[0.002s][info][metaspace]  - commit_granule_bytes: 65536.
[0.002s][info][metaspace]  - commit_granule_words: 8192.
[0.002s][info][metaspace]  - virtual_space_node_default_size: 8388608.
[0.002s][info][metaspace]  - enlarge_chunks_in_place: 1.
[0.005s][info][gc,init  ] CardTable entry size: 512
[0.005s][info][gc       ] Using Parallel
[0.006s][info][gc,init  ] Version: 24-internal-adhoc.root.jdk (release)
[0.006s][info][gc,init  ] CPUs: 2 total, 2 available
[0.006s][info][gc,init  ] Memory: 3908M
[0.006s][info][gc,init  ] Large Page Support: Disabled
[0.006s][info][gc,init  ] NUMA Support: Disabled
[0.006s][info][gc,init  ] Compressed Oops: Enabled (32-bit)
[0.006s][info][gc,init  ] Alignments: Space 512K, Generation 512K, Heap 2M
[0.006s][info][gc,init  ] Heap Min Capacity: 256M
[0.006s][info][gc,init  ] Heap Initial Capacity: 256M
[0.006s][info][gc,init  ] Heap Max Capacity: 978M
[0.006s][info][gc,init  ] Pre-touch: Disabled
[0.006s][info][gc,init  ] Parallel Workers: 2
[0.025s][info][gc,metaspace] CDS archive(s) mapped at: [0x00007f85f6000000-0x00007f85f6dc0000-0x00007f85f6dc0000), size 14417920, SharedBaseAddress: 0x00007f85f6000000, ArchiveRelocationMode: 1.
[0.025s][info][gc,metaspace] Compressed class space mapped at: 0x00007f85f7000000-0x00007f8637000000, reserved size: 1073741824
[0.025s][info][gc,metaspace] UseCompressedClassPointers 1, UseCompactObjectHeaders 0
[0.025s][info][gc,metaspace] Narrow klass pointer bits 32, Max shift 3
[0.025s][info][gc,metaspace] Narrow klass base: 0x00007f85f6000000, Narrow klass shift: 0
[0.025s][info][gc,metaspace] Encoding Range: [0x00007f85f6000000 - 0x00007f86f6000000), (4294967296 bytes)
[0.025s][info][gc,metaspace] Klass Range:    [0x00007f85f6000000 - 0x00007f8637000000), (1090519040 bytes)
[0.025s][info][gc,metaspace] Klass ID Range:  [8 - 1090519033) (1090519025)
[0.954s][info][gc,start    ] GC(0) Pause Young (Allocation Failure)
[0.957s][info][gc,heap     ] GC(0) PSYoungGen: 65536K(76288K)->1920K(76288K) Eden: 65536K(65536K)->0K(65536K) From: 0K(10752K)->1920K(10752K)
[0.957s][info][gc,heap     ] GC(0) ParOldGen: 1157K(175104K)->1165K(175104K)
[0.957s][info][gc,metaspace] GC(0) Metaspace: 2605K(2752K)->2605K(2752K) NonClass: 2408K(2496K)->2408K(2496K) Class: 197K(256K)->197K(256K)
[0.957s][info][gc          ] GC(0) Pause Young (Allocation Failure) 65M->3M(245M) 3.495ms
[0.957s][info][gc,cpu      ] GC(0) User=0.00s Sys=0.00s Real=0.00s
[1.241s][info][gc,start    ] GC(1) Pause Young (Allocation Failure)
[1.246s][info][gc,heap     ] GC(1) PSYoungGen: 67456K(76288K)->2130K(76288K) Eden: 65536K(65536K)->0K(65536K) From: 1920K(10752K)->2130K(10752K)
[1.246s][info][gc,heap     ] GC(1) ParOldGen: 1165K(175104K)->1165K(175104K)
[1.246s][info][gc,metaspace] GC(1) Metaspace: 2617K(2752K)->2617K(2752K) NonClass: 2420K(2496K)->2420K(2496K) Class: 197K(256K)->197K(256K)
[1.246s][info][gc          ] GC(1) Pause Young (Allocation Failure) 67M->3M(245M) 4.447ms
[1.246s][info][gc,cpu      ] GC(1) User=0.01s Sys=0.00s Real=0.00s
[2.013s][info][gc,start    ] GC(2) Pause Young (Allocation Failure)
[2.021s][info][gc,heap     ] GC(2) PSYoungGen: 67666K(76288K)->5693K(76288K) Eden: 65536K(65536K)->0K(65536K) From: 2130K(10752K)->5693K(10752K)
[2.021s][info][gc,heap     ] GC(2) ParOldGen: 1165K(175104K)->1173K(175104K)
[2.021s][info][gc,metaspace] GC(2) Metaspace: 9360K(9536K)->9360K(9536K) NonClass: 7462K(7552K)->7462K(7552K) Class: 1898K(1984K)->1898K(1984K)
[2.021s][info][gc          ] GC(2) Pause Young (Allocation Failure) 67M->6M(245M) 8.857ms
[2.021s][info][gc,cpu      ] GC(2) User=0.02s Sys=0.01s Real=0.01s
[2.135s][info][gc,start    ] GC(3) Pause Young (Allocation Failure)
[2.145s][info][gc,heap     ] GC(3) PSYoungGen: 71229K(76288K)->7454K(76288K) Eden: 65536K(65536K)->0K(65536K) From: 5693K(10752K)->7454K(10752K)
[2.145s][info][gc,heap     ] GC(3) ParOldGen: 1173K(175104K)->1181K(175104K)
[2.145s][info][gc,metaspace] GC(3) Metaspace: 9423K(9600K)->9423K(9600K) NonClass: 7523K(7616K)->7523K(7616K) Class: 1899K(1984K)->1899K(1984K)
[2.145s][info][gc          ] GC(3) Pause Young (Allocation Failure) 70M->8M(245M) 10.374ms
[2.145s][info][gc,cpu      ] GC(3) User=0.02s Sys=0.00s Real=0.01s
[2.254s][info][gc,start    ] GC(4) Pause Young (Allocation Failure)
[2.266s][info][gc,heap     ] GC(4) PSYoungGen: 72990K(76288K)->8973K(76288K) Eden: 65536K(65536K)->0K(65536K) From: 7454K(10752K)->8973K(10752K)
[2.267s][info][gc,heap     ] GC(4) ParOldGen: 1181K(175104K)->1181K(175104K)
[2.267s][info][gc,metaspace] GC(4) Metaspace: 9452K(9664K)->9452K(9664K) NonClass: 7552K(7680K)->7552K(7680K) Class: 1899K(1984K)->1899K(1984K)
[2.267s][info][gc          ] GC(4) Pause Young (Allocation Failure) 72M->9M(245M) 12.219ms
[2.267s][info][gc,cpu      ] GC(4) User=0.03s Sys=0.00s Real=0.01s
[2.351s][info][gc,start    ] GC(5) Pause Young (Allocation Failure)
[2.365s][info][gc,heap     ] GC(5) PSYoungGen: 74509K(76288K)->10333K(140288K) Eden: 65536K(65536K)->0K(129024K) From: 8973K(10752K)->10333K(11264K)
[2.365s][info][gc,heap     ] GC(5) ParOldGen: 1181K(175104K)->1189K(175104K)
[2.365s][info][gc,metaspace] GC(5) Metaspace: 9486K(9664K)->9486K(9664K) NonClass: 7586K(7680K)->7586K(7680K) Class: 1899K(1984K)->1899K(1984K)
[2.365s][info][gc          ] GC(5) Pause Young (Allocation Failure) 73M->11M(308M) 14.107ms
[2.365s][info][gc,cpu      ] GC(5) User=0.02s Sys=0.01s Real=0.01s
[2.583s][info][gc,start    ] GC(6) Pause Young (Allocation Failure)
[2.602s][info][gc,heap     ] GC(6) PSYoungGen: 139357K(140288K)->11260K(142336K) Eden: 129024K(129024K)->0K(129024K) From: 10333K(11264K)->11260K(13312K)
[2.602s][info][gc,heap     ] GC(6) ParOldGen: 1189K(175104K)->3259K(175104K)
[2.602s][info][gc,metaspace] GC(6) Metaspace: 9493K(9664K)->9493K(9664K) NonClass: 7593K(7680K)->7593K(7680K) Class: 1899K(1984K)->1899K(1984K)
[2.602s][info][gc          ] GC(6) Pause Young (Allocation Failure) 137M->14M(310M) 18.585ms
[2.602s][info][gc,cpu      ] GC(6) User=0.03s Sys=0.01s Real=0.02s
[2.871s][info][gc,start    ] GC(7) Pause Young (Allocation Failure)
[2.892s][info][gc,heap     ] GC(7) PSYoungGen: 140284K(142336K)->7392K(271872K) Eden: 129024K(129024K)->0K(258048K) From: 11260K(13312K)->7392K(13824K)
[2.892s][info][gc,heap     ] GC(7) ParOldGen: 3259K(175104K)->8351K(175104K)
[2.892s][info][gc,metaspace] GC(7) Metaspace: 9873K(10048K)->9873K(10048K) NonClass: 7919K(8000K)->7919K(8000K) Class: 1953K(2048K)->1953K(2048K)
[2.892s][info][gc          ] GC(7) Pause Young (Allocation Failure) 140M->15M(436M) 20.697ms
[2.892s][info][gc,cpu      ] GC(7) User=0.04s Sys=0.01s Real=0.02s
[3.937s][info][metaspace   ] ChkMgr @0x00007f865403aa80 (non-class-space): failed to commit 157 words on chunk @0x00007f8654617fd0, f, base 0x00007f85ed050000, level lv10.
[3.937s][info][metaspace   ] Arena @0x00007f8654242180 (non-class arena): failed to allocate new chunk for requested word size 157.
[3.937s][info][metaspace   ] Arena @0x00007f8654242180 (non-class arena): allocation failed, returned null.
[3.937s][info][metaspace   ] ChkMgr @0x00007f865403aa80 (non-class-space): failed to commit 157 words on chunk @0x00007f8654617fd0, f, base 0x00007f85ed050000, level lv10.
[3.937s][info][metaspace   ] Arena @0x00007f8654242180 (non-class arena): failed to allocate new chunk for requested word size 157.
[3.937s][info][metaspace   ] Arena @0x00007f8654242180 (non-class arena): allocation failed, returned null.
[3.937s][info][metaspace   ] ChkMgr @0x00007f865403aa80 (non-class-space): failed to commit 157 words on chunk @0x00007f8654617fd0, f, base 0x00007f85ed050000, level lv10.
[3.937s][info][metaspace   ] Arena @0x00007f8654242180 (non-class arena): failed to allocate new chunk for requested word size 157.
[3.937s][info][metaspace   ] Arena @0x00007f8654242180 (non-class arena): allocation failed, returned null.
[3.937s][info][gc,start    ] GC(8) Pause Full (Metadata GC Threshold)
[3.937s][info][gc,phases,start] GC(8) Marking Phase
[3.970s][info][gc,phases      ] GC(8) Marking Phase 33.287ms
[3.970s][info][gc,phases,start] GC(8) Summary Phase
[3.970s][info][gc,phases      ] GC(8) Summary Phase 0.013ms
[3.970s][info][gc,phases,start] GC(8) Forward
[3.978s][info][gc,phases      ] GC(8) Forward 7.742ms
[3.978s][info][gc,phases,start] GC(8) Adjust Pointers
[4.000s][info][gc,phases      ] GC(8) Adjust Pointers 22.219ms
[4.000s][info][gc,phases,start] GC(8) Compaction Phase
[4.017s][info][gc,phases      ] GC(8) Compaction Phase 16.306ms
[4.017s][info][gc,phases,start] GC(8) Post Compact
[4.017s][info][metaspace      ] ChkMgr @0x00007f865403aa80 (non-class-space): : reclaiming memory...
[4.017s][info][metaspace      ] ChkMgr @0x00007f865403aa80 (non-class-space): nothing reclaimed.
[4.017s][info][metaspace      ] ChkMgr @0x00007f865403a890 (class-space): : reclaiming memory...
[4.017s][info][metaspace      ] ChkMgr @0x00007f865403a890 (class-space): nothing reclaimed.
[4.018s][info][gc,phases      ] GC(8) Post Compact 0.825ms
[4.018s][info][gc,heap        ] GC(8) PSYoungGen: 65179K(271872K)->0K(271872K) Eden: 57787K(258048K)->0K(258048K) From: 7392K(13824K)->0K(13824K)
[4.018s][info][gc,heap        ] GC(8) ParOldGen: 8351K(175104K)->20681K(175104K)
[4.018s][info][gc,metaspace   ] GC(8) Metaspace: 21270K(21504K)->21224K(21504K) NonClass: 16523K(16640K)->16479K(16640K) Class: 4747K(4864K)->4745K(4864K)
[4.018s][info][gc             ] GC(8) Pause Full (Metadata GC Threshold) 71M->20M(436M) 80.838ms
[4.018s][info][gc,cpu         ] GC(8) User=0.14s Sys=0.01s Real=0.08s
[5.534s][info][gc,start       ] GC(9) Pause Young (Allocation Failure)
[5.542s][info][gc,heap        ] GC(9) PSYoungGen: 258048K(271872K)->2851K(272384K) Eden: 258048K(258048K)->0K(258048K) From: 0K(13824K)->2851K(14336K)
[5.542s][info][gc,heap        ] GC(9) ParOldGen: 20681K(175104K)->20689K(175104K)
[5.542s][info][gc,metaspace   ] GC(9) Metaspace: 26585K(27008K)->26585K(27008K) NonClass: 21207K(21504K)->21207K(21504K) Class: 5378K(5504K)->5378K(5504K)
[5.542s][info][gc             ] GC(9) Pause Young (Allocation Failure) 272M->22M(437M) 7.175ms
[5.542s][info][gc,cpu         ] GC(9) User=0.01s Sys=0.00s Real=0.01s
[6.636s][info][gc,start       ] GC(10) Pause Young (Allocation Failure)
[6.647s][info][gc,heap        ] GC(10) PSYoungGen: 260899K(272384K)->5344K(317440K) Eden: 258048K(258048K)->0K(305152K) From: 2851K(14336K)->5344K(12288K)
[6.647s][info][gc,heap        ] GC(10) ParOldGen: 20689K(175104K)->20689K(175104K)
[6.647s][info][gc,metaspace   ] GC(10) Metaspace: 32638K(33216K)->32638K(33216K) NonClass: 26437K(26816K)->26437K(26816K) Class: 6201K(6400K)->6201K(6400K)
[6.647s][info][gc             ] GC(10) Pause Young (Allocation Failure) 274M->25M(481M) 10.727ms
[6.647s][info][gc,cpu         ] GC(10) User=0.01s Sys=0.00s Real=0.01s
[7.881s][info][gc,start       ] GC(11) Pause Young (Allocation Failure)
[7.890s][info][gc,heap        ] GC(11) PSYoungGen: 310496K(317440K)->64K(318464K) Eden: 305152K(305152K)->0K(305152K) From: 5344K(12288K)->64K(13312K)
[7.890s][info][gc,heap        ] GC(11) ParOldGen: 20689K(175104K)->25893K(175104K)
[7.890s][info][gc,metaspace   ] GC(11) Metaspace: 32643K(33216K)->32643K(33216K) NonClass: 26441K(26816K)->26441K(26816K) Class: 6201K(6400K)->6201K(6400K)
[7.890s][info][gc             ] GC(11) Pause Young (Allocation Failure) 323M->25M(482M) 9.214ms
[7.890s][info][gc,cpu         ] GC(11) User=0.01s Sys=0.00s Real=0.01s
[8.169s][info][gc,start       ] GC(12) Pause Young (Allocation Failure)
[8.170s][info][gc,heap        ] GC(12) PSYoungGen: 305216K(318464K)->32K(320000K) Eden: 305152K(305152K)->0K(306176K) From: 64K(13312K)->32K(13824K)
[8.170s][info][gc,heap        ] GC(12) ParOldGen: 25893K(175104K)->25909K(175104K)
[8.170s][info][gc,metaspace   ] GC(12) Metaspace: 32643K(33216K)->32643K(33216K) NonClass: 26441K(26816K)->26441K(26816K) Class: 6201K(6400K)->6201K(6400K)
[8.170s][info][gc             ] GC(12) Pause Young (Allocation Failure) 323M->25M(483M) 1.372ms
[8.170s][info][gc,cpu         ] GC(12) User=0.00s Sys=0.00s Real=0.00s
[8.452s][info][gc,start       ] GC(13) Pause Young (Allocation Failure)
[8.454s][info][gc,heap        ] GC(13) PSYoungGen: 306208K(320000K)->32K(320000K) Eden: 306176K(306176K)->0K(306176K) From: 32K(13824K)->32K(13824K)
[8.454s][info][gc,heap        ] GC(13) ParOldGen: 25909K(175104K)->25909K(175104K)
[8.454s][info][gc,metaspace   ] GC(13) Metaspace: 32643K(33216K)->32643K(33216K) NonClass: 26441K(26816K)->26441K(26816K) Class: 6201K(6400K)->6201K(6400K)
[8.454s][info][gc             ] GC(13) Pause Young (Allocation Failure) 324M->25M(483M) 1.338ms
[8.454s][info][gc,cpu         ] GC(13) User=0.00s Sys=0.00s Real=0.00s
[9.494s][info][gc,start       ] GC(14) Pause Young (Allocation Failure)
[9.495s][info][gc,heap        ] GC(14) PSYoungGen: 306208K(320000K)->64K(320000K) Eden: 306176K(306176K)->0K(306176K) From: 32K(13824K)->64K(13824K)
[9.495s][info][gc,heap        ] GC(14) ParOldGen: 25909K(175104K)->25909K(175104K)
[9.495s][info][gc,metaspace   ] GC(14) Metaspace: 32777K(33344K)->32777K(33344K) NonClass: 26575K(26944K)->26575K(26944K) Class: 6201K(6400K)->6201K(6400K)
[9.495s][info][gc             ] GC(14) Pause Young (Allocation Failure) 324M->25M(483M) 0.913ms
[9.495s][info][gc,cpu         ] GC(14) User=0.01s Sys=0.00s Real=0.00s
[9.578s][info][gc,start       ] GC(15) Pause Young (Allocation Failure)
[9.579s][info][gc,heap        ] GC(15) PSYoungGen: 306240K(320000K)->32K(320000K) Eden: 306176K(306176K)->0K(306176K) From: 64K(13824K)->32K(13824K)
[9.579s][info][gc,heap        ] GC(15) ParOldGen: 25909K(175104K)->25925K(175104K)
[9.579s][info][gc,metaspace   ] GC(15) Metaspace: 32777K(33344K)->32777K(33344K) NonClass: 26575K(26944K)->26575K(26944K) Class: 6201K(6400K)->6201K(6400K)
[9.579s][info][gc             ] GC(15) Pause Young (Allocation Failure) 324M->25M(483M) 0.959ms
[9.579s][info][gc,cpu         ] GC(15) User=0.00s Sys=0.00s Real=0.00s
[9.742s][info][gc,start       ] GC(16) Pause Young (Allocation Failure)
[9.743s][info][gc,heap        ] GC(16) PSYoungGen: 306208K(320000K)->64K(318976K) Eden: 306176K(306176K)->0K(306176K) From: 32K(13824K)->64K(12800K)
[9.743s][info][gc,heap        ] GC(16) ParOldGen: 25925K(175104K)->25925K(175104K)
[9.743s][info][gc,metaspace   ] GC(16) Metaspace: 32784K(33344K)->32784K(33344K) NonClass: 26583K(26944K)->26583K(26944K) Class: 6201K(6400K)->6201K(6400K)
[9.743s][info][gc             ] GC(16) Pause Young (Allocation Failure) 324M->25M(482M) 0.965ms
[9.743s][info][gc,cpu         ] GC(16) User=0.00s Sys=0.00s Real=0.00s
[10.004s][info][gc,start       ] GC(17) Pause Young (Allocation Failure)
[10.005s][info][gc,heap        ] GC(17) PSYoungGen: 306240K(318976K)->32K(294400K) Eden: 306176K(306176K)->0K(293888K) From: 64K(12800K)->32K(512K)
[10.005s][info][gc,heap        ] GC(17) ParOldGen: 25925K(175104K)->25941K(175104K)
[10.005s][info][gc,metaspace   ] GC(17) Metaspace: 32784K(33344K)->32784K(33344K) NonClass: 26583K(26944K)->26583K(26944K) Class: 6201K(6400K)->6201K(6400K)
[10.005s][info][gc             ] GC(17) Pause Young (Allocation Failure) 324M->25M(458M) 1.316ms
[10.005s][info][gc,cpu         ] GC(17) User=0.00s Sys=0.00s Real=0.00s
[10.348s][info][gc,start       ] GC(18) Pause Young (Allocation Failure)
[10.349s][info][gc,heap        ] GC(18) PSYoungGen: 293920K(294400K)->64K(282624K) Eden: 293888K(293888K)->0K(282112K) From: 32K(512K)->64K(512K)
[10.349s][info][gc,heap        ] GC(18) ParOldGen: 25941K(175104K)->25949K(175104K)
[10.349s][info][gc,metaspace   ] GC(18) Metaspace: 32841K(33408K)->32841K(33408K) NonClass: 26640K(27008K)->26640K(27008K) Class: 6201K(6400K)->6201K(6400K)
[10.349s][info][gc             ] GC(18) Pause Young (Allocation Failure) 312M->25M(447M) 1.284ms
[10.349s][info][gc,cpu         ] GC(18) User=0.00s Sys=0.00s Real=0.00s
[10.548s][info][gc,start       ] GC(19) Pause Young (Allocation Failure)
[10.549s][info][gc,heap        ] GC(19) PSYoungGen: 282176K(282624K)->32K(283136K) Eden: 282112K(282112K)->0K(270848K) From: 64K(512K)->32K(12288K)
[10.549s][info][gc,heap        ] GC(19) ParOldGen: 25949K(175104K)->25965K(175104K)
[10.549s][info][gc,metaspace   ] GC(19) Metaspace: 32841K(33408K)->32841K(33408K) NonClass: 26640K(27008K)->26640K(27008K) Class: 6201K(6400K)->6201K(6400K)
[10.549s][info][gc             ] GC(19) Pause Young (Allocation Failure) 300M->25M(447M) 1.033ms
[10.549s][info][gc,cpu         ] GC(19) User=0.00s Sys=0.00s Real=0.00s
[10.766s][info][gc,start       ] GC(20) Pause Young (Allocation Failure)
[10.768s][info][gc,heap        ] GC(20) PSYoungGen: 270880K(283136K)->32K(260608K) Eden: 270848K(270848K)->0K(260096K) From: 32K(12288K)->32K(512K)
[10.768s][info][gc,heap        ] GC(20) ParOldGen: 25965K(175104K)->25965K(175104K)
[10.768s][info][gc,metaspace   ] GC(20) Metaspace: 32842K(33408K)->32842K(33408K) NonClass: 26640K(27008K)->26640K(27008K) Class: 6201K(6400K)->6201K(6400K)
[10.768s][info][gc             ] GC(20) Pause Young (Allocation Failure) 289M->25M(425M) 1.774ms
[10.768s][info][gc,cpu         ] GC(20) User=0.00s Sys=0.00s Real=0.00s
[11.138s][info][gc,start       ] GC(21) Pause Young (Allocation Failure)
[11.139s][info][gc,heap        ] GC(21) PSYoungGen: 260128K(260608K)->64K(261120K) Eden: 260096K(260096K)->0K(249856K) From: 32K(512K)->64K(11264K)
[11.139s][info][gc,heap        ] GC(21) ParOldGen: 25965K(175104K)->25973K(175104K)
[11.139s][info][gc,metaspace   ] GC(21) Metaspace: 32849K(33408K)->32849K(33408K) NonClass: 26647K(27008K)->26647K(27008K) Class: 6201K(6400K)->6201K(6400K)
[11.139s][info][gc             ] GC(21) Pause Young (Allocation Failure) 279M->25M(426M) 0.802ms
[11.139s][info][gc,cpu         ] GC(21) User=0.01s Sys=0.00s Real=0.00s
[12.547s][info][gc,start       ] GC(22) Pause Young (Allocation Failure)
[12.548s][info][gc,heap        ] GC(22) PSYoungGen: 249920K(261120K)->64K(240640K) Eden: 249856K(249856K)->0K(240128K) From: 64K(11264K)->64K(512K)
[12.548s][info][gc,heap        ] GC(22) ParOldGen: 25973K(175104K)->25989K(175104K)
[12.548s][info][gc,metaspace   ] GC(22) Metaspace: 32881K(33408K)->32881K(33408K) NonClass: 26680K(27008K)->26680K(27008K) Class: 6201K(6400K)->6201K(6400K)
[12.548s][info][gc             ] GC(22) Pause Young (Allocation Failure) 269M->25M(406M) 1.353ms
[12.548s][info][gc,cpu         ] GC(22) User=0.00s Sys=0.01s Real=0.00s
[13.297s][info][gc,start       ] GC(23) Pause Young (Allocation Failure)
[13.298s][info][gc,heap        ] GC(23) PSYoungGen: 240192K(240640K)->64K(241152K) Eden: 240128K(240128K)->0K(230912K) From: 64K(512K)->64K(10240K)
[13.298s][info][gc,heap        ] GC(23) ParOldGen: 25989K(175104K)->25997K(175104K)
[13.298s][info][gc,metaspace   ] GC(23) Metaspace: 32898K(33472K)->32898K(33472K) NonClass: 26696K(27072K)->26696K(27072K) Class: 6201K(6400K)->6201K(6400K)
[13.298s][info][gc             ] GC(23) Pause Young (Allocation Failure) 259M->25M(406M) 0.765ms
[13.298s][info][gc,cpu         ] GC(23) User=0.00s Sys=0.00s Real=0.00s
[14.137s][info][gc,start       ] GC(24) Pause Young (Allocation Failure)
[14.138s][info][gc,heap        ] GC(24) PSYoungGen: 230976K(241152K)->64K(222720K) Eden: 230912K(230912K)->0K(222208K) From: 64K(10240K)->64K(512K)
[14.138s][info][gc,heap        ] GC(24) ParOldGen: 25997K(175104K)->26005K(175104K)
[14.138s][info][gc,metaspace   ] GC(24) Metaspace: 32908K(33472K)->32908K(33472K) NonClass: 26706K(27072K)->26706K(27072K) Class: 6201K(6400K)->6201K(6400K)
[14.138s][info][gc             ] GC(24) Pause Young (Allocation Failure) 250M->25M(388M) 1.277ms
[14.138s][info][gc,cpu         ] GC(24) User=0.00s Sys=0.00s Real=0.00s
[14.622s][info][gc,start       ] GC(25) Pause Young (Allocation Failure)
[14.623s][info][gc,heap        ] GC(25) PSYoungGen: 222272K(222720K)->64K(223232K) Eden: 222208K(222208K)->0K(214016K) From: 64K(512K)->64K(9216K)
[14.623s][info][gc,heap        ] GC(25) ParOldGen: 26005K(175104K)->26021K(175104K)
[14.623s][info][gc,metaspace   ] GC(25) Metaspace: 32912K(33472K)->32912K(33472K) NonClass: 26711K(27072K)->26711K(27072K) Class: 6201K(6400K)->6201K(6400K)
[14.623s][info][gc             ] GC(25) Pause Young (Allocation Failure) 242M->25M(389M) 1.062ms
[14.623s][info][gc,cpu         ] GC(25) User=0.00s Sys=0.00s Real=0.00s
[15.417s][info][gc,start       ] GC(26) Pause Young (Allocation Failure)
[15.418s][info][gc,heap        ] GC(26) PSYoungGen: 214080K(223232K)->64K(206336K) Eden: 214016K(214016K)->0K(205824K) From: 64K(9216K)->64K(512K)
[15.418s][info][gc,heap        ] GC(26) ParOldGen: 26021K(175104K)->26037K(175104K)
[15.418s][info][gc,metaspace   ] GC(26) Metaspace: 32937K(33472K)->32937K(33472K) NonClass: 26735K(27072K)->26735K(27072K) Class: 6201K(6400K)->6201K(6400K)
[15.418s][info][gc             ] GC(26) Pause Young (Allocation Failure) 234M->25M(372M) 1.811ms
[15.418s][info][gc,cpu         ] GC(26) User=0.00s Sys=0.00s Real=0.00s
[17.298s][info][gc,start       ] GC(27) Pause Young (Allocation Failure)
[17.299s][info][gc,heap        ] GC(27) PSYoungGen: 205888K(206336K)->64K(206336K) Eden: 205824K(205824K)->0K(198144K) From: 64K(512K)->64K(8192K)
[17.299s][info][gc,heap        ] GC(27) ParOldGen: 26037K(175104K)->26053K(175104K)
[17.299s][info][gc,metaspace   ] GC(27) Metaspace: 32988K(33600K)->32988K(33600K) NonClass: 26787K(27200K)->26787K(27200K) Class: 6201K(6400K)->6201K(6400K)
[17.299s][info][gc             ] GC(27) Pause Young (Allocation Failure) 226M->25M(372M) 1.196ms
[17.299s][info][gc,cpu         ] GC(27) User=0.00s Sys=0.00s Real=0.00s
[18.328s][info][gc,start       ] GC(28) Pause Young (Allocation Failure)
[18.330s][info][gc,heap        ] GC(28) PSYoungGen: 198208K(206336K)->64K(191488K) Eden: 198144K(198144K)->0K(190976K) From: 64K(8192K)->64K(512K)
[18.330s][info][gc,heap        ] GC(28) ParOldGen: 26053K(175104K)->26069K(175104K)
[18.330s][info][gc,metaspace   ] GC(28) Metaspace: 33146K(33728K)->33146K(33728K) NonClass: 26945K(27328K)->26945K(27328K) Class: 6201K(6400K)->6201K(6400K)
[18.330s][info][gc             ] GC(28) Pause Young (Allocation Failure) 219M->25M(358M) 1.597ms
[18.330s][info][gc,cpu         ] GC(28) User=0.01s Sys=0.00s Real=0.00s
[18.670s][info][gc,start       ] GC(29) Pause Young (Allocation Failure)
[18.671s][info][gc,heap        ] GC(29) PSYoungGen: 191040K(191488K)->64K(191488K) Eden: 190976K(190976K)->0K(184320K) From: 64K(512K)->64K(7168K)
[18.671s][info][gc,heap        ] GC(29) ParOldGen: 26069K(175104K)->26085K(175104K)
[18.671s][info][gc,metaspace   ] GC(29) Metaspace: 33169K(33792K)->33169K(33792K) NonClass: 26967K(27392K)->26967K(27392K) Class: 6201K(6400K)->6201K(6400K)
[18.671s][info][gc             ] GC(29) Pause Young (Allocation Failure) 212M->25M(358M) 0.889ms
[18.671s][info][gc,cpu         ] GC(29) User=0.01s Sys=0.00s Real=0.01s
[18.779s][info][gc,start       ] GC(30) Pause Young (Allocation Failure)
[18.780s][info][gc,heap        ] GC(30) PSYoungGen: 184384K(191488K)->32K(178176K) Eden: 184320K(184320K)->0K(177664K) From: 64K(7168K)->32K(512K)
[18.780s][info][gc,heap        ] GC(30) ParOldGen: 26085K(175104K)->26101K(175104K)
[18.780s][info][gc,metaspace   ] GC(30) Metaspace: 33169K(33792K)->33169K(33792K) NonClass: 26967K(27392K)->26967K(27392K) Class: 6201K(6400K)->6201K(6400K)
[18.780s][info][gc             ] GC(30) Pause Young (Allocation Failure) 205M->25M(345M) 1.362ms
[18.780s][info][gc,cpu         ] GC(30) User=0.00s Sys=0.01s Real=0.00s
[19.142s][info][gc,start       ] GC(31) Pause Young (Allocation Failure)
[19.143s][info][gc,heap        ] GC(31) PSYoungGen: 177696K(178176K)->64K(178176K) Eden: 177664K(177664K)->0K(171520K) From: 32K(512K)->64K(6656K)
[19.143s][info][gc,heap        ] GC(31) ParOldGen: 26101K(175104K)->26109K(175104K)
[19.143s][info][gc,metaspace   ] GC(31) Metaspace: 33216K(33792K)->33216K(33792K) NonClass: 27015K(27392K)->27015K(27392K) Class: 6201K(6400K)->6201K(6400K)
[19.143s][info][gc             ] GC(31) Pause Young (Allocation Failure) 199M->25M(345M) 1.005ms
[19.143s][info][gc,cpu         ] GC(31) User=0.01s Sys=0.00s Real=0.00s
[19.659s][info][gc,start       ] GC(32) Pause Young (Allocation Failure)
[19.660s][info][gc,heap        ] GC(32) PSYoungGen: 171584K(178176K)->32K(165888K) Eden: 171520K(171520K)->0K(165376K) From: 64K(6656K)->32K(512K)
[19.660s][info][gc,heap        ] GC(32) ParOldGen: 26109K(175104K)->26125K(175104K)
[19.660s][info][gc,metaspace   ] GC(32) Metaspace: 33216K(33792K)->33216K(33792K) NonClass: 27015K(27392K)->27015K(27392K) Class: 6201K(6400K)->6201K(6400K)
[19.660s][info][gc             ] GC(32) Pause Young (Allocation Failure) 193M->25M(333M) 1.537ms
[19.660s][info][gc,cpu         ] GC(32) User=0.00s Sys=0.00s Real=0.00s
[19.969s][info][gc,start       ] GC(33) Pause Young (Allocation Failure)
[19.970s][info][gc,heap        ] GC(33) PSYoungGen: 165408K(165888K)->96K(165376K) Eden: 165376K(165376K)->0K(159744K) From: 32K(512K)->96K(5632K)
[19.970s][info][gc,heap        ] GC(33) ParOldGen: 26125K(175104K)->26133K(175104K)
[19.970s][info][gc,metaspace   ] GC(33) Metaspace: 33371K(33984K)->33371K(33984K) NonClass: 27163K(27584K)->27163K(27584K) Class: 6208K(6400K)->6208K(6400K)
[19.970s][info][gc             ] GC(33) Pause Young (Allocation Failure) 187M->25M(332M) 1.119ms
[19.970s][info][gc,cpu         ] GC(33) User=0.00s Sys=0.00s Real=0.00s
[20.438s][info][gc,start       ] GC(34) Pause Young (Allocation Failure)
[20.440s][info][gc,heap        ] GC(34) PSYoungGen: 159840K(165376K)->64K(154624K) Eden: 159744K(159744K)->0K(154112K) From: 96K(5632K)->64K(512K)
[20.440s][info][gc,heap        ] GC(34) ParOldGen: 26133K(175104K)->26170K(175104K)
[20.440s][info][gc,metaspace   ] GC(34) Metaspace: 33399K(33984K)->33399K(33984K) NonClass: 27191K(27584K)->27191K(27584K) Class: 6208K(6400K)->6208K(6400K)
[20.440s][info][gc             ] GC(34) Pause Young (Allocation Failure) 181M->25M(322M) 1.675ms
[20.440s][info][gc,cpu         ] GC(34) User=0.00s Sys=0.00s Real=0.00s
[21.226s][info][gc,start       ] GC(35) Pause Young (Allocation Failure)
[21.256s][info][gc,heap        ] GC(35) PSYoungGen: 154176K(154624K)->5105K(198144K) Eden: 154112K(154112K)->0K(193024K) From: 64K(512K)->5105K(5120K)
[21.256s][info][gc,heap        ] GC(35) ParOldGen: 26170K(175104K)->36530K(175104K)
[21.256s][info][gc,metaspace   ] GC(35) Metaspace: 34007K(34624K)->34007K(34624K) NonClass: 27750K(28160K)->27750K(28160K) Class: 6256K(6464K)->6256K(6464K)
[21.256s][info][gc             ] GC(35) Pause Young (Allocation Failure) 176M->40M(364M) 30.548ms
[21.256s][info][gc,cpu         ] GC(35) User=0.05s Sys=0.01s Real=0.03s
[21.748s][info][gc,start       ] GC(36) Pause Young (Allocation Failure)
[21.796s][info][gc,heap        ] GC(36) PSYoungGen: 198129K(198144K)->5120K(229376K) Eden: 193024K(193024K)->0K(224256K) From: 5105K(5120K)->5120K(5120K)
[21.796s][info][gc,heap        ] GC(36) ParOldGen: 36530K(175104K)->52434K(175104K)
[21.796s][info][gc,metaspace   ] GC(36) Metaspace: 34043K(34688K)->34043K(34688K) NonClass: 27786K(28224K)->27786K(28224K) Class: 6257K(6464K)->6257K(6464K)
[21.796s][info][gc             ] GC(36) Pause Young (Allocation Failure) 229M->56M(395M) 48.298ms
[21.796s][info][gc,cpu         ] GC(36) User=0.08s Sys=0.01s Real=0.05s
[22.266s][info][gc,start       ] GC(37) Pause Young (Allocation Failure)
[22.310s][info][gc,heap        ] GC(37) PSYoungGen: 229376K(229376K)->16384K(240640K) Eden: 224256K(224256K)->0K(224256K) From: 5120K(5120K)->16384K(16384K)
[22.310s][info][gc,heap        ] GC(37) ParOldGen: 52434K(175104K)->60338K(175104K)
[22.310s][info][gc,metaspace   ] GC(37) Metaspace: 34043K(34688K)->34043K(34688K) NonClass: 27786K(28224K)->27786K(28224K) Class: 6257K(6464K)->6257K(6464K)
[22.310s][info][gc             ] GC(37) Pause Young (Allocation Failure) 275M->74M(406M) 44.721ms
[22.310s][info][gc,cpu         ] GC(37) User=0.09s Sys=0.00s Real=0.04s
[22.577s][info][gc,start       ] GC(38) Pause Young (Allocation Failure)
[22.599s][info][gc,heap        ] GC(38) PSYoungGen: 240640K(240640K)->9792K(303104K) Eden: 224256K(224256K)->0K(280576K) From: 16384K(16384K)->9792K(22528K)
[22.599s][info][gc,heap        ] GC(38) ParOldGen: 60338K(175104K)->60626K(175104K)
[22.599s][info][gc,metaspace   ] GC(38) Metaspace: 34048K(34688K)->34048K(34688K) NonClass: 27790K(28224K)->27790K(28224K) Class: 6257K(6464K)->6257K(6464K)
[22.599s][info][gc             ] GC(38) Pause Young (Allocation Failure) 293M->68M(467M) 22.058ms
[22.599s][info][gc,cpu         ] GC(38) User=0.03s Sys=0.02s Real=0.02s
[23.103s][info][gc,start       ] GC(39) Pause Young (Allocation Failure)
[23.104s][info][gc,heap        ] GC(39) PSYoungGen: 290368K(303104K)->64K(303104K) Eden: 280576K(280576K)->0K(280576K) From: 9792K(22528K)->64K(22528K)
[23.104s][info][gc,heap        ] GC(39) ParOldGen: 60626K(175104K)->60634K(175104K)
[23.104s][info][gc,metaspace   ] GC(39) Metaspace: 34056K(34688K)->34056K(34688K) NonClass: 27796K(28224K)->27796K(28224K) Class: 6259K(6464K)->6259K(6464K)
[23.104s][info][gc             ] GC(39) Pause Young (Allocation Failure) 342M->59M(467M) 0.923ms
[23.104s][info][gc,cpu         ] GC(39) User=0.00s Sys=0.00s Real=0.00s
[23.983s][info][gc,start       ] GC(40) Pause Young (Allocation Failure)
[23.984s][info][gc,heap        ] GC(40) PSYoungGen: 280640K(303104K)->64K(310784K) Eden: 280576K(280576K)->0K(289280K) From: 64K(22528K)->64K(21504K)
[23.984s][info][gc,heap        ] GC(40) ParOldGen: 60634K(175104K)->60642K(175104K)
[23.984s][info][gc,metaspace   ] GC(40) Metaspace: 34056K(34688K)->34056K(34688K) NonClass: 27796K(28224K)->27796K(28224K) Class: 6259K(6464K)->6259K(6464K)
[23.984s][info][gc             ] GC(40) Pause Young (Allocation Failure) 333M->59M(474M) 0.846ms
[23.984s][info][gc,cpu         ] GC(40) User=0.01s Sys=0.00s Real=0.00s
[25.176s][info][gc,start       ] GC(41) Pause Young (Allocation Failure)
[25.178s][info][gc,heap        ] GC(41) PSYoungGen: 289344K(310784K)->64K(310784K) Eden: 289280K(289280K)->0K(289280K) From: 64K(21504K)->64K(21504K)
[25.178s][info][gc,heap        ] GC(41) ParOldGen: 60642K(175104K)->60658K(175104K)
[25.178s][info][gc,metaspace   ] GC(41) Metaspace: 34067K(34688K)->34067K(34688K) NonClass: 27808K(28224K)->27808K(28224K) Class: 6259K(6464K)->6259K(6464K)
[25.178s][info][gc             ] GC(41) Pause Young (Allocation Failure) 341M->59M(474M) 1.623ms
[25.178s][info][gc,cpu         ] GC(41) User=0.00s Sys=0.00s Real=0.00s
[25.448s][info][gc,start       ] GC(42) Pause Young (Allocation Failure)
[25.449s][info][gc,heap        ] GC(42) PSYoungGen: 289344K(310784K)->32K(311808K) Eden: 289280K(289280K)->0K(291328K) From: 64K(21504K)->32K(20480K)
[25.449s][info][gc,heap        ] GC(42) ParOldGen: 60658K(175104K)->60666K(175104K)
[25.449s][info][gc,metaspace   ] GC(42) Metaspace: 34067K(34688K)->34067K(34688K) NonClass: 27808K(28224K)->27808K(28224K) Class: 6259K(6464K)->6259K(6464K)
[25.449s][info][gc             ] GC(42) Pause Young (Allocation Failure) 341M->59M(475M) 1.479ms
[25.449s][info][gc,cpu         ] GC(42) User=0.00s Sys=0.00s Real=0.00s
[25.724s][info][gc,start       ] GC(43) Pause Young (Allocation Failure)
[25.725s][info][gc,heap        ] GC(43) PSYoungGen: 291360K(311808K)->64K(311296K) Eden: 291328K(291328K)->0K(291328K) From: 32K(20480K)->64K(19968K)
[25.725s][info][gc,heap        ] GC(43) ParOldGen: 60666K(175104K)->60666K(175104K)
[25.725s][info][gc,metaspace   ] GC(43) Metaspace: 34067K(34688K)->34067K(34688K) NonClass: 27808K(28224K)->27808K(28224K) Class: 6259K(6464K)->6259K(6464K)
[25.725s][info][gc             ] GC(43) Pause Young (Allocation Failure) 343M->59M(475M) 1.008ms
[25.725s][info][gc,cpu         ] GC(43) User=0.00s Sys=0.00s Real=0.00s
[26.373s][info][gc,start       ] GC(44) Pause Young (Allocation Failure)
[26.374s][info][gc,heap        ] GC(44) PSYoungGen: 291392K(311296K)->64K(312832K) Eden: 291328K(291328K)->0K(294400K) From: 64K(19968K)->64K(18432K)
[26.374s][info][gc,heap        ] GC(44) ParOldGen: 60666K(175104K)->60666K(175104K)
[26.374s][info][gc,metaspace   ] GC(44) Metaspace: 34083K(34752K)->34083K(34752K) NonClass: 27824K(28288K)->27824K(28288K) Class: 6259K(6464K)->6259K(6464K)
[26.374s][info][gc             ] GC(44) Pause Young (Allocation Failure) 343M->59M(476M) 1.432ms
[26.374s][info][gc,cpu         ] GC(44) User=0.01s Sys=0.00s Real=0.00s
[26.649s][info][gc,start       ] GC(45) Pause Young (Allocation Failure)
[26.650s][info][gc,heap        ] GC(45) PSYoungGen: 294464K(312832K)->64K(283136K) Eden: 294400K(294400K)->0K(282624K) From: 64K(18432K)->64K(512K)
[26.650s][info][gc,heap        ] GC(45) ParOldGen: 60666K(175104K)->60682K(175104K)
[26.650s][info][gc,metaspace   ] GC(45) Metaspace: 34083K(34752K)->34083K(34752K) NonClass: 27824K(28288K)->27824K(28288K) Class: 6259K(6464K)->6259K(6464K)
[26.650s][info][gc             ] GC(45) Pause Young (Allocation Failure) 346M->59M(447M) 1.304ms
[26.650s][info][gc,cpu         ] GC(45) User=0.01s Sys=0.00s Real=0.00s
[26.716s][info][gc,start       ] GC(46) Pause Young (Allocation Failure)
[26.717s][info][gc,heap        ] GC(46) PSYoungGen: 282688K(283136K)->64K(301056K) Eden: 282624K(282624K)->0K(283648K) From: 64K(512K)->64K(17408K)
[26.717s][info][gc,heap        ] GC(46) ParOldGen: 60682K(175104K)->60698K(175104K)
[26.717s][info][gc,metaspace   ] GC(46) Metaspace: 34083K(34752K)->34083K(34752K) NonClass: 27824K(28288K)->27824K(28288K) Class: 6259K(6464K)->6259K(6464K)
[26.717s][info][gc             ] GC(46) Pause Young (Allocation Failure) 335M->59M(465M) 1.010ms
[26.717s][info][gc,cpu         ] GC(46) User=0.00s Sys=0.00s Real=0.00s
[26.833s][info][gc,start       ] GC(47) Pause Young (Allocation Failure)
[26.834s][info][gc,heap        ] GC(47) PSYoungGen: 283712K(301056K)->64K(272896K) Eden: 283648K(283648K)->0K(272384K) From: 64K(17408K)->64K(512K)
[26.834s][info][gc,heap        ] GC(47) ParOldGen: 60698K(175104K)->60698K(175104K)
[26.834s][info][gc,metaspace   ] GC(47) Metaspace: 34083K(34752K)->34083K(34752K) NonClass: 27824K(28288K)->27824K(28288K) Class: 6259K(6464K)->6259K(6464K)
[26.834s][info][gc             ] GC(47) Pause Young (Allocation Failure) 336M->59M(437M) 1.388ms
[26.834s][info][gc,cpu         ] GC(47) User=0.00s Sys=0.00s Real=0.00s
[27.065s][info][gc,start       ] GC(48) Pause Young (Allocation Failure)
[27.066s][info][gc,heap        ] GC(48) PSYoungGen: 272448K(272896K)->64K(265216K) Eden: 272384K(272384K)->0K(261632K) From: 64K(512K)->64K(3584K)
[27.066s][info][gc,heap        ] GC(48) ParOldGen: 60698K(175104K)->60714K(175104K)
[27.066s][info][gc,metaspace   ] GC(48) Metaspace: 34083K(34752K)->34083K(34752K) NonClass: 27824K(28288K)->27824K(28288K) Class: 6259K(6464K)->6259K(6464K)
[27.066s][info][gc             ] GC(48) Pause Young (Allocation Failure) 325M->59M(430M) 1.045ms
[27.066s][info][gc,cpu         ] GC(48) User=0.00s Sys=0.00s Real=0.00s
[27.307s][info][gc,start       ] GC(49) Pause Young (Allocation Failure)
[27.308s][info][gc,heap        ] GC(49) PSYoungGen: 261696K(265216K)->64K(251904K) Eden: 261632K(261632K)->0K(251392K) From: 64K(3584K)->64K(512K)
[27.308s][info][gc,heap        ] GC(49) ParOldGen: 60714K(175104K)->60714K(175104K)
[27.308s][info][gc,metaspace   ] GC(49) Metaspace: 34083K(34752K)->34083K(34752K) NonClass: 27824K(28288K)->27824K(28288K) Class: 6259K(6464K)->6259K(6464K)
[27.308s][info][gc             ] GC(49) Pause Young (Allocation Failure) 314M->59M(417M) 1.042ms
[27.308s][info][gc,cpu         ] GC(49) User=0.00s Sys=0.00s Real=0.00s
[27.474s][info][gc,start       ] GC(50) Pause Young (Allocation Failure)
[27.476s][info][gc,heap        ] GC(50) PSYoungGen: 251456K(251904K)->32K(242176K) Eden: 251392K(251392K)->0K(241664K) From: 64K(512K)->32K(512K)
[27.476s][info][gc,heap        ] GC(50) ParOldGen: 60714K(175104K)->60730K(175104K)
[27.476s][info][gc,metaspace   ] GC(50) Metaspace: 34094K(34752K)->34094K(34752K) NonClass: 27835K(28288K)->27835K(28288K) Class: 6259K(6464K)->6259K(6464K)
[27.476s][info][gc             ] GC(50) Pause Young (Allocation Failure) 304M->59M(407M) 2.406ms
[27.476s][info][gc,cpu         ] GC(50) User=0.01s Sys=0.01s Real=0.00s
[27.584s][info][gc,start       ] GC(51) Pause Young (Allocation Failure)
[27.585s][info][gc,heap        ] GC(51) PSYoungGen: 241696K(242176K)->64K(245248K) Eden: 241664K(241664K)->0K(232448K) From: 32K(512K)->64K(12800K)
[27.585s][info][gc,heap        ] GC(51) ParOldGen: 60730K(175104K)->60738K(175104K)
[27.585s][info][gc,metaspace   ] GC(51) Metaspace: 34094K(34752K)->34094K(34752K) NonClass: 27835K(28288K)->27835K(28288K) Class: 6259K(6464K)->6259K(6464K)
[27.585s][info][gc             ] GC(51) Pause Young (Allocation Failure) 295M->59M(410M) 1.274ms
[27.585s][info][gc,cpu         ] GC(51) User=0.00s Sys=0.00s Real=0.00s
[27.846s][info][gc,start       ] GC(52) Pause Young (Allocation Failure)
[27.848s][info][gc,heap        ] GC(52) PSYoungGen: 232512K(245248K)->32K(224256K) Eden: 232448K(232448K)->0K(223744K) From: 64K(12800K)->32K(512K)
[27.848s][info][gc,heap        ] GC(52) ParOldGen: 60738K(175104K)->60746K(175104K)
[27.848s][info][gc,metaspace   ] GC(52) Metaspace: 34094K(34752K)->34094K(34752K) NonClass: 27835K(28288K)->27835K(28288K) Class: 6259K(6464K)->6259K(6464K)
[27.848s][info][gc             ] GC(52) Pause Young (Allocation Failure) 286M->59M(390M) 2.380ms
[27.848s][info][gc,cpu         ] GC(52) User=0.00s Sys=0.00s Real=0.00s
[28.580s][info][gc,start       ] GC(53) Pause Young (Allocation Failure)
[28.581s][info][gc,heap        ] GC(53) PSYoungGen: 223776K(224256K)->64K(226816K) Eden: 223744K(223744K)->0K(215552K) From: 32K(512K)->64K(11264K)
[28.581s][info][gc,heap        ] GC(53) ParOldGen: 60746K(175104K)->60754K(175104K)
[28.581s][info][gc,metaspace   ] GC(53) Metaspace: 34117K(34752K)->34117K(34752K) NonClass: 27857K(28288K)->27857K(28288K) Class: 6259K(6464K)->6259K(6464K)
[28.581s][info][gc             ] GC(53) Pause Young (Allocation Failure) 277M->59M(392M) 1.023ms
[28.581s][info][gc,cpu         ] GC(53) User=0.01s Sys=0.00s Real=0.01s
[29.233s][info][gc,start       ] GC(54) Pause Young (Allocation Failure)
[29.234s][info][gc,heap        ] GC(54) PSYoungGen: 215616K(226816K)->83K(207872K) Eden: 215552K(215552K)->0K(207360K) From: 64K(11264K)->83K(512K)
[29.234s][info][gc,heap        ] GC(54) ParOldGen: 60754K(175104K)->60762K(175104K)
[29.234s][info][gc,metaspace   ] GC(54) Metaspace: 34117K(34752K)->34117K(34752K) NonClass: 27857K(28288K)->27857K(28288K) Class: 6259K(6464K)->6259K(6464K)
[29.234s][info][gc             ] GC(54) Pause Young (Allocation Failure) 269M->59M(374M) 1.609ms
[29.234s][info][gc,cpu         ] GC(54) User=0.00s Sys=0.00s Real=0.00s
[30.519s][info][gc,start       ] GC(55) Pause Young (Allocation Failure)
[30.520s][info][gc,heap        ] GC(55) PSYoungGen: 207443K(207872K)->64K(209920K) Eden: 207360K(207360K)->0K(199680K) From: 83K(512K)->64K(10240K)
[30.520s][info][gc,heap        ] GC(55) ParOldGen: 60762K(175104K)->60770K(175104K)
[30.520s][info][gc,metaspace   ] GC(55) Metaspace: 34117K(34752K)->34117K(34752K) NonClass: 27857K(28288K)->27857K(28288K) Class: 6259K(6464K)->6259K(6464K)
[30.520s][info][gc             ] GC(55) Pause Young (Allocation Failure) 261M->59M(376M) 0.901ms
[30.520s][info][gc,cpu         ] GC(55) User=0.00s Sys=0.00s Real=0.00s
[30.769s][info][gc,start       ] GC(56) Pause Young (Allocation Failure)
[30.771s][info][gc,heap        ] GC(56) PSYoungGen: 199744K(209920K)->64K(193024K) Eden: 199680K(199680K)->0K(192512K) From: 64K(10240K)->64K(512K)
[30.771s][info][gc,heap        ] GC(56) ParOldGen: 60770K(175104K)->60778K(175104K)
[30.771s][info][gc,metaspace   ] GC(56) Metaspace: 34117K(34752K)->34117K(34752K) NonClass: 27857K(28288K)->27857K(28288K) Class: 6259K(6464K)->6259K(6464K)
[30.771s][info][gc             ] GC(56) Pause Young (Allocation Failure) 254M->59M(359M) 1.409ms
[30.771s][info][gc,cpu         ] GC(56) User=0.00s Sys=0.00s Real=0.00s
[31.132s][info][gc,start       ] GC(57) Pause Young (Allocation Failure)
[31.132s][info][gc,heap        ] GC(57) PSYoungGen: 192576K(193024K)->64K(194048K) Eden: 192512K(192512K)->0K(185344K) From: 64K(512K)->64K(8704K)
[31.132s][info][gc,heap        ] GC(57) ParOldGen: 60778K(175104K)->60786K(175104K)
[31.132s][info][gc,metaspace   ] GC(57) Metaspace: 34117K(34752K)->34117K(34752K) NonClass: 27857K(28288K)->27857K(28288K) Class: 6259K(6464K)->6259K(6464K)
[31.132s][info][gc             ] GC(57) Pause Young (Allocation Failure) 247M->59M(360M) 0.698ms
[31.132s][info][gc,cpu         ] GC(57) User=0.00s Sys=0.00s Real=0.00s
[31.779s][info][gc,start       ] GC(58) Pause Young (Allocation Failure)
[31.781s][info][gc,heap        ] GC(58) PSYoungGen: 185408K(194048K)->64K(179200K) Eden: 185344K(185344K)->0K(178688K) From: 64K(8704K)->64K(512K)
[31.781s][info][gc,heap        ] GC(58) ParOldGen: 60786K(175104K)->60794K(175104K)
[31.781s][info][gc,metaspace   ] GC(58) Metaspace: 34117K(34752K)->34117K(34752K) NonClass: 27857K(28288K)->27857K(28288K) Class: 6259K(6464K)->6259K(6464K)
[31.781s][info][gc             ] GC(58) Pause Young (Allocation Failure) 240M->59M(346M) 1.650ms
[31.781s][info][gc,cpu         ] GC(58) User=0.01s Sys=0.00s Real=0.01s
[33.632s][info][gc,start       ] GC(59) Pause Young (Allocation Failure)
[33.633s][info][gc,heap        ] GC(59) PSYoungGen: 178752K(179200K)->64K(180224K) Eden: 178688K(178688K)->0K(172544K) From: 64K(512K)->64K(7680K)
[33.633s][info][gc,heap        ] GC(59) ParOldGen: 60794K(175104K)->60810K(175104K)
[33.633s][info][gc,metaspace   ] GC(59) Metaspace: 34117K(34752K)->34117K(34752K) NonClass: 27858K(28288K)->27858K(28288K) Class: 6259K(6464K)->6259K(6464K)
[33.633s][info][gc             ] GC(59) Pause Young (Allocation Failure) 233M->59M(347M) 1.327ms
[33.633s][info][gc,cpu         ] GC(59) User=0.00s Sys=0.00s Real=0.00s
[34.081s][info][gc,start       ] GC(60) Pause Young (Allocation Failure)
[34.083s][info][gc,heap        ] GC(60) PSYoungGen: 172608K(180224K)->64K(166912K) Eden: 172544K(172544K)->0K(166400K) From: 64K(7680K)->64K(512K)
[34.083s][info][gc,heap        ] GC(60) ParOldGen: 60810K(175104K)->60818K(175104K)
[34.083s][info][gc,metaspace   ] GC(60) Metaspace: 34117K(34752K)->34117K(34752K) NonClass: 27858K(28288K)->27858K(28288K) Class: 6259K(6464K)->6259K(6464K)
[34.083s][info][gc             ] GC(60) Pause Young (Allocation Failure) 227M->59M(334M) 2.506ms
[34.083s][info][gc,cpu         ] GC(60) User=0.00s Sys=0.00s Real=0.00s
[34.793s][info][gc,start       ] GC(61) Pause Young (Allocation Failure)
[34.795s][info][gc,heap        ] GC(61) PSYoungGen: 166464K(166912K)->64K(167424K) Eden: 166400K(166400K)->0K(160768K) From: 64K(512K)->64K(6656K)
[34.795s][info][gc,heap        ] GC(61) ParOldGen: 60818K(175104K)->60834K(175104K)
[34.795s][info][gc,metaspace   ] GC(61) Metaspace: 34117K(34752K)->34117K(34752K) NonClass: 27858K(28288K)->27858K(28288K) Class: 6259K(6464K)->6259K(6464K)
[34.795s][info][gc             ] GC(61) Pause Young (Allocation Failure) 221M->59M(334M) 1.181ms
[34.795s][info][gc,cpu         ] GC(61) User=0.00s Sys=0.00s Real=0.00s
[35.068s][info][gc,start       ] GC(62) Pause Young (Allocation Failure)
[35.069s][info][gc,heap        ] GC(62) PSYoungGen: 160832K(167424K)->32K(155648K) Eden: 160768K(160768K)->0K(155136K) From: 64K(6656K)->32K(512K)
[35.069s][info][gc,heap        ] GC(62) ParOldGen: 60834K(175104K)->60850K(175104K)
[35.069s][info][gc,metaspace   ] GC(62) Metaspace: 34117K(34752K)->34117K(34752K) NonClass: 27858K(28288K)->27858K(28288K) Class: 6259K(6464K)->6259K(6464K)
[35.069s][info][gc             ] GC(62) Pause Young (Allocation Failure) 216M->59M(323M) 1.556ms
[35.069s][info][gc,cpu         ] GC(62) User=0.00s Sys=0.00s Real=0.00s
[35.166s][info][gc,start       ] GC(63) Pause Young (Allocation Failure)
[35.167s][info][gc,heap        ] GC(63) PSYoungGen: 155168K(155648K)->32K(155648K) Eden: 155136K(155136K)->0K(150016K) From: 32K(512K)->32K(5632K)
[35.167s][info][gc,heap        ] GC(63) ParOldGen: 60850K(175104K)->60858K(175104K)
[35.167s][info][gc,metaspace   ] GC(63) Metaspace: 34124K(34752K)->34124K(34752K) NonClass: 27865K(28288K)->27865K(28288K) Class: 6259K(6464K)->6259K(6464K)
[35.167s][info][gc             ] GC(63) Pause Young (Allocation Failure) 210M->59M(323M) 0.981ms
[35.167s][info][gc,cpu         ] GC(63) User=0.00s Sys=0.00s Real=0.00s
[35.492s][info][gc,start       ] GC(64) Pause Young (Allocation Failure)
[35.494s][info][gc,heap        ] GC(64) PSYoungGen: 150048K(155648K)->64K(145408K) Eden: 150016K(150016K)->0K(144896K) From: 32K(5632K)->64K(512K)
[35.494s][info][gc,heap        ] GC(64) ParOldGen: 60858K(175104K)->60866K(175104K)
[35.494s][info][gc,metaspace   ] GC(64) Metaspace: 34126K(34752K)->34126K(34752K) NonClass: 27866K(28288K)->27866K(28288K) Class: 6259K(6464K)->6259K(6464K)
[35.494s][info][gc             ] GC(64) Pause Young (Allocation Failure) 205M->59M(313M) 1.607ms
[35.494s][info][gc,cpu         ] GC(64) User=0.00s Sys=0.00s Real=0.00s
[35.928s][info][gc,start       ] GC(65) Pause Young (Allocation Failure)
[35.929s][info][gc,heap        ] GC(65) PSYoungGen: 144960K(145408K)->32K(145408K) Eden: 144896K(144896K)->0K(140288K) From: 64K(512K)->32K(5120K)
[35.929s][info][gc,heap        ] GC(65) ParOldGen: 60866K(175104K)->60882K(175104K)
[35.929s][info][gc,metaspace   ] GC(65) Metaspace: 34126K(34752K)->34126K(34752K) NonClass: 27866K(28288K)->27866K(28288K) Class: 6259K(6464K)->6259K(6464K)
[35.929s][info][gc             ] GC(65) Pause Young (Allocation Failure) 201M->59M(313M) 1.059ms
[35.929s][info][gc,cpu         ] GC(65) User=0.00s Sys=0.00s Real=0.00s
[36.124s][info][gc,start       ] GC(66) Pause Young (Allocation Failure)
[36.126s][info][gc,heap        ] GC(66) PSYoungGen: 140320K(145408K)->64K(136192K) Eden: 140288K(140288K)->0K(135680K) From: 32K(5120K)->64K(512K)
[36.126s][info][gc,heap        ] GC(66) ParOldGen: 60882K(175104K)->60882K(175104K)
[36.126s][info][gc,metaspace   ] GC(66) Metaspace: 34126K(34752K)->34126K(34752K) NonClass: 27866K(28288K)->27866K(28288K) Class: 6259K(6464K)->6259K(6464K)
[36.126s][info][gc             ] GC(66) Pause Young (Allocation Failure) 196M->59M(304M) 1.925ms
[36.126s][info][gc,cpu         ] GC(66) User=0.00s Sys=0.00s Real=0.00s
[36.350s][info][gc,start       ] GC(67) Pause Young (Allocation Failure)
[36.351s][info][gc,heap        ] GC(67) PSYoungGen: 135744K(136192K)->32K(135680K) Eden: 135680K(135680K)->0K(131584K) From: 64K(512K)->32K(4096K)
[36.351s][info][gc,heap        ] GC(67) ParOldGen: 60882K(175104K)->60898K(175104K)
[36.351s][info][gc,metaspace   ] GC(67) Metaspace: 34126K(34752K)->34126K(34752K) NonClass: 27866K(28288K)->27866K(28288K) Class: 6259K(6464K)->6259K(6464K)
[36.351s][info][gc             ] GC(67) Pause Young (Allocation Failure) 192M->59M(303M) 1.277ms
[36.351s][info][gc,cpu         ] GC(67) User=0.01s Sys=0.00s Real=0.01s
[36.685s][info][gc,start       ] GC(68) Pause Young (Allocation Failure)
[36.701s][info][gc,heap        ] GC(68) PSYoungGen: 131616K(135680K)->4096K(162304K) Eden: 131584K(131584K)->0K(158208K) From: 32K(4096K)->4096K(4096K)
[36.701s][info][gc,heap        ] GC(68) ParOldGen: 60898K(175104K)->63810K(175104K)
[36.701s][info][gc,metaspace   ] GC(68) Metaspace: 34126K(34752K)->34126K(34752K) NonClass: 27866K(28288K)->27866K(28288K) Class: 6259K(6464K)->6259K(6464K)
[36.701s][info][gc             ] GC(68) Pause Young (Allocation Failure) 188M->66M(329M) 16.589ms
[36.701s][info][gc,cpu         ] GC(68) User=0.02s Sys=0.00s Real=0.02s
[36.906s][info][gc,start       ] GC(69) Pause Young (Allocation Failure)
[36.947s][info][gc,heap        ] GC(69) PSYoungGen: 162304K(162304K)->6144K(196096K) Eden: 158208K(158208K)->0K(189952K) From: 4096K(4096K)->6144K(6144K)
[36.947s][info][gc,heap        ] GC(69) ParOldGen: 63810K(175104K)->74554K(175104K)
[36.948s][info][gc,metaspace   ] GC(69) Metaspace: 34126K(34752K)->34126K(34752K) NonClass: 27866K(28288K)->27866K(28288K) Class: 6259K(6464K)->6259K(6464K)
[36.948s][info][gc             ] GC(69) Pause Young (Allocation Failure) 220M->78M(362M) 41.954ms
[36.948s][info][gc,cpu         ] GC(69) User=0.07s Sys=0.01s Real=0.04s
[37.190s][info][gc,start       ] GC(70) Pause Young (Allocation Failure)
[37.245s][info][gc,heap        ] GC(70) PSYoungGen: 196096K(196096K)->3072K(195072K) Eden: 189952K(189952K)->0K(192000K) From: 6144K(6144K)->3072K(3072K)
[37.245s][info][gc,heap        ] GC(70) ParOldGen: 74554K(175104K)->92042K(175104K)
[37.245s][info][gc,metaspace   ] GC(70) Metaspace: 34126K(34752K)->34126K(34752K) NonClass: 27866K(28288K)->27866K(28288K) Class: 6259K(6464K)->6259K(6464K)
[37.245s][info][gc             ] GC(70) Pause Young (Allocation Failure) 264M->92M(361M) 55.540ms
[37.246s][info][gc,cpu         ] GC(70) User=0.10s Sys=0.02s Real=0.06s
[37.492s][info][gc,start       ] GC(71) Pause Young (Allocation Failure)
[37.542s][info][gc,heap        ] GC(71) PSYoungGen: 195072K(195072K)->17408K(209408K) Eden: 192000K(192000K)->0K(192000K) From: 3072K(3072K)->17408K(17408K)
[37.542s][info][gc,heap        ] GC(71) ParOldGen: 92042K(175104K)->95618K(175104K)
[37.542s][info][gc,metaspace   ] GC(71) Metaspace: 34126K(34752K)->34126K(34752K) NonClass: 27866K(28288K)->27866K(28288K) Class: 6259K(6464K)->6259K(6464K)
[37.542s][info][gc             ] GC(71) Pause Young (Allocation Failure) 280M->110M(375M) 49.846ms
[37.542s][info][gc,cpu         ] GC(71) User=0.10s Sys=0.00s Real=0.05s
[37.691s][info][gc,start       ] GC(72) Pause Young (Allocation Failure)
[37.705s][info][gc,heap        ] GC(72) PSYoungGen: 209408K(209408K)->4704K(250368K) Eden: 192000K(192000K)->0K(230400K) From: 17408K(17408K)->4704K(19968K)
[37.705s][info][gc,heap        ] GC(72) ParOldGen: 95618K(175104K)->95730K(175104K)
[37.705s][info][gc,metaspace   ] GC(72) Metaspace: 34126K(34752K)->34126K(34752K) NonClass: 27866K(28288K)->27866K(28288K) Class: 6259K(6464K)->6259K(6464K)
[37.705s][info][gc             ] GC(72) Pause Young (Allocation Failure) 297M->98M(415M) 14.383ms
[37.705s][info][gc,cpu         ] GC(72) User=0.02s Sys=0.00s Real=0.02s
[38.026s][info][gc,start       ] GC(73) Pause Young (Allocation Failure)
[38.028s][info][gc,heap        ] GC(73) PSYoungGen: 235104K(250368K)->64K(251392K) Eden: 230400K(230400K)->0K(230400K) From: 4704K(19968K)->64K(20992K)
[38.028s][info][gc,heap        ] GC(73) ParOldGen: 95730K(175104K)->95738K(175104K)
[38.028s][info][gc,metaspace   ] GC(73) Metaspace: 34126K(34752K)->34126K(34752K) NonClass: 27867K(28288K)->27867K(28288K) Class: 6259K(6464K)->6259K(6464K)
[38.028s][info][gc             ] GC(73) Pause Young (Allocation Failure) 323M->93M(416M) 1.187ms
[38.028s][info][gc,cpu         ] GC(73) User=0.00s Sys=0.00s Real=0.00s
[38.669s][info][gc,start       ] GC(74) Pause Young (Allocation Failure)
[38.670s][info][gc,heap        ] GC(74) PSYoungGen: 230464K(251392K)->64K(295936K) Eden: 230400K(230400K)->0K(276480K) From: 64K(20992K)->64K(19456K)
[38.670s][info][gc,heap        ] GC(74) ParOldGen: 95738K(175104K)->95754K(175104K)
[38.670s][info][gc,metaspace   ] GC(74) Metaspace: 34126K(34752K)->34126K(34752K) NonClass: 27867K(28288K)->27867K(28288K) Class: 6259K(6464K)->6259K(6464K)
[38.670s][info][gc             ] GC(74) Pause Young (Allocation Failure) 318M->93M(460M) 1.042ms
[38.670s][info][gc,cpu         ] GC(74) User=0.00s Sys=0.00s Real=0.00s
[39.352s][info][gc,start       ] GC(75) Pause Young (Allocation Failure)
[39.353s][info][gc,heap        ] GC(75) PSYoungGen: 276544K(295936K)->64K(296448K) Eden: 276480K(276480K)->0K(276480K) From: 64K(19456K)->64K(19968K)
[39.353s][info][gc,heap        ] GC(75) ParOldGen: 95754K(175104K)->95754K(175104K)
[39.353s][info][gc,metaspace   ] GC(75) Metaspace: 34126K(34752K)->34126K(34752K) NonClass: 27867K(28288K)->27867K(28288K) Class: 6259K(6464K)->6259K(6464K)
[39.353s][info][gc             ] GC(75) Pause Young (Allocation Failure) 363M->93M(460M) 1.439ms
[39.353s][info][gc,cpu         ] GC(75) User=0.00s Sys=0.00s Real=0.00s
[40.226s][info][gc,start       ] GC(76) Pause Young (Allocation Failure)
[40.227s][info][gc,heap        ] GC(76) PSYoungGen: 276544K(296448K)->64K(313344K) Eden: 276480K(276480K)->0K(294912K) From: 64K(19968K)->64K(18432K)
[40.227s][info][gc,heap        ] GC(76) ParOldGen: 95754K(175104K)->95770K(175104K)
[40.227s][info][gc,metaspace   ] GC(76) Metaspace: 34149K(34816K)->34149K(34816K) NonClass: 27889K(28352K)->27889K(28352K) Class: 6259K(6464K)->6259K(6464K)
[40.227s][info][gc             ] GC(76) Pause Young (Allocation Failure) 363M->93M(477M) 0.904ms
[40.227s][info][gc,cpu         ] GC(76) User=0.00s Sys=0.00s Real=0.00s
[40.520s][info][gc,start       ] GC(77) Pause Young (Allocation Failure)
[40.521s][info][gc,heap        ] GC(77) PSYoungGen: 294976K(313344K)->64K(313344K) Eden: 294912K(294912K)->0K(294912K) From: 64K(18432K)->64K(18432K)
[40.521s][info][gc,heap        ] GC(77) ParOldGen: 95770K(175104K)->95786K(175104K)
[40.521s][info][gc,metaspace   ] GC(77) Metaspace: 34149K(34816K)->34149K(34816K) NonClass: 27889K(28352K)->27889K(28352K) Class: 6259K(6464K)->6259K(6464K)
[40.521s][info][gc             ] GC(77) Pause Young (Allocation Failure) 381M->93M(477M) 1.126ms
[40.521s][info][gc,cpu         ] GC(77) User=0.00s Sys=0.00s Real=0.01s
[40.793s][info][gc,start       ] GC(78) Pause Young (Allocation Failure)
[40.794s][info][gc,heap        ] GC(78) PSYoungGen: 294976K(313344K)->64K(314880K) Eden: 294912K(294912K)->0K(297472K) From: 64K(18432K)->64K(17408K)
[40.794s][info][gc,heap        ] GC(78) ParOldGen: 95786K(175104K)->95786K(175104K)
[40.794s][info][gc,metaspace   ] GC(78) Metaspace: 34149K(34816K)->34149K(34816K) NonClass: 27889K(28352K)->27889K(28352K) Class: 6259K(6464K)->6259K(6464K)
[40.794s][info][gc             ] GC(78) Pause Young (Allocation Failure) 381M->93M(478M) 1.250ms
[40.794s][info][gc,cpu         ] GC(78) User=0.00s Sys=0.00s Real=0.00s
[41.235s][info][gc,start       ] GC(79) Pause Young (Allocation Failure)
[41.237s][info][gc,heap        ] GC(79) PSYoungGen: 297536K(314880K)->64K(314368K) Eden: 297472K(297472K)->0K(297472K) From: 64K(17408K)->64K(16896K)
[41.237s][info][gc,heap        ] GC(79) ParOldGen: 95786K(175104K)->95786K(175104K)
[41.237s][info][gc,metaspace   ] GC(79) Metaspace: 34164K(34816K)->34164K(34816K) NonClass: 27905K(28352K)->27905K(28352K) Class: 6259K(6464K)->6259K(6464K)
[41.237s][info][gc             ] GC(79) Pause Young (Allocation Failure) 384M->93M(478M) 1.215ms
[41.237s][info][gc,cpu         ] GC(79) User=0.00s Sys=0.00s Real=0.00s
[41.305s][info][gc,start       ] GC(80) Pause Young (Allocation Failure)
[41.306s][info][gc,heap        ] GC(80) PSYoungGen: 297536K(314368K)->64K(315904K) Eden: 297472K(297472K)->0K(300032K) From: 64K(16896K)->64K(15872K)
[41.306s][info][gc,heap        ] GC(80) ParOldGen: 95786K(175104K)->95802K(175104K)
[41.306s][info][gc,metaspace   ] GC(80) Metaspace: 34164K(34816K)->34164K(34816K) NonClass: 27905K(28352K)->27905K(28352K) Class: 6259K(6464K)->6259K(6464K)
[41.306s][info][gc             ] GC(80) Pause Young (Allocation Failure) 384M->93M(479M) 0.853ms
[41.306s][info][gc,cpu         ] GC(80) User=0.00s Sys=0.00s Real=0.00s
[41.390s][info][gc,start       ] GC(81) Pause Young (Allocation Failure)
[41.391s][info][gc,heap        ] GC(81) PSYoungGen: 300096K(315904K)->64K(315392K) Eden: 300032K(300032K)->0K(300032K) From: 64K(15872K)->64K(15360K)
[41.391s][info][gc,heap        ] GC(81) ParOldGen: 95802K(175104K)->95802K(175104K)
[41.391s][info][gc,metaspace   ] GC(81) Metaspace: 34165K(34816K)->34165K(34816K) NonClass: 27906K(28352K)->27906K(28352K) Class: 6259K(6464K)->6259K(6464K)
[41.391s][info][gc             ] GC(81) Pause Young (Allocation Failure) 386M->93M(479M) 0.834ms
[41.391s][info][gc,cpu         ] GC(81) User=0.00s Sys=0.00s Real=0.01s
[41.644s][info][gc,start       ] GC(82) Pause Young (Allocation Failure)
[41.644s][info][gc,heap        ] GC(82) PSYoungGen: 300096K(315392K)->64K(317440K) Eden: 300032K(300032K)->0K(303104K) From: 64K(15360K)->64K(14336K)
[41.644s][info][gc,heap        ] GC(82) ParOldGen: 95802K(175104K)->95818K(175104K)
[41.644s][info][gc,metaspace   ] GC(82) Metaspace: 34165K(34816K)->34165K(34816K) NonClass: 27906K(28352K)->27906K(28352K) Class: 6259K(6464K)->6259K(6464K)
[41.645s][info][gc             ] GC(82) Pause Young (Allocation Failure) 386M->93M(481M) 0.856ms
[41.645s][info][gc,cpu         ] GC(82) User=0.00s Sys=0.00s Real=0.00s
[41.916s][info][gc,start       ] GC(83) Pause Young (Allocation Failure)
[41.917s][info][gc,heap        ] GC(83) PSYoungGen: 303168K(317440K)->64K(291328K) Eden: 303104K(303104K)->0K(290816K) From: 64K(14336K)->64K(512K)
[41.917s][info][gc,heap        ] GC(83) ParOldGen: 95818K(175104K)->95818K(175104K)
[41.917s][info][gc,metaspace   ] GC(83) Metaspace: 34165K(34816K)->34165K(34816K) NonClass: 27906K(28352K)->27906K(28352K) Class: 6259K(6464K)->6259K(6464K)
[41.917s][info][gc             ] GC(83) Pause Young (Allocation Failure) 389M->93M(455M) 0.854ms
[41.917s][info][gc,cpu         ] GC(83) User=0.00s Sys=0.00s Real=0.00s
[42.010s][info][gc,start       ] GC(84) Pause Young (Allocation Failure)
[42.011s][info][gc,heap        ] GC(84) PSYoungGen: 290880K(291328K)->64K(279552K) Eden: 290816K(290816K)->0K(279040K) From: 64K(512K)->64K(512K)
[42.011s][info][gc,heap        ] GC(84) ParOldGen: 95818K(175104K)->95826K(175104K)
[42.011s][info][gc,metaspace   ] GC(84) Metaspace: 34165K(34816K)->34165K(34816K) NonClass: 27906K(28352K)->27906K(28352K) Class: 6259K(6464K)->6259K(6464K)
[42.011s][info][gc             ] GC(84) Pause Young (Allocation Failure) 377M->93M(444M) 0.835ms
[42.011s][info][gc,cpu         ] GC(84) User=0.00s Sys=0.00s Real=0.01s
[42.180s][info][gc,start       ] GC(85) Pause Young (Allocation Failure)
[42.182s][info][gc,heap        ] GC(85) PSYoungGen: 279104K(279552K)->64K(280064K) Eden: 279040K(279040K)->0K(267776K) From: 64K(512K)->64K(12288K)
[42.182s][info][gc,heap        ] GC(85) ParOldGen: 95826K(175104K)->95842K(175104K)
[42.182s][info][gc,metaspace   ] GC(85) Metaspace: 34165K(34816K)->34165K(34816K) NonClass: 27906K(28352K)->27906K(28352K) Class: 6259K(6464K)->6259K(6464K)
[42.182s][info][gc             ] GC(85) Pause Young (Allocation Failure) 366M->93M(444M) 1.417ms
[42.182s][info][gc,cpu         ] GC(85) User=0.00s Sys=0.00s Real=0.01s
[42.595s][info][gc,start       ] GC(86) Pause Young (Allocation Failure)
[42.597s][info][gc,heap        ] GC(86) PSYoungGen: 267840K(280064K)->32K(257536K) Eden: 267776K(267776K)->0K(257024K) From: 64K(12288K)->32K(512K)
[42.597s][info][gc,heap        ] GC(86) ParOldGen: 95842K(175104K)->95858K(175104K)
[42.597s][info][gc,metaspace   ] GC(86) Metaspace: 34187K(34816K)->34187K(34816K) NonClass: 27927K(28352K)->27927K(28352K) Class: 6259K(6464K)->6259K(6464K)
[42.597s][info][gc             ] GC(86) Pause Young (Allocation Failure) 355M->93M(422M) 1.894ms
[42.597s][info][gc,cpu         ] GC(86) User=0.00s Sys=0.00s Real=0.00s
[43.486s][info][gc,start       ] GC(87) Pause Young (Allocation Failure)
[43.487s][info][gc,heap        ] GC(87) PSYoungGen: 257056K(257536K)->83K(257536K) Eden: 257024K(257024K)->0K(246784K) From: 32K(512K)->83K(10752K)
[43.487s][info][gc,heap        ] GC(87) ParOldGen: 95858K(175104K)->95866K(175104K)
[43.487s][info][gc,metaspace   ] GC(87) Metaspace: 34187K(34816K)->34187K(34816K) NonClass: 27927K(28352K)->27927K(28352K) Class: 6259K(6464K)->6259K(6464K)
[43.487s][info][gc             ] GC(87) Pause Young (Allocation Failure) 344M->93M(422M) 1.399ms
[43.487s][info][gc,cpu         ] GC(87) User=0.00s Sys=0.00s Real=0.00s
[44.699s][info][gc,start       ] GC(88) Pause Young (Allocation Failure)
[44.701s][info][gc,heap        ] GC(88) PSYoungGen: 246867K(257536K)->64K(237568K) Eden: 246784K(246784K)->0K(237056K) From: 83K(10752K)->64K(512K)
[44.701s][info][gc,heap        ] GC(88) ParOldGen: 95866K(175104K)->95882K(175104K)
[44.701s][info][gc,metaspace   ] GC(88) Metaspace: 34187K(34816K)->34187K(34816K) NonClass: 27928K(28352K)->27928K(28352K) Class: 6259K(6464K)->6259K(6464K)
[44.701s][info][gc             ] GC(88) Pause Young (Allocation Failure) 334M->93M(403M) 2.121ms
[44.701s][info][gc,cpu         ] GC(88) User=0.00s Sys=0.00s Real=0.01s
[44.969s][info][gc,start       ] GC(89) Pause Young (Allocation Failure)
[44.970s][info][gc,heap        ] GC(89) PSYoungGen: 237120K(237568K)->32K(237056K) Eden: 237056K(237056K)->0K(227840K) From: 64K(512K)->32K(9216K)
[44.970s][info][gc,heap        ] GC(89) ParOldGen: 95882K(175104K)->95890K(175104K)
[44.970s][info][gc,metaspace   ] GC(89) Metaspace: 34187K(34816K)->34187K(34816K) NonClass: 27928K(28352K)->27928K(28352K) Class: 6259K(6464K)->6259K(6464K)
[44.970s][info][gc             ] GC(89) Pause Young (Allocation Failure) 325M->93M(402M) 1.142ms
[44.970s][info][gc,cpu         ] GC(89) User=0.00s Sys=0.00s Real=0.00s
[45.449s][info][gc,start       ] GC(90) Pause Young (Allocation Failure)
[45.451s][info][gc,heap        ] GC(90) PSYoungGen: 227872K(237056K)->64K(219648K) Eden: 227840K(227840K)->0K(219136K) From: 32K(9216K)->64K(512K)
[45.451s][info][gc,heap        ] GC(90) ParOldGen: 95890K(175104K)->95898K(175104K)
[45.451s][info][gc,metaspace   ] GC(90) Metaspace: 34187K(34816K)->34187K(34816K) NonClass: 27928K(28352K)->27928K(28352K) Class: 6259K(6464K)->6259K(6464K)
[45.451s][info][gc             ] GC(90) Pause Young (Allocation Failure) 316M->93M(385M) 1.818ms
[45.451s][info][gc,cpu         ] GC(90) User=0.00s Sys=0.00s Real=0.01s
[47.505s][info][gc,start       ] GC(91) Pause Young (Allocation Failure)
[47.506s][info][gc,heap        ] GC(91) PSYoungGen: 219200K(219648K)->64K(219136K) Eden: 219136K(219136K)->0K(210944K) From: 64K(512K)->64K(8192K)
[47.506s][info][gc,heap        ] GC(91) ParOldGen: 95898K(175104K)->95906K(175104K)
[47.506s][info][gc,metaspace   ] GC(91) Metaspace: 34305K(34944K)->34305K(34944K) NonClass: 28046K(28480K)->28046K(28480K) Class: 6259K(6464K)->6259K(6464K)
[47.506s][info][gc             ] GC(91) Pause Young (Allocation Failure) 307M->93M(385M) 0.966ms
[47.506s][info][gc,cpu         ] GC(91) User=0.00s Sys=0.00s Real=0.00s
[47.995s][info][gc,start       ] GC(92) Pause Young (Allocation Failure)
[47.997s][info][gc,heap        ] GC(92) PSYoungGen: 211008K(219136K)->64K(203776K) Eden: 210944K(210944K)->0K(203264K) From: 64K(8192K)->64K(512K)
[47.997s][info][gc,heap        ] GC(92) ParOldGen: 95906K(175104K)->95914K(175104K)
[47.997s][info][gc,metaspace   ] GC(92) Metaspace: 34305K(34944K)->34305K(34944K) NonClass: 28046K(28480K)->28046K(28480K) Class: 6259K(6464K)->6259K(6464K)
[47.997s][info][gc             ] GC(92) Pause Young (Allocation Failure) 299M->93M(370M) 1.686ms
[47.997s][info][gc,cpu         ] GC(92) User=0.00s Sys=0.00s Real=0.00s
[48.772s][info][gc,start       ] GC(93) Pause Young (Allocation Failure)
[48.773s][info][gc,heap        ] GC(93) PSYoungGen: 203328K(203776K)->64K(202752K) Eden: 203264K(203264K)->0K(195584K) From: 64K(512K)->64K(7168K)
[48.773s][info][gc,heap        ] GC(93) ParOldGen: 95914K(175104K)->95930K(175104K)
[48.773s][info][gc,metaspace   ] GC(93) Metaspace: 34305K(34944K)->34305K(34944K) NonClass: 28046K(28480K)->28046K(28480K) Class: 6259K(6464K)->6259K(6464K)
[48.773s][info][gc             ] GC(93) Pause Young (Allocation Failure) 292M->93M(369M) 1.314ms
[48.773s][info][gc,cpu         ] GC(93) User=0.01s Sys=0.00s Real=0.00s
[49.025s][info][gc,start       ] GC(94) Pause Young (Allocation Failure)
[49.027s][info][gc,heap        ] GC(94) PSYoungGen: 195648K(202752K)->32K(188928K) Eden: 195584K(195584K)->0K(188416K) From: 64K(7168K)->32K(512K)
[49.027s][info][gc,heap        ] GC(94) ParOldGen: 95930K(175104K)->95946K(175104K)
[49.027s][info][gc,metaspace   ] GC(94) Metaspace: 34305K(34944K)->34305K(34944K) NonClass: 28046K(28480K)->28046K(28480K) Class: 6259K(6464K)->6259K(6464K)
[49.027s][info][gc             ] GC(94) Pause Young (Allocation Failure) 284M->93M(355M) 1.881ms
[49.027s][info][gc,cpu         ] GC(94) User=0.00s Sys=0.00s Real=0.00s
[49.197s][info][gc,start       ] GC(95) Pause Young (Allocation Failure)
[49.198s][info][gc,heap        ] GC(95) PSYoungGen: 188448K(188928K)->32K(187904K) Eden: 188416K(188416K)->0K(181760K) From: 32K(512K)->32K(6144K)
[49.198s][info][gc,heap        ] GC(95) ParOldGen: 95946K(175104K)->95954K(175104K)
[49.198s][info][gc,metaspace   ] GC(95) Metaspace: 34332K(35008K)->34332K(35008K) NonClass: 28072K(28544K)->28072K(28544K) Class: 6259K(6464K)->6259K(6464K)
[49.199s][info][gc             ] GC(95) Pause Young (Allocation Failure) 277M->93M(354M) 1.332ms
[49.199s][info][gc,cpu         ] GC(95) User=0.01s Sys=0.00s Real=0.00s
[49.685s][info][gc,start       ] GC(96) Pause Young (Allocation Failure)
[49.687s][info][gc,heap        ] GC(96) PSYoungGen: 181792K(187904K)->32K(175616K) Eden: 181760K(181760K)->0K(175104K) From: 32K(6144K)->32K(512K)
[49.687s][info][gc,heap        ] GC(96) ParOldGen: 95954K(175104K)->95962K(175104K)
[49.687s][info][gc,metaspace   ] GC(96) Metaspace: 34332K(35008K)->34332K(35008K) NonClass: 28072K(28544K)->28072K(28544K) Class: 6259K(6464K)->6259K(6464K)
[49.687s][info][gc             ] GC(96) Pause Young (Allocation Failure) 271M->93M(342M) 1.885ms
[49.687s][info][gc,cpu         ] GC(96) User=0.00s Sys=0.00s Real=0.00s
[49.986s][info][gc,start       ] GC(97) Pause Young (Allocation Failure)
[49.988s][info][gc,heap        ] GC(97) PSYoungGen: 175136K(175616K)->64K(174080K) Eden: 175104K(175104K)->0K(168960K) From: 32K(512K)->64K(5120K)
[49.988s][info][gc,heap        ] GC(97) ParOldGen: 95962K(175104K)->95970K(175104K)
[49.988s][info][gc,metaspace   ] GC(97) Metaspace: 34332K(35008K)->34332K(35008K) NonClass: 28072K(28544K)->28072K(28544K) Class: 6259K(6464K)->6259K(6464K)
[49.988s][info][gc             ] GC(97) Pause Young (Allocation Failure) 264M->93M(341M) 1.780ms
[49.988s][info][gc,cpu         ] GC(97) User=0.00s Sys=0.00s Real=0.00s
[50.264s][info][gc,start       ] GC(98) Pause Young (Allocation Failure)
[50.266s][info][gc,heap        ] GC(98) PSYoungGen: 169024K(174080K)->64K(163840K) Eden: 168960K(168960K)->0K(163328K) From: 64K(5120K)->64K(512K)
[50.266s][info][gc,heap        ] GC(98) ParOldGen: 95970K(175104K)->95978K(175104K)
[50.266s][info][gc,metaspace   ] GC(98) Metaspace: 34332K(35008K)->34332K(35008K) NonClass: 28072K(28544K)->28072K(28544K) Class: 6259K(6464K)->6259K(6464K)
[50.266s][info][gc             ] GC(98) Pause Young (Allocation Failure) 258M->93M(331M) 1.770ms
[50.266s][info][gc,cpu         ] GC(98) User=0.00s Sys=0.00s Real=0.00s
[50.567s][info][gc,start       ] GC(99) Pause Young (Allocation Failure)
[50.595s][info][gc,heap        ] GC(99) PSYoungGen: 163392K(163840K)->4608K(200704K) Eden: 163328K(163328K)->0K(196096K) From: 64K(512K)->4608K(4608K)
[50.595s][info][gc,heap        ] GC(99) ParOldGen: 95978K(175104K)->105018K(175104K)
[50.595s][info][gc,metaspace   ] GC(99) Metaspace: 34347K(35008K)->34347K(35008K) NonClass: 28087K(28544K)->28087K(28544K) Class: 6259K(6464K)->6259K(6464K)
[50.595s][info][gc             ] GC(99) Pause Young (Allocation Failure) 253M->107M(367M) 27.509ms
[50.595s][info][gc,cpu         ] GC(99) User=0.05s Sys=0.00s Real=0.03s
[50.837s][info][gc,start       ] GC(100) Pause Young (Allocation Failure)
[50.881s][info][gc,heap        ] GC(100) PSYoungGen: 200704K(200704K)->4608K(238592K) Eden: 196096K(196096K)->0K(233984K) From: 4608K(4608K)->4608K(4608K)
[50.881s][info][gc,heap        ] GC(100) ParOldGen: 105018K(175104K)->121570K(175104K)
[50.881s][info][gc,metaspace   ] GC(100) Metaspace: 34347K(35008K)->34347K(35008K) NonClass: 28087K(28544K)->28087K(28544K) Class: 6259K(6464K)->6259K(6464K)
[50.881s][info][gc             ] GC(100) Pause Young (Allocation Failure) 298M->123M(404M) 44.346ms
[50.881s][info][gc,cpu         ] GC(100) User=0.08s Sys=0.01s Real=0.05s
[51.182s][info][gc,start       ] GC(101) Pause Young (Allocation Failure)
[51.229s][info][gc,heap        ] GC(101) PSYoungGen: 238592K(238592K)->15360K(249344K) Eden: 233984K(233984K)->0K(233984K) From: 4608K(4608K)->15360K(15360K)
[51.229s][info][gc,heap        ] GC(101) ParOldGen: 121570K(175104K)->131634K(175104K)
[51.229s][info][gc,metaspace   ] GC(101) Metaspace: 34347K(35008K)->34347K(35008K) NonClass: 28087K(28544K)->28087K(28544K) Class: 6259K(6464K)->6259K(6464K)
[51.229s][info][gc             ] GC(101) Pause Young (Allocation Failure) 351M->143M(414M) 46.498ms
[51.229s][info][gc,cpu         ] GC(101) User=0.09s Sys=0.01s Real=0.04s
[51.399s][info][gc,start       ] GC(102) Pause Young (Allocation Failure)
[51.421s][info][gc,heap        ] GC(102) PSYoungGen: 249344K(249344K)->9696K(302592K) Eden: 233984K(233984K)->0K(281088K) From: 15360K(15360K)->9696K(21504K)
[51.421s][info][gc,heap        ] GC(102) ParOldGen: 131634K(175104K)->132002K(175104K)
[51.422s][info][gc,metaspace   ] GC(102) Metaspace: 34354K(35008K)->34354K(35008K) NonClass: 28094K(28544K)->28094K(28544K) Class: 6259K(6464K)->6259K(6464K)
[51.422s][info][gc             ] GC(102) Pause Young (Allocation Failure) 372M->138M(466M) 22.515ms
[51.422s][info][gc,cpu         ] GC(102) User=0.04s Sys=0.01s Real=0.03s
[51.856s][info][gc,start       ] GC(103) Pause Young (Allocation Failure)
[51.858s][info][gc,heap        ] GC(103) PSYoungGen: 290784K(302592K)->64K(303104K) Eden: 281088K(281088K)->0K(281088K) From: 9696K(21504K)->64K(22016K)
[51.858s][info][gc,heap        ] GC(103) ParOldGen: 132002K(175104K)->132018K(175104K)
[51.858s][info][gc,metaspace   ] GC(103) Metaspace: 34354K(35008K)->34354K(35008K) NonClass: 28094K(28544K)->28094K(28544K) Class: 6259K(6464K)->6259K(6464K)
[51.858s][info][gc             ] GC(103) Pause Young (Allocation Failure) 412M->128M(467M) 2.137ms
[51.858s][info][gc,cpu         ] GC(103) User=0.00s Sys=0.00s Real=0.00s
[52.577s][info][gc,start       ] GC(104) Pause Young (Allocation Failure)
[52.579s][info][gc,heap        ] GC(104) PSYoungGen: 281152K(303104K)->64K(310784K) Eden: 281088K(281088K)->0K(290304K) From: 64K(22016K)->64K(20480K)
[52.579s][info][gc,heap        ] GC(104) ParOldGen: 132018K(175104K)->132034K(175104K)
[52.579s][info][gc,metaspace   ] GC(104) Metaspace: 34354K(35008K)->34354K(35008K) NonClass: 28094K(28544K)->28094K(28544K) Class: 6259K(6464K)->6259K(6464K)
[52.579s][info][gc             ] GC(104) Pause Young (Allocation Failure) 403M->129M(474M) 1.683ms
[52.579s][info][gc,cpu         ] GC(104) User=0.00s Sys=0.00s Real=0.00s
[53.475s][info][gc,start       ] GC(105) Pause Young (Allocation Failure)
[53.477s][info][gc,heap        ] GC(105) PSYoungGen: 290368K(310784K)->64K(311296K) Eden: 290304K(290304K)->0K(290304K) From: 64K(20480K)->64K(20992K)
[53.477s][info][gc,heap        ] GC(105) ParOldGen: 132034K(175104K)->132050K(175104K)
[53.477s][info][gc,metaspace   ] GC(105) Metaspace: 34386K(35072K)->34386K(35072K) NonClass: 28127K(28608K)->28127K(28608K) Class: 6259K(6464K)->6259K(6464K)
[53.477s][info][gc             ] GC(105) Pause Young (Allocation Failure) 412M->129M(475M) 1.787ms
[53.477s][info][gc,cpu         ] GC(105) User=0.00s Sys=0.00s Real=0.00s
[53.743s][info][gc,start       ] GC(106) Pause Young (Allocation Failure)
[53.745s][info][gc,heap        ] GC(106) PSYoungGen: 290368K(311296K)->32K(310784K) Eden: 290304K(290304K)->0K(292352K) From: 64K(20992K)->32K(18432K)
[53.745s][info][gc,heap        ] GC(106) ParOldGen: 132050K(175104K)->132066K(175104K)
[53.745s][info][gc,metaspace   ] GC(106) Metaspace: 34386K(35072K)->34386K(35072K) NonClass: 28127K(28608K)->28127K(28608K) Class: 6259K(6464K)->6259K(6464K)
[53.745s][info][gc             ] GC(106) Pause Young (Allocation Failure) 412M->129M(474M) 1.786ms
[53.745s][info][gc,cpu         ] GC(106) User=0.00s Sys=0.00s Real=0.00s
[54.020s][info][gc,start       ] GC(107) Pause Young (Allocation Failure)
[54.022s][info][gc,heap        ] GC(107) PSYoungGen: 292384K(310784K)->64K(311808K) Eden: 292352K(292352K)->0K(292352K) From: 32K(18432K)->64K(19456K)
[54.022s][info][gc,heap        ] GC(107) ParOldGen: 132066K(175104K)->132066K(175104K)
[54.022s][info][gc,metaspace   ] GC(107) Metaspace: 34386K(35072K)->34386K(35072K) NonClass: 28127K(28608K)->28127K(28608K) Class: 6259K(6464K)->6259K(6464K)
[54.022s][info][gc             ] GC(107) Pause Young (Allocation Failure) 414M->129M(475M) 1.208ms
[54.022s][info][gc,cpu         ] GC(107) User=0.01s Sys=0.00s Real=0.01s
[54.431s][info][gc,start       ] GC(108) Pause Young (Allocation Failure)
[54.432s][info][gc,heap        ] GC(108) PSYoungGen: 292416K(311808K)->64K(311808K) Eden: 292352K(292352K)->0K(295424K) From: 64K(19456K)->64K(16384K)
[54.432s][info][gc,heap        ] GC(108) ParOldGen: 132066K(175104K)->132066K(175104K)
[54.432s][info][gc,metaspace   ] GC(108) Metaspace: 34386K(35072K)->34386K(35072K) NonClass: 28127K(28608K)->28127K(28608K) Class: 6259K(6464K)->6259K(6464K)
[54.432s][info][gc             ] GC(108) Pause Young (Allocation Failure) 414M->129M(475M) 0.897ms
[54.432s][info][gc,cpu         ] GC(108) User=0.00s Sys=0.00s Real=0.00s
[54.572s][info][gc,start       ] GC(109) Pause Young (Allocation Failure)
[54.574s][info][gc,heap        ] GC(109) PSYoungGen: 295488K(311808K)->64K(313344K) Eden: 295424K(295424K)->0K(295424K) From: 64K(16384K)->64K(17920K)
[54.574s][info][gc,heap        ] GC(109) ParOldGen: 132066K(175104K)->132082K(175104K)
[54.574s][info][gc,metaspace   ] GC(109) Metaspace: 34400K(35072K)->34400K(35072K) NonClass: 28141K(28608K)->28141K(28608K) Class: 6259K(6464K)->6259K(6464K)
[54.574s][info][gc             ] GC(109) Pause Young (Allocation Failure) 417M->129M(477M) 1.491ms
[54.574s][info][gc,cpu         ] GC(109) User=0.01s Sys=0.00s Real=0.00s
[54.632s][info][gc,start       ] GC(110) Pause Young (Allocation Failure)
[54.633s][info][gc,heap        ] GC(110) PSYoungGen: 295488K(313344K)->32K(314368K) Eden: 295424K(295424K)->0K(299008K) From: 64K(17920K)->32K(15360K)
[54.633s][info][gc,heap        ] GC(110) ParOldGen: 132082K(175104K)->132098K(175104K)
[54.633s][info][gc,metaspace   ] GC(110) Metaspace: 34400K(35072K)->34400K(35072K) NonClass: 28141K(28608K)->28141K(28608K) Class: 6259K(6464K)->6259K(6464K)
[54.633s][info][gc             ] GC(110) Pause Young (Allocation Failure) 417M->129M(478M) 1.416ms
[54.633s][info][gc,cpu         ] GC(110) User=0.00s Sys=0.00s Real=0.00s
[54.780s][info][gc,start       ] GC(111) Pause Young (Allocation Failure)
[54.782s][info][gc,heap        ] GC(111) PSYoungGen: 299040K(314368K)->32K(315392K) Eden: 299008K(299008K)->0K(299008K) From: 32K(15360K)->32K(16384K)
[54.782s][info][gc,heap        ] GC(111) ParOldGen: 132098K(175104K)->132098K(175104K)
[54.782s][info][gc,metaspace   ] GC(111) Metaspace: 34400K(35072K)->34400K(35072K) NonClass: 28141K(28608K)->28141K(28608K) Class: 6259K(6464K)->6259K(6464K)
[54.782s][info][gc             ] GC(111) Pause Young (Allocation Failure) 421M->129M(479M) 1.452ms
[54.782s][info][gc,cpu         ] GC(111) User=0.00s Sys=0.00s Real=0.01s
[55.029s][info][gc,start       ] GC(112) Pause Young (Allocation Failure)
[55.031s][info][gc,heap        ] GC(112) PSYoungGen: 299040K(315392K)->32K(315392K) Eden: 299008K(299008K)->0K(302080K) From: 32K(16384K)->32K(13312K)
[55.031s][info][gc,heap        ] GC(112) ParOldGen: 132098K(175104K)->132106K(175104K)
[55.031s][info][gc,metaspace   ] GC(112) Metaspace: 34400K(35072K)->34400K(35072K) NonClass: 28141K(28608K)->28141K(28608K) Class: 6259K(6464K)->6259K(6464K)
[55.031s][info][gc             ] GC(112) Pause Young (Allocation Failure) 421M->129M(479M) 1.448ms
[55.031s][info][gc,cpu         ] GC(112) User=0.01s Sys=0.00s Real=0.01s
[55.220s][info][gc,start       ] GC(113) Pause Young (Allocation Failure)
[55.221s][info][gc,heap        ] GC(113) PSYoungGen: 302112K(315392K)->64K(316416K) Eden: 302080K(302080K)->0K(302080K) From: 32K(13312K)->64K(14336K)
[55.221s][info][gc,heap        ] GC(113) ParOldGen: 132106K(175104K)->132114K(175104K)
[55.221s][info][gc,metaspace   ] GC(113) Metaspace: 34400K(35072K)->34400K(35072K) NonClass: 28141K(28608K)->28141K(28608K) Class: 6259K(6464K)->6259K(6464K)
[55.221s][info][gc             ] GC(113) Pause Young (Allocation Failure) 424M->129M(480M) 1.429ms
[55.221s][info][gc,cpu         ] GC(113) User=0.00s Sys=0.00s Real=0.01s
[55.303s][info][gc,start       ] GC(114) Pause Young (Allocation Failure)
[55.305s][info][gc,heap        ] GC(114) PSYoungGen: 302144K(316416K)->32K(316928K) Eden: 302080K(302080K)->0K(305664K) From: 64K(14336K)->32K(11264K)
[55.305s][info][gc,heap        ] GC(114) ParOldGen: 132114K(175104K)->132130K(175104K)
[55.305s][info][gc,metaspace   ] GC(114) Metaspace: 34400K(35072K)->34400K(35072K) NonClass: 28141K(28608K)->28141K(28608K) Class: 6259K(6464K)->6259K(6464K)
[55.305s][info][gc             ] GC(114) Pause Young (Allocation Failure) 424M->129M(480M) 1.454ms
[55.305s][info][gc,cpu         ] GC(114) User=0.00s Sys=0.00s Real=0.00s
[55.622s][info][gc,start       ] GC(115) Pause Young (Allocation Failure)
[55.624s][info][gc,heap        ] GC(115) PSYoungGen: 305696K(316928K)->64K(318464K) Eden: 305664K(305664K)->0K(305664K) From: 32K(11264K)->64K(12800K)
[55.624s][info][gc,heap        ] GC(115) ParOldGen: 132130K(175104K)->132130K(175104K)
[55.624s][info][gc,metaspace   ] GC(115) Metaspace: 34411K(35072K)->34411K(35072K) NonClass: 28152K(28608K)->28152K(28608K) Class: 6259K(6464K)->6259K(6464K)
[55.624s][info][gc             ] GC(115) Pause Young (Allocation Failure) 427M->129M(482M) 1.995ms
[55.624s][info][gc,cpu         ] GC(115) User=0.00s Sys=0.00s Real=0.00s
[56.776s][info][gc,start       ] GC(116) Pause Young (Allocation Failure)
[56.778s][info][gc,heap        ] GC(116) PSYoungGen: 305728K(318464K)->83K(293888K) Eden: 305664K(305664K)->0K(293376K) From: 64K(12800K)->83K(512K)
[56.778s][info][gc,heap        ] GC(116) ParOldGen: 132130K(175104K)->132146K(175104K)
[56.778s][info][gc,metaspace   ] GC(116) Metaspace: 34432K(35072K)->34432K(35072K) NonClass: 28173K(28608K)->28173K(28608K) Class: 6259K(6464K)->6259K(6464K)
[56.778s][info][gc             ] GC(116) Pause Young (Allocation Failure) 427M->129M(458M) 1.564ms
[56.778s][info][gc,cpu         ] GC(116) User=0.00s Sys=0.01s Real=0.00s
[57.856s][info][gc,start       ] GC(117) Pause Young (Allocation Failure)
[57.858s][info][gc,heap        ] GC(117) PSYoungGen: 293459K(293888K)->64K(292864K) Eden: 293376K(293376K)->0K(281600K) From: 83K(512K)->64K(11264K)
[57.858s][info][gc,heap        ] GC(117) ParOldGen: 132146K(175104K)->132154K(175104K)
[57.858s][info][gc,metaspace   ] GC(117) Metaspace: 34491K(35136K)->34491K(35136K) NonClass: 28231K(28672K)->28231K(28672K) Class: 6259K(6464K)->6259K(6464K)
[57.858s][info][gc             ] GC(117) Pause Young (Allocation Failure) 415M->129M(457M) 1.230ms
[57.858s][info][gc,cpu         ] GC(117) User=0.00s Sys=0.00s Real=0.00s
[58.183s][info][gc,start       ] GC(118) Pause Young (Allocation Failure)
[58.184s][info][gc,heap        ] GC(118) PSYoungGen: 281664K(292864K)->64K(270848K) Eden: 281600K(281600K)->0K(270336K) From: 64K(11264K)->64K(512K)
[58.184s][info][gc,heap        ] GC(118) ParOldGen: 132154K(175104K)->132170K(175104K)
[58.184s][info][gc,metaspace   ] GC(118) Metaspace: 34491K(35136K)->34491K(35136K) NonClass: 28231K(28672K)->28231K(28672K) Class: 6259K(6464K)->6259K(6464K)
[58.184s][info][gc             ] GC(118) Pause Young (Allocation Failure) 404M->129M(435M) 1.655ms
[58.184s][info][gc,cpu         ] GC(118) User=0.00s Sys=0.01s Real=0.00s
[58.800s][info][gc,start       ] GC(119) Pause Young (Allocation Failure)
[58.802s][info][gc,heap        ] GC(119) PSYoungGen: 270400K(270848K)->64K(269312K) Eden: 270336K(270336K)->0K(259584K) From: 64K(512K)->64K(9728K)
[58.802s][info][gc,heap        ] GC(119) ParOldGen: 132170K(175104K)->132186K(175104K)
[58.802s][info][gc,metaspace   ] GC(119) Metaspace: 34524K(35200K)->34524K(35200K) NonClass: 28264K(28736K)->28264K(28736K) Class: 6259K(6464K)->6259K(6464K)
[58.802s][info][gc             ] GC(119) Pause Young (Allocation Failure) 393M->129M(434M) 1.577ms
[58.802s][info][gc,cpu         ] GC(119) User=0.01s Sys=0.00s Real=0.01s
[60.127s][info][gc,start       ] GC(120) Pause Young (Allocation Failure)
[60.129s][info][gc,heap        ] GC(120) PSYoungGen: 259648K(269312K)->64K(249856K) Eden: 259584K(259584K)->0K(249344K) From: 64K(9728K)->64K(512K)
[60.129s][info][gc,heap        ] GC(120) ParOldGen: 132186K(175104K)->132202K(175104K)
[60.129s][info][gc,metaspace   ] GC(120) Metaspace: 34548K(35264K)->34548K(35264K) NonClass: 28288K(28800K)->28288K(28800K) Class: 6259K(6464K)->6259K(6464K)
[60.129s][info][gc             ] GC(120) Pause Young (Allocation Failure) 382M->129M(415M) 2.223ms
[60.129s][info][gc,cpu         ] GC(120) User=0.01s Sys=0.00s Real=0.00s
[61.032s][info][gc,start       ] GC(121) Pause Young (Allocation Failure)
[61.033s][info][gc,heap        ] GC(121) PSYoungGen: 249408K(249856K)->32K(248320K) Eden: 249344K(249344K)->0K(239616K) From: 64K(512K)->32K(8704K)
[61.033s][info][gc,heap        ] GC(121) ParOldGen: 132202K(175104K)->132210K(175104K)
[61.033s][info][gc,metaspace   ] GC(121) Metaspace: 34669K(35392K)->34669K(35392K) NonClass: 28410K(28928K)->28410K(28928K) Class: 6259K(6464K)->6259K(6464K)
[61.033s][info][gc             ] GC(121) Pause Young (Allocation Failure) 372M->129M(413M) 1.402ms
[61.033s][info][gc,cpu         ] GC(121) User=0.00s Sys=0.00s Real=0.00s
[61.262s][info][gc,start       ] GC(122) Pause Young (Allocation Failure)
[61.263s][info][gc,heap        ] GC(122) PSYoungGen: 239648K(248320K)->64K(230912K) Eden: 239616K(239616K)->0K(230400K) From: 32K(8704K)->64K(512K)
[61.263s][info][gc,heap        ] GC(122) ParOldGen: 132210K(175104K)->132226K(175104K)
[61.263s][info][gc,metaspace   ] GC(122) Metaspace: 34689K(35392K)->34689K(35392K) NonClass: 28430K(28928K)->28430K(28928K) Class: 6259K(6464K)->6259K(6464K)
[61.263s][info][gc             ] GC(122) Pause Young (Allocation Failure) 363M->129M(396M) 1.346ms
[61.263s][info][gc,cpu         ] GC(122) User=0.00s Sys=0.00s Real=0.00s
[61.373s][info][gc,start       ] GC(123) Pause Young (Allocation Failure)
[61.374s][info][gc,heap        ] GC(123) PSYoungGen: 230464K(230912K)->64K(229376K) Eden: 230400K(230400K)->0K(221696K) From: 64K(512K)->64K(7680K)
[61.374s][info][gc,heap        ] GC(123) ParOldGen: 132226K(175104K)->132234K(175104K)
[61.374s][info][gc,metaspace   ] GC(123) Metaspace: 34689K(35392K)->34689K(35392K) NonClass: 28430K(28928K)->28430K(28928K) Class: 6259K(6464K)->6259K(6464K)
[61.374s][info][gc             ] GC(123) Pause Young (Allocation Failure) 354M->129M(395M) 0.882ms
[61.374s][info][gc,cpu         ] GC(123) User=0.00s Sys=0.00s Real=0.00s
[62.026s][info][gc,start       ] GC(124) Pause Young (Allocation Failure)
[62.028s][info][gc,heap        ] GC(124) PSYoungGen: 221760K(229376K)->64K(214016K) Eden: 221696K(221696K)->0K(213504K) From: 64K(7680K)->64K(512K)
[62.028s][info][gc,heap        ] GC(124) ParOldGen: 132234K(175104K)->132242K(175104K)
[62.028s][info][gc,metaspace   ] GC(124) Metaspace: 34692K(35392K)->34692K(35392K) NonClass: 28433K(28928K)->28433K(28928K) Class: 6259K(6464K)->6259K(6464K)
[62.028s][info][gc             ] GC(124) Pause Young (Allocation Failure) 345M->129M(380M) 1.360ms
[62.028s][info][gc,cpu         ] GC(124) User=0.01s Sys=0.00s Real=0.00s
[62.295s][info][gc,start       ] GC(125) Pause Young (Allocation Failure)
[62.296s][info][gc,heap        ] GC(125) PSYoungGen: 213568K(214016K)->64K(212480K) Eden: 213504K(213504K)->0K(205824K) From: 64K(512K)->64K(6656K)
[62.296s][info][gc,heap        ] GC(125) ParOldGen: 132242K(175104K)->132250K(175104K)
[62.296s][info][gc,metaspace   ] GC(125) Metaspace: 34694K(35392K)->34694K(35392K) NonClass: 28434K(28928K)->28434K(28928K) Class: 6259K(6464K)->6259K(6464K)
[62.296s][info][gc             ] GC(125) Pause Young (Allocation Failure) 337M->129M(378M) 0.862ms
[62.296s][info][gc,cpu         ] GC(125) User=0.00s Sys=0.00s Real=0.00s
[62.637s][info][gc,start       ] GC(126) Pause Young (Allocation Failure)
[62.656s][info][gc,heap        ] GC(126) PSYoungGen: 205888K(212480K)->6144K(253440K) Eden: 205824K(205824K)->0K(247296K) From: 64K(6656K)->6144K(6144K)
[62.656s][info][gc,heap        ] GC(126) ParOldGen: 132250K(175104K)->137274K(175104K)
[62.656s][info][gc,metaspace   ] GC(126) Metaspace: 34709K(35392K)->34709K(35392K) NonClass: 28450K(28928K)->28450K(28928K) Class: 6259K(6464K)->6259K(6464K)
[62.656s][info][gc             ] GC(126) Pause Young (Allocation Failure) 330M->140M(418M) 19.460ms
[62.656s][info][gc,cpu         ] GC(126) User=0.03s Sys=0.00s Real=0.02s
[62.950s][info][gc,start       ] GC(127) Pause Young (Allocation Failure)
[63.000s][info][gc,heap        ] GC(127) PSYoungGen: 253440K(253440K)->9216K(279552K) Eden: 247296K(247296K)->0K(270336K) From: 6144K(6144K)->9216K(9216K)
[63.000s][info][gc,heap        ] GC(127) ParOldGen: 137274K(175104K)->154490K(175104K)
[63.000s][info][gc,metaspace   ] GC(127) Metaspace: 34709K(35392K)->34709K(35392K) NonClass: 28450K(28928K)->28450K(28928K) Class: 6259K(6464K)->6259K(6464K)
[63.000s][info][gc             ] GC(127) Pause Young (Allocation Failure) 381M->159M(444M) 50.726ms
[63.000s][info][gc,cpu         ] GC(127) User=0.08s Sys=0.01s Real=0.05s
[63.311s][info][gc,start       ] GC(128) Pause Young (Allocation Failure)
[63.374s][info][gc,heap        ] GC(128) PSYoungGen: 279552K(279552K)->17920K(300544K) Eden: 270336K(270336K)->0K(282624K) From: 9216K(9216K)->17920K(17920K)
[63.374s][info][gc,heap        ] GC(128) ParOldGen: 154490K(175104K)->165874K(175104K)
[63.374s][info][gc,metaspace   ] GC(128) Metaspace: 34709K(35392K)->34709K(35392K) NonClass: 28450K(28928K)->28450K(28928K) Class: 6259K(6464K)->6259K(6464K)
[63.374s][info][gc             ] GC(128) Pause Young (Allocation Failure) 423M->179M(464M) 62.491ms
[63.374s][info][gc,cpu         ] GC(128) User=0.10s Sys=0.03s Real=0.06s
[63.487s][info][gc,start       ] GC(129) Pause Young (Allocation Failure)
[63.496s][info][gc,heap        ] GC(129) PSYoungGen: 300544K(300544K)->2912K(308224K) Eden: 282624K(282624K)->0K(282624K) From: 17920K(17920K)->2912K(25600K)
[63.496s][info][gc,heap        ] GC(129) ParOldGen: 165874K(175104K)->166290K(175104K)
[63.496s][info][gc,metaspace   ] GC(129) Metaspace: 34709K(35392K)->34709K(35392K) NonClass: 28450K(28928K)->28450K(28928K) Class: 6259K(6464K)->6259K(6464K)
[63.496s][info][gc             ] GC(129) Pause Young (Allocation Failure) 455M->165M(472M) 8.213ms
[63.496s][info][gc,cpu         ] GC(129) User=0.01s Sys=0.00s Real=0.01s
[64.106s][info][gc,start       ] GC(130) Pause Young (Allocation Failure)
[64.107s][info][gc,heap        ] GC(130) PSYoungGen: 285536K(308224K)->64K(306176K) Eden: 282624K(282624K)->0K(283648K) From: 2912K(25600K)->64K(22528K)
[64.107s][info][gc,heap        ] GC(130) ParOldGen: 166290K(175104K)->166298K(175104K)
[64.107s][info][gc,metaspace   ] GC(130) Metaspace: 34709K(35392K)->34709K(35392K) NonClass: 28450K(28928K)->28450K(28928K) Class: 6259K(6464K)->6259K(6464K)
[64.107s][info][gc             ] GC(130) Pause Young (Allocation Failure) 441M->162M(470M) 1.092ms
[64.107s][info][gc,cpu         ] GC(130) User=0.00s Sys=0.00s Real=0.00s
[64.748s][info][gc,start       ] GC(131) Pause Young (Allocation Failure)
[64.749s][info][gc,heap        ] GC(131) PSYoungGen: 283712K(306176K)->64K(307712K) Eden: 283648K(283648K)->0K(283648K) From: 64K(22528K)->64K(24064K)
[64.749s][info][gc,heap        ] GC(131) ParOldGen: 166298K(175104K)->166306K(175104K)
[64.749s][info][gc,metaspace   ] GC(131) Metaspace: 34741K(35456K)->34741K(35456K) NonClass: 28482K(28992K)->28482K(28992K) Class: 6259K(6464K)->6259K(6464K)
[64.749s][info][gc             ] GC(131) Pause Young (Allocation Failure) 439M->162M(471M) 0.984ms
[64.749s][info][gc,cpu         ] GC(131) User=0.00s Sys=0.00s Real=0.00s
[65.388s][info][gc,start       ] GC(132) Pause Young (Allocation Failure)
[65.389s][info][gc,heap        ] GC(132) PSYoungGen: 283712K(307712K)->64K(307200K) Eden: 283648K(283648K)->0K(286720K) From: 64K(24064K)->64K(20480K)
[65.390s][info][gc,heap        ] GC(132) ParOldGen: 166306K(175104K)->166322K(175104K)
[65.390s][info][gc,metaspace   ] GC(132) Metaspace: 34741K(35456K)->34741K(35456K) NonClass: 28482K(28992K)->28482K(28992K) Class: 6259K(6464K)->6259K(6464K)
[65.390s][info][gc             ] GC(132) Pause Young (Allocation Failure) 439M->162M(471M) 1.385ms
[65.390s][info][gc,cpu         ] GC(132) User=0.00s Sys=0.00s Real=0.00s
[65.655s][info][gc,start       ] GC(133) Pause Young (Allocation Failure)
[65.657s][info][gc,heap        ] GC(133) PSYoungGen: 286784K(307200K)->32K(308736K) Eden: 286720K(286720K)->0K(286720K) From: 64K(20480K)->32K(22016K)
[65.657s][info][gc,heap        ] GC(133) ParOldGen: 166322K(175104K)->166338K(175104K)
[65.657s][info][gc,metaspace   ] GC(133) Metaspace: 34773K(35456K)->34773K(35456K) NonClass: 28514K(28992K)->28514K(28992K) Class: 6259K(6464K)->6259K(6464K)
[65.657s][info][gc             ] GC(133) Pause Young (Allocation Failure) 442M->162M(472M) 1.750ms
[65.657s][info][gc,cpu         ] GC(133) User=0.01s Sys=0.00s Real=0.00s
[65.873s][info][gc,start       ] GC(134) Pause Young (Allocation Failure)
[65.875s][info][gc,heap        ] GC(134) PSYoungGen: 286752K(308736K)->64K(309248K) Eden: 286720K(286720K)->0K(290816K) From: 32K(22016K)->64K(18432K)
[65.875s][info][gc,heap        ] GC(134) ParOldGen: 166338K(175104K)->166338K(175104K)
[65.875s][info][gc,metaspace   ] GC(134) Metaspace: 34773K(35456K)->34773K(35456K) NonClass: 28514K(28992K)->28514K(28992K) Class: 6259K(6464K)->6259K(6464K)
[65.875s][info][gc             ] GC(134) Pause Young (Allocation Failure) 442M->162M(473M) 1.718ms
[65.875s][info][gc,cpu         ] GC(134) User=0.00s Sys=0.00s Real=0.00s
[66.254s][info][gc,start       ] GC(135) Pause Young (Allocation Failure)
[66.255s][info][gc,heap        ] GC(135) PSYoungGen: 290880K(309248K)->64K(310784K) Eden: 290816K(290816K)->0K(290816K) From: 64K(18432K)->64K(19968K)
[66.255s][info][gc,heap        ] GC(135) ParOldGen: 166338K(175104K)->166338K(175104K)
[66.255s][info][gc,metaspace   ] GC(135) Metaspace: 34774K(35456K)->34774K(35456K) NonClass: 28514K(28992K)->28514K(28992K) Class: 6259K(6464K)->6259K(6464K)
[66.255s][info][gc             ] GC(135) Pause Young (Allocation Failure) 446M->162M(474M) 1.280ms
[66.255s][info][gc,cpu         ] GC(135) User=0.01s Sys=0.00s Real=0.00s
[66.311s][info][gc,start       ] GC(136) Pause Young (Allocation Failure)
[66.312s][info][gc,heap        ] GC(136) PSYoungGen: 290879K(310784K)->64K(311296K) Eden: 290815K(290816K)->0K(294912K) From: 64K(19968K)->64K(16384K)
[66.312s][info][gc,heap        ] GC(136) ParOldGen: 166338K(175104K)->166354K(175104K)
[66.312s][info][gc,metaspace   ] GC(136) Metaspace: 34774K(35456K)->34774K(35456K) NonClass: 28514K(28992K)->28514K(28992K) Class: 6259K(6464K)->6259K(6464K)
[66.312s][info][gc             ] GC(136) Pause Young (Allocation Failure) 446M->162M(475M) 0.999ms
[66.312s][info][gc,cpu         ] GC(136) User=0.00s Sys=0.00s Real=0.00s
[66.373s][info][gc,start       ] GC(137) Pause Young (Allocation Failure)
[66.374s][info][gc,heap        ] GC(137) PSYoungGen: 294976K(311296K)->64K(312832K) Eden: 294912K(294912K)->0K(294912K) From: 64K(16384K)->64K(17920K)
[66.374s][info][gc,heap        ] GC(137) ParOldGen: 166354K(175104K)->166354K(175104K)
[66.374s][info][gc,metaspace   ] GC(137) Metaspace: 34774K(35456K)->34774K(35456K) NonClass: 28514K(28992K)->28514K(28992K) Class: 6259K(6464K)->6259K(6464K)
[66.374s][info][gc             ] GC(137) Pause Young (Allocation Failure) 450M->162M(476M) 0.914ms
[66.374s][info][gc,cpu         ] GC(137) User=0.00s Sys=0.00s Real=0.00s
[66.576s][info][gc,start       ] GC(138) Pause Young (Allocation Failure)
[66.577s][info][gc,heap        ] GC(138) PSYoungGen: 294976K(312832K)->64K(313344K) Eden: 294912K(294912K)->0K(298496K) From: 64K(17920K)->64K(14848K)
[66.577s][info][gc,heap        ] GC(138) ParOldGen: 166354K(175104K)->166354K(175104K)
[66.577s][info][gc,metaspace   ] GC(138) Metaspace: 34775K(35456K)->34775K(35456K) NonClass: 28515K(28992K)->28515K(28992K) Class: 6259K(6464K)->6259K(6464K)
[66.577s][info][gc             ] GC(138) Pause Young (Allocation Failure) 450M->162M(477M) 1.051ms
[66.577s][info][gc,cpu         ] GC(138) User=0.00s Sys=0.00s Real=0.00s
[66.814s][info][gc,start       ] GC(139) Pause Young (Allocation Failure)
[66.814s][info][gc,heap        ] GC(139) PSYoungGen: 298560K(313344K)->64K(314880K) Eden: 298496K(298496K)->0K(298496K) From: 64K(14848K)->64K(16384K)
[66.815s][info][gc,heap        ] GC(139) ParOldGen: 166354K(175104K)->166362K(175104K)
[66.815s][info][gc,metaspace   ] GC(139) Metaspace: 34775K(35456K)->34775K(35456K) NonClass: 28515K(28992K)->28515K(28992K) Class: 6259K(6464K)->6259K(6464K)
[66.815s][info][gc             ] GC(139) Pause Young (Allocation Failure) 454M->162M(478M) 0.980ms
[66.815s][info][gc,cpu         ] GC(139) User=0.00s Sys=0.00s Real=0.00s
[66.938s][info][gc,start       ] GC(140) Pause Young (Allocation Failure)
[66.940s][info][gc,heap        ] GC(140) PSYoungGen: 298560K(314880K)->64K(287232K) Eden: 298496K(298496K)->0K(286720K) From: 64K(16384K)->64K(512K)
[66.940s][info][gc,heap        ] GC(140) ParOldGen: 166362K(175104K)->166370K(175104K)
[66.940s][info][gc,metaspace   ] GC(140) Metaspace: 34775K(35456K)->34775K(35456K) NonClass: 28515K(28992K)->28515K(28992K) Class: 6259K(6464K)->6259K(6464K)
[66.940s][info][gc             ] GC(140) Pause Young (Allocation Failure) 454M->162M(451M) 1.796ms
[66.940s][info][gc,cpu         ] GC(140) User=0.00s Sys=0.00s Real=0.00s
[67.034s][info][gc,start       ] GC(141) Pause Young (Allocation Failure)
[67.034s][info][gc,heap        ] GC(141) PSYoungGen: 286784K(287232K)->64K(289792K) Eden: 286720K(286720K)->0K(275456K) From: 64K(512K)->64K(14336K)
[67.034s][info][gc,heap        ] GC(141) ParOldGen: 166370K(175104K)->166378K(175104K)
[67.034s][info][gc,metaspace   ] GC(141) Metaspace: 34775K(35456K)->34775K(35456K) NonClass: 28515K(28992K)->28515K(28992K) Class: 6259K(6464K)->6259K(6464K)
[67.034s][info][gc             ] GC(141) Pause Young (Allocation Failure) 442M->162M(454M) 0.814ms
[67.034s][info][gc,cpu         ] GC(141) User=0.00s Sys=0.00s Real=0.00s
[67.219s][info][gc,start       ] GC(142) Pause Young (Allocation Failure)
[67.220s][info][gc,heap        ] GC(142) PSYoungGen: 275520K(289792K)->64K(265216K) Eden: 275456K(275456K)->0K(264704K) From: 64K(14336K)->64K(512K)
[67.220s][info][gc,heap        ] GC(142) ParOldGen: 166378K(175104K)->166386K(175104K)
[67.220s][info][gc,metaspace   ] GC(142) Metaspace: 34775K(35456K)->34775K(35456K) NonClass: 28515K(28992K)->28515K(28992K) Class: 6259K(6464K)->6259K(6464K)
[67.220s][info][gc             ] GC(142) Pause Young (Allocation Failure) 431M->162M(430M) 1.290ms
[67.220s][info][gc,cpu         ] GC(142) User=0.01s Sys=0.00s Real=0.00s
[68.216s][info][gc,start       ] GC(143) Pause Young (Allocation Failure)
[68.217s][info][gc,heap        ] GC(143) PSYoungGen: 264768K(265216K)->64K(267264K) Eden: 264704K(264704K)->0K(254464K) From: 64K(512K)->64K(12800K)
[68.217s][info][gc,heap        ] GC(143) ParOldGen: 166386K(175104K)->166394K(175104K)
[68.217s][info][gc,metaspace   ] GC(143) Metaspace: 34843K(35520K)->34843K(35520K) NonClass: 28583K(29056K)->28583K(29056K) Class: 6259K(6464K)->6259K(6464K)
[68.217s][info][gc             ] GC(143) Pause Young (Allocation Failure) 421M->162M(432M) 0.869ms
[68.217s][info][gc,cpu         ] GC(143) User=0.00s Sys=0.00s Real=0.00s
[68.826s][info][gc,start       ] GC(144) Pause Young (Allocation Failure)
[68.828s][info][gc,heap        ] GC(144) PSYoungGen: 254528K(267264K)->64K(245248K) Eden: 254464K(254464K)->0K(244736K) From: 64K(12800K)->64K(512K)
[68.828s][info][gc,heap        ] GC(144) ParOldGen: 166394K(175104K)->166402K(175104K)
[68.828s][info][gc,metaspace   ] GC(144) Metaspace: 34843K(35520K)->34843K(35520K) NonClass: 28583K(29056K)->28583K(29056K) Class: 6259K(6464K)->6259K(6464K)
[68.828s][info][gc             ] GC(144) Pause Young (Allocation Failure) 411M->162M(410M) 1.538ms
[68.828s][info][gc,cpu         ] GC(144) User=0.00s Sys=0.01s Real=0.00s
[69.334s][info][gc,start       ] GC(145) Pause Young (Allocation Failure)
[69.335s][info][gc,heap        ] GC(145) PSYoungGen: 244800K(245248K)->64K(246784K) Eden: 244736K(244736K)->0K(235520K) From: 64K(512K)->64K(11264K)
[69.335s][info][gc,heap        ] GC(145) ParOldGen: 166402K(175104K)->166418K(175104K)
[69.335s][info][gc,metaspace   ] GC(145) Metaspace: 34843K(35520K)->34843K(35520K) NonClass: 28583K(29056K)->28583K(29056K) Class: 6259K(6464K)->6259K(6464K)
[69.335s][info][gc             ] GC(145) Pause Young (Allocation Failure) 401M->162M(412M) 1.664ms
[69.335s][info][gc,cpu         ] GC(145) User=0.00s Sys=0.00s Real=0.00s
[69.756s][info][gc,start       ] GC(146) Pause Young (Allocation Failure)
[69.758s][info][gc,heap        ] GC(146) PSYoungGen: 235584K(246784K)->64K(227328K) Eden: 235520K(235520K)->0K(226816K) From: 64K(11264K)->64K(512K)
[69.759s][info][gc,heap        ] GC(146) ParOldGen: 166418K(175104K)->166434K(175104K)
[69.759s][info][gc,metaspace   ] GC(146) Metaspace: 34844K(35520K)->34844K(35520K) NonClass: 28584K(29056K)->28584K(29056K) Class: 6259K(6464K)->6259K(6464K)
[69.759s][info][gc             ] GC(146) Pause Young (Allocation Failure) 392M->162M(393M) 2.507ms
[69.759s][info][gc,cpu         ] GC(146) User=0.01s Sys=0.00s Real=0.00s
[70.103s][info][gc,start       ] GC(147) Pause Young (Allocation Failure)
[70.105s][info][gc,heap        ] GC(147) PSYoungGen: 226880K(227328K)->64K(227840K) Eden: 226816K(226816K)->0K(218112K) From: 64K(512K)->64K(9728K)
[70.105s][info][gc,heap        ] GC(147) ParOldGen: 166434K(175104K)->166450K(175104K)
[70.105s][info][gc,metaspace   ] GC(147) Metaspace: 34844K(35520K)->34844K(35520K) NonClass: 28584K(29056K)->28584K(29056K) Class: 6259K(6464K)->6259K(6464K)
[70.105s][info][gc             ] GC(147) Pause Young (Allocation Failure) 384M->162M(393M) 1.668ms
[70.105s][info][gc,cpu         ] GC(147) User=0.01s Sys=0.00s Real=0.00s
[71.237s][info][gc,start       ] GC(148) Pause Young (Allocation Failure)
[71.239s][info][gc,heap        ] GC(148) PSYoungGen: 218176K(227840K)->64K(210432K) Eden: 218112K(218112K)->0K(209920K) From: 64K(9728K)->64K(512K)
[71.239s][info][gc,heap        ] GC(148) ParOldGen: 166450K(175104K)->166458K(175104K)
[71.239s][info][gc,metaspace   ] GC(148) Metaspace: 34846K(35520K)->34846K(35520K) NonClass: 28587K(29056K)->28587K(29056K) Class: 6259K(6464K)->6259K(6464K)
[71.239s][info][gc             ] GC(148) Pause Young (Allocation Failure) 375M->162M(376M) 1.884ms
[71.239s][info][gc,cpu         ] GC(148) User=0.00s Sys=0.00s Real=0.00s
[71.670s][info][gc,start       ] GC(149) Pause Young (Allocation Failure)
[71.671s][info][gc,heap        ] GC(149) PSYoungGen: 209984K(210432K)->64K(210432K) Eden: 209920K(209920K)->0K(202240K) From: 64K(512K)->64K(8192K)
[71.671s][info][gc,heap        ] GC(149) ParOldGen: 166458K(175104K)->166466K(175104K)
[71.671s][info][gc,metaspace   ] GC(149) Metaspace: 34857K(35520K)->34857K(35520K) NonClass: 28597K(29056K)->28597K(29056K) Class: 6259K(6464K)->6259K(6464K)
[71.671s][info][gc             ] GC(149) Pause Young (Allocation Failure) 367M->162M(376M) 0.943ms
[71.671s][info][gc,cpu         ] GC(149) User=0.00s Sys=0.00s Real=0.01s
[71.840s][info][gc,start       ] GC(150) Pause Young (Allocation Failure)
[71.842s][info][gc,heap        ] GC(150) PSYoungGen: 202304K(210432K)->64K(195584K) Eden: 202240K(202240K)->0K(195072K) From: 64K(8192K)->64K(512K)
[71.842s][info][gc,heap        ] GC(150) ParOldGen: 166466K(175104K)->166474K(175104K)
[71.842s][info][gc,metaspace   ] GC(150) Metaspace: 34857K(35520K)->34857K(35520K) NonClass: 28597K(29056K)->28597K(29056K) Class: 6259K(6464K)->6259K(6464K)
[71.842s][info][gc             ] GC(150) Pause Young (Allocation Failure) 360M->162M(362M) 1.460ms
[71.842s][info][gc,cpu         ] GC(150) User=0.00s Sys=0.00s Real=0.01s
[71.918s][info][gc,start       ] GC(151) Pause Young (Allocation Failure)
[71.919s][info][gc,heap        ] GC(151) PSYoungGen: 195136K(195584K)->64K(195072K) Eden: 195072K(195072K)->0K(187904K) From: 64K(512K)->64K(7168K)
[71.919s][info][gc,heap        ] GC(151) ParOldGen: 166474K(175104K)->166482K(175104K)
[71.919s][info][gc,metaspace   ] GC(151) Metaspace: 34857K(35520K)->34857K(35520K) NonClass: 28597K(29056K)->28597K(29056K) Class: 6259K(6464K)->6259K(6464K)
[71.919s][info][gc             ] GC(151) Pause Young (Allocation Failure) 353M->162M(361M) 0.960ms
[71.919s][info][gc,cpu         ] GC(151) User=0.00s Sys=0.00s Real=0.00s
[72.381s][info][gc,start       ] GC(152) Pause Young (Allocation Failure)
[72.382s][info][gc,heap        ] GC(152) PSYoungGen: 187968K(195072K)->64K(181760K) Eden: 187904K(187904K)->0K(181248K) From: 64K(7168K)->64K(512K)
[72.382s][info][gc,heap        ] GC(152) ParOldGen: 166482K(175104K)->166490K(175104K)
[72.382s][info][gc,metaspace   ] GC(152) Metaspace: 34857K(35520K)->34857K(35520K) NonClass: 28597K(29056K)->28597K(29056K) Class: 6259K(6464K)->6259K(6464K)
[72.382s][info][gc             ] GC(152) Pause Young (Allocation Failure) 346M->162M(348M) 1.486ms
[72.382s][info][gc,cpu         ] GC(152) User=0.00s Sys=0.00s Real=0.00s
[72.700s][info][gc,start       ] GC(153) Pause Young (Allocation Failure)
[72.701s][info][gc,heap        ] GC(153) PSYoungGen: 181312K(181760K)->64K(181248K) Eden: 181248K(181248K)->0K(175104K) From: 64K(512K)->64K(6144K)
[72.701s][info][gc,heap        ] GC(153) ParOldGen: 166490K(175104K)->166498K(175104K)
[72.701s][info][gc,metaspace   ] GC(153) Metaspace: 34857K(35520K)->34857K(35520K) NonClass: 28597K(29056K)->28597K(29056K) Class: 6259K(6464K)->6259K(6464K)
[72.701s][info][gc             ] GC(153) Pause Young (Allocation Failure) 339M->162M(348M) 1.395ms
[72.701s][info][gc,cpu         ] GC(153) User=0.01s Sys=0.00s Real=0.01s
[72.996s][info][gc,start       ] GC(154) Pause Young (Allocation Failure)
[72.997s][info][gc,heap        ] GC(154) PSYoungGen: 175168K(181248K)->64K(169472K) Eden: 175104K(175104K)->0K(168960K) From: 64K(6144K)->64K(512K)
[72.997s][info][gc,heap        ] GC(154) ParOldGen: 166498K(175104K)->166506K(175104K)
[72.997s][info][gc,metaspace   ] GC(154) Metaspace: 34857K(35520K)->34857K(35520K) NonClass: 28597K(29056K)->28597K(29056K) Class: 6259K(6464K)->6259K(6464K)
[72.997s][info][gc             ] GC(154) Pause Young (Allocation Failure) 333M->162M(336M) 1.324ms
[72.997s][info][gc,cpu         ] GC(154) User=0.00s Sys=0.00s Real=0.00s
[73.242s][info][gc,start       ] GC(155) Pause Young (Allocation Failure)
[73.270s][info][gc,heap        ] GC(155) PSYoungGen: 169024K(169472K)->5632K(208384K) Eden: 168960K(168960K)->0K(202752K) From: 64K(512K)->5632K(5632K)
[73.270s][info][gc,heap        ] GC(155) ParOldGen: 166506K(175104K)->175778K(176128K)
[73.270s][info][gc,metaspace   ] GC(155) Metaspace: 34857K(35520K)->34857K(35520K) NonClass: 28597K(29056K)->28597K(29056K) Class: 6259K(6464K)->6259K(6464K)
[73.270s][info][gc             ] GC(155) Pause Young (Allocation Failure) 327M->177M(375M) 27.776ms
[73.270s][info][gc,cpu         ] GC(155) User=0.05s Sys=0.01s Real=0.02s
[73.505s][info][gc,start       ] GC(156) Pause Young (Allocation Failure)
[73.551s][info][gc,heap        ] GC(156) PSYoungGen: 208384K(208384K)->5632K(240640K) Eden: 202752K(202752K)->0K(235008K) From: 5632K(5632K)->5632K(5632K)
[73.551s][info][gc,heap        ] GC(156) ParOldGen: 175778K(176128K)->192018K(192512K)
[73.551s][info][gc,metaspace   ] GC(156) Metaspace: 34857K(35520K)->34857K(35520K) NonClass: 28597K(29056K)->28597K(29056K) Class: 6259K(6464K)->6259K(6464K)
[73.551s][info][gc             ] GC(156) Pause Young (Allocation Failure) 375M->193M(423M) 45.987ms
[73.551s][info][gc,cpu         ] GC(156) User=0.07s Sys=0.02s Real=0.05s
[73.819s][info][gc,start       ] GC(157) Pause Young (Allocation Failure)
[73.865s][info][gc,heap        ] GC(157) PSYoungGen: 240640K(240640K)->16896K(251904K) Eden: 235008K(235008K)->0K(235008K) From: 5632K(5632K)->16896K(16896K)
[73.865s][info][gc,heap        ] GC(157) ParOldGen: 192018K(192512K)->200634K(200704K)
[73.865s][info][gc,metaspace   ] GC(157) Metaspace: 34857K(35520K)->34857K(35520K) NonClass: 28597K(29056K)->28597K(29056K) Class: 6259K(6464K)->6259K(6464K)
[73.865s][info][gc             ] GC(157) Pause Young (Allocation Failure) 422M->212M(442M) 46.102ms
[73.865s][info][gc,cpu         ] GC(157) User=0.09s Sys=0.00s Real=0.05s
[73.992s][info][gc,start       ] GC(158) Pause Young (Allocation Failure)
[74.015s][info][gc,heap        ] GC(158) PSYoungGen: 251904K(251904K)->7648K(303616K) Eden: 235008K(235008K)->0K(282112K) From: 16896K(16896K)->7648K(21504K)
[74.015s][info][gc,heap        ] GC(158) ParOldGen: 200634K(200704K)->200938K(201216K)
[74.015s][info][gc,metaspace   ] GC(158) Metaspace: 34857K(35520K)->34857K(35520K) NonClass: 28597K(29056K)->28597K(29056K) Class: 6259K(6464K)->6259K(6464K)
[74.015s][info][gc             ] GC(158) Pause Young (Allocation Failure) 441M->203M(493M) 22.914ms
[74.015s][info][gc,cpu         ] GC(158) User=0.05s Sys=0.00s Real=0.02s
[74.437s][info][gc,start       ] GC(159) Pause Young (Allocation Failure)
[74.438s][info][gc,heap        ] GC(159) PSYoungGen: 289760K(303616K)->64K(304640K) Eden: 282112K(282112K)->0K(282112K) From: 7648K(21504K)->64K(22528K)
[74.438s][info][gc,heap        ] GC(159) ParOldGen: 200938K(201216K)->200946K(201216K)
[74.438s][info][gc,metaspace   ] GC(159) Metaspace: 34857K(35520K)->34857K(35520K) NonClass: 28597K(29056K)->28597K(29056K) Class: 6259K(6464K)->6259K(6464K)
[74.438s][info][gc             ] GC(159) Pause Young (Allocation Failure) 479M->196M(494M) 1.091ms
[74.438s][info][gc,cpu         ] GC(159) User=0.00s Sys=0.00s Real=0.00s
[75.045s][info][gc,start       ] GC(160) Pause Young (Allocation Failure)
[75.047s][info][gc,heap        ] GC(160) PSYoungGen: 282176K(304640K)->64K(308736K) Eden: 282112K(282112K)->0K(289280K) From: 64K(22528K)->64K(19456K)
[75.047s][info][gc,heap        ] GC(160) ParOldGen: 200946K(201216K)->200962K(201216K)
[75.047s][info][gc,metaspace   ] GC(160) Metaspace: 34857K(35520K)->34857K(35520K) NonClass: 28597K(29056K)->28597K(29056K) Class: 6259K(6464K)->6259K(6464K)
[75.047s][info][gc             ] GC(160) Pause Young (Allocation Failure) 471M->196M(498M) 1.911ms
[75.047s][info][gc,cpu         ] GC(160) User=0.00s Sys=0.00s Real=0.00s
[75.629s][info][gc,start       ] GC(161) Pause Young (Allocation Failure)
[75.631s][info][gc,heap        ] GC(161) PSYoungGen: 289344K(308736K)->64K(310272K) Eden: 289280K(289280K)->0K(289280K) From: 64K(19456K)->64K(20992K)
[75.631s][info][gc,heap        ] GC(161) ParOldGen: 200962K(201216K)->200978K(201216K)
[75.631s][info][gc,metaspace   ] GC(161) Metaspace: 34888K(35584K)->34888K(35584K) NonClass: 28629K(29120K)->28629K(29120K) Class: 6259K(6464K)->6259K(6464K)
[75.631s][info][gc             ] GC(161) Pause Young (Allocation Failure) 478M->196M(499M) 1.973ms
[75.631s][info][gc,cpu         ] GC(161) User=0.00s Sys=0.00s Real=0.01s
[75.857s][info][gc,start       ] GC(162) Pause Young (Allocation Failure)
[75.859s][info][gc,heap        ] GC(162) PSYoungGen: 289344K(310272K)->32K(310272K) Eden: 289280K(289280K)->0K(292352K) From: 64K(20992K)->32K(17920K)
[75.859s][info][gc,heap        ] GC(162) ParOldGen: 200978K(201216K)->200994K(201216K)
[75.859s][info][gc,metaspace   ] GC(162) Metaspace: 34888K(35584K)->34888K(35584K) NonClass: 28629K(29120K)->28629K(29120K) Class: 6259K(6464K)->6259K(6464K)
[75.860s][info][gc             ] GC(162) Pause Young (Allocation Failure) 478M->196M(499M) 2.384ms
[75.860s][info][gc,cpu         ] GC(162) User=0.00s Sys=0.00s Real=0.00s
[76.083s][info][gc,start       ] GC(163) Pause Young (Allocation Failure)
[76.084s][info][gc,heap        ] GC(163) PSYoungGen: 292384K(310272K)->64K(311808K) Eden: 292352K(292352K)->0K(292352K) From: 32K(17920K)->64K(19456K)
[76.084s][info][gc,heap        ] GC(163) ParOldGen: 200994K(201216K)->200994K(201216K)
[76.084s][info][gc,metaspace   ] GC(163) Metaspace: 34888K(35584K)->34888K(35584K) NonClass: 28629K(29120K)->28629K(29120K) Class: 6259K(6464K)->6259K(6464K)
[76.084s][info][gc             ] GC(163) Pause Young (Allocation Failure) 481M->196M(501M) 1.583ms
[76.084s][info][gc,cpu         ] GC(163) User=0.00s Sys=0.00s Real=0.00s
[76.462s][info][gc,start       ] GC(164) Pause Young (Allocation Failure)
[76.463s][info][gc,heap        ] GC(164) PSYoungGen: 292416K(311808K)->64K(311808K) Eden: 292352K(292352K)->0K(295424K) From: 64K(19456K)->64K(16384K)
[76.463s][info][gc,heap        ] GC(164) ParOldGen: 200994K(201216K)->200994K(201216K)
[76.463s][info][gc,metaspace   ] GC(164) Metaspace: 34888K(35584K)->34888K(35584K) NonClass: 28629K(29120K)->28629K(29120K) Class: 6259K(6464K)->6259K(6464K)
[76.463s][info][gc             ] GC(164) Pause Young (Allocation Failure) 481M->196M(501M) 1.048ms
[76.463s][info][gc,cpu         ] GC(164) User=0.00s Sys=0.00s Real=0.00s
[76.580s][info][gc,start       ] GC(165) Pause Young (Allocation Failure)
[76.582s][info][gc,heap        ] GC(165) PSYoungGen: 295488K(311808K)->32K(313344K) Eden: 295424K(295424K)->0K(295424K) From: 64K(16384K)->32K(17920K)
[76.582s][info][gc,heap        ] GC(165) ParOldGen: 200994K(201216K)->201002K(201216K)
[76.582s][info][gc,metaspace   ] GC(165) Metaspace: 34888K(35584K)->34888K(35584K) NonClass: 28629K(29120K)->28629K(29120K) Class: 6259K(6464K)->6259K(6464K)
[76.582s][info][gc             ] GC(165) Pause Young (Allocation Failure) 484M->196M(502M) 2.026ms
[76.582s][info][gc,cpu         ] GC(165) User=0.01s Sys=0.00s Real=0.01s
[76.640s][info][gc,start       ] GC(166) Pause Young (Allocation Failure)
[76.642s][info][gc,heap        ] GC(166) PSYoungGen: 295456K(313344K)->32K(314368K) Eden: 295424K(295424K)->0K(299008K) From: 32K(17920K)->32K(15360K)
[76.642s][info][gc,heap        ] GC(166) ParOldGen: 201002K(201216K)->201018K(201216K)
[76.642s][info][gc,metaspace   ] GC(166) Metaspace: 34888K(35584K)->34888K(35584K) NonClass: 28629K(29120K)->28629K(29120K) Class: 6259K(6464K)->6259K(6464K)
[76.642s][info][gc             ] GC(166) Pause Young (Allocation Failure) 484M->196M(503M) 1.672ms
[76.642s][info][gc,cpu         ] GC(166) User=0.00s Sys=0.00s Real=0.01s
[76.798s][info][gc,start       ] GC(167) Pause Young (Allocation Failure)
[76.800s][info][gc,heap        ] GC(167) PSYoungGen: 299040K(314368K)->64K(315392K) Eden: 299008K(299008K)->0K(299008K) From: 32K(15360K)->64K(16384K)
[76.800s][info][gc,heap        ] GC(167) ParOldGen: 201018K(201216K)->201018K(201216K)
[76.800s][info][gc,metaspace   ] GC(167) Metaspace: 34904K(35584K)->34904K(35584K) NonClass: 28644K(29120K)->28644K(29120K) Class: 6259K(6464K)->6259K(6464K)
[76.800s][info][gc             ] GC(167) Pause Young (Allocation Failure) 488M->196M(504M) 1.699ms
[76.800s][info][gc,cpu         ] GC(167) User=0.00s Sys=0.00s Real=0.00s
[77.028s][info][gc,start       ] GC(168) Pause Young (Allocation Failure)
[77.030s][info][gc,heap        ] GC(168) PSYoungGen: 299072K(315392K)->32K(315392K) Eden: 299008K(299008K)->0K(302080K) From: 64K(16384K)->32K(13312K)
[77.030s][info][gc,heap        ] GC(168) ParOldGen: 201018K(201216K)->201034K(201216K)
[77.030s][info][gc,metaspace   ] GC(168) Metaspace: 34904K(35584K)->34904K(35584K) NonClass: 28644K(29120K)->28644K(29120K) Class: 6259K(6464K)->6259K(6464K)
[77.030s][info][gc             ] GC(168) Pause Young (Allocation Failure) 488M->196M(504M) 1.801ms
[77.030s][info][gc,cpu         ] GC(168) User=0.00s Sys=0.00s Real=0.00s
[77.185s][info][gc,start       ] GC(169) Pause Young (Allocation Failure)
[77.187s][info][gc,heap        ] GC(169) PSYoungGen: 302112K(315392K)->64K(316416K) Eden: 302080K(302080K)->0K(302080K) From: 32K(13312K)->64K(14336K)
[77.187s][info][gc,heap        ] GC(169) ParOldGen: 201034K(201216K)->201042K(201216K)
[77.187s][info][gc,metaspace   ] GC(169) Metaspace: 34908K(35584K)->34908K(35584K) NonClass: 28649K(29120K)->28649K(29120K) Class: 6259K(6464K)->6259K(6464K)
[77.187s][info][gc             ] GC(169) Pause Young (Allocation Failure) 491M->196M(505M) 1.287ms
[77.187s][info][gc,cpu         ] GC(169) User=0.00s Sys=0.00s Real=0.00s
[77.268s][info][gc,start       ] GC(170) Pause Young (Allocation Failure)
[77.269s][info][gc,heap        ] GC(170) PSYoungGen: 302144K(316416K)->64K(316928K) Eden: 302080K(302080K)->0K(305664K) From: 64K(14336K)->64K(11264K)
[77.269s][info][gc,heap        ] GC(170) ParOldGen: 201042K(201216K)->201058K(201216K)
[77.269s][info][gc,metaspace   ] GC(170) Metaspace: 34908K(35584K)->34908K(35584K) NonClass: 28649K(29120K)->28649K(29120K) Class: 6259K(6464K)->6259K(6464K)
[77.269s][info][gc             ] GC(170) Pause Young (Allocation Failure) 491M->196M(506M) 1.000ms
[77.269s][info][gc,cpu         ] GC(170) User=0.01s Sys=0.00s Real=0.00s
[77.471s][info][gc,start       ] GC(171) Pause Young (Allocation Failure)
[77.472s][info][gc,heap        ] GC(171) PSYoungGen: 305728K(316928K)->64K(318464K) Eden: 305664K(305664K)->0K(305664K) From: 64K(11264K)->64K(12800K)
[77.472s][info][gc,heap        ] GC(171) ParOldGen: 201058K(201216K)->201058K(201216K)
[77.472s][info][gc,metaspace   ] GC(171) Metaspace: 34908K(35584K)->34908K(35584K) NonClass: 28649K(29120K)->28649K(29120K) Class: 6259K(6464K)->6259K(6464K)
[77.472s][info][gc             ] GC(171) Pause Young (Allocation Failure) 494M->196M(507M) 1.017ms
[77.472s][info][gc,cpu         ] GC(171) User=0.00s Sys=0.00s Real=0.01s
[78.473s][info][gc,start       ] GC(172) Pause Young (Allocation Failure)
[78.474s][info][gc,heap        ] GC(172) PSYoungGen: 305728K(318464K)->64K(293888K) Eden: 305664K(305664K)->0K(293376K) From: 64K(12800K)->64K(512K)
[78.474s][info][gc,heap        ] GC(172) ParOldGen: 201058K(201216K)->201066K(201216K)
[78.474s][info][gc,metaspace   ] GC(172) Metaspace: 34908K(35584K)->34908K(35584K) NonClass: 28649K(29120K)->28649K(29120K) Class: 6259K(6464K)->6259K(6464K)
[78.474s][info][gc             ] GC(172) Pause Young (Allocation Failure) 494M->196M(483M) 1.120ms
[78.474s][info][gc,cpu         ] GC(172) User=0.00s Sys=0.00s Real=0.00s
[79.397s][info][gc,start       ] GC(173) Pause Young (Allocation Failure)
[79.399s][info][gc,heap        ] GC(173) PSYoungGen: 293440K(293888K)->64K(292864K) Eden: 293376K(293376K)->0K(281600K) From: 64K(512K)->64K(11264K)
[79.399s][info][gc,heap        ] GC(173) ParOldGen: 201066K(201216K)->201082K(201216K)
[79.399s][info][gc,metaspace   ] GC(173) Metaspace: 34908K(35584K)->34908K(35584K) NonClass: 28649K(29120K)->28649K(29120K) Class: 6259K(6464K)->6259K(6464K)
[79.399s][info][gc             ] GC(173) Pause Young (Allocation Failure) 482M->196M(482M) 1.799ms
[79.399s][info][gc,cpu         ] GC(173) User=0.00s Sys=0.00s Real=0.00s
[79.709s][info][gc,start       ] GC(174) Pause Young (Allocation Failure)
[79.711s][info][gc,heap        ] GC(174) PSYoungGen: 281664K(292864K)->64K(270848K) Eden: 281600K(281600K)->0K(270336K) From: 64K(11264K)->64K(512K)
[79.711s][info][gc,heap        ] GC(174) ParOldGen: 201082K(201216K)->201090K(201216K)
[79.711s][info][gc,metaspace   ] GC(174) Metaspace: 34908K(35584K)->34908K(35584K) NonClass: 28649K(29120K)->28649K(29120K) Class: 6259K(6464K)->6259K(6464K)
[79.711s][info][gc             ] GC(174) Pause Young (Allocation Failure) 471M->196M(461M) 2.041ms
[79.711s][info][gc,cpu         ] GC(174) User=0.00s Sys=0.00s Real=0.01s
[80.167s][info][gc,start       ] GC(175) Pause Young (Allocation Failure)
[80.168s][info][gc,heap        ] GC(175) PSYoungGen: 270400K(270848K)->64K(269312K) Eden: 270336K(270336K)->0K(259584K) From: 64K(512K)->64K(9728K)
[80.168s][info][gc,heap        ] GC(175) ParOldGen: 201090K(201216K)->201098K(201216K)
[80.168s][info][gc,metaspace   ] GC(175) Metaspace: 34908K(35584K)->34908K(35584K) NonClass: 28649K(29120K)->28649K(29120K) Class: 6259K(6464K)->6259K(6464K)
[80.168s][info][gc             ] GC(175) Pause Young (Allocation Failure) 460M->196M(459M) 1.414ms
[80.168s][info][gc,cpu         ] GC(175) User=0.00s Sys=0.00s Real=0.00s
[81.313s][info][gc,start       ] GC(176) Pause Young (Allocation Failure)
[81.314s][info][gc,heap        ] GC(176) PSYoungGen: 259648K(269312K)->64K(249856K) Eden: 259584K(259584K)->0K(249344K) From: 64K(9728K)->64K(512K)
[81.314s][info][gc,heap        ] GC(176) ParOldGen: 201098K(201216K)->201106K(201216K)
[81.314s][info][gc,metaspace   ] GC(176) Metaspace: 34939K(35648K)->34939K(35648K) NonClass: 28680K(29184K)->28680K(29184K) Class: 6259K(6464K)->6259K(6464K)
[81.314s][info][gc             ] GC(176) Pause Young (Allocation Failure) 449M->196M(440M) 1.612ms
[81.315s][info][gc,cpu         ] GC(176) User=0.01s Sys=0.00s Real=0.00s
[81.782s][info][gc,start       ] GC(177) Pause Young (Allocation Failure)
[81.784s][info][gc,heap        ] GC(177) PSYoungGen: 249408K(249856K)->32K(248320K) Eden: 249344K(249344K)->0K(239616K) From: 64K(512K)->32K(8704K)
[81.784s][info][gc,heap        ] GC(177) ParOldGen: 201106K(201216K)->201122K(201216K)
[81.784s][info][gc,metaspace   ] GC(177) Metaspace: 34942K(35648K)->34942K(35648K) NonClass: 28683K(29184K)->28683K(29184K) Class: 6259K(6464K)->6259K(6464K)
[81.784s][info][gc             ] GC(177) Pause Young (Allocation Failure) 439M->196M(439M) 1.813ms
[81.784s][info][gc,cpu         ] GC(177) User=0.00s Sys=0.00s Real=0.00s
[81.966s][info][gc,start       ] GC(178) Pause Young (Allocation Failure)
[81.968s][info][gc,heap        ] GC(178) PSYoungGen: 239648K(248320K)->32K(230912K) Eden: 239616K(239616K)->0K(230400K) From: 32K(8704K)->32K(512K)
[81.968s][info][gc,heap        ] GC(178) ParOldGen: 201122K(201216K)->201130K(201216K)
[81.968s][info][gc,metaspace   ] GC(178) Metaspace: 34942K(35648K)->34942K(35648K) NonClass: 28683K(29184K)->28683K(29184K) Class: 6259K(6464K)->6259K(6464K)
[81.968s][info][gc             ] GC(178) Pause Young (Allocation Failure) 430M->196M(422M) 2.232ms
[81.968s][info][gc,cpu         ] GC(178) User=0.00s Sys=0.00s Real=0.00s
[82.109s][info][gc,start       ] GC(179) Pause Young (Allocation Failure)
[82.111s][info][gc,heap        ] GC(179) PSYoungGen: 230432K(230912K)->64K(229376K) Eden: 230400K(230400K)->0K(221696K) From: 32K(512K)->64K(7680K)
[82.111s][info][gc,heap        ] GC(179) ParOldGen: 201130K(201216K)->201138K(201216K)
[82.111s][info][gc,metaspace   ] GC(179) Metaspace: 34942K(35648K)->34942K(35648K) NonClass: 28683K(29184K)->28683K(29184K) Class: 6259K(6464K)->6259K(6464K)
[82.111s][info][gc             ] GC(179) Pause Young (Allocation Failure) 421M->196M(420M) 1.722ms
[82.111s][info][gc,cpu         ] GC(179) User=0.00s Sys=0.00s Real=0.01s
[82.742s][info][gc,start       ] GC(180) Pause Young (Allocation Failure)
[82.745s][info][gc,heap        ] GC(180) PSYoungGen: 221760K(229376K)->64K(214016K) Eden: 221696K(221696K)->0K(213504K) From: 64K(7680K)->64K(512K)
[82.745s][info][gc,heap        ] GC(180) ParOldGen: 201138K(201216K)->201146K(201216K)
[82.745s][info][gc,metaspace   ] GC(180) Metaspace: 34942K(35648K)->34942K(35648K) NonClass: 28683K(29184K)->28683K(29184K) Class: 6259K(6464K)->6259K(6464K)
[82.745s][info][gc             ] GC(180) Pause Young (Allocation Failure) 412M->196M(405M) 2.887ms
[82.745s][info][gc,cpu         ] GC(180) User=0.00s Sys=0.00s Real=0.00s
[83.008s][info][gc,start       ] GC(181) Pause Young (Allocation Failure)
[83.009s][info][gc,heap        ] GC(181) PSYoungGen: 213568K(214016K)->64K(212480K) Eden: 213504K(213504K)->0K(205824K) From: 64K(512K)->64K(6656K)
[83.009s][info][gc,heap        ] GC(181) ParOldGen: 201146K(201216K)->201154K(201216K)
[83.009s][info][gc,metaspace   ] GC(181) Metaspace: 34942K(35648K)->34942K(35648K) NonClass: 28683K(29184K)->28683K(29184K) Class: 6259K(6464K)->6259K(6464K)
[83.009s][info][gc             ] GC(181) Pause Young (Allocation Failure) 404M->196M(404M) 1.022ms
[83.009s][info][gc,cpu         ] GC(181) User=0.01s Sys=0.00s Real=0.00s
[83.324s][info][gc,start       ] GC(182) Pause Young (Allocation Failure)
[83.351s][info][gc,heap        ] GC(182) PSYoungGen: 205888K(212480K)->6144K(253440K) Eden: 205824K(205824K)->0K(247296K) From: 64K(6656K)->6144K(6144K)
[83.352s][info][gc,heap        ] GC(182) ParOldGen: 201154K(201216K)->208418K(208896K)
[83.352s][info][gc,metaspace   ] GC(182) Metaspace: 34942K(35648K)->34942K(35648K) NonClass: 28683K(29184K)->28683K(29184K) Class: 6259K(6464K)->6259K(6464K)
[83.352s][info][gc             ] GC(182) Pause Young (Allocation Failure) 397M->209M(451M) 27.889ms
[83.352s][info][gc,cpu         ] GC(182) User=0.05s Sys=0.00s Real=0.03s
[83.641s][info][gc,start       ] GC(183) Pause Young (Allocation Failure)
[83.693s][info][gc,heap        ] GC(183) PSYoungGen: 253440K(253440K)->10240K(278528K) Eden: 247296K(247296K)->0K(268288K) From: 6144K(6144K)->10240K(10240K)
[83.693s][info][gc,heap        ] GC(183) ParOldGen: 208418K(208896K)->224698K(224768K)
[83.693s][info][gc,metaspace   ] GC(183) Metaspace: 34942K(35648K)->34942K(35648K) NonClass: 28683K(29184K)->28683K(29184K) Class: 6259K(6464K)->6259K(6464K)
[83.693s][info][gc             ] GC(183) Pause Young (Allocation Failure) 451M->229M(491M) 52.165ms
[83.693s][info][gc,cpu         ] GC(183) User=0.08s Sys=0.02s Real=0.06s
[83.996s][info][gc,start       ] GC(184) Pause Young (Allocation Failure)
[84.059s][info][gc,heap        ] GC(184) PSYoungGen: 278528K(278528K)->18432K(300032K) Eden: 268288K(268288K)->0K(281600K) From: 10240K(10240K)->18432K(18432K)
[84.059s][info][gc,heap        ] GC(184) ParOldGen: 224698K(224768K)->235314K(235520K)
[84.059s][info][gc,metaspace   ] GC(184) Metaspace: 34942K(35648K)->34942K(35648K) NonClass: 28683K(29184K)->28683K(29184K) Class: 6259K(6464K)->6259K(6464K)
[84.059s][info][gc             ] GC(184) Pause Young (Allocation Failure) 491M->247M(523M) 62.597ms
[84.059s][info][gc,cpu         ] GC(184) User=0.10s Sys=0.02s Real=0.06s
[84.157s][info][gc,start       ] GC(185) Pause Young (Allocation Failure)
[84.162s][info][gc,heap        ] GC(185) PSYoungGen: 300032K(300032K)->896K(307712K) Eden: 281600K(281600K)->0K(281600K) From: 18432K(18432K)->896K(26112K)
[84.163s][info][gc,heap        ] GC(185) ParOldGen: 235314K(235520K)->235698K(236032K)
[84.163s][info][gc,metaspace   ] GC(185) Metaspace: 34942K(35648K)->34942K(35648K) NonClass: 28683K(29184K)->28683K(29184K) Class: 6259K(6464K)->6259K(6464K)
[84.163s][info][gc             ] GC(185) Pause Young (Allocation Failure) 522M->231M(531M) 5.364ms
[84.163s][info][gc,cpu         ] GC(185) User=0.01s Sys=0.00s Real=0.01s
[84.798s][info][gc,start       ] GC(186) Pause Young (Allocation Failure)
[84.799s][info][gc,heap        ] GC(186) PSYoungGen: 282496K(307712K)->64K(305152K) Eden: 281600K(281600K)->0K(282112K) From: 896K(26112K)->64K(23040K)
[84.799s][info][gc,heap        ] GC(186) ParOldGen: 235698K(236032K)->235706K(236032K)
[84.799s][info][gc,metaspace   ] GC(186) Metaspace: 34942K(35648K)->34942K(35648K) NonClass: 28683K(29184K)->28683K(29184K) Class: 6259K(6464K)->6259K(6464K)
[84.799s][info][gc             ] GC(186) Pause Young (Allocation Failure) 506M->230M(528M) 1.331ms
[84.799s][info][gc,cpu         ] GC(186) User=0.00s Sys=0.00s Real=0.00s
[85.252s][info][gc,start       ] GC(187) Pause Young (Allocation Failure)
[85.253s][info][gc,heap        ] GC(187) PSYoungGen: 282176K(305152K)->64K(306688K) Eden: 282112K(282112K)->0K(282112K) From: 64K(23040K)->64K(24576K)
[85.253s][info][gc,heap        ] GC(187) ParOldGen: 235706K(236032K)->235714K(236032K)
[85.253s][info][gc,metaspace   ] GC(187) Metaspace: 34942K(35648K)->34942K(35648K) NonClass: 28683K(29184K)->28683K(29184K) Class: 6259K(6464K)->6259K(6464K)
[85.253s][info][gc             ] GC(187) Pause Young (Allocation Failure) 505M->230M(530M) 1.167ms
[85.253s][info][gc,cpu         ] GC(187) User=0.01s Sys=0.00s Real=0.00s
[85.726s][info][gc,start       ] GC(188) Pause Young (Allocation Failure)
[85.727s][info][gc,heap        ] GC(188) PSYoungGen: 282176K(306688K)->64K(306688K) Eden: 282112K(282112K)->0K(285696K) From: 64K(24576K)->64K(20992K)
[85.727s][info][gc,heap        ] GC(188) ParOldGen: 235714K(236032K)->235730K(236032K)
[85.727s][info][gc,metaspace   ] GC(188) Metaspace: 34942K(35648K)->34942K(35648K) NonClass: 28683K(29184K)->28683K(29184K) Class: 6259K(6464K)->6259K(6464K)
[85.727s][info][gc             ] GC(188) Pause Young (Allocation Failure) 505M->230M(530M) 1.266ms
[85.727s][info][gc,cpu         ] GC(188) User=0.00s Sys=0.00s Real=0.00s
[85.942s][info][gc,start       ] GC(189) Pause Young (Allocation Failure)
[85.943s][info][gc,heap        ] GC(189) PSYoungGen: 285760K(306688K)->64K(308224K) Eden: 285696K(285696K)->0K(285696K) From: 64K(20992K)->64K(22528K)
[85.943s][info][gc,heap        ] GC(189) ParOldGen: 235730K(236032K)->235746K(236032K)
[85.943s][info][gc,metaspace   ] GC(189) Metaspace: 34942K(35648K)->34942K(35648K) NonClass: 28683K(29184K)->28683K(29184K) Class: 6259K(6464K)->6259K(6464K)
[85.943s][info][gc             ] GC(189) Pause Young (Allocation Failure) 509M->230M(531M) 1.258ms
[85.943s][info][gc,cpu         ] GC(189) User=0.00s Sys=0.00s Real=0.00s
[86.158s][info][gc,start       ] GC(190) Pause Young (Allocation Failure)
[86.159s][info][gc,heap        ] GC(190) PSYoungGen: 285760K(308224K)->64K(308736K) Eden: 285696K(285696K)->0K(289792K) From: 64K(22528K)->64K(18944K)
[86.159s][info][gc,heap        ] GC(190) ParOldGen: 235746K(236032K)->235746K(236032K)
[86.159s][info][gc,metaspace   ] GC(190) Metaspace: 34942K(35648K)->34942K(35648K) NonClass: 28683K(29184K)->28683K(29184K) Class: 6259K(6464K)->6259K(6464K)
[86.159s][info][gc             ] GC(190) Pause Young (Allocation Failure) 509M->230M(532M) 1.159ms
[86.159s][info][gc,cpu         ] GC(190) User=0.00s Sys=0.00s Real=0.00s
[86.530s][info][gc,start       ] GC(191) Pause Young (Allocation Failure)
[86.531s][info][gc,heap        ] GC(191) PSYoungGen: 289856K(308736K)->64K(310272K) Eden: 289792K(289792K)->0K(289792K) From: 64K(18944K)->64K(20480K)
[86.531s][info][gc,heap        ] GC(191) ParOldGen: 235746K(236032K)->235746K(236032K)
[86.531s][info][gc,metaspace   ] GC(191) Metaspace: 34942K(35648K)->34942K(35648K) NonClass: 28683K(29184K)->28683K(29184K) Class: 6259K(6464K)->6259K(6464K)
[86.531s][info][gc             ] GC(191) Pause Young (Allocation Failure) 513M->230M(533M) 1.171ms
[86.531s][info][gc,cpu         ] GC(191) User=0.00s Sys=0.00s Real=0.01s
[86.608s][info][gc,start       ] GC(192) Pause Young (Allocation Failure)
[86.609s][info][gc,heap        ] GC(192) PSYoungGen: 289856K(310272K)->64K(310784K) Eden: 289792K(289792K)->0K(293888K) From: 64K(20480K)->64K(16896K)
[86.609s][info][gc,heap        ] GC(192) ParOldGen: 235746K(236032K)->235762K(236032K)
[86.609s][info][gc,metaspace   ] GC(192) Metaspace: 34942K(35648K)->34942K(35648K) NonClass: 28683K(29184K)->28683K(29184K) Class: 6259K(6464K)->6259K(6464K)
[86.609s][info][gc             ] GC(192) Pause Young (Allocation Failure) 513M->230M(534M) 1.111ms
[86.609s][info][gc,cpu         ] GC(192) User=0.00s Sys=0.00s Real=0.00s
[86.665s][info][gc,start       ] GC(193) Pause Young (Allocation Failure)
[86.667s][info][gc,heap        ] GC(193) PSYoungGen: 293952K(310784K)->64K(312320K) Eden: 293888K(293888K)->0K(293888K) From: 64K(16896K)->64K(18432K)
[86.667s][info][gc,heap        ] GC(193) ParOldGen: 235762K(236032K)->235762K(236032K)
[86.667s][info][gc,metaspace   ] GC(193) Metaspace: 34942K(35648K)->34942K(35648K) NonClass: 28683K(29184K)->28683K(29184K) Class: 6259K(6464K)->6259K(6464K)
[86.667s][info][gc             ] GC(193) Pause Young (Allocation Failure) 517M->230M(535M) 2.144ms
[86.667s][info][gc,cpu         ] GC(193) User=0.00s Sys=0.00s Real=0.00s
[86.861s][info][gc,start       ] GC(194) Pause Young (Allocation Failure)
[86.862s][info][gc,heap        ] GC(194) PSYoungGen: 293952K(312320K)->64K(312832K) Eden: 293888K(293888K)->0K(297984K) From: 64K(18432K)->64K(14848K)
[86.862s][info][gc,heap        ] GC(194) ParOldGen: 235762K(236032K)->235762K(236032K)
[86.862s][info][gc,metaspace   ] GC(194) Metaspace: 34942K(35648K)->34942K(35648K) NonClass: 28683K(29184K)->28683K(29184K) Class: 6259K(6464K)->6259K(6464K)
[86.862s][info][gc             ] GC(194) Pause Young (Allocation Failure) 517M->230M(536M) 1.154ms
[86.862s][info][gc,cpu         ] GC(194) User=0.00s Sys=0.00s Real=0.00s
[87.085s][info][gc,start       ] GC(195) Pause Young (Allocation Failure)
[87.087s][info][gc,heap        ] GC(195) PSYoungGen: 298048K(312832K)->64K(314368K) Eden: 297984K(297984K)->0K(297984K) From: 64K(14848K)->64K(16384K)
[87.087s][info][gc,heap        ] GC(195) ParOldGen: 235762K(236032K)->235770K(236032K)
[87.087s][info][gc,metaspace   ] GC(195) Metaspace: 34942K(35648K)->34942K(35648K) NonClass: 28683K(29184K)->28683K(29184K) Class: 6259K(6464K)->6259K(6464K)
[87.087s][info][gc             ] GC(195) Pause Young (Allocation Failure) 521M->230M(537M) 1.326ms
[87.087s][info][gc,cpu         ] GC(195) User=0.01s Sys=0.00s Real=0.00s
[87.207s][info][gc,start       ] GC(196) Pause Young (Allocation Failure)
[87.208s][info][gc,heap        ] GC(196) PSYoungGen: 298048K(314368K)->64K(314880K) Eden: 297984K(297984K)->0K(302080K) From: 64K(16384K)->64K(12800K)
[87.208s][info][gc,heap        ] GC(196) ParOldGen: 235770K(236032K)->235778K(236032K)
[87.208s][info][gc,metaspace   ] GC(196) Metaspace: 34942K(35648K)->34942K(35648K) NonClass: 28683K(29184K)->28683K(29184K) Class: 6259K(6464K)->6259K(6464K)
[87.208s][info][gc             ] GC(196) Pause Young (Allocation Failure) 521M->230M(538M) 1.065ms
[87.208s][info][gc,cpu         ] GC(196) User=0.00s Sys=0.00s Real=0.00s
[87.314s][info][gc,start       ] GC(197) Pause Young (Allocation Failure)
[87.316s][info][gc,heap        ] GC(197) PSYoungGen: 302144K(314880K)->64K(316416K) Eden: 302080K(302080K)->0K(302080K) From: 64K(12800K)->64K(14336K)
[87.316s][info][gc,heap        ] GC(197) ParOldGen: 235778K(236032K)->235786K(236032K)
[87.316s][info][gc,metaspace   ] GC(197) Metaspace: 34942K(35648K)->34942K(35648K) NonClass: 28683K(29184K)->28683K(29184K) Class: 6259K(6464K)->6259K(6464K)
[87.316s][info][gc             ] GC(197) Pause Young (Allocation Failure) 525M->230M(539M) 1.133ms
[87.316s][info][gc,cpu         ] GC(197) User=0.00s Sys=0.00s Real=0.00s
[87.523s][info][gc,start       ] GC(198) Pause Young (Allocation Failure)
[87.525s][info][gc,heap        ] GC(198) PSYoungGen: 302144K(316416K)->32K(316928K) Eden: 302080K(302080K)->0K(305664K) From: 64K(14336K)->32K(11264K)
[87.525s][info][gc,heap        ] GC(198) ParOldGen: 235786K(236032K)->235802K(236032K)
[87.525s][info][gc,metaspace   ] GC(198) Metaspace: 34942K(35648K)->34942K(35648K) NonClass: 28683K(29184K)->28683K(29184K) Class: 6259K(6464K)->6259K(6464K)
[87.525s][info][gc             ] GC(198) Pause Young (Allocation Failure) 525M->230M(540M) 1.971ms
[87.525s][info][gc,cpu         ] GC(198) User=0.01s Sys=0.00s Real=0.00s
[88.485s][info][gc,start       ] GC(199) Pause Young (Allocation Failure)
[88.487s][info][gc,heap        ] GC(199) PSYoungGen: 305696K(316928K)->64K(293888K) Eden: 305664K(305664K)->0K(293376K) From: 32K(11264K)->64K(512K)
[88.487s][info][gc,heap        ] GC(199) ParOldGen: 235802K(236032K)->235810K(236032K)
[88.487s][info][gc,metaspace   ] GC(199) Metaspace: 34942K(35648K)->34942K(35648K) NonClass: 28683K(29184K)->28683K(29184K) Class: 6259K(6464K)->6259K(6464K)
[88.487s][info][gc             ] GC(199) Pause Young (Allocation Failure) 528M->230M(517M) 2.660ms
[88.488s][info][gc,cpu         ] GC(199) User=0.01s Sys=0.00s Real=0.00s
[89.424s][info][gc,start       ] GC(200) Pause Young (Allocation Failure)
[89.427s][info][gc,heap        ] GC(200) PSYoungGen: 293440K(293888K)->32K(282112K) Eden: 293376K(293376K)->0K(281600K) From: 64K(512K)->32K(512K)
[89.427s][info][gc,heap        ] GC(200) ParOldGen: 235810K(236032K)->235818K(236032K)
[89.427s][info][gc,metaspace   ] GC(200) Metaspace: 34942K(35648K)->34942K(35648K) NonClass: 28683K(29184K)->28683K(29184K) Class: 6259K(6464K)->6259K(6464K)
[89.427s][info][gc             ] GC(200) Pause Young (Allocation Failure) 516M->230M(506M) 2.364ms
[89.427s][info][gc,cpu         ] GC(200) User=0.01s Sys=0.00s Real=0.00s
[89.860s][info][gc,start       ] GC(201) Pause Young (Allocation Failure)
[89.862s][info][gc,heap        ] GC(201) PSYoungGen: 281632K(282112K)->64K(281600K) Eden: 281600K(281600K)->0K(270336K) From: 32K(512K)->64K(11264K)
[89.862s][info][gc,heap        ] GC(201) ParOldGen: 235818K(236032K)->235826K(236032K)
[89.862s][info][gc,metaspace   ] GC(201) Metaspace: 34942K(35648K)->34942K(35648K) NonClass: 28683K(29184K)->28683K(29184K) Class: 6259K(6464K)->6259K(6464K)
[89.862s][info][gc             ] GC(201) Pause Young (Allocation Failure) 505M->230M(505M) 2.096ms
[89.862s][info][gc,cpu         ] GC(201) User=0.00s Sys=0.00s Real=0.01s
[90.299s][info][gc,start       ] GC(202) Pause Young (Allocation Failure)
[90.301s][info][gc,heap        ] GC(202) PSYoungGen: 270400K(281600K)->64K(260096K) Eden: 270336K(270336K)->0K(259584K) From: 64K(11264K)->64K(512K)
[90.301s][info][gc,heap        ] GC(202) ParOldGen: 235826K(236032K)->235834K(236032K)
[90.301s][info][gc,metaspace   ] GC(202) Metaspace: 34942K(35648K)->34942K(35648K) NonClass: 28683K(29184K)->28683K(29184K) Class: 6259K(6464K)->6259K(6464K)
[90.301s][info][gc             ] GC(202) Pause Young (Allocation Failure) 494M->230M(484M) 1.559ms
[90.301s][info][gc,cpu         ] GC(202) User=0.00s Sys=0.00s Real=0.00s
[91.319s][info][gc,start       ] GC(203) Pause Young (Allocation Failure)
[91.320s][info][gc,heap        ] GC(203) PSYoungGen: 259648K(260096K)->64K(259072K) Eden: 259584K(259584K)->0K(249344K) From: 64K(512K)->64K(9728K)
[91.321s][info][gc,heap        ] GC(203) ParOldGen: 235834K(236032K)->235850K(236032K)
[91.321s][info][gc,metaspace   ] GC(203) Metaspace: 34942K(35648K)->34942K(35648K) NonClass: 28683K(29184K)->28683K(29184K) Class: 6259K(6464K)->6259K(6464K)
[91.321s][info][gc             ] GC(203) Pause Young (Allocation Failure) 483M->230M(483M) 1.992ms
[91.321s][info][gc,cpu         ] GC(203) User=0.00s Sys=0.00s Real=0.00s
[91.713s][info][gc,start       ] GC(204) Pause Young (Allocation Failure)
[91.715s][info][gc,heap        ] GC(204) PSYoungGen: 249408K(259072K)->64K(240128K) Eden: 249344K(249344K)->0K(239616K) From: 64K(9728K)->64K(512K)
[91.715s][info][gc,heap        ] GC(204) ParOldGen: 235850K(236032K)->235866K(236032K)
[91.715s][info][gc,metaspace   ] GC(204) Metaspace: 34942K(35648K)->34942K(35648K) NonClass: 28683K(29184K)->28683K(29184K) Class: 6259K(6464K)->6259K(6464K)
[91.715s][info][gc             ] GC(204) Pause Young (Allocation Failure) 473M->230M(465M) 2.534ms
[91.715s][info][gc,cpu         ] GC(204) User=0.00s Sys=0.00s Real=0.00s
[91.854s][info][gc,start       ] GC(205) Pause Young (Allocation Failure)
[91.856s][info][gc,heap        ] GC(205) PSYoungGen: 239680K(240128K)->32K(239104K) Eden: 239616K(239616K)->0K(230400K) From: 64K(512K)->32K(8704K)
[91.856s][info][gc,heap        ] GC(205) ParOldGen: 235866K(236032K)->235882K(236032K)
[91.856s][info][gc,metaspace   ] GC(205) Metaspace: 34944K(35648K)->34944K(35648K) NonClass: 28684K(29184K)->28684K(29184K) Class: 6259K(6464K)->6259K(6464K)
[91.856s][info][gc             ] GC(205) Pause Young (Allocation Failure) 464M->230M(464M) 1.989ms
[91.856s][info][gc,cpu         ] GC(205) User=0.00s Sys=0.00s Real=0.00s
[92.184s][info][gc,start       ] GC(206) Pause Young (Allocation Failure)
[92.186s][info][gc,heap        ] GC(206) PSYoungGen: 230432K(239104K)->64K(222208K) Eden: 230400K(230400K)->0K(221696K) From: 32K(8704K)->64K(512K)
[92.186s][info][gc,heap        ] GC(206) ParOldGen: 235882K(236032K)->235890K(236032K)
[92.186s][info][gc,metaspace   ] GC(206) Metaspace: 34944K(35648K)->34944K(35648K) NonClass: 28684K(29184K)->28684K(29184K) Class: 6259K(6464K)->6259K(6464K)
[92.186s][info][gc             ] GC(206) Pause Young (Allocation Failure) 455M->230M(447M) 2.003ms
[92.186s][info][gc,cpu         ] GC(206) User=0.00s Sys=0.00s Real=0.00s
[92.676s][info][gc,start       ] GC(207) Pause Young (Allocation Failure)
[92.678s][info][gc,heap        ] GC(207) PSYoungGen: 221760K(222208K)->64K(220672K) Eden: 221696K(221696K)->0K(213504K) From: 64K(512K)->64K(7168K)
[92.678s][info][gc,heap        ] GC(207) ParOldGen: 235890K(236032K)->235898K(236032K)
[92.678s][info][gc,metaspace   ] GC(207) Metaspace: 34944K(35648K)->34944K(35648K) NonClass: 28684K(29184K)->28684K(29184K) Class: 6259K(6464K)->6259K(6464K)
[92.678s][info][gc             ] GC(207) Pause Young (Allocation Failure) 446M->230M(446M) 1.584ms
[92.678s][info][gc,cpu         ] GC(207) User=0.00s Sys=0.00s Real=0.00s
[93.031s][info][gc,start       ] GC(208) Pause Young (Allocation Failure)
[93.032s][info][gc,heap        ] GC(208) PSYoungGen: 213568K(220672K)->64K(206336K) Eden: 213504K(213504K)->0K(205824K) From: 64K(7168K)->64K(512K)
[93.033s][info][gc,heap        ] GC(208) ParOldGen: 235898K(236032K)->235906K(236032K)
[93.033s][info][gc,metaspace   ] GC(208) Metaspace: 34944K(35648K)->34944K(35648K) NonClass: 28684K(29184K)->28684K(29184K) Class: 6259K(6464K)->6259K(6464K)
[93.033s][info][gc             ] GC(208) Pause Young (Allocation Failure) 438M->230M(432M) 1.656ms
[93.033s][info][gc,cpu         ] GC(208) User=0.01s Sys=0.00s Real=0.00s
[93.286s][info][gc,start       ] GC(209) Pause Young (Allocation Failure)
[93.327s][info][gc,heap        ] GC(209) PSYoungGen: 205888K(206336K)->6144K(253440K) Eden: 205824K(205824K)->0K(247296K) From: 64K(512K)->6144K(6144K)
[93.327s][info][gc,heap        ] GC(209) ParOldGen: 235906K(236032K)->250506K(250880K)
[93.327s][info][gc,metaspace   ] GC(209) Metaspace: 34944K(35648K)->34944K(35648K) NonClass: 28684K(29184K)->28684K(29184K) Class: 6259K(6464K)->6259K(6464K)
[93.327s][info][gc             ] GC(209) Pause Young (Allocation Failure) 431M->250M(492M) 40.443ms
[93.327s][info][gc,cpu         ] GC(209) User=0.06s Sys=0.01s Real=0.04s
[93.611s][info][gc,start       ] GC(210) Pause Young (Allocation Failure)
[93.668s][info][gc,heap        ] GC(210) PSYoungGen: 253440K(253440K)->6144K(256512K) Eden: 247296K(247296K)->0K(250368K) From: 6144K(6144K)->6144K(6144K)
[93.668s][info][gc,heap        ] GC(210) ParOldGen: 250506K(250880K)->271162K(271360K)
[93.668s][info][gc,metaspace   ] GC(210) Metaspace: 34944K(35648K)->34944K(35648K) NonClass: 28684K(29184K)->28684K(29184K) Class: 6259K(6464K)->6259K(6464K)
[93.668s][info][gc             ] GC(210) Pause Young (Allocation Failure) 492M->270M(515M) 56.796ms
[93.668s][info][gc,cpu         ] GC(210) User=0.10s Sys=0.01s Real=0.05s
[93.923s][info][gc,start       ] GC(211) Pause Young (Allocation Failure)
[93.962s][info][gc,heap        ] GC(211) PSYoungGen: 256512K(256512K)->20992K(271360K) Eden: 250368K(250368K)->0K(250368K) From: 6144K(6144K)->20992K(20992K)
[93.962s][info][gc,heap        ] GC(211) ParOldGen: 271162K(271360K)->272882K(272896K)
[93.962s][info][gc,metaspace   ] GC(211) Metaspace: 34944K(35648K)->34944K(35648K) NonClass: 28684K(29184K)->28684K(29184K) Class: 6259K(6464K)->6259K(6464K)
[93.962s][info][gc             ] GC(211) Pause Young (Allocation Failure) 515M->286M(531M) 39.143ms
[93.962s][info][gc,cpu         ] GC(211) User=0.08s Sys=0.01s Real=0.04s
[94.048s][info][gc,start       ] GC(212) Pause Young (Allocation Failure)
[94.050s][info][gc,heap        ] GC(212) PSYoungGen: 271360K(271360K)->64K(308736K) Eden: 250368K(250368K)->0K(282624K) From: 20992K(20992K)->64K(26112K)
[94.050s][info][gc,heap        ] GC(212) ParOldGen: 272882K(272896K)->272930K(273408K)
[94.050s][info][gc,metaspace   ] GC(212) Metaspace: 34944K(35648K)->34944K(35648K) NonClass: 28684K(29184K)->28684K(29184K) Class: 6259K(6464K)->6259K(6464K)
[94.050s][info][gc             ] GC(212) Pause Young (Allocation Failure) 531M->266M(568M) 1.554ms
[94.050s][info][gc,cpu         ] GC(212) User=0.00s Sys=0.00s Real=0.00s
[94.731s][info][gc,start       ] GC(213) Pause Young (Allocation Failure)
[94.732s][info][gc,heap        ] GC(213) PSYoungGen: 282688K(308736K)->64K(283136K) Eden: 282624K(282624K)->0K(282624K) From: 64K(26112K)->64K(512K)
[94.733s][info][gc,heap        ] GC(213) ParOldGen: 272930K(273408K)->272938K(273408K)
[94.733s][info][gc,metaspace   ] GC(213) Metaspace: 34944K(35648K)->34944K(35648K) NonClass: 28684K(29184K)->28684K(29184K) Class: 6259K(6464K)->6259K(6464K)
[94.733s][info][gc             ] GC(213) Pause Young (Allocation Failure) 542M->266M(543M) 1.247ms
[94.733s][info][gc,cpu         ] GC(213) User=0.01s Sys=0.00s Real=0.00s
[95.157s][info][gc,start       ] GC(214) Pause Young (Allocation Failure)
[95.160s][info][gc,heap        ] GC(214) PSYoungGen: 282688K(283136K)->64K(308224K) Eden: 282624K(282624K)->0K(283648K) From: 64K(512K)->64K(24576K)
[95.160s][info][gc,heap        ] GC(214) ParOldGen: 272938K(273408K)->272946K(273408K)
[95.160s][info][gc,metaspace   ] GC(214) Metaspace: 34944K(35648K)->34944K(35648K) NonClass: 28684K(29184K)->28684K(29184K) Class: 6259K(6464K)->6259K(6464K)
[95.160s][info][gc             ] GC(214) Pause Young (Allocation Failure) 542M->266M(568M) 2.157ms
[95.160s][info][gc,cpu         ] GC(214) User=0.00s Sys=0.00s Real=0.00s
[95.611s][info][gc,start       ] GC(215) Pause Young (Allocation Failure)
[95.613s][info][gc,heap        ] GC(215) PSYoungGen: 283712K(308224K)->64K(307200K) Eden: 283648K(283648K)->0K(283648K) From: 64K(24576K)->64K(23552K)
[95.613s][info][gc,heap        ] GC(215) ParOldGen: 272946K(273408K)->272962K(273408K)
[95.613s][info][gc,metaspace   ] GC(215) Metaspace: 34944K(35648K)->34944K(35648K) NonClass: 28684K(29184K)->28684K(29184K) Class: 6259K(6464K)->6259K(6464K)
[95.613s][info][gc             ] GC(215) Pause Young (Allocation Failure) 543M->266M(567M) 2.087ms
[95.613s][info][gc,cpu         ] GC(215) User=0.00s Sys=0.00s Real=0.00s
[95.827s][info][gc,start       ] GC(216) Pause Young (Allocation Failure)
[95.829s][info][gc,heap        ] GC(216) PSYoungGen: 283712K(307200K)->32K(309248K) Eden: 283648K(283648K)->0K(286720K) From: 64K(23552K)->32K(22528K)
[95.829s][info][gc,heap        ] GC(216) ParOldGen: 272962K(273408K)->272978K(273408K)
[95.829s][info][gc,metaspace   ] GC(216) Metaspace: 34944K(35648K)->34944K(35648K) NonClass: 28684K(29184K)->28684K(29184K) Class: 6259K(6464K)->6259K(6464K)
[95.829s][info][gc             ] GC(216) Pause Young (Allocation Failure) 543M->266M(569M) 2.022ms
[95.829s][info][gc,cpu         ] GC(216) User=0.01s Sys=0.00s Real=0.00s
[96.059s][info][gc,start       ] GC(217) Pause Young (Allocation Failure)
[96.061s][info][gc,heap        ] GC(217) PSYoungGen: 286752K(309248K)->32K(308224K) Eden: 286720K(286720K)->0K(286720K) From: 32K(22528K)->32K(21504K)
[96.061s][info][gc,heap        ] GC(217) ParOldGen: 272978K(273408K)->272978K(273408K)
[96.061s][info][gc,metaspace   ] GC(217) Metaspace: 34944K(35648K)->34944K(35648K) NonClass: 28684K(29184K)->28684K(29184K) Class: 6259K(6464K)->6259K(6464K)
[96.061s][info][gc             ] GC(217) Pause Young (Allocation Failure) 546M->266M(568M) 2.270ms
[96.061s][info][gc,cpu         ] GC(217) User=0.00s Sys=0.00s Real=0.01s
[96.423s][info][gc,start       ] GC(218) Pause Young (Allocation Failure)
[96.425s][info][gc,heap        ] GC(218) PSYoungGen: 286752K(308224K)->64K(311296K) Eden: 286720K(286720K)->0K(290816K) From: 32K(21504K)->64K(20480K)
[96.425s][info][gc,heap        ] GC(218) ParOldGen: 272978K(273408K)->272978K(273408K)
[96.425s][info][gc,metaspace   ] GC(218) Metaspace: 34944K(35648K)->34944K(35648K) NonClass: 28684K(29184K)->28684K(29184K) Class: 6259K(6464K)->6259K(6464K)
[96.425s][info][gc             ] GC(218) Pause Young (Allocation Failure) 546M->266M(571M) 2.312ms
[96.425s][info][gc,cpu         ] GC(218) User=0.00s Sys=0.00s Real=0.00s
[96.482s][info][gc,start       ] GC(219) Pause Young (Allocation Failure)
[96.483s][info][gc,heap        ] GC(219) PSYoungGen: 290880K(311296K)->32K(310272K) Eden: 290816K(290816K)->0K(290816K) From: 64K(20480K)->32K(19456K)
[96.484s][info][gc,heap        ] GC(219) ParOldGen: 272978K(273408K)->272994K(273408K)
[96.484s][info][gc,metaspace   ] GC(219) Metaspace: 34944K(35648K)->34944K(35648K) NonClass: 28684K(29184K)->28684K(29184K) Class: 6259K(6464K)->6259K(6464K)
[96.484s][info][gc             ] GC(219) Pause Young (Allocation Failure) 550M->266M(570M) 1.980ms
[96.484s][info][gc,cpu         ] GC(219) User=0.00s Sys=0.00s Real=0.00s
[96.536s][info][gc,start       ] GC(220) Pause Young (Allocation Failure)
[96.538s][info][gc,heap        ] GC(220) PSYoungGen: 290848K(310272K)->64K(313344K) Eden: 290816K(290816K)->0K(294912K) From: 32K(19456K)->64K(18432K)
[96.538s][info][gc,heap        ] GC(220) ParOldGen: 272994K(273408K)->272994K(273408K)
[96.538s][info][gc,metaspace   ] GC(220) Metaspace: 34944K(35648K)->34944K(35648K) NonClass: 28684K(29184K)->28684K(29184K) Class: 6259K(6464K)->6259K(6464K)
[96.538s][info][gc             ] GC(220) Pause Young (Allocation Failure) 550M->266M(573M) 1.064ms
[96.538s][info][gc,cpu         ] GC(220) User=0.00s Sys=0.00s Real=0.00s
[96.745s][info][gc,start       ] GC(221) Pause Young (Allocation Failure)
[96.746s][info][gc,heap        ] GC(221) PSYoungGen: 294976K(313344K)->64K(312320K) Eden: 294912K(294912K)->0K(294912K) From: 64K(18432K)->64K(17408K)
[96.746s][info][gc,heap        ] GC(221) ParOldGen: 272994K(273408K)->272994K(273408K)
[96.746s][info][gc,metaspace   ] GC(221) Metaspace: 34944K(35648K)->34944K(35648K) NonClass: 28684K(29184K)->28684K(29184K) Class: 6259K(6464K)->6259K(6464K)
[96.746s][info][gc             ] GC(221) Pause Young (Allocation Failure) 554M->266M(572M) 1.145ms
[96.746s][info][gc,cpu         ] GC(221) User=0.01s Sys=0.00s Real=0.00s
[96.961s][info][gc,start       ] GC(222) Pause Young (Allocation Failure)
[96.963s][info][gc,heap        ] GC(222) PSYoungGen: 294976K(312320K)->64K(315392K) Eden: 294912K(294912K)->0K(299008K) From: 64K(17408K)->64K(16384K)
[96.963s][info][gc,heap        ] GC(222) ParOldGen: 272994K(273408K)->273002K(273408K)
[96.963s][info][gc,metaspace   ] GC(222) Metaspace: 34944K(35648K)->34944K(35648K) NonClass: 28684K(29184K)->28684K(29184K) Class: 6259K(6464K)->6259K(6464K)
[96.963s][info][gc             ] GC(222) Pause Young (Allocation Failure) 554M->266M(575M) 1.174ms
[96.963s][info][gc,cpu         ] GC(222) User=0.00s Sys=0.00s Real=0.00s
[97.079s][info][gc,start       ] GC(223) Pause Young (Allocation Failure)
[97.081s][info][gc,heap        ] GC(223) PSYoungGen: 299072K(315392K)->64K(314368K) Eden: 299008K(299008K)->0K(299008K) From: 64K(16384K)->64K(15360K)
[97.081s][info][gc,heap        ] GC(223) ParOldGen: 273002K(273408K)->273010K(273408K)
[97.081s][info][gc,metaspace   ] GC(223) Metaspace: 34944K(35648K)->34944K(35648K) NonClass: 28684K(29184K)->28684K(29184K) Class: 6259K(6464K)->6259K(6464K)
[97.081s][info][gc             ] GC(223) Pause Young (Allocation Failure) 558M->266M(574M) 1.176ms
[97.081s][info][gc,cpu         ] GC(223) User=0.00s Sys=0.00s Real=0.01s
[97.190s][info][gc,start       ] GC(224) Pause Young (Allocation Failure)
[97.191s][info][gc,heap        ] GC(224) PSYoungGen: 299072K(314368K)->64K(317440K) Eden: 299008K(299008K)->0K(303104K) From: 64K(15360K)->64K(14336K)
[97.191s][info][gc,heap        ] GC(224) ParOldGen: 273010K(273408K)->273018K(273408K)
[97.191s][info][gc,metaspace   ] GC(224) Metaspace: 34944K(35648K)->34944K(35648K) NonClass: 28684K(29184K)->28684K(29184K) Class: 6259K(6464K)->6259K(6464K)
[97.191s][info][gc             ] GC(224) Pause Young (Allocation Failure) 558M->266M(577M) 1.211ms
[97.191s][info][gc,cpu         ] GC(224) User=0.00s Sys=0.00s Real=0.01s
[97.421s][info][gc,start       ] GC(225) Pause Young (Allocation Failure)
[97.423s][info][gc,heap        ] GC(225) PSYoungGen: 303168K(317440K)->64K(291328K) Eden: 303104K(303104K)->0K(290816K) From: 64K(14336K)->64K(512K)
[97.423s][info][gc,heap        ] GC(225) ParOldGen: 273018K(273408K)->273026K(273408K)
[97.423s][info][gc,metaspace   ] GC(225) Metaspace: 34944K(35648K)->34944K(35648K) NonClass: 28684K(29184K)->28684K(29184K) Class: 6259K(6464K)->6259K(6464K)
[97.423s][info][gc             ] GC(225) Pause Young (Allocation Failure) 562M->266M(551M) 1.259ms
[97.423s][info][gc,cpu         ] GC(225) User=0.00s Sys=0.00s Real=0.00s
[98.359s][info][gc,start       ] GC(226) Pause Young (Allocation Failure)
[98.360s][info][gc,heap        ] GC(226) PSYoungGen: 290880K(291328K)->64K(279552K) Eden: 290816K(290816K)->0K(279040K) From: 64K(512K)->64K(512K)
[98.360s][info][gc,heap        ] GC(226) ParOldGen: 273026K(273408K)->273034K(273408K)
[98.360s][info][gc,metaspace   ] GC(226) Metaspace: 34944K(35648K)->34944K(35648K) NonClass: 28684K(29184K)->28684K(29184K) Class: 6259K(6464K)->6259K(6464K)
[98.360s][info][gc             ] GC(226) Pause Young (Allocation Failure) 550M->266M(540M) 1.270ms
[98.360s][info][gc,cpu         ] GC(226) User=0.00s Sys=0.00s Real=0.00s
[99.278s][info][gc,start       ] GC(227) Pause Young (Allocation Failure)
[99.280s][info][gc,heap        ] GC(227) PSYoungGen: 279104K(279552K)->64K(279552K) Eden: 279040K(279040K)->0K(267776K) From: 64K(512K)->64K(11776K)
[99.280s][info][gc,heap        ] GC(227) ParOldGen: 273034K(273408K)->273042K(273408K)
[99.280s][info][gc,metaspace   ] GC(227) Metaspace: 34944K(35648K)->34944K(35648K) NonClass: 28684K(29184K)->28684K(29184K) Class: 6259K(6464K)->6259K(6464K)
[99.280s][info][gc             ] GC(227) Pause Young (Allocation Failure) 539M->266M(540M) 1.198ms
[99.280s][info][gc,cpu         ] GC(227) User=0.00s Sys=0.00s Real=0.00s
[99.623s][info][gc,start       ] GC(228) Pause Young (Allocation Failure)
[99.624s][info][gc,heap        ] GC(228) PSYoungGen: 267840K(279552K)->64K(257536K) Eden: 267776K(267776K)->0K(257024K) From: 64K(11776K)->64K(512K)
[99.625s][info][gc,heap        ] GC(228) ParOldGen: 273042K(273408K)->273050K(273408K)
[99.625s][info][gc,metaspace   ] GC(228) Metaspace: 34949K(35648K)->34949K(35648K) NonClass: 28689K(29184K)->28689K(29184K) Class: 6259K(6464K)->6259K(6464K)
[99.625s][info][gc             ] GC(228) Pause Young (Allocation Failure) 528M->266M(518M) 1.870ms
[99.625s][info][gc,cpu         ] GC(228) User=0.00s Sys=0.00s Real=0.00s
[100.076s][info][gc,start       ] GC(229) Pause Young (Allocation Failure)
[100.078s][info][gc,heap        ] GC(229) PSYoungGen: 257088K(257536K)->64K(257024K) Eden: 257024K(257024K)->0K(246784K) From: 64K(512K)->64K(10240K)
[100.078s][info][gc,heap        ] GC(229) ParOldGen: 273050K(273408K)->273058K(273408K)
[100.078s][info][gc,metaspace   ] GC(229) Metaspace: 34956K(35648K)->34956K(35648K) NonClass: 28697K(29184K)->28697K(29184K) Class: 6259K(6464K)->6259K(6464K)
[100.078s][info][gc             ] GC(229) Pause Young (Allocation Failure) 517M->266M(518M) 1.838ms
[100.078s][info][gc,cpu         ] GC(229) User=0.00s Sys=0.00s Real=0.00s
[101.077s][info][gc,start       ] GC(230) Pause Young (Allocation Failure)
[101.080s][info][gc,heap        ] GC(230) PSYoungGen: 246848K(257024K)->32K(237568K) Eden: 246784K(246784K)->0K(237056K) From: 64K(10240K)->32K(512K)
[101.080s][info][gc,heap        ] GC(230) ParOldGen: 273058K(273408K)->273074K(273408K)
[101.080s][info][gc,metaspace   ] GC(230) Metaspace: 34956K(35648K)->34956K(35648K) NonClass: 28697K(29184K)->28697K(29184K) Class: 6259K(6464K)->6259K(6464K)
[101.080s][info][gc             ] GC(230) Pause Young (Allocation Failure) 507M->266M(499M) 2.721ms
[101.080s][info][gc,cpu         ] GC(230) User=0.01s Sys=0.00s Real=0.00s
[101.499s][info][gc,start       ] GC(231) Pause Young (Allocation Failure)
[101.501s][info][gc,heap        ] GC(231) PSYoungGen: 237088K(237568K)->32K(237056K) Eden: 237056K(237056K)->0K(227840K) From: 32K(512K)->32K(9216K)
[101.501s][info][gc,heap        ] GC(231) ParOldGen: 273074K(273408K)->273082K(273408K)
[101.501s][info][gc,metaspace   ] GC(231) Metaspace: 34956K(35648K)->34956K(35648K) NonClass: 28697K(29184K)->28697K(29184K) Class: 6259K(6464K)->6259K(6464K)
[101.501s][info][gc             ] GC(231) Pause Young (Allocation Failure) 498M->266M(498M) 1.997ms
[101.501s][info][gc,cpu         ] GC(231) User=0.00s Sys=0.00s Real=0.01s
[101.669s][info][gc,start       ] GC(232) Pause Young (Allocation Failure)
[101.671s][info][gc,heap        ] GC(232) PSYoungGen: 227872K(237056K)->64K(219648K) Eden: 227840K(227840K)->0K(219136K) From: 32K(9216K)->64K(512K)
[101.671s][info][gc,heap        ] GC(232) ParOldGen: 273082K(273408K)->273090K(273408K)
[101.671s][info][gc,metaspace   ] GC(232) Metaspace: 34956K(35648K)->34956K(35648K) NonClass: 28697K(29184K)->28697K(29184K) Class: 6259K(6464K)->6259K(6464K)
[101.671s][info][gc             ] GC(232) Pause Young (Allocation Failure) 489M->266M(481M) 1.944ms
[101.671s][info][gc,cpu         ] GC(232) User=0.00s Sys=0.00s Real=0.01s
[101.766s][info][gc,start       ] GC(233) Pause Young (Allocation Failure)
[101.768s][info][gc,heap        ] GC(233) PSYoungGen: 219200K(219648K)->32K(218624K) Eden: 219136K(219136K)->0K(210944K) From: 64K(512K)->32K(7680K)
[101.768s][info][gc,heap        ] GC(233) ParOldGen: 273090K(273408K)->273098K(273408K)
[101.768s][info][gc,metaspace   ] GC(233) Metaspace: 34956K(35648K)->34956K(35648K) NonClass: 28697K(29184K)->28697K(29184K) Class: 6259K(6464K)->6259K(6464K)
[101.768s][info][gc             ] GC(233) Pause Young (Allocation Failure) 480M->266M(480M) 1.970ms
[101.768s][info][gc,cpu         ] GC(233) User=0.01s Sys=0.00s Real=0.00s
[102.359s][info][gc,start       ] GC(234) Pause Young (Allocation Failure)
[102.362s][info][gc,heap        ] GC(234) PSYoungGen: 210976K(218624K)->64K(203776K) Eden: 210944K(210944K)->0K(203264K) From: 32K(7680K)->64K(512K)
[102.362s][info][gc,heap        ] GC(234) ParOldGen: 273098K(273408K)->273106K(273408K)
[102.362s][info][gc,metaspace   ] GC(234) Metaspace: 34956K(35648K)->34956K(35648K) NonClass: 28697K(29184K)->28697K(29184K) Class: 6259K(6464K)->6259K(6464K)
[102.362s][info][gc             ] GC(234) Pause Young (Allocation Failure) 472M->266M(466M) 3.082ms
[102.362s][info][gc,cpu         ] GC(234) User=0.00s Sys=0.00s Real=0.01s
[102.615s][info][gc,start       ] GC(235) Pause Young (Allocation Failure)
[102.617s][info][gc,heap        ] GC(235) PSYoungGen: 203328K(203776K)->32K(202240K) Eden: 203264K(203264K)->0K(195584K) From: 64K(512K)->32K(6656K)
[102.617s][info][gc,heap        ] GC(235) ParOldGen: 273106K(273408K)->273114K(273408K)
[102.617s][info][gc,metaspace   ] GC(235) Metaspace: 34956K(35648K)->34956K(35648K) NonClass: 28697K(29184K)->28697K(29184K) Class: 6259K(6464K)->6259K(6464K)
[102.617s][info][gc             ] GC(235) Pause Young (Allocation Failure) 465M->266M(464M) 1.955ms
[102.617s][info][gc,cpu         ] GC(235) User=0.00s Sys=0.00s Real=0.00s
[102.945s][info][gc,start       ] GC(236) Pause Young (Allocation Failure)
[102.959s][info][gc,heap        ] GC(236) PSYoungGen: 195616K(202240K)->6144K(241152K) Eden: 195584K(195584K)->0K(235008K) From: 32K(6656K)->6144K(6144K)
[102.959s][info][gc,heap        ] GC(236) ParOldGen: 273114K(273408K)->275258K(275456K)
[102.959s][info][gc,metaspace   ] GC(236) Metaspace: 34956K(35648K)->34956K(35648K) NonClass: 28697K(29184K)->28697K(29184K) Class: 6259K(6464K)->6259K(6464K)
[102.959s][info][gc             ] GC(236) Pause Young (Allocation Failure) 457M->274M(504M) 13.772ms
[102.959s][info][gc,cpu         ] GC(236) User=0.03s Sys=0.00s Real=0.01s
[103.230s][info][gc,start       ] GC(237) Pause Young (Allocation Failure)
[103.278s][info][gc,heap        ] GC(237) PSYoungGen: 241152K(241152K)->8704K(261632K) Eden: 235008K(235008K)->0K(252928K) From: 6144K(6144K)->8704K(8704K)
[103.278s][info][gc,heap        ] GC(237) ParOldGen: 275258K(275456K)->291578K(291840K)
[103.278s][info][gc,metaspace   ] GC(237) Metaspace: 34956K(35648K)->34956K(35648K) NonClass: 28697K(29184K)->28697K(29184K) Class: 6259K(6464K)->6259K(6464K)
[103.278s][info][gc             ] GC(237) Pause Young (Allocation Failure) 504M->293M(540M) 48.039ms
[103.278s][info][gc,cpu         ] GC(237) User=0.08s Sys=0.01s Real=0.05s
[103.568s][info][gc,start       ] GC(238) Pause Young (Allocation Failure)
[103.627s][info][gc,heap        ] GC(238) PSYoungGen: 261632K(261632K)->16384K(290816K) Eden: 252928K(252928K)->0K(274432K) From: 8704K(8704K)->16384K(16384K)
[103.627s][info][gc,heap        ] GC(238) ParOldGen: 291578K(291840K)->302626K(303104K)
[103.628s][info][gc,metaspace   ] GC(238) Metaspace: 34956K(35648K)->34956K(35648K) NonClass: 28697K(29184K)->28697K(29184K) Class: 6259K(6464K)->6259K(6464K)
[103.628s][info][gc             ] GC(238) Pause Young (Allocation Failure) 540M->311M(580M) 59.421ms
[103.628s][info][gc,cpu         ] GC(238) User=0.09s Sys=0.03s Real=0.06s
[103.775s][info][gc,start       ] GC(239) Pause Young (Allocation Failure)
[103.796s][info][gc,heap        ] GC(239) PSYoungGen: 290816K(290816K)->8928K(298496K) Eden: 274432K(274432K)->0K(274432K) From: 16384K(16384K)->8928K(24064K)
[103.796s][info][gc,heap        ] GC(239) ParOldGen: 302626K(303104K)->303026K(303104K)
[103.796s][info][gc,metaspace   ] GC(239) Metaspace: 34956K(35648K)->34956K(35648K) NonClass: 28697K(29184K)->28697K(29184K) Class: 6259K(6464K)->6259K(6464K)
[103.796s][info][gc             ] GC(239) Pause Young (Allocation Failure) 579M->304M(587M) 21.326ms
[103.796s][info][gc,cpu         ] GC(239) User=0.04s Sys=0.00s Real=0.02s
[104.243s][info][gc,start       ] GC(240) Pause Young (Allocation Failure)
[104.244s][info][gc,heap        ] GC(240) PSYoungGen: 283360K(298496K)->64K(308224K) Eden: 274432K(274432K)->0K(286208K) From: 8928K(24064K)->64K(22016K)
[104.244s][info][gc,heap        ] GC(240) ParOldGen: 303026K(303104K)->303034K(303104K)
[104.244s][info][gc,metaspace   ] GC(240) Metaspace: 34956K(35648K)->34956K(35648K) NonClass: 28697K(29184K)->28697K(29184K) Class: 6259K(6464K)->6259K(6464K)
[104.244s][info][gc             ] GC(240) Pause Young (Allocation Failure) 572M->295M(597M) 1.419ms
[104.244s][info][gc,cpu         ] GC(240) User=0.01s Sys=0.00s Real=0.00s
[104.848s][info][gc,start       ] GC(241) Pause Young (Allocation Failure)
[104.851s][info][gc,heap        ] GC(241) PSYoungGen: 286272K(308224K)->64K(309248K) Eden: 286208K(286208K)->0K(286208K) From: 64K(22016K)->64K(23040K)
[104.851s][info][gc,heap        ] GC(241) ParOldGen: 303034K(303104K)->303042K(303104K)
[104.851s][info][gc,metaspace   ] GC(241) Metaspace: 34956K(35648K)->34956K(35648K) NonClass: 28697K(29184K)->28697K(29184K) Class: 6259K(6464K)->6259K(6464K)
[104.851s][info][gc             ] GC(241) Pause Young (Allocation Failure) 575M->296M(598M) 3.316ms
[104.851s][info][gc,cpu         ] GC(241) User=0.01s Sys=0.01s Real=0.01s
[105.301s][info][gc,start       ] GC(242) Pause Young (Allocation Failure)
[105.303s][info][gc,heap        ] GC(242) PSYoungGen: 286272K(309248K)->64K(309760K) Eden: 286208K(286208K)->0K(288768K) From: 64K(23040K)->64K(20992K)
[105.303s][info][gc,heap        ] GC(242) ParOldGen: 303042K(303104K)->303058K(303104K)
[105.303s][info][gc,metaspace   ] GC(242) Metaspace: 34956K(35648K)->34956K(35648K) NonClass: 28697K(29184K)->28697K(29184K) Class: 6259K(6464K)->6259K(6464K)
[105.303s][info][gc             ] GC(242) Pause Young (Allocation Failure) 575M->296M(598M) 2.241ms
[105.303s][info][gc,cpu         ] GC(242) User=0.00s Sys=0.00s Real=0.00s
[105.513s][info][gc,start       ] GC(243) Pause Young (Allocation Failure)
[105.515s][info][gc,heap        ] GC(243) PSYoungGen: 288832K(309760K)->64K(310272K) Eden: 288768K(288768K)->0K(288768K) From: 64K(20992K)->64K(21504K)
[105.515s][info][gc,heap        ] GC(243) ParOldGen: 303058K(303104K)->303074K(303104K)
[105.515s][info][gc,metaspace   ] GC(243) Metaspace: 34956K(35648K)->34956K(35648K) NonClass: 28697K(29184K)->28697K(29184K) Class: 6259K(6464K)->6259K(6464K)
[105.515s][info][gc             ] GC(243) Pause Young (Allocation Failure) 578M->296M(599M) 1.363ms
[105.515s][info][gc,cpu         ] GC(243) User=0.00s Sys=0.00s Real=0.00s
[105.723s][info][gc,start       ] GC(244) Pause Young (Allocation Failure)
[105.724s][info][gc,heap        ] GC(244) PSYoungGen: 288832K(310272K)->64K(310784K) Eden: 288768K(288768K)->0K(291840K) From: 64K(21504K)->64K(18944K)
[105.724s][info][gc,heap        ] GC(244) ParOldGen: 303074K(303104K)->303074K(303104K)
[105.724s][info][gc,metaspace   ] GC(244) Metaspace: 34956K(35648K)->34956K(35648K) NonClass: 28697K(29184K)->28697K(29184K) Class: 6259K(6464K)->6259K(6464K)
[105.724s][info][gc             ] GC(244) Pause Young (Allocation Failure) 578M->296M(599M) 1.359ms
[105.724s][info][gc,cpu         ] GC(244) User=0.01s Sys=0.00s Real=0.00s
[106.091s][info][gc,start       ] GC(245) Pause Young (Allocation Failure)
[106.092s][info][gc,heap        ] GC(245) PSYoungGen: 291904K(310784K)->64K(311296K) Eden: 291840K(291840K)->0K(291840K) From: 64K(18944K)->64K(19456K)
[106.092s][info][gc,heap        ] GC(245) ParOldGen: 303074K(303104K)->303074K(303104K)
[106.092s][info][gc,metaspace   ] GC(245) Metaspace: 34956K(35648K)->34956K(35648K) NonClass: 28697K(29184K)->28697K(29184K) Class: 6259K(6464K)->6259K(6464K)
[106.092s][info][gc             ] GC(245) Pause Young (Allocation Failure) 581M->296M(600M) 1.270ms
[106.092s][info][gc,cpu         ] GC(245) User=0.00s Sys=0.00s Real=0.00s
[106.189s][info][gc,start       ] GC(246) Pause Young (Allocation Failure)
[106.190s][info][gc,heap        ] GC(246) PSYoungGen: 291904K(311296K)->64K(313856K) Eden: 291840K(291840K)->0K(295936K) From: 64K(19456K)->64K(17920K)
[106.190s][info][gc,heap        ] GC(246) ParOldGen: 303074K(303104K)->303082K(303104K)
[106.190s][info][gc,metaspace   ] GC(246) Metaspace: 34956K(35648K)->34956K(35648K) NonClass: 28697K(29184K)->28697K(29184K) Class: 6259K(6464K)->6259K(6464K)
[106.190s][info][gc             ] GC(246) Pause Young (Allocation Failure) 581M->296M(602M) 1.211ms
[106.190s][info][gc,cpu         ] GC(246) User=0.01s Sys=0.00s Real=0.00s
[106.246s][info][gc,start       ] GC(247) Pause Young (Allocation Failure)
[106.248s][info][gc,heap        ] GC(247) PSYoungGen: 296000K(313856K)->64K(313856K) Eden: 295936K(295936K)->0K(295936K) From: 64K(17920K)->64K(17920K)
[106.248s][info][gc,heap        ] GC(247) ParOldGen: 303082K(303104K)->303098K(303104K)
[106.248s][info][gc,metaspace   ] GC(247) Metaspace: 34956K(35648K)->34956K(35648K) NonClass: 28697K(29184K)->28697K(29184K) Class: 6259K(6464K)->6259K(6464K)
[106.248s][info][gc             ] GC(247) Pause Young (Allocation Failure) 585M->296M(602M) 1.198ms
[106.248s][info][gc,cpu         ] GC(247) User=0.00s Sys=0.00s Real=0.00s
[106.400s][info][gc,start       ] GC(248) Pause Young (Allocation Failure)
[106.402s][info][gc,heap        ] GC(248) PSYoungGen: 296000K(313856K)->64K(314880K) Eden: 295936K(295936K)->0K(299008K) From: 64K(17920K)->64K(15872K)
[106.402s][info][gc,heap        ] GC(248) ParOldGen: 303098K(303104K)->303098K(303104K)
[106.402s][info][gc,metaspace   ] GC(248) Metaspace: 34956K(35648K)->34956K(35648K) NonClass: 28697K(29184K)->28697K(29184K) Class: 6259K(6464K)->6259K(6464K)
[106.402s][info][gc             ] GC(248) Pause Young (Allocation Failure) 585M->296M(603M) 1.245ms
[106.402s][info][gc,cpu         ] GC(248) User=0.00s Sys=0.00s Real=0.01s
[106.630s][info][gc,start       ] GC(249) Pause Young (Allocation Failure)
[106.633s][info][gc,heap        ] GC(249) PSYoungGen: 299072K(314880K)->64K(314880K) Eden: 299008K(299008K)->0K(299008K) From: 64K(15872K)->64K(15872K)
[106.633s][info][gc,heap        ] GC(249) ParOldGen: 303098K(303104K)->303106K(303616K)
[106.633s][info][gc,metaspace   ] GC(249) Metaspace: 34956K(35648K)->34956K(35648K) NonClass: 28697K(29184K)->28697K(29184K) Class: 6259K(6464K)->6259K(6464K)
[106.633s][info][gc             ] GC(249) Pause Young (Allocation Failure) 588M->296M(604M) 2.252ms
[106.633s][info][gc,cpu         ] GC(249) User=0.00s Sys=0.00s Real=0.01s
[106.781s][info][gc,start       ] GC(250) Pause Young (Allocation Failure)
[106.783s][info][gc,heap        ] GC(250) PSYoungGen: 299072K(314880K)->64K(317440K) Eden: 299008K(299008K)->0K(302592K) From: 64K(15872K)->64K(14848K)
[106.783s][info][gc,heap        ] GC(250) ParOldGen: 303106K(303616K)->303114K(303616K)
[106.783s][info][gc,metaspace   ] GC(250) Metaspace: 34956K(35648K)->34956K(35648K) NonClass: 28697K(29184K)->28697K(29184K) Class: 6259K(6464K)->6259K(6464K)
[106.783s][info][gc             ] GC(250) Pause Young (Allocation Failure) 588M->296M(606M) 2.206ms
[106.783s][info][gc,cpu         ] GC(250) User=0.00s Sys=0.00s Real=0.00s
[106.865s][info][gc,start       ] GC(251) Pause Young (Allocation Failure)
[106.867s][info][gc,heap        ] GC(251) PSYoungGen: 302656K(317440K)->32K(316928K) Eden: 302592K(302592K)->0K(302592K) From: 64K(14848K)->32K(14336K)
[106.867s][info][gc,heap        ] GC(251) ParOldGen: 303114K(303616K)->303130K(303616K)
[106.867s][info][gc,metaspace   ] GC(251) Metaspace: 34956K(35648K)->34956K(35648K) NonClass: 28697K(29184K)->28697K(29184K) Class: 6259K(6464K)->6259K(6464K)
[106.867s][info][gc             ] GC(251) Pause Young (Allocation Failure) 591M->296M(606M) 2.240ms
[106.867s][info][gc,cpu         ] GC(251) User=0.00s Sys=0.00s Real=0.00s
[107.043s][info][gc,start       ] GC(252) Pause Young (Allocation Failure)
[107.045s][info][gc,heap        ] GC(252) PSYoungGen: 302624K(316928K)->64K(318464K) Eden: 302592K(302592K)->0K(305664K) From: 32K(14336K)->64K(12800K)
[107.045s][info][gc,heap        ] GC(252) ParOldGen: 303130K(303616K)->303130K(303616K)
[107.045s][info][gc,metaspace   ] GC(252) Metaspace: 34956K(35648K)->34956K(35648K) NonClass: 28697K(29184K)->28697K(29184K) Class: 6259K(6464K)->6259K(6464K)
[107.045s][info][gc             ] GC(252) Pause Young (Allocation Failure) 591M->296M(607M) 1.419ms
[107.045s][info][gc,cpu         ] GC(252) User=0.00s Sys=0.00s Real=0.00s
[108.045s][info][gc,start       ] GC(253) Pause Young (Allocation Failure)
[108.046s][info][gc,heap        ] GC(253) PSYoungGen: 305728K(318464K)->83K(317952K) Eden: 305664K(305664K)->0K(305664K) From: 64K(12800K)->83K(12288K)
[108.046s][info][gc,heap        ] GC(253) ParOldGen: 303130K(303616K)->303138K(303616K)
[108.046s][info][gc,metaspace   ] GC(253) Metaspace: 34956K(35648K)->34956K(35648K) NonClass: 28697K(29184K)->28697K(29184K) Class: 6259K(6464K)->6259K(6464K)
[108.047s][info][gc             ] GC(253) Pause Young (Allocation Failure) 594M->296M(607M) 1.350ms
[108.047s][info][gc,cpu         ] GC(253) User=0.00s Sys=0.00s Real=0.00s
[108.941s][info][gc,start       ] GC(254) Pause Young (Allocation Failure)
[108.942s][info][gc,heap        ] GC(254) PSYoungGen: 305747K(317952K)->64K(293888K) Eden: 305664K(305664K)->0K(293376K) From: 83K(12288K)->64K(512K)
[108.942s][info][gc,heap        ] GC(254) ParOldGen: 303138K(303616K)->303146K(303616K)
[108.942s][info][gc,metaspace   ] GC(254) Metaspace: 34956K(35648K)->34956K(35648K) NonClass: 28697K(29184K)->28697K(29184K) Class: 6259K(6464K)->6259K(6464K)
[108.942s][info][gc             ] GC(254) Pause Young (Allocation Failure) 594M->296M(583M) 1.302ms
[108.942s][info][gc,cpu         ] GC(254) User=0.00s Sys=0.00s Real=0.00s
[109.252s][info][gc,start       ] GC(255) Pause Young (Allocation Failure)
[109.253s][info][gc,heap        ] GC(255) PSYoungGen: 293440K(293888K)->64K(292352K) Eden: 293376K(293376K)->0K(281600K) From: 64K(512K)->64K(10752K)
[109.253s][info][gc,heap        ] GC(255) ParOldGen: 303146K(303616K)->303154K(303616K)
[109.253s][info][gc,metaspace   ] GC(255) Metaspace: 34956K(35648K)->34956K(35648K) NonClass: 28697K(29184K)->28697K(29184K) Class: 6259K(6464K)->6259K(6464K)
[109.253s][info][gc             ] GC(255) Pause Young (Allocation Failure) 582M->296M(582M) 1.180ms
[109.253s][info][gc,cpu         ] GC(255) User=0.00s Sys=0.00s Real=0.00s
[109.720s][info][gc,start       ] GC(256) Pause Young (Allocation Failure)
[109.722s][info][gc,heap        ] GC(256) PSYoungGen: 281664K(292352K)->64K(270848K) Eden: 281600K(281600K)->0K(270336K) From: 64K(10752K)->64K(512K)
[109.722s][info][gc,heap        ] GC(256) ParOldGen: 303154K(303616K)->303162K(303616K)
[109.722s][info][gc,metaspace   ] GC(256) Metaspace: 34956K(35648K)->34956K(35648K) NonClass: 28697K(29184K)->28697K(29184K) Class: 6259K(6464K)->6259K(6464K)
[109.722s][info][gc             ] GC(256) Pause Young (Allocation Failure) 571M->296M(561M) 2.593ms
[109.722s][info][gc,cpu         ] GC(256) User=0.00s Sys=0.00s Real=0.01s
[110.736s][info][gc,start       ] GC(257) Pause Young (Allocation Failure)
[110.738s][info][gc,heap        ] GC(257) PSYoungGen: 270400K(270848K)->32K(269312K) Eden: 270336K(270336K)->0K(259584K) From: 64K(512K)->32K(9728K)
[110.738s][info][gc,heap        ] GC(257) ParOldGen: 303162K(303616K)->303178K(303616K)
[110.738s][info][gc,metaspace   ] GC(257) Metaspace: 34956K(35648K)->34956K(35648K) NonClass: 28697K(29184K)->28697K(29184K) Class: 6259K(6464K)->6259K(6464K)
[110.738s][info][gc             ] GC(257) Pause Young (Allocation Failure) 560M->296M(559M) 2.149ms
[110.738s][info][gc,cpu         ] GC(257) User=0.01s Sys=0.00s Real=0.00s
[111.138s][info][gc,start       ] GC(258) Pause Young (Allocation Failure)
[111.141s][info][gc,heap        ] GC(258) PSYoungGen: 259616K(269312K)->32K(249856K) Eden: 259584K(259584K)->0K(249344K) From: 32K(9728K)->32K(512K)
[111.141s][info][gc,heap        ] GC(258) ParOldGen: 303178K(303616K)->303186K(303616K)
[111.141s][info][gc,metaspace   ] GC(258) Metaspace: 34956K(35648K)->34956K(35648K) NonClass: 28697K(29184K)->28697K(29184K) Class: 6259K(6464K)->6259K(6464K)
[111.141s][info][gc             ] GC(258) Pause Young (Allocation Failure) 549M->296M(540M) 2.741ms
[111.141s][info][gc,cpu         ] GC(258) User=0.01s Sys=0.00s Real=0.01s
[111.279s][info][gc,start       ] GC(259) Pause Young (Allocation Failure)
[111.281s][info][gc,heap        ] GC(259) PSYoungGen: 249376K(249856K)->32K(247808K) Eden: 249344K(249344K)->0K(239616K) From: 32K(512K)->32K(8192K)
[111.281s][info][gc,heap        ] GC(259) ParOldGen: 303186K(303616K)->303194K(303616K)
[111.281s][info][gc,metaspace   ] GC(259) Metaspace: 34956K(35648K)->34956K(35648K) NonClass: 28697K(29184K)->28697K(29184K) Class: 6259K(6464K)->6259K(6464K)
[111.281s][info][gc             ] GC(259) Pause Young (Allocation Failure) 539M->296M(538M) 2.071ms
[111.281s][info][gc,cpu         ] GC(259) User=0.00s Sys=0.00s Real=0.01s
[111.641s][info][gc,start       ] GC(260) Pause Young (Allocation Failure)
[111.644s][info][gc,heap        ] GC(260) PSYoungGen: 239648K(247808K)->64K(230912K) Eden: 239616K(239616K)->0K(230400K) From: 32K(8192K)->64K(512K)
[111.644s][info][gc,heap        ] GC(260) ParOldGen: 303194K(303616K)->303202K(303616K)
[111.644s][info][gc,metaspace   ] GC(260) Metaspace: 34956K(35648K)->34956K(35648K) NonClass: 28697K(29184K)->28697K(29184K) Class: 6259K(6464K)->6259K(6464K)
[111.644s][info][gc             ] GC(260) Pause Young (Allocation Failure) 530M->296M(522M) 2.684ms
[111.644s][info][gc,cpu         ] GC(260) User=0.00s Sys=0.01s Real=0.00s
[112.074s][info][gc,start       ] GC(261) Pause Young (Allocation Failure)
[112.076s][info][gc,heap        ] GC(261) PSYoungGen: 230464K(230912K)->64K(228864K) Eden: 230400K(230400K)->0K(221696K) From: 64K(512K)->64K(7168K)
[112.076s][info][gc,heap        ] GC(261) ParOldGen: 303202K(303616K)->303210K(303616K)
[112.076s][info][gc,metaspace   ] GC(261) Metaspace: 34956K(35648K)->34956K(35648K) NonClass: 28697K(29184K)->28697K(29184K) Class: 6259K(6464K)->6259K(6464K)
[112.076s][info][gc             ] GC(261) Pause Young (Allocation Failure) 521M->296M(520M) 2.586ms
[112.076s][info][gc,cpu         ] GC(261) User=0.00s Sys=0.00s Real=0.00s
[112.461s][info][gc,start       ] GC(262) Pause Young (Allocation Failure)
[112.467s][info][gc,heap        ] GC(262) PSYoungGen: 221760K(228864K)->2464K(216064K) Eden: 221696K(221696K)->0K(213504K) From: 64K(7168K)->2464K(2560K)
[112.467s][info][gc,heap        ] GC(262) ParOldGen: 303210K(303616K)->303218K(303616K)
[112.467s][info][gc,metaspace   ] GC(262) Metaspace: 34956K(35648K)->34956K(35648K) NonClass: 28697K(29184K)->28697K(29184K) Class: 6259K(6464K)->6259K(6464K)
[112.467s][info][gc             ] GC(262) Pause Young (Allocation Failure) 512M->298M(507M) 5.980ms
[112.467s][info][gc,cpu         ] GC(262) User=0.01s Sys=0.00s Real=0.00s
[112.713s][info][gc,start       ] GC(263) Pause Young (Allocation Failure)
[112.756s][info][gc,heap        ] GC(263) PSYoungGen: 215968K(216064K)->6656K(263168K) Eden: 213504K(213504K)->0K(256512K) From: 2464K(2560K)->6656K(6656K)
[112.756s][info][gc,heap        ] GC(263) ParOldGen: 303218K(303616K)->319226K(319488K)
[112.756s][info][gc,metaspace   ] GC(263) Metaspace: 34956K(35648K)->34956K(35648K) NonClass: 28697K(29184K)->28697K(29184K) Class: 6259K(6464K)->6259K(6464K)
[112.756s][info][gc             ] GC(263) Pause Young (Allocation Failure) 507M->318M(569M) 43.811ms
[112.757s][info][gc,cpu         ] GC(263) User=0.08s Sys=0.01s Real=0.04s
[113.052s][info][gc,start       ] GC(264) Pause Young (Allocation Failure)
[113.111s][info][gc,heap        ] GC(264) PSYoungGen: 263168K(263168K)->4608K(267264K) Eden: 256512K(256512K)->0K(262656K) From: 6656K(6656K)->4608K(4608K)
[113.111s][info][gc,heap        ] GC(264) ParOldGen: 319226K(319488K)->342458K(342528K)
[113.111s][info][gc,metaspace   ] GC(264) Metaspace: 34956K(35648K)->34956K(35648K) NonClass: 28697K(29184K)->28697K(29184K) Class: 6259K(6464K)->6259K(6464K)
[113.111s][info][gc             ] GC(264) Pause Young (Allocation Failure) 568M->338M(595M) 58.876ms
[113.111s][info][gc,cpu         ] GC(264) User=0.10s Sys=0.01s Real=0.06s
[113.318s][info][gc,start       ] GC(265) Pause Young (Allocation Failure)
[113.351s][info][gc,heap        ] GC(265) PSYoungGen: 267264K(267264K)->16640K(285184K) Eden: 262656K(262656K)->0K(262656K) From: 4608K(4608K)->16640K(22528K)
[113.351s][info][gc,heap        ] GC(265) ParOldGen: 342458K(342528K)->343322K(343552K)
[113.351s][info][gc,metaspace   ] GC(265) Metaspace: 34956K(35648K)->34956K(35648K) NonClass: 28697K(29184K)->28697K(29184K) Class: 6259K(6464K)->6259K(6464K)
[113.351s][info][gc             ] GC(265) Pause Young (Allocation Failure) 595M->351M(614M) 32.460ms
[113.351s][info][gc,cpu         ] GC(265) User=0.06s Sys=0.01s Real=0.04s
[113.579s][info][gc,start       ] GC(266) Pause Young (Allocation Failure)
[113.580s][info][gc,heap        ] GC(266) PSYoungGen: 279296K(285184K)->64K(309760K) Eden: 262656K(262656K)->0K(285184K) From: 16640K(22528K)->64K(24576K)
[113.580s][info][gc,heap        ] GC(266) ParOldGen: 343322K(343552K)->343330K(343552K)
[113.580s][info][gc,metaspace   ] GC(266) Metaspace: 34956K(35648K)->34956K(35648K) NonClass: 28697K(29184K)->28697K(29184K) Class: 6259K(6464K)->6259K(6464K)
[113.580s][info][gc             ] GC(266) Pause Young (Allocation Failure) 608M->335M(638M) 1.350ms
[113.580s][info][gc,cpu         ] GC(266) User=0.01s Sys=0.00s Real=0.00s
[114.292s][info][gc,start       ] GC(267) Pause Young (Allocation Failure)
[114.293s][info][gc,heap        ] GC(267) PSYoungGen: 285248K(309760K)->64K(285696K) Eden: 285184K(285184K)->0K(285184K) From: 64K(24576K)->64K(512K)
[114.293s][info][gc,heap        ] GC(267) ParOldGen: 343330K(343552K)->343338K(343552K)
[114.293s][info][gc,metaspace   ] GC(267) Metaspace: 34956K(35648K)->34956K(35648K) NonClass: 28697K(29184K)->28697K(29184K) Class: 6259K(6464K)->6259K(6464K)
[114.293s][info][gc             ] GC(267) Pause Young (Allocation Failure) 613M->335M(614M) 1.344ms
[114.293s][info][gc,cpu         ] GC(267) User=0.00s Sys=0.00s Real=0.00s
[114.581s][info][gc,start       ] GC(268) Pause Young (Allocation Failure)
[114.584s][info][gc,heap        ] GC(268) PSYoungGen: 285248K(285696K)->64K(309760K) Eden: 285184K(285184K)->0K(286208K) From: 64K(512K)->64K(23552K)
[114.584s][info][gc,heap        ] GC(268) ParOldGen: 343338K(343552K)->343354K(343552K)
[114.584s][info][gc,metaspace   ] GC(268) Metaspace: 34956K(35648K)->34956K(35648K) NonClass: 28697K(29184K)->28697K(29184K) Class: 6259K(6464K)->6259K(6464K)
[114.584s][info][gc             ] GC(268) Pause Young (Allocation Failure) 613M->335M(638M) 3.479ms
[114.584s][info][gc,cpu         ] GC(268) User=0.01s Sys=0.00s Real=0.01s
[115.003s][info][gc,start       ] GC(269) Pause Young (Allocation Failure)
[115.004s][info][gc,heap        ] GC(269) PSYoungGen: 286272K(309760K)->64K(308736K) Eden: 286208K(286208K)->0K(286208K) From: 64K(23552K)->64K(22528K)
[115.004s][info][gc,heap        ] GC(269) ParOldGen: 343354K(343552K)->343362K(343552K)
[115.004s][info][gc,metaspace   ] GC(269) Metaspace: 34956K(35648K)->34956K(35648K) NonClass: 28697K(29184K)->28697K(29184K) Class: 6259K(6464K)->6259K(6464K)
[115.004s][info][gc             ] GC(269) Pause Young (Allocation Failure) 614M->335M(637M) 1.413ms
[115.004s][info][gc,cpu         ] GC(269) User=0.01s Sys=0.00s Real=0.00s
[115.210s][info][gc,start       ] GC(270) Pause Young (Allocation Failure)
[115.212s][info][gc,heap        ] GC(270) PSYoungGen: 286272K(308736K)->32K(310272K) Eden: 286208K(286208K)->0K(288768K) From: 64K(22528K)->32K(21504K)
[115.212s][info][gc,heap        ] GC(270) ParOldGen: 343362K(343552K)->343378K(343552K)
[115.212s][info][gc,metaspace   ] GC(270) Metaspace: 34956K(35648K)->34956K(35648K) NonClass: 28697K(29184K)->28697K(29184K) Class: 6259K(6464K)->6259K(6464K)
[115.212s][info][gc             ] GC(270) Pause Young (Allocation Failure) 614M->335M(638M) 1.629ms
[115.212s][info][gc,cpu         ] GC(270) User=0.00s Sys=0.00s Real=0.01s
[115.422s][info][gc,start       ] GC(271) Pause Young (Allocation Failure)
[115.423s][info][gc,heap        ] GC(271) PSYoungGen: 288800K(310272K)->64K(309248K) Eden: 288768K(288768K)->0K(288768K) From: 32K(21504K)->64K(20480K)
[115.423s][info][gc,heap        ] GC(271) ParOldGen: 343378K(343552K)->343378K(343552K)
[115.423s][info][gc,metaspace   ] GC(271) Metaspace: 34956K(35648K)->34956K(35648K) NonClass: 28697K(29184K)->28697K(29184K) Class: 6259K(6464K)->6259K(6464K)
[115.423s][info][gc             ] GC(271) Pause Young (Allocation Failure) 617M->335M(637M) 1.325ms
[115.423s][info][gc,cpu         ] GC(271) User=0.01s Sys=0.00s Real=0.00s
[115.737s][info][gc,start       ] GC(272) Pause Young (Allocation Failure)
[115.739s][info][gc,heap        ] GC(272) PSYoungGen: 288832K(309248K)->64K(312320K) Eden: 288768K(288768K)->0K(292864K) From: 64K(20480K)->64K(19456K)
[115.739s][info][gc,heap        ] GC(272) ParOldGen: 343378K(343552K)->343378K(343552K)
[115.739s][info][gc,metaspace   ] GC(272) Metaspace: 34956K(35648K)->34956K(35648K) NonClass: 28697K(29184K)->28697K(29184K) Class: 6259K(6464K)->6259K(6464K)
[115.739s][info][gc             ] GC(272) Pause Young (Allocation Failure) 617M->335M(640M) 1.387ms
[115.739s][info][gc,cpu         ] GC(272) User=0.00s Sys=0.00s Real=0.00s
[115.794s][info][gc,start       ] GC(273) Pause Young (Allocation Failure)
[115.795s][info][gc,heap        ] GC(273) PSYoungGen: 292927K(312320K)->64K(311296K) Eden: 292863K(292864K)->0K(292864K) From: 64K(19456K)->64K(18432K)
[115.795s][info][gc,heap        ] GC(273) ParOldGen: 343378K(343552K)->343394K(343552K)
[115.795s][info][gc,metaspace   ] GC(273) Metaspace: 34956K(35648K)->34956K(35648K) NonClass: 28697K(29184K)->28697K(29184K) Class: 6259K(6464K)->6259K(6464K)
[115.795s][info][gc             ] GC(273) Pause Young (Allocation Failure) 621M->335M(639M) 1.347ms
[115.795s][info][gc,cpu         ] GC(273) User=0.01s Sys=0.00s Real=0.00s
[115.878s][info][gc,start       ] GC(274) Pause Young (Allocation Failure)
[115.880s][info][gc,heap        ] GC(274) PSYoungGen: 292928K(311296K)->64K(313856K) Eden: 292864K(292864K)->0K(296448K) From: 64K(18432K)->64K(17408K)
[115.880s][info][gc,heap        ] GC(274) ParOldGen: 343394K(343552K)->343394K(343552K)
[115.880s][info][gc,metaspace   ] GC(274) Metaspace: 34956K(35648K)->34956K(35648K) NonClass: 28697K(29184K)->28697K(29184K) Class: 6259K(6464K)->6259K(6464K)
[115.880s][info][gc             ] GC(274) Pause Young (Allocation Failure) 621M->335M(642M) 1.319ms
[115.880s][info][gc,cpu         ] GC(274) User=0.00s Sys=0.00s Real=0.00s
[116.100s][info][gc,start       ] GC(275) Pause Young (Allocation Failure)
[116.102s][info][gc,heap        ] GC(275) PSYoungGen: 296512K(313856K)->32K(313344K) Eden: 296448K(296448K)->0K(296448K) From: 64K(17408K)->32K(16896K)
[116.102s][info][gc,heap        ] GC(275) ParOldGen: 343394K(343552K)->343410K(343552K)
[116.102s][info][gc,metaspace   ] GC(275) Metaspace: 34956K(35648K)->34956K(35648K) NonClass: 28697K(29184K)->28697K(29184K) Class: 6259K(6464K)->6259K(6464K)
[116.102s][info][gc             ] GC(275) Pause Young (Allocation Failure) 624M->335M(641M) 2.320ms
[116.103s][info][gc,cpu         ] GC(275) User=0.01s Sys=0.00s Real=0.01s
[116.299s][info][gc,start       ] GC(276) Pause Young (Allocation Failure)
[116.302s][info][gc,heap        ] GC(276) PSYoungGen: 296480K(313344K)->64K(315904K) Eden: 296448K(296448K)->0K(300544K) From: 32K(16896K)->64K(15360K)
[116.302s][info][gc,heap        ] GC(276) ParOldGen: 343410K(343552K)->343410K(343552K)
[116.302s][info][gc,metaspace   ] GC(276) Metaspace: 34957K(35648K)->34957K(35648K) NonClass: 28698K(29184K)->28698K(29184K) Class: 6259K(6464K)->6259K(6464K)
[116.302s][info][gc             ] GC(276) Pause Young (Allocation Failure) 624M->335M(644M) 2.377ms
[116.302s][info][gc,cpu         ] GC(276) User=0.00s Sys=0.00s Real=0.01s
[116.387s][info][gc,start       ] GC(277) Pause Young (Allocation Failure)
[116.389s][info][gc,heap        ] GC(277) PSYoungGen: 300608K(315904K)->64K(315392K) Eden: 300544K(300544K)->0K(300544K) From: 64K(15360K)->64K(14848K)
[116.389s][info][gc,heap        ] GC(277) ParOldGen: 343410K(343552K)->343426K(343552K)
[116.389s][info][gc,metaspace   ] GC(277) Metaspace: 34957K(35648K)->34957K(35648K) NonClass: 28698K(29184K)->28698K(29184K) Class: 6259K(6464K)->6259K(6464K)
[116.389s][info][gc             ] GC(277) Pause Young (Allocation Failure) 628M->335M(643M) 1.839ms
[116.389s][info][gc,cpu         ] GC(277) User=0.00s Sys=0.00s Real=0.00s
[116.520s][info][gc,start       ] GC(278) Pause Young (Allocation Failure)
[116.522s][info][gc,heap        ] GC(278) PSYoungGen: 300608K(315392K)->64K(317952K) Eden: 300544K(300544K)->0K(304128K) From: 64K(14848K)->64K(13824K)
[116.522s][info][gc,heap        ] GC(278) ParOldGen: 343426K(343552K)->343426K(343552K)
[116.522s][info][gc,metaspace   ] GC(278) Metaspace: 34957K(35648K)->34957K(35648K) NonClass: 28698K(29184K)->28698K(29184K) Class: 6259K(6464K)->6259K(6464K)
[116.522s][info][gc             ] GC(278) Pause Young (Allocation Failure) 628M->335M(646M) 1.309ms
[116.522s][info][gc,cpu         ] GC(278) User=0.00s Sys=0.00s Real=0.01s
[116.914s][info][gc,start       ] GC(279) Pause Young (Allocation Failure)
[116.916s][info][gc,heap        ] GC(279) PSYoungGen: 304192K(317952K)->64K(317440K) Eden: 304128K(304128K)->0K(304128K) From: 64K(13824K)->64K(13312K)
[116.916s][info][gc,heap        ] GC(279) ParOldGen: 343426K(343552K)->343442K(343552K)
[116.916s][info][gc,metaspace   ] GC(279) Metaspace: 34957K(35648K)->34957K(35648K) NonClass: 28698K(29184K)->28698K(29184K) Class: 6259K(6464K)->6259K(6464K)
[116.916s][info][gc             ] GC(279) Pause Young (Allocation Failure) 632M->335M(645M) 2.638ms
[116.916s][info][gc,cpu         ] GC(279) User=0.00s Sys=0.00s Real=0.00s
[117.636s][info][gc,start       ] GC(280) Pause Young (Allocation Failure)
[117.638s][info][gc,heap        ] GC(280) PSYoungGen: 304192K(317440K)->64K(292352K) Eden: 304128K(304128K)->0K(291840K) From: 64K(13312K)->64K(512K)
[117.638s][info][gc,heap        ] GC(280) ParOldGen: 343442K(343552K)->343458K(343552K)
[117.638s][info][gc,metaspace   ] GC(280) Metaspace: 34957K(35648K)->34957K(35648K) NonClass: 28698K(29184K)->28698K(29184K) Class: 6259K(6464K)->6259K(6464K)
[117.638s][info][gc             ] GC(280) Pause Young (Allocation Failure) 632M->335M(621M) 2.632ms
[117.638s][info][gc,cpu         ] GC(280) User=0.00s Sys=0.00s Real=0.00s
[118.621s][info][gc,start       ] GC(281) Pause Young (Allocation Failure)
[118.623s][info][gc,heap        ] GC(281) PSYoungGen: 291904K(292352K)->64K(291328K) Eden: 291840K(291840K)->0K(280064K) From: 64K(512K)->64K(11264K)
[118.623s][info][gc,heap        ] GC(281) ParOldGen: 343458K(343552K)->343466K(343552K)
[118.623s][info][gc,metaspace   ] GC(281) Metaspace: 34957K(35648K)->34957K(35648K) NonClass: 28698K(29184K)->28698K(29184K) Class: 6259K(6464K)->6259K(6464K)
[118.623s][info][gc             ] GC(281) Pause Young (Allocation Failure) 620M->335M(620M) 2.471ms
[118.623s][info][gc,cpu         ] GC(281) User=0.00s Sys=0.00s Real=0.00s
[119.082s][info][gc,start       ] GC(282) Pause Young (Allocation Failure)
[119.084s][info][gc,heap        ] GC(282) PSYoungGen: 280128K(291328K)->64K(269312K) Eden: 280064K(280064K)->0K(268800K) From: 64K(11264K)->64K(512K)
[119.084s][info][gc,heap        ] GC(282) ParOldGen: 343466K(343552K)->343474K(343552K)
[119.084s][info][gc,metaspace   ] GC(282) Metaspace: 34957K(35648K)->34957K(35648K) NonClass: 28698K(29184K)->28698K(29184K) Class: 6259K(6464K)->6259K(6464K)
[119.084s][info][gc             ] GC(282) Pause Young (Allocation Failure) 608M->335M(598M) 1.916ms
[119.084s][info][gc,cpu         ] GC(282) User=0.00s Sys=0.00s Real=0.00s
[120.108s][info][gc,start       ] GC(283) Pause Young (Allocation Failure)
[120.110s][info][gc,heap        ] GC(283) PSYoungGen: 268864K(269312K)->64K(268288K) Eden: 268800K(268800K)->0K(258048K) From: 64K(512K)->64K(10240K)
[120.110s][info][gc,heap        ] GC(283) ParOldGen: 343474K(343552K)->343490K(343552K)
[120.110s][info][gc,metaspace   ] GC(283) Metaspace: 34957K(35648K)->34957K(35648K) NonClass: 28698K(29184K)->28698K(29184K) Class: 6259K(6464K)->6259K(6464K)
[120.110s][info][gc             ] GC(283) Pause Young (Allocation Failure) 597M->335M(597M) 2.563ms
[120.110s][info][gc,cpu         ] GC(283) User=0.00s Sys=0.00s Real=0.00s
[120.521s][info][gc,start       ] GC(284) Pause Young (Allocation Failure)
[120.525s][info][gc,heap        ] GC(284) PSYoungGen: 258112K(268288K)->64K(248320K) Eden: 258048K(258048K)->0K(247808K) From: 64K(10240K)->64K(512K)
[120.525s][info][gc,heap        ] GC(284) ParOldGen: 343490K(343552K)->343506K(343552K)
[120.525s][info][gc,metaspace   ] GC(284) Metaspace: 34957K(35648K)->34957K(35648K) NonClass: 28698K(29184K)->28698K(29184K) Class: 6259K(6464K)->6259K(6464K)
[120.525s][info][gc             ] GC(284) Pause Young (Allocation Failure) 587M->335M(578M) 3.723ms
[120.525s][info][gc,cpu         ] GC(284) User=0.00s Sys=0.00s Real=0.00s
[120.729s][info][gc,start       ] GC(285) Pause Young (Allocation Failure)
[120.731s][info][gc,heap        ] GC(285) PSYoungGen: 247872K(248320K)->32K(246784K) Eden: 247808K(247808K)->0K(238080K) From: 64K(512K)->32K(8704K)
[120.731s][info][gc,heap        ] GC(285) ParOldGen: 343506K(343552K)->343522K(343552K)
[120.731s][info][gc,metaspace   ] GC(285) Metaspace: 34957K(35648K)->34957K(35648K) NonClass: 28698K(29184K)->28698K(29184K) Class: 6259K(6464K)->6259K(6464K)
[120.732s][info][gc             ] GC(285) Pause Young (Allocation Failure) 577M->335M(576M) 2.441ms
[120.732s][info][gc,cpu         ] GC(285) User=0.00s Sys=0.00s Real=0.01s
[120.819s][info][gc,start       ] GC(286) Pause Young (Allocation Failure)
[120.821s][info][gc,heap        ] GC(286) PSYoungGen: 238112K(246784K)->32K(292864K) Eden: 238080K(238080K)->0K(284672K) From: 32K(8704K)->32K(8192K)
[120.821s][info][gc,heap        ] GC(286) ParOldGen: 343522K(343552K)->343538K(343552K)
[120.821s][info][gc,metaspace   ] GC(286) Metaspace: 34957K(35648K)->34957K(35648K) NonClass: 28698K(29184K)->28698K(29184K) Class: 6259K(6464K)->6259K(6464K)
[120.821s][info][gc             ] GC(286) Pause Young (Allocation Failure) 568M->335M(621M) 1.802ms
[120.821s][info][gc,cpu         ] GC(286) User=0.00s Sys=0.00s Real=0.01s
[121.514s][info][gc,start       ] GC(287) Pause Young (Allocation Failure)
[121.516s][info][gc,heap        ] GC(287) PSYoungGen: 284704K(292864K)->64K(273920K) Eden: 284672K(284672K)->0K(273408K) From: 32K(8192K)->64K(512K)
[121.516s][info][gc,heap        ] GC(287) ParOldGen: 343538K(343552K)->343546K(343552K)
[121.516s][info][gc,metaspace   ] GC(287) Metaspace: 34957K(35648K)->34957K(35648K) NonClass: 28698K(29184K)->28698K(29184K) Class: 6259K(6464K)->6259K(6464K)
[121.516s][info][gc             ] GC(287) Pause Young (Allocation Failure) 613M->335M(603M) 2.362ms
[121.516s][info][gc,cpu         ] GC(287) User=0.00s Sys=0.00s Real=0.00s
[121.919s][info][gc,start       ] GC(288) Pause Young (Allocation Failure)
[121.921s][info][gc,heap        ] GC(288) PSYoungGen: 273472K(273920K)->64K(263168K) Eden: 273408K(273408K)->0K(262656K) From: 64K(512K)->64K(512K)
[121.921s][info][gc,heap        ] GC(288) ParOldGen: 343546K(343552K)->343554K(344064K)
[121.921s][info][gc,metaspace   ] GC(288) Metaspace: 34957K(35648K)->34957K(35648K) NonClass: 28698K(29184K)->28698K(29184K) Class: 6259K(6464K)->6259K(6464K)
[121.921s][info][gc             ] GC(288) Pause Young (Allocation Failure) 602M->335M(593M) 1.884ms
[121.921s][info][gc,cpu         ] GC(288) User=0.00s Sys=0.00s Real=0.01s
[122.313s][info][gc,start       ] GC(289) Pause Young (Allocation Failure)
[122.366s][info][gc,heap        ] GC(289) PSYoungGen: 262720K(263168K)->6656K(279552K) Eden: 262656K(262656K)->0K(272896K) From: 64K(512K)->6656K(6656K)
[122.366s][info][gc,heap        ] GC(289) ParOldGen: 343554K(344064K)->363954K(364032K)
[122.367s][info][gc,metaspace   ] GC(289) Metaspace: 34957K(35648K)->34957K(35648K) NonClass: 28698K(29184K)->28698K(29184K) Class: 6259K(6464K)->6259K(6464K)
[122.367s][info][gc             ] GC(289) Pause Young (Allocation Failure) 592M->361M(628M) 53.489ms
[122.367s][info][gc,cpu         ] GC(289) User=0.09s Sys=0.02s Real=0.05s
[122.772s][info][gc,start       ] GC(290) Pause Young (Allocation Failure)
[122.839s][info][gc,heap        ] GC(290) PSYoungGen: 279552K(279552K)->15872K(301568K) Eden: 272896K(272896K)->0K(285696K) From: 6656K(6656K)->15872K(15872K)
[122.839s][info][gc,heap        ] GC(290) ParOldGen: 363954K(364032K)->377794K(377856K)
[122.839s][info][gc,metaspace   ] GC(290) Metaspace: 34957K(35648K)->34957K(35648K) NonClass: 28698K(29184K)->28698K(29184K) Class: 6259K(6464K)->6259K(6464K)
[122.839s][info][gc             ] GC(290) Pause Young (Allocation Failure) 628M->384M(663M) 67.129ms
[122.839s][info][gc,cpu         ] GC(290) User=0.10s Sys=0.03s Real=0.06s
[123.059s][info][gc,start       ] GC(291) Pause Young (Allocation Failure)
[123.089s][info][gc,heap        ] GC(291) PSYoungGen: 301568K(301568K)->12960K(299008K) Eden: 285696K(285696K)->0K(285696K) From: 15872K(15872K)->12960K(13312K)
[123.089s][info][gc,heap        ] GC(291) ParOldGen: 377794K(377856K)->378290K(378368K)
[123.089s][info][gc,metaspace   ] GC(291) Metaspace: 34957K(35648K)->34957K(35648K) NonClass: 28698K(29184K)->28698K(29184K) Class: 6259K(6464K)->6259K(6464K)
[123.089s][info][gc             ] GC(291) Pause Young (Allocation Failure) 663M->382M(661M) 29.982ms
[123.089s][info][gc,cpu         ] GC(291) User=0.05s Sys=0.00s Real=0.03s
[123.524s][info][gc,start       ] GC(292) Pause Young (Allocation Failure)
[123.525s][info][gc,heap        ] GC(292) PSYoungGen: 298656K(299008K)->64K(309248K) Eden: 285696K(285696K)->0K(284160K) From: 12960K(13312K)->64K(25088K)
[123.525s][info][gc,heap        ] GC(292) ParOldGen: 378290K(378368K)->378298K(378368K)
[123.525s][info][gc,metaspace   ] GC(292) Metaspace: 34957K(35648K)->34957K(35648K) NonClass: 28698K(29184K)->28698K(29184K) Class: 6259K(6464K)->6259K(6464K)
[123.525s][info][gc             ] GC(292) Pause Young (Allocation Failure) 661M->369M(671M) 1.393ms
[123.525s][info][gc,cpu         ] GC(292) User=0.01s Sys=0.00s Real=0.00s
[124.156s][info][gc,start       ] GC(293) Pause Young (Allocation Failure)
[124.158s][info][gc,heap        ] GC(293) PSYoungGen: 284224K(309248K)->64K(284672K) Eden: 284160K(284160K)->0K(284160K) From: 64K(25088K)->64K(512K)
[124.158s][info][gc,heap        ] GC(293) ParOldGen: 378298K(378368K)->378306K(378368K)
[124.158s][info][gc,metaspace   ] GC(293) Metaspace: 34957K(35648K)->34957K(35648K) NonClass: 28698K(29184K)->28698K(29184K) Class: 6259K(6464K)->6259K(6464K)
[124.158s][info][gc             ] GC(293) Pause Young (Allocation Failure) 646M->369M(647M) 1.695ms
[124.158s][info][gc,cpu         ] GC(293) User=0.00s Sys=0.01s Real=0.00s
[124.600s][info][gc,start       ] GC(294) Pause Young (Allocation Failure)
[124.601s][info][gc,heap        ] GC(294) PSYoungGen: 284224K(284672K)->64K(308736K) Eden: 284160K(284160K)->0K(285184K) From: 64K(512K)->64K(23552K)
[124.601s][info][gc,heap        ] GC(294) ParOldGen: 378306K(378368K)->378322K(378368K)
[124.601s][info][gc,metaspace   ] GC(294) Metaspace: 34957K(35648K)->34957K(35648K) NonClass: 28698K(29184K)->28698K(29184K) Class: 6259K(6464K)->6259K(6464K)
[124.601s][info][gc             ] GC(294) Pause Young (Allocation Failure) 647M->369M(671M) 1.436ms
[124.601s][info][gc,cpu         ] GC(294) User=0.01s Sys=0.00s Real=0.01s
[124.807s][info][gc,start       ] GC(295) Pause Young (Allocation Failure)
[124.809s][info][gc,heap        ] GC(295) PSYoungGen: 285248K(308736K)->32K(307712K) Eden: 285184K(285184K)->0K(285184K) From: 64K(23552K)->32K(22528K)
[124.809s][info][gc,heap        ] GC(295) ParOldGen: 378322K(378368K)->378338K(378368K)
[124.809s][info][gc,metaspace   ] GC(295) Metaspace: 34957K(35648K)->34957K(35648K) NonClass: 28698K(29184K)->28698K(29184K) Class: 6259K(6464K)->6259K(6464K)
[124.809s][info][gc             ] GC(295) Pause Young (Allocation Failure) 648M->369M(670M) 1.472ms
[124.809s][info][gc,cpu         ] GC(295) User=0.00s Sys=0.00s Real=0.00s
[125.016s][info][gc,start       ] GC(296) Pause Young (Allocation Failure)
[125.017s][info][gc,heap        ] GC(296) PSYoungGen: 285216K(307712K)->64K(309760K) Eden: 285184K(285184K)->0K(288256K) From: 32K(22528K)->64K(21504K)
[125.017s][info][gc,heap        ] GC(296) ParOldGen: 378338K(378368K)->378338K(378368K)
[125.017s][info][gc,metaspace   ] GC(296) Metaspace: 34957K(35648K)->34957K(35648K) NonClass: 28698K(29184K)->28698K(29184K) Class: 6259K(6464K)->6259K(6464K)
[125.017s][info][gc             ] GC(296) Pause Young (Allocation Failure) 648M->369M(672M) 1.413ms
[125.017s][info][gc,cpu         ] GC(296) User=0.00s Sys=0.00s Real=0.00s
[125.369s][info][gc,start       ] GC(297) Pause Young (Allocation Failure)
[125.371s][info][gc,heap        ] GC(297) PSYoungGen: 288320K(309760K)->64K(309248K) Eden: 288256K(288256K)->0K(288256K) From: 64K(21504K)->64K(20992K)
[125.371s][info][gc,heap        ] GC(297) ParOldGen: 378338K(378368K)->378338K(378368K)
[125.371s][info][gc,metaspace   ] GC(297) Metaspace: 34957K(35648K)->34957K(35648K) NonClass: 28698K(29184K)->28698K(29184K) Class: 6259K(6464K)->6259K(6464K)
[125.371s][info][gc             ] GC(297) Pause Young (Allocation Failure) 651M->369M(671M) 1.457ms
[125.371s][info][gc,cpu         ] GC(297) User=0.00s Sys=0.00s Real=0.01s
[125.493s][info][gc,start       ] GC(298) Pause Young (Allocation Failure)
[125.494s][info][gc,heap        ] GC(298) PSYoungGen: 288320K(309248K)->64K(311808K) Eden: 288256K(288256K)->0K(292352K) From: 64K(20992K)->64K(19456K)
[125.494s][info][gc,heap        ] GC(298) ParOldGen: 378338K(378368K)->378346K(378368K)
[125.494s][info][gc,metaspace   ] GC(298) Metaspace: 34957K(35648K)->34957K(35648K) NonClass: 28698K(29184K)->28698K(29184K) Class: 6259K(6464K)->6259K(6464K)
[125.494s][info][gc             ] GC(298) Pause Young (Allocation Failure) 651M->369M(674M) 1.455ms
[125.494s][info][gc,cpu         ] GC(298) User=0.01s Sys=0.00s Real=0.00s
[125.549s][info][gc,start       ] GC(299) Pause Young (Allocation Failure)
[125.550s][info][gc,heap        ] GC(299) PSYoungGen: 292416K(311808K)->64K(311296K) Eden: 292352K(292352K)->0K(292352K) From: 64K(19456K)->64K(18944K)
[125.550s][info][gc,heap        ] GC(299) ParOldGen: 378346K(378368K)->378362K(378368K)
[125.550s][info][gc,metaspace   ] GC(299) Metaspace: 34957K(35648K)->34957K(35648K) NonClass: 28698K(29184K)->28698K(29184K) Class: 6259K(6464K)->6259K(6464K)
[125.550s][info][gc             ] GC(299) Pause Young (Allocation Failure) 655M->369M(673M) 1.347ms
[125.550s][info][gc,cpu         ] GC(299) User=0.00s Sys=0.00s Real=0.00s
[125.677s][info][gc,start       ] GC(300) Pause Young (Allocation Failure)
[125.679s][info][gc,heap        ] GC(300) PSYoungGen: 292416K(311296K)->64K(313856K) Eden: 292352K(292352K)->0K(296448K) From: 64K(18944K)->64K(17408K)
[125.679s][info][gc,heap        ] GC(300) ParOldGen: 378362K(378368K)->378362K(378368K)
[125.679s][info][gc,metaspace   ] GC(300) Metaspace: 34957K(35648K)->34957K(35648K) NonClass: 28698K(29184K)->28698K(29184K) Class: 6259K(6464K)->6259K(6464K)
[125.679s][info][gc             ] GC(300) Pause Young (Allocation Failure) 655M->369M(676M) 1.403ms
[125.679s][info][gc,cpu         ] GC(300) User=0.00s Sys=0.00s Real=0.00s
[125.902s][info][gc,start       ] GC(301) Pause Young (Allocation Failure)
[125.903s][info][gc,heap        ] GC(301) PSYoungGen: 296512K(313856K)->64K(313344K) Eden: 296448K(296448K)->0K(296448K) From: 64K(17408K)->64K(16896K)
[125.903s][info][gc,heap        ] GC(301) ParOldGen: 378362K(378368K)->378370K(378880K)
[125.903s][info][gc,metaspace   ] GC(301) Metaspace: 34957K(35648K)->34957K(35648K) NonClass: 28698K(29184K)->28698K(29184K) Class: 6259K(6464K)->6259K(6464K)
[125.903s][info][gc             ] GC(301) Pause Young (Allocation Failure) 659M->369M(676M) 1.390ms
[125.903s][info][gc,cpu         ] GC(301) User=0.00s Sys=0.00s Real=0.00s
[126.068s][info][gc,start       ] GC(302) Pause Young (Allocation Failure)
[126.069s][info][gc,heap        ] GC(302) PSYoungGen: 296512K(313344K)->64K(315904K) Eden: 296448K(296448K)->0K(300544K) From: 64K(16896K)->64K(15360K)
[126.069s][info][gc,heap        ] GC(302) ParOldGen: 378370K(378880K)->378378K(378880K)
[126.069s][info][gc,metaspace   ] GC(302) Metaspace: 34957K(35648K)->34957K(35648K) NonClass: 28698K(29184K)->28698K(29184K) Class: 6259K(6464K)->6259K(6464K)
[126.069s][info][gc             ] GC(302) Pause Young (Allocation Failure) 659M->369M(678M) 1.419ms
[126.070s][info][gc,cpu         ] GC(302) User=0.00s Sys=0.00s Real=0.00s
[126.153s][info][gc,start       ] GC(303) Pause Young (Allocation Failure)
[126.154s][info][gc,heap        ] GC(303) PSYoungGen: 300608K(315904K)->64K(315392K) Eden: 300544K(300544K)->0K(300544K) From: 64K(15360K)->64K(14848K)
[126.154s][info][gc,heap        ] GC(303) ParOldGen: 378378K(378880K)->378394K(378880K)
[126.154s][info][gc,metaspace   ] GC(303) Metaspace: 34957K(35648K)->34957K(35648K) NonClass: 28698K(29184K)->28698K(29184K) Class: 6259K(6464K)->6259K(6464K)
[126.154s][info][gc             ] GC(303) Pause Young (Allocation Failure) 663M->369M(678M) 1.393ms
[126.154s][info][gc,cpu         ] GC(303) User=0.00s Sys=0.00s Real=0.00s
[126.311s][info][gc,start       ] GC(304) Pause Young (Allocation Failure)
[126.313s][info][gc,heap        ] GC(304) PSYoungGen: 300608K(315392K)->64K(317952K) Eden: 300544K(300544K)->0K(304128K) From: 64K(14848K)->64K(13824K)
[126.313s][info][gc,heap        ] GC(304) ParOldGen: 378394K(378880K)->378394K(378880K)
[126.313s][info][gc,metaspace   ] GC(304) Metaspace: 34957K(35648K)->34957K(35648K) NonClass: 28698K(29184K)->28698K(29184K) Class: 6259K(6464K)->6259K(6464K)
[126.313s][info][gc             ] GC(304) Pause Young (Allocation Failure) 663M->369M(680M) 1.411ms
[126.313s][info][gc,cpu         ] GC(304) User=0.00s Sys=0.00s Real=0.00s
[127.178s][info][gc,start       ] GC(305) Pause Young (Allocation Failure)
[127.180s][info][gc,heap        ] GC(305) PSYoungGen: 304192K(317952K)->64K(292352K) Eden: 304128K(304128K)->0K(291840K) From: 64K(13824K)->64K(512K)
[127.180s][info][gc,heap        ] GC(305) ParOldGen: 378394K(378880K)->378402K(378880K)
[127.180s][info][gc,metaspace   ] GC(305) Metaspace: 34957K(35648K)->34957K(35648K) NonClass: 28698K(29184K)->28698K(29184K) Class: 6259K(6464K)->6259K(6464K)
[127.180s][info][gc             ] GC(305) Pause Young (Allocation Failure) 666M->369M(655M) 2.699ms
[127.180s][info][gc,cpu         ] GC(305) User=0.01s Sys=0.00s Real=0.00s
[128.199s][info][gc,start       ] GC(306) Pause Young (Allocation Failure)
[128.201s][info][gc,heap        ] GC(306) PSYoungGen: 291904K(292352K)->64K(280576K) Eden: 291840K(291840K)->0K(280064K) From: 64K(512K)->64K(512K)
[128.201s][info][gc,heap        ] GC(306) ParOldGen: 378402K(378880K)->378410K(378880K)
[128.201s][info][gc,metaspace   ] GC(306) Metaspace: 34957K(35648K)->34957K(35648K) NonClass: 28698K(29184K)->28698K(29184K) Class: 6259K(6464K)->6259K(6464K)
[128.201s][info][gc             ] GC(306) Pause Young (Allocation Failure) 654M->369M(644M) 1.609ms
[128.201s][info][gc,cpu         ] GC(306) User=0.00s Sys=0.00s Real=0.01s
[128.391s][info][gc,start       ] GC(307) Pause Young (Allocation Failure)
[128.393s][info][gc,heap        ] GC(307) PSYoungGen: 280128K(280576K)->64K(280064K) Eden: 280064K(280064K)->0K(268800K) From: 64K(512K)->64K(11264K)
[128.393s][info][gc,heap        ] GC(307) ParOldGen: 378410K(378880K)->378418K(378880K)
[128.393s][info][gc,metaspace   ] GC(307) Metaspace: 34957K(35648K)->34957K(35648K) NonClass: 28698K(29184K)->28698K(29184K) Class: 6259K(6464K)->6259K(6464K)
[128.393s][info][gc             ] GC(307) Pause Young (Allocation Failure) 643M->369M(643M) 2.484ms
[128.393s][info][gc,cpu         ] GC(307) User=0.00s Sys=0.00s Real=0.00s
[128.840s][info][gc,start       ] GC(308) Pause Young (Allocation Failure)
[128.843s][info][gc,heap        ] GC(308) PSYoungGen: 268864K(280064K)->64K(258560K) Eden: 268800K(268800K)->0K(258048K) From: 64K(11264K)->64K(512K)
[128.843s][info][gc,heap        ] GC(308) ParOldGen: 378418K(378880K)->378426K(378880K)
[128.843s][info][gc,metaspace   ] GC(308) Metaspace: 34957K(35648K)->34957K(35648K) NonClass: 28698K(29184K)->28698K(29184K) Class: 6259K(6464K)->6259K(6464K)
[128.843s][info][gc             ] GC(308) Pause Young (Allocation Failure) 632M->369M(622M) 3.030ms
[128.843s][info][gc,cpu         ] GC(308) User=0.00s Sys=0.00s Real=0.01s
[129.817s][info][gc,start       ] GC(309) Pause Young (Allocation Failure)
[129.819s][info][gc,heap        ] GC(309) PSYoungGen: 258112K(258560K)->64K(258048K) Eden: 258048K(258048K)->0K(247808K) From: 64K(512K)->64K(10240K)
[129.819s][info][gc,heap        ] GC(309) ParOldGen: 378426K(378880K)->378434K(378880K)
[129.819s][info][gc,metaspace   ] GC(309) Metaspace: 34957K(35648K)->34957K(35648K) NonClass: 28698K(29184K)->28698K(29184K) Class: 6259K(6464K)->6259K(6464K)
[129.819s][info][gc             ] GC(309) Pause Young (Allocation Failure) 621M->369M(622M) 2.495ms
[129.820s][info][gc,cpu         ] GC(309) User=0.00s Sys=0.00s Real=0.00s
[130.222s][info][gc,start       ] GC(310) Pause Young (Allocation Failure)
[130.226s][info][gc,heap        ] GC(310) PSYoungGen: 247872K(258048K)->32K(238592K) Eden: 247808K(247808K)->0K(238080K) From: 64K(10240K)->32K(512K)
[130.226s][info][gc,heap        ] GC(310) ParOldGen: 378434K(378880K)->378450K(378880K)
[130.226s][info][gc,metaspace   ] GC(310) Metaspace: 34957K(35648K)->34957K(35648K) NonClass: 28698K(29184K)->28698K(29184K) Class: 6259K(6464K)->6259K(6464K)
[130.226s][info][gc             ] GC(310) Pause Young (Allocation Failure) 611M->369M(603M) 3.396ms
[130.226s][info][gc,cpu         ] GC(310) User=0.00s Sys=0.00s Real=0.00s
[130.412s][info][gc,start       ] GC(311) Pause Young (Allocation Failure)
[130.415s][info][gc,heap        ] GC(311) PSYoungGen: 238112K(238592K)->32K(237568K) Eden: 238080K(238080K)->0K(228864K) From: 32K(512K)->32K(8704K)
[130.415s][info][gc,heap        ] GC(311) ParOldGen: 378450K(378880K)->378458K(378880K)
[130.415s][info][gc,metaspace   ] GC(311) Metaspace: 34957K(35648K)->34957K(35648K) NonClass: 28698K(29184K)->28698K(29184K) Class: 6259K(6464K)->6259K(6464K)
[130.415s][info][gc             ] GC(311) Pause Young (Allocation Failure) 602M->369M(602M) 2.419ms
[130.415s][info][gc,cpu         ] GC(311) User=0.00s Sys=0.00s Real=0.00s
[130.501s][info][gc,start       ] GC(312) Pause Young (Allocation Failure)
[130.504s][info][gc,heap        ] GC(312) PSYoungGen: 228896K(237568K)->64K(279552K) Eden: 228864K(228864K)->0K(271360K) From: 32K(8704K)->64K(8192K)
[130.504s][info][gc,heap        ] GC(312) ParOldGen: 378458K(378880K)->378466K(378880K)
[130.504s][info][gc,metaspace   ] GC(312) Metaspace: 34957K(35648K)->34957K(35648K) NonClass: 28698K(29184K)->28698K(29184K) Class: 6259K(6464K)->6259K(6464K)
[130.504s][info][gc             ] GC(312) Pause Young (Allocation Failure) 593M->369M(643M) 2.821ms
[130.504s][info][gc,cpu         ] GC(312) User=0.00s Sys=0.00s Real=0.00s
[131.175s][info][gc,start       ] GC(313) Pause Young (Allocation Failure)
[131.178s][info][gc,heap        ] GC(313) PSYoungGen: 271424K(279552K)->64K(279040K) Eden: 271360K(271360K)->0K(271360K) From: 64K(8192K)->64K(7680K)
[131.178s][info][gc,heap        ] GC(313) ParOldGen: 378466K(378880K)->378482K(378880K)
[131.178s][info][gc,metaspace   ] GC(313) Metaspace: 34957K(35648K)->34957K(35648K) NonClass: 28698K(29184K)->28698K(29184K) Class: 6259K(6464K)->6259K(6464K)
[131.178s][info][gc             ] GC(313) Pause Young (Allocation Failure) 634M->369M(642M) 3.208ms
[131.178s][info][gc,cpu         ] GC(313) User=0.00s Sys=0.01s Real=0.00s
[131.547s][info][gc,start       ] GC(314) Pause Young (Allocation Failure)
[131.550s][info][gc,heap        ] GC(314) PSYoungGen: 271424K(279040K)->64K(261120K) Eden: 271360K(271360K)->0K(260608K) From: 64K(7680K)->64K(512K)
[131.550s][info][gc,heap        ] GC(314) ParOldGen: 378482K(378880K)->378498K(378880K)
[131.550s][info][gc,metaspace   ] GC(314) Metaspace: 34957K(35648K)->34957K(35648K) NonClass: 28698K(29184K)->28698K(29184K) Class: 6259K(6464K)->6259K(6464K)
[131.550s][info][gc             ] GC(314) Pause Young (Allocation Failure) 634M->369M(625M) 2.625ms
[131.550s][info][gc,cpu         ] GC(314) User=0.00s Sys=0.00s Real=0.00s
[131.955s][info][gc,start       ] GC(315) Pause Young (Allocation Failure)
[132.010s][info][gc,heap        ] GC(315) PSYoungGen: 260672K(261120K)->6656K(318976K) Eden: 260608K(260608K)->0K(312320K) From: 64K(512K)->6656K(6656K)
[132.010s][info][gc,heap        ] GC(315) ParOldGen: 378498K(378880K)->396994K(397312K)
[132.010s][info][gc,metaspace   ] GC(315) Metaspace: 34957K(35648K)->34957K(35648K) NonClass: 28698K(29184K)->28698K(29184K) Class: 6259K(6464K)->6259K(6464K)
[132.010s][info][gc             ] GC(315) Pause Young (Allocation Failure) 624M->394M(699M) 54.372ms
[132.010s][info][gc,cpu         ] GC(315) User=0.08s Sys=0.02s Real=0.05s
[132.502s][info][gc,start       ] GC(316) Pause Young (Allocation Failure)
[132.577s][info][gc,heap        ] GC(316) PSYoungGen: 318976K(318976K)->14848K(298496K) Eden: 312320K(312320K)->0K(283648K) From: 6656K(6656K)->14848K(14848K)
[132.577s][info][gc,heap        ] GC(316) ParOldGen: 396994K(397312K)->415978K(416256K)
[132.577s][info][gc,metaspace   ] GC(316) Metaspace: 34957K(35648K)->34957K(35648K) NonClass: 28698K(29184K)->28698K(29184K) Class: 6259K(6464K)->6259K(6464K)
[132.577s][info][gc             ] GC(316) Pause Young (Allocation Failure) 699M->420M(698M) 74.971ms
[132.577s][info][gc,cpu         ] GC(316) User=0.12s Sys=0.03s Real=0.07s
[132.771s][info][gc,start       ] GC(317) Pause Young (Allocation Failure)
[132.793s][info][gc,heap        ] GC(317) PSYoungGen: 298496K(298496K)->10688K(308736K) Eden: 283648K(283648K)->0K(283648K) From: 14848K(14848K)->10688K(25088K)
[132.793s][info][gc,heap        ] GC(317) ParOldGen: 415978K(416256K)->416666K(416768K)
[132.793s][info][gc,metaspace   ] GC(317) Metaspace: 34957K(35648K)->34957K(35648K) NonClass: 28698K(29184K)->28698K(29184K) Class: 6259K(6464K)->6259K(6464K)
[132.793s][info][gc             ] GC(317) Pause Young (Allocation Failure) 697M->417M(708M) 22.053ms
[132.793s][info][gc,cpu         ] GC(317) User=0.04s Sys=0.00s Real=0.02s
[133.268s][info][gc,start       ] GC(318) Pause Young (Allocation Failure)
[133.269s][info][gc,heap        ] GC(318) PSYoungGen: 294336K(308736K)->64K(307712K) Eden: 283648K(283648K)->0K(283648K) From: 10688K(25088K)->64K(24064K)
[133.269s][info][gc,heap        ] GC(318) ParOldGen: 416666K(416768K)->416674K(416768K)
[133.269s][info][gc,metaspace   ] GC(318) Metaspace: 34957K(35648K)->34957K(35648K) NonClass: 28698K(29184K)->28698K(29184K) Class: 6259K(6464K)->6259K(6464K)
[133.269s][info][gc             ] GC(318) Pause Young (Allocation Failure) 694M->406M(707M) 1.588ms
[133.269s][info][gc,cpu         ] GC(318) User=0.00s Sys=0.00s Real=0.00s
[133.875s][info][gc,start       ] GC(319) Pause Young (Allocation Failure)
[133.876s][info][gc,heap        ] GC(319) PSYoungGen: 283712K(307712K)->64K(308224K) Eden: 283648K(283648K)->0K(283648K) From: 64K(24064K)->64K(24576K)
[133.876s][info][gc,heap        ] GC(319) ParOldGen: 416674K(416768K)->416682K(416768K)
[133.876s][info][gc,metaspace   ] GC(319) Metaspace: 34957K(35648K)->34957K(35648K) NonClass: 28698K(29184K)->28698K(29184K) Class: 6259K(6464K)->6259K(6464K)
[133.876s][info][gc             ] GC(319) Pause Young (Allocation Failure) 683M->406M(708M) 1.512ms
[133.876s][info][gc,cpu         ] GC(319) User=0.00s Sys=0.00s Real=0.00s
[134.304s][info][gc,start       ] GC(320) Pause Young (Allocation Failure)
[134.306s][info][gc,heap        ] GC(320) PSYoungGen: 283712K(308224K)->64K(307712K) Eden: 283648K(283648K)->0K(285696K) From: 64K(24576K)->64K(22016K)
[134.306s][info][gc,heap        ] GC(320) ParOldGen: 416682K(416768K)->416698K(416768K)
[134.306s][info][gc,metaspace   ] GC(320) Metaspace: 34957K(35648K)->34957K(35648K) NonClass: 28698K(29184K)->28698K(29184K) Class: 6259K(6464K)->6259K(6464K)
[134.306s][info][gc             ] GC(320) Pause Young (Allocation Failure) 683M->406M(707M) 1.651ms
[134.306s][info][gc,cpu         ] GC(320) User=0.01s Sys=0.00s Real=0.00s
[134.513s][info][gc,start       ] GC(321) Pause Young (Allocation Failure)
[134.515s][info][gc,heap        ] GC(321) PSYoungGen: 285760K(307712K)->64K(308224K) Eden: 285696K(285696K)->0K(285696K) From: 64K(22016K)->64K(22528K)
[134.515s][info][gc,heap        ] GC(321) ParOldGen: 416698K(416768K)->416714K(416768K)
[134.515s][info][gc,metaspace   ] GC(321) Metaspace: 34957K(35648K)->34957K(35648K) NonClass: 28698K(29184K)->28698K(29184K) Class: 6259K(6464K)->6259K(6464K)
[134.515s][info][gc             ] GC(321) Pause Young (Allocation Failure) 685M->407M(708M) 1.520ms
[134.515s][info][gc,cpu         ] GC(321) User=0.01s Sys=0.00s Real=0.00s
[134.721s][info][gc,start       ] GC(322) Pause Young (Allocation Failure)
[134.722s][info][gc,heap        ] GC(322) PSYoungGen: 285760K(308224K)->64K(309760K) Eden: 285696K(285696K)->0K(289792K) From: 64K(22528K)->64K(19968K)
[134.722s][info][gc,heap        ] GC(322) ParOldGen: 416714K(416768K)->416714K(416768K)
[134.722s][info][gc,metaspace   ] GC(322) Metaspace: 34957K(35648K)->34957K(35648K) NonClass: 28698K(29184K)->28698K(29184K) Class: 6259K(6464K)->6259K(6464K)
[134.722s][info][gc             ] GC(322) Pause Young (Allocation Failure) 686M->407M(709M) 1.487ms
[134.722s][info][gc,cpu         ] GC(322) User=0.00s Sys=0.00s Real=0.00s
[135.081s][info][gc,start       ] GC(323) Pause Young (Allocation Failure)
[135.083s][info][gc,heap        ] GC(323) PSYoungGen: 289856K(309760K)->64K(310272K) Eden: 289792K(289792K)->0K(289792K) From: 64K(19968K)->64K(20480K)
[135.083s][info][gc,heap        ] GC(323) ParOldGen: 416714K(416768K)->416714K(416768K)
[135.083s][info][gc,metaspace   ] GC(323) Metaspace: 35037K(35712K)->35037K(35712K) NonClass: 28777K(29248K)->28777K(29248K) Class: 6259K(6464K)->6259K(6464K)
[135.083s][info][gc             ] GC(323) Pause Young (Allocation Failure) 690M->407M(710M) 1.698ms
[135.083s][info][gc,cpu         ] GC(323) User=0.00s Sys=0.00s Real=0.00s
[135.189s][info][gc,start       ] GC(324) Pause Young (Allocation Failure)
[135.190s][info][gc,heap        ] GC(324) PSYoungGen: 289856K(310272K)->64K(311296K) Eden: 289792K(289792K)->0K(293376K) From: 64K(20480K)->64K(17920K)
[135.191s][info][gc,heap        ] GC(324) ParOldGen: 416714K(416768K)->416722K(416768K)
[135.191s][info][gc,metaspace   ] GC(324) Metaspace: 35037K(35712K)->35037K(35712K) NonClass: 28777K(29248K)->28777K(29248K) Class: 6259K(6464K)->6259K(6464K)
[135.191s][info][gc             ] GC(324) Pause Young (Allocation Failure) 690M->407M(711M) 1.483ms
[135.191s][info][gc,cpu         ] GC(324) User=0.00s Sys=0.00s Real=0.00s
[135.245s][info][gc,start       ] GC(325) Pause Young (Allocation Failure)
[135.247s][info][gc,heap        ] GC(325) PSYoungGen: 293440K(311296K)->64K(312320K) Eden: 293376K(293376K)->0K(293376K) From: 64K(17920K)->64K(18944K)
[135.247s][info][gc,heap        ] GC(325) ParOldGen: 416722K(416768K)->416738K(416768K)
[135.247s][info][gc,metaspace   ] GC(325) Metaspace: 35037K(35712K)->35037K(35712K) NonClass: 28777K(29248K)->28777K(29248K) Class: 6259K(6464K)->6259K(6464K)
[135.247s][info][gc             ] GC(325) Pause Young (Allocation Failure) 693M->407M(712M) 1.447ms
[135.247s][info][gc,cpu         ] GC(325) User=0.00s Sys=0.00s Real=0.00s
[135.385s][info][gc,start       ] GC(326) Pause Young (Allocation Failure)
[135.387s][info][gc,heap        ] GC(326) PSYoungGen: 293440K(312320K)->64K(312832K) Eden: 293376K(293376K)->0K(296960K) From: 64K(18944K)->64K(15872K)
[135.387s][info][gc,heap        ] GC(326) ParOldGen: 416738K(416768K)->416738K(416768K)
[135.387s][info][gc,metaspace   ] GC(326) Metaspace: 35037K(35712K)->35037K(35712K) NonClass: 28777K(29248K)->28777K(29248K) Class: 6259K(6464K)->6259K(6464K)
[135.387s][info][gc             ] GC(326) Pause Young (Allocation Failure) 693M->407M(712M) 1.496ms
[135.387s][info][gc,cpu         ] GC(326) User=0.00s Sys=0.00s Real=0.00s
[135.609s][info][gc,start       ] GC(327) Pause Young (Allocation Failure)
[135.611s][info][gc,heap        ] GC(327) PSYoungGen: 297024K(312832K)->64K(313856K) Eden: 296960K(296960K)->0K(296960K) From: 64K(15872K)->64K(16896K)
[135.611s][info][gc,heap        ] GC(327) ParOldGen: 416738K(416768K)->416746K(416768K)
[135.611s][info][gc,metaspace   ] GC(327) Metaspace: 35037K(35712K)->35037K(35712K) NonClass: 28777K(29248K)->28777K(29248K) Class: 6259K(6464K)->6259K(6464K)
[135.611s][info][gc             ] GC(327) Pause Young (Allocation Failure) 697M->407M(713M) 1.469ms
[135.611s][info][gc,cpu         ] GC(327) User=0.00s Sys=0.00s Real=0.00s
[135.767s][info][gc,start       ] GC(328) Pause Young (Allocation Failure)
[135.769s][info][gc,heap        ] GC(328) PSYoungGen: 297024K(313856K)->64K(314880K) Eden: 296960K(296960K)->0K(301056K) From: 64K(16896K)->64K(13824K)
[135.769s][info][gc,heap        ] GC(328) ParOldGen: 416746K(416768K)->416754K(416768K)
[135.769s][info][gc,metaspace   ] GC(328) Metaspace: 35037K(35712K)->35037K(35712K) NonClass: 28777K(29248K)->28777K(29248K) Class: 6259K(6464K)->6259K(6464K)
[135.769s][info][gc             ] GC(328) Pause Young (Allocation Failure) 697M->407M(714M) 1.606ms
[135.769s][info][gc,cpu         ] GC(328) User=0.00s Sys=0.00s Real=0.00s
[135.861s][info][gc,start       ] GC(329) Pause Young (Allocation Failure)
[135.862s][info][gc,heap        ] GC(329) PSYoungGen: 301120K(314880K)->64K(315904K) Eden: 301056K(301056K)->0K(301056K) From: 64K(13824K)->64K(14848K)
[135.862s][info][gc,heap        ] GC(329) ParOldGen: 416754K(416768K)->416770K(417280K)
[135.862s][info][gc,metaspace   ] GC(329) Metaspace: 35037K(35712K)->35037K(35712K) NonClass: 28777K(29248K)->28777K(29248K) Class: 6259K(6464K)->6259K(6464K)
[135.862s][info][gc             ] GC(329) Pause Young (Allocation Failure) 701M->407M(716M) 1.535ms
[135.862s][info][gc,cpu         ] GC(329) User=0.00s Sys=0.00s Real=0.00s
[136.028s][info][gc,start       ] GC(330) Pause Young (Allocation Failure)
[136.030s][info][gc,heap        ] GC(330) PSYoungGen: 301120K(315904K)->64K(317952K) Eden: 301056K(301056K)->0K(305152K) From: 64K(14848K)->64K(12800K)
[136.030s][info][gc,heap        ] GC(330) ParOldGen: 416770K(417280K)->416770K(417280K)
[136.030s][info][gc,metaspace   ] GC(330) Metaspace: 35037K(35712K)->35037K(35712K) NonClass: 28777K(29248K)->28777K(29248K) Class: 6259K(6464K)->6259K(6464K)
[136.030s][info][gc             ] GC(330) Pause Young (Allocation Failure) 701M->407M(718M) 1.548ms
[136.030s][info][gc,cpu         ] GC(330) User=0.00s Sys=0.00s Real=0.00s
[137.049s][info][gc,start       ] GC(331) Pause Young (Allocation Failure)
[137.051s][info][gc,heap        ] GC(331) PSYoungGen: 305216K(317952K)->64K(293376K) Eden: 305152K(305152K)->0K(292864K) From: 64K(12800K)->64K(512K)
[137.052s][info][gc,heap        ] GC(331) ParOldGen: 416770K(417280K)->416778K(417280K)
[137.052s][info][gc,metaspace   ] GC(331) Metaspace: 35037K(35712K)->35037K(35712K) NonClass: 28777K(29248K)->28777K(29248K) Class: 6259K(6464K)->6259K(6464K)
[137.052s][info][gc             ] GC(331) Pause Young (Allocation Failure) 705M->407M(694M) 2.317ms
[137.052s][info][gc,cpu         ] GC(331) User=0.00s Sys=0.00s Real=0.01s
[137.935s][info][gc,start       ] GC(332) Pause Young (Allocation Failure)
[137.937s][info][gc,heap        ] GC(332) PSYoungGen: 292928K(293376K)->64K(281600K) Eden: 292864K(292864K)->0K(281088K) From: 64K(512K)->64K(512K)
[137.937s][info][gc,heap        ] GC(332) ParOldGen: 416778K(417280K)->416786K(417280K)
[137.937s][info][gc,metaspace   ] GC(332) Metaspace: 35037K(35712K)->35037K(35712K) NonClass: 28777K(29248K)->28777K(29248K) Class: 6259K(6464K)->6259K(6464K)
[137.937s][info][gc             ] GC(332) Pause Young (Allocation Failure) 693M->407M(682M) 2.285ms
[137.937s][info][gc,cpu         ] GC(332) User=0.00s Sys=0.00s Real=0.00s
[138.154s][info][gc,start       ] GC(333) Pause Young (Allocation Failure)
[138.155s][info][gc,heap        ] GC(333) PSYoungGen: 281152K(281600K)->64K(281088K) Eden: 281088K(281088K)->0K(269824K) From: 64K(512K)->64K(11264K)
[138.155s][info][gc,heap        ] GC(333) ParOldGen: 416786K(417280K)->416794K(417280K)
[138.155s][info][gc,metaspace   ] GC(333) Metaspace: 35037K(35712K)->35037K(35712K) NonClass: 28777K(29248K)->28777K(29248K) Class: 6259K(6464K)->6259K(6464K)
[138.155s][info][gc             ] GC(333) Pause Young (Allocation Failure) 681M->407M(682M) 1.493ms
[138.155s][info][gc,cpu         ] GC(333) User=0.00s Sys=0.00s Real=0.00s
[138.583s][info][gc,start       ] GC(334) Pause Young (Allocation Failure)
[138.586s][info][gc,heap        ] GC(334) PSYoungGen: 269888K(281088K)->64K(259584K) Eden: 269824K(269824K)->0K(259072K) From: 64K(11264K)->64K(512K)
[138.586s][info][gc,heap        ] GC(334) ParOldGen: 416794K(417280K)->416802K(417280K)
[138.586s][info][gc,metaspace   ] GC(334) Metaspace: 35037K(35712K)->35037K(35712K) NonClass: 28777K(29248K)->28777K(29248K) Class: 6259K(6464K)->6259K(6464K)
[138.586s][info][gc             ] GC(334) Pause Young (Allocation Failure) 670M->407M(661M) 2.456ms
[138.586s][info][gc,cpu         ] GC(334) User=0.00s Sys=0.01s Real=0.00s
[139.558s][info][gc,start       ] GC(335) Pause Young (Allocation Failure)
[139.559s][info][gc,heap        ] GC(335) PSYoungGen: 259136K(259584K)->64K(259072K) Eden: 259072K(259072K)->0K(248832K) From: 64K(512K)->64K(10240K)
[139.559s][info][gc,heap        ] GC(335) ParOldGen: 416802K(417280K)->416810K(417280K)
[139.559s][info][gc,metaspace   ] GC(335) Metaspace: 35037K(35712K)->35037K(35712K) NonClass: 28777K(29248K)->28777K(29248K) Class: 6259K(6464K)->6259K(6464K)
[139.560s][info][gc             ] GC(335) Pause Young (Allocation Failure) 660M->407M(660M) 1.486ms
[139.560s][info][gc,cpu         ] GC(335) User=0.00s Sys=0.00s Real=0.00s
[139.968s][info][gc,start       ] GC(336) Pause Young (Allocation Failure)
[139.970s][info][gc,heap        ] GC(336) PSYoungGen: 248896K(259072K)->64K(239616K) Eden: 248832K(248832K)->0K(239104K) From: 64K(10240K)->64K(512K)
[139.970s][info][gc,heap        ] GC(336) ParOldGen: 416810K(417280K)->416818K(417280K)
[139.970s][info][gc,metaspace   ] GC(336) Metaspace: 35037K(35712K)->35037K(35712K) NonClass: 28777K(29248K)->28777K(29248K) Class: 6259K(6464K)->6259K(6464K)
[139.970s][info][gc             ] GC(336) Pause Young (Allocation Failure) 650M->407M(641M) 2.152ms
[139.970s][info][gc,cpu         ] GC(336) User=0.00s Sys=0.00s Real=0.00s
[140.144s][info][gc,start       ] GC(337) Pause Young (Allocation Failure)
[140.146s][info][gc,heap        ] GC(337) PSYoungGen: 239168K(239616K)->64K(238592K) Eden: 239104K(239104K)->0K(229888K) From: 64K(512K)->64K(8704K)
[140.146s][info][gc,heap        ] GC(337) ParOldGen: 416818K(417280K)->416826K(417280K)
[140.146s][info][gc,metaspace   ] GC(337) Metaspace: 35037K(35712K)->35037K(35712K) NonClass: 28777K(29248K)->28777K(29248K) Class: 6259K(6464K)->6259K(6464K)
[140.146s][info][gc             ] GC(337) Pause Young (Allocation Failure) 640M->407M(640M) 2.058ms
[140.146s][info][gc,cpu         ] GC(337) User=0.01s Sys=0.00s Real=0.00s
[140.238s][info][gc,start       ] GC(338) Pause Young (Allocation Failure)
[140.240s][info][gc,heap        ] GC(338) PSYoungGen: 229952K(238592K)->64K(221696K) Eden: 229888K(229888K)->0K(221184K) From: 64K(8704K)->64K(512K)
[140.240s][info][gc,heap        ] GC(338) ParOldGen: 416826K(417280K)->416834K(417280K)
[140.240s][info][gc,metaspace   ] GC(338) Metaspace: 35037K(35712K)->35037K(35712K) NonClass: 28777K(29248K)->28777K(29248K) Class: 6259K(6464K)->6259K(6464K)
[140.240s][info][gc             ] GC(338) Pause Young (Allocation Failure) 631M->407M(624M) 2.049ms
[140.240s][info][gc,cpu         ] GC(338) User=0.00s Sys=0.00s Real=0.00s
[140.855s][info][gc,start       ] GC(339) Pause Young (Allocation Failure)
[140.857s][info][gc,heap        ] GC(339) PSYoungGen: 221248K(221696K)->64K(220672K) Eden: 221184K(221184K)->0K(212992K) From: 64K(512K)->64K(7680K)
[140.857s][info][gc,heap        ] GC(339) ParOldGen: 416834K(417280K)->416842K(417280K)
[140.857s][info][gc,metaspace   ] GC(339) Metaspace: 35037K(35712K)->35037K(35712K) NonClass: 28777K(29248K)->28777K(29248K) Class: 6259K(6464K)->6259K(6464K)
[140.857s][info][gc             ] GC(339) Pause Young (Allocation Failure) 623M->407M(623M) 1.527ms
[140.857s][info][gc,cpu         ] GC(339) User=0.01s Sys=0.00s Real=0.00s
[141.118s][info][gc,start       ] GC(340) Pause Young (Allocation Failure)
[141.119s][info][gc,heap        ] GC(340) PSYoungGen: 213056K(220672K)->64K(205824K) Eden: 212992K(212992K)->0K(205312K) From: 64K(7680K)->64K(512K)
[141.119s][info][gc,heap        ] GC(340) ParOldGen: 416842K(417280K)->416850K(417280K)
[141.119s][info][gc,metaspace   ] GC(340) Metaspace: 35037K(35712K)->35037K(35712K) NonClass: 28777K(29248K)->28777K(29248K) Class: 6259K(6464K)->6259K(6464K)
[141.119s][info][gc             ] GC(340) Pause Young (Allocation Failure) 615M->407M(608M) 1.961ms
[141.120s][info][gc,cpu         ] GC(340) User=0.00s Sys=0.00s Real=0.00s
[141.442s][info][gc,start       ] GC(341) Pause Young (Allocation Failure)
[141.462s][info][gc,heap        ] GC(341) PSYoungGen: 205376K(205824K)->6656K(253440K) Eden: 205312K(205312K)->0K(246784K) From: 64K(512K)->6656K(6656K)
[141.462s][info][gc,heap        ] GC(341) ParOldGen: 416850K(417280K)->421418K(421888K)
[141.462s][info][gc,metaspace   ] GC(341) Metaspace: 35037K(35712K)->35037K(35712K) NonClass: 28777K(29248K)->28777K(29248K) Class: 6259K(6464K)->6259K(6464K)
[141.462s][info][gc             ] GC(341) Pause Young (Allocation Failure) 607M->418M(659M) 19.576ms
[141.462s][info][gc,cpu         ] GC(341) User=0.04s Sys=0.00s Real=0.02s
[141.746s][info][gc,start       ] GC(342) Pause Young (Allocation Failure)
[141.799s][info][gc,heap        ] GC(342) PSYoungGen: 253440K(253440K)->6656K(256000K) Eden: 246784K(246784K)->0K(249344K) From: 6656K(6656K)->6656K(6656K)
[141.799s][info][gc,heap        ] GC(342) ParOldGen: 421418K(421888K)->441130K(441344K)
[141.799s][info][gc,metaspace   ] GC(342) Metaspace: 35037K(35712K)->35037K(35712K) NonClass: 28777K(29248K)->28777K(29248K) Class: 6259K(6464K)->6259K(6464K)
[141.799s][info][gc             ] GC(342) Pause Young (Allocation Failure) 659M->437M(681M) 53.579ms
[141.799s][info][gc,cpu         ] GC(342) User=0.09s Sys=0.02s Real=0.05s
[142.087s][info][gc,start       ] GC(343) Pause Young (Allocation Failure)
[142.137s][info][gc,heap        ] GC(343) PSYoungGen: 256000K(256000K)->18432K(267776K) Eden: 249344K(249344K)->0K(249344K) From: 6656K(6656K)->18432K(18432K)
[142.137s][info][gc,heap        ] GC(343) ParOldGen: 441130K(441344K)->449866K(450048K)
[142.137s][info][gc,metaspace   ] GC(343) Metaspace: 35037K(35712K)->35037K(35712K) NonClass: 28777K(29248K)->28777K(29248K) Class: 6259K(6464K)->6259K(6464K)
[142.137s][info][gc             ] GC(343) Pause Young (Allocation Failure) 680M->457M(701M) 49.760ms
[142.137s][info][gc,cpu         ] GC(343) User=0.09s Sys=0.01s Real=0.05s
[142.243s][info][gc,start       ] GC(344) Pause Young (Allocation Failure)
[142.257s][info][gc,heap        ] GC(344) PSYoungGen: 267776K(267776K)->5120K(310272K) Eden: 249344K(249344K)->0K(285184K) From: 18432K(18432K)->5120K(25088K)
[142.257s][info][gc,heap        ] GC(344) ParOldGen: 449866K(450048K)->450170K(450560K)
[142.257s][info][gc,metaspace   ] GC(344) Metaspace: 35037K(35712K)->35037K(35712K) NonClass: 28777K(29248K)->28777K(29248K) Class: 6259K(6464K)->6259K(6464K)
[142.257s][info][gc             ] GC(344) Pause Young (Allocation Failure) 700M->444M(743M) 13.938ms
[142.257s][info][gc,cpu         ] GC(344) User=0.02s Sys=0.00s Real=0.01s
[142.764s][info][gc,start       ] GC(345) Pause Young (Allocation Failure)
[142.765s][info][gc,heap        ] GC(345) PSYoungGen: 290304K(310272K)->64K(285696K) Eden: 285184K(285184K)->0K(285184K) From: 5120K(25088K)->64K(512K)
[142.765s][info][gc,heap        ] GC(345) ParOldGen: 450170K(450560K)->450178K(450560K)
[142.765s][info][gc,metaspace   ] GC(345) Metaspace: 35037K(35712K)->35037K(35712K) NonClass: 28777K(29248K)->28777K(29248K) Class: 6259K(6464K)->6259K(6464K)
[142.765s][info][gc             ] GC(345) Pause Young (Allocation Failure) 723M->439M(719M) 1.664ms
[142.765s][info][gc,cpu         ] GC(345) User=0.01s Sys=0.00s Real=0.00s
[143.318s][info][gc,start       ] GC(346) Pause Young (Allocation Failure)
[143.320s][info][gc,heap        ] GC(346) PSYoungGen: 285248K(285696K)->64K(308736K) Eden: 285184K(285184K)->0K(285696K) From: 64K(512K)->64K(23040K)
[143.320s][info][gc,heap        ] GC(346) ParOldGen: 450178K(450560K)->450186K(450560K)
[143.320s][info][gc,metaspace   ] GC(346) Metaspace: 35037K(35712K)->35037K(35712K) NonClass: 28777K(29248K)->28777K(29248K) Class: 6259K(6464K)->6259K(6464K)
[143.320s][info][gc             ] GC(346) Pause Young (Allocation Failure) 718M->439M(741M) 1.678ms
[143.320s][info][gc,cpu         ] GC(346) User=0.00s Sys=0.00s Real=0.00s
[143.746s][info][gc,start       ] GC(347) Pause Young (Allocation Failure)
[143.747s][info][gc,heap        ] GC(347) PSYoungGen: 285760K(308736K)->64K(308224K) Eden: 285696K(285696K)->0K(285696K) From: 64K(23040K)->64K(22528K)
[143.747s][info][gc,heap        ] GC(347) ParOldGen: 450186K(450560K)->450202K(450560K)
[143.747s][info][gc,metaspace   ] GC(347) Metaspace: 35037K(35712K)->35037K(35712K) NonClass: 28777K(29248K)->28777K(29248K) Class: 6259K(6464K)->6259K(6464K)
[143.747s][info][gc             ] GC(347) Pause Young (Allocation Failure) 718M->439M(741M) 1.652ms
[143.748s][info][gc,cpu         ] GC(347) User=0.00s Sys=0.00s Real=0.00s
[143.959s][info][gc,start       ] GC(348) Pause Young (Allocation Failure)
[143.961s][info][gc,heap        ] GC(348) PSYoungGen: 285760K(308224K)->64K(310272K) Eden: 285696K(285696K)->0K(289280K) From: 64K(22528K)->64K(20992K)
[143.961s][info][gc,heap        ] GC(348) ParOldGen: 450202K(450560K)->450218K(450560K)
[143.961s][info][gc,metaspace   ] GC(348) Metaspace: 35037K(35712K)->35037K(35712K) NonClass: 28777K(29248K)->28777K(29248K) Class: 6259K(6464K)->6259K(6464K)
[143.961s][info][gc             ] GC(348) Pause Young (Allocation Failure) 718M->439M(743M) 1.701ms
[143.961s][info][gc,cpu         ] GC(348) User=0.01s Sys=0.00s Real=0.01s
[144.172s][info][gc,start       ] GC(349) Pause Young (Allocation Failure)
[144.174s][info][gc,heap        ] GC(349) PSYoungGen: 289344K(310272K)->64K(309760K) Eden: 289280K(289280K)->0K(289280K) From: 64K(20992K)->64K(20480K)
[144.174s][info][gc,heap        ] GC(349) ParOldGen: 450218K(450560K)->450218K(450560K)
[144.174s][info][gc,metaspace   ] GC(349) Metaspace: 35037K(35712K)->35037K(35712K) NonClass: 28777K(29248K)->28777K(29248K) Class: 6259K(6464K)->6259K(6464K)
[144.174s][info][gc             ] GC(349) Pause Young (Allocation Failure) 722M->439M(742M) 1.648ms
[144.174s][info][gc,cpu         ] GC(349) User=0.00s Sys=0.00s Real=0.00s
[144.543s][info][gc,start       ] GC(350) Pause Young (Allocation Failure)
[144.544s][info][gc,heap        ] GC(350) PSYoungGen: 289344K(309760K)->64K(312320K) Eden: 289280K(289280K)->0K(292864K) From: 64K(20480K)->64K(19456K)
[144.545s][info][gc,heap        ] GC(350) ParOldGen: 450218K(450560K)->450218K(450560K)
[144.545s][info][gc,metaspace   ] GC(350) Metaspace: 35037K(35712K)->35037K(35712K) NonClass: 28777K(29248K)->28777K(29248K) Class: 6259K(6464K)->6259K(6464K)
[144.545s][info][gc             ] GC(350) Pause Young (Allocation Failure) 722M->439M(745M) 1.554ms
[144.545s][info][gc,cpu         ] GC(350) User=0.00s Sys=0.00s Real=0.00s
[144.631s][info][gc,start       ] GC(351) Pause Young (Allocation Failure)
[144.633s][info][gc,heap        ] GC(351) PSYoungGen: 292928K(312320K)->64K(311808K) Eden: 292864K(292864K)->0K(292864K) From: 64K(19456K)->64K(18944K)
[144.633s][info][gc,heap        ] GC(351) ParOldGen: 450218K(450560K)->450226K(450560K)
[144.633s][info][gc,metaspace   ] GC(351) Metaspace: 35037K(35712K)->35037K(35712K) NonClass: 28777K(29248K)->28777K(29248K) Class: 6259K(6464K)->6259K(6464K)
[144.633s][info][gc             ] GC(351) Pause Young (Allocation Failure) 725M->439M(744M) 1.569ms
[144.633s][info][gc,cpu         ] GC(351) User=0.01s Sys=0.00s Real=0.00s
[144.687s][info][gc,start       ] GC(352) Pause Young (Allocation Failure)
[144.689s][info][gc,heap        ] GC(352) PSYoungGen: 292928K(311808K)->64K(313856K) Eden: 292864K(292864K)->0K(296448K) From: 64K(18944K)->64K(17408K)
[144.689s][info][gc,heap        ] GC(352) ParOldGen: 450226K(450560K)->450242K(450560K)
[144.689s][info][gc,metaspace   ] GC(352) Metaspace: 35037K(35712K)->35037K(35712K) NonClass: 28777K(29248K)->28777K(29248K) Class: 6259K(6464K)->6259K(6464K)
[144.689s][info][gc             ] GC(352) Pause Young (Allocation Failure) 725M->439M(746M) 1.481ms
[144.689s][info][gc,cpu         ] GC(352) User=0.00s Sys=0.00s Real=0.00s
[144.850s][info][gc,start       ] GC(353) Pause Young (Allocation Failure)
[144.851s][info][gc,heap        ] GC(353) PSYoungGen: 296512K(313856K)->64K(313344K) Eden: 296448K(296448K)->0K(296448K) From: 64K(17408K)->64K(16896K)
[144.851s][info][gc,heap        ] GC(353) ParOldGen: 450242K(450560K)->450242K(450560K)
[144.851s][info][gc,metaspace   ] GC(353) Metaspace: 35037K(35712K)->35037K(35712K) NonClass: 28777K(29248K)->28777K(29248K) Class: 6259K(6464K)->6259K(6464K)
[144.851s][info][gc             ] GC(353) Pause Young (Allocation Failure) 729M->439M(746M) 1.599ms
[144.851s][info][gc,cpu         ] GC(353) User=0.00s Sys=0.00s Real=0.01s
[145.070s][info][gc,start       ] GC(354) Pause Young (Allocation Failure)
[145.072s][info][gc,heap        ] GC(354) PSYoungGen: 296512K(313344K)->64K(315904K) Eden: 296448K(296448K)->0K(300544K) From: 64K(16896K)->64K(15360K)
[145.072s][info][gc,heap        ] GC(354) ParOldGen: 450242K(450560K)->450250K(450560K)
[145.072s][info][gc,metaspace   ] GC(354) Metaspace: 35037K(35712K)->35037K(35712K) NonClass: 28777K(29248K)->28777K(29248K) Class: 6259K(6464K)->6259K(6464K)
[145.072s][info][gc             ] GC(354) Pause Young (Allocation Failure) 729M->439M(748M) 1.598ms
[145.072s][info][gc,cpu         ] GC(354) User=0.00s Sys=0.00s Real=0.01s
[145.218s][info][gc,start       ] GC(355) Pause Young (Allocation Failure)
[145.220s][info][gc,heap        ] GC(355) PSYoungGen: 300608K(315904K)->64K(315392K) Eden: 300544K(300544K)->0K(300544K) From: 64K(15360K)->64K(14848K)
[145.220s][info][gc,heap        ] GC(355) ParOldGen: 450250K(450560K)->450258K(450560K)
[145.220s][info][gc,metaspace   ] GC(355) Metaspace: 35037K(35712K)->35037K(35712K) NonClass: 28777K(29248K)->28777K(29248K) Class: 6259K(6464K)->6259K(6464K)
[145.220s][info][gc             ] GC(355) Pause Young (Allocation Failure) 733M->439M(748M) 1.638ms
[145.220s][info][gc,cpu         ] GC(355) User=0.00s Sys=0.00s Real=0.00s
[145.302s][info][gc,start       ] GC(356) Pause Young (Allocation Failure)
[145.303s][info][gc,heap        ] GC(356) PSYoungGen: 300608K(315392K)->64K(317952K) Eden: 300544K(300544K)->0K(304640K) From: 64K(14848K)->64K(13312K)
[145.303s][info][gc,heap        ] GC(356) ParOldGen: 450258K(450560K)->450266K(450560K)
[145.303s][info][gc,metaspace   ] GC(356) Metaspace: 35037K(35712K)->35037K(35712K) NonClass: 28777K(29248K)->28777K(29248K) Class: 6259K(6464K)->6259K(6464K)
[145.303s][info][gc             ] GC(356) Pause Young (Allocation Failure) 733M->439M(750M) 1.554ms
[145.303s][info][gc,cpu         ] GC(356) User=0.00s Sys=0.00s Real=0.00s
[145.488s][info][gc,start       ] GC(357) Pause Young (Allocation Failure)
[145.490s][info][gc,heap        ] GC(357) PSYoungGen: 304704K(317952K)->32K(317952K) Eden: 304640K(304640K)->0K(304640K) From: 64K(13312K)->32K(13312K)
[145.490s][info][gc,heap        ] GC(357) ParOldGen: 450266K(450560K)->450274K(450560K)
[145.490s][info][gc,metaspace   ] GC(357) Metaspace: 35037K(35712K)->35037K(35712K) NonClass: 28777K(29248K)->28777K(29248K) Class: 6259K(6464K)->6259K(6464K)
[145.490s][info][gc             ] GC(357) Pause Young (Allocation Failure) 737M->439M(750M) 2.256ms
[145.490s][info][gc,cpu         ] GC(357) User=0.00s Sys=0.00s Real=0.00s
[146.517s][info][gc,start       ] GC(358) Pause Young (Allocation Failure)
[146.519s][info][gc,heap        ] GC(358) PSYoungGen: 304672K(317952K)->64K(320000K) Eden: 304640K(304640K)->0K(307712K) From: 32K(13312K)->64K(12288K)
[146.519s][info][gc,heap        ] GC(358) ParOldGen: 450274K(450560K)->450282K(450560K)
[146.519s][info][gc,metaspace   ] GC(358) Metaspace: 35037K(35712K)->35037K(35712K) NonClass: 28777K(29248K)->28777K(29248K) Class: 6259K(6464K)->6259K(6464K)
[146.519s][info][gc             ] GC(358) Pause Young (Allocation Failure) 737M->439M(752M) 1.652ms
[146.519s][info][gc,cpu         ] GC(358) User=0.00s Sys=0.00s Real=0.00s
[147.418s][info][gc,start       ] GC(359) Pause Young (Allocation Failure)
[147.420s][info][gc,heap        ] GC(359) PSYoungGen: 307776K(320000K)->64K(295936K) Eden: 307712K(307712K)->0K(295424K) From: 64K(12288K)->64K(512K)
[147.420s][info][gc,heap        ] GC(359) ParOldGen: 450282K(450560K)->450290K(450560K)
[147.420s][info][gc,metaspace   ] GC(359) Metaspace: 35037K(35712K)->35037K(35712K) NonClass: 28777K(29248K)->28777K(29248K) Class: 6259K(6464K)->6259K(6464K)
[147.420s][info][gc             ] GC(359) Pause Young (Allocation Failure) 740M->439M(729M) 1.604ms
[147.420s][info][gc,cpu         ] GC(359) User=0.00s Sys=0.00s Real=0.00s
[147.750s][info][gc,start       ] GC(360) Pause Young (Allocation Failure)
[147.753s][info][gc,heap        ] GC(360) PSYoungGen: 295488K(295936K)->64K(284160K) Eden: 295424K(295424K)->0K(283648K) From: 64K(512K)->64K(512K)
[147.753s][info][gc,heap        ] GC(360) ParOldGen: 450290K(450560K)->450298K(450560K)
[147.753s][info][gc,metaspace   ] GC(360) Metaspace: 35037K(35712K)->35037K(35712K) NonClass: 28777K(29248K)->28777K(29248K) Class: 6259K(6464K)->6259K(6464K)
[147.753s][info][gc             ] GC(360) Pause Young (Allocation Failure) 728M->439M(717M) 2.917ms
[147.753s][info][gc,cpu         ] GC(360) User=0.00s Sys=0.00s Real=0.01s
[148.178s][info][gc,start       ] GC(361) Pause Young (Allocation Failure)
[148.180s][info][gc,heap        ] GC(361) PSYoungGen: 283712K(284160K)->64K(282624K) Eden: 283648K(283648K)->0K(272384K) From: 64K(512K)->64K(10240K)
[148.180s][info][gc,heap        ] GC(361) ParOldGen: 450298K(450560K)->450306K(450560K)
[148.180s][info][gc,metaspace   ] GC(361) Metaspace: 35037K(35712K)->35037K(35712K) NonClass: 28777K(29248K)->28777K(29248K) Class: 6259K(6464K)->6259K(6464K)
[148.180s][info][gc             ] GC(361) Pause Young (Allocation Failure) 716M->439M(716M) 2.870ms
[148.180s][info][gc,cpu         ] GC(361) User=0.00s Sys=0.00s Real=0.00s
[149.145s][info][gc,start       ] GC(362) Pause Young (Allocation Failure)
[149.148s][info][gc,heap        ] GC(362) PSYoungGen: 272448K(282624K)->32K(262144K) Eden: 272384K(272384K)->0K(261632K) From: 64K(10240K)->32K(512K)
[149.149s][info][gc,heap        ] GC(362) ParOldGen: 450306K(450560K)->450314K(450560K)
[149.149s][info][gc,metaspace   ] GC(362) Metaspace: 35037K(35712K)->35037K(35712K) NonClass: 28777K(29248K)->28777K(29248K) Class: 6259K(6464K)->6259K(6464K)
[149.149s][info][gc             ] GC(362) Pause Young (Allocation Failure) 705M->439M(696M) 3.249ms
[149.149s][info][gc,cpu         ] GC(362) User=0.00s Sys=0.00s Real=0.00s
[149.535s][info][gc,start       ] GC(363) Pause Young (Allocation Failure)
[149.536s][info][gc,heap        ] GC(363) PSYoungGen: 261664K(262144K)->64K(260096K) Eden: 261632K(261632K)->0K(251392K) From: 32K(512K)->64K(8704K)
[149.536s][info][gc,heap        ] GC(363) ParOldGen: 450314K(450560K)->450322K(450560K)
[149.536s][info][gc,metaspace   ] GC(363) Metaspace: 35037K(35712K)->35037K(35712K) NonClass: 28777K(29248K)->28777K(29248K) Class: 6259K(6464K)->6259K(6464K)
[149.537s][info][gc             ] GC(363) Pause Young (Allocation Failure) 695M->439M(694M) 1.615ms
[149.537s][info][gc,cpu         ] GC(363) User=0.00s Sys=0.00s Real=0.00s
[149.651s][info][gc,start       ] GC(364) Pause Young (Allocation Failure)
[149.653s][info][gc,heap        ] GC(364) PSYoungGen: 251456K(260096K)->64K(242176K) Eden: 251392K(251392K)->0K(241664K) From: 64K(8704K)->64K(512K)
[149.653s][info][gc,heap        ] GC(364) ParOldGen: 450322K(450560K)->450330K(450560K)
[149.654s][info][gc,metaspace   ] GC(364) Metaspace: 35037K(35712K)->35037K(35712K) NonClass: 28777K(29248K)->28777K(29248K) Class: 6259K(6464K)->6259K(6464K)
[149.654s][info][gc             ] GC(364) Pause Young (Allocation Failure) 685M->439M(676M) 2.137ms
[149.654s][info][gc,cpu         ] GC(364) User=0.00s Sys=0.00s Real=0.00s
[150.079s][info][gc,start       ] GC(365) Pause Young (Allocation Failure)
[150.081s][info][gc,heap        ] GC(365) PSYoungGen: 241728K(242176K)->64K(240128K) Eden: 241664K(241664K)->0K(232448K) From: 64K(512K)->64K(7680K)
[150.081s][info][gc,heap        ] GC(365) ParOldGen: 450330K(450560K)->450338K(450560K)
[150.081s][info][gc,metaspace   ] GC(365) Metaspace: 35037K(35712K)->35037K(35712K) NonClass: 28777K(29248K)->28777K(29248K) Class: 6259K(6464K)->6259K(6464K)
[150.081s][info][gc             ] GC(365) Pause Young (Allocation Failure) 675M->439M(674M) 2.034ms
[150.081s][info][gc,cpu         ] GC(365) User=0.01s Sys=0.00s Real=0.01s
[150.469s][info][gc,start       ] GC(366) Pause Young (Allocation Failure)
[150.471s][info][gc,heap        ] GC(366) PSYoungGen: 232512K(240128K)->64K(224256K) Eden: 232448K(232448K)->0K(223744K) From: 64K(7680K)->64K(512K)
[150.471s][info][gc,heap        ] GC(366) ParOldGen: 450338K(450560K)->450346K(450560K)
[150.471s][info][gc,metaspace   ] GC(366) Metaspace: 35037K(35712K)->35037K(35712K) NonClass: 28777K(29248K)->28777K(29248K) Class: 6259K(6464K)->6259K(6464K)
[150.471s][info][gc             ] GC(366) Pause Young (Allocation Failure) 666M->439M(659M) 2.138ms
[150.471s][info][gc,cpu         ] GC(366) User=0.00s Sys=0.00s Real=0.01s
[150.861s][info][gc,start       ] GC(367) Pause Young (Allocation Failure)
[150.870s][info][gc,heap        ] GC(367) PSYoungGen: 223808K(224256K)->5696K(274944K) Eden: 223744K(223744K)->0K(268800K) From: 64K(512K)->5696K(6144K)
[150.870s][info][gc,heap        ] GC(367) ParOldGen: 450346K(450560K)->450354K(450560K)
[150.870s][info][gc,metaspace   ] GC(367) Metaspace: 35037K(35712K)->35037K(35712K) NonClass: 28777K(29248K)->28777K(29248K) Class: 6259K(6464K)->6259K(6464K)
[150.870s][info][gc             ] GC(367) Pause Young (Allocation Failure) 658M->445M(708M) 9.208ms
[150.870s][info][gc,cpu         ] GC(367) User=0.02s Sys=0.01s Real=0.00s
[151.178s][info][gc,start       ] GC(368) Pause Young (Allocation Failure)
[151.250s][info][gc,heap        ] GC(368) PSYoungGen: 274496K(274944K)->7168K(268800K) Eden: 268800K(268800K)->0K(261632K) From: 5696K(6144K)->7168K(7168K)
[151.250s][info][gc,heap        ] GC(368) ParOldGen: 450354K(450560K)->471722K(472064K)
[151.250s][info][gc,metaspace   ] GC(368) Metaspace: 35037K(35712K)->35037K(35712K) NonClass: 28777K(29248K)->28777K(29248K) Class: 6259K(6464K)->6259K(6464K)
[151.250s][info][gc             ] GC(368) Pause Young (Allocation Failure) 707M->467M(723M) 72.229ms
[151.250s][info][gc,cpu         ] GC(368) User=0.09s Sys=0.01s Real=0.07s
[151.569s][info][gc,start       ] GC(369) Pause Young (Allocation Failure)
[151.625s][info][gc,heap        ] GC(369) PSYoungGen: 268800K(268800K)->17408K(279040K) Eden: 261632K(261632K)->0K(261632K) From: 7168K(7168K)->17408K(17408K)
[151.625s][info][gc,heap        ] GC(369) ParOldGen: 471722K(472064K)->482858K(483328K)
[151.625s][info][gc,metaspace   ] GC(369) Metaspace: 35037K(35712K)->35037K(35712K) NonClass: 28777K(29248K)->28777K(29248K) Class: 6259K(6464K)->6259K(6464K)
[151.625s][info][gc             ] GC(369) Pause Young (Allocation Failure) 723M->488M(744M) 56.939ms
[151.625s][info][gc,cpu         ] GC(369) User=0.10s Sys=0.02s Real=0.06s
[151.753s][info][gc,start       ] GC(370) Pause Young (Allocation Failure)
[151.771s][info][gc,heap        ] GC(370) PSYoungGen: 279040K(279040K)->7008K(310272K) Eden: 261632K(261632K)->0K(285184K) From: 17408K(17408K)->7008K(25088K)
[151.771s][info][gc,heap        ] GC(370) ParOldGen: 482858K(483328K)->483258K(483328K)
[151.771s][info][gc,metaspace   ] GC(370) Metaspace: 35037K(35712K)->35037K(35712K) NonClass: 28777K(29248K)->28777K(29248K) Class: 6259K(6464K)->6259K(6464K)
[151.772s][info][gc             ] GC(370) Pause Young (Allocation Failure) 744M->478M(775M) 18.432ms
[151.772s][info][gc,cpu         ] GC(370) User=0.03s Sys=0.01s Real=0.02s
[152.277s][info][gc,start       ] GC(371) Pause Young (Allocation Failure)
[152.278s][info][gc,heap        ] GC(371) PSYoungGen: 292192K(310272K)->64K(285696K) Eden: 285184K(285184K)->0K(285184K) From: 7008K(25088K)->64K(512K)
[152.278s][info][gc,heap        ] GC(371) ParOldGen: 483258K(483328K)->483266K(483328K)
[152.278s][info][gc,metaspace   ] GC(371) Metaspace: 35037K(35712K)->35037K(35712K) NonClass: 28777K(29248K)->28777K(29248K) Class: 6259K(6464K)->6259K(6464K)
[152.278s][info][gc             ] GC(371) Pause Young (Allocation Failure) 757M->472M(751M) 1.676ms
[152.278s][info][gc,cpu         ] GC(371) User=0.01s Sys=0.00s Real=0.00s
[152.845s][info][gc,start       ] GC(372) Pause Young (Allocation Failure)
[152.846s][info][gc,heap        ] GC(372) PSYoungGen: 285248K(285696K)->64K(308736K) Eden: 285184K(285184K)->0K(285696K) From: 64K(512K)->64K(23040K)
[152.846s][info][gc,heap        ] GC(372) ParOldGen: 483266K(483328K)->483274K(483328K)
[152.846s][info][gc,metaspace   ] GC(372) Metaspace: 35038K(35712K)->35038K(35712K) NonClass: 28778K(29248K)->28778K(29248K) Class: 6259K(6464K)->6259K(6464K)
[152.846s][info][gc             ] GC(372) Pause Young (Allocation Failure) 750M->472M(773M) 1.675ms
[152.847s][info][gc,cpu         ] GC(372) User=0.00s Sys=0.00s Real=0.00s
[153.271s][info][gc,start       ] GC(373) Pause Young (Allocation Failure)
[153.272s][info][gc,heap        ] GC(373) PSYoungGen: 285760K(308736K)->64K(308224K) Eden: 285696K(285696K)->0K(285696K) From: 64K(23040K)->64K(22528K)
[153.272s][info][gc,heap        ] GC(373) ParOldGen: 483274K(483328K)->483290K(483328K)
[153.272s][info][gc,metaspace   ] GC(373) Metaspace: 35038K(35712K)->35038K(35712K) NonClass: 28778K(29248K)->28778K(29248K) Class: 6259K(6464K)->6259K(6464K)
[153.272s][info][gc             ] GC(373) Pause Young (Allocation Failure) 751M->472M(773M) 1.735ms
[153.272s][info][gc,cpu         ] GC(373) User=0.01s Sys=0.00s Real=0.01s
[153.479s][info][gc,start       ] GC(374) Pause Young (Allocation Failure)
[153.480s][info][gc,heap        ] GC(374) PSYoungGen: 285760K(308224K)->64K(310272K) Eden: 285696K(285696K)->0K(289280K) From: 64K(22528K)->64K(20992K)
[153.480s][info][gc,heap        ] GC(374) ParOldGen: 483290K(483328K)->483306K(483328K)
[153.480s][info][gc,metaspace   ] GC(374) Metaspace: 35038K(35712K)->35038K(35712K) NonClass: 28778K(29248K)->28778K(29248K) Class: 6259K(6464K)->6259K(6464K)
[153.480s][info][gc             ] GC(374) Pause Young (Allocation Failure) 751M->472M(775M) 1.725ms
[153.480s][info][gc,cpu         ] GC(374) User=0.00s Sys=0.00s Real=0.00s
[153.692s][info][gc,start       ] GC(375) Pause Young (Allocation Failure)
[153.693s][info][gc,heap        ] GC(375) PSYoungGen: 289344K(310272K)->64K(309760K) Eden: 289280K(289280K)->0K(289280K) From: 64K(20992K)->64K(20480K)
[153.693s][info][gc,heap        ] GC(375) ParOldGen: 483306K(483328K)->483306K(483328K)
[153.693s][info][gc,metaspace   ] GC(375) Metaspace: 35038K(35712K)->35038K(35712K) NonClass: 28778K(29248K)->28778K(29248K) Class: 6259K(6464K)->6259K(6464K)
[153.693s][info][gc             ] GC(375) Pause Young (Allocation Failure) 754M->472M(774M) 1.627ms
[153.693s][info][gc,cpu         ] GC(375) User=0.01s Sys=0.00s Real=0.00s
[154.057s][info][gc,start       ] GC(376) Pause Young (Allocation Failure)
[154.059s][info][gc,heap        ] GC(376) PSYoungGen: 289344K(309760K)->64K(312320K) Eden: 289280K(289280K)->0K(293376K) From: 64K(20480K)->64K(18944K)
[154.059s][info][gc,heap        ] GC(376) ParOldGen: 483306K(483328K)->483306K(483328K)
[154.059s][info][gc,metaspace   ] GC(376) Metaspace: 35038K(35712K)->35038K(35712K) NonClass: 28778K(29248K)->28778K(29248K) Class: 6259K(6464K)->6259K(6464K)
[154.059s][info][gc             ] GC(376) Pause Young (Allocation Failure) 754M->472M(777M) 1.674ms
[154.059s][info][gc,cpu         ] GC(376) User=0.00s Sys=0.00s Real=0.00s
[154.153s][info][gc,start       ] GC(377) Pause Young (Allocation Failure)
[154.154s][info][gc,heap        ] GC(377) PSYoungGen: 293440K(312320K)->64K(312320K) Eden: 293376K(293376K)->0K(293376K) From: 64K(18944K)->64K(18944K)
[154.154s][info][gc,heap        ] GC(377) ParOldGen: 483306K(483328K)->483314K(483328K)
[154.154s][info][gc,metaspace   ] GC(377) Metaspace: 35039K(35712K)->35039K(35712K) NonClass: 28780K(29248K)->28780K(29248K) Class: 6259K(6464K)->6259K(6464K)
[154.154s][info][gc             ] GC(377) Pause Young (Allocation Failure) 758M->472M(777M) 1.612ms
[154.154s][info][gc,cpu         ] GC(377) User=0.00s Sys=0.00s Real=0.00s
[154.209s][info][gc,start       ] GC(378) Pause Young (Allocation Failure)
[154.210s][info][gc,heap        ] GC(378) PSYoungGen: 293440K(312320K)->64K(313856K) Eden: 293376K(293376K)->0K(296960K) From: 64K(18944K)->64K(16896K)
[154.210s][info][gc,heap        ] GC(378) ParOldGen: 483314K(483328K)->483330K(483840K)
[154.210s][info][gc,metaspace   ] GC(378) Metaspace: 35039K(35712K)->35039K(35712K) NonClass: 28780K(29248K)->28780K(29248K) Class: 6259K(6464K)->6259K(6464K)
[154.210s][info][gc             ] GC(378) Pause Young (Allocation Failure) 758M->472M(779M) 1.488ms
[154.210s][info][gc,cpu         ] GC(378) User=0.00s Sys=0.00s Real=0.00s
[154.369s][info][gc,start       ] GC(379) Pause Young (Allocation Failure)
[154.370s][info][gc,heap        ] GC(379) PSYoungGen: 297024K(313856K)->64K(313856K) Eden: 296960K(296960K)->0K(296960K) From: 64K(16896K)->64K(16896K)
[154.370s][info][gc,heap        ] GC(379) ParOldGen: 483330K(483840K)->483330K(483840K)
[154.370s][info][gc,metaspace   ] GC(379) Metaspace: 35039K(35712K)->35039K(35712K) NonClass: 28780K(29248K)->28780K(29248K) Class: 6259K(6464K)->6259K(6464K)
[154.370s][info][gc             ] GC(379) Pause Young (Allocation Failure) 762M->472M(779M) 1.656ms
[154.370s][info][gc,cpu         ] GC(379) User=0.00s Sys=0.00s Real=0.00s
[154.590s][info][gc,start       ] GC(380) Pause Young (Allocation Failure)
[154.592s][info][gc,heap        ] GC(380) PSYoungGen: 297024K(313856K)->64K(316416K) Eden: 296960K(296960K)->0K(300544K) From: 64K(16896K)->64K(15872K)
[154.592s][info][gc,heap        ] GC(380) ParOldGen: 483330K(483840K)->483338K(483840K)
[154.592s][info][gc,metaspace   ] GC(380) Metaspace: 35039K(35712K)->35039K(35712K) NonClass: 28780K(29248K)->28780K(29248K) Class: 6259K(6464K)->6259K(6464K)
[154.592s][info][gc             ] GC(380) Pause Young (Allocation Failure) 762M->472M(781M) 1.635ms
[154.592s][info][gc,cpu         ] GC(380) User=0.00s Sys=0.00s Real=0.01s
[154.740s][info][gc,start       ] GC(381) Pause Young (Allocation Failure)
[154.741s][info][gc,heap        ] GC(381) PSYoungGen: 300608K(316416K)->64K(315904K) Eden: 300544K(300544K)->0K(300544K) From: 64K(15872K)->64K(15360K)
[154.741s][info][gc,heap        ] GC(381) ParOldGen: 483338K(483840K)->483346K(483840K)
[154.741s][info][gc,metaspace   ] GC(381) Metaspace: 35042K(35712K)->35042K(35712K) NonClass: 28782K(29248K)->28782K(29248K) Class: 6259K(6464K)->6259K(6464K)
[154.741s][info][gc             ] GC(381) Pause Young (Allocation Failure) 765M->472M(781M) 1.655ms
[154.741s][info][gc,cpu         ] GC(381) User=0.00s Sys=0.00s Real=0.01s
[154.823s][info][gc,start       ] GC(382) Pause Young (Allocation Failure)
[154.825s][info][gc,heap        ] GC(382) PSYoungGen: 300608K(315904K)->64K(317440K) Eden: 300544K(300544K)->0K(303616K) From: 64K(15360K)->64K(13824K)
[154.825s][info][gc,heap        ] GC(382) ParOldGen: 483346K(483840K)->483354K(483840K)
[154.825s][info][gc,metaspace   ] GC(382) Metaspace: 35042K(35712K)->35042K(35712K) NonClass: 28782K(29248K)->28782K(29248K) Class: 6259K(6464K)->6259K(6464K)
[154.825s][info][gc             ] GC(382) Pause Young (Allocation Failure) 765M->472M(782M) 1.612ms
[154.825s][info][gc,cpu         ] GC(382) User=0.00s Sys=0.00s Real=0.00s
[155.005s][info][gc,start       ] GC(383) Pause Young (Allocation Failure)
[155.008s][info][gc,heap        ] GC(383) PSYoungGen: 303680K(317440K)->32K(316928K) Eden: 303616K(303616K)->0K(303616K) From: 64K(13824K)->32K(13312K)
[155.008s][info][gc,heap        ] GC(383) ParOldGen: 483354K(483840K)->483370K(483840K)
[155.008s][info][gc,metaspace   ] GC(383) Metaspace: 35042K(35712K)->35042K(35712K) NonClass: 28782K(29248K)->28782K(29248K) Class: 6259K(6464K)->6259K(6464K)
[155.008s][info][gc             ] GC(383) Pause Young (Allocation Failure) 768M->472M(782M) 3.017ms
[155.008s][info][gc,cpu         ] GC(383) User=0.00s Sys=0.00s Real=0.00s
[156.001s][info][gc,start       ] GC(384) Pause Young (Allocation Failure)
[156.003s][info][gc,heap        ] GC(384) PSYoungGen: 303648K(316928K)->83K(319488K) Eden: 303616K(303616K)->0K(307712K) From: 32K(13312K)->83K(11776K)
[156.003s][info][gc,heap        ] GC(384) ParOldGen: 483370K(483840K)->483378K(483840K)
[156.003s][info][gc,metaspace   ] GC(384) Metaspace: 35042K(35712K)->35042K(35712K) NonClass: 28782K(29248K)->28782K(29248K) Class: 6259K(6464K)->6259K(6464K)
[156.003s][info][gc             ] GC(384) Pause Young (Allocation Failure) 768M->472M(784M) 2.347ms
[156.003s][info][gc,cpu         ] GC(384) User=0.01s Sys=0.00s Real=0.00s
[156.908s][info][gc,start       ] GC(385) Pause Young (Allocation Failure)
[156.909s][info][gc,heap        ] GC(385) PSYoungGen: 307795K(319488K)->64K(295936K) Eden: 307712K(307712K)->0K(295424K) From: 83K(11776K)->64K(512K)
[156.909s][info][gc,heap        ] GC(385) ParOldGen: 483378K(483840K)->483386K(483840K)
[156.909s][info][gc,metaspace   ] GC(385) Metaspace: 35042K(35712K)->35042K(35712K) NonClass: 28782K(29248K)->28782K(29248K) Class: 6259K(6464K)->6259K(6464K)
[156.909s][info][gc             ] GC(385) Pause Young (Allocation Failure) 772M->472M(761M) 1.687ms
[156.909s][info][gc,cpu         ] GC(385) User=0.00s Sys=0.01s Real=0.00s
[157.232s][info][gc,start       ] GC(386) Pause Young (Allocation Failure)
[157.236s][info][gc,heap        ] GC(386) PSYoungGen: 295488K(295936K)->64K(284160K) Eden: 295424K(295424K)->0K(283648K) From: 64K(512K)->64K(512K)
[157.236s][info][gc,heap        ] GC(386) ParOldGen: 483386K(483840K)->483402K(483840K)
[157.236s][info][gc,metaspace   ] GC(386) Metaspace: 35042K(35712K)->35042K(35712K) NonClass: 28782K(29248K)->28782K(29248K) Class: 6259K(6464K)->6259K(6464K)
[157.236s][info][gc             ] GC(386) Pause Young (Allocation Failure) 760M->472M(750M) 3.553ms
[157.236s][info][gc,cpu         ] GC(386) User=0.01s Sys=0.00s Real=0.00s
[157.665s][info][gc,start       ] GC(387) Pause Young (Allocation Failure)
[157.668s][info][gc,heap        ] GC(387) PSYoungGen: 283712K(284160K)->32K(282624K) Eden: 283648K(283648K)->0K(272384K) From: 64K(512K)->32K(10240K)
[157.668s][info][gc,heap        ] GC(387) ParOldGen: 483402K(483840K)->483410K(483840K)
[157.668s][info][gc,metaspace   ] GC(387) Metaspace: 35042K(35712K)->35042K(35712K) NonClass: 28782K(29248K)->28782K(29248K) Class: 6259K(6464K)->6259K(6464K)
[157.668s][info][gc             ] GC(387) Pause Young (Allocation Failure) 749M->472M(748M) 3.098ms
[157.668s][info][gc,cpu         ] GC(387) User=0.00s Sys=0.00s Real=0.00s
[158.641s][info][gc,start       ] GC(388) Pause Young (Allocation Failure)
[158.643s][info][gc,heap        ] GC(388) PSYoungGen: 272416K(282624K)->64K(262144K) Eden: 272384K(272384K)->0K(261632K) From: 32K(10240K)->64K(512K)
[158.643s][info][gc,heap        ] GC(388) ParOldGen: 483410K(483840K)->483418K(483840K)
[158.643s][info][gc,metaspace   ] GC(388) Metaspace: 35042K(35712K)->35042K(35712K) NonClass: 28782K(29248K)->28782K(29248K) Class: 6259K(6464K)->6259K(6464K)
[158.643s][info][gc             ] GC(388) Pause Young (Allocation Failure) 738M->472M(728M) 2.257ms
[158.643s][info][gc,cpu         ] GC(388) User=0.01s Sys=0.00s Real=0.00s
[159.030s][info][gc,start       ] GC(389) Pause Young (Allocation Failure)
[159.033s][info][gc,heap        ] GC(389) PSYoungGen: 261696K(262144K)->64K(260608K) Eden: 261632K(261632K)->0K(251392K) From: 64K(512K)->64K(9216K)
[159.033s][info][gc,heap        ] GC(389) ParOldGen: 483418K(483840K)->483434K(483840K)
[159.033s][info][gc,metaspace   ] GC(389) Metaspace: 35042K(35712K)->35042K(35712K) NonClass: 28782K(29248K)->28782K(29248K) Class: 6259K(6464K)->6259K(6464K)
[159.033s][info][gc             ] GC(389) Pause Young (Allocation Failure) 727M->472M(727M) 3.009ms
[159.033s][info][gc,cpu         ] GC(389) User=0.00s Sys=0.00s Real=0.01s
[159.156s][info][gc,start       ] GC(390) Pause Young (Allocation Failure)
[159.159s][info][gc,heap        ] GC(390) PSYoungGen: 251456K(260608K)->32K(292352K) Eden: 251392K(251392K)->0K(284160K) From: 64K(9216K)->32K(8192K)
[159.159s][info][gc,heap        ] GC(390) ParOldGen: 483434K(483840K)->483450K(483840K)
[159.159s][info][gc,metaspace   ] GC(390) Metaspace: 35042K(35712K)->35042K(35712K) NonClass: 28782K(29248K)->28782K(29248K) Class: 6259K(6464K)->6259K(6464K)
[159.159s][info][gc             ] GC(390) Pause Young (Allocation Failure) 717M->472M(758M) 3.033ms
[159.159s][info][gc,cpu         ] GC(390) User=0.00s Sys=0.00s Real=0.00s
[159.695s][info][gc,start       ] GC(391) Pause Young (Allocation Failure)
[159.698s][info][gc,heap        ] GC(391) PSYoungGen: 284192K(292352K)->64K(273408K) Eden: 284160K(284160K)->0K(272896K) From: 32K(8192K)->64K(512K)
[159.698s][info][gc,heap        ] GC(391) ParOldGen: 483450K(483840K)->483458K(483840K)
[159.698s][info][gc,metaspace   ] GC(391) Metaspace: 35042K(35712K)->35042K(35712K) NonClass: 28782K(29248K)->28782K(29248K) Class: 6259K(6464K)->6259K(6464K)
[159.698s][info][gc             ] GC(391) Pause Young (Allocation Failure) 749M->472M(739M) 3.551ms
[159.698s][info][gc,cpu         ] GC(391) User=0.01s Sys=0.00s Real=0.00s
[160.122s][info][gc,start       ] GC(392) Pause Young (Allocation Failure)
[160.125s][info][gc,heap        ] GC(392) PSYoungGen: 272960K(273408K)->64K(262656K) Eden: 272896K(272896K)->0K(262144K) From: 64K(512K)->64K(512K)
[160.125s][info][gc,heap        ] GC(392) ParOldGen: 483458K(483840K)->483466K(483840K)
[160.125s][info][gc,metaspace   ] GC(392) Metaspace: 35042K(35712K)->35042K(35712K) NonClass: 28782K(29248K)->28782K(29248K) Class: 6259K(6464K)->6259K(6464K)
[160.125s][info][gc             ] GC(392) Pause Young (Allocation Failure) 738M->472M(729M) 3.659ms
[160.125s][info][gc,cpu         ] GC(392) User=0.00s Sys=0.00s Real=0.00s
[160.520s][info][gc,start       ] GC(393) Pause Young (Allocation Failure)
[160.573s][info][gc,heap        ] GC(393) PSYoungGen: 262208K(262656K)->6656K(279040K) Eden: 262144K(262144K)->0K(272384K) From: 64K(512K)->6656K(6656K)
[160.573s][info][gc,heap        ] GC(393) ParOldGen: 483466K(483840K)->494786K(495104K)
[160.573s][info][gc,metaspace   ] GC(393) Metaspace: 35042K(35712K)->35042K(35712K) NonClass: 28782K(29248K)->28782K(29248K) Class: 6259K(6464K)->6259K(6464K)
[160.573s][info][gc             ] GC(393) Pause Young (Allocation Failure) 728M->489M(756M) 53.070ms
[160.573s][info][gc,cpu         ] GC(393) User=0.07s Sys=0.01s Real=0.06s
[160.891s][info][gc,start       ] GC(394) Pause Young (Allocation Failure)
[160.958s][info][gc,heap        ] GC(394) PSYoungGen: 279040K(279040K)->12800K(303616K) Eden: 272384K(272384K)->0K(290816K) From: 6656K(6656K)->12800K(12800K)
[160.959s][info][gc,heap        ] GC(394) ParOldGen: 494786K(495104K)->511314K(511488K)
[160.959s][info][gc,metaspace   ] GC(394) Metaspace: 35042K(35712K)->35042K(35712K) NonClass: 28782K(29248K)->28782K(29248K) Class: 6259K(6464K)->6259K(6464K)
[160.959s][info][gc             ] GC(394) Pause Young (Allocation Failure) 755M->511M(796M) 67.298ms
[160.959s][info][gc,cpu         ] GC(394) User=0.12s Sys=0.01s Real=0.06s
[161.223s][info][gc,start       ] GC(395) Pause Young (Allocation Failure)
[161.281s][info][gc,heap        ] GC(395) PSYoungGen: 303616K(303616K)->21504K(312320K) Eden: 290816K(290816K)->0K(290816K) From: 12800K(12800K)->21504K(21504K)
[161.281s][info][gc,heap        ] GC(395) ParOldGen: 511314K(511488K)->512474K(512512K)
[161.281s][info][gc,metaspace   ] GC(395) Metaspace: 35042K(35712K)->35042K(35712K) NonClass: 28782K(29248K)->28782K(29248K) Class: 6259K(6464K)->6259K(6464K)
[161.281s][info][gc             ] GC(395) Pause Young (Allocation Failure) 795M->521M(805M) 57.941ms
[161.281s][info][gc,cpu         ] GC(395) User=0.09s Sys=0.02s Real=0.06s
[161.525s][info][gc,start       ] GC(396) Pause Young (Allocation Failure)
[161.527s][info][gc,heap        ] GC(396) PSYoungGen: 312320K(312320K)->64K(304128K) Eden: 290816K(290816K)->0K(282624K) From: 21504K(21504K)->64K(21504K)
[161.527s][info][gc,heap        ] GC(396) ParOldGen: 512474K(512512K)->512506K(512512K)
[161.527s][info][gc,metaspace   ] GC(396) Metaspace: 35042K(35712K)->35042K(35712K) NonClass: 28782K(29248K)->28782K(29248K) Class: 6259K(6464K)->6259K(6464K)
[161.527s][info][gc             ] GC(396) Pause Young (Allocation Failure) 805M->500M(797M) 1.984ms
[161.527s][info][gc,cpu         ] GC(396) User=0.00s Sys=0.00s Real=0.00s
[162.225s][info][gc,start       ] GC(397) Pause Young (Allocation Failure)
[162.227s][info][gc,heap        ] GC(397) PSYoungGen: 282688K(304128K)->64K(308224K) Eden: 282624K(282624K)->0K(282624K) From: 64K(21504K)->64K(25600K)
[162.227s][info][gc,heap        ] GC(397) ParOldGen: 512506K(512512K)->512514K(513024K)
[162.227s][info][gc,metaspace   ] GC(397) Metaspace: 35042K(35712K)->35042K(35712K) NonClass: 28782K(29248K)->28782K(29248K) Class: 6259K(6464K)->6259K(6464K)
[162.227s][info][gc             ] GC(397) Pause Young (Allocation Failure) 776M->500M(802M) 1.738ms
[162.227s][info][gc,cpu         ] GC(397) User=0.00s Sys=0.00s Real=0.00s
[162.493s][info][gc,start       ] GC(398) Pause Young (Allocation Failure)
[162.495s][info][gc,heap        ] GC(398) PSYoungGen: 282688K(308224K)->64K(306176K) Eden: 282624K(282624K)->0K(283648K) From: 64K(25600K)->64K(22528K)
[162.495s][info][gc,heap        ] GC(398) ParOldGen: 512514K(513024K)->512530K(513024K)
[162.496s][info][gc,metaspace   ] GC(398) Metaspace: 35042K(35712K)->35042K(35712K) NonClass: 28782K(29248K)->28782K(29248K) Class: 6259K(6464K)->6259K(6464K)
[162.496s][info][gc             ] GC(398) Pause Young (Allocation Failure) 776M->500M(800M) 2.211ms
[162.496s][info][gc,cpu         ] GC(398) User=0.01s Sys=0.00s Real=0.00s
[162.913s][info][gc,start       ] GC(399) Pause Young (Allocation Failure)
[162.914s][info][gc,heap        ] GC(399) PSYoungGen: 283712K(306176K)->64K(307712K) Eden: 283648K(283648K)->0K(283648K) From: 64K(22528K)->64K(24064K)
[162.914s][info][gc,heap        ] GC(399) ParOldGen: 512530K(513024K)->512538K(513024K)
[162.914s][info][gc,metaspace   ] GC(399) Metaspace: 35042K(35712K)->35042K(35712K) NonClass: 28782K(29248K)->28782K(29248K) Class: 6259K(6464K)->6259K(6464K)
[162.914s][info][gc             ] GC(399) Pause Young (Allocation Failure) 777M->500M(801M) 1.719ms
[162.914s][info][gc,cpu         ] GC(399) User=0.01s Sys=0.00s Real=0.00s
[163.128s][info][gc,start       ] GC(400) Pause Young (Allocation Failure)
[163.130s][info][gc,heap        ] GC(400) PSYoungGen: 283712K(307712K)->32K(306176K) Eden: 283648K(283648K)->0K(286720K) From: 64K(24064K)->32K(19456K)
[163.130s][info][gc,heap        ] GC(400) ParOldGen: 512538K(513024K)->512546K(513024K)
[163.130s][info][gc,metaspace   ] GC(400) Metaspace: 35042K(35712K)->35042K(35712K) NonClass: 28782K(29248K)->28782K(29248K) Class: 6259K(6464K)->6259K(6464K)
[163.130s][info][gc             ] GC(400) Pause Young (Allocation Failure) 777M->500M(800M) 2.422ms
[163.130s][info][gc,cpu         ] GC(400) User=0.00s Sys=0.00s Real=0.00s
[163.339s][info][gc,start       ] GC(401) Pause Young (Allocation Failure)
[163.341s][info][gc,heap        ] GC(401) PSYoungGen: 286752K(306176K)->32K(308224K) Eden: 286720K(286720K)->0K(286720K) From: 32K(19456K)->32K(21504K)
[163.341s][info][gc,heap        ] GC(401) ParOldGen: 512546K(513024K)->512546K(513024K)
[163.341s][info][gc,metaspace   ] GC(401) Metaspace: 35042K(35712K)->35042K(35712K) NonClass: 28782K(29248K)->28782K(29248K) Class: 6259K(6464K)->6259K(6464K)
[163.341s][info][gc             ] GC(401) Pause Young (Allocation Failure) 780M->500M(802M) 2.326ms
[163.341s][info][gc,cpu         ] GC(401) User=0.00s Sys=0.00s Real=0.01s
[163.672s][info][gc,start       ] GC(402) Pause Young (Allocation Failure)
[163.674s][info][gc,heap        ] GC(402) PSYoungGen: 286752K(308224K)->64K(309248K) Eden: 286720K(286720K)->0K(291840K) From: 32K(21504K)->64K(17408K)
[163.674s][info][gc,heap        ] GC(402) ParOldGen: 512546K(513024K)->512546K(513024K)
[163.674s][info][gc,metaspace   ] GC(402) Metaspace: 35042K(35712K)->35042K(35712K) NonClass: 28782K(29248K)->28782K(29248K) Class: 6259K(6464K)->6259K(6464K)
[163.674s][info][gc             ] GC(402) Pause Young (Allocation Failure) 780M->500M(803M) 1.775ms
[163.674s][info][gc,cpu         ] GC(402) User=0.01s Sys=0.00s Real=0.00s
[163.727s][info][gc,start       ] GC(403) Pause Young (Allocation Failure)
[163.729s][info][gc,heap        ] GC(403) PSYoungGen: 291904K(309248K)->64K(311296K) Eden: 291840K(291840K)->0K(291840K) From: 64K(17408K)->64K(19456K)
[163.729s][info][gc,heap        ] GC(403) ParOldGen: 512546K(513024K)->512562K(513024K)
[163.729s][info][gc,metaspace   ] GC(403) Metaspace: 35042K(35712K)->35042K(35712K) NonClass: 28782K(29248K)->28782K(29248K) Class: 6259K(6464K)->6259K(6464K)
[163.729s][info][gc             ] GC(403) Pause Young (Allocation Failure) 785M->500M(805M) 1.707ms
[163.729s][info][gc,cpu         ] GC(403) User=0.00s Sys=0.00s Real=0.00s
[163.806s][info][gc,start       ] GC(404) Pause Young (Allocation Failure)
[163.807s][info][gc,heap        ] GC(404) PSYoungGen: 291904K(311296K)->64K(311296K) Eden: 291840K(291840K)->0K(295936K) From: 64K(19456K)->64K(15360K)
[163.808s][info][gc,heap        ] GC(404) ParOldGen: 512562K(513024K)->512570K(513024K)
[163.808s][info][gc,metaspace   ] GC(404) Metaspace: 35050K(35712K)->35050K(35712K) NonClass: 28790K(29248K)->28790K(29248K) Class: 6259K(6464K)->6259K(6464K)
[163.808s][info][gc             ] GC(404) Pause Young (Allocation Failure) 785M->500M(805M) 1.846ms
[163.808s][info][gc,cpu         ] GC(404) User=0.00s Sys=0.00s Real=0.00s
[164.032s][info][gc,start       ] GC(405) Pause Young (Allocation Failure)
[164.034s][info][gc,heap        ] GC(405) PSYoungGen: 296000K(311296K)->64K(313344K) Eden: 295936K(295936K)->0K(295936K) From: 64K(15360K)->64K(17408K)
[164.034s][info][gc,heap        ] GC(405) ParOldGen: 512570K(513024K)->512586K(513024K)
[164.034s][info][gc,metaspace   ] GC(405) Metaspace: 35050K(35712K)->35050K(35712K) NonClass: 28790K(29248K)->28790K(29248K) Class: 6259K(6464K)->6259K(6464K)
[164.034s][info][gc             ] GC(405) Pause Young (Allocation Failure) 789M->500M(807M) 1.752ms
[164.034s][info][gc,cpu         ] GC(405) User=0.00s Sys=0.00s Real=0.00s
[164.239s][info][gc,start       ] GC(406) Pause Young (Allocation Failure)
[164.241s][info][gc,heap        ] GC(406) PSYoungGen: 296000K(313344K)->64K(313344K) Eden: 295936K(295936K)->0K(300032K) From: 64K(17408K)->64K(13312K)
[164.241s][info][gc,heap        ] GC(406) ParOldGen: 512586K(513024K)->512586K(513024K)
[164.241s][info][gc,metaspace   ] GC(406) Metaspace: 35051K(35712K)->35051K(35712K) NonClass: 28791K(29248K)->28791K(29248K) Class: 6259K(6464K)->6259K(6464K)
[164.241s][info][gc             ] GC(406) Pause Young (Allocation Failure) 789M->500M(807M) 1.722ms
[164.241s][info][gc,cpu         ] GC(406) User=0.00s Sys=0.00s Real=0.01s
[164.324s][info][gc,start       ] GC(407) Pause Young (Allocation Failure)
[164.325s][info][gc,heap        ] GC(407) PSYoungGen: 300096K(313344K)->64K(315392K) Eden: 300032K(300032K)->0K(300032K) From: 64K(13312K)->64K(15360K)
[164.325s][info][gc,heap        ] GC(407) ParOldGen: 512586K(513024K)->512602K(513024K)
[164.325s][info][gc,metaspace   ] GC(407) Metaspace: 35051K(35712K)->35051K(35712K) NonClass: 28791K(29248K)->28791K(29248K) Class: 6259K(6464K)->6259K(6464K)
[164.325s][info][gc             ] GC(407) Pause Young (Allocation Failure) 793M->500M(809M) 1.772ms
[164.325s][info][gc,cpu         ] GC(407) User=0.00s Sys=0.00s Real=0.00s
[164.456s][info][gc,start       ] GC(408) Pause Young (Allocation Failure)
[164.457s][info][gc,heap        ] GC(408) PSYoungGen: 300096K(315392K)->64K(315904K) Eden: 300032K(300032K)->0K(303616K) From: 64K(15360K)->64K(12288K)
[164.457s][info][gc,heap        ] GC(408) ParOldGen: 512602K(513024K)->512602K(513024K)
[164.457s][info][gc,metaspace   ] GC(408) Metaspace: 35051K(35712K)->35051K(35712K) NonClass: 28791K(29248K)->28791K(29248K) Class: 6259K(6464K)->6259K(6464K)
[164.458s][info][gc             ] GC(408) Pause Young (Allocation Failure) 793M->500M(809M) 1.806ms
[164.458s][info][gc,cpu         ] GC(408) User=0.00s Sys=0.00s Real=0.00s
[164.839s][info][gc,start       ] GC(409) Pause Young (Allocation Failure)
[164.841s][info][gc,heap        ] GC(409) PSYoungGen: 303680K(315904K)->64K(317440K) Eden: 303616K(303616K)->0K(303616K) From: 64K(12288K)->64K(13824K)
[164.841s][info][gc,heap        ] GC(409) ParOldGen: 512602K(513024K)->512610K(513024K)
[164.841s][info][gc,metaspace   ] GC(409) Metaspace: 35051K(35712K)->35051K(35712K) NonClass: 28791K(29248K)->28791K(29248K) Class: 6259K(6464K)->6259K(6464K)
[164.841s][info][gc             ] GC(409) Pause Young (Allocation Failure) 797M->500M(811M) 1.696ms
[164.841s][info][gc,cpu         ] GC(409) User=0.01s Sys=0.00s Real=0.01s
[165.584s][info][gc,start       ] GC(410) Pause Young (Allocation Failure)
[165.586s][info][gc,heap        ] GC(410) PSYoungGen: 303680K(317440K)->64K(291840K) Eden: 303616K(303616K)->0K(291328K) From: 64K(13824K)->64K(512K)
[165.586s][info][gc,heap        ] GC(410) ParOldGen: 512610K(513024K)->512618K(513024K)
[165.586s][info][gc,metaspace   ] GC(410) Metaspace: 35051K(35712K)->35051K(35712K) NonClass: 28791K(29248K)->28791K(29248K) Class: 6259K(6464K)->6259K(6464K)
[165.586s][info][gc             ] GC(410) Pause Young (Allocation Failure) 797M->500M(786M) 2.273ms
[165.586s][info][gc,cpu         ] GC(410) User=0.01s Sys=0.00s Real=0.00s
[166.562s][info][gc,start       ] GC(411) Pause Young (Allocation Failure)
[166.564s][info][gc,heap        ] GC(411) PSYoungGen: 291392K(291840K)->64K(291328K) Eden: 291328K(291328K)->0K(279552K) From: 64K(512K)->64K(11776K)
[166.564s][info][gc,heap        ] GC(411) ParOldGen: 512618K(513024K)->512626K(513024K)
[166.564s][info][gc,metaspace   ] GC(411) Metaspace: 35051K(35712K)->35051K(35712K) NonClass: 28791K(29248K)->28791K(29248K) Class: 6259K(6464K)->6259K(6464K)
[166.564s][info][gc             ] GC(411) Pause Young (Allocation Failure) 785M->500M(785M) 1.626ms
[166.564s][info][gc,cpu         ] GC(411) User=0.00s Sys=0.00s Real=0.00s
[167.004s][info][gc,start       ] GC(412) Pause Young (Allocation Failure)
[167.006s][info][gc,heap        ] GC(412) PSYoungGen: 279616K(291328K)->64K(268800K) Eden: 279552K(279552K)->0K(268288K) From: 64K(11776K)->64K(512K)
[167.006s][info][gc,heap        ] GC(412) ParOldGen: 512626K(513024K)->512634K(513024K)
[167.006s][info][gc,metaspace   ] GC(412) Metaspace: 35051K(35712K)->35051K(35712K) NonClass: 28791K(29248K)->28791K(29248K) Class: 6259K(6464K)->6259K(6464K)
[167.006s][info][gc             ] GC(412) Pause Young (Allocation Failure) 773M->500M(763M) 1.870ms
[167.006s][info][gc,cpu         ] GC(412) User=0.00s Sys=0.00s Real=0.00s
[167.991s][info][gc,start       ] GC(413) Pause Young (Allocation Failure)
[167.993s][info][gc,heap        ] GC(413) PSYoungGen: 268352K(268800K)->64K(267776K) Eden: 268288K(268288K)->0K(257536K) From: 64K(512K)->64K(10240K)
[167.993s][info][gc,heap        ] GC(413) ParOldGen: 512634K(513024K)->512642K(513024K)
[167.993s][info][gc,metaspace   ] GC(413) Metaspace: 35051K(35712K)->35051K(35712K) NonClass: 28791K(29248K)->28791K(29248K) Class: 6259K(6464K)->6259K(6464K)
[167.993s][info][gc             ] GC(413) Pause Young (Allocation Failure) 762M->500M(762M) 1.656ms
[167.993s][info][gc,cpu         ] GC(413) User=0.00s Sys=0.00s Real=0.00s
[168.400s][info][gc,start       ] GC(414) Pause Young (Allocation Failure)
[168.402s][info][gc,heap        ] GC(414) PSYoungGen: 257600K(267776K)->64K(247808K) Eden: 257536K(257536K)->0K(247296K) From: 64K(10240K)->64K(512K)
[168.402s][info][gc,heap        ] GC(414) ParOldGen: 512642K(513024K)->512650K(513024K)
[168.402s][info][gc,metaspace   ] GC(414) Metaspace: 35051K(35712K)->35051K(35712K) NonClass: 28791K(29248K)->28791K(29248K) Class: 6259K(6464K)->6259K(6464K)
[168.402s][info][gc             ] GC(414) Pause Young (Allocation Failure) 752M->500M(743M) 2.473ms
[168.402s][info][gc,cpu         ] GC(414) User=0.00s Sys=0.00s Real=0.01s
[168.612s][info][gc,start       ] GC(415) Pause Young (Allocation Failure)
[168.615s][info][gc,heap        ] GC(415) PSYoungGen: 247360K(247808K)->64K(246784K) Eden: 247296K(247296K)->0K(237568K) From: 64K(512K)->64K(9216K)
[168.615s][info][gc,heap        ] GC(415) ParOldGen: 512650K(513024K)->512658K(513024K)
[168.615s][info][gc,metaspace   ] GC(415) Metaspace: 35051K(35712K)->35051K(35712K) NonClass: 28791K(29248K)->28791K(29248K) Class: 6259K(6464K)->6259K(6464K)
[168.615s][info][gc             ] GC(415) Pause Young (Allocation Failure) 742M->500M(742M) 2.532ms
[168.615s][info][gc,cpu         ] GC(415) User=0.00s Sys=0.00s Real=0.00s
[168.691s][info][gc,start       ] GC(416) Pause Young (Allocation Failure)
[168.694s][info][gc,heap        ] GC(416) PSYoungGen: 237632K(246784K)->64K(228864K) Eden: 237568K(237568K)->0K(228352K) From: 64K(9216K)->64K(512K)
[168.694s][info][gc,heap        ] GC(416) ParOldGen: 512658K(513024K)->512666K(513024K)
[168.694s][info][gc,metaspace   ] GC(416) Metaspace: 35051K(35712K)->35051K(35712K) NonClass: 28791K(29248K)->28791K(29248K) Class: 6259K(6464K)->6259K(6464K)
[168.694s][info][gc             ] GC(416) Pause Young (Allocation Failure) 732M->500M(724M) 2.280ms
[168.694s][info][gc,cpu         ] GC(416) User=0.01s Sys=0.01s Real=0.00s
[169.225s][info][gc,start       ] GC(417) Pause Young (Allocation Failure)
[169.226s][info][gc,heap        ] GC(417) PSYoungGen: 228416K(228864K)->64K(227328K) Eden: 228352K(228352K)->0K(219648K) From: 64K(512K)->64K(7680K)
[169.226s][info][gc,heap        ] GC(417) ParOldGen: 512666K(513024K)->512674K(513024K)
[169.226s][info][gc,metaspace   ] GC(417) Metaspace: 35051K(35712K)->35051K(35712K) NonClass: 28791K(29248K)->28791K(29248K) Class: 6259K(6464K)->6259K(6464K)
[169.226s][info][gc             ] GC(417) Pause Young (Allocation Failure) 723M->500M(723M) 1.711ms
[169.226s][info][gc,cpu         ] GC(417) User=0.00s Sys=0.00s Real=0.00s
[169.546s][info][gc,start       ] GC(418) Pause Young (Allocation Failure)
[169.549s][info][gc,heap        ] GC(418) PSYoungGen: 219712K(227328K)->64K(211968K) Eden: 219648K(219648K)->0K(211456K) From: 64K(7680K)->64K(512K)
[169.549s][info][gc,heap        ] GC(418) ParOldGen: 512674K(513024K)->512682K(513024K)
[169.549s][info][gc,metaspace   ] GC(418) Metaspace: 35051K(35712K)->35051K(35712K) NonClass: 28791K(29248K)->28791K(29248K) Class: 6259K(6464K)->6259K(6464K)
[169.549s][info][gc             ] GC(418) Pause Young (Allocation Failure) 715M->500M(708M) 3.640ms
[169.549s][info][gc,cpu         ] GC(418) User=0.00s Sys=0.00s Real=0.00s
[169.902s][info][gc,start       ] GC(419) Pause Young (Allocation Failure)
[169.917s][info][gc,heap        ] GC(419) PSYoungGen: 211520K(211968K)->6656K(260608K) Eden: 211456K(211456K)->0K(253952K) From: 64K(512K)->6656K(6656K)
[169.917s][info][gc,heap        ] GC(419) ParOldGen: 512682K(513024K)->514098K(514560K)
[169.917s][info][gc,metaspace   ] GC(419) Metaspace: 35051K(35712K)->35051K(35712K) NonClass: 28791K(29248K)->28791K(29248K) Class: 6259K(6464K)->6259K(6464K)
[169.917s][info][gc             ] GC(419) Pause Young (Allocation Failure) 707M->508M(757M) 15.358ms
[169.917s][info][gc,cpu         ] GC(419) User=0.02s Sys=0.00s Real=0.01s
[170.209s][info][gc,start       ] GC(420) Pause Young (Allocation Failure)
[170.262s][info][gc,heap        ] GC(420) PSYoungGen: 260608K(260608K)->6656K(268288K) Eden: 253952K(253952K)->0K(261632K) From: 6656K(6656K)->6656K(6656K)
[170.262s][info][gc,heap        ] GC(420) ParOldGen: 514098K(514560K)->534458K(534528K)
[170.262s][info][gc,metaspace   ] GC(420) Metaspace: 35051K(35712K)->35051K(35712K) NonClass: 28791K(29248K)->28791K(29248K) Class: 6259K(6464K)->6259K(6464K)
[170.262s][info][gc             ] GC(420) Pause Young (Allocation Failure) 756M->528M(784M) 53.524ms
[170.262s][info][gc,cpu         ] GC(420) User=0.09s Sys=0.02s Real=0.06s
[170.563s][info][gc,start       ] GC(421) Pause Young (Allocation Failure)
[170.616s][info][gc,heap        ] GC(421) PSYoungGen: 268288K(268288K)->17920K(279552K) Eden: 261632K(261632K)->0K(261632K) From: 6656K(6656K)->17920K(17920K)
[170.616s][info][gc,heap        ] GC(421) ParOldGen: 534458K(534528K)->545042K(545280K)
[170.616s][info][gc,metaspace   ] GC(421) Metaspace: 35051K(35712K)->35051K(35712K) NonClass: 28791K(29248K)->28791K(29248K) Class: 6259K(6464K)->6259K(6464K)
[170.617s][info][gc             ] GC(421) Pause Young (Allocation Failure) 783M->549M(805M) 53.788ms
[170.617s][info][gc,cpu         ] GC(421) User=0.10s Sys=0.01s Real=0.05s
[170.737s][info][gc,start       ] GC(422) Pause Young (Allocation Failure)
[170.753s][info][gc,heap        ] GC(422) PSYoungGen: 279552K(279552K)->6208K(310272K) Eden: 261632K(261632K)->0K(284672K) From: 17920K(17920K)->6208K(25600K)
[170.753s][info][gc,heap        ] GC(422) ParOldGen: 545042K(545280K)->545418K(545792K)
[170.753s][info][gc,metaspace   ] GC(422) Metaspace: 35051K(35712K)->35051K(35712K) NonClass: 28791K(29248K)->28791K(29248K) Class: 6259K(6464K)->6259K(6464K)
[170.753s][info][gc             ] GC(422) Pause Young (Allocation Failure) 805M->538M(836M) 16.731ms
[170.753s][info][gc,cpu         ] GC(422) User=0.02s Sys=0.00s Real=0.02s
[171.255s][info][gc,start       ] GC(423) Pause Young (Allocation Failure)
[171.256s][info][gc,heap        ] GC(423) PSYoungGen: 290880K(310272K)->64K(285184K) Eden: 284672K(284672K)->0K(284672K) From: 6208K(25600K)->64K(512K)
[171.256s][info][gc,heap        ] GC(423) ParOldGen: 545418K(545792K)->545426K(545792K)
[171.256s][info][gc,metaspace   ] GC(423) Metaspace: 35051K(35712K)->35051K(35712K) NonClass: 28791K(29248K)->28791K(29248K) Class: 6259K(6464K)->6259K(6464K)
[171.256s][info][gc             ] GC(423) Pause Young (Allocation Failure) 816M->532M(811M) 1.733ms
[171.256s][info][gc,cpu         ] GC(423) User=0.01s Sys=0.00s Real=0.00s
[171.813s][info][gc,start       ] GC(424) Pause Young (Allocation Failure)
[171.815s][info][gc,heap        ] GC(424) PSYoungGen: 284736K(285184K)->64K(308736K) Eden: 284672K(284672K)->0K(285696K) From: 64K(512K)->64K(23040K)
[171.815s][info][gc,heap        ] GC(424) ParOldGen: 545426K(545792K)->545434K(545792K)
[171.815s][info][gc,metaspace   ] GC(424) Metaspace: 35051K(35712K)->35051K(35712K) NonClass: 28791K(29248K)->28791K(29248K) Class: 6259K(6464K)->6259K(6464K)
[171.815s][info][gc             ] GC(424) Pause Young (Allocation Failure) 810M->532M(834M) 2.122ms
[171.815s][info][gc,cpu         ] GC(424) User=0.00s Sys=0.00s Real=0.00s
[172.256s][info][gc,start       ] GC(425) Pause Young (Allocation Failure)
[172.258s][info][gc,heap        ] GC(425) PSYoungGen: 285760K(308736K)->64K(307712K) Eden: 285696K(285696K)->0K(285696K) From: 64K(23040K)->64K(22016K)
[172.258s][info][gc,heap        ] GC(425) ParOldGen: 545434K(545792K)->545450K(545792K)
[172.258s][info][gc,metaspace   ] GC(425) Metaspace: 35051K(35712K)->35051K(35712K) NonClass: 28791K(29248K)->28791K(29248K) Class: 6259K(6464K)->6259K(6464K)
[172.258s][info][gc             ] GC(425) Pause Young (Allocation Failure) 811M->532M(833M) 1.846ms
[172.258s][info][gc,cpu         ] GC(425) User=0.00s Sys=0.00s Real=0.00s
[172.466s][info][gc,start       ] GC(426) Pause Young (Allocation Failure)
[172.467s][info][gc,heap        ] GC(426) PSYoungGen: 285760K(307712K)->64K(310784K) Eden: 285696K(285696K)->0K(289792K) From: 64K(22016K)->64K(20992K)
[172.467s][info][gc,heap        ] GC(426) ParOldGen: 545450K(545792K)->545466K(545792K)
[172.467s][info][gc,metaspace   ] GC(426) Metaspace: 35051K(35712K)->35051K(35712K) NonClass: 28791K(29248K)->28791K(29248K) Class: 6259K(6464K)->6259K(6464K)
[172.468s][info][gc             ] GC(426) Pause Young (Allocation Failure) 811M->532M(836M) 1.776ms
[172.468s][info][gc,cpu         ] GC(426) User=0.00s Sys=0.00s Real=0.00s
[172.683s][info][gc,start       ] GC(427) Pause Young (Allocation Failure)
[172.684s][info][gc,heap        ] GC(427) PSYoungGen: 289856K(310784K)->64K(310272K) Eden: 289792K(289792K)->0K(289792K) From: 64K(20992K)->64K(20480K)
[172.684s][info][gc,heap        ] GC(427) ParOldGen: 545466K(545792K)->545466K(545792K)
[172.684s][info][gc,metaspace   ] GC(427) Metaspace: 35051K(35712K)->35051K(35712K) NonClass: 28791K(29248K)->28791K(29248K) Class: 6259K(6464K)->6259K(6464K)
[172.684s][info][gc             ] GC(427) Pause Young (Allocation Failure) 815M->532M(836M) 1.750ms
[172.684s][info][gc,cpu         ] GC(427) User=0.00s Sys=0.00s Real=0.00s
[173.060s][info][gc,start       ] GC(428) Pause Young (Allocation Failure)
[173.061s][info][gc,heap        ] GC(428) PSYoungGen: 289856K(310272K)->64K(312320K) Eden: 289792K(289792K)->0K(292864K) From: 64K(20480K)->64K(19456K)
[173.061s][info][gc,heap        ] GC(428) ParOldGen: 545466K(545792K)->545466K(545792K)
[173.061s][info][gc,metaspace   ] GC(428) Metaspace: 35051K(35712K)->35051K(35712K) NonClass: 28791K(29248K)->28791K(29248K) Class: 6259K(6464K)->6259K(6464K)
[173.061s][info][gc             ] GC(428) Pause Young (Allocation Failure) 815M->532M(838M) 1.766ms
[173.061s][info][gc,cpu         ] GC(428) User=0.01s Sys=0.00s Real=0.01s
[173.147s][info][gc,start       ] GC(429) Pause Young (Allocation Failure)
[173.149s][info][gc,heap        ] GC(429) PSYoungGen: 292928K(312320K)->64K(311808K) Eden: 292864K(292864K)->0K(292864K) From: 64K(19456K)->64K(18944K)
[173.149s][info][gc,heap        ] GC(429) ParOldGen: 545466K(545792K)->545474K(545792K)
[173.149s][info][gc,metaspace   ] GC(429) Metaspace: 35051K(35712K)->35051K(35712K) NonClass: 28791K(29248K)->28791K(29248K) Class: 6259K(6464K)->6259K(6464K)
[173.149s][info][gc             ] GC(429) Pause Young (Allocation Failure) 818M->532M(837M) 1.754ms
[173.149s][info][gc,cpu         ] GC(429) User=0.00s Sys=0.00s Real=0.00s
[173.203s][info][gc,start       ] GC(430) Pause Young (Allocation Failure)
[173.205s][info][gc,heap        ] GC(430) PSYoungGen: 292928K(311808K)->64K(313856K) Eden: 292864K(292864K)->0K(296448K) From: 64K(18944K)->64K(17408K)
[173.205s][info][gc,heap        ] GC(430) ParOldGen: 545474K(545792K)->545490K(545792K)
[173.205s][info][gc,metaspace   ] GC(430) Metaspace: 35051K(35712K)->35051K(35712K) NonClass: 28791K(29248K)->28791K(29248K) Class: 6259K(6464K)->6259K(6464K)
[173.205s][info][gc             ] GC(430) Pause Young (Allocation Failure) 818M->532M(839M) 1.742ms
[173.205s][info][gc,cpu         ] GC(430) User=0.00s Sys=0.00s Real=0.00s
[173.373s][info][gc,start       ] GC(431) Pause Young (Allocation Failure)
[173.375s][info][gc,heap        ] GC(431) PSYoungGen: 296512K(313856K)->64K(313344K) Eden: 296448K(296448K)->0K(296448K) From: 64K(17408K)->64K(16896K)
[173.375s][info][gc,heap        ] GC(431) ParOldGen: 545490K(545792K)->545490K(545792K)
[173.375s][info][gc,metaspace   ] GC(431) Metaspace: 35051K(35712K)->35051K(35712K) NonClass: 28791K(29248K)->28791K(29248K) Class: 6259K(6464K)->6259K(6464K)
[173.375s][info][gc             ] GC(431) Pause Young (Allocation Failure) 822M->532M(839M) 1.881ms
[173.375s][info][gc,cpu         ] GC(431) User=0.01s Sys=0.00s Real=0.00s
[173.601s][info][gc,start       ] GC(432) Pause Young (Allocation Failure)
[173.602s][info][gc,heap        ] GC(432) PSYoungGen: 296512K(313344K)->64K(315904K) Eden: 296448K(296448K)->0K(300544K) From: 64K(16896K)->64K(15360K)
[173.602s][info][gc,heap        ] GC(432) ParOldGen: 545490K(545792K)->545498K(545792K)
[173.602s][info][gc,metaspace   ] GC(432) Metaspace: 35051K(35712K)->35051K(35712K) NonClass: 28791K(29248K)->28791K(29248K) Class: 6259K(6464K)->6259K(6464K)
[173.602s][info][gc             ] GC(432) Pause Young (Allocation Failure) 822M->532M(841M) 1.780ms
[173.602s][info][gc,cpu         ] GC(432) User=0.00s Sys=0.00s Real=0.01s
[173.749s][info][gc,start       ] GC(433) Pause Young (Allocation Failure)
[173.751s][info][gc,heap        ] GC(433) PSYoungGen: 300608K(315904K)->64K(315392K) Eden: 300544K(300544K)->0K(300544K) From: 64K(15360K)->64K(14848K)
[173.751s][info][gc,heap        ] GC(433) ParOldGen: 545498K(545792K)->545506K(545792K)
[173.751s][info][gc,metaspace   ] GC(433) Metaspace: 35051K(35712K)->35051K(35712K) NonClass: 28791K(29248K)->28791K(29248K) Class: 6259K(6464K)->6259K(6464K)
[173.751s][info][gc             ] GC(433) Pause Young (Allocation Failure) 826M->532M(841M) 1.799ms
[173.751s][info][gc,cpu         ] GC(433) User=0.00s Sys=0.00s Real=0.01s
[173.835s][info][gc,start       ] GC(434) Pause Young (Allocation Failure)
[173.837s][info][gc,heap        ] GC(434) PSYoungGen: 300608K(315392K)->64K(317952K) Eden: 300544K(300544K)->0K(304640K) From: 64K(14848K)->64K(13312K)
[173.837s][info][gc,heap        ] GC(434) ParOldGen: 545506K(545792K)->545514K(545792K)
[173.837s][info][gc,metaspace   ] GC(434) Metaspace: 35051K(35712K)->35051K(35712K) NonClass: 28791K(29248K)->28791K(29248K) Class: 6259K(6464K)->6259K(6464K)
[173.837s][info][gc             ] GC(434) Pause Young (Allocation Failure) 826M->532M(843M) 1.762ms
[173.837s][info][gc,cpu         ] GC(434) User=0.00s Sys=0.01s Real=0.00s
[174.026s][info][gc,start       ] GC(435) Pause Young (Allocation Failure)
[174.028s][info][gc,heap        ] GC(435) PSYoungGen: 304704K(317952K)->64K(317952K) Eden: 304640K(304640K)->0K(304640K) From: 64K(13312K)->64K(13312K)
[174.028s][info][gc,heap        ] GC(435) ParOldGen: 545514K(545792K)->545522K(545792K)
[174.028s][info][gc,metaspace   ] GC(435) Metaspace: 35051K(35712K)->35051K(35712K) NonClass: 28791K(29248K)->28791K(29248K) Class: 6259K(6464K)->6259K(6464K)
[174.028s][info][gc             ] GC(435) Pause Young (Allocation Failure) 830M->532M(843M) 1.733ms
[174.028s][info][gc,cpu         ] GC(435) User=0.01s Sys=0.00s Real=0.00s
[175.024s][info][gc,start       ] GC(436) Pause Young (Allocation Failure)
[175.026s][info][gc,heap        ] GC(436) PSYoungGen: 304704K(317952K)->83K(320000K) Eden: 304640K(304640K)->0K(307712K) From: 64K(13312K)->83K(12288K)
[175.026s][info][gc,heap        ] GC(436) ParOldGen: 545522K(545792K)->545530K(545792K)
[175.026s][info][gc,metaspace   ] GC(436) Metaspace: 35051K(35712K)->35051K(35712K) NonClass: 28791K(29248K)->28791K(29248K) Class: 6259K(6464K)->6259K(6464K)
[175.026s][info][gc             ] GC(436) Pause Young (Allocation Failure) 830M->532M(845M) 1.744ms
[175.026s][info][gc,cpu         ] GC(436) User=0.00s Sys=0.00s Real=0.00s
[175.935s][info][gc,start       ] GC(437) Pause Young (Allocation Failure)
[175.937s][info][gc,heap        ] GC(437) PSYoungGen: 307795K(320000K)->64K(295936K) Eden: 307712K(307712K)->0K(295424K) From: 83K(12288K)->64K(512K)
[175.937s][info][gc,heap        ] GC(437) ParOldGen: 545530K(545792K)->545538K(545792K)
[175.937s][info][gc,metaspace   ] GC(437) Metaspace: 35051K(35712K)->35051K(35712K) NonClass: 28791K(29248K)->28791K(29248K) Class: 6259K(6464K)->6259K(6464K)
[175.937s][info][gc             ] GC(437) Pause Young (Allocation Failure) 833M->532M(822M) 1.775ms
[175.937s][info][gc,cpu         ] GC(437) User=0.01s Sys=0.00s Real=0.00s
[176.268s][info][gc,start       ] GC(438) Pause Young (Allocation Failure)
[176.270s][info][gc,heap        ] GC(438) PSYoungGen: 295488K(295936K)->64K(284160K) Eden: 295424K(295424K)->0K(283648K) From: 64K(512K)->64K(512K)
[176.270s][info][gc,heap        ] GC(438) ParOldGen: 545538K(545792K)->545546K(545792K)
[176.270s][info][gc,metaspace   ] GC(438) Metaspace: 35051K(35712K)->35051K(35712K) NonClass: 28791K(29248K)->28791K(29248K) Class: 6259K(6464K)->6259K(6464K)
[176.270s][info][gc             ] GC(438) Pause Young (Allocation Failure) 821M->532M(810M) 2.150ms
[176.270s][info][gc,cpu         ] GC(438) User=0.00s Sys=0.00s Real=0.00s
[176.682s][info][gc,start       ] GC(439) Pause Young (Allocation Failure)
[176.684s][info][gc,heap        ] GC(439) PSYoungGen: 283712K(284160K)->64K(282624K) Eden: 283648K(283648K)->0K(272384K) From: 64K(512K)->64K(10240K)
[176.684s][info][gc,heap        ] GC(439) ParOldGen: 545546K(545792K)->545554K(545792K)
[176.684s][info][gc,metaspace   ] GC(439) Metaspace: 35051K(35712K)->35051K(35712K) NonClass: 28791K(29248K)->28791K(29248K) Class: 6259K(6464K)->6259K(6464K)
[176.684s][info][gc             ] GC(439) Pause Young (Allocation Failure) 809M->532M(809M) 1.744ms
[176.684s][info][gc,cpu         ] GC(439) User=0.00s Sys=0.00s Real=0.00s
[177.656s][info][gc,start       ] GC(440) Pause Young (Allocation Failure)
[177.659s][info][gc,heap        ] GC(440) PSYoungGen: 272448K(282624K)->64K(262144K) Eden: 272384K(272384K)->0K(261632K) From: 64K(10240K)->64K(512K)
[177.659s][info][gc,heap        ] GC(440) ParOldGen: 545554K(545792K)->545562K(545792K)
[177.659s][info][gc,metaspace   ] GC(440) Metaspace: 35051K(35712K)->35051K(35712K) NonClass: 28791K(29248K)->28791K(29248K) Class: 6259K(6464K)->6259K(6464K)
[177.659s][info][gc             ] GC(440) Pause Young (Allocation Failure) 798M->532M(789M) 2.425ms
[177.659s][info][gc,cpu         ] GC(440) User=0.00s Sys=0.00s Real=0.00s
[178.033s][info][gc,start       ] GC(441) Pause Young (Allocation Failure)
[178.034s][info][gc,heap        ] GC(441) PSYoungGen: 261696K(262144K)->64K(260096K) Eden: 261632K(261632K)->0K(251392K) From: 64K(512K)->64K(8704K)
[178.034s][info][gc,heap        ] GC(441) ParOldGen: 545562K(545792K)->545570K(545792K)
[178.034s][info][gc,metaspace   ] GC(441) Metaspace: 35051K(35712K)->35051K(35712K) NonClass: 28791K(29248K)->28791K(29248K) Class: 6259K(6464K)->6259K(6464K)
[178.034s][info][gc             ] GC(441) Pause Young (Allocation Failure) 788M->532M(787M) 1.729ms
[178.034s][info][gc,cpu         ] GC(441) User=0.00s Sys=0.00s Real=0.00s
[178.145s][info][gc,start       ] GC(442) Pause Young (Allocation Failure)
[178.147s][info][gc,heap        ] GC(442) PSYoungGen: 251456K(260096K)->64K(242176K) Eden: 251392K(251392K)->0K(241664K) From: 64K(8704K)->64K(512K)
[178.147s][info][gc,heap        ] GC(442) ParOldGen: 545570K(545792K)->545578K(545792K)
[178.147s][info][gc,metaspace   ] GC(442) Metaspace: 35051K(35712K)->35051K(35712K) NonClass: 28791K(29248K)->28791K(29248K) Class: 6259K(6464K)->6259K(6464K)
[178.147s][info][gc             ] GC(442) Pause Young (Allocation Failure) 778M->532M(769M) 2.200ms
[178.147s][info][gc,cpu         ] GC(442) User=0.00s Sys=0.00s Real=0.00s
[178.578s][info][gc,start       ] GC(443) Pause Young (Allocation Failure)
[178.580s][info][gc,heap        ] GC(443) PSYoungGen: 241728K(242176K)->64K(240128K) Eden: 241664K(241664K)->0K(232448K) From: 64K(512K)->64K(7680K)
[178.580s][info][gc,heap        ] GC(443) ParOldGen: 545578K(545792K)->545586K(545792K)
[178.580s][info][gc,metaspace   ] GC(443) Metaspace: 35051K(35712K)->35051K(35712K) NonClass: 28791K(29248K)->28791K(29248K) Class: 6259K(6464K)->6259K(6464K)
[178.580s][info][gc             ] GC(443) Pause Young (Allocation Failure) 768M->532M(767M) 2.196ms
[178.580s][info][gc,cpu         ] GC(443) User=0.00s Sys=0.00s Real=0.00s
[178.966s][info][gc,start       ] GC(444) Pause Young (Allocation Failure)
[178.970s][info][gc,heap        ] GC(444) PSYoungGen: 232512K(240128K)->64K(224256K) Eden: 232448K(232448K)->0K(223744K) From: 64K(7680K)->64K(512K)
[178.970s][info][gc,heap        ] GC(444) ParOldGen: 545586K(545792K)->545594K(545792K)
[178.970s][info][gc,metaspace   ] GC(444) Metaspace: 35051K(35712K)->35051K(35712K) NonClass: 28791K(29248K)->28791K(29248K) Class: 6259K(6464K)->6259K(6464K)
[178.970s][info][gc             ] GC(444) Pause Young (Allocation Failure) 759M->532M(752M) 3.853ms
[178.970s][info][gc,cpu         ] GC(444) User=0.00s Sys=0.00s Real=0.00s
[179.356s][info][gc,start       ] GC(445) Pause Young (Allocation Failure)
[179.368s][info][gc,heap        ] GC(445) PSYoungGen: 223808K(224256K)->5920K(274944K) Eden: 223744K(223744K)->0K(268800K) From: 64K(512K)->5920K(6144K)
[179.368s][info][gc,heap        ] GC(445) ParOldGen: 545594K(545792K)->545602K(545792K)
[179.368s][info][gc,metaspace   ] GC(445) Metaspace: 35051K(35712K)->35051K(35712K) NonClass: 28791K(29248K)->28791K(29248K) Class: 6259K(6464K)->6259K(6464K)
[179.368s][info][gc             ] GC(445) Pause Young (Allocation Failure) 751M->538M(801M) 11.502ms
[179.368s][info][gc,cpu         ] GC(445) User=0.02s Sys=0.00s Real=0.01s
[179.677s][info][gc,start       ] GC(446) Pause Young (Allocation Failure)
[179.733s][info][gc,heap        ] GC(446) PSYoungGen: 274720K(274944K)->7168K(268800K) Eden: 268800K(268800K)->0K(261632K) From: 5920K(6144K)->7168K(7168K)
[179.733s][info][gc,heap        ] GC(446) ParOldGen: 545602K(545792K)->566970K(567296K)
[179.733s][info][gc,metaspace   ] GC(446) Metaspace: 35051K(35712K)->35051K(35712K) NonClass: 28791K(29248K)->28791K(29248K) Class: 6259K(6464K)->6259K(6464K)
[179.733s][info][gc             ] GC(446) Pause Young (Allocation Failure) 801M->560M(816M) 55.738ms
[179.733s][info][gc,cpu         ] GC(446) User=0.09s Sys=0.01s Real=0.06s
[180.034s][info][gc,start       ] GC(447) Pause Young (Allocation Failure)
[180.088s][info][gc,heap        ] GC(447) PSYoungGen: 268800K(268800K)->17408K(279040K) Eden: 261632K(261632K)->0K(261632K) From: 7168K(7168K)->17408K(17408K)
[180.088s][info][gc,heap        ] GC(447) ParOldGen: 566970K(567296K)->578106K(578560K)
[180.088s][info][gc,metaspace   ] GC(447) Metaspace: 35051K(35712K)->35051K(35712K) NonClass: 28791K(29248K)->28791K(29248K) Class: 6259K(6464K)->6259K(6464K)
[180.088s][info][gc             ] GC(447) Pause Young (Allocation Failure) 816M->581M(837M) 53.374ms
[180.088s][info][gc,cpu         ] GC(447) User=0.10s Sys=0.00s Real=0.05s
[180.211s][info][gc,start       ] GC(448) Pause Young (Allocation Failure)
[180.229s][info][gc,heap        ] GC(448) PSYoungGen: 279040K(279040K)->6784K(310272K) Eden: 261632K(261632K)->0K(285184K) From: 17408K(17408K)->6784K(25088K)
[180.229s][info][gc,heap        ] GC(448) ParOldGen: 578106K(578560K)->578506K(578560K)
[180.229s][info][gc,metaspace   ] GC(448) Metaspace: 35051K(35712K)->35051K(35712K) NonClass: 28791K(29248K)->28791K(29248K) Class: 6259K(6464K)->6259K(6464K)
[180.229s][info][gc             ] GC(448) Pause Young (Allocation Failure) 837M->571M(868M) 17.771ms
[180.229s][info][gc,cpu         ] GC(448) User=0.03s Sys=0.01s Real=0.01s
[180.720s][info][gc,start       ] GC(449) Pause Young (Allocation Failure)
[180.722s][info][gc,heap        ] GC(449) PSYoungGen: 291968K(310272K)->64K(285696K) Eden: 285184K(285184K)->0K(285184K) From: 6784K(25088K)->64K(512K)
[180.722s][info][gc,heap        ] GC(449) ParOldGen: 578506K(578560K)->578514K(578560K)
[180.722s][info][gc,metaspace   ] GC(449) Metaspace: 35051K(35712K)->35051K(35712K) NonClass: 28791K(29248K)->28791K(29248K) Class: 6259K(6464K)->6259K(6464K)
[180.722s][info][gc             ] GC(449) Pause Young (Allocation Failure) 850M->565M(844M) 1.856ms
[180.722s][info][gc,cpu         ] GC(449) User=0.00s Sys=0.00s Real=0.01s
[181.371s][info][gc,start       ] GC(450) Pause Young (Allocation Failure)
[181.376s][info][gc,heap        ] GC(450) PSYoungGen: 285248K(285696K)->160K(309248K) Eden: 285184K(285184K)->0K(286208K) From: 64K(512K)->160K(23040K)
[181.376s][info][gc,heap        ] GC(450) ParOldGen: 578514K(578560K)->578530K(578560K)
[181.376s][info][gc,metaspace   ] GC(450) Metaspace: 35186K(35840K)->35186K(35840K) NonClass: 28922K(29376K)->28922K(29376K) Class: 6263K(6464K)->6263K(6464K)
[181.376s][info][gc             ] GC(450) Pause Young (Allocation Failure) 843M->565M(867M) 5.619ms
[181.376s][info][gc,cpu         ] GC(450) User=0.01s Sys=0.00s Real=0.01s
[181.862s][info][gc,start       ] GC(451) Pause Young (Allocation Failure)
[181.866s][info][gc,heap        ] GC(451) PSYoungGen: 286368K(309248K)->32K(308224K) Eden: 286208K(286208K)->0K(286208K) From: 160K(23040K)->32K(22016K)
[181.866s][info][gc,heap        ] GC(451) ParOldGen: 578530K(578560K)->578635K(579072K)
[181.866s][info][gc,metaspace   ] GC(451) Metaspace: 35186K(35840K)->35186K(35840K) NonClass: 28922K(29376K)->28922K(29376K) Class: 6263K(6464K)->6263K(6464K)
[181.866s][info][gc             ] GC(451) Pause Young (Allocation Failure) 844M->565M(866M) 4.000ms
[181.866s][info][gc,cpu         ] GC(451) User=0.01s Sys=0.00s Real=0.00s
[182.089s][info][gc,start       ] GC(452) Pause Young (Allocation Failure)
[182.091s][info][gc,heap        ] GC(452) PSYoungGen: 286240K(308224K)->64K(310784K) Eden: 286208K(286208K)->0K(289792K) From: 32K(22016K)->64K(20992K)
[182.091s][info][gc,heap        ] GC(452) ParOldGen: 578635K(579072K)->578651K(579072K)
[182.091s][info][gc,metaspace   ] GC(452) Metaspace: 35186K(35840K)->35186K(35840K) NonClass: 28922K(29376K)->28922K(29376K) Class: 6263K(6464K)->6263K(6464K)
[182.091s][info][gc             ] GC(452) Pause Young (Allocation Failure) 844M->565M(869M) 2.197ms
[182.091s][info][gc,cpu         ] GC(452) User=0.00s Sys=0.00s Real=0.01s
[182.316s][info][gc,start       ] GC(453) Pause Young (Allocation Failure)
[182.318s][info][gc,heap        ] GC(453) PSYoungGen: 289856K(310784K)->32K(310272K) Eden: 289792K(289792K)->0K(289792K) From: 64K(20992K)->32K(20480K)
[182.318s][info][gc,heap        ] GC(453) ParOldGen: 578651K(579072K)->578651K(579072K)
[182.318s][info][gc,metaspace   ] GC(453) Metaspace: 35186K(35840K)->35186K(35840K) NonClass: 28922K(29376K)->28922K(29376K) Class: 6263K(6464K)->6263K(6464K)
[182.318s][info][gc             ] GC(453) Pause Young (Allocation Failure) 848M->565M(868M) 1.802ms
[182.318s][info][gc,cpu         ] GC(453) User=0.00s Sys=0.00s Real=0.00s
[182.686s][info][gc,start       ] GC(454) Pause Young (Allocation Failure)
[182.688s][info][gc,heap        ] GC(454) PSYoungGen: 289824K(310272K)->64K(312320K) Eden: 289792K(289792K)->0K(292864K) From: 32K(20480K)->64K(19456K)
[182.688s][info][gc,heap        ] GC(454) ParOldGen: 578651K(579072K)->578651K(579072K)
[182.688s][info][gc,metaspace   ] GC(454) Metaspace: 35186K(35840K)->35186K(35840K) NonClass: 28922K(29376K)->28922K(29376K) Class: 6263K(6464K)->6263K(6464K)
[182.688s][info][gc             ] GC(454) Pause Young (Allocation Failure) 848M->565M(870M) 1.854ms
[182.688s][info][gc,cpu         ] GC(454) User=0.00s Sys=0.00s Real=0.00s
[182.792s][info][gc,start       ] GC(455) Pause Young (Allocation Failure)
[182.793s][info][gc,heap        ] GC(455) PSYoungGen: 292928K(312320K)->64K(311808K) Eden: 292864K(292864K)->0K(292864K) From: 64K(19456K)->64K(18944K)
[182.794s][info][gc,heap        ] GC(455) ParOldGen: 578651K(579072K)->578659K(579072K)
[182.794s][info][gc,metaspace   ] GC(455) Metaspace: 35186K(35840K)->35186K(35840K) NonClass: 28922K(29376K)->28922K(29376K) Class: 6263K(6464K)->6263K(6464K)
[182.794s][info][gc             ] GC(455) Pause Young (Allocation Failure) 851M->565M(870M) 1.828ms
[182.794s][info][gc,cpu         ] GC(455) User=0.00s Sys=0.00s Real=0.00s
[182.846s][info][gc,start       ] GC(456) Pause Young (Allocation Failure)
[182.848s][info][gc,heap        ] GC(456) PSYoungGen: 292928K(311808K)->64K(313856K) Eden: 292864K(292864K)->0K(296448K) From: 64K(18944K)->64K(17408K)
[182.848s][info][gc,heap        ] GC(456) ParOldGen: 578659K(579072K)->578675K(579072K)
[182.848s][info][gc,metaspace   ] GC(456) Metaspace: 35186K(35840K)->35186K(35840K) NonClass: 28922K(29376K)->28922K(29376K) Class: 6263K(6464K)->6263K(6464K)
[182.848s][info][gc             ] GC(456) Pause Young (Allocation Failure) 851M->565M(872M) 1.725ms
[182.848s][info][gc,cpu         ] GC(456) User=0.00s Sys=0.00s Real=0.00s
[182.997s][info][gc,start       ] GC(457) Pause Young (Allocation Failure)
[182.998s][info][gc,heap        ] GC(457) PSYoungGen: 296512K(313856K)->64K(313344K) Eden: 296448K(296448K)->0K(296448K) From: 64K(17408K)->64K(16896K)
[182.998s][info][gc,heap        ] GC(457) ParOldGen: 578675K(579072K)->578675K(579072K)
[182.998s][info][gc,metaspace   ] GC(457) Metaspace: 35186K(35840K)->35186K(35840K) NonClass: 28922K(29376K)->28922K(29376K) Class: 6263K(6464K)->6263K(6464K)
[182.998s][info][gc             ] GC(457) Pause Young (Allocation Failure) 854M->565M(871M) 1.837ms
[182.998s][info][gc,cpu         ] GC(457) User=0.00s Sys=0.00s Real=0.00s
[183.222s][info][gc,start       ] GC(458) Pause Young (Allocation Failure)
[183.223s][info][gc,heap        ] GC(458) PSYoungGen: 296512K(313344K)->64K(315904K) Eden: 296448K(296448K)->0K(300032K) From: 64K(16896K)->64K(15872K)
[183.223s][info][gc,heap        ] GC(458) ParOldGen: 578675K(579072K)->578683K(579072K)
[183.223s][info][gc,metaspace   ] GC(458) Metaspace: 35186K(35840K)->35186K(35840K) NonClass: 28922K(29376K)->28922K(29376K) Class: 6263K(6464K)->6263K(6464K)
[183.223s][info][gc             ] GC(458) Pause Young (Allocation Failure) 854M->565M(874M) 1.769ms
[183.223s][info][gc,cpu         ] GC(458) User=0.00s Sys=0.00s Real=0.00s
[183.387s][info][gc,start       ] GC(459) Pause Young (Allocation Failure)
[183.388s][info][gc,heap        ] GC(459) PSYoungGen: 300096K(315904K)->64K(315392K) Eden: 300032K(300032K)->0K(300032K) From: 64K(15872K)->64K(15360K)
[183.389s][info][gc,heap        ] GC(459) ParOldGen: 578683K(579072K)->578691K(579072K)
[183.389s][info][gc,metaspace   ] GC(459) Metaspace: 35186K(35840K)->35186K(35840K) NonClass: 28922K(29376K)->28922K(29376K) Class: 6263K(6464K)->6263K(6464K)
[183.389s][info][gc             ] GC(459) Pause Young (Allocation Failure) 858M->565M(873M) 1.862ms
[183.389s][info][gc,cpu         ] GC(459) User=0.00s Sys=0.00s Real=0.00s
[183.470s][info][gc,start       ] GC(460) Pause Young (Allocation Failure)
[183.471s][info][gc,heap        ] GC(460) PSYoungGen: 300096K(315392K)->64K(317440K) Eden: 300032K(300032K)->0K(303616K) From: 64K(15360K)->64K(13824K)
[183.471s][info][gc,heap        ] GC(460) ParOldGen: 578691K(579072K)->578707K(579072K)
[183.471s][info][gc,metaspace   ] GC(460) Metaspace: 35186K(35840K)->35186K(35840K) NonClass: 28922K(29376K)->28922K(29376K) Class: 6263K(6464K)->6263K(6464K)
[183.472s][info][gc             ] GC(460) Pause Young (Allocation Failure) 858M->565M(875M) 1.780ms
[183.472s][info][gc,cpu         ] GC(460) User=0.00s Sys=0.00s Real=0.01s
[183.644s][info][gc,start       ] GC(461) Pause Young (Allocation Failure)
[183.645s][info][gc,heap        ] GC(461) PSYoungGen: 303680K(317440K)->64K(316928K) Eden: 303616K(303616K)->0K(303616K) From: 64K(13824K)->64K(13312K)
[183.645s][info][gc,heap        ] GC(461) ParOldGen: 578707K(579072K)->578707K(579072K)
[183.645s][info][gc,metaspace   ] GC(461) Metaspace: 35186K(35840K)->35186K(35840K) NonClass: 28922K(29376K)->28922K(29376K) Class: 6263K(6464K)->6263K(6464K)
[183.646s][info][gc             ] GC(461) Pause Young (Allocation Failure) 861M->565M(875M) 1.848ms
[183.646s][info][gc,cpu         ] GC(461) User=0.00s Sys=0.00s Real=0.00s
[184.651s][info][gc,start       ] GC(462) Pause Young (Allocation Failure)
[184.653s][info][gc,heap        ] GC(462) PSYoungGen: 303680K(316928K)->83K(319488K) Eden: 303616K(303616K)->0K(307712K) From: 64K(13312K)->83K(11776K)
[184.653s][info][gc,heap        ] GC(462) ParOldGen: 578707K(579072K)->578715K(579072K)
[184.653s][info][gc,metaspace   ] GC(462) Metaspace: 35186K(35840K)->35186K(35840K) NonClass: 28922K(29376K)->28922K(29376K) Class: 6263K(6464K)->6263K(6464K)
[184.653s][info][gc             ] GC(462) Pause Young (Allocation Failure) 861M->565M(877M) 1.915ms
[184.653s][info][gc,cpu         ] GC(462) User=0.01s Sys=0.00s Real=0.00s
[185.546s][info][gc,start       ] GC(463) Pause Young (Allocation Failure)
[185.548s][info][gc,heap        ] GC(463) PSYoungGen: 307795K(319488K)->64K(295936K) Eden: 307712K(307712K)->0K(295424K) From: 83K(11776K)->64K(512K)
[185.548s][info][gc,heap        ] GC(463) ParOldGen: 578715K(579072K)->578723K(579072K)
[185.548s][info][gc,metaspace   ] GC(463) Metaspace: 35186K(35840K)->35186K(35840K) NonClass: 28922K(29376K)->28922K(29376K) Class: 6263K(6464K)->6263K(6464K)
[185.548s][info][gc             ] GC(463) Pause Young (Allocation Failure) 865M->565M(854M) 1.851ms
[185.548s][info][gc,cpu         ] GC(463) User=0.00s Sys=0.00s Real=0.00s
[185.848s][info][gc,start       ] GC(464) Pause Young (Allocation Failure)
[185.851s][info][gc,heap        ] GC(464) PSYoungGen: 295488K(295936K)->64K(284160K) Eden: 295424K(295424K)->0K(283648K) From: 64K(512K)->64K(512K)
[185.851s][info][gc,heap        ] GC(464) ParOldGen: 578723K(579072K)->578731K(579072K)
[185.851s][info][gc,metaspace   ] GC(464) Metaspace: 35186K(35840K)->35186K(35840K) NonClass: 28922K(29376K)->28922K(29376K) Class: 6263K(6464K)->6263K(6464K)
[185.851s][info][gc             ] GC(464) Pause Young (Allocation Failure) 853M->565M(843M) 2.476ms
[185.851s][info][gc,cpu         ] GC(464) User=0.00s Sys=0.00s Real=0.01s
[186.309s][info][gc,start       ] GC(465) Pause Young (Allocation Failure)
[186.311s][info][gc,heap        ] GC(465) PSYoungGen: 283712K(284160K)->64K(282624K) Eden: 283648K(283648K)->0K(272384K) From: 64K(512K)->64K(10240K)
[186.311s][info][gc,heap        ] GC(465) ParOldGen: 578731K(579072K)->578739K(579072K)
[186.311s][info][gc,metaspace   ] GC(465) Metaspace: 35186K(35840K)->35186K(35840K) NonClass: 28922K(29376K)->28922K(29376K) Class: 6263K(6464K)->6263K(6464K)
[186.311s][info][gc             ] GC(465) Pause Young (Allocation Failure) 842M->565M(841M) 2.090ms
[186.311s][info][gc,cpu         ] GC(465) User=0.00s Sys=0.00s Real=0.01s
[187.271s][info][gc,start       ] GC(466) Pause Young (Allocation Failure)
[187.273s][info][gc,heap        ] GC(466) PSYoungGen: 272448K(282624K)->64K(262144K) Eden: 272384K(272384K)->0K(261632K) From: 64K(10240K)->64K(512K)
[187.273s][info][gc,heap        ] GC(466) ParOldGen: 578739K(579072K)->578747K(579072K)
[187.273s][info][gc,metaspace   ] GC(466) Metaspace: 35186K(35840K)->35186K(35840K) NonClass: 28922K(29376K)->28922K(29376K) Class: 6263K(6464K)->6263K(6464K)
[187.274s][info][gc             ] GC(466) Pause Young (Allocation Failure) 831M->565M(821M) 2.397ms
[187.274s][info][gc,cpu         ] GC(466) User=0.00s Sys=0.00s Real=0.00s
[187.642s][info][gc,start       ] GC(467) Pause Young (Allocation Failure)
[187.644s][info][gc,heap        ] GC(467) PSYoungGen: 261696K(262144K)->64K(260608K) Eden: 261632K(261632K)->0K(251392K) From: 64K(512K)->64K(9216K)
[187.644s][info][gc,heap        ] GC(467) ParOldGen: 578747K(579072K)->578755K(579072K)
[187.644s][info][gc,metaspace   ] GC(467) Metaspace: 35186K(35840K)->35186K(35840K) NonClass: 28922K(29376K)->28922K(29376K) Class: 6263K(6464K)->6263K(6464K)
[187.644s][info][gc             ] GC(467) Pause Young (Allocation Failure) 820M->565M(820M) 1.838ms
[187.644s][info][gc,cpu         ] GC(467) User=0.00s Sys=0.00s Real=0.00s
[187.785s][info][gc,start       ] GC(468) Pause Young (Allocation Failure)
[187.787s][info][gc,heap        ] GC(468) PSYoungGen: 251456K(260608K)->64K(242176K) Eden: 251392K(251392K)->0K(241664K) From: 64K(9216K)->64K(512K)
[187.787s][info][gc,heap        ] GC(468) ParOldGen: 578755K(579072K)->578763K(579072K)
[187.787s][info][gc,metaspace   ] GC(468) Metaspace: 35186K(35840K)->35186K(35840K) NonClass: 28922K(29376K)->28922K(29376K) Class: 6263K(6464K)->6263K(6464K)
[187.787s][info][gc             ] GC(468) Pause Young (Allocation Failure) 810M->565M(802M) 2.393ms
[187.787s][info][gc,cpu         ] GC(468) User=0.01s Sys=0.00s Real=0.00s
[188.141s][info][gc,start       ] GC(469) Pause Young (Allocation Failure)
[188.143s][info][gc,heap        ] GC(469) PSYoungGen: 241728K(242176K)->64K(240128K) Eden: 241664K(241664K)->0K(232448K) From: 64K(512K)->64K(7680K)
[188.143s][info][gc,heap        ] GC(469) ParOldGen: 578763K(579072K)->578771K(579072K)
[188.143s][info][gc,metaspace   ] GC(469) Metaspace: 35186K(35840K)->35186K(35840K) NonClass: 28922K(29376K)->28922K(29376K) Class: 6263K(6464K)->6263K(6464K)
[188.143s][info][gc             ] GC(469) Pause Young (Allocation Failure) 801M->565M(800M) 1.805ms
[188.143s][info][gc,cpu         ] GC(469) User=0.00s Sys=0.00s Real=0.00s
[188.576s][info][gc,start       ] GC(470) Pause Young (Allocation Failure)
[188.578s][info][gc,heap        ] GC(470) PSYoungGen: 232512K(240128K)->64K(224256K) Eden: 232448K(232448K)->0K(223744K) From: 64K(7680K)->64K(512K)
[188.579s][info][gc,heap        ] GC(470) ParOldGen: 578771K(579072K)->578779K(579072K)
[188.579s][info][gc,metaspace   ] GC(470) Metaspace: 35186K(35840K)->35186K(35840K) NonClass: 28922K(29376K)->28922K(29376K) Class: 6263K(6464K)->6263K(6464K)
[188.579s][info][gc             ] GC(470) Pause Young (Allocation Failure) 792M->565M(784M) 2.839ms
[188.579s][info][gc,cpu         ] GC(470) User=0.01s Sys=0.00s Real=0.00s
[189.010s][info][gc,start       ] GC(471) Pause Young (Allocation Failure)
[189.016s][info][gc,heap        ] GC(471) PSYoungGen: 223808K(224256K)->2816K(218624K) Eden: 223744K(223744K)->0K(215552K) From: 64K(512K)->2816K(3072K)
[189.016s][info][gc,heap        ] GC(471) ParOldGen: 578779K(579072K)->578787K(579072K)
[189.016s][info][gc,metaspace   ] GC(471) Metaspace: 35186K(35840K)->35186K(35840K) NonClass: 28922K(29376K)->28922K(29376K) Class: 6263K(6464K)->6263K(6464K)
[189.016s][info][gc             ] GC(471) Pause Young (Allocation Failure) 783M->567M(779M) 5.819ms
[189.016s][info][gc,cpu         ] GC(471) User=0.01s Sys=0.00s Real=0.01s
[189.268s][info][gc,start       ] GC(472) Pause Young (Allocation Failure)
[189.318s][info][gc,heap        ] GC(472) PSYoungGen: 218368K(218624K)->7168K(266240K) Eden: 215552K(215552K)->0K(259072K) From: 2816K(3072K)->7168K(7168K)
[189.318s][info][gc,heap        ] GC(472) ParOldGen: 578787K(579072K)->594499K(594944K)
[189.318s][info][gc,metaspace   ] GC(472) Metaspace: 35186K(35840K)->35186K(35840K) NonClass: 28922K(29376K)->28922K(29376K) Class: 6263K(6464K)->6263K(6464K)
[189.318s][info][gc             ] GC(472) Pause Young (Allocation Failure) 778M->587M(841M) 50.246ms
[189.318s][info][gc,cpu         ] GC(472) User=0.07s Sys=0.01s Real=0.05s
[189.617s][info][gc,start       ] GC(473) Pause Young (Allocation Failure)
[189.671s][info][gc,heap        ] GC(473) PSYoungGen: 266240K(266240K)->14336K(273408K) Eden: 259072K(259072K)->0K(259072K) From: 7168K(7168K)->14336K(14336K)
[189.671s][info][gc,heap        ] GC(473) ParOldGen: 594499K(594944K)->608235K(608256K)
[189.671s][info][gc,metaspace   ] GC(473) Metaspace: 35186K(35840K)->35186K(35840K) NonClass: 28922K(29376K)->28922K(29376K) Class: 6263K(6464K)->6263K(6464K)
[189.671s][info][gc             ] GC(473) Pause Young (Allocation Failure) 840M->607M(861M) 53.694ms
[189.671s][info][gc,cpu         ] GC(473) User=0.10s Sys=0.01s Real=0.06s
[189.871s][info][gc,start       ] GC(474) Pause Young (Allocation Failure)
[189.907s][info][gc,heap        ] GC(474) PSYoungGen: 273408K(273408K)->15808K(307200K) Eden: 259072K(259072K)->0K(284672K) From: 14336K(14336K)->15808K(22528K)
[189.907s][info][gc,heap        ] GC(474) ParOldGen: 608235K(608256K)->608731K(608768K)
[189.907s][info][gc,metaspace   ] GC(474) Metaspace: 35186K(35840K)->35186K(35840K) NonClass: 28922K(29376K)->28922K(29376K) Class: 6263K(6464K)->6263K(6464K)
[189.907s][info][gc             ] GC(474) Pause Young (Allocation Failure) 860M->609M(894M) 36.337ms
[189.907s][info][gc,cpu         ] GC(474) User=0.06s Sys=0.01s Real=0.03s
[190.198s][info][gc,start       ] GC(475) Pause Young (Allocation Failure)
[190.200s][info][gc,heap        ] GC(475) PSYoungGen: 300480K(307200K)->64K(309248K) Eden: 284672K(284672K)->0K(284672K) From: 15808K(22528K)->64K(24576K)
[190.200s][info][gc,heap        ] GC(475) ParOldGen: 608731K(608768K)->608739K(608768K)
[190.200s][info][gc,metaspace   ] GC(475) Metaspace: 35186K(35840K)->35186K(35840K) NonClass: 28922K(29376K)->28922K(29376K) Class: 6263K(6464K)->6263K(6464K)
[190.200s][info][gc             ] GC(475) Pause Young (Allocation Failure) 887M->594M(896M) 1.873ms
[190.200s][info][gc,cpu         ] GC(475) User=0.00s Sys=0.00s Real=0.00s
[190.896s][info][gc,start       ] GC(476) Pause Young (Allocation Failure)
[190.898s][info][gc,heap        ] GC(476) PSYoungGen: 284736K(309248K)->64K(306688K) Eden: 284672K(284672K)->0K(285184K) From: 64K(24576K)->64K(21504K)
[190.898s][info][gc,heap        ] GC(476) ParOldGen: 608739K(608768K)->608747K(608768K)
[190.898s][info][gc,metaspace   ] GC(476) Metaspace: 35186K(35840K)->35186K(35840K) NonClass: 28922K(29376K)->28922K(29376K) Class: 6263K(6464K)->6263K(6464K)
[190.898s][info][gc             ] GC(476) Pause Young (Allocation Failure) 872M->594M(894M) 2.006ms
[190.898s][info][gc,cpu         ] GC(476) User=0.00s Sys=0.00s Real=0.00s
[191.168s][info][gc,start       ] GC(477) Pause Young (Allocation Failure)
[191.170s][info][gc,heap        ] GC(477) PSYoungGen: 285248K(306688K)->64K(308224K) Eden: 285184K(285184K)->0K(285184K) From: 64K(21504K)->64K(23040K)
[191.170s][info][gc,heap        ] GC(477) ParOldGen: 608747K(608768K)->608763K(608768K)
[191.170s][info][gc,metaspace   ] GC(477) Metaspace: 35186K(35840K)->35186K(35840K) NonClass: 28922K(29376K)->28922K(29376K) Class: 6263K(6464K)->6263K(6464K)
[191.170s][info][gc             ] GC(477) Pause Young (Allocation Failure) 873M->594M(895M) 1.895ms
[191.170s][info][gc,cpu         ] GC(477) User=0.00s Sys=0.00s Real=0.00s
[191.608s][info][gc,start       ] GC(478) Pause Young (Allocation Failure)
[191.610s][info][gc,heap        ] GC(478) PSYoungGen: 285248K(308224K)->64K(308224K) Eden: 285184K(285184K)->0K(288256K) From: 64K(23040K)->64K(19968K)
[191.610s][info][gc,heap        ] GC(478) ParOldGen: 608763K(608768K)->608771K(609280K)
[191.610s][info][gc,metaspace   ] GC(478) Metaspace: 35186K(35840K)->35186K(35840K) NonClass: 28922K(29376K)->28922K(29376K) Class: 6263K(6464K)->6263K(6464K)
[191.610s][info][gc             ] GC(478) Pause Young (Allocation Failure) 873M->594M(896M) 1.951ms
[191.610s][info][gc,cpu         ] GC(478) User=0.00s Sys=0.00s Real=0.00s
[191.835s][info][gc,start       ] GC(479) Pause Young (Allocation Failure)
[191.836s][info][gc,heap        ] GC(479) PSYoungGen: 288320K(308224K)->64K(309760K) Eden: 288256K(288256K)->0K(288256K) From: 64K(19968K)->64K(21504K)
[191.837s][info][gc,heap        ] GC(479) ParOldGen: 608771K(609280K)->608787K(609280K)
[191.837s][info][gc,metaspace   ] GC(479) Metaspace: 35186K(35840K)->35186K(35840K) NonClass: 28922K(29376K)->28922K(29376K) Class: 6263K(6464K)->6263K(6464K)
[191.837s][info][gc             ] GC(479) Pause Young (Allocation Failure) 876M->594M(897M) 1.948ms
[191.837s][info][gc,cpu         ] GC(479) User=0.01s Sys=0.01s Real=0.00s
[192.183s][info][gc,start       ] GC(480) Pause Young (Allocation Failure)
[192.185s][info][gc,heap        ] GC(480) PSYoungGen: 288320K(309760K)->64K(309760K) Eden: 288256K(288256K)->0K(291840K) From: 64K(21504K)->64K(17920K)
[192.185s][info][gc,heap        ] GC(480) ParOldGen: 608787K(609280K)->608787K(609280K)
[192.185s][info][gc,metaspace   ] GC(480) Metaspace: 35186K(35840K)->35186K(35840K) NonClass: 28922K(29376K)->28922K(29376K) Class: 6263K(6464K)->6263K(6464K)
[192.185s][info][gc             ] GC(480) Pause Young (Allocation Failure) 876M->594M(897M) 1.914ms
[192.185s][info][gc,cpu         ] GC(480) User=0.00s Sys=0.00s Real=0.00s
[192.357s][info][gc,start       ] GC(481) Pause Young (Allocation Failure)
[192.359s][info][gc,heap        ] GC(481) PSYoungGen: 291904K(309760K)->64K(311296K) Eden: 291840K(291840K)->0K(291840K) From: 64K(17920K)->64K(19456K)
[192.359s][info][gc,heap        ] GC(481) ParOldGen: 608787K(609280K)->608795K(609280K)
[192.359s][info][gc,metaspace   ] GC(481) Metaspace: 35186K(35840K)->35186K(35840K) NonClass: 28922K(29376K)->28922K(29376K) Class: 6263K(6464K)->6263K(6464K)
[192.360s][info][gc             ] GC(481) Pause Young (Allocation Failure) 879M->594M(899M) 2.719ms
[192.360s][info][gc,cpu         ] GC(481) User=0.00s Sys=0.00s Real=0.00s
[192.413s][info][gc,start       ] GC(482) Pause Young (Allocation Failure)
[192.415s][info][gc,heap        ] GC(482) PSYoungGen: 291904K(311296K)->64K(311808K) Eden: 291840K(291840K)->0K(295936K) From: 64K(19456K)->64K(15872K)
[192.415s][info][gc,heap        ] GC(482) ParOldGen: 608795K(609280K)->608811K(609280K)
[192.415s][info][gc,metaspace   ] GC(482) Metaspace: 35186K(35840K)->35186K(35840K) NonClass: 28922K(29376K)->28922K(29376K) Class: 6263K(6464K)->6263K(6464K)
[192.415s][info][gc             ] GC(482) Pause Young (Allocation Failure) 879M->594M(899M) 1.912ms
[192.415s][info][gc,cpu         ] GC(482) User=0.00s Sys=0.00s Real=0.00s
[192.518s][info][gc,start       ] GC(483) Pause Young (Allocation Failure)
[192.520s][info][gc,heap        ] GC(483) PSYoungGen: 296000K(311808K)->64K(313344K) Eden: 295936K(295936K)->0K(295936K) From: 64K(15872K)->64K(17408K)
[192.520s][info][gc,heap        ] GC(483) ParOldGen: 608811K(609280K)->608811K(609280K)
[192.520s][info][gc,metaspace   ] GC(483) Metaspace: 35186K(35840K)->35186K(35840K) NonClass: 28922K(29376K)->28922K(29376K) Class: 6263K(6464K)->6263K(6464K)
[192.520s][info][gc             ] GC(483) Pause Young (Allocation Failure) 883M->594M(901M) 1.925ms
[192.520s][info][gc,cpu         ] GC(483) User=0.00s Sys=0.00s Real=0.00s
[192.744s][info][gc,start       ] GC(484) Pause Young (Allocation Failure)
[192.746s][info][gc,heap        ] GC(484) PSYoungGen: 296000K(313344K)->64K(314880K) Eden: 295936K(295936K)->0K(300032K) From: 64K(17408K)->64K(14848K)
[192.746s][info][gc,heap        ] GC(484) ParOldGen: 608811K(609280K)->608827K(609280K)
[192.746s][info][gc,metaspace   ] GC(484) Metaspace: 35186K(35840K)->35186K(35840K) NonClass: 28922K(29376K)->28922K(29376K) Class: 6263K(6464K)->6263K(6464K)
[192.746s][info][gc             ] GC(484) Pause Young (Allocation Failure) 883M->594M(902M) 1.955ms
[192.746s][info][gc,cpu         ] GC(484) User=0.00s Sys=0.00s Real=0.00s
[192.934s][info][gc,start       ] GC(485) Pause Young (Allocation Failure)
[192.936s][info][gc,heap        ] GC(485) PSYoungGen: 300096K(314880K)->64K(315904K) Eden: 300032K(300032K)->0K(300032K) From: 64K(14848K)->64K(15872K)
[192.936s][info][gc,heap        ] GC(485) ParOldGen: 608827K(609280K)->608827K(609280K)
[192.936s][info][gc,metaspace   ] GC(485) Metaspace: 35187K(35840K)->35187K(35840K) NonClass: 28924K(29376K)->28924K(29376K) Class: 6263K(6464K)->6263K(6464K)
[192.936s][info][gc             ] GC(485) Pause Young (Allocation Failure) 887M->594M(903M) 1.964ms
[192.936s][info][gc,cpu         ] GC(485) User=0.00s Sys=0.00s Real=0.00s
[193.016s][info][gc,start       ] GC(486) Pause Young (Allocation Failure)
[193.018s][info][gc,heap        ] GC(486) PSYoungGen: 300096K(315904K)->64K(315904K) Eden: 300032K(300032K)->0K(303104K) From: 64K(15872K)->64K(12800K)
[193.018s][info][gc,heap        ] GC(486) ParOldGen: 608827K(609280K)->608843K(609280K)
[193.018s][info][gc,metaspace   ] GC(486) Metaspace: 35187K(35840K)->35187K(35840K) NonClass: 28924K(29376K)->28924K(29376K) Class: 6263K(6464K)->6263K(6464K)
[193.018s][info][gc             ] GC(486) Pause Young (Allocation Failure) 887M->594M(903M) 1.864ms
[193.018s][info][gc,cpu         ] GC(486) User=0.00s Sys=0.00s Real=0.00s
[193.164s][info][gc,start       ] GC(487) Pause Young (Allocation Failure)
[193.165s][info][gc,heap        ] GC(487) PSYoungGen: 303168K(315904K)->64K(316928K) Eden: 303104K(303104K)->0K(303104K) From: 64K(12800K)->64K(13824K)
[193.165s][info][gc,heap        ] GC(487) ParOldGen: 608843K(609280K)->608843K(609280K)
[193.165s][info][gc,metaspace   ] GC(487) Metaspace: 35187K(35840K)->35187K(35840K) NonClass: 28924K(29376K)->28924K(29376K) Class: 6263K(6464K)->6263K(6464K)
[193.165s][info][gc             ] GC(487) Pause Young (Allocation Failure) 890M->594M(904M) 1.919ms
[193.165s][info][gc,cpu         ] GC(487) User=0.00s Sys=0.00s Real=0.00s
[193.565s][info][gc,start       ] GC(488) Pause Young (Allocation Failure)
[193.567s][info][gc,heap        ] GC(488) PSYoungGen: 303168K(316928K)->64K(318976K) Eden: 303104K(303104K)->0K(307200K) From: 64K(13824K)->64K(11776K)
[193.567s][info][gc,heap        ] GC(488) ParOldGen: 608843K(609280K)->608851K(609280K)
[193.567s][info][gc,metaspace   ] GC(488) Metaspace: 35187K(35840K)->35187K(35840K) NonClass: 28924K(29376K)->28924K(29376K) Class: 6263K(6464K)->6263K(6464K)
[193.567s][info][gc             ] GC(488) Pause Young (Allocation Failure) 890M->594M(906M) 1.984ms
[193.567s][info][gc,cpu         ] GC(488) User=0.00s Sys=0.00s Real=0.00s
[194.623s][info][gc,start       ] GC(489) Pause Young (Allocation Failure)
[194.625s][info][gc,heap        ] GC(489) PSYoungGen: 307264K(318976K)->64K(319488K) Eden: 307200K(307200K)->0K(307200K) From: 64K(11776K)->64K(12288K)
[194.625s][info][gc,heap        ] GC(489) ParOldGen: 608851K(609280K)->608859K(609280K)
[194.625s][info][gc,metaspace   ] GC(489) Metaspace: 35187K(35840K)->35187K(35840K) NonClass: 28924K(29376K)->28924K(29376K) Class: 6263K(6464K)->6263K(6464K)
[194.625s][info][gc             ] GC(489) Pause Young (Allocation Failure) 894M->594M(907M) 1.984ms
[194.625s][info][gc,cpu         ] GC(489) User=0.00s Sys=0.00s Real=0.00s
[195.256s][info][gc,start       ] GC(490) Pause Young (Allocation Failure)
[195.258s][info][gc,heap        ] GC(490) PSYoungGen: 307264K(319488K)->64K(295424K) Eden: 307200K(307200K)->0K(294912K) From: 64K(12288K)->64K(512K)
[195.258s][info][gc,heap        ] GC(490) ParOldGen: 608859K(609280K)->608867K(609280K)
[195.258s][info][gc,metaspace   ] GC(490) Metaspace: 35187K(35840K)->35187K(35840K) NonClass: 28924K(29376K)->28924K(29376K) Class: 6263K(6464K)->6263K(6464K)
[195.258s][info][gc             ] GC(490) Pause Young (Allocation Failure) 894M->594M(883M) 2.242ms
[195.258s][info][gc,cpu         ] GC(490) User=0.00s Sys=0.00s Real=0.00s
[195.716s][info][gc,start       ] GC(491) Pause Young (Allocation Failure)
[195.717s][info][gc,heap        ] GC(491) PSYoungGen: 294976K(295424K)->64K(293888K) Eden: 294912K(294912K)->0K(283136K) From: 64K(512K)->64K(10752K)
[195.717s][info][gc,heap        ] GC(491) ParOldGen: 608867K(609280K)->608875K(609280K)
[195.718s][info][gc,metaspace   ] GC(491) Metaspace: 35187K(35840K)->35187K(35840K) NonClass: 28924K(29376K)->28924K(29376K) Class: 6263K(6464K)->6263K(6464K)
[195.718s][info][gc             ] GC(491) Pause Young (Allocation Failure) 882M->594M(882M) 1.882ms
[195.718s][info][gc,cpu         ] GC(491) User=0.00s Sys=0.00s Real=0.00s
[196.713s][info][gc,start       ] GC(492) Pause Young (Allocation Failure)
[196.716s][info][gc,heap        ] GC(492) PSYoungGen: 283200K(293888K)->64K(272384K) Eden: 283136K(283136K)->0K(271872K) From: 64K(10752K)->64K(512K)
[196.716s][info][gc,heap        ] GC(492) ParOldGen: 608875K(609280K)->608883K(609280K)
[196.716s][info][gc,metaspace   ] GC(492) Metaspace: 35187K(35840K)->35187K(35840K) NonClass: 28924K(29376K)->28924K(29376K) Class: 6263K(6464K)->6263K(6464K)
[196.716s][info][gc             ] GC(492) Pause Young (Allocation Failure) 871M->594M(861M) 2.593ms
[196.716s][info][gc,cpu         ] GC(492) User=0.00s Sys=0.00s Real=0.00s
[197.116s][info][gc,start       ] GC(493) Pause Young (Allocation Failure)
[197.118s][info][gc,heap        ] GC(493) PSYoungGen: 271936K(272384K)->64K(270336K) Eden: 271872K(271872K)->0K(261120K) From: 64K(512K)->64K(9216K)
[197.118s][info][gc,heap        ] GC(493) ParOldGen: 608883K(609280K)->608891K(609280K)
[197.118s][info][gc,metaspace   ] GC(493) Metaspace: 35187K(35840K)->35187K(35840K) NonClass: 28924K(29376K)->28924K(29376K) Class: 6263K(6464K)->6263K(6464K)
[197.118s][info][gc             ] GC(493) Pause Young (Allocation Failure) 860M->594M(859M) 1.949ms
[197.118s][info][gc,cpu         ] GC(493) User=0.00s Sys=0.00s Real=0.00s
[197.274s][info][gc,start       ] GC(494) Pause Young (Allocation Failure)
[197.277s][info][gc,heap        ] GC(494) PSYoungGen: 261184K(270336K)->64K(251392K) Eden: 261120K(261120K)->0K(250880K) From: 64K(9216K)->64K(512K)
[197.277s][info][gc,heap        ] GC(494) ParOldGen: 608891K(609280K)->608899K(609280K)
[197.277s][info][gc,metaspace   ] GC(494) Metaspace: 35187K(35840K)->35187K(35840K) NonClass: 28924K(29376K)->28924K(29376K) Class: 6263K(6464K)->6263K(6464K)
[197.277s][info][gc             ] GC(494) Pause Young (Allocation Failure) 849M->594M(840M) 2.832ms
[197.277s][info][gc,cpu         ] GC(494) User=0.01s Sys=0.00s Real=0.00s
[197.600s][info][gc,start       ] GC(495) Pause Young (Allocation Failure)
[197.601s][info][gc,heap        ] GC(495) PSYoungGen: 250944K(251392K)->64K(249344K) Eden: 250880K(250880K)->0K(241152K) From: 64K(512K)->64K(8192K)
[197.601s][info][gc,heap        ] GC(495) ParOldGen: 608899K(609280K)->608907K(609280K)
[197.601s][info][gc,metaspace   ] GC(495) Metaspace: 35187K(35840K)->35187K(35840K) NonClass: 28924K(29376K)->28924K(29376K) Class: 6263K(6464K)->6263K(6464K)
[197.601s][info][gc             ] GC(495) Pause Young (Allocation Failure) 839M->594M(838M) 1.931ms
[197.601s][info][gc,cpu         ] GC(495) User=0.00s Sys=0.00s Real=0.01s
[198.059s][info][gc,start       ] GC(496) Pause Young (Allocation Failure)
[198.065s][info][gc,heap        ] GC(496) PSYoungGen: 241216K(249344K)->64K(232448K) Eden: 241152K(241152K)->0K(231936K) From: 64K(8192K)->64K(512K)
[198.065s][info][gc,heap        ] GC(496) ParOldGen: 608907K(609280K)->608915K(609280K)
[198.065s][info][gc,metaspace   ] GC(496) Metaspace: 35187K(35840K)->35187K(35840K) NonClass: 28924K(29376K)->28924K(29376K) Class: 6263K(6464K)->6263K(6464K)
[198.065s][info][gc             ] GC(496) Pause Young (Allocation Failure) 830M->594M(822M) 5.879ms
[198.065s][info][gc,cpu         ] GC(496) User=0.00s Sys=0.00s Real=0.01s
[198.451s][info][gc,start       ] GC(497) Pause Young (Allocation Failure)
[198.458s][info][gc,heap        ] GC(497) PSYoungGen: 232000K(232448K)->3264K(285696K) Eden: 231936K(231936K)->0K(278528K) From: 64K(512K)->3264K(7168K)
[198.458s][info][gc,heap        ] GC(497) ParOldGen: 608915K(609280K)->608931K(609280K)
[198.458s][info][gc,metaspace   ] GC(497) Metaspace: 35187K(35840K)->35187K(35840K) NonClass: 28924K(29376K)->28924K(29376K) Class: 6263K(6464K)->6263K(6464K)
[198.458s][info][gc             ] GC(497) Pause Young (Allocation Failure) 821M->597M(874M) 6.957ms
[198.458s][info][gc,cpu         ] GC(497) User=0.01s Sys=0.00s Real=0.00s
[198.772s][info][gc,start       ] GC(498) Pause Young (Allocation Failure)
[198.839s][info][gc,heap        ] GC(498) PSYoungGen: 281792K(285696K)->7168K(279552K) Eden: 278528K(278528K)->0K(272384K) From: 3264K(7168K)->7168K(7168K)
[198.839s][info][gc,heap        ] GC(498) ParOldGen: 608931K(609280K)->631331K(631808K)
[198.839s][info][gc,metaspace   ] GC(498) Metaspace: 35187K(35840K)->35187K(35840K) NonClass: 28924K(29376K)->28924K(29376K) Class: 6263K(6464K)->6263K(6464K)
[198.839s][info][gc             ] GC(498) Pause Young (Allocation Failure) 869M->623M(890M) 66.776ms
[198.839s][info][gc,cpu         ] GC(498) User=0.09s Sys=0.03s Real=0.06s
[199.149s][info][gc,start       ] GC(499) Pause Young (Allocation Failure)
[199.205s][info][gc,heap        ] GC(499) PSYoungGen: 279552K(279552K)->17408K(289792K) Eden: 272384K(272384K)->0K(272384K) From: 7168K(7168K)->17408K(17408K)
[199.205s][info][gc,heap        ] GC(499) ParOldGen: 631331K(631808K)->643651K(644096K)
[199.205s][info][gc,metaspace   ] GC(499) Metaspace: 35187K(35840K)->35187K(35840K) NonClass: 28924K(29376K)->28924K(29376K) Class: 6263K(6464K)->6263K(6464K)
[199.205s][info][gc             ] GC(499) Pause Young (Allocation Failure) 889M->645M(912M) 55.917ms
[199.205s][info][gc,cpu         ] GC(499) User=0.10s Sys=0.00s Real=0.06s
[199.332s][info][gc,start       ] GC(500) Pause Young (Allocation Failure)
[199.351s][info][gc,heap        ] GC(500) PSYoungGen: 289792K(289792K)->7296K(309760K) Eden: 272384K(272384K)->0K(284160K) From: 17408K(17408K)->7296K(25600K)
[199.351s][info][gc,heap        ] GC(500) ParOldGen: 643651K(644096K)->644083K(644096K)
[199.351s][info][gc,metaspace   ] GC(500) Metaspace: 35187K(35840K)->35187K(35840K) NonClass: 28924K(29376K)->28924K(29376K) Class: 6263K(6464K)->6263K(6464K)
[199.351s][info][gc             ] GC(500) Pause Young (Allocation Failure) 911M->636M(931M) 19.360ms
[199.351s][info][gc,cpu         ] GC(500) User=0.03s Sys=0.01s Real=0.02s
[199.835s][info][gc,start       ] GC(501) Pause Young (Allocation Failure)
[199.837s][info][gc,heap        ] GC(501) PSYoungGen: 291456K(309760K)->64K(284672K) Eden: 284160K(284160K)->0K(284160K) From: 7296K(25600K)->64K(512K)
[199.837s][info][gc,heap        ] GC(501) ParOldGen: 644083K(644096K)->644091K(644096K)
[199.837s][info][gc,metaspace   ] GC(501) Metaspace: 35187K(35840K)->35187K(35840K) NonClass: 28924K(29376K)->28924K(29376K) Class: 6263K(6464K)->6263K(6464K)
[199.837s][info][gc             ] GC(501) Pause Young (Allocation Failure) 913M->629M(907M) 1.973ms
[199.837s][info][gc,cpu         ] GC(501) User=0.00s Sys=0.00s Real=0.00s
[200.373s][info][gc,start       ] GC(502) Pause Young (Allocation Failure)
[200.375s][info][gc,heap        ] GC(502) PSYoungGen: 284224K(284672K)->64K(308736K) Eden: 284160K(284160K)->0K(285184K) From: 64K(512K)->64K(23552K)
[200.375s][info][gc,heap        ] GC(502) ParOldGen: 644091K(644096K)->644107K(644608K)
[200.375s][info][gc,metaspace   ] GC(502) Metaspace: 35187K(35840K)->35187K(35840K) NonClass: 28924K(29376K)->28924K(29376K) Class: 6263K(6464K)->6263K(6464K)
[200.375s][info][gc             ] GC(502) Pause Young (Allocation Failure) 906M->629M(931M) 1.978ms
[200.375s][info][gc,cpu         ] GC(502) User=0.01s Sys=0.00s Real=0.00s
[200.838s][info][gc,start       ] GC(503) Pause Young (Allocation Failure)
[200.840s][info][gc,heap        ] GC(503) PSYoungGen: 285248K(308736K)->64K(307712K) Eden: 285184K(285184K)->0K(285184K) From: 64K(23552K)->64K(22528K)
[200.840s][info][gc,heap        ] GC(503) ParOldGen: 644107K(644608K)->644123K(644608K)
[200.840s][info][gc,metaspace   ] GC(503) Metaspace: 35187K(35840K)->35187K(35840K) NonClass: 28924K(29376K)->28924K(29376K) Class: 6263K(6464K)->6263K(6464K)
[200.840s][info][gc             ] GC(503) Pause Young (Allocation Failure) 907M->629M(930M) 2.005ms
[200.840s][info][gc,cpu         ] GC(503) User=0.00s Sys=0.00s Real=0.00s
[201.052s][info][gc,start       ] GC(504) Pause Young (Allocation Failure)
[201.054s][info][gc,heap        ] GC(504) PSYoungGen: 285248K(307712K)->64K(310272K) Eden: 285184K(285184K)->0K(288768K) From: 64K(22528K)->64K(21504K)
[201.054s][info][gc,heap        ] GC(504) ParOldGen: 644123K(644608K)->644139K(644608K)
[201.054s][info][gc,metaspace   ] GC(504) Metaspace: 35187K(35840K)->35187K(35840K) NonClass: 28924K(29376K)->28924K(29376K) Class: 6263K(6464K)->6263K(6464K)
[201.054s][info][gc             ] GC(504) Pause Young (Allocation Failure) 907M->629M(932M) 2.011ms
[201.054s][info][gc,cpu         ] GC(504) User=0.00s Sys=0.00s Real=0.00s
[201.319s][info][gc,start       ] GC(505) Pause Young (Allocation Failure)
[201.321s][info][gc,heap        ] GC(505) PSYoungGen: 288832K(310272K)->64K(309760K) Eden: 288768K(288768K)->0K(288768K) From: 64K(21504K)->64K(20992K)
[201.321s][info][gc,heap        ] GC(505) ParOldGen: 644139K(644608K)->644139K(644608K)
[201.321s][info][gc,metaspace   ] GC(505) Metaspace: 35187K(35840K)->35187K(35840K) NonClass: 28924K(29376K)->28924K(29376K) Class: 6263K(6464K)->6263K(6464K)
[201.321s][info][gc             ] GC(505) Pause Young (Allocation Failure) 911M->629M(932M) 1.877ms
[201.321s][info][gc,cpu         ] GC(505) User=0.00s Sys=0.01s Real=0.01s
[201.682s][info][gc,start       ] GC(506) Pause Young (Allocation Failure)
[201.683s][info][gc,heap        ] GC(506) PSYoungGen: 288832K(309760K)->64K(311808K) Eden: 288768K(288768K)->0K(292352K) From: 64K(20992K)->64K(19456K)
[201.683s][info][gc,heap        ] GC(506) ParOldGen: 644139K(644608K)->644139K(644608K)
[201.683s][info][gc,metaspace   ] GC(506) Metaspace: 35187K(35840K)->35187K(35840K) NonClass: 28924K(29376K)->28924K(29376K) Class: 6263K(6464K)->6263K(6464K)
[201.683s][info][gc             ] GC(506) Pause Young (Allocation Failure) 911M->629M(934M) 1.919ms
[201.683s][info][gc,cpu         ] GC(506) User=0.00s Sys=0.00s Real=0.00s
[201.768s][info][gc,start       ] GC(507) Pause Young (Allocation Failure)
[201.770s][info][gc,heap        ] GC(507) PSYoungGen: 292416K(311808K)->64K(311296K) Eden: 292352K(292352K)->0K(292352K) From: 64K(19456K)->64K(18944K)
[201.770s][info][gc,heap        ] GC(507) ParOldGen: 644139K(644608K)->644147K(644608K)
[201.770s][info][gc,metaspace   ] GC(507) Metaspace: 35187K(35840K)->35187K(35840K) NonClass: 28924K(29376K)->28924K(29376K) Class: 6263K(6464K)->6263K(6464K)
[201.770s][info][gc             ] GC(507) Pause Young (Allocation Failure) 914M->629M(933M) 1.896ms
[201.770s][info][gc,cpu         ] GC(507) User=0.00s Sys=0.00s Real=0.00s
[201.823s][info][gc,start       ] GC(508) Pause Young (Allocation Failure)
[201.825s][info][gc,heap        ] GC(508) PSYoungGen: 292416K(311296K)->64K(313856K) Eden: 292352K(292352K)->0K(295936K) From: 64K(18944K)->64K(17920K)
[201.825s][info][gc,heap        ] GC(508) ParOldGen: 644147K(644608K)->644163K(644608K)
[201.825s][info][gc,metaspace   ] GC(508) Metaspace: 35187K(35840K)->35187K(35840K) NonClass: 28924K(29376K)->28924K(29376K) Class: 6263K(6464K)->6263K(6464K)
[201.825s][info][gc             ] GC(508) Pause Young (Allocation Failure) 914M->629M(936M) 1.904ms
[201.825s][info][gc,cpu         ] GC(508) User=0.01s Sys=0.00s Real=0.00s
[201.978s][info][gc,start       ] GC(509) Pause Young (Allocation Failure)
[201.980s][info][gc,heap        ] GC(509) PSYoungGen: 296000K(313856K)->64K(313344K) Eden: 295936K(295936K)->0K(295936K) From: 64K(17920K)->64K(17408K)
[201.980s][info][gc,heap        ] GC(509) ParOldGen: 644163K(644608K)->644163K(644608K)
[201.980s][info][gc,metaspace   ] GC(509) Metaspace: 35187K(35840K)->35187K(35840K) NonClass: 28924K(29376K)->28924K(29376K) Class: 6263K(6464K)->6263K(6464K)
[201.980s][info][gc             ] GC(509) Pause Young (Allocation Failure) 918M->629M(935M) 1.896ms
[201.980s][info][gc,cpu         ] GC(509) User=0.00s Sys=0.00s Real=0.00s
[202.194s][info][gc,start       ] GC(510) Pause Young (Allocation Failure)
[202.195s][info][gc,heap        ] GC(510) PSYoungGen: 296000K(313344K)->64K(315392K) Eden: 295936K(295936K)->0K(299520K) From: 64K(17408K)->64K(15872K)
[202.196s][info][gc,heap        ] GC(510) ParOldGen: 644163K(644608K)->644171K(644608K)
[202.196s][info][gc,metaspace   ] GC(510) Metaspace: 35187K(35840K)->35187K(35840K) NonClass: 28924K(29376K)->28924K(29376K) Class: 6263K(6464K)->6263K(6464K)
[202.196s][info][gc             ] GC(510) Pause Young (Allocation Failure) 918M->629M(937M) 1.987ms
[202.196s][info][gc,cpu         ] GC(510) User=0.01s Sys=0.00s Real=0.00s
[202.340s][info][gc,start       ] GC(511) Pause Young (Allocation Failure)
[202.344s][info][gc,heap        ] GC(511) PSYoungGen: 299584K(315392K)->32K(314880K) Eden: 299520K(299520K)->0K(299520K) From: 64K(15872K)->32K(15360K)
[202.344s][info][gc,heap        ] GC(511) ParOldGen: 644171K(644608K)->644187K(644608K)
[202.344s][info][gc,metaspace   ] GC(511) Metaspace: 35187K(35840K)->35187K(35840K) NonClass: 28924K(29376K)->28924K(29376K) Class: 6263K(6464K)->6263K(6464K)
[202.344s][info][gc             ] GC(511) Pause Young (Allocation Failure) 921M->629M(937M) 3.888ms
[202.344s][info][gc,cpu         ] GC(511) User=0.00s Sys=0.00s Real=0.01s
[202.429s][info][gc,start       ] GC(512) Pause Young (Allocation Failure)
[202.434s][info][gc,heap        ] GC(512) PSYoungGen: 299552K(314880K)->32K(317440K) Eden: 299520K(299520K)->0K(303616K) From: 32K(15360K)->32K(13824K)
[202.434s][info][gc,heap        ] GC(512) ParOldGen: 644187K(644608K)->644203K(644608K)
[202.434s][info][gc,metaspace   ] GC(512) Metaspace: 35187K(35840K)->35187K(35840K) NonClass: 28924K(29376K)->28924K(29376K) Class: 6263K(6464K)->6263K(6464K)
[202.434s][info][gc             ] GC(512) Pause Young (Allocation Failure) 921M->629M(939M) 5.120ms
[202.434s][info][gc,cpu         ] GC(512) User=0.01s Sys=0.00s Real=0.01s
[202.610s][info][gc,start       ] GC(513) Pause Young (Allocation Failure)
[202.614s][info][gc,heap        ] GC(513) PSYoungGen: 303648K(317440K)->64K(316928K) Eden: 303616K(303616K)->0K(303616K) From: 32K(13824K)->64K(13312K)
[202.614s][info][gc,heap        ] GC(513) ParOldGen: 644203K(644608K)->644203K(644608K)
[202.614s][info][gc,metaspace   ] GC(513) Metaspace: 35187K(35840K)->35187K(35840K) NonClass: 28924K(29376K)->28924K(29376K) Class: 6263K(6464K)->6263K(6464K)
[202.614s][info][gc             ] GC(513) Pause Young (Allocation Failure) 925M->629M(939M) 3.883ms
[202.614s][info][gc,cpu         ] GC(513) User=0.00s Sys=0.00s Real=0.01s
[203.569s][info][gc,start       ] GC(514) Pause Young (Allocation Failure)
[203.572s][info][gc,heap        ] GC(514) PSYoungGen: 303680K(316928K)->64K(319488K) Eden: 303616K(303616K)->0K(307712K) From: 64K(13312K)->64K(11776K)
[203.573s][info][gc,heap        ] GC(514) ParOldGen: 644203K(644608K)->644219K(644608K)
[203.573s][info][gc,metaspace   ] GC(514) Metaspace: 35187K(35840K)->35187K(35840K) NonClass: 28924K(29376K)->28924K(29376K) Class: 6263K(6464K)->6263K(6464K)
[203.573s][info][gc             ] GC(514) Pause Young (Allocation Failure) 925M->629M(941M) 3.821ms
[203.573s][info][gc,cpu         ] GC(514) User=0.01s Sys=0.00s Real=0.01s
[204.441s][info][gc,start       ] GC(515) Pause Young (Allocation Failure)
[204.443s][info][gc,heap        ] GC(515) PSYoungGen: 307776K(319488K)->64K(319488K) Eden: 307712K(307712K)->0K(307712K) From: 64K(11776K)->64K(11776K)
[204.443s][info][gc,heap        ] GC(515) ParOldGen: 644219K(644608K)->644227K(644608K)
[204.443s][info][gc,metaspace   ] GC(515) Metaspace: 35187K(35840K)->35187K(35840K) NonClass: 28924K(29376K)->28924K(29376K) Class: 6263K(6464K)->6263K(6464K)
[204.443s][info][gc             ] GC(515) Pause Young (Allocation Failure) 929M->629M(941M) 1.948ms
[204.443s][info][gc,cpu         ] GC(515) User=0.00s Sys=0.00s Real=0.00s
[204.782s][info][gc,start       ] GC(516) Pause Young (Allocation Failure)
[204.784s][info][gc,heap        ] GC(516) PSYoungGen: 307776K(319488K)->64K(320512K) Eden: 307712K(307712K)->0K(310784K) From: 64K(11776K)->64K(9728K)
[204.784s][info][gc,heap        ] GC(516) ParOldGen: 644227K(644608K)->644235K(644608K)
[204.784s][info][gc,metaspace   ] GC(516) Metaspace: 35187K(35840K)->35187K(35840K) NonClass: 28924K(29376K)->28924K(29376K) Class: 6263K(6464K)->6263K(6464K)
[204.784s][info][gc             ] GC(516) Pause Young (Allocation Failure) 929M->629M(942M) 2.071ms
[204.784s][info][gc,cpu         ] GC(516) User=0.00s Sys=0.00s Real=0.00s
[205.206s][info][gc,start       ] GC(517) Pause Young (Allocation Failure)
[205.208s][info][gc,heap        ] GC(517) PSYoungGen: 310848K(320512K)->64K(321024K) Eden: 310784K(310784K)->0K(310784K) From: 64K(9728K)->64K(10240K)
[205.208s][info][gc,heap        ] GC(517) ParOldGen: 644235K(644608K)->644243K(644608K)
[205.208s][info][gc,metaspace   ] GC(517) Metaspace: 35187K(35840K)->35187K(35840K) NonClass: 28924K(29376K)->28924K(29376K) Class: 6263K(6464K)->6263K(6464K)
[205.208s][info][gc             ] GC(517) Pause Young (Allocation Failure) 932M->629M(943M) 2.012ms
[205.208s][info][gc,cpu         ] GC(517) User=0.00s Sys=0.00s Real=0.00s
[206.208s][info][gc,start       ] GC(518) Pause Young (Allocation Failure)
[206.210s][info][gc,heap        ] GC(518) PSYoungGen: 310848K(321024K)->64K(298496K) Eden: 310784K(310784K)->0K(297984K) From: 64K(10240K)->64K(512K)
[206.210s][info][gc,heap        ] GC(518) ParOldGen: 644243K(644608K)->644251K(644608K)
[206.210s][info][gc,metaspace   ] GC(518) Metaspace: 35187K(35840K)->35187K(35840K) NonClass: 28924K(29376K)->28924K(29376K) Class: 6263K(6464K)->6263K(6464K)
[206.210s][info][gc             ] GC(518) Pause Young (Allocation Failure) 932M->629M(921M) 2.086ms
[206.210s][info][gc,cpu         ] GC(518) User=0.00s Sys=0.00s Real=0.00s
[206.611s][info][gc,start       ] GC(519) Pause Young (Allocation Failure)
[206.613s][info][gc,heap        ] GC(519) PSYoungGen: 298048K(298496K)->64K(295424K) Eden: 297984K(297984K)->0K(286208K) From: 64K(512K)->64K(9216K)
[206.613s][info][gc,heap        ] GC(519) ParOldGen: 644251K(644608K)->644259K(644608K)
[206.613s][info][gc,metaspace   ] GC(519) Metaspace: 35187K(35840K)->35187K(35840K) NonClass: 28924K(29376K)->28924K(29376K) Class: 6263K(6464K)->6263K(6464K)
[206.613s][info][gc             ] GC(519) Pause Young (Allocation Failure) 920M->629M(918M) 1.928ms
[206.613s][info][gc,cpu         ] GC(519) User=0.01s Sys=0.00s Real=0.00s
[206.787s][info][gc,start       ] GC(520) Pause Young (Allocation Failure)
[206.789s][info][gc,heap        ] GC(520) PSYoungGen: 286272K(295424K)->64K(275456K) Eden: 286208K(286208K)->0K(274944K) From: 64K(9216K)->64K(512K)
[206.789s][info][gc,heap        ] GC(520) ParOldGen: 644259K(644608K)->644275K(644608K)
[206.789s][info][gc,metaspace   ] GC(520) Metaspace: 35187K(35840K)->35187K(35840K) NonClass: 28924K(29376K)->28924K(29376K) Class: 6263K(6464K)->6263K(6464K)
[206.789s][info][gc             ] GC(520) Pause Young (Allocation Failure) 908M->629M(898M) 2.052ms
[206.789s][info][gc,cpu         ] GC(520) User=0.00s Sys=0.00s Real=0.00s
[207.399s][info][gc,start       ] GC(521) Pause Young (Allocation Failure)
[207.400s][info][gc,heap        ] GC(521) PSYoungGen: 275008K(275456K)->64K(271872K) Eden: 274944K(274944K)->0K(264192K) From: 64K(512K)->64K(7680K)
[207.400s][info][gc,heap        ] GC(521) ParOldGen: 644275K(644608K)->644283K(644608K)
[207.400s][info][gc,metaspace   ] GC(521) Metaspace: 35187K(35840K)->35187K(35840K) NonClass: 28924K(29376K)->28924K(29376K) Class: 6263K(6464K)->6263K(6464K)
[207.400s][info][gc             ] GC(521) Pause Young (Allocation Failure) 897M->629M(895M) 1.923ms
[207.400s][info][gc,cpu         ] GC(521) User=0.00s Sys=0.00s Real=0.00s
[207.812s][info][gc,start       ] GC(522) Pause Young (Allocation Failure)
[207.820s][info][gc,heap        ] GC(522) PSYoungGen: 264255K(271872K)->3840K(308224K) Eden: 264191K(264192K)->0K(301056K) From: 64K(7680K)->3840K(7168K)
[207.820s][info][gc,heap        ] GC(522) ParOldGen: 644283K(644608K)->644299K(644608K)
[207.820s][info][gc,metaspace   ] GC(522) Metaspace: 35187K(35840K)->35187K(35840K) NonClass: 28924K(29376K)->28924K(29376K) Class: 6263K(6464K)->6263K(6464K)
[207.820s][info][gc             ] GC(522) Pause Young (Allocation Failure) 887M->632M(930M) 8.497ms
[207.820s][info][gc,cpu         ] GC(522) User=0.01s Sys=0.00s Real=0.00s
[208.156s][info][gc,start       ] GC(523) Pause Young (Allocation Failure)
[208.219s][info][gc,promotion   ] GC(523) Promotion failed
[208.219s][info][gc,heap        ] GC(523) PSYoungGen: 304896K(308224K)->304896K(308224K) Eden: 301056K(301056K)->301056K(301056K) From: 3840K(7168K)->3840K(7168K)
[208.219s][info][gc,heap        ] GC(523) ParOldGen: 644299K(644608K)->667643K(667648K)
[208.219s][info][gc,metaspace   ] GC(523) Metaspace: 35187K(35840K)->35187K(35840K) NonClass: 28924K(29376K)->28924K(29376K) Class: 6263K(6464K)->6263K(6464K)
[208.219s][info][gc             ] GC(523) Pause Young (Allocation Failure) 926M->949M(953M) 63.357ms
[208.219s][info][gc,cpu         ] GC(523) User=0.11s Sys=0.02s Real=0.06s
[208.219s][info][gc,start       ] GC(524) Pause Full (Allocation Failure)
[208.219s][info][gc,phases,start] GC(524) Marking Phase
[208.300s][info][gc,phases      ] GC(524) Marking Phase 81.269ms
[208.301s][info][gc,phases,start] GC(524) Summary Phase
[208.301s][info][gc,phases      ] GC(524) Summary Phase 0.049ms
[208.301s][info][gc,phases,start] GC(524) Forward
[208.316s][info][gc,phases      ] GC(524) Forward 15.333ms
[208.316s][info][gc,phases,start] GC(524) Adjust Pointers
[208.354s][info][gc,phases      ] GC(524) Adjust Pointers 37.593ms
[208.354s][info][gc,phases,start] GC(524) Compaction Phase
[208.372s][info][gc,phases      ] GC(524) Compaction Phase 18.468ms
[208.372s][info][gc,phases,start] GC(524) Post Compact
[208.394s][info][metaspace      ] ChkMgr @0x00007f865403aa80 (non-class-space): : reclaiming memory...
[208.394s][info][metaspace      ] ChkMgr @0x00007f865403aa80 (non-class-space): nothing reclaimed.
[208.394s][info][metaspace      ] ChkMgr @0x00007f865403a890 (class-space): : reclaiming memory...
[208.394s][info][metaspace      ] ChkMgr @0x00007f865403a890 (class-space): nothing reclaimed.
[208.394s][info][gc,phases      ] GC(524) Post Compact 21.828ms
[208.444s][info][gc,heap        ] GC(524) PSYoungGen: 304896K(308224K)->0K(308736K) Eden: 301056K(301056K)->0K(301056K) From: 3840K(7168K)->0K(7680K)
[208.444s][info][gc,heap        ] GC(524) ParOldGen: 667643K(667648K)->89899K(175104K)
[208.444s][info][gc,metaspace   ] GC(524) Metaspace: 35187K(35840K)->35153K(35840K) NonClass: 28924K(29376K)->28893K(29376K) Class: 6263K(6464K)->6260K(6464K)
[208.444s][info][gc             ] GC(524) Pause Full (Allocation Failure) 949M->87M(472M) 224.722ms
[208.444s][info][gc,cpu         ] GC(524) User=0.23s Sys=0.07s Real=0.23s
[208.888s][info][gc,start       ] GC(525) Pause Young (Allocation Failure)
[208.940s][info][gc,heap        ] GC(525) PSYoungGen: 301056K(308736K)->7680K(304640K) Eden: 301056K(301056K)->0K(296960K) From: 0K(7680K)->7680K(7680K)
[208.940s][info][gc,heap        ] GC(525) ParOldGen: 89899K(175104K)->114179K(175104K)
[208.940s][info][gc,metaspace   ] GC(525) Metaspace: 35153K(35840K)->35153K(35840K) NonClass: 28893K(29376K)->28893K(29376K) Class: 6260K(6464K)->6260K(6464K)
[208.940s][info][gc             ] GC(525) Pause Young (Allocation Failure) 381M->119M(468M) 52.159ms
[208.940s][info][gc,cpu         ] GC(525) User=0.10s Sys=0.01s Real=0.05s
[209.049s][info][gc,start       ] GC(526) Pause Young (Allocation Failure)
[209.058s][info][gc,heap        ] GC(526) PSYoungGen: 304640K(304640K)->1280K(315392K) Eden: 296960K(296960K)->0K(296960K) From: 7680K(7680K)->1280K(18432K)
[209.058s][info][gc,heap        ] GC(526) ParOldGen: 114179K(175104K)->115091K(175104K)
[209.058s][info][gc,metaspace   ] GC(526) Metaspace: 35153K(35840K)->35153K(35840K) NonClass: 28893K(29376K)->28893K(29376K) Class: 6260K(6464K)->6260K(6464K)
[209.058s][info][gc             ] GC(526) Pause Young (Allocation Failure) 409M->113M(479M) 9.196ms
[209.058s][info][gc,cpu         ] GC(526) User=0.02s Sys=0.00s Real=0.01s
[209.777s][info][gc,start       ] GC(527) Pause Young (Allocation Failure)
[209.778s][info][gc,heap        ] GC(527) PSYoungGen: 298240K(315392K)->64K(312832K) Eden: 296960K(296960K)->0K(297472K) From: 1280K(18432K)->64K(15360K)
[209.778s][info][gc,heap        ] GC(527) ParOldGen: 115091K(175104K)->115099K(175104K)
[209.778s][info][gc,metaspace   ] GC(527) Metaspace: 35153K(35840K)->35153K(35840K) NonClass: 28893K(29376K)->28893K(29376K) Class: 6260K(6464K)->6260K(6464K)
[209.778s][info][gc             ] GC(527) Pause Young (Allocation Failure) 403M->112M(476M) 1.219ms
[209.778s][info][gc,cpu         ] GC(527) User=0.01s Sys=0.00s Real=0.00s
[210.154s][info][gc,start       ] GC(528) Pause Young (Allocation Failure)
[210.155s][info][gc,heap        ] GC(528) PSYoungGen: 297536K(312832K)->64K(314368K) Eden: 297472K(297472K)->0K(297472K) From: 64K(15360K)->64K(16896K)
[210.155s][info][gc,heap        ] GC(528) ParOldGen: 115099K(175104K)->115107K(175104K)
[210.155s][info][gc,metaspace   ] GC(528) Metaspace: 35153K(35840K)->35153K(35840K) NonClass: 28893K(29376K)->28893K(29376K) Class: 6260K(6464K)->6260K(6464K)
[210.155s][info][gc             ] GC(528) Pause Young (Allocation Failure) 402M->112M(478M) 0.926ms
[210.155s][info][gc,cpu         ] GC(528) User=0.00s Sys=0.00s Real=0.00s
[210.599s][info][gc,start       ] GC(529) Pause Young (Allocation Failure)
[210.600s][info][gc,heap        ] GC(529) PSYoungGen: 297536K(314368K)->64K(314368K) Eden: 297472K(297472K)->0K(300544K) From: 64K(16896K)->64K(13824K)
[210.600s][info][gc,heap        ] GC(529) ParOldGen: 115107K(175104K)->115123K(175104K)
[210.600s][info][gc,metaspace   ] GC(529) Metaspace: 35153K(35840K)->35153K(35840K) NonClass: 28893K(29376K)->28893K(29376K) Class: 6260K(6464K)->6260K(6464K)
[210.600s][info][gc             ] GC(529) Pause Young (Allocation Failure) 402M->112M(478M) 0.906ms
[210.600s][info][gc,cpu         ] GC(529) User=0.00s Sys=0.00s Real=0.00s
[210.827s][info][gc,start       ] GC(530) Pause Young (Allocation Failure)
[210.828s][info][gc,heap        ] GC(530) PSYoungGen: 300608K(314368K)->64K(315904K) Eden: 300544K(300544K)->0K(300544K) From: 64K(13824K)->64K(15360K)
[210.828s][info][gc,heap        ] GC(530) ParOldGen: 115123K(175104K)->115139K(175104K)
[210.828s][info][gc,metaspace   ] GC(530) Metaspace: 35153K(35840K)->35153K(35840K) NonClass: 28893K(29376K)->28893K(29376K) Class: 6260K(6464K)->6260K(6464K)
[210.828s][info][gc             ] GC(530) Pause Young (Allocation Failure) 405M->112M(479M) 0.884ms
[210.828s][info][gc,cpu         ] GC(530) User=0.00s Sys=0.00s Real=0.00s
[211.048s][info][gc,start       ] GC(531) Pause Young (Allocation Failure)
[211.049s][info][gc,heap        ] GC(531) PSYoungGen: 300608K(315904K)->64K(315904K) Eden: 300544K(300544K)->0K(303616K) From: 64K(15360K)->64K(12288K)
[211.049s][info][gc,heap        ] GC(531) ParOldGen: 115139K(175104K)->115139K(175104K)
[211.049s][info][gc,metaspace   ] GC(531) Metaspace: 35153K(35840K)->35153K(35840K) NonClass: 28893K(29376K)->28893K(29376K) Class: 6260K(6464K)->6260K(6464K)
[211.049s][info][gc             ] GC(531) Pause Young (Allocation Failure) 406M->112M(479M) 0.825ms
[211.049s][info][gc,cpu         ] GC(531) User=0.00s Sys=0.00s Real=0.00s
[211.354s][info][gc,start       ] GC(532) Pause Young (Allocation Failure)
[211.355s][info][gc,heap        ] GC(532) PSYoungGen: 303680K(315904K)->64K(317440K) Eden: 303616K(303616K)->0K(303616K) From: 64K(12288K)->64K(13824K)
[211.355s][info][gc,heap        ] GC(532) ParOldGen: 115139K(175104K)->115139K(175104K)
[211.355s][info][gc,metaspace   ] GC(532) Metaspace: 35153K(35840K)->35153K(35840K) NonClass: 28893K(29376K)->28893K(29376K) Class: 6260K(6464K)->6260K(6464K)
[211.355s][info][gc             ] GC(532) Pause Young (Allocation Failure) 409M->112M(481M) 0.838ms
[211.355s][info][gc,cpu         ] GC(532) User=0.00s Sys=0.00s Real=0.00s
[211.409s][info][gc,start       ] GC(533) Pause Young (Allocation Failure)
[211.410s][info][gc,heap        ] GC(533) PSYoungGen: 303680K(317440K)->64K(317440K) Eden: 303616K(303616K)->0K(306688K) From: 64K(13824K)->64K(10752K)
[211.410s][info][gc,heap        ] GC(533) ParOldGen: 115139K(175104K)->115155K(175104K)
[211.410s][info][gc,metaspace   ] GC(533) Metaspace: 35153K(35840K)->35153K(35840K) NonClass: 28893K(29376K)->28893K(29376K) Class: 6260K(6464K)->6260K(6464K)
[211.410s][info][gc             ] GC(533) Pause Young (Allocation Failure) 409M->112M(481M) 0.791ms
[211.410s][info][gc,cpu         ] GC(533) User=0.00s Sys=0.00s Real=0.00s
[211.503s][info][gc,start       ] GC(534) Pause Young (Allocation Failure)
[211.503s][info][gc,heap        ] GC(534) PSYoungGen: 306752K(317440K)->64K(318976K) Eden: 306688K(306688K)->0K(306688K) From: 64K(10752K)->64K(12288K)
[211.503s][info][gc,heap        ] GC(534) ParOldGen: 115155K(175104K)->115155K(175104K)
[211.503s][info][gc,metaspace   ] GC(534) Metaspace: 35153K(35840K)->35153K(35840K) NonClass: 28893K(29376K)->28893K(29376K) Class: 6260K(6464K)->6260K(6464K)
[211.504s][info][gc             ] GC(534) Pause Young (Allocation Failure) 412M->112M(482M) 0.756ms
[211.504s][info][gc,cpu         ] GC(534) User=0.00s Sys=0.00s Real=0.00s
[211.726s][info][gc,start       ] GC(535) Pause Young (Allocation Failure)
[211.727s][info][gc,heap        ] GC(535) PSYoungGen: 306752K(318976K)->64K(294912K) Eden: 306688K(306688K)->0K(294400K) From: 64K(12288K)->64K(512K)
[211.727s][info][gc,heap        ] GC(535) ParOldGen: 115155K(175104K)->115171K(175104K)
[211.727s][info][gc,metaspace   ] GC(535) Metaspace: 35153K(35840K)->35153K(35840K) NonClass: 28893K(29376K)->28893K(29376K) Class: 6260K(6464K)->6260K(6464K)
[211.727s][info][gc             ] GC(535) Pause Young (Allocation Failure) 412M->112M(459M) 1.457ms
[211.727s][info][gc,cpu         ] GC(535) User=0.00s Sys=0.00s Real=0.00s
[211.906s][info][gc,start       ] GC(536) Pause Young (Allocation Failure)
[211.906s][info][gc,heap        ] GC(536) PSYoungGen: 294464K(294912K)->64K(293888K) Eden: 294400K(294400K)->0K(282624K) From: 64K(512K)->64K(11264K)
[211.906s][info][gc,heap        ] GC(536) ParOldGen: 115171K(175104K)->115171K(175104K)
[211.906s][info][gc,metaspace   ] GC(536) Metaspace: 35153K(35840K)->35153K(35840K) NonClass: 28893K(29376K)->28893K(29376K) Class: 6260K(6464K)->6260K(6464K)
[211.906s][info][gc             ] GC(536) Pause Young (Allocation Failure) 400M->112M(458M) 0.839ms
[211.906s][info][gc,cpu         ] GC(536) User=0.00s Sys=0.00s Real=0.00s
[211.980s][info][gc,start       ] GC(537) Pause Young (Allocation Failure)
[211.981s][info][gc,heap        ] GC(537) PSYoungGen: 282688K(293888K)->64K(271872K) Eden: 282624K(282624K)->0K(271360K) From: 64K(11264K)->64K(512K)
[211.981s][info][gc,heap        ] GC(537) ParOldGen: 115171K(175104K)->115187K(175104K)
[211.981s][info][gc,metaspace   ] GC(537) Metaspace: 35153K(35840K)->35153K(35840K) NonClass: 28893K(29376K)->28893K(29376K) Class: 6260K(6464K)->6260K(6464K)
[211.981s][info][gc             ] GC(537) Pause Young (Allocation Failure) 388M->112M(436M) 0.997ms
[211.981s][info][gc,cpu         ] GC(537) User=0.00s Sys=0.00s Real=0.01s
[212.095s][info][gc,start       ] GC(538) Pause Young (Allocation Failure)
[212.096s][info][gc,heap        ] GC(538) PSYoungGen: 271424K(271872K)->64K(270336K) Eden: 271360K(271360K)->0K(260608K) From: 64K(512K)->64K(9728K)
[212.096s][info][gc,heap        ] GC(538) ParOldGen: 115187K(175104K)->115187K(175104K)
[212.096s][info][gc,metaspace   ] GC(538) Metaspace: 35153K(35840K)->35153K(35840K) NonClass: 28893K(29376K)->28893K(29376K) Class: 6260K(6464K)->6260K(6464K)
[212.096s][info][gc             ] GC(538) Pause Young (Allocation Failure) 377M->112M(435M) 0.886ms
[212.096s][info][gc,cpu         ] GC(538) User=0.00s Sys=0.00s Real=0.00s
[212.327s][info][gc,start       ] GC(539) Pause Young (Allocation Failure)
[212.329s][info][gc,heap        ] GC(539) PSYoungGen: 260672K(270336K)->64K(250880K) Eden: 260608K(260608K)->0K(250368K) From: 64K(9728K)->64K(512K)
[212.329s][info][gc,heap        ] GC(539) ParOldGen: 115187K(175104K)->115195K(175104K)
[212.329s][info][gc,metaspace   ] GC(539) Metaspace: 35153K(35840K)->35153K(35840K) NonClass: 28893K(29376K)->28893K(29376K) Class: 6260K(6464K)->6260K(6464K)
[212.329s][info][gc             ] GC(539) Pause Young (Allocation Failure) 367M->112M(416M) 1.747ms
[212.329s][info][gc,cpu         ] GC(539) User=0.00s Sys=0.00s Real=0.00s
[213.138s][info][gc,start       ] GC(540) Pause Young (Allocation Failure)
[213.138s][info][gc,heap        ] GC(540) PSYoungGen: 250432K(250880K)->83K(249344K) Eden: 250368K(250368K)->0K(240640K) From: 64K(512K)->83K(8704K)
[213.139s][info][gc,heap        ] GC(540) ParOldGen: 115195K(175104K)->115203K(175104K)
[213.139s][info][gc,metaspace   ] GC(540) Metaspace: 35153K(35840K)->35153K(35840K) NonClass: 28893K(29376K)->28893K(29376K) Class: 6260K(6464K)->6260K(6464K)
[213.139s][info][gc             ] GC(540) Pause Young (Allocation Failure) 357M->112M(414M) 0.749ms
[213.139s][info][gc,cpu         ] GC(540) User=0.00s Sys=0.00s Real=0.00s
[213.985s][info][gc,start       ] GC(541) Pause Young (Allocation Failure)
[213.987s][info][gc,heap        ] GC(541) PSYoungGen: 240723K(249344K)->64K(231936K) Eden: 240640K(240640K)->0K(231424K) From: 83K(8704K)->64K(512K)
[213.987s][info][gc,heap        ] GC(541) ParOldGen: 115203K(175104K)->115211K(175104K)
[213.987s][info][gc,metaspace   ] GC(541) Metaspace: 35153K(35840K)->35153K(35840K) NonClass: 28893K(29376K)->28893K(29376K) Class: 6260K(6464K)->6260K(6464K)
[213.987s][info][gc             ] GC(541) Pause Young (Allocation Failure) 347M->112M(397M) 1.519ms
[213.987s][info][gc,cpu         ] GC(541) User=0.01s Sys=0.00s Real=0.00s
[214.155s][info][gc,start       ] GC(542) Pause Young (Allocation Failure)
[214.155s][info][gc,heap        ] GC(542) PSYoungGen: 231488K(231936K)->64K(230400K) Eden: 231424K(231424K)->0K(222720K) From: 64K(512K)->64K(7680K)
[214.156s][info][gc,heap        ] GC(542) ParOldGen: 115211K(175104K)->115219K(175104K)
[214.156s][info][gc,metaspace   ] GC(542) Metaspace: 35153K(35840K)->35153K(35840K) NonClass: 28893K(29376K)->28893K(29376K) Class: 6260K(6464K)->6260K(6464K)
[214.156s][info][gc             ] GC(542) Pause Young (Allocation Failure) 338M->112M(396M) 0.702ms
[214.156s][info][gc,cpu         ] GC(542) User=0.00s Sys=0.00s Real=0.00s
[214.558s][info][gc,start       ] GC(543) Pause Young (Allocation Failure)
[214.559s][info][gc,heap        ] GC(543) PSYoungGen: 222784K(230400K)->64K(215040K) Eden: 222720K(222720K)->0K(214528K) From: 64K(7680K)->64K(512K)
[214.559s][info][gc,heap        ] GC(543) ParOldGen: 115219K(175104K)->115227K(175104K)
[214.559s][info][gc,metaspace   ] GC(543) Metaspace: 35153K(35840K)->35153K(35840K) NonClass: 28893K(29376K)->28893K(29376K) Class: 6260K(6464K)->6260K(6464K)
[214.559s][info][gc             ] GC(543) Pause Young (Allocation Failure) 330M->112M(381M) 1.350ms
[214.559s][info][gc,cpu         ] GC(543) User=0.01s Sys=0.00s Real=0.00s
[215.465s][info][gc,start       ] GC(544) Pause Young (Allocation Failure)
[215.465s][info][gc,heap        ] GC(544) PSYoungGen: 214592K(215040K)->111K(213504K) Eden: 214528K(214528K)->0K(206848K) From: 64K(512K)->111K(6656K)
[215.466s][info][gc,heap        ] GC(544) ParOldGen: 115227K(175104K)->115235K(175104K)
[215.466s][info][gc,metaspace   ] GC(544) Metaspace: 35153K(35840K)->35153K(35840K) NonClass: 28893K(29376K)->28893K(29376K) Class: 6260K(6464K)->6260K(6464K)
[215.466s][info][gc             ] GC(544) Pause Young (Allocation Failure) 322M->112M(379M) 0.769ms
[215.466s][info][gc,cpu         ] GC(544) User=0.00s Sys=0.00s Real=0.00s
[215.666s][info][gc,start       ] GC(545) Pause Young (Allocation Failure)
[215.668s][info][gc,heap        ] GC(545) PSYoungGen: 206959K(213504K)->64K(199680K) Eden: 206848K(206848K)->0K(199168K) From: 111K(6656K)->64K(512K)
[215.668s][info][gc,heap        ] GC(545) ParOldGen: 115235K(175104K)->115243K(175104K)
[215.668s][info][gc,metaspace   ] GC(545) Metaspace: 35153K(35840K)->35153K(35840K) NonClass: 28893K(29376K)->28893K(29376K) Class: 6260K(6464K)->6260K(6464K)
[215.668s][info][gc             ] GC(545) Pause Young (Allocation Failure) 314M->112M(366M) 1.497ms
[215.668s][info][gc,cpu         ] GC(545) User=0.00s Sys=0.00s Real=0.00s
[215.983s][info][gc,start       ] GC(546) Pause Young (Allocation Failure)
[215.984s][info][gc,heap        ] GC(546) PSYoungGen: 199232K(199680K)->64K(197632K) Eden: 199168K(199168K)->0K(192000K) From: 64K(512K)->64K(5632K)
[215.984s][info][gc,heap        ] GC(546) ParOldGen: 115243K(175104K)->115251K(175104K)
[215.984s][info][gc,metaspace   ] GC(546) Metaspace: 35153K(35840K)->35153K(35840K) NonClass: 28893K(29376K)->28893K(29376K) Class: 6260K(6464K)->6260K(6464K)
[215.984s][info][gc             ] GC(546) Pause Young (Allocation Failure) 307M->112M(364M) 0.815ms
[215.984s][info][gc,cpu         ] GC(546) User=0.00s Sys=0.01s Real=0.00s
[216.121s][info][gc,start       ] GC(547) Pause Young (Allocation Failure)
[216.122s][info][gc,heap        ] GC(547) PSYoungGen: 192064K(197632K)->64K(185856K) Eden: 192000K(192000K)->0K(185344K) From: 64K(5632K)->64K(512K)
[216.122s][info][gc,heap        ] GC(547) ParOldGen: 115251K(175104K)->115259K(175104K)
[216.122s][info][gc,metaspace   ] GC(547) Metaspace: 35153K(35840K)->35153K(35840K) NonClass: 28893K(29376K)->28893K(29376K) Class: 6260K(6464K)->6260K(6464K)
[216.122s][info][gc             ] GC(547) Pause Young (Allocation Failure) 300M->112M(352M) 1.124ms
[216.122s][info][gc,cpu         ] GC(547) User=0.00s Sys=0.00s Real=0.00s
[216.188s][info][gc,start       ] GC(548) Pause Young (Allocation Failure)
[216.188s][info][gc,heap        ] GC(548) PSYoungGen: 185408K(185856K)->64K(183296K) Eden: 185344K(185344K)->0K(178688K) From: 64K(512K)->64K(4608K)
[216.188s][info][gc,heap        ] GC(548) ParOldGen: 115259K(175104K)->115267K(175104K)
[216.188s][info][gc,metaspace   ] GC(548) Metaspace: 35153K(35840K)->35153K(35840K) NonClass: 28893K(29376K)->28893K(29376K) Class: 6260K(6464K)->6260K(6464K)
[216.188s][info][gc             ] GC(548) Pause Young (Allocation Failure) 293M->112M(350M) 0.764ms
[216.188s][info][gc,cpu         ] GC(548) User=0.00s Sys=0.00s Real=0.00s
[216.577s][info][gc,start       ] GC(549) Pause Young (Allocation Failure)
[216.578s][info][gc,heap        ] GC(549) PSYoungGen: 178752K(183296K)->64K(173056K) Eden: 178688K(178688K)->0K(172544K) From: 64K(4608K)->64K(512K)
[216.578s][info][gc,heap        ] GC(549) ParOldGen: 115267K(175104K)->115275K(175104K)
[216.578s][info][gc,metaspace   ] GC(549) Metaspace: 35153K(35840K)->35153K(35840K) NonClass: 28893K(29376K)->28893K(29376K) Class: 6260K(6464K)->6260K(6464K)
[216.578s][info][gc             ] GC(549) Pause Young (Allocation Failure) 287M->112M(340M) 1.239ms
[216.578s][info][gc,cpu         ] GC(549) User=0.00s Sys=0.00s Real=0.00s
[216.892s][info][gc,start       ] GC(550) Pause Young (Allocation Failure)
[216.893s][info][gc,heap        ] GC(550) PSYoungGen: 172608K(173056K)->64K(170496K) Eden: 172544K(172544K)->0K(166400K) From: 64K(512K)->64K(4096K)
[216.893s][info][gc,heap        ] GC(550) ParOldGen: 115275K(175104K)->115283K(175104K)
[216.893s][info][gc,metaspace   ] GC(550) Metaspace: 35153K(35840K)->35153K(35840K) NonClass: 28893K(29376K)->28893K(29376K) Class: 6260K(6464K)->6260K(6464K)
[216.893s][info][gc             ] GC(550) Pause Young (Allocation Failure) 281M->112M(337M) 0.744ms
[216.893s][info][gc,cpu         ] GC(550) User=0.00s Sys=0.00s Real=0.00s
[217.138s][info][gc,start       ] GC(551) Pause Young (Allocation Failure)
[217.139s][info][gc,heap        ] GC(551) PSYoungGen: 166464K(170496K)->64K(161280K) Eden: 166400K(166400K)->0K(160768K) From: 64K(4096K)->64K(512K)
[217.139s][info][gc,heap        ] GC(551) ParOldGen: 115283K(175104K)->115291K(175104K)
[217.139s][info][gc,metaspace   ] GC(551) Metaspace: 35153K(35840K)->35153K(35840K) NonClass: 28893K(29376K)->28893K(29376K) Class: 6260K(6464K)->6260K(6464K)
[217.139s][info][gc             ] GC(551) Pause Young (Allocation Failure) 275M->112M(328M) 1.234ms
[217.139s][info][gc,cpu         ] GC(551) User=0.00s Sys=0.00s Real=0.00s
[217.381s][info][gc,start       ] GC(552) Pause Young (Allocation Failure)
[217.397s][info][gc,heap        ] GC(552) PSYoungGen: 160832K(161280K)->3584K(195584K) Eden: 160768K(160768K)->0K(192000K) From: 64K(512K)->3584K(3584K)
[217.397s][info][gc,heap        ] GC(552) ParOldGen: 115291K(175104K)->122547K(175104K)
[217.397s][info][gc,metaspace   ] GC(552) Metaspace: 35153K(35840K)->35153K(35840K) NonClass: 28893K(29376K)->28893K(29376K) Class: 6260K(6464K)->6260K(6464K)
[217.397s][info][gc             ] GC(552) Pause Young (Allocation Failure) 269M->123M(362M) 16.836ms
[217.397s][info][gc,cpu         ] GC(552) User=0.03s Sys=0.00s Real=0.02s
[217.616s][info][gc,start       ] GC(553) Pause Young (Allocation Failure)
[217.650s][info][gc,heap        ] GC(553) PSYoungGen: 195584K(195584K)->3584K(233472K) Eden: 192000K(192000K)->0K(229888K) From: 3584K(3584K)->3584K(3584K)
[217.650s][info][gc,heap        ] GC(553) ParOldGen: 122547K(175104K)->139627K(175104K)
[217.650s][info][gc,metaspace   ] GC(553) Metaspace: 35153K(35840K)->35153K(35840K) NonClass: 28893K(29376K)->28893K(29376K) Class: 6260K(6464K)->6260K(6464K)
[217.650s][info][gc             ] GC(553) Pause Young (Allocation Failure) 310M->139M(399M) 34.045ms
[217.650s][info][gc,cpu         ] GC(553) User=0.06s Sys=0.00s Real=0.03s
[217.908s][info][gc,start       ] GC(554) Pause Young (Allocation Failure)
[217.949s][info][gc,heap        ] GC(554) PSYoungGen: 233472K(233472K)->13824K(258048K) Eden: 229888K(229888K)->0K(244224K) From: 3584K(3584K)->13824K(13824K)
[217.949s][info][gc,heap        ] GC(554) ParOldGen: 139627K(175104K)->150819K(175104K)
[217.949s][info][gc,metaspace   ] GC(554) Metaspace: 35153K(35840K)->35153K(35840K) NonClass: 28893K(29376K)->28893K(29376K) Class: 6260K(6464K)->6260K(6464K)
[217.949s][info][gc             ] GC(554) Pause Young (Allocation Failure) 364M->160M(423M) 40.666ms
[217.949s][info][gc,cpu         ] GC(554) User=0.08s Sys=0.00s Real=0.04s
[218.118s][info][gc,start       ] GC(555) Pause Young (Allocation Failure)
[218.147s][info][gc,heap        ] GC(555) PSYoungGen: 258048K(258048K)->13376K(295424K) Eden: 244224K(244224K)->0K(274432K) From: 13824K(13824K)->13376K(20992K)
[218.147s][info][gc,heap        ] GC(555) ParOldGen: 150819K(175104K)->151219K(175104K)
[218.147s][info][gc,metaspace   ] GC(555) Metaspace: 35153K(35840K)->35153K(35840K) NonClass: 28893K(29376K)->28893K(29376K) Class: 6260K(6464K)->6260K(6464K)
[218.147s][info][gc             ] GC(555) Pause Young (Allocation Failure) 399M->160M(459M) 28.817ms
[218.147s][info][gc,cpu         ] GC(555) User=0.05s Sys=0.01s Real=0.03s
[218.423s][info][gc,start       ] GC(556) Pause Young (Allocation Failure)
[218.424s][info][gc,heap        ] GC(556) PSYoungGen: 287808K(295424K)->64K(296448K) Eden: 274432K(274432K)->0K(274432K) From: 13376K(20992K)->64K(22016K)
[218.424s][info][gc,heap        ] GC(556) ParOldGen: 151219K(175104K)->151227K(175104K)
[218.424s][info][gc,metaspace   ] GC(556) Metaspace: 35153K(35840K)->35153K(35840K) NonClass: 28893K(29376K)->28893K(29376K) Class: 6260K(6464K)->6260K(6464K)
[218.424s][info][gc             ] GC(556) Pause Young (Allocation Failure) 428M->147M(460M) 0.879ms
[218.424s][info][gc,cpu         ] GC(556) User=0.00s Sys=0.00s Real=0.00s
[219.072s][info][gc,start       ] GC(557) Pause Young (Allocation Failure)
[219.072s][info][gc,heap        ] GC(557) PSYoungGen: 274496K(296448K)->64K(310272K) Eden: 274432K(274432K)->0K(290304K) From: 64K(22016K)->64K(19968K)
[219.072s][info][gc,heap        ] GC(557) ParOldGen: 151227K(175104K)->151235K(175104K)
[219.072s][info][gc,metaspace   ] GC(557) Metaspace: 35153K(35840K)->35153K(35840K) NonClass: 28893K(29376K)->28893K(29376K) Class: 6260K(6464K)->6260K(6464K)
[219.072s][info][gc             ] GC(557) Pause Young (Allocation Failure) 415M->147M(474M) 0.891ms
[219.072s][info][gc,cpu         ] GC(557) User=0.01s Sys=0.00s Real=0.00s
[219.351s][info][gc,start       ] GC(558) Pause Young (Allocation Failure)
[219.352s][info][gc,heap        ] GC(558) PSYoungGen: 290368K(310272K)->64K(311296K) Eden: 290304K(290304K)->0K(290304K) From: 64K(19968K)->64K(20992K)
[219.352s][info][gc,heap        ] GC(558) ParOldGen: 151235K(175104K)->151251K(175104K)
[219.352s][info][gc,metaspace   ] GC(558) Metaspace: 35153K(35840K)->35153K(35840K) NonClass: 28893K(29376K)->28893K(29376K) Class: 6260K(6464K)->6260K(6464K)
[219.352s][info][gc             ] GC(558) Pause Young (Allocation Failure) 431M->147M(475M) 1.591ms
[219.352s][info][gc,cpu         ] GC(558) User=0.00s Sys=0.00s Real=0.00s
[219.769s][info][gc,start       ] GC(559) Pause Young (Allocation Failure)
[219.771s][info][gc,heap        ] GC(559) PSYoungGen: 290368K(311296K)->64K(310272K) Eden: 290304K(290304K)->0K(292352K) From: 64K(20992K)->64K(17920K)
[219.771s][info][gc,heap        ] GC(559) ParOldGen: 151251K(175104K)->151267K(175104K)
[219.771s][info][gc,metaspace   ] GC(559) Metaspace: 35153K(35840K)->35153K(35840K) NonClass: 28893K(29376K)->28893K(29376K) Class: 6260K(6464K)->6260K(6464K)
[219.771s][info][gc             ] GC(559) Pause Young (Allocation Failure) 431M->147M(474M) 1.523ms
[219.771s][info][gc,cpu         ] GC(559) User=0.00s Sys=0.00s Real=0.01s
[219.994s][info][gc,start       ] GC(560) Pause Young (Allocation Failure)
[219.996s][info][gc,heap        ] GC(560) PSYoungGen: 292416K(310272K)->32K(311808K) Eden: 292352K(292352K)->0K(292352K) From: 64K(17920K)->32K(19456K)
[219.996s][info][gc,heap        ] GC(560) ParOldGen: 151267K(175104K)->151283K(175104K)
[219.996s][info][gc,metaspace   ] GC(560) Metaspace: 35153K(35840K)->35153K(35840K) NonClass: 28893K(29376K)->28893K(29376K) Class: 6260K(6464K)->6260K(6464K)
[219.996s][info][gc             ] GC(560) Pause Young (Allocation Failure) 433M->147M(475M) 1.479ms
[219.996s][info][gc,cpu         ] GC(560) User=0.00s Sys=0.00s Real=0.00s
[220.335s][info][gc,start       ] GC(561) Pause Young (Allocation Failure)
[220.336s][info][gc,heap        ] GC(561) PSYoungGen: 292384K(311808K)->64K(311808K) Eden: 292352K(292352K)->0K(295424K) From: 32K(19456K)->64K(16384K)
[220.336s][info][gc,heap        ] GC(561) ParOldGen: 151283K(175104K)->151283K(175104K)
[220.336s][info][gc,metaspace   ] GC(561) Metaspace: 35153K(35840K)->35153K(35840K) NonClass: 28893K(29376K)->28893K(29376K) Class: 6260K(6464K)->6260K(6464K)
[220.336s][info][gc             ] GC(561) Pause Young (Allocation Failure) 433M->147M(475M) 1.621ms
[220.337s][info][gc,cpu         ] GC(561) User=0.00s Sys=0.00s Real=0.00s
[220.492s][info][gc,start       ] GC(562) Pause Young (Allocation Failure)
[220.494s][info][gc,heap        ] GC(562) PSYoungGen: 295488K(311808K)->64K(313344K) Eden: 295424K(295424K)->0K(295424K) From: 64K(16384K)->64K(17920K)
[220.494s][info][gc,heap        ] GC(562) ParOldGen: 151283K(175104K)->151299K(175104K)
[220.494s][info][gc,metaspace   ] GC(562) Metaspace: 35153K(35840K)->35153K(35840K) NonClass: 28893K(29376K)->28893K(29376K) Class: 6260K(6464K)->6260K(6464K)
[220.494s][info][gc             ] GC(562) Pause Young (Allocation Failure) 436M->147M(477M) 1.484ms
[220.494s][info][gc,cpu         ] GC(562) User=0.00s Sys=0.00s Real=0.00s
[220.551s][info][gc,start       ] GC(563) Pause Young (Allocation Failure)
[220.553s][info][gc,heap        ] GC(563) PSYoungGen: 295488K(313344K)->32K(314368K) Eden: 295424K(295424K)->0K(299008K) From: 64K(17920K)->32K(15360K)
[220.553s][info][gc,heap        ] GC(563) ParOldGen: 151299K(175104K)->151315K(175104K)
[220.553s][info][gc,metaspace   ] GC(563) Metaspace: 35153K(35840K)->35153K(35840K) NonClass: 28893K(29376K)->28893K(29376K) Class: 6260K(6464K)->6260K(6464K)
[220.553s][info][gc             ] GC(563) Pause Young (Allocation Failure) 436M->147M(478M) 1.562ms
[220.553s][info][gc,cpu         ] GC(563) User=0.00s Sys=0.00s Real=0.00s
[220.664s][info][gc,start       ] GC(564) Pause Young (Allocation Failure)
[220.665s][info][gc,heap        ] GC(564) PSYoungGen: 299040K(314368K)->64K(315392K) Eden: 299008K(299008K)->0K(299008K) From: 32K(15360K)->64K(16384K)
[220.665s][info][gc,heap        ] GC(564) ParOldGen: 151315K(175104K)->151315K(175104K)
[220.665s][info][gc,metaspace   ] GC(564) Metaspace: 35153K(35840K)->35153K(35840K) NonClass: 28893K(29376K)->28893K(29376K) Class: 6260K(6464K)->6260K(6464K)
[220.665s][info][gc             ] GC(564) Pause Young (Allocation Failure) 439M->147M(479M) 1.405ms
[220.665s][info][gc,cpu         ] GC(564) User=0.00s Sys=0.00s Real=0.00s
[220.884s][info][gc,start       ] GC(565) Pause Young (Allocation Failure)
[220.886s][info][gc,heap        ] GC(565) PSYoungGen: 299072K(315392K)->32K(315392K) Eden: 299008K(299008K)->0K(302080K) From: 64K(16384K)->32K(13312K)
[220.886s][info][gc,heap        ] GC(565) ParOldGen: 151315K(175104K)->151331K(175104K)
[220.886s][info][gc,metaspace   ] GC(565) Metaspace: 35153K(35840K)->35153K(35840K) NonClass: 28893K(29376K)->28893K(29376K) Class: 6260K(6464K)->6260K(6464K)
[220.886s][info][gc             ] GC(565) Pause Young (Allocation Failure) 439M->147M(479M) 1.484ms
[220.886s][info][gc,cpu         ] GC(565) User=0.00s Sys=0.00s Real=0.00s
[221.056s][info][gc,start       ] GC(566) Pause Young (Allocation Failure)
[221.057s][info][gc,heap        ] GC(566) PSYoungGen: 302112K(315392K)->64K(316416K) Eden: 302080K(302080K)->0K(302080K) From: 32K(13312K)->64K(14336K)
[221.057s][info][gc,heap        ] GC(566) ParOldGen: 151331K(175104K)->151331K(175104K)
[221.057s][info][gc,metaspace   ] GC(566) Metaspace: 35153K(35840K)->35153K(35840K) NonClass: 28893K(29376K)->28893K(29376K) Class: 6260K(6464K)->6260K(6464K)
[221.058s][info][gc             ] GC(566) Pause Young (Allocation Failure) 442M->147M(480M) 1.446ms
[221.058s][info][gc,cpu         ] GC(566) User=0.00s Sys=0.00s Real=0.00s
[221.137s][info][gc,start       ] GC(567) Pause Young (Allocation Failure)
[221.138s][info][gc,heap        ] GC(567) PSYoungGen: 302144K(316416K)->32K(316928K) Eden: 302080K(302080K)->0K(305664K) From: 64K(14336K)->32K(11264K)
[221.139s][info][gc,heap        ] GC(567) ParOldGen: 151331K(175104K)->151347K(175104K)
[221.139s][info][gc,metaspace   ] GC(567) Metaspace: 35153K(35840K)->35153K(35840K) NonClass: 28893K(29376K)->28893K(29376K) Class: 6260K(6464K)->6260K(6464K)
[221.139s][info][gc             ] GC(567) Pause Young (Allocation Failure) 442M->147M(480M) 1.374ms
[221.139s][info][gc,cpu         ] GC(567) User=0.00s Sys=0.00s Real=0.00s
[221.285s][info][gc,start       ] GC(568) Pause Young (Allocation Failure)
[221.287s][info][gc,heap        ] GC(568) PSYoungGen: 305696K(316928K)->64K(318464K) Eden: 305664K(305664K)->0K(305664K) From: 32K(11264K)->64K(12800K)
[221.287s][info][gc,heap        ] GC(568) ParOldGen: 151347K(175104K)->151347K(175104K)
[221.287s][info][gc,metaspace   ] GC(568) Metaspace: 35153K(35840K)->35153K(35840K) NonClass: 28893K(29376K)->28893K(29376K) Class: 6260K(6464K)->6260K(6464K)
[221.287s][info][gc             ] GC(568) Pause Young (Allocation Failure) 446M->147M(482M) 1.417ms
[221.287s][info][gc,cpu         ] GC(568) User=0.00s Sys=0.00s Real=0.00s
[221.691s][info][gc,start       ] GC(569) Pause Young (Allocation Failure)
[221.693s][info][gc,heap        ] GC(569) PSYoungGen: 305728K(318464K)->64K(318464K) Eden: 305664K(305664K)->0K(308736K) From: 64K(12800K)->64K(9728K)
[221.693s][info][gc,heap        ] GC(569) ParOldGen: 151347K(175104K)->151355K(175104K)
[221.693s][info][gc,metaspace   ] GC(569) Metaspace: 35153K(35840K)->35153K(35840K) NonClass: 28893K(29376K)->28893K(29376K) Class: 6260K(6464K)->6260K(6464K)
[221.693s][info][gc             ] GC(569) Pause Young (Allocation Failure) 446M->147M(482M) 1.217ms
[221.693s][info][gc,cpu         ] GC(569) User=0.01s Sys=0.00s Real=0.00s
[223.134s][info][gc,start       ] GC(570) Pause Young (Allocation Failure)
[223.135s][info][gc,heap        ] GC(570) PSYoungGen: 308800K(318464K)->64K(296960K) Eden: 308736K(308736K)->0K(296448K) From: 64K(9728K)->64K(512K)
[223.135s][info][gc,heap        ] GC(570) ParOldGen: 151355K(175104K)->151363K(175104K)
[223.135s][info][gc,metaspace   ] GC(570) Metaspace: 35153K(35840K)->35153K(35840K) NonClass: 28893K(29376K)->28893K(29376K) Class: 6260K(6464K)->6260K(6464K)
[223.136s][info][gc             ] GC(570) Pause Young (Allocation Failure) 449M->147M(461M) 1.028ms
[223.136s][info][gc,cpu         ] GC(570) User=0.00s Sys=0.00s Real=0.00s
[223.349s][info][gc,start       ] GC(571) Pause Young (Allocation Failure)
[223.350s][info][gc,heap        ] GC(571) PSYoungGen: 296512K(296960K)->64K(285184K) Eden: 296448K(296448K)->0K(284672K) From: 64K(512K)->64K(512K)
[223.350s][info][gc,heap        ] GC(571) ParOldGen: 151363K(175104K)->151379K(175104K)
[223.350s][info][gc,metaspace   ] GC(571) Metaspace: 35153K(35840K)->35153K(35840K) NonClass: 28893K(29376K)->28893K(29376K) Class: 6260K(6464K)->6260K(6464K)
[223.350s][info][gc             ] GC(571) Pause Young (Allocation Failure) 437M->147M(449M) 1.576ms
[223.350s][info][gc,cpu         ] GC(571) User=0.00s Sys=0.00s Real=0.00s
[223.780s][info][gc,start       ] GC(572) Pause Young (Allocation Failure)
[223.782s][info][gc,heap        ] GC(572) PSYoungGen: 284736K(285184K)->64K(283136K) Eden: 284672K(284672K)->0K(273408K) From: 64K(512K)->64K(9728K)
[223.782s][info][gc,heap        ] GC(572) ParOldGen: 151379K(175104K)->151387K(175104K)
[223.782s][info][gc,metaspace   ] GC(572) Metaspace: 35153K(35840K)->35153K(35840K) NonClass: 28893K(29376K)->28893K(29376K) Class: 6260K(6464K)->6260K(6464K)
[223.782s][info][gc             ] GC(572) Pause Young (Allocation Failure) 425M->147M(447M) 1.462ms
[223.782s][info][gc,cpu         ] GC(572) User=0.01s Sys=0.00s Real=0.01s
[224.766s][info][gc,start       ] GC(573) Pause Young (Allocation Failure)
[224.768s][info][gc,heap        ] GC(573) PSYoungGen: 273472K(283136K)->32K(263168K) Eden: 273408K(273408K)->0K(262656K) From: 64K(9728K)->32K(512K)
[224.768s][info][gc,heap        ] GC(573) ParOldGen: 151387K(175104K)->151395K(175104K)
[224.768s][info][gc,metaspace   ] GC(573) Metaspace: 35153K(35840K)->35153K(35840K) NonClass: 28893K(29376K)->28893K(29376K) Class: 6260K(6464K)->6260K(6464K)
[224.768s][info][gc             ] GC(573) Pause Young (Allocation Failure) 414M->147M(428M) 1.877ms
[224.768s][info][gc,cpu         ] GC(573) User=0.01s Sys=0.00s Real=0.00s
[225.162s][info][gc,start       ] GC(574) Pause Young (Allocation Failure)
[225.162s][info][gc,heap        ] GC(574) PSYoungGen: 262688K(263168K)->64K(261120K) Eden: 262656K(262656K)->0K(252416K) From: 32K(512K)->64K(8704K)
[225.162s][info][gc,heap        ] GC(574) ParOldGen: 151395K(175104K)->151403K(175104K)
[225.162s][info][gc,metaspace   ] GC(574) Metaspace: 35153K(35840K)->35153K(35840K) NonClass: 28893K(29376K)->28893K(29376K) Class: 6260K(6464K)->6260K(6464K)
[225.163s][info][gc             ] GC(574) Pause Young (Allocation Failure) 404M->147M(426M) 0.961ms
[225.163s][info][gc,cpu         ] GC(574) User=0.00s Sys=0.00s Real=0.00s
[225.321s][info][gc,start       ] GC(575) Pause Young (Allocation Failure)
[225.322s][info][gc,heap        ] GC(575) PSYoungGen: 252480K(261120K)->64K(243200K) Eden: 252416K(252416K)->0K(242688K) From: 64K(8704K)->64K(512K)
[225.322s][info][gc,heap        ] GC(575) ParOldGen: 151403K(175104K)->151411K(175104K)
[225.322s][info][gc,metaspace   ] GC(575) Metaspace: 35153K(35840K)->35153K(35840K) NonClass: 28893K(29376K)->28893K(29376K) Class: 6260K(6464K)->6260K(6464K)
[225.322s][info][gc             ] GC(575) Pause Young (Allocation Failure) 394M->147M(408M) 1.671ms
[225.322s][info][gc,cpu         ] GC(575) User=0.00s Sys=0.00s Real=0.01s
[225.576s][info][gc,start       ] GC(576) Pause Young (Allocation Failure)
[225.577s][info][gc,heap        ] GC(576) PSYoungGen: 242752K(243200K)->64K(241152K) Eden: 242688K(242688K)->0K(233472K) From: 64K(512K)->64K(7680K)
[225.577s][info][gc,heap        ] GC(576) ParOldGen: 151411K(175104K)->151427K(175104K)
[225.577s][info][gc,metaspace   ] GC(576) Metaspace: 35153K(35840K)->35153K(35840K) NonClass: 28893K(29376K)->28893K(29376K) Class: 6260K(6464K)->6260K(6464K)
[225.577s][info][gc             ] GC(576) Pause Young (Allocation Failure) 384M->147M(406M) 1.455ms
[225.577s][info][gc,cpu         ] GC(576) User=0.00s Sys=0.00s Real=0.00s
[226.087s][info][gc,start       ] GC(577) Pause Young (Allocation Failure)
[226.090s][info][gc,heap        ] GC(577) PSYoungGen: 233536K(241152K)->64K(225280K) Eden: 233472K(233472K)->0K(224768K) From: 64K(7680K)->64K(512K)
[226.090s][info][gc,heap        ] GC(577) ParOldGen: 151427K(175104K)->151435K(175104K)
[226.090s][info][gc,metaspace   ] GC(577) Metaspace: 35153K(35840K)->35153K(35840K) NonClass: 28893K(29376K)->28893K(29376K) Class: 6260K(6464K)->6260K(6464K)
[226.090s][info][gc             ] GC(577) Pause Young (Allocation Failure) 375M->147M(391M) 2.686ms
[226.090s][info][gc,cpu         ] GC(577) User=0.00s Sys=0.00s Real=0.00s
[226.442s][info][gc,start       ] GC(578) Pause Young (Allocation Failure)
[226.444s][info][gc,heap        ] GC(578) PSYoungGen: 224832K(225280K)->32K(223232K) Eden: 224768K(224768K)->0K(216576K) From: 64K(512K)->32K(6656K)
[226.444s][info][gc,heap        ] GC(578) ParOldGen: 151435K(175104K)->151451K(175104K)
[226.444s][info][gc,metaspace   ] GC(578) Metaspace: 35153K(35840K)->35153K(35840K) NonClass: 28893K(29376K)->28893K(29376K) Class: 6260K(6464K)->6260K(6464K)
[226.444s][info][gc             ] GC(578) Pause Young (Allocation Failure) 367M->147M(389M) 1.597ms
[226.444s][info][gc,cpu         ] GC(578) User=0.00s Sys=0.00s Real=0.00s
[226.705s][info][gc,start       ] GC(579) Pause Young (Allocation Failure)
[226.742s][info][gc,heap        ] GC(579) PSYoungGen: 216608K(223232K)->6144K(265216K) Eden: 216576K(216576K)->0K(259072K) From: 32K(6656K)->6144K(6144K)
[226.742s][info][gc,heap        ] GC(579) ParOldGen: 151451K(175104K)->167123K(175104K)
[226.742s][info][gc,metaspace   ] GC(579) Metaspace: 35153K(35840K)->35153K(35840K) NonClass: 28893K(29376K)->28893K(29376K) Class: 6260K(6464K)->6260K(6464K)
[226.742s][info][gc             ] GC(579) Pause Young (Allocation Failure) 359M->169M(430M) 36.661ms
[226.742s][info][gc,cpu         ] GC(579) User=0.07s Sys=0.00s Real=0.04s
[227.036s][info][gc,start       ] GC(580) Pause Young (Allocation Failure)
[227.087s][info][gc,heap        ] GC(580) PSYoungGen: 265216K(265216K)->13312K(275456K) Eden: 259072K(259072K)->0K(262144K) From: 6144K(6144K)->13312K(13312K)
[227.087s][info][gc,heap        ] GC(580) ParOldGen: 167123K(175104K)->181883K(182272K)
[227.087s][info][gc,metaspace   ] GC(580) Metaspace: 35153K(35840K)->35153K(35840K) NonClass: 28893K(29376K)->28893K(29376K) Class: 6260K(6464K)->6260K(6464K)
[227.087s][info][gc             ] GC(580) Pause Young (Allocation Failure) 422M->190M(447M) 50.766ms
[227.087s][info][gc,cpu         ] GC(580) User=0.10s Sys=0.01s Real=0.05s
[227.317s][info][gc,start       ] GC(581) Pause Young (Allocation Failure)
[227.360s][info][gc,heap        ] GC(581) PSYoungGen: 275456K(275456K)->19680K(304128K) Eden: 262144K(262144K)->0K(282624K) From: 13312K(13312K)->19680K(21504K)
[227.360s][info][gc,heap        ] GC(581) ParOldGen: 181883K(182272K)->182427K(182784K)
[227.360s][info][gc,metaspace   ] GC(581) Metaspace: 35153K(35840K)->35153K(35840K) NonClass: 28893K(29376K)->28893K(29376K) Class: 6260K(6464K)->6260K(6464K)
[227.360s][info][gc             ] GC(581) Pause Young (Allocation Failure) 446M->197M(475M) 43.222ms
[227.360s][info][gc,cpu         ] GC(581) User=0.08s Sys=0.01s Real=0.04s
[227.562s][info][gc,start       ] GC(582) Pause Young (Allocation Failure)
[227.563s][info][gc,heap        ] GC(582) PSYoungGen: 302304K(304128K)->64K(308224K) Eden: 282624K(282624K)->0K(282624K) From: 19680K(21504K)->64K(25600K)
[227.563s][info][gc,heap        ] GC(582) ParOldGen: 182427K(182784K)->182435K(182784K)
[227.563s][info][gc,metaspace   ] GC(582) Metaspace: 35153K(35840K)->35153K(35840K) NonClass: 28893K(29376K)->28893K(29376K) Class: 6260K(6464K)->6260K(6464K)
[227.563s][info][gc             ] GC(582) Pause Young (Allocation Failure) 473M->178M(479M) 0.943ms
[227.563s][info][gc,cpu         ] GC(582) User=0.00s Sys=0.00s Real=0.00s
[228.238s][info][gc,start       ] GC(583) Pause Young (Allocation Failure)
[228.239s][info][gc,heap        ] GC(583) PSYoungGen: 282688K(308224K)->64K(306176K) Eden: 282624K(282624K)->0K(283648K) From: 64K(25600K)->64K(22528K)
[228.239s][info][gc,heap        ] GC(583) ParOldGen: 182435K(182784K)->182451K(182784K)
[228.239s][info][gc,metaspace   ] GC(583) Metaspace: 35153K(35840K)->35153K(35840K) NonClass: 28893K(29376K)->28893K(29376K) Class: 6260K(6464K)->6260K(6464K)
[228.239s][info][gc             ] GC(583) Pause Young (Allocation Failure) 454M->178M(477M) 1.089ms
[228.239s][info][gc,cpu         ] GC(583) User=0.00s Sys=0.00s Real=0.00s
[228.496s][info][gc,start       ] GC(584) Pause Young (Allocation Failure)
[228.497s][info][gc,heap        ] GC(584) PSYoungGen: 283712K(306176K)->64K(307712K) Eden: 283648K(283648K)->0K(283648K) From: 64K(22528K)->64K(24064K)
[228.497s][info][gc,heap        ] GC(584) ParOldGen: 182451K(182784K)->182451K(182784K)
[228.497s][info][gc,metaspace   ] GC(584) Metaspace: 35153K(35840K)->35153K(35840K) NonClass: 28893K(29376K)->28893K(29376K) Class: 6260K(6464K)->6260K(6464K)
[228.497s][info][gc             ] GC(584) Pause Young (Allocation Failure) 455M->178M(479M) 0.924ms
[228.497s][info][gc,cpu         ] GC(584) User=0.00s Sys=0.00s Real=0.00s
[228.918s][info][gc,start       ] GC(585) Pause Young (Allocation Failure)
[228.920s][info][gc,heap        ] GC(585) PSYoungGen: 283712K(307712K)->64K(307200K) Eden: 283648K(283648K)->0K(286720K) From: 64K(24064K)->64K(20480K)
[228.920s][info][gc,heap        ] GC(585) ParOldGen: 182451K(182784K)->182467K(182784K)
[228.920s][info][gc,metaspace   ] GC(585) Metaspace: 35153K(35840K)->35153K(35840K) NonClass: 28893K(29376K)->28893K(29376K) Class: 6260K(6464K)->6260K(6464K)
[228.920s][info][gc             ] GC(585) Pause Young (Allocation Failure) 455M->178M(478M) 1.067ms
[228.920s][info][gc,cpu         ] GC(585) User=0.00s Sys=0.00s Real=0.00s
[229.133s][info][gc,start       ] GC(586) Pause Young (Allocation Failure)
[229.134s][info][gc,heap        ] GC(586) PSYoungGen: 286784K(307200K)->64K(308736K) Eden: 286720K(286720K)->0K(286720K) From: 64K(20480K)->64K(22016K)
[229.134s][info][gc,heap        ] GC(586) ParOldGen: 182467K(182784K)->182483K(182784K)
[229.134s][info][gc,metaspace   ] GC(586) Metaspace: 35153K(35840K)->35153K(35840K) NonClass: 28893K(29376K)->28893K(29376K) Class: 6260K(6464K)->6260K(6464K)
[229.134s][info][gc             ] GC(586) Pause Young (Allocation Failure) 458M->178M(480M) 0.978ms
[229.134s][info][gc,cpu         ] GC(586) User=0.01s Sys=0.00s Real=0.00s
[229.344s][info][gc,start       ] GC(587) Pause Young (Allocation Failure)
[229.345s][info][gc,heap        ] GC(587) PSYoungGen: 286784K(308736K)->64K(309248K) Eden: 286720K(286720K)->0K(290816K) From: 64K(22016K)->64K(18432K)
[229.345s][info][gc,heap        ] GC(587) ParOldGen: 182483K(182784K)->182483K(182784K)
[229.345s][info][gc,metaspace   ] GC(587) Metaspace: 35153K(35840K)->35153K(35840K) NonClass: 28893K(29376K)->28893K(29376K) Class: 6260K(6464K)->6260K(6464K)
[229.345s][info][gc             ] GC(587) Pause Young (Allocation Failure) 458M->178M(480M) 0.956ms
[229.345s][info][gc,cpu         ] GC(587) User=0.01s Sys=0.00s Real=0.00s
[229.646s][info][gc,start       ] GC(588) Pause Young (Allocation Failure)
[229.647s][info][gc,heap        ] GC(588) PSYoungGen: 290880K(309248K)->64K(310784K) Eden: 290816K(290816K)->0K(290816K) From: 64K(18432K)->64K(19968K)
[229.647s][info][gc,heap        ] GC(588) ParOldGen: 182483K(182784K)->182483K(182784K)
[229.647s][info][gc,metaspace   ] GC(588) Metaspace: 35153K(35840K)->35153K(35840K) NonClass: 28893K(29376K)->28893K(29376K) Class: 6260K(6464K)->6260K(6464K)
[229.647s][info][gc             ] GC(588) Pause Young (Allocation Failure) 462M->178M(482M) 0.939ms
[229.647s][info][gc,cpu         ] GC(588) User=0.00s Sys=0.00s Real=0.00s
[229.699s][info][gc,start       ] GC(589) Pause Young (Allocation Failure)
[229.700s][info][gc,heap        ] GC(589) PSYoungGen: 290880K(310784K)->64K(311296K) Eden: 290816K(290816K)->0K(294912K) From: 64K(19968K)->64K(16384K)
[229.700s][info][gc,heap        ] GC(589) ParOldGen: 182483K(182784K)->182499K(182784K)
[229.700s][info][gc,metaspace   ] GC(589) Metaspace: 35153K(35840K)->35153K(35840K) NonClass: 28893K(29376K)->28893K(29376K) Class: 6260K(6464K)->6260K(6464K)
[229.700s][info][gc             ] GC(589) Pause Young (Allocation Failure) 462M->178M(482M) 0.880ms
[229.700s][info][gc,cpu         ] GC(589) User=0.00s Sys=0.00s Real=0.00s
[229.774s][info][gc,start       ] GC(590) Pause Young (Allocation Failure)
[229.775s][info][gc,heap        ] GC(590) PSYoungGen: 294976K(311296K)->64K(312832K) Eden: 294912K(294912K)->0K(294912K) From: 64K(16384K)->64K(17920K)
[229.775s][info][gc,heap        ] GC(590) ParOldGen: 182499K(182784K)->182499K(182784K)
[229.775s][info][gc,metaspace   ] GC(590) Metaspace: 35153K(35840K)->35153K(35840K) NonClass: 28893K(29376K)->28893K(29376K) Class: 6260K(6464K)->6260K(6464K)
[229.775s][info][gc             ] GC(590) Pause Young (Allocation Failure) 466M->178M(484M) 0.926ms
[229.775s][info][gc,cpu         ] GC(590) User=0.00s Sys=0.00s Real=0.00s
[229.990s][info][gc,start       ] GC(591) Pause Young (Allocation Failure)
[229.991s][info][gc,heap        ] GC(591) PSYoungGen: 294976K(312832K)->64K(313344K) Eden: 294912K(294912K)->0K(299008K) From: 64K(17920K)->64K(14336K)
[229.991s][info][gc,heap        ] GC(591) ParOldGen: 182499K(182784K)->182515K(182784K)
[229.991s][info][gc,metaspace   ] GC(591) Metaspace: 35153K(35840K)->35153K(35840K) NonClass: 28893K(29376K)->28893K(29376K) Class: 6260K(6464K)->6260K(6464K)
[229.991s][info][gc             ] GC(591) Pause Young (Allocation Failure) 466M->178M(484M) 0.924ms
[229.991s][info][gc,cpu         ] GC(591) User=0.00s Sys=0.00s Real=0.01s
[230.196s][info][gc,start       ] GC(592) Pause Young (Allocation Failure)
[230.198s][info][gc,heap        ] GC(592) PSYoungGen: 299072K(313344K)->64K(314880K) Eden: 299008K(299008K)->0K(299008K) From: 64K(14336K)->64K(15872K)
[230.198s][info][gc,heap        ] GC(592) ParOldGen: 182515K(182784K)->182515K(182784K)
[230.198s][info][gc,metaspace   ] GC(592) Metaspace: 35153K(35840K)->35153K(35840K) NonClass: 28893K(29376K)->28893K(29376K) Class: 6260K(6464K)->6260K(6464K)
[230.198s][info][gc             ] GC(592) Pause Young (Allocation Failure) 470M->178M(486M) 1.692ms
[230.198s][info][gc,cpu         ] GC(592) User=0.00s Sys=0.00s Real=0.00s
[230.277s][info][gc,start       ] GC(593) Pause Young (Allocation Failure)
[230.279s][info][gc,heap        ] GC(593) PSYoungGen: 299072K(314880K)->32K(316416K) Eden: 299008K(299008K)->0K(303104K) From: 64K(15872K)->32K(13312K)
[230.279s][info][gc,heap        ] GC(593) ParOldGen: 182515K(182784K)->182531K(182784K)
[230.279s][info][gc,metaspace   ] GC(593) Metaspace: 35153K(35840K)->35153K(35840K) NonClass: 28893K(29376K)->28893K(29376K) Class: 6260K(6464K)->6260K(6464K)
[230.279s][info][gc             ] GC(593) Pause Young (Allocation Failure) 470M->178M(487M) 1.557ms
[230.279s][info][gc,cpu         ] GC(593) User=0.00s Sys=0.00s Real=0.00s
[230.409s][info][gc,start       ] GC(594) Pause Young (Allocation Failure)
[230.410s][info][gc,heap        ] GC(594) PSYoungGen: 303136K(316416K)->64K(317440K) Eden: 303104K(303104K)->0K(303104K) From: 32K(13312K)->64K(14336K)
[230.410s][info][gc,heap        ] GC(594) ParOldGen: 182531K(182784K)->182531K(182784K)
[230.410s][info][gc,metaspace   ] GC(594) Metaspace: 35153K(35840K)->35153K(35840K) NonClass: 28893K(29376K)->28893K(29376K) Class: 6260K(6464K)->6260K(6464K)
[230.410s][info][gc             ] GC(594) Pause Young (Allocation Failure) 474M->178M(488M) 1.618ms
[230.410s][info][gc,cpu         ] GC(594) User=0.00s Sys=0.00s Real=0.00s
[230.783s][info][gc,start       ] GC(595) Pause Young (Allocation Failure)
[230.784s][info][gc,heap        ] GC(595) PSYoungGen: 303168K(317440K)->32K(317440K) Eden: 303104K(303104K)->0K(306176K) From: 64K(14336K)->32K(11264K)
[230.784s][info][gc,heap        ] GC(595) ParOldGen: 182531K(182784K)->182539K(182784K)
[230.784s][info][gc,metaspace   ] GC(595) Metaspace: 35153K(35840K)->35153K(35840K) NonClass: 28893K(29376K)->28893K(29376K) Class: 6260K(6464K)->6260K(6464K)
[230.784s][info][gc             ] GC(595) Pause Young (Allocation Failure) 474M->178M(488M) 1.402ms
[230.784s][info][gc,cpu         ] GC(595) User=0.00s Sys=0.00s Real=0.00s
[231.494s][info][gc,start       ] GC(596) Pause Young (Allocation Failure)
[231.497s][info][gc,heap        ] GC(596) PSYoungGen: 306208K(317440K)->100K(294400K) Eden: 306176K(306176K)->0K(293888K) From: 32K(11264K)->100K(512K)
[231.497s][info][gc,heap        ] GC(596) ParOldGen: 182539K(182784K)->182547K(182784K)
[231.497s][info][gc,metaspace   ] GC(596) Metaspace: 35153K(35840K)->35153K(35840K) NonClass: 28893K(29376K)->28893K(29376K) Class: 6260K(6464K)->6260K(6464K)
[231.497s][info][gc             ] GC(596) Pause Young (Allocation Failure) 477M->178M(466M) 2.551ms
[231.497s][info][gc,cpu         ] GC(596) User=0.00s Sys=0.00s Real=0.00s
[232.458s][info][gc,start       ] GC(597) Pause Young (Allocation Failure)
[232.460s][info][gc,heap        ] GC(597) PSYoungGen: 293988K(294400K)->64K(282624K) Eden: 293888K(293888K)->0K(282112K) From: 100K(512K)->64K(512K)
[232.460s][info][gc,heap        ] GC(597) ParOldGen: 182547K(182784K)->182555K(182784K)
[232.460s][info][gc,metaspace   ] GC(597) Metaspace: 35153K(35840K)->35153K(35840K) NonClass: 28893K(29376K)->28893K(29376K) Class: 6260K(6464K)->6260K(6464K)
[232.460s][info][gc             ] GC(597) Pause Young (Allocation Failure) 465M->178M(454M) 2.283ms
[232.460s][info][gc,cpu         ] GC(597) User=0.00s Sys=0.00s Real=0.00s
[232.902s][info][gc,start       ] GC(598) Pause Young (Allocation Failure)
[232.903s][info][gc,heap        ] GC(598) PSYoungGen: 282176K(282624K)->64K(281600K) Eden: 282112K(282112K)->0K(270848K) From: 64K(512K)->64K(10752K)
[232.903s][info][gc,heap        ] GC(598) ParOldGen: 182555K(182784K)->182571K(182784K)
[232.903s][info][gc,metaspace   ] GC(598) Metaspace: 35153K(35840K)->35153K(35840K) NonClass: 28893K(29376K)->28893K(29376K) Class: 6260K(6464K)->6260K(6464K)
[232.903s][info][gc             ] GC(598) Pause Young (Allocation Failure) 453M->178M(453M) 1.217ms
[232.903s][info][gc,cpu         ] GC(598) User=0.00s Sys=0.00s Real=0.00s
[233.888s][info][gc,start       ] GC(599) Pause Young (Allocation Failure)
[233.890s][info][gc,heap        ] GC(599) PSYoungGen: 270912K(281600K)->64K(260608K) Eden: 270848K(270848K)->0K(260096K) From: 64K(10752K)->64K(512K)
[233.890s][info][gc,heap        ] GC(599) ParOldGen: 182571K(182784K)->182579K(182784K)
[233.890s][info][gc,metaspace   ] GC(599) Metaspace: 35153K(35840K)->35153K(35840K) NonClass: 28893K(29376K)->28893K(29376K) Class: 6260K(6464K)->6260K(6464K)
[233.890s][info][gc             ] GC(599) Pause Young (Allocation Failure) 442M->178M(433M) 1.636ms
[233.890s][info][gc,cpu         ] GC(599) User=0.00s Sys=0.00s Real=0.00s
[234.298s][info][gc,start       ] GC(600) Pause Young (Allocation Failure)
[234.299s][info][gc,heap        ] GC(600) PSYoungGen: 260160K(260608K)->64K(259072K) Eden: 260096K(260096K)->0K(249856K) From: 64K(512K)->64K(9216K)
[234.299s][info][gc,heap        ] GC(600) ParOldGen: 182579K(182784K)->182587K(182784K)
[234.299s][info][gc,metaspace   ] GC(600) Metaspace: 35153K(35840K)->35153K(35840K) NonClass: 28893K(29376K)->28893K(29376K) Class: 6260K(6464K)->6260K(6464K)
[234.299s][info][gc             ] GC(600) Pause Young (Allocation Failure) 432M->178M(431M) 0.955ms
[234.299s][info][gc,cpu         ] GC(600) User=0.00s Sys=0.00s Real=0.00s
[234.500s][info][gc,start       ] GC(601) Pause Young (Allocation Failure)
[234.502s][info][gc,heap        ] GC(601) PSYoungGen: 249920K(259072K)->64K(240640K) Eden: 249856K(249856K)->0K(240128K) From: 64K(9216K)->64K(512K)
[234.502s][info][gc,heap        ] GC(601) ParOldGen: 182587K(182784K)->182603K(182784K)
[234.502s][info][gc,metaspace   ] GC(601) Metaspace: 35153K(35840K)->35153K(35840K) NonClass: 28893K(29376K)->28893K(29376K) Class: 6260K(6464K)->6260K(6464K)
[234.502s][info][gc             ] GC(601) Pause Young (Allocation Failure) 422M->178M(413M) 2.398ms
[234.502s][info][gc,cpu         ] GC(601) User=0.00s Sys=0.00s Real=0.01s
[234.586s][info][gc,start       ] GC(602) Pause Young (Allocation Failure)
[234.587s][info][gc,heap        ] GC(602) PSYoungGen: 240192K(240640K)->64K(239104K) Eden: 240128K(240128K)->0K(230912K) From: 64K(512K)->64K(8192K)
[234.587s][info][gc,heap        ] GC(602) ParOldGen: 182603K(182784K)->182619K(182784K)
[234.587s][info][gc,metaspace   ] GC(602) Metaspace: 35153K(35840K)->35153K(35840K) NonClass: 28893K(29376K)->28893K(29376K) Class: 6260K(6464K)->6260K(6464K)
[234.587s][info][gc             ] GC(602) Pause Young (Allocation Failure) 412M->178M(412M) 1.152ms
[234.587s][info][gc,cpu         ] GC(602) User=0.00s Sys=0.00s Real=0.00s
[235.149s][info][gc,start       ] GC(603) Pause Young (Allocation Failure)
[235.151s][info][gc,heap        ] GC(603) PSYoungGen: 230976K(239104K)->64K(222720K) Eden: 230912K(230912K)->0K(222208K) From: 64K(8192K)->64K(512K)
[235.151s][info][gc,heap        ] GC(603) ParOldGen: 182619K(182784K)->182635K(182784K)
[235.151s][info][gc,metaspace   ] GC(603) Metaspace: 35153K(35840K)->35153K(35840K) NonClass: 28893K(29376K)->28893K(29376K) Class: 6260K(6464K)->6260K(6464K)
[235.151s][info][gc             ] GC(603) Pause Young (Allocation Failure) 403M->178M(396M) 1.850ms
[235.151s][info][gc,cpu         ] GC(603) User=0.00s Sys=0.00s Real=0.01s
[235.448s][info][gc,start       ] GC(604) Pause Young (Allocation Failure)
[235.449s][info][gc,heap        ] GC(604) PSYoungGen: 222272K(222720K)->64K(221184K) Eden: 222208K(222208K)->0K(214016K) From: 64K(512K)->64K(7168K)
[235.449s][info][gc,heap        ] GC(604) ParOldGen: 182635K(182784K)->182643K(182784K)
[235.449s][info][gc,metaspace   ] GC(604) Metaspace: 35153K(35840K)->35153K(35840K) NonClass: 28893K(29376K)->28893K(29376K) Class: 6260K(6464K)->6260K(6464K)
[235.449s][info][gc             ] GC(604) Pause Young (Allocation Failure) 395M->178M(394M) 1.066ms
[235.449s][info][gc,cpu         ] GC(604) User=0.00s Sys=0.00s Real=0.00s
[235.794s][info][gc,start       ] GC(605) Pause Young (Allocation Failure)
[235.814s][info][gc,heap        ] GC(605) PSYoungGen: 214080K(221184K)->6656K(261632K) Eden: 214016K(214016K)->0K(254976K) From: 64K(7168K)->6656K(6656K)
[235.815s][info][gc,heap        ] GC(605) ParOldGen: 182643K(182784K)->186763K(186880K)
[235.815s][info][gc,metaspace   ] GC(605) Metaspace: 35153K(35840K)->35153K(35840K) NonClass: 28893K(29376K)->28893K(29376K) Class: 6260K(6464K)->6260K(6464K)
[235.815s][info][gc             ] GC(605) Pause Young (Allocation Failure) 387M->188M(438M) 20.329ms
[235.815s][info][gc,cpu         ] GC(605) User=0.03s Sys=0.00s Real=0.02s
[236.107s][info][gc,start       ] GC(606) Pause Young (Allocation Failure)
[236.169s][info][gc,heap        ] GC(606) PSYoungGen: 261632K(261632K)->9728K(273920K) Eden: 254976K(254976K)->0K(264192K) From: 6656K(6656K)->9728K(9728K)
[236.169s][info][gc,heap        ] GC(606) ParOldGen: 186763K(186880K)->204251K(204288K)
[236.169s][info][gc,metaspace   ] GC(606) Metaspace: 35153K(35840K)->35153K(35840K) NonClass: 28893K(29376K)->28893K(29376K) Class: 6260K(6464K)->6260K(6464K)
[236.169s][info][gc             ] GC(606) Pause Young (Allocation Failure) 437M->208M(467M) 62.435ms
[236.169s][info][gc,cpu         ] GC(606) User=0.11s Sys=0.01s Real=0.06s
[236.470s][info][gc,start       ] GC(607) Pause Young (Allocation Failure)
[236.532s][info][gc,heap        ] GC(607) PSYoungGen: 273920K(273920K)->18432K(300032K) Eden: 264192K(264192K)->0K(281600K) From: 9728K(9728K)->18432K(18432K)
[236.532s][info][gc,heap        ] GC(607) ParOldGen: 204251K(204288K)->214483K(214528K)
[236.532s][info][gc,metaspace   ] GC(607) Metaspace: 35153K(35840K)->35153K(35840K) NonClass: 28893K(29376K)->28893K(29376K) Class: 6260K(6464K)->6260K(6464K)
[236.532s][info][gc             ] GC(607) Pause Young (Allocation Failure) 466M->227M(502M) 62.046ms
[236.532s][info][gc,cpu         ] GC(607) User=0.10s Sys=0.02s Real=0.07s
[236.641s][info][gc,start       ] GC(608) Pause Young (Allocation Failure)
[236.650s][info][gc,heap        ] GC(608) PSYoungGen: 300032K(300032K)->3136K(307712K) Eden: 281600K(281600K)->0K(281600K) From: 18432K(18432K)->3136K(26112K)
[236.650s][info][gc,heap        ] GC(608) ParOldGen: 214483K(214528K)->214851K(215040K)
[236.650s][info][gc,metaspace   ] GC(608) Metaspace: 35153K(35840K)->35153K(35840K) NonClass: 28893K(29376K)->28893K(29376K) Class: 6260K(6464K)->6260K(6464K)
[236.650s][info][gc             ] GC(608) Pause Young (Allocation Failure) 502M->212M(510M) 9.070ms
[236.650s][info][gc,cpu         ] GC(608) User=0.02s Sys=0.00s Real=0.00s
[237.236s][info][gc,start       ] GC(609) Pause Young (Allocation Failure)
[237.237s][info][gc,heap        ] GC(609) PSYoungGen: 284736K(307712K)->64K(305152K) Eden: 281600K(281600K)->0K(283136K) From: 3136K(26112K)->64K(22016K)
[237.237s][info][gc,heap        ] GC(609) ParOldGen: 214851K(215040K)->214859K(215040K)
[237.237s][info][gc,metaspace   ] GC(609) Metaspace: 35153K(35840K)->35153K(35840K) NonClass: 28893K(29376K)->28893K(29376K) Class: 6260K(6464K)->6260K(6464K)
[237.237s][info][gc             ] GC(609) Pause Young (Allocation Failure) 487M->209M(508M) 1.309ms
[237.237s][info][gc,cpu         ] GC(609) User=0.00s Sys=0.00s Real=0.00s
[237.684s][info][gc,start       ] GC(610) Pause Young (Allocation Failure)
[237.685s][info][gc,heap        ] GC(610) PSYoungGen: 283200K(305152K)->64K(307200K) Eden: 283136K(283136K)->0K(283136K) From: 64K(22016K)->64K(24064K)
[237.685s][info][gc,heap        ] GC(610) ParOldGen: 214859K(215040K)->214867K(215040K)
[237.685s][info][gc,metaspace   ] GC(610) Metaspace: 35153K(35840K)->35153K(35840K) NonClass: 28893K(29376K)->28893K(29376K) Class: 6260K(6464K)->6260K(6464K)
[237.685s][info][gc             ] GC(610) Pause Young (Allocation Failure) 486M->209M(510M) 1.135ms
[237.685s][info][gc,cpu         ] GC(610) User=0.00s Sys=0.01s Real=0.00s
[238.107s][info][gc,start       ] GC(611) Pause Young (Allocation Failure)
[238.108s][info][gc,heap        ] GC(611) PSYoungGen: 283200K(307200K)->64K(306688K) Eden: 283136K(283136K)->0K(286720K) From: 64K(24064K)->64K(19968K)
[238.108s][info][gc,heap        ] GC(611) ParOldGen: 214867K(215040K)->214883K(215040K)
[238.108s][info][gc,metaspace   ] GC(611) Metaspace: 35153K(35840K)->35153K(35840K) NonClass: 28893K(29376K)->28893K(29376K) Class: 6260K(6464K)->6260K(6464K)
[238.108s][info][gc             ] GC(611) Pause Young (Allocation Failure) 486M->209M(509M) 1.184ms
[238.108s][info][gc,cpu         ] GC(611) User=0.00s Sys=0.00s Real=0.00s
[238.323s][info][gc,start       ] GC(612) Pause Young (Allocation Failure)
[238.324s][info][gc,heap        ] GC(612) PSYoungGen: 286784K(306688K)->64K(308736K) Eden: 286720K(286720K)->0K(286720K) From: 64K(19968K)->64K(22016K)
[238.324s][info][gc,heap        ] GC(612) ParOldGen: 214883K(215040K)->214899K(215040K)
[238.324s][info][gc,metaspace   ] GC(612) Metaspace: 35153K(35840K)->35153K(35840K) NonClass: 28893K(29376K)->28893K(29376K) Class: 6260K(6464K)->6260K(6464K)
[238.324s][info][gc             ] GC(612) Pause Young (Allocation Failure) 489M->209M(511M) 1.160ms
[238.324s][info][gc,cpu         ] GC(612) User=0.00s Sys=0.00s Real=0.00s
[238.534s][info][gc,start       ] GC(613) Pause Young (Allocation Failure)
[238.535s][info][gc,heap        ] GC(613) PSYoungGen: 286784K(308736K)->64K(309248K) Eden: 286720K(286720K)->0K(290304K) From: 64K(22016K)->64K(18944K)
[238.535s][info][gc,heap        ] GC(613) ParOldGen: 214899K(215040K)->214899K(215040K)
[238.535s][info][gc,metaspace   ] GC(613) Metaspace: 35153K(35840K)->35153K(35840K) NonClass: 28893K(29376K)->28893K(29376K) Class: 6260K(6464K)->6260K(6464K)
[238.535s][info][gc             ] GC(613) Pause Young (Allocation Failure) 489M->209M(512M) 1.120ms
[238.535s][info][gc,cpu         ] GC(613) User=0.00s Sys=0.00s Real=0.00s
[238.901s][info][gc,start       ] GC(614) Pause Young (Allocation Failure)
[238.902s][info][gc,heap        ] GC(614) PSYoungGen: 290368K(309248K)->64K(310784K) Eden: 290304K(290304K)->0K(290304K) From: 64K(18944K)->64K(20480K)
[238.902s][info][gc,heap        ] GC(614) ParOldGen: 214899K(215040K)->214899K(215040K)
[238.902s][info][gc,metaspace   ] GC(614) Metaspace: 35153K(35840K)->35153K(35840K) NonClass: 28893K(29376K)->28893K(29376K) Class: 6260K(6464K)->6260K(6464K)
[238.902s][info][gc             ] GC(614) Pause Young (Allocation Failure) 493M->209M(513M) 1.141ms
[238.902s][info][gc,cpu         ] GC(614) User=0.00s Sys=0.00s Real=0.00s
[238.955s][info][gc,start       ] GC(615) Pause Young (Allocation Failure)
[238.956s][info][gc,heap        ] GC(615) PSYoungGen: 290367K(310784K)->64K(310784K) Eden: 290303K(290304K)->0K(293888K) From: 64K(20480K)->64K(16896K)
[238.956s][info][gc,heap        ] GC(615) ParOldGen: 214899K(215040K)->214915K(215040K)
[238.956s][info][gc,metaspace   ] GC(615) Metaspace: 35153K(35840K)->35153K(35840K) NonClass: 28893K(29376K)->28893K(29376K) Class: 6260K(6464K)->6260K(6464K)
[238.956s][info][gc             ] GC(615) Pause Young (Allocation Failure) 493M->209M(513M) 1.084ms
[238.956s][info][gc,cpu         ] GC(615) User=0.01s Sys=0.00s Real=0.00s
[239.012s][info][gc,start       ] GC(616) Pause Young (Allocation Failure)
[239.013s][info][gc,heap        ] GC(616) PSYoungGen: 293952K(310784K)->64K(312320K) Eden: 293888K(293888K)->0K(293888K) From: 64K(16896K)->64K(18432K)
[239.013s][info][gc,heap        ] GC(616) ParOldGen: 214915K(215040K)->214915K(215040K)
[239.013s][info][gc,metaspace   ] GC(616) Metaspace: 35153K(35840K)->35153K(35840K) NonClass: 28893K(29376K)->28893K(29376K) Class: 6260K(6464K)->6260K(6464K)
[239.013s][info][gc             ] GC(616) Pause Young (Allocation Failure) 496M->209M(515M) 1.069ms
[239.013s][info][gc,cpu         ] GC(616) User=0.00s Sys=0.00s Real=0.00s
[239.191s][info][gc,start       ] GC(617) Pause Young (Allocation Failure)
[239.192s][info][gc,heap        ] GC(617) PSYoungGen: 293952K(312320K)->64K(312832K) Eden: 293888K(293888K)->0K(297984K) From: 64K(18432K)->64K(14848K)
[239.192s][info][gc,heap        ] GC(617) ParOldGen: 214915K(215040K)->214915K(215040K)
[239.192s][info][gc,metaspace   ] GC(617) Metaspace: 35153K(35840K)->35153K(35840K) NonClass: 28893K(29376K)->28893K(29376K) Class: 6260K(6464K)->6260K(6464K)
[239.192s][info][gc             ] GC(617) Pause Young (Allocation Failure) 496M->209M(515M) 1.129ms
[239.192s][info][gc,cpu         ] GC(617) User=0.00s Sys=0.00s Real=0.00s
[239.412s][info][gc,start       ] GC(618) Pause Young (Allocation Failure)
[239.414s][info][gc,heap        ] GC(618) PSYoungGen: 298048K(312832K)->64K(314368K) Eden: 297984K(297984K)->0K(297984K) From: 64K(14848K)->64K(16384K)
[239.414s][info][gc,heap        ] GC(618) ParOldGen: 214915K(215040K)->214923K(215040K)
[239.414s][info][gc,metaspace   ] GC(618) Metaspace: 35153K(35840K)->35153K(35840K) NonClass: 28893K(29376K)->28893K(29376K) Class: 6260K(6464K)->6260K(6464K)
[239.414s][info][gc             ] GC(618) Pause Young (Allocation Failure) 500M->209M(517M) 1.109ms
[239.414s][info][gc,cpu         ] GC(618) User=0.00s Sys=0.00s Real=0.00s
[239.538s][info][gc,start       ] GC(619) Pause Young (Allocation Failure)
[239.539s][info][gc,heap        ] GC(619) PSYoungGen: 298048K(314368K)->64K(314880K) Eden: 297984K(297984K)->0K(302080K) From: 64K(16384K)->64K(12800K)
[239.539s][info][gc,heap        ] GC(619) ParOldGen: 214923K(215040K)->214931K(215040K)
[239.539s][info][gc,metaspace   ] GC(619) Metaspace: 35153K(35840K)->35153K(35840K) NonClass: 28893K(29376K)->28893K(29376K) Class: 6260K(6464K)->6260K(6464K)
[239.539s][info][gc             ] GC(619) Pause Young (Allocation Failure) 500M->209M(517M) 1.129ms
[239.539s][info][gc,cpu         ] GC(619) User=0.01s Sys=0.00s Real=0.00s
[239.636s][info][gc,start       ] GC(620) Pause Young (Allocation Failure)
[239.637s][info][gc,heap        ] GC(620) PSYoungGen: 302144K(314880K)->64K(316416K) Eden: 302080K(302080K)->0K(302080K) From: 64K(12800K)->64K(14336K)
[239.637s][info][gc,heap        ] GC(620) ParOldGen: 214931K(215040K)->214939K(215040K)
[239.637s][info][gc,metaspace   ] GC(620) Metaspace: 35153K(35840K)->35153K(35840K) NonClass: 28893K(29376K)->28893K(29376K) Class: 6260K(6464K)->6260K(6464K)
[239.637s][info][gc             ] GC(620) Pause Young (Allocation Failure) 504M->209M(519M) 1.097ms
[239.637s][info][gc,cpu         ] GC(620) User=0.00s Sys=0.00s Real=0.00s
[239.814s][info][gc,start       ] GC(621) Pause Young (Allocation Failure)
[239.816s][info][gc,heap        ] GC(621) PSYoungGen: 302144K(316416K)->64K(290304K) Eden: 302080K(302080K)->0K(289792K) From: 64K(14336K)->64K(512K)
[239.816s][info][gc,heap        ] GC(621) ParOldGen: 214939K(215040K)->214947K(215040K)
[239.816s][info][gc,metaspace   ] GC(621) Metaspace: 35153K(35840K)->35153K(35840K) NonClass: 28893K(29376K)->28893K(29376K) Class: 6260K(6464K)->6260K(6464K)
[239.816s][info][gc             ] GC(621) Pause Young (Allocation Failure) 504M->209M(493M) 1.791ms
[239.816s][info][gc,cpu         ] GC(621) User=0.00s Sys=0.00s Real=0.00s
[240.766s][info][gc,start       ] GC(622) Pause Young (Allocation Failure)
[240.767s][info][gc,heap        ] GC(622) PSYoungGen: 289856K(290304K)->64K(291328K) Eden: 289792K(289792K)->0K(278528K) From: 64K(512K)->64K(12800K)
[240.767s][info][gc,heap        ] GC(622) ParOldGen: 214947K(215040K)->214955K(215040K)
[240.767s][info][gc,metaspace   ] GC(622) Metaspace: 35153K(35840K)->35153K(35840K) NonClass: 28893K(29376K)->28893K(29376K) Class: 6260K(6464K)->6260K(6464K)
[240.767s][info][gc             ] GC(622) Pause Young (Allocation Failure) 492M->209M(494M) 1.021ms
[240.767s][info][gc,cpu         ] GC(622) User=0.00s Sys=0.00s Real=0.00s
[241.643s][info][gc,start       ] GC(623) Pause Young (Allocation Failure)
[241.644s][info][gc,heap        ] GC(623) PSYoungGen: 278592K(291328K)->64K(268288K) Eden: 278528K(278528K)->0K(267776K) From: 64K(12800K)->64K(512K)
[241.644s][info][gc,heap        ] GC(623) ParOldGen: 214955K(215040K)->214963K(215040K)
[241.644s][info][gc,metaspace   ] GC(623) Metaspace: 35153K(35840K)->35153K(35840K) NonClass: 28893K(29376K)->28893K(29376K) Class: 6260K(6464K)->6260K(6464K)
[241.644s][info][gc             ] GC(623) Pause Young (Allocation Failure) 481M->209M(472M) 1.477ms
[241.644s][info][gc,cpu         ] GC(623) User=0.00s Sys=0.00s Real=0.00s
[241.902s][info][gc,start       ] GC(624) Pause Young (Allocation Failure)
[241.903s][info][gc,heap        ] GC(624) PSYoungGen: 267840K(268288K)->64K(268800K) Eden: 267776K(267776K)->0K(257536K) From: 64K(512K)->64K(11264K)
[241.903s][info][gc,heap        ] GC(624) ParOldGen: 214963K(215040K)->214971K(215040K)
[241.903s][info][gc,metaspace   ] GC(624) Metaspace: 35153K(35840K)->35153K(35840K) NonClass: 28893K(29376K)->28893K(29376K) Class: 6260K(6464K)->6260K(6464K)
[241.903s][info][gc             ] GC(624) Pause Young (Allocation Failure) 471M->209M(472M) 1.008ms
[241.903s][info][gc,cpu         ] GC(624) User=0.00s Sys=0.00s Real=0.00s
[242.281s][info][gc,start       ] GC(625) Pause Young (Allocation Failure)
[242.282s][info][gc,heap        ] GC(625) PSYoungGen: 257600K(268800K)->64K(248320K) Eden: 257536K(257536K)->0K(247808K) From: 64K(11264K)->64K(512K)
[242.282s][info][gc,heap        ] GC(625) ParOldGen: 214971K(215040K)->214979K(215040K)
[242.282s][info][gc,metaspace   ] GC(625) Metaspace: 35153K(35840K)->35153K(35840K) NonClass: 28893K(29376K)->28893K(29376K) Class: 6260K(6464K)->6260K(6464K)
[242.282s][info][gc             ] GC(625) Pause Young (Allocation Failure) 461M->210M(452M) 1.267ms
[242.282s][info][gc,cpu         ] GC(625) User=0.00s Sys=0.00s Real=0.00s
[243.232s][info][gc,start       ] GC(626) Pause Young (Allocation Failure)
[243.233s][info][gc,heap        ] GC(626) PSYoungGen: 247872K(248320K)->64K(247808K) Eden: 247808K(247808K)->0K(238080K) From: 64K(512K)->64K(9728K)
[243.233s][info][gc,heap        ] GC(626) ParOldGen: 214979K(215040K)->214987K(215040K)
[243.233s][info][gc,metaspace   ] GC(626) Metaspace: 35153K(35840K)->35153K(35840K) NonClass: 28893K(29376K)->28893K(29376K) Class: 6260K(6464K)->6260K(6464K)
[243.233s][info][gc             ] GC(626) Pause Young (Allocation Failure) 452M->210M(452M) 1.103ms
[243.233s][info][gc,cpu         ] GC(626) User=0.01s Sys=0.00s Real=0.00s
[243.617s][info][gc,start       ] GC(627) Pause Young (Allocation Failure)
[243.619s][info][gc,heap        ] GC(627) PSYoungGen: 238144K(247808K)->64K(229376K) Eden: 238080K(238080K)->0K(228864K) From: 64K(9728K)->64K(512K)
[243.619s][info][gc,heap        ] GC(627) ParOldGen: 214987K(215040K)->215003K(215040K)
[243.619s][info][gc,metaspace   ] GC(627) Metaspace: 35153K(35840K)->35153K(35840K) NonClass: 28893K(29376K)->28893K(29376K) Class: 6260K(6464K)->6260K(6464K)
[243.619s][info][gc             ] GC(627) Pause Young (Allocation Failure) 442M->210M(434M) 2.441ms
[243.619s][info][gc,cpu         ] GC(627) User=0.00s Sys=0.00s Real=0.00s
[243.791s][info][gc,start       ] GC(628) Pause Young (Allocation Failure)
[243.792s][info][gc,heap        ] GC(628) PSYoungGen: 228928K(229376K)->64K(228352K) Eden: 228864K(228864K)->0K(220160K) From: 64K(512K)->64K(8192K)
[243.792s][info][gc,heap        ] GC(628) ParOldGen: 215003K(215040K)->215019K(215040K)
[243.792s][info][gc,metaspace   ] GC(628) Metaspace: 35153K(35840K)->35153K(35840K) NonClass: 28893K(29376K)->28893K(29376K) Class: 6260K(6464K)->6260K(6464K)
[243.793s][info][gc             ] GC(628) Pause Young (Allocation Failure) 433M->210M(433M) 1.725ms
[243.793s][info][gc,cpu         ] GC(628) User=0.00s Sys=0.00s Real=0.00s
[243.874s][info][gc,start       ] GC(629) Pause Young (Allocation Failure)
[243.876s][info][gc,heap        ] GC(629) PSYoungGen: 220224K(228352K)->64K(212480K) Eden: 220160K(220160K)->0K(211968K) From: 64K(8192K)->64K(512K)
[243.876s][info][gc,heap        ] GC(629) ParOldGen: 215019K(215040K)->215035K(215040K)
[243.876s][info][gc,metaspace   ] GC(629) Metaspace: 35153K(35840K)->35153K(35840K) NonClass: 28893K(29376K)->28893K(29376K) Class: 6260K(6464K)->6260K(6464K)
[243.876s][info][gc             ] GC(629) Pause Young (Allocation Failure) 425M->210M(417M) 2.255ms
[243.876s][info][gc,cpu         ] GC(629) User=0.01s Sys=0.00s Real=0.00s
[244.403s][info][gc,start       ] GC(630) Pause Young (Allocation Failure)
[244.405s][info][gc,heap        ] GC(630) PSYoungGen: 212032K(212480K)->64K(211456K) Eden: 211968K(211968K)->0K(204288K) From: 64K(512K)->64K(7168K)
[244.405s][info][gc,heap        ] GC(630) ParOldGen: 215035K(215040K)->215043K(215552K)
[244.405s][info][gc,metaspace   ] GC(630) Metaspace: 35153K(35840K)->35153K(35840K) NonClass: 28893K(29376K)->28893K(29376K) Class: 6260K(6464K)->6260K(6464K)
[244.405s][info][gc             ] GC(630) Pause Young (Allocation Failure) 417M->210M(417M) 1.784ms
[244.405s][info][gc,cpu         ] GC(630) User=0.00s Sys=0.00s Real=0.00s
[244.679s][info][gc,start       ] GC(631) Pause Young (Allocation Failure)
[244.681s][info][gc,heap        ] GC(631) PSYoungGen: 204352K(211456K)->32K(197120K) Eden: 204288K(204288K)->0K(196608K) From: 64K(7168K)->32K(512K)
[244.681s][info][gc,heap        ] GC(631) ParOldGen: 215043K(215552K)->215051K(215552K)
[244.681s][info][gc,metaspace   ] GC(631) Metaspace: 35153K(35840K)->35153K(35840K) NonClass: 28893K(29376K)->28893K(29376K) Class: 6260K(6464K)->6260K(6464K)
[244.681s][info][gc             ] GC(631) Pause Young (Allocation Failure) 409M->210M(403M) 2.151ms
[244.681s][info][gc,cpu         ] GC(631) User=0.01s Sys=0.00s Real=0.01s
[245.015s][info][gc,start       ] GC(632) Pause Young (Allocation Failure)
[245.024s][info][gc,heap        ] GC(632) PSYoungGen: 196640K(197120K)->6048K(239616K) Eden: 196608K(196608K)->0K(233472K) From: 32K(512K)->6048K(6144K)
[245.024s][info][gc,heap        ] GC(632) ParOldGen: 215051K(215552K)->215067K(215552K)
[245.024s][info][gc,metaspace   ] GC(632) Metaspace: 35153K(35840K)->35153K(35840K) NonClass: 28893K(29376K)->28893K(29376K) Class: 6260K(6464K)->6260K(6464K)
[245.024s][info][gc             ] GC(632) Pause Young (Allocation Failure) 402M->215M(444M) 8.890ms
[245.024s][info][gc,cpu         ] GC(632) User=0.02s Sys=0.00s Real=0.01s
[245.290s][info][gc,start       ] GC(633) Pause Young (Allocation Failure)
[245.339s][info][gc,heap        ] GC(633) PSYoungGen: 239520K(239616K)->6144K(261632K) Eden: 233472K(233472K)->0K(255488K) From: 6048K(6144K)->6144K(6144K)
[245.339s][info][gc,heap        ] GC(633) ParOldGen: 215067K(215552K)->233707K(233984K)
[245.339s][info][gc,metaspace   ] GC(633) Metaspace: 35153K(35840K)->35153K(35840K) NonClass: 28893K(29376K)->28893K(29376K) Class: 6260K(6464K)->6260K(6464K)
[245.339s][info][gc             ] GC(633) Pause Young (Allocation Failure) 443M->234M(484M) 48.599ms
[245.339s][info][gc,cpu         ] GC(633) User=0.09s Sys=0.02s Real=0.05s
[245.631s][info][gc,start       ] GC(634) Pause Young (Allocation Failure)
[245.683s][info][gc,heap        ] GC(634) PSYoungGen: 261632K(261632K)->15872K(271360K) Eden: 255488K(255488K)->0K(255488K) From: 6144K(6144K)->15872K(15872K)
[245.683s][info][gc,heap        ] GC(634) ParOldGen: 233707K(233984K)->245627K(245760K)
[245.683s][info][gc,metaspace   ] GC(634) Metaspace: 35153K(35840K)->35153K(35840K) NonClass: 28893K(29376K)->28893K(29376K) Class: 6260K(6464K)->6260K(6464K)
[245.683s][info][gc             ] GC(634) Pause Young (Allocation Failure) 483M->255M(505M) 51.782ms
[245.683s][info][gc,cpu         ] GC(634) User=0.09s Sys=0.00s Real=0.05s
[245.840s][info][gc,start       ] GC(635) Pause Young (Allocation Failure)
[245.866s][info][gc,heap        ] GC(635) PSYoungGen: 271360K(271360K)->11104K(309248K) Eden: 255488K(255488K)->0K(285696K) From: 15872K(15872K)->11104K(23552K)
[245.867s][info][gc,heap        ] GC(635) ParOldGen: 245627K(245760K)->246059K(246272K)
[245.867s][info][gc,metaspace   ] GC(635) Metaspace: 35153K(35840K)->35153K(35840K) NonClass: 28893K(29376K)->28893K(29376K) Class: 6260K(6464K)->6260K(6464K)
[245.867s][info][gc             ] GC(635) Pause Young (Allocation Failure) 504M->251M(542M) 26.272ms
[245.867s][info][gc,cpu         ] GC(635) User=0.04s Sys=0.01s Real=0.03s
[246.257s][info][gc,start       ] GC(636) Pause Young (Allocation Failure)
[246.258s][info][gc,heap        ] GC(636) PSYoungGen: 296800K(309248K)->64K(286208K) Eden: 285696K(285696K)->0K(285696K) From: 11104K(23552K)->64K(512K)
[246.258s][info][gc,heap        ] GC(636) ParOldGen: 246059K(246272K)->246067K(246272K)
[246.258s][info][gc,metaspace   ] GC(636) Metaspace: 35153K(35840K)->35153K(35840K) NonClass: 28893K(29376K)->28893K(29376K) Class: 6260K(6464K)->6260K(6464K)
[246.258s][info][gc             ] GC(636) Pause Young (Allocation Failure) 530M->240M(520M) 1.157ms
[246.258s][info][gc,cpu         ] GC(636) User=0.00s Sys=0.01s Real=0.00s
[246.873s][info][gc,start       ] GC(637) Pause Young (Allocation Failure)
[246.874s][info][gc,heap        ] GC(637) PSYoungGen: 285760K(286208K)->64K(309760K) Eden: 285696K(285696K)->0K(286720K) From: 64K(512K)->64K(23040K)
[246.874s][info][gc,heap        ] GC(637) ParOldGen: 246067K(246272K)->246075K(246272K)
[246.874s][info][gc,metaspace   ] GC(637) Metaspace: 35153K(35840K)->35153K(35840K) NonClass: 28893K(29376K)->28893K(29376K) Class: 6260K(6464K)->6260K(6464K)
[246.874s][info][gc             ] GC(637) Pause Young (Allocation Failure) 519M->240M(543M) 1.203ms
[246.874s][info][gc,cpu         ] GC(637) User=0.00s Sys=0.00s Real=0.00s
[247.330s][info][gc,start       ] GC(638) Pause Young (Allocation Failure)
[247.331s][info][gc,heap        ] GC(638) PSYoungGen: 286784K(309760K)->64K(309248K) Eden: 286720K(286720K)->0K(286720K) From: 64K(23040K)->64K(22528K)
[247.331s][info][gc,heap        ] GC(638) ParOldGen: 246075K(246272K)->246091K(246272K)
[247.331s][info][gc,metaspace   ] GC(638) Metaspace: 35153K(35840K)->35153K(35840K) NonClass: 28893K(29376K)->28893K(29376K) Class: 6260K(6464K)->6260K(6464K)
[247.331s][info][gc             ] GC(638) Pause Young (Allocation Failure) 520M->240M(542M) 1.158ms
[247.331s][info][gc,cpu         ] GC(638) User=0.00s Sys=0.00s Real=0.01s
[247.548s][info][gc,start       ] GC(639) Pause Young (Allocation Failure)
[247.549s][info][gc,heap        ] GC(639) PSYoungGen: 286784K(309248K)->64K(310272K) Eden: 286720K(286720K)->0K(288768K) From: 64K(22528K)->64K(21504K)
[247.549s][info][gc,heap        ] GC(639) ParOldGen: 246091K(246272K)->246107K(246272K)
[247.549s][info][gc,metaspace   ] GC(639) Metaspace: 35153K(35840K)->35153K(35840K) NonClass: 28893K(29376K)->28893K(29376K) Class: 6260K(6464K)->6260K(6464K)
[247.549s][info][gc             ] GC(639) Pause Young (Allocation Failure) 520M->240M(543M) 1.162ms
[247.549s][info][gc,cpu         ] GC(639) User=0.01s Sys=0.00s Real=0.00s
[247.769s][info][gc,start       ] GC(640) Pause Young (Allocation Failure)
[247.770s][info][gc,heap        ] GC(640) PSYoungGen: 288832K(310272K)->64K(309760K) Eden: 288768K(288768K)->0K(288768K) From: 64K(21504K)->64K(20992K)
[247.770s][info][gc,heap        ] GC(640) ParOldGen: 246107K(246272K)->246107K(246272K)
[247.770s][info][gc,metaspace   ] GC(640) Metaspace: 35153K(35840K)->35153K(35840K) NonClass: 28893K(29376K)->28893K(29376K) Class: 6260K(6464K)->6260K(6464K)
[247.770s][info][gc             ] GC(640) Pause Young (Allocation Failure) 522M->240M(543M) 1.185ms
[247.770s][info][gc,cpu         ] GC(640) User=0.01s Sys=0.00s Real=0.00s
[248.126s][info][gc,start       ] GC(641) Pause Young (Allocation Failure)
[248.127s][info][gc,heap        ] GC(641) PSYoungGen: 288832K(309760K)->64K(311808K) Eden: 288768K(288768K)->0K(292352K) From: 64K(20992K)->64K(19456K)
[248.127s][info][gc,heap        ] GC(641) ParOldGen: 246107K(246272K)->246107K(246272K)
[248.127s][info][gc,metaspace   ] GC(641) Metaspace: 35153K(35840K)->35153K(35840K) NonClass: 28893K(29376K)->28893K(29376K) Class: 6260K(6464K)->6260K(6464K)
[248.127s][info][gc             ] GC(641) Pause Young (Allocation Failure) 522M->240M(545M) 1.173ms
[248.127s][info][gc,cpu         ] GC(641) User=0.00s Sys=0.00s Real=0.00s
[248.254s][info][gc,start       ] GC(642) Pause Young (Allocation Failure)
[248.255s][info][gc,heap        ] GC(642) PSYoungGen: 292416K(311808K)->64K(311296K) Eden: 292352K(292352K)->0K(292352K) From: 64K(19456K)->64K(18944K)
[248.255s][info][gc,heap        ] GC(642) ParOldGen: 246107K(246272K)->246115K(246272K)
[248.255s][info][gc,metaspace   ] GC(642) Metaspace: 35153K(35840K)->35153K(35840K) NonClass: 28893K(29376K)->28893K(29376K) Class: 6260K(6464K)->6260K(6464K)
[248.255s][info][gc             ] GC(642) Pause Young (Allocation Failure) 525M->240M(544M) 1.127ms
[248.255s][info][gc,cpu         ] GC(642) User=0.00s Sys=0.00s Real=0.00s
[248.308s][info][gc,start       ] GC(643) Pause Young (Allocation Failure)
[248.309s][info][gc,heap        ] GC(643) PSYoungGen: 292416K(311296K)->64K(313856K) Eden: 292352K(292352K)->0K(296448K) From: 64K(18944K)->64K(17408K)
[248.309s][info][gc,heap        ] GC(643) ParOldGen: 246115K(246272K)->246131K(246272K)
[248.309s][info][gc,metaspace   ] GC(643) Metaspace: 35153K(35840K)->35153K(35840K) NonClass: 28893K(29376K)->28893K(29376K) Class: 6260K(6464K)->6260K(6464K)
[248.309s][info][gc             ] GC(643) Pause Young (Allocation Failure) 525M->240M(547M) 1.056ms
[248.309s][info][gc,cpu         ] GC(643) User=0.00s Sys=0.00s Real=0.00s
[248.440s][info][gc,start       ] GC(644) Pause Young (Allocation Failure)
[248.442s][info][gc,heap        ] GC(644) PSYoungGen: 296512K(313856K)->64K(313344K) Eden: 296448K(296448K)->0K(296448K) From: 64K(17408K)->64K(16896K)
[248.442s][info][gc,heap        ] GC(644) ParOldGen: 246131K(246272K)->246131K(246272K)
[248.442s][info][gc,metaspace   ] GC(644) Metaspace: 35153K(35840K)->35153K(35840K) NonClass: 28893K(29376K)->28893K(29376K) Class: 6260K(6464K)->6260K(6464K)
[248.442s][info][gc             ] GC(644) Pause Young (Allocation Failure) 529M->240M(546M) 1.110ms
[248.442s][info][gc,cpu         ] GC(644) User=0.00s Sys=0.00s Real=0.01s
[248.662s][info][gc,start       ] GC(645) Pause Young (Allocation Failure)
[248.663s][info][gc,heap        ] GC(645) PSYoungGen: 296512K(313344K)->64K(315904K) Eden: 296448K(296448K)->0K(300032K) From: 64K(16896K)->64K(15872K)
[248.663s][info][gc,heap        ] GC(645) ParOldGen: 246131K(246272K)->246139K(246272K)
[248.663s][info][gc,metaspace   ] GC(645) Metaspace: 35153K(35840K)->35153K(35840K) NonClass: 28893K(29376K)->28893K(29376K) Class: 6260K(6464K)->6260K(6464K)
[248.663s][info][gc             ] GC(645) Pause Young (Allocation Failure) 529M->240M(549M) 1.093ms
[248.663s][info][gc,cpu         ] GC(645) User=0.00s Sys=0.00s Real=0.00s
[248.827s][info][gc,start       ] GC(646) Pause Young (Allocation Failure)
[248.828s][info][gc,heap        ] GC(646) PSYoungGen: 300096K(315904K)->64K(315392K) Eden: 300032K(300032K)->0K(300032K) From: 64K(15872K)->64K(15360K)
[248.828s][info][gc,heap        ] GC(646) ParOldGen: 246139K(246272K)->246147K(246272K)
[248.828s][info][gc,metaspace   ] GC(646) Metaspace: 35153K(35840K)->35153K(35840K) NonClass: 28893K(29376K)->28893K(29376K) Class: 6260K(6464K)->6260K(6464K)
[248.828s][info][gc             ] GC(646) Pause Young (Allocation Failure) 533M->240M(548M) 1.124ms
[248.828s][info][gc,cpu         ] GC(646) User=0.00s Sys=0.00s Real=0.00s
[248.909s][info][gc,start       ] GC(647) Pause Young (Allocation Failure)
[248.910s][info][gc,heap        ] GC(647) PSYoungGen: 300096K(315392K)->64K(317440K) Eden: 300032K(300032K)->0K(303616K) From: 64K(15360K)->64K(13824K)
[248.910s][info][gc,heap        ] GC(647) ParOldGen: 246147K(246272K)->246163K(246272K)
[248.910s][info][gc,metaspace   ] GC(647) Metaspace: 35153K(35840K)->35153K(35840K) NonClass: 28893K(29376K)->28893K(29376K) Class: 6260K(6464K)->6260K(6464K)
[248.910s][info][gc             ] GC(647) Pause Young (Allocation Failure) 533M->240M(550M) 1.133ms
[248.910s][info][gc,cpu         ] GC(647) User=0.00s Sys=0.00s Real=0.00s
[249.077s][info][gc,start       ] GC(648) Pause Young (Allocation Failure)
[249.079s][info][gc,heap        ] GC(648) PSYoungGen: 303680K(317440K)->64K(316928K) Eden: 303616K(303616K)->0K(303616K) From: 64K(13824K)->64K(13312K)
[249.079s][info][gc,heap        ] GC(648) ParOldGen: 246163K(246272K)->246163K(246272K)
[249.079s][info][gc,metaspace   ] GC(648) Metaspace: 35153K(35840K)->35153K(35840K) NonClass: 28893K(29376K)->28893K(29376K) Class: 6260K(6464K)->6260K(6464K)
[249.079s][info][gc             ] GC(648) Pause Young (Allocation Failure) 536M->240M(550M) 1.140ms
[249.079s][info][gc,cpu         ] GC(648) User=0.00s Sys=0.00s Real=0.00s
[250.070s][info][gc,start       ] GC(649) Pause Young (Allocation Failure)
[250.071s][info][gc,heap        ] GC(649) PSYoungGen: 303666K(316928K)->83K(291840K) Eden: 303602K(303616K)->0K(291328K) From: 64K(13312K)->83K(512K)
[250.071s][info][gc,heap        ] GC(649) ParOldGen: 246163K(246272K)->246171K(246272K)
[250.071s][info][gc,metaspace   ] GC(649) Metaspace: 35153K(35840K)->35153K(35840K) NonClass: 28893K(29376K)->28893K(29376K) Class: 6260K(6464K)->6260K(6464K)
[250.071s][info][gc             ] GC(649) Pause Young (Allocation Failure) 536M->240M(525M) 1.307ms
[250.071s][info][gc,cpu         ] GC(649) User=0.00s Sys=0.00s Real=0.01s
[250.940s][info][gc,start       ] GC(650) Pause Young (Allocation Failure)
[250.941s][info][gc,heap        ] GC(650) PSYoungGen: 291411K(291840K)->64K(291328K) Eden: 291328K(291328K)->0K(279552K) From: 83K(512K)->64K(11776K)
[250.941s][info][gc,heap        ] GC(650) ParOldGen: 246171K(246272K)->246179K(246272K)
[250.941s][info][gc,metaspace   ] GC(650) Metaspace: 35153K(35840K)->35153K(35840K) NonClass: 28893K(29376K)->28893K(29376K) Class: 6260K(6464K)->6260K(6464K)
[250.941s][info][gc             ] GC(650) Pause Young (Allocation Failure) 524M->240M(525M) 1.106ms
[250.941s][info][gc,cpu         ] GC(650) User=0.00s Sys=0.00s Real=0.01s
[251.132s][info][gc,start       ] GC(651) Pause Young (Allocation Failure)
[251.134s][info][gc,heap        ] GC(651) PSYoungGen: 279616K(291328K)->64K(268800K) Eden: 279552K(279552K)->0K(268288K) From: 64K(11776K)->64K(512K)
[251.134s][info][gc,heap        ] GC(651) ParOldGen: 246179K(246272K)->246187K(246272K)
[251.134s][info][gc,metaspace   ] GC(651) Metaspace: 35153K(35840K)->35153K(35840K) NonClass: 28893K(29376K)->28893K(29376K) Class: 6260K(6464K)->6260K(6464K)
[251.134s][info][gc             ] GC(651) Pause Young (Allocation Failure) 513M->240M(503M) 1.852ms
[251.134s][info][gc,cpu         ] GC(651) User=0.01s Sys=0.00s Real=0.00s
[251.568s][info][gc,start       ] GC(652) Pause Young (Allocation Failure)
[251.569s][info][gc,heap        ] GC(652) PSYoungGen: 268352K(268800K)->32K(268288K) Eden: 268288K(268288K)->0K(258048K) From: 64K(512K)->32K(10240K)
[251.569s][info][gc,heap        ] GC(652) ParOldGen: 246187K(246272K)->246203K(246272K)
[251.569s][info][gc,metaspace   ] GC(652) Metaspace: 35153K(35840K)->35153K(35840K) NonClass: 28893K(29376K)->28893K(29376K) Class: 6260K(6464K)->6260K(6464K)
[251.569s][info][gc             ] GC(652) Pause Young (Allocation Failure) 502M->240M(502M) 1.504ms
[251.569s][info][gc,cpu         ] GC(652) User=0.00s Sys=0.00s Real=0.00s
[252.530s][info][gc,start       ] GC(653) Pause Young (Allocation Failure)
[252.531s][info][gc,heap        ] GC(653) PSYoungGen: 258080K(268288K)->64K(248320K) Eden: 258048K(258048K)->0K(247808K) From: 32K(10240K)->64K(512K)
[252.531s][info][gc,heap        ] GC(653) ParOldGen: 246203K(246272K)->246211K(246272K)
[252.531s][info][gc,metaspace   ] GC(653) Metaspace: 35153K(35840K)->35153K(35840K) NonClass: 28893K(29376K)->28893K(29376K) Class: 6260K(6464K)->6260K(6464K)
[252.531s][info][gc             ] GC(653) Pause Young (Allocation Failure) 492M->240M(483M) 1.521ms
[252.531s][info][gc,cpu         ] GC(653) User=0.00s Sys=0.00s Real=0.01s
[252.928s][info][gc,start       ] GC(654) Pause Young (Allocation Failure)
[252.930s][info][gc,heap        ] GC(654) PSYoungGen: 247872K(248320K)->64K(247296K) Eden: 247808K(247808K)->0K(238080K) From: 64K(512K)->64K(9216K)
[252.930s][info][gc,heap        ] GC(654) ParOldGen: 246211K(246272K)->246227K(246272K)
[252.930s][info][gc,metaspace   ] GC(654) Metaspace: 35153K(35840K)->35153K(35840K) NonClass: 28893K(29376K)->28893K(29376K) Class: 6260K(6464K)->6260K(6464K)
[252.930s][info][gc             ] GC(654) Pause Young (Allocation Failure) 482M->240M(482M) 1.919ms
[252.930s][info][gc,cpu         ] GC(654) User=0.00s Sys=0.00s Real=0.00s
[253.113s][info][gc,start       ] GC(655) Pause Young (Allocation Failure)
[253.116s][info][gc,heap        ] GC(655) PSYoungGen: 238144K(247296K)->64K(229376K) Eden: 238080K(238080K)->0K(228864K) From: 64K(9216K)->64K(512K)
[253.116s][info][gc,heap        ] GC(655) ParOldGen: 246227K(246272K)->246243K(246272K)
[253.116s][info][gc,metaspace   ] GC(655) Metaspace: 35153K(35840K)->35153K(35840K) NonClass: 28893K(29376K)->28893K(29376K) Class: 6260K(6464K)->6260K(6464K)
[253.116s][info][gc             ] GC(655) Pause Young (Allocation Failure) 473M->240M(464M) 2.500ms
[253.116s][info][gc,cpu         ] GC(655) User=0.00s Sys=0.00s Real=0.00s
[253.200s][info][gc,start       ] GC(656) Pause Young (Allocation Failure)
[253.202s][info][gc,heap        ] GC(656) PSYoungGen: 228928K(229376K)->64K(227840K) Eden: 228864K(228864K)->0K(220160K) From: 64K(512K)->64K(7680K)
[253.202s][info][gc,heap        ] GC(656) ParOldGen: 246243K(246272K)->246259K(246272K)
[253.202s][info][gc,metaspace   ] GC(656) Metaspace: 35153K(35840K)->35153K(35840K) NonClass: 28893K(29376K)->28893K(29376K) Class: 6260K(6464K)->6260K(6464K)
[253.202s][info][gc             ] GC(656) Pause Young (Allocation Failure) 464M->240M(463M) 1.868ms
[253.202s][info][gc,cpu         ] GC(656) User=0.00s Sys=0.00s Real=0.01s
[253.748s][info][gc,start       ] GC(657) Pause Young (Allocation Failure)
[253.750s][info][gc,heap        ] GC(657) PSYoungGen: 220224K(227840K)->64K(212480K) Eden: 220160K(220160K)->0K(211968K) From: 64K(7680K)->64K(512K)
[253.750s][info][gc,heap        ] GC(657) ParOldGen: 246259K(246272K)->246275K(246784K)
[253.750s][info][gc,metaspace   ] GC(657) Metaspace: 35153K(35840K)->35153K(35840K) NonClass: 28893K(29376K)->28893K(29376K) Class: 6260K(6464K)->6260K(6464K)
[253.750s][info][gc             ] GC(657) Pause Young (Allocation Failure) 455M->240M(448M) 2.350ms
[253.750s][info][gc,cpu         ] GC(657) User=0.00s Sys=0.00s Real=0.00s
[254.035s][info][gc,start       ] GC(658) Pause Young (Allocation Failure)
[254.036s][info][gc,heap        ] GC(658) PSYoungGen: 212032K(212480K)->64K(210944K) Eden: 211968K(211968K)->0K(204288K) From: 64K(512K)->64K(6656K)
[254.036s][info][gc,heap        ] GC(658) ParOldGen: 246275K(246784K)->246291K(246784K)
[254.036s][info][gc,metaspace   ] GC(658) Metaspace: 35208K(35904K)->35208K(35904K) NonClass: 28948K(29440K)->28948K(29440K) Class: 6260K(6464K)->6260K(6464K)
[254.036s][info][gc             ] GC(658) Pause Young (Allocation Failure) 447M->240M(447M) 1.589ms
[254.036s][info][gc,cpu         ] GC(658) User=0.00s Sys=0.00s Real=0.00s
[254.375s][info][gc,start       ] GC(659) Pause Young (Allocation Failure)
[254.391s][info][gc,heap        ] GC(659) PSYoungGen: 204351K(210944K)->6144K(249856K) Eden: 204287K(204288K)->0K(243712K) From: 64K(6656K)->6144K(6144K)
[254.391s][info][gc,heap        ] GC(659) ParOldGen: 246291K(246784K)->248587K(248832K)
[254.391s][info][gc,metaspace   ] GC(659) Metaspace: 35208K(35904K)->35208K(35904K) NonClass: 28948K(29440K)->28948K(29440K) Class: 6260K(6464K)->6260K(6464K)
[254.392s][info][gc             ] GC(659) Pause Young (Allocation Failure) 440M->248M(487M) 16.209ms
[254.392s][info][gc,cpu         ] GC(659) User=0.03s Sys=0.00s Real=0.02s
[254.674s][info][gc,start       ] GC(660) Pause Young (Allocation Failure)
[254.724s][info][gc,heap        ] GC(660) PSYoungGen: 249856K(249856K)->8704K(276992K) Eden: 243712K(243712K)->0K(268288K) From: 6144K(6144K)->8704K(8704K)
[254.724s][info][gc,heap        ] GC(660) ParOldGen: 248587K(248832K)->265835K(266240K)
[254.724s][info][gc,metaspace   ] GC(660) Metaspace: 35208K(35904K)->35208K(35904K) NonClass: 28948K(29440K)->28948K(29440K) Class: 6260K(6464K)->6260K(6464K)
[254.724s][info][gc             ] GC(660) Pause Young (Allocation Failure) 486M->268M(530M) 50.349ms
[254.724s][info][gc,cpu         ] GC(660) User=0.09s Sys=0.01s Real=0.05s
[255.034s][info][gc,start       ] GC(661) Pause Young (Allocation Failure)
[255.097s][info][gc,heap        ] GC(661) PSYoungGen: 276992K(276992K)->16896K(300544K) Eden: 268288K(268288K)->0K(283648K) From: 8704K(8704K)->16896K(16896K)
[255.097s][info][gc,heap        ] GC(661) ParOldGen: 265835K(266240K)->278035K(278528K)
[255.097s][info][gc,metaspace   ] GC(661) Metaspace: 35208K(35904K)->35208K(35904K) NonClass: 28948K(29440K)->28948K(29440K) Class: 6260K(6464K)->6260K(6464K)
[255.097s][info][gc             ] GC(661) Pause Young (Allocation Failure) 530M->288M(565M) 63.273ms
[255.097s][info][gc,cpu         ] GC(661) User=0.10s Sys=0.02s Real=0.06s
[255.225s][info][gc,start       ] GC(662) Pause Young (Allocation Failure)
[255.241s][info][gc,heap        ] GC(662) PSYoungGen: 300544K(300544K)->6208K(308736K) Eden: 283648K(283648K)->0K(283648K) From: 16896K(16896K)->6208K(25088K)
[255.241s][info][gc,heap        ] GC(662) ParOldGen: 278035K(278528K)->278483K(278528K)
[255.241s][info][gc,metaspace   ] GC(662) Metaspace: 35208K(35904K)->35208K(35904K) NonClass: 28948K(29440K)->28948K(29440K) Class: 6260K(6464K)->6260K(6464K)
[255.241s][info][gc             ] GC(662) Pause Young (Allocation Failure) 565M->278M(573M) 16.061ms
[255.241s][info][gc,cpu         ] GC(662) User=0.02s Sys=0.01s Real=0.02s
[255.782s][info][gc,start       ] GC(663) Pause Young (Allocation Failure)
[255.783s][info][gc,heap        ] GC(663) PSYoungGen: 289856K(308736K)->64K(305664K) Eden: 283648K(283648K)->0K(285696K) From: 6208K(25088K)->64K(19968K)
[255.783s][info][gc,heap        ] GC(663) ParOldGen: 278483K(278528K)->278491K(278528K)
[255.783s][info][gc,metaspace   ] GC(663) Metaspace: 35208K(35904K)->35208K(35904K) NonClass: 28948K(29440K)->28948K(29440K) Class: 6260K(6464K)->6260K(6464K)
[255.783s][info][gc             ] GC(663) Pause Young (Allocation Failure) 555M->272M(570M) 1.209ms
[255.783s][info][gc,cpu         ] GC(663) User=0.01s Sys=0.00s Real=0.00s
[256.289s][info][gc,start       ] GC(664) Pause Young (Allocation Failure)
[256.290s][info][gc,heap        ] GC(664) PSYoungGen: 285760K(305664K)->64K(308224K) Eden: 285696K(285696K)->0K(285696K) From: 64K(19968K)->64K(22528K)
[256.290s][info][gc,heap        ] GC(664) ParOldGen: 278491K(278528K)->278499K(278528K)
[256.290s][info][gc,metaspace   ] GC(664) Metaspace: 35208K(35904K)->35208K(35904K) NonClass: 28948K(29440K)->28948K(29440K) Class: 6260K(6464K)->6260K(6464K)
[256.290s][info][gc             ] GC(664) Pause Young (Allocation Failure) 551M->272M(573M) 1.223ms
[256.290s][info][gc,cpu         ] GC(664) User=0.00s Sys=0.00s Real=0.00s
[256.724s][info][gc,start       ] GC(665) Pause Young (Allocation Failure)
[256.725s][info][gc,heap        ] GC(665) PSYoungGen: 285760K(308224K)->64K(308736K) Eden: 285696K(285696K)->0K(289280K) From: 64K(22528K)->64K(19456K)
[256.725s][info][gc,heap        ] GC(665) ParOldGen: 278499K(278528K)->278515K(278528K)
[256.725s][info][gc,metaspace   ] GC(665) Metaspace: 35208K(35904K)->35208K(35904K) NonClass: 28948K(29440K)->28948K(29440K) Class: 6260K(6464K)->6260K(6464K)
[256.725s][info][gc             ] GC(665) Pause Young (Allocation Failure) 551M->272M(573M) 1.205ms
[256.725s][info][gc,cpu         ] GC(665) User=0.00s Sys=0.00s Real=0.00s
[256.944s][info][gc,start       ] GC(666) Pause Young (Allocation Failure)
[256.945s][info][gc,heap        ] GC(666) PSYoungGen: 289344K(308736K)->64K(310272K) Eden: 289280K(289280K)->0K(289280K) From: 64K(19456K)->64K(20992K)
[256.945s][info][gc,heap        ] GC(666) ParOldGen: 278515K(278528K)->278531K(279040K)
[256.945s][info][gc,metaspace   ] GC(666) Metaspace: 35208K(35904K)->35208K(35904K) NonClass: 28948K(29440K)->28948K(29440K) Class: 6260K(6464K)->6260K(6464K)
[256.945s][info][gc             ] GC(666) Pause Young (Allocation Failure) 554M->272M(575M) 1.218ms
[256.945s][info][gc,cpu         ] GC(666) User=0.00s Sys=0.00s Real=0.00s
[257.165s][info][gc,start       ] GC(667) Pause Young (Allocation Failure)
[257.166s][info][gc,heap        ] GC(667) PSYoungGen: 289344K(310272K)->64K(310272K) Eden: 289280K(289280K)->0K(292352K) From: 64K(20992K)->64K(17920K)
[257.166s][info][gc,heap        ] GC(667) ParOldGen: 278531K(279040K)->278531K(279040K)
[257.166s][info][gc,metaspace   ] GC(667) Metaspace: 35208K(35904K)->35208K(35904K) NonClass: 28948K(29440K)->28948K(29440K) Class: 6260K(6464K)->6260K(6464K)
[257.166s][info][gc             ] GC(667) Pause Young (Allocation Failure) 554M->272M(575M) 1.195ms
[257.166s][info][gc,cpu         ] GC(667) User=0.00s Sys=0.00s Real=0.00s
[257.544s][info][gc,start       ] GC(668) Pause Young (Allocation Failure)
[257.545s][info][gc,heap        ] GC(668) PSYoungGen: 292416K(310272K)->64K(311808K) Eden: 292352K(292352K)->0K(292352K) From: 64K(17920K)->64K(19456K)
[257.546s][info][gc,heap        ] GC(668) ParOldGen: 278531K(279040K)->278531K(279040K)
[257.546s][info][gc,metaspace   ] GC(668) Metaspace: 35208K(35904K)->35208K(35904K) NonClass: 28948K(29440K)->28948K(29440K) Class: 6260K(6464K)->6260K(6464K)
[257.546s][info][gc             ] GC(668) Pause Young (Allocation Failure) 557M->272M(577M) 1.216ms
[257.546s][info][gc,cpu         ] GC(668) User=0.00s Sys=0.00s Real=0.00s
[257.607s][info][gc,start       ] GC(669) Pause Young (Allocation Failure)
[257.608s][info][gc,heap        ] GC(669) PSYoungGen: 292416K(311808K)->64K(311808K) Eden: 292352K(292352K)->0K(295936K) From: 64K(19456K)->64K(15872K)
[257.608s][info][gc,heap        ] GC(669) ParOldGen: 278531K(279040K)->278539K(279040K)
[257.608s][info][gc,metaspace   ] GC(669) Metaspace: 35208K(35904K)->35208K(35904K) NonClass: 28948K(29440K)->28948K(29440K) Class: 6260K(6464K)->6260K(6464K)
[257.608s][info][gc             ] GC(669) Pause Young (Allocation Failure) 557M->272M(577M) 1.179ms
[257.608s][info][gc,cpu         ] GC(669) User=0.00s Sys=0.00s Real=0.00s
[257.665s][info][gc,start       ] GC(670) Pause Young (Allocation Failure)
[257.666s][info][gc,heap        ] GC(670) PSYoungGen: 296000K(311808K)->64K(313344K) Eden: 295936K(295936K)->0K(295936K) From: 64K(15872K)->64K(17408K)
[257.666s][info][gc,heap        ] GC(670) ParOldGen: 278539K(279040K)->278555K(279040K)
[257.666s][info][gc,metaspace   ] GC(670) Metaspace: 35208K(35904K)->35208K(35904K) NonClass: 28948K(29440K)->28948K(29440K) Class: 6260K(6464K)->6260K(6464K)
[257.666s][info][gc             ] GC(670) Pause Young (Allocation Failure) 561M->272M(578M) 1.178ms
[257.666s][info][gc,cpu         ] GC(670) User=0.00s Sys=0.00s Real=0.00s
[257.840s][info][gc,start       ] GC(671) Pause Young (Allocation Failure)
[257.842s][info][gc,heap        ] GC(671) PSYoungGen: 296000K(313344K)->64K(313856K) Eden: 295936K(295936K)->0K(299520K) From: 64K(17408K)->64K(14336K)
[257.842s][info][gc,heap        ] GC(671) ParOldGen: 278555K(279040K)->278555K(279040K)
[257.842s][info][gc,metaspace   ] GC(671) Metaspace: 35208K(35904K)->35208K(35904K) NonClass: 28948K(29440K)->28948K(29440K) Class: 6260K(6464K)->6260K(6464K)
[257.842s][info][gc             ] GC(671) Pause Young (Allocation Failure) 561M->272M(579M) 1.195ms
[257.842s][info][gc,cpu         ] GC(671) User=0.00s Sys=0.00s Real=0.01s
[258.061s][info][gc,start       ] GC(672) Pause Young (Allocation Failure)
[258.062s][info][gc,heap        ] GC(672) PSYoungGen: 299584K(313856K)->64K(315392K) Eden: 299520K(299520K)->0K(299520K) From: 64K(14336K)->64K(15872K)
[258.062s][info][gc,heap        ] GC(672) ParOldGen: 278555K(279040K)->278563K(279040K)
[258.062s][info][gc,metaspace   ] GC(672) Metaspace: 35208K(35904K)->35208K(35904K) NonClass: 28948K(29440K)->28948K(29440K) Class: 6260K(6464K)->6260K(6464K)
[258.062s][info][gc             ] GC(672) Pause Young (Allocation Failure) 564M->272M(580M) 1.263ms
[258.062s][info][gc,cpu         ] GC(672) User=0.00s Sys=0.00s Real=0.00s
[258.189s][info][gc,start       ] GC(673) Pause Young (Allocation Failure)
[258.191s][info][gc,heap        ] GC(673) PSYoungGen: 299584K(315392K)->64K(315392K) Eden: 299520K(299520K)->0K(303104K) From: 64K(15872K)->64K(12288K)
[258.191s][info][gc,heap        ] GC(673) ParOldGen: 278563K(279040K)->278571K(279040K)
[258.191s][info][gc,metaspace   ] GC(673) Metaspace: 35208K(35904K)->35208K(35904K) NonClass: 28948K(29440K)->28948K(29440K) Class: 6260K(6464K)->6260K(6464K)
[258.191s][info][gc             ] GC(673) Pause Young (Allocation Failure) 564M->272M(580M) 1.232ms
[258.191s][info][gc,cpu         ] GC(673) User=0.00s Sys=0.00s Real=0.01s
[258.287s][info][gc,start       ] GC(674) Pause Young (Allocation Failure)
[258.288s][info][gc,heap        ] GC(674) PSYoungGen: 303168K(315392K)->64K(316928K) Eden: 303104K(303104K)->0K(303104K) From: 64K(12288K)->64K(13824K)
[258.288s][info][gc,heap        ] GC(674) ParOldGen: 278571K(279040K)->278579K(279040K)
[258.288s][info][gc,metaspace   ] GC(674) Metaspace: 35208K(35904K)->35208K(35904K) NonClass: 28948K(29440K)->28948K(29440K) Class: 6260K(6464K)->6260K(6464K)
[258.288s][info][gc             ] GC(674) Pause Young (Allocation Failure) 568M->272M(582M) 1.191ms
[258.288s][info][gc,cpu         ] GC(674) User=0.00s Sys=0.00s Real=0.00s
[258.466s][info][gc,start       ] GC(675) Pause Young (Allocation Failure)
[258.467s][info][gc,heap        ] GC(675) PSYoungGen: 303168K(316928K)->64K(317440K) Eden: 303104K(303104K)->0K(306688K) From: 64K(13824K)->64K(10752K)
[258.467s][info][gc,heap        ] GC(675) ParOldGen: 278579K(279040K)->278587K(279040K)
[258.467s][info][gc,metaspace   ] GC(675) Metaspace: 35208K(35904K)->35208K(35904K) NonClass: 28948K(29440K)->28948K(29440K) Class: 6260K(6464K)->6260K(6464K)
[258.467s][info][gc             ] GC(675) Pause Young (Allocation Failure) 568M->272M(582M) 1.205ms
[258.467s][info][gc,cpu         ] GC(675) User=0.00s Sys=0.00s Real=0.00s
[259.422s][info][gc,start       ] GC(676) Pause Young (Allocation Failure)
[259.424s][info][gc,heap        ] GC(676) PSYoungGen: 306752K(317440K)->83K(294912K) Eden: 306688K(306688K)->0K(294400K) From: 64K(10752K)->83K(512K)
[259.424s][info][gc,heap        ] GC(676) ParOldGen: 278587K(279040K)->278595K(279040K)
[259.424s][info][gc,metaspace   ] GC(676) Metaspace: 35208K(35904K)->35208K(35904K) NonClass: 28948K(29440K)->28948K(29440K) Class: 6260K(6464K)->6260K(6464K)
[259.424s][info][gc             ] GC(676) Pause Young (Allocation Failure) 571M->272M(560M) 1.545ms
[259.424s][info][gc,cpu         ] GC(676) User=0.00s Sys=0.00s Real=0.00s
[260.333s][info][gc,start       ] GC(677) Pause Young (Allocation Failure)
[260.335s][info][gc,heap        ] GC(677) PSYoungGen: 294483K(294912K)->64K(283136K) Eden: 294400K(294400K)->0K(282624K) From: 83K(512K)->64K(512K)
[260.335s][info][gc,heap        ] GC(677) ParOldGen: 278595K(279040K)->278603K(279040K)
[260.335s][info][gc,metaspace   ] GC(677) Metaspace: 35208K(35904K)->35208K(35904K) NonClass: 28948K(29440K)->28948K(29440K) Class: 6260K(6464K)->6260K(6464K)
[260.335s][info][gc             ] GC(677) Pause Young (Allocation Failure) 559M->272M(549M) 1.987ms
[260.335s][info][gc,cpu         ] GC(677) User=0.00s Sys=0.00s Real=0.00s
[260.671s][info][gc,start       ] GC(678) Pause Young (Allocation Failure)
[260.672s][info][gc,heap        ] GC(678) PSYoungGen: 282688K(283136K)->64K(282112K) Eden: 282624K(282624K)->0K(271360K) From: 64K(512K)->64K(10752K)
[260.673s][info][gc,heap        ] GC(678) ParOldGen: 278603K(279040K)->278611K(279040K)
[260.673s][info][gc,metaspace   ] GC(678) Metaspace: 35208K(35904K)->35208K(35904K) NonClass: 28948K(29440K)->28948K(29440K) Class: 6260K(6464K)->6260K(6464K)
[260.673s][info][gc             ] GC(678) Pause Young (Allocation Failure) 548M->272M(548M) 1.175ms
[260.673s][info][gc,cpu         ] GC(678) User=0.00s Sys=0.00s Real=0.00s
[261.060s][info][gc,start       ] GC(679) Pause Young (Allocation Failure)
[261.062s][info][gc,heap        ] GC(679) PSYoungGen: 271424K(282112K)->64K(261120K) Eden: 271360K(271360K)->0K(260608K) From: 64K(10752K)->64K(512K)
[261.062s][info][gc,heap        ] GC(679) ParOldGen: 278611K(279040K)->278619K(279040K)
[261.062s][info][gc,metaspace   ] GC(679) Metaspace: 35208K(35904K)->35208K(35904K) NonClass: 28948K(29440K)->28948K(29440K) Class: 6260K(6464K)->6260K(6464K)
[261.062s][info][gc             ] GC(679) Pause Young (Allocation Failure) 537M->272M(527M) 1.844ms
[261.062s][info][gc,cpu         ] GC(679) User=0.00s Sys=0.00s Real=0.01s
[262.005s][info][gc,start       ] GC(680) Pause Young (Allocation Failure)
[262.006s][info][gc,heap        ] GC(680) PSYoungGen: 260672K(261120K)->64K(260096K) Eden: 260608K(260608K)->0K(250368K) From: 64K(512K)->64K(9728K)
[262.006s][info][gc,heap        ] GC(680) ParOldGen: 278619K(279040K)->278627K(279040K)
[262.006s][info][gc,metaspace   ] GC(680) Metaspace: 35208K(35904K)->35208K(35904K) NonClass: 28948K(29440K)->28948K(29440K) Class: 6260K(6464K)->6260K(6464K)
[262.006s][info][gc             ] GC(680) Pause Young (Allocation Failure) 526M->272M(526M) 1.188ms
[262.006s][info][gc,cpu         ] GC(680) User=0.00s Sys=0.00s Real=0.00s
[262.358s][info][gc,start       ] GC(681) Pause Young (Allocation Failure)
[262.359s][info][gc,heap        ] GC(681) PSYoungGen: 250432K(260096K)->64K(241152K) Eden: 250368K(250368K)->0K(240640K) From: 64K(9728K)->64K(512K)
[262.360s][info][gc,heap        ] GC(681) ParOldGen: 278627K(279040K)->278635K(279040K)
[262.360s][info][gc,metaspace   ] GC(681) Metaspace: 35208K(35904K)->35208K(35904K) NonClass: 28948K(29440K)->28948K(29440K) Class: 6260K(6464K)->6260K(6464K)
[262.360s][info][gc             ] GC(681) Pause Young (Allocation Failure) 516M->272M(508M) 1.788ms
[262.360s][info][gc,cpu         ] GC(681) User=0.00s Sys=0.00s Real=0.00s
[262.496s][info][gc,start       ] GC(682) Pause Young (Allocation Failure)
[262.497s][info][gc,heap        ] GC(682) PSYoungGen: 240704K(241152K)->64K(239616K) Eden: 240640K(240640K)->0K(231424K) From: 64K(512K)->64K(8192K)
[262.497s][info][gc,heap        ] GC(682) ParOldGen: 278635K(279040K)->278643K(279040K)
[262.497s][info][gc,metaspace   ] GC(682) Metaspace: 35208K(35904K)->35208K(35904K) NonClass: 28948K(29440K)->28948K(29440K) Class: 6260K(6464K)->6260K(6464K)
[262.497s][info][gc             ] GC(682) Pause Young (Allocation Failure) 507M->272M(506M) 1.200ms
[262.497s][info][gc,cpu         ] GC(682) User=0.00s Sys=0.00s Real=0.00s
[262.800s][info][gc,start       ] GC(683) Pause Young (Allocation Failure)
[262.801s][info][gc,heap        ] GC(683) PSYoungGen: 231488K(239616K)->64K(223232K) Eden: 231424K(231424K)->0K(222720K) From: 64K(8192K)->64K(512K)
[262.801s][info][gc,heap        ] GC(683) ParOldGen: 278643K(279040K)->278651K(279040K)
[262.801s][info][gc,metaspace   ] GC(683) Metaspace: 35208K(35904K)->35208K(35904K) NonClass: 28948K(29440K)->28948K(29440K) Class: 6260K(6464K)->6260K(6464K)
[262.801s][info][gc             ] GC(683) Pause Young (Allocation Failure) 498M->272M(490M) 1.733ms
[262.801s][info][gc,cpu         ] GC(683) User=0.00s Sys=0.00s Real=0.01s
[263.245s][info][gc,start       ] GC(684) Pause Young (Allocation Failure)
[263.247s][info][gc,heap        ] GC(684) PSYoungGen: 222784K(223232K)->64K(221696K) Eden: 222720K(222720K)->0K(214528K) From: 64K(512K)->64K(7168K)
[263.247s][info][gc,heap        ] GC(684) ParOldGen: 278651K(279040K)->278667K(279040K)
[263.247s][info][gc,metaspace   ] GC(684) Metaspace: 35208K(35904K)->35208K(35904K) NonClass: 28948K(29440K)->28948K(29440K) Class: 6260K(6464K)->6260K(6464K)
[263.247s][info][gc             ] GC(684) Pause Young (Allocation Failure) 489M->272M(489M) 2.298ms
[263.247s][info][gc,cpu         ] GC(684) User=0.00s Sys=0.00s Real=0.00s
[263.582s][info][gc,start       ] GC(685) Pause Young (Allocation Failure)
[263.585s][info][gc,heap        ] GC(685) PSYoungGen: 214592K(221696K)->64K(207360K) Eden: 214528K(214528K)->0K(206848K) From: 64K(7168K)->64K(512K)
[263.585s][info][gc,heap        ] GC(685) ParOldGen: 278667K(279040K)->278675K(279040K)
[263.585s][info][gc,metaspace   ] GC(685) Metaspace: 35208K(35904K)->35208K(35904K) NonClass: 28948K(29440K)->28948K(29440K) Class: 6260K(6464K)->6260K(6464K)
[263.585s][info][gc             ] GC(685) Pause Young (Allocation Failure) 481M->272M(475M) 2.586ms
[263.585s][info][gc,cpu         ] GC(685) User=0.00s Sys=0.00s Real=0.00s
[263.838s][info][gc,start       ] GC(686) Pause Young (Allocation Failure)
[263.881s][info][gc,heap        ] GC(686) PSYoungGen: 206912K(207360K)->6144K(253952K) Eden: 206848K(206848K)->0K(247808K) From: 64K(512K)->6144K(6144K)
[263.881s][info][gc,heap        ] GC(686) ParOldGen: 278675K(279040K)->293307K(293376K)
[263.881s][info][gc,metaspace   ] GC(686) Metaspace: 35208K(35904K)->35208K(35904K) NonClass: 28948K(29440K)->28948K(29440K) Class: 6260K(6464K)->6260K(6464K)
[263.881s][info][gc             ] GC(686) Pause Young (Allocation Failure) 474M->292M(534M) 42.579ms
[263.881s][info][gc,cpu         ] GC(686) User=0.07s Sys=0.01s Real=0.05s
[264.172s][info][gc,start       ] GC(687) Pause Young (Allocation Failure)
[264.229s][info][gc,heap        ] GC(687) PSYoungGen: 253952K(253952K)->6144K(257536K) Eden: 247808K(247808K)->0K(251392K) From: 6144K(6144K)->6144K(6144K)
[264.229s][info][gc,heap        ] GC(687) ParOldGen: 293307K(293376K)->314019K(314368K)
[264.229s][info][gc,metaspace   ] GC(687) Metaspace: 35208K(35904K)->35208K(35904K) NonClass: 28948K(29440K)->28948K(29440K) Class: 6260K(6464K)->6260K(6464K)
[264.229s][info][gc             ] GC(687) Pause Young (Allocation Failure) 534M->312M(558M) 57.361ms
[264.229s][info][gc,cpu         ] GC(687) User=0.10s Sys=0.02s Real=0.05s
[264.480s][info][gc,start       ] GC(688) Pause Young (Allocation Failure)
[264.518s][info][gc,heap        ] GC(688) PSYoungGen: 257536K(257536K)->20992K(272384K) Eden: 251392K(251392K)->0K(251392K) From: 6144K(6144K)->20992K(20992K)
[264.518s][info][gc,heap        ] GC(688) ParOldGen: 314019K(314368K)->315659K(315904K)
[264.518s][info][gc,metaspace   ] GC(688) Metaspace: 35208K(35904K)->35208K(35904K) NonClass: 28948K(29440K)->28948K(29440K) Class: 6260K(6464K)->6260K(6464K)
[264.518s][info][gc             ] GC(688) Pause Young (Allocation Failure) 558M->328M(574M) 38.675ms
[264.518s][info][gc,cpu         ] GC(688) User=0.08s Sys=0.00s Real=0.04s
[264.605s][info][gc,start       ] GC(689) Pause Young (Allocation Failure)
[264.606s][info][gc,heap        ] GC(689) PSYoungGen: 272384K(272384K)->64K(308736K) Eden: 251392K(251392K)->0K(282624K) From: 20992K(20992K)->64K(26112K)
[264.606s][info][gc,heap        ] GC(689) ParOldGen: 315659K(315904K)->315699K(315904K)
[264.606s][info][gc,metaspace   ] GC(689) Metaspace: 35208K(35904K)->35208K(35904K) NonClass: 28948K(29440K)->28948K(29440K) Class: 6260K(6464K)->6260K(6464K)
[264.606s][info][gc             ] GC(689) Pause Young (Allocation Failure) 574M->308M(610M) 1.569ms
[264.606s][info][gc,cpu         ] GC(689) User=0.01s Sys=0.00s Real=0.00s
[265.289s][info][gc,start       ] GC(690) Pause Young (Allocation Failure)
[265.290s][info][gc,heap        ] GC(690) PSYoungGen: 282688K(308736K)->64K(283136K) Eden: 282624K(282624K)->0K(282624K) From: 64K(26112K)->64K(512K)
[265.290s][info][gc,heap        ] GC(690) ParOldGen: 315699K(315904K)->315707K(315904K)
[265.290s][info][gc,metaspace   ] GC(690) Metaspace: 35208K(35904K)->35208K(35904K) NonClass: 28948K(29440K)->28948K(29440K) Class: 6260K(6464K)->6260K(6464K)
[265.290s][info][gc             ] GC(690) Pause Young (Allocation Failure) 584M->308M(585M) 1.325ms
[265.290s][info][gc,cpu         ] GC(690) User=0.01s Sys=0.00s Real=0.00s
[265.668s][info][gc,start       ] GC(691) Pause Young (Allocation Failure)
[265.669s][info][gc,heap        ] GC(691) PSYoungGen: 282688K(283136K)->64K(308224K) Eden: 282624K(282624K)->0K(283648K) From: 64K(512K)->64K(24576K)
[265.669s][info][gc,heap        ] GC(691) ParOldGen: 315707K(315904K)->315715K(315904K)
[265.670s][info][gc,metaspace   ] GC(691) Metaspace: 35208K(35904K)->35208K(35904K) NonClass: 28948K(29440K)->28948K(29440K) Class: 6260K(6464K)->6260K(6464K)
[265.670s][info][gc             ] GC(691) Pause Young (Allocation Failure) 584M->308M(609M) 1.317ms
[265.670s][info][gc,cpu         ] GC(691) User=0.01s Sys=0.00s Real=0.00s
[266.105s][info][gc,start       ] GC(692) Pause Young (Allocation Failure)
[266.106s][info][gc,heap        ] GC(692) PSYoungGen: 283712K(308224K)->64K(307200K) Eden: 283648K(283648K)->0K(283648K) From: 64K(24576K)->64K(23552K)
[266.106s][info][gc,heap        ] GC(692) ParOldGen: 315715K(315904K)->315731K(315904K)
[266.106s][info][gc,metaspace   ] GC(692) Metaspace: 35208K(35904K)->35208K(35904K) NonClass: 28948K(29440K)->28948K(29440K) Class: 6260K(6464K)->6260K(6464K)
[266.106s][info][gc             ] GC(692) Pause Young (Allocation Failure) 585M->308M(608M) 1.338ms
[266.106s][info][gc,cpu         ] GC(692) User=0.00s Sys=0.00s Real=0.00s
[266.315s][info][gc,start       ] GC(693) Pause Young (Allocation Failure)
[266.316s][info][gc,heap        ] GC(693) PSYoungGen: 283712K(307200K)->64K(309248K) Eden: 283648K(283648K)->0K(286720K) From: 64K(23552K)->64K(22528K)
[266.316s][info][gc,heap        ] GC(693) ParOldGen: 315731K(315904K)->315747K(315904K)
[266.316s][info][gc,metaspace   ] GC(693) Metaspace: 35208K(35904K)->35208K(35904K) NonClass: 28948K(29440K)->28948K(29440K) Class: 6260K(6464K)->6260K(6464K)
[266.316s][info][gc             ] GC(693) Pause Young (Allocation Failure) 585M->308M(610M) 1.220ms
[266.316s][info][gc,cpu         ] GC(693) User=0.00s Sys=0.00s Real=0.00s
[266.534s][info][gc,start       ] GC(694) Pause Young (Allocation Failure)
[266.535s][info][gc,heap        ] GC(694) PSYoungGen: 286784K(309248K)->64K(308224K) Eden: 286720K(286720K)->0K(286720K) From: 64K(22528K)->64K(21504K)
[266.535s][info][gc,heap        ] GC(694) ParOldGen: 315747K(315904K)->315747K(315904K)
[266.535s][info][gc,metaspace   ] GC(694) Metaspace: 35208K(35904K)->35208K(35904K) NonClass: 28948K(29440K)->28948K(29440K) Class: 6260K(6464K)->6260K(6464K)
[266.535s][info][gc             ] GC(694) Pause Young (Allocation Failure) 588M->308M(609M) 1.243ms
[266.535s][info][gc,cpu         ] GC(694) User=0.01s Sys=0.00s Real=0.00s
[266.882s][info][gc,start       ] GC(695) Pause Young (Allocation Failure)
[266.883s][info][gc,heap        ] GC(695) PSYoungGen: 286784K(308224K)->64K(311296K) Eden: 286720K(286720K)->0K(290816K) From: 64K(21504K)->64K(20480K)
[266.884s][info][gc,heap        ] GC(695) ParOldGen: 315747K(315904K)->315747K(315904K)
[266.884s][info][gc,metaspace   ] GC(695) Metaspace: 35208K(35904K)->35208K(35904K) NonClass: 28948K(29440K)->28948K(29440K) Class: 6260K(6464K)->6260K(6464K)
[266.884s][info][gc             ] GC(695) Pause Young (Allocation Failure) 588M->308M(612M) 1.270ms
[266.884s][info][gc,cpu         ] GC(695) User=0.01s Sys=0.00s Real=0.00s
[266.939s][info][gc,start       ] GC(696) Pause Young (Allocation Failure)
[266.940s][info][gc,heap        ] GC(696) PSYoungGen: 290880K(311296K)->64K(310272K) Eden: 290816K(290816K)->0K(290816K) From: 64K(20480K)->64K(19456K)
[266.940s][info][gc,heap        ] GC(696) ParOldGen: 315747K(315904K)->315763K(315904K)
[266.940s][info][gc,metaspace   ] GC(696) Metaspace: 35208K(35904K)->35208K(35904K) NonClass: 28948K(29440K)->28948K(29440K) Class: 6260K(6464K)->6260K(6464K)
[266.941s][info][gc             ] GC(696) Pause Young (Allocation Failure) 592M->308M(611M) 1.240ms
[266.941s][info][gc,cpu         ] GC(696) User=0.00s Sys=0.00s Real=0.00s
[266.993s][info][gc,start       ] GC(697) Pause Young (Allocation Failure)
[266.994s][info][gc,heap        ] GC(697) PSYoungGen: 290880K(310272K)->64K(313344K) Eden: 290816K(290816K)->0K(294912K) From: 64K(19456K)->64K(18432K)
[266.994s][info][gc,heap        ] GC(697) ParOldGen: 315763K(315904K)->315763K(315904K)
[266.994s][info][gc,metaspace   ] GC(697) Metaspace: 35208K(35904K)->35208K(35904K) NonClass: 28948K(29440K)->28948K(29440K) Class: 6260K(6464K)->6260K(6464K)
[266.995s][info][gc             ] GC(697) Pause Young (Allocation Failure) 592M->308M(614M) 1.130ms
[266.995s][info][gc,cpu         ] GC(697) User=0.01s Sys=0.00s Real=0.00s
[267.195s][info][gc,start       ] GC(698) Pause Young (Allocation Failure)
[267.196s][info][gc,heap        ] GC(698) PSYoungGen: 294976K(313344K)->64K(312320K) Eden: 294912K(294912K)->0K(294912K) From: 64K(18432K)->64K(17408K)
[267.196s][info][gc,heap        ] GC(698) ParOldGen: 315763K(315904K)->315763K(315904K)
[267.196s][info][gc,metaspace   ] GC(698) Metaspace: 35208K(35904K)->35208K(35904K) NonClass: 28948K(29440K)->28948K(29440K) Class: 6260K(6464K)->6260K(6464K)
[267.196s][info][gc             ] GC(698) Pause Young (Allocation Failure) 596M->308M(613M) 1.230ms
[267.196s][info][gc,cpu         ] GC(698) User=0.00s Sys=0.00s Real=0.00s
[267.402s][info][gc,start       ] GC(699) Pause Young (Allocation Failure)
[267.403s][info][gc,heap        ] GC(699) PSYoungGen: 294976K(312320K)->64K(315392K) Eden: 294912K(294912K)->0K(299008K) From: 64K(17408K)->64K(16384K)
[267.403s][info][gc,heap        ] GC(699) ParOldGen: 315763K(315904K)->315771K(315904K)
[267.403s][info][gc,metaspace   ] GC(699) Metaspace: 35208K(35904K)->35208K(35904K) NonClass: 28948K(29440K)->28948K(29440K) Class: 6260K(6464K)->6260K(6464K)
[267.403s][info][gc             ] GC(699) Pause Young (Allocation Failure) 596M->308M(616M) 1.300ms
[267.403s][info][gc,cpu         ] GC(699) User=0.00s Sys=0.00s Real=0.00s
[267.514s][info][gc,start       ] GC(700) Pause Young (Allocation Failure)
[267.516s][info][gc,heap        ] GC(700) PSYoungGen: 299072K(315392K)->64K(314368K) Eden: 299008K(299008K)->0K(299008K) From: 64K(16384K)->64K(15360K)
[267.516s][info][gc,heap        ] GC(700) ParOldGen: 315771K(315904K)->315779K(315904K)
[267.516s][info][gc,metaspace   ] GC(700) Metaspace: 35208K(35904K)->35208K(35904K) NonClass: 28948K(29440K)->28948K(29440K) Class: 6260K(6464K)->6260K(6464K)
[267.516s][info][gc             ] GC(700) Pause Young (Allocation Failure) 600M->308M(615M) 1.264ms
[267.516s][info][gc,cpu         ] GC(700) User=0.00s Sys=0.00s Real=0.00s
[267.616s][info][gc,start       ] GC(701) Pause Young (Allocation Failure)
[267.617s][info][gc,heap        ] GC(701) PSYoungGen: 299072K(314368K)->64K(317440K) Eden: 299008K(299008K)->0K(303104K) From: 64K(15360K)->64K(14336K)
[267.617s][info][gc,heap        ] GC(701) ParOldGen: 315779K(315904K)->315787K(315904K)
[267.617s][info][gc,metaspace   ] GC(701) Metaspace: 35208K(35904K)->35208K(35904K) NonClass: 28948K(29440K)->28948K(29440K) Class: 6260K(6464K)->6260K(6464K)
[267.617s][info][gc             ] GC(701) Pause Young (Allocation Failure) 600M->308M(618M) 1.191ms
[267.617s][info][gc,cpu         ] GC(701) User=0.00s Sys=0.00s Real=0.00s
[267.830s][info][gc,start       ] GC(702) Pause Young (Allocation Failure)
[267.831s][info][gc,heap        ] GC(702) PSYoungGen: 303168K(317440K)->64K(316416K) Eden: 303104K(303104K)->0K(303104K) From: 64K(14336K)->64K(13312K)
[267.831s][info][gc,heap        ] GC(702) ParOldGen: 315787K(315904K)->315795K(315904K)
[267.831s][info][gc,metaspace   ] GC(702) Metaspace: 35208K(35904K)->35208K(35904K) NonClass: 28948K(29440K)->28948K(29440K) Class: 6260K(6464K)->6260K(6464K)
[267.831s][info][gc             ] GC(702) Pause Young (Allocation Failure) 604M->308M(617M) 1.297ms
[267.831s][info][gc,cpu         ] GC(702) User=0.01s Sys=0.00s Real=0.01s
[268.725s][info][gc,start       ] GC(703) Pause Young (Allocation Failure)
[268.727s][info][gc,heap        ] GC(703) PSYoungGen: 303168K(316416K)->64K(291328K) Eden: 303104K(303104K)->0K(290816K) From: 64K(13312K)->64K(512K)
[268.727s][info][gc,heap        ] GC(703) ParOldGen: 315795K(315904K)->315803K(315904K)
[268.727s][info][gc,metaspace   ] GC(703) Metaspace: 35208K(35904K)->35208K(35904K) NonClass: 28948K(29440K)->28948K(29440K) Class: 6260K(6464K)->6260K(6464K)
[268.727s][info][gc             ] GC(703) Pause Young (Allocation Failure) 604M->308M(593M) 1.317ms
[268.727s][info][gc,cpu         ] GC(703) User=0.00s Sys=0.00s Real=0.00s
[269.616s][info][gc,start       ] GC(704) Pause Young (Allocation Failure)
[269.618s][info][gc,heap        ] GC(704) PSYoungGen: 290880K(291328K)->64K(290816K) Eden: 290816K(290816K)->0K(279040K) From: 64K(512K)->64K(11776K)
[269.618s][info][gc,heap        ] GC(704) ParOldGen: 315803K(315904K)->315811K(315904K)
[269.618s][info][gc,metaspace   ] GC(704) Metaspace: 35208K(35904K)->35208K(35904K) NonClass: 28948K(29440K)->28948K(29440K) Class: 6260K(6464K)->6260K(6464K)
[269.618s][info][gc             ] GC(704) Pause Young (Allocation Failure) 592M->308M(592M) 1.244ms
[269.618s][info][gc,cpu         ] GC(704) User=0.00s Sys=0.00s Real=0.00s
[269.971s][info][gc,start       ] GC(705) Pause Young (Allocation Failure)
[269.972s][info][gc,heap        ] GC(705) PSYoungGen: 279104K(290816K)->64K(268800K) Eden: 279040K(279040K)->0K(268288K) From: 64K(11776K)->64K(512K)
[269.972s][info][gc,heap        ] GC(705) ParOldGen: 315811K(315904K)->315819K(315904K)
[269.972s][info][gc,metaspace   ] GC(705) Metaspace: 35208K(35904K)->35208K(35904K) NonClass: 28948K(29440K)->28948K(29440K) Class: 6260K(6464K)->6260K(6464K)
[269.972s][info][gc             ] GC(705) Pause Young (Allocation Failure) 580M->308M(571M) 1.509ms
[269.972s][info][gc,cpu         ] GC(705) User=0.00s Sys=0.01s Real=0.01s
[270.319s][info][gc,start       ] GC(706) Pause Young (Allocation Failure)
[270.320s][info][gc,heap        ] GC(706) PSYoungGen: 268352K(268800K)->64K(268288K) Eden: 268288K(268288K)->0K(258048K) From: 64K(512K)->64K(10240K)
[270.320s][info][gc,heap        ] GC(706) ParOldGen: 315819K(315904K)->315827K(315904K)
[270.320s][info][gc,metaspace   ] GC(706) Metaspace: 35208K(35904K)->35208K(35904K) NonClass: 28948K(29440K)->28948K(29440K) Class: 6260K(6464K)->6260K(6464K)
[270.320s][info][gc             ] GC(706) Pause Young (Allocation Failure) 570M->308M(570M) 1.244ms
[270.320s][info][gc,cpu         ] GC(706) User=0.01s Sys=0.00s Real=0.00s
[271.259s][info][gc,start       ] GC(707) Pause Young (Allocation Failure)
[271.261s][info][gc,heap        ] GC(707) PSYoungGen: 258112K(268288K)->64K(248320K) Eden: 258048K(258048K)->0K(247808K) From: 64K(10240K)->64K(512K)
[271.261s][info][gc,heap        ] GC(707) ParOldGen: 315827K(315904K)->315835K(315904K)
[271.261s][info][gc,metaspace   ] GC(707) Metaspace: 35208K(35904K)->35208K(35904K) NonClass: 28948K(29440K)->28948K(29440K) Class: 6260K(6464K)->6260K(6464K)
[271.261s][info][gc             ] GC(707) Pause Young (Allocation Failure) 560M->308M(551M) 1.564ms
[271.261s][info][gc,cpu         ] GC(707) User=0.00s Sys=0.00s Real=0.01s
[271.608s][info][gc,start       ] GC(708) Pause Young (Allocation Failure)
[271.609s][info][gc,heap        ] GC(708) PSYoungGen: 247872K(248320K)->64K(247296K) Eden: 247808K(247808K)->0K(238080K) From: 64K(512K)->64K(9216K)
[271.610s][info][gc,heap        ] GC(708) ParOldGen: 315835K(315904K)->315843K(315904K)
[271.610s][info][gc,metaspace   ] GC(708) Metaspace: 35208K(35904K)->35208K(35904K) NonClass: 28948K(29440K)->28948K(29440K) Class: 6260K(6464K)->6260K(6464K)
[271.610s][info][gc             ] GC(708) Pause Young (Allocation Failure) 550M->308M(550M) 1.331ms
[271.610s][info][gc,cpu         ] GC(708) User=0.00s Sys=0.00s Real=0.00s
[271.735s][info][gc,start       ] GC(709) Pause Young (Allocation Failure)
[271.737s][info][gc,heap        ] GC(709) PSYoungGen: 238144K(247296K)->64K(229376K) Eden: 238080K(238080K)->0K(228864K) From: 64K(9216K)->64K(512K)
[271.737s][info][gc,heap        ] GC(709) ParOldGen: 315843K(315904K)->315851K(315904K)
[271.737s][info][gc,metaspace   ] GC(709) Metaspace: 35208K(35904K)->35208K(35904K) NonClass: 28948K(29440K)->28948K(29440K) Class: 6260K(6464K)->6260K(6464K)
[271.737s][info][gc             ] GC(709) Pause Young (Allocation Failure) 541M->308M(532M) 2.091ms
[271.737s][info][gc,cpu         ] GC(709) User=0.00s Sys=0.00s Real=0.00s
[272.065s][info][gc,start       ] GC(710) Pause Young (Allocation Failure)
[272.067s][info][gc,heap        ] GC(710) PSYoungGen: 228928K(229376K)->64K(227840K) Eden: 228864K(228864K)->0K(220160K) From: 64K(512K)->64K(7680K)
[272.067s][info][gc,heap        ] GC(710) ParOldGen: 315851K(315904K)->315867K(315904K)
[272.067s][info][gc,metaspace   ] GC(710) Metaspace: 35208K(35904K)->35208K(35904K) NonClass: 28948K(29440K)->28948K(29440K) Class: 6260K(6464K)->6260K(6464K)
[272.067s][info][gc             ] GC(710) Pause Young (Allocation Failure) 532M->308M(531M) 1.714ms
[272.067s][info][gc,cpu         ] GC(710) User=0.01s Sys=0.00s Real=0.00s
[272.476s][info][gc,start       ] GC(711) Pause Young (Allocation Failure)
[272.479s][info][gc,heap        ] GC(711) PSYoungGen: 220224K(227840K)->64K(212480K) Eden: 220160K(220160K)->0K(211968K) From: 64K(7680K)->64K(512K)
[272.479s][info][gc,heap        ] GC(711) ParOldGen: 315867K(315904K)->315875K(315904K)
[272.479s][info][gc,metaspace   ] GC(711) Metaspace: 35208K(35904K)->35208K(35904K) NonClass: 28948K(29440K)->28948K(29440K) Class: 6260K(6464K)->6260K(6464K)
[272.479s][info][gc             ] GC(711) Pause Young (Allocation Failure) 523M->308M(516M) 2.843ms
[272.479s][info][gc,cpu         ] GC(711) User=0.01s Sys=0.00s Real=0.00s
[272.809s][info][gc,start       ] GC(712) Pause Young (Allocation Failure)
[272.811s][info][gc,heap        ] GC(712) PSYoungGen: 212032K(212480K)->64K(210944K) Eden: 211968K(211968K)->0K(204288K) From: 64K(512K)->64K(6656K)
[272.812s][info][gc,heap        ] GC(712) ParOldGen: 315875K(315904K)->315891K(315904K)
[272.812s][info][gc,metaspace   ] GC(712) Metaspace: 35208K(35904K)->35208K(35904K) NonClass: 28948K(29440K)->28948K(29440K) Class: 6260K(6464K)->6260K(6464K)
[272.812s][info][gc             ] GC(712) Pause Young (Allocation Failure) 515M->308M(514M) 2.175ms
[272.812s][info][gc,cpu         ] GC(712) User=0.00s Sys=0.00s Real=0.01s
[273.045s][info][gc,start       ] GC(713) Pause Young (Allocation Failure)
[273.088s][info][gc,heap        ] GC(713) PSYoungGen: 204352K(210944K)->6144K(250880K) Eden: 204288K(204288K)->0K(244736K) From: 64K(6656K)->6144K(6144K)
[273.088s][info][gc,heap        ] GC(713) ParOldGen: 315891K(315904K)->330795K(331264K)
[273.088s][info][gc,metaspace   ] GC(713) Metaspace: 35208K(35904K)->35208K(35904K) NonClass: 28948K(29440K)->28948K(29440K) Class: 6260K(6464K)->6260K(6464K)
[273.088s][info][gc             ] GC(713) Pause Young (Allocation Failure) 508M->329M(568M) 42.872ms
[273.088s][info][gc,cpu         ] GC(713) User=0.07s Sys=0.01s Real=0.04s
[273.367s][info][gc,start       ] GC(714) Pause Young (Allocation Failure)
[273.419s][info][gc,heap        ] GC(714) PSYoungGen: 250880K(250880K)->13312K(271872K) Eden: 244736K(244736K)->0K(258560K) From: 6144K(6144K)->13312K(13312K)
[273.419s][info][gc,heap        ] GC(714) ParOldGen: 330795K(331264K)->344003K(344064K)
[273.419s][info][gc,metaspace   ] GC(714) Metaspace: 35208K(35904K)->35208K(35904K) NonClass: 28948K(29440K)->28948K(29440K) Class: 6260K(6464K)->6260K(6464K)
[273.419s][info][gc             ] GC(714) Pause Young (Allocation Failure) 568M->348M(601M) 52.060ms
[273.419s][info][gc,cpu         ] GC(714) User=0.09s Sys=0.01s Real=0.05s
[273.672s][info][gc,start       ] GC(715) Pause Young (Allocation Failure)
[273.720s][info][gc,heap        ] GC(715) PSYoungGen: 271872K(271872K)->20992K(302592K) Eden: 258560K(258560K)->0K(281600K) From: 13312K(13312K)->20992K(20992K)
[273.720s][info][gc,heap        ] GC(715) ParOldGen: 344003K(344064K)->345411K(345600K)
[273.720s][info][gc,metaspace   ] GC(715) Metaspace: 35208K(35904K)->35208K(35904K) NonClass: 28948K(29440K)->28948K(29440K) Class: 6260K(6464K)->6260K(6464K)
[273.720s][info][gc             ] GC(715) Pause Young (Allocation Failure) 601M->357M(633M) 48.354ms
[273.720s][info][gc,cpu         ] GC(715) User=0.09s Sys=0.01s Real=0.04s
[273.873s][info][gc,start       ] GC(716) Pause Young (Allocation Failure)
[273.875s][info][gc,heap        ] GC(716) PSYoungGen: 302592K(302592K)->64K(307712K) Eden: 281600K(281600K)->0K(281600K) From: 20992K(20992K)->64K(26112K)
[273.875s][info][gc,heap        ] GC(716) ParOldGen: 345411K(345600K)->345451K(345600K)
[273.875s][info][gc,metaspace   ] GC(716) Metaspace: 35208K(35904K)->35208K(35904K) NonClass: 28948K(29440K)->28948K(29440K) Class: 6260K(6464K)->6260K(6464K)
[273.875s][info][gc             ] GC(716) Pause Young (Allocation Failure) 632M->337M(638M) 1.812ms
[273.875s][info][gc,cpu         ] GC(716) User=0.00s Sys=0.00s Real=0.00s
[274.563s][info][gc,start       ] GC(717) Pause Young (Allocation Failure)
[274.565s][info][gc,heap        ] GC(717) PSYoungGen: 281664K(307712K)->64K(304640K) Eden: 281600K(281600K)->0K(282624K) From: 64K(26112K)->64K(22016K)
[274.565s][info][gc,heap        ] GC(717) ParOldGen: 345451K(345600K)->345467K(345600K)
[274.565s][info][gc,metaspace   ] GC(717) Metaspace: 35208K(35904K)->35208K(35904K) NonClass: 28948K(29440K)->28948K(29440K) Class: 6260K(6464K)->6260K(6464K)
[274.565s][info][gc             ] GC(717) Pause Young (Allocation Failure) 612M->337M(635M) 1.678ms
[274.565s][info][gc,cpu         ] GC(717) User=0.00s Sys=0.00s Real=0.00s
[274.863s][info][gc,start       ] GC(718) Pause Young (Allocation Failure)
[274.864s][info][gc,heap        ] GC(718) PSYoungGen: 282688K(304640K)->64K(306688K) Eden: 282624K(282624K)->0K(282624K) From: 64K(22016K)->64K(24064K)
[274.864s][info][gc,heap        ] GC(718) ParOldGen: 345467K(345600K)->345467K(345600K)
[274.864s][info][gc,metaspace   ] GC(718) Metaspace: 35208K(35904K)->35208K(35904K) NonClass: 28948K(29440K)->28948K(29440K) Class: 6260K(6464K)->6260K(6464K)
[274.864s][info][gc             ] GC(718) Pause Young (Allocation Failure) 613M->337M(637M) 1.353ms
[274.864s][info][gc,cpu         ] GC(718) User=0.00s Sys=0.00s Real=0.00s
[275.295s][info][gc,start       ] GC(719) Pause Young (Allocation Failure)
[275.297s][info][gc,heap        ] GC(719) PSYoungGen: 282688K(306688K)->64K(307200K) Eden: 282624K(282624K)->0K(286208K) From: 64K(24064K)->64K(20992K)
[275.297s][info][gc,heap        ] GC(719) ParOldGen: 345467K(345600K)->345483K(345600K)
[275.297s][info][gc,metaspace   ] GC(719) Metaspace: 35208K(35904K)->35208K(35904K) NonClass: 28948K(29440K)->28948K(29440K) Class: 6260K(6464K)->6260K(6464K)
[275.297s][info][gc             ] GC(719) Pause Young (Allocation Failure) 613M->337M(637M) 1.424ms
[275.297s][info][gc,cpu         ] GC(719) User=0.00s Sys=0.01s Real=0.00s
[275.515s][info][gc,start       ] GC(720) Pause Young (Allocation Failure)
[275.516s][info][gc,heap        ] GC(720) PSYoungGen: 286272K(307200K)->64K(308736K) Eden: 286208K(286208K)->0K(286208K) From: 64K(20992K)->64K(22528K)
[275.516s][info][gc,heap        ] GC(720) ParOldGen: 345483K(345600K)->345499K(345600K)
[275.516s][info][gc,metaspace   ] GC(720) Metaspace: 35208K(35904K)->35208K(35904K) NonClass: 28948K(29440K)->28948K(29440K) Class: 6260K(6464K)->6260K(6464K)
[275.516s][info][gc             ] GC(720) Pause Young (Allocation Failure) 616M->337M(639M) 1.403ms
[275.516s][info][gc,cpu         ] GC(720) User=0.00s Sys=0.00s Real=0.00s
[275.735s][info][gc,start       ] GC(721) Pause Young (Allocation Failure)
[275.736s][info][gc,heap        ] GC(721) PSYoungGen: 286272K(308736K)->64K(308736K) Eden: 286208K(286208K)->0K(289792K) From: 64K(22528K)->64K(18944K)
[275.736s][info][gc,heap        ] GC(721) ParOldGen: 345499K(345600K)->345499K(345600K)
[275.736s][info][gc,metaspace   ] GC(721) Metaspace: 35208K(35904K)->35208K(35904K) NonClass: 28948K(29440K)->28948K(29440K) Class: 6260K(6464K)->6260K(6464K)
[275.736s][info][gc             ] GC(721) Pause Young (Allocation Failure) 616M->337M(639M) 1.474ms
[275.736s][info][gc,cpu         ] GC(721) User=0.01s Sys=0.00s Real=0.00s
[276.068s][info][gc,start       ] GC(722) Pause Young (Allocation Failure)
[276.069s][info][gc,heap        ] GC(722) PSYoungGen: 289856K(308736K)->64K(310272K) Eden: 289792K(289792K)->0K(289792K) From: 64K(18944K)->64K(20480K)
[276.069s][info][gc,heap        ] GC(722) ParOldGen: 345499K(345600K)->345499K(345600K)
[276.069s][info][gc,metaspace   ] GC(722) Metaspace: 35208K(35904K)->35208K(35904K) NonClass: 28948K(29440K)->28948K(29440K) Class: 6260K(6464K)->6260K(6464K)
[276.069s][info][gc             ] GC(722) Pause Young (Allocation Failure) 620M->337M(640M) 1.434ms
[276.069s][info][gc,cpu         ] GC(722) User=0.01s Sys=0.00s Real=0.00s
[276.122s][info][gc,start       ] GC(723) Pause Young (Allocation Failure)
[276.123s][info][gc,heap        ] GC(723) PSYoungGen: 289856K(310272K)->64K(310784K) Eden: 289792K(289792K)->0K(293888K) From: 64K(20480K)->64K(16896K)
[276.123s][info][gc,heap        ] GC(723) ParOldGen: 345499K(345600K)->345515K(345600K)
[276.123s][info][gc,metaspace   ] GC(723) Metaspace: 35208K(35904K)->35208K(35904K) NonClass: 28948K(29440K)->28948K(29440K) Class: 6260K(6464K)->6260K(6464K)
[276.123s][info][gc             ] GC(723) Pause Young (Allocation Failure) 620M->337M(641M) 1.376ms
[276.123s][info][gc,cpu         ] GC(723) User=0.00s Sys=0.00s Real=0.00s
[276.180s][info][gc,start       ] GC(724) Pause Young (Allocation Failure)
[276.182s][info][gc,heap        ] GC(724) PSYoungGen: 293952K(310784K)->64K(312320K) Eden: 293888K(293888K)->0K(293888K) From: 64K(16896K)->64K(18432K)
[276.182s][info][gc,heap        ] GC(724) ParOldGen: 345515K(345600K)->345515K(345600K)
[276.182s][info][gc,metaspace   ] GC(724) Metaspace: 35208K(35904K)->35208K(35904K) NonClass: 28948K(29440K)->28948K(29440K) Class: 6260K(6464K)->6260K(6464K)
[276.182s][info][gc             ] GC(724) Pause Young (Allocation Failure) 624M->337M(642M) 1.389ms
[276.182s][info][gc,cpu         ] GC(724) User=0.01s Sys=0.00s Real=0.01s
[276.399s][info][gc,start       ] GC(725) Pause Young (Allocation Failure)
[276.401s][info][gc,heap        ] GC(725) PSYoungGen: 293952K(312320K)->64K(312832K) Eden: 293888K(293888K)->0K(297984K) From: 64K(18432K)->64K(14848K)
[276.401s][info][gc,heap        ] GC(725) ParOldGen: 345515K(345600K)->345531K(345600K)
[276.401s][info][gc,metaspace   ] GC(725) Metaspace: 35208K(35904K)->35208K(35904K) NonClass: 28948K(29440K)->28948K(29440K) Class: 6260K(6464K)->6260K(6464K)
[276.401s][info][gc             ] GC(725) Pause Young (Allocation Failure) 624M->337M(643M) 1.400ms
[276.401s][info][gc,cpu         ] GC(725) User=0.00s Sys=0.00s Real=0.00s
[276.614s][info][gc,start       ] GC(726) Pause Young (Allocation Failure)
[276.615s][info][gc,heap        ] GC(726) PSYoungGen: 298048K(312832K)->64K(314368K) Eden: 297984K(297984K)->0K(297984K) From: 64K(14848K)->64K(16384K)
[276.615s][info][gc,heap        ] GC(726) ParOldGen: 345531K(345600K)->345531K(345600K)
[276.616s][info][gc,metaspace   ] GC(726) Metaspace: 35208K(35904K)->35208K(35904K) NonClass: 28948K(29440K)->28948K(29440K) Class: 6260K(6464K)->6260K(6464K)
[276.616s][info][gc             ] GC(726) Pause Young (Allocation Failure) 628M->337M(644M) 1.423ms
[276.616s][info][gc,cpu         ] GC(726) User=0.01s Sys=0.00s Real=0.00s
[276.708s][info][gc,start       ] GC(727) Pause Young (Allocation Failure)
[276.710s][info][gc,heap        ] GC(727) PSYoungGen: 298048K(314368K)->64K(314880K) Eden: 297984K(297984K)->0K(302080K) From: 64K(16384K)->64K(12800K)
[276.710s][info][gc,heap        ] GC(727) ParOldGen: 345531K(345600K)->345539K(345600K)
[276.710s][info][gc,metaspace   ] GC(727) Metaspace: 35208K(35904K)->35208K(35904K) NonClass: 28948K(29440K)->28948K(29440K) Class: 6260K(6464K)->6260K(6464K)
[276.710s][info][gc             ] GC(727) Pause Young (Allocation Failure) 628M->337M(645M) 1.394ms
[276.710s][info][gc,cpu         ] GC(727) User=0.00s Sys=0.00s Real=0.00s
[276.829s][info][gc,start       ] GC(728) Pause Young (Allocation Failure)
[276.830s][info][gc,heap        ] GC(728) PSYoungGen: 302144K(314880K)->64K(316416K) Eden: 302080K(302080K)->0K(302080K) From: 64K(12800K)->64K(14336K)
[276.830s][info][gc,heap        ] GC(728) ParOldGen: 345539K(345600K)->345547K(345600K)
[276.830s][info][gc,metaspace   ] GC(728) Metaspace: 35208K(35904K)->35208K(35904K) NonClass: 28948K(29440K)->28948K(29440K) Class: 6260K(6464K)->6260K(6464K)
[276.830s][info][gc             ] GC(728) Pause Young (Allocation Failure) 632M->337M(646M) 1.359ms
[276.830s][info][gc,cpu         ] GC(728) User=0.00s Sys=0.00s Real=0.00s
[277.179s][info][gc,start       ] GC(729) Pause Young (Allocation Failure)
[277.181s][info][gc,heap        ] GC(729) PSYoungGen: 302144K(316416K)->64K(317952K) Eden: 302080K(302080K)->0K(306176K) From: 64K(14336K)->64K(11776K)
[277.181s][info][gc,heap        ] GC(729) ParOldGen: 345547K(345600K)->345555K(345600K)
[277.181s][info][gc,metaspace   ] GC(729) Metaspace: 35208K(35904K)->35208K(35904K) NonClass: 28948K(29440K)->28948K(29440K) Class: 6260K(6464K)->6260K(6464K)
[277.181s][info][gc             ] GC(729) Pause Young (Allocation Failure) 632M->337M(648M) 1.456ms
[277.181s][info][gc,cpu         ] GC(729) User=0.00s Sys=0.00s Real=0.01s
[277.932s][info][gc,start       ] GC(730) Pause Young (Allocation Failure)
[277.934s][info][gc,heap        ] GC(730) PSYoungGen: 306240K(317952K)->64K(294400K) Eden: 306176K(306176K)->0K(293888K) From: 64K(11776K)->64K(512K)
[277.934s][info][gc,heap        ] GC(730) ParOldGen: 345555K(345600K)->345563K(345600K)
[277.934s][info][gc,metaspace   ] GC(730) Metaspace: 35208K(35904K)->35208K(35904K) NonClass: 28948K(29440K)->28948K(29440K) Class: 6260K(6464K)->6260K(6464K)
[277.934s][info][gc             ] GC(730) Pause Young (Allocation Failure) 636M->337M(625M) 2.272ms
[277.934s][info][gc,cpu         ] GC(730) User=0.01s Sys=0.00s Real=0.00s
[278.885s][info][gc,start       ] GC(731) Pause Young (Allocation Failure)
[278.886s][info][gc,heap        ] GC(731) PSYoungGen: 293952K(294400K)->64K(282624K) Eden: 293888K(293888K)->0K(282112K) From: 64K(512K)->64K(512K)
[278.887s][info][gc,heap        ] GC(731) ParOldGen: 345563K(345600K)->345571K(345600K)
[278.887s][info][gc,metaspace   ] GC(731) Metaspace: 35208K(35904K)->35208K(35904K) NonClass: 28948K(29440K)->28948K(29440K) Class: 6260K(6464K)->6260K(6464K)
[278.887s][info][gc             ] GC(731) Pause Young (Allocation Failure) 624M->337M(613M) 1.918ms
[278.887s][info][gc,cpu         ] GC(731) User=0.01s Sys=0.00s Real=0.00s
[279.295s][info][gc,start       ] GC(732) Pause Young (Allocation Failure)
[279.296s][info][gc,heap        ] GC(732) PSYoungGen: 282176K(282624K)->64K(282112K) Eden: 282112K(282112K)->0K(270848K) From: 64K(512K)->64K(11264K)
[279.296s][info][gc,heap        ] GC(732) ParOldGen: 345571K(345600K)->345579K(345600K)
[279.296s][info][gc,metaspace   ] GC(732) Metaspace: 35208K(35904K)->35208K(35904K) NonClass: 28948K(29440K)->28948K(29440K) Class: 6260K(6464K)->6260K(6464K)
[279.296s][info][gc             ] GC(732) Pause Young (Allocation Failure) 613M->337M(613M) 1.364ms
[279.296s][info][gc,cpu         ] GC(732) User=0.01s Sys=0.00s Real=0.00s
[280.318s][info][gc,start       ] GC(733) Pause Young (Allocation Failure)
[280.320s][info][gc,heap        ] GC(733) PSYoungGen: 270912K(282112K)->64K(260608K) Eden: 270848K(270848K)->0K(260096K) From: 64K(11264K)->64K(512K)
[280.320s][info][gc,heap        ] GC(733) ParOldGen: 345579K(345600K)->345587K(345600K)
[280.320s][info][gc,metaspace   ] GC(733) Metaspace: 35208K(35904K)->35208K(35904K) NonClass: 28948K(29440K)->28948K(29440K) Class: 6260K(6464K)->6260K(6464K)
[280.320s][info][gc             ] GC(733) Pause Young (Allocation Failure) 602M->337M(592M) 1.900ms
[280.320s][info][gc,cpu         ] GC(733) User=0.00s Sys=0.00s Real=0.00s
[280.568s][info][gc,start       ] GC(734) Pause Young (Allocation Failure)
[280.570s][info][gc,heap        ] GC(734) PSYoungGen: 260160K(260608K)->64K(259584K) Eden: 260096K(260096K)->0K(249856K) From: 64K(512K)->64K(9728K)
[280.570s][info][gc,heap        ] GC(734) ParOldGen: 345587K(345600K)->345595K(345600K)
[280.570s][info][gc,metaspace   ] GC(734) Metaspace: 35208K(35904K)->35208K(35904K) NonClass: 28948K(29440K)->28948K(29440K) Class: 6260K(6464K)->6260K(6464K)
[280.570s][info][gc             ] GC(734) Pause Young (Allocation Failure) 591M->337M(591M) 2.531ms
[280.570s][info][gc,cpu         ] GC(734) User=0.00s Sys=0.00s Real=0.00s
[280.960s][info][gc,start       ] GC(735) Pause Young (Allocation Failure)
[280.963s][info][gc,heap        ] GC(735) PSYoungGen: 249920K(259584K)->64K(240640K) Eden: 249856K(249856K)->0K(240128K) From: 64K(9728K)->64K(512K)
[280.963s][info][gc,heap        ] GC(735) ParOldGen: 345595K(345600K)->345603K(346112K)
[280.963s][info][gc,metaspace   ] GC(735) Metaspace: 35208K(35904K)->35208K(35904K) NonClass: 28948K(29440K)->28948K(29440K) Class: 6260K(6464K)->6260K(6464K)
[280.963s][info][gc             ] GC(735) Pause Young (Allocation Failure) 581M->337M(573M) 3.150ms
[280.963s][info][gc,cpu         ] GC(735) User=0.00s Sys=0.00s Real=0.01s
[281.033s][info][gc,start       ] GC(736) Pause Young (Allocation Failure)
[281.036s][info][gc,heap        ] GC(736) PSYoungGen: 240192K(240640K)->32K(283136K) Eden: 240128K(240128K)->0K(274944K) From: 64K(512K)->32K(8192K)
[281.036s][info][gc,heap        ] GC(736) ParOldGen: 345603K(346112K)->345611K(346112K)
[281.036s][info][gc,metaspace   ] GC(736) Metaspace: 35208K(35904K)->35208K(35904K) NonClass: 28948K(29440K)->28948K(29440K) Class: 6260K(6464K)->6260K(6464K)
[281.036s][info][gc             ] GC(736) Pause Young (Allocation Failure) 572M->337M(614M) 2.415ms
[281.036s][info][gc,cpu         ] GC(736) User=0.01s Sys=0.00s Real=0.00s
[281.644s][info][gc,start       ] GC(737) Pause Young (Allocation Failure)
[281.646s][info][gc,heap        ] GC(737) PSYoungGen: 274976K(283136K)->64K(293376K) Eden: 274944K(274944K)->0K(285696K) From: 32K(8192K)->64K(7680K)
[281.646s][info][gc,heap        ] GC(737) ParOldGen: 345611K(346112K)->345619K(346112K)
[281.646s][info][gc,metaspace   ] GC(737) Metaspace: 35208K(35904K)->35208K(35904K) NonClass: 28948K(29440K)->28948K(29440K) Class: 6260K(6464K)->6260K(6464K)
[281.646s][info][gc             ] GC(737) Pause Young (Allocation Failure) 606M->337M(624M) 1.990ms
[281.646s][info][gc,cpu         ] GC(737) User=0.00s Sys=0.00s Real=0.00s
[282.004s][info][gc,start       ] GC(738) Pause Young (Allocation Failure)
[282.005s][info][gc,heap        ] GC(738) PSYoungGen: 285760K(293376K)->64K(274944K) Eden: 285696K(285696K)->0K(274432K) From: 64K(7680K)->64K(512K)
[282.005s][info][gc,heap        ] GC(738) ParOldGen: 345619K(346112K)->345627K(346112K)
[282.005s][info][gc,metaspace   ] GC(738) Metaspace: 35208K(35904K)->35208K(35904K) NonClass: 28948K(29440K)->28948K(29440K) Class: 6260K(6464K)->6260K(6464K)
[282.005s][info][gc             ] GC(738) Pause Young (Allocation Failure) 616M->337M(606M) 1.536ms
[282.005s][info][gc,cpu         ] GC(738) User=0.00s Sys=0.00s Real=0.00s
[282.375s][info][gc,start       ] GC(739) Pause Young (Allocation Failure)
[282.426s][info][gc,heap        ] GC(739) PSYoungGen: 274496K(274944K)->6656K(278528K) Eden: 274432K(274432K)->0K(271872K) From: 64K(512K)->6656K(6656K)
[282.426s][info][gc,heap        ] GC(739) ParOldGen: 345627K(346112K)->363499K(363520K)
[282.426s][info][gc,metaspace   ] GC(739) Metaspace: 35208K(35904K)->35208K(35904K) NonClass: 28948K(29440K)->28948K(29440K) Class: 6260K(6464K)->6260K(6464K)
[282.426s][info][gc             ] GC(739) Pause Young (Allocation Failure) 605M->361M(627M) 51.269ms
[282.426s][info][gc,cpu         ] GC(739) User=0.08s Sys=0.01s Real=0.05s
[282.737s][info][gc,start       ] GC(740) Pause Young (Allocation Failure)
[282.796s][info][gc,heap        ] GC(740) PSYoungGen: 278528K(278528K)->14848K(286720K) Eden: 271872K(271872K)->0K(271872K) From: 6656K(6656K)->14848K(14848K)
[282.796s][info][gc,heap        ] GC(740) ParOldGen: 363499K(363520K)->378163K(378368K)
[282.796s][info][gc,metaspace   ] GC(740) Metaspace: 35208K(35904K)->35208K(35904K) NonClass: 28948K(29440K)->28948K(29440K) Class: 6260K(6464K)->6260K(6464K)
[282.796s][info][gc             ] GC(740) Pause Young (Allocation Failure) 626M->383M(649M) 58.560ms
[282.796s][info][gc,cpu         ] GC(740) User=0.10s Sys=0.02s Real=0.06s
[282.996s][info][gc,start       ] GC(741) Pause Young (Allocation Failure)
[283.032s][info][gc,heap        ] GC(741) PSYoungGen: 286720K(286720K)->15584K(306176K) Eden: 271872K(271872K)->0K(282624K) From: 14848K(14848K)->15584K(23552K)
[283.032s][info][gc,heap        ] GC(741) ParOldGen: 378163K(378368K)->378691K(378880K)
[283.032s][info][gc,metaspace   ] GC(741) Metaspace: 35208K(35904K)->35208K(35904K) NonClass: 28948K(29440K)->28948K(29440K) Class: 6260K(6464K)->6260K(6464K)
[283.032s][info][gc             ] GC(741) Pause Young (Allocation Failure) 649M->385M(669M) 36.576ms
[283.032s][info][gc,cpu         ] GC(741) User=0.06s Sys=0.01s Real=0.04s
[283.349s][info][gc,start       ] GC(742) Pause Young (Allocation Failure)
[283.350s][info][gc,heap        ] GC(742) PSYoungGen: 298208K(306176K)->64K(308224K) Eden: 282624K(282624K)->0K(282624K) From: 15584K(23552K)->64K(25600K)
[283.350s][info][gc,heap        ] GC(742) ParOldGen: 378691K(378880K)->378699K(378880K)
[283.350s][info][gc,metaspace   ] GC(742) Metaspace: 35208K(35904K)->35208K(35904K) NonClass: 28948K(29440K)->28948K(29440K) Class: 6260K(6464K)->6260K(6464K)
[283.350s][info][gc             ] GC(742) Pause Young (Allocation Failure) 661M->369M(671M) 1.400ms
[283.350s][info][gc,cpu         ] GC(742) User=0.00s Sys=0.00s Real=0.00s
[283.995s][info][gc,start       ] GC(743) Pause Young (Allocation Failure)
[283.997s][info][gc,heap        ] GC(743) PSYoungGen: 282688K(308224K)->64K(306176K) Eden: 282624K(282624K)->0K(283648K) From: 64K(25600K)->64K(22528K)
[283.997s][info][gc,heap        ] GC(743) ParOldGen: 378699K(378880K)->378707K(378880K)
[283.997s][info][gc,metaspace   ] GC(743) Metaspace: 35208K(35904K)->35208K(35904K) NonClass: 28948K(29440K)->28948K(29440K) Class: 6260K(6464K)->6260K(6464K)
[283.997s][info][gc             ] GC(743) Pause Young (Allocation Failure) 645M->369M(669M) 1.465ms
[283.997s][info][gc,cpu         ] GC(743) User=0.00s Sys=0.00s Real=0.00s
[284.462s][info][gc,start       ] GC(744) Pause Young (Allocation Failure)
[284.463s][info][gc,heap        ] GC(744) PSYoungGen: 283712K(306176K)->64K(307712K) Eden: 283648K(283648K)->0K(283648K) From: 64K(22528K)->64K(24064K)
[284.463s][info][gc,heap        ] GC(744) ParOldGen: 378707K(378880K)->378723K(378880K)
[284.463s][info][gc,metaspace   ] GC(744) Metaspace: 35208K(35904K)->35208K(35904K) NonClass: 28948K(29440K)->28948K(29440K) Class: 6260K(6464K)->6260K(6464K)
[284.463s][info][gc             ] GC(744) Pause Young (Allocation Failure) 646M->369M(670M) 1.514ms
[284.463s][info][gc,cpu         ] GC(744) User=0.00s Sys=0.00s Real=0.00s
[284.682s][info][gc,start       ] GC(745) Pause Young (Allocation Failure)
[284.684s][info][gc,heap        ] GC(745) PSYoungGen: 283712K(307712K)->32K(307200K) Eden: 283648K(283648K)->0K(286720K) From: 64K(24064K)->32K(20480K)
[284.684s][info][gc,heap        ] GC(745) ParOldGen: 378723K(378880K)->378739K(378880K)
[284.684s][info][gc,metaspace   ] GC(745) Metaspace: 35208K(35904K)->35208K(35904K) NonClass: 28948K(29440K)->28948K(29440K) Class: 6260K(6464K)->6260K(6464K)
[284.684s][info][gc             ] GC(745) Pause Young (Allocation Failure) 646M->369M(670M) 2.858ms
[284.684s][info][gc,cpu         ] GC(745) User=0.00s Sys=0.00s Real=0.00s
[284.904s][info][gc,start       ] GC(746) Pause Young (Allocation Failure)
[284.906s][info][gc,heap        ] GC(746) PSYoungGen: 286752K(307200K)->32K(308736K) Eden: 286720K(286720K)->0K(286720K) From: 32K(20480K)->32K(22016K)
[284.906s][info][gc,heap        ] GC(746) ParOldGen: 378739K(378880K)->378739K(378880K)
[284.906s][info][gc,metaspace   ] GC(746) Metaspace: 35208K(35904K)->35208K(35904K) NonClass: 28948K(29440K)->28948K(29440K) Class: 6260K(6464K)->6260K(6464K)
[284.906s][info][gc             ] GC(746) Pause Young (Allocation Failure) 649M->369M(671M) 2.741ms
[284.906s][info][gc,cpu         ] GC(746) User=0.00s Sys=0.00s Real=0.00s
[285.252s][info][gc,start       ] GC(747) Pause Young (Allocation Failure)
[285.254s][info][gc,heap        ] GC(747) PSYoungGen: 286752K(308736K)->64K(309248K) Eden: 286720K(286720K)->0K(290816K) From: 32K(22016K)->64K(18432K)
[285.254s][info][gc,heap        ] GC(747) ParOldGen: 378739K(378880K)->378739K(378880K)
[285.254s][info][gc,metaspace   ] GC(747) Metaspace: 35208K(35904K)->35208K(35904K) NonClass: 28948K(29440K)->28948K(29440K) Class: 6260K(6464K)->6260K(6464K)
[285.254s][info][gc             ] GC(747) Pause Young (Allocation Failure) 649M->369M(672M) 2.671ms
[285.254s][info][gc,cpu         ] GC(747) User=0.00s Sys=0.00s Real=0.00s
[285.413s][info][gc,start       ] GC(748) Pause Young (Allocation Failure)
[285.415s][info][gc,heap        ] GC(748) PSYoungGen: 290880K(309248K)->64K(310784K) Eden: 290816K(290816K)->0K(290816K) From: 64K(18432K)->64K(19968K)
[285.415s][info][gc,heap        ] GC(748) ParOldGen: 378739K(378880K)->378747K(378880K)
[285.415s][info][gc,metaspace   ] GC(748) Metaspace: 35208K(35904K)->35208K(35904K) NonClass: 28948K(29440K)->28948K(29440K) Class: 6260K(6464K)->6260K(6464K)
[285.415s][info][gc             ] GC(748) Pause Young (Allocation Failure) 653M->369M(673M) 1.798ms
[285.415s][info][gc,cpu         ] GC(748) User=0.00s Sys=0.00s Real=0.00s
[285.468s][info][gc,start       ] GC(749) Pause Young (Allocation Failure)
[285.470s][info][gc,heap        ] GC(749) PSYoungGen: 290880K(310784K)->64K(311296K) Eden: 290816K(290816K)->0K(294912K) From: 64K(19968K)->64K(16384K)
[285.470s][info][gc,heap        ] GC(749) ParOldGen: 378747K(378880K)->378763K(378880K)
[285.470s][info][gc,metaspace   ] GC(749) Metaspace: 35208K(35904K)->35208K(35904K) NonClass: 28948K(29440K)->28948K(29440K) Class: 6260K(6464K)->6260K(6464K)
[285.470s][info][gc             ] GC(749) Pause Young (Allocation Failure) 653M->369M(674M) 1.560ms
[285.470s][info][gc,cpu         ] GC(749) User=0.00s Sys=0.00s Real=0.00s
[285.572s][info][gc,start       ] GC(750) Pause Young (Allocation Failure)
[285.574s][info][gc,heap        ] GC(750) PSYoungGen: 294976K(311296K)->64K(312832K) Eden: 294912K(294912K)->0K(294912K) From: 64K(16384K)->64K(17920K)
[285.574s][info][gc,heap        ] GC(750) ParOldGen: 378763K(378880K)->378763K(378880K)
[285.574s][info][gc,metaspace   ] GC(750) Metaspace: 35208K(35904K)->35208K(35904K) NonClass: 28948K(29440K)->28948K(29440K) Class: 6260K(6464K)->6260K(6464K)
[285.574s][info][gc             ] GC(750) Pause Young (Allocation Failure) 657M->369M(675M) 1.527ms
[285.574s][info][gc,cpu         ] GC(750) User=0.01s Sys=0.00s Real=0.00s
[285.798s][info][gc,start       ] GC(751) Pause Young (Allocation Failure)
[285.799s][info][gc,heap        ] GC(751) PSYoungGen: 294976K(312832K)->64K(313344K) Eden: 294912K(294912K)->0K(299008K) From: 64K(17920K)->64K(14336K)
[285.799s][info][gc,heap        ] GC(751) ParOldGen: 378763K(378880K)->378779K(378880K)
[285.799s][info][gc,metaspace   ] GC(751) Metaspace: 35208K(35904K)->35208K(35904K) NonClass: 28948K(29440K)->28948K(29440K) Class: 6260K(6464K)->6260K(6464K)
[285.799s][info][gc             ] GC(751) Pause Young (Allocation Failure) 657M->369M(676M) 1.535ms
[285.799s][info][gc,cpu         ] GC(751) User=0.00s Sys=0.00s Real=0.00s
[285.987s][info][gc,start       ] GC(752) Pause Young (Allocation Failure)
[285.988s][info][gc,heap        ] GC(752) PSYoungGen: 299072K(313344K)->64K(314880K) Eden: 299008K(299008K)->0K(299008K) From: 64K(14336K)->64K(15872K)
[285.988s][info][gc,heap        ] GC(752) ParOldGen: 378779K(378880K)->378779K(378880K)
[285.988s][info][gc,metaspace   ] GC(752) Metaspace: 35208K(35904K)->35208K(35904K) NonClass: 28948K(29440K)->28948K(29440K) Class: 6260K(6464K)->6260K(6464K)
[285.988s][info][gc             ] GC(752) Pause Young (Allocation Failure) 661M->369M(677M) 1.474ms
[285.988s][info][gc,cpu         ] GC(752) User=0.00s Sys=0.00s Real=0.00s
[286.069s][info][gc,start       ] GC(753) Pause Young (Allocation Failure)
[286.070s][info][gc,heap        ] GC(753) PSYoungGen: 299072K(314880K)->64K(316416K) Eden: 299008K(299008K)->0K(303104K) From: 64K(15872K)->64K(13312K)
[286.070s][info][gc,heap        ] GC(753) ParOldGen: 378779K(378880K)->378795K(378880K)
[286.070s][info][gc,metaspace   ] GC(753) Metaspace: 35208K(35904K)->35208K(35904K) NonClass: 28948K(29440K)->28948K(29440K) Class: 6260K(6464K)->6260K(6464K)
[286.070s][info][gc             ] GC(753) Pause Young (Allocation Failure) 661M->369M(679M) 1.479ms
[286.070s][info][gc,cpu         ] GC(753) User=0.00s Sys=0.00s Real=0.00s
[286.218s][info][gc,start       ] GC(754) Pause Young (Allocation Failure)
[286.219s][info][gc,heap        ] GC(754) PSYoungGen: 303168K(316416K)->64K(317440K) Eden: 303104K(303104K)->0K(303104K) From: 64K(13312K)->64K(14336K)
[286.219s][info][gc,heap        ] GC(754) ParOldGen: 378795K(378880K)->378795K(378880K)
[286.219s][info][gc,metaspace   ] GC(754) Metaspace: 35208K(35904K)->35208K(35904K) NonClass: 28948K(29440K)->28948K(29440K) Class: 6260K(6464K)->6260K(6464K)
[286.219s][info][gc             ] GC(754) Pause Young (Allocation Failure) 665M->369M(680M) 1.466ms
[286.219s][info][gc,cpu         ] GC(754) User=0.01s Sys=0.00s Real=0.00s
[286.619s][info][gc,start       ] GC(755) Pause Young (Allocation Failure)
[286.621s][info][gc,heap        ] GC(755) PSYoungGen: 303168K(317440K)->64K(317440K) Eden: 303104K(303104K)->0K(306176K) From: 64K(14336K)->64K(11264K)
[286.621s][info][gc,heap        ] GC(755) ParOldGen: 378795K(378880K)->378803K(378880K)
[286.621s][info][gc,metaspace   ] GC(755) Metaspace: 35208K(35904K)->35208K(35904K) NonClass: 28948K(29440K)->28948K(29440K) Class: 6260K(6464K)->6260K(6464K)
[286.621s][info][gc             ] GC(755) Pause Young (Allocation Failure) 665M->369M(680M) 1.483ms
[286.621s][info][gc,cpu         ] GC(755) User=0.00s Sys=0.00s Real=0.01s
[287.610s][info][gc,start       ] GC(756) Pause Young (Allocation Failure)
[287.611s][info][gc,heap        ] GC(756) PSYoungGen: 306240K(317440K)->64K(294400K) Eden: 306176K(306176K)->0K(293888K) From: 64K(11264K)->64K(512K)
[287.611s][info][gc,heap        ] GC(756) ParOldGen: 378803K(378880K)->378811K(378880K)
[287.612s][info][gc,metaspace   ] GC(756) Metaspace: 35208K(35904K)->35208K(35904K) NonClass: 28948K(29440K)->28948K(29440K) Class: 6260K(6464K)->6260K(6464K)
[287.612s][info][gc             ] GC(756) Pause Young (Allocation Failure) 668M->369M(657M) 1.890ms
[287.612s][info][gc,cpu         ] GC(756) User=0.00s Sys=0.00s Real=0.01s
[288.244s][info][gc,start       ] GC(757) Pause Young (Allocation Failure)
[288.246s][info][gc,heap        ] GC(757) PSYoungGen: 293952K(294400K)->64K(282624K) Eden: 293888K(293888K)->0K(282112K) From: 64K(512K)->64K(512K)
[288.246s][info][gc,heap        ] GC(757) ParOldGen: 378811K(378880K)->378819K(378880K)
[288.246s][info][gc,metaspace   ] GC(757) Metaspace: 35208K(35904K)->35208K(35904K) NonClass: 28948K(29440K)->28948K(29440K) Class: 6260K(6464K)->6260K(6464K)
[288.246s][info][gc             ] GC(757) Pause Young (Allocation Failure) 656M->370M(646M) 2.051ms
[288.246s][info][gc,cpu         ] GC(757) User=0.00s Sys=0.00s Real=0.00s
[288.678s][info][gc,start       ] GC(758) Pause Young (Allocation Failure)
[288.679s][info][gc,heap        ] GC(758) PSYoungGen: 282176K(282624K)->64K(281600K) Eden: 282112K(282112K)->0K(270848K) From: 64K(512K)->64K(10752K)
[288.679s][info][gc,heap        ] GC(758) ParOldGen: 378819K(378880K)->378827K(378880K)
[288.679s][info][gc,metaspace   ] GC(758) Metaspace: 35208K(35904K)->35208K(35904K) NonClass: 28948K(29440K)->28948K(29440K) Class: 6260K(6464K)->6260K(6464K)
[288.679s][info][gc             ] GC(758) Pause Young (Allocation Failure) 645M->370M(645M) 1.349ms
[288.679s][info][gc,cpu         ] GC(758) User=0.01s Sys=0.00s Real=0.00s
[289.637s][info][gc,start       ] GC(759) Pause Young (Allocation Failure)
[289.639s][info][gc,heap        ] GC(759) PSYoungGen: 270912K(281600K)->64K(260608K) Eden: 270848K(270848K)->0K(260096K) From: 64K(10752K)->64K(512K)
[289.639s][info][gc,heap        ] GC(759) ParOldGen: 378827K(378880K)->378835K(378880K)
[289.639s][info][gc,metaspace   ] GC(759) Metaspace: 35208K(35904K)->35208K(35904K) NonClass: 28948K(29440K)->28948K(29440K) Class: 6260K(6464K)->6260K(6464K)
[289.639s][info][gc             ] GC(759) Pause Young (Allocation Failure) 634M->370M(624M) 1.949ms
[289.639s][info][gc,cpu         ] GC(759) User=0.00s Sys=0.01s Real=0.00s
[290.049s][info][gc,start       ] GC(760) Pause Young (Allocation Failure)
[290.050s][info][gc,heap        ] GC(760) PSYoungGen: 260160K(260608K)->64K(259072K) Eden: 260096K(260096K)->0K(249856K) From: 64K(512K)->64K(9216K)
[290.050s][info][gc,heap        ] GC(760) ParOldGen: 378835K(378880K)->378843K(378880K)
[290.050s][info][gc,metaspace   ] GC(760) Metaspace: 35208K(35904K)->35208K(35904K) NonClass: 28948K(29440K)->28948K(29440K) Class: 6260K(6464K)->6260K(6464K)
[290.050s][info][gc             ] GC(760) Pause Young (Allocation Failure) 624M->370M(623M) 1.452ms
[290.050s][info][gc,cpu         ] GC(760) User=0.00s Sys=0.00s Real=0.00s
[290.226s][info][gc,start       ] GC(761) Pause Young (Allocation Failure)
[290.228s][info][gc,heap        ] GC(761) PSYoungGen: 249920K(259072K)->64K(240640K) Eden: 249856K(249856K)->0K(240128K) From: 64K(9216K)->64K(512K)
[290.228s][info][gc,heap        ] GC(761) ParOldGen: 378843K(378880K)->378851K(378880K)
[290.228s][info][gc,metaspace   ] GC(761) Metaspace: 35208K(35904K)->35208K(35904K) NonClass: 28948K(29440K)->28948K(29440K) Class: 6260K(6464K)->6260K(6464K)
[290.228s][info][gc             ] GC(761) Pause Young (Allocation Failure) 614M->370M(605M) 2.017ms
[290.228s][info][gc,cpu         ] GC(761) User=0.00s Sys=0.00s Real=0.00s
[290.358s][info][gc,start       ] GC(762) Pause Young (Allocation Failure)
[290.359s][info][gc,heap        ] GC(762) PSYoungGen: 240192K(240640K)->64K(239104K) Eden: 240128K(240128K)->0K(230912K) From: 64K(512K)->64K(8192K)
[290.359s][info][gc,heap        ] GC(762) ParOldGen: 378851K(378880K)->378859K(378880K)
[290.359s][info][gc,metaspace   ] GC(762) Metaspace: 35208K(35904K)->35208K(35904K) NonClass: 28948K(29440K)->28948K(29440K) Class: 6260K(6464K)->6260K(6464K)
[290.359s][info][gc             ] GC(762) Pause Young (Allocation Failure) 604M->370M(603M) 1.306ms
[290.359s][info][gc,cpu         ] GC(762) User=0.00s Sys=0.00s Real=0.00s
[290.948s][info][gc,start       ] GC(763) Pause Young (Allocation Failure)
[290.950s][info][gc,heap        ] GC(763) PSYoungGen: 230976K(239104K)->64K(222720K) Eden: 230912K(230912K)->0K(222208K) From: 64K(8192K)->64K(512K)
[290.950s][info][gc,heap        ] GC(763) ParOldGen: 378859K(378880K)->378867K(378880K)
[290.950s][info][gc,metaspace   ] GC(763) Metaspace: 35208K(35904K)->35208K(35904K) NonClass: 28948K(29440K)->28948K(29440K) Class: 6260K(6464K)->6260K(6464K)
[290.950s][info][gc             ] GC(763) Pause Young (Allocation Failure) 595M->370M(587M) 1.987ms
[290.950s][info][gc,cpu         ] GC(763) User=0.00s Sys=0.00s Real=0.00s
[291.190s][info][gc,start       ] GC(764) Pause Young (Allocation Failure)
[291.191s][info][gc,heap        ] GC(764) PSYoungGen: 222272K(222720K)->64K(221184K) Eden: 222208K(222208K)->0K(214016K) From: 64K(512K)->64K(7168K)
[291.191s][info][gc,heap        ] GC(764) ParOldGen: 378867K(378880K)->378875K(378880K)
[291.191s][info][gc,metaspace   ] GC(764) Metaspace: 35208K(35904K)->35208K(35904K) NonClass: 28948K(29440K)->28948K(29440K) Class: 6260K(6464K)->6260K(6464K)
[291.191s][info][gc             ] GC(764) Pause Young (Allocation Failure) 587M->370M(586M) 1.413ms
[291.191s][info][gc,cpu         ] GC(764) User=0.00s Sys=0.00s Real=0.01s
[291.501s][info][gc,start       ] GC(765) Pause Young (Allocation Failure)
[291.530s][info][gc,heap        ] GC(765) PSYoungGen: 214080K(221184K)->6656K(262656K) Eden: 214016K(214016K)->0K(256000K) From: 64K(7168K)->6656K(6656K)
[291.530s][info][gc,heap        ] GC(765) ParOldGen: 378875K(378880K)->388107K(388608K)
[291.530s][info][gc,metaspace   ] GC(765) Metaspace: 35208K(35904K)->35208K(35904K) NonClass: 28948K(29440K)->28948K(29440K) Class: 6260K(6464K)->6260K(6464K)
[291.530s][info][gc             ] GC(765) Pause Young (Allocation Failure) 579M->385M(636M) 29.768ms
[291.530s][info][gc,cpu         ] GC(765) User=0.05s Sys=0.01s Real=0.03s
[291.825s][info][gc,start       ] GC(766) Pause Young (Allocation Failure)
[291.879s][info][gc,heap        ] GC(766) PSYoungGen: 262656K(262656K)->11776K(271872K) Eden: 256000K(256000K)->0K(260096K) From: 6656K(6656K)->11776K(11776K)
[291.879s][info][gc,heap        ] GC(766) ParOldGen: 388107K(388608K)->403843K(403968K)
[291.879s][info][gc,metaspace   ] GC(766) Metaspace: 35208K(35904K)->35208K(35904K) NonClass: 28948K(29440K)->28948K(29440K) Class: 6260K(6464K)->6260K(6464K)
[291.879s][info][gc             ] GC(766) Pause Young (Allocation Failure) 635M->405M(660M) 53.889ms
[291.879s][info][gc,cpu         ] GC(766) User=0.10s Sys=0.00s Real=0.05s
[292.177s][info][gc,start       ] GC(767) Pause Young (Allocation Failure)
[292.236s][info][gc,heap        ] GC(767) PSYoungGen: 271872K(271872K)->19968K(300544K) Eden: 260096K(260096K)->0K(280576K) From: 11776K(11776K)->19968K(19968K)
[292.236s][info][gc,heap        ] GC(767) ParOldGen: 403843K(403968K)->410347K(410624K)
[292.236s][info][gc,metaspace   ] GC(767) Metaspace: 35208K(35904K)->35208K(35904K) NonClass: 28948K(29440K)->28948K(29440K) Class: 6260K(6464K)->6260K(6464K)
[292.236s][info][gc             ] GC(767) Pause Young (Allocation Failure) 659M->420M(694M) 59.495ms
[292.236s][info][gc,cpu         ] GC(767) User=0.10s Sys=0.02s Real=0.06s
[292.330s][info][gc,start       ] GC(768) Pause Young (Allocation Failure)
[292.333s][info][gc,heap        ] GC(768) PSYoungGen: 300544K(300544K)->64K(307200K) Eden: 280576K(280576K)->0K(280576K) From: 19968K(19968K)->64K(26624K)
[292.333s][info][gc,heap        ] GC(768) ParOldGen: 410347K(410624K)->410579K(410624K)
[292.333s][info][gc,metaspace   ] GC(768) Metaspace: 35208K(35904K)->35208K(35904K) NonClass: 28948K(29440K)->28948K(29440K) Class: 6260K(6464K)->6260K(6464K)
[292.333s][info][gc             ] GC(768) Pause Young (Allocation Failure) 694M->401M(701M) 3.251ms
[292.333s][info][gc,cpu         ] GC(768) User=0.00s Sys=0.00s Real=0.01s
[293.002s][info][gc,start       ] GC(769) Pause Young (Allocation Failure)
[293.004s][info][gc,heap        ] GC(769) PSYoungGen: 280640K(307200K)->64K(304640K) Eden: 280576K(280576K)->0K(281088K) From: 64K(26624K)->64K(23552K)
[293.004s][info][gc,heap        ] GC(769) ParOldGen: 410579K(410624K)->410587K(410624K)
[293.004s][info][gc,metaspace   ] GC(769) Metaspace: 35208K(35904K)->35208K(35904K) NonClass: 28948K(29440K)->28948K(29440K) Class: 6260K(6464K)->6260K(6464K)
[293.004s][info][gc             ] GC(769) Pause Young (Allocation Failure) 675M->401M(698M) 1.699ms
[293.004s][info][gc,cpu         ] GC(769) User=0.00s Sys=0.00s Real=0.00s
[293.373s][info][gc,start       ] GC(770) Pause Young (Allocation Failure)
[293.374s][info][gc,heap        ] GC(770) PSYoungGen: 281152K(304640K)->64K(306176K) Eden: 281088K(281088K)->0K(281088K) From: 64K(23552K)->64K(25088K)
[293.374s][info][gc,heap        ] GC(770) ParOldGen: 410587K(410624K)->410595K(410624K)
[293.374s][info][gc,metaspace   ] GC(770) Metaspace: 35208K(35904K)->35208K(35904K) NonClass: 28948K(29440K)->28948K(29440K) Class: 6260K(6464K)->6260K(6464K)
[293.374s][info][gc             ] GC(770) Pause Young (Allocation Failure) 675M->401M(700M) 1.500ms
[293.374s][info][gc,cpu         ] GC(770) User=0.00s Sys=0.00s Real=0.00s
[293.810s][info][gc,start       ] GC(771) Pause Young (Allocation Failure)
[293.811s][info][gc,heap        ] GC(771) PSYoungGen: 281152K(306176K)->64K(306176K) Eden: 281088K(281088K)->0K(284672K) From: 64K(25088K)->64K(21504K)
[293.811s][info][gc,heap        ] GC(771) ParOldGen: 410595K(410624K)->410611K(410624K)
[293.811s][info][gc,metaspace   ] GC(771) Metaspace: 35208K(35904K)->35208K(35904K) NonClass: 28948K(29440K)->28948K(29440K) Class: 6260K(6464K)->6260K(6464K)
[293.811s][info][gc             ] GC(771) Pause Young (Allocation Failure) 675M->401M(700M) 1.572ms
[293.811s][info][gc,cpu         ] GC(771) User=0.00s Sys=0.00s Real=0.01s
[294.032s][info][gc,start       ] GC(772) Pause Young (Allocation Failure)
[294.034s][info][gc,heap        ] GC(772) PSYoungGen: 284736K(306176K)->64K(307712K) Eden: 284672K(284672K)->0K(284672K) From: 64K(21504K)->64K(23040K)
[294.034s][info][gc,heap        ] GC(772) ParOldGen: 410611K(410624K)->410627K(411136K)
[294.034s][info][gc,metaspace   ] GC(772) Metaspace: 35208K(35904K)->35208K(35904K) NonClass: 28948K(29440K)->28948K(29440K) Class: 6260K(6464K)->6260K(6464K)
[294.034s][info][gc             ] GC(772) Pause Young (Allocation Failure) 679M->401M(702M) 1.601ms
[294.034s][info][gc,cpu         ] GC(772) User=0.00s Sys=0.00s Real=0.00s
[294.242s][info][gc,start       ] GC(773) Pause Young (Allocation Failure)
[294.244s][info][gc,heap        ] GC(773) PSYoungGen: 284736K(307712K)->64K(308224K) Eden: 284672K(284672K)->0K(288768K) From: 64K(23040K)->64K(19456K)
[294.244s][info][gc,heap        ] GC(773) ParOldGen: 410627K(411136K)->410627K(411136K)
[294.244s][info][gc,metaspace   ] GC(773) Metaspace: 35208K(35904K)->35208K(35904K) NonClass: 28948K(29440K)->28948K(29440K) Class: 6260K(6464K)->6260K(6464K)
[294.244s][info][gc             ] GC(773) Pause Young (Allocation Failure) 679M->401M(702M) 1.533ms
[294.244s][info][gc,cpu         ] GC(773) User=0.00s Sys=0.00s Real=0.00s
[294.593s][info][gc,start       ] GC(774) Pause Young (Allocation Failure)
[294.595s][info][gc,heap        ] GC(774) PSYoungGen: 288832K(308224K)->64K(309760K) Eden: 288768K(288768K)->0K(288768K) From: 64K(19456K)->64K(20992K)
[294.595s][info][gc,heap        ] GC(774) ParOldGen: 410627K(411136K)->410627K(411136K)
[294.595s][info][gc,metaspace   ] GC(774) Metaspace: 35208K(35904K)->35208K(35904K) NonClass: 28948K(29440K)->28948K(29440K) Class: 6260K(6464K)->6260K(6464K)
[294.595s][info][gc             ] GC(774) Pause Young (Allocation Failure) 683M->401M(704M) 1.512ms
[294.595s][info][gc,cpu         ] GC(774) User=0.00s Sys=0.00s Real=0.00s
[294.647s][info][gc,start       ] GC(775) Pause Young (Allocation Failure)
[294.648s][info][gc,heap        ] GC(775) PSYoungGen: 288832K(309760K)->64K(310272K) Eden: 288768K(288768K)->0K(292864K) From: 64K(20992K)->64K(17408K)
[294.648s][info][gc,heap        ] GC(775) ParOldGen: 410627K(411136K)->410643K(411136K)
[294.648s][info][gc,metaspace   ] GC(775) Metaspace: 35208K(35904K)->35208K(35904K) NonClass: 28948K(29440K)->28948K(29440K) Class: 6260K(6464K)->6260K(6464K)
[294.648s][info][gc             ] GC(775) Pause Young (Allocation Failure) 683M->401M(704M) 1.385ms
[294.648s][info][gc,cpu         ] GC(775) User=0.00s Sys=0.00s Real=0.00s
[294.703s][info][gc,start       ] GC(776) Pause Young (Allocation Failure)
[294.704s][info][gc,heap        ] GC(776) PSYoungGen: 292928K(310272K)->64K(311808K) Eden: 292864K(292864K)->0K(292864K) From: 64K(17408K)->64K(18944K)
[294.704s][info][gc,heap        ] GC(776) ParOldGen: 410643K(411136K)->410643K(411136K)
[294.704s][info][gc,metaspace   ] GC(776) Metaspace: 35208K(35904K)->35208K(35904K) NonClass: 28948K(29440K)->28948K(29440K) Class: 6260K(6464K)->6260K(6464K)
[294.704s][info][gc             ] GC(776) Pause Young (Allocation Failure) 687M->401M(706M) 1.422ms
[294.704s][info][gc,cpu         ] GC(776) User=0.00s Sys=0.00s Real=0.00s
[294.897s][info][gc,start       ] GC(777) Pause Young (Allocation Failure)
[294.898s][info][gc,heap        ] GC(777) PSYoungGen: 292928K(311808K)->64K(312832K) Eden: 292864K(292864K)->0K(297472K) From: 64K(18944K)->64K(15360K)
[294.898s][info][gc,heap        ] GC(777) ParOldGen: 410643K(411136K)->410643K(411136K)
[294.898s][info][gc,metaspace   ] GC(777) Metaspace: 35208K(35904K)->35208K(35904K) NonClass: 28948K(29440K)->28948K(29440K) Class: 6260K(6464K)->6260K(6464K)
[294.898s][info][gc             ] GC(777) Pause Young (Allocation Failure) 687M->401M(707M) 1.566ms
[294.898s][info][gc,cpu         ] GC(777) User=0.00s Sys=0.00s Real=0.00s
[295.111s][info][gc,start       ] GC(778) Pause Young (Allocation Failure)
[295.113s][info][gc,heap        ] GC(778) PSYoungGen: 297536K(312832K)->64K(313856K) Eden: 297472K(297472K)->0K(297472K) From: 64K(15360K)->64K(16384K)
[295.113s][info][gc,heap        ] GC(778) ParOldGen: 410643K(411136K)->410651K(411136K)
[295.113s][info][gc,metaspace   ] GC(778) Metaspace: 35208K(35904K)->35208K(35904K) NonClass: 28948K(29440K)->28948K(29440K) Class: 6260K(6464K)->6260K(6464K)
[295.113s][info][gc             ] GC(778) Pause Young (Allocation Failure) 691M->401M(708M) 1.514ms
[295.113s][info][gc,cpu         ] GC(778) User=0.00s Sys=0.00s Real=0.00s
[295.223s][info][gc,start       ] GC(779) Pause Young (Allocation Failure)
[295.224s][info][gc,heap        ] GC(779) PSYoungGen: 297536K(313856K)->64K(314880K) Eden: 297472K(297472K)->0K(301568K) From: 64K(16384K)->64K(13312K)
[295.224s][info][gc,heap        ] GC(779) ParOldGen: 410651K(411136K)->410659K(411136K)
[295.224s][info][gc,metaspace   ] GC(779) Metaspace: 35208K(35904K)->35208K(35904K) NonClass: 28948K(29440K)->28948K(29440K) Class: 6260K(6464K)->6260K(6464K)
[295.224s][info][gc             ] GC(779) Pause Young (Allocation Failure) 691M->401M(709M) 1.392ms
[295.224s][info][gc,cpu         ] GC(779) User=0.01s Sys=0.00s Real=0.00s
[295.328s][info][gc,start       ] GC(780) Pause Young (Allocation Failure)
[295.329s][info][gc,heap        ] GC(780) PSYoungGen: 301632K(314880K)->64K(316416K) Eden: 301568K(301568K)->0K(301568K) From: 64K(13312K)->64K(14848K)
[295.329s][info][gc,heap        ] GC(780) ParOldGen: 410659K(411136K)->410667K(411136K)
[295.329s][info][gc,metaspace   ] GC(780) Metaspace: 35208K(35904K)->35208K(35904K) NonClass: 28948K(29440K)->28948K(29440K) Class: 6260K(6464K)->6260K(6464K)
[295.329s][info][gc             ] GC(780) Pause Young (Allocation Failure) 695M->401M(710M) 1.410ms
[295.329s][info][gc,cpu         ] GC(780) User=0.00s Sys=0.00s Real=0.00s
[295.524s][info][gc,start       ] GC(781) Pause Young (Allocation Failure)
[295.526s][info][gc,heap        ] GC(781) PSYoungGen: 301632K(316416K)->64K(316416K) Eden: 301568K(301568K)->0K(305152K) From: 64K(14848K)->64K(11264K)
[295.526s][info][gc,heap        ] GC(781) ParOldGen: 410667K(411136K)->410675K(411136K)
[295.526s][info][gc,metaspace   ] GC(781) Metaspace: 35208K(35904K)->35208K(35904K) NonClass: 28948K(29440K)->28948K(29440K) Class: 6260K(6464K)->6260K(6464K)
[295.526s][info][gc             ] GC(781) Pause Young (Allocation Failure) 695M->401M(710M) 1.492ms
[295.526s][info][gc,cpu         ] GC(781) User=0.01s Sys=0.00s Real=0.00s
[296.437s][info][gc,start       ] GC(782) Pause Young (Allocation Failure)
[296.439s][info][gc,heap        ] GC(782) PSYoungGen: 305216K(316416K)->83K(293376K) Eden: 305152K(305152K)->0K(292864K) From: 64K(11264K)->83K(512K)
[296.439s][info][gc,heap        ] GC(782) ParOldGen: 410675K(411136K)->410683K(411136K)
[296.440s][info][gc,metaspace   ] GC(782) Metaspace: 35208K(35904K)->35208K(35904K) NonClass: 28948K(29440K)->28948K(29440K) Class: 6260K(6464K)->6260K(6464K)
[296.440s][info][gc             ] GC(782) Pause Young (Allocation Failure) 699M->401M(688M) 2.175ms
[296.440s][info][gc,cpu         ] GC(782) User=0.00s Sys=0.00s Real=0.00s
[297.316s][info][gc,start       ] GC(783) Pause Young (Allocation Failure)
[297.318s][info][gc,heap        ] GC(783) PSYoungGen: 292947K(293376K)->64K(281600K) Eden: 292864K(292864K)->0K(281088K) From: 83K(512K)->64K(512K)
[297.318s][info][gc,heap        ] GC(783) ParOldGen: 410683K(411136K)->410691K(411136K)
[297.318s][info][gc,metaspace   ] GC(783) Metaspace: 35208K(35904K)->35208K(35904K) NonClass: 28948K(29440K)->28948K(29440K) Class: 6260K(6464K)->6260K(6464K)
[297.318s][info][gc             ] GC(783) Pause Young (Allocation Failure) 687M->401M(676M) 1.995ms
[297.318s][info][gc,cpu         ] GC(783) User=0.00s Sys=0.00s Real=0.00s
[297.676s][info][gc,start       ] GC(784) Pause Young (Allocation Failure)
[297.677s][info][gc,heap        ] GC(784) PSYoungGen: 281152K(281600K)->64K(281088K) Eden: 281088K(281088K)->0K(269824K) From: 64K(512K)->64K(11264K)
[297.677s][info][gc,heap        ] GC(784) ParOldGen: 410691K(411136K)->410699K(411136K)
[297.677s][info][gc,metaspace   ] GC(784) Metaspace: 35208K(35904K)->35208K(35904K) NonClass: 28948K(29440K)->28948K(29440K) Class: 6260K(6464K)->6260K(6464K)
[297.677s][info][gc             ] GC(784) Pause Young (Allocation Failure) 675M->401M(676M) 1.480ms
[297.677s][info][gc,cpu         ] GC(784) User=0.01s Sys=0.00s Real=0.00s
[298.024s][info][gc,start       ] GC(785) Pause Young (Allocation Failure)
[298.026s][info][gc,heap        ] GC(785) PSYoungGen: 269888K(281088K)->64K(259584K) Eden: 269824K(269824K)->0K(259072K) From: 64K(11264K)->64K(512K)
[298.026s][info][gc,heap        ] GC(785) ParOldGen: 410699K(411136K)->410707K(411136K)
[298.026s][info][gc,metaspace   ] GC(785) Metaspace: 35208K(35904K)->35208K(35904K) NonClass: 28948K(29440K)->28948K(29440K) Class: 6260K(6464K)->6260K(6464K)
[298.026s][info][gc             ] GC(785) Pause Young (Allocation Failure) 664M->401M(655M) 1.931ms
[298.026s][info][gc,cpu         ] GC(785) User=0.01s Sys=0.00s Real=0.00s
[298.956s][info][gc,start       ] GC(786) Pause Young (Allocation Failure)
[298.958s][info][gc,heap        ] GC(786) PSYoungGen: 259136K(259584K)->64K(258560K) Eden: 259072K(259072K)->0K(248832K) From: 64K(512K)->64K(9728K)
[298.958s][info][gc,heap        ] GC(786) ParOldGen: 410707K(411136K)->410715K(411136K)
[298.958s][info][gc,metaspace   ] GC(786) Metaspace: 35208K(35904K)->35208K(35904K) NonClass: 28948K(29440K)->28948K(29440K) Class: 6260K(6464K)->6260K(6464K)
[298.958s][info][gc             ] GC(786) Pause Young (Allocation Failure) 654M->401M(654M) 1.488ms
[298.958s][info][gc,cpu         ] GC(786) User=0.00s Sys=0.00s Real=0.00s
[299.313s][info][gc,start       ] GC(787) Pause Young (Allocation Failure)
[299.316s][info][gc,heap        ] GC(787) PSYoungGen: 248896K(258560K)->64K(239616K) Eden: 248832K(248832K)->0K(239104K) From: 64K(9728K)->64K(512K)
[299.316s][info][gc,heap        ] GC(787) ParOldGen: 410715K(411136K)->410723K(411136K)
[299.316s][info][gc,metaspace   ] GC(787) Metaspace: 35208K(35904K)->35208K(35904K) NonClass: 28948K(29440K)->28948K(29440K) Class: 6260K(6464K)->6260K(6464K)
[299.316s][info][gc             ] GC(787) Pause Young (Allocation Failure) 644M->401M(635M) 2.301ms
[299.316s][info][gc,cpu         ] GC(787) User=0.00s Sys=0.00s Real=0.00s
[299.435s][info][gc,start       ] GC(788) Pause Young (Allocation Failure)
[299.436s][info][gc,heap        ] GC(788) PSYoungGen: 239168K(239616K)->64K(238592K) Eden: 239104K(239104K)->0K(229888K) From: 64K(512K)->64K(8704K)
[299.437s][info][gc,heap        ] GC(788) ParOldGen: 410723K(411136K)->410731K(411136K)
[299.437s][info][gc,metaspace   ] GC(788) Metaspace: 35208K(35904K)->35208K(35904K) NonClass: 28948K(29440K)->28948K(29440K) Class: 6260K(6464K)->6260K(6464K)
[299.437s][info][gc             ] GC(788) Pause Young (Allocation Failure) 634M->401M(634M) 1.482ms
[299.437s][info][gc,cpu         ] GC(788) User=0.00s Sys=0.00s Real=0.00s
[299.782s][info][gc,start       ] GC(789) Pause Young (Allocation Failure)
[299.784s][info][gc,heap        ] GC(789) PSYoungGen: 229952K(238592K)->64K(221696K) Eden: 229888K(229888K)->0K(221184K) From: 64K(8704K)->64K(512K)
[299.784s][info][gc,heap        ] GC(789) ParOldGen: 410731K(411136K)->410739K(411136K)
[299.784s][info][gc,metaspace   ] GC(789) Metaspace: 35208K(35904K)->35208K(35904K) NonClass: 28948K(29440K)->28948K(29440K) Class: 6260K(6464K)->6260K(6464K)
[299.784s][info][gc             ] GC(789) Pause Young (Allocation Failure) 625M->401M(618M) 2.109ms
[299.784s][info][gc,cpu         ] GC(789) User=0.00s Sys=0.00s Real=0.00s
[300.168s][info][gc,start       ] GC(790) Pause Young (Allocation Failure)
[300.169s][info][gc,heap        ] GC(790) PSYoungGen: 221248K(221696K)->64K(220160K) Eden: 221184K(221184K)->0K(212992K) From: 64K(512K)->64K(7168K)
[300.169s][info][gc,heap        ] GC(790) ParOldGen: 410739K(411136K)->410747K(411136K)
[300.169s][info][gc,metaspace   ] GC(790) Metaspace: 35208K(35904K)->35208K(35904K) NonClass: 28948K(29440K)->28948K(29440K) Class: 6260K(6464K)->6260K(6464K)
[300.169s][info][gc             ] GC(790) Pause Young (Allocation Failure) 617M->401M(616M) 1.645ms
[300.169s][info][gc,cpu         ] GC(790) User=0.00s Sys=0.00s Real=0.00s
[300.525s][info][gc,start       ] GC(791) Pause Young (Allocation Failure)
[300.528s][info][gc,heap        ] GC(791) PSYoungGen: 213056K(220160K)->320K(205824K) Eden: 212992K(212992K)->0K(205312K) From: 64K(7168K)->320K(512K)
[300.528s][info][gc,heap        ] GC(791) ParOldGen: 410747K(411136K)->410755K(411136K)
[300.528s][info][gc,metaspace   ] GC(791) Metaspace: 35208K(35904K)->35208K(35904K) NonClass: 28948K(29440K)->28948K(29440K) Class: 6260K(6464K)->6260K(6464K)
[300.528s][info][gc             ] GC(791) Pause Young (Allocation Failure) 609M->401M(602M) 3.288ms
[300.529s][info][gc,cpu         ] GC(791) User=0.00s Sys=0.00s Real=0.00s
[300.763s][info][gc,start       ] GC(792) Pause Young (Allocation Failure)
[300.810s][info][gc,heap        ] GC(792) PSYoungGen: 205632K(205824K)->6144K(252416K) Eden: 205312K(205312K)->0K(246272K) From: 320K(512K)->6144K(6144K)
[300.810s][info][gc,heap        ] GC(792) ParOldGen: 410755K(411136K)->426411K(426496K)
[300.810s][info][gc,metaspace   ] GC(792) Metaspace: 35208K(35904K)->35208K(35904K) NonClass: 28948K(29440K)->28948K(29440K) Class: 6260K(6464K)->6260K(6464K)
[300.810s][info][gc             ] GC(792) Pause Young (Allocation Failure) 601M->422M(663M) 47.612ms
[300.810s][info][gc,cpu         ] GC(792) User=0.08s Sys=0.00s Real=0.04s
[301.092s][info][gc,start       ] GC(793) Pause Young (Allocation Failure)
[301.148s][info][gc,heap        ] GC(793) PSYoungGen: 252416K(252416K)->6144K(254464K) Eden: 246272K(246272K)->0K(248320K) From: 6144K(6144K)->6144K(6144K)
[301.148s][info][gc,heap        ] GC(793) ParOldGen: 426411K(426496K)->447003K(447488K)
[301.148s][info][gc,metaspace   ] GC(793) Metaspace: 35208K(35904K)->35208K(35904K) NonClass: 28948K(29440K)->28948K(29440K) Class: 6260K(6464K)->6260K(6464K)
[301.148s][info][gc             ] GC(793) Pause Young (Allocation Failure) 662M->442M(685M) 56.608ms
[301.148s][info][gc,cpu         ] GC(793) User=0.10s Sys=0.01s Real=0.05s
[301.385s][info][gc,start       ] GC(794) Pause Young (Allocation Failure)
[301.422s][info][gc,heap        ] GC(794) PSYoungGen: 254464K(254464K)->20736K(269824K) Eden: 248320K(248320K)->0K(248320K) From: 6144K(6144K)->20736K(21504K)
[301.422s][info][gc,heap        ] GC(794) ParOldGen: 447003K(447488K)->447755K(448000K)
[301.422s][info][gc,metaspace   ] GC(794) Metaspace: 35208K(35904K)->35208K(35904K) NonClass: 28948K(29440K)->28948K(29440K) Class: 6260K(6464K)->6260K(6464K)
[301.422s][info][gc             ] GC(794) Pause Young (Allocation Failure) 685M->457M(701M) 36.744ms
[301.422s][info][gc,cpu         ] GC(794) User=0.07s Sys=0.00s Real=0.04s
[301.509s][info][gc,start       ] GC(795) Pause Young (Allocation Failure)
[301.510s][info][gc,heap        ] GC(795) PSYoungGen: 269056K(269824K)->64K(308736K) Eden: 248320K(248320K)->0K(283136K) From: 20736K(21504K)->64K(25600K)
[301.510s][info][gc,heap        ] GC(795) ParOldGen: 447755K(448000K)->447763K(448000K)
[301.510s][info][gc,metaspace   ] GC(795) Metaspace: 35208K(35904K)->35208K(35904K) NonClass: 28948K(29440K)->28948K(29440K) Class: 6260K(6464K)->6260K(6464K)
[301.510s][info][gc             ] GC(795) Pause Young (Allocation Failure) 700M->437M(739M) 1.563ms
[301.510s][info][gc,cpu         ] GC(795) User=0.00s Sys=0.00s Real=0.00s
[302.205s][info][gc,start       ] GC(796) Pause Young (Allocation Failure)
[302.206s][info][gc,heap        ] GC(796) PSYoungGen: 283200K(308736K)->64K(283648K) Eden: 283136K(283136K)->0K(283136K) From: 64K(25600K)->64K(512K)
[302.206s][info][gc,heap        ] GC(796) ParOldGen: 447763K(448000K)->447771K(448000K)
[302.206s][info][gc,metaspace   ] GC(796) Metaspace: 35208K(35904K)->35208K(35904K) NonClass: 28948K(29440K)->28948K(29440K) Class: 6260K(6464K)->6260K(6464K)
[302.206s][info][gc             ] GC(796) Pause Young (Allocation Failure) 713M->437M(714M) 1.571ms
[302.206s][info][gc,cpu         ] GC(796) User=0.01s Sys=0.00s Real=0.00s
[302.571s][info][gc,start       ] GC(797) Pause Young (Allocation Failure)
[302.572s][info][gc,heap        ] GC(797) PSYoungGen: 283200K(283648K)->64K(308224K) Eden: 283136K(283136K)->0K(284160K) From: 64K(512K)->64K(24064K)
[302.572s][info][gc,heap        ] GC(797) ParOldGen: 447771K(448000K)->447779K(448000K)
[302.572s][info][gc,metaspace   ] GC(797) Metaspace: 35208K(35904K)->35208K(35904K) NonClass: 28948K(29440K)->28948K(29440K) Class: 6260K(6464K)->6260K(6464K)
[302.572s][info][gc             ] GC(797) Pause Young (Allocation Failure) 713M->437M(738M) 1.662ms
[302.572s][info][gc,cpu         ] GC(797) User=0.00s Sys=0.00s Real=0.01s
[303.020s][info][gc,start       ] GC(798) Pause Young (Allocation Failure)
[303.021s][info][gc,heap        ] GC(798) PSYoungGen: 284224K(308224K)->64K(307200K) Eden: 284160K(284160K)->0K(284160K) From: 64K(24064K)->64K(23040K)
[303.022s][info][gc,heap        ] GC(798) ParOldGen: 447779K(448000K)->447795K(448000K)
[303.022s][info][gc,metaspace   ] GC(798) Metaspace: 35208K(35904K)->35208K(35904K) NonClass: 28948K(29440K)->28948K(29440K) Class: 6260K(6464K)->6260K(6464K)
[303.022s][info][gc             ] GC(798) Pause Young (Allocation Failure) 714M->437M(737M) 1.662ms
[303.022s][info][gc,cpu         ] GC(798) User=0.00s Sys=0.00s Real=0.01s
[303.237s][info][gc,start       ] GC(799) Pause Young (Allocation Failure)
[303.239s][info][gc,heap        ] GC(799) PSYoungGen: 284224K(307200K)->64K(309760K) Eden: 284160K(284160K)->0K(287744K) From: 64K(23040K)->64K(22016K)
[303.239s][info][gc,heap        ] GC(799) ParOldGen: 447795K(448000K)->447811K(448000K)
[303.239s][info][gc,metaspace   ] GC(799) Metaspace: 35208K(35904K)->35208K(35904K) NonClass: 28948K(29440K)->28948K(29440K) Class: 6260K(6464K)->6260K(6464K)
[303.239s][info][gc             ] GC(799) Pause Young (Allocation Failure) 714M->437M(740M) 1.619ms
[303.239s][info][gc,cpu         ] GC(799) User=0.01s Sys=0.00s Real=0.00s
[303.461s][info][gc,start       ] GC(800) Pause Young (Allocation Failure)
[303.463s][info][gc,heap        ] GC(800) PSYoungGen: 287808K(309760K)->64K(308736K) Eden: 287744K(287744K)->0K(287744K) From: 64K(22016K)->64K(20992K)
[303.463s][info][gc,heap        ] GC(800) ParOldGen: 447811K(448000K)->447811K(448000K)
[303.463s][info][gc,metaspace   ] GC(800) Metaspace: 35208K(35904K)->35208K(35904K) NonClass: 28948K(29440K)->28948K(29440K) Class: 6260K(6464K)->6260K(6464K)
[303.463s][info][gc             ] GC(800) Pause Young (Allocation Failure) 718M->437M(739M) 1.600ms
[303.463s][info][gc,cpu         ] GC(800) User=0.00s Sys=0.00s Real=0.00s
[303.809s][info][gc,start       ] GC(801) Pause Young (Allocation Failure)
[303.810s][info][gc,heap        ] GC(801) PSYoungGen: 287808K(308736K)->64K(311808K) Eden: 287744K(287744K)->0K(291840K) From: 64K(20992K)->64K(19968K)
[303.811s][info][gc,heap        ] GC(801) ParOldGen: 447811K(448000K)->447811K(448000K)
[303.811s][info][gc,metaspace   ] GC(801) Metaspace: 35208K(35904K)->35208K(35904K) NonClass: 28948K(29440K)->28948K(29440K) Class: 6260K(6464K)->6260K(6464K)
[303.811s][info][gc             ] GC(801) Pause Young (Allocation Failure) 718M->437M(742M) 1.589ms
[303.811s][info][gc,cpu         ] GC(801) User=0.00s Sys=0.00s Real=0.00s
[303.867s][info][gc,start       ] GC(802) Pause Young (Allocation Failure)
[303.868s][info][gc,heap        ] GC(802) PSYoungGen: 291904K(311808K)->64K(310784K) Eden: 291840K(291840K)->0K(291840K) From: 64K(19968K)->64K(18944K)
[303.868s][info][gc,heap        ] GC(802) ParOldGen: 447811K(448000K)->447827K(448000K)
[303.868s][info][gc,metaspace   ] GC(802) Metaspace: 35208K(35904K)->35208K(35904K) NonClass: 28948K(29440K)->28948K(29440K) Class: 6260K(6464K)->6260K(6464K)
[303.868s][info][gc             ] GC(802) Pause Young (Allocation Failure) 722M->437M(741M) 1.519ms
[303.868s][info][gc,cpu         ] GC(802) User=0.00s Sys=0.00s Real=0.00s
[303.921s][info][gc,start       ] GC(803) Pause Young (Allocation Failure)
[303.923s][info][gc,heap        ] GC(803) PSYoungGen: 291904K(310784K)->64K(313856K) Eden: 291840K(291840K)->0K(295936K) From: 64K(18944K)->64K(17920K)
[303.923s][info][gc,heap        ] GC(803) ParOldGen: 447827K(448000K)->447827K(448000K)
[303.923s][info][gc,metaspace   ] GC(803) Metaspace: 35208K(35904K)->35208K(35904K) NonClass: 28948K(29440K)->28948K(29440K) Class: 6260K(6464K)->6260K(6464K)
[303.923s][info][gc             ] GC(803) Pause Young (Allocation Failure) 722M->437M(744M) 1.523ms
[303.923s][info][gc,cpu         ] GC(803) User=0.01s Sys=0.00s Real=0.00s
[304.131s][info][gc,start       ] GC(804) Pause Young (Allocation Failure)
[304.133s][info][gc,heap        ] GC(804) PSYoungGen: 296000K(313856K)->64K(312832K) Eden: 295936K(295936K)->0K(295936K) From: 64K(17920K)->64K(16896K)
[304.133s][info][gc,heap        ] GC(804) ParOldGen: 447827K(448000K)->447827K(448000K)
[304.133s][info][gc,metaspace   ] GC(804) Metaspace: 35208K(35904K)->35208K(35904K) NonClass: 28948K(29440K)->28948K(29440K) Class: 6260K(6464K)->6260K(6464K)
[304.133s][info][gc             ] GC(804) Pause Young (Allocation Failure) 726M->437M(743M) 1.628ms
[304.133s][info][gc,cpu         ] GC(804) User=0.00s Sys=0.00s Real=0.00s
[304.343s][info][gc,start       ] GC(805) Pause Young (Allocation Failure)
[304.344s][info][gc,heap        ] GC(805) PSYoungGen: 296000K(312832K)->64K(315392K) Eden: 295936K(295936K)->0K(299520K) From: 64K(16896K)->64K(15872K)
[304.344s][info][gc,heap        ] GC(805) ParOldGen: 447827K(448000K)->447835K(448000K)
[304.344s][info][gc,metaspace   ] GC(805) Metaspace: 35208K(35904K)->35208K(35904K) NonClass: 28948K(29440K)->28948K(29440K) Class: 6260K(6464K)->6260K(6464K)
[304.344s][info][gc             ] GC(805) Pause Young (Allocation Failure) 726M->437M(745M) 1.634ms
[304.344s][info][gc,cpu         ] GC(805) User=0.00s Sys=0.00s Real=0.00s
[304.454s][info][gc,start       ] GC(806) Pause Young (Allocation Failure)
[304.456s][info][gc,heap        ] GC(806) PSYoungGen: 299584K(315392K)->64K(314880K) Eden: 299520K(299520K)->0K(299520K) From: 64K(15872K)->64K(15360K)
[304.456s][info][gc,heap        ] GC(806) ParOldGen: 447835K(448000K)->447843K(448000K)
[304.456s][info][gc,metaspace   ] GC(806) Metaspace: 35208K(35904K)->35208K(35904K) NonClass: 28948K(29440K)->28948K(29440K) Class: 6260K(6464K)->6260K(6464K)
[304.456s][info][gc             ] GC(806) Pause Young (Allocation Failure) 729M->437M(745M) 1.637ms
[304.456s][info][gc,cpu         ] GC(806) User=0.00s Sys=0.01s Real=0.00s
[304.563s][info][gc,start       ] GC(807) Pause Young (Allocation Failure)
[304.565s][info][gc,heap        ] GC(807) PSYoungGen: 299584K(314880K)->64K(317440K) Eden: 299520K(299520K)->0K(303616K) From: 64K(15360K)->64K(13824K)
[304.565s][info][gc,heap        ] GC(807) ParOldGen: 447843K(448000K)->447851K(448000K)
[304.565s][info][gc,metaspace   ] GC(807) Metaspace: 35208K(35904K)->35208K(35904K) NonClass: 28948K(29440K)->28948K(29440K) Class: 6260K(6464K)->6260K(6464K)
[304.565s][info][gc             ] GC(807) Pause Young (Allocation Failure) 729M->437M(747M) 1.615ms
[304.565s][info][gc,cpu         ] GC(807) User=0.00s Sys=0.00s Real=0.00s
[304.803s][info][gc,start       ] GC(808) Pause Young (Allocation Failure)
[304.805s][info][gc,heap        ] GC(808) PSYoungGen: 303680K(317440K)->64K(316928K) Eden: 303616K(303616K)->0K(303616K) From: 64K(13824K)->64K(13312K)
[304.805s][info][gc,heap        ] GC(808) ParOldGen: 447851K(448000K)->447859K(448000K)
[304.805s][info][gc,metaspace   ] GC(808) Metaspace: 35208K(35904K)->35208K(35904K) NonClass: 28948K(29440K)->28948K(29440K) Class: 6260K(6464K)->6260K(6464K)
[304.805s][info][gc             ] GC(808) Pause Young (Allocation Failure) 733M->437M(747M) 1.593ms
[304.805s][info][gc,cpu         ] GC(808) User=0.01s Sys=0.00s Real=0.00s
[305.687s][info][gc,start       ] GC(809) Pause Young (Allocation Failure)
[305.689s][info][gc,heap        ] GC(809) PSYoungGen: 303680K(316928K)->83K(319488K) Eden: 303616K(303616K)->0K(307200K) From: 64K(13312K)->83K(12288K)
[305.689s][info][gc,heap        ] GC(809) ParOldGen: 447859K(448000K)->447867K(448000K)
[305.689s][info][gc,metaspace   ] GC(809) Metaspace: 35208K(35904K)->35208K(35904K) NonClass: 28948K(29440K)->28948K(29440K) Class: 6260K(6464K)->6260K(6464K)
[305.689s][info][gc             ] GC(809) Pause Young (Allocation Failure) 733M->437M(749M) 1.658ms
[305.689s][info][gc,cpu         ] GC(809) User=0.00s Sys=0.00s Real=0.00s
[306.605s][info][gc,start       ] GC(810) Pause Young (Allocation Failure)
[306.606s][info][gc,heap        ] GC(810) PSYoungGen: 307283K(319488K)->64K(295424K) Eden: 307200K(307200K)->0K(294912K) From: 83K(12288K)->64K(512K)
[306.606s][info][gc,heap        ] GC(810) ParOldGen: 447867K(448000K)->447875K(448000K)
[306.606s][info][gc,metaspace   ] GC(810) Metaspace: 35208K(35904K)->35208K(35904K) NonClass: 28948K(29440K)->28948K(29440K) Class: 6260K(6464K)->6260K(6464K)
[306.606s][info][gc             ] GC(810) Pause Young (Allocation Failure) 737M->437M(726M) 1.561ms
[306.606s][info][gc,cpu         ] GC(810) User=0.00s Sys=0.00s Real=0.00s
[307.016s][info][gc,start       ] GC(811) Pause Young (Allocation Failure)
[307.017s][info][gc,heap        ] GC(811) PSYoungGen: 294976K(295424K)->64K(283648K) Eden: 294912K(294912K)->0K(283136K) From: 64K(512K)->64K(512K)
[307.017s][info][gc,heap        ] GC(811) ParOldGen: 447875K(448000K)->447883K(448000K)
[307.017s][info][gc,metaspace   ] GC(811) Metaspace: 35208K(35904K)->35208K(35904K) NonClass: 28948K(29440K)->28948K(29440K) Class: 6260K(6464K)->6260K(6464K)
[307.017s][info][gc             ] GC(811) Pause Young (Allocation Failure) 725M->437M(714M) 1.766ms
[307.017s][info][gc,cpu         ] GC(811) User=0.00s Sys=0.00s Real=0.00s
[308.034s][info][gc,start       ] GC(812) Pause Young (Allocation Failure)
[308.035s][info][gc,heap        ] GC(812) PSYoungGen: 283200K(283648K)->64K(282112K) Eden: 283136K(283136K)->0K(271872K) From: 64K(512K)->64K(10240K)
[308.035s][info][gc,heap        ] GC(812) ParOldGen: 447883K(448000K)->447899K(448000K)
[308.035s][info][gc,metaspace   ] GC(812) Metaspace: 35208K(35904K)->35208K(35904K) NonClass: 28948K(29440K)->28948K(29440K) Class: 6260K(6464K)->6260K(6464K)
[308.035s][info][gc             ] GC(812) Pause Young (Allocation Failure) 713M->437M(713M) 1.610ms
[308.035s][info][gc,cpu         ] GC(812) User=0.00s Sys=0.00s Real=0.00s
[308.274s][info][gc,start       ] GC(813) Pause Young (Allocation Failure)
[308.276s][info][gc,heap        ] GC(813) PSYoungGen: 271936K(282112K)->64K(261632K) Eden: 271872K(271872K)->0K(261120K) From: 64K(10240K)->64K(512K)
[308.276s][info][gc,heap        ] GC(813) ParOldGen: 447899K(448000K)->447907K(448000K)
[308.276s][info][gc,metaspace   ] GC(813) Metaspace: 35208K(35904K)->35208K(35904K) NonClass: 28948K(29440K)->28948K(29440K) Class: 6260K(6464K)->6260K(6464K)
[308.276s][info][gc             ] GC(813) Pause Young (Allocation Failure) 702M->437M(693M) 2.037ms
[308.276s][info][gc,cpu         ] GC(813) User=0.00s Sys=0.00s Real=0.00s
[308.644s][info][gc,start       ] GC(814) Pause Young (Allocation Failure)
[308.645s][info][gc,heap        ] GC(814) PSYoungGen: 261184K(261632K)->64K(259584K) Eden: 261120K(261120K)->0K(250880K) From: 64K(512K)->64K(8704K)
[308.645s][info][gc,heap        ] GC(814) ParOldGen: 447907K(448000K)->447915K(448000K)
[308.645s][info][gc,metaspace   ] GC(814) Metaspace: 35208K(35904K)->35208K(35904K) NonClass: 28948K(29440K)->28948K(29440K) Class: 6260K(6464K)->6260K(6464K)
[308.645s][info][gc             ] GC(814) Pause Young (Allocation Failure) 692M->437M(691M) 1.481ms
[308.645s][info][gc,cpu         ] GC(814) User=0.00s Sys=0.00s Real=0.00s
[308.730s][info][gc,start       ] GC(815) Pause Young (Allocation Failure)
[308.732s][info][gc,heap        ] GC(815) PSYoungGen: 250944K(259584K)->64K(241664K) Eden: 250880K(250880K)->0K(241152K) From: 64K(8704K)->64K(512K)
[308.732s][info][gc,heap        ] GC(815) ParOldGen: 447915K(448000K)->447923K(448000K)
[308.732s][info][gc,metaspace   ] GC(815) Metaspace: 35208K(35904K)->35208K(35904K) NonClass: 28948K(29440K)->28948K(29440K) Class: 6260K(6464K)->6260K(6464K)
[308.732s][info][gc             ] GC(815) Pause Young (Allocation Failure) 682M->437M(673M) 2.003ms
[308.732s][info][gc,cpu         ] GC(815) User=0.01s Sys=0.00s Real=0.01s
[309.312s][info][gc,start       ] GC(816) Pause Young (Allocation Failure)
[309.314s][info][gc,heap        ] GC(816) PSYoungGen: 241216K(241664K)->64K(239616K) Eden: 241152K(241152K)->0K(231936K) From: 64K(512K)->64K(7680K)
[309.314s][info][gc,heap        ] GC(816) ParOldGen: 447923K(448000K)->447931K(448000K)
[309.314s][info][gc,metaspace   ] GC(816) Metaspace: 35208K(35904K)->35208K(35904K) NonClass: 28948K(29440K)->28948K(29440K) Class: 6260K(6464K)->6260K(6464K)
[309.314s][info][gc             ] GC(816) Pause Young (Allocation Failure) 672M->437M(671M) 1.514ms
[309.314s][info][gc,cpu         ] GC(816) User=0.01s Sys=0.00s Real=0.00s
[309.563s][info][gc,start       ] GC(817) Pause Young (Allocation Failure)
[309.565s][info][gc,heap        ] GC(817) PSYoungGen: 232000K(239616K)->64K(223744K) Eden: 231936K(231936K)->0K(223232K) From: 64K(7680K)->64K(512K)
[309.565s][info][gc,heap        ] GC(817) ParOldGen: 447931K(448000K)->447939K(448000K)
[309.565s][info][gc,metaspace   ] GC(817) Metaspace: 35208K(35904K)->35208K(35904K) NonClass: 28948K(29440K)->28948K(29440K) Class: 6260K(6464K)->6260K(6464K)
[309.565s][info][gc             ] GC(817) Pause Young (Allocation Failure) 663M->437M(656M) 2.231ms
[309.565s][info][gc,cpu         ] GC(817) User=0.01s Sys=0.00s Real=0.00s
[309.934s][info][gc,start       ] GC(818) Pause Young (Allocation Failure)
[309.962s][info][gc,heap        ] GC(818) PSYoungGen: 223296K(223744K)->6656K(273408K) Eden: 223232K(223232K)->0K(266752K) From: 64K(512K)->6656K(6656K)
[309.962s][info][gc,heap        ] GC(818) ParOldGen: 447939K(448000K)->455219K(455680K)
[309.962s][info][gc,metaspace   ] GC(818) Metaspace: 35208K(35904K)->35208K(35904K) NonClass: 28948K(29440K)->28948K(29440K) Class: 6260K(6464K)->6260K(6464K)
[309.962s][info][gc             ] GC(818) Pause Young (Allocation Failure) 655M->451M(712M) 28.500ms
[309.962s][info][gc,cpu         ] GC(818) User=0.05s Sys=0.01s Real=0.03s
[310.348s][info][gc,start       ] GC(819) Pause Young (Allocation Failure)
[310.407s][info][gc,heap        ] GC(819) PSYoungGen: 273408K(273408K)->9216K(268288K) Eden: 266752K(266752K)->0K(259072K) From: 6656K(6656K)->9216K(9216K)
[310.407s][info][gc,heap        ] GC(819) ParOldGen: 455219K(455680K)->474587K(474624K)
[310.407s][info][gc,metaspace   ] GC(819) Metaspace: 35208K(35904K)->35208K(35904K) NonClass: 28948K(29440K)->28948K(29440K) Class: 6260K(6464K)->6260K(6464K)
[310.407s][info][gc             ] GC(819) Pause Young (Allocation Failure) 711M->472M(725M) 58.727ms
[310.407s][info][gc,cpu         ] GC(819) User=0.11s Sys=0.01s Real=0.06s
[310.779s][info][gc,start       ] GC(820) Pause Young (Allocation Failure)
[310.827s][info][gc,heap        ] GC(820) PSYoungGen: 268288K(268288K)->19968K(279040K) Eden: 259072K(259072K)->0K(259072K) From: 9216K(9216K)->19968K(19968K)
[310.827s][info][gc,heap        ] GC(820) ParOldGen: 474587K(474624K)->482035K(482304K)
[310.827s][info][gc,metaspace   ] GC(820) Metaspace: 35208K(35904K)->35208K(35904K) NonClass: 28948K(29440K)->28948K(29440K) Class: 6260K(6464K)->6260K(6464K)
[310.827s][info][gc             ] GC(820) Pause Young (Allocation Failure) 725M->490M(743M) 48.100ms
[310.827s][info][gc,cpu         ] GC(820) User=0.09s Sys=0.01s Real=0.05s
[310.906s][info][gc,start       ] GC(821) Pause Young (Allocation Failure)
[310.910s][info][gc,heap        ] GC(821) PSYoungGen: 279040K(279040K)->64K(307712K) Eden: 259072K(259072K)->0K(281088K) From: 19968K(19968K)->64K(26624K)
[310.910s][info][gc,heap        ] GC(821) ParOldGen: 482035K(482304K)->482299K(482304K)
[310.910s][info][gc,metaspace   ] GC(821) Metaspace: 35208K(35904K)->35208K(35904K) NonClass: 28948K(29440K)->28948K(29440K) Class: 6260K(6464K)->6260K(6464K)
[310.910s][info][gc             ] GC(821) Pause Young (Allocation Failure) 743M->471M(771M) 3.644ms
[310.910s][info][gc,cpu         ] GC(821) User=0.00s Sys=0.00s Real=0.00s
[311.540s][info][gc,start       ] GC(822) Pause Young (Allocation Failure)
[311.541s][info][gc,heap        ] GC(822) PSYoungGen: 281152K(307712K)->64K(281600K) Eden: 281088K(281088K)->0K(281088K) From: 64K(26624K)->64K(512K)
[311.541s][info][gc,heap        ] GC(822) ParOldGen: 482299K(482304K)->482307K(482816K)
[311.541s][info][gc,metaspace   ] GC(822) Metaspace: 35208K(35904K)->35208K(35904K) NonClass: 28948K(29440K)->28948K(29440K) Class: 6260K(6464K)->6260K(6464K)
[311.541s][info][gc             ] GC(822) Pause Young (Allocation Failure) 745M->471M(746M) 1.595ms
[311.541s][info][gc,cpu         ] GC(822) User=0.00s Sys=0.00s Real=0.01s
[311.982s][info][gc,start       ] GC(823) Pause Young (Allocation Failure)
[311.984s][info][gc,heap        ] GC(823) PSYoungGen: 281152K(281600K)->64K(307200K) Eden: 281088K(281088K)->0K(282112K) From: 64K(512K)->64K(25088K)
[311.984s][info][gc,heap        ] GC(823) ParOldGen: 482307K(482816K)->482315K(482816K)
[311.984s][info][gc,metaspace   ] GC(823) Metaspace: 35208K(35904K)->35208K(35904K) NonClass: 28948K(29440K)->28948K(29440K) Class: 6260K(6464K)->6260K(6464K)
[311.984s][info][gc             ] GC(823) Pause Young (Allocation Failure) 745M->471M(771M) 1.640ms
[311.984s][info][gc,cpu         ] GC(823) User=0.01s Sys=0.00s Real=0.00s
[312.404s][info][gc,start       ] GC(824) Pause Young (Allocation Failure)
[312.407s][info][gc,heap        ] GC(824) PSYoungGen: 282176K(307200K)->64K(306176K) Eden: 282112K(282112K)->0K(282112K) From: 64K(25088K)->64K(24064K)
[312.407s][info][gc,heap        ] GC(824) ParOldGen: 482315K(482816K)->482331K(482816K)
[312.407s][info][gc,metaspace   ] GC(824) Metaspace: 35208K(35904K)->35208K(35904K) NonClass: 28948K(29440K)->28948K(29440K) Class: 6260K(6464K)->6260K(6464K)
[312.407s][info][gc             ] GC(824) Pause Young (Allocation Failure) 746M->471M(770M) 2.371ms
[312.407s][info][gc,cpu         ] GC(824) User=0.01s Sys=0.00s Real=0.00s
[312.616s][info][gc,start       ] GC(825) Pause Young (Allocation Failure)
[312.618s][info][gc,heap        ] GC(825) PSYoungGen: 282176K(306176K)->64K(308736K) Eden: 282112K(282112K)->0K(285696K) From: 64K(24064K)->64K(23040K)
[312.618s][info][gc,heap        ] GC(825) ParOldGen: 482331K(482816K)->482347K(482816K)
[312.618s][info][gc,metaspace   ] GC(825) Metaspace: 35208K(35904K)->35208K(35904K) NonClass: 28948K(29440K)->28948K(29440K) Class: 6260K(6464K)->6260K(6464K)
[312.618s][info][gc             ] GC(825) Pause Young (Allocation Failure) 746M->471M(773M) 1.591ms
[312.618s][info][gc,cpu         ] GC(825) User=0.01s Sys=0.01s Real=0.00s
[312.832s][info][gc,start       ] GC(826) Pause Young (Allocation Failure)
[312.834s][info][gc,heap        ] GC(826) PSYoungGen: 285760K(308736K)->64K(307712K) Eden: 285696K(285696K)->0K(285696K) From: 64K(23040K)->64K(22016K)
[312.834s][info][gc,heap        ] GC(826) ParOldGen: 482347K(482816K)->482347K(482816K)
[312.834s][info][gc,metaspace   ] GC(826) Metaspace: 35208K(35904K)->35208K(35904K) NonClass: 28948K(29440K)->28948K(29440K) Class: 6260K(6464K)->6260K(6464K)
[312.834s][info][gc             ] GC(826) Pause Young (Allocation Failure) 750M->471M(772M) 1.606ms
[312.834s][info][gc,cpu         ] GC(826) User=0.00s Sys=0.00s Real=0.00s
[313.195s][info][gc,start       ] GC(827) Pause Young (Allocation Failure)
[313.196s][info][gc,heap        ] GC(827) PSYoungGen: 285760K(307712K)->64K(310784K) Eden: 285696K(285696K)->0K(289792K) From: 64K(22016K)->64K(20992K)
[313.196s][info][gc,heap        ] GC(827) ParOldGen: 482347K(482816K)->482347K(482816K)
[313.196s][info][gc,metaspace   ] GC(827) Metaspace: 35208K(35904K)->35208K(35904K) NonClass: 28948K(29440K)->28948K(29440K) Class: 6260K(6464K)->6260K(6464K)
[313.196s][info][gc             ] GC(827) Pause Young (Allocation Failure) 750M->471M(775M) 1.627ms
[313.196s][info][gc,cpu         ] GC(827) User=0.00s Sys=0.00s Real=0.00s
[313.250s][info][gc,start       ] GC(828) Pause Young (Allocation Failure)
[313.251s][info][gc,heap        ] GC(828) PSYoungGen: 289856K(310784K)->64K(309760K) Eden: 289792K(289792K)->0K(289792K) From: 64K(20992K)->64K(19968K)
[313.251s][info][gc,heap        ] GC(828) ParOldGen: 482347K(482816K)->482363K(482816K)
[313.251s][info][gc,metaspace   ] GC(828) Metaspace: 35208K(35904K)->35208K(35904K) NonClass: 28948K(29440K)->28948K(29440K) Class: 6260K(6464K)->6260K(6464K)
[313.251s][info][gc             ] GC(828) Pause Young (Allocation Failure) 754M->471M(774M) 1.515ms
[313.251s][info][gc,cpu         ] GC(828) User=0.00s Sys=0.00s Real=0.01s
[313.303s][info][gc,start       ] GC(829) Pause Young (Allocation Failure)
[313.304s][info][gc,heap        ] GC(829) PSYoungGen: 289856K(309760K)->64K(312832K) Eden: 289792K(289792K)->0K(293888K) From: 64K(19968K)->64K(18944K)
[313.304s][info][gc,heap        ] GC(829) ParOldGen: 482363K(482816K)->482363K(482816K)
[313.304s][info][gc,metaspace   ] GC(829) Metaspace: 35208K(35904K)->35208K(35904K) NonClass: 28948K(29440K)->28948K(29440K) Class: 6260K(6464K)->6260K(6464K)
[313.304s][info][gc             ] GC(829) Pause Young (Allocation Failure) 754M->471M(777M) 1.411ms
[313.304s][info][gc,cpu         ] GC(829) User=0.00s Sys=0.00s Real=0.00s
[313.477s][info][gc,start       ] GC(830) Pause Young (Allocation Failure)
[313.478s][info][gc,heap        ] GC(830) PSYoungGen: 293952K(312832K)->64K(311808K) Eden: 293888K(293888K)->0K(293888K) From: 64K(18944K)->64K(17920K)
[313.478s][info][gc,heap        ] GC(830) ParOldGen: 482363K(482816K)->482363K(482816K)
[313.478s][info][gc,metaspace   ] GC(830) Metaspace: 35208K(35904K)->35208K(35904K) NonClass: 28948K(29440K)->28948K(29440K) Class: 6260K(6464K)->6260K(6464K)
[313.478s][info][gc             ] GC(830) Pause Young (Allocation Failure) 758M->471M(776M) 1.652ms
[313.478s][info][gc,cpu         ] GC(830) User=0.00s Sys=0.00s Real=0.00s
[313.686s][info][gc,start       ] GC(831) Pause Young (Allocation Failure)
[313.687s][info][gc,heap        ] GC(831) PSYoungGen: 293952K(311808K)->64K(314880K) Eden: 293888K(293888K)->0K(297984K) From: 64K(17920K)->64K(16896K)
[313.687s][info][gc,heap        ] GC(831) ParOldGen: 482363K(482816K)->482371K(482816K)
[313.687s][info][gc,metaspace   ] GC(831) Metaspace: 35208K(35904K)->35208K(35904K) NonClass: 28948K(29440K)->28948K(29440K) Class: 6260K(6464K)->6260K(6464K)
[313.687s][info][gc             ] GC(831) Pause Young (Allocation Failure) 758M->471M(779M) 1.606ms
[313.687s][info][gc,cpu         ] GC(831) User=0.00s Sys=0.00s Real=0.00s
[313.816s][info][gc,start       ] GC(832) Pause Young (Allocation Failure)
[313.817s][info][gc,heap        ] GC(832) PSYoungGen: 298048K(314880K)->64K(313856K) Eden: 297984K(297984K)->0K(297984K) From: 64K(16896K)->64K(15872K)
[313.817s][info][gc,heap        ] GC(832) ParOldGen: 482371K(482816K)->482379K(482816K)
[313.817s][info][gc,metaspace   ] GC(832) Metaspace: 35208K(35904K)->35208K(35904K) NonClass: 28948K(29440K)->28948K(29440K) Class: 6260K(6464K)->6260K(6464K)
[313.817s][info][gc             ] GC(832) Pause Young (Allocation Failure) 762M->471M(778M) 1.523ms
[313.817s][info][gc,cpu         ] GC(832) User=0.00s Sys=0.00s Real=0.00s
[313.904s][info][gc,start       ] GC(833) Pause Young (Allocation Failure)
[313.906s][info][gc,heap        ] GC(833) PSYoungGen: 298048K(313856K)->64K(316928K) Eden: 297984K(297984K)->0K(302080K) From: 64K(15872K)->64K(14848K)
[313.906s][info][gc,heap        ] GC(833) ParOldGen: 482379K(482816K)->482387K(482816K)
[313.906s][info][gc,metaspace   ] GC(833) Metaspace: 35208K(35904K)->35208K(35904K) NonClass: 28948K(29440K)->28948K(29440K) Class: 6260K(6464K)->6260K(6464K)
[313.906s][info][gc             ] GC(833) Pause Young (Allocation Failure) 762M->471M(781M) 1.492ms
[313.906s][info][gc,cpu         ] GC(833) User=0.01s Sys=0.00s Real=0.00s
[314.081s][info][gc,start       ] GC(834) Pause Young (Allocation Failure)
[314.082s][info][gc,heap        ] GC(834) PSYoungGen: 302144K(316928K)->64K(315904K) Eden: 302080K(302080K)->0K(302080K) From: 64K(14848K)->64K(13824K)
[314.082s][info][gc,heap        ] GC(834) ParOldGen: 482387K(482816K)->482395K(482816K)
[314.082s][info][gc,metaspace   ] GC(834) Metaspace: 35208K(35904K)->35208K(35904K) NonClass: 28948K(29440K)->28948K(29440K) Class: 6260K(6464K)->6260K(6464K)
[314.082s][info][gc             ] GC(834) Pause Young (Allocation Failure) 766M->471M(780M) 1.534ms
[314.082s][info][gc,cpu         ] GC(834) User=0.00s Sys=0.00s Real=0.01s
[315.029s][info][gc,start       ] GC(835) Pause Young (Allocation Failure)
[315.030s][info][gc,heap        ] GC(835) PSYoungGen: 302144K(315904K)->83K(318464K) Eden: 302080K(302080K)->0K(305664K) From: 64K(13824K)->83K(12800K)
[315.030s][info][gc,heap        ] GC(835) ParOldGen: 482395K(482816K)->482403K(482816K)
[315.030s][info][gc,metaspace   ] GC(835) Metaspace: 35208K(35904K)->35208K(35904K) NonClass: 28948K(29440K)->28948K(29440K) Class: 6260K(6464K)->6260K(6464K)
[315.030s][info][gc             ] GC(835) Pause Young (Allocation Failure) 766M->471M(782M) 1.655ms
[315.030s][info][gc,cpu         ] GC(835) User=0.01s Sys=0.00s Real=0.00s
[315.918s][info][gc,start       ] GC(836) Pause Young (Allocation Failure)
[315.920s][info][gc,heap        ] GC(836) PSYoungGen: 305747K(318464K)->64K(293888K) Eden: 305664K(305664K)->0K(293376K) From: 83K(12800K)->64K(512K)
[315.920s][info][gc,heap        ] GC(836) ParOldGen: 482403K(482816K)->482411K(482816K)
[315.920s][info][gc,metaspace   ] GC(836) Metaspace: 35208K(35904K)->35208K(35904K) NonClass: 28948K(29440K)->28948K(29440K) Class: 6260K(6464K)->6260K(6464K)
[315.920s][info][gc             ] GC(836) Pause Young (Allocation Failure) 769M->471M(758M) 1.664ms
[315.920s][info][gc,cpu         ] GC(836) User=0.00s Sys=0.00s Real=0.00s
[316.260s][info][gc,start       ] GC(837) Pause Young (Allocation Failure)
[316.262s][info][gc,heap        ] GC(837) PSYoungGen: 293440K(293888K)->64K(282112K) Eden: 293376K(293376K)->0K(281600K) From: 64K(512K)->64K(512K)
[316.262s][info][gc,heap        ] GC(837) ParOldGen: 482411K(482816K)->482419K(482816K)
[316.262s][info][gc,metaspace   ] GC(837) Metaspace: 35208K(35904K)->35208K(35904K) NonClass: 28948K(29440K)->28948K(29440K) Class: 6260K(6464K)->6260K(6464K)
[316.262s][info][gc             ] GC(837) Pause Young (Allocation Failure) 757M->471M(747M) 1.666ms
[316.262s][info][gc,cpu         ] GC(837) User=0.00s Sys=0.00s Real=0.01s
[316.646s][info][gc,start       ] GC(838) Pause Young (Allocation Failure)
[316.647s][info][gc,heap        ] GC(838) PSYoungGen: 281664K(282112K)->64K(281088K) Eden: 281600K(281600K)->0K(270336K) From: 64K(512K)->64K(10752K)
[316.647s][info][gc,heap        ] GC(838) ParOldGen: 482419K(482816K)->482427K(482816K)
[316.647s][info][gc,metaspace   ] GC(838) Metaspace: 35208K(35904K)->35208K(35904K) NonClass: 28948K(29440K)->28948K(29440K) Class: 6260K(6464K)->6260K(6464K)
[316.647s][info][gc             ] GC(838) Pause Young (Allocation Failure) 746M->471M(746M) 1.633ms
[316.647s][info][gc,cpu         ] GC(838) User=0.01s Sys=0.00s Real=0.00s
[317.591s][info][gc,start       ] GC(839) Pause Young (Allocation Failure)
[317.593s][info][gc,heap        ] GC(839) PSYoungGen: 270400K(281088K)->64K(260096K) Eden: 270336K(270336K)->0K(259584K) From: 64K(10752K)->64K(512K)
[317.593s][info][gc,heap        ] GC(839) ParOldGen: 482427K(482816K)->482435K(482816K)
[317.593s][info][gc,metaspace   ] GC(839) Metaspace: 35208K(35904K)->35208K(35904K) NonClass: 28948K(29440K)->28948K(29440K) Class: 6260K(6464K)->6260K(6464K)
[317.593s][info][gc             ] GC(839) Pause Young (Allocation Failure) 735M->471M(725M) 2.172ms
[317.593s][info][gc,cpu         ] GC(839) User=0.01s Sys=0.00s Real=0.01s
[317.961s][info][gc,start       ] GC(840) Pause Young (Allocation Failure)
[317.963s][info][gc,heap        ] GC(840) PSYoungGen: 259648K(260096K)->64K(258560K) Eden: 259584K(259584K)->0K(249344K) From: 64K(512K)->64K(9216K)
[317.963s][info][gc,heap        ] GC(840) ParOldGen: 482435K(482816K)->482443K(482816K)
[317.963s][info][gc,metaspace   ] GC(840) Metaspace: 35208K(35904K)->35208K(35904K) NonClass: 28948K(29440K)->28948K(29440K) Class: 6260K(6464K)->6260K(6464K)
[317.963s][info][gc             ] GC(840) Pause Young (Allocation Failure) 724M->471M(724M) 2.138ms
[317.963s][info][gc,cpu         ] GC(840) User=0.01s Sys=0.00s Real=0.00s
[318.057s][info][gc,start       ] GC(841) Pause Young (Allocation Failure)
[318.059s][info][gc,heap        ] GC(841) PSYoungGen: 249408K(258560K)->64K(240128K) Eden: 249344K(249344K)->0K(239616K) From: 64K(9216K)->64K(512K)
[318.059s][info][gc,heap        ] GC(841) ParOldGen: 482443K(482816K)->482451K(482816K)
[318.059s][info][gc,metaspace   ] GC(841) Metaspace: 35208K(35904K)->35208K(35904K) NonClass: 28948K(29440K)->28948K(29440K) Class: 6260K(6464K)->6260K(6464K)
[318.059s][info][gc             ] GC(841) Pause Young (Allocation Failure) 714M->471M(706M) 2.074ms
[318.059s][info][gc,cpu         ] GC(841) User=0.00s Sys=0.00s Real=0.00s
[318.486s][info][gc,start       ] GC(842) Pause Young (Allocation Failure)
[318.487s][info][gc,heap        ] GC(842) PSYoungGen: 239680K(240128K)->64K(238592K) Eden: 239616K(239616K)->0K(230400K) From: 64K(512K)->64K(8192K)
[318.487s][info][gc,heap        ] GC(842) ParOldGen: 482451K(482816K)->482459K(482816K)
[318.487s][info][gc,metaspace   ] GC(842) Metaspace: 35208K(35904K)->35208K(35904K) NonClass: 28948K(29440K)->28948K(29440K) Class: 6260K(6464K)->6260K(6464K)
[318.487s][info][gc             ] GC(842) Pause Young (Allocation Failure) 705M->471M(704M) 1.543ms
[318.487s][info][gc,cpu         ] GC(842) User=0.01s Sys=0.00s Real=0.00s
[318.805s][info][gc,start       ] GC(843) Pause Young (Allocation Failure)
[318.807s][info][gc,heap        ] GC(843) PSYoungGen: 230464K(238592K)->64K(222208K) Eden: 230400K(230400K)->0K(221696K) From: 64K(8192K)->64K(512K)
[318.807s][info][gc,heap        ] GC(843) ParOldGen: 482459K(482816K)->482467K(482816K)
[318.807s][info][gc,metaspace   ] GC(843) Metaspace: 35208K(35904K)->35208K(35904K) NonClass: 28948K(29440K)->28948K(29440K) Class: 6260K(6464K)->6260K(6464K)
[318.807s][info][gc             ] GC(843) Pause Young (Allocation Failure) 696M->471M(688M) 2.007ms
[318.807s][info][gc,cpu         ] GC(843) User=0.01s Sys=0.00s Real=0.00s
[319.193s][info][gc,start       ] GC(844) Pause Young (Allocation Failure)
[319.202s][info][gc,heap        ] GC(844) PSYoungGen: 221760K(222208K)->5984K(269312K) Eden: 221696K(221696K)->0K(263168K) From: 64K(512K)->5984K(6144K)
[319.202s][info][gc,heap        ] GC(844) ParOldGen: 482467K(482816K)->482475K(482816K)
[319.202s][info][gc,metaspace   ] GC(844) Metaspace: 35223K(35968K)->35223K(35968K) NonClass: 28963K(29504K)->28963K(29504K) Class: 6260K(6464K)->6260K(6464K)
[319.202s][info][gc             ] GC(844) Pause Young (Allocation Failure) 687M->477M(734M) 9.353ms
[319.202s][info][gc,cpu         ] GC(844) User=0.02s Sys=0.00s Real=0.01s
[319.582s][info][gc,start       ] GC(845) Pause Young (Allocation Failure)
[319.643s][info][gc,heap        ] GC(845) PSYoungGen: 269152K(269312K)->7168K(266240K) Eden: 263168K(263168K)->0K(259072K) From: 5984K(6144K)->7168K(7168K)
[319.643s][info][gc,heap        ] GC(845) ParOldGen: 482475K(482816K)->503243K(503296K)
[319.643s][info][gc,metaspace   ] GC(845) Metaspace: 35223K(35968K)->35223K(35968K) NonClass: 28963K(29504K)->28963K(29504K) Class: 6260K(6464K)->6260K(6464K)
[319.643s][info][gc             ] GC(845) Pause Young (Allocation Failure) 734M->498M(751M) 60.628ms
[319.643s][info][gc,cpu         ] GC(845) User=0.10s Sys=0.02s Real=0.06s
[320.019s][info][gc,start       ] GC(846) Pause Young (Allocation Failure)
[320.085s][info][gc,heap        ] GC(846) PSYoungGen: 266240K(266240K)->17408K(276480K) Eden: 259072K(259072K)->0K(259072K) From: 7168K(7168K)->17408K(17408K)
[320.085s][info][gc,heap        ] GC(846) ParOldGen: 503243K(503296K)->514083K(514560K)
[320.085s][info][gc,metaspace   ] GC(846) Metaspace: 35223K(35968K)->35223K(35968K) NonClass: 28963K(29504K)->28963K(29504K) Class: 6260K(6464K)->6260K(6464K)
[320.085s][info][gc             ] GC(846) Pause Young (Allocation Failure) 751M->519M(772M) 65.845ms
[320.085s][info][gc,cpu         ] GC(846) User=0.13s Sys=0.01s Real=0.07s
[320.236s][info][gc,start       ] GC(847) Pause Young (Allocation Failure)
[320.255s][info][gc,heap        ] GC(847) PSYoungGen: 276480K(276480K)->7648K(310272K) Eden: 259072K(259072K)->0K(285184K) From: 17408K(17408K)->7648K(25088K)
[320.255s][info][gc,heap        ] GC(847) ParOldGen: 514083K(514560K)->514467K(514560K)
[320.255s][info][gc,metaspace   ] GC(847) Metaspace: 35223K(35968K)->35223K(35968K) NonClass: 28963K(29504K)->28963K(29504K) Class: 6260K(6464K)->6260K(6464K)
[320.255s][info][gc             ] GC(847) Pause Young (Allocation Failure) 772M->509M(805M) 19.376ms
[320.255s][info][gc,cpu         ] GC(847) User=0.04s Sys=0.00s Real=0.02s
[320.741s][info][gc,start       ] GC(848) Pause Young (Allocation Failure)
[320.742s][info][gc,heap        ] GC(848) PSYoungGen: 292832K(310272K)->64K(285696K) Eden: 285184K(285184K)->0K(285184K) From: 7648K(25088K)->64K(512K)
[320.742s][info][gc,heap        ] GC(848) ParOldGen: 514467K(514560K)->514475K(514560K)
[320.742s][info][gc,metaspace   ] GC(848) Metaspace: 35223K(35968K)->35223K(35968K) NonClass: 28963K(29504K)->28963K(29504K) Class: 6260K(6464K)->6260K(6464K)
[320.742s][info][gc             ] GC(848) Pause Young (Allocation Failure) 788M->502M(781M) 1.746ms
[320.742s][info][gc,cpu         ] GC(848) User=0.01s Sys=0.00s Real=0.00s
[321.321s][info][gc,start       ] GC(849) Pause Young (Allocation Failure)
[321.323s][info][gc,heap        ] GC(849) PSYoungGen: 285248K(285696K)->64K(308736K) Eden: 285184K(285184K)->0K(285696K) From: 64K(512K)->64K(23040K)
[321.323s][info][gc,heap        ] GC(849) ParOldGen: 514475K(514560K)->514483K(514560K)
[321.323s][info][gc,metaspace   ] GC(849) Metaspace: 35223K(35968K)->35223K(35968K) NonClass: 28963K(29504K)->28963K(29504K) Class: 6260K(6464K)->6260K(6464K)
[321.323s][info][gc             ] GC(849) Pause Young (Allocation Failure) 780M->502M(804M) 1.823ms
[321.323s][info][gc,cpu         ] GC(849) User=0.01s Sys=0.00s Real=0.00s
[321.743s][info][gc,start       ] GC(850) Pause Young (Allocation Failure)
[321.745s][info][gc,heap        ] GC(850) PSYoungGen: 285760K(308736K)->64K(308224K) Eden: 285696K(285696K)->0K(285696K) From: 64K(23040K)->64K(22528K)
[321.745s][info][gc,heap        ] GC(850) ParOldGen: 514483K(514560K)->514499K(514560K)
[321.745s][info][gc,metaspace   ] GC(850) Metaspace: 35223K(35968K)->35223K(35968K) NonClass: 28963K(29504K)->28963K(29504K) Class: 6260K(6464K)->6260K(6464K)
[321.745s][info][gc             ] GC(850) Pause Young (Allocation Failure) 781M->502M(803M) 1.872ms
[321.745s][info][gc,cpu         ] GC(850) User=0.01s Sys=0.00s Real=0.00s
[321.956s][info][gc,start       ] GC(851) Pause Young (Allocation Failure)
[321.958s][info][gc,heap        ] GC(851) PSYoungGen: 285760K(308224K)->64K(310272K) Eden: 285696K(285696K)->0K(289280K) From: 64K(22528K)->64K(20992K)
[321.958s][info][gc,heap        ] GC(851) ParOldGen: 514499K(514560K)->514515K(514560K)
[321.958s][info][gc,metaspace   ] GC(851) Metaspace: 35223K(35968K)->35223K(35968K) NonClass: 28963K(29504K)->28963K(29504K) Class: 6260K(6464K)->6260K(6464K)
[321.958s][info][gc             ] GC(851) Pause Young (Allocation Failure) 781M->502M(805M) 1.760ms
[321.958s][info][gc,cpu         ] GC(851) User=0.00s Sys=0.00s Real=0.00s
[322.176s][info][gc,start       ] GC(852) Pause Young (Allocation Failure)
[322.177s][info][gc,heap        ] GC(852) PSYoungGen: 289344K(310272K)->64K(309760K) Eden: 289280K(289280K)->0K(289280K) From: 64K(20992K)->64K(20480K)
[322.177s][info][gc,heap        ] GC(852) ParOldGen: 514515K(514560K)->514515K(514560K)
[322.177s][info][gc,metaspace   ] GC(852) Metaspace: 35223K(35968K)->35223K(35968K) NonClass: 28963K(29504K)->28963K(29504K) Class: 6260K(6464K)->6260K(6464K)
[322.177s][info][gc             ] GC(852) Pause Young (Allocation Failure) 785M->502M(805M) 1.674ms
[322.177s][info][gc,cpu         ] GC(852) User=0.00s Sys=0.00s Real=0.00s
[322.532s][info][gc,start       ] GC(853) Pause Young (Allocation Failure)
[322.534s][info][gc,heap        ] GC(853) PSYoungGen: 289344K(309760K)->64K(312320K) Eden: 289280K(289280K)->0K(293376K) From: 64K(20480K)->64K(18944K)
[322.534s][info][gc,heap        ] GC(853) ParOldGen: 514515K(514560K)->514515K(514560K)
[322.534s][info][gc,metaspace   ] GC(853) Metaspace: 35223K(35968K)->35223K(35968K) NonClass: 28963K(29504K)->28963K(29504K) Class: 6260K(6464K)->6260K(6464K)
[322.534s][info][gc             ] GC(853) Pause Young (Allocation Failure) 785M->502M(807M) 1.686ms
[322.534s][info][gc,cpu         ] GC(853) User=0.00s Sys=0.00s Real=0.00s
[322.631s][info][gc,start       ] GC(854) Pause Young (Allocation Failure)
[322.633s][info][gc,heap        ] GC(854) PSYoungGen: 293440K(312320K)->64K(312320K) Eden: 293376K(293376K)->0K(293376K) From: 64K(18944K)->64K(18944K)
[322.633s][info][gc,heap        ] GC(854) ParOldGen: 514515K(514560K)->514523K(514560K)
[322.633s][info][gc,metaspace   ] GC(854) Metaspace: 35223K(35968K)->35223K(35968K) NonClass: 28963K(29504K)->28963K(29504K) Class: 6260K(6464K)->6260K(6464K)
[322.633s][info][gc             ] GC(854) Pause Young (Allocation Failure) 789M->502M(807M) 1.633ms
[322.633s][info][gc,cpu         ] GC(854) User=0.00s Sys=0.00s Real=0.00s
[322.686s][info][gc,start       ] GC(855) Pause Young (Allocation Failure)
[322.687s][info][gc,heap        ] GC(855) PSYoungGen: 293440K(312320K)->64K(313856K) Eden: 293376K(293376K)->0K(296960K) From: 64K(18944K)->64K(16896K)
[322.687s][info][gc,heap        ] GC(855) ParOldGen: 514523K(514560K)->514539K(514560K)
[322.687s][info][gc,metaspace   ] GC(855) Metaspace: 35223K(35968K)->35223K(35968K) NonClass: 28963K(29504K)->28963K(29504K) Class: 6260K(6464K)->6260K(6464K)
[322.687s][info][gc             ] GC(855) Pause Young (Allocation Failure) 789M->502M(809M) 1.526ms
[322.687s][info][gc,cpu         ] GC(855) User=0.00s Sys=0.00s Real=0.00s
[322.836s][info][gc,start       ] GC(856) Pause Young (Allocation Failure)
[322.838s][info][gc,heap        ] GC(856) PSYoungGen: 297024K(313856K)->64K(313856K) Eden: 296960K(296960K)->0K(296960K) From: 64K(16896K)->64K(16896K)
[322.838s][info][gc,heap        ] GC(856) ParOldGen: 514539K(514560K)->514539K(514560K)
[322.838s][info][gc,metaspace   ] GC(856) Metaspace: 35223K(35968K)->35223K(35968K) NonClass: 28963K(29504K)->28963K(29504K) Class: 6260K(6464K)->6260K(6464K)
[322.838s][info][gc             ] GC(856) Pause Young (Allocation Failure) 792M->502M(809M) 1.653ms
[322.838s][info][gc,cpu         ] GC(856) User=0.00s Sys=0.00s Real=0.00s
[323.050s][info][gc,start       ] GC(857) Pause Young (Allocation Failure)
[323.052s][info][gc,heap        ] GC(857) PSYoungGen: 297024K(313856K)->64K(316416K) Eden: 296960K(296960K)->0K(300544K) From: 64K(16896K)->64K(15872K)
[323.052s][info][gc,heap        ] GC(857) ParOldGen: 514539K(514560K)->514547K(514560K)
[323.052s][info][gc,metaspace   ] GC(857) Metaspace: 35223K(35968K)->35223K(35968K) NonClass: 28963K(29504K)->28963K(29504K) Class: 6260K(6464K)->6260K(6464K)
[323.052s][info][gc             ] GC(857) Pause Young (Allocation Failure) 792M->502M(811M) 1.582ms
[323.052s][info][gc,cpu         ] GC(857) User=0.01s Sys=0.00s Real=0.01s
[323.199s][info][gc,start       ] GC(858) Pause Young (Allocation Failure)
[323.201s][info][gc,heap        ] GC(858) PSYoungGen: 300608K(316416K)->64K(315904K) Eden: 300544K(300544K)->0K(300544K) From: 64K(15872K)->64K(15360K)
[323.201s][info][gc,heap        ] GC(858) ParOldGen: 514547K(514560K)->514555K(514560K)
[323.201s][info][gc,metaspace   ] GC(858) Metaspace: 35223K(35968K)->35223K(35968K) NonClass: 28963K(29504K)->28963K(29504K) Class: 6260K(6464K)->6260K(6464K)
[323.201s][info][gc             ] GC(858) Pause Young (Allocation Failure) 796M->502M(811M) 1.687ms
[323.201s][info][gc,cpu         ] GC(858) User=0.00s Sys=0.00s Real=0.00s
[323.281s][info][gc,start       ] GC(859) Pause Young (Allocation Failure)
[323.283s][info][gc,heap        ] GC(859) PSYoungGen: 300608K(315904K)->64K(317440K) Eden: 300544K(300544K)->0K(303616K) From: 64K(15360K)->64K(13824K)
[323.283s][info][gc,heap        ] GC(859) ParOldGen: 514555K(514560K)->514571K(515072K)
[323.283s][info][gc,metaspace   ] GC(859) Metaspace: 35223K(35968K)->35223K(35968K) NonClass: 28963K(29504K)->28963K(29504K) Class: 6260K(6464K)->6260K(6464K)
[323.283s][info][gc             ] GC(859) Pause Young (Allocation Failure) 796M->502M(813M) 1.737ms
[323.283s][info][gc,cpu         ] GC(859) User=0.00s Sys=0.00s Real=0.00s
[323.458s][info][gc,start       ] GC(860) Pause Young (Allocation Failure)
[323.460s][info][gc,heap        ] GC(860) PSYoungGen: 303680K(317440K)->64K(316928K) Eden: 303616K(303616K)->0K(303616K) From: 64K(13824K)->64K(13312K)
[323.460s][info][gc,heap        ] GC(860) ParOldGen: 514571K(515072K)->514571K(515072K)
[323.460s][info][gc,metaspace   ] GC(860) Metaspace: 35223K(35968K)->35223K(35968K) NonClass: 28963K(29504K)->28963K(29504K) Class: 6260K(6464K)->6260K(6464K)
[323.460s][info][gc             ] GC(860) Pause Young (Allocation Failure) 799M->502M(812M) 1.696ms
[323.460s][info][gc,cpu         ] GC(860) User=0.00s Sys=0.00s Real=0.00s
[324.412s][info][gc,start       ] GC(861) Pause Young (Allocation Failure)
[324.414s][info][gc,heap        ] GC(861) PSYoungGen: 303680K(316928K)->64K(319488K) Eden: 303616K(303616K)->0K(307712K) From: 64K(13312K)->64K(11776K)
[324.414s][info][gc,heap        ] GC(861) ParOldGen: 514571K(515072K)->514579K(515072K)
[324.414s][info][gc,metaspace   ] GC(861) Metaspace: 35223K(35968K)->35223K(35968K) NonClass: 28963K(29504K)->28963K(29504K) Class: 6260K(6464K)->6260K(6464K)
[324.414s][info][gc             ] GC(861) Pause Young (Allocation Failure) 799M->502M(815M) 1.788ms
[324.414s][info][gc,cpu         ] GC(861) User=0.00s Sys=0.00s Real=0.00s
[325.305s][info][gc,start       ] GC(862) Pause Young (Allocation Failure)
[325.306s][info][gc,heap        ] GC(862) PSYoungGen: 307776K(319488K)->64K(295936K) Eden: 307712K(307712K)->0K(295424K) From: 64K(11776K)->64K(512K)
[325.306s][info][gc,heap        ] GC(862) ParOldGen: 514579K(515072K)->514587K(515072K)
[325.306s][info][gc,metaspace   ] GC(862) Metaspace: 35223K(35968K)->35223K(35968K) NonClass: 28963K(29504K)->28963K(29504K) Class: 6260K(6464K)->6260K(6464K)
[325.306s][info][gc             ] GC(862) Pause Young (Allocation Failure) 803M->502M(792M) 1.741ms
[325.306s][info][gc,cpu         ] GC(862) User=0.00s Sys=0.00s Real=0.00s
[325.614s][info][gc,start       ] GC(863) Pause Young (Allocation Failure)
[325.617s][info][gc,heap        ] GC(863) PSYoungGen: 295488K(295936K)->64K(284160K) Eden: 295424K(295424K)->0K(283648K) From: 64K(512K)->64K(512K)
[325.617s][info][gc,heap        ] GC(863) ParOldGen: 514587K(515072K)->514595K(515072K)
[325.617s][info][gc,metaspace   ] GC(863) Metaspace: 35223K(35968K)->35223K(35968K) NonClass: 28963K(29504K)->28963K(29504K) Class: 6260K(6464K)->6260K(6464K)
[325.617s][info][gc             ] GC(863) Pause Young (Allocation Failure) 791M->502M(780M) 2.332ms
[325.617s][info][gc,cpu         ] GC(863) User=0.00s Sys=0.00s Real=0.00s
[326.033s][info][gc,start       ] GC(864) Pause Young (Allocation Failure)
[326.035s][info][gc,heap        ] GC(864) PSYoungGen: 283712K(284160K)->64K(282624K) Eden: 283648K(283648K)->0K(272384K) From: 64K(512K)->64K(10240K)
[326.035s][info][gc,heap        ] GC(864) ParOldGen: 514595K(515072K)->514603K(515072K)
[326.035s][info][gc,metaspace   ] GC(864) Metaspace: 35223K(35968K)->35223K(35968K) NonClass: 28963K(29504K)->28963K(29504K) Class: 6260K(6464K)->6260K(6464K)
[326.035s][info][gc             ] GC(864) Pause Young (Allocation Failure) 779M->502M(779M) 2.034ms
[326.035s][info][gc,cpu         ] GC(864) User=0.00s Sys=0.00s Real=0.00s
[326.981s][info][gc,start       ] GC(865) Pause Young (Allocation Failure)
[326.984s][info][gc,heap        ] GC(865) PSYoungGen: 272448K(282624K)->64K(262144K) Eden: 272384K(272384K)->0K(261632K) From: 64K(10240K)->64K(512K)
[326.984s][info][gc,heap        ] GC(865) ParOldGen: 514603K(515072K)->514611K(515072K)
[326.984s][info][gc,metaspace   ] GC(865) Metaspace: 35223K(35968K)->35223K(35968K) NonClass: 28963K(29504K)->28963K(29504K) Class: 6260K(6464K)->6260K(6464K)
[326.985s][info][gc             ] GC(865) Pause Young (Allocation Failure) 768M->502M(759M) 3.665ms
[326.985s][info][gc,cpu         ] GC(865) User=0.01s Sys=0.00s Real=0.00s
[327.333s][info][gc,start       ] GC(866) Pause Young (Allocation Failure)
[327.335s][info][gc,heap        ] GC(866) PSYoungGen: 261696K(262144K)->64K(260608K) Eden: 261632K(261632K)->0K(251392K) From: 64K(512K)->64K(9216K)
[327.335s][info][gc,heap        ] GC(866) ParOldGen: 514611K(515072K)->514619K(515072K)
[327.335s][info][gc,metaspace   ] GC(866) Metaspace: 35223K(35968K)->35223K(35968K) NonClass: 28963K(29504K)->28963K(29504K) Class: 6260K(6464K)->6260K(6464K)
[327.335s][info][gc             ] GC(866) Pause Young (Allocation Failure) 758M->502M(757M) 1.679ms
[327.335s][info][gc,cpu         ] GC(866) User=0.01s Sys=0.00s Real=0.00s
[327.467s][info][gc,start       ] GC(867) Pause Young (Allocation Failure)
[327.469s][info][gc,heap        ] GC(867) PSYoungGen: 251456K(260608K)->64K(242176K) Eden: 251392K(251392K)->0K(241664K) From: 64K(9216K)->64K(512K)
[327.469s][info][gc,heap        ] GC(867) ParOldGen: 514619K(515072K)->514627K(515072K)
[327.469s][info][gc,metaspace   ] GC(867) Metaspace: 35223K(35968K)->35223K(35968K) NonClass: 28963K(29504K)->28963K(29504K) Class: 6260K(6464K)->6260K(6464K)
[327.469s][info][gc             ] GC(867) Pause Young (Allocation Failure) 748M->502M(739M) 2.380ms
[327.469s][info][gc,cpu         ] GC(867) User=0.00s Sys=0.00s Real=0.00s
[327.846s][info][gc,start       ] GC(868) Pause Young (Allocation Failure)
[327.848s][info][gc,heap        ] GC(868) PSYoungGen: 241728K(242176K)->64K(240128K) Eden: 241664K(241664K)->0K(232448K) From: 64K(512K)->64K(7680K)
[327.848s][info][gc,heap        ] GC(868) ParOldGen: 514627K(515072K)->514635K(515072K)
[327.848s][info][gc,metaspace   ] GC(868) Metaspace: 35223K(35968K)->35223K(35968K) NonClass: 28963K(29504K)->28963K(29504K) Class: 6260K(6464K)->6260K(6464K)
[327.848s][info][gc             ] GC(868) Pause Young (Allocation Failure) 738M->502M(737M) 1.673ms
[327.848s][info][gc,cpu         ] GC(868) User=0.01s Sys=0.00s Real=0.00s
[328.194s][info][gc,start       ] GC(869) Pause Young (Allocation Failure)
[328.196s][info][gc,heap        ] GC(869) PSYoungGen: 232512K(240128K)->64K(224256K) Eden: 232448K(232448K)->0K(223744K) From: 64K(7680K)->64K(512K)
[328.196s][info][gc,heap        ] GC(869) ParOldGen: 514635K(515072K)->514643K(515072K)
[328.196s][info][gc,metaspace   ] GC(869) Metaspace: 35223K(35968K)->35223K(35968K) NonClass: 28963K(29504K)->28963K(29504K) Class: 6260K(6464K)->6260K(6464K)
[328.196s][info][gc             ] GC(869) Pause Young (Allocation Failure) 729M->502M(722M) 2.423ms
[328.196s][info][gc,cpu         ] GC(869) User=0.00s Sys=0.00s Real=0.00s
[328.588s][info][gc,start       ] GC(870) Pause Young (Allocation Failure)
[328.603s][info][gc,heap        ] GC(870) PSYoungGen: 223808K(224256K)->4224K(270848K) Eden: 223744K(223744K)->0K(266240K) From: 64K(512K)->4224K(4608K)
[328.603s][info][gc,heap        ] GC(870) ParOldGen: 514643K(515072K)->514651K(515072K)
[328.603s][info][gc,metaspace   ] GC(870) Metaspace: 35223K(35968K)->35223K(35968K) NonClass: 28963K(29504K)->28963K(29504K) Class: 6260K(6464K)->6260K(6464K)
[328.603s][info][gc             ] GC(870) Pause Young (Allocation Failure) 721M->506M(767M) 14.531ms
[328.603s][info][gc,cpu         ] GC(870) User=0.01s Sys=0.01s Real=0.02s
[328.989s][info][gc,start       ] GC(871) Pause Young (Allocation Failure)
[329.047s][info][gc,heap        ] GC(871) PSYoungGen: 270464K(270848K)->7680K(268800K) Eden: 266240K(266240K)->0K(261120K) From: 4224K(4608K)->7680K(7680K)
[329.047s][info][gc,heap        ] GC(871) ParOldGen: 514651K(515072K)->535235K(535552K)
[329.047s][info][gc,metaspace   ] GC(871) Metaspace: 35223K(35968K)->35223K(35968K) NonClass: 28963K(29504K)->28963K(29504K) Class: 6260K(6464K)->6260K(6464K)
[329.047s][info][gc             ] GC(871) Pause Young (Allocation Failure) 766M->530M(785M) 57.944ms
[329.047s][info][gc,cpu         ] GC(871) User=0.10s Sys=0.01s Real=0.06s
[329.425s][info][gc,start       ] GC(872) Pause Young (Allocation Failure)
[329.480s][info][gc,heap        ] GC(872) PSYoungGen: 268800K(268800K)->16896K(278016K) Eden: 261120K(261120K)->0K(261120K) From: 7680K(7680K)->16896K(16896K)
[329.480s][info][gc,heap        ] GC(872) ParOldGen: 535235K(535552K)->546803K(546816K)
[329.480s][info][gc,metaspace   ] GC(872) Metaspace: 35223K(35968K)->35223K(35968K) NonClass: 28963K(29504K)->28963K(29504K) Class: 6260K(6464K)->6260K(6464K)
[329.480s][info][gc             ] GC(872) Pause Young (Allocation Failure) 785M->550M(805M) 54.775ms
[329.480s][info][gc,cpu         ] GC(872) User=0.10s Sys=0.01s Real=0.05s
[329.648s][info][gc,start       ] GC(873) Pause Young (Allocation Failure)
[329.671s][info][gc,heap        ] GC(873) PSYoungGen: 278016K(278016K)->8800K(309760K) Eden: 261120K(261120K)->0K(285184K) From: 16896K(16896K)->8800K(24576K)
[329.671s][info][gc,heap        ] GC(873) ParOldGen: 546803K(546816K)->547219K(547328K)
[329.671s][info][gc,metaspace   ] GC(873) Metaspace: 35223K(35968K)->35223K(35968K) NonClass: 28963K(29504K)->28963K(29504K) Class: 6260K(6464K)->6260K(6464K)
[329.671s][info][gc             ] GC(873) Pause Young (Allocation Failure) 805M->542M(837M) 22.879ms
[329.671s][info][gc,cpu         ] GC(873) User=0.04s Sys=0.01s Real=0.03s
[330.138s][info][gc,start       ] GC(874) Pause Young (Allocation Failure)
[330.140s][info][gc,heap        ] GC(874) PSYoungGen: 293984K(309760K)->64K(285696K) Eden: 285184K(285184K)->0K(285184K) From: 8800K(24576K)->64K(512K)
[330.140s][info][gc,heap        ] GC(874) ParOldGen: 547219K(547328K)->547227K(547328K)
[330.140s][info][gc,metaspace   ] GC(874) Metaspace: 35223K(35968K)->35223K(35968K) NonClass: 28963K(29504K)->28963K(29504K) Class: 6260K(6464K)->6260K(6464K)
[330.140s][info][gc             ] GC(874) Pause Young (Allocation Failure) 821M->534M(813M) 1.915ms
[330.140s][info][gc,cpu         ] GC(874) User=0.00s Sys=0.00s Real=0.00s
[330.800s][info][gc,start       ] GC(875) Pause Young (Allocation Failure)
[330.802s][info][gc,heap        ] GC(875) PSYoungGen: 285248K(285696K)->160K(308736K) Eden: 285184K(285184K)->0K(285696K) From: 64K(512K)->160K(23040K)
[330.802s][info][gc,heap        ] GC(875) ParOldGen: 547227K(547328K)->547243K(547328K)
[330.802s][info][gc,metaspace   ] GC(875) Metaspace: 35326K(35968K)->35326K(35968K) NonClass: 29054K(29504K)->29054K(29504K) Class: 6271K(6464K)->6271K(6464K)
[330.802s][info][gc             ] GC(875) Pause Young (Allocation Failure) 812M->534M(836M) 2.613ms
[330.802s][info][gc,cpu         ] GC(875) User=0.00s Sys=0.00s Real=0.01s
[331.258s][info][gc,start       ] GC(876) Pause Young (Allocation Failure)
[331.260s][info][gc,heap        ] GC(876) PSYoungGen: 285856K(308736K)->64K(308224K) Eden: 285696K(285696K)->0K(285696K) From: 160K(23040K)->64K(22528K)
[331.260s][info][gc,heap        ] GC(876) ParOldGen: 547243K(547328K)->547347K(547840K)
[331.260s][info][gc,metaspace   ] GC(876) Metaspace: 35326K(35968K)->35326K(35968K) NonClass: 29054K(29504K)->29054K(29504K) Class: 6271K(6464K)->6271K(6464K)
[331.260s][info][gc             ] GC(876) Pause Young (Allocation Failure) 813M->534M(836M) 2.011ms
[331.260s][info][gc,cpu         ] GC(876) User=0.00s Sys=0.00s Real=0.00s
[331.478s][info][gc,start       ] GC(877) Pause Young (Allocation Failure)
[331.480s][info][gc,heap        ] GC(877) PSYoungGen: 285760K(308224K)->64K(310272K) Eden: 285696K(285696K)->0K(288768K) From: 64K(22528K)->64K(21504K)
[331.480s][info][gc,heap        ] GC(877) ParOldGen: 547347K(547840K)->547363K(547840K)
[331.480s][info][gc,metaspace   ] GC(877) Metaspace: 35326K(35968K)->35326K(35968K) NonClass: 29054K(29504K)->29054K(29504K) Class: 6271K(6464K)->6271K(6464K)
[331.480s][info][gc             ] GC(877) Pause Young (Allocation Failure) 813M->534M(838M) 1.854ms
[331.480s][info][gc,cpu         ] GC(877) User=0.00s Sys=0.00s Real=0.00s
[331.703s][info][gc,start       ] GC(878) Pause Young (Allocation Failure)
[331.705s][info][gc,heap        ] GC(878) PSYoungGen: 288832K(310272K)->64K(309760K) Eden: 288768K(288768K)->0K(288768K) From: 64K(21504K)->64K(20992K)
[331.705s][info][gc,heap        ] GC(878) ParOldGen: 547363K(547840K)->547363K(547840K)
[331.705s][info][gc,metaspace   ] GC(878) Metaspace: 35326K(35968K)->35326K(35968K) NonClass: 29054K(29504K)->29054K(29504K) Class: 6271K(6464K)->6271K(6464K)
[331.705s][info][gc             ] GC(878) Pause Young (Allocation Failure) 816M->534M(837M) 1.898ms
[331.705s][info][gc,cpu         ] GC(878) User=0.00s Sys=0.00s Real=0.00s
[332.058s][info][gc,start       ] GC(879) Pause Young (Allocation Failure)
[332.060s][info][gc,heap        ] GC(879) PSYoungGen: 288832K(309760K)->64K(311808K) Eden: 288768K(288768K)->0K(292352K) From: 64K(20992K)->64K(19456K)
[332.060s][info][gc,heap        ] GC(879) ParOldGen: 547363K(547840K)->547363K(547840K)
[332.060s][info][gc,metaspace   ] GC(879) Metaspace: 35326K(35968K)->35326K(35968K) NonClass: 29054K(29504K)->29054K(29504K) Class: 6271K(6464K)->6271K(6464K)
[332.060s][info][gc             ] GC(879) Pause Young (Allocation Failure) 816M->534M(839M) 1.783ms
[332.060s][info][gc,cpu         ] GC(879) User=0.01s Sys=0.00s Real=0.00s
[332.178s][info][gc,start       ] GC(880) Pause Young (Allocation Failure)
[332.180s][info][gc,heap        ] GC(880) PSYoungGen: 292416K(311808K)->64K(311296K) Eden: 292352K(292352K)->0K(292352K) From: 64K(19456K)->64K(18944K)
[332.180s][info][gc,heap        ] GC(880) ParOldGen: 547363K(547840K)->547371K(547840K)
[332.180s][info][gc,metaspace   ] GC(880) Metaspace: 35326K(35968K)->35326K(35968K) NonClass: 29054K(29504K)->29054K(29504K) Class: 6271K(6464K)->6271K(6464K)
[332.180s][info][gc             ] GC(880) Pause Young (Allocation Failure) 820M->534M(839M) 1.820ms
[332.180s][info][gc,cpu         ] GC(880) User=0.01s Sys=0.00s Real=0.00s
[332.233s][info][gc,start       ] GC(881) Pause Young (Allocation Failure)
[332.235s][info][gc,heap        ] GC(881) PSYoungGen: 292416K(311296K)->64K(313856K) Eden: 292352K(292352K)->0K(296448K) From: 64K(18944K)->64K(17408K)
[332.235s][info][gc,heap        ] GC(881) ParOldGen: 547371K(547840K)->547387K(547840K)
[332.235s][info][gc,metaspace   ] GC(881) Metaspace: 35326K(35968K)->35326K(35968K) NonClass: 29054K(29504K)->29054K(29504K) Class: 6271K(6464K)->6271K(6464K)
[332.235s][info][gc             ] GC(881) Pause Young (Allocation Failure) 820M->534M(841M) 1.757ms
[332.235s][info][gc,cpu         ] GC(881) User=0.00s Sys=0.00s Real=0.00s
[332.366s][info][gc,start       ] GC(882) Pause Young (Allocation Failure)
[332.368s][info][gc,heap        ] GC(882) PSYoungGen: 296512K(313856K)->64K(313344K) Eden: 296448K(296448K)->0K(296448K) From: 64K(17408K)->64K(16896K)
[332.368s][info][gc,heap        ] GC(882) ParOldGen: 547387K(547840K)->547387K(547840K)
[332.368s][info][gc,metaspace   ] GC(882) Metaspace: 35326K(35968K)->35326K(35968K) NonClass: 29054K(29504K)->29054K(29504K) Class: 6271K(6464K)->6271K(6464K)
[332.368s][info][gc             ] GC(882) Pause Young (Allocation Failure) 824M->534M(841M) 1.810ms
[332.368s][info][gc,cpu         ] GC(882) User=0.00s Sys=0.00s Real=0.00s
[332.584s][info][gc,start       ] GC(883) Pause Young (Allocation Failure)
[332.586s][info][gc,heap        ] GC(883) PSYoungGen: 296512K(313344K)->64K(315904K) Eden: 296448K(296448K)->0K(300544K) From: 64K(16896K)->64K(15360K)
[332.586s][info][gc,heap        ] GC(883) ParOldGen: 547387K(547840K)->547395K(547840K)
[332.586s][info][gc,metaspace   ] GC(883) Metaspace: 35326K(35968K)->35326K(35968K) NonClass: 29054K(29504K)->29054K(29504K) Class: 6271K(6464K)->6271K(6464K)
[332.586s][info][gc             ] GC(883) Pause Young (Allocation Failure) 824M->534M(843M) 1.898ms
[332.586s][info][gc,cpu         ] GC(883) User=0.00s Sys=0.00s Real=0.00s
[332.751s][info][gc,start       ] GC(884) Pause Young (Allocation Failure)
[332.753s][info][gc,heap        ] GC(884) PSYoungGen: 300608K(315904K)->64K(315904K) Eden: 300544K(300544K)->0K(300544K) From: 64K(15360K)->64K(15360K)
[332.753s][info][gc,heap        ] GC(884) ParOldGen: 547395K(547840K)->547403K(547840K)
[332.753s][info][gc,metaspace   ] GC(884) Metaspace: 35326K(35968K)->35326K(35968K) NonClass: 29054K(29504K)->29054K(29504K) Class: 6271K(6464K)->6271K(6464K)
[332.753s][info][gc             ] GC(884) Pause Young (Allocation Failure) 828M->534M(843M) 1.852ms
[332.753s][info][gc,cpu         ] GC(884) User=0.01s Sys=0.00s Real=0.00s
[332.834s][info][gc,start       ] GC(885) Pause Young (Allocation Failure)
[332.836s][info][gc,heap        ] GC(885) PSYoungGen: 300608K(315904K)->64K(317440K) Eden: 300544K(300544K)->0K(304128K) From: 64K(15360K)->64K(13312K)
[332.836s][info][gc,heap        ] GC(885) ParOldGen: 547403K(547840K)->547419K(547840K)
[332.836s][info][gc,metaspace   ] GC(885) Metaspace: 35326K(35968K)->35326K(35968K) NonClass: 29054K(29504K)->29054K(29504K) Class: 6271K(6464K)->6271K(6464K)
[332.836s][info][gc             ] GC(885) Pause Young (Allocation Failure) 828M->534M(845M) 1.819ms
[332.836s][info][gc,cpu         ] GC(885) User=0.00s Sys=0.00s Real=0.00s
[333.001s][info][gc,start       ] GC(886) Pause Young (Allocation Failure)
[333.003s][info][gc,heap        ] GC(886) PSYoungGen: 304192K(317440K)->64K(317440K) Eden: 304128K(304128K)->0K(304128K) From: 64K(13312K)->64K(13312K)
[333.003s][info][gc,heap        ] GC(886) ParOldGen: 547419K(547840K)->547419K(547840K)
[333.003s][info][gc,metaspace   ] GC(886) Metaspace: 35326K(35968K)->35326K(35968K) NonClass: 29054K(29504K)->29054K(29504K) Class: 6271K(6464K)->6271K(6464K)
[333.003s][info][gc             ] GC(886) Pause Young (Allocation Failure) 831M->534M(845M) 1.897ms
[333.003s][info][gc,cpu         ] GC(886) User=0.00s Sys=0.00s Real=0.00s
[333.991s][info][gc,start       ] GC(887) Pause Young (Allocation Failure)
[333.993s][info][gc,heap        ] GC(887) PSYoungGen: 304181K(317440K)->64K(318976K) Eden: 304117K(304128K)->0K(307712K) From: 64K(13312K)->64K(11264K)
[333.993s][info][gc,heap        ] GC(887) ParOldGen: 547419K(547840K)->547427K(547840K)
[333.993s][info][gc,metaspace   ] GC(887) Metaspace: 35326K(35968K)->35326K(35968K) NonClass: 29054K(29504K)->29054K(29504K) Class: 6271K(6464K)->6271K(6464K)
[333.993s][info][gc             ] GC(887) Pause Young (Allocation Failure) 831M->534M(846M) 1.852ms
[333.993s][info][gc,cpu         ] GC(887) User=0.00s Sys=0.00s Real=0.00s
[334.856s][info][gc,start       ] GC(888) Pause Young (Allocation Failure)
[334.858s][info][gc,heap        ] GC(888) PSYoungGen: 307776K(318976K)->64K(295936K) Eden: 307712K(307712K)->0K(295424K) From: 64K(11264K)->64K(512K)
[334.858s][info][gc,heap        ] GC(888) ParOldGen: 547427K(547840K)->547435K(547840K)
[334.858s][info][gc,metaspace   ] GC(888) Metaspace: 35326K(35968K)->35326K(35968K) NonClass: 29054K(29504K)->29054K(29504K) Class: 6271K(6464K)->6271K(6464K)
[334.858s][info][gc             ] GC(888) Pause Young (Allocation Failure) 835M->534M(824M) 1.854ms
[334.858s][info][gc,cpu         ] GC(888) User=0.00s Sys=0.00s Real=0.00s
[335.113s][info][gc,start       ] GC(889) Pause Young (Allocation Failure)
[335.115s][info][gc,heap        ] GC(889) PSYoungGen: 295488K(295936K)->64K(284160K) Eden: 295424K(295424K)->0K(283648K) From: 64K(512K)->64K(512K)
[335.115s][info][gc,heap        ] GC(889) ParOldGen: 547435K(547840K)->547443K(547840K)
[335.115s][info][gc,metaspace   ] GC(889) Metaspace: 35326K(35968K)->35326K(35968K) NonClass: 29054K(29504K)->29054K(29504K) Class: 6271K(6464K)->6271K(6464K)
[335.115s][info][gc             ] GC(889) Pause Young (Allocation Failure) 823M->534M(812M) 2.333ms
[335.115s][info][gc,cpu         ] GC(889) User=0.00s Sys=0.00s Real=0.00s
[335.569s][info][gc,start       ] GC(890) Pause Young (Allocation Failure)
[335.570s][info][gc,heap        ] GC(890) PSYoungGen: 283712K(284160K)->64K(282624K) Eden: 283648K(283648K)->0K(272384K) From: 64K(512K)->64K(10240K)
[335.570s][info][gc,heap        ] GC(890) ParOldGen: 547443K(547840K)->547451K(547840K)
[335.570s][info][gc,metaspace   ] GC(890) Metaspace: 35326K(35968K)->35326K(35968K) NonClass: 29054K(29504K)->29054K(29504K) Class: 6271K(6464K)->6271K(6464K)
[335.570s][info][gc             ] GC(890) Pause Young (Allocation Failure) 811M->534M(811M) 1.766ms
[335.570s][info][gc,cpu         ] GC(890) User=0.00s Sys=0.00s Real=0.00s
[336.547s][info][gc,start       ] GC(891) Pause Young (Allocation Failure)
[336.550s][info][gc,heap        ] GC(891) PSYoungGen: 272448K(282624K)->64K(262144K) Eden: 272384K(272384K)->0K(261632K) From: 64K(10240K)->64K(512K)
[336.550s][info][gc,heap        ] GC(891) ParOldGen: 547451K(547840K)->547459K(547840K)
[336.550s][info][gc,metaspace   ] GC(891) Metaspace: 35326K(35968K)->35326K(35968K) NonClass: 29054K(29504K)->29054K(29504K) Class: 6271K(6464K)->6271K(6464K)
[336.550s][info][gc             ] GC(891) Pause Young (Allocation Failure) 800M->534M(791M) 2.456ms
[336.550s][info][gc,cpu         ] GC(891) User=0.01s Sys=0.00s Real=0.00s
[336.940s][info][gc,start       ] GC(892) Pause Young (Allocation Failure)
[336.942s][info][gc,heap        ] GC(892) PSYoungGen: 261696K(262144K)->64K(260608K) Eden: 261632K(261632K)->0K(251392K) From: 64K(512K)->64K(9216K)
[336.942s][info][gc,heap        ] GC(892) ParOldGen: 547459K(547840K)->547467K(547840K)
[336.942s][info][gc,metaspace   ] GC(892) Metaspace: 35326K(35968K)->35326K(35968K) NonClass: 29054K(29504K)->29054K(29504K) Class: 6271K(6464K)->6271K(6464K)
[336.942s][info][gc             ] GC(892) Pause Young (Allocation Failure) 790M->534M(789M) 1.813ms
[336.942s][info][gc,cpu         ] GC(892) User=0.00s Sys=0.00s Real=0.01s
[337.091s][info][gc,start       ] GC(893) Pause Young (Allocation Failure)
[337.094s][info][gc,heap        ] GC(893) PSYoungGen: 251456K(260608K)->64K(242176K) Eden: 251392K(251392K)->0K(241664K) From: 64K(9216K)->64K(512K)
[337.094s][info][gc,heap        ] GC(893) ParOldGen: 547467K(547840K)->547475K(547840K)
[337.094s][info][gc,metaspace   ] GC(893) Metaspace: 35326K(35968K)->35326K(35968K) NonClass: 29054K(29504K)->29054K(29504K) Class: 6271K(6464K)->6271K(6464K)
[337.094s][info][gc             ] GC(893) Pause Young (Allocation Failure) 780M->534M(771M) 2.427ms
[337.094s][info][gc,cpu         ] GC(893) User=0.00s Sys=0.00s Real=0.00s
[337.396s][info][gc,start       ] GC(894) Pause Young (Allocation Failure)
[337.397s][info][gc,heap        ] GC(894) PSYoungGen: 241728K(242176K)->64K(240128K) Eden: 241664K(241664K)->0K(232448K) From: 64K(512K)->64K(7680K)
[337.397s][info][gc,heap        ] GC(894) ParOldGen: 547475K(547840K)->547491K(547840K)
[337.397s][info][gc,metaspace   ] GC(894) Metaspace: 35326K(35968K)->35326K(35968K) NonClass: 29054K(29504K)->29054K(29504K) Class: 6271K(6464K)->6271K(6464K)
[337.397s][info][gc             ] GC(894) Pause Young (Allocation Failure) 770M->534M(769M) 1.787ms
[337.397s][info][gc,cpu         ] GC(894) User=0.01s Sys=0.00s Real=0.00s
[337.824s][info][gc,start       ] GC(895) Pause Young (Allocation Failure)
[337.826s][info][gc,heap        ] GC(895) PSYoungGen: 232512K(240128K)->64K(224256K) Eden: 232448K(232448K)->0K(223744K) From: 64K(7680K)->64K(512K)
[337.827s][info][gc,heap        ] GC(895) ParOldGen: 547491K(547840K)->547499K(547840K)
[337.827s][info][gc,metaspace   ] GC(895) Metaspace: 35326K(35968K)->35326K(35968K) NonClass: 29054K(29504K)->29054K(29504K) Class: 6271K(6464K)->6271K(6464K)
[337.827s][info][gc             ] GC(895) Pause Young (Allocation Failure) 761M->534M(754M) 2.445ms
[337.827s][info][gc,cpu         ] GC(895) User=0.00s Sys=0.00s Real=0.00s
[338.191s][info][gc,start       ] GC(896) Pause Young (Allocation Failure)
[338.196s][info][gc,heap        ] GC(896) PSYoungGen: 223808K(224256K)->864K(222208K) Eden: 223744K(223744K)->0K(215552K) From: 64K(512K)->864K(6656K)
[338.196s][info][gc,heap        ] GC(896) ParOldGen: 547499K(547840K)->547507K(547840K)
[338.196s][info][gc,metaspace   ] GC(896) Metaspace: 35326K(35968K)->35326K(35968K) NonClass: 29054K(29504K)->29054K(29504K) Class: 6271K(6464K)->6271K(6464K)
[338.196s][info][gc             ] GC(896) Pause Young (Allocation Failure) 753M->535M(752M) 5.747ms
[338.196s][info][gc,cpu         ] GC(896) User=0.01s Sys=0.00s Real=0.00s
[338.449s][info][gc,start       ] GC(897) Pause Young (Allocation Failure)
[338.497s][info][gc,heap        ] GC(897) PSYoungGen: 216416K(222208K)->6144K(264704K) Eden: 215552K(215552K)->0K(258560K) From: 864K(6656K)->6144K(6144K)
[338.497s][info][gc,heap        ] GC(897) ParOldGen: 547507K(547840K)->564251K(564736K)
[338.497s][info][gc,metaspace   ] GC(897) Metaspace: 35326K(35968K)->35326K(35968K) NonClass: 29054K(29504K)->29054K(29504K) Class: 6271K(6464K)->6271K(6464K)
[338.497s][info][gc             ] GC(897) Pause Young (Allocation Failure) 746M->557M(810M) 47.826ms
[338.497s][info][gc,cpu         ] GC(897) User=0.07s Sys=0.02s Real=0.05s
[338.797s][info][gc,start       ] GC(898) Pause Young (Allocation Failure)
[338.851s][info][gc,heap        ] GC(898) PSYoungGen: 264704K(264704K)->13824K(272384K) Eden: 258560K(258560K)->0K(258560K) From: 6144K(6144K)->13824K(13824K)
[338.851s][info][gc,heap        ] GC(898) ParOldGen: 564251K(564736K)->578483K(578560K)
[338.851s][info][gc,metaspace   ] GC(898) Metaspace: 35326K(35968K)->35326K(35968K) NonClass: 29054K(29504K)->29054K(29504K) Class: 6271K(6464K)->6271K(6464K)
[338.851s][info][gc             ] GC(898) Pause Young (Allocation Failure) 809M->578M(831M) 54.263ms
[338.851s][info][gc,cpu         ] GC(898) User=0.09s Sys=0.01s Real=0.06s
[339.074s][info][gc,start       ] GC(899) Pause Young (Allocation Failure)
[339.114s][info][gc,heap        ] GC(899) PSYoungGen: 272384K(272384K)->17856K(305664K) Eden: 258560K(258560K)->0K(283648K) From: 13824K(13824K)->17856K(22016K)
[339.114s][info][gc,heap        ] GC(899) ParOldGen: 578483K(578560K)->578995K(579072K)
[339.114s][info][gc,metaspace   ] GC(899) Metaspace: 35326K(35968K)->35326K(35968K) NonClass: 29054K(29504K)->29054K(29504K) Class: 6271K(6464K)->6271K(6464K)
[339.114s][info][gc             ] GC(899) Pause Young (Allocation Failure) 830M->582M(864M) 40.576ms
[339.114s][info][gc,cpu         ] GC(899) User=0.07s Sys=0.01s Real=0.04s
[339.354s][info][gc,start       ] GC(900) Pause Young (Allocation Failure)
[339.356s][info][gc,heap        ] GC(900) PSYoungGen: 301504K(305664K)->64K(308736K) Eden: 283648K(283648K)->0K(283648K) From: 17856K(22016K)->64K(25088K)
[339.356s][info][gc,heap        ] GC(900) ParOldGen: 578995K(579072K)->579003K(579072K)
[339.356s][info][gc,metaspace   ] GC(900) Metaspace: 35326K(35968K)->35326K(35968K) NonClass: 29054K(29504K)->29054K(29504K) Class: 6271K(6464K)->6271K(6464K)
[339.356s][info][gc             ] GC(900) Pause Young (Allocation Failure) 859M->565M(867M) 1.894ms
[339.356s][info][gc,cpu         ] GC(900) User=0.00s Sys=0.00s Real=0.00s
[340.043s][info][gc,start       ] GC(901) Pause Young (Allocation Failure)
[340.045s][info][gc,heap        ] GC(901) PSYoungGen: 283712K(308736K)->64K(306176K) Eden: 283648K(283648K)->0K(284160K) From: 64K(25088K)->64K(22016K)
[340.045s][info][gc,heap        ] GC(901) ParOldGen: 579003K(579072K)->579019K(579072K)
[340.045s][info][gc,metaspace   ] GC(901) Metaspace: 35328K(35968K)->35328K(35968K) NonClass: 29056K(29504K)->29056K(29504K) Class: 6271K(6464K)->6271K(6464K)
[340.045s][info][gc             ] GC(901) Pause Young (Allocation Failure) 842M->565M(864M) 1.890ms
[340.045s][info][gc,cpu         ] GC(901) User=0.01s Sys=0.00s Real=0.00s
[340.318s][info][gc,start       ] GC(902) Pause Young (Allocation Failure)
[340.320s][info][gc,heap        ] GC(902) PSYoungGen: 284224K(306176K)->64K(307712K) Eden: 284160K(284160K)->0K(284160K) From: 64K(22016K)->64K(23552K)
[340.320s][info][gc,heap        ] GC(902) ParOldGen: 579019K(579072K)->579035K(579072K)
[340.320s][info][gc,metaspace   ] GC(902) Metaspace: 35328K(35968K)->35328K(35968K) NonClass: 29056K(29504K)->29056K(29504K) Class: 6271K(6464K)->6271K(6464K)
[340.320s][info][gc             ] GC(902) Pause Young (Allocation Failure) 843M->565M(866M) 1.966ms
[340.320s][info][gc,cpu         ] GC(902) User=0.00s Sys=0.00s Real=0.00s
[340.762s][info][gc,start       ] GC(903) Pause Young (Allocation Failure)
[340.764s][info][gc,heap        ] GC(903) PSYoungGen: 284224K(307712K)->32K(308736K) Eden: 284160K(284160K)->0K(287744K) From: 64K(23552K)->32K(20992K)
[340.764s][info][gc,heap        ] GC(903) ParOldGen: 579035K(579072K)->579043K(579072K)
[340.764s][info][gc,metaspace   ] GC(903) Metaspace: 35328K(35968K)->35328K(35968K) NonClass: 29056K(29504K)->29056K(29504K) Class: 6271K(6464K)->6271K(6464K)
[340.764s][info][gc             ] GC(903) Pause Young (Allocation Failure) 843M->565M(867M) 2.816ms
[340.764s][info][gc,cpu         ] GC(903) User=0.00s Sys=0.00s Real=0.00s
[340.987s][info][gc,start       ] GC(904) Pause Young (Allocation Failure)
[340.990s][info][gc,heap        ] GC(904) PSYoungGen: 287776K(308736K)->32K(309760K) Eden: 287744K(287744K)->0K(287744K) From: 32K(20992K)->32K(22016K)
[340.990s][info][gc,heap        ] GC(904) ParOldGen: 579043K(579072K)->579051K(579072K)
[340.990s][info][gc,metaspace   ] GC(904) Metaspace: 35328K(35968K)->35328K(35968K) NonClass: 29056K(29504K)->29056K(29504K) Class: 6271K(6464K)->6271K(6464K)
[340.990s][info][gc             ] GC(904) Pause Young (Allocation Failure) 846M->565M(868M) 2.554ms
[340.990s][info][gc,cpu         ] GC(904) User=0.00s Sys=0.00s Real=0.00s
[341.211s][info][gc,start       ] GC(905) Pause Young (Allocation Failure)
[341.214s][info][gc,heap        ] GC(905) PSYoungGen: 287776K(309760K)->64K(309760K) Eden: 287744K(287744K)->0K(290816K) From: 32K(22016K)->64K(18944K)
[341.214s][info][gc,heap        ] GC(905) ParOldGen: 579051K(579072K)->579051K(579072K)
[341.214s][info][gc,metaspace   ] GC(905) Metaspace: 35328K(35968K)->35328K(35968K) NonClass: 29056K(29504K)->29056K(29504K) Class: 6271K(6464K)->6271K(6464K)
[341.214s][info][gc             ] GC(905) Pause Young (Allocation Failure) 846M->565M(868M) 2.660ms
[341.214s][info][gc,cpu         ] GC(905) User=0.00s Sys=0.00s Real=0.00s
[341.523s][info][gc,start       ] GC(906) Pause Young (Allocation Failure)
[341.526s][info][gc,heap        ] GC(906) PSYoungGen: 290880K(309760K)->32K(310784K) Eden: 290816K(290816K)->0K(290816K) From: 64K(18944K)->32K(19968K)
[341.526s][info][gc,heap        ] GC(906) ParOldGen: 579051K(579072K)->579051K(579072K)
[341.526s][info][gc,metaspace   ] GC(906) Metaspace: 35328K(35968K)->35328K(35968K) NonClass: 29056K(29504K)->29056K(29504K) Class: 6271K(6464K)->6271K(6464K)
[341.526s][info][gc             ] GC(906) Pause Young (Allocation Failure) 849M->565M(869M) 2.944ms
[341.526s][info][gc,cpu         ] GC(906) User=0.00s Sys=0.00s Real=0.00s
[341.580s][info][gc,start       ] GC(907) Pause Young (Allocation Failure)
[341.582s][info][gc,heap        ] GC(907) PSYoungGen: 290848K(310784K)->64K(311808K) Eden: 290816K(290816K)->0K(294912K) From: 32K(19968K)->64K(16896K)
[341.582s][info][gc,heap        ] GC(907) ParOldGen: 579051K(579072K)->579067K(579072K)
[341.582s][info][gc,metaspace   ] GC(907) Metaspace: 35328K(35968K)->35328K(35968K) NonClass: 29056K(29504K)->29056K(29504K) Class: 6271K(6464K)->6271K(6464K)
[341.582s][info][gc             ] GC(907) Pause Young (Allocation Failure) 849M->565M(870M) 1.897ms
[341.582s][info][gc,cpu         ] GC(907) User=0.00s Sys=0.00s Real=0.01s
[341.672s][info][gc,start       ] GC(908) Pause Young (Allocation Failure)
[341.674s][info][gc,heap        ] GC(908) PSYoungGen: 294976K(311808K)->64K(312832K) Eden: 294912K(294912K)->0K(294912K) From: 64K(16896K)->64K(17920K)
[341.674s][info][gc,heap        ] GC(908) ParOldGen: 579067K(579072K)->579067K(579072K)
[341.674s][info][gc,metaspace   ] GC(908) Metaspace: 35328K(35968K)->35328K(35968K) NonClass: 29056K(29504K)->29056K(29504K) Class: 6271K(6464K)->6271K(6464K)
[341.674s][info][gc             ] GC(908) Pause Young (Allocation Failure) 853M->565M(871M) 1.853ms
[341.674s][info][gc,cpu         ] GC(908) User=0.00s Sys=0.00s Real=0.00s
[341.895s][info][gc,start       ] GC(909) Pause Young (Allocation Failure)
[341.896s][info][gc,heap        ] GC(909) PSYoungGen: 294976K(312832K)->64K(313856K) Eden: 294912K(294912K)->0K(299008K) From: 64K(17920K)->64K(14848K)
[341.897s][info][gc,heap        ] GC(909) ParOldGen: 579067K(579072K)->579083K(579584K)
[341.897s][info][gc,metaspace   ] GC(909) Metaspace: 35328K(35968K)->35328K(35968K) NonClass: 29056K(29504K)->29056K(29504K) Class: 6271K(6464K)->6271K(6464K)
[341.897s][info][gc             ] GC(909) Pause Young (Allocation Failure) 853M->565M(872M) 1.952ms
[341.897s][info][gc,cpu         ] GC(909) User=0.00s Sys=0.00s Real=0.00s
[342.097s][info][gc,start       ] GC(910) Pause Young (Allocation Failure)
[342.099s][info][gc,heap        ] GC(910) PSYoungGen: 299072K(313856K)->64K(314880K) Eden: 299008K(299008K)->0K(299008K) From: 64K(14848K)->64K(15872K)
[342.099s][info][gc,heap        ] GC(910) ParOldGen: 579083K(579584K)->579083K(579584K)
[342.099s][info][gc,metaspace   ] GC(910) Metaspace: 35328K(35968K)->35328K(35968K) NonClass: 29056K(29504K)->29056K(29504K) Class: 6271K(6464K)->6271K(6464K)
[342.099s][info][gc             ] GC(910) Pause Young (Allocation Failure) 857M->565M(873M) 1.914ms
[342.099s][info][gc,cpu         ] GC(910) User=0.01s Sys=0.00s Real=0.00s
[342.181s][info][gc,start       ] GC(911) Pause Young (Allocation Failure)
[342.183s][info][gc,heap        ] GC(911) PSYoungGen: 299072K(314880K)->64K(315904K) Eden: 299008K(299008K)->0K(303104K) From: 64K(15872K)->64K(12800K)
[342.183s][info][gc,heap        ] GC(911) ParOldGen: 579083K(579584K)->579099K(579584K)
[342.183s][info][gc,metaspace   ] GC(911) Metaspace: 35328K(35968K)->35328K(35968K) NonClass: 29056K(29504K)->29056K(29504K) Class: 6271K(6464K)->6271K(6464K)
[342.183s][info][gc             ] GC(911) Pause Young (Allocation Failure) 857M->565M(874M) 1.909ms
[342.183s][info][gc,cpu         ] GC(911) User=0.00s Sys=0.00s Real=0.00s
[342.322s][info][gc,start       ] GC(912) Pause Young (Allocation Failure)
[342.324s][info][gc,heap        ] GC(912) PSYoungGen: 303168K(315904K)->64K(316928K) Eden: 303104K(303104K)->0K(303104K) From: 64K(12800K)->64K(13824K)
[342.324s][info][gc,heap        ] GC(912) ParOldGen: 579099K(579584K)->579099K(579584K)
[342.324s][info][gc,metaspace   ] GC(912) Metaspace: 35328K(35968K)->35328K(35968K) NonClass: 29056K(29504K)->29056K(29504K) Class: 6271K(6464K)->6271K(6464K)
[342.324s][info][gc             ] GC(912) Pause Young (Allocation Failure) 861M->565M(875M) 1.870ms
[342.324s][info][gc,cpu         ] GC(912) User=0.00s Sys=0.00s Real=0.00s
[342.709s][info][gc,start       ] GC(913) Pause Young (Allocation Failure)
[342.711s][info][gc,heap        ] GC(913) PSYoungGen: 303168K(316928K)->64K(317440K) Eden: 303104K(303104K)->0K(306688K) From: 64K(13824K)->64K(10752K)
[342.711s][info][gc,heap        ] GC(913) ParOldGen: 579099K(579584K)->579107K(579584K)
[342.711s][info][gc,metaspace   ] GC(913) Metaspace: 35328K(35968K)->35328K(35968K) NonClass: 29056K(29504K)->29056K(29504K) Class: 6271K(6464K)->6271K(6464K)
[342.711s][info][gc             ] GC(913) Pause Young (Allocation Failure) 861M->565M(876M) 1.896ms
[342.711s][info][gc,cpu         ] GC(913) User=0.01s Sys=0.00s Real=0.01s
[343.403s][info][gc,start       ] GC(914) Pause Young (Allocation Failure)
[343.405s][info][gc,heap        ] GC(914) PSYoungGen: 306752K(317440K)->64K(318976K) Eden: 306688K(306688K)->0K(306688K) From: 64K(10752K)->64K(12288K)
[343.405s][info][gc,heap        ] GC(914) ParOldGen: 579107K(579584K)->579115K(579584K)
[343.405s][info][gc,metaspace   ] GC(914) Metaspace: 35328K(35968K)->35328K(35968K) NonClass: 29056K(29504K)->29056K(29504K) Class: 6271K(6464K)->6271K(6464K)
[343.405s][info][gc             ] GC(914) Pause Young (Allocation Failure) 865M->565M(877M) 2.524ms
[343.405s][info][gc,cpu         ] GC(914) User=0.01s Sys=0.00s Real=0.00s
[344.383s][info][gc,start       ] GC(915) Pause Young (Allocation Failure)
[344.387s][info][gc,heap        ] GC(915) PSYoungGen: 306752K(318976K)->64K(294912K) Eden: 306688K(306688K)->0K(294400K) From: 64K(12288K)->64K(512K)
[344.387s][info][gc,heap        ] GC(915) ParOldGen: 579115K(579584K)->579123K(579584K)
[344.387s][info][gc,metaspace   ] GC(915) Metaspace: 35328K(35968K)->35328K(35968K) NonClass: 29056K(29504K)->29056K(29504K) Class: 6271K(6464K)->6271K(6464K)
[344.387s][info][gc             ] GC(915) Pause Young (Allocation Failure) 865M->565M(854M) 3.998ms
[344.387s][info][gc,cpu         ] GC(915) User=0.00s Sys=0.00s Real=0.00s
[344.848s][info][gc,start       ] GC(916) Pause Young (Allocation Failure)
[344.851s][info][gc,heap        ] GC(916) PSYoungGen: 294464K(294912K)->32K(293376K) Eden: 294400K(294400K)->0K(282624K) From: 64K(512K)->32K(10752K)
[344.851s][info][gc,heap        ] GC(916) ParOldGen: 579123K(579584K)->579131K(579584K)
[344.851s][info][gc,metaspace   ] GC(916) Metaspace: 35328K(35968K)->35328K(35968K) NonClass: 29056K(29504K)->29056K(29504K) Class: 6271K(6464K)->6271K(6464K)
[344.851s][info][gc             ] GC(916) Pause Young (Allocation Failure) 853M->565M(852M) 3.092ms
[344.851s][info][gc,cpu         ] GC(916) User=0.00s Sys=0.00s Real=0.00s
[345.862s][info][gc,start       ] GC(917) Pause Young (Allocation Failure)
[345.865s][info][gc,heap        ] GC(917) PSYoungGen: 282656K(293376K)->64K(271872K) Eden: 282624K(282624K)->0K(271360K) From: 32K(10752K)->64K(512K)
[345.865s][info][gc,heap        ] GC(917) ParOldGen: 579131K(579584K)->579139K(579584K)
[345.865s][info][gc,metaspace   ] GC(917) Metaspace: 35328K(35968K)->35328K(35968K) NonClass: 29056K(29504K)->29056K(29504K) Class: 6271K(6464K)->6271K(6464K)
[345.865s][info][gc             ] GC(917) Pause Young (Allocation Failure) 841M->565M(831M) 3.215ms
[345.865s][info][gc,cpu         ] GC(917) User=0.01s Sys=0.00s Real=0.00s
[346.285s][info][gc,start       ] GC(918) Pause Young (Allocation Failure)
[346.287s][info][gc,heap        ] GC(918) PSYoungGen: 271424K(271872K)->64K(269824K) Eden: 271360K(271360K)->0K(260608K) From: 64K(512K)->64K(9216K)
[346.287s][info][gc,heap        ] GC(918) ParOldGen: 579139K(579584K)->579147K(579584K)
[346.287s][info][gc,metaspace   ] GC(918) Metaspace: 35328K(35968K)->35328K(35968K) NonClass: 29056K(29504K)->29056K(29504K) Class: 6271K(6464K)->6271K(6464K)
[346.287s][info][gc             ] GC(918) Pause Young (Allocation Failure) 830M->565M(829M) 2.520ms
[346.287s][info][gc,cpu         ] GC(918) User=0.01s Sys=0.00s Real=0.00s
[346.455s][info][gc,start       ] GC(919) Pause Young (Allocation Failure)
[346.457s][info][gc,heap        ] GC(919) PSYoungGen: 260672K(269824K)->64K(250880K) Eden: 260608K(260608K)->0K(250368K) From: 64K(9216K)->64K(512K)
[346.457s][info][gc,heap        ] GC(919) ParOldGen: 579147K(579584K)->579155K(579584K)
[346.457s][info][gc,metaspace   ] GC(919) Metaspace: 35328K(35968K)->35328K(35968K) NonClass: 29056K(29504K)->29056K(29504K) Class: 6271K(6464K)->6271K(6464K)
[346.457s][info][gc             ] GC(919) Pause Young (Allocation Failure) 820M->565M(811M) 2.088ms
[346.457s][info][gc,cpu         ] GC(919) User=0.01s Sys=0.00s Real=0.00s
[346.686s][info][gc,start       ] GC(920) Pause Young (Allocation Failure)
[346.687s][info][gc,heap        ] GC(920) PSYoungGen: 250432K(250880K)->64K(248832K) Eden: 250368K(250368K)->0K(240640K) From: 64K(512K)->64K(8192K)
[346.687s][info][gc,heap        ] GC(920) ParOldGen: 579155K(579584K)->579163K(579584K)
[346.687s][info][gc,metaspace   ] GC(920) Metaspace: 35328K(35968K)->35328K(35968K) NonClass: 29056K(29504K)->29056K(29504K) Class: 6271K(6464K)->6271K(6464K)
[346.687s][info][gc             ] GC(920) Pause Young (Allocation Failure) 810M->565M(809M) 1.756ms
[346.687s][info][gc,cpu         ] GC(920) User=0.01s Sys=0.00s Real=0.00s
[347.170s][info][gc,start       ] GC(921) Pause Young (Allocation Failure)
[347.172s][info][gc,heap        ] GC(921) PSYoungGen: 240704K(248832K)->64K(231936K) Eden: 240640K(240640K)->0K(231424K) From: 64K(8192K)->64K(512K)
[347.172s][info][gc,heap        ] GC(921) ParOldGen: 579163K(579584K)->579171K(579584K)
[347.172s][info][gc,metaspace   ] GC(921) Metaspace: 35328K(35968K)->35328K(35968K) NonClass: 29056K(29504K)->29056K(29504K) Class: 6271K(6464K)->6271K(6464K)
[347.172s][info][gc             ] GC(921) Pause Young (Allocation Failure) 800M->565M(792M) 2.572ms
[347.172s][info][gc,cpu         ] GC(921) User=0.00s Sys=0.01s Real=0.01s
[347.518s][info][gc,start       ] GC(922) Pause Young (Allocation Failure)
[347.521s][info][gc,heap        ] GC(922) PSYoungGen: 231488K(231936K)->64K(229888K) Eden: 231424K(231424K)->0K(222720K) From: 64K(512K)->64K(7168K)
[347.521s][info][gc,heap        ] GC(922) ParOldGen: 579171K(579584K)->579179K(579584K)
[347.521s][info][gc,metaspace   ] GC(922) Metaspace: 35328K(35968K)->35328K(35968K) NonClass: 29056K(29504K)->29056K(29504K) Class: 6271K(6464K)->6271K(6464K)
[347.521s][info][gc             ] GC(922) Pause Young (Allocation Failure) 791M->565M(790M) 3.296ms
[347.521s][info][gc,cpu         ] GC(922) User=0.01s Sys=0.00s Real=0.01s
[347.788s][info][gc,start       ] GC(923) Pause Young (Allocation Failure)
[347.837s][info][gc,heap        ] GC(923) PSYoungGen: 222784K(229888K)->6656K(273408K) Eden: 222720K(222720K)->0K(266752K) From: 64K(7168K)->6656K(6656K)
[347.837s][info][gc,heap        ] GC(923) ParOldGen: 579179K(579584K)->595619K(595968K)
[347.837s][info][gc,metaspace   ] GC(923) Metaspace: 35328K(35968K)->35328K(35968K) NonClass: 29056K(29504K)->29056K(29504K) Class: 6271K(6464K)->6271K(6464K)
[347.837s][info][gc             ] GC(923) Pause Young (Allocation Failure) 783M->588M(849M) 49.380ms
[347.838s][info][gc,cpu         ] GC(923) User=0.08s Sys=0.01s Real=0.05s
[348.138s][info][gc,start       ] GC(924) Pause Young (Allocation Failure)
[348.195s][info][gc,heap        ] GC(924) PSYoungGen: 273408K(273408K)->14336K(283136K) Eden: 266752K(266752K)->0K(268800K) From: 6656K(6656K)->14336K(14336K)
[348.195s][info][gc,heap        ] GC(924) ParOldGen: 595619K(595968K)->610195K(610304K)
[348.195s][info][gc,metaspace   ] GC(924) Metaspace: 35328K(35968K)->35328K(35968K) NonClass: 29056K(29504K)->29056K(29504K) Class: 6271K(6464K)->6271K(6464K)
[348.195s][info][gc             ] GC(924) Pause Young (Allocation Failure) 848M->609M(872M) 57.274ms
[348.195s][info][gc,cpu         ] GC(924) User=0.10s Sys=0.01s Real=0.06s
[348.418s][info][gc,start       ] GC(925) Pause Young (Allocation Failure)
[348.459s][info][gc,heap        ] GC(925) PSYoungGen: 283136K(283136K)->17568K(305664K) Eden: 268800K(268800K)->0K(282624K) From: 14336K(14336K)->17568K(23040K)
[348.459s][info][gc,heap        ] GC(925) ParOldGen: 610195K(610304K)->610723K(610816K)
[348.459s][info][gc,metaspace   ] GC(925) Metaspace: 35328K(35968K)->35328K(35968K) NonClass: 29056K(29504K)->29056K(29504K) Class: 6271K(6464K)->6271K(6464K)
[348.459s][info][gc             ] GC(925) Pause Young (Allocation Failure) 872M->613M(895M) 40.415ms
[348.459s][info][gc,cpu         ] GC(925) User=0.06s Sys=0.02s Real=0.04s
[348.738s][info][gc,start       ] GC(926) Pause Young (Allocation Failure)
[348.740s][info][gc,heap        ] GC(926) PSYoungGen: 300192K(305664K)->64K(308224K) Eden: 282624K(282624K)->0K(282624K) From: 17568K(23040K)->64K(25600K)
[348.740s][info][gc,heap        ] GC(926) ParOldGen: 610723K(610816K)->610731K(610816K)
[348.740s][info][gc,metaspace   ] GC(926) Metaspace: 35328K(35968K)->35328K(35968K) NonClass: 29056K(29504K)->29056K(29504K) Class: 6271K(6464K)->6271K(6464K)
[348.740s][info][gc             ] GC(926) Pause Young (Allocation Failure) 889M->596M(897M) 1.959ms
[348.740s][info][gc,cpu         ] GC(926) User=0.00s Sys=0.00s Real=0.00s
[349.411s][info][gc,start       ] GC(927) Pause Young (Allocation Failure)
[349.413s][info][gc,heap        ] GC(927) PSYoungGen: 282688K(308224K)->64K(305664K) Eden: 282624K(282624K)->0K(283136K) From: 64K(25600K)->64K(22528K)
[349.413s][info][gc,heap        ] GC(927) ParOldGen: 610731K(610816K)->610739K(610816K)
[349.413s][info][gc,metaspace   ] GC(927) Metaspace: 35328K(35968K)->35328K(35968K) NonClass: 29056K(29504K)->29056K(29504K) Class: 6271K(6464K)->6271K(6464K)
[349.413s][info][gc             ] GC(927) Pause Young (Allocation Failure) 872M->596M(895M) 2.046ms
[349.413s][info][gc,cpu         ] GC(927) User=0.00s Sys=0.00s Real=0.00s
[349.680s][info][gc,start       ] GC(928) Pause Young (Allocation Failure)
[349.682s][info][gc,heap        ] GC(928) PSYoungGen: 283200K(305664K)->64K(307200K) Eden: 283136K(283136K)->0K(283136K) From: 64K(22528K)->64K(24064K)
[349.682s][info][gc,heap        ] GC(928) ParOldGen: 610739K(610816K)->610755K(610816K)
[349.682s][info][gc,metaspace   ] GC(928) Metaspace: 35328K(35968K)->35328K(35968K) NonClass: 29056K(29504K)->29056K(29504K) Class: 6271K(6464K)->6271K(6464K)
[349.682s][info][gc             ] GC(928) Pause Young (Allocation Failure) 872M->596M(896M) 2.004ms
[349.682s][info][gc,cpu         ] GC(928) User=0.00s Sys=0.00s Real=0.01s
[350.099s][info][gc,start       ] GC(929) Pause Young (Allocation Failure)
[350.101s][info][gc,heap        ] GC(929) PSYoungGen: 283200K(307200K)->64K(307200K) Eden: 283136K(283136K)->0K(286720K) From: 64K(24064K)->64K(20480K)
[350.101s][info][gc,heap        ] GC(929) ParOldGen: 610755K(610816K)->610763K(610816K)
[350.101s][info][gc,metaspace   ] GC(929) Metaspace: 35328K(35968K)->35328K(35968K) NonClass: 29056K(29504K)->29056K(29504K) Class: 6271K(6464K)->6271K(6464K)
[350.101s][info][gc             ] GC(929) Pause Young (Allocation Failure) 873M->596M(896M) 1.968ms
[350.101s][info][gc,cpu         ] GC(929) User=0.01s Sys=0.00s Real=0.01s
[350.316s][info][gc,start       ] GC(930) Pause Young (Allocation Failure)
[350.318s][info][gc,heap        ] GC(930) PSYoungGen: 286784K(307200K)->64K(308736K) Eden: 286720K(286720K)->0K(286720K) From: 64K(20480K)->64K(22016K)
[350.318s][info][gc,heap        ] GC(930) ParOldGen: 610763K(610816K)->610779K(610816K)
[350.318s][info][gc,metaspace   ] GC(930) Metaspace: 35328K(35968K)->35328K(35968K) NonClass: 29056K(29504K)->29056K(29504K) Class: 6271K(6464K)->6271K(6464K)
[350.318s][info][gc             ] GC(930) Pause Young (Allocation Failure) 876M->596M(898M) 2.107ms
[350.318s][info][gc,cpu         ] GC(930) User=0.01s Sys=0.00s Real=0.00s
[350.654s][info][gc,start       ] GC(931) Pause Young (Allocation Failure)
[350.656s][info][gc,heap        ] GC(931) PSYoungGen: 286784K(308736K)->64K(309248K) Eden: 286720K(286720K)->0K(290816K) From: 64K(22016K)->64K(18432K)
[350.656s][info][gc,heap        ] GC(931) ParOldGen: 610779K(610816K)->610779K(610816K)
[350.656s][info][gc,metaspace   ] GC(931) Metaspace: 35328K(35968K)->35328K(35968K) NonClass: 29056K(29504K)->29056K(29504K) Class: 6271K(6464K)->6271K(6464K)
[350.656s][info][gc             ] GC(931) Pause Young (Allocation Failure) 876M->596M(898M) 1.910ms
[350.656s][info][gc,cpu         ] GC(931) User=0.00s Sys=0.00s Real=0.00s
[350.831s][info][gc,start       ] GC(932) Pause Young (Allocation Failure)
[350.833s][info][gc,heap        ] GC(932) PSYoungGen: 290880K(309248K)->64K(310784K) Eden: 290816K(290816K)->0K(290816K) From: 64K(18432K)->64K(19968K)
[350.833s][info][gc,heap        ] GC(932) ParOldGen: 610779K(610816K)->610787K(610816K)
[350.833s][info][gc,metaspace   ] GC(932) Metaspace: 35328K(35968K)->35328K(35968K) NonClass: 29056K(29504K)->29056K(29504K) Class: 6271K(6464K)->6271K(6464K)
[350.833s][info][gc             ] GC(932) Pause Young (Allocation Failure) 880M->596M(900M) 2.019ms
[350.833s][info][gc,cpu         ] GC(932) User=0.00s Sys=0.00s Real=0.01s
[350.887s][info][gc,start       ] GC(933) Pause Young (Allocation Failure)
[350.889s][info][gc,heap        ] GC(933) PSYoungGen: 290880K(310784K)->64K(311296K) Eden: 290816K(290816K)->0K(294912K) From: 64K(19968K)->64K(16384K)
[350.889s][info][gc,heap        ] GC(933) ParOldGen: 610787K(610816K)->610803K(610816K)
[350.889s][info][gc,metaspace   ] GC(933) Metaspace: 35328K(35968K)->35328K(35968K) NonClass: 29056K(29504K)->29056K(29504K) Class: 6271K(6464K)->6271K(6464K)
[350.889s][info][gc             ] GC(933) Pause Young (Allocation Failure) 880M->596M(900M) 1.938ms
[350.889s][info][gc,cpu         ] GC(933) User=0.01s Sys=0.00s Real=0.00s
[350.977s][info][gc,start       ] GC(934) Pause Young (Allocation Failure)
[350.979s][info][gc,heap        ] GC(934) PSYoungGen: 294976K(311296K)->64K(312832K) Eden: 294912K(294912K)->0K(294912K) From: 64K(16384K)->64K(17920K)
[350.979s][info][gc,heap        ] GC(934) ParOldGen: 610803K(610816K)->610803K(610816K)
[350.979s][info][gc,metaspace   ] GC(934) Metaspace: 35328K(35968K)->35328K(35968K) NonClass: 29056K(29504K)->29056K(29504K) Class: 6271K(6464K)->6271K(6464K)
[350.979s][info][gc             ] GC(934) Pause Young (Allocation Failure) 884M->596M(902M) 1.975ms
[350.979s][info][gc,cpu         ] GC(934) User=0.01s Sys=0.00s Real=0.00s
[351.202s][info][gc,start       ] GC(935) Pause Young (Allocation Failure)
[351.204s][info][gc,heap        ] GC(935) PSYoungGen: 294976K(312832K)->64K(313344K) Eden: 294912K(294912K)->0K(299008K) From: 64K(17920K)->64K(14336K)
[351.204s][info][gc,heap        ] GC(935) ParOldGen: 610803K(610816K)->610819K(611328K)
[351.204s][info][gc,metaspace   ] GC(935) Metaspace: 35328K(35968K)->35328K(35968K) NonClass: 29056K(29504K)->29056K(29504K) Class: 6271K(6464K)->6271K(6464K)
[351.204s][info][gc             ] GC(935) Pause Young (Allocation Failure) 884M->596M(903M) 2.019ms
[351.204s][info][gc,cpu         ] GC(935) User=0.00s Sys=0.00s Real=0.00s
[351.400s][info][gc,start       ] GC(936) Pause Young (Allocation Failure)
[351.402s][info][gc,heap        ] GC(936) PSYoungGen: 299072K(313344K)->64K(314880K) Eden: 299008K(299008K)->0K(299008K) From: 64K(14336K)->64K(15872K)
[351.402s][info][gc,heap        ] GC(936) ParOldGen: 610819K(611328K)->610819K(611328K)
[351.402s][info][gc,metaspace   ] GC(936) Metaspace: 35328K(35968K)->35328K(35968K) NonClass: 29056K(29504K)->29056K(29504K) Class: 6271K(6464K)->6271K(6464K)
[351.402s][info][gc             ] GC(936) Pause Young (Allocation Failure) 888M->596M(904M) 1.950ms
[351.402s][info][gc,cpu         ] GC(936) User=0.00s Sys=0.00s Real=0.01s
[351.482s][info][gc,start       ] GC(937) Pause Young (Allocation Failure)
[351.484s][info][gc,heap        ] GC(937) PSYoungGen: 299072K(314880K)->64K(315392K) Eden: 299008K(299008K)->0K(302592K) From: 64K(15872K)->64K(12800K)
[351.484s][info][gc,heap        ] GC(937) ParOldGen: 610819K(611328K)->610835K(611328K)
[351.484s][info][gc,metaspace   ] GC(937) Metaspace: 35328K(35968K)->35328K(35968K) NonClass: 29056K(29504K)->29056K(29504K) Class: 6271K(6464K)->6271K(6464K)
[351.484s][info][gc             ] GC(937) Pause Young (Allocation Failure) 888M->596M(905M) 1.946ms
[351.484s][info][gc,cpu         ] GC(937) User=0.00s Sys=0.00s Real=0.00s
[351.620s][info][gc,start       ] GC(938) Pause Young (Allocation Failure)
[351.622s][info][gc,heap        ] GC(938) PSYoungGen: 302656K(315392K)->64K(316928K) Eden: 302592K(302592K)->0K(302592K) From: 64K(12800K)->64K(14336K)
[351.622s][info][gc,heap        ] GC(938) ParOldGen: 610835K(611328K)->610835K(611328K)
[351.622s][info][gc,metaspace   ] GC(938) Metaspace: 35328K(35968K)->35328K(35968K) NonClass: 29056K(29504K)->29056K(29504K) Class: 6271K(6464K)->6271K(6464K)
[351.622s][info][gc             ] GC(938) Pause Young (Allocation Failure) 892M->596M(906M) 1.919ms
[351.622s][info][gc,cpu         ] GC(938) User=0.00s Sys=0.00s Real=0.01s
[352.010s][info][gc,start       ] GC(939) Pause Young (Allocation Failure)
[352.012s][info][gc,heap        ] GC(939) PSYoungGen: 302656K(316928K)->64K(316928K) Eden: 302592K(302592K)->0K(306176K) From: 64K(14336K)->64K(10752K)
[352.012s][info][gc,heap        ] GC(939) ParOldGen: 610835K(611328K)->610843K(611328K)
[352.012s][info][gc,metaspace   ] GC(939) Metaspace: 35328K(35968K)->35328K(35968K) NonClass: 29056K(29504K)->29056K(29504K) Class: 6271K(6464K)->6271K(6464K)
[352.012s][info][gc             ] GC(939) Pause Young (Allocation Failure) 892M->596M(906M) 1.993ms
[352.012s][info][gc,cpu         ] GC(939) User=0.00s Sys=0.00s Real=0.01s
[352.719s][info][gc,start       ] GC(940) Pause Young (Allocation Failure)
[352.721s][info][gc,heap        ] GC(940) PSYoungGen: 306240K(316928K)->64K(318464K) Eden: 306176K(306176K)->0K(306176K) From: 64K(10752K)->64K(12288K)
[352.721s][info][gc,heap        ] GC(940) ParOldGen: 610843K(611328K)->610851K(611328K)
[352.721s][info][gc,metaspace   ] GC(940) Metaspace: 35328K(35968K)->35328K(35968K) NonClass: 29056K(29504K)->29056K(29504K) Class: 6271K(6464K)->6271K(6464K)
[352.721s][info][gc             ] GC(940) Pause Young (Allocation Failure) 895M->596M(908M) 1.941ms
[352.721s][info][gc,cpu         ] GC(940) User=0.01s Sys=0.00s Real=0.01s
[353.719s][info][gc,start       ] GC(941) Pause Young (Allocation Failure)
[353.721s][info][gc,heap        ] GC(941) PSYoungGen: 306240K(318464K)->64K(294400K) Eden: 306176K(306176K)->0K(293888K) From: 64K(12288K)->64K(512K)
[353.721s][info][gc,heap        ] GC(941) ParOldGen: 610851K(611328K)->610859K(611328K)
[353.721s][info][gc,metaspace   ] GC(941) Metaspace: 35328K(35968K)->35328K(35968K) NonClass: 29056K(29504K)->29056K(29504K) Class: 6271K(6464K)->6271K(6464K)
[353.721s][info][gc             ] GC(941) Pause Young (Allocation Failure) 895M->596M(884M) 2.310ms
[353.721s][info][gc,cpu         ] GC(941) User=0.00s Sys=0.00s Real=0.01s
[354.183s][info][gc,start       ] GC(942) Pause Young (Allocation Failure)
[354.185s][info][gc,heap        ] GC(942) PSYoungGen: 293952K(294400K)->64K(292864K) Eden: 293888K(293888K)->0K(282112K) From: 64K(512K)->64K(10752K)
[354.185s][info][gc,heap        ] GC(942) ParOldGen: 610859K(611328K)->610867K(611328K)
[354.185s][info][gc,metaspace   ] GC(942) Metaspace: 35328K(35968K)->35328K(35968K) NonClass: 29056K(29504K)->29056K(29504K) Class: 6271K(6464K)->6271K(6464K)
[354.185s][info][gc             ] GC(942) Pause Young (Allocation Failure) 883M->596M(883M) 1.907ms
[354.185s][info][gc,cpu         ] GC(942) User=0.01s Sys=0.00s Real=0.00s
[355.155s][info][gc,start       ] GC(943) Pause Young (Allocation Failure)
[355.157s][info][gc,heap        ] GC(943) PSYoungGen: 282176K(292864K)->64K(271360K) Eden: 282112K(282112K)->0K(270848K) From: 64K(10752K)->64K(512K)
[355.157s][info][gc,heap        ] GC(943) ParOldGen: 610867K(611328K)->610875K(611328K)
[355.157s][info][gc,metaspace   ] GC(943) Metaspace: 35328K(35968K)->35328K(35968K) NonClass: 29056K(29504K)->29056K(29504K) Class: 6271K(6464K)->6271K(6464K)
[355.157s][info][gc             ] GC(943) Pause Young (Allocation Failure) 872M->596M(862M) 2.556ms
[355.157s][info][gc,cpu         ] GC(943) User=0.01s Sys=0.00s Real=0.00s
[355.576s][info][gc,start       ] GC(944) Pause Young (Allocation Failure)
[355.579s][info][gc,heap        ] GC(944) PSYoungGen: 270912K(271360K)->64K(269824K) Eden: 270848K(270848K)->0K(260096K) From: 64K(512K)->64K(9728K)
[355.579s][info][gc,heap        ] GC(944) ParOldGen: 610875K(611328K)->610883K(611328K)
[355.579s][info][gc,metaspace   ] GC(944) Metaspace: 35328K(35968K)->35328K(35968K) NonClass: 29056K(29504K)->29056K(29504K) Class: 6271K(6464K)->6271K(6464K)
[355.579s][info][gc             ] GC(944) Pause Young (Allocation Failure) 861M->596M(860M) 2.414ms
[355.579s][info][gc,cpu         ] GC(944) User=0.01s Sys=0.00s Real=0.00s
[355.753s][info][gc,start       ] GC(945) Pause Young (Allocation Failure)
[355.756s][info][gc,heap        ] GC(945) PSYoungGen: 260160K(269824K)->64K(250368K) Eden: 260096K(260096K)->0K(249856K) From: 64K(9728K)->64K(512K)
[355.756s][info][gc,heap        ] GC(945) ParOldGen: 610883K(611328K)->610891K(611328K)
[355.756s][info][gc,metaspace   ] GC(945) Metaspace: 35328K(35968K)->35328K(35968K) NonClass: 29056K(29504K)->29056K(29504K) Class: 6271K(6464K)->6271K(6464K)
[355.756s][info][gc             ] GC(945) Pause Young (Allocation Failure) 850M->596M(841M) 2.716ms
[355.756s][info][gc,cpu         ] GC(945) User=0.00s Sys=0.01s Real=0.00s
[355.995s][info][gc,start       ] GC(946) Pause Young (Allocation Failure)
[355.998s][info][gc,heap        ] GC(946) PSYoungGen: 249920K(250368K)->64K(248320K) Eden: 249856K(249856K)->0K(240128K) From: 64K(512K)->64K(8192K)
[355.998s][info][gc,heap        ] GC(946) ParOldGen: 610891K(611328K)->610907K(611328K)
[355.998s][info][gc,metaspace   ] GC(946) Metaspace: 35328K(35968K)->35328K(35968K) NonClass: 29056K(29504K)->29056K(29504K) Class: 6271K(6464K)->6271K(6464K)
[355.998s][info][gc             ] GC(946) Pause Young (Allocation Failure) 840M->596M(839M) 3.491ms
[355.998s][info][gc,cpu         ] GC(946) User=0.00s Sys=0.00s Real=0.00s
[356.490s][info][gc,start       ] GC(947) Pause Young (Allocation Failure)
[356.494s][info][gc,heap        ] GC(947) PSYoungGen: 240192K(248320K)->64K(231424K) Eden: 240128K(240128K)->0K(230912K) From: 64K(8192K)->64K(512K)
[356.494s][info][gc,heap        ] GC(947) ParOldGen: 610907K(611328K)->610923K(611328K)
[356.494s][info][gc,metaspace   ] GC(947) Metaspace: 35328K(35968K)->35328K(35968K) NonClass: 29056K(29504K)->29056K(29504K) Class: 6271K(6464K)->6271K(6464K)
[356.494s][info][gc             ] GC(947) Pause Young (Allocation Failure) 831M->596M(823M) 4.337ms
[356.494s][info][gc,cpu         ] GC(947) User=0.01s Sys=0.00s Real=0.01s
[356.841s][info][gc,start       ] GC(948) Pause Young (Allocation Failure)
[356.845s][info][gc,heap        ] GC(948) PSYoungGen: 230976K(231424K)->64K(229376K) Eden: 230912K(230912K)->0K(222208K) From: 64K(512K)->64K(7168K)
[356.845s][info][gc,heap        ] GC(948) ParOldGen: 610923K(611328K)->610939K(611328K)
[356.845s][info][gc,metaspace   ] GC(948) Metaspace: 35328K(35968K)->35328K(35968K) NonClass: 29056K(29504K)->29056K(29504K) Class: 6271K(6464K)->6271K(6464K)
[356.845s][info][gc             ] GC(948) Pause Young (Allocation Failure) 822M->596M(821M) 3.536ms
[356.845s][info][gc,cpu         ] GC(948) User=0.00s Sys=0.00s Real=0.00s
[357.109s][info][gc,start       ] GC(949) Pause Young (Allocation Failure)
[357.160s][info][gc,heap        ] GC(949) PSYoungGen: 222272K(229376K)->6656K(272896K) Eden: 222208K(222208K)->0K(266240K) From: 64K(7168K)->6656K(6656K)
[357.160s][info][gc,heap        ] GC(949) ParOldGen: 610939K(611328K)->627443K(627712K)
[357.160s][info][gc,metaspace   ] GC(949) Metaspace: 35328K(35968K)->35328K(35968K) NonClass: 29056K(29504K)->29056K(29504K) Class: 6271K(6464K)->6271K(6464K)
[357.160s][info][gc             ] GC(949) Pause Young (Allocation Failure) 813M->619M(879M) 51.361ms
[357.160s][info][gc,cpu         ] GC(949) User=0.08s Sys=0.01s Real=0.05s
[357.474s][info][gc,start       ] GC(950) Pause Young (Allocation Failure)
[357.532s][info][gc,heap        ] GC(950) PSYoungGen: 272896K(272896K)->14336K(283136K) Eden: 266240K(266240K)->0K(268800K) From: 6656K(6656K)->14336K(14336K)
[357.532s][info][gc,heap        ] GC(950) ParOldGen: 627443K(627712K)->641971K(642048K)
[357.532s][info][gc,metaspace   ] GC(950) Metaspace: 35328K(35968K)->35328K(35968K) NonClass: 29056K(29504K)->29056K(29504K) Class: 6271K(6464K)->6271K(6464K)
[357.532s][info][gc             ] GC(950) Pause Young (Allocation Failure) 879M->640M(903M) 58.017ms
[357.532s][info][gc,cpu         ] GC(950) User=0.11s Sys=0.01s Real=0.06s
[357.751s][info][gc,start       ] GC(951) Pause Young (Allocation Failure)
[357.791s][info][gc,heap        ] GC(951) PSYoungGen: 283136K(283136K)->17568K(305664K) Eden: 268800K(268800K)->0K(282624K) From: 14336K(14336K)->17568K(23040K)
[357.792s][info][gc,heap        ] GC(951) ParOldGen: 641971K(642048K)->642499K(642560K)
[357.792s][info][gc,metaspace   ] GC(951) Metaspace: 35328K(35968K)->35328K(35968K) NonClass: 29056K(29504K)->29056K(29504K) Class: 6271K(6464K)->6271K(6464K)
[357.792s][info][gc             ] GC(951) Pause Young (Allocation Failure) 903M->644M(926M) 40.241ms
[357.792s][info][gc,cpu         ] GC(951) User=0.06s Sys=0.01s Real=0.04s
[358.056s][info][gc,start       ] GC(952) Pause Young (Allocation Failure)
[358.058s][info][gc,heap        ] GC(952) PSYoungGen: 300192K(305664K)->64K(308224K) Eden: 282624K(282624K)->0K(282624K) From: 17568K(23040K)->64K(25600K)
[358.058s][info][gc,heap        ] GC(952) ParOldGen: 642499K(642560K)->642507K(642560K)
[358.058s][info][gc,metaspace   ] GC(952) Metaspace: 35328K(35968K)->35328K(35968K) NonClass: 29056K(29504K)->29056K(29504K) Class: 6271K(6464K)->6271K(6464K)
[358.058s][info][gc             ] GC(952) Pause Young (Allocation Failure) 920M->627M(928M) 2.018ms
[358.058s][info][gc,cpu         ] GC(952) User=0.01s Sys=0.00s Real=0.00s
[358.731s][info][gc,start       ] GC(953) Pause Young (Allocation Failure)
[358.733s][info][gc,heap        ] GC(953) PSYoungGen: 282688K(308224K)->64K(305664K) Eden: 282624K(282624K)->0K(283136K) From: 64K(25600K)->64K(22528K)
[358.733s][info][gc,heap        ] GC(953) ParOldGen: 642507K(642560K)->642515K(642560K)
[358.733s][info][gc,metaspace   ] GC(953) Metaspace: 35328K(35968K)->35328K(35968K) NonClass: 29056K(29504K)->29056K(29504K) Class: 6271K(6464K)->6271K(6464K)
[358.733s][info][gc             ] GC(953) Pause Young (Allocation Failure) 903M->627M(926M) 2.035ms
[358.733s][info][gc,cpu         ] GC(953) User=0.00s Sys=0.00s Real=0.00s
[359.001s][info][gc,start       ] GC(954) Pause Young (Allocation Failure)
[359.003s][info][gc,heap        ] GC(954) PSYoungGen: 283200K(305664K)->64K(307200K) Eden: 283136K(283136K)->0K(283136K) From: 64K(22528K)->64K(24064K)
[359.003s][info][gc,heap        ] GC(954) ParOldGen: 642515K(642560K)->642531K(642560K)
[359.003s][info][gc,metaspace   ] GC(954) Metaspace: 35328K(35968K)->35328K(35968K) NonClass: 29056K(29504K)->29056K(29504K) Class: 6271K(6464K)->6271K(6464K)
[359.003s][info][gc             ] GC(954) Pause Young (Allocation Failure) 904M->627M(927M) 2.026ms
[359.003s][info][gc,cpu         ] GC(954) User=0.00s Sys=0.00s Real=0.00s
[359.426s][info][gc,start       ] GC(955) Pause Young (Allocation Failure)
[359.428s][info][gc,heap        ] GC(955) PSYoungGen: 283200K(307200K)->64K(307200K) Eden: 283136K(283136K)->0K(286720K) From: 64K(24064K)->64K(20480K)
[359.428s][info][gc,heap        ] GC(955) ParOldGen: 642531K(642560K)->642539K(642560K)
[359.428s][info][gc,metaspace   ] GC(955) Metaspace: 35328K(35968K)->35328K(35968K) NonClass: 29056K(29504K)->29056K(29504K) Class: 6271K(6464K)->6271K(6464K)
[359.428s][info][gc             ] GC(955) Pause Young (Allocation Failure) 904M->627M(927M) 2.050ms
[359.428s][info][gc,cpu         ] GC(955) User=0.01s Sys=0.00s Real=0.00s
[359.676s][info][gc,start       ] GC(956) Pause Young (Allocation Failure)
[359.678s][info][gc,heap        ] GC(956) PSYoungGen: 286784K(307200K)->64K(308736K) Eden: 286720K(286720K)->0K(286720K) From: 64K(20480K)->64K(22016K)
[359.678s][info][gc,heap        ] GC(956) ParOldGen: 642539K(642560K)->642555K(642560K)
[359.678s][info][gc,metaspace   ] GC(956) Metaspace: 35328K(35968K)->35328K(35968K) NonClass: 29056K(29504K)->29056K(29504K) Class: 6271K(6464K)->6271K(6464K)
[359.678s][info][gc             ] GC(956) Pause Young (Allocation Failure) 907M->627M(929M) 1.995ms
[359.678s][info][gc,cpu         ] GC(956) User=0.01s Sys=0.00s Real=0.00s
[360.023s][info][gc,start       ] GC(957) Pause Young (Allocation Failure)
[360.025s][info][gc,heap        ] GC(957) PSYoungGen: 286784K(308736K)->64K(309248K) Eden: 286720K(286720K)->0K(290816K) From: 64K(22016K)->64K(18432K)
[360.025s][info][gc,heap        ] GC(957) ParOldGen: 642555K(642560K)->642555K(642560K)
[360.025s][info][gc,metaspace   ] GC(957) Metaspace: 35328K(35968K)->35328K(35968K) NonClass: 29056K(29504K)->29056K(29504K) Class: 6271K(6464K)->6271K(6464K)
[360.025s][info][gc             ] GC(957) Pause Young (Allocation Failure) 907M->627M(929M) 2.083ms
[360.025s][info][gc,cpu         ] GC(957) User=0.00s Sys=0.00s Real=0.00s
[360.205s][info][gc,start       ] GC(958) Pause Young (Allocation Failure)
[360.207s][info][gc,heap        ] GC(958) PSYoungGen: 290880K(309248K)->64K(310784K) Eden: 290816K(290816K)->0K(290816K) From: 64K(18432K)->64K(19968K)
[360.207s][info][gc,heap        ] GC(958) ParOldGen: 642555K(642560K)->642571K(643072K)
[360.207s][info][gc,metaspace   ] GC(958) Metaspace: 35341K(35968K)->35341K(35968K) NonClass: 29069K(29504K)->29069K(29504K) Class: 6271K(6464K)->6271K(6464K)
[360.207s][info][gc             ] GC(958) Pause Young (Allocation Failure) 911M->627M(931M) 2.171ms
[360.207s][info][gc,cpu         ] GC(958) User=0.01s Sys=0.00s Real=0.00s
[360.262s][info][gc,start       ] GC(959) Pause Young (Allocation Failure)
[360.264s][info][gc,heap        ] GC(959) PSYoungGen: 290880K(310784K)->64K(311296K) Eden: 290816K(290816K)->0K(294912K) From: 64K(19968K)->64K(16384K)
[360.264s][info][gc,heap        ] GC(959) ParOldGen: 642571K(643072K)->642587K(643072K)
[360.264s][info][gc,metaspace   ] GC(959) Metaspace: 35341K(35968K)->35341K(35968K) NonClass: 29069K(29504K)->29069K(29504K) Class: 6271K(6464K)->6271K(6464K)
[360.264s][info][gc             ] GC(959) Pause Young (Allocation Failure) 911M->627M(932M) 1.998ms
[360.264s][info][gc,cpu         ] GC(959) User=0.00s Sys=0.00s Real=0.00s
[360.353s][info][gc,start       ] GC(960) Pause Young (Allocation Failure)
[360.355s][info][gc,heap        ] GC(960) PSYoungGen: 294976K(311296K)->64K(312832K) Eden: 294912K(294912K)->0K(294912K) From: 64K(16384K)->64K(17920K)
[360.355s][info][gc,heap        ] GC(960) ParOldGen: 642587K(643072K)->642587K(643072K)
[360.355s][info][gc,metaspace   ] GC(960) Metaspace: 35341K(35968K)->35341K(35968K) NonClass: 29069K(29504K)->29069K(29504K) Class: 6271K(6464K)->6271K(6464K)
[360.355s][info][gc             ] GC(960) Pause Young (Allocation Failure) 915M->627M(933M) 1.982ms
[360.355s][info][gc,cpu         ] GC(960) User=0.00s Sys=0.00s Real=0.00s
[360.580s][info][gc,start       ] GC(961) Pause Young (Allocation Failure)
[360.582s][info][gc,heap        ] GC(961) PSYoungGen: 294976K(312832K)->64K(313344K) Eden: 294912K(294912K)->0K(299008K) From: 64K(17920K)->64K(14336K)
[360.582s][info][gc,heap        ] GC(961) ParOldGen: 642587K(643072K)->642603K(643072K)
[360.582s][info][gc,metaspace   ] GC(961) Metaspace: 35341K(35968K)->35341K(35968K) NonClass: 29069K(29504K)->29069K(29504K) Class: 6271K(6464K)->6271K(6464K)
[360.582s][info][gc             ] GC(961) Pause Young (Allocation Failure) 915M->627M(934M) 2.017ms
[360.582s][info][gc,cpu         ] GC(961) User=0.00s Sys=0.00s Real=0.01s
[360.779s][info][gc,start       ] GC(962) Pause Young (Allocation Failure)
[360.781s][info][gc,heap        ] GC(962) PSYoungGen: 299072K(313344K)->64K(314880K) Eden: 299008K(299008K)->0K(299008K) From: 64K(14336K)->64K(15872K)
[360.781s][info][gc,heap        ] GC(962) ParOldGen: 642603K(643072K)->642603K(643072K)
[360.781s][info][gc,metaspace   ] GC(962) Metaspace: 35342K(35968K)->35342K(35968K) NonClass: 29070K(29504K)->29070K(29504K) Class: 6271K(6464K)->6271K(6464K)
[360.781s][info][gc             ] GC(962) Pause Young (Allocation Failure) 919M->627M(935M) 2.010ms
[360.781s][info][gc,cpu         ] GC(962) User=0.00s Sys=0.00s Real=0.01s
[360.864s][info][gc,start       ] GC(963) Pause Young (Allocation Failure)
[360.866s][info][gc,heap        ] GC(963) PSYoungGen: 299072K(314880K)->64K(315392K) Eden: 299008K(299008K)->0K(302592K) From: 64K(15872K)->64K(12800K)
[360.866s][info][gc,heap        ] GC(963) ParOldGen: 642603K(643072K)->642619K(643072K)
[360.866s][info][gc,metaspace   ] GC(963) Metaspace: 35342K(35968K)->35342K(35968K) NonClass: 29070K(29504K)->29070K(29504K) Class: 6271K(6464K)->6271K(6464K)
[360.866s][info][gc             ] GC(963) Pause Young (Allocation Failure) 919M->627M(936M) 2.050ms
[360.866s][info][gc,cpu         ] GC(963) User=0.01s Sys=0.00s Real=0.00s
[361.006s][info][gc,start       ] GC(964) Pause Young (Allocation Failure)
[361.008s][info][gc,heap        ] GC(964) PSYoungGen: 302656K(315392K)->64K(316928K) Eden: 302592K(302592K)->0K(302592K) From: 64K(12800K)->64K(14336K)
[361.008s][info][gc,heap        ] GC(964) ParOldGen: 642619K(643072K)->642619K(643072K)
[361.008s][info][gc,metaspace   ] GC(964) Metaspace: 35352K(35968K)->35352K(35968K) NonClass: 29080K(29504K)->29080K(29504K) Class: 6271K(6464K)->6271K(6464K)
[361.008s][info][gc             ] GC(964) Pause Young (Allocation Failure) 923M->627M(937M) 2.010ms
[361.008s][info][gc,cpu         ] GC(964) User=0.00s Sys=0.00s Real=0.00s
[361.396s][info][gc,start       ] GC(965) Pause Young (Allocation Failure)
[361.398s][info][gc,heap        ] GC(965) PSYoungGen: 302656K(316928K)->64K(316928K) Eden: 302592K(302592K)->0K(306176K) From: 64K(14336K)->64K(10752K)
[361.398s][info][gc,heap        ] GC(965) ParOldGen: 642619K(643072K)->642627K(643072K)
[361.398s][info][gc,metaspace   ] GC(965) Metaspace: 35352K(35968K)->35352K(35968K) NonClass: 29080K(29504K)->29080K(29504K) Class: 6271K(6464K)->6271K(6464K)
[361.398s][info][gc             ] GC(965) Pause Young (Allocation Failure) 923M->627M(937M) 2.026ms
[361.398s][info][gc,cpu         ] GC(965) User=0.01s Sys=0.00s Real=0.00s
[362.102s][info][gc,start       ] GC(966) Pause Young (Allocation Failure)
[362.104s][info][gc,heap        ] GC(966) PSYoungGen: 306240K(316928K)->64K(318464K) Eden: 306176K(306176K)->0K(306176K) From: 64K(10752K)->64K(12288K)
[362.104s][info][gc,heap        ] GC(966) ParOldGen: 642627K(643072K)->642635K(643072K)
[362.104s][info][gc,metaspace   ] GC(966) Metaspace: 35352K(35968K)->35352K(35968K) NonClass: 29080K(29504K)->29080K(29504K) Class: 6271K(6464K)->6271K(6464K)
[362.104s][info][gc             ] GC(966) Pause Young (Allocation Failure) 926M->627M(939M) 2.049ms
[362.104s][info][gc,cpu         ] GC(966) User=0.00s Sys=0.00s Real=0.00s
[363.083s][info][gc,start       ] GC(967) Pause Young (Allocation Failure)
[363.085s][info][gc,heap        ] GC(967) PSYoungGen: 306240K(318464K)->64K(294400K) Eden: 306176K(306176K)->0K(293888K) From: 64K(12288K)->64K(512K)
[363.085s][info][gc,heap        ] GC(967) ParOldGen: 642635K(643072K)->642643K(643072K)
[363.085s][info][gc,metaspace   ] GC(967) Metaspace: 35352K(35968K)->35352K(35968K) NonClass: 29080K(29504K)->29080K(29504K) Class: 6271K(6464K)->6271K(6464K)
[363.085s][info][gc             ] GC(967) Pause Young (Allocation Failure) 926M->627M(915M) 2.454ms
[363.085s][info][gc,cpu         ] GC(967) User=0.01s Sys=0.00s Real=0.00s
[363.540s][info][gc,start       ] GC(968) Pause Young (Allocation Failure)
[363.542s][info][gc,heap        ] GC(968) PSYoungGen: 293952K(294400K)->64K(292864K) Eden: 293888K(293888K)->0K(282112K) From: 64K(512K)->64K(10752K)
[363.542s][info][gc,heap        ] GC(968) ParOldGen: 642643K(643072K)->642651K(643072K)
[363.542s][info][gc,metaspace   ] GC(968) Metaspace: 35352K(35968K)->35352K(35968K) NonClass: 29080K(29504K)->29080K(29504K) Class: 6271K(6464K)->6271K(6464K)
[363.542s][info][gc             ] GC(968) Pause Young (Allocation Failure) 914M->627M(914M) 1.988ms
[363.542s][info][gc,cpu         ] GC(968) User=0.00s Sys=0.00s Real=0.01s
[364.509s][info][gc,start       ] GC(969) Pause Young (Allocation Failure)
[364.511s][info][gc,heap        ] GC(969) PSYoungGen: 282176K(292864K)->64K(271360K) Eden: 282112K(282112K)->0K(270848K) From: 64K(10752K)->64K(512K)
[364.511s][info][gc,heap        ] GC(969) ParOldGen: 642651K(643072K)->642659K(643072K)
[364.511s][info][gc,metaspace   ] GC(969) Metaspace: 35352K(35968K)->35352K(35968K) NonClass: 29080K(29504K)->29080K(29504K) Class: 6271K(6464K)->6271K(6464K)
[364.511s][info][gc             ] GC(969) Pause Young (Allocation Failure) 903M->627M(893M) 2.674ms
[364.511s][info][gc,cpu         ] GC(969) User=0.00s Sys=0.00s Real=0.01s
[364.929s][info][gc,start       ] GC(970) Pause Young (Allocation Failure)
[364.931s][info][gc,heap        ] GC(970) PSYoungGen: 270912K(271360K)->64K(269824K) Eden: 270848K(270848K)->0K(260096K) From: 64K(512K)->64K(9728K)
[364.931s][info][gc,heap        ] GC(970) ParOldGen: 642659K(643072K)->642667K(643072K)
[364.931s][info][gc,metaspace   ] GC(970) Metaspace: 35352K(35968K)->35352K(35968K) NonClass: 29080K(29504K)->29080K(29504K) Class: 6271K(6464K)->6271K(6464K)
[364.931s][info][gc             ] GC(970) Pause Young (Allocation Failure) 892M->627M(891M) 2.029ms
[364.931s][info][gc,cpu         ] GC(970) User=0.00s Sys=0.00s Real=0.01s
[365.101s][info][gc,start       ] GC(971) Pause Young (Allocation Failure)
[365.104s][info][gc,heap        ] GC(971) PSYoungGen: 260160K(269824K)->64K(250368K) Eden: 260096K(260096K)->0K(249856K) From: 64K(9728K)->64K(512K)
[365.104s][info][gc,heap        ] GC(971) ParOldGen: 642667K(643072K)->642675K(643072K)
[365.104s][info][gc,metaspace   ] GC(971) Metaspace: 35352K(35968K)->35352K(35968K) NonClass: 29080K(29504K)->29080K(29504K) Class: 6271K(6464K)->6271K(6464K)
[365.104s][info][gc             ] GC(971) Pause Young (Allocation Failure) 881M->627M(872M) 2.253ms
[365.104s][info][gc,cpu         ] GC(971) User=0.00s Sys=0.00s Real=0.00s
[365.340s][info][gc,start       ] GC(972) Pause Young (Allocation Failure)
[365.342s][info][gc,heap        ] GC(972) PSYoungGen: 249920K(250368K)->64K(248320K) Eden: 249856K(249856K)->0K(240128K) From: 64K(512K)->64K(8192K)
[365.342s][info][gc,heap        ] GC(972) ParOldGen: 642675K(643072K)->642683K(643072K)
[365.342s][info][gc,metaspace   ] GC(972) Metaspace: 35352K(35968K)->35352K(35968K) NonClass: 29080K(29504K)->29080K(29504K) Class: 6271K(6464K)->6271K(6464K)
[365.342s][info][gc             ] GC(972) Pause Young (Allocation Failure) 871M->627M(870M) 1.906ms
[365.342s][info][gc,cpu         ] GC(972) User=0.00s Sys=0.00s Real=0.01s
[365.825s][info][gc,start       ] GC(973) Pause Young (Allocation Failure)
[365.828s][info][gc,heap        ] GC(973) PSYoungGen: 240192K(248320K)->64K(231424K) Eden: 240128K(240128K)->0K(230912K) From: 64K(8192K)->64K(512K)
[365.828s][info][gc,heap        ] GC(973) ParOldGen: 642683K(643072K)->642691K(643072K)
[365.828s][info][gc,metaspace   ] GC(973) Metaspace: 35352K(35968K)->35352K(35968K) NonClass: 29080K(29504K)->29080K(29504K) Class: 6271K(6464K)->6271K(6464K)
[365.828s][info][gc             ] GC(973) Pause Young (Allocation Failure) 862M->627M(854M) 2.544ms
[365.828s][info][gc,cpu         ] GC(973) User=0.01s Sys=0.00s Real=0.00s
[366.174s][info][gc,start       ] GC(974) Pause Young (Allocation Failure)
[366.175s][info][gc,heap        ] GC(974) PSYoungGen: 230976K(231424K)->64K(229376K) Eden: 230912K(230912K)->0K(222208K) From: 64K(512K)->64K(7168K)
[366.175s][info][gc,heap        ] GC(974) ParOldGen: 642691K(643072K)->642699K(643072K)
[366.175s][info][gc,metaspace   ] GC(974) Metaspace: 35352K(35968K)->35352K(35968K) NonClass: 29080K(29504K)->29080K(29504K) Class: 6271K(6464K)->6271K(6464K)
[366.176s][info][gc             ] GC(974) Pause Young (Allocation Failure) 853M->627M(852M) 1.974ms
[366.176s][info][gc,cpu         ] GC(974) User=0.00s Sys=0.00s Real=0.00s
[366.437s][info][gc,start       ] GC(975) Pause Young (Allocation Failure)
[366.483s][info][gc,heap        ] GC(975) PSYoungGen: 222272K(229376K)->6656K(272896K) Eden: 222208K(222208K)->0K(266240K) From: 64K(7168K)->6656K(6656K)
[366.483s][info][gc,heap        ] GC(975) ParOldGen: 642699K(643072K)->659211K(659456K)
[366.483s][info][gc,metaspace   ] GC(975) Metaspace: 35352K(35968K)->35352K(35968K) NonClass: 29080K(29504K)->29080K(29504K) Class: 6271K(6464K)->6271K(6464K)
[366.483s][info][gc             ] GC(975) Pause Young (Allocation Failure) 844M->650M(910M) 45.974ms
[366.483s][info][gc,cpu         ] GC(975) User=0.08s Sys=0.02s Real=0.05s
[366.786s][info][gc,start       ] GC(976) Pause Full (Allocation Failure)
[366.787s][info][gc,phases,start] GC(976) Marking Phase
[366.873s][info][gc,phases      ] GC(976) Marking Phase 86.523ms
[366.873s][info][gc,phases,start] GC(976) Summary Phase
[366.873s][info][gc,phases      ] GC(976) Summary Phase 0.041ms
[366.873s][info][gc,phases,start] GC(976) Forward
[366.900s][info][gc,phases      ] GC(976) Forward 27.293ms
[366.900s][info][gc,phases,start] GC(976) Adjust Pointers
[366.948s][info][gc,phases      ] GC(976) Adjust Pointers 47.636ms
[366.948s][info][gc,phases,start] GC(976) Compaction Phase
[366.976s][info][gc,phases      ] GC(976) Compaction Phase 27.484ms
[366.976s][info][gc,phases,start] GC(976) Post Compact
[366.979s][info][gc,phases      ] GC(976) Post Compact 2.827ms
[367.018s][info][gc,heap        ] GC(976) PSYoungGen: 272896K(272896K)->0K(283136K) Eden: 266240K(266240K)->0K(268800K) From: 6656K(6656K)->0K(14336K)
[367.018s][info][gc,heap        ] GC(976) ParOldGen: 659211K(659456K)->85813K(175104K)
[367.018s][info][gc,metaspace   ] GC(976) Metaspace: 35352K(35968K)->35352K(35968K) NonClass: 29080K(29504K)->29080K(29504K) Class: 6271K(6464K)->6271K(6464K)
[367.018s][info][gc             ] GC(976) Pause Full (Allocation Failure) 910M->83M(447M) 231.938ms
[367.018s][info][gc,cpu         ] GC(976) User=0.34s Sys=0.04s Real=0.23s
[367.236s][info][gc,start       ] GC(977) Pause Young (Allocation Failure)
[367.277s][info][gc,heap        ] GC(977) PSYoungGen: 268800K(283136K)->14336K(311296K) Eden: 268800K(268800K)->0K(296960K) From: 0K(14336K)->14336K(14336K)
[367.277s][info][gc,heap        ] GC(977) ParOldGen: 85813K(175104K)->89013K(175104K)
[367.277s][info][gc,metaspace   ] GC(977) Metaspace: 35353K(35968K)->35353K(35968K) NonClass: 29081K(29504K)->29081K(29504K) Class: 6271K(6464K)->6271K(6464K)
[367.277s][info][gc             ] GC(977) Pause Young (Allocation Failure) 346M->100M(475M) 40.412ms
[367.277s][info][gc,cpu         ] GC(977) User=0.07s Sys=0.01s Real=0.04s
[367.575s][info][gc,start       ] GC(978) Pause Young (Allocation Failure)
[367.577s][info][gc,heap        ] GC(978) PSYoungGen: 311296K(311296K)->64K(315392K) Eden: 296960K(296960K)->0K(296960K) From: 14336K(14336K)->64K(18432K)
[367.577s][info][gc,heap        ] GC(978) ParOldGen: 89013K(175104K)->89141K(175104K)
[367.577s][info][gc,metaspace   ] GC(978) Metaspace: 35353K(35968K)->35353K(35968K) NonClass: 29081K(29504K)->29081K(29504K) Class: 6271K(6464K)->6271K(6464K)
[367.577s][info][gc             ] GC(978) Pause Young (Allocation Failure) 390M->87M(479M) 1.620ms
[367.577s][info][gc,cpu         ] GC(978) User=0.01s Sys=0.00s Real=0.00s
[368.235s][info][gc,start       ] GC(979) Pause Young (Allocation Failure)
[368.236s][info][gc,heap        ] GC(979) PSYoungGen: 297024K(315392K)->64K(313856K) Eden: 296960K(296960K)->0K(297472K) From: 64K(18432K)->64K(16384K)
[368.236s][info][gc,heap        ] GC(979) ParOldGen: 89141K(175104K)->89149K(175104K)
[368.236s][info][gc,metaspace   ] GC(979) Metaspace: 35353K(35968K)->35353K(35968K) NonClass: 29081K(29504K)->29081K(29504K) Class: 6271K(6464K)->6271K(6464K)
[368.236s][info][gc             ] GC(979) Pause Young (Allocation Failure) 377M->87M(477M) 0.884ms
[368.236s][info][gc,cpu         ] GC(979) User=0.01s Sys=0.00s Real=0.00s
[368.711s][info][gc,start       ] GC(980) Pause Young (Allocation Failure)
[368.712s][info][gc,heap        ] GC(980) PSYoungGen: 297536K(313856K)->64K(314880K) Eden: 297472K(297472K)->0K(297472K) From: 64K(16384K)->64K(17408K)
[368.712s][info][gc,heap        ] GC(980) ParOldGen: 89149K(175104K)->89165K(175104K)
[368.712s][info][gc,metaspace   ] GC(980) Metaspace: 35353K(35968K)->35353K(35968K) NonClass: 29081K(29504K)->29081K(29504K) Class: 6271K(6464K)->6271K(6464K)
[368.712s][info][gc             ] GC(980) Pause Young (Allocation Failure) 377M->87M(478M) 0.814ms
[368.712s][info][gc,cpu         ] GC(980) User=0.00s Sys=0.00s Real=0.00s
[368.940s][info][gc,start       ] GC(981) Pause Young (Allocation Failure)
[368.941s][info][gc,heap        ] GC(981) PSYoungGen: 297536K(314880K)->64K(315392K) Eden: 297472K(297472K)->0K(300032K) From: 64K(17408K)->64K(15360K)
[368.941s][info][gc,heap        ] GC(981) ParOldGen: 89165K(175104K)->89181K(175104K)
[368.941s][info][gc,metaspace   ] GC(981) Metaspace: 35353K(35968K)->35353K(35968K) NonClass: 29081K(29504K)->29081K(29504K) Class: 6271K(6464K)->6271K(6464K)
[368.941s][info][gc             ] GC(981) Pause Young (Allocation Failure) 377M->87M(479M) 0.862ms
[368.941s][info][gc,cpu         ] GC(981) User=0.00s Sys=0.00s Real=0.01s
[369.175s][info][gc,start       ] GC(982) Pause Young (Allocation Failure)
[369.176s][info][gc,heap        ] GC(982) PSYoungGen: 300096K(315392K)->64K(315904K) Eden: 300032K(300032K)->0K(300032K) From: 64K(15360K)->64K(15872K)
[369.176s][info][gc,heap        ] GC(982) ParOldGen: 89181K(175104K)->89181K(175104K)
[369.176s][info][gc,metaspace   ] GC(982) Metaspace: 35353K(35968K)->35353K(35968K) NonClass: 29081K(29504K)->29081K(29504K) Class: 6271K(6464K)->6271K(6464K)
[369.176s][info][gc             ] GC(982) Pause Young (Allocation Failure) 380M->87M(479M) 0.828ms
[369.176s][info][gc,cpu         ] GC(982) User=0.00s Sys=0.00s Real=0.00s
[369.549s][info][gc,start       ] GC(983) Pause Young (Allocation Failure)
[369.550s][info][gc,heap        ] GC(983) PSYoungGen: 300096K(315904K)->64K(317440K) Eden: 300032K(300032K)->0K(303104K) From: 64K(15872K)->64K(14336K)
[369.550s][info][gc,heap        ] GC(983) ParOldGen: 89181K(175104K)->89181K(175104K)
[369.550s][info][gc,metaspace   ] GC(983) Metaspace: 35353K(35968K)->35353K(35968K) NonClass: 29081K(29504K)->29081K(29504K) Class: 6271K(6464K)->6271K(6464K)
[369.550s][info][gc             ] GC(983) Pause Young (Allocation Failure) 380M->87M(481M) 0.817ms
[369.550s][info][gc,cpu         ] GC(983) User=0.00s Sys=0.00s Real=0.00s
[369.662s][info][gc,start       ] GC(984) Pause Young (Allocation Failure)
[369.664s][info][gc,heap        ] GC(984) PSYoungGen: 303168K(317440K)->64K(291328K) Eden: 303104K(303104K)->0K(290816K) From: 64K(14336K)->64K(512K)
[369.664s][info][gc,heap        ] GC(984) ParOldGen: 89181K(175104K)->89189K(175104K)
[369.664s][info][gc,metaspace   ] GC(984) Metaspace: 35353K(35968K)->35353K(35968K) NonClass: 29081K(29504K)->29081K(29504K) Class: 6271K(6464K)->6271K(6464K)
[369.664s][info][gc             ] GC(984) Pause Young (Allocation Failure) 383M->87M(455M) 1.885ms
[369.664s][info][gc,cpu         ] GC(984) User=0.00s Sys=0.00s Real=0.00s
[369.717s][info][gc,start       ] GC(985) Pause Young (Allocation Failure)
[369.718s][info][gc,heap        ] GC(985) PSYoungGen: 290880K(291328K)->64K(305152K) Eden: 290816K(290816K)->0K(291840K) From: 64K(512K)->64K(13312K)
[369.718s][info][gc,heap        ] GC(985) ParOldGen: 89189K(175104K)->89205K(175104K)
[369.718s][info][gc,metaspace   ] GC(985) Metaspace: 35353K(35968K)->35353K(35968K) NonClass: 29081K(29504K)->29081K(29504K) Class: 6271K(6464K)->6271K(6464K)
[369.718s][info][gc             ] GC(985) Pause Young (Allocation Failure) 371M->87M(469M) 0.828ms
[369.718s][info][gc,cpu         ] GC(985) User=0.00s Sys=0.00s Real=0.00s
[369.858s][info][gc,start       ] GC(986) Pause Young (Allocation Failure)
[369.859s][info][gc,heap        ] GC(986) PSYoungGen: 291904K(305152K)->64K(280576K) Eden: 291840K(291840K)->0K(280064K) From: 64K(13312K)->64K(512K)
[369.859s][info][gc,heap        ] GC(986) ParOldGen: 89205K(175104K)->89205K(175104K)
[369.859s][info][gc,metaspace   ] GC(986) Metaspace: 35353K(35968K)->35353K(35968K) NonClass: 29081K(29504K)->29081K(29504K) Class: 6271K(6464K)->6271K(6464K)
[369.859s][info][gc             ] GC(986) Pause Young (Allocation Failure) 372M->87M(445M) 0.817ms
[369.859s][info][gc,cpu         ] GC(986) User=0.00s Sys=0.00s Real=0.00s
[370.066s][info][gc,start       ] GC(987) Pause Young (Allocation Failure)
[370.068s][info][gc,heap        ] GC(987) PSYoungGen: 280128K(280576K)->64K(269824K) Eden: 280064K(280064K)->0K(269312K) From: 64K(512K)->64K(512K)
[370.068s][info][gc,heap        ] GC(987) ParOldGen: 89205K(175104K)->89213K(175104K)
[370.068s][info][gc,metaspace   ] GC(987) Metaspace: 35353K(35968K)->35353K(35968K) NonClass: 29081K(29504K)->29081K(29504K) Class: 6271K(6464K)->6271K(6464K)
[370.068s][info][gc             ] GC(987) Pause Young (Allocation Failure) 360M->87M(434M) 1.625ms
[370.068s][info][gc,cpu         ] GC(987) User=0.00s Sys=0.00s Real=0.00s
[370.219s][info][gc,start       ] GC(988) Pause Young (Allocation Failure)
[370.220s][info][gc,heap        ] GC(988) PSYoungGen: 269376K(269824K)->64K(270336K) Eden: 269312K(269312K)->0K(259072K) From: 64K(512K)->64K(11264K)
[370.220s][info][gc,heap        ] GC(988) ParOldGen: 89213K(175104K)->89221K(175104K)
[370.220s][info][gc,metaspace   ] GC(988) Metaspace: 35353K(35968K)->35353K(35968K) NonClass: 29081K(29504K)->29081K(29504K) Class: 6271K(6464K)->6271K(6464K)
[370.220s][info][gc             ] GC(988) Pause Young (Allocation Failure) 350M->87M(435M) 0.827ms
[370.220s][info][gc,cpu         ] GC(988) User=0.01s Sys=0.00s Real=0.00s
[370.290s][info][gc,start       ] GC(989) Pause Young (Allocation Failure)
[370.292s][info][gc,heap        ] GC(989) PSYoungGen: 259136K(270336K)->64K(249856K) Eden: 259072K(259072K)->0K(249344K) From: 64K(11264K)->64K(512K)
[370.292s][info][gc,heap        ] GC(989) ParOldGen: 89221K(175104K)->89237K(175104K)
[370.292s][info][gc,metaspace   ] GC(989) Metaspace: 35353K(35968K)->35353K(35968K) NonClass: 29081K(29504K)->29081K(29504K) Class: 6271K(6464K)->6271K(6464K)
[370.292s][info][gc             ] GC(989) Pause Young (Allocation Failure) 340M->87M(415M) 1.787ms
[370.292s][info][gc,cpu         ] GC(989) User=0.00s Sys=0.00s Real=0.01s
[370.400s][info][gc,start       ] GC(990) Pause Young (Allocation Failure)
[370.401s][info][gc,heap        ] GC(990) PSYoungGen: 249408K(249856K)->64K(249344K) Eden: 249344K(249344K)->0K(239616K) From: 64K(512K)->64K(9728K)
[370.401s][info][gc,heap        ] GC(990) ParOldGen: 89237K(175104K)->89237K(175104K)
[370.401s][info][gc,metaspace   ] GC(990) Metaspace: 35353K(35968K)->35353K(35968K) NonClass: 29081K(29504K)->29081K(29504K) Class: 6271K(6464K)->6271K(6464K)
[370.401s][info][gc             ] GC(990) Pause Young (Allocation Failure) 330M->87M(414M) 0.720ms
[370.401s][info][gc,cpu         ] GC(990) User=0.01s Sys=0.00s Real=0.01s
[370.590s][info][gc,start       ] GC(991) Pause Young (Allocation Failure)
[370.592s][info][gc,heap        ] GC(991) PSYoungGen: 239680K(249344K)->64K(230912K) Eden: 239616K(239616K)->0K(230400K) From: 64K(9728K)->64K(512K)
[370.592s][info][gc,heap        ] GC(991) ParOldGen: 89237K(175104K)->89245K(175104K)
[370.592s][info][gc,metaspace   ] GC(991) Metaspace: 35353K(35968K)->35353K(35968K) NonClass: 29081K(29504K)->29081K(29504K) Class: 6271K(6464K)->6271K(6464K)
[370.592s][info][gc             ] GC(991) Pause Young (Allocation Failure) 321M->87M(396M) 1.744ms
[370.592s][info][gc,cpu         ] GC(991) User=0.00s Sys=0.00s Real=0.01s
[371.511s][info][gc,start       ] GC(992) Pause Young (Allocation Failure)
[371.512s][info][gc,heap        ] GC(992) PSYoungGen: 230464K(230912K)->64K(230400K) Eden: 230400K(230400K)->0K(221696K) From: 64K(512K)->64K(8704K)
[371.512s][info][gc,heap        ] GC(992) ParOldGen: 89245K(175104K)->89261K(175104K)
[371.512s][info][gc,metaspace   ] GC(992) Metaspace: 35353K(35968K)->35353K(35968K) NonClass: 29081K(29504K)->29081K(29504K) Class: 6271K(6464K)->6271K(6464K)
[371.512s][info][gc             ] GC(992) Pause Young (Allocation Failure) 312M->87M(396M) 0.861ms
[371.512s][info][gc,cpu         ] GC(992) User=0.00s Sys=0.00s Real=0.00s
[372.121s][info][gc,start       ] GC(993) Pause Young (Allocation Failure)
[372.123s][info][gc,heap        ] GC(993) PSYoungGen: 221760K(230400K)->64K(214016K) Eden: 221696K(221696K)->0K(213504K) From: 64K(8704K)->64K(512K)
[372.123s][info][gc,heap        ] GC(993) ParOldGen: 89261K(175104K)->89277K(175104K)
[372.123s][info][gc,metaspace   ] GC(993) Metaspace: 35353K(35968K)->35353K(35968K) NonClass: 29081K(29504K)->29081K(29504K) Class: 6271K(6464K)->6271K(6464K)
[372.124s][info][gc             ] GC(993) Pause Young (Allocation Failure) 303M->87M(380M) 2.359ms
[372.124s][info][gc,cpu         ] GC(993) User=0.00s Sys=0.00s Real=0.00s
[372.504s][info][gc,start       ] GC(994) Pause Young (Allocation Failure)
[372.505s][info][gc,heap        ] GC(994) PSYoungGen: 213568K(214016K)->64K(213504K) Eden: 213504K(213504K)->0K(205824K) From: 64K(512K)->64K(7680K)
[372.505s][info][gc,heap        ] GC(994) ParOldGen: 89277K(175104K)->89285K(175104K)
[372.505s][info][gc,metaspace   ] GC(994) Metaspace: 35353K(35968K)->35353K(35968K) NonClass: 29081K(29504K)->29081K(29504K) Class: 6271K(6464K)->6271K(6464K)
[372.505s][info][gc             ] GC(994) Pause Young (Allocation Failure) 295M->87M(379M) 0.718ms
[372.505s][info][gc,cpu         ] GC(994) User=0.00s Sys=0.00s Real=0.00s
[372.799s][info][gc,start       ] GC(995) Pause Young (Allocation Failure)
[372.801s][info][gc,heap        ] GC(995) PSYoungGen: 205888K(213504K)->64K(198656K) Eden: 205824K(205824K)->0K(198144K) From: 64K(7680K)->64K(512K)
[372.801s][info][gc,heap        ] GC(995) ParOldGen: 89285K(175104K)->89293K(175104K)
[372.801s][info][gc,metaspace   ] GC(995) Metaspace: 35353K(35968K)->35353K(35968K) NonClass: 29081K(29504K)->29081K(29504K) Class: 6271K(6464K)->6271K(6464K)
[372.801s][info][gc             ] GC(995) Pause Young (Allocation Failure) 288M->87M(365M) 1.225ms
[372.801s][info][gc,cpu         ] GC(995) User=0.00s Sys=0.00s Real=0.00s
[373.077s][info][gc,start       ] GC(996) Pause Young (Allocation Failure)
[373.078s][info][gc,heap        ] GC(996) PSYoungGen: 198208K(198656K)->64K(197632K) Eden: 198144K(198144K)->0K(190976K) From: 64K(512K)->64K(6656K)
[373.078s][info][gc,heap        ] GC(996) ParOldGen: 89293K(175104K)->89301K(175104K)
[373.078s][info][gc,metaspace   ] GC(996) Metaspace: 35353K(35968K)->35353K(35968K) NonClass: 29081K(29504K)->29081K(29504K) Class: 6271K(6464K)->6271K(6464K)
[373.078s][info][gc             ] GC(996) Pause Young (Allocation Failure) 280M->87M(364M) 0.742ms
[373.078s][info][gc,cpu         ] GC(996) User=0.00s Sys=0.00s Real=0.00s
[373.950s][info][gc,start       ] GC(997) Pause Young (Allocation Failure)
[373.951s][info][gc,heap        ] GC(997) PSYoungGen: 191040K(197632K)->64K(184832K) Eden: 190976K(190976K)->0K(184320K) From: 64K(6656K)->64K(512K)
[373.951s][info][gc,heap        ] GC(997) ParOldGen: 89301K(175104K)->89309K(175104K)
[373.951s][info][gc,metaspace   ] GC(997) Metaspace: 35353K(35968K)->35353K(35968K) NonClass: 29081K(29504K)->29081K(29504K) Class: 6271K(6464K)->6271K(6464K)
[373.951s][info][gc             ] GC(997) Pause Young (Allocation Failure) 273M->87M(351M) 1.674ms
[373.951s][info][gc,cpu         ] GC(997) User=0.00s Sys=0.00s Real=0.01s
[374.137s][info][gc,start       ] GC(998) Pause Young (Allocation Failure)
[374.138s][info][gc,heap        ] GC(998) PSYoungGen: 184384K(184832K)->64K(183296K) Eden: 184320K(184320K)->0K(177664K) From: 64K(512K)->64K(5632K)
[374.138s][info][gc,heap        ] GC(998) ParOldGen: 89309K(175104K)->89325K(175104K)
[374.138s][info][gc,metaspace   ] GC(998) Metaspace: 35353K(35968K)->35353K(35968K) NonClass: 29081K(29504K)->29081K(29504K) Class: 6271K(6464K)->6271K(6464K)
[374.138s][info][gc             ] GC(998) Pause Young (Allocation Failure) 267M->87M(350M) 1.202ms
[374.138s][info][gc,cpu         ] GC(998) User=0.01s Sys=0.00s Real=0.00s
[374.430s][info][gc,start       ] GC(999) Pause Young (Allocation Failure)
[374.431s][info][gc,heap        ] GC(999) PSYoungGen: 177728K(183296K)->64K(172032K) Eden: 177664K(177664K)->0K(171520K) From: 64K(5632K)->64K(512K)
[374.431s][info][gc,heap        ] GC(999) ParOldGen: 89325K(175104K)->89341K(175104K)
[374.431s][info][gc,metaspace   ] GC(999) Metaspace: 35353K(35968K)->35353K(35968K) NonClass: 29081K(29504K)->29081K(29504K) Class: 6271K(6464K)->6271K(6464K)
[374.431s][info][gc             ] GC(999) Pause Young (Allocation Failure) 260M->87M(339M) 1.709ms
[374.431s][info][gc,cpu         ] GC(999) User=0.00s Sys=0.00s Real=0.01s
[374.555s][info][gc,start       ] GC(1000) Pause Young (Allocation Failure)
[374.556s][info][gc,heap        ] GC(1000) PSYoungGen: 171584K(172032K)->64K(171008K) Eden: 171520K(171520K)->0K(165888K) From: 64K(512K)->64K(5120K)
[374.556s][info][gc,heap        ] GC(1000) ParOldGen: 89341K(175104K)->89357K(175104K)
[374.556s][info][gc,metaspace   ] GC(1000) Metaspace: 35353K(35968K)->35353K(35968K) NonClass: 29081K(29504K)->29081K(29504K) Class: 6271K(6464K)->6271K(6464K)
[374.556s][info][gc             ] GC(1000) Pause Young (Allocation Failure) 254M->87M(338M) 1.258ms
[374.556s][info][gc,cpu         ] GC(1000) User=0.00s Sys=0.00s Real=0.00s
[374.613s][info][gc,start       ] GC(1001) Pause Young (Allocation Failure)
[374.614s][info][gc,heap        ] GC(1001) PSYoungGen: 165952K(171008K)->64K(160768K) Eden: 165888K(165888K)->0K(160256K) From: 64K(5120K)->64K(512K)
[374.614s][info][gc,heap        ] GC(1001) ParOldGen: 89357K(175104K)->89373K(175104K)
[374.614s][info][gc,metaspace   ] GC(1001) Metaspace: 35353K(35968K)->35353K(35968K) NonClass: 29081K(29504K)->29081K(29504K) Class: 6271K(6464K)->6271K(6464K)
[374.614s][info][gc             ] GC(1001) Pause Young (Allocation Failure) 249M->87M(328M) 1.561ms
[374.614s][info][gc,cpu         ] GC(1001) User=0.00s Sys=0.00s Real=0.00s
[374.920s][info][gc,start       ] GC(1002) Pause Young (Allocation Failure)
[374.921s][info][gc,heap        ] GC(1002) PSYoungGen: 160320K(160768K)->64K(159232K) Eden: 160256K(160256K)->0K(155136K) From: 64K(512K)->64K(4096K)
[374.921s][info][gc,heap        ] GC(1002) ParOldGen: 89373K(175104K)->89389K(175104K)
[374.921s][info][gc,metaspace   ] GC(1002) Metaspace: 35353K(35968K)->35353K(35968K) NonClass: 29081K(29504K)->29081K(29504K) Class: 6271K(6464K)->6271K(6464K)
[374.921s][info][gc             ] GC(1002) Pause Young (Allocation Failure) 243M->87M(326M) 1.167ms
[374.921s][info][gc,cpu         ] GC(1002) User=0.00s Sys=0.00s Real=0.01s
[375.284s][info][gc,start       ] GC(1003) Pause Young (Allocation Failure)
[375.286s][info][gc,heap        ] GC(1003) PSYoungGen: 155200K(159232K)->64K(150528K) Eden: 155136K(155136K)->0K(150016K) From: 64K(4096K)->64K(512K)
[375.286s][info][gc,heap        ] GC(1003) ParOldGen: 89389K(175104K)->89405K(175104K)
[375.286s][info][gc,metaspace   ] GC(1003) Metaspace: 35353K(35968K)->35353K(35968K) NonClass: 29081K(29504K)->29081K(29504K) Class: 6271K(6464K)->6271K(6464K)
[375.286s][info][gc             ] GC(1003) Pause Young (Allocation Failure) 238M->87M(318M) 2.518ms
[375.286s][info][gc,cpu         ] GC(1003) User=0.00s Sys=0.00s Real=0.00s
[375.414s][info][gc,start       ] GC(1004) Pause Young (Allocation Failure)
[375.416s][info][gc,heap        ] GC(1004) PSYoungGen: 150080K(150528K)->64K(148480K) Eden: 150016K(150016K)->0K(144896K) From: 64K(512K)->64K(3584K)
[375.416s][info][gc,heap        ] GC(1004) ParOldGen: 89405K(175104K)->89421K(175104K)
[375.416s][info][gc,metaspace   ] GC(1004) Metaspace: 35353K(35968K)->35353K(35968K) NonClass: 29081K(29504K)->29081K(29504K) Class: 6271K(6464K)->6271K(6464K)
[375.416s][info][gc             ] GC(1004) Pause Young (Allocation Failure) 233M->87M(316M) 1.833ms
[375.416s][info][gc,cpu         ] GC(1004) User=0.00s Sys=0.00s Real=0.00s
[375.688s][info][gc,start       ] GC(1005) Pause Young (Allocation Failure)
[375.696s][info][gc,heap        ] GC(1005) PSYoungGen: 144960K(148480K)->1984K(174080K) Eden: 144896K(144896K)->0K(172032K) From: 64K(3584K)->1984K(2048K)
[375.696s][info][gc,heap        ] GC(1005) ParOldGen: 89421K(175104K)->89437K(175104K)
[375.696s][info][gc,metaspace   ] GC(1005) Metaspace: 35353K(35968K)->35353K(35968K) NonClass: 29081K(29504K)->29081K(29504K) Class: 6271K(6464K)->6271K(6464K)
[375.696s][info][gc             ] GC(1005) Pause Young (Allocation Failure) 228M->89M(341M) 7.747ms
[375.696s][info][gc,cpu         ] GC(1005) User=0.01s Sys=0.00s Real=0.01s
[375.896s][info][gc,start       ] GC(1006) Pause Young (Allocation Failure)
[375.926s][info][gc,heap        ] GC(1006) PSYoungGen: 174016K(174080K)->3584K(209920K) Eden: 172032K(172032K)->0K(206336K) From: 1984K(2048K)->3584K(3584K)
[375.926s][info][gc,heap        ] GC(1006) ParOldGen: 89437K(175104K)->104125K(175104K)
[375.926s][info][gc,metaspace   ] GC(1006) Metaspace: 35353K(35968K)->35353K(35968K) NonClass: 29081K(29504K)->29081K(29504K) Class: 6271K(6464K)->6271K(6464K)
[375.926s][info][gc             ] GC(1006) Pause Young (Allocation Failure) 257M->105M(376M) 30.767ms
[375.926s][info][gc,cpu         ] GC(1006) User=0.06s Sys=0.00s Real=0.03s
[376.164s][info][gc,start       ] GC(1007) Pause Young (Allocation Failure)
[376.202s][info][gc,heap        ] GC(1007) PSYoungGen: 209920K(209920K)->2048K(222720K) Eden: 206336K(206336K)->0K(220672K) From: 3584K(3584K)->2048K(2048K)
[376.202s][info][gc,heap        ] GC(1007) ParOldGen: 104125K(175104K)->124541K(175104K)
[376.202s][info][gc,metaspace   ] GC(1007) Metaspace: 35353K(35968K)->35353K(35968K) NonClass: 29081K(29504K)->29081K(29504K) Class: 6271K(6464K)->6271K(6464K)
[376.202s][info][gc             ] GC(1007) Pause Young (Allocation Failure) 306M->123M(388M) 37.906ms
[376.202s][info][gc,cpu         ] GC(1007) User=0.07s Sys=0.00s Real=0.04s
[376.456s][info][gc,start       ] GC(1008) Pause Young (Allocation Failure)
[376.497s][info][gc,heap        ] GC(1008) PSYoungGen: 222720K(222720K)->16896K(237568K) Eden: 220672K(220672K)->0K(220672K) From: 2048K(2048K)->16896K(16896K)
[376.497s][info][gc,heap        ] GC(1008) ParOldGen: 124541K(175104K)->131749K(175104K)
[376.497s][info][gc,metaspace   ] GC(1008) Metaspace: 35353K(35968K)->35353K(35968K) NonClass: 29081K(29504K)->29081K(29504K) Class: 6271K(6464K)->6271K(6464K)
[376.497s][info][gc             ] GC(1008) Pause Young (Allocation Failure) 339M->145M(403M) 40.433ms
[376.497s][info][gc,cpu         ] GC(1008) User=0.08s Sys=0.00s Real=0.04s
[376.582s][info][gc,start       ] GC(1009) Pause Young (Allocation Failure)
[376.592s][info][gc,heap        ] GC(1009) PSYoungGen: 237568K(237568K)->3488K(284672K) Eden: 220672K(220672K)->0K(264704K) From: 16896K(16896K)->3488K(19968K)
[376.592s][info][gc,heap        ] GC(1009) ParOldGen: 131749K(175104K)->132005K(175104K)
[376.592s][info][gc,metaspace   ] GC(1009) Metaspace: 35353K(35968K)->35353K(35968K) NonClass: 29081K(29504K)->29081K(29504K) Class: 6271K(6464K)->6271K(6464K)
[376.592s][info][gc             ] GC(1009) Pause Young (Allocation Failure) 360M->132M(449M) 9.326ms
[376.592s][info][gc,cpu         ] GC(1009) User=0.02s Sys=0.01s Real=0.01s
[377.019s][info][gc,start       ] GC(1010) Pause Young (Allocation Failure)
[377.019s][info][gc,heap        ] GC(1010) PSYoungGen: 268192K(284672K)->64K(286208K) Eden: 264704K(264704K)->0K(264704K) From: 3488K(19968K)->64K(21504K)
[377.019s][info][gc,heap        ] GC(1010) ParOldGen: 132005K(175104K)->132013K(175104K)
[377.019s][info][gc,metaspace   ] GC(1010) Metaspace: 35353K(35968K)->35353K(35968K) NonClass: 29081K(29504K)->29081K(29504K) Class: 6271K(6464K)->6271K(6464K)
[377.019s][info][gc             ] GC(1010) Pause Young (Allocation Failure) 390M->128M(450M) 0.923ms
[377.020s][info][gc,cpu         ] GC(1010) User=0.00s Sys=0.00s Real=0.00s
[377.564s][info][gc,start       ] GC(1011) Pause Young (Allocation Failure)
[377.564s][info][gc,heap        ] GC(1011) PSYoungGen: 264768K(286208K)->64K(310784K) Eden: 264704K(264704K)->0K(291328K) From: 64K(21504K)->64K(19456K)
[377.564s][info][gc,heap        ] GC(1011) ParOldGen: 132013K(175104K)->132021K(175104K)
[377.564s][info][gc,metaspace   ] GC(1011) Metaspace: 35353K(35968K)->35353K(35968K) NonClass: 29081K(29504K)->29081K(29504K) Class: 6271K(6464K)->6271K(6464K)
[377.564s][info][gc             ] GC(1011) Pause Young (Allocation Failure) 387M->128M(474M) 0.867ms
[377.565s][info][gc,cpu         ] GC(1011) User=0.01s Sys=0.00s Real=0.00s
[378.022s][info][gc,start       ] GC(1012) Pause Young (Allocation Failure)
[378.023s][info][gc,heap        ] GC(1012) PSYoungGen: 291392K(310784K)->64K(311808K) Eden: 291328K(291328K)->0K(291328K) From: 64K(19456K)->64K(20480K)
[378.023s][info][gc,heap        ] GC(1012) ParOldGen: 132021K(175104K)->132037K(175104K)
[378.023s][info][gc,metaspace   ] GC(1012) Metaspace: 35353K(35968K)->35353K(35968K) NonClass: 29081K(29504K)->29081K(29504K) Class: 6271K(6464K)->6271K(6464K)
[378.023s][info][gc             ] GC(1012) Pause Young (Allocation Failure) 413M->129M(475M) 0.895ms
[378.023s][info][gc,cpu         ] GC(1012) User=0.00s Sys=0.00s Real=0.00s
[378.237s][info][gc,start       ] GC(1013) Pause Young (Allocation Failure)
[378.238s][info][gc,heap        ] GC(1013) PSYoungGen: 291392K(311808K)->64K(310784K) Eden: 291328K(291328K)->0K(293376K) From: 64K(20480K)->64K(17408K)
[378.238s][info][gc,heap        ] GC(1013) ParOldGen: 132037K(175104K)->132053K(175104K)
[378.238s][info][gc,metaspace   ] GC(1013) Metaspace: 35353K(35968K)->35353K(35968K) NonClass: 29081K(29504K)->29081K(29504K) Class: 6271K(6464K)->6271K(6464K)
[378.238s][info][gc             ] GC(1013) Pause Young (Allocation Failure) 413M->129M(474M) 0.882ms
[378.238s][info][gc,cpu         ] GC(1013) User=0.00s Sys=0.00s Real=0.00s
[378.460s][info][gc,start       ] GC(1014) Pause Young (Allocation Failure)
[378.461s][info][gc,heap        ] GC(1014) PSYoungGen: 293440K(310784K)->64K(312320K) Eden: 293376K(293376K)->0K(293376K) From: 64K(17408K)->64K(18944K)
[378.461s][info][gc,heap        ] GC(1014) ParOldGen: 132053K(175104K)->132053K(175104K)
[378.461s][info][gc,metaspace   ] GC(1014) Metaspace: 35353K(35968K)->35353K(35968K) NonClass: 29081K(29504K)->29081K(29504K) Class: 6271K(6464K)->6271K(6464K)
[378.461s][info][gc             ] GC(1014) Pause Young (Allocation Failure) 415M->129M(476M) 0.843ms
[378.461s][info][gc,cpu         ] GC(1014) User=0.00s Sys=0.00s Real=0.01s
[378.813s][info][gc,start       ] GC(1015) Pause Young (Allocation Failure)
[378.813s][info][gc,heap        ] GC(1015) PSYoungGen: 293440K(312320K)->64K(312320K) Eden: 293376K(293376K)->0K(296448K) From: 64K(18944K)->64K(15872K)
[378.814s][info][gc,heap        ] GC(1015) ParOldGen: 132053K(175104K)->132053K(175104K)
[378.814s][info][gc,metaspace   ] GC(1015) Metaspace: 35353K(35968K)->35353K(35968K) NonClass: 29081K(29504K)->29081K(29504K) Class: 6271K(6464K)->6271K(6464K)
[378.814s][info][gc             ] GC(1015) Pause Young (Allocation Failure) 415M->129M(476M) 0.869ms
[378.814s][info][gc,cpu         ] GC(1015) User=0.01s Sys=0.00s Real=0.00s
[378.927s][info][gc,start       ] GC(1016) Pause Young (Allocation Failure)
[378.928s][info][gc,heap        ] GC(1016) PSYoungGen: 296512K(312320K)->64K(313856K) Eden: 296448K(296448K)->0K(296448K) From: 64K(15872K)->64K(17408K)
[378.928s][info][gc,heap        ] GC(1016) ParOldGen: 132053K(175104K)->132061K(175104K)
[378.928s][info][gc,metaspace   ] GC(1016) Metaspace: 35353K(35968K)->35353K(35968K) NonClass: 29081K(29504K)->29081K(29504K) Class: 6271K(6464K)->6271K(6464K)
[378.928s][info][gc             ] GC(1016) Pause Young (Allocation Failure) 418M->129M(477M) 0.831ms
[378.928s][info][gc,cpu         ] GC(1016) User=0.00s Sys=0.00s Real=0.00s
[378.983s][info][gc,start       ] GC(1017) Pause Young (Allocation Failure)
[378.984s][info][gc,heap        ] GC(1017) PSYoungGen: 296512K(313856K)->64K(314880K) Eden: 296448K(296448K)->0K(300032K) From: 64K(17408K)->64K(14848K)
[378.984s][info][gc,heap        ] GC(1017) ParOldGen: 132061K(175104K)->132077K(175104K)
[378.984s][info][gc,metaspace   ] GC(1017) Metaspace: 35353K(35968K)->35353K(35968K) NonClass: 29081K(29504K)->29081K(29504K) Class: 6271K(6464K)->6271K(6464K)
[378.984s][info][gc             ] GC(1017) Pause Young (Allocation Failure) 418M->129M(478M) 0.786ms
[378.984s][info][gc,cpu         ] GC(1017) User=0.00s Sys=0.00s Real=0.00s
[379.144s][info][gc,start       ] GC(1018) Pause Young (Allocation Failure)
[379.144s][info][gc,heap        ] GC(1018) PSYoungGen: 300096K(314880K)->64K(315904K) Eden: 300032K(300032K)->0K(300032K) From: 64K(14848K)->64K(15872K)
[379.144s][info][gc,heap        ] GC(1018) ParOldGen: 132077K(175104K)->132077K(175104K)
[379.145s][info][gc,metaspace   ] GC(1018) Metaspace: 35353K(35968K)->35353K(35968K) NonClass: 29081K(29504K)->29081K(29504K) Class: 6271K(6464K)->6271K(6464K)
[379.145s][info][gc             ] GC(1018) Pause Young (Allocation Failure) 422M->129M(479M) 0.898ms
[379.145s][info][gc,cpu         ] GC(1018) User=0.00s Sys=0.00s Real=0.00s
[379.365s][info][gc,start       ] GC(1019) Pause Young (Allocation Failure)
[379.365s][info][gc,heap        ] GC(1019) PSYoungGen: 300096K(315904K)->64K(315904K) Eden: 300032K(300032K)->0K(303104K) From: 64K(15872K)->64K(12800K)
[379.366s][info][gc,heap        ] GC(1019) ParOldGen: 132077K(175104K)->132085K(175104K)
[379.366s][info][gc,metaspace   ] GC(1019) Metaspace: 35353K(35968K)->35353K(35968K) NonClass: 29081K(29504K)->29081K(29504K) Class: 6271K(6464K)->6271K(6464K)
[379.366s][info][gc             ] GC(1019) Pause Young (Allocation Failure) 422M->129M(479M) 0.847ms
[379.366s][info][gc,cpu         ] GC(1019) User=0.00s Sys=0.00s Real=0.00s
[379.518s][info][gc,start       ] GC(1020) Pause Young (Allocation Failure)
[379.519s][info][gc,heap        ] GC(1020) PSYoungGen: 303168K(315904K)->64K(291328K) Eden: 303104K(303104K)->0K(290816K) From: 64K(12800K)->64K(512K)
[379.519s][info][gc,heap        ] GC(1020) ParOldGen: 132085K(175104K)->132093K(175104K)
[379.519s][info][gc,metaspace   ] GC(1020) Metaspace: 35353K(35968K)->35353K(35968K) NonClass: 29081K(29504K)->29081K(29504K) Class: 6271K(6464K)->6271K(6464K)
[379.519s][info][gc             ] GC(1020) Pause Young (Allocation Failure) 425M->129M(455M) 0.890ms
[379.519s][info][gc,cpu         ] GC(1020) User=0.00s Sys=0.00s Real=0.00s
[379.596s][info][gc,start       ] GC(1021) Pause Young (Allocation Failure)
[379.597s][info][gc,heap        ] GC(1021) PSYoungGen: 290880K(291328K)->64K(280064K) Eden: 290816K(290816K)->0K(279552K) From: 64K(512K)->64K(512K)
[379.597s][info][gc,heap        ] GC(1021) ParOldGen: 132093K(175104K)->132109K(175104K)
[379.597s][info][gc,metaspace   ] GC(1021) Metaspace: 35353K(35968K)->35353K(35968K) NonClass: 29081K(29504K)->29081K(29504K) Class: 6271K(6464K)->6271K(6464K)
[379.597s][info][gc             ] GC(1021) Pause Young (Allocation Failure) 413M->129M(444M) 0.850ms
[379.597s][info][gc,cpu         ] GC(1021) User=0.00s Sys=0.00s Real=0.00s
[379.747s][info][gc,start       ] GC(1022) Pause Young (Allocation Failure)
[379.747s][info][gc,heap        ] GC(1022) PSYoungGen: 279616K(280064K)->64K(281088K) Eden: 279552K(279552K)->0K(268800K) From: 64K(512K)->64K(12288K)
[379.747s][info][gc,heap        ] GC(1022) ParOldGen: 132109K(175104K)->132109K(175104K)
[379.747s][info][gc,metaspace   ] GC(1022) Metaspace: 35353K(35968K)->35353K(35968K) NonClass: 29081K(29504K)->29081K(29504K) Class: 6271K(6464K)->6271K(6464K)
[379.747s][info][gc             ] GC(1022) Pause Young (Allocation Failure) 402M->129M(445M) 0.789ms
[379.747s][info][gc,cpu         ] GC(1022) User=0.00s Sys=0.00s Real=0.00s
[380.130s][info][gc,start       ] GC(1023) Pause Young (Allocation Failure)
[380.132s][info][gc,heap        ] GC(1023) PSYoungGen: 268864K(281088K)->64K(259072K) Eden: 268800K(268800K)->0K(258560K) From: 64K(12288K)->64K(512K)
[380.132s][info][gc,heap        ] GC(1023) ParOldGen: 132109K(175104K)->132117K(175104K)
[380.132s][info][gc,metaspace   ] GC(1023) Metaspace: 35353K(35968K)->35353K(35968K) NonClass: 29081K(29504K)->29081K(29504K) Class: 6271K(6464K)->6271K(6464K)
[380.132s][info][gc             ] GC(1023) Pause Young (Allocation Failure) 391M->129M(424M) 1.737ms
[380.132s][info][gc,cpu         ] GC(1023) User=0.00s Sys=0.00s Real=0.01s
[380.771s][info][gc,start       ] GC(1024) Pause Young (Allocation Failure)
[380.772s][info][gc,heap        ] GC(1024) PSYoungGen: 258624K(259072K)->64K(259584K) Eden: 258560K(258560K)->0K(248832K) From: 64K(512K)->64K(10752K)
[380.772s][info][gc,heap        ] GC(1024) ParOldGen: 132117K(175104K)->132125K(175104K)
[380.772s][info][gc,metaspace   ] GC(1024) Metaspace: 35353K(35968K)->35353K(35968K) NonClass: 29081K(29504K)->29081K(29504K) Class: 6271K(6464K)->6271K(6464K)
[380.772s][info][gc             ] GC(1024) Pause Young (Allocation Failure) 381M->129M(424M) 0.876ms
[380.772s][info][gc,cpu         ] GC(1024) User=0.00s Sys=0.00s Real=0.00s
[381.712s][info][gc,start       ] GC(1025) Pause Young (Allocation Failure)
[381.714s][info][gc,heap        ] GC(1025) PSYoungGen: 248896K(259584K)->64K(239616K) Eden: 248832K(248832K)->0K(239104K) From: 64K(10752K)->64K(512K)
[381.714s][info][gc,heap        ] GC(1025) ParOldGen: 132125K(175104K)->132133K(175104K)
[381.714s][info][gc,metaspace   ] GC(1025) Metaspace: 35353K(35968K)->35353K(35968K) NonClass: 29081K(29504K)->29081K(29504K) Class: 6271K(6464K)->6271K(6464K)
[381.714s][info][gc             ] GC(1025) Pause Young (Allocation Failure) 372M->129M(405M) 2.450ms
[381.714s][info][gc,cpu         ] GC(1025) User=0.00s Sys=0.00s Real=0.00s
[382.057s][info][gc,start       ] GC(1026) Pause Young (Allocation Failure)
[382.059s][info][gc,heap        ] GC(1026) PSYoungGen: 239168K(239616K)->64K(239616K) Eden: 239104K(239104K)->0K(229888K) From: 64K(512K)->64K(9728K)
[382.059s][info][gc,heap        ] GC(1026) ParOldGen: 132133K(175104K)->132149K(175104K)
[382.059s][info][gc,metaspace   ] GC(1026) Metaspace: 35353K(35968K)->35353K(35968K) NonClass: 29081K(29504K)->29081K(29504K) Class: 6271K(6464K)->6271K(6464K)
[382.059s][info][gc             ] GC(1026) Pause Young (Allocation Failure) 362M->129M(405M) 1.470ms
[382.059s][info][gc,cpu         ] GC(1026) User=0.00s Sys=0.00s Real=0.00s
[382.368s][info][gc,start       ] GC(1027) Pause Young (Allocation Failure)
[382.370s][info][gc,heap        ] GC(1027) PSYoungGen: 229952K(239616K)->64K(221696K) Eden: 229888K(229888K)->0K(221184K) From: 64K(9728K)->64K(512K)
[382.370s][info][gc,heap        ] GC(1027) ParOldGen: 132149K(175104K)->132165K(175104K)
[382.370s][info][gc,metaspace   ] GC(1027) Metaspace: 35353K(35968K)->35353K(35968K) NonClass: 29081K(29504K)->29081K(29504K) Class: 6271K(6464K)->6271K(6464K)
[382.370s][info][gc             ] GC(1027) Pause Young (Allocation Failure) 353M->129M(387M) 2.117ms
[382.370s][info][gc,cpu         ] GC(1027) User=0.00s Sys=0.00s Real=0.00s
[383.271s][info][gc,start       ] GC(1028) Pause Young (Allocation Failure)
[383.272s][info][gc,heap        ] GC(1028) PSYoungGen: 221248K(221696K)->64K(221184K) Eden: 221184K(221184K)->0K(212992K) From: 64K(512K)->64K(8192K)
[383.272s][info][gc,heap        ] GC(1028) ParOldGen: 132165K(175104K)->132181K(175104K)
[383.272s][info][gc,metaspace   ] GC(1028) Metaspace: 35353K(35968K)->35353K(35968K) NonClass: 29081K(29504K)->29081K(29504K) Class: 6271K(6464K)->6271K(6464K)
[383.272s][info][gc             ] GC(1028) Pause Young (Allocation Failure) 345M->129M(387M) 1.398ms
[383.272s][info][gc,cpu         ] GC(1028) User=0.00s Sys=0.00s Real=0.00s
[383.623s][info][gc,start       ] GC(1029) Pause Young (Allocation Failure)
[383.626s][info][gc,heap        ] GC(1029) PSYoungGen: 213056K(221184K)->64K(205824K) Eden: 212992K(212992K)->0K(205312K) From: 64K(8192K)->64K(512K)
[383.626s][info][gc,heap        ] GC(1029) ParOldGen: 132181K(175104K)->132197K(175104K)
[383.626s][info][gc,metaspace   ] GC(1029) Metaspace: 35353K(35968K)->35353K(35968K) NonClass: 29081K(29504K)->29081K(29504K) Class: 6271K(6464K)->6271K(6464K)
[383.626s][info][gc             ] GC(1029) Pause Young (Allocation Failure) 337M->129M(372M) 2.214ms
[383.626s][info][gc,cpu         ] GC(1029) User=0.00s Sys=0.00s Real=0.00s
[383.787s][info][gc,start       ] GC(1030) Pause Young (Allocation Failure)
[383.788s][info][gc,heap        ] GC(1030) PSYoungGen: 205376K(205824K)->64K(204800K) Eden: 205312K(205312K)->0K(197632K) From: 64K(512K)->64K(7168K)
[383.788s][info][gc,heap        ] GC(1030) ParOldGen: 132197K(175104K)->132213K(175104K)
[383.788s][info][gc,metaspace   ] GC(1030) Metaspace: 35353K(35968K)->35353K(35968K) NonClass: 29081K(29504K)->29081K(29504K) Class: 6271K(6464K)->6271K(6464K)
[383.788s][info][gc             ] GC(1030) Pause Young (Allocation Failure) 329M->129M(371M) 1.346ms
[383.788s][info][gc,cpu         ] GC(1030) User=0.00s Sys=0.00s Real=0.00s
[383.852s][info][gc,start       ] GC(1031) Pause Young (Allocation Failure)
[383.854s][info][gc,heap        ] GC(1031) PSYoungGen: 197696K(204800K)->64K(190976K) Eden: 197632K(197632K)->0K(190464K) From: 64K(7168K)->64K(512K)
[383.854s][info][gc,heap        ] GC(1031) ParOldGen: 132213K(175104K)->132221K(175104K)
[383.854s][info][gc,metaspace   ] GC(1031) Metaspace: 35353K(35968K)->35353K(35968K) NonClass: 29081K(29504K)->29081K(29504K) Class: 6271K(6464K)->6271K(6464K)
[383.854s][info][gc             ] GC(1031) Pause Young (Allocation Failure) 322M->129M(357M) 1.880ms
[383.854s][info][gc,cpu         ] GC(1031) User=0.00s Sys=0.01s Real=0.00s
[384.239s][info][gc,start       ] GC(1032) Pause Young (Allocation Failure)
[384.240s][info][gc,heap        ] GC(1032) PSYoungGen: 190528K(190976K)->32K(189952K) Eden: 190464K(190464K)->0K(183808K) From: 64K(512K)->32K(6144K)
[384.240s][info][gc,heap        ] GC(1032) ParOldGen: 132221K(175104K)->132229K(175104K)
[384.240s][info][gc,metaspace   ] GC(1032) Metaspace: 35353K(35968K)->35353K(35968K) NonClass: 29081K(29504K)->29081K(29504K) Class: 6271K(6464K)->6271K(6464K)
[384.240s][info][gc             ] GC(1032) Pause Young (Allocation Failure) 315M->129M(356M) 1.379ms
[384.240s][info][gc,cpu         ] GC(1032) User=0.00s Sys=0.00s Real=0.00s
[384.528s][info][gc,start       ] GC(1033) Pause Young (Allocation Failure)
[384.529s][info][gc,heap        ] GC(1033) PSYoungGen: 183840K(189952K)->64K(177664K) Eden: 183808K(183808K)->0K(177152K) From: 32K(6144K)->64K(512K)
[384.529s][info][gc,heap        ] GC(1033) ParOldGen: 132229K(175104K)->132237K(175104K)
[384.529s][info][gc,metaspace   ] GC(1033) Metaspace: 35353K(35968K)->35353K(35968K) NonClass: 29081K(29504K)->29081K(29504K) Class: 6271K(6464K)->6271K(6464K)
[384.529s][info][gc             ] GC(1033) Pause Young (Allocation Failure) 308M->129M(344M) 1.278ms
[384.529s][info][gc,cpu         ] GC(1033) User=0.00s Sys=0.00s Real=0.00s
[384.780s][info][gc,start       ] GC(1034) Pause Young (Allocation Failure)
[384.780s][info][gc,heap        ] GC(1034) PSYoungGen: 177216K(177664K)->64K(176640K) Eden: 177152K(177152K)->0K(171008K) From: 64K(512K)->64K(5632K)
[384.780s][info][gc,heap        ] GC(1034) ParOldGen: 132237K(175104K)->132245K(175104K)
[384.780s][info][gc,metaspace   ] GC(1034) Metaspace: 35353K(35968K)->35353K(35968K) NonClass: 29081K(29504K)->29081K(29504K) Class: 6271K(6464K)->6271K(6464K)
[384.780s][info][gc             ] GC(1034) Pause Young (Allocation Failure) 302M->129M(343M) 0.818ms
[384.780s][info][gc,cpu         ] GC(1034) User=0.00s Sys=0.00s Real=0.00s
[385.023s][info][gc,start       ] GC(1035) Pause Young (Allocation Failure)
[385.046s][info][gc,heap        ] GC(1035) PSYoungGen: 171072K(176640K)->5120K(209408K) Eden: 171008K(171008K)->0K(204288K) From: 64K(5632K)->5120K(5120K)
[385.046s][info][gc,heap        ] GC(1035) ParOldGen: 132245K(175104K)->141021K(175104K)
[385.046s][info][gc,metaspace   ] GC(1035) Metaspace: 35353K(35968K)->35353K(35968K) NonClass: 29081K(29504K)->29081K(29504K) Class: 6271K(6464K)->6271K(6464K)
[385.046s][info][gc             ] GC(1035) Pause Young (Allocation Failure) 296M->142M(375M) 23.134ms
[385.046s][info][gc,cpu         ] GC(1035) User=0.04s Sys=0.00s Real=0.02s
[385.274s][info][gc,start       ] GC(1036) Pause Young (Allocation Failure)
[385.312s][info][gc,heap        ] GC(1036) PSYoungGen: 209408K(209408K)->9728K(248320K) Eden: 204288K(204288K)->0K(238592K) From: 5120K(5120K)->9728K(9728K)
[385.312s][info][gc,heap        ] GC(1036) ParOldGen: 141021K(175104K)->153293K(175104K)
[385.312s][info][gc,metaspace   ] GC(1036) Metaspace: 35353K(35968K)->35353K(35968K) NonClass: 29081K(29504K)->29081K(29504K) Class: 6271K(6464K)->6271K(6464K)
[385.312s][info][gc             ] GC(1036) Pause Young (Allocation Failure) 342M->159M(413M) 38.115ms
[385.312s][info][gc,cpu         ] GC(1036) User=0.07s Sys=0.00s Real=0.04s
[385.582s][info][gc,start       ] GC(1037) Pause Young (Allocation Failure)
[385.633s][info][gc,heap        ] GC(1037) PSYoungGen: 248320K(248320K)->16384K(254464K) Eden: 238592K(238592K)->0K(238080K) From: 9728K(9728K)->16384K(16384K)
[385.633s][info][gc,heap        ] GC(1037) ParOldGen: 153293K(175104K)->162653K(175104K)
[385.633s][info][gc,metaspace   ] GC(1037) Metaspace: 35353K(35968K)->35353K(35968K) NonClass: 29081K(29504K)->29081K(29504K) Class: 6271K(6464K)->6271K(6464K)
[385.633s][info][gc             ] GC(1037) Pause Young (Allocation Failure) 392M->174M(419M) 51.705ms
[385.633s][info][gc,cpu         ] GC(1037) User=0.09s Sys=0.01s Real=0.05s
[385.761s][info][gc,start       ] GC(1038) Pause Young (Allocation Failure)
[385.776s][info][gc,heap        ] GC(1038) PSYoungGen: 254464K(254464K)->8096K(261120K) Eden: 238080K(238080K)->0K(238080K) From: 16384K(16384K)->8096K(23040K)
[385.776s][info][gc,heap        ] GC(1038) ParOldGen: 162653K(175104K)->162989K(175104K)
[385.776s][info][gc,metaspace   ] GC(1038) Metaspace: 35353K(35968K)->35353K(35968K) NonClass: 29081K(29504K)->29081K(29504K) Class: 6271K(6464K)->6271K(6464K)
[385.776s][info][gc             ] GC(1038) Pause Young (Allocation Failure) 407M->167M(426M) 15.018ms
[385.776s][info][gc,cpu         ] GC(1038) User=0.02s Sys=0.00s Real=0.01s
[386.057s][info][gc,start       ] GC(1039) Pause Young (Allocation Failure)
[386.058s][info][gc,heap        ] GC(1039) PSYoungGen: 246176K(261120K)->64K(306176K) Eden: 238080K(238080K)->0K(285184K) From: 8096K(23040K)->64K(20992K)
[386.058s][info][gc,heap        ] GC(1039) ParOldGen: 162989K(175104K)->162997K(175104K)
[386.058s][info][gc,metaspace   ] GC(1039) Metaspace: 35353K(35968K)->35353K(35968K) NonClass: 29081K(29504K)->29081K(29504K) Class: 6271K(6464K)->6271K(6464K)
[386.058s][info][gc             ] GC(1039) Pause Young (Allocation Failure) 399M->159M(470M) 0.983ms
[386.058s][info][gc,cpu         ] GC(1039) User=0.00s Sys=0.00s Real=0.00s
[386.710s][info][gc,start       ] GC(1040) Pause Young (Allocation Failure)
[386.710s][info][gc,heap        ] GC(1040) PSYoungGen: 285248K(306176K)->64K(306688K) Eden: 285184K(285184K)->0K(285184K) From: 64K(20992K)->64K(21504K)
[386.711s][info][gc,heap        ] GC(1040) ParOldGen: 162997K(175104K)->163005K(175104K)
[386.711s][info][gc,metaspace   ] GC(1040) Metaspace: 35353K(35968K)->35353K(35968K) NonClass: 29081K(29504K)->29081K(29504K) Class: 6271K(6464K)->6271K(6464K)
[386.711s][info][gc             ] GC(1040) Pause Young (Allocation Failure) 437M->159M(470M) 0.940ms
[386.711s][info][gc,cpu         ] GC(1040) User=0.00s Sys=0.00s Real=0.00s
[387.161s][info][gc,start       ] GC(1041) Pause Young (Allocation Failure)
[387.162s][info][gc,heap        ] GC(1041) PSYoungGen: 285248K(306688K)->64K(311296K) Eden: 285184K(285184K)->0K(291328K) From: 64K(21504K)->64K(19968K)
[387.162s][info][gc,heap        ] GC(1041) ParOldGen: 163005K(175104K)->163021K(175104K)
[387.162s][info][gc,metaspace   ] GC(1041) Metaspace: 35353K(35968K)->35353K(35968K) NonClass: 29081K(29504K)->29081K(29504K) Class: 6271K(6464K)->6271K(6464K)
[387.162s][info][gc             ] GC(1041) Pause Young (Allocation Failure) 437M->159M(475M) 0.984ms
[387.162s][info][gc,cpu         ] GC(1041) User=0.01s Sys=0.00s Real=0.00s
[387.381s][info][gc,start       ] GC(1042) Pause Young (Allocation Failure)
[387.383s][info][gc,heap        ] GC(1042) PSYoungGen: 291392K(311296K)->64K(311808K) Eden: 291328K(291328K)->0K(291328K) From: 64K(19968K)->64K(20480K)
[387.383s][info][gc,heap        ] GC(1042) ParOldGen: 163021K(175104K)->163037K(175104K)
[387.383s][info][gc,metaspace   ] GC(1042) Metaspace: 35353K(35968K)->35353K(35968K) NonClass: 29081K(29504K)->29081K(29504K) Class: 6271K(6464K)->6271K(6464K)
[387.383s][info][gc             ] GC(1042) Pause Young (Allocation Failure) 443M->159M(475M) 1.208ms
[387.383s][info][gc,cpu         ] GC(1042) User=0.00s Sys=0.00s Real=0.00s
[387.599s][info][gc,start       ] GC(1043) Pause Young (Allocation Failure)
[387.600s][info][gc,heap        ] GC(1043) PSYoungGen: 291392K(311808K)->32K(312832K) Eden: 291328K(291328K)->0K(293888K) From: 64K(20480K)->32K(18944K)
[387.600s][info][gc,heap        ] GC(1043) ParOldGen: 163037K(175104K)->163037K(175104K)
[387.600s][info][gc,metaspace   ] GC(1043) Metaspace: 35353K(35968K)->35353K(35968K) NonClass: 29081K(29504K)->29081K(29504K) Class: 6271K(6464K)->6271K(6464K)
[387.600s][info][gc             ] GC(1043) Pause Young (Allocation Failure) 443M->159M(476M) 1.548ms
[387.600s][info][gc,cpu         ] GC(1043) User=0.00s Sys=0.00s Real=0.00s
[387.945s][info][gc,start       ] GC(1044) Pause Young (Allocation Failure)
[387.947s][info][gc,heap        ] GC(1044) PSYoungGen: 293920K(312832K)->64K(312832K) Eden: 293888K(293888K)->0K(293888K) From: 32K(18944K)->64K(18944K)
[387.947s][info][gc,heap        ] GC(1044) ParOldGen: 163037K(175104K)->163037K(175104K)
[387.947s][info][gc,metaspace   ] GC(1044) Metaspace: 35353K(35968K)->35353K(35968K) NonClass: 29081K(29504K)->29081K(29504K) Class: 6271K(6464K)->6271K(6464K)
[387.947s][info][gc             ] GC(1044) Pause Young (Allocation Failure) 446M->159M(476M) 1.478ms
[387.947s][info][gc,cpu         ] GC(1044) User=0.00s Sys=0.00s Real=0.00s
[388.089s][info][gc,start       ] GC(1045) Pause Young (Allocation Failure)
[388.091s][info][gc,heap        ] GC(1045) PSYoungGen: 293952K(312832K)->64K(313856K) Eden: 293888K(293888K)->0K(296960K) From: 64K(18944K)->64K(16896K)
[388.091s][info][gc,heap        ] GC(1045) ParOldGen: 163037K(175104K)->163053K(175104K)
[388.091s][info][gc,metaspace   ] GC(1045) Metaspace: 35353K(35968K)->35353K(35968K) NonClass: 29081K(29504K)->29081K(29504K) Class: 6271K(6464K)->6271K(6464K)
[388.091s][info][gc             ] GC(1045) Pause Young (Allocation Failure) 446M->159M(477M) 1.538ms
[388.091s][info][gc,cpu         ] GC(1045) User=0.00s Sys=0.00s Real=0.01s
[388.148s][info][gc,start       ] GC(1046) Pause Young (Allocation Failure)
[388.149s][info][gc,heap        ] GC(1046) PSYoungGen: 297024K(313856K)->32K(313856K) Eden: 296960K(296960K)->0K(296960K) From: 64K(16896K)->32K(16896K)
[388.149s][info][gc,heap        ] GC(1046) ParOldGen: 163053K(175104K)->163061K(175104K)
[388.149s][info][gc,metaspace   ] GC(1046) Metaspace: 35353K(35968K)->35353K(35968K) NonClass: 29081K(29504K)->29081K(29504K) Class: 6271K(6464K)->6271K(6464K)
[388.149s][info][gc             ] GC(1046) Pause Young (Allocation Failure) 449M->159M(477M) 1.354ms
[388.149s][info][gc,cpu         ] GC(1046) User=0.00s Sys=0.00s Real=0.00s
[388.263s][info][gc,start       ] GC(1047) Pause Young (Allocation Failure)
[388.264s][info][gc,heap        ] GC(1047) PSYoungGen: 296992K(313856K)->32K(315392K) Eden: 296960K(296960K)->0K(300544K) From: 32K(16896K)->32K(14848K)
[388.264s][info][gc,heap        ] GC(1047) ParOldGen: 163061K(175104K)->163061K(175104K)
[388.264s][info][gc,metaspace   ] GC(1047) Metaspace: 35353K(35968K)->35353K(35968K) NonClass: 29081K(29504K)->29081K(29504K) Class: 6271K(6464K)->6271K(6464K)
[388.264s][info][gc             ] GC(1047) Pause Young (Allocation Failure) 449M->159M(479M) 1.379ms
[388.264s][info][gc,cpu         ] GC(1047) User=0.00s Sys=0.00s Real=0.00s
[388.487s][info][gc,start       ] GC(1048) Pause Young (Allocation Failure)
[388.488s][info][gc,heap        ] GC(1048) PSYoungGen: 300576K(315392K)->64K(315904K) Eden: 300544K(300544K)->0K(300544K) From: 32K(14848K)->64K(15360K)
[388.488s][info][gc,heap        ] GC(1048) ParOldGen: 163061K(175104K)->163077K(175104K)
[388.488s][info][gc,metaspace   ] GC(1048) Metaspace: 35353K(35968K)->35353K(35968K) NonClass: 29081K(29504K)->29081K(29504K) Class: 6271K(6464K)->6271K(6464K)
[388.488s][info][gc             ] GC(1048) Pause Young (Allocation Failure) 452M->159M(479M) 1.540ms
[388.488s][info][gc,cpu         ] GC(1048) User=0.00s Sys=0.00s Real=0.00s
[388.656s][info][gc,start       ] GC(1049) Pause Young (Allocation Failure)
[388.658s][info][gc,heap        ] GC(1049) PSYoungGen: 300608K(315904K)->64K(317952K) Eden: 300544K(300544K)->0K(304128K) From: 64K(15360K)->64K(13824K)
[388.658s][info][gc,heap        ] GC(1049) ParOldGen: 163077K(175104K)->163085K(175104K)
[388.658s][info][gc,metaspace   ] GC(1049) Metaspace: 35353K(35968K)->35353K(35968K) NonClass: 29081K(29504K)->29081K(29504K) Class: 6271K(6464K)->6271K(6464K)
[388.658s][info][gc             ] GC(1049) Pause Young (Allocation Failure) 452M->159M(481M) 1.664ms
[388.658s][info][gc,cpu         ] GC(1049) User=0.00s Sys=0.00s Real=0.00s
[388.743s][info][gc,start       ] GC(1050) Pause Young (Allocation Failure)
[388.745s][info][gc,heap        ] GC(1050) PSYoungGen: 304192K(317952K)->32K(317952K) Eden: 304128K(304128K)->0K(304128K) From: 64K(13824K)->32K(13824K)
[388.745s][info][gc,heap        ] GC(1050) ParOldGen: 163085K(175104K)->163101K(175104K)
[388.745s][info][gc,metaspace   ] GC(1050) Metaspace: 35353K(35968K)->35353K(35968K) NonClass: 29081K(29504K)->29081K(29504K) Class: 6271K(6464K)->6271K(6464K)
[388.745s][info][gc             ] GC(1050) Pause Young (Allocation Failure) 456M->159M(481M) 1.546ms
[388.745s][info][gc,cpu         ] GC(1050) User=0.00s Sys=0.00s Real=0.00s
[388.901s][info][gc,start       ] GC(1051) Pause Young (Allocation Failure)
[388.903s][info][gc,heap        ] GC(1051) PSYoungGen: 304160K(317952K)->64K(318976K) Eden: 304128K(304128K)->0K(307200K) From: 32K(13824K)->64K(11776K)
[388.903s][info][gc,heap        ] GC(1051) ParOldGen: 163101K(175104K)->163101K(175104K)
[388.903s][info][gc,metaspace   ] GC(1051) Metaspace: 35353K(35968K)->35353K(35968K) NonClass: 29081K(29504K)->29081K(29504K) Class: 6271K(6464K)->6271K(6464K)
[388.903s][info][gc             ] GC(1051) Pause Young (Allocation Failure) 456M->159M(482M) 1.532ms
[388.903s][info][gc,cpu         ] GC(1051) User=0.00s Sys=0.00s Real=0.00s
[389.918s][info][gc,start       ] GC(1052) Pause Young (Allocation Failure)
[389.920s][info][gc,heap        ] GC(1052) PSYoungGen: 307264K(318976K)->96K(318976K) Eden: 307200K(307200K)->0K(307200K) From: 64K(11776K)->96K(11776K)
[389.920s][info][gc,heap        ] GC(1052) ParOldGen: 163101K(175104K)->163109K(175104K)
[389.920s][info][gc,metaspace   ] GC(1052) Metaspace: 35353K(35968K)->35353K(35968K) NonClass: 29081K(29504K)->29081K(29504K) Class: 6271K(6464K)->6271K(6464K)
[389.920s][info][gc             ] GC(1052) Pause Young (Allocation Failure) 459M->159M(482M) 1.636ms
[389.920s][info][gc,cpu         ] GC(1052) User=0.00s Sys=0.00s Real=0.00s
[390.791s][info][gc,start       ] GC(1053) Pause Young (Allocation Failure)
[390.793s][info][gc,heap        ] GC(1053) PSYoungGen: 307296K(318976K)->64K(295424K) Eden: 307200K(307200K)->0K(294912K) From: 96K(11776K)->64K(512K)
[390.793s][info][gc,heap        ] GC(1053) ParOldGen: 163109K(175104K)->163125K(175104K)
[390.793s][info][gc,metaspace   ] GC(1053) Metaspace: 35353K(35968K)->35353K(35968K) NonClass: 29081K(29504K)->29081K(29504K) Class: 6271K(6464K)->6271K(6464K)
[390.793s][info][gc             ] GC(1053) Pause Young (Allocation Failure) 459M->159M(459M) 1.567ms
[390.793s][info][gc,cpu         ] GC(1053) User=0.00s Sys=0.00s Real=0.00s
[391.029s][info][gc,start       ] GC(1054) Pause Young (Allocation Failure)
[391.031s][info][gc,heap        ] GC(1054) PSYoungGen: 294976K(295424K)->64K(293888K) Eden: 294912K(294912K)->0K(283136K) From: 64K(512K)->64K(10752K)
[391.031s][info][gc,heap        ] GC(1054) ParOldGen: 163125K(175104K)->163133K(175104K)
[391.031s][info][gc,metaspace   ] GC(1054) Metaspace: 35353K(35968K)->35353K(35968K) NonClass: 29081K(29504K)->29081K(29504K) Class: 6271K(6464K)->6271K(6464K)
[391.031s][info][gc             ] GC(1054) Pause Young (Allocation Failure) 447M->159M(458M) 1.502ms
[391.031s][info][gc,cpu         ] GC(1054) User=0.00s Sys=0.00s Real=0.01s
[391.462s][info][gc,start       ] GC(1055) Pause Young (Allocation Failure)
[391.463s][info][gc,heap        ] GC(1055) PSYoungGen: 283200K(293888K)->64K(272384K) Eden: 283136K(283136K)->0K(271872K) From: 64K(10752K)->64K(512K)
[391.463s][info][gc,heap        ] GC(1055) ParOldGen: 163133K(175104K)->163141K(175104K)
[391.463s][info][gc,metaspace   ] GC(1055) Metaspace: 35353K(35968K)->35353K(35968K) NonClass: 29081K(29504K)->29081K(29504K) Class: 6271K(6464K)->6271K(6464K)
[391.463s][info][gc             ] GC(1055) Pause Young (Allocation Failure) 435M->159M(437M) 1.598ms
[391.463s][info][gc,cpu         ] GC(1055) User=0.00s Sys=0.00s Real=0.00s
[392.454s][info][gc,start       ] GC(1056) Pause Young (Allocation Failure)
[392.456s][info][gc,heap        ] GC(1056) PSYoungGen: 271936K(272384K)->64K(270336K) Eden: 271872K(271872K)->0K(261120K) From: 64K(512K)->64K(9216K)
[392.456s][info][gc,heap        ] GC(1056) ParOldGen: 163141K(175104K)->163157K(175104K)
[392.456s][info][gc,metaspace   ] GC(1056) Metaspace: 35353K(35968K)->35353K(35968K) NonClass: 29081K(29504K)->29081K(29504K) Class: 6271K(6464K)->6271K(6464K)
[392.456s][info][gc             ] GC(1056) Pause Young (Allocation Failure) 424M->159M(435M) 1.566ms
[392.456s][info][gc,cpu         ] GC(1056) User=0.00s Sys=0.00s Real=0.00s
[392.846s][info][gc,start       ] GC(1057) Pause Young (Allocation Failure)
[392.847s][info][gc,heap        ] GC(1057) PSYoungGen: 261184K(270336K)->64K(251392K) Eden: 261120K(261120K)->0K(250880K) From: 64K(9216K)->64K(512K)
[392.847s][info][gc,heap        ] GC(1057) ParOldGen: 163157K(175104K)->163173K(175104K)
[392.847s][info][gc,metaspace   ] GC(1057) Metaspace: 35353K(35968K)->35353K(35968K) NonClass: 29081K(29504K)->29081K(29504K) Class: 6271K(6464K)->6271K(6464K)
[392.847s][info][gc             ] GC(1057) Pause Young (Allocation Failure) 414M->159M(416M) 1.840ms
[392.847s][info][gc,cpu         ] GC(1057) User=0.00s Sys=0.00s Real=0.00s
[393.003s][info][gc,start       ] GC(1058) Pause Young (Allocation Failure)
[393.005s][info][gc,heap        ] GC(1058) PSYoungGen: 250944K(251392K)->64K(249344K) Eden: 250880K(250880K)->0K(241152K) From: 64K(512K)->64K(8192K)
[393.005s][info][gc,heap        ] GC(1058) ParOldGen: 163173K(175104K)->163189K(175104K)
[393.005s][info][gc,metaspace   ] GC(1058) Metaspace: 35353K(35968K)->35353K(35968K) NonClass: 29081K(29504K)->29081K(29504K) Class: 6271K(6464K)->6271K(6464K)
[393.005s][info][gc             ] GC(1058) Pause Young (Allocation Failure) 404M->159M(414M) 1.534ms
[393.005s][info][gc,cpu         ] GC(1058) User=0.00s Sys=0.00s Real=0.00s
[393.267s][info][gc,start       ] GC(1059) Pause Young (Allocation Failure)
[393.269s][info][gc,heap        ] GC(1059) PSYoungGen: 241216K(249344K)->64K(232448K) Eden: 241152K(241152K)->0K(231936K) From: 64K(8192K)->64K(512K)
[393.269s][info][gc,heap        ] GC(1059) ParOldGen: 163189K(175104K)->163205K(175104K)
[393.269s][info][gc,metaspace   ] GC(1059) Metaspace: 35353K(35968K)->35353K(35968K) NonClass: 29081K(29504K)->29081K(29504K) Class: 6271K(6464K)->6271K(6464K)
[393.269s][info][gc             ] GC(1059) Pause Young (Allocation Failure) 394M->159M(398M) 2.024ms
[393.269s][info][gc,cpu         ] GC(1059) User=0.00s Sys=0.01s Real=0.00s
[393.737s][info][gc,start       ] GC(1060) Pause Young (Allocation Failure)
[393.738s][info][gc,heap        ] GC(1060) PSYoungGen: 232000K(232448K)->32K(230400K) Eden: 231936K(231936K)->0K(223232K) From: 64K(512K)->32K(7168K)
[393.738s][info][gc,heap        ] GC(1060) ParOldGen: 163205K(175104K)->163213K(175104K)
[393.738s][info][gc,metaspace   ] GC(1060) Metaspace: 35353K(35968K)->35353K(35968K) NonClass: 29081K(29504K)->29081K(29504K) Class: 6271K(6464K)->6271K(6464K)
[393.738s][info][gc             ] GC(1060) Pause Young (Allocation Failure) 385M->159M(396M) 1.512ms
[393.738s][info][gc,cpu         ] GC(1060) User=0.00s Sys=0.00s Real=0.00s
[394.077s][info][gc,start       ] GC(1061) Pause Young (Allocation Failure)
[394.080s][info][gc,heap        ] GC(1061) PSYoungGen: 223264K(230400K)->64K(215552K) Eden: 223232K(223232K)->0K(215040K) From: 32K(7168K)->64K(512K)
[394.080s][info][gc,heap        ] GC(1061) ParOldGen: 163213K(175104K)->163229K(175104K)
[394.080s][info][gc,metaspace   ] GC(1061) Metaspace: 35353K(35968K)->35353K(35968K) NonClass: 29081K(29504K)->29081K(29504K) Class: 6271K(6464K)->6271K(6464K)
[394.080s][info][gc             ] GC(1061) Pause Young (Allocation Failure) 377M->159M(381M) 2.234ms
[394.080s][info][gc,cpu         ] GC(1061) User=0.00s Sys=0.00s Real=0.00s
[394.346s][info][gc,start       ] GC(1062) Pause Young (Allocation Failure)
[394.416s][info][gc,heap        ] GC(1062) PSYoungGen: 215104K(215552K)->6144K(263680K) Eden: 215040K(215040K)->0K(257536K) From: 64K(512K)->6144K(6144K)
[394.416s][info][gc,heap        ] GC(1062) ParOldGen: 163229K(175104K)->178805K(179200K)
[394.416s][info][gc,metaspace   ] GC(1062) Metaspace: 35353K(35968K)->35353K(35968K) NonClass: 29081K(29504K)->29081K(29504K) Class: 6271K(6464K)->6271K(6464K)
[394.416s][info][gc             ] GC(1062) Pause Young (Allocation Failure) 369M->180M(432M) 69.990ms
[394.416s][info][gc,cpu         ] GC(1062) User=0.14s Sys=0.00s Real=0.07s
[394.719s][info][gc,start       ] GC(1063) Pause Young (Allocation Failure)
[394.832s][info][gc,heap        ] GC(1063) PSYoungGen: 263680K(263680K)->6144K(269824K) Eden: 257536K(257536K)->0K(263680K) From: 6144K(6144K)->6144K(6144K)
[394.832s][info][gc,heap        ] GC(1063) ParOldGen: 178805K(179200K)->200589K(200704K)
[394.832s][info][gc,metaspace   ] GC(1063) Metaspace: 35353K(35968K)->35353K(35968K) NonClass: 29081K(29504K)->29081K(29504K) Class: 6271K(6464K)->6271K(6464K)
[394.832s][info][gc             ] GC(1063) Pause Young (Allocation Failure) 432M->201M(459M) 112.883ms
[394.832s][info][gc,cpu         ] GC(1063) User=0.21s Sys=0.01s Real=0.12s
[395.074s][info][gc,start       ] GC(1064) Pause Young (Allocation Failure)
[395.126s][info][gc,heap        ] GC(1064) PSYoungGen: 269824K(269824K)->19904K(285184K) Eden: 263680K(263680K)->0K(263680K) From: 6144K(6144K)->19904K(21504K)
[395.126s][info][gc,heap        ] GC(1064) ParOldGen: 200589K(200704K)->201389K(201728K)
[395.126s][info][gc,metaspace   ] GC(1064) Metaspace: 35353K(35968K)->35353K(35968K) NonClass: 29081K(29504K)->29081K(29504K) Class: 6271K(6464K)->6271K(6464K)
[395.126s][info][gc             ] GC(1064) Pause Young (Allocation Failure) 459M->216M(475M) 52.496ms
[395.126s][info][gc,cpu         ] GC(1064) User=0.11s Sys=0.00s Real=0.05s
[395.286s][info][gc,start       ] GC(1065) Pause Young (Allocation Failure)
[395.287s][info][gc,heap        ] GC(1065) PSYoungGen: 283584K(285184K)->64K(309248K) Eden: 263680K(263680K)->0K(283648K) From: 19904K(21504K)->64K(25600K)
[395.287s][info][gc,heap        ] GC(1065) ParOldGen: 201389K(201728K)->201397K(201728K)
[395.287s][info][gc,metaspace   ] GC(1065) Metaspace: 35353K(35968K)->35353K(35968K) NonClass: 29081K(29504K)->29081K(29504K) Class: 6271K(6464K)->6271K(6464K)
[395.287s][info][gc             ] GC(1065) Pause Young (Allocation Failure) 473M->196M(499M) 1.160ms
[395.287s][info][gc,cpu         ] GC(1065) User=0.01s Sys=0.00s Real=0.00s
[395.979s][info][gc,start       ] GC(1066) Pause Young (Allocation Failure)
[395.980s][info][gc,heap        ] GC(1066) PSYoungGen: 283712K(309248K)->64K(284160K) Eden: 283648K(283648K)->0K(283648K) From: 64K(25600K)->64K(512K)
[395.980s][info][gc,heap        ] GC(1066) ParOldGen: 201397K(201728K)->201413K(201728K)
[395.980s][info][gc,metaspace   ] GC(1066) Metaspace: 35353K(35968K)->35353K(35968K) NonClass: 29081K(29504K)->29081K(29504K) Class: 6271K(6464K)->6271K(6464K)
[395.980s][info][gc             ] GC(1066) Pause Young (Allocation Failure) 473M->196M(474M) 1.022ms
[395.980s][info][gc,cpu         ] GC(1066) User=0.01s Sys=0.00s Real=0.00s
[396.264s][info][gc,start       ] GC(1067) Pause Young (Allocation Failure)
[396.265s][info][gc,heap        ] GC(1067) PSYoungGen: 283712K(284160K)->64K(308736K) Eden: 283648K(283648K)->0K(284672K) From: 64K(512K)->64K(24064K)
[396.265s][info][gc,heap        ] GC(1067) ParOldGen: 201413K(201728K)->201413K(201728K)
[396.265s][info][gc,metaspace   ] GC(1067) Metaspace: 35353K(35968K)->35353K(35968K) NonClass: 29081K(29504K)->29081K(29504K) Class: 6271K(6464K)->6271K(6464K)
[396.265s][info][gc             ] GC(1067) Pause Young (Allocation Failure) 473M->196M(498M) 0.997ms
[396.265s][info][gc,cpu         ] GC(1067) User=0.00s Sys=0.00s Real=0.00s
[396.719s][info][gc,start       ] GC(1068) Pause Young (Allocation Failure)
[396.720s][info][gc,heap        ] GC(1068) PSYoungGen: 284736K(308736K)->64K(307712K) Eden: 284672K(284672K)->0K(284672K) From: 64K(24064K)->64K(23040K)
[396.720s][info][gc,heap        ] GC(1068) ParOldGen: 201413K(201728K)->201429K(201728K)
[396.720s][info][gc,metaspace   ] GC(1068) Metaspace: 35353K(35968K)->35353K(35968K) NonClass: 29081K(29504K)->29081K(29504K) Class: 6271K(6464K)->6271K(6464K)
[396.720s][info][gc             ] GC(1068) Pause Young (Allocation Failure) 474M->196M(497M) 1.052ms
[396.720s][info][gc,cpu         ] GC(1068) User=0.01s Sys=0.00s Real=0.00s
[396.926s][info][gc,start       ] GC(1069) Pause Young (Allocation Failure)
[396.927s][info][gc,heap        ] GC(1069) PSYoungGen: 284736K(307712K)->64K(309760K) Eden: 284672K(284672K)->0K(287744K) From: 64K(23040K)->64K(22016K)
[396.927s][info][gc,heap        ] GC(1069) ParOldGen: 201429K(201728K)->201445K(201728K)
[396.927s][info][gc,metaspace   ] GC(1069) Metaspace: 35353K(35968K)->35353K(35968K) NonClass: 29081K(29504K)->29081K(29504K) Class: 6271K(6464K)->6271K(6464K)
[396.927s][info][gc             ] GC(1069) Pause Young (Allocation Failure) 474M->196M(499M) 1.015ms
[396.928s][info][gc,cpu         ] GC(1069) User=0.00s Sys=0.00s Real=0.00s
[397.136s][info][gc,start       ] GC(1070) Pause Young (Allocation Failure)
[397.136s][info][gc,heap        ] GC(1070) PSYoungGen: 287808K(309760K)->64K(308736K) Eden: 287744K(287744K)->0K(287744K) From: 64K(22016K)->64K(20992K)
[397.136s][info][gc,heap        ] GC(1070) ParOldGen: 201445K(201728K)->201445K(201728K)
[397.136s][info][gc,metaspace   ] GC(1070) Metaspace: 35353K(35968K)->35353K(35968K) NonClass: 29081K(29504K)->29081K(29504K) Class: 6271K(6464K)->6271K(6464K)
[397.136s][info][gc             ] GC(1070) Pause Young (Allocation Failure) 477M->196M(498M) 0.992ms
[397.137s][info][gc,cpu         ] GC(1070) User=0.00s Sys=0.00s Real=0.00s
[397.441s][info][gc,start       ] GC(1071) Pause Young (Allocation Failure)
[397.442s][info][gc,heap        ] GC(1071) PSYoungGen: 287808K(308736K)->64K(311808K) Eden: 287744K(287744K)->0K(291840K) From: 64K(20992K)->64K(19968K)
[397.442s][info][gc,heap        ] GC(1071) ParOldGen: 201445K(201728K)->201445K(201728K)
[397.442s][info][gc,metaspace   ] GC(1071) Metaspace: 35353K(35968K)->35353K(35968K) NonClass: 29081K(29504K)->29081K(29504K) Class: 6271K(6464K)->6271K(6464K)
[397.442s][info][gc             ] GC(1071) Pause Young (Allocation Failure) 477M->196M(501M) 1.025ms
[397.442s][info][gc,cpu         ] GC(1071) User=0.01s Sys=0.00s Real=0.00s
[397.496s][info][gc,start       ] GC(1072) Pause Young (Allocation Failure)
[397.497s][info][gc,heap        ] GC(1072) PSYoungGen: 291904K(311808K)->64K(310784K) Eden: 291840K(291840K)->0K(291840K) From: 64K(19968K)->64K(18944K)
[397.497s][info][gc,heap        ] GC(1072) ParOldGen: 201445K(201728K)->201461K(201728K)
[397.497s][info][gc,metaspace   ] GC(1072) Metaspace: 35353K(35968K)->35353K(35968K) NonClass: 29081K(29504K)->29081K(29504K) Class: 6271K(6464K)->6271K(6464K)
[397.497s][info][gc             ] GC(1072) Pause Young (Allocation Failure) 481M->196M(500M) 0.838ms
[397.497s][info][gc,cpu         ] GC(1072) User=0.00s Sys=0.00s Real=0.00s
[397.556s][info][gc,start       ] GC(1073) Pause Young (Allocation Failure)
[397.557s][info][gc,heap        ] GC(1073) PSYoungGen: 291904K(310784K)->64K(313856K) Eden: 291840K(291840K)->0K(295936K) From: 64K(18944K)->64K(17920K)
[397.557s][info][gc,heap        ] GC(1073) ParOldGen: 201461K(201728K)->201461K(201728K)
[397.557s][info][gc,metaspace   ] GC(1073) Metaspace: 35353K(35968K)->35353K(35968K) NonClass: 29081K(29504K)->29081K(29504K) Class: 6271K(6464K)->6271K(6464K)
[397.557s][info][gc             ] GC(1073) Pause Young (Allocation Failure) 481M->196M(503M) 0.850ms
[397.557s][info][gc,cpu         ] GC(1073) User=0.00s Sys=0.00s Real=0.00s
[397.769s][info][gc,start       ] GC(1074) Pause Young (Allocation Failure)
[397.770s][info][gc,heap        ] GC(1074) PSYoungGen: 296000K(313856K)->64K(312832K) Eden: 295936K(295936K)->0K(295936K) From: 64K(17920K)->64K(16896K)
[397.770s][info][gc,heap        ] GC(1074) ParOldGen: 201461K(201728K)->201477K(201728K)
[397.770s][info][gc,metaspace   ] GC(1074) Metaspace: 35353K(35968K)->35353K(35968K) NonClass: 29081K(29504K)->29081K(29504K) Class: 6271K(6464K)->6271K(6464K)
[397.770s][info][gc             ] GC(1074) Pause Young (Allocation Failure) 485M->196M(502M) 0.946ms
[397.770s][info][gc,cpu         ] GC(1074) User=0.00s Sys=0.00s Real=0.00s
[397.973s][info][gc,start       ] GC(1075) Pause Young (Allocation Failure)
[397.974s][info][gc,heap        ] GC(1075) PSYoungGen: 296000K(312832K)->64K(315904K) Eden: 295936K(295936K)->0K(300032K) From: 64K(16896K)->64K(15872K)
[397.974s][info][gc,heap        ] GC(1075) ParOldGen: 201477K(201728K)->201477K(201728K)
[397.974s][info][gc,metaspace   ] GC(1075) Metaspace: 35353K(35968K)->35353K(35968K) NonClass: 29081K(29504K)->29081K(29504K) Class: 6271K(6464K)->6271K(6464K)
[397.974s][info][gc             ] GC(1075) Pause Young (Allocation Failure) 485M->196M(505M) 1.050ms
[397.974s][info][gc,cpu         ] GC(1075) User=0.01s Sys=0.00s Real=0.00s
[398.067s][info][gc,start       ] GC(1076) Pause Young (Allocation Failure)
[398.068s][info][gc,heap        ] GC(1076) PSYoungGen: 300096K(315904K)->64K(314880K) Eden: 300032K(300032K)->0K(300032K) From: 64K(15872K)->64K(14848K)
[398.068s][info][gc,heap        ] GC(1076) ParOldGen: 201477K(201728K)->201485K(201728K)
[398.068s][info][gc,metaspace   ] GC(1076) Metaspace: 35353K(35968K)->35353K(35968K) NonClass: 29081K(29504K)->29081K(29504K) Class: 6271K(6464K)->6271K(6464K)
[398.068s][info][gc             ] GC(1076) Pause Young (Allocation Failure) 489M->196M(504M) 1.063ms
[398.068s][info][gc,cpu         ] GC(1076) User=0.00s Sys=0.00s Real=0.00s
[398.185s][info][gc,start       ] GC(1077) Pause Young (Allocation Failure)
[398.186s][info][gc,heap        ] GC(1077) PSYoungGen: 300096K(314880K)->64K(317952K) Eden: 300032K(300032K)->0K(304128K) From: 64K(14848K)->64K(13824K)
[398.186s][info][gc,heap        ] GC(1077) ParOldGen: 201485K(201728K)->201493K(201728K)
[398.186s][info][gc,metaspace   ] GC(1077) Metaspace: 35353K(35968K)->35353K(35968K) NonClass: 29081K(29504K)->29081K(29504K) Class: 6271K(6464K)->6271K(6464K)
[398.186s][info][gc             ] GC(1077) Pause Young (Allocation Failure) 489M->196M(507M) 1.049ms
[398.186s][info][gc,cpu         ] GC(1077) User=0.01s Sys=0.00s Real=0.00s
[398.591s][info][gc,start       ] GC(1078) Pause Young (Allocation Failure)
[398.592s][info][gc,heap        ] GC(1078) PSYoungGen: 304192K(317952K)->64K(292352K) Eden: 304128K(304128K)->0K(291840K) From: 64K(13824K)->64K(512K)
[398.592s][info][gc,heap        ] GC(1078) ParOldGen: 201493K(201728K)->201501K(201728K)
[398.592s][info][gc,metaspace   ] GC(1078) Metaspace: 35353K(35968K)->35353K(35968K) NonClass: 29081K(29504K)->29081K(29504K) Class: 6271K(6464K)->6271K(6464K)
[398.592s][info][gc             ] GC(1078) Pause Young (Allocation Failure) 493M->196M(482M) 1.058ms
[398.592s][info][gc,cpu         ] GC(1078) User=0.00s Sys=0.00s Real=0.00s
[399.321s][info][gc,start       ] GC(1079) Pause Young (Allocation Failure)
[399.322s][info][gc,heap        ] GC(1079) PSYoungGen: 291904K(292352K)->64K(280576K) Eden: 291840K(291840K)->0K(280064K) From: 64K(512K)->64K(512K)
[399.322s][info][gc,heap        ] GC(1079) ParOldGen: 201501K(201728K)->201509K(201728K)
[399.322s][info][gc,metaspace   ] GC(1079) Metaspace: 35353K(35968K)->35353K(35968K) NonClass: 29081K(29504K)->29081K(29504K) Class: 6271K(6464K)->6271K(6464K)
[399.322s][info][gc             ] GC(1079) Pause Young (Allocation Failure) 481M->196M(471M) 1.062ms
[399.322s][info][gc,cpu         ] GC(1079) User=0.00s Sys=0.00s Real=0.00s
[400.231s][info][gc,start       ] GC(1080) Pause Young (Allocation Failure)
[400.233s][info][gc,heap        ] GC(1080) PSYoungGen: 280128K(280576K)->64K(281088K) Eden: 280064K(280064K)->0K(269312K) From: 64K(512K)->64K(11776K)
[400.233s][info][gc,heap        ] GC(1080) ParOldGen: 201509K(201728K)->201517K(201728K)
[400.233s][info][gc,metaspace   ] GC(1080) Metaspace: 35353K(35968K)->35353K(35968K) NonClass: 29081K(29504K)->29081K(29504K) Class: 6271K(6464K)->6271K(6464K)
[400.233s][info][gc             ] GC(1080) Pause Young (Allocation Failure) 470M->196M(471M) 1.650ms
[400.233s][info][gc,cpu         ] GC(1080) User=0.00s Sys=0.00s Real=0.00s
[400.601s][info][gc,start       ] GC(1081) Pause Young (Allocation Failure)
[400.604s][info][gc,heap        ] GC(1081) PSYoungGen: 269376K(281088K)->32K(259584K) Eden: 269312K(269312K)->0K(259072K) From: 64K(11776K)->32K(512K)
[400.604s][info][gc,heap        ] GC(1081) ParOldGen: 201517K(201728K)->201525K(201728K)
[400.604s][info][gc,metaspace   ] GC(1081) Metaspace: 35353K(35968K)->35353K(35968K) NonClass: 29081K(29504K)->29081K(29504K) Class: 6271K(6464K)->6271K(6464K)
[400.604s][info][gc             ] GC(1081) Pause Young (Allocation Failure) 459M->196M(450M) 2.857ms
[400.604s][info][gc,cpu         ] GC(1081) User=0.00s Sys=0.00s Real=0.00s
[400.932s][info][gc,start       ] GC(1082) Pause Young (Allocation Failure)
[400.934s][info][gc,heap        ] GC(1082) PSYoungGen: 259104K(259584K)->64K(259584K) Eden: 259072K(259072K)->0K(249344K) From: 32K(512K)->64K(10240K)
[400.934s][info][gc,heap        ] GC(1082) ParOldGen: 201525K(201728K)->201541K(201728K)
[400.934s][info][gc,metaspace   ] GC(1082) Metaspace: 35353K(35968K)->35353K(35968K) NonClass: 29081K(29504K)->29081K(29504K) Class: 6271K(6464K)->6271K(6464K)
[400.934s][info][gc             ] GC(1082) Pause Young (Allocation Failure) 449M->196M(450M) 1.723ms
[400.934s][info][gc,cpu         ] GC(1082) User=0.00s Sys=0.00s Real=0.00s
[401.869s][info][gc,start       ] GC(1083) Pause Young (Allocation Failure)
[401.872s][info][gc,heap        ] GC(1083) PSYoungGen: 249408K(259584K)->64K(240128K) Eden: 249344K(249344K)->0K(239616K) From: 64K(10240K)->64K(512K)
[401.872s][info][gc,heap        ] GC(1083) ParOldGen: 201541K(201728K)->201557K(201728K)
[401.872s][info][gc,metaspace   ] GC(1083) Metaspace: 35353K(35968K)->35353K(35968K) NonClass: 29081K(29504K)->29081K(29504K) Class: 6271K(6464K)->6271K(6464K)
[401.872s][info][gc             ] GC(1083) Pause Young (Allocation Failure) 440M->196M(431M) 2.551ms
[401.872s][info][gc,cpu         ] GC(1083) User=0.00s Sys=0.00s Real=0.01s
[402.210s][info][gc,start       ] GC(1084) Pause Young (Allocation Failure)
[402.212s][info][gc,heap        ] GC(1084) PSYoungGen: 239680K(240128K)->64K(239104K) Eden: 239616K(239616K)->0K(230400K) From: 64K(512K)->64K(8704K)
[402.212s][info][gc,heap        ] GC(1084) ParOldGen: 201557K(201728K)->201573K(201728K)
[402.212s][info][gc,metaspace   ] GC(1084) Metaspace: 35353K(35968K)->35353K(35968K) NonClass: 29081K(29504K)->29081K(29504K) Class: 6271K(6464K)->6271K(6464K)
[402.212s][info][gc             ] GC(1084) Pause Young (Allocation Failure) 430M->196M(430M) 1.753ms
[402.212s][info][gc,cpu         ] GC(1084) User=0.00s Sys=0.00s Real=0.01s
[402.338s][info][gc,start       ] GC(1085) Pause Young (Allocation Failure)
[402.341s][info][gc,heap        ] GC(1085) PSYoungGen: 230464K(239104K)->64K(222208K) Eden: 230400K(230400K)->0K(221696K) From: 64K(8704K)->64K(512K)
[402.341s][info][gc,heap        ] GC(1085) ParOldGen: 201573K(201728K)->201589K(201728K)
[402.341s][info][gc,metaspace   ] GC(1085) Metaspace: 35353K(35968K)->35353K(35968K) NonClass: 29081K(29504K)->29081K(29504K) Class: 6271K(6464K)->6271K(6464K)
[402.341s][info][gc             ] GC(1085) Pause Young (Allocation Failure) 421M->196M(414M) 2.395ms
[402.341s][info][gc,cpu         ] GC(1085) User=0.00s Sys=0.00s Real=0.01s
[402.625s][info][gc,start       ] GC(1086) Pause Young (Allocation Failure)
[402.627s][info][gc,heap        ] GC(1086) PSYoungGen: 221760K(222208K)->64K(221184K) Eden: 221696K(221696K)->0K(213504K) From: 64K(512K)->64K(7680K)
[402.627s][info][gc,heap        ] GC(1086) ParOldGen: 201589K(201728K)->201605K(201728K)
[402.627s][info][gc,metaspace   ] GC(1086) Metaspace: 35353K(35968K)->35353K(35968K) NonClass: 29081K(29504K)->29081K(29504K) Class: 6271K(6464K)->6271K(6464K)
[402.627s][info][gc             ] GC(1086) Pause Young (Allocation Failure) 413M->196M(413M) 1.745ms
[402.627s][info][gc,cpu         ] GC(1086) User=0.00s Sys=0.00s Real=0.00s
[403.056s][info][gc,start       ] GC(1087) Pause Young (Allocation Failure)
[403.059s][info][gc,heap        ] GC(1087) PSYoungGen: 213568K(221184K)->64K(206336K) Eden: 213504K(213504K)->0K(205824K) From: 64K(7680K)->64K(512K)
[403.059s][info][gc,heap        ] GC(1087) ParOldGen: 201605K(201728K)->201613K(201728K)
[403.059s][info][gc,metaspace   ] GC(1087) Metaspace: 35353K(35968K)->35353K(35968K) NonClass: 29081K(29504K)->29081K(29504K) Class: 6271K(6464K)->6271K(6464K)
[403.059s][info][gc             ] GC(1087) Pause Young (Allocation Failure) 405M->196M(398M) 2.686ms
[403.059s][info][gc,cpu         ] GC(1087) User=0.00s Sys=0.00s Real=0.00s
[403.333s][info][gc,start       ] GC(1088) Pause Young (Allocation Failure)
[403.334s][info][gc,heap        ] GC(1088) PSYoungGen: 205888K(206336K)->32K(204800K) Eden: 205824K(205824K)->0K(198144K) From: 64K(512K)->32K(6656K)
[403.334s][info][gc,heap        ] GC(1088) ParOldGen: 201613K(201728K)->201621K(201728K)
[403.334s][info][gc,metaspace   ] GC(1088) Metaspace: 35353K(35968K)->35353K(35968K) NonClass: 29081K(29504K)->29081K(29504K) Class: 6271K(6464K)->6271K(6464K)
[403.334s][info][gc             ] GC(1088) Pause Young (Allocation Failure) 397M->196M(397M) 1.530ms
[403.334s][info][gc,cpu         ] GC(1088) User=0.01s Sys=0.00s Real=0.00s
[403.609s][info][gc,start       ] GC(1089) Pause Young (Allocation Failure)
[403.642s][info][gc,heap        ] GC(1089) PSYoungGen: 198176K(204800K)->6144K(243200K) Eden: 198144K(198144K)->0K(237056K) From: 32K(6656K)->6144K(6144K)
[403.642s][info][gc,heap        ] GC(1089) ParOldGen: 201621K(201728K)->212789K(212992K)
[403.642s][info][gc,metaspace   ] GC(1089) Metaspace: 35353K(35968K)->35353K(35968K) NonClass: 29081K(29504K)->29081K(29504K) Class: 6271K(6464K)->6271K(6464K)
[403.642s][info][gc             ] GC(1089) Pause Young (Allocation Failure) 390M->213M(445M) 32.893ms
[403.642s][info][gc,cpu         ] GC(1089) User=0.06s Sys=0.01s Real=0.04s
[403.920s][info][gc,start       ] GC(1090) Pause Young (Allocation Failure)
[403.969s][info][gc,heap        ] GC(1090) PSYoungGen: 243200K(243200K)->11776K(260608K) Eden: 237056K(237056K)->0K(248832K) From: 6144K(6144K)->11776K(11776K)
[403.970s][info][gc,heap        ] GC(1090) ParOldGen: 212789K(212992K)->226581K(226816K)
[403.970s][info][gc,metaspace   ] GC(1090) Metaspace: 35353K(35968K)->35353K(35968K) NonClass: 29081K(29504K)->29081K(29504K) Class: 6271K(6464K)->6271K(6464K)
[403.970s][info][gc             ] GC(1090) Pause Young (Allocation Failure) 445M->232M(476M) 50.061ms
[403.970s][info][gc,cpu         ] GC(1090) User=0.08s Sys=0.02s Real=0.05s
[404.258s][info][gc,start       ] GC(1091) Pause Young (Allocation Failure)
[404.315s][info][gc,heap        ] GC(1091) PSYoungGen: 260608K(260608K)->19456K(296960K) Eden: 248832K(248832K)->0K(277504K) From: 11776K(11776K)->19456K(19456K)
[404.315s][info][gc,heap        ] GC(1091) ParOldGen: 226581K(226816K)->234005K(234496K)
[404.315s][info][gc,metaspace   ] GC(1091) Metaspace: 35353K(35968K)->35353K(35968K) NonClass: 29081K(29504K)->29081K(29504K) Class: 6271K(6464K)->6271K(6464K)
[404.315s][info][gc             ] GC(1091) Pause Young (Allocation Failure) 475M->247M(519M) 57.656ms
[404.315s][info][gc,cpu         ] GC(1091) User=0.10s Sys=0.02s Real=0.06s
[404.410s][info][gc,start       ] GC(1092) Pause Young (Allocation Failure)
[404.414s][info][gc,heap        ] GC(1092) PSYoungGen: 296960K(296960K)->128K(303616K) Eden: 277504K(277504K)->0K(277504K) From: 19456K(19456K)->128K(26112K)
[404.414s][info][gc,heap        ] GC(1092) ParOldGen: 234005K(234496K)->234277K(234496K)
[404.414s][info][gc,metaspace   ] GC(1092) Metaspace: 35353K(35968K)->35353K(35968K) NonClass: 29081K(29504K)->29081K(29504K) Class: 6271K(6464K)->6271K(6464K)
[404.414s][info][gc             ] GC(1092) Pause Young (Allocation Failure) 518M->228M(525M) 3.721ms
[404.414s][info][gc,cpu         ] GC(1092) User=0.01s Sys=0.00s Real=0.01s
[405.031s][info][gc,start       ] GC(1093) Pause Young (Allocation Failure)
[405.032s][info][gc,heap        ] GC(1093) PSYoungGen: 277632K(303616K)->64K(305152K) Eden: 277504K(277504K)->0K(282112K) From: 128K(26112K)->64K(23040K)
[405.032s][info][gc,heap        ] GC(1093) ParOldGen: 234277K(234496K)->234285K(234496K)
[405.032s][info][gc,metaspace   ] GC(1093) Metaspace: 35353K(35968K)->35353K(35968K) NonClass: 29081K(29504K)->29081K(29504K) Class: 6271K(6464K)->6271K(6464K)
[405.032s][info][gc             ] GC(1093) Pause Young (Allocation Failure) 499M->228M(527M) 1.162ms
[405.032s][info][gc,cpu         ] GC(1093) User=0.00s Sys=0.00s Real=0.00s
[405.452s][info][gc,start       ] GC(1094) Pause Young (Allocation Failure)
[405.454s][info][gc,heap        ] GC(1094) PSYoungGen: 282176K(305152K)->64K(306688K) Eden: 282112K(282112K)->0K(282112K) From: 64K(23040K)->64K(24576K)
[405.454s][info][gc,heap        ] GC(1094) ParOldGen: 234285K(234496K)->234293K(234496K)
[405.454s][info][gc,metaspace   ] GC(1094) Metaspace: 35353K(35968K)->35353K(35968K) NonClass: 29081K(29504K)->29081K(29504K) Class: 6271K(6464K)->6271K(6464K)
[405.454s][info][gc             ] GC(1094) Pause Young (Allocation Failure) 504M->228M(528M) 1.183ms
[405.454s][info][gc,cpu         ] GC(1094) User=0.00s Sys=0.00s Real=0.00s
[405.921s][info][gc,start       ] GC(1095) Pause Young (Allocation Failure)
[405.923s][info][gc,heap        ] GC(1095) PSYoungGen: 282176K(306688K)->32K(306688K) Eden: 282112K(282112K)->0K(285696K) From: 64K(24576K)->32K(20992K)
[405.923s][info][gc,heap        ] GC(1095) ParOldGen: 234293K(234496K)->234301K(234496K)
[405.923s][info][gc,metaspace   ] GC(1095) Metaspace: 35353K(35968K)->35353K(35968K) NonClass: 29081K(29504K)->29081K(29504K) Class: 6271K(6464K)->6271K(6464K)
[405.923s][info][gc             ] GC(1095) Pause Young (Allocation Failure) 504M->228M(528M) 2.487ms
[405.923s][info][gc,cpu         ] GC(1095) User=0.01s Sys=0.00s Real=0.00s
[406.144s][info][gc,start       ] GC(1096) Pause Young (Allocation Failure)
[406.146s][info][gc,heap        ] GC(1096) PSYoungGen: 285728K(306688K)->32K(308224K) Eden: 285696K(285696K)->0K(285696K) From: 32K(20992K)->32K(22528K)
[406.146s][info][gc,heap        ] GC(1096) ParOldGen: 234301K(234496K)->234317K(234496K)
[406.146s][info][gc,metaspace   ] GC(1096) Metaspace: 35353K(35968K)->35353K(35968K) NonClass: 29081K(29504K)->29081K(29504K) Class: 6271K(6464K)->6271K(6464K)
[406.146s][info][gc             ] GC(1096) Pause Young (Allocation Failure) 507M->228M(530M) 1.440ms
[406.146s][info][gc,cpu         ] GC(1096) User=0.00s Sys=0.00s Real=0.00s
[406.365s][info][gc,start       ] GC(1097) Pause Young (Allocation Failure)
[406.366s][info][gc,heap        ] GC(1097) PSYoungGen: 285728K(308224K)->32K(308736K) Eden: 285696K(285696K)->0K(289792K) From: 32K(22528K)->32K(18944K)
[406.366s][info][gc,heap        ] GC(1097) ParOldGen: 234317K(234496K)->234317K(234496K)
[406.366s][info][gc,metaspace   ] GC(1097) Metaspace: 35353K(35968K)->35353K(35968K) NonClass: 29081K(29504K)->29081K(29504K) Class: 6271K(6464K)->6271K(6464K)
[406.366s][info][gc             ] GC(1097) Pause Young (Allocation Failure) 507M->228M(530M) 1.344ms
[406.367s][info][gc,cpu         ] GC(1097) User=0.00s Sys=0.00s Real=0.00s
[406.739s][info][gc,start       ] GC(1098) Pause Young (Allocation Failure)
[406.740s][info][gc,heap        ] GC(1098) PSYoungGen: 289824K(308736K)->64K(310272K) Eden: 289792K(289792K)->0K(289792K) From: 32K(18944K)->64K(20480K)
[406.740s][info][gc,heap        ] GC(1098) ParOldGen: 234317K(234496K)->234317K(234496K)
[406.740s][info][gc,metaspace   ] GC(1098) Metaspace: 35353K(35968K)->35353K(35968K) NonClass: 29081K(29504K)->29081K(29504K) Class: 6271K(6464K)->6271K(6464K)
[406.740s][info][gc             ] GC(1098) Pause Young (Allocation Failure) 511M->228M(532M) 1.136ms
[406.740s][info][gc,cpu         ] GC(1098) User=0.00s Sys=0.00s Real=0.00s
[406.793s][info][gc,start       ] GC(1099) Pause Young (Allocation Failure)
[406.794s][info][gc,heap        ] GC(1099) PSYoungGen: 289855K(310272K)->32K(310784K) Eden: 289791K(289792K)->0K(293888K) From: 64K(20480K)->32K(16896K)
[406.794s][info][gc,heap        ] GC(1099) ParOldGen: 234317K(234496K)->234325K(234496K)
[406.794s][info][gc,metaspace   ] GC(1099) Metaspace: 35353K(35968K)->35353K(35968K) NonClass: 29081K(29504K)->29081K(29504K) Class: 6271K(6464K)->6271K(6464K)
[406.794s][info][gc             ] GC(1099) Pause Young (Allocation Failure) 511M->228M(532M) 1.390ms
[406.794s][info][gc,cpu         ] GC(1099) User=0.00s Sys=0.00s Real=0.00s
[406.851s][info][gc,start       ] GC(1100) Pause Young (Allocation Failure)
[406.852s][info][gc,heap        ] GC(1100) PSYoungGen: 293920K(310784K)->64K(312320K) Eden: 293888K(293888K)->0K(293888K) From: 32K(16896K)->64K(18432K)
[406.852s][info][gc,heap        ] GC(1100) ParOldGen: 234325K(234496K)->234325K(234496K)
[406.852s][info][gc,metaspace   ] GC(1100) Metaspace: 35353K(35968K)->35353K(35968K) NonClass: 29081K(29504K)->29081K(29504K) Class: 6271K(6464K)->6271K(6464K)
[406.852s][info][gc             ] GC(1100) Pause Young (Allocation Failure) 515M->228M(534M) 1.393ms
[406.852s][info][gc,cpu         ] GC(1100) User=0.00s Sys=0.00s Real=0.00s
[407.039s][info][gc,start       ] GC(1101) Pause Young (Allocation Failure)
[407.040s][info][gc,heap        ] GC(1101) PSYoungGen: 293952K(312320K)->64K(312832K) Eden: 293888K(293888K)->0K(297984K) From: 64K(18432K)->64K(14848K)
[407.040s][info][gc,heap        ] GC(1101) ParOldGen: 234325K(234496K)->234325K(234496K)
[407.040s][info][gc,metaspace   ] GC(1101) Metaspace: 35353K(35968K)->35353K(35968K) NonClass: 29081K(29504K)->29081K(29504K) Class: 6271K(6464K)->6271K(6464K)
[407.040s][info][gc             ] GC(1101) Pause Young (Allocation Failure) 515M->228M(534M) 1.248ms
[407.040s][info][gc,cpu         ] GC(1101) User=0.01s Sys=0.00s Real=0.00s
[407.262s][info][gc,start       ] GC(1102) Pause Young (Allocation Failure)
[407.264s][info][gc,heap        ] GC(1102) PSYoungGen: 298048K(312832K)->64K(314368K) Eden: 297984K(297984K)->0K(297984K) From: 64K(14848K)->64K(16384K)
[407.264s][info][gc,heap        ] GC(1102) ParOldGen: 234325K(234496K)->234333K(234496K)
[407.264s][info][gc,metaspace   ] GC(1102) Metaspace: 35353K(35968K)->35353K(35968K) NonClass: 29081K(29504K)->29081K(29504K) Class: 6271K(6464K)->6271K(6464K)
[407.264s][info][gc             ] GC(1102) Pause Young (Allocation Failure) 519M->228M(536M) 1.253ms
[407.264s][info][gc,cpu         ] GC(1102) User=0.00s Sys=0.00s Real=0.00s
[407.386s][info][gc,start       ] GC(1103) Pause Young (Allocation Failure)
[407.387s][info][gc,heap        ] GC(1103) PSYoungGen: 298048K(314368K)->64K(314880K) Eden: 297984K(297984K)->0K(302080K) From: 64K(16384K)->64K(12800K)
[407.387s][info][gc,heap        ] GC(1103) ParOldGen: 234333K(234496K)->234341K(234496K)
[407.387s][info][gc,metaspace   ] GC(1103) Metaspace: 35353K(35968K)->35353K(35968K) NonClass: 29081K(29504K)->29081K(29504K) Class: 6271K(6464K)->6271K(6464K)
[407.387s][info][gc             ] GC(1103) Pause Young (Allocation Failure) 519M->228M(536M) 1.137ms
[407.387s][info][gc,cpu         ] GC(1103) User=0.00s Sys=0.00s Real=0.00s
[407.491s][info][gc,start       ] GC(1104) Pause Young (Allocation Failure)
[407.492s][info][gc,heap        ] GC(1104) PSYoungGen: 302144K(314880K)->64K(316416K) Eden: 302080K(302080K)->0K(302080K) From: 64K(12800K)->64K(14336K)
[407.492s][info][gc,heap        ] GC(1104) ParOldGen: 234341K(234496K)->234349K(234496K)
[407.492s][info][gc,metaspace   ] GC(1104) Metaspace: 35353K(35968K)->35353K(35968K) NonClass: 29081K(29504K)->29081K(29504K) Class: 6271K(6464K)->6271K(6464K)
[407.492s][info][gc             ] GC(1104) Pause Young (Allocation Failure) 523M->228M(538M) 1.102ms
[407.492s][info][gc,cpu         ] GC(1104) User=0.00s Sys=0.00s Real=0.00s
[407.676s][info][gc,start       ] GC(1105) Pause Young (Allocation Failure)
[407.678s][info][gc,heap        ] GC(1105) PSYoungGen: 302144K(316416K)->64K(316928K) Eden: 302080K(302080K)->0K(305664K) From: 64K(14336K)->64K(11264K)
[407.678s][info][gc,heap        ] GC(1105) ParOldGen: 234349K(234496K)->234365K(234496K)
[407.678s][info][gc,metaspace   ] GC(1105) Metaspace: 35353K(35968K)->35353K(35968K) NonClass: 29081K(29504K)->29081K(29504K) Class: 6271K(6464K)->6271K(6464K)
[407.678s][info][gc             ] GC(1105) Pause Young (Allocation Failure) 523M->228M(538M) 1.466ms
[407.678s][info][gc,cpu         ] GC(1105) User=0.00s Sys=0.00s Real=0.00s
[408.618s][info][gc,start       ] GC(1106) Pause Young (Allocation Failure)
[408.619s][info][gc,heap        ] GC(1106) PSYoungGen: 305728K(316928K)->83K(293888K) Eden: 305664K(305664K)->0K(293376K) From: 64K(11264K)->83K(512K)
[408.619s][info][gc,heap        ] GC(1106) ParOldGen: 234365K(234496K)->234373K(234496K)
[408.619s][info][gc,metaspace   ] GC(1106) Metaspace: 35353K(35968K)->35353K(35968K) NonClass: 29081K(29504K)->29081K(29504K) Class: 6271K(6464K)->6271K(6464K)
[408.619s][info][gc             ] GC(1106) Pause Young (Allocation Failure) 527M->228M(516M) 1.512ms
[408.620s][info][gc,cpu         ] GC(1106) User=0.00s Sys=0.00s Real=0.00s
[409.496s][info][gc,start       ] GC(1107) Pause Young (Allocation Failure)
[409.498s][info][gc,heap        ] GC(1107) PSYoungGen: 293459K(293888K)->64K(282112K) Eden: 293376K(293376K)->0K(281600K) From: 83K(512K)->64K(512K)
[409.498s][info][gc,heap        ] GC(1107) ParOldGen: 234373K(234496K)->234389K(234496K)
[409.498s][info][gc,metaspace   ] GC(1107) Metaspace: 35353K(35968K)->35353K(35968K) NonClass: 29081K(29504K)->29081K(29504K) Class: 6271K(6464K)->6271K(6464K)
[409.498s][info][gc             ] GC(1107) Pause Young (Allocation Failure) 515M->228M(504M) 2.620ms
[409.498s][info][gc,cpu         ] GC(1107) User=0.00s Sys=0.00s Real=0.00s
[409.848s][info][gc,start       ] GC(1108) Pause Young (Allocation Failure)
[409.849s][info][gc,heap        ] GC(1108) PSYoungGen: 281664K(282112K)->64K(281600K) Eden: 281600K(281600K)->0K(270336K) From: 64K(512K)->64K(11264K)
[409.849s][info][gc,heap        ] GC(1108) ParOldGen: 234389K(234496K)->234405K(234496K)
[409.849s][info][gc,metaspace   ] GC(1108) Metaspace: 35353K(35968K)->35353K(35968K) NonClass: 29081K(29504K)->29081K(29504K) Class: 6271K(6464K)->6271K(6464K)
[409.849s][info][gc             ] GC(1108) Pause Young (Allocation Failure) 503M->228M(504M) 1.412ms
[409.849s][info][gc,cpu         ] GC(1108) User=0.00s Sys=0.00s Real=0.00s
[410.221s][info][gc,start       ] GC(1109) Pause Young (Allocation Failure)
[410.223s][info][gc,heap        ] GC(1109) PSYoungGen: 270400K(281600K)->64K(260096K) Eden: 270336K(270336K)->0K(259584K) From: 64K(11264K)->64K(512K)
[410.223s][info][gc,heap        ] GC(1109) ParOldGen: 234405K(234496K)->234421K(234496K)
[410.223s][info][gc,metaspace   ] GC(1109) Metaspace: 35353K(35968K)->35353K(35968K) NonClass: 29081K(29504K)->29081K(29504K) Class: 6271K(6464K)->6271K(6464K)
[410.223s][info][gc             ] GC(1109) Pause Young (Allocation Failure) 492M->228M(483M) 2.180ms
[410.224s][info][gc,cpu         ] GC(1109) User=0.00s Sys=0.00s Real=0.00s
[411.107s][info][gc,start       ] GC(1110) Pause Young (Allocation Failure)
[411.109s][info][gc,heap        ] GC(1110) PSYoungGen: 259648K(260096K)->64K(259072K) Eden: 259584K(259584K)->0K(249344K) From: 64K(512K)->64K(9728K)
[411.109s][info][gc,heap        ] GC(1110) ParOldGen: 234421K(234496K)->234437K(234496K)
[411.109s][info][gc,metaspace   ] GC(1110) Metaspace: 35353K(35968K)->35353K(35968K) NonClass: 29081K(29504K)->29081K(29504K) Class: 6271K(6464K)->6271K(6464K)
[411.109s][info][gc             ] GC(1110) Pause Young (Allocation Failure) 482M->229M(482M) 1.806ms
[411.109s][info][gc,cpu         ] GC(1110) User=0.00s Sys=0.00s Real=0.00s
[411.432s][info][gc,start       ] GC(1111) Pause Young (Allocation Failure)
[411.436s][info][gc,heap        ] GC(1111) PSYoungGen: 249408K(259072K)->64K(240128K) Eden: 249344K(249344K)->0K(239616K) From: 64K(9728K)->64K(512K)
[411.436s][info][gc,heap        ] GC(1111) ParOldGen: 234437K(234496K)->234453K(234496K)
[411.436s][info][gc,metaspace   ] GC(1111) Metaspace: 35353K(35968K)->35353K(35968K) NonClass: 29081K(29504K)->29081K(29504K) Class: 6271K(6464K)->6271K(6464K)
[411.436s][info][gc             ] GC(1111) Pause Young (Allocation Failure) 472M->229M(463M) 3.958ms
[411.436s][info][gc,cpu         ] GC(1111) User=0.01s Sys=0.00s Real=0.00s
[411.562s][info][gc,start       ] GC(1112) Pause Young (Allocation Failure)
[411.564s][info][gc,heap        ] GC(1112) PSYoungGen: 239680K(240128K)->64K(238592K) Eden: 239616K(239616K)->0K(230400K) From: 64K(512K)->64K(8192K)
[411.564s][info][gc,heap        ] GC(1112) ParOldGen: 234453K(234496K)->234469K(234496K)
[411.564s][info][gc,metaspace   ] GC(1112) Metaspace: 35353K(35968K)->35353K(35968K) NonClass: 29081K(29504K)->29081K(29504K) Class: 6271K(6464K)->6271K(6464K)
[411.564s][info][gc             ] GC(1112) Pause Young (Allocation Failure) 463M->229M(462M) 1.768ms
[411.564s][info][gc,cpu         ] GC(1112) User=0.00s Sys=0.00s Real=0.00s
[411.873s][info][gc,start       ] GC(1113) Pause Young (Allocation Failure)
[411.876s][info][gc,heap        ] GC(1113) PSYoungGen: 230464K(238592K)->64K(222208K) Eden: 230400K(230400K)->0K(221696K) From: 64K(8192K)->64K(512K)
[411.876s][info][gc,heap        ] GC(1113) ParOldGen: 234469K(234496K)->234485K(234496K)
[411.876s][info][gc,metaspace   ] GC(1113) Metaspace: 35353K(35968K)->35353K(35968K) NonClass: 29081K(29504K)->29081K(29504K) Class: 6271K(6464K)->6271K(6464K)
[411.876s][info][gc             ] GC(1113) Pause Young (Allocation Failure) 454M->229M(446M) 2.576ms
[411.876s][info][gc,cpu         ] GC(1113) User=0.00s Sys=0.00s Real=0.00s
[412.268s][info][gc,start       ] GC(1114) Pause Young (Allocation Failure)
[412.270s][info][gc,heap        ] GC(1114) PSYoungGen: 221760K(222208K)->64K(220672K) Eden: 221696K(221696K)->0K(213504K) From: 64K(512K)->64K(7168K)
[412.270s][info][gc,heap        ] GC(1114) ParOldGen: 234485K(234496K)->234493K(234496K)
[412.270s][info][gc,metaspace   ] GC(1114) Metaspace: 35353K(35968K)->35353K(35968K) NonClass: 29081K(29504K)->29081K(29504K) Class: 6271K(6464K)->6271K(6464K)
[412.270s][info][gc             ] GC(1114) Pause Young (Allocation Failure) 445M->229M(444M) 1.932ms
[412.270s][info][gc,cpu         ] GC(1114) User=0.01s Sys=0.00s Real=0.00s
[412.611s][info][gc,start       ] GC(1115) Pause Young (Allocation Failure)
[412.614s][info][gc,heap        ] GC(1115) PSYoungGen: 213568K(220672K)->64K(206336K) Eden: 213504K(213504K)->0K(205824K) From: 64K(7168K)->64K(512K)
[412.614s][info][gc,heap        ] GC(1115) ParOldGen: 234493K(234496K)->234501K(235008K)
[412.614s][info][gc,metaspace   ] GC(1115) Metaspace: 35353K(35968K)->35353K(35968K) NonClass: 29081K(29504K)->29081K(29504K) Class: 6271K(6464K)->6271K(6464K)
[412.614s][info][gc             ] GC(1115) Pause Young (Allocation Failure) 437M->229M(431M) 2.505ms
[412.614s][info][gc,cpu         ] GC(1115) User=0.01s Sys=0.00s Real=0.00s
[412.856s][info][gc,start       ] GC(1116) Pause Young (Allocation Failure)
[412.903s][info][gc,heap        ] GC(1116) PSYoungGen: 205888K(206336K)->6144K(252928K) Eden: 205824K(205824K)->0K(246784K) From: 64K(512K)->6144K(6144K)
[412.903s][info][gc,heap        ] GC(1116) ParOldGen: 234501K(235008K)->249701K(249856K)
[412.903s][info][gc,metaspace   ] GC(1116) Metaspace: 35353K(35968K)->35353K(35968K) NonClass: 29081K(29504K)->29081K(29504K) Class: 6271K(6464K)->6271K(6464K)
[412.903s][info][gc             ] GC(1116) Pause Young (Allocation Failure) 430M->249M(491M) 47.123ms
[412.903s][info][gc,cpu         ] GC(1116) User=0.07s Sys=0.01s Real=0.05s
[413.193s][info][gc,start       ] GC(1117) Pause Young (Allocation Failure)
[413.251s][info][gc,heap        ] GC(1117) PSYoungGen: 252928K(252928K)->6144K(256000K) Eden: 246784K(246784K)->0K(249856K) From: 6144K(6144K)->6144K(6144K)
[413.252s][info][gc,heap        ] GC(1117) ParOldGen: 249701K(249856K)->270325K(270336K)
[413.252s][info][gc,metaspace   ] GC(1117) Metaspace: 35353K(35968K)->35353K(35968K) NonClass: 29081K(29504K)->29081K(29504K) Class: 6271K(6464K)->6271K(6464K)
[413.252s][info][gc             ] GC(1117) Pause Young (Allocation Failure) 490M->269M(514M) 58.619ms
[413.252s][info][gc,cpu         ] GC(1117) User=0.09s Sys=0.02s Real=0.06s
[413.499s][info][gc,start       ] GC(1118) Pause Young (Allocation Failure)
[413.537s][info][gc,heap        ] GC(1118) PSYoungGen: 256000K(256000K)->21440K(271360K) Eden: 249856K(249856K)->0K(249856K) From: 6144K(6144K)->21440K(21504K)
[413.537s][info][gc,heap        ] GC(1118) ParOldGen: 270325K(270336K)->271093K(271360K)
[413.537s][info][gc,metaspace   ] GC(1118) Metaspace: 35353K(35968K)->35353K(35968K) NonClass: 29081K(29504K)->29081K(29504K) Class: 6271K(6464K)->6271K(6464K)
[413.537s][info][gc             ] GC(1118) Pause Young (Allocation Failure) 513M->285M(530M) 37.655ms
[413.537s][info][gc,cpu         ] GC(1118) User=0.07s Sys=0.00s Real=0.04s
[413.624s][info][gc,start       ] GC(1119) Pause Young (Allocation Failure)
[413.625s][info][gc,heap        ] GC(1119) PSYoungGen: 271296K(271360K)->64K(308736K) Eden: 249856K(249856K)->0K(283136K) From: 21440K(21504K)->64K(25600K)
[413.625s][info][gc,heap        ] GC(1119) ParOldGen: 271093K(271360K)->271101K(271360K)
[413.625s][info][gc,metaspace   ] GC(1119) Metaspace: 35353K(35968K)->35353K(35968K) NonClass: 29081K(29504K)->29081K(29504K) Class: 6271K(6464K)->6271K(6464K)
[413.625s][info][gc             ] GC(1119) Pause Young (Allocation Failure) 529M->264M(566M) 1.185ms
[413.625s][info][gc,cpu         ] GC(1119) User=0.00s Sys=0.00s Real=0.00s
[414.306s][info][gc,start       ] GC(1120) Pause Young (Allocation Failure)
[414.307s][info][gc,heap        ] GC(1120) PSYoungGen: 283200K(308736K)->64K(283648K) Eden: 283136K(283136K)->0K(283136K) From: 64K(25600K)->64K(512K)
[414.307s][info][gc,heap        ] GC(1120) ParOldGen: 271101K(271360K)->271109K(271360K)
[414.307s][info][gc,metaspace   ] GC(1120) Metaspace: 35353K(35968K)->35353K(35968K) NonClass: 29081K(29504K)->29081K(29504K) Class: 6271K(6464K)->6271K(6464K)
[414.307s][info][gc             ] GC(1120) Pause Young (Allocation Failure) 541M->264M(542M) 1.242ms
[414.307s][info][gc,cpu         ] GC(1120) User=0.01s Sys=0.00s Real=0.00s
[414.675s][info][gc,start       ] GC(1121) Pause Young (Allocation Failure)
[414.676s][info][gc,heap        ] GC(1121) PSYoungGen: 283200K(283648K)->64K(308224K) Eden: 283136K(283136K)->0K(284160K) From: 64K(512K)->64K(24064K)
[414.676s][info][gc,heap        ] GC(1121) ParOldGen: 271109K(271360K)->271117K(271360K)
[414.676s][info][gc,metaspace   ] GC(1121) Metaspace: 35353K(35968K)->35353K(35968K) NonClass: 29081K(29504K)->29081K(29504K) Class: 6271K(6464K)->6271K(6464K)
[414.676s][info][gc             ] GC(1121) Pause Young (Allocation Failure) 541M->264M(566M) 1.223ms
[414.676s][info][gc,cpu         ] GC(1121) User=0.00s Sys=0.00s Real=0.00s
[415.113s][info][gc,start       ] GC(1122) Pause Young (Allocation Failure)
[415.115s][info][gc,heap        ] GC(1122) PSYoungGen: 284224K(308224K)->64K(307200K) Eden: 284160K(284160K)->0K(284160K) From: 64K(24064K)->64K(23040K)
[415.115s][info][gc,heap        ] GC(1122) ParOldGen: 271117K(271360K)->271133K(271360K)
[415.115s][info][gc,metaspace   ] GC(1122) Metaspace: 35353K(35968K)->35353K(35968K) NonClass: 29081K(29504K)->29081K(29504K) Class: 6271K(6464K)->6271K(6464K)
[415.115s][info][gc             ] GC(1122) Pause Young (Allocation Failure) 542M->264M(565M) 1.268ms
[415.115s][info][gc,cpu         ] GC(1122) User=0.00s Sys=0.00s Real=0.00s
[415.331s][info][gc,start       ] GC(1123) Pause Young (Allocation Failure)
[415.333s][info][gc,heap        ] GC(1123) PSYoungGen: 284224K(307200K)->64K(309760K) Eden: 284160K(284160K)->0K(287744K) From: 64K(23040K)->64K(22016K)
[415.333s][info][gc,heap        ] GC(1123) ParOldGen: 271133K(271360K)->271149K(271360K)
[415.333s][info][gc,metaspace   ] GC(1123) Metaspace: 35353K(35968K)->35353K(35968K) NonClass: 29081K(29504K)->29081K(29504K) Class: 6271K(6464K)->6271K(6464K)
[415.333s][info][gc             ] GC(1123) Pause Young (Allocation Failure) 542M->264M(567M) 1.186ms
[415.333s][info][gc,cpu         ] GC(1123) User=0.00s Sys=0.00s Real=0.00s
[415.556s][info][gc,start       ] GC(1124) Pause Young (Allocation Failure)
[415.557s][info][gc,heap        ] GC(1124) PSYoungGen: 287808K(309760K)->64K(308736K) Eden: 287744K(287744K)->0K(287744K) From: 64K(22016K)->64K(20992K)
[415.557s][info][gc,heap        ] GC(1124) ParOldGen: 271149K(271360K)->271149K(271360K)
[415.557s][info][gc,metaspace   ] GC(1124) Metaspace: 35353K(35968K)->35353K(35968K) NonClass: 29081K(29504K)->29081K(29504K) Class: 6271K(6464K)->6271K(6464K)
[415.557s][info][gc             ] GC(1124) Pause Young (Allocation Failure) 545M->264M(566M) 1.177ms
[415.557s][info][gc,cpu         ] GC(1124) User=0.00s Sys=0.00s Real=0.00s
[415.915s][info][gc,start       ] GC(1125) Pause Young (Allocation Failure)
[415.916s][info][gc,heap        ] GC(1125) PSYoungGen: 287808K(308736K)->64K(311808K) Eden: 287744K(287744K)->0K(291840K) From: 64K(20992K)->64K(19968K)
[415.916s][info][gc,heap        ] GC(1125) ParOldGen: 271149K(271360K)->271149K(271360K)
[415.916s][info][gc,metaspace   ] GC(1125) Metaspace: 35353K(35968K)->35353K(35968K) NonClass: 29081K(29504K)->29081K(29504K) Class: 6271K(6464K)->6271K(6464K)
[415.916s][info][gc             ] GC(1125) Pause Young (Allocation Failure) 545M->264M(569M) 1.162ms
[415.916s][info][gc,cpu         ] GC(1125) User=0.00s Sys=0.00s Real=0.00s
[415.973s][info][gc,start       ] GC(1126) Pause Young (Allocation Failure)
[415.974s][info][gc,heap        ] GC(1126) PSYoungGen: 291904K(311808K)->64K(310784K) Eden: 291840K(291840K)->0K(291840K) From: 64K(19968K)->64K(18944K)
[415.974s][info][gc,heap        ] GC(1126) ParOldGen: 271149K(271360K)->271165K(271360K)
[415.974s][info][gc,metaspace   ] GC(1126) Metaspace: 35353K(35968K)->35353K(35968K) NonClass: 29081K(29504K)->29081K(29504K) Class: 6271K(6464K)->6271K(6464K)
[415.974s][info][gc             ] GC(1126) Pause Young (Allocation Failure) 549M->264M(568M) 1.129ms
[415.974s][info][gc,cpu         ] GC(1126) User=0.00s Sys=0.00s Real=0.00s
[416.027s][info][gc,start       ] GC(1127) Pause Young (Allocation Failure)
[416.028s][info][gc,heap        ] GC(1127) PSYoungGen: 291904K(310784K)->64K(313856K) Eden: 291840K(291840K)->0K(295936K) From: 64K(18944K)->64K(17920K)
[416.028s][info][gc,heap        ] GC(1127) ParOldGen: 271165K(271360K)->271165K(271360K)
[416.028s][info][gc,metaspace   ] GC(1127) Metaspace: 35353K(35968K)->35353K(35968K) NonClass: 29081K(29504K)->29081K(29504K) Class: 6271K(6464K)->6271K(6464K)
[416.028s][info][gc             ] GC(1127) Pause Young (Allocation Failure) 549M->264M(571M) 1.122ms
[416.028s][info][gc,cpu         ] GC(1127) User=0.00s Sys=0.00s Real=0.00s
[416.235s][info][gc,start       ] GC(1128) Pause Young (Allocation Failure)
[416.236s][info][gc,heap        ] GC(1128) PSYoungGen: 296000K(313856K)->64K(312832K) Eden: 295936K(295936K)->0K(295936K) From: 64K(17920K)->64K(16896K)
[416.236s][info][gc,heap        ] GC(1128) ParOldGen: 271165K(271360K)->271165K(271360K)
[416.236s][info][gc,metaspace   ] GC(1128) Metaspace: 35353K(35968K)->35353K(35968K) NonClass: 29081K(29504K)->29081K(29504K) Class: 6271K(6464K)->6271K(6464K)
[416.236s][info][gc             ] GC(1128) Pause Young (Allocation Failure) 553M->264M(570M) 1.205ms
[416.236s][info][gc,cpu         ] GC(1128) User=0.00s Sys=0.00s Real=0.00s
[416.448s][info][gc,start       ] GC(1129) Pause Young (Allocation Failure)
[416.449s][info][gc,heap        ] GC(1129) PSYoungGen: 296000K(312832K)->64K(315904K) Eden: 295936K(295936K)->0K(300032K) From: 64K(16896K)->64K(15872K)
[416.449s][info][gc,heap        ] GC(1129) ParOldGen: 271165K(271360K)->271173K(271360K)
[416.449s][info][gc,metaspace   ] GC(1129) Metaspace: 35353K(35968K)->35353K(35968K) NonClass: 29081K(29504K)->29081K(29504K) Class: 6271K(6464K)->6271K(6464K)
[416.449s][info][gc             ] GC(1129) Pause Young (Allocation Failure) 553M->264M(573M) 1.133ms
[416.449s][info][gc,cpu         ] GC(1129) User=0.00s Sys=0.00s Real=0.00s
[416.561s][info][gc,start       ] GC(1130) Pause Young (Allocation Failure)
[416.562s][info][gc,heap        ] GC(1130) PSYoungGen: 300096K(315904K)->64K(315392K) Eden: 300032K(300032K)->0K(300032K) From: 64K(15872K)->64K(15360K)
[416.562s][info][gc,heap        ] GC(1130) ParOldGen: 271173K(271360K)->271181K(271360K)
[416.562s][info][gc,metaspace   ] GC(1130) Metaspace: 35353K(35968K)->35353K(35968K) NonClass: 29081K(29504K)->29081K(29504K) Class: 6271K(6464K)->6271K(6464K)
[416.562s][info][gc             ] GC(1130) Pause Young (Allocation Failure) 557M->264M(573M) 1.164ms
[416.562s][info][gc,cpu         ] GC(1130) User=0.00s Sys=0.00s Real=0.00s
[416.668s][info][gc,start       ] GC(1131) Pause Young (Allocation Failure)
[416.669s][info][gc,heap        ] GC(1131) PSYoungGen: 300096K(315392K)->64K(317440K) Eden: 300032K(300032K)->0K(303616K) From: 64K(15360K)->64K(13824K)
[416.669s][info][gc,heap        ] GC(1131) ParOldGen: 271181K(271360K)->271189K(271360K)
[416.669s][info][gc,metaspace   ] GC(1131) Metaspace: 35353K(35968K)->35353K(35968K) NonClass: 29081K(29504K)->29081K(29504K) Class: 6271K(6464K)->6271K(6464K)
[416.669s][info][gc             ] GC(1131) Pause Young (Allocation Failure) 557M->264M(575M) 1.118ms
[416.669s][info][gc,cpu         ] GC(1131) User=0.01s Sys=0.00s Real=0.00s
[416.902s][info][gc,start       ] GC(1132) Pause Young (Allocation Failure)
[416.903s][info][gc,heap        ] GC(1132) PSYoungGen: 303680K(317440K)->64K(291840K) Eden: 303616K(303616K)->0K(291328K) From: 64K(13824K)->64K(512K)
[416.903s][info][gc,heap        ] GC(1132) ParOldGen: 271189K(271360K)->271197K(271360K)
[416.903s][info][gc,metaspace   ] GC(1132) Metaspace: 35353K(35968K)->35353K(35968K) NonClass: 29081K(29504K)->29081K(29504K) Class: 6271K(6464K)->6271K(6464K)
[416.903s][info][gc             ] GC(1132) Pause Young (Allocation Failure) 561M->264M(550M) 1.156ms
[416.903s][info][gc,cpu         ] GC(1132) User=0.00s Sys=0.00s Real=0.00s
[417.801s][info][gc,start       ] GC(1133) Pause Young (Allocation Failure)
[417.802s][info][gc,heap        ] GC(1133) PSYoungGen: 291392K(291840K)->83K(280576K) Eden: 291328K(291328K)->0K(280064K) From: 64K(512K)->83K(512K)
[417.802s][info][gc,heap        ] GC(1133) ParOldGen: 271197K(271360K)->271205K(271360K)
[417.802s][info][gc,metaspace   ] GC(1133) Metaspace: 35353K(35968K)->35353K(35968K) NonClass: 29081K(29504K)->29081K(29504K) Class: 6271K(6464K)->6271K(6464K)
[417.802s][info][gc             ] GC(1133) Pause Young (Allocation Failure) 549M->264M(539M) 1.337ms
[417.802s][info][gc,cpu         ] GC(1133) User=0.00s Sys=0.00s Real=0.00s
[418.709s][info][gc,start       ] GC(1134) Pause Young (Allocation Failure)
[418.711s][info][gc,heap        ] GC(1134) PSYoungGen: 280147K(280576K)->64K(281088K) Eden: 280064K(280064K)->0K(269312K) From: 83K(512K)->64K(11776K)
[418.711s][info][gc,heap        ] GC(1134) ParOldGen: 271205K(271360K)->271221K(271360K)
[418.711s][info][gc,metaspace   ] GC(1134) Metaspace: 35353K(35968K)->35353K(35968K) NonClass: 29081K(29504K)->29081K(29504K) Class: 6271K(6464K)->6271K(6464K)
[418.711s][info][gc             ] GC(1134) Pause Young (Allocation Failure) 538M->264M(539M) 2.041ms
[418.711s][info][gc,cpu         ] GC(1134) User=0.00s Sys=0.00s Real=0.01s
[419.045s][info][gc,start       ] GC(1135) Pause Young (Allocation Failure)
[419.047s][info][gc,heap        ] GC(1135) PSYoungGen: 269376K(281088K)->64K(259584K) Eden: 269312K(269312K)->0K(259072K) From: 64K(11776K)->64K(512K)
[419.047s][info][gc,heap        ] GC(1135) ParOldGen: 271221K(271360K)->271237K(271360K)
[419.047s][info][gc,metaspace   ] GC(1135) Metaspace: 35353K(35968K)->35353K(35968K) NonClass: 29081K(29504K)->29081K(29504K) Class: 6271K(6464K)->6271K(6464K)
[419.047s][info][gc             ] GC(1135) Pause Young (Allocation Failure) 527M->264M(518M) 2.205ms
[419.047s][info][gc,cpu         ] GC(1135) User=0.00s Sys=0.01s Real=0.00s
[419.424s][info][gc,start       ] GC(1136) Pause Young (Allocation Failure)
[419.425s][info][gc,heap        ] GC(1136) PSYoungGen: 259136K(259584K)->64K(259584K) Eden: 259072K(259072K)->0K(249344K) From: 64K(512K)->64K(10240K)
[419.425s][info][gc,heap        ] GC(1136) ParOldGen: 271237K(271360K)->271245K(271360K)
[419.425s][info][gc,metaspace   ] GC(1136) Metaspace: 35353K(35968K)->35353K(35968K) NonClass: 29081K(29504K)->29081K(29504K) Class: 6271K(6464K)->6271K(6464K)
[419.425s][info][gc             ] GC(1136) Pause Young (Allocation Failure) 517M->264M(518M) 1.190ms
[419.425s][info][gc,cpu         ] GC(1136) User=0.00s Sys=0.00s Real=0.00s
[420.365s][info][gc,start       ] GC(1137) Pause Young (Allocation Failure)
[420.366s][info][gc,heap        ] GC(1137) PSYoungGen: 249408K(259584K)->64K(240128K) Eden: 249344K(249344K)->0K(239616K) From: 64K(10240K)->64K(512K)
[420.367s][info][gc,heap        ] GC(1137) ParOldGen: 271245K(271360K)->271253K(271360K)
[420.367s][info][gc,metaspace   ] GC(1137) Metaspace: 35353K(35968K)->35353K(35968K) NonClass: 29081K(29504K)->29081K(29504K) Class: 6271K(6464K)->6271K(6464K)
[420.367s][info][gc             ] GC(1137) Pause Young (Allocation Failure) 508M->264M(499M) 1.942ms
[420.367s][info][gc,cpu         ] GC(1137) User=0.01s Sys=0.00s Real=0.00s
[420.715s][info][gc,start       ] GC(1138) Pause Young (Allocation Failure)
[420.717s][info][gc,heap        ] GC(1138) PSYoungGen: 239680K(240128K)->64K(239104K) Eden: 239616K(239616K)->0K(230400K) From: 64K(512K)->64K(8704K)
[420.717s][info][gc,heap        ] GC(1138) ParOldGen: 271253K(271360K)->271261K(271360K)
[420.717s][info][gc,metaspace   ] GC(1138) Metaspace: 35353K(35968K)->35353K(35968K) NonClass: 29081K(29504K)->29081K(29504K) Class: 6271K(6464K)->6271K(6464K)
[420.717s][info][gc             ] GC(1138) Pause Young (Allocation Failure) 498M->264M(498M) 1.535ms
[420.717s][info][gc,cpu         ] GC(1138) User=0.01s Sys=0.00s Real=0.00s
[420.861s][info][gc,start       ] GC(1139) Pause Young (Allocation Failure)
[420.863s][info][gc,heap        ] GC(1139) PSYoungGen: 230464K(239104K)->64K(222208K) Eden: 230400K(230400K)->0K(221696K) From: 64K(8704K)->64K(512K)
[420.863s][info][gc,heap        ] GC(1139) ParOldGen: 271261K(271360K)->271277K(271360K)
[420.863s][info][gc,metaspace   ] GC(1139) Metaspace: 35353K(35968K)->35353K(35968K) NonClass: 29081K(29504K)->29081K(29504K) Class: 6271K(6464K)->6271K(6464K)
[420.863s][info][gc             ] GC(1139) Pause Young (Allocation Failure) 489M->264M(482M) 2.254ms
[420.863s][info][gc,cpu         ] GC(1139) User=0.00s Sys=0.00s Real=0.00s
[421.031s][info][gc,start       ] GC(1140) Pause Young (Allocation Failure)
[421.033s][info][gc,heap        ] GC(1140) PSYoungGen: 221760K(222208K)->64K(221184K) Eden: 221696K(221696K)->0K(213504K) From: 64K(512K)->64K(7680K)
[421.033s][info][gc,heap        ] GC(1140) ParOldGen: 271277K(271360K)->271293K(271360K)
[421.033s][info][gc,metaspace   ] GC(1140) Metaspace: 35353K(35968K)->35353K(35968K) NonClass: 29081K(29504K)->29081K(29504K) Class: 6271K(6464K)->6271K(6464K)
[421.033s][info][gc             ] GC(1140) Pause Young (Allocation Failure) 481M->264M(481M) 1.999ms
[421.033s][info][gc,cpu         ] GC(1140) User=0.00s Sys=0.00s Real=0.00s
[421.558s][info][gc,start       ] GC(1141) Pause Young (Allocation Failure)
[421.561s][info][gc,heap        ] GC(1141) PSYoungGen: 213568K(221184K)->64K(206336K) Eden: 213504K(213504K)->0K(205824K) From: 64K(7680K)->64K(512K)
[421.561s][info][gc,heap        ] GC(1141) ParOldGen: 271293K(271360K)->271309K(271360K)
[421.561s][info][gc,metaspace   ] GC(1141) Metaspace: 35353K(35968K)->35353K(35968K) NonClass: 29081K(29504K)->29081K(29504K) Class: 6271K(6464K)->6271K(6464K)
[421.561s][info][gc             ] GC(1141) Pause Young (Allocation Failure) 473M->265M(466M) 2.799ms
[421.561s][info][gc,cpu         ] GC(1141) User=0.01s Sys=0.00s Real=0.01s
[421.770s][info][gc,start       ] GC(1142) Pause Young (Allocation Failure)
[421.771s][info][gc,heap        ] GC(1142) PSYoungGen: 205887K(206336K)->64K(204800K) Eden: 205823K(205824K)->0K(198144K) From: 64K(512K)->64K(6656K)
[421.771s][info][gc,heap        ] GC(1142) ParOldGen: 271309K(271360K)->271325K(271360K)
[421.771s][info][gc,metaspace   ] GC(1142) Metaspace: 35353K(35968K)->35353K(35968K) NonClass: 29081K(29504K)->29081K(29504K) Class: 6271K(6464K)->6271K(6464K)
[421.772s][info][gc             ] GC(1142) Pause Young (Allocation Failure) 466M->265M(465M) 1.984ms
[421.772s][info][gc,cpu         ] GC(1142) User=0.00s Sys=0.00s Real=0.01s
[422.072s][info][gc,start       ] GC(1143) Pause Young (Allocation Failure)
[422.121s][info][gc,heap        ] GC(1143) PSYoungGen: 198208K(204800K)->6144K(243712K) Eden: 198144K(198144K)->0K(237568K) From: 64K(6656K)->6144K(6144K)
[422.121s][info][gc,heap        ] GC(1143) ParOldGen: 271325K(271360K)->277717K(278016K)
[422.121s][info][gc,metaspace   ] GC(1143) Metaspace: 35353K(35968K)->35353K(35968K) NonClass: 29081K(29504K)->29081K(29504K) Class: 6271K(6464K)->6271K(6464K)
[422.121s][info][gc             ] GC(1143) Pause Young (Allocation Failure) 458M->277M(509M) 48.743ms
[422.121s][info][gc,cpu         ] GC(1143) User=0.09s Sys=0.01s Real=0.05s
[422.390s][info][gc,start       ] GC(1144) Pause Young (Allocation Failure)
[422.466s][info][gc,heap        ] GC(1144) PSYoungGen: 243712K(243712K)->10240K(261632K) Eden: 237568K(237568K)->0K(251392K) From: 6144K(6144K)->10240K(10240K)
[422.466s][info][gc,heap        ] GC(1144) ParOldGen: 277717K(278016K)->292741K(292864K)
[422.466s][info][gc,metaspace   ] GC(1144) Metaspace: 35353K(35968K)->35353K(35968K) NonClass: 29081K(29504K)->29081K(29504K) Class: 6271K(6464K)->6271K(6464K)
[422.466s][info][gc             ] GC(1144) Pause Young (Allocation Failure) 509M->295M(541M) 76.368ms
[422.467s][info][gc,cpu         ] GC(1144) User=0.15s Sys=0.01s Real=0.08s
[422.775s][info][gc,start       ] GC(1145) Pause Young (Allocation Failure)
[422.849s][info][gc,heap        ] GC(1145) PSYoungGen: 261632K(261632K)->17920K(295424K) Eden: 251392K(251392K)->0K(277504K) From: 10240K(10240K)->17920K(17920K)
[422.849s][info][gc,heap        ] GC(1145) ParOldGen: 292741K(292864K)->301613K(302080K)
[422.849s][info][gc,metaspace   ] GC(1145) Metaspace: 35353K(35968K)->35353K(35968K) NonClass: 29081K(29504K)->29081K(29504K) Class: 6271K(6464K)->6271K(6464K)
[422.849s][info][gc             ] GC(1145) Pause Young (Allocation Failure) 541M->312M(583M) 74.539ms
[422.849s][info][gc,cpu         ] GC(1145) User=0.13s Sys=0.01s Real=0.07s
[422.980s][info][gc,start       ] GC(1146) Pause Young (Allocation Failure)
[422.992s][info][gc,heap        ] GC(1146) PSYoungGen: 295424K(295424K)->4576K(302592K) Eden: 277504K(277504K)->0K(277504K) From: 17920K(17920K)->4576K(25088K)
[422.992s][info][gc,heap        ] GC(1146) ParOldGen: 301613K(302080K)->301949K(302080K)
[422.992s][info][gc,metaspace   ] GC(1146) Metaspace: 35353K(35968K)->35353K(35968K) NonClass: 29081K(29504K)->29081K(29504K) Class: 6271K(6464K)->6271K(6464K)
[422.992s][info][gc             ] GC(1146) Pause Young (Allocation Failure) 583M->299M(590M) 12.487ms
[422.992s][info][gc,cpu         ] GC(1146) User=0.02s Sys=0.00s Real=0.02s
[423.516s][info][gc,start       ] GC(1147) Pause Young (Allocation Failure)
[423.517s][info][gc,heap        ] GC(1147) PSYoungGen: 282080K(302592K)->64K(306176K) Eden: 277504K(277504K)->0K(285184K) From: 4576K(25088K)->64K(20992K)
[423.517s][info][gc,heap        ] GC(1147) ParOldGen: 301949K(302080K)->301957K(302080K)
[423.517s][info][gc,metaspace   ] GC(1147) Metaspace: 35353K(35968K)->35353K(35968K) NonClass: 29081K(29504K)->29081K(29504K) Class: 6271K(6464K)->6271K(6464K)
[423.517s][info][gc             ] GC(1147) Pause Young (Allocation Failure) 570M->294M(594M) 1.246ms
[423.517s][info][gc,cpu         ] GC(1147) User=0.01s Sys=0.00s Real=0.00s
[424.013s][info][gc,start       ] GC(1148) Pause Young (Allocation Failure)
[424.014s][info][gc,heap        ] GC(1148) PSYoungGen: 285248K(306176K)->64K(308224K) Eden: 285184K(285184K)->0K(285184K) From: 64K(20992K)->64K(23040K)
[424.014s][info][gc,heap        ] GC(1148) ParOldGen: 301957K(302080K)->301965K(302080K)
[424.014s][info][gc,metaspace   ] GC(1148) Metaspace: 35353K(35968K)->35353K(35968K) NonClass: 29081K(29504K)->29081K(29504K) Class: 6271K(6464K)->6271K(6464K)
[424.014s][info][gc             ] GC(1148) Pause Young (Allocation Failure) 573M->294M(596M) 1.288ms
[424.014s][info][gc,cpu         ] GC(1148) User=0.00s Sys=0.00s Real=0.00s
[424.435s][info][gc,start       ] GC(1149) Pause Young (Allocation Failure)
[424.436s][info][gc,heap        ] GC(1149) PSYoungGen: 285248K(308224K)->64K(307712K) Eden: 285184K(285184K)->0K(288768K) From: 64K(23040K)->64K(18944K)
[424.436s][info][gc,heap        ] GC(1149) ParOldGen: 301965K(302080K)->301981K(302080K)
[424.436s][info][gc,metaspace   ] GC(1149) Metaspace: 35353K(35968K)->35353K(35968K) NonClass: 29081K(29504K)->29081K(29504K) Class: 6271K(6464K)->6271K(6464K)
[424.436s][info][gc             ] GC(1149) Pause Young (Allocation Failure) 573M->294M(595M) 1.260ms
[424.436s][info][gc,cpu         ] GC(1149) User=0.00s Sys=0.00s Real=0.00s
[424.654s][info][gc,start       ] GC(1150) Pause Young (Allocation Failure)
[424.655s][info][gc,heap        ] GC(1150) PSYoungGen: 288832K(307712K)->64K(309760K) Eden: 288768K(288768K)->0K(288768K) From: 64K(18944K)->64K(20992K)
[424.655s][info][gc,heap        ] GC(1150) ParOldGen: 301981K(302080K)->301997K(302080K)
[424.655s][info][gc,metaspace   ] GC(1150) Metaspace: 35353K(35968K)->35353K(35968K) NonClass: 29081K(29504K)->29081K(29504K) Class: 6271K(6464K)->6271K(6464K)
[424.655s][info][gc             ] GC(1150) Pause Young (Allocation Failure) 576M->294M(597M) 1.266ms
[424.655s][info][gc,cpu         ] GC(1150) User=0.01s Sys=0.00s Real=0.00s
[424.869s][info][gc,start       ] GC(1151) Pause Young (Allocation Failure)
[424.870s][info][gc,heap        ] GC(1151) PSYoungGen: 288832K(309760K)->64K(310272K) Eden: 288768K(288768K)->0K(292352K) From: 64K(20992K)->64K(17920K)
[424.870s][info][gc,heap        ] GC(1151) ParOldGen: 301997K(302080K)->301997K(302080K)
[424.870s][info][gc,metaspace   ] GC(1151) Metaspace: 35353K(35968K)->35353K(35968K) NonClass: 29081K(29504K)->29081K(29504K) Class: 6271K(6464K)->6271K(6464K)
[424.870s][info][gc             ] GC(1151) Pause Young (Allocation Failure) 576M->294M(598M) 1.213ms
[424.870s][info][gc,cpu         ] GC(1151) User=0.00s Sys=0.01s Real=0.00s
[425.250s][info][gc,start       ] GC(1152) Pause Young (Allocation Failure)
[425.251s][info][gc,heap        ] GC(1152) PSYoungGen: 292416K(310272K)->64K(311808K) Eden: 292352K(292352K)->0K(292352K) From: 64K(17920K)->64K(19456K)
[425.251s][info][gc,heap        ] GC(1152) ParOldGen: 301997K(302080K)->301997K(302080K)
[425.251s][info][gc,metaspace   ] GC(1152) Metaspace: 35353K(35968K)->35353K(35968K) NonClass: 29081K(29504K)->29081K(29504K) Class: 6271K(6464K)->6271K(6464K)
[425.251s][info][gc             ] GC(1152) Pause Young (Allocation Failure) 580M->294M(599M) 1.299ms
[425.251s][info][gc,cpu         ] GC(1152) User=0.01s Sys=0.00s Real=0.01s
[425.311s][info][gc,start       ] GC(1153) Pause Young (Allocation Failure)
[425.312s][info][gc,heap        ] GC(1153) PSYoungGen: 292416K(311808K)->64K(311808K) Eden: 292352K(292352K)->0K(295936K) From: 64K(19456K)->64K(15872K)
[425.312s][info][gc,heap        ] GC(1153) ParOldGen: 301997K(302080K)->302005K(302080K)
[425.312s][info][gc,metaspace   ] GC(1153) Metaspace: 35353K(35968K)->35353K(35968K) NonClass: 29081K(29504K)->29081K(29504K) Class: 6271K(6464K)->6271K(6464K)
[425.312s][info][gc             ] GC(1153) Pause Young (Allocation Failure) 580M->294M(599M) 1.235ms
[425.312s][info][gc,cpu         ] GC(1153) User=0.01s Sys=0.00s Real=0.00s
[425.368s][info][gc,start       ] GC(1154) Pause Young (Allocation Failure)
[425.370s][info][gc,heap        ] GC(1154) PSYoungGen: 296000K(311808K)->64K(313344K) Eden: 295936K(295936K)->0K(295936K) From: 64K(15872K)->64K(17408K)
[425.370s][info][gc,heap        ] GC(1154) ParOldGen: 302005K(302080K)->302021K(302080K)
[425.370s][info][gc,metaspace   ] GC(1154) Metaspace: 35353K(35968K)->35353K(35968K) NonClass: 29081K(29504K)->29081K(29504K) Class: 6271K(6464K)->6271K(6464K)
[425.370s][info][gc             ] GC(1154) Pause Young (Allocation Failure) 583M->295M(601M) 1.257ms
[425.370s][info][gc,cpu         ] GC(1154) User=0.00s Sys=0.00s Real=0.00s
[425.544s][info][gc,start       ] GC(1155) Pause Young (Allocation Failure)
[425.545s][info][gc,heap        ] GC(1155) PSYoungGen: 296000K(313344K)->64K(314880K) Eden: 295936K(295936K)->0K(300032K) From: 64K(17408K)->64K(14848K)
[425.545s][info][gc,heap        ] GC(1155) ParOldGen: 302021K(302080K)->302021K(302080K)
[425.545s][info][gc,metaspace   ] GC(1155) Metaspace: 35353K(35968K)->35353K(35968K) NonClass: 29081K(29504K)->29081K(29504K) Class: 6271K(6464K)->6271K(6464K)
[425.545s][info][gc             ] GC(1155) Pause Young (Allocation Failure) 584M->295M(602M) 1.281ms
[425.545s][info][gc,cpu         ] GC(1155) User=0.00s Sys=0.00s Real=0.00s
[425.766s][info][gc,start       ] GC(1156) Pause Young (Allocation Failure)
[425.767s][info][gc,heap        ] GC(1156) PSYoungGen: 300096K(314880K)->64K(315904K) Eden: 300032K(300032K)->0K(300032K) From: 64K(14848K)->64K(15872K)
[425.767s][info][gc,heap        ] GC(1156) ParOldGen: 302021K(302080K)->302029K(302080K)
[425.767s][info][gc,metaspace   ] GC(1156) Metaspace: 35353K(35968K)->35353K(35968K) NonClass: 29081K(29504K)->29081K(29504K) Class: 6271K(6464K)->6271K(6464K)
[425.767s][info][gc             ] GC(1156) Pause Young (Allocation Failure) 588M->295M(603M) 1.308ms
[425.767s][info][gc,cpu         ] GC(1156) User=0.01s Sys=0.00s Real=0.00s
[425.894s][info][gc,start       ] GC(1157) Pause Young (Allocation Failure)
[425.895s][info][gc,heap        ] GC(1157) PSYoungGen: 300096K(315904K)->64K(315904K) Eden: 300032K(300032K)->0K(303104K) From: 64K(15872K)->64K(12800K)
[425.895s][info][gc,heap        ] GC(1157) ParOldGen: 302029K(302080K)->302037K(302080K)
[425.895s][info][gc,metaspace   ] GC(1157) Metaspace: 35353K(35968K)->35353K(35968K) NonClass: 29081K(29504K)->29081K(29504K) Class: 6271K(6464K)->6271K(6464K)
[425.895s][info][gc             ] GC(1157) Pause Young (Allocation Failure) 588M->295M(603M) 1.385ms
[425.895s][info][gc,cpu         ] GC(1157) User=0.00s Sys=0.00s Real=0.00s
[425.991s][info][gc,start       ] GC(1158) Pause Young (Allocation Failure)
[425.992s][info][gc,heap        ] GC(1158) PSYoungGen: 303168K(315904K)->64K(316928K) Eden: 303104K(303104K)->0K(303104K) From: 64K(12800K)->64K(13824K)
[425.992s][info][gc,heap        ] GC(1158) ParOldGen: 302037K(302080K)->302045K(302080K)
[425.992s][info][gc,metaspace   ] GC(1158) Metaspace: 35353K(35968K)->35353K(35968K) NonClass: 29081K(29504K)->29081K(29504K) Class: 6271K(6464K)->6271K(6464K)
[425.992s][info][gc             ] GC(1158) Pause Young (Allocation Failure) 591M->295M(604M) 1.287ms
[425.992s][info][gc,cpu         ] GC(1158) User=0.01s Sys=0.00s Real=0.00s
[426.170s][info][gc,start       ] GC(1159) Pause Young (Allocation Failure)
[426.171s][info][gc,heap        ] GC(1159) PSYoungGen: 303168K(316928K)->64K(317440K) Eden: 303104K(303104K)->0K(306688K) From: 64K(13824K)->64K(10752K)
[426.171s][info][gc,heap        ] GC(1159) ParOldGen: 302045K(302080K)->302053K(302080K)
[426.171s][info][gc,metaspace   ] GC(1159) Metaspace: 35353K(35968K)->35353K(35968K) NonClass: 29081K(29504K)->29081K(29504K) Class: 6271K(6464K)->6271K(6464K)
[426.171s][info][gc             ] GC(1159) Pause Young (Allocation Failure) 591M->295M(605M) 1.330ms
[426.171s][info][gc,cpu         ] GC(1159) User=0.01s Sys=0.00s Real=0.01s
[427.147s][info][gc,start       ] GC(1160) Pause Young (Allocation Failure)
[427.148s][info][gc,heap        ] GC(1160) PSYoungGen: 306752K(317440K)->64K(294912K) Eden: 306688K(306688K)->0K(294400K) From: 64K(10752K)->64K(512K)
[427.148s][info][gc,heap        ] GC(1160) ParOldGen: 302053K(302080K)->302061K(302080K)
[427.148s][info][gc,metaspace   ] GC(1160) Metaspace: 35353K(35968K)->35353K(35968K) NonClass: 29081K(29504K)->29081K(29504K) Class: 6271K(6464K)->6271K(6464K)
[427.148s][info][gc             ] GC(1160) Pause Young (Allocation Failure) 594M->295M(583M) 1.298ms
[427.148s][info][gc,cpu         ] GC(1160) User=0.00s Sys=0.00s Real=0.00s
[428.043s][info][gc,start       ] GC(1161) Pause Young (Allocation Failure)
[428.045s][info][gc,heap        ] GC(1161) PSYoungGen: 294464K(294912K)->64K(283136K) Eden: 294400K(294400K)->0K(282624K) From: 64K(512K)->64K(512K)
[428.045s][info][gc,heap        ] GC(1161) ParOldGen: 302061K(302080K)->302069K(302080K)
[428.045s][info][gc,metaspace   ] GC(1161) Metaspace: 35353K(35968K)->35353K(35968K) NonClass: 29081K(29504K)->29081K(29504K) Class: 6271K(6464K)->6271K(6464K)
[428.045s][info][gc             ] GC(1161) Pause Young (Allocation Failure) 582M->295M(571M) 2.019ms
[428.045s][info][gc,cpu         ] GC(1161) User=0.00s Sys=0.00s Real=0.00s
[428.388s][info][gc,start       ] GC(1162) Pause Young (Allocation Failure)
[428.389s][info][gc,heap        ] GC(1162) PSYoungGen: 282688K(283136K)->64K(282112K) Eden: 282624K(282624K)->0K(271360K) From: 64K(512K)->64K(10752K)
[428.389s][info][gc,heap        ] GC(1162) ParOldGen: 302069K(302080K)->302077K(302080K)
[428.389s][info][gc,metaspace   ] GC(1162) Metaspace: 35353K(35968K)->35353K(35968K) NonClass: 29081K(29504K)->29081K(29504K) Class: 6271K(6464K)->6271K(6464K)
[428.389s][info][gc             ] GC(1162) Pause Young (Allocation Failure) 571M->295M(570M) 1.244ms
[428.389s][info][gc,cpu         ] GC(1162) User=0.00s Sys=0.01s Real=0.00s
[428.779s][info][gc,start       ] GC(1163) Pause Young (Allocation Failure)
[428.781s][info][gc,heap        ] GC(1163) PSYoungGen: 271424K(282112K)->64K(261120K) Eden: 271360K(271360K)->0K(260608K) From: 64K(10752K)->64K(512K)
[428.781s][info][gc,heap        ] GC(1163) ParOldGen: 302077K(302080K)->302093K(302592K)
[428.781s][info][gc,metaspace   ] GC(1163) Metaspace: 35353K(35968K)->35353K(35968K) NonClass: 29081K(29504K)->29081K(29504K) Class: 6271K(6464K)->6271K(6464K)
[428.781s][info][gc             ] GC(1163) Pause Young (Allocation Failure) 560M->295M(550M) 1.949ms
[428.781s][info][gc,cpu         ] GC(1163) User=0.01s Sys=0.00s Real=0.01s
[429.736s][info][gc,start       ] GC(1164) Pause Young (Allocation Failure)
[429.737s][info][gc,heap        ] GC(1164) PSYoungGen: 260672K(261120K)->64K(259584K) Eden: 260608K(260608K)->0K(250368K) From: 64K(512K)->64K(9216K)
[429.737s][info][gc,heap        ] GC(1164) ParOldGen: 302093K(302592K)->302101K(302592K)
[429.737s][info][gc,metaspace   ] GC(1164) Metaspace: 35353K(35968K)->35353K(35968K) NonClass: 29081K(29504K)->29081K(29504K) Class: 6271K(6464K)->6271K(6464K)
[429.737s][info][gc             ] GC(1164) Pause Young (Allocation Failure) 549M->295M(549M) 1.356ms
[429.737s][info][gc,cpu         ] GC(1164) User=0.00s Sys=0.00s Real=0.00s
[430.106s][info][gc,start       ] GC(1165) Pause Young (Allocation Failure)
[430.109s][info][gc,heap        ] GC(1165) PSYoungGen: 250432K(259584K)->64K(241152K) Eden: 250368K(250368K)->0K(240640K) From: 64K(9216K)->64K(512K)
[430.109s][info][gc,heap        ] GC(1165) ParOldGen: 302101K(302592K)->302117K(302592K)
[430.109s][info][gc,metaspace   ] GC(1165) Metaspace: 35353K(35968K)->35353K(35968K) NonClass: 29081K(29504K)->29081K(29504K) Class: 6271K(6464K)->6271K(6464K)
[430.109s][info][gc             ] GC(1165) Pause Young (Allocation Failure) 539M->295M(531M) 2.675ms
[430.109s][info][gc,cpu         ] GC(1165) User=0.00s Sys=0.00s Real=0.00s
[430.247s][info][gc,start       ] GC(1166) Pause Young (Allocation Failure)
[430.248s][info][gc,heap        ] GC(1166) PSYoungGen: 240704K(241152K)->64K(239616K) Eden: 240640K(240640K)->0K(231424K) From: 64K(512K)->64K(8192K)
[430.248s][info][gc,heap        ] GC(1166) ParOldGen: 302117K(302592K)->302125K(302592K)
[430.248s][info][gc,metaspace   ] GC(1166) Metaspace: 35353K(35968K)->35353K(35968K) NonClass: 29081K(29504K)->29081K(29504K) Class: 6271K(6464K)->6271K(6464K)
[430.248s][info][gc             ] GC(1166) Pause Young (Allocation Failure) 530M->295M(529M) 1.272ms
[430.248s][info][gc,cpu         ] GC(1166) User=0.00s Sys=0.00s Real=0.00s
[430.555s][info][gc,start       ] GC(1167) Pause Young (Allocation Failure)
[430.557s][info][gc,heap        ] GC(1167) PSYoungGen: 231488K(239616K)->64K(223232K) Eden: 231424K(231424K)->0K(222720K) From: 64K(8192K)->64K(512K)
[430.557s][info][gc,heap        ] GC(1167) ParOldGen: 302125K(302592K)->302133K(302592K)
[430.557s][info][gc,metaspace   ] GC(1167) Metaspace: 35353K(35968K)->35353K(35968K) NonClass: 29081K(29504K)->29081K(29504K) Class: 6271K(6464K)->6271K(6464K)
[430.557s][info][gc             ] GC(1167) Pause Young (Allocation Failure) 521M->295M(513M) 1.887ms
[430.557s][info][gc,cpu         ] GC(1167) User=0.01s Sys=0.00s Real=0.00s
[430.990s][info][gc,start       ] GC(1168) Pause Young (Allocation Failure)
[430.992s][info][gc,heap        ] GC(1168) PSYoungGen: 222784K(223232K)->64K(221696K) Eden: 222720K(222720K)->0K(214528K) From: 64K(512K)->64K(7168K)
[430.992s][info][gc,heap        ] GC(1168) ParOldGen: 302133K(302592K)->302141K(302592K)
[430.992s][info][gc,metaspace   ] GC(1168) Metaspace: 35353K(35968K)->35353K(35968K) NonClass: 29081K(29504K)->29081K(29504K) Class: 6271K(6464K)->6271K(6464K)
[430.992s][info][gc             ] GC(1168) Pause Young (Allocation Failure) 512M->295M(512M) 1.455ms
[430.992s][info][gc,cpu         ] GC(1168) User=0.00s Sys=0.00s Real=0.01s
[431.325s][info][gc,start       ] GC(1169) Pause Young (Allocation Failure)
[431.327s][info][gc,heap        ] GC(1169) PSYoungGen: 214592K(221696K)->64K(207360K) Eden: 214528K(214528K)->0K(206848K) From: 64K(7168K)->64K(512K)
[431.327s][info][gc,heap        ] GC(1169) ParOldGen: 302141K(302592K)->302157K(302592K)
[431.327s][info][gc,metaspace   ] GC(1169) Metaspace: 35353K(35968K)->35353K(35968K) NonClass: 29081K(29504K)->29081K(29504K) Class: 6271K(6464K)->6271K(6464K)
[431.327s][info][gc             ] GC(1169) Pause Young (Allocation Failure) 504M->295M(498M) 2.629ms
[431.327s][info][gc,cpu         ] GC(1169) User=0.00s Sys=0.00s Real=0.00s
[431.582s][info][gc,start       ] GC(1170) Pause Young (Allocation Failure)
[431.634s][info][gc,heap        ] GC(1170) PSYoungGen: 206912K(207360K)->6144K(253952K) Eden: 206848K(206848K)->0K(247808K) From: 64K(512K)->6144K(6144K)
[431.634s][info][gc,heap        ] GC(1170) ParOldGen: 302157K(302592K)->317029K(317440K)
[431.634s][info][gc,metaspace   ] GC(1170) Metaspace: 35353K(35968K)->35353K(35968K) NonClass: 29081K(29504K)->29081K(29504K) Class: 6271K(6464K)->6271K(6464K)
[431.634s][info][gc             ] GC(1170) Pause Young (Allocation Failure) 497M->315M(558M) 51.776ms
[431.634s][info][gc,cpu         ] GC(1170) User=0.09s Sys=0.01s Real=0.05s
[431.927s][info][gc,start       ] GC(1171) Pause Young (Allocation Failure)
[431.992s][info][gc,heap        ] GC(1171) PSYoungGen: 253952K(253952K)->6144K(257536K) Eden: 247808K(247808K)->0K(251392K) From: 6144K(6144K)->6144K(6144K)
[431.992s][info][gc,heap        ] GC(1171) ParOldGen: 317029K(317440K)->337757K(337920K)
[431.992s][info][gc,metaspace   ] GC(1171) Metaspace: 35353K(35968K)->35353K(35968K) NonClass: 29081K(29504K)->29081K(29504K) Class: 6271K(6464K)->6271K(6464K)
[431.992s][info][gc             ] GC(1171) Pause Young (Allocation Failure) 557M->335M(581M) 65.582ms
[431.992s][info][gc,cpu         ] GC(1171) User=0.11s Sys=0.01s Real=0.07s
[432.244s][info][gc,start       ] GC(1172) Pause Young (Allocation Failure)
[432.285s][info][gc,heap        ] GC(1172) PSYoungGen: 257536K(257536K)->20992K(272384K) Eden: 251392K(251392K)->0K(251392K) From: 6144K(6144K)->20992K(20992K)
[432.285s][info][gc,heap        ] GC(1172) ParOldGen: 337757K(337920K)->339149K(339456K)
[432.285s][info][gc,metaspace   ] GC(1172) Metaspace: 35353K(35968K)->35353K(35968K) NonClass: 29081K(29504K)->29081K(29504K) Class: 6271K(6464K)->6271K(6464K)
[432.285s][info][gc             ] GC(1172) Pause Young (Allocation Failure) 581M->351M(597M) 41.334ms
[432.285s][info][gc,cpu         ] GC(1172) User=0.08s Sys=0.00s Real=0.04s
[432.373s][info][gc,start       ] GC(1173) Pause Young (Allocation Failure)
[432.374s][info][gc,heap        ] GC(1173) PSYoungGen: 272384K(272384K)->64K(308736K) Eden: 251392K(251392K)->0K(282624K) From: 20992K(20992K)->64K(26112K)
[432.374s][info][gc,heap        ] GC(1173) ParOldGen: 339149K(339456K)->339181K(339456K)
[432.374s][info][gc,metaspace   ] GC(1173) Metaspace: 35353K(35968K)->35353K(35968K) NonClass: 29081K(29504K)->29081K(29504K) Class: 6271K(6464K)->6271K(6464K)
[432.374s][info][gc             ] GC(1173) Pause Young (Allocation Failure) 597M->331M(633M) 1.494ms
[432.374s][info][gc,cpu         ] GC(1173) User=0.01s Sys=0.01s Real=0.00s
[433.052s][info][gc,start       ] GC(1174) Pause Young (Allocation Failure)
[433.054s][info][gc,heap        ] GC(1174) PSYoungGen: 282688K(308736K)->32K(283136K) Eden: 282624K(282624K)->0K(282624K) From: 64K(26112K)->32K(512K)
[433.054s][info][gc,heap        ] GC(1174) ParOldGen: 339181K(339456K)->339189K(339456K)
[433.054s][info][gc,metaspace   ] GC(1174) Metaspace: 35353K(35968K)->35353K(35968K) NonClass: 29081K(29504K)->29081K(29504K) Class: 6271K(6464K)->6271K(6464K)
[433.054s][info][gc             ] GC(1174) Pause Young (Allocation Failure) 607M->331M(608M) 1.822ms
[433.054s][info][gc,cpu         ] GC(1174) User=0.00s Sys=0.00s Real=0.00s
[433.419s][info][gc,start       ] GC(1175) Pause Young (Allocation Failure)
[433.421s][info][gc,heap        ] GC(1175) PSYoungGen: 282656K(283136K)->64K(308224K) Eden: 282624K(282624K)->0K(283648K) From: 32K(512K)->64K(24576K)
[433.421s][info][gc,heap        ] GC(1175) ParOldGen: 339189K(339456K)->339197K(339456K)
[433.421s][info][gc,metaspace   ] GC(1175) Metaspace: 35353K(35968K)->35353K(35968K) NonClass: 29081K(29504K)->29081K(29504K) Class: 6271K(6464K)->6271K(6464K)
[433.421s][info][gc             ] GC(1175) Pause Young (Allocation Failure) 607M->331M(632M) 1.376ms
[433.421s][info][gc,cpu         ] GC(1175) User=0.00s Sys=0.00s Real=0.00s
[433.850s][info][gc,start       ] GC(1176) Pause Young (Allocation Failure)
[433.851s][info][gc,heap        ] GC(1176) PSYoungGen: 283712K(308224K)->64K(307200K) Eden: 283648K(283648K)->0K(283648K) From: 64K(24576K)->64K(23552K)
[433.851s][info][gc,heap        ] GC(1176) ParOldGen: 339197K(339456K)->339213K(339456K)
[433.851s][info][gc,metaspace   ] GC(1176) Metaspace: 35353K(35968K)->35353K(35968K) NonClass: 29081K(29504K)->29081K(29504K) Class: 6271K(6464K)->6271K(6464K)
[433.852s][info][gc             ] GC(1176) Pause Young (Allocation Failure) 608M->331M(631M) 1.393ms
[433.852s][info][gc,cpu         ] GC(1176) User=0.00s Sys=0.00s Real=0.01s
[434.062s][info][gc,start       ] GC(1177) Pause Young (Allocation Failure)
[434.064s][info][gc,heap        ] GC(1177) PSYoungGen: 283712K(307200K)->64K(309248K) Eden: 283648K(283648K)->0K(286720K) From: 64K(23552K)->64K(22528K)
[434.064s][info][gc,heap        ] GC(1177) ParOldGen: 339213K(339456K)->339229K(339456K)
[434.064s][info][gc,metaspace   ] GC(1177) Metaspace: 35353K(35968K)->35353K(35968K) NonClass: 29081K(29504K)->29081K(29504K) Class: 6271K(6464K)->6271K(6464K)
[434.064s][info][gc             ] GC(1177) Pause Young (Allocation Failure) 608M->331M(633M) 1.275ms
[434.064s][info][gc,cpu         ] GC(1177) User=0.00s Sys=0.00s Real=0.00s
[434.279s][info][gc,start       ] GC(1178) Pause Young (Allocation Failure)
[434.280s][info][gc,heap        ] GC(1178) PSYoungGen: 286784K(309248K)->64K(308224K) Eden: 286720K(286720K)->0K(286720K) From: 64K(22528K)->64K(21504K)
[434.280s][info][gc,heap        ] GC(1178) ParOldGen: 339229K(339456K)->339229K(339456K)
[434.280s][info][gc,metaspace   ] GC(1178) Metaspace: 35353K(35968K)->35353K(35968K) NonClass: 29081K(29504K)->29081K(29504K) Class: 6271K(6464K)->6271K(6464K)
[434.280s][info][gc             ] GC(1178) Pause Young (Allocation Failure) 611M->331M(632M) 1.257ms
[434.280s][info][gc,cpu         ] GC(1178) User=0.00s Sys=0.00s Real=0.00s
[434.631s][info][gc,start       ] GC(1179) Pause Young (Allocation Failure)
[434.632s][info][gc,heap        ] GC(1179) PSYoungGen: 286784K(308224K)->64K(311296K) Eden: 286720K(286720K)->0K(290816K) From: 64K(21504K)->64K(20480K)
[434.632s][info][gc,heap        ] GC(1179) ParOldGen: 339229K(339456K)->339229K(339456K)
[434.632s][info][gc,metaspace   ] GC(1179) Metaspace: 35353K(35968K)->35353K(35968K) NonClass: 29081K(29504K)->29081K(29504K) Class: 6271K(6464K)->6271K(6464K)
[434.632s][info][gc             ] GC(1179) Pause Young (Allocation Failure) 611M->331M(635M) 1.314ms
[434.632s][info][gc,cpu         ] GC(1179) User=0.00s Sys=0.00s Real=0.00s
[434.689s][info][gc,start       ] GC(1180) Pause Young (Allocation Failure)
[434.690s][info][gc,heap        ] GC(1180) PSYoungGen: 290880K(311296K)->64K(310272K) Eden: 290816K(290816K)->0K(290816K) From: 64K(20480K)->64K(19456K)
[434.690s][info][gc,heap        ] GC(1180) ParOldGen: 339229K(339456K)->339245K(339456K)
[434.690s][info][gc,metaspace   ] GC(1180) Metaspace: 35353K(35968K)->35353K(35968K) NonClass: 29081K(29504K)->29081K(29504K) Class: 6271K(6464K)->6271K(6464K)
[434.690s][info][gc             ] GC(1180) Pause Young (Allocation Failure) 615M->331M(634M) 1.224ms
[434.690s][info][gc,cpu         ] GC(1180) User=0.00s Sys=0.00s Real=0.00s
[434.743s][info][gc,start       ] GC(1181) Pause Young (Allocation Failure)
[434.744s][info][gc,heap        ] GC(1181) PSYoungGen: 290880K(310272K)->64K(313344K) Eden: 290816K(290816K)->0K(294912K) From: 64K(19456K)->64K(18432K)
[434.745s][info][gc,heap        ] GC(1181) ParOldGen: 339245K(339456K)->339245K(339456K)
[434.745s][info][gc,metaspace   ] GC(1181) Metaspace: 35353K(35968K)->35353K(35968K) NonClass: 29081K(29504K)->29081K(29504K) Class: 6271K(6464K)->6271K(6464K)
[434.745s][info][gc             ] GC(1181) Pause Young (Allocation Failure) 615M->331M(637M) 1.331ms
[434.745s][info][gc,cpu         ] GC(1181) User=0.00s Sys=0.00s Real=0.00s
[434.946s][info][gc,start       ] GC(1182) Pause Young (Allocation Failure)
[434.947s][info][gc,heap        ] GC(1182) PSYoungGen: 294976K(313344K)->64K(312320K) Eden: 294912K(294912K)->0K(294912K) From: 64K(18432K)->64K(17408K)
[434.947s][info][gc,heap        ] GC(1182) ParOldGen: 339245K(339456K)->339245K(339456K)
[434.947s][info][gc,metaspace   ] GC(1182) Metaspace: 35353K(35968K)->35353K(35968K) NonClass: 29081K(29504K)->29081K(29504K) Class: 6271K(6464K)->6271K(6464K)
[434.947s][info][gc             ] GC(1182) Pause Young (Allocation Failure) 619M->331M(636M) 1.368ms
[434.947s][info][gc,cpu         ] GC(1182) User=0.00s Sys=0.00s Real=0.00s
[435.153s][info][gc,start       ] GC(1183) Pause Young (Allocation Failure)
[435.155s][info][gc,heap        ] GC(1183) PSYoungGen: 294976K(312320K)->64K(315392K) Eden: 294912K(294912K)->0K(299008K) From: 64K(17408K)->64K(16384K)
[435.155s][info][gc,heap        ] GC(1183) ParOldGen: 339245K(339456K)->339253K(339456K)
[435.155s][info][gc,metaspace   ] GC(1183) Metaspace: 35353K(35968K)->35353K(35968K) NonClass: 29081K(29504K)->29081K(29504K) Class: 6271K(6464K)->6271K(6464K)
[435.155s][info][gc             ] GC(1183) Pause Young (Allocation Failure) 619M->331M(639M) 1.338ms
[435.155s][info][gc,cpu         ] GC(1183) User=0.00s Sys=0.00s Real=0.00s
[435.266s][info][gc,start       ] GC(1184) Pause Young (Allocation Failure)
[435.267s][info][gc,heap        ] GC(1184) PSYoungGen: 299072K(315392K)->64K(314368K) Eden: 299008K(299008K)->0K(299008K) From: 64K(16384K)->64K(15360K)
[435.267s][info][gc,heap        ] GC(1184) ParOldGen: 339253K(339456K)->339261K(339456K)
[435.267s][info][gc,metaspace   ] GC(1184) Metaspace: 35353K(35968K)->35353K(35968K) NonClass: 29081K(29504K)->29081K(29504K) Class: 6271K(6464K)->6271K(6464K)
[435.267s][info][gc             ] GC(1184) Pause Young (Allocation Failure) 623M->331M(638M) 1.299ms
[435.267s][info][gc,cpu         ] GC(1184) User=0.01s Sys=0.00s Real=0.00s
[435.375s][info][gc,start       ] GC(1185) Pause Young (Allocation Failure)
[435.377s][info][gc,heap        ] GC(1185) PSYoungGen: 299072K(314368K)->64K(317440K) Eden: 299008K(299008K)->0K(303104K) From: 64K(15360K)->64K(14336K)
[435.377s][info][gc,heap        ] GC(1185) ParOldGen: 339261K(339456K)->339269K(339456K)
[435.377s][info][gc,metaspace   ] GC(1185) Metaspace: 35353K(35968K)->35353K(35968K) NonClass: 29081K(29504K)->29081K(29504K) Class: 6271K(6464K)->6271K(6464K)
[435.377s][info][gc             ] GC(1185) Pause Young (Allocation Failure) 623M->331M(641M) 2.023ms
[435.378s][info][gc,cpu         ] GC(1185) User=0.00s Sys=0.00s Real=0.00s
[435.602s][info][gc,start       ] GC(1186) Pause Young (Allocation Failure)
[435.603s][info][gc,heap        ] GC(1186) PSYoungGen: 303168K(317440K)->64K(316416K) Eden: 303104K(303104K)->0K(303104K) From: 64K(14336K)->64K(13312K)
[435.603s][info][gc,heap        ] GC(1186) ParOldGen: 339269K(339456K)->339277K(339456K)
[435.603s][info][gc,metaspace   ] GC(1186) Metaspace: 35353K(35968K)->35353K(35968K) NonClass: 29081K(29504K)->29081K(29504K) Class: 6271K(6464K)->6271K(6464K)
[435.603s][info][gc             ] GC(1186) Pause Young (Allocation Failure) 627M->331M(640M) 1.329ms
[435.603s][info][gc,cpu         ] GC(1186) User=0.00s Sys=0.00s Real=0.00s
[436.501s][info][gc,start       ] GC(1187) Pause Young (Allocation Failure)
[436.502s][info][gc,heap        ] GC(1187) PSYoungGen: 303168K(316416K)->83K(291328K) Eden: 303104K(303104K)->0K(290816K) From: 64K(13312K)->83K(512K)
[436.502s][info][gc,heap        ] GC(1187) ParOldGen: 339277K(339456K)->339285K(339456K)
[436.502s][info][gc,metaspace   ] GC(1187) Metaspace: 35353K(35968K)->35353K(35968K) NonClass: 29081K(29504K)->29081K(29504K) Class: 6271K(6464K)->6271K(6464K)
[436.502s][info][gc             ] GC(1187) Pause Young (Allocation Failure) 627M->331M(616M) 1.390ms
[436.502s][info][gc,cpu         ] GC(1187) User=0.00s Sys=0.00s Real=0.01s
[437.386s][info][gc,start       ] GC(1188) Pause Young (Allocation Failure)
[437.387s][info][gc,heap        ] GC(1188) PSYoungGen: 290899K(291328K)->64K(291328K) Eden: 290816K(290816K)->0K(279552K) From: 83K(512K)->64K(11776K)
[437.387s][info][gc,heap        ] GC(1188) ParOldGen: 339285K(339456K)->339293K(339456K)
[437.387s][info][gc,metaspace   ] GC(1188) Metaspace: 35353K(35968K)->35353K(35968K) NonClass: 29081K(29504K)->29081K(29504K) Class: 6271K(6464K)->6271K(6464K)
[437.387s][info][gc             ] GC(1188) Pause Young (Allocation Failure) 615M->331M(616M) 1.317ms
[437.387s][info][gc,cpu         ] GC(1188) User=0.01s Sys=0.00s Real=0.00s
[437.744s][info][gc,start       ] GC(1189) Pause Young (Allocation Failure)
[437.745s][info][gc,heap        ] GC(1189) PSYoungGen: 279616K(291328K)->64K(269312K) Eden: 279552K(279552K)->0K(268800K) From: 64K(11776K)->64K(512K)
[437.745s][info][gc,heap        ] GC(1189) ParOldGen: 339293K(339456K)->339301K(339456K)
[437.745s][info][gc,metaspace   ] GC(1189) Metaspace: 35353K(35968K)->35353K(35968K) NonClass: 29081K(29504K)->29081K(29504K) Class: 6271K(6464K)->6271K(6464K)
[437.745s][info][gc             ] GC(1189) Pause Young (Allocation Failure) 604M->331M(594M) 1.340ms
[437.745s][info][gc,cpu         ] GC(1189) User=0.00s Sys=0.00s Real=0.00s
[438.099s][info][gc,start       ] GC(1190) Pause Young (Allocation Failure)
[438.100s][info][gc,heap        ] GC(1190) PSYoungGen: 268864K(269312K)->64K(268800K) Eden: 268800K(268800K)->0K(258560K) From: 64K(512K)->64K(10240K)
[438.100s][info][gc,heap        ] GC(1190) ParOldGen: 339301K(339456K)->339309K(339456K)
[438.100s][info][gc,metaspace   ] GC(1190) Metaspace: 35353K(35968K)->35353K(35968K) NonClass: 29081K(29504K)->29081K(29504K) Class: 6271K(6464K)->6271K(6464K)
[438.100s][info][gc             ] GC(1190) Pause Young (Allocation Failure) 593M->331M(594M) 1.325ms
[438.100s][info][gc,cpu         ] GC(1190) User=0.00s Sys=0.00s Real=0.00s
[439.048s][info][gc,start       ] GC(1191) Pause Young (Allocation Failure)
[439.050s][info][gc,heap        ] GC(1191) PSYoungGen: 258624K(268800K)->64K(249344K) Eden: 258560K(258560K)->0K(248832K) From: 64K(10240K)->64K(512K)
[439.050s][info][gc,heap        ] GC(1191) ParOldGen: 339309K(339456K)->339317K(339456K)
[439.050s][info][gc,metaspace   ] GC(1191) Metaspace: 35353K(35968K)->35353K(35968K) NonClass: 29081K(29504K)->29081K(29504K) Class: 6271K(6464K)->6271K(6464K)
[439.050s][info][gc             ] GC(1191) Pause Young (Allocation Failure) 583M->331M(575M) 1.716ms
[439.050s][info][gc,cpu         ] GC(1191) User=0.00s Sys=0.00s Real=0.00s
[439.406s][info][gc,start       ] GC(1192) Pause Young (Allocation Failure)
[439.408s][info][gc,heap        ] GC(1192) PSYoungGen: 248896K(249344K)->64K(248320K) Eden: 248832K(248832K)->0K(239104K) From: 64K(512K)->64K(9216K)
[439.408s][info][gc,heap        ] GC(1192) ParOldGen: 339317K(339456K)->339325K(339456K)
[439.408s][info][gc,metaspace   ] GC(1192) Metaspace: 35353K(35968K)->35353K(35968K) NonClass: 29081K(29504K)->29081K(29504K) Class: 6271K(6464K)->6271K(6464K)
[439.408s][info][gc             ] GC(1192) Pause Young (Allocation Failure) 574M->331M(574M) 2.350ms
[439.408s][info][gc,cpu         ] GC(1192) User=0.00s Sys=0.00s Real=0.00s
[439.526s][info][gc,start       ] GC(1193) Pause Young (Allocation Failure)
[439.529s][info][gc,heap        ] GC(1193) PSYoungGen: 239168K(248320K)->64K(230400K) Eden: 239104K(239104K)->0K(229888K) From: 64K(9216K)->64K(512K)
[439.529s][info][gc,heap        ] GC(1193) ParOldGen: 339325K(339456K)->339333K(339456K)
[439.529s][info][gc,metaspace   ] GC(1193) Metaspace: 35353K(35968K)->35353K(35968K) NonClass: 29081K(29504K)->29081K(29504K) Class: 6271K(6464K)->6271K(6464K)
[439.529s][info][gc             ] GC(1193) Pause Young (Allocation Failure) 564M->331M(556M) 2.870ms
[439.529s][info][gc,cpu         ] GC(1193) User=0.00s Sys=0.00s Real=0.00s
[439.865s][info][gc,start       ] GC(1194) Pause Young (Allocation Failure)
[439.867s][info][gc,heap        ] GC(1194) PSYoungGen: 229952K(230400K)->64K(228864K) Eden: 229888K(229888K)->0K(221184K) From: 64K(512K)->64K(7680K)
[439.867s][info][gc,heap        ] GC(1194) ParOldGen: 339333K(339456K)->339341K(339456K)
[439.867s][info][gc,metaspace   ] GC(1194) Metaspace: 35353K(35968K)->35353K(35968K) NonClass: 29081K(29504K)->29081K(29504K) Class: 6271K(6464K)->6271K(6464K)
[439.867s][info][gc             ] GC(1194) Pause Young (Allocation Failure) 555M->331M(555M) 2.333ms
[439.867s][info][gc,cpu         ] GC(1194) User=0.01s Sys=0.00s Real=0.00s
[440.240s][info][gc,start       ] GC(1195) Pause Young (Allocation Failure)
[440.242s][info][gc,heap        ] GC(1195) PSYoungGen: 221248K(228864K)->64K(213504K) Eden: 221184K(221184K)->0K(212992K) From: 64K(7680K)->64K(512K)
[440.242s][info][gc,heap        ] GC(1195) ParOldGen: 339341K(339456K)->339357K(339456K)
[440.243s][info][gc,metaspace   ] GC(1195) Metaspace: 35353K(35968K)->35353K(35968K) NonClass: 29081K(29504K)->29081K(29504K) Class: 6271K(6464K)->6271K(6464K)
[440.243s][info][gc             ] GC(1195) Pause Young (Allocation Failure) 547M->331M(540M) 2.995ms
[440.243s][info][gc,cpu         ] GC(1195) User=0.00s Sys=0.00s Real=0.01s
[440.601s][info][gc,start       ] GC(1196) Pause Young (Allocation Failure)
[440.605s][info][gc,heap        ] GC(1196) PSYoungGen: 213056K(213504K)->352K(211968K) Eden: 212992K(212992K)->0K(205312K) From: 64K(512K)->352K(6656K)
[440.605s][info][gc,heap        ] GC(1196) ParOldGen: 339357K(339456K)->339373K(339456K)
[440.605s][info][gc,metaspace   ] GC(1196) Metaspace: 35353K(35968K)->35353K(35968K) NonClass: 29081K(29504K)->29081K(29504K) Class: 6271K(6464K)->6271K(6464K)
[440.605s][info][gc             ] GC(1196) Pause Young (Allocation Failure) 539M->331M(538M) 3.521ms
[440.605s][info][gc,cpu         ] GC(1196) User=0.00s Sys=0.00s Real=0.00s
[440.839s][info][gc,start       ] GC(1197) Pause Young (Allocation Failure)
[440.883s][info][gc,heap        ] GC(1197) PSYoungGen: 205664K(211968K)->6144K(252416K) Eden: 205312K(205312K)->0K(246272K) From: 352K(6656K)->6144K(6144K)
[440.883s][info][gc,heap        ] GC(1197) ParOldGen: 339373K(339456K)->355029K(355328K)
[440.883s][info][gc,metaspace   ] GC(1197) Metaspace: 35353K(35968K)->35353K(35968K) NonClass: 29081K(29504K)->29081K(29504K) Class: 6271K(6464K)->6271K(6464K)
[440.883s][info][gc             ] GC(1197) Pause Young (Allocation Failure) 532M->352M(593M) 44.521ms
[440.883s][info][gc,cpu         ] GC(1197) User=0.07s Sys=0.01s Real=0.05s
[441.166s][info][gc,start       ] GC(1198) Pause Young (Allocation Failure)
[441.218s][info][gc,heap        ] GC(1198) PSYoungGen: 252416K(252416K)->13312K(271872K) Eden: 246272K(246272K)->0K(258560K) From: 6144K(6144K)->13312K(13312K)
[441.218s][info][gc,heap        ] GC(1198) ParOldGen: 355029K(355328K)->368429K(368640K)
[441.218s][info][gc,metaspace   ] GC(1198) Metaspace: 35353K(35968K)->35353K(35968K) NonClass: 29081K(29504K)->29081K(29504K) Class: 6271K(6464K)->6271K(6464K)
[441.218s][info][gc             ] GC(1198) Pause Young (Allocation Failure) 593M->372M(625M) 52.174ms
[441.218s][info][gc,cpu         ] GC(1198) User=0.09s Sys=0.01s Real=0.05s
[441.458s][info][gc,start       ] GC(1199) Pause Young (Allocation Failure)
[441.505s][info][gc,heap        ] GC(1199) PSYoungGen: 271872K(271872K)->20704K(304128K) Eden: 258560K(258560K)->0K(282624K) From: 13312K(13312K)->20704K(21504K)
[441.505s][info][gc,heap        ] GC(1199) ParOldGen: 368429K(368640K)->368917K(369152K)
[441.505s][info][gc,metaspace   ] GC(1199) Metaspace: 35353K(35968K)->35353K(35968K) NonClass: 29081K(29504K)->29081K(29504K) Class: 6271K(6464K)->6271K(6464K)
[441.505s][info][gc             ] GC(1199) Pause Young (Allocation Failure) 625M->380M(657M) 46.393ms
[441.505s][info][gc,cpu         ] GC(1199) User=0.08s Sys=0.02s Real=0.05s
[441.681s][info][gc,start       ] GC(1200) Pause Young (Allocation Failure)
[441.682s][info][gc,heap        ] GC(1200) PSYoungGen: 303328K(304128K)->64K(308224K) Eden: 282624K(282624K)->0K(282624K) From: 20704K(21504K)->64K(25600K)
[441.682s][info][gc,heap        ] GC(1200) ParOldGen: 368917K(369152K)->368925K(369152K)
[441.682s][info][gc,metaspace   ] GC(1200) Metaspace: 35353K(35968K)->35353K(35968K) NonClass: 29081K(29504K)->29081K(29504K) Class: 6271K(6464K)->6271K(6464K)
[441.682s][info][gc             ] GC(1200) Pause Young (Allocation Failure) 656M->360M(661M) 1.412ms
[441.682s][info][gc,cpu         ] GC(1200) User=0.00s Sys=0.00s Real=0.00s
[442.376s][info][gc,start       ] GC(1201) Pause Young (Allocation Failure)
[442.378s][info][gc,heap        ] GC(1201) PSYoungGen: 282688K(308224K)->64K(306176K) Eden: 282624K(282624K)->0K(283648K) From: 64K(25600K)->64K(22528K)
[442.378s][info][gc,heap        ] GC(1201) ParOldGen: 368925K(369152K)->368941K(369152K)
[442.378s][info][gc,metaspace   ] GC(1201) Metaspace: 35353K(35968K)->35353K(35968K) NonClass: 29081K(29504K)->29081K(29504K) Class: 6271K(6464K)->6271K(6464K)
[442.378s][info][gc             ] GC(1201) Pause Young (Allocation Failure) 636M->360M(659M) 1.589ms
[442.378s][info][gc,cpu         ] GC(1201) User=0.01s Sys=0.00s Real=0.00s
[442.658s][info][gc,start       ] GC(1202) Pause Young (Allocation Failure)
[442.659s][info][gc,heap        ] GC(1202) PSYoungGen: 283712K(306176K)->64K(307712K) Eden: 283648K(283648K)->0K(283648K) From: 64K(22528K)->64K(24064K)
[442.659s][info][gc,heap        ] GC(1202) ParOldGen: 368941K(369152K)->368941K(369152K)
[442.659s][info][gc,metaspace   ] GC(1202) Metaspace: 35353K(35968K)->35353K(35968K) NonClass: 29081K(29504K)->29081K(29504K) Class: 6271K(6464K)->6271K(6464K)
[442.659s][info][gc             ] GC(1202) Pause Young (Allocation Failure) 637M->360M(661M) 1.429ms
[442.659s][info][gc,cpu         ] GC(1202) User=0.01s Sys=0.00s Real=0.00s
[443.104s][info][gc,start       ] GC(1203) Pause Young (Allocation Failure)
[443.105s][info][gc,heap        ] GC(1203) PSYoungGen: 283712K(307712K)->64K(307200K) Eden: 283648K(283648K)->0K(286720K) From: 64K(24064K)->64K(20480K)
[443.105s][info][gc,heap        ] GC(1203) ParOldGen: 368941K(369152K)->368957K(369152K)
[443.105s][info][gc,metaspace   ] GC(1203) Metaspace: 35353K(35968K)->35353K(35968K) NonClass: 29081K(29504K)->29081K(29504K) Class: 6271K(6464K)->6271K(6464K)
[443.105s][info][gc             ] GC(1203) Pause Young (Allocation Failure) 637M->360M(660M) 1.530ms
[443.105s][info][gc,cpu         ] GC(1203) User=0.00s Sys=0.00s Real=0.00s
[443.325s][info][gc,start       ] GC(1204) Pause Young (Allocation Failure)
[443.327s][info][gc,heap        ] GC(1204) PSYoungGen: 286784K(307200K)->64K(308736K) Eden: 286720K(286720K)->0K(286720K) From: 64K(20480K)->64K(22016K)
[443.327s][info][gc,heap        ] GC(1204) ParOldGen: 368957K(369152K)->368973K(369152K)
[443.327s][info][gc,metaspace   ] GC(1204) Metaspace: 35353K(35968K)->35353K(35968K) NonClass: 29081K(29504K)->29081K(29504K) Class: 6271K(6464K)->6271K(6464K)
[443.327s][info][gc             ] GC(1204) Pause Young (Allocation Failure) 640M->360M(662M) 1.416ms
[443.327s][info][gc,cpu         ] GC(1204) User=0.00s Sys=0.00s Real=0.00s
[443.547s][info][gc,start       ] GC(1205) Pause Young (Allocation Failure)
[443.548s][info][gc,heap        ] GC(1205) PSYoungGen: 286784K(308736K)->64K(309248K) Eden: 286720K(286720K)->0K(290816K) From: 64K(22016K)->64K(18432K)
[443.548s][info][gc,heap        ] GC(1205) ParOldGen: 368973K(369152K)->368973K(369152K)
[443.548s][info][gc,metaspace   ] GC(1205) Metaspace: 35353K(35968K)->35353K(35968K) NonClass: 29081K(29504K)->29081K(29504K) Class: 6271K(6464K)->6271K(6464K)
[443.548s][info][gc             ] GC(1205) Pause Young (Allocation Failure) 640M->360M(662M) 1.415ms
[443.548s][info][gc,cpu         ] GC(1205) User=0.00s Sys=0.00s Real=0.00s
[443.874s][info][gc,start       ] GC(1206) Pause Young (Allocation Failure)
[443.875s][info][gc,heap        ] GC(1206) PSYoungGen: 290880K(309248K)->64K(310784K) Eden: 290816K(290816K)->0K(290816K) From: 64K(18432K)->64K(19968K)
[443.875s][info][gc,heap        ] GC(1206) ParOldGen: 368973K(369152K)->368973K(369152K)
[443.875s][info][gc,metaspace   ] GC(1206) Metaspace: 35353K(35968K)->35353K(35968K) NonClass: 29081K(29504K)->29081K(29504K) Class: 6271K(6464K)->6271K(6464K)
[443.875s][info][gc             ] GC(1206) Pause Young (Allocation Failure) 644M->360M(664M) 1.403ms
[443.875s][info][gc,cpu         ] GC(1206) User=0.00s Sys=0.00s Real=0.00s
[443.928s][info][gc,start       ] GC(1207) Pause Young (Allocation Failure)
[443.929s][info][gc,heap        ] GC(1207) PSYoungGen: 290880K(310784K)->64K(311296K) Eden: 290816K(290816K)->0K(294912K) From: 64K(19968K)->64K(16384K)
[443.929s][info][gc,heap        ] GC(1207) ParOldGen: 368973K(369152K)->368989K(369152K)
[443.929s][info][gc,metaspace   ] GC(1207) Metaspace: 35353K(35968K)->35353K(35968K) NonClass: 29081K(29504K)->29081K(29504K) Class: 6271K(6464K)->6271K(6464K)
[443.930s][info][gc             ] GC(1207) Pause Young (Allocation Failure) 644M->360M(664M) 1.395ms
[443.930s][info][gc,cpu         ] GC(1207) User=0.00s Sys=0.00s Real=0.00s
[443.998s][info][gc,start       ] GC(1208) Pause Young (Allocation Failure)
[443.999s][info][gc,heap        ] GC(1208) PSYoungGen: 294976K(311296K)->64K(312832K) Eden: 294912K(294912K)->0K(294912K) From: 64K(16384K)->64K(17920K)
[443.999s][info][gc,heap        ] GC(1208) ParOldGen: 368989K(369152K)->368989K(369152K)
[443.999s][info][gc,metaspace   ] GC(1208) Metaspace: 35353K(35968K)->35353K(35968K) NonClass: 29081K(29504K)->29081K(29504K) Class: 6271K(6464K)->6271K(6464K)
[443.999s][info][gc             ] GC(1208) Pause Young (Allocation Failure) 648M->360M(666M) 1.481ms
[443.999s][info][gc,cpu         ] GC(1208) User=0.00s Sys=0.00s Real=0.00s
[444.226s][info][gc,start       ] GC(1209) Pause Young (Allocation Failure)
[444.227s][info][gc,heap        ] GC(1209) PSYoungGen: 294976K(312832K)->64K(313344K) Eden: 294912K(294912K)->0K(299008K) From: 64K(17920K)->64K(14336K)
[444.227s][info][gc,heap        ] GC(1209) ParOldGen: 368989K(369152K)->369005K(369152K)
[444.227s][info][gc,metaspace   ] GC(1209) Metaspace: 35353K(35968K)->35353K(35968K) NonClass: 29081K(29504K)->29081K(29504K) Class: 6271K(6464K)->6271K(6464K)
[444.227s][info][gc             ] GC(1209) Pause Young (Allocation Failure) 648M->360M(666M) 1.483ms
[444.227s][info][gc,cpu         ] GC(1209) User=0.00s Sys=0.00s Real=0.00s
[444.438s][info][gc,start       ] GC(1210) Pause Young (Allocation Failure)
[444.440s][info][gc,heap        ] GC(1210) PSYoungGen: 299072K(313344K)->64K(314880K) Eden: 299008K(299008K)->0K(299008K) From: 64K(14336K)->64K(15872K)
[444.440s][info][gc,heap        ] GC(1210) ParOldGen: 369005K(369152K)->369005K(369152K)
[444.440s][info][gc,metaspace   ] GC(1210) Metaspace: 35353K(35968K)->35353K(35968K) NonClass: 29081K(29504K)->29081K(29504K) Class: 6271K(6464K)->6271K(6464K)
[444.440s][info][gc             ] GC(1210) Pause Young (Allocation Failure) 652M->360M(668M) 1.453ms
[444.440s][info][gc,cpu         ] GC(1210) User=0.00s Sys=0.00s Real=0.00s
[444.525s][info][gc,start       ] GC(1211) Pause Young (Allocation Failure)
[444.526s][info][gc,heap        ] GC(1211) PSYoungGen: 299072K(314880K)->64K(316416K) Eden: 299008K(299008K)->0K(303104K) From: 64K(15872K)->64K(13312K)
[444.526s][info][gc,heap        ] GC(1211) ParOldGen: 369005K(369152K)->369013K(369152K)
[444.526s][info][gc,metaspace   ] GC(1211) Metaspace: 35353K(35968K)->35353K(35968K) NonClass: 29081K(29504K)->29081K(29504K) Class: 6271K(6464K)->6271K(6464K)
[444.526s][info][gc             ] GC(1211) Pause Young (Allocation Failure) 652M->360M(669M) 1.418ms
[444.526s][info][gc,cpu         ] GC(1211) User=0.00s Sys=0.00s Real=0.00s
[444.654s][info][gc,start       ] GC(1212) Pause Young (Allocation Failure)
[444.656s][info][gc,heap        ] GC(1212) PSYoungGen: 303168K(316416K)->64K(317440K) Eden: 303104K(303104K)->0K(303104K) From: 64K(13312K)->64K(14336K)
[444.656s][info][gc,heap        ] GC(1212) ParOldGen: 369013K(369152K)->369021K(369152K)
[444.656s][info][gc,metaspace   ] GC(1212) Metaspace: 35353K(35968K)->35353K(35968K) NonClass: 29081K(29504K)->29081K(29504K) Class: 6271K(6464K)->6271K(6464K)
[444.656s][info][gc             ] GC(1212) Pause Young (Allocation Failure) 656M->360M(670M) 1.455ms
[444.656s][info][gc,cpu         ] GC(1212) User=0.01s Sys=0.00s Real=0.00s
[445.057s][info][gc,start       ] GC(1213) Pause Young (Allocation Failure)
[445.059s][info][gc,heap        ] GC(1213) PSYoungGen: 303168K(317440K)->64K(317440K) Eden: 303104K(303104K)->0K(306176K) From: 64K(14336K)->64K(11264K)
[445.059s][info][gc,heap        ] GC(1213) ParOldGen: 369021K(369152K)->369029K(369152K)
[445.059s][info][gc,metaspace   ] GC(1213) Metaspace: 35353K(35968K)->35353K(35968K) NonClass: 29081K(29504K)->29081K(29504K) Class: 6271K(6464K)->6271K(6464K)
[445.059s][info][gc             ] GC(1213) Pause Young (Allocation Failure) 656M->360M(670M) 1.530ms
[445.059s][info][gc,cpu         ] GC(1213) User=0.01s Sys=0.00s Real=0.00s
[445.811s][info][gc,start       ] GC(1214) Pause Young (Allocation Failure)
[445.813s][info][gc,heap        ] GC(1214) PSYoungGen: 306240K(317440K)->64K(294400K) Eden: 306176K(306176K)->0K(293888K) From: 64K(11264K)->64K(512K)
[445.813s][info][gc,heap        ] GC(1214) ParOldGen: 369029K(369152K)->369037K(369152K)
[445.813s][info][gc,metaspace   ] GC(1214) Metaspace: 35353K(35968K)->35353K(35968K) NonClass: 29081K(29504K)->29081K(29504K) Class: 6271K(6464K)->6271K(6464K)
[445.813s][info][gc             ] GC(1214) Pause Young (Allocation Failure) 659M->360M(648M) 2.161ms
[445.813s][info][gc,cpu         ] GC(1214) User=0.01s Sys=0.00s Real=0.00s
[446.772s][info][gc,start       ] GC(1215) Pause Young (Allocation Failure)
[446.774s][info][gc,heap        ] GC(1215) PSYoungGen: 293952K(294400K)->64K(282624K) Eden: 293888K(293888K)->0K(282112K) From: 64K(512K)->64K(512K)
[446.774s][info][gc,heap        ] GC(1215) ParOldGen: 369037K(369152K)->369045K(369152K)
[446.774s][info][gc,metaspace   ] GC(1215) Metaspace: 35353K(35968K)->35353K(35968K) NonClass: 29081K(29504K)->29081K(29504K) Class: 6271K(6464K)->6271K(6464K)
[446.774s][info][gc             ] GC(1215) Pause Young (Allocation Failure) 647M->360M(636M) 1.977ms
[446.774s][info][gc,cpu         ] GC(1215) User=0.00s Sys=0.00s Real=0.00s
[447.200s][info][gc,start       ] GC(1216) Pause Young (Allocation Failure)
[447.202s][info][gc,heap        ] GC(1216) PSYoungGen: 282176K(282624K)->64K(281600K) Eden: 282112K(282112K)->0K(270848K) From: 64K(512K)->64K(10752K)
[447.202s][info][gc,heap        ] GC(1216) ParOldGen: 369045K(369152K)->369061K(369152K)
[447.202s][info][gc,metaspace   ] GC(1216) Metaspace: 35353K(35968K)->35353K(35968K) NonClass: 29081K(29504K)->29081K(29504K) Class: 6271K(6464K)->6271K(6464K)
[447.202s][info][gc             ] GC(1216) Pause Young (Allocation Failure) 635M->360M(635M) 2.437ms
[447.202s][info][gc,cpu         ] GC(1216) User=0.00s Sys=0.00s Real=0.01s
[448.167s][info][gc,start       ] GC(1217) Pause Young (Allocation Failure)
[448.170s][info][gc,heap        ] GC(1217) PSYoungGen: 270912K(281600K)->64K(260608K) Eden: 270848K(270848K)->0K(260096K) From: 64K(10752K)->64K(512K)
[448.170s][info][gc,heap        ] GC(1217) ParOldGen: 369061K(369152K)->369069K(369152K)
[448.170s][info][gc,metaspace   ] GC(1217) Metaspace: 35353K(35968K)->35353K(35968K) NonClass: 29081K(29504K)->29081K(29504K) Class: 6271K(6464K)->6271K(6464K)
[448.170s][info][gc             ] GC(1217) Pause Young (Allocation Failure) 624M->360M(615M) 3.403ms
[448.170s][info][gc,cpu         ] GC(1217) User=0.00s Sys=0.00s Real=0.00s
[448.571s][info][gc,start       ] GC(1218) Pause Young (Allocation Failure)
[448.573s][info][gc,heap        ] GC(1218) PSYoungGen: 260160K(260608K)->64K(259584K) Eden: 260096K(260096K)->0K(249856K) From: 64K(512K)->64K(9728K)
[448.574s][info][gc,heap        ] GC(1218) ParOldGen: 369069K(369152K)->369077K(369152K)
[448.574s][info][gc,metaspace   ] GC(1218) Metaspace: 35353K(35968K)->35353K(35968K) NonClass: 29081K(29504K)->29081K(29504K) Class: 6271K(6464K)->6271K(6464K)
[448.574s][info][gc             ] GC(1218) Pause Young (Allocation Failure) 614M->360M(614M) 2.523ms
[448.574s][info][gc,cpu         ] GC(1218) User=0.01s Sys=0.00s Real=0.00s
[448.780s][info][gc,start       ] GC(1219) Pause Young (Allocation Failure)
[448.783s][info][gc,heap        ] GC(1219) PSYoungGen: 249920K(259584K)->64K(240640K) Eden: 249856K(249856K)->0K(240128K) From: 64K(9728K)->64K(512K)
[448.783s][info][gc,heap        ] GC(1219) ParOldGen: 369077K(369152K)->369085K(369152K)
[448.783s][info][gc,metaspace   ] GC(1219) Metaspace: 35353K(35968K)->35353K(35968K) NonClass: 29081K(29504K)->29081K(29504K) Class: 6271K(6464K)->6271K(6464K)
[448.783s][info][gc             ] GC(1219) Pause Young (Allocation Failure) 604M->360M(595M) 3.101ms
[448.783s][info][gc,cpu         ] GC(1219) User=0.00s Sys=0.00s Real=0.01s
[448.861s][info][gc,start       ] GC(1220) Pause Young (Allocation Failure)
[448.863s][info][gc,heap        ] GC(1220) PSYoungGen: 240192K(240640K)->64K(282624K) Eden: 240128K(240128K)->0K(274432K) From: 64K(512K)->64K(8192K)
[448.863s][info][gc,heap        ] GC(1220) ParOldGen: 369085K(369152K)->369093K(369152K)
[448.863s][info][gc,metaspace   ] GC(1220) Metaspace: 35353K(35968K)->35353K(35968K) NonClass: 29081K(29504K)->29081K(29504K) Class: 6271K(6464K)->6271K(6464K)
[448.863s][info][gc             ] GC(1220) Pause Young (Allocation Failure) 594M->360M(636M) 2.444ms
[448.863s][info][gc,cpu         ] GC(1220) User=0.00s Sys=0.00s Real=0.00s
[449.492s][info][gc,start       ] GC(1221) Pause Young (Allocation Failure)
[449.495s][info][gc,heap        ] GC(1221) PSYoungGen: 274496K(282624K)->64K(292864K) Eden: 274432K(274432K)->0K(285184K) From: 64K(8192K)->64K(7680K)
[449.495s][info][gc,heap        ] GC(1221) ParOldGen: 369093K(369152K)->369109K(369152K)
[449.495s][info][gc,metaspace   ] GC(1221) Metaspace: 35353K(35968K)->35353K(35968K) NonClass: 29081K(29504K)->29081K(29504K) Class: 6271K(6464K)->6271K(6464K)
[449.495s][info][gc             ] GC(1221) Pause Young (Allocation Failure) 628M->360M(646M) 2.549ms
[449.495s][info][gc,cpu         ] GC(1221) User=0.00s Sys=0.00s Real=0.00s
[449.821s][info][gc,start       ] GC(1222) Pause Young (Allocation Failure)
[449.824s][info][gc,heap        ] GC(1222) PSYoungGen: 285248K(292864K)->64K(292352K) Eden: 285184K(285184K)->0K(285184K) From: 64K(7680K)->64K(7168K)
[449.824s][info][gc,heap        ] GC(1222) ParOldGen: 369109K(369152K)->369125K(369152K)
[449.824s][info][gc,metaspace   ] GC(1222) Metaspace: 35353K(35968K)->35353K(35968K) NonClass: 29081K(29504K)->29081K(29504K) Class: 6271K(6464K)->6271K(6464K)
[449.824s][info][gc             ] GC(1222) Pause Young (Allocation Failure) 639M->360M(646M) 2.498ms
[449.824s][info][gc,cpu         ] GC(1222) User=0.00s Sys=0.00s Real=0.00s
[450.173s][info][gc,start       ] GC(1223) Pause Young (Allocation Failure)
[450.233s][info][gc,heap        ] GC(1223) PSYoungGen: 285248K(292352K)->6656K(307712K) Eden: 285184K(285184K)->0K(301056K) From: 64K(7168K)->6656K(6656K)
[450.233s][info][gc,heap        ] GC(1223) ParOldGen: 369125K(369152K)->390669K(391168K)
[450.233s][info][gc,metaspace   ] GC(1223) Metaspace: 35353K(35968K)->35353K(35968K) NonClass: 29081K(29504K)->29081K(29504K) Class: 6271K(6464K)->6271K(6464K)
[450.233s][info][gc             ] GC(1223) Pause Young (Allocation Failure) 639M->388M(682M) 60.433ms
[450.233s][info][gc,cpu         ] GC(1223) User=0.11s Sys=0.02s Real=0.06s
[450.579s][info][gc,start       ] GC(1224) Pause Young (Allocation Failure)
[450.651s][info][gc,heap        ] GC(1224) PSYoungGen: 307712K(307712K)->16384K(317440K) Eden: 301056K(301056K)->0K(301056K) From: 6656K(6656K)->16384K(16384K)
[450.651s][info][gc,heap        ] GC(1224) ParOldGen: 390669K(391168K)->407029K(407040K)
[450.651s][info][gc,metaspace   ] GC(1224) Metaspace: 35353K(35968K)->35353K(35968K) NonClass: 29081K(29504K)->29081K(29504K) Class: 6271K(6464K)->6271K(6464K)
[450.651s][info][gc             ] GC(1224) Pause Young (Allocation Failure) 682M->413M(707M) 72.555ms
[450.651s][info][gc,cpu         ] GC(1224) User=0.12s Sys=0.02s Real=0.08s
[450.802s][info][gc,start       ] GC(1225) Pause Young (Allocation Failure)
[450.824s][info][gc,heap        ] GC(1225) PSYoungGen: 317440K(317440K)->8864K(300032K) Eden: 301056K(301056K)->0K(283648K) From: 16384K(16384K)->8864K(16384K)
[450.824s][info][gc,heap        ] GC(1225) ParOldGen: 407029K(407040K)->407621K(408064K)
[450.824s][info][gc,metaspace   ] GC(1225) Metaspace: 35353K(35968K)->35353K(35968K) NonClass: 29081K(29504K)->29081K(29504K) Class: 6271K(6464K)->6271K(6464K)
[450.824s][info][gc             ] GC(1225) Pause Young (Allocation Failure) 707M->406M(691M) 22.591ms
[450.824s][info][gc,cpu         ] GC(1225) User=0.05s Sys=0.01s Real=0.02s
[451.343s][info][gc,start       ] GC(1226) Pause Young (Allocation Failure)
[451.344s][info][gc,heap        ] GC(1226) PSYoungGen: 292512K(300032K)->64K(308736K) Eden: 283648K(283648K)->0K(283648K) From: 8864K(16384K)->64K(25088K)
[451.344s][info][gc,heap        ] GC(1226) ParOldGen: 407621K(408064K)->407629K(408064K)
[451.344s][info][gc,metaspace   ] GC(1226) Metaspace: 35353K(35968K)->35353K(35968K) NonClass: 29081K(29504K)->29081K(29504K) Class: 6271K(6464K)->6271K(6464K)
[451.344s][info][gc             ] GC(1226) Pause Young (Allocation Failure) 683M->398M(700M) 1.476ms
[451.344s][info][gc,cpu         ] GC(1226) User=0.00s Sys=0.00s Real=0.00s
[451.856s][info][gc,start       ] GC(1227) Pause Young (Allocation Failure)
[451.858s][info][gc,heap        ] GC(1227) PSYoungGen: 283712K(308736K)->64K(306688K) Eden: 283648K(283648K)->0K(284672K) From: 64K(25088K)->64K(22016K)
[451.858s][info][gc,heap        ] GC(1227) ParOldGen: 407629K(408064K)->407637K(408064K)
[451.858s][info][gc,metaspace   ] GC(1227) Metaspace: 35353K(35968K)->35353K(35968K) NonClass: 29081K(29504K)->29081K(29504K) Class: 6271K(6464K)->6271K(6464K)
[451.858s][info][gc             ] GC(1227) Pause Young (Allocation Failure) 675M->398M(698M) 2.960ms
[451.858s][info][gc,cpu         ] GC(1227) User=0.00s Sys=0.00s Real=0.00s
[452.283s][info][gc,start       ] GC(1228) Pause Young (Allocation Failure)
[452.285s][info][gc,heap        ] GC(1228) PSYoungGen: 284736K(306688K)->64K(308224K) Eden: 284672K(284672K)->0K(284672K) From: 64K(22016K)->64K(23552K)
[452.285s][info][gc,heap        ] GC(1228) ParOldGen: 407637K(408064K)->407653K(408064K)
[452.285s][info][gc,metaspace   ] GC(1228) Metaspace: 35353K(35968K)->35353K(35968K) NonClass: 29081K(29504K)->29081K(29504K) Class: 6271K(6464K)->6271K(6464K)
[452.285s][info][gc             ] GC(1228) Pause Young (Allocation Failure) 676M->398M(699M) 1.632ms
[452.285s][info][gc,cpu         ] GC(1228) User=0.01s Sys=0.00s Real=0.00s
[452.503s][info][gc,start       ] GC(1229) Pause Young (Allocation Failure)
[452.505s][info][gc,heap        ] GC(1229) PSYoungGen: 284736K(308224K)->64K(307712K) Eden: 284672K(284672K)->0K(287744K) From: 64K(23552K)->64K(19968K)
[452.505s][info][gc,heap        ] GC(1229) ParOldGen: 407653K(408064K)->407669K(408064K)
[452.505s][info][gc,metaspace   ] GC(1229) Metaspace: 35353K(35968K)->35353K(35968K) NonClass: 29081K(29504K)->29081K(29504K) Class: 6271K(6464K)->6271K(6464K)
[452.505s][info][gc             ] GC(1229) Pause Young (Allocation Failure) 676M->398M(699M) 1.682ms
[452.505s][info][gc,cpu         ] GC(1229) User=0.01s Sys=0.00s Real=0.00s
[452.723s][info][gc,start       ] GC(1230) Pause Young (Allocation Failure)
[452.724s][info][gc,heap        ] GC(1230) PSYoungGen: 287808K(307712K)->64K(309248K) Eden: 287744K(287744K)->0K(287744K) From: 64K(19968K)->64K(21504K)
[452.724s][info][gc,heap        ] GC(1230) ParOldGen: 407669K(408064K)->407669K(408064K)
[452.724s][info][gc,metaspace   ] GC(1230) Metaspace: 35353K(35968K)->35353K(35968K) NonClass: 29081K(29504K)->29081K(29504K) Class: 6271K(6464K)->6271K(6464K)
[452.724s][info][gc             ] GC(1230) Pause Young (Allocation Failure) 679M->398M(700M) 1.529ms
[452.724s][info][gc,cpu         ] GC(1230) User=0.01s Sys=0.00s Real=0.00s
[453.095s][info][gc,start       ] GC(1231) Pause Young (Allocation Failure)
[453.097s][info][gc,heap        ] GC(1231) PSYoungGen: 287808K(309248K)->64K(309760K) Eden: 287744K(287744K)->0K(291840K) From: 64K(21504K)->64K(17920K)
[453.097s][info][gc,heap        ] GC(1231) ParOldGen: 407669K(408064K)->407669K(408064K)
[453.097s][info][gc,metaspace   ] GC(1231) Metaspace: 35353K(35968K)->35353K(35968K) NonClass: 29081K(29504K)->29081K(29504K) Class: 6271K(6464K)->6271K(6464K)
[453.097s][info][gc             ] GC(1231) Pause Young (Allocation Failure) 679M->398M(701M) 1.577ms
[453.097s][info][gc,cpu         ] GC(1231) User=0.01s Sys=0.00s Real=0.00s
[453.175s][info][gc,start       ] GC(1232) Pause Young (Allocation Failure)
[453.176s][info][gc,heap        ] GC(1232) PSYoungGen: 291904K(309760K)->64K(311296K) Eden: 291840K(291840K)->0K(291840K) From: 64K(17920K)->64K(19456K)
[453.176s][info][gc,heap        ] GC(1232) ParOldGen: 407669K(408064K)->407677K(408064K)
[453.176s][info][gc,metaspace   ] GC(1232) Metaspace: 35353K(35968K)->35353K(35968K) NonClass: 29081K(29504K)->29081K(29504K) Class: 6271K(6464K)->6271K(6464K)
[453.176s][info][gc             ] GC(1232) Pause Young (Allocation Failure) 683M->398M(702M) 1.536ms
[453.176s][info][gc,cpu         ] GC(1232) User=0.01s Sys=0.00s Real=0.00s
[453.229s][info][gc,start       ] GC(1233) Pause Young (Allocation Failure)
[453.230s][info][gc,heap        ] GC(1233) PSYoungGen: 291904K(311296K)->64K(311808K) Eden: 291840K(291840K)->0K(295936K) From: 64K(19456K)->64K(15872K)
[453.230s][info][gc,heap        ] GC(1233) ParOldGen: 407677K(408064K)->407693K(408064K)
[453.230s][info][gc,metaspace   ] GC(1233) Metaspace: 35353K(35968K)->35353K(35968K) NonClass: 29081K(29504K)->29081K(29504K) Class: 6271K(6464K)->6271K(6464K)
[453.230s][info][gc             ] GC(1233) Pause Young (Allocation Failure) 683M->398M(703M) 1.430ms
[453.230s][info][gc,cpu         ] GC(1233) User=0.00s Sys=0.00s Real=0.00s
[453.390s][info][gc,start       ] GC(1234) Pause Young (Allocation Failure)
[453.392s][info][gc,heap        ] GC(1234) PSYoungGen: 296000K(311808K)->64K(313344K) Eden: 295936K(295936K)->0K(295936K) From: 64K(15872K)->64K(17408K)
[453.392s][info][gc,heap        ] GC(1234) ParOldGen: 407693K(408064K)->407693K(408064K)
[453.392s][info][gc,metaspace   ] GC(1234) Metaspace: 35353K(35968K)->35353K(35968K) NonClass: 29081K(29504K)->29081K(29504K) Class: 6271K(6464K)->6271K(6464K)
[453.392s][info][gc             ] GC(1234) Pause Young (Allocation Failure) 687M->398M(704M) 1.497ms
[453.392s][info][gc,cpu         ] GC(1234) User=0.00s Sys=0.00s Real=0.01s
[453.612s][info][gc,start       ] GC(1235) Pause Young (Allocation Failure)
[453.614s][info][gc,heap        ] GC(1235) PSYoungGen: 296000K(313344K)->64K(313856K) Eden: 295936K(295936K)->0K(299520K) From: 64K(17408K)->64K(14336K)
[453.614s][info][gc,heap        ] GC(1235) ParOldGen: 407693K(408064K)->407701K(408064K)
[453.614s][info][gc,metaspace   ] GC(1235) Metaspace: 35353K(35968K)->35353K(35968K) NonClass: 29081K(29504K)->29081K(29504K) Class: 6271K(6464K)->6271K(6464K)
[453.614s][info][gc             ] GC(1235) Pause Young (Allocation Failure) 687M->398M(705M) 1.506ms
[453.614s][info][gc,cpu         ] GC(1235) User=0.00s Sys=0.00s Real=0.00s
[453.754s][info][gc,start       ] GC(1236) Pause Young (Allocation Failure)
[453.756s][info][gc,heap        ] GC(1236) PSYoungGen: 299584K(313856K)->64K(315392K) Eden: 299520K(299520K)->0K(299520K) From: 64K(14336K)->64K(15872K)
[453.756s][info][gc,heap        ] GC(1236) ParOldGen: 407701K(408064K)->407709K(408064K)
[453.756s][info][gc,metaspace   ] GC(1236) Metaspace: 35353K(35968K)->35353K(35968K) NonClass: 29081K(29504K)->29081K(29504K) Class: 6271K(6464K)->6271K(6464K)
[453.756s][info][gc             ] GC(1236) Pause Young (Allocation Failure) 690M->398M(706M) 1.558ms
[453.756s][info][gc,cpu         ] GC(1236) User=0.01s Sys=0.00s Real=0.00s
[453.839s][info][gc,start       ] GC(1237) Pause Young (Allocation Failure)
[453.840s][info][gc,heap        ] GC(1237) PSYoungGen: 299584K(315392K)->64K(315392K) Eden: 299520K(299520K)->0K(303104K) From: 64K(15872K)->64K(12288K)
[453.841s][info][gc,heap        ] GC(1237) ParOldGen: 407709K(408064K)->407717K(408064K)
[453.841s][info][gc,metaspace   ] GC(1237) Metaspace: 35353K(35968K)->35353K(35968K) NonClass: 29081K(29504K)->29081K(29504K) Class: 6271K(6464K)->6271K(6464K)
[453.841s][info][gc             ] GC(1237) Pause Young (Allocation Failure) 690M->398M(706M) 1.436ms
[453.841s][info][gc,cpu         ] GC(1237) User=0.00s Sys=0.00s Real=0.00s
[454.017s][info][gc,start       ] GC(1238) Pause Young (Allocation Failure)
[454.018s][info][gc,heap        ] GC(1238) PSYoungGen: 303168K(315392K)->64K(316928K) Eden: 303104K(303104K)->0K(303104K) From: 64K(12288K)->64K(13824K)
[454.018s][info][gc,heap        ] GC(1238) ParOldGen: 407717K(408064K)->407725K(408064K)
[454.018s][info][gc,metaspace   ] GC(1238) Metaspace: 35353K(35968K)->35353K(35968K) NonClass: 29081K(29504K)->29081K(29504K) Class: 6271K(6464K)->6271K(6464K)
[454.018s][info][gc             ] GC(1238) Pause Young (Allocation Failure) 694M->398M(708M) 1.527ms
[454.018s][info][gc,cpu         ] GC(1238) User=0.00s Sys=0.00s Real=0.00s
[455.024s][info][gc,start       ] GC(1239) Pause Young (Allocation Failure)
[455.025s][info][gc,heap        ] GC(1239) PSYoungGen: 303168K(316928K)->64K(318464K) Eden: 303104K(303104K)->0K(307200K) From: 64K(13824K)->64K(11264K)
[455.025s][info][gc,heap        ] GC(1239) ParOldGen: 407725K(408064K)->407733K(408064K)
[455.025s][info][gc,metaspace   ] GC(1239) Metaspace: 35353K(35968K)->35353K(35968K) NonClass: 29081K(29504K)->29081K(29504K) Class: 6271K(6464K)->6271K(6464K)
[455.025s][info][gc             ] GC(1239) Pause Young (Allocation Failure) 694M->398M(709M) 1.511ms
[455.025s][info][gc,cpu         ] GC(1239) User=0.00s Sys=0.00s Real=0.00s
[455.926s][info][gc,start       ] GC(1240) Pause Young (Allocation Failure)
[455.928s][info][gc,heap        ] GC(1240) PSYoungGen: 307264K(318464K)->64K(295424K) Eden: 307200K(307200K)->0K(294912K) From: 64K(11264K)->64K(512K)
[455.928s][info][gc,heap        ] GC(1240) ParOldGen: 407733K(408064K)->407741K(408064K)
[455.928s][info][gc,metaspace   ] GC(1240) Metaspace: 35353K(35968K)->35353K(35968K) NonClass: 29081K(29504K)->29081K(29504K) Class: 6271K(6464K)->6271K(6464K)
[455.928s][info][gc             ] GC(1240) Pause Young (Allocation Failure) 698M->398M(687M) 2.165ms
[455.928s][info][gc,cpu         ] GC(1240) User=0.00s Sys=0.00s Real=0.00s
[456.249s][info][gc,start       ] GC(1241) Pause Young (Allocation Failure)
[456.251s][info][gc,heap        ] GC(1241) PSYoungGen: 294976K(295424K)->64K(283648K) Eden: 294912K(294912K)->0K(283136K) From: 64K(512K)->64K(512K)
[456.251s][info][gc,heap        ] GC(1241) ParOldGen: 407741K(408064K)->407749K(408064K)
[456.251s][info][gc,metaspace   ] GC(1241) Metaspace: 35353K(35968K)->35353K(35968K) NonClass: 29081K(29504K)->29081K(29504K) Class: 6271K(6464K)->6271K(6464K)
[456.251s][info][gc             ] GC(1241) Pause Young (Allocation Failure) 686M->398M(675M) 2.208ms
[456.251s][info][gc,cpu         ] GC(1241) User=0.01s Sys=0.00s Real=0.01s
[456.669s][info][gc,start       ] GC(1242) Pause Young (Allocation Failure)
[456.671s][info][gc,heap        ] GC(1242) PSYoungGen: 283200K(283648K)->64K(282624K) Eden: 283136K(283136K)->0K(271872K) From: 64K(512K)->64K(10752K)
[456.671s][info][gc,heap        ] GC(1242) ParOldGen: 407749K(408064K)->407757K(408064K)
[456.671s][info][gc,metaspace   ] GC(1242) Metaspace: 35353K(35968K)->35353K(35968K) NonClass: 29081K(29504K)->29081K(29504K) Class: 6271K(6464K)->6271K(6464K)
[456.671s][info][gc             ] GC(1242) Pause Young (Allocation Failure) 674M->398M(674M) 1.465ms
[456.671s][info][gc,cpu         ] GC(1242) User=0.00s Sys=0.00s Real=0.01s
[457.644s][info][gc,start       ] GC(1243) Pause Young (Allocation Failure)
[457.646s][info][gc,heap        ] GC(1243) PSYoungGen: 271936K(282624K)->64K(261632K) Eden: 271872K(271872K)->0K(261120K) From: 64K(10752K)->64K(512K)
[457.646s][info][gc,heap        ] GC(1243) ParOldGen: 407757K(408064K)->407765K(408064K)
[457.646s][info][gc,metaspace   ] GC(1243) Metaspace: 35353K(35968K)->35353K(35968K) NonClass: 29081K(29504K)->29081K(29504K) Class: 6271K(6464K)->6271K(6464K)
[457.646s][info][gc             ] GC(1243) Pause Young (Allocation Failure) 663M->398M(654M) 2.222ms
[457.646s][info][gc,cpu         ] GC(1243) User=0.00s Sys=0.00s Real=0.00s
[458.016s][info][gc,start       ] GC(1244) Pause Young (Allocation Failure)
[458.017s][info][gc,heap        ] GC(1244) PSYoungGen: 261184K(261632K)->64K(260096K) Eden: 261120K(261120K)->0K(250880K) From: 64K(512K)->64K(9216K)
[458.017s][info][gc,heap        ] GC(1244) ParOldGen: 407765K(408064K)->407773K(408064K)
[458.017s][info][gc,metaspace   ] GC(1244) Metaspace: 35353K(35968K)->35353K(35968K) NonClass: 29081K(29504K)->29081K(29504K) Class: 6271K(6464K)->6271K(6464K)
[458.017s][info][gc             ] GC(1244) Pause Young (Allocation Failure) 653M->398M(652M) 1.451ms
[458.017s][info][gc,cpu         ] GC(1244) User=0.00s Sys=0.00s Real=0.00s
[458.135s][info][gc,start       ] GC(1245) Pause Young (Allocation Failure)
[458.137s][info][gc,heap        ] GC(1245) PSYoungGen: 250944K(260096K)->64K(241664K) Eden: 250880K(250880K)->0K(241152K) From: 64K(9216K)->64K(512K)
[458.137s][info][gc,heap        ] GC(1245) ParOldGen: 407773K(408064K)->407781K(408064K)
[458.137s][info][gc,metaspace   ] GC(1245) Metaspace: 35353K(35968K)->35353K(35968K) NonClass: 29081K(29504K)->29081K(29504K) Class: 6271K(6464K)->6271K(6464K)
[458.137s][info][gc             ] GC(1245) Pause Young (Allocation Failure) 643M->398M(634M) 2.097ms
[458.137s][info][gc,cpu         ] GC(1245) User=0.00s Sys=0.01s Real=0.00s
[458.546s][info][gc,start       ] GC(1246) Pause Young (Allocation Failure)
[458.548s][info][gc,heap        ] GC(1246) PSYoungGen: 241216K(241664K)->64K(240128K) Eden: 241152K(241152K)->0K(231936K) From: 64K(512K)->64K(8192K)
[458.548s][info][gc,heap        ] GC(1246) ParOldGen: 407781K(408064K)->407789K(408064K)
[458.548s][info][gc,metaspace   ] GC(1246) Metaspace: 35353K(35968K)->35353K(35968K) NonClass: 29081K(29504K)->29081K(29504K) Class: 6271K(6464K)->6271K(6464K)
[458.548s][info][gc             ] GC(1246) Pause Young (Allocation Failure) 633M->398M(633M) 1.438ms
[458.548s][info][gc,cpu         ] GC(1246) User=0.00s Sys=0.00s Real=0.00s
[458.880s][info][gc,start       ] GC(1247) Pause Young (Allocation Failure)
[458.883s][info][gc,heap        ] GC(1247) PSYoungGen: 232000K(240128K)->64K(223744K) Eden: 231936K(231936K)->0K(223232K) From: 64K(8192K)->64K(512K)
[458.883s][info][gc,heap        ] GC(1247) ParOldGen: 407789K(408064K)->407805K(408064K)
[458.883s][info][gc,metaspace   ] GC(1247) Metaspace: 35353K(35968K)->35353K(35968K) NonClass: 29081K(29504K)->29081K(29504K) Class: 6271K(6464K)->6271K(6464K)
[458.883s][info][gc             ] GC(1247) Pause Young (Allocation Failure) 624M->398M(617M) 3.398ms
[458.883s][info][gc,cpu         ] GC(1247) User=0.00s Sys=0.00s Real=0.01s
[459.272s][info][gc,start       ] GC(1248) Pause Young (Allocation Failure)
[459.285s][info][gc,heap        ] GC(1248) PSYoungGen: 223296K(223744K)->5216K(270336K) Eden: 223232K(223232K)->0K(264704K) From: 64K(512K)->5216K(5632K)
[459.285s][info][gc,heap        ] GC(1248) ParOldGen: 407805K(408064K)->407821K(408064K)
[459.285s][info][gc,metaspace   ] GC(1248) Metaspace: 35353K(35968K)->35353K(35968K) NonClass: 29081K(29504K)->29081K(29504K) Class: 6271K(6464K)->6271K(6464K)
[459.285s][info][gc             ] GC(1248) Pause Young (Allocation Failure) 616M->403M(662M) 12.449ms
[459.285s][info][gc,cpu         ] GC(1248) User=0.02s Sys=0.00s Real=0.01s
[459.589s][info][gc,start       ] GC(1249) Pause Young (Allocation Failure)
[459.645s][info][gc,heap        ] GC(1249) PSYoungGen: 269920K(270336K)->8192K(268288K) Eden: 264704K(264704K)->0K(260096K) From: 5216K(5632K)->8192K(8192K)
[459.645s][info][gc,heap        ] GC(1249) ParOldGen: 407821K(408064K)->427733K(428032K)
[459.645s][info][gc,metaspace   ] GC(1249) Metaspace: 35353K(35968K)->35353K(35968K) NonClass: 29081K(29504K)->29081K(29504K) Class: 6271K(6464K)->6271K(6464K)
[459.645s][info][gc             ] GC(1249) Pause Young (Allocation Failure) 661M->425M(680M) 55.881ms
[459.645s][info][gc,cpu         ] GC(1249) User=0.09s Sys=0.01s Real=0.06s
[459.946s][info][gc,start       ] GC(1250) Pause Young (Allocation Failure)
[460.000s][info][gc,heap        ] GC(1250) PSYoungGen: 268288K(268288K)->17408K(277504K) Eden: 260096K(260096K)->0K(260096K) From: 8192K(8192K)->17408K(17408K)
[460.000s][info][gc,heap        ] GC(1250) ParOldGen: 427733K(428032K)->438653K(438784K)
[460.000s][info][gc,metaspace   ] GC(1250) Metaspace: 35353K(35968K)->35353K(35968K) NonClass: 29081K(29504K)->29081K(29504K) Class: 6271K(6464K)->6271K(6464K)
[460.000s][info][gc             ] GC(1250) Pause Young (Allocation Failure) 679M->445M(699M) 54.009ms
[460.000s][info][gc,cpu         ] GC(1250) User=0.10s Sys=0.02s Real=0.05s
[460.134s][info][gc,start       ] GC(1251) Pause Young (Allocation Failure)
[460.155s][info][gc,heap        ] GC(1251) PSYoungGen: 277504K(277504K)->8064K(309760K) Eden: 260096K(260096K)->0K(284672K) From: 17408K(17408K)->8064K(25088K)
[460.155s][info][gc,heap        ] GC(1251) ParOldGen: 438653K(438784K)->439037K(439296K)
[460.155s][info][gc,metaspace   ] GC(1251) Metaspace: 35353K(35968K)->35353K(35968K) NonClass: 29081K(29504K)->29081K(29504K) Class: 6271K(6464K)->6271K(6464K)
[460.155s][info][gc             ] GC(1251) Pause Young (Allocation Failure) 699M->436M(731M) 20.644ms
[460.155s][info][gc,cpu         ] GC(1251) User=0.04s Sys=0.00s Real=0.02s
[460.605s][info][gc,start       ] GC(1252) Pause Young (Allocation Failure)
[460.606s][info][gc,heap        ] GC(1252) PSYoungGen: 292736K(309760K)->64K(285184K) Eden: 284672K(284672K)->0K(284672K) From: 8064K(25088K)->64K(512K)
[460.606s][info][gc,heap        ] GC(1252) ParOldGen: 439037K(439296K)->439045K(439296K)
[460.606s][info][gc,metaspace   ] GC(1252) Metaspace: 35353K(35968K)->35353K(35968K) NonClass: 29081K(29504K)->29081K(29504K) Class: 6271K(6464K)->6271K(6464K)
[460.606s][info][gc             ] GC(1252) Pause Young (Allocation Failure) 714M->428M(707M) 1.694ms
[460.606s][info][gc,cpu         ] GC(1252) User=0.00s Sys=0.00s Real=0.00s
[461.171s][info][gc,start       ] GC(1253) Pause Young (Allocation Failure)
[461.172s][info][gc,heap        ] GC(1253) PSYoungGen: 284736K(285184K)->64K(308224K) Eden: 284672K(284672K)->0K(285184K) From: 64K(512K)->64K(23040K)
[461.172s][info][gc,heap        ] GC(1253) ParOldGen: 439045K(439296K)->439053K(439296K)
[461.172s][info][gc,metaspace   ] GC(1253) Metaspace: 35353K(35968K)->35353K(35968K) NonClass: 29081K(29504K)->29081K(29504K) Class: 6271K(6464K)->6271K(6464K)
[461.172s][info][gc             ] GC(1253) Pause Young (Allocation Failure) 706M->428M(730M) 1.581ms
[461.172s][info][gc,cpu         ] GC(1253) User=0.01s Sys=0.00s Real=0.00s
[461.587s][info][gc,start       ] GC(1254) Pause Young (Allocation Failure)
[461.588s][info][gc,heap        ] GC(1254) PSYoungGen: 285248K(308224K)->64K(307712K) Eden: 285184K(285184K)->0K(285184K) From: 64K(23040K)->64K(22528K)
[461.588s][info][gc,heap        ] GC(1254) ParOldGen: 439053K(439296K)->439069K(439296K)
[461.588s][info][gc,metaspace   ] GC(1254) Metaspace: 35353K(35968K)->35353K(35968K) NonClass: 29081K(29504K)->29081K(29504K) Class: 6271K(6464K)->6271K(6464K)
[461.588s][info][gc             ] GC(1254) Pause Young (Allocation Failure) 707M->428M(729M) 1.559ms
[461.588s][info][gc,cpu         ] GC(1254) User=0.00s Sys=0.00s Real=0.00s
[461.797s][info][gc,start       ] GC(1255) Pause Young (Allocation Failure)
[461.799s][info][gc,heap        ] GC(1255) PSYoungGen: 285248K(307712K)->64K(310272K) Eden: 285184K(285184K)->0K(288768K) From: 64K(22528K)->64K(21504K)
[461.799s][info][gc,heap        ] GC(1255) ParOldGen: 439069K(439296K)->439085K(439296K)
[461.799s][info][gc,metaspace   ] GC(1255) Metaspace: 35353K(35968K)->35353K(35968K) NonClass: 29081K(29504K)->29081K(29504K) Class: 6271K(6464K)->6271K(6464K)
[461.799s][info][gc             ] GC(1255) Pause Young (Allocation Failure) 707M->428M(732M) 1.618ms
[461.799s][info][gc,cpu         ] GC(1255) User=0.00s Sys=0.00s Real=0.00s
[462.014s][info][gc,start       ] GC(1256) Pause Young (Allocation Failure)
[462.016s][info][gc,heap        ] GC(1256) PSYoungGen: 288832K(310272K)->64K(309760K) Eden: 288768K(288768K)->0K(288768K) From: 64K(21504K)->64K(20992K)
[462.016s][info][gc,heap        ] GC(1256) ParOldGen: 439085K(439296K)->439085K(439296K)
[462.016s][info][gc,metaspace   ] GC(1256) Metaspace: 35353K(35968K)->35353K(35968K) NonClass: 29081K(29504K)->29081K(29504K) Class: 6271K(6464K)->6271K(6464K)
[462.016s][info][gc             ] GC(1256) Pause Young (Allocation Failure) 710M->428M(731M) 1.556ms
[462.016s][info][gc,cpu         ] GC(1256) User=0.00s Sys=0.00s Real=0.00s
[462.370s][info][gc,start       ] GC(1257) Pause Young (Allocation Failure)
[462.371s][info][gc,heap        ] GC(1257) PSYoungGen: 288832K(309760K)->64K(311808K) Eden: 288768K(288768K)->0K(292352K) From: 64K(20992K)->64K(19456K)
[462.371s][info][gc,heap        ] GC(1257) ParOldGen: 439085K(439296K)->439085K(439296K)
[462.371s][info][gc,metaspace   ] GC(1257) Metaspace: 35353K(35968K)->35353K(35968K) NonClass: 29081K(29504K)->29081K(29504K) Class: 6271K(6464K)->6271K(6464K)
[462.371s][info][gc             ] GC(1257) Pause Young (Allocation Failure) 710M->428M(733M) 1.555ms
[462.371s][info][gc,cpu         ] GC(1257) User=0.00s Sys=0.00s Real=0.01s
[462.474s][info][gc,start       ] GC(1258) Pause Young (Allocation Failure)
[462.475s][info][gc,heap        ] GC(1258) PSYoungGen: 292416K(311808K)->64K(311296K) Eden: 292352K(292352K)->0K(292352K) From: 64K(19456K)->64K(18944K)
[462.475s][info][gc,heap        ] GC(1258) ParOldGen: 439085K(439296K)->439093K(439296K)
[462.475s][info][gc,metaspace   ] GC(1258) Metaspace: 35353K(35968K)->35353K(35968K) NonClass: 29081K(29504K)->29081K(29504K) Class: 6271K(6464K)->6271K(6464K)
[462.475s][info][gc             ] GC(1258) Pause Young (Allocation Failure) 714M->428M(733M) 1.622ms
[462.475s][info][gc,cpu         ] GC(1258) User=0.00s Sys=0.00s Real=0.00s
[462.528s][info][gc,start       ] GC(1259) Pause Young (Allocation Failure)
[462.529s][info][gc,heap        ] GC(1259) PSYoungGen: 292416K(311296K)->64K(313856K) Eden: 292352K(292352K)->0K(296448K) From: 64K(18944K)->64K(17408K)
[462.529s][info][gc,heap        ] GC(1259) ParOldGen: 439093K(439296K)->439109K(439296K)
[462.529s][info][gc,metaspace   ] GC(1259) Metaspace: 35353K(35968K)->35353K(35968K) NonClass: 29081K(29504K)->29081K(29504K) Class: 6271K(6464K)->6271K(6464K)
[462.529s][info][gc             ] GC(1259) Pause Young (Allocation Failure) 714M->428M(735M) 1.420ms
[462.529s][info][gc,cpu         ] GC(1259) User=0.00s Sys=0.00s Real=0.00s
[462.676s][info][gc,start       ] GC(1260) Pause Young (Allocation Failure)
[462.677s][info][gc,heap        ] GC(1260) PSYoungGen: 296512K(313856K)->64K(313344K) Eden: 296448K(296448K)->0K(296448K) From: 64K(17408K)->64K(16896K)
[462.677s][info][gc,heap        ] GC(1260) ParOldGen: 439109K(439296K)->439109K(439296K)
[462.677s][info][gc,metaspace   ] GC(1260) Metaspace: 35353K(35968K)->35353K(35968K) NonClass: 29081K(29504K)->29081K(29504K) Class: 6271K(6464K)->6271K(6464K)
[462.677s][info][gc             ] GC(1260) Pause Young (Allocation Failure) 718M->428M(735M) 1.553ms
[462.677s][info][gc,cpu         ] GC(1260) User=0.00s Sys=0.00s Real=0.00s
[462.896s][info][gc,start       ] GC(1261) Pause Young (Allocation Failure)
[462.898s][info][gc,heap        ] GC(1261) PSYoungGen: 296512K(313344K)->64K(315904K) Eden: 296448K(296448K)->0K(300544K) From: 64K(16896K)->64K(15360K)
[462.898s][info][gc,heap        ] GC(1261) ParOldGen: 439109K(439296K)->439117K(439296K)
[462.898s][info][gc,metaspace   ] GC(1261) Metaspace: 35353K(35968K)->35353K(35968K) NonClass: 29081K(29504K)->29081K(29504K) Class: 6271K(6464K)->6271K(6464K)
[462.898s][info][gc             ] GC(1261) Pause Young (Allocation Failure) 718M->428M(737M) 1.576ms
[462.898s][info][gc,cpu         ] GC(1261) User=0.00s Sys=0.00s Real=0.00s
[463.052s][info][gc,start       ] GC(1262) Pause Young (Allocation Failure)
[463.054s][info][gc,heap        ] GC(1262) PSYoungGen: 300608K(315904K)->64K(315904K) Eden: 300544K(300544K)->0K(300544K) From: 64K(15360K)->64K(15360K)
[463.054s][info][gc,heap        ] GC(1262) ParOldGen: 439117K(439296K)->439125K(439296K)
[463.054s][info][gc,metaspace   ] GC(1262) Metaspace: 35353K(35968K)->35353K(35968K) NonClass: 29081K(29504K)->29081K(29504K) Class: 6271K(6464K)->6271K(6464K)
[463.054s][info][gc             ] GC(1262) Pause Young (Allocation Failure) 722M->428M(737M) 1.634ms
[463.054s][info][gc,cpu         ] GC(1262) User=0.01s Sys=0.00s Real=0.00s
[463.134s][info][gc,start       ] GC(1263) Pause Young (Allocation Failure)
[463.135s][info][gc,heap        ] GC(1263) PSYoungGen: 300608K(315904K)->64K(317440K) Eden: 300544K(300544K)->0K(304128K) From: 64K(15360K)->64K(13312K)
[463.135s][info][gc,heap        ] GC(1263) ParOldGen: 439125K(439296K)->439141K(439296K)
[463.135s][info][gc,metaspace   ] GC(1263) Metaspace: 35353K(35968K)->35353K(35968K) NonClass: 29081K(29504K)->29081K(29504K) Class: 6271K(6464K)->6271K(6464K)
[463.135s][info][gc             ] GC(1263) Pause Young (Allocation Failure) 722M->428M(739M) 1.608ms
[463.135s][info][gc,cpu         ] GC(1263) User=0.00s Sys=0.00s Real=0.00s
[463.304s][info][gc,start       ] GC(1264) Pause Young (Allocation Failure)
[463.305s][info][gc,heap        ] GC(1264) PSYoungGen: 304192K(317440K)->64K(317440K) Eden: 304128K(304128K)->0K(304128K) From: 64K(13312K)->64K(13312K)
[463.305s][info][gc,heap        ] GC(1264) ParOldGen: 439141K(439296K)->439141K(439296K)
[463.305s][info][gc,metaspace   ] GC(1264) Metaspace: 35353K(35968K)->35353K(35968K) NonClass: 29081K(29504K)->29081K(29504K) Class: 6271K(6464K)->6271K(6464K)
[463.305s][info][gc             ] GC(1264) Pause Young (Allocation Failure) 725M->428M(739M) 1.530ms
[463.305s][info][gc,cpu         ] GC(1264) User=0.01s Sys=0.00s Real=0.00s
[464.273s][info][gc,start       ] GC(1265) Pause Young (Allocation Failure)
[464.275s][info][gc,heap        ] GC(1265) PSYoungGen: 304192K(317440K)->64K(318976K) Eden: 304128K(304128K)->0K(307712K) From: 64K(13312K)->64K(11264K)
[464.275s][info][gc,heap        ] GC(1265) ParOldGen: 439141K(439296K)->439149K(439296K)
[464.275s][info][gc,metaspace   ] GC(1265) Metaspace: 35353K(35968K)->35353K(35968K) NonClass: 29081K(29504K)->29081K(29504K) Class: 6271K(6464K)->6271K(6464K)
[464.275s][info][gc             ] GC(1265) Pause Young (Allocation Failure) 725M->428M(740M) 1.643ms
[464.275s][info][gc,cpu         ] GC(1265) User=0.01s Sys=0.01s Real=0.00s
[465.143s][info][gc,start       ] GC(1266) Pause Young (Allocation Failure)
[465.144s][info][gc,heap        ] GC(1266) PSYoungGen: 307776K(318976K)->64K(295936K) Eden: 307712K(307712K)->0K(295424K) From: 64K(11264K)->64K(512K)
[465.144s][info][gc,heap        ] GC(1266) ParOldGen: 439149K(439296K)->439157K(439296K)
[465.144s][info][gc,metaspace   ] GC(1266) Metaspace: 35353K(35968K)->35353K(35968K) NonClass: 29081K(29504K)->29081K(29504K) Class: 6271K(6464K)->6271K(6464K)
[465.144s][info][gc             ] GC(1266) Pause Young (Allocation Failure) 729M->428M(718M) 1.568ms
[465.144s][info][gc,cpu         ] GC(1266) User=0.00s Sys=0.00s Real=0.00s
[465.436s][info][gc,start       ] GC(1267) Pause Young (Allocation Failure)
[465.438s][info][gc,heap        ] GC(1267) PSYoungGen: 295488K(295936K)->64K(284160K) Eden: 295424K(295424K)->0K(283648K) From: 64K(512K)->64K(512K)
[465.438s][info][gc,heap        ] GC(1267) ParOldGen: 439157K(439296K)->439165K(439296K)
[465.438s][info][gc,metaspace   ] GC(1267) Metaspace: 35353K(35968K)->35353K(35968K) NonClass: 29081K(29504K)->29081K(29504K) Class: 6271K(6464K)->6271K(6464K)
[465.438s][info][gc             ] GC(1267) Pause Young (Allocation Failure) 717M->428M(706M) 2.099ms
[465.438s][info][gc,cpu         ] GC(1267) User=0.00s Sys=0.00s Real=0.00s
[465.879s][info][gc,start       ] GC(1268) Pause Young (Allocation Failure)
[465.880s][info][gc,heap        ] GC(1268) PSYoungGen: 283712K(284160K)->64K(282624K) Eden: 283648K(283648K)->0K(272384K) From: 64K(512K)->64K(10240K)
[465.880s][info][gc,heap        ] GC(1268) ParOldGen: 439165K(439296K)->439173K(439296K)
[465.880s][info][gc,metaspace   ] GC(1268) Metaspace: 35353K(35968K)->35353K(35968K) NonClass: 29081K(29504K)->29081K(29504K) Class: 6271K(6464K)->6271K(6464K)
[465.880s][info][gc             ] GC(1268) Pause Young (Allocation Failure) 705M->428M(705M) 1.549ms
[465.880s][info][gc,cpu         ] GC(1268) User=0.00s Sys=0.00s Real=0.00s
[466.846s][info][gc,start       ] GC(1269) Pause Young (Allocation Failure)
[466.849s][info][gc,heap        ] GC(1269) PSYoungGen: 272448K(282624K)->32K(262144K) Eden: 272384K(272384K)->0K(261632K) From: 64K(10240K)->32K(512K)
[466.849s][info][gc,heap        ] GC(1269) ParOldGen: 439173K(439296K)->439181K(439296K)
[466.849s][info][gc,metaspace   ] GC(1269) Metaspace: 35353K(35968K)->35353K(35968K) NonClass: 29081K(29504K)->29081K(29504K) Class: 6271K(6464K)->6271K(6464K)
[466.849s][info][gc             ] GC(1269) Pause Young (Allocation Failure) 694M->428M(685M) 2.715ms
[466.849s][info][gc,cpu         ] GC(1269) User=0.00s Sys=0.00s Real=0.00s
[467.213s][info][gc,start       ] GC(1270) Pause Young (Allocation Failure)
[467.215s][info][gc,heap        ] GC(1270) PSYoungGen: 261664K(262144K)->32K(260608K) Eden: 261632K(261632K)->0K(251392K) From: 32K(512K)->32K(9216K)
[467.215s][info][gc,heap        ] GC(1270) ParOldGen: 439181K(439296K)->439189K(439296K)
[467.215s][info][gc,metaspace   ] GC(1270) Metaspace: 35353K(35968K)->35353K(35968K) NonClass: 29081K(29504K)->29081K(29504K) Class: 6271K(6464K)->6271K(6464K)
[467.215s][info][gc             ] GC(1270) Pause Young (Allocation Failure) 684M->428M(683M) 2.046ms
[467.215s][info][gc,cpu         ] GC(1270) User=0.00s Sys=0.00s Real=0.00s
[467.352s][info][gc,start       ] GC(1271) Pause Young (Allocation Failure)
[467.355s][info][gc,heap        ] GC(1271) PSYoungGen: 251424K(260608K)->64K(242176K) Eden: 251392K(251392K)->0K(241664K) From: 32K(9216K)->64K(512K)
[467.355s][info][gc,heap        ] GC(1271) ParOldGen: 439189K(439296K)->439197K(439296K)
[467.355s][info][gc,metaspace   ] GC(1271) Metaspace: 35353K(35968K)->35353K(35968K) NonClass: 29081K(29504K)->29081K(29504K) Class: 6271K(6464K)->6271K(6464K)
[467.355s][info][gc             ] GC(1271) Pause Young (Allocation Failure) 674M->428M(665M) 2.274ms
[467.355s][info][gc,cpu         ] GC(1271) User=0.00s Sys=0.00s Real=0.00s
[467.714s][info][gc,start       ] GC(1272) Pause Young (Allocation Failure)
[467.715s][info][gc,heap        ] GC(1272) PSYoungGen: 241728K(242176K)->64K(240128K) Eden: 241664K(241664K)->0K(232448K) From: 64K(512K)->64K(7680K)
[467.715s][info][gc,heap        ] GC(1272) ParOldGen: 439197K(439296K)->439205K(439296K)
[467.715s][info][gc,metaspace   ] GC(1272) Metaspace: 35353K(35968K)->35353K(35968K) NonClass: 29081K(29504K)->29081K(29504K) Class: 6271K(6464K)->6271K(6464K)
[467.715s][info][gc             ] GC(1272) Pause Young (Allocation Failure) 664M->428M(663M) 1.606ms
[467.715s][info][gc,cpu         ] GC(1272) User=0.01s Sys=0.00s Real=0.00s
[468.081s][info][gc,start       ] GC(1273) Pause Young (Allocation Failure)
[468.084s][info][gc,heap        ] GC(1273) PSYoungGen: 232512K(240128K)->32K(224256K) Eden: 232448K(232448K)->0K(223744K) From: 64K(7680K)->32K(512K)
[468.084s][info][gc,heap        ] GC(1273) ParOldGen: 439205K(439296K)->439213K(439296K)
[468.084s][info][gc,metaspace   ] GC(1273) Metaspace: 35353K(35968K)->35353K(35968K) NonClass: 29081K(29504K)->29081K(29504K) Class: 6271K(6464K)->6271K(6464K)
[468.084s][info][gc             ] GC(1273) Pause Young (Allocation Failure) 655M->428M(648M) 2.692ms
[468.084s][info][gc,cpu         ] GC(1273) User=0.00s Sys=0.00s Real=0.00s
[468.465s][info][gc,start       ] GC(1274) Pause Young (Allocation Failure)
[468.472s][info][gc,heap        ] GC(1274) PSYoungGen: 223776K(224256K)->3328K(219136K) Eden: 223744K(223744K)->0K(215552K) From: 32K(512K)->3328K(3584K)
[468.472s][info][gc,heap        ] GC(1274) ParOldGen: 439213K(439296K)->439229K(439296K)
[468.472s][info][gc,metaspace   ] GC(1274) Metaspace: 35353K(35968K)->35353K(35968K) NonClass: 29081K(29504K)->29081K(29504K) Class: 6271K(6464K)->6271K(6464K)
[468.472s][info][gc             ] GC(1274) Pause Young (Allocation Failure) 647M->432M(643M) 7.431ms
[468.472s][info][gc,cpu         ] GC(1274) User=0.01s Sys=0.00s Real=0.01s
[468.721s][info][gc,start       ] GC(1275) Pause Young (Allocation Failure)
[468.774s][info][gc,heap        ] GC(1275) PSYoungGen: 218880K(219136K)->7168K(265728K) Eden: 215552K(215552K)->0K(258560K) From: 3328K(3584K)->7168K(7168K)
[468.774s][info][gc,heap        ] GC(1275) ParOldGen: 439229K(439296K)->454941K(455168K)
[468.774s][info][gc,metaspace   ] GC(1275) Metaspace: 35353K(35968K)->35353K(35968K) NonClass: 29081K(29504K)->29081K(29504K) Class: 6271K(6464K)->6271K(6464K)
[468.774s][info][gc             ] GC(1275) Pause Young (Allocation Failure) 642M->451M(704M) 53.290ms
[468.774s][info][gc,cpu         ] GC(1275) User=0.10s Sys=0.02s Real=0.05s
[469.072s][info][gc,start       ] GC(1276) Pause Young (Allocation Failure)
[469.134s][info][gc,heap        ] GC(1276) PSYoungGen: 265728K(265728K)->14848K(273408K) Eden: 258560K(258560K)->0K(258560K) From: 7168K(7168K)->14848K(14848K)
[469.134s][info][gc,heap        ] GC(1276) ParOldGen: 454941K(455168K)->468101K(468480K)
[469.134s][info][gc,metaspace   ] GC(1276) Metaspace: 35353K(35968K)->35353K(35968K) NonClass: 29081K(29504K)->29081K(29504K) Class: 6271K(6464K)->6271K(6464K)
[469.134s][info][gc             ] GC(1276) Pause Young (Allocation Failure) 703M->471M(724M) 62.592ms
[469.134s][info][gc,cpu         ] GC(1276) User=0.11s Sys=0.01s Real=0.06s
[469.330s][info][gc,start       ] GC(1277) Pause Young (Allocation Failure)
[469.370s][info][gc,heap        ] GC(1277) PSYoungGen: 273408K(273408K)->15328K(307712K) Eden: 258560K(258560K)->0K(284672K) From: 14848K(14848K)->15328K(23040K)
[469.370s][info][gc,heap        ] GC(1277) ParOldGen: 468101K(468480K)->468581K(468992K)
[469.370s][info][gc,metaspace   ] GC(1277) Metaspace: 35353K(35968K)->35353K(35968K) NonClass: 29081K(29504K)->29081K(29504K) Class: 6271K(6464K)->6271K(6464K)
[469.370s][info][gc             ] GC(1277) Pause Young (Allocation Failure) 724M->472M(758M) 39.982ms
[469.370s][info][gc,cpu         ] GC(1277) User=0.07s Sys=0.01s Real=0.04s
[469.663s][info][gc,start       ] GC(1278) Pause Young (Allocation Failure)
[469.665s][info][gc,heap        ] GC(1278) PSYoungGen: 300000K(307712K)->64K(309248K) Eden: 284672K(284672K)->0K(284672K) From: 15328K(23040K)->64K(24576K)
[469.665s][info][gc,heap        ] GC(1278) ParOldGen: 468581K(468992K)->468589K(468992K)
[469.665s][info][gc,metaspace   ] GC(1278) Metaspace: 35353K(35968K)->35353K(35968K) NonClass: 29081K(29504K)->29081K(29504K) Class: 6271K(6464K)->6271K(6464K)
[469.665s][info][gc             ] GC(1278) Pause Young (Allocation Failure) 750M->457M(760M) 1.611ms
[469.665s][info][gc,cpu         ] GC(1278) User=0.00s Sys=0.00s Real=0.00s
[470.314s][info][gc,start       ] GC(1279) Pause Young (Allocation Failure)
[470.316s][info][gc,heap        ] GC(1279) PSYoungGen: 284736K(309248K)->64K(306688K) Eden: 284672K(284672K)->0K(285184K) From: 64K(24576K)->64K(21504K)
[470.316s][info][gc,heap        ] GC(1279) ParOldGen: 468589K(468992K)->468597K(468992K)
[470.316s][info][gc,metaspace   ] GC(1279) Metaspace: 35353K(35968K)->35353K(35968K) NonClass: 29081K(29504K)->29081K(29504K) Class: 6271K(6464K)->6271K(6464K)
[470.316s][info][gc             ] GC(1279) Pause Young (Allocation Failure) 735M->457M(757M) 2.273ms
[470.316s][info][gc,cpu         ] GC(1279) User=0.00s Sys=0.00s Real=0.00s
[470.770s][info][gc,start       ] GC(1280) Pause Young (Allocation Failure)
[470.772s][info][gc,heap        ] GC(1280) PSYoungGen: 285248K(306688K)->32K(308224K) Eden: 285184K(285184K)->0K(285184K) From: 64K(21504K)->32K(23040K)
[470.772s][info][gc,heap        ] GC(1280) ParOldGen: 468597K(468992K)->468605K(468992K)
[470.772s][info][gc,metaspace   ] GC(1280) Metaspace: 35353K(35968K)->35353K(35968K) NonClass: 29081K(29504K)->29081K(29504K) Class: 6271K(6464K)->6271K(6464K)
[470.772s][info][gc             ] GC(1280) Pause Young (Allocation Failure) 736M->457M(759M) 2.082ms
[470.772s][info][gc,cpu         ] GC(1280) User=0.01s Sys=0.00s Real=0.01s
[470.997s][info][gc,start       ] GC(1281) Pause Young (Allocation Failure)
[470.999s][info][gc,heap        ] GC(1281) PSYoungGen: 285216K(308224K)->32K(308224K) Eden: 285184K(285184K)->0K(288256K) From: 32K(23040K)->32K(19968K)
[470.999s][info][gc,heap        ] GC(1281) ParOldGen: 468605K(468992K)->468613K(468992K)
[470.999s][info][gc,metaspace   ] GC(1281) Metaspace: 35353K(35968K)->35353K(35968K) NonClass: 29081K(29504K)->29081K(29504K) Class: 6271K(6464K)->6271K(6464K)
[470.999s][info][gc             ] GC(1281) Pause Young (Allocation Failure) 736M->457M(759M) 2.204ms
[470.999s][info][gc,cpu         ] GC(1281) User=0.00s Sys=0.00s Real=0.00s
[471.221s][info][gc,start       ] GC(1282) Pause Young (Allocation Failure)
[471.223s][info][gc,heap        ] GC(1282) PSYoungGen: 288288K(308224K)->32K(309760K) Eden: 288256K(288256K)->0K(288256K) From: 32K(19968K)->32K(21504K)
[471.223s][info][gc,heap        ] GC(1282) ParOldGen: 468613K(468992K)->468621K(468992K)
[471.223s][info][gc,metaspace   ] GC(1282) Metaspace: 35353K(35968K)->35353K(35968K) NonClass: 29081K(29504K)->29081K(29504K) Class: 6271K(6464K)->6271K(6464K)
[471.223s][info][gc             ] GC(1282) Pause Young (Allocation Failure) 739M->457M(760M) 2.145ms
[471.223s][info][gc,cpu         ] GC(1282) User=0.00s Sys=0.00s Real=0.00s
[471.573s][info][gc,start       ] GC(1283) Pause Young (Allocation Failure)
[471.575s][info][gc,heap        ] GC(1283) PSYoungGen: 288288K(309760K)->32K(309760K) Eden: 288256K(288256K)->0K(291840K) From: 32K(21504K)->32K(17920K)
[471.575s][info][gc,heap        ] GC(1283) ParOldGen: 468621K(468992K)->468621K(468992K)
[471.575s][info][gc,metaspace   ] GC(1283) Metaspace: 35353K(35968K)->35353K(35968K) NonClass: 29081K(29504K)->29081K(29504K) Class: 6271K(6464K)->6271K(6464K)
[471.575s][info][gc             ] GC(1283) Pause Young (Allocation Failure) 739M->457M(760M) 2.186ms
[471.575s][info][gc,cpu         ] GC(1283) User=0.00s Sys=0.00s Real=0.00s
[471.739s][info][gc,start       ] GC(1284) Pause Young (Allocation Failure)
[471.741s][info][gc,heap        ] GC(1284) PSYoungGen: 291872K(309760K)->32K(311296K) Eden: 291840K(291840K)->0K(291840K) From: 32K(17920K)->32K(19456K)
[471.741s][info][gc,heap        ] GC(1284) ParOldGen: 468621K(468992K)->468629K(468992K)
[471.741s][info][gc,metaspace   ] GC(1284) Metaspace: 35353K(35968K)->35353K(35968K) NonClass: 29081K(29504K)->29081K(29504K) Class: 6271K(6464K)->6271K(6464K)
[471.741s][info][gc             ] GC(1284) Pause Young (Allocation Failure) 742M->457M(762M) 2.116ms
[471.741s][info][gc,cpu         ] GC(1284) User=0.00s Sys=0.01s Real=0.01s
[471.795s][info][gc,start       ] GC(1285) Pause Young (Allocation Failure)
[471.797s][info][gc,heap        ] GC(1285) PSYoungGen: 291872K(311296K)->32K(311808K) Eden: 291840K(291840K)->0K(295936K) From: 32K(19456K)->32K(15872K)
[471.797s][info][gc,heap        ] GC(1285) ParOldGen: 468629K(468992K)->468637K(468992K)
[471.797s][info][gc,metaspace   ] GC(1285) Metaspace: 35353K(35968K)->35353K(35968K) NonClass: 29081K(29504K)->29081K(29504K) Class: 6271K(6464K)->6271K(6464K)
[471.797s][info][gc             ] GC(1285) Pause Young (Allocation Failure) 742M->457M(762M) 2.205ms
[471.797s][info][gc,cpu         ] GC(1285) User=0.00s Sys=0.00s Real=0.00s
[471.902s][info][gc,start       ] GC(1286) Pause Young (Allocation Failure)
[471.904s][info][gc,heap        ] GC(1286) PSYoungGen: 295968K(311808K)->64K(313344K) Eden: 295936K(295936K)->0K(295936K) From: 32K(15872K)->64K(17408K)
[471.904s][info][gc,heap        ] GC(1286) ParOldGen: 468637K(468992K)->468637K(468992K)
[471.904s][info][gc,metaspace   ] GC(1286) Metaspace: 35353K(35968K)->35353K(35968K) NonClass: 29081K(29504K)->29081K(29504K) Class: 6271K(6464K)->6271K(6464K)
[471.904s][info][gc             ] GC(1286) Pause Young (Allocation Failure) 746M->457M(764M) 1.997ms
[471.904s][info][gc,cpu         ] GC(1286) User=0.01s Sys=0.00s Real=0.00s
[472.128s][info][gc,start       ] GC(1287) Pause Young (Allocation Failure)
[472.129s][info][gc,heap        ] GC(1287) PSYoungGen: 296000K(313344K)->64K(314880K) Eden: 295936K(295936K)->0K(300032K) From: 64K(17408K)->64K(14848K)
[472.129s][info][gc,heap        ] GC(1287) ParOldGen: 468637K(468992K)->468653K(468992K)
[472.129s][info][gc,metaspace   ] GC(1287) Metaspace: 35353K(35968K)->35353K(35968K) NonClass: 29081K(29504K)->29081K(29504K) Class: 6271K(6464K)->6271K(6464K)
[472.129s][info][gc             ] GC(1287) Pause Young (Allocation Failure) 746M->457M(765M) 1.823ms
[472.129s][info][gc,cpu         ] GC(1287) User=0.00s Sys=0.00s Real=0.00s
[472.315s][info][gc,start       ] GC(1288) Pause Young (Allocation Failure)
[472.317s][info][gc,heap        ] GC(1288) PSYoungGen: 300096K(314880K)->32K(315904K) Eden: 300032K(300032K)->0K(300032K) From: 64K(14848K)->32K(15872K)
[472.317s][info][gc,heap        ] GC(1288) ParOldGen: 468653K(468992K)->468653K(468992K)
[472.317s][info][gc,metaspace   ] GC(1288) Metaspace: 35353K(35968K)->35353K(35968K) NonClass: 29081K(29504K)->29081K(29504K) Class: 6271K(6464K)->6271K(6464K)
[472.317s][info][gc             ] GC(1288) Pause Young (Allocation Failure) 750M->457M(766M) 2.363ms
[472.317s][info][gc,cpu         ] GC(1288) User=0.01s Sys=0.00s Real=0.00s
[472.398s][info][gc,start       ] GC(1289) Pause Young (Allocation Failure)
[472.400s][info][gc,heap        ] GC(1289) PSYoungGen: 300064K(315904K)->32K(315904K) Eden: 300032K(300032K)->0K(303104K) From: 32K(15872K)->32K(12800K)
[472.400s][info][gc,heap        ] GC(1289) ParOldGen: 468653K(468992K)->468661K(468992K)
[472.400s][info][gc,metaspace   ] GC(1289) Metaspace: 35353K(35968K)->35353K(35968K) NonClass: 29081K(29504K)->29081K(29504K) Class: 6271K(6464K)->6271K(6464K)
[472.400s][info][gc             ] GC(1289) Pause Young (Allocation Failure) 750M->457M(766M) 2.096ms
[472.400s][info][gc,cpu         ] GC(1289) User=0.00s Sys=0.00s Real=0.00s
[472.548s][info][gc,start       ] GC(1290) Pause Young (Allocation Failure)
[472.550s][info][gc,heap        ] GC(1290) PSYoungGen: 303136K(315904K)->64K(316928K) Eden: 303104K(303104K)->0K(303104K) From: 32K(12800K)->64K(13824K)
[472.550s][info][gc,heap        ] GC(1290) ParOldGen: 468661K(468992K)->468661K(468992K)
[472.550s][info][gc,metaspace   ] GC(1290) Metaspace: 35353K(35968K)->35353K(35968K) NonClass: 29081K(29504K)->29081K(29504K) Class: 6271K(6464K)->6271K(6464K)
[472.550s][info][gc             ] GC(1290) Pause Young (Allocation Failure) 753M->457M(767M) 1.768ms
[472.550s][info][gc,cpu         ] GC(1290) User=0.00s Sys=0.00s Real=0.00s
[472.951s][info][gc,start       ] GC(1291) Pause Young (Allocation Failure)
[472.952s][info][gc,heap        ] GC(1291) PSYoungGen: 303168K(316928K)->64K(318976K) Eden: 303104K(303104K)->0K(307200K) From: 64K(13824K)->64K(11776K)
[472.952s][info][gc,heap        ] GC(1291) ParOldGen: 468661K(468992K)->468669K(468992K)
[472.952s][info][gc,metaspace   ] GC(1291) Metaspace: 35353K(35968K)->35353K(35968K) NonClass: 29081K(29504K)->29081K(29504K) Class: 6271K(6464K)->6271K(6464K)
[472.952s][info][gc             ] GC(1291) Pause Young (Allocation Failure) 753M->457M(769M) 1.711ms
[472.952s][info][gc,cpu         ] GC(1291) User=0.00s Sys=0.01s Real=0.01s
[474.029s][info][gc,start       ] GC(1292) Pause Young (Allocation Failure)
[474.031s][info][gc,heap        ] GC(1292) PSYoungGen: 307264K(318976K)->32K(319488K) Eden: 307200K(307200K)->0K(307200K) From: 64K(11776K)->32K(12288K)
[474.031s][info][gc,heap        ] GC(1292) ParOldGen: 468669K(468992K)->468677K(468992K)
[474.031s][info][gc,metaspace   ] GC(1292) Metaspace: 35353K(35968K)->35353K(35968K) NonClass: 29081K(29504K)->29081K(29504K) Class: 6271K(6464K)->6271K(6464K)
[474.031s][info][gc             ] GC(1292) Pause Young (Allocation Failure) 757M->457M(770M) 2.309ms
[474.031s][info][gc,cpu         ] GC(1292) User=0.00s Sys=0.00s Real=0.01s
[474.585s][info][gc,start       ] GC(1293) Pause Young (Allocation Failure)
[474.588s][info][gc,heap        ] GC(1293) PSYoungGen: 307232K(319488K)->32K(295424K) Eden: 307200K(307200K)->0K(294912K) From: 32K(12288K)->32K(512K)
[474.588s][info][gc,heap        ] GC(1293) ParOldGen: 468677K(468992K)->468685K(468992K)
[474.588s][info][gc,metaspace   ] GC(1293) Metaspace: 35353K(35968K)->35353K(35968K) NonClass: 29081K(29504K)->29081K(29504K) Class: 6271K(6464K)->6271K(6464K)
[474.588s][info][gc             ] GC(1293) Pause Young (Allocation Failure) 757M->457M(746M) 2.535ms
[474.588s][info][gc,cpu         ] GC(1293) User=0.00s Sys=0.00s Real=0.00s
[475.040s][info][gc,start       ] GC(1294) Pause Young (Allocation Failure)
[475.042s][info][gc,heap        ] GC(1294) PSYoungGen: 294944K(295424K)->32K(293888K) Eden: 294912K(294912K)->0K(283136K) From: 32K(512K)->32K(10752K)
[475.042s][info][gc,heap        ] GC(1294) ParOldGen: 468685K(468992K)->468693K(468992K)
[475.042s][info][gc,metaspace   ] GC(1294) Metaspace: 35353K(35968K)->35353K(35968K) NonClass: 29081K(29504K)->29081K(29504K) Class: 6271K(6464K)->6271K(6464K)
[475.042s][info][gc             ] GC(1294) Pause Young (Allocation Failure) 745M->457M(745M) 2.171ms
[475.042s][info][gc,cpu         ] GC(1294) User=0.00s Sys=0.00s Real=0.01s
[476.030s][info][gc,start       ] GC(1295) Pause Young (Allocation Failure)
[476.032s][info][gc,heap        ] GC(1295) PSYoungGen: 283168K(293888K)->64K(272384K) Eden: 283136K(283136K)->0K(271872K) From: 32K(10752K)->64K(512K)
[476.032s][info][gc,heap        ] GC(1295) ParOldGen: 468693K(468992K)->468701K(468992K)
[476.032s][info][gc,metaspace   ] GC(1295) Metaspace: 35353K(35968K)->35353K(35968K) NonClass: 29081K(29504K)->29081K(29504K) Class: 6271K(6464K)->6271K(6464K)
[476.032s][info][gc             ] GC(1295) Pause Young (Allocation Failure) 734M->457M(724M) 2.250ms
[476.032s][info][gc,cpu         ] GC(1295) User=0.00s Sys=0.00s Real=0.01s
[476.421s][info][gc,start       ] GC(1296) Pause Young (Allocation Failure)
[476.423s][info][gc,heap        ] GC(1296) PSYoungGen: 271936K(272384K)->64K(270336K) Eden: 271872K(271872K)->0K(261120K) From: 64K(512K)->64K(9216K)
[476.423s][info][gc,heap        ] GC(1296) ParOldGen: 468701K(468992K)->468709K(468992K)
[476.423s][info][gc,metaspace   ] GC(1296) Metaspace: 35353K(35968K)->35353K(35968K) NonClass: 29081K(29504K)->29081K(29504K) Class: 6271K(6464K)->6271K(6464K)
[476.423s][info][gc             ] GC(1296) Pause Young (Allocation Failure) 723M->457M(722M) 1.569ms
[476.423s][info][gc,cpu         ] GC(1296) User=0.00s Sys=0.00s Real=0.00s
[476.572s][info][gc,start       ] GC(1297) Pause Young (Allocation Failure)
[476.574s][info][gc,heap        ] GC(1297) PSYoungGen: 261184K(270336K)->64K(251392K) Eden: 261120K(261120K)->0K(250880K) From: 64K(9216K)->64K(512K)
[476.574s][info][gc,heap        ] GC(1297) ParOldGen: 468709K(468992K)->468717K(468992K)
[476.574s][info][gc,metaspace   ] GC(1297) Metaspace: 35353K(35968K)->35353K(35968K) NonClass: 29081K(29504K)->29081K(29504K) Class: 6271K(6464K)->6271K(6464K)
[476.574s][info][gc             ] GC(1297) Pause Young (Allocation Failure) 712M->457M(703M) 1.914ms
[476.574s][info][gc,cpu         ] GC(1297) User=0.00s Sys=0.00s Real=0.00s
[476.893s][info][gc,start       ] GC(1298) Pause Young (Allocation Failure)
[476.896s][info][gc,heap        ] GC(1298) PSYoungGen: 250944K(251392K)->64K(249344K) Eden: 250880K(250880K)->0K(241152K) From: 64K(512K)->64K(8192K)
[476.896s][info][gc,heap        ] GC(1298) ParOldGen: 468717K(468992K)->468733K(468992K)
[476.896s][info][gc,metaspace   ] GC(1298) Metaspace: 35353K(35968K)->35353K(35968K) NonClass: 29081K(29504K)->29081K(29504K) Class: 6271K(6464K)->6271K(6464K)
[476.896s][info][gc             ] GC(1298) Pause Young (Allocation Failure) 702M->457M(701M) 2.824ms
[476.896s][info][gc,cpu         ] GC(1298) User=0.00s Sys=0.00s Real=0.00s
[477.283s][info][gc,start       ] GC(1299) Pause Young (Allocation Failure)
[477.286s][info][gc,heap        ] GC(1299) PSYoungGen: 241216K(249344K)->64K(232448K) Eden: 241152K(241152K)->0K(231936K) From: 64K(8192K)->64K(512K)
[477.286s][info][gc,heap        ] GC(1299) ParOldGen: 468733K(468992K)->468749K(468992K)
[477.286s][info][gc,metaspace   ] GC(1299) Metaspace: 35353K(35968K)->35353K(35968K) NonClass: 29081K(29504K)->29081K(29504K) Class: 6271K(6464K)->6271K(6464K)
[477.286s][info][gc             ] GC(1299) Pause Young (Allocation Failure) 693M->457M(685M) 3.361ms
[477.286s][info][gc,cpu         ] GC(1299) User=0.00s Sys=0.00s Real=0.00s
[477.667s][info][gc,start       ] GC(1300) Pause Young (Allocation Failure)
[477.679s][info][gc,heap        ] GC(1300) PSYoungGen: 232000K(232448K)->3680K(279552K) Eden: 231936K(231936K)->0K(275456K) From: 64K(512K)->3680K(4096K)
[477.680s][info][gc,heap        ] GC(1300) ParOldGen: 468749K(468992K)->468765K(468992K)
[477.680s][info][gc,metaspace   ] GC(1300) Metaspace: 35353K(35968K)->35353K(35968K) NonClass: 29081K(29504K)->29081K(29504K) Class: 6271K(6464K)->6271K(6464K)
[477.680s][info][gc             ] GC(1300) Pause Young (Allocation Failure) 684M->461M(731M) 12.962ms
[477.680s][info][gc,cpu         ] GC(1300) User=0.01s Sys=0.00s Real=0.01s
[478.007s][info][gc,start       ] GC(1301) Pause Young (Allocation Failure)
[478.069s][info][gc,heap        ] GC(1301) PSYoungGen: 279136K(279552K)->7680K(279552K) Eden: 275456K(275456K)->0K(271872K) From: 3680K(4096K)->7680K(7680K)
[478.069s][info][gc,heap        ] GC(1301) ParOldGen: 468765K(468992K)->490325K(490496K)
[478.069s][info][gc,metaspace   ] GC(1301) Metaspace: 35353K(35968K)->35353K(35968K) NonClass: 29081K(29504K)->29081K(29504K) Class: 6271K(6464K)->6271K(6464K)
[478.069s][info][gc             ] GC(1301) Pause Young (Allocation Failure) 730M->486M(752M) 62.054ms
[478.069s][info][gc,cpu         ] GC(1301) User=0.10s Sys=0.02s Real=0.06s
[478.379s][info][gc,start       ] GC(1302) Pause Young (Allocation Failure)
[478.437s][info][gc,heap        ] GC(1302) PSYoungGen: 279552K(279552K)->17408K(289280K) Eden: 271872K(271872K)->0K(271872K) From: 7680K(7680K)->17408K(17408K)
[478.437s][info][gc,heap        ] GC(1302) ParOldGen: 490325K(490496K)->502557K(502784K)
[478.437s][info][gc,metaspace   ] GC(1302) Metaspace: 35353K(35968K)->35353K(35968K) NonClass: 29081K(29504K)->29081K(29504K) Class: 6271K(6464K)->6271K(6464K)
[478.437s][info][gc             ] GC(1302) Pause Young (Allocation Failure) 751M->507M(773M) 57.913ms
[478.437s][info][gc,cpu         ] GC(1302) User=0.11s Sys=0.00s Real=0.06s
[478.568s][info][gc,start       ] GC(1303) Pause Young (Allocation Failure)
[478.587s][info][gc,heap        ] GC(1303) PSYoungGen: 289280K(289280K)->7264K(309760K) Eden: 271872K(271872K)->0K(284160K) From: 17408K(17408K)->7264K(25600K)
[478.587s][info][gc,heap        ] GC(1303) ParOldGen: 502557K(502784K)->502989K(503296K)
[478.588s][info][gc,metaspace   ] GC(1303) Metaspace: 35353K(35968K)->35353K(35968K) NonClass: 29081K(29504K)->29081K(29504K) Class: 6271K(6464K)->6271K(6464K)
[478.588s][info][gc             ] GC(1303) Pause Young (Allocation Failure) 773M->498M(794M) 19.717ms
[478.588s][info][gc,cpu         ] GC(1303) User=0.04s Sys=0.01s Real=0.02s
[479.081s][info][gc,start       ] GC(1304) Pause Young (Allocation Failure)
[479.083s][info][gc,heap        ] GC(1304) PSYoungGen: 291424K(309760K)->64K(284672K) Eden: 284160K(284160K)->0K(284160K) From: 7264K(25600K)->64K(512K)
[479.083s][info][gc,heap        ] GC(1304) ParOldGen: 502989K(503296K)->502997K(503296K)
[479.083s][info][gc,metaspace   ] GC(1304) Metaspace: 35353K(35968K)->35353K(35968K) NonClass: 29081K(29504K)->29081K(29504K) Class: 6271K(6464K)->6271K(6464K)
[479.083s][info][gc             ] GC(1304) Pause Young (Allocation Failure) 775M->491M(769M) 1.765ms
[479.083s][info][gc,cpu         ] GC(1304) User=0.00s Sys=0.00s Real=0.00s
[479.692s][info][gc,start       ] GC(1305) Pause Young (Allocation Failure)
[479.696s][info][gc,heap        ] GC(1305) PSYoungGen: 284224K(284672K)->160K(308736K) Eden: 284160K(284160K)->0K(285184K) From: 64K(512K)->160K(23552K)
[479.696s][info][gc,heap        ] GC(1305) ParOldGen: 502997K(503296K)->503005K(503296K)
[479.696s][info][gc,metaspace   ] GC(1305) Metaspace: 35439K(36096K)->35439K(36096K) NonClass: 29166K(29632K)->29166K(29632K) Class: 6273K(6464K)->6273K(6464K)
[479.696s][info][gc             ] GC(1305) Pause Young (Allocation Failure) 768M->491M(793M) 4.159ms
[479.696s][info][gc,cpu         ] GC(1305) User=0.01s Sys=0.00s Real=0.00s
[480.131s][info][gc,start       ] GC(1306) Pause Young (Allocation Failure)
[480.133s][info][gc,heap        ] GC(1306) PSYoungGen: 285344K(308736K)->64K(307712K) Eden: 285184K(285184K)->0K(285184K) From: 160K(23552K)->64K(22528K)
[480.133s][info][gc,heap        ] GC(1306) ParOldGen: 503005K(503296K)->503101K(503296K)
[480.133s][info][gc,metaspace   ] GC(1306) Metaspace: 35439K(36096K)->35439K(36096K) NonClass: 29166K(29632K)->29166K(29632K) Class: 6273K(6464K)->6273K(6464K)
[480.133s][info][gc             ] GC(1306) Pause Young (Allocation Failure) 769M->491M(792M) 2.054ms
[480.133s][info][gc,cpu         ] GC(1306) User=0.00s Sys=0.00s Real=0.00s
[480.350s][info][gc,start       ] GC(1307) Pause Young (Allocation Failure)
[480.352s][info][gc,heap        ] GC(1307) PSYoungGen: 285248K(307712K)->64K(309760K) Eden: 285184K(285184K)->0K(288256K) From: 64K(22528K)->64K(21504K)
[480.352s][info][gc,heap        ] GC(1307) ParOldGen: 503101K(503296K)->503117K(503296K)
[480.352s][info][gc,metaspace   ] GC(1307) Metaspace: 35439K(36096K)->35439K(36096K) NonClass: 29166K(29632K)->29166K(29632K) Class: 6273K(6464K)->6273K(6464K)
[480.352s][info][gc             ] GC(1307) Pause Young (Allocation Failure) 769M->491M(794M) 1.735ms
[480.352s][info][gc,cpu         ] GC(1307) User=0.00s Sys=0.00s Real=0.01s
[480.571s][info][gc,start       ] GC(1308) Pause Young (Allocation Failure)
[480.572s][info][gc,heap        ] GC(1308) PSYoungGen: 288320K(309760K)->64K(309248K) Eden: 288256K(288256K)->0K(288256K) From: 64K(21504K)->64K(20992K)
[480.572s][info][gc,heap        ] GC(1308) ParOldGen: 503117K(503296K)->503117K(503296K)
[480.572s][info][gc,metaspace   ] GC(1308) Metaspace: 35439K(36096K)->35439K(36096K) NonClass: 29166K(29632K)->29166K(29632K) Class: 6273K(6464K)->6273K(6464K)
[480.572s][info][gc             ] GC(1308) Pause Young (Allocation Failure) 772M->491M(793M) 1.687ms
[480.572s][info][gc,cpu         ] GC(1308) User=0.00s Sys=0.00s Real=0.01s
[480.939s][info][gc,start       ] GC(1309) Pause Young (Allocation Failure)
[480.941s][info][gc,heap        ] GC(1309) PSYoungGen: 288320K(309248K)->64K(311808K) Eden: 288256K(288256K)->0K(292352K) From: 64K(20992K)->64K(19456K)
[480.941s][info][gc,heap        ] GC(1309) ParOldGen: 503117K(503296K)->503117K(503296K)
[480.941s][info][gc,metaspace   ] GC(1309) Metaspace: 35439K(36096K)->35439K(36096K) NonClass: 29166K(29632K)->29166K(29632K) Class: 6273K(6464K)->6273K(6464K)
[480.941s][info][gc             ] GC(1309) Pause Young (Allocation Failure) 772M->491M(796M) 1.716ms
[480.941s][info][gc,cpu         ] GC(1309) User=0.00s Sys=0.00s Real=0.01s
[481.043s][info][gc,start       ] GC(1310) Pause Young (Allocation Failure)
[481.045s][info][gc,heap        ] GC(1310) PSYoungGen: 292416K(311808K)->64K(311296K) Eden: 292352K(292352K)->0K(292352K) From: 64K(19456K)->64K(18944K)
[481.045s][info][gc,heap        ] GC(1310) ParOldGen: 503117K(503296K)->503125K(503296K)
[481.045s][info][gc,metaspace   ] GC(1310) Metaspace: 35439K(36096K)->35439K(36096K) NonClass: 29166K(29632K)->29166K(29632K) Class: 6273K(6464K)->6273K(6464K)
[481.045s][info][gc             ] GC(1310) Pause Young (Allocation Failure) 776M->491M(795M) 1.716ms
[481.045s][info][gc,cpu         ] GC(1310) User=0.00s Sys=0.00s Real=0.00s
[481.098s][info][gc,start       ] GC(1311) Pause Young (Allocation Failure)
[481.099s][info][gc,heap        ] GC(1311) PSYoungGen: 292416K(311296K)->64K(313856K) Eden: 292352K(292352K)->0K(296448K) From: 64K(18944K)->64K(17408K)
[481.099s][info][gc,heap        ] GC(1311) ParOldGen: 503125K(503296K)->503141K(503296K)
[481.099s][info][gc,metaspace   ] GC(1311) Metaspace: 35439K(36096K)->35439K(36096K) NonClass: 29166K(29632K)->29166K(29632K) Class: 6273K(6464K)->6273K(6464K)
[481.100s][info][gc             ] GC(1311) Pause Young (Allocation Failure) 776M->491M(798M) 1.631ms
[481.100s][info][gc,cpu         ] GC(1311) User=0.00s Sys=0.00s Real=0.00s
[481.242s][info][gc,start       ] GC(1312) Pause Young (Allocation Failure)
[481.244s][info][gc,heap        ] GC(1312) PSYoungGen: 296512K(313856K)->64K(313344K) Eden: 296448K(296448K)->0K(296448K) From: 64K(17408K)->64K(16896K)
[481.244s][info][gc,heap        ] GC(1312) ParOldGen: 503141K(503296K)->503141K(503296K)
[481.244s][info][gc,metaspace   ] GC(1312) Metaspace: 35439K(36096K)->35439K(36096K) NonClass: 29166K(29632K)->29166K(29632K) Class: 6273K(6464K)->6273K(6464K)
[481.244s][info][gc             ] GC(1312) Pause Young (Allocation Failure) 780M->491M(797M) 1.715ms
[481.244s][info][gc,cpu         ] GC(1312) User=0.00s Sys=0.00s Real=0.00s
[481.462s][info][gc,start       ] GC(1313) Pause Young (Allocation Failure)
[481.464s][info][gc,heap        ] GC(1313) PSYoungGen: 296512K(313344K)->64K(315904K) Eden: 296448K(296448K)->0K(300544K) From: 64K(16896K)->64K(15360K)
[481.464s][info][gc,heap        ] GC(1313) ParOldGen: 503141K(503296K)->503149K(503296K)
[481.464s][info][gc,metaspace   ] GC(1313) Metaspace: 35439K(36096K)->35439K(36096K) NonClass: 29166K(29632K)->29166K(29632K) Class: 6273K(6464K)->6273K(6464K)
[481.464s][info][gc             ] GC(1313) Pause Young (Allocation Failure) 780M->491M(800M) 1.700ms
[481.464s][info][gc,cpu         ] GC(1313) User=0.00s Sys=0.00s Real=0.00s
[481.618s][info][gc,start       ] GC(1314) Pause Young (Allocation Failure)
[481.620s][info][gc,heap        ] GC(1314) PSYoungGen: 300608K(315904K)->64K(315904K) Eden: 300544K(300544K)->0K(300544K) From: 64K(15360K)->64K(15360K)
[481.620s][info][gc,heap        ] GC(1314) ParOldGen: 503149K(503296K)->503157K(503296K)
[481.620s][info][gc,metaspace   ] GC(1314) Metaspace: 35449K(36096K)->35449K(36096K) NonClass: 29175K(29632K)->29175K(29632K) Class: 6273K(6464K)->6273K(6464K)
[481.620s][info][gc             ] GC(1314) Pause Young (Allocation Failure) 784M->491M(800M) 1.719ms
[481.620s][info][gc,cpu         ] GC(1314) User=0.00s Sys=0.00s Real=0.00s
[481.702s][info][gc,start       ] GC(1315) Pause Young (Allocation Failure)
[481.704s][info][gc,heap        ] GC(1315) PSYoungGen: 300608K(315904K)->64K(317440K) Eden: 300544K(300544K)->0K(304128K) From: 64K(15360K)->64K(13312K)
[481.704s][info][gc,heap        ] GC(1315) ParOldGen: 503157K(503296K)->503173K(503296K)
[481.704s][info][gc,metaspace   ] GC(1315) Metaspace: 35449K(36096K)->35449K(36096K) NonClass: 29175K(29632K)->29175K(29632K) Class: 6273K(6464K)->6273K(6464K)
[481.704s][info][gc             ] GC(1315) Pause Young (Allocation Failure) 784M->491M(801M) 1.700ms
[481.704s][info][gc,cpu         ] GC(1315) User=0.01s Sys=0.01s Real=0.00s
[481.876s][info][gc,start       ] GC(1316) Pause Young (Allocation Failure)
[481.878s][info][gc,heap        ] GC(1316) PSYoungGen: 304192K(317440K)->64K(317440K) Eden: 304128K(304128K)->0K(304128K) From: 64K(13312K)->64K(13312K)
[481.878s][info][gc,heap        ] GC(1316) ParOldGen: 503173K(503296K)->503173K(503296K)
[481.878s][info][gc,metaspace   ] GC(1316) Metaspace: 35449K(36096K)->35449K(36096K) NonClass: 29175K(29632K)->29175K(29632K) Class: 6273K(6464K)->6273K(6464K)
[481.878s][info][gc             ] GC(1316) Pause Young (Allocation Failure) 788M->491M(801M) 1.720ms
[481.878s][info][gc,cpu         ] GC(1316) User=0.00s Sys=0.00s Real=0.00s
[482.885s][info][gc,start       ] GC(1317) Pause Young (Allocation Failure)
[482.887s][info][gc,heap        ] GC(1317) PSYoungGen: 304192K(317440K)->64K(318976K) Eden: 304128K(304128K)->0K(307712K) From: 64K(13312K)->64K(11264K)
[482.887s][info][gc,heap        ] GC(1317) ParOldGen: 503173K(503296K)->503181K(503296K)
[482.887s][info][gc,metaspace   ] GC(1317) Metaspace: 35449K(36096K)->35449K(36096K) NonClass: 29175K(29632K)->29175K(29632K) Class: 6273K(6464K)->6273K(6464K)
[482.887s][info][gc             ] GC(1317) Pause Young (Allocation Failure) 788M->491M(803M) 1.798ms
[482.887s][info][gc,cpu         ] GC(1317) User=0.00s Sys=0.00s Real=0.00s
[483.789s][info][gc,start       ] GC(1318) Pause Young (Allocation Failure)
[483.792s][info][gc,heap        ] GC(1318) PSYoungGen: 307776K(318976K)->64K(295936K) Eden: 307712K(307712K)->0K(295424K) From: 64K(11264K)->64K(512K)
[483.792s][info][gc,heap        ] GC(1318) ParOldGen: 503181K(503296K)->503197K(503296K)
[483.792s][info][gc,metaspace   ] GC(1318) Metaspace: 35449K(36096K)->35449K(36096K) NonClass: 29175K(29632K)->29175K(29632K) Class: 6273K(6464K)->6273K(6464K)
[483.792s][info][gc             ] GC(1318) Pause Young (Allocation Failure) 791M->491M(780M) 2.373ms
[483.792s][info][gc,cpu         ] GC(1318) User=0.00s Sys=0.00s Real=0.01s
[484.084s][info][gc,start       ] GC(1319) Pause Young (Allocation Failure)
[484.086s][info][gc,heap        ] GC(1319) PSYoungGen: 295488K(295936K)->64K(284160K) Eden: 295424K(295424K)->0K(283648K) From: 64K(512K)->64K(512K)
[484.086s][info][gc,heap        ] GC(1319) ParOldGen: 503197K(503296K)->503205K(503296K)
[484.086s][info][gc,metaspace   ] GC(1319) Metaspace: 35449K(36096K)->35449K(36096K) NonClass: 29175K(29632K)->29175K(29632K) Class: 6273K(6464K)->6273K(6464K)
[484.086s][info][gc             ] GC(1319) Pause Young (Allocation Failure) 779M->491M(769M) 2.605ms
[484.086s][info][gc,cpu         ] GC(1319) User=0.00s Sys=0.00s Real=0.00s
[484.532s][info][gc,start       ] GC(1320) Pause Young (Allocation Failure)
[484.534s][info][gc,heap        ] GC(1320) PSYoungGen: 283712K(284160K)->64K(282624K) Eden: 283648K(283648K)->0K(272384K) From: 64K(512K)->64K(10240K)
[484.534s][info][gc,heap        ] GC(1320) ParOldGen: 503205K(503296K)->503213K(503296K)
[484.534s][info][gc,metaspace   ] GC(1320) Metaspace: 35449K(36096K)->35449K(36096K) NonClass: 29175K(29632K)->29175K(29632K) Class: 6273K(6464K)->6273K(6464K)
[484.534s][info][gc             ] GC(1320) Pause Young (Allocation Failure) 768M->491M(767M) 1.670ms
[484.534s][info][gc,cpu         ] GC(1320) User=0.01s Sys=0.00s Real=0.00s
[485.473s][info][gc,start       ] GC(1321) Pause Young (Allocation Failure)
[485.476s][info][gc,heap        ] GC(1321) PSYoungGen: 272448K(282624K)->32K(262144K) Eden: 272384K(272384K)->0K(261632K) From: 64K(10240K)->32K(512K)
[485.476s][info][gc,heap        ] GC(1321) ParOldGen: 503213K(503296K)->503229K(503296K)
[485.476s][info][gc,metaspace   ] GC(1321) Metaspace: 35449K(36096K)->35449K(36096K) NonClass: 29175K(29632K)->29175K(29632K) Class: 6273K(6464K)->6273K(6464K)
[485.476s][info][gc             ] GC(1321) Pause Young (Allocation Failure) 757M->491M(747M) 3.239ms
[485.476s][info][gc,cpu         ] GC(1321) User=0.01s Sys=0.00s Real=0.00s
[485.828s][info][gc,start       ] GC(1322) Pause Young (Allocation Failure)
[485.831s][info][gc,heap        ] GC(1322) PSYoungGen: 261664K(262144K)->32K(260608K) Eden: 261632K(261632K)->0K(251392K) From: 32K(512K)->32K(9216K)
[485.831s][info][gc,heap        ] GC(1322) ParOldGen: 503229K(503296K)->503245K(503296K)
[485.831s][info][gc,metaspace   ] GC(1322) Metaspace: 35449K(36096K)->35449K(36096K) NonClass: 29175K(29632K)->29175K(29632K) Class: 6273K(6464K)->6273K(6464K)
[485.831s][info][gc             ] GC(1322) Pause Young (Allocation Failure) 746M->491M(746M) 2.446ms
[485.831s][info][gc,cpu         ] GC(1322) User=0.00s Sys=0.00s Real=0.01s
[485.963s][info][gc,start       ] GC(1323) Pause Young (Allocation Failure)
[485.966s][info][gc,heap        ] GC(1323) PSYoungGen: 251424K(260608K)->64K(292864K) Eden: 251392K(251392K)->0K(284160K) From: 32K(9216K)->64K(8704K)
[485.966s][info][gc,heap        ] GC(1323) ParOldGen: 503245K(503296K)->503253K(503296K)
[485.966s][info][gc,metaspace   ] GC(1323) Metaspace: 35449K(36096K)->35449K(36096K) NonClass: 29175K(29632K)->29175K(29632K) Class: 6273K(6464K)->6273K(6464K)
[485.966s][info][gc             ] GC(1323) Pause Young (Allocation Failure) 736M->491M(777M) 3.136ms
[485.966s][info][gc,cpu         ] GC(1323) User=0.00s Sys=0.00s Real=0.00s
[486.418s][info][gc,start       ] GC(1324) Pause Young (Allocation Failure)
[486.422s][info][gc,heap        ] GC(1324) PSYoungGen: 284224K(292864K)->32K(291840K) Eden: 284160K(284160K)->0K(284160K) From: 64K(8704K)->32K(7680K)
[486.422s][info][gc,heap        ] GC(1324) ParOldGen: 503253K(503296K)->503261K(503296K)
[486.422s][info][gc,metaspace   ] GC(1324) Metaspace: 35449K(36096K)->35449K(36096K) NonClass: 29175K(29632K)->29175K(29632K) Class: 6273K(6464K)->6273K(6464K)
[486.422s][info][gc             ] GC(1324) Pause Young (Allocation Failure) 769M->491M(776M) 3.613ms
[486.422s][info][gc,cpu         ] GC(1324) User=0.00s Sys=0.00s Real=0.01s
[486.808s][info][gc,start       ] GC(1325) Pause Young (Allocation Failure)
[486.811s][info][gc,heap        ] GC(1325) PSYoungGen: 284192K(291840K)->64K(273408K) Eden: 284160K(284160K)->0K(272896K) From: 32K(7680K)->64K(512K)
[486.811s][info][gc,heap        ] GC(1325) ParOldGen: 503261K(503296K)->503269K(503296K)
[486.811s][info][gc,metaspace   ] GC(1325) Metaspace: 35449K(36096K)->35449K(36096K) NonClass: 29175K(29632K)->29175K(29632K) Class: 6273K(6464K)->6273K(6464K)
[486.811s][info][gc             ] GC(1325) Pause Young (Allocation Failure) 768M->491M(758M) 3.060ms
[486.811s][info][gc,cpu         ] GC(1325) User=0.01s Sys=0.01s Real=0.01s
[487.203s][info][gc,start       ] GC(1326) Pause Young (Allocation Failure)
[487.274s][info][gc,heap        ] GC(1326) PSYoungGen: 272960K(273408K)->6656K(318464K) Eden: 272896K(272896K)->0K(311808K) From: 64K(512K)->6656K(6656K)
[487.274s][info][gc,heap        ] GC(1326) ParOldGen: 503269K(503296K)->515005K(515072K)
[487.274s][info][gc,metaspace   ] GC(1326) Metaspace: 35449K(36096K)->35449K(36096K) NonClass: 29175K(29632K)->29175K(29632K) Class: 6273K(6464K)->6273K(6464K)
[487.274s][info][gc             ] GC(1326) Pause Young (Allocation Failure) 758M->509M(814M) 71.063ms
[487.274s][info][gc,cpu         ] GC(1326) User=0.08s Sys=0.01s Real=0.07s
[487.651s][info][gc,start       ] GC(1327) Pause Young (Allocation Failure)
[487.724s][info][gc,heap        ] GC(1327) PSYoungGen: 318464K(318464K)->12800K(300544K) Eden: 311808K(311808K)->0K(287744K) From: 6656K(6656K)->12800K(12800K)
[487.724s][info][gc,heap        ] GC(1327) ParOldGen: 515005K(515072K)->535733K(536064K)
[487.724s][info][gc,metaspace   ] GC(1327) Metaspace: 35449K(36096K)->35449K(36096K) NonClass: 29175K(29632K)->29175K(29632K) Class: 6273K(6464K)->6273K(6464K)
[487.724s][info][gc             ] GC(1327) Pause Young (Allocation Failure) 813M->535M(817M) 73.220ms
[487.724s][info][gc,cpu         ] GC(1327) User=0.12s Sys=0.02s Real=0.08s
[487.947s][info][gc,start       ] GC(1328) Pause Young (Allocation Failure)
[487.980s][info][gc,heap        ] GC(1328) PSYoungGen: 300544K(300544K)->17472K(305664K) Eden: 287744K(287744K)->0K(287744K) From: 12800K(12800K)->17472K(17920K)
[487.980s][info][gc,heap        ] GC(1328) ParOldGen: 535733K(536064K)->536501K(536576K)
[487.980s][info][gc,metaspace   ] GC(1328) Metaspace: 35449K(36096K)->35449K(36096K) NonClass: 29175K(29632K)->29175K(29632K) Class: 6273K(6464K)->6273K(6464K)
[487.980s][info][gc             ] GC(1328) Pause Young (Allocation Failure) 816M->540M(822M) 32.848ms
[487.980s][info][gc,cpu         ] GC(1328) User=0.07s Sys=0.00s Real=0.03s
[488.305s][info][gc,start       ] GC(1329) Pause Young (Allocation Failure)
[488.307s][info][gc,heap        ] GC(1329) PSYoungGen: 305216K(305664K)->64K(308736K) Eden: 287744K(287744K)->0K(282624K) From: 17472K(17920K)->64K(26112K)
[488.307s][info][gc,heap        ] GC(1329) ParOldGen: 536501K(536576K)->536509K(536576K)
[488.307s][info][gc,metaspace   ] GC(1329) Metaspace: 35449K(36096K)->35449K(36096K) NonClass: 29175K(29632K)->29175K(29632K) Class: 6273K(6464K)->6273K(6464K)
[488.307s][info][gc             ] GC(1329) Pause Young (Allocation Failure) 821M->523M(825M) 1.747ms
[488.307s][info][gc,cpu         ] GC(1329) User=0.00s Sys=0.00s Real=0.00s
[488.952s][info][gc,start       ] GC(1330) Pause Young (Allocation Failure)
[488.954s][info][gc,heap        ] GC(1330) PSYoungGen: 282688K(308736K)->64K(283136K) Eden: 282624K(282624K)->0K(282624K) From: 64K(26112K)->64K(512K)
[488.954s][info][gc,heap        ] GC(1330) ParOldGen: 536509K(536576K)->536517K(536576K)
[488.954s][info][gc,metaspace   ] GC(1330) Metaspace: 35449K(36096K)->35449K(36096K) NonClass: 29175K(29632K)->29175K(29632K) Class: 6273K(6464K)->6273K(6464K)
[488.954s][info][gc             ] GC(1330) Pause Young (Allocation Failure) 799M->524M(800M) 1.932ms
[488.954s][info][gc,cpu         ] GC(1330) User=0.01s Sys=0.00s Real=0.00s
[489.418s][info][gc,start       ] GC(1331) Pause Young (Allocation Failure)
[489.420s][info][gc,heap        ] GC(1331) PSYoungGen: 282688K(283136K)->64K(308224K) Eden: 282624K(282624K)->0K(283648K) From: 64K(512K)->64K(24576K)
[489.420s][info][gc,heap        ] GC(1331) ParOldGen: 536517K(536576K)->536533K(536576K)
[489.420s][info][gc,metaspace   ] GC(1331) Metaspace: 35449K(36096K)->35449K(36096K) NonClass: 29175K(29632K)->29175K(29632K) Class: 6273K(6464K)->6273K(6464K)
[489.420s][info][gc             ] GC(1331) Pause Young (Allocation Failure) 800M->524M(825M) 1.869ms
[489.420s][info][gc,cpu         ] GC(1331) User=0.00s Sys=0.00s Real=0.00s
[489.637s][info][gc,start       ] GC(1332) Pause Young (Allocation Failure)
[489.639s][info][gc,heap        ] GC(1332) PSYoungGen: 283712K(308224K)->64K(307200K) Eden: 283648K(283648K)->0K(283648K) From: 64K(24576K)->64K(23552K)
[489.639s][info][gc,heap        ] GC(1332) ParOldGen: 536533K(536576K)->536549K(536576K)
[489.639s][info][gc,metaspace   ] GC(1332) Metaspace: 35449K(36096K)->35449K(36096K) NonClass: 29175K(29632K)->29175K(29632K) Class: 6273K(6464K)->6273K(6464K)
[489.639s][info][gc             ] GC(1332) Pause Young (Allocation Failure) 801M->524M(824M) 2.027ms
[489.639s][info][gc,cpu         ] GC(1332) User=0.00s Sys=0.00s Real=0.00s
[489.874s][info][gc,start       ] GC(1333) Pause Young (Allocation Failure)
[489.877s][info][gc,heap        ] GC(1333) PSYoungGen: 283712K(307200K)->32K(309248K) Eden: 283648K(283648K)->0K(286720K) From: 64K(23552K)->32K(22528K)
[489.877s][info][gc,heap        ] GC(1333) ParOldGen: 536549K(536576K)->536549K(536576K)
[489.877s][info][gc,metaspace   ] GC(1333) Metaspace: 35449K(36096K)->35449K(36096K) NonClass: 29175K(29632K)->29175K(29632K) Class: 6273K(6464K)->6273K(6464K)
[489.877s][info][gc             ] GC(1333) Pause Young (Allocation Failure) 801M->524M(826M) 2.655ms
[489.877s][info][gc,cpu         ] GC(1333) User=0.00s Sys=0.00s Real=0.00s
[490.237s][info][gc,start       ] GC(1334) Pause Young (Allocation Failure)
[490.239s][info][gc,heap        ] GC(1334) PSYoungGen: 286752K(309248K)->64K(308224K) Eden: 286720K(286720K)->0K(286720K) From: 32K(22528K)->64K(21504K)
[490.239s][info][gc,heap        ] GC(1334) ParOldGen: 536549K(536576K)->536549K(536576K)
[490.239s][info][gc,metaspace   ] GC(1334) Metaspace: 35449K(36096K)->35449K(36096K) NonClass: 29175K(29632K)->29175K(29632K) Class: 6273K(6464K)->6273K(6464K)
[490.239s][info][gc             ] GC(1334) Pause Young (Allocation Failure) 804M->524M(825M) 1.783ms
[490.239s][info][gc,cpu         ] GC(1334) User=0.00s Sys=0.00s Real=0.00s
[490.401s][info][gc,start       ] GC(1335) Pause Young (Allocation Failure)
[490.403s][info][gc,heap        ] GC(1335) PSYoungGen: 286784K(308224K)->64K(311296K) Eden: 286720K(286720K)->0K(290816K) From: 64K(21504K)->64K(20480K)
[490.403s][info][gc,heap        ] GC(1335) ParOldGen: 536549K(536576K)->536557K(536576K)
[490.403s][info][gc,metaspace   ] GC(1335) Metaspace: 35449K(36096K)->35449K(36096K) NonClass: 29175K(29632K)->29175K(29632K) Class: 6273K(6464K)->6273K(6464K)
[490.403s][info][gc             ] GC(1335) Pause Young (Allocation Failure) 804M->524M(828M) 1.782ms
[490.403s][info][gc,cpu         ] GC(1335) User=0.01s Sys=0.00s Real=0.00s
[490.456s][info][gc,start       ] GC(1336) Pause Young (Allocation Failure)
[490.458s][info][gc,heap        ] GC(1336) PSYoungGen: 290880K(311296K)->64K(310272K) Eden: 290816K(290816K)->0K(290816K) From: 64K(20480K)->64K(19456K)
[490.458s][info][gc,heap        ] GC(1336) ParOldGen: 536557K(536576K)->536573K(536576K)
[490.458s][info][gc,metaspace   ] GC(1336) Metaspace: 35449K(36096K)->35449K(36096K) NonClass: 29175K(29632K)->29175K(29632K) Class: 6273K(6464K)->6273K(6464K)
[490.458s][info][gc             ] GC(1336) Pause Young (Allocation Failure) 808M->524M(827M) 1.791ms
[490.458s][info][gc,cpu         ] GC(1336) User=0.00s Sys=0.00s Real=0.00s
[490.557s][info][gc,start       ] GC(1337) Pause Young (Allocation Failure)
[490.559s][info][gc,heap        ] GC(1337) PSYoungGen: 290880K(310272K)->64K(313344K) Eden: 290816K(290816K)->0K(294912K) From: 64K(19456K)->64K(18432K)
[490.559s][info][gc,heap        ] GC(1337) ParOldGen: 536573K(536576K)->536573K(536576K)
[490.559s][info][gc,metaspace   ] GC(1337) Metaspace: 35449K(36096K)->35449K(36096K) NonClass: 29175K(29632K)->29175K(29632K) Class: 6273K(6464K)->6273K(6464K)
[490.559s][info][gc             ] GC(1337) Pause Young (Allocation Failure) 808M->524M(830M) 1.786ms
[490.559s][info][gc,cpu         ] GC(1337) User=0.00s Sys=0.00s Real=0.00s
[490.800s][info][gc,start       ] GC(1338) Pause Young (Allocation Failure)
[490.803s][info][gc,heap        ] GC(1338) PSYoungGen: 294976K(313344K)->32K(312320K) Eden: 294912K(294912K)->0K(294912K) From: 64K(18432K)->32K(17408K)
[490.803s][info][gc,heap        ] GC(1338) ParOldGen: 536573K(536576K)->536581K(537088K)
[490.803s][info][gc,metaspace   ] GC(1338) Metaspace: 35449K(36096K)->35449K(36096K) NonClass: 29175K(29632K)->29175K(29632K) Class: 6273K(6464K)->6273K(6464K)
[490.803s][info][gc             ] GC(1338) Pause Young (Allocation Failure) 812M->524M(829M) 3.049ms
[490.803s][info][gc,cpu         ] GC(1338) User=0.01s Sys=0.00s Real=0.01s
[491.007s][info][gc,start       ] GC(1339) Pause Young (Allocation Failure)
[491.010s][info][gc,heap        ] GC(1339) PSYoungGen: 294944K(312320K)->32K(315392K) Eden: 294912K(294912K)->0K(299008K) From: 32K(17408K)->32K(16384K)
[491.010s][info][gc,heap        ] GC(1339) ParOldGen: 536581K(537088K)->536581K(537088K)
[491.010s][info][gc,metaspace   ] GC(1339) Metaspace: 35449K(36096K)->35449K(36096K) NonClass: 29175K(29632K)->29175K(29632K) Class: 6273K(6464K)->6273K(6464K)
[491.010s][info][gc             ] GC(1339) Pause Young (Allocation Failure) 812M->524M(832M) 3.028ms
[491.010s][info][gc,cpu         ] GC(1339) User=0.01s Sys=0.00s Real=0.00s
[491.097s][info][gc,start       ] GC(1340) Pause Young (Allocation Failure)
[491.099s][info][gc,heap        ] GC(1340) PSYoungGen: 299040K(315392K)->64K(314368K) Eden: 299008K(299008K)->0K(299008K) From: 32K(16384K)->64K(15360K)
[491.099s][info][gc,heap        ] GC(1340) ParOldGen: 536581K(537088K)->536597K(537088K)
[491.099s][info][gc,metaspace   ] GC(1340) Metaspace: 35449K(36096K)->35449K(36096K) NonClass: 29175K(29632K)->29175K(29632K) Class: 6273K(6464K)->6273K(6464K)
[491.099s][info][gc             ] GC(1340) Pause Young (Allocation Failure) 816M->524M(831M) 1.865ms
[491.099s][info][gc,cpu         ] GC(1340) User=0.01s Sys=0.00s Real=0.00s
[491.243s][info][gc,start       ] GC(1341) Pause Young (Allocation Failure)
[491.245s][info][gc,heap        ] GC(1341) PSYoungGen: 299072K(314368K)->64K(317440K) Eden: 299008K(299008K)->0K(303104K) From: 64K(15360K)->64K(14336K)
[491.245s][info][gc,heap        ] GC(1341) ParOldGen: 536597K(537088K)->536597K(537088K)
[491.245s][info][gc,metaspace   ] GC(1341) Metaspace: 35449K(36096K)->35449K(36096K) NonClass: 29175K(29632K)->29175K(29632K) Class: 6273K(6464K)->6273K(6464K)
[491.245s][info][gc             ] GC(1341) Pause Young (Allocation Failure) 816M->524M(834M) 1.817ms
[491.245s][info][gc,cpu         ] GC(1341) User=0.00s Sys=0.00s Real=0.00s
[491.642s][info][gc,start       ] GC(1342) Pause Young (Allocation Failure)
[491.644s][info][gc,heap        ] GC(1342) PSYoungGen: 303168K(317440K)->64K(316416K) Eden: 303104K(303104K)->0K(303104K) From: 64K(14336K)->64K(13312K)
[491.644s][info][gc,heap        ] GC(1342) ParOldGen: 536597K(537088K)->536605K(537088K)
[491.644s][info][gc,metaspace   ] GC(1342) Metaspace: 35449K(36096K)->35449K(36096K) NonClass: 29175K(29632K)->29175K(29632K) Class: 6273K(6464K)->6273K(6464K)
[491.644s][info][gc             ] GC(1342) Pause Young (Allocation Failure) 820M->524M(833M) 1.854ms
[491.644s][info][gc,cpu         ] GC(1342) User=0.00s Sys=0.00s Real=0.00s
[492.349s][info][gc,start       ] GC(1343) Pause Young (Allocation Failure)
[492.351s][info][gc,heap        ] GC(1343) PSYoungGen: 303168K(316416K)->64K(319488K) Eden: 303104K(303104K)->0K(307200K) From: 64K(13312K)->64K(12288K)
[492.351s][info][gc,heap        ] GC(1343) ParOldGen: 536605K(537088K)->536613K(537088K)
[492.351s][info][gc,metaspace   ] GC(1343) Metaspace: 35449K(36096K)->35449K(36096K) NonClass: 29175K(29632K)->29175K(29632K) Class: 6273K(6464K)->6273K(6464K)
[492.351s][info][gc             ] GC(1343) Pause Young (Allocation Failure) 820M->524M(836M) 1.809ms
[492.351s][info][gc,cpu         ] GC(1343) User=0.00s Sys=0.00s Real=0.01s
[493.352s][info][gc,start       ] GC(1344) Pause Young (Allocation Failure)
[493.354s][info][gc,heap        ] GC(1344) PSYoungGen: 307264K(319488K)->64K(295424K) Eden: 307200K(307200K)->0K(294912K) From: 64K(12288K)->64K(512K)
[493.354s][info][gc,heap        ] GC(1344) ParOldGen: 536613K(537088K)->536621K(537088K)
[493.354s][info][gc,metaspace   ] GC(1344) Metaspace: 35449K(36096K)->35449K(36096K) NonClass: 29175K(29632K)->29175K(29632K) Class: 6273K(6464K)->6273K(6464K)
[493.354s][info][gc             ] GC(1344) Pause Young (Allocation Failure) 824M->524M(813M) 2.480ms
[493.354s][info][gc,cpu         ] GC(1344) User=0.00s Sys=0.00s Real=0.00s
[493.819s][info][gc,start       ] GC(1345) Pause Young (Allocation Failure)
[493.821s][info][gc,heap        ] GC(1345) PSYoungGen: 294976K(295424K)->64K(283648K) Eden: 294912K(294912K)->0K(283136K) From: 64K(512K)->64K(512K)
[493.821s][info][gc,heap        ] GC(1345) ParOldGen: 536621K(537088K)->536629K(537088K)
[493.821s][info][gc,metaspace   ] GC(1345) Metaspace: 35449K(36096K)->35449K(36096K) NonClass: 29175K(29632K)->29175K(29632K) Class: 6273K(6464K)->6273K(6464K)
[493.821s][info][gc             ] GC(1345) Pause Young (Allocation Failure) 812M->524M(801M) 2.457ms
[493.821s][info][gc,cpu         ] GC(1345) User=0.00s Sys=0.01s Real=0.01s
[494.816s][info][gc,start       ] GC(1346) Pause Young (Allocation Failure)
[494.817s][info][gc,heap        ] GC(1346) PSYoungGen: 283200K(283648K)->64K(282112K) Eden: 283136K(283136K)->0K(271872K) From: 64K(512K)->64K(10240K)
[494.817s][info][gc,heap        ] GC(1346) ParOldGen: 536629K(537088K)->536637K(537088K)
[494.817s][info][gc,metaspace   ] GC(1346) Metaspace: 35449K(36096K)->35449K(36096K) NonClass: 29175K(29632K)->29175K(29632K) Class: 6273K(6464K)->6273K(6464K)
[494.817s][info][gc             ] GC(1346) Pause Young (Allocation Failure) 800M->524M(800M) 1.767ms
[494.817s][info][gc,cpu         ] GC(1346) User=0.00s Sys=0.00s Real=0.00s
[495.246s][info][gc,start       ] GC(1347) Pause Young (Allocation Failure)
[495.249s][info][gc,heap        ] GC(1347) PSYoungGen: 271936K(282112K)->64K(261632K) Eden: 271872K(271872K)->0K(261120K) From: 64K(10240K)->64K(512K)
[495.249s][info][gc,heap        ] GC(1347) ParOldGen: 536637K(537088K)->536645K(537088K)
[495.249s][info][gc,metaspace   ] GC(1347) Metaspace: 35449K(36096K)->35449K(36096K) NonClass: 29175K(29632K)->29175K(29632K) Class: 6273K(6464K)->6273K(6464K)
[495.249s][info][gc             ] GC(1347) Pause Young (Allocation Failure) 789M->524M(780M) 2.664ms
[495.249s][info][gc,cpu         ] GC(1347) User=0.00s Sys=0.00s Real=0.00s
[495.419s][info][gc,start       ] GC(1348) Pause Young (Allocation Failure)
[495.421s][info][gc,heap        ] GC(1348) PSYoungGen: 261184K(261632K)->64K(259584K) Eden: 261120K(261120K)->0K(250880K) From: 64K(512K)->64K(8704K)
[495.421s][info][gc,heap        ] GC(1348) ParOldGen: 536645K(537088K)->536653K(537088K)
[495.421s][info][gc,metaspace   ] GC(1348) Metaspace: 35449K(36096K)->35449K(36096K) NonClass: 29175K(29632K)->29175K(29632K) Class: 6273K(6464K)->6273K(6464K)
[495.421s][info][gc             ] GC(1348) Pause Young (Allocation Failure) 779M->524M(778M) 1.760ms
[495.421s][info][gc,cpu         ] GC(1348) User=0.00s Sys=0.00s Real=0.01s
[495.688s][info][gc,start       ] GC(1349) Pause Young (Allocation Failure)
[495.691s][info][gc,heap        ] GC(1349) PSYoungGen: 250944K(259584K)->64K(241664K) Eden: 250880K(250880K)->0K(241152K) From: 64K(8704K)->64K(512K)
[495.691s][info][gc,heap        ] GC(1349) ParOldGen: 536653K(537088K)->536661K(537088K)
[495.691s][info][gc,metaspace   ] GC(1349) Metaspace: 35449K(36096K)->35449K(36096K) NonClass: 29175K(29632K)->29175K(29632K) Class: 6273K(6464K)->6273K(6464K)
[495.691s][info][gc             ] GC(1349) Pause Young (Allocation Failure) 769M->524M(760M) 2.418ms
[495.691s][info][gc,cpu         ] GC(1349) User=0.00s Sys=0.00s Real=0.01s
[496.165s][info][gc,start       ] GC(1350) Pause Young (Allocation Failure)
[496.167s][info][gc,heap        ] GC(1350) PSYoungGen: 241216K(241664K)->64K(239616K) Eden: 241152K(241152K)->0K(231936K) From: 64K(512K)->64K(7680K)
[496.167s][info][gc,heap        ] GC(1350) ParOldGen: 536661K(537088K)->536669K(537088K)
[496.167s][info][gc,metaspace   ] GC(1350) Metaspace: 35449K(36096K)->35449K(36096K) NonClass: 29175K(29632K)->29175K(29632K) Class: 6273K(6464K)->6273K(6464K)
[496.167s][info][gc             ] GC(1350) Pause Young (Allocation Failure) 759M->524M(758M) 1.969ms
[496.167s][info][gc,cpu         ] GC(1350) User=0.01s Sys=0.00s Real=0.00s
[496.534s][info][gc,start       ] GC(1351) Pause Young (Allocation Failure)
[496.539s][info][gc,heap        ] GC(1351) PSYoungGen: 232000K(239616K)->800K(224256K) Eden: 231936K(231936K)->0K(223232K) From: 64K(7680K)->800K(1024K)
[496.539s][info][gc,heap        ] GC(1351) ParOldGen: 536669K(537088K)->536685K(537088K)
[496.539s][info][gc,metaspace   ] GC(1351) Metaspace: 35450K(36096K)->35450K(36096K) NonClass: 29176K(29632K)->29176K(29632K) Class: 6273K(6464K)->6273K(6464K)
[496.539s][info][gc             ] GC(1351) Pause Young (Allocation Failure) 750M->524M(743M) 5.805ms
[496.539s][info][gc,cpu         ] GC(1351) User=0.01s Sys=0.00s Real=0.00s
[496.800s][info][gc,start       ] GC(1352) Pause Young (Allocation Failure)
[496.852s][info][gc,heap        ] GC(1352) PSYoungGen: 224032K(224256K)->6656K(274432K) Eden: 223232K(223232K)->0K(267776K) From: 800K(1024K)->6656K(6656K)
[496.852s][info][gc,heap        ] GC(1352) ParOldGen: 536685K(537088K)->553725K(553984K)
[496.852s][info][gc,metaspace   ] GC(1352) Metaspace: 35450K(36096K)->35450K(36096K) NonClass: 29176K(29632K)->29176K(29632K) Class: 6273K(6464K)->6273K(6464K)
[496.852s][info][gc             ] GC(1352) Pause Young (Allocation Failure) 742M->547M(809M) 51.974ms
[496.852s][info][gc,cpu         ] GC(1352) User=0.09s Sys=0.01s Real=0.06s
[497.181s][info][gc,start       ] GC(1353) Pause Young (Allocation Failure)
[497.248s][info][gc,heap        ] GC(1353) PSYoungGen: 274432K(274432K)->14336K(273408K) Eden: 267776K(267776K)->0K(259072K) From: 6656K(6656K)->14336K(14336K)
[497.249s][info][gc,heap        ] GC(1353) ParOldGen: 553725K(553984K)->568437K(568832K)
[497.249s][info][gc,metaspace   ] GC(1353) Metaspace: 35450K(36096K)->35450K(36096K) NonClass: 29176K(29632K)->29176K(29632K) Class: 6273K(6464K)->6273K(6464K)
[497.249s][info][gc             ] GC(1353) Pause Young (Allocation Failure) 808M->569M(822M) 67.958ms
[497.249s][info][gc,cpu         ] GC(1353) User=0.10s Sys=0.03s Real=0.07s
[497.453s][info][gc,start       ] GC(1354) Pause Young (Allocation Failure)
[497.484s][info][gc,heap        ] GC(1354) PSYoungGen: 273408K(273408K)->16096K(282112K) Eden: 259072K(259072K)->0K(259072K) From: 14336K(14336K)->16096K(23040K)
[497.484s][info][gc,heap        ] GC(1354) ParOldGen: 568437K(568832K)->568965K(569344K)
[497.484s][info][gc,metaspace   ] GC(1354) Metaspace: 35450K(36096K)->35450K(36096K) NonClass: 29176K(29632K)->29176K(29632K) Class: 6273K(6464K)->6273K(6464K)
[497.484s][info][gc             ] GC(1354) Pause Young (Allocation Failure) 822M->571M(831M) 30.399ms
[497.484s][info][gc,cpu         ] GC(1354) User=0.06s Sys=0.00s Real=0.03s
[497.707s][info][gc,start       ] GC(1355) Pause Young (Allocation Failure)
[497.709s][info][gc,heap        ] GC(1355) PSYoungGen: 275168K(282112K)->64K(309248K) Eden: 259072K(259072K)->0K(284160K) From: 16096K(23040K)->64K(25088K)
[497.709s][info][gc,heap        ] GC(1355) ParOldGen: 568965K(569344K)->568973K(569344K)
[497.709s][info][gc,metaspace   ] GC(1355) Metaspace: 35450K(36096K)->35450K(36096K) NonClass: 29176K(29632K)->29176K(29632K) Class: 6273K(6464K)->6273K(6464K)
[497.709s][info][gc             ] GC(1355) Pause Young (Allocation Failure) 824M->555M(858M) 1.905ms
[497.709s][info][gc,cpu         ] GC(1355) User=0.00s Sys=0.00s Real=0.00s
[498.446s][info][gc,start       ] GC(1356) Pause Young (Allocation Failure)
[498.448s][info][gc,heap        ] GC(1356) PSYoungGen: 284224K(309248K)->64K(284672K) Eden: 284160K(284160K)->0K(284160K) From: 64K(25088K)->64K(512K)
[498.448s][info][gc,heap        ] GC(1356) ParOldGen: 568973K(569344K)->568981K(569344K)
[498.448s][info][gc,metaspace   ] GC(1356) Metaspace: 35450K(36096K)->35450K(36096K) NonClass: 29176K(29632K)->29176K(29632K) Class: 6273K(6464K)->6273K(6464K)
[498.448s][info][gc             ] GC(1356) Pause Young (Allocation Failure) 833M->555M(834M) 1.819ms
[498.448s][info][gc,cpu         ] GC(1356) User=0.00s Sys=0.00s Real=0.00s
[498.719s][info][gc,start       ] GC(1357) Pause Young (Allocation Failure)
[498.721s][info][gc,heap        ] GC(1357) PSYoungGen: 284224K(284672K)->64K(308224K) Eden: 284160K(284160K)->0K(284672K) From: 64K(512K)->64K(23552K)
[498.721s][info][gc,heap        ] GC(1357) ParOldGen: 568981K(569344K)->568997K(569344K)
[498.721s][info][gc,metaspace   ] GC(1357) Metaspace: 35450K(36096K)->35450K(36096K) NonClass: 29176K(29632K)->29176K(29632K) Class: 6273K(6464K)->6273K(6464K)
[498.721s][info][gc             ] GC(1357) Pause Young (Allocation Failure) 833M->555M(857M) 1.893ms
[498.721s][info][gc,cpu         ] GC(1357) User=0.00s Sys=0.00s Real=0.01s
[499.157s][info][gc,start       ] GC(1358) Pause Young (Allocation Failure)
[499.158s][info][gc,heap        ] GC(1358) PSYoungGen: 284736K(308224K)->64K(307712K) Eden: 284672K(284672K)->0K(284672K) From: 64K(23552K)->64K(23040K)
[499.158s][info][gc,heap        ] GC(1358) ParOldGen: 568997K(569344K)->569005K(569344K)
[499.158s][info][gc,metaspace   ] GC(1358) Metaspace: 35450K(36096K)->35450K(36096K) NonClass: 29176K(29632K)->29176K(29632K) Class: 6273K(6464K)->6273K(6464K)
[499.158s][info][gc             ] GC(1358) Pause Young (Allocation Failure) 833M->555M(856M) 1.828ms
[499.158s][info][gc,cpu         ] GC(1358) User=0.00s Sys=0.00s Real=0.00s
[499.384s][info][gc,start       ] GC(1359) Pause Young (Allocation Failure)
[499.386s][info][gc,heap        ] GC(1359) PSYoungGen: 284736K(307712K)->64K(309760K) Eden: 284672K(284672K)->0K(288256K) From: 64K(23040K)->64K(21504K)
[499.386s][info][gc,heap        ] GC(1359) ParOldGen: 569005K(569344K)->569021K(569344K)
[499.386s][info][gc,metaspace   ] GC(1359) Metaspace: 35450K(36096K)->35450K(36096K) NonClass: 29176K(29632K)->29176K(29632K) Class: 6273K(6464K)->6273K(6464K)
[499.386s][info][gc             ] GC(1359) Pause Young (Allocation Failure) 833M->555M(858M) 1.876ms
[499.386s][info][gc,cpu         ] GC(1359) User=0.01s Sys=0.00s Real=0.00s
[499.609s][info][gc,start       ] GC(1360) Pause Young (Allocation Failure)
[499.611s][info][gc,heap        ] GC(1360) PSYoungGen: 288320K(309760K)->64K(309248K) Eden: 288256K(288256K)->0K(288256K) From: 64K(21504K)->64K(20992K)
[499.611s][info][gc,heap        ] GC(1360) ParOldGen: 569021K(569344K)->569021K(569344K)
[499.611s][info][gc,metaspace   ] GC(1360) Metaspace: 35450K(36096K)->35450K(36096K) NonClass: 29176K(29632K)->29176K(29632K) Class: 6273K(6464K)->6273K(6464K)
[499.611s][info][gc             ] GC(1360) Pause Young (Allocation Failure) 837M->555M(858M) 1.901ms
[499.611s][info][gc,cpu         ] GC(1360) User=0.00s Sys=0.00s Real=0.01s
[499.923s][info][gc,start       ] GC(1361) Pause Young (Allocation Failure)
[499.925s][info][gc,heap        ] GC(1361) PSYoungGen: 288320K(309248K)->64K(311808K) Eden: 288256K(288256K)->0K(292352K) From: 64K(20992K)->64K(19456K)
[499.925s][info][gc,heap        ] GC(1361) ParOldGen: 569021K(569344K)->569021K(569344K)
[499.925s][info][gc,metaspace   ] GC(1361) Metaspace: 35450K(36096K)->35450K(36096K) NonClass: 29176K(29632K)->29176K(29632K) Class: 6273K(6464K)->6273K(6464K)
[499.925s][info][gc             ] GC(1361) Pause Young (Allocation Failure) 837M->555M(860M) 1.919ms
[499.925s][info][gc,cpu         ] GC(1361) User=0.01s Sys=0.00s Real=0.00s
[499.979s][info][gc,start       ] GC(1362) Pause Young (Allocation Failure)
[499.981s][info][gc,heap        ] GC(1362) PSYoungGen: 292416K(311808K)->32K(311296K) Eden: 292352K(292352K)->0K(292352K) From: 64K(19456K)->32K(18944K)
[499.981s][info][gc,heap        ] GC(1362) ParOldGen: 569021K(569344K)->569037K(569344K)
[499.981s][info][gc,metaspace   ] GC(1362) Metaspace: 35450K(36096K)->35450K(36096K) NonClass: 29176K(29632K)->29176K(29632K) Class: 6273K(6464K)->6273K(6464K)
[499.981s][info][gc             ] GC(1362) Pause Young (Allocation Failure) 841M->555M(860M) 1.752ms
[499.981s][info][gc,cpu         ] GC(1362) User=0.00s Sys=0.00s Real=0.01s
[500.059s][info][gc,start       ] GC(1363) Pause Young (Allocation Failure)
[500.060s][info][gc,heap        ] GC(1363) PSYoungGen: 292384K(311296K)->64K(313856K) Eden: 292352K(292352K)->0K(296448K) From: 32K(18944K)->64K(17408K)
[500.060s][info][gc,heap        ] GC(1363) ParOldGen: 569037K(569344K)->569045K(569344K)
[500.060s][info][gc,metaspace   ] GC(1363) Metaspace: 35450K(36096K)->35450K(36096K) NonClass: 29176K(29632K)->29176K(29632K) Class: 6273K(6464K)->6273K(6464K)
[500.061s][info][gc             ] GC(1363) Pause Young (Allocation Failure) 841M->555M(862M) 1.790ms
[500.061s][info][gc,cpu         ] GC(1363) User=0.00s Sys=0.00s Real=0.00s
[500.286s][info][gc,start       ] GC(1364) Pause Young (Allocation Failure)
[500.288s][info][gc,heap        ] GC(1364) PSYoungGen: 296512K(313856K)->64K(313344K) Eden: 296448K(296448K)->0K(296448K) From: 64K(17408K)->64K(16896K)
[500.288s][info][gc,heap        ] GC(1364) ParOldGen: 569045K(569344K)->569061K(569344K)
[500.288s][info][gc,metaspace   ] GC(1364) Metaspace: 35450K(36096K)->35450K(36096K) NonClass: 29176K(29632K)->29176K(29632K) Class: 6273K(6464K)->6273K(6464K)
[500.288s][info][gc             ] GC(1364) Pause Young (Allocation Failure) 845M->555M(862M) 1.835ms
[500.288s][info][gc,cpu         ] GC(1364) User=0.00s Sys=0.00s Real=0.00s
[500.500s][info][gc,start       ] GC(1365) Pause Young (Allocation Failure)
[500.502s][info][gc,heap        ] GC(1365) PSYoungGen: 296512K(313344K)->64K(315904K) Eden: 296448K(296448K)->0K(300544K) From: 64K(16896K)->64K(15360K)
[500.502s][info][gc,heap        ] GC(1365) ParOldGen: 569061K(569344K)->569061K(569344K)
[500.502s][info][gc,metaspace   ] GC(1365) Metaspace: 35450K(36096K)->35450K(36096K) NonClass: 29176K(29632K)->29176K(29632K) Class: 6273K(6464K)->6273K(6464K)
[500.502s][info][gc             ] GC(1365) Pause Young (Allocation Failure) 845M->555M(864M) 2.094ms
[500.502s][info][gc,cpu         ] GC(1365) User=0.00s Sys=0.00s Real=0.01s
[500.589s][info][gc,start       ] GC(1366) Pause Young (Allocation Failure)
[500.591s][info][gc,heap        ] GC(1366) PSYoungGen: 300608K(315904K)->32K(315392K) Eden: 300544K(300544K)->0K(300544K) From: 64K(15360K)->32K(14848K)
[500.591s][info][gc,heap        ] GC(1366) ParOldGen: 569061K(569344K)->569077K(569344K)
[500.591s][info][gc,metaspace   ] GC(1366) Metaspace: 35450K(36096K)->35450K(36096K) NonClass: 29176K(29632K)->29176K(29632K) Class: 6273K(6464K)->6273K(6464K)
[500.591s][info][gc             ] GC(1366) Pause Young (Allocation Failure) 849M->555M(864M) 2.591ms
[500.591s][info][gc,cpu         ] GC(1366) User=0.00s Sys=0.00s Real=0.01s
[500.722s][info][gc,start       ] GC(1367) Pause Young (Allocation Failure)
[500.725s][info][gc,heap        ] GC(1367) PSYoungGen: 300576K(315392K)->32K(317952K) Eden: 300544K(300544K)->0K(304128K) From: 32K(14848K)->32K(13824K)
[500.725s][info][gc,heap        ] GC(1367) ParOldGen: 569077K(569344K)->569077K(569344K)
[500.725s][info][gc,metaspace   ] GC(1367) Metaspace: 35450K(36096K)->35450K(36096K) NonClass: 29176K(29632K)->29176K(29632K) Class: 6273K(6464K)->6273K(6464K)
[500.725s][info][gc             ] GC(1367) Pause Young (Allocation Failure) 849M->555M(866M) 2.522ms
[500.725s][info][gc,cpu         ] GC(1367) User=0.01s Sys=0.00s Real=0.00s
[501.119s][info][gc,start       ] GC(1368) Pause Young (Allocation Failure)
[501.121s][info][gc,heap        ] GC(1368) PSYoungGen: 304160K(317952K)->32K(317440K) Eden: 304128K(304128K)->0K(304128K) From: 32K(13824K)->32K(13312K)
[501.121s][info][gc,heap        ] GC(1368) ParOldGen: 569077K(569344K)->569093K(569344K)
[501.121s][info][gc,metaspace   ] GC(1368) Metaspace: 35450K(36096K)->35450K(36096K) NonClass: 29176K(29632K)->29176K(29632K) Class: 6273K(6464K)->6273K(6464K)
[501.121s][info][gc             ] GC(1368) Pause Young (Allocation Failure) 852M->555M(866M) 2.597ms
[501.121s][info][gc,cpu         ] GC(1368) User=0.00s Sys=0.00s Real=0.01s
[501.852s][info][gc,start       ] GC(1369) Pause Young (Allocation Failure)
[501.854s][info][gc,heap        ] GC(1369) PSYoungGen: 304160K(317440K)->83K(319488K) Eden: 304128K(304128K)->0K(307200K) From: 32K(13312K)->83K(12288K)
[501.854s][info][gc,heap        ] GC(1369) ParOldGen: 569093K(569344K)->569101K(569344K)
[501.854s][info][gc,metaspace   ] GC(1369) Metaspace: 35450K(36096K)->35450K(36096K) NonClass: 29176K(29632K)->29176K(29632K) Class: 6273K(6464K)->6273K(6464K)
[501.854s][info][gc             ] GC(1369) Pause Young (Allocation Failure) 852M->555M(868M) 1.994ms
[501.854s][info][gc,cpu         ] GC(1369) User=0.01s Sys=0.00s Real=0.00s
[502.951s][info][gc,start       ] GC(1370) Pause Young (Allocation Failure)
[502.952s][info][gc,heap        ] GC(1370) PSYoungGen: 307283K(319488K)->64K(318976K) Eden: 307200K(307200K)->0K(307200K) From: 83K(12288K)->64K(11776K)
[502.952s][info][gc,heap        ] GC(1370) ParOldGen: 569101K(569344K)->569109K(569344K)
[502.952s][info][gc,metaspace   ] GC(1370) Metaspace: 35450K(36096K)->35450K(36096K) NonClass: 29176K(29632K)->29176K(29632K) Class: 6273K(6464K)->6273K(6464K)
[502.952s][info][gc             ] GC(1370) Pause Young (Allocation Failure) 855M->555M(867M) 1.840ms
[502.952s][info][gc,cpu         ] GC(1370) User=0.01s Sys=0.00s Real=0.01s
[503.453s][info][gc,start       ] GC(1371) Pause Young (Allocation Failure)
[503.457s][info][gc,heap        ] GC(1371) PSYoungGen: 307264K(318976K)->64K(295424K) Eden: 307200K(307200K)->0K(294912K) From: 64K(11776K)->64K(512K)
[503.457s][info][gc,heap        ] GC(1371) ParOldGen: 569109K(569344K)->569117K(569344K)
[503.457s][info][gc,metaspace   ] GC(1371) Metaspace: 35450K(36096K)->35450K(36096K) NonClass: 29176K(29632K)->29176K(29632K) Class: 6273K(6464K)->6273K(6464K)
[503.457s][info][gc             ] GC(1371) Pause Young (Allocation Failure) 855M->555M(844M) 3.690ms
[503.457s][info][gc,cpu         ] GC(1371) User=0.01s Sys=0.00s Real=0.00s
[504.510s][info][gc,start       ] GC(1372) Pause Young (Allocation Failure)
[504.513s][info][gc,heap        ] GC(1372) PSYoungGen: 294976K(295424K)->64K(293376K) Eden: 294912K(294912K)->0K(283136K) From: 64K(512K)->64K(10240K)
[504.513s][info][gc,heap        ] GC(1372) ParOldGen: 569117K(569344K)->569125K(569344K)
[504.513s][info][gc,metaspace   ] GC(1372) Metaspace: 35450K(36096K)->35450K(36096K) NonClass: 29176K(29632K)->29176K(29632K) Class: 6273K(6464K)->6273K(6464K)
[504.513s][info][gc             ] GC(1372) Pause Young (Allocation Failure) 843M->555M(842M) 3.628ms
[504.513s][info][gc,cpu         ] GC(1372) User=0.00s Sys=0.00s Real=0.01s
[504.984s][info][gc,start       ] GC(1373) Pause Young (Allocation Failure)
[504.987s][info][gc,heap        ] GC(1373) PSYoungGen: 283200K(293376K)->64K(272384K) Eden: 283136K(283136K)->0K(271872K) From: 64K(10240K)->64K(512K)
[504.987s][info][gc,heap        ] GC(1373) ParOldGen: 569125K(569344K)->569141K(569344K)
[504.988s][info][gc,metaspace   ] GC(1373) Metaspace: 35450K(36096K)->35450K(36096K) NonClass: 29176K(29632K)->29176K(29632K) Class: 6273K(6464K)->6273K(6464K)
[504.988s][info][gc             ] GC(1373) Pause Young (Allocation Failure) 832M->555M(822M) 3.859ms
[504.988s][info][gc,cpu         ] GC(1373) User=0.00s Sys=0.00s Real=0.00s
[505.170s][info][gc,start       ] GC(1374) Pause Young (Allocation Failure)
[505.174s][info][gc,heap        ] GC(1374) PSYoungGen: 271936K(272384K)->32K(303616K) Eden: 271872K(271872K)->0K(294912K) From: 64K(512K)->32K(8704K)
[505.174s][info][gc,heap        ] GC(1374) ParOldGen: 569141K(569344K)->569149K(569344K)
[505.174s][info][gc,metaspace   ] GC(1374) Metaspace: 35450K(36096K)->35450K(36096K) NonClass: 29176K(29632K)->29176K(29632K) Class: 6273K(6464K)->6273K(6464K)
[505.174s][info][gc             ] GC(1374) Pause Young (Allocation Failure) 821M->555M(852M) 3.525ms
[505.174s][info][gc,cpu         ] GC(1374) User=0.00s Sys=0.00s Real=0.01s
[505.659s][info][gc,start       ] GC(1375) Pause Young (Allocation Failure)
[505.662s][info][gc,heap        ] GC(1375) PSYoungGen: 294944K(303616K)->64K(283648K) Eden: 294912K(294912K)->0K(283136K) From: 32K(8704K)->64K(512K)
[505.662s][info][gc,heap        ] GC(1375) ParOldGen: 569149K(569344K)->569157K(569344K)
[505.662s][info][gc,metaspace   ] GC(1375) Metaspace: 35450K(36096K)->35450K(36096K) NonClass: 29176K(29632K)->29176K(29632K) Class: 6273K(6464K)->6273K(6464K)
[505.662s][info][gc             ] GC(1375) Pause Young (Allocation Failure) 843M->555M(833M) 2.416ms
[505.662s][info][gc,cpu         ] GC(1375) User=0.00s Sys=0.00s Real=0.01s
[506.114s][info][gc,start       ] GC(1376) Pause Young (Allocation Failure)
[506.117s][info][gc,heap        ] GC(1376) PSYoungGen: 283200K(283648K)->64K(279552K) Eden: 283136K(283136K)->0K(271872K) From: 64K(512K)->64K(7680K)
[506.117s][info][gc,heap        ] GC(1376) ParOldGen: 569157K(569344K)->569165K(569344K)
[506.117s][info][gc,metaspace   ] GC(1376) Metaspace: 35450K(36096K)->35450K(36096K) NonClass: 29176K(29632K)->29176K(29632K) Class: 6273K(6464K)->6273K(6464K)
[506.117s][info][gc             ] GC(1376) Pause Young (Allocation Failure) 832M->555M(829M) 2.599ms
[506.117s][info][gc,cpu         ] GC(1376) User=0.00s Sys=0.00s Real=0.00s
[506.545s][info][gc,start       ] GC(1377) Pause Young (Allocation Failure)
[506.581s][info][gc,heap        ] GC(1377) PSYoungGen: 271936K(279552K)->7168K(313856K) Eden: 271872K(271872K)->0K(306688K) From: 64K(7680K)->7168K(7168K)
[506.581s][info][gc,heap        ] GC(1377) ParOldGen: 569165K(569344K)->578429K(578560K)
[506.581s][info][gc,metaspace   ] GC(1377) Metaspace: 35450K(36096K)->35450K(36096K) NonClass: 29176K(29632K)->29176K(29632K) Class: 6273K(6464K)->6273K(6464K)
[506.581s][info][gc             ] GC(1377) Pause Young (Allocation Failure) 821M->571M(871M) 36.536ms
[506.581s][info][gc,cpu         ] GC(1377) User=0.05s Sys=0.02s Real=0.04s
[506.946s][info][gc,start       ] GC(1378) Pause Young (Allocation Failure)
[507.021s][info][gc,heap        ] GC(1378) PSYoungGen: 313856K(313856K)->12288K(318976K) Eden: 306688K(306688K)->0K(306688K) From: 7168K(7168K)->12288K(12288K)
[507.022s][info][gc,heap        ] GC(1378) ParOldGen: 578429K(578560K)->599029K(599040K)
[507.022s][info][gc,metaspace   ] GC(1378) Metaspace: 35450K(36096K)->35450K(36096K) NonClass: 29176K(29632K)->29176K(29632K) Class: 6273K(6464K)->6273K(6464K)
[507.022s][info][gc             ] GC(1378) Pause Young (Allocation Failure) 871M->596M(896M) 76.021ms
[507.022s][info][gc,cpu         ] GC(1378) User=0.13s Sys=0.02s Real=0.08s
[507.292s][info][gc,start       ] GC(1379) Pause Young (Allocation Failure)
[507.339s][info][gc,heap        ] GC(1379) PSYoungGen: 318976K(318976K)->14848K(295424K) Eden: 306688K(306688K)->0K(280576K) From: 12288K(12288K)->14848K(14848K)
[507.339s][info][gc,heap        ] GC(1379) ParOldGen: 599029K(599040K)->604917K(605184K)
[507.339s][info][gc,metaspace   ] GC(1379) Metaspace: 35453K(36096K)->35453K(36096K) NonClass: 29180K(29632K)->29180K(29632K) Class: 6273K(6464K)->6273K(6464K)
[507.339s][info][gc             ] GC(1379) Pause Young (Allocation Failure) 896M->605M(879M) 47.669ms
[507.339s][info][gc,cpu         ] GC(1379) User=0.08s Sys=0.02s Real=0.04s
[507.660s][info][gc,start       ] GC(1380) Pause Young (Allocation Failure)
[507.664s][info][gc,heap        ] GC(1380) PSYoungGen: 295424K(295424K)->64K(307200K) Eden: 280576K(280576K)->0K(280576K) From: 14848K(14848K)->64K(26624K)
[507.664s][info][gc,heap        ] GC(1380) ParOldGen: 604917K(605184K)->605117K(605184K)
[507.664s][info][gc,metaspace   ] GC(1380) Metaspace: 35453K(36096K)->35453K(36096K) NonClass: 29180K(29632K)->29180K(29632K) Class: 6273K(6464K)->6273K(6464K)
[507.664s][info][gc             ] GC(1380) Pause Young (Allocation Failure) 879M->590M(891M) 3.695ms
[507.664s][info][gc,cpu         ] GC(1380) User=0.00s Sys=0.00s Real=0.01s
[508.331s][info][gc,start       ] GC(1381) Pause Young (Allocation Failure)
[508.333s][info][gc,heap        ] GC(1381) PSYoungGen: 280640K(307200K)->64K(305152K) Eden: 280576K(280576K)->0K(281600K) From: 64K(26624K)->64K(23552K)
[508.333s][info][gc,heap        ] GC(1381) ParOldGen: 605117K(605184K)->605125K(605184K)
[508.333s][info][gc,metaspace   ] GC(1381) Metaspace: 35453K(36096K)->35453K(36096K) NonClass: 29180K(29632K)->29180K(29632K) Class: 6273K(6464K)->6273K(6464K)
[508.333s][info][gc             ] GC(1381) Pause Young (Allocation Failure) 864M->591M(889M) 2.248ms
[508.333s][info][gc,cpu         ] GC(1381) User=0.00s Sys=0.00s Real=0.01s
[508.614s][info][gc,start       ] GC(1382) Pause Young (Allocation Failure)
[508.617s][info][gc,heap        ] GC(1382) PSYoungGen: 281664K(305152K)->64K(306688K) Eden: 281600K(281600K)->0K(281600K) From: 64K(23552K)->64K(25088K)
[508.617s][info][gc,heap        ] GC(1382) ParOldGen: 605125K(605184K)->605141K(605184K)
[508.617s][info][gc,metaspace   ] GC(1382) Metaspace: 35453K(36096K)->35453K(36096K) NonClass: 29180K(29632K)->29180K(29632K) Class: 6273K(6464K)->6273K(6464K)
[508.617s][info][gc             ] GC(1382) Pause Young (Allocation Failure) 866M->591M(890M) 2.152ms
[508.617s][info][gc,cpu         ] GC(1382) User=0.00s Sys=0.00s Real=0.00s
[509.073s][info][gc,start       ] GC(1383) Pause Young (Allocation Failure)
[509.075s][info][gc,heap        ] GC(1383) PSYoungGen: 281664K(306688K)->64K(306176K) Eden: 281600K(281600K)->0K(284672K) From: 64K(25088K)->64K(21504K)
[509.075s][info][gc,heap        ] GC(1383) ParOldGen: 605141K(605184K)->605149K(605184K)
[509.075s][info][gc,metaspace   ] GC(1383) Metaspace: 35453K(36096K)->35453K(36096K) NonClass: 29180K(29632K)->29180K(29632K) Class: 6273K(6464K)->6273K(6464K)
[509.075s][info][gc             ] GC(1383) Pause Young (Allocation Failure) 866M->591M(890M) 2.189ms
[509.075s][info][gc,cpu         ] GC(1383) User=0.00s Sys=0.00s Real=0.00s
[509.319s][info][gc,start       ] GC(1384) Pause Young (Allocation Failure)
[509.321s][info][gc,heap        ] GC(1384) PSYoungGen: 284736K(306176K)->64K(307712K) Eden: 284672K(284672K)->0K(284672K) From: 64K(21504K)->64K(23040K)
[509.321s][info][gc,heap        ] GC(1384) ParOldGen: 605149K(605184K)->605165K(605184K)
[509.321s][info][gc,metaspace   ] GC(1384) Metaspace: 35453K(36096K)->35453K(36096K) NonClass: 29180K(29632K)->29180K(29632K) Class: 6273K(6464K)->6273K(6464K)
[509.321s][info][gc             ] GC(1384) Pause Young (Allocation Failure) 869M->591M(891M) 2.104ms
[509.321s][info][gc,cpu         ] GC(1384) User=0.01s Sys=0.00s Real=0.01s
[509.695s][info][gc,start       ] GC(1385) Pause Young (Allocation Failure)
[509.696s][info][gc,heap        ] GC(1385) PSYoungGen: 284736K(307712K)->64K(308224K) Eden: 284672K(284672K)->0K(288768K) From: 64K(23040K)->64K(19456K)
[509.696s][info][gc,heap        ] GC(1385) ParOldGen: 605165K(605184K)->605165K(605184K)
[509.696s][info][gc,metaspace   ] GC(1385) Metaspace: 35453K(36096K)->35453K(36096K) NonClass: 29180K(29632K)->29180K(29632K) Class: 6273K(6464K)->6273K(6464K)
[509.697s][info][gc             ] GC(1385) Pause Young (Allocation Failure) 869M->591M(892M) 2.003ms
[509.697s][info][gc,cpu         ] GC(1385) User=0.00s Sys=0.00s Real=0.00s
[509.881s][info][gc,start       ] GC(1386) Pause Young (Allocation Failure)
[509.883s][info][gc,heap        ] GC(1386) PSYoungGen: 288832K(308224K)->64K(309760K) Eden: 288768K(288768K)->0K(288768K) From: 64K(19456K)->64K(20992K)
[509.883s][info][gc,heap        ] GC(1386) ParOldGen: 605165K(605184K)->605173K(605184K)
[509.883s][info][gc,metaspace   ] GC(1386) Metaspace: 35453K(36096K)->35453K(36096K) NonClass: 29180K(29632K)->29180K(29632K) Class: 6273K(6464K)->6273K(6464K)
[509.883s][info][gc             ] GC(1386) Pause Young (Allocation Failure) 873M->591M(893M) 2.145ms
[509.883s][info][gc,cpu         ] GC(1386) User=0.00s Sys=0.00s Real=0.01s
[509.938s][info][gc,start       ] GC(1387) Pause Young (Allocation Failure)
[509.940s][info][gc,heap        ] GC(1387) PSYoungGen: 288832K(309760K)->64K(309248K) Eden: 288768K(288768K)->0K(292864K) From: 64K(20992K)->64K(16384K)
[509.940s][info][gc,heap        ] GC(1387) ParOldGen: 605173K(605184K)->605189K(605696K)
[509.940s][info][gc,metaspace   ] GC(1387) Metaspace: 35453K(36096K)->35453K(36096K) NonClass: 29180K(29632K)->29180K(29632K) Class: 6273K(6464K)->6273K(6464K)
[509.941s][info][gc             ] GC(1387) Pause Young (Allocation Failure) 873M->591M(893M) 2.193ms
[509.941s][info][gc,cpu         ] GC(1387) User=0.01s Sys=0.00s Real=0.00s
[510.035s][info][gc,start       ] GC(1388) Pause Young (Allocation Failure)
[510.037s][info][gc,heap        ] GC(1388) PSYoungGen: 292928K(309248K)->64K(311296K) Eden: 292864K(292864K)->0K(292864K) From: 64K(16384K)->64K(18432K)
[510.037s][info][gc,heap        ] GC(1388) ParOldGen: 605189K(605696K)->605189K(605696K)
[510.037s][info][gc,metaspace   ] GC(1388) Metaspace: 35453K(36096K)->35453K(36096K) NonClass: 29180K(29632K)->29180K(29632K) Class: 6273K(6464K)->6273K(6464K)
[510.037s][info][gc             ] GC(1388) Pause Young (Allocation Failure) 877M->591M(895M) 2.085ms
[510.037s][info][gc,cpu         ] GC(1388) User=0.00s Sys=0.00s Real=0.00s
[510.284s][info][gc,start       ] GC(1389) Pause Young (Allocation Failure)
[510.286s][info][gc,heap        ] GC(1389) PSYoungGen: 292928K(311296K)->64K(312320K) Eden: 292864K(292864K)->0K(297984K) From: 64K(18432K)->64K(14336K)
[510.286s][info][gc,heap        ] GC(1389) ParOldGen: 605189K(605696K)->605205K(605696K)
[510.286s][info][gc,metaspace   ] GC(1389) Metaspace: 35453K(36096K)->35453K(36096K) NonClass: 29180K(29632K)->29180K(29632K) Class: 6273K(6464K)->6273K(6464K)
[510.286s][info][gc             ] GC(1389) Pause Young (Allocation Failure) 877M->591M(896M) 2.051ms
[510.286s][info][gc,cpu         ] GC(1389) User=0.00s Sys=0.00s Real=0.00s
[510.490s][info][gc,start       ] GC(1390) Pause Young (Allocation Failure)
[510.492s][info][gc,heap        ] GC(1390) PSYoungGen: 298048K(312320K)->64K(314368K) Eden: 297984K(297984K)->0K(297984K) From: 64K(14336K)->64K(16384K)
[510.492s][info][gc,heap        ] GC(1390) ParOldGen: 605205K(605696K)->605205K(605696K)
[510.492s][info][gc,metaspace   ] GC(1390) Metaspace: 35453K(36096K)->35453K(36096K) NonClass: 29180K(29632K)->29180K(29632K) Class: 6273K(6464K)->6273K(6464K)
[510.492s][info][gc             ] GC(1390) Pause Young (Allocation Failure) 882M->591M(898M) 2.055ms
[510.492s][info][gc,cpu         ] GC(1390) User=0.00s Sys=0.00s Real=0.01s
[510.576s][info][gc,start       ] GC(1391) Pause Young (Allocation Failure)
[510.578s][info][gc,heap        ] GC(1391) PSYoungGen: 298048K(314368K)->64K(314880K) Eden: 297984K(297984K)->0K(301568K) From: 64K(16384K)->64K(13312K)
[510.578s][info][gc,heap        ] GC(1391) ParOldGen: 605205K(605696K)->605221K(605696K)
[510.578s][info][gc,metaspace   ] GC(1391) Metaspace: 35453K(36096K)->35453K(36096K) NonClass: 29180K(29632K)->29180K(29632K) Class: 6273K(6464K)->6273K(6464K)
[510.578s][info][gc             ] GC(1391) Pause Young (Allocation Failure) 882M->591M(899M) 1.927ms
[510.578s][info][gc,cpu         ] GC(1391) User=0.01s Sys=0.00s Real=0.00s
[510.715s][info][gc,start       ] GC(1392) Pause Young (Allocation Failure)
[510.717s][info][gc,heap        ] GC(1392) PSYoungGen: 301632K(314880K)->64K(316416K) Eden: 301568K(301568K)->0K(301568K) From: 64K(13312K)->64K(14848K)
[510.717s][info][gc,heap        ] GC(1392) ParOldGen: 605221K(605696K)->605221K(605696K)
[510.717s][info][gc,metaspace   ] GC(1392) Metaspace: 35453K(36096K)->35453K(36096K) NonClass: 29180K(29632K)->29180K(29632K) Class: 6273K(6464K)->6273K(6464K)
[510.717s][info][gc             ] GC(1392) Pause Young (Allocation Failure) 885M->591M(900M) 1.966ms
[510.717s][info][gc,cpu         ] GC(1392) User=0.00s Sys=0.00s Real=0.00s
[511.127s][info][gc,start       ] GC(1393) Pause Young (Allocation Failure)
[511.129s][info][gc,heap        ] GC(1393) PSYoungGen: 301632K(316416K)->64K(316416K) Eden: 301568K(301568K)->0K(305152K) From: 64K(14848K)->64K(11264K)
[511.129s][info][gc,heap        ] GC(1393) ParOldGen: 605221K(605696K)->605229K(605696K)
[511.129s][info][gc,metaspace   ] GC(1393) Metaspace: 35453K(36096K)->35453K(36096K) NonClass: 29180K(29632K)->29180K(29632K) Class: 6273K(6464K)->6273K(6464K)
[511.129s][info][gc             ] GC(1393) Pause Young (Allocation Failure) 885M->591M(900M) 2.086ms
[511.129s][info][gc,cpu         ] GC(1393) User=0.01s Sys=0.00s Real=0.00s
[511.920s][info][gc,start       ] GC(1394) Pause Young (Allocation Failure)
[511.923s][info][gc,heap        ] GC(1394) PSYoungGen: 305216K(316416K)->32K(317952K) Eden: 305152K(305152K)->0K(305152K) From: 64K(11264K)->32K(12800K)
[511.923s][info][gc,heap        ] GC(1394) ParOldGen: 605229K(605696K)->605237K(605696K)
[511.923s][info][gc,metaspace   ] GC(1394) Metaspace: 35453K(36096K)->35453K(36096K) NonClass: 29180K(29632K)->29180K(29632K) Class: 6273K(6464K)->6273K(6464K)
[511.923s][info][gc             ] GC(1394) Pause Young (Allocation Failure) 889M->591M(902M) 3.141ms
[511.923s][info][gc,cpu         ] GC(1394) User=0.01s Sys=0.00s Real=0.01s
[513.038s][info][gc,start       ] GC(1395) Pause Young (Allocation Failure)
[513.041s][info][gc,heap        ] GC(1395) PSYoungGen: 305184K(317952K)->64K(293376K) Eden: 305152K(305152K)->0K(292864K) From: 32K(12800K)->64K(512K)
[513.041s][info][gc,heap        ] GC(1395) ParOldGen: 605237K(605696K)->605245K(605696K)
[513.041s][info][gc,metaspace   ] GC(1395) Metaspace: 35453K(36096K)->35453K(36096K) NonClass: 29180K(29632K)->29180K(29632K) Class: 6273K(6464K)->6273K(6464K)
[513.041s][info][gc             ] GC(1395) Pause Young (Allocation Failure) 889M->591M(878M) 2.710ms
[513.041s][info][gc,cpu         ] GC(1395) User=0.00s Sys=0.01s Real=0.01s
[513.524s][info][gc,start       ] GC(1396) Pause Young (Allocation Failure)
[513.526s][info][gc,heap        ] GC(1396) PSYoungGen: 292928K(293376K)->64K(292352K) Eden: 292864K(292864K)->0K(281088K) From: 64K(512K)->64K(11264K)
[513.526s][info][gc,heap        ] GC(1396) ParOldGen: 605245K(605696K)->605253K(605696K)
[513.526s][info][gc,metaspace   ] GC(1396) Metaspace: 35453K(36096K)->35453K(36096K) NonClass: 29180K(29632K)->29180K(29632K) Class: 6273K(6464K)->6273K(6464K)
[513.526s][info][gc             ] GC(1396) Pause Young (Allocation Failure) 877M->591M(877M) 2.033ms
[513.526s][info][gc,cpu         ] GC(1396) User=0.00s Sys=0.00s Real=0.00s
[514.624s][info][gc,start       ] GC(1397) Pause Young (Allocation Failure)
[514.627s][info][gc,heap        ] GC(1397) PSYoungGen: 281152K(292352K)->64K(270336K) Eden: 281088K(281088K)->0K(269824K) From: 64K(11264K)->64K(512K)
[514.627s][info][gc,heap        ] GC(1397) ParOldGen: 605253K(605696K)->605261K(605696K)
[514.627s][info][gc,metaspace   ] GC(1397) Metaspace: 35453K(36096K)->35453K(36096K) NonClass: 29180K(29632K)->29180K(29632K) Class: 6273K(6464K)->6273K(6464K)
[514.627s][info][gc             ] GC(1397) Pause Young (Allocation Failure) 865M->591M(855M) 2.872ms
[514.627s][info][gc,cpu         ] GC(1397) User=0.01s Sys=0.00s Real=0.00s
[515.096s][info][gc,start       ] GC(1398) Pause Young (Allocation Failure)
[515.098s][info][gc,heap        ] GC(1398) PSYoungGen: 269888K(270336K)->64K(269312K) Eden: 269824K(269824K)->0K(259584K) From: 64K(512K)->64K(9728K)
[515.098s][info][gc,heap        ] GC(1398) ParOldGen: 605261K(605696K)->605269K(605696K)
[515.098s][info][gc,metaspace   ] GC(1398) Metaspace: 35453K(36096K)->35453K(36096K) NonClass: 29180K(29632K)->29180K(29632K) Class: 6273K(6464K)->6273K(6464K)
[515.098s][info][gc             ] GC(1398) Pause Young (Allocation Failure) 854M->591M(854M) 2.020ms
[515.098s][info][gc,cpu         ] GC(1398) User=0.00s Sys=0.00s Real=0.00s
[515.293s][info][gc,start       ] GC(1399) Pause Young (Allocation Failure)
[515.295s][info][gc,heap        ] GC(1399) PSYoungGen: 259648K(269312K)->64K(249856K) Eden: 259584K(259584K)->0K(249344K) From: 64K(9728K)->64K(512K)
[515.295s][info][gc,heap        ] GC(1399) ParOldGen: 605269K(605696K)->605277K(605696K)
[515.295s][info][gc,metaspace   ] GC(1399) Metaspace: 35453K(36096K)->35453K(36096K) NonClass: 29180K(29632K)->29180K(29632K) Class: 6273K(6464K)->6273K(6464K)
[515.295s][info][gc             ] GC(1399) Pause Young (Allocation Failure) 844M->591M(835M) 2.614ms
[515.295s][info][gc,cpu         ] GC(1399) User=0.00s Sys=0.00s Real=0.00s
[515.521s][info][gc,start       ] GC(1400) Pause Young (Allocation Failure)
[515.523s][info][gc,heap        ] GC(1400) PSYoungGen: 249408K(249856K)->64K(248320K) Eden: 249344K(249344K)->0K(239616K) From: 64K(512K)->64K(8704K)
[515.523s][info][gc,heap        ] GC(1400) ParOldGen: 605277K(605696K)->605285K(605696K)
[515.523s][info][gc,metaspace   ] GC(1400) Metaspace: 35453K(36096K)->35453K(36096K) NonClass: 29180K(29632K)->29180K(29632K) Class: 6273K(6464K)->6273K(6464K)
[515.523s][info][gc             ] GC(1400) Pause Young (Allocation Failure) 834M->591M(834M) 1.980ms
[515.523s][info][gc,cpu         ] GC(1400) User=0.00s Sys=0.00s Real=0.00s
[516.111s][info][gc,start       ] GC(1401) Pause Young (Allocation Failure)
[516.114s][info][gc,heap        ] GC(1401) PSYoungGen: 239680K(248320K)->64K(230912K) Eden: 239616K(239616K)->0K(230400K) From: 64K(8704K)->64K(512K)
[516.114s][info][gc,heap        ] GC(1401) ParOldGen: 605285K(605696K)->605293K(605696K)
[516.114s][info][gc,metaspace   ] GC(1401) Metaspace: 35453K(36096K)->35453K(36096K) NonClass: 29180K(29632K)->29180K(29632K) Class: 6273K(6464K)->6273K(6464K)
[516.114s][info][gc             ] GC(1401) Pause Young (Allocation Failure) 825M->591M(817M) 3.047ms
[516.114s][info][gc,cpu         ] GC(1401) User=0.01s Sys=0.00s Real=0.00s
[516.492s][info][gc,start       ] GC(1402) Pause Young (Allocation Failure)
[516.495s][info][gc,heap        ] GC(1402) PSYoungGen: 230464K(230912K)->64K(228864K) Eden: 230400K(230400K)->0K(221696K) From: 64K(512K)->64K(7168K)
[516.495s][info][gc,heap        ] GC(1402) ParOldGen: 605293K(605696K)->605301K(605696K)
[516.495s][info][gc,metaspace   ] GC(1402) Metaspace: 35453K(36096K)->35453K(36096K) NonClass: 29180K(29632K)->29180K(29632K) Class: 6273K(6464K)->6273K(6464K)
[516.495s][info][gc             ] GC(1402) Pause Young (Allocation Failure) 816M->591M(815M) 2.824ms
[516.495s][info][gc,cpu         ] GC(1402) User=0.01s Sys=0.00s Real=0.00s
[516.830s][info][gc,start       ] GC(1403) Pause Young (Allocation Failure)
[516.878s][info][gc,heap        ] GC(1403) PSYoungGen: 221760K(228864K)->6656K(271872K) Eden: 221696K(221696K)->0K(265216K) From: 64K(7168K)->6656K(6656K)
[516.878s][info][gc,heap        ] GC(1403) ParOldGen: 605301K(605696K)->620085K(620544K)
[516.878s][info][gc,metaspace   ] GC(1403) Metaspace: 35453K(36096K)->35453K(36096K) NonClass: 29180K(29632K)->29180K(29632K) Class: 6273K(6464K)->6273K(6464K)
[516.878s][info][gc             ] GC(1403) Pause Young (Allocation Failure) 807M->612M(871M) 48.223ms
[516.878s][info][gc,cpu         ] GC(1403) User=0.08s Sys=0.01s Real=0.05s
[517.248s][info][gc,start       ] GC(1404) Pause Young (Allocation Failure)
[517.311s][info][gc,heap        ] GC(1404) PSYoungGen: 271872K(271872K)->13824K(282112K) Eden: 265216K(265216K)->0K(268288K) From: 6656K(6656K)->13824K(13824K)
[517.311s][info][gc,heap        ] GC(1404) ParOldGen: 620085K(620544K)->634949K(635392K)
[517.311s][info][gc,metaspace   ] GC(1404) Metaspace: 35453K(36096K)->35453K(36096K) NonClass: 29180K(29632K)->29180K(29632K) Class: 6273K(6464K)->6273K(6464K)
[517.311s][info][gc             ] GC(1404) Pause Young (Allocation Failure) 871M->633M(896M) 62.794ms
[517.311s][info][gc,cpu         ] GC(1404) User=0.12s Sys=0.01s Real=0.07s
[517.588s][info][gc,start       ] GC(1405) Pause Young (Allocation Failure)
[517.636s][info][gc,heap        ] GC(1405) PSYoungGen: 282112K(282112K)->19392K(304128K) Eden: 268288K(268288K)->0K(281600K) From: 13824K(13824K)->19392K(22528K)
[517.636s][info][gc,heap        ] GC(1405) ParOldGen: 634949K(635392K)->635493K(635904K)
[517.636s][info][gc,metaspace   ] GC(1405) Metaspace: 35453K(36096K)->35453K(36096K) NonClass: 29180K(29632K)->29180K(29632K) Class: 6273K(6464K)->6273K(6464K)
[517.636s][info][gc             ] GC(1405) Pause Young (Allocation Failure) 895M->639M(918M) 47.525ms
[517.636s][info][gc,cpu         ] GC(1405) User=0.08s Sys=0.02s Real=0.05s
[517.902s][info][gc,start       ] GC(1406) Pause Young (Allocation Failure)
[517.904s][info][gc,heap        ] GC(1406) PSYoungGen: 300992K(304128K)->64K(307712K) Eden: 281600K(281600K)->0K(281600K) From: 19392K(22528K)->64K(26112K)
[517.904s][info][gc,heap        ] GC(1406) ParOldGen: 635493K(635904K)->635501K(635904K)
[517.904s][info][gc,metaspace   ] GC(1406) Metaspace: 35453K(36096K)->35453K(36096K) NonClass: 29180K(29632K)->29180K(29632K) Class: 6273K(6464K)->6273K(6464K)
[517.904s][info][gc             ] GC(1406) Pause Young (Allocation Failure) 914M->620M(921M) 2.111ms
[517.904s][info][gc,cpu         ] GC(1406) User=0.00s Sys=0.00s Real=0.00s
[518.706s][info][gc,start       ] GC(1407) Pause Young (Allocation Failure)
[518.708s][info][gc,heap        ] GC(1407) PSYoungGen: 281664K(307712K)->64K(304640K) Eden: 281600K(281600K)->0K(282624K) From: 64K(26112K)->64K(22016K)
[518.708s][info][gc,heap        ] GC(1407) ParOldGen: 635501K(635904K)->635509K(635904K)
[518.708s][info][gc,metaspace   ] GC(1407) Metaspace: 35453K(36096K)->35453K(36096K) NonClass: 29180K(29632K)->29180K(29632K) Class: 6273K(6464K)->6273K(6464K)
[518.708s][info][gc             ] GC(1407) Pause Young (Allocation Failure) 895M->620M(918M) 2.193ms
[518.708s][info][gc,cpu         ] GC(1407) User=0.01s Sys=0.00s Real=0.00s
[519.014s][info][gc,start       ] GC(1408) Pause Young (Allocation Failure)
[519.016s][info][gc,heap        ] GC(1408) PSYoungGen: 282688K(304640K)->64K(306688K) Eden: 282624K(282624K)->0K(282624K) From: 64K(22016K)->64K(24064K)
[519.016s][info][gc,heap        ] GC(1408) ParOldGen: 635509K(635904K)->635525K(635904K)
[519.016s][info][gc,metaspace   ] GC(1408) Metaspace: 35453K(36096K)->35453K(36096K) NonClass: 29180K(29632K)->29180K(29632K) Class: 6273K(6464K)->6273K(6464K)
[519.016s][info][gc             ] GC(1408) Pause Young (Allocation Failure) 896M->620M(920M) 2.249ms
[519.016s][info][gc,cpu         ] GC(1408) User=0.00s Sys=0.00s Real=0.00s
[519.615s][info][gc,start       ] GC(1409) Pause Young (Allocation Failure)
[519.617s][info][gc,heap        ] GC(1409) PSYoungGen: 282688K(306688K)->64K(307200K) Eden: 282624K(282624K)->0K(286208K) From: 64K(24064K)->64K(20992K)
[519.617s][info][gc,heap        ] GC(1409) ParOldGen: 635525K(635904K)->635533K(635904K)
[519.617s][info][gc,metaspace   ] GC(1409) Metaspace: 35453K(36096K)->35453K(36096K) NonClass: 29180K(29632K)->29180K(29632K) Class: 6273K(6464K)->6273K(6464K)
[519.617s][info][gc             ] GC(1409) Pause Young (Allocation Failure) 896M->620M(921M) 2.168ms
[519.617s][info][gc,cpu         ] GC(1409) User=0.00s Sys=0.00s Real=0.00s
[519.864s][info][gc,start       ] GC(1410) Pause Young (Allocation Failure)
[519.866s][info][gc,heap        ] GC(1410) PSYoungGen: 286272K(307200K)->64K(308736K) Eden: 286208K(286208K)->0K(286208K) From: 64K(20992K)->64K(22528K)
[519.866s][info][gc,heap        ] GC(1410) ParOldGen: 635533K(635904K)->635549K(635904K)
[519.866s][info][gc,metaspace   ] GC(1410) Metaspace: 35453K(36096K)->35453K(36096K) NonClass: 29180K(29632K)->29180K(29632K) Class: 6273K(6464K)->6273K(6464K)
[519.866s][info][gc             ] GC(1410) Pause Young (Allocation Failure) 900M->620M(922M) 2.097ms
[519.866s][info][gc,cpu         ] GC(1410) User=0.00s Sys=0.00s Real=0.00s
[520.113s][info][gc,start       ] GC(1411) Pause Young (Allocation Failure)
[520.115s][info][gc,heap        ] GC(1411) PSYoungGen: 286272K(308736K)->64K(308736K) Eden: 286208K(286208K)->0K(289792K) From: 64K(22528K)->64K(18944K)
[520.115s][info][gc,heap        ] GC(1411) ParOldGen: 635549K(635904K)->635549K(635904K)
[520.115s][info][gc,metaspace   ] GC(1411) Metaspace: 35453K(36096K)->35453K(36096K) NonClass: 29180K(29632K)->29180K(29632K) Class: 6273K(6464K)->6273K(6464K)
[520.115s][info][gc             ] GC(1411) Pause Young (Allocation Failure) 900M->620M(922M) 2.083ms
[520.115s][info][gc,cpu         ] GC(1411) User=0.01s Sys=0.00s Real=0.00s
[520.468s][info][gc,start       ] GC(1412) Pause Young (Allocation Failure)
[520.470s][info][gc,heap        ] GC(1412) PSYoungGen: 289856K(308736K)->64K(310272K) Eden: 289792K(289792K)->0K(289792K) From: 64K(18944K)->64K(20480K)
[520.470s][info][gc,heap        ] GC(1412) ParOldGen: 635549K(635904K)->635549K(635904K)
[520.470s][info][gc,metaspace   ] GC(1412) Metaspace: 35453K(36096K)->35453K(36096K) NonClass: 29180K(29632K)->29180K(29632K) Class: 6273K(6464K)->6273K(6464K)
[520.470s][info][gc             ] GC(1412) Pause Young (Allocation Failure) 903M->620M(924M) 2.198ms
[520.470s][info][gc,cpu         ] GC(1412) User=0.00s Sys=0.00s Real=0.00s
[520.525s][info][gc,start       ] GC(1413) Pause Young (Allocation Failure)
[520.527s][info][gc,heap        ] GC(1413) PSYoungGen: 289856K(310272K)->32K(310784K) Eden: 289792K(289792K)->0K(293888K) From: 64K(20480K)->32K(16896K)
[520.527s][info][gc,heap        ] GC(1413) ParOldGen: 635549K(635904K)->635557K(635904K)
[520.528s][info][gc,metaspace   ] GC(1413) Metaspace: 35453K(36096K)->35453K(36096K) NonClass: 29180K(29632K)->29180K(29632K) Class: 6273K(6464K)->6273K(6464K)
[520.528s][info][gc             ] GC(1413) Pause Young (Allocation Failure) 903M->620M(924M) 2.781ms
[520.528s][info][gc,cpu         ] GC(1413) User=0.00s Sys=0.00s Real=0.00s
[520.608s][info][gc,start       ] GC(1414) Pause Young (Allocation Failure)
[520.610s][info][gc,heap        ] GC(1414) PSYoungGen: 293920K(310784K)->64K(312320K) Eden: 293888K(293888K)->0K(293888K) From: 32K(16896K)->64K(18432K)
[520.610s][info][gc,heap        ] GC(1414) ParOldGen: 635557K(635904K)->635557K(635904K)
[520.610s][info][gc,metaspace   ] GC(1414) Metaspace: 35453K(36096K)->35453K(36096K) NonClass: 29180K(29632K)->29180K(29632K) Class: 6273K(6464K)->6273K(6464K)
[520.610s][info][gc             ] GC(1414) Pause Young (Allocation Failure) 907M->620M(926M) 2.001ms
[520.610s][info][gc,cpu         ] GC(1414) User=0.00s Sys=0.00s Real=0.00s
[520.870s][info][gc,start       ] GC(1415) Pause Young (Allocation Failure)
[520.872s][info][gc,heap        ] GC(1415) PSYoungGen: 293952K(312320K)->64K(312832K) Eden: 293888K(293888K)->0K(297984K) From: 64K(18432K)->64K(14848K)
[520.872s][info][gc,heap        ] GC(1415) ParOldGen: 635557K(635904K)->635573K(635904K)
[520.872s][info][gc,metaspace   ] GC(1415) Metaspace: 35453K(36096K)->35453K(36096K) NonClass: 29180K(29632K)->29180K(29632K) Class: 6273K(6464K)->6273K(6464K)
[520.872s][info][gc             ] GC(1415) Pause Young (Allocation Failure) 907M->620M(926M) 2.134ms
[520.872s][info][gc,cpu         ] GC(1415) User=0.01s Sys=0.00s Real=0.01s
[521.117s][info][gc,start       ] GC(1416) Pause Young (Allocation Failure)
[521.119s][info][gc,heap        ] GC(1416) PSYoungGen: 298048K(312832K)->64K(314368K) Eden: 297984K(297984K)->0K(297984K) From: 64K(14848K)->64K(16384K)
[521.119s][info][gc,heap        ] GC(1416) ParOldGen: 635573K(635904K)->635573K(635904K)
[521.119s][info][gc,metaspace   ] GC(1416) Metaspace: 35453K(36096K)->35453K(36096K) NonClass: 29180K(29632K)->29180K(29632K) Class: 6273K(6464K)->6273K(6464K)
[521.119s][info][gc             ] GC(1416) Pause Young (Allocation Failure) 911M->620M(928M) 2.147ms
[521.119s][info][gc,cpu         ] GC(1416) User=0.00s Sys=0.00s Real=0.00s
[521.211s][info][gc,start       ] GC(1417) Pause Young (Allocation Failure)
[521.213s][info][gc,heap        ] GC(1417) PSYoungGen: 298048K(314368K)->64K(314880K) Eden: 297984K(297984K)->0K(302080K) From: 64K(16384K)->64K(12800K)
[521.213s][info][gc,heap        ] GC(1417) ParOldGen: 635573K(635904K)->635589K(635904K)
[521.213s][info][gc,metaspace   ] GC(1417) Metaspace: 35453K(36096K)->35453K(36096K) NonClass: 29180K(29632K)->29180K(29632K) Class: 6273K(6464K)->6273K(6464K)
[521.213s][info][gc             ] GC(1417) Pause Young (Allocation Failure) 911M->620M(928M) 2.082ms
[521.213s][info][gc,cpu         ] GC(1417) User=0.01s Sys=0.00s Real=0.00s
[521.362s][info][gc,start       ] GC(1418) Pause Young (Allocation Failure)
[521.364s][info][gc,heap        ] GC(1418) PSYoungGen: 302144K(314880K)->64K(316416K) Eden: 302080K(302080K)->0K(302080K) From: 64K(12800K)->64K(14336K)
[521.364s][info][gc,heap        ] GC(1418) ParOldGen: 635589K(635904K)->635589K(635904K)
[521.364s][info][gc,metaspace   ] GC(1418) Metaspace: 35453K(36096K)->35453K(36096K) NonClass: 29180K(29632K)->29180K(29632K) Class: 6273K(6464K)->6273K(6464K)
[521.364s][info][gc             ] GC(1418) Pause Young (Allocation Failure) 915M->620M(930M) 2.043ms
[521.364s][info][gc,cpu         ] GC(1418) User=0.00s Sys=0.00s Real=0.00s
[521.801s][info][gc,start       ] GC(1419) Pause Young (Allocation Failure)
[521.803s][info][gc,heap        ] GC(1419) PSYoungGen: 302144K(316416K)->64K(317952K) Eden: 302080K(302080K)->0K(306176K) From: 64K(14336K)->64K(11776K)
[521.803s][info][gc,heap        ] GC(1419) ParOldGen: 635589K(635904K)->635597K(635904K)
[521.803s][info][gc,metaspace   ] GC(1419) Metaspace: 35453K(36096K)->35453K(36096K) NonClass: 29180K(29632K)->29180K(29632K) Class: 6273K(6464K)->6273K(6464K)
[521.803s][info][gc             ] GC(1419) Pause Young (Allocation Failure) 915M->620M(931M) 2.094ms
[521.803s][info][gc,cpu         ] GC(1419) User=0.00s Sys=0.00s Real=0.00s
[522.647s][info][gc,start       ] GC(1420) Pause Young (Allocation Failure)
[522.649s][info][gc,heap        ] GC(1420) PSYoungGen: 306240K(317952K)->64K(318976K) Eden: 306176K(306176K)->0K(306176K) From: 64K(11776K)->64K(12800K)
[522.649s][info][gc,heap        ] GC(1420) ParOldGen: 635597K(635904K)->635605K(635904K)
[522.649s][info][gc,metaspace   ] GC(1420) Metaspace: 35453K(36096K)->35453K(36096K) NonClass: 29180K(29632K)->29180K(29632K) Class: 6273K(6464K)->6273K(6464K)
[522.649s][info][gc             ] GC(1420) Pause Young (Allocation Failure) 919M->620M(932M) 2.100ms
[522.649s][info][gc,cpu         ] GC(1420) User=0.00s Sys=0.00s Real=0.00s
[523.755s][info][gc,start       ] GC(1421) Pause Young (Allocation Failure)
[523.760s][info][gc,heap        ] GC(1421) PSYoungGen: 306240K(318976K)->32K(294400K) Eden: 306176K(306176K)->0K(293888K) From: 64K(12800K)->32K(512K)
[523.760s][info][gc,heap        ] GC(1421) ParOldGen: 635605K(635904K)->635613K(635904K)
[523.760s][info][gc,metaspace   ] GC(1421) Metaspace: 35453K(36096K)->35453K(36096K) NonClass: 29180K(29632K)->29180K(29632K) Class: 6273K(6464K)->6273K(6464K)
[523.761s][info][gc             ] GC(1421) Pause Young (Allocation Failure) 919M->620M(908M) 5.080ms
[523.761s][info][gc,cpu         ] GC(1421) User=0.01s Sys=0.00s Real=0.00s
[524.295s][info][gc,start       ] GC(1422) Pause Young (Allocation Failure)
[524.298s][info][gc,heap        ] GC(1422) PSYoungGen: 293920K(294400K)->32K(293376K) Eden: 293888K(293888K)->0K(282112K) From: 32K(512K)->32K(11264K)
[524.298s][info][gc,heap        ] GC(1422) ParOldGen: 635613K(635904K)->635621K(635904K)
[524.298s][info][gc,metaspace   ] GC(1422) Metaspace: 35453K(36096K)->35453K(36096K) NonClass: 29180K(29632K)->29180K(29632K) Class: 6273K(6464K)->6273K(6464K)
[524.298s][info][gc             ] GC(1422) Pause Young (Allocation Failure) 907M->620M(907M) 3.479ms
[524.298s][info][gc,cpu         ] GC(1422) User=0.00s Sys=0.00s Real=0.00s
[525.437s][info][gc,start       ] GC(1423) Pause Young (Allocation Failure)
[525.441s][info][gc,heap        ] GC(1423) PSYoungGen: 282144K(293376K)->32K(271360K) Eden: 282112K(282112K)->0K(270848K) From: 32K(11264K)->32K(512K)
[525.441s][info][gc,heap        ] GC(1423) ParOldGen: 635621K(635904K)->635629K(635904K)
[525.441s][info][gc,metaspace   ] GC(1423) Metaspace: 35453K(36096K)->35453K(36096K) NonClass: 29180K(29632K)->29180K(29632K) Class: 6273K(6464K)->6273K(6464K)
[525.441s][info][gc             ] GC(1423) Pause Young (Allocation Failure) 896M->620M(886M) 4.278ms
[525.441s][info][gc,cpu         ] GC(1423) User=0.00s Sys=0.01s Real=0.01s
[525.920s][info][gc,start       ] GC(1424) Pause Young (Allocation Failure)
[525.924s][info][gc,heap        ] GC(1424) PSYoungGen: 270880K(271360K)->32K(269824K) Eden: 270848K(270848K)->0K(260096K) From: 32K(512K)->32K(9728K)
[525.924s][info][gc,heap        ] GC(1424) ParOldGen: 635629K(635904K)->635637K(635904K)
[525.924s][info][gc,metaspace   ] GC(1424) Metaspace: 35453K(36096K)->35453K(36096K) NonClass: 29180K(29632K)->29180K(29632K) Class: 6273K(6464K)->6273K(6464K)
[525.924s][info][gc             ] GC(1424) Pause Young (Allocation Failure) 885M->620M(884M) 3.436ms
[525.924s][info][gc,cpu         ] GC(1424) User=0.00s Sys=0.00s Real=0.01s
[526.137s][info][gc,start       ] GC(1425) Pause Young (Allocation Failure)
[526.141s][info][gc,heap        ] GC(1425) PSYoungGen: 260128K(269824K)->32K(250368K) Eden: 260096K(260096K)->0K(249856K) From: 32K(9728K)->32K(512K)
[526.141s][info][gc,heap        ] GC(1425) ParOldGen: 635637K(635904K)->635645K(635904K)
[526.141s][info][gc,metaspace   ] GC(1425) Metaspace: 35453K(36096K)->35453K(36096K) NonClass: 29180K(29632K)->29180K(29632K) Class: 6273K(6464K)->6273K(6464K)
[526.141s][info][gc             ] GC(1425) Pause Young (Allocation Failure) 874M->620M(865M) 4.018ms
[526.141s][info][gc,cpu         ] GC(1425) User=0.00s Sys=0.00s Real=0.01s
[526.335s][info][gc,start       ] GC(1426) Pause Young (Allocation Failure)
[526.338s][info][gc,heap        ] GC(1426) PSYoungGen: 249888K(250368K)->32K(295424K) Eden: 249856K(249856K)->0K(287232K) From: 32K(512K)->32K(8192K)
[526.338s][info][gc,heap        ] GC(1426) ParOldGen: 635645K(635904K)->635653K(635904K)
[526.338s][info][gc,metaspace   ] GC(1426) Metaspace: 35453K(36096K)->35453K(36096K) NonClass: 29180K(29632K)->29180K(29632K) Class: 6273K(6464K)->6273K(6464K)
[526.338s][info][gc             ] GC(1426) Pause Young (Allocation Failure) 864M->620M(909M) 3.528ms
[526.338s][info][gc,cpu         ] GC(1426) User=0.01s Sys=0.00s Real=0.00s
[527.002s][info][gc,start       ] GC(1427) Pause Young (Allocation Failure)
[527.006s][info][gc,heap        ] GC(1427) PSYoungGen: 287264K(295424K)->32K(304128K) Eden: 287232K(287232K)->0K(296448K) From: 32K(8192K)->32K(7680K)
[527.006s][info][gc,heap        ] GC(1427) ParOldGen: 635653K(635904K)->635661K(635904K)
[527.006s][info][gc,metaspace   ] GC(1427) Metaspace: 35453K(36096K)->35453K(36096K) NonClass: 29180K(29632K)->29180K(29632K) Class: 6273K(6464K)->6273K(6464K)
[527.006s][info][gc             ] GC(1427) Pause Young (Allocation Failure) 901M->620M(918M) 3.527ms
[527.006s][info][gc,cpu         ] GC(1427) User=0.00s Sys=0.00s Real=0.00s
[527.518s][info][gc,start       ] GC(1428) Pause Young (Allocation Failure)
[527.539s][info][gc,heap        ] GC(1428) PSYoungGen: 296480K(304128K)->7168K(303616K) Eden: 296448K(296448K)->0K(296448K) From: 32K(7680K)->7168K(7168K)
[527.539s][info][gc,heap        ] GC(1428) ParOldGen: 635661K(635904K)->636941K(637440K)
[527.539s][info][gc,metaspace   ] GC(1428) Metaspace: 35453K(36096K)->35453K(36096K) NonClass: 29180K(29632K)->29180K(29632K) Class: 6273K(6464K)->6273K(6464K)
[527.539s][info][gc             ] GC(1428) Pause Young (Allocation Failure) 910M->629M(919M) 21.166ms
[527.539s][info][gc,cpu         ] GC(1428) User=0.04s Sys=0.00s Real=0.02s
[527.938s][info][gc,start       ] GC(1429) Pause Young (Allocation Failure)
[528.018s][info][gc,heap        ] GC(1429) PSYoungGen: 303616K(303616K)->9216K(303104K) Eden: 296448K(296448K)->0K(293888K) From: 7168K(7168K)->9216K(9216K)
[528.018s][info][gc,heap        ] GC(1429) ParOldGen: 636941K(637440K)->659237K(659456K)
[528.018s][info][gc,metaspace   ] GC(1429) Metaspace: 35453K(36096K)->35453K(36096K) NonClass: 29180K(29632K)->29180K(29632K) Class: 6273K(6464K)->6273K(6464K)
[528.018s][info][gc             ] GC(1429) Pause Young (Allocation Failure) 918M->652M(940M) 80.130ms
[528.018s][info][gc,cpu         ] GC(1429) User=0.13s Sys=0.02s Real=0.08s
[528.397s][info][gc,start       ] GC(1430) Pause Full (Allocation Failure)
[528.397s][info][gc,phases,start] GC(1430) Marking Phase
[528.494s][info][gc,phases      ] GC(1430) Marking Phase 97.383ms
[528.494s][info][gc,phases,start] GC(1430) Summary Phase
[528.494s][info][gc,phases      ] GC(1430) Summary Phase 0.035ms
[528.494s][info][gc,phases,start] GC(1430) Forward
[528.525s][info][gc,phases      ] GC(1430) Forward 30.478ms
[528.525s][info][gc,phases,start] GC(1430) Adjust Pointers
[528.583s][info][gc,phases      ] GC(1430) Adjust Pointers 58.175ms
[528.583s][info][gc,phases,start] GC(1430) Compaction Phase
[528.614s][info][gc,phases      ] GC(1430) Compaction Phase 30.406ms
[528.614s][info][gc,phases,start] GC(1430) Post Compact
[528.617s][info][metaspace      ] ChkMgr @0x00007f865403aa80 (non-class-space): : reclaiming memory...
[528.617s][info][metaspace      ] ChkMgr @0x00007f865403aa80 (non-class-space): nothing reclaimed.
[528.617s][info][metaspace      ] ChkMgr @0x00007f865403a890 (class-space): : reclaiming memory...
[528.617s][info][metaspace      ] ChkMgr @0x00007f865403a890 (class-space): nothing reclaimed.
[528.617s][info][gc,phases      ] GC(1430) Post Compact 3.049ms
[528.660s][info][gc,heap        ] GC(1430) PSYoungGen: 303104K(303104K)->0K(313856K) Eden: 293888K(293888K)->0K(293888K) From: 9216K(9216K)->0K(19968K)
[528.660s][info][gc,heap        ] GC(1430) ParOldGen: 659237K(659456K)->86648K(175104K)
[528.660s][info][gc,metaspace   ] GC(1430) Metaspace: 35453K(36096K)->35412K(36096K) NonClass: 29180K(29632K)->29139K(29632K) Class: 6273K(6464K)->6272K(6464K)
[528.660s][info][gc             ] GC(1430) Pause Full (Allocation Failure) 939M->84M(477M) 263.336ms
[528.660s][info][gc,cpu         ] GC(1430) User=0.39s Sys=0.05s Real=0.26s
[528.783s][info][gc,start       ] GC(1431) Pause Young (Allocation Failure)
[528.795s][info][gc,heap        ] GC(1431) PSYoungGen: 293888K(313856K)->32K(311808K) Eden: 293888K(293888K)->0K(293888K) From: 0K(19968K)->32K(17920K)
[528.795s][info][gc,heap        ] GC(1431) ParOldGen: 86648K(175104K)->86648K(175104K)
[528.795s][info][gc,metaspace   ] GC(1431) Metaspace: 35412K(36096K)->35412K(36096K) NonClass: 29139K(29632K)->29139K(29632K) Class: 6272K(6464K)->6272K(6464K)
[528.795s][info][gc             ] GC(1431) Pause Young (Allocation Failure) 371M->84M(475M) 12.079ms
[528.795s][info][gc,cpu         ] GC(1431) User=0.02s Sys=0.00s Real=0.01s
[529.624s][info][gc,start       ] GC(1432) Pause Young (Allocation Failure)
[529.625s][info][gc,heap        ] GC(1432) PSYoungGen: 293920K(311808K)->64K(312832K) Eden: 293888K(293888K)->0K(293888K) From: 32K(17920K)->64K(18944K)
[529.625s][info][gc,heap        ] GC(1432) ParOldGen: 86648K(175104K)->86664K(175104K)
[529.625s][info][gc,metaspace   ] GC(1432) Metaspace: 35412K(36096K)->35412K(36096K) NonClass: 29139K(29632K)->29139K(29632K) Class: 6272K(6464K)->6272K(6464K)
[529.625s][info][gc             ] GC(1432) Pause Young (Allocation Failure) 371M->84M(476M) 0.817ms
[529.625s][info][gc,cpu         ] GC(1432) User=0.00s Sys=0.00s Real=0.00s
[529.997s][info][gc,start       ] GC(1433) Pause Young (Allocation Failure)
[529.998s][info][gc,heap        ] GC(1433) PSYoungGen: 293952K(312832K)->64K(312320K) Eden: 293888K(293888K)->0K(296448K) From: 64K(18944K)->64K(15872K)
[529.998s][info][gc,heap        ] GC(1433) ParOldGen: 86664K(175104K)->86664K(175104K)
[529.998s][info][gc,metaspace   ] GC(1433) Metaspace: 35412K(36096K)->35412K(36096K) NonClass: 29139K(29632K)->29139K(29632K) Class: 6272K(6464K)->6272K(6464K)
[529.998s][info][gc             ] GC(1433) Pause Young (Allocation Failure) 371M->84M(476M) 1.139ms
[529.998s][info][gc,cpu         ] GC(1433) User=0.00s Sys=0.00s Real=0.00s
[530.512s][info][gc,start       ] GC(1434) Pause Young (Allocation Failure)
[530.513s][info][gc,heap        ] GC(1434) PSYoungGen: 296512K(312320K)->64K(313856K) Eden: 296448K(296448K)->0K(296448K) From: 64K(15872K)->64K(17408K)
[530.513s][info][gc,heap        ] GC(1434) ParOldGen: 86664K(175104K)->86680K(175104K)
[530.513s][info][gc,metaspace   ] GC(1434) Metaspace: 35412K(36096K)->35412K(36096K) NonClass: 29139K(29632K)->29139K(29632K) Class: 6272K(6464K)->6272K(6464K)
[530.513s][info][gc             ] GC(1434) Pause Young (Allocation Failure) 374M->84M(477M) 0.967ms
[530.513s][info][gc,cpu         ] GC(1434) User=0.01s Sys=0.00s Real=0.00s
[530.769s][info][gc,start       ] GC(1435) Pause Young (Allocation Failure)
[530.769s][info][gc,heap        ] GC(1435) PSYoungGen: 296512K(313856K)->64K(314880K) Eden: 296448K(296448K)->0K(300032K) From: 64K(17408K)->64K(14848K)
[530.769s][info][gc,heap        ] GC(1435) ParOldGen: 86680K(175104K)->86696K(175104K)
[530.770s][info][gc,metaspace   ] GC(1435) Metaspace: 35412K(36096K)->35412K(36096K) NonClass: 29139K(29632K)->29139K(29632K) Class: 6272K(6464K)->6272K(6464K)
[530.770s][info][gc             ] GC(1435) Pause Young (Allocation Failure) 374M->84M(478M) 1.038ms
[530.770s][info][gc,cpu         ] GC(1435) User=0.00s Sys=0.00s Real=0.00s
[531.029s][info][gc,start       ] GC(1436) Pause Young (Allocation Failure)
[531.029s][info][gc,heap        ] GC(1436) PSYoungGen: 300096K(314880K)->64K(315904K) Eden: 300032K(300032K)->0K(300032K) From: 64K(14848K)->64K(15872K)
[531.030s][info][gc,heap        ] GC(1436) ParOldGen: 86696K(175104K)->86696K(175104K)
[531.030s][info][gc,metaspace   ] GC(1436) Metaspace: 35412K(36096K)->35412K(36096K) NonClass: 29139K(29632K)->29139K(29632K) Class: 6272K(6464K)->6272K(6464K)
[531.030s][info][gc             ] GC(1436) Pause Young (Allocation Failure) 377M->84M(479M) 1.061ms
[531.030s][info][gc,cpu         ] GC(1436) User=0.00s Sys=0.00s Real=0.00s
[531.380s][info][gc,start       ] GC(1437) Pause Young (Allocation Failure)
[531.381s][info][gc,heap        ] GC(1437) PSYoungGen: 300096K(315904K)->64K(315904K) Eden: 300032K(300032K)->0K(303104K) From: 64K(15872K)->64K(12800K)
[531.381s][info][gc,heap        ] GC(1437) ParOldGen: 86696K(175104K)->86696K(175104K)
[531.381s][info][gc,metaspace   ] GC(1437) Metaspace: 35412K(36096K)->35412K(36096K) NonClass: 29139K(29632K)->29139K(29632K) Class: 6272K(6464K)->6272K(6464K)
[531.381s][info][gc             ] GC(1437) Pause Young (Allocation Failure) 377M->84M(479M) 0.899ms
[531.381s][info][gc,cpu         ] GC(1437) User=0.00s Sys=0.00s Real=0.01s
[531.439s][info][gc,start       ] GC(1438) Pause Young (Allocation Failure)
[531.439s][info][gc,heap        ] GC(1438) PSYoungGen: 303168K(315904K)->64K(316928K) Eden: 303104K(303104K)->0K(303104K) From: 64K(12800K)->64K(13824K)
[531.439s][info][gc,heap        ] GC(1438) ParOldGen: 86696K(175104K)->86712K(175104K)
[531.439s][info][gc,metaspace   ] GC(1438) Metaspace: 35412K(36096K)->35412K(36096K) NonClass: 29139K(29632K)->29139K(29632K) Class: 6272K(6464K)->6272K(6464K)
[531.439s][info][gc             ] GC(1438) Pause Young (Allocation Failure) 380M->84M(480M) 0.720ms
[531.439s][info][gc,cpu         ] GC(1438) User=0.00s Sys=0.00s Real=0.00s
[531.547s][info][gc,start       ] GC(1439) Pause Young (Allocation Failure)
[531.549s][info][gc,heap        ] GC(1439) PSYoungGen: 303168K(316928K)->64K(291328K) Eden: 303104K(303104K)->0K(290816K) From: 64K(13824K)->64K(512K)
[531.549s][info][gc,heap        ] GC(1439) ParOldGen: 86712K(175104K)->86712K(175104K)
[531.549s][info][gc,metaspace   ] GC(1439) Metaspace: 35412K(36096K)->35412K(36096K) NonClass: 29139K(29632K)->29139K(29632K) Class: 6272K(6464K)->6272K(6464K)
[531.549s][info][gc             ] GC(1439) Pause Young (Allocation Failure) 380M->84M(455M) 1.496ms
[531.549s][info][gc,cpu         ] GC(1439) User=0.01s Sys=0.00s Real=0.00s
[531.797s][info][gc,start       ] GC(1440) Pause Young (Allocation Failure)
[531.798s][info][gc,heap        ] GC(1440) PSYoungGen: 290880K(291328K)->32K(291840K) Eden: 290816K(290816K)->0K(279552K) From: 64K(512K)->32K(12288K)
[531.798s][info][gc,heap        ] GC(1440) ParOldGen: 86712K(175104K)->86728K(175104K)
[531.798s][info][gc,metaspace   ] GC(1440) Metaspace: 35412K(36096K)->35412K(36096K) NonClass: 29139K(29632K)->29139K(29632K) Class: 6272K(6464K)->6272K(6464K)
[531.798s][info][gc             ] GC(1440) Pause Young (Allocation Failure) 368M->84M(456M) 1.255ms
[531.798s][info][gc,cpu         ] GC(1440) User=0.00s Sys=0.00s Real=0.00s
[532.007s][info][gc,start       ] GC(1441) Pause Young (Allocation Failure)
[532.009s][info][gc,heap        ] GC(1441) PSYoungGen: 279584K(291840K)->64K(269312K) Eden: 279552K(279552K)->0K(268800K) From: 32K(12288K)->64K(512K)
[532.009s][info][gc,heap        ] GC(1441) ParOldGen: 86728K(175104K)->86728K(175104K)
[532.009s][info][gc,metaspace   ] GC(1441) Metaspace: 35412K(36096K)->35412K(36096K) NonClass: 29139K(29632K)->29139K(29632K) Class: 6272K(6464K)->6272K(6464K)
[532.009s][info][gc             ] GC(1441) Pause Young (Allocation Failure) 357M->84M(434M) 1.427ms
[532.009s][info][gc,cpu         ] GC(1441) User=0.00s Sys=0.00s Real=0.00s
[532.090s][info][gc,start       ] GC(1442) Pause Young (Allocation Failure)
[532.090s][info][gc,heap        ] GC(1442) PSYoungGen: 268864K(269312K)->64K(269312K) Eden: 268800K(268800K)->0K(258560K) From: 64K(512K)->64K(10752K)
[532.090s][info][gc,heap        ] GC(1442) ParOldGen: 86728K(175104K)->86744K(175104K)
[532.090s][info][gc,metaspace   ] GC(1442) Metaspace: 35412K(36096K)->35412K(36096K) NonClass: 29139K(29632K)->29139K(29632K) Class: 6272K(6464K)->6272K(6464K)
[532.090s][info][gc             ] GC(1442) Pause Young (Allocation Failure) 347M->84M(434M) 0.729ms
[532.091s][info][gc,cpu         ] GC(1442) User=0.00s Sys=0.00s Real=0.00s
[532.202s][info][gc,start       ] GC(1443) Pause Young (Allocation Failure)
[532.203s][info][gc,heap        ] GC(1443) PSYoungGen: 258624K(269312K)->64K(249344K) Eden: 258560K(258560K)->0K(248832K) From: 64K(10752K)->64K(512K)
[532.204s][info][gc,heap        ] GC(1443) ParOldGen: 86744K(175104K)->86744K(175104K)
[532.204s][info][gc,metaspace   ] GC(1443) Metaspace: 35412K(36096K)->35412K(36096K) NonClass: 29139K(29632K)->29139K(29632K) Class: 6272K(6464K)->6272K(6464K)
[532.204s][info][gc             ] GC(1443) Pause Young (Allocation Failure) 337M->84M(414M) 1.098ms
[532.204s][info][gc,cpu         ] GC(1443) User=0.00s Sys=0.00s Real=0.00s
[532.372s][info][gc,start       ] GC(1444) Pause Young (Allocation Failure)
[532.372s][info][gc,heap        ] GC(1444) PSYoungGen: 248896K(249344K)->64K(249344K) Eden: 248832K(248832K)->0K(239616K) From: 64K(512K)->64K(9728K)
[532.373s][info][gc,heap        ] GC(1444) ParOldGen: 86744K(175104K)->86752K(175104K)
[532.373s][info][gc,metaspace   ] GC(1444) Metaspace: 35412K(36096K)->35412K(36096K) NonClass: 29139K(29632K)->29139K(29632K) Class: 6272K(6464K)->6272K(6464K)
[532.373s][info][gc             ] GC(1444) Pause Young (Allocation Failure) 327M->84M(414M) 0.951ms
[532.373s][info][gc,cpu         ] GC(1444) User=0.01s Sys=0.00s Real=0.00s
[533.461s][info][gc,start       ] GC(1445) Pause Young (Allocation Failure)
[533.462s][info][gc,heap        ] GC(1445) PSYoungGen: 239680K(249344K)->64K(230912K) Eden: 239616K(239616K)->0K(230400K) From: 64K(9728K)->64K(512K)
[533.462s][info][gc,heap        ] GC(1445) ParOldGen: 86752K(175104K)->86760K(175104K)
[533.462s][info][gc,metaspace   ] GC(1445) Metaspace: 35412K(36096K)->35412K(36096K) NonClass: 29139K(29632K)->29139K(29632K) Class: 6272K(6464K)->6272K(6464K)
[533.462s][info][gc             ] GC(1445) Pause Young (Allocation Failure) 318M->84M(396M) 1.617ms
[533.462s][info][gc,cpu         ] GC(1445) User=0.00s Sys=0.00s Real=0.01s
[533.973s][info][gc,start       ] GC(1446) Pause Young (Allocation Failure)
[533.975s][info][gc,heap        ] GC(1446) PSYoungGen: 230464K(230912K)->64K(229888K) Eden: 230400K(230400K)->0K(221696K) From: 64K(512K)->64K(8192K)
[533.975s][info][gc,heap        ] GC(1446) ParOldGen: 86760K(175104K)->86776K(175104K)
[533.975s][info][gc,metaspace   ] GC(1446) Metaspace: 35412K(36096K)->35412K(36096K) NonClass: 29139K(29632K)->29139K(29632K) Class: 6272K(6464K)->6272K(6464K)
[533.975s][info][gc             ] GC(1446) Pause Young (Allocation Failure) 309M->84M(395M) 1.920ms
[533.975s][info][gc,cpu         ] GC(1446) User=0.00s Sys=0.00s Real=0.00s
[534.586s][info][gc,start       ] GC(1447) Pause Young (Allocation Failure)
[534.589s][info][gc,heap        ] GC(1447) PSYoungGen: 221760K(229888K)->64K(214016K) Eden: 221696K(221696K)->0K(213504K) From: 64K(8192K)->64K(512K)
[534.589s][info][gc,heap        ] GC(1447) ParOldGen: 86776K(175104K)->86792K(175104K)
[534.589s][info][gc,metaspace   ] GC(1447) Metaspace: 35412K(36096K)->35412K(36096K) NonClass: 29139K(29632K)->29139K(29632K) Class: 6272K(6464K)->6272K(6464K)
[534.589s][info][gc             ] GC(1447) Pause Young (Allocation Failure) 301M->84M(380M) 3.227ms
[534.589s][info][gc,cpu         ] GC(1447) User=0.00s Sys=0.00s Real=0.00s
[534.936s][info][gc,start       ] GC(1448) Pause Young (Allocation Failure)
[534.937s][info][gc,heap        ] GC(1448) PSYoungGen: 213568K(214016K)->64K(212992K) Eden: 213504K(213504K)->0K(205824K) From: 64K(512K)->64K(7168K)
[534.937s][info][gc,heap        ] GC(1448) ParOldGen: 86792K(175104K)->86800K(175104K)
[534.937s][info][gc,metaspace   ] GC(1448) Metaspace: 35412K(36096K)->35412K(36096K) NonClass: 29139K(29632K)->29139K(29632K) Class: 6272K(6464K)->6272K(6464K)
[534.937s][info][gc             ] GC(1448) Pause Young (Allocation Failure) 293M->84M(379M) 0.966ms
[534.937s][info][gc,cpu         ] GC(1448) User=0.01s Sys=0.00s Real=0.00s
[535.280s][info][gc,start       ] GC(1449) Pause Young (Allocation Failure)
[535.282s][info][gc,heap        ] GC(1449) PSYoungGen: 205888K(212992K)->64K(199168K) Eden: 205824K(205824K)->0K(198656K) From: 64K(7168K)->64K(512K)
[535.282s][info][gc,heap        ] GC(1449) ParOldGen: 86800K(175104K)->86808K(175104K)
[535.282s][info][gc,metaspace   ] GC(1449) Metaspace: 35412K(36096K)->35412K(36096K) NonClass: 29139K(29632K)->29139K(29632K) Class: 6272K(6464K)->6272K(6464K)
[535.282s][info][gc             ] GC(1449) Pause Young (Allocation Failure) 285M->84M(365M) 1.522ms
[535.282s][info][gc,cpu         ] GC(1449) User=0.00s Sys=0.00s Real=0.01s
[536.285s][info][gc,start       ] GC(1450) Pause Young (Allocation Failure)
[536.286s][info][gc,heap        ] GC(1450) PSYoungGen: 198720K(199168K)->64K(197632K) Eden: 198656K(198656K)->0K(191488K) From: 64K(512K)->64K(6144K)
[536.286s][info][gc,heap        ] GC(1450) ParOldGen: 86808K(175104K)->86816K(175104K)
[536.286s][info][gc,metaspace   ] GC(1450) Metaspace: 35412K(36096K)->35412K(36096K) NonClass: 29139K(29632K)->29139K(29632K) Class: 6272K(6464K)->6272K(6464K)
[536.286s][info][gc             ] GC(1450) Pause Young (Allocation Failure) 278M->84M(364M) 0.806ms
[536.286s][info][gc,cpu         ] GC(1450) User=0.00s Sys=0.00s Real=0.00s
[536.514s][info][gc,start       ] GC(1451) Pause Young (Allocation Failure)
[536.516s][info][gc,heap        ] GC(1451) PSYoungGen: 191552K(197632K)->64K(185344K) Eden: 191488K(191488K)->0K(184832K) From: 64K(6144K)->64K(512K)
[536.516s][info][gc,heap        ] GC(1451) ParOldGen: 86816K(175104K)->86824K(175104K)
[536.516s][info][gc,metaspace   ] GC(1451) Metaspace: 35412K(36096K)->35412K(36096K) NonClass: 29139K(29632K)->29139K(29632K) Class: 6272K(6464K)->6272K(6464K)
[536.516s][info][gc             ] GC(1451) Pause Young (Allocation Failure) 271M->84M(352M) 1.612ms
[536.516s][info][gc,cpu         ] GC(1451) User=0.01s Sys=0.01s Real=0.00s
[536.873s][info][gc,start       ] GC(1452) Pause Young (Allocation Failure)
[536.874s][info][gc,heap        ] GC(1452) PSYoungGen: 184896K(185344K)->64K(183808K) Eden: 184832K(184832K)->0K(178176K) From: 64K(512K)->64K(5632K)
[536.874s][info][gc,heap        ] GC(1452) ParOldGen: 86824K(175104K)->86832K(175104K)
[536.874s][info][gc,metaspace   ] GC(1452) Metaspace: 35412K(36096K)->35412K(36096K) NonClass: 29139K(29632K)->29139K(29632K) Class: 6272K(6464K)->6272K(6464K)
[536.874s][info][gc             ] GC(1452) Pause Young (Allocation Failure) 265M->84M(350M) 0.998ms
[536.874s][info][gc,cpu         ] GC(1452) User=0.00s Sys=0.00s Real=0.00s
[536.984s][info][gc,start       ] GC(1453) Pause Young (Allocation Failure)
[536.985s][info][gc,heap        ] GC(1453) PSYoungGen: 178240K(183808K)->64K(172544K) Eden: 178176K(178176K)->0K(172032K) From: 64K(5632K)->64K(512K)
[536.985s][info][gc,heap        ] GC(1453) ParOldGen: 86832K(175104K)->86848K(175104K)
[536.985s][info][gc,metaspace   ] GC(1453) Metaspace: 35412K(36096K)->35412K(36096K) NonClass: 29139K(29632K)->29139K(29632K) Class: 6272K(6464K)->6272K(6464K)
[536.985s][info][gc             ] GC(1453) Pause Young (Allocation Failure) 258M->84M(339M) 1.502ms
[536.985s][info][gc,cpu         ] GC(1453) User=0.00s Sys=0.00s Real=0.00s
[537.072s][info][gc,start       ] GC(1454) Pause Young (Allocation Failure)
[537.073s][info][gc,heap        ] GC(1454) PSYoungGen: 172096K(172544K)->64K(171008K) Eden: 172032K(172032K)->0K(166400K) From: 64K(512K)->64K(4608K)
[537.073s][info][gc,heap        ] GC(1454) ParOldGen: 86848K(175104K)->86864K(175104K)
[537.073s][info][gc,metaspace   ] GC(1454) Metaspace: 35412K(36096K)->35412K(36096K) NonClass: 29139K(29632K)->29139K(29632K) Class: 6272K(6464K)->6272K(6464K)
[537.073s][info][gc             ] GC(1454) Pause Young (Allocation Failure) 252M->84M(338M) 0.825ms
[537.073s][info][gc,cpu         ] GC(1454) User=0.00s Sys=0.00s Real=0.00s
[537.565s][info][gc,start       ] GC(1455) Pause Young (Allocation Failure)
[537.566s][info][gc,heap        ] GC(1455) PSYoungGen: 166464K(171008K)->32K(161280K) Eden: 166400K(166400K)->0K(160768K) From: 64K(4608K)->32K(512K)
[537.566s][info][gc,heap        ] GC(1455) ParOldGen: 86864K(175104K)->86872K(175104K)
[537.566s][info][gc,metaspace   ] GC(1455) Metaspace: 35412K(36096K)->35412K(36096K) NonClass: 29139K(29632K)->29139K(29632K) Class: 6272K(6464K)->6272K(6464K)
[537.566s][info][gc             ] GC(1455) Pause Young (Allocation Failure) 247M->84M(328M) 1.714ms
[537.567s][info][gc,cpu         ] GC(1455) User=0.00s Sys=0.00s Real=0.00s
[537.831s][info][gc,start       ] GC(1456) Pause Young (Allocation Failure)
[537.832s][info][gc,heap        ] GC(1456) PSYoungGen: 160800K(161280K)->64K(159744K) Eden: 160768K(160768K)->0K(155648K) From: 32K(512K)->64K(4096K)
[537.832s][info][gc,heap        ] GC(1456) ParOldGen: 86872K(175104K)->86880K(175104K)
[537.832s][info][gc,metaspace   ] GC(1456) Metaspace: 35412K(36096K)->35412K(36096K) NonClass: 29139K(29632K)->29139K(29632K) Class: 6272K(6464K)->6272K(6464K)
[537.832s][info][gc             ] GC(1456) Pause Young (Allocation Failure) 241M->84M(327M) 0.988ms
[537.832s][info][gc,cpu         ] GC(1456) User=0.00s Sys=0.00s Real=0.00s
[538.085s][info][gc,start       ] GC(1457) Pause Young (Allocation Failure)
[538.086s][info][gc,heap        ] GC(1457) PSYoungGen: 155712K(159744K)->64K(151040K) Eden: 155648K(155648K)->0K(150528K) From: 64K(4096K)->64K(512K)
[538.086s][info][gc,heap        ] GC(1457) ParOldGen: 86880K(175104K)->86888K(175104K)
[538.086s][info][gc,metaspace   ] GC(1457) Metaspace: 35412K(36096K)->35412K(36096K) NonClass: 29139K(29632K)->29139K(29632K) Class: 6272K(6464K)->6272K(6464K)
[538.086s][info][gc             ] GC(1457) Pause Young (Allocation Failure) 236M->84M(318M) 1.224ms
[538.086s][info][gc,cpu         ] GC(1457) User=0.00s Sys=0.00s Real=0.00s
[538.361s][info][gc,start       ] GC(1458) Pause Young (Allocation Failure)
[538.384s][info][gc,heap        ] GC(1458) PSYoungGen: 150592K(151040K)->3584K(183296K) Eden: 150528K(150528K)->0K(179712K) From: 64K(512K)->3584K(3584K)
[538.384s][info][gc,heap        ] GC(1458) ParOldGen: 86888K(175104K)->92832K(175104K)
[538.384s][info][gc,metaspace   ] GC(1458) Metaspace: 35412K(36096K)->35412K(36096K) NonClass: 29139K(29632K)->29139K(29632K) Class: 6272K(6464K)->6272K(6464K)
[538.384s][info][gc             ] GC(1458) Pause Young (Allocation Failure) 231M->94M(350M) 22.530ms
[538.384s][info][gc,cpu         ] GC(1458) User=0.04s Sys=0.00s Real=0.02s
[538.621s][info][gc,start       ] GC(1459) Pause Young (Allocation Failure)
[538.664s][info][gc,heap        ] GC(1459) PSYoungGen: 183296K(183296K)->3584K(219136K) Eden: 179712K(179712K)->0K(215552K) From: 3584K(3584K)->3584K(3584K)
[538.664s][info][gc,heap        ] GC(1459) ParOldGen: 92832K(175104K)->108560K(175104K)
[538.664s][info][gc,metaspace   ] GC(1459) Metaspace: 35412K(36096K)->35412K(36096K) NonClass: 29139K(29632K)->29139K(29632K) Class: 6272K(6464K)->6272K(6464K)
[538.664s][info][gc             ] GC(1459) Pause Young (Allocation Failure) 269M->109M(385M) 43.427ms
[538.664s][info][gc,cpu         ] GC(1459) User=0.09s Sys=0.00s Real=0.04s
[538.973s][info][gc,start       ] GC(1460) Pause Young (Allocation Failure)
[539.030s][info][gc,heap        ] GC(1460) PSYoungGen: 219136K(219136K)->12800K(247808K) Eden: 215552K(215552K)->0K(235008K) From: 3584K(3584K)->12800K(12800K)
[539.030s][info][gc,heap        ] GC(1460) ParOldGen: 108560K(175104K)->119208K(175104K)
[539.030s][info][gc,metaspace   ] GC(1460) Metaspace: 35412K(36096K)->35412K(36096K) NonClass: 29139K(29632K)->29139K(29632K) Class: 6272K(6464K)->6272K(6464K)
[539.030s][info][gc             ] GC(1460) Pause Young (Allocation Failure) 320M->128M(413M) 57.515ms
[539.030s][info][gc,cpu         ] GC(1460) User=0.11s Sys=0.00s Real=0.05s
[539.324s][info][gc,start       ] GC(1461) Pause Young (Allocation Failure)
[539.376s][info][gc,heap        ] GC(1461) PSYoungGen: 247808K(247808K)->17504K(274944K) Eden: 235008K(235008K)->0K(255488K) From: 12800K(12800K)->17504K(19456K)
[539.376s][info][gc,heap        ] GC(1461) ParOldGen: 119208K(175104K)->119592K(175104K)
[539.376s][info][gc,metaspace   ] GC(1461) Metaspace: 35412K(36096K)->35412K(36096K) NonClass: 29139K(29632K)->29139K(29632K) Class: 6272K(6464K)->6272K(6464K)
[539.376s][info][gc             ] GC(1461) Pause Young (Allocation Failure) 358M->133M(439M) 51.728ms
[539.376s][info][gc,cpu         ] GC(1461) User=0.08s Sys=0.02s Real=0.05s
[539.553s][info][gc,start       ] GC(1462) Pause Young (Allocation Failure)
[539.554s][info][gc,heap        ] GC(1462) PSYoungGen: 272992K(274944K)->64K(278016K) Eden: 255488K(255488K)->0K(255488K) From: 17504K(19456K)->64K(22528K)
[539.554s][info][gc,heap        ] GC(1462) ParOldGen: 119592K(175104K)->119600K(175104K)
[539.555s][info][gc,metaspace   ] GC(1462) Metaspace: 35412K(36096K)->35412K(36096K) NonClass: 29139K(29632K)->29139K(29632K) Class: 6272K(6464K)->6272K(6464K)
[539.555s][info][gc             ] GC(1462) Pause Young (Allocation Failure) 383M->116M(442M) 1.280ms
[539.555s][info][gc,cpu         ] GC(1462) User=0.01s Sys=0.00s Real=0.00s
[540.375s][info][gc,start       ] GC(1463) Pause Young (Allocation Failure)
[540.376s][info][gc,heap        ] GC(1463) PSYoungGen: 255552K(278016K)->64K(309760K) Eden: 255488K(255488K)->0K(289280K) From: 64K(22528K)->64K(20480K)
[540.376s][info][gc,heap        ] GC(1463) ParOldGen: 119600K(175104K)->119616K(175104K)
[540.376s][info][gc,metaspace   ] GC(1463) Metaspace: 35412K(36096K)->35412K(36096K) NonClass: 29139K(29632K)->29139K(29632K) Class: 6272K(6464K)->6272K(6464K)
[540.376s][info][gc             ] GC(1463) Pause Young (Allocation Failure) 366M->116M(473M) 1.163ms
[540.376s][info][gc,cpu         ] GC(1463) User=0.00s Sys=0.00s Real=0.00s
[540.813s][info][gc,start       ] GC(1464) Pause Young (Allocation Failure)
[540.814s][info][gc,heap        ] GC(1464) PSYoungGen: 289344K(309760K)->64K(310784K) Eden: 289280K(289280K)->0K(289280K) From: 64K(20480K)->64K(21504K)
[540.814s][info][gc,heap        ] GC(1464) ParOldGen: 119616K(175104K)->119616K(175104K)
[540.814s][info][gc,metaspace   ] GC(1464) Metaspace: 35412K(36096K)->35412K(36096K) NonClass: 29139K(29632K)->29139K(29632K) Class: 6272K(6464K)->6272K(6464K)
[540.814s][info][gc             ] GC(1464) Pause Young (Allocation Failure) 399M->116M(474M) 0.906ms
[540.814s][info][gc,cpu         ] GC(1464) User=0.01s Sys=0.00s Real=0.00s
[541.340s][info][gc,start       ] GC(1465) Pause Young (Allocation Failure)
[541.341s][info][gc,heap        ] GC(1465) PSYoungGen: 289344K(310784K)->64K(311296K) Eden: 289280K(289280K)->0K(291840K) From: 64K(21504K)->64K(19456K)
[541.341s][info][gc,heap        ] GC(1465) ParOldGen: 119616K(175104K)->119632K(175104K)
[541.341s][info][gc,metaspace   ] GC(1465) Metaspace: 35412K(36096K)->35412K(36096K) NonClass: 29139K(29632K)->29139K(29632K) Class: 6272K(6464K)->6272K(6464K)
[541.341s][info][gc             ] GC(1465) Pause Young (Allocation Failure) 399M->116M(475M) 0.964ms
[541.341s][info][gc,cpu         ] GC(1465) User=0.00s Sys=0.00s Real=0.01s
[541.642s][info][gc,start       ] GC(1466) Pause Young (Allocation Failure)
[541.643s][info][gc,heap        ] GC(1466) PSYoungGen: 291904K(311296K)->64K(311808K) Eden: 291840K(291840K)->0K(291840K) From: 64K(19456K)->64K(19968K)
[541.643s][info][gc,heap        ] GC(1466) ParOldGen: 119632K(175104K)->119648K(175104K)
[541.643s][info][gc,metaspace   ] GC(1466) Metaspace: 35412K(36096K)->35412K(36096K) NonClass: 29139K(29632K)->29139K(29632K) Class: 6272K(6464K)->6272K(6464K)
[541.643s][info][gc             ] GC(1466) Pause Young (Allocation Failure) 401M->116M(475M) 1.126ms
[541.643s][info][gc,cpu         ] GC(1466) User=0.00s Sys=0.00s Real=0.00s
[541.896s][info][gc,start       ] GC(1467) Pause Young (Allocation Failure)
[541.897s][info][gc,heap        ] GC(1467) PSYoungGen: 291904K(311808K)->64K(312320K) Eden: 291840K(291840K)->0K(294912K) From: 64K(19968K)->64K(17408K)
[541.897s][info][gc,heap        ] GC(1467) ParOldGen: 119648K(175104K)->119648K(175104K)
[541.897s][info][gc,metaspace   ] GC(1467) Metaspace: 35412K(36096K)->35412K(36096K) NonClass: 29139K(29632K)->29139K(29632K) Class: 6272K(6464K)->6272K(6464K)
[541.897s][info][gc             ] GC(1467) Pause Young (Allocation Failure) 401M->116M(476M) 1.046ms
[541.897s][info][gc,cpu         ] GC(1467) User=0.00s Sys=0.00s Real=0.00s
[542.278s][info][gc,start       ] GC(1468) Pause Young (Allocation Failure)
[542.279s][info][gc,heap        ] GC(1468) PSYoungGen: 294976K(312320K)->64K(312832K) Eden: 294912K(294912K)->0K(294912K) From: 64K(17408K)->64K(17920K)
[542.279s][info][gc,heap        ] GC(1468) ParOldGen: 119648K(175104K)->119648K(175104K)
[542.279s][info][gc,metaspace   ] GC(1468) Metaspace: 35412K(36096K)->35412K(36096K) NonClass: 29139K(29632K)->29139K(29632K) Class: 6272K(6464K)->6272K(6464K)
[542.279s][info][gc             ] GC(1468) Pause Young (Allocation Failure) 404M->116M(476M) 0.961ms
[542.279s][info][gc,cpu         ] GC(1468) User=0.00s Sys=0.00s Real=0.00s
[542.335s][info][gc,start       ] GC(1469) Pause Young (Allocation Failure)
[542.335s][info][gc,heap        ] GC(1469) PSYoungGen: 294976K(312832K)->64K(313856K) Eden: 294912K(294912K)->0K(298496K) From: 64K(17920K)->64K(15360K)
[542.335s][info][gc,heap        ] GC(1469) ParOldGen: 119648K(175104K)->119664K(175104K)
[542.335s][info][gc,metaspace   ] GC(1469) Metaspace: 35412K(36096K)->35412K(36096K) NonClass: 29139K(29632K)->29139K(29632K) Class: 6272K(6464K)->6272K(6464K)
[542.335s][info][gc             ] GC(1469) Pause Young (Allocation Failure) 404M->116M(477M) 0.892ms
[542.335s][info][gc,cpu         ] GC(1469) User=0.00s Sys=0.00s Real=0.00s
[542.400s][info][gc,start       ] GC(1470) Pause Young (Allocation Failure)
[542.401s][info][gc,heap        ] GC(1470) PSYoungGen: 298560K(313856K)->64K(314880K) Eden: 298496K(298496K)->0K(298496K) From: 64K(15360K)->64K(16384K)
[542.401s][info][gc,heap        ] GC(1470) ParOldGen: 119664K(175104K)->119664K(175104K)
[542.401s][info][gc,metaspace   ] GC(1470) Metaspace: 35412K(36096K)->35412K(36096K) NonClass: 29139K(29632K)->29139K(29632K) Class: 6272K(6464K)->6272K(6464K)
[542.401s][info][gc             ] GC(1470) Pause Young (Allocation Failure) 408M->116M(478M) 0.940ms
[542.401s][info][gc,cpu         ] GC(1470) User=0.00s Sys=0.00s Real=0.01s
[542.656s][info][gc,start       ] GC(1471) Pause Young (Allocation Failure)
[542.657s][info][gc,heap        ] GC(1471) PSYoungGen: 298560K(314880K)->32K(316416K) Eden: 298496K(298496K)->0K(302080K) From: 64K(16384K)->32K(14336K)
[542.657s][info][gc,heap        ] GC(1471) ParOldGen: 119664K(175104K)->119680K(175104K)
[542.657s][info][gc,metaspace   ] GC(1471) Metaspace: 35412K(36096K)->35412K(36096K) NonClass: 29139K(29632K)->29139K(29632K) Class: 6272K(6464K)->6272K(6464K)
[542.657s][info][gc             ] GC(1471) Pause Young (Allocation Failure) 408M->116M(480M) 1.113ms
[542.657s][info][gc,cpu         ] GC(1471) User=0.00s Sys=0.00s Real=0.00s
[542.901s][info][gc,start       ] GC(1472) Pause Young (Allocation Failure)
[542.902s][info][gc,heap        ] GC(1472) PSYoungGen: 302112K(316416K)->64K(316928K) Eden: 302080K(302080K)->0K(302080K) From: 32K(14336K)->64K(14848K)
[542.902s][info][gc,heap        ] GC(1472) ParOldGen: 119680K(175104K)->119680K(175104K)
[542.902s][info][gc,metaspace   ] GC(1472) Metaspace: 35412K(36096K)->35412K(36096K) NonClass: 29139K(29632K)->29139K(29632K) Class: 6272K(6464K)->6272K(6464K)
[542.902s][info][gc             ] GC(1472) Pause Young (Allocation Failure) 411M->116M(480M) 1.097ms
[542.902s][info][gc,cpu         ] GC(1472) User=0.00s Sys=0.00s Real=0.00s
[543.004s][info][gc,start       ] GC(1473) Pause Young (Allocation Failure)
[543.005s][info][gc,heap        ] GC(1473) PSYoungGen: 302144K(316928K)->64K(317440K) Eden: 302080K(302080K)->0K(305152K) From: 64K(14848K)->64K(12288K)
[543.005s][info][gc,heap        ] GC(1473) ParOldGen: 119680K(175104K)->119696K(175104K)
[543.005s][info][gc,metaspace   ] GC(1473) Metaspace: 35412K(36096K)->35412K(36096K) NonClass: 29139K(29632K)->29139K(29632K) Class: 6272K(6464K)->6272K(6464K)
[543.005s][info][gc             ] GC(1473) Pause Young (Allocation Failure) 411M->116M(481M) 1.088ms
[543.005s][info][gc,cpu         ] GC(1473) User=0.01s Sys=0.00s Real=0.00s
[543.148s][info][gc,start       ] GC(1474) Pause Young (Allocation Failure)
[543.149s][info][gc,heap        ] GC(1474) PSYoungGen: 305216K(317440K)->64K(293376K) Eden: 305152K(305152K)->0K(292864K) From: 64K(12288K)->64K(512K)
[543.149s][info][gc,heap        ] GC(1474) ParOldGen: 119696K(175104K)->119704K(175104K)
[543.149s][info][gc,metaspace   ] GC(1474) Metaspace: 35412K(36096K)->35412K(36096K) NonClass: 29139K(29632K)->29139K(29632K) Class: 6272K(6464K)->6272K(6464K)
[543.149s][info][gc             ] GC(1474) Pause Young (Allocation Failure) 414M->116M(457M) 1.085ms
[543.149s][info][gc,cpu         ] GC(1474) User=0.01s Sys=0.00s Real=0.00s
[543.557s][info][gc,start       ] GC(1475) Pause Young (Allocation Failure)
[543.558s][info][gc,heap        ] GC(1475) PSYoungGen: 292928K(293376K)->64K(281600K) Eden: 292864K(292864K)->0K(281088K) From: 64K(512K)->64K(512K)
[543.558s][info][gc,heap        ] GC(1475) ParOldGen: 119704K(175104K)->119712K(175104K)
[543.558s][info][gc,metaspace   ] GC(1475) Metaspace: 35412K(36096K)->35412K(36096K) NonClass: 29139K(29632K)->29139K(29632K) Class: 6272K(6464K)->6272K(6464K)
[543.558s][info][gc             ] GC(1475) Pause Young (Allocation Failure) 402M->116M(446M) 0.969ms
[543.558s][info][gc,cpu         ] GC(1475) User=0.00s Sys=0.00s Real=0.00s
[544.402s][info][gc,start       ] GC(1476) Pause Young (Allocation Failure)
[544.403s][info][gc,heap        ] GC(1476) PSYoungGen: 281152K(281600K)->83K(281600K) Eden: 281088K(281088K)->0K(270336K) From: 64K(512K)->83K(11264K)
[544.403s][info][gc,heap        ] GC(1476) ParOldGen: 119712K(175104K)->119720K(175104K)
[544.403s][info][gc,metaspace   ] GC(1476) Metaspace: 35412K(36096K)->35412K(36096K) NonClass: 29139K(29632K)->29139K(29632K) Class: 6272K(6464K)->6272K(6464K)
[544.403s][info][gc             ] GC(1476) Pause Young (Allocation Failure) 391M->116M(446M) 0.959ms
[544.403s][info][gc,cpu         ] GC(1476) User=0.00s Sys=0.00s Real=0.00s
[545.438s][info][gc,start       ] GC(1477) Pause Young (Allocation Failure)
[545.440s][info][gc,heap        ] GC(1477) PSYoungGen: 270419K(281600K)->64K(260608K) Eden: 270336K(270336K)->0K(260096K) From: 83K(11264K)->64K(512K)
[545.440s][info][gc,heap        ] GC(1477) ParOldGen: 119720K(175104K)->119728K(175104K)
[545.440s][info][gc,metaspace   ] GC(1477) Metaspace: 35412K(36096K)->35412K(36096K) NonClass: 29139K(29632K)->29139K(29632K) Class: 6272K(6464K)->6272K(6464K)
[545.440s][info][gc             ] GC(1477) Pause Young (Allocation Failure) 380M->116M(425M) 2.056ms
[545.440s][info][gc,cpu         ] GC(1477) User=0.01s Sys=0.00s Real=0.00s
[545.825s][info][gc,start       ] GC(1478) Pause Young (Allocation Failure)
[545.825s][info][gc,heap        ] GC(1478) PSYoungGen: 260160K(260608K)->64K(260096K) Eden: 260096K(260096K)->0K(249856K) From: 64K(512K)->64K(10240K)
[545.825s][info][gc,heap        ] GC(1478) ParOldGen: 119728K(175104K)->119736K(175104K)
[545.825s][info][gc,metaspace   ] GC(1478) Metaspace: 35412K(36096K)->35412K(36096K) NonClass: 29139K(29632K)->29139K(29632K) Class: 6272K(6464K)->6272K(6464K)
[545.825s][info][gc             ] GC(1478) Pause Young (Allocation Failure) 370M->116M(425M) 0.863ms
[545.825s][info][gc,cpu         ] GC(1478) User=0.00s Sys=0.00s Real=0.00s
[546.220s][info][gc,start       ] GC(1479) Pause Young (Allocation Failure)
[546.222s][info][gc,heap        ] GC(1479) PSYoungGen: 249920K(260096K)->64K(240640K) Eden: 249856K(249856K)->0K(240128K) From: 64K(10240K)->64K(512K)
[546.222s][info][gc,heap        ] GC(1479) ParOldGen: 119736K(175104K)->119744K(175104K)
[546.222s][info][gc,metaspace   ] GC(1479) Metaspace: 35412K(36096K)->35412K(36096K) NonClass: 29139K(29632K)->29139K(29632K) Class: 6272K(6464K)->6272K(6464K)
[546.222s][info][gc             ] GC(1479) Pause Young (Allocation Failure) 360M->117M(406M) 1.817ms
[546.222s][info][gc,cpu         ] GC(1479) User=0.00s Sys=0.00s Real=0.01s
[547.314s][info][gc,start       ] GC(1480) Pause Young (Allocation Failure)
[547.315s][info][gc,heap        ] GC(1480) PSYoungGen: 240192K(240640K)->64K(239616K) Eden: 240128K(240128K)->0K(230912K) From: 64K(512K)->64K(8704K)
[547.315s][info][gc,heap        ] GC(1480) ParOldGen: 119744K(175104K)->119752K(175104K)
[547.315s][info][gc,metaspace   ] GC(1480) Metaspace: 35412K(36096K)->35412K(36096K) NonClass: 29139K(29632K)->29139K(29632K) Class: 6272K(6464K)->6272K(6464K)
[547.315s][info][gc             ] GC(1480) Pause Young (Allocation Failure) 351M->117M(405M) 0.839ms
[547.315s][info][gc,cpu         ] GC(1480) User=0.00s Sys=0.00s Real=0.00s
[547.720s][info][gc,start       ] GC(1481) Pause Young (Allocation Failure)
[547.722s][info][gc,heap        ] GC(1481) PSYoungGen: 230976K(239616K)->64K(222720K) Eden: 230912K(230912K)->0K(222208K) From: 64K(8704K)->64K(512K)
[547.722s][info][gc,heap        ] GC(1481) ParOldGen: 119752K(175104K)->119760K(175104K)
[547.722s][info][gc,metaspace   ] GC(1481) Metaspace: 35412K(36096K)->35412K(36096K) NonClass: 29139K(29632K)->29139K(29632K) Class: 6272K(6464K)->6272K(6464K)
[547.722s][info][gc             ] GC(1481) Pause Young (Allocation Failure) 342M->117M(388M) 2.152ms
[547.722s][info][gc,cpu         ] GC(1481) User=0.00s Sys=0.00s Real=0.01s
[547.899s][info][gc,start       ] GC(1482) Pause Young (Allocation Failure)
[547.901s][info][gc,heap        ] GC(1482) PSYoungGen: 222272K(222720K)->32K(221696K) Eden: 222208K(222208K)->0K(214016K) From: 64K(512K)->32K(7680K)
[547.901s][info][gc,heap        ] GC(1482) ParOldGen: 119760K(175104K)->119768K(175104K)
[547.901s][info][gc,metaspace   ] GC(1482) Metaspace: 35412K(36096K)->35412K(36096K) NonClass: 29139K(29632K)->29139K(29632K) Class: 6272K(6464K)->6272K(6464K)
[547.901s][info][gc             ] GC(1482) Pause Young (Allocation Failure) 334M->116M(387M) 1.434ms
[547.901s][info][gc,cpu         ] GC(1482) User=0.01s Sys=0.00s Real=0.01s
[548.019s][info][gc,start       ] GC(1483) Pause Young (Allocation Failure)
[548.021s][info][gc,heap        ] GC(1483) PSYoungGen: 214048K(221696K)->64K(206848K) Eden: 214016K(214016K)->0K(206336K) From: 32K(7680K)->64K(512K)
[548.021s][info][gc,heap        ] GC(1483) ParOldGen: 119768K(175104K)->119776K(175104K)
[548.021s][info][gc,metaspace   ] GC(1483) Metaspace: 35412K(36096K)->35412K(36096K) NonClass: 29139K(29632K)->29139K(29632K) Class: 6272K(6464K)->6272K(6464K)
[548.021s][info][gc             ] GC(1483) Pause Young (Allocation Failure) 325M->117M(373M) 1.969ms
[548.021s][info][gc,cpu         ] GC(1483) User=0.00s Sys=0.00s Real=0.01s
[548.667s][info][gc,start       ] GC(1484) Pause Young (Allocation Failure)
[548.669s][info][gc,heap        ] GC(1484) PSYoungGen: 206400K(206848K)->64K(205312K) Eden: 206336K(206336K)->0K(198656K) From: 64K(512K)->64K(6656K)
[548.669s][info][gc,heap        ] GC(1484) ParOldGen: 119776K(175104K)->119792K(175104K)
[548.669s][info][gc,metaspace   ] GC(1484) Metaspace: 35412K(36096K)->35412K(36096K) NonClass: 29139K(29632K)->29139K(29632K) Class: 6272K(6464K)->6272K(6464K)
[548.669s][info][gc             ] GC(1484) Pause Young (Allocation Failure) 318M->117M(371M) 2.068ms
[548.669s][info][gc,cpu         ] GC(1484) User=0.00s Sys=0.00s Real=0.00s
[548.891s][info][gc,start       ] GC(1485) Pause Young (Allocation Failure)
[548.893s][info][gc,heap        ] GC(1485) PSYoungGen: 198720K(205312K)->64K(192000K) Eden: 198656K(198656K)->0K(191488K) From: 64K(6656K)->64K(512K)
[548.893s][info][gc,heap        ] GC(1485) ParOldGen: 119792K(175104K)->119792K(175104K)
[548.893s][info][gc,metaspace   ] GC(1485) Metaspace: 35412K(36096K)->35412K(36096K) NonClass: 29139K(29632K)->29139K(29632K) Class: 6272K(6464K)->6272K(6464K)
[548.893s][info][gc             ] GC(1485) Pause Young (Allocation Failure) 311M->117M(358M) 2.514ms
[548.893s][info][gc,cpu         ] GC(1485) User=0.00s Sys=0.00s Real=0.01s
[549.264s][info][gc,start       ] GC(1486) Pause Young (Allocation Failure)
[549.287s][info][gc,heap        ] GC(1486) PSYoungGen: 191552K(192000K)->5632K(233472K) Eden: 191488K(191488K)->0K(227840K) From: 64K(512K)->5632K(5632K)
[549.287s][info][gc,heap        ] GC(1486) ParOldGen: 119792K(175104K)->121608K(175104K)
[549.287s][info][gc,metaspace   ] GC(1486) Metaspace: 35412K(36096K)->35412K(36096K) NonClass: 29139K(29632K)->29139K(29632K) Class: 6272K(6464K)->6272K(6464K)
[549.287s][info][gc             ] GC(1486) Pause Young (Allocation Failure) 304M->124M(399M) 22.917ms
[549.287s][info][gc,cpu         ] GC(1486) User=0.04s Sys=0.00s Real=0.02s
[549.600s][info][gc,start       ] GC(1487) Pause Young (Allocation Failure)
[549.646s][info][gc,heap        ] GC(1487) PSYoungGen: 233472K(233472K)->5632K(252416K) Eden: 227840K(227840K)->0K(246784K) From: 5632K(5632K)->5632K(5632K)
[549.646s][info][gc,heap        ] GC(1487) ParOldGen: 121608K(175104K)->140232K(175104K)
[549.646s][info][gc,metaspace   ] GC(1487) Metaspace: 35412K(36096K)->35412K(36096K) NonClass: 29139K(29632K)->29139K(29632K) Class: 6272K(6464K)->6272K(6464K)
[549.646s][info][gc             ] GC(1487) Pause Young (Allocation Failure) 346M->142M(417M) 45.594ms
[549.646s][info][gc,cpu         ] GC(1487) User=0.08s Sys=0.00s Real=0.05s
[549.988s][info][gc,start       ] GC(1488) Pause Young (Allocation Failure)
[550.048s][info][gc,heap        ] GC(1488) PSYoungGen: 252416K(252416K)->15872K(262656K) Eden: 246784K(246784K)->0K(246784K) From: 5632K(5632K)->15872K(15872K)
[550.048s][info][gc,heap        ] GC(1488) ParOldGen: 140232K(175104K)->151232K(175104K)
[550.048s][info][gc,metaspace   ] GC(1488) Metaspace: 35412K(36096K)->35412K(36096K) NonClass: 29139K(29632K)->29139K(29632K) Class: 6272K(6464K)->6272K(6464K)
[550.048s][info][gc             ] GC(1488) Pause Young (Allocation Failure) 383M->163M(427M) 60.115ms
[550.048s][info][gc,cpu         ] GC(1488) User=0.12s Sys=0.00s Real=0.06s
[550.237s][info][gc,start       ] GC(1489) Pause Young (Allocation Failure)
[550.273s][info][gc,heap        ] GC(1489) PSYoungGen: 262656K(262656K)->11200K(309760K) Eden: 246784K(246784K)->0K(286720K) From: 15872K(15872K)->11200K(23040K)
[550.273s][info][gc,heap        ] GC(1489) ParOldGen: 151232K(175104K)->151632K(175104K)
[550.273s][info][gc,metaspace   ] GC(1489) Metaspace: 35412K(36096K)->35412K(36096K) NonClass: 29139K(29632K)->29139K(29632K) Class: 6272K(6464K)->6272K(6464K)
[550.273s][info][gc             ] GC(1489) Pause Young (Allocation Failure) 404M->159M(473M) 36.055ms
[550.273s][info][gc,cpu         ] GC(1489) User=0.06s Sys=0.02s Real=0.04s
[550.743s][info][gc,start       ] GC(1490) Pause Young (Allocation Failure)
[550.744s][info][gc,heap        ] GC(1490) PSYoungGen: 297920K(309760K)->64K(287232K) Eden: 286720K(286720K)->0K(286720K) From: 11200K(23040K)->64K(512K)
[550.744s][info][gc,heap        ] GC(1490) ParOldGen: 151632K(175104K)->151640K(175104K)
[550.744s][info][gc,metaspace   ] GC(1490) Metaspace: 35412K(36096K)->35412K(36096K) NonClass: 29139K(29632K)->29139K(29632K) Class: 6272K(6464K)->6272K(6464K)
[550.744s][info][gc             ] GC(1490) Pause Young (Allocation Failure) 439M->148M(451M) 1.219ms
[550.744s][info][gc,cpu         ] GC(1490) User=0.00s Sys=0.00s Real=0.00s
[551.595s][info][gc,start       ] GC(1491) Pause Young (Allocation Failure)
[551.596s][info][gc,heap        ] GC(1491) PSYoungGen: 286784K(287232K)->64K(310272K) Eden: 286720K(286720K)->0K(287744K) From: 64K(512K)->64K(22528K)
[551.596s][info][gc,heap        ] GC(1491) ParOldGen: 151640K(175104K)->151648K(175104K)
[551.596s][info][gc,metaspace   ] GC(1491) Metaspace: 35413K(36096K)->35413K(36096K) NonClass: 29140K(29632K)->29140K(29632K) Class: 6272K(6464K)->6272K(6464K)
[551.596s][info][gc             ] GC(1491) Pause Young (Allocation Failure) 428M->148M(474M) 0.976ms
[551.596s][info][gc,cpu         ] GC(1491) User=0.00s Sys=0.00s Real=0.00s
[552.111s][info][gc,start       ] GC(1492) Pause Young (Allocation Failure)
[552.112s][info][gc,heap        ] GC(1492) PSYoungGen: 287808K(310272K)->64K(309760K) Eden: 287744K(287744K)->0K(287744K) From: 64K(22528K)->64K(22016K)
[552.112s][info][gc,heap        ] GC(1492) ParOldGen: 151648K(175104K)->151664K(175104K)
[552.112s][info][gc,metaspace   ] GC(1492) Metaspace: 35413K(36096K)->35413K(36096K) NonClass: 29140K(29632K)->29140K(29632K) Class: 6272K(6464K)->6272K(6464K)
[552.112s][info][gc             ] GC(1492) Pause Young (Allocation Failure) 429M->148M(473M) 0.997ms
[552.112s][info][gc,cpu         ] GC(1492) User=0.00s Sys=0.00s Real=0.00s
[552.360s][info][gc,start       ] GC(1493) Pause Young (Allocation Failure)
[552.361s][info][gc,heap        ] GC(1493) PSYoungGen: 287808K(309760K)->64K(310784K) Eden: 287744K(287744K)->0K(290304K) From: 64K(22016K)->64K(20480K)
[552.361s][info][gc,heap        ] GC(1493) ParOldGen: 151664K(175104K)->151680K(175104K)
[552.361s][info][gc,metaspace   ] GC(1493) Metaspace: 35413K(36096K)->35413K(36096K) NonClass: 29140K(29632K)->29140K(29632K) Class: 6272K(6464K)->6272K(6464K)
[552.361s][info][gc             ] GC(1493) Pause Young (Allocation Failure) 429M->148M(474M) 1.016ms
[552.361s][info][gc,cpu         ] GC(1493) User=0.00s Sys=0.00s Real=0.01s
[552.615s][info][gc,start       ] GC(1494) Pause Young (Allocation Failure)
[552.616s][info][gc,heap        ] GC(1494) PSYoungGen: 290368K(310784K)->64K(310784K) Eden: 290304K(290304K)->0K(290304K) From: 64K(20480K)->64K(20480K)
[552.616s][info][gc,heap        ] GC(1494) ParOldGen: 151680K(175104K)->151680K(175104K)
[552.616s][info][gc,metaspace   ] GC(1494) Metaspace: 35413K(36096K)->35413K(36096K) NonClass: 29140K(29632K)->29140K(29632K) Class: 6272K(6464K)->6272K(6464K)
[552.616s][info][gc             ] GC(1494) Pause Young (Allocation Failure) 431M->148M(474M) 0.986ms
[552.616s][info][gc,cpu         ] GC(1494) User=0.00s Sys=0.00s Real=0.00s
[553.062s][info][gc,start       ] GC(1495) Pause Young (Allocation Failure)
[553.063s][info][gc,heap        ] GC(1495) PSYoungGen: 290368K(310784K)->64K(312320K) Eden: 290304K(290304K)->0K(293888K) From: 64K(20480K)->64K(18432K)
[553.063s][info][gc,heap        ] GC(1495) ParOldGen: 151680K(175104K)->151680K(175104K)
[553.063s][info][gc,metaspace   ] GC(1495) Metaspace: 35413K(36096K)->35413K(36096K) NonClass: 29140K(29632K)->29140K(29632K) Class: 6272K(6464K)->6272K(6464K)
[553.063s][info][gc             ] GC(1495) Pause Young (Allocation Failure) 431M->148M(476M) 1.133ms
[553.063s][info][gc,cpu         ] GC(1495) User=0.00s Sys=0.00s Real=0.00s
[553.207s][info][gc,start       ] GC(1496) Pause Young (Allocation Failure)
[553.208s][info][gc,heap        ] GC(1496) PSYoungGen: 293952K(312320K)->32K(312320K) Eden: 293888K(293888K)->0K(293888K) From: 64K(18432K)->32K(18432K)
[553.208s][info][gc,heap        ] GC(1496) ParOldGen: 151680K(175104K)->151696K(175104K)
[553.208s][info][gc,metaspace   ] GC(1496) Metaspace: 35413K(36096K)->35413K(36096K) NonClass: 29140K(29632K)->29140K(29632K) Class: 6272K(6464K)->6272K(6464K)
[553.208s][info][gc             ] GC(1496) Pause Young (Allocation Failure) 435M->148M(476M) 1.288ms
[553.208s][info][gc,cpu         ] GC(1496) User=0.00s Sys=0.00s Real=0.00s
[553.266s][info][gc,start       ] GC(1497) Pause Young (Allocation Failure)
[553.267s][info][gc,heap        ] GC(1497) PSYoungGen: 293920K(312320K)->32K(313856K) Eden: 293888K(293888K)->0K(297472K) From: 32K(18432K)->32K(16384K)
[553.267s][info][gc,heap        ] GC(1497) ParOldGen: 151696K(175104K)->151712K(175104K)
[553.267s][info][gc,metaspace   ] GC(1497) Metaspace: 35413K(36096K)->35413K(36096K) NonClass: 29140K(29632K)->29140K(29632K) Class: 6272K(6464K)->6272K(6464K)
[553.267s][info][gc             ] GC(1497) Pause Young (Allocation Failure) 435M->148M(477M) 1.408ms
[553.267s][info][gc,cpu         ] GC(1497) User=0.01s Sys=0.00s Real=0.00s
[553.415s][info][gc,start       ] GC(1498) Pause Young (Allocation Failure)
[553.417s][info][gc,heap        ] GC(1498) PSYoungGen: 297504K(313856K)->64K(314368K) Eden: 297472K(297472K)->0K(297472K) From: 32K(16384K)->64K(16896K)
[553.417s][info][gc,heap        ] GC(1498) ParOldGen: 151712K(175104K)->151712K(175104K)
[553.417s][info][gc,metaspace   ] GC(1498) Metaspace: 35413K(36096K)->35413K(36096K) NonClass: 29140K(29632K)->29140K(29632K) Class: 6272K(6464K)->6272K(6464K)
[553.417s][info][gc             ] GC(1498) Pause Young (Allocation Failure) 438M->148M(478M) 1.686ms
[553.417s][info][gc,cpu         ] GC(1498) User=0.00s Sys=0.00s Real=0.00s
[553.673s][info][gc,start       ] GC(1499) Pause Young (Allocation Failure)
[553.675s][info][gc,heap        ] GC(1499) PSYoungGen: 297536K(314368K)->64K(315392K) Eden: 297472K(297472K)->0K(301056K) From: 64K(16896K)->64K(14336K)
[553.675s][info][gc,heap        ] GC(1499) ParOldGen: 151712K(175104K)->151728K(175104K)
[553.675s][info][gc,metaspace   ] GC(1499) Metaspace: 35413K(36096K)->35413K(36096K) NonClass: 29140K(29632K)->29140K(29632K) Class: 6272K(6464K)->6272K(6464K)
[553.675s][info][gc             ] GC(1499) Pause Young (Allocation Failure) 438M->148M(479M) 2.074ms
[553.675s][info][gc,cpu         ] GC(1499) User=0.00s Sys=0.00s Real=0.00s
[553.864s][info][gc,start       ] GC(1500) Pause Young (Allocation Failure)
[553.866s][info][gc,heap        ] GC(1500) PSYoungGen: 301120K(315392K)->32K(315904K) Eden: 301056K(301056K)->0K(301056K) From: 64K(14336K)->32K(14848K)
[553.866s][info][gc,heap        ] GC(1500) ParOldGen: 151728K(175104K)->151736K(175104K)
[553.866s][info][gc,metaspace   ] GC(1500) Metaspace: 35414K(36096K)->35414K(36096K) NonClass: 29141K(29632K)->29141K(29632K) Class: 6272K(6464K)->6272K(6464K)
[553.866s][info][gc             ] GC(1500) Pause Young (Allocation Failure) 442M->148M(479M) 1.995ms
[553.866s][info][gc,cpu         ] GC(1500) User=0.01s Sys=0.00s Real=0.00s
[553.959s][info][gc,start       ] GC(1501) Pause Young (Allocation Failure)
[553.960s][info][gc,heap        ] GC(1501) PSYoungGen: 301088K(315904K)->32K(316928K) Eden: 301056K(301056K)->0K(304640K) From: 32K(14848K)->32K(12288K)
[553.960s][info][gc,heap        ] GC(1501) ParOldGen: 151736K(175104K)->151752K(175104K)
[553.960s][info][gc,metaspace   ] GC(1501) Metaspace: 35414K(36096K)->35414K(36096K) NonClass: 29141K(29632K)->29141K(29632K) Class: 6272K(6464K)->6272K(6464K)
[553.960s][info][gc             ] GC(1501) Pause Young (Allocation Failure) 442M->148M(480M) 1.222ms
[553.960s][info][gc,cpu         ] GC(1501) User=0.00s Sys=0.00s Real=0.00s
[554.157s][info][gc,start       ] GC(1502) Pause Young (Allocation Failure)
[554.158s][info][gc,heap        ] GC(1502) PSYoungGen: 304672K(316928K)->64K(317952K) Eden: 304640K(304640K)->0K(304640K) From: 32K(12288K)->64K(13312K)
[554.158s][info][gc,heap        ] GC(1502) ParOldGen: 151752K(175104K)->151752K(175104K)
[554.158s][info][gc,metaspace   ] GC(1502) Metaspace: 35414K(36096K)->35414K(36096K) NonClass: 29141K(29632K)->29141K(29632K) Class: 6272K(6464K)->6272K(6464K)
[554.159s][info][gc             ] GC(1502) Pause Young (Allocation Failure) 445M->148M(481M) 1.282ms
[554.159s][info][gc,cpu         ] GC(1502) User=0.00s Sys=0.00s Real=0.00s
[555.403s][info][gc,start       ] GC(1503) Pause Young (Allocation Failure)
[555.405s][info][gc,heap        ] GC(1503) PSYoungGen: 304702K(317952K)->64K(292864K) Eden: 304638K(304640K)->0K(292352K) From: 64K(13312K)->64K(512K)
[555.405s][info][gc,heap        ] GC(1503) ParOldGen: 151752K(175104K)->151760K(175104K)
[555.405s][info][gc,metaspace   ] GC(1503) Metaspace: 35414K(36096K)->35414K(36096K) NonClass: 29141K(29632K)->29141K(29632K) Class: 6272K(6464K)->6272K(6464K)
[555.405s][info][gc             ] GC(1503) Pause Young (Allocation Failure) 445M->148M(457M) 1.360ms
[555.405s][info][gc,cpu         ] GC(1503) User=0.00s Sys=0.00s Real=0.00s
[556.420s][info][gc,start       ] GC(1504) Pause Young (Allocation Failure)
[556.421s][info][gc,heap        ] GC(1504) PSYoungGen: 292416K(292864K)->64K(292352K) Eden: 292352K(292352K)->0K(280576K) From: 64K(512K)->64K(11776K)
[556.421s][info][gc,heap        ] GC(1504) ParOldGen: 151760K(175104K)->151776K(175104K)
[556.421s][info][gc,metaspace   ] GC(1504) Metaspace: 35414K(36096K)->35414K(36096K) NonClass: 29141K(29632K)->29141K(29632K) Class: 6272K(6464K)->6272K(6464K)
[556.421s][info][gc             ] GC(1504) Pause Young (Allocation Failure) 433M->148M(456M) 1.230ms
[556.421s][info][gc,cpu         ] GC(1504) User=0.00s Sys=0.00s Real=0.01s
[556.650s][info][gc,start       ] GC(1505) Pause Young (Allocation Failure)
[556.653s][info][gc,heap        ] GC(1505) PSYoungGen: 280640K(292352K)->32K(270336K) Eden: 280576K(280576K)->0K(269824K) From: 64K(11776K)->32K(512K)
[556.653s][info][gc,heap        ] GC(1505) ParOldGen: 151776K(175104K)->151784K(175104K)
[556.653s][info][gc,metaspace   ] GC(1505) Metaspace: 35414K(36096K)->35414K(36096K) NonClass: 29141K(29632K)->29141K(29632K) Class: 6272K(6464K)->6272K(6464K)
[556.653s][info][gc             ] GC(1505) Pause Young (Allocation Failure) 422M->148M(435M) 2.757ms
[556.653s][info][gc,cpu         ] GC(1505) User=0.01s Sys=0.00s Real=0.01s
[557.143s][info][gc,start       ] GC(1506) Pause Young (Allocation Failure)
[557.146s][info][gc,heap        ] GC(1506) PSYoungGen: 269856K(270336K)->64K(269824K) Eden: 269824K(269824K)->0K(259584K) From: 32K(512K)->64K(10240K)
[557.146s][info][gc,heap        ] GC(1506) ParOldGen: 151784K(175104K)->151792K(175104K)
[557.146s][info][gc,metaspace   ] GC(1506) Metaspace: 35414K(36096K)->35414K(36096K) NonClass: 29141K(29632K)->29141K(29632K) Class: 6272K(6464K)->6272K(6464K)
[557.146s][info][gc             ] GC(1506) Pause Young (Allocation Failure) 411M->148M(434M) 2.499ms
[557.146s][info][gc,cpu         ] GC(1506) User=0.00s Sys=0.01s Real=0.00s
[558.237s][info][gc,start       ] GC(1507) Pause Young (Allocation Failure)
[558.240s][info][gc,heap        ] GC(1507) PSYoungGen: 259648K(269824K)->64K(250368K) Eden: 259584K(259584K)->0K(249856K) From: 64K(10240K)->64K(512K)
[558.240s][info][gc,heap        ] GC(1507) ParOldGen: 151792K(175104K)->151808K(175104K)
[558.240s][info][gc,metaspace   ] GC(1507) Metaspace: 35414K(36096K)->35414K(36096K) NonClass: 29141K(29632K)->29141K(29632K) Class: 6272K(6464K)->6272K(6464K)
[558.240s][info][gc             ] GC(1507) Pause Young (Allocation Failure) 401M->148M(415M) 3.074ms
[558.240s][info][gc,cpu         ] GC(1507) User=0.00s Sys=0.00s Real=0.00s
[558.708s][info][gc,start       ] GC(1508) Pause Young (Allocation Failure)
[558.709s][info][gc,heap        ] GC(1508) PSYoungGen: 249920K(250368K)->64K(248832K) Eden: 249856K(249856K)->0K(240128K) From: 64K(512K)->64K(8704K)
[558.709s][info][gc,heap        ] GC(1508) ParOldGen: 151808K(175104K)->151816K(175104K)
[558.709s][info][gc,metaspace   ] GC(1508) Metaspace: 35414K(36096K)->35414K(36096K) NonClass: 29141K(29632K)->29141K(29632K) Class: 6272K(6464K)->6272K(6464K)
[558.709s][info][gc             ] GC(1508) Pause Young (Allocation Failure) 392M->148M(414M) 1.463ms
[558.709s][info][gc,cpu         ] GC(1508) User=0.00s Sys=0.00s Real=0.00s
[558.924s][info][gc,start       ] GC(1509) Pause Young (Allocation Failure)
[558.926s][info][gc,heap        ] GC(1509) PSYoungGen: 240192K(248832K)->64K(231424K) Eden: 240128K(240128K)->0K(230912K) From: 64K(8704K)->64K(512K)
[558.926s][info][gc,heap        ] GC(1509) ParOldGen: 151816K(175104K)->151824K(175104K)
[558.926s][info][gc,metaspace   ] GC(1509) Metaspace: 35414K(36096K)->35414K(36096K) NonClass: 29141K(29632K)->29141K(29632K) Class: 6272K(6464K)->6272K(6464K)
[558.926s][info][gc             ] GC(1509) Pause Young (Allocation Failure) 382M->148M(397M) 2.463ms
[558.926s][info][gc,cpu         ] GC(1509) User=0.00s Sys=0.00s Real=0.00s
[559.039s][info][gc,start       ] GC(1510) Pause Young (Allocation Failure)
[559.040s][info][gc,heap        ] GC(1510) PSYoungGen: 230976K(231424K)->64K(229888K) Eden: 230912K(230912K)->0K(222208K) From: 64K(512K)->64K(7680K)
[559.040s][info][gc,heap        ] GC(1510) ParOldGen: 151824K(175104K)->151832K(175104K)
[559.041s][info][gc,metaspace   ] GC(1510) Metaspace: 35414K(36096K)->35414K(36096K) NonClass: 29141K(29632K)->29141K(29632K) Class: 6272K(6464K)->6272K(6464K)
[559.041s][info][gc             ] GC(1510) Pause Young (Allocation Failure) 373M->148M(395M) 1.977ms
[559.041s][info][gc,cpu         ] GC(1510) User=0.01s Sys=0.00s Real=0.00s
[559.769s][info][gc,start       ] GC(1511) Pause Young (Allocation Failure)
[559.772s][info][gc,heap        ] GC(1511) PSYoungGen: 222272K(229888K)->64K(214528K) Eden: 222208K(222208K)->0K(214016K) From: 64K(7680K)->64K(512K)
[559.772s][info][gc,heap        ] GC(1511) ParOldGen: 151832K(175104K)->151848K(175104K)
[559.772s][info][gc,metaspace   ] GC(1511) Metaspace: 35414K(36096K)->35414K(36096K) NonClass: 29141K(29632K)->29141K(29632K) Class: 6272K(6464K)->6272K(6464K)
[559.772s][info][gc             ] GC(1511) Pause Young (Allocation Failure) 365M->148M(380M) 3.409ms
[559.772s][info][gc,cpu         ] GC(1511) User=0.00s Sys=0.00s Real=0.01s
[560.023s][info][gc,start       ] GC(1512) Pause Young (Allocation Failure)
[560.025s][info][gc,heap        ] GC(1512) PSYoungGen: 214080K(214528K)->64K(212992K) Eden: 214016K(214016K)->0K(206336K) From: 64K(512K)->64K(6656K)
[560.026s][info][gc,heap        ] GC(1512) ParOldGen: 151848K(175104K)->151864K(175104K)
[560.026s][info][gc,metaspace   ] GC(1512) Metaspace: 35414K(36096K)->35414K(36096K) NonClass: 29141K(29632K)->29141K(29632K) Class: 6272K(6464K)->6272K(6464K)
[560.026s][info][gc             ] GC(1512) Pause Young (Allocation Failure) 357M->148M(379M) 2.609ms
[560.026s][info][gc,cpu         ] GC(1512) User=0.00s Sys=0.00s Real=0.00s
[560.416s][info][gc,start       ] GC(1513) Pause Young (Allocation Failure)
[560.445s][info][gc,heap        ] GC(1513) PSYoungGen: 206400K(212992K)->6144K(252416K) Eden: 206336K(206336K)->0K(246272K) From: 64K(6656K)->6144K(6144K)
[560.445s][info][gc,heap        ] GC(1513) ParOldGen: 151864K(175104K)->156752K(175104K)
[560.445s][info][gc,metaspace   ] GC(1513) Metaspace: 35414K(36096K)->35414K(36096K) NonClass: 29141K(29632K)->29141K(29632K) Class: 6272K(6464K)->6272K(6464K)
[560.445s][info][gc             ] GC(1513) Pause Young (Allocation Failure) 349M->159M(417M) 29.248ms
[560.445s][info][gc,cpu         ] GC(1513) User=0.05s Sys=0.00s Real=0.03s
[560.785s][info][gc,start       ] GC(1514) Pause Young (Allocation Failure)
[560.841s][info][gc,heap        ] GC(1514) PSYoungGen: 252416K(252416K)->9728K(277504K) Eden: 246272K(246272K)->0K(267776K) From: 6144K(6144K)->9728K(9728K)
[560.841s][info][gc,heap        ] GC(1514) ParOldGen: 156752K(175104K)->173344K(175104K)
[560.841s][info][gc,metaspace   ] GC(1514) Metaspace: 35414K(36096K)->35414K(36096K) NonClass: 29141K(29632K)->29141K(29632K) Class: 6272K(6464K)->6272K(6464K)
[560.841s][info][gc             ] GC(1514) Pause Young (Allocation Failure) 399M->178M(442M) 56.507ms
[560.841s][info][gc,cpu         ] GC(1514) User=0.11s Sys=0.00s Real=0.06s
[561.196s][info][gc,start       ] GC(1515) Pause Young (Allocation Failure)
[561.281s][info][gc,heap        ] GC(1515) PSYoungGen: 277504K(277504K)->17920K(300544K) Eden: 267776K(267776K)->0K(282624K) From: 9728K(9728K)->17920K(17920K)
[561.281s][info][gc,heap        ] GC(1515) ParOldGen: 173344K(175104K)->184432K(184832K)
[561.281s][info][gc,metaspace   ] GC(1515) Metaspace: 35414K(36096K)->35414K(36096K) NonClass: 29141K(29632K)->29141K(29632K) Class: 6272K(6464K)->6272K(6464K)
[561.281s][info][gc             ] GC(1515) Pause Young (Allocation Failure) 440M->197M(474M) 84.773ms
[561.281s][info][gc,cpu         ] GC(1515) User=0.14s Sys=0.03s Real=0.09s
[561.407s][info][gc,start       ] GC(1516) Pause Young (Allocation Failure)
[561.421s][info][gc,heap        ] GC(1516) PSYoungGen: 300544K(300544K)->3424K(308224K) Eden: 282624K(282624K)->0K(282624K) From: 17920K(17920K)->3424K(25600K)
[561.421s][info][gc,heap        ] GC(1516) ParOldGen: 184432K(184832K)->184832K(185344K)
[561.421s][info][gc,metaspace   ] GC(1516) Metaspace: 35414K(36096K)->35414K(36096K) NonClass: 29141K(29632K)->29141K(29632K) Class: 6272K(6464K)->6272K(6464K)
[561.421s][info][gc             ] GC(1516) Pause Young (Allocation Failure) 473M->183M(482M) 14.684ms
[561.421s][info][gc,cpu         ] GC(1516) User=0.03s Sys=0.00s Real=0.02s
[562.082s][info][gc,start       ] GC(1517) Pause Young (Allocation Failure)
[562.083s][info][gc,heap        ] GC(1517) PSYoungGen: 286048K(308224K)->32K(305152K) Eden: 282624K(282624K)->0K(283648K) From: 3424K(25600K)->32K(21504K)
[562.083s][info][gc,heap        ] GC(1517) ParOldGen: 184832K(185344K)->184848K(185344K)
[562.083s][info][gc,metaspace   ] GC(1517) Metaspace: 35414K(36096K)->35414K(36096K) NonClass: 29141K(29632K)->29141K(29632K) Class: 6272K(6464K)->6272K(6464K)
[562.083s][info][gc             ] GC(1517) Pause Young (Allocation Failure) 459M->180M(479M) 1.424ms
[562.083s][info][gc,cpu         ] GC(1517) User=0.00s Sys=0.00s Real=0.00s
[562.607s][info][gc,start       ] GC(1518) Pause Young (Allocation Failure)
[562.608s][info][gc,heap        ] GC(1518) PSYoungGen: 283680K(305152K)->64K(307200K) Eden: 283648K(283648K)->0K(283648K) From: 32K(21504K)->64K(23552K)
[562.608s][info][gc,heap        ] GC(1518) ParOldGen: 184848K(185344K)->184864K(185344K)
[562.608s][info][gc,metaspace   ] GC(1518) Metaspace: 35414K(36096K)->35414K(36096K) NonClass: 29141K(29632K)->29141K(29632K) Class: 6272K(6464K)->6272K(6464K)
[562.608s][info][gc             ] GC(1518) Pause Young (Allocation Failure) 457M->180M(481M) 1.434ms
[562.608s][info][gc,cpu         ] GC(1518) User=0.00s Sys=0.00s Real=0.00s
[563.098s][info][gc,start       ] GC(1519) Pause Young (Allocation Failure)
[563.100s][info][gc,heap        ] GC(1519) PSYoungGen: 283712K(307200K)->32K(307712K) Eden: 283648K(283648K)->0K(287232K) From: 64K(23552K)->32K(20480K)
[563.100s][info][gc,heap        ] GC(1519) ParOldGen: 184864K(185344K)->184880K(185344K)
[563.100s][info][gc,metaspace   ] GC(1519) Metaspace: 35414K(36096K)->35414K(36096K) NonClass: 29141K(29632K)->29141K(29632K) Class: 6272K(6464K)->6272K(6464K)
[563.100s][info][gc             ] GC(1519) Pause Young (Allocation Failure) 457M->180M(481M) 1.493ms
[563.100s][info][gc,cpu         ] GC(1519) User=0.00s Sys=0.00s Real=0.00s
[563.348s][info][gc,start       ] GC(1520) Pause Young (Allocation Failure)
[563.350s][info][gc,heap        ] GC(1520) PSYoungGen: 287264K(307712K)->64K(309248K) Eden: 287232K(287232K)->0K(287232K) From: 32K(20480K)->64K(22016K)
[563.350s][info][gc,heap        ] GC(1520) ParOldGen: 184880K(185344K)->184896K(185344K)
[563.350s][info][gc,metaspace   ] GC(1520) Metaspace: 35414K(36096K)->35414K(36096K) NonClass: 29141K(29632K)->29141K(29632K) Class: 6272K(6464K)->6272K(6464K)
[563.350s][info][gc             ] GC(1520) Pause Young (Allocation Failure) 461M->180M(483M) 1.444ms
[563.350s][info][gc,cpu         ] GC(1520) User=0.00s Sys=0.00s Real=0.00s
[563.599s][info][gc,start       ] GC(1521) Pause Young (Allocation Failure)
[563.600s][info][gc,heap        ] GC(1521) PSYoungGen: 287296K(309248K)->64K(309248K) Eden: 287232K(287232K)->0K(290816K) From: 64K(22016K)->64K(18432K)
[563.600s][info][gc,heap        ] GC(1521) ParOldGen: 184896K(185344K)->184896K(185344K)
[563.600s][info][gc,metaspace   ] GC(1521) Metaspace: 35414K(36096K)->35414K(36096K) NonClass: 29141K(29632K)->29141K(29632K) Class: 6272K(6464K)->6272K(6464K)
[563.600s][info][gc             ] GC(1521) Pause Young (Allocation Failure) 461M->180M(483M) 1.395ms
[563.600s][info][gc,cpu         ] GC(1521) User=0.00s Sys=0.00s Real=0.00s
[564.033s][info][gc,start       ] GC(1522) Pause Young (Allocation Failure)
[564.035s][info][gc,heap        ] GC(1522) PSYoungGen: 290880K(309248K)->64K(310784K) Eden: 290816K(290816K)->0K(290816K) From: 64K(18432K)->64K(19968K)
[564.035s][info][gc,heap        ] GC(1522) ParOldGen: 184896K(185344K)->184896K(185344K)
[564.035s][info][gc,metaspace   ] GC(1522) Metaspace: 35414K(36096K)->35414K(36096K) NonClass: 29141K(29632K)->29141K(29632K) Class: 6272K(6464K)->6272K(6464K)
[564.035s][info][gc             ] GC(1522) Pause Young (Allocation Failure) 464M->180M(484M) 1.437ms
[564.035s][info][gc,cpu         ] GC(1522) User=0.00s Sys=0.00s Real=0.00s
[564.092s][info][gc,start       ] GC(1523) Pause Young (Allocation Failure)
[564.093s][info][gc,heap        ] GC(1523) PSYoungGen: 290879K(310784K)->32K(311296K) Eden: 290815K(290816K)->0K(294912K) From: 64K(19968K)->32K(16384K)
[564.093s][info][gc,heap        ] GC(1523) ParOldGen: 184896K(185344K)->184912K(185344K)
[564.093s][info][gc,metaspace   ] GC(1523) Metaspace: 35414K(36096K)->35414K(36096K) NonClass: 29141K(29632K)->29141K(29632K) Class: 6272K(6464K)->6272K(6464K)
[564.093s][info][gc             ] GC(1523) Pause Young (Allocation Failure) 464M->180M(485M) 1.315ms
[564.093s][info][gc,cpu         ] GC(1523) User=0.00s Sys=0.00s Real=0.00s
[564.153s][info][gc,start       ] GC(1524) Pause Young (Allocation Failure)
[564.155s][info][gc,heap        ] GC(1524) PSYoungGen: 294944K(311296K)->64K(312832K) Eden: 294912K(294912K)->0K(294912K) From: 32K(16384K)->64K(17920K)
[564.155s][info][gc,heap        ] GC(1524) ParOldGen: 184912K(185344K)->184912K(185344K)
[564.155s][info][gc,metaspace   ] GC(1524) Metaspace: 35414K(36096K)->35414K(36096K) NonClass: 29141K(29632K)->29141K(29632K) Class: 6272K(6464K)->6272K(6464K)
[564.155s][info][gc             ] GC(1524) Pause Young (Allocation Failure) 468M->180M(486M) 1.323ms
[564.155s][info][gc,cpu         ] GC(1524) User=0.00s Sys=0.00s Real=0.00s
[564.358s][info][gc,start       ] GC(1525) Pause Young (Allocation Failure)
[564.360s][info][gc,heap        ] GC(1525) PSYoungGen: 294976K(312832K)->64K(314368K) Eden: 294912K(294912K)->0K(299008K) From: 64K(17920K)->64K(15360K)
[564.360s][info][gc,heap        ] GC(1525) ParOldGen: 184912K(185344K)->184912K(185344K)
[564.360s][info][gc,metaspace   ] GC(1525) Metaspace: 35414K(36096K)->35414K(36096K) NonClass: 29141K(29632K)->29141K(29632K) Class: 6272K(6464K)->6272K(6464K)
[564.360s][info][gc             ] GC(1525) Pause Young (Allocation Failure) 468M->180M(488M) 1.393ms
[564.360s][info][gc,cpu         ] GC(1525) User=0.00s Sys=0.00s Real=0.00s
[564.609s][info][gc,start       ] GC(1526) Pause Young (Allocation Failure)
[564.610s][info][gc,heap        ] GC(1526) PSYoungGen: 299072K(314368K)->64K(315392K) Eden: 299008K(299008K)->0K(299008K) From: 64K(15360K)->64K(16384K)
[564.610s][info][gc,heap        ] GC(1526) ParOldGen: 184912K(185344K)->184928K(185344K)
[564.610s][info][gc,metaspace   ] GC(1526) Metaspace: 35414K(36096K)->35414K(36096K) NonClass: 29141K(29632K)->29141K(29632K) Class: 6272K(6464K)->6272K(6464K)
[564.610s][info][gc             ] GC(1526) Pause Young (Allocation Failure) 472M->180M(489M) 1.432ms
[564.610s][info][gc,cpu         ] GC(1526) User=0.00s Sys=0.00s Real=0.00s
[564.749s][info][gc,start       ] GC(1527) Pause Young (Allocation Failure)
[564.751s][info][gc,heap        ] GC(1527) PSYoungGen: 299072K(315392K)->64K(315392K) Eden: 299008K(299008K)->0K(302080K) From: 64K(16384K)->64K(13312K)
[564.751s][info][gc,heap        ] GC(1527) ParOldGen: 184928K(185344K)->184944K(185344K)
[564.751s][info][gc,metaspace   ] GC(1527) Metaspace: 35414K(36096K)->35414K(36096K) NonClass: 29141K(29632K)->29141K(29632K) Class: 6272K(6464K)->6272K(6464K)
[564.751s][info][gc             ] GC(1527) Pause Young (Allocation Failure) 472M->180M(489M) 1.490ms
[564.751s][info][gc,cpu         ] GC(1527) User=0.01s Sys=0.00s Real=0.01s
[564.861s][info][gc,start       ] GC(1528) Pause Young (Allocation Failure)
[564.862s][info][gc,heap        ] GC(1528) PSYoungGen: 302144K(315392K)->32K(316416K) Eden: 302080K(302080K)->0K(302080K) From: 64K(13312K)->32K(14336K)
[564.862s][info][gc,heap        ] GC(1528) ParOldGen: 184944K(185344K)->184952K(185344K)
[564.862s][info][gc,metaspace   ] GC(1528) Metaspace: 35414K(36096K)->35414K(36096K) NonClass: 29141K(29632K)->29141K(29632K) Class: 6272K(6464K)->6272K(6464K)
[564.862s][info][gc             ] GC(1528) Pause Young (Allocation Failure) 475M->180M(490M) 1.339ms
[564.862s][info][gc,cpu         ] GC(1528) User=0.01s Sys=0.00s Real=0.00s
[565.065s][info][gc,start       ] GC(1529) Pause Young (Allocation Failure)
[565.066s][info][gc,heap        ] GC(1529) PSYoungGen: 302112K(316416K)->64K(318464K) Eden: 302080K(302080K)->0K(306176K) From: 32K(14336K)->64K(12288K)
[565.066s][info][gc,heap        ] GC(1529) ParOldGen: 184952K(185344K)->184968K(185344K)
[565.066s][info][gc,metaspace   ] GC(1529) Metaspace: 35414K(36096K)->35414K(36096K) NonClass: 29141K(29632K)->29141K(29632K) Class: 6272K(6464K)->6272K(6464K)
[565.066s][info][gc             ] GC(1529) Pause Young (Allocation Failure) 475M->180M(492M) 1.423ms
[565.066s][info][gc,cpu         ] GC(1529) User=0.00s Sys=0.00s Real=0.00s
[566.191s][info][gc,start       ] GC(1530) Pause Young (Allocation Failure)
[566.194s][info][gc,heap        ] GC(1530) PSYoungGen: 306240K(318464K)->83K(294400K) Eden: 306176K(306176K)->0K(293888K) From: 64K(12288K)->83K(512K)
[566.194s][info][gc,heap        ] GC(1530) ParOldGen: 184968K(185344K)->184976K(185344K)
[566.194s][info][gc,metaspace   ] GC(1530) Metaspace: 35414K(36096K)->35414K(36096K) NonClass: 29141K(29632K)->29141K(29632K) Class: 6272K(6464K)->6272K(6464K)
[566.194s][info][gc             ] GC(1530) Pause Young (Allocation Failure) 479M->180M(468M) 3.065ms
[566.194s][info][gc,cpu         ] GC(1530) User=0.00s Sys=0.00s Real=0.00s
[567.212s][info][gc,start       ] GC(1531) Pause Young (Allocation Failure)
[567.215s][info][gc,heap        ] GC(1531) PSYoungGen: 293971K(294400K)->32K(282624K) Eden: 293888K(293888K)->0K(282112K) From: 83K(512K)->32K(512K)
[567.215s][info][gc,heap        ] GC(1531) ParOldGen: 184976K(185344K)->184984K(185344K)
[567.215s][info][gc,metaspace   ] GC(1531) Metaspace: 35414K(36096K)->35414K(36096K) NonClass: 29141K(29632K)->29141K(29632K) Class: 6272K(6464K)->6272K(6464K)
[567.215s][info][gc             ] GC(1531) Pause Young (Allocation Failure) 467M->180M(457M) 2.316ms
[567.215s][info][gc,cpu         ] GC(1531) User=0.00s Sys=0.00s Real=0.00s
[567.608s][info][gc,start       ] GC(1532) Pause Young (Allocation Failure)
[567.609s][info][gc,heap        ] GC(1532) PSYoungGen: 282144K(282624K)->64K(282112K) Eden: 282112K(282112K)->0K(270848K) From: 32K(512K)->64K(11264K)
[567.609s][info][gc,heap        ] GC(1532) ParOldGen: 184984K(185344K)->185000K(185344K)
[567.609s][info][gc,metaspace   ] GC(1532) Metaspace: 35414K(36096K)->35414K(36096K) NonClass: 29141K(29632K)->29141K(29632K) Class: 6272K(6464K)->6272K(6464K)
[567.609s][info][gc             ] GC(1532) Pause Young (Allocation Failure) 456M->180M(456M) 1.235ms
[567.609s][info][gc,cpu         ] GC(1532) User=0.01s Sys=0.00s Real=0.00s
[568.042s][info][gc,start       ] GC(1533) Pause Young (Allocation Failure)
[568.044s][info][gc,heap        ] GC(1533) PSYoungGen: 270912K(282112K)->64K(260608K) Eden: 270848K(270848K)->0K(260096K) From: 64K(11264K)->64K(512K)
[568.044s][info][gc,heap        ] GC(1533) ParOldGen: 185000K(185344K)->185016K(185344K)
[568.044s][info][gc,metaspace   ] GC(1533) Metaspace: 35414K(36096K)->35414K(36096K) NonClass: 29141K(29632K)->29141K(29632K) Class: 6272K(6464K)->6272K(6464K)
[568.044s][info][gc             ] GC(1533) Pause Young (Allocation Failure) 445M->180M(435M) 2.514ms
[568.044s][info][gc,cpu         ] GC(1533) User=0.00s Sys=0.01s Real=0.00s
[569.159s][info][gc,start       ] GC(1534) Pause Young (Allocation Failure)
[569.162s][info][gc,heap        ] GC(1534) PSYoungGen: 260160K(260608K)->64K(259584K) Eden: 260096K(260096K)->0K(249856K) From: 64K(512K)->64K(9728K)
[569.162s][info][gc,heap        ] GC(1534) ParOldGen: 185016K(185344K)->185032K(185344K)
[569.162s][info][gc,metaspace   ] GC(1534) Metaspace: 35414K(36096K)->35414K(36096K) NonClass: 29141K(29632K)->29141K(29632K) Class: 6272K(6464K)->6272K(6464K)
[569.162s][info][gc             ] GC(1534) Pause Young (Allocation Failure) 434M->180M(434M) 2.559ms
[569.162s][info][gc,cpu         ] GC(1534) User=0.00s Sys=0.00s Real=0.01s
[569.561s][info][gc,start       ] GC(1535) Pause Young (Allocation Failure)
[569.564s][info][gc,heap        ] GC(1535) PSYoungGen: 249920K(259584K)->64K(240640K) Eden: 249856K(249856K)->0K(240128K) From: 64K(9728K)->64K(512K)
[569.564s][info][gc,heap        ] GC(1535) ParOldGen: 185032K(185344K)->185048K(185344K)
[569.564s][info][gc,metaspace   ] GC(1535) Metaspace: 35414K(36096K)->35414K(36096K) NonClass: 29141K(29632K)->29141K(29632K) Class: 6272K(6464K)->6272K(6464K)
[569.564s][info][gc             ] GC(1535) Pause Young (Allocation Failure) 424M->180M(416M) 2.763ms
[569.564s][info][gc,cpu         ] GC(1535) User=0.00s Sys=0.00s Real=0.00s
[569.729s][info][gc,start       ] GC(1536) Pause Young (Allocation Failure)
[569.732s][info][gc,heap        ] GC(1536) PSYoungGen: 240192K(240640K)->64K(239104K) Eden: 240128K(240128K)->0K(230912K) From: 64K(512K)->64K(8192K)
[569.732s][info][gc,heap        ] GC(1536) ParOldGen: 185048K(185344K)->185064K(185344K)
[569.732s][info][gc,metaspace   ] GC(1536) Metaspace: 35414K(36096K)->35414K(36096K) NonClass: 29141K(29632K)->29141K(29632K) Class: 6272K(6464K)->6272K(6464K)
[569.732s][info][gc             ] GC(1536) Pause Young (Allocation Failure) 415M->180M(414M) 2.625ms
[569.732s][info][gc,cpu         ] GC(1536) User=0.01s Sys=0.00s Real=0.01s
[570.087s][info][gc,start       ] GC(1537) Pause Young (Allocation Failure)
[570.091s][info][gc,heap        ] GC(1537) PSYoungGen: 230976K(239104K)->64K(222720K) Eden: 230912K(230912K)->0K(222208K) From: 64K(8192K)->64K(512K)
[570.091s][info][gc,heap        ] GC(1537) ParOldGen: 185064K(185344K)->185080K(185344K)
[570.091s][info][gc,metaspace   ] GC(1537) Metaspace: 35414K(36096K)->35414K(36096K) NonClass: 29141K(29632K)->29141K(29632K) Class: 6272K(6464K)->6272K(6464K)
[570.091s][info][gc             ] GC(1537) Pause Young (Allocation Failure) 406M->180M(398M) 4.030ms
[570.091s][info][gc,cpu         ] GC(1537) User=0.00s Sys=0.00s Real=0.01s
[570.573s][info][gc,start       ] GC(1538) Pause Young (Allocation Failure)
[570.576s][info][gc,heap        ] GC(1538) PSYoungGen: 222272K(222720K)->64K(221184K) Eden: 222208K(222208K)->0K(214016K) From: 64K(512K)->64K(7168K)
[570.576s][info][gc,heap        ] GC(1538) ParOldGen: 185080K(185344K)->185096K(185344K)
[570.576s][info][gc,metaspace   ] GC(1538) Metaspace: 35414K(36096K)->35414K(36096K) NonClass: 29141K(29632K)->29141K(29632K) Class: 6272K(6464K)->6272K(6464K)
[570.576s][info][gc             ] GC(1538) Pause Young (Allocation Failure) 397M->180M(397M) 2.875ms
[570.576s][info][gc,cpu         ] GC(1538) User=0.00s Sys=0.00s Real=0.00s
[570.970s][info][gc,start       ] GC(1539) Pause Young (Allocation Failure)
[570.973s][info][gc,heap        ] GC(1539) PSYoungGen: 214080K(221184K)->64K(206848K) Eden: 214016K(214016K)->0K(206336K) From: 64K(7168K)->64K(512K)
[570.973s][info][gc,heap        ] GC(1539) ParOldGen: 185096K(185344K)->185112K(185344K)
[570.973s][info][gc,metaspace   ] GC(1539) Metaspace: 35414K(36096K)->35414K(36096K) NonClass: 29141K(29632K)->29141K(29632K) Class: 6272K(6464K)->6272K(6464K)
[570.973s][info][gc             ] GC(1539) Pause Young (Allocation Failure) 389M->180M(383M) 3.827ms
[570.973s][info][gc,cpu         ] GC(1539) User=0.01s Sys=0.00s Real=0.01s
[571.258s][info][gc,start       ] GC(1540) Pause Young (Allocation Failure)
[571.313s][info][gc,heap        ] GC(1540) PSYoungGen: 206400K(206848K)->6144K(253440K) Eden: 206336K(206336K)->0K(247296K) From: 64K(512K)->6144K(6144K)
[571.313s][info][gc,heap        ] GC(1540) ParOldGen: 185112K(185344K)->200000K(200192K)
[571.313s][info][gc,metaspace   ] GC(1540) Metaspace: 35414K(36096K)->35414K(36096K) NonClass: 29141K(29632K)->29141K(29632K) Class: 6272K(6464K)->6272K(6464K)
[571.313s][info][gc             ] GC(1540) Pause Young (Allocation Failure) 382M->201M(443M) 55.525ms
[571.313s][info][gc,cpu         ] GC(1540) User=0.09s Sys=0.01s Real=0.06s
[571.649s][info][gc,start       ] GC(1541) Pause Young (Allocation Failure)
[571.723s][info][gc,heap        ] GC(1541) PSYoungGen: 253440K(253440K)->6144K(256000K) Eden: 247296K(247296K)->0K(249856K) From: 6144K(6144K)->6144K(6144K)
[571.723s][info][gc,heap        ] GC(1541) ParOldGen: 200000K(200192K)->220672K(221184K)
[571.723s][info][gc,metaspace   ] GC(1541) Metaspace: 35414K(36096K)->35414K(36096K) NonClass: 29141K(29632K)->29141K(29632K) Class: 6272K(6464K)->6272K(6464K)
[571.723s][info][gc             ] GC(1541) Pause Young (Allocation Failure) 442M->221M(466M) 73.537ms
[571.723s][info][gc,cpu         ] GC(1541) User=0.13s Sys=0.02s Real=0.08s
[572.023s][info][gc,start       ] GC(1542) Pause Young (Allocation Failure)
[572.082s][info][gc,heap        ] GC(1542) PSYoungGen: 256000K(256000K)->20992K(270848K) Eden: 249856K(249856K)->0K(249856K) From: 6144K(6144K)->20992K(20992K)
[572.082s][info][gc,heap        ] GC(1542) ParOldGen: 220672K(221184K)->222104K(222208K)
[572.082s][info][gc,metaspace   ] GC(1542) Metaspace: 35414K(36096K)->35414K(36096K) NonClass: 29141K(29632K)->29141K(29632K) Class: 6272K(6464K)->6272K(6464K)
[572.082s][info][gc             ] GC(1542) Pause Young (Allocation Failure) 465M->237M(481M) 58.714ms
[572.082s][info][gc,cpu         ] GC(1542) User=0.12s Sys=0.00s Real=0.06s
[572.223s][info][gc,start       ] GC(1543) Pause Young (Allocation Failure)
[572.225s][info][gc,heap        ] GC(1543) PSYoungGen: 270848K(270848K)->64K(308736K) Eden: 249856K(249856K)->0K(282624K) From: 20992K(20992K)->64K(26112K)
[572.225s][info][gc,heap        ] GC(1543) ParOldGen: 222104K(222208K)->222136K(222208K)
[572.225s][info][gc,metaspace   ] GC(1543) Metaspace: 35414K(36096K)->35414K(36096K) NonClass: 29141K(29632K)->29141K(29632K) Class: 6272K(6464K)->6272K(6464K)
[572.225s][info][gc             ] GC(1543) Pause Young (Allocation Failure) 481M->216M(518M) 1.379ms
[572.225s][info][gc,cpu         ] GC(1543) User=0.00s Sys=0.00s Real=0.00s
[573.061s][info][gc,start       ] GC(1544) Pause Young (Allocation Failure)
[573.062s][info][gc,heap        ] GC(1544) PSYoungGen: 282688K(308736K)->32K(283136K) Eden: 282624K(282624K)->0K(282624K) From: 64K(26112K)->32K(512K)
[573.062s][info][gc,heap        ] GC(1544) ParOldGen: 222136K(222208K)->222152K(222208K)
[573.062s][info][gc,metaspace   ] GC(1544) Metaspace: 35414K(36096K)->35414K(36096K) NonClass: 29141K(29632K)->29141K(29632K) Class: 6272K(6464K)->6272K(6464K)
[573.063s][info][gc             ] GC(1544) Pause Young (Allocation Failure) 492M->216M(493M) 1.616ms
[573.063s][info][gc,cpu         ] GC(1544) User=0.00s Sys=0.00s Real=0.00s
[573.534s][info][gc,start       ] GC(1545) Pause Young (Allocation Failure)
[573.535s][info][gc,heap        ] GC(1545) PSYoungGen: 282656K(283136K)->64K(308224K) Eden: 282624K(282624K)->0K(283648K) From: 32K(512K)->64K(24576K)
[573.535s][info][gc,heap        ] GC(1545) ParOldGen: 222152K(222208K)->222160K(222208K)
[573.535s][info][gc,metaspace   ] GC(1545) Metaspace: 35414K(36096K)->35414K(36096K) NonClass: 29141K(29632K)->29141K(29632K) Class: 6272K(6464K)->6272K(6464K)
[573.535s][info][gc             ] GC(1545) Pause Young (Allocation Failure) 492M->217M(518M) 1.585ms
[573.535s][info][gc,cpu         ] GC(1545) User=0.00s Sys=0.00s Real=0.00s
[574.183s][info][gc,start       ] GC(1546) Pause Young (Allocation Failure)
[574.185s][info][gc,heap        ] GC(1546) PSYoungGen: 283712K(308224K)->64K(307200K) Eden: 283648K(283648K)->0K(283648K) From: 64K(24576K)->64K(23552K)
[574.185s][info][gc,heap        ] GC(1546) ParOldGen: 222160K(222208K)->222176K(222208K)
[574.185s][info][gc,metaspace   ] GC(1546) Metaspace: 35414K(36096K)->35414K(36096K) NonClass: 29141K(29632K)->29141K(29632K) Class: 6272K(6464K)->6272K(6464K)
[574.185s][info][gc             ] GC(1546) Pause Young (Allocation Failure) 494M->217M(517M) 1.932ms
[574.185s][info][gc,cpu         ] GC(1546) User=0.00s Sys=0.00s Real=0.00s
[574.452s][info][gc,start       ] GC(1547) Pause Young (Allocation Failure)
[574.453s][info][gc,heap        ] GC(1547) PSYoungGen: 283712K(307200K)->32K(309248K) Eden: 283648K(283648K)->0K(286720K) From: 64K(23552K)->32K(22528K)
[574.453s][info][gc,heap        ] GC(1547) ParOldGen: 222176K(222208K)->222192K(222208K)
[574.453s][info][gc,metaspace   ] GC(1547) Metaspace: 35414K(36096K)->35414K(36096K) NonClass: 29141K(29632K)->29141K(29632K) Class: 6272K(6464K)->6272K(6464K)
[574.453s][info][gc             ] GC(1547) Pause Young (Allocation Failure) 494M->217M(519M) 1.463ms
[574.453s][info][gc,cpu         ] GC(1547) User=0.01s Sys=0.00s Real=0.00s
[574.707s][info][gc,start       ] GC(1548) Pause Young (Allocation Failure)
[574.709s][info][gc,heap        ] GC(1548) PSYoungGen: 286752K(309248K)->64K(308224K) Eden: 286720K(286720K)->0K(286720K) From: 32K(22528K)->64K(21504K)
[574.709s][info][gc,heap        ] GC(1548) ParOldGen: 222192K(222208K)->222192K(222208K)
[574.709s][info][gc,metaspace   ] GC(1548) Metaspace: 35414K(36096K)->35414K(36096K) NonClass: 29141K(29632K)->29141K(29632K) Class: 6272K(6464K)->6272K(6464K)
[574.709s][info][gc             ] GC(1548) Pause Young (Allocation Failure) 497M->217M(518M) 1.444ms
[574.709s][info][gc,cpu         ] GC(1548) User=0.01s Sys=0.00s Real=0.00s
[575.180s][info][gc,start       ] GC(1549) Pause Young (Allocation Failure)
[575.182s][info][gc,heap        ] GC(1549) PSYoungGen: 286784K(308224K)->64K(311296K) Eden: 286720K(286720K)->0K(290816K) From: 64K(21504K)->64K(20480K)
[575.182s][info][gc,heap        ] GC(1549) ParOldGen: 222192K(222208K)->222192K(222208K)
[575.182s][info][gc,metaspace   ] GC(1549) Metaspace: 35414K(36096K)->35414K(36096K) NonClass: 29141K(29632K)->29141K(29632K) Class: 6272K(6464K)->6272K(6464K)
[575.182s][info][gc             ] GC(1549) Pause Young (Allocation Failure) 497M->217M(521M) 1.461ms
[575.182s][info][gc,cpu         ] GC(1549) User=0.01s Sys=0.00s Real=0.01s
[575.245s][info][gc,start       ] GC(1550) Pause Young (Allocation Failure)
[575.246s][info][gc,heap        ] GC(1550) PSYoungGen: 290880K(311296K)->32K(310272K) Eden: 290816K(290816K)->0K(290816K) From: 64K(20480K)->32K(19456K)
[575.246s][info][gc,heap        ] GC(1550) ParOldGen: 222192K(222208K)->222200K(222208K)
[575.246s][info][gc,metaspace   ] GC(1550) Metaspace: 35414K(36096K)->35414K(36096K) NonClass: 29141K(29632K)->29141K(29632K) Class: 6272K(6464K)->6272K(6464K)
[575.246s][info][gc             ] GC(1550) Pause Young (Allocation Failure) 501M->217M(520M) 1.457ms
[575.246s][info][gc,cpu         ] GC(1550) User=0.01s Sys=0.00s Real=0.00s
[575.305s][info][gc,start       ] GC(1551) Pause Young (Allocation Failure)
[575.306s][info][gc,heap        ] GC(1551) PSYoungGen: 290848K(310272K)->64K(313344K) Eden: 290816K(290816K)->0K(294912K) From: 32K(19456K)->64K(18432K)
[575.306s][info][gc,heap        ] GC(1551) ParOldGen: 222200K(222208K)->222200K(222208K)
[575.306s][info][gc,metaspace   ] GC(1551) Metaspace: 35414K(36096K)->35414K(36096K) NonClass: 29141K(29632K)->29141K(29632K) Class: 6272K(6464K)->6272K(6464K)
[575.306s][info][gc             ] GC(1551) Pause Young (Allocation Failure) 501M->217M(523M) 1.316ms
[575.306s][info][gc,cpu         ] GC(1551) User=0.00s Sys=0.00s Real=0.00s
[575.541s][info][gc,start       ] GC(1552) Pause Young (Allocation Failure)
[575.542s][info][gc,heap        ] GC(1552) PSYoungGen: 294976K(313344K)->64K(312320K) Eden: 294912K(294912K)->0K(294912K) From: 64K(18432K)->64K(17408K)
[575.542s][info][gc,heap        ] GC(1552) ParOldGen: 222200K(222208K)->222200K(222208K)
[575.542s][info][gc,metaspace   ] GC(1552) Metaspace: 35414K(36096K)->35414K(36096K) NonClass: 29141K(29632K)->29141K(29632K) Class: 6272K(6464K)->6272K(6464K)
[575.542s][info][gc             ] GC(1552) Pause Young (Allocation Failure) 505M->217M(522M) 1.485ms
[575.542s][info][gc,cpu         ] GC(1552) User=0.00s Sys=0.00s Real=0.00s
[575.791s][info][gc,start       ] GC(1553) Pause Young (Allocation Failure)
[575.792s][info][gc,heap        ] GC(1553) PSYoungGen: 294976K(312320K)->64K(315392K) Eden: 294912K(294912K)->0K(299008K) From: 64K(17408K)->64K(16384K)
[575.792s][info][gc,heap        ] GC(1553) ParOldGen: 222200K(222208K)->222216K(222720K)
[575.792s][info][gc,metaspace   ] GC(1553) Metaspace: 35414K(36096K)->35414K(36096K) NonClass: 29141K(29632K)->29141K(29632K) Class: 6272K(6464K)->6272K(6464K)
[575.792s][info][gc             ] GC(1553) Pause Young (Allocation Failure) 505M->217M(525M) 1.536ms
[575.792s][info][gc,cpu         ] GC(1553) User=0.00s Sys=0.00s Real=0.00s
[575.930s][info][gc,start       ] GC(1554) Pause Young (Allocation Failure)
[575.931s][info][gc,heap        ] GC(1554) PSYoungGen: 299072K(315392K)->64K(314368K) Eden: 299008K(299008K)->0K(299008K) From: 64K(16384K)->64K(15360K)
[575.931s][info][gc,heap        ] GC(1554) ParOldGen: 222216K(222720K)->222232K(222720K)
[575.931s][info][gc,metaspace   ] GC(1554) Metaspace: 35414K(36096K)->35414K(36096K) NonClass: 29141K(29632K)->29141K(29632K) Class: 6272K(6464K)->6272K(6464K)
[575.931s][info][gc             ] GC(1554) Pause Young (Allocation Failure) 509M->217M(524M) 1.463ms
[575.931s][info][gc,cpu         ] GC(1554) User=0.01s Sys=0.00s Real=0.01s
[576.053s][info][gc,start       ] GC(1555) Pause Young (Allocation Failure)
[576.055s][info][gc,heap        ] GC(1555) PSYoungGen: 299072K(314368K)->64K(317440K) Eden: 299008K(299008K)->0K(303104K) From: 64K(15360K)->64K(14336K)
[576.055s][info][gc,heap        ] GC(1555) ParOldGen: 222232K(222720K)->222240K(222720K)
[576.055s][info][gc,metaspace   ] GC(1555) Metaspace: 35414K(36096K)->35414K(36096K) NonClass: 29141K(29632K)->29141K(29632K) Class: 6272K(6464K)->6272K(6464K)
[576.055s][info][gc             ] GC(1555) Pause Young (Allocation Failure) 509M->217M(527M) 1.536ms
[576.055s][info][gc,cpu         ] GC(1555) User=0.00s Sys=0.00s Real=0.00s
[576.311s][info][gc,start       ] GC(1556) Pause Young (Allocation Failure)
[576.312s][info][gc,heap        ] GC(1556) PSYoungGen: 303168K(317440K)->64K(316416K) Eden: 303104K(303104K)->0K(303104K) From: 64K(14336K)->64K(13312K)
[576.312s][info][gc,heap        ] GC(1556) ParOldGen: 222240K(222720K)->222248K(222720K)
[576.312s][info][gc,metaspace   ] GC(1556) Metaspace: 35414K(36096K)->35414K(36096K) NonClass: 29141K(29632K)->29141K(29632K) Class: 6272K(6464K)->6272K(6464K)
[576.312s][info][gc             ] GC(1556) Pause Young (Allocation Failure) 513M->217M(526M) 1.530ms
[576.312s][info][gc,cpu         ] GC(1556) User=0.00s Sys=0.00s Real=0.01s
[577.412s][info][gc,start       ] GC(1557) Pause Young (Allocation Failure)
[577.413s][info][gc,heap        ] GC(1557) PSYoungGen: 303168K(316416K)->83K(291328K) Eden: 303104K(303104K)->0K(290816K) From: 64K(13312K)->83K(512K)
[577.413s][info][gc,heap        ] GC(1557) ParOldGen: 222248K(222720K)->222256K(222720K)
[577.413s][info][gc,metaspace   ] GC(1557) Metaspace: 35414K(36096K)->35414K(36096K) NonClass: 29141K(29632K)->29141K(29632K) Class: 6272K(6464K)->6272K(6464K)
[577.413s][info][gc             ] GC(1557) Pause Young (Allocation Failure) 513M->217M(502M) 1.688ms
[577.413s][info][gc,cpu         ] GC(1557) User=0.01s Sys=0.00s Real=0.00s
[578.542s][info][gc,start       ] GC(1558) Pause Young (Allocation Failure)
[578.544s][info][gc,heap        ] GC(1558) PSYoungGen: 290899K(291328K)->64K(291328K) Eden: 290816K(290816K)->0K(279552K) From: 83K(512K)->64K(11776K)
[578.544s][info][gc,heap        ] GC(1558) ParOldGen: 222256K(222720K)->222272K(222720K)
[578.544s][info][gc,metaspace   ] GC(1558) Metaspace: 35414K(36096K)->35414K(36096K) NonClass: 29141K(29632K)->29141K(29632K) Class: 6272K(6464K)->6272K(6464K)
[578.544s][info][gc             ] GC(1558) Pause Young (Allocation Failure) 501M->217M(502M) 1.550ms
[578.544s][info][gc,cpu         ] GC(1558) User=0.00s Sys=0.00s Real=0.00s
[578.982s][info][gc,start       ] GC(1559) Pause Young (Allocation Failure)
[578.984s][info][gc,heap        ] GC(1559) PSYoungGen: 279616K(291328K)->64K(269312K) Eden: 279552K(279552K)->0K(268800K) From: 64K(11776K)->64K(512K)
[578.984s][info][gc,heap        ] GC(1559) ParOldGen: 222272K(222720K)->222288K(222720K)
[578.984s][info][gc,metaspace   ] GC(1559) Metaspace: 35414K(36096K)->35414K(36096K) NonClass: 29141K(29632K)->29141K(29632K) Class: 6272K(6464K)->6272K(6464K)
[578.984s][info][gc             ] GC(1559) Pause Young (Allocation Failure) 490M->217M(480M) 1.650ms
[578.984s][info][gc,cpu         ] GC(1559) User=0.00s Sys=0.00s Real=0.00s
[579.425s][info][gc,start       ] GC(1560) Pause Young (Allocation Failure)
[579.427s][info][gc,heap        ] GC(1560) PSYoungGen: 268864K(269312K)->64K(268800K) Eden: 268800K(268800K)->0K(258560K) From: 64K(512K)->64K(10240K)
[579.427s][info][gc,heap        ] GC(1560) ParOldGen: 222288K(222720K)->222304K(222720K)
[579.427s][info][gc,metaspace   ] GC(1560) Metaspace: 35414K(36096K)->35414K(36096K) NonClass: 29141K(29632K)->29141K(29632K) Class: 6272K(6464K)->6272K(6464K)
[579.427s][info][gc             ] GC(1560) Pause Young (Allocation Failure) 479M->217M(480M) 1.518ms
[579.427s][info][gc,cpu         ] GC(1560) User=0.00s Sys=0.00s Real=0.00s
[580.687s][info][gc,start       ] GC(1561) Pause Young (Allocation Failure)
[580.690s][info][gc,heap        ] GC(1561) PSYoungGen: 258624K(268800K)->64K(249344K) Eden: 258560K(258560K)->0K(248832K) From: 64K(10240K)->64K(512K)
[580.690s][info][gc,heap        ] GC(1561) ParOldGen: 222304K(222720K)->222312K(222720K)
[580.690s][info][gc,metaspace   ] GC(1561) Metaspace: 35414K(36096K)->35414K(36096K) NonClass: 29141K(29632K)->29141K(29632K) Class: 6272K(6464K)->6272K(6464K)
[580.690s][info][gc             ] GC(1561) Pause Young (Allocation Failure) 469M->217M(461M) 2.392ms
[580.690s][info][gc,cpu         ] GC(1561) User=0.00s Sys=0.00s Real=0.00s
[581.096s][info][gc,start       ] GC(1562) Pause Young (Allocation Failure)
[581.098s][info][gc,heap        ] GC(1562) PSYoungGen: 248896K(249344K)->64K(248832K) Eden: 248832K(248832K)->0K(239616K) From: 64K(512K)->64K(9216K)
[581.098s][info][gc,heap        ] GC(1562) ParOldGen: 222312K(222720K)->222320K(222720K)
[581.098s][info][gc,metaspace   ] GC(1562) Metaspace: 35414K(36096K)->35414K(36096K) NonClass: 29141K(29632K)->29141K(29632K) Class: 6272K(6464K)->6272K(6464K)
[581.098s][info][gc             ] GC(1562) Pause Young (Allocation Failure) 460M->217M(460M) 2.137ms
[581.098s][info][gc,cpu         ] GC(1562) User=0.00s Sys=0.00s Real=0.00s
[581.238s][info][gc,start       ] GC(1563) Pause Young (Allocation Failure)
[581.241s][info][gc,heap        ] GC(1563) PSYoungGen: 239680K(248832K)->64K(230912K) Eden: 239616K(239616K)->0K(230400K) From: 64K(9216K)->64K(512K)
[581.241s][info][gc,heap        ] GC(1563) ParOldGen: 222320K(222720K)->222336K(222720K)
[581.241s][info][gc,metaspace   ] GC(1563) Metaspace: 35414K(36096K)->35414K(36096K) NonClass: 29141K(29632K)->29141K(29632K) Class: 6272K(6464K)->6272K(6464K)
[581.241s][info][gc             ] GC(1563) Pause Young (Allocation Failure) 451M->217M(443M) 2.578ms
[581.241s][info][gc,cpu         ] GC(1563) User=0.01s Sys=0.00s Real=0.01s
[581.665s][info][gc,start       ] GC(1564) Pause Young (Allocation Failure)
[581.666s][info][gc,heap        ] GC(1564) PSYoungGen: 230464K(230912K)->64K(229376K) Eden: 230400K(230400K)->0K(221696K) From: 64K(512K)->64K(7680K)
[581.666s][info][gc,heap        ] GC(1564) ParOldGen: 222336K(222720K)->222352K(222720K)
[581.666s][info][gc,metaspace   ] GC(1564) Metaspace: 35414K(36096K)->35414K(36096K) NonClass: 29141K(29632K)->29141K(29632K) Class: 6272K(6464K)->6272K(6464K)
[581.666s][info][gc             ] GC(1564) Pause Young (Allocation Failure) 442M->217M(441M) 1.319ms
[581.666s][info][gc,cpu         ] GC(1564) User=0.00s Sys=0.00s Real=0.00s
[582.101s][info][gc,start       ] GC(1565) Pause Young (Allocation Failure)
[582.103s][info][gc,heap        ] GC(1565) PSYoungGen: 221760K(229376K)->64K(214016K) Eden: 221696K(221696K)->0K(213504K) From: 64K(7680K)->64K(512K)
[582.103s][info][gc,heap        ] GC(1565) ParOldGen: 222352K(222720K)->222368K(222720K)
[582.103s][info][gc,metaspace   ] GC(1565) Metaspace: 35414K(36096K)->35414K(36096K) NonClass: 29141K(29632K)->29141K(29632K) Class: 6272K(6464K)->6272K(6464K)
[582.103s][info][gc             ] GC(1565) Pause Young (Allocation Failure) 433M->217M(426M) 2.435ms
[582.103s][info][gc,cpu         ] GC(1565) User=0.00s Sys=0.00s Real=0.00s
[582.505s][info][gc,start       ] GC(1566) Pause Young (Allocation Failure)
[582.507s][info][gc,heap        ] GC(1566) PSYoungGen: 213568K(214016K)->192K(212480K) Eden: 213504K(213504K)->0K(205824K) From: 64K(512K)->192K(6656K)
[582.507s][info][gc,heap        ] GC(1566) ParOldGen: 222368K(222720K)->222384K(222720K)
[582.507s][info][gc,metaspace   ] GC(1566) Metaspace: 35414K(36096K)->35414K(36096K) NonClass: 29141K(29632K)->29141K(29632K) Class: 6272K(6464K)->6272K(6464K)
[582.507s][info][gc             ] GC(1566) Pause Young (Allocation Failure) 425M->217M(425M) 1.437ms
[582.507s][info][gc,cpu         ] GC(1566) User=0.01s Sys=0.00s Real=0.00s
[582.779s][info][gc,start       ] GC(1567) Pause Young (Allocation Failure)
[582.837s][info][gc,heap        ] GC(1567) PSYoungGen: 206016K(212480K)->6144K(252928K) Eden: 205824K(205824K)->0K(246784K) From: 192K(6656K)->6144K(6144K)
[582.837s][info][gc,heap        ] GC(1567) ParOldGen: 222384K(222720K)->238096K(238592K)
[582.837s][info][gc,metaspace   ] GC(1567) Metaspace: 35414K(36096K)->35414K(36096K) NonClass: 29141K(29632K)->29141K(29632K) Class: 6272K(6464K)->6272K(6464K)
[582.837s][info][gc             ] GC(1567) Pause Young (Allocation Failure) 418M->238M(480M) 57.675ms
[582.837s][info][gc,cpu         ] GC(1567) User=0.09s Sys=0.02s Real=0.06s
[583.169s][info][gc,start       ] GC(1568) Pause Young (Allocation Failure)
[583.241s][info][gc,heap        ] GC(1568) PSYoungGen: 252928K(252928K)->13312K(271872K) Eden: 246784K(246784K)->0K(258560K) From: 6144K(6144K)->13312K(13312K)
[583.241s][info][gc,heap        ] GC(1568) ParOldGen: 238096K(238592K)->251552K(251904K)
[583.241s][info][gc,metaspace   ] GC(1568) Metaspace: 35414K(36096K)->35414K(36096K) NonClass: 29141K(29632K)->29141K(29632K) Class: 6272K(6464K)->6272K(6464K)
[583.242s][info][gc             ] GC(1568) Pause Young (Allocation Failure) 479M->258M(511M) 72.243ms
[583.242s][info][gc,cpu         ] GC(1568) User=0.13s Sys=0.01s Real=0.08s
[583.517s][info][gc,start       ] GC(1569) Pause Young (Allocation Failure)
[583.577s][info][gc,heap        ] GC(1569) PSYoungGen: 271872K(271872K)->20768K(304128K) Eden: 258560K(258560K)->0K(282624K) From: 13312K(13312K)->20768K(21504K)
[583.578s][info][gc,heap        ] GC(1569) ParOldGen: 251552K(251904K)->252048K(252416K)
[583.578s][info][gc,metaspace   ] GC(1569) Metaspace: 35414K(36096K)->35414K(36096K) NonClass: 29141K(29632K)->29141K(29632K) Class: 6272K(6464K)->6272K(6464K)
[583.578s][info][gc             ] GC(1569) Pause Young (Allocation Failure) 511M->266M(543M) 60.259ms
[583.578s][info][gc,cpu         ] GC(1569) User=0.10s Sys=0.02s Real=0.06s
[583.776s][info][gc,start       ] GC(1570) Pause Young (Allocation Failure)
[583.778s][info][gc,heap        ] GC(1570) PSYoungGen: 303392K(304128K)->32K(308224K) Eden: 282624K(282624K)->0K(282624K) From: 20768K(21504K)->32K(25600K)
[583.778s][info][gc,heap        ] GC(1570) ParOldGen: 252048K(252416K)->252064K(252416K)
[583.778s][info][gc,metaspace   ] GC(1570) Metaspace: 35414K(36096K)->35414K(36096K) NonClass: 29141K(29632K)->29141K(29632K) Class: 6272K(6464K)->6272K(6464K)
[583.778s][info][gc             ] GC(1570) Pause Young (Allocation Failure) 542M->246M(547M) 1.453ms
[583.778s][info][gc,cpu         ] GC(1570) User=0.01s Sys=0.00s Real=0.00s
[584.565s][info][gc,start       ] GC(1571) Pause Young (Allocation Failure)
[584.567s][info][gc,heap        ] GC(1571) PSYoungGen: 282656K(308224K)->64K(305664K) Eden: 282624K(282624K)->0K(283136K) From: 32K(25600K)->64K(22528K)
[584.567s][info][gc,heap        ] GC(1571) ParOldGen: 252064K(252416K)->252080K(252416K)
[584.567s][info][gc,metaspace   ] GC(1571) Metaspace: 35414K(36096K)->35414K(36096K) NonClass: 29141K(29632K)->29141K(29632K) Class: 6272K(6464K)->6272K(6464K)
[584.567s][info][gc             ] GC(1571) Pause Young (Allocation Failure) 522M->246M(545M) 1.414ms
[584.567s][info][gc,cpu         ] GC(1571) User=0.00s Sys=0.00s Real=0.00s
[584.887s][info][gc,start       ] GC(1572) Pause Young (Allocation Failure)
[584.888s][info][gc,heap        ] GC(1572) PSYoungGen: 283200K(305664K)->64K(307200K) Eden: 283136K(283136K)->0K(283136K) From: 64K(22528K)->64K(24064K)
[584.888s][info][gc,heap        ] GC(1572) ParOldGen: 252080K(252416K)->252080K(252416K)
[584.888s][info][gc,metaspace   ] GC(1572) Metaspace: 35414K(36096K)->35414K(36096K) NonClass: 29141K(29632K)->29141K(29632K) Class: 6272K(6464K)->6272K(6464K)
[584.888s][info][gc             ] GC(1572) Pause Young (Allocation Failure) 522M->246M(546M) 1.282ms
[584.888s][info][gc,cpu         ] GC(1572) User=0.00s Sys=0.00s Real=0.00s
[585.394s][info][gc,start       ] GC(1573) Pause Young (Allocation Failure)
[585.396s][info][gc,heap        ] GC(1573) PSYoungGen: 283200K(307200K)->64K(307200K) Eden: 283136K(283136K)->0K(286720K) From: 64K(24064K)->64K(20480K)
[585.396s][info][gc,heap        ] GC(1573) ParOldGen: 252080K(252416K)->252096K(252416K)
[585.396s][info][gc,metaspace   ] GC(1573) Metaspace: 35414K(36096K)->35414K(36096K) NonClass: 29141K(29632K)->29141K(29632K) Class: 6272K(6464K)->6272K(6464K)
[585.396s][info][gc             ] GC(1573) Pause Young (Allocation Failure) 522M->246M(546M) 1.791ms
[585.396s][info][gc,cpu         ] GC(1573) User=0.00s Sys=0.00s Real=0.00s
[585.648s][info][gc,start       ] GC(1574) Pause Young (Allocation Failure)
[585.650s][info][gc,heap        ] GC(1574) PSYoungGen: 286784K(307200K)->64K(308736K) Eden: 286720K(286720K)->0K(286720K) From: 64K(20480K)->64K(22016K)
[585.650s][info][gc,heap        ] GC(1574) ParOldGen: 252096K(252416K)->252112K(252416K)
[585.650s][info][gc,metaspace   ] GC(1574) Metaspace: 35414K(36096K)->35414K(36096K) NonClass: 29141K(29632K)->29141K(29632K) Class: 6272K(6464K)->6272K(6464K)
[585.650s][info][gc             ] GC(1574) Pause Young (Allocation Failure) 526M->246M(548M) 1.746ms
[585.650s][info][gc,cpu         ] GC(1574) User=0.00s Sys=0.00s Real=0.00s
[585.902s][info][gc,start       ] GC(1575) Pause Young (Allocation Failure)
[585.904s][info][gc,heap        ] GC(1575) PSYoungGen: 286784K(308736K)->64K(309248K) Eden: 286720K(286720K)->0K(290816K) From: 64K(22016K)->64K(18432K)
[585.904s][info][gc,heap        ] GC(1575) ParOldGen: 252112K(252416K)->252112K(252416K)
[585.904s][info][gc,metaspace   ] GC(1575) Metaspace: 35414K(36096K)->35414K(36096K) NonClass: 29141K(29632K)->29141K(29632K) Class: 6272K(6464K)->6272K(6464K)
[585.904s][info][gc             ] GC(1575) Pause Young (Allocation Failure) 526M->246M(548M) 1.690ms
[585.904s][info][gc,cpu         ] GC(1575) User=0.01s Sys=0.00s Real=0.00s
[586.279s][info][gc,start       ] GC(1576) Pause Young (Allocation Failure)
[586.280s][info][gc,heap        ] GC(1576) PSYoungGen: 290880K(309248K)->64K(310784K) Eden: 290816K(290816K)->0K(290816K) From: 64K(18432K)->64K(19968K)
[586.280s][info][gc,heap        ] GC(1576) ParOldGen: 252112K(252416K)->252112K(252416K)
[586.280s][info][gc,metaspace   ] GC(1576) Metaspace: 35414K(36096K)->35414K(36096K) NonClass: 29141K(29632K)->29141K(29632K) Class: 6272K(6464K)->6272K(6464K)
[586.280s][info][gc             ] GC(1576) Pause Young (Allocation Failure) 530M->246M(550M) 1.707ms
[586.280s][info][gc,cpu         ] GC(1576) User=0.00s Sys=0.00s Real=0.00s
[586.338s][info][gc,start       ] GC(1577) Pause Young (Allocation Failure)
[586.339s][info][gc,heap        ] GC(1577) PSYoungGen: 290880K(310784K)->32K(311296K) Eden: 290816K(290816K)->0K(294912K) From: 64K(19968K)->32K(16384K)
[586.339s][info][gc,heap        ] GC(1577) ParOldGen: 252112K(252416K)->252128K(252416K)
[586.339s][info][gc,metaspace   ] GC(1577) Metaspace: 35414K(36096K)->35414K(36096K) NonClass: 29141K(29632K)->29141K(29632K) Class: 6272K(6464K)->6272K(6464K)
[586.339s][info][gc             ] GC(1577) Pause Young (Allocation Failure) 530M->246M(550M) 1.672ms
[586.339s][info][gc,cpu         ] GC(1577) User=0.00s Sys=0.00s Real=0.00s
[586.413s][info][gc,start       ] GC(1578) Pause Young (Allocation Failure)
[586.415s][info][gc,heap        ] GC(1578) PSYoungGen: 294944K(311296K)->64K(312832K) Eden: 294912K(294912K)->0K(294912K) From: 32K(16384K)->64K(17920K)
[586.415s][info][gc,heap        ] GC(1578) ParOldGen: 252128K(252416K)->252128K(252416K)
[586.415s][info][gc,metaspace   ] GC(1578) Metaspace: 35414K(36096K)->35414K(36096K) NonClass: 29141K(29632K)->29141K(29632K) Class: 6272K(6464K)->6272K(6464K)
[586.415s][info][gc             ] GC(1578) Pause Young (Allocation Failure) 534M->246M(552M) 1.625ms
[586.415s][info][gc,cpu         ] GC(1578) User=0.00s Sys=0.00s Real=0.00s
[586.692s][info][gc,start       ] GC(1579) Pause Young (Allocation Failure)
[586.693s][info][gc,heap        ] GC(1579) PSYoungGen: 294976K(312832K)->32K(313344K) Eden: 294912K(294912K)->0K(299008K) From: 64K(17920K)->32K(14336K)
[586.693s][info][gc,heap        ] GC(1579) ParOldGen: 252128K(252416K)->252144K(252416K)
[586.693s][info][gc,metaspace   ] GC(1579) Metaspace: 35414K(36096K)->35414K(36096K) NonClass: 29141K(29632K)->29141K(29632K) Class: 6272K(6464K)->6272K(6464K)
[586.693s][info][gc             ] GC(1579) Pause Young (Allocation Failure) 534M->246M(552M) 1.658ms
[586.693s][info][gc,cpu         ] GC(1579) User=0.00s Sys=0.00s Real=0.00s
[586.940s][info][gc,start       ] GC(1580) Pause Young (Allocation Failure)
[586.941s][info][gc,heap        ] GC(1580) PSYoungGen: 299040K(313344K)->64K(314880K) Eden: 299008K(299008K)->0K(299008K) From: 32K(14336K)->64K(15872K)
[586.941s][info][gc,heap        ] GC(1580) ParOldGen: 252144K(252416K)->252144K(252416K)
[586.941s][info][gc,metaspace   ] GC(1580) Metaspace: 35414K(36096K)->35414K(36096K) NonClass: 29141K(29632K)->29141K(29632K) Class: 6272K(6464K)->6272K(6464K)
[586.941s][info][gc             ] GC(1580) Pause Young (Allocation Failure) 538M->246M(554M) 1.219ms
[586.941s][info][gc,cpu         ] GC(1580) User=0.00s Sys=0.00s Real=0.01s
[587.039s][info][gc,start       ] GC(1581) Pause Young (Allocation Failure)
[587.040s][info][gc,heap        ] GC(1581) PSYoungGen: 299072K(314880K)->64K(315392K) Eden: 299008K(299008K)->0K(302592K) From: 64K(15872K)->64K(12800K)
[587.040s][info][gc,heap        ] GC(1581) ParOldGen: 252144K(252416K)->252152K(252416K)
[587.040s][info][gc,metaspace   ] GC(1581) Metaspace: 35414K(36096K)->35414K(36096K) NonClass: 29141K(29632K)->29141K(29632K) Class: 6272K(6464K)->6272K(6464K)
[587.040s][info][gc             ] GC(1581) Pause Young (Allocation Failure) 538M->246M(554M) 1.303ms
[587.040s][info][gc,cpu         ] GC(1581) User=0.00s Sys=0.00s Real=0.00s
[587.187s][info][gc,start       ] GC(1582) Pause Young (Allocation Failure)
[587.188s][info][gc,heap        ] GC(1582) PSYoungGen: 302656K(315392K)->64K(316928K) Eden: 302592K(302592K)->0K(302592K) From: 64K(12800K)->64K(14336K)
[587.188s][info][gc,heap        ] GC(1582) ParOldGen: 252152K(252416K)->252160K(252416K)
[587.188s][info][gc,metaspace   ] GC(1582) Metaspace: 35414K(36096K)->35414K(36096K) NonClass: 29141K(29632K)->29141K(29632K) Class: 6272K(6464K)->6272K(6464K)
[587.188s][info][gc             ] GC(1582) Pause Young (Allocation Failure) 541M->246M(556M) 1.314ms
[587.188s][info][gc,cpu         ] GC(1582) User=0.00s Sys=0.00s Real=0.00s
[587.616s][info][gc,start       ] GC(1583) Pause Young (Allocation Failure)
[587.618s][info][gc,heap        ] GC(1583) PSYoungGen: 302656K(316928K)->64K(316928K) Eden: 302592K(302592K)->0K(306176K) From: 64K(14336K)->64K(10752K)
[587.618s][info][gc,heap        ] GC(1583) ParOldGen: 252160K(252416K)->252176K(252416K)
[587.618s][info][gc,metaspace   ] GC(1583) Metaspace: 35414K(36096K)->35414K(36096K) NonClass: 29141K(29632K)->29141K(29632K) Class: 6272K(6464K)->6272K(6464K)
[587.618s][info][gc             ] GC(1583) Pause Young (Allocation Failure) 541M->246M(556M) 1.700ms
[587.618s][info][gc,cpu         ] GC(1583) User=0.01s Sys=0.00s Real=0.00s
[588.462s][info][gc,start       ] GC(1584) Pause Young (Allocation Failure)
[588.465s][info][gc,heap        ] GC(1584) PSYoungGen: 306240K(316928K)->51K(294400K) Eden: 306176K(306176K)->0K(293888K) From: 64K(10752K)->51K(512K)
[588.465s][info][gc,heap        ] GC(1584) ParOldGen: 252176K(252416K)->252184K(252416K)
[588.465s][info][gc,metaspace   ] GC(1584) Metaspace: 35414K(36096K)->35414K(36096K) NonClass: 29141K(29632K)->29141K(29632K) Class: 6272K(6464K)->6272K(6464K)
[588.465s][info][gc             ] GC(1584) Pause Young (Allocation Failure) 545M->246M(534M) 3.139ms
[588.465s][info][gc,cpu         ] GC(1584) User=0.01s Sys=0.01s Real=0.00s
[589.556s][info][gc,start       ] GC(1585) Pause Young (Allocation Failure)
[589.558s][info][gc,heap        ] GC(1585) PSYoungGen: 293939K(294400K)->32K(282624K) Eden: 293888K(293888K)->0K(282112K) From: 51K(512K)->32K(512K)
[589.558s][info][gc,heap        ] GC(1585) ParOldGen: 252184K(252416K)->252200K(252416K)
[589.558s][info][gc,metaspace   ] GC(1585) Metaspace: 35414K(36096K)->35414K(36096K) NonClass: 29141K(29632K)->29141K(29632K) Class: 6272K(6464K)->6272K(6464K)
[589.558s][info][gc             ] GC(1585) Pause Young (Allocation Failure) 533M->246M(522M) 2.672ms
[589.558s][info][gc,cpu         ] GC(1585) User=0.00s Sys=0.00s Real=0.00s
[590.049s][info][gc,start       ] GC(1586) Pause Young (Allocation Failure)
[590.051s][info][gc,heap        ] GC(1586) PSYoungGen: 282144K(282624K)->64K(281600K) Eden: 282112K(282112K)->0K(270848K) From: 32K(512K)->64K(10752K)
[590.051s][info][gc,heap        ] GC(1586) ParOldGen: 252200K(252416K)->252216K(252416K)
[590.051s][info][gc,metaspace   ] GC(1586) Metaspace: 35414K(36096K)->35414K(36096K) NonClass: 29141K(29632K)->29141K(29632K) Class: 6272K(6464K)->6272K(6464K)
[590.051s][info][gc             ] GC(1586) Pause Young (Allocation Failure) 521M->246M(521M) 1.622ms
[590.051s][info][gc,cpu         ] GC(1586) User=0.00s Sys=0.00s Real=0.01s
[591.181s][info][gc,start       ] GC(1587) Pause Young (Allocation Failure)
[591.184s][info][gc,heap        ] GC(1587) PSYoungGen: 270912K(281600K)->64K(260608K) Eden: 270848K(270848K)->0K(260096K) From: 64K(10752K)->64K(512K)
[591.184s][info][gc,heap        ] GC(1587) ParOldGen: 252216K(252416K)->252232K(252416K)
[591.184s][info][gc,metaspace   ] GC(1587) Metaspace: 35414K(36096K)->35414K(36096K) NonClass: 29141K(29632K)->29141K(29632K) Class: 6272K(6464K)->6272K(6464K)
[591.184s][info][gc             ] GC(1587) Pause Young (Allocation Failure) 510M->246M(501M) 2.976ms
[591.184s][info][gc,cpu         ] GC(1587) User=0.00s Sys=0.00s Real=0.00s
[591.642s][info][gc,start       ] GC(1588) Pause Young (Allocation Failure)
[591.644s][info][gc,heap        ] GC(1588) PSYoungGen: 260160K(260608K)->64K(259584K) Eden: 260096K(260096K)->0K(249856K) From: 64K(512K)->64K(9728K)
[591.644s][info][gc,heap        ] GC(1588) ParOldGen: 252232K(252416K)->252248K(252416K)
[591.644s][info][gc,metaspace   ] GC(1588) Metaspace: 35414K(36096K)->35414K(36096K) NonClass: 29141K(29632K)->29141K(29632K) Class: 6272K(6464K)->6272K(6464K)
[591.644s][info][gc             ] GC(1588) Pause Young (Allocation Failure) 500M->246M(500M) 1.967ms
[591.644s][info][gc,cpu         ] GC(1588) User=0.00s Sys=0.00s Real=0.00s
[591.880s][info][gc,start       ] GC(1589) Pause Young (Allocation Failure)
[591.884s][info][gc,heap        ] GC(1589) PSYoungGen: 249920K(259584K)->64K(240640K) Eden: 249856K(249856K)->0K(240128K) From: 64K(9728K)->64K(512K)
[591.884s][info][gc,heap        ] GC(1589) ParOldGen: 252248K(252416K)->252264K(252416K)
[591.884s][info][gc,metaspace   ] GC(1589) Metaspace: 35414K(36096K)->35414K(36096K) NonClass: 29141K(29632K)->29141K(29632K) Class: 6272K(6464K)->6272K(6464K)
[591.884s][info][gc             ] GC(1589) Pause Young (Allocation Failure) 490M->246M(481M) 4.627ms
[591.884s][info][gc,cpu         ] GC(1589) User=0.01s Sys=0.00s Real=0.01s
[591.971s][info][gc,start       ] GC(1590) Pause Young (Allocation Failure)
[591.975s][info][gc,heap        ] GC(1590) PSYoungGen: 240192K(240640K)->64K(283136K) Eden: 240128K(240128K)->0K(274944K) From: 64K(512K)->64K(8192K)
[591.975s][info][gc,heap        ] GC(1590) ParOldGen: 252264K(252416K)->252280K(252416K)
[591.975s][info][gc,metaspace   ] GC(1590) Metaspace: 35414K(36096K)->35414K(36096K) NonClass: 29141K(29632K)->29141K(29632K) Class: 6272K(6464K)->6272K(6464K)
[591.975s][info][gc             ] GC(1590) Pause Young (Allocation Failure) 480M->246M(523M) 3.399ms
[591.975s][info][gc,cpu         ] GC(1590) User=0.01s Sys=0.00s Real=0.00s
[592.700s][info][gc,start       ] GC(1591) Pause Young (Allocation Failure)
[592.703s][info][gc,heap        ] GC(1591) PSYoungGen: 275008K(283136K)->32K(292864K) Eden: 274944K(274944K)->0K(285184K) From: 64K(8192K)->32K(7680K)
[592.703s][info][gc,heap        ] GC(1591) ParOldGen: 252280K(252416K)->252296K(252416K)
[592.703s][info][gc,metaspace   ] GC(1591) Metaspace: 35414K(36096K)->35414K(36096K) NonClass: 29141K(29632K)->29141K(29632K) Class: 6272K(6464K)->6272K(6464K)
[592.703s][info][gc             ] GC(1591) Pause Young (Allocation Failure) 514M->246M(532M) 2.932ms
[592.703s][info][gc,cpu         ] GC(1591) User=0.00s Sys=0.00s Real=0.01s
[593.080s][info][gc,start       ] GC(1592) Pause Young (Allocation Failure)
[593.082s][info][gc,heap        ] GC(1592) PSYoungGen: 285216K(292864K)->64K(292352K) Eden: 285184K(285184K)->0K(285184K) From: 32K(7680K)->64K(7168K)
[593.082s][info][gc,heap        ] GC(1592) ParOldGen: 252296K(252416K)->252304K(252416K)
[593.082s][info][gc,metaspace   ] GC(1592) Metaspace: 35414K(36096K)->35414K(36096K) NonClass: 29141K(29632K)->29141K(29632K) Class: 6272K(6464K)->6272K(6464K)
[593.082s][info][gc             ] GC(1592) Pause Young (Allocation Failure) 524M->246M(532M) 1.954ms
[593.082s][info][gc,cpu         ] GC(1592) User=0.01s Sys=0.00s Real=0.01s
[593.489s][info][gc,start       ] GC(1593) Pause Young (Allocation Failure)
[593.571s][info][gc,heap        ] GC(1593) PSYoungGen: 285248K(292352K)->6656K(307712K) Eden: 285184K(285184K)->0K(301056K) From: 64K(7168K)->6656K(6656K)
[593.571s][info][gc,heap        ] GC(1593) ParOldGen: 252304K(252416K)->273656K(273920K)
[593.571s][info][gc,metaspace   ] GC(1593) Metaspace: 35414K(36096K)->35414K(36096K) NonClass: 29141K(29632K)->29141K(29632K) Class: 6272K(6464K)->6272K(6464K)
[593.571s][info][gc             ] GC(1593) Pause Young (Allocation Failure) 524M->273M(568M) 81.906ms
[593.571s][info][gc,cpu         ] GC(1593) User=0.13s Sys=0.03s Real=0.09s
[593.979s][info][gc,start       ] GC(1594) Pause Young (Allocation Failure)
[594.067s][info][gc,heap        ] GC(1594) PSYoungGen: 307712K(307712K)->16384K(317440K) Eden: 301056K(301056K)->0K(301056K) From: 6656K(6656K)->16384K(16384K)
[594.067s][info][gc,heap        ] GC(1594) ParOldGen: 273656K(273920K)->290008K(290304K)
[594.067s][info][gc,metaspace   ] GC(1594) Metaspace: 35414K(36096K)->35414K(36096K) NonClass: 29141K(29632K)->29141K(29632K) Class: 6272K(6464K)->6272K(6464K)
[594.067s][info][gc             ] GC(1594) Pause Young (Allocation Failure) 567M->299M(593M) 88.163ms
[594.067s][info][gc,cpu         ] GC(1594) User=0.14s Sys=0.04s Real=0.09s
[594.242s][info][gc,start       ] GC(1595) Pause Young (Allocation Failure)
[594.276s][info][gc,heap        ] GC(1595) PSYoungGen: 317440K(317440K)->9056K(300032K) Eden: 301056K(301056K)->0K(283648K) From: 16384K(16384K)->9056K(16384K)
[594.276s][info][gc,heap        ] GC(1595) ParOldGen: 290008K(290304K)->290600K(290816K)
[594.276s][info][gc,metaspace   ] GC(1595) Metaspace: 35414K(36096K)->35414K(36096K) NonClass: 29141K(29632K)->29141K(29632K) Class: 6272K(6464K)->6272K(6464K)
[594.276s][info][gc             ] GC(1595) Pause Young (Allocation Failure) 593M->292M(577M) 34.163ms
[594.276s][info][gc,cpu         ] GC(1595) User=0.05s Sys=0.01s Real=0.03s
[594.878s][info][gc,start       ] GC(1596) Pause Young (Allocation Failure)
[594.879s][info][gc,heap        ] GC(1596) PSYoungGen: 292704K(300032K)->64K(308736K) Eden: 283648K(283648K)->0K(283648K) From: 9056K(16384K)->64K(25088K)
[594.880s][info][gc,heap        ] GC(1596) ParOldGen: 290600K(290816K)->290616K(290816K)
[594.880s][info][gc,metaspace   ] GC(1596) Metaspace: 35414K(36096K)->35414K(36096K) NonClass: 29141K(29632K)->29141K(29632K) Class: 6272K(6464K)->6272K(6464K)
[594.880s][info][gc             ] GC(1596) Pause Young (Allocation Failure) 569M->283M(585M) 1.647ms
[594.880s][info][gc,cpu         ] GC(1596) User=0.00s Sys=0.00s Real=0.00s
[595.480s][info][gc,start       ] GC(1597) Pause Young (Allocation Failure)
[595.481s][info][gc,heap        ] GC(1597) PSYoungGen: 283712K(308736K)->64K(306688K) Eden: 283648K(283648K)->0K(284672K) From: 64K(25088K)->64K(22016K)
[595.481s][info][gc,heap        ] GC(1597) ParOldGen: 290616K(290816K)->290624K(290816K)
[595.481s][info][gc,metaspace   ] GC(1597) Metaspace: 35414K(36096K)->35414K(36096K) NonClass: 29141K(29632K)->29141K(29632K) Class: 6272K(6464K)->6272K(6464K)
[595.481s][info][gc             ] GC(1597) Pause Young (Allocation Failure) 560M->283M(583M) 1.400ms
[595.481s][info][gc,cpu         ] GC(1597) User=0.00s Sys=0.00s Real=0.01s
[595.984s][info][gc,start       ] GC(1598) Pause Young (Allocation Failure)
[595.986s][info][gc,heap        ] GC(1598) PSYoungGen: 284736K(306688K)->32K(308224K) Eden: 284672K(284672K)->0K(284672K) From: 64K(22016K)->32K(23552K)
[595.986s][info][gc,heap        ] GC(1598) ParOldGen: 290624K(290816K)->290632K(290816K)
[595.986s][info][gc,metaspace   ] GC(1598) Metaspace: 35414K(36096K)->35414K(36096K) NonClass: 29141K(29632K)->29141K(29632K) Class: 6272K(6464K)->6272K(6464K)
[595.986s][info][gc             ] GC(1598) Pause Young (Allocation Failure) 561M->283M(585M) 1.887ms
[595.986s][info][gc,cpu         ] GC(1598) User=0.00s Sys=0.00s Real=0.00s
[596.233s][info][gc,start       ] GC(1599) Pause Young (Allocation Failure)
[596.235s][info][gc,heap        ] GC(1599) PSYoungGen: 284704K(308224K)->32K(307712K) Eden: 284672K(284672K)->0K(287744K) From: 32K(23552K)->32K(19968K)
[596.235s][info][gc,heap        ] GC(1599) ParOldGen: 290632K(290816K)->290648K(290816K)
[596.235s][info][gc,metaspace   ] GC(1599) Metaspace: 35414K(36096K)->35414K(36096K) NonClass: 29141K(29632K)->29141K(29632K) Class: 6272K(6464K)->6272K(6464K)
[596.235s][info][gc             ] GC(1599) Pause Young (Allocation Failure) 561M->283M(584M) 1.959ms
[596.235s][info][gc,cpu         ] GC(1599) User=0.00s Sys=0.00s Real=0.00s
[596.527s][info][gc,start       ] GC(1600) Pause Young (Allocation Failure)
[596.529s][info][gc,heap        ] GC(1600) PSYoungGen: 287776K(307712K)->32K(309248K) Eden: 287744K(287744K)->0K(287744K) From: 32K(19968K)->32K(21504K)
[596.529s][info][gc,heap        ] GC(1600) ParOldGen: 290648K(290816K)->290648K(290816K)
[596.529s][info][gc,metaspace   ] GC(1600) Metaspace: 35414K(36096K)->35414K(36096K) NonClass: 29141K(29632K)->29141K(29632K) Class: 6272K(6464K)->6272K(6464K)
[596.529s][info][gc             ] GC(1600) Pause Young (Allocation Failure) 564M->283M(586M) 1.848ms
[596.529s][info][gc,cpu         ] GC(1600) User=0.00s Sys=0.00s Real=0.00s
[596.956s][info][gc,start       ] GC(1601) Pause Young (Allocation Failure)
[596.958s][info][gc,heap        ] GC(1601) PSYoungGen: 287776K(309248K)->64K(309760K) Eden: 287744K(287744K)->0K(291840K) From: 32K(21504K)->64K(17920K)
[596.958s][info][gc,heap        ] GC(1601) ParOldGen: 290648K(290816K)->290648K(290816K)
[596.958s][info][gc,metaspace   ] GC(1601) Metaspace: 35414K(36096K)->35414K(36096K) NonClass: 29141K(29632K)->29141K(29632K) Class: 6272K(6464K)->6272K(6464K)
[596.958s][info][gc             ] GC(1601) Pause Young (Allocation Failure) 564M->283M(586M) 1.333ms
[596.958s][info][gc,cpu         ] GC(1601) User=0.00s Sys=0.00s Real=0.00s
[597.044s][info][gc,start       ] GC(1602) Pause Young (Allocation Failure)
[597.045s][info][gc,heap        ] GC(1602) PSYoungGen: 291904K(309760K)->64K(311296K) Eden: 291840K(291840K)->0K(291840K) From: 64K(17920K)->64K(19456K)
[597.046s][info][gc,heap        ] GC(1602) ParOldGen: 290648K(290816K)->290664K(290816K)
[597.046s][info][gc,metaspace   ] GC(1602) Metaspace: 35414K(36096K)->35414K(36096K) NonClass: 29141K(29632K)->29141K(29632K) Class: 6272K(6464K)->6272K(6464K)
[597.046s][info][gc             ] GC(1602) Pause Young (Allocation Failure) 568M->283M(588M) 1.726ms
[597.046s][info][gc,cpu         ] GC(1602) User=0.01s Sys=0.00s Real=0.00s
[597.101s][info][gc,start       ] GC(1603) Pause Young (Allocation Failure)
[597.103s][info][gc,heap        ] GC(1603) PSYoungGen: 291904K(311296K)->32K(311808K) Eden: 291840K(291840K)->0K(295936K) From: 64K(19456K)->32K(15872K)
[597.103s][info][gc,heap        ] GC(1603) ParOldGen: 290664K(290816K)->290672K(290816K)
[597.103s][info][gc,metaspace   ] GC(1603) Metaspace: 35414K(36096K)->35414K(36096K) NonClass: 29141K(29632K)->29141K(29632K) Class: 6272K(6464K)->6272K(6464K)
[597.103s][info][gc             ] GC(1603) Pause Young (Allocation Failure) 568M->283M(588M) 1.612ms
[597.103s][info][gc,cpu         ] GC(1603) User=0.01s Sys=0.00s Real=0.00s
[597.284s][info][gc,start       ] GC(1604) Pause Young (Allocation Failure)
[597.285s][info][gc,heap        ] GC(1604) PSYoungGen: 295968K(311808K)->64K(313344K) Eden: 295936K(295936K)->0K(295936K) From: 32K(15872K)->64K(17408K)
[597.285s][info][gc,heap        ] GC(1604) ParOldGen: 290672K(290816K)->290672K(290816K)
[597.285s][info][gc,metaspace   ] GC(1604) Metaspace: 35414K(36096K)->35414K(36096K) NonClass: 29141K(29632K)->29141K(29632K) Class: 6272K(6464K)->6272K(6464K)
[597.285s][info][gc             ] GC(1604) Pause Young (Allocation Failure) 572M->283M(590M) 1.350ms
[597.285s][info][gc,cpu         ] GC(1604) User=0.00s Sys=0.00s Real=0.00s
[597.537s][info][gc,start       ] GC(1605) Pause Young (Allocation Failure)
[597.538s][info][gc,heap        ] GC(1605) PSYoungGen: 296000K(313344K)->32K(313856K) Eden: 295936K(295936K)->0K(299520K) From: 64K(17408K)->32K(14336K)
[597.538s][info][gc,heap        ] GC(1605) ParOldGen: 290672K(290816K)->290688K(290816K)
[597.538s][info][gc,metaspace   ] GC(1605) Metaspace: 35414K(36096K)->35414K(36096K) NonClass: 29141K(29632K)->29141K(29632K) Class: 6272K(6464K)->6272K(6464K)
[597.538s][info][gc             ] GC(1605) Pause Young (Allocation Failure) 572M->283M(590M) 1.666ms
[597.538s][info][gc,cpu         ] GC(1605) User=0.01s Sys=0.00s Real=0.00s
[597.699s][info][gc,start       ] GC(1606) Pause Young (Allocation Failure)
[597.701s][info][gc,heap        ] GC(1606) PSYoungGen: 299552K(313856K)->64K(315392K) Eden: 299520K(299520K)->0K(299520K) From: 32K(14336K)->64K(15872K)
[597.701s][info][gc,heap        ] GC(1606) ParOldGen: 290688K(290816K)->290696K(290816K)
[597.701s][info][gc,metaspace   ] GC(1606) Metaspace: 35414K(36096K)->35414K(36096K) NonClass: 29141K(29632K)->29141K(29632K) Class: 6272K(6464K)->6272K(6464K)
[597.701s][info][gc             ] GC(1606) Pause Young (Allocation Failure) 576M->283M(592M) 1.413ms
[597.701s][info][gc,cpu         ] GC(1606) User=0.00s Sys=0.00s Real=0.01s
[597.793s][info][gc,start       ] GC(1607) Pause Young (Allocation Failure)
[597.795s][info][gc,heap        ] GC(1607) PSYoungGen: 299584K(315392K)->32K(315392K) Eden: 299520K(299520K)->0K(303104K) From: 64K(15872K)->32K(12288K)
[597.795s][info][gc,heap        ] GC(1607) ParOldGen: 290696K(290816K)->290704K(290816K)
[597.795s][info][gc,metaspace   ] GC(1607) Metaspace: 35414K(36096K)->35414K(36096K) NonClass: 29141K(29632K)->29141K(29632K) Class: 6272K(6464K)->6272K(6464K)
[597.795s][info][gc             ] GC(1607) Pause Young (Allocation Failure) 576M->283M(592M) 1.665ms
[597.795s][info][gc,cpu         ] GC(1607) User=0.00s Sys=0.00s Real=0.00s
[597.995s][info][gc,start       ] GC(1608) Pause Young (Allocation Failure)
[597.997s][info][gc,heap        ] GC(1608) PSYoungGen: 303136K(315392K)->32K(316928K) Eden: 303104K(303104K)->0K(303104K) From: 32K(12288K)->32K(13824K)
[597.997s][info][gc,heap        ] GC(1608) ParOldGen: 290704K(290816K)->290712K(290816K)
[597.997s][info][gc,metaspace   ] GC(1608) Metaspace: 35414K(36096K)->35414K(36096K) NonClass: 29141K(29632K)->29141K(29632K) Class: 6272K(6464K)->6272K(6464K)
[597.997s][info][gc             ] GC(1608) Pause Young (Allocation Failure) 579M->283M(593M) 1.712ms
[597.997s][info][gc,cpu         ] GC(1608) User=0.01s Sys=0.00s Real=0.00s
[599.155s][info][gc,start       ] GC(1609) Pause Young (Allocation Failure)
[599.156s][info][gc,heap        ] GC(1609) PSYoungGen: 303136K(316928K)->64K(318464K) Eden: 303104K(303104K)->0K(307200K) From: 32K(13824K)->64K(11264K)
[599.156s][info][gc,heap        ] GC(1609) ParOldGen: 290712K(290816K)->290720K(290816K)
[599.156s][info][gc,metaspace   ] GC(1609) Metaspace: 35414K(36096K)->35414K(36096K) NonClass: 29141K(29632K)->29141K(29632K) Class: 6272K(6464K)->6272K(6464K)
[599.156s][info][gc             ] GC(1609) Pause Young (Allocation Failure) 579M->283M(595M) 1.339ms
[599.156s][info][gc,cpu         ] GC(1609) User=0.00s Sys=0.00s Real=0.00s
[600.256s][info][gc,start       ] GC(1610) Pause Young (Allocation Failure)
[600.259s][info][gc,heap        ] GC(1610) PSYoungGen: 307264K(318464K)->32K(295424K) Eden: 307200K(307200K)->0K(294912K) From: 64K(11264K)->32K(512K)
[600.259s][info][gc,heap        ] GC(1610) ParOldGen: 290720K(290816K)->290736K(290816K)
[600.259s][info][gc,metaspace   ] GC(1610) Metaspace: 35414K(36096K)->35414K(36096K) NonClass: 29141K(29632K)->29141K(29632K) Class: 6272K(6464K)->6272K(6464K)
[600.259s][info][gc             ] GC(1610) Pause Young (Allocation Failure) 583M->283M(572M) 3.021ms
[600.259s][info][gc,cpu         ] GC(1610) User=0.01s Sys=0.01s Real=0.00s
[600.623s][info][gc,start       ] GC(1611) Pause Young (Allocation Failure)
[600.626s][info][gc,heap        ] GC(1611) PSYoungGen: 294944K(295424K)->32K(283648K) Eden: 294912K(294912K)->0K(283136K) From: 32K(512K)->32K(512K)
[600.626s][info][gc,heap        ] GC(1611) ParOldGen: 290736K(290816K)->290744K(290816K)
[600.626s][info][gc,metaspace   ] GC(1611) Metaspace: 35414K(36096K)->35414K(36096K) NonClass: 29141K(29632K)->29141K(29632K) Class: 6272K(6464K)->6272K(6464K)
[600.626s][info][gc             ] GC(1611) Pause Young (Allocation Failure) 571M->283M(561M) 3.295ms
[600.626s][info][gc,cpu         ] GC(1611) User=0.00s Sys=0.00s Real=0.00s
[601.138s][info][gc,start       ] GC(1612) Pause Young (Allocation Failure)
[601.141s][info][gc,heap        ] GC(1612) PSYoungGen: 283168K(283648K)->64K(282624K) Eden: 283136K(283136K)->0K(271872K) From: 32K(512K)->64K(10752K)
[601.141s][info][gc,heap        ] GC(1612) ParOldGen: 290744K(290816K)->290752K(290816K)
[601.141s][info][gc,metaspace   ] GC(1612) Metaspace: 35414K(36096K)->35414K(36096K) NonClass: 29141K(29632K)->29141K(29632K) Class: 6272K(6464K)->6272K(6464K)
[601.141s][info][gc             ] GC(1612) Pause Young (Allocation Failure) 560M->284M(560M) 2.484ms
[601.141s][info][gc,cpu         ] GC(1612) User=0.00s Sys=0.00s Real=0.01s
[602.297s][info][gc,start       ] GC(1613) Pause Young (Allocation Failure)
[602.301s][info][gc,heap        ] GC(1613) PSYoungGen: 271936K(282624K)->32K(261632K) Eden: 271872K(271872K)->0K(261120K) From: 64K(10752K)->32K(512K)
[602.301s][info][gc,heap        ] GC(1613) ParOldGen: 290752K(290816K)->290760K(290816K)
[602.301s][info][gc,metaspace   ] GC(1613) Metaspace: 35414K(36096K)->35414K(36096K) NonClass: 29141K(29632K)->29141K(29632K) Class: 6272K(6464K)->6272K(6464K)
[602.301s][info][gc             ] GC(1613) Pause Young (Allocation Failure) 549M->283M(539M) 3.747ms
[602.301s][info][gc,cpu         ] GC(1613) User=0.01s Sys=0.00s Real=0.01s
[602.724s][info][gc,start       ] GC(1614) Pause Young (Allocation Failure)
[602.726s][info][gc,heap        ] GC(1614) PSYoungGen: 261152K(261632K)->32K(260096K) Eden: 261120K(261120K)->0K(250880K) From: 32K(512K)->32K(9216K)
[602.726s][info][gc,heap        ] GC(1614) ParOldGen: 290760K(290816K)->290768K(290816K)
[602.726s][info][gc,metaspace   ] GC(1614) Metaspace: 35414K(36096K)->35414K(36096K) NonClass: 29141K(29632K)->29141K(29632K) Class: 6272K(6464K)->6272K(6464K)
[602.726s][info][gc             ] GC(1614) Pause Young (Allocation Failure) 538M->283M(538M) 2.206ms
[602.726s][info][gc,cpu         ] GC(1614) User=0.00s Sys=0.00s Real=0.00s
[602.869s][info][gc,start       ] GC(1615) Pause Young (Allocation Failure)
[602.872s][info][gc,heap        ] GC(1615) PSYoungGen: 250912K(260096K)->64K(241664K) Eden: 250880K(250880K)->0K(241152K) From: 32K(9216K)->64K(512K)
[602.872s][info][gc,heap        ] GC(1615) ParOldGen: 290768K(290816K)->290784K(290816K)
[602.872s][info][gc,metaspace   ] GC(1615) Metaspace: 35414K(36096K)->35414K(36096K) NonClass: 29141K(29632K)->29141K(29632K) Class: 6272K(6464K)->6272K(6464K)
[602.872s][info][gc             ] GC(1615) Pause Young (Allocation Failure) 528M->284M(520M) 3.043ms
[602.872s][info][gc,cpu         ] GC(1615) User=0.01s Sys=0.00s Real=0.01s
[603.339s][info][gc,start       ] GC(1616) Pause Young (Allocation Failure)
[603.341s][info][gc,heap        ] GC(1616) PSYoungGen: 241216K(241664K)->64K(240128K) Eden: 241152K(241152K)->0K(231936K) From: 64K(512K)->64K(8192K)
[603.341s][info][gc,heap        ] GC(1616) ParOldGen: 290784K(290816K)->290792K(290816K)
[603.341s][info][gc,metaspace   ] GC(1616) Metaspace: 35414K(36096K)->35414K(36096K) NonClass: 29141K(29632K)->29141K(29632K) Class: 6272K(6464K)->6272K(6464K)
[603.341s][info][gc             ] GC(1616) Pause Young (Allocation Failure) 519M->284M(518M) 2.229ms
[603.341s][info][gc,cpu         ] GC(1616) User=0.00s Sys=0.00s Real=0.01s
[603.729s][info][gc,start       ] GC(1617) Pause Young (Allocation Failure)
[603.732s][info][gc,heap        ] GC(1617) PSYoungGen: 232000K(240128K)->64K(223744K) Eden: 231936K(231936K)->0K(223232K) From: 64K(8192K)->64K(512K)
[603.732s][info][gc,heap        ] GC(1617) ParOldGen: 290792K(290816K)->290800K(290816K)
[603.732s][info][gc,metaspace   ] GC(1617) Metaspace: 35414K(36096K)->35414K(36096K) NonClass: 29141K(29632K)->29141K(29632K) Class: 6272K(6464K)->6272K(6464K)
[603.732s][info][gc             ] GC(1617) Pause Young (Allocation Failure) 510M->284M(502M) 3.110ms
[603.732s][info][gc,cpu         ] GC(1617) User=0.00s Sys=0.00s Real=0.01s
[604.170s][info][gc,start       ] GC(1618) Pause Young (Allocation Failure)
[604.181s][info][gc,heap        ] GC(1618) PSYoungGen: 223296K(223744K)->5024K(269312K) Eden: 223232K(223232K)->0K(264192K) From: 64K(512K)->5024K(5120K)
[604.181s][info][gc,heap        ] GC(1618) ParOldGen: 290800K(290816K)->290808K(290816K)
[604.181s][info][gc,metaspace   ] GC(1618) Metaspace: 35414K(36096K)->35414K(36096K) NonClass: 29141K(29632K)->29141K(29632K) Class: 6272K(6464K)->6272K(6464K)
[604.181s][info][gc             ] GC(1618) Pause Young (Allocation Failure) 502M->288M(547M) 11.651ms
[604.181s][info][gc,cpu         ] GC(1618) User=0.02s Sys=0.00s Real=0.02s
[604.533s][info][gc,start       ] GC(1619) Pause Young (Allocation Failure)
[604.611s][info][gc,heap        ] GC(1619) PSYoungGen: 269216K(269312K)->8192K(268288K) Eden: 264192K(264192K)->0K(260096K) From: 5024K(5120K)->8192K(8192K)
[604.611s][info][gc,heap        ] GC(1619) ParOldGen: 290808K(290816K)->310664K(310784K)
[604.611s][info][gc,metaspace   ] GC(1619) Metaspace: 35414K(36096K)->35414K(36096K) NonClass: 29141K(29632K)->29141K(29632K) Class: 6272K(6464K)->6272K(6464K)
[604.611s][info][gc             ] GC(1619) Pause Young (Allocation Failure) 546M->311M(565M) 78.392ms
[604.611s][info][gc,cpu         ] GC(1619) User=0.13s Sys=0.02s Real=0.08s
[604.957s][info][gc,start       ] GC(1620) Pause Young (Allocation Failure)
[605.016s][info][gc,heap        ] GC(1620) PSYoungGen: 268288K(268288K)->17408K(277504K) Eden: 260096K(260096K)->0K(260096K) From: 8192K(8192K)->17408K(17408K)
[605.016s][info][gc,heap        ] GC(1620) ParOldGen: 310664K(310784K)->321584K(322048K)
[605.016s][info][gc,metaspace   ] GC(1620) Metaspace: 35414K(36096K)->35414K(36096K) NonClass: 29141K(29632K)->29141K(29632K) Class: 6272K(6464K)->6272K(6464K)
[605.016s][info][gc             ] GC(1620) Pause Young (Allocation Failure) 565M->331M(585M) 59.268ms
[605.016s][info][gc,cpu         ] GC(1620) User=0.10s Sys=0.02s Real=0.06s
[605.171s][info][gc,start       ] GC(1621) Pause Young (Allocation Failure)
[605.195s][info][gc,heap        ] GC(1621) PSYoungGen: 277504K(277504K)->8352K(309760K) Eden: 260096K(260096K)->0K(284672K) From: 17408K(17408K)->8352K(25088K)
[605.195s][info][gc,heap        ] GC(1621) ParOldGen: 321584K(322048K)->321968K(322048K)
[605.195s][info][gc,metaspace   ] GC(1621) Metaspace: 35414K(36096K)->35414K(36096K) NonClass: 29141K(29632K)->29141K(29632K) Class: 6272K(6464K)->6272K(6464K)
[605.195s][info][gc             ] GC(1621) Pause Young (Allocation Failure) 585M->322M(617M) 23.914ms
[605.195s][info][gc,cpu         ] GC(1621) User=0.04s Sys=0.00s Real=0.02s
[605.703s][info][gc,start       ] GC(1622) Pause Young (Allocation Failure)
[605.705s][info][gc,heap        ] GC(1622) PSYoungGen: 293024K(309760K)->64K(285184K) Eden: 284672K(284672K)->0K(284672K) From: 8352K(25088K)->64K(512K)
[605.705s][info][gc,heap        ] GC(1622) ParOldGen: 321968K(322048K)->321976K(322048K)
[605.705s][info][gc,metaspace   ] GC(1622) Metaspace: 35414K(36096K)->35414K(36096K) NonClass: 29141K(29632K)->29141K(29632K) Class: 6272K(6464K)->6272K(6464K)
[605.705s][info][gc             ] GC(1622) Pause Young (Allocation Failure) 600M->314M(593M) 2.140ms
[605.705s][info][gc,cpu         ] GC(1622) User=0.00s Sys=0.00s Real=0.00s
[606.358s][info][gc,start       ] GC(1623) Pause Young (Allocation Failure)
[606.360s][info][gc,heap        ] GC(1623) PSYoungGen: 284736K(285184K)->64K(309248K) Eden: 284672K(284672K)->0K(285696K) From: 64K(512K)->64K(23552K)
[606.360s][info][gc,heap        ] GC(1623) ParOldGen: 321976K(322048K)->321984K(322048K)
[606.360s][info][gc,metaspace   ] GC(1623) Metaspace: 35416K(36096K)->35416K(36096K) NonClass: 29143K(29632K)->29143K(29632K) Class: 6272K(6464K)->6272K(6464K)
[606.360s][info][gc             ] GC(1623) Pause Young (Allocation Failure) 592M->314M(616M) 1.975ms
[606.360s][info][gc,cpu         ] GC(1623) User=0.00s Sys=0.00s Real=0.00s
[606.856s][info][gc,start       ] GC(1624) Pause Young (Allocation Failure)
[606.858s][info][gc,heap        ] GC(1624) PSYoungGen: 285760K(309248K)->64K(308224K) Eden: 285696K(285696K)->0K(285696K) From: 64K(23552K)->64K(22528K)
[606.858s][info][gc,heap        ] GC(1624) ParOldGen: 321984K(322048K)->322000K(322048K)
[606.858s][info][gc,metaspace   ] GC(1624) Metaspace: 35416K(36096K)->35416K(36096K) NonClass: 29143K(29632K)->29143K(29632K) Class: 6272K(6464K)->6272K(6464K)
[606.858s][info][gc             ] GC(1624) Pause Young (Allocation Failure) 593M->314M(615M) 2.082ms
[606.858s][info][gc,cpu         ] GC(1624) User=0.00s Sys=0.00s Real=0.00s
[607.108s][info][gc,start       ] GC(1625) Pause Young (Allocation Failure)
[607.110s][info][gc,heap        ] GC(1625) PSYoungGen: 285760K(308224K)->64K(309760K) Eden: 285696K(285696K)->0K(288256K) From: 64K(22528K)->64K(21504K)
[607.110s][info][gc,heap        ] GC(1625) ParOldGen: 322000K(322048K)->322016K(322048K)
[607.110s][info][gc,metaspace   ] GC(1625) Metaspace: 35416K(36096K)->35416K(36096K) NonClass: 29143K(29632K)->29143K(29632K) Class: 6272K(6464K)->6272K(6464K)
[607.110s][info][gc             ] GC(1625) Pause Young (Allocation Failure) 593M->314M(617M) 2.066ms
[607.110s][info][gc,cpu         ] GC(1625) User=0.00s Sys=0.00s Real=0.00s
[607.364s][info][gc,start       ] GC(1626) Pause Young (Allocation Failure)
[607.366s][info][gc,heap        ] GC(1626) PSYoungGen: 288320K(309760K)->64K(309248K) Eden: 288256K(288256K)->0K(288256K) From: 64K(21504K)->64K(20992K)
[607.366s][info][gc,heap        ] GC(1626) ParOldGen: 322016K(322048K)->322016K(322048K)
[607.366s][info][gc,metaspace   ] GC(1626) Metaspace: 35416K(36096K)->35416K(36096K) NonClass: 29143K(29632K)->29143K(29632K) Class: 6272K(6464K)->6272K(6464K)
[607.366s][info][gc             ] GC(1626) Pause Young (Allocation Failure) 596M->314M(616M) 1.959ms
[607.366s][info][gc,cpu         ] GC(1626) User=0.00s Sys=0.00s Real=0.00s
[607.781s][info][gc,start       ] GC(1627) Pause Young (Allocation Failure)
[607.783s][info][gc,heap        ] GC(1627) PSYoungGen: 288320K(309248K)->64K(311808K) Eden: 288256K(288256K)->0K(292352K) From: 64K(20992K)->64K(19456K)
[607.783s][info][gc,heap        ] GC(1627) ParOldGen: 322016K(322048K)->322016K(322048K)
[607.783s][info][gc,metaspace   ] GC(1627) Metaspace: 35416K(36096K)->35416K(36096K) NonClass: 29143K(29632K)->29143K(29632K) Class: 6272K(6464K)->6272K(6464K)
[607.783s][info][gc             ] GC(1627) Pause Young (Allocation Failure) 596M->314M(619M) 1.944ms
[607.783s][info][gc,cpu         ] GC(1627) User=0.00s Sys=0.00s Real=0.00s
[607.901s][info][gc,start       ] GC(1628) Pause Young (Allocation Failure)
[607.903s][info][gc,heap        ] GC(1628) PSYoungGen: 292416K(311808K)->64K(311296K) Eden: 292352K(292352K)->0K(292352K) From: 64K(19456K)->64K(18944K)
[607.903s][info][gc,heap        ] GC(1628) ParOldGen: 322016K(322048K)->322024K(322048K)
[607.903s][info][gc,metaspace   ] GC(1628) Metaspace: 35416K(36096K)->35416K(36096K) NonClass: 29143K(29632K)->29143K(29632K) Class: 6272K(6464K)->6272K(6464K)
[607.903s][info][gc             ] GC(1628) Pause Young (Allocation Failure) 600M->314M(618M) 1.938ms
[607.903s][info][gc,cpu         ] GC(1628) User=0.01s Sys=0.00s Real=0.00s
[607.960s][info][gc,start       ] GC(1629) Pause Young (Allocation Failure)
[607.962s][info][gc,heap        ] GC(1629) PSYoungGen: 292416K(311296K)->64K(313856K) Eden: 292352K(292352K)->0K(296448K) From: 64K(18944K)->64K(17408K)
[607.962s][info][gc,heap        ] GC(1629) ParOldGen: 322024K(322048K)->322040K(322048K)
[607.962s][info][gc,metaspace   ] GC(1629) Metaspace: 35416K(36096K)->35416K(36096K) NonClass: 29143K(29632K)->29143K(29632K) Class: 6272K(6464K)->6272K(6464K)
[607.962s][info][gc             ] GC(1629) Pause Young (Allocation Failure) 600M->314M(621M) 2.021ms
[607.962s][info][gc,cpu         ] GC(1629) User=0.01s Sys=0.00s Real=0.01s
[608.127s][info][gc,start       ] GC(1630) Pause Young (Allocation Failure)
[608.129s][info][gc,heap        ] GC(1630) PSYoungGen: 296512K(313856K)->64K(313344K) Eden: 296448K(296448K)->0K(296448K) From: 64K(17408K)->64K(16896K)
[608.129s][info][gc,heap        ] GC(1630) ParOldGen: 322040K(322048K)->322040K(322048K)
[608.129s][info][gc,metaspace   ] GC(1630) Metaspace: 35416K(36096K)->35416K(36096K) NonClass: 29143K(29632K)->29143K(29632K) Class: 6272K(6464K)->6272K(6464K)
[608.129s][info][gc             ] GC(1630) Pause Young (Allocation Failure) 604M->314M(620M) 2.005ms
[608.129s][info][gc,cpu         ] GC(1630) User=0.00s Sys=0.00s Real=0.00s
[608.380s][info][gc,start       ] GC(1631) Pause Young (Allocation Failure)
[608.382s][info][gc,heap        ] GC(1631) PSYoungGen: 296512K(313344K)->32K(315904K) Eden: 296448K(296448K)->0K(300544K) From: 64K(16896K)->32K(15360K)
[608.382s][info][gc,heap        ] GC(1631) ParOldGen: 322040K(322048K)->322048K(322560K)
[608.382s][info][gc,metaspace   ] GC(1631) Metaspace: 35416K(36096K)->35416K(36096K) NonClass: 29143K(29632K)->29143K(29632K) Class: 6272K(6464K)->6272K(6464K)
[608.382s][info][gc             ] GC(1631) Pause Young (Allocation Failure) 604M->314M(623M) 1.944ms
[608.382s][info][gc,cpu         ] GC(1631) User=0.00s Sys=0.00s Real=0.01s
[608.560s][info][gc,start       ] GC(1632) Pause Young (Allocation Failure)
[608.562s][info][gc,heap        ] GC(1632) PSYoungGen: 300576K(315904K)->32K(315904K) Eden: 300544K(300544K)->0K(300544K) From: 32K(15360K)->32K(15360K)
[608.562s][info][gc,heap        ] GC(1632) ParOldGen: 322048K(322560K)->322056K(322560K)
[608.562s][info][gc,metaspace   ] GC(1632) Metaspace: 35416K(36096K)->35416K(36096K) NonClass: 29143K(29632K)->29143K(29632K) Class: 6272K(6464K)->6272K(6464K)
[608.562s][info][gc             ] GC(1632) Pause Young (Allocation Failure) 608M->314M(623M) 1.784ms
[608.562s][info][gc,cpu         ] GC(1632) User=0.00s Sys=0.00s Real=0.01s
[608.653s][info][gc,start       ] GC(1633) Pause Young (Allocation Failure)
[608.655s][info][gc,heap        ] GC(1633) PSYoungGen: 300576K(315904K)->32K(317440K) Eden: 300544K(300544K)->0K(304128K) From: 32K(15360K)->32K(13312K)
[608.655s][info][gc,heap        ] GC(1633) ParOldGen: 322056K(322560K)->322072K(322560K)
[608.655s][info][gc,metaspace   ] GC(1633) Metaspace: 35416K(36096K)->35416K(36096K) NonClass: 29143K(29632K)->29143K(29632K) Class: 6272K(6464K)->6272K(6464K)
[608.655s][info][gc             ] GC(1633) Pause Young (Allocation Failure) 608M->314M(625M) 2.005ms
[608.655s][info][gc,cpu         ] GC(1633) User=0.00s Sys=0.00s Real=0.00s
[608.855s][info][gc,start       ] GC(1634) Pause Young (Allocation Failure)
[608.856s][info][gc,heap        ] GC(1634) PSYoungGen: 304160K(317440K)->64K(317440K) Eden: 304128K(304128K)->0K(304128K) From: 32K(13312K)->64K(13312K)
[608.857s][info][gc,heap        ] GC(1634) ParOldGen: 322072K(322560K)->322072K(322560K)
[608.857s][info][gc,metaspace   ] GC(1634) Metaspace: 35416K(36096K)->35416K(36096K) NonClass: 29143K(29632K)->29143K(29632K) Class: 6272K(6464K)->6272K(6464K)
[608.857s][info][gc             ] GC(1634) Pause Young (Allocation Failure) 611M->314M(625M) 2.001ms
[608.857s][info][gc,cpu         ] GC(1634) User=0.00s Sys=0.00s Real=0.00s
[609.999s][info][gc,start       ] GC(1635) Pause Young (Allocation Failure)
[610.001s][info][gc,heap        ] GC(1635) PSYoungGen: 304192K(317440K)->83K(318976K) Eden: 304128K(304128K)->0K(307712K) From: 64K(13312K)->83K(11264K)
[610.001s][info][gc,heap        ] GC(1635) ParOldGen: 322072K(322560K)->322080K(322560K)
[610.001s][info][gc,metaspace   ] GC(1635) Metaspace: 35416K(36096K)->35416K(36096K) NonClass: 29143K(29632K)->29143K(29632K) Class: 6272K(6464K)->6272K(6464K)
[610.001s][info][gc             ] GC(1635) Pause Young (Allocation Failure) 611M->314M(626M) 1.992ms
[610.001s][info][gc,cpu         ] GC(1635) User=0.00s Sys=0.00s Real=0.01s
[611.015s][info][gc,start       ] GC(1636) Pause Young (Allocation Failure)
[611.017s][info][gc,heap        ] GC(1636) PSYoungGen: 307795K(318976K)->64K(295936K) Eden: 307712K(307712K)->0K(295424K) From: 83K(11264K)->64K(512K)
[611.017s][info][gc,heap        ] GC(1636) ParOldGen: 322080K(322560K)->322088K(322560K)
[611.017s][info][gc,metaspace   ] GC(1636) Metaspace: 35416K(36096K)->35416K(36096K) NonClass: 29143K(29632K)->29143K(29632K) Class: 6272K(6464K)->6272K(6464K)
[611.017s][info][gc             ] GC(1636) Pause Young (Allocation Failure) 615M->314M(604M) 2.076ms
[611.017s][info][gc,cpu         ] GC(1636) User=0.00s Sys=0.00s Real=0.00s
[611.345s][info][gc,start       ] GC(1637) Pause Young (Allocation Failure)
[611.347s][info][gc,heap        ] GC(1637) PSYoungGen: 295488K(295936K)->64K(284160K) Eden: 295424K(295424K)->0K(283648K) From: 64K(512K)->64K(512K)
[611.347s][info][gc,heap        ] GC(1637) ParOldGen: 322088K(322560K)->322096K(322560K)
[611.347s][info][gc,metaspace   ] GC(1637) Metaspace: 35416K(36096K)->35416K(36096K) NonClass: 29143K(29632K)->29143K(29632K) Class: 6272K(6464K)->6272K(6464K)
[611.347s][info][gc             ] GC(1637) Pause Young (Allocation Failure) 603M->314M(592M) 2.535ms
[611.347s][info][gc,cpu         ] GC(1637) User=0.01s Sys=0.00s Real=0.00s
[611.862s][info][gc,start       ] GC(1638) Pause Young (Allocation Failure)
[611.864s][info][gc,heap        ] GC(1638) PSYoungGen: 283712K(284160K)->64K(282624K) Eden: 283648K(283648K)->0K(272384K) From: 64K(512K)->64K(10240K)
[611.864s][info][gc,heap        ] GC(1638) ParOldGen: 322096K(322560K)->322104K(322560K)
[611.864s][info][gc,metaspace   ] GC(1638) Metaspace: 35416K(36096K)->35416K(36096K) NonClass: 29143K(29632K)->29143K(29632K) Class: 6272K(6464K)->6272K(6464K)
[611.864s][info][gc             ] GC(1638) Pause Young (Allocation Failure) 591M->314M(591M) 1.895ms
[611.864s][info][gc,cpu         ] GC(1638) User=0.00s Sys=0.00s Real=0.00s
[613.001s][info][gc,start       ] GC(1639) Pause Young (Allocation Failure)
[613.003s][info][gc,heap        ] GC(1639) PSYoungGen: 272448K(282624K)->64K(262144K) Eden: 272384K(272384K)->0K(261632K) From: 64K(10240K)->64K(512K)
[613.003s][info][gc,heap        ] GC(1639) ParOldGen: 322104K(322560K)->322112K(322560K)
[613.003s][info][gc,metaspace   ] GC(1639) Metaspace: 35416K(36096K)->35416K(36096K) NonClass: 29143K(29632K)->29143K(29632K) Class: 6272K(6464K)->6272K(6464K)
[613.003s][info][gc             ] GC(1639) Pause Young (Allocation Failure) 580M->314M(571M) 2.101ms
[613.003s][info][gc,cpu         ] GC(1639) User=0.00s Sys=0.00s Real=0.01s
[613.433s][info][gc,start       ] GC(1640) Pause Young (Allocation Failure)
[613.436s][info][gc,heap        ] GC(1640) PSYoungGen: 261696K(262144K)->64K(260608K) Eden: 261632K(261632K)->0K(251392K) From: 64K(512K)->64K(9216K)
[613.436s][info][gc,heap        ] GC(1640) ParOldGen: 322112K(322560K)->322120K(322560K)
[613.436s][info][gc,metaspace   ] GC(1640) Metaspace: 35416K(36096K)->35416K(36096K) NonClass: 29143K(29632K)->29143K(29632K) Class: 6272K(6464K)->6272K(6464K)
[613.436s][info][gc             ] GC(1640) Pause Young (Allocation Failure) 570M->314M(569M) 2.298ms
[613.436s][info][gc,cpu         ] GC(1640) User=0.00s Sys=0.00s Real=0.00s
[613.591s][info][gc,start       ] GC(1641) Pause Young (Allocation Failure)
[613.594s][info][gc,heap        ] GC(1641) PSYoungGen: 251456K(260608K)->64K(242176K) Eden: 251392K(251392K)->0K(241664K) From: 64K(9216K)->64K(512K)
[613.594s][info][gc,heap        ] GC(1641) ParOldGen: 322120K(322560K)->322136K(322560K)
[613.594s][info][gc,metaspace   ] GC(1641) Metaspace: 35416K(36096K)->35416K(36096K) NonClass: 29143K(29632K)->29143K(29632K) Class: 6272K(6464K)->6272K(6464K)
[613.594s][info][gc             ] GC(1641) Pause Young (Allocation Failure) 560M->314M(551M) 3.060ms
[613.594s][info][gc,cpu         ] GC(1641) User=0.00s Sys=0.00s Real=0.00s
[613.996s][info][gc,start       ] GC(1642) Pause Young (Allocation Failure)
[613.999s][info][gc,heap        ] GC(1642) PSYoungGen: 241728K(242176K)->64K(240128K) Eden: 241664K(241664K)->0K(232448K) From: 64K(512K)->64K(7680K)
[613.999s][info][gc,heap        ] GC(1642) ParOldGen: 322136K(322560K)->322152K(322560K)
[613.999s][info][gc,metaspace   ] GC(1642) Metaspace: 35416K(36096K)->35416K(36096K) NonClass: 29143K(29632K)->29143K(29632K) Class: 6272K(6464K)->6272K(6464K)
[613.999s][info][gc             ] GC(1642) Pause Young (Allocation Failure) 550M->314M(549M) 2.445ms
[613.999s][info][gc,cpu         ] GC(1642) User=0.00s Sys=0.00s Real=0.00s
[614.429s][info][gc,start       ] GC(1643) Pause Young (Allocation Failure)
[614.432s][info][gc,heap        ] GC(1643) PSYoungGen: 232512K(240128K)->64K(224256K) Eden: 232448K(232448K)->0K(223744K) From: 64K(7680K)->64K(512K)
[614.432s][info][gc,heap        ] GC(1643) ParOldGen: 322152K(322560K)->322160K(322560K)
[614.432s][info][gc,metaspace   ] GC(1643) Metaspace: 35416K(36096K)->35416K(36096K) NonClass: 29143K(29632K)->29143K(29632K) Class: 6272K(6464K)->6272K(6464K)
[614.432s][info][gc             ] GC(1643) Pause Young (Allocation Failure) 541M->314M(534M) 3.222ms
[614.432s][info][gc,cpu         ] GC(1643) User=0.00s Sys=0.00s Real=0.01s
[614.868s][info][gc,start       ] GC(1644) Pause Young (Allocation Failure)
[614.878s][info][gc,heap        ] GC(1644) PSYoungGen: 223808K(224256K)->3072K(267776K) Eden: 223744K(223744K)->0K(264704K) From: 64K(512K)->3072K(3072K)
[614.878s][info][gc,heap        ] GC(1644) ParOldGen: 322160K(322560K)->322168K(322560K)
[614.878s][info][gc,metaspace   ] GC(1644) Metaspace: 35416K(36096K)->35416K(36096K) NonClass: 29143K(29632K)->29143K(29632K) Class: 6272K(6464K)->6272K(6464K)
[614.878s][info][gc             ] GC(1644) Pause Young (Allocation Failure) 533M->317M(576M) 10.147ms
[614.878s][info][gc,cpu         ] GC(1644) User=0.02s Sys=0.00s Real=0.01s
[615.229s][info][gc,start       ] GC(1645) Pause Young (Allocation Failure)
[615.290s][info][gc,heap        ] GC(1645) PSYoungGen: 267776K(267776K)->7168K(269824K) Eden: 264704K(264704K)->0K(262656K) From: 3072K(3072K)->7168K(7168K)
[615.290s][info][gc,heap        ] GC(1645) ParOldGen: 322168K(322560K)->343096K(343552K)
[615.290s][info][gc,metaspace   ] GC(1645) Metaspace: 35416K(36096K)->35416K(36096K) NonClass: 29143K(29632K)->29143K(29632K) Class: 6272K(6464K)->6272K(6464K)
[615.290s][info][gc             ] GC(1645) Pause Young (Allocation Failure) 576M->342M(599M) 61.500ms
[615.290s][info][gc,cpu         ] GC(1645) User=0.10s Sys=0.02s Real=0.06s
[615.636s][info][gc,start       ] GC(1646) Pause Young (Allocation Failure)
[615.696s][info][gc,heap        ] GC(1646) PSYoungGen: 269824K(269824K)->16384K(279040K) Eden: 262656K(262656K)->0K(262656K) From: 7168K(7168K)->16384K(16384K)
[615.697s][info][gc,heap        ] GC(1646) ParOldGen: 343096K(343552K)->355352K(355840K)
[615.697s][info][gc,metaspace   ] GC(1646) Metaspace: 35416K(36096K)->35416K(36096K) NonClass: 29143K(29632K)->29143K(29632K) Class: 6272K(6464K)->6272K(6464K)
[615.697s][info][gc             ] GC(1646) Pause Young (Allocation Failure) 598M->363M(620M) 60.293ms
[615.697s][info][gc,cpu         ] GC(1646) User=0.11s Sys=0.01s Real=0.06s
[615.869s][info][gc,start       ] GC(1647) Pause Young (Allocation Failure)
[615.896s][info][gc,heap        ] GC(1647) PSYoungGen: 279040K(279040K)->9952K(309760K) Eden: 262656K(262656K)->0K(285184K) From: 16384K(16384K)->9952K(24576K)
[615.896s][info][gc,heap        ] GC(1647) ParOldGen: 355352K(355840K)->355784K(355840K)
[615.896s][info][gc,metaspace   ] GC(1647) Metaspace: 35416K(36096K)->35416K(36096K) NonClass: 29143K(29632K)->29143K(29632K) Class: 6272K(6464K)->6272K(6464K)
[615.896s][info][gc             ] GC(1647) Pause Young (Allocation Failure) 619M->357M(650M) 27.157ms
[615.896s][info][gc,cpu         ] GC(1647) User=0.04s Sys=0.01s Real=0.03s
[616.370s][info][gc,start       ] GC(1648) Pause Young (Allocation Failure)
[616.371s][info][gc,heap        ] GC(1648) PSYoungGen: 295136K(309760K)->64K(285696K) Eden: 285184K(285184K)->0K(285184K) From: 9952K(24576K)->64K(512K)
[616.372s][info][gc,heap        ] GC(1648) ParOldGen: 355784K(355840K)->355792K(355840K)
[616.372s][info][gc,metaspace   ] GC(1648) Metaspace: 35416K(36096K)->35416K(36096K) NonClass: 29143K(29632K)->29143K(29632K) Class: 6272K(6464K)->6272K(6464K)
[616.372s][info][gc             ] GC(1648) Pause Young (Allocation Failure) 635M->347M(626M) 2.051ms
[616.372s][info][gc,cpu         ] GC(1648) User=0.00s Sys=0.00s Real=0.01s
[617.090s][info][gc,start       ] GC(1649) Pause Young (Allocation Failure)
[617.092s][info][gc,heap        ] GC(1649) PSYoungGen: 285248K(285696K)->32K(309760K) Eden: 285184K(285184K)->0K(286208K) From: 64K(512K)->32K(23552K)
[617.092s][info][gc,heap        ] GC(1649) ParOldGen: 355792K(355840K)->355800K(355840K)
[617.092s][info][gc,metaspace   ] GC(1649) Metaspace: 35416K(36096K)->35416K(36096K) NonClass: 29143K(29632K)->29143K(29632K) Class: 6272K(6464K)->6272K(6464K)
[617.092s][info][gc             ] GC(1649) Pause Young (Allocation Failure) 626M->347M(650M) 2.146ms
[617.092s][info][gc,cpu         ] GC(1649) User=0.00s Sys=0.00s Real=0.01s
[617.750s][info][gc,start       ] GC(1650) Pause Young (Allocation Failure)
[617.752s][info][gc,heap        ] GC(1650) PSYoungGen: 286240K(309760K)->32K(308736K) Eden: 286208K(286208K)->0K(286208K) From: 32K(23552K)->32K(22528K)
[617.752s][info][gc,heap        ] GC(1650) ParOldGen: 355800K(355840K)->355816K(355840K)
[617.752s][info][gc,metaspace   ] GC(1650) Metaspace: 35416K(36096K)->35416K(36096K) NonClass: 29143K(29632K)->29143K(29632K) Class: 6272K(6464K)->6272K(6464K)
[617.752s][info][gc             ] GC(1650) Pause Young (Allocation Failure) 626M->347M(649M) 2.021ms
[617.752s][info][gc,cpu         ] GC(1650) User=0.00s Sys=0.00s Real=0.01s
[618.006s][info][gc,start       ] GC(1651) Pause Young (Allocation Failure)
[618.008s][info][gc,heap        ] GC(1651) PSYoungGen: 286240K(308736K)->64K(310272K) Eden: 286208K(286208K)->0K(288768K) From: 32K(22528K)->64K(21504K)
[618.008s][info][gc,heap        ] GC(1651) ParOldGen: 355816K(355840K)->355832K(355840K)
[618.008s][info][gc,metaspace   ] GC(1651) Metaspace: 35416K(36096K)->35416K(36096K) NonClass: 29143K(29632K)->29143K(29632K) Class: 6272K(6464K)->6272K(6464K)
[618.008s][info][gc             ] GC(1651) Pause Young (Allocation Failure) 627M->347M(650M) 1.605ms
[618.008s][info][gc,cpu         ] GC(1651) User=0.00s Sys=0.00s Real=0.00s
[618.273s][info][gc,start       ] GC(1652) Pause Young (Allocation Failure)
[618.274s][info][gc,heap        ] GC(1652) PSYoungGen: 288832K(310272K)->32K(309760K) Eden: 288768K(288768K)->0K(288768K) From: 64K(21504K)->32K(20992K)
[618.274s][info][gc,heap        ] GC(1652) ParOldGen: 355832K(355840K)->355832K(355840K)
[618.274s][info][gc,metaspace   ] GC(1652) Metaspace: 35416K(36096K)->35416K(36096K) NonClass: 29143K(29632K)->29143K(29632K) Class: 6272K(6464K)->6272K(6464K)
[618.274s][info][gc             ] GC(1652) Pause Young (Allocation Failure) 629M->347M(650M) 1.465ms
[618.274s][info][gc,cpu         ] GC(1652) User=0.00s Sys=0.00s Real=0.00s
[618.699s][info][gc,start       ] GC(1653) Pause Young (Allocation Failure)
[618.701s][info][gc,heap        ] GC(1653) PSYoungGen: 288800K(309760K)->32K(311808K) Eden: 288768K(288768K)->0K(292352K) From: 32K(20992K)->32K(19456K)
[618.701s][info][gc,heap        ] GC(1653) ParOldGen: 355832K(355840K)->355832K(355840K)
[618.701s][info][gc,metaspace   ] GC(1653) Metaspace: 35416K(36096K)->35416K(36096K) NonClass: 29143K(29632K)->29143K(29632K) Class: 6272K(6464K)->6272K(6464K)
[618.701s][info][gc             ] GC(1653) Pause Young (Allocation Failure) 629M->347M(652M) 1.909ms
[618.701s][info][gc,cpu         ] GC(1653) User=0.00s Sys=0.00s Real=0.01s
[618.829s][info][gc,start       ] GC(1654) Pause Young (Allocation Failure)
[618.831s][info][gc,heap        ] GC(1654) PSYoungGen: 292384K(311808K)->64K(311296K) Eden: 292352K(292352K)->0K(292352K) From: 32K(19456K)->64K(18944K)
[618.831s][info][gc,heap        ] GC(1654) ParOldGen: 355832K(355840K)->355848K(356352K)
[618.831s][info][gc,metaspace   ] GC(1654) Metaspace: 35416K(36096K)->35416K(36096K) NonClass: 29143K(29632K)->29143K(29632K) Class: 6272K(6464K)->6272K(6464K)
[618.831s][info][gc             ] GC(1654) Pause Young (Allocation Failure) 633M->347M(652M) 1.835ms
[618.831s][info][gc,cpu         ] GC(1654) User=0.00s Sys=0.00s Real=0.01s
[618.887s][info][gc,start       ] GC(1655) Pause Young (Allocation Failure)
[618.889s][info][gc,heap        ] GC(1655) PSYoungGen: 292416K(311296K)->64K(313856K) Eden: 292352K(292352K)->0K(296448K) From: 64K(18944K)->64K(17408K)
[618.889s][info][gc,heap        ] GC(1655) ParOldGen: 355848K(356352K)->355864K(356352K)
[618.889s][info][gc,metaspace   ] GC(1655) Metaspace: 35416K(36096K)->35416K(36096K) NonClass: 29143K(29632K)->29143K(29632K) Class: 6272K(6464K)->6272K(6464K)
[618.889s][info][gc             ] GC(1655) Pause Young (Allocation Failure) 633M->347M(654M) 1.480ms
[618.889s][info][gc,cpu         ] GC(1655) User=0.00s Sys=0.00s Real=0.00s
[619.046s][info][gc,start       ] GC(1656) Pause Young (Allocation Failure)
[619.048s][info][gc,heap        ] GC(1656) PSYoungGen: 296512K(313856K)->64K(313856K) Eden: 296448K(296448K)->0K(296448K) From: 64K(17408K)->64K(17408K)
[619.048s][info][gc,heap        ] GC(1656) ParOldGen: 355864K(356352K)->355864K(356352K)
[619.048s][info][gc,metaspace   ] GC(1656) Metaspace: 35416K(36096K)->35416K(36096K) NonClass: 29143K(29632K)->29143K(29632K) Class: 6272K(6464K)->6272K(6464K)
[619.048s][info][gc             ] GC(1656) Pause Young (Allocation Failure) 637M->347M(654M) 1.928ms
[619.048s][info][gc,cpu         ] GC(1656) User=0.01s Sys=0.00s Real=0.00s
[619.300s][info][gc,start       ] GC(1657) Pause Young (Allocation Failure)
[619.302s][info][gc,heap        ] GC(1657) PSYoungGen: 296512K(313856K)->32K(315392K) Eden: 296448K(296448K)->0K(300032K) From: 64K(17408K)->32K(15360K)
[619.302s][info][gc,heap        ] GC(1657) ParOldGen: 355864K(356352K)->355872K(356352K)
[619.302s][info][gc,metaspace   ] GC(1657) Metaspace: 35416K(36096K)->35416K(36096K) NonClass: 29143K(29632K)->29143K(29632K) Class: 6272K(6464K)->6272K(6464K)
[619.302s][info][gc             ] GC(1657) Pause Young (Allocation Failure) 637M->347M(656M) 1.900ms
[619.302s][info][gc,cpu         ] GC(1657) User=0.00s Sys=0.00s Real=0.01s
[619.528s][info][gc,start       ] GC(1658) Pause Young (Allocation Failure)
[619.529s][info][gc,heap        ] GC(1658) PSYoungGen: 300064K(315392K)->64K(315392K) Eden: 300032K(300032K)->0K(300032K) From: 32K(15360K)->64K(15360K)
[619.529s][info][gc,heap        ] GC(1658) ParOldGen: 355872K(356352K)->355880K(356352K)
[619.529s][info][gc,metaspace   ] GC(1658) Metaspace: 35416K(36096K)->35416K(36096K) NonClass: 29143K(29632K)->29143K(29632K) Class: 6272K(6464K)->6272K(6464K)
[619.529s][info][gc             ] GC(1658) Pause Young (Allocation Failure) 640M->347M(656M) 1.519ms
[619.530s][info][gc,cpu         ] GC(1658) User=0.01s Sys=0.00s Real=0.00s
[619.624s][info][gc,start       ] GC(1659) Pause Young (Allocation Failure)
[619.625s][info][gc,heap        ] GC(1659) PSYoungGen: 300096K(315392K)->64K(317952K) Eden: 300032K(300032K)->0K(303616K) From: 64K(15360K)->64K(14336K)
[619.625s][info][gc,heap        ] GC(1659) ParOldGen: 355880K(356352K)->355896K(356352K)
[619.625s][info][gc,metaspace   ] GC(1659) Metaspace: 35416K(36096K)->35416K(36096K) NonClass: 29143K(29632K)->29143K(29632K) Class: 6272K(6464K)->6272K(6464K)
[619.625s][info][gc             ] GC(1659) Pause Young (Allocation Failure) 640M->347M(658M) 1.656ms
[619.625s][info][gc,cpu         ] GC(1659) User=0.00s Sys=0.00s Real=0.00s
[619.843s][info][gc,start       ] GC(1660) Pause Young (Allocation Failure)
[619.845s][info][gc,heap        ] GC(1660) PSYoungGen: 303680K(317952K)->64K(317440K) Eden: 303616K(303616K)->0K(303616K) From: 64K(14336K)->64K(13824K)
[619.845s][info][gc,heap        ] GC(1660) ParOldGen: 355896K(356352K)->355896K(356352K)
[619.845s][info][gc,metaspace   ] GC(1660) Metaspace: 35416K(36096K)->35416K(36096K) NonClass: 29143K(29632K)->29143K(29632K) Class: 6272K(6464K)->6272K(6464K)
[619.845s][info][gc             ] GC(1660) Pause Young (Allocation Failure) 644M->347M(658M) 2.115ms
[619.845s][info][gc,cpu         ] GC(1660) User=0.00s Sys=0.00s Real=0.00s
[621.011s][info][gc,start       ] GC(1661) Pause Young (Allocation Failure)
[621.013s][info][gc,heap        ] GC(1661) PSYoungGen: 303680K(317440K)->64K(318976K) Eden: 303616K(303616K)->0K(306688K) From: 64K(13824K)->64K(12288K)
[621.013s][info][gc,heap        ] GC(1661) ParOldGen: 355896K(356352K)->355904K(356352K)
[621.013s][info][gc,metaspace   ] GC(1661) Metaspace: 35416K(36096K)->35416K(36096K) NonClass: 29143K(29632K)->29143K(29632K) Class: 6272K(6464K)->6272K(6464K)
[621.013s][info][gc             ] GC(1661) Pause Young (Allocation Failure) 644M->347M(659M) 2.056ms
[621.013s][info][gc,cpu         ] GC(1661) User=0.00s Sys=0.01s Real=0.00s
[622.049s][info][gc,start       ] GC(1662) Pause Young (Allocation Failure)
[622.052s][info][gc,heap        ] GC(1662) PSYoungGen: 306752K(318976K)->64K(294912K) Eden: 306688K(306688K)->0K(294400K) From: 64K(12288K)->64K(512K)
[622.052s][info][gc,heap        ] GC(1662) ParOldGen: 355904K(356352K)->355912K(356352K)
[622.052s][info][gc,metaspace   ] GC(1662) Metaspace: 35416K(36096K)->35416K(36096K) NonClass: 29143K(29632K)->29143K(29632K) Class: 6272K(6464K)->6272K(6464K)
[622.052s][info][gc             ] GC(1662) Pause Young (Allocation Failure) 647M->347M(636M) 2.257ms
[622.052s][info][gc,cpu         ] GC(1662) User=0.01s Sys=0.00s Real=0.01s
[622.514s][info][gc,start       ] GC(1663) Pause Young (Allocation Failure)
[622.517s][info][gc,heap        ] GC(1663) PSYoungGen: 294464K(294912K)->32K(283136K) Eden: 294400K(294400K)->0K(282624K) From: 64K(512K)->32K(512K)
[622.517s][info][gc,heap        ] GC(1663) ParOldGen: 355912K(356352K)->355920K(356352K)
[622.517s][info][gc,metaspace   ] GC(1663) Metaspace: 35416K(36096K)->35416K(36096K) NonClass: 29143K(29632K)->29143K(29632K) Class: 6272K(6464K)->6272K(6464K)
[622.517s][info][gc             ] GC(1663) Pause Young (Allocation Failure) 635M->347M(624M) 2.824ms
[622.517s][info][gc,cpu         ] GC(1663) User=0.01s Sys=0.00s Real=0.00s
[623.058s][info][gc,start       ] GC(1664) Pause Young (Allocation Failure)
[623.060s][info][gc,heap        ] GC(1664) PSYoungGen: 282656K(283136K)->64K(281600K) Eden: 282624K(282624K)->0K(271360K) From: 32K(512K)->64K(10240K)
[623.060s][info][gc,heap        ] GC(1664) ParOldGen: 355920K(356352K)->355936K(356352K)
[623.060s][info][gc,metaspace   ] GC(1664) Metaspace: 35416K(36096K)->35416K(36096K) NonClass: 29143K(29632K)->29143K(29632K) Class: 6272K(6464K)->6272K(6464K)
[623.060s][info][gc             ] GC(1664) Pause Young (Allocation Failure) 623M->347M(623M) 2.021ms
[623.060s][info][gc,cpu         ] GC(1664) User=0.00s Sys=0.00s Real=0.00s
[624.160s][info][gc,start       ] GC(1665) Pause Young (Allocation Failure)
[624.163s][info][gc,heap        ] GC(1665) PSYoungGen: 271424K(281600K)->32K(261120K) Eden: 271360K(271360K)->0K(260608K) From: 64K(10240K)->32K(512K)
[624.164s][info][gc,heap        ] GC(1665) ParOldGen: 355936K(356352K)->355944K(356352K)
[624.164s][info][gc,metaspace   ] GC(1665) Metaspace: 35416K(36096K)->35416K(36096K) NonClass: 29143K(29632K)->29143K(29632K) Class: 6272K(6464K)->6272K(6464K)
[624.164s][info][gc             ] GC(1665) Pause Young (Allocation Failure) 612M->347M(603M) 3.869ms
[624.164s][info][gc,cpu         ] GC(1665) User=0.01s Sys=0.00s Real=0.01s
[624.607s][info][gc,start       ] GC(1666) Pause Young (Allocation Failure)
[624.609s][info][gc,heap        ] GC(1666) PSYoungGen: 260640K(261120K)->64K(259584K) Eden: 260608K(260608K)->0K(250368K) From: 32K(512K)->64K(9216K)
[624.610s][info][gc,heap        ] GC(1666) ParOldGen: 355944K(356352K)->355960K(356352K)
[624.610s][info][gc,metaspace   ] GC(1666) Metaspace: 35416K(36096K)->35416K(36096K) NonClass: 29143K(29632K)->29143K(29632K) Class: 6272K(6464K)->6272K(6464K)
[624.610s][info][gc             ] GC(1666) Pause Young (Allocation Failure) 602M->347M(601M) 2.171ms
[624.610s][info][gc,cpu         ] GC(1666) User=0.00s Sys=0.00s Real=0.00s
[624.779s][info][gc,start       ] GC(1667) Pause Young (Allocation Failure)
[624.783s][info][gc,heap        ] GC(1667) PSYoungGen: 250432K(259584K)->32K(241152K) Eden: 250368K(250368K)->0K(240640K) From: 64K(9216K)->32K(512K)
[624.783s][info][gc,heap        ] GC(1667) ParOldGen: 355960K(356352K)->355968K(356352K)
[624.783s][info][gc,metaspace   ] GC(1667) Metaspace: 35416K(36096K)->35416K(36096K) NonClass: 29143K(29632K)->29143K(29632K) Class: 6272K(6464K)->6272K(6464K)
[624.783s][info][gc             ] GC(1667) Pause Young (Allocation Failure) 592M->347M(583M) 3.190ms
[624.783s][info][gc,cpu         ] GC(1667) User=0.00s Sys=0.00s Real=0.01s
[625.192s][info][gc,start       ] GC(1668) Pause Young (Allocation Failure)
[625.194s][info][gc,heap        ] GC(1668) PSYoungGen: 240672K(241152K)->32K(239104K) Eden: 240640K(240640K)->0K(231424K) From: 32K(512K)->32K(7680K)
[625.194s][info][gc,heap        ] GC(1668) ParOldGen: 355968K(356352K)->355976K(356352K)
[625.194s][info][gc,metaspace   ] GC(1668) Metaspace: 35416K(36096K)->35416K(36096K) NonClass: 29143K(29632K)->29143K(29632K) Class: 6272K(6464K)->6272K(6464K)
[625.194s][info][gc             ] GC(1668) Pause Young (Allocation Failure) 582M->347M(581M) 2.070ms
[625.194s][info][gc,cpu         ] GC(1668) User=0.00s Sys=0.00s Real=0.00s
[625.703s][info][gc,start       ] GC(1669) Pause Young (Allocation Failure)
[625.706s][info][gc,heap        ] GC(1669) PSYoungGen: 231456K(239104K)->64K(223232K) Eden: 231424K(231424K)->0K(222720K) From: 32K(7680K)->64K(512K)
[625.706s][info][gc,heap        ] GC(1669) ParOldGen: 355976K(356352K)->355992K(356352K)
[625.706s][info][gc,metaspace   ] GC(1669) Metaspace: 35416K(36096K)->35416K(36096K) NonClass: 29143K(29632K)->29143K(29632K) Class: 6272K(6464K)->6272K(6464K)
[625.706s][info][gc             ] GC(1669) Pause Young (Allocation Failure) 573M->347M(566M) 2.975ms
[625.706s][info][gc,cpu         ] GC(1669) User=0.00s Sys=0.01s Real=0.00s
[626.113s][info][gc,start       ] GC(1670) Pause Young (Allocation Failure)
[626.116s][info][gc,heap        ] GC(1670) PSYoungGen: 222784K(223232K)->864K(221184K) Eden: 222720K(222720K)->0K(214528K) From: 64K(512K)->864K(6656K)
[626.117s][info][gc,heap        ] GC(1670) ParOldGen: 355992K(356352K)->356008K(356352K)
[626.117s][info][gc,metaspace   ] GC(1670) Metaspace: 35416K(36096K)->35416K(36096K) NonClass: 29143K(29632K)->29143K(29632K) Class: 6272K(6464K)->6272K(6464K)
[626.117s][info][gc             ] GC(1670) Pause Young (Allocation Failure) 565M->348M(564M) 3.675ms
[626.117s][info][gc,cpu         ] GC(1670) User=0.01s Sys=0.00s Real=0.00s
[626.414s][info][gc,start       ] GC(1671) Pause Young (Allocation Failure)
[626.478s][info][gc,heap        ] GC(1671) PSYoungGen: 215392K(221184K)->6144K(263168K) Eden: 214528K(214528K)->0K(257024K) From: 864K(6656K)->6144K(6144K)
[626.478s][info][gc,heap        ] GC(1671) ParOldGen: 356008K(356352K)->372640K(372736K)
[626.478s][info][gc,metaspace   ] GC(1671) Metaspace: 35416K(36096K)->35416K(36096K) NonClass: 29143K(29632K)->29143K(29632K) Class: 6272K(6464K)->6272K(6464K)
[626.478s][info][gc             ] GC(1671) Pause Young (Allocation Failure) 558M->369M(621M) 63.679ms
[626.478s][info][gc,cpu         ] GC(1671) User=0.11s Sys=0.02s Real=0.06s
[626.831s][info][gc,start       ] GC(1672) Pause Young (Allocation Failure)
[626.908s][info][gc,heap        ] GC(1672) PSYoungGen: 263168K(263168K)->13824K(270848K) Eden: 257024K(257024K)->0K(257024K) From: 6144K(6144K)->13824K(13824K)
[626.908s][info][gc,heap        ] GC(1672) ParOldGen: 372640K(372736K)->386704K(387072K)
[626.908s][info][gc,metaspace   ] GC(1672) Metaspace: 35416K(36096K)->35416K(36096K) NonClass: 29143K(29632K)->29143K(29632K) Class: 6272K(6464K)->6272K(6464K)
[626.908s][info][gc             ] GC(1672) Pause Young (Allocation Failure) 620M->391M(642M) 77.368ms
[626.908s][info][gc,cpu         ] GC(1672) User=0.14s Sys=0.01s Real=0.07s
[627.162s][info][gc,start       ] GC(1673) Pause Young (Allocation Failure)
[627.214s][info][gc,heap        ] GC(1673) PSYoungGen: 270848K(270848K)->18080K(305664K) Eden: 257024K(257024K)->0K(283648K) From: 13824K(13824K)->18080K(22016K)
[627.214s][info][gc,heap        ] GC(1673) ParOldGen: 386704K(387072K)->387216K(387584K)
[627.214s][info][gc,metaspace   ] GC(1673) Metaspace: 35416K(36096K)->35416K(36096K) NonClass: 29143K(29632K)->29143K(29632K) Class: 6272K(6464K)->6272K(6464K)
[627.214s][info][gc             ] GC(1673) Pause Young (Allocation Failure) 642M->395M(677M) 51.838ms
[627.214s][info][gc,cpu         ] GC(1673) User=0.09s Sys=0.02s Real=0.05s
[627.475s][info][gc,start       ] GC(1674) Pause Young (Allocation Failure)
[627.477s][info][gc,heap        ] GC(1674) PSYoungGen: 301728K(305664K)->32K(308736K) Eden: 283648K(283648K)->0K(283648K) From: 18080K(22016K)->32K(25088K)
[627.477s][info][gc,heap        ] GC(1674) ParOldGen: 387216K(387584K)->387224K(387584K)
[627.477s][info][gc,metaspace   ] GC(1674) Metaspace: 35416K(36096K)->35416K(36096K) NonClass: 29143K(29632K)->29143K(29632K) Class: 6272K(6464K)->6272K(6464K)
[627.477s][info][gc             ] GC(1674) Pause Young (Allocation Failure) 672M->378M(680M) 2.122ms
[627.477s][info][gc,cpu         ] GC(1674) User=0.00s Sys=0.00s Real=0.00s
[628.305s][info][gc,start       ] GC(1675) Pause Young (Allocation Failure)
[628.307s][info][gc,heap        ] GC(1675) PSYoungGen: 283680K(308736K)->32K(306176K) Eden: 283648K(283648K)->0K(284160K) From: 32K(25088K)->32K(22016K)
[628.307s][info][gc,heap        ] GC(1675) ParOldGen: 387224K(387584K)->387232K(387584K)
[628.307s][info][gc,metaspace   ] GC(1675) Metaspace: 35416K(36096K)->35416K(36096K) NonClass: 29143K(29632K)->29143K(29632K) Class: 6272K(6464K)->6272K(6464K)
[628.307s][info][gc             ] GC(1675) Pause Young (Allocation Failure) 655M->378M(677M) 2.017ms
[628.307s][info][gc,cpu         ] GC(1675) User=0.00s Sys=0.00s Real=0.00s
[628.609s][info][gc,start       ] GC(1676) Pause Young (Allocation Failure)
[628.611s][info][gc,heap        ] GC(1676) PSYoungGen: 284192K(306176K)->32K(307712K) Eden: 284160K(284160K)->0K(284160K) From: 32K(22016K)->32K(23552K)
[628.611s][info][gc,heap        ] GC(1676) ParOldGen: 387232K(387584K)->387240K(387584K)
[628.611s][info][gc,metaspace   ] GC(1676) Metaspace: 35416K(36096K)->35416K(36096K) NonClass: 29143K(29632K)->29143K(29632K) Class: 6272K(6464K)->6272K(6464K)
[628.611s][info][gc             ] GC(1676) Pause Young (Allocation Failure) 655M->378M(679M) 1.966ms
[628.611s][info][gc,cpu         ] GC(1676) User=0.01s Sys=0.00s Real=0.01s
[629.112s][info][gc,start       ] GC(1677) Pause Young (Allocation Failure)
[629.114s][info][gc,heap        ] GC(1677) PSYoungGen: 284192K(307712K)->32K(307712K) Eden: 284160K(284160K)->0K(287232K) From: 32K(23552K)->32K(20480K)
[629.114s][info][gc,heap        ] GC(1677) ParOldGen: 387240K(387584K)->387248K(387584K)
[629.114s][info][gc,metaspace   ] GC(1677) Metaspace: 35416K(36096K)->35416K(36096K) NonClass: 29143K(29632K)->29143K(29632K) Class: 6272K(6464K)->6272K(6464K)
[629.114s][info][gc             ] GC(1677) Pause Young (Allocation Failure) 655M->378M(679M) 2.172ms
[629.114s][info][gc,cpu         ] GC(1677) User=0.00s Sys=0.00s Real=0.00s
[629.368s][info][gc,start       ] GC(1678) Pause Young (Allocation Failure)
[629.370s][info][gc,heap        ] GC(1678) PSYoungGen: 287264K(307712K)->32K(309248K) Eden: 287232K(287232K)->0K(287232K) From: 32K(20480K)->32K(22016K)
[629.370s][info][gc,heap        ] GC(1678) ParOldGen: 387248K(387584K)->387256K(387584K)
[629.370s][info][gc,metaspace   ] GC(1678) Metaspace: 35416K(36096K)->35416K(36096K) NonClass: 29143K(29632K)->29143K(29632K) Class: 6272K(6464K)->6272K(6464K)
[629.370s][info][gc             ] GC(1678) Pause Young (Allocation Failure) 658M->378M(680M) 2.138ms
[629.370s][info][gc,cpu         ] GC(1678) User=0.00s Sys=0.01s Real=0.00s
[629.630s][info][gc,start       ] GC(1679) Pause Young (Allocation Failure)
[629.632s][info][gc,heap        ] GC(1679) PSYoungGen: 287264K(309248K)->32K(309248K) Eden: 287232K(287232K)->0K(290816K) From: 32K(22016K)->32K(18432K)
[629.632s][info][gc,heap        ] GC(1679) ParOldGen: 387256K(387584K)->387256K(387584K)
[629.632s][info][gc,metaspace   ] GC(1679) Metaspace: 35416K(36096K)->35416K(36096K) NonClass: 29143K(29632K)->29143K(29632K) Class: 6272K(6464K)->6272K(6464K)
[629.632s][info][gc             ] GC(1679) Pause Young (Allocation Failure) 658M->378M(680M) 2.109ms
[629.632s][info][gc,cpu         ] GC(1679) User=0.01s Sys=0.00s Real=0.01s
[629.995s][info][gc,start       ] GC(1680) Pause Young (Allocation Failure)
[629.997s][info][gc,heap        ] GC(1680) PSYoungGen: 290848K(309248K)->32K(310784K) Eden: 290816K(290816K)->0K(290816K) From: 32K(18432K)->32K(19968K)
[629.997s][info][gc,heap        ] GC(1680) ParOldGen: 387256K(387584K)->387256K(387584K)
[629.997s][info][gc,metaspace   ] GC(1680) Metaspace: 35416K(36096K)->35416K(36096K) NonClass: 29143K(29632K)->29143K(29632K) Class: 6272K(6464K)->6272K(6464K)
[629.997s][info][gc             ] GC(1680) Pause Young (Allocation Failure) 662M->378M(682M) 2.142ms
[629.997s][info][gc,cpu         ] GC(1680) User=0.01s Sys=0.00s Real=0.00s
[630.056s][info][gc,start       ] GC(1681) Pause Young (Allocation Failure)
[630.058s][info][gc,heap        ] GC(1681) PSYoungGen: 290848K(310784K)->32K(311296K) Eden: 290816K(290816K)->0K(294912K) From: 32K(19968K)->32K(16384K)
[630.058s][info][gc,heap        ] GC(1681) ParOldGen: 387256K(387584K)->387264K(387584K)
[630.058s][info][gc,metaspace   ] GC(1681) Metaspace: 35416K(36096K)->35416K(36096K) NonClass: 29143K(29632K)->29143K(29632K) Class: 6272K(6464K)->6272K(6464K)
[630.058s][info][gc             ] GC(1681) Pause Young (Allocation Failure) 662M->378M(682M) 2.121ms
[630.058s][info][gc,cpu         ] GC(1681) User=0.01s Sys=0.00s Real=0.00s
[630.152s][info][gc,start       ] GC(1682) Pause Young (Allocation Failure)
[630.154s][info][gc,heap        ] GC(1682) PSYoungGen: 294944K(311296K)->32K(312832K) Eden: 294912K(294912K)->0K(294912K) From: 32K(16384K)->32K(17920K)
[630.154s][info][gc,heap        ] GC(1682) ParOldGen: 387264K(387584K)->387264K(387584K)
[630.154s][info][gc,metaspace   ] GC(1682) Metaspace: 35416K(36096K)->35416K(36096K) NonClass: 29143K(29632K)->29143K(29632K) Class: 6272K(6464K)->6272K(6464K)
[630.154s][info][gc             ] GC(1682) Pause Young (Allocation Failure) 666M->378M(684M) 2.111ms
[630.154s][info][gc,cpu         ] GC(1682) User=0.00s Sys=0.00s Real=0.00s
[630.409s][info][gc,start       ] GC(1683) Pause Young (Allocation Failure)
[630.411s][info][gc,heap        ] GC(1683) PSYoungGen: 294944K(312832K)->32K(313344K) Eden: 294912K(294912K)->0K(299008K) From: 32K(17920K)->32K(14336K)
[630.411s][info][gc,heap        ] GC(1683) ParOldGen: 387264K(387584K)->387272K(387584K)
[630.411s][info][gc,metaspace   ] GC(1683) Metaspace: 35416K(36096K)->35416K(36096K) NonClass: 29143K(29632K)->29143K(29632K) Class: 6272K(6464K)->6272K(6464K)
[630.411s][info][gc             ] GC(1683) Pause Young (Allocation Failure) 666M->378M(684M) 2.176ms
[630.411s][info][gc,cpu         ] GC(1683) User=0.01s Sys=0.00s Real=0.01s
[630.648s][info][gc,start       ] GC(1684) Pause Young (Allocation Failure)
[630.650s][info][gc,heap        ] GC(1684) PSYoungGen: 299040K(313344K)->64K(314880K) Eden: 299008K(299008K)->0K(299008K) From: 32K(14336K)->64K(15872K)
[630.650s][info][gc,heap        ] GC(1684) ParOldGen: 387272K(387584K)->387272K(387584K)
[630.650s][info][gc,metaspace   ] GC(1684) Metaspace: 35417K(36096K)->35417K(36096K) NonClass: 29144K(29632K)->29144K(29632K) Class: 6272K(6464K)->6272K(6464K)
[630.650s][info][gc             ] GC(1684) Pause Young (Allocation Failure) 670M->378M(686M) 2.157ms
[630.650s][info][gc,cpu         ] GC(1684) User=0.01s Sys=0.00s Real=0.00s
[630.743s][info][gc,start       ] GC(1685) Pause Young (Allocation Failure)
[630.745s][info][gc,heap        ] GC(1685) PSYoungGen: 299072K(314880K)->32K(315392K) Eden: 299008K(299008K)->0K(303104K) From: 64K(15872K)->32K(12288K)
[630.745s][info][gc,heap        ] GC(1685) ParOldGen: 387272K(387584K)->387280K(387584K)
[630.745s][info][gc,metaspace   ] GC(1685) Metaspace: 35417K(36096K)->35417K(36096K) NonClass: 29144K(29632K)->29144K(29632K) Class: 6272K(6464K)->6272K(6464K)
[630.745s][info][gc             ] GC(1685) Pause Young (Allocation Failure) 670M->378M(686M) 2.093ms
[630.745s][info][gc,cpu         ] GC(1685) User=0.00s Sys=0.01s Real=0.00s
[630.901s][info][gc,start       ] GC(1686) Pause Young (Allocation Failure)
[630.903s][info][gc,heap        ] GC(1686) PSYoungGen: 303136K(315392K)->64K(316928K) Eden: 303104K(303104K)->0K(303104K) From: 32K(12288K)->64K(13824K)
[630.903s][info][gc,heap        ] GC(1686) ParOldGen: 387280K(387584K)->387280K(387584K)
[630.903s][info][gc,metaspace   ] GC(1686) Metaspace: 35417K(36096K)->35417K(36096K) NonClass: 29144K(29632K)->29144K(29632K) Class: 6272K(6464K)->6272K(6464K)
[630.903s][info][gc             ] GC(1686) Pause Young (Allocation Failure) 674M->378M(688M) 2.272ms
[630.903s][info][gc,cpu         ] GC(1686) User=0.00s Sys=0.00s Real=0.00s
[631.352s][info][gc,start       ] GC(1687) Pause Young (Allocation Failure)
[631.354s][info][gc,heap        ] GC(1687) PSYoungGen: 303168K(316928K)->32K(317440K) Eden: 303104K(303104K)->0K(306688K) From: 64K(13824K)->32K(10752K)
[631.354s][info][gc,heap        ] GC(1687) ParOldGen: 387280K(387584K)->387288K(387584K)
[631.354s][info][gc,metaspace   ] GC(1687) Metaspace: 35417K(36096K)->35417K(36096K) NonClass: 29144K(29632K)->29144K(29632K) Class: 6272K(6464K)->6272K(6464K)
[631.354s][info][gc             ] GC(1687) Pause Young (Allocation Failure) 674M->378M(688M) 2.680ms
[631.354s][info][gc,cpu         ] GC(1687) User=0.00s Sys=0.00s Real=0.00s
[632.167s][info][gc,start       ] GC(1688) Pause Young (Allocation Failure)
[632.168s][info][gc,heap        ] GC(1688) PSYoungGen: 306720K(317440K)->83K(318976K) Eden: 306688K(306688K)->0K(306688K) From: 32K(10752K)->83K(12288K)
[632.168s][info][gc,heap        ] GC(1688) ParOldGen: 387288K(387584K)->387296K(387584K)
[632.168s][info][gc,metaspace   ] GC(1688) Metaspace: 35417K(36096K)->35417K(36096K) NonClass: 29144K(29632K)->29144K(29632K) Class: 6272K(6464K)->6272K(6464K)
[632.168s][info][gc             ] GC(1688) Pause Young (Allocation Failure) 677M->378M(690M) 1.630ms
[632.168s][info][gc,cpu         ] GC(1688) User=0.00s Sys=0.00s Real=0.00s
[633.320s][info][gc,start       ] GC(1689) Pause Young (Allocation Failure)
[633.323s][info][gc,heap        ] GC(1689) PSYoungGen: 306771K(318976K)->32K(294912K) Eden: 306688K(306688K)->0K(294400K) From: 83K(12288K)->32K(512K)
[633.323s][info][gc,heap        ] GC(1689) ParOldGen: 387296K(387584K)->387304K(387584K)
[633.323s][info][gc,metaspace   ] GC(1689) Metaspace: 35417K(36096K)->35417K(36096K) NonClass: 29144K(29632K)->29144K(29632K) Class: 6272K(6464K)->6272K(6464K)
[633.323s][info][gc             ] GC(1689) Pause Young (Allocation Failure) 677M->378M(666M) 2.722ms
[633.323s][info][gc,cpu         ] GC(1689) User=0.00s Sys=0.01s Real=0.01s
[633.845s][info][gc,start       ] GC(1690) Pause Young (Allocation Failure)
[633.847s][info][gc,heap        ] GC(1690) PSYoungGen: 294432K(294912K)->32K(293376K) Eden: 294400K(294400K)->0K(282624K) From: 32K(512K)->32K(10752K)
[633.847s][info][gc,heap        ] GC(1690) ParOldGen: 387304K(387584K)->387312K(387584K)
[633.847s][info][gc,metaspace   ] GC(1690) Metaspace: 35417K(36096K)->35417K(36096K) NonClass: 29144K(29632K)->29144K(29632K) Class: 6272K(6464K)->6272K(6464K)
[633.847s][info][gc             ] GC(1690) Pause Young (Allocation Failure) 665M->378M(665M) 2.626ms
[633.847s][info][gc,cpu         ] GC(1690) User=0.01s Sys=0.00s Real=0.00s
[634.972s][info][gc,start       ] GC(1691) Pause Young (Allocation Failure)
[634.975s][info][gc,heap        ] GC(1691) PSYoungGen: 282656K(293376K)->32K(271872K) Eden: 282624K(282624K)->0K(271360K) From: 32K(10752K)->32K(512K)
[634.975s][info][gc,heap        ] GC(1691) ParOldGen: 387312K(387584K)->387320K(387584K)
[634.975s][info][gc,metaspace   ] GC(1691) Metaspace: 35417K(36096K)->35417K(36096K) NonClass: 29144K(29632K)->29144K(29632K) Class: 6272K(6464K)->6272K(6464K)
[634.975s][info][gc             ] GC(1691) Pause Young (Allocation Failure) 654M->378M(644M) 3.398ms
[634.975s][info][gc,cpu         ] GC(1691) User=0.01s Sys=0.00s Real=0.00s
[635.452s][info][gc,start       ] GC(1692) Pause Young (Allocation Failure)
[635.454s][info][gc,heap        ] GC(1692) PSYoungGen: 271392K(271872K)->32K(269824K) Eden: 271360K(271360K)->0K(260608K) From: 32K(512K)->32K(9216K)
[635.454s][info][gc,heap        ] GC(1692) ParOldGen: 387320K(387584K)->387328K(387584K)
[635.454s][info][gc,metaspace   ] GC(1692) Metaspace: 35417K(36096K)->35417K(36096K) NonClass: 29144K(29632K)->29144K(29632K) Class: 6272K(6464K)->6272K(6464K)
[635.454s][info][gc             ] GC(1692) Pause Young (Allocation Failure) 643M->378M(642M) 2.117ms
[635.454s][info][gc,cpu         ] GC(1692) User=0.00s Sys=0.00s Real=0.00s
[635.650s][info][gc,start       ] GC(1693) Pause Young (Allocation Failure)
[635.653s][info][gc,heap        ] GC(1693) PSYoungGen: 260640K(269824K)->32K(250880K) Eden: 260608K(260608K)->0K(250368K) From: 32K(9216K)->32K(512K)
[635.653s][info][gc,heap        ] GC(1693) ParOldGen: 387328K(387584K)->387336K(387584K)
[635.653s][info][gc,metaspace   ] GC(1693) Metaspace: 35417K(36096K)->35417K(36096K) NonClass: 29144K(29632K)->29144K(29632K) Class: 6272K(6464K)->6272K(6464K)
[635.653s][info][gc             ] GC(1693) Pause Young (Allocation Failure) 632M->378M(623M) 2.825ms
[635.653s][info][gc,cpu         ] GC(1693) User=0.00s Sys=0.00s Real=0.01s
[635.905s][info][gc,start       ] GC(1694) Pause Young (Allocation Failure)
[635.907s][info][gc,heap        ] GC(1694) PSYoungGen: 250400K(250880K)->32K(248832K) Eden: 250368K(250368K)->0K(240640K) From: 32K(512K)->32K(8192K)
[635.907s][info][gc,heap        ] GC(1694) ParOldGen: 387336K(387584K)->387344K(387584K)
[635.908s][info][gc,metaspace   ] GC(1694) Metaspace: 35417K(36096K)->35417K(36096K) NonClass: 29144K(29632K)->29144K(29632K) Class: 6272K(6464K)->6272K(6464K)
[635.908s][info][gc             ] GC(1694) Pause Young (Allocation Failure) 622M->378M(621M) 2.412ms
[635.908s][info][gc,cpu         ] GC(1694) User=0.01s Sys=0.00s Real=0.00s
[636.510s][info][gc,start       ] GC(1695) Pause Young (Allocation Failure)
[636.513s][info][gc,heap        ] GC(1695) PSYoungGen: 240672K(248832K)->32K(231936K) Eden: 240640K(240640K)->0K(231424K) From: 32K(8192K)->32K(512K)
[636.514s][info][gc,heap        ] GC(1695) ParOldGen: 387344K(387584K)->387352K(387584K)
[636.514s][info][gc,metaspace   ] GC(1695) Metaspace: 35417K(36096K)->35417K(36096K) NonClass: 29144K(29632K)->29144K(29632K) Class: 6272K(6464K)->6272K(6464K)
[636.514s][info][gc             ] GC(1695) Pause Young (Allocation Failure) 613M->378M(605M) 3.733ms
[636.514s][info][gc,cpu         ] GC(1695) User=0.00s Sys=0.00s Real=0.01s
[636.894s][info][gc,start       ] GC(1696) Pause Young (Allocation Failure)
[636.898s][info][gc,heap        ] GC(1696) PSYoungGen: 231455K(231936K)->64K(229888K) Eden: 231423K(231424K)->0K(222720K) From: 32K(512K)->64K(7168K)
[636.899s][info][gc,heap        ] GC(1696) ParOldGen: 387352K(387584K)->387360K(387584K)
[636.899s][info][gc,metaspace   ] GC(1696) Metaspace: 35417K(36096K)->35417K(36096K) NonClass: 29144K(29632K)->29144K(29632K) Class: 6272K(6464K)->6272K(6464K)
[636.899s][info][gc             ] GC(1696) Pause Young (Allocation Failure) 604M->378M(603M) 5.025ms
[636.899s][info][gc,cpu         ] GC(1696) User=0.00s Sys=0.00s Real=0.00s
[637.216s][info][gc,start       ] GC(1697) Pause Young (Allocation Failure)
[637.270s][info][gc,heap        ] GC(1697) PSYoungGen: 222784K(229888K)->6656K(272896K) Eden: 222720K(222720K)->0K(266240K) From: 64K(7168K)->6656K(6656K)
[637.270s][info][gc,heap        ] GC(1697) ParOldGen: 387360K(387584K)->403280K(403456K)
[637.270s][info][gc,metaspace   ] GC(1697) Metaspace: 35417K(36096K)->35417K(36096K) NonClass: 29144K(29632K)->29144K(29632K) Class: 6272K(6464K)->6272K(6464K)
[637.271s][info][gc             ] GC(1697) Pause Young (Allocation Failure) 595M->400M(660M) 54.776ms
[637.271s][info][gc,cpu         ] GC(1697) User=0.08s Sys=0.01s Real=0.05s
[637.643s][info][gc,start       ] GC(1698) Pause Young (Allocation Failure)
[637.727s][info][gc,heap        ] GC(1698) PSYoungGen: 272896K(272896K)->14336K(283136K) Eden: 266240K(266240K)->0K(268800K) From: 6656K(6656K)->14336K(14336K)
[637.727s][info][gc,heap        ] GC(1698) ParOldGen: 403280K(403456K)->417784K(417792K)
[637.727s][info][gc,metaspace   ] GC(1698) Metaspace: 35417K(36096K)->35417K(36096K) NonClass: 29144K(29632K)->29144K(29632K) Class: 6272K(6464K)->6272K(6464K)
[637.727s][info][gc             ] GC(1698) Pause Young (Allocation Failure) 660M->421M(684M) 84.315ms
[637.727s][info][gc,cpu         ] GC(1698) User=0.14s Sys=0.02s Real=0.08s
[637.985s][info][gc,start       ] GC(1699) Pause Young (Allocation Failure)
[638.037s][info][gc,heap        ] GC(1699) PSYoungGen: 283136K(283136K)->18144K(305152K) Eden: 268800K(268800K)->0K(282624K) From: 14336K(14336K)->18144K(22528K)
[638.037s][info][gc,heap        ] GC(1699) ParOldGen: 417784K(417792K)->418312K(418816K)
[638.037s][info][gc,metaspace   ] GC(1699) Metaspace: 35417K(36096K)->35417K(36096K) NonClass: 29144K(29632K)->29144K(29632K) Class: 6272K(6464K)->6272K(6464K)
[638.037s][info][gc             ] GC(1699) Pause Young (Allocation Failure) 684M->426M(707M) 52.345ms
[638.037s][info][gc,cpu         ] GC(1699) User=0.09s Sys=0.02s Real=0.05s
[638.332s][info][gc,start       ] GC(1700) Pause Young (Allocation Failure)
[638.333s][info][gc,heap        ] GC(1700) PSYoungGen: 300768K(305152K)->64K(308224K) Eden: 282624K(282624K)->0K(282624K) From: 18144K(22528K)->64K(25600K)
[638.333s][info][gc,heap        ] GC(1700) ParOldGen: 418312K(418816K)->418320K(418816K)
[638.333s][info][gc,metaspace   ] GC(1700) Metaspace: 35417K(36096K)->35417K(36096K) NonClass: 29144K(29632K)->29144K(29632K) Class: 6272K(6464K)->6272K(6464K)
[638.333s][info][gc             ] GC(1700) Pause Young (Allocation Failure) 702M->408M(710M) 1.663ms
[638.333s][info][gc,cpu         ] GC(1700) User=0.01s Sys=0.00s Real=0.00s
[639.119s][info][gc,start       ] GC(1701) Pause Young (Allocation Failure)
[639.122s][info][gc,heap        ] GC(1701) PSYoungGen: 282688K(308224K)->32K(305664K) Eden: 282624K(282624K)->0K(283136K) From: 64K(25600K)->32K(22528K)
[639.122s][info][gc,heap        ] GC(1701) ParOldGen: 418320K(418816K)->418328K(418816K)
[639.122s][info][gc,metaspace   ] GC(1701) Metaspace: 35417K(36096K)->35417K(36096K) NonClass: 29144K(29632K)->29144K(29632K) Class: 6272K(6464K)->6272K(6464K)
[639.122s][info][gc             ] GC(1701) Pause Young (Allocation Failure) 684M->408M(707M) 2.300ms
[639.122s][info][gc,cpu         ] GC(1701) User=0.00s Sys=0.00s Real=0.01s
[639.434s][info][gc,start       ] GC(1702) Pause Young (Allocation Failure)
[639.437s][info][gc,heap        ] GC(1702) PSYoungGen: 283168K(305664K)->64K(307200K) Eden: 283136K(283136K)->0K(283136K) From: 32K(22528K)->64K(24064K)
[639.437s][info][gc,heap        ] GC(1702) ParOldGen: 418328K(418816K)->418344K(418816K)
[639.437s][info][gc,metaspace   ] GC(1702) Metaspace: 35417K(36096K)->35417K(36096K) NonClass: 29144K(29632K)->29144K(29632K) Class: 6272K(6464K)->6272K(6464K)
[639.437s][info][gc             ] GC(1702) Pause Young (Allocation Failure) 685M->408M(709M) 2.444ms
[639.437s][info][gc,cpu         ] GC(1702) User=0.01s Sys=0.00s Real=0.00s
[639.925s][info][gc,start       ] GC(1703) Pause Young (Allocation Failure)
[639.928s][info][gc,heap        ] GC(1703) PSYoungGen: 283200K(307200K)->64K(307200K) Eden: 283136K(283136K)->0K(286720K) From: 64K(24064K)->64K(20480K)
[639.928s][info][gc,heap        ] GC(1703) ParOldGen: 418344K(418816K)->418352K(418816K)
[639.928s][info][gc,metaspace   ] GC(1703) Metaspace: 35417K(36096K)->35417K(36096K) NonClass: 29144K(29632K)->29144K(29632K) Class: 6272K(6464K)->6272K(6464K)
[639.928s][info][gc             ] GC(1703) Pause Young (Allocation Failure) 685M->408M(709M) 2.429ms
[639.928s][info][gc,cpu         ] GC(1703) User=0.01s Sys=0.00s Real=0.00s
[640.180s][info][gc,start       ] GC(1704) Pause Young (Allocation Failure)
[640.182s][info][gc,heap        ] GC(1704) PSYoungGen: 286784K(307200K)->64K(308736K) Eden: 286720K(286720K)->0K(286720K) From: 64K(20480K)->64K(22016K)
[640.182s][info][gc,heap        ] GC(1704) ParOldGen: 418352K(418816K)->418368K(418816K)
[640.182s][info][gc,metaspace   ] GC(1704) Metaspace: 35417K(36096K)->35417K(36096K) NonClass: 29144K(29632K)->29144K(29632K) Class: 6272K(6464K)->6272K(6464K)
[640.182s][info][gc             ] GC(1704) Pause Young (Allocation Failure) 688M->408M(710M) 2.364ms
[640.182s][info][gc,cpu         ] GC(1704) User=0.00s Sys=0.00s Real=0.01s
[640.437s][info][gc,start       ] GC(1705) Pause Young (Allocation Failure)
[640.439s][info][gc,heap        ] GC(1705) PSYoungGen: 286784K(308736K)->32K(309248K) Eden: 286720K(286720K)->0K(290816K) From: 64K(22016K)->32K(18432K)
[640.439s][info][gc,heap        ] GC(1705) ParOldGen: 418368K(418816K)->418368K(418816K)
[640.439s][info][gc,metaspace   ] GC(1705) Metaspace: 35417K(36096K)->35417K(36096K) NonClass: 29144K(29632K)->29144K(29632K) Class: 6272K(6464K)->6272K(6464K)
[640.439s][info][gc             ] GC(1705) Pause Young (Allocation Failure) 688M->408M(711M) 2.285ms
[640.439s][info][gc,cpu         ] GC(1705) User=0.00s Sys=0.00s Real=0.00s
[640.787s][info][gc,start       ] GC(1706) Pause Young (Allocation Failure)
[640.789s][info][gc,heap        ] GC(1706) PSYoungGen: 290848K(309248K)->64K(310784K) Eden: 290816K(290816K)->0K(290816K) From: 32K(18432K)->64K(19968K)
[640.789s][info][gc,heap        ] GC(1706) ParOldGen: 418368K(418816K)->418368K(418816K)
[640.789s][info][gc,metaspace   ] GC(1706) Metaspace: 35417K(36096K)->35417K(36096K) NonClass: 29144K(29632K)->29144K(29632K) Class: 6272K(6464K)->6272K(6464K)
[640.789s][info][gc             ] GC(1706) Pause Young (Allocation Failure) 692M->408M(712M) 2.303ms
[640.789s][info][gc,cpu         ] GC(1706) User=0.00s Sys=0.00s Real=0.00s
[640.845s][info][gc,start       ] GC(1707) Pause Young (Allocation Failure)
[640.848s][info][gc,heap        ] GC(1707) PSYoungGen: 290880K(310784K)->64K(311296K) Eden: 290816K(290816K)->0K(294912K) From: 64K(19968K)->64K(16384K)
[640.848s][info][gc,heap        ] GC(1707) ParOldGen: 418368K(418816K)->418384K(418816K)
[640.848s][info][gc,metaspace   ] GC(1707) Metaspace: 35417K(36096K)->35417K(36096K) NonClass: 29144K(29632K)->29144K(29632K) Class: 6272K(6464K)->6272K(6464K)
[640.848s][info][gc             ] GC(1707) Pause Young (Allocation Failure) 692M->408M(713M) 2.320ms
[640.848s][info][gc,cpu         ] GC(1707) User=0.00s Sys=0.00s Real=0.00s
[640.941s][info][gc,start       ] GC(1708) Pause Young (Allocation Failure)
[640.943s][info][gc,heap        ] GC(1708) PSYoungGen: 294976K(311296K)->64K(312832K) Eden: 294912K(294912K)->0K(294912K) From: 64K(16384K)->64K(17920K)
[640.943s][info][gc,heap        ] GC(1708) ParOldGen: 418384K(418816K)->418384K(418816K)
[640.943s][info][gc,metaspace   ] GC(1708) Metaspace: 35417K(36096K)->35417K(36096K) NonClass: 29144K(29632K)->29144K(29632K) Class: 6272K(6464K)->6272K(6464K)
[640.943s][info][gc             ] GC(1708) Pause Young (Allocation Failure) 696M->408M(714M) 2.294ms
[640.943s][info][gc,cpu         ] GC(1708) User=0.01s Sys=0.00s Real=0.00s
[641.196s][info][gc,start       ] GC(1709) Pause Young (Allocation Failure)
[641.198s][info][gc,heap        ] GC(1709) PSYoungGen: 294976K(312832K)->64K(313344K) Eden: 294912K(294912K)->0K(299008K) From: 64K(17920K)->64K(14336K)
[641.198s][info][gc,heap        ] GC(1709) ParOldGen: 418384K(418816K)->418400K(418816K)
[641.198s][info][gc,metaspace   ] GC(1709) Metaspace: 35417K(36096K)->35417K(36096K) NonClass: 29144K(29632K)->29144K(29632K) Class: 6272K(6464K)->6272K(6464K)
[641.198s][info][gc             ] GC(1709) Pause Young (Allocation Failure) 696M->408M(715M) 2.373ms
[641.198s][info][gc,cpu         ] GC(1709) User=0.00s Sys=0.00s Real=0.00s
[641.427s][info][gc,start       ] GC(1710) Pause Young (Allocation Failure)
[641.429s][info][gc,heap        ] GC(1710) PSYoungGen: 299072K(313344K)->64K(314880K) Eden: 299008K(299008K)->0K(299008K) From: 64K(14336K)->64K(15872K)
[641.429s][info][gc,heap        ] GC(1710) ParOldGen: 418400K(418816K)->418400K(418816K)
[641.429s][info][gc,metaspace   ] GC(1710) Metaspace: 35419K(36096K)->35419K(36096K) NonClass: 29146K(29632K)->29146K(29632K) Class: 6272K(6464K)->6272K(6464K)
[641.429s][info][gc             ] GC(1710) Pause Young (Allocation Failure) 700M->408M(716M) 2.353ms
[641.429s][info][gc,cpu         ] GC(1710) User=0.00s Sys=0.00s Real=0.00s
[641.524s][info][gc,start       ] GC(1711) Pause Young (Allocation Failure)
[641.526s][info][gc,heap        ] GC(1711) PSYoungGen: 299072K(314880K)->32K(315392K) Eden: 299008K(299008K)->0K(302592K) From: 64K(15872K)->32K(12800K)
[641.526s][info][gc,heap        ] GC(1711) ParOldGen: 418400K(418816K)->418408K(418816K)
[641.526s][info][gc,metaspace   ] GC(1711) Metaspace: 35419K(36096K)->35419K(36096K) NonClass: 29146K(29632K)->29146K(29632K) Class: 6272K(6464K)->6272K(6464K)
[641.526s][info][gc             ] GC(1711) Pause Young (Allocation Failure) 700M->408M(717M) 2.364ms
[641.526s][info][gc,cpu         ] GC(1711) User=0.00s Sys=0.00s Real=0.00s
[641.681s][info][gc,start       ] GC(1712) Pause Young (Allocation Failure)
[641.683s][info][gc,heap        ] GC(1712) PSYoungGen: 302624K(315392K)->64K(316928K) Eden: 302592K(302592K)->0K(302592K) From: 32K(12800K)->64K(14336K)
[641.683s][info][gc,heap        ] GC(1712) ParOldGen: 418408K(418816K)->418408K(418816K)
[641.683s][info][gc,metaspace   ] GC(1712) Metaspace: 35419K(36096K)->35419K(36096K) NonClass: 29146K(29632K)->29146K(29632K) Class: 6272K(6464K)->6272K(6464K)
[641.683s][info][gc             ] GC(1712) Pause Young (Allocation Failure) 704M->408M(718M) 2.262ms
[641.684s][info][gc,cpu         ] GC(1712) User=0.00s Sys=0.00s Real=0.00s
[642.136s][info][gc,start       ] GC(1713) Pause Young (Allocation Failure)
[642.138s][info][gc,heap        ] GC(1713) PSYoungGen: 302656K(316928K)->64K(316928K) Eden: 302592K(302592K)->0K(306176K) From: 64K(14336K)->64K(10752K)
[642.138s][info][gc,heap        ] GC(1713) ParOldGen: 418408K(418816K)->418416K(418816K)
[642.138s][info][gc,metaspace   ] GC(1713) Metaspace: 35419K(36096K)->35419K(36096K) NonClass: 29146K(29632K)->29146K(29632K) Class: 6272K(6464K)->6272K(6464K)
[642.138s][info][gc             ] GC(1713) Pause Young (Allocation Failure) 704M->408M(718M) 2.351ms
[642.138s][info][gc,cpu         ] GC(1713) User=0.00s Sys=0.00s Real=0.00s
[642.990s][info][gc,start       ] GC(1714) Pause Young (Allocation Failure)
[642.992s][info][gc,heap        ] GC(1714) PSYoungGen: 306240K(316928K)->102K(318464K) Eden: 306176K(306176K)->0K(306176K) From: 64K(10752K)->102K(12288K)
[642.992s][info][gc,heap        ] GC(1714) ParOldGen: 418416K(418816K)->418424K(418816K)
[642.992s][info][gc,metaspace   ] GC(1714) Metaspace: 35419K(36096K)->35419K(36096K) NonClass: 29146K(29632K)->29146K(29632K) Class: 6272K(6464K)->6272K(6464K)
[642.992s][info][gc             ] GC(1714) Pause Young (Allocation Failure) 707M->408M(720M) 2.067ms
[642.992s][info][gc,cpu         ] GC(1714) User=0.00s Sys=0.00s Real=0.01s
[644.131s][info][gc,start       ] GC(1715) Pause Young (Allocation Failure)
[644.133s][info][gc,heap        ] GC(1715) PSYoungGen: 306278K(318464K)->64K(294400K) Eden: 306176K(306176K)->0K(293888K) From: 102K(12288K)->64K(512K)
[644.133s][info][gc,heap        ] GC(1715) ParOldGen: 418424K(418816K)->418432K(418816K)
[644.133s][info][gc,metaspace   ] GC(1715) Metaspace: 35419K(36096K)->35419K(36096K) NonClass: 29146K(29632K)->29146K(29632K) Class: 6272K(6464K)->6272K(6464K)
[644.133s][info][gc             ] GC(1715) Pause Young (Allocation Failure) 707M->408M(696M) 2.133ms
[644.133s][info][gc,cpu         ] GC(1715) User=0.00s Sys=0.00s Real=0.00s
[644.659s][info][gc,start       ] GC(1716) Pause Young (Allocation Failure)
[644.661s][info][gc,heap        ] GC(1716) PSYoungGen: 293952K(294400K)->32K(292864K) Eden: 293888K(293888K)->0K(282112K) From: 64K(512K)->32K(10752K)
[644.661s][info][gc,heap        ] GC(1716) ParOldGen: 418432K(418816K)->418440K(418816K)
[644.661s][info][gc,metaspace   ] GC(1716) Metaspace: 35419K(36096K)->35419K(36096K) NonClass: 29146K(29632K)->29146K(29632K) Class: 6272K(6464K)->6272K(6464K)
[644.662s][info][gc             ] GC(1716) Pause Young (Allocation Failure) 695M->408M(695M) 2.288ms
[644.662s][info][gc,cpu         ] GC(1716) User=0.01s Sys=0.00s Real=0.01s
[645.844s][info][gc,start       ] GC(1717) Pause Young (Allocation Failure)
[645.849s][info][gc,heap        ] GC(1717) PSYoungGen: 282144K(292864K)->64K(271360K) Eden: 282112K(282112K)->0K(270848K) From: 32K(10752K)->64K(512K)
[645.849s][info][gc,heap        ] GC(1717) ParOldGen: 418440K(418816K)->418456K(418816K)
[645.849s][info][gc,metaspace   ] GC(1717) Metaspace: 35419K(36096K)->35419K(36096K) NonClass: 29146K(29632K)->29146K(29632K) Class: 6272K(6464K)->6272K(6464K)
[645.849s][info][gc             ] GC(1717) Pause Young (Allocation Failure) 684M->408M(674M) 5.361ms
[645.849s][info][gc,cpu         ] GC(1717) User=0.00s Sys=0.00s Real=0.00s
[646.324s][info][gc,start       ] GC(1718) Pause Young (Allocation Failure)
[646.329s][info][gc,heap        ] GC(1718) PSYoungGen: 270912K(271360K)->32K(269824K) Eden: 270848K(270848K)->0K(260096K) From: 64K(512K)->32K(9728K)
[646.329s][info][gc,heap        ] GC(1718) ParOldGen: 418456K(418816K)->418464K(418816K)
[646.329s][info][gc,metaspace   ] GC(1718) Metaspace: 35419K(36096K)->35419K(36096K) NonClass: 29146K(29632K)->29146K(29632K) Class: 6272K(6464K)->6272K(6464K)
[646.329s][info][gc             ] GC(1718) Pause Young (Allocation Failure) 673M->408M(672M) 4.922ms
[646.329s][info][gc,cpu         ] GC(1718) User=0.00s Sys=0.00s Real=0.00s
[646.539s][info][gc,start       ] GC(1719) Pause Young (Allocation Failure)
[646.544s][info][gc,heap        ] GC(1719) PSYoungGen: 260128K(269824K)->32K(304640K) Eden: 260096K(260096K)->0K(295936K) From: 32K(9728K)->32K(8704K)
[646.544s][info][gc,heap        ] GC(1719) ParOldGen: 418464K(418816K)->418472K(418816K)
[646.544s][info][gc,metaspace   ] GC(1719) Metaspace: 35419K(36096K)->35419K(36096K) NonClass: 29146K(29632K)->29146K(29632K) Class: 6272K(6464K)->6272K(6464K)
[646.544s][info][gc             ] GC(1719) Pause Young (Allocation Failure) 662M->408M(706M) 5.068ms
[646.544s][info][gc,cpu         ] GC(1719) User=0.00s Sys=0.00s Real=0.01s
[646.948s][info][gc,start       ] GC(1720) Pause Young (Allocation Failure)
[646.951s][info][gc,heap        ] GC(1720) PSYoungGen: 295968K(304640K)->32K(304128K) Eden: 295936K(295936K)->0K(295936K) From: 32K(8704K)->32K(8192K)
[646.951s][info][gc,heap        ] GC(1720) ParOldGen: 418472K(418816K)->418480K(418816K)
[646.951s][info][gc,metaspace   ] GC(1720) Metaspace: 35419K(36096K)->35419K(36096K) NonClass: 29146K(29632K)->29146K(29632K) Class: 6272K(6464K)->6272K(6464K)
[646.951s][info][gc             ] GC(1720) Pause Young (Allocation Failure) 697M->408M(706M) 2.391ms
[646.951s][info][gc,cpu         ] GC(1720) User=0.00s Sys=0.00s Real=0.00s
[647.495s][info][gc,start       ] GC(1721) Pause Young (Allocation Failure)
[647.498s][info][gc,heap        ] GC(1721) PSYoungGen: 295968K(304128K)->32K(284672K) Eden: 295936K(295936K)->0K(284160K) From: 32K(8192K)->32K(512K)
[647.498s][info][gc,heap        ] GC(1721) ParOldGen: 418480K(418816K)->418488K(418816K)
[647.498s][info][gc,metaspace   ] GC(1721) Metaspace: 35419K(36096K)->35419K(36096K) NonClass: 29146K(29632K)->29146K(29632K) Class: 6272K(6464K)->6272K(6464K)
[647.498s][info][gc             ] GC(1721) Pause Young (Allocation Failure) 697M->408M(687M) 3.209ms
[647.498s][info][gc,cpu         ] GC(1721) User=0.00s Sys=0.00s Real=0.00s
[647.999s][info][gc,start       ] GC(1722) Pause Young (Allocation Failure)
[648.044s][info][gc,heap        ] GC(1722) PSYoungGen: 284192K(284672K)->7168K(317952K) Eden: 284160K(284160K)->0K(310784K) From: 32K(512K)->7168K(7168K)
[648.044s][info][gc,heap        ] GC(1722) ParOldGen: 418488K(418816K)->426768K(427008K)
[648.044s][info][gc,metaspace   ] GC(1722) Metaspace: 35419K(36096K)->35419K(36096K) NonClass: 29146K(29632K)->29146K(29632K) Class: 6272K(6464K)->6272K(6464K)
[648.044s][info][gc             ] GC(1722) Pause Young (Allocation Failure) 686M->423M(727M) 45.232ms
[648.044s][info][gc,cpu         ] GC(1722) User=0.07s Sys=0.02s Real=0.05s
[648.469s][info][gc,start       ] GC(1723) Pause Young (Allocation Failure)
[648.569s][info][gc,heap        ] GC(1723) PSYoungGen: 317952K(317952K)->11776K(300544K) Eden: 310784K(310784K)->0K(288768K) From: 7168K(7168K)->11776K(11776K)
[648.569s][info][gc,heap        ] GC(1723) ParOldGen: 426768K(427008K)->448280K(448512K)
[648.569s][info][gc,metaspace   ] GC(1723) Metaspace: 35419K(36096K)->35419K(36096K) NonClass: 29146K(29632K)->29146K(29632K) Class: 6272K(6464K)->6272K(6464K)
[648.569s][info][gc             ] GC(1723) Pause Young (Allocation Failure) 727M->449M(731M) 100.011ms
[648.569s][info][gc,cpu         ] GC(1723) User=0.17s Sys=0.02s Real=0.10s
[648.858s][info][gc,start       ] GC(1724) Pause Young (Allocation Failure)
[648.904s][info][gc,heap        ] GC(1724) PSYoungGen: 300544K(300544K)->20512K(309760K) Eden: 288768K(288768K)->0K(288768K) From: 11776K(11776K)->20512K(20992K)
[648.904s][info][gc,heap        ] GC(1724) ParOldGen: 448280K(448512K)->449080K(449536K)
[648.904s][info][gc,metaspace   ] GC(1724) Metaspace: 35419K(36096K)->35419K(36096K) NonClass: 29146K(29632K)->29146K(29632K) Class: 6272K(6464K)->6272K(6464K)
[648.904s][info][gc             ] GC(1724) Pause Young (Allocation Failure) 731M->458M(741M) 46.089ms
[648.904s][info][gc,cpu         ] GC(1724) User=0.09s Sys=0.00s Real=0.05s
[649.207s][info][gc,start       ] GC(1725) Pause Young (Allocation Failure)
[649.209s][info][gc,heap        ] GC(1725) PSYoungGen: 309280K(309760K)->32K(306688K) Eden: 288768K(288768K)->0K(282624K) From: 20512K(20992K)->32K(24064K)
[649.209s][info][gc,heap        ] GC(1725) ParOldGen: 449080K(449536K)->449088K(449536K)
[649.209s][info][gc,metaspace   ] GC(1725) Metaspace: 35419K(36096K)->35419K(36096K) NonClass: 29146K(29632K)->29146K(29632K) Class: 6272K(6464K)->6272K(6464K)
[649.209s][info][gc             ] GC(1725) Pause Young (Allocation Failure) 740M->438M(738M) 2.228ms
[649.209s][info][gc,cpu         ] GC(1725) User=0.00s Sys=0.00s Real=0.00s
[650.008s][info][gc,start       ] GC(1726) Pause Young (Allocation Failure)
[650.011s][info][gc,heap        ] GC(1726) PSYoungGen: 282656K(306688K)->128K(308224K) Eden: 282624K(282624K)->0K(282624K) From: 32K(24064K)->128K(25600K)
[650.011s][info][gc,heap        ] GC(1726) ParOldGen: 449088K(449536K)->449096K(449536K)
[650.011s][info][gc,metaspace   ] GC(1726) Metaspace: 35482K(36160K)->35482K(36160K) NonClass: 29208K(29696K)->29208K(29696K) Class: 6273K(6464K)->6273K(6464K)
[650.011s][info][gc             ] GC(1726) Pause Young (Allocation Failure) 714M->438M(740M) 3.073ms
[650.011s][info][gc,cpu         ] GC(1726) User=0.01s Sys=0.00s Real=0.01s
[650.309s][info][gc,start       ] GC(1727) Pause Young (Allocation Failure)
[650.312s][info][gc,heap        ] GC(1727) PSYoungGen: 282752K(308224K)->96K(305664K) Eden: 282624K(282624K)->0K(283648K) From: 128K(25600K)->96K(22016K)
[650.312s][info][gc,heap        ] GC(1727) ParOldGen: 449096K(449536K)->449160K(449536K)
[650.312s][info][gc,metaspace   ] GC(1727) Metaspace: 35486K(36160K)->35486K(36160K) NonClass: 29212K(29696K)->29212K(29696K) Class: 6273K(6464K)->6273K(6464K)
[650.312s][info][gc             ] GC(1727) Pause Young (Allocation Failure) 714M->438M(737M) 2.306ms
[650.312s][info][gc,cpu         ] GC(1727) User=0.00s Sys=0.00s Real=0.01s
[650.769s][info][gc,start       ] GC(1728) Pause Young (Allocation Failure)
[650.772s][info][gc,heap        ] GC(1728) PSYoungGen: 283744K(305664K)->64K(307200K) Eden: 283648K(283648K)->0K(283648K) From: 96K(22016K)->64K(23552K)
[650.772s][info][gc,heap        ] GC(1728) ParOldGen: 449160K(449536K)->449224K(449536K)
[650.772s][info][gc,metaspace   ] GC(1728) Metaspace: 35486K(36160K)->35486K(36160K) NonClass: 29212K(29696K)->29212K(29696K) Class: 6273K(6464K)->6273K(6464K)
[650.772s][info][gc             ] GC(1728) Pause Young (Allocation Failure) 715M->438M(739M) 2.306ms
[650.772s][info][gc,cpu         ] GC(1728) User=0.00s Sys=0.00s Real=0.01s
[651.012s][info][gc,start       ] GC(1729) Pause Young (Allocation Failure)
[651.014s][info][gc,heap        ] GC(1729) PSYoungGen: 283712K(307200K)->32K(307712K) Eden: 283648K(283648K)->0K(287744K) From: 64K(23552K)->32K(19968K)
[651.014s][info][gc,heap        ] GC(1729) ParOldGen: 449224K(449536K)->449232K(449536K)
[651.014s][info][gc,metaspace   ] GC(1729) Metaspace: 35486K(36160K)->35486K(36160K) NonClass: 29212K(29696K)->29212K(29696K) Class: 6273K(6464K)->6273K(6464K)
[651.014s][info][gc             ] GC(1729) Pause Young (Allocation Failure) 715M->438M(739M) 2.351ms
[651.014s][info][gc,cpu         ] GC(1729) User=0.00s Sys=0.00s Real=0.00s
[651.291s][info][gc,start       ] GC(1730) Pause Young (Allocation Failure)
[651.293s][info][gc,heap        ] GC(1730) PSYoungGen: 287776K(307712K)->32K(309248K) Eden: 287744K(287744K)->0K(287744K) From: 32K(19968K)->32K(21504K)
[651.293s][info][gc,heap        ] GC(1730) ParOldGen: 449232K(449536K)->449232K(449536K)
[651.293s][info][gc,metaspace   ] GC(1730) Metaspace: 35486K(36160K)->35486K(36160K) NonClass: 29212K(29696K)->29212K(29696K) Class: 6273K(6464K)->6273K(6464K)
[651.293s][info][gc             ] GC(1730) Pause Young (Allocation Failure) 719M->438M(741M) 2.097ms
[651.293s][info][gc,cpu         ] GC(1730) User=0.00s Sys=0.00s Real=0.01s
[651.646s][info][gc,start       ] GC(1731) Pause Young (Allocation Failure)
[651.648s][info][gc,heap        ] GC(1731) PSYoungGen: 287776K(309248K)->32K(309760K) Eden: 287744K(287744K)->0K(291840K) From: 32K(21504K)->32K(17920K)
[651.648s][info][gc,heap        ] GC(1731) ParOldGen: 449232K(449536K)->449232K(449536K)
[651.648s][info][gc,metaspace   ] GC(1731) Metaspace: 35486K(36160K)->35486K(36160K) NonClass: 29212K(29696K)->29212K(29696K) Class: 6273K(6464K)->6273K(6464K)
[651.648s][info][gc             ] GC(1731) Pause Young (Allocation Failure) 719M->438M(741M) 2.231ms
[651.648s][info][gc,cpu         ] GC(1731) User=0.01s Sys=0.01s Real=0.00s
[651.704s][info][gc,start       ] GC(1732) Pause Young (Allocation Failure)
[651.706s][info][gc,heap        ] GC(1732) PSYoungGen: 291872K(309760K)->32K(311296K) Eden: 291840K(291840K)->0K(291840K) From: 32K(17920K)->32K(19456K)
[651.706s][info][gc,heap        ] GC(1732) ParOldGen: 449232K(449536K)->449248K(449536K)
[651.706s][info][gc,metaspace   ] GC(1732) Metaspace: 35486K(36160K)->35486K(36160K) NonClass: 29212K(29696K)->29212K(29696K) Class: 6273K(6464K)->6273K(6464K)
[651.706s][info][gc             ] GC(1732) Pause Young (Allocation Failure) 723M->438M(743M) 2.241ms
[651.706s][info][gc,cpu         ] GC(1732) User=0.01s Sys=0.00s Real=0.00s
[651.780s][info][gc,start       ] GC(1733) Pause Young (Allocation Failure)
[651.781s][info][gc,heap        ] GC(1733) PSYoungGen: 291872K(311296K)->64K(311808K) Eden: 291840K(291840K)->0K(295936K) From: 32K(19456K)->64K(15872K)
[651.781s][info][gc,heap        ] GC(1733) ParOldGen: 449248K(449536K)->449248K(449536K)
[651.781s][info][gc,metaspace   ] GC(1733) Metaspace: 35486K(36160K)->35486K(36160K) NonClass: 29212K(29696K)->29212K(29696K) Class: 6273K(6464K)->6273K(6464K)
[651.782s][info][gc             ] GC(1733) Pause Young (Allocation Failure) 723M->438M(743M) 1.721ms
[651.782s][info][gc,cpu         ] GC(1733) User=0.00s Sys=0.00s Real=0.01s
[652.039s][info][gc,start       ] GC(1734) Pause Young (Allocation Failure)
[652.041s][info][gc,heap        ] GC(1734) PSYoungGen: 296000K(311808K)->64K(313344K) Eden: 295936K(295936K)->0K(295936K) From: 64K(15872K)->64K(17408K)
[652.041s][info][gc,heap        ] GC(1734) ParOldGen: 449248K(449536K)->449264K(449536K)
[652.041s][info][gc,metaspace   ] GC(1734) Metaspace: 35486K(36160K)->35486K(36160K) NonClass: 29212K(29696K)->29212K(29696K) Class: 6273K(6464K)->6273K(6464K)
[652.041s][info][gc             ] GC(1734) Pause Young (Allocation Failure) 727M->438M(745M) 2.481ms
[652.041s][info][gc,cpu         ] GC(1734) User=0.00s Sys=0.00s Real=0.01s
[652.316s][info][gc,start       ] GC(1735) Pause Young (Allocation Failure)
[652.318s][info][gc,heap        ] GC(1735) PSYoungGen: 296000K(313344K)->64K(313856K) Eden: 295936K(295936K)->0K(300032K) From: 64K(17408K)->64K(13824K)
[652.318s][info][gc,heap        ] GC(1735) ParOldGen: 449264K(449536K)->449264K(449536K)
[652.318s][info][gc,metaspace   ] GC(1735) Metaspace: 35486K(36160K)->35486K(36160K) NonClass: 29212K(29696K)->29212K(29696K) Class: 6273K(6464K)->6273K(6464K)
[652.318s][info][gc             ] GC(1735) Pause Young (Allocation Failure) 727M->438M(745M) 2.460ms
[652.318s][info][gc,cpu         ] GC(1735) User=0.00s Sys=0.00s Real=0.00s
[652.412s][info][gc,start       ] GC(1736) Pause Young (Allocation Failure)
[652.414s][info][gc,heap        ] GC(1736) PSYoungGen: 300096K(313856K)->64K(315392K) Eden: 300032K(300032K)->0K(300032K) From: 64K(13824K)->64K(15360K)
[652.414s][info][gc,heap        ] GC(1736) ParOldGen: 449264K(449536K)->449272K(449536K)
[652.414s][info][gc,metaspace   ] GC(1736) Metaspace: 35486K(36160K)->35486K(36160K) NonClass: 29212K(29696K)->29212K(29696K) Class: 6273K(6464K)->6273K(6464K)
[652.414s][info][gc             ] GC(1736) Pause Young (Allocation Failure) 731M->438M(747M) 2.410ms
[652.414s][info][gc,cpu         ] GC(1736) User=0.01s Sys=0.00s Real=0.00s
[652.556s][info][gc,start       ] GC(1737) Pause Young (Allocation Failure)
[652.558s][info][gc,heap        ] GC(1737) PSYoungGen: 300096K(315392K)->64K(316928K) Eden: 300032K(300032K)->0K(304128K) From: 64K(15360K)->64K(12800K)
[652.558s][info][gc,heap        ] GC(1737) ParOldGen: 449272K(449536K)->449280K(449536K)
[652.558s][info][gc,metaspace   ] GC(1737) Metaspace: 35486K(36160K)->35486K(36160K) NonClass: 29212K(29696K)->29212K(29696K) Class: 6273K(6464K)->6273K(6464K)
[652.558s][info][gc             ] GC(1737) Pause Young (Allocation Failure) 731M->438M(748M) 2.503ms
[652.558s][info][gc,cpu         ] GC(1737) User=0.00s Sys=0.00s Real=0.00s
[652.988s][info][gc,start       ] GC(1738) Pause Young (Allocation Failure)
[652.991s][info][gc,heap        ] GC(1738) PSYoungGen: 304192K(316928K)->64K(317952K) Eden: 304128K(304128K)->0K(304128K) From: 64K(12800K)->64K(13824K)
[652.991s][info][gc,heap        ] GC(1738) ParOldGen: 449280K(449536K)->449296K(449536K)
[652.991s][info][gc,metaspace   ] GC(1738) Metaspace: 35486K(36160K)->35486K(36160K) NonClass: 29212K(29696K)->29212K(29696K) Class: 6273K(6464K)->6273K(6464K)
[652.991s][info][gc             ] GC(1738) Pause Young (Allocation Failure) 735M->438M(749M) 2.390ms
[652.991s][info][gc,cpu         ] GC(1738) User=0.00s Sys=0.00s Real=0.01s
[653.830s][info][gc,start       ] GC(1739) Pause Young (Allocation Failure)
[653.832s][info][gc,heap        ] GC(1739) PSYoungGen: 304192K(317952K)->83K(317952K) Eden: 304128K(304128K)->0K(307200K) From: 64K(13824K)->83K(10752K)
[653.832s][info][gc,heap        ] GC(1739) ParOldGen: 449296K(449536K)->449304K(449536K)
[653.832s][info][gc,metaspace   ] GC(1739) Metaspace: 35486K(36160K)->35486K(36160K) NonClass: 29212K(29696K)->29212K(29696K) Class: 6273K(6464K)->6273K(6464K)
[653.832s][info][gc             ] GC(1739) Pause Young (Allocation Failure) 735M->438M(749M) 1.728ms
[653.832s][info][gc,cpu         ] GC(1739) User=0.00s Sys=0.00s Real=0.01s
[655.003s][info][gc,start       ] GC(1740) Pause Young (Allocation Failure)
[655.005s][info][gc,heap        ] GC(1740) PSYoungGen: 307283K(317952K)->64K(295424K) Eden: 307200K(307200K)->0K(294912K) From: 83K(10752K)->64K(512K)
[655.005s][info][gc,heap        ] GC(1740) ParOldGen: 449304K(449536K)->449312K(449536K)
[655.005s][info][gc,metaspace   ] GC(1740) Metaspace: 35486K(36160K)->35486K(36160K) NonClass: 29212K(29696K)->29212K(29696K) Class: 6273K(6464K)->6273K(6464K)
[655.005s][info][gc             ] GC(1740) Pause Young (Allocation Failure) 738M->438M(727M) 2.420ms
[655.005s][info][gc,cpu         ] GC(1740) User=0.00s Sys=0.00s Real=0.00s
[655.554s][info][gc,start       ] GC(1741) Pause Young (Allocation Failure)
[655.558s][info][gc,heap        ] GC(1741) PSYoungGen: 294976K(295424K)->32K(283648K) Eden: 294912K(294912K)->0K(283136K) From: 64K(512K)->32K(512K)
[655.558s][info][gc,heap        ] GC(1741) ParOldGen: 449312K(449536K)->449320K(449536K)
[655.558s][info][gc,metaspace   ] GC(1741) Metaspace: 35486K(36160K)->35486K(36160K) NonClass: 29212K(29696K)->29212K(29696K) Class: 6273K(6464K)->6273K(6464K)
[655.558s][info][gc             ] GC(1741) Pause Young (Allocation Failure) 726M->438M(716M) 3.527ms
[655.558s][info][gc,cpu         ] GC(1741) User=0.01s Sys=0.00s Real=0.00s
[656.750s][info][gc,start       ] GC(1742) Pause Young (Allocation Failure)
[656.753s][info][gc,heap        ] GC(1742) PSYoungGen: 283168K(283648K)->64K(282112K) Eden: 283136K(283136K)->0K(271872K) From: 32K(512K)->64K(10240K)
[656.753s][info][gc,heap        ] GC(1742) ParOldGen: 449320K(449536K)->449328K(449536K)
[656.753s][info][gc,metaspace   ] GC(1742) Metaspace: 35486K(36160K)->35486K(36160K) NonClass: 29212K(29696K)->29212K(29696K) Class: 6273K(6464K)->6273K(6464K)
[656.753s][info][gc             ] GC(1742) Pause Young (Allocation Failure) 715M->438M(714M) 3.024ms
[656.753s][info][gc,cpu         ] GC(1742) User=0.01s Sys=0.00s Real=0.01s
[657.230s][info][gc,start       ] GC(1743) Pause Young (Allocation Failure)
[657.233s][info][gc,heap        ] GC(1743) PSYoungGen: 271936K(282112K)->64K(261632K) Eden: 271872K(271872K)->0K(261120K) From: 64K(10240K)->64K(512K)
[657.233s][info][gc,heap        ] GC(1743) ParOldGen: 449328K(449536K)->449336K(449536K)
[657.233s][info][gc,metaspace   ] GC(1743) Metaspace: 35486K(36160K)->35486K(36160K) NonClass: 29212K(29696K)->29212K(29696K) Class: 6273K(6464K)->6273K(6464K)
[657.234s][info][gc             ] GC(1743) Pause Young (Allocation Failure) 704M->438M(694M) 3.815ms
[657.234s][info][gc,cpu         ] GC(1743) User=0.00s Sys=0.01s Real=0.01s
[657.456s][info][gc,start       ] GC(1744) Pause Young (Allocation Failure)
[657.459s][info][gc,heap        ] GC(1744) PSYoungGen: 261184K(261632K)->64K(260096K) Eden: 261120K(261120K)->0K(250880K) From: 64K(512K)->64K(9216K)
[657.459s][info][gc,heap        ] GC(1744) ParOldGen: 449336K(449536K)->449344K(449536K)
[657.459s][info][gc,metaspace   ] GC(1744) Metaspace: 35486K(36160K)->35486K(36160K) NonClass: 29212K(29696K)->29212K(29696K) Class: 6273K(6464K)->6273K(6464K)
[657.459s][info][gc             ] GC(1744) Pause Young (Allocation Failure) 693M->438M(693M) 3.173ms
[657.459s][info][gc,cpu         ] GC(1744) User=0.01s Sys=0.00s Real=0.00s
[657.710s][info][gc,start       ] GC(1745) Pause Young (Allocation Failure)
[657.714s][info][gc,heap        ] GC(1745) PSYoungGen: 250944K(260096K)->64K(292864K) Eden: 250880K(250880K)->0K(284672K) From: 64K(9216K)->64K(8192K)
[657.714s][info][gc,heap        ] GC(1745) ParOldGen: 449344K(449536K)->449352K(449536K)
[657.714s][info][gc,metaspace   ] GC(1745) Metaspace: 35486K(36160K)->35486K(36160K) NonClass: 29212K(29696K)->29212K(29696K) Class: 6273K(6464K)->6273K(6464K)
[657.714s][info][gc             ] GC(1745) Pause Young (Allocation Failure) 683M->438M(725M) 3.845ms
[657.714s][info][gc,cpu         ] GC(1745) User=0.00s Sys=0.00s Real=0.01s
[658.370s][info][gc,start       ] GC(1746) Pause Young (Allocation Failure)
[658.374s][info][gc,heap        ] GC(1746) PSYoungGen: 284736K(292864K)->32K(273920K) Eden: 284672K(284672K)->0K(273408K) From: 64K(8192K)->32K(512K)
[658.374s][info][gc,heap        ] GC(1746) ParOldGen: 449352K(449536K)->449360K(449536K)
[658.374s][info][gc,metaspace   ] GC(1746) Metaspace: 35486K(36160K)->35486K(36160K) NonClass: 29212K(29696K)->29212K(29696K) Class: 6273K(6464K)->6273K(6464K)
[658.374s][info][gc             ] GC(1746) Pause Young (Allocation Failure) 716M->438M(706M) 4.076ms
[658.374s][info][gc,cpu         ] GC(1746) User=0.01s Sys=0.00s Real=0.01s
[658.845s][info][gc,start       ] GC(1747) Pause Young (Allocation Failure)
[658.857s][info][gc,heap        ] GC(1747) PSYoungGen: 273440K(273920K)->5568K(284672K) Eden: 273408K(273408K)->0K(277504K) From: 32K(512K)->5568K(7168K)
[658.857s][info][gc,heap        ] GC(1747) ParOldGen: 449360K(449536K)->449368K(449536K)
[658.857s][info][gc,metaspace   ] GC(1747) Metaspace: 35486K(36160K)->35486K(36160K) NonClass: 29212K(29696K)->29212K(29696K) Class: 6273K(6464K)->6273K(6464K)
[658.857s][info][gc             ] GC(1747) Pause Young (Allocation Failure) 705M->444M(717M) 11.459ms
[658.857s][info][gc,cpu         ] GC(1747) User=0.01s Sys=0.00s Real=0.01s
[659.224s][info][gc,start       ] GC(1748) Pause Young (Allocation Failure)
[659.291s][info][gc,heap        ] GC(1748) PSYoungGen: 283072K(284672K)->8192K(285696K) Eden: 277504K(277504K)->0K(277504K) From: 5568K(7168K)->8192K(8192K)
[659.291s][info][gc,heap        ] GC(1748) ParOldGen: 449368K(449536K)->470632K(471040K)
[659.291s][info][gc,metaspace   ] GC(1748) Metaspace: 35486K(36160K)->35486K(36160K) NonClass: 29212K(29696K)->29212K(29696K) Class: 6273K(6464K)->6273K(6464K)
[659.292s][info][gc             ] GC(1748) Pause Young (Allocation Failure) 715M->467M(739M) 67.794ms
[659.292s][info][gc,cpu         ] GC(1748) User=0.11s Sys=0.02s Real=0.07s
[659.658s][info][gc,start       ] GC(1749) Pause Young (Allocation Failure)
[659.743s][info][gc,heap        ] GC(1749) PSYoungGen: 285696K(285696K)->18432K(299008K) Eden: 277504K(277504K)->0K(280576K) From: 8192K(8192K)->18432K(18432K)
[659.743s][info][gc,heap        ] GC(1749) ParOldGen: 470632K(471040K)->482424K(482816K)
[659.743s][info][gc,metaspace   ] GC(1749) Metaspace: 35486K(36160K)->35486K(36160K) NonClass: 29212K(29696K)->29212K(29696K) Class: 6273K(6464K)->6273K(6464K)
[659.744s][info][gc             ] GC(1749) Pause Young (Allocation Failure) 738M->489M(763M) 85.605ms
[659.744s][info][gc,cpu         ] GC(1749) User=0.14s Sys=0.03s Real=0.09s
[659.882s][info][gc,start       ] GC(1750) Pause Young (Allocation Failure)
[659.901s][info][gc,heap        ] GC(1750) PSYoungGen: 299008K(299008K)->4576K(307200K) Eden: 280576K(280576K)->0K(280576K) From: 18432K(18432K)->4576K(26624K)
[659.901s][info][gc,heap        ] GC(1750) ParOldGen: 482424K(482816K)->482840K(483328K)
[659.901s][info][gc,metaspace   ] GC(1750) Metaspace: 35486K(36160K)->35486K(36160K) NonClass: 29212K(29696K)->29212K(29696K) Class: 6273K(6464K)->6273K(6464K)
[659.901s][info][gc             ] GC(1750) Pause Young (Allocation Failure) 763M->475M(772M) 19.616ms
[659.901s][info][gc,cpu         ] GC(1750) User=0.04s Sys=0.00s Real=0.02s
[660.558s][info][gc,start       ] GC(1751) Pause Young (Allocation Failure)
[660.560s][info][gc,heap        ] GC(1751) PSYoungGen: 285152K(307200K)->64K(303616K) Eden: 280576K(280576K)->0K(282112K) From: 4576K(26624K)->64K(21504K)
[660.560s][info][gc,heap        ] GC(1751) ParOldGen: 482840K(483328K)->482848K(483328K)
[660.560s][info][gc,metaspace   ] GC(1751) Metaspace: 35486K(36160K)->35486K(36160K) NonClass: 29212K(29696K)->29212K(29696K) Class: 6273K(6464K)->6273K(6464K)
[660.560s][info][gc             ] GC(1751) Pause Young (Allocation Failure) 749M->471M(768M) 2.113ms
[660.560s][info][gc,cpu         ] GC(1751) User=0.01s Sys=0.00s Real=0.00s
[661.122s][info][gc,start       ] GC(1752) Pause Young (Allocation Failure)
[661.124s][info][gc,heap        ] GC(1752) PSYoungGen: 282176K(303616K)->64K(306176K) Eden: 282112K(282112K)->0K(282112K) From: 64K(21504K)->64K(24064K)
[661.124s][info][gc,heap        ] GC(1752) ParOldGen: 482848K(483328K)->482856K(483328K)
[661.124s][info][gc,metaspace   ] GC(1752) Metaspace: 35501K(36160K)->35501K(36160K) NonClass: 29227K(29696K)->29227K(29696K) Class: 6273K(6464K)->6273K(6464K)
[661.124s][info][gc             ] GC(1752) Pause Young (Allocation Failure) 747M->471M(771M) 1.817ms
[661.124s][info][gc,cpu         ] GC(1752) User=0.00s Sys=0.00s Real=0.00s
[661.629s][info][gc,start       ] GC(1753) Pause Young (Allocation Failure)
[661.630s][info][gc,heap        ] GC(1753) PSYoungGen: 282176K(306176K)->64K(307200K) Eden: 282112K(282112K)->0K(286208K) From: 64K(24064K)->64K(20992K)
[661.630s][info][gc,heap        ] GC(1753) ParOldGen: 482856K(483328K)->482872K(483328K)
[661.630s][info][gc,metaspace   ] GC(1753) Metaspace: 35501K(36160K)->35501K(36160K) NonClass: 29227K(29696K)->29227K(29696K) Class: 6273K(6464K)->6273K(6464K)
[661.631s][info][gc             ] GC(1753) Pause Young (Allocation Failure) 747M->471M(772M) 1.952ms
[661.631s][info][gc,cpu         ] GC(1753) User=0.01s Sys=0.01s Real=0.00s
[661.888s][info][gc,start       ] GC(1754) Pause Young (Allocation Failure)
[661.891s][info][gc,heap        ] GC(1754) PSYoungGen: 286272K(307200K)->32K(308736K) Eden: 286208K(286208K)->0K(286208K) From: 64K(20992K)->32K(22528K)
[661.891s][info][gc,heap        ] GC(1754) ParOldGen: 482872K(483328K)->482880K(483328K)
[661.891s][info][gc,metaspace   ] GC(1754) Metaspace: 35501K(36160K)->35501K(36160K) NonClass: 29227K(29696K)->29227K(29696K) Class: 6273K(6464K)->6273K(6464K)
[661.891s][info][gc             ] GC(1754) Pause Young (Allocation Failure) 751M->471M(773M) 2.553ms
[661.891s][info][gc,cpu         ] GC(1754) User=0.01s Sys=0.00s Real=0.01s
[662.203s][info][gc,start       ] GC(1755) Pause Young (Allocation Failure)
[662.206s][info][gc,heap        ] GC(1755) PSYoungGen: 286240K(308736K)->64K(308736K) Eden: 286208K(286208K)->0K(289792K) From: 32K(22528K)->64K(18944K)
[662.206s][info][gc,heap        ] GC(1755) ParOldGen: 482880K(483328K)->482880K(483328K)
[662.206s][info][gc,metaspace   ] GC(1755) Metaspace: 35501K(36160K)->35501K(36160K) NonClass: 29227K(29696K)->29227K(29696K) Class: 6273K(6464K)->6273K(6464K)
[662.206s][info][gc             ] GC(1755) Pause Young (Allocation Failure) 751M->471M(773M) 2.781ms
[662.206s][info][gc,cpu         ] GC(1755) User=0.00s Sys=0.00s Real=0.00s
[662.736s][info][gc,start       ] GC(1756) Pause Young (Allocation Failure)
[662.738s][info][gc,heap        ] GC(1756) PSYoungGen: 289856K(308736K)->64K(310272K) Eden: 289792K(289792K)->0K(289792K) From: 64K(18944K)->64K(20480K)
[662.738s][info][gc,heap        ] GC(1756) ParOldGen: 482880K(483328K)->482880K(483328K)
[662.738s][info][gc,metaspace   ] GC(1756) Metaspace: 35501K(36160K)->35501K(36160K) NonClass: 29227K(29696K)->29227K(29696K) Class: 6273K(6464K)->6273K(6464K)
[662.738s][info][gc             ] GC(1756) Pause Young (Allocation Failure) 754M->471M(775M) 2.013ms
[662.738s][info][gc,cpu         ] GC(1756) User=0.00s Sys=0.00s Real=0.00s
[662.812s][info][gc,start       ] GC(1757) Pause Young (Allocation Failure)
[662.814s][info][gc,heap        ] GC(1757) PSYoungGen: 289856K(310272K)->32K(310784K) Eden: 289792K(289792K)->0K(293888K) From: 64K(20480K)->32K(16896K)
[662.814s][info][gc,heap        ] GC(1757) ParOldGen: 482880K(483328K)->482888K(483328K)
[662.814s][info][gc,metaspace   ] GC(1757) Metaspace: 35501K(36160K)->35501K(36160K) NonClass: 29227K(29696K)->29227K(29696K) Class: 6273K(6464K)->6273K(6464K)
[662.814s][info][gc             ] GC(1757) Pause Young (Allocation Failure) 754M->471M(775M) 2.350ms
[662.814s][info][gc,cpu         ] GC(1757) User=0.01s Sys=0.00s Real=0.00s
[662.873s][info][gc,start       ] GC(1758) Pause Young (Allocation Failure)
[662.875s][info][gc,heap        ] GC(1758) PSYoungGen: 293920K(310784K)->32K(312320K) Eden: 293888K(293888K)->0K(293888K) From: 32K(16896K)->32K(18432K)
[662.875s][info][gc,heap        ] GC(1758) ParOldGen: 482888K(483328K)->482896K(483328K)
[662.875s][info][gc,metaspace   ] GC(1758) Metaspace: 35501K(36160K)->35501K(36160K) NonClass: 29227K(29696K)->29227K(29696K) Class: 6273K(6464K)->6273K(6464K)
[662.875s][info][gc             ] GC(1758) Pause Young (Allocation Failure) 758M->471M(777M) 2.411ms
[662.875s][info][gc,cpu         ] GC(1758) User=0.01s Sys=0.00s Real=0.00s
[663.063s][info][gc,start       ] GC(1759) Pause Young (Allocation Failure)
[663.065s][info][gc,heap        ] GC(1759) PSYoungGen: 293920K(312320K)->64K(312832K) Eden: 293888K(293888K)->0K(297984K) From: 32K(18432K)->64K(14848K)
[663.065s][info][gc,heap        ] GC(1759) ParOldGen: 482896K(483328K)->482896K(483328K)
[663.065s][info][gc,metaspace   ] GC(1759) Metaspace: 35501K(36160K)->35501K(36160K) NonClass: 29227K(29696K)->29227K(29696K) Class: 6273K(6464K)->6273K(6464K)
[663.066s][info][gc             ] GC(1759) Pause Young (Allocation Failure) 758M->471M(777M) 2.403ms
[663.066s][info][gc,cpu         ] GC(1759) User=0.00s Sys=0.00s Real=0.00s
[663.315s][info][gc,start       ] GC(1760) Pause Young (Allocation Failure)
[663.318s][info][gc,heap        ] GC(1760) PSYoungGen: 298048K(312832K)->32K(314368K) Eden: 297984K(297984K)->0K(297984K) From: 64K(14848K)->32K(16384K)
[663.318s][info][gc,heap        ] GC(1760) ParOldGen: 482896K(483328K)->482904K(483328K)
[663.318s][info][gc,metaspace   ] GC(1760) Metaspace: 35501K(36160K)->35501K(36160K) NonClass: 29227K(29696K)->29227K(29696K) Class: 6273K(6464K)->6273K(6464K)
[663.318s][info][gc             ] GC(1760) Pause Young (Allocation Failure) 762M->471M(779M) 2.375ms
[663.318s][info][gc,cpu         ] GC(1760) User=0.00s Sys=0.00s Real=0.00s
[663.469s][info][gc,start       ] GC(1761) Pause Young (Allocation Failure)
[663.471s][info][gc,heap        ] GC(1761) PSYoungGen: 298016K(314368K)->64K(315904K) Eden: 297984K(297984K)->0K(302080K) From: 32K(16384K)->64K(13824K)
[663.471s][info][gc,heap        ] GC(1761) ParOldGen: 482904K(483328K)->482912K(483328K)
[663.471s][info][gc,metaspace   ] GC(1761) Metaspace: 35501K(36160K)->35501K(36160K) NonClass: 29227K(29696K)->29227K(29696K) Class: 6273K(6464K)->6273K(6464K)
[663.471s][info][gc             ] GC(1761) Pause Young (Allocation Failure) 762M->471M(780M) 1.801ms
[663.471s][info][gc,cpu         ] GC(1761) User=0.00s Sys=0.00s Real=0.00s
[663.573s][info][gc,start       ] GC(1762) Pause Young (Allocation Failure)
[663.576s][info][gc,heap        ] GC(1762) PSYoungGen: 302144K(315904K)->32K(316928K) Eden: 302080K(302080K)->0K(302080K) From: 64K(13824K)->32K(14848K)
[663.576s][info][gc,heap        ] GC(1762) ParOldGen: 482912K(483328K)->482920K(483328K)
[663.576s][info][gc,metaspace   ] GC(1762) Metaspace: 35501K(36160K)->35501K(36160K) NonClass: 29227K(29696K)->29227K(29696K) Class: 6273K(6464K)->6273K(6464K)
[663.576s][info][gc             ] GC(1762) Pause Young (Allocation Failure) 766M->471M(781M) 2.749ms
[663.576s][info][gc,cpu         ] GC(1762) User=0.01s Sys=0.01s Real=0.00s
[663.776s][info][gc,start       ] GC(1763) Pause Young (Allocation Failure)
[663.779s][info][gc,heap        ] GC(1763) PSYoungGen: 302112K(316928K)->32K(316928K) Eden: 302080K(302080K)->0K(305152K) From: 32K(14848K)->32K(11776K)
[663.779s][info][gc,heap        ] GC(1763) ParOldGen: 482920K(483328K)->482928K(483328K)
[663.779s][info][gc,metaspace   ] GC(1763) Metaspace: 35501K(36160K)->35501K(36160K) NonClass: 29227K(29696K)->29227K(29696K) Class: 6273K(6464K)->6273K(6464K)
[663.779s][info][gc             ] GC(1763) Pause Young (Allocation Failure) 766M->471M(781M) 2.429ms
[663.779s][info][gc,cpu         ] GC(1763) User=0.00s Sys=0.00s Real=0.00s
[664.898s][info][gc,start       ] GC(1764) Pause Young (Allocation Failure)
[664.900s][info][gc,heap        ] GC(1764) PSYoungGen: 305184K(316928K)->64K(317952K) Eden: 305152K(305152K)->0K(305152K) From: 32K(11776K)->64K(12800K)
[664.900s][info][gc,heap        ] GC(1764) ParOldGen: 482928K(483328K)->482936K(483328K)
[664.900s][info][gc,metaspace   ] GC(1764) Metaspace: 35501K(36160K)->35501K(36160K) NonClass: 29227K(29696K)->29227K(29696K) Class: 6273K(6464K)->6273K(6464K)
[664.900s][info][gc             ] GC(1764) Pause Young (Allocation Failure) 769M->471M(782M) 1.815ms
[664.900s][info][gc,cpu         ] GC(1764) User=0.00s Sys=0.00s Real=0.00s
[666.014s][info][gc,start       ] GC(1765) Pause Young (Allocation Failure)
[666.016s][info][gc,heap        ] GC(1765) PSYoungGen: 305216K(317952K)->32K(318464K) Eden: 305152K(305152K)->0K(308736K) From: 64K(12800K)->32K(9728K)
[666.017s][info][gc,heap        ] GC(1765) ParOldGen: 482936K(483328K)->482944K(483328K)
[666.017s][info][gc,metaspace   ] GC(1765) Metaspace: 35501K(36160K)->35501K(36160K) NonClass: 29227K(29696K)->29227K(29696K) Class: 6273K(6464K)->6273K(6464K)
[666.017s][info][gc             ] GC(1765) Pause Young (Allocation Failure) 769M->471M(783M) 2.553ms
[666.017s][info][gc,cpu         ] GC(1765) User=0.00s Sys=0.00s Real=0.00s
[666.455s][info][gc,start       ] GC(1766) Pause Young (Allocation Failure)
[666.457s][info][gc,heap        ] GC(1766) PSYoungGen: 308768K(318464K)->32K(320000K) Eden: 308736K(308736K)->0K(308736K) From: 32K(9728K)->32K(11264K)
[666.457s][info][gc,heap        ] GC(1766) ParOldGen: 482944K(483328K)->482952K(483328K)
[666.457s][info][gc,metaspace   ] GC(1766) Metaspace: 35501K(36160K)->35501K(36160K) NonClass: 29227K(29696K)->29227K(29696K) Class: 6273K(6464K)->6273K(6464K)
[666.457s][info][gc             ] GC(1766) Pause Young (Allocation Failure) 773M->471M(784M) 2.514ms
[666.457s][info][gc,cpu         ] GC(1766) User=0.00s Sys=0.00s Real=0.00s
[667.365s][info][gc,start       ] GC(1767) Pause Young (Allocation Failure)
[667.367s][info][gc,heap        ] GC(1767) PSYoungGen: 308768K(320000K)->64K(296960K) Eden: 308736K(308736K)->0K(296448K) From: 32K(11264K)->64K(512K)
[667.367s][info][gc,heap        ] GC(1767) ParOldGen: 482952K(483328K)->482960K(483328K)
[667.367s][info][gc,metaspace   ] GC(1767) Metaspace: 35501K(36160K)->35501K(36160K) NonClass: 29227K(29696K)->29227K(29696K) Class: 6273K(6464K)->6273K(6464K)
[667.367s][info][gc             ] GC(1767) Pause Young (Allocation Failure) 773M->471M(762M) 2.427ms
[667.367s][info][gc,cpu         ] GC(1767) User=0.00s Sys=0.00s Real=0.00s
[668.179s][info][gc,start       ] GC(1768) Pause Young (Allocation Failure)
[668.182s][info][gc,heap        ] GC(1768) PSYoungGen: 296512K(296960K)->32K(294400K) Eden: 296448K(296448K)->0K(284672K) From: 64K(512K)->32K(9728K)
[668.182s][info][gc,heap        ] GC(1768) ParOldGen: 482960K(483328K)->482968K(483328K)
[668.182s][info][gc,metaspace   ] GC(1768) Metaspace: 35501K(36160K)->35501K(36160K) NonClass: 29227K(29696K)->29227K(29696K) Class: 6273K(6464K)->6273K(6464K)
[668.182s][info][gc             ] GC(1768) Pause Young (Allocation Failure) 761M->471M(759M) 2.423ms
[668.182s][info][gc,cpu         ] GC(1768) User=0.00s Sys=0.00s Real=0.01s
[668.675s][info][gc,start       ] GC(1769) Pause Young (Allocation Failure)
[668.678s][info][gc,heap        ] GC(1769) PSYoungGen: 284704K(294400K)->64K(273920K) Eden: 284672K(284672K)->0K(273408K) From: 32K(9728K)->64K(512K)
[668.678s][info][gc,heap        ] GC(1769) ParOldGen: 482968K(483328K)->482984K(483328K)
[668.678s][info][gc,metaspace   ] GC(1769) Metaspace: 35501K(36160K)->35501K(36160K) NonClass: 29227K(29696K)->29227K(29696K) Class: 6273K(6464K)->6273K(6464K)
[668.678s][info][gc             ] GC(1769) Pause Young (Allocation Failure) 749M->471M(739M) 3.920ms
[668.678s][info][gc,cpu         ] GC(1769) User=0.00s Sys=0.00s Real=0.00s
[669.029s][info][gc,start       ] GC(1770) Pause Young (Allocation Failure)
[669.032s][info][gc,heap        ] GC(1770) PSYoungGen: 273472K(273920K)->64K(271360K) Eden: 273408K(273408K)->0K(262656K) From: 64K(512K)->64K(8704K)
[669.032s][info][gc,heap        ] GC(1770) ParOldGen: 482984K(483328K)->483000K(483328K)
[669.032s][info][gc,metaspace   ] GC(1770) Metaspace: 35501K(36160K)->35501K(36160K) NonClass: 29227K(29696K)->29227K(29696K) Class: 6273K(6464K)->6273K(6464K)
[669.032s][info][gc             ] GC(1770) Pause Young (Allocation Failure) 738M->471M(737M) 2.937ms
[669.032s][info][gc,cpu         ] GC(1770) User=0.00s Sys=0.00s Real=0.01s
[669.766s][info][gc,start       ] GC(1771) Pause Young (Allocation Failure)
[669.769s][info][gc,heap        ] GC(1771) PSYoungGen: 262720K(271360K)->64K(252928K) Eden: 262656K(262656K)->0K(252416K) From: 64K(8704K)->64K(512K)
[669.769s][info][gc,heap        ] GC(1771) ParOldGen: 483000K(483328K)->483016K(483328K)
[669.769s][info][gc,metaspace   ] GC(1771) Metaspace: 35501K(36160K)->35501K(36160K) NonClass: 29227K(29696K)->29227K(29696K) Class: 6273K(6464K)->6273K(6464K)
[669.769s][info][gc             ] GC(1771) Pause Young (Allocation Failure) 728M->471M(719M) 3.538ms
[669.769s][info][gc,cpu         ] GC(1771) User=0.00s Sys=0.00s Real=0.00s
[670.201s][info][gc,start       ] GC(1772) Pause Young (Allocation Failure)
[670.205s][info][gc,heap        ] GC(1772) PSYoungGen: 252480K(252928K)->32K(249856K) Eden: 252416K(252416K)->0K(242688K) From: 64K(512K)->32K(7168K)
[670.205s][info][gc,heap        ] GC(1772) ParOldGen: 483016K(483328K)->483024K(483328K)
[670.205s][info][gc,metaspace   ] GC(1772) Metaspace: 35501K(36160K)->35501K(36160K) NonClass: 29227K(29696K)->29227K(29696K) Class: 6273K(6464K)->6273K(6464K)
[670.205s][info][gc             ] GC(1772) Pause Young (Allocation Failure) 718M->471M(716M) 3.478ms
[670.205s][info][gc,cpu         ] GC(1772) User=0.01s Sys=0.00s Real=0.00s
[670.581s][info][gc,start       ] GC(1773) Pause Young (Allocation Failure)
[670.660s][info][gc,heap        ] GC(1773) PSYoungGen: 242720K(249856K)->6656K(291840K) Eden: 242688K(242688K)->0K(285184K) From: 32K(7168K)->6656K(6656K)
[670.660s][info][gc,heap        ] GC(1773) ParOldGen: 483024K(483328K)->501384K(501760K)
[670.660s][info][gc,metaspace   ] GC(1773) Metaspace: 35501K(36160K)->35501K(36160K) NonClass: 29227K(29696K)->29227K(29696K) Class: 6273K(6464K)->6273K(6464K)
[670.660s][info][gc             ] GC(1773) Pause Young (Allocation Failure) 708M->496M(775M) 79.462ms
[670.660s][info][gc,cpu         ] GC(1773) User=0.13s Sys=0.02s Real=0.08s
[671.128s][info][gc,start       ] GC(1774) Pause Young (Allocation Failure)
[671.212s][info][gc,heap        ] GC(1774) PSYoungGen: 291840K(291840K)->15360K(300544K) Eden: 285184K(285184K)->0K(285184K) From: 6656K(6656K)->15360K(15360K)
[671.213s][info][gc,heap        ] GC(1774) ParOldGen: 501384K(501760K)->516968K(517120K)
[671.213s][info][gc,metaspace   ] GC(1774) Metaspace: 35501K(36160K)->35501K(36160K) NonClass: 29227K(29696K)->29227K(29696K) Class: 6273K(6464K)->6273K(6464K)
[671.213s][info][gc             ] GC(1774) Pause Young (Allocation Failure) 774M->519M(798M) 84.294ms
[671.213s][info][gc,cpu         ] GC(1774) User=0.15s Sys=0.01s Real=0.09s
[671.448s][info][gc,start       ] GC(1775) Pause Young (Allocation Failure)
[671.502s][info][gc,heap        ] GC(1775) PSYoungGen: 300544K(300544K)->13728K(307200K) Eden: 285184K(285184K)->0K(282624K) From: 15360K(15360K)->13728K(24576K)
[671.502s][info][gc,heap        ] GC(1775) ParOldGen: 516968K(517120K)->517528K(517632K)
[671.502s][info][gc,metaspace   ] GC(1775) Metaspace: 35501K(36160K)->35501K(36160K) NonClass: 29227K(29696K)->29227K(29696K) Class: 6273K(6464K)->6273K(6464K)
[671.502s][info][gc             ] GC(1775) Pause Young (Allocation Failure) 798M->518M(805M) 54.302ms
[671.502s][info][gc,cpu         ] GC(1775) User=0.09s Sys=0.02s Real=0.06s
[672.019s][info][gc,start       ] GC(1776) Pause Young (Allocation Failure)
[672.022s][info][gc,heap        ] GC(1776) PSYoungGen: 296352K(307200K)->32K(308224K) Eden: 282624K(282624K)->0K(282624K) From: 13728K(24576K)->32K(25600K)
[672.022s][info][gc,heap        ] GC(1776) ParOldGen: 517528K(517632K)->517536K(517632K)
[672.022s][info][gc,metaspace   ] GC(1776) Metaspace: 35501K(36160K)->35501K(36160K) NonClass: 29227K(29696K)->29227K(29696K) Class: 6273K(6464K)->6273K(6464K)
[672.022s][info][gc             ] GC(1776) Pause Young (Allocation Failure) 794M->505M(806M) 2.558ms
[672.022s][info][gc,cpu         ] GC(1776) User=0.01s Sys=0.00s Real=0.01s
[672.801s][info][gc,start       ] GC(1777) Pause Young (Allocation Failure)
[672.804s][info][gc,heap        ] GC(1777) PSYoungGen: 282656K(308224K)->32K(307200K) Eden: 282624K(282624K)->0K(283648K) From: 32K(25600K)->32K(23552K)
[672.804s][info][gc,heap        ] GC(1777) ParOldGen: 517536K(517632K)->517544K(517632K)
[672.804s][info][gc,metaspace   ] GC(1777) Metaspace: 35501K(36160K)->35501K(36160K) NonClass: 29227K(29696K)->29227K(29696K) Class: 6273K(6464K)->6273K(6464K)
[672.804s][info][gc             ] GC(1777) Pause Young (Allocation Failure) 781M->505M(805M) 2.462ms
[672.804s][info][gc,cpu         ] GC(1777) User=0.00s Sys=0.00s Real=0.00s
[673.416s][info][gc,start       ] GC(1778) Pause Young (Allocation Failure)
[673.419s][info][gc,heap        ] GC(1778) PSYoungGen: 283680K(307200K)->32K(307712K) Eden: 283648K(283648K)->0K(283648K) From: 32K(23552K)->32K(24064K)
[673.419s][info][gc,heap        ] GC(1778) ParOldGen: 517544K(517632K)->517552K(517632K)
[673.419s][info][gc,metaspace   ] GC(1778) Metaspace: 35501K(36160K)->35501K(36160K) NonClass: 29227K(29696K)->29227K(29696K) Class: 6273K(6464K)->6273K(6464K)
[673.419s][info][gc             ] GC(1778) Pause Young (Allocation Failure) 782M->505M(806M) 2.631ms
[673.419s][info][gc,cpu         ] GC(1778) User=0.00s Sys=0.00s Real=0.00s
[673.738s][info][gc,start       ] GC(1779) Pause Young (Allocation Failure)
[673.740s][info][gc,heap        ] GC(1779) PSYoungGen: 283680K(307712K)->64K(308224K) Eden: 283648K(283648K)->0K(286720K) From: 32K(24064K)->64K(21504K)
[673.740s][info][gc,heap        ] GC(1779) ParOldGen: 517552K(517632K)->517568K(517632K)
[673.740s][info][gc,metaspace   ] GC(1779) Metaspace: 35501K(36160K)->35501K(36160K) NonClass: 29227K(29696K)->29227K(29696K) Class: 6273K(6464K)->6273K(6464K)
[673.740s][info][gc             ] GC(1779) Pause Young (Allocation Failure) 782M->505M(806M) 1.921ms
[673.740s][info][gc,cpu         ] GC(1779) User=0.00s Sys=0.00s Real=0.00s
[674.017s][info][gc,start       ] GC(1780) Pause Young (Allocation Failure)
[674.019s][info][gc,heap        ] GC(1780) PSYoungGen: 286784K(308224K)->32K(308736K) Eden: 286720K(286720K)->0K(286720K) From: 64K(21504K)->32K(22016K)
[674.019s][info][gc,heap        ] GC(1780) ParOldGen: 517568K(517632K)->517568K(517632K)
[674.020s][info][gc,metaspace   ] GC(1780) Metaspace: 35501K(36160K)->35501K(36160K) NonClass: 29227K(29696K)->29227K(29696K) Class: 6273K(6464K)->6273K(6464K)
[674.020s][info][gc             ] GC(1780) Pause Young (Allocation Failure) 785M->505M(807M) 2.783ms
[674.020s][info][gc,cpu         ] GC(1780) User=0.01s Sys=0.00s Real=0.00s
[674.440s][info][gc,start       ] GC(1781) Pause Young (Allocation Failure)
[674.442s][info][gc,heap        ] GC(1781) PSYoungGen: 286752K(308736K)->64K(310272K) Eden: 286720K(286720K)->0K(290816K) From: 32K(22016K)->64K(19456K)
[674.442s][info][gc,heap        ] GC(1781) ParOldGen: 517568K(517632K)->517568K(517632K)
[674.442s][info][gc,metaspace   ] GC(1781) Metaspace: 35501K(36160K)->35501K(36160K) NonClass: 29227K(29696K)->29227K(29696K) Class: 6273K(6464K)->6273K(6464K)
[674.442s][info][gc             ] GC(1781) Pause Young (Allocation Failure) 785M->505M(808M) 1.986ms
[674.442s][info][gc,cpu         ] GC(1781) User=0.00s Sys=0.00s Real=0.01s
[674.595s][info][gc,start       ] GC(1782) Pause Young (Allocation Failure)
[674.598s][info][gc,heap        ] GC(1782) PSYoungGen: 290880K(310272K)->32K(310784K) Eden: 290816K(290816K)->0K(290816K) From: 64K(19456K)->32K(19968K)
[674.598s][info][gc,heap        ] GC(1782) ParOldGen: 517568K(517632K)->517584K(517632K)
[674.598s][info][gc,metaspace   ] GC(1782) Metaspace: 35501K(36160K)->35501K(36160K) NonClass: 29227K(29696K)->29227K(29696K) Class: 6273K(6464K)->6273K(6464K)
[674.598s][info][gc             ] GC(1782) Pause Young (Allocation Failure) 789M->505M(809M) 2.457ms
[674.598s][info][gc,cpu         ] GC(1782) User=0.01s Sys=0.01s Real=0.00s
[674.655s][info][gc,start       ] GC(1783) Pause Young (Allocation Failure)
[674.657s][info][gc,heap        ] GC(1783) PSYoungGen: 290848K(310784K)->32K(312320K) Eden: 290816K(290816K)->0K(294912K) From: 32K(19968K)->32K(17408K)
[674.657s][info][gc,heap        ] GC(1783) ParOldGen: 517584K(517632K)->517592K(517632K)
[674.657s][info][gc,metaspace   ] GC(1783) Metaspace: 35501K(36160K)->35501K(36160K) NonClass: 29227K(29696K)->29227K(29696K) Class: 6273K(6464K)->6273K(6464K)
[674.657s][info][gc             ] GC(1783) Pause Young (Allocation Failure) 789M->505M(810M) 2.442ms
[674.657s][info][gc,cpu         ] GC(1783) User=0.01s Sys=0.00s Real=0.00s
[674.793s][info][gc,start       ] GC(1784) Pause Young (Allocation Failure)
[674.796s][info][gc,heap        ] GC(1784) PSYoungGen: 294944K(312320K)->64K(312832K) Eden: 294912K(294912K)->0K(294912K) From: 32K(17408K)->64K(17920K)
[674.796s][info][gc,heap        ] GC(1784) ParOldGen: 517592K(517632K)->517592K(517632K)
[674.796s][info][gc,metaspace   ] GC(1784) Metaspace: 35501K(36160K)->35501K(36160K) NonClass: 29227K(29696K)->29227K(29696K) Class: 6273K(6464K)->6273K(6464K)
[674.796s][info][gc             ] GC(1784) Pause Young (Allocation Failure) 793M->505M(811M) 2.719ms
[674.796s][info][gc,cpu         ] GC(1784) User=0.01s Sys=0.00s Real=0.00s
[675.052s][info][gc,start       ] GC(1785) Pause Young (Allocation Failure)
[675.053s][info][gc,heap        ] GC(1785) PSYoungGen: 294976K(312832K)->64K(314368K) Eden: 294912K(294912K)->0K(299008K) From: 64K(17920K)->64K(15360K)
[675.053s][info][gc,heap        ] GC(1785) ParOldGen: 517592K(517632K)->517600K(517632K)
[675.053s][info][gc,metaspace   ] GC(1785) Metaspace: 35501K(36160K)->35501K(36160K) NonClass: 29227K(29696K)->29227K(29696K) Class: 6273K(6464K)->6273K(6464K)
[675.054s][info][gc             ] GC(1785) Pause Young (Allocation Failure) 793M->505M(812M) 1.802ms
[675.054s][info][gc,cpu         ] GC(1785) User=0.00s Sys=0.00s Real=0.00s
[675.252s][info][gc,start       ] GC(1786) Pause Young (Allocation Failure)
[675.254s][info][gc,heap        ] GC(1786) PSYoungGen: 299072K(314368K)->32K(314880K) Eden: 299008K(299008K)->0K(299008K) From: 64K(15360K)->32K(15872K)
[675.254s][info][gc,heap        ] GC(1786) ParOldGen: 517600K(517632K)->517608K(517632K)
[675.254s][info][gc,metaspace   ] GC(1786) Metaspace: 35502K(36160K)->35502K(36160K) NonClass: 29228K(29696K)->29228K(29696K) Class: 6273K(6464K)->6273K(6464K)
[675.254s][info][gc             ] GC(1786) Pause Young (Allocation Failure) 797M->505M(813M) 2.670ms
[675.254s][info][gc,cpu         ] GC(1786) User=0.00s Sys=0.00s Real=0.00s
[675.348s][info][gc,start       ] GC(1787) Pause Young (Allocation Failure)
[675.351s][info][gc,heap        ] GC(1787) PSYoungGen: 299040K(314880K)->32K(317440K) Eden: 299008K(299008K)->0K(303104K) From: 32K(15872K)->32K(14336K)
[675.351s][info][gc,heap        ] GC(1787) ParOldGen: 517608K(517632K)->517616K(517632K)
[675.351s][info][gc,metaspace   ] GC(1787) Metaspace: 35502K(36160K)->35502K(36160K) NonClass: 29228K(29696K)->29228K(29696K) Class: 6273K(6464K)->6273K(6464K)
[675.351s][info][gc             ] GC(1787) Pause Young (Allocation Failure) 797M->505M(815M) 2.652ms
[675.351s][info][gc,cpu         ] GC(1787) User=0.00s Sys=0.00s Real=0.01s
[675.533s][info][gc,start       ] GC(1788) Pause Young (Allocation Failure)
[675.535s][info][gc,heap        ] GC(1788) PSYoungGen: 303136K(317440K)->64K(317440K) Eden: 303104K(303104K)->0K(303104K) From: 32K(14336K)->64K(14336K)
[675.535s][info][gc,heap        ] GC(1788) ParOldGen: 517616K(517632K)->517616K(517632K)
[675.535s][info][gc,metaspace   ] GC(1788) Metaspace: 35502K(36160K)->35502K(36160K) NonClass: 29228K(29696K)->29228K(29696K) Class: 6273K(6464K)->6273K(6464K)
[675.535s][info][gc             ] GC(1788) Pause Young (Allocation Failure) 801M->505M(815M) 2.665ms
[675.535s][info][gc,cpu         ] GC(1788) User=0.01s Sys=0.00s Real=0.00s
[676.086s][info][gc,start       ] GC(1789) Pause Young (Allocation Failure)
[676.089s][info][gc,heap        ] GC(1789) PSYoungGen: 303168K(317440K)->64K(318464K) Eden: 303104K(303104K)->0K(306176K) From: 64K(14336K)->64K(12288K)
[676.089s][info][gc,heap        ] GC(1789) ParOldGen: 517616K(517632K)->517632K(518144K)
[676.089s][info][gc,metaspace   ] GC(1789) Metaspace: 35502K(36160K)->35502K(36160K) NonClass: 29228K(29696K)->29228K(29696K) Class: 6273K(6464K)->6273K(6464K)
[676.089s][info][gc             ] GC(1789) Pause Young (Allocation Failure) 801M->505M(817M) 2.827ms
[676.089s][info][gc,cpu         ] GC(1789) User=0.01s Sys=0.00s Real=0.00s
[678.083s][info][gc,start       ] GC(1790) Pause Young (Allocation Failure)
[678.085s][info][gc,heap        ] GC(1790) PSYoungGen: 306240K(318464K)->64K(318464K) Eden: 306176K(306176K)->0K(306176K) From: 64K(12288K)->64K(12288K)
[678.085s][info][gc,heap        ] GC(1790) ParOldGen: 517632K(518144K)->517640K(518144K)
[678.085s][info][gc,metaspace   ] GC(1790) Metaspace: 35502K(36160K)->35502K(36160K) NonClass: 29228K(29696K)->29228K(29696K) Class: 6273K(6464K)->6273K(6464K)
[678.085s][info][gc             ] GC(1790) Pause Young (Allocation Failure) 804M->505M(817M) 2.000ms
[678.085s][info][gc,cpu         ] GC(1790) User=0.00s Sys=0.00s Real=0.00s
[678.393s][info][gc,start       ] GC(1791) Pause Young (Allocation Failure)
[678.395s][info][gc,heap        ] GC(1791) PSYoungGen: 306240K(318464K)->32K(320000K) Eden: 306176K(306176K)->0K(309760K) From: 64K(12288K)->32K(10240K)
[678.395s][info][gc,heap        ] GC(1791) ParOldGen: 517640K(518144K)->517648K(518144K)
[678.395s][info][gc,metaspace   ] GC(1791) Metaspace: 35502K(36160K)->35502K(36160K) NonClass: 29228K(29696K)->29228K(29696K) Class: 6273K(6464K)->6273K(6464K)
[678.395s][info][gc             ] GC(1791) Pause Young (Allocation Failure) 804M->505M(818M) 2.734ms
[678.395s][info][gc,cpu         ] GC(1791) User=0.00s Sys=0.00s Real=0.00s
[678.981s][info][gc,start       ] GC(1792) Pause Young (Allocation Failure)
[678.983s][info][gc,heap        ] GC(1792) PSYoungGen: 309792K(320000K)->64K(297984K) Eden: 309760K(309760K)->0K(297472K) From: 32K(10240K)->64K(512K)
[678.983s][info][gc,heap        ] GC(1792) ParOldGen: 517648K(518144K)->517664K(518144K)
[678.983s][info][gc,metaspace   ] GC(1792) Metaspace: 35502K(36160K)->35502K(36160K) NonClass: 29228K(29696K)->29228K(29696K) Class: 6273K(6464K)->6273K(6464K)
[678.983s][info][gc             ] GC(1792) Pause Young (Allocation Failure) 808M->505M(797M) 2.445ms
[678.983s][info][gc,cpu         ] GC(1792) User=0.00s Sys=0.00s Real=0.00s
[680.324s][info][gc,start       ] GC(1793) Pause Young (Allocation Failure)
[680.327s][info][gc,heap        ] GC(1793) PSYoungGen: 297536K(297984K)->64K(286208K) Eden: 297472K(297472K)->0K(285696K) From: 64K(512K)->64K(512K)
[680.327s][info][gc,heap        ] GC(1793) ParOldGen: 517664K(518144K)->517672K(518144K)
[680.327s][info][gc,metaspace   ] GC(1793) Metaspace: 35502K(36160K)->35502K(36160K) NonClass: 29228K(29696K)->29228K(29696K) Class: 6273K(6464K)->6273K(6464K)
[680.327s][info][gc             ] GC(1793) Pause Young (Allocation Failure) 796M->505M(785M) 2.775ms
[680.327s][info][gc,cpu         ] GC(1793) User=0.00s Sys=0.00s Real=0.00s
[680.934s][info][gc,start       ] GC(1794) Pause Young (Allocation Failure)
[680.937s][info][gc,heap        ] GC(1794) PSYoungGen: 285760K(286208K)->32K(283648K) Eden: 285696K(285696K)->0K(274432K) From: 64K(512K)->32K(9216K)
[680.937s][info][gc,heap        ] GC(1794) ParOldGen: 517672K(518144K)->517680K(518144K)
[680.937s][info][gc,metaspace   ] GC(1794) Metaspace: 35502K(36160K)->35502K(36160K) NonClass: 29228K(29696K)->29228K(29696K) Class: 6273K(6464K)->6273K(6464K)
[680.937s][info][gc             ] GC(1794) Pause Young (Allocation Failure) 784M->505M(783M) 2.602ms
[680.937s][info][gc,cpu         ] GC(1794) User=0.00s Sys=0.00s Real=0.00s
[681.067s][info][gc,start       ] GC(1795) Pause Young (Allocation Failure)
[681.070s][info][gc,heap        ] GC(1795) PSYoungGen: 274464K(283648K)->32K(303616K) Eden: 274432K(274432K)->0K(294912K) From: 32K(9216K)->32K(8704K)
[681.070s][info][gc,heap        ] GC(1795) ParOldGen: 517680K(518144K)->517688K(518144K)
[681.070s][info][gc,metaspace   ] GC(1795) Metaspace: 35502K(36160K)->35502K(36160K) NonClass: 29228K(29696K)->29228K(29696K) Class: 6273K(6464K)->6273K(6464K)
[681.070s][info][gc             ] GC(1795) Pause Young (Allocation Failure) 773M->505M(802M) 2.980ms
[681.070s][info][gc,cpu         ] GC(1795) User=0.01s Sys=0.00s Real=0.00s
[681.813s][info][gc,start       ] GC(1796) Pause Young (Allocation Failure)
[681.817s][info][gc,heap        ] GC(1796) PSYoungGen: 294944K(303616K)->64K(283648K) Eden: 294912K(294912K)->0K(283136K) From: 32K(8704K)->64K(512K)
[681.817s][info][gc,heap        ] GC(1796) ParOldGen: 517688K(518144K)->517696K(518144K)
[681.817s][info][gc,metaspace   ] GC(1796) Metaspace: 35502K(36160K)->35502K(36160K) NonClass: 29228K(29696K)->29228K(29696K) Class: 6273K(6464K)->6273K(6464K)
[681.817s][info][gc             ] GC(1796) Pause Young (Allocation Failure) 793M->505M(783M) 3.638ms
[681.817s][info][gc,cpu         ] GC(1796) User=0.01s Sys=0.00s Real=0.00s
[682.216s][info][gc,start       ] GC(1797) Pause Young (Allocation Failure)
[682.220s][info][gc,heap        ] GC(1797) PSYoungGen: 283200K(283648K)->32K(272384K) Eden: 283136K(283136K)->0K(271872K) From: 64K(512K)->32K(512K)
[682.220s][info][gc,heap        ] GC(1797) ParOldGen: 517696K(518144K)->517704K(518144K)
[682.220s][info][gc,metaspace   ] GC(1797) Metaspace: 35502K(36160K)->35502K(36160K) NonClass: 29228K(29696K)->29228K(29696K) Class: 6273K(6464K)->6273K(6464K)
[682.220s][info][gc             ] GC(1797) Pause Young (Allocation Failure) 782M->505M(772M) 3.318ms
[682.220s][info][gc,cpu         ] GC(1797) User=0.00s Sys=0.00s Real=0.00s
[682.635s][info][gc,start       ] GC(1798) Pause Young (Allocation Failure)
[682.706s][info][gc,heap        ] GC(1798) PSYoungGen: 271904K(272384K)->7168K(289280K) Eden: 271872K(271872K)->0K(282112K) From: 32K(512K)->7168K(7168K)
[682.706s][info][gc,heap        ] GC(1798) ParOldGen: 517704K(518144K)->536048K(536064K)
[682.706s][info][gc,metaspace   ] GC(1798) Metaspace: 35502K(36160K)->35502K(36160K) NonClass: 29228K(29696K)->29228K(29696K) Class: 6273K(6464K)->6273K(6464K)
[682.706s][info][gc             ] GC(1798) Pause Young (Allocation Failure) 771M->530M(806M) 71.490ms
[682.706s][info][gc,cpu         ] GC(1798) User=0.11s Sys=0.02s Real=0.07s
[683.132s][info][gc,start       ] GC(1799) Pause Young (Allocation Failure)
[683.228s][info][gc,heap        ] GC(1799) PSYoungGen: 289280K(289280K)->15872K(300544K) Eden: 282112K(282112K)->0K(284672K) From: 7168K(7168K)->15872K(15872K)
[683.228s][info][gc,heap        ] GC(1799) ParOldGen: 536048K(536064K)->550792K(550912K)
[683.228s][info][gc,metaspace   ] GC(1799) Metaspace: 35502K(36160K)->35502K(36160K) NonClass: 29228K(29696K)->29228K(29696K) Class: 6273K(6464K)->6273K(6464K)
[683.228s][info][gc             ] GC(1799) Pause Young (Allocation Failure) 805M->553M(831M) 96.012ms
[683.228s][info][gc,cpu         ] GC(1799) User=0.17s Sys=0.02s Real=0.09s
[683.445s][info][gc,start       ] GC(1800) Pause Young (Allocation Failure)
[683.482s][info][gc,heap        ] GC(1800) PSYoungGen: 300544K(300544K)->13536K(298496K) Eden: 284672K(284672K)->0K(284672K) From: 15872K(15872K)->13536K(13824K)
[683.482s][info][gc,heap        ] GC(1800) ParOldGen: 550792K(550912K)->551328K(551424K)
[683.482s][info][gc,metaspace   ] GC(1800) Metaspace: 35502K(36160K)->35502K(36160K) NonClass: 29228K(29696K)->29228K(29696K) Class: 6273K(6464K)->6273K(6464K)
[683.482s][info][gc             ] GC(1800) Pause Young (Allocation Failure) 831M->551M(830M) 36.616ms
[683.482s][info][gc,cpu         ] GC(1800) User=0.06s Sys=0.00s Real=0.04s
[684.041s][info][gc,start       ] GC(1801) Pause Young (Allocation Failure)
[684.044s][info][gc,heap        ] GC(1801) PSYoungGen: 298208K(298496K)->32K(308736K) Eden: 284672K(284672K)->0K(283136K) From: 13536K(13824K)->32K(25600K)
[684.044s][info][gc,heap        ] GC(1801) ParOldGen: 551328K(551424K)->551336K(551424K)
[684.044s][info][gc,metaspace   ] GC(1801) Metaspace: 35502K(36160K)->35502K(36160K) NonClass: 29228K(29696K)->29228K(29696K) Class: 6273K(6464K)->6273K(6464K)
[684.044s][info][gc             ] GC(1801) Pause Young (Allocation Failure) 829M->538M(840M) 2.682ms
[684.044s][info][gc,cpu         ] GC(1801) User=0.00s Sys=0.00s Real=0.00s
[684.749s][info][gc,start       ] GC(1802) Pause Young (Allocation Failure)
[684.752s][info][gc,heap        ] GC(1802) PSYoungGen: 283168K(308736K)->32K(283648K) Eden: 283136K(283136K)->0K(283136K) From: 32K(25600K)->32K(512K)
[684.752s][info][gc,heap        ] GC(1802) ParOldGen: 551336K(551424K)->551344K(551424K)
[684.752s][info][gc,metaspace   ] GC(1802) Metaspace: 35502K(36160K)->35502K(36160K) NonClass: 29228K(29696K)->29228K(29696K) Class: 6273K(6464K)->6273K(6464K)
[684.752s][info][gc             ] GC(1802) Pause Young (Allocation Failure) 814M->538M(815M) 3.291ms
[684.752s][info][gc,cpu         ] GC(1802) User=0.01s Sys=0.01s Real=0.01s
[685.309s][info][gc,start       ] GC(1803) Pause Young (Allocation Failure)
[685.312s][info][gc,heap        ] GC(1803) PSYoungGen: 283168K(283648K)->32K(308224K) Eden: 283136K(283136K)->0K(284160K) From: 32K(512K)->32K(24064K)
[685.312s][info][gc,heap        ] GC(1803) ParOldGen: 551344K(551424K)->551352K(551424K)
[685.312s][info][gc,metaspace   ] GC(1803) Metaspace: 35502K(36160K)->35502K(36160K) NonClass: 29228K(29696K)->29228K(29696K) Class: 6273K(6464K)->6273K(6464K)
[685.312s][info][gc             ] GC(1803) Pause Young (Allocation Failure) 814M->538M(839M) 2.787ms
[685.312s][info][gc,cpu         ] GC(1803) User=0.01s Sys=0.00s Real=0.01s
[685.562s][info][gc,start       ] GC(1804) Pause Young (Allocation Failure)
[685.565s][info][gc,heap        ] GC(1804) PSYoungGen: 284192K(308224K)->32K(307200K) Eden: 284160K(284160K)->0K(284160K) From: 32K(24064K)->32K(23040K)
[685.565s][info][gc,heap        ] GC(1804) ParOldGen: 551352K(551424K)->551360K(551424K)
[685.565s][info][gc,metaspace   ] GC(1804) Metaspace: 35502K(36160K)->35502K(36160K) NonClass: 29228K(29696K)->29228K(29696K) Class: 6273K(6464K)->6273K(6464K)
[685.565s][info][gc             ] GC(1804) Pause Young (Allocation Failure) 815M->538M(838M) 2.726ms
[685.565s][info][gc,cpu         ] GC(1804) User=0.01s Sys=0.00s Real=0.00s
[685.953s][info][gc,start       ] GC(1805) Pause Young (Allocation Failure)
[685.956s][info][gc,heap        ] GC(1805) PSYoungGen: 284192K(307200K)->32K(309760K) Eden: 284160K(284160K)->0K(287744K) From: 32K(23040K)->32K(22016K)
[685.956s][info][gc,heap        ] GC(1805) ParOldGen: 551360K(551424K)->551360K(551424K)
[685.956s][info][gc,metaspace   ] GC(1805) Metaspace: 35502K(36160K)->35502K(36160K) NonClass: 29228K(29696K)->29228K(29696K) Class: 6273K(6464K)->6273K(6464K)
[685.956s][info][gc             ] GC(1805) Pause Young (Allocation Failure) 815M->538M(841M) 2.612ms
[685.956s][info][gc,cpu         ] GC(1805) User=0.01s Sys=0.00s Real=0.00s
[686.424s][info][gc,start       ] GC(1806) Pause Young (Allocation Failure)
[686.427s][info][gc,heap        ] GC(1806) PSYoungGen: 287776K(309760K)->64K(308736K) Eden: 287744K(287744K)->0K(287744K) From: 32K(22016K)->64K(20992K)
[686.427s][info][gc,heap        ] GC(1806) ParOldGen: 551360K(551424K)->551360K(551424K)
[686.427s][info][gc,metaspace   ] GC(1806) Metaspace: 35502K(36160K)->35502K(36160K) NonClass: 29228K(29696K)->29228K(29696K) Class: 6273K(6464K)->6273K(6464K)
[686.427s][info][gc             ] GC(1806) Pause Young (Allocation Failure) 819M->538M(840M) 2.442ms
[686.427s][info][gc,cpu         ] GC(1806) User=0.01s Sys=0.00s Real=0.00s
[686.583s][info][gc,start       ] GC(1807) Pause Young (Allocation Failure)
[686.586s][info][gc,heap        ] GC(1807) PSYoungGen: 287808K(308736K)->32K(311808K) Eden: 287744K(287744K)->0K(291840K) From: 64K(20992K)->32K(19968K)
[686.586s][info][gc,heap        ] GC(1807) ParOldGen: 551360K(551424K)->551368K(551424K)
[686.586s][info][gc,metaspace   ] GC(1807) Metaspace: 35502K(36160K)->35502K(36160K) NonClass: 29228K(29696K)->29228K(29696K) Class: 6273K(6464K)->6273K(6464K)
[686.586s][info][gc             ] GC(1807) Pause Young (Allocation Failure) 819M->538M(843M) 2.392ms
[686.586s][info][gc,cpu         ] GC(1807) User=0.01s Sys=0.00s Real=0.00s
[686.650s][info][gc,start       ] GC(1808) Pause Young (Allocation Failure)
[686.653s][info][gc,heap        ] GC(1808) PSYoungGen: 291872K(311808K)->32K(310784K) Eden: 291840K(291840K)->0K(291840K) From: 32K(19968K)->32K(18944K)
[686.653s][info][gc,heap        ] GC(1808) ParOldGen: 551368K(551424K)->551376K(551424K)
[686.653s][info][gc,metaspace   ] GC(1808) Metaspace: 35502K(36160K)->35502K(36160K) NonClass: 29228K(29696K)->29228K(29696K) Class: 6273K(6464K)->6273K(6464K)
[686.653s][info][gc             ] GC(1808) Pause Young (Allocation Failure) 823M->538M(842M) 2.682ms
[686.653s][info][gc,cpu         ] GC(1808) User=0.00s Sys=0.00s Real=0.01s
[686.853s][info][gc,start       ] GC(1809) Pause Young (Allocation Failure)
[686.856s][info][gc,heap        ] GC(1809) PSYoungGen: 291872K(310784K)->32K(313856K) Eden: 291840K(291840K)->0K(295936K) From: 32K(18944K)->32K(17920K)
[686.856s][info][gc,heap        ] GC(1809) ParOldGen: 551376K(551424K)->551376K(551424K)
[686.856s][info][gc,metaspace   ] GC(1809) Metaspace: 35502K(36160K)->35502K(36160K) NonClass: 29228K(29696K)->29228K(29696K) Class: 6273K(6464K)->6273K(6464K)
[686.856s][info][gc             ] GC(1809) Pause Young (Allocation Failure) 823M->538M(845M) 2.669ms
[686.856s][info][gc,cpu         ] GC(1809) User=0.01s Sys=0.00s Real=0.00s
[687.112s][info][gc,start       ] GC(1810) Pause Young (Allocation Failure)
[687.114s][info][gc,heap        ] GC(1810) PSYoungGen: 295968K(313856K)->32K(312832K) Eden: 295936K(295936K)->0K(295936K) From: 32K(17920K)->32K(16896K)
[687.114s][info][gc,heap        ] GC(1810) ParOldGen: 551376K(551424K)->551392K(551424K)
[687.114s][info][gc,metaspace   ] GC(1810) Metaspace: 35502K(36160K)->35502K(36160K) NonClass: 29228K(29696K)->29228K(29696K) Class: 6273K(6464K)->6273K(6464K)
[687.115s][info][gc             ] GC(1810) Pause Young (Allocation Failure) 827M->538M(844M) 2.528ms
[687.115s][info][gc,cpu         ] GC(1810) User=0.00s Sys=0.00s Real=0.00s
[687.333s][info][gc,start       ] GC(1811) Pause Young (Allocation Failure)
[687.336s][info][gc,heap        ] GC(1811) PSYoungGen: 295968K(312832K)->64K(315392K) Eden: 295936K(295936K)->0K(299520K) From: 32K(16896K)->64K(15872K)
[687.336s][info][gc,heap        ] GC(1811) ParOldGen: 551392K(551424K)->551400K(551424K)
[687.336s][info][gc,metaspace   ] GC(1811) Metaspace: 35502K(36160K)->35502K(36160K) NonClass: 29228K(29696K)->29228K(29696K) Class: 6273K(6464K)->6273K(6464K)
[687.336s][info][gc             ] GC(1811) Pause Young (Allocation Failure) 827M->538M(846M) 2.685ms
[687.336s][info][gc,cpu         ] GC(1811) User=0.01s Sys=0.00s Real=0.00s
[687.441s][info][gc,start       ] GC(1812) Pause Young (Allocation Failure)
[687.444s][info][gc,heap        ] GC(1812) PSYoungGen: 299584K(315392K)->32K(314880K) Eden: 299520K(299520K)->0K(299520K) From: 64K(15872K)->32K(15360K)
[687.444s][info][gc,heap        ] GC(1812) ParOldGen: 551400K(551424K)->551408K(551424K)
[687.444s][info][gc,metaspace   ] GC(1812) Metaspace: 35502K(36160K)->35502K(36160K) NonClass: 29228K(29696K)->29228K(29696K) Class: 6273K(6464K)->6273K(6464K)
[687.444s][info][gc             ] GC(1812) Pause Young (Allocation Failure) 831M->538M(846M) 2.987ms
[687.444s][info][gc,cpu         ] GC(1812) User=0.00s Sys=0.00s Real=0.00s
[687.623s][info][gc,start       ] GC(1813) Pause Young (Allocation Failure)
[687.625s][info][gc,heap        ] GC(1813) PSYoungGen: 299552K(314880K)->32K(317440K) Eden: 299520K(299520K)->0K(303616K) From: 32K(15360K)->32K(13824K)
[687.625s][info][gc,heap        ] GC(1813) ParOldGen: 551408K(551424K)->551408K(551424K)
[687.625s][info][gc,metaspace   ] GC(1813) Metaspace: 35502K(36160K)->35502K(36160K) NonClass: 29228K(29696K)->29228K(29696K) Class: 6273K(6464K)->6273K(6464K)
[687.625s][info][gc             ] GC(1813) Pause Young (Allocation Failure) 831M->538M(848M) 2.602ms
[687.625s][info][gc,cpu         ] GC(1813) User=0.01s Sys=0.00s Real=0.00s
[688.153s][info][gc,start       ] GC(1814) Pause Young (Allocation Failure)
[688.155s][info][gc,heap        ] GC(1814) PSYoungGen: 303648K(317440K)->32K(316928K) Eden: 303616K(303616K)->0K(303616K) From: 32K(13824K)->32K(13312K)
[688.155s][info][gc,heap        ] GC(1814) ParOldGen: 551408K(551424K)->551424K(551936K)
[688.155s][info][gc,metaspace   ] GC(1814) Metaspace: 35502K(36160K)->35502K(36160K) NonClass: 29228K(29696K)->29228K(29696K) Class: 6273K(6464K)->6273K(6464K)
[688.155s][info][gc             ] GC(1814) Pause Young (Allocation Failure) 835M->538M(848M) 2.778ms
[688.155s][info][gc,cpu         ] GC(1814) User=0.00s Sys=0.00s Real=0.00s
[689.901s][info][gc,start       ] GC(1815) Pause Young (Allocation Failure)
[689.903s][info][gc,heap        ] GC(1815) PSYoungGen: 303648K(316928K)->64K(319488K) Eden: 303616K(303616K)->0K(307200K) From: 32K(13312K)->64K(12288K)
[689.903s][info][gc,heap        ] GC(1815) ParOldGen: 551424K(551936K)->551432K(551936K)
[689.903s][info][gc,metaspace   ] GC(1815) Metaspace: 35502K(36160K)->35502K(36160K) NonClass: 29228K(29696K)->29228K(29696K) Class: 6273K(6464K)->6273K(6464K)
[689.903s][info][gc             ] GC(1815) Pause Young (Allocation Failure) 835M->538M(851M) 2.515ms
[689.903s][info][gc,cpu         ] GC(1815) User=0.00s Sys=0.01s Real=0.01s
[690.258s][info][gc,start       ] GC(1816) Pause Young (Allocation Failure)
[690.262s][info][gc,heap        ] GC(1816) PSYoungGen: 307264K(319488K)->32K(318976K) Eden: 307200K(307200K)->0K(307200K) From: 64K(12288K)->32K(11776K)
[690.262s][info][gc,heap        ] GC(1816) ParOldGen: 551432K(551936K)->551440K(551936K)
[690.262s][info][gc,metaspace   ] GC(1816) Metaspace: 35502K(36160K)->35502K(36160K) NonClass: 29228K(29696K)->29228K(29696K) Class: 6273K(6464K)->6273K(6464K)
[690.262s][info][gc             ] GC(1816) Pause Young (Allocation Failure) 838M->538M(850M) 4.631ms
[690.262s][info][gc,cpu         ] GC(1816) User=0.01s Sys=0.00s Real=0.01s
[690.858s][info][gc,start       ] GC(1817) Pause Young (Allocation Failure)
[690.861s][info][gc,heap        ] GC(1817) PSYoungGen: 307232K(318976K)->32K(321024K) Eden: 307200K(307200K)->0K(310272K) From: 32K(11776K)->32K(10752K)
[690.861s][info][gc,heap        ] GC(1817) ParOldGen: 551440K(551936K)->551448K(551936K)
[690.861s][info][gc,metaspace   ] GC(1817) Metaspace: 35502K(36160K)->35502K(36160K) NonClass: 29228K(29696K)->29228K(29696K) Class: 6273K(6464K)->6273K(6464K)
[690.861s][info][gc             ] GC(1817) Pause Young (Allocation Failure) 838M->538M(852M) 2.783ms
[690.861s][info][gc,cpu         ] GC(1817) User=0.01s Sys=0.00s Real=0.01s
[692.104s][info][gc,start       ] GC(1818) Pause Young (Allocation Failure)
[692.107s][info][gc,heap        ] GC(1818) PSYoungGen: 310304K(321024K)->32K(298496K) Eden: 310272K(310272K)->0K(297984K) From: 32K(10752K)->32K(512K)
[692.107s][info][gc,heap        ] GC(1818) ParOldGen: 551448K(551936K)->551456K(551936K)
[692.107s][info][gc,metaspace   ] GC(1818) Metaspace: 35502K(36160K)->35502K(36160K) NonClass: 29228K(29696K)->29228K(29696K) Class: 6273K(6464K)->6273K(6464K)
[692.107s][info][gc             ] GC(1818) Pause Young (Allocation Failure) 841M->538M(830M) 3.539ms
[692.107s][info][gc,cpu         ] GC(1818) User=0.00s Sys=0.00s Real=0.00s
[692.604s][info][gc,start       ] GC(1819) Pause Young (Allocation Failure)
[692.607s][info][gc,heap        ] GC(1819) PSYoungGen: 298016K(298496K)->32K(286720K) Eden: 297984K(297984K)->0K(286208K) From: 32K(512K)->32K(512K)
[692.607s][info][gc,heap        ] GC(1819) ParOldGen: 551456K(551936K)->551464K(551936K)
[692.607s][info][gc,metaspace   ] GC(1819) Metaspace: 35502K(36160K)->35502K(36160K) NonClass: 29228K(29696K)->29228K(29696K) Class: 6273K(6464K)->6273K(6464K)
[692.607s][info][gc             ] GC(1819) Pause Young (Allocation Failure) 829M->538M(819M) 3.304ms
[692.607s][info][gc,cpu         ] GC(1819) User=0.00s Sys=0.00s Real=0.00s
[692.724s][info][gc,start       ] GC(1820) Pause Young (Allocation Failure)
[692.727s][info][gc,heap        ] GC(1820) PSYoungGen: 286240K(286720K)->32K(303104K) Eden: 286208K(286208K)->0K(294400K) From: 32K(512K)->32K(8704K)
[692.727s][info][gc,heap        ] GC(1820) ParOldGen: 551464K(551936K)->551472K(551936K)
[692.727s][info][gc,metaspace   ] GC(1820) Metaspace: 35502K(36160K)->35502K(36160K) NonClass: 29228K(29696K)->29228K(29696K) Class: 6273K(6464K)->6273K(6464K)
[692.727s][info][gc             ] GC(1820) Pause Young (Allocation Failure) 818M->538M(835M) 2.810ms
[692.727s][info][gc,cpu         ] GC(1820) User=0.00s Sys=0.00s Real=0.00s
[693.552s][info][gc,start       ] GC(1821) Pause Young (Allocation Failure)
[693.554s][info][gc,heap        ] GC(1821) PSYoungGen: 294432K(303104K)->32K(283136K) Eden: 294400K(294400K)->0K(282624K) From: 32K(8704K)->32K(512K)
[693.554s][info][gc,heap        ] GC(1821) ParOldGen: 551472K(551936K)->551480K(551936K)
[693.554s][info][gc,metaspace   ] GC(1821) Metaspace: 35502K(36160K)->35502K(36160K) NonClass: 29228K(29696K)->29228K(29696K) Class: 6273K(6464K)->6273K(6464K)
[693.554s][info][gc             ] GC(1821) Pause Young (Allocation Failure) 826M->538M(815M) 2.746ms
[693.554s][info][gc,cpu         ] GC(1821) User=0.01s Sys=0.00s Real=0.00s
[693.964s][info][gc,start       ] GC(1822) Pause Young (Allocation Failure)
[693.966s][info][gc,heap        ] GC(1822) PSYoungGen: 282656K(283136K)->32K(279040K) Eden: 282624K(282624K)->0K(271360K) From: 32K(512K)->32K(7680K)
[693.966s][info][gc,heap        ] GC(1822) ParOldGen: 551480K(551936K)->551488K(551936K)
[693.966s][info][gc,metaspace   ] GC(1822) Metaspace: 35502K(36160K)->35502K(36160K) NonClass: 29228K(29696K)->29228K(29696K) Class: 6273K(6464K)->6273K(6464K)
[693.967s][info][gc             ] GC(1822) Pause Young (Allocation Failure) 814M->538M(811M) 2.809ms
[693.967s][info][gc,cpu         ] GC(1822) User=0.01s Sys=0.01s Real=0.00s
[694.339s][info][gc,start       ] GC(1823) Pause Young (Allocation Failure)
[694.432s][info][gc,heap        ] GC(1823) PSYoungGen: 271392K(279040K)->7168K(308224K) Eden: 271360K(271360K)->0K(301056K) From: 32K(7680K)->7168K(7168K)
[694.432s][info][gc,heap        ] GC(1823) ParOldGen: 551488K(551936K)->572344K(572416K)
[694.433s][info][gc,metaspace   ] GC(1823) Metaspace: 35502K(36160K)->35502K(36160K) NonClass: 29228K(29696K)->29228K(29696K) Class: 6273K(6464K)->6273K(6464K)
[694.433s][info][gc             ] GC(1823) Pause Young (Allocation Failure) 803M->565M(860M) 93.405ms
[694.433s][info][gc,cpu         ] GC(1823) User=0.15s Sys=0.03s Real=0.10s
[694.859s][info][gc,start       ] GC(1824) Pause Young (Allocation Failure)
[694.980s][info][gc,heap        ] GC(1824) PSYoungGen: 308224K(308224K)->16384K(317440K) Eden: 301056K(301056K)->0K(301056K) From: 7168K(7168K)->16384K(16384K)
[694.980s][info][gc,heap        ] GC(1824) ParOldGen: 572344K(572416K)->588672K(588800K)
[694.980s][info][gc,metaspace   ] GC(1824) Metaspace: 35502K(36160K)->35502K(36160K) NonClass: 29228K(29696K)->29228K(29696K) Class: 6273K(6464K)->6273K(6464K)
[694.980s][info][gc             ] GC(1824) Pause Young (Allocation Failure) 859M->590M(885M) 120.744ms
[694.980s][info][gc,cpu         ] GC(1824) User=0.20s Sys=0.03s Real=0.12s
[695.207s][info][gc,start       ] GC(1825) Pause Young (Allocation Failure)
[695.237s][info][gc,heap        ] GC(1825) PSYoungGen: 317440K(317440K)->9024K(300032K) Eden: 301056K(301056K)->0K(283648K) From: 16384K(16384K)->9024K(16384K)
[695.237s][info][gc,heap        ] GC(1825) ParOldGen: 588672K(588800K)->589264K(589312K)
[695.237s][info][gc,metaspace   ] GC(1825) Metaspace: 35502K(36160K)->35502K(36160K) NonClass: 29228K(29696K)->29228K(29696K) Class: 6273K(6464K)->6273K(6464K)
[695.237s][info][gc             ] GC(1825) Pause Young (Allocation Failure) 884M->584M(868M) 29.797ms
[695.237s][info][gc,cpu         ] GC(1825) User=0.06s Sys=0.01s Real=0.03s
[695.888s][info][gc,start       ] GC(1826) Pause Young (Allocation Failure)
[695.890s][info][gc,heap        ] GC(1826) PSYoungGen: 292672K(300032K)->64K(308736K) Eden: 283648K(283648K)->0K(283648K) From: 9024K(16384K)->64K(25088K)
[695.890s][info][gc,heap        ] GC(1826) ParOldGen: 589264K(589312K)->589272K(589312K)
[695.890s][info][gc,metaspace   ] GC(1826) Metaspace: 35502K(36160K)->35502K(36160K) NonClass: 29228K(29696K)->29228K(29696K) Class: 6273K(6464K)->6273K(6464K)
[695.890s][info][gc             ] GC(1826) Pause Young (Allocation Failure) 861M->575M(877M) 2.072ms
[695.890s][info][gc,cpu         ] GC(1826) User=0.00s Sys=0.00s Real=0.00s
[696.566s][info][gc,start       ] GC(1827) Pause Young (Allocation Failure)
[696.568s][info][gc,heap        ] GC(1827) PSYoungGen: 283712K(308736K)->64K(306176K) Eden: 283648K(283648K)->0K(284160K) From: 64K(25088K)->64K(22016K)
[696.568s][info][gc,heap        ] GC(1827) ParOldGen: 589272K(589312K)->589280K(589312K)
[696.568s][info][gc,metaspace   ] GC(1827) Metaspace: 35502K(36160K)->35502K(36160K) NonClass: 29228K(29696K)->29228K(29696K) Class: 6273K(6464K)->6273K(6464K)
[696.568s][info][gc             ] GC(1827) Pause Young (Allocation Failure) 852M->575M(874M) 2.113ms
[696.568s][info][gc,cpu         ] GC(1827) User=0.00s Sys=0.00s Real=0.00s
[697.062s][info][gc,start       ] GC(1828) Pause Young (Allocation Failure)
[697.065s][info][gc,heap        ] GC(1828) PSYoungGen: 284224K(306176K)->32K(307712K) Eden: 284160K(284160K)->0K(284160K) From: 64K(22016K)->32K(23552K)
[697.065s][info][gc,heap        ] GC(1828) ParOldGen: 589280K(589312K)->589288K(589312K)
[697.065s][info][gc,metaspace   ] GC(1828) Metaspace: 35502K(36160K)->35502K(36160K) NonClass: 29228K(29696K)->29228K(29696K) Class: 6273K(6464K)->6273K(6464K)
[697.065s][info][gc             ] GC(1828) Pause Young (Allocation Failure) 853M->575M(876M) 2.958ms
[697.065s][info][gc,cpu         ] GC(1828) User=0.00s Sys=0.00s Real=0.00s
[697.311s][info][gc,start       ] GC(1829) Pause Young (Allocation Failure)
[697.313s][info][gc,heap        ] GC(1829) PSYoungGen: 284192K(307712K)->64K(308736K) Eden: 284160K(284160K)->0K(287744K) From: 32K(23552K)->64K(20992K)
[697.314s][info][gc,heap        ] GC(1829) ParOldGen: 589288K(589312K)->589304K(589312K)
[697.314s][info][gc,metaspace   ] GC(1829) Metaspace: 35502K(36160K)->35502K(36160K) NonClass: 29228K(29696K)->29228K(29696K) Class: 6273K(6464K)->6273K(6464K)
[697.314s][info][gc             ] GC(1829) Pause Young (Allocation Failure) 853M->575M(877M) 2.164ms
[697.314s][info][gc,cpu         ] GC(1829) User=0.00s Sys=0.00s Real=0.00s
[697.570s][info][gc,start       ] GC(1830) Pause Young (Allocation Failure)
[697.572s][info][gc,heap        ] GC(1830) PSYoungGen: 287808K(308736K)->32K(309760K) Eden: 287744K(287744K)->0K(287744K) From: 64K(20992K)->32K(22016K)
[697.572s][info][gc,heap        ] GC(1830) ParOldGen: 589304K(589312K)->589304K(589312K)
[697.572s][info][gc,metaspace   ] GC(1830) Metaspace: 35502K(36160K)->35502K(36160K) NonClass: 29228K(29696K)->29228K(29696K) Class: 6273K(6464K)->6273K(6464K)
[697.572s][info][gc             ] GC(1830) Pause Young (Allocation Failure) 856M->575M(878M) 2.073ms
[697.572s][info][gc,cpu         ] GC(1830) User=0.00s Sys=0.00s Real=0.01s
[698.056s][info][gc,start       ] GC(1831) Pause Young (Allocation Failure)
[698.059s][info][gc,heap        ] GC(1831) PSYoungGen: 287776K(309760K)->64K(309760K) Eden: 287744K(287744K)->0K(290816K) From: 32K(22016K)->64K(18944K)
[698.059s][info][gc,heap        ] GC(1831) ParOldGen: 589304K(589312K)->589304K(589312K)
[698.059s][info][gc,metaspace   ] GC(1831) Metaspace: 35502K(36160K)->35502K(36160K) NonClass: 29228K(29696K)->29228K(29696K) Class: 6273K(6464K)->6273K(6464K)
[698.059s][info][gc             ] GC(1831) Pause Young (Allocation Failure) 856M->575M(878M) 2.870ms
[698.059s][info][gc,cpu         ] GC(1831) User=0.01s Sys=0.00s Real=0.00s
[698.146s][info][gc,start       ] GC(1832) Pause Young (Allocation Failure)
[698.149s][info][gc,heap        ] GC(1832) PSYoungGen: 290880K(309760K)->32K(310784K) Eden: 290816K(290816K)->0K(290816K) From: 64K(18944K)->32K(19968K)
[698.149s][info][gc,heap        ] GC(1832) ParOldGen: 589304K(589312K)->589312K(589824K)
[698.149s][info][gc,metaspace   ] GC(1832) Metaspace: 35502K(36160K)->35502K(36160K) NonClass: 29228K(29696K)->29228K(29696K) Class: 6273K(6464K)->6273K(6464K)
[698.149s][info][gc             ] GC(1832) Pause Young (Allocation Failure) 859M->575M(879M) 2.981ms
[698.149s][info][gc,cpu         ] GC(1832) User=0.01s Sys=0.00s Real=0.00s
[698.206s][info][gc,start       ] GC(1833) Pause Young (Allocation Failure)
[698.209s][info][gc,heap        ] GC(1833) PSYoungGen: 290848K(310784K)->64K(311808K) Eden: 290816K(290816K)->0K(294912K) From: 32K(19968K)->64K(16896K)
[698.209s][info][gc,heap        ] GC(1833) ParOldGen: 589312K(589824K)->589328K(589824K)
[698.209s][info][gc,metaspace   ] GC(1833) Metaspace: 35502K(36160K)->35502K(36160K) NonClass: 29228K(29696K)->29228K(29696K) Class: 6273K(6464K)->6273K(6464K)
[698.209s][info][gc             ] GC(1833) Pause Young (Allocation Failure) 859M->575M(880M) 2.926ms
[698.209s][info][gc,cpu         ] GC(1833) User=0.01s Sys=0.00s Real=0.00s
[698.386s][info][gc,start       ] GC(1834) Pause Young (Allocation Failure)
[698.389s][info][gc,heap        ] GC(1834) PSYoungGen: 294976K(311808K)->32K(312832K) Eden: 294912K(294912K)->0K(294912K) From: 64K(16896K)->32K(17920K)
[698.389s][info][gc,heap        ] GC(1834) ParOldGen: 589328K(589824K)->589328K(589824K)
[698.389s][info][gc,metaspace   ] GC(1834) Metaspace: 35502K(36160K)->35502K(36160K) NonClass: 29228K(29696K)->29228K(29696K) Class: 6273K(6464K)->6273K(6464K)
[698.389s][info][gc             ] GC(1834) Pause Young (Allocation Failure) 863M->575M(881M) 2.790ms
[698.389s][info][gc,cpu         ] GC(1834) User=0.01s Sys=0.00s Real=0.00s
[698.668s][info][gc,start       ] GC(1835) Pause Young (Allocation Failure)
[698.671s][info][gc,heap        ] GC(1835) PSYoungGen: 294944K(312832K)->32K(313856K) Eden: 294912K(294912K)->0K(299008K) From: 32K(17920K)->32K(14848K)
[698.671s][info][gc,heap        ] GC(1835) ParOldGen: 589328K(589824K)->589344K(589824K)
[698.671s][info][gc,metaspace   ] GC(1835) Metaspace: 35502K(36160K)->35502K(36160K) NonClass: 29228K(29696K)->29228K(29696K) Class: 6273K(6464K)->6273K(6464K)
[698.671s][info][gc             ] GC(1835) Pause Young (Allocation Failure) 863M->575M(882M) 3.123ms
[698.671s][info][gc,cpu         ] GC(1835) User=0.00s Sys=0.00s Real=0.01s
[698.859s][info][gc,start       ] GC(1836) Pause Young (Allocation Failure)
[698.862s][info][gc,heap        ] GC(1836) PSYoungGen: 299040K(313856K)->64K(314880K) Eden: 299008K(299008K)->0K(299008K) From: 32K(14848K)->64K(15872K)
[698.862s][info][gc,heap        ] GC(1836) ParOldGen: 589344K(589824K)->589360K(589824K)
[698.862s][info][gc,metaspace   ] GC(1836) Metaspace: 35502K(36160K)->35502K(36160K) NonClass: 29228K(29696K)->29228K(29696K) Class: 6273K(6464K)->6273K(6464K)
[698.862s][info][gc             ] GC(1836) Pause Young (Allocation Failure) 867M->575M(883M) 2.287ms
[698.862s][info][gc,cpu         ] GC(1836) User=0.00s Sys=0.00s Real=0.01s
[698.974s][info][gc,start       ] GC(1837) Pause Young (Allocation Failure)
[698.977s][info][gc,heap        ] GC(1837) PSYoungGen: 299072K(314880K)->32K(315904K) Eden: 299008K(299008K)->0K(303104K) From: 64K(15872K)->32K(12800K)
[698.977s][info][gc,heap        ] GC(1837) ParOldGen: 589360K(589824K)->589368K(589824K)
[698.977s][info][gc,metaspace   ] GC(1837) Metaspace: 35502K(36160K)->35502K(36160K) NonClass: 29228K(29696K)->29228K(29696K) Class: 6273K(6464K)->6273K(6464K)
[698.977s][info][gc             ] GC(1837) Pause Young (Allocation Failure) 867M->575M(884M) 2.755ms
[698.977s][info][gc,cpu         ] GC(1837) User=0.01s Sys=0.00s Real=0.00s
[699.216s][info][gc,start       ] GC(1838) Pause Young (Allocation Failure)
[699.218s][info][gc,heap        ] GC(1838) PSYoungGen: 303136K(315904K)->64K(316928K) Eden: 303104K(303104K)->0K(303104K) From: 32K(12800K)->64K(13824K)
[699.218s][info][gc,heap        ] GC(1838) ParOldGen: 589368K(589824K)->589368K(589824K)
[699.218s][info][gc,metaspace   ] GC(1838) Metaspace: 35502K(36160K)->35502K(36160K) NonClass: 29228K(29696K)->29228K(29696K) Class: 6273K(6464K)->6273K(6464K)
[699.218s][info][gc             ] GC(1838) Pause Young (Allocation Failure) 871M->575M(885M) 2.095ms
[699.218s][info][gc,cpu         ] GC(1838) User=0.00s Sys=0.00s Real=0.00s
[700.387s][info][gc,start       ] GC(1839) Pause Young (Allocation Failure)
[700.390s][info][gc,heap        ] GC(1839) PSYoungGen: 303168K(316928K)->64K(317440K) Eden: 303104K(303104K)->0K(306688K) From: 64K(13824K)->64K(10752K)
[700.390s][info][gc,heap        ] GC(1839) ParOldGen: 589368K(589824K)->589376K(589824K)
[700.390s][info][gc,metaspace   ] GC(1839) Metaspace: 35502K(36160K)->35502K(36160K) NonClass: 29228K(29696K)->29228K(29696K) Class: 6273K(6464K)->6273K(6464K)
[700.390s][info][gc             ] GC(1839) Pause Young (Allocation Failure) 871M->575M(886M) 3.093ms
[700.390s][info][gc,cpu         ] GC(1839) User=0.01s Sys=0.00s Real=0.00s
[701.477s][info][gc,start       ] GC(1840) Pause Young (Allocation Failure)
[701.480s][info][gc,heap        ] GC(1840) PSYoungGen: 306752K(317440K)->64K(318976K) Eden: 306688K(306688K)->0K(306688K) From: 64K(10752K)->64K(12288K)
[701.480s][info][gc,heap        ] GC(1840) ParOldGen: 589376K(589824K)->589384K(589824K)
[701.480s][info][gc,metaspace   ] GC(1840) Metaspace: 35502K(36160K)->35502K(36160K) NonClass: 29228K(29696K)->29228K(29696K) Class: 6273K(6464K)->6273K(6464K)
[701.480s][info][gc             ] GC(1840) Pause Young (Allocation Failure) 875M->575M(887M) 2.691ms
[701.480s][info][gc,cpu         ] GC(1840) User=0.00s Sys=0.00s Real=0.00s
[701.929s][info][gc,start       ] GC(1841) Pause Young (Allocation Failure)
[701.931s][info][gc,heap        ] GC(1841) PSYoungGen: 306752K(318976K)->32K(320000K) Eden: 306688K(306688K)->0K(310272K) From: 64K(12288K)->32K(9728K)
[701.931s][info][gc,heap        ] GC(1841) ParOldGen: 589384K(589824K)->589392K(589824K)
[701.931s][info][gc,metaspace   ] GC(1841) Metaspace: 35502K(36160K)->35502K(36160K) NonClass: 29228K(29696K)->29228K(29696K) Class: 6273K(6464K)->6273K(6464K)
[701.931s][info][gc             ] GC(1841) Pause Young (Allocation Failure) 875M->575M(888M) 2.794ms
[701.931s][info][gc,cpu         ] GC(1841) User=0.01s Sys=0.00s Real=0.01s
[702.440s][info][gc,start       ] GC(1842) Pause Young (Allocation Failure)
[702.443s][info][gc,heap        ] GC(1842) PSYoungGen: 310304K(320000K)->32K(298496K) Eden: 310272K(310272K)->0K(297984K) From: 32K(9728K)->32K(512K)
[702.443s][info][gc,heap        ] GC(1842) ParOldGen: 589392K(589824K)->589400K(589824K)
[702.443s][info][gc,metaspace   ] GC(1842) Metaspace: 35502K(36160K)->35502K(36160K) NonClass: 29228K(29696K)->29228K(29696K) Class: 6273K(6464K)->6273K(6464K)
[702.443s][info][gc             ] GC(1842) Pause Young (Allocation Failure) 878M->575M(867M) 3.084ms
[702.443s][info][gc,cpu         ] GC(1842) User=0.01s Sys=0.00s Real=0.01s
[703.641s][info][gc,start       ] GC(1843) Pause Young (Allocation Failure)
[703.644s][info][gc,heap        ] GC(1843) PSYoungGen: 298016K(298496K)->32K(286720K) Eden: 297984K(297984K)->0K(286208K) From: 32K(512K)->32K(512K)
[703.644s][info][gc,heap        ] GC(1843) ParOldGen: 589400K(589824K)->589408K(589824K)
[703.644s][info][gc,metaspace   ] GC(1843) Metaspace: 35502K(36160K)->35502K(36160K) NonClass: 29228K(29696K)->29228K(29696K) Class: 6273K(6464K)->6273K(6464K)
[703.644s][info][gc             ] GC(1843) Pause Young (Allocation Failure) 866M->575M(856M) 3.389ms
[703.644s][info][gc,cpu         ] GC(1843) User=0.00s Sys=0.00s Real=0.00s
[704.099s][info][gc,start       ] GC(1844) Pause Young (Allocation Failure)
[704.102s][info][gc,heap        ] GC(1844) PSYoungGen: 286240K(286720K)->64K(284160K) Eden: 286208K(286208K)->0K(274944K) From: 32K(512K)->64K(9216K)
[704.102s][info][gc,heap        ] GC(1844) ParOldGen: 589408K(589824K)->589416K(589824K)
[704.102s][info][gc,metaspace   ] GC(1844) Metaspace: 35502K(36160K)->35502K(36160K) NonClass: 29228K(29696K)->29228K(29696K) Class: 6273K(6464K)->6273K(6464K)
[704.102s][info][gc             ] GC(1844) Pause Young (Allocation Failure) 855M->575M(853M) 2.853ms
[704.102s][info][gc,cpu         ] GC(1844) User=0.01s Sys=0.00s Real=0.01s
[704.219s][info][gc,start       ] GC(1845) Pause Young (Allocation Failure)
[704.221s][info][gc,heap        ] GC(1845) PSYoungGen: 275008K(284160K)->64K(264704K) Eden: 274944K(274944K)->0K(264192K) From: 64K(9216K)->64K(512K)
[704.221s][info][gc,heap        ] GC(1845) ParOldGen: 589416K(589824K)->589424K(589824K)
[704.221s][info][gc,metaspace   ] GC(1845) Metaspace: 35502K(36160K)->35502K(36160K) NonClass: 29228K(29696K)->29228K(29696K) Class: 6273K(6464K)->6273K(6464K)
[704.221s][info][gc             ] GC(1845) Pause Young (Allocation Failure) 844M->575M(834M) 2.720ms
[704.221s][info][gc,cpu         ] GC(1845) User=0.01s Sys=0.00s Real=0.01s
[704.977s][info][gc,start       ] GC(1846) Pause Young (Allocation Failure)
[704.981s][info][gc,heap        ] GC(1846) PSYoungGen: 264256K(264704K)->64K(262144K) Eden: 264192K(264192K)->0K(253952K) From: 64K(512K)->64K(8192K)
[704.981s][info][gc,heap        ] GC(1846) ParOldGen: 589424K(589824K)->589432K(589824K)
[704.981s][info][gc,metaspace   ] GC(1846) Metaspace: 35502K(36160K)->35502K(36160K) NonClass: 29228K(29696K)->29228K(29696K) Class: 6273K(6464K)->6273K(6464K)
[704.981s][info][gc             ] GC(1846) Pause Young (Allocation Failure) 833M->575M(832M) 3.362ms
[704.981s][info][gc,cpu         ] GC(1846) User=0.00s Sys=0.00s Real=0.01s
[705.360s][info][gc,start       ] GC(1847) Pause Young (Allocation Failure)
[705.364s][info][gc,heap        ] GC(1847) PSYoungGen: 254016K(262144K)->32K(244736K) Eden: 253952K(253952K)->0K(244224K) From: 64K(8192K)->32K(512K)
[705.364s][info][gc,heap        ] GC(1847) ParOldGen: 589432K(589824K)->589440K(589824K)
[705.364s][info][gc,metaspace   ] GC(1847) Metaspace: 35502K(36160K)->35502K(36160K) NonClass: 29228K(29696K)->29228K(29696K) Class: 6273K(6464K)->6273K(6464K)
[705.364s][info][gc             ] GC(1847) Pause Young (Allocation Failure) 823M->575M(815M) 4.446ms
[705.364s][info][gc,cpu         ] GC(1847) User=0.00s Sys=0.00s Real=0.01s
[705.725s][info][gc,start       ] GC(1848) Pause Young (Allocation Failure)
[705.779s][info][gc,heap        ] GC(1848) PSYoungGen: 244256K(244736K)->7168K(290304K) Eden: 244224K(244224K)->0K(283136K) From: 32K(512K)->7168K(7168K)
[705.779s][info][gc,heap        ] GC(1848) ParOldGen: 589440K(589824K)->605736K(606208K)
[705.779s][info][gc,metaspace   ] GC(1848) Metaspace: 35502K(36160K)->35502K(36160K) NonClass: 29228K(29696K)->29228K(29696K) Class: 6273K(6464K)->6273K(6464K)
[705.779s][info][gc             ] GC(1848) Pause Young (Allocation Failure) 814M->598M(875M) 54.872ms
[705.779s][info][gc,cpu         ] GC(1848) User=0.09s Sys=0.01s Real=0.05s
[706.151s][info][gc,start       ] GC(1849) Pause Young (Allocation Failure)
[706.229s][info][gc,heap        ] GC(1849) PSYoungGen: 290304K(290304K)->14848K(297984K) Eden: 283136K(283136K)->0K(283136K) From: 7168K(7168K)->14848K(14848K)
[706.229s][info][gc,heap        ] GC(1849) ParOldGen: 605736K(606208K)->621536K(621568K)
[706.229s][info][gc,metaspace   ] GC(1849) Metaspace: 35502K(36160K)->35502K(36160K) NonClass: 29228K(29696K)->29228K(29696K) Class: 6273K(6464K)->6273K(6464K)
[706.229s][info][gc             ] GC(1849) Pause Young (Allocation Failure) 875M->621M(898M) 78.783ms
[706.229s][info][gc,cpu         ] GC(1849) User=0.13s Sys=0.03s Real=0.07s
[706.471s][info][gc,start       ] GC(1850) Pause Young (Allocation Failure)
[706.510s][info][gc,heap        ] GC(1850) PSYoungGen: 297984K(297984K)->15456K(307200K) Eden: 283136K(283136K)->0K(283136K) From: 14848K(14848K)->15456K(24064K)
[706.510s][info][gc,heap        ] GC(1850) ParOldGen: 621536K(621568K)->622112K(622592K)
[706.511s][info][gc,metaspace   ] GC(1850) Metaspace: 35502K(36160K)->35502K(36160K) NonClass: 29228K(29696K)->29228K(29696K) Class: 6273K(6464K)->6273K(6464K)
[706.511s][info][gc             ] GC(1850) Pause Young (Allocation Failure) 897M->622M(908M) 39.856ms
[706.511s][info][gc,cpu         ] GC(1850) User=0.08s Sys=0.00s Real=0.03s
[706.910s][info][gc,start       ] GC(1851) Pause Young (Allocation Failure)
[706.913s][info][gc,heap        ] GC(1851) PSYoungGen: 298592K(307200K)->32K(308736K) Eden: 283136K(283136K)->0K(283136K) From: 15456K(24064K)->32K(25600K)
[706.913s][info][gc,heap        ] GC(1851) ParOldGen: 622112K(622592K)->622120K(622592K)
[706.913s][info][gc,metaspace   ] GC(1851) Metaspace: 35502K(36160K)->35502K(36160K) NonClass: 29228K(29696K)->29228K(29696K) Class: 6273K(6464K)->6273K(6464K)
[706.913s][info][gc             ] GC(1851) Pause Young (Allocation Failure) 899M->607M(909M) 2.883ms
[706.913s][info][gc,cpu         ] GC(1851) User=0.01s Sys=0.00s Real=0.01s
[707.621s][info][gc,start       ] GC(1852) Pause Young (Allocation Failure)
[707.623s][info][gc,heap        ] GC(1852) PSYoungGen: 283168K(308736K)->64K(283648K) Eden: 283136K(283136K)->0K(283136K) From: 32K(25600K)->64K(512K)
[707.623s][info][gc,heap        ] GC(1852) ParOldGen: 622120K(622592K)->622128K(622592K)
[707.623s][info][gc,metaspace   ] GC(1852) Metaspace: 35502K(36160K)->35502K(36160K) NonClass: 29228K(29696K)->29228K(29696K) Class: 6273K(6464K)->6273K(6464K)
[707.623s][info][gc             ] GC(1852) Pause Young (Allocation Failure) 884M->607M(885M) 2.186ms
[707.623s][info][gc,cpu         ] GC(1852) User=0.01s Sys=0.00s Real=0.00s
[708.141s][info][gc,start       ] GC(1853) Pause Young (Allocation Failure)
[708.144s][info][gc,heap        ] GC(1853) PSYoungGen: 283200K(283648K)->32K(308224K) Eden: 283136K(283136K)->0K(284160K) From: 64K(512K)->32K(24064K)
[708.144s][info][gc,heap        ] GC(1853) ParOldGen: 622128K(622592K)->622136K(622592K)
[708.144s][info][gc,metaspace   ] GC(1853) Metaspace: 35502K(36160K)->35502K(36160K) NonClass: 29228K(29696K)->29228K(29696K) Class: 6273K(6464K)->6273K(6464K)
[708.144s][info][gc             ] GC(1853) Pause Young (Allocation Failure) 884M->607M(909M) 3.050ms
[708.144s][info][gc,cpu         ] GC(1853) User=0.01s Sys=0.00s Real=0.00s
[708.405s][info][gc,start       ] GC(1854) Pause Young (Allocation Failure)
[708.407s][info][gc,heap        ] GC(1854) PSYoungGen: 284192K(308224K)->32K(307200K) Eden: 284160K(284160K)->0K(284160K) From: 32K(24064K)->32K(23040K)
[708.407s][info][gc,heap        ] GC(1854) ParOldGen: 622136K(622592K)->622144K(622592K)
[708.408s][info][gc,metaspace   ] GC(1854) Metaspace: 35502K(36160K)->35502K(36160K) NonClass: 29228K(29696K)->29228K(29696K) Class: 6273K(6464K)->6273K(6464K)
[708.408s][info][gc             ] GC(1854) Pause Young (Allocation Failure) 885M->607M(908M) 2.749ms
[708.408s][info][gc,cpu         ] GC(1854) User=0.00s Sys=0.00s Real=0.00s
[708.756s][info][gc,start       ] GC(1855) Pause Young (Allocation Failure)
[708.759s][info][gc,heap        ] GC(1855) PSYoungGen: 284192K(307200K)->32K(309760K) Eden: 284160K(284160K)->0K(287744K) From: 32K(23040K)->32K(22016K)
[708.759s][info][gc,heap        ] GC(1855) ParOldGen: 622144K(622592K)->622144K(622592K)
[708.759s][info][gc,metaspace   ] GC(1855) Metaspace: 35502K(36160K)->35502K(36160K) NonClass: 29228K(29696K)->29228K(29696K) Class: 6273K(6464K)->6273K(6464K)
[708.759s][info][gc             ] GC(1855) Pause Young (Allocation Failure) 885M->607M(910M) 2.683ms
[708.759s][info][gc,cpu         ] GC(1855) User=0.00s Sys=0.00s Real=0.00s
[709.159s][info][gc,start       ] GC(1856) Pause Young (Allocation Failure)
[709.162s][info][gc,heap        ] GC(1856) PSYoungGen: 287776K(309760K)->64K(308736K) Eden: 287744K(287744K)->0K(287744K) From: 32K(22016K)->64K(20992K)
[709.162s][info][gc,heap        ] GC(1856) ParOldGen: 622144K(622592K)->622144K(622592K)
[709.162s][info][gc,metaspace   ] GC(1856) Metaspace: 35502K(36160K)->35502K(36160K) NonClass: 29228K(29696K)->29228K(29696K) Class: 6273K(6464K)->6273K(6464K)
[709.162s][info][gc             ] GC(1856) Pause Young (Allocation Failure) 888M->607M(909M) 2.730ms
[709.162s][info][gc,cpu         ] GC(1856) User=0.00s Sys=0.00s Real=0.01s
[709.330s][info][gc,start       ] GC(1857) Pause Young (Allocation Failure)
[709.333s][info][gc,heap        ] GC(1857) PSYoungGen: 287808K(308736K)->32K(311808K) Eden: 287744K(287744K)->0K(291840K) From: 64K(20992K)->32K(19968K)
[709.333s][info][gc,heap        ] GC(1857) ParOldGen: 622144K(622592K)->622160K(622592K)
[709.333s][info][gc,metaspace   ] GC(1857) Metaspace: 35502K(36160K)->35502K(36160K) NonClass: 29228K(29696K)->29228K(29696K) Class: 6273K(6464K)->6273K(6464K)
[709.333s][info][gc             ] GC(1857) Pause Young (Allocation Failure) 888M->607M(912M) 2.724ms
[709.333s][info][gc,cpu         ] GC(1857) User=0.01s Sys=0.00s Real=0.01s
[709.390s][info][gc,start       ] GC(1858) Pause Young (Allocation Failure)
[709.393s][info][gc,heap        ] GC(1858) PSYoungGen: 291872K(311808K)->32K(310784K) Eden: 291840K(291840K)->0K(291840K) From: 32K(19968K)->32K(18944K)
[709.393s][info][gc,heap        ] GC(1858) ParOldGen: 622160K(622592K)->622168K(622592K)
[709.393s][info][gc,metaspace   ] GC(1858) Metaspace: 35502K(36160K)->35502K(36160K) NonClass: 29228K(29696K)->29228K(29696K) Class: 6273K(6464K)->6273K(6464K)
[709.393s][info][gc             ] GC(1858) Pause Young (Allocation Failure) 892M->607M(911M) 2.628ms
[709.393s][info][gc,cpu         ] GC(1858) User=0.01s Sys=0.00s Real=0.01s
[709.510s][info][gc,start       ] GC(1859) Pause Young (Allocation Failure)
[709.513s][info][gc,heap        ] GC(1859) PSYoungGen: 291872K(310784K)->32K(313856K) Eden: 291840K(291840K)->0K(295936K) From: 32K(18944K)->32K(17920K)
[709.513s][info][gc,heap        ] GC(1859) ParOldGen: 622168K(622592K)->622168K(622592K)
[709.513s][info][gc,metaspace   ] GC(1859) Metaspace: 35502K(36160K)->35502K(36160K) NonClass: 29228K(29696K)->29228K(29696K) Class: 6273K(6464K)->6273K(6464K)
[709.513s][info][gc             ] GC(1859) Pause Young (Allocation Failure) 892M->607M(914M) 2.568ms
[709.513s][info][gc,cpu         ] GC(1859) User=0.01s Sys=0.00s Real=0.01s
[709.772s][info][gc,start       ] GC(1860) Pause Young (Allocation Failure)
[709.775s][info][gc,heap        ] GC(1860) PSYoungGen: 295968K(313856K)->32K(312832K) Eden: 295936K(295936K)->0K(295936K) From: 32K(17920K)->32K(16896K)
[709.775s][info][gc,heap        ] GC(1860) ParOldGen: 622168K(622592K)->622184K(622592K)
[709.775s][info][gc,metaspace   ] GC(1860) Metaspace: 35502K(36160K)->35502K(36160K) NonClass: 29228K(29696K)->29228K(29696K) Class: 6273K(6464K)->6273K(6464K)
[709.775s][info][gc             ] GC(1860) Pause Young (Allocation Failure) 896M->607M(913M) 2.926ms
[709.775s][info][gc,cpu         ] GC(1860) User=0.00s Sys=0.00s Real=0.00s
[710.048s][info][gc,start       ] GC(1861) Pause Young (Allocation Failure)
[710.050s][info][gc,heap        ] GC(1861) PSYoungGen: 295968K(312832K)->32K(315904K) Eden: 295936K(295936K)->0K(300032K) From: 32K(16896K)->32K(15872K)
[710.050s][info][gc,heap        ] GC(1861) ParOldGen: 622184K(622592K)->622184K(622592K)
[710.050s][info][gc,metaspace   ] GC(1861) Metaspace: 35502K(36160K)->35502K(36160K) NonClass: 29228K(29696K)->29228K(29696K) Class: 6273K(6464K)->6273K(6464K)
[710.051s][info][gc             ] GC(1861) Pause Young (Allocation Failure) 896M->607M(916M) 2.707ms
[710.051s][info][gc,cpu         ] GC(1861) User=0.01s Sys=0.00s Real=0.00s
[710.208s][info][gc,start       ] GC(1862) Pause Young (Allocation Failure)
[710.211s][info][gc,heap        ] GC(1862) PSYoungGen: 300064K(315904K)->32K(315392K) Eden: 300032K(300032K)->0K(300032K) From: 32K(15872K)->32K(15360K)
[710.211s][info][gc,heap        ] GC(1862) ParOldGen: 622184K(622592K)->622200K(622592K)
[710.211s][info][gc,metaspace   ] GC(1862) Metaspace: 35502K(36160K)->35502K(36160K) NonClass: 29228K(29696K)->29228K(29696K) Class: 6273K(6464K)->6273K(6464K)
[710.211s][info][gc             ] GC(1862) Pause Young (Allocation Failure) 900M->607M(916M) 3.147ms
[710.211s][info][gc,cpu         ] GC(1862) User=0.00s Sys=0.00s Real=0.01s
[710.577s][info][gc,start       ] GC(1863) Pause Young (Allocation Failure)
[710.581s][info][gc,heap        ] GC(1863) PSYoungGen: 300064K(315392K)->64K(317440K) Eden: 300032K(300032K)->0K(303616K) From: 32K(15360K)->64K(13824K)
[710.581s][info][gc,heap        ] GC(1863) ParOldGen: 622200K(622592K)->622200K(622592K)
[710.581s][info][gc,metaspace   ] GC(1863) Metaspace: 35502K(36160K)->35502K(36160K) NonClass: 29228K(29696K)->29228K(29696K) Class: 6273K(6464K)->6273K(6464K)
[710.581s][info][gc             ] GC(1863) Pause Young (Allocation Failure) 900M->607M(918M) 3.370ms
[710.581s][info][gc,cpu         ] GC(1863) User=0.01s Sys=0.00s Real=0.01s
[711.248s][info][gc,start       ] GC(1864) Pause Young (Allocation Failure)
[711.251s][info][gc,heap        ] GC(1864) PSYoungGen: 303680K(317440K)->32K(316928K) Eden: 303616K(303616K)->0K(303616K) From: 64K(13824K)->32K(13312K)
[711.251s][info][gc,heap        ] GC(1864) ParOldGen: 622200K(622592K)->622208K(622592K)
[711.251s][info][gc,metaspace   ] GC(1864) Metaspace: 35502K(36160K)->35502K(36160K) NonClass: 29228K(29696K)->29228K(29696K) Class: 6273K(6464K)->6273K(6464K)
[711.251s][info][gc             ] GC(1864) Pause Young (Allocation Failure) 904M->607M(917M) 2.880ms
[711.251s][info][gc,cpu         ] GC(1864) User=0.00s Sys=0.00s Real=0.01s
[712.522s][info][gc,start       ] GC(1865) Pause Young (Allocation Failure)
[712.525s][info][gc,heap        ] GC(1865) PSYoungGen: 303648K(316928K)->64K(319488K) Eden: 303616K(303616K)->0K(307200K) From: 32K(13312K)->64K(12288K)
[712.525s][info][gc,heap        ] GC(1865) ParOldGen: 622208K(622592K)->622224K(622592K)
[712.525s][info][gc,metaspace   ] GC(1865) Metaspace: 35502K(36160K)->35502K(36160K) NonClass: 29228K(29696K)->29228K(29696K) Class: 6273K(6464K)->6273K(6464K)
[712.525s][info][gc             ] GC(1865) Pause Young (Allocation Failure) 904M->607M(920M) 3.121ms
[712.525s][info][gc,cpu         ] GC(1865) User=0.00s Sys=0.00s Real=0.00s
[713.334s][info][gc,start       ] GC(1866) Pause Young (Allocation Failure)
[713.337s][info][gc,heap        ] GC(1866) PSYoungGen: 307264K(319488K)->32K(295424K) Eden: 307200K(307200K)->0K(294912K) From: 64K(12288K)->32K(512K)
[713.337s][info][gc,heap        ] GC(1866) ParOldGen: 622224K(622592K)->622232K(622592K)
[713.338s][info][gc,metaspace   ] GC(1866) Metaspace: 35502K(36160K)->35502K(36160K) NonClass: 29228K(29696K)->29228K(29696K) Class: 6273K(6464K)->6273K(6464K)
[713.338s][info][gc             ] GC(1866) Pause Young (Allocation Failure) 907M->607M(896M) 3.543ms
[713.338s][info][gc,cpu         ] GC(1866) User=0.01s Sys=0.00s Real=0.00s
[713.892s][info][gc,start       ] GC(1867) Pause Young (Allocation Failure)
[713.896s][info][gc,heap        ] GC(1867) PSYoungGen: 294944K(295424K)->32K(283648K) Eden: 294912K(294912K)->0K(283136K) From: 32K(512K)->32K(512K)
[713.896s][info][gc,heap        ] GC(1867) ParOldGen: 622232K(622592K)->622240K(622592K)
[713.896s][info][gc,metaspace   ] GC(1867) Metaspace: 35502K(36160K)->35502K(36160K) NonClass: 29228K(29696K)->29228K(29696K) Class: 6273K(6464K)->6273K(6464K)
[713.896s][info][gc             ] GC(1867) Pause Young (Allocation Failure) 895M->607M(885M) 3.992ms
[713.896s][info][gc,cpu         ] GC(1867) User=0.00s Sys=0.00s Real=0.00s
[715.084s][info][gc,start       ] GC(1868) Pause Young (Allocation Failure)
[715.086s][info][gc,heap        ] GC(1868) PSYoungGen: 283168K(283648K)->64K(282112K) Eden: 283136K(283136K)->0K(271872K) From: 32K(512K)->64K(10240K)
[715.087s][info][gc,heap        ] GC(1868) ParOldGen: 622240K(622592K)->622248K(622592K)
[715.087s][info][gc,metaspace   ] GC(1868) Metaspace: 35502K(36160K)->35502K(36160K) NonClass: 29228K(29696K)->29228K(29696K) Class: 6273K(6464K)->6273K(6464K)
[715.087s][info][gc             ] GC(1868) Pause Young (Allocation Failure) 884M->607M(883M) 2.167ms
[715.087s][info][gc,cpu         ] GC(1868) User=0.00s Sys=0.00s Real=0.00s
[715.610s][info][gc,start       ] GC(1869) Pause Young (Allocation Failure)
[715.614s][info][gc,heap        ] GC(1869) PSYoungGen: 271936K(282112K)->64K(261632K) Eden: 271872K(271872K)->0K(261120K) From: 64K(10240K)->64K(512K)
[715.614s][info][gc,heap        ] GC(1869) ParOldGen: 622248K(622592K)->622264K(622592K)
[715.614s][info][gc,metaspace   ] GC(1869) Metaspace: 35502K(36160K)->35502K(36160K) NonClass: 29228K(29696K)->29228K(29696K) Class: 6273K(6464K)->6273K(6464K)
[715.614s][info][gc             ] GC(1869) Pause Young (Allocation Failure) 873M->607M(863M) 4.285ms
[715.614s][info][gc,cpu         ] GC(1869) User=0.01s Sys=0.00s Real=0.01s
[715.799s][info][gc,start       ] GC(1870) Pause Young (Allocation Failure)
[715.801s][info][gc,heap        ] GC(1870) PSYoungGen: 261184K(261632K)->64K(259584K) Eden: 261120K(261120K)->0K(250880K) From: 64K(512K)->64K(8704K)
[715.801s][info][gc,heap        ] GC(1870) ParOldGen: 622264K(622592K)->622272K(622592K)
[715.801s][info][gc,metaspace   ] GC(1870) Metaspace: 35502K(36160K)->35502K(36160K) NonClass: 29228K(29696K)->29228K(29696K) Class: 6273K(6464K)->6273K(6464K)
[715.801s][info][gc             ] GC(1870) Pause Young (Allocation Failure) 862M->607M(861M) 2.372ms
[715.801s][info][gc,cpu         ] GC(1870) User=0.00s Sys=0.00s Real=0.01s
[716.158s][info][gc,start       ] GC(1871) Pause Young (Allocation Failure)
[716.163s][info][gc,heap        ] GC(1871) PSYoungGen: 250944K(259584K)->64K(241664K) Eden: 250880K(250880K)->0K(241152K) From: 64K(8704K)->64K(512K)
[716.163s][info][gc,heap        ] GC(1871) ParOldGen: 622272K(622592K)->622280K(622592K)
[716.163s][info][gc,metaspace   ] GC(1871) Metaspace: 35502K(36160K)->35502K(36160K) NonClass: 29228K(29696K)->29228K(29696K) Class: 6273K(6464K)->6273K(6464K)
[716.163s][info][gc             ] GC(1871) Pause Young (Allocation Failure) 852M->607M(844M) 4.588ms
[716.163s][info][gc,cpu         ] GC(1871) User=0.00s Sys=0.01s Real=0.01s
[716.670s][info][gc,start       ] GC(1872) Pause Young (Allocation Failure)
[716.674s][info][gc,heap        ] GC(1872) PSYoungGen: 241216K(241664K)->32K(239616K) Eden: 241152K(241152K)->0K(231936K) From: 64K(512K)->32K(7680K)
[716.674s][info][gc,heap        ] GC(1872) ParOldGen: 622280K(622592K)->622288K(622592K)
[716.674s][info][gc,metaspace   ] GC(1872) Metaspace: 35502K(36160K)->35502K(36160K) NonClass: 29228K(29696K)->29228K(29696K) Class: 6273K(6464K)->6273K(6464K)
[716.674s][info][gc             ] GC(1872) Pause Young (Allocation Failure) 843M->607M(842M) 3.254ms
[716.674s][info][gc,cpu         ] GC(1872) User=0.00s Sys=0.00s Real=0.01s
[717.202s][info][gc,start       ] GC(1873) Pause Young (Allocation Failure)
[717.212s][info][gc,heap        ] GC(1873) PSYoungGen: 231968K(239616K)->3072K(276992K) Eden: 231936K(231936K)->0K(273920K) From: 32K(7680K)->3072K(3072K)
[717.212s][info][gc,heap        ] GC(1873) ParOldGen: 622288K(622592K)->622296K(622592K)
[717.212s][info][gc,metaspace   ] GC(1873) Metaspace: 35502K(36160K)->35502K(36160K) NonClass: 29228K(29696K)->29228K(29696K) Class: 6273K(6464K)->6273K(6464K)
[717.212s][info][gc             ] GC(1873) Pause Young (Allocation Failure) 834M->610M(878M) 9.986ms
[717.212s][info][gc,cpu         ] GC(1873) User=0.02s Sys=0.00s Real=0.01s
[717.686s][info][gc,start       ] GC(1874) Pause Young (Allocation Failure)
[717.771s][info][gc,heap        ] GC(1874) PSYoungGen: 276992K(276992K)->7168K(281088K) Eden: 273920K(273920K)->0K(273920K) From: 3072K(3072K)->7168K(7168K)
[717.771s][info][gc,heap        ] GC(1874) ParOldGen: 622296K(622592K)->644208K(644608K)
[717.771s][info][gc,metaspace   ] GC(1874) Metaspace: 35502K(36160K)->35502K(36160K) NonClass: 29228K(29696K)->29228K(29696K) Class: 6273K(6464K)->6273K(6464K)
[717.771s][info][gc             ] GC(1874) Pause Young (Allocation Failure) 878M->636M(904M) 85.268ms
[717.771s][info][gc,cpu         ] GC(1874) User=0.13s Sys=0.02s Real=0.09s
[718.227s][info][gc,start       ] GC(1875) Pause Young (Allocation Failure)
[718.324s][info][gc,heap        ] GC(1875) PSYoungGen: 281088K(281088K)->17408K(300032K) Eden: 273920K(273920K)->0K(282624K) From: 7168K(7168K)->17408K(17408K)
[718.324s][info][gc,heap        ] GC(1875) ParOldGen: 644208K(644608K)->656672K(656896K)
[718.324s][info][gc,metaspace   ] GC(1875) Metaspace: 35502K(36160K)->35502K(36160K) NonClass: 29228K(29696K)->29228K(29696K) Class: 6273K(6464K)->6273K(6464K)
[718.324s][info][gc             ] GC(1875) Pause Young (Allocation Failure) 903M->658M(934M) 97.094ms
[718.324s][info][gc,cpu         ] GC(1875) User=0.17s Sys=0.03s Real=0.10s
[718.548s][info][gc,start       ] GC(1876) Pause Full (Allocation Failure)
[718.548s][info][gc,phases,start] GC(1876) Marking Phase
[718.620s][info][gc,phases      ] GC(1876) Marking Phase 71.623ms
[718.620s][info][gc,phases,start] GC(1876) Summary Phase
[718.620s][info][gc,phases      ] GC(1876) Summary Phase 0.030ms
[718.620s][info][gc,phases,start] GC(1876) Forward
[718.637s][info][gc,phases      ] GC(1876) Forward 17.297ms
[718.638s][info][gc,phases,start] GC(1876) Adjust Pointers
[718.672s][info][gc,phases      ] GC(1876) Adjust Pointers 34.730ms
[718.672s][info][gc,phases,start] GC(1876) Compaction Phase
[718.685s][info][gc,phases      ] GC(1876) Compaction Phase 13.116ms
[718.686s][info][gc,phases,start] GC(1876) Post Compact
[718.689s][info][metaspace      ] ChkMgr @0x00007f865403aa80 (non-class-space): : reclaiming memory...
[718.689s][info][metaspace      ] ChkMgr @0x00007f865403aa80 (non-class-space): nothing reclaimed.
[718.689s][info][metaspace      ] ChkMgr @0x00007f865403a890 (class-space): : reclaiming memory...
[718.689s][info][metaspace      ] ChkMgr @0x00007f865403a890 (class-space): nothing reclaimed.
[718.689s][info][gc,phases      ] GC(1876) Post Compact 3.032ms
[718.733s][info][gc,heap        ] GC(1876) PSYoungGen: 300032K(300032K)->0K(308224K) Eden: 282624K(282624K)->0K(282624K) From: 17408K(17408K)->0K(25600K)
[718.733s][info][gc,heap        ] GC(1876) ParOldGen: 656672K(656896K)->65488K(175104K)
[718.733s][info][gc,metaspace   ] GC(1876) Metaspace: 35503K(36160K)->35460K(36160K) NonClass: 29229K(29696K)->29188K(29696K) Class: 6273K(6464K)->6272K(6464K)
[718.733s][info][gc             ] GC(1876) Pause Full (Allocation Failure) 934M->63M(472M) 184.290ms
[718.733s][info][gc,cpu         ] GC(1876) User=0.22s Sys=0.04s Real=0.19s
[719.409s][info][gc,start       ] GC(1877) Pause Young (Allocation Failure)
[719.414s][info][gc,heap        ] GC(1877) PSYoungGen: 282624K(308224K)->32K(306176K) Eden: 282624K(282624K)->0K(282624K) From: 0K(25600K)->32K(23552K)
[719.414s][info][gc,heap        ] GC(1877) ParOldGen: 65488K(175104K)->65488K(175104K)
[719.414s][info][gc,metaspace   ] GC(1877) Metaspace: 35460K(36160K)->35460K(36160K) NonClass: 29188K(29696K)->29188K(29696K) Class: 6272K(6464K)->6272K(6464K)
[719.414s][info][gc             ] GC(1877) Pause Young (Allocation Failure) 339M->63M(470M) 5.630ms
[719.414s][info][gc,cpu         ] GC(1877) User=0.01s Sys=0.00s Real=0.01s
[720.071s][info][gc,start       ] GC(1878) Pause Young (Allocation Failure)
[720.071s][info][gc,heap        ] GC(1878) PSYoungGen: 282656K(306176K)->64K(307200K) Eden: 282624K(282624K)->0K(282624K) From: 32K(23552K)->64K(24576K)
[720.071s][info][gc,heap        ] GC(1878) ParOldGen: 65488K(175104K)->65496K(175104K)
[720.071s][info][gc,metaspace   ] GC(1878) Metaspace: 35460K(36160K)->35460K(36160K) NonClass: 29188K(29696K)->29188K(29696K) Class: 6272K(6464K)->6272K(6464K)
[720.071s][info][gc             ] GC(1878) Pause Young (Allocation Failure) 339M->64M(471M) 0.764ms
[720.071s][info][gc,cpu         ] GC(1878) User=0.00s Sys=0.00s Real=0.00s
[720.600s][info][gc,start       ] GC(1879) Pause Young (Allocation Failure)
[720.601s][info][gc,heap        ] GC(1879) PSYoungGen: 282688K(307200K)->64K(308224K) Eden: 282624K(282624K)->0K(285696K) From: 64K(24576K)->64K(22528K)
[720.601s][info][gc,heap        ] GC(1879) ParOldGen: 65496K(175104K)->65512K(175104K)
[720.601s][info][gc,metaspace   ] GC(1879) Metaspace: 35460K(36160K)->35460K(36160K) NonClass: 29188K(29696K)->29188K(29696K) Class: 6272K(6464K)->6272K(6464K)
[720.601s][info][gc             ] GC(1879) Pause Young (Allocation Failure) 340M->64M(472M) 1.132ms
[720.601s][info][gc,cpu         ] GC(1879) User=0.01s Sys=0.00s Real=0.01s
[720.963s][info][gc,start       ] GC(1880) Pause Young (Allocation Failure)
[720.964s][info][gc,heap        ] GC(1880) PSYoungGen: 285760K(308224K)->32K(308736K) Eden: 285696K(285696K)->0K(285696K) From: 64K(22528K)->32K(23040K)
[720.964s][info][gc,heap        ] GC(1880) ParOldGen: 65512K(175104K)->65528K(175104K)
[720.964s][info][gc,metaspace   ] GC(1880) Metaspace: 35460K(36160K)->35460K(36160K) NonClass: 29188K(29696K)->29188K(29696K) Class: 6272K(6464K)->6272K(6464K)
[720.964s][info][gc             ] GC(1880) Pause Young (Allocation Failure) 343M->64M(472M) 1.082ms
[720.964s][info][gc,cpu         ] GC(1880) User=0.00s Sys=0.00s Real=0.00s
[721.266s][info][gc,start       ] GC(1881) Pause Young (Allocation Failure)
[721.267s][info][gc,heap        ] GC(1881) PSYoungGen: 285728K(308736K)->64K(309248K) Eden: 285696K(285696K)->0K(288768K) From: 32K(23040K)->64K(20480K)
[721.267s][info][gc,heap        ] GC(1881) ParOldGen: 65528K(175104K)->65528K(175104K)
[721.267s][info][gc,metaspace   ] GC(1881) Metaspace: 35460K(36160K)->35460K(36160K) NonClass: 29188K(29696K)->29188K(29696K) Class: 6272K(6464K)->6272K(6464K)
[721.267s][info][gc             ] GC(1881) Pause Young (Allocation Failure) 343M->64M(473M) 1.051ms
[721.267s][info][gc,cpu         ] GC(1881) User=0.00s Sys=0.00s Real=0.00s
[721.836s][info][gc,start       ] GC(1882) Pause Young (Allocation Failure)
[721.837s][info][gc,heap        ] GC(1882) PSYoungGen: 288832K(309248K)->64K(309760K) Eden: 288768K(288768K)->0K(288768K) From: 64K(20480K)->64K(20992K)
[721.837s][info][gc,heap        ] GC(1882) ParOldGen: 65528K(175104K)->65528K(175104K)
[721.837s][info][gc,metaspace   ] GC(1882) Metaspace: 35460K(36160K)->35460K(36160K) NonClass: 29188K(29696K)->29188K(29696K) Class: 6272K(6464K)->6272K(6464K)
[721.837s][info][gc             ] GC(1882) Pause Young (Allocation Failure) 346M->64M(473M) 0.909ms
[721.837s][info][gc,cpu         ] GC(1882) User=0.00s Sys=0.00s Real=0.00s
[721.937s][info][gc,start       ] GC(1883) Pause Young (Allocation Failure)
[721.938s][info][gc,heap        ] GC(1883) PSYoungGen: 288832K(309760K)->64K(311296K) Eden: 288768K(288768K)->0K(292864K) From: 64K(20992K)->64K(18432K)
[721.938s][info][gc,heap        ] GC(1883) ParOldGen: 65528K(175104K)->65536K(175104K)
[721.938s][info][gc,metaspace   ] GC(1883) Metaspace: 35460K(36160K)->35460K(36160K) NonClass: 29188K(29696K)->29188K(29696K) Class: 6272K(6464K)->6272K(6464K)
[721.938s][info][gc             ] GC(1883) Pause Young (Allocation Failure) 346M->64M(475M) 0.965ms
[721.938s][info][gc,cpu         ] GC(1883) User=0.00s Sys=0.00s Real=0.00s
[722.000s][info][gc,start       ] GC(1884) Pause Young (Allocation Failure)
[722.001s][info][gc,heap        ] GC(1884) PSYoungGen: 292928K(311296K)->64K(311808K) Eden: 292864K(292864K)->0K(292864K) From: 64K(18432K)->64K(18944K)
[722.001s][info][gc,heap        ] GC(1884) ParOldGen: 65536K(175104K)->65552K(175104K)
[722.001s][info][gc,metaspace   ] GC(1884) Metaspace: 35460K(36160K)->35460K(36160K) NonClass: 29188K(29696K)->29188K(29696K) Class: 6272K(6464K)->6272K(6464K)
[722.001s][info][gc             ] GC(1884) Pause Young (Allocation Failure) 350M->64M(475M) 0.838ms
[722.001s][info][gc,cpu         ] GC(1884) User=0.00s Sys=0.00s Real=0.01s
[722.172s][info][gc,start       ] GC(1885) Pause Young (Allocation Failure)
[722.173s][info][gc,heap        ] GC(1885) PSYoungGen: 292928K(311808K)->64K(313344K) Eden: 292864K(292864K)->0K(296960K) From: 64K(18944K)->64K(16384K)
[722.173s][info][gc,heap        ] GC(1885) ParOldGen: 65552K(175104K)->65552K(175104K)
[722.173s][info][gc,metaspace   ] GC(1885) Metaspace: 35460K(36160K)->35460K(36160K) NonClass: 29188K(29696K)->29188K(29696K) Class: 6272K(6464K)->6272K(6464K)
[722.173s][info][gc             ] GC(1885) Pause Young (Allocation Failure) 350M->64M(477M) 0.947ms
[722.173s][info][gc,cpu         ] GC(1885) User=0.00s Sys=0.00s Real=0.00s
[722.439s][info][gc,start       ] GC(1886) Pause Young (Allocation Failure)
[722.442s][info][gc,heap        ] GC(1886) PSYoungGen: 297024K(313344K)->64K(285696K) Eden: 296960K(296960K)->0K(285184K) From: 64K(16384K)->64K(512K)
[722.442s][info][gc,heap        ] GC(1886) ParOldGen: 65552K(175104K)->65560K(175104K)
[722.442s][info][gc,metaspace   ] GC(1886) Metaspace: 35460K(36160K)->35460K(36160K) NonClass: 29188K(29696K)->29188K(29696K) Class: 6272K(6464K)->6272K(6464K)
[722.442s][info][gc             ] GC(1886) Pause Young (Allocation Failure) 354M->64M(450M) 2.631ms
[722.442s][info][gc,cpu         ] GC(1886) User=0.00s Sys=0.01s Real=0.01s
[722.659s][info][gc,start       ] GC(1887) Pause Young (Allocation Failure)
[722.660s][info][gc,heap        ] GC(1887) PSYoungGen: 285248K(285696K)->64K(276480K) Eden: 285184K(285184K)->0K(273920K) From: 64K(512K)->64K(2560K)
[722.660s][info][gc,heap        ] GC(1887) ParOldGen: 65560K(175104K)->65568K(175104K)
[722.660s][info][gc,metaspace   ] GC(1887) Metaspace: 35460K(36160K)->35460K(36160K) NonClass: 29188K(29696K)->29188K(29696K) Class: 6272K(6464K)->6272K(6464K)
[722.660s][info][gc             ] GC(1887) Pause Young (Allocation Failure) 342M->64M(441M) 1.312ms
[722.660s][info][gc,cpu         ] GC(1887) User=0.00s Sys=0.00s Real=0.00s
[722.756s][info][gc,start       ] GC(1888) Pause Young (Allocation Failure)
[722.757s][info][gc,heap        ] GC(1888) PSYoungGen: 273984K(276480K)->64K(263680K) Eden: 273920K(273920K)->0K(263168K) From: 64K(2560K)->64K(512K)
[722.757s][info][gc,heap        ] GC(1888) ParOldGen: 65568K(175104K)->65584K(175104K)
[722.757s][info][gc,metaspace   ] GC(1888) Metaspace: 35460K(36160K)->35460K(36160K) NonClass: 29188K(29696K)->29188K(29696K) Class: 6272K(6464K)->6272K(6464K)
[722.757s][info][gc             ] GC(1888) Pause Young (Allocation Failure) 331M->64M(428M) 1.254ms
[722.757s][info][gc,cpu         ] GC(1888) User=0.00s Sys=0.00s Real=0.00s
[722.976s][info][gc,start       ] GC(1889) Pause Young (Allocation Failure)
[722.978s][info][gc,heap        ] GC(1889) PSYoungGen: 263232K(263680K)->64K(253440K) Eden: 263168K(263168K)->0K(252928K) From: 64K(512K)->64K(512K)
[722.978s][info][gc,heap        ] GC(1889) ParOldGen: 65584K(175104K)->65584K(175104K)
[722.978s][info][gc,metaspace   ] GC(1889) Metaspace: 35460K(36160K)->35460K(36160K) NonClass: 29188K(29696K)->29188K(29696K) Class: 6272K(6464K)->6272K(6464K)
[722.978s][info][gc             ] GC(1889) Pause Young (Allocation Failure) 321M->64M(418M) 1.808ms
[722.978s][info][gc,cpu         ] GC(1889) User=0.00s Sys=0.00s Real=0.00s
[723.385s][info][gc,start       ] GC(1890) Pause Young (Allocation Failure)
[723.386s][info][gc,heap        ] GC(1890) PSYoungGen: 252992K(253440K)->64K(256000K) Eden: 252928K(252928K)->0K(243200K) From: 64K(512K)->64K(12800K)
[723.386s][info][gc,heap        ] GC(1890) ParOldGen: 65584K(175104K)->65592K(175104K)
[723.386s][info][gc,metaspace   ] GC(1890) Metaspace: 35460K(36160K)->35460K(36160K) NonClass: 29188K(29696K)->29188K(29696K) Class: 6272K(6464K)->6272K(6464K)
[723.386s][info][gc             ] GC(1890) Pause Young (Allocation Failure) 311M->64M(421M) 0.939ms
[723.386s][info][gc,cpu         ] GC(1890) User=0.00s Sys=0.00s Real=0.00s
[724.426s][info][gc,start       ] GC(1891) Pause Young (Allocation Failure)
[724.429s][info][gc,heap        ] GC(1891) PSYoungGen: 243264K(256000K)->83K(234496K) Eden: 243200K(243200K)->0K(233984K) From: 64K(12800K)->83K(512K)
[724.429s][info][gc,heap        ] GC(1891) ParOldGen: 65592K(175104K)->65600K(175104K)
[724.429s][info][gc,metaspace   ] GC(1891) Metaspace: 35460K(36160K)->35460K(36160K) NonClass: 29188K(29696K)->29188K(29696K) Class: 6272K(6464K)->6272K(6464K)
[724.429s][info][gc             ] GC(1891) Pause Young (Allocation Failure) 301M->64M(400M) 3.085ms
[724.429s][info][gc,cpu         ] GC(1891) User=0.00s Sys=0.00s Real=0.00s
[725.673s][info][gc,start       ] GC(1892) Pause Young (Allocation Failure)
[725.674s][info][gc,heap        ] GC(1892) PSYoungGen: 234067K(234496K)->64K(236544K) Eden: 233984K(233984K)->0K(225280K) From: 83K(512K)->64K(11264K)
[725.674s][info][gc,heap        ] GC(1892) ParOldGen: 65600K(175104K)->65608K(175104K)
[725.674s][info][gc,metaspace   ] GC(1892) Metaspace: 35460K(36160K)->35460K(36160K) NonClass: 29188K(29696K)->29188K(29696K) Class: 6272K(6464K)->6272K(6464K)
[725.674s][info][gc             ] GC(1892) Pause Young (Allocation Failure) 292M->64M(402M) 1.042ms
[725.674s][info][gc,cpu         ] GC(1892) User=0.00s Sys=0.00s Real=0.00s
[726.023s][info][gc,start       ] GC(1893) Pause Young (Allocation Failure)
[726.026s][info][gc,heap        ] GC(1893) PSYoungGen: 225344K(236544K)->64K(217600K) Eden: 225280K(225280K)->0K(217088K) From: 64K(11264K)->64K(512K)
[726.026s][info][gc,heap        ] GC(1893) ParOldGen: 65608K(175104K)->65616K(175104K)
[726.026s][info][gc,metaspace   ] GC(1893) Metaspace: 35460K(36160K)->35460K(36160K) NonClass: 29188K(29696K)->29188K(29696K) Class: 6272K(6464K)->6272K(6464K)
[726.026s][info][gc             ] GC(1893) Pause Young (Allocation Failure) 284M->64M(383M) 2.556ms
[726.026s][info][gc,cpu         ] GC(1893) User=0.00s Sys=0.00s Real=0.00s
[726.559s][info][gc,start       ] GC(1894) Pause Young (Allocation Failure)
[726.561s][info][gc,heap        ] GC(1894) PSYoungGen: 217152K(217600K)->64K(219136K) Eden: 217088K(217088K)->0K(209408K) From: 64K(512K)->64K(9728K)
[726.561s][info][gc,heap        ] GC(1894) ParOldGen: 65616K(175104K)->65632K(175104K)
[726.561s][info][gc,metaspace   ] GC(1894) Metaspace: 35460K(36160K)->35460K(36160K) NonClass: 29188K(29696K)->29188K(29696K) Class: 6272K(6464K)->6272K(6464K)
[726.561s][info][gc             ] GC(1894) Pause Young (Allocation Failure) 276M->64M(385M) 1.761ms
[726.561s][info][gc,cpu         ] GC(1894) User=0.00s Sys=0.00s Real=0.01s
[727.842s][info][gc,start       ] GC(1895) Pause Young (Allocation Failure)
[727.844s][info][gc,heap        ] GC(1895) PSYoungGen: 209472K(219136K)->64K(202240K) Eden: 209408K(209408K)->0K(201728K) From: 64K(9728K)->64K(512K)
[727.844s][info][gc,heap        ] GC(1895) ParOldGen: 65632K(175104K)->65648K(175104K)
[727.844s][info][gc,metaspace   ] GC(1895) Metaspace: 35460K(36160K)->35460K(36160K) NonClass: 29188K(29696K)->29188K(29696K) Class: 6272K(6464K)->6272K(6464K)
[727.844s][info][gc             ] GC(1895) Pause Young (Allocation Failure) 268M->64M(368M) 2.351ms
[727.844s][info][gc,cpu         ] GC(1895) User=0.00s Sys=0.00s Real=0.00s
[728.065s][info][gc,start       ] GC(1896) Pause Young (Allocation Failure)
[728.067s][info][gc,heap        ] GC(1896) PSYoungGen: 201792K(202240K)->64K(203264K) Eden: 201728K(201728K)->0K(194560K) From: 64K(512K)->64K(8704K)
[728.067s][info][gc,heap        ] GC(1896) ParOldGen: 65648K(175104K)->65664K(175104K)
[728.067s][info][gc,metaspace   ] GC(1896) Metaspace: 35460K(36160K)->35460K(36160K) NonClass: 29188K(29696K)->29188K(29696K) Class: 6272K(6464K)->6272K(6464K)
[728.067s][info][gc             ] GC(1896) Pause Young (Allocation Failure) 261M->64M(369M) 1.677ms
[728.067s][info][gc,cpu         ] GC(1896) User=0.00s Sys=0.00s Real=0.00s
[728.418s][info][gc,start       ] GC(1897) Pause Young (Allocation Failure)
[728.420s][info][gc,heap        ] GC(1897) PSYoungGen: 194624K(203264K)->64K(188416K) Eden: 194560K(194560K)->0K(187904K) From: 64K(8704K)->64K(512K)
[728.420s][info][gc,heap        ] GC(1897) ParOldGen: 65664K(175104K)->65680K(175104K)
[728.420s][info][gc,metaspace   ] GC(1897) Metaspace: 35460K(36160K)->35460K(36160K) NonClass: 29188K(29696K)->29188K(29696K) Class: 6272K(6464K)->6272K(6464K)
[728.420s][info][gc             ] GC(1897) Pause Young (Allocation Failure) 254M->64M(355M) 2.185ms
[728.420s][info][gc,cpu         ] GC(1897) User=0.00s Sys=0.00s Real=0.00s
[728.571s][info][gc,start       ] GC(1898) Pause Young (Allocation Failure)
[728.573s][info][gc,heap        ] GC(1898) PSYoungGen: 187968K(188416K)->64K(188416K) Eden: 187904K(187904K)->0K(181248K) From: 64K(512K)->64K(7168K)
[728.573s][info][gc,heap        ] GC(1898) ParOldGen: 65680K(175104K)->65696K(175104K)
[728.573s][info][gc,metaspace   ] GC(1898) Metaspace: 35460K(36160K)->35460K(36160K) NonClass: 29188K(29696K)->29188K(29696K) Class: 6272K(6464K)->6272K(6464K)
[728.573s][info][gc             ] GC(1898) Pause Young (Allocation Failure) 247M->64M(355M) 1.770ms
[728.573s][info][gc,cpu         ] GC(1898) User=0.00s Sys=0.00s Real=0.00s
[728.662s][info][gc,start       ] GC(1899) Pause Young (Allocation Failure)
[728.665s][info][gc,heap        ] GC(1899) PSYoungGen: 181312K(188416K)->64K(175616K) Eden: 181248K(181248K)->0K(175104K) From: 64K(7168K)->64K(512K)
[728.665s][info][gc,heap        ] GC(1899) ParOldGen: 65696K(175104K)->65712K(175104K)
[728.665s][info][gc,metaspace   ] GC(1899) Metaspace: 35460K(36160K)->35460K(36160K) NonClass: 29188K(29696K)->29188K(29696K) Class: 6272K(6464K)->6272K(6464K)
[728.665s][info][gc             ] GC(1899) Pause Young (Allocation Failure) 241M->64M(342M) 3.015ms
[728.665s][info][gc,cpu         ] GC(1899) User=0.00s Sys=0.00s Real=0.00s
[729.120s][info][gc,start       ] GC(1900) Pause Young (Allocation Failure)
[729.121s][info][gc,heap        ] GC(1900) PSYoungGen: 175168K(175616K)->64K(175616K) Eden: 175104K(175104K)->0K(168960K) From: 64K(512K)->64K(6656K)
[729.121s][info][gc,heap        ] GC(1900) ParOldGen: 65712K(175104K)->65728K(175104K)
[729.121s][info][gc,metaspace   ] GC(1900) Metaspace: 35460K(36160K)->35460K(36160K) NonClass: 29188K(29696K)->29188K(29696K) Class: 6272K(6464K)->6272K(6464K)
[729.121s][info][gc             ] GC(1900) Pause Young (Allocation Failure) 235M->64M(342M) 1.134ms
[729.121s][info][gc,cpu         ] GC(1900) User=0.00s Sys=0.00s Real=0.01s
[729.430s][info][gc,start       ] GC(1901) Pause Young (Allocation Failure)
[729.432s][info][gc,heap        ] GC(1901) PSYoungGen: 169024K(175616K)->64K(163840K) Eden: 168960K(168960K)->0K(163328K) From: 64K(6656K)->64K(512K)
[729.432s][info][gc,heap        ] GC(1901) ParOldGen: 65728K(175104K)->65744K(175104K)
[729.432s][info][gc,metaspace   ] GC(1901) Metaspace: 35460K(36160K)->35460K(36160K) NonClass: 29188K(29696K)->29188K(29696K) Class: 6272K(6464K)->6272K(6464K)
[729.432s][info][gc             ] GC(1901) Pause Young (Allocation Failure) 229M->64M(331M) 2.217ms
[729.432s][info][gc,cpu         ] GC(1901) User=0.00s Sys=0.00s Real=0.01s
[729.681s][info][gc,start       ] GC(1902) Pause Young (Allocation Failure)
[729.682s][info][gc,heap        ] GC(1902) PSYoungGen: 163392K(163840K)->64K(163328K) Eden: 163328K(163328K)->0K(157696K) From: 64K(512K)->64K(5632K)
[729.682s][info][gc,heap        ] GC(1902) ParOldGen: 65744K(175104K)->65760K(175104K)
[729.682s][info][gc,metaspace   ] GC(1902) Metaspace: 35460K(36160K)->35460K(36160K) NonClass: 29188K(29696K)->29188K(29696K) Class: 6272K(6464K)->6272K(6464K)
[729.682s][info][gc             ] GC(1902) Pause Young (Allocation Failure) 223M->64M(330M) 1.457ms
[729.682s][info][gc,cpu         ] GC(1902) User=0.00s Sys=0.00s Real=0.00s
[730.025s][info][gc,start       ] GC(1903) Pause Young (Allocation Failure)
[730.049s][info][gc,heap        ] GC(1903) PSYoungGen: 157760K(163328K)->5120K(193024K) Eden: 157696K(157696K)->0K(187904K) From: 64K(5632K)->5120K(5120K)
[730.049s][info][gc,heap        ] GC(1903) ParOldGen: 65760K(175104K)->70832K(175104K)
[730.049s][info][gc,metaspace   ] GC(1903) Metaspace: 35460K(36160K)->35460K(36160K) NonClass: 29188K(29696K)->29188K(29696K) Class: 6272K(6464K)->6272K(6464K)
[730.049s][info][gc             ] GC(1903) Pause Young (Allocation Failure) 218M->74M(359M) 23.877ms
[730.049s][info][gc,cpu         ] GC(1903) User=0.04s Sys=0.00s Real=0.02s
[730.349s][info][gc,start       ] GC(1904) Pause Young (Allocation Failure)
[730.392s][info][gc,heap        ] GC(1904) PSYoungGen: 193024K(193024K)->8192K(229888K) Eden: 187904K(187904K)->0K(221696K) From: 5120K(5120K)->8192K(8192K)
[730.392s][info][gc,heap        ] GC(1904) ParOldGen: 70832K(175104K)->82768K(175104K)
[730.392s][info][gc,metaspace   ] GC(1904) Metaspace: 35460K(36160K)->35460K(36160K) NonClass: 29188K(29696K)->29188K(29696K) Class: 6272K(6464K)->6272K(6464K)
[730.392s][info][gc             ] GC(1904) Pause Young (Allocation Failure) 257M->88M(395M) 42.726ms
[730.392s][info][gc,cpu         ] GC(1904) User=0.08s Sys=0.00s Real=0.05s
[730.683s][info][gc,start       ] GC(1905) Pause Young (Allocation Failure)
[730.747s][info][gc,heap        ] GC(1905) PSYoungGen: 229888K(229888K)->14336K(232960K) Eden: 221696K(221696K)->0K(218624K) From: 8192K(8192K)->14336K(14336K)
[730.747s][info][gc,heap        ] GC(1905) ParOldGen: 82768K(175104K)->92384K(175104K)
[730.747s][info][gc,metaspace   ] GC(1905) Metaspace: 35460K(36160K)->35460K(36160K) NonClass: 29188K(29696K)->29188K(29696K) Class: 6272K(6464K)->6272K(6464K)
[730.747s][info][gc             ] GC(1905) Pause Young (Allocation Failure) 305M->104M(398M) 64.462ms
[730.747s][info][gc,cpu         ] GC(1905) User=0.12s Sys=0.01s Real=0.06s
[731.060s][info][gc,start       ] GC(1906) Pause Young (Allocation Failure)
[731.094s][info][gc,heap        ] GC(1906) PSYoungGen: 232960K(232960K)->15296K(239616K) Eden: 218624K(218624K)->0K(218624K) From: 14336K(14336K)->15296K(20992K)
[731.094s][info][gc,heap        ] GC(1906) ParOldGen: 92384K(175104K)->92736K(175104K)
[731.094s][info][gc,metaspace   ] GC(1906) Metaspace: 35460K(36160K)->35460K(36160K) NonClass: 29188K(29696K)->29188K(29696K) Class: 6272K(6464K)->6272K(6464K)
[731.094s][info][gc             ] GC(1906) Pause Young (Allocation Failure) 317M->105M(405M) 34.601ms
[731.094s][info][gc,cpu         ] GC(1906) User=0.07s Sys=0.00s Real=0.04s
[731.213s][info][gc,start       ] GC(1907) Pause Young (Allocation Failure)
[731.214s][info][gc,heap        ] GC(1907) PSYoungGen: 233920K(239616K)->64K(284160K) Eden: 218624K(218624K)->0K(262144K) From: 15296K(20992K)->64K(22016K)
[731.214s][info][gc,heap        ] GC(1907) ParOldGen: 92736K(175104K)->92744K(175104K)
[731.214s][info][gc,metaspace   ] GC(1907) Metaspace: 35460K(36160K)->35460K(36160K) NonClass: 29188K(29696K)->29188K(29696K) Class: 6272K(6464K)->6272K(6464K)
[731.214s][info][gc             ] GC(1907) Pause Young (Allocation Failure) 319M->90M(448M) 0.951ms
[731.214s][info][gc,cpu         ] GC(1907) User=0.00s Sys=0.00s Real=0.00s
[732.059s][info][gc,start       ] GC(1908) Pause Young (Allocation Failure)
[732.060s][info][gc,heap        ] GC(1908) PSYoungGen: 262208K(284160K)->64K(284672K) Eden: 262144K(262144K)->0K(262144K) From: 64K(22016K)->64K(22528K)
[732.060s][info][gc,heap        ] GC(1908) ParOldGen: 92744K(175104K)->92752K(175104K)
[732.060s][info][gc,metaspace   ] GC(1908) Metaspace: 35460K(36160K)->35460K(36160K) NonClass: 29188K(29696K)->29188K(29696K) Class: 6272K(6464K)->6272K(6464K)
[732.060s][info][gc             ] GC(1908) Pause Young (Allocation Failure) 346M->90M(449M) 1.094ms
[732.060s][info][gc,cpu         ] GC(1908) User=0.00s Sys=0.00s Real=0.00s
[732.546s][info][gc,start       ] GC(1909) Pause Young (Allocation Failure)
[732.547s][info][gc,heap        ] GC(1909) PSYoungGen: 262208K(284672K)->64K(309248K) Eden: 262144K(262144K)->0K(289280K) From: 64K(22528K)->64K(19968K)
[732.547s][info][gc,heap        ] GC(1909) ParOldGen: 92752K(175104K)->92760K(175104K)
[732.547s][info][gc,metaspace   ] GC(1909) Metaspace: 35460K(36160K)->35460K(36160K) NonClass: 29188K(29696K)->29188K(29696K) Class: 6272K(6464K)->6272K(6464K)
[732.547s][info][gc             ] GC(1909) Pause Young (Allocation Failure) 346M->90M(473M) 1.117ms
[732.547s][info][gc,cpu         ] GC(1909) User=0.00s Sys=0.00s Real=0.00s
[733.197s][info][gc,start       ] GC(1910) Pause Young (Allocation Failure)
[733.198s][info][gc,heap        ] GC(1910) PSYoungGen: 289344K(309248K)->64K(310272K) Eden: 289280K(289280K)->0K(289280K) From: 64K(19968K)->64K(20992K)
[733.198s][info][gc,heap        ] GC(1910) ParOldGen: 92760K(175104K)->92776K(175104K)
[733.198s][info][gc,metaspace   ] GC(1910) Metaspace: 35460K(36160K)->35460K(36160K) NonClass: 29188K(29696K)->29188K(29696K) Class: 6272K(6464K)->6272K(6464K)
[733.198s][info][gc             ] GC(1910) Pause Young (Allocation Failure) 373M->90M(474M) 1.043ms
[733.198s][info][gc,cpu         ] GC(1910) User=0.00s Sys=0.00s Real=0.00s
[733.449s][info][gc,start       ] GC(1911) Pause Young (Allocation Failure)
[733.450s][info][gc,heap        ] GC(1911) PSYoungGen: 289344K(310272K)->64K(310272K) Eden: 289280K(289280K)->0K(292352K) From: 64K(20992K)->64K(17920K)
[733.450s][info][gc,heap        ] GC(1911) ParOldGen: 92776K(175104K)->92792K(175104K)
[733.450s][info][gc,metaspace   ] GC(1911) Metaspace: 35460K(36160K)->35460K(36160K) NonClass: 29188K(29696K)->29188K(29696K) Class: 6272K(6464K)->6272K(6464K)
[733.450s][info][gc             ] GC(1911) Pause Young (Allocation Failure) 373M->90M(474M) 1.164ms
[733.450s][info][gc,cpu         ] GC(1911) User=0.00s Sys=0.00s Real=0.00s
[733.705s][info][gc,start       ] GC(1912) Pause Young (Allocation Failure)
[733.706s][info][gc,heap        ] GC(1912) PSYoungGen: 292416K(310272K)->64K(311808K) Eden: 292352K(292352K)->0K(292352K) From: 64K(17920K)->64K(19456K)
[733.706s][info][gc,heap        ] GC(1912) ParOldGen: 92792K(175104K)->92792K(175104K)
[733.706s][info][gc,metaspace   ] GC(1912) Metaspace: 35460K(36160K)->35460K(36160K) NonClass: 29188K(29696K)->29188K(29696K) Class: 6272K(6464K)->6272K(6464K)
[733.706s][info][gc             ] GC(1912) Pause Young (Allocation Failure) 376M->90M(475M) 0.979ms
[733.706s][info][gc,cpu         ] GC(1912) User=0.00s Sys=0.00s Real=0.00s
[734.127s][info][gc,start       ] GC(1913) Pause Young (Allocation Failure)
[734.127s][info][gc,heap        ] GC(1913) PSYoungGen: 292416K(311808K)->64K(311808K) Eden: 292352K(292352K)->0K(295936K) From: 64K(19456K)->64K(15872K)
[734.127s][info][gc,heap        ] GC(1913) ParOldGen: 92792K(175104K)->92792K(175104K)
[734.128s][info][gc,metaspace   ] GC(1913) Metaspace: 35460K(36160K)->35460K(36160K) NonClass: 29188K(29696K)->29188K(29696K) Class: 6272K(6464K)->6272K(6464K)
[734.128s][info][gc             ] GC(1913) Pause Young (Allocation Failure) 376M->90M(475M) 0.947ms
[734.128s][info][gc,cpu         ] GC(1913) User=0.00s Sys=0.00s Real=0.00s
[734.189s][info][gc,start       ] GC(1914) Pause Young (Allocation Failure)
[734.190s][info][gc,heap        ] GC(1914) PSYoungGen: 296000K(311808K)->64K(313344K) Eden: 295936K(295936K)->0K(295936K) From: 64K(15872K)->64K(17408K)
[734.190s][info][gc,heap        ] GC(1914) ParOldGen: 92792K(175104K)->92808K(175104K)
[734.190s][info][gc,metaspace   ] GC(1914) Metaspace: 35460K(36160K)->35460K(36160K) NonClass: 29188K(29696K)->29188K(29696K) Class: 6272K(6464K)->6272K(6464K)
[734.190s][info][gc             ] GC(1914) Pause Young (Allocation Failure) 379M->90M(477M) 1.014ms
[734.190s][info][gc,cpu         ] GC(1914) User=0.00s Sys=0.00s Real=0.00s
[734.247s][info][gc,start       ] GC(1915) Pause Young (Allocation Failure)
[734.248s][info][gc,heap        ] GC(1915) PSYoungGen: 296000K(313344K)->64K(313856K) Eden: 295936K(295936K)->0K(299520K) From: 64K(17408K)->64K(14336K)
[734.248s][info][gc,heap        ] GC(1915) ParOldGen: 92808K(175104K)->92808K(175104K)
[734.248s][info][gc,metaspace   ] GC(1915) Metaspace: 35460K(36160K)->35460K(36160K) NonClass: 29188K(29696K)->29188K(29696K) Class: 6272K(6464K)->6272K(6464K)
[734.248s][info][gc             ] GC(1915) Pause Young (Allocation Failure) 379M->90M(477M) 1.145ms
[734.248s][info][gc,cpu         ] GC(1915) User=0.00s Sys=0.00s Real=0.00s
[734.474s][info][gc,start       ] GC(1916) Pause Young (Allocation Failure)
[734.475s][info][gc,heap        ] GC(1916) PSYoungGen: 299584K(313856K)->64K(315392K) Eden: 299520K(299520K)->0K(299520K) From: 64K(14336K)->64K(15872K)
[734.475s][info][gc,heap        ] GC(1916) ParOldGen: 92808K(175104K)->92808K(175104K)
[734.475s][info][gc,metaspace   ] GC(1916) Metaspace: 35460K(36160K)->35460K(36160K) NonClass: 29188K(29696K)->29188K(29696K) Class: 6272K(6464K)->6272K(6464K)
[734.475s][info][gc             ] GC(1916) Pause Young (Allocation Failure) 383M->90M(479M) 0.984ms
[734.475s][info][gc,cpu         ] GC(1916) User=0.00s Sys=0.00s Real=0.00s
[734.720s][info][gc,start       ] GC(1917) Pause Young (Allocation Failure)
[734.721s][info][gc,heap        ] GC(1917) PSYoungGen: 299584K(315392K)->64K(315392K) Eden: 299520K(299520K)->0K(303104K) From: 64K(15872K)->64K(12288K)
[734.721s][info][gc,heap        ] GC(1917) ParOldGen: 92808K(175104K)->92824K(175104K)
[734.721s][info][gc,metaspace   ] GC(1917) Metaspace: 35460K(36160K)->35460K(36160K) NonClass: 29188K(29696K)->29188K(29696K) Class: 6272K(6464K)->6272K(6464K)
[734.721s][info][gc             ] GC(1917) Pause Young (Allocation Failure) 383M->90M(479M) 1.421ms
[734.721s][info][gc,cpu         ] GC(1917) User=0.00s Sys=0.01s Real=0.01s
[734.854s][info][gc,start       ] GC(1918) Pause Young (Allocation Failure)
[734.856s][info][gc,heap        ] GC(1918) PSYoungGen: 303168K(315392K)->64K(316928K) Eden: 303104K(303104K)->0K(303104K) From: 64K(12288K)->64K(13824K)
[734.856s][info][gc,heap        ] GC(1918) ParOldGen: 92824K(175104K)->92840K(175104K)
[734.856s][info][gc,metaspace   ] GC(1918) Metaspace: 35460K(36160K)->35460K(36160K) NonClass: 29188K(29696K)->29188K(29696K) Class: 6272K(6464K)->6272K(6464K)
[734.856s][info][gc             ] GC(1918) Pause Young (Allocation Failure) 386M->90M(480M) 2.119ms
[734.856s][info][gc,cpu         ] GC(1918) User=0.00s Sys=0.00s Real=0.00s
[734.975s][info][gc,start       ] GC(1919) Pause Young (Allocation Failure)
[734.977s][info][gc,heap        ] GC(1919) PSYoungGen: 303168K(316928K)->64K(317440K) Eden: 303104K(303104K)->0K(306688K) From: 64K(13824K)->64K(10752K)
[734.977s][info][gc,heap        ] GC(1919) ParOldGen: 92840K(175104K)->92856K(175104K)
[734.977s][info][gc,metaspace   ] GC(1919) Metaspace: 35460K(36160K)->35460K(36160K) NonClass: 29188K(29696K)->29188K(29696K) Class: 6272K(6464K)->6272K(6464K)
[734.977s][info][gc             ] GC(1919) Pause Young (Allocation Failure) 386M->90M(481M) 1.418ms
[734.977s][info][gc,cpu         ] GC(1919) User=0.00s Sys=0.00s Real=0.00s
[735.294s][info][gc,start       ] GC(1920) Pause Young (Allocation Failure)
[735.296s][info][gc,heap        ] GC(1920) PSYoungGen: 306752K(317440K)->64K(318976K) Eden: 306688K(306688K)->0K(306688K) From: 64K(10752K)->64K(12288K)
[735.296s][info][gc,heap        ] GC(1920) ParOldGen: 92856K(175104K)->92864K(175104K)
[735.296s][info][gc,metaspace   ] GC(1920) Metaspace: 35460K(36160K)->35460K(36160K) NonClass: 29188K(29696K)->29188K(29696K) Class: 6272K(6464K)->6272K(6464K)
[735.296s][info][gc             ] GC(1920) Pause Young (Allocation Failure) 390M->90M(482M) 1.998ms
[735.296s][info][gc,cpu         ] GC(1920) User=0.00s Sys=0.00s Real=0.00s
[736.461s][info][gc,start       ] GC(1921) Pause Young (Allocation Failure)
[736.462s][info][gc,heap        ] GC(1921) PSYoungGen: 306752K(318976K)->83K(294912K) Eden: 306688K(306688K)->0K(294400K) From: 64K(12288K)->83K(512K)
[736.462s][info][gc,heap        ] GC(1921) ParOldGen: 92864K(175104K)->92872K(175104K)
[736.462s][info][gc,metaspace   ] GC(1921) Metaspace: 35460K(36160K)->35460K(36160K) NonClass: 29188K(29696K)->29188K(29696K) Class: 6272K(6464K)->6272K(6464K)
[736.462s][info][gc             ] GC(1921) Pause Young (Allocation Failure) 390M->90M(459M) 1.068ms
[736.462s][info][gc,cpu         ] GC(1921) User=0.00s Sys=0.00s Real=0.00s
[737.837s][info][gc,start       ] GC(1922) Pause Young (Allocation Failure)
[737.838s][info][gc,heap        ] GC(1922) PSYoungGen: 294483K(294912K)->64K(293376K) Eden: 294400K(294400K)->0K(282624K) From: 83K(512K)->64K(10752K)
[737.838s][info][gc,heap        ] GC(1922) ParOldGen: 92872K(175104K)->92880K(175104K)
[737.838s][info][gc,metaspace   ] GC(1922) Metaspace: 35460K(36160K)->35460K(36160K) NonClass: 29188K(29696K)->29188K(29696K) Class: 6272K(6464K)->6272K(6464K)
[737.838s][info][gc             ] GC(1922) Pause Young (Allocation Failure) 378M->90M(457M) 0.964ms
[737.838s][info][gc,cpu         ] GC(1922) User=0.00s Sys=0.00s Real=0.00s
[738.327s][info][gc,start       ] GC(1923) Pause Young (Allocation Failure)
[738.328s][info][gc,heap        ] GC(1923) PSYoungGen: 282688K(293376K)->64K(271872K) Eden: 282624K(282624K)->0K(271360K) From: 64K(10752K)->64K(512K)
[738.328s][info][gc,heap        ] GC(1923) ParOldGen: 92880K(175104K)->92896K(175104K)
[738.328s][info][gc,metaspace   ] GC(1923) Metaspace: 35460K(36160K)->35460K(36160K) NonClass: 29188K(29696K)->29188K(29696K) Class: 6272K(6464K)->6272K(6464K)
[738.328s][info][gc             ] GC(1923) Pause Young (Allocation Failure) 366M->90M(436M) 1.735ms
[738.329s][info][gc,cpu         ] GC(1923) User=0.00s Sys=0.00s Real=0.00s
[738.902s][info][gc,start       ] GC(1924) Pause Young (Allocation Failure)
[738.903s][info][gc,heap        ] GC(1924) PSYoungGen: 271424K(271872K)->64K(270848K) Eden: 271360K(271360K)->0K(261120K) From: 64K(512K)->64K(9728K)
[738.903s][info][gc,heap        ] GC(1924) ParOldGen: 92896K(175104K)->92904K(175104K)
[738.903s][info][gc,metaspace   ] GC(1924) Metaspace: 35460K(36160K)->35460K(36160K) NonClass: 29188K(29696K)->29188K(29696K) Class: 6272K(6464K)->6272K(6464K)
[738.903s][info][gc             ] GC(1924) Pause Young (Allocation Failure) 355M->90M(435M) 1.204ms
[738.903s][info][gc,cpu         ] GC(1924) User=0.00s Sys=0.00s Real=0.00s
[740.071s][info][gc,start       ] GC(1925) Pause Young (Allocation Failure)
[740.073s][info][gc,heap        ] GC(1925) PSYoungGen: 261184K(270848K)->64K(251392K) Eden: 261120K(261120K)->0K(250880K) From: 64K(9728K)->64K(512K)
[740.073s][info][gc,heap        ] GC(1925) ParOldGen: 92904K(175104K)->92912K(175104K)
[740.073s][info][gc,metaspace   ] GC(1925) Metaspace: 35460K(36160K)->35460K(36160K) NonClass: 29188K(29696K)->29188K(29696K) Class: 6272K(6464K)->6272K(6464K)
[740.073s][info][gc             ] GC(1925) Pause Young (Allocation Failure) 345M->90M(416M) 2.169ms
[740.073s][info][gc,cpu         ] GC(1925) User=0.00s Sys=0.00s Real=0.00s
[740.505s][info][gc,start       ] GC(1926) Pause Young (Allocation Failure)
[740.506s][info][gc,heap        ] GC(1926) PSYoungGen: 250944K(251392K)->32K(249344K) Eden: 250880K(250880K)->0K(241152K) From: 64K(512K)->32K(8192K)
[740.506s][info][gc,heap        ] GC(1926) ParOldGen: 92912K(175104K)->92920K(175104K)
[740.506s][info][gc,metaspace   ] GC(1926) Metaspace: 35460K(36160K)->35460K(36160K) NonClass: 29188K(29696K)->29188K(29696K) Class: 6272K(6464K)->6272K(6464K)
[740.506s][info][gc             ] GC(1926) Pause Young (Allocation Failure) 335M->90M(414M) 1.610ms
[740.506s][info][gc,cpu         ] GC(1926) User=0.00s Sys=0.00s Real=0.00s
[740.598s][info][gc,start       ] GC(1927) Pause Young (Allocation Failure)
[740.601s][info][gc,heap        ] GC(1927) PSYoungGen: 241184K(249344K)->64K(232448K) Eden: 241152K(241152K)->0K(231936K) From: 32K(8192K)->64K(512K)
[740.601s][info][gc,heap        ] GC(1927) ParOldGen: 92920K(175104K)->92928K(175104K)
[740.601s][info][gc,metaspace   ] GC(1927) Metaspace: 35460K(36160K)->35460K(36160K) NonClass: 29188K(29696K)->29188K(29696K) Class: 6272K(6464K)->6272K(6464K)
[740.601s][info][gc             ] GC(1927) Pause Young (Allocation Failure) 326M->90M(398M) 2.843ms
[740.601s][info][gc,cpu         ] GC(1927) User=0.00s Sys=0.00s Real=0.01s
[741.073s][info][gc,start       ] GC(1928) Pause Young (Allocation Failure)
[741.074s][info][gc,heap        ] GC(1928) PSYoungGen: 232000K(232448K)->64K(230400K) Eden: 231936K(231936K)->0K(223232K) From: 64K(512K)->64K(7168K)
[741.074s][info][gc,heap        ] GC(1928) ParOldGen: 92928K(175104K)->92936K(175104K)
[741.074s][info][gc,metaspace   ] GC(1928) Metaspace: 35460K(36160K)->35460K(36160K) NonClass: 29188K(29696K)->29188K(29696K) Class: 6272K(6464K)->6272K(6464K)
[741.074s][info][gc             ] GC(1928) Pause Young (Allocation Failure) 317M->90M(396M) 1.650ms
[741.074s][info][gc,cpu         ] GC(1928) User=0.00s Sys=0.00s Real=0.00s
[741.507s][info][gc,start       ] GC(1929) Pause Young (Allocation Failure)
[741.509s][info][gc,heap        ] GC(1929) PSYoungGen: 223296K(230400K)->32K(215552K) Eden: 223232K(223232K)->0K(215040K) From: 64K(7168K)->32K(512K)
[741.509s][info][gc,heap        ] GC(1929) ParOldGen: 92936K(175104K)->92944K(175104K)
[741.509s][info][gc,metaspace   ] GC(1929) Metaspace: 35460K(36160K)->35460K(36160K) NonClass: 29188K(29696K)->29188K(29696K) Class: 6272K(6464K)->6272K(6464K)
[741.509s][info][gc             ] GC(1929) Pause Young (Allocation Failure) 308M->90M(381M) 2.913ms
[741.509s][info][gc,cpu         ] GC(1929) User=0.00s Sys=0.00s Real=0.00s
[742.064s][info][gc,start       ] GC(1930) Pause Young (Allocation Failure)
[742.075s][info][gc,heap        ] GC(1930) PSYoungGen: 215072K(215552K)->3808K(211456K) Eden: 215040K(215040K)->0K(207360K) From: 32K(512K)->3808K(4096K)
[742.075s][info][gc,heap        ] GC(1930) ParOldGen: 92944K(175104K)->92952K(175104K)
[742.075s][info][gc,metaspace   ] GC(1930) Metaspace: 35460K(36160K)->35460K(36160K) NonClass: 29188K(29696K)->29188K(29696K) Class: 6272K(6464K)->6272K(6464K)
[742.075s][info][gc             ] GC(1930) Pause Young (Allocation Failure) 300M->94M(377M) 11.398ms
[742.075s][info][gc,cpu         ] GC(1930) User=0.02s Sys=0.00s Real=0.01s
[742.352s][info][gc,start       ] GC(1931) Pause Young (Allocation Failure)
[742.391s][info][gc,heap        ] GC(1931) PSYoungGen: 211168K(211456K)->6656K(254464K) Eden: 207360K(207360K)->0K(247808K) From: 3808K(4096K)->6656K(6656K)
[742.391s][info][gc,heap        ] GC(1931) ParOldGen: 92952K(175104K)->108304K(175104K)
[742.391s][info][gc,metaspace   ] GC(1931) Metaspace: 35460K(36160K)->35460K(36160K) NonClass: 29188K(29696K)->29188K(29696K) Class: 6272K(6464K)->6272K(6464K)
[742.391s][info][gc             ] GC(1931) Pause Young (Allocation Failure) 296M->112M(419M) 38.916ms
[742.391s][info][gc,cpu         ] GC(1931) User=0.08s Sys=0.01s Real=0.04s
[742.822s][info][gc,start       ] GC(1932) Pause Young (Allocation Failure)
[742.880s][info][gc,heap        ] GC(1932) PSYoungGen: 254464K(254464K)->14336K(276992K) Eden: 247808K(247808K)->0K(262656K) From: 6656K(6656K)->14336K(14336K)
[742.880s][info][gc,heap        ] GC(1932) ParOldGen: 108304K(175104K)->120832K(175104K)
[742.880s][info][gc,metaspace   ] GC(1932) Metaspace: 35460K(36160K)->35460K(36160K) NonClass: 29188K(29696K)->29188K(29696K) Class: 6272K(6464K)->6272K(6464K)
[742.880s][info][gc             ] GC(1932) Pause Young (Allocation Failure) 354M->132M(441M) 58.582ms
[742.880s][info][gc,cpu         ] GC(1932) User=0.11s Sys=0.00s Real=0.05s
[743.184s][info][gc,start       ] GC(1933) Pause Young (Allocation Failure)
[743.241s][info][gc,heap        ] GC(1933) PSYoungGen: 276992K(276992K)->16896K(306688K) Eden: 262656K(262656K)->0K(284672K) From: 14336K(14336K)->16896K(22016K)
[743.241s][info][gc,heap        ] GC(1933) ParOldGen: 120832K(175104K)->121288K(175104K)
[743.241s][info][gc,metaspace   ] GC(1933) Metaspace: 35460K(36160K)->35460K(36160K) NonClass: 29188K(29696K)->29188K(29696K) Class: 6272K(6464K)->6272K(6464K)
[743.241s][info][gc             ] GC(1933) Pause Young (Allocation Failure) 388M->134M(470M) 56.430ms
[743.241s][info][gc,cpu         ] GC(1933) User=0.09s Sys=0.02s Real=0.06s
[743.586s][info][gc,start       ] GC(1934) Pause Young (Allocation Failure)
[743.587s][info][gc,heap        ] GC(1934) PSYoungGen: 301568K(306688K)->64K(309248K) Eden: 284672K(284672K)->0K(284672K) From: 16896K(22016K)->64K(24576K)
[743.587s][info][gc,heap        ] GC(1934) ParOldGen: 121288K(175104K)->121296K(175104K)
[743.587s][info][gc,metaspace   ] GC(1934) Metaspace: 35460K(36160K)->35460K(36160K) NonClass: 29188K(29696K)->29188K(29696K) Class: 6272K(6464K)->6272K(6464K)
[743.587s][info][gc             ] GC(1934) Pause Young (Allocation Failure) 412M->118M(473M) 1.249ms
[743.587s][info][gc,cpu         ] GC(1934) User=0.01s Sys=0.00s Real=0.00s
[744.406s][info][gc,start       ] GC(1935) Pause Young (Allocation Failure)
[744.408s][info][gc,heap        ] GC(1935) PSYoungGen: 284736K(309248K)->64K(307200K) Eden: 284672K(284672K)->0K(285696K) From: 64K(24576K)->64K(21504K)
[744.408s][info][gc,heap        ] GC(1935) ParOldGen: 121296K(175104K)->121304K(175104K)
[744.408s][info][gc,metaspace   ] GC(1935) Metaspace: 35460K(36160K)->35460K(36160K) NonClass: 29188K(29696K)->29188K(29696K) Class: 6272K(6464K)->6272K(6464K)
[744.408s][info][gc             ] GC(1935) Pause Young (Allocation Failure) 396M->118M(471M) 1.256ms
[744.408s][info][gc,cpu         ] GC(1935) User=0.00s Sys=0.00s Real=0.00s
[744.736s][info][gc,start       ] GC(1936) Pause Young (Allocation Failure)
[744.737s][info][gc,heap        ] GC(1936) PSYoungGen: 285760K(307200K)->32K(308736K) Eden: 285696K(285696K)->0K(285696K) From: 64K(21504K)->32K(23040K)
[744.737s][info][gc,heap        ] GC(1936) ParOldGen: 121304K(175104K)->121312K(175104K)
[744.737s][info][gc,metaspace   ] GC(1936) Metaspace: 35460K(36160K)->35460K(36160K) NonClass: 29188K(29696K)->29188K(29696K) Class: 6272K(6464K)->6272K(6464K)
[744.737s][info][gc             ] GC(1936) Pause Young (Allocation Failure) 397M->118M(472M) 1.241ms
[744.737s][info][gc,cpu         ] GC(1936) User=0.00s Sys=0.00s Real=0.00s
[745.214s][info][gc,start       ] GC(1937) Pause Young (Allocation Failure)
[745.215s][info][gc,heap        ] GC(1937) PSYoungGen: 285728K(308736K)->64K(309248K) Eden: 285696K(285696K)->0K(288768K) From: 32K(23040K)->64K(20480K)
[745.215s][info][gc,heap        ] GC(1937) ParOldGen: 121312K(175104K)->121320K(175104K)
[745.216s][info][gc,metaspace   ] GC(1937) Metaspace: 35460K(36160K)->35460K(36160K) NonClass: 29188K(29696K)->29188K(29696K) Class: 6272K(6464K)->6272K(6464K)
[745.216s][info][gc             ] GC(1937) Pause Young (Allocation Failure) 397M->118M(473M) 1.279ms
[745.216s][info][gc,cpu         ] GC(1937) User=0.00s Sys=0.00s Real=0.00s
[745.469s][info][gc,start       ] GC(1938) Pause Young (Allocation Failure)
[745.470s][info][gc,heap        ] GC(1938) PSYoungGen: 288832K(309248K)->32K(310272K) Eden: 288768K(288768K)->0K(288768K) From: 64K(20480K)->32K(21504K)
[745.470s][info][gc,heap        ] GC(1938) ParOldGen: 121320K(175104K)->121336K(175104K)
[745.470s][info][gc,metaspace   ] GC(1938) Metaspace: 35460K(36160K)->35460K(36160K) NonClass: 29188K(29696K)->29188K(29696K) Class: 6272K(6464K)->6272K(6464K)
[745.470s][info][gc             ] GC(1938) Pause Young (Allocation Failure) 400M->118M(474M) 1.176ms
[745.470s][info][gc,cpu         ] GC(1938) User=0.01s Sys=0.00s Real=0.00s
[745.870s][info][gc,start       ] GC(1939) Pause Young (Allocation Failure)
[745.871s][info][gc,heap        ] GC(1939) PSYoungGen: 288800K(310272K)->64K(310272K) Eden: 288768K(288768K)->0K(291840K) From: 32K(21504K)->64K(18432K)
[745.871s][info][gc,heap        ] GC(1939) ParOldGen: 121336K(175104K)->121336K(175104K)
[745.871s][info][gc,metaspace   ] GC(1939) Metaspace: 35460K(36160K)->35460K(36160K) NonClass: 29188K(29696K)->29188K(29696K) Class: 6272K(6464K)->6272K(6464K)
[745.871s][info][gc             ] GC(1939) Pause Young (Allocation Failure) 400M->118M(474M) 1.079ms
[745.871s][info][gc,cpu         ] GC(1939) User=0.00s Sys=0.00s Real=0.01s
[746.061s][info][gc,start       ] GC(1940) Pause Young (Allocation Failure)
[746.062s][info][gc,heap        ] GC(1940) PSYoungGen: 291904K(310272K)->64K(311296K) Eden: 291840K(291840K)->0K(291840K) From: 64K(18432K)->64K(19456K)
[746.062s][info][gc,heap        ] GC(1940) ParOldGen: 121336K(175104K)->121344K(175104K)
[746.062s][info][gc,metaspace   ] GC(1940) Metaspace: 35460K(36160K)->35460K(36160K) NonClass: 29188K(29696K)->29188K(29696K) Class: 6272K(6464K)->6272K(6464K)
[746.062s][info][gc             ] GC(1940) Pause Young (Allocation Failure) 403M->118M(475M) 1.227ms
[746.062s][info][gc,cpu         ] GC(1940) User=0.00s Sys=0.00s Real=0.00s
[746.120s][info][gc,start       ] GC(1941) Pause Young (Allocation Failure)
[746.121s][info][gc,heap        ] GC(1941) PSYoungGen: 291904K(311296K)->64K(312320K) Eden: 291840K(291840K)->0K(295936K) From: 64K(19456K)->64K(16384K)
[746.121s][info][gc,heap        ] GC(1941) ParOldGen: 121344K(175104K)->121360K(175104K)
[746.121s][info][gc,metaspace   ] GC(1941) Metaspace: 35460K(36160K)->35460K(36160K) NonClass: 29188K(29696K)->29188K(29696K) Class: 6272K(6464K)->6272K(6464K)
[746.121s][info][gc             ] GC(1941) Pause Young (Allocation Failure) 403M->118M(476M) 1.209ms
[746.121s][info][gc,cpu         ] GC(1941) User=0.00s Sys=0.00s Real=0.01s
[746.233s][info][gc,start       ] GC(1942) Pause Young (Allocation Failure)
[746.234s][info][gc,heap        ] GC(1942) PSYoungGen: 296000K(312320K)->64K(313344K) Eden: 295936K(295936K)->0K(295936K) From: 64K(16384K)->64K(17408K)
[746.234s][info][gc,heap        ] GC(1942) ParOldGen: 121360K(175104K)->121360K(175104K)
[746.234s][info][gc,metaspace   ] GC(1942) Metaspace: 35460K(36160K)->35460K(36160K) NonClass: 29188K(29696K)->29188K(29696K) Class: 6272K(6464K)->6272K(6464K)
[746.234s][info][gc             ] GC(1942) Pause Young (Allocation Failure) 407M->118M(477M) 1.142ms
[746.234s][info][gc,cpu         ] GC(1942) User=0.00s Sys=0.00s Real=0.00s
[746.489s][info][gc,start       ] GC(1943) Pause Young (Allocation Failure)
[746.490s][info][gc,heap        ] GC(1943) PSYoungGen: 296000K(313344K)->64K(314368K) Eden: 295936K(295936K)->0K(300032K) From: 64K(17408K)->64K(14336K)
[746.490s][info][gc,heap        ] GC(1943) ParOldGen: 121360K(175104K)->121376K(175104K)
[746.490s][info][gc,metaspace   ] GC(1943) Metaspace: 35460K(36160K)->35460K(36160K) NonClass: 29188K(29696K)->29188K(29696K) Class: 6272K(6464K)->6272K(6464K)
[746.490s][info][gc             ] GC(1943) Pause Young (Allocation Failure) 407M->118M(478M) 1.154ms
[746.490s][info][gc,cpu         ] GC(1943) User=0.00s Sys=0.00s Real=0.00s
[746.704s][info][gc,start       ] GC(1944) Pause Young (Allocation Failure)
[746.707s][info][gc,heap        ] GC(1944) PSYoungGen: 300096K(314368K)->64K(288768K) Eden: 300032K(300032K)->0K(288256K) From: 64K(14336K)->64K(512K)
[746.707s][info][gc,heap        ] GC(1944) ParOldGen: 121376K(175104K)->121376K(175104K)
[746.707s][info][gc,metaspace   ] GC(1944) Metaspace: 35460K(36160K)->35460K(36160K) NonClass: 29188K(29696K)->29188K(29696K) Class: 6272K(6464K)->6272K(6464K)
[746.707s][info][gc             ] GC(1944) Pause Young (Allocation Failure) 411M->118M(453M) 2.524ms
[746.707s][info][gc,cpu         ] GC(1944) User=0.00s Sys=0.00s Real=0.00s
[746.792s][info][gc,start       ] GC(1945) Pause Young (Allocation Failure)
[746.793s][info][gc,heap        ] GC(1945) PSYoungGen: 288320K(288768K)->64K(304128K) Eden: 288256K(288256K)->0K(289280K) From: 64K(512K)->64K(14848K)
[746.793s][info][gc,heap        ] GC(1945) ParOldGen: 121376K(175104K)->121392K(175104K)
[746.793s][info][gc,metaspace   ] GC(1945) Metaspace: 35460K(36160K)->35460K(36160K) NonClass: 29188K(29696K)->29188K(29696K) Class: 6272K(6464K)->6272K(6464K)
[746.793s][info][gc             ] GC(1945) Pause Young (Allocation Failure) 400M->118M(468M) 1.235ms
[746.793s][info][gc,cpu         ] GC(1945) User=0.00s Sys=0.00s Real=0.00s
[746.937s][info][gc,start       ] GC(1946) Pause Young (Allocation Failure)
[746.938s][info][gc,heap        ] GC(1946) PSYoungGen: 289344K(304128K)->64K(278528K) Eden: 289280K(289280K)->0K(278016K) From: 64K(14848K)->64K(512K)
[746.939s][info][gc,heap        ] GC(1946) ParOldGen: 121392K(175104K)->121392K(175104K)
[746.939s][info][gc,metaspace   ] GC(1946) Metaspace: 35460K(36160K)->35460K(36160K) NonClass: 29188K(29696K)->29188K(29696K) Class: 6272K(6464K)->6272K(6464K)
[746.939s][info][gc             ] GC(1946) Pause Young (Allocation Failure) 401M->118M(443M) 1.613ms
[746.939s][info][gc,cpu         ] GC(1946) User=0.01s Sys=0.00s Real=0.00s
[747.356s][info][gc,start       ] GC(1947) Pause Young (Allocation Failure)
[747.357s][info][gc,heap        ] GC(1947) PSYoungGen: 278080K(278528K)->64K(268288K) Eden: 278016K(278016K)->0K(267264K) From: 64K(512K)->64K(1024K)
[747.357s][info][gc,heap        ] GC(1947) ParOldGen: 121392K(175104K)->121400K(175104K)
[747.357s][info][gc,metaspace   ] GC(1947) Metaspace: 35460K(36160K)->35460K(36160K) NonClass: 29188K(29696K)->29188K(29696K) Class: 6272K(6464K)->6272K(6464K)
[747.357s][info][gc             ] GC(1947) Pause Young (Allocation Failure) 390M->118M(433M) 1.665ms
[747.357s][info][gc,cpu         ] GC(1947) User=0.00s Sys=0.00s Real=0.00s
[748.303s][info][gc,start       ] GC(1948) Pause Young (Allocation Failure)
[748.304s][info][gc,heap        ] GC(1948) PSYoungGen: 267328K(268288K)->64K(269312K) Eden: 267264K(267264K)->0K(257024K) From: 64K(1024K)->64K(12288K)
[748.304s][info][gc,heap        ] GC(1948) ParOldGen: 121400K(175104K)->121408K(175104K)
[748.304s][info][gc,metaspace   ] GC(1948) Metaspace: 35460K(36160K)->35460K(36160K) NonClass: 29188K(29696K)->29188K(29696K) Class: 6272K(6464K)->6272K(6464K)
[748.304s][info][gc             ] GC(1948) Pause Young (Allocation Failure) 379M->118M(434M) 0.968ms
[748.304s][info][gc,cpu         ] GC(1948) User=0.00s Sys=0.00s Real=0.00s
[749.370s][info][gc,start       ] GC(1949) Pause Young (Allocation Failure)
[749.374s][info][gc,heap        ] GC(1949) PSYoungGen: 257088K(269312K)->64K(247808K) Eden: 257024K(257024K)->0K(247296K) From: 64K(12288K)->64K(512K)
[749.374s][info][gc,heap        ] GC(1949) ParOldGen: 121408K(175104K)->121416K(175104K)
[749.374s][info][gc,metaspace   ] GC(1949) Metaspace: 35460K(36160K)->35460K(36160K) NonClass: 29188K(29696K)->29188K(29696K) Class: 6272K(6464K)->6272K(6464K)
[749.374s][info][gc             ] GC(1949) Pause Young (Allocation Failure) 369M->118M(413M) 4.276ms
[749.374s][info][gc,cpu         ] GC(1949) User=0.00s Sys=0.00s Real=0.01s
[749.750s][info][gc,start       ] GC(1950) Pause Young (Allocation Failure)
[749.752s][info][gc,heap        ] GC(1950) PSYoungGen: 247360K(247808K)->64K(248832K) Eden: 247296K(247296K)->0K(238080K) From: 64K(512K)->64K(10752K)
[749.752s][info][gc,heap        ] GC(1950) ParOldGen: 121416K(175104K)->121432K(175104K)
[749.752s][info][gc,metaspace   ] GC(1950) Metaspace: 35460K(36160K)->35460K(36160K) NonClass: 29188K(29696K)->29188K(29696K) Class: 6272K(6464K)->6272K(6464K)
[749.752s][info][gc             ] GC(1950) Pause Young (Allocation Failure) 360M->118M(414M) 1.595ms
[749.752s][info][gc,cpu         ] GC(1950) User=0.00s Sys=0.00s Real=0.01s
[750.262s][info][gc,start       ] GC(1951) Pause Young (Allocation Failure)
[750.265s][info][gc,heap        ] GC(1951) PSYoungGen: 238144K(248832K)->32K(229888K) Eden: 238080K(238080K)->0K(229376K) From: 64K(10752K)->32K(512K)
[750.265s][info][gc,heap        ] GC(1951) ParOldGen: 121432K(175104K)->121440K(175104K)
[750.266s][info][gc,metaspace   ] GC(1951) Metaspace: 35460K(36160K)->35460K(36160K) NonClass: 29188K(29696K)->29188K(29696K) Class: 6272K(6464K)->6272K(6464K)
[750.266s][info][gc             ] GC(1951) Pause Young (Allocation Failure) 351M->118M(395M) 3.747ms
[750.266s][info][gc,cpu         ] GC(1951) User=0.01s Sys=0.01s Real=0.00s
[751.559s][info][gc,start       ] GC(1952) Pause Young (Allocation Failure)
[751.561s][info][gc,heap        ] GC(1952) PSYoungGen: 229408K(229888K)->64K(229888K) Eden: 229376K(229376K)->0K(220672K) From: 32K(512K)->64K(9216K)
[751.561s][info][gc,heap        ] GC(1952) ParOldGen: 121440K(175104K)->121448K(175104K)
[751.561s][info][gc,metaspace   ] GC(1952) Metaspace: 35460K(36160K)->35460K(36160K) NonClass: 29188K(29696K)->29188K(29696K) Class: 6272K(6464K)->6272K(6464K)
[751.561s][info][gc             ] GC(1952) Pause Young (Allocation Failure) 342M->118M(395M) 1.880ms
[751.561s][info][gc,cpu         ] GC(1952) User=0.00s Sys=0.00s Real=0.01s
[751.987s][info][gc,start       ] GC(1953) Pause Young (Allocation Failure)
[751.991s][info][gc,heap        ] GC(1953) PSYoungGen: 220736K(229888K)->64K(212992K) Eden: 220672K(220672K)->0K(212480K) From: 64K(9216K)->64K(512K)
[751.991s][info][gc,heap        ] GC(1953) ParOldGen: 121448K(175104K)->121456K(175104K)
[751.991s][info][gc,metaspace   ] GC(1953) Metaspace: 35460K(36160K)->35460K(36160K) NonClass: 29188K(29696K)->29188K(29696K) Class: 6272K(6464K)->6272K(6464K)
[751.991s][info][gc             ] GC(1953) Pause Young (Allocation Failure) 334M->118M(379M) 3.763ms
[751.991s][info][gc,cpu         ] GC(1953) User=0.01s Sys=0.00s Real=0.01s
[752.186s][info][gc,start       ] GC(1954) Pause Young (Allocation Failure)
[752.188s][info][gc,heap        ] GC(1954) PSYoungGen: 212544K(212992K)->64K(212992K) Eden: 212480K(212480K)->0K(204800K) From: 64K(512K)->64K(8192K)
[752.188s][info][gc,heap        ] GC(1954) ParOldGen: 121456K(175104K)->121464K(175104K)
[752.188s][info][gc,metaspace   ] GC(1954) Metaspace: 35460K(36160K)->35460K(36160K) NonClass: 29188K(29696K)->29188K(29696K) Class: 6272K(6464K)->6272K(6464K)
[752.188s][info][gc             ] GC(1954) Pause Young (Allocation Failure) 326M->118M(379M) 2.220ms
[752.188s][info][gc,cpu         ] GC(1954) User=0.00s Sys=0.00s Real=0.00s
[752.296s][info][gc,start       ] GC(1955) Pause Young (Allocation Failure)
[752.299s][info][gc,heap        ] GC(1955) PSYoungGen: 204864K(212992K)->64K(198144K) Eden: 204800K(204800K)->0K(197632K) From: 64K(8192K)->64K(512K)
[752.299s][info][gc,heap        ] GC(1955) ParOldGen: 121464K(175104K)->121472K(175104K)
[752.299s][info][gc,metaspace   ] GC(1955) Metaspace: 35460K(36160K)->35460K(36160K) NonClass: 29188K(29696K)->29188K(29696K) Class: 6272K(6464K)->6272K(6464K)
[752.299s][info][gc             ] GC(1955) Pause Young (Allocation Failure) 318M->118M(364M) 3.072ms
[752.299s][info][gc,cpu         ] GC(1955) User=0.00s Sys=0.00s Real=0.00s
[752.763s][info][gc,start       ] GC(1956) Pause Young (Allocation Failure)
[752.764s][info][gc,heap        ] GC(1956) PSYoungGen: 197696K(198144K)->64K(197632K) Eden: 197632K(197632K)->0K(190464K) From: 64K(512K)->64K(7168K)
[752.764s][info][gc,heap        ] GC(1956) ParOldGen: 121472K(175104K)->121488K(175104K)
[752.764s][info][gc,metaspace   ] GC(1956) Metaspace: 35460K(36160K)->35460K(36160K) NonClass: 29188K(29696K)->29188K(29696K) Class: 6272K(6464K)->6272K(6464K)
[752.764s][info][gc             ] GC(1956) Pause Young (Allocation Failure) 311M->118M(364M) 1.250ms
[752.764s][info][gc,cpu         ] GC(1956) User=0.00s Sys=0.00s Real=0.00s
[753.107s][info][gc,start       ] GC(1957) Pause Young (Allocation Failure)
[753.109s][info][gc,heap        ] GC(1957) PSYoungGen: 190528K(197632K)->64K(184320K) Eden: 190464K(190464K)->0K(183808K) From: 64K(7168K)->64K(512K)
[753.109s][info][gc,heap        ] GC(1957) ParOldGen: 121488K(175104K)->121496K(175104K)
[753.109s][info][gc,metaspace   ] GC(1957) Metaspace: 35460K(36160K)->35460K(36160K) NonClass: 29188K(29696K)->29188K(29696K) Class: 6272K(6464K)->6272K(6464K)
[753.109s][info][gc             ] GC(1957) Pause Young (Allocation Failure) 304M->118M(351M) 2.304ms
[753.109s][info][gc,cpu         ] GC(1957) User=0.00s Sys=0.00s Real=0.00s
[753.438s][info][gc,start       ] GC(1958) Pause Young (Allocation Failure)
[753.439s][info][gc,heap        ] GC(1958) PSYoungGen: 183872K(184320K)->64K(183808K) Eden: 183808K(183808K)->0K(177664K) From: 64K(512K)->64K(6144K)
[753.439s][info][gc,heap        ] GC(1958) ParOldGen: 121496K(175104K)->121504K(175104K)
[753.439s][info][gc,metaspace   ] GC(1958) Metaspace: 35460K(36160K)->35460K(36160K) NonClass: 29188K(29696K)->29188K(29696K) Class: 6272K(6464K)->6272K(6464K)
[753.439s][info][gc             ] GC(1958) Pause Young (Allocation Failure) 298M->118M(350M) 1.028ms
[753.439s][info][gc,cpu         ] GC(1958) User=0.00s Sys=0.00s Real=0.00s
[753.728s][info][gc,start       ] GC(1959) Pause Young (Allocation Failure)
[753.761s][info][gc,heap        ] GC(1959) PSYoungGen: 177728K(183808K)->5632K(218112K) Eden: 177664K(177664K)->0K(212480K) From: 64K(6144K)->5632K(5632K)
[753.761s][info][gc,heap        ] GC(1959) ParOldGen: 121504K(175104K)->132040K(175104K)
[753.761s][info][gc,metaspace   ] GC(1959) Metaspace: 35460K(36160K)->35460K(36160K) NonClass: 29188K(29696K)->29188K(29696K) Class: 6272K(6464K)->6272K(6464K)
[753.761s][info][gc             ] GC(1959) Pause Young (Allocation Failure) 292M->134M(384M) 32.565ms
[753.761s][info][gc,cpu         ] GC(1959) User=0.06s Sys=0.00s Real=0.04s
[754.161s][info][gc,start       ] GC(1960) Pause Young (Allocation Failure)
[754.235s][info][gc,heap        ] GC(1960) PSYoungGen: 218112K(218112K)->10752K(239104K) Eden: 212480K(212480K)->0K(228352K) From: 5632K(5632K)->10752K(10752K)
[754.235s][info][gc,heap        ] GC(1960) ParOldGen: 132040K(175104K)->144224K(175104K)
[754.235s][info][gc,metaspace   ] GC(1960) Metaspace: 35460K(36160K)->35460K(36160K) NonClass: 29188K(29696K)->29188K(29696K) Class: 6272K(6464K)->6272K(6464K)
[754.235s][info][gc             ] GC(1960) Pause Young (Allocation Failure) 341M->151M(404M) 73.460ms
[754.235s][info][gc,cpu         ] GC(1960) User=0.14s Sys=0.00s Real=0.07s
[754.540s][info][gc,start       ] GC(1961) Pause Young (Allocation Failure)
[754.614s][info][gc,heap        ] GC(1961) PSYoungGen: 239104K(239104K)->17920K(266240K) Eden: 228352K(228352K)->0K(248320K) From: 10752K(10752K)->17920K(17920K)
[754.615s][info][gc,heap        ] GC(1961) ParOldGen: 144224K(175104K)->150952K(175104K)
[754.615s][info][gc,metaspace   ] GC(1961) Metaspace: 35460K(36160K)->35460K(36160K) NonClass: 29188K(29696K)->29188K(29696K) Class: 6272K(6464K)->6272K(6464K)
[754.615s][info][gc             ] GC(1961) Pause Young (Allocation Failure) 374M->164M(431M) 74.703ms
[754.615s][info][gc,cpu         ] GC(1961) User=0.13s Sys=0.02s Real=0.08s
[754.751s][info][gc,start       ] GC(1962) Pause Young (Allocation Failure)
[754.767s][info][gc,heap        ] GC(1962) PSYoungGen: 266240K(266240K)->6080K(272384K) Eden: 248320K(248320K)->0K(248320K) From: 17920K(17920K)->6080K(24064K)
[754.767s][info][gc,heap        ] GC(1962) ParOldGen: 150952K(175104K)->151192K(175104K)
[754.767s][info][gc,metaspace   ] GC(1962) Metaspace: 35460K(36160K)->35460K(36160K) NonClass: 29188K(29696K)->29188K(29696K) Class: 6272K(6464K)->6272K(6464K)
[754.767s][info][gc             ] GC(1962) Pause Young (Allocation Failure) 407M->153M(437M) 15.805ms
[754.767s][info][gc,cpu         ] GC(1962) User=0.02s Sys=0.01s Real=0.01s
[755.195s][info][gc,start       ] GC(1963) Pause Young (Allocation Failure)
[755.196s][info][gc,heap        ] GC(1963) PSYoungGen: 254400K(272384K)->64K(306688K) Eden: 248320K(248320K)->0K(287744K) From: 6080K(24064K)->64K(18944K)
[755.196s][info][gc,heap        ] GC(1963) ParOldGen: 151192K(175104K)->151200K(175104K)
[755.196s][info][gc,metaspace   ] GC(1963) Metaspace: 35460K(36160K)->35460K(36160K) NonClass: 29188K(29696K)->29188K(29696K) Class: 6272K(6464K)->6272K(6464K)
[755.196s][info][gc             ] GC(1963) Pause Young (Allocation Failure) 396M->147M(470M) 1.211ms
[755.196s][info][gc,cpu         ] GC(1963) User=0.00s Sys=0.00s Real=0.00s
[755.920s][info][gc,start       ] GC(1964) Pause Young (Allocation Failure)
[755.921s][info][gc,heap        ] GC(1964) PSYoungGen: 287808K(306688K)->64K(309248K) Eden: 287744K(287744K)->0K(287744K) From: 64K(18944K)->64K(21504K)
[755.921s][info][gc,heap        ] GC(1964) ParOldGen: 151200K(175104K)->151208K(175104K)
[755.921s][info][gc,metaspace   ] GC(1964) Metaspace: 35460K(36160K)->35460K(36160K) NonClass: 29188K(29696K)->29188K(29696K) Class: 6272K(6464K)->6272K(6464K)
[755.922s][info][gc             ] GC(1964) Pause Young (Allocation Failure) 428M->147M(473M) 1.328ms
[755.922s][info][gc,cpu         ] GC(1964) User=0.00s Sys=0.00s Real=0.01s
[756.456s][info][gc,start       ] GC(1965) Pause Young (Allocation Failure)
[756.457s][info][gc,heap        ] GC(1965) PSYoungGen: 287808K(309248K)->64K(310784K) Eden: 287744K(287744K)->0K(291328K) From: 64K(21504K)->64K(19456K)
[756.457s][info][gc,heap        ] GC(1965) ParOldGen: 151208K(175104K)->151224K(175104K)
[756.457s][info][gc,metaspace   ] GC(1965) Metaspace: 35460K(36160K)->35460K(36160K) NonClass: 29188K(29696K)->29188K(29696K) Class: 6272K(6464K)->6272K(6464K)
[756.457s][info][gc             ] GC(1965) Pause Young (Allocation Failure) 428M->147M(474M) 1.086ms
[756.457s][info][gc,cpu         ] GC(1965) User=0.00s Sys=0.00s Real=0.00s
[756.713s][info][gc,start       ] GC(1966) Pause Young (Allocation Failure)
[756.714s][info][gc,heap        ] GC(1966) PSYoungGen: 291392K(310784K)->64K(311808K) Eden: 291328K(291328K)->0K(291328K) From: 64K(19456K)->64K(20480K)
[756.714s][info][gc,heap        ] GC(1966) ParOldGen: 151224K(175104K)->151240K(175104K)
[756.714s][info][gc,metaspace   ] GC(1966) Metaspace: 35460K(36160K)->35460K(36160K) NonClass: 29188K(29696K)->29188K(29696K) Class: 6272K(6464K)->6272K(6464K)
[756.714s][info][gc             ] GC(1966) Pause Young (Allocation Failure) 432M->147M(475M) 1.058ms
[756.714s][info][gc,cpu         ] GC(1966) User=0.00s Sys=0.00s Real=0.00s
[756.968s][info][gc,start       ] GC(1967) Pause Young (Allocation Failure)
[756.969s][info][gc,heap        ] GC(1967) PSYoungGen: 291392K(311808K)->64K(312320K) Eden: 291328K(291328K)->0K(293888K) From: 64K(20480K)->64K(18432K)
[756.969s][info][gc,heap        ] GC(1967) ParOldGen: 151240K(175104K)->151240K(175104K)
[756.969s][info][gc,metaspace   ] GC(1967) Metaspace: 35460K(36160K)->35460K(36160K) NonClass: 29188K(29696K)->29188K(29696K) Class: 6272K(6464K)->6272K(6464K)
[756.969s][info][gc             ] GC(1967) Pause Young (Allocation Failure) 432M->147M(476M) 1.371ms
[756.969s][info][gc,cpu         ] GC(1967) User=0.00s Sys=0.00s Real=0.00s
[757.391s][info][gc,start       ] GC(1968) Pause Young (Allocation Failure)
[757.392s][info][gc,heap        ] GC(1968) PSYoungGen: 293952K(312320K)->64K(312832K) Eden: 293888K(293888K)->0K(293888K) From: 64K(18432K)->64K(18944K)
[757.392s][info][gc,heap        ] GC(1968) ParOldGen: 151240K(175104K)->151240K(175104K)
[757.392s][info][gc,metaspace   ] GC(1968) Metaspace: 35460K(36160K)->35460K(36160K) NonClass: 29188K(29696K)->29188K(29696K) Class: 6272K(6464K)->6272K(6464K)
[757.392s][info][gc             ] GC(1968) Pause Young (Allocation Failure) 434M->147M(476M) 1.292ms
[757.392s][info][gc,cpu         ] GC(1968) User=0.00s Sys=0.00s Real=0.00s
[757.518s][info][gc,start       ] GC(1969) Pause Young (Allocation Failure)
[757.519s][info][gc,heap        ] GC(1969) PSYoungGen: 293952K(312832K)->64K(313344K) Eden: 293888K(293888K)->0K(296960K) From: 64K(18944K)->64K(16384K)
[757.519s][info][gc,heap        ] GC(1969) ParOldGen: 151240K(175104K)->151248K(175104K)
[757.519s][info][gc,metaspace   ] GC(1969) Metaspace: 35460K(36160K)->35460K(36160K) NonClass: 29188K(29696K)->29188K(29696K) Class: 6272K(6464K)->6272K(6464K)
[757.519s][info][gc             ] GC(1969) Pause Young (Allocation Failure) 434M->147M(477M) 1.252ms
[757.519s][info][gc,cpu         ] GC(1969) User=0.00s Sys=0.00s Real=0.00s
[757.582s][info][gc,start       ] GC(1970) Pause Young (Allocation Failure)
[757.583s][info][gc,heap        ] GC(1970) PSYoungGen: 297024K(313344K)->32K(313856K) Eden: 296960K(296960K)->0K(296960K) From: 64K(16384K)->32K(16896K)
[757.583s][info][gc,heap        ] GC(1970) ParOldGen: 151248K(175104K)->151264K(175104K)
[757.583s][info][gc,metaspace   ] GC(1970) Metaspace: 35460K(36160K)->35460K(36160K) NonClass: 29188K(29696K)->29188K(29696K) Class: 6272K(6464K)->6272K(6464K)
[757.583s][info][gc             ] GC(1970) Pause Young (Allocation Failure) 437M->147M(477M) 1.246ms
[757.583s][info][gc,cpu         ] GC(1970) User=0.00s Sys=0.00s Real=0.00s
[757.759s][info][gc,start       ] GC(1971) Pause Young (Allocation Failure)
[757.761s][info][gc,heap        ] GC(1971) PSYoungGen: 296992K(313856K)->64K(316416K) Eden: 296960K(296960K)->0K(301056K) From: 32K(16896K)->64K(15360K)
[757.761s][info][gc,heap        ] GC(1971) ParOldGen: 151264K(175104K)->151264K(175104K)
[757.761s][info][gc,metaspace   ] GC(1971) Metaspace: 35460K(36160K)->35460K(36160K) NonClass: 29188K(29696K)->29188K(29696K) Class: 6272K(6464K)->6272K(6464K)
[757.761s][info][gc             ] GC(1971) Pause Young (Allocation Failure) 437M->147M(480M) 1.336ms
[757.761s][info][gc,cpu         ] GC(1971) User=0.01s Sys=0.00s Real=0.01s
[758.025s][info][gc,start       ] GC(1972) Pause Young (Allocation Failure)
[758.026s][info][gc,heap        ] GC(1972) PSYoungGen: 301120K(316416K)->64K(316416K) Eden: 301056K(301056K)->0K(301056K) From: 64K(15360K)->64K(15360K)
[758.027s][info][gc,heap        ] GC(1972) ParOldGen: 151264K(175104K)->151272K(175104K)
[758.027s][info][gc,metaspace   ] GC(1972) Metaspace: 35460K(36160K)->35460K(36160K) NonClass: 29188K(29696K)->29188K(29696K) Class: 6272K(6464K)->6272K(6464K)
[758.027s][info][gc             ] GC(1972) Pause Young (Allocation Failure) 441M->147M(480M) 1.152ms
[758.027s][info][gc,cpu         ] GC(1972) User=0.00s Sys=0.00s Real=0.00s
[758.226s][info][gc,start       ] GC(1973) Pause Young (Allocation Failure)
[758.227s][info][gc,heap        ] GC(1973) PSYoungGen: 301120K(316416K)->64K(317440K) Eden: 301056K(301056K)->0K(304128K) From: 64K(15360K)->64K(13312K)
[758.227s][info][gc,heap        ] GC(1973) ParOldGen: 151272K(175104K)->151280K(175104K)
[758.227s][info][gc,metaspace   ] GC(1973) Metaspace: 35460K(36160K)->35460K(36160K) NonClass: 29188K(29696K)->29188K(29696K) Class: 6272K(6464K)->6272K(6464K)
[758.227s][info][gc             ] GC(1973) Pause Young (Allocation Failure) 441M->147M(481M) 1.093ms
[758.227s][info][gc,cpu         ] GC(1973) User=0.00s Sys=0.00s Real=0.00s
[758.359s][info][gc,start       ] GC(1974) Pause Young (Allocation Failure)
[758.360s][info][gc,heap        ] GC(1974) PSYoungGen: 304192K(317440K)->64K(317440K) Eden: 304128K(304128K)->0K(304128K) From: 64K(13312K)->64K(13312K)
[758.360s][info][gc,heap        ] GC(1974) ParOldGen: 151280K(175104K)->151296K(175104K)
[758.360s][info][gc,metaspace   ] GC(1974) Metaspace: 35460K(36160K)->35460K(36160K) NonClass: 29188K(29696K)->29188K(29696K) Class: 6272K(6464K)->6272K(6464K)
[758.360s][info][gc             ] GC(1974) Pause Young (Allocation Failure) 444M->147M(481M) 1.447ms
[758.360s][info][gc,cpu         ] GC(1974) User=0.00s Sys=0.00s Real=0.00s
[758.597s][info][gc,start       ] GC(1975) Pause Young (Allocation Failure)
[758.598s][info][gc,heap        ] GC(1975) PSYoungGen: 304192K(317440K)->64K(292352K) Eden: 304128K(304128K)->0K(291840K) From: 64K(13312K)->64K(512K)
[758.598s][info][gc,heap        ] GC(1975) ParOldGen: 151296K(175104K)->151296K(175104K)
[758.598s][info][gc,metaspace   ] GC(1975) Metaspace: 35460K(36160K)->35460K(36160K) NonClass: 29188K(29696K)->29188K(29696K) Class: 6272K(6464K)->6272K(6464K)
[758.598s][info][gc             ] GC(1975) Pause Young (Allocation Failure) 444M->147M(456M) 1.346ms
[758.598s][info][gc,cpu         ] GC(1975) User=0.01s Sys=0.00s Real=0.00s
[759.903s][info][gc,start       ] GC(1976) Pause Young (Allocation Failure)
[759.906s][info][gc,heap        ] GC(1976) PSYoungGen: 291904K(292352K)->102K(292352K) Eden: 291840K(291840K)->0K(280576K) From: 64K(512K)->102K(11776K)
[759.906s][info][gc,heap        ] GC(1976) ParOldGen: 151296K(175104K)->151312K(175104K)
[759.906s][info][gc,metaspace   ] GC(1976) Metaspace: 35460K(36160K)->35460K(36160K) NonClass: 29188K(29696K)->29188K(29696K) Class: 6272K(6464K)->6272K(6464K)
[759.906s][info][gc             ] GC(1976) Pause Young (Allocation Failure) 432M->147M(456M) 2.829ms
[759.906s][info][gc,cpu         ] GC(1976) User=0.00s Sys=0.00s Real=0.00s
[760.998s][info][gc,start       ] GC(1977) Pause Young (Allocation Failure)
[761.001s][info][gc,heap        ] GC(1977) PSYoungGen: 280678K(292352K)->64K(270336K) Eden: 280576K(280576K)->0K(269824K) From: 102K(11776K)->64K(512K)
[761.001s][info][gc,heap        ] GC(1977) ParOldGen: 151312K(175104K)->151328K(175104K)
[761.001s][info][gc,metaspace   ] GC(1977) Metaspace: 35460K(36160K)->35460K(36160K) NonClass: 29188K(29696K)->29188K(29696K) Class: 6272K(6464K)->6272K(6464K)
[761.001s][info][gc             ] GC(1977) Pause Young (Allocation Failure) 421M->147M(435M) 2.767ms
[761.001s][info][gc,cpu         ] GC(1977) User=0.00s Sys=0.00s Real=0.01s
[761.218s][info][gc,start       ] GC(1978) Pause Young (Allocation Failure)
[761.220s][info][gc,heap        ] GC(1978) PSYoungGen: 269888K(270336K)->64K(270336K) Eden: 269824K(269824K)->0K(259584K) From: 64K(512K)->64K(10752K)
[761.220s][info][gc,heap        ] GC(1978) ParOldGen: 151328K(175104K)->151344K(175104K)
[761.220s][info][gc,metaspace   ] GC(1978) Metaspace: 35460K(36160K)->35460K(36160K) NonClass: 29188K(29696K)->29188K(29696K) Class: 6272K(6464K)->6272K(6464K)
[761.220s][info][gc             ] GC(1978) Pause Young (Allocation Failure) 411M->147M(435M) 2.559ms
[761.220s][info][gc,cpu         ] GC(1978) User=0.00s Sys=0.00s Real=0.00s
[761.776s][info][gc,start       ] GC(1979) Pause Young (Allocation Failure)
[761.779s][info][gc,heap        ] GC(1979) PSYoungGen: 259648K(270336K)->64K(250368K) Eden: 259584K(259584K)->0K(249856K) From: 64K(10752K)->64K(512K)
[761.779s][info][gc,heap        ] GC(1979) ParOldGen: 151344K(175104K)->151360K(175104K)
[761.779s][info][gc,metaspace   ] GC(1979) Metaspace: 35460K(36160K)->35460K(36160K) NonClass: 29188K(29696K)->29188K(29696K) Class: 6272K(6464K)->6272K(6464K)
[761.779s][info][gc             ] GC(1979) Pause Young (Allocation Failure) 401M->147M(415M) 3.100ms
[761.779s][info][gc,cpu         ] GC(1979) User=0.00s Sys=0.00s Real=0.00s
[763.178s][info][gc,start       ] GC(1980) Pause Young (Allocation Failure)
[763.180s][info][gc,heap        ] GC(1980) PSYoungGen: 249920K(250368K)->64K(249856K) Eden: 249856K(249856K)->0K(240640K) From: 64K(512K)->64K(9216K)
[763.180s][info][gc,heap        ] GC(1980) ParOldGen: 151360K(175104K)->151368K(175104K)
[763.180s][info][gc,metaspace   ] GC(1980) Metaspace: 35460K(36160K)->35460K(36160K) NonClass: 29188K(29696K)->29188K(29696K) Class: 6272K(6464K)->6272K(6464K)
[763.180s][info][gc             ] GC(1980) Pause Young (Allocation Failure) 391M->147M(415M) 1.999ms
[763.180s][info][gc,cpu         ] GC(1980) User=0.00s Sys=0.00s Real=0.00s
[763.711s][info][gc,start       ] GC(1981) Pause Young (Allocation Failure)
[763.713s][info][gc,heap        ] GC(1981) PSYoungGen: 240704K(249856K)->64K(231936K) Eden: 240640K(240640K)->0K(231424K) From: 64K(9216K)->64K(512K)
[763.713s][info][gc,heap        ] GC(1981) ParOldGen: 151368K(175104K)->151376K(175104K)
[763.713s][info][gc,metaspace   ] GC(1981) Metaspace: 35460K(36160K)->35460K(36160K) NonClass: 29188K(29696K)->29188K(29696K) Class: 6272K(6464K)->6272K(6464K)
[763.713s][info][gc             ] GC(1981) Pause Young (Allocation Failure) 382M->147M(397M) 2.084ms
[763.713s][info][gc,cpu         ] GC(1981) User=0.00s Sys=0.00s Real=0.00s
[763.931s][info][gc,start       ] GC(1982) Pause Young (Allocation Failure)
[763.932s][info][gc,heap        ] GC(1982) PSYoungGen: 231488K(231936K)->64K(230912K) Eden: 231424K(231424K)->0K(222720K) From: 64K(512K)->64K(8192K)
[763.932s][info][gc,heap        ] GC(1982) ParOldGen: 151376K(175104K)->151384K(175104K)
[763.932s][info][gc,metaspace   ] GC(1982) Metaspace: 35460K(36160K)->35460K(36160K) NonClass: 29188K(29696K)->29188K(29696K) Class: 6272K(6464K)->6272K(6464K)
[763.932s][info][gc             ] GC(1982) Pause Young (Allocation Failure) 373M->147M(396M) 1.105ms
[763.932s][info][gc,cpu         ] GC(1982) User=0.00s Sys=0.00s Real=0.00s
[764.013s][info][gc,start       ] GC(1983) Pause Young (Allocation Failure)
[764.015s][info][gc,heap        ] GC(1983) PSYoungGen: 222784K(230912K)->64K(215040K) Eden: 222720K(222720K)->0K(214528K) From: 64K(8192K)->64K(512K)
[764.015s][info][gc,heap        ] GC(1983) ParOldGen: 151384K(175104K)->151392K(175104K)
[764.015s][info][gc,metaspace   ] GC(1983) Metaspace: 35460K(36160K)->35460K(36160K) NonClass: 29188K(29696K)->29188K(29696K) Class: 6272K(6464K)->6272K(6464K)
[764.015s][info][gc             ] GC(1983) Pause Young (Allocation Failure) 365M->147M(381M) 2.431ms
[764.015s][info][gc,cpu         ] GC(1983) User=0.00s Sys=0.00s Real=0.00s
[764.622s][info][gc,start       ] GC(1984) Pause Young (Allocation Failure)
[764.623s][info][gc,heap        ] GC(1984) PSYoungGen: 214592K(215040K)->64K(214016K) Eden: 214528K(214528K)->0K(206848K) From: 64K(512K)->64K(7168K)
[764.623s][info][gc,heap        ] GC(1984) ParOldGen: 151392K(175104K)->151400K(175104K)
[764.623s][info][gc,metaspace   ] GC(1984) Metaspace: 35460K(36160K)->35460K(36160K) NonClass: 29188K(29696K)->29188K(29696K) Class: 6272K(6464K)->6272K(6464K)
[764.623s][info][gc             ] GC(1984) Pause Young (Allocation Failure) 357M->147M(380M) 1.408ms
[764.623s][info][gc,cpu         ] GC(1984) User=0.00s Sys=0.01s Real=0.00s
[765.115s][info][gc,start       ] GC(1985) Pause Young (Allocation Failure)
[765.118s][info][gc,heap        ] GC(1985) PSYoungGen: 206912K(214016K)->64K(199680K) Eden: 206848K(206848K)->0K(199168K) From: 64K(7168K)->64K(512K)
[765.118s][info][gc,heap        ] GC(1985) ParOldGen: 151400K(175104K)->151416K(175104K)
[765.118s][info][gc,metaspace   ] GC(1985) Metaspace: 35460K(36160K)->35460K(36160K) NonClass: 29188K(29696K)->29188K(29696K) Class: 6272K(6464K)->6272K(6464K)
[765.118s][info][gc             ] GC(1985) Pause Young (Allocation Failure) 349M->147M(366M) 3.092ms
[765.118s][info][gc,cpu         ] GC(1985) User=0.00s Sys=0.00s Real=0.00s
[765.573s][info][gc,start       ] GC(1986) Pause Young (Allocation Failure)
[765.582s][info][gc,heap        ] GC(1986) PSYoungGen: 199232K(199680K)->3200K(195584K) Eden: 199168K(199168K)->0K(192000K) From: 64K(512K)->3200K(3584K)
[765.582s][info][gc,heap        ] GC(1986) ParOldGen: 151416K(175104K)->151432K(175104K)
[765.582s][info][gc,metaspace   ] GC(1986) Metaspace: 35460K(36160K)->35460K(36160K) NonClass: 29188K(29696K)->29188K(29696K) Class: 6272K(6464K)->6272K(6464K)
[765.582s][info][gc             ] GC(1986) Pause Young (Allocation Failure) 342M->151M(362M) 9.087ms
[765.582s][info][gc,cpu         ] GC(1986) User=0.02s Sys=0.00s Real=0.01s
[765.835s][info][gc,start       ] GC(1987) Pause Young (Allocation Failure)
[765.882s][info][gc,heap        ] GC(1987) PSYoungGen: 195200K(195584K)->6656K(236544K) Eden: 192000K(192000K)->0K(229888K) From: 3200K(3584K)->6656K(6656K)
[765.882s][info][gc,heap        ] GC(1987) ParOldGen: 151432K(175104K)->165152K(175104K)
[765.882s][info][gc,metaspace   ] GC(1987) Metaspace: 35460K(36160K)->35460K(36160K) NonClass: 29188K(29696K)->29188K(29696K) Class: 6272K(6464K)->6272K(6464K)
[765.882s][info][gc             ] GC(1987) Pause Young (Allocation Failure) 338M->167M(402M) 47.125ms
[765.882s][info][gc,cpu         ] GC(1987) User=0.09s Sys=0.00s Real=0.05s
[766.187s][info][gc,start       ] GC(1988) Pause Young (Allocation Failure)
[766.239s][info][gc,heap        ] GC(1988) PSYoungGen: 236544K(236544K)->13312K(265728K) Eden: 229888K(229888K)->0K(252416K) From: 6656K(6656K)->13312K(13312K)
[766.239s][info][gc,heap        ] GC(1988) ParOldGen: 165152K(175104K)->176744K(177152K)
[766.239s][info][gc,metaspace   ] GC(1988) Metaspace: 35460K(36160K)->35460K(36160K) NonClass: 29188K(29696K)->29188K(29696K) Class: 6272K(6464K)->6272K(6464K)
[766.240s][info][gc             ] GC(1988) Pause Young (Allocation Failure) 392M->185M(432M) 52.622ms
[766.240s][info][gc,cpu         ] GC(1988) User=0.10s Sys=0.00s Real=0.05s
[766.526s][info][gc,start       ] GC(1989) Pause Young (Allocation Failure)
[766.607s][info][gc,heap        ] GC(1989) PSYoungGen: 265728K(265728K)->20480K(291328K) Eden: 252416K(252416K)->0K(270848K) From: 13312K(13312K)->20480K(20480K)
[766.608s][info][gc,heap        ] GC(1989) ParOldGen: 176744K(177152K)->177680K(178176K)
[766.608s][info][gc,metaspace   ] GC(1989) Metaspace: 35460K(36160K)->35460K(36160K) NonClass: 29188K(29696K)->29188K(29696K) Class: 6272K(6464K)->6272K(6464K)
[766.608s][info][gc             ] GC(1989) Pause Young (Allocation Failure) 432M->193M(458M) 82.004ms
[766.608s][info][gc,cpu         ] GC(1989) User=0.13s Sys=0.03s Real=0.08s
[766.824s][info][gc,start       ] GC(1990) Pause Young (Allocation Failure)
[766.826s][info][gc,heap        ] GC(1990) PSYoungGen: 291328K(291328K)->32K(295936K) Eden: 270848K(270848K)->0K(270848K) From: 20480K(20480K)->32K(25088K)
[766.826s][info][gc,heap        ] GC(1990) ParOldGen: 177680K(178176K)->177712K(178176K)
[766.826s][info][gc,metaspace   ] GC(1990) Metaspace: 35460K(36160K)->35460K(36160K) NonClass: 29188K(29696K)->29188K(29696K) Class: 6272K(6464K)->6272K(6464K)
[766.826s][info][gc             ] GC(1990) Pause Young (Allocation Failure) 458M->173M(463M) 1.664ms
[766.826s][info][gc,cpu         ] GC(1990) User=0.00s Sys=0.00s Real=0.00s
[767.907s][info][gc,start       ] GC(1991) Pause Young (Allocation Failure)
[767.908s][info][gc,heap        ] GC(1991) PSYoungGen: 270880K(295936K)->32K(306688K) Eden: 270848K(270848K)->0K(284672K) From: 32K(25088K)->32K(22016K)
[767.908s][info][gc,heap        ] GC(1991) ParOldGen: 177712K(178176K)->177728K(178176K)
[767.908s][info][gc,metaspace   ] GC(1991) Metaspace: 35460K(36160K)->35460K(36160K) NonClass: 29188K(29696K)->29188K(29696K) Class: 6272K(6464K)->6272K(6464K)
[767.908s][info][gc             ] GC(1991) Pause Young (Allocation Failure) 438M->173M(473M) 1.429ms
[767.908s][info][gc,cpu         ] GC(1991) User=0.01s Sys=0.00s Real=0.00s
[768.316s][info][gc,start       ] GC(1992) Pause Young (Allocation Failure)
[768.317s][info][gc,heap        ] GC(1992) PSYoungGen: 284704K(306688K)->64K(308224K) Eden: 284672K(284672K)->0K(284672K) From: 32K(22016K)->64K(23552K)
[768.317s][info][gc,heap        ] GC(1992) ParOldGen: 177728K(178176K)->177728K(178176K)
[768.317s][info][gc,metaspace   ] GC(1992) Metaspace: 35462K(36160K)->35462K(36160K) NonClass: 29189K(29696K)->29189K(29696K) Class: 6272K(6464K)->6272K(6464K)
[768.317s][info][gc             ] GC(1992) Pause Young (Allocation Failure) 451M->173M(475M) 1.363ms
[768.317s][info][gc,cpu         ] GC(1992) User=0.00s Sys=0.00s Real=0.00s
[768.838s][info][gc,start       ] GC(1993) Pause Young (Allocation Failure)
[768.840s][info][gc,heap        ] GC(1993) PSYoungGen: 284736K(308224K)->32K(307712K) Eden: 284672K(284672K)->0K(287744K) From: 64K(23552K)->32K(19968K)
[768.840s][info][gc,heap        ] GC(1993) ParOldGen: 177728K(178176K)->177744K(178176K)
[768.840s][info][gc,metaspace   ] GC(1993) Metaspace: 35462K(36160K)->35462K(36160K) NonClass: 29189K(29696K)->29189K(29696K) Class: 6272K(6464K)->6272K(6464K)
[768.840s][info][gc             ] GC(1993) Pause Young (Allocation Failure) 451M->173M(474M) 1.486ms
[768.840s][info][gc,cpu         ] GC(1993) User=0.00s Sys=0.00s Real=0.00s
[769.129s][info][gc,start       ] GC(1994) Pause Young (Allocation Failure)
[769.130s][info][gc,heap        ] GC(1994) PSYoungGen: 287776K(307712K)->32K(309248K) Eden: 287744K(287744K)->0K(287744K) From: 32K(19968K)->32K(21504K)
[769.130s][info][gc,heap        ] GC(1994) ParOldGen: 177744K(178176K)->177760K(178176K)
[769.131s][info][gc,metaspace   ] GC(1994) Metaspace: 35462K(36160K)->35462K(36160K) NonClass: 29189K(29696K)->29189K(29696K) Class: 6272K(6464K)->6272K(6464K)
[769.131s][info][gc             ] GC(1994) Pause Young (Allocation Failure) 454M->173M(476M) 1.492ms
[769.131s][info][gc,cpu         ] GC(1994) User=0.00s Sys=0.00s Real=0.00s
[769.419s][info][gc,start       ] GC(1995) Pause Young (Allocation Failure)
[769.420s][info][gc,heap        ] GC(1995) PSYoungGen: 287776K(309248K)->64K(309760K) Eden: 287744K(287744K)->0K(291840K) From: 32K(21504K)->64K(17920K)
[769.420s][info][gc,heap        ] GC(1995) ParOldGen: 177760K(178176K)->177760K(178176K)
[769.420s][info][gc,metaspace   ] GC(1995) Metaspace: 35462K(36160K)->35462K(36160K) NonClass: 29189K(29696K)->29189K(29696K) Class: 6272K(6464K)->6272K(6464K)
[769.420s][info][gc             ] GC(1995) Pause Young (Allocation Failure) 454M->173M(476M) 1.430ms
[769.420s][info][gc,cpu         ] GC(1995) User=0.00s Sys=0.00s Real=0.00s
[769.820s][info][gc,start       ] GC(1996) Pause Young (Allocation Failure)
[769.822s][info][gc,heap        ] GC(1996) PSYoungGen: 291904K(309760K)->64K(311296K) Eden: 291840K(291840K)->0K(291840K) From: 64K(17920K)->64K(19456K)
[769.822s][info][gc,heap        ] GC(1996) ParOldGen: 177760K(178176K)->177760K(178176K)
[769.822s][info][gc,metaspace   ] GC(1996) Metaspace: 35462K(36160K)->35462K(36160K) NonClass: 29189K(29696K)->29189K(29696K) Class: 6272K(6464K)->6272K(6464K)
[769.822s][info][gc             ] GC(1996) Pause Young (Allocation Failure) 458M->173M(478M) 1.474ms
[769.822s][info][gc,cpu         ] GC(1996) User=0.00s Sys=0.00s Real=0.01s
[769.880s][info][gc,start       ] GC(1997) Pause Young (Allocation Failure)
[769.881s][info][gc,heap        ] GC(1997) PSYoungGen: 291904K(311296K)->64K(311808K) Eden: 291840K(291840K)->0K(295424K) From: 64K(19456K)->64K(16384K)
[769.881s][info][gc,heap        ] GC(1997) ParOldGen: 177760K(178176K)->177776K(178176K)
[769.881s][info][gc,metaspace   ] GC(1997) Metaspace: 35462K(36160K)->35462K(36160K) NonClass: 29189K(29696K)->29189K(29696K) Class: 6272K(6464K)->6272K(6464K)
[769.881s][info][gc             ] GC(1997) Pause Young (Allocation Failure) 458M->173M(478M) 1.408ms
[769.881s][info][gc,cpu         ] GC(1997) User=0.00s Sys=0.00s Real=0.01s
[769.943s][info][gc,start       ] GC(1998) Pause Young (Allocation Failure)
[769.945s][info][gc,heap        ] GC(1998) PSYoungGen: 295488K(311808K)->64K(313344K) Eden: 295424K(295424K)->0K(295424K) From: 64K(16384K)->64K(17920K)
[769.945s][info][gc,heap        ] GC(1998) ParOldGen: 177776K(178176K)->177776K(178176K)
[769.945s][info][gc,metaspace   ] GC(1998) Metaspace: 35462K(36160K)->35462K(36160K) NonClass: 29189K(29696K)->29189K(29696K) Class: 6272K(6464K)->6272K(6464K)
[769.945s][info][gc             ] GC(1998) Pause Young (Allocation Failure) 462M->173M(480M) 1.474ms
[769.945s][info][gc,cpu         ] GC(1998) User=0.00s Sys=0.00s Real=0.00s
[770.239s][info][gc,start       ] GC(1999) Pause Young (Allocation Failure)
[770.241s][info][gc,heap        ] GC(1999) PSYoungGen: 295488K(313344K)->64K(313344K) Eden: 295424K(295424K)->0K(299008K) From: 64K(17920K)->64K(14336K)
[770.241s][info][gc,heap        ] GC(1999) ParOldGen: 177776K(178176K)->177776K(178176K)
[770.241s][info][gc,metaspace   ] GC(1999) Metaspace: 35462K(36160K)->35462K(36160K) NonClass: 29189K(29696K)->29189K(29696K) Class: 6272K(6464K)->6272K(6464K)
[770.241s][info][gc             ] GC(1999) Pause Young (Allocation Failure) 462M->173M(480M) 1.512ms
[770.241s][info][gc,cpu         ] GC(1999) User=0.00s Sys=0.00s Real=0.01s
[770.498s][info][gc,start       ] GC(2000) Pause Young (Allocation Failure)
[770.499s][info][gc,heap        ] GC(2000) PSYoungGen: 299072K(313344K)->64K(314880K) Eden: 299008K(299008K)->0K(299008K) From: 64K(14336K)->64K(15872K)
[770.499s][info][gc,heap        ] GC(2000) ParOldGen: 177776K(178176K)->177792K(178176K)
[770.499s][info][gc,metaspace   ] GC(2000) Metaspace: 35462K(36160K)->35462K(36160K) NonClass: 29189K(29696K)->29189K(29696K) Class: 6272K(6464K)->6272K(6464K)
[770.499s][info][gc             ] GC(2000) Pause Young (Allocation Failure) 465M->173M(481M) 1.352ms
[770.499s][info][gc,cpu         ] GC(2000) User=0.01s Sys=0.00s Real=0.00s
[770.607s][info][gc,start       ] GC(2001) Pause Young (Allocation Failure)
[770.609s][info][gc,heap        ] GC(2001) PSYoungGen: 299072K(314880K)->64K(315392K) Eden: 299008K(299008K)->0K(303104K) From: 64K(15872K)->64K(12288K)
[770.609s][info][gc,heap        ] GC(2001) ParOldGen: 177792K(178176K)->177800K(178176K)
[770.609s][info][gc,metaspace   ] GC(2001) Metaspace: 35462K(36160K)->35462K(36160K) NonClass: 29189K(29696K)->29189K(29696K) Class: 6272K(6464K)->6272K(6464K)
[770.609s][info][gc             ] GC(2001) Pause Young (Allocation Failure) 465M->173M(482M) 1.400ms
[770.609s][info][gc,cpu         ] GC(2001) User=0.00s Sys=0.00s Real=0.00s
[770.744s][info][gc,start       ] GC(2002) Pause Young (Allocation Failure)
[770.745s][info][gc,heap        ] GC(2002) PSYoungGen: 303168K(315392K)->64K(316928K) Eden: 303104K(303104K)->0K(303104K) From: 64K(12288K)->64K(13824K)
[770.745s][info][gc,heap        ] GC(2002) ParOldGen: 177800K(178176K)->177808K(178176K)
[770.745s][info][gc,metaspace   ] GC(2002) Metaspace: 35462K(36160K)->35462K(36160K) NonClass: 29189K(29696K)->29189K(29696K) Class: 6272K(6464K)->6272K(6464K)
[770.745s][info][gc             ] GC(2002) Pause Young (Allocation Failure) 469M->173M(483M) 1.077ms
[770.745s][info][gc,cpu         ] GC(2002) User=0.00s Sys=0.00s Real=0.00s
[771.160s][info][gc,start       ] GC(2003) Pause Young (Allocation Failure)
[771.162s][info][gc,heap        ] GC(2003) PSYoungGen: 303168K(316928K)->64K(291840K) Eden: 303104K(303104K)->0K(291328K) From: 64K(13824K)->64K(512K)
[771.162s][info][gc,heap        ] GC(2003) ParOldGen: 177808K(178176K)->177816K(178176K)
[771.162s][info][gc,metaspace   ] GC(2003) Metaspace: 35462K(36160K)->35462K(36160K) NonClass: 29189K(29696K)->29189K(29696K) Class: 6272K(6464K)->6272K(6464K)
[771.162s][info][gc             ] GC(2003) Pause Young (Allocation Failure) 469M->173M(459M) 1.578ms
[771.162s][info][gc,cpu         ] GC(2003) User=0.01s Sys=0.00s Real=0.01s
[772.093s][info][gc,start       ] GC(2004) Pause Young (Allocation Failure)
[772.094s][info][gc,heap        ] GC(2004) PSYoungGen: 291392K(291840K)->96K(292352K) Eden: 291328K(291328K)->0K(280064K) From: 64K(512K)->96K(12288K)
[772.094s][info][gc,heap        ] GC(2004) ParOldGen: 177816K(178176K)->177824K(178176K)
[772.094s][info][gc,metaspace   ] GC(2004) Metaspace: 35462K(36160K)->35462K(36160K) NonClass: 29189K(29696K)->29189K(29696K) Class: 6272K(6464K)->6272K(6464K)
[772.094s][info][gc             ] GC(2004) Pause Young (Allocation Failure) 458M->173M(459M) 1.291ms
[772.094s][info][gc,cpu         ] GC(2004) User=0.00s Sys=0.00s Real=0.00s
[773.233s][info][gc,start       ] GC(2005) Pause Young (Allocation Failure)
[773.235s][info][gc,heap        ] GC(2005) PSYoungGen: 280160K(292352K)->32K(269824K) Eden: 280064K(280064K)->0K(269312K) From: 96K(12288K)->32K(512K)
[773.235s][info][gc,heap        ] GC(2005) ParOldGen: 177824K(178176K)->177840K(178176K)
[773.235s][info][gc,metaspace   ] GC(2005) Metaspace: 35462K(36160K)->35462K(36160K) NonClass: 29189K(29696K)->29189K(29696K) Class: 6272K(6464K)->6272K(6464K)
[773.235s][info][gc             ] GC(2005) Pause Young (Allocation Failure) 447M->173M(437M) 2.346ms
[773.235s][info][gc,cpu         ] GC(2005) User=0.00s Sys=0.00s Real=0.00s
[773.670s][info][gc,start       ] GC(2006) Pause Young (Allocation Failure)
[773.673s][info][gc,heap        ] GC(2006) PSYoungGen: 269344K(269824K)->64K(269824K) Eden: 269312K(269312K)->0K(259072K) From: 32K(512K)->64K(10752K)
[773.673s][info][gc,heap        ] GC(2006) ParOldGen: 177840K(178176K)->177856K(178176K)
[773.673s][info][gc,metaspace   ] GC(2006) Metaspace: 35462K(36160K)->35462K(36160K) NonClass: 29189K(29696K)->29189K(29696K) Class: 6272K(6464K)->6272K(6464K)
[773.673s][info][gc             ] GC(2006) Pause Young (Allocation Failure) 436M->173M(437M) 2.579ms
[773.673s][info][gc,cpu         ] GC(2006) User=0.00s Sys=0.00s Real=0.01s
[774.104s][info][gc,start       ] GC(2007) Pause Young (Allocation Failure)
[774.108s][info][gc,heap        ] GC(2007) PSYoungGen: 259136K(269824K)->64K(249856K) Eden: 259072K(259072K)->0K(249344K) From: 64K(10752K)->64K(512K)
[774.108s][info][gc,heap        ] GC(2007) ParOldGen: 177856K(178176K)->177872K(178176K)
[774.108s][info][gc,metaspace   ] GC(2007) Metaspace: 35462K(36160K)->35462K(36160K) NonClass: 29189K(29696K)->29189K(29696K) Class: 6272K(6464K)->6272K(6464K)
[774.108s][info][gc             ] GC(2007) Pause Young (Allocation Failure) 426M->173M(418M) 4.582ms
[774.108s][info][gc,cpu         ] GC(2007) User=0.00s Sys=0.00s Real=0.00s
[775.469s][info][gc,start       ] GC(2008) Pause Young (Allocation Failure)
[775.471s][info][gc,heap        ] GC(2008) PSYoungGen: 249408K(249856K)->64K(249344K) Eden: 249344K(249344K)->0K(240128K) From: 64K(512K)->64K(9216K)
[775.471s][info][gc,heap        ] GC(2008) ParOldGen: 177872K(178176K)->177880K(178176K)
[775.471s][info][gc,metaspace   ] GC(2008) Metaspace: 35462K(36160K)->35462K(36160K) NonClass: 29189K(29696K)->29189K(29696K) Class: 6272K(6464K)->6272K(6464K)
[775.471s][info][gc             ] GC(2008) Pause Young (Allocation Failure) 417M->173M(417M) 2.903ms
[775.471s][info][gc,cpu         ] GC(2008) User=0.01s Sys=0.00s Real=0.01s
[775.962s][info][gc,start       ] GC(2009) Pause Young (Allocation Failure)
[775.966s][info][gc,heap        ] GC(2009) PSYoungGen: 240192K(249344K)->64K(231424K) Eden: 240128K(240128K)->0K(230912K) From: 64K(9216K)->64K(512K)
[775.966s][info][gc,heap        ] GC(2009) ParOldGen: 177880K(178176K)->177888K(178176K)
[775.966s][info][gc,metaspace   ] GC(2009) Metaspace: 35462K(36160K)->35462K(36160K) NonClass: 29189K(29696K)->29189K(29696K) Class: 6272K(6464K)->6272K(6464K)
[775.966s][info][gc             ] GC(2009) Pause Young (Allocation Failure) 408M->173M(400M) 4.454ms
[775.966s][info][gc,cpu         ] GC(2009) User=0.00s Sys=0.00s Real=0.00s
[776.138s][info][gc,start       ] GC(2010) Pause Young (Allocation Failure)
[776.140s][info][gc,heap        ] GC(2010) PSYoungGen: 230976K(231424K)->64K(230400K) Eden: 230912K(230912K)->0K(222208K) From: 64K(512K)->64K(8192K)
[776.140s][info][gc,heap        ] GC(2010) ParOldGen: 177888K(178176K)->177904K(178176K)
[776.140s][info][gc,metaspace   ] GC(2010) Metaspace: 35462K(36160K)->35462K(36160K) NonClass: 29189K(29696K)->29189K(29696K) Class: 6272K(6464K)->6272K(6464K)
[776.140s][info][gc             ] GC(2010) Pause Young (Allocation Failure) 399M->173M(399M) 1.782ms
[776.140s][info][gc,cpu         ] GC(2010) User=0.01s Sys=0.00s Real=0.00s
[776.453s][info][gc,start       ] GC(2011) Pause Young (Allocation Failure)
[776.456s][info][gc,heap        ] GC(2011) PSYoungGen: 222272K(230400K)->64K(214528K) Eden: 222208K(222208K)->0K(214016K) From: 64K(8192K)->64K(512K)
[776.456s][info][gc,heap        ] GC(2011) ParOldGen: 177904K(178176K)->177920K(178176K)
[776.456s][info][gc,metaspace   ] GC(2011) Metaspace: 35462K(36160K)->35462K(36160K) NonClass: 29189K(29696K)->29189K(29696K) Class: 6272K(6464K)->6272K(6464K)
[776.456s][info][gc             ] GC(2011) Pause Young (Allocation Failure) 390M->173M(383M) 3.021ms
[776.456s][info][gc,cpu         ] GC(2011) User=0.00s Sys=0.00s Real=0.00s
[776.992s][info][gc,start       ] GC(2012) Pause Young (Allocation Failure)
[776.994s][info][gc,heap        ] GC(2012) PSYoungGen: 214080K(214528K)->64K(213504K) Eden: 214016K(214016K)->0K(206336K) From: 64K(512K)->64K(7168K)
[776.994s][info][gc,heap        ] GC(2012) ParOldGen: 177920K(178176K)->177928K(178176K)
[776.994s][info][gc,metaspace   ] GC(2012) Metaspace: 35462K(36160K)->35462K(36160K) NonClass: 29189K(29696K)->29189K(29696K) Class: 6272K(6464K)->6272K(6464K)
[776.994s][info][gc             ] GC(2012) Pause Young (Allocation Failure) 382M->173M(382M) 1.389ms
[776.994s][info][gc,cpu         ] GC(2012) User=0.00s Sys=0.00s Real=0.00s
[777.359s][info][gc,start       ] GC(2013) Pause Young (Allocation Failure)
[777.361s][info][gc,heap        ] GC(2013) PSYoungGen: 206400K(213504K)->64K(199680K) Eden: 206336K(206336K)->0K(199168K) From: 64K(7168K)->64K(512K)
[777.361s][info][gc,heap        ] GC(2013) ParOldGen: 177928K(178176K)->177936K(178176K)
[777.361s][info][gc,metaspace   ] GC(2013) Metaspace: 35462K(36160K)->35462K(36160K) NonClass: 29189K(29696K)->29189K(29696K) Class: 6272K(6464K)->6272K(6464K)
[777.361s][info][gc             ] GC(2013) Pause Young (Allocation Failure) 375M->173M(369M) 2.527ms
[777.361s][info][gc,cpu         ] GC(2013) User=0.00s Sys=0.00s Real=0.01s
[777.706s][info][gc,start       ] GC(2014) Pause Young (Allocation Failure)
[777.751s][info][gc,heap        ] GC(2014) PSYoungGen: 199232K(199680K)->6144K(244224K) Eden: 199168K(199168K)->0K(238080K) From: 64K(512K)->6144K(6144K)
[777.751s][info][gc,heap        ] GC(2014) ParOldGen: 177936K(178176K)->188176K(188416K)
[777.751s][info][gc,metaspace   ] GC(2014) Metaspace: 35462K(36160K)->35462K(36160K) NonClass: 29189K(29696K)->29189K(29696K) Class: 6272K(6464K)->6272K(6464K)
[777.751s][info][gc             ] GC(2014) Pause Young (Allocation Failure) 368M->189M(422M) 45.366ms
[777.751s][info][gc,cpu         ] GC(2014) User=0.07s Sys=0.01s Real=0.05s
[778.087s][info][gc,start       ] GC(2015) Pause Young (Allocation Failure)
[778.168s][info][gc,heap        ] GC(2015) PSYoungGen: 244224K(244224K)->6144K(260096K) Eden: 238080K(238080K)->0K(253952K) From: 6144K(6144K)->6144K(6144K)
[778.168s][info][gc,heap        ] GC(2015) ParOldGen: 188176K(188416K)->207688K(207872K)
[778.168s][info][gc,metaspace   ] GC(2015) Metaspace: 35462K(36160K)->35462K(36160K) NonClass: 29189K(29696K)->29189K(29696K) Class: 6272K(6464K)->6272K(6464K)
[778.168s][info][gc             ] GC(2015) Pause Young (Allocation Failure) 422M->208M(457M) 81.118ms
[778.168s][info][gc,cpu         ] GC(2015) User=0.13s Sys=0.03s Real=0.08s
[778.535s][info][gc,start       ] GC(2016) Pause Young (Allocation Failure)
[778.611s][info][gc,heap        ] GC(2016) PSYoungGen: 260096K(260096K)->18944K(272896K) Eden: 253952K(253952K)->0K(253952K) From: 6144K(6144K)->18944K(18944K)
[778.611s][info][gc,heap        ] GC(2016) ParOldGen: 207688K(207872K)->216384K(216576K)
[778.611s][info][gc,metaspace   ] GC(2016) Metaspace: 35462K(36160K)->35462K(36160K) NonClass: 29189K(29696K)->29189K(29696K) Class: 6272K(6464K)->6272K(6464K)
[778.611s][info][gc             ] GC(2016) Pause Young (Allocation Failure) 456M->229M(478M) 76.141ms
[778.611s][info][gc,cpu         ] GC(2016) User=0.14s Sys=0.01s Real=0.08s
[778.706s][info][gc,start       ] GC(2017) Pause Young (Allocation Failure)
[778.713s][info][gc,heap        ] GC(2017) PSYoungGen: 272896K(272896K)->416K(308224K) Eden: 253952K(253952K)->0K(282112K) From: 18944K(18944K)->416K(26112K)
[778.713s][info][gc,heap        ] GC(2017) ParOldGen: 216384K(216576K)->216688K(217088K)
[778.713s][info][gc,metaspace   ] GC(2017) Metaspace: 35462K(36160K)->35462K(36160K) NonClass: 29189K(29696K)->29189K(29696K) Class: 6272K(6464K)->6272K(6464K)
[778.713s][info][gc             ] GC(2017) Pause Young (Allocation Failure) 477M->212M(513M) 6.915ms
[778.713s][info][gc,cpu         ] GC(2017) User=0.02s Sys=0.00s Real=0.01s
[779.434s][info][gc,start       ] GC(2018) Pause Young (Allocation Failure)
[779.436s][info][gc,heap        ] GC(2018) PSYoungGen: 282528K(308224K)->64K(282624K) Eden: 282112K(282112K)->0K(282112K) From: 416K(26112K)->64K(512K)
[779.436s][info][gc,heap        ] GC(2018) ParOldGen: 216688K(217088K)->216696K(217088K)
[779.436s][info][gc,metaspace   ] GC(2018) Metaspace: 35462K(36160K)->35462K(36160K) NonClass: 29189K(29696K)->29189K(29696K) Class: 6272K(6464K)->6272K(6464K)
[779.436s][info][gc             ] GC(2018) Pause Young (Allocation Failure) 487M->211M(488M) 1.815ms
[779.436s][info][gc,cpu         ] GC(2018) User=0.00s Sys=0.00s Real=0.00s
[779.987s][info][gc,start       ] GC(2019) Pause Young (Allocation Failure)
[779.989s][info][gc,heap        ] GC(2019) PSYoungGen: 282176K(282624K)->64K(307712K) Eden: 282112K(282112K)->0K(283136K) From: 64K(512K)->64K(24576K)
[779.989s][info][gc,heap        ] GC(2019) ParOldGen: 216696K(217088K)->216704K(217088K)
[779.989s][info][gc,metaspace   ] GC(2019) Metaspace: 35463K(36160K)->35463K(36160K) NonClass: 29190K(29696K)->29190K(29696K) Class: 6272K(6464K)->6272K(6464K)
[779.989s][info][gc             ] GC(2019) Pause Young (Allocation Failure) 487M->211M(512M) 2.159ms
[779.989s][info][gc,cpu         ] GC(2019) User=0.01s Sys=0.00s Real=0.00s
[780.585s][info][gc,start       ] GC(2020) Pause Young (Allocation Failure)
[780.586s][info][gc,heap        ] GC(2020) PSYoungGen: 283200K(307712K)->64K(306688K) Eden: 283136K(283136K)->0K(283136K) From: 64K(24576K)->64K(23552K)
[780.586s][info][gc,heap        ] GC(2020) ParOldGen: 216704K(217088K)->216720K(217088K)
[780.586s][info][gc,metaspace   ] GC(2020) Metaspace: 35463K(36160K)->35463K(36160K) NonClass: 29190K(29696K)->29190K(29696K) Class: 6272K(6464K)->6272K(6464K)
[780.586s][info][gc             ] GC(2020) Pause Young (Allocation Failure) 488M->211M(511M) 1.374ms
[780.586s][info][gc,cpu         ] GC(2020) User=0.00s Sys=0.00s Real=0.00s
[780.833s][info][gc,start       ] GC(2021) Pause Young (Allocation Failure)
[780.834s][info][gc,heap        ] GC(2021) PSYoungGen: 283200K(306688K)->64K(309248K) Eden: 283136K(283136K)->0K(286720K) From: 64K(23552K)->64K(22528K)
[780.834s][info][gc,heap        ] GC(2021) ParOldGen: 216720K(217088K)->216736K(217088K)
[780.834s][info][gc,metaspace   ] GC(2021) Metaspace: 35463K(36160K)->35463K(36160K) NonClass: 29190K(29696K)->29190K(29696K) Class: 6272K(6464K)->6272K(6464K)
[780.834s][info][gc             ] GC(2021) Pause Young (Allocation Failure) 488M->211M(514M) 1.473ms
[780.834s][info][gc,cpu         ] GC(2021) User=0.00s Sys=0.00s Real=0.00s
[781.088s][info][gc,start       ] GC(2022) Pause Young (Allocation Failure)
[781.089s][info][gc,heap        ] GC(2022) PSYoungGen: 286784K(309248K)->64K(308224K) Eden: 286720K(286720K)->0K(286720K) From: 64K(22528K)->64K(21504K)
[781.089s][info][gc,heap        ] GC(2022) ParOldGen: 216736K(217088K)->216736K(217088K)
[781.089s][info][gc,metaspace   ] GC(2022) Metaspace: 35463K(36160K)->35463K(36160K) NonClass: 29190K(29696K)->29190K(29696K) Class: 6272K(6464K)->6272K(6464K)
[781.089s][info][gc             ] GC(2022) Pause Young (Allocation Failure) 491M->211M(513M) 1.328ms
[781.089s][info][gc,cpu         ] GC(2022) User=0.00s Sys=0.00s Real=0.00s
[781.524s][info][gc,start       ] GC(2023) Pause Young (Allocation Failure)
[781.525s][info][gc,heap        ] GC(2023) PSYoungGen: 286784K(308224K)->64K(311296K) Eden: 286720K(286720K)->0K(290816K) From: 64K(21504K)->64K(20480K)
[781.525s][info][gc,heap        ] GC(2023) ParOldGen: 216736K(217088K)->216736K(217088K)
[781.525s][info][gc,metaspace   ] GC(2023) Metaspace: 35463K(36160K)->35463K(36160K) NonClass: 29190K(29696K)->29190K(29696K) Class: 6272K(6464K)->6272K(6464K)
[781.525s][info][gc             ] GC(2023) Pause Young (Allocation Failure) 491M->211M(516M) 1.244ms
[781.525s][info][gc,cpu         ] GC(2023) User=0.00s Sys=0.00s Real=0.00s
[781.592s][info][gc,start       ] GC(2024) Pause Young (Allocation Failure)
[781.594s][info][gc,heap        ] GC(2024) PSYoungGen: 290880K(311296K)->32K(310272K) Eden: 290816K(290816K)->0K(290816K) From: 64K(20480K)->32K(19456K)
[781.594s][info][gc,heap        ] GC(2024) ParOldGen: 216736K(217088K)->216744K(217088K)
[781.594s][info][gc,metaspace   ] GC(2024) Metaspace: 35463K(36160K)->35463K(36160K) NonClass: 29190K(29696K)->29190K(29696K) Class: 6272K(6464K)->6272K(6464K)
[781.594s][info][gc             ] GC(2024) Pause Young (Allocation Failure) 495M->211M(515M) 1.592ms
[781.594s][info][gc,cpu         ] GC(2024) User=0.00s Sys=0.00s Real=0.00s
[781.651s][info][gc,start       ] GC(2025) Pause Young (Allocation Failure)
[781.652s][info][gc,heap        ] GC(2025) PSYoungGen: 290848K(310272K)->32K(313344K) Eden: 290816K(290816K)->0K(294912K) From: 32K(19456K)->32K(18432K)
[781.652s][info][gc,heap        ] GC(2025) ParOldGen: 216744K(217088K)->216752K(217088K)
[781.652s][info][gc,metaspace   ] GC(2025) Metaspace: 35463K(36160K)->35463K(36160K) NonClass: 29190K(29696K)->29190K(29696K) Class: 6272K(6464K)->6272K(6464K)
[781.652s][info][gc             ] GC(2025) Pause Young (Allocation Failure) 495M->211M(518M) 1.459ms
[781.652s][info][gc,cpu         ] GC(2025) User=0.00s Sys=0.00s Real=0.01s
[781.851s][info][gc,start       ] GC(2026) Pause Young (Allocation Failure)
[781.852s][info][gc,heap        ] GC(2026) PSYoungGen: 294944K(313344K)->64K(312320K) Eden: 294912K(294912K)->0K(294912K) From: 32K(18432K)->64K(17408K)
[781.852s][info][gc,heap        ] GC(2026) ParOldGen: 216752K(217088K)->216752K(217088K)
[781.852s][info][gc,metaspace   ] GC(2026) Metaspace: 35463K(36160K)->35463K(36160K) NonClass: 29190K(29696K)->29190K(29696K) Class: 6272K(6464K)->6272K(6464K)
[781.852s][info][gc             ] GC(2026) Pause Young (Allocation Failure) 499M->211M(517M) 1.528ms
[781.852s][info][gc,cpu         ] GC(2026) User=0.00s Sys=0.00s Real=0.00s
[782.099s][info][gc,start       ] GC(2027) Pause Young (Allocation Failure)
[782.100s][info][gc,heap        ] GC(2027) PSYoungGen: 294976K(312320K)->64K(315392K) Eden: 294912K(294912K)->0K(299008K) From: 64K(17408K)->64K(16384K)
[782.100s][info][gc,heap        ] GC(2027) ParOldGen: 216752K(217088K)->216768K(217088K)
[782.100s][info][gc,metaspace   ] GC(2027) Metaspace: 35463K(36160K)->35463K(36160K) NonClass: 29190K(29696K)->29190K(29696K) Class: 6272K(6464K)->6272K(6464K)
[782.100s][info][gc             ] GC(2027) Pause Young (Allocation Failure) 499M->211M(520M) 1.553ms
[782.100s][info][gc,cpu         ] GC(2027) User=0.01s Sys=0.00s Real=0.00s
[782.256s][info][gc,start       ] GC(2028) Pause Young (Allocation Failure)
[782.258s][info][gc,heap        ] GC(2028) PSYoungGen: 299072K(315392K)->64K(314368K) Eden: 299008K(299008K)->0K(299008K) From: 64K(16384K)->64K(15360K)
[782.258s][info][gc,heap        ] GC(2028) ParOldGen: 216768K(217088K)->216776K(217088K)
[782.258s][info][gc,metaspace   ] GC(2028) Metaspace: 35463K(36160K)->35463K(36160K) NonClass: 29190K(29696K)->29190K(29696K) Class: 6272K(6464K)->6272K(6464K)
[782.258s][info][gc             ] GC(2028) Pause Young (Allocation Failure) 503M->211M(519M) 1.505ms
[782.258s][info][gc,cpu         ] GC(2028) User=0.00s Sys=0.00s Real=0.00s
[782.359s][info][gc,start       ] GC(2029) Pause Young (Allocation Failure)
[782.360s][info][gc,heap        ] GC(2029) PSYoungGen: 299072K(314368K)->64K(316928K) Eden: 299008K(299008K)->0K(302592K) From: 64K(15360K)->64K(14336K)
[782.360s][info][gc,heap        ] GC(2029) ParOldGen: 216776K(217088K)->216784K(217088K)
[782.360s][info][gc,metaspace   ] GC(2029) Metaspace: 35463K(36160K)->35463K(36160K) NonClass: 29190K(29696K)->29190K(29696K) Class: 6272K(6464K)->6272K(6464K)
[782.360s][info][gc             ] GC(2029) Pause Young (Allocation Failure) 503M->211M(521M) 1.237ms
[782.360s][info][gc,cpu         ] GC(2029) User=0.00s Sys=0.00s Real=0.00s
[782.572s][info][gc,start       ] GC(2030) Pause Young (Allocation Failure)
[782.573s][info][gc,heap        ] GC(2030) PSYoungGen: 302656K(316928K)->64K(316416K) Eden: 302592K(302592K)->0K(302592K) From: 64K(14336K)->64K(13824K)
[782.574s][info][gc,heap        ] GC(2030) ParOldGen: 216784K(217088K)->216792K(217088K)
[782.574s][info][gc,metaspace   ] GC(2030) Metaspace: 35463K(36160K)->35463K(36160K) NonClass: 29190K(29696K)->29190K(29696K) Class: 6272K(6464K)->6272K(6464K)
[782.574s][info][gc             ] GC(2030) Pause Young (Allocation Failure) 507M->211M(521M) 1.299ms
[782.574s][info][gc,cpu         ] GC(2030) User=0.00s Sys=0.00s Real=0.00s
[783.732s][info][gc,start       ] GC(2031) Pause Young (Allocation Failure)
[783.734s][info][gc,heap        ] GC(2031) PSYoungGen: 302656K(316416K)->64K(291328K) Eden: 302592K(302592K)->0K(290816K) From: 64K(13824K)->64K(512K)
[783.734s][info][gc,heap        ] GC(2031) ParOldGen: 216792K(217088K)->216800K(217088K)
[783.734s][info][gc,metaspace   ] GC(2031) Metaspace: 35463K(36160K)->35463K(36160K) NonClass: 29190K(29696K)->29190K(29696K) Class: 6272K(6464K)->6272K(6464K)
[783.734s][info][gc             ] GC(2031) Pause Young (Allocation Failure) 507M->211M(496M) 1.583ms
[783.734s][info][gc,cpu         ] GC(2031) User=0.00s Sys=0.01s Real=0.00s
[784.874s][info][gc,start       ] GC(2032) Pause Young (Allocation Failure)
[784.875s][info][gc,heap        ] GC(2032) PSYoungGen: 290880K(291328K)->64K(291328K) Eden: 290816K(290816K)->0K(279552K) From: 64K(512K)->64K(11776K)
[784.875s][info][gc,heap        ] GC(2032) ParOldGen: 216800K(217088K)->216816K(217088K)
[784.875s][info][gc,metaspace   ] GC(2032) Metaspace: 35463K(36160K)->35463K(36160K) NonClass: 29190K(29696K)->29190K(29696K) Class: 6272K(6464K)->6272K(6464K)
[784.875s][info][gc             ] GC(2032) Pause Young (Allocation Failure) 495M->211M(496M) 1.449ms
[784.875s][info][gc,cpu         ] GC(2032) User=0.00s Sys=0.00s Real=0.00s
[785.219s][info][gc,start       ] GC(2033) Pause Young (Allocation Failure)
[785.220s][info][gc,heap        ] GC(2033) PSYoungGen: 279616K(291328K)->64K(269312K) Eden: 279552K(279552K)->0K(268800K) From: 64K(11776K)->64K(512K)
[785.220s][info][gc,heap        ] GC(2033) ParOldGen: 216816K(217088K)->216832K(217088K)
[785.220s][info][gc,metaspace   ] GC(2033) Metaspace: 35463K(36160K)->35463K(36160K) NonClass: 29190K(29696K)->29190K(29696K) Class: 6272K(6464K)->6272K(6464K)
[785.220s][info][gc             ] GC(2033) Pause Young (Allocation Failure) 484M->211M(475M) 1.550ms
[785.220s][info][gc,cpu         ] GC(2033) User=0.00s Sys=0.00s Real=0.00s
[785.737s][info][gc,start       ] GC(2034) Pause Young (Allocation Failure)
[785.739s][info][gc,heap        ] GC(2034) PSYoungGen: 268864K(269312K)->64K(268800K) Eden: 268800K(268800K)->0K(258560K) From: 64K(512K)->64K(10240K)
[785.739s][info][gc,heap        ] GC(2034) ParOldGen: 216832K(217088K)->216848K(217088K)
[785.739s][info][gc,metaspace   ] GC(2034) Metaspace: 35463K(36160K)->35463K(36160K) NonClass: 29190K(29696K)->29190K(29696K) Class: 6272K(6464K)->6272K(6464K)
[785.739s][info][gc             ] GC(2034) Pause Young (Allocation Failure) 474M->211M(474M) 1.525ms
[785.739s][info][gc,cpu         ] GC(2034) User=0.00s Sys=0.00s Real=0.00s
[787.051s][info][gc,start       ] GC(2035) Pause Young (Allocation Failure)
[787.055s][info][gc,heap        ] GC(2035) PSYoungGen: 258624K(268800K)->64K(249344K) Eden: 258560K(258560K)->0K(248832K) From: 64K(10240K)->64K(512K)
[787.055s][info][gc,heap        ] GC(2035) ParOldGen: 216848K(217088K)->216856K(217088K)
[787.055s][info][gc,metaspace   ] GC(2035) Metaspace: 35463K(36160K)->35463K(36160K) NonClass: 29190K(29696K)->29190K(29696K) Class: 6272K(6464K)->6272K(6464K)
[787.055s][info][gc             ] GC(2035) Pause Young (Allocation Failure) 464M->211M(455M) 3.843ms
[787.055s][info][gc,cpu         ] GC(2035) User=0.01s Sys=0.00s Real=0.00s
[787.477s][info][gc,start       ] GC(2036) Pause Young (Allocation Failure)
[787.478s][info][gc,heap        ] GC(2036) PSYoungGen: 248896K(249344K)->64K(248832K) Eden: 248832K(248832K)->0K(239616K) From: 64K(512K)->64K(9216K)
[787.478s][info][gc,heap        ] GC(2036) ParOldGen: 216856K(217088K)->216872K(217088K)
[787.478s][info][gc,metaspace   ] GC(2036) Metaspace: 35463K(36160K)->35463K(36160K) NonClass: 29190K(29696K)->29190K(29696K) Class: 6272K(6464K)->6272K(6464K)
[787.478s][info][gc             ] GC(2036) Pause Young (Allocation Failure) 454M->211M(455M) 1.489ms
[787.478s][info][gc,cpu         ] GC(2036) User=0.01s Sys=0.00s Real=0.00s
[787.650s][info][gc,start       ] GC(2037) Pause Young (Allocation Failure)
[787.652s][info][gc,heap        ] GC(2037) PSYoungGen: 239680K(248832K)->64K(230912K) Eden: 239616K(239616K)->0K(230400K) From: 64K(9216K)->64K(512K)
[787.652s][info][gc,heap        ] GC(2037) ParOldGen: 216872K(217088K)->216888K(217088K)
[787.652s][info][gc,metaspace   ] GC(2037) Metaspace: 35463K(36160K)->35463K(36160K) NonClass: 29190K(29696K)->29190K(29696K) Class: 6272K(6464K)->6272K(6464K)
[787.652s][info][gc             ] GC(2037) Pause Young (Allocation Failure) 445M->211M(437M) 2.104ms
[787.652s][info][gc,cpu         ] GC(2037) User=0.00s Sys=0.00s Real=0.01s
[787.899s][info][gc,start       ] GC(2038) Pause Young (Allocation Failure)
[787.901s][info][gc,heap        ] GC(2038) PSYoungGen: 230464K(230912K)->64K(229376K) Eden: 230400K(230400K)->0K(221696K) From: 64K(512K)->64K(7680K)
[787.901s][info][gc,heap        ] GC(2038) ParOldGen: 216888K(217088K)->216904K(217088K)
[787.901s][info][gc,metaspace   ] GC(2038) Metaspace: 35463K(36160K)->35463K(36160K) NonClass: 29190K(29696K)->29190K(29696K) Class: 6272K(6464K)->6272K(6464K)
[787.901s][info][gc             ] GC(2038) Pause Young (Allocation Failure) 436M->211M(436M) 1.387ms
[787.901s][info][gc,cpu         ] GC(2038) User=0.00s Sys=0.00s Real=0.01s
[788.523s][info][gc,start       ] GC(2039) Pause Young (Allocation Failure)
[788.525s][info][gc,heap        ] GC(2039) PSYoungGen: 221760K(229376K)->64K(214016K) Eden: 221696K(221696K)->0K(213504K) From: 64K(7680K)->64K(512K)
[788.525s][info][gc,heap        ] GC(2039) ParOldGen: 216904K(217088K)->216920K(217088K)
[788.525s][info][gc,metaspace   ] GC(2039) Metaspace: 35463K(36160K)->35463K(36160K) NonClass: 29190K(29696K)->29190K(29696K) Class: 6272K(6464K)->6272K(6464K)
[788.525s][info][gc             ] GC(2039) Pause Young (Allocation Failure) 428M->211M(421M) 2.072ms
[788.525s][info][gc,cpu         ] GC(2039) User=0.00s Sys=0.00s Real=0.00s
[788.828s][info][gc,start       ] GC(2040) Pause Young (Allocation Failure)
[788.829s][info][gc,heap        ] GC(2040) PSYoungGen: 213568K(214016K)->64K(212480K) Eden: 213504K(213504K)->0K(205824K) From: 64K(512K)->64K(6656K)
[788.829s][info][gc,heap        ] GC(2040) ParOldGen: 216920K(217088K)->216928K(217088K)
[788.829s][info][gc,metaspace   ] GC(2040) Metaspace: 35463K(36160K)->35463K(36160K) NonClass: 29190K(29696K)->29190K(29696K) Class: 6272K(6464K)->6272K(6464K)
[788.829s][info][gc             ] GC(2040) Pause Young (Allocation Failure) 420M->211M(419M) 1.218ms
[788.829s][info][gc,cpu         ] GC(2040) User=0.00s Sys=0.00s Real=0.00s
[789.167s][info][gc,start       ] GC(2041) Pause Young (Allocation Failure)
[789.205s][info][gc,heap        ] GC(2041) PSYoungGen: 205888K(212480K)->6144K(252416K) Eden: 205824K(205824K)->0K(246272K) From: 64K(6656K)->6144K(6144K)
[789.205s][info][gc,heap        ] GC(2041) ParOldGen: 216928K(217088K)->227704K(227840K)
[789.205s][info][gc,metaspace   ] GC(2041) Metaspace: 35463K(36160K)->35463K(36160K) NonClass: 29190K(29696K)->29190K(29696K) Class: 6272K(6464K)->6272K(6464K)
[789.205s][info][gc             ] GC(2041) Pause Young (Allocation Failure) 412M->228M(469M) 38.192ms
[789.205s][info][gc,cpu         ] GC(2041) User=0.06s Sys=0.01s Real=0.04s
[789.535s][info][gc,start       ] GC(2042) Pause Young (Allocation Failure)
[789.606s][info][gc,heap        ] GC(2042) PSYoungGen: 252416K(252416K)->11776K(272896K) Eden: 246272K(246272K)->0K(261120K) From: 6144K(6144K)->11776K(11776K)
[789.606s][info][gc,heap        ] GC(2042) ParOldGen: 227704K(227840K)->242464K(242688K)
[789.606s][info][gc,metaspace   ] GC(2042) Metaspace: 35463K(36160K)->35463K(36160K) NonClass: 29190K(29696K)->29190K(29696K) Class: 6272K(6464K)->6272K(6464K)
[789.606s][info][gc             ] GC(2042) Pause Young (Allocation Failure) 468M->248M(503M) 70.806ms
[789.606s][info][gc,cpu         ] GC(2042) User=0.13s Sys=0.01s Real=0.07s
[789.938s][info][gc,start       ] GC(2043) Pause Young (Allocation Failure)
[790.026s][info][gc,heap        ] GC(2043) PSYoungGen: 272896K(272896K)->19968K(300544K) Eden: 261120K(261120K)->0K(280576K) From: 11776K(11776K)->19968K(19968K)
[790.026s][info][gc,heap        ] GC(2043) ParOldGen: 242464K(242688K)->248936K(249344K)
[790.026s][info][gc,metaspace   ] GC(2043) Metaspace: 35463K(36160K)->35463K(36160K) NonClass: 29190K(29696K)->29190K(29696K) Class: 6272K(6464K)->6272K(6464K)
[790.026s][info][gc             ] GC(2043) Pause Young (Allocation Failure) 503M->262M(537M) 87.549ms
[790.026s][info][gc,cpu         ] GC(2043) User=0.15s Sys=0.03s Real=0.09s
[790.185s][info][gc,start       ] GC(2044) Pause Young (Allocation Failure)
[790.188s][info][gc,heap        ] GC(2044) PSYoungGen: 300544K(300544K)->64K(307200K) Eden: 280576K(280576K)->0K(280576K) From: 19968K(19968K)->64K(26624K)
[790.188s][info][gc,heap        ] GC(2044) ParOldGen: 248936K(249344K)->249160K(249344K)
[790.188s][info][gc,metaspace   ] GC(2044) Metaspace: 35463K(36160K)->35463K(36160K) NonClass: 29190K(29696K)->29190K(29696K) Class: 6272K(6464K)->6272K(6464K)
[790.188s][info][gc             ] GC(2044) Pause Young (Allocation Failure) 536M->243M(543M) 3.269ms
[790.188s][info][gc,cpu         ] GC(2044) User=0.01s Sys=0.00s Real=0.00s
[791.042s][info][gc,start       ] GC(2045) Pause Young (Allocation Failure)
[791.044s][info][gc,heap        ] GC(2045) PSYoungGen: 280640K(307200K)->32K(304128K) Eden: 280576K(280576K)->0K(281600K) From: 64K(26624K)->32K(22528K)
[791.044s][info][gc,heap        ] GC(2045) ParOldGen: 249160K(249344K)->249168K(249344K)
[791.044s][info][gc,metaspace   ] GC(2045) Metaspace: 35463K(36160K)->35463K(36160K) NonClass: 29190K(29696K)->29190K(29696K) Class: 6272K(6464K)->6272K(6464K)
[791.044s][info][gc             ] GC(2045) Pause Young (Allocation Failure) 517M->243M(540M) 2.239ms
[791.044s][info][gc,cpu         ] GC(2045) User=0.01s Sys=0.00s Real=0.00s
[791.528s][info][gc,start       ] GC(2046) Pause Young (Allocation Failure)
[791.530s][info][gc,heap        ] GC(2046) PSYoungGen: 281632K(304128K)->32K(306176K) Eden: 281600K(281600K)->0K(281600K) From: 32K(22528K)->32K(24576K)
[791.530s][info][gc,heap        ] GC(2046) ParOldGen: 249168K(249344K)->249184K(249344K)
[791.530s][info][gc,metaspace   ] GC(2046) Metaspace: 35463K(36160K)->35463K(36160K) NonClass: 29190K(29696K)->29190K(29696K) Class: 6272K(6464K)->6272K(6464K)
[791.530s][info][gc             ] GC(2046) Pause Young (Allocation Failure) 518M->243M(542M) 1.661ms
[791.530s][info][gc,cpu         ] GC(2046) User=0.01s Sys=0.01s Real=0.00s
[792.027s][info][gc,start       ] GC(2047) Pause Young (Allocation Failure)
[792.028s][info][gc,heap        ] GC(2047) PSYoungGen: 281632K(306176K)->32K(307200K) Eden: 281600K(281600K)->0K(285696K) From: 32K(24576K)->32K(21504K)
[792.028s][info][gc,heap        ] GC(2047) ParOldGen: 249184K(249344K)->249200K(249344K)
[792.028s][info][gc,metaspace   ] GC(2047) Metaspace: 35463K(36160K)->35463K(36160K) NonClass: 29190K(29696K)->29190K(29696K) Class: 6272K(6464K)->6272K(6464K)
[792.028s][info][gc             ] GC(2047) Pause Young (Allocation Failure) 518M->243M(543M) 1.666ms
[792.028s][info][gc,cpu         ] GC(2047) User=0.00s Sys=0.00s Real=0.00s
[792.279s][info][gc,start       ] GC(2048) Pause Young (Allocation Failure)
[792.280s][info][gc,heap        ] GC(2048) PSYoungGen: 285728K(307200K)->64K(308736K) Eden: 285696K(285696K)->0K(285696K) From: 32K(21504K)->64K(23040K)
[792.280s][info][gc,heap        ] GC(2048) ParOldGen: 249200K(249344K)->249216K(249344K)
[792.280s][info][gc,metaspace   ] GC(2048) Metaspace: 35463K(36160K)->35463K(36160K) NonClass: 29190K(29696K)->29190K(29696K) Class: 6272K(6464K)->6272K(6464K)
[792.280s][info][gc             ] GC(2048) Pause Young (Allocation Failure) 522M->243M(545M) 1.354ms
[792.280s][info][gc,cpu         ] GC(2048) User=0.00s Sys=0.00s Real=0.00s
[792.528s][info][gc,start       ] GC(2049) Pause Young (Allocation Failure)
[792.530s][info][gc,heap        ] GC(2049) PSYoungGen: 285760K(308736K)->64K(308736K) Eden: 285696K(285696K)->0K(289280K) From: 64K(23040K)->64K(19456K)
[792.530s][info][gc,heap        ] GC(2049) ParOldGen: 249216K(249344K)->249216K(249344K)
[792.530s][info][gc,metaspace   ] GC(2049) Metaspace: 35463K(36160K)->35463K(36160K) NonClass: 29190K(29696K)->29190K(29696K) Class: 6272K(6464K)->6272K(6464K)
[792.530s][info][gc             ] GC(2049) Pause Young (Allocation Failure) 522M->243M(545M) 1.714ms
[792.530s][info][gc,cpu         ] GC(2049) User=0.00s Sys=0.00s Real=0.00s
[792.938s][info][gc,start       ] GC(2050) Pause Young (Allocation Failure)
[792.940s][info][gc,heap        ] GC(2050) PSYoungGen: 289344K(308736K)->32K(309760K) Eden: 289280K(289280K)->0K(289280K) From: 64K(19456K)->32K(20480K)
[792.940s][info][gc,heap        ] GC(2050) ParOldGen: 249216K(249344K)->249216K(249344K)
[792.940s][info][gc,metaspace   ] GC(2050) Metaspace: 35463K(36160K)->35463K(36160K) NonClass: 29190K(29696K)->29190K(29696K) Class: 6272K(6464K)->6272K(6464K)
[792.940s][info][gc             ] GC(2050) Pause Young (Allocation Failure) 525M->243M(546M) 1.984ms
[792.940s][info][gc,cpu         ] GC(2050) User=0.01s Sys=0.00s Real=0.00s
[792.997s][info][gc,start       ] GC(2051) Pause Young (Allocation Failure)
[792.998s][info][gc,heap        ] GC(2051) PSYoungGen: 289312K(309760K)->32K(311296K) Eden: 289280K(289280K)->0K(293888K) From: 32K(20480K)->32K(17408K)
[792.998s][info][gc,heap        ] GC(2051) ParOldGen: 249216K(249344K)->249232K(249344K)
[792.998s][info][gc,metaspace   ] GC(2051) Metaspace: 35463K(36160K)->35463K(36160K) NonClass: 29190K(29696K)->29190K(29696K) Class: 6272K(6464K)->6272K(6464K)
[792.998s][info][gc             ] GC(2051) Pause Young (Allocation Failure) 525M->243M(547M) 1.741ms
[792.998s][info][gc,cpu         ] GC(2051) User=0.01s Sys=0.00s Real=0.00s
[793.059s][info][gc,start       ] GC(2052) Pause Young (Allocation Failure)
[793.061s][info][gc,heap        ] GC(2052) PSYoungGen: 293920K(311296K)->32K(312320K) Eden: 293888K(293888K)->0K(293888K) From: 32K(17408K)->32K(18432K)
[793.061s][info][gc,heap        ] GC(2052) ParOldGen: 249232K(249344K)->249232K(249344K)
[793.061s][info][gc,metaspace   ] GC(2052) Metaspace: 35463K(36160K)->35463K(36160K) NonClass: 29190K(29696K)->29190K(29696K) Class: 6272K(6464K)->6272K(6464K)
[793.061s][info][gc             ] GC(2052) Pause Young (Allocation Failure) 530M->243M(548M) 1.706ms
[793.061s][info][gc,cpu         ] GC(2052) User=0.01s Sys=0.00s Real=0.01s
[793.290s][info][gc,start       ] GC(2053) Pause Young (Allocation Failure)
[793.292s][info][gc,heap        ] GC(2053) PSYoungGen: 293920K(312320K)->64K(313344K) Eden: 293888K(293888K)->0K(297984K) From: 32K(18432K)->64K(15360K)
[793.292s][info][gc,heap        ] GC(2053) ParOldGen: 249232K(249344K)->249232K(249344K)
[793.292s][info][gc,metaspace   ] GC(2053) Metaspace: 35463K(36160K)->35463K(36160K) NonClass: 29190K(29696K)->29190K(29696K) Class: 6272K(6464K)->6272K(6464K)
[793.292s][info][gc             ] GC(2053) Pause Young (Allocation Failure) 530M->243M(549M) 1.378ms
[793.292s][info][gc,cpu         ] GC(2053) User=0.00s Sys=0.01s Real=0.01s
[793.540s][info][gc,start       ] GC(2054) Pause Young (Allocation Failure)
[793.542s][info][gc,heap        ] GC(2054) PSYoungGen: 298048K(313344K)->64K(314368K) Eden: 297984K(297984K)->0K(297984K) From: 64K(15360K)->64K(16384K)
[793.542s][info][gc,heap        ] GC(2054) ParOldGen: 249232K(249344K)->249240K(249344K)
[793.542s][info][gc,metaspace   ] GC(2054) Metaspace: 35463K(36160K)->35463K(36160K) NonClass: 29190K(29696K)->29190K(29696K) Class: 6272K(6464K)->6272K(6464K)
[793.542s][info][gc             ] GC(2054) Pause Young (Allocation Failure) 534M->243M(550M) 1.746ms
[793.542s][info][gc,cpu         ] GC(2054) User=0.00s Sys=0.00s Real=0.01s
[793.671s][info][gc,start       ] GC(2055) Pause Young (Allocation Failure)
[793.672s][info][gc,heap        ] GC(2055) PSYoungGen: 298048K(314368K)->64K(315392K) Eden: 297984K(297984K)->0K(302080K) From: 64K(16384K)->64K(13312K)
[793.672s][info][gc,heap        ] GC(2055) ParOldGen: 249240K(249344K)->249256K(249344K)
[793.672s][info][gc,metaspace   ] GC(2055) Metaspace: 35463K(36160K)->35463K(36160K) NonClass: 29190K(29696K)->29190K(29696K) Class: 6272K(6464K)->6272K(6464K)
[793.672s][info][gc             ] GC(2055) Pause Young (Allocation Failure) 534M->243M(551M) 1.787ms
[793.672s][info][gc,cpu         ] GC(2055) User=0.00s Sys=0.00s Real=0.01s
[793.796s][info][gc,start       ] GC(2056) Pause Young (Allocation Failure)
[793.797s][info][gc,heap        ] GC(2056) PSYoungGen: 302144K(315392K)->64K(316416K) Eden: 302080K(302080K)->0K(302080K) From: 64K(13312K)->64K(14336K)
[793.798s][info][gc,heap        ] GC(2056) ParOldGen: 249256K(249344K)->249264K(249344K)
[793.798s][info][gc,metaspace   ] GC(2056) Metaspace: 35463K(36160K)->35463K(36160K) NonClass: 29190K(29696K)->29190K(29696K) Class: 6272K(6464K)->6272K(6464K)
[793.798s][info][gc             ] GC(2056) Pause Young (Allocation Failure) 538M->243M(552M) 1.333ms
[793.798s][info][gc,cpu         ] GC(2056) User=0.00s Sys=0.00s Real=0.00s
[794.052s][info][gc,start       ] GC(2057) Pause Young (Allocation Failure)
[794.053s][info][gc,heap        ] GC(2057) PSYoungGen: 302144K(316416K)->64K(316928K) Eden: 302080K(302080K)->0K(305664K) From: 64K(14336K)->64K(11264K)
[794.053s][info][gc,heap        ] GC(2057) ParOldGen: 249264K(249344K)->249272K(249344K)
[794.053s][info][gc,metaspace   ] GC(2057) Metaspace: 35463K(36160K)->35463K(36160K) NonClass: 29190K(29696K)->29190K(29696K) Class: 6272K(6464K)->6272K(6464K)
[794.053s][info][gc             ] GC(2057) Pause Young (Allocation Failure) 538M->243M(553M) 1.728ms
[794.053s][info][gc,cpu         ] GC(2057) User=0.00s Sys=0.00s Real=0.00s
[795.161s][info][gc,start       ] GC(2058) Pause Young (Allocation Failure)
[795.163s][info][gc,heap        ] GC(2058) PSYoungGen: 305728K(316928K)->83K(293888K) Eden: 305664K(305664K)->0K(293376K) From: 64K(11264K)->83K(512K)
[795.163s][info][gc,heap        ] GC(2058) ParOldGen: 249272K(249344K)->249280K(249344K)
[795.163s][info][gc,metaspace   ] GC(2058) Metaspace: 35463K(36160K)->35463K(36160K) NonClass: 29190K(29696K)->29190K(29696K) Class: 6272K(6464K)->6272K(6464K)
[795.163s][info][gc             ] GC(2058) Pause Young (Allocation Failure) 541M->243M(530M) 2.460ms
[795.163s][info][gc,cpu         ] GC(2058) User=0.00s Sys=0.00s Real=0.00s
[796.386s][info][gc,start       ] GC(2059) Pause Young (Allocation Failure)
[796.388s][info][gc,heap        ] GC(2059) PSYoungGen: 293459K(293888K)->64K(282112K) Eden: 293376K(293376K)->0K(281600K) From: 83K(512K)->64K(512K)
[796.388s][info][gc,heap        ] GC(2059) ParOldGen: 249280K(249344K)->249288K(249344K)
[796.388s][info][gc,metaspace   ] GC(2059) Metaspace: 35463K(36160K)->35463K(36160K) NonClass: 29190K(29696K)->29190K(29696K) Class: 6272K(6464K)->6272K(6464K)
[796.388s][info][gc             ] GC(2059) Pause Young (Allocation Failure) 530M->243M(519M) 2.441ms
[796.388s][info][gc,cpu         ] GC(2059) User=0.00s Sys=0.00s Real=0.00s
[796.843s][info][gc,start       ] GC(2060) Pause Young (Allocation Failure)
[796.844s][info][gc,heap        ] GC(2060) PSYoungGen: 281664K(282112K)->64K(282112K) Eden: 281600K(281600K)->0K(270848K) From: 64K(512K)->64K(11264K)
[796.844s][info][gc,heap        ] GC(2060) ParOldGen: 249288K(249344K)->249304K(249344K)
[796.844s][info][gc,metaspace   ] GC(2060) Metaspace: 35463K(36160K)->35463K(36160K) NonClass: 29190K(29696K)->29190K(29696K) Class: 6272K(6464K)->6272K(6464K)
[796.844s][info][gc             ] GC(2060) Pause Young (Allocation Failure) 518M->243M(519M) 1.616ms
[796.844s][info][gc,cpu         ] GC(2060) User=0.00s Sys=0.00s Real=0.00s
[797.247s][info][gc,start       ] GC(2061) Pause Young (Allocation Failure)
[797.249s][info][gc,heap        ] GC(2061) PSYoungGen: 270912K(282112K)->64K(261120K) Eden: 270848K(270848K)->0K(260608K) From: 64K(11264K)->64K(512K)
[797.249s][info][gc,heap        ] GC(2061) ParOldGen: 249304K(249344K)->249320K(249344K)
[797.249s][info][gc,metaspace   ] GC(2061) Metaspace: 35463K(36160K)->35463K(36160K) NonClass: 29190K(29696K)->29190K(29696K) Class: 6272K(6464K)->6272K(6464K)
[797.249s][info][gc             ] GC(2061) Pause Young (Allocation Failure) 508M->243M(498M) 2.224ms
[797.249s][info][gc,cpu         ] GC(2061) User=0.00s Sys=0.00s Real=0.00s
[798.339s][info][gc,start       ] GC(2062) Pause Young (Allocation Failure)
[798.340s][info][gc,heap        ] GC(2062) PSYoungGen: 260672K(261120K)->64K(260608K) Eden: 260608K(260608K)->0K(250880K) From: 64K(512K)->64K(9728K)
[798.340s][info][gc,heap        ] GC(2062) ParOldGen: 249320K(249344K)->249336K(249344K)
[798.340s][info][gc,metaspace   ] GC(2062) Metaspace: 35463K(36160K)->35463K(36160K) NonClass: 29190K(29696K)->29190K(29696K) Class: 6272K(6464K)->6272K(6464K)
[798.340s][info][gc             ] GC(2062) Pause Young (Allocation Failure) 498M->243M(498M) 1.600ms
[798.340s][info][gc,cpu         ] GC(2062) User=0.00s Sys=0.00s Real=0.00s
[798.768s][info][gc,start       ] GC(2063) Pause Young (Allocation Failure)
[798.771s][info][gc,heap        ] GC(2063) PSYoungGen: 250944K(260608K)->64K(241664K) Eden: 250880K(250880K)->0K(241152K) From: 64K(9728K)->64K(512K)
[798.771s][info][gc,heap        ] GC(2063) ParOldGen: 249336K(249344K)->249344K(249856K)
[798.771s][info][gc,metaspace   ] GC(2063) Metaspace: 35463K(36160K)->35463K(36160K) NonClass: 29190K(29696K)->29190K(29696K) Class: 6272K(6464K)->6272K(6464K)
[798.771s][info][gc             ] GC(2063) Pause Young (Allocation Failure) 488M->243M(480M) 3.025ms
[798.771s][info][gc,cpu         ] GC(2063) User=0.00s Sys=0.00s Real=0.01s
[798.883s][info][gc,start       ] GC(2064) Pause Young (Allocation Failure)
[798.885s][info][gc,heap        ] GC(2064) PSYoungGen: 241216K(241664K)->64K(240128K) Eden: 241152K(241152K)->0K(231936K) From: 64K(512K)->64K(8192K)
[798.885s][info][gc,heap        ] GC(2064) ParOldGen: 249344K(249856K)->249352K(249856K)
[798.885s][info][gc,metaspace   ] GC(2064) Metaspace: 35463K(36160K)->35463K(36160K) NonClass: 29190K(29696K)->29190K(29696K) Class: 6272K(6464K)->6272K(6464K)
[798.885s][info][gc             ] GC(2064) Pause Young (Allocation Failure) 479M->243M(478M) 2.238ms
[798.885s][info][gc,cpu         ] GC(2064) User=0.00s Sys=0.00s Real=0.00s
[799.355s][info][gc,start       ] GC(2065) Pause Young (Allocation Failure)
[799.358s][info][gc,heap        ] GC(2065) PSYoungGen: 232000K(240128K)->64K(223744K) Eden: 231936K(231936K)->0K(223232K) From: 64K(8192K)->64K(512K)
[799.358s][info][gc,heap        ] GC(2065) ParOldGen: 249352K(249856K)->249360K(249856K)
[799.358s][info][gc,metaspace   ] GC(2065) Metaspace: 35463K(36160K)->35463K(36160K) NonClass: 29190K(29696K)->29190K(29696K) Class: 6272K(6464K)->6272K(6464K)
[799.358s][info][gc             ] GC(2065) Pause Young (Allocation Failure) 470M->243M(462M) 3.410ms
[799.358s][info][gc,cpu         ] GC(2065) User=0.00s Sys=0.00s Real=0.00s
[799.741s][info][gc,start       ] GC(2066) Pause Young (Allocation Failure)
[799.742s][info][gc,heap        ] GC(2066) PSYoungGen: 223296K(223744K)->64K(222208K) Eden: 223232K(223232K)->0K(215040K) From: 64K(512K)->64K(7168K)
[799.742s][info][gc,heap        ] GC(2066) ParOldGen: 249360K(249856K)->249376K(249856K)
[799.742s][info][gc,metaspace   ] GC(2066) Metaspace: 35463K(36160K)->35463K(36160K) NonClass: 29190K(29696K)->29190K(29696K) Class: 6272K(6464K)->6272K(6464K)
[799.742s][info][gc             ] GC(2066) Pause Young (Allocation Failure) 461M->243M(461M) 1.727ms
[799.742s][info][gc,cpu         ] GC(2066) User=0.00s Sys=0.01s Real=0.01s
[800.179s][info][gc,start       ] GC(2067) Pause Young (Allocation Failure)
[800.186s][info][gc,heap        ] GC(2067) PSYoungGen: 215104K(222208K)->2816K(210432K) Eden: 215040K(215040K)->0K(207360K) From: 64K(7168K)->2816K(3072K)
[800.186s][info][gc,heap        ] GC(2067) ParOldGen: 249376K(249856K)->249384K(249856K)
[800.186s][info][gc,metaspace   ] GC(2067) Metaspace: 35463K(36160K)->35463K(36160K) NonClass: 29190K(29696K)->29190K(29696K) Class: 6272K(6464K)->6272K(6464K)
[800.186s][info][gc             ] GC(2067) Pause Young (Allocation Failure) 453M->246M(449M) 7.183ms
[800.186s][info][gc,cpu         ] GC(2067) User=0.01s Sys=0.00s Real=0.01s
[800.477s][info][gc,start       ] GC(2068) Pause Young (Allocation Failure)
[800.534s][info][gc,heap        ] GC(2068) PSYoungGen: 210176K(210432K)->7168K(255488K) Eden: 207360K(207360K)->0K(248320K) From: 2816K(3072K)->7168K(7168K)
[800.534s][info][gc,heap        ] GC(2068) ParOldGen: 249384K(249856K)->264224K(264704K)
[800.534s][info][gc,metaspace   ] GC(2068) Metaspace: 35463K(36160K)->35463K(36160K) NonClass: 29190K(29696K)->29190K(29696K) Class: 6272K(6464K)->6272K(6464K)
[800.534s][info][gc             ] GC(2068) Pause Young (Allocation Failure) 448M->265M(508M) 56.965ms
[800.534s][info][gc,cpu         ] GC(2068) User=0.10s Sys=0.01s Real=0.06s
[800.925s][info][gc,start       ] GC(2069) Pause Young (Allocation Failure)
[801.017s][info][gc,heap        ] GC(2069) PSYoungGen: 255488K(255488K)->4608K(255488K) Eden: 248320K(248320K)->0K(250880K) From: 7168K(7168K)->4608K(4608K)
[801.017s][info][gc,heap        ] GC(2069) ParOldGen: 264224K(264704K)->286544K(286720K)
[801.017s][info][gc,metaspace   ] GC(2069) Metaspace: 35463K(36160K)->35463K(36160K) NonClass: 29190K(29696K)->29190K(29696K) Class: 6272K(6464K)->6272K(6464K)
[801.017s][info][gc             ] GC(2069) Pause Young (Allocation Failure) 507M->284M(529M) 92.214ms
[801.017s][info][gc,cpu         ] GC(2069) User=0.15s Sys=0.03s Real=0.09s
[801.316s][info][gc,start       ] GC(2070) Pause Young (Allocation Failure)
[801.369s][info][gc,heap        ] GC(2070) PSYoungGen: 255488K(255488K)->17824K(272896K) Eden: 250880K(250880K)->0K(250880K) From: 4608K(4608K)->17824K(22016K)
[801.369s][info][gc,heap        ] GC(2070) ParOldGen: 286544K(286720K)->287368K(287744K)
[801.369s][info][gc,metaspace   ] GC(2070) Metaspace: 35463K(36160K)->35463K(36160K) NonClass: 29190K(29696K)->29190K(29696K) Class: 6272K(6464K)->6272K(6464K)
[801.369s][info][gc             ] GC(2070) Pause Young (Allocation Failure) 529M->298M(547M) 52.853ms
[801.369s][info][gc,cpu         ] GC(2070) User=0.10s Sys=0.01s Real=0.05s
[801.545s][info][gc,start       ] GC(2071) Pause Young (Allocation Failure)
[801.546s][info][gc,heap        ] GC(2071) PSYoungGen: 268704K(272896K)->64K(309760K) Eden: 250880K(250880K)->0K(284672K) From: 17824K(22016K)->64K(25088K)
[801.546s][info][gc,heap        ] GC(2071) ParOldGen: 287368K(287744K)->287376K(287744K)
[801.546s][info][gc,metaspace   ] GC(2071) Metaspace: 35463K(36160K)->35463K(36160K) NonClass: 29190K(29696K)->29190K(29696K) Class: 6272K(6464K)->6272K(6464K)
[801.546s][info][gc             ] GC(2071) Pause Young (Allocation Failure) 543M->280M(583M) 1.514ms
[801.546s][info][gc,cpu         ] GC(2071) User=0.01s Sys=0.00s Real=0.00s
[802.455s][info][gc,start       ] GC(2072) Pause Young (Allocation Failure)
[802.457s][info][gc,heap        ] GC(2072) PSYoungGen: 284736K(309760K)->64K(285184K) Eden: 284672K(284672K)->0K(284672K) From: 64K(25088K)->64K(512K)
[802.457s][info][gc,heap        ] GC(2072) ParOldGen: 287376K(287744K)->287392K(287744K)
[802.457s][info][gc,metaspace   ] GC(2072) Metaspace: 35463K(36160K)->35463K(36160K) NonClass: 29190K(29696K)->29190K(29696K) Class: 6272K(6464K)->6272K(6464K)
[802.457s][info][gc             ] GC(2072) Pause Young (Allocation Failure) 558M->280M(559M) 2.074ms
[802.457s][info][gc,cpu         ] GC(2072) User=0.01s Sys=0.00s Real=0.00s
[802.818s][info][gc,start       ] GC(2073) Pause Young (Allocation Failure)
[802.820s][info][gc,heap        ] GC(2073) PSYoungGen: 284736K(285184K)->64K(309248K) Eden: 284672K(284672K)->0K(285696K) From: 64K(512K)->64K(23552K)
[802.820s][info][gc,heap        ] GC(2073) ParOldGen: 287392K(287744K)->287392K(287744K)
[802.820s][info][gc,metaspace   ] GC(2073) Metaspace: 35463K(36160K)->35463K(36160K) NonClass: 29190K(29696K)->29190K(29696K) Class: 6272K(6464K)->6272K(6464K)
[802.820s][info][gc             ] GC(2073) Pause Young (Allocation Failure) 558M->280M(583M) 1.988ms
[802.820s][info][gc,cpu         ] GC(2073) User=0.00s Sys=0.00s Real=0.00s
[803.360s][info][gc,start       ] GC(2074) Pause Young (Allocation Failure)
[803.361s][info][gc,heap        ] GC(2074) PSYoungGen: 285760K(309248K)->64K(308224K) Eden: 285696K(285696K)->0K(285696K) From: 64K(23552K)->64K(22528K)
[803.362s][info][gc,heap        ] GC(2074) ParOldGen: 287392K(287744K)->287408K(287744K)
[803.362s][info][gc,metaspace   ] GC(2074) Metaspace: 35463K(36160K)->35463K(36160K) NonClass: 29190K(29696K)->29190K(29696K) Class: 6272K(6464K)->6272K(6464K)
[803.362s][info][gc             ] GC(2074) Pause Young (Allocation Failure) 559M->280M(582M) 2.061ms
[803.362s][info][gc,cpu         ] GC(2074) User=0.01s Sys=0.00s Real=0.01s
[803.631s][info][gc,start       ] GC(2075) Pause Young (Allocation Failure)
[803.633s][info][gc,heap        ] GC(2075) PSYoungGen: 285760K(308224K)->32K(310272K) Eden: 285696K(285696K)->0K(288768K) From: 64K(22528K)->32K(21504K)
[803.633s][info][gc,heap        ] GC(2075) ParOldGen: 287408K(287744K)->287424K(287744K)
[803.633s][info][gc,metaspace   ] GC(2075) Metaspace: 35463K(36160K)->35463K(36160K) NonClass: 29190K(29696K)->29190K(29696K) Class: 6272K(6464K)->6272K(6464K)
[803.633s][info][gc             ] GC(2075) Pause Young (Allocation Failure) 559M->280M(584M) 1.974ms
[803.633s][info][gc,cpu         ] GC(2075) User=0.01s Sys=0.00s Real=0.00s
[803.897s][info][gc,start       ] GC(2076) Pause Young (Allocation Failure)
[803.898s][info][gc,heap        ] GC(2076) PSYoungGen: 288800K(310272K)->64K(309248K) Eden: 288768K(288768K)->0K(288768K) From: 32K(21504K)->64K(20480K)
[803.899s][info][gc,heap        ] GC(2076) ParOldGen: 287424K(287744K)->287424K(287744K)
[803.899s][info][gc,metaspace   ] GC(2076) Metaspace: 35463K(36160K)->35463K(36160K) NonClass: 29190K(29696K)->29190K(29696K) Class: 6272K(6464K)->6272K(6464K)
[803.899s][info][gc             ] GC(2076) Pause Young (Allocation Failure) 562M->280M(583M) 1.804ms
[803.899s][info][gc,cpu         ] GC(2076) User=0.00s Sys=0.00s Real=0.00s
[804.275s][info][gc,start       ] GC(2077) Pause Young (Allocation Failure)
[804.276s][info][gc,heap        ] GC(2077) PSYoungGen: 288832K(309248K)->64K(311808K) Eden: 288768K(288768K)->0K(292352K) From: 64K(20480K)->64K(19456K)
[804.276s][info][gc,heap        ] GC(2077) ParOldGen: 287424K(287744K)->287424K(287744K)
[804.276s][info][gc,metaspace   ] GC(2077) Metaspace: 35463K(36160K)->35463K(36160K) NonClass: 29190K(29696K)->29190K(29696K) Class: 6272K(6464K)->6272K(6464K)
[804.277s][info][gc             ] GC(2077) Pause Young (Allocation Failure) 562M->280M(585M) 1.572ms
[804.277s][info][gc,cpu         ] GC(2077) User=0.01s Sys=0.00s Real=0.00s
[804.337s][info][gc,start       ] GC(2078) Pause Young (Allocation Failure)
[804.338s][info][gc,heap        ] GC(2078) PSYoungGen: 292416K(311808K)->64K(311296K) Eden: 292352K(292352K)->0K(292352K) From: 64K(19456K)->64K(18944K)
[804.338s][info][gc,heap        ] GC(2078) ParOldGen: 287424K(287744K)->287440K(287744K)
[804.338s][info][gc,metaspace   ] GC(2078) Metaspace: 35463K(36160K)->35463K(36160K) NonClass: 29190K(29696K)->29190K(29696K) Class: 6272K(6464K)->6272K(6464K)
[804.338s][info][gc             ] GC(2078) Pause Young (Allocation Failure) 566M->280M(585M) 1.370ms
[804.338s][info][gc,cpu         ] GC(2078) User=0.01s Sys=0.00s Real=0.00s
[804.404s][info][gc,start       ] GC(2079) Pause Young (Allocation Failure)
[804.406s][info][gc,heap        ] GC(2079) PSYoungGen: 292416K(311296K)->32K(313856K) Eden: 292352K(292352K)->0K(296448K) From: 64K(18944K)->32K(17408K)
[804.406s][info][gc,heap        ] GC(2079) ParOldGen: 287440K(287744K)->287440K(287744K)
[804.406s][info][gc,metaspace   ] GC(2079) Metaspace: 35463K(36160K)->35463K(36160K) NonClass: 29190K(29696K)->29190K(29696K) Class: 6272K(6464K)->6272K(6464K)
[804.406s][info][gc             ] GC(2079) Pause Young (Allocation Failure) 566M->280M(587M) 1.908ms
[804.406s][info][gc,cpu         ] GC(2079) User=0.00s Sys=0.00s Real=0.00s
[804.669s][info][gc,start       ] GC(2080) Pause Young (Allocation Failure)
[804.671s][info][gc,heap        ] GC(2080) PSYoungGen: 296480K(313856K)->32K(313344K) Eden: 296448K(296448K)->0K(296448K) From: 32K(17408K)->32K(16896K)
[804.671s][info][gc,heap        ] GC(2080) ParOldGen: 287440K(287744K)->287456K(287744K)
[804.671s][info][gc,metaspace   ] GC(2080) Metaspace: 35463K(36160K)->35463K(36160K) NonClass: 29190K(29696K)->29190K(29696K) Class: 6272K(6464K)->6272K(6464K)
[804.671s][info][gc             ] GC(2080) Pause Young (Allocation Failure) 570M->280M(587M) 1.902ms
[804.671s][info][gc,cpu         ] GC(2080) User=0.01s Sys=0.00s Real=0.01s
[804.909s][info][gc,start       ] GC(2081) Pause Young (Allocation Failure)
[804.911s][info][gc,heap        ] GC(2081) PSYoungGen: 296480K(313344K)->64K(315904K) Eden: 296448K(296448K)->0K(300544K) From: 32K(16896K)->64K(15360K)
[804.911s][info][gc,heap        ] GC(2081) ParOldGen: 287456K(287744K)->287456K(287744K)
[804.911s][info][gc,metaspace   ] GC(2081) Metaspace: 35463K(36160K)->35463K(36160K) NonClass: 29190K(29696K)->29190K(29696K) Class: 6272K(6464K)->6272K(6464K)
[804.911s][info][gc             ] GC(2081) Pause Young (Allocation Failure) 570M->280M(589M) 1.912ms
[804.911s][info][gc,cpu         ] GC(2081) User=0.00s Sys=0.00s Real=0.01s
[805.023s][info][gc,start       ] GC(2082) Pause Young (Allocation Failure)
[805.025s][info][gc,heap        ] GC(2082) PSYoungGen: 300608K(315904K)->64K(315392K) Eden: 300544K(300544K)->0K(300544K) From: 64K(15360K)->64K(14848K)
[805.025s][info][gc,heap        ] GC(2082) ParOldGen: 287456K(287744K)->287464K(287744K)
[805.025s][info][gc,metaspace   ] GC(2082) Metaspace: 35463K(36160K)->35463K(36160K) NonClass: 29190K(29696K)->29190K(29696K) Class: 6272K(6464K)->6272K(6464K)
[805.025s][info][gc             ] GC(2082) Pause Young (Allocation Failure) 574M->280M(589M) 2.016ms
[805.025s][info][gc,cpu         ] GC(2082) User=0.00s Sys=0.00s Real=0.00s
[805.163s][info][gc,start       ] GC(2083) Pause Young (Allocation Failure)
[805.165s][info][gc,heap        ] GC(2083) PSYoungGen: 300608K(315392K)->64K(317952K) Eden: 300544K(300544K)->0K(304128K) From: 64K(14848K)->64K(13824K)
[805.165s][info][gc,heap        ] GC(2083) ParOldGen: 287464K(287744K)->287472K(287744K)
[805.165s][info][gc,metaspace   ] GC(2083) Metaspace: 35463K(36160K)->35463K(36160K) NonClass: 29190K(29696K)->29190K(29696K) Class: 6272K(6464K)->6272K(6464K)
[805.165s][info][gc             ] GC(2083) Pause Young (Allocation Failure) 574M->280M(591M) 1.937ms
[805.165s][info][gc,cpu         ] GC(2083) User=0.00s Sys=0.00s Real=0.00s
[805.723s][info][gc,start       ] GC(2084) Pause Young (Allocation Failure)
[805.725s][info][gc,heap        ] GC(2084) PSYoungGen: 304192K(317952K)->64K(317440K) Eden: 304128K(304128K)->0K(304128K) From: 64K(13824K)->64K(13312K)
[805.725s][info][gc,heap        ] GC(2084) ParOldGen: 287472K(287744K)->287480K(287744K)
[805.725s][info][gc,metaspace   ] GC(2084) Metaspace: 35463K(36160K)->35463K(36160K) NonClass: 29190K(29696K)->29190K(29696K) Class: 6272K(6464K)->6272K(6464K)
[805.725s][info][gc             ] GC(2084) Pause Young (Allocation Failure) 577M->280M(591M) 2.254ms
[805.725s][info][gc,cpu         ] GC(2084) User=0.00s Sys=0.00s Real=0.00s
[806.597s][info][gc,start       ] GC(2085) Pause Young (Allocation Failure)
[806.599s][info][gc,heap        ] GC(2085) PSYoungGen: 304192K(317440K)->64K(319488K) Eden: 304128K(304128K)->0K(307712K) From: 64K(13312K)->64K(11776K)
[806.599s][info][gc,heap        ] GC(2085) ParOldGen: 287480K(287744K)->287488K(287744K)
[806.599s][info][gc,metaspace   ] GC(2085) Metaspace: 35463K(36160K)->35463K(36160K) NonClass: 29190K(29696K)->29190K(29696K) Class: 6272K(6464K)->6272K(6464K)
[806.599s][info][gc             ] GC(2085) Pause Young (Allocation Failure) 577M->280M(593M) 1.888ms
[806.599s][info][gc,cpu         ] GC(2085) User=0.00s Sys=0.00s Real=0.00s
[807.800s][info][gc,start       ] GC(2086) Pause Young (Allocation Failure)
[807.802s][info][gc,heap        ] GC(2086) PSYoungGen: 307776K(319488K)->64K(295936K) Eden: 307712K(307712K)->0K(295424K) From: 64K(11776K)->64K(512K)
[807.802s][info][gc,heap        ] GC(2086) ParOldGen: 287488K(287744K)->287496K(287744K)
[807.802s][info][gc,metaspace   ] GC(2086) Metaspace: 35463K(36160K)->35463K(36160K) NonClass: 29190K(29696K)->29190K(29696K) Class: 6272K(6464K)->6272K(6464K)
[807.802s][info][gc             ] GC(2086) Pause Young (Allocation Failure) 581M->280M(570M) 1.943ms
[807.802s][info][gc,cpu         ] GC(2086) User=0.01s Sys=0.00s Real=0.01s
[808.330s][info][gc,start       ] GC(2087) Pause Young (Allocation Failure)
[808.332s][info][gc,heap        ] GC(2087) PSYoungGen: 295488K(295936K)->64K(284160K) Eden: 295424K(295424K)->0K(283648K) From: 64K(512K)->64K(512K)
[808.332s][info][gc,heap        ] GC(2087) ParOldGen: 287496K(287744K)->287504K(287744K)
[808.332s][info][gc,metaspace   ] GC(2087) Metaspace: 35463K(36160K)->35463K(36160K) NonClass: 29190K(29696K)->29190K(29696K) Class: 6272K(6464K)->6272K(6464K)
[808.333s][info][gc             ] GC(2087) Pause Young (Allocation Failure) 569M->280M(558M) 2.137ms
[808.333s][info][gc,cpu         ] GC(2087) User=0.00s Sys=0.00s Real=0.01s
[809.456s][info][gc,start       ] GC(2088) Pause Young (Allocation Failure)
[809.458s][info][gc,heap        ] GC(2088) PSYoungGen: 283712K(284160K)->32K(282624K) Eden: 283648K(283648K)->0K(272384K) From: 64K(512K)->32K(10240K)
[809.459s][info][gc,heap        ] GC(2088) ParOldGen: 287504K(287744K)->287520K(287744K)
[809.459s][info][gc,metaspace   ] GC(2088) Metaspace: 35463K(36160K)->35463K(36160K) NonClass: 29190K(29696K)->29190K(29696K) Class: 6272K(6464K)->6272K(6464K)
[809.459s][info][gc             ] GC(2088) Pause Young (Allocation Failure) 557M->280M(557M) 2.104ms
[809.459s][info][gc,cpu         ] GC(2088) User=0.00s Sys=0.00s Real=0.00s
[809.932s][info][gc,start       ] GC(2089) Pause Young (Allocation Failure)
[809.936s][info][gc,heap        ] GC(2089) PSYoungGen: 272416K(282624K)->32K(262144K) Eden: 272384K(272384K)->0K(261632K) From: 32K(10240K)->32K(512K)
[809.936s][info][gc,heap        ] GC(2089) ParOldGen: 287520K(287744K)->287528K(287744K)
[809.936s][info][gc,metaspace   ] GC(2089) Metaspace: 35463K(36160K)->35463K(36160K) NonClass: 29190K(29696K)->29190K(29696K) Class: 6272K(6464K)->6272K(6464K)
[809.936s][info][gc             ] GC(2089) Pause Young (Allocation Failure) 546M->280M(537M) 3.340ms
[809.936s][info][gc,cpu         ] GC(2089) User=0.00s Sys=0.00s Real=0.00s
[810.154s][info][gc,start       ] GC(2090) Pause Young (Allocation Failure)
[810.157s][info][gc,heap        ] GC(2090) PSYoungGen: 261664K(262144K)->64K(260096K) Eden: 261632K(261632K)->0K(251392K) From: 32K(512K)->64K(8704K)
[810.157s][info][gc,heap        ] GC(2090) ParOldGen: 287528K(287744K)->287544K(287744K)
[810.157s][info][gc,metaspace   ] GC(2090) Metaspace: 35463K(36160K)->35463K(36160K) NonClass: 29190K(29696K)->29190K(29696K) Class: 6272K(6464K)->6272K(6464K)
[810.157s][info][gc             ] GC(2090) Pause Young (Allocation Failure) 536M->280M(535M) 3.409ms
[810.157s][info][gc,cpu         ] GC(2090) User=0.00s Sys=0.00s Real=0.00s
[810.316s][info][gc,start       ] GC(2091) Pause Young (Allocation Failure)
[810.320s][info][gc,heap        ] GC(2091) PSYoungGen: 251456K(260096K)->64K(292864K) Eden: 251392K(251392K)->0K(284672K) From: 64K(8704K)->64K(8192K)
[810.320s][info][gc,heap        ] GC(2091) ParOldGen: 287544K(287744K)->287560K(287744K)
[810.320s][info][gc,metaspace   ] GC(2091) Metaspace: 35463K(36160K)->35463K(36160K) NonClass: 29190K(29696K)->29190K(29696K) Class: 6272K(6464K)->6272K(6464K)
[810.320s][info][gc             ] GC(2091) Pause Young (Allocation Failure) 526M->280M(567M) 4.028ms
[810.320s][info][gc,cpu         ] GC(2091) User=0.00s Sys=0.00s Real=0.00s
[811.014s][info][gc,start       ] GC(2092) Pause Young (Allocation Failure)
[811.016s][info][gc,heap        ] GC(2092) PSYoungGen: 284736K(292864K)->64K(292352K) Eden: 284672K(284672K)->0K(284672K) From: 64K(8192K)->64K(7680K)
[811.016s][info][gc,heap        ] GC(2092) ParOldGen: 287560K(287744K)->287576K(287744K)
[811.016s][info][gc,metaspace   ] GC(2092) Metaspace: 35463K(36160K)->35463K(36160K) NonClass: 29190K(29696K)->29190K(29696K) Class: 6272K(6464K)->6272K(6464K)
[811.016s][info][gc             ] GC(2092) Pause Young (Allocation Failure) 558M->280M(566M) 2.585ms
[811.016s][info][gc,cpu         ] GC(2092) User=0.00s Sys=0.00s Real=0.00s
[811.493s][info][gc,start       ] GC(2093) Pause Young (Allocation Failure)
[811.513s][info][gc,heap        ] GC(2093) PSYoungGen: 284736K(292352K)->5696K(324096K) Eden: 284672K(284672K)->0K(316928K) From: 64K(7680K)->5696K(7168K)
[811.513s][info][gc,heap        ] GC(2093) ParOldGen: 287576K(287744K)->287592K(287744K)
[811.513s][info][gc,metaspace   ] GC(2093) Metaspace: 35463K(36160K)->35463K(36160K) NonClass: 29190K(29696K)->29190K(29696K) Class: 6272K(6464K)->6272K(6464K)
[811.513s][info][gc             ] GC(2093) Pause Young (Allocation Failure) 558M->286M(597M) 20.207ms
[811.513s][info][gc,cpu         ] GC(2093) User=0.03s Sys=0.00s Real=0.02s
[811.950s][info][gc,start       ] GC(2094) Pause Young (Allocation Failure)
[812.041s][info][gc,heap        ] GC(2094) PSYoungGen: 322624K(324096K)->8192K(325120K) Eden: 316928K(316928K)->0K(316928K) From: 5696K(7168K)->8192K(8192K)
[812.041s][info][gc,heap        ] GC(2094) ParOldGen: 287592K(287744K)->313048K(313344K)
[812.041s][info][gc,metaspace   ] GC(2094) Metaspace: 35463K(36160K)->35463K(36160K) NonClass: 29190K(29696K)->29190K(29696K) Class: 6272K(6464K)->6272K(6464K)
[812.042s][info][gc             ] GC(2094) Pause Young (Allocation Failure) 595M->313M(623M) 91.298ms
[812.042s][info][gc,cpu         ] GC(2094) User=0.14s Sys=0.03s Real=0.10s
[812.434s][info][gc,start       ] GC(2095) Pause Young (Allocation Failure)
[812.509s][info][gc,heap        ] GC(2095) PSYoungGen: 325120K(325120K)->8704K(287232K) Eden: 316928K(316928K)->0K(278528K) From: 8192K(8192K)->8704K(8704K)
[812.509s][info][gc,heap        ] GC(2095) ParOldGen: 313048K(313344K)->334968K(335360K)
[812.509s][info][gc,metaspace   ] GC(2095) Metaspace: 35463K(36160K)->35463K(36160K) NonClass: 29190K(29696K)->29190K(29696K) Class: 6272K(6464K)->6272K(6464K)
[812.509s][info][gc             ] GC(2095) Pause Young (Allocation Failure) 623M->335M(608M) 74.822ms
[812.509s][info][gc,cpu         ] GC(2095) User=0.12s Sys=0.02s Real=0.07s
[812.641s][info][gc,start       ] GC(2096) Pause Young (Allocation Failure)
[812.655s][info][gc,heap        ] GC(2096) PSYoungGen: 287232K(287232K)->32K(306176K) Eden: 278528K(278528K)->0K(278528K) From: 8704K(8704K)->32K(27648K)
[812.655s][info][gc,heap        ] GC(2096) ParOldGen: 334968K(335360K)->335768K(335872K)
[812.655s][info][gc,metaspace   ] GC(2096) Metaspace: 35463K(36160K)->35463K(36160K) NonClass: 29190K(29696K)->29190K(29696K) Class: 6272K(6464K)->6272K(6464K)
[812.655s][info][gc             ] GC(2096) Pause Young (Allocation Failure) 607M->327M(627M) 14.076ms
[812.655s][info][gc,cpu         ] GC(2096) User=0.03s Sys=0.00s Real=0.01s
[813.491s][info][gc,start       ] GC(2097) Pause Young (Allocation Failure)
[813.493s][info][gc,heap        ] GC(2097) PSYoungGen: 278560K(306176K)->64K(303616K) Eden: 278528K(278528K)->0K(279040K) From: 32K(27648K)->64K(24576K)
[813.493s][info][gc,heap        ] GC(2097) ParOldGen: 335768K(335872K)->335784K(335872K)
[813.493s][info][gc,metaspace   ] GC(2097) Metaspace: 35463K(36160K)->35463K(36160K) NonClass: 29190K(29696K)->29190K(29696K) Class: 6272K(6464K)->6272K(6464K)
[813.493s][info][gc             ] GC(2097) Pause Young (Allocation Failure) 599M->327M(624M) 1.886ms
[813.493s][info][gc,cpu         ] GC(2097) User=0.00s Sys=0.00s Real=0.00s
[814.002s][info][gc,start       ] GC(2098) Pause Young (Allocation Failure)
[814.003s][info][gc,heap        ] GC(2098) PSYoungGen: 279104K(303616K)->64K(305152K) Eden: 279040K(279040K)->0K(279040K) From: 64K(24576K)->64K(26112K)
[814.003s][info][gc,heap        ] GC(2098) ParOldGen: 335784K(335872K)->335784K(335872K)
[814.003s][info][gc,metaspace   ] GC(2098) Metaspace: 35463K(36160K)->35463K(36160K) NonClass: 29190K(29696K)->29190K(29696K) Class: 6272K(6464K)->6272K(6464K)
[814.003s][info][gc             ] GC(2098) Pause Young (Allocation Failure) 600M->327M(626M) 1.619ms
[814.003s][info][gc,cpu         ] GC(2098) User=0.01s Sys=0.00s Real=0.00s
[814.515s][info][gc,start       ] GC(2099) Pause Young (Allocation Failure)
[814.517s][info][gc,heap        ] GC(2099) PSYoungGen: 279104K(305152K)->32K(305152K) Eden: 279040K(279040K)->0K(282624K) From: 64K(26112K)->32K(22528K)
[814.517s][info][gc,heap        ] GC(2099) ParOldGen: 335784K(335872K)->335792K(335872K)
[814.517s][info][gc,metaspace   ] GC(2099) Metaspace: 35463K(36160K)->35463K(36160K) NonClass: 29190K(29696K)->29190K(29696K) Class: 6272K(6464K)->6272K(6464K)
[814.517s][info][gc             ] GC(2099) Pause Young (Allocation Failure) 600M->327M(626M) 1.939ms
[814.517s][info][gc,cpu         ] GC(2099) User=0.01s Sys=0.00s Real=0.00s
[814.764s][info][gc,start       ] GC(2100) Pause Young (Allocation Failure)
[814.766s][info][gc,heap        ] GC(2100) PSYoungGen: 282656K(305152K)->32K(306688K) Eden: 282624K(282624K)->0K(282624K) From: 32K(22528K)->32K(24064K)
[814.766s][info][gc,heap        ] GC(2100) ParOldGen: 335792K(335872K)->335800K(335872K)
[814.766s][info][gc,metaspace   ] GC(2100) Metaspace: 35463K(36160K)->35463K(36160K) NonClass: 29190K(29696K)->29190K(29696K) Class: 6272K(6464K)->6272K(6464K)
[814.766s][info][gc             ] GC(2100) Pause Young (Allocation Failure) 603M->327M(627M) 1.947ms
[814.766s][info][gc,cpu         ] GC(2100) User=0.01s Sys=0.00s Real=0.00s
[815.017s][info][gc,start       ] GC(2101) Pause Young (Allocation Failure)
[815.018s][info][gc,heap        ] GC(2101) PSYoungGen: 282656K(306688K)->64K(307712K) Eden: 282624K(282624K)->0K(287232K) From: 32K(24064K)->64K(20480K)
[815.018s][info][gc,heap        ] GC(2101) ParOldGen: 335800K(335872K)->335800K(335872K)
[815.018s][info][gc,metaspace   ] GC(2101) Metaspace: 35463K(36160K)->35463K(36160K) NonClass: 29190K(29696K)->29190K(29696K) Class: 6272K(6464K)->6272K(6464K)
[815.018s][info][gc             ] GC(2101) Pause Young (Allocation Failure) 603M->327M(628M) 1.546ms
[815.018s][info][gc,cpu         ] GC(2101) User=0.01s Sys=0.00s Real=0.00s
[815.432s][info][gc,start       ] GC(2102) Pause Young (Allocation Failure)
[815.434s][info][gc,heap        ] GC(2102) PSYoungGen: 287296K(307712K)->64K(308736K) Eden: 287232K(287232K)->0K(287232K) From: 64K(20480K)->64K(21504K)
[815.434s][info][gc,heap        ] GC(2102) ParOldGen: 335800K(335872K)->335800K(335872K)
[815.434s][info][gc,metaspace   ] GC(2102) Metaspace: 35463K(36160K)->35463K(36160K) NonClass: 29190K(29696K)->29190K(29696K) Class: 6272K(6464K)->6272K(6464K)
[815.434s][info][gc             ] GC(2102) Pause Young (Allocation Failure) 608M->327M(629M) 1.854ms
[815.434s][info][gc,cpu         ] GC(2102) User=0.00s Sys=0.00s Real=0.00s
[815.491s][info][gc,start       ] GC(2103) Pause Young (Allocation Failure)
[815.493s][info][gc,heap        ] GC(2103) PSYoungGen: 287296K(308736K)->32K(310272K) Eden: 287232K(287232K)->0K(291840K) From: 64K(21504K)->32K(18432K)
[815.493s][info][gc,heap        ] GC(2103) ParOldGen: 335800K(335872K)->335816K(335872K)
[815.493s][info][gc,metaspace   ] GC(2103) Metaspace: 35463K(36160K)->35463K(36160K) NonClass: 29190K(29696K)->29190K(29696K) Class: 6272K(6464K)->6272K(6464K)
[815.493s][info][gc             ] GC(2103) Pause Young (Allocation Failure) 608M->327M(631M) 1.885ms
[815.493s][info][gc,cpu         ] GC(2103) User=0.00s Sys=0.00s Real=0.00s
[815.550s][info][gc,start       ] GC(2104) Pause Young (Allocation Failure)
[815.552s][info][gc,heap        ] GC(2104) PSYoungGen: 291872K(310272K)->32K(311296K) Eden: 291840K(291840K)->0K(291840K) From: 32K(18432K)->32K(19456K)
[815.552s][info][gc,heap        ] GC(2104) ParOldGen: 335816K(335872K)->335816K(335872K)
[815.552s][info][gc,metaspace   ] GC(2104) Metaspace: 35463K(36160K)->35463K(36160K) NonClass: 29190K(29696K)->29190K(29696K) Class: 6272K(6464K)->6272K(6464K)
[815.552s][info][gc             ] GC(2104) Pause Young (Allocation Failure) 612M->327M(632M) 1.942ms
[815.552s][info][gc,cpu         ] GC(2104) User=0.00s Sys=0.00s Real=0.01s
[815.777s][info][gc,start       ] GC(2105) Pause Young (Allocation Failure)
[815.779s][info][gc,heap        ] GC(2105) PSYoungGen: 291872K(311296K)->64K(312320K) Eden: 291840K(291840K)->0K(295936K) From: 32K(19456K)->64K(16384K)
[815.779s][info][gc,heap        ] GC(2105) ParOldGen: 335816K(335872K)->335816K(335872K)
[815.779s][info][gc,metaspace   ] GC(2105) Metaspace: 35463K(36160K)->35463K(36160K) NonClass: 29190K(29696K)->29190K(29696K) Class: 6272K(6464K)->6272K(6464K)
[815.779s][info][gc             ] GC(2105) Pause Young (Allocation Failure) 612M->328M(633M) 1.975ms
[815.779s][info][gc,cpu         ] GC(2105) User=0.01s Sys=0.00s Real=0.00s
[816.108s][info][gc,start       ] GC(2106) Pause Young (Allocation Failure)
[816.109s][info][gc,heap        ] GC(2106) PSYoungGen: 296000K(312320K)->64K(313344K) Eden: 295936K(295936K)->0K(295936K) From: 64K(16384K)->64K(17408K)
[816.109s][info][gc,heap        ] GC(2106) ParOldGen: 335816K(335872K)->335824K(335872K)
[816.109s][info][gc,metaspace   ] GC(2106) Metaspace: 35463K(36160K)->35463K(36160K) NonClass: 29190K(29696K)->29190K(29696K) Class: 6272K(6464K)->6272K(6464K)
[816.109s][info][gc             ] GC(2106) Pause Young (Allocation Failure) 617M->328M(634M) 1.710ms
[816.109s][info][gc,cpu         ] GC(2106) User=0.01s Sys=0.00s Real=0.00s
[816.334s][info][gc,start       ] GC(2107) Pause Young (Allocation Failure)
[816.336s][info][gc,heap        ] GC(2107) PSYoungGen: 296000K(313344K)->32K(314368K) Eden: 295936K(295936K)->0K(300032K) From: 64K(17408K)->32K(14336K)
[816.336s][info][gc,heap        ] GC(2107) ParOldGen: 335824K(335872K)->335832K(335872K)
[816.336s][info][gc,metaspace   ] GC(2107) Metaspace: 35463K(36160K)->35463K(36160K) NonClass: 29190K(29696K)->29190K(29696K) Class: 6272K(6464K)->6272K(6464K)
[816.336s][info][gc             ] GC(2107) Pause Young (Allocation Failure) 617M->327M(635M) 2.000ms
[816.336s][info][gc,cpu         ] GC(2107) User=0.00s Sys=0.00s Real=0.00s
[816.456s][info][gc,start       ] GC(2108) Pause Young (Allocation Failure)
[816.458s][info][gc,heap        ] GC(2108) PSYoungGen: 300064K(314368K)->64K(315392K) Eden: 300032K(300032K)->0K(300032K) From: 32K(14336K)->64K(15360K)
[816.458s][info][gc,heap        ] GC(2108) ParOldGen: 335832K(335872K)->335840K(335872K)
[816.458s][info][gc,metaspace   ] GC(2108) Metaspace: 35463K(36160K)->35463K(36160K) NonClass: 29190K(29696K)->29190K(29696K) Class: 6272K(6464K)->6272K(6464K)
[816.458s][info][gc             ] GC(2108) Pause Young (Allocation Failure) 620M->328M(636M) 1.538ms
[816.458s][info][gc,cpu         ] GC(2108) User=0.00s Sys=0.00s Real=0.00s
[816.691s][info][gc,start       ] GC(2109) Pause Young (Allocation Failure)
[816.693s][info][gc,heap        ] GC(2109) PSYoungGen: 300096K(315392K)->64K(316416K) Eden: 300032K(300032K)->0K(304128K) From: 64K(15360K)->64K(12288K)
[816.693s][info][gc,heap        ] GC(2109) ParOldGen: 335840K(335872K)->335848K(335872K)
[816.693s][info][gc,metaspace   ] GC(2109) Metaspace: 35463K(36160K)->35463K(36160K) NonClass: 29190K(29696K)->29190K(29696K) Class: 6272K(6464K)->6272K(6464K)
[816.693s][info][gc             ] GC(2109) Pause Young (Allocation Failure) 621M->328M(637M) 2.122ms
[816.693s][info][gc,cpu         ] GC(2109) User=0.01s Sys=0.00s Real=0.00s
[817.829s][info][gc,start       ] GC(2110) Pause Young (Allocation Failure)
[817.832s][info][gc,heap        ] GC(2110) PSYoungGen: 304192K(316416K)->83K(317440K) Eden: 304128K(304128K)->0K(304128K) From: 64K(12288K)->83K(13312K)
[817.832s][info][gc,heap        ] GC(2110) ParOldGen: 335848K(335872K)->335856K(335872K)
[817.832s][info][gc,metaspace   ] GC(2110) Metaspace: 35463K(36160K)->35463K(36160K) NonClass: 29190K(29696K)->29190K(29696K) Class: 6272K(6464K)->6272K(6464K)
[817.832s][info][gc             ] GC(2110) Pause Young (Allocation Failure) 625M->328M(638M) 2.303ms
[817.832s][info][gc,cpu         ] GC(2110) User=0.00s Sys=0.00s Real=0.01s
[818.948s][info][gc,start       ] GC(2111) Pause Young (Allocation Failure)
[818.951s][info][gc,heap        ] GC(2111) PSYoungGen: 304211K(317440K)->64K(292352K) Eden: 304128K(304128K)->0K(291840K) From: 83K(13312K)->64K(512K)
[818.951s][info][gc,heap        ] GC(2111) ParOldGen: 335856K(335872K)->335872K(336384K)
[818.951s][info][gc,metaspace   ] GC(2111) Metaspace: 35463K(36160K)->35463K(36160K) NonClass: 29190K(29696K)->29190K(29696K) Class: 6272K(6464K)->6272K(6464K)
[818.951s][info][gc             ] GC(2111) Pause Young (Allocation Failure) 625M->328M(614M) 3.009ms
[818.951s][info][gc,cpu         ] GC(2111) User=0.00s Sys=0.00s Real=0.01s
[819.404s][info][gc,start       ] GC(2112) Pause Young (Allocation Failure)
[819.406s][info][gc,heap        ] GC(2112) PSYoungGen: 291904K(292352K)->64K(292352K) Eden: 291840K(291840K)->0K(280576K) From: 64K(512K)->64K(11776K)
[819.406s][info][gc,heap        ] GC(2112) ParOldGen: 335872K(336384K)->335888K(336384K)
[819.406s][info][gc,metaspace   ] GC(2112) Metaspace: 35463K(36160K)->35463K(36160K) NonClass: 29190K(29696K)->29190K(29696K) Class: 6272K(6464K)->6272K(6464K)
[819.406s][info][gc             ] GC(2112) Pause Young (Allocation Failure) 613M->328M(614M) 1.903ms
[819.406s][info][gc,cpu         ] GC(2112) User=0.01s Sys=0.00s Real=0.00s
[820.135s][info][gc,start       ] GC(2113) Pause Young (Allocation Failure)
[820.138s][info][gc,heap        ] GC(2113) PSYoungGen: 280640K(292352K)->64K(270336K) Eden: 280576K(280576K)->0K(269824K) From: 64K(11776K)->64K(512K)
[820.138s][info][gc,heap        ] GC(2113) ParOldGen: 335888K(336384K)->335904K(336384K)
[820.138s][info][gc,metaspace   ] GC(2113) Metaspace: 35463K(36160K)->35463K(36160K) NonClass: 29190K(29696K)->29190K(29696K) Class: 6272K(6464K)->6272K(6464K)
[820.138s][info][gc             ] GC(2113) Pause Young (Allocation Failure) 602M->328M(592M) 2.865ms
[820.138s][info][gc,cpu         ] GC(2113) User=0.00s Sys=0.01s Real=0.00s
[820.929s][info][gc,start       ] GC(2114) Pause Young (Allocation Failure)
[820.931s][info][gc,heap        ] GC(2114) PSYoungGen: 269888K(270336K)->64K(269824K) Eden: 269824K(269824K)->0K(259584K) From: 64K(512K)->64K(10240K)
[820.931s][info][gc,heap        ] GC(2114) ParOldGen: 335904K(336384K)->335920K(336384K)
[820.931s][info][gc,metaspace   ] GC(2114) Metaspace: 35463K(36160K)->35463K(36160K) NonClass: 29190K(29696K)->29190K(29696K) Class: 6272K(6464K)->6272K(6464K)
[820.931s][info][gc             ] GC(2114) Pause Young (Allocation Failure) 591M->328M(592M) 1.915ms
[820.931s][info][gc,cpu         ] GC(2114) User=0.00s Sys=0.00s Real=0.01s
[821.385s][info][gc,start       ] GC(2115) Pause Young (Allocation Failure)
[821.388s][info][gc,heap        ] GC(2115) PSYoungGen: 259648K(269824K)->64K(250368K) Eden: 259584K(259584K)->0K(249856K) From: 64K(10240K)->64K(512K)
[821.388s][info][gc,heap        ] GC(2115) ParOldGen: 335920K(336384K)->335936K(336384K)
[821.388s][info][gc,metaspace   ] GC(2115) Metaspace: 35463K(36160K)->35463K(36160K) NonClass: 29190K(29696K)->29190K(29696K) Class: 6272K(6464K)->6272K(6464K)
[821.388s][info][gc             ] GC(2115) Pause Young (Allocation Failure) 581M->328M(573M) 3.094ms
[821.388s][info][gc,cpu         ] GC(2115) User=0.01s Sys=0.00s Real=0.00s
[821.476s][info][gc,start       ] GC(2116) Pause Young (Allocation Failure)
[821.479s][info][gc,heap        ] GC(2116) PSYoungGen: 249920K(250368K)->32K(293376K) Eden: 249856K(249856K)->0K(284672K) From: 64K(512K)->32K(8704K)
[821.479s][info][gc,heap        ] GC(2116) ParOldGen: 335936K(336384K)->335952K(336384K)
[821.479s][info][gc,metaspace   ] GC(2116) Metaspace: 35463K(36160K)->35463K(36160K) NonClass: 29190K(29696K)->29190K(29696K) Class: 6272K(6464K)->6272K(6464K)
[821.479s][info][gc             ] GC(2116) Pause Young (Allocation Failure) 572M->328M(615M) 3.053ms
[821.479s][info][gc,cpu         ] GC(2116) User=0.01s Sys=0.00s Real=0.00s
[822.281s][info][gc,start       ] GC(2117) Pause Young (Allocation Failure)
[822.283s][info][gc,heap        ] GC(2117) PSYoungGen: 284704K(293376K)->64K(273920K) Eden: 284672K(284672K)->0K(273408K) From: 32K(8704K)->64K(512K)
[822.283s][info][gc,heap        ] GC(2117) ParOldGen: 335952K(336384K)->335960K(336384K)
[822.283s][info][gc,metaspace   ] GC(2117) Metaspace: 35463K(36160K)->35463K(36160K) NonClass: 29190K(29696K)->29190K(29696K) Class: 6272K(6464K)->6272K(6464K)
[822.283s][info][gc             ] GC(2117) Pause Young (Allocation Failure) 606M->328M(596M) 2.734ms
[822.283s][info][gc,cpu         ] GC(2117) User=0.01s Sys=0.00s Real=0.00s
[822.656s][info][gc,start       ] GC(2118) Pause Young (Allocation Failure)
[822.661s][info][gc,heap        ] GC(2118) PSYoungGen: 273471K(273920K)->32K(296960K) Eden: 273407K(273408K)->0K(289280K) From: 64K(512K)->32K(7680K)
[822.661s][info][gc,heap        ] GC(2118) ParOldGen: 335960K(336384K)->335968K(336384K)
[822.661s][info][gc,metaspace   ] GC(2118) Metaspace: 35463K(36160K)->35463K(36160K) NonClass: 29190K(29696K)->29190K(29696K) Class: 6272K(6464K)->6272K(6464K)
[822.661s][info][gc             ] GC(2118) Pause Young (Allocation Failure) 595M->328M(618M) 5.570ms
[822.661s][info][gc,cpu         ] GC(2118) User=0.00s Sys=0.00s Real=0.01s
[823.121s][info][gc,start       ] GC(2119) Pause Young (Allocation Failure)
[823.195s][info][gc,heap        ] GC(2119) PSYoungGen: 289312K(296960K)->7168K(309248K) Eden: 289280K(289280K)->0K(302080K) From: 32K(7680K)->7168K(7168K)
[823.195s][info][gc,heap        ] GC(2119) ParOldGen: 335968K(336384K)->355136K(355328K)
[823.195s][info][gc,metaspace   ] GC(2119) Metaspace: 35463K(36160K)->35463K(36160K) NonClass: 29190K(29696K)->29190K(29696K) Class: 6272K(6464K)->6272K(6464K)
[823.195s][info][gc             ] GC(2119) Pause Young (Allocation Failure) 610M->353M(649M) 74.585ms
[823.195s][info][gc,cpu         ] GC(2119) User=0.11s Sys=0.02s Real=0.08s
[823.621s][info][gc,start       ] GC(2120) Pause Young (Allocation Failure)
[823.723s][info][gc,heap        ] GC(2120) PSYoungGen: 309248K(309248K)->15872K(317952K) Eden: 302080K(302080K)->0K(302080K) From: 7168K(7168K)->15872K(15872K)
[823.723s][info][gc,heap        ] GC(2120) ParOldGen: 355136K(355328K)->372024K(372224K)
[823.724s][info][gc,metaspace   ] GC(2120) Metaspace: 35463K(36160K)->35463K(36160K) NonClass: 29190K(29696K)->29190K(29696K) Class: 6272K(6464K)->6272K(6464K)
[823.724s][info][gc             ] GC(2120) Pause Young (Allocation Failure) 648M->378M(674M) 102.049ms
[823.724s][info][gc,cpu         ] GC(2120) User=0.17s Sys=0.04s Real=0.10s
[823.922s][info][gc,start       ] GC(2121) Pause Young (Allocation Failure)
[823.957s][info][gc,heap        ] GC(2121) PSYoungGen: 317952K(317952K)->10592K(299520K) Eden: 302080K(302080K)->0K(283648K) From: 15872K(15872K)->10592K(15872K)
[823.957s][info][gc,heap        ] GC(2121) ParOldGen: 372024K(372224K)->372632K(372736K)
[823.957s][info][gc,metaspace   ] GC(2121) Metaspace: 35463K(36160K)->35463K(36160K) NonClass: 29190K(29696K)->29190K(29696K) Class: 6272K(6464K)->6272K(6464K)
[823.957s][info][gc             ] GC(2121) Pause Young (Allocation Failure) 673M->374M(656M) 35.553ms
[823.957s][info][gc,cpu         ] GC(2121) User=0.07s Sys=0.01s Real=0.03s
[824.514s][info][gc,start       ] GC(2122) Pause Young (Allocation Failure)
[824.516s][info][gc,heap        ] GC(2122) PSYoungGen: 294240K(299520K)->64K(308736K) Eden: 283648K(283648K)->0K(283648K) From: 10592K(15872K)->64K(25088K)
[824.516s][info][gc,heap        ] GC(2122) ParOldGen: 372632K(372736K)->372640K(372736K)
[824.516s][info][gc,metaspace   ] GC(2122) Metaspace: 35463K(36160K)->35463K(36160K) NonClass: 29190K(29696K)->29190K(29696K) Class: 6272K(6464K)->6272K(6464K)
[824.516s][info][gc             ] GC(2122) Pause Young (Allocation Failure) 651M->363M(665M) 1.989ms
[824.516s][info][gc,cpu         ] GC(2122) User=0.00s Sys=0.00s Real=0.00s
[825.160s][info][gc,start       ] GC(2123) Pause Young (Allocation Failure)
[825.163s][info][gc,heap        ] GC(2123) PSYoungGen: 283712K(308736K)->64K(306176K) Eden: 283648K(283648K)->0K(284160K) From: 64K(25088K)->64K(22016K)
[825.163s][info][gc,heap        ] GC(2123) ParOldGen: 372640K(372736K)->372656K(372736K)
[825.163s][info][gc,metaspace   ] GC(2123) Metaspace: 35463K(36160K)->35463K(36160K) NonClass: 29190K(29696K)->29190K(29696K) Class: 6272K(6464K)->6272K(6464K)
[825.163s][info][gc             ] GC(2123) Pause Young (Allocation Failure) 640M->363M(663M) 2.326ms
[825.163s][info][gc,cpu         ] GC(2123) User=0.00s Sys=0.00s Real=0.01s
[825.674s][info][gc,start       ] GC(2124) Pause Young (Allocation Failure)
[825.676s][info][gc,heap        ] GC(2124) PSYoungGen: 284224K(306176K)->64K(307712K) Eden: 284160K(284160K)->0K(284160K) From: 64K(22016K)->64K(23552K)
[825.676s][info][gc,heap        ] GC(2124) ParOldGen: 372656K(372736K)->372672K(372736K)
[825.676s][info][gc,metaspace   ] GC(2124) Metaspace: 35463K(36160K)->35463K(36160K) NonClass: 29190K(29696K)->29190K(29696K) Class: 6272K(6464K)->6272K(6464K)
[825.676s][info][gc             ] GC(2124) Pause Young (Allocation Failure) 641M->364M(664M) 2.082ms
[825.676s][info][gc,cpu         ] GC(2124) User=0.00s Sys=0.00s Real=0.00s
[825.927s][info][gc,start       ] GC(2125) Pause Young (Allocation Failure)
[825.929s][info][gc,heap        ] GC(2125) PSYoungGen: 284224K(307712K)->32K(307712K) Eden: 284160K(284160K)->0K(287232K) From: 64K(23552K)->32K(20480K)
[825.929s][info][gc,heap        ] GC(2125) ParOldGen: 372672K(372736K)->372688K(372736K)
[825.929s][info][gc,metaspace   ] GC(2125) Metaspace: 35463K(36160K)->35463K(36160K) NonClass: 29190K(29696K)->29190K(29696K) Class: 6272K(6464K)->6272K(6464K)
[825.929s][info][gc             ] GC(2125) Pause Young (Allocation Failure) 641M->363M(664M) 2.494ms
[825.929s][info][gc,cpu         ] GC(2125) User=0.00s Sys=0.00s Real=0.00s
[826.180s][info][gc,start       ] GC(2126) Pause Young (Allocation Failure)
[826.183s][info][gc,heap        ] GC(2126) PSYoungGen: 287264K(307712K)->32K(309248K) Eden: 287232K(287232K)->0K(287232K) From: 32K(20480K)->32K(22016K)
[826.183s][info][gc,heap        ] GC(2126) ParOldGen: 372688K(372736K)->372688K(372736K)
[826.183s][info][gc,metaspace   ] GC(2126) Metaspace: 35463K(36160K)->35463K(36160K) NonClass: 29190K(29696K)->29190K(29696K) Class: 6272K(6464K)->6272K(6464K)
[826.183s][info][gc             ] GC(2126) Pause Young (Allocation Failure) 644M->363M(666M) 2.614ms
[826.183s][info][gc,cpu         ] GC(2126) User=0.01s Sys=0.00s Real=0.01s
[826.642s][info][gc,start       ] GC(2127) Pause Young (Allocation Failure)
[826.644s][info][gc,heap        ] GC(2127) PSYoungGen: 287264K(309248K)->64K(309248K) Eden: 287232K(287232K)->0K(290816K) From: 32K(22016K)->64K(18432K)
[826.645s][info][gc,heap        ] GC(2127) ParOldGen: 372688K(372736K)->372688K(372736K)
[826.645s][info][gc,metaspace   ] GC(2127) Metaspace: 35463K(36160K)->35463K(36160K) NonClass: 29190K(29696K)->29190K(29696K) Class: 6272K(6464K)->6272K(6464K)
[826.645s][info][gc             ] GC(2127) Pause Young (Allocation Failure) 644M->364M(666M) 2.454ms
[826.645s][info][gc,cpu         ] GC(2127) User=0.01s Sys=0.00s Real=0.00s
[826.772s][info][gc,start       ] GC(2128) Pause Young (Allocation Failure)
[826.775s][info][gc,heap        ] GC(2128) PSYoungGen: 290880K(309248K)->64K(310784K) Eden: 290816K(290816K)->0K(290816K) From: 64K(18432K)->64K(19968K)
[826.775s][info][gc,heap        ] GC(2128) ParOldGen: 372688K(372736K)->372696K(372736K)
[826.775s][info][gc,metaspace   ] GC(2128) Metaspace: 35463K(36160K)->35463K(36160K) NonClass: 29190K(29696K)->29190K(29696K) Class: 6272K(6464K)->6272K(6464K)
[826.775s][info][gc             ] GC(2128) Pause Young (Allocation Failure) 648M->364M(667M) 2.457ms
[826.775s][info][gc,cpu         ] GC(2128) User=0.01s Sys=0.00s Real=0.00s
[826.838s][info][gc,start       ] GC(2129) Pause Young (Allocation Failure)
[826.840s][info][gc,heap        ] GC(2129) PSYoungGen: 290880K(310784K)->64K(311296K) Eden: 290816K(290816K)->0K(294912K) From: 64K(19968K)->64K(16384K)
[826.841s][info][gc,heap        ] GC(2129) ParOldGen: 372696K(372736K)->372712K(372736K)
[826.841s][info][gc,metaspace   ] GC(2129) Metaspace: 35463K(36160K)->35463K(36160K) NonClass: 29190K(29696K)->29190K(29696K) Class: 6272K(6464K)->6272K(6464K)
[826.841s][info][gc             ] GC(2129) Pause Young (Allocation Failure) 648M->364M(668M) 2.593ms
[826.841s][info][gc,cpu         ] GC(2129) User=0.01s Sys=0.00s Real=0.00s
[827.060s][info][gc,start       ] GC(2130) Pause Young (Allocation Failure)
[827.062s][info][gc,heap        ] GC(2130) PSYoungGen: 294976K(311296K)->64K(312832K) Eden: 294912K(294912K)->0K(294912K) From: 64K(16384K)->64K(17920K)
[827.062s][info][gc,heap        ] GC(2130) ParOldGen: 372712K(372736K)->372712K(372736K)
[827.062s][info][gc,metaspace   ] GC(2130) Metaspace: 35463K(36160K)->35463K(36160K) NonClass: 29190K(29696K)->29190K(29696K) Class: 6272K(6464K)->6272K(6464K)
[827.062s][info][gc             ] GC(2130) Pause Young (Allocation Failure) 652M->364M(669M) 2.038ms
[827.062s][info][gc,cpu         ] GC(2130) User=0.01s Sys=0.00s Real=0.01s
[827.376s][info][gc,start       ] GC(2131) Pause Young (Allocation Failure)
[827.379s][info][gc,heap        ] GC(2131) PSYoungGen: 294976K(312832K)->64K(313344K) Eden: 294912K(294912K)->0K(299008K) From: 64K(17920K)->64K(14336K)
[827.379s][info][gc,heap        ] GC(2131) ParOldGen: 372712K(372736K)->372720K(372736K)
[827.379s][info][gc,metaspace   ] GC(2131) Metaspace: 35463K(36160K)->35463K(36160K) NonClass: 29190K(29696K)->29190K(29696K) Class: 6272K(6464K)->6272K(6464K)
[827.379s][info][gc             ] GC(2131) Pause Young (Allocation Failure) 652M->364M(670M) 2.401ms
[827.379s][info][gc,cpu         ] GC(2131) User=0.00s Sys=0.00s Real=0.00s
[827.612s][info][gc,start       ] GC(2132) Pause Young (Allocation Failure)
[827.614s][info][gc,heap        ] GC(2132) PSYoungGen: 299072K(313344K)->32K(314880K) Eden: 299008K(299008K)->0K(299008K) From: 64K(14336K)->32K(15872K)
[827.614s][info][gc,heap        ] GC(2132) ParOldGen: 372720K(372736K)->372736K(373248K)
[827.614s][info][gc,metaspace   ] GC(2132) Metaspace: 35463K(36160K)->35463K(36160K) NonClass: 29190K(29696K)->29190K(29696K) Class: 6272K(6464K)->6272K(6464K)
[827.614s][info][gc             ] GC(2132) Pause Young (Allocation Failure) 656M->364M(672M) 2.371ms
[827.614s][info][gc,cpu         ] GC(2132) User=0.00s Sys=0.00s Real=0.00s
[827.748s][info][gc,start       ] GC(2133) Pause Young (Allocation Failure)
[827.751s][info][gc,heap        ] GC(2133) PSYoungGen: 299040K(314880K)->32K(315392K) Eden: 299008K(299008K)->0K(303104K) From: 32K(15872K)->32K(12288K)
[827.751s][info][gc,heap        ] GC(2133) ParOldGen: 372736K(373248K)->372744K(373248K)
[827.751s][info][gc,metaspace   ] GC(2133) Metaspace: 35463K(36160K)->35463K(36160K) NonClass: 29190K(29696K)->29190K(29696K) Class: 6272K(6464K)->6272K(6464K)
[827.751s][info][gc             ] GC(2133) Pause Young (Allocation Failure) 656M->364M(672M) 2.628ms
[827.751s][info][gc,cpu         ] GC(2133) User=0.00s Sys=0.00s Real=0.00s
[827.945s][info][gc,start       ] GC(2134) Pause Young (Allocation Failure)
[827.947s][info][gc,heap        ] GC(2134) PSYoungGen: 303136K(315392K)->32K(316928K) Eden: 303104K(303104K)->0K(303104K) From: 32K(12288K)->32K(13824K)
[827.947s][info][gc,heap        ] GC(2134) ParOldGen: 372744K(373248K)->372744K(373248K)
[827.947s][info][gc,metaspace   ] GC(2134) Metaspace: 35463K(36160K)->35463K(36160K) NonClass: 29190K(29696K)->29190K(29696K) Class: 6272K(6464K)->6272K(6464K)
[827.947s][info][gc             ] GC(2134) Pause Young (Allocation Failure) 660M->364M(674M) 2.137ms
[827.947s][info][gc,cpu         ] GC(2134) User=0.01s Sys=0.00s Real=0.00s
[829.112s][info][gc,start       ] GC(2135) Pause Young (Allocation Failure)
[829.114s][info][gc,heap        ] GC(2135) PSYoungGen: 303136K(316928K)->51K(317440K) Eden: 303104K(303104K)->0K(306688K) From: 32K(13824K)->51K(10752K)
[829.114s][info][gc,heap        ] GC(2135) ParOldGen: 372744K(373248K)->372752K(373248K)
[829.114s][info][gc,metaspace   ] GC(2135) Metaspace: 35463K(36160K)->35463K(36160K) NonClass: 29190K(29696K)->29190K(29696K) Class: 6272K(6464K)->6272K(6464K)
[829.114s][info][gc             ] GC(2135) Pause Young (Allocation Failure) 660M->364M(674M) 2.238ms
[829.114s][info][gc,cpu         ] GC(2135) User=0.01s Sys=0.00s Real=0.00s
[830.200s][info][gc,start       ] GC(2136) Pause Young (Allocation Failure)
[830.203s][info][gc,heap        ] GC(2136) PSYoungGen: 306739K(317440K)->64K(294912K) Eden: 306688K(306688K)->0K(294400K) From: 51K(10752K)->64K(512K)
[830.203s][info][gc,heap        ] GC(2136) ParOldGen: 372752K(373248K)->372768K(373248K)
[830.203s][info][gc,metaspace   ] GC(2136) Metaspace: 35463K(36160K)->35463K(36160K) NonClass: 29190K(29696K)->29190K(29696K) Class: 6272K(6464K)->6272K(6464K)
[830.203s][info][gc             ] GC(2136) Pause Young (Allocation Failure) 663M->364M(652M) 3.483ms
[830.203s][info][gc,cpu         ] GC(2136) User=0.01s Sys=0.00s Real=0.01s
[830.544s][info][gc,start       ] GC(2137) Pause Young (Allocation Failure)
[830.547s][info][gc,heap        ] GC(2137) PSYoungGen: 294464K(294912K)->32K(283136K) Eden: 294400K(294400K)->0K(282624K) From: 64K(512K)->32K(512K)
[830.547s][info][gc,heap        ] GC(2137) ParOldGen: 372768K(373248K)->372784K(373248K)
[830.547s][info][gc,metaspace   ] GC(2137) Metaspace: 35463K(36160K)->35463K(36160K) NonClass: 29190K(29696K)->29190K(29696K) Class: 6272K(6464K)->6272K(6464K)
[830.548s][info][gc             ] GC(2137) Pause Young (Allocation Failure) 651M->364M(641M) 3.115ms
[830.548s][info][gc,cpu         ] GC(2137) User=0.00s Sys=0.00s Real=0.00s
[831.093s][info][gc,start       ] GC(2138) Pause Young (Allocation Failure)
[831.095s][info][gc,heap        ] GC(2138) PSYoungGen: 282656K(283136K)->64K(282112K) Eden: 282624K(282624K)->0K(271360K) From: 32K(512K)->64K(10752K)
[831.095s][info][gc,heap        ] GC(2138) ParOldGen: 372784K(373248K)->372800K(373248K)
[831.095s][info][gc,metaspace   ] GC(2138) Metaspace: 35463K(36160K)->35463K(36160K) NonClass: 29190K(29696K)->29190K(29696K) Class: 6272K(6464K)->6272K(6464K)
[831.095s][info][gc             ] GC(2138) Pause Young (Allocation Failure) 640M->364M(640M) 2.381ms
[831.095s][info][gc,cpu         ] GC(2138) User=0.00s Sys=0.00s Real=0.00s
[832.350s][info][gc,start       ] GC(2139) Pause Young (Allocation Failure)
[832.353s][info][gc,heap        ] GC(2139) PSYoungGen: 271424K(282112K)->64K(261632K) Eden: 271360K(271360K)->0K(261120K) From: 64K(10752K)->64K(512K)
[832.353s][info][gc,heap        ] GC(2139) ParOldGen: 372800K(373248K)->372808K(373248K)
[832.353s][info][gc,metaspace   ] GC(2139) Metaspace: 35463K(36160K)->35463K(36160K) NonClass: 29190K(29696K)->29190K(29696K) Class: 6272K(6464K)->6272K(6464K)
[832.353s][info][gc             ] GC(2139) Pause Young (Allocation Failure) 629M->364M(620M) 3.043ms
[832.353s][info][gc,cpu         ] GC(2139) User=0.00s Sys=0.00s Real=0.01s
[832.776s][info][gc,start       ] GC(2140) Pause Young (Allocation Failure)
[832.778s][info][gc,heap        ] GC(2140) PSYoungGen: 261184K(261632K)->64K(260096K) Eden: 261120K(261120K)->0K(250880K) From: 64K(512K)->64K(9216K)
[832.778s][info][gc,heap        ] GC(2140) ParOldGen: 372808K(373248K)->372816K(373248K)
[832.778s][info][gc,metaspace   ] GC(2140) Metaspace: 35463K(36160K)->35463K(36160K) NonClass: 29190K(29696K)->29190K(29696K) Class: 6272K(6464K)->6272K(6464K)
[832.778s][info][gc             ] GC(2140) Pause Young (Allocation Failure) 619M->364M(618M) 2.251ms
[832.778s][info][gc,cpu         ] GC(2140) User=0.00s Sys=0.00s Real=0.00s
[832.938s][info][gc,start       ] GC(2141) Pause Young (Allocation Failure)
[832.942s][info][gc,heap        ] GC(2141) PSYoungGen: 250944K(260096K)->64K(241664K) Eden: 250880K(250880K)->0K(241152K) From: 64K(9216K)->64K(512K)
[832.942s][info][gc,heap        ] GC(2141) ParOldGen: 372816K(373248K)->372824K(373248K)
[832.942s][info][gc,metaspace   ] GC(2141) Metaspace: 35463K(36160K)->35463K(36160K) NonClass: 29190K(29696K)->29190K(29696K) Class: 6272K(6464K)->6272K(6464K)
[832.942s][info][gc             ] GC(2141) Pause Young (Allocation Failure) 609M->364M(600M) 3.458ms
[832.942s][info][gc,cpu         ] GC(2141) User=0.00s Sys=0.00s Real=0.01s
[833.422s][info][gc,start       ] GC(2142) Pause Young (Allocation Failure)
[833.424s][info][gc,heap        ] GC(2142) PSYoungGen: 241216K(241664K)->64K(240128K) Eden: 241152K(241152K)->0K(231936K) From: 64K(512K)->64K(8192K)
[833.424s][info][gc,heap        ] GC(2142) ParOldGen: 372824K(373248K)->372832K(373248K)
[833.424s][info][gc,metaspace   ] GC(2142) Metaspace: 35463K(36160K)->35463K(36160K) NonClass: 29190K(29696K)->29190K(29696K) Class: 6272K(6464K)->6272K(6464K)
[833.424s][info][gc             ] GC(2142) Pause Young (Allocation Failure) 599M->364M(599M) 2.460ms
[833.424s][info][gc,cpu         ] GC(2142) User=0.00s Sys=0.00s Real=0.00s
[833.962s][info][gc,start       ] GC(2143) Pause Young (Allocation Failure)
[833.965s][info][gc,heap        ] GC(2143) PSYoungGen: 232000K(240128K)->32K(223744K) Eden: 231936K(231936K)->0K(223232K) From: 64K(8192K)->32K(512K)
[833.965s][info][gc,heap        ] GC(2143) ParOldGen: 372832K(373248K)->372840K(373248K)
[833.965s][info][gc,metaspace   ] GC(2143) Metaspace: 35463K(36160K)->35463K(36160K) NonClass: 29190K(29696K)->29190K(29696K) Class: 6272K(6464K)->6272K(6464K)
[833.966s][info][gc             ] GC(2143) Pause Young (Allocation Failure) 590M->364M(583M) 3.876ms
[833.966s][info][gc,cpu         ] GC(2143) User=0.00s Sys=0.00s Real=0.00s
[834.657s][info][gc,start       ] GC(2144) Pause Young (Allocation Failure)
[834.667s][info][gc,heap        ] GC(2144) PSYoungGen: 223264K(223744K)->2624K(222208K) Eden: 223232K(223232K)->0K(215040K) From: 32K(512K)->2624K(7168K)
[834.667s][info][gc,heap        ] GC(2144) ParOldGen: 372840K(373248K)->372848K(373248K)
[834.667s][info][gc,metaspace   ] GC(2144) Metaspace: 35463K(36160K)->35463K(36160K) NonClass: 29190K(29696K)->29190K(29696K) Class: 6272K(6464K)->6272K(6464K)
[834.667s][info][gc             ] GC(2144) Pause Young (Allocation Failure) 582M->366M(581M) 10.076ms
[834.667s][info][gc,cpu         ] GC(2144) User=0.02s Sys=0.00s Real=0.01s
[835.173s][info][gc,start       ] GC(2145) Pause Young (Allocation Failure)
[835.239s][info][gc,heap        ] GC(2145) PSYoungGen: 217664K(222208K)->7168K(264192K) Eden: 215040K(215040K)->0K(257024K) From: 2624K(7168K)->7168K(7168K)
[835.239s][info][gc,heap        ] GC(2145) ParOldGen: 372848K(373248K)->388504K(388608K)
[835.240s][info][gc,metaspace   ] GC(2145) Metaspace: 35463K(36160K)->35463K(36160K) NonClass: 29190K(29696K)->29190K(29696K) Class: 6272K(6464K)->6272K(6464K)
[835.240s][info][gc             ] GC(2145) Pause Young (Allocation Failure) 576M->386M(637M) 66.906ms
[835.240s][info][gc,cpu         ] GC(2145) User=0.11s Sys=0.02s Real=0.06s
[835.596s][info][gc,start       ] GC(2146) Pause Young (Allocation Failure)
[835.671s][info][gc,heap        ] GC(2146) PSYoungGen: 264192K(264192K)->14848K(271872K) Eden: 257024K(257024K)->0K(257024K) From: 7168K(7168K)->14848K(14848K)
[835.671s][info][gc,heap        ] GC(2146) ParOldGen: 388504K(388608K)->401504K(401920K)
[835.671s][info][gc,metaspace   ] GC(2146) Metaspace: 35463K(36160K)->35463K(36160K) NonClass: 29190K(29696K)->29190K(29696K) Class: 6272K(6464K)->6272K(6464K)
[835.671s][info][gc             ] GC(2146) Pause Young (Allocation Failure) 637M->406M(658M) 75.408ms
[835.671s][info][gc,cpu         ] GC(2146) User=0.13s Sys=0.02s Real=0.08s
[835.907s][info][gc,start       ] GC(2147) Pause Young (Allocation Failure)
[835.964s][info][gc,heap        ] GC(2147) PSYoungGen: 271872K(271872K)->16288K(306176K) Eden: 257024K(257024K)->0K(283648K) From: 14848K(14848K)->16288K(22528K)
[835.964s][info][gc,heap        ] GC(2147) ParOldGen: 401504K(401920K)->401984K(402432K)
[835.964s][info][gc,metaspace   ] GC(2147) Metaspace: 35463K(36160K)->35463K(36160K) NonClass: 29190K(29696K)->29190K(29696K) Class: 6272K(6464K)->6272K(6464K)
[835.964s][info][gc             ] GC(2147) Pause Young (Allocation Failure) 657M->408M(692M) 56.376ms
[835.964s][info][gc,cpu         ] GC(2147) User=0.09s Sys=0.03s Real=0.06s
[836.367s][info][gc,start       ] GC(2148) Pause Young (Allocation Failure)
[836.369s][info][gc,heap        ] GC(2148) PSYoungGen: 299936K(306176K)->64K(308736K) Eden: 283648K(283648K)->0K(283648K) From: 16288K(22528K)->64K(25088K)
[836.369s][info][gc,heap        ] GC(2148) ParOldGen: 401984K(402432K)->401992K(402432K)
[836.369s][info][gc,metaspace   ] GC(2148) Metaspace: 35463K(36160K)->35463K(36160K) NonClass: 29190K(29696K)->29190K(29696K) Class: 6272K(6464K)->6272K(6464K)
[836.369s][info][gc             ] GC(2148) Pause Young (Allocation Failure) 685M->392M(694M) 2.757ms
[836.369s][info][gc,cpu         ] GC(2148) User=0.01s Sys=0.00s Real=0.00s
[837.294s][info][gc,start       ] GC(2149) Pause Young (Allocation Failure)
[837.296s][info][gc,heap        ] GC(2149) PSYoungGen: 283712K(308736K)->160K(306688K) Eden: 283648K(283648K)->0K(284672K) From: 64K(25088K)->160K(22016K)
[837.297s][info][gc,heap        ] GC(2149) ParOldGen: 401992K(402432K)->402000K(402432K)
[837.297s][info][gc,metaspace   ] GC(2149) Metaspace: 35518K(36224K)->35518K(36224K) NonClass: 29245K(29760K)->29245K(29760K) Class: 6273K(6464K)->6273K(6464K)
[837.297s][info][gc             ] GC(2149) Pause Young (Allocation Failure) 669M->392M(692M) 2.830ms
[837.297s][info][gc,cpu         ] GC(2149) User=0.01s Sys=0.00s Real=0.00s
[837.602s][info][gc,start       ] GC(2150) Pause Young (Allocation Failure)
[837.604s][info][gc,heap        ] GC(2150) PSYoungGen: 284832K(306688K)->64K(308224K) Eden: 284672K(284672K)->0K(284672K) From: 160K(22016K)->64K(23552K)
[837.604s][info][gc,heap        ] GC(2150) ParOldGen: 402000K(402432K)->402096K(402432K)
[837.604s][info][gc,metaspace   ] GC(2150) Metaspace: 35518K(36224K)->35518K(36224K) NonClass: 29245K(29760K)->29245K(29760K) Class: 6273K(6464K)->6273K(6464K)
[837.604s][info][gc             ] GC(2150) Pause Young (Allocation Failure) 670M->392M(694M) 1.925ms
[837.604s][info][gc,cpu         ] GC(2150) User=0.01s Sys=0.00s Real=0.00s
[838.132s][info][gc,start       ] GC(2151) Pause Young (Allocation Failure)
[838.134s][info][gc,heap        ] GC(2151) PSYoungGen: 284736K(308224K)->64K(307712K) Eden: 284672K(284672K)->0K(287744K) From: 64K(23552K)->64K(19968K)
[838.134s][info][gc,heap        ] GC(2151) ParOldGen: 402096K(402432K)->402104K(402432K)
[838.134s][info][gc,metaspace   ] GC(2151) Metaspace: 35518K(36224K)->35518K(36224K) NonClass: 29245K(29760K)->29245K(29760K) Class: 6273K(6464K)->6273K(6464K)
[838.134s][info][gc             ] GC(2151) Pause Young (Allocation Failure) 670M->392M(693M) 2.265ms
[838.134s][info][gc,cpu         ] GC(2151) User=0.00s Sys=0.01s Real=0.00s
[838.388s][info][gc,start       ] GC(2152) Pause Young (Allocation Failure)
[838.391s][info][gc,heap        ] GC(2152) PSYoungGen: 287808K(307712K)->32K(309248K) Eden: 287744K(287744K)->0K(287744K) From: 64K(19968K)->32K(21504K)
[838.391s][info][gc,heap        ] GC(2152) ParOldGen: 402104K(402432K)->402120K(402432K)
[838.391s][info][gc,metaspace   ] GC(2152) Metaspace: 35518K(36224K)->35518K(36224K) NonClass: 29245K(29760K)->29245K(29760K) Class: 6273K(6464K)->6273K(6464K)
[838.391s][info][gc             ] GC(2152) Pause Young (Allocation Failure) 673M->392M(695M) 3.221ms
[838.391s][info][gc,cpu         ] GC(2152) User=0.00s Sys=0.00s Real=0.01s
[838.645s][info][gc,start       ] GC(2153) Pause Young (Allocation Failure)
[838.648s][info][gc,heap        ] GC(2153) PSYoungGen: 287776K(309248K)->64K(309760K) Eden: 287744K(287744K)->0K(291840K) From: 32K(21504K)->64K(17920K)
[838.648s][info][gc,heap        ] GC(2153) ParOldGen: 402120K(402432K)->402120K(402432K)
[838.648s][info][gc,metaspace   ] GC(2153) Metaspace: 35518K(36224K)->35518K(36224K) NonClass: 29245K(29760K)->29245K(29760K) Class: 6273K(6464K)->6273K(6464K)
[838.648s][info][gc             ] GC(2153) Pause Young (Allocation Failure) 673M->392M(695M) 3.198ms
[838.648s][info][gc,cpu         ] GC(2153) User=0.01s Sys=0.00s Real=0.00s
[839.109s][info][gc,start       ] GC(2154) Pause Young (Allocation Failure)
[839.112s][info][gc,heap        ] GC(2154) PSYoungGen: 291904K(309760K)->32K(311296K) Eden: 291840K(291840K)->0K(291840K) From: 64K(17920K)->32K(19456K)
[839.112s][info][gc,heap        ] GC(2154) ParOldGen: 402120K(402432K)->402120K(402432K)
[839.112s][info][gc,metaspace   ] GC(2154) Metaspace: 35518K(36224K)->35518K(36224K) NonClass: 29245K(29760K)->29245K(29760K) Class: 6273K(6464K)->6273K(6464K)
[839.112s][info][gc             ] GC(2154) Pause Young (Allocation Failure) 677M->392M(697M) 2.807ms
[839.112s][info][gc,cpu         ] GC(2154) User=0.00s Sys=0.00s Real=0.01s
[839.168s][info][gc,start       ] GC(2155) Pause Young (Allocation Failure)
[839.170s][info][gc,heap        ] GC(2155) PSYoungGen: 291872K(311296K)->32K(311808K) Eden: 291840K(291840K)->0K(295424K) From: 32K(19456K)->32K(16384K)
[839.170s][info][gc,heap        ] GC(2155) ParOldGen: 402120K(402432K)->402136K(402432K)
[839.170s][info][gc,metaspace   ] GC(2155) Metaspace: 35518K(36224K)->35518K(36224K) NonClass: 29245K(29760K)->29245K(29760K) Class: 6273K(6464K)->6273K(6464K)
[839.170s][info][gc             ] GC(2155) Pause Young (Allocation Failure) 677M->392M(697M) 2.048ms
[839.170s][info][gc,cpu         ] GC(2155) User=0.00s Sys=0.00s Real=0.00s
[839.266s][info][gc,start       ] GC(2156) Pause Young (Allocation Failure)
[839.268s][info][gc,heap        ] GC(2156) PSYoungGen: 295456K(311808K)->64K(313344K) Eden: 295424K(295424K)->0K(295424K) From: 32K(16384K)->64K(17920K)
[839.268s][info][gc,heap        ] GC(2156) ParOldGen: 402136K(402432K)->402136K(402432K)
[839.268s][info][gc,metaspace   ] GC(2156) Metaspace: 35518K(36224K)->35518K(36224K) NonClass: 29245K(29760K)->29245K(29760K) Class: 6273K(6464K)->6273K(6464K)
[839.268s][info][gc             ] GC(2156) Pause Young (Allocation Failure) 681M->392M(699M) 2.224ms
[839.268s][info][gc,cpu         ] GC(2156) User=0.00s Sys=0.00s Real=0.00s
[839.525s][info][gc,start       ] GC(2157) Pause Young (Allocation Failure)
[839.527s][info][gc,heap        ] GC(2157) PSYoungGen: 295488K(313344K)->32K(313344K) Eden: 295424K(295424K)->0K(299008K) From: 64K(17920K)->32K(14336K)
[839.527s][info][gc,heap        ] GC(2157) ParOldGen: 402136K(402432K)->402152K(402432K)
[839.527s][info][gc,metaspace   ] GC(2157) Metaspace: 35518K(36224K)->35518K(36224K) NonClass: 29245K(29760K)->29245K(29760K) Class: 6273K(6464K)->6273K(6464K)
[839.527s][info][gc             ] GC(2157) Pause Young (Allocation Failure) 681M->392M(699M) 2.133ms
[839.527s][info][gc,cpu         ] GC(2157) User=0.00s Sys=0.00s Real=0.00s
[839.759s][info][gc,start       ] GC(2158) Pause Young (Allocation Failure)
[839.761s][info][gc,heap        ] GC(2158) PSYoungGen: 299040K(313344K)->64K(314880K) Eden: 299008K(299008K)->0K(299008K) From: 32K(14336K)->64K(15872K)
[839.761s][info][gc,heap        ] GC(2158) ParOldGen: 402152K(402432K)->402152K(402432K)
[839.761s][info][gc,metaspace   ] GC(2158) Metaspace: 35518K(36224K)->35518K(36224K) NonClass: 29245K(29760K)->29245K(29760K) Class: 6273K(6464K)->6273K(6464K)
[839.761s][info][gc             ] GC(2158) Pause Young (Allocation Failure) 684M->392M(700M) 2.181ms
[839.761s][info][gc,cpu         ] GC(2158) User=0.00s Sys=0.00s Real=0.01s
[839.851s][info][gc,start       ] GC(2159) Pause Young (Allocation Failure)
[839.853s][info][gc,heap        ] GC(2159) PSYoungGen: 299072K(314880K)->32K(315392K) Eden: 299008K(299008K)->0K(303104K) From: 64K(15872K)->32K(12288K)
[839.853s][info][gc,heap        ] GC(2159) ParOldGen: 402152K(402432K)->402168K(402432K)
[839.853s][info][gc,metaspace   ] GC(2159) Metaspace: 35518K(36224K)->35518K(36224K) NonClass: 29245K(29760K)->29245K(29760K) Class: 6273K(6464K)->6273K(6464K)
[839.854s][info][gc             ] GC(2159) Pause Young (Allocation Failure) 684M->392M(701M) 2.168ms
[839.854s][info][gc,cpu         ] GC(2159) User=0.00s Sys=0.00s Real=0.00s
[840.007s][info][gc,start       ] GC(2160) Pause Young (Allocation Failure)
[840.009s][info][gc,heap        ] GC(2160) PSYoungGen: 303136K(315392K)->32K(316928K) Eden: 303104K(303104K)->0K(303104K) From: 32K(12288K)->32K(13824K)
[840.009s][info][gc,heap        ] GC(2160) ParOldGen: 402168K(402432K)->402168K(402432K)
[840.009s][info][gc,metaspace   ] GC(2160) Metaspace: 35518K(36224K)->35518K(36224K) NonClass: 29245K(29760K)->29245K(29760K) Class: 6273K(6464K)->6273K(6464K)
[840.009s][info][gc             ] GC(2160) Pause Young (Allocation Failure) 688M->392M(702M) 2.063ms
[840.009s][info][gc,cpu         ] GC(2160) User=0.01s Sys=0.00s Real=0.00s
[840.468s][info][gc,start       ] GC(2161) Pause Young (Allocation Failure)
[840.470s][info][gc,heap        ] GC(2161) PSYoungGen: 303136K(316928K)->64K(317440K) Eden: 303104K(303104K)->0K(306688K) From: 32K(13824K)->64K(10752K)
[840.470s][info][gc,heap        ] GC(2161) ParOldGen: 402168K(402432K)->402184K(402432K)
[840.470s][info][gc,metaspace   ] GC(2161) Metaspace: 35518K(36224K)->35518K(36224K) NonClass: 29245K(29760K)->29245K(29760K) Class: 6273K(6464K)->6273K(6464K)
[840.470s][info][gc             ] GC(2161) Pause Young (Allocation Failure) 688M->392M(703M) 2.450ms
[840.470s][info][gc,cpu         ] GC(2161) User=0.00s Sys=0.01s Real=0.00s
[841.299s][info][gc,start       ] GC(2162) Pause Young (Allocation Failure)
[841.300s][info][gc,heap        ] GC(2162) PSYoungGen: 306752K(317440K)->64K(318976K) Eden: 306688K(306688K)->0K(306688K) From: 64K(10752K)->64K(12288K)
[841.300s][info][gc,heap        ] GC(2162) ParOldGen: 402184K(402432K)->402192K(402432K)
[841.300s][info][gc,metaspace   ] GC(2162) Metaspace: 35518K(36224K)->35518K(36224K) NonClass: 29245K(29760K)->29245K(29760K) Class: 6273K(6464K)->6273K(6464K)
[841.300s][info][gc             ] GC(2162) Pause Young (Allocation Failure) 692M->392M(704M) 1.726ms
[841.300s][info][gc,cpu         ] GC(2162) User=0.00s Sys=0.00s Real=0.00s
[842.435s][info][gc,start       ] GC(2163) Pause Young (Allocation Failure)
[842.437s][info][gc,heap        ] GC(2163) PSYoungGen: 306752K(318976K)->64K(294912K) Eden: 306688K(306688K)->0K(294400K) From: 64K(12288K)->64K(512K)
[842.437s][info][gc,heap        ] GC(2163) ParOldGen: 402192K(402432K)->402200K(402432K)
[842.437s][info][gc,metaspace   ] GC(2163) Metaspace: 35518K(36224K)->35518K(36224K) NonClass: 29245K(29760K)->29245K(29760K) Class: 6273K(6464K)->6273K(6464K)
[842.437s][info][gc             ] GC(2163) Pause Young (Allocation Failure) 692M->392M(681M) 2.741ms
[842.437s][info][gc,cpu         ] GC(2163) User=0.00s Sys=0.00s Real=0.00s
[842.977s][info][gc,start       ] GC(2164) Pause Young (Allocation Failure)
[842.979s][info][gc,heap        ] GC(2164) PSYoungGen: 294464K(294912K)->32K(293376K) Eden: 294400K(294400K)->0K(282624K) From: 64K(512K)->32K(10752K)
[842.979s][info][gc,heap        ] GC(2164) ParOldGen: 402200K(402432K)->402216K(402432K)
[842.979s][info][gc,metaspace   ] GC(2164) Metaspace: 35518K(36224K)->35518K(36224K) NonClass: 29245K(29760K)->29245K(29760K) Class: 6273K(6464K)->6273K(6464K)
[842.979s][info][gc             ] GC(2164) Pause Young (Allocation Failure) 680M->392M(679M) 2.464ms
[842.980s][info][gc,cpu         ] GC(2164) User=0.00s Sys=0.00s Real=0.00s
[844.144s][info][gc,start       ] GC(2165) Pause Young (Allocation Failure)
[844.149s][info][gc,heap        ] GC(2165) PSYoungGen: 282656K(293376K)->64K(271872K) Eden: 282624K(282624K)->0K(271360K) From: 32K(10752K)->64K(512K)
[844.149s][info][gc,heap        ] GC(2165) ParOldGen: 402216K(402432K)->402224K(402432K)
[844.149s][info][gc,metaspace   ] GC(2165) Metaspace: 35518K(36224K)->35518K(36224K) NonClass: 29245K(29760K)->29245K(29760K) Class: 6273K(6464K)->6273K(6464K)
[844.149s][info][gc             ] GC(2165) Pause Young (Allocation Failure) 668M->392M(658M) 5.708ms
[844.149s][info][gc,cpu         ] GC(2165) User=0.00s Sys=0.00s Real=0.00s
[844.734s][info][gc,start       ] GC(2166) Pause Young (Allocation Failure)
[844.738s][info][gc,heap        ] GC(2166) PSYoungGen: 271424K(271872K)->64K(270336K) Eden: 271360K(271360K)->0K(261120K) From: 64K(512K)->64K(9216K)
[844.738s][info][gc,heap        ] GC(2166) ParOldGen: 402224K(402432K)->402240K(402432K)
[844.738s][info][gc,metaspace   ] GC(2166) Metaspace: 35518K(36224K)->35518K(36224K) NonClass: 29245K(29760K)->29245K(29760K) Class: 6273K(6464K)->6273K(6464K)
[844.738s][info][gc             ] GC(2166) Pause Young (Allocation Failure) 657M->392M(657M) 3.787ms
[844.738s][info][gc,cpu         ] GC(2166) User=0.00s Sys=0.00s Real=0.00s
[844.941s][info][gc,start       ] GC(2167) Pause Young (Allocation Failure)
[844.945s][info][gc,heap        ] GC(2167) PSYoungGen: 261184K(270336K)->32K(304640K) Eden: 261120K(261120K)->0K(295936K) From: 64K(9216K)->32K(8704K)
[844.945s][info][gc,heap        ] GC(2167) ParOldGen: 402240K(402432K)->402256K(402432K)
[844.945s][info][gc,metaspace   ] GC(2167) Metaspace: 35518K(36224K)->35518K(36224K) NonClass: 29245K(29760K)->29245K(29760K) Class: 6273K(6464K)->6273K(6464K)
[844.946s][info][gc             ] GC(2167) Pause Young (Allocation Failure) 647M->392M(690M) 4.023ms
[844.946s][info][gc,cpu         ] GC(2167) User=0.00s Sys=0.00s Real=0.00s
[845.429s][info][gc,start       ] GC(2168) Pause Young (Allocation Failure)
[845.432s][info][gc,heap        ] GC(2168) PSYoungGen: 295968K(304640K)->32K(284672K) Eden: 295936K(295936K)->0K(284160K) From: 32K(8704K)->32K(512K)
[845.432s][info][gc,heap        ] GC(2168) ParOldGen: 402256K(402432K)->402264K(402432K)
[845.432s][info][gc,metaspace   ] GC(2168) Metaspace: 35518K(36224K)->35518K(36224K) NonClass: 29245K(29760K)->29245K(29760K) Class: 6273K(6464K)->6273K(6464K)
[845.433s][info][gc             ] GC(2168) Pause Young (Allocation Failure) 681M->392M(671M) 3.077ms
[845.433s][info][gc,cpu         ] GC(2168) User=0.01s Sys=0.00s Real=0.01s
[846.037s][info][gc,start       ] GC(2169) Pause Young (Allocation Failure)
[846.041s][info][gc,heap        ] GC(2169) PSYoungGen: 284192K(284672K)->32K(273408K) Eden: 284160K(284160K)->0K(272896K) From: 32K(512K)->32K(512K)
[846.041s][info][gc,heap        ] GC(2169) ParOldGen: 402264K(402432K)->402272K(402432K)
[846.041s][info][gc,metaspace   ] GC(2169) Metaspace: 35518K(36224K)->35518K(36224K) NonClass: 29245K(29760K)->29245K(29760K) Class: 6273K(6464K)->6273K(6464K)
[846.041s][info][gc             ] GC(2169) Pause Young (Allocation Failure) 670M->392M(660M) 3.773ms
[846.041s][info][gc,cpu         ] GC(2169) User=0.00s Sys=0.00s Real=0.01s
[846.550s][info][gc,start       ] GC(2170) Pause Young (Allocation Failure)
[846.580s][info][gc,heap        ] GC(2170) PSYoungGen: 272928K(273408K)->7168K(290304K) Eden: 272896K(272896K)->0K(283136K) From: 32K(512K)->7168K(7168K)
[846.580s][info][gc,heap        ] GC(2170) ParOldGen: 402272K(402432K)->407824K(408064K)
[846.580s][info][gc,metaspace   ] GC(2170) Metaspace: 35518K(36224K)->35518K(36224K) NonClass: 29245K(29760K)->29245K(29760K) Class: 6273K(6464K)->6273K(6464K)
[846.580s][info][gc             ] GC(2170) Pause Young (Allocation Failure) 659M->405M(682M) 29.951ms
[846.580s][info][gc,cpu         ] GC(2170) User=0.04s Sys=0.00s Real=0.03s
[846.960s][info][gc,start       ] GC(2171) Pause Young (Allocation Failure)
[847.057s][info][gc,heap        ] GC(2171) PSYoungGen: 290304K(290304K)->10752K(303616K) Eden: 283136K(283136K)->0K(292864K) From: 7168K(7168K)->10752K(10752K)
[847.057s][info][gc,heap        ] GC(2171) ParOldGen: 407824K(408064K)->427328K(427520K)
[847.057s][info][gc,metaspace   ] GC(2171) Metaspace: 35518K(36224K)->35518K(36224K) NonClass: 29245K(29760K)->29245K(29760K) Class: 6273K(6464K)->6273K(6464K)
[847.057s][info][gc             ] GC(2171) Pause Young (Allocation Failure) 681M->427M(714M) 96.864ms
[847.057s][info][gc,cpu         ] GC(2171) User=0.14s Sys=0.05s Real=0.10s
[847.418s][info][gc,start       ] GC(2172) Pause Young (Allocation Failure)
[847.498s][info][gc,heap        ] GC(2172) PSYoungGen: 303616K(303616K)->20480K(313344K) Eden: 292864K(292864K)->0K(292864K) From: 10752K(10752K)->20480K(20480K)
[847.498s][info][gc,heap        ] GC(2172) ParOldGen: 427328K(427520K)->433752K(434176K)
[847.498s][info][gc,metaspace   ] GC(2172) Metaspace: 35518K(36224K)->35518K(36224K) NonClass: 29245K(29760K)->29245K(29760K) Class: 6273K(6464K)->6273K(6464K)
[847.498s][info][gc             ] GC(2172) Pause Young (Allocation Failure) 713M->443M(730M) 80.519ms
[847.498s][info][gc,cpu         ] GC(2172) User=0.13s Sys=0.03s Real=0.08s
[847.718s][info][gc,start       ] GC(2173) Pause Young (Allocation Failure)
[847.725s][info][gc,heap        ] GC(2173) PSYoungGen: 313344K(313344K)->32K(302080K) Eden: 292864K(292864K)->0K(281600K) From: 20480K(20480K)->32K(20480K)
[847.725s][info][gc,heap        ] GC(2173) ParOldGen: 433752K(434176K)->433976K(434176K)
[847.725s][info][gc,metaspace   ] GC(2173) Metaspace: 35518K(36224K)->35518K(36224K) NonClass: 29245K(29760K)->29245K(29760K) Class: 6273K(6464K)->6273K(6464K)
[847.725s][info][gc             ] GC(2173) Pause Young (Allocation Failure) 729M->423M(719M) 6.555ms
[847.725s][info][gc,cpu         ] GC(2173) User=0.02s Sys=0.00s Real=0.01s
[848.599s][info][gc,start       ] GC(2174) Pause Young (Allocation Failure)
[848.602s][info][gc,heap        ] GC(2174) PSYoungGen: 281632K(302080K)->64K(307712K) Eden: 281600K(281600K)->0K(281600K) From: 32K(20480K)->64K(26112K)
[848.602s][info][gc,heap        ] GC(2174) ParOldGen: 433976K(434176K)->433992K(434176K)
[848.602s][info][gc,metaspace   ] GC(2174) Metaspace: 35518K(36224K)->35518K(36224K) NonClass: 29245K(29760K)->29245K(29760K) Class: 6273K(6464K)->6273K(6464K)
[848.602s][info][gc             ] GC(2174) Pause Young (Allocation Failure) 698M->423M(724M) 2.478ms
[848.602s][info][gc,cpu         ] GC(2174) User=0.00s Sys=0.00s Real=0.01s
[849.003s][info][gc,start       ] GC(2175) Pause Young (Allocation Failure)
[849.006s][info][gc,heap        ] GC(2175) PSYoungGen: 281664K(307712K)->32K(305152K) Eden: 281600K(281600K)->0K(282112K) From: 64K(26112K)->32K(23040K)
[849.006s][info][gc,heap        ] GC(2175) ParOldGen: 433992K(434176K)->433992K(434176K)
[849.006s][info][gc,metaspace   ] GC(2175) Metaspace: 35518K(36224K)->35518K(36224K) NonClass: 29245K(29760K)->29245K(29760K) Class: 6273K(6464K)->6273K(6464K)
[849.006s][info][gc             ] GC(2175) Pause Young (Allocation Failure) 698M->423M(722M) 2.887ms
[849.006s][info][gc,cpu         ] GC(2175) User=0.01s Sys=0.00s Real=0.00s
[849.587s][info][gc,start       ] GC(2176) Pause Young (Allocation Failure)
[849.589s][info][gc,heap        ] GC(2176) PSYoungGen: 282144K(305152K)->32K(306688K) Eden: 282112K(282112K)->0K(282112K) From: 32K(23040K)->32K(24576K)
[849.589s][info][gc,heap        ] GC(2176) ParOldGen: 433992K(434176K)->434000K(434176K)
[849.589s][info][gc,metaspace   ] GC(2176) Metaspace: 35518K(36224K)->35518K(36224K) NonClass: 29245K(29760K)->29245K(29760K) Class: 6273K(6464K)->6273K(6464K)
[849.589s][info][gc             ] GC(2176) Pause Young (Allocation Failure) 699M->423M(723M) 2.362ms
[849.589s][info][gc,cpu         ] GC(2176) User=0.01s Sys=0.00s Real=0.00s
[849.837s][info][gc,start       ] GC(2177) Pause Young (Allocation Failure)
[849.839s][info][gc,heap        ] GC(2177) PSYoungGen: 282144K(306688K)->32K(305664K) Eden: 282112K(282112K)->0K(285696K) From: 32K(24576K)->32K(19968K)
[849.839s][info][gc,heap        ] GC(2177) ParOldGen: 434000K(434176K)->434008K(434176K)
[849.839s][info][gc,metaspace   ] GC(2177) Metaspace: 35518K(36224K)->35518K(36224K) NonClass: 29245K(29760K)->29245K(29760K) Class: 6273K(6464K)->6273K(6464K)
[849.839s][info][gc             ] GC(2177) Pause Young (Allocation Failure) 699M->423M(722M) 2.586ms
[849.839s][info][gc,cpu         ] GC(2177) User=0.01s Sys=0.00s Real=0.00s
[850.090s][info][gc,start       ] GC(2178) Pause Young (Allocation Failure)
[850.092s][info][gc,heap        ] GC(2178) PSYoungGen: 285728K(305664K)->32K(307712K) Eden: 285696K(285696K)->0K(285696K) From: 32K(19968K)->32K(22016K)
[850.092s][info][gc,heap        ] GC(2178) ParOldGen: 434008K(434176K)->434008K(434176K)
[850.092s][info][gc,metaspace   ] GC(2178) Metaspace: 35518K(36224K)->35518K(36224K) NonClass: 29245K(29760K)->29245K(29760K) Class: 6273K(6464K)->6273K(6464K)
[850.092s][info][gc             ] GC(2178) Pause Young (Allocation Failure) 702M->423M(724M) 2.540ms
[850.092s][info][gc,cpu         ] GC(2178) User=0.01s Sys=0.00s Real=0.01s
[850.475s][info][gc,start       ] GC(2179) Pause Young (Allocation Failure)
[850.476s][info][gc,heap        ] GC(2179) PSYoungGen: 285728K(307712K)->64K(308736K) Eden: 285696K(285696K)->0K(290816K) From: 32K(22016K)->64K(17920K)
[850.476s][info][gc,heap        ] GC(2179) ParOldGen: 434008K(434176K)->434008K(434176K)
[850.476s][info][gc,metaspace   ] GC(2179) Metaspace: 35518K(36224K)->35518K(36224K) NonClass: 29245K(29760K)->29245K(29760K) Class: 6273K(6464K)->6273K(6464K)
[850.476s][info][gc             ] GC(2179) Pause Young (Allocation Failure) 702M->423M(725M) 1.778ms
[850.476s][info][gc,cpu         ] GC(2179) User=0.00s Sys=0.00s Real=0.00s
[850.534s][info][gc,start       ] GC(2180) Pause Young (Allocation Failure)
[850.536s][info][gc,heap        ] GC(2180) PSYoungGen: 290880K(308736K)->64K(310784K) Eden: 290816K(290816K)->0K(290816K) From: 64K(17920K)->64K(19968K)
[850.536s][info][gc,heap        ] GC(2180) ParOldGen: 434008K(434176K)->434024K(434176K)
[850.536s][info][gc,metaspace   ] GC(2180) Metaspace: 35518K(36224K)->35518K(36224K) NonClass: 29245K(29760K)->29245K(29760K) Class: 6273K(6464K)->6273K(6464K)
[850.536s][info][gc             ] GC(2180) Pause Young (Allocation Failure) 707M->423M(727M) 1.799ms
[850.536s][info][gc,cpu         ] GC(2180) User=0.00s Sys=0.00s Real=0.00s
[850.592s][info][gc,start       ] GC(2181) Pause Young (Allocation Failure)
[850.594s][info][gc,heap        ] GC(2181) PSYoungGen: 290880K(310784K)->64K(310784K) Eden: 290816K(290816K)->0K(294912K) From: 64K(19968K)->64K(15872K)
[850.594s][info][gc,heap        ] GC(2181) ParOldGen: 434024K(434176K)->434024K(434176K)
[850.594s][info][gc,metaspace   ] GC(2181) Metaspace: 35518K(36224K)->35518K(36224K) NonClass: 29245K(29760K)->29245K(29760K) Class: 6273K(6464K)->6273K(6464K)
[850.594s][info][gc             ] GC(2181) Pause Young (Allocation Failure) 707M->423M(727M) 1.801ms
[850.594s][info][gc,cpu         ] GC(2181) User=0.00s Sys=0.00s Real=0.00s
[850.853s][info][gc,start       ] GC(2182) Pause Young (Allocation Failure)
[850.854s][info][gc,heap        ] GC(2182) PSYoungGen: 294976K(310784K)->64K(312832K) Eden: 294912K(294912K)->0K(294912K) From: 64K(15872K)->64K(17920K)
[850.855s][info][gc,heap        ] GC(2182) ParOldGen: 434024K(434176K)->434024K(434176K)
[850.855s][info][gc,metaspace   ] GC(2182) Metaspace: 35518K(36224K)->35518K(36224K) NonClass: 29245K(29760K)->29245K(29760K) Class: 6273K(6464K)->6273K(6464K)
[850.855s][info][gc             ] GC(2182) Pause Young (Allocation Failure) 711M->423M(729M) 1.790ms
[850.855s][info][gc,cpu         ] GC(2182) User=0.01s Sys=0.00s Real=0.00s
[851.104s][info][gc,start       ] GC(2183) Pause Young (Allocation Failure)
[851.106s][info][gc,heap        ] GC(2183) PSYoungGen: 294976K(312832K)->64K(312832K) Eden: 294912K(294912K)->0K(299008K) From: 64K(17920K)->64K(13824K)
[851.106s][info][gc,heap        ] GC(2183) ParOldGen: 434024K(434176K)->434040K(434176K)
[851.106s][info][gc,metaspace   ] GC(2183) Metaspace: 35518K(36224K)->35518K(36224K) NonClass: 29245K(29760K)->29245K(29760K) Class: 6273K(6464K)->6273K(6464K)
[851.106s][info][gc             ] GC(2183) Pause Young (Allocation Failure) 711M->423M(729M) 2.285ms
[851.106s][info][gc,cpu         ] GC(2183) User=0.01s Sys=0.00s Real=0.00s
[851.228s][info][gc,start       ] GC(2184) Pause Young (Allocation Failure)
[851.230s][info][gc,heap        ] GC(2184) PSYoungGen: 299072K(312832K)->64K(314880K) Eden: 299008K(299008K)->0K(299008K) From: 64K(13824K)->64K(15872K)
[851.230s][info][gc,heap        ] GC(2184) ParOldGen: 434040K(434176K)->434048K(434176K)
[851.230s][info][gc,metaspace   ] GC(2184) Metaspace: 35518K(36224K)->35518K(36224K) NonClass: 29245K(29760K)->29245K(29760K) Class: 6273K(6464K)->6273K(6464K)
[851.230s][info][gc             ] GC(2184) Pause Young (Allocation Failure) 715M->423M(731M) 1.817ms
[851.230s][info][gc,cpu         ] GC(2184) User=0.00s Sys=0.00s Real=0.00s
[851.367s][info][gc,start       ] GC(2185) Pause Young (Allocation Failure)
[851.369s][info][gc,heap        ] GC(2185) PSYoungGen: 299072K(314880K)->32K(314880K) Eden: 299008K(299008K)->0K(303104K) From: 64K(15872K)->32K(11776K)
[851.369s][info][gc,heap        ] GC(2185) ParOldGen: 434048K(434176K)->434064K(434176K)
[851.369s][info][gc,metaspace   ] GC(2185) Metaspace: 35518K(36224K)->35518K(36224K) NonClass: 29245K(29760K)->29245K(29760K) Class: 6273K(6464K)->6273K(6464K)
[851.369s][info][gc             ] GC(2185) Pause Young (Allocation Failure) 715M->423M(731M) 2.118ms
[851.369s][info][gc,cpu         ] GC(2185) User=0.00s Sys=0.00s Real=0.00s
[851.708s][info][gc,start       ] GC(2186) Pause Young (Allocation Failure)
[851.710s][info][gc,heap        ] GC(2186) PSYoungGen: 303136K(314880K)->64K(316928K) Eden: 303104K(303104K)->0K(303104K) From: 32K(11776K)->64K(13824K)
[851.710s][info][gc,heap        ] GC(2186) ParOldGen: 434064K(434176K)->434072K(434176K)
[851.710s][info][gc,metaspace   ] GC(2186) Metaspace: 35518K(36224K)->35518K(36224K) NonClass: 29245K(29760K)->29245K(29760K) Class: 6273K(6464K)->6273K(6464K)
[851.710s][info][gc             ] GC(2186) Pause Young (Allocation Failure) 719M->423M(733M) 1.755ms
[851.710s][info][gc,cpu         ] GC(2186) User=0.00s Sys=0.00s Real=0.00s
[852.856s][info][gc,start       ] GC(2187) Pause Young (Allocation Failure)
[852.859s][info][gc,heap        ] GC(2187) PSYoungGen: 303168K(316928K)->102K(317440K) Eden: 303104K(303104K)->0K(306688K) From: 64K(13824K)->102K(10752K)
[852.859s][info][gc,heap        ] GC(2187) ParOldGen: 434072K(434176K)->434080K(434176K)
[852.859s][info][gc,metaspace   ] GC(2187) Metaspace: 35518K(36224K)->35518K(36224K) NonClass: 29245K(29760K)->29245K(29760K) Class: 6273K(6464K)->6273K(6464K)
[852.859s][info][gc             ] GC(2187) Pause Young (Allocation Failure) 719M->424M(734M) 2.537ms
[852.859s][info][gc,cpu         ] GC(2187) User=0.00s Sys=0.00s Real=0.00s
[853.946s][info][gc,start       ] GC(2188) Pause Young (Allocation Failure)
[853.949s][info][gc,heap        ] GC(2188) PSYoungGen: 306790K(317440K)->64K(294912K) Eden: 306688K(306688K)->0K(294400K) From: 102K(10752K)->64K(512K)
[853.949s][info][gc,heap        ] GC(2188) ParOldGen: 434080K(434176K)->434096K(434176K)
[853.949s][info][gc,metaspace   ] GC(2188) Metaspace: 35518K(36224K)->35518K(36224K) NonClass: 29245K(29760K)->29245K(29760K) Class: 6273K(6464K)->6273K(6464K)
[853.949s][info][gc             ] GC(2188) Pause Young (Allocation Failure) 723M->423M(712M) 3.214ms
[853.949s][info][gc,cpu         ] GC(2188) User=0.01s Sys=0.00s Real=0.00s
[854.465s][info][gc,start       ] GC(2189) Pause Young (Allocation Failure)
[854.467s][info][gc,heap        ] GC(2189) PSYoungGen: 294464K(294912K)->64K(283136K) Eden: 294400K(294400K)->0K(282624K) From: 64K(512K)->64K(512K)
[854.467s][info][gc,heap        ] GC(2189) ParOldGen: 434096K(434176K)->434104K(434176K)
[854.467s][info][gc,metaspace   ] GC(2189) Metaspace: 35518K(36224K)->35518K(36224K) NonClass: 29245K(29760K)->29245K(29760K) Class: 6273K(6464K)->6273K(6464K)
[854.467s][info][gc             ] GC(2189) Pause Young (Allocation Failure) 711M->423M(700M) 2.650ms
[854.467s][info][gc,cpu         ] GC(2189) User=0.00s Sys=0.00s Real=0.00s
[855.688s][info][gc,start       ] GC(2190) Pause Young (Allocation Failure)
[855.691s][info][gc,heap        ] GC(2190) PSYoungGen: 282688K(283136K)->64K(282112K) Eden: 282624K(282624K)->0K(271360K) From: 64K(512K)->64K(10752K)
[855.691s][info][gc,heap        ] GC(2190) ParOldGen: 434104K(434176K)->434112K(434176K)
[855.691s][info][gc,metaspace   ] GC(2190) Metaspace: 35518K(36224K)->35518K(36224K) NonClass: 29245K(29760K)->29245K(29760K) Class: 6273K(6464K)->6273K(6464K)
[855.691s][info][gc             ] GC(2190) Pause Young (Allocation Failure) 699M->424M(699M) 3.256ms
[855.691s][info][gc,cpu         ] GC(2190) User=0.00s Sys=0.00s Real=0.01s
[856.170s][info][gc,start       ] GC(2191) Pause Young (Allocation Failure)
[856.174s][info][gc,heap        ] GC(2191) PSYoungGen: 271424K(282112K)->32K(261632K) Eden: 271360K(271360K)->0K(261120K) From: 64K(10752K)->32K(512K)
[856.174s][info][gc,heap        ] GC(2191) ParOldGen: 434112K(434176K)->434128K(434176K)
[856.174s][info][gc,metaspace   ] GC(2191) Metaspace: 35518K(36224K)->35518K(36224K) NonClass: 29245K(29760K)->29245K(29760K) Class: 6273K(6464K)->6273K(6464K)
[856.174s][info][gc             ] GC(2191) Pause Young (Allocation Failure) 689M->423M(679M) 3.975ms
[856.174s][info][gc,cpu         ] GC(2191) User=0.00s Sys=0.00s Real=0.01s
[856.413s][info][gc,start       ] GC(2192) Pause Young (Allocation Failure)
[856.415s][info][gc,heap        ] GC(2192) PSYoungGen: 261152K(261632K)->64K(260096K) Eden: 261120K(261120K)->0K(250880K) From: 32K(512K)->64K(9216K)
[856.415s][info][gc,heap        ] GC(2192) ParOldGen: 434128K(434176K)->434136K(434176K)
[856.415s][info][gc,metaspace   ] GC(2192) Metaspace: 35518K(36224K)->35518K(36224K) NonClass: 29245K(29760K)->29245K(29760K) Class: 6273K(6464K)->6273K(6464K)
[856.415s][info][gc             ] GC(2192) Pause Young (Allocation Failure) 678M->424M(678M) 2.681ms
[856.415s][info][gc,cpu         ] GC(2192) User=0.00s Sys=0.00s Real=0.00s
[856.600s][info][gc,start       ] GC(2193) Pause Young (Allocation Failure)
[856.603s][info][gc,heap        ] GC(2193) PSYoungGen: 250944K(260096K)->64K(241664K) Eden: 250880K(250880K)->0K(241152K) From: 64K(9216K)->64K(512K)
[856.603s][info][gc,heap        ] GC(2193) ParOldGen: 434136K(434176K)->434152K(434176K)
[856.603s][info][gc,metaspace   ] GC(2193) Metaspace: 35518K(36224K)->35518K(36224K) NonClass: 29245K(29760K)->29245K(29760K) Class: 6273K(6464K)->6273K(6464K)
[856.603s][info][gc             ] GC(2193) Pause Young (Allocation Failure) 669M->424M(660M) 3.150ms
[856.603s][info][gc,cpu         ] GC(2193) User=0.01s Sys=0.00s Real=0.01s
[857.409s][info][gc,start       ] GC(2194) Pause Young (Allocation Failure)
[857.411s][info][gc,heap        ] GC(2194) PSYoungGen: 241216K(241664K)->32K(240128K) Eden: 241152K(241152K)->0K(231936K) From: 64K(512K)->32K(8192K)
[857.411s][info][gc,heap        ] GC(2194) ParOldGen: 434152K(434176K)->434160K(434176K)
[857.411s][info][gc,metaspace   ] GC(2194) Metaspace: 35518K(36224K)->35518K(36224K) NonClass: 29245K(29760K)->29245K(29760K) Class: 6273K(6464K)->6273K(6464K)
[857.411s][info][gc             ] GC(2194) Pause Young (Allocation Failure) 659M->424M(658M) 2.427ms
[857.411s][info][gc,cpu         ] GC(2194) User=0.00s Sys=0.00s Real=0.01s
[857.738s][info][gc,start       ] GC(2195) Pause Young (Allocation Failure)
[857.741s][info][gc,heap        ] GC(2195) PSYoungGen: 231968K(240128K)->64K(223744K) Eden: 231936K(231936K)->0K(223232K) From: 32K(8192K)->64K(512K)
[857.741s][info][gc,heap        ] GC(2195) ParOldGen: 434160K(434176K)->434168K(434176K)
[857.741s][info][gc,metaspace   ] GC(2195) Metaspace: 35518K(36224K)->35518K(36224K) NonClass: 29245K(29760K)->29245K(29760K) Class: 6273K(6464K)->6273K(6464K)
[857.741s][info][gc             ] GC(2195) Pause Young (Allocation Failure) 650M->424M(642M) 3.003ms
[857.741s][info][gc,cpu         ] GC(2195) User=0.01s Sys=0.01s Real=0.01s
[858.141s][info][gc,start       ] GC(2196) Pause Young (Allocation Failure)
[858.187s][info][gc,heap        ] GC(2196) PSYoungGen: 223296K(223744K)->6656K(273920K) Eden: 223232K(223232K)->0K(267264K) From: 64K(512K)->6656K(6656K)
[858.187s][info][gc,heap        ] GC(2196) ParOldGen: 434168K(434176K)->443392K(443904K)
[858.187s][info][gc,metaspace   ] GC(2196) Metaspace: 35518K(36224K)->35518K(36224K) NonClass: 29245K(29760K)->29245K(29760K) Class: 6273K(6464K)->6273K(6464K)
[858.187s][info][gc             ] GC(2196) Pause Young (Allocation Failure) 642M->439M(701M) 45.454ms
[858.187s][info][gc,cpu         ] GC(2196) User=0.08s Sys=0.01s Real=0.04s
[858.556s][info][gc,start       ] GC(2197) Pause Young (Allocation Failure)
[858.630s][info][gc,heap        ] GC(2197) PSYoungGen: 273920K(273920K)->11776K(269824K) Eden: 267264K(267264K)->0K(258048K) From: 6656K(6656K)->11776K(11776K)
[858.630s][info][gc,heap        ] GC(2197) ParOldGen: 443392K(443904K)->460320K(460800K)
[858.630s][info][gc,metaspace   ] GC(2197) Metaspace: 35518K(36224K)->35518K(36224K) NonClass: 29245K(29760K)->29245K(29760K) Class: 6273K(6464K)->6273K(6464K)
[858.630s][info][gc             ] GC(2197) Pause Young (Allocation Failure) 700M->461M(713M) 74.031ms
[858.630s][info][gc,cpu         ] GC(2197) User=0.12s Sys=0.02s Real=0.07s
[858.952s][info][gc,start       ] GC(2198) Pause Young (Allocation Failure)
[859.018s][info][gc,heap        ] GC(2198) PSYoungGen: 269824K(269824K)->20992K(279040K) Eden: 258048K(258048K)->0K(258048K) From: 11776K(11776K)->20992K(20992K)
[859.018s][info][gc,heap        ] GC(2198) ParOldGen: 460320K(460800K)->464648K(464896K)
[859.018s][info][gc,metaspace   ] GC(2198) Metaspace: 35518K(36224K)->35518K(36224K) NonClass: 29245K(29760K)->29245K(29760K) Class: 6273K(6464K)->6273K(6464K)
[859.018s][info][gc             ] GC(2198) Pause Young (Allocation Failure) 713M->474M(726M) 65.658ms
[859.018s][info][gc,cpu         ] GC(2198) User=0.12s Sys=0.01s Real=0.06s
[859.119s][info][gc,start       ] GC(2199) Pause Young (Allocation Failure)
[859.124s][info][gc,heap        ] GC(2199) PSYoungGen: 279040K(279040K)->32K(307712K) Eden: 258048K(258048K)->0K(281088K) From: 20992K(20992K)->32K(26624K)
[859.124s][info][gc,heap        ] GC(2199) ParOldGen: 464648K(464896K)->464800K(464896K)
[859.124s][info][gc,metaspace   ] GC(2199) Metaspace: 35518K(36224K)->35518K(36224K) NonClass: 29245K(29760K)->29245K(29760K) Class: 6273K(6464K)->6273K(6464K)
[859.124s][info][gc             ] GC(2199) Pause Young (Allocation Failure) 726M->453M(754M) 5.326ms
[859.124s][info][gc,cpu         ] GC(2199) User=0.01s Sys=0.00s Real=0.01s
[859.954s][info][gc,start       ] GC(2200) Pause Young (Allocation Failure)
[859.956s][info][gc,heap        ] GC(2200) PSYoungGen: 281120K(307712K)->32K(281600K) Eden: 281088K(281088K)->0K(281088K) From: 32K(26624K)->32K(512K)
[859.956s][info][gc,heap        ] GC(2200) ParOldGen: 464800K(464896K)->464808K(464896K)
[859.956s][info][gc,metaspace   ] GC(2200) Metaspace: 35518K(36224K)->35518K(36224K) NonClass: 29245K(29760K)->29245K(29760K) Class: 6273K(6464K)->6273K(6464K)
[859.956s][info][gc             ] GC(2200) Pause Young (Allocation Failure) 728M->453M(729M) 2.431ms
[859.957s][info][gc,cpu         ] GC(2200) User=0.00s Sys=0.00s Real=0.00s
[860.450s][info][gc,start       ] GC(2201) Pause Young (Allocation Failure)
[860.453s][info][gc,heap        ] GC(2201) PSYoungGen: 281120K(281600K)->32K(307200K) Eden: 281088K(281088K)->0K(282112K) From: 32K(512K)->32K(25088K)
[860.453s][info][gc,heap        ] GC(2201) ParOldGen: 464808K(464896K)->464816K(464896K)
[860.453s][info][gc,metaspace   ] GC(2201) Metaspace: 35518K(36224K)->35518K(36224K) NonClass: 29245K(29760K)->29245K(29760K) Class: 6273K(6464K)->6273K(6464K)
[860.453s][info][gc             ] GC(2201) Pause Young (Allocation Failure) 728M->453M(754M) 2.486ms
[860.453s][info][gc,cpu         ] GC(2201) User=0.00s Sys=0.00s Real=0.01s
[860.952s][info][gc,start       ] GC(2202) Pause Young (Allocation Failure)
[860.954s][info][gc,heap        ] GC(2202) PSYoungGen: 282144K(307200K)->64K(306176K) Eden: 282112K(282112K)->0K(282112K) From: 32K(25088K)->64K(24064K)
[860.954s][info][gc,heap        ] GC(2202) ParOldGen: 464816K(464896K)->464832K(464896K)
[860.954s][info][gc,metaspace   ] GC(2202) Metaspace: 35518K(36224K)->35518K(36224K) NonClass: 29245K(29760K)->29245K(29760K) Class: 6273K(6464K)->6273K(6464K)
[860.954s][info][gc             ] GC(2202) Pause Young (Allocation Failure) 729M->454M(753M) 1.933ms
[860.954s][info][gc,cpu         ] GC(2202) User=0.00s Sys=0.00s Real=0.00s
[861.199s][info][gc,start       ] GC(2203) Pause Young (Allocation Failure)
[861.201s][info][gc,heap        ] GC(2203) PSYoungGen: 282176K(306176K)->32K(308736K) Eden: 282112K(282112K)->0K(285696K) From: 64K(24064K)->32K(23040K)
[861.201s][info][gc,heap        ] GC(2203) ParOldGen: 464832K(464896K)->464840K(464896K)
[861.201s][info][gc,metaspace   ] GC(2203) Metaspace: 35518K(36224K)->35518K(36224K) NonClass: 29245K(29760K)->29245K(29760K) Class: 6273K(6464K)->6273K(6464K)
[861.202s][info][gc             ] GC(2203) Pause Young (Allocation Failure) 729M->453M(755M) 2.609ms
[861.202s][info][gc,cpu         ] GC(2203) User=0.01s Sys=0.00s Real=0.01s
[861.451s][info][gc,start       ] GC(2204) Pause Young (Allocation Failure)
[861.454s][info][gc,heap        ] GC(2204) PSYoungGen: 285728K(308736K)->64K(307712K) Eden: 285696K(285696K)->0K(285696K) From: 32K(23040K)->64K(22016K)
[861.454s][info][gc,heap        ] GC(2204) ParOldGen: 464840K(464896K)->464840K(464896K)
[861.454s][info][gc,metaspace   ] GC(2204) Metaspace: 35518K(36224K)->35518K(36224K) NonClass: 29245K(29760K)->29245K(29760K) Class: 6273K(6464K)->6273K(6464K)
[861.454s][info][gc             ] GC(2204) Pause Young (Allocation Failure) 732M->454M(754M) 2.699ms
[861.454s][info][gc,cpu         ] GC(2204) User=0.00s Sys=0.00s Real=0.00s
[861.874s][info][gc,start       ] GC(2205) Pause Young (Allocation Failure)
[861.876s][info][gc,heap        ] GC(2205) PSYoungGen: 285760K(307712K)->32K(310784K) Eden: 285696K(285696K)->0K(289792K) From: 64K(22016K)->32K(20992K)
[861.876s][info][gc,heap        ] GC(2205) ParOldGen: 464840K(464896K)->464840K(464896K)
[861.876s][info][gc,metaspace   ] GC(2205) Metaspace: 35518K(36224K)->35518K(36224K) NonClass: 29245K(29760K)->29245K(29760K) Class: 6273K(6464K)->6273K(6464K)
[861.876s][info][gc             ] GC(2205) Pause Young (Allocation Failure) 733M->453M(757M) 2.523ms
[861.876s][info][gc,cpu         ] GC(2205) User=0.00s Sys=0.00s Real=0.00s
[861.934s][info][gc,start       ] GC(2206) Pause Young (Allocation Failure)
[861.936s][info][gc,heap        ] GC(2206) PSYoungGen: 289824K(310784K)->32K(309760K) Eden: 289792K(289792K)->0K(289792K) From: 32K(20992K)->32K(19968K)
[861.936s][info][gc,heap        ] GC(2206) ParOldGen: 464840K(464896K)->464856K(464896K)
[861.936s][info][gc,metaspace   ] GC(2206) Metaspace: 35518K(36224K)->35518K(36224K) NonClass: 29245K(29760K)->29245K(29760K) Class: 6273K(6464K)->6273K(6464K)
[861.936s][info][gc             ] GC(2206) Pause Young (Allocation Failure) 736M->453M(756M) 2.755ms
[861.936s][info][gc,cpu         ] GC(2206) User=0.00s Sys=0.00s Real=0.00s
[861.994s][info][gc,start       ] GC(2207) Pause Young (Allocation Failure)
[861.996s][info][gc,heap        ] GC(2207) PSYoungGen: 289824K(309760K)->64K(312832K) Eden: 289792K(289792K)->0K(293888K) From: 32K(19968K)->64K(18944K)
[861.996s][info][gc,heap        ] GC(2207) ParOldGen: 464856K(464896K)->464856K(464896K)
[861.996s][info][gc,metaspace   ] GC(2207) Metaspace: 35518K(36224K)->35518K(36224K) NonClass: 29245K(29760K)->29245K(29760K) Class: 6273K(6464K)->6273K(6464K)
[861.996s][info][gc             ] GC(2207) Pause Young (Allocation Failure) 736M->454M(759M) 1.981ms
[861.996s][info][gc,cpu         ] GC(2207) User=0.00s Sys=0.00s Real=0.00s
[862.235s][info][gc,start       ] GC(2208) Pause Young (Allocation Failure)
[862.238s][info][gc,heap        ] GC(2208) PSYoungGen: 293952K(312832K)->64K(311808K) Eden: 293888K(293888K)->0K(293888K) From: 64K(18944K)->64K(17920K)
[862.238s][info][gc,heap        ] GC(2208) ParOldGen: 464856K(464896K)->464856K(464896K)
[862.238s][info][gc,metaspace   ] GC(2208) Metaspace: 35518K(36224K)->35518K(36224K) NonClass: 29245K(29760K)->29245K(29760K) Class: 6273K(6464K)->6273K(6464K)
[862.238s][info][gc             ] GC(2208) Pause Young (Allocation Failure) 741M->454M(758M) 3.096ms
[862.238s][info][gc,cpu         ] GC(2208) User=0.00s Sys=0.00s Real=0.00s
[862.515s][info][gc,start       ] GC(2209) Pause Young (Allocation Failure)
[862.517s][info][gc,heap        ] GC(2209) PSYoungGen: 293952K(311808K)->32K(314880K) Eden: 293888K(293888K)->0K(297984K) From: 64K(17920K)->32K(16896K)
[862.517s][info][gc,heap        ] GC(2209) ParOldGen: 464856K(464896K)->464864K(464896K)
[862.517s][info][gc,metaspace   ] GC(2209) Metaspace: 35518K(36224K)->35518K(36224K) NonClass: 29245K(29760K)->29245K(29760K) Class: 6273K(6464K)->6273K(6464K)
[862.517s][info][gc             ] GC(2209) Pause Young (Allocation Failure) 741M->454M(761M) 2.547ms
[862.517s][info][gc,cpu         ] GC(2209) User=0.00s Sys=0.00s Real=0.00s
[862.666s][info][gc,start       ] GC(2210) Pause Young (Allocation Failure)
[862.669s][info][gc,heap        ] GC(2210) PSYoungGen: 298016K(314880K)->32K(313856K) Eden: 297984K(297984K)->0K(297984K) From: 32K(16896K)->32K(15872K)
[862.669s][info][gc,heap        ] GC(2210) ParOldGen: 464864K(464896K)->464872K(464896K)
[862.669s][info][gc,metaspace   ] GC(2210) Metaspace: 35518K(36224K)->35518K(36224K) NonClass: 29245K(29760K)->29245K(29760K) Class: 6273K(6464K)->6273K(6464K)
[862.669s][info][gc             ] GC(2210) Pause Young (Allocation Failure) 745M->454M(760M) 2.435ms
[862.669s][info][gc,cpu         ] GC(2210) User=0.00s Sys=0.00s Real=0.00s
[862.782s][info][gc,start       ] GC(2211) Pause Young (Allocation Failure)
[862.784s][info][gc,heap        ] GC(2211) PSYoungGen: 298016K(313856K)->32K(316928K) Eden: 297984K(297984K)->0K(302080K) From: 32K(15872K)->32K(14848K)
[862.784s][info][gc,heap        ] GC(2211) ParOldGen: 464872K(464896K)->464880K(464896K)
[862.784s][info][gc,metaspace   ] GC(2211) Metaspace: 35518K(36224K)->35518K(36224K) NonClass: 29245K(29760K)->29245K(29760K) Class: 6273K(6464K)->6273K(6464K)
[862.784s][info][gc             ] GC(2211) Pause Young (Allocation Failure) 745M->454M(763M) 2.386ms
[862.784s][info][gc,cpu         ] GC(2211) User=0.00s Sys=0.01s Real=0.00s
[863.034s][info][gc,start       ] GC(2212) Pause Young (Allocation Failure)
[863.036s][info][gc,heap        ] GC(2212) PSYoungGen: 302112K(316928K)->64K(315904K) Eden: 302080K(302080K)->0K(302080K) From: 32K(14848K)->64K(13824K)
[863.036s][info][gc,heap        ] GC(2212) ParOldGen: 464880K(464896K)->464888K(464896K)
[863.036s][info][gc,metaspace   ] GC(2212) Metaspace: 35518K(36224K)->35518K(36224K) NonClass: 29245K(29760K)->29245K(29760K) Class: 6273K(6464K)->6273K(6464K)
[863.037s][info][gc             ] GC(2212) Pause Young (Allocation Failure) 749M->454M(762M) 2.397ms
[863.037s][info][gc,cpu         ] GC(2212) User=0.00s Sys=0.00s Real=0.00s
[864.157s][info][gc,start       ] GC(2213) Pause Young (Allocation Failure)
[864.159s][info][gc,heap        ] GC(2213) PSYoungGen: 302144K(315904K)->96K(318464K) Eden: 302080K(302080K)->0K(305664K) From: 64K(13824K)->96K(12800K)
[864.159s][info][gc,heap        ] GC(2213) ParOldGen: 464888K(464896K)->464904K(465408K)
[864.159s][info][gc,metaspace   ] GC(2213) Metaspace: 35518K(36224K)->35518K(36224K) NonClass: 29245K(29760K)->29245K(29760K) Class: 6273K(6464K)->6273K(6464K)
[864.159s][info][gc             ] GC(2213) Pause Young (Allocation Failure) 749M->454M(765M) 2.454ms
[864.159s][info][gc,cpu         ] GC(2213) User=0.00s Sys=0.00s Real=0.00s
[865.232s][info][gc,start       ] GC(2214) Pause Young (Allocation Failure)
[865.234s][info][gc,heap        ] GC(2214) PSYoungGen: 305760K(318464K)->64K(317952K) Eden: 305664K(305664K)->0K(305664K) From: 96K(12800K)->64K(12288K)
[865.234s][info][gc,heap        ] GC(2214) ParOldGen: 464904K(465408K)->464912K(465408K)
[865.234s][info][gc,metaspace   ] GC(2214) Metaspace: 35518K(36224K)->35518K(36224K) NonClass: 29245K(29760K)->29245K(29760K) Class: 6273K(6464K)->6273K(6464K)
[865.234s][info][gc             ] GC(2214) Pause Young (Allocation Failure) 752M->454M(765M) 2.431ms
[865.235s][info][gc,cpu         ] GC(2214) User=0.00s Sys=0.00s Real=0.00s
[865.740s][info][gc,start       ] GC(2215) Pause Young (Allocation Failure)
[865.742s][info][gc,heap        ] GC(2215) PSYoungGen: 305728K(317952K)->64K(293888K) Eden: 305664K(305664K)->0K(293376K) From: 64K(12288K)->64K(512K)
[865.742s][info][gc,heap        ] GC(2215) ParOldGen: 464912K(465408K)->464920K(465408K)
[865.742s][info][gc,metaspace   ] GC(2215) Metaspace: 35518K(36224K)->35518K(36224K) NonClass: 29245K(29760K)->29245K(29760K) Class: 6273K(6464K)->6273K(6464K)
[865.742s][info][gc             ] GC(2215) Pause Young (Allocation Failure) 752M->454M(741M) 2.424ms
[865.742s][info][gc,cpu         ] GC(2215) User=0.00s Sys=0.00s Real=0.01s
[866.579s][info][gc,start       ] GC(2216) Pause Young (Allocation Failure)
[866.581s][info][gc,heap        ] GC(2216) PSYoungGen: 293440K(293888K)->32K(292352K) Eden: 293376K(293376K)->0K(281600K) From: 64K(512K)->32K(10752K)
[866.581s][info][gc,heap        ] GC(2216) ParOldGen: 464920K(465408K)->464928K(465408K)
[866.581s][info][gc,metaspace   ] GC(2216) Metaspace: 35518K(36224K)->35518K(36224K) NonClass: 29245K(29760K)->29245K(29760K) Class: 6273K(6464K)->6273K(6464K)
[866.582s][info][gc             ] GC(2216) Pause Young (Allocation Failure) 740M->454M(740M) 2.778ms
[866.582s][info][gc,cpu         ] GC(2216) User=0.01s Sys=0.00s Real=0.01s
[867.318s][info][gc,start       ] GC(2217) Pause Young (Allocation Failure)
[867.321s][info][gc,heap        ] GC(2217) PSYoungGen: 281632K(292352K)->32K(271360K) Eden: 281600K(281600K)->0K(270848K) From: 32K(10752K)->32K(512K)
[867.321s][info][gc,heap        ] GC(2217) ParOldGen: 464928K(465408K)->464936K(465408K)
[867.321s][info][gc,metaspace   ] GC(2217) Metaspace: 35518K(36224K)->35518K(36224K) NonClass: 29245K(29760K)->29245K(29760K) Class: 6273K(6464K)->6273K(6464K)
[867.321s][info][gc             ] GC(2217) Pause Young (Allocation Failure) 729M->454M(719M) 2.719ms
[867.321s][info][gc,cpu         ] GC(2217) User=0.00s Sys=0.00s Real=0.01s
[867.815s][info][gc,start       ] GC(2218) Pause Young (Allocation Failure)
[867.818s][info][gc,heap        ] GC(2218) PSYoungGen: 270880K(271360K)->32K(269824K) Eden: 270848K(270848K)->0K(260608K) From: 32K(512K)->32K(9216K)
[867.818s][info][gc,heap        ] GC(2218) ParOldGen: 464936K(465408K)->464952K(465408K)
[867.818s][info][gc,metaspace   ] GC(2218) Metaspace: 35518K(36224K)->35518K(36224K) NonClass: 29245K(29760K)->29245K(29760K) Class: 6273K(6464K)->6273K(6464K)
[867.818s][info][gc             ] GC(2218) Pause Young (Allocation Failure) 718M->454M(718M) 2.290ms
[867.818s][info][gc,cpu         ] GC(2218) User=0.00s Sys=0.00s Real=0.00s
[867.924s][info][gc,start       ] GC(2219) Pause Young (Allocation Failure)
[867.926s][info][gc,heap        ] GC(2219) PSYoungGen: 260640K(269824K)->32K(303616K) Eden: 260608K(260608K)->0K(294912K) From: 32K(9216K)->32K(8704K)
[867.926s][info][gc,heap        ] GC(2219) ParOldGen: 464952K(465408K)->464960K(465408K)
[867.926s][info][gc,metaspace   ] GC(2219) Metaspace: 35518K(36224K)->35518K(36224K) NonClass: 29245K(29760K)->29245K(29760K) Class: 6273K(6464K)->6273K(6464K)
[867.926s][info][gc             ] GC(2219) Pause Young (Allocation Failure) 708M->454M(751M) 2.400ms
[867.926s][info][gc,cpu         ] GC(2219) User=0.00s Sys=0.00s Real=0.00s
[868.674s][info][gc,start       ] GC(2220) Pause Young (Allocation Failure)
[868.677s][info][gc,heap        ] GC(2220) PSYoungGen: 294944K(303616K)->64K(283648K) Eden: 294912K(294912K)->0K(283136K) From: 32K(8704K)->64K(512K)
[868.677s][info][gc,heap        ] GC(2220) ParOldGen: 464960K(465408K)->464976K(465408K)
[868.677s][info][gc,metaspace   ] GC(2220) Metaspace: 35518K(36224K)->35518K(36224K) NonClass: 29245K(29760K)->29245K(29760K) Class: 6273K(6464K)->6273K(6464K)
[868.677s][info][gc             ] GC(2220) Pause Young (Allocation Failure) 742M->454M(731M) 2.678ms
[868.677s][info][gc,cpu         ] GC(2220) User=0.00s Sys=0.00s Real=0.00s
[869.118s][info][gc,start       ] GC(2221) Pause Young (Allocation Failure)
[869.124s][info][gc,heap        ] GC(2221) PSYoungGen: 283200K(283648K)->1824K(273920K) Eden: 283136K(283136K)->0K(271872K) From: 64K(512K)->1824K(2048K)
[869.124s][info][gc,heap        ] GC(2221) ParOldGen: 464976K(465408K)->464984K(465408K)
[869.124s][info][gc,metaspace   ] GC(2221) Metaspace: 35518K(36224K)->35518K(36224K) NonClass: 29245K(29760K)->29245K(29760K) Class: 6273K(6464K)->6273K(6464K)
[869.124s][info][gc             ] GC(2221) Pause Young (Allocation Failure) 730M->455M(722M) 6.145ms
[869.124s][info][gc,cpu         ] GC(2221) User=0.01s Sys=0.00s Real=0.01s
[869.485s][info][gc,start       ] GC(2222) Pause Young (Allocation Failure)
[869.577s][info][gc,heap        ] GC(2222) PSYoungGen: 273696K(273920K)->7168K(290816K) Eden: 271872K(271872K)->0K(283648K) From: 1824K(2048K)->7168K(7168K)
[869.577s][info][gc,heap        ] GC(2222) ParOldGen: 464984K(465408K)->486680K(486912K)
[869.577s][info][gc,metaspace   ] GC(2222) Metaspace: 35518K(36224K)->35518K(36224K) NonClass: 29245K(29760K)->29245K(29760K) Class: 6273K(6464K)->6273K(6464K)
[869.577s][info][gc             ] GC(2222) Pause Young (Allocation Failure) 721M->482M(759M) 92.284ms
[869.577s][info][gc,cpu         ] GC(2222) User=0.15s Sys=0.04s Real=0.09s
[870.003s][info][gc,start       ] GC(2223) Pause Young (Allocation Failure)
[870.099s][info][gc,heap        ] GC(2223) PSYoungGen: 290816K(290816K)->16896K(299520K) Eden: 283648K(283648K)->0K(282624K) From: 7168K(7168K)->16896K(16896K)
[870.099s][info][gc,heap        ] GC(2223) ParOldGen: 486680K(486912K)->500680K(500736K)
[870.099s][info][gc,metaspace   ] GC(2223) Metaspace: 35518K(36224K)->35518K(36224K) NonClass: 29245K(29760K)->29245K(29760K) Class: 6273K(6464K)->6273K(6464K)
[870.099s][info][gc             ] GC(2223) Pause Young (Allocation Failure) 759M->505M(781M) 96.316ms
[870.099s][info][gc,cpu         ] GC(2223) User=0.16s Sys=0.03s Real=0.09s
[870.264s][info][gc,start       ] GC(2224) Pause Young (Allocation Failure)
[870.288s][info][gc,heap        ] GC(2224) PSYoungGen: 299520K(299520K)->8256K(308224K) Eden: 282624K(282624K)->0K(282624K) From: 16896K(16896K)->8256K(25600K)
[870.288s][info][gc,heap        ] GC(2224) ParOldGen: 500680K(500736K)->501176K(501248K)
[870.288s][info][gc,metaspace   ] GC(2224) Metaspace: 35518K(36224K)->35518K(36224K) NonClass: 29245K(29760K)->29245K(29760K) Class: 6273K(6464K)->6273K(6464K)
[870.288s][info][gc             ] GC(2224) Pause Young (Allocation Failure) 781M->497M(790M) 24.331ms
[870.288s][info][gc,cpu         ] GC(2224) User=0.05s Sys=0.00s Real=0.02s
[870.847s][info][gc,start       ] GC(2225) Pause Young (Allocation Failure)
[870.850s][info][gc,heap        ] GC(2225) PSYoungGen: 290880K(308224K)->32K(306176K) Eden: 282624K(282624K)->0K(283648K) From: 8256K(25600K)->32K(22528K)
[870.850s][info][gc,heap        ] GC(2225) ParOldGen: 501176K(501248K)->501184K(501248K)
[870.850s][info][gc,metaspace   ] GC(2225) Metaspace: 35518K(36224K)->35518K(36224K) NonClass: 29245K(29760K)->29245K(29760K) Class: 6273K(6464K)->6273K(6464K)
[870.850s][info][gc             ] GC(2225) Pause Young (Allocation Failure) 773M->489M(788M) 2.842ms
[870.850s][info][gc,cpu         ] GC(2225) User=0.00s Sys=0.00s Real=0.00s
[871.567s][info][gc,start       ] GC(2226) Pause Young (Allocation Failure)
[871.570s][info][gc,heap        ] GC(2226) PSYoungGen: 283680K(306176K)->32K(307712K) Eden: 283648K(283648K)->0K(283648K) From: 32K(22528K)->32K(24064K)
[871.570s][info][gc,heap        ] GC(2226) ParOldGen: 501184K(501248K)->501192K(501248K)
[871.570s][info][gc,metaspace   ] GC(2226) Metaspace: 35518K(36224K)->35518K(36224K) NonClass: 29245K(29760K)->29245K(29760K) Class: 6273K(6464K)->6273K(6464K)
[871.570s][info][gc             ] GC(2226) Pause Young (Allocation Failure) 766M->489M(790M) 2.686ms
[871.570s][info][gc,cpu         ] GC(2226) User=0.01s Sys=0.00s Real=0.00s
[872.072s][info][gc,start       ] GC(2227) Pause Young (Allocation Failure)
[872.075s][info][gc,heap        ] GC(2227) PSYoungGen: 283680K(307712K)->32K(307200K) Eden: 283648K(283648K)->0K(286720K) From: 32K(24064K)->32K(20480K)
[872.075s][info][gc,heap        ] GC(2227) ParOldGen: 501192K(501248K)->501200K(501248K)
[872.075s][info][gc,metaspace   ] GC(2227) Metaspace: 35518K(36224K)->35518K(36224K) NonClass: 29245K(29760K)->29245K(29760K) Class: 6273K(6464K)->6273K(6464K)
[872.075s][info][gc             ] GC(2227) Pause Young (Allocation Failure) 766M->489M(789M) 2.897ms
[872.075s][info][gc,cpu         ] GC(2227) User=0.00s Sys=0.00s Real=0.00s
[872.325s][info][gc,start       ] GC(2228) Pause Young (Allocation Failure)
[872.328s][info][gc,heap        ] GC(2228) PSYoungGen: 286752K(307200K)->32K(308736K) Eden: 286720K(286720K)->0K(286720K) From: 32K(20480K)->32K(22016K)
[872.328s][info][gc,heap        ] GC(2228) ParOldGen: 501200K(501248K)->501208K(501248K)
[872.328s][info][gc,metaspace   ] GC(2228) Metaspace: 35518K(36224K)->35518K(36224K) NonClass: 29245K(29760K)->29245K(29760K) Class: 6273K(6464K)->6273K(6464K)
[872.328s][info][gc             ] GC(2228) Pause Young (Allocation Failure) 769M->489M(791M) 2.704ms
[872.328s][info][gc,cpu         ] GC(2228) User=0.01s Sys=0.00s Real=0.00s
[872.579s][info][gc,start       ] GC(2229) Pause Young (Allocation Failure)
[872.581s][info][gc,heap        ] GC(2229) PSYoungGen: 286752K(308736K)->32K(309248K) Eden: 286720K(286720K)->0K(290304K) From: 32K(22016K)->32K(18944K)
[872.581s][info][gc,heap        ] GC(2229) ParOldGen: 501208K(501248K)->501208K(501248K)
[872.581s][info][gc,metaspace   ] GC(2229) Metaspace: 35518K(36224K)->35518K(36224K) NonClass: 29245K(29760K)->29245K(29760K) Class: 6273K(6464K)->6273K(6464K)
[872.581s][info][gc             ] GC(2229) Pause Young (Allocation Failure) 769M->489M(791M) 2.657ms
[872.581s][info][gc,cpu         ] GC(2229) User=0.01s Sys=0.00s Real=0.01s
[873.005s][info][gc,start       ] GC(2230) Pause Young (Allocation Failure)
[873.008s][info][gc,heap        ] GC(2230) PSYoungGen: 290336K(309248K)->64K(310784K) Eden: 290304K(290304K)->0K(290304K) From: 32K(18944K)->64K(20480K)
[873.008s][info][gc,heap        ] GC(2230) ParOldGen: 501208K(501248K)->501208K(501248K)
[873.008s][info][gc,metaspace   ] GC(2230) Metaspace: 35518K(36224K)->35518K(36224K) NonClass: 29245K(29760K)->29245K(29760K) Class: 6273K(6464K)->6273K(6464K)
[873.008s][info][gc             ] GC(2230) Pause Young (Allocation Failure) 772M->489M(793M) 2.618ms
[873.008s][info][gc,cpu         ] GC(2230) User=0.00s Sys=0.00s Real=0.00s
[873.104s][info][gc,start       ] GC(2231) Pause Young (Allocation Failure)
[873.106s][info][gc,heap        ] GC(2231) PSYoungGen: 290368K(310784K)->32K(310784K) Eden: 290304K(290304K)->0K(293888K) From: 64K(20480K)->32K(16896K)
[873.106s][info][gc,heap        ] GC(2231) ParOldGen: 501208K(501248K)->501224K(501248K)
[873.106s][info][gc,metaspace   ] GC(2231) Metaspace: 35518K(36224K)->35518K(36224K) NonClass: 29245K(29760K)->29245K(29760K) Class: 6273K(6464K)->6273K(6464K)
[873.106s][info][gc             ] GC(2231) Pause Young (Allocation Failure) 773M->489M(793M) 2.823ms
[873.106s][info][gc,cpu         ] GC(2231) User=0.00s Sys=0.01s Real=0.00s
[873.165s][info][gc,start       ] GC(2232) Pause Young (Allocation Failure)
[873.168s][info][gc,heap        ] GC(2232) PSYoungGen: 293920K(310784K)->32K(312320K) Eden: 293888K(293888K)->0K(293888K) From: 32K(16896K)->32K(18432K)
[873.168s][info][gc,heap        ] GC(2232) ParOldGen: 501224K(501248K)->501232K(501248K)
[873.168s][info][gc,metaspace   ] GC(2232) Metaspace: 35518K(36224K)->35518K(36224K) NonClass: 29245K(29760K)->29245K(29760K) Class: 6273K(6464K)->6273K(6464K)
[873.168s][info][gc             ] GC(2232) Pause Young (Allocation Failure) 776M->489M(794M) 2.658ms
[873.168s][info][gc,cpu         ] GC(2232) User=0.00s Sys=0.00s Real=0.00s
[873.341s][info][gc,start       ] GC(2233) Pause Young (Allocation Failure)
[873.343s][info][gc,heap        ] GC(2233) PSYoungGen: 293920K(312320K)->64K(312832K) Eden: 293888K(293888K)->0K(297984K) From: 32K(18432K)->64K(14848K)
[873.343s][info][gc,heap        ] GC(2233) ParOldGen: 501232K(501248K)->501232K(501248K)
[873.343s][info][gc,metaspace   ] GC(2233) Metaspace: 35518K(36224K)->35518K(36224K) NonClass: 29245K(29760K)->29245K(29760K) Class: 6273K(6464K)->6273K(6464K)
[873.343s][info][gc             ] GC(2233) Pause Young (Allocation Failure) 776M->489M(795M) 2.634ms
[873.343s][info][gc,cpu         ] GC(2233) User=0.01s Sys=0.00s Real=0.01s
[873.593s][info][gc,start       ] GC(2234) Pause Young (Allocation Failure)
[873.595s][info][gc,heap        ] GC(2234) PSYoungGen: 298048K(312832K)->64K(314368K) Eden: 297984K(297984K)->0K(297984K) From: 64K(14848K)->64K(16384K)
[873.595s][info][gc,heap        ] GC(2234) ParOldGen: 501232K(501248K)->501240K(501248K)
[873.595s][info][gc,metaspace   ] GC(2234) Metaspace: 35518K(36224K)->35518K(36224K) NonClass: 29245K(29760K)->29245K(29760K) Class: 6273K(6464K)->6273K(6464K)
[873.595s][info][gc             ] GC(2234) Pause Young (Allocation Failure) 780M->489M(796M) 1.940ms
[873.595s][info][gc,cpu         ] GC(2234) User=0.01s Sys=0.00s Real=0.00s
[873.758s][info][gc,start       ] GC(2235) Pause Young (Allocation Failure)
[873.760s][info][gc,heap        ] GC(2235) PSYoungGen: 298048K(314368K)->64K(315904K) Eden: 297984K(297984K)->0K(302080K) From: 64K(16384K)->64K(13824K)
[873.760s][info][gc,heap        ] GC(2235) ParOldGen: 501240K(501248K)->501248K(501760K)
[873.760s][info][gc,metaspace   ] GC(2235) Metaspace: 35518K(36224K)->35518K(36224K) NonClass: 29245K(29760K)->29245K(29760K) Class: 6273K(6464K)->6273K(6464K)
[873.760s][info][gc             ] GC(2235) Pause Young (Allocation Failure) 780M->489M(798M) 2.025ms
[873.760s][info][gc,cpu         ] GC(2235) User=0.00s Sys=0.00s Real=0.00s
[873.856s][info][gc,start       ] GC(2236) Pause Young (Allocation Failure)
[873.858s][info][gc,heap        ] GC(2236) PSYoungGen: 302144K(315904K)->64K(316928K) Eden: 302080K(302080K)->0K(302080K) From: 64K(13824K)->64K(14848K)
[873.858s][info][gc,heap        ] GC(2236) ParOldGen: 501248K(501760K)->501264K(501760K)
[873.858s][info][gc,metaspace   ] GC(2236) Metaspace: 35518K(36224K)->35518K(36224K) NonClass: 29245K(29760K)->29245K(29760K) Class: 6273K(6464K)->6273K(6464K)
[873.858s][info][gc             ] GC(2236) Pause Young (Allocation Failure) 784M->489M(799M) 2.171ms
[873.858s][info][gc,cpu         ] GC(2236) User=0.01s Sys=0.00s Real=0.00s
[874.058s][info][gc,start       ] GC(2237) Pause Young (Allocation Failure)
[874.060s][info][gc,heap        ] GC(2237) PSYoungGen: 302144K(316928K)->64K(316928K) Eden: 302080K(302080K)->0K(305152K) From: 64K(14848K)->64K(11776K)
[874.060s][info][gc,heap        ] GC(2237) ParOldGen: 501264K(501760K)->501264K(501760K)
[874.060s][info][gc,metaspace   ] GC(2237) Metaspace: 35518K(36224K)->35518K(36224K) NonClass: 29245K(29760K)->29245K(29760K) Class: 6273K(6464K)->6273K(6464K)
[874.060s][info][gc             ] GC(2237) Pause Young (Allocation Failure) 784M->489M(799M) 2.005ms
[874.060s][info][gc,cpu         ] GC(2237) User=0.01s Sys=0.00s Real=0.00s
[875.206s][info][gc,start       ] GC(2238) Pause Young (Allocation Failure)
[875.209s][info][gc,heap        ] GC(2238) PSYoungGen: 305216K(316928K)->32K(317952K) Eden: 305152K(305152K)->0K(305152K) From: 64K(11776K)->32K(12800K)
[875.209s][info][gc,heap        ] GC(2238) ParOldGen: 501264K(501760K)->501280K(501760K)
[875.209s][info][gc,metaspace   ] GC(2238) Metaspace: 35518K(36224K)->35518K(36224K) NonClass: 29245K(29760K)->29245K(29760K) Class: 6273K(6464K)->6273K(6464K)
[875.209s][info][gc             ] GC(2238) Pause Young (Allocation Failure) 787M->489M(800M) 2.520ms
[875.209s][info][gc,cpu         ] GC(2238) User=0.00s Sys=0.00s Real=0.00s
[876.215s][info][gc,start       ] GC(2239) Pause Young (Allocation Failure)
[876.217s][info][gc,heap        ] GC(2239) PSYoungGen: 305184K(317952K)->64K(318464K) Eden: 305152K(305152K)->0K(308736K) From: 32K(12800K)->64K(9728K)
[876.217s][info][gc,heap        ] GC(2239) ParOldGen: 501280K(501760K)->501288K(501760K)
[876.217s][info][gc,metaspace   ] GC(2239) Metaspace: 35525K(36224K)->35525K(36224K) NonClass: 29252K(29760K)->29252K(29760K) Class: 6273K(6464K)->6273K(6464K)
[876.217s][info][gc             ] GC(2239) Pause Young (Allocation Failure) 787M->489M(801M) 2.023ms
[876.217s][info][gc,cpu         ] GC(2239) User=0.00s Sys=0.00s Real=0.00s
[876.650s][info][gc,start       ] GC(2240) Pause Young (Allocation Failure)
[876.653s][info][gc,heap        ] GC(2240) PSYoungGen: 308800K(318464K)->64K(296960K) Eden: 308736K(308736K)->0K(296448K) From: 64K(9728K)->64K(512K)
[876.653s][info][gc,heap        ] GC(2240) ParOldGen: 501288K(501760K)->501296K(501760K)
[876.653s][info][gc,metaspace   ] GC(2240) Metaspace: 35525K(36224K)->35525K(36224K) NonClass: 29252K(29760K)->29252K(29760K) Class: 6273K(6464K)->6273K(6464K)
[876.653s][info][gc             ] GC(2240) Pause Young (Allocation Failure) 791M->489M(780M) 2.723ms
[876.653s][info][gc,cpu         ] GC(2240) User=0.00s Sys=0.00s Real=0.01s
[877.134s][info][gc,start       ] GC(2241) Pause Young (Allocation Failure)
[877.136s][info][gc,heap        ] GC(2241) PSYoungGen: 296512K(296960K)->64K(285184K) Eden: 296448K(296448K)->0K(284672K) From: 64K(512K)->64K(512K)
[877.136s][info][gc,heap        ] GC(2241) ParOldGen: 501296K(501760K)->501304K(501760K)
[877.136s][info][gc,metaspace   ] GC(2241) Metaspace: 35534K(36224K)->35534K(36224K) NonClass: 29260K(29760K)->29260K(29760K) Class: 6273K(6464K)->6273K(6464K)
[877.136s][info][gc             ] GC(2241) Pause Young (Allocation Failure) 779M->489M(768M) 2.443ms
[877.136s][info][gc,cpu         ] GC(2241) User=0.01s Sys=0.00s Real=0.00s
[878.237s][info][gc,start       ] GC(2242) Pause Young (Allocation Failure)
[878.239s][info][gc,heap        ] GC(2242) PSYoungGen: 284736K(285184K)->64K(283136K) Eden: 284672K(284672K)->0K(273408K) From: 64K(512K)->64K(9728K)
[878.239s][info][gc,heap        ] GC(2242) ParOldGen: 501304K(501760K)->501312K(501760K)
[878.239s][info][gc,metaspace   ] GC(2242) Metaspace: 35534K(36224K)->35534K(36224K) NonClass: 29260K(29760K)->29260K(29760K) Class: 6273K(6464K)->6273K(6464K)
[878.239s][info][gc             ] GC(2242) Pause Young (Allocation Failure) 767M->489M(766M) 1.903ms
[878.239s][info][gc,cpu         ] GC(2242) User=0.00s Sys=0.00s Real=0.00s
[878.705s][info][gc,start       ] GC(2243) Pause Young (Allocation Failure)
[878.708s][info][gc,heap        ] GC(2243) PSYoungGen: 273472K(283136K)->32K(263168K) Eden: 273408K(273408K)->0K(262656K) From: 64K(9728K)->32K(512K)
[878.708s][info][gc,heap        ] GC(2243) ParOldGen: 501312K(501760K)->501320K(501760K)
[878.708s][info][gc,metaspace   ] GC(2243) Metaspace: 35534K(36224K)->35534K(36224K) NonClass: 29260K(29760K)->29260K(29760K) Class: 6273K(6464K)->6273K(6464K)
[878.708s][info][gc             ] GC(2243) Pause Young (Allocation Failure) 756M->489M(747M) 3.411ms
[878.708s][info][gc,cpu         ] GC(2243) User=0.00s Sys=0.00s Real=0.00s
[878.799s][info][gc,start       ] GC(2244) Pause Young (Allocation Failure)
[878.802s][info][gc,heap        ] GC(2244) PSYoungGen: 262688K(263168K)->32K(294400K) Eden: 262656K(262656K)->0K(285696K) From: 32K(512K)->32K(8704K)
[878.802s][info][gc,heap        ] GC(2244) ParOldGen: 501320K(501760K)->501328K(501760K)
[878.802s][info][gc,metaspace   ] GC(2244) Metaspace: 35534K(36224K)->35534K(36224K) NonClass: 29260K(29760K)->29260K(29760K) Class: 6273K(6464K)->6273K(6464K)
[878.802s][info][gc             ] GC(2244) Pause Young (Allocation Failure) 746M->489M(777M) 2.790ms
[878.802s][info][gc,cpu         ] GC(2244) User=0.01s Sys=0.00s Real=0.01s
[879.535s][info][gc,start       ] GC(2245) Pause Young (Allocation Failure)
[879.538s][info][gc,heap        ] GC(2245) PSYoungGen: 285728K(294400K)->32K(274944K) Eden: 285696K(285696K)->0K(274432K) From: 32K(8704K)->32K(512K)
[879.538s][info][gc,heap        ] GC(2245) ParOldGen: 501328K(501760K)->501336K(501760K)
[879.538s][info][gc,metaspace   ] GC(2245) Metaspace: 35534K(36224K)->35534K(36224K) NonClass: 29260K(29760K)->29260K(29760K) Class: 6273K(6464K)->6273K(6464K)
[879.538s][info][gc             ] GC(2245) Pause Young (Allocation Failure) 768M->489M(758M) 2.684ms
[879.538s][info][gc,cpu         ] GC(2245) User=0.00s Sys=0.00s Real=0.00s
[879.893s][info][gc,start       ] GC(2246) Pause Young (Allocation Failure)
[879.896s][info][gc,heap        ] GC(2246) PSYoungGen: 274464K(274944K)->32K(271360K) Eden: 274432K(274432K)->0K(263680K) From: 32K(512K)->32K(7680K)
[879.896s][info][gc,heap        ] GC(2246) ParOldGen: 501336K(501760K)->501344K(501760K)
[879.896s][info][gc,metaspace   ] GC(2246) Metaspace: 35534K(36224K)->35534K(36224K) NonClass: 29260K(29760K)->29260K(29760K) Class: 6273K(6464K)->6273K(6464K)
[879.896s][info][gc             ] GC(2246) Pause Young (Allocation Failure) 757M->489M(755M) 3.167ms
[879.896s][info][gc,cpu         ] GC(2246) User=0.01s Sys=0.00s Real=0.00s
[880.380s][info][gc,start       ] GC(2247) Pause Young (Allocation Failure)
[880.461s][info][gc,heap        ] GC(2247) PSYoungGen: 263712K(271360K)->7168K(304640K) Eden: 263680K(263680K)->0K(297472K) From: 32K(7680K)->7168K(7168K)
[880.461s][info][gc,heap        ] GC(2247) ParOldGen: 501344K(501760K)->518600K(518656K)
[880.461s][info][gc,metaspace   ] GC(2247) Metaspace: 35534K(36224K)->35534K(36224K) NonClass: 29260K(29760K)->29260K(29760K) Class: 6273K(6464K)->6273K(6464K)
[880.461s][info][gc             ] GC(2247) Pause Young (Allocation Failure) 747M->513M(804M) 80.565ms
[880.461s][info][gc,cpu         ] GC(2247) User=0.13s Sys=0.02s Real=0.09s
[880.856s][info][gc,start       ] GC(2248) Pause Young (Allocation Failure)
[880.938s][info][gc,heap        ] GC(2248) PSYoungGen: 304640K(304640K)->14848K(312320K) Eden: 297472K(297472K)->0K(297472K) From: 7168K(7168K)->14848K(14848K)
[880.938s][info][gc,heap        ] GC(2248) ParOldGen: 518600K(518656K)->535960K(536064K)
[880.938s][info][gc,metaspace   ] GC(2248) Metaspace: 35534K(36224K)->35534K(36224K) NonClass: 29260K(29760K)->29260K(29760K) Class: 6273K(6464K)->6273K(6464K)
[880.938s][info][gc             ] GC(2248) Pause Young (Allocation Failure) 803M->537M(828M) 82.717ms
[880.938s][info][gc,cpu         ] GC(2248) User=0.13s Sys=0.03s Real=0.08s
[881.152s][info][gc,start       ] GC(2249) Pause Young (Allocation Failure)
[881.185s][info][gc,heap        ] GC(2249) PSYoungGen: 312320K(312320K)->12992K(304128K) Eden: 297472K(297472K)->0K(282624K) From: 14848K(14848K)->12992K(21504K)
[881.185s][info][gc,heap        ] GC(2249) ParOldGen: 535960K(536064K)->536600K(537088K)
[881.185s][info][gc,metaspace   ] GC(2249) Metaspace: 35534K(36224K)->35534K(36224K) NonClass: 29260K(29760K)->29260K(29760K) Class: 6273K(6464K)->6273K(6464K)
[881.185s][info][gc             ] GC(2249) Pause Young (Allocation Failure) 828M->536M(821M) 32.825ms
[881.185s][info][gc,cpu         ] GC(2249) User=0.06s Sys=0.01s Real=0.03s
[881.667s][info][gc,start       ] GC(2250) Pause Young (Allocation Failure)
[881.670s][info][gc,heap        ] GC(2250) PSYoungGen: 295616K(304128K)->32K(308224K) Eden: 282624K(282624K)->0K(282624K) From: 12992K(21504K)->32K(25600K)
[881.670s][info][gc,heap        ] GC(2250) ParOldGen: 536600K(537088K)->536608K(537088K)
[881.670s][info][gc,metaspace   ] GC(2250) Metaspace: 35534K(36224K)->35534K(36224K) NonClass: 29260K(29760K)->29260K(29760K) Class: 6273K(6464K)->6273K(6464K)
[881.670s][info][gc             ] GC(2250) Pause Young (Allocation Failure) 812M->524M(825M) 2.977ms
[881.670s][info][gc,cpu         ] GC(2250) User=0.01s Sys=0.00s Real=0.00s
[882.329s][info][gc,start       ] GC(2251) Pause Young (Allocation Failure)
[882.332s][info][gc,heap        ] GC(2251) PSYoungGen: 282656K(308224K)->64K(306176K) Eden: 282624K(282624K)->0K(283648K) From: 32K(25600K)->64K(22528K)
[882.332s][info][gc,heap        ] GC(2251) ParOldGen: 536608K(537088K)->536624K(537088K)
[882.332s][info][gc,metaspace   ] GC(2251) Metaspace: 35534K(36224K)->35534K(36224K) NonClass: 29260K(29760K)->29260K(29760K) Class: 6273K(6464K)->6273K(6464K)
[882.332s][info][gc             ] GC(2251) Pause Young (Allocation Failure) 800M->524M(823M) 2.764ms
[882.332s][info][gc,cpu         ] GC(2251) User=0.00s Sys=0.00s Real=0.01s
[882.862s][info][gc,start       ] GC(2252) Pause Young (Allocation Failure)
[882.864s][info][gc,heap        ] GC(2252) PSYoungGen: 283712K(306176K)->64K(307712K) Eden: 283648K(283648K)->0K(283648K) From: 64K(22528K)->64K(24064K)
[882.864s][info][gc,heap        ] GC(2252) ParOldGen: 536624K(537088K)->536640K(537088K)
[882.864s][info][gc,metaspace   ] GC(2252) Metaspace: 35534K(36224K)->35534K(36224K) NonClass: 29260K(29760K)->29260K(29760K) Class: 6273K(6464K)->6273K(6464K)
[882.864s][info][gc             ] GC(2252) Pause Young (Allocation Failure) 801M->524M(825M) 2.070ms
[882.864s][info][gc,cpu         ] GC(2252) User=0.00s Sys=0.00s Real=0.00s
[883.114s][info][gc,start       ] GC(2253) Pause Young (Allocation Failure)
[883.117s][info][gc,heap        ] GC(2253) PSYoungGen: 283712K(307712K)->32K(307200K) Eden: 283648K(283648K)->0K(286720K) From: 64K(24064K)->32K(20480K)
[883.117s][info][gc,heap        ] GC(2253) ParOldGen: 536640K(537088K)->536648K(537088K)
[883.117s][info][gc,metaspace   ] GC(2253) Metaspace: 35534K(36224K)->35534K(36224K) NonClass: 29260K(29760K)->29260K(29760K) Class: 6273K(6464K)->6273K(6464K)
[883.117s][info][gc             ] GC(2253) Pause Young (Allocation Failure) 801M->524M(824M) 2.973ms
[883.117s][info][gc,cpu         ] GC(2253) User=0.00s Sys=0.00s Real=0.00s
[883.394s][info][gc,start       ] GC(2254) Pause Young (Allocation Failure)
[883.396s][info][gc,heap        ] GC(2254) PSYoungGen: 286752K(307200K)->64K(308736K) Eden: 286720K(286720K)->0K(286720K) From: 32K(20480K)->64K(22016K)
[883.396s][info][gc,heap        ] GC(2254) ParOldGen: 536648K(537088K)->536648K(537088K)
[883.396s][info][gc,metaspace   ] GC(2254) Metaspace: 35534K(36224K)->35534K(36224K) NonClass: 29260K(29760K)->29260K(29760K) Class: 6273K(6464K)->6273K(6464K)
[883.396s][info][gc             ] GC(2254) Pause Young (Allocation Failure) 804M->524M(826M) 2.071ms
[883.396s][info][gc,cpu         ] GC(2254) User=0.00s Sys=0.00s Real=0.00s
[883.840s][info][gc,start       ] GC(2255) Pause Young (Allocation Failure)
[883.844s][info][gc,heap        ] GC(2255) PSYoungGen: 286784K(308736K)->32K(309248K) Eden: 286720K(286720K)->0K(290816K) From: 64K(22016K)->32K(18432K)
[883.844s][info][gc,heap        ] GC(2255) ParOldGen: 536648K(537088K)->536648K(537088K)
[883.844s][info][gc,metaspace   ] GC(2255) Metaspace: 35534K(36224K)->35534K(36224K) NonClass: 29260K(29760K)->29260K(29760K) Class: 6273K(6464K)->6273K(6464K)
[883.844s][info][gc             ] GC(2255) Pause Young (Allocation Failure) 804M->524M(826M) 3.206ms
[883.844s][info][gc,cpu         ] GC(2255) User=0.00s Sys=0.00s Real=0.01s
[883.976s][info][gc,start       ] GC(2256) Pause Young (Allocation Failure)
[883.978s][info][gc,heap        ] GC(2256) PSYoungGen: 290848K(309248K)->32K(310784K) Eden: 290816K(290816K)->0K(290816K) From: 32K(18432K)->32K(19968K)
[883.979s][info][gc,heap        ] GC(2256) ParOldGen: 536648K(537088K)->536656K(537088K)
[883.979s][info][gc,metaspace   ] GC(2256) Metaspace: 35534K(36224K)->35534K(36224K) NonClass: 29260K(29760K)->29260K(29760K) Class: 6273K(6464K)->6273K(6464K)
[883.979s][info][gc             ] GC(2256) Pause Young (Allocation Failure) 808M->524M(828M) 2.861ms
[883.979s][info][gc,cpu         ] GC(2256) User=0.00s Sys=0.00s Real=0.00s
[884.035s][info][gc,start       ] GC(2257) Pause Young (Allocation Failure)
[884.038s][info][gc,heap        ] GC(2257) PSYoungGen: 290848K(310784K)->32K(311296K) Eden: 290816K(290816K)->0K(294912K) From: 32K(19968K)->32K(16384K)
[884.038s][info][gc,heap        ] GC(2257) ParOldGen: 536656K(537088K)->536664K(537088K)
[884.038s][info][gc,metaspace   ] GC(2257) Metaspace: 35534K(36224K)->35534K(36224K) NonClass: 29260K(29760K)->29260K(29760K) Class: 6273K(6464K)->6273K(6464K)
[884.038s][info][gc             ] GC(2257) Pause Young (Allocation Failure) 808M->524M(828M) 3.090ms
[884.038s][info][gc,cpu         ] GC(2257) User=0.00s Sys=0.00s Real=0.00s
[884.199s][info][gc,start       ] GC(2258) Pause Young (Allocation Failure)
[884.202s][info][gc,heap        ] GC(2258) PSYoungGen: 294944K(311296K)->64K(312832K) Eden: 294912K(294912K)->0K(294912K) From: 32K(16384K)->64K(17920K)
[884.202s][info][gc,heap        ] GC(2258) ParOldGen: 536664K(537088K)->536664K(537088K)
[884.202s][info][gc,metaspace   ] GC(2258) Metaspace: 35534K(36224K)->35534K(36224K) NonClass: 29260K(29760K)->29260K(29760K) Class: 6273K(6464K)->6273K(6464K)
[884.203s][info][gc             ] GC(2258) Pause Young (Allocation Failure) 812M->524M(830M) 3.119ms
[884.203s][info][gc,cpu         ] GC(2258) User=0.01s Sys=0.00s Real=0.01s
[884.508s][info][gc,start       ] GC(2259) Pause Young (Allocation Failure)
[884.511s][info][gc,heap        ] GC(2259) PSYoungGen: 294976K(312832K)->64K(313344K) Eden: 294912K(294912K)->0K(299008K) From: 64K(17920K)->64K(14336K)
[884.511s][info][gc,heap        ] GC(2259) ParOldGen: 536664K(537088K)->536672K(537088K)
[884.511s][info][gc,metaspace   ] GC(2259) Metaspace: 35534K(36224K)->35534K(36224K) NonClass: 29260K(29760K)->29260K(29760K) Class: 6273K(6464K)->6273K(6464K)
[884.511s][info][gc             ] GC(2259) Pause Young (Allocation Failure) 812M->524M(830M) 2.629ms
[884.511s][info][gc,cpu         ] GC(2259) User=0.00s Sys=0.00s Real=0.01s
[884.774s][info][gc,start       ] GC(2260) Pause Young (Allocation Failure)
[884.777s][info][gc,heap        ] GC(2260) PSYoungGen: 299072K(313344K)->64K(314880K) Eden: 299008K(299008K)->0K(299008K) From: 64K(14336K)->64K(15872K)
[884.777s][info][gc,heap        ] GC(2260) ParOldGen: 536672K(537088K)->536680K(537088K)
[884.777s][info][gc,metaspace   ] GC(2260) Metaspace: 35534K(36224K)->35534K(36224K) NonClass: 29260K(29760K)->29260K(29760K) Class: 6273K(6464K)->6273K(6464K)
[884.777s][info][gc             ] GC(2260) Pause Young (Allocation Failure) 816M->524M(832M) 2.976ms
[884.777s][info][gc,cpu         ] GC(2260) User=0.01s Sys=0.00s Real=0.00s
[884.891s][info][gc,start       ] GC(2261) Pause Young (Allocation Failure)
[884.893s][info][gc,heap        ] GC(2261) PSYoungGen: 299072K(314880K)->64K(316416K) Eden: 299008K(299008K)->0K(303104K) From: 64K(15872K)->64K(13312K)
[884.893s][info][gc,heap        ] GC(2261) ParOldGen: 536680K(537088K)->536696K(537088K)
[884.893s][info][gc,metaspace   ] GC(2261) Metaspace: 35534K(36224K)->35534K(36224K) NonClass: 29260K(29760K)->29260K(29760K) Class: 6273K(6464K)->6273K(6464K)
[884.893s][info][gc             ] GC(2261) Pause Young (Allocation Failure) 816M->524M(833M) 2.163ms
[884.893s][info][gc,cpu         ] GC(2261) User=0.00s Sys=0.00s Real=0.00s
[885.078s][info][gc,start       ] GC(2262) Pause Young (Allocation Failure)
[885.082s][info][gc,heap        ] GC(2262) PSYoungGen: 303168K(316416K)->32K(317440K) Eden: 303104K(303104K)->0K(303104K) From: 64K(13312K)->32K(14336K)
[885.082s][info][gc,heap        ] GC(2262) ParOldGen: 536696K(537088K)->536696K(537088K)
[885.082s][info][gc,metaspace   ] GC(2262) Metaspace: 35534K(36224K)->35534K(36224K) NonClass: 29260K(29760K)->29260K(29760K) Class: 6273K(6464K)->6273K(6464K)
[885.082s][info][gc             ] GC(2262) Pause Young (Allocation Failure) 820M->524M(834M) 3.592ms
[885.082s][info][gc,cpu         ] GC(2262) User=0.01s Sys=0.00s Real=0.01s
[886.693s][info][gc,start       ] GC(2263) Pause Young (Allocation Failure)
[886.696s][info][gc,heap        ] GC(2263) PSYoungGen: 303136K(317440K)->70K(317440K) Eden: 303104K(303104K)->0K(306176K) From: 32K(14336K)->70K(11264K)
[886.696s][info][gc,heap        ] GC(2263) ParOldGen: 536696K(537088K)->536704K(537088K)
[886.696s][info][gc,metaspace   ] GC(2263) Metaspace: 35534K(36224K)->35534K(36224K) NonClass: 29260K(29760K)->29260K(29760K) Class: 6273K(6464K)->6273K(6464K)
[886.696s][info][gc             ] GC(2263) Pause Young (Allocation Failure) 820M->524M(834M) 2.977ms
[886.696s][info][gc,cpu         ] GC(2263) User=0.00s Sys=0.00s Real=0.00s
[887.696s][info][gc,start       ] GC(2264) Pause Young (Allocation Failure)
[887.699s][info][gc,heap        ] GC(2264) PSYoungGen: 306246K(317440K)->32K(318464K) Eden: 306176K(306176K)->0K(306176K) From: 70K(11264K)->32K(12288K)
[887.699s][info][gc,heap        ] GC(2264) ParOldGen: 536704K(537088K)->536712K(537088K)
[887.699s][info][gc,metaspace   ] GC(2264) Metaspace: 35534K(36224K)->35534K(36224K) NonClass: 29260K(29760K)->29260K(29760K) Class: 6273K(6464K)->6273K(6464K)
[887.699s][info][gc             ] GC(2264) Pause Young (Allocation Failure) 823M->524M(835M) 2.961ms
[887.699s][info][gc,cpu         ] GC(2264) User=0.00s Sys=0.00s Real=0.00s
[888.164s][info][gc,start       ] GC(2265) Pause Young (Allocation Failure)
[888.167s][info][gc,heap        ] GC(2265) PSYoungGen: 306208K(318464K)->64K(318976K) Eden: 306176K(306176K)->0K(309760K) From: 32K(12288K)->64K(9216K)
[888.167s][info][gc,heap        ] GC(2265) ParOldGen: 536712K(537088K)->536720K(537088K)
[888.167s][info][gc,metaspace   ] GC(2265) Metaspace: 35534K(36224K)->35534K(36224K) NonClass: 29260K(29760K)->29260K(29760K) Class: 6273K(6464K)->6273K(6464K)
[888.167s][info][gc             ] GC(2265) Pause Young (Allocation Failure) 823M->524M(836M) 3.448ms
[888.167s][info][gc,cpu         ] GC(2265) User=0.01s Sys=0.00s Real=0.00s
[888.776s][info][gc,start       ] GC(2266) Pause Young (Allocation Failure)
[888.779s][info][gc,heap        ] GC(2266) PSYoungGen: 309824K(318976K)->32K(297984K) Eden: 309760K(309760K)->0K(297472K) From: 64K(9216K)->32K(512K)
[888.779s][info][gc,heap        ] GC(2266) ParOldGen: 536720K(537088K)->536728K(537088K)
[888.779s][info][gc,metaspace   ] GC(2266) Metaspace: 35534K(36224K)->35534K(36224K) NonClass: 29260K(29760K)->29260K(29760K) Class: 6273K(6464K)->6273K(6464K)
[888.779s][info][gc             ] GC(2266) Pause Young (Allocation Failure) 826M->524M(815M) 3.352ms
[888.779s][info][gc,cpu         ] GC(2266) User=0.01s Sys=0.00s Real=0.00s
[889.976s][info][gc,start       ] GC(2267) Pause Young (Allocation Failure)
[889.980s][info][gc,heap        ] GC(2267) PSYoungGen: 297504K(297984K)->32K(286208K) Eden: 297472K(297472K)->0K(285696K) From: 32K(512K)->32K(512K)
[889.980s][info][gc,heap        ] GC(2267) ParOldGen: 536728K(537088K)->536736K(537088K)
[889.980s][info][gc,metaspace   ] GC(2267) Metaspace: 35534K(36224K)->35534K(36224K) NonClass: 29260K(29760K)->29260K(29760K) Class: 6273K(6464K)->6273K(6464K)
[889.980s][info][gc             ] GC(2267) Pause Young (Allocation Failure) 814M->524M(804M) 4.397ms
[889.980s][info][gc,cpu         ] GC(2267) User=0.00s Sys=0.00s Real=0.00s
[890.460s][info][gc,start       ] GC(2268) Pause Young (Allocation Failure)
[890.463s][info][gc,heap        ] GC(2268) PSYoungGen: 285728K(286208K)->32K(283648K) Eden: 285696K(285696K)->0K(274432K) From: 32K(512K)->32K(9216K)
[890.463s][info][gc,heap        ] GC(2268) ParOldGen: 536736K(537088K)->536744K(537088K)
[890.463s][info][gc,metaspace   ] GC(2268) Metaspace: 35534K(36224K)->35534K(36224K) NonClass: 29260K(29760K)->29260K(29760K) Class: 6273K(6464K)->6273K(6464K)
[890.463s][info][gc             ] GC(2268) Pause Young (Allocation Failure) 803M->524M(801M) 2.914ms
[890.463s][info][gc,cpu         ] GC(2268) User=0.00s Sys=0.00s Real=0.01s
[890.567s][info][gc,start       ] GC(2269) Pause Young (Allocation Failure)
[890.570s][info][gc,heap        ] GC(2269) PSYoungGen: 274464K(283648K)->32K(304640K) Eden: 274432K(274432K)->0K(295936K) From: 32K(9216K)->32K(8704K)
[890.570s][info][gc,heap        ] GC(2269) ParOldGen: 536744K(537088K)->536752K(537088K)
[890.570s][info][gc,metaspace   ] GC(2269) Metaspace: 35534K(36224K)->35534K(36224K) NonClass: 29260K(29760K)->29260K(29760K) Class: 6273K(6464K)->6273K(6464K)
[890.570s][info][gc             ] GC(2269) Pause Young (Allocation Failure) 792M->524M(822M) 2.817ms
[890.570s][info][gc,cpu         ] GC(2269) User=0.00s Sys=0.00s Real=0.00s
[891.354s][info][gc,start       ] GC(2270) Pause Young (Allocation Failure)
[891.358s][info][gc,heap        ] GC(2270) PSYoungGen: 295968K(304640K)->64K(284672K) Eden: 295936K(295936K)->0K(284160K) From: 32K(8704K)->64K(512K)
[891.358s][info][gc,heap        ] GC(2270) ParOldGen: 536752K(537088K)->536760K(537088K)
[891.358s][info][gc,metaspace   ] GC(2270) Metaspace: 35534K(36224K)->35534K(36224K) NonClass: 29260K(29760K)->29260K(29760K) Class: 6273K(6464K)->6273K(6464K)
[891.358s][info][gc             ] GC(2270) Pause Young (Allocation Failure) 813M->524M(802M) 3.722ms
[891.358s][info][gc,cpu         ] GC(2270) User=0.00s Sys=0.00s Real=0.00s
[891.762s][info][gc,start       ] GC(2271) Pause Young (Allocation Failure)
[891.766s][info][gc,heap        ] GC(2271) PSYoungGen: 284224K(284672K)->32K(297472K) Eden: 284160K(284160K)->0K(289792K) From: 64K(512K)->32K(7680K)
[891.766s][info][gc,heap        ] GC(2271) ParOldGen: 536760K(537088K)->536768K(537088K)
[891.766s][info][gc,metaspace   ] GC(2271) Metaspace: 35534K(36224K)->35534K(36224K) NonClass: 29260K(29760K)->29260K(29760K) Class: 6273K(6464K)->6273K(6464K)
[891.766s][info][gc             ] GC(2271) Pause Young (Allocation Failure) 801M->524M(815M) 4.282ms
[891.766s][info][gc,cpu         ] GC(2271) User=0.00s Sys=0.00s Real=0.00s
[892.211s][info][gc,start       ] GC(2272) Pause Young (Allocation Failure)
[892.296s][info][gc,heap        ] GC(2272) PSYoungGen: 289824K(297472K)->7168K(296960K) Eden: 289792K(289792K)->0K(289792K) From: 32K(7680K)->7168K(7168K)
[892.296s][info][gc,heap        ] GC(2272) ParOldGen: 536768K(537088K)->559256K(559616K)
[892.296s][info][gc,metaspace   ] GC(2272) Metaspace: 35534K(36224K)->35534K(36224K) NonClass: 29260K(29760K)->29260K(29760K) Class: 6273K(6464K)->6273K(6464K)
[892.297s][info][gc             ] GC(2272) Pause Young (Allocation Failure) 807M->553M(836M) 85.641ms
[892.297s][info][gc,cpu         ] GC(2272) User=0.15s Sys=0.02s Real=0.08s
[892.682s][info][gc,start       ] GC(2273) Pause Young (Allocation Failure)
[892.793s][info][gc,heap        ] GC(2273) PSYoungGen: 296960K(296960K)->17408K(299008K) Eden: 289792K(289792K)->0K(281600K) From: 7168K(7168K)->17408K(17408K)
[892.793s][info][gc,heap        ] GC(2273) ParOldGen: 559256K(559616K)->573432K(573440K)
[892.793s][info][gc,metaspace   ] GC(2273) Metaspace: 35534K(36224K)->35534K(36224K) NonClass: 29260K(29760K)->29260K(29760K) Class: 6273K(6464K)->6273K(6464K)
[892.793s][info][gc             ] GC(2273) Pause Young (Allocation Failure) 836M->576M(852M) 110.985ms
[892.793s][info][gc,cpu         ] GC(2273) User=0.19s Sys=0.03s Real=0.11s
[893.001s][info][gc,start       ] GC(2274) Pause Young (Allocation Failure)
[893.026s][info][gc,heap        ] GC(2274) PSYoungGen: 299008K(299008K)->8608K(307712K) Eden: 281600K(281600K)->0K(281600K) From: 17408K(17408K)->8608K(26112K)
[893.026s][info][gc,heap        ] GC(2274) ParOldGen: 573432K(573440K)->573944K(573952K)
[893.026s][info][gc,metaspace   ] GC(2274) Metaspace: 35534K(36224K)->35534K(36224K) NonClass: 29260K(29760K)->29260K(29760K) Class: 6273K(6464K)->6273K(6464K)
[893.026s][info][gc             ] GC(2274) Pause Young (Allocation Failure) 851M->568M(861M) 25.076ms
[893.026s][info][gc,cpu         ] GC(2274) User=0.05s Sys=0.00s Real=0.02s
[893.607s][info][gc,start       ] GC(2275) Pause Young (Allocation Failure)
[893.610s][info][gc,heap        ] GC(2275) PSYoungGen: 290208K(307712K)->32K(305664K) Eden: 281600K(281600K)->0K(282624K) From: 8608K(26112K)->32K(23040K)
[893.610s][info][gc,heap        ] GC(2275) ParOldGen: 573944K(573952K)->573960K(574464K)
[893.610s][info][gc,metaspace   ] GC(2275) Metaspace: 35534K(36224K)->35534K(36224K) NonClass: 29260K(29760K)->29260K(29760K) Class: 6273K(6464K)->6273K(6464K)
[893.610s][info][gc             ] GC(2275) Pause Young (Allocation Failure) 843M->560M(859M) 3.297ms
[893.610s][info][gc,cpu         ] GC(2275) User=0.01s Sys=0.00s Real=0.00s
[894.266s][info][gc,start       ] GC(2276) Pause Young (Allocation Failure)
[894.269s][info][gc,heap        ] GC(2276) PSYoungGen: 282656K(305664K)->64K(307200K) Eden: 282624K(282624K)->0K(282624K) From: 32K(23040K)->64K(24576K)
[894.269s][info][gc,heap        ] GC(2276) ParOldGen: 573960K(574464K)->573976K(574464K)
[894.269s][info][gc,metaspace   ] GC(2276) Metaspace: 35534K(36224K)->35534K(36224K) NonClass: 29260K(29760K)->29260K(29760K) Class: 6273K(6464K)->6273K(6464K)
[894.269s][info][gc             ] GC(2276) Pause Young (Allocation Failure) 836M->560M(861M) 3.031ms
[894.269s][info][gc,cpu         ] GC(2276) User=0.01s Sys=0.00s Real=0.00s
[894.810s][info][gc,start       ] GC(2277) Pause Young (Allocation Failure)
[894.813s][info][gc,heap        ] GC(2277) PSYoungGen: 282688K(307200K)->64K(306688K) Eden: 282624K(282624K)->0K(285696K) From: 64K(24576K)->64K(20992K)
[894.813s][info][gc,heap        ] GC(2277) ParOldGen: 573976K(574464K)->573992K(574464K)
[894.813s][info][gc,metaspace   ] GC(2277) Metaspace: 35534K(36224K)->35534K(36224K) NonClass: 29260K(29760K)->29260K(29760K) Class: 6273K(6464K)->6273K(6464K)
[894.813s][info][gc             ] GC(2277) Pause Young (Allocation Failure) 836M->560M(860M) 2.378ms
[894.813s][info][gc,cpu         ] GC(2277) User=0.01s Sys=0.00s Real=0.01s
[895.102s][info][gc,start       ] GC(2278) Pause Young (Allocation Failure)
[895.105s][info][gc,heap        ] GC(2278) PSYoungGen: 285760K(306688K)->32K(308224K) Eden: 285696K(285696K)->0K(285696K) From: 64K(20992K)->32K(22528K)
[895.105s][info][gc,heap        ] GC(2278) ParOldGen: 573992K(574464K)->574000K(574464K)
[895.105s][info][gc,metaspace   ] GC(2278) Metaspace: 35534K(36224K)->35534K(36224K) NonClass: 29260K(29760K)->29260K(29760K) Class: 6273K(6464K)->6273K(6464K)
[895.105s][info][gc             ] GC(2278) Pause Young (Allocation Failure) 839M->560M(862M) 3.010ms
[895.105s][info][gc,cpu         ] GC(2278) User=0.01s Sys=0.00s Real=0.00s
[895.400s][info][gc,start       ] GC(2279) Pause Young (Allocation Failure)
[895.403s][info][gc,heap        ] GC(2279) PSYoungGen: 285728K(308224K)->32K(309760K) Eden: 285696K(285696K)->0K(289792K) From: 32K(22528K)->32K(19968K)
[895.403s][info][gc,heap        ] GC(2279) ParOldGen: 574000K(574464K)->574000K(574464K)
[895.403s][info][gc,metaspace   ] GC(2279) Metaspace: 35534K(36224K)->35534K(36224K) NonClass: 29260K(29760K)->29260K(29760K) Class: 6273K(6464K)->6273K(6464K)
[895.403s][info][gc             ] GC(2279) Pause Young (Allocation Failure) 839M->560M(863M) 3.118ms
[895.403s][info][gc,cpu         ] GC(2279) User=0.00s Sys=0.00s Real=0.01s
[895.886s][info][gc,start       ] GC(2280) Pause Young (Allocation Failure)
[895.889s][info][gc,heap        ] GC(2280) PSYoungGen: 289824K(309760K)->32K(310784K) Eden: 289792K(289792K)->0K(289792K) From: 32K(19968K)->32K(20992K)
[895.889s][info][gc,heap        ] GC(2280) ParOldGen: 574000K(574464K)->574000K(574464K)
[895.889s][info][gc,metaspace   ] GC(2280) Metaspace: 35534K(36224K)->35534K(36224K) NonClass: 29260K(29760K)->29260K(29760K) Class: 6273K(6464K)->6273K(6464K)
[895.889s][info][gc             ] GC(2280) Pause Young (Allocation Failure) 843M->560M(864M) 2.963ms
[895.889s][info][gc,cpu         ] GC(2280) User=0.00s Sys=0.00s Real=0.00s
[895.997s][info][gc,start       ] GC(2281) Pause Young (Allocation Failure)
[896.000s][info][gc,heap        ] GC(2281) PSYoungGen: 289824K(310784K)->64K(310784K) Eden: 289792K(289792K)->0K(292864K) From: 32K(20992K)->64K(17920K)
[896.000s][info][gc,heap        ] GC(2281) ParOldGen: 574000K(574464K)->574008K(574464K)
[896.000s][info][gc,metaspace   ] GC(2281) Metaspace: 35534K(36224K)->35534K(36224K) NonClass: 29260K(29760K)->29260K(29760K) Class: 6273K(6464K)->6273K(6464K)
[896.000s][info][gc             ] GC(2281) Pause Young (Allocation Failure) 843M->560M(864M) 2.946ms
[896.000s][info][gc,cpu         ] GC(2281) User=0.01s Sys=0.00s Real=0.00s
[896.058s][info][gc,start       ] GC(2282) Pause Young (Allocation Failure)
[896.061s][info][gc,heap        ] GC(2282) PSYoungGen: 292928K(310784K)->32K(311808K) Eden: 292864K(292864K)->0K(292864K) From: 64K(17920K)->32K(18944K)
[896.061s][info][gc,heap        ] GC(2282) ParOldGen: 574008K(574464K)->574016K(574464K)
[896.061s][info][gc,metaspace   ] GC(2282) Metaspace: 35534K(36224K)->35534K(36224K) NonClass: 29260K(29760K)->29260K(29760K) Class: 6273K(6464K)->6273K(6464K)
[896.061s][info][gc             ] GC(2282) Pause Young (Allocation Failure) 846M->560M(865M) 2.847ms
[896.061s][info][gc,cpu         ] GC(2282) User=0.01s Sys=0.00s Real=0.00s
[896.226s][info][gc,start       ] GC(2283) Pause Young (Allocation Failure)
[896.228s][info][gc,heap        ] GC(2283) PSYoungGen: 292896K(311808K)->64K(312832K) Eden: 292864K(292864K)->0K(296960K) From: 32K(18944K)->64K(15872K)
[896.228s][info][gc,heap        ] GC(2283) ParOldGen: 574016K(574464K)->574016K(574464K)
[896.228s][info][gc,metaspace   ] GC(2283) Metaspace: 35534K(36224K)->35534K(36224K) NonClass: 29260K(29760K)->29260K(29760K) Class: 6273K(6464K)->6273K(6464K)
[896.228s][info][gc             ] GC(2283) Pause Young (Allocation Failure) 846M->560M(866M) 2.342ms
[896.228s][info][gc,cpu         ] GC(2283) User=0.01s Sys=0.00s Real=0.00s
[896.479s][info][gc,start       ] GC(2284) Pause Young (Allocation Failure)
[896.481s][info][gc,heap        ] GC(2284) PSYoungGen: 297024K(312832K)->64K(313856K) Eden: 296960K(296960K)->0K(296960K) From: 64K(15872K)->64K(16896K)
[896.481s][info][gc,heap        ] GC(2284) ParOldGen: 574016K(574464K)->574024K(574464K)
[896.481s][info][gc,metaspace   ] GC(2284) Metaspace: 35534K(36224K)->35534K(36224K) NonClass: 29260K(29760K)->29260K(29760K) Class: 6273K(6464K)->6273K(6464K)
[896.481s][info][gc             ] GC(2284) Pause Young (Allocation Failure) 850M->560M(867M) 2.071ms
[896.481s][info][gc,cpu         ] GC(2284) User=0.00s Sys=0.01s Real=0.00s
[896.656s][info][gc,start       ] GC(2285) Pause Young (Allocation Failure)
[896.659s][info][gc,heap        ] GC(2285) PSYoungGen: 297024K(313856K)->64K(314880K) Eden: 296960K(296960K)->0K(301056K) From: 64K(16896K)->64K(13824K)
[896.659s][info][gc,heap        ] GC(2285) ParOldGen: 574024K(574464K)->574040K(574464K)
[896.659s][info][gc,metaspace   ] GC(2285) Metaspace: 35534K(36224K)->35534K(36224K) NonClass: 29260K(29760K)->29260K(29760K) Class: 6273K(6464K)->6273K(6464K)
[896.659s][info][gc             ] GC(2285) Pause Young (Allocation Failure) 850M->560M(868M) 2.911ms
[896.659s][info][gc,cpu         ] GC(2285) User=0.00s Sys=0.00s Real=0.00s
[896.755s][info][gc,start       ] GC(2286) Pause Young (Allocation Failure)
[896.758s][info][gc,heap        ] GC(2286) PSYoungGen: 301120K(314880K)->32K(315904K) Eden: 301056K(301056K)->0K(301056K) From: 64K(13824K)->32K(14848K)
[896.758s][info][gc,heap        ] GC(2286) ParOldGen: 574040K(574464K)->574056K(574464K)
[896.758s][info][gc,metaspace   ] GC(2286) Metaspace: 35534K(36224K)->35534K(36224K) NonClass: 29260K(29760K)->29260K(29760K) Class: 6273K(6464K)->6273K(6464K)
[896.758s][info][gc             ] GC(2286) Pause Young (Allocation Failure) 854M->560M(869M) 2.813ms
[896.758s][info][gc,cpu         ] GC(2286) User=0.00s Sys=0.00s Real=0.00s
[896.954s][info][gc,start       ] GC(2287) Pause Young (Allocation Failure)
[896.957s][info][gc,heap        ] GC(2287) PSYoungGen: 301088K(315904K)->32K(317952K) Eden: 301056K(301056K)->0K(305152K) From: 32K(14848K)->32K(12800K)
[896.957s][info][gc,heap        ] GC(2287) ParOldGen: 574056K(574464K)->574056K(574464K)
[896.957s][info][gc,metaspace   ] GC(2287) Metaspace: 35534K(36224K)->35534K(36224K) NonClass: 29260K(29760K)->29260K(29760K) Class: 6273K(6464K)->6273K(6464K)
[896.957s][info][gc             ] GC(2287) Pause Young (Allocation Failure) 854M->560M(871M) 2.913ms
[896.957s][info][gc,cpu         ] GC(2287) User=0.00s Sys=0.00s Real=0.00s
[898.114s][info][gc,start       ] GC(2288) Pause Young (Allocation Failure)
[898.117s][info][gc,heap        ] GC(2288) PSYoungGen: 305184K(317952K)->64K(318464K) Eden: 305152K(305152K)->0K(305152K) From: 32K(12800K)->64K(13312K)
[898.118s][info][gc,heap        ] GC(2288) ParOldGen: 574056K(574464K)->574064K(574464K)
[898.118s][info][gc,metaspace   ] GC(2288) Metaspace: 35534K(36224K)->35534K(36224K) NonClass: 29260K(29760K)->29260K(29760K) Class: 6273K(6464K)->6273K(6464K)
[898.118s][info][gc             ] GC(2288) Pause Young (Allocation Failure) 858M->560M(872M) 3.086ms
[898.118s][info][gc,cpu         ] GC(2288) User=0.01s Sys=0.00s Real=0.00s
[899.138s][info][gc,start       ] GC(2289) Pause Young (Allocation Failure)
[899.141s][info][gc,heap        ] GC(2289) PSYoungGen: 305216K(318464K)->32K(318976K) Eden: 305152K(305152K)->0K(308224K) From: 64K(13312K)->32K(10752K)
[899.141s][info][gc,heap        ] GC(2289) ParOldGen: 574064K(574464K)->574072K(574464K)
[899.141s][info][gc,metaspace   ] GC(2289) Metaspace: 35534K(36224K)->35534K(36224K) NonClass: 29260K(29760K)->29260K(29760K) Class: 6273K(6464K)->6273K(6464K)
[899.141s][info][gc             ] GC(2289) Pause Young (Allocation Failure) 858M->560M(872M) 3.165ms
[899.141s][info][gc,cpu         ] GC(2289) User=0.01s Sys=0.00s Real=0.01s
[899.498s][info][gc,start       ] GC(2290) Pause Young (Allocation Failure)
[899.500s][info][gc,heap        ] GC(2290) PSYoungGen: 308256K(318976K)->32K(319488K) Eden: 308224K(308224K)->0K(308224K) From: 32K(10752K)->32K(11264K)
[899.500s][info][gc,heap        ] GC(2290) ParOldGen: 574072K(574464K)->574080K(574464K)
[899.500s][info][gc,metaspace   ] GC(2290) Metaspace: 35534K(36224K)->35534K(36224K) NonClass: 29260K(29760K)->29260K(29760K) Class: 6273K(6464K)->6273K(6464K)
[899.501s][info][gc             ] GC(2290) Pause Young (Allocation Failure) 861M->560M(873M) 2.822ms
[899.501s][info][gc,cpu         ] GC(2290) User=0.00s Sys=0.00s Real=0.00s
[900.022s][info][gc,start       ] GC(2291) Pause Young (Allocation Failure)
[900.025s][info][gc,heap        ] GC(2291) PSYoungGen: 308256K(319488K)->64K(296448K) Eden: 308224K(308224K)->0K(295936K) From: 32K(11264K)->64K(512K)
[900.025s][info][gc,heap        ] GC(2291) ParOldGen: 574080K(574464K)->574088K(574464K)
[900.025s][info][gc,metaspace   ] GC(2291) Metaspace: 35534K(36224K)->35534K(36224K) NonClass: 29260K(29760K)->29260K(29760K) Class: 6273K(6464K)->6273K(6464K)
[900.025s][info][gc             ] GC(2291) Pause Young (Allocation Failure) 861M->560M(850M) 2.894ms
[900.025s][info][gc,cpu         ] GC(2291) User=0.01s Sys=0.00s Real=0.00s
[901.163s][info][gc,start       ] GC(2292) Pause Young (Allocation Failure)
[901.165s][info][gc,heap        ] GC(2292) PSYoungGen: 296000K(296448K)->64K(294400K) Eden: 295936K(295936K)->0K(284160K) From: 64K(512K)->64K(10240K)
[901.165s][info][gc,heap        ] GC(2292) ParOldGen: 574088K(574464K)->574096K(574464K)
[901.165s][info][gc,metaspace   ] GC(2292) Metaspace: 35534K(36224K)->35534K(36224K) NonClass: 29260K(29760K)->29260K(29760K) Class: 6273K(6464K)->6273K(6464K)
[901.165s][info][gc             ] GC(2292) Pause Young (Allocation Failure) 849M->560M(848M) 2.182ms
[901.165s][info][gc,cpu         ] GC(2292) User=0.00s Sys=0.00s Real=0.00s
[901.666s][info][gc,start       ] GC(2293) Pause Young (Allocation Failure)
[901.669s][info][gc,heap        ] GC(2293) PSYoungGen: 284224K(294400K)->64K(273408K) Eden: 284160K(284160K)->0K(272896K) From: 64K(10240K)->64K(512K)
[901.669s][info][gc,heap        ] GC(2293) ParOldGen: 574096K(574464K)->574112K(574464K)
[901.669s][info][gc,metaspace   ] GC(2293) Metaspace: 35534K(36224K)->35534K(36224K) NonClass: 29260K(29760K)->29260K(29760K) Class: 6273K(6464K)->6273K(6464K)
[901.669s][info][gc             ] GC(2293) Pause Young (Allocation Failure) 838M->560M(828M) 3.169ms
[901.670s][info][gc,cpu         ] GC(2293) User=0.01s Sys=0.00s Real=0.00s
[901.776s][info][gc,start       ] GC(2294) Pause Young (Allocation Failure)
[901.778s][info][gc,heap        ] GC(2294) PSYoungGen: 272960K(273408K)->32K(305664K) Eden: 272896K(272896K)->0K(296960K) From: 64K(512K)->32K(8704K)
[901.778s][info][gc,heap        ] GC(2294) ParOldGen: 574112K(574464K)->574120K(574464K)
[901.778s][info][gc,metaspace   ] GC(2294) Metaspace: 35534K(36224K)->35534K(36224K) NonClass: 29260K(29760K)->29260K(29760K) Class: 6273K(6464K)->6273K(6464K)
[901.778s][info][gc             ] GC(2294) Pause Young (Allocation Failure) 827M->560M(859M) 2.825ms
[901.778s][info][gc,cpu         ] GC(2294) User=0.01s Sys=0.00s Real=0.00s
[902.537s][info][gc,start       ] GC(2295) Pause Young (Allocation Failure)
[902.540s][info][gc,heap        ] GC(2295) PSYoungGen: 296992K(305664K)->64K(285696K) Eden: 296960K(296960K)->0K(285184K) From: 32K(8704K)->64K(512K)
[902.540s][info][gc,heap        ] GC(2295) ParOldGen: 574120K(574464K)->574128K(574464K)
[902.540s][info][gc,metaspace   ] GC(2295) Metaspace: 35534K(36224K)->35534K(36224K) NonClass: 29260K(29760K)->29260K(29760K) Class: 6273K(6464K)->6273K(6464K)
[902.540s][info][gc             ] GC(2295) Pause Young (Allocation Failure) 850M->560M(840M) 2.747ms
[902.540s][info][gc,cpu         ] GC(2295) User=0.01s Sys=0.00s Real=0.00s
[902.989s][info][gc,start       ] GC(2296) Pause Young (Allocation Failure)
[902.996s][info][gc,heap        ] GC(2296) PSYoungGen: 285248K(285696K)->1632K(318464K) Eden: 285184K(285184K)->0K(310784K) From: 64K(512K)->1632K(7680K)
[902.996s][info][gc,heap        ] GC(2296) ParOldGen: 574128K(574464K)->574144K(574464K)
[902.996s][info][gc,metaspace   ] GC(2296) Metaspace: 35534K(36224K)->35534K(36224K) NonClass: 29260K(29760K)->29260K(29760K) Class: 6273K(6464K)->6273K(6464K)
[902.996s][info][gc             ] GC(2296) Pause Young (Allocation Failure) 839M->562M(872M) 7.573ms
[902.996s][info][gc,cpu         ] GC(2296) User=0.02s Sys=0.00s Real=0.01s
[903.417s][info][gc,start       ] GC(2297) Pause Young (Allocation Failure)
[903.499s][info][gc,heap        ] GC(2297) PSYoungGen: 312416K(318464K)->7168K(304128K) Eden: 310784K(310784K)->0K(296960K) From: 1632K(7680K)->7168K(7168K)
[903.500s][info][gc,heap        ] GC(2297) ParOldGen: 574144K(574464K)->599976K(600064K)
[903.500s][info][gc,metaspace   ] GC(2297) Metaspace: 35534K(36224K)->35534K(36224K) NonClass: 29260K(29760K)->29260K(29760K) Class: 6273K(6464K)->6273K(6464K)
[903.500s][info][gc             ] GC(2297) Pause Young (Allocation Failure) 865M->592M(883M) 82.941ms
[903.500s][info][gc,cpu         ] GC(2297) User=0.13s Sys=0.03s Real=0.08s
[903.901s][info][gc,start       ] GC(2298) Pause Young (Allocation Failure)
[903.996s][info][gc,heap        ] GC(2298) PSYoungGen: 304128K(304128K)->18432K(315392K) Eden: 296960K(296960K)->0K(296960K) From: 7168K(7168K)->18432K(18432K)
[903.996s][info][gc,heap        ] GC(2298) ParOldGen: 599976K(600064K)->614008K(614400K)
[903.996s][info][gc,metaspace   ] GC(2298) Metaspace: 35534K(36224K)->35534K(36224K) NonClass: 29260K(29760K)->29260K(29760K) Class: 6273K(6464K)->6273K(6464K)
[903.996s][info][gc             ] GC(2298) Pause Young (Allocation Failure) 882M->617M(908M) 94.280ms
[903.996s][info][gc,cpu         ] GC(2298) User=0.17s Sys=0.02s Real=0.09s
[904.130s][info][gc,start       ] GC(2299) Pause Young (Allocation Failure)
[904.150s][info][gc,heap        ] GC(2299) PSYoungGen: 315392K(315392K)->2880K(300032K) Eden: 296960K(296960K)->0K(281600K) From: 18432K(18432K)->2880K(18432K)
[904.150s][info][gc,heap        ] GC(2299) ParOldGen: 614008K(614400K)->614504K(614912K)
[904.150s][info][gc,metaspace   ] GC(2299) Metaspace: 35534K(36224K)->35534K(36224K) NonClass: 29260K(29760K)->29260K(29760K) Class: 6273K(6464K)->6273K(6464K)
[904.150s][info][gc             ] GC(2299) Pause Young (Allocation Failure) 907M->602M(893M) 20.190ms
[904.150s][info][gc,cpu         ] GC(2299) User=0.04s Sys=0.00s Real=0.02s
[904.883s][info][gc,start       ] GC(2300) Pause Young (Allocation Failure)
[904.887s][info][gc,heap        ] GC(2300) PSYoungGen: 284480K(300032K)->64K(307712K) Eden: 281600K(281600K)->0K(281600K) From: 2880K(18432K)->64K(26112K)
[904.887s][info][gc,heap        ] GC(2300) ParOldGen: 614504K(614912K)->614512K(614912K)
[904.887s][info][gc,metaspace   ] GC(2300) Metaspace: 35534K(36224K)->35534K(36224K) NonClass: 29260K(29760K)->29260K(29760K) Class: 6273K(6464K)->6273K(6464K)
[904.887s][info][gc             ] GC(2300) Pause Young (Allocation Failure) 877M->600M(901M) 3.644ms
[904.887s][info][gc,cpu         ] GC(2300) User=0.01s Sys=0.00s Real=0.00s
[905.383s][info][gc,start       ] GC(2301) Pause Young (Allocation Failure)
[905.386s][info][gc,heap        ] GC(2301) PSYoungGen: 281664K(307712K)->64K(305152K) Eden: 281600K(281600K)->0K(282112K) From: 64K(26112K)->64K(23040K)
[905.386s][info][gc,heap        ] GC(2301) ParOldGen: 614512K(614912K)->614520K(614912K)
[905.386s][info][gc,metaspace   ] GC(2301) Metaspace: 35534K(36224K)->35534K(36224K) NonClass: 29260K(29760K)->29260K(29760K) Class: 6273K(6464K)->6273K(6464K)
[905.386s][info][gc             ] GC(2301) Pause Young (Allocation Failure) 875M->600M(898M) 2.624ms
[905.386s][info][gc,cpu         ] GC(2301) User=0.01s Sys=0.00s Real=0.00s
[905.888s][info][gc,start       ] GC(2302) Pause Young (Allocation Failure)
[905.892s][info][gc,heap        ] GC(2302) PSYoungGen: 282176K(305152K)->32K(306688K) Eden: 282112K(282112K)->0K(282112K) From: 64K(23040K)->32K(24576K)
[905.892s][info][gc,heap        ] GC(2302) ParOldGen: 614520K(614912K)->614528K(614912K)
[905.892s][info][gc,metaspace   ] GC(2302) Metaspace: 35534K(36224K)->35534K(36224K) NonClass: 29260K(29760K)->29260K(29760K) Class: 6273K(6464K)->6273K(6464K)
[905.892s][info][gc             ] GC(2302) Pause Young (Allocation Failure) 875M->600M(900M) 3.259ms
[905.892s][info][gc,cpu         ] GC(2302) User=0.00s Sys=0.00s Real=0.01s
[906.140s][info][gc,start       ] GC(2303) Pause Young (Allocation Failure)
[906.143s][info][gc,heap        ] GC(2303) PSYoungGen: 282144K(306688K)->32K(306688K) Eden: 282112K(282112K)->0K(285696K) From: 32K(24576K)->32K(20992K)
[906.143s][info][gc,heap        ] GC(2303) ParOldGen: 614528K(614912K)->614536K(614912K)
[906.143s][info][gc,metaspace   ] GC(2303) Metaspace: 35534K(36224K)->35534K(36224K) NonClass: 29260K(29760K)->29260K(29760K) Class: 6273K(6464K)->6273K(6464K)
[906.143s][info][gc             ] GC(2303) Pause Young (Allocation Failure) 875M->600M(900M) 3.208ms
[906.143s][info][gc,cpu         ] GC(2303) User=0.00s Sys=0.00s Real=0.01s
[906.392s][info][gc,start       ] GC(2304) Pause Young (Allocation Failure)
[906.395s][info][gc,heap        ] GC(2304) PSYoungGen: 285728K(306688K)->32K(308224K) Eden: 285696K(285696K)->0K(285696K) From: 32K(20992K)->32K(22528K)
[906.395s][info][gc,heap        ] GC(2304) ParOldGen: 614536K(614912K)->614536K(614912K)
[906.395s][info][gc,metaspace   ] GC(2304) Metaspace: 35534K(36224K)->35534K(36224K) NonClass: 29260K(29760K)->29260K(29760K) Class: 6273K(6464K)->6273K(6464K)
[906.395s][info][gc             ] GC(2304) Pause Young (Allocation Failure) 879M->600M(901M) 3.304ms
[906.395s][info][gc,cpu         ] GC(2304) User=0.00s Sys=0.00s Real=0.00s
[906.833s][info][gc,start       ] GC(2305) Pause Young (Allocation Failure)
[906.836s][info][gc,heap        ] GC(2305) PSYoungGen: 285728K(308224K)->32K(308736K) Eden: 285696K(285696K)->0K(289792K) From: 32K(22528K)->32K(18944K)
[906.836s][info][gc,heap        ] GC(2305) ParOldGen: 614536K(614912K)->614536K(614912K)
[906.836s][info][gc,metaspace   ] GC(2305) Metaspace: 35534K(36224K)->35534K(36224K) NonClass: 29260K(29760K)->29260K(29760K) Class: 6273K(6464K)->6273K(6464K)
[906.836s][info][gc             ] GC(2305) Pause Young (Allocation Failure) 879M->600M(902M) 3.117ms
[906.836s][info][gc,cpu         ] GC(2305) User=0.00s Sys=0.00s Real=0.00s
[906.894s][info][gc,start       ] GC(2306) Pause Young (Allocation Failure)
[906.897s][info][gc,heap        ] GC(2306) PSYoungGen: 289824K(308736K)->32K(310272K) Eden: 289792K(289792K)->0K(289792K) From: 32K(18944K)->32K(20480K)
[906.897s][info][gc,heap        ] GC(2306) ParOldGen: 614536K(614912K)->614544K(614912K)
[906.897s][info][gc,metaspace   ] GC(2306) Metaspace: 35534K(36224K)->35534K(36224K) NonClass: 29260K(29760K)->29260K(29760K) Class: 6273K(6464K)->6273K(6464K)
[906.897s][info][gc             ] GC(2306) Pause Young (Allocation Failure) 883M->600M(903M) 3.243ms
[906.897s][info][gc,cpu         ] GC(2306) User=0.01s Sys=0.00s Real=0.00s
[906.954s][info][gc,start       ] GC(2307) Pause Young (Allocation Failure)
[906.957s][info][gc,heap        ] GC(2307) PSYoungGen: 289824K(310272K)->32K(311296K) Eden: 289792K(289792K)->0K(294400K) From: 32K(20480K)->32K(16896K)
[906.957s][info][gc,heap        ] GC(2307) ParOldGen: 614544K(614912K)->614544K(614912K)
[906.957s][info][gc,metaspace   ] GC(2307) Metaspace: 35534K(36224K)->35534K(36224K) NonClass: 29260K(29760K)->29260K(29760K) Class: 6273K(6464K)->6273K(6464K)
[906.957s][info][gc             ] GC(2307) Pause Young (Allocation Failure) 883M->600M(904M) 3.374ms
[906.957s][info][gc,cpu         ] GC(2307) User=0.01s Sys=0.00s Real=0.00s
[907.172s][info][gc,start       ] GC(2308) Pause Young (Allocation Failure)
[907.176s][info][gc,heap        ] GC(2308) PSYoungGen: 294432K(311296K)->64K(312320K) Eden: 294400K(294400K)->0K(294400K) From: 32K(16896K)->64K(17920K)
[907.176s][info][gc,heap        ] GC(2308) ParOldGen: 614544K(614912K)->614544K(614912K)
[907.176s][info][gc,metaspace   ] GC(2308) Metaspace: 35534K(36224K)->35534K(36224K) NonClass: 29260K(29760K)->29260K(29760K) Class: 6273K(6464K)->6273K(6464K)
[907.176s][info][gc             ] GC(2308) Pause Young (Allocation Failure) 887M->600M(905M) 3.539ms
[907.176s][info][gc,cpu         ] GC(2308) User=0.01s Sys=0.00s Real=0.00s
[907.423s][info][gc,start       ] GC(2309) Pause Young (Allocation Failure)
[907.426s][info][gc,heap        ] GC(2309) PSYoungGen: 294464K(312320K)->32K(313856K) Eden: 294400K(294400K)->0K(299008K) From: 64K(17920K)->32K(14848K)
[907.426s][info][gc,heap        ] GC(2309) ParOldGen: 614544K(614912K)->614552K(614912K)
[907.426s][info][gc,metaspace   ] GC(2309) Metaspace: 35534K(36224K)->35534K(36224K) NonClass: 29260K(29760K)->29260K(29760K) Class: 6273K(6464K)->6273K(6464K)
[907.427s][info][gc             ] GC(2309) Pause Young (Allocation Failure) 887M->600M(907M) 3.203ms
[907.427s][info][gc,cpu         ] GC(2309) User=0.01s Sys=0.00s Real=0.00s
[907.581s][info][gc,start       ] GC(2310) Pause Young (Allocation Failure)
[907.583s][info][gc,heap        ] GC(2310) PSYoungGen: 299040K(313856K)->64K(314880K) Eden: 299008K(299008K)->0K(299008K) From: 32K(14848K)->64K(15872K)
[907.583s][info][gc,heap        ] GC(2310) ParOldGen: 614552K(614912K)->614560K(614912K)
[907.583s][info][gc,metaspace   ] GC(2310) Metaspace: 35534K(36224K)->35534K(36224K) NonClass: 29260K(29760K)->29260K(29760K) Class: 6273K(6464K)->6273K(6464K)
[907.583s][info][gc             ] GC(2310) Pause Young (Allocation Failure) 892M->600M(908M) 2.297ms
[907.583s][info][gc,cpu         ] GC(2310) User=0.01s Sys=0.00s Real=0.00s
[907.691s][info][gc,start       ] GC(2311) Pause Young (Allocation Failure)
[907.695s][info][gc,heap        ] GC(2311) PSYoungGen: 299072K(314880K)->32K(315392K) Eden: 299008K(299008K)->0K(302592K) From: 64K(15872K)->32K(12800K)
[907.695s][info][gc,heap        ] GC(2311) ParOldGen: 614560K(614912K)->614568K(614912K)
[907.695s][info][gc,metaspace   ] GC(2311) Metaspace: 35534K(36224K)->35534K(36224K) NonClass: 29260K(29760K)->29260K(29760K) Class: 6273K(6464K)->6273K(6464K)
[907.695s][info][gc             ] GC(2311) Pause Young (Allocation Failure) 892M->600M(908M) 3.394ms
[907.695s][info][gc,cpu         ] GC(2311) User=0.01s Sys=0.00s Real=0.00s
[907.988s][info][gc,start       ] GC(2312) Pause Young (Allocation Failure)
[907.991s][info][gc,heap        ] GC(2312) PSYoungGen: 302624K(315392K)->32K(316928K) Eden: 302592K(302592K)->0K(302592K) From: 32K(12800K)->32K(14336K)
[907.991s][info][gc,heap        ] GC(2312) ParOldGen: 614568K(614912K)->614576K(614912K)
[907.991s][info][gc,metaspace   ] GC(2312) Metaspace: 35534K(36224K)->35534K(36224K) NonClass: 29260K(29760K)->29260K(29760K) Class: 6273K(6464K)->6273K(6464K)
[907.991s][info][gc             ] GC(2312) Pause Young (Allocation Failure) 895M->600M(910M) 3.296ms
[907.991s][info][gc,cpu         ] GC(2312) User=0.00s Sys=0.00s Real=0.01s
[909.431s][info][gc,start       ] GC(2313) Pause Young (Allocation Failure)
[909.433s][info][gc,heap        ] GC(2313) PSYoungGen: 302624K(316928K)->64K(316928K) Eden: 302592K(302592K)->0K(306176K) From: 32K(14336K)->64K(10752K)
[909.433s][info][gc,heap        ] GC(2313) ParOldGen: 614576K(614912K)->614584K(614912K)
[909.433s][info][gc,metaspace   ] GC(2313) Metaspace: 35534K(36224K)->35534K(36224K) NonClass: 29260K(29760K)->29260K(29760K) Class: 6273K(6464K)->6273K(6464K)
[909.433s][info][gc             ] GC(2313) Pause Young (Allocation Failure) 895M->600M(910M) 2.253ms
[909.433s][info][gc,cpu         ] GC(2313) User=0.00s Sys=0.00s Real=0.01s
[910.446s][info][gc,start       ] GC(2314) Pause Young (Allocation Failure)
[910.449s][info][gc,heap        ] GC(2314) PSYoungGen: 306240K(316928K)->32K(318464K) Eden: 306176K(306176K)->0K(306176K) From: 64K(10752K)->32K(12288K)
[910.449s][info][gc,heap        ] GC(2314) ParOldGen: 614584K(614912K)->614592K(614912K)
[910.449s][info][gc,metaspace   ] GC(2314) Metaspace: 35534K(36224K)->35534K(36224K) NonClass: 29260K(29760K)->29260K(29760K) Class: 6273K(6464K)->6273K(6464K)
[910.449s][info][gc             ] GC(2314) Pause Young (Allocation Failure) 899M->600M(911M) 3.094ms
[910.449s][info][gc,cpu         ] GC(2314) User=0.00s Sys=0.00s Real=0.00s
[910.894s][info][gc,start       ] GC(2315) Pause Young (Allocation Failure)
[910.897s][info][gc,heap        ] GC(2315) PSYoungGen: 306208K(318464K)->32K(318976K) Eden: 306176K(306176K)->0K(309760K) From: 32K(12288K)->32K(9216K)
[910.897s][info][gc,heap        ] GC(2315) ParOldGen: 614592K(614912K)->614600K(614912K)
[910.897s][info][gc,metaspace   ] GC(2315) Metaspace: 35534K(36224K)->35534K(36224K) NonClass: 29260K(29760K)->29260K(29760K) Class: 6273K(6464K)->6273K(6464K)
[910.897s][info][gc             ] GC(2315) Pause Young (Allocation Failure) 899M->600M(912M) 3.529ms
[910.897s][info][gc,cpu         ] GC(2315) User=0.00s Sys=0.00s Real=0.00s
[911.953s][info][gc,start       ] GC(2316) Pause Young (Allocation Failure)
[911.956s][info][gc,heap        ] GC(2316) PSYoungGen: 309792K(318976K)->32K(320512K) Eden: 309760K(309760K)->0K(309760K) From: 32K(9216K)->32K(10752K)
[911.956s][info][gc,heap        ] GC(2316) ParOldGen: 614600K(614912K)->614608K(614912K)
[911.956s][info][gc,metaspace   ] GC(2316) Metaspace: 35534K(36224K)->35534K(36224K) NonClass: 29260K(29760K)->29260K(29760K) Class: 6273K(6464K)->6273K(6464K)
[911.956s][info][gc             ] GC(2316) Pause Young (Allocation Failure) 902M->600M(913M) 3.136ms
[911.956s][info][gc,cpu         ] GC(2316) User=0.01s Sys=0.00s Real=0.00s
[912.663s][info][gc,start       ] GC(2317) Pause Young (Allocation Failure)
[912.667s][info][gc,heap        ] GC(2317) PSYoungGen: 309792K(320512K)->32K(297984K) Eden: 309760K(309760K)->0K(297472K) From: 32K(10752K)->32K(512K)
[912.667s][info][gc,heap        ] GC(2317) ParOldGen: 614608K(614912K)->614616K(614912K)
[912.667s][info][gc,metaspace   ] GC(2317) Metaspace: 35534K(36224K)->35534K(36224K) NonClass: 29260K(29760K)->29260K(29760K) Class: 6273K(6464K)->6273K(6464K)
[912.667s][info][gc             ] GC(2317) Pause Young (Allocation Failure) 902M->600M(891M) 3.815ms
[912.667s][info][gc,cpu         ] GC(2317) User=0.00s Sys=0.00s Real=0.00s
[912.928s][info][gc,start       ] GC(2318) Pause Young (Allocation Failure)
[912.931s][info][gc,heap        ] GC(2318) PSYoungGen: 297504K(297984K)->32K(294912K) Eden: 297472K(297472K)->0K(285696K) From: 32K(512K)->32K(9216K)
[912.931s][info][gc,heap        ] GC(2318) ParOldGen: 614616K(614912K)->614624K(614912K)
[912.931s][info][gc,metaspace   ] GC(2318) Metaspace: 35534K(36224K)->35534K(36224K) NonClass: 29260K(29760K)->29260K(29760K) Class: 6273K(6464K)->6273K(6464K)
[912.931s][info][gc             ] GC(2318) Pause Young (Allocation Failure) 890M->600M(888M) 2.899ms
[912.931s][info][gc,cpu         ] GC(2318) User=0.01s Sys=0.00s Real=0.01s
[913.234s][info][gc,start       ] GC(2319) Pause Young (Allocation Failure)
[913.237s][info][gc,heap        ] GC(2319) PSYoungGen: 285728K(294912K)->64K(274944K) Eden: 285696K(285696K)->0K(274432K) From: 32K(9216K)->64K(512K)
[913.237s][info][gc,heap        ] GC(2319) ParOldGen: 614624K(614912K)->614632K(614912K)
[913.237s][info][gc,metaspace   ] GC(2319) Metaspace: 35534K(36224K)->35534K(36224K) NonClass: 29260K(29760K)->29260K(29760K) Class: 6273K(6464K)->6273K(6464K)
[913.237s][info][gc             ] GC(2319) Pause Young (Allocation Failure) 879M->600M(869M) 3.279ms
[913.237s][info][gc,cpu         ] GC(2319) User=0.00s Sys=0.00s Real=0.00s
[913.803s][info][gc,start       ] GC(2320) Pause Young (Allocation Failure)
[913.806s][info][gc,heap        ] GC(2320) PSYoungGen: 274496K(274944K)->32K(271872K) Eden: 274432K(274432K)->0K(263680K) From: 64K(512K)->32K(8192K)
[913.806s][info][gc,heap        ] GC(2320) ParOldGen: 614632K(614912K)->614640K(614912K)
[913.806s][info][gc,metaspace   ] GC(2320) Metaspace: 35534K(36224K)->35534K(36224K) NonClass: 29260K(29760K)->29260K(29760K) Class: 6273K(6464K)->6273K(6464K)
[913.806s][info][gc             ] GC(2320) Pause Young (Allocation Failure) 868M->600M(866M) 3.064ms
[913.806s][info][gc,cpu         ] GC(2320) User=0.00s Sys=0.00s Real=0.00s
[914.293s][info][gc,start       ] GC(2321) Pause Young (Allocation Failure)
[914.309s][info][gc,heap        ] GC(2321) PSYoungGen: 263712K(271872K)->7072K(306688K) Eden: 263680K(263680K)->0K(299008K) From: 32K(8192K)->7072K(7680K)
[914.309s][info][gc,heap        ] GC(2321) ParOldGen: 614640K(614912K)->614648K(614912K)
[914.309s][info][gc,metaspace   ] GC(2321) Metaspace: 35534K(36224K)->35534K(36224K) NonClass: 29260K(29760K)->29260K(29760K) Class: 6273K(6464K)->6273K(6464K)
[914.309s][info][gc             ] GC(2321) Pause Young (Allocation Failure) 857M->607M(900M) 16.108ms
[914.309s][info][gc,cpu         ] GC(2321) User=0.03s Sys=0.00s Real=0.01s
[914.732s][info][gc,start       ] GC(2322) Pause Young (Allocation Failure)
[914.824s][info][gc,heap        ] GC(2322) PSYoungGen: 306080K(306688K)->9216K(308224K) Eden: 299008K(299008K)->0K(299008K) From: 7072K(7680K)->9216K(9216K)
[914.824s][info][gc,heap        ] GC(2322) ParOldGen: 614648K(614912K)->637168K(637440K)
[914.824s][info][gc,metaspace   ] GC(2322) Metaspace: 35534K(36224K)->35534K(36224K) NonClass: 29260K(29760K)->29260K(29760K) Class: 6273K(6464K)->6273K(6464K)
[914.825s][info][gc             ] GC(2322) Pause Young (Allocation Failure) 899M->631M(923M) 92.432ms
[914.825s][info][gc,cpu         ] GC(2322) User=0.15s Sys=0.03s Real=0.09s
[915.207s][info][gc,start       ] GC(2323) Pause Young (Allocation Failure)
[915.304s][info][gc,heap        ] GC(2323) PSYoungGen: 308224K(308224K)->19968K(297472K) Eden: 299008K(299008K)->0K(277504K) From: 9216K(9216K)->19968K(19968K)
[915.304s][info][gc,heap        ] GC(2323) ParOldGen: 637168K(637440K)->648200K(648704K)
[915.304s][info][gc,metaspace   ] GC(2323) Metaspace: 35534K(36224K)->35534K(36224K) NonClass: 29260K(29760K)->29260K(29760K) Class: 6273K(6464K)->6273K(6464K)
[915.304s][info][gc             ] GC(2323) Pause Young (Allocation Failure) 923M->652M(924M) 97.381ms
[915.304s][info][gc,cpu         ] GC(2323) User=0.16s Sys=0.03s Real=0.10s
[915.504s][info][gc,start       ] GC(2324) Pause Young (Allocation Failure)
[915.513s][info][gc,heap        ] GC(2324) PSYoungGen: 297472K(297472K)->64K(305664K) Eden: 277504K(277504K)->0K(277504K) From: 19968K(19968K)->64K(28160K)
[915.513s][info][gc,heap        ] GC(2324) ParOldGen: 648200K(648704K)->648592K(648704K)
[915.513s][info][gc,metaspace   ] GC(2324) Metaspace: 35534K(36224K)->35534K(36224K) NonClass: 29260K(29760K)->29260K(29760K) Class: 6273K(6464K)->6273K(6464K)
[915.513s][info][gc             ] GC(2324) Pause Young (Allocation Failure) 923M->633M(932M) 9.239ms
[915.513s][info][gc,cpu         ] GC(2324) User=0.01s Sys=0.00s Real=0.01s
[916.678s][info][gc,start       ] GC(2325) Pause Young (Allocation Failure)
[916.681s][info][gc,heap        ] GC(2325) PSYoungGen: 277568K(305664K)->32K(302592K) Eden: 277504K(277504K)->0K(278528K) From: 64K(28160K)->32K(24064K)
[916.681s][info][gc,heap        ] GC(2325) ParOldGen: 648592K(648704K)->648600K(648704K)
[916.681s][info][gc,metaspace   ] GC(2325) Metaspace: 35534K(36224K)->35534K(36224K) NonClass: 29260K(29760K)->29260K(29760K) Class: 6273K(6464K)->6273K(6464K)
[916.681s][info][gc             ] GC(2325) Pause Young (Allocation Failure) 904M->633M(929M) 3.367ms
[916.681s][info][gc,cpu         ] GC(2325) User=0.00s Sys=0.00s Real=0.01s
[917.129s][info][gc,start       ] GC(2326) Pause Young (Allocation Failure)
[917.132s][info][gc,heap        ] GC(2326) PSYoungGen: 278560K(302592K)->32K(304640K) Eden: 278528K(278528K)->0K(278528K) From: 32K(24064K)->32K(26112K)
[917.132s][info][gc,heap        ] GC(2326) ParOldGen: 648600K(648704K)->648608K(648704K)
[917.132s][info][gc,metaspace   ] GC(2326) Metaspace: 35534K(36224K)->35534K(36224K) NonClass: 29260K(29760K)->29260K(29760K) Class: 6273K(6464K)->6273K(6464K)
[917.132s][info][gc             ] GC(2326) Pause Young (Allocation Failure) 905M->633M(931M) 3.132ms
[917.132s][info][gc,cpu         ] GC(2326) User=0.01s Sys=0.00s Real=0.01s
[917.661s][info][gc,start       ] GC(2327) Pause Young (Allocation Failure)
[917.664s][info][gc,heap        ] GC(2327) PSYoungGen: 278560K(304640K)->32K(304640K) Eden: 278528K(278528K)->0K(282624K) From: 32K(26112K)->32K(22016K)
[917.664s][info][gc,heap        ] GC(2327) ParOldGen: 648608K(648704K)->648616K(648704K)
[917.664s][info][gc,metaspace   ] GC(2327) Metaspace: 35534K(36224K)->35534K(36224K) NonClass: 29260K(29760K)->29260K(29760K) Class: 6273K(6464K)->6273K(6464K)
[917.664s][info][gc             ] GC(2327) Pause Young (Allocation Failure) 905M->633M(931M) 3.055ms
[917.664s][info][gc,cpu         ] GC(2327) User=0.00s Sys=0.00s Real=0.01s
[917.925s][info][gc,start       ] GC(2328) Pause Young (Allocation Failure)
[917.928s][info][gc,heap        ] GC(2328) PSYoungGen: 282656K(304640K)->32K(306688K) Eden: 282624K(282624K)->0K(282624K) From: 32K(22016K)->32K(24064K)
[917.928s][info][gc,heap        ] GC(2328) ParOldGen: 648616K(648704K)->648624K(648704K)
[917.928s][info][gc,metaspace   ] GC(2328) Metaspace: 35534K(36224K)->35534K(36224K) NonClass: 29260K(29760K)->29260K(29760K) Class: 6273K(6464K)->6273K(6464K)
[917.928s][info][gc             ] GC(2328) Pause Young (Allocation Failure) 909M->633M(933M) 3.065ms
[917.928s][info][gc,cpu         ] GC(2328) User=0.00s Sys=0.00s Real=0.00s
[918.176s][info][gc,start       ] GC(2329) Pause Young (Allocation Failure)
[918.179s][info][gc,heap        ] GC(2329) PSYoungGen: 282656K(306688K)->32K(306688K) Eden: 282624K(282624K)->0K(286720K) From: 32K(24064K)->32K(19968K)
[918.179s][info][gc,heap        ] GC(2329) ParOldGen: 648624K(648704K)->648624K(648704K)
[918.179s][info][gc,metaspace   ] GC(2329) Metaspace: 35534K(36224K)->35534K(36224K) NonClass: 29260K(29760K)->29260K(29760K) Class: 6273K(6464K)->6273K(6464K)
[918.179s][info][gc             ] GC(2329) Pause Young (Allocation Failure) 909M->633M(933M) 3.041ms
[918.179s][info][gc,cpu         ] GC(2329) User=0.01s Sys=0.00s Real=0.00s
[918.600s][info][gc,start       ] GC(2330) Pause Young (Allocation Failure)
[918.603s][info][gc,heap        ] GC(2330) PSYoungGen: 286752K(306688K)->64K(308736K) Eden: 286720K(286720K)->0K(286720K) From: 32K(19968K)->64K(22016K)
[918.603s][info][gc,heap        ] GC(2330) ParOldGen: 648624K(648704K)->648624K(648704K)
[918.603s][info][gc,metaspace   ] GC(2330) Metaspace: 35534K(36224K)->35534K(36224K) NonClass: 29260K(29760K)->29260K(29760K) Class: 6273K(6464K)->6273K(6464K)
[918.603s][info][gc             ] GC(2330) Pause Young (Allocation Failure) 913M->633M(935M) 3.244ms
[918.603s][info][gc,cpu         ] GC(2330) User=0.01s Sys=0.00s Real=0.01s
[918.659s][info][gc,start       ] GC(2331) Pause Young (Allocation Failure)
[918.662s][info][gc,heap        ] GC(2331) PSYoungGen: 286783K(308736K)->32K(309248K) Eden: 286719K(286720K)->0K(291328K) From: 64K(22016K)->32K(17920K)
[918.662s][info][gc,heap        ] GC(2331) ParOldGen: 648624K(648704K)->648632K(648704K)
[918.662s][info][gc,metaspace   ] GC(2331) Metaspace: 35534K(36224K)->35534K(36224K) NonClass: 29260K(29760K)->29260K(29760K) Class: 6273K(6464K)->6273K(6464K)
[918.662s][info][gc             ] GC(2331) Pause Young (Allocation Failure) 913M->633M(935M) 3.275ms
[918.662s][info][gc,cpu         ] GC(2331) User=0.00s Sys=0.00s Real=0.01s
[918.719s][info][gc,start       ] GC(2332) Pause Young (Allocation Failure)
[918.722s][info][gc,heap        ] GC(2332) PSYoungGen: 291360K(309248K)->32K(310784K) Eden: 291328K(291328K)->0K(291328K) From: 32K(17920K)->32K(19456K)
[918.722s][info][gc,heap        ] GC(2332) ParOldGen: 648632K(648704K)->648632K(648704K)
[918.722s][info][gc,metaspace   ] GC(2332) Metaspace: 35534K(36224K)->35534K(36224K) NonClass: 29260K(29760K)->29260K(29760K) Class: 6273K(6464K)->6273K(6464K)
[918.722s][info][gc             ] GC(2332) Pause Young (Allocation Failure) 917M->633M(937M) 3.242ms
[918.722s][info][gc,cpu         ] GC(2332) User=0.00s Sys=0.00s Real=0.01s
[918.931s][info][gc,start       ] GC(2333) Pause Young (Allocation Failure)
[918.934s][info][gc,heap        ] GC(2333) PSYoungGen: 291360K(310784K)->64K(311808K) Eden: 291328K(291328K)->0K(295936K) From: 32K(19456K)->64K(15872K)
[918.934s][info][gc,heap        ] GC(2333) ParOldGen: 648632K(648704K)->648632K(648704K)
[918.934s][info][gc,metaspace   ] GC(2333) Metaspace: 35534K(36224K)->35534K(36224K) NonClass: 29260K(29760K)->29260K(29760K) Class: 6273K(6464K)->6273K(6464K)
[918.934s][info][gc             ] GC(2333) Pause Young (Allocation Failure) 917M->633M(938M) 2.418ms
[918.934s][info][gc,cpu         ] GC(2333) User=0.01s Sys=0.00s Real=0.00s
[919.184s][info][gc,start       ] GC(2334) Pause Young (Allocation Failure)
[919.187s][info][gc,heap        ] GC(2334) PSYoungGen: 296000K(311808K)->32K(313344K) Eden: 295936K(295936K)->0K(295936K) From: 64K(15872K)->32K(17408K)
[919.187s][info][gc,heap        ] GC(2334) ParOldGen: 648632K(648704K)->648640K(648704K)
[919.187s][info][gc,metaspace   ] GC(2334) Metaspace: 35534K(36224K)->35534K(36224K) NonClass: 29260K(29760K)->29260K(29760K) Class: 6273K(6464K)->6273K(6464K)
[919.187s][info][gc             ] GC(2334) Pause Young (Allocation Failure) 922M->633M(939M) 3.438ms
[919.187s][info][gc,cpu         ] GC(2334) User=0.01s Sys=0.00s Real=0.00s
[919.329s][info][gc,start       ] GC(2335) Pause Young (Allocation Failure)
[919.333s][info][gc,heap        ] GC(2335) PSYoungGen: 295968K(313344K)->32K(313856K) Eden: 295936K(295936K)->0K(300032K) From: 32K(17408K)->32K(13824K)
[919.333s][info][gc,heap        ] GC(2335) ParOldGen: 648640K(648704K)->648648K(648704K)
[919.333s][info][gc,metaspace   ] GC(2335) Metaspace: 35534K(36224K)->35534K(36224K) NonClass: 29260K(29760K)->29260K(29760K) Class: 6273K(6464K)->6273K(6464K)
[919.333s][info][gc             ] GC(2335) Pause Young (Allocation Failure) 922M->633M(940M) 3.213ms
[919.333s][info][gc,cpu         ] GC(2335) User=0.00s Sys=0.00s Real=0.01s
[919.455s][info][gc,start       ] GC(2336) Pause Young (Allocation Failure)
[919.458s][info][gc,heap        ] GC(2336) PSYoungGen: 300064K(313856K)->32K(315392K) Eden: 300032K(300032K)->0K(300032K) From: 32K(13824K)->32K(15360K)
[919.458s][info][gc,heap        ] GC(2336) ParOldGen: 648648K(648704K)->648656K(648704K)
[919.458s][info][gc,metaspace   ] GC(2336) Metaspace: 35534K(36224K)->35534K(36224K) NonClass: 29260K(29760K)->29260K(29760K) Class: 6273K(6464K)->6273K(6464K)
[919.458s][info][gc             ] GC(2336) Pause Young (Allocation Failure) 926M->633M(941M) 3.547ms
[919.458s][info][gc,cpu         ] GC(2336) User=0.00s Sys=0.00s Real=0.00s
[919.663s][info][gc,start       ] GC(2337) Pause Young (Allocation Failure)
[919.666s][info][gc,heap        ] GC(2337) PSYoungGen: 300064K(315392K)->32K(315904K) Eden: 300032K(300032K)->0K(304128K) From: 32K(15360K)->32K(11776K)
[919.666s][info][gc,heap        ] GC(2337) ParOldGen: 648656K(648704K)->648664K(648704K)
[919.666s][info][gc,metaspace   ] GC(2337) Metaspace: 35534K(36224K)->35534K(36224K) NonClass: 29260K(29760K)->29260K(29760K) Class: 6273K(6464K)->6273K(6464K)
[919.666s][info][gc             ] GC(2337) Pause Young (Allocation Failure) 926M->633M(942M) 3.453ms
[919.666s][info][gc,cpu         ] GC(2337) User=0.01s Sys=0.00s Real=0.00s
[920.833s][info][gc,start       ] GC(2338) Pause Young (Allocation Failure)
[920.837s][info][gc,heap        ] GC(2338) PSYoungGen: 304160K(315904K)->67K(317440K) Eden: 304128K(304128K)->0K(304128K) From: 32K(11776K)->67K(13312K)
[920.837s][info][gc,heap        ] GC(2338) ParOldGen: 648664K(648704K)->648672K(648704K)
[920.837s][info][gc,metaspace   ] GC(2338) Metaspace: 35534K(36224K)->35534K(36224K) NonClass: 29260K(29760K)->29260K(29760K) Class: 6273K(6464K)->6273K(6464K)
[920.837s][info][gc             ] GC(2338) Pause Young (Allocation Failure) 930M->633M(943M) 3.318ms
[920.837s][info][gc,cpu         ] GC(2338) User=0.01s Sys=0.00s Real=0.00s
[921.868s][info][gc,start       ] GC(2339) Pause Young (Allocation Failure)
[921.871s][info][gc,heap        ] GC(2339) PSYoungGen: 304195K(317440K)->32K(318976K) Eden: 304128K(304128K)->0K(308224K) From: 67K(13312K)->32K(10752K)
[921.871s][info][gc,heap        ] GC(2339) ParOldGen: 648672K(648704K)->648680K(648704K)
[921.871s][info][gc,metaspace   ] GC(2339) Metaspace: 35534K(36224K)->35534K(36224K) NonClass: 29260K(29760K)->29260K(29760K) Class: 6273K(6464K)->6273K(6464K)
[921.871s][info][gc             ] GC(2339) Pause Young (Allocation Failure) 930M->633M(945M) 3.412ms
[921.871s][info][gc,cpu         ] GC(2339) User=0.01s Sys=0.00s Real=0.01s
[922.404s][info][gc,start       ] GC(2340) Pause Young (Allocation Failure)
[922.407s][info][gc,heap        ] GC(2340) PSYoungGen: 308256K(318976K)->32K(320000K) Eden: 308224K(308224K)->0K(308224K) From: 32K(10752K)->32K(11776K)
[922.407s][info][gc,heap        ] GC(2340) ParOldGen: 648680K(648704K)->648688K(648704K)
[922.407s][info][gc,metaspace   ] GC(2340) Metaspace: 35534K(36224K)->35534K(36224K) NonClass: 29260K(29760K)->29260K(29760K) Class: 6273K(6464K)->6273K(6464K)
[922.407s][info][gc             ] GC(2340) Pause Young (Allocation Failure) 934M->633M(946M) 3.474ms
[922.407s][info][gc,cpu         ] GC(2340) User=0.00s Sys=0.00s Real=0.00s
[923.674s][info][gc,start       ] GC(2341) Pause Young (Allocation Failure)
[923.678s][info][gc,heap        ] GC(2341) PSYoungGen: 308256K(320000K)->64K(321024K) Eden: 308224K(308224K)->0K(311296K) From: 32K(11776K)->64K(9728K)
[923.678s][info][gc,heap        ] GC(2341) ParOldGen: 648688K(648704K)->648696K(648704K)
[923.678s][info][gc,metaspace   ] GC(2341) Metaspace: 35534K(36224K)->35534K(36224K) NonClass: 29260K(29760K)->29260K(29760K) Class: 6273K(6464K)->6273K(6464K)
[923.678s][info][gc             ] GC(2341) Pause Young (Allocation Failure) 934M->633M(947M) 4.250ms
[923.678s][info][gc,cpu         ] GC(2341) User=0.00s Sys=0.00s Real=0.00s
[924.384s][info][gc,start       ] GC(2342) Pause Young (Allocation Failure)
[924.387s][info][gc,heap        ] GC(2342) PSYoungGen: 311360K(321024K)->64K(299520K) Eden: 311296K(311296K)->0K(299008K) From: 64K(9728K)->64K(512K)
[924.387s][info][gc,heap        ] GC(2342) ParOldGen: 648696K(648704K)->648704K(649216K)
[924.388s][info][gc,metaspace   ] GC(2342) Metaspace: 35534K(36224K)->35534K(36224K) NonClass: 29260K(29760K)->29260K(29760K) Class: 6273K(6464K)->6273K(6464K)
[924.388s][info][gc             ] GC(2342) Pause Young (Allocation Failure) 937M->633M(926M) 3.469ms
[924.388s][info][gc,cpu         ] GC(2342) User=0.00s Sys=0.00s Real=0.00s
[924.628s][info][gc,start       ] GC(2343) Pause Young (Allocation Failure)
[924.632s][info][gc,heap        ] GC(2343) PSYoungGen: 299072K(299520K)->32K(287744K) Eden: 299008K(299008K)->0K(287232K) From: 64K(512K)->32K(512K)
[924.632s][info][gc,heap        ] GC(2343) ParOldGen: 648704K(649216K)->648712K(649216K)
[924.632s][info][gc,metaspace   ] GC(2343) Metaspace: 35534K(36224K)->35534K(36224K) NonClass: 29260K(29760K)->29260K(29760K) Class: 6273K(6464K)->6273K(6464K)
[924.632s][info][gc             ] GC(2343) Pause Young (Allocation Failure) 925M->633M(915M) 3.906ms
[924.632s][info][gc,cpu         ] GC(2343) User=0.00s Sys=0.00s Real=0.01s
[924.948s][info][gc,start       ] GC(2344) Pause Young (Allocation Failure)
[924.951s][info][gc,heap        ] GC(2344) PSYoungGen: 287264K(287744K)->32K(305152K) Eden: 287232K(287232K)->0K(296448K) From: 32K(512K)->32K(8704K)
[924.951s][info][gc,heap        ] GC(2344) ParOldGen: 648712K(649216K)->648720K(649216K)
[924.951s][info][gc,metaspace   ] GC(2344) Metaspace: 35534K(36224K)->35534K(36224K) NonClass: 29260K(29760K)->29260K(29760K) Class: 6273K(6464K)->6273K(6464K)
[924.951s][info][gc             ] GC(2344) Pause Young (Allocation Failure) 914M->633M(932M) 3.405ms
[924.951s][info][gc,cpu         ] GC(2344) User=0.00s Sys=0.00s Real=0.01s
[925.538s][info][gc,start       ] GC(2345) Pause Young (Allocation Failure)
[925.542s][info][gc,heap        ] GC(2345) PSYoungGen: 296480K(305152K)->32K(285184K) Eden: 296448K(296448K)->0K(284672K) From: 32K(8704K)->32K(512K)
[925.542s][info][gc,heap        ] GC(2345) ParOldGen: 648720K(649216K)->648728K(649216K)
[925.542s][info][gc,metaspace   ] GC(2345) Metaspace: 35534K(36224K)->35534K(36224K) NonClass: 29260K(29760K)->29260K(29760K) Class: 6273K(6464K)->6273K(6464K)
[925.542s][info][gc             ] GC(2345) Pause Young (Allocation Failure) 923M->633M(912M) 3.281ms
[925.542s][info][gc,cpu         ] GC(2345) User=0.00s Sys=0.00s Real=0.01s
[926.200s][info][gc,start       ] GC(2346) Pause Young (Allocation Failure)
[926.253s][info][gc,heap        ] GC(2346) PSYoungGen: 284704K(285184K)->7680K(318464K) Eden: 284672K(284672K)->0K(310784K) From: 32K(512K)->7680K(7680K)
[926.254s][info][gc,heap        ] GC(2346) ParOldGen: 648728K(649216K)->653384K(653824K)
[926.254s][info][gc,metaspace   ] GC(2346) Metaspace: 35534K(36224K)->35534K(36224K) NonClass: 29260K(29760K)->29260K(29760K) Class: 6273K(6464K)->6273K(6464K)
[926.254s][info][gc             ] GC(2346) Pause Young (Allocation Failure) 911M->645M(949M) 53.483ms
[926.254s][info][gc,cpu         ] GC(2346) User=0.06s Sys=0.01s Real=0.06s
[926.867s][info][gc,start       ] GC(2347) Pause Young (Allocation Failure)
[926.976s][info][gc,promotion   ] GC(2347) Promotion failed
[926.977s][info][gc,heap        ] GC(2347) PSYoungGen: 318464K(318464K)->318464K(318464K) Eden: 310784K(310784K)->310784K(310784K) From: 7680K(7680K)->7680K(7680K)
[926.977s][info][gc,heap        ] GC(2347) ParOldGen: 653384K(653824K)->667640K(667648K)
[926.977s][info][gc,metaspace   ] GC(2347) Metaspace: 35534K(36224K)->35534K(36224K) NonClass: 29260K(29760K)->29260K(29760K) Class: 6273K(6464K)->6273K(6464K)
[926.977s][info][gc             ] GC(2347) Pause Young (Allocation Failure) 949M->962M(963M) 109.153ms
[926.977s][info][gc,cpu         ] GC(2347) User=0.18s Sys=0.03s Real=0.11s
[926.977s][info][gc,start       ] GC(2348) Pause Full (Allocation Failure)
[926.977s][info][gc,phases,start] GC(2348) Marking Phase
[927.065s][info][gc,phases      ] GC(2348) Marking Phase 88.510ms
[927.065s][info][gc,phases,start] GC(2348) Summary Phase
[927.065s][info][gc,phases      ] GC(2348) Summary Phase 0.060ms
[927.065s][info][gc,phases,start] GC(2348) Forward
[927.084s][info][gc,phases      ] GC(2348) Forward 18.988ms
[927.085s][info][gc,phases,start] GC(2348) Adjust Pointers
[927.140s][info][gc,phases      ] GC(2348) Adjust Pointers 55.313ms
[927.140s][info][gc,phases,start] GC(2348) Compaction Phase
[927.167s][info][gc,phases      ] GC(2348) Compaction Phase 27.233ms
[927.167s][info][gc,phases,start] GC(2348) Post Compact
[927.170s][info][metaspace      ] ChkMgr @0x00007f865403aa80 (non-class-space): : reclaiming memory...
[927.170s][info][metaspace      ] ChkMgr @0x00007f865403aa80 (non-class-space): nothing reclaimed.
[927.170s][info][metaspace      ] ChkMgr @0x00007f865403a890 (class-space): : reclaiming memory...
[927.170s][info][metaspace      ] ChkMgr @0x00007f865403a890 (class-space): nothing reclaimed.
[927.170s][info][gc,phases      ] GC(2348) Post Compact 3.254ms
[927.217s][info][gc,heap        ] GC(2348) PSYoungGen: 318464K(318464K)->0K(322560K) Eden: 310784K(310784K)->0K(311296K) From: 7680K(7680K)->0K(11264K)
[927.217s][info][gc,heap        ] GC(2348) ParOldGen: 667640K(667648K)->90080K(175104K)
[927.217s][info][gc,metaspace   ] GC(2348) Metaspace: 35534K(36224K)->35426K(36224K) NonClass: 29260K(29760K)->29153K(29760K) Class: 6273K(6464K)->6272K(6464K)
[927.217s][info][gc             ] GC(2348) Pause Full (Allocation Failure) 962M->87M(486M) 240.047ms
[927.217s][info][gc,cpu         ] GC(2348) User=0.33s Sys=0.05s Real=0.24s
[927.705s][info][gc,start       ] GC(2349) Pause Young (Allocation Failure)
[927.760s][info][gc,heap        ] GC(2349) PSYoungGen: 311296K(322560K)->11264K(322560K) Eden: 311296K(311296K)->0K(311296K) From: 0K(11264K)->11264K(11264K)
[927.760s][info][gc,heap        ] GC(2349) ParOldGen: 90080K(175104K)->102472K(175104K)
[927.760s][info][gc,metaspace   ] GC(2349) Metaspace: 35426K(36224K)->35426K(36224K) NonClass: 29153K(29760K)->29153K(29760K) Class: 6272K(6464K)->6272K(6464K)
[927.760s][info][gc             ] GC(2349) Pause Young (Allocation Failure) 391M->111M(486M) 55.142ms
[927.760s][info][gc,cpu         ] GC(2349) User=0.10s Sys=0.00s Real=0.05s
[928.128s][info][gc,start       ] GC(2350) Pause Young (Allocation Failure)
[928.134s][info][gc,heap        ] GC(2350) PSYoungGen: 322560K(322560K)->32K(310272K) Eden: 311296K(311296K)->0K(299008K) From: 11264K(11264K)->32K(11264K)
[928.134s][info][gc,heap        ] GC(2350) ParOldGen: 102472K(175104K)->102944K(175104K)
[928.134s][info][gc,metaspace   ] GC(2350) Metaspace: 35426K(36224K)->35426K(36224K) NonClass: 29153K(29760K)->29153K(29760K) Class: 6272K(6464K)->6272K(6464K)
[928.134s][info][gc             ] GC(2350) Pause Young (Allocation Failure) 415M->100M(474M) 6.383ms
[928.134s][info][gc,cpu         ] GC(2350) User=0.01s Sys=0.00s Real=0.01s
[928.935s][info][gc,start       ] GC(2351) Pause Young (Allocation Failure)
[928.936s][info][gc,heap        ] GC(2351) PSYoungGen: 299040K(310272K)->64K(316416K) Eden: 299008K(299008K)->0K(299008K) From: 32K(11264K)->64K(17408K)
[928.936s][info][gc,heap        ] GC(2351) ParOldGen: 102944K(175104K)->102952K(175104K)
[928.936s][info][gc,metaspace   ] GC(2351) Metaspace: 35426K(36224K)->35426K(36224K) NonClass: 29153K(29760K)->29153K(29760K) Class: 6272K(6464K)->6272K(6464K)
[928.936s][info][gc             ] GC(2351) Pause Young (Allocation Failure) 392M->100M(480M) 1.043ms
[928.936s][info][gc,cpu         ] GC(2351) User=0.00s Sys=0.00s Real=0.00s
[929.633s][info][gc,start       ] GC(2352) Pause Young (Allocation Failure)
[929.635s][info][gc,heap        ] GC(2352) PSYoungGen: 299072K(316416K)->64K(313856K) Eden: 299008K(299008K)->0K(299520K) From: 64K(17408K)->64K(14336K)
[929.636s][info][gc,heap        ] GC(2352) ParOldGen: 102952K(175104K)->102968K(175104K)
[929.636s][info][gc,metaspace   ] GC(2352) Metaspace: 35426K(36224K)->35426K(36224K) NonClass: 29153K(29760K)->29153K(29760K) Class: 6272K(6464K)->6272K(6464K)
[929.636s][info][gc             ] GC(2352) Pause Young (Allocation Failure) 392M->100M(477M) 2.130ms
[929.636s][info][gc,cpu         ] GC(2352) User=0.00s Sys=0.00s Real=0.00s
[929.896s][info][gc,start       ] GC(2353) Pause Young (Allocation Failure)
[929.897s][info][gc,heap        ] GC(2353) PSYoungGen: 299584K(313856K)->64K(315392K) Eden: 299520K(299520K)->0K(299520K) From: 64K(14336K)->64K(15872K)
[929.897s][info][gc,heap        ] GC(2353) ParOldGen: 102968K(175104K)->102984K(175104K)
[929.897s][info][gc,metaspace   ] GC(2353) Metaspace: 35426K(36224K)->35426K(36224K) NonClass: 29153K(29760K)->29153K(29760K) Class: 6272K(6464K)->6272K(6464K)
[929.897s][info][gc             ] GC(2353) Pause Young (Allocation Failure) 393M->100M(479M) 1.079ms
[929.897s][info][gc,cpu         ] GC(2353) User=0.00s Sys=0.00s Real=0.00s
[930.156s][info][gc,start       ] GC(2354) Pause Young (Allocation Failure)
[930.157s][info][gc,heap        ] GC(2354) PSYoungGen: 299584K(315392K)->64K(315392K) Eden: 299520K(299520K)->0K(302592K) From: 64K(15872K)->64K(12800K)
[930.157s][info][gc,heap        ] GC(2354) ParOldGen: 102984K(175104K)->102984K(175104K)
[930.157s][info][gc,metaspace   ] GC(2354) Metaspace: 35426K(36224K)->35426K(36224K) NonClass: 29153K(29760K)->29153K(29760K) Class: 6272K(6464K)->6272K(6464K)
[930.157s][info][gc             ] GC(2354) Pause Young (Allocation Failure) 393M->100M(479M) 1.326ms
[930.157s][info][gc,cpu         ] GC(2354) User=0.00s Sys=0.00s Real=0.00s
[930.586s][info][gc,start       ] GC(2355) Pause Young (Allocation Failure)
[930.587s][info][gc,heap        ] GC(2355) PSYoungGen: 302656K(315392K)->64K(316928K) Eden: 302592K(302592K)->0K(302592K) From: 64K(12800K)->64K(14336K)
[930.587s][info][gc,heap        ] GC(2355) ParOldGen: 102984K(175104K)->102984K(175104K)
[930.587s][info][gc,metaspace   ] GC(2355) Metaspace: 35426K(36224K)->35426K(36224K) NonClass: 29153K(29760K)->29153K(29760K) Class: 6272K(6464K)->6272K(6464K)
[930.587s][info][gc             ] GC(2355) Pause Young (Allocation Failure) 396M->100M(480M) 1.002ms
[930.587s][info][gc,cpu         ] GC(2355) User=0.00s Sys=0.00s Real=0.00s
[930.705s][info][gc,start       ] GC(2356) Pause Young (Allocation Failure)
[930.706s][info][gc,heap        ] GC(2356) PSYoungGen: 302656K(316928K)->64K(316928K) Eden: 302592K(302592K)->0K(305664K) From: 64K(14336K)->64K(11264K)
[930.706s][info][gc,heap        ] GC(2356) ParOldGen: 102984K(175104K)->102992K(175104K)
[930.706s][info][gc,metaspace   ] GC(2356) Metaspace: 35426K(36224K)->35426K(36224K) NonClass: 29153K(29760K)->29153K(29760K) Class: 6272K(6464K)->6272K(6464K)
[930.706s][info][gc             ] GC(2356) Pause Young (Allocation Failure) 396M->100M(480M) 1.381ms
[930.706s][info][gc,cpu         ] GC(2356) User=0.00s Sys=0.00s Real=0.00s
[930.767s][info][gc,start       ] GC(2357) Pause Young (Allocation Failure)
[930.768s][info][gc,heap        ] GC(2357) PSYoungGen: 305727K(316928K)->64K(318464K) Eden: 305663K(305664K)->0K(305664K) From: 64K(11264K)->64K(12800K)
[930.768s][info][gc,heap        ] GC(2357) ParOldGen: 102992K(175104K)->103008K(175104K)
[930.768s][info][gc,metaspace   ] GC(2357) Metaspace: 35426K(36224K)->35426K(36224K) NonClass: 29153K(29760K)->29153K(29760K) Class: 6272K(6464K)->6272K(6464K)
[930.768s][info][gc             ] GC(2357) Pause Young (Allocation Failure) 399M->100M(482M) 1.014ms
[930.768s][info][gc,cpu         ] GC(2357) User=0.00s Sys=0.00s Real=0.00s
[930.952s][info][gc,start       ] GC(2358) Pause Young (Allocation Failure)
[930.954s][info][gc,heap        ] GC(2358) PSYoungGen: 305728K(318464K)->64K(318464K) Eden: 305664K(305664K)->0K(308736K) From: 64K(12800K)->64K(9728K)
[930.954s][info][gc,heap        ] GC(2358) ParOldGen: 103008K(175104K)->103008K(175104K)
[930.954s][info][gc,metaspace   ] GC(2358) Metaspace: 35426K(36224K)->35426K(36224K) NonClass: 29153K(29760K)->29153K(29760K) Class: 6272K(6464K)->6272K(6464K)
[930.954s][info][gc             ] GC(2358) Pause Young (Allocation Failure) 399M->100M(482M) 1.458ms
[930.954s][info][gc,cpu         ] GC(2358) User=0.00s Sys=0.00s Real=0.00s
[931.211s][info][gc,start       ] GC(2359) Pause Young (Allocation Failure)
[931.212s][info][gc,heap        ] GC(2359) PSYoungGen: 308800K(318464K)->64K(296960K) Eden: 308736K(308736K)->0K(296448K) From: 64K(9728K)->64K(512K)
[931.212s][info][gc,heap        ] GC(2359) ParOldGen: 103008K(175104K)->103016K(175104K)
[931.213s][info][gc,metaspace   ] GC(2359) Metaspace: 35426K(36224K)->35426K(36224K) NonClass: 29153K(29760K)->29153K(29760K) Class: 6272K(6464K)->6272K(6464K)
[931.213s][info][gc             ] GC(2359) Pause Young (Allocation Failure) 402M->100M(461M) 2.016ms
[931.213s][info][gc,cpu         ] GC(2359) User=0.01s Sys=0.00s Real=0.01s
[931.391s][info][gc,start       ] GC(2360) Pause Young (Allocation Failure)
[931.393s][info][gc,heap        ] GC(2360) PSYoungGen: 296512K(296960K)->64K(285184K) Eden: 296448K(296448K)->0K(284672K) From: 64K(512K)->64K(512K)
[931.393s][info][gc,heap        ] GC(2360) ParOldGen: 103016K(175104K)->103024K(175104K)
[931.393s][info][gc,metaspace   ] GC(2360) Metaspace: 35426K(36224K)->35426K(36224K) NonClass: 29153K(29760K)->29153K(29760K) Class: 6272K(6464K)->6272K(6464K)
[931.393s][info][gc             ] GC(2360) Pause Young (Allocation Failure) 390M->100M(449M) 2.094ms
[931.393s][info][gc,cpu         ] GC(2360) User=0.00s Sys=0.00s Real=0.00s
[931.482s][info][gc,start       ] GC(2361) Pause Young (Allocation Failure)
[931.483s][info][gc,heap        ] GC(2361) PSYoungGen: 284736K(285184K)->64K(283648K) Eden: 284672K(284672K)->0K(273408K) From: 64K(512K)->64K(10240K)
[931.483s][info][gc,heap        ] GC(2361) ParOldGen: 103024K(175104K)->103032K(175104K)
[931.483s][info][gc,metaspace   ] GC(2361) Metaspace: 35426K(36224K)->35426K(36224K) NonClass: 29153K(29760K)->29153K(29760K) Class: 6272K(6464K)->6272K(6464K)
[931.483s][info][gc             ] GC(2361) Pause Young (Allocation Failure) 378M->100M(448M) 1.171ms
[931.483s][info][gc,cpu         ] GC(2361) User=0.00s Sys=0.00s Real=0.00s
[931.664s][info][gc,start       ] GC(2362) Pause Young (Allocation Failure)
[931.665s][info][gc,heap        ] GC(2362) PSYoungGen: 273472K(283648K)->64K(263168K) Eden: 273408K(273408K)->0K(262656K) From: 64K(10240K)->64K(512K)
[931.665s][info][gc,heap        ] GC(2362) ParOldGen: 103032K(175104K)->103040K(175104K)
[931.665s][info][gc,metaspace   ] GC(2362) Metaspace: 35426K(36224K)->35426K(36224K) NonClass: 29153K(29760K)->29153K(29760K) Class: 6272K(6464K)->6272K(6464K)
[931.666s][info][gc             ] GC(2362) Pause Young (Allocation Failure) 367M->100M(428M) 1.769ms
[931.666s][info][gc,cpu         ] GC(2362) User=0.00s Sys=0.01s Real=0.00s
[932.204s][info][gc,start       ] GC(2363) Pause Young (Allocation Failure)
[932.206s][info][gc,heap        ] GC(2363) PSYoungGen: 262720K(263168K)->64K(261120K) Eden: 262656K(262656K)->0K(252416K) From: 64K(512K)->64K(8704K)
[932.206s][info][gc,heap        ] GC(2363) ParOldGen: 103040K(175104K)->103048K(175104K)
[932.206s][info][gc,metaspace   ] GC(2363) Metaspace: 35426K(36224K)->35426K(36224K) NonClass: 29153K(29760K)->29153K(29760K) Class: 6272K(6464K)->6272K(6464K)
[932.206s][info][gc             ] GC(2363) Pause Young (Allocation Failure) 357M->100M(426M) 2.230ms
[932.206s][info][gc,cpu         ] GC(2363) User=0.00s Sys=0.00s Real=0.00s
[933.007s][info][gc,start       ] GC(2364) Pause Young (Allocation Failure)
[933.009s][info][gc,heap        ] GC(2364) PSYoungGen: 252480K(261120K)->64K(243200K) Eden: 252416K(252416K)->0K(242688K) From: 64K(8704K)->64K(512K)
[933.009s][info][gc,heap        ] GC(2364) ParOldGen: 103048K(175104K)->103056K(175104K)
[933.009s][info][gc,metaspace   ] GC(2364) Metaspace: 35426K(36224K)->35426K(36224K) NonClass: 29153K(29760K)->29153K(29760K) Class: 6272K(6464K)->6272K(6464K)
[933.009s][info][gc             ] GC(2364) Pause Young (Allocation Failure) 347M->100M(408M) 2.061ms
[933.009s][info][gc,cpu         ] GC(2364) User=0.00s Sys=0.00s Real=0.00s
[934.129s][info][gc,start       ] GC(2365) Pause Young (Allocation Failure)
[934.130s][info][gc,heap        ] GC(2365) PSYoungGen: 242752K(243200K)->64K(241152K) Eden: 242688K(242688K)->0K(233472K) From: 64K(512K)->64K(7680K)
[934.130s][info][gc,heap        ] GC(2365) ParOldGen: 103056K(175104K)->103064K(175104K)
[934.130s][info][gc,metaspace   ] GC(2365) Metaspace: 35426K(36224K)->35426K(36224K) NonClass: 29153K(29760K)->29153K(29760K) Class: 6272K(6464K)->6272K(6464K)
[934.130s][info][gc             ] GC(2365) Pause Young (Allocation Failure) 337M->100M(406M) 1.415ms
[934.130s][info][gc,cpu         ] GC(2365) User=0.00s Sys=0.00s Real=0.00s
[934.516s][info][gc,start       ] GC(2366) Pause Young (Allocation Failure)
[934.520s][info][gc,heap        ] GC(2366) PSYoungGen: 233536K(241152K)->64K(225280K) Eden: 233472K(233472K)->0K(224768K) From: 64K(7680K)->64K(512K)
[934.520s][info][gc,heap        ] GC(2366) ParOldGen: 103064K(175104K)->103080K(175104K)
[934.520s][info][gc,metaspace   ] GC(2366) Metaspace: 35426K(36224K)->35426K(36224K) NonClass: 29153K(29760K)->29153K(29760K) Class: 6272K(6464K)->6272K(6464K)
[934.520s][info][gc             ] GC(2366) Pause Young (Allocation Failure) 328M->100M(391M) 3.415ms
[934.520s][info][gc,cpu         ] GC(2366) User=0.00s Sys=0.00s Real=0.00s
[934.867s][info][gc,start       ] GC(2367) Pause Young (Allocation Failure)
[934.868s][info][gc,heap        ] GC(2367) PSYoungGen: 224832K(225280K)->64K(223232K) Eden: 224768K(224768K)->0K(216576K) From: 64K(512K)->64K(6656K)
[934.868s][info][gc,heap        ] GC(2367) ParOldGen: 103080K(175104K)->103088K(175104K)
[934.868s][info][gc,metaspace   ] GC(2367) Metaspace: 35426K(36224K)->35426K(36224K) NonClass: 29153K(29760K)->29153K(29760K) Class: 6272K(6464K)->6272K(6464K)
[934.868s][info][gc             ] GC(2367) Pause Young (Allocation Failure) 320M->100M(389M) 1.157ms
[934.868s][info][gc,cpu         ] GC(2367) User=0.00s Sys=0.00s Real=0.00s
[936.009s][info][gc,start       ] GC(2368) Pause Young (Allocation Failure)
[936.011s][info][gc,heap        ] GC(2368) PSYoungGen: 216640K(223232K)->64K(209408K) Eden: 216576K(216576K)->0K(208896K) From: 64K(6656K)->64K(512K)
[936.011s][info][gc,heap        ] GC(2368) ParOldGen: 103088K(175104K)->103096K(175104K)
[936.011s][info][gc,metaspace   ] GC(2368) Metaspace: 35426K(36224K)->35426K(36224K) NonClass: 29153K(29760K)->29153K(29760K) Class: 6272K(6464K)->6272K(6464K)
[936.011s][info][gc             ] GC(2368) Pause Young (Allocation Failure) 312M->100M(375M) 1.928ms
[936.011s][info][gc,cpu         ] GC(2368) User=0.00s Sys=0.00s Real=0.01s
[936.478s][info][gc,start       ] GC(2369) Pause Young (Allocation Failure)
[936.479s][info][gc,heap        ] GC(2369) PSYoungGen: 208960K(209408K)->64K(206848K) Eden: 208896K(208896K)->0K(201216K) From: 64K(512K)->64K(5632K)
[936.479s][info][gc,heap        ] GC(2369) ParOldGen: 103096K(175104K)->103104K(175104K)
[936.479s][info][gc,metaspace   ] GC(2369) Metaspace: 35426K(36224K)->35426K(36224K) NonClass: 29153K(29760K)->29153K(29760K) Class: 6272K(6464K)->6272K(6464K)
[936.479s][info][gc             ] GC(2369) Pause Young (Allocation Failure) 304M->100M(373M) 0.926ms
[936.479s][info][gc,cpu         ] GC(2369) User=0.01s Sys=0.00s Real=0.00s
[936.788s][info][gc,start       ] GC(2370) Pause Young (Allocation Failure)
[936.791s][info][gc,heap        ] GC(2370) PSYoungGen: 201280K(206848K)->64K(194560K) Eden: 201216K(201216K)->0K(194048K) From: 64K(5632K)->64K(512K)
[936.791s][info][gc,heap        ] GC(2370) ParOldGen: 103104K(175104K)->103112K(175104K)
[936.791s][info][gc,metaspace   ] GC(2370) Metaspace: 35426K(36224K)->35426K(36224K) NonClass: 29153K(29760K)->29153K(29760K) Class: 6272K(6464K)->6272K(6464K)
[936.791s][info][gc             ] GC(2370) Pause Young (Allocation Failure) 297M->100M(361M) 2.684ms
[936.791s][info][gc,cpu         ] GC(2370) User=0.00s Sys=0.00s Real=0.01s
[936.904s][info][gc,start       ] GC(2371) Pause Young (Allocation Failure)
[936.906s][info][gc,heap        ] GC(2371) PSYoungGen: 194112K(194560K)->64K(192512K) Eden: 194048K(194048K)->0K(187392K) From: 64K(512K)->64K(5120K)
[936.906s][info][gc,heap        ] GC(2371) ParOldGen: 103112K(175104K)->103120K(175104K)
[936.906s][info][gc,metaspace   ] GC(2371) Metaspace: 35426K(36224K)->35426K(36224K) NonClass: 29153K(29760K)->29153K(29760K) Class: 6272K(6464K)->6272K(6464K)
[936.906s][info][gc             ] GC(2371) Pause Young (Allocation Failure) 290M->100M(359M) 1.796ms
[936.906s][info][gc,cpu         ] GC(2371) User=0.00s Sys=0.00s Real=0.00s
[937.538s][info][gc,start       ] GC(2372) Pause Young (Allocation Failure)
[937.541s][info][gc,heap        ] GC(2372) PSYoungGen: 187456K(192512K)->64K(181248K) Eden: 187392K(187392K)->0K(180736K) From: 64K(5120K)->64K(512K)
[937.541s][info][gc,heap        ] GC(2372) ParOldGen: 103120K(175104K)->103128K(175104K)
[937.541s][info][gc,metaspace   ] GC(2372) Metaspace: 35426K(36224K)->35426K(36224K) NonClass: 29153K(29760K)->29153K(29760K) Class: 6272K(6464K)->6272K(6464K)
[937.541s][info][gc             ] GC(2372) Pause Young (Allocation Failure) 283M->100M(348M) 2.714ms
[937.541s][info][gc,cpu         ] GC(2372) User=0.01s Sys=0.00s Real=0.01s
[937.972s][info][gc,start       ] GC(2373) Pause Young (Allocation Failure)
[937.974s][info][gc,heap        ] GC(2373) PSYoungGen: 180800K(181248K)->64K(179200K) Eden: 180736K(180736K)->0K(174592K) From: 64K(512K)->64K(4608K)
[937.974s][info][gc,heap        ] GC(2373) ParOldGen: 103128K(175104K)->103136K(175104K)
[937.974s][info][gc,metaspace   ] GC(2373) Metaspace: 35426K(36224K)->35426K(36224K) NonClass: 29153K(29760K)->29153K(29760K) Class: 6272K(6464K)->6272K(6464K)
[937.974s][info][gc             ] GC(2373) Pause Young (Allocation Failure) 277M->100M(346M) 1.463ms
[937.974s][info][gc,cpu         ] GC(2373) User=0.01s Sys=0.00s Real=0.00s
[938.250s][info][gc,start       ] GC(2374) Pause Young (Allocation Failure)
[938.253s][info][gc,heap        ] GC(2374) PSYoungGen: 174654K(179200K)->64K(168960K) Eden: 174590K(174592K)->0K(168448K) From: 64K(4608K)->64K(512K)
[938.253s][info][gc,heap        ] GC(2374) ParOldGen: 103136K(175104K)->103144K(175104K)
[938.253s][info][gc,metaspace   ] GC(2374) Metaspace: 35426K(36224K)->35426K(36224K) NonClass: 29153K(29760K)->29153K(29760K) Class: 6272K(6464K)->6272K(6464K)
[938.253s][info][gc             ] GC(2374) Pause Young (Allocation Failure) 271M->100M(336M) 2.674ms
[938.253s][info][gc,cpu         ] GC(2374) User=0.00s Sys=0.00s Real=0.01s
[938.588s][info][gc,start       ] GC(2375) Pause Young (Allocation Failure)
[938.615s][info][gc,heap        ] GC(2375) PSYoungGen: 168512K(168960K)->3584K(204800K) Eden: 168448K(168448K)->0K(201216K) From: 64K(512K)->3584K(3584K)
[938.615s][info][gc,heap        ] GC(2375) ParOldGen: 103144K(175104K)->109880K(175104K)
[938.615s][info][gc,metaspace   ] GC(2375) Metaspace: 35426K(36224K)->35426K(36224K) NonClass: 29153K(29760K)->29153K(29760K) Class: 6272K(6464K)->6272K(6464K)
[938.615s][info][gc             ] GC(2375) Pause Young (Allocation Failure) 265M->110M(371M) 27.049ms
[938.615s][info][gc,cpu         ] GC(2375) User=0.05s Sys=0.00s Real=0.03s
[938.957s][info][gc,start       ] GC(2376) Pause Young (Allocation Failure)
[939.009s][info][gc,heap        ] GC(2376) PSYoungGen: 204800K(204800K)->3584K(244736K) Eden: 201216K(201216K)->0K(241152K) From: 3584K(3584K)->3584K(3584K)
[939.009s][info][gc,heap        ] GC(2376) ParOldGen: 109880K(175104K)->127920K(175104K)
[939.009s][info][gc,metaspace   ] GC(2376) Metaspace: 35426K(36224K)->35426K(36224K) NonClass: 29153K(29760K)->29153K(29760K) Class: 6272K(6464K)->6272K(6464K)
[939.009s][info][gc             ] GC(2376) Pause Young (Allocation Failure) 307M->128M(410M) 52.143ms
[939.009s][info][gc,cpu         ] GC(2376) User=0.10s Sys=0.00s Real=0.05s
[939.418s][info][gc,start       ] GC(2377) Pause Young (Allocation Failure)
[939.478s][info][gc,heap        ] GC(2377) PSYoungGen: 244736K(244736K)->14336K(255488K) Eden: 241152K(241152K)->0K(241152K) From: 3584K(3584K)->14336K(14336K)
[939.478s][info][gc,heap        ] GC(2377) ParOldGen: 127920K(175104K)->139824K(175104K)
[939.478s][info][gc,metaspace   ] GC(2377) Metaspace: 35426K(36224K)->35426K(36224K) NonClass: 29153K(29760K)->29153K(29760K) Class: 6272K(6464K)->6272K(6464K)
[939.478s][info][gc             ] GC(2377) Pause Young (Allocation Failure) 363M->150M(420M) 60.024ms
[939.478s][info][gc,cpu         ] GC(2377) User=0.12s Sys=0.00s Real=0.06s
[939.704s][info][gc,start       ] GC(2378) Pause Young (Allocation Failure)
[939.741s][info][gc,heap        ] GC(2378) PSYoungGen: 255488K(255488K)->11744K(310272K) Eden: 241152K(241152K)->0K(288768K) From: 14336K(14336K)->11744K(21504K)
[939.741s][info][gc,heap        ] GC(2378) ParOldGen: 139824K(175104K)->140256K(175104K)
[939.741s][info][gc,metaspace   ] GC(2378) Metaspace: 35426K(36224K)->35426K(36224K) NonClass: 29153K(29760K)->29153K(29760K) Class: 6272K(6464K)->6272K(6464K)
[939.741s][info][gc             ] GC(2378) Pause Young (Allocation Failure) 386M->148M(474M) 36.725ms
[939.741s][info][gc,cpu         ] GC(2378) User=0.07s Sys=0.01s Real=0.04s
[940.257s][info][gc,start       ] GC(2379) Pause Young (Allocation Failure)
[940.259s][info][gc,heap        ] GC(2379) PSYoungGen: 300512K(310272K)->64K(310784K) Eden: 288768K(288768K)->0K(288768K) From: 11744K(21504K)->64K(22016K)
[940.259s][info][gc,heap        ] GC(2379) ParOldGen: 140256K(175104K)->140264K(175104K)
[940.259s][info][gc,metaspace   ] GC(2379) Metaspace: 35426K(36224K)->35426K(36224K) NonClass: 29153K(29760K)->29153K(29760K) Class: 6272K(6464K)->6272K(6464K)
[940.259s][info][gc             ] GC(2379) Pause Young (Allocation Failure) 430M->137M(474M) 1.817ms
[940.259s][info][gc,cpu         ] GC(2379) User=0.00s Sys=0.00s Real=0.00s
[941.209s][info][gc,start       ] GC(2380) Pause Young (Allocation Failure)
[941.210s][info][gc,heap        ] GC(2380) PSYoungGen: 288832K(310784K)->64K(310784K) Eden: 288768K(288768K)->0K(290304K) From: 64K(22016K)->64K(20480K)
[941.210s][info][gc,heap        ] GC(2380) ParOldGen: 140264K(175104K)->140272K(175104K)
[941.210s][info][gc,metaspace   ] GC(2380) Metaspace: 35426K(36224K)->35426K(36224K) NonClass: 29153K(29760K)->29153K(29760K) Class: 6272K(6464K)->6272K(6464K)
[941.210s][info][gc             ] GC(2380) Pause Young (Allocation Failure) 419M->137M(474M) 1.021ms
[941.210s][info][gc,cpu         ] GC(2380) User=0.00s Sys=0.00s Real=0.00s
[941.737s][info][gc,start       ] GC(2381) Pause Young (Allocation Failure)
[941.738s][info][gc,heap        ] GC(2381) PSYoungGen: 290368K(310784K)->64K(311296K) Eden: 290304K(290304K)->0K(290304K) From: 64K(20480K)->64K(20992K)
[941.738s][info][gc,heap        ] GC(2381) ParOldGen: 140272K(175104K)->140288K(175104K)
[941.738s][info][gc,metaspace   ] GC(2381) Metaspace: 35426K(36224K)->35426K(36224K) NonClass: 29153K(29760K)->29153K(29760K) Class: 6272K(6464K)->6272K(6464K)
[941.738s][info][gc             ] GC(2381) Pause Young (Allocation Failure) 420M->137M(475M) 1.267ms
[941.738s][info][gc,cpu         ] GC(2381) User=0.00s Sys=0.00s Real=0.00s
[941.991s][info][gc,start       ] GC(2382) Pause Young (Allocation Failure)
[941.992s][info][gc,heap        ] GC(2382) PSYoungGen: 290368K(311296K)->64K(310784K) Eden: 290304K(290304K)->0K(292352K) From: 64K(20992K)->64K(18432K)
[941.992s][info][gc,heap        ] GC(2382) ParOldGen: 140288K(175104K)->140304K(175104K)
[941.992s][info][gc,metaspace   ] GC(2382) Metaspace: 35426K(36224K)->35426K(36224K) NonClass: 29153K(29760K)->29153K(29760K) Class: 6272K(6464K)->6272K(6464K)
[941.992s][info][gc             ] GC(2382) Pause Young (Allocation Failure) 420M->137M(474M) 1.115ms
[941.992s][info][gc,cpu         ] GC(2382) User=0.00s Sys=0.00s Real=0.00s
[942.275s][info][gc,start       ] GC(2383) Pause Young (Allocation Failure)
[942.276s][info][gc,heap        ] GC(2383) PSYoungGen: 292416K(310784K)->64K(311808K) Eden: 292352K(292352K)->0K(292352K) From: 64K(18432K)->64K(19456K)
[942.276s][info][gc,heap        ] GC(2383) ParOldGen: 140304K(175104K)->140304K(175104K)
[942.276s][info][gc,metaspace   ] GC(2383) Metaspace: 35426K(36224K)->35426K(36224K) NonClass: 29153K(29760K)->29153K(29760K) Class: 6272K(6464K)->6272K(6464K)
[942.276s][info][gc             ] GC(2383) Pause Young (Allocation Failure) 422M->137M(475M) 1.091ms
[942.276s][info][gc,cpu         ] GC(2383) User=0.00s Sys=0.00s Real=0.00s
[942.877s][info][gc,start       ] GC(2384) Pause Young (Allocation Failure)
[942.878s][info][gc,heap        ] GC(2384) PSYoungGen: 292416K(311808K)->64K(311808K) Eden: 292352K(292352K)->0K(295424K) From: 64K(19456K)->64K(16384K)
[942.878s][info][gc,heap        ] GC(2384) ParOldGen: 140304K(175104K)->140304K(175104K)
[942.878s][info][gc,metaspace   ] GC(2384) Metaspace: 35426K(36224K)->35426K(36224K) NonClass: 29153K(29760K)->29153K(29760K) Class: 6272K(6464K)->6272K(6464K)
[942.878s][info][gc             ] GC(2384) Pause Young (Allocation Failure) 422M->137M(475M) 1.264ms
[942.878s][info][gc,cpu         ] GC(2384) User=0.00s Sys=0.00s Real=0.00s
[943.031s][info][gc,start       ] GC(2385) Pause Young (Allocation Failure)
[943.033s][info][gc,heap        ] GC(2385) PSYoungGen: 295488K(311808K)->64K(313344K) Eden: 295424K(295424K)->0K(295424K) From: 64K(16384K)->64K(17920K)
[943.033s][info][gc,heap        ] GC(2385) ParOldGen: 140304K(175104K)->140312K(175104K)
[943.033s][info][gc,metaspace   ] GC(2385) Metaspace: 35426K(36224K)->35426K(36224K) NonClass: 29153K(29760K)->29153K(29760K) Class: 6272K(6464K)->6272K(6464K)
[943.033s][info][gc             ] GC(2385) Pause Young (Allocation Failure) 425M->137M(477M) 1.461ms
[943.033s][info][gc,cpu         ] GC(2385) User=0.00s Sys=0.00s Real=0.00s
[943.109s][info][gc,start       ] GC(2386) Pause Young (Allocation Failure)
[943.110s][info][gc,heap        ] GC(2386) PSYoungGen: 295488K(313344K)->64K(314368K) Eden: 295424K(295424K)->0K(299008K) From: 64K(17920K)->64K(15360K)
[943.110s][info][gc,heap        ] GC(2386) ParOldGen: 140312K(175104K)->140328K(175104K)
[943.110s][info][gc,metaspace   ] GC(2386) Metaspace: 35426K(36224K)->35426K(36224K) NonClass: 29153K(29760K)->29153K(29760K) Class: 6272K(6464K)->6272K(6464K)
[943.110s][info][gc             ] GC(2386) Pause Young (Allocation Failure) 425M->137M(478M) 1.259ms
[943.110s][info][gc,cpu         ] GC(2386) User=0.00s Sys=0.00s Real=0.00s
[943.270s][info][gc,start       ] GC(2387) Pause Young (Allocation Failure)
[943.271s][info][gc,heap        ] GC(2387) PSYoungGen: 299072K(314368K)->64K(315392K) Eden: 299008K(299008K)->0K(299008K) From: 64K(15360K)->64K(16384K)
[943.271s][info][gc,heap        ] GC(2387) ParOldGen: 140328K(175104K)->140328K(175104K)
[943.271s][info][gc,metaspace   ] GC(2387) Metaspace: 35426K(36224K)->35426K(36224K) NonClass: 29153K(29760K)->29153K(29760K) Class: 6272K(6464K)->6272K(6464K)
[943.271s][info][gc             ] GC(2387) Pause Young (Allocation Failure) 429M->137M(479M) 1.133ms
[943.271s][info][gc,cpu         ] GC(2387) User=0.00s Sys=0.00s Real=0.01s
[943.527s][info][gc,start       ] GC(2388) Pause Young (Allocation Failure)
[943.528s][info][gc,heap        ] GC(2388) PSYoungGen: 299072K(315392K)->64K(315392K) Eden: 299008K(299008K)->0K(302080K) From: 64K(16384K)->64K(13312K)
[943.528s][info][gc,heap        ] GC(2388) ParOldGen: 140328K(175104K)->140336K(175104K)
[943.528s][info][gc,metaspace   ] GC(2388) Metaspace: 35426K(36224K)->35426K(36224K) NonClass: 29153K(29760K)->29153K(29760K) Class: 6272K(6464K)->6272K(6464K)
[943.528s][info][gc             ] GC(2388) Pause Young (Allocation Failure) 429M->137M(479M) 1.235ms
[943.528s][info][gc,cpu         ] GC(2388) User=0.01s Sys=0.00s Real=0.00s
[943.712s][info][gc,start       ] GC(2389) Pause Young (Allocation Failure)
[943.714s][info][gc,heap        ] GC(2389) PSYoungGen: 302144K(315392K)->64K(290816K) Eden: 302080K(302080K)->0K(290304K) From: 64K(13312K)->64K(512K)
[943.714s][info][gc,heap        ] GC(2389) ParOldGen: 140336K(175104K)->140344K(175104K)
[943.714s][info][gc,metaspace   ] GC(2389) Metaspace: 35426K(36224K)->35426K(36224K) NonClass: 29153K(29760K)->29153K(29760K) Class: 6272K(6464K)->6272K(6464K)
[943.714s][info][gc             ] GC(2389) Pause Young (Allocation Failure) 432M->137M(455M) 1.604ms
[943.714s][info][gc,cpu         ] GC(2389) User=0.00s Sys=0.00s Real=0.00s
[943.805s][info][gc,start       ] GC(2390) Pause Young (Allocation Failure)
[943.807s][info][gc,heap        ] GC(2390) PSYoungGen: 290368K(290816K)->64K(305152K) Eden: 290304K(290304K)->0K(291328K) From: 64K(512K)->64K(13824K)
[943.807s][info][gc,heap        ] GC(2390) ParOldGen: 140344K(175104K)->140360K(175104K)
[943.807s][info][gc,metaspace   ] GC(2390) Metaspace: 35426K(36224K)->35426K(36224K) NonClass: 29153K(29760K)->29153K(29760K) Class: 6272K(6464K)->6272K(6464K)
[943.807s][info][gc             ] GC(2390) Pause Young (Allocation Failure) 420M->137M(469M) 1.258ms
[943.807s][info][gc,cpu         ] GC(2390) User=0.00s Sys=0.00s Real=0.00s
[944.016s][info][gc,start       ] GC(2391) Pause Young (Allocation Failure)
[944.018s][info][gc,heap        ] GC(2391) PSYoungGen: 291392K(305152K)->64K(280576K) Eden: 291328K(291328K)->0K(280064K) From: 64K(13824K)->64K(512K)
[944.018s][info][gc,heap        ] GC(2391) ParOldGen: 140360K(175104K)->140360K(175104K)
[944.018s][info][gc,metaspace   ] GC(2391) Metaspace: 35426K(36224K)->35426K(36224K) NonClass: 29153K(29760K)->29153K(29760K) Class: 6272K(6464K)->6272K(6464K)
[944.018s][info][gc             ] GC(2391) Pause Young (Allocation Failure) 421M->137M(445M) 1.939ms
[944.018s][info][gc,cpu         ] GC(2391) User=0.00s Sys=0.00s Real=0.00s
[944.486s][info][gc,start       ] GC(2392) Pause Young (Allocation Failure)
[944.488s][info][gc,heap        ] GC(2392) PSYoungGen: 280128K(280576K)->64K(269824K) Eden: 280064K(280064K)->0K(269312K) From: 64K(512K)->64K(512K)
[944.488s][info][gc,heap        ] GC(2392) ParOldGen: 140360K(175104K)->140368K(175104K)
[944.488s][info][gc,metaspace   ] GC(2392) Metaspace: 35426K(36224K)->35426K(36224K) NonClass: 29153K(29760K)->29153K(29760K) Class: 6272K(6464K)->6272K(6464K)
[944.488s][info][gc             ] GC(2392) Pause Young (Allocation Failure) 410M->137M(434M) 2.049ms
[944.488s][info][gc,cpu         ] GC(2392) User=0.01s Sys=0.00s Real=0.00s
[945.241s][info][gc,start       ] GC(2393) Pause Young (Allocation Failure)
[945.242s][info][gc,heap        ] GC(2393) PSYoungGen: 269376K(269824K)->83K(270336K) Eden: 269312K(269312K)->0K(259072K) From: 64K(512K)->83K(11264K)
[945.242s][info][gc,heap        ] GC(2393) ParOldGen: 140368K(175104K)->140376K(175104K)
[945.242s][info][gc,metaspace   ] GC(2393) Metaspace: 35426K(36224K)->35426K(36224K) NonClass: 29153K(29760K)->29153K(29760K) Class: 6272K(6464K)->6272K(6464K)
[945.242s][info][gc             ] GC(2393) Pause Young (Allocation Failure) 400M->137M(435M) 1.198ms
[945.242s][info][gc,cpu         ] GC(2393) User=0.01s Sys=0.00s Real=0.00s
[946.382s][info][gc,start       ] GC(2394) Pause Young (Allocation Failure)
[946.384s][info][gc,heap        ] GC(2394) PSYoungGen: 259155K(270336K)->64K(249856K) Eden: 259072K(259072K)->0K(249344K) From: 83K(11264K)->64K(512K)
[946.384s][info][gc,heap        ] GC(2394) ParOldGen: 140376K(175104K)->140384K(175104K)
[946.384s][info][gc,metaspace   ] GC(2394) Metaspace: 35426K(36224K)->35426K(36224K) NonClass: 29153K(29760K)->29153K(29760K) Class: 6272K(6464K)->6272K(6464K)
[946.384s][info][gc             ] GC(2394) Pause Young (Allocation Failure) 390M->137M(415M) 1.900ms
[946.384s][info][gc,cpu         ] GC(2394) User=0.00s Sys=0.01s Real=0.00s
[946.826s][info][gc,start       ] GC(2395) Pause Young (Allocation Failure)
[946.827s][info][gc,heap        ] GC(2395) PSYoungGen: 249408K(249856K)->64K(249856K) Eden: 249344K(249344K)->0K(240128K) From: 64K(512K)->64K(9728K)
[946.827s][info][gc,heap        ] GC(2395) ParOldGen: 140384K(175104K)->140392K(175104K)
[946.827s][info][gc,metaspace   ] GC(2395) Metaspace: 35426K(36224K)->35426K(36224K) NonClass: 29153K(29760K)->29153K(29760K) Class: 6272K(6464K)->6272K(6464K)
[946.827s][info][gc             ] GC(2395) Pause Young (Allocation Failure) 380M->137M(415M) 1.368ms
[946.827s][info][gc,cpu         ] GC(2395) User=0.00s Sys=0.00s Real=0.00s
[947.394s][info][gc,start       ] GC(2396) Pause Young (Allocation Failure)
[947.397s][info][gc,heap        ] GC(2396) PSYoungGen: 240192K(249856K)->64K(231424K) Eden: 240128K(240128K)->0K(230912K) From: 64K(9728K)->64K(512K)
[947.397s][info][gc,heap        ] GC(2396) ParOldGen: 140392K(175104K)->140400K(175104K)
[947.397s][info][gc,metaspace   ] GC(2396) Metaspace: 35426K(36224K)->35426K(36224K) NonClass: 29153K(29760K)->29153K(29760K) Class: 6272K(6464K)->6272K(6464K)
[947.397s][info][gc             ] GC(2396) Pause Young (Allocation Failure) 371M->137M(397M) 2.979ms
[947.397s][info][gc,cpu         ] GC(2396) User=0.00s Sys=0.00s Real=0.00s
[948.324s][info][gc,start       ] GC(2397) Pause Young (Allocation Failure)
[948.326s][info][gc,heap        ] GC(2397) PSYoungGen: 230976K(231424K)->64K(230912K) Eden: 230912K(230912K)->0K(222208K) From: 64K(512K)->64K(8704K)
[948.326s][info][gc,heap        ] GC(2397) ParOldGen: 140400K(175104K)->140408K(175104K)
[948.326s][info][gc,metaspace   ] GC(2397) Metaspace: 35426K(36224K)->35426K(36224K) NonClass: 29153K(29760K)->29153K(29760K) Class: 6272K(6464K)->6272K(6464K)
[948.326s][info][gc             ] GC(2397) Pause Young (Allocation Failure) 362M->137M(396M) 1.228ms
[948.326s][info][gc,cpu         ] GC(2397) User=0.00s Sys=0.00s Real=0.00s
[948.699s][info][gc,start       ] GC(2398) Pause Young (Allocation Failure)
[948.702s][info][gc,heap        ] GC(2398) PSYoungGen: 222272K(230912K)->32K(214528K) Eden: 222208K(222208K)->0K(214016K) From: 64K(8704K)->32K(512K)
[948.702s][info][gc,heap        ] GC(2398) ParOldGen: 140408K(175104K)->140424K(175104K)
[948.702s][info][gc,metaspace   ] GC(2398) Metaspace: 35426K(36224K)->35426K(36224K) NonClass: 29153K(29760K)->29153K(29760K) Class: 6272K(6464K)->6272K(6464K)
[948.702s][info][gc             ] GC(2398) Pause Young (Allocation Failure) 354M->137M(380M) 2.778ms
[948.702s][info][gc,cpu         ] GC(2398) User=0.00s Sys=0.00s Real=0.01s
[948.854s][info][gc,start       ] GC(2399) Pause Young (Allocation Failure)
[948.856s][info][gc,heap        ] GC(2399) PSYoungGen: 214048K(214528K)->64K(214016K) Eden: 214016K(214016K)->0K(206336K) From: 32K(512K)->64K(7680K)
[948.856s][info][gc,heap        ] GC(2399) ParOldGen: 140424K(175104K)->140432K(175104K)
[948.856s][info][gc,metaspace   ] GC(2399) Metaspace: 35426K(36224K)->35426K(36224K) NonClass: 29153K(29760K)->29153K(29760K) Class: 6272K(6464K)->6272K(6464K)
[948.856s][info][gc             ] GC(2399) Pause Young (Allocation Failure) 346M->137M(380M) 1.406ms
[948.856s][info][gc,cpu         ] GC(2399) User=0.00s Sys=0.00s Real=0.00s
[949.020s][info][gc,start       ] GC(2400) Pause Young (Allocation Failure)
[949.023s][info][gc,heap        ] GC(2400) PSYoungGen: 206400K(214016K)->64K(199680K) Eden: 206336K(206336K)->0K(199168K) From: 64K(7680K)->64K(512K)
[949.023s][info][gc,heap        ] GC(2400) ParOldGen: 140432K(175104K)->140440K(175104K)
[949.023s][info][gc,metaspace   ] GC(2400) Metaspace: 35426K(36224K)->35426K(36224K) NonClass: 29153K(29760K)->29153K(29760K) Class: 6272K(6464K)->6272K(6464K)
[949.023s][info][gc             ] GC(2400) Pause Young (Allocation Failure) 338M->137M(366M) 2.940ms
[949.023s][info][gc,cpu         ] GC(2400) User=0.00s Sys=0.00s Real=0.01s
[949.941s][info][gc,start       ] GC(2401) Pause Young (Allocation Failure)
[949.943s][info][gc,heap        ] GC(2401) PSYoungGen: 199232K(199680K)->64K(198656K) Eden: 199168K(199168K)->0K(192000K) From: 64K(512K)->64K(6656K)
[949.943s][info][gc,heap        ] GC(2401) ParOldGen: 140440K(175104K)->140456K(175104K)
[949.943s][info][gc,metaspace   ] GC(2401) Metaspace: 35426K(36224K)->35426K(36224K) NonClass: 29153K(29760K)->29153K(29760K) Class: 6272K(6464K)->6272K(6464K)
[949.943s][info][gc             ] GC(2401) Pause Young (Allocation Failure) 331M->137M(365M) 2.342ms
[949.943s][info][gc,cpu         ] GC(2401) User=0.00s Sys=0.00s Real=0.00s
[950.195s][info][gc,start       ] GC(2402) Pause Young (Allocation Failure)
[950.198s][info][gc,heap        ] GC(2402) PSYoungGen: 192064K(198656K)->64K(185856K) Eden: 192000K(192000K)->0K(185344K) From: 64K(6656K)->64K(512K)
[950.198s][info][gc,heap        ] GC(2402) ParOldGen: 140456K(175104K)->140456K(175104K)
[950.198s][info][gc,metaspace   ] GC(2402) Metaspace: 35426K(36224K)->35426K(36224K) NonClass: 29153K(29760K)->29153K(29760K) Class: 6272K(6464K)->6272K(6464K)
[950.198s][info][gc             ] GC(2402) Pause Young (Allocation Failure) 324M->137M(352M) 2.968ms
[950.198s][info][gc,cpu         ] GC(2402) User=0.00s Sys=0.00s Real=0.00s
[950.607s][info][gc,start       ] GC(2403) Pause Young (Allocation Failure)
[950.623s][info][gc,heap        ] GC(2403) PSYoungGen: 185408K(185856K)->5632K(225792K) Eden: 185344K(185344K)->0K(220160K) From: 64K(512K)->5632K(5632K)
[950.623s][info][gc,heap        ] GC(2403) ParOldGen: 140456K(175104K)->141920K(175104K)
[950.623s][info][gc,metaspace   ] GC(2403) Metaspace: 35426K(36224K)->35426K(36224K) NonClass: 29153K(29760K)->29153K(29760K) Class: 6272K(6464K)->6272K(6464K)
[950.623s][info][gc             ] GC(2403) Pause Young (Allocation Failure) 318M->144M(391M) 16.302ms
[950.623s][info][gc,cpu         ] GC(2403) User=0.03s Sys=0.00s Real=0.02s
[950.918s][info][gc,start       ] GC(2404) Pause Young (Allocation Failure)
[950.970s][info][gc,heap        ] GC(2404) PSYoungGen: 225792K(225792K)->5632K(238592K) Eden: 220160K(220160K)->0K(232960K) From: 5632K(5632K)->5632K(5632K)
[950.970s][info][gc,heap        ] GC(2404) ParOldGen: 141920K(175104K)->159712K(175104K)
[950.970s][info][gc,metaspace   ] GC(2404) Metaspace: 35426K(36224K)->35426K(36224K) NonClass: 29153K(29760K)->29153K(29760K) Class: 6272K(6464K)->6272K(6464K)
[950.970s][info][gc             ] GC(2404) Pause Young (Allocation Failure) 359M->161M(404M) 52.324ms
[950.970s][info][gc,cpu         ] GC(2404) User=0.10s Sys=0.00s Real=0.05s
[951.286s][info][gc,start       ] GC(2405) Pause Young (Allocation Failure)
[951.350s][info][gc,heap        ] GC(2405) PSYoungGen: 238592K(238592K)->15360K(248320K) Eden: 232960K(232960K)->0K(232960K) From: 5632K(5632K)->15360K(15360K)
[951.351s][info][gc,heap        ] GC(2405) ParOldGen: 159712K(175104K)->169720K(175104K)
[951.351s][info][gc,metaspace   ] GC(2405) Metaspace: 35426K(36224K)->35426K(36224K) NonClass: 29153K(29760K)->29153K(29760K) Class: 6272K(6464K)->6272K(6464K)
[951.351s][info][gc             ] GC(2405) Pause Young (Allocation Failure) 388M->180M(413M) 64.800ms
[951.351s][info][gc,cpu         ] GC(2405) User=0.13s Sys=0.00s Real=0.06s
[951.673s][info][gc,start       ] GC(2406) Pause Young (Allocation Failure)
[951.714s][info][gc,heap        ] GC(2406) PSYoungGen: 248320K(248320K)->13760K(299520K) Eden: 232960K(232960K)->0K(277504K) From: 15360K(15360K)->13760K(22016K)
[951.714s][info][gc,heap        ] GC(2406) ParOldGen: 169720K(175104K)->170072K(175104K)
[951.714s][info][gc,metaspace   ] GC(2406) Metaspace: 35426K(36224K)->35426K(36224K) NonClass: 29153K(29760K)->29153K(29760K) Class: 6272K(6464K)->6272K(6464K)
[951.714s][info][gc             ] GC(2406) Pause Young (Allocation Failure) 408M->179M(463M) 41.059ms
[951.714s][info][gc,cpu         ] GC(2406) User=0.07s Sys=0.02s Real=0.04s
[952.112s][info][gc,start       ] GC(2407) Pause Young (Allocation Failure)
[952.114s][info][gc,heap        ] GC(2407) PSYoungGen: 291264K(299520K)->64K(301056K) Eden: 277504K(277504K)->0K(277504K) From: 13760K(22016K)->64K(23552K)
[952.114s][info][gc,heap        ] GC(2407) ParOldGen: 170072K(175104K)->170080K(175104K)
[952.114s][info][gc,metaspace   ] GC(2407) Metaspace: 35426K(36224K)->35426K(36224K) NonClass: 29153K(29760K)->29153K(29760K) Class: 6272K(6464K)->6272K(6464K)
[952.114s][info][gc             ] GC(2407) Pause Young (Allocation Failure) 450M->166M(465M) 1.452ms
[952.114s][info][gc,cpu         ] GC(2407) User=0.01s Sys=0.00s Real=0.00s
[952.930s][info][gc,start       ] GC(2408) Pause Young (Allocation Failure)
[952.931s][info][gc,heap        ] GC(2408) PSYoungGen: 277568K(301056K)->64K(307712K) Eden: 277504K(277504K)->0K(287232K) From: 64K(23552K)->64K(20480K)
[952.932s][info][gc,heap        ] GC(2408) ParOldGen: 170080K(175104K)->170088K(175104K)
[952.932s][info][gc,metaspace   ] GC(2408) Metaspace: 35426K(36224K)->35426K(36224K) NonClass: 29153K(29760K)->29153K(29760K) Class: 6272K(6464K)->6272K(6464K)
[952.932s][info][gc             ] GC(2408) Pause Young (Allocation Failure) 437M->166M(471M) 1.220ms
[952.932s][info][gc,cpu         ] GC(2408) User=0.00s Sys=0.00s Real=0.01s
[953.255s][info][gc,start       ] GC(2409) Pause Young (Allocation Failure)
[953.257s][info][gc,heap        ] GC(2409) PSYoungGen: 287296K(307712K)->64K(309248K) Eden: 287232K(287232K)->0K(287232K) From: 64K(20480K)->64K(22016K)
[953.257s][info][gc,heap        ] GC(2409) ParOldGen: 170088K(175104K)->170104K(175104K)
[953.257s][info][gc,metaspace   ] GC(2409) Metaspace: 35426K(36224K)->35426K(36224K) NonClass: 29153K(29760K)->29153K(29760K) Class: 6272K(6464K)->6272K(6464K)
[953.257s][info][gc             ] GC(2409) Pause Young (Allocation Failure) 446M->166M(473M) 1.358ms
[953.257s][info][gc,cpu         ] GC(2409) User=0.00s Sys=0.00s Real=0.00s
[953.757s][info][gc,start       ] GC(2410) Pause Young (Allocation Failure)
[953.758s][info][gc,heap        ] GC(2410) PSYoungGen: 287296K(309248K)->64K(309248K) Eden: 287232K(287232K)->0K(290304K) From: 64K(22016K)->64K(18944K)
[953.758s][info][gc,heap        ] GC(2410) ParOldGen: 170104K(175104K)->170112K(175104K)
[953.758s][info][gc,metaspace   ] GC(2410) Metaspace: 35426K(36224K)->35426K(36224K) NonClass: 29153K(29760K)->29153K(29760K) Class: 6272K(6464K)->6272K(6464K)
[953.758s][info][gc             ] GC(2410) Pause Young (Allocation Failure) 446M->166M(473M) 1.284ms
[953.759s][info][gc,cpu         ] GC(2410) User=0.00s Sys=0.00s Real=0.00s
[954.095s][info][gc,start       ] GC(2411) Pause Young (Allocation Failure)
[954.096s][info][gc,heap        ] GC(2411) PSYoungGen: 290368K(309248K)->64K(310784K) Eden: 290304K(290304K)->0K(290304K) From: 64K(18944K)->64K(20480K)
[954.096s][info][gc,heap        ] GC(2411) ParOldGen: 170112K(175104K)->170128K(175104K)
[954.096s][info][gc,metaspace   ] GC(2411) Metaspace: 35426K(36224K)->35426K(36224K) NonClass: 29153K(29760K)->29153K(29760K) Class: 6272K(6464K)->6272K(6464K)
[954.096s][info][gc             ] GC(2411) Pause Young (Allocation Failure) 449M->166M(474M) 1.308ms
[954.096s][info][gc,cpu         ] GC(2411) User=0.00s Sys=0.00s Real=0.00s
[954.493s][info][gc,start       ] GC(2412) Pause Young (Allocation Failure)
[954.494s][info][gc,heap        ] GC(2412) PSYoungGen: 290368K(310784K)->64K(311808K) Eden: 290304K(290304K)->0K(293888K) From: 64K(20480K)->64K(17920K)
[954.494s][info][gc,heap        ] GC(2412) ParOldGen: 170128K(175104K)->170128K(175104K)
[954.494s][info][gc,metaspace   ] GC(2412) Metaspace: 35426K(36224K)->35426K(36224K) NonClass: 29153K(29760K)->29153K(29760K) Class: 6272K(6464K)->6272K(6464K)
[954.494s][info][gc             ] GC(2412) Pause Young (Allocation Failure) 449M->166M(475M) 1.190ms
[954.494s][info][gc,cpu         ] GC(2412) User=0.00s Sys=0.00s Real=0.00s
[954.696s][info][gc,start       ] GC(2413) Pause Young (Allocation Failure)
[954.698s][info][gc,heap        ] GC(2413) PSYoungGen: 293952K(311808K)->64K(312832K) Eden: 293888K(293888K)->0K(293888K) From: 64K(17920K)->64K(18944K)
[954.698s][info][gc,heap        ] GC(2413) ParOldGen: 170128K(175104K)->170136K(175104K)
[954.698s][info][gc,metaspace   ] GC(2413) Metaspace: 35426K(36224K)->35426K(36224K) NonClass: 29153K(29760K)->29153K(29760K) Class: 6272K(6464K)->6272K(6464K)
[954.698s][info][gc             ] GC(2413) Pause Young (Allocation Failure) 453M->166M(476M) 1.708ms
[954.698s][info][gc,cpu         ] GC(2413) User=0.00s Sys=0.00s Real=0.00s
[954.773s][info][gc,start       ] GC(2414) Pause Young (Allocation Failure)
[954.774s][info][gc,heap        ] GC(2414) PSYoungGen: 293952K(312832K)->64K(312832K) Eden: 293888K(293888K)->0K(296960K) From: 64K(18944K)->64K(15872K)
[954.774s][info][gc,heap        ] GC(2414) ParOldGen: 170136K(175104K)->170152K(175104K)
[954.774s][info][gc,metaspace   ] GC(2414) Metaspace: 35426K(36224K)->35426K(36224K) NonClass: 29153K(29760K)->29153K(29760K) Class: 6272K(6464K)->6272K(6464K)
[954.774s][info][gc             ] GC(2414) Pause Young (Allocation Failure) 453M->166M(476M) 1.251ms
[954.774s][info][gc,cpu         ] GC(2414) User=0.00s Sys=0.00s Real=0.00s
[954.884s][info][gc,start       ] GC(2415) Pause Young (Allocation Failure)
[954.886s][info][gc,heap        ] GC(2415) PSYoungGen: 297024K(312832K)->64K(313856K) Eden: 296960K(296960K)->0K(296960K) From: 64K(15872K)->64K(16896K)
[954.886s][info][gc,heap        ] GC(2415) ParOldGen: 170152K(175104K)->170152K(175104K)
[954.886s][info][gc,metaspace   ] GC(2415) Metaspace: 35426K(36224K)->35426K(36224K) NonClass: 29153K(29760K)->29153K(29760K) Class: 6272K(6464K)->6272K(6464K)
[954.886s][info][gc             ] GC(2415) Pause Young (Allocation Failure) 456M->166M(477M) 1.390ms
[954.886s][info][gc,cpu         ] GC(2415) User=0.00s Sys=0.00s Real=0.00s
[955.142s][info][gc,start       ] GC(2416) Pause Young (Allocation Failure)
[955.143s][info][gc,heap        ] GC(2416) PSYoungGen: 297024K(313856K)->64K(314880K) Eden: 296960K(296960K)->0K(301056K) From: 64K(16896K)->64K(13824K)
[955.143s][info][gc,heap        ] GC(2416) ParOldGen: 170152K(175104K)->170168K(175104K)
[955.143s][info][gc,metaspace   ] GC(2416) Metaspace: 35426K(36224K)->35426K(36224K) NonClass: 29153K(29760K)->29153K(29760K) Class: 6272K(6464K)->6272K(6464K)
[955.143s][info][gc             ] GC(2416) Pause Young (Allocation Failure) 456M->166M(478M) 1.296ms
[955.143s][info][gc,cpu         ] GC(2416) User=0.01s Sys=0.00s Real=0.00s
[955.363s][info][gc,start       ] GC(2417) Pause Young (Allocation Failure)
[955.364s][info][gc,heap        ] GC(2417) PSYoungGen: 301120K(314880K)->64K(315904K) Eden: 301056K(301056K)->0K(301056K) From: 64K(13824K)->64K(14848K)
[955.365s][info][gc,heap        ] GC(2417) ParOldGen: 170168K(175104K)->170168K(175104K)
[955.365s][info][gc,metaspace   ] GC(2417) Metaspace: 35426K(36224K)->35426K(36224K) NonClass: 29153K(29760K)->29153K(29760K) Class: 6272K(6464K)->6272K(6464K)
[955.365s][info][gc             ] GC(2417) Pause Young (Allocation Failure) 460M->166M(479M) 1.409ms
[955.365s][info][gc,cpu         ] GC(2417) User=0.01s Sys=0.00s Real=0.00s
[955.457s][info][gc,start       ] GC(2418) Pause Young (Allocation Failure)
[955.459s][info][gc,heap        ] GC(2418) PSYoungGen: 301120K(315904K)->32K(316416K) Eden: 301056K(301056K)->0K(304640K) From: 64K(14848K)->32K(11776K)
[955.459s][info][gc,heap        ] GC(2418) ParOldGen: 170168K(175104K)->170176K(175104K)
[955.459s][info][gc,metaspace   ] GC(2418) Metaspace: 35426K(36224K)->35426K(36224K) NonClass: 29153K(29760K)->29153K(29760K) Class: 6272K(6464K)->6272K(6464K)
[955.459s][info][gc             ] GC(2418) Pause Young (Allocation Failure) 460M->166M(480M) 2.098ms
[955.459s][info][gc,cpu         ] GC(2418) User=0.00s Sys=0.00s Real=0.00s
[955.622s][info][gc,start       ] GC(2419) Pause Young (Allocation Failure)
[955.623s][info][gc,heap        ] GC(2419) PSYoungGen: 304672K(316416K)->32K(317952K) Eden: 304640K(304640K)->0K(304640K) From: 32K(11776K)->32K(13312K)
[955.623s][info][gc,heap        ] GC(2419) ParOldGen: 170176K(175104K)->170176K(175104K)
[955.623s][info][gc,metaspace   ] GC(2419) Metaspace: 35426K(36224K)->35426K(36224K) NonClass: 29153K(29760K)->29153K(29760K) Class: 6272K(6464K)->6272K(6464K)
[955.623s][info][gc             ] GC(2419) Pause Young (Allocation Failure) 463M->166M(481M) 1.590ms
[955.624s][info][gc,cpu         ] GC(2419) User=0.00s Sys=0.00s Real=0.00s
[956.084s][info][gc,start       ] GC(2420) Pause Young (Allocation Failure)
[956.086s][info][gc,heap        ] GC(2420) PSYoungGen: 304672K(317952K)->64K(292864K) Eden: 304640K(304640K)->0K(292352K) From: 32K(13312K)->64K(512K)
[956.086s][info][gc,heap        ] GC(2420) ParOldGen: 170176K(175104K)->170184K(175104K)
[956.086s][info][gc,metaspace   ] GC(2420) Metaspace: 35426K(36224K)->35426K(36224K) NonClass: 29153K(29760K)->29153K(29760K) Class: 6272K(6464K)->6272K(6464K)
[956.086s][info][gc             ] GC(2420) Pause Young (Allocation Failure) 463M->166M(457M) 1.379ms
[956.086s][info][gc,cpu         ] GC(2420) User=0.00s Sys=0.00s Real=0.00s
[956.990s][info][gc,start       ] GC(2421) Pause Young (Allocation Failure)
[956.991s][info][gc,heap        ] GC(2421) PSYoungGen: 292416K(292864K)->64K(292864K) Eden: 292352K(292352K)->0K(281088K) From: 64K(512K)->64K(11776K)
[956.991s][info][gc,heap        ] GC(2421) ParOldGen: 170184K(175104K)->170192K(175104K)
[956.991s][info][gc,metaspace   ] GC(2421) Metaspace: 35426K(36224K)->35426K(36224K) NonClass: 29153K(29760K)->29153K(29760K) Class: 6272K(6464K)->6272K(6464K)
[956.992s][info][gc             ] GC(2421) Pause Young (Allocation Failure) 451M->166M(457M) 1.151ms
[956.992s][info][gc,cpu         ] GC(2421) User=0.00s Sys=0.00s Real=0.01s
[958.008s][info][gc,start       ] GC(2422) Pause Young (Allocation Failure)
[958.009s][info][gc,heap        ] GC(2422) PSYoungGen: 281152K(292864K)->64K(270848K) Eden: 281088K(281088K)->0K(270336K) From: 64K(11776K)->64K(512K)
[958.009s][info][gc,heap        ] GC(2422) ParOldGen: 170192K(175104K)->170200K(175104K)
[958.009s][info][gc,metaspace   ] GC(2422) Metaspace: 35426K(36224K)->35426K(36224K) NonClass: 29153K(29760K)->29153K(29760K) Class: 6272K(6464K)->6272K(6464K)
[958.009s][info][gc             ] GC(2422) Pause Young (Allocation Failure) 440M->166M(435M) 1.732ms
[958.009s][info][gc,cpu         ] GC(2422) User=0.01s Sys=0.00s Real=0.00s
[958.667s][info][gc,start       ] GC(2423) Pause Young (Allocation Failure)
[958.669s][info][gc,heap        ] GC(2423) PSYoungGen: 270400K(270848K)->64K(270336K) Eden: 270336K(270336K)->0K(260096K) From: 64K(512K)->64K(10240K)
[958.669s][info][gc,heap        ] GC(2423) ParOldGen: 170200K(175104K)->170208K(175104K)
[958.669s][info][gc,metaspace   ] GC(2423) Metaspace: 35426K(36224K)->35426K(36224K) NonClass: 29153K(29760K)->29153K(29760K) Class: 6272K(6464K)->6272K(6464K)
[958.669s][info][gc             ] GC(2423) Pause Young (Allocation Failure) 430M->166M(435M) 1.357ms
[958.669s][info][gc,cpu         ] GC(2423) User=0.00s Sys=0.00s Real=0.00s
[959.857s][info][gc,start       ] GC(2424) Pause Young (Allocation Failure)
[959.861s][info][gc,heap        ] GC(2424) PSYoungGen: 260160K(270336K)->64K(250880K) Eden: 260096K(260096K)->0K(250368K) From: 64K(10240K)->64K(512K)
[959.861s][info][gc,heap        ] GC(2424) ParOldGen: 170208K(175104K)->170216K(175104K)
[959.861s][info][gc,metaspace   ] GC(2424) Metaspace: 35426K(36224K)->35426K(36224K) NonClass: 29153K(29760K)->29153K(29760K) Class: 6272K(6464K)->6272K(6464K)
[959.861s][info][gc             ] GC(2424) Pause Young (Allocation Failure) 420M->166M(416M) 3.592ms
[959.861s][info][gc,cpu         ] GC(2424) User=0.00s Sys=0.00s Real=0.01s
[960.311s][info][gc,start       ] GC(2425) Pause Young (Allocation Failure)
[960.313s][info][gc,heap        ] GC(2425) PSYoungGen: 250432K(250880K)->64K(249856K) Eden: 250368K(250368K)->0K(240640K) From: 64K(512K)->64K(9216K)
[960.314s][info][gc,heap        ] GC(2425) ParOldGen: 170216K(175104K)->170224K(175104K)
[960.314s][info][gc,metaspace   ] GC(2425) Metaspace: 35426K(36224K)->35426K(36224K) NonClass: 29153K(29760K)->29153K(29760K) Class: 6272K(6464K)->6272K(6464K)
[960.314s][info][gc             ] GC(2425) Pause Young (Allocation Failure) 410M->166M(415M) 2.436ms
[960.314s][info][gc,cpu         ] GC(2425) User=0.00s Sys=0.00s Real=0.00s
[960.543s][info][gc,start       ] GC(2426) Pause Young (Allocation Failure)
[960.545s][info][gc,heap        ] GC(2426) PSYoungGen: 240704K(249856K)->64K(231936K) Eden: 240640K(240640K)->0K(231424K) From: 64K(9216K)->64K(512K)
[960.545s][info][gc,heap        ] GC(2426) ParOldGen: 170224K(175104K)->170232K(175104K)
[960.545s][info][gc,metaspace   ] GC(2426) Metaspace: 35426K(36224K)->35426K(36224K) NonClass: 29153K(29760K)->29153K(29760K) Class: 6272K(6464K)->6272K(6464K)
[960.545s][info][gc             ] GC(2426) Pause Young (Allocation Failure) 401M->166M(397M) 2.550ms
[960.546s][info][gc,cpu         ] GC(2426) User=0.01s Sys=0.00s Real=0.00s
[960.627s][info][gc,start       ] GC(2427) Pause Young (Allocation Failure)
[960.629s][info][gc,heap        ] GC(2427) PSYoungGen: 231488K(231936K)->64K(230400K) Eden: 231424K(231424K)->0K(222720K) From: 64K(512K)->64K(7680K)
[960.629s][info][gc,heap        ] GC(2427) ParOldGen: 170232K(175104K)->170240K(175104K)
[960.629s][info][gc,metaspace   ] GC(2427) Metaspace: 35426K(36224K)->35426K(36224K) NonClass: 29153K(29760K)->29153K(29760K) Class: 6272K(6464K)->6272K(6464K)
[960.629s][info][gc             ] GC(2427) Pause Young (Allocation Failure) 392M->166M(396M) 1.810ms
[960.629s][info][gc,cpu         ] GC(2427) User=0.00s Sys=0.00s Real=0.00s
[961.163s][info][gc,start       ] GC(2428) Pause Young (Allocation Failure)
[961.166s][info][gc,heap        ] GC(2428) PSYoungGen: 222784K(230400K)->64K(215040K) Eden: 222720K(222720K)->0K(214528K) From: 64K(7680K)->64K(512K)
[961.166s][info][gc,heap        ] GC(2428) ParOldGen: 170240K(175104K)->170256K(175104K)
[961.166s][info][gc,metaspace   ] GC(2428) Metaspace: 35426K(36224K)->35426K(36224K) NonClass: 29153K(29760K)->29153K(29760K) Class: 6272K(6464K)->6272K(6464K)
[961.167s][info][gc             ] GC(2428) Pause Young (Allocation Failure) 383M->166M(381M) 3.341ms
[961.167s][info][gc,cpu         ] GC(2428) User=0.00s Sys=0.00s Real=0.00s
[961.471s][info][gc,start       ] GC(2429) Pause Young (Allocation Failure)
[961.473s][info][gc,heap        ] GC(2429) PSYoungGen: 214592K(215040K)->64K(213504K) Eden: 214528K(214528K)->0K(206848K) From: 64K(512K)->64K(6656K)
[961.473s][info][gc,heap        ] GC(2429) ParOldGen: 170256K(175104K)->170264K(175104K)
[961.473s][info][gc,metaspace   ] GC(2429) Metaspace: 35426K(36224K)->35426K(36224K) NonClass: 29153K(29760K)->29153K(29760K) Class: 6272K(6464K)->6272K(6464K)
[961.473s][info][gc             ] GC(2429) Pause Young (Allocation Failure) 375M->166M(379M) 1.947ms
[961.473s][info][gc,cpu         ] GC(2429) User=0.01s Sys=0.00s Real=0.00s
[961.906s][info][gc,start       ] GC(2430) Pause Young (Allocation Failure)
[961.933s][info][gc,heap        ] GC(2430) PSYoungGen: 206912K(213504K)->5280K(251904K) Eden: 206848K(206848K)->0K(246272K) From: 64K(6656K)->5280K(5632K)
[961.933s][info][gc,heap        ] GC(2430) ParOldGen: 170264K(175104K)->170280K(175104K)
[961.933s][info][gc,metaspace   ] GC(2430) Metaspace: 35426K(36224K)->35426K(36224K) NonClass: 29153K(29760K)->29153K(29760K) Class: 6272K(6464K)->6272K(6464K)
[961.933s][info][gc             ] GC(2430) Pause Young (Allocation Failure) 368M->171M(417M) 26.939ms
[961.933s][info][gc,cpu         ] GC(2430) User=0.02s Sys=0.00s Real=0.03s
[962.300s][info][gc,start       ] GC(2431) Pause Young (Allocation Failure)
[962.374s][info][gc,heap        ] GC(2431) PSYoungGen: 251552K(251904K)->7680K(279040K) Eden: 246272K(246272K)->0K(271360K) From: 5280K(5632K)->7680K(7680K)
[962.374s][info][gc,heap        ] GC(2431) ParOldGen: 170280K(175104K)->188744K(188928K)
[962.374s][info][gc,metaspace   ] GC(2431) Metaspace: 35426K(36224K)->35426K(36224K) NonClass: 29153K(29760K)->29153K(29760K) Class: 6272K(6464K)->6272K(6464K)
[962.374s][info][gc             ] GC(2431) Pause Young (Allocation Failure) 411M->191M(457M) 74.086ms
[962.374s][info][gc,cpu         ] GC(2431) User=0.12s Sys=0.02s Real=0.08s
[962.755s][info][gc,start       ] GC(2432) Pause Young (Allocation Failure)
[962.845s][info][gc,heap        ] GC(2432) PSYoungGen: 279040K(279040K)->15872K(300544K) Eden: 271360K(271360K)->0K(284672K) From: 7680K(7680K)->15872K(15872K)
[962.845s][info][gc,heap        ] GC(2432) ParOldGen: 188744K(188928K)->202344K(202752K)
[962.845s][info][gc,metaspace   ] GC(2432) Metaspace: 35426K(36224K)->35426K(36224K) NonClass: 29153K(29760K)->29153K(29760K) Class: 6272K(6464K)->6272K(6464K)
[962.845s][info][gc             ] GC(2432) Pause Young (Allocation Failure) 456M->213M(491M) 90.367ms
[962.845s][info][gc,cpu         ] GC(2432) User=0.16s Sys=0.02s Real=0.09s
[963.035s][info][gc,start       ] GC(2433) Pause Young (Allocation Failure)
[963.072s][info][gc,heap        ] GC(2433) PSYoungGen: 300544K(300544K)->8800K(309248K) Eden: 284672K(284672K)->0K(284672K) From: 15872K(15872K)->8800K(24576K)
[963.072s][info][gc,heap        ] GC(2433) ParOldGen: 202344K(202752K)->202840K(203264K)
[963.072s][info][gc,metaspace   ] GC(2433) Metaspace: 35426K(36224K)->35426K(36224K) NonClass: 29153K(29760K)->29153K(29760K) Class: 6272K(6464K)->6272K(6464K)
[963.072s][info][gc             ] GC(2433) Pause Young (Allocation Failure) 491M->206M(500M) 36.903ms
[963.072s][info][gc,cpu         ] GC(2433) User=0.06s Sys=0.01s Real=0.04s
[963.763s][info][gc,start       ] GC(2434) Pause Young (Allocation Failure)
[963.765s][info][gc,heap        ] GC(2434) PSYoungGen: 293472K(309248K)->32K(307200K) Eden: 284672K(284672K)->0K(285696K) From: 8800K(24576K)->32K(21504K)
[963.765s][info][gc,heap        ] GC(2434) ParOldGen: 202840K(203264K)->202856K(203264K)
[963.765s][info][gc,metaspace   ] GC(2434) Metaspace: 35426K(36224K)->35426K(36224K) NonClass: 29153K(29760K)->29153K(29760K) Class: 6272K(6464K)->6272K(6464K)
[963.765s][info][gc             ] GC(2434) Pause Young (Allocation Failure) 484M->198M(498M) 1.730ms
[963.765s][info][gc,cpu         ] GC(2434) User=0.00s Sys=0.00s Real=0.00s
[964.402s][info][gc,start       ] GC(2435) Pause Young (Allocation Failure)
[964.403s][info][gc,heap        ] GC(2435) PSYoungGen: 285728K(307200K)->64K(308736K) Eden: 285696K(285696K)->0K(285696K) From: 32K(21504K)->64K(23040K)
[964.403s][info][gc,heap        ] GC(2435) ParOldGen: 202856K(203264K)->202872K(203264K)
[964.403s][info][gc,metaspace   ] GC(2435) Metaspace: 35426K(36224K)->35426K(36224K) NonClass: 29153K(29760K)->29153K(29760K) Class: 6272K(6464K)->6272K(6464K)
[964.403s][info][gc             ] GC(2435) Pause Young (Allocation Failure) 477M->198M(500M) 1.313ms
[964.403s][info][gc,cpu         ] GC(2435) User=0.00s Sys=0.00s Real=0.00s
[964.890s][info][gc,start       ] GC(2436) Pause Young (Allocation Failure)
[964.892s][info][gc,heap        ] GC(2436) PSYoungGen: 285760K(308736K)->64K(308224K) Eden: 285696K(285696K)->0K(288256K) From: 64K(23040K)->64K(19968K)
[964.892s][info][gc,heap        ] GC(2436) ParOldGen: 202872K(203264K)->202888K(203264K)
[964.892s][info][gc,metaspace   ] GC(2436) Metaspace: 35426K(36224K)->35426K(36224K) NonClass: 29153K(29760K)->29153K(29760K) Class: 6272K(6464K)->6272K(6464K)
[964.892s][info][gc             ] GC(2436) Pause Young (Allocation Failure) 477M->198M(499M) 1.416ms
[964.892s][info][gc,cpu         ] GC(2436) User=0.00s Sys=0.00s Real=0.01s
[965.142s][info][gc,start       ] GC(2437) Pause Young (Allocation Failure)
[965.143s][info][gc,heap        ] GC(2437) PSYoungGen: 288320K(308224K)->64K(309760K) Eden: 288256K(288256K)->0K(288256K) From: 64K(19968K)->64K(21504K)
[965.143s][info][gc,heap        ] GC(2437) ParOldGen: 202888K(203264K)->202904K(203264K)
[965.143s][info][gc,metaspace   ] GC(2437) Metaspace: 35426K(36224K)->35426K(36224K) NonClass: 29153K(29760K)->29153K(29760K) Class: 6272K(6464K)->6272K(6464K)
[965.143s][info][gc             ] GC(2437) Pause Young (Allocation Failure) 479M->198M(501M) 1.383ms
[965.143s][info][gc,cpu         ] GC(2437) User=0.00s Sys=0.00s Real=0.00s
[965.393s][info][gc,start       ] GC(2438) Pause Young (Allocation Failure)
[965.395s][info][gc,heap        ] GC(2438) PSYoungGen: 288320K(309760K)->64K(310784K) Eden: 288256K(288256K)->0K(291840K) From: 64K(21504K)->64K(18944K)
[965.395s][info][gc,heap        ] GC(2438) ParOldGen: 202904K(203264K)->202904K(203264K)
[965.395s][info][gc,metaspace   ] GC(2438) Metaspace: 35426K(36224K)->35426K(36224K) NonClass: 29153K(29760K)->29153K(29760K) Class: 6272K(6464K)->6272K(6464K)
[965.395s][info][gc             ] GC(2438) Pause Young (Allocation Failure) 479M->198M(502M) 1.360ms
[965.395s][info][gc,cpu         ] GC(2438) User=0.00s Sys=0.00s Real=0.00s
[965.957s][info][gc,start       ] GC(2439) Pause Young (Allocation Failure)
[965.958s][info][gc,heap        ] GC(2439) PSYoungGen: 291904K(310784K)->64K(311808K) Eden: 291840K(291840K)->0K(291840K) From: 64K(18944K)->64K(19968K)
[965.958s][info][gc,heap        ] GC(2439) ParOldGen: 202904K(203264K)->202904K(203264K)
[965.958s][info][gc,metaspace   ] GC(2439) Metaspace: 35426K(36224K)->35426K(36224K) NonClass: 29153K(29760K)->29153K(29760K) Class: 6272K(6464K)->6272K(6464K)
[965.958s][info][gc             ] GC(2439) Pause Young (Allocation Failure) 483M->198M(503M) 1.322ms
[965.958s][info][gc,cpu         ] GC(2439) User=0.00s Sys=0.00s Real=0.00s
[966.074s][info][gc,start       ] GC(2440) Pause Young (Allocation Failure)
[966.076s][info][gc,heap        ] GC(2440) PSYoungGen: 291904K(311808K)->64K(311808K) Eden: 291840K(291840K)->0K(294912K) From: 64K(19968K)->64K(16896K)
[966.076s][info][gc,heap        ] GC(2440) ParOldGen: 202904K(203264K)->202912K(203264K)
[966.076s][info][gc,metaspace   ] GC(2440) Metaspace: 35426K(36224K)->35426K(36224K) NonClass: 29153K(29760K)->29153K(29760K) Class: 6272K(6464K)->6272K(6464K)
[966.076s][info][gc             ] GC(2440) Pause Young (Allocation Failure) 483M->198M(503M) 1.690ms
[966.076s][info][gc,cpu         ] GC(2440) User=0.00s Sys=0.00s Real=0.00s
[966.162s][info][gc,start       ] GC(2441) Pause Young (Allocation Failure)
[966.163s][info][gc,heap        ] GC(2441) PSYoungGen: 294976K(311808K)->64K(312832K) Eden: 294912K(294912K)->0K(294912K) From: 64K(16896K)->64K(17920K)
[966.163s][info][gc,heap        ] GC(2441) ParOldGen: 202912K(203264K)->202928K(203264K)
[966.163s][info][gc,metaspace   ] GC(2441) Metaspace: 35426K(36224K)->35426K(36224K) NonClass: 29153K(29760K)->29153K(29760K) Class: 6272K(6464K)->6272K(6464K)
[966.163s][info][gc             ] GC(2441) Pause Young (Allocation Failure) 486M->198M(504M) 1.364ms
[966.163s][info][gc,cpu         ] GC(2441) User=0.00s Sys=0.00s Real=0.00s
[966.362s][info][gc,start       ] GC(2442) Pause Young (Allocation Failure)
[966.363s][info][gc,heap        ] GC(2442) PSYoungGen: 294976K(312832K)->64K(313856K) Eden: 294912K(294912K)->0K(299008K) From: 64K(17920K)->64K(14848K)
[966.363s][info][gc,heap        ] GC(2442) ParOldGen: 202928K(203264K)->202928K(203264K)
[966.363s][info][gc,metaspace   ] GC(2442) Metaspace: 35426K(36224K)->35426K(36224K) NonClass: 29153K(29760K)->29153K(29760K) Class: 6272K(6464K)->6272K(6464K)
[966.363s][info][gc             ] GC(2442) Pause Young (Allocation Failure) 486M->198M(505M) 1.342ms
[966.363s][info][gc,cpu         ] GC(2442) User=0.00s Sys=0.00s Real=0.00s
[966.760s][info][gc,start       ] GC(2443) Pause Young (Allocation Failure)
[966.761s][info][gc,heap        ] GC(2443) PSYoungGen: 299072K(313856K)->64K(314880K) Eden: 299008K(299008K)->0K(299008K) From: 64K(14848K)->64K(15872K)
[966.761s][info][gc,heap        ] GC(2443) ParOldGen: 202928K(203264K)->202936K(203264K)
[966.761s][info][gc,metaspace   ] GC(2443) Metaspace: 35426K(36224K)->35426K(36224K) NonClass: 29153K(29760K)->29153K(29760K) Class: 6272K(6464K)->6272K(6464K)
[966.762s][info][gc             ] GC(2443) Pause Young (Allocation Failure) 490M->198M(506M) 1.556ms
[966.762s][info][gc,cpu         ] GC(2443) User=0.01s Sys=0.00s Real=0.01s
[966.967s][info][gc,start       ] GC(2444) Pause Young (Allocation Failure)
[966.969s][info][gc,heap        ] GC(2444) PSYoungGen: 299072K(314880K)->64K(315392K) Eden: 299008K(299008K)->0K(302592K) From: 64K(15872K)->64K(12800K)
[966.969s][info][gc,heap        ] GC(2444) ParOldGen: 202936K(203264K)->202944K(203264K)
[966.969s][info][gc,metaspace   ] GC(2444) Metaspace: 35434K(36224K)->35434K(36224K) NonClass: 29162K(29760K)->29162K(29760K) Class: 6272K(6464K)->6272K(6464K)
[966.969s][info][gc             ] GC(2444) Pause Young (Allocation Failure) 490M->198M(506M) 1.623ms
[966.969s][info][gc,cpu         ] GC(2444) User=0.00s Sys=0.00s Real=0.00s
[967.080s][info][gc,start       ] GC(2445) Pause Young (Allocation Failure)
[967.081s][info][gc,heap        ] GC(2445) PSYoungGen: 302656K(315392K)->64K(316928K) Eden: 302592K(302592K)->0K(302592K) From: 64K(12800K)->64K(14336K)
[967.081s][info][gc,heap        ] GC(2445) ParOldGen: 202944K(203264K)->202952K(203264K)
[967.081s][info][gc,metaspace   ] GC(2445) Metaspace: 35434K(36224K)->35434K(36224K) NonClass: 29162K(29760K)->29162K(29760K) Class: 6272K(6464K)->6272K(6464K)
[967.081s][info][gc             ] GC(2445) Pause Young (Allocation Failure) 493M->198M(508M) 1.257ms
[967.081s][info][gc,cpu         ] GC(2445) User=0.00s Sys=0.00s Real=0.01s
[967.286s][info][gc,start       ] GC(2446) Pause Young (Allocation Failure)
[967.287s][info][gc,heap        ] GC(2446) PSYoungGen: 302656K(316928K)->64K(291328K) Eden: 302592K(302592K)->0K(290816K) From: 64K(14336K)->64K(512K)
[967.287s][info][gc,heap        ] GC(2446) ParOldGen: 202952K(203264K)->202960K(203264K)
[967.287s][info][gc,metaspace   ] GC(2446) Metaspace: 35434K(36224K)->35434K(36224K) NonClass: 29162K(29760K)->29162K(29760K) Class: 6272K(6464K)->6272K(6464K)
[967.288s][info][gc             ] GC(2446) Pause Young (Allocation Failure) 493M->198M(483M) 1.745ms
[967.288s][info][gc,cpu         ] GC(2446) User=0.00s Sys=0.00s Real=0.00s
[968.504s][info][gc,start       ] GC(2447) Pause Young (Allocation Failure)
[968.506s][info][gc,heap        ] GC(2447) PSYoungGen: 290880K(291328K)->83K(292352K) Eden: 290816K(290816K)->0K(279552K) From: 64K(512K)->83K(12800K)
[968.506s][info][gc,heap        ] GC(2447) ParOldGen: 202960K(203264K)->202968K(203264K)
[968.506s][info][gc,metaspace   ] GC(2447) Metaspace: 35434K(36224K)->35434K(36224K) NonClass: 29162K(29760K)->29162K(29760K) Class: 6272K(6464K)->6272K(6464K)
[968.506s][info][gc             ] GC(2447) Pause Young (Allocation Failure) 482M->198M(484M) 1.593ms
[968.506s][info][gc,cpu         ] GC(2447) User=0.01s Sys=0.00s Real=0.00s
[969.522s][info][gc,start       ] GC(2448) Pause Young (Allocation Failure)
[969.524s][info][gc,heap        ] GC(2448) PSYoungGen: 279635K(292352K)->64K(269312K) Eden: 279552K(279552K)->0K(268800K) From: 83K(12800K)->64K(512K)
[969.524s][info][gc,heap        ] GC(2448) ParOldGen: 202968K(203264K)->202976K(203264K)
[969.524s][info][gc,metaspace   ] GC(2448) Metaspace: 35434K(36224K)->35434K(36224K) NonClass: 29162K(29760K)->29162K(29760K) Class: 6272K(6464K)->6272K(6464K)
[969.524s][info][gc             ] GC(2448) Pause Young (Allocation Failure) 471M->198M(461M) 2.208ms
[969.524s][info][gc,cpu         ] GC(2448) User=0.01s Sys=0.00s Real=0.00s
[969.777s][info][gc,start       ] GC(2449) Pause Young (Allocation Failure)
[969.779s][info][gc,heap        ] GC(2449) PSYoungGen: 268864K(269312K)->64K(269824K) Eden: 268800K(268800K)->0K(258560K) From: 64K(512K)->64K(11264K)
[969.779s][info][gc,heap        ] GC(2449) ParOldGen: 202976K(203264K)->202984K(203264K)
[969.779s][info][gc,metaspace   ] GC(2449) Metaspace: 35434K(36224K)->35434K(36224K) NonClass: 29162K(29760K)->29162K(29760K) Class: 6272K(6464K)->6272K(6464K)
[969.779s][info][gc             ] GC(2449) Pause Young (Allocation Failure) 460M->198M(462M) 1.501ms
[969.779s][info][gc,cpu         ] GC(2449) User=0.00s Sys=0.00s Real=0.00s
[970.251s][info][gc,start       ] GC(2450) Pause Young (Allocation Failure)
[970.252s][info][gc,heap        ] GC(2450) PSYoungGen: 258624K(269824K)->64K(249344K) Eden: 258560K(258560K)->0K(248832K) From: 64K(11264K)->64K(512K)
[970.252s][info][gc,heap        ] GC(2450) ParOldGen: 202984K(203264K)->202992K(203264K)
[970.252s][info][gc,metaspace   ] GC(2450) Metaspace: 35434K(36224K)->35434K(36224K) NonClass: 29162K(29760K)->29162K(29760K) Class: 6272K(6464K)->6272K(6464K)
[970.252s][info][gc             ] GC(2450) Pause Young (Allocation Failure) 450M->198M(442M) 1.811ms
[970.252s][info][gc,cpu         ] GC(2450) User=0.00s Sys=0.00s Real=0.01s
[971.567s][info][gc,start       ] GC(2451) Pause Young (Allocation Failure)
[971.568s][info][gc,heap        ] GC(2451) PSYoungGen: 248896K(249344K)->64K(249344K) Eden: 248832K(248832K)->0K(239616K) From: 64K(512K)->64K(9728K)
[971.568s][info][gc,heap        ] GC(2451) ParOldGen: 202992K(203264K)->203000K(203264K)
[971.568s][info][gc,metaspace   ] GC(2451) Metaspace: 35434K(36224K)->35434K(36224K) NonClass: 29162K(29760K)->29162K(29760K) Class: 6272K(6464K)->6272K(6464K)
[971.568s][info][gc             ] GC(2451) Pause Young (Allocation Failure) 441M->198M(442M) 1.535ms
[971.568s][info][gc,cpu         ] GC(2451) User=0.00s Sys=0.00s Real=0.00s
[972.018s][info][gc,start       ] GC(2452) Pause Young (Allocation Failure)
[972.020s][info][gc,heap        ] GC(2452) PSYoungGen: 239680K(249344K)->64K(230912K) Eden: 239616K(239616K)->0K(230400K) From: 64K(9728K)->64K(512K)
[972.020s][info][gc,heap        ] GC(2452) ParOldGen: 203000K(203264K)->203008K(203264K)
[972.020s][info][gc,metaspace   ] GC(2452) Metaspace: 35434K(36224K)->35434K(36224K) NonClass: 29162K(29760K)->29162K(29760K) Class: 6272K(6464K)->6272K(6464K)
[972.020s][info][gc             ] GC(2452) Pause Young (Allocation Failure) 432M->198M(424M) 2.547ms
[972.020s][info][gc,cpu         ] GC(2452) User=0.00s Sys=0.00s Real=0.00s
[972.231s][info][gc,start       ] GC(2453) Pause Young (Allocation Failure)
[972.233s][info][gc,heap        ] GC(2453) PSYoungGen: 230464K(230912K)->64K(229888K) Eden: 230400K(230400K)->0K(221696K) From: 64K(512K)->64K(8192K)
[972.233s][info][gc,heap        ] GC(2453) ParOldGen: 203008K(203264K)->203016K(203264K)
[972.233s][info][gc,metaspace   ] GC(2453) Metaspace: 35434K(36224K)->35434K(36224K) NonClass: 29162K(29760K)->29162K(29760K) Class: 6272K(6464K)->6272K(6464K)
[972.233s][info][gc             ] GC(2453) Pause Young (Allocation Failure) 423M->198M(423M) 1.783ms
[972.233s][info][gc,cpu         ] GC(2453) User=0.00s Sys=0.00s Real=0.00s
[972.321s][info][gc,start       ] GC(2454) Pause Young (Allocation Failure)
[972.323s][info][gc,heap        ] GC(2454) PSYoungGen: 221760K(229888K)->64K(214016K) Eden: 221696K(221696K)->0K(213504K) From: 64K(8192K)->64K(512K)
[972.323s][info][gc,heap        ] GC(2454) ParOldGen: 203016K(203264K)->203024K(203264K)
[972.323s][info][gc,metaspace   ] GC(2454) Metaspace: 35434K(36224K)->35434K(36224K) NonClass: 29162K(29760K)->29162K(29760K) Class: 6272K(6464K)->6272K(6464K)
[972.323s][info][gc             ] GC(2454) Pause Young (Allocation Failure) 414M->198M(407M) 2.183ms
[972.323s][info][gc,cpu         ] GC(2454) User=0.00s Sys=0.00s Real=0.01s
[972.875s][info][gc,start       ] GC(2455) Pause Young (Allocation Failure)
[972.876s][info][gc,heap        ] GC(2455) PSYoungGen: 213568K(214016K)->64K(212992K) Eden: 213504K(213504K)->0K(205824K) From: 64K(512K)->64K(7168K)
[972.877s][info][gc,heap        ] GC(2455) ParOldGen: 203024K(203264K)->203032K(203264K)
[972.877s][info][gc,metaspace   ] GC(2455) Metaspace: 35434K(36224K)->35434K(36224K) NonClass: 29162K(29760K)->29162K(29760K) Class: 6272K(6464K)->6272K(6464K)
[972.877s][info][gc             ] GC(2455) Pause Young (Allocation Failure) 406M->198M(406M) 1.472ms
[972.877s][info][gc,cpu         ] GC(2455) User=0.00s Sys=0.00s Real=0.00s
[973.165s][info][gc,start       ] GC(2456) Pause Young (Allocation Failure)
[973.167s][info][gc,heap        ] GC(2456) PSYoungGen: 205888K(212992K)->64K(199168K) Eden: 205824K(205824K)->0K(198656K) From: 64K(7168K)->64K(512K)
[973.167s][info][gc,heap        ] GC(2456) ParOldGen: 203032K(203264K)->203040K(203264K)
[973.167s][info][gc,metaspace   ] GC(2456) Metaspace: 35434K(36224K)->35434K(36224K) NonClass: 29162K(29760K)->29162K(29760K) Class: 6272K(6464K)->6272K(6464K)
[973.167s][info][gc             ] GC(2456) Pause Young (Allocation Failure) 399M->198M(393M) 2.047ms
[973.167s][info][gc,cpu         ] GC(2456) User=0.00s Sys=0.01s Real=0.00s
[973.628s][info][gc,start       ] GC(2457) Pause Young (Allocation Failure)
[973.637s][info][gc,heap        ] GC(2457) PSYoungGen: 198719K(199168K)->4288K(196096K) Eden: 198655K(198656K)->0K(191488K) From: 64K(512K)->4288K(4608K)
[973.637s][info][gc,heap        ] GC(2457) ParOldGen: 203040K(203264K)->203056K(203264K)
[973.637s][info][gc,metaspace   ] GC(2457) Metaspace: 35434K(36224K)->35434K(36224K) NonClass: 29162K(29760K)->29162K(29760K) Class: 6272K(6464K)->6272K(6464K)
[973.637s][info][gc             ] GC(2457) Pause Young (Allocation Failure) 392M->202M(390M) 8.993ms
[973.637s][info][gc,cpu         ] GC(2457) User=0.02s Sys=0.00s Real=0.01s
[973.891s][info][gc,start       ] GC(2458) Pause Young (Allocation Failure)
[973.938s][info][gc,heap        ] GC(2458) PSYoungGen: 195776K(196096K)->7168K(236544K) Eden: 191488K(191488K)->0K(229376K) From: 4288K(4608K)->7168K(7168K)
[973.938s][info][gc,heap        ] GC(2458) ParOldGen: 203056K(203264K)->216208K(216576K)
[973.938s][info][gc,metaspace   ] GC(2458) Metaspace: 35434K(36224K)->35434K(36224K) NonClass: 29162K(29760K)->29162K(29760K) Class: 6272K(6464K)->6272K(6464K)
[973.938s][info][gc             ] GC(2458) Pause Young (Allocation Failure) 389M->218M(442M) 47.230ms
[973.938s][info][gc,cpu         ] GC(2458) User=0.07s Sys=0.02s Real=0.05s
[974.294s][info][gc,start       ] GC(2459) Pause Young (Allocation Failure)
[974.359s][info][gc,heap        ] GC(2459) PSYoungGen: 236544K(236544K)->13824K(263680K) Eden: 229376K(229376K)->0K(249856K) From: 7168K(7168K)->13824K(13824K)
[974.359s][info][gc,heap        ] GC(2459) ParOldGen: 216208K(216576K)->227208K(227328K)
[974.359s][info][gc,metaspace   ] GC(2459) Metaspace: 35434K(36224K)->35434K(36224K) NonClass: 29162K(29760K)->29162K(29760K) Class: 6272K(6464K)->6272K(6464K)
[974.359s][info][gc             ] GC(2459) Pause Young (Allocation Failure) 442M->235M(479M) 65.428ms
[974.359s][info][gc,cpu         ] GC(2459) User=0.11s Sys=0.01s Real=0.06s
[974.628s][info][gc,start       ] GC(2460) Pause Young (Allocation Failure)
[974.680s][info][gc,heap        ] GC(2460) PSYoungGen: 263680K(263680K)->20032K(291328K) Eden: 249856K(249856K)->0K(270848K) From: 13824K(13824K)->20032K(20480K)
[974.680s][info][gc,heap        ] GC(2460) ParOldGen: 227208K(227328K)->227608K(227840K)
[974.680s][info][gc,metaspace   ] GC(2460) Metaspace: 35434K(36224K)->35434K(36224K) NonClass: 29162K(29760K)->29162K(29760K) Class: 6272K(6464K)->6272K(6464K)
[974.680s][info][gc             ] GC(2460) Pause Young (Allocation Failure) 479M->241M(507M) 51.507ms
[974.680s][info][gc,cpu         ] GC(2460) User=0.08s Sys=0.02s Real=0.05s
[974.845s][info][gc,start       ] GC(2461) Pause Young (Allocation Failure)
[974.846s][info][gc,heap        ] GC(2461) PSYoungGen: 290880K(291328K)->64K(295424K) Eden: 270848K(270848K)->0K(270848K) From: 20032K(20480K)->64K(24576K)
[974.846s][info][gc,heap        ] GC(2461) ParOldGen: 227608K(227840K)->227616K(227840K)
[974.846s][info][gc,metaspace   ] GC(2461) Metaspace: 35434K(36224K)->35434K(36224K) NonClass: 29162K(29760K)->29162K(29760K) Class: 6272K(6464K)->6272K(6464K)
[974.846s][info][gc             ] GC(2461) Pause Young (Allocation Failure) 506M->222M(511M) 1.395ms
[974.846s][info][gc,cpu         ] GC(2461) User=0.00s Sys=0.00s Real=0.00s
[975.603s][info][gc,start       ] GC(2462) Pause Young (Allocation Failure)
[975.605s][info][gc,heap        ] GC(2462) PSYoungGen: 270912K(295424K)->32K(306688K) Eden: 270848K(270848K)->0K(285184K) From: 64K(24576K)->32K(21504K)
[975.605s][info][gc,heap        ] GC(2462) ParOldGen: 227616K(227840K)->227632K(227840K)
[975.605s][info][gc,metaspace   ] GC(2462) Metaspace: 35434K(36224K)->35434K(36224K) NonClass: 29162K(29760K)->29162K(29760K) Class: 6272K(6464K)->6272K(6464K)
[975.605s][info][gc             ] GC(2462) Pause Young (Allocation Failure) 486M->222M(522M) 1.555ms
[975.605s][info][gc,cpu         ] GC(2462) User=0.01s Sys=0.00s Real=0.00s
[975.984s][info][gc,start       ] GC(2463) Pause Young (Allocation Failure)
[975.986s][info][gc,heap        ] GC(2463) PSYoungGen: 285216K(306688K)->64K(308224K) Eden: 285184K(285184K)->0K(285184K) From: 32K(21504K)->64K(23040K)
[975.986s][info][gc,heap        ] GC(2463) ParOldGen: 227632K(227840K)->227632K(227840K)
[975.986s][info][gc,metaspace   ] GC(2463) Metaspace: 35434K(36224K)->35434K(36224K) NonClass: 29162K(29760K)->29162K(29760K) Class: 6272K(6464K)->6272K(6464K)
[975.986s][info][gc             ] GC(2463) Pause Young (Allocation Failure) 500M->222M(523M) 1.563ms
[975.986s][info][gc,cpu         ] GC(2463) User=0.00s Sys=0.00s Real=0.00s
[976.565s][info][gc,start       ] GC(2464) Pause Young (Allocation Failure)
[976.566s][info][gc,heap        ] GC(2464) PSYoungGen: 285248K(308224K)->64K(308224K) Eden: 285184K(285184K)->0K(288256K) From: 64K(23040K)->64K(19968K)
[976.566s][info][gc,heap        ] GC(2464) ParOldGen: 227632K(227840K)->227648K(227840K)
[976.566s][info][gc,metaspace   ] GC(2464) Metaspace: 35434K(36224K)->35434K(36224K) NonClass: 29162K(29760K)->29162K(29760K) Class: 6272K(6464K)->6272K(6464K)
[976.566s][info][gc             ] GC(2464) Pause Young (Allocation Failure) 500M->222M(523M) 1.570ms
[976.566s][info][gc,cpu         ] GC(2464) User=0.00s Sys=0.00s Real=0.00s
[976.873s][info][gc,start       ] GC(2465) Pause Young (Allocation Failure)
[976.874s][info][gc,heap        ] GC(2465) PSYoungGen: 288320K(308224K)->64K(309760K) Eden: 288256K(288256K)->0K(288256K) From: 64K(19968K)->64K(21504K)
[976.874s][info][gc,heap        ] GC(2465) ParOldGen: 227648K(227840K)->227664K(227840K)
[976.874s][info][gc,metaspace   ] GC(2465) Metaspace: 35434K(36224K)->35434K(36224K) NonClass: 29162K(29760K)->29162K(29760K) Class: 6272K(6464K)->6272K(6464K)
[976.874s][info][gc             ] GC(2465) Pause Young (Allocation Failure) 503M->222M(525M) 1.340ms
[976.875s][info][gc,cpu         ] GC(2465) User=0.01s Sys=0.00s Real=0.00s
[977.125s][info][gc,start       ] GC(2466) Pause Young (Allocation Failure)
[977.126s][info][gc,heap        ] GC(2466) PSYoungGen: 288320K(309760K)->64K(309760K) Eden: 288256K(288256K)->0K(291840K) From: 64K(21504K)->64K(17920K)
[977.126s][info][gc,heap        ] GC(2466) ParOldGen: 227664K(227840K)->227664K(227840K)
[977.126s][info][gc,metaspace   ] GC(2466) Metaspace: 35434K(36224K)->35434K(36224K) NonClass: 29162K(29760K)->29162K(29760K) Class: 6272K(6464K)->6272K(6464K)
[977.126s][info][gc             ] GC(2466) Pause Young (Allocation Failure) 503M->222M(525M) 1.337ms
[977.126s][info][gc,cpu         ] GC(2466) User=0.00s Sys=0.00s Real=0.00s
[977.509s][info][gc,start       ] GC(2467) Pause Young (Allocation Failure)
[977.510s][info][gc,heap        ] GC(2467) PSYoungGen: 291904K(309760K)->64K(311296K) Eden: 291840K(291840K)->0K(291840K) From: 64K(17920K)->64K(19456K)
[977.510s][info][gc,heap        ] GC(2467) ParOldGen: 227664K(227840K)->227664K(227840K)
[977.510s][info][gc,metaspace   ] GC(2467) Metaspace: 35434K(36224K)->35434K(36224K) NonClass: 29162K(29760K)->29162K(29760K) Class: 6272K(6464K)->6272K(6464K)
[977.510s][info][gc             ] GC(2467) Pause Young (Allocation Failure) 507M->222M(526M) 1.299ms
[977.510s][info][gc,cpu         ] GC(2467) User=0.00s Sys=0.00s Real=0.00s
[977.566s][info][gc,start       ] GC(2468) Pause Young (Allocation Failure)
[977.568s][info][gc,heap        ] GC(2468) PSYoungGen: 291904K(311296K)->32K(311808K) Eden: 291840K(291840K)->0K(295936K) From: 64K(19456K)->32K(15872K)
[977.568s][info][gc,heap        ] GC(2468) ParOldGen: 227664K(227840K)->227680K(227840K)
[977.568s][info][gc,metaspace   ] GC(2468) Metaspace: 35434K(36224K)->35434K(36224K) NonClass: 29162K(29760K)->29162K(29760K) Class: 6272K(6464K)->6272K(6464K)
[977.568s][info][gc             ] GC(2468) Pause Young (Allocation Failure) 507M->222M(527M) 1.302ms
[977.568s][info][gc,cpu         ] GC(2468) User=0.01s Sys=0.00s Real=0.00s
[977.631s][info][gc,start       ] GC(2469) Pause Young (Allocation Failure)
[977.633s][info][gc,heap        ] GC(2469) PSYoungGen: 295968K(311808K)->64K(313344K) Eden: 295936K(295936K)->0K(295936K) From: 32K(15872K)->64K(17408K)
[977.633s][info][gc,heap        ] GC(2469) ParOldGen: 227680K(227840K)->227680K(227840K)
[977.633s][info][gc,metaspace   ] GC(2469) Metaspace: 35434K(36224K)->35434K(36224K) NonClass: 29162K(29760K)->29162K(29760K) Class: 6272K(6464K)->6272K(6464K)
[977.633s][info][gc             ] GC(2469) Pause Young (Allocation Failure) 511M->222M(528M) 1.460ms
[977.633s][info][gc,cpu         ] GC(2469) User=0.00s Sys=0.01s Real=0.00s
[977.887s][info][gc,start       ] GC(2470) Pause Young (Allocation Failure)
[977.889s][info][gc,heap        ] GC(2470) PSYoungGen: 296000K(313344K)->64K(314880K) Eden: 295936K(295936K)->0K(300032K) From: 64K(17408K)->64K(14848K)
[977.889s][info][gc,heap        ] GC(2470) ParOldGen: 227680K(227840K)->227696K(227840K)
[977.889s][info][gc,metaspace   ] GC(2470) Metaspace: 35434K(36224K)->35434K(36224K) NonClass: 29162K(29760K)->29162K(29760K) Class: 6272K(6464K)->6272K(6464K)
[977.889s][info][gc             ] GC(2470) Pause Young (Allocation Failure) 511M->222M(530M) 1.414ms
[977.889s][info][gc,cpu         ] GC(2470) User=0.00s Sys=0.00s Real=0.00s
[978.130s][info][gc,start       ] GC(2471) Pause Young (Allocation Failure)
[978.131s][info][gc,heap        ] GC(2471) PSYoungGen: 300096K(314880K)->64K(315904K) Eden: 300032K(300032K)->0K(300032K) From: 64K(14848K)->64K(15872K)
[978.131s][info][gc,heap        ] GC(2471) ParOldGen: 227696K(227840K)->227696K(227840K)
[978.131s][info][gc,metaspace   ] GC(2471) Metaspace: 35434K(36224K)->35434K(36224K) NonClass: 29162K(29760K)->29162K(29760K) Class: 6272K(6464K)->6272K(6464K)
[978.131s][info][gc             ] GC(2471) Pause Young (Allocation Failure) 515M->222M(531M) 1.432ms
[978.131s][info][gc,cpu         ] GC(2471) User=0.00s Sys=0.00s Real=0.01s
[978.235s][info][gc,start       ] GC(2472) Pause Young (Allocation Failure)
[978.236s][info][gc,heap        ] GC(2472) PSYoungGen: 300096K(315904K)->64K(315904K) Eden: 300032K(300032K)->0K(303104K) From: 64K(15872K)->64K(12800K)
[978.236s][info][gc,heap        ] GC(2472) ParOldGen: 227696K(227840K)->227712K(227840K)
[978.236s][info][gc,metaspace   ] GC(2472) Metaspace: 35434K(36224K)->35434K(36224K) NonClass: 29162K(29760K)->29162K(29760K) Class: 6272K(6464K)->6272K(6464K)
[978.236s][info][gc             ] GC(2472) Pause Young (Allocation Failure) 515M->222M(531M) 1.589ms
[978.236s][info][gc,cpu         ] GC(2472) User=0.00s Sys=0.00s Real=0.00s
[978.372s][info][gc,start       ] GC(2473) Pause Young (Allocation Failure)
[978.374s][info][gc,heap        ] GC(2473) PSYoungGen: 303168K(315904K)->64K(316928K) Eden: 303104K(303104K)->0K(303104K) From: 64K(12800K)->64K(13824K)
[978.374s][info][gc,heap        ] GC(2473) ParOldGen: 227712K(227840K)->227720K(227840K)
[978.374s][info][gc,metaspace   ] GC(2473) Metaspace: 35434K(36224K)->35434K(36224K) NonClass: 29162K(29760K)->29162K(29760K) Class: 6272K(6464K)->6272K(6464K)
[978.374s][info][gc             ] GC(2473) Pause Young (Allocation Failure) 518M->222M(532M) 1.241ms
[978.374s][info][gc,cpu         ] GC(2473) User=0.01s Sys=0.00s Real=0.00s
[978.780s][info][gc,start       ] GC(2474) Pause Young (Allocation Failure)
[978.781s][info][gc,heap        ] GC(2474) PSYoungGen: 303168K(316928K)->64K(291840K) Eden: 303104K(303104K)->0K(291328K) From: 64K(13824K)->64K(512K)
[978.781s][info][gc,heap        ] GC(2474) ParOldGen: 227720K(227840K)->227728K(227840K)
[978.781s][info][gc,metaspace   ] GC(2474) Metaspace: 35434K(36224K)->35434K(36224K) NonClass: 29162K(29760K)->29162K(29760K) Class: 6272K(6464K)->6272K(6464K)
[978.781s][info][gc             ] GC(2474) Pause Young (Allocation Failure) 518M->222M(507M) 1.619ms
[978.781s][info][gc,cpu         ] GC(2474) User=0.00s Sys=0.00s Real=0.01s
[979.630s][info][gc,start       ] GC(2475) Pause Young (Allocation Failure)
[979.631s][info][gc,heap        ] GC(2475) PSYoungGen: 291392K(291840K)->64K(292352K) Eden: 291328K(291328K)->0K(280064K) From: 64K(512K)->64K(12288K)
[979.631s][info][gc,heap        ] GC(2475) ParOldGen: 227728K(227840K)->227744K(227840K)
[979.631s][info][gc,metaspace   ] GC(2475) Metaspace: 35434K(36224K)->35434K(36224K) NonClass: 29162K(29760K)->29162K(29760K) Class: 6272K(6464K)->6272K(6464K)
[979.631s][info][gc             ] GC(2475) Pause Young (Allocation Failure) 506M->222M(508M) 1.495ms
[979.631s][info][gc,cpu         ] GC(2475) User=0.00s Sys=0.00s Real=0.01s
[980.712s][info][gc,start       ] GC(2476) Pause Young (Allocation Failure)
[980.715s][info][gc,heap        ] GC(2476) PSYoungGen: 280128K(292352K)->64K(269824K) Eden: 280064K(280064K)->0K(269312K) From: 64K(12288K)->64K(512K)
[980.715s][info][gc,heap        ] GC(2476) ParOldGen: 227744K(227840K)->227760K(227840K)
[980.715s][info][gc,metaspace   ] GC(2476) Metaspace: 35434K(36224K)->35434K(36224K) NonClass: 29162K(29760K)->29162K(29760K) Class: 6272K(6464K)->6272K(6464K)
[980.715s][info][gc             ] GC(2476) Pause Young (Allocation Failure) 495M->222M(486M) 2.493ms
[980.715s][info][gc,cpu         ] GC(2476) User=0.00s Sys=0.00s Real=0.00s
[981.140s][info][gc,start       ] GC(2477) Pause Young (Allocation Failure)
[981.142s][info][gc,heap        ] GC(2477) PSYoungGen: 269376K(269824K)->64K(269824K) Eden: 269312K(269312K)->0K(259072K) From: 64K(512K)->64K(10752K)
[981.142s][info][gc,heap        ] GC(2477) ParOldGen: 227760K(227840K)->227768K(227840K)
[981.142s][info][gc,metaspace   ] GC(2477) Metaspace: 35434K(36224K)->35434K(36224K) NonClass: 29162K(29760K)->29162K(29760K) Class: 6272K(6464K)->6272K(6464K)
[981.142s][info][gc             ] GC(2477) Pause Young (Allocation Failure) 485M->222M(486M) 1.618ms
[981.142s][info][gc,cpu         ] GC(2477) User=0.00s Sys=0.00s Real=0.01s
[981.514s][info][gc,start       ] GC(2478) Pause Young (Allocation Failure)
[981.517s][info][gc,heap        ] GC(2478) PSYoungGen: 259136K(269824K)->64K(249856K) Eden: 259072K(259072K)->0K(249344K) From: 64K(10752K)->64K(512K)
[981.517s][info][gc,heap        ] GC(2478) ParOldGen: 227768K(227840K)->227776K(227840K)
[981.517s][info][gc,metaspace   ] GC(2478) Metaspace: 35434K(36224K)->35434K(36224K) NonClass: 29162K(29760K)->29162K(29760K) Class: 6272K(6464K)->6272K(6464K)
[981.517s][info][gc             ] GC(2478) Pause Young (Allocation Failure) 475M->222M(466M) 2.642ms
[981.517s][info][gc,cpu         ] GC(2478) User=0.01s Sys=0.00s Real=0.00s
[982.583s][info][gc,start       ] GC(2479) Pause Young (Allocation Failure)
[982.584s][info][gc,heap        ] GC(2479) PSYoungGen: 249408K(249856K)->64K(249344K) Eden: 249344K(249344K)->0K(240128K) From: 64K(512K)->64K(9216K)
[982.584s][info][gc,heap        ] GC(2479) ParOldGen: 227776K(227840K)->227792K(227840K)
[982.584s][info][gc,metaspace   ] GC(2479) Metaspace: 35434K(36224K)->35434K(36224K) NonClass: 29162K(29760K)->29162K(29760K) Class: 6272K(6464K)->6272K(6464K)
[982.584s][info][gc             ] GC(2479) Pause Young (Allocation Failure) 466M->222M(466M) 1.480ms
[982.584s][info][gc,cpu         ] GC(2479) User=0.00s Sys=0.00s Real=0.00s
[982.974s][info][gc,start       ] GC(2480) Pause Young (Allocation Failure)
[982.975s][info][gc,heap        ] GC(2480) PSYoungGen: 240192K(249344K)->64K(231424K) Eden: 240128K(240128K)->0K(230912K) From: 64K(9216K)->64K(512K)
[982.975s][info][gc,heap        ] GC(2480) ParOldGen: 227792K(227840K)->227800K(227840K)
[982.975s][info][gc,metaspace   ] GC(2480) Metaspace: 35434K(36224K)->35434K(36224K) NonClass: 29162K(29760K)->29162K(29760K) Class: 6272K(6464K)->6272K(6464K)
[982.975s][info][gc             ] GC(2480) Pause Young (Allocation Failure) 457M->222M(448M) 1.990ms
[982.976s][info][gc,cpu         ] GC(2480) User=0.00s Sys=0.00s Real=0.00s
[983.117s][info][gc,start       ] GC(2481) Pause Young (Allocation Failure)
[983.119s][info][gc,heap        ] GC(2481) PSYoungGen: 230976K(231424K)->64K(230400K) Eden: 230912K(230912K)->0K(222208K) From: 64K(512K)->64K(8192K)
[983.119s][info][gc,heap        ] GC(2481) ParOldGen: 227800K(227840K)->227808K(227840K)
[983.119s][info][gc,metaspace   ] GC(2481) Metaspace: 35434K(36224K)->35434K(36224K) NonClass: 29162K(29760K)->29162K(29760K) Class: 6272K(6464K)->6272K(6464K)
[983.119s][info][gc             ] GC(2481) Pause Young (Allocation Failure) 448M->222M(447M) 1.452ms
[983.119s][info][gc,cpu         ] GC(2481) User=0.00s Sys=0.00s Real=0.00s
[983.445s][info][gc,start       ] GC(2482) Pause Young (Allocation Failure)
[983.446s][info][gc,heap        ] GC(2482) PSYoungGen: 222272K(230400K)->64K(214528K) Eden: 222208K(222208K)->0K(214016K) From: 64K(8192K)->64K(512K)
[983.446s][info][gc,heap        ] GC(2482) ParOldGen: 227808K(227840K)->227816K(227840K)
[983.446s][info][gc,metaspace   ] GC(2482) Metaspace: 35434K(36224K)->35434K(36224K) NonClass: 29162K(29760K)->29162K(29760K) Class: 6272K(6464K)->6272K(6464K)
[983.447s][info][gc             ] GC(2482) Pause Young (Allocation Failure) 439M->222M(432M) 1.955ms
[983.447s][info][gc,cpu         ] GC(2482) User=0.00s Sys=0.00s Real=0.00s
[983.939s][info][gc,start       ] GC(2483) Pause Young (Allocation Failure)
[983.940s][info][gc,heap        ] GC(2483) PSYoungGen: 214080K(214528K)->64K(213504K) Eden: 214016K(214016K)->0K(206336K) From: 64K(512K)->64K(7168K)
[983.940s][info][gc,heap        ] GC(2483) ParOldGen: 227816K(227840K)->227824K(227840K)
[983.940s][info][gc,metaspace   ] GC(2483) Metaspace: 35434K(36224K)->35434K(36224K) NonClass: 29162K(29760K)->29162K(29760K) Class: 6272K(6464K)->6272K(6464K)
[983.940s][info][gc             ] GC(2483) Pause Young (Allocation Failure) 431M->222M(431M) 1.424ms
[983.940s][info][gc,cpu         ] GC(2483) User=0.01s Sys=0.00s Real=0.00s
[984.301s][info][gc,start       ] GC(2484) Pause Young (Allocation Failure)
[984.303s][info][gc,heap        ] GC(2484) PSYoungGen: 206400K(213504K)->64K(199680K) Eden: 206336K(206336K)->0K(199168K) From: 64K(7168K)->64K(512K)
[984.303s][info][gc,heap        ] GC(2484) ParOldGen: 227824K(227840K)->227832K(227840K)
[984.303s][info][gc,metaspace   ] GC(2484) Metaspace: 35434K(36224K)->35434K(36224K) NonClass: 29162K(29760K)->29162K(29760K) Class: 6272K(6464K)->6272K(6464K)
[984.303s][info][gc             ] GC(2484) Pause Young (Allocation Failure) 424M->222M(417M) 2.100ms
[984.303s][info][gc,cpu         ] GC(2484) User=0.01s Sys=0.00s Real=0.00s
[984.662s][info][gc,start       ] GC(2485) Pause Young (Allocation Failure)
[984.710s][info][gc,heap        ] GC(2485) PSYoungGen: 199232K(199680K)->6144K(244224K) Eden: 199168K(199168K)->0K(238080K) From: 64K(512K)->6144K(6144K)
[984.710s][info][gc,heap        ] GC(2485) ParOldGen: 227832K(227840K)->239344K(239616K)
[984.710s][info][gc,metaspace   ] GC(2485) Metaspace: 35434K(36224K)->35434K(36224K) NonClass: 29162K(29760K)->29162K(29760K) Class: 6272K(6464K)->6272K(6464K)
[984.710s][info][gc             ] GC(2485) Pause Young (Allocation Failure) 417M->239M(472M) 47.619ms
[984.710s][info][gc,cpu         ] GC(2485) User=0.08s Sys=0.01s Real=0.04s
[985.059s][info][gc,start       ] GC(2486) Pause Young (Allocation Failure)
[985.134s][info][gc,heap        ] GC(2486) PSYoungGen: 244224K(244224K)->6144K(259584K) Eden: 238080K(238080K)->0K(253440K) From: 6144K(6144K)->6144K(6144K)
[985.134s][info][gc,heap        ] GC(2486) ParOldGen: 239344K(239616K)->258912K(259072K)
[985.134s][info][gc,metaspace   ] GC(2486) Metaspace: 35434K(36224K)->35434K(36224K) NonClass: 29162K(29760K)->29162K(29760K) Class: 6272K(6464K)->6272K(6464K)
[985.134s][info][gc             ] GC(2486) Pause Young (Allocation Failure) 472M->258M(506M) 75.167ms
[985.134s][info][gc,cpu         ] GC(2486) User=0.13s Sys=0.02s Real=0.08s
[985.461s][info][gc,start       ] GC(2487) Pause Young (Allocation Failure)
[985.518s][info][gc,heap        ] GC(2487) PSYoungGen: 259584K(259584K)->19456K(272896K) Eden: 253440K(253440K)->0K(253440K) From: 6144K(6144K)->19456K(19456K)
[985.518s][info][gc,heap        ] GC(2487) ParOldGen: 258912K(259072K)->266208K(266240K)
[985.518s][info][gc,metaspace   ] GC(2487) Metaspace: 35434K(36224K)->35434K(36224K) NonClass: 29162K(29760K)->29162K(29760K) Class: 6272K(6464K)->6272K(6464K)
[985.518s][info][gc             ] GC(2487) Pause Young (Allocation Failure) 506M->278M(526M) 57.496ms
[985.518s][info][gc,cpu         ] GC(2487) User=0.10s Sys=0.01s Real=0.05s
[985.608s][info][gc,start       ] GC(2488) Pause Young (Allocation Failure)
[985.611s][info][gc,heap        ] GC(2488) PSYoungGen: 272896K(272896K)->64K(308224K) Eden: 253440K(253440K)->0K(282112K) From: 19456K(19456K)->64K(26112K)
[985.611s][info][gc,heap        ] GC(2488) ParOldGen: 266208K(266240K)->266464K(266752K)
[985.611s][info][gc,metaspace   ] GC(2488) Metaspace: 35434K(36224K)->35434K(36224K) NonClass: 29162K(29760K)->29162K(29760K) Class: 6272K(6464K)->6272K(6464K)
[985.611s][info][gc             ] GC(2488) Pause Young (Allocation Failure) 526M->260M(561M) 3.459ms
[985.611s][info][gc,cpu         ] GC(2488) User=0.00s Sys=0.00s Real=0.01s
[986.330s][info][gc,start       ] GC(2489) Pause Young (Allocation Failure)
[986.332s][info][gc,heap        ] GC(2489) PSYoungGen: 282176K(308224K)->64K(282624K) Eden: 282112K(282112K)->0K(282112K) From: 64K(26112K)->64K(512K)
[986.332s][info][gc,heap        ] GC(2489) ParOldGen: 266464K(266752K)->266472K(266752K)
[986.332s][info][gc,metaspace   ] GC(2489) Metaspace: 35434K(36224K)->35434K(36224K) NonClass: 29162K(29760K)->29162K(29760K) Class: 6272K(6464K)->6272K(6464K)
[986.332s][info][gc             ] GC(2489) Pause Young (Allocation Failure) 535M->260M(536M) 1.798ms
[986.332s][info][gc,cpu         ] GC(2489) User=0.00s Sys=0.00s Real=0.01s
[986.850s][info][gc,start       ] GC(2490) Pause Young (Allocation Failure)
[986.852s][info][gc,heap        ] GC(2490) PSYoungGen: 282176K(282624K)->64K(307712K) Eden: 282112K(282112K)->0K(283136K) From: 64K(512K)->64K(24576K)
[986.852s][info][gc,heap        ] GC(2490) ParOldGen: 266472K(266752K)->266480K(266752K)
[986.852s][info][gc,metaspace   ] GC(2490) Metaspace: 35434K(36224K)->35434K(36224K) NonClass: 29162K(29760K)->29162K(29760K) Class: 6272K(6464K)->6272K(6464K)
[986.852s][info][gc             ] GC(2490) Pause Young (Allocation Failure) 535M->260M(561M) 1.852ms
[986.852s][info][gc,cpu         ] GC(2490) User=0.01s Sys=0.00s Real=0.01s
[987.345s][info][gc,start       ] GC(2491) Pause Young (Allocation Failure)
[987.347s][info][gc,heap        ] GC(2491) PSYoungGen: 283200K(307712K)->64K(306688K) Eden: 283136K(283136K)->0K(283136K) From: 64K(24576K)->64K(23552K)
[987.347s][info][gc,heap        ] GC(2491) ParOldGen: 266480K(266752K)->266496K(266752K)
[987.347s][info][gc,metaspace   ] GC(2491) Metaspace: 35434K(36224K)->35434K(36224K) NonClass: 29162K(29760K)->29162K(29760K) Class: 6272K(6464K)->6272K(6464K)
[987.347s][info][gc             ] GC(2491) Pause Young (Allocation Failure) 536M->260M(560M) 1.912ms
[987.347s][info][gc,cpu         ] GC(2491) User=0.00s Sys=0.01s Real=0.00s
[987.593s][info][gc,start       ] GC(2492) Pause Young (Allocation Failure)
[987.595s][info][gc,heap        ] GC(2492) PSYoungGen: 283200K(306688K)->64K(309248K) Eden: 283136K(283136K)->0K(286720K) From: 64K(23552K)->64K(22528K)
[987.595s][info][gc,heap        ] GC(2492) ParOldGen: 266496K(266752K)->266512K(266752K)
[987.595s][info][gc,metaspace   ] GC(2492) Metaspace: 35434K(36224K)->35434K(36224K) NonClass: 29162K(29760K)->29162K(29760K) Class: 6272K(6464K)->6272K(6464K)
[987.595s][info][gc             ] GC(2492) Pause Young (Allocation Failure) 536M->260M(562M) 1.819ms
[987.595s][info][gc,cpu         ] GC(2492) User=0.01s Sys=0.00s Real=0.00s
[987.899s][info][gc,start       ] GC(2493) Pause Young (Allocation Failure)
[987.901s][info][gc,heap        ] GC(2493) PSYoungGen: 286784K(309248K)->64K(308224K) Eden: 286720K(286720K)->0K(286720K) From: 64K(22528K)->64K(21504K)
[987.901s][info][gc,heap        ] GC(2493) ParOldGen: 266512K(266752K)->266512K(266752K)
[987.901s][info][gc,metaspace   ] GC(2493) Metaspace: 35434K(36224K)->35434K(36224K) NonClass: 29162K(29760K)->29162K(29760K) Class: 6272K(6464K)->6272K(6464K)
[987.901s][info][gc             ] GC(2493) Pause Young (Allocation Failure) 540M->260M(561M) 1.744ms
[987.901s][info][gc,cpu         ] GC(2493) User=0.00s Sys=0.00s Real=0.01s
[988.333s][info][gc,start       ] GC(2494) Pause Young (Allocation Failure)
[988.335s][info][gc,heap        ] GC(2494) PSYoungGen: 286784K(308224K)->64K(311296K) Eden: 286720K(286720K)->0K(290816K) From: 64K(21504K)->64K(20480K)
[988.335s][info][gc,heap        ] GC(2494) ParOldGen: 266512K(266752K)->266512K(266752K)
[988.335s][info][gc,metaspace   ] GC(2494) Metaspace: 35434K(36224K)->35434K(36224K) NonClass: 29162K(29760K)->29162K(29760K) Class: 6272K(6464K)->6272K(6464K)
[988.335s][info][gc             ] GC(2494) Pause Young (Allocation Failure) 540M->260M(564M) 1.718ms
[988.335s][info][gc,cpu         ] GC(2494) User=0.00s Sys=0.00s Real=0.00s
[988.396s][info][gc,start       ] GC(2495) Pause Young (Allocation Failure)
[988.398s][info][gc,heap        ] GC(2495) PSYoungGen: 290880K(311296K)->64K(310272K) Eden: 290816K(290816K)->0K(290816K) From: 64K(20480K)->64K(19456K)
[988.398s][info][gc,heap        ] GC(2495) ParOldGen: 266512K(266752K)->266528K(266752K)
[988.398s][info][gc,metaspace   ] GC(2495) Metaspace: 35434K(36224K)->35434K(36224K) NonClass: 29162K(29760K)->29162K(29760K) Class: 6272K(6464K)->6272K(6464K)
[988.398s][info][gc             ] GC(2495) Pause Young (Allocation Failure) 544M->260M(563M) 1.734ms
[988.398s][info][gc,cpu         ] GC(2495) User=0.00s Sys=0.00s Real=0.00s
[988.456s][info][gc,start       ] GC(2496) Pause Young (Allocation Failure)
[988.458s][info][gc,heap        ] GC(2496) PSYoungGen: 290880K(310272K)->64K(313344K) Eden: 290816K(290816K)->0K(294912K) From: 64K(19456K)->64K(18432K)
[988.458s][info][gc,heap        ] GC(2496) ParOldGen: 266528K(266752K)->266528K(266752K)
[988.458s][info][gc,metaspace   ] GC(2496) Metaspace: 35434K(36224K)->35434K(36224K) NonClass: 29162K(29760K)->29162K(29760K) Class: 6272K(6464K)->6272K(6464K)
[988.458s][info][gc             ] GC(2496) Pause Young (Allocation Failure) 544M->260M(566M) 1.708ms
[988.458s][info][gc,cpu         ] GC(2496) User=0.00s Sys=0.00s Real=0.00s
[988.665s][info][gc,start       ] GC(2497) Pause Young (Allocation Failure)
[988.667s][info][gc,heap        ] GC(2497) PSYoungGen: 294976K(313344K)->64K(312320K) Eden: 294912K(294912K)->0K(294912K) From: 64K(18432K)->64K(17408K)
[988.667s][info][gc,heap        ] GC(2497) ParOldGen: 266528K(266752K)->266528K(266752K)
[988.667s][info][gc,metaspace   ] GC(2497) Metaspace: 35434K(36224K)->35434K(36224K) NonClass: 29162K(29760K)->29162K(29760K) Class: 6272K(6464K)->6272K(6464K)
[988.667s][info][gc             ] GC(2497) Pause Young (Allocation Failure) 548M->260M(565M) 1.791ms
[988.667s][info][gc,cpu         ] GC(2497) User=0.00s Sys=0.01s Real=0.00s
[988.910s][info][gc,start       ] GC(2498) Pause Young (Allocation Failure)
[988.912s][info][gc,heap        ] GC(2498) PSYoungGen: 294976K(312320K)->64K(315392K) Eden: 294912K(294912K)->0K(299008K) From: 64K(17408K)->64K(16384K)
[988.912s][info][gc,heap        ] GC(2498) ParOldGen: 266528K(266752K)->266536K(266752K)
[988.912s][info][gc,metaspace   ] GC(2498) Metaspace: 35434K(36224K)->35434K(36224K) NonClass: 29162K(29760K)->29162K(29760K) Class: 6272K(6464K)->6272K(6464K)
[988.912s][info][gc             ] GC(2498) Pause Young (Allocation Failure) 548M->260M(568M) 1.834ms
[988.912s][info][gc,cpu         ] GC(2498) User=0.00s Sys=0.00s Real=0.01s
[989.068s][info][gc,start       ] GC(2499) Pause Young (Allocation Failure)
[989.069s][info][gc,heap        ] GC(2499) PSYoungGen: 299072K(315392K)->64K(314368K) Eden: 299008K(299008K)->0K(299008K) From: 64K(16384K)->64K(15360K)
[989.069s][info][gc,heap        ] GC(2499) ParOldGen: 266536K(266752K)->266552K(266752K)
[989.069s][info][gc,metaspace   ] GC(2499) Metaspace: 35434K(36224K)->35434K(36224K) NonClass: 29162K(29760K)->29162K(29760K) Class: 6272K(6464K)->6272K(6464K)
[989.069s][info][gc             ] GC(2499) Pause Young (Allocation Failure) 552M->260M(567M) 1.714ms
[989.069s][info][gc,cpu         ] GC(2499) User=0.01s Sys=0.00s Real=0.00s
[989.179s][info][gc,start       ] GC(2500) Pause Young (Allocation Failure)
[989.180s][info][gc,heap        ] GC(2500) PSYoungGen: 299072K(314368K)->64K(316928K) Eden: 299008K(299008K)->0K(302592K) From: 64K(15360K)->64K(14336K)
[989.181s][info][gc,heap        ] GC(2500) ParOldGen: 266552K(266752K)->266560K(266752K)
[989.181s][info][gc,metaspace   ] GC(2500) Metaspace: 35434K(36224K)->35434K(36224K) NonClass: 29162K(29760K)->29162K(29760K) Class: 6272K(6464K)->6272K(6464K)
[989.181s][info][gc             ] GC(2500) Pause Young (Allocation Failure) 552M->260M(570M) 1.558ms
[989.181s][info][gc,cpu         ] GC(2500) User=0.00s Sys=0.00s Real=0.00s
[989.394s][info][gc,start       ] GC(2501) Pause Young (Allocation Failure)
[989.395s][info][gc,heap        ] GC(2501) PSYoungGen: 302656K(316928K)->64K(316416K) Eden: 302592K(302592K)->0K(302592K) From: 64K(14336K)->64K(13824K)
[989.395s][info][gc,heap        ] GC(2501) ParOldGen: 266560K(266752K)->266568K(266752K)
[989.395s][info][gc,metaspace   ] GC(2501) Metaspace: 35434K(36224K)->35434K(36224K) NonClass: 29162K(29760K)->29162K(29760K) Class: 6272K(6464K)->6272K(6464K)
[989.395s][info][gc             ] GC(2501) Pause Young (Allocation Failure) 555M->260M(569M) 1.280ms
[989.395s][info][gc,cpu         ] GC(2501) User=0.00s Sys=0.00s Real=0.00s
[990.495s][info][gc,start       ] GC(2502) Pause Young (Allocation Failure)
[990.497s][info][gc,heap        ] GC(2502) PSYoungGen: 302656K(316416K)->64K(291328K) Eden: 302592K(302592K)->0K(290816K) From: 64K(13824K)->64K(512K)
[990.497s][info][gc,heap        ] GC(2502) ParOldGen: 266568K(266752K)->266576K(266752K)
[990.497s][info][gc,metaspace   ] GC(2502) Metaspace: 35434K(36224K)->35434K(36224K) NonClass: 29162K(29760K)->29162K(29760K) Class: 6272K(6464K)->6272K(6464K)
[990.497s][info][gc             ] GC(2502) Pause Young (Allocation Failure) 555M->260M(545M) 1.751ms
[990.497s][info][gc,cpu         ] GC(2502) User=0.00s Sys=0.00s Real=0.00s
[991.559s][info][gc,start       ] GC(2503) Pause Young (Allocation Failure)
[991.561s][info][gc,heap        ] GC(2503) PSYoungGen: 290880K(291328K)->64K(291328K) Eden: 290816K(290816K)->0K(279552K) From: 64K(512K)->64K(11776K)
[991.561s][info][gc,heap        ] GC(2503) ParOldGen: 266576K(266752K)->266584K(266752K)
[991.561s][info][gc,metaspace   ] GC(2503) Metaspace: 35434K(36224K)->35434K(36224K) NonClass: 29162K(29760K)->29162K(29760K) Class: 6272K(6464K)->6272K(6464K)
[991.561s][info][gc             ] GC(2503) Pause Young (Allocation Failure) 544M->260M(545M) 1.369ms
[991.561s][info][gc,cpu         ] GC(2503) User=0.00s Sys=0.00s Real=0.01s
[991.917s][info][gc,start       ] GC(2504) Pause Young (Allocation Failure)
[991.919s][info][gc,heap        ] GC(2504) PSYoungGen: 279616K(291328K)->64K(269312K) Eden: 279552K(279552K)->0K(268800K) From: 64K(11776K)->64K(512K)
[991.919s][info][gc,heap        ] GC(2504) ParOldGen: 266584K(266752K)->266600K(266752K)
[991.919s][info][gc,metaspace   ] GC(2504) Metaspace: 35434K(36224K)->35434K(36224K) NonClass: 29162K(29760K)->29162K(29760K) Class: 6272K(6464K)->6272K(6464K)
[991.919s][info][gc             ] GC(2504) Pause Young (Allocation Failure) 533M->260M(523M) 1.981ms
[991.919s][info][gc,cpu         ] GC(2504) User=0.00s Sys=0.00s Real=0.00s
[992.386s][info][gc,start       ] GC(2505) Pause Young (Allocation Failure)
[992.388s][info][gc,heap        ] GC(2505) PSYoungGen: 268864K(269312K)->32K(268800K) Eden: 268800K(268800K)->0K(258560K) From: 64K(512K)->32K(10240K)
[992.388s][info][gc,heap        ] GC(2505) ParOldGen: 266600K(266752K)->266608K(266752K)
[992.388s][info][gc,metaspace   ] GC(2505) Metaspace: 35434K(36224K)->35434K(36224K) NonClass: 29162K(29760K)->29162K(29760K) Class: 6272K(6464K)->6272K(6464K)
[992.388s][info][gc             ] GC(2505) Pause Young (Allocation Failure) 522M->260M(523M) 1.785ms
[992.388s][info][gc,cpu         ] GC(2505) User=0.00s Sys=0.00s Real=0.00s
[993.466s][info][gc,start       ] GC(2506) Pause Young (Allocation Failure)
[993.468s][info][gc,heap        ] GC(2506) PSYoungGen: 258592K(268800K)->64K(249344K) Eden: 258560K(258560K)->0K(248832K) From: 32K(10240K)->64K(512K)
[993.468s][info][gc,heap        ] GC(2506) ParOldGen: 266608K(266752K)->266616K(266752K)
[993.468s][info][gc,metaspace   ] GC(2506) Metaspace: 35434K(36224K)->35434K(36224K) NonClass: 29162K(29760K)->29162K(29760K) Class: 6272K(6464K)->6272K(6464K)
[993.468s][info][gc             ] GC(2506) Pause Young (Allocation Failure) 512M->260M(504M) 2.052ms
[993.468s][info][gc,cpu         ] GC(2506) User=0.00s Sys=0.00s Real=0.00s
[993.881s][info][gc,start       ] GC(2507) Pause Young (Allocation Failure)
[993.883s][info][gc,heap        ] GC(2507) PSYoungGen: 248896K(249344K)->64K(248832K) Eden: 248832K(248832K)->0K(239616K) From: 64K(512K)->64K(9216K)
[993.883s][info][gc,heap        ] GC(2507) ParOldGen: 266616K(266752K)->266632K(266752K)
[993.883s][info][gc,metaspace   ] GC(2507) Metaspace: 35434K(36224K)->35434K(36224K) NonClass: 29162K(29760K)->29162K(29760K) Class: 6272K(6464K)->6272K(6464K)
[993.883s][info][gc             ] GC(2507) Pause Young (Allocation Failure) 503M->260M(503M) 1.781ms
[993.883s][info][gc,cpu         ] GC(2507) User=0.00s Sys=0.00s Real=0.00s
[994.047s][info][gc,start       ] GC(2508) Pause Young (Allocation Failure)
[994.049s][info][gc,heap        ] GC(2508) PSYoungGen: 239680K(248832K)->64K(230912K) Eden: 239616K(239616K)->0K(230400K) From: 64K(9216K)->64K(512K)
[994.049s][info][gc,heap        ] GC(2508) ParOldGen: 266632K(266752K)->266648K(266752K)
[994.049s][info][gc,metaspace   ] GC(2508) Metaspace: 35434K(36224K)->35434K(36224K) NonClass: 29162K(29760K)->29162K(29760K) Class: 6272K(6464K)->6272K(6464K)
[994.049s][info][gc             ] GC(2508) Pause Young (Allocation Failure) 494M->260M(486M) 2.157ms
[994.049s][info][gc,cpu         ] GC(2508) User=0.00s Sys=0.00s Real=0.00s
[994.331s][info][gc,start       ] GC(2509) Pause Young (Allocation Failure)
[994.332s][info][gc,heap        ] GC(2509) PSYoungGen: 230464K(230912K)->64K(229376K) Eden: 230400K(230400K)->0K(221696K) From: 64K(512K)->64K(7680K)
[994.332s][info][gc,heap        ] GC(2509) ParOldGen: 266648K(266752K)->266664K(266752K)
[994.332s][info][gc,metaspace   ] GC(2509) Metaspace: 35434K(36224K)->35434K(36224K) NonClass: 29162K(29760K)->29162K(29760K) Class: 6272K(6464K)->6272K(6464K)
[994.332s][info][gc             ] GC(2509) Pause Young (Allocation Failure) 485M->260M(484M) 1.502ms
[994.332s][info][gc,cpu         ] GC(2509) User=0.00s Sys=0.00s Real=0.00s
[994.876s][info][gc,start       ] GC(2510) Pause Young (Allocation Failure)
[994.878s][info][gc,heap        ] GC(2510) PSYoungGen: 221760K(229376K)->64K(214016K) Eden: 221696K(221696K)->0K(213504K) From: 64K(7680K)->64K(512K)
[994.878s][info][gc,heap        ] GC(2510) ParOldGen: 266664K(266752K)->266680K(266752K)
[994.878s][info][gc,metaspace   ] GC(2510) Metaspace: 35434K(36224K)->35434K(36224K) NonClass: 29162K(29760K)->29162K(29760K) Class: 6272K(6464K)->6272K(6464K)
[994.878s][info][gc             ] GC(2510) Pause Young (Allocation Failure) 476M->260M(469M) 2.124ms
[994.879s][info][gc,cpu         ] GC(2510) User=0.00s Sys=0.00s Real=0.00s
[995.202s][info][gc,start       ] GC(2511) Pause Young (Allocation Failure)
[995.203s][info][gc,heap        ] GC(2511) PSYoungGen: 213568K(214016K)->64K(212480K) Eden: 213504K(213504K)->0K(205824K) From: 64K(512K)->64K(6656K)
[995.203s][info][gc,heap        ] GC(2511) ParOldGen: 266680K(266752K)->266688K(266752K)
[995.203s][info][gc,metaspace   ] GC(2511) Metaspace: 35434K(36224K)->35434K(36224K) NonClass: 29162K(29760K)->29162K(29760K) Class: 6272K(6464K)->6272K(6464K)
[995.203s][info][gc             ] GC(2511) Pause Young (Allocation Failure) 468M->260M(468M) 1.324ms
[995.203s][info][gc,cpu         ] GC(2511) User=0.01s Sys=0.00s Real=0.00s
[995.594s][info][gc,start       ] GC(2512) Pause Young (Allocation Failure)
[995.644s][info][gc,heap        ] GC(2512) PSYoungGen: 205888K(212480K)->6144K(252416K) Eden: 205824K(205824K)->0K(246272K) From: 64K(6656K)->6144K(6144K)
[995.644s][info][gc,heap        ] GC(2512) ParOldGen: 266688K(266752K)->278632K(279040K)
[995.644s][info][gc,metaspace   ] GC(2512) Metaspace: 35434K(36224K)->35434K(36224K) NonClass: 29162K(29760K)->29162K(29760K) Class: 6272K(6464K)->6272K(6464K)
[995.644s][info][gc             ] GC(2512) Pause Young (Allocation Failure) 461M->278M(519M) 49.835ms
[995.644s][info][gc,cpu         ] GC(2512) User=0.09s Sys=0.01s Real=0.05s
[996.046s][info][gc,start       ] GC(2513) Pause Young (Allocation Failure)
[996.124s][info][gc,heap        ] GC(2513) PSYoungGen: 252416K(252416K)->12288K(272384K) Eden: 246272K(246272K)->0K(260096K) From: 6144K(6144K)->12288K(12288K)
[996.124s][info][gc,heap        ] GC(2513) ParOldGen: 278632K(279040K)->292920K(293376K)
[996.124s][info][gc,metaspace   ] GC(2513) Metaspace: 35434K(36224K)->35434K(36224K) NonClass: 29162K(29760K)->29162K(29760K) Class: 6272K(6464K)->6272K(6464K)
[996.124s][info][gc             ] GC(2513) Pause Young (Allocation Failure) 518M->298M(552M) 78.035ms
[996.124s][info][gc,cpu         ] GC(2513) User=0.13s Sys=0.02s Real=0.08s
[996.450s][info][gc,start       ] GC(2514) Pause Young (Allocation Failure)
[996.518s][info][gc,heap        ] GC(2514) PSYoungGen: 272384K(272384K)->19968K(301568K) Eden: 260096K(260096K)->0K(281600K) From: 12288K(12288K)->19968K(19968K)
[996.518s][info][gc,heap        ] GC(2514) ParOldGen: 292920K(293376K)->298200K(298496K)
[996.518s][info][gc,metaspace   ] GC(2514) Metaspace: 35434K(36224K)->35434K(36224K) NonClass: 29162K(29760K)->29162K(29760K) Class: 6272K(6464K)->6272K(6464K)
[996.518s][info][gc             ] GC(2514) Pause Young (Allocation Failure) 552M->310M(586M) 68.620ms
[996.518s][info][gc,cpu         ] GC(2514) User=0.11s Sys=0.03s Real=0.07s
[996.697s][info][gc,start       ] GC(2515) Pause Young (Allocation Failure)
[996.702s][info][gc,heap        ] GC(2515) PSYoungGen: 301568K(301568K)->32K(307712K) Eden: 281600K(281600K)->0K(281600K) From: 19968K(19968K)->32K(26112K)
[996.702s][info][gc,heap        ] GC(2515) ParOldGen: 298200K(298496K)->298384K(298496K)
[996.702s][info][gc,metaspace   ] GC(2515) Metaspace: 35434K(36224K)->35434K(36224K) NonClass: 29162K(29760K)->29162K(29760K) Class: 6272K(6464K)->6272K(6464K)
[996.702s][info][gc             ] GC(2515) Pause Young (Allocation Failure) 585M->291M(592M) 4.969ms
[996.702s][info][gc,cpu         ] GC(2515) User=0.01s Sys=0.00s Real=0.01s
[997.502s][info][gc,start       ] GC(2516) Pause Young (Allocation Failure)
[997.504s][info][gc,heap        ] GC(2516) PSYoungGen: 281632K(307712K)->32K(305152K) Eden: 281600K(281600K)->0K(282112K) From: 32K(26112K)->32K(23040K)
[997.504s][info][gc,heap        ] GC(2516) ParOldGen: 298384K(298496K)->298392K(298496K)
[997.504s][info][gc,metaspace   ] GC(2516) Metaspace: 35434K(36224K)->35434K(36224K) NonClass: 29162K(29760K)->29162K(29760K) Class: 6272K(6464K)->6272K(6464K)
[997.504s][info][gc             ] GC(2516) Pause Young (Allocation Failure) 566M->291M(589M) 1.974ms
[997.504s][info][gc,cpu         ] GC(2516) User=0.00s Sys=0.00s Real=0.00s
[997.905s][info][gc,start       ] GC(2517) Pause Young (Allocation Failure)
[997.907s][info][gc,heap        ] GC(2517) PSYoungGen: 282144K(305152K)->64K(306688K) Eden: 282112K(282112K)->0K(282112K) From: 32K(23040K)->64K(24576K)
[997.907s][info][gc,heap        ] GC(2517) ParOldGen: 298392K(298496K)->298400K(298496K)
[997.907s][info][gc,metaspace   ] GC(2517) Metaspace: 35434K(36224K)->35434K(36224K) NonClass: 29162K(29760K)->29162K(29760K) Class: 6272K(6464K)->6272K(6464K)
[997.907s][info][gc             ] GC(2517) Pause Young (Allocation Failure) 566M->291M(591M) 1.564ms
[997.907s][info][gc,cpu         ] GC(2517) User=0.00s Sys=0.00s Real=0.00s
[998.417s][info][gc,start       ] GC(2518) Pause Young (Allocation Failure)
[998.419s][info][gc,heap        ] GC(2518) PSYoungGen: 282176K(306688K)->64K(306688K) Eden: 282112K(282112K)->0K(285696K) From: 64K(24576K)->64K(20992K)
[998.419s][info][gc,heap        ] GC(2518) ParOldGen: 298400K(298496K)->298416K(298496K)
[998.419s][info][gc,metaspace   ] GC(2518) Metaspace: 35434K(36224K)->35434K(36224K) NonClass: 29162K(29760K)->29162K(29760K) Class: 6272K(6464K)->6272K(6464K)
[998.419s][info][gc             ] GC(2518) Pause Young (Allocation Failure) 566M->291M(591M) 1.922ms
[998.419s][info][gc,cpu         ] GC(2518) User=0.00s Sys=0.00s Real=0.00s
[998.671s][info][gc,start       ] GC(2519) Pause Young (Allocation Failure)
[998.673s][info][gc,heap        ] GC(2519) PSYoungGen: 285760K(306688K)->32K(308224K) Eden: 285696K(285696K)->0K(285696K) From: 64K(20992K)->32K(22528K)
[998.673s][info][gc,heap        ] GC(2519) ParOldGen: 298416K(298496K)->298432K(298496K)
[998.673s][info][gc,metaspace   ] GC(2519) Metaspace: 35434K(36224K)->35434K(36224K) NonClass: 29162K(29760K)->29162K(29760K) Class: 6272K(6464K)->6272K(6464K)
[998.673s][info][gc             ] GC(2519) Pause Young (Allocation Failure) 570M->291M(592M) 1.581ms
[998.673s][info][gc,cpu         ] GC(2519) User=0.00s Sys=0.00s Real=0.00s
[998.939s][info][gc,start       ] GC(2520) Pause Young (Allocation Failure)
[998.941s][info][gc,heap        ] GC(2520) PSYoungGen: 285728K(308224K)->64K(308736K) Eden: 285696K(285696K)->0K(289792K) From: 32K(22528K)->64K(18944K)
[998.941s][info][gc,heap        ] GC(2520) ParOldGen: 298432K(298496K)->298432K(298496K)
[998.941s][info][gc,metaspace   ] GC(2520) Metaspace: 35434K(36224K)->35434K(36224K) NonClass: 29162K(29760K)->29162K(29760K) Class: 6272K(6464K)->6272K(6464K)
[998.941s][info][gc             ] GC(2520) Pause Young (Allocation Failure) 570M->291M(593M) 1.805ms
[998.941s][info][gc,cpu         ] GC(2520) User=0.00s Sys=0.00s Real=0.00s
[999.352s][info][gc,start       ] GC(2521) Pause Young (Allocation Failure)
[999.353s][info][gc,heap        ] GC(2521) PSYoungGen: 289856K(308736K)->64K(310272K) Eden: 289792K(289792K)->0K(289792K) From: 64K(18944K)->64K(20480K)
[999.353s][info][gc,heap        ] GC(2521) ParOldGen: 298432K(298496K)->298432K(298496K)
[999.353s][info][gc,metaspace   ] GC(2521) Metaspace: 35434K(36224K)->35434K(36224K) NonClass: 29162K(29760K)->29162K(29760K) Class: 6272K(6464K)->6272K(6464K)
[999.353s][info][gc             ] GC(2521) Pause Young (Allocation Failure) 574M->291M(594M) 1.759ms
[999.353s][info][gc,cpu         ] GC(2521) User=0.01s Sys=0.00s Real=0.00s
[999.412s][info][gc,start       ] GC(2522) Pause Young (Allocation Failure)
[999.414s][info][gc,heap        ] GC(2522) PSYoungGen: 289856K(310272K)->32K(310784K) Eden: 289792K(289792K)->0K(293888K) From: 64K(20480K)->32K(16896K)
[999.414s][info][gc,heap        ] GC(2522) ParOldGen: 298432K(298496K)->298448K(298496K)
[999.414s][info][gc,metaspace   ] GC(2522) Metaspace: 35434K(36224K)->35434K(36224K) NonClass: 29162K(29760K)->29162K(29760K) Class: 6272K(6464K)->6272K(6464K)
[999.414s][info][gc             ] GC(2522) Pause Young (Allocation Failure) 574M->291M(595M) 1.524ms
[999.414s][info][gc,cpu         ] GC(2522) User=0.01s Sys=0.00s Real=0.00s
[999.475s][info][gc,start       ] GC(2523) Pause Young (Allocation Failure)
[999.477s][info][gc,heap        ] GC(2523) PSYoungGen: 293920K(310784K)->64K(312320K) Eden: 293888K(293888K)->0K(293888K) From: 32K(16896K)->64K(18432K)
[999.477s][info][gc,heap        ] GC(2523) ParOldGen: 298448K(298496K)->298448K(298496K)
[999.477s][info][gc,metaspace   ] GC(2523) Metaspace: 35434K(36224K)->35434K(36224K) NonClass: 29162K(29760K)->29162K(29760K) Class: 6272K(6464K)->6272K(6464K)
[999.477s][info][gc             ] GC(2523) Pause Young (Allocation Failure) 578M->291M(596M) 1.497ms
[999.477s][info][gc,cpu         ] GC(2523) User=0.00s Sys=0.00s Real=0.00s
[999.713s][info][gc,start       ] GC(2524) Pause Young (Allocation Failure)
[999.715s][info][gc,heap        ] GC(2524) PSYoungGen: 293952K(312320K)->64K(312832K) Eden: 293888K(293888K)->0K(297984K) From: 64K(18432K)->64K(14848K)
[999.715s][info][gc,heap        ] GC(2524) ParOldGen: 298448K(298496K)->298448K(298496K)
[999.715s][info][gc,metaspace   ] GC(2524) Metaspace: 35434K(36224K)->35434K(36224K) NonClass: 29162K(29760K)->29162K(29760K) Class: 6272K(6464K)->6272K(6464K)
[999.715s][info][gc             ] GC(2524) Pause Young (Allocation Failure) 578M->291M(597M) 1.756ms
[999.715s][info][gc,cpu         ] GC(2524) User=0.01s Sys=0.00s Real=0.00s
[999.962s][info][gc,start       ] GC(2525) Pause Young (Allocation Failure)
[999.964s][info][gc,heap        ] GC(2525) PSYoungGen: 298048K(312832K)->64K(314368K) Eden: 297984K(297984K)->0K(297984K) From: 64K(14848K)->64K(16384K)
[999.964s][info][gc,heap        ] GC(2525) ParOldGen: 298448K(298496K)->298456K(298496K)
[999.964s][info][gc,metaspace   ] GC(2525) Metaspace: 35434K(36224K)->35434K(36224K) NonClass: 29162K(29760K)->29162K(29760K) Class: 6272K(6464K)->6272K(6464K)
[999.964s][info][gc             ] GC(2525) Pause Young (Allocation Failure) 582M->291M(598M) 1.731ms
[999.964s][info][gc,cpu         ] GC(2525) User=0.00s Sys=0.00s Real=0.00s
[1000.082s][info][gc,start       ] GC(2526) Pause Young (Allocation Failure)
[1000.084s][info][gc,heap        ] GC(2526) PSYoungGen: 298048K(314368K)->64K(314880K) Eden: 297984K(297984K)->0K(302080K) From: 64K(16384K)->64K(12800K)
[1000.084s][info][gc,heap        ] GC(2526) ParOldGen: 298456K(298496K)->298472K(298496K)
[1000.084s][info][gc,metaspace   ] GC(2526) Metaspace: 35434K(36224K)->35434K(36224K) NonClass: 29162K(29760K)->29162K(29760K) Class: 6272K(6464K)->6272K(6464K)
[1000.084s][info][gc             ] GC(2526) Pause Young (Allocation Failure) 582M->291M(599M) 1.815ms
[1000.084s][info][gc,cpu         ] GC(2526) User=0.00s Sys=0.00s Real=0.00s
[1000.211s][info][gc,start       ] GC(2527) Pause Young (Allocation Failure)
[1000.213s][info][gc,heap        ] GC(2527) PSYoungGen: 302144K(314880K)->32K(316416K) Eden: 302080K(302080K)->0K(302080K) From: 64K(12800K)->32K(14336K)
[1000.213s][info][gc,heap        ] GC(2527) ParOldGen: 298472K(298496K)->298488K(298496K)
[1000.213s][info][gc,metaspace   ] GC(2527) Metaspace: 35434K(36224K)->35434K(36224K) NonClass: 29162K(29760K)->29162K(29760K) Class: 6272K(6464K)->6272K(6464K)
[1000.213s][info][gc             ] GC(2527) Pause Young (Allocation Failure) 586M->291M(600M) 1.730ms
[1000.213s][info][gc,cpu         ] GC(2527) User=0.00s Sys=0.01s Real=0.00s
[1000.488s][info][gc,start       ] GC(2528) Pause Young (Allocation Failure)
[1000.489s][info][gc,heap        ] GC(2528) PSYoungGen: 302112K(316416K)->64K(316928K) Eden: 302080K(302080K)->0K(305664K) From: 32K(14336K)->64K(11264K)
[1000.490s][info][gc,heap        ] GC(2528) ParOldGen: 298488K(298496K)->298504K(299008K)
[1000.490s][info][gc,metaspace   ] GC(2528) Metaspace: 35434K(36224K)->35434K(36224K) NonClass: 29162K(29760K)->29162K(29760K) Class: 6272K(6464K)->6272K(6464K)
[1000.490s][info][gc             ] GC(2528) Pause Young (Allocation Failure) 586M->291M(601M) 1.685ms
[1000.490s][info][gc,cpu         ] GC(2528) User=0.00s Sys=0.00s Real=0.00s
[1001.488s][info][gc,start       ] GC(2529) Pause Young (Allocation Failure)
[1001.490s][info][gc,heap        ] GC(2529) PSYoungGen: 305728K(316928K)->83K(293888K) Eden: 305664K(305664K)->0K(293376K) From: 64K(11264K)->83K(512K)
[1001.490s][info][gc,heap        ] GC(2529) ParOldGen: 298504K(299008K)->298512K(299008K)
[1001.490s][info][gc,metaspace   ] GC(2529) Metaspace: 35434K(36224K)->35434K(36224K) NonClass: 29162K(29760K)->29162K(29760K) Class: 6272K(6464K)->6272K(6464K)
[1001.490s][info][gc             ] GC(2529) Pause Young (Allocation Failure) 590M->291M(579M) 2.476ms
[1001.490s][info][gc,cpu         ] GC(2529) User=0.01s Sys=0.00s Real=0.00s
[1002.543s][info][gc,start       ] GC(2530) Pause Young (Allocation Failure)
[1002.545s][info][gc,heap        ] GC(2530) PSYoungGen: 293459K(293888K)->64K(282112K) Eden: 293376K(293376K)->0K(281600K) From: 83K(512K)->64K(512K)
[1002.545s][info][gc,heap        ] GC(2530) ParOldGen: 298512K(299008K)->298520K(299008K)
[1002.545s][info][gc,metaspace   ] GC(2530) Metaspace: 35434K(36224K)->35434K(36224K) NonClass: 29162K(29760K)->29162K(29760K) Class: 6272K(6464K)->6272K(6464K)
[1002.545s][info][gc             ] GC(2530) Pause Young (Allocation Failure) 578M->291M(567M) 1.995ms
[1002.545s][info][gc,cpu         ] GC(2530) User=0.01s Sys=0.00s Real=0.00s
[1002.989s][info][gc,start       ] GC(2531) Pause Young (Allocation Failure)
[1002.991s][info][gc,heap        ] GC(2531) PSYoungGen: 281664K(282112K)->64K(282112K) Eden: 281600K(281600K)->0K(270848K) From: 64K(512K)->64K(11264K)
[1002.991s][info][gc,heap        ] GC(2531) ParOldGen: 298520K(299008K)->298528K(299008K)
[1002.991s][info][gc,metaspace   ] GC(2531) Metaspace: 35434K(36224K)->35434K(36224K) NonClass: 29162K(29760K)->29162K(29760K) Class: 6272K(6464K)->6272K(6464K)
[1002.991s][info][gc             ] GC(2531) Pause Young (Allocation Failure) 566M->291M(567M) 1.981ms
[1002.991s][info][gc,cpu         ] GC(2531) User=0.00s Sys=0.00s Real=0.01s
[1003.638s][info][gc,start       ] GC(2532) Pause Young (Allocation Failure)
[1003.640s][info][gc,heap        ] GC(2532) PSYoungGen: 270912K(282112K)->64K(261120K) Eden: 270848K(270848K)->0K(260608K) From: 64K(11264K)->64K(512K)
[1003.640s][info][gc,heap        ] GC(2532) ParOldGen: 298528K(299008K)->298536K(299008K)
[1003.640s][info][gc,metaspace   ] GC(2532) Metaspace: 35434K(36224K)->35434K(36224K) NonClass: 29162K(29760K)->29162K(29760K) Class: 6272K(6464K)->6272K(6464K)
[1003.640s][info][gc             ] GC(2532) Pause Young (Allocation Failure) 556M->291M(547M) 1.966ms
[1003.640s][info][gc,cpu         ] GC(2532) User=0.01s Sys=0.00s Real=0.00s
[1004.598s][info][gc,start       ] GC(2533) Pause Young (Allocation Failure)
[1004.600s][info][gc,heap        ] GC(2533) PSYoungGen: 260672K(261120K)->64K(260608K) Eden: 260608K(260608K)->0K(250880K) From: 64K(512K)->64K(9728K)
[1004.600s][info][gc,heap        ] GC(2533) ParOldGen: 298536K(299008K)->298552K(299008K)
[1004.600s][info][gc,metaspace   ] GC(2533) Metaspace: 35434K(36224K)->35434K(36224K) NonClass: 29162K(29760K)->29162K(29760K) Class: 6272K(6464K)->6272K(6464K)
[1004.600s][info][gc             ] GC(2533) Pause Young (Allocation Failure) 546M->291M(546M) 1.778ms
[1004.600s][info][gc,cpu         ] GC(2533) User=0.00s Sys=0.00s Real=0.00s
[1005.048s][info][gc,start       ] GC(2534) Pause Young (Allocation Failure)
[1005.050s][info][gc,heap        ] GC(2534) PSYoungGen: 250944K(260608K)->64K(241664K) Eden: 250880K(250880K)->0K(241152K) From: 64K(9728K)->64K(512K)
[1005.050s][info][gc,heap        ] GC(2534) ParOldGen: 298552K(299008K)->298568K(299008K)
[1005.050s][info][gc,metaspace   ] GC(2534) Metaspace: 35434K(36224K)->35434K(36224K) NonClass: 29162K(29760K)->29162K(29760K) Class: 6272K(6464K)->6272K(6464K)
[1005.050s][info][gc             ] GC(2534) Pause Young (Allocation Failure) 536M->291M(528M) 2.651ms
[1005.050s][info][gc,cpu         ] GC(2534) User=0.00s Sys=0.00s Real=0.00s
[1005.134s][info][gc,start       ] GC(2535) Pause Young (Allocation Failure)
[1005.136s][info][gc,heap        ] GC(2535) PSYoungGen: 241216K(241664K)->32K(240128K) Eden: 241152K(241152K)->0K(231936K) From: 64K(512K)->32K(8192K)
[1005.136s][info][gc,heap        ] GC(2535) ParOldGen: 298568K(299008K)->298576K(299008K)
[1005.136s][info][gc,metaspace   ] GC(2535) Metaspace: 35434K(36224K)->35434K(36224K) NonClass: 29162K(29760K)->29162K(29760K) Class: 6272K(6464K)->6272K(6464K)
[1005.136s][info][gc             ] GC(2535) Pause Young (Allocation Failure) 527M->291M(526M) 2.018ms
[1005.136s][info][gc,cpu         ] GC(2535) User=0.01s Sys=0.00s Real=0.00s
[1005.628s][info][gc,start       ] GC(2536) Pause Young (Allocation Failure)
[1005.632s][info][gc,heap        ] GC(2536) PSYoungGen: 231968K(240128K)->64K(223744K) Eden: 231936K(231936K)->0K(223232K) From: 32K(8192K)->64K(512K)
[1005.632s][info][gc,heap        ] GC(2536) ParOldGen: 298576K(299008K)->298584K(299008K)
[1005.632s][info][gc,metaspace   ] GC(2536) Metaspace: 35434K(36224K)->35434K(36224K) NonClass: 29162K(29760K)->29162K(29760K) Class: 6272K(6464K)->6272K(6464K)
[1005.632s][info][gc             ] GC(2536) Pause Young (Allocation Failure) 518M->291M(510M) 4.062ms
[1005.632s][info][gc,cpu         ] GC(2536) User=0.00s Sys=0.00s Real=0.01s
[1005.993s][info][gc,start       ] GC(2537) Pause Young (Allocation Failure)
[1005.996s][info][gc,heap        ] GC(2537) PSYoungGen: 223296K(223744K)->64K(222208K) Eden: 223232K(223232K)->0K(215040K) From: 64K(512K)->64K(7168K)
[1005.996s][info][gc,heap        ] GC(2537) ParOldGen: 298584K(299008K)->298592K(299008K)
[1005.996s][info][gc,metaspace   ] GC(2537) Metaspace: 35434K(36224K)->35434K(36224K) NonClass: 29162K(29760K)->29162K(29760K) Class: 6272K(6464K)->6272K(6464K)
[1005.996s][info][gc             ] GC(2537) Pause Young (Allocation Failure) 509M->291M(509M) 3.306ms
[1005.996s][info][gc,cpu         ] GC(2537) User=0.00s Sys=0.00s Real=0.00s
[1006.429s][info][gc,start       ] GC(2538) Pause Young (Allocation Failure)
[1006.448s][info][gc,heap        ] GC(2538) PSYoungGen: 215103K(222208K)->4320K(260608K) Eden: 215039K(215040K)->0K(256000K) From: 64K(7168K)->4320K(4608K)
[1006.448s][info][gc,heap        ] GC(2538) ParOldGen: 298592K(299008K)->298608K(299008K)
[1006.448s][info][gc,metaspace   ] GC(2538) Metaspace: 35434K(36224K)->35434K(36224K) NonClass: 29162K(29760K)->29162K(29760K) Class: 6272K(6464K)->6272K(6464K)
[1006.448s][info][gc             ] GC(2538) Pause Young (Allocation Failure) 501M->295M(546M) 19.051ms
[1006.448s][info][gc,cpu         ] GC(2538) User=0.02s Sys=0.00s Real=0.02s
[1006.804s][info][gc,start       ] GC(2539) Pause Young (Allocation Failure)
[1006.873s][info][gc,heap        ] GC(2539) PSYoungGen: 260320K(260608K)->7680K(273920K) Eden: 256000K(256000K)->0K(266240K) From: 4320K(4608K)->7680K(7680K)
[1006.873s][info][gc,heap        ] GC(2539) ParOldGen: 298608K(299008K)->318104K(318464K)
[1006.873s][info][gc,metaspace   ] GC(2539) Metaspace: 35434K(36224K)->35434K(36224K) NonClass: 29162K(29760K)->29162K(29760K) Class: 6272K(6464K)->6272K(6464K)
[1006.873s][info][gc             ] GC(2539) Pause Young (Allocation Failure) 545M->318M(578M) 69.178ms
[1006.873s][info][gc,cpu         ] GC(2539) User=0.11s Sys=0.02s Real=0.07s
[1007.337s][info][gc,start       ] GC(2540) Pause Young (Allocation Failure)
[1007.424s][info][gc,heap        ] GC(2540) PSYoungGen: 273920K(273920K)->16384K(301056K) Eden: 266240K(266240K)->0K(284672K) From: 7680K(7680K)->16384K(16384K)
[1007.424s][info][gc,heap        ] GC(2540) ParOldGen: 318104K(318464K)->330680K(330752K)
[1007.424s][info][gc,metaspace   ] GC(2540) Metaspace: 35434K(36224K)->35434K(36224K) NonClass: 29162K(29760K)->29162K(29760K) Class: 6272K(6464K)->6272K(6464K)
[1007.424s][info][gc             ] GC(2540) Pause Young (Allocation Failure) 578M->338M(617M) 87.564ms
[1007.425s][info][gc,cpu         ] GC(2540) User=0.14s Sys=0.03s Real=0.09s
[1007.650s][info][gc,start       ] GC(2541) Pause Young (Allocation Failure)
[1007.680s][info][gc,heap        ] GC(2541) PSYoungGen: 301056K(301056K)->9280K(309248K) Eden: 284672K(284672K)->0K(284672K) From: 16384K(16384K)->9280K(24576K)
[1007.680s][info][gc,heap        ] GC(2541) ParOldGen: 330680K(330752K)->331128K(331264K)
[1007.680s][info][gc,metaspace   ] GC(2541) Metaspace: 35434K(36224K)->35434K(36224K) NonClass: 29162K(29760K)->29162K(29760K) Class: 6272K(6464K)->6272K(6464K)
[1007.680s][info][gc             ] GC(2541) Pause Young (Allocation Failure) 616M->332M(625M) 30.441ms
[1007.680s][info][gc,cpu         ] GC(2541) User=0.06s Sys=0.00s Real=0.03s
[1008.227s][info][gc,start       ] GC(2542) Pause Young (Allocation Failure)
[1008.229s][info][gc,heap        ] GC(2542) PSYoungGen: 293952K(309248K)->32K(307712K) Eden: 284672K(284672K)->0K(285184K) From: 9280K(24576K)->32K(22528K)
[1008.229s][info][gc,heap        ] GC(2542) ParOldGen: 331128K(331264K)->331136K(331264K)
[1008.229s][info][gc,metaspace   ] GC(2542) Metaspace: 35434K(36224K)->35434K(36224K) NonClass: 29162K(29760K)->29162K(29760K) Class: 6272K(6464K)->6272K(6464K)
[1008.229s][info][gc             ] GC(2542) Pause Young (Allocation Failure) 610M->323M(624M) 2.134ms
[1008.229s][info][gc,cpu         ] GC(2542) User=0.00s Sys=0.00s Real=0.00s
[1008.872s][info][gc,start       ] GC(2543) Pause Young (Allocation Failure)
[1008.874s][info][gc,heap        ] GC(2543) PSYoungGen: 285216K(307712K)->64K(308736K) Eden: 285184K(285184K)->0K(285184K) From: 32K(22528K)->64K(23552K)
[1008.874s][info][gc,heap        ] GC(2543) ParOldGen: 331136K(331264K)->331152K(331264K)
[1008.874s][info][gc,metaspace   ] GC(2543) Metaspace: 35434K(36224K)->35434K(36224K) NonClass: 29162K(29760K)->29162K(29760K) Class: 6272K(6464K)->6272K(6464K)
[1008.874s][info][gc             ] GC(2543) Pause Young (Allocation Failure) 601M->323M(625M) 1.778ms
[1008.874s][info][gc,cpu         ] GC(2543) User=0.00s Sys=0.00s Real=0.00s
[1009.359s][info][gc,start       ] GC(2544) Pause Young (Allocation Failure)
[1009.360s][info][gc,heap        ] GC(2544) PSYoungGen: 285248K(308736K)->64K(309248K) Eden: 285184K(285184K)->0K(287744K) From: 64K(23552K)->64K(21504K)
[1009.361s][info][gc,heap        ] GC(2544) ParOldGen: 331152K(331264K)->331168K(331264K)
[1009.361s][info][gc,metaspace   ] GC(2544) Metaspace: 35434K(36224K)->35434K(36224K) NonClass: 29162K(29760K)->29162K(29760K) Class: 6272K(6464K)->6272K(6464K)
[1009.361s][info][gc             ] GC(2544) Pause Young (Allocation Failure) 601M->323M(625M) 1.851ms
[1009.361s][info][gc,cpu         ] GC(2544) User=0.01s Sys=0.00s Real=0.00s
[1009.610s][info][gc,start       ] GC(2545) Pause Young (Allocation Failure)
[1009.611s][info][gc,heap        ] GC(2545) PSYoungGen: 287808K(309248K)->64K(309760K) Eden: 287744K(287744K)->0K(287744K) From: 64K(21504K)->64K(22016K)
[1009.611s][info][gc,heap        ] GC(2545) ParOldGen: 331168K(331264K)->331184K(331264K)
[1009.611s][info][gc,metaspace   ] GC(2545) Metaspace: 35434K(36224K)->35434K(36224K) NonClass: 29162K(29760K)->29162K(29760K) Class: 6272K(6464K)->6272K(6464K)
[1009.611s][info][gc             ] GC(2545) Pause Young (Allocation Failure) 604M->323M(626M) 1.786ms
[1009.612s][info][gc,cpu         ] GC(2545) User=0.01s Sys=0.00s Real=0.01s
[1009.861s][info][gc,start       ] GC(2546) Pause Young (Allocation Failure)
[1009.863s][info][gc,heap        ] GC(2546) PSYoungGen: 287808K(309760K)->64K(310272K) Eden: 287744K(287744K)->0K(290816K) From: 64K(22016K)->64K(19456K)
[1009.863s][info][gc,heap        ] GC(2546) ParOldGen: 331184K(331264K)->331184K(331264K)
[1009.863s][info][gc,metaspace   ] GC(2546) Metaspace: 35434K(36224K)->35434K(36224K) NonClass: 29162K(29760K)->29162K(29760K) Class: 6272K(6464K)->6272K(6464K)
[1009.863s][info][gc             ] GC(2546) Pause Young (Allocation Failure) 604M->323M(626M) 1.903ms
[1009.863s][info][gc,cpu         ] GC(2546) User=0.00s Sys=0.00s Real=0.00s
[1010.284s][info][gc,start       ] GC(2547) Pause Young (Allocation Failure)
[1010.286s][info][gc,heap        ] GC(2547) PSYoungGen: 290880K(310272K)->64K(310784K) Eden: 290816K(290816K)->0K(290816K) From: 64K(19456K)->64K(19968K)
[1010.286s][info][gc,heap        ] GC(2547) ParOldGen: 331184K(331264K)->331184K(331264K)
[1010.286s][info][gc,metaspace   ] GC(2547) Metaspace: 35434K(36224K)->35434K(36224K) NonClass: 29162K(29760K)->29162K(29760K) Class: 6272K(6464K)->6272K(6464K)
[1010.286s][info][gc             ] GC(2547) Pause Young (Allocation Failure) 607M->323M(627M) 1.790ms
[1010.286s][info][gc,cpu         ] GC(2547) User=0.00s Sys=0.00s Real=0.00s
[1010.383s][info][gc,start       ] GC(2548) Pause Young (Allocation Failure)
[1010.385s][info][gc,heap        ] GC(2548) PSYoungGen: 290880K(310784K)->32K(312320K) Eden: 290816K(290816K)->0K(294912K) From: 64K(19968K)->32K(17408K)
[1010.385s][info][gc,heap        ] GC(2548) ParOldGen: 331184K(331264K)->331200K(331264K)
[1010.385s][info][gc,metaspace   ] GC(2548) Metaspace: 35434K(36224K)->35434K(36224K) NonClass: 29162K(29760K)->29162K(29760K) Class: 6272K(6464K)->6272K(6464K)
[1010.385s][info][gc             ] GC(2548) Pause Young (Allocation Failure) 607M->323M(628M) 1.841ms
[1010.385s][info][gc,cpu         ] GC(2548) User=0.00s Sys=0.00s Real=0.00s
[1010.444s][info][gc,start       ] GC(2549) Pause Young (Allocation Failure)
[1010.446s][info][gc,heap        ] GC(2549) PSYoungGen: 294944K(312320K)->32K(312832K) Eden: 294912K(294912K)->0K(294912K) From: 32K(17408K)->32K(17920K)
[1010.446s][info][gc,heap        ] GC(2549) ParOldGen: 331200K(331264K)->331216K(331264K)
[1010.446s][info][gc,metaspace   ] GC(2549) Metaspace: 35434K(36224K)->35434K(36224K) NonClass: 29162K(29760K)->29162K(29760K) Class: 6272K(6464K)->6272K(6464K)
[1010.446s][info][gc             ] GC(2549) Pause Young (Allocation Failure) 611M->323M(629M) 2.001ms
[1010.446s][info][gc,cpu         ] GC(2549) User=0.00s Sys=0.00s Real=0.00s
[1010.620s][info][gc,start       ] GC(2550) Pause Young (Allocation Failure)
[1010.622s][info][gc,heap        ] GC(2550) PSYoungGen: 294944K(312832K)->64K(313856K) Eden: 294912K(294912K)->0K(298496K) From: 32K(17920K)->64K(15360K)
[1010.622s][info][gc,heap        ] GC(2550) ParOldGen: 331216K(331264K)->331216K(331264K)
[1010.622s][info][gc,metaspace   ] GC(2550) Metaspace: 35434K(36224K)->35434K(36224K) NonClass: 29162K(29760K)->29162K(29760K) Class: 6272K(6464K)->6272K(6464K)
[1010.622s][info][gc             ] GC(2550) Pause Young (Allocation Failure) 611M->323M(630M) 1.810ms
[1010.622s][info][gc,cpu         ] GC(2550) User=0.00s Sys=0.00s Real=0.01s
[1010.876s][info][gc,start       ] GC(2551) Pause Young (Allocation Failure)
[1010.878s][info][gc,heap        ] GC(2551) PSYoungGen: 298560K(313856K)->32K(314880K) Eden: 298496K(298496K)->0K(298496K) From: 64K(15360K)->32K(16384K)
[1010.878s][info][gc,heap        ] GC(2551) ParOldGen: 331216K(331264K)->331232K(331264K)
[1010.878s][info][gc,metaspace   ] GC(2551) Metaspace: 35434K(36224K)->35434K(36224K) NonClass: 29162K(29760K)->29162K(29760K) Class: 6272K(6464K)->6272K(6464K)
[1010.878s][info][gc             ] GC(2551) Pause Young (Allocation Failure) 615M->323M(631M) 1.836ms
[1010.878s][info][gc,cpu         ] GC(2551) User=0.00s Sys=0.00s Real=0.00s
[1011.041s][info][gc,start       ] GC(2552) Pause Young (Allocation Failure)
[1011.043s][info][gc,heap        ] GC(2552) PSYoungGen: 298528K(314880K)->64K(315392K) Eden: 298496K(298496K)->0K(302080K) From: 32K(16384K)->64K(13312K)
[1011.043s][info][gc,heap        ] GC(2552) ParOldGen: 331232K(331264K)->331248K(331264K)
[1011.043s][info][gc,metaspace   ] GC(2552) Metaspace: 35434K(36224K)->35434K(36224K) NonClass: 29162K(29760K)->29162K(29760K) Class: 6272K(6464K)->6272K(6464K)
[1011.043s][info][gc             ] GC(2552) Pause Young (Allocation Failure) 615M->323M(631M) 1.880ms
[1011.043s][info][gc,cpu         ] GC(2552) User=0.01s Sys=0.00s Real=0.00s
[1011.138s][info][gc,start       ] GC(2553) Pause Young (Allocation Failure)
[1011.140s][info][gc,heap        ] GC(2553) PSYoungGen: 302144K(315392K)->64K(316416K) Eden: 302080K(302080K)->0K(302080K) From: 64K(13312K)->64K(14336K)
[1011.140s][info][gc,heap        ] GC(2553) ParOldGen: 331248K(331264K)->331264K(331776K)
[1011.140s][info][gc,metaspace   ] GC(2553) Metaspace: 35434K(36224K)->35434K(36224K) NonClass: 29162K(29760K)->29162K(29760K) Class: 6272K(6464K)->6272K(6464K)
[1011.140s][info][gc             ] GC(2553) Pause Young (Allocation Failure) 618M->323M(633M) 1.830ms
[1011.140s][info][gc,cpu         ] GC(2553) User=0.00s Sys=0.00s Real=0.00s
[1011.341s][info][gc,start       ] GC(2554) Pause Young (Allocation Failure)
[1011.343s][info][gc,heap        ] GC(2554) PSYoungGen: 302144K(316416K)->64K(318464K) Eden: 302080K(302080K)->0K(306176K) From: 64K(14336K)->64K(12288K)
[1011.343s][info][gc,heap        ] GC(2554) ParOldGen: 331264K(331776K)->331280K(331776K)
[1011.343s][info][gc,metaspace   ] GC(2554) Metaspace: 35434K(36224K)->35434K(36224K) NonClass: 29162K(29760K)->29162K(29760K) Class: 6272K(6464K)->6272K(6464K)
[1011.343s][info][gc             ] GC(2554) Pause Young (Allocation Failure) 618M->323M(635M) 1.959ms
[1011.343s][info][gc,cpu         ] GC(2554) User=0.00s Sys=0.00s Real=0.00s
[1012.504s][info][gc,start       ] GC(2555) Pause Young (Allocation Failure)
[1012.506s][info][gc,heap        ] GC(2555) PSYoungGen: 306240K(318464K)->100K(318976K) Eden: 306176K(306176K)->0K(306176K) From: 64K(12288K)->100K(12800K)
[1012.506s][info][gc,heap        ] GC(2555) ParOldGen: 331280K(331776K)->331288K(331776K)
[1012.506s][info][gc,metaspace   ] GC(2555) Metaspace: 35434K(36224K)->35434K(36224K) NonClass: 29162K(29760K)->29162K(29760K) Class: 6272K(6464K)->6272K(6464K)
[1012.506s][info][gc             ] GC(2555) Pause Young (Allocation Failure) 622M->323M(635M) 1.863ms
[1012.506s][info][gc,cpu         ] GC(2555) User=0.01s Sys=0.00s Real=0.00s
[1013.678s][info][gc,start       ] GC(2556) Pause Young (Allocation Failure)
[1013.682s][info][gc,heap        ] GC(2556) PSYoungGen: 306276K(318976K)->64K(294400K) Eden: 306176K(306176K)->0K(293888K) From: 100K(12800K)->64K(512K)
[1013.682s][info][gc,heap        ] GC(2556) ParOldGen: 331288K(331776K)->331296K(331776K)
[1013.682s][info][gc,metaspace   ] GC(2556) Metaspace: 35434K(36224K)->35434K(36224K) NonClass: 29162K(29760K)->29162K(29760K) Class: 6272K(6464K)->6272K(6464K)
[1013.682s][info][gc             ] GC(2556) Pause Young (Allocation Failure) 622M->323M(611M) 3.176ms
[1013.682s][info][gc,cpu         ] GC(2556) User=0.00s Sys=0.00s Real=0.01s
[1014.079s][info][gc,start       ] GC(2557) Pause Young (Allocation Failure)
[1014.081s][info][gc,heap        ] GC(2557) PSYoungGen: 293952K(294400K)->64K(293376K) Eden: 293888K(293888K)->0K(282112K) From: 64K(512K)->64K(11264K)
[1014.081s][info][gc,heap        ] GC(2557) ParOldGen: 331296K(331776K)->331312K(331776K)
[1014.081s][info][gc,metaspace   ] GC(2557) Metaspace: 35434K(36224K)->35434K(36224K) NonClass: 29162K(29760K)->29162K(29760K) Class: 6272K(6464K)->6272K(6464K)
[1014.081s][info][gc             ] GC(2557) Pause Young (Allocation Failure) 610M->323M(610M) 1.897ms
[1014.081s][info][gc,cpu         ] GC(2557) User=0.00s Sys=0.00s Real=0.01s
[1014.578s][info][gc,start       ] GC(2558) Pause Young (Allocation Failure)
[1014.580s][info][gc,heap        ] GC(2558) PSYoungGen: 282176K(293376K)->64K(271872K) Eden: 282112K(282112K)->0K(271360K) From: 64K(11264K)->64K(512K)
[1014.581s][info][gc,heap        ] GC(2558) ParOldGen: 331312K(331776K)->331320K(331776K)
[1014.581s][info][gc,metaspace   ] GC(2558) Metaspace: 35434K(36224K)->35434K(36224K) NonClass: 29162K(29760K)->29162K(29760K) Class: 6272K(6464K)->6272K(6464K)
[1014.581s][info][gc             ] GC(2558) Pause Young (Allocation Failure) 599M->323M(589M) 2.433ms
[1014.581s][info][gc,cpu         ] GC(2558) User=0.00s Sys=0.00s Real=0.00s
[1015.788s][info][gc,start       ] GC(2559) Pause Young (Allocation Failure)
[1015.789s][info][gc,heap        ] GC(2559) PSYoungGen: 271424K(271872K)->64K(270848K) Eden: 271360K(271360K)->0K(261120K) From: 64K(512K)->64K(9728K)
[1015.790s][info][gc,heap        ] GC(2559) ParOldGen: 331320K(331776K)->331336K(331776K)
[1015.790s][info][gc,metaspace   ] GC(2559) Metaspace: 35434K(36224K)->35434K(36224K) NonClass: 29162K(29760K)->29162K(29760K) Class: 6272K(6464K)->6272K(6464K)
[1015.790s][info][gc             ] GC(2559) Pause Young (Allocation Failure) 588M->323M(588M) 1.890ms
[1015.790s][info][gc,cpu         ] GC(2559) User=0.00s Sys=0.00s Real=0.00s
[1016.203s][info][gc,start       ] GC(2560) Pause Young (Allocation Failure)
[1016.206s][info][gc,heap        ] GC(2560) PSYoungGen: 261184K(270848K)->64K(251392K) Eden: 261120K(261120K)->0K(250880K) From: 64K(9728K)->64K(512K)
[1016.206s][info][gc,heap        ] GC(2560) ParOldGen: 331336K(331776K)->331344K(331776K)
[1016.206s][info][gc,metaspace   ] GC(2560) Metaspace: 35434K(36224K)->35434K(36224K) NonClass: 29162K(29760K)->29162K(29760K) Class: 6272K(6464K)->6272K(6464K)
[1016.206s][info][gc             ] GC(2560) Pause Young (Allocation Failure) 578M->323M(569M) 2.503ms
[1016.206s][info][gc,cpu         ] GC(2560) User=0.01s Sys=0.00s Real=0.00s
[1016.357s][info][gc,start       ] GC(2561) Pause Young (Allocation Failure)
[1016.358s][info][gc,heap        ] GC(2561) PSYoungGen: 250944K(251392K)->64K(249856K) Eden: 250880K(250880K)->0K(241152K) From: 64K(512K)->64K(8704K)
[1016.358s][info][gc,heap        ] GC(2561) ParOldGen: 331344K(331776K)->331352K(331776K)
[1016.358s][info][gc,metaspace   ] GC(2561) Metaspace: 35434K(36224K)->35434K(36224K) NonClass: 29162K(29760K)->29162K(29760K) Class: 6272K(6464K)->6272K(6464K)
[1016.358s][info][gc             ] GC(2561) Pause Young (Allocation Failure) 568M->323M(568M) 1.813ms
[1016.358s][info][gc,cpu         ] GC(2561) User=0.00s Sys=0.00s Real=0.00s
[1016.820s][info][gc,start       ] GC(2562) Pause Young (Allocation Failure)
[1016.823s][info][gc,heap        ] GC(2562) PSYoungGen: 241216K(249856K)->64K(232448K) Eden: 241152K(241152K)->0K(231936K) From: 64K(8704K)->64K(512K)
[1016.823s][info][gc,heap        ] GC(2562) ParOldGen: 331352K(331776K)->331360K(331776K)
[1016.823s][info][gc,metaspace   ] GC(2562) Metaspace: 35434K(36224K)->35434K(36224K) NonClass: 29162K(29760K)->29162K(29760K) Class: 6272K(6464K)->6272K(6464K)
[1016.823s][info][gc             ] GC(2562) Pause Young (Allocation Failure) 559M->323M(551M) 2.573ms
[1016.823s][info][gc,cpu         ] GC(2562) User=0.00s Sys=0.00s Real=0.01s
[1017.208s][info][gc,start       ] GC(2563) Pause Young (Allocation Failure)
[1017.211s][info][gc,heap        ] GC(2563) PSYoungGen: 232000K(232448K)->64K(230400K) Eden: 231936K(231936K)->0K(223232K) From: 64K(512K)->64K(7168K)
[1017.211s][info][gc,heap        ] GC(2563) ParOldGen: 331360K(331776K)->331376K(331776K)
[1017.211s][info][gc,metaspace   ] GC(2563) Metaspace: 35434K(36224K)->35434K(36224K) NonClass: 29162K(29760K)->29162K(29760K) Class: 6272K(6464K)->6272K(6464K)
[1017.211s][info][gc             ] GC(2563) Pause Young (Allocation Failure) 550M->323M(549M) 2.688ms
[1017.211s][info][gc,cpu         ] GC(2563) User=0.01s Sys=0.00s Real=0.00s
[1017.658s][info][gc,start       ] GC(2564) Pause Young (Allocation Failure)
[1017.674s][info][gc,heap        ] GC(2564) PSYoungGen: 223295K(230400K)->4416K(269824K) Eden: 223231K(223232K)->0K(265216K) From: 64K(7168K)->4416K(4608K)
[1017.674s][info][gc,heap        ] GC(2564) ParOldGen: 331376K(331776K)->331384K(331776K)
[1017.674s][info][gc,metaspace   ] GC(2564) Metaspace: 35434K(36224K)->35434K(36224K) NonClass: 29162K(29760K)->29162K(29760K) Class: 6272K(6464K)->6272K(6464K)
[1017.674s][info][gc             ] GC(2564) Pause Young (Allocation Failure) 541M->327M(587M) 16.499ms
[1017.674s][info][gc,cpu         ] GC(2564) User=0.02s Sys=0.00s Real=0.02s
[1018.116s][info][gc,start       ] GC(2565) Pause Young (Allocation Failure)
[1018.208s][info][gc,heap        ] GC(2565) PSYoungGen: 269632K(269824K)->7680K(285696K) Eden: 265216K(265216K)->0K(278016K) From: 4416K(4608K)->7680K(7680K)
[1018.208s][info][gc,heap        ] GC(2565) ParOldGen: 331384K(331776K)->351856K(352256K)
[1018.208s][info][gc,metaspace   ] GC(2565) Metaspace: 35434K(36224K)->35434K(36224K) NonClass: 29162K(29760K)->29162K(29760K) Class: 6272K(6464K)->6272K(6464K)
[1018.208s][info][gc             ] GC(2565) Pause Young (Allocation Failure) 586M->351M(623M) 91.611ms
[1018.208s][info][gc,cpu         ] GC(2565) User=0.14s Sys=0.04s Real=0.09s
[1018.912s][info][gc,start       ] GC(2566) Pause Young (Allocation Failure)
[1018.999s][info][gc,heap        ] GC(2566) PSYoungGen: 285696K(285696K)->16896K(299520K) Eden: 278016K(278016K)->0K(282624K) From: 7680K(7680K)->16896K(16896K)
[1018.999s][info][gc,heap        ] GC(2566) ParOldGen: 351856K(352256K)->365208K(365568K)
[1018.999s][info][gc,metaspace   ] GC(2566) Metaspace: 35434K(36224K)->35434K(36224K) NonClass: 29162K(29760K)->29162K(29760K) Class: 6272K(6464K)->6272K(6464K)
[1018.999s][info][gc             ] GC(2566) Pause Young (Allocation Failure) 622M->373M(649M) 86.941ms
[1018.999s][info][gc,cpu         ] GC(2566) User=0.14s Sys=0.02s Real=0.08s
[1019.151s][info][gc,start       ] GC(2567) Pause Young (Allocation Failure)
[1019.173s][info][gc,heap        ] GC(2567) PSYoungGen: 299520K(299520K)->6944K(308224K) Eden: 282624K(282624K)->0K(282624K) From: 16896K(16896K)->6944K(25600K)
[1019.174s][info][gc,heap        ] GC(2567) ParOldGen: 365208K(365568K)->365688K(366080K)
[1019.174s][info][gc,metaspace   ] GC(2567) Metaspace: 35434K(36224K)->35434K(36224K) NonClass: 29162K(29760K)->29162K(29760K) Class: 6272K(6464K)->6272K(6464K)
[1019.174s][info][gc             ] GC(2567) Pause Young (Allocation Failure) 649M->363M(658M) 22.251ms
[1019.174s][info][gc,cpu         ] GC(2567) User=0.04s Sys=0.00s Real=0.02s
[1019.755s][info][gc,start       ] GC(2568) Pause Young (Allocation Failure)
[1019.757s][info][gc,heap        ] GC(2568) PSYoungGen: 289568K(308224K)->32K(304640K) Eden: 282624K(282624K)->0K(284160K) From: 6944K(25600K)->32K(20480K)
[1019.758s][info][gc,heap        ] GC(2568) ParOldGen: 365688K(366080K)->365696K(366080K)
[1019.758s][info][gc,metaspace   ] GC(2568) Metaspace: 35434K(36224K)->35434K(36224K) NonClass: 29162K(29760K)->29162K(29760K) Class: 6272K(6464K)->6272K(6464K)
[1019.758s][info][gc             ] GC(2568) Pause Young (Allocation Failure) 639M->357M(655M) 2.259ms
[1019.758s][info][gc,cpu         ] GC(2568) User=0.00s Sys=0.00s Real=0.00s
[1020.392s][info][gc,start       ] GC(2569) Pause Young (Allocation Failure)
[1020.395s][info][gc,heap        ] GC(2569) PSYoungGen: 284192K(304640K)->160K(307200K) Eden: 284160K(284160K)->0K(284160K) From: 32K(20480K)->160K(23040K)
[1020.395s][info][gc,heap        ] GC(2569) ParOldGen: 365696K(366080K)->365704K(366080K)
[1020.395s][info][gc,metaspace   ] GC(2569) Metaspace: 35505K(36224K)->35505K(36224K) NonClass: 29232K(29760K)->29232K(29760K) Class: 6273K(6464K)->6273K(6464K)
[1020.395s][info][gc             ] GC(2569) Pause Young (Allocation Failure) 634M->357M(657M) 2.207ms
[1020.395s][info][gc,cpu         ] GC(2569) User=0.00s Sys=0.00s Real=0.00s
[1020.880s][info][gc,start       ] GC(2570) Pause Young (Allocation Failure)
[1020.883s][info][gc,heap        ] GC(2570) PSYoungGen: 284320K(307200K)->64K(308224K) Eden: 284160K(284160K)->0K(288256K) From: 160K(23040K)->64K(19968K)
[1020.883s][info][gc,heap        ] GC(2570) ParOldGen: 365704K(366080K)->365808K(366080K)
[1020.883s][info][gc,metaspace   ] GC(2570) Metaspace: 35505K(36224K)->35505K(36224K) NonClass: 29232K(29760K)->29232K(29760K) Class: 6273K(6464K)->6273K(6464K)
[1020.883s][info][gc             ] GC(2570) Pause Young (Allocation Failure) 634M->357M(658M) 2.433ms
[1020.883s][info][gc,cpu         ] GC(2570) User=0.00s Sys=0.00s Real=0.01s
[1021.134s][info][gc,start       ] GC(2571) Pause Young (Allocation Failure)
[1021.136s][info][gc,heap        ] GC(2571) PSYoungGen: 288320K(308224K)->32K(309760K) Eden: 288256K(288256K)->0K(288256K) From: 64K(19968K)->32K(21504K)
[1021.136s][info][gc,heap        ] GC(2571) ParOldGen: 365808K(366080K)->365824K(366080K)
[1021.136s][info][gc,metaspace   ] GC(2571) Metaspace: 35505K(36224K)->35505K(36224K) NonClass: 29232K(29760K)->29232K(29760K) Class: 6273K(6464K)->6273K(6464K)
[1021.136s][info][gc             ] GC(2571) Pause Young (Allocation Failure) 638M->357M(660M) 2.021ms
[1021.136s][info][gc,cpu         ] GC(2571) User=0.00s Sys=0.00s Real=0.00s
[1021.385s][info][gc,start       ] GC(2572) Pause Young (Allocation Failure)
[1021.386s][info][gc,heap        ] GC(2572) PSYoungGen: 288288K(309760K)->64K(309760K) Eden: 288256K(288256K)->0K(291328K) From: 32K(21504K)->64K(18432K)
[1021.386s][info][gc,heap        ] GC(2572) ParOldGen: 365824K(366080K)->365824K(366080K)
[1021.386s][info][gc,metaspace   ] GC(2572) Metaspace: 35505K(36224K)->35505K(36224K) NonClass: 29232K(29760K)->29232K(29760K) Class: 6273K(6464K)->6273K(6464K)
[1021.386s][info][gc             ] GC(2572) Pause Young (Allocation Failure) 638M->357M(660M) 1.564ms
[1021.386s][info][gc,cpu         ] GC(2572) User=0.00s Sys=0.00s Real=0.00s
[1021.806s][info][gc,start       ] GC(2573) Pause Young (Allocation Failure)
[1021.808s][info][gc,heap        ] GC(2573) PSYoungGen: 291392K(309760K)->64K(311296K) Eden: 291328K(291328K)->0K(291328K) From: 64K(18432K)->64K(19968K)
[1021.808s][info][gc,heap        ] GC(2573) ParOldGen: 365824K(366080K)->365824K(366080K)
[1021.808s][info][gc,metaspace   ] GC(2573) Metaspace: 35505K(36224K)->35505K(36224K) NonClass: 29232K(29760K)->29232K(29760K) Class: 6273K(6464K)->6273K(6464K)
[1021.808s][info][gc             ] GC(2573) Pause Young (Allocation Failure) 641M->357M(661M) 1.931ms
[1021.808s][info][gc,cpu         ] GC(2573) User=0.00s Sys=0.00s Real=0.00s
[1021.905s][info][gc,start       ] GC(2574) Pause Young (Allocation Failure)
[1021.907s][info][gc,heap        ] GC(2574) PSYoungGen: 291392K(311296K)->32K(311296K) Eden: 291328K(291328K)->0K(294912K) From: 64K(19968K)->32K(16384K)
[1021.907s][info][gc,heap        ] GC(2574) ParOldGen: 365824K(366080K)->365840K(366080K)
[1021.907s][info][gc,metaspace   ] GC(2574) Metaspace: 35505K(36224K)->35505K(36224K) NonClass: 29232K(29760K)->29232K(29760K) Class: 6273K(6464K)->6273K(6464K)
[1021.907s][info][gc             ] GC(2574) Pause Young (Allocation Failure) 641M->357M(661M) 1.971ms
[1021.907s][info][gc,cpu         ] GC(2574) User=0.00s Sys=0.00s Real=0.00s
[1021.965s][info][gc,start       ] GC(2575) Pause Young (Allocation Failure)
[1021.967s][info][gc,heap        ] GC(2575) PSYoungGen: 294944K(311296K)->32K(312832K) Eden: 294912K(294912K)->0K(294912K) From: 32K(16384K)->32K(17920K)
[1021.967s][info][gc,heap        ] GC(2575) ParOldGen: 365840K(366080K)->365856K(366080K)
[1021.967s][info][gc,metaspace   ] GC(2575) Metaspace: 35505K(36224K)->35505K(36224K) NonClass: 29232K(29760K)->29232K(29760K) Class: 6273K(6464K)->6273K(6464K)
[1021.967s][info][gc             ] GC(2575) Pause Young (Allocation Failure) 645M->357M(663M) 1.917ms
[1021.967s][info][gc,cpu         ] GC(2575) User=0.00s Sys=0.00s Real=0.00s
[1022.140s][info][gc,start       ] GC(2576) Pause Young (Allocation Failure)
[1022.141s][info][gc,heap        ] GC(2576) PSYoungGen: 294944K(312832K)->64K(314368K) Eden: 294912K(294912K)->0K(299008K) From: 32K(17920K)->64K(15360K)
[1022.141s][info][gc,heap        ] GC(2576) ParOldGen: 365856K(366080K)->365856K(366080K)
[1022.141s][info][gc,metaspace   ] GC(2576) Metaspace: 35505K(36224K)->35505K(36224K) NonClass: 29232K(29760K)->29232K(29760K) Class: 6273K(6464K)->6273K(6464K)
[1022.141s][info][gc             ] GC(2576) Pause Young (Allocation Failure) 645M->357M(664M) 1.608ms
[1022.142s][info][gc,cpu         ] GC(2576) User=0.00s Sys=0.00s Real=0.01s
[1022.395s][info][gc,start       ] GC(2577) Pause Young (Allocation Failure)
[1022.397s][info][gc,heap        ] GC(2577) PSYoungGen: 299072K(314368K)->32K(315392K) Eden: 299008K(299008K)->0K(299008K) From: 64K(15360K)->32K(16384K)
[1022.397s][info][gc,heap        ] GC(2577) ParOldGen: 365856K(366080K)->365872K(366080K)
[1022.397s][info][gc,metaspace   ] GC(2577) Metaspace: 35505K(36224K)->35505K(36224K) NonClass: 29232K(29760K)->29232K(29760K) Class: 6273K(6464K)->6273K(6464K)
[1022.397s][info][gc             ] GC(2577) Pause Young (Allocation Failure) 649M->357M(665M) 2.054ms
[1022.397s][info][gc,cpu         ] GC(2577) User=0.01s Sys=0.00s Real=0.00s
[1022.559s][info][gc,start       ] GC(2578) Pause Young (Allocation Failure)
[1022.561s][info][gc,heap        ] GC(2578) PSYoungGen: 299040K(315392K)->64K(315392K) Eden: 299008K(299008K)->0K(302080K) From: 32K(16384K)->64K(13312K)
[1022.561s][info][gc,heap        ] GC(2578) ParOldGen: 365872K(366080K)->365880K(366080K)
[1022.561s][info][gc,metaspace   ] GC(2578) Metaspace: 35505K(36224K)->35505K(36224K) NonClass: 29232K(29760K)->29232K(29760K) Class: 6273K(6464K)->6273K(6464K)
[1022.561s][info][gc             ] GC(2578) Pause Young (Allocation Failure) 649M->357M(665M) 2.077ms
[1022.561s][info][gc,cpu         ] GC(2578) User=0.00s Sys=0.00s Real=0.01s
[1022.656s][info][gc,start       ] GC(2579) Pause Young (Allocation Failure)
[1022.657s][info][gc,heap        ] GC(2579) PSYoungGen: 302144K(315392K)->64K(316416K) Eden: 302080K(302080K)->0K(302080K) From: 64K(13312K)->64K(14336K)
[1022.657s][info][gc,heap        ] GC(2579) ParOldGen: 365880K(366080K)->365888K(366080K)
[1022.657s][info][gc,metaspace   ] GC(2579) Metaspace: 35505K(36224K)->35505K(36224K) NonClass: 29232K(29760K)->29232K(29760K) Class: 6273K(6464K)->6273K(6464K)
[1022.657s][info][gc             ] GC(2579) Pause Young (Allocation Failure) 652M->357M(666M) 1.552ms
[1022.657s][info][gc,cpu         ] GC(2579) User=0.01s Sys=0.00s Real=0.00s
[1022.881s][info][gc,start       ] GC(2580) Pause Young (Allocation Failure)
[1022.883s][info][gc,heap        ] GC(2580) PSYoungGen: 302144K(316416K)->64K(318464K) Eden: 302080K(302080K)->0K(306176K) From: 64K(14336K)->64K(12288K)
[1022.883s][info][gc,heap        ] GC(2580) ParOldGen: 365888K(366080K)->365896K(366080K)
[1022.883s][info][gc,metaspace   ] GC(2580) Metaspace: 35505K(36224K)->35505K(36224K) NonClass: 29232K(29760K)->29232K(29760K) Class: 6273K(6464K)->6273K(6464K)
[1022.883s][info][gc             ] GC(2580) Pause Young (Allocation Failure) 652M->357M(668M) 2.486ms
[1022.883s][info][gc,cpu         ] GC(2580) User=0.00s Sys=0.00s Real=0.01s
[1024.114s][info][gc,start       ] GC(2581) Pause Young (Allocation Failure)
[1024.117s][info][gc,heap        ] GC(2581) PSYoungGen: 306240K(318464K)->83K(318976K) Eden: 306176K(306176K)->0K(306176K) From: 64K(12288K)->83K(12800K)
[1024.117s][info][gc,heap        ] GC(2581) ParOldGen: 365896K(366080K)->365904K(366080K)
[1024.117s][info][gc,metaspace   ] GC(2581) Metaspace: 35505K(36224K)->35505K(36224K) NonClass: 29232K(29760K)->29232K(29760K) Class: 6273K(6464K)->6273K(6464K)
[1024.117s][info][gc             ] GC(2581) Pause Young (Allocation Failure) 656M->357M(669M) 2.422ms
[1024.117s][info][gc,cpu         ] GC(2581) User=0.01s Sys=0.00s Real=0.00s
[1025.327s][info][gc,start       ] GC(2582) Pause Young (Allocation Failure)
[1025.330s][info][gc,heap        ] GC(2582) PSYoungGen: 306259K(318976K)->64K(294400K) Eden: 306176K(306176K)->0K(293888K) From: 83K(12800K)->64K(512K)
[1025.330s][info][gc,heap        ] GC(2582) ParOldGen: 365904K(366080K)->365920K(366080K)
[1025.330s][info][gc,metaspace   ] GC(2582) Metaspace: 35505K(36224K)->35505K(36224K) NonClass: 29232K(29760K)->29232K(29760K) Class: 6273K(6464K)->6273K(6464K)
[1025.330s][info][gc             ] GC(2582) Pause Young (Allocation Failure) 656M->357M(645M) 2.890ms
[1025.330s][info][gc,cpu         ] GC(2582) User=0.00s Sys=0.00s Real=0.00s
[1025.690s][info][gc,start       ] GC(2583) Pause Young (Allocation Failure)
[1025.692s][info][gc,heap        ] GC(2583) PSYoungGen: 293952K(294400K)->64K(293376K) Eden: 293888K(293888K)->0K(282112K) From: 64K(512K)->64K(11264K)
[1025.692s][info][gc,heap        ] GC(2583) ParOldGen: 365920K(366080K)->365936K(366080K)
[1025.692s][info][gc,metaspace   ] GC(2583) Metaspace: 35505K(36224K)->35505K(36224K) NonClass: 29232K(29760K)->29232K(29760K) Class: 6273K(6464K)->6273K(6464K)
[1025.692s][info][gc             ] GC(2583) Pause Young (Allocation Failure) 644M->357M(644M) 1.958ms
[1025.692s][info][gc,cpu         ] GC(2583) User=0.00s Sys=0.00s Real=0.01s
[1026.230s][info][gc,start       ] GC(2584) Pause Young (Allocation Failure)
[1026.233s][info][gc,heap        ] GC(2584) PSYoungGen: 282176K(293376K)->32K(271872K) Eden: 282112K(282112K)->0K(271360K) From: 64K(11264K)->32K(512K)
[1026.233s][info][gc,heap        ] GC(2584) ParOldGen: 365936K(366080K)->365952K(366080K)
[1026.233s][info][gc,metaspace   ] GC(2584) Metaspace: 35505K(36224K)->35505K(36224K) NonClass: 29232K(29760K)->29232K(29760K) Class: 6273K(6464K)->6273K(6464K)
[1026.233s][info][gc             ] GC(2584) Pause Young (Allocation Failure) 632M->357M(623M) 2.281ms
[1026.233s][info][gc,cpu         ] GC(2584) User=0.00s Sys=0.00s Real=0.01s
[1027.336s][info][gc,start       ] GC(2585) Pause Young (Allocation Failure)
[1027.338s][info][gc,heap        ] GC(2585) PSYoungGen: 271392K(271872K)->32K(270848K) Eden: 271360K(271360K)->0K(261120K) From: 32K(512K)->32K(9728K)
[1027.338s][info][gc,heap        ] GC(2585) ParOldGen: 365952K(366080K)->365968K(366080K)
[1027.338s][info][gc,metaspace   ] GC(2585) Metaspace: 35505K(36224K)->35505K(36224K) NonClass: 29232K(29760K)->29232K(29760K) Class: 6273K(6464K)->6273K(6464K)
[1027.338s][info][gc             ] GC(2585) Pause Young (Allocation Failure) 622M->357M(622M) 1.907ms
[1027.338s][info][gc,cpu         ] GC(2585) User=0.00s Sys=0.00s Real=0.00s
[1027.835s][info][gc,start       ] GC(2586) Pause Young (Allocation Failure)
[1027.836s][info][gc,heap        ] GC(2586) PSYoungGen: 261152K(270848K)->64K(251392K) Eden: 261120K(261120K)->0K(250880K) From: 32K(9728K)->64K(512K)
[1027.837s][info][gc,heap        ] GC(2586) ParOldGen: 365968K(366080K)->365976K(366080K)
[1027.837s][info][gc,metaspace   ] GC(2586) Metaspace: 35505K(36224K)->35505K(36224K) NonClass: 29232K(29760K)->29232K(29760K) Class: 6273K(6464K)->6273K(6464K)
[1027.837s][info][gc             ] GC(2586) Pause Young (Allocation Failure) 612M->357M(603M) 1.956ms
[1027.837s][info][gc,cpu         ] GC(2586) User=0.00s Sys=0.00s Real=0.00s
[1028.095s][info][gc,start       ] GC(2587) Pause Young (Allocation Failure)
[1028.099s][info][gc,heap        ] GC(2587) PSYoungGen: 250944K(251392K)->32K(249344K) Eden: 250880K(250880K)->0K(241152K) From: 64K(512K)->32K(8192K)
[1028.099s][info][gc,heap        ] GC(2587) ParOldGen: 365976K(366080K)->365992K(366080K)
[1028.099s][info][gc,metaspace   ] GC(2587) Metaspace: 35505K(36224K)->35505K(36224K) NonClass: 29232K(29760K)->29232K(29760K) Class: 6273K(6464K)->6273K(6464K)
[1028.099s][info][gc             ] GC(2587) Pause Young (Allocation Failure) 602M->357M(601M) 3.777ms
[1028.099s][info][gc,cpu         ] GC(2587) User=0.00s Sys=0.00s Real=0.00s
[1028.551s][info][gc,start       ] GC(2588) Pause Young (Allocation Failure)
[1028.554s][info][gc,heap        ] GC(2588) PSYoungGen: 241184K(249344K)->64K(232448K) Eden: 241152K(241152K)->0K(231936K) From: 32K(8192K)->64K(512K)
[1028.554s][info][gc,heap        ] GC(2588) ParOldGen: 365992K(366080K)->366000K(366080K)
[1028.554s][info][gc,metaspace   ] GC(2588) Metaspace: 35505K(36224K)->35505K(36224K) NonClass: 29232K(29760K)->29232K(29760K) Class: 6273K(6464K)->6273K(6464K)
[1028.554s][info][gc             ] GC(2588) Pause Young (Allocation Failure) 592M->357M(584M) 3.328ms
[1028.554s][info][gc,cpu         ] GC(2588) User=0.00s Sys=0.00s Real=0.00s
[1028.946s][info][gc,start       ] GC(2589) Pause Young (Allocation Failure)
[1028.948s][info][gc,heap        ] GC(2589) PSYoungGen: 232000K(232448K)->64K(230400K) Eden: 231936K(231936K)->0K(223232K) From: 64K(512K)->64K(7168K)
[1028.948s][info][gc,heap        ] GC(2589) ParOldGen: 366000K(366080K)->366008K(366080K)
[1028.948s][info][gc,metaspace   ] GC(2589) Metaspace: 35505K(36224K)->35505K(36224K) NonClass: 29232K(29760K)->29232K(29760K) Class: 6273K(6464K)->6273K(6464K)
[1028.948s][info][gc             ] GC(2589) Pause Young (Allocation Failure) 583M->357M(582M) 2.732ms
[1028.948s][info][gc,cpu         ] GC(2589) User=0.00s Sys=0.00s Real=0.00s
[1029.391s][info][gc,start       ] GC(2590) Pause Young (Allocation Failure)
[1029.402s][info][gc,heap        ] GC(2590) PSYoungGen: 223296K(230400K)->4416K(269312K) Eden: 223232K(223232K)->0K(264704K) From: 64K(7168K)->4416K(4608K)
[1029.402s][info][gc,heap        ] GC(2590) ParOldGen: 366008K(366080K)->366016K(366080K)
[1029.402s][info][gc,metaspace   ] GC(2590) Metaspace: 35505K(36224K)->35505K(36224K) NonClass: 29232K(29760K)->29232K(29760K) Class: 6273K(6464K)->6273K(6464K)
[1029.402s][info][gc             ] GC(2590) Pause Young (Allocation Failure) 575M->361M(620M) 10.601ms
[1029.402s][info][gc,cpu         ] GC(2590) User=0.02s Sys=0.00s Real=0.01s
[1029.752s][info][gc,start       ] GC(2591) Pause Young (Allocation Failure)
[1029.827s][info][gc,heap        ] GC(2591) PSYoungGen: 269120K(269312K)->7680K(285696K) Eden: 264704K(264704K)->0K(278016K) From: 4416K(4608K)->7680K(7680K)
[1029.827s][info][gc,heap        ] GC(2591) ParOldGen: 366016K(366080K)->386432K(386560K)
[1029.827s][info][gc,metaspace   ] GC(2591) Metaspace: 35505K(36224K)->35505K(36224K) NonClass: 29232K(29760K)->29232K(29760K) Class: 6273K(6464K)->6273K(6464K)
[1029.827s][info][gc             ] GC(2591) Pause Young (Allocation Failure) 620M->384M(656M) 74.753ms
[1029.827s][info][gc,cpu         ] GC(2591) User=0.13s Sys=0.02s Real=0.07s
[1030.194s][info][gc,start       ] GC(2592) Pause Young (Allocation Failure)
[1030.286s][info][gc,heap        ] GC(2592) PSYoungGen: 285696K(285696K)->16896K(299520K) Eden: 278016K(278016K)->0K(282624K) From: 7680K(7680K)->16896K(16896K)
[1030.286s][info][gc,heap        ] GC(2592) ParOldGen: 386432K(386560K)->399792K(399872K)
[1030.286s][info][gc,metaspace   ] GC(2592) Metaspace: 35505K(36224K)->35505K(36224K) NonClass: 29232K(29760K)->29232K(29760K) Class: 6273K(6464K)->6273K(6464K)
[1030.286s][info][gc             ] GC(2592) Pause Young (Allocation Failure) 656M->406M(683M) 91.376ms
[1030.286s][info][gc,cpu         ] GC(2592) User=0.15s Sys=0.03s Real=0.09s
[1030.439s][info][gc,start       ] GC(2593) Pause Young (Allocation Failure)
[1030.461s][info][gc,heap        ] GC(2593) PSYoungGen: 299520K(299520K)->6976K(308224K) Eden: 282624K(282624K)->0K(282624K) From: 16896K(16896K)->6976K(25600K)
[1030.461s][info][gc,heap        ] GC(2593) ParOldGen: 399792K(399872K)->400272K(400384K)
[1030.461s][info][gc,metaspace   ] GC(2593) Metaspace: 35505K(36224K)->35505K(36224K) NonClass: 29232K(29760K)->29232K(29760K) Class: 6273K(6464K)->6273K(6464K)
[1030.461s][info][gc             ] GC(2593) Pause Young (Allocation Failure) 682M->397M(692M) 22.028ms
[1030.461s][info][gc,cpu         ] GC(2593) User=0.04s Sys=0.00s Real=0.03s
[1031.183s][info][gc,start       ] GC(2594) Pause Young (Allocation Failure)
[1031.185s][info][gc,heap        ] GC(2594) PSYoungGen: 289600K(308224K)->64K(305152K) Eden: 282624K(282624K)->0K(284672K) From: 6976K(25600K)->64K(20480K)
[1031.185s][info][gc,heap        ] GC(2594) ParOldGen: 400272K(400384K)->400280K(400384K)
[1031.185s][info][gc,metaspace   ] GC(2594) Metaspace: 35505K(36224K)->35505K(36224K) NonClass: 29232K(29760K)->29232K(29760K) Class: 6273K(6464K)->6273K(6464K)
[1031.185s][info][gc             ] GC(2594) Pause Young (Allocation Failure) 673M->390M(689M) 2.667ms
[1031.185s][info][gc,cpu         ] GC(2594) User=0.01s Sys=0.00s Real=0.00s
[1031.987s][info][gc,start       ] GC(2595) Pause Young (Allocation Failure)
[1031.989s][info][gc,heap        ] GC(2595) PSYoungGen: 284736K(305152K)->32K(307712K) Eden: 284672K(284672K)->0K(284672K) From: 64K(20480K)->32K(23040K)
[1031.989s][info][gc,heap        ] GC(2595) ParOldGen: 400280K(400384K)->400288K(400384K)
[1031.989s][info][gc,metaspace   ] GC(2595) Metaspace: 35505K(36224K)->35505K(36224K) NonClass: 29232K(29760K)->29232K(29760K) Class: 6273K(6464K)->6273K(6464K)
[1031.989s][info][gc             ] GC(2595) Pause Young (Allocation Failure) 668M->390M(691M) 2.165ms
[1031.989s][info][gc,cpu         ] GC(2595) User=0.01s Sys=0.00s Real=0.00s
[1032.473s][info][gc,start       ] GC(2596) Pause Young (Allocation Failure)
[1032.475s][info][gc,heap        ] GC(2596) PSYoungGen: 284704K(307712K)->64K(308224K) Eden: 284672K(284672K)->0K(288256K) From: 32K(23040K)->64K(19968K)
[1032.475s][info][gc,heap        ] GC(2596) ParOldGen: 400288K(400384K)->400304K(400384K)
[1032.475s][info][gc,metaspace   ] GC(2596) Metaspace: 35505K(36224K)->35505K(36224K) NonClass: 29232K(29760K)->29232K(29760K) Class: 6273K(6464K)->6273K(6464K)
[1032.475s][info][gc             ] GC(2596) Pause Young (Allocation Failure) 668M->390M(692M) 2.013ms
[1032.475s][info][gc,cpu         ] GC(2596) User=0.00s Sys=0.00s Real=0.00s
[1032.724s][info][gc,start       ] GC(2597) Pause Young (Allocation Failure)
[1032.725s][info][gc,heap        ] GC(2597) PSYoungGen: 288320K(308224K)->64K(309760K) Eden: 288256K(288256K)->0K(288256K) From: 64K(19968K)->64K(21504K)
[1032.725s][info][gc,heap        ] GC(2597) ParOldGen: 400304K(400384K)->400320K(400384K)
[1032.725s][info][gc,metaspace   ] GC(2597) Metaspace: 35505K(36224K)->35505K(36224K) NonClass: 29232K(29760K)->29232K(29760K) Class: 6273K(6464K)->6273K(6464K)
[1032.725s][info][gc             ] GC(2597) Pause Young (Allocation Failure) 672M->391M(693M) 1.708ms
[1032.725s][info][gc,cpu         ] GC(2597) User=0.00s Sys=0.00s Real=0.00s
[1032.974s][info][gc,start       ] GC(2598) Pause Young (Allocation Failure)
[1032.976s][info][gc,heap        ] GC(2598) PSYoungGen: 288320K(309760K)->64K(309760K) Eden: 288256K(288256K)->0K(291328K) From: 64K(21504K)->64K(18432K)
[1032.976s][info][gc,heap        ] GC(2598) ParOldGen: 400320K(400384K)->400320K(400384K)
[1032.976s][info][gc,metaspace   ] GC(2598) Metaspace: 35505K(36224K)->35505K(36224K) NonClass: 29232K(29760K)->29232K(29760K) Class: 6273K(6464K)->6273K(6464K)
[1032.976s][info][gc             ] GC(2598) Pause Young (Allocation Failure) 672M->391M(693M) 2.093ms
[1032.976s][info][gc,cpu         ] GC(2598) User=0.00s Sys=0.00s Real=0.00s
[1033.401s][info][gc,start       ] GC(2599) Pause Young (Allocation Failure)
[1033.402s][info][gc,heap        ] GC(2599) PSYoungGen: 291392K(309760K)->64K(311296K) Eden: 291328K(291328K)->0K(291328K) From: 64K(18432K)->64K(19968K)
[1033.402s][info][gc,heap        ] GC(2599) ParOldGen: 400320K(400384K)->400320K(400384K)
[1033.403s][info][gc,metaspace   ] GC(2599) Metaspace: 35505K(36224K)->35505K(36224K) NonClass: 29232K(29760K)->29232K(29760K) Class: 6273K(6464K)->6273K(6464K)
[1033.403s][info][gc             ] GC(2599) Pause Young (Allocation Failure) 675M->391M(695M) 1.712ms
[1033.403s][info][gc,cpu         ] GC(2599) User=0.01s Sys=0.00s Real=0.00s
[1033.481s][info][gc,start       ] GC(2600) Pause Young (Allocation Failure)
[1033.483s][info][gc,heap        ] GC(2600) PSYoungGen: 291392K(311296K)->32K(311296K) Eden: 291328K(291328K)->0K(294912K) From: 64K(19968K)->32K(16384K)
[1033.483s][info][gc,heap        ] GC(2600) ParOldGen: 400320K(400384K)->400328K(400384K)
[1033.483s][info][gc,metaspace   ] GC(2600) Metaspace: 35505K(36224K)->35505K(36224K) NonClass: 29232K(29760K)->29232K(29760K) Class: 6273K(6464K)->6273K(6464K)
[1033.483s][info][gc             ] GC(2600) Pause Young (Allocation Failure) 675M->390M(695M) 1.991ms
[1033.483s][info][gc,cpu         ] GC(2600) User=0.00s Sys=0.00s Real=0.00s
[1033.541s][info][gc,start       ] GC(2601) Pause Young (Allocation Failure)
[1033.543s][info][gc,heap        ] GC(2601) PSYoungGen: 294944K(311296K)->64K(312832K) Eden: 294912K(294912K)->0K(294912K) From: 32K(16384K)->64K(17920K)
[1033.543s][info][gc,heap        ] GC(2601) ParOldGen: 400328K(400384K)->400344K(400384K)
[1033.543s][info][gc,metaspace   ] GC(2601) Metaspace: 35505K(36224K)->35505K(36224K) NonClass: 29232K(29760K)->29232K(29760K) Class: 6273K(6464K)->6273K(6464K)
[1033.543s][info][gc             ] GC(2601) Pause Young (Allocation Failure) 678M->391M(696M) 1.948ms
[1033.543s][info][gc,cpu         ] GC(2601) User=0.00s Sys=0.00s Real=0.00s
[1033.727s][info][gc,start       ] GC(2602) Pause Young (Allocation Failure)
[1033.729s][info][gc,heap        ] GC(2602) PSYoungGen: 294976K(312832K)->64K(313344K) Eden: 294912K(294912K)->0K(299008K) From: 64K(17920K)->64K(14336K)
[1033.729s][info][gc,heap        ] GC(2602) ParOldGen: 400344K(400384K)->400344K(400384K)
[1033.729s][info][gc,metaspace   ] GC(2602) Metaspace: 35505K(36224K)->35505K(36224K) NonClass: 29232K(29760K)->29232K(29760K) Class: 6273K(6464K)->6273K(6464K)
[1033.729s][info][gc             ] GC(2602) Pause Young (Allocation Failure) 679M->391M(697M) 1.712ms
[1033.729s][info][gc,cpu         ] GC(2602) User=0.00s Sys=0.00s Real=0.00s
[1033.981s][info][gc,start       ] GC(2603) Pause Young (Allocation Failure)
[1033.982s][info][gc,heap        ] GC(2603) PSYoungGen: 299072K(313344K)->32K(314880K) Eden: 299008K(299008K)->0K(299008K) From: 64K(14336K)->32K(15872K)
[1033.982s][info][gc,heap        ] GC(2603) ParOldGen: 400344K(400384K)->400360K(400384K)
[1033.982s][info][gc,metaspace   ] GC(2603) Metaspace: 35505K(36224K)->35505K(36224K) NonClass: 29232K(29760K)->29232K(29760K) Class: 6273K(6464K)->6273K(6464K)
[1033.982s][info][gc             ] GC(2603) Pause Young (Allocation Failure) 683M->391M(698M) 1.696ms
[1033.982s][info][gc,cpu         ] GC(2603) User=0.01s Sys=0.00s Real=0.01s
[1034.170s][info][gc,start       ] GC(2604) Pause Young (Allocation Failure)
[1034.172s][info][gc,heap        ] GC(2604) PSYoungGen: 299040K(314880K)->64K(315392K) Eden: 299008K(299008K)->0K(302592K) From: 32K(15872K)->64K(12800K)
[1034.172s][info][gc,heap        ] GC(2604) ParOldGen: 400360K(400384K)->400368K(400384K)
[1034.172s][info][gc,metaspace   ] GC(2604) Metaspace: 35505K(36224K)->35505K(36224K) NonClass: 29232K(29760K)->29232K(29760K) Class: 6273K(6464K)->6273K(6464K)
[1034.172s][info][gc             ] GC(2604) Pause Young (Allocation Failure) 683M->391M(699M) 2.096ms
[1034.172s][info][gc,cpu         ] GC(2604) User=0.00s Sys=0.00s Real=0.01s
[1034.273s][info][gc,start       ] GC(2605) Pause Young (Allocation Failure)
[1034.276s][info][gc,heap        ] GC(2605) PSYoungGen: 302656K(315392K)->32K(316928K) Eden: 302592K(302592K)->0K(302592K) From: 64K(12800K)->32K(14336K)
[1034.276s][info][gc,heap        ] GC(2605) ParOldGen: 400368K(400384K)->400376K(400384K)
[1034.276s][info][gc,metaspace   ] GC(2605) Metaspace: 35505K(36224K)->35505K(36224K) NonClass: 29232K(29760K)->29232K(29760K) Class: 6273K(6464K)->6273K(6464K)
[1034.276s][info][gc             ] GC(2605) Pause Young (Allocation Failure) 686M->391M(700M) 2.197ms
[1034.276s][info][gc,cpu         ] GC(2605) User=0.01s Sys=0.00s Real=0.00s
[1034.476s][info][gc,start       ] GC(2606) Pause Young (Allocation Failure)
[1034.477s][info][gc,heap        ] GC(2606) PSYoungGen: 302624K(316928K)->64K(317952K) Eden: 302592K(302592K)->0K(306176K) From: 32K(14336K)->64K(11776K)
[1034.477s][info][gc,heap        ] GC(2606) ParOldGen: 400376K(400384K)->400384K(400896K)
[1034.477s][info][gc,metaspace   ] GC(2606) Metaspace: 35505K(36224K)->35505K(36224K) NonClass: 29232K(29760K)->29232K(29760K) Class: 6273K(6464K)->6273K(6464K)
[1034.477s][info][gc             ] GC(2606) Pause Young (Allocation Failure) 686M->391M(702M) 1.650ms
[1034.477s][info][gc,cpu         ] GC(2606) User=0.01s Sys=0.00s Real=0.00s
[1035.595s][info][gc,start       ] GC(2607) Pause Young (Allocation Failure)
[1035.597s][info][gc,heap        ] GC(2607) PSYoungGen: 306240K(317952K)->64K(318976K) Eden: 306176K(306176K)->0K(306176K) From: 64K(11776K)->64K(12800K)
[1035.597s][info][gc,heap        ] GC(2607) ParOldGen: 400384K(400896K)->400392K(400896K)
[1035.597s][info][gc,metaspace   ] GC(2607) Metaspace: 35505K(36224K)->35505K(36224K) NonClass: 29232K(29760K)->29232K(29760K) Class: 6273K(6464K)->6273K(6464K)
[1035.597s][info][gc             ] GC(2607) Pause Young (Allocation Failure) 690M->391M(703M) 2.254ms
[1035.597s][info][gc,cpu         ] GC(2607) User=0.01s Sys=0.00s Real=0.00s
[1036.767s][info][gc,start       ] GC(2608) Pause Young (Allocation Failure)
[1036.770s][info][gc,heap        ] GC(2608) PSYoungGen: 306240K(318976K)->64K(294400K) Eden: 306176K(306176K)->0K(293888K) From: 64K(12800K)->64K(512K)
[1036.770s][info][gc,heap        ] GC(2608) ParOldGen: 400392K(400896K)->400400K(400896K)
[1036.770s][info][gc,metaspace   ] GC(2608) Metaspace: 35505K(36224K)->35505K(36224K) NonClass: 29232K(29760K)->29232K(29760K) Class: 6273K(6464K)->6273K(6464K)
[1036.770s][info][gc             ] GC(2608) Pause Young (Allocation Failure) 690M->391M(679M) 3.080ms
[1036.770s][info][gc,cpu         ] GC(2608) User=0.00s Sys=0.00s Real=0.00s
[1037.167s][info][gc,start       ] GC(2609) Pause Young (Allocation Failure)
[1037.169s][info][gc,heap        ] GC(2609) PSYoungGen: 293952K(294400K)->64K(293376K) Eden: 293888K(293888K)->0K(282112K) From: 64K(512K)->64K(11264K)
[1037.169s][info][gc,heap        ] GC(2609) ParOldGen: 400400K(400896K)->400408K(400896K)
[1037.169s][info][gc,metaspace   ] GC(2609) Metaspace: 35505K(36224K)->35505K(36224K) NonClass: 29232K(29760K)->29232K(29760K) Class: 6273K(6464K)->6273K(6464K)
[1037.169s][info][gc             ] GC(2609) Pause Young (Allocation Failure) 678M->391M(678M) 2.272ms
[1037.169s][info][gc,cpu         ] GC(2609) User=0.00s Sys=0.00s Real=0.00s
[1037.627s][info][gc,start       ] GC(2610) Pause Young (Allocation Failure)
[1037.629s][info][gc,heap        ] GC(2610) PSYoungGen: 282176K(293376K)->64K(271872K) Eden: 282112K(282112K)->0K(271360K) From: 64K(11264K)->64K(512K)
[1037.629s][info][gc,heap        ] GC(2610) ParOldGen: 400408K(400896K)->400416K(400896K)
[1037.629s][info][gc,metaspace   ] GC(2610) Metaspace: 35505K(36224K)->35505K(36224K) NonClass: 29232K(29760K)->29232K(29760K) Class: 6273K(6464K)->6273K(6464K)
[1037.630s][info][gc             ] GC(2610) Pause Young (Allocation Failure) 666M->391M(657M) 2.677ms
[1037.630s][info][gc,cpu         ] GC(2610) User=0.00s Sys=0.01s Real=0.00s
[1038.736s][info][gc,start       ] GC(2611) Pause Young (Allocation Failure)
[1038.739s][info][gc,heap        ] GC(2611) PSYoungGen: 271424K(271872K)->64K(270848K) Eden: 271360K(271360K)->0K(261120K) From: 64K(512K)->64K(9728K)
[1038.739s][info][gc,heap        ] GC(2611) ParOldGen: 400416K(400896K)->400424K(400896K)
[1038.739s][info][gc,metaspace   ] GC(2611) Metaspace: 35505K(36224K)->35505K(36224K) NonClass: 29232K(29760K)->29232K(29760K) Class: 6273K(6464K)->6273K(6464K)
[1038.739s][info][gc             ] GC(2611) Pause Young (Allocation Failure) 656M->391M(656M) 2.675ms
[1038.739s][info][gc,cpu         ] GC(2611) User=0.01s Sys=0.00s Real=0.00s
[1039.247s][info][gc,start       ] GC(2612) Pause Young (Allocation Failure)
[1039.250s][info][gc,heap        ] GC(2612) PSYoungGen: 261184K(270848K)->32K(251392K) Eden: 261120K(261120K)->0K(250880K) From: 64K(9728K)->32K(512K)
[1039.250s][info][gc,heap        ] GC(2612) ParOldGen: 400424K(400896K)->400432K(400896K)
[1039.250s][info][gc,metaspace   ] GC(2612) Metaspace: 35505K(36224K)->35505K(36224K) NonClass: 29232K(29760K)->29232K(29760K) Class: 6273K(6464K)->6273K(6464K)
[1039.250s][info][gc             ] GC(2612) Pause Young (Allocation Failure) 646M->391M(637M) 3.128ms
[1039.250s][info][gc,cpu         ] GC(2612) User=0.01s Sys=0.00s Real=0.00s
[1039.363s][info][gc,start       ] GC(2613) Pause Young (Allocation Failure)
[1039.365s][info][gc,heap        ] GC(2613) PSYoungGen: 250912K(251392K)->64K(249344K) Eden: 250880K(250880K)->0K(241152K) From: 32K(512K)->64K(8192K)
[1039.365s][info][gc,heap        ] GC(2613) ParOldGen: 400432K(400896K)->400440K(400896K)
[1039.365s][info][gc,metaspace   ] GC(2613) Metaspace: 35505K(36224K)->35505K(36224K) NonClass: 29232K(29760K)->29232K(29760K) Class: 6273K(6464K)->6273K(6464K)
[1039.365s][info][gc             ] GC(2613) Pause Young (Allocation Failure) 636M->391M(635M) 2.270ms
[1039.365s][info][gc,cpu         ] GC(2613) User=0.00s Sys=0.00s Real=0.00s
[1039.861s][info][gc,start       ] GC(2614) Pause Young (Allocation Failure)
[1039.864s][info][gc,heap        ] GC(2614) PSYoungGen: 241216K(249344K)->64K(232448K) Eden: 241152K(241152K)->0K(231936K) From: 64K(8192K)->64K(512K)
[1039.864s][info][gc,heap        ] GC(2614) ParOldGen: 400440K(400896K)->400448K(400896K)
[1039.864s][info][gc,metaspace   ] GC(2614) Metaspace: 35505K(36224K)->35505K(36224K) NonClass: 29232K(29760K)->29232K(29760K) Class: 6273K(6464K)->6273K(6464K)
[1039.864s][info][gc             ] GC(2614) Pause Young (Allocation Failure) 626M->391M(618M) 2.836ms
[1039.864s][info][gc,cpu         ] GC(2614) User=0.01s Sys=0.00s Real=0.00s
[1040.217s][info][gc,start       ] GC(2615) Pause Young (Allocation Failure)
[1040.219s][info][gc,heap        ] GC(2615) PSYoungGen: 232000K(232448K)->64K(230400K) Eden: 231936K(231936K)->0K(223232K) From: 64K(512K)->64K(7168K)
[1040.219s][info][gc,heap        ] GC(2615) ParOldGen: 400448K(400896K)->400456K(400896K)
[1040.219s][info][gc,metaspace   ] GC(2615) Metaspace: 35505K(36224K)->35505K(36224K) NonClass: 29232K(29760K)->29232K(29760K) Class: 6273K(6464K)->6273K(6464K)
[1040.219s][info][gc             ] GC(2615) Pause Young (Allocation Failure) 617M->391M(616M) 2.347ms
[1040.219s][info][gc,cpu         ] GC(2615) User=0.00s Sys=0.00s Real=0.00s
[1040.641s][info][gc,start       ] GC(2616) Pause Young (Allocation Failure)
[1040.655s][info][gc,heap        ] GC(2616) PSYoungGen: 223295K(230400K)->6624K(271872K) Eden: 223231K(223232K)->0K(265216K) From: 64K(7168K)->6624K(6656K)
[1040.655s][info][gc,heap        ] GC(2616) ParOldGen: 400456K(400896K)->400472K(400896K)
[1040.655s][info][gc,metaspace   ] GC(2616) Metaspace: 35505K(36224K)->35505K(36224K) NonClass: 29232K(29760K)->29232K(29760K) Class: 6273K(6464K)->6273K(6464K)
[1040.655s][info][gc             ] GC(2616) Pause Young (Allocation Failure) 609M->397M(657M) 13.981ms
[1040.655s][info][gc,cpu         ] GC(2616) User=0.02s Sys=0.00s Real=0.01s
[1041.002s][info][gc,start       ] GC(2617) Pause Young (Allocation Failure)
[1041.074s][info][gc,heap        ] GC(2617) PSYoungGen: 271840K(271872K)->8192K(287744K) Eden: 265216K(265216K)->0K(279552K) From: 6624K(6656K)->8192K(8192K)
[1041.074s][info][gc,heap        ] GC(2617) ParOldGen: 400472K(400896K)->420432K(420864K)
[1041.074s][info][gc,metaspace   ] GC(2617) Metaspace: 35505K(36224K)->35505K(36224K) NonClass: 29232K(29760K)->29232K(29760K) Class: 6273K(6464K)->6273K(6464K)
[1041.074s][info][gc             ] GC(2617) Pause Young (Allocation Failure) 656M->418M(692M) 72.083ms
[1041.074s][info][gc,cpu         ] GC(2617) User=0.12s Sys=0.02s Real=0.07s
[1041.443s][info][gc,start       ] GC(2618) Pause Young (Allocation Failure)
[1041.519s][info][gc,heap        ] GC(2618) PSYoungGen: 287744K(287744K)->17408K(299008K) Eden: 279552K(279552K)->0K(281600K) From: 8192K(8192K)->17408K(17408K)
[1041.519s][info][gc,heap        ] GC(2618) ParOldGen: 420432K(420864K)->433416K(433664K)
[1041.519s][info][gc,metaspace   ] GC(2618) Metaspace: 35505K(36224K)->35505K(36224K) NonClass: 29232K(29760K)->29232K(29760K) Class: 6273K(6464K)->6273K(6464K)
[1041.519s][info][gc             ] GC(2618) Pause Young (Allocation Failure) 691M->440M(715M) 76.216ms
[1041.519s][info][gc,cpu         ] GC(2618) User=0.13s Sys=0.02s Real=0.07s
[1041.654s][info][gc,start       ] GC(2619) Pause Young (Allocation Failure)
[1041.672s][info][gc,heap        ] GC(2619) PSYoungGen: 299008K(299008K)->4576K(307712K) Eden: 281600K(281600K)->0K(281600K) From: 17408K(17408K)->4576K(26112K)
[1041.672s][info][gc,heap        ] GC(2619) ParOldGen: 433416K(433664K)->433888K(434176K)
[1041.672s][info][gc,metaspace   ] GC(2619) Metaspace: 35505K(36224K)->35505K(36224K) NonClass: 29232K(29760K)->29232K(29760K) Class: 6273K(6464K)->6273K(6464K)
[1041.672s][info][gc             ] GC(2619) Pause Young (Allocation Failure) 715M->428M(724M) 17.765ms
[1041.672s][info][gc,cpu         ] GC(2619) User=0.03s Sys=0.00s Real=0.02s
[1042.296s][info][gc,start       ] GC(2620) Pause Young (Allocation Failure)
[1042.298s][info][gc,heap        ] GC(2620) PSYoungGen: 286176K(307712K)->64K(305152K) Eden: 281600K(281600K)->0K(283136K) From: 4576K(26112K)->64K(22016K)
[1042.298s][info][gc,heap        ] GC(2620) ParOldGen: 433888K(434176K)->433896K(434176K)
[1042.298s][info][gc,metaspace   ] GC(2620) Metaspace: 35505K(36224K)->35505K(36224K) NonClass: 29232K(29760K)->29232K(29760K) Class: 6273K(6464K)->6273K(6464K)
[1042.298s][info][gc             ] GC(2620) Pause Young (Allocation Failure) 703M->423M(722M) 2.405ms
[1042.298s][info][gc,cpu         ] GC(2620) User=0.01s Sys=0.00s Real=0.00s
[1042.840s][info][gc,start       ] GC(2621) Pause Young (Allocation Failure)
[1042.841s][info][gc,heap        ] GC(2621) PSYoungGen: 283200K(305152K)->64K(307200K) Eden: 283136K(283136K)->0K(283136K) From: 64K(22016K)->64K(24064K)
[1042.841s][info][gc,heap        ] GC(2621) ParOldGen: 433896K(434176K)->433904K(434176K)
[1042.841s][info][gc,metaspace   ] GC(2621) Metaspace: 35505K(36224K)->35505K(36224K) NonClass: 29232K(29760K)->29232K(29760K) Class: 6273K(6464K)->6273K(6464K)
[1042.841s][info][gc             ] GC(2621) Pause Young (Allocation Failure) 700M->423M(724M) 1.761ms
[1042.841s][info][gc,cpu         ] GC(2621) User=0.00s Sys=0.00s Real=0.01s
[1043.332s][info][gc,start       ] GC(2622) Pause Young (Allocation Failure)
[1043.334s][info][gc,heap        ] GC(2622) PSYoungGen: 283200K(307200K)->64K(306688K) Eden: 283136K(283136K)->0K(286720K) From: 64K(24064K)->64K(19968K)
[1043.334s][info][gc,heap        ] GC(2622) ParOldGen: 433904K(434176K)->433920K(434176K)
[1043.334s][info][gc,metaspace   ] GC(2622) Metaspace: 35505K(36224K)->35505K(36224K) NonClass: 29232K(29760K)->29232K(29760K) Class: 6273K(6464K)->6273K(6464K)
[1043.334s][info][gc             ] GC(2622) Pause Young (Allocation Failure) 700M->423M(723M) 1.888ms
[1043.334s][info][gc,cpu         ] GC(2622) User=0.00s Sys=0.00s Real=0.00s
[1043.577s][info][gc,start       ] GC(2623) Pause Young (Allocation Failure)
[1043.579s][info][gc,heap        ] GC(2623) PSYoungGen: 286784K(306688K)->32K(308736K) Eden: 286720K(286720K)->0K(286720K) From: 64K(19968K)->32K(22016K)
[1043.579s][info][gc,heap        ] GC(2623) ParOldGen: 433920K(434176K)->433928K(434176K)
[1043.579s][info][gc,metaspace   ] GC(2623) Metaspace: 35505K(36224K)->35505K(36224K) NonClass: 29232K(29760K)->29232K(29760K) Class: 6273K(6464K)->6273K(6464K)
[1043.579s][info][gc             ] GC(2623) Pause Young (Allocation Failure) 703M->423M(725M) 2.144ms
[1043.579s][info][gc,cpu         ] GC(2623) User=0.00s Sys=0.00s Real=0.00s
[1043.831s][info][gc,start       ] GC(2624) Pause Young (Allocation Failure)
[1043.833s][info][gc,heap        ] GC(2624) PSYoungGen: 286752K(308736K)->64K(309760K) Eden: 286720K(286720K)->0K(290816K) From: 32K(22016K)->64K(18944K)
[1043.833s][info][gc,heap        ] GC(2624) ParOldGen: 433928K(434176K)->433928K(434176K)
[1043.833s][info][gc,metaspace   ] GC(2624) Metaspace: 35505K(36224K)->35505K(36224K) NonClass: 29232K(29760K)->29232K(29760K) Class: 6273K(6464K)->6273K(6464K)
[1043.833s][info][gc             ] GC(2624) Pause Young (Allocation Failure) 703M->423M(726M) 2.205ms
[1043.833s][info][gc,cpu         ] GC(2624) User=0.00s Sys=0.00s Real=0.00s
[1044.266s][info][gc,start       ] GC(2625) Pause Young (Allocation Failure)
[1044.267s][info][gc,heap        ] GC(2625) PSYoungGen: 290880K(309760K)->64K(311296K) Eden: 290816K(290816K)->0K(290816K) From: 64K(18944K)->64K(20480K)
[1044.267s][info][gc,heap        ] GC(2625) ParOldGen: 433928K(434176K)->433928K(434176K)
[1044.267s][info][gc,metaspace   ] GC(2625) Metaspace: 35505K(36224K)->35505K(36224K) NonClass: 29232K(29760K)->29232K(29760K) Class: 6273K(6464K)->6273K(6464K)
[1044.267s][info][gc             ] GC(2625) Pause Young (Allocation Failure) 707M->423M(728M) 1.842ms
[1044.267s][info][gc,cpu         ] GC(2625) User=0.00s Sys=0.00s Real=0.00s
[1044.334s][info][gc,start       ] GC(2626) Pause Young (Allocation Failure)
[1044.336s][info][gc,heap        ] GC(2626) PSYoungGen: 290880K(311296K)->64K(310784K) Eden: 290816K(290816K)->0K(293888K) From: 64K(20480K)->64K(16896K)
[1044.336s][info][gc,heap        ] GC(2626) ParOldGen: 433928K(434176K)->433936K(434176K)
[1044.336s][info][gc,metaspace   ] GC(2626) Metaspace: 35505K(36224K)->35505K(36224K) NonClass: 29232K(29760K)->29232K(29760K) Class: 6273K(6464K)->6273K(6464K)
[1044.336s][info][gc             ] GC(2626) Pause Young (Allocation Failure) 707M->423M(727M) 1.710ms
[1044.336s][info][gc,cpu         ] GC(2626) User=0.00s Sys=0.00s Real=0.00s
[1044.394s][info][gc,start       ] GC(2627) Pause Young (Allocation Failure)
[1044.396s][info][gc,heap        ] GC(2627) PSYoungGen: 293952K(310784K)->64K(312320K) Eden: 293888K(293888K)->0K(293888K) From: 64K(16896K)->64K(18432K)
[1044.396s][info][gc,heap        ] GC(2627) ParOldGen: 433936K(434176K)->433952K(434176K)
[1044.396s][info][gc,metaspace   ] GC(2627) Metaspace: 35505K(36224K)->35505K(36224K) NonClass: 29232K(29760K)->29232K(29760K) Class: 6273K(6464K)->6273K(6464K)
[1044.396s][info][gc             ] GC(2627) Pause Young (Allocation Failure) 710M->423M(729M) 1.718ms
[1044.396s][info][gc,cpu         ] GC(2627) User=0.00s Sys=0.00s Real=0.00s
[1044.589s][info][gc,start       ] GC(2628) Pause Young (Allocation Failure)
[1044.591s][info][gc,heap        ] GC(2628) PSYoungGen: 293952K(312320K)->64K(312832K) Eden: 293888K(293888K)->0K(297984K) From: 64K(18432K)->64K(14848K)
[1044.591s][info][gc,heap        ] GC(2628) ParOldGen: 433952K(434176K)->433952K(434176K)
[1044.591s][info][gc,metaspace   ] GC(2628) Metaspace: 35505K(36224K)->35505K(36224K) NonClass: 29232K(29760K)->29232K(29760K) Class: 6273K(6464K)->6273K(6464K)
[1044.591s][info][gc             ] GC(2628) Pause Young (Allocation Failure) 710M->423M(729M) 1.753ms
[1044.591s][info][gc,cpu         ] GC(2628) User=0.00s Sys=0.00s Real=0.01s
[1044.839s][info][gc,start       ] GC(2629) Pause Young (Allocation Failure)
[1044.841s][info][gc,heap        ] GC(2629) PSYoungGen: 298048K(312832K)->64K(314368K) Eden: 297984K(297984K)->0K(297984K) From: 64K(14848K)->64K(16384K)
[1044.841s][info][gc,heap        ] GC(2629) ParOldGen: 433952K(434176K)->433968K(434176K)
[1044.841s][info][gc,metaspace   ] GC(2629) Metaspace: 35505K(36224K)->35505K(36224K) NonClass: 29232K(29760K)->29232K(29760K) Class: 6273K(6464K)->6273K(6464K)
[1044.841s][info][gc             ] GC(2629) Pause Young (Allocation Failure) 714M->423M(731M) 2.018ms
[1044.842s][info][gc,cpu         ] GC(2629) User=0.00s Sys=0.00s Real=0.01s
[1044.990s][info][gc,start       ] GC(2630) Pause Young (Allocation Failure)
[1044.991s][info][gc,heap        ] GC(2630) PSYoungGen: 298048K(314368K)->64K(314880K) Eden: 297984K(297984K)->0K(302080K) From: 64K(16384K)->64K(12800K)
[1044.991s][info][gc,heap        ] GC(2630) ParOldGen: 433968K(434176K)->433976K(434176K)
[1044.991s][info][gc,metaspace   ] GC(2630) Metaspace: 35505K(36224K)->35505K(36224K) NonClass: 29232K(29760K)->29232K(29760K) Class: 6273K(6464K)->6273K(6464K)
[1044.991s][info][gc             ] GC(2630) Pause Young (Allocation Failure) 714M->423M(731M) 1.701ms
[1044.991s][info][gc,cpu         ] GC(2630) User=0.00s Sys=0.00s Real=0.01s
[1045.098s][info][gc,start       ] GC(2631) Pause Young (Allocation Failure)
[1045.100s][info][gc,heap        ] GC(2631) PSYoungGen: 302144K(314880K)->64K(316416K) Eden: 302080K(302080K)->0K(302080K) From: 64K(12800K)->64K(14336K)
[1045.100s][info][gc,heap        ] GC(2631) ParOldGen: 433976K(434176K)->433984K(434176K)
[1045.100s][info][gc,metaspace   ] GC(2631) Metaspace: 35505K(36224K)->35505K(36224K) NonClass: 29232K(29760K)->29232K(29760K) Class: 6273K(6464K)->6273K(6464K)
[1045.100s][info][gc             ] GC(2631) Pause Young (Allocation Failure) 718M->423M(733M) 1.756ms
[1045.100s][info][gc,cpu         ] GC(2631) User=0.00s Sys=0.00s Real=0.00s
[1045.302s][info][gc,start       ] GC(2632) Pause Young (Allocation Failure)
[1045.304s][info][gc,heap        ] GC(2632) PSYoungGen: 302144K(316416K)->64K(316928K) Eden: 302080K(302080K)->0K(305664K) From: 64K(14336K)->64K(11264K)
[1045.304s][info][gc,heap        ] GC(2632) ParOldGen: 433984K(434176K)->433992K(434176K)
[1045.304s][info][gc,metaspace   ] GC(2632) Metaspace: 35505K(36224K)->35505K(36224K) NonClass: 29232K(29760K)->29232K(29760K) Class: 6273K(6464K)->6273K(6464K)
[1045.304s][info][gc             ] GC(2632) Pause Young (Allocation Failure) 718M->423M(733M) 1.797ms
[1045.304s][info][gc,cpu         ] GC(2632) User=0.00s Sys=0.00s Real=0.00s
[1046.463s][info][gc,start       ] GC(2633) Pause Young (Allocation Failure)
[1046.464s][info][gc,heap        ] GC(2633) PSYoungGen: 305728K(316928K)->64K(318464K) Eden: 305664K(305664K)->0K(305664K) From: 64K(11264K)->64K(12800K)
[1046.464s][info][gc,heap        ] GC(2633) ParOldGen: 433992K(434176K)->434000K(434176K)
[1046.464s][info][gc,metaspace   ] GC(2633) Metaspace: 35505K(36224K)->35505K(36224K) NonClass: 29232K(29760K)->29232K(29760K) Class: 6273K(6464K)->6273K(6464K)
[1046.464s][info][gc             ] GC(2633) Pause Young (Allocation Failure) 722M->423M(735M) 1.747ms
[1046.464s][info][gc,cpu         ] GC(2633) User=0.00s Sys=0.00s Real=0.00s
[1047.478s][info][gc,start       ] GC(2634) Pause Young (Allocation Failure)
[1047.481s][info][gc,heap        ] GC(2634) PSYoungGen: 305728K(318464K)->32K(293888K) Eden: 305664K(305664K)->0K(293376K) From: 64K(12800K)->32K(512K)
[1047.481s][info][gc,heap        ] GC(2634) ParOldGen: 434000K(434176K)->434008K(434176K)
[1047.481s][info][gc,metaspace   ] GC(2634) Metaspace: 35505K(36224K)->35505K(36224K) NonClass: 29232K(29760K)->29232K(29760K) Class: 6273K(6464K)->6273K(6464K)
[1047.481s][info][gc             ] GC(2634) Pause Young (Allocation Failure) 722M->423M(711M) 3.288ms
[1047.481s][info][gc,cpu         ] GC(2634) User=0.00s Sys=0.00s Real=0.01s
[1047.888s][info][gc,start       ] GC(2635) Pause Young (Allocation Failure)
[1047.890s][info][gc,heap        ] GC(2635) PSYoungGen: 293408K(293888K)->64K(292864K) Eden: 293376K(293376K)->0K(281600K) From: 32K(512K)->64K(11264K)
[1047.890s][info][gc,heap        ] GC(2635) ParOldGen: 434008K(434176K)->434024K(434176K)
[1047.890s][info][gc,metaspace   ] GC(2635) Metaspace: 35505K(36224K)->35505K(36224K) NonClass: 29232K(29760K)->29232K(29760K) Class: 6273K(6464K)->6273K(6464K)
[1047.891s][info][gc             ] GC(2635) Pause Young (Allocation Failure) 710M->423M(710M) 2.108ms
[1047.891s][info][gc,cpu         ] GC(2635) User=0.00s Sys=0.00s Real=0.00s
[1048.329s][info][gc,start       ] GC(2636) Pause Young (Allocation Failure)
[1048.332s][info][gc,heap        ] GC(2636) PSYoungGen: 281664K(292864K)->64K(271360K) Eden: 281600K(281600K)->0K(270848K) From: 64K(11264K)->64K(512K)
[1048.332s][info][gc,heap        ] GC(2636) ParOldGen: 434024K(434176K)->434032K(434176K)
[1048.332s][info][gc,metaspace   ] GC(2636) Metaspace: 35505K(36224K)->35505K(36224K) NonClass: 29232K(29760K)->29232K(29760K) Class: 6273K(6464K)->6273K(6464K)
[1048.332s][info][gc             ] GC(2636) Pause Young (Allocation Failure) 698M->423M(689M) 2.535ms
[1048.332s][info][gc,cpu         ] GC(2636) User=0.00s Sys=0.00s Real=0.01s
[1049.420s][info][gc,start       ] GC(2637) Pause Young (Allocation Failure)
[1049.422s][info][gc,heap        ] GC(2637) PSYoungGen: 270912K(271360K)->64K(270336K) Eden: 270848K(270848K)->0K(260608K) From: 64K(512K)->64K(9728K)
[1049.422s][info][gc,heap        ] GC(2637) ParOldGen: 434032K(434176K)->434040K(434176K)
[1049.422s][info][gc,metaspace   ] GC(2637) Metaspace: 35505K(36224K)->35505K(36224K) NonClass: 29232K(29760K)->29232K(29760K) Class: 6273K(6464K)->6273K(6464K)
[1049.422s][info][gc             ] GC(2637) Pause Young (Allocation Failure) 688M->423M(688M) 1.704ms
[1049.422s][info][gc,cpu         ] GC(2637) User=0.01s Sys=0.00s Real=0.01s
[1049.880s][info][gc,start       ] GC(2638) Pause Young (Allocation Failure)
[1049.882s][info][gc,heap        ] GC(2638) PSYoungGen: 260672K(270336K)->64K(251392K) Eden: 260608K(260608K)->0K(250880K) From: 64K(9728K)->64K(512K)
[1049.882s][info][gc,heap        ] GC(2638) ParOldGen: 434040K(434176K)->434048K(434176K)
[1049.882s][info][gc,metaspace   ] GC(2638) Metaspace: 35505K(36224K)->35505K(36224K) NonClass: 29232K(29760K)->29232K(29760K) Class: 6273K(6464K)->6273K(6464K)
[1049.882s][info][gc             ] GC(2638) Pause Young (Allocation Failure) 678M->423M(669M) 1.950ms
[1049.882s][info][gc,cpu         ] GC(2638) User=0.01s Sys=0.00s Real=0.01s
[1049.983s][info][gc,start       ] GC(2639) Pause Young (Allocation Failure)
[1049.985s][info][gc,heap        ] GC(2639) PSYoungGen: 250944K(251392K)->64K(249856K) Eden: 250880K(250880K)->0K(241152K) From: 64K(512K)->64K(8704K)
[1049.985s][info][gc,heap        ] GC(2639) ParOldGen: 434048K(434176K)->434064K(434176K)
[1049.985s][info][gc,metaspace   ] GC(2639) Metaspace: 35505K(36224K)->35505K(36224K) NonClass: 29232K(29760K)->29232K(29760K) Class: 6273K(6464K)->6273K(6464K)
[1049.985s][info][gc             ] GC(2639) Pause Young (Allocation Failure) 668M->423M(668M) 2.461ms
[1049.985s][info][gc,cpu         ] GC(2639) User=0.00s Sys=0.00s Real=0.00s
[1050.497s][info][gc,start       ] GC(2640) Pause Young (Allocation Failure)
[1050.499s][info][gc,heap        ] GC(2640) PSYoungGen: 241216K(249856K)->64K(232448K) Eden: 241152K(241152K)->0K(231936K) From: 64K(8704K)->64K(512K)
[1050.500s][info][gc,heap        ] GC(2640) ParOldGen: 434064K(434176K)->434080K(434176K)
[1050.500s][info][gc,metaspace   ] GC(2640) Metaspace: 35505K(36224K)->35505K(36224K) NonClass: 29232K(29760K)->29232K(29760K) Class: 6273K(6464K)->6273K(6464K)
[1050.500s][info][gc             ] GC(2640) Pause Young (Allocation Failure) 659M->423M(651M) 2.817ms
[1050.500s][info][gc,cpu         ] GC(2640) User=0.00s Sys=0.00s Real=0.00s
[1050.865s][info][gc,start       ] GC(2641) Pause Young (Allocation Failure)
[1050.867s][info][gc,heap        ] GC(2641) PSYoungGen: 232000K(232448K)->64K(230400K) Eden: 231936K(231936K)->0K(223232K) From: 64K(512K)->64K(7168K)
[1050.867s][info][gc,heap        ] GC(2641) ParOldGen: 434080K(434176K)->434096K(434176K)
[1050.867s][info][gc,metaspace   ] GC(2641) Metaspace: 35505K(36224K)->35505K(36224K) NonClass: 29232K(29760K)->29232K(29760K) Class: 6273K(6464K)->6273K(6464K)
[1050.867s][info][gc             ] GC(2641) Pause Young (Allocation Failure) 650M->423M(649M) 2.083ms
[1050.867s][info][gc,cpu         ] GC(2641) User=0.00s Sys=0.00s Real=0.00s
[1051.291s][info][gc,start       ] GC(2642) Pause Young (Allocation Failure)
[1051.306s][info][gc,heap        ] GC(2642) PSYoungGen: 223296K(230400K)->6656K(271872K) Eden: 223232K(223232K)->0K(265216K) From: 64K(7168K)->6656K(6656K)
[1051.306s][info][gc,heap        ] GC(2642) ParOldGen: 434096K(434176K)->434576K(434688K)
[1051.306s][info][gc,metaspace   ] GC(2642) Metaspace: 35505K(36224K)->35505K(36224K) NonClass: 29232K(29760K)->29232K(29760K) Class: 6273K(6464K)->6273K(6464K)
[1051.306s][info][gc             ] GC(2642) Pause Young (Allocation Failure) 641M->430M(690M) 15.224ms
[1051.306s][info][gc,cpu         ] GC(2642) User=0.03s Sys=0.00s Real=0.01s
[1051.658s][info][gc,start       ] GC(2643) Pause Young (Allocation Failure)
[1051.729s][info][gc,heap        ] GC(2643) PSYoungGen: 271872K(271872K)->8704K(287744K) Eden: 265216K(265216K)->0K(279040K) From: 6656K(6656K)->8704K(8704K)
[1051.729s][info][gc,heap        ] GC(2643) ParOldGen: 434576K(434688K)->454040K(454144K)
[1051.729s][info][gc,metaspace   ] GC(2643) Metaspace: 35505K(36224K)->35505K(36224K) NonClass: 29232K(29760K)->29232K(29760K) Class: 6273K(6464K)->6273K(6464K)
[1051.729s][info][gc             ] GC(2643) Pause Young (Allocation Failure) 689M->451M(724M) 70.676ms
[1051.729s][info][gc,cpu         ] GC(2643) User=0.12s Sys=0.02s Real=0.07s
[1052.123s][info][gc,start       ] GC(2644) Pause Young (Allocation Failure)
[1052.211s][info][gc,heap        ] GC(2644) PSYoungGen: 287744K(287744K)->17920K(299520K) Eden: 279040K(279040K)->0K(281600K) From: 8704K(8704K)->17920K(17920K)
[1052.211s][info][gc,heap        ] GC(2644) ParOldGen: 454040K(454144K)->466440K(466944K)
[1052.211s][info][gc,metaspace   ] GC(2644) Metaspace: 35505K(36224K)->35505K(36224K) NonClass: 29232K(29760K)->29232K(29760K) Class: 6273K(6464K)->6273K(6464K)
[1052.211s][info][gc             ] GC(2644) Pause Young (Allocation Failure) 724M->473M(748M) 88.044ms
[1052.211s][info][gc,cpu         ] GC(2644) User=0.14s Sys=0.03s Real=0.09s
[1052.346s][info][gc,start       ] GC(2645) Pause Young (Allocation Failure)
[1052.362s][info][gc,heap        ] GC(2645) PSYoungGen: 299520K(299520K)->4096K(307712K) Eden: 281600K(281600K)->0K(281600K) From: 17920K(17920K)->4096K(26112K)
[1052.362s][info][gc,heap        ] GC(2645) ParOldGen: 466440K(466944K)->466888K(466944K)
[1052.362s][info][gc,metaspace   ] GC(2645) Metaspace: 35505K(36224K)->35505K(36224K) NonClass: 29232K(29760K)->29232K(29760K) Class: 6273K(6464K)->6273K(6464K)
[1052.362s][info][gc             ] GC(2645) Pause Young (Allocation Failure) 748M->459M(756M) 15.658ms
[1052.362s][info][gc,cpu         ] GC(2645) User=0.03s Sys=0.00s Real=0.02s
[1053.014s][info][gc,start       ] GC(2646) Pause Young (Allocation Failure)
[1053.017s][info][gc,heap        ] GC(2646) PSYoungGen: 285696K(307712K)->32K(305152K) Eden: 281600K(281600K)->0K(283136K) From: 4096K(26112K)->32K(22016K)
[1053.017s][info][gc,heap        ] GC(2646) ParOldGen: 466888K(466944K)->466896K(466944K)
[1053.017s][info][gc,metaspace   ] GC(2646) Metaspace: 35505K(36224K)->35505K(36224K) NonClass: 29232K(29760K)->29232K(29760K) Class: 6273K(6464K)->6273K(6464K)
[1053.017s][info][gc             ] GC(2646) Pause Young (Allocation Failure) 734M->455M(754M) 2.742ms
[1053.017s][info][gc,cpu         ] GC(2646) User=0.00s Sys=0.00s Real=0.00s
[1053.552s][info][gc,start       ] GC(2647) Pause Young (Allocation Failure)
[1053.554s][info][gc,heap        ] GC(2647) PSYoungGen: 283168K(305152K)->64K(307200K) Eden: 283136K(283136K)->0K(283136K) From: 32K(22016K)->64K(24064K)
[1053.555s][info][gc,heap        ] GC(2647) ParOldGen: 466896K(466944K)->466904K(466944K)
[1053.555s][info][gc,metaspace   ] GC(2647) Metaspace: 35505K(36224K)->35505K(36224K) NonClass: 29232K(29760K)->29232K(29760K) Class: 6273K(6464K)->6273K(6464K)
[1053.555s][info][gc             ] GC(2647) Pause Young (Allocation Failure) 732M->456M(756M) 2.062ms
[1053.555s][info][gc,cpu         ] GC(2647) User=0.00s Sys=0.00s Real=0.00s
[1054.043s][info][gc,start       ] GC(2648) Pause Young (Allocation Failure)
[1054.046s][info][gc,heap        ] GC(2648) PSYoungGen: 283200K(307200K)->32K(306688K) Eden: 283136K(283136K)->0K(286720K) From: 64K(24064K)->32K(19968K)
[1054.046s][info][gc,heap        ] GC(2648) ParOldGen: 466904K(466944K)->466912K(466944K)
[1054.046s][info][gc,metaspace   ] GC(2648) Metaspace: 35505K(36224K)->35505K(36224K) NonClass: 29232K(29760K)->29232K(29760K) Class: 6273K(6464K)->6273K(6464K)
[1054.046s][info][gc             ] GC(2648) Pause Young (Allocation Failure) 732M->456M(755M) 2.326ms
[1054.046s][info][gc,cpu         ] GC(2648) User=0.00s Sys=0.00s Real=0.00s
[1054.296s][info][gc,start       ] GC(2649) Pause Young (Allocation Failure)
[1054.298s][info][gc,heap        ] GC(2649) PSYoungGen: 286752K(306688K)->32K(308736K) Eden: 286720K(286720K)->0K(286720K) From: 32K(19968K)->32K(22016K)
[1054.298s][info][gc,heap        ] GC(2649) ParOldGen: 466912K(466944K)->466920K(466944K)
[1054.298s][info][gc,metaspace   ] GC(2649) Metaspace: 35505K(36224K)->35505K(36224K) NonClass: 29232K(29760K)->29232K(29760K) Class: 6273K(6464K)->6273K(6464K)
[1054.298s][info][gc             ] GC(2649) Pause Young (Allocation Failure) 736M->456M(757M) 2.280ms
[1054.298s][info][gc,cpu         ] GC(2649) User=0.00s Sys=0.00s Real=0.00s
[1054.551s][info][gc,start       ] GC(2650) Pause Young (Allocation Failure)
[1054.553s][info][gc,heap        ] GC(2650) PSYoungGen: 286752K(308736K)->32K(309248K) Eden: 286720K(286720K)->0K(290304K) From: 32K(22016K)->32K(18944K)
[1054.553s][info][gc,heap        ] GC(2650) ParOldGen: 466920K(466944K)->466920K(466944K)
[1054.553s][info][gc,metaspace   ] GC(2650) Metaspace: 35505K(36224K)->35505K(36224K) NonClass: 29232K(29760K)->29232K(29760K) Class: 6273K(6464K)->6273K(6464K)
[1054.553s][info][gc             ] GC(2650) Pause Young (Allocation Failure) 736M->456M(758M) 2.317ms
[1054.553s][info][gc,cpu         ] GC(2650) User=0.01s Sys=0.00s Real=0.00s
[1054.986s][info][gc,start       ] GC(2651) Pause Young (Allocation Failure)
[1054.988s][info][gc,heap        ] GC(2651) PSYoungGen: 290336K(309248K)->32K(310784K) Eden: 290304K(290304K)->0K(290304K) From: 32K(18944K)->32K(20480K)
[1054.988s][info][gc,heap        ] GC(2651) ParOldGen: 466920K(466944K)->466920K(466944K)
[1054.988s][info][gc,metaspace   ] GC(2651) Metaspace: 35505K(36224K)->35505K(36224K) NonClass: 29232K(29760K)->29232K(29760K) Class: 6273K(6464K)->6273K(6464K)
[1054.988s][info][gc             ] GC(2651) Pause Young (Allocation Failure) 739M->456M(759M) 2.263ms
[1054.988s][info][gc,cpu         ] GC(2651) User=0.00s Sys=0.00s Real=0.00s
[1055.049s][info][gc,start       ] GC(2652) Pause Young (Allocation Failure)
[1055.051s][info][gc,heap        ] GC(2652) PSYoungGen: 290335K(310784K)->64K(310784K) Eden: 290303K(290304K)->0K(293888K) From: 32K(20480K)->64K(16896K)
[1055.051s][info][gc,heap        ] GC(2652) ParOldGen: 466920K(466944K)->466928K(466944K)
[1055.051s][info][gc,metaspace   ] GC(2652) Metaspace: 35505K(36224K)->35505K(36224K) NonClass: 29232K(29760K)->29232K(29760K) Class: 6273K(6464K)->6273K(6464K)
[1055.051s][info][gc             ] GC(2652) Pause Young (Allocation Failure) 739M->456M(759M) 1.739ms
[1055.051s][info][gc,cpu         ] GC(2652) User=0.00s Sys=0.00s Real=0.01s
[1055.107s][info][gc,start       ] GC(2653) Pause Young (Allocation Failure)
[1055.109s][info][gc,heap        ] GC(2653) PSYoungGen: 293952K(310784K)->64K(312320K) Eden: 293888K(293888K)->0K(293888K) From: 64K(16896K)->64K(18432K)
[1055.109s][info][gc,heap        ] GC(2653) ParOldGen: 466928K(466944K)->466944K(467456K)
[1055.109s][info][gc,metaspace   ] GC(2653) Metaspace: 35505K(36224K)->35505K(36224K) NonClass: 29232K(29760K)->29232K(29760K) Class: 6273K(6464K)->6273K(6464K)
[1055.109s][info][gc             ] GC(2653) Pause Young (Allocation Failure) 743M->456M(761M) 1.871ms
[1055.109s][info][gc,cpu         ] GC(2653) User=0.00s Sys=0.00s Real=0.00s
[1055.303s][info][gc,start       ] GC(2654) Pause Young (Allocation Failure)
[1055.305s][info][gc,heap        ] GC(2654) PSYoungGen: 293952K(312320K)->64K(312832K) Eden: 293888K(293888K)->0K(297984K) From: 64K(18432K)->64K(14848K)
[1055.305s][info][gc,heap        ] GC(2654) ParOldGen: 466944K(467456K)->466944K(467456K)
[1055.305s][info][gc,metaspace   ] GC(2654) Metaspace: 35505K(36224K)->35505K(36224K) NonClass: 29232K(29760K)->29232K(29760K) Class: 6273K(6464K)->6273K(6464K)
[1055.305s][info][gc             ] GC(2654) Pause Young (Allocation Failure) 743M->456M(762M) 1.776ms
[1055.305s][info][gc,cpu         ] GC(2654) User=0.00s Sys=0.00s Real=0.00s
[1055.555s][info][gc,start       ] GC(2655) Pause Young (Allocation Failure)
[1055.558s][info][gc,heap        ] GC(2655) PSYoungGen: 298048K(312832K)->32K(314368K) Eden: 297984K(297984K)->0K(297984K) From: 64K(14848K)->32K(16384K)
[1055.558s][info][gc,heap        ] GC(2655) ParOldGen: 466944K(467456K)->466952K(467456K)
[1055.558s][info][gc,metaspace   ] GC(2655) Metaspace: 35505K(36224K)->35505K(36224K) NonClass: 29232K(29760K)->29232K(29760K) Class: 6273K(6464K)->6273K(6464K)
[1055.558s][info][gc             ] GC(2655) Pause Young (Allocation Failure) 747M->456M(763M) 2.839ms
[1055.558s][info][gc,cpu         ] GC(2655) User=0.00s Sys=0.00s Real=0.00s
[1055.704s][info][gc,start       ] GC(2656) Pause Young (Allocation Failure)
[1055.706s][info][gc,heap        ] GC(2656) PSYoungGen: 298016K(314368K)->32K(314880K) Eden: 297984K(297984K)->0K(302080K) From: 32K(16384K)->32K(12800K)
[1055.706s][info][gc,heap        ] GC(2656) ParOldGen: 466952K(467456K)->466960K(467456K)
[1055.706s][info][gc,metaspace   ] GC(2656) Metaspace: 35505K(36224K)->35505K(36224K) NonClass: 29232K(29760K)->29232K(29760K) Class: 6273K(6464K)->6273K(6464K)
[1055.706s][info][gc             ] GC(2656) Pause Young (Allocation Failure) 747M->456M(764M) 2.268ms
[1055.706s][info][gc,cpu         ] GC(2656) User=0.00s Sys=0.00s Real=0.00s
[1055.835s][info][gc,start       ] GC(2657) Pause Young (Allocation Failure)
[1055.837s][info][gc,heap        ] GC(2657) PSYoungGen: 302112K(314880K)->32K(316416K) Eden: 302080K(302080K)->0K(302080K) From: 32K(12800K)->32K(14336K)
[1055.837s][info][gc,heap        ] GC(2657) ParOldGen: 466960K(467456K)->466968K(467456K)
[1055.837s][info][gc,metaspace   ] GC(2657) Metaspace: 35505K(36224K)->35505K(36224K) NonClass: 29232K(29760K)->29232K(29760K) Class: 6273K(6464K)->6273K(6464K)
[1055.837s][info][gc             ] GC(2657) Pause Young (Allocation Failure) 751M->456M(765M) 2.220ms
[1055.837s][info][gc,cpu         ] GC(2657) User=0.00s Sys=0.00s Real=0.00s
[1056.080s][info][gc,start       ] GC(2658) Pause Young (Allocation Failure)
[1056.081s][info][gc,heap        ] GC(2658) PSYoungGen: 302112K(316416K)->64K(316928K) Eden: 302080K(302080K)->0K(305664K) From: 32K(14336K)->64K(11264K)
[1056.082s][info][gc,heap        ] GC(2658) ParOldGen: 466968K(467456K)->466976K(467456K)
[1056.082s][info][gc,metaspace   ] GC(2658) Metaspace: 35505K(36224K)->35505K(36224K) NonClass: 29232K(29760K)->29232K(29760K) Class: 6273K(6464K)->6273K(6464K)
[1056.082s][info][gc             ] GC(2658) Pause Young (Allocation Failure) 751M->456M(766M) 1.807ms
[1056.082s][info][gc,cpu         ] GC(2658) User=0.00s Sys=0.00s Real=0.01s
[1057.234s][info][gc,start       ] GC(2659) Pause Young (Allocation Failure)
[1057.236s][info][gc,heap        ] GC(2659) PSYoungGen: 305728K(316928K)->64K(318464K) Eden: 305664K(305664K)->0K(305664K) From: 64K(11264K)->64K(12800K)
[1057.236s][info][gc,heap        ] GC(2659) ParOldGen: 466976K(467456K)->466984K(467456K)
[1057.236s][info][gc,metaspace   ] GC(2659) Metaspace: 35505K(36224K)->35505K(36224K) NonClass: 29232K(29760K)->29232K(29760K) Class: 6273K(6464K)->6273K(6464K)
[1057.236s][info][gc             ] GC(2659) Pause Young (Allocation Failure) 754M->456M(767M) 2.057ms
[1057.236s][info][gc,cpu         ] GC(2659) User=0.00s Sys=0.00s Real=0.00s
[1058.272s][info][gc,start       ] GC(2660) Pause Young (Allocation Failure)
[1058.275s][info][gc,heap        ] GC(2660) PSYoungGen: 305728K(318464K)->64K(293888K) Eden: 305664K(305664K)->0K(293376K) From: 64K(12800K)->64K(512K)
[1058.275s][info][gc,heap        ] GC(2660) ParOldGen: 466984K(467456K)->466992K(467456K)
[1058.275s][info][gc,metaspace   ] GC(2660) Metaspace: 35505K(36224K)->35505K(36224K) NonClass: 29232K(29760K)->29232K(29760K) Class: 6273K(6464K)->6273K(6464K)
[1058.275s][info][gc             ] GC(2660) Pause Young (Allocation Failure) 754M->456M(743M) 3.280ms
[1058.275s][info][gc,cpu         ] GC(2660) User=0.01s Sys=0.00s Real=0.00s
[1058.691s][info][gc,start       ] GC(2661) Pause Young (Allocation Failure)
[1058.694s][info][gc,heap        ] GC(2661) PSYoungGen: 293440K(293888K)->64K(292864K) Eden: 293376K(293376K)->0K(281600K) From: 64K(512K)->64K(11264K)
[1058.694s][info][gc,heap        ] GC(2661) ParOldGen: 466992K(467456K)->467008K(467456K)
[1058.694s][info][gc,metaspace   ] GC(2661) Metaspace: 35505K(36224K)->35505K(36224K) NonClass: 29232K(29760K)->29232K(29760K) Class: 6273K(6464K)->6273K(6464K)
[1058.694s][info][gc             ] GC(2661) Pause Young (Allocation Failure) 742M->456M(742M) 3.361ms
[1058.694s][info][gc,cpu         ] GC(2661) User=0.00s Sys=0.01s Real=0.01s
[1059.129s][info][gc,start       ] GC(2662) Pause Young (Allocation Failure)
[1059.132s][info][gc,heap        ] GC(2662) PSYoungGen: 281664K(292864K)->64K(271360K) Eden: 281600K(281600K)->0K(270848K) From: 64K(11264K)->64K(512K)
[1059.132s][info][gc,heap        ] GC(2662) ParOldGen: 467008K(467456K)->467016K(467456K)
[1059.132s][info][gc,metaspace   ] GC(2662) Metaspace: 35505K(36224K)->35505K(36224K) NonClass: 29232K(29760K)->29232K(29760K) Class: 6273K(6464K)->6273K(6464K)
[1059.132s][info][gc             ] GC(2662) Pause Young (Allocation Failure) 731M->456M(721M) 3.109ms
[1059.132s][info][gc,cpu         ] GC(2662) User=0.01s Sys=0.00s Real=0.01s
[1060.279s][info][gc,start       ] GC(2663) Pause Young (Allocation Failure)
[1060.281s][info][gc,heap        ] GC(2663) PSYoungGen: 270912K(271360K)->64K(270336K) Eden: 270848K(270848K)->0K(260608K) From: 64K(512K)->64K(9728K)
[1060.281s][info][gc,heap        ] GC(2663) ParOldGen: 467016K(467456K)->467024K(467456K)
[1060.281s][info][gc,metaspace   ] GC(2663) Metaspace: 35505K(36224K)->35505K(36224K) NonClass: 29232K(29760K)->29232K(29760K) Class: 6273K(6464K)->6273K(6464K)
[1060.282s][info][gc             ] GC(2663) Pause Young (Allocation Failure) 720M->456M(720M) 2.623ms
[1060.282s][info][gc,cpu         ] GC(2663) User=0.00s Sys=0.00s Real=0.01s
[1060.726s][info][gc,start       ] GC(2664) Pause Young (Allocation Failure)
[1060.729s][info][gc,heap        ] GC(2664) PSYoungGen: 260672K(270336K)->64K(251392K) Eden: 260608K(260608K)->0K(250880K) From: 64K(9728K)->64K(512K)
[1060.729s][info][gc,heap        ] GC(2664) ParOldGen: 467024K(467456K)->467032K(467456K)
[1060.729s][info][gc,metaspace   ] GC(2664) Metaspace: 35505K(36224K)->35505K(36224K) NonClass: 29232K(29760K)->29232K(29760K) Class: 6273K(6464K)->6273K(6464K)
[1060.729s][info][gc             ] GC(2664) Pause Young (Allocation Failure) 710M->456M(702M) 2.946ms
[1060.729s][info][gc,cpu         ] GC(2664) User=0.01s Sys=0.00s Real=0.00s
[1060.826s][info][gc,start       ] GC(2665) Pause Young (Allocation Failure)
[1060.829s][info][gc,heap        ] GC(2665) PSYoungGen: 250944K(251392K)->64K(294912K) Eden: 250880K(250880K)->0K(286208K) From: 64K(512K)->64K(8704K)
[1060.829s][info][gc,heap        ] GC(2665) ParOldGen: 467032K(467456K)->467040K(467456K)
[1060.829s][info][gc,metaspace   ] GC(2665) Metaspace: 35505K(36224K)->35505K(36224K) NonClass: 29232K(29760K)->29232K(29760K) Class: 6273K(6464K)->6273K(6464K)
[1060.829s][info][gc             ] GC(2665) Pause Young (Allocation Failure) 701M->456M(744M) 3.014ms
[1060.829s][info][gc,cpu         ] GC(2665) User=0.01s Sys=0.00s Real=0.00s
[1061.496s][info][gc,start       ] GC(2666) Pause Young (Allocation Failure)
[1061.498s][info][gc,heap        ] GC(2666) PSYoungGen: 286272K(294912K)->64K(305152K) Eden: 286208K(286208K)->0K(297472K) From: 64K(8704K)->64K(7680K)
[1061.499s][info][gc,heap        ] GC(2666) ParOldGen: 467040K(467456K)->467048K(467456K)
[1061.499s][info][gc,metaspace   ] GC(2666) Metaspace: 35505K(36224K)->35505K(36224K) NonClass: 29232K(29760K)->29232K(29760K) Class: 6273K(6464K)->6273K(6464K)
[1061.499s][info][gc             ] GC(2666) Pause Young (Allocation Failure) 735M->456M(754M) 2.668ms
[1061.499s][info][gc,cpu         ] GC(2666) User=0.00s Sys=0.00s Real=0.00s
[1061.928s][info][gc,start       ] GC(2667) Pause Young (Allocation Failure)
[1061.931s][info][gc,heap        ] GC(2667) PSYoungGen: 297536K(305152K)->64K(286208K) Eden: 297472K(297472K)->0K(285696K) From: 64K(7680K)->64K(512K)
[1061.931s][info][gc,heap        ] GC(2667) ParOldGen: 467048K(467456K)->467064K(467456K)
[1061.931s][info][gc,metaspace   ] GC(2667) Metaspace: 35505K(36224K)->35505K(36224K) NonClass: 29232K(29760K)->29232K(29760K) Class: 6273K(6464K)->6273K(6464K)
[1061.931s][info][gc             ] GC(2667) Pause Young (Allocation Failure) 746M->456M(736M) 3.401ms
[1061.931s][info][gc,cpu         ] GC(2667) User=0.00s Sys=0.00s Real=0.01s
[1062.459s][info][gc,start       ] GC(2668) Pause Young (Allocation Failure)
[1062.532s][info][gc,heap        ] GC(2668) PSYoungGen: 285760K(286208K)->6656K(289792K) Eden: 285696K(285696K)->0K(283136K) From: 64K(512K)->6656K(6656K)
[1062.532s][info][gc,heap        ] GC(2668) ParOldGen: 467064K(467456K)->486312K(486400K)
[1062.532s][info][gc,metaspace   ] GC(2668) Metaspace: 35505K(36224K)->35505K(36224K) NonClass: 29232K(29760K)->29232K(29760K) Class: 6273K(6464K)->6273K(6464K)
[1062.532s][info][gc             ] GC(2668) Pause Young (Allocation Failure) 735M->481M(758M) 72.616ms
[1062.532s][info][gc,cpu         ] GC(2668) User=0.12s Sys=0.02s Real=0.08s
[1063.013s][info][gc,start       ] GC(2669) Pause Young (Allocation Failure)
[1063.085s][info][gc,heap        ] GC(2669) PSYoungGen: 289792K(289792K)->15360K(298496K) Eden: 283136K(283136K)->0K(283136K) From: 6656K(6656K)->15360K(15360K)
[1063.085s][info][gc,heap        ] GC(2669) ParOldGen: 486312K(486400K)->501712K(501760K)
[1063.085s][info][gc,metaspace   ] GC(2669) Metaspace: 35505K(36224K)->35505K(36224K) NonClass: 29232K(29760K)->29232K(29760K) Class: 6273K(6464K)->6273K(6464K)
[1063.085s][info][gc             ] GC(2669) Pause Young (Allocation Failure) 757M->504M(781M) 71.790ms
[1063.085s][info][gc,cpu         ] GC(2669) User=0.14s Sys=0.01s Real=0.07s
[1063.342s][info][gc,start       ] GC(2670) Pause Young (Allocation Failure)
[1063.379s][info][gc,heap        ] GC(2670) PSYoungGen: 298496K(298496K)->13056K(308224K) Eden: 283136K(283136K)->0K(283648K) From: 15360K(15360K)->13056K(24576K)
[1063.379s][info][gc,heap        ] GC(2670) ParOldGen: 501712K(501760K)->502272K(502784K)
[1063.379s][info][gc,metaspace   ] GC(2670) Metaspace: 35505K(36224K)->35505K(36224K) NonClass: 29232K(29760K)->29232K(29760K) Class: 6273K(6464K)->6273K(6464K)
[1063.379s][info][gc             ] GC(2670) Pause Young (Allocation Failure) 781M->503M(792M) 36.937ms
[1063.379s][info][gc,cpu         ] GC(2670) User=0.06s Sys=0.01s Real=0.03s
[1063.852s][info][gc,start       ] GC(2671) Pause Young (Allocation Failure)
[1063.854s][info][gc,heap        ] GC(2671) PSYoungGen: 296704K(308224K)->64K(308736K) Eden: 283648K(283648K)->0K(283648K) From: 13056K(24576K)->64K(25088K)
[1063.854s][info][gc,heap        ] GC(2671) ParOldGen: 502272K(502784K)->502280K(502784K)
[1063.854s][info][gc,metaspace   ] GC(2671) Metaspace: 35505K(36224K)->35505K(36224K) NonClass: 29232K(29760K)->29232K(29760K) Class: 6273K(6464K)->6273K(6464K)
[1063.854s][info][gc             ] GC(2671) Pause Young (Allocation Failure) 780M->490M(792M) 1.870ms
[1063.854s][info][gc,cpu         ] GC(2671) User=0.01s Sys=0.00s Real=0.00s
[1064.571s][info][gc,start       ] GC(2672) Pause Young (Allocation Failure)
[1064.574s][info][gc,heap        ] GC(2672) PSYoungGen: 283712K(308736K)->32K(306688K) Eden: 283648K(283648K)->0K(284160K) From: 64K(25088K)->32K(22528K)
[1064.574s][info][gc,heap        ] GC(2672) ParOldGen: 502280K(502784K)->502288K(502784K)
[1064.574s][info][gc,metaspace   ] GC(2672) Metaspace: 35505K(36224K)->35505K(36224K) NonClass: 29232K(29760K)->29232K(29760K) Class: 6273K(6464K)->6273K(6464K)
[1064.574s][info][gc             ] GC(2672) Pause Young (Allocation Failure) 767M->490M(790M) 3.071ms
[1064.574s][info][gc,cpu         ] GC(2672) User=0.00s Sys=0.00s Real=0.00s
[1065.079s][info][gc,start       ] GC(2673) Pause Young (Allocation Failure)
[1065.082s][info][gc,heap        ] GC(2673) PSYoungGen: 284192K(306688K)->32K(307712K) Eden: 284160K(284160K)->0K(284160K) From: 32K(22528K)->32K(23552K)
[1065.082s][info][gc,heap        ] GC(2673) ParOldGen: 502288K(502784K)->502296K(502784K)
[1065.082s][info][gc,metaspace   ] GC(2673) Metaspace: 35505K(36224K)->35505K(36224K) NonClass: 29232K(29760K)->29232K(29760K) Class: 6273K(6464K)->6273K(6464K)
[1065.082s][info][gc             ] GC(2673) Pause Young (Allocation Failure) 768M->490M(791M) 2.909ms
[1065.082s][info][gc,cpu         ] GC(2673) User=0.00s Sys=0.00s Real=0.01s
[1065.330s][info][gc,start       ] GC(2674) Pause Young (Allocation Failure)
[1065.333s][info][gc,heap        ] GC(2674) PSYoungGen: 284192K(307712K)->32K(307712K) Eden: 284160K(284160K)->0K(287232K) From: 32K(23552K)->32K(20480K)
[1065.333s][info][gc,heap        ] GC(2674) ParOldGen: 502296K(502784K)->502304K(502784K)
[1065.333s][info][gc,metaspace   ] GC(2674) Metaspace: 35505K(36224K)->35505K(36224K) NonClass: 29232K(29760K)->29232K(29760K) Class: 6273K(6464K)->6273K(6464K)
[1065.333s][info][gc             ] GC(2674) Pause Young (Allocation Failure) 768M->490M(791M) 2.914ms
[1065.333s][info][gc,cpu         ] GC(2674) User=0.00s Sys=0.00s Real=0.01s
[1065.584s][info][gc,start       ] GC(2675) Pause Young (Allocation Failure)
[1065.586s][info][gc,heap        ] GC(2675) PSYoungGen: 287264K(307712K)->32K(309248K) Eden: 287232K(287232K)->0K(287232K) From: 32K(20480K)->32K(22016K)
[1065.586s][info][gc,heap        ] GC(2675) ParOldGen: 502304K(502784K)->502304K(502784K)
[1065.586s][info][gc,metaspace   ] GC(2675) Metaspace: 35505K(36224K)->35505K(36224K) NonClass: 29232K(29760K)->29232K(29760K) Class: 6273K(6464K)->6273K(6464K)
[1065.586s][info][gc             ] GC(2675) Pause Young (Allocation Failure) 771M->490M(793M) 2.786ms
[1065.586s][info][gc,cpu         ] GC(2675) User=0.00s Sys=0.01s Real=0.00s
[1065.993s][info][gc,start       ] GC(2676) Pause Young (Allocation Failure)
[1065.995s][info][gc,heap        ] GC(2676) PSYoungGen: 287264K(309248K)->32K(309248K) Eden: 287232K(287232K)->0K(290816K) From: 32K(22016K)->32K(18432K)
[1065.995s][info][gc,heap        ] GC(2676) ParOldGen: 502304K(502784K)->502304K(502784K)
[1065.995s][info][gc,metaspace   ] GC(2676) Metaspace: 35505K(36224K)->35505K(36224K) NonClass: 29232K(29760K)->29232K(29760K) Class: 6273K(6464K)->6273K(6464K)
[1065.996s][info][gc             ] GC(2676) Pause Young (Allocation Failure) 771M->490M(793M) 2.550ms
[1065.996s][info][gc,cpu         ] GC(2676) User=0.00s Sys=0.00s Real=0.00s
[1066.141s][info][gc,start       ] GC(2677) Pause Young (Allocation Failure)
[1066.144s][info][gc,heap        ] GC(2677) PSYoungGen: 290848K(309248K)->32K(310784K) Eden: 290816K(290816K)->0K(290816K) From: 32K(18432K)->32K(19968K)
[1066.144s][info][gc,heap        ] GC(2677) ParOldGen: 502304K(502784K)->502320K(502784K)
[1066.144s][info][gc,metaspace   ] GC(2677) Metaspace: 35505K(36224K)->35505K(36224K) NonClass: 29232K(29760K)->29232K(29760K) Class: 6273K(6464K)->6273K(6464K)
[1066.144s][info][gc             ] GC(2677) Pause Young (Allocation Failure) 774M->490M(794M) 2.507ms
[1066.144s][info][gc,cpu         ] GC(2677) User=0.00s Sys=0.00s Real=0.00s
[1066.203s][info][gc,start       ] GC(2678) Pause Young (Allocation Failure)
[1066.205s][info][gc,heap        ] GC(2678) PSYoungGen: 290848K(310784K)->32K(311296K) Eden: 290816K(290816K)->0K(294912K) From: 32K(19968K)->32K(16384K)
[1066.205s][info][gc,heap        ] GC(2678) ParOldGen: 502320K(502784K)->502328K(502784K)
[1066.205s][info][gc,metaspace   ] GC(2678) Metaspace: 35505K(36224K)->35505K(36224K) NonClass: 29232K(29760K)->29232K(29760K) Class: 6273K(6464K)->6273K(6464K)
[1066.205s][info][gc             ] GC(2678) Pause Young (Allocation Failure) 774M->490M(795M) 2.385ms
[1066.205s][info][gc,cpu         ] GC(2678) User=0.00s Sys=0.00s Real=0.00s
[1066.346s][info][gc,start       ] GC(2679) Pause Young (Allocation Failure)
[1066.348s][info][gc,heap        ] GC(2679) PSYoungGen: 294944K(311296K)->32K(312832K) Eden: 294912K(294912K)->0K(294912K) From: 32K(16384K)->32K(17920K)
[1066.349s][info][gc,heap        ] GC(2679) ParOldGen: 502328K(502784K)->502328K(502784K)
[1066.349s][info][gc,metaspace   ] GC(2679) Metaspace: 35505K(36224K)->35505K(36224K) NonClass: 29232K(29760K)->29232K(29760K) Class: 6273K(6464K)->6273K(6464K)
[1066.349s][info][gc             ] GC(2679) Pause Young (Allocation Failure) 778M->490M(796M) 2.526ms
[1066.349s][info][gc,cpu         ] GC(2679) User=0.01s Sys=0.00s Real=0.00s
[1066.602s][info][gc,start       ] GC(2680) Pause Young (Allocation Failure)
[1066.604s][info][gc,heap        ] GC(2680) PSYoungGen: 294944K(312832K)->32K(313344K) Eden: 294912K(294912K)->0K(299008K) From: 32K(17920K)->32K(14336K)
[1066.604s][info][gc,heap        ] GC(2680) ParOldGen: 502328K(502784K)->502336K(502784K)
[1066.604s][info][gc,metaspace   ] GC(2680) Metaspace: 35505K(36224K)->35505K(36224K) NonClass: 29232K(29760K)->29232K(29760K) Class: 6273K(6464K)->6273K(6464K)
[1066.604s][info][gc             ] GC(2680) Pause Young (Allocation Failure) 778M->490M(797M) 2.520ms
[1066.604s][info][gc,cpu         ] GC(2680) User=0.00s Sys=0.00s Real=0.00s
[1066.794s][info][gc,start       ] GC(2681) Pause Young (Allocation Failure)
[1066.797s][info][gc,heap        ] GC(2681) PSYoungGen: 299040K(313344K)->32K(314880K) Eden: 299008K(299008K)->0K(299008K) From: 32K(14336K)->32K(15872K)
[1066.797s][info][gc,heap        ] GC(2681) ParOldGen: 502336K(502784K)->502344K(502784K)
[1066.797s][info][gc,metaspace   ] GC(2681) Metaspace: 35505K(36224K)->35505K(36224K) NonClass: 29232K(29760K)->29232K(29760K) Class: 6273K(6464K)->6273K(6464K)
[1066.797s][info][gc             ] GC(2681) Pause Young (Allocation Failure) 782M->490M(798M) 3.085ms
[1066.797s][info][gc,cpu         ] GC(2681) User=0.00s Sys=0.00s Real=0.00s
[1066.886s][info][gc,start       ] GC(2682) Pause Young (Allocation Failure)
[1066.889s][info][gc,heap        ] GC(2682) PSYoungGen: 299040K(314880K)->32K(316416K) Eden: 299008K(299008K)->0K(303104K) From: 32K(15872K)->32K(13312K)
[1066.889s][info][gc,heap        ] GC(2682) ParOldGen: 502344K(502784K)->502352K(502784K)
[1066.889s][info][gc,metaspace   ] GC(2682) Metaspace: 35505K(36224K)->35505K(36224K) NonClass: 29232K(29760K)->29232K(29760K) Class: 6273K(6464K)->6273K(6464K)
[1066.889s][info][gc             ] GC(2682) Pause Young (Allocation Failure) 782M->490M(800M) 2.728ms
[1066.889s][info][gc,cpu         ] GC(2682) User=0.01s Sys=0.00s Real=0.00s
[1067.068s][info][gc,start       ] GC(2683) Pause Young (Allocation Failure)
[1067.071s][info][gc,heap        ] GC(2683) PSYoungGen: 303136K(316416K)->32K(317440K) Eden: 303104K(303104K)->0K(303104K) From: 32K(13312K)->32K(14336K)
[1067.071s][info][gc,heap        ] GC(2683) ParOldGen: 502352K(502784K)->502352K(502784K)
[1067.071s][info][gc,metaspace   ] GC(2683) Metaspace: 35505K(36224K)->35505K(36224K) NonClass: 29232K(29760K)->29232K(29760K) Class: 6273K(6464K)->6273K(6464K)
[1067.071s][info][gc             ] GC(2683) Pause Young (Allocation Failure) 786M->490M(801M) 2.803ms
[1067.071s][info][gc,cpu         ] GC(2683) User=0.01s Sys=0.00s Real=0.00s
[1067.636s][info][gc,start       ] GC(2684) Pause Young (Allocation Failure)
[1067.639s][info][gc,heap        ] GC(2684) PSYoungGen: 303136K(317440K)->32K(317440K) Eden: 303104K(303104K)->0K(306176K) From: 32K(14336K)->32K(11264K)
[1067.639s][info][gc,heap        ] GC(2684) ParOldGen: 502352K(502784K)->502368K(502784K)
[1067.639s][info][gc,metaspace   ] GC(2684) Metaspace: 35505K(36224K)->35505K(36224K) NonClass: 29232K(29760K)->29232K(29760K) Class: 6273K(6464K)->6273K(6464K)
[1067.639s][info][gc             ] GC(2684) Pause Young (Allocation Failure) 786M->490M(801M) 2.836ms
[1067.639s][info][gc,cpu         ] GC(2684) User=0.00s Sys=0.00s Real=0.00s
[1069.242s][info][gc,start       ] GC(2685) Pause Young (Allocation Failure)
[1069.245s][info][gc,heap        ] GC(2685) PSYoungGen: 306208K(317440K)->32K(318464K) Eden: 306176K(306176K)->0K(306176K) From: 32K(11264K)->32K(12288K)
[1069.245s][info][gc,heap        ] GC(2685) ParOldGen: 502368K(502784K)->502376K(502784K)
[1069.245s][info][gc,metaspace   ] GC(2685) Metaspace: 35505K(36224K)->35505K(36224K) NonClass: 29232K(29760K)->29232K(29760K) Class: 6273K(6464K)->6273K(6464K)
[1069.245s][info][gc             ] GC(2685) Pause Young (Allocation Failure) 789M->490M(802M) 2.247ms
[1069.245s][info][gc,cpu         ] GC(2685) User=0.00s Sys=0.00s Real=0.00s
[1069.515s][info][gc,start       ] GC(2686) Pause Young (Allocation Failure)
[1069.517s][info][gc,heap        ] GC(2686) PSYoungGen: 306208K(318464K)->64K(318976K) Eden: 306176K(306176K)->0K(309760K) From: 32K(12288K)->64K(9216K)
[1069.517s][info][gc,heap        ] GC(2686) ParOldGen: 502376K(502784K)->502384K(502784K)
[1069.517s][info][gc,metaspace   ] GC(2686) Metaspace: 35505K(36224K)->35505K(36224K) NonClass: 29232K(29760K)->29232K(29760K) Class: 6273K(6464K)->6273K(6464K)
[1069.517s][info][gc             ] GC(2686) Pause Young (Allocation Failure) 789M->490M(802M) 1.986ms
[1069.517s][info][gc,cpu         ] GC(2686) User=0.00s Sys=0.00s Real=0.00s
[1070.048s][info][gc,start       ] GC(2687) Pause Young (Allocation Failure)
[1070.050s][info][gc,heap        ] GC(2687) PSYoungGen: 309824K(318976K)->64K(297984K) Eden: 309760K(309760K)->0K(297472K) From: 64K(9216K)->64K(512K)
[1070.050s][info][gc,heap        ] GC(2687) ParOldGen: 502384K(502784K)->502392K(502784K)
[1070.050s][info][gc,metaspace   ] GC(2687) Metaspace: 35505K(36224K)->35505K(36224K) NonClass: 29232K(29760K)->29232K(29760K) Class: 6273K(6464K)->6273K(6464K)
[1070.050s][info][gc             ] GC(2687) Pause Young (Allocation Failure) 793M->490M(782M) 1.989ms
[1070.050s][info][gc,cpu         ] GC(2687) User=0.00s Sys=0.00s Real=0.00s
[1071.099s][info][gc,start       ] GC(2688) Pause Young (Allocation Failure)
[1071.102s][info][gc,heap        ] GC(2688) PSYoungGen: 297536K(297984K)->64K(286208K) Eden: 297472K(297472K)->0K(285696K) From: 64K(512K)->64K(512K)
[1071.102s][info][gc,heap        ] GC(2688) ParOldGen: 502392K(502784K)->502400K(502784K)
[1071.102s][info][gc,metaspace   ] GC(2688) Metaspace: 35505K(36224K)->35505K(36224K) NonClass: 29232K(29760K)->29232K(29760K) Class: 6273K(6464K)->6273K(6464K)
[1071.102s][info][gc             ] GC(2688) Pause Young (Allocation Failure) 781M->490M(770M) 3.018ms
[1071.102s][info][gc,cpu         ] GC(2688) User=0.01s Sys=0.01s Real=0.01s
[1071.565s][info][gc,start       ] GC(2689) Pause Young (Allocation Failure)
[1071.567s][info][gc,heap        ] GC(2689) PSYoungGen: 285760K(286208K)->64K(283648K) Eden: 285696K(285696K)->0K(274432K) From: 64K(512K)->64K(9216K)
[1071.567s][info][gc,heap        ] GC(2689) ParOldGen: 502400K(502784K)->502408K(502784K)
[1071.567s][info][gc,metaspace   ] GC(2689) Metaspace: 35505K(36224K)->35505K(36224K) NonClass: 29232K(29760K)->29232K(29760K) Class: 6273K(6464K)->6273K(6464K)
[1071.567s][info][gc             ] GC(2689) Pause Young (Allocation Failure) 769M->490M(768M) 1.874ms
[1071.567s][info][gc,cpu         ] GC(2689) User=0.00s Sys=0.00s Real=0.00s
[1071.682s][info][gc,start       ] GC(2690) Pause Young (Allocation Failure)
[1071.684s][info][gc,heap        ] GC(2690) PSYoungGen: 274496K(283648K)->64K(264192K) Eden: 274432K(274432K)->0K(263680K) From: 64K(9216K)->64K(512K)
[1071.684s][info][gc,heap        ] GC(2690) ParOldGen: 502408K(502784K)->502416K(502784K)
[1071.684s][info][gc,metaspace   ] GC(2690) Metaspace: 35505K(36224K)->35505K(36224K) NonClass: 29232K(29760K)->29232K(29760K) Class: 6273K(6464K)->6273K(6464K)
[1071.684s][info][gc             ] GC(2690) Pause Young (Allocation Failure) 758M->490M(749M) 2.531ms
[1071.684s][info][gc,cpu         ] GC(2690) User=0.00s Sys=0.00s Real=0.00s
[1072.323s][info][gc,start       ] GC(2691) Pause Young (Allocation Failure)
[1072.324s][info][gc,heap        ] GC(2691) PSYoungGen: 263744K(264192K)->64K(261632K) Eden: 263680K(263680K)->0K(253440K) From: 64K(512K)->64K(8192K)
[1072.324s][info][gc,heap        ] GC(2691) ParOldGen: 502416K(502784K)->502424K(502784K)
[1072.324s][info][gc,metaspace   ] GC(2691) Metaspace: 35505K(36224K)->35505K(36224K) NonClass: 29232K(29760K)->29232K(29760K) Class: 6273K(6464K)->6273K(6464K)
[1072.324s][info][gc             ] GC(2691) Pause Young (Allocation Failure) 748M->490M(746M) 1.855ms
[1072.324s][info][gc,cpu         ] GC(2691) User=0.01s Sys=0.00s Real=0.00s
[1072.656s][info][gc,start       ] GC(2692) Pause Young (Allocation Failure)
[1072.659s][info][gc,heap        ] GC(2692) PSYoungGen: 253504K(261632K)->64K(244224K) Eden: 253440K(253440K)->0K(243712K) From: 64K(8192K)->64K(512K)
[1072.659s][info][gc,heap        ] GC(2692) ParOldGen: 502424K(502784K)->502432K(502784K)
[1072.659s][info][gc,metaspace   ] GC(2692) Metaspace: 35505K(36224K)->35505K(36224K) NonClass: 29232K(29760K)->29232K(29760K) Class: 6273K(6464K)->6273K(6464K)
[1072.659s][info][gc             ] GC(2692) Pause Young (Allocation Failure) 738M->490M(729M) 2.604ms
[1072.659s][info][gc,cpu         ] GC(2692) User=0.00s Sys=0.00s Real=0.00s
[1073.097s][info][gc,start       ] GC(2693) Pause Young (Allocation Failure)
[1073.134s][info][gc,heap        ] GC(2693) PSYoungGen: 243776K(244224K)->7168K(290304K) Eden: 243712K(243712K)->0K(283136K) From: 64K(512K)->7168K(7168K)
[1073.134s][info][gc,heap        ] GC(2693) ParOldGen: 502432K(502784K)->512200K(512512K)
[1073.134s][info][gc,metaspace   ] GC(2693) Metaspace: 35505K(36224K)->35505K(36224K) NonClass: 29232K(29760K)->29232K(29760K) Class: 6273K(6464K)->6273K(6464K)
[1073.134s][info][gc             ] GC(2693) Pause Young (Allocation Failure) 728M->507M(784M) 37.134ms
[1073.134s][info][gc,cpu         ] GC(2693) User=0.07s Sys=0.00s Real=0.04s
[1073.585s][info][gc,start       ] GC(2694) Pause Young (Allocation Failure)
[1073.657s][info][gc,heap        ] GC(2694) PSYoungGen: 290304K(290304K)->12288K(293888K) Eden: 283136K(283136K)->0K(281600K) From: 7168K(7168K)->12288K(12288K)
[1073.657s][info][gc,heap        ] GC(2694) ParOldGen: 512200K(512512K)->530320K(530432K)
[1073.657s][info][gc,metaspace   ] GC(2694) Metaspace: 35505K(36224K)->35505K(36224K) NonClass: 29232K(29760K)->29232K(29760K) Class: 6273K(6464K)->6273K(6464K)
[1073.658s][info][gc             ] GC(2694) Pause Young (Allocation Failure) 783M->529M(805M) 72.177ms
[1073.658s][info][gc,cpu         ] GC(2694) User=0.13s Sys=0.02s Real=0.07s
[1074.019s][info][gc,start       ] GC(2695) Pause Young (Allocation Failure)
[1074.077s][info][gc,heap        ] GC(2695) PSYoungGen: 293888K(293888K)->21952K(303616K) Eden: 281600K(281600K)->0K(281600K) From: 12288K(12288K)->21952K(22016K)
[1074.077s][info][gc,heap        ] GC(2695) ParOldGen: 530320K(530432K)->530992K(531456K)
[1074.077s][info][gc,metaspace   ] GC(2695) Metaspace: 35505K(36224K)->35505K(36224K) NonClass: 29232K(29760K)->29232K(29760K) Class: 6273K(6464K)->6273K(6464K)
[1074.077s][info][gc             ] GC(2695) Pause Young (Allocation Failure) 804M->539M(815M) 57.742ms
[1074.077s][info][gc,cpu         ] GC(2695) User=0.10s Sys=0.00s Real=0.06s
[1074.308s][info][gc,start       ] GC(2696) Pause Young (Allocation Failure)
[1074.310s][info][gc,heap        ] GC(2696) PSYoungGen: 303552K(303616K)->64K(308224K) Eden: 281600K(281600K)->0K(281600K) From: 21952K(22016K)->64K(26624K)
[1074.310s][info][gc,heap        ] GC(2696) ParOldGen: 530992K(531456K)->531000K(531456K)
[1074.310s][info][gc,metaspace   ] GC(2696) Metaspace: 35505K(36224K)->35505K(36224K) NonClass: 29232K(29760K)->29232K(29760K) Class: 6273K(6464K)->6273K(6464K)
[1074.310s][info][gc             ] GC(2696) Pause Young (Allocation Failure) 814M->518M(820M) 1.893ms
[1074.310s][info][gc,cpu         ] GC(2696) User=0.00s Sys=0.00s Real=0.00s
[1075.142s][info][gc,start       ] GC(2697) Pause Young (Allocation Failure)
[1075.144s][info][gc,heap        ] GC(2697) PSYoungGen: 281664K(308224K)->64K(282112K) Eden: 281600K(281600K)->0K(281600K) From: 64K(26624K)->64K(512K)
[1075.144s][info][gc,heap        ] GC(2697) ParOldGen: 531000K(531456K)->531016K(531456K)
[1075.144s][info][gc,metaspace   ] GC(2697) Metaspace: 35505K(36224K)->35505K(36224K) NonClass: 29232K(29760K)->29232K(29760K) Class: 6273K(6464K)->6273K(6464K)
[1075.144s][info][gc             ] GC(2697) Pause Young (Allocation Failure) 793M->518M(794M) 2.043ms
[1075.144s][info][gc,cpu         ] GC(2697) User=0.01s Sys=0.00s Real=0.00s
[1075.452s][info][gc,start       ] GC(2698) Pause Young (Allocation Failure)
[1075.454s][info][gc,heap        ] GC(2698) PSYoungGen: 281664K(282112K)->64K(307200K) Eden: 281600K(281600K)->0K(282624K) From: 64K(512K)->64K(24576K)
[1075.454s][info][gc,heap        ] GC(2698) ParOldGen: 531016K(531456K)->531016K(531456K)
[1075.454s][info][gc,metaspace   ] GC(2698) Metaspace: 35505K(36224K)->35505K(36224K) NonClass: 29232K(29760K)->29232K(29760K) Class: 6273K(6464K)->6273K(6464K)
[1075.455s][info][gc             ] GC(2698) Pause Young (Allocation Failure) 793M->518M(819M) 2.107ms
[1075.455s][info][gc,cpu         ] GC(2698) User=0.00s Sys=0.00s Real=0.00s
[1075.969s][info][gc,start       ] GC(2699) Pause Young (Allocation Failure)
[1075.971s][info][gc,heap        ] GC(2699) PSYoungGen: 282688K(307200K)->64K(306176K) Eden: 282624K(282624K)->0K(282624K) From: 64K(24576K)->64K(23552K)
[1075.971s][info][gc,heap        ] GC(2699) ParOldGen: 531016K(531456K)->531032K(531456K)
[1075.971s][info][gc,metaspace   ] GC(2699) Metaspace: 35505K(36224K)->35505K(36224K) NonClass: 29232K(29760K)->29232K(29760K) Class: 6273K(6464K)->6273K(6464K)
[1075.971s][info][gc             ] GC(2699) Pause Young (Allocation Failure) 794M->518M(818M) 2.156ms
[1075.971s][info][gc,cpu         ] GC(2699) User=0.00s Sys=0.00s Real=0.01s
[1076.216s][info][gc,start       ] GC(2700) Pause Young (Allocation Failure)
[1076.218s][info][gc,heap        ] GC(2700) PSYoungGen: 282688K(306176K)->64K(309248K) Eden: 282624K(282624K)->0K(286720K) From: 64K(23552K)->64K(22528K)
[1076.218s][info][gc,heap        ] GC(2700) ParOldGen: 531032K(531456K)->531048K(531456K)
[1076.218s][info][gc,metaspace   ] GC(2700) Metaspace: 35505K(36224K)->35505K(36224K) NonClass: 29232K(29760K)->29232K(29760K) Class: 6273K(6464K)->6273K(6464K)
[1076.218s][info][gc             ] GC(2700) Pause Young (Allocation Failure) 794M->518M(821M) 1.959ms
[1076.218s][info][gc,cpu         ] GC(2700) User=0.00s Sys=0.00s Real=0.00s
[1076.466s][info][gc,start       ] GC(2701) Pause Young (Allocation Failure)
[1076.468s][info][gc,heap        ] GC(2701) PSYoungGen: 286784K(309248K)->64K(308224K) Eden: 286720K(286720K)->0K(286720K) From: 64K(22528K)->64K(21504K)
[1076.468s][info][gc,heap        ] GC(2701) ParOldGen: 531048K(531456K)->531048K(531456K)
[1076.468s][info][gc,metaspace   ] GC(2701) Metaspace: 35505K(36224K)->35505K(36224K) NonClass: 29232K(29760K)->29232K(29760K) Class: 6273K(6464K)->6273K(6464K)
[1076.468s][info][gc             ] GC(2701) Pause Young (Allocation Failure) 798M->518M(820M) 1.929ms
[1076.468s][info][gc,cpu         ] GC(2701) User=0.00s Sys=0.00s Real=0.00s
[1076.831s][info][gc,start       ] GC(2702) Pause Young (Allocation Failure)
[1076.833s][info][gc,heap        ] GC(2702) PSYoungGen: 286784K(308224K)->64K(311296K) Eden: 286720K(286720K)->0K(290816K) From: 64K(21504K)->64K(20480K)
[1076.833s][info][gc,heap        ] GC(2702) ParOldGen: 531048K(531456K)->531048K(531456K)
[1076.833s][info][gc,metaspace   ] GC(2702) Metaspace: 35505K(36224K)->35505K(36224K) NonClass: 29232K(29760K)->29232K(29760K) Class: 6273K(6464K)->6273K(6464K)
[1076.833s][info][gc             ] GC(2702) Pause Young (Allocation Failure) 798M->518M(823M) 1.899ms
[1076.833s][info][gc,cpu         ] GC(2702) User=0.00s Sys=0.00s Real=0.00s
[1076.891s][info][gc,start       ] GC(2703) Pause Young (Allocation Failure)
[1076.893s][info][gc,heap        ] GC(2703) PSYoungGen: 290880K(311296K)->32K(310272K) Eden: 290816K(290816K)->0K(290816K) From: 64K(20480K)->32K(19456K)
[1076.893s][info][gc,heap        ] GC(2703) ParOldGen: 531048K(531456K)->531056K(531456K)
[1076.893s][info][gc,metaspace   ] GC(2703) Metaspace: 35505K(36224K)->35505K(36224K) NonClass: 29232K(29760K)->29232K(29760K) Class: 6273K(6464K)->6273K(6464K)
[1076.894s][info][gc             ] GC(2703) Pause Young (Allocation Failure) 802M->518M(822M) 2.712ms
[1076.894s][info][gc,cpu         ] GC(2703) User=0.01s Sys=0.00s Real=0.00s
[1076.959s][info][gc,start       ] GC(2704) Pause Young (Allocation Failure)
[1076.962s][info][gc,heap        ] GC(2704) PSYoungGen: 290848K(310272K)->64K(313344K) Eden: 290816K(290816K)->0K(294912K) From: 32K(19456K)->64K(18432K)
[1076.962s][info][gc,heap        ] GC(2704) ParOldGen: 531056K(531456K)->531056K(531456K)
[1076.962s][info][gc,metaspace   ] GC(2704) Metaspace: 35505K(36224K)->35505K(36224K) NonClass: 29232K(29760K)->29232K(29760K) Class: 6273K(6464K)->6273K(6464K)
[1076.962s][info][gc             ] GC(2704) Pause Young (Allocation Failure) 802M->518M(825M) 2.394ms
[1076.962s][info][gc,cpu         ] GC(2704) User=0.00s Sys=0.00s Real=0.01s
[1077.210s][info][gc,start       ] GC(2705) Pause Young (Allocation Failure)
[1077.212s][info][gc,heap        ] GC(2705) PSYoungGen: 294976K(313344K)->64K(312320K) Eden: 294912K(294912K)->0K(294912K) From: 64K(18432K)->64K(17408K)
[1077.212s][info][gc,heap        ] GC(2705) ParOldGen: 531056K(531456K)->531072K(531456K)
[1077.212s][info][gc,metaspace   ] GC(2705) Metaspace: 35505K(36224K)->35505K(36224K) NonClass: 29232K(29760K)->29232K(29760K) Class: 6273K(6464K)->6273K(6464K)
[1077.212s][info][gc             ] GC(2705) Pause Young (Allocation Failure) 806M->518M(824M) 2.035ms
[1077.212s][info][gc,cpu         ] GC(2705) User=0.00s Sys=0.00s Real=0.01s
[1077.437s][info][gc,start       ] GC(2706) Pause Young (Allocation Failure)
[1077.439s][info][gc,heap        ] GC(2706) PSYoungGen: 294976K(312320K)->64K(315392K) Eden: 294912K(294912K)->0K(299008K) From: 64K(17408K)->64K(16384K)
[1077.440s][info][gc,heap        ] GC(2706) ParOldGen: 531072K(531456K)->531072K(531456K)
[1077.440s][info][gc,metaspace   ] GC(2706) Metaspace: 35505K(36224K)->35505K(36224K) NonClass: 29232K(29760K)->29232K(29760K) Class: 6273K(6464K)->6273K(6464K)
[1077.440s][info][gc             ] GC(2706) Pause Young (Allocation Failure) 806M->518M(827M) 2.353ms
[1077.440s][info][gc,cpu         ] GC(2706) User=0.00s Sys=0.00s Real=0.00s
[1077.584s][info][gc,start       ] GC(2707) Pause Young (Allocation Failure)
[1077.587s][info][gc,heap        ] GC(2707) PSYoungGen: 299072K(315392K)->32K(314368K) Eden: 299008K(299008K)->0K(299008K) From: 64K(16384K)->32K(15360K)
[1077.587s][info][gc,heap        ] GC(2707) ParOldGen: 531072K(531456K)->531088K(531456K)
[1077.587s][info][gc,metaspace   ] GC(2707) Metaspace: 35505K(36224K)->35505K(36224K) NonClass: 29232K(29760K)->29232K(29760K) Class: 6273K(6464K)->6273K(6464K)
[1077.587s][info][gc             ] GC(2707) Pause Young (Allocation Failure) 810M->518M(826M) 2.493ms
[1077.587s][info][gc,cpu         ] GC(2707) User=0.01s Sys=0.00s Real=0.00s
[1077.742s][info][gc,start       ] GC(2708) Pause Young (Allocation Failure)
[1077.744s][info][gc,heap        ] GC(2708) PSYoungGen: 299040K(314368K)->64K(316928K) Eden: 299008K(299008K)->0K(302592K) From: 32K(15360K)->64K(14336K)
[1077.744s][info][gc,heap        ] GC(2708) ParOldGen: 531088K(531456K)->531096K(531456K)
[1077.744s][info][gc,metaspace   ] GC(2708) Metaspace: 35505K(36224K)->35505K(36224K) NonClass: 29232K(29760K)->29232K(29760K) Class: 6273K(6464K)->6273K(6464K)
[1077.744s][info][gc             ] GC(2708) Pause Young (Allocation Failure) 810M->518M(828M) 2.016ms
[1077.744s][info][gc,cpu         ] GC(2708) User=0.00s Sys=0.00s Real=0.00s
[1078.151s][info][gc,start       ] GC(2709) Pause Young (Allocation Failure)
[1078.154s][info][gc,heap        ] GC(2709) PSYoungGen: 302656K(316928K)->32K(316416K) Eden: 302592K(302592K)->0K(302592K) From: 64K(14336K)->32K(13824K)
[1078.154s][info][gc,heap        ] GC(2709) ParOldGen: 531096K(531456K)->531104K(531456K)
[1078.154s][info][gc,metaspace   ] GC(2709) Metaspace: 35505K(36224K)->35505K(36224K) NonClass: 29232K(29760K)->29232K(29760K) Class: 6273K(6464K)->6273K(6464K)
[1078.154s][info][gc             ] GC(2709) Pause Young (Allocation Failure) 814M->518M(828M) 2.670ms
[1078.154s][info][gc,cpu         ] GC(2709) User=0.00s Sys=0.00s Real=0.00s
[1078.992s][info][gc,start       ] GC(2710) Pause Young (Allocation Failure)
[1078.994s][info][gc,heap        ] GC(2710) PSYoungGen: 302624K(316416K)->64K(318976K) Eden: 302592K(302592K)->0K(306688K) From: 32K(13824K)->64K(12288K)
[1078.994s][info][gc,heap        ] GC(2710) ParOldGen: 531104K(531456K)->531112K(531456K)
[1078.994s][info][gc,metaspace   ] GC(2710) Metaspace: 35505K(36224K)->35505K(36224K) NonClass: 29232K(29760K)->29232K(29760K) Class: 6273K(6464K)->6273K(6464K)
[1078.994s][info][gc             ] GC(2710) Pause Young (Allocation Failure) 814M->518M(830M) 1.949ms
[1078.994s][info][gc,cpu         ] GC(2710) User=0.00s Sys=0.00s Real=0.00s
[1080.072s][info][gc,start       ] GC(2711) Pause Young (Allocation Failure)
[1080.075s][info][gc,heap        ] GC(2711) PSYoungGen: 306752K(318976K)->32K(294912K) Eden: 306688K(306688K)->0K(294400K) From: 64K(12288K)->32K(512K)
[1080.075s][info][gc,heap        ] GC(2711) ParOldGen: 531112K(531456K)->531120K(531456K)
[1080.075s][info][gc,metaspace   ] GC(2711) Metaspace: 35505K(36224K)->35505K(36224K) NonClass: 29232K(29760K)->29232K(29760K) Class: 6273K(6464K)->6273K(6464K)
[1080.075s][info][gc             ] GC(2711) Pause Young (Allocation Failure) 818M->518M(807M) 2.629ms
[1080.075s][info][gc,cpu         ] GC(2711) User=0.00s Sys=0.01s Real=0.00s
[1080.584s][info][gc,start       ] GC(2712) Pause Young (Allocation Failure)
[1080.587s][info][gc,heap        ] GC(2712) PSYoungGen: 294432K(294912K)->64K(283136K) Eden: 294400K(294400K)->0K(282624K) From: 32K(512K)->64K(512K)
[1080.587s][info][gc,heap        ] GC(2712) ParOldGen: 531120K(531456K)->531136K(531456K)
[1080.587s][info][gc,metaspace   ] GC(2712) Metaspace: 35505K(36224K)->35505K(36224K) NonClass: 29232K(29760K)->29232K(29760K) Class: 6273K(6464K)->6273K(6464K)
[1080.587s][info][gc             ] GC(2712) Pause Young (Allocation Failure) 806M->518M(795M) 2.848ms
[1080.587s][info][gc,cpu         ] GC(2712) User=0.00s Sys=0.00s Real=0.00s
[1081.721s][info][gc,start       ] GC(2713) Pause Young (Allocation Failure)
[1081.723s][info][gc,heap        ] GC(2713) PSYoungGen: 282688K(283136K)->64K(281600K) Eden: 282624K(282624K)->0K(271360K) From: 64K(512K)->64K(10240K)
[1081.723s][info][gc,heap        ] GC(2713) ParOldGen: 531136K(531456K)->531152K(531456K)
[1081.723s][info][gc,metaspace   ] GC(2713) Metaspace: 35505K(36224K)->35505K(36224K) NonClass: 29232K(29760K)->29232K(29760K) Class: 6273K(6464K)->6273K(6464K)
[1081.723s][info][gc             ] GC(2713) Pause Young (Allocation Failure) 794M->518M(794M) 2.629ms
[1081.723s][info][gc,cpu         ] GC(2713) User=0.00s Sys=0.00s Real=0.01s
[1082.220s][info][gc,start       ] GC(2714) Pause Young (Allocation Failure)
[1082.224s][info][gc,heap        ] GC(2714) PSYoungGen: 271424K(281600K)->64K(261632K) Eden: 271360K(271360K)->0K(261120K) From: 64K(10240K)->64K(512K)
[1082.224s][info][gc,heap        ] GC(2714) ParOldGen: 531152K(531456K)->531168K(531456K)
[1082.224s][info][gc,metaspace   ] GC(2714) Metaspace: 35505K(36224K)->35505K(36224K) NonClass: 29232K(29760K)->29232K(29760K) Class: 6273K(6464K)->6273K(6464K)
[1082.224s][info][gc             ] GC(2714) Pause Young (Allocation Failure) 783M->518M(774M) 4.077ms
[1082.224s][info][gc,cpu         ] GC(2714) User=0.00s Sys=0.00s Real=0.01s
[1082.452s][info][gc,start       ] GC(2715) Pause Young (Allocation Failure)
[1082.455s][info][gc,heap        ] GC(2715) PSYoungGen: 261184K(261632K)->32K(260096K) Eden: 261120K(261120K)->0K(250880K) From: 64K(512K)->32K(9216K)
[1082.455s][info][gc,heap        ] GC(2715) ParOldGen: 531168K(531456K)->531176K(531456K)
[1082.455s][info][gc,metaspace   ] GC(2715) Metaspace: 35505K(36224K)->35505K(36224K) NonClass: 29232K(29760K)->29232K(29760K) Class: 6273K(6464K)->6273K(6464K)
[1082.455s][info][gc             ] GC(2715) Pause Young (Allocation Failure) 773M->518M(773M) 2.711ms
[1082.455s][info][gc,cpu         ] GC(2715) User=0.00s Sys=0.00s Real=0.00s
[1082.580s][info][gc,start       ] GC(2716) Pause Young (Allocation Failure)
[1082.583s][info][gc,heap        ] GC(2716) PSYoungGen: 250912K(260096K)->32K(291328K) Eden: 250880K(250880K)->0K(283136K) From: 32K(9216K)->32K(8192K)
[1082.583s][info][gc,heap        ] GC(2716) ParOldGen: 531176K(531456K)->531184K(531456K)
[1082.583s][info][gc,metaspace   ] GC(2716) Metaspace: 35505K(36224K)->35505K(36224K) NonClass: 29232K(29760K)->29232K(29760K) Class: 6273K(6464K)->6273K(6464K)
[1082.583s][info][gc             ] GC(2716) Pause Young (Allocation Failure) 763M->518M(803M) 2.900ms
[1082.583s][info][gc,cpu         ] GC(2716) User=0.00s Sys=0.00s Real=0.01s
[1083.328s][info][gc,start       ] GC(2717) Pause Young (Allocation Failure)
[1083.331s][info][gc,heap        ] GC(2717) PSYoungGen: 283168K(291328K)->64K(272384K) Eden: 283136K(283136K)->0K(271872K) From: 32K(8192K)->64K(512K)
[1083.331s][info][gc,heap        ] GC(2717) ParOldGen: 531184K(531456K)->531192K(531456K)
[1083.331s][info][gc,metaspace   ] GC(2717) Metaspace: 35505K(36224K)->35505K(36224K) NonClass: 29232K(29760K)->29232K(29760K) Class: 6273K(6464K)->6273K(6464K)
[1083.331s][info][gc             ] GC(2717) Pause Young (Allocation Failure) 795M->518M(785M) 3.334ms
[1083.331s][info][gc,cpu         ] GC(2717) User=0.00s Sys=0.00s Real=0.01s
[1083.788s][info][gc,start       ] GC(2718) Pause Young (Allocation Failure)
[1083.795s][info][gc,heap        ] GC(2718) PSYoungGen: 271936K(272384K)->2944K(283648K) Eden: 271872K(271872K)->0K(276480K) From: 64K(512K)->2944K(7168K)
[1083.796s][info][gc,heap        ] GC(2718) ParOldGen: 531192K(531456K)->531200K(531456K)
[1083.796s][info][gc,metaspace   ] GC(2718) Metaspace: 35505K(36224K)->35505K(36224K) NonClass: 29232K(29760K)->29232K(29760K) Class: 6273K(6464K)->6273K(6464K)
[1083.796s][info][gc             ] GC(2718) Pause Young (Allocation Failure) 784M->521M(796M) 8.039ms
[1083.796s][info][gc,cpu         ] GC(2718) User=0.01s Sys=0.01s Real=0.01s
[1084.263s][info][gc,start       ] GC(2719) Pause Young (Allocation Failure)
[1084.344s][info][gc,heap        ] GC(2719) PSYoungGen: 279424K(283648K)->7680K(284160K) Eden: 276480K(276480K)->0K(276480K) From: 2944K(7168K)->7680K(7680K)
[1084.344s][info][gc,heap        ] GC(2719) ParOldGen: 531200K(531456K)->552872K(552960K)
[1084.344s][info][gc,metaspace   ] GC(2719) Metaspace: 35505K(36224K)->35505K(36224K) NonClass: 29232K(29760K)->29232K(29760K) Class: 6273K(6464K)->6273K(6464K)
[1084.344s][info][gc             ] GC(2719) Pause Young (Allocation Failure) 791M->547M(817M) 81.325ms
[1084.344s][info][gc,cpu         ] GC(2719) User=0.13s Sys=0.02s Real=0.08s
[1084.817s][info][gc,start       ] GC(2720) Pause Young (Allocation Failure)
[1084.898s][info][gc,heap        ] GC(2720) PSYoungGen: 284160K(284160K)->17408K(300032K) Eden: 276480K(276480K)->0K(282624K) From: 7680K(7680K)->17408K(17408K)
[1084.898s][info][gc,heap        ] GC(2720) ParOldGen: 552872K(552960K)->565600K(565760K)
[1084.898s][info][gc,metaspace   ] GC(2720) Metaspace: 35505K(36224K)->35505K(36224K) NonClass: 29232K(29760K)->29232K(29760K) Class: 6273K(6464K)->6273K(6464K)
[1084.898s][info][gc             ] GC(2720) Pause Young (Allocation Failure) 817M->569M(845M) 81.117ms
[1084.898s][info][gc,cpu         ] GC(2720) User=0.14s Sys=0.02s Real=0.08s
[1085.081s][info][gc,start       ] GC(2721) Pause Young (Allocation Failure)
[1085.100s][info][gc,heap        ] GC(2721) PSYoungGen: 300032K(300032K)->7392K(308224K) Eden: 282624K(282624K)->0K(282624K) From: 17408K(17408K)->7392K(25600K)
[1085.100s][info][gc,heap        ] GC(2721) ParOldGen: 565600K(565760K)->566048K(566272K)
[1085.100s][info][gc,metaspace   ] GC(2721) Metaspace: 35505K(36224K)->35505K(36224K) NonClass: 29232K(29760K)->29232K(29760K) Class: 6273K(6464K)->6273K(6464K)
[1085.100s][info][gc             ] GC(2721) Pause Young (Allocation Failure) 845M->560M(854M) 19.680ms
[1085.100s][info][gc,cpu         ] GC(2721) User=0.04s Sys=0.00s Real=0.02s
[1085.707s][info][gc,start       ] GC(2722) Pause Young (Allocation Failure)
[1085.710s][info][gc,heap        ] GC(2722) PSYoungGen: 290016K(308224K)->32K(305664K) Eden: 282624K(282624K)->0K(284160K) From: 7392K(25600K)->32K(21504K)
[1085.710s][info][gc,heap        ] GC(2722) ParOldGen: 566048K(566272K)->566056K(566272K)
[1085.710s][info][gc,metaspace   ] GC(2722) Metaspace: 35505K(36224K)->35505K(36224K) NonClass: 29232K(29760K)->29232K(29760K) Class: 6273K(6464K)->6273K(6464K)
[1085.710s][info][gc             ] GC(2722) Pause Young (Allocation Failure) 836M->552M(851M) 3.004ms
[1085.710s][info][gc,cpu         ] GC(2722) User=0.00s Sys=0.00s Real=0.00s
[1086.334s][info][gc,start       ] GC(2723) Pause Young (Allocation Failure)
[1086.337s][info][gc,heap        ] GC(2723) PSYoungGen: 284192K(305664K)->32K(307712K) Eden: 284160K(284160K)->0K(284160K) From: 32K(21504K)->32K(23552K)
[1086.338s][info][gc,heap        ] GC(2723) ParOldGen: 566056K(566272K)->566064K(566272K)
[1086.338s][info][gc,metaspace   ] GC(2723) Metaspace: 35505K(36224K)->35505K(36224K) NonClass: 29232K(29760K)->29232K(29760K) Class: 6273K(6464K)->6273K(6464K)
[1086.338s][info][gc             ] GC(2723) Pause Young (Allocation Failure) 830M->552M(853M) 3.986ms
[1086.338s][info][gc,cpu         ] GC(2723) User=0.01s Sys=0.00s Real=0.00s
[1086.822s][info][gc,start       ] GC(2724) Pause Young (Allocation Failure)
[1086.824s][info][gc,heap        ] GC(2724) PSYoungGen: 284192K(307712K)->32K(307712K) Eden: 284160K(284160K)->0K(287232K) From: 32K(23552K)->32K(20480K)
[1086.824s][info][gc,heap        ] GC(2724) ParOldGen: 566064K(566272K)->566072K(566272K)
[1086.824s][info][gc,metaspace   ] GC(2724) Metaspace: 35505K(36224K)->35505K(36224K) NonClass: 29232K(29760K)->29232K(29760K) Class: 6273K(6464K)->6273K(6464K)
[1086.824s][info][gc             ] GC(2724) Pause Young (Allocation Failure) 830M->552M(853M) 2.787ms
[1086.824s][info][gc,cpu         ] GC(2724) User=0.00s Sys=0.00s Real=0.00s
[1087.073s][info][gc,start       ] GC(2725) Pause Young (Allocation Failure)
[1087.075s][info][gc,heap        ] GC(2725) PSYoungGen: 287264K(307712K)->32K(309248K) Eden: 287232K(287232K)->0K(287232K) From: 32K(20480K)->32K(22016K)
[1087.076s][info][gc,heap        ] GC(2725) ParOldGen: 566072K(566272K)->566080K(566272K)
[1087.076s][info][gc,metaspace   ] GC(2725) Metaspace: 35505K(36224K)->35505K(36224K) NonClass: 29232K(29760K)->29232K(29760K) Class: 6273K(6464K)->6273K(6464K)
[1087.076s][info][gc             ] GC(2725) Pause Young (Allocation Failure) 833M->552M(855M) 2.752ms
[1087.076s][info][gc,cpu         ] GC(2725) User=0.00s Sys=0.00s Real=0.00s
[1087.326s][info][gc,start       ] GC(2726) Pause Young (Allocation Failure)
[1087.328s][info][gc,heap        ] GC(2726) PSYoungGen: 287264K(309248K)->64K(309248K) Eden: 287232K(287232K)->0K(290816K) From: 32K(22016K)->64K(18432K)
[1087.328s][info][gc,heap        ] GC(2726) ParOldGen: 566080K(566272K)->566080K(566272K)
[1087.328s][info][gc,metaspace   ] GC(2726) Metaspace: 35505K(36224K)->35505K(36224K) NonClass: 29232K(29760K)->29232K(29760K) Class: 6273K(6464K)->6273K(6464K)
[1087.328s][info][gc             ] GC(2726) Pause Young (Allocation Failure) 833M->552M(855M) 2.427ms
[1087.328s][info][gc,cpu         ] GC(2726) User=0.01s Sys=0.00s Real=0.00s
[1087.754s][info][gc,start       ] GC(2727) Pause Young (Allocation Failure)
[1087.756s][info][gc,heap        ] GC(2727) PSYoungGen: 290880K(309248K)->64K(310784K) Eden: 290816K(290816K)->0K(290816K) From: 64K(18432K)->64K(19968K)
[1087.756s][info][gc,heap        ] GC(2727) ParOldGen: 566080K(566272K)->566080K(566272K)
[1087.756s][info][gc,metaspace   ] GC(2727) Metaspace: 35505K(36224K)->35505K(36224K) NonClass: 29232K(29760K)->29232K(29760K) Class: 6273K(6464K)->6273K(6464K)
[1087.756s][info][gc             ] GC(2727) Pause Young (Allocation Failure) 836M->552M(856M) 2.007ms
[1087.756s][info][gc,cpu         ] GC(2727) User=0.00s Sys=0.00s Real=0.00s
[1087.842s][info][gc,start       ] GC(2728) Pause Young (Allocation Failure)
[1087.844s][info][gc,heap        ] GC(2728) PSYoungGen: 290880K(310784K)->64K(311296K) Eden: 290816K(290816K)->0K(294400K) From: 64K(19968K)->64K(16896K)
[1087.844s][info][gc,heap        ] GC(2728) ParOldGen: 566080K(566272K)->566088K(566272K)
[1087.844s][info][gc,metaspace   ] GC(2728) Metaspace: 35505K(36224K)->35505K(36224K) NonClass: 29232K(29760K)->29232K(29760K) Class: 6273K(6464K)->6273K(6464K)
[1087.844s][info][gc             ] GC(2728) Pause Young (Allocation Failure) 836M->552M(857M) 2.023ms
[1087.844s][info][gc,cpu         ] GC(2728) User=0.00s Sys=0.00s Real=0.00s
[1087.904s][info][gc,start       ] GC(2729) Pause Young (Allocation Failure)
[1087.906s][info][gc,heap        ] GC(2729) PSYoungGen: 294464K(311296K)->64K(312832K) Eden: 294400K(294400K)->0K(294400K) From: 64K(16896K)->64K(18432K)
[1087.906s][info][gc,heap        ] GC(2729) ParOldGen: 566088K(566272K)->566104K(566272K)
[1087.906s][info][gc,metaspace   ] GC(2729) Metaspace: 35505K(36224K)->35505K(36224K) NonClass: 29232K(29760K)->29232K(29760K) Class: 6273K(6464K)->6273K(6464K)
[1087.906s][info][gc             ] GC(2729) Pause Young (Allocation Failure) 840M->552M(858M) 1.977ms
[1087.906s][info][gc,cpu         ] GC(2729) User=0.00s Sys=0.01s Real=0.00s
[1088.098s][info][gc,start       ] GC(2730) Pause Young (Allocation Failure)
[1088.100s][info][gc,heap        ] GC(2730) PSYoungGen: 294464K(312832K)->64K(312832K) Eden: 294400K(294400K)->0K(297984K) From: 64K(18432K)->64K(14848K)
[1088.100s][info][gc,heap        ] GC(2730) ParOldGen: 566104K(566272K)->566104K(566272K)
[1088.100s][info][gc,metaspace   ] GC(2730) Metaspace: 35505K(36224K)->35505K(36224K) NonClass: 29232K(29760K)->29232K(29760K) Class: 6273K(6464K)->6273K(6464K)
[1088.100s][info][gc             ] GC(2730) Pause Young (Allocation Failure) 840M->552M(858M) 2.553ms
[1088.100s][info][gc,cpu         ] GC(2730) User=0.01s Sys=0.00s Real=0.00s
[1088.366s][info][gc,start       ] GC(2731) Pause Young (Allocation Failure)
[1088.369s][info][gc,heap        ] GC(2731) PSYoungGen: 298048K(312832K)->64K(314368K) Eden: 297984K(297984K)->0K(297984K) From: 64K(14848K)->64K(16384K)
[1088.369s][info][gc,heap        ] GC(2731) ParOldGen: 566104K(566272K)->566112K(566272K)
[1088.369s][info][gc,metaspace   ] GC(2731) Metaspace: 35505K(36224K)->35505K(36224K) NonClass: 29232K(29760K)->29232K(29760K) Class: 6273K(6464K)->6273K(6464K)
[1088.369s][info][gc             ] GC(2731) Pause Young (Allocation Failure) 843M->552M(860M) 2.809ms
[1088.369s][info][gc,cpu         ] GC(2731) User=0.00s Sys=0.00s Real=0.00s
[1088.587s][info][gc,start       ] GC(2732) Pause Young (Allocation Failure)
[1088.589s][info][gc,heap        ] GC(2732) PSYoungGen: 298048K(314368K)->64K(314880K) Eden: 297984K(297984K)->0K(302080K) From: 64K(16384K)->64K(12800K)
[1088.589s][info][gc,heap        ] GC(2732) ParOldGen: 566112K(566272K)->566120K(566272K)
[1088.589s][info][gc,metaspace   ] GC(2732) Metaspace: 35505K(36224K)->35505K(36224K) NonClass: 29232K(29760K)->29232K(29760K) Class: 6273K(6464K)->6273K(6464K)
[1088.589s][info][gc             ] GC(2732) Pause Young (Allocation Failure) 843M->552M(860M) 2.839ms
[1088.589s][info][gc,cpu         ] GC(2732) User=0.00s Sys=0.00s Real=0.00s
[1088.708s][info][gc,start       ] GC(2733) Pause Young (Allocation Failure)
[1088.711s][info][gc,heap        ] GC(2733) PSYoungGen: 302144K(314880K)->32K(316416K) Eden: 302080K(302080K)->0K(302080K) From: 64K(12800K)->32K(14336K)
[1088.711s][info][gc,heap        ] GC(2733) ParOldGen: 566120K(566272K)->566128K(566272K)
[1088.711s][info][gc,metaspace   ] GC(2733) Metaspace: 35505K(36224K)->35505K(36224K) NonClass: 29232K(29760K)->29232K(29760K) Class: 6273K(6464K)->6273K(6464K)
[1088.711s][info][gc             ] GC(2733) Pause Young (Allocation Failure) 847M->552M(862M) 2.558ms
[1088.711s][info][gc,cpu         ] GC(2733) User=0.00s Sys=0.00s Real=0.01s
[1088.999s][info][gc,start       ] GC(2734) Pause Young (Allocation Failure)
[1089.002s][info][gc,heap        ] GC(2734) PSYoungGen: 302112K(316416K)->64K(316928K) Eden: 302080K(302080K)->0K(305664K) From: 32K(14336K)->64K(11264K)
[1089.002s][info][gc,heap        ] GC(2734) ParOldGen: 566128K(566272K)->566136K(566272K)
[1089.002s][info][gc,metaspace   ] GC(2734) Metaspace: 35505K(36224K)->35505K(36224K) NonClass: 29232K(29760K)->29232K(29760K) Class: 6273K(6464K)->6273K(6464K)
[1089.002s][info][gc             ] GC(2734) Pause Young (Allocation Failure) 847M->552M(862M) 2.707ms
[1089.002s][info][gc,cpu         ] GC(2734) User=0.00s Sys=0.00s Real=0.01s
[1090.268s][info][gc,start       ] GC(2735) Pause Young (Allocation Failure)
[1090.271s][info][gc,heap        ] GC(2735) PSYoungGen: 305728K(316928K)->32K(318464K) Eden: 305664K(305664K)->0K(305664K) From: 64K(11264K)->32K(12800K)
[1090.271s][info][gc,heap        ] GC(2735) ParOldGen: 566136K(566272K)->566144K(566272K)
[1090.271s][info][gc,metaspace   ] GC(2735) Metaspace: 35505K(36224K)->35505K(36224K) NonClass: 29232K(29760K)->29232K(29760K) Class: 6273K(6464K)->6273K(6464K)
[1090.271s][info][gc             ] GC(2735) Pause Young (Allocation Failure) 851M->552M(864M) 2.720ms
[1090.271s][info][gc,cpu         ] GC(2735) User=0.00s Sys=0.00s Real=0.00s
[1091.299s][info][gc,start       ] GC(2736) Pause Young (Allocation Failure)
[1091.302s][info][gc,heap        ] GC(2736) PSYoungGen: 305696K(318464K)->64K(293888K) Eden: 305664K(305664K)->0K(293376K) From: 32K(12800K)->64K(512K)
[1091.302s][info][gc,heap        ] GC(2736) ParOldGen: 566144K(566272K)->566152K(566272K)
[1091.302s][info][gc,metaspace   ] GC(2736) Metaspace: 35505K(36224K)->35505K(36224K) NonClass: 29232K(29760K)->29232K(29760K) Class: 6273K(6464K)->6273K(6464K)
[1091.302s][info][gc             ] GC(2736) Pause Young (Allocation Failure) 851M->552M(840M) 2.701ms
[1091.302s][info][gc,cpu         ] GC(2736) User=0.00s Sys=0.00s Real=0.01s
[1091.673s][info][gc,start       ] GC(2737) Pause Young (Allocation Failure)
[1091.675s][info][gc,heap        ] GC(2737) PSYoungGen: 293440K(293888K)->64K(292864K) Eden: 293376K(293376K)->0K(281600K) From: 64K(512K)->64K(11264K)
[1091.675s][info][gc,heap        ] GC(2737) ParOldGen: 566152K(566272K)->566160K(566272K)
[1091.675s][info][gc,metaspace   ] GC(2737) Metaspace: 35505K(36224K)->35505K(36224K) NonClass: 29232K(29760K)->29232K(29760K) Class: 6273K(6464K)->6273K(6464K)
[1091.675s][info][gc             ] GC(2737) Pause Young (Allocation Failure) 839M->552M(839M) 1.981ms
[1091.675s][info][gc,cpu         ] GC(2737) User=0.00s Sys=0.00s Real=0.00s
[1092.150s][info][gc,start       ] GC(2738) Pause Young (Allocation Failure)
[1092.153s][info][gc,heap        ] GC(2738) PSYoungGen: 281664K(292864K)->64K(271360K) Eden: 281600K(281600K)->0K(270848K) From: 64K(11264K)->64K(512K)
[1092.153s][info][gc,heap        ] GC(2738) ParOldGen: 566160K(566272K)->566176K(566272K)
[1092.153s][info][gc,metaspace   ] GC(2738) Metaspace: 35505K(36224K)->35505K(36224K) NonClass: 29232K(29760K)->29232K(29760K) Class: 6273K(6464K)->6273K(6464K)
[1092.153s][info][gc             ] GC(2738) Pause Young (Allocation Failure) 827M->552M(818M) 3.203ms
[1092.153s][info][gc,cpu         ] GC(2738) User=0.01s Sys=0.01s Real=0.01s
[1093.306s][info][gc,start       ] GC(2739) Pause Young (Allocation Failure)
[1093.308s][info][gc,heap        ] GC(2739) PSYoungGen: 270912K(271360K)->32K(270336K) Eden: 270848K(270848K)->0K(260608K) From: 64K(512K)->32K(9728K)
[1093.308s][info][gc,heap        ] GC(2739) ParOldGen: 566176K(566272K)->566184K(566272K)
[1093.308s][info][gc,metaspace   ] GC(2739) Metaspace: 35505K(36224K)->35505K(36224K) NonClass: 29232K(29760K)->29232K(29760K) Class: 6273K(6464K)->6273K(6464K)
[1093.308s][info][gc             ] GC(2739) Pause Young (Allocation Failure) 817M->552M(817M) 2.573ms
[1093.308s][info][gc,cpu         ] GC(2739) User=0.01s Sys=0.00s Real=0.00s
[1093.779s][info][gc,start       ] GC(2740) Pause Young (Allocation Failure)
[1093.781s][info][gc,heap        ] GC(2740) PSYoungGen: 260640K(270336K)->64K(251392K) Eden: 260608K(260608K)->0K(250880K) From: 32K(9728K)->64K(512K)
[1093.781s][info][gc,heap        ] GC(2740) ParOldGen: 566184K(566272K)->566192K(566272K)
[1093.781s][info][gc,metaspace   ] GC(2740) Metaspace: 35505K(36224K)->35505K(36224K) NonClass: 29232K(29760K)->29232K(29760K) Class: 6273K(6464K)->6273K(6464K)
[1093.781s][info][gc             ] GC(2740) Pause Young (Allocation Failure) 807M->552M(798M) 2.264ms
[1093.781s][info][gc,cpu         ] GC(2740) User=0.01s Sys=0.00s Real=0.01s
[1093.919s][info][gc,start       ] GC(2741) Pause Young (Allocation Failure)
[1093.922s][info][gc,heap        ] GC(2741) PSYoungGen: 250944K(251392K)->64K(294912K) Eden: 250880K(250880K)->0K(286208K) From: 64K(512K)->64K(8704K)
[1093.922s][info][gc,heap        ] GC(2741) ParOldGen: 566192K(566272K)->566200K(566272K)
[1093.922s][info][gc,metaspace   ] GC(2741) Metaspace: 35505K(36224K)->35505K(36224K) NonClass: 29232K(29760K)->29232K(29760K) Class: 6273K(6464K)->6273K(6464K)
[1093.922s][info][gc             ] GC(2741) Pause Young (Allocation Failure) 797M->552M(841M) 3.132ms
[1093.922s][info][gc,cpu         ] GC(2741) User=0.01s Sys=0.00s Real=0.01s
[1094.585s][info][gc,start       ] GC(2742) Pause Young (Allocation Failure)
[1094.587s][info][gc,heap        ] GC(2742) PSYoungGen: 286272K(294912K)->32K(275456K) Eden: 286208K(286208K)->0K(274944K) From: 64K(8704K)->32K(512K)
[1094.588s][info][gc,heap        ] GC(2742) ParOldGen: 566200K(566272K)->566208K(566272K)
[1094.588s][info][gc,metaspace   ] GC(2742) Metaspace: 35505K(36224K)->35505K(36224K) NonClass: 29232K(29760K)->29232K(29760K) Class: 6273K(6464K)->6273K(6464K)
[1094.588s][info][gc             ] GC(2742) Pause Young (Allocation Failure) 832M->552M(822M) 2.762ms
[1094.588s][info][gc,cpu         ] GC(2742) User=0.00s Sys=0.00s Real=0.00s
[1095.003s][info][gc,start       ] GC(2743) Pause Young (Allocation Failure)
[1095.006s][info][gc,heap        ] GC(2743) PSYoungGen: 274976K(275456K)->64K(271360K) Eden: 274944K(274944K)->0K(264192K) From: 32K(512K)->64K(7168K)
[1095.006s][info][gc,heap        ] GC(2743) ParOldGen: 566208K(566272K)->566224K(566272K)
[1095.006s][info][gc,metaspace   ] GC(2743) Metaspace: 35505K(36224K)->35505K(36224K) NonClass: 29232K(29760K)->29232K(29760K) Class: 6273K(6464K)->6273K(6464K)
[1095.006s][info][gc             ] GC(2743) Pause Young (Allocation Failure) 821M->553M(818M) 2.605ms
[1095.006s][info][gc,cpu         ] GC(2743) User=0.01s Sys=0.00s Real=0.00s
[1095.452s][info][gc,start       ] GC(2744) Pause Young (Allocation Failure)
[1095.516s][info][gc,heap        ] GC(2744) PSYoungGen: 264256K(271360K)->6656K(291840K) Eden: 264192K(264192K)->0K(285184K) From: 64K(7168K)->6656K(6656K)
[1095.516s][info][gc,heap        ] GC(2744) ParOldGen: 566224K(566272K)->578256K(578560K)
[1095.516s][info][gc,metaspace   ] GC(2744) Metaspace: 35505K(36224K)->35505K(36224K) NonClass: 29232K(29760K)->29232K(29760K) Class: 6273K(6464K)->6273K(6464K)
[1095.516s][info][gc             ] GC(2744) Pause Young (Allocation Failure) 811M->571M(850M) 64.279ms
[1095.516s][info][gc,cpu         ] GC(2744) User=0.10s Sys=0.01s Real=0.06s
[1095.910s][info][gc,start       ] GC(2745) Pause Young (Allocation Failure)
[1095.998s][info][gc,heap        ] GC(2745) PSYoungGen: 291840K(291840K)->12800K(297984K) Eden: 285184K(285184K)->0K(285184K) From: 6656K(6656K)->12800K(12800K)
[1095.998s][info][gc,heap        ] GC(2745) ParOldGen: 578256K(578560K)->596168K(596480K)
[1095.998s][info][gc,metaspace   ] GC(2745) Metaspace: 35505K(36224K)->35505K(36224K) NonClass: 29232K(29760K)->29232K(29760K) Class: 6273K(6464K)->6273K(6464K)
[1095.998s][info][gc             ] GC(2745) Pause Young (Allocation Failure) 849M->594M(873M) 88.874ms
[1095.998s][info][gc,cpu         ] GC(2745) User=0.15s Sys=0.02s Real=0.09s
[1096.275s][info][gc,start       ] GC(2746) Pause Young (Allocation Failure)
[1096.326s][info][gc,heap        ] GC(2746) PSYoungGen: 297984K(297984K)->20000K(304128K) Eden: 285184K(285184K)->0K(281600K) From: 12800K(12800K)->20000K(22528K)
[1096.326s][info][gc,heap        ] GC(2746) ParOldGen: 596168K(596480K)->596824K(596992K)
[1096.326s][info][gc,metaspace   ] GC(2746) Metaspace: 35505K(36224K)->35505K(36224K) NonClass: 29232K(29760K)->29232K(29760K) Class: 6273K(6464K)->6273K(6464K)
[1096.327s][info][gc             ] GC(2746) Pause Young (Allocation Failure) 873M->602M(880M) 51.996ms
[1096.327s][info][gc,cpu         ] GC(2746) User=0.08s Sys=0.02s Real=0.05s
[1096.663s][info][gc,start       ] GC(2747) Pause Young (Allocation Failure)
[1096.666s][info][gc,heap        ] GC(2747) PSYoungGen: 301600K(304128K)->64K(307712K) Eden: 281600K(281600K)->0K(281600K) From: 20000K(22528K)->64K(26112K)
[1096.666s][info][gc,heap        ] GC(2747) ParOldGen: 596824K(596992K)->596832K(596992K)
[1096.666s][info][gc,metaspace   ] GC(2747) Metaspace: 35505K(36224K)->35505K(36224K) NonClass: 29232K(29760K)->29232K(29760K) Class: 6273K(6464K)->6273K(6464K)
[1096.666s][info][gc             ] GC(2747) Pause Young (Allocation Failure) 877M->582M(883M) 2.177ms
[1096.666s][info][gc,cpu         ] GC(2747) User=0.00s Sys=0.00s Real=0.00s
[1097.454s][info][gc,start       ] GC(2748) Pause Young (Allocation Failure)
[1097.457s][info][gc,heap        ] GC(2748) PSYoungGen: 281664K(307712K)->64K(305152K) Eden: 281600K(281600K)->0K(282112K) From: 64K(26112K)->64K(23040K)
[1097.457s][info][gc,heap        ] GC(2748) ParOldGen: 596832K(596992K)->596840K(596992K)
[1097.457s][info][gc,metaspace   ] GC(2748) Metaspace: 35505K(36224K)->35505K(36224K) NonClass: 29232K(29760K)->29232K(29760K) Class: 6273K(6464K)->6273K(6464K)
[1097.457s][info][gc             ] GC(2748) Pause Young (Allocation Failure) 857M->582M(881M) 3.051ms
[1097.457s][info][gc,cpu         ] GC(2748) User=0.01s Sys=0.00s Real=0.00s
[1097.758s][info][gc,start       ] GC(2749) Pause Young (Allocation Failure)
[1097.760s][info][gc,heap        ] GC(2749) PSYoungGen: 282176K(305152K)->64K(306688K) Eden: 282112K(282112K)->0K(282112K) From: 64K(23040K)->64K(24576K)
[1097.760s][info][gc,heap        ] GC(2749) ParOldGen: 596840K(596992K)->596856K(596992K)
[1097.760s][info][gc,metaspace   ] GC(2749) Metaspace: 35505K(36224K)->35505K(36224K) NonClass: 29232K(29760K)->29232K(29760K) Class: 6273K(6464K)->6273K(6464K)
[1097.760s][info][gc             ] GC(2749) Pause Young (Allocation Failure) 858M->582M(882M) 2.150ms
[1097.760s][info][gc,cpu         ] GC(2749) User=0.00s Sys=0.00s Real=0.00s
[1098.281s][info][gc,start       ] GC(2750) Pause Young (Allocation Failure)
[1098.283s][info][gc,heap        ] GC(2750) PSYoungGen: 282176K(306688K)->64K(306688K) Eden: 282112K(282112K)->0K(285696K) From: 64K(24576K)->64K(20992K)
[1098.283s][info][gc,heap        ] GC(2750) ParOldGen: 596856K(596992K)->596864K(596992K)
[1098.283s][info][gc,metaspace   ] GC(2750) Metaspace: 35505K(36224K)->35505K(36224K) NonClass: 29232K(29760K)->29232K(29760K) Class: 6273K(6464K)->6273K(6464K)
[1098.283s][info][gc             ] GC(2750) Pause Young (Allocation Failure) 858M->582M(882M) 2.225ms
[1098.283s][info][gc,cpu         ] GC(2750) User=0.00s Sys=0.00s Real=0.00s
[1098.530s][info][gc,start       ] GC(2751) Pause Young (Allocation Failure)
[1098.533s][info][gc,heap        ] GC(2751) PSYoungGen: 285760K(306688K)->32K(308224K) Eden: 285696K(285696K)->0K(285696K) From: 64K(20992K)->32K(22528K)
[1098.533s][info][gc,heap        ] GC(2751) ParOldGen: 596864K(596992K)->596880K(596992K)
[1098.533s][info][gc,metaspace   ] GC(2751) Metaspace: 35505K(36224K)->35505K(36224K) NonClass: 29232K(29760K)->29232K(29760K) Class: 6273K(6464K)->6273K(6464K)
[1098.533s][info][gc             ] GC(2751) Pause Young (Allocation Failure) 861M->582M(884M) 2.672ms
[1098.533s][info][gc,cpu         ] GC(2751) User=0.00s Sys=0.00s Real=0.01s
[1098.781s][info][gc,start       ] GC(2752) Pause Young (Allocation Failure)
[1098.784s][info][gc,heap        ] GC(2752) PSYoungGen: 285728K(308224K)->64K(308736K) Eden: 285696K(285696K)->0K(289792K) From: 32K(22528K)->64K(18944K)
[1098.784s][info][gc,heap        ] GC(2752) ParOldGen: 596880K(596992K)->596880K(596992K)
[1098.784s][info][gc,metaspace   ] GC(2752) Metaspace: 35505K(36224K)->35505K(36224K) NonClass: 29232K(29760K)->29232K(29760K) Class: 6273K(6464K)->6273K(6464K)
[1098.784s][info][gc             ] GC(2752) Pause Young (Allocation Failure) 861M->582M(884M) 3.077ms
[1098.784s][info][gc,cpu         ] GC(2752) User=0.00s Sys=0.00s Real=0.00s
[1099.132s][info][gc,start       ] GC(2753) Pause Young (Allocation Failure)
[1099.135s][info][gc,heap        ] GC(2753) PSYoungGen: 289856K(308736K)->64K(310272K) Eden: 289792K(289792K)->0K(289792K) From: 64K(18944K)->64K(20480K)
[1099.135s][info][gc,heap        ] GC(2753) ParOldGen: 596880K(596992K)->596880K(596992K)
[1099.135s][info][gc,metaspace   ] GC(2753) Metaspace: 35505K(36224K)->35505K(36224K) NonClass: 29232K(29760K)->29232K(29760K) Class: 6273K(6464K)->6273K(6464K)
[1099.136s][info][gc             ] GC(2753) Pause Young (Allocation Failure) 865M->582M(886M) 3.186ms
[1099.136s][info][gc,cpu         ] GC(2753) User=0.01s Sys=0.00s Real=0.00s
[1099.193s][info][gc,start       ] GC(2754) Pause Young (Allocation Failure)
[1099.196s][info][gc,heap        ] GC(2754) PSYoungGen: 289856K(310272K)->64K(310784K) Eden: 289792K(289792K)->0K(293888K) From: 64K(20480K)->64K(16896K)
[1099.196s][info][gc,heap        ] GC(2754) ParOldGen: 596880K(596992K)->596896K(596992K)
[1099.196s][info][gc,metaspace   ] GC(2754) Metaspace: 35505K(36224K)->35505K(36224K) NonClass: 29232K(29760K)->29232K(29760K) Class: 6273K(6464K)->6273K(6464K)
[1099.196s][info][gc             ] GC(2754) Pause Young (Allocation Failure) 865M->582M(886M) 3.065ms
[1099.196s][info][gc,cpu         ] GC(2754) User=0.01s Sys=0.00s Real=0.00s
[1099.284s][info][gc,start       ] GC(2755) Pause Young (Allocation Failure)
[1099.287s][info][gc,heap        ] GC(2755) PSYoungGen: 293952K(310784K)->64K(312320K) Eden: 293888K(293888K)->0K(293888K) From: 64K(16896K)->64K(18432K)
[1099.287s][info][gc,heap        ] GC(2755) ParOldGen: 596896K(596992K)->596896K(596992K)
[1099.287s][info][gc,metaspace   ] GC(2755) Metaspace: 35505K(36224K)->35505K(36224K) NonClass: 29232K(29760K)->29232K(29760K) Class: 6273K(6464K)->6273K(6464K)
[1099.287s][info][gc             ] GC(2755) Pause Young (Allocation Failure) 869M->582M(888M) 3.077ms
[1099.287s][info][gc,cpu         ] GC(2755) User=0.01s Sys=0.00s Real=0.00s
[1099.601s][info][gc,start       ] GC(2756) Pause Young (Allocation Failure)
[1099.604s][info][gc,heap        ] GC(2756) PSYoungGen: 293952K(312320K)->64K(312832K) Eden: 293888K(293888K)->0K(297984K) From: 64K(18432K)->64K(14848K)
[1099.604s][info][gc,heap        ] GC(2756) ParOldGen: 596896K(596992K)->596912K(596992K)
[1099.604s][info][gc,metaspace   ] GC(2756) Metaspace: 35505K(36224K)->35505K(36224K) NonClass: 29232K(29760K)->29232K(29760K) Class: 6273K(6464K)->6273K(6464K)
[1099.604s][info][gc             ] GC(2756) Pause Young (Allocation Failure) 869M->582M(888M) 3.001ms
[1099.604s][info][gc,cpu         ] GC(2756) User=0.01s Sys=0.00s Real=0.00s
[1099.877s][info][gc,start       ] GC(2757) Pause Young (Allocation Failure)
[1099.880s][info][gc,heap        ] GC(2757) PSYoungGen: 298048K(312832K)->64K(314368K) Eden: 297984K(297984K)->0K(297984K) From: 64K(14848K)->64K(16384K)
[1099.880s][info][gc,heap        ] GC(2757) ParOldGen: 596912K(596992K)->596912K(596992K)
[1099.880s][info][gc,metaspace   ] GC(2757) Metaspace: 35505K(36224K)->35505K(36224K) NonClass: 29232K(29760K)->29232K(29760K) Class: 6273K(6464K)->6273K(6464K)
[1099.880s][info][gc             ] GC(2757) Pause Young (Allocation Failure) 873M->582M(890M) 2.815ms
[1099.880s][info][gc,cpu         ] GC(2757) User=0.00s Sys=0.00s Real=0.00s
[1099.970s][info][gc,start       ] GC(2758) Pause Young (Allocation Failure)
[1099.973s][info][gc,heap        ] GC(2758) PSYoungGen: 298048K(314368K)->32K(314880K) Eden: 297984K(297984K)->0K(302080K) From: 64K(16384K)->32K(12800K)
[1099.973s][info][gc,heap        ] GC(2758) ParOldGen: 596912K(596992K)->596920K(596992K)
[1099.973s][info][gc,metaspace   ] GC(2758) Metaspace: 35505K(36224K)->35505K(36224K) NonClass: 29232K(29760K)->29232K(29760K) Class: 6273K(6464K)->6273K(6464K)
[1099.973s][info][gc             ] GC(2758) Pause Young (Allocation Failure) 873M->582M(890M) 2.715ms
[1099.973s][info][gc,cpu         ] GC(2758) User=0.00s Sys=0.00s Real=0.01s
[1100.120s][info][gc,start       ] GC(2759) Pause Young (Allocation Failure)
[1100.123s][info][gc,heap        ] GC(2759) PSYoungGen: 302112K(314880K)->32K(316416K) Eden: 302080K(302080K)->0K(302080K) From: 32K(12800K)->32K(14336K)
[1100.123s][info][gc,heap        ] GC(2759) ParOldGen: 596920K(596992K)->596920K(596992K)
[1100.123s][info][gc,metaspace   ] GC(2759) Metaspace: 35505K(36224K)->35505K(36224K) NonClass: 29232K(29760K)->29232K(29760K) Class: 6273K(6464K)->6273K(6464K)
[1100.123s][info][gc             ] GC(2759) Pause Young (Allocation Failure) 877M->582M(892M) 2.816ms
[1100.123s][info][gc,cpu         ] GC(2759) User=0.01s Sys=0.00s Real=0.01s
[1100.549s][info][gc,start       ] GC(2760) Pause Young (Allocation Failure)
[1100.552s][info][gc,heap        ] GC(2760) PSYoungGen: 302112K(316416K)->32K(317952K) Eden: 302080K(302080K)->0K(306176K) From: 32K(14336K)->32K(11776K)
[1100.552s][info][gc,heap        ] GC(2760) ParOldGen: 596920K(596992K)->596928K(596992K)
[1100.552s][info][gc,metaspace   ] GC(2760) Metaspace: 35505K(36224K)->35505K(36224K) NonClass: 29232K(29760K)->29232K(29760K) Class: 6273K(6464K)->6273K(6464K)
[1100.552s][info][gc             ] GC(2760) Pause Young (Allocation Failure) 877M->582M(893M) 2.714ms
[1100.552s][info][gc,cpu         ] GC(2760) User=0.00s Sys=0.00s Real=0.01s
[1101.367s][info][gc,start       ] GC(2761) Pause Young (Allocation Failure)
[1101.369s][info][gc,heap        ] GC(2761) PSYoungGen: 306208K(317952K)->51K(318976K) Eden: 306176K(306176K)->0K(306176K) From: 32K(11776K)->51K(12800K)
[1101.369s][info][gc,heap        ] GC(2761) ParOldGen: 596928K(596992K)->596936K(596992K)
[1101.369s][info][gc,metaspace   ] GC(2761) Metaspace: 35505K(36224K)->35505K(36224K) NonClass: 29232K(29760K)->29232K(29760K) Class: 6273K(6464K)->6273K(6464K)
[1101.369s][info][gc             ] GC(2761) Pause Young (Allocation Failure) 881M->582M(894M) 2.700ms
[1101.369s][info][gc,cpu         ] GC(2761) User=0.01s Sys=0.00s Real=0.00s
[1102.489s][info][gc,start       ] GC(2762) Pause Young (Allocation Failure)
[1102.492s][info][gc,heap        ] GC(2762) PSYoungGen: 306227K(318976K)->32K(320000K) Eden: 306176K(306176K)->0K(309248K) From: 51K(12800K)->32K(10752K)
[1102.492s][info][gc,heap        ] GC(2762) ParOldGen: 596936K(596992K)->596944K(596992K)
[1102.492s][info][gc,metaspace   ] GC(2762) Metaspace: 35505K(36224K)->35505K(36224K) NonClass: 29232K(29760K)->29232K(29760K) Class: 6273K(6464K)->6273K(6464K)
[1102.492s][info][gc             ] GC(2762) Pause Young (Allocation Failure) 881M->582M(895M) 3.186ms
[1102.492s][info][gc,cpu         ] GC(2762) User=0.00s Sys=0.00s Real=0.01s
[1103.100s][info][gc,start       ] GC(2763) Pause Young (Allocation Failure)
[1103.104s][info][gc,heap        ] GC(2763) PSYoungGen: 309280K(320000K)->32K(320512K) Eden: 309248K(309248K)->0K(309248K) From: 32K(10752K)->32K(11264K)
[1103.104s][info][gc,heap        ] GC(2763) ParOldGen: 596944K(596992K)->596952K(596992K)
[1103.104s][info][gc,metaspace   ] GC(2763) Metaspace: 35505K(36224K)->35505K(36224K) NonClass: 29232K(29760K)->29232K(29760K) Class: 6273K(6464K)->6273K(6464K)
[1103.104s][info][gc             ] GC(2763) Pause Young (Allocation Failure) 884M->582M(896M) 3.486ms
[1103.104s][info][gc,cpu         ] GC(2763) User=0.00s Sys=0.00s Real=0.01s
[1104.325s][info][gc,start       ] GC(2764) Pause Young (Allocation Failure)
[1104.328s][info][gc,heap        ] GC(2764) PSYoungGen: 309280K(320512K)->32K(297472K) Eden: 309248K(309248K)->0K(296960K) From: 32K(11264K)->32K(512K)
[1104.328s][info][gc,heap        ] GC(2764) ParOldGen: 596952K(596992K)->596960K(596992K)
[1104.328s][info][gc,metaspace   ] GC(2764) Metaspace: 35505K(36224K)->35505K(36224K) NonClass: 29232K(29760K)->29232K(29760K) Class: 6273K(6464K)->6273K(6464K)
[1104.328s][info][gc             ] GC(2764) Pause Young (Allocation Failure) 884M->583M(873M) 3.400ms
[1104.328s][info][gc,cpu         ] GC(2764) User=0.00s Sys=0.00s Real=0.00s
[1104.815s][info][gc,start       ] GC(2765) Pause Young (Allocation Failure)
[1104.818s][info][gc,heap        ] GC(2765) PSYoungGen: 296992K(297472K)->32K(294912K) Eden: 296960K(296960K)->0K(285184K) From: 32K(512K)->32K(9728K)
[1104.818s][info][gc,heap        ] GC(2765) ParOldGen: 596960K(596992K)->596968K(596992K)
[1104.818s][info][gc,metaspace   ] GC(2765) Metaspace: 35505K(36224K)->35505K(36224K) NonClass: 29232K(29760K)->29232K(29760K) Class: 6273K(6464K)->6273K(6464K)
[1104.818s][info][gc             ] GC(2765) Pause Young (Allocation Failure) 873M->583M(871M) 2.826ms
[1104.818s][info][gc,cpu         ] GC(2765) User=0.01s Sys=0.00s Real=0.00s
[1104.993s][info][gc,start       ] GC(2766) Pause Young (Allocation Failure)
[1104.996s][info][gc,heap        ] GC(2766) PSYoungGen: 285216K(294912K)->32K(314368K) Eden: 285184K(285184K)->0K(305152K) From: 32K(9728K)->32K(9216K)
[1104.996s][info][gc,heap        ] GC(2766) ParOldGen: 596968K(596992K)->596976K(596992K)
[1104.996s][info][gc,metaspace   ] GC(2766) Metaspace: 35505K(36224K)->35505K(36224K) NonClass: 29232K(29760K)->29232K(29760K) Class: 6273K(6464K)->6273K(6464K)
[1104.996s][info][gc             ] GC(2766) Pause Young (Allocation Failure) 861M->583M(890M) 3.181ms
[1104.996s][info][gc,cpu         ] GC(2766) User=0.01s Sys=0.00s Real=0.00s
[1105.649s][info][gc,start       ] GC(2767) Pause Young (Allocation Failure)
[1105.654s][info][gc,heap        ] GC(2767) PSYoungGen: 305184K(314368K)->32K(293376K) Eden: 305152K(305152K)->0K(292864K) From: 32K(9216K)->32K(512K)
[1105.654s][info][gc,heap        ] GC(2767) ParOldGen: 596976K(596992K)->596984K(596992K)
[1105.654s][info][gc,metaspace   ] GC(2767) Metaspace: 35505K(36224K)->35505K(36224K) NonClass: 29232K(29760K)->29232K(29760K) Class: 6273K(6464K)->6273K(6464K)
[1105.654s][info][gc             ] GC(2767) Pause Young (Allocation Failure) 881M->583M(869M) 4.554ms
[1105.654s][info][gc,cpu         ] GC(2767) User=0.00s Sys=0.01s Real=0.01s
[1106.085s][info][gc,start       ] GC(2768) Pause Young (Allocation Failure)
[1106.088s][info][gc,heap        ] GC(2768) PSYoungGen: 292896K(293376K)->32K(282112K) Eden: 292864K(292864K)->0K(281600K) From: 32K(512K)->32K(512K)
[1106.088s][info][gc,heap        ] GC(2768) ParOldGen: 596984K(596992K)->596992K(597504K)
[1106.088s][info][gc,metaspace   ] GC(2768) Metaspace: 35505K(36224K)->35505K(36224K) NonClass: 29232K(29760K)->29232K(29760K) Class: 6273K(6464K)->6273K(6464K)
[1106.088s][info][gc             ] GC(2768) Pause Young (Allocation Failure) 869M->583M(859M) 3.430ms
[1106.088s][info][gc,cpu         ] GC(2768) User=0.00s Sys=0.00s Real=0.00s
[1106.616s][info][gc,start       ] GC(2769) Pause Young (Allocation Failure)
[1106.681s][info][gc,heap        ] GC(2769) PSYoungGen: 281632K(282112K)->7168K(299520K) Eden: 281600K(281600K)->0K(292352K) From: 32K(512K)->7168K(7168K)
[1106.681s][info][gc,heap        ] GC(2769) ParOldGen: 596992K(597504K)->614064K(614400K)
[1106.681s][info][gc,metaspace   ] GC(2769) Metaspace: 35505K(36224K)->35505K(36224K) NonClass: 29232K(29760K)->29232K(29760K) Class: 6273K(6464K)->6273K(6464K)
[1106.681s][info][gc             ] GC(2769) Pause Young (Allocation Failure) 858M->606M(892M) 64.902ms
[1106.681s][info][gc,cpu         ] GC(2769) User=0.09s Sys=0.03s Real=0.07s
[1107.187s][info][gc,start       ] GC(2770) Pause Young (Allocation Failure)
[1107.283s][info][gc,heap        ] GC(2770) PSYoungGen: 299520K(299520K)->15360K(300032K) Eden: 292352K(292352K)->0K(284672K) From: 7168K(7168K)->15360K(15360K)
[1107.283s][info][gc,heap        ] GC(2770) ParOldGen: 614064K(614400K)->630352K(630784K)
[1107.283s][info][gc,metaspace   ] GC(2770) Metaspace: 35505K(36224K)->35505K(36224K) NonClass: 29232K(29760K)->29232K(29760K) Class: 6273K(6464K)->6273K(6464K)
[1107.283s][info][gc             ] GC(2770) Pause Young (Allocation Failure) 892M->630M(909M) 95.542ms
[1107.283s][info][gc,cpu         ] GC(2770) User=0.16s Sys=0.03s Real=0.10s
[1107.548s][info][gc,start       ] GC(2771) Pause Young (Allocation Failure)
[1107.585s][info][gc,heap        ] GC(2771) PSYoungGen: 300032K(300032K)->13728K(298496K) Eden: 284672K(284672K)->0K(284672K) From: 15360K(15360K)->13728K(13824K)
[1107.585s][info][gc,heap        ] GC(2771) ParOldGen: 630352K(630784K)->630944K(631296K)
[1107.585s][info][gc,metaspace   ] GC(2771) Metaspace: 35505K(36224K)->35505K(36224K) NonClass: 29232K(29760K)->29232K(29760K) Class: 6273K(6464K)->6273K(6464K)
[1107.586s][info][gc             ] GC(2771) Pause Young (Allocation Failure) 908M->629M(908M) 37.461ms
[1107.586s][info][gc,cpu         ] GC(2771) User=0.07s Sys=0.00s Real=0.04s
[1108.054s][info][gc,start       ] GC(2772) Pause Young (Allocation Failure)
[1108.058s][info][gc,heap        ] GC(2772) PSYoungGen: 298400K(298496K)->32K(308736K) Eden: 284672K(284672K)->0K(283136K) From: 13728K(13824K)->32K(25600K)
[1108.058s][info][gc,heap        ] GC(2772) ParOldGen: 630944K(631296K)->630952K(631296K)
[1108.058s][info][gc,metaspace   ] GC(2772) Metaspace: 35505K(36224K)->35505K(36224K) NonClass: 29232K(29760K)->29232K(29760K) Class: 6273K(6464K)->6273K(6464K)
[1108.058s][info][gc             ] GC(2772) Pause Young (Allocation Failure) 907M->616M(918M) 3.512ms
[1108.058s][info][gc,cpu         ] GC(2772) User=0.01s Sys=0.00s Real=0.00s
[1108.940s][info][gc,start       ] GC(2773) Pause Young (Allocation Failure)
[1108.944s][info][gc,heap        ] GC(2773) PSYoungGen: 283168K(308736K)->64K(283648K) Eden: 283136K(283136K)->0K(283136K) From: 32K(25600K)->64K(512K)
[1108.944s][info][gc,heap        ] GC(2773) ParOldGen: 630952K(631296K)->630968K(631296K)
[1108.944s][info][gc,metaspace   ] GC(2773) Metaspace: 35505K(36224K)->35505K(36224K) NonClass: 29232K(29760K)->29232K(29760K) Class: 6273K(6464K)->6273K(6464K)
[1108.944s][info][gc             ] GC(2773) Pause Young (Allocation Failure) 892M->616M(893M) 3.465ms
[1108.944s][info][gc,cpu         ] GC(2773) User=0.01s Sys=0.00s Real=0.01s
[1109.802s][info][gc,start       ] GC(2774) Pause Young (Allocation Failure)
[1109.805s][info][gc,heap        ] GC(2774) PSYoungGen: 283200K(283648K)->64K(308224K) Eden: 283136K(283136K)->0K(284160K) From: 64K(512K)->64K(24064K)
[1109.805s][info][gc,heap        ] GC(2774) ParOldGen: 630968K(631296K)->630984K(631296K)
[1109.805s][info][gc,metaspace   ] GC(2774) Metaspace: 35505K(36224K)->35505K(36224K) NonClass: 29232K(29760K)->29232K(29760K) Class: 6273K(6464K)->6273K(6464K)
[1109.805s][info][gc             ] GC(2774) Pause Young (Allocation Failure) 892M->616M(917M) 3.087ms
[1109.805s][info][gc,cpu         ] GC(2774) User=0.01s Sys=0.00s Real=0.00s
[1110.253s][info][gc,start       ] GC(2775) Pause Young (Allocation Failure)
[1110.256s][info][gc,heap        ] GC(2775) PSYoungGen: 284224K(308224K)->32K(307200K) Eden: 284160K(284160K)->0K(284160K) From: 64K(24064K)->32K(23040K)
[1110.256s][info][gc,heap        ] GC(2775) ParOldGen: 630984K(631296K)->631000K(631296K)
[1110.256s][info][gc,metaspace   ] GC(2775) Metaspace: 35505K(36224K)->35505K(36224K) NonClass: 29232K(29760K)->29232K(29760K) Class: 6273K(6464K)->6273K(6464K)
[1110.256s][info][gc             ] GC(2775) Pause Young (Allocation Failure) 893M->616M(916M) 2.852ms
[1110.256s][info][gc,cpu         ] GC(2775) User=0.01s Sys=0.00s Real=0.00s
[1110.531s][info][gc,start       ] GC(2776) Pause Young (Allocation Failure)
[1110.534s][info][gc,heap        ] GC(2776) PSYoungGen: 284192K(307200K)->64K(309760K) Eden: 284160K(284160K)->0K(287744K) From: 32K(23040K)->64K(22016K)
[1110.534s][info][gc,heap        ] GC(2776) ParOldGen: 631000K(631296K)->631000K(631296K)
[1110.534s][info][gc,metaspace   ] GC(2776) Metaspace: 35505K(36224K)->35505K(36224K) NonClass: 29232K(29760K)->29232K(29760K) Class: 6273K(6464K)->6273K(6464K)
[1110.534s][info][gc             ] GC(2776) Pause Young (Allocation Failure) 893M->616M(919M) 2.904ms
[1110.534s][info][gc,cpu         ] GC(2776) User=0.00s Sys=0.00s Real=0.00s
[1111.008s][info][gc,start       ] GC(2777) Pause Young (Allocation Failure)
[1111.011s][info][gc,heap        ] GC(2777) PSYoungGen: 287808K(309760K)->64K(308736K) Eden: 287744K(287744K)->0K(287744K) From: 64K(22016K)->64K(20992K)
[1111.011s][info][gc,heap        ] GC(2777) ParOldGen: 631000K(631296K)->631000K(631296K)
[1111.011s][info][gc,metaspace   ] GC(2777) Metaspace: 35505K(36224K)->35505K(36224K) NonClass: 29232K(29760K)->29232K(29760K) Class: 6273K(6464K)->6273K(6464K)
[1111.011s][info][gc             ] GC(2777) Pause Young (Allocation Failure) 897M->616M(918M) 2.624ms
[1111.011s][info][gc,cpu         ] GC(2777) User=0.01s Sys=0.00s Real=0.01s
[1111.160s][info][gc,start       ] GC(2778) Pause Young (Allocation Failure)
[1111.163s][info][gc,heap        ] GC(2778) PSYoungGen: 287808K(308736K)->32K(311808K) Eden: 287744K(287744K)->0K(291840K) From: 64K(20992K)->32K(19968K)
[1111.163s][info][gc,heap        ] GC(2778) ParOldGen: 631000K(631296K)->631008K(631296K)
[1111.163s][info][gc,metaspace   ] GC(2778) Metaspace: 35505K(36224K)->35505K(36224K) NonClass: 29232K(29760K)->29232K(29760K) Class: 6273K(6464K)->6273K(6464K)
[1111.163s][info][gc             ] GC(2778) Pause Young (Allocation Failure) 897M->616M(921M) 3.043ms
[1111.163s][info][gc,cpu         ] GC(2778) User=0.00s Sys=0.00s Real=0.01s
[1111.220s][info][gc,start       ] GC(2779) Pause Young (Allocation Failure)
[1111.223s][info][gc,heap        ] GC(2779) PSYoungGen: 291872K(311808K)->32K(310784K) Eden: 291840K(291840K)->0K(291840K) From: 32K(19968K)->32K(18944K)
[1111.223s][info][gc,heap        ] GC(2779) ParOldGen: 631008K(631296K)->631016K(631296K)
[1111.223s][info][gc,metaspace   ] GC(2779) Metaspace: 35505K(36224K)->35505K(36224K) NonClass: 29232K(29760K)->29232K(29760K) Class: 6273K(6464K)->6273K(6464K)
[1111.223s][info][gc             ] GC(2779) Pause Young (Allocation Failure) 901M->616M(920M) 2.914ms
[1111.223s][info][gc,cpu         ] GC(2779) User=0.00s Sys=0.00s Real=0.01s
[1111.353s][info][gc,start       ] GC(2780) Pause Young (Allocation Failure)
[1111.356s][info][gc,heap        ] GC(2780) PSYoungGen: 291872K(310784K)->32K(313856K) Eden: 291840K(291840K)->0K(295936K) From: 32K(18944K)->32K(17920K)
[1111.356s][info][gc,heap        ] GC(2780) ParOldGen: 631016K(631296K)->631016K(631296K)
[1111.356s][info][gc,metaspace   ] GC(2780) Metaspace: 35505K(36224K)->35505K(36224K) NonClass: 29232K(29760K)->29232K(29760K) Class: 6273K(6464K)->6273K(6464K)
[1111.356s][info][gc             ] GC(2780) Pause Young (Allocation Failure) 901M->616M(923M) 2.908ms
[1111.356s][info][gc,cpu         ] GC(2780) User=0.01s Sys=0.00s Real=0.00s
[1111.705s][info][gc,start       ] GC(2781) Pause Young (Allocation Failure)
[1111.709s][info][gc,heap        ] GC(2781) PSYoungGen: 295968K(313856K)->64K(312832K) Eden: 295936K(295936K)->0K(295936K) From: 32K(17920K)->64K(16896K)
[1111.709s][info][gc,heap        ] GC(2781) ParOldGen: 631016K(631296K)->631024K(631296K)
[1111.709s][info][gc,metaspace   ] GC(2781) Metaspace: 35505K(36224K)->35505K(36224K) NonClass: 29232K(29760K)->29232K(29760K) Class: 6273K(6464K)->6273K(6464K)
[1111.709s][info][gc             ] GC(2781) Pause Young (Allocation Failure) 905M->616M(922M) 3.381ms
[1111.709s][info][gc,cpu         ] GC(2781) User=0.01s Sys=0.01s Real=0.00s
[1111.918s][info][gc,start       ] GC(2782) Pause Young (Allocation Failure)
[1111.921s][info][gc,heap        ] GC(2782) PSYoungGen: 296000K(312832K)->32K(315392K) Eden: 295936K(295936K)->0K(299520K) From: 64K(16896K)->32K(15872K)
[1111.921s][info][gc,heap        ] GC(2782) ParOldGen: 631024K(631296K)->631032K(631296K)
[1111.921s][info][gc,metaspace   ] GC(2782) Metaspace: 35505K(36224K)->35505K(36224K) NonClass: 29232K(29760K)->29232K(29760K) Class: 6273K(6464K)->6273K(6464K)
[1111.921s][info][gc             ] GC(2782) Pause Young (Allocation Failure) 905M->616M(924M) 2.852ms
[1111.921s][info][gc,cpu         ] GC(2782) User=0.01s Sys=0.00s Real=0.01s
[1112.012s][info][gc,start       ] GC(2783) Pause Young (Allocation Failure)
[1112.015s][info][gc,heap        ] GC(2783) PSYoungGen: 299552K(315392K)->32K(314880K) Eden: 299520K(299520K)->0K(299520K) From: 32K(15872K)->32K(15360K)
[1112.015s][info][gc,heap        ] GC(2783) ParOldGen: 631032K(631296K)->631040K(631296K)
[1112.015s][info][gc,metaspace   ] GC(2783) Metaspace: 35505K(36224K)->35505K(36224K) NonClass: 29232K(29760K)->29232K(29760K) Class: 6273K(6464K)->6273K(6464K)
[1112.015s][info][gc             ] GC(2783) Pause Young (Allocation Failure) 908M->616M(924M) 2.755ms
[1112.015s][info][gc,cpu         ] GC(2783) User=0.00s Sys=0.00s Real=0.00s
[1112.189s][info][gc,start       ] GC(2784) Pause Young (Allocation Failure)
[1112.191s][info][gc,heap        ] GC(2784) PSYoungGen: 299552K(314880K)->32K(317440K) Eden: 299520K(299520K)->0K(303616K) From: 32K(15360K)->32K(13824K)
[1112.192s][info][gc,heap        ] GC(2784) ParOldGen: 631040K(631296K)->631040K(631296K)
[1112.192s][info][gc,metaspace   ] GC(2784) Metaspace: 35505K(36224K)->35505K(36224K) NonClass: 29232K(29760K)->29232K(29760K) Class: 6273K(6464K)->6273K(6464K)
[1112.192s][info][gc             ] GC(2784) Pause Young (Allocation Failure) 908M->616M(926M) 2.659ms
[1112.192s][info][gc,cpu         ] GC(2784) User=0.00s Sys=0.00s Real=0.01s
[1112.678s][info][gc,start       ] GC(2785) Pause Young (Allocation Failure)
[1112.680s][info][gc,heap        ] GC(2785) PSYoungGen: 303648K(317440K)->64K(316928K) Eden: 303616K(303616K)->0K(303616K) From: 32K(13824K)->64K(13312K)
[1112.680s][info][gc,heap        ] GC(2785) ParOldGen: 631040K(631296K)->631056K(631296K)
[1112.680s][info][gc,metaspace   ] GC(2785) Metaspace: 35505K(36224K)->35505K(36224K) NonClass: 29232K(29760K)->29232K(29760K) Class: 6273K(6464K)->6273K(6464K)
[1112.680s][info][gc             ] GC(2785) Pause Young (Allocation Failure) 912M->616M(926M) 2.483ms
[1112.680s][info][gc,cpu         ] GC(2785) User=0.01s Sys=0.00s Real=0.00s
[1114.226s][info][gc,start       ] GC(2786) Pause Young (Allocation Failure)
[1114.229s][info][gc,heap        ] GC(2786) PSYoungGen: 303680K(316928K)->64K(319488K) Eden: 303616K(303616K)->0K(307200K) From: 64K(13312K)->64K(12288K)
[1114.229s][info][gc,heap        ] GC(2786) ParOldGen: 631056K(631296K)->631064K(631296K)
[1114.229s][info][gc,metaspace   ] GC(2786) Metaspace: 35505K(36224K)->35505K(36224K) NonClass: 29232K(29760K)->29232K(29760K) Class: 6273K(6464K)->6273K(6464K)
[1114.229s][info][gc             ] GC(2786) Pause Young (Allocation Failure) 912M->616M(928M) 2.120ms
[1114.229s][info][gc,cpu         ] GC(2786) User=0.00s Sys=0.00s Real=0.00s
[1114.671s][info][gc,start       ] GC(2787) Pause Young (Allocation Failure)
[1114.674s][info][gc,heap        ] GC(2787) PSYoungGen: 307264K(319488K)->64K(318976K) Eden: 307200K(307200K)->0K(307200K) From: 64K(12288K)->64K(11776K)
[1114.674s][info][gc,heap        ] GC(2787) ParOldGen: 631064K(631296K)->631072K(631296K)
[1114.674s][info][gc,metaspace   ] GC(2787) Metaspace: 35505K(36224K)->35505K(36224K) NonClass: 29232K(29760K)->29232K(29760K) Class: 6273K(6464K)->6273K(6464K)
[1114.674s][info][gc             ] GC(2787) Pause Young (Allocation Failure) 916M->616M(928M) 3.069ms
[1114.674s][info][gc,cpu         ] GC(2787) User=0.00s Sys=0.00s Real=0.00s
[1115.243s][info][gc,start       ] GC(2788) Pause Young (Allocation Failure)
[1115.246s][info][gc,heap        ] GC(2788) PSYoungGen: 307264K(318976K)->64K(321024K) Eden: 307200K(307200K)->0K(310272K) From: 64K(11776K)->64K(10752K)
[1115.246s][info][gc,heap        ] GC(2788) ParOldGen: 631072K(631296K)->631080K(631296K)
[1115.246s][info][gc,metaspace   ] GC(2788) Metaspace: 35505K(36224K)->35505K(36224K) NonClass: 29232K(29760K)->29232K(29760K) Class: 6273K(6464K)->6273K(6464K)
[1115.246s][info][gc             ] GC(2788) Pause Young (Allocation Failure) 916M->616M(930M) 3.172ms
[1115.246s][info][gc,cpu         ] GC(2788) User=0.01s Sys=0.00s Real=0.00s
[1116.431s][info][gc,start       ] GC(2789) Pause Young (Allocation Failure)
[1116.435s][info][gc,heap        ] GC(2789) PSYoungGen: 310336K(321024K)->64K(298496K) Eden: 310272K(310272K)->0K(297984K) From: 64K(10752K)->64K(512K)
[1116.435s][info][gc,heap        ] GC(2789) ParOldGen: 631080K(631296K)->631096K(631296K)
[1116.435s][info][gc,metaspace   ] GC(2789) Metaspace: 35505K(36224K)->35505K(36224K) NonClass: 29232K(29760K)->29232K(29760K) Class: 6273K(6464K)->6273K(6464K)
[1116.435s][info][gc             ] GC(2789) Pause Young (Allocation Failure) 919M->616M(908M) 4.309ms
[1116.435s][info][gc,cpu         ] GC(2789) User=0.01s Sys=0.00s Real=0.00s
[1116.928s][info][gc,start       ] GC(2790) Pause Young (Allocation Failure)
[1116.931s][info][gc,heap        ] GC(2790) PSYoungGen: 298048K(298496K)->32K(286720K) Eden: 297984K(297984K)->0K(286208K) From: 64K(512K)->32K(512K)
[1116.931s][info][gc,heap        ] GC(2790) ParOldGen: 631096K(631296K)->631104K(631296K)
[1116.931s][info][gc,metaspace   ] GC(2790) Metaspace: 35505K(36224K)->35505K(36224K) NonClass: 29232K(29760K)->29232K(29760K) Class: 6273K(6464K)->6273K(6464K)
[1116.931s][info][gc             ] GC(2790) Pause Young (Allocation Failure) 907M->616M(896M) 3.300ms
[1116.931s][info][gc,cpu         ] GC(2790) User=0.00s Sys=0.00s Real=0.01s
[1117.055s][info][gc,start       ] GC(2791) Pause Young (Allocation Failure)
[1117.058s][info][gc,heap        ] GC(2791) PSYoungGen: 286240K(286720K)->32K(303104K) Eden: 286208K(286208K)->0K(294400K) From: 32K(512K)->32K(8704K)
[1117.058s][info][gc,heap        ] GC(2791) ParOldGen: 631104K(631296K)->631112K(631296K)
[1117.058s][info][gc,metaspace   ] GC(2791) Metaspace: 35505K(36224K)->35505K(36224K) NonClass: 29232K(29760K)->29232K(29760K) Class: 6273K(6464K)->6273K(6464K)
[1117.058s][info][gc             ] GC(2791) Pause Young (Allocation Failure) 895M->616M(912M) 3.013ms
[1117.058s][info][gc,cpu         ] GC(2791) User=0.01s Sys=0.00s Real=0.00s
[1117.809s][info][gc,start       ] GC(2792) Pause Young (Allocation Failure)
[1117.811s][info][gc,heap        ] GC(2792) PSYoungGen: 294432K(303104K)->32K(283136K) Eden: 294400K(294400K)->0K(282624K) From: 32K(8704K)->32K(512K)
[1117.811s][info][gc,heap        ] GC(2792) ParOldGen: 631112K(631296K)->631120K(631296K)
[1117.811s][info][gc,metaspace   ] GC(2792) Metaspace: 35505K(36224K)->35505K(36224K) NonClass: 29232K(29760K)->29232K(29760K) Class: 6273K(6464K)->6273K(6464K)
[1117.811s][info][gc             ] GC(2792) Pause Young (Allocation Failure) 903M->616M(893M) 2.877ms
[1117.811s][info][gc,cpu         ] GC(2792) User=0.00s Sys=0.00s Real=0.01s
[1118.217s][info][gc,start       ] GC(2793) Pause Young (Allocation Failure)
[1118.220s][info][gc,heap        ] GC(2793) PSYoungGen: 282656K(283136K)->32K(279040K) Eden: 282624K(282624K)->0K(271360K) From: 32K(512K)->32K(7680K)
[1118.220s][info][gc,heap        ] GC(2793) ParOldGen: 631120K(631296K)->631128K(631296K)
[1118.220s][info][gc,metaspace   ] GC(2793) Metaspace: 35505K(36224K)->35505K(36224K) NonClass: 29232K(29760K)->29232K(29760K) Class: 6273K(6464K)->6273K(6464K)
[1118.220s][info][gc             ] GC(2793) Pause Young (Allocation Failure) 892M->616M(889M) 2.790ms
[1118.220s][info][gc,cpu         ] GC(2793) User=0.01s Sys=0.01s Real=0.00s
[1118.601s][info][gc,start       ] GC(2794) Pause Young (Allocation Failure)
[1118.681s][info][gc,heap        ] GC(2794) PSYoungGen: 271392K(279040K)->7168K(308224K) Eden: 271360K(271360K)->0K(301056K) From: 32K(7680K)->7168K(7168K)
[1118.681s][info][gc,heap        ] GC(2794) ParOldGen: 631128K(631296K)->651808K(652288K)
[1118.681s][info][gc,metaspace   ] GC(2794) Metaspace: 35505K(36224K)->35505K(36224K) NonClass: 29232K(29760K)->29232K(29760K) Class: 6273K(6464K)->6273K(6464K)
[1118.681s][info][gc             ] GC(2794) Pause Young (Allocation Failure) 881M->643M(938M) 80.440ms
[1118.681s][info][gc,cpu         ] GC(2794) User=0.12s Sys=0.03s Real=0.08s
[1119.087s][info][gc,start       ] GC(2795) Pause Young (Allocation Failure)
[1119.180s][info][gc,promotion   ] GC(2795) Promotion failed
[1119.180s][info][gc,heap        ] GC(2795) PSYoungGen: 308224K(308224K)->308224K(308224K) Eden: 301056K(301056K)->301056K(301056K) From: 7168K(7168K)->7168K(7168K)
[1119.180s][info][gc,heap        ] GC(2795) ParOldGen: 651808K(652288K)->667640K(667648K)
[1119.180s][info][gc,metaspace   ] GC(2795) Metaspace: 35505K(36224K)->35505K(36224K) NonClass: 29232K(29760K)->29232K(29760K) Class: 6273K(6464K)->6273K(6464K)
[1119.180s][info][gc             ] GC(2795) Pause Young (Allocation Failure) 937M->952M(953M) 93.583ms
[1119.180s][info][gc,cpu         ] GC(2795) User=0.16s Sys=0.02s Real=0.09s
[1119.180s][info][gc,start       ] GC(2796) Pause Full (Allocation Failure)
[1119.180s][info][gc,phases,start] GC(2796) Marking Phase
[1119.272s][info][gc,phases      ] GC(2796) Marking Phase 91.660ms
[1119.272s][info][gc,phases,start] GC(2796) Summary Phase
[1119.272s][info][gc,phases      ] GC(2796) Summary Phase 0.032ms
[1119.272s][info][gc,phases,start] GC(2796) Forward
[1119.284s][info][gc,phases      ] GC(2796) Forward 12.219ms
[1119.284s][info][gc,phases,start] GC(2796) Adjust Pointers
[1119.320s][info][gc,phases      ] GC(2796) Adjust Pointers 35.468ms
[1119.320s][info][gc,phases,start] GC(2796) Compaction Phase
[1119.337s][info][gc,phases      ] GC(2796) Compaction Phase 17.469ms
[1119.337s][info][gc,phases,start] GC(2796) Post Compact
[1119.340s][info][metaspace      ] ChkMgr @0x00007f865403aa80 (non-class-space): : reclaiming memory...
[1119.340s][info][metaspace      ] ChkMgr @0x00007f865403aa80 (non-class-space): nothing reclaimed.
[1119.340s][info][metaspace      ] ChkMgr @0x00007f865403a890 (class-space): : reclaiming memory...
[1119.340s][info][metaspace      ] ChkMgr @0x00007f865403a890 (class-space): nothing reclaimed.
[1119.340s][info][gc,phases      ] GC(2796) Post Compact 3.041ms
[1119.387s][info][gc,heap        ] GC(2796) PSYoungGen: 308224K(308224K)->0K(317440K) Eden: 301056K(301056K)->0K(301056K) From: 7168K(7168K)->0K(16384K)
[1119.387s][info][gc,heap        ] GC(2796) ParOldGen: 667640K(667648K)->89360K(175104K)
[1119.387s][info][gc,metaspace   ] GC(2796) Metaspace: 35505K(36224K)->35445K(36224K) NonClass: 29232K(29760K)->29172K(29760K) Class: 6273K(6464K)->6272K(6464K)
[1119.387s][info][gc             ] GC(2796) Pause Full (Allocation Failure) 952M->87M(481M) 206.437ms
[1119.387s][info][gc,cpu         ] GC(2796) User=0.27s Sys=0.05s Real=0.21s
[1119.585s][info][gc,start       ] GC(2797) Pause Young (Allocation Failure)
[1119.622s][info][gc,heap        ] GC(2797) PSYoungGen: 301056K(317440K)->9216K(315392K) Eden: 301056K(301056K)->0K(299008K) From: 0K(16384K)->9216K(16384K)
[1119.622s][info][gc,heap        ] GC(2797) ParOldGen: 89360K(175104K)->89360K(175104K)
[1119.622s][info][gc,metaspace   ] GC(2797) Metaspace: 35445K(36224K)->35445K(36224K) NonClass: 29172K(29760K)->29172K(29760K) Class: 6272K(6464K)->6272K(6464K)
[1119.622s][info][gc             ] GC(2797) Pause Young (Allocation Failure) 381M->96M(479M) 37.367ms
[1119.622s][info][gc,cpu         ] GC(2797) User=0.05s Sys=0.00s Real=0.04s
[1120.382s][info][gc,start       ] GC(2798) Pause Young (Allocation Failure)
[1120.383s][info][gc,heap        ] GC(2798) PSYoungGen: 308224K(315392K)->64K(316416K) Eden: 299008K(299008K)->0K(299008K) From: 9216K(16384K)->64K(17408K)
[1120.383s][info][gc,heap        ] GC(2798) ParOldGen: 89360K(175104K)->89368K(175104K)
[1120.383s][info][gc,metaspace   ] GC(2798) Metaspace: 35445K(36224K)->35445K(36224K) NonClass: 29172K(29760K)->29172K(29760K) Class: 6272K(6464K)->6272K(6464K)
[1120.383s][info][gc             ] GC(2798) Pause Young (Allocation Failure) 388M->87M(480M) 1.276ms
[1120.383s][info][gc,cpu         ] GC(2798) User=0.01s Sys=0.00s Real=0.00s
[1120.993s][info][gc,start       ] GC(2799) Pause Young (Allocation Failure)
[1120.995s][info][gc,heap        ] GC(2799) PSYoungGen: 299072K(316416K)->64K(313856K) Eden: 299008K(299008K)->0K(299520K) From: 64K(17408K)->64K(14336K)
[1120.995s][info][gc,heap        ] GC(2799) ParOldGen: 89368K(175104K)->89376K(175104K)
[1120.995s][info][gc,metaspace   ] GC(2799) Metaspace: 35445K(36224K)->35445K(36224K) NonClass: 29172K(29760K)->29172K(29760K) Class: 6272K(6464K)->6272K(6464K)
[1120.995s][info][gc             ] GC(2799) Pause Young (Allocation Failure) 379M->87M(477M) 1.362ms
[1120.995s][info][gc,cpu         ] GC(2799) User=0.00s Sys=0.00s Real=0.00s
[1121.605s][info][gc,start       ] GC(2800) Pause Young (Allocation Failure)
[1121.606s][info][gc,heap        ] GC(2800) PSYoungGen: 299584K(313856K)->64K(315392K) Eden: 299520K(299520K)->0K(299520K) From: 64K(14336K)->64K(15872K)
[1121.606s][info][gc,heap        ] GC(2800) ParOldGen: 89376K(175104K)->89392K(175104K)
[1121.606s][info][gc,metaspace   ] GC(2800) Metaspace: 35445K(36224K)->35445K(36224K) NonClass: 29172K(29760K)->29172K(29760K) Class: 6272K(6464K)->6272K(6464K)
[1121.607s][info][gc             ] GC(2800) Pause Young (Allocation Failure) 379M->87M(479M) 1.448ms
[1121.607s][info][gc,cpu         ] GC(2800) User=0.00s Sys=0.00s Real=0.00s
[1121.866s][info][gc,start       ] GC(2801) Pause Young (Allocation Failure)
[1121.868s][info][gc,heap        ] GC(2801) PSYoungGen: 299584K(315392K)->32K(316416K) Eden: 299520K(299520K)->0K(302592K) From: 64K(15872K)->32K(13824K)
[1121.868s][info][gc,heap        ] GC(2801) ParOldGen: 89392K(175104K)->89408K(175104K)
[1121.868s][info][gc,metaspace   ] GC(2801) Metaspace: 35445K(36224K)->35445K(36224K) NonClass: 29172K(29760K)->29172K(29760K) Class: 6272K(6464K)->6272K(6464K)
[1121.868s][info][gc             ] GC(2801) Pause Young (Allocation Failure) 379M->87M(480M) 1.423ms
[1121.868s][info][gc,cpu         ] GC(2801) User=0.00s Sys=0.00s Real=0.00s
[1122.133s][info][gc,start       ] GC(2802) Pause Young (Allocation Failure)
[1122.134s][info][gc,heap        ] GC(2802) PSYoungGen: 302624K(316416K)->64K(317440K) Eden: 302592K(302592K)->0K(302592K) From: 32K(13824K)->64K(14848K)
[1122.134s][info][gc,heap        ] GC(2802) ParOldGen: 89408K(175104K)->89408K(175104K)
[1122.134s][info][gc,metaspace   ] GC(2802) Metaspace: 35445K(36224K)->35445K(36224K) NonClass: 29172K(29760K)->29172K(29760K) Class: 6272K(6464K)->6272K(6464K)
[1122.134s][info][gc             ] GC(2802) Pause Young (Allocation Failure) 382M->87M(481M) 1.351ms
[1122.135s][info][gc,cpu         ] GC(2802) User=0.00s Sys=0.00s Real=0.00s
[1122.547s][info][gc,start       ] GC(2803) Pause Young (Allocation Failure)
[1122.548s][info][gc,heap        ] GC(2803) PSYoungGen: 302656K(317440K)->64K(317952K) Eden: 302592K(302592K)->0K(305152K) From: 64K(14848K)->64K(12800K)
[1122.548s][info][gc,heap        ] GC(2803) ParOldGen: 89408K(175104K)->89408K(175104K)
[1122.548s][info][gc,metaspace   ] GC(2803) Metaspace: 35445K(36224K)->35445K(36224K) NonClass: 29172K(29760K)->29172K(29760K) Class: 6272K(6464K)->6272K(6464K)
[1122.548s][info][gc             ] GC(2803) Pause Young (Allocation Failure) 382M->87M(481M) 1.011ms
[1122.548s][info][gc,cpu         ] GC(2803) User=0.00s Sys=0.00s Real=0.00s
[1122.608s][info][gc,start       ] GC(2804) Pause Young (Allocation Failure)
[1122.609s][info][gc,heap        ] GC(2804) PSYoungGen: 305216K(317952K)->64K(318464K) Eden: 305152K(305152K)->0K(305152K) From: 64K(12800K)->64K(13312K)
[1122.609s][info][gc,heap        ] GC(2804) ParOldGen: 89408K(175104K)->89424K(175104K)
[1122.609s][info][gc,metaspace   ] GC(2804) Metaspace: 35445K(36224K)->35445K(36224K) NonClass: 29172K(29760K)->29172K(29760K) Class: 6272K(6464K)->6272K(6464K)
[1122.609s][info][gc             ] GC(2804) Pause Young (Allocation Failure) 385M->87M(482M) 0.977ms
[1122.609s][info][gc,cpu         ] GC(2804) User=0.00s Sys=0.00s Real=0.00s
[1122.671s][info][gc,start       ] GC(2805) Pause Young (Allocation Failure)
[1122.672s][info][gc,heap        ] GC(2805) PSYoungGen: 305215K(318464K)->64K(320000K) Eden: 305151K(305152K)->0K(308224K) From: 64K(13312K)->64K(11776K)
[1122.672s][info][gc,heap        ] GC(2805) ParOldGen: 89424K(175104K)->89424K(175104K)
[1122.672s][info][gc,metaspace   ] GC(2805) Metaspace: 35445K(36224K)->35445K(36224K) NonClass: 29172K(29760K)->29172K(29760K) Class: 6272K(6464K)->6272K(6464K)
[1122.672s][info][gc             ] GC(2805) Pause Young (Allocation Failure) 385M->87M(483M) 0.934ms
[1122.672s][info][gc,cpu         ] GC(2805) User=0.00s Sys=0.00s Real=0.00s
[1123.000s][info][gc,start       ] GC(2806) Pause Young (Allocation Failure)
[1123.001s][info][gc,heap        ] GC(2806) PSYoungGen: 308288K(320000K)->64K(320000K) Eden: 308224K(308224K)->0K(308224K) From: 64K(11776K)->64K(11776K)
[1123.001s][info][gc,heap        ] GC(2806) ParOldGen: 89424K(175104K)->89440K(175104K)
[1123.001s][info][gc,metaspace   ] GC(2806) Metaspace: 35445K(36224K)->35445K(36224K) NonClass: 29172K(29760K)->29172K(29760K) Class: 6272K(6464K)->6272K(6464K)
[1123.001s][info][gc             ] GC(2806) Pause Young (Allocation Failure) 388M->87M(483M) 1.307ms
[1123.001s][info][gc,cpu         ] GC(2806) User=0.00s Sys=0.00s Real=0.01s
[1123.253s][info][gc,start       ] GC(2807) Pause Young (Allocation Failure)
[1123.254s][info][gc,heap        ] GC(2807) PSYoungGen: 308288K(320000K)->64K(320512K) Eden: 308224K(308224K)->0K(310784K) From: 64K(11776K)->64K(9728K)
[1123.254s][info][gc,heap        ] GC(2807) ParOldGen: 89440K(175104K)->89440K(175104K)
[1123.254s][info][gc,metaspace   ] GC(2807) Metaspace: 35445K(36224K)->35445K(36224K) NonClass: 29172K(29760K)->29172K(29760K) Class: 6272K(6464K)->6272K(6464K)
[1123.254s][info][gc             ] GC(2807) Pause Young (Allocation Failure) 388M->87M(484M) 1.064ms
[1123.254s][info][gc,cpu         ] GC(2807) User=0.00s Sys=0.00s Real=0.00s
[1123.355s][info][gc,start       ] GC(2808) Pause Young (Allocation Failure)
[1123.356s][info][gc,heap        ] GC(2808) PSYoungGen: 310848K(320512K)->64K(321024K) Eden: 310784K(310784K)->0K(310784K) From: 64K(9728K)->64K(10240K)
[1123.356s][info][gc,heap        ] GC(2808) ParOldGen: 89440K(175104K)->89448K(175104K)
[1123.356s][info][gc,metaspace   ] GC(2808) Metaspace: 35445K(36224K)->35445K(36224K) NonClass: 29172K(29760K)->29172K(29760K) Class: 6272K(6464K)->6272K(6464K)
[1123.356s][info][gc             ] GC(2808) Pause Young (Allocation Failure) 390M->87M(484M) 1.044ms
[1123.356s][info][gc,cpu         ] GC(2808) User=0.00s Sys=0.00s Real=0.00s
[1123.517s][info][gc,start       ] GC(2809) Pause Young (Allocation Failure)
[1123.519s][info][gc,heap        ] GC(2809) PSYoungGen: 310848K(321024K)->64K(299008K) Eden: 310784K(310784K)->0K(298496K) From: 64K(10240K)->64K(512K)
[1123.519s][info][gc,heap        ] GC(2809) ParOldGen: 89448K(175104K)->89456K(175104K)
[1123.519s][info][gc,metaspace   ] GC(2809) Metaspace: 35445K(36224K)->35445K(36224K) NonClass: 29172K(29760K)->29172K(29760K) Class: 6272K(6464K)->6272K(6464K)
[1123.519s][info][gc             ] GC(2809) Pause Young (Allocation Failure) 390M->87M(463M) 1.618ms
[1123.519s][info][gc,cpu         ] GC(2809) User=0.01s Sys=0.00s Real=0.00s
[1123.961s][info][gc,start       ] GC(2810) Pause Young (Allocation Failure)
[1123.962s][info][gc,heap        ] GC(2810) PSYoungGen: 298560K(299008K)->64K(295936K) Eden: 298496K(298496K)->0K(286720K) From: 64K(512K)->64K(9216K)
[1123.962s][info][gc,heap        ] GC(2810) ParOldGen: 89456K(175104K)->89464K(175104K)
[1123.962s][info][gc,metaspace   ] GC(2810) Metaspace: 35445K(36224K)->35445K(36224K) NonClass: 29172K(29760K)->29172K(29760K) Class: 6272K(6464K)->6272K(6464K)
[1123.962s][info][gc             ] GC(2810) Pause Young (Allocation Failure) 378M->87M(460M) 0.997ms
[1123.962s][info][gc,cpu         ] GC(2810) User=0.01s Sys=0.00s Real=0.00s
[1124.819s][info][gc,start       ] GC(2811) Pause Young (Allocation Failure)
[1124.821s][info][gc,heap        ] GC(2811) PSYoungGen: 286784K(295936K)->83K(275968K) Eden: 286720K(286720K)->0K(275456K) From: 64K(9216K)->83K(512K)
[1124.821s][info][gc,heap        ] GC(2811) ParOldGen: 89464K(175104K)->89472K(175104K)
[1124.821s][info][gc,metaspace   ] GC(2811) Metaspace: 35445K(36224K)->35445K(36224K) NonClass: 29172K(29760K)->29172K(29760K) Class: 6272K(6464K)->6272K(6464K)
[1124.821s][info][gc             ] GC(2811) Pause Young (Allocation Failure) 367M->87M(440M) 1.761ms
[1124.821s][info][gc,cpu         ] GC(2811) User=0.00s Sys=0.01s Real=0.01s
[1125.965s][info][gc,start       ] GC(2812) Pause Young (Allocation Failure)
[1125.966s][info][gc,heap        ] GC(2812) PSYoungGen: 275539K(275968K)->64K(272896K) Eden: 275456K(275456K)->0K(264704K) From: 83K(512K)->64K(8192K)
[1125.966s][info][gc,heap        ] GC(2812) ParOldGen: 89472K(175104K)->89480K(175104K)
[1125.966s][info][gc,metaspace   ] GC(2812) Metaspace: 35445K(36224K)->35445K(36224K) NonClass: 29172K(29760K)->29172K(29760K) Class: 6272K(6464K)->6272K(6464K)
[1125.966s][info][gc             ] GC(2812) Pause Young (Allocation Failure) 356M->87M(437M) 0.950ms
[1125.966s][info][gc,cpu         ] GC(2812) User=0.00s Sys=0.00s Real=0.00s
[1126.377s][info][gc,start       ] GC(2813) Pause Young (Allocation Failure)
[1126.379s][info][gc,heap        ] GC(2813) PSYoungGen: 264768K(272896K)->64K(254976K) Eden: 264704K(264704K)->0K(254464K) From: 64K(8192K)->64K(512K)
[1126.379s][info][gc,heap        ] GC(2813) ParOldGen: 89480K(175104K)->89488K(175104K)
[1126.379s][info][gc,metaspace   ] GC(2813) Metaspace: 35445K(36224K)->35445K(36224K) NonClass: 29172K(29760K)->29172K(29760K) Class: 6272K(6464K)->6272K(6464K)
[1126.379s][info][gc             ] GC(2813) Pause Young (Allocation Failure) 345M->87M(420M) 2.184ms
[1126.379s][info][gc,cpu         ] GC(2813) User=0.00s Sys=0.00s Real=0.00s
[1126.943s][info][gc,start       ] GC(2814) Pause Young (Allocation Failure)
[1126.944s][info][gc,heap        ] GC(2814) PSYoungGen: 254528K(254976K)->64K(251904K) Eden: 254464K(254464K)->0K(244736K) From: 64K(512K)->64K(7168K)
[1126.944s][info][gc,heap        ] GC(2814) ParOldGen: 89488K(175104K)->89496K(175104K)
[1126.944s][info][gc,metaspace   ] GC(2814) Metaspace: 35445K(36224K)->35445K(36224K) NonClass: 29172K(29760K)->29172K(29760K) Class: 6272K(6464K)->6272K(6464K)
[1126.944s][info][gc             ] GC(2814) Pause Young (Allocation Failure) 335M->87M(417M) 1.078ms
[1126.944s][info][gc,cpu         ] GC(2814) User=0.00s Sys=0.00s Real=0.00s
[1127.757s][info][gc,start       ] GC(2815) Pause Young (Allocation Failure)
[1127.759s][info][gc,heap        ] GC(2815) PSYoungGen: 244800K(251904K)->64K(236032K) Eden: 244736K(244736K)->0K(235520K) From: 64K(7168K)->64K(512K)
[1127.759s][info][gc,heap        ] GC(2815) ParOldGen: 89496K(175104K)->89512K(175104K)
[1127.759s][info][gc,metaspace   ] GC(2815) Metaspace: 35445K(36224K)->35445K(36224K) NonClass: 29172K(29760K)->29172K(29760K) Class: 6272K(6464K)->6272K(6464K)
[1127.759s][info][gc             ] GC(2815) Pause Young (Allocation Failure) 326M->87M(401M) 2.036ms
[1127.759s][info][gc,cpu         ] GC(2815) User=0.00s Sys=0.00s Real=0.00s
[1128.141s][info][gc,start       ] GC(2816) Pause Young (Allocation Failure)
[1128.142s][info][gc,heap        ] GC(2816) PSYoungGen: 235584K(236032K)->64K(232960K) Eden: 235520K(235520K)->0K(226816K) From: 64K(512K)->64K(6144K)
[1128.142s][info][gc,heap        ] GC(2816) ParOldGen: 89512K(175104K)->89520K(175104K)
[1128.142s][info][gc,metaspace   ] GC(2816) Metaspace: 35445K(36224K)->35445K(36224K) NonClass: 29172K(29760K)->29172K(29760K) Class: 6272K(6464K)->6272K(6464K)
[1128.142s][info][gc             ] GC(2816) Pause Young (Allocation Failure) 317M->87M(398M) 0.898ms
[1128.142s][info][gc,cpu         ] GC(2816) User=0.00s Sys=0.00s Real=0.00s
[1128.276s][info][gc,start       ] GC(2817) Pause Young (Allocation Failure)
[1128.278s][info][gc,heap        ] GC(2817) PSYoungGen: 226880K(232960K)->64K(219136K) Eden: 226816K(226816K)->0K(218624K) From: 64K(6144K)->64K(512K)
[1128.278s][info][gc,heap        ] GC(2817) ParOldGen: 89520K(175104K)->89528K(175104K)
[1128.278s][info][gc,metaspace   ] GC(2817) Metaspace: 35445K(36224K)->35445K(36224K) NonClass: 29172K(29760K)->29172K(29760K) Class: 6272K(6464K)->6272K(6464K)
[1128.278s][info][gc             ] GC(2817) Pause Young (Allocation Failure) 308M->87M(385M) 1.684ms
[1128.278s][info][gc,cpu         ] GC(2817) User=0.01s Sys=0.00s Real=0.00s
[1128.601s][info][gc,start       ] GC(2818) Pause Young (Allocation Failure)
[1128.602s][info][gc,heap        ] GC(2818) PSYoungGen: 218688K(219136K)->64K(215552K) Eden: 218624K(218624K)->0K(210432K) From: 64K(512K)->64K(5120K)
[1128.602s][info][gc,heap        ] GC(2818) ParOldGen: 89528K(175104K)->89536K(175104K)
[1128.602s][info][gc,metaspace   ] GC(2818) Metaspace: 35445K(36224K)->35445K(36224K) NonClass: 29172K(29760K)->29172K(29760K) Class: 6272K(6464K)->6272K(6464K)
[1128.602s][info][gc             ] GC(2818) Pause Young (Allocation Failure) 300M->87M(381M) 0.948ms
[1128.602s][info][gc,cpu         ] GC(2818) User=0.00s Sys=0.00s Real=0.00s
[1129.144s][info][gc,start       ] GC(2819) Pause Young (Allocation Failure)
[1129.145s][info][gc,heap        ] GC(2819) PSYoungGen: 210496K(215552K)->64K(203264K) Eden: 210432K(210432K)->0K(202752K) From: 64K(5120K)->64K(512K)
[1129.145s][info][gc,heap        ] GC(2819) ParOldGen: 89536K(175104K)->89544K(175104K)
[1129.145s][info][gc,metaspace   ] GC(2819) Metaspace: 35445K(36224K)->35445K(36224K) NonClass: 29172K(29760K)->29172K(29760K) Class: 6272K(6464K)->6272K(6464K)
[1129.146s][info][gc             ] GC(2819) Pause Young (Allocation Failure) 293M->87M(369M) 1.730ms
[1129.146s][info][gc,cpu         ] GC(2819) User=0.00s Sys=0.00s Real=0.00s
[1129.467s][info][gc,start       ] GC(2820) Pause Young (Allocation Failure)
[1129.467s][info][gc,heap        ] GC(2820) PSYoungGen: 202816K(203264K)->64K(200192K) Eden: 202752K(202752K)->0K(195584K) From: 64K(512K)->64K(4608K)
[1129.468s][info][gc,heap        ] GC(2820) ParOldGen: 89544K(175104K)->89552K(175104K)
[1129.468s][info][gc,metaspace   ] GC(2820) Metaspace: 35445K(36224K)->35445K(36224K) NonClass: 29172K(29760K)->29172K(29760K) Class: 6272K(6464K)->6272K(6464K)
[1129.468s][info][gc             ] GC(2820) Pause Young (Allocation Failure) 285M->87M(366M) 0.991ms
[1129.468s][info][gc,cpu         ] GC(2820) User=0.00s Sys=0.00s Real=0.00s
[1129.783s][info][gc,start       ] GC(2821) Pause Young (Allocation Failure)
[1129.815s][info][gc,heap        ] GC(2821) PSYoungGen: 195648K(200192K)->4096K(238080K) Eden: 195584K(195584K)->0K(233984K) From: 64K(4608K)->4096K(4096K)
[1129.815s][info][gc,heap        ] GC(2821) ParOldGen: 89552K(175104K)->101616K(175104K)
[1129.815s][info][gc,metaspace   ] GC(2821) Metaspace: 35445K(36224K)->35445K(36224K) NonClass: 29172K(29760K)->29172K(29760K) Class: 6272K(6464K)->6272K(6464K)
[1129.815s][info][gc             ] GC(2821) Pause Young (Allocation Failure) 278M->103M(403M) 32.310ms
[1129.815s][info][gc,cpu         ] GC(2821) User=0.06s Sys=0.01s Real=0.03s
[1130.124s][info][gc,start       ] GC(2822) Pause Young (Allocation Failure)
[1130.201s][info][gc,heap        ] GC(2822) PSYoungGen: 238080K(238080K)->9728K(283136K) Eden: 233984K(233984K)->0K(273408K) From: 4096K(4096K)->9728K(9728K)
[1130.201s][info][gc,heap        ] GC(2822) ParOldGen: 101616K(175104K)->117168K(175104K)
[1130.201s][info][gc,metaspace   ] GC(2822) Metaspace: 35445K(36224K)->35445K(36224K) NonClass: 29172K(29760K)->29172K(29760K) Class: 6272K(6464K)->6272K(6464K)
[1130.201s][info][gc             ] GC(2822) Pause Young (Allocation Failure) 331M->123M(447M) 77.034ms
[1130.201s][info][gc,cpu         ] GC(2822) User=0.10s Sys=0.00s Real=0.08s
[1130.553s][info][gc,start       ] GC(2823) Pause Young (Allocation Failure)
[1130.624s][info][gc,heap        ] GC(2823) PSYoungGen: 283136K(283136K)->17408K(290304K) Eden: 273408K(273408K)->0K(272896K) From: 9728K(9728K)->17408K(17408K)
[1130.624s][info][gc,heap        ] GC(2823) ParOldGen: 117168K(175104K)->128288K(175104K)
[1130.624s][info][gc,metaspace   ] GC(2823) Metaspace: 35445K(36224K)->35445K(36224K) NonClass: 29172K(29760K)->29172K(29760K) Class: 6272K(6464K)->6272K(6464K)
[1130.624s][info][gc             ] GC(2823) Pause Young (Allocation Failure) 390M->142M(454M) 71.561ms
[1130.625s][info][gc,cpu         ] GC(2823) User=0.12s Sys=0.02s Real=0.07s
[1130.727s][info][gc,start       ] GC(2824) Pause Young (Allocation Failure)
[1130.732s][info][gc,heap        ] GC(2824) PSYoungGen: 290304K(290304K)->32K(297984K) Eden: 272896K(272896K)->0K(272896K) From: 17408K(17408K)->32K(25088K)
[1130.732s][info][gc,heap        ] GC(2824) ParOldGen: 128288K(175104K)->128696K(175104K)
[1130.732s][info][gc,metaspace   ] GC(2824) Metaspace: 35445K(36224K)->35445K(36224K) NonClass: 29172K(29760K)->29172K(29760K) Class: 6272K(6464K)->6272K(6464K)
[1130.732s][info][gc             ] GC(2824) Pause Young (Allocation Failure) 408M->125M(462M) 5.405ms
[1130.732s][info][gc,cpu         ] GC(2824) User=0.01s Sys=0.00s Real=0.01s
[1131.501s][info][gc,start       ] GC(2825) Pause Young (Allocation Failure)
[1131.502s][info][gc,heap        ] GC(2825) PSYoungGen: 272928K(297984K)->64K(306176K) Eden: 272896K(272896K)->0K(284160K) From: 32K(25088K)->64K(22016K)
[1131.502s][info][gc,heap        ] GC(2825) ParOldGen: 128696K(175104K)->128704K(175104K)
[1131.503s][info][gc,metaspace   ] GC(2825) Metaspace: 35445K(36224K)->35445K(36224K) NonClass: 29172K(29760K)->29172K(29760K) Class: 6272K(6464K)->6272K(6464K)
[1131.503s][info][gc             ] GC(2825) Pause Young (Allocation Failure) 392M->125M(470M) 1.047ms
[1131.503s][info][gc,cpu         ] GC(2825) User=0.00s Sys=0.00s Real=0.00s
[1131.978s][info][gc,start       ] GC(2826) Pause Young (Allocation Failure)
[1131.979s][info][gc,heap        ] GC(2826) PSYoungGen: 284224K(306176K)->64K(307712K) Eden: 284160K(284160K)->0K(284160K) From: 64K(22016K)->64K(23552K)
[1131.979s][info][gc,heap        ] GC(2826) ParOldGen: 128704K(175104K)->128712K(175104K)
[1131.979s][info][gc,metaspace   ] GC(2826) Metaspace: 35445K(36224K)->35445K(36224K) NonClass: 29172K(29760K)->29172K(29760K) Class: 6272K(6464K)->6272K(6464K)
[1131.979s][info][gc             ] GC(2826) Pause Young (Allocation Failure) 403M->125M(471M) 1.290ms
[1131.979s][info][gc,cpu         ] GC(2826) User=0.01s Sys=0.00s Real=0.00s
[1132.466s][info][gc,start       ] GC(2827) Pause Young (Allocation Failure)
[1132.467s][info][gc,heap        ] GC(2827) PSYoungGen: 284224K(307712K)->64K(307712K) Eden: 284160K(284160K)->0K(287232K) From: 64K(23552K)->64K(20480K)
[1132.467s][info][gc,heap        ] GC(2827) ParOldGen: 128712K(175104K)->128728K(175104K)
[1132.467s][info][gc,metaspace   ] GC(2827) Metaspace: 35445K(36224K)->35445K(36224K) NonClass: 29172K(29760K)->29172K(29760K) Class: 6272K(6464K)->6272K(6464K)
[1132.467s][info][gc             ] GC(2827) Pause Young (Allocation Failure) 403M->125M(471M) 1.199ms
[1132.467s][info][gc,cpu         ] GC(2827) User=0.00s Sys=0.00s Real=0.00s
[1132.715s][info][gc,start       ] GC(2828) Pause Young (Allocation Failure)
[1132.716s][info][gc,heap        ] GC(2828) PSYoungGen: 287296K(307712K)->64K(309248K) Eden: 287232K(287232K)->0K(287232K) From: 64K(20480K)->64K(22016K)
[1132.716s][info][gc,heap        ] GC(2828) ParOldGen: 128728K(175104K)->128744K(175104K)
[1132.716s][info][gc,metaspace   ] GC(2828) Metaspace: 35445K(36224K)->35445K(36224K) NonClass: 29172K(29760K)->29172K(29760K) Class: 6272K(6464K)->6272K(6464K)
[1132.716s][info][gc             ] GC(2828) Pause Young (Allocation Failure) 406M->125M(473M) 0.983ms
[1132.716s][info][gc,cpu         ] GC(2828) User=0.00s Sys=0.00s Real=0.00s
[1132.963s][info][gc,start       ] GC(2829) Pause Young (Allocation Failure)
[1132.964s][info][gc,heap        ] GC(2829) PSYoungGen: 287296K(309248K)->64K(309248K) Eden: 287232K(287232K)->0K(290816K) From: 64K(22016K)->64K(18432K)
[1132.964s][info][gc,heap        ] GC(2829) ParOldGen: 128744K(175104K)->128744K(175104K)
[1132.964s][info][gc,metaspace   ] GC(2829) Metaspace: 35445K(36224K)->35445K(36224K) NonClass: 29172K(29760K)->29172K(29760K) Class: 6272K(6464K)->6272K(6464K)
[1132.964s][info][gc             ] GC(2829) Pause Young (Allocation Failure) 406M->125M(473M) 1.049ms
[1132.964s][info][gc,cpu         ] GC(2829) User=0.01s Sys=0.00s Real=0.00s
[1133.365s][info][gc,start       ] GC(2830) Pause Young (Allocation Failure)
[1133.366s][info][gc,heap        ] GC(2830) PSYoungGen: 290880K(309248K)->64K(310784K) Eden: 290816K(290816K)->0K(290816K) From: 64K(18432K)->64K(19968K)
[1133.366s][info][gc,heap        ] GC(2830) ParOldGen: 128744K(175104K)->128744K(175104K)
[1133.366s][info][gc,metaspace   ] GC(2830) Metaspace: 35445K(36224K)->35445K(36224K) NonClass: 29172K(29760K)->29172K(29760K) Class: 6272K(6464K)->6272K(6464K)
[1133.366s][info][gc             ] GC(2830) Pause Young (Allocation Failure) 409M->125M(474M) 1.023ms
[1133.366s][info][gc,cpu         ] GC(2830) User=0.01s Sys=0.00s Real=0.00s
[1133.422s][info][gc,start       ] GC(2831) Pause Young (Allocation Failure)
[1133.423s][info][gc,heap        ] GC(2831) PSYoungGen: 290880K(310784K)->64K(311296K) Eden: 290816K(290816K)->0K(294912K) From: 64K(19968K)->64K(16384K)
[1133.423s][info][gc,heap        ] GC(2831) ParOldGen: 128744K(175104K)->128760K(175104K)
[1133.423s][info][gc,metaspace   ] GC(2831) Metaspace: 35445K(36224K)->35445K(36224K) NonClass: 29172K(29760K)->29172K(29760K) Class: 6272K(6464K)->6272K(6464K)
[1133.423s][info][gc             ] GC(2831) Pause Young (Allocation Failure) 409M->125M(475M) 0.968ms
[1133.423s][info][gc,cpu         ] GC(2831) User=0.00s Sys=0.00s Real=0.00s
[1133.482s][info][gc,start       ] GC(2832) Pause Young (Allocation Failure)
[1133.482s][info][gc,heap        ] GC(2832) PSYoungGen: 294976K(311296K)->64K(312832K) Eden: 294912K(294912K)->0K(294912K) From: 64K(16384K)->64K(17920K)
[1133.482s][info][gc,heap        ] GC(2832) ParOldGen: 128760K(175104K)->128760K(175104K)
[1133.482s][info][gc,metaspace   ] GC(2832) Metaspace: 35445K(36224K)->35445K(36224K) NonClass: 29172K(29760K)->29172K(29760K) Class: 6272K(6464K)->6272K(6464K)
[1133.482s][info][gc             ] GC(2832) Pause Young (Allocation Failure) 413M->125M(476M) 0.885ms
[1133.482s][info][gc,cpu         ] GC(2832) User=0.00s Sys=0.00s Real=0.00s
[1133.684s][info][gc,start       ] GC(2833) Pause Young (Allocation Failure)
[1133.684s][info][gc,heap        ] GC(2833) PSYoungGen: 294976K(312832K)->64K(313344K) Eden: 294912K(294912K)->0K(299008K) From: 64K(17920K)->64K(14336K)
[1133.684s][info][gc,heap        ] GC(2833) ParOldGen: 128760K(175104K)->128760K(175104K)
[1133.684s][info][gc,metaspace   ] GC(2833) Metaspace: 35445K(36224K)->35445K(36224K) NonClass: 29172K(29760K)->29172K(29760K) Class: 6272K(6464K)->6272K(6464K)
[1133.684s][info][gc             ] GC(2833) Pause Young (Allocation Failure) 413M->125M(477M) 0.916ms
[1133.684s][info][gc,cpu         ] GC(2833) User=0.00s Sys=0.01s Real=0.00s
[1133.926s][info][gc,start       ] GC(2834) Pause Young (Allocation Failure)
[1133.927s][info][gc,heap        ] GC(2834) PSYoungGen: 299072K(313344K)->64K(314880K) Eden: 299008K(299008K)->0K(299008K) From: 64K(14336K)->64K(15872K)
[1133.927s][info][gc,heap        ] GC(2834) ParOldGen: 128760K(175104K)->128768K(175104K)
[1133.927s][info][gc,metaspace   ] GC(2834) Metaspace: 35445K(36224K)->35445K(36224K) NonClass: 29172K(29760K)->29172K(29760K) Class: 6272K(6464K)->6272K(6464K)
[1133.928s][info][gc             ] GC(2834) Pause Young (Allocation Failure) 417M->125M(478M) 1.012ms
[1133.928s][info][gc,cpu         ] GC(2834) User=0.00s Sys=0.00s Real=0.00s
[1134.056s][info][gc,start       ] GC(2835) Pause Young (Allocation Failure)
[1134.057s][info][gc,heap        ] GC(2835) PSYoungGen: 299072K(314880K)->32K(316416K) Eden: 299008K(299008K)->0K(303104K) From: 64K(15872K)->32K(13312K)
[1134.057s][info][gc,heap        ] GC(2835) ParOldGen: 128768K(175104K)->128776K(175104K)
[1134.057s][info][gc,metaspace   ] GC(2835) Metaspace: 35445K(36224K)->35445K(36224K) NonClass: 29172K(29760K)->29172K(29760K) Class: 6272K(6464K)->6272K(6464K)
[1134.057s][info][gc             ] GC(2835) Pause Young (Allocation Failure) 417M->125M(480M) 1.415ms
[1134.057s][info][gc,cpu         ] GC(2835) User=0.00s Sys=0.00s Real=0.00s
[1134.176s][info][gc,start       ] GC(2836) Pause Young (Allocation Failure)
[1134.177s][info][gc,heap        ] GC(2836) PSYoungGen: 303136K(316416K)->64K(317440K) Eden: 303104K(303104K)->0K(303104K) From: 32K(13312K)->64K(14336K)
[1134.177s][info][gc,heap        ] GC(2836) ParOldGen: 128776K(175104K)->128784K(175104K)
[1134.178s][info][gc,metaspace   ] GC(2836) Metaspace: 35445K(36224K)->35445K(36224K) NonClass: 29172K(29760K)->29172K(29760K) Class: 6272K(6464K)->6272K(6464K)
[1134.178s][info][gc             ] GC(2836) Pause Young (Allocation Failure) 421M->125M(481M) 1.410ms
[1134.178s][info][gc,cpu         ] GC(2836) User=0.00s Sys=0.00s Real=0.00s
[1134.445s][info][gc,start       ] GC(2837) Pause Young (Allocation Failure)
[1134.446s][info][gc,heap        ] GC(2837) PSYoungGen: 303168K(317440K)->64K(291840K) Eden: 303104K(303104K)->0K(291328K) From: 64K(14336K)->64K(512K)
[1134.446s][info][gc,heap        ] GC(2837) ParOldGen: 128784K(175104K)->128792K(175104K)
[1134.446s][info][gc,metaspace   ] GC(2837) Metaspace: 35445K(36224K)->35445K(36224K) NonClass: 29172K(29760K)->29172K(29760K) Class: 6272K(6464K)->6272K(6464K)
[1134.446s][info][gc             ] GC(2837) Pause Young (Allocation Failure) 421M->125M(456M) 0.982ms
[1134.446s][info][gc,cpu         ] GC(2837) User=0.01s Sys=0.00s Real=0.00s
[1135.548s][info][gc,start       ] GC(2838) Pause Young (Allocation Failure)
[1135.549s][info][gc,heap        ] GC(2838) PSYoungGen: 291392K(291840K)->64K(292352K) Eden: 291328K(291328K)->0K(280064K) From: 64K(512K)->64K(12288K)
[1135.549s][info][gc,heap        ] GC(2838) ParOldGen: 128792K(175104K)->128800K(175104K)
[1135.549s][info][gc,metaspace   ] GC(2838) Metaspace: 35445K(36224K)->35445K(36224K) NonClass: 29172K(29760K)->29172K(29760K) Class: 6272K(6464K)->6272K(6464K)
[1135.549s][info][gc             ] GC(2838) Pause Young (Allocation Failure) 410M->125M(456M) 1.140ms
[1135.549s][info][gc,cpu         ] GC(2838) User=0.00s Sys=0.00s Real=0.00s
[1136.562s][info][gc,start       ] GC(2839) Pause Young (Allocation Failure)
[1136.563s][info][gc,heap        ] GC(2839) PSYoungGen: 280128K(292352K)->64K(269824K) Eden: 280064K(280064K)->0K(269312K) From: 64K(12288K)->64K(512K)
[1136.563s][info][gc,heap        ] GC(2839) ParOldGen: 128800K(175104K)->128808K(175104K)
[1136.563s][info][gc,metaspace   ] GC(2839) Metaspace: 35445K(36224K)->35445K(36224K) NonClass: 29172K(29760K)->29172K(29760K) Class: 6272K(6464K)->6272K(6464K)
[1136.563s][info][gc             ] GC(2839) Pause Young (Allocation Failure) 399M->125M(434M) 1.490ms
[1136.563s][info][gc,cpu         ] GC(2839) User=0.00s Sys=0.00s Real=0.00s
[1136.932s][info][gc,start       ] GC(2840) Pause Young (Allocation Failure)
[1136.933s][info][gc,heap        ] GC(2840) PSYoungGen: 269376K(269824K)->64K(269824K) Eden: 269312K(269312K)->0K(259072K) From: 64K(512K)->64K(10752K)
[1136.933s][info][gc,heap        ] GC(2840) ParOldGen: 128808K(175104K)->128816K(175104K)
[1136.934s][info][gc,metaspace   ] GC(2840) Metaspace: 35445K(36224K)->35445K(36224K) NonClass: 29172K(29760K)->29172K(29760K) Class: 6272K(6464K)->6272K(6464K)
[1136.934s][info][gc             ] GC(2840) Pause Young (Allocation Failure) 388M->125M(434M) 1.157ms
[1136.934s][info][gc,cpu         ] GC(2840) User=0.00s Sys=0.00s Real=0.00s
[1137.381s][info][gc,start       ] GC(2841) Pause Young (Allocation Failure)
[1137.384s][info][gc,heap        ] GC(2841) PSYoungGen: 259136K(269824K)->64K(249856K) Eden: 259072K(259072K)->0K(249344K) From: 64K(10752K)->64K(512K)
[1137.384s][info][gc,heap        ] GC(2841) ParOldGen: 128816K(175104K)->128832K(175104K)
[1137.384s][info][gc,metaspace   ] GC(2841) Metaspace: 35445K(36224K)->35445K(36224K) NonClass: 29172K(29760K)->29172K(29760K) Class: 6272K(6464K)->6272K(6464K)
[1137.384s][info][gc             ] GC(2841) Pause Young (Allocation Failure) 378M->125M(415M) 2.853ms
[1137.384s][info][gc,cpu         ] GC(2841) User=0.01s Sys=0.00s Real=0.00s
[1138.440s][info][gc,start       ] GC(2842) Pause Young (Allocation Failure)
[1138.441s][info][gc,heap        ] GC(2842) PSYoungGen: 249408K(249856K)->64K(249344K) Eden: 249344K(249344K)->0K(240128K) From: 64K(512K)->64K(9216K)
[1138.441s][info][gc,heap        ] GC(2842) ParOldGen: 128832K(175104K)->128840K(175104K)
[1138.441s][info][gc,metaspace   ] GC(2842) Metaspace: 35445K(36224K)->35445K(36224K) NonClass: 29172K(29760K)->29172K(29760K) Class: 6272K(6464K)->6272K(6464K)
[1138.441s][info][gc             ] GC(2842) Pause Young (Allocation Failure) 369M->125M(414M) 1.257ms
[1138.441s][info][gc,cpu         ] GC(2842) User=0.00s Sys=0.00s Real=0.01s
[1138.858s][info][gc,start       ] GC(2843) Pause Young (Allocation Failure)
[1138.860s][info][gc,heap        ] GC(2843) PSYoungGen: 240192K(249344K)->32K(231424K) Eden: 240128K(240128K)->0K(230912K) From: 64K(9216K)->32K(512K)
[1138.860s][info][gc,heap        ] GC(2843) ParOldGen: 128840K(175104K)->128848K(175104K)
[1138.860s][info][gc,metaspace   ] GC(2843) Metaspace: 35445K(36224K)->35445K(36224K) NonClass: 29172K(29760K)->29172K(29760K) Class: 6272K(6464K)->6272K(6464K)
[1138.860s][info][gc             ] GC(2843) Pause Young (Allocation Failure) 360M->125M(397M) 2.472ms
[1138.860s][info][gc,cpu         ] GC(2843) User=0.00s Sys=0.01s Real=0.00s
[1139.037s][info][gc,start       ] GC(2844) Pause Young (Allocation Failure)
[1139.038s][info][gc,heap        ] GC(2844) PSYoungGen: 230944K(231424K)->64K(230400K) Eden: 230912K(230912K)->0K(222208K) From: 32K(512K)->64K(8192K)
[1139.038s][info][gc,heap        ] GC(2844) ParOldGen: 128848K(175104K)->128856K(175104K)
[1139.038s][info][gc,metaspace   ] GC(2844) Metaspace: 35445K(36224K)->35445K(36224K) NonClass: 29172K(29760K)->29172K(29760K) Class: 6272K(6464K)->6272K(6464K)
[1139.038s][info][gc             ] GC(2844) Pause Young (Allocation Failure) 351M->125M(396M) 1.503ms
[1139.038s][info][gc,cpu         ] GC(2844) User=0.00s Sys=0.00s Real=0.00s
[1139.202s][info][gc,start       ] GC(2845) Pause Young (Allocation Failure)
[1139.204s][info][gc,heap        ] GC(2845) PSYoungGen: 222272K(230400K)->64K(214528K) Eden: 222208K(222208K)->0K(214016K) From: 64K(8192K)->64K(512K)
[1139.204s][info][gc,heap        ] GC(2845) ParOldGen: 128856K(175104K)->128864K(175104K)
[1139.204s][info][gc,metaspace   ] GC(2845) Metaspace: 35445K(36224K)->35445K(36224K) NonClass: 29172K(29760K)->29172K(29760K) Class: 6272K(6464K)->6272K(6464K)
[1139.204s][info][gc             ] GC(2845) Pause Young (Allocation Failure) 342M->125M(380M) 2.153ms
[1139.204s][info][gc,cpu         ] GC(2845) User=0.00s Sys=0.00s Real=0.00s
[1139.867s][info][gc,start       ] GC(2846) Pause Young (Allocation Failure)
[1139.868s][info][gc,heap        ] GC(2846) PSYoungGen: 214080K(214528K)->32K(213504K) Eden: 214016K(214016K)->0K(206336K) From: 64K(512K)->32K(7168K)
[1139.868s][info][gc,heap        ] GC(2846) ParOldGen: 128864K(175104K)->128872K(175104K)
[1139.868s][info][gc,metaspace   ] GC(2846) Metaspace: 35445K(36224K)->35445K(36224K) NonClass: 29172K(29760K)->29172K(29760K) Class: 6272K(6464K)->6272K(6464K)
[1139.868s][info][gc             ] GC(2846) Pause Young (Allocation Failure) 334M->125M(379M) 1.563ms
[1139.868s][info][gc,cpu         ] GC(2846) User=0.00s Sys=0.00s Real=0.00s
[1140.093s][info][gc,start       ] GC(2847) Pause Young (Allocation Failure)
[1140.095s][info][gc,heap        ] GC(2847) PSYoungGen: 206368K(213504K)->64K(199680K) Eden: 206336K(206336K)->0K(199168K) From: 32K(7168K)->64K(512K)
[1140.095s][info][gc,heap        ] GC(2847) ParOldGen: 128872K(175104K)->128880K(175104K)
[1140.095s][info][gc,metaspace   ] GC(2847) Metaspace: 35445K(36224K)->35445K(36224K) NonClass: 29172K(29760K)->29172K(29760K) Class: 6272K(6464K)->6272K(6464K)
[1140.095s][info][gc             ] GC(2847) Pause Young (Allocation Failure) 327M->125M(366M) 2.426ms
[1140.095s][info][gc,cpu         ] GC(2847) User=0.00s Sys=0.00s Real=0.00s
[1140.449s][info][gc,start       ] GC(2848) Pause Young (Allocation Failure)
[1140.490s][info][gc,heap        ] GC(2848) PSYoungGen: 199232K(199680K)->6144K(244224K) Eden: 199168K(199168K)->0K(238080K) From: 64K(512K)->6144K(6144K)
[1140.490s][info][gc,heap        ] GC(2848) ParOldGen: 128880K(175104K)->134272K(175104K)
[1140.490s][info][gc,metaspace   ] GC(2848) Metaspace: 35445K(36224K)->35445K(36224K) NonClass: 29172K(29760K)->29172K(29760K) Class: 6272K(6464K)->6272K(6464K)
[1140.490s][info][gc             ] GC(2848) Pause Young (Allocation Failure) 320M->137M(409M) 40.435ms
[1140.490s][info][gc,cpu         ] GC(2848) User=0.05s Sys=0.00s Real=0.04s
[1140.799s][info][gc,start       ] GC(2849) Pause Young (Allocation Failure)
[1140.851s][info][gc,heap        ] GC(2849) PSYoungGen: 244224K(244224K)->6144K(259584K) Eden: 238080K(238080K)->0K(253440K) From: 6144K(6144K)->6144K(6144K)
[1140.851s][info][gc,heap        ] GC(2849) ParOldGen: 134272K(175104K)->153600K(175104K)
[1140.851s][info][gc,metaspace   ] GC(2849) Metaspace: 35445K(36224K)->35445K(36224K) NonClass: 29172K(29760K)->29172K(29760K) Class: 6272K(6464K)->6272K(6464K)
[1140.851s][info][gc             ] GC(2849) Pause Young (Allocation Failure) 369M->156M(424M) 52.862ms
[1140.852s][info][gc,cpu         ] GC(2849) User=0.10s Sys=0.00s Real=0.06s
[1141.179s][info][gc,start       ] GC(2850) Pause Young (Allocation Failure)
[1141.234s][info][gc,heap        ] GC(2850) PSYoungGen: 259584K(259584K)->17920K(271360K) Eden: 253440K(253440K)->0K(253440K) From: 6144K(6144K)->17920K(17920K)
[1141.234s][info][gc,heap        ] GC(2850) ParOldGen: 153600K(175104K)->163272K(175104K)
[1141.234s][info][gc,metaspace   ] GC(2850) Metaspace: 35445K(36224K)->35445K(36224K) NonClass: 29172K(29760K)->29172K(29760K) Class: 6272K(6464K)->6272K(6464K)
[1141.235s][info][gc             ] GC(2850) Pause Young (Allocation Failure) 403M->176M(436M) 55.952ms
[1141.235s][info][gc,cpu         ] GC(2850) User=0.11s Sys=0.00s Real=0.06s
[1141.359s][info][gc,start       ] GC(2851) Pause Young (Allocation Failure)
[1141.374s][info][gc,heap        ] GC(2851) PSYoungGen: 271360K(271360K)->5280K(310272K) Eden: 253440K(253440K)->0K(285184K) From: 17920K(17920K)->5280K(25088K)
[1141.374s][info][gc,heap        ] GC(2851) ParOldGen: 163272K(175104K)->163608K(175104K)
[1141.374s][info][gc,metaspace   ] GC(2851) Metaspace: 35445K(36224K)->35445K(36224K) NonClass: 29172K(29760K)->29172K(29760K) Class: 6272K(6464K)->6272K(6464K)
[1141.374s][info][gc             ] GC(2851) Pause Young (Allocation Failure) 424M->164M(474M) 15.201ms
[1141.374s][info][gc,cpu         ] GC(2851) User=0.03s Sys=0.01s Real=0.02s
[1141.934s][info][gc,start       ] GC(2852) Pause Young (Allocation Failure)
[1141.935s][info][gc,heap        ] GC(2852) PSYoungGen: 290464K(310272K)->64K(285696K) Eden: 285184K(285184K)->0K(285184K) From: 5280K(25088K)->64K(512K)
[1141.935s][info][gc,heap        ] GC(2852) ParOldGen: 163608K(175104K)->163616K(175104K)
[1141.935s][info][gc,metaspace   ] GC(2852) Metaspace: 35445K(36224K)->35445K(36224K) NonClass: 29172K(29760K)->29172K(29760K) Class: 6272K(6464K)->6272K(6464K)
[1141.936s][info][gc             ] GC(2852) Pause Young (Allocation Failure) 443M->159M(450M) 1.078ms
[1141.936s][info][gc,cpu         ] GC(2852) User=0.00s Sys=0.00s Real=0.00s
[1142.583s][info][gc,start       ] GC(2853) Pause Young (Allocation Failure)
[1142.584s][info][gc,heap        ] GC(2853) PSYoungGen: 285248K(285696K)->64K(309248K) Eden: 285184K(285184K)->0K(286208K) From: 64K(512K)->64K(23040K)
[1142.584s][info][gc,heap        ] GC(2853) ParOldGen: 163616K(175104K)->163624K(175104K)
[1142.584s][info][gc,metaspace   ] GC(2853) Metaspace: 35445K(36224K)->35445K(36224K) NonClass: 29172K(29760K)->29172K(29760K) Class: 6272K(6464K)->6272K(6464K)
[1142.584s][info][gc             ] GC(2853) Pause Young (Allocation Failure) 438M->159M(473M) 1.339ms
[1142.584s][info][gc,cpu         ] GC(2853) User=0.00s Sys=0.00s Real=0.00s
[1143.074s][info][gc,start       ] GC(2854) Pause Young (Allocation Failure)
[1143.075s][info][gc,heap        ] GC(2854) PSYoungGen: 286272K(309248K)->64K(308224K) Eden: 286208K(286208K)->0K(286208K) From: 64K(23040K)->64K(22016K)
[1143.075s][info][gc,heap        ] GC(2854) ParOldGen: 163624K(175104K)->163640K(175104K)
[1143.075s][info][gc,metaspace   ] GC(2854) Metaspace: 35445K(36224K)->35445K(36224K) NonClass: 29172K(29760K)->29172K(29760K) Class: 6272K(6464K)->6272K(6464K)
[1143.075s][info][gc             ] GC(2854) Pause Young (Allocation Failure) 439M->159M(472M) 1.050ms
[1143.075s][info][gc,cpu         ] GC(2854) User=0.00s Sys=0.00s Real=0.00s
[1143.322s][info][gc,start       ] GC(2855) Pause Young (Allocation Failure)
[1143.323s][info][gc,heap        ] GC(2855) PSYoungGen: 286272K(308224K)->32K(310784K) Eden: 286208K(286208K)->0K(289792K) From: 64K(22016K)->32K(20992K)
[1143.323s][info][gc,heap        ] GC(2855) ParOldGen: 163640K(175104K)->163656K(175104K)
[1143.323s][info][gc,metaspace   ] GC(2855) Metaspace: 35445K(36224K)->35445K(36224K) NonClass: 29172K(29760K)->29172K(29760K) Class: 6272K(6464K)->6272K(6464K)
[1143.323s][info][gc             ] GC(2855) Pause Young (Allocation Failure) 439M->159M(474M) 1.067ms
[1143.323s][info][gc,cpu         ] GC(2855) User=0.00s Sys=0.00s Real=0.00s
[1143.576s][info][gc,start       ] GC(2856) Pause Young (Allocation Failure)
[1143.576s][info][gc,heap        ] GC(2856) PSYoungGen: 289824K(310784K)->64K(310272K) Eden: 289792K(289792K)->0K(289792K) From: 32K(20992K)->64K(20480K)
[1143.577s][info][gc,heap        ] GC(2856) ParOldGen: 163656K(175104K)->163656K(175104K)
[1143.577s][info][gc,metaspace   ] GC(2856) Metaspace: 35445K(36224K)->35445K(36224K) NonClass: 29172K(29760K)->29172K(29760K) Class: 6272K(6464K)->6272K(6464K)
[1143.577s][info][gc             ] GC(2856) Pause Young (Allocation Failure) 442M->159M(474M) 0.991ms
[1143.577s][info][gc,cpu         ] GC(2856) User=0.00s Sys=0.00s Real=0.00s
[1143.997s][info][gc,start       ] GC(2857) Pause Young (Allocation Failure)
[1143.998s][info][gc,heap        ] GC(2857) PSYoungGen: 289856K(310272K)->64K(312320K) Eden: 289792K(289792K)->0K(293376K) From: 64K(20480K)->64K(18944K)
[1143.998s][info][gc,heap        ] GC(2857) ParOldGen: 163656K(175104K)->163656K(175104K)
[1143.998s][info][gc,metaspace   ] GC(2857) Metaspace: 35445K(36224K)->35445K(36224K) NonClass: 29172K(29760K)->29172K(29760K) Class: 6272K(6464K)->6272K(6464K)
[1143.998s][info][gc             ] GC(2857) Pause Young (Allocation Failure) 442M->159M(476M) 1.067ms
[1143.998s][info][gc,cpu         ] GC(2857) User=0.00s Sys=0.00s Real=0.00s
[1144.093s][info][gc,start       ] GC(2858) Pause Young (Allocation Failure)
[1144.094s][info][gc,heap        ] GC(2858) PSYoungGen: 293440K(312320K)->64K(311808K) Eden: 293376K(293376K)->0K(293376K) From: 64K(18944K)->64K(18432K)
[1144.094s][info][gc,heap        ] GC(2858) ParOldGen: 163656K(175104K)->163664K(175104K)
[1144.094s][info][gc,metaspace   ] GC(2858) Metaspace: 35445K(36224K)->35445K(36224K) NonClass: 29172K(29760K)->29172K(29760K) Class: 6272K(6464K)->6272K(6464K)
[1144.094s][info][gc             ] GC(2858) Pause Young (Allocation Failure) 446M->159M(475M) 0.996ms
[1144.094s][info][gc,cpu         ] GC(2858) User=0.01s Sys=0.00s Real=0.00s
[1144.151s][info][gc,start       ] GC(2859) Pause Young (Allocation Failure)
[1144.152s][info][gc,heap        ] GC(2859) PSYoungGen: 293440K(311808K)->64K(314368K) Eden: 293376K(293376K)->0K(296960K) From: 64K(18432K)->64K(17408K)
[1144.152s][info][gc,heap        ] GC(2859) ParOldGen: 163664K(175104K)->163680K(175104K)
[1144.152s][info][gc,metaspace   ] GC(2859) Metaspace: 35445K(36224K)->35445K(36224K) NonClass: 29172K(29760K)->29172K(29760K) Class: 6272K(6464K)->6272K(6464K)
[1144.152s][info][gc             ] GC(2859) Pause Young (Allocation Failure) 446M->159M(478M) 1.088ms
[1144.152s][info][gc,cpu         ] GC(2859) User=0.00s Sys=0.00s Real=0.00s
[1144.336s][info][gc,start       ] GC(2860) Pause Young (Allocation Failure)
[1144.337s][info][gc,heap        ] GC(2860) PSYoungGen: 297024K(314368K)->64K(313856K) Eden: 296960K(296960K)->0K(296960K) From: 64K(17408K)->64K(16896K)
[1144.337s][info][gc,heap        ] GC(2860) ParOldGen: 163680K(175104K)->163680K(175104K)
[1144.337s][info][gc,metaspace   ] GC(2860) Metaspace: 35445K(36224K)->35445K(36224K) NonClass: 29172K(29760K)->29172K(29760K) Class: 6272K(6464K)->6272K(6464K)
[1144.337s][info][gc             ] GC(2860) Pause Young (Allocation Failure) 449M->159M(477M) 1.108ms
[1144.337s][info][gc,cpu         ] GC(2860) User=0.00s Sys=0.00s Real=0.00s
[1144.584s][info][gc,start       ] GC(2861) Pause Young (Allocation Failure)
[1144.585s][info][gc,heap        ] GC(2861) PSYoungGen: 297024K(313856K)->64K(315904K) Eden: 296960K(296960K)->0K(300544K) From: 64K(16896K)->64K(15360K)
[1144.585s][info][gc,heap        ] GC(2861) ParOldGen: 163680K(175104K)->163688K(175104K)
[1144.585s][info][gc,metaspace   ] GC(2861) Metaspace: 35445K(36224K)->35445K(36224K) NonClass: 29172K(29760K)->29172K(29760K) Class: 6272K(6464K)->6272K(6464K)
[1144.585s][info][gc             ] GC(2861) Pause Young (Allocation Failure) 449M->159M(479M) 1.043ms
[1144.585s][info][gc,cpu         ] GC(2861) User=0.00s Sys=0.00s Real=0.00s
[1144.740s][info][gc,start       ] GC(2862) Pause Young (Allocation Failure)
[1144.741s][info][gc,heap        ] GC(2862) PSYoungGen: 300608K(315904K)->64K(315392K) Eden: 300544K(300544K)->0K(300544K) From: 64K(15360K)->64K(14848K)
[1144.741s][info][gc,heap        ] GC(2862) ParOldGen: 163688K(175104K)->163696K(175104K)
[1144.741s][info][gc,metaspace   ] GC(2862) Metaspace: 35445K(36224K)->35445K(36224K) NonClass: 29172K(29760K)->29172K(29760K) Class: 6272K(6464K)->6272K(6464K)
[1144.741s][info][gc             ] GC(2862) Pause Young (Allocation Failure) 453M->159M(479M) 1.037ms
[1144.741s][info][gc,cpu         ] GC(2862) User=0.00s Sys=0.00s Real=0.01s
[1144.829s][info][gc,start       ] GC(2863) Pause Young (Allocation Failure)
[1144.830s][info][gc,heap        ] GC(2863) PSYoungGen: 300608K(315392K)->64K(317952K) Eden: 300544K(300544K)->0K(304128K) From: 64K(14848K)->64K(13824K)
[1144.830s][info][gc,heap        ] GC(2863) ParOldGen: 163696K(175104K)->163704K(175104K)
[1144.830s][info][gc,metaspace   ] GC(2863) Metaspace: 35445K(36224K)->35445K(36224K) NonClass: 29172K(29760K)->29172K(29760K) Class: 6272K(6464K)->6272K(6464K)
[1144.830s][info][gc             ] GC(2863) Pause Young (Allocation Failure) 453M->159M(481M) 1.009ms
[1144.830s][info][gc,cpu         ] GC(2863) User=0.00s Sys=0.00s Real=0.00s
[1145.021s][info][gc,start       ] GC(2864) Pause Young (Allocation Failure)
[1145.022s][info][gc,heap        ] GC(2864) PSYoungGen: 304192K(317952K)->64K(292352K) Eden: 304128K(304128K)->0K(291840K) From: 64K(13824K)->64K(512K)
[1145.022s][info][gc,heap        ] GC(2864) ParOldGen: 163704K(175104K)->163712K(175104K)
[1145.022s][info][gc,metaspace   ] GC(2864) Metaspace: 35445K(36224K)->35445K(36224K) NonClass: 29172K(29760K)->29172K(29760K) Class: 6272K(6464K)->6272K(6464K)
[1145.022s][info][gc             ] GC(2864) Pause Young (Allocation Failure) 456M->159M(456M) 1.018ms
[1145.022s][info][gc,cpu         ] GC(2864) User=0.00s Sys=0.00s Real=0.00s
[1146.103s][info][gc,start       ] GC(2865) Pause Young (Allocation Failure)
[1146.105s][info][gc,heap        ] GC(2865) PSYoungGen: 291904K(292352K)->64K(281088K) Eden: 291840K(291840K)->0K(280576K) From: 64K(512K)->64K(512K)
[1146.105s][info][gc,heap        ] GC(2865) ParOldGen: 163712K(175104K)->163720K(175104K)
[1146.105s][info][gc,metaspace   ] GC(2865) Metaspace: 35445K(36224K)->35445K(36224K) NonClass: 29172K(29760K)->29172K(29760K) Class: 6272K(6464K)->6272K(6464K)
[1146.105s][info][gc             ] GC(2865) Pause Young (Allocation Failure) 444M->159M(445M) 1.832ms
[1146.105s][info][gc,cpu         ] GC(2865) User=0.00s Sys=0.01s Real=0.00s
[1147.090s][info][gc,start       ] GC(2866) Pause Young (Allocation Failure)
[1147.091s][info][gc,heap        ] GC(2866) PSYoungGen: 280640K(281088K)->64K(281600K) Eden: 280576K(280576K)->0K(269824K) From: 64K(512K)->64K(11776K)
[1147.092s][info][gc,heap        ] GC(2866) ParOldGen: 163720K(175104K)->163728K(175104K)
[1147.092s][info][gc,metaspace   ] GC(2866) Metaspace: 35445K(36224K)->35445K(36224K) NonClass: 29172K(29760K)->29172K(29760K) Class: 6272K(6464K)->6272K(6464K)
[1147.092s][info][gc             ] GC(2866) Pause Young (Allocation Failure) 433M->159M(446M) 1.178ms
[1147.092s][info][gc,cpu         ] GC(2866) User=0.00s Sys=0.00s Real=0.01s
[1147.404s][info][gc,start       ] GC(2867) Pause Young (Allocation Failure)
[1147.406s][info][gc,heap        ] GC(2867) PSYoungGen: 269888K(281600K)->64K(260096K) Eden: 269824K(269824K)->0K(259584K) From: 64K(11776K)->64K(512K)
[1147.406s][info][gc,heap        ] GC(2867) ParOldGen: 163728K(175104K)->163744K(175104K)
[1147.406s][info][gc,metaspace   ] GC(2867) Metaspace: 35445K(36224K)->35445K(36224K) NonClass: 29172K(29760K)->29172K(29760K) Class: 6272K(6464K)->6272K(6464K)
[1147.406s][info][gc             ] GC(2867) Pause Young (Allocation Failure) 423M->159M(425M) 2.023ms
[1147.406s][info][gc,cpu         ] GC(2867) User=0.00s Sys=0.00s Real=0.00s
[1147.867s][info][gc,start       ] GC(2868) Pause Young (Allocation Failure)
[1147.868s][info][gc,heap        ] GC(2868) PSYoungGen: 259648K(260096K)->64K(260096K) Eden: 259584K(259584K)->0K(249856K) From: 64K(512K)->64K(10240K)
[1147.869s][info][gc,heap        ] GC(2868) ParOldGen: 163744K(175104K)->163752K(175104K)
[1147.869s][info][gc,metaspace   ] GC(2868) Metaspace: 35445K(36224K)->35445K(36224K) NonClass: 29172K(29760K)->29172K(29760K) Class: 6272K(6464K)->6272K(6464K)
[1147.869s][info][gc             ] GC(2868) Pause Young (Allocation Failure) 413M->159M(425M) 1.678ms
[1147.869s][info][gc,cpu         ] GC(2868) User=0.00s Sys=0.00s Real=0.00s
[1148.968s][info][gc,start       ] GC(2869) Pause Young (Allocation Failure)
[1148.972s][info][gc,heap        ] GC(2869) PSYoungGen: 249920K(260096K)->64K(241152K) Eden: 249856K(249856K)->0K(240640K) From: 64K(10240K)->64K(512K)
[1148.972s][info][gc,heap        ] GC(2869) ParOldGen: 163752K(175104K)->163760K(175104K)
[1148.972s][info][gc,metaspace   ] GC(2869) Metaspace: 35445K(36224K)->35445K(36224K) NonClass: 29172K(29760K)->29172K(29760K) Class: 6272K(6464K)->6272K(6464K)
[1148.972s][info][gc             ] GC(2869) Pause Young (Allocation Failure) 403M->159M(406M) 3.899ms
[1148.972s][info][gc,cpu         ] GC(2869) User=0.00s Sys=0.00s Real=0.01s
[1149.458s][info][gc,start       ] GC(2870) Pause Young (Allocation Failure)
[1149.460s][info][gc,heap        ] GC(2870) PSYoungGen: 240704K(241152K)->64K(240128K) Eden: 240640K(240640K)->0K(231424K) From: 64K(512K)->64K(8704K)
[1149.460s][info][gc,heap        ] GC(2870) ParOldGen: 163760K(175104K)->163768K(175104K)
[1149.460s][info][gc,metaspace   ] GC(2870) Metaspace: 35445K(36224K)->35445K(36224K) NonClass: 29172K(29760K)->29172K(29760K) Class: 6272K(6464K)->6272K(6464K)
[1149.460s][info][gc             ] GC(2870) Pause Young (Allocation Failure) 394M->159M(405M) 2.334ms
[1149.460s][info][gc,cpu         ] GC(2870) User=0.01s Sys=0.00s Real=0.00s
[1149.664s][info][gc,start       ] GC(2871) Pause Young (Allocation Failure)
[1149.668s][info][gc,heap        ] GC(2871) PSYoungGen: 231488K(240128K)->64K(223232K) Eden: 231424K(231424K)->0K(222720K) From: 64K(8704K)->64K(512K)
[1149.668s][info][gc,heap        ] GC(2871) ParOldGen: 163768K(175104K)->163776K(175104K)
[1149.668s][info][gc,metaspace   ] GC(2871) Metaspace: 35445K(36224K)->35445K(36224K) NonClass: 29172K(29760K)->29172K(29760K) Class: 6272K(6464K)->6272K(6464K)
[1149.668s][info][gc             ] GC(2871) Pause Young (Allocation Failure) 385M->160M(389M) 4.092ms
[1149.668s][info][gc,cpu         ] GC(2871) User=0.00s Sys=0.00s Real=0.00s
[1149.759s][info][gc,start       ] GC(2872) Pause Young (Allocation Failure)
[1149.760s][info][gc,heap        ] GC(2872) PSYoungGen: 222784K(223232K)->64K(222208K) Eden: 222720K(222720K)->0K(214528K) From: 64K(512K)->64K(7680K)
[1149.760s][info][gc,heap        ] GC(2872) ParOldGen: 163776K(175104K)->163784K(175104K)
[1149.760s][info][gc,metaspace   ] GC(2872) Metaspace: 35445K(36224K)->35445K(36224K) NonClass: 29172K(29760K)->29172K(29760K) Class: 6272K(6464K)->6272K(6464K)
[1149.760s][info][gc             ] GC(2872) Pause Young (Allocation Failure) 377M->160M(388M) 1.307ms
[1149.760s][info][gc,cpu         ] GC(2872) User=0.00s Sys=0.00s Real=0.00s
[1150.336s][info][gc,start       ] GC(2873) Pause Young (Allocation Failure)
[1150.339s][info][gc,heap        ] GC(2873) PSYoungGen: 214592K(222208K)->64K(207360K) Eden: 214528K(214528K)->0K(206848K) From: 64K(7680K)->64K(512K)
[1150.339s][info][gc,heap        ] GC(2873) ParOldGen: 163784K(175104K)->163800K(175104K)
[1150.339s][info][gc,metaspace   ] GC(2873) Metaspace: 35445K(36224K)->35445K(36224K) NonClass: 29172K(29760K)->29172K(29760K) Class: 6272K(6464K)->6272K(6464K)
[1150.339s][info][gc             ] GC(2873) Pause Young (Allocation Failure) 369M->160M(373M) 3.169ms
[1150.339s][info][gc,cpu         ] GC(2873) User=0.00s Sys=0.00s Real=0.00s
[1150.608s][info][gc,start       ] GC(2874) Pause Young (Allocation Failure)
[1150.610s][info][gc,heap        ] GC(2874) PSYoungGen: 206912K(207360K)->64K(206336K) Eden: 206848K(206848K)->0K(199680K) From: 64K(512K)->64K(6656K)
[1150.610s][info][gc,heap        ] GC(2874) ParOldGen: 163800K(175104K)->163816K(175104K)
[1150.610s][info][gc,metaspace   ] GC(2874) Metaspace: 35445K(36224K)->35445K(36224K) NonClass: 29172K(29760K)->29172K(29760K) Class: 6272K(6464K)->6272K(6464K)
[1150.610s][info][gc             ] GC(2874) Pause Young (Allocation Failure) 362M->160M(372M) 2.356ms
[1150.610s][info][gc,cpu         ] GC(2874) User=0.01s Sys=0.00s Real=0.00s
[1151.019s][info][gc,start       ] GC(2875) Pause Young (Allocation Failure)
[1151.045s][info][gc,heap        ] GC(2875) PSYoungGen: 199744K(206336K)->5600K(243712K) Eden: 199680K(199680K)->0K(238080K) From: 64K(6656K)->5600K(5632K)
[1151.045s][info][gc,heap        ] GC(2875) ParOldGen: 163816K(175104K)->163824K(175104K)
[1151.045s][info][gc,metaspace   ] GC(2875) Metaspace: 35445K(36224K)->35445K(36224K) NonClass: 29172K(29760K)->29172K(29760K) Class: 6272K(6464K)->6272K(6464K)
[1151.045s][info][gc             ] GC(2875) Pause Young (Allocation Failure) 355M->165M(409M) 26.100ms
[1151.045s][info][gc,cpu         ] GC(2875) User=0.03s Sys=0.00s Real=0.03s
[1151.448s][info][gc,start       ] GC(2876) Pause Young (Allocation Failure)
[1151.517s][info][gc,heap        ] GC(2876) PSYoungGen: 243680K(243712K)->7680K(264192K) Eden: 238080K(238080K)->0K(256512K) From: 5600K(5632K)->7680K(7680K)
[1151.517s][info][gc,heap        ] GC(2876) ParOldGen: 163824K(175104K)->181416K(181760K)
[1151.517s][info][gc,metaspace   ] GC(2876) Metaspace: 35445K(36224K)->35445K(36224K) NonClass: 29172K(29760K)->29172K(29760K) Class: 6272K(6464K)->6272K(6464K)
[1151.517s][info][gc             ] GC(2876) Pause Young (Allocation Failure) 397M->184M(435M) 69.227ms
[1151.517s][info][gc,cpu         ] GC(2876) User=0.09s Sys=0.01s Real=0.07s
[1151.953s][info][gc,start       ] GC(2877) Pause Young (Allocation Failure)
[1152.026s][info][gc,heap        ] GC(2877) PSYoungGen: 264192K(264192K)->15872K(293376K) Eden: 256512K(256512K)->0K(277504K) From: 7680K(7680K)->15872K(15872K)
[1152.026s][info][gc,heap        ] GC(2877) ParOldGen: 181416K(181760K)->193408K(193536K)
[1152.026s][info][gc,metaspace   ] GC(2877) Metaspace: 35445K(36224K)->35445K(36224K) NonClass: 29172K(29760K)->29172K(29760K) Class: 6272K(6464K)->6272K(6464K)
[1152.026s][info][gc             ] GC(2877) Pause Young (Allocation Failure) 435M->204M(475M) 72.422ms
[1152.026s][info][gc,cpu         ] GC(2877) User=0.11s Sys=0.03s Real=0.07s
[1152.273s][info][gc,start       ] GC(2878) Pause Young (Allocation Failure)
[1152.304s][info][gc,heap        ] GC(2878) PSYoungGen: 293376K(293376K)->10944K(301056K) Eden: 277504K(277504K)->0K(277504K) From: 15872K(15872K)->10944K(23552K)
[1152.304s][info][gc,heap        ] GC(2878) ParOldGen: 193408K(193536K)->193840K(194048K)
[1152.304s][info][gc,metaspace   ] GC(2878) Metaspace: 35445K(36224K)->35445K(36224K) NonClass: 29172K(29760K)->29172K(29760K) Class: 6272K(6464K)->6272K(6464K)
[1152.304s][info][gc             ] GC(2878) Pause Young (Allocation Failure) 475M->199M(483M) 31.090ms
[1152.304s][info][gc,cpu         ] GC(2878) User=0.06s Sys=0.00s Real=0.03s
[1152.872s][info][gc,start       ] GC(2879) Pause Young (Allocation Failure)
[1152.873s][info][gc,heap        ] GC(2879) PSYoungGen: 288448K(301056K)->64K(309248K) Eden: 277504K(277504K)->0K(286720K) From: 10944K(23552K)->64K(22528K)
[1152.873s][info][gc,heap        ] GC(2879) ParOldGen: 193840K(194048K)->193848K(194048K)
[1152.873s][info][gc,metaspace   ] GC(2879) Metaspace: 35445K(36224K)->35445K(36224K) NonClass: 29172K(29760K)->29172K(29760K) Class: 6272K(6464K)->6272K(6464K)
[1152.873s][info][gc             ] GC(2879) Pause Young (Allocation Failure) 470M->189M(491M) 1.148ms
[1152.873s][info][gc,cpu         ] GC(2879) User=0.00s Sys=0.00s Real=0.00s
[1153.584s][info][gc,start       ] GC(2880) Pause Young (Allocation Failure)
[1153.586s][info][gc,heap        ] GC(2880) PSYoungGen: 286784K(309248K)->64K(309760K) Eden: 286720K(286720K)->0K(286720K) From: 64K(22528K)->64K(23040K)
[1153.586s][info][gc,heap        ] GC(2880) ParOldGen: 193848K(194048K)->193864K(194048K)
[1153.586s][info][gc,metaspace   ] GC(2880) Metaspace: 35445K(36224K)->35445K(36224K) NonClass: 29172K(29760K)->29172K(29760K) Class: 6272K(6464K)->6272K(6464K)
[1153.586s][info][gc             ] GC(2880) Pause Young (Allocation Failure) 469M->189M(492M) 1.445ms
[1153.586s][info][gc,cpu         ] GC(2880) User=0.01s Sys=0.01s Real=0.00s
[1154.107s][info][gc,start       ] GC(2881) Pause Young (Allocation Failure)
[1154.109s][info][gc,heap        ] GC(2881) PSYoungGen: 286784K(309760K)->64K(308736K) Eden: 286720K(286720K)->0K(288256K) From: 64K(23040K)->64K(20480K)
[1154.109s][info][gc,heap        ] GC(2881) ParOldGen: 193864K(194048K)->193880K(194048K)
[1154.109s][info][gc,metaspace   ] GC(2881) Metaspace: 35445K(36224K)->35445K(36224K) NonClass: 29172K(29760K)->29172K(29760K) Class: 6272K(6464K)->6272K(6464K)
[1154.109s][info][gc             ] GC(2881) Pause Young (Allocation Failure) 469M->189M(491M) 1.681ms
[1154.109s][info][gc,cpu         ] GC(2881) User=0.01s Sys=0.00s Real=0.00s
[1154.362s][info][gc,start       ] GC(2882) Pause Young (Allocation Failure)
[1154.363s][info][gc,heap        ] GC(2882) PSYoungGen: 288320K(308736K)->32K(309760K) Eden: 288256K(288256K)->0K(288256K) From: 64K(20480K)->32K(21504K)
[1154.364s][info][gc,heap        ] GC(2882) ParOldGen: 193880K(194048K)->193896K(194048K)
[1154.364s][info][gc,metaspace   ] GC(2882) Metaspace: 35445K(36224K)->35445K(36224K) NonClass: 29172K(29760K)->29172K(29760K) Class: 6272K(6464K)->6272K(6464K)
[1154.364s][info][gc             ] GC(2882) Pause Young (Allocation Failure) 470M->189M(492M) 1.583ms
[1154.364s][info][gc,cpu         ] GC(2882) User=0.00s Sys=0.00s Real=0.00s
[1154.622s][info][gc,start       ] GC(2883) Pause Young (Allocation Failure)
[1154.623s][info][gc,heap        ] GC(2883) PSYoungGen: 288288K(309760K)->32K(311296K) Eden: 288256K(288256K)->0K(291840K) From: 32K(21504K)->32K(19456K)
[1154.623s][info][gc,heap        ] GC(2883) ParOldGen: 193896K(194048K)->193896K(194048K)
[1154.623s][info][gc,metaspace   ] GC(2883) Metaspace: 35445K(36224K)->35445K(36224K) NonClass: 29172K(29760K)->29172K(29760K) Class: 6272K(6464K)->6272K(6464K)
[1154.623s][info][gc             ] GC(2883) Pause Young (Allocation Failure) 470M->189M(493M) 1.546ms
[1154.623s][info][gc,cpu         ] GC(2883) User=0.01s Sys=0.00s Real=0.00s
[1155.097s][info][gc,start       ] GC(2884) Pause Young (Allocation Failure)
[1155.098s][info][gc,heap        ] GC(2884) PSYoungGen: 291872K(311296K)->64K(311808K) Eden: 291840K(291840K)->0K(291840K) From: 32K(19456K)->64K(19968K)
[1155.098s][info][gc,heap        ] GC(2884) ParOldGen: 193896K(194048K)->193896K(194048K)
[1155.098s][info][gc,metaspace   ] GC(2884) Metaspace: 35445K(36224K)->35445K(36224K) NonClass: 29172K(29760K)->29172K(29760K) Class: 6272K(6464K)->6272K(6464K)
[1155.098s][info][gc             ] GC(2884) Pause Young (Allocation Failure) 474M->189M(494M) 1.139ms
[1155.098s][info][gc,cpu         ] GC(2884) User=0.01s Sys=0.00s Real=0.00s
[1155.218s][info][gc,start       ] GC(2885) Pause Young (Allocation Failure)
[1155.220s][info][gc,heap        ] GC(2885) PSYoungGen: 291904K(311808K)->64K(312320K) Eden: 291840K(291840K)->0K(294912K) From: 64K(19968K)->64K(17408K)
[1155.220s][info][gc,heap        ] GC(2885) ParOldGen: 193896K(194048K)->193912K(194048K)
[1155.220s][info][gc,metaspace   ] GC(2885) Metaspace: 35445K(36224K)->35445K(36224K) NonClass: 29172K(29760K)->29172K(29760K) Class: 6272K(6464K)->6272K(6464K)
[1155.220s][info][gc             ] GC(2885) Pause Young (Allocation Failure) 474M->189M(494M) 1.502ms
[1155.220s][info][gc,cpu         ] GC(2885) User=0.00s Sys=0.00s Real=0.00s
[1155.280s][info][gc,start       ] GC(2886) Pause Young (Allocation Failure)
[1155.281s][info][gc,heap        ] GC(2886) PSYoungGen: 294976K(312320K)->64K(312832K) Eden: 294912K(294912K)->0K(294912K) From: 64K(17408K)->64K(17920K)
[1155.281s][info][gc,heap        ] GC(2886) ParOldGen: 193912K(194048K)->193928K(194048K)
[1155.281s][info][gc,metaspace   ] GC(2886) Metaspace: 35445K(36224K)->35445K(36224K) NonClass: 29172K(29760K)->29172K(29760K) Class: 6272K(6464K)->6272K(6464K)
[1155.281s][info][gc             ] GC(2886) Pause Young (Allocation Failure) 477M->189M(495M) 1.192ms
[1155.281s][info][gc,cpu         ] GC(2886) User=0.00s Sys=0.00s Real=0.01s
[1155.437s][info][gc,start       ] GC(2887) Pause Young (Allocation Failure)
[1155.438s][info][gc,heap        ] GC(2887) PSYoungGen: 294976K(312832K)->64K(314368K) Eden: 294912K(294912K)->0K(299008K) From: 64K(17920K)->64K(15360K)
[1155.438s][info][gc,heap        ] GC(2887) ParOldGen: 193928K(194048K)->193928K(194048K)
[1155.438s][info][gc,metaspace   ] GC(2887) Metaspace: 35445K(36224K)->35445K(36224K) NonClass: 29172K(29760K)->29172K(29760K) Class: 6272K(6464K)->6272K(6464K)
[1155.438s][info][gc             ] GC(2887) Pause Young (Allocation Failure) 477M->189M(496M) 1.343ms
[1155.438s][info][gc,cpu         ] GC(2887) User=0.00s Sys=0.00s Real=0.00s
[1155.728s][info][gc,start       ] GC(2888) Pause Young (Allocation Failure)
[1155.729s][info][gc,heap        ] GC(2888) PSYoungGen: 299072K(314368K)->64K(314880K) Eden: 299008K(299008K)->0K(299008K) From: 64K(15360K)->64K(15872K)
[1155.729s][info][gc,heap        ] GC(2888) ParOldGen: 193928K(194048K)->193936K(194048K)
[1155.729s][info][gc,metaspace   ] GC(2888) Metaspace: 35445K(36224K)->35445K(36224K) NonClass: 29172K(29760K)->29172K(29760K) Class: 6272K(6464K)->6272K(6464K)
[1155.729s][info][gc             ] GC(2888) Pause Young (Allocation Failure) 481M->189M(497M) 1.183ms
[1155.729s][info][gc,cpu         ] GC(2888) User=0.00s Sys=0.00s Real=0.00s
[1155.900s][info][gc,start       ] GC(2889) Pause Young (Allocation Failure)
[1155.901s][info][gc,heap        ] GC(2889) PSYoungGen: 299072K(314880K)->64K(315904K) Eden: 299008K(299008K)->0K(302592K) From: 64K(15872K)->64K(13312K)
[1155.901s][info][gc,heap        ] GC(2889) ParOldGen: 193936K(194048K)->193944K(194048K)
[1155.901s][info][gc,metaspace   ] GC(2889) Metaspace: 35445K(36224K)->35445K(36224K) NonClass: 29172K(29760K)->29172K(29760K) Class: 6272K(6464K)->6272K(6464K)
[1155.901s][info][gc             ] GC(2889) Pause Young (Allocation Failure) 481M->189M(498M) 1.191ms
[1155.901s][info][gc,cpu         ] GC(2889) User=0.00s Sys=0.00s Real=0.01s
[1155.994s][info][gc,start       ] GC(2890) Pause Young (Allocation Failure)
[1155.995s][info][gc,heap        ] GC(2890) PSYoungGen: 302656K(315904K)->64K(316928K) Eden: 302592K(302592K)->0K(302592K) From: 64K(13312K)->64K(14336K)
[1155.995s][info][gc,heap        ] GC(2890) ParOldGen: 193944K(194048K)->193960K(194048K)
[1155.995s][info][gc,metaspace   ] GC(2890) Metaspace: 35445K(36224K)->35445K(36224K) NonClass: 29172K(29760K)->29172K(29760K) Class: 6272K(6464K)->6272K(6464K)
[1155.995s][info][gc             ] GC(2890) Pause Young (Allocation Failure) 484M->189M(499M) 1.169ms
[1155.995s][info][gc,cpu         ] GC(2890) User=0.00s Sys=0.00s Real=0.00s
[1156.185s][info][gc,start       ] GC(2891) Pause Young (Allocation Failure)
[1156.186s][info][gc,heap        ] GC(2891) PSYoungGen: 302656K(316928K)->64K(291328K) Eden: 302592K(302592K)->0K(290816K) From: 64K(14336K)->64K(512K)
[1156.186s][info][gc,heap        ] GC(2891) ParOldGen: 193960K(194048K)->193960K(194048K)
[1156.186s][info][gc,metaspace   ] GC(2891) Metaspace: 35445K(36224K)->35445K(36224K) NonClass: 29172K(29760K)->29172K(29760K) Class: 6272K(6464K)->6272K(6464K)
[1156.186s][info][gc             ] GC(2891) Pause Young (Allocation Failure) 484M->189M(474M) 1.124ms
[1156.186s][info][gc,cpu         ] GC(2891) User=0.00s Sys=0.00s Real=0.00s
[1157.323s][info][gc,start       ] GC(2892) Pause Young (Allocation Failure)
[1157.324s][info][gc,heap        ] GC(2892) PSYoungGen: 290880K(291328K)->64K(292352K) Eden: 290816K(290816K)->0K(279552K) From: 64K(512K)->64K(12800K)
[1157.324s][info][gc,heap        ] GC(2892) ParOldGen: 193960K(194048K)->193968K(194048K)
[1157.324s][info][gc,metaspace   ] GC(2892) Metaspace: 35445K(36224K)->35445K(36224K) NonClass: 29172K(29760K)->29172K(29760K) Class: 6272K(6464K)->6272K(6464K)
[1157.324s][info][gc             ] GC(2892) Pause Young (Allocation Failure) 473M->189M(475M) 1.069ms
[1157.324s][info][gc,cpu         ] GC(2892) User=0.00s Sys=0.00s Real=0.00s
[1158.369s][info][gc,start       ] GC(2893) Pause Young (Allocation Failure)
[1158.370s][info][gc,heap        ] GC(2893) PSYoungGen: 279616K(292352K)->64K(269312K) Eden: 279552K(279552K)->0K(268800K) From: 64K(12800K)->64K(512K)
[1158.370s][info][gc,heap        ] GC(2893) ParOldGen: 193968K(194048K)->193976K(194048K)
[1158.370s][info][gc,metaspace   ] GC(2893) Metaspace: 35445K(36224K)->35445K(36224K) NonClass: 29172K(29760K)->29172K(29760K) Class: 6272K(6464K)->6272K(6464K)
[1158.370s][info][gc             ] GC(2893) Pause Young (Allocation Failure) 462M->189M(452M) 1.893ms
[1158.370s][info][gc,cpu         ] GC(2893) User=0.00s Sys=0.00s Real=0.00s
[1158.583s][info][gc,start       ] GC(2894) Pause Young (Allocation Failure)
[1158.584s][info][gc,heap        ] GC(2894) PSYoungGen: 268864K(269312K)->64K(269824K) Eden: 268800K(268800K)->0K(258560K) From: 64K(512K)->64K(11264K)
[1158.584s][info][gc,heap        ] GC(2894) ParOldGen: 193976K(194048K)->193984K(194048K)
[1158.584s][info][gc,metaspace   ] GC(2894) Metaspace: 35445K(36224K)->35445K(36224K) NonClass: 29172K(29760K)->29172K(29760K) Class: 6272K(6464K)->6272K(6464K)
[1158.584s][info][gc             ] GC(2894) Pause Young (Allocation Failure) 451M->189M(453M) 1.065ms
[1158.584s][info][gc,cpu         ] GC(2894) User=0.00s Sys=0.00s Real=0.00s
[1159.088s][info][gc,start       ] GC(2895) Pause Young (Allocation Failure)
[1159.090s][info][gc,heap        ] GC(2895) PSYoungGen: 258624K(269824K)->64K(249344K) Eden: 258560K(258560K)->0K(248832K) From: 64K(11264K)->64K(512K)
[1159.090s][info][gc,heap        ] GC(2895) ParOldGen: 193984K(194048K)->193992K(194048K)
[1159.090s][info][gc,metaspace   ] GC(2895) Metaspace: 35445K(36224K)->35445K(36224K) NonClass: 29172K(29760K)->29172K(29760K) Class: 6272K(6464K)->6272K(6464K)
[1159.090s][info][gc             ] GC(2895) Pause Young (Allocation Failure) 442M->189M(433M) 2.015ms
[1159.090s][info][gc,cpu         ] GC(2895) User=0.00s Sys=0.00s Real=0.00s
[1160.236s][info][gc,start       ] GC(2896) Pause Young (Allocation Failure)
[1160.237s][info][gc,heap        ] GC(2896) PSYoungGen: 248896K(249344K)->64K(249344K) Eden: 248832K(248832K)->0K(239616K) From: 64K(512K)->64K(9728K)
[1160.238s][info][gc,heap        ] GC(2896) ParOldGen: 193992K(194048K)->194000K(194048K)
[1160.238s][info][gc,metaspace   ] GC(2896) Metaspace: 35445K(36224K)->35445K(36224K) NonClass: 29172K(29760K)->29172K(29760K) Class: 6272K(6464K)->6272K(6464K)
[1160.238s][info][gc             ] GC(2896) Pause Young (Allocation Failure) 432M->189M(433M) 1.057ms
[1160.238s][info][gc,cpu         ] GC(2896) User=0.00s Sys=0.00s Real=0.00s
[1160.683s][info][gc,start       ] GC(2897) Pause Young (Allocation Failure)
[1160.686s][info][gc,heap        ] GC(2897) PSYoungGen: 239680K(249344K)->64K(231424K) Eden: 239616K(239616K)->0K(230912K) From: 64K(9728K)->64K(512K)
[1160.686s][info][gc,heap        ] GC(2897) ParOldGen: 194000K(194048K)->194008K(194048K)
[1160.686s][info][gc,metaspace   ] GC(2897) Metaspace: 35445K(36224K)->35445K(36224K) NonClass: 29172K(29760K)->29172K(29760K) Class: 6272K(6464K)->6272K(6464K)
[1160.686s][info][gc             ] GC(2897) Pause Young (Allocation Failure) 423M->189M(415M) 3.140ms
[1160.686s][info][gc,cpu         ] GC(2897) User=0.01s Sys=0.01s Real=0.00s
[1160.917s][info][gc,start       ] GC(2898) Pause Young (Allocation Failure)
[1160.919s][info][gc,heap        ] GC(2898) PSYoungGen: 230976K(231424K)->64K(230400K) Eden: 230912K(230912K)->0K(222208K) From: 64K(512K)->64K(8192K)
[1160.919s][info][gc,heap        ] GC(2898) ParOldGen: 194008K(194048K)->194016K(194048K)
[1160.919s][info][gc,metaspace   ] GC(2898) Metaspace: 35445K(36224K)->35445K(36224K) NonClass: 29172K(29760K)->29172K(29760K) Class: 6272K(6464K)->6272K(6464K)
[1160.919s][info][gc             ] GC(2898) Pause Young (Allocation Failure) 415M->189M(414M) 2.081ms
[1160.919s][info][gc,cpu         ] GC(2898) User=0.00s Sys=0.00s Real=0.00s
[1160.992s][info][gc,start       ] GC(2899) Pause Young (Allocation Failure)
[1160.996s][info][gc,heap        ] GC(2899) PSYoungGen: 222272K(230400K)->64K(264192K) Eden: 222208K(222208K)->0K(263680K) From: 64K(8192K)->64K(512K)
[1160.996s][info][gc,heap        ] GC(2899) ParOldGen: 194016K(194048K)->194024K(194048K)
[1160.996s][info][gc,metaspace   ] GC(2899) Metaspace: 35445K(36224K)->35445K(36224K) NonClass: 29172K(29760K)->29172K(29760K) Class: 6272K(6464K)->6272K(6464K)
[1160.996s][info][gc             ] GC(2899) Pause Young (Allocation Failure) 406M->189M(447M) 4.064ms
[1160.996s][info][gc,cpu         ] GC(2899) User=0.00s Sys=0.00s Real=0.00s
[1161.601s][info][gc,start       ] GC(2900) Pause Young (Allocation Failure)
[1161.604s][info][gc,heap        ] GC(2900) PSYoungGen: 263744K(264192K)->32K(275968K) Eden: 263680K(263680K)->0K(268800K) From: 64K(512K)->32K(7168K)
[1161.604s][info][gc,heap        ] GC(2900) ParOldGen: 194024K(194048K)->194032K(194048K)
[1161.604s][info][gc,metaspace   ] GC(2900) Metaspace: 35445K(36224K)->35445K(36224K) NonClass: 29172K(29760K)->29172K(29760K) Class: 6272K(6464K)->6272K(6464K)
[1161.604s][info][gc             ] GC(2900) Pause Young (Allocation Failure) 447M->189M(459M) 2.748ms
[1161.604s][info][gc,cpu         ] GC(2900) User=0.00s Sys=0.00s Real=0.00s
[1161.970s][info][gc,start       ] GC(2901) Pause Young (Allocation Failure)
[1161.972s][info][gc,heap        ] GC(2901) PSYoungGen: 268832K(275968K)->64K(259072K) Eden: 268800K(268800K)->0K(258560K) From: 32K(7168K)->64K(512K)
[1161.973s][info][gc,heap        ] GC(2901) ParOldGen: 194032K(194048K)->194048K(194560K)
[1161.973s][info][gc,metaspace   ] GC(2901) Metaspace: 35445K(36224K)->35445K(36224K) NonClass: 29172K(29760K)->29172K(29760K) Class: 6272K(6464K)->6272K(6464K)
[1161.973s][info][gc             ] GC(2901) Pause Young (Allocation Failure) 452M->189M(443M) 2.882ms
[1161.973s][info][gc,cpu         ] GC(2901) User=0.00s Sys=0.00s Real=0.01s
[1162.365s][info][gc,start       ] GC(2902) Pause Young (Allocation Failure)
[1162.427s][info][gc,heap        ] GC(2902) PSYoungGen: 258624K(259072K)->6144K(312832K) Eden: 258560K(258560K)->0K(306688K) From: 64K(512K)->6144K(6144K)
[1162.427s][info][gc,heap        ] GC(2902) ParOldGen: 194048K(194560K)->207224K(207360K)
[1162.427s][info][gc,metaspace   ] GC(2902) Metaspace: 35445K(36224K)->35445K(36224K) NonClass: 29172K(29760K)->29172K(29760K) Class: 6272K(6464K)->6272K(6464K)
[1162.427s][info][gc             ] GC(2902) Pause Young (Allocation Failure) 442M->208M(508M) 61.414ms
[1162.427s][info][gc,cpu         ] GC(2902) User=0.08s Sys=0.02s Real=0.06s
[1162.842s][info][gc,start       ] GC(2903) Pause Young (Allocation Failure)
[1162.923s][info][gc,heap        ] GC(2903) PSYoungGen: 312832K(312832K)->12800K(300544K) Eden: 306688K(306688K)->0K(287744K) From: 6144K(6144K)->12800K(12800K)
[1162.923s][info][gc,heap        ] GC(2903) ParOldGen: 207224K(207360K)->227464K(227840K)
[1162.923s][info][gc,metaspace   ] GC(2903) Metaspace: 35445K(36224K)->35445K(36224K) NonClass: 29172K(29760K)->29172K(29760K) Class: 6272K(6464K)->6272K(6464K)
[1162.923s][info][gc             ] GC(2903) Pause Young (Allocation Failure) 507M->234M(516M) 81.210ms
[1162.923s][info][gc,cpu         ] GC(2903) User=0.13s Sys=0.02s Real=0.08s
[1163.178s][info][gc,start       ] GC(2904) Pause Young (Allocation Failure)
[1163.214s][info][gc,heap        ] GC(2904) PSYoungGen: 300544K(300544K)->17120K(305152K) Eden: 287744K(287744K)->0K(287744K) From: 12800K(12800K)->17120K(17408K)
[1163.214s][info][gc,heap        ] GC(2904) ParOldGen: 227464K(227840K)->228216K(228352K)
[1163.214s][info][gc,metaspace   ] GC(2904) Metaspace: 35445K(36224K)->35445K(36224K) NonClass: 29172K(29760K)->29172K(29760K) Class: 6272K(6464K)->6272K(6464K)
[1163.214s][info][gc             ] GC(2904) Pause Young (Allocation Failure) 515M->239M(521M) 35.788ms
[1163.214s][info][gc,cpu         ] GC(2904) User=0.07s Sys=0.01s Real=0.04s
[1163.593s][info][gc,start       ] GC(2905) Pause Young (Allocation Failure)
[1163.594s][info][gc,heap        ] GC(2905) PSYoungGen: 304864K(305152K)->64K(309248K) Eden: 287744K(287744K)->0K(283648K) From: 17120K(17408K)->64K(25600K)
[1163.594s][info][gc,heap        ] GC(2905) ParOldGen: 228216K(228352K)->228224K(228352K)
[1163.594s][info][gc,metaspace   ] GC(2905) Metaspace: 35445K(36224K)->35445K(36224K) NonClass: 29172K(29760K)->29172K(29760K) Class: 6272K(6464K)->6272K(6464K)
[1163.594s][info][gc             ] GC(2905) Pause Young (Allocation Failure) 520M->222M(525M) 1.206ms
[1163.594s][info][gc,cpu         ] GC(2905) User=0.00s Sys=0.00s Real=0.00s
[1164.313s][info][gc,start       ] GC(2906) Pause Young (Allocation Failure)
[1164.314s][info][gc,heap        ] GC(2906) PSYoungGen: 283712K(309248K)->64K(284160K) Eden: 283648K(283648K)->0K(283648K) From: 64K(25600K)->64K(512K)
[1164.314s][info][gc,heap        ] GC(2906) ParOldGen: 228224K(228352K)->228232K(228352K)
[1164.314s][info][gc,metaspace   ] GC(2906) Metaspace: 35445K(36224K)->35445K(36224K) NonClass: 29172K(29760K)->29172K(29760K) Class: 6272K(6464K)->6272K(6464K)
[1164.314s][info][gc             ] GC(2906) Pause Young (Allocation Failure) 499M->222M(500M) 1.474ms
[1164.314s][info][gc,cpu         ] GC(2906) User=0.00s Sys=0.00s Real=0.00s
[1164.831s][info][gc,start       ] GC(2907) Pause Young (Allocation Failure)
[1164.832s][info][gc,heap        ] GC(2907) PSYoungGen: 283712K(284160K)->64K(308736K) Eden: 283648K(283648K)->0K(284672K) From: 64K(512K)->64K(24064K)
[1164.832s][info][gc,heap        ] GC(2907) ParOldGen: 228232K(228352K)->228248K(228352K)
[1164.832s][info][gc,metaspace   ] GC(2907) Metaspace: 35445K(36224K)->35445K(36224K) NonClass: 29172K(29760K)->29172K(29760K) Class: 6272K(6464K)->6272K(6464K)
[1164.832s][info][gc             ] GC(2907) Pause Young (Allocation Failure) 499M->222M(524M) 1.218ms
[1164.832s][info][gc,cpu         ] GC(2907) User=0.00s Sys=0.00s Real=0.00s
[1165.076s][info][gc,start       ] GC(2908) Pause Young (Allocation Failure)
[1165.077s][info][gc,heap        ] GC(2908) PSYoungGen: 284736K(308736K)->64K(307712K) Eden: 284672K(284672K)->0K(284672K) From: 64K(24064K)->64K(23040K)
[1165.077s][info][gc,heap        ] GC(2908) ParOldGen: 228248K(228352K)->228264K(228352K)
[1165.077s][info][gc,metaspace   ] GC(2908) Metaspace: 35445K(36224K)->35445K(36224K) NonClass: 29172K(29760K)->29172K(29760K) Class: 6272K(6464K)->6272K(6464K)
[1165.077s][info][gc             ] GC(2908) Pause Young (Allocation Failure) 500M->222M(523M) 1.361ms
[1165.077s][info][gc,cpu         ] GC(2908) User=0.00s Sys=0.00s Real=0.00s
[1165.336s][info][gc,start       ] GC(2909) Pause Young (Allocation Failure)
[1165.337s][info][gc,heap        ] GC(2909) PSYoungGen: 284736K(307712K)->32K(309760K) Eden: 284672K(284672K)->0K(287744K) From: 64K(23040K)->32K(22016K)
[1165.337s][info][gc,heap        ] GC(2909) ParOldGen: 228264K(228352K)->228264K(228352K)
[1165.337s][info][gc,metaspace   ] GC(2909) Metaspace: 35445K(36224K)->35445K(36224K) NonClass: 29172K(29760K)->29172K(29760K) Class: 6272K(6464K)->6272K(6464K)
[1165.337s][info][gc             ] GC(2909) Pause Young (Allocation Failure) 500M->222M(525M) 1.205ms
[1165.337s][info][gc,cpu         ] GC(2909) User=0.00s Sys=0.00s Real=0.00s
[1165.730s][info][gc,start       ] GC(2910) Pause Young (Allocation Failure)
[1165.731s][info][gc,heap        ] GC(2910) PSYoungGen: 287776K(309760K)->64K(308736K) Eden: 287744K(287744K)->0K(287744K) From: 32K(22016K)->64K(20992K)
[1165.731s][info][gc,heap        ] GC(2910) ParOldGen: 228264K(228352K)->228264K(228352K)
[1165.731s][info][gc,metaspace   ] GC(2910) Metaspace: 35445K(36224K)->35445K(36224K) NonClass: 29172K(29760K)->29172K(29760K) Class: 6272K(6464K)->6272K(6464K)
[1165.731s][info][gc             ] GC(2910) Pause Young (Allocation Failure) 503M->222M(524M) 1.245ms
[1165.731s][info][gc,cpu         ] GC(2910) User=0.00s Sys=0.00s Real=0.01s
[1165.904s][info][gc,start       ] GC(2911) Pause Young (Allocation Failure)
[1165.906s][info][gc,heap        ] GC(2911) PSYoungGen: 287808K(308736K)->64K(311808K) Eden: 287744K(287744K)->0K(291840K) From: 64K(20992K)->64K(19968K)
[1165.906s][info][gc,heap        ] GC(2911) ParOldGen: 228264K(228352K)->228280K(228352K)
[1165.906s][info][gc,metaspace   ] GC(2911) Metaspace: 35445K(36224K)->35445K(36224K) NonClass: 29172K(29760K)->29172K(29760K) Class: 6272K(6464K)->6272K(6464K)
[1165.906s][info][gc             ] GC(2911) Pause Young (Allocation Failure) 503M->222M(527M) 1.558ms
[1165.906s][info][gc,cpu         ] GC(2911) User=0.00s Sys=0.01s Real=0.00s
[1165.963s][info][gc,start       ] GC(2912) Pause Young (Allocation Failure)
[1165.965s][info][gc,heap        ] GC(2912) PSYoungGen: 291904K(311808K)->32K(310784K) Eden: 291840K(291840K)->0K(291840K) From: 64K(19968K)->32K(18944K)
[1165.965s][info][gc,heap        ] GC(2912) ParOldGen: 228280K(228352K)->228296K(228352K)
[1165.965s][info][gc,metaspace   ] GC(2912) Metaspace: 35445K(36224K)->35445K(36224K) NonClass: 29172K(29760K)->29172K(29760K) Class: 6272K(6464K)->6272K(6464K)
[1165.965s][info][gc             ] GC(2912) Pause Young (Allocation Failure) 507M->222M(526M) 1.432ms
[1165.965s][info][gc,cpu         ] GC(2912) User=0.01s Sys=0.00s Real=0.00s
[1166.078s][info][gc,start       ] GC(2913) Pause Young (Allocation Failure)
[1166.080s][info][gc,heap        ] GC(2913) PSYoungGen: 291872K(310784K)->64K(313856K) Eden: 291840K(291840K)->0K(295936K) From: 32K(18944K)->64K(17920K)
[1166.080s][info][gc,heap        ] GC(2913) ParOldGen: 228296K(228352K)->228296K(228352K)
[1166.080s][info][gc,metaspace   ] GC(2913) Metaspace: 35445K(36224K)->35445K(36224K) NonClass: 29172K(29760K)->29172K(29760K) Class: 6272K(6464K)->6272K(6464K)
[1166.080s][info][gc             ] GC(2913) Pause Young (Allocation Failure) 507M->223M(529M) 1.528ms
[1166.080s][info][gc,cpu         ] GC(2913) User=0.00s Sys=0.00s Real=0.00s
[1166.345s][info][gc,start       ] GC(2914) Pause Young (Allocation Failure)
[1166.346s][info][gc,heap        ] GC(2914) PSYoungGen: 296000K(313856K)->32K(312832K) Eden: 295936K(295936K)->0K(295936K) From: 64K(17920K)->32K(16896K)
[1166.346s][info][gc,heap        ] GC(2914) ParOldGen: 228296K(228352K)->228312K(228352K)
[1166.346s][info][gc,metaspace   ] GC(2914) Metaspace: 35445K(36224K)->35445K(36224K) NonClass: 29172K(29760K)->29172K(29760K) Class: 6272K(6464K)->6272K(6464K)
[1166.346s][info][gc             ] GC(2914) Pause Young (Allocation Failure) 512M->222M(528M) 1.493ms
[1166.346s][info][gc,cpu         ] GC(2914) User=0.01s Sys=0.00s Real=0.00s
[1166.555s][info][gc,start       ] GC(2915) Pause Young (Allocation Failure)
[1166.556s][info][gc,heap        ] GC(2915) PSYoungGen: 295968K(312832K)->64K(315392K) Eden: 295936K(295936K)->0K(299520K) From: 32K(16896K)->64K(15872K)
[1166.556s][info][gc,heap        ] GC(2915) ParOldGen: 228312K(228352K)->228312K(228352K)
[1166.556s][info][gc,metaspace   ] GC(2915) Metaspace: 35445K(36224K)->35445K(36224K) NonClass: 29172K(29760K)->29172K(29760K) Class: 6272K(6464K)->6272K(6464K)
[1166.556s][info][gc             ] GC(2915) Pause Young (Allocation Failure) 511M->223M(531M) 1.505ms
[1166.556s][info][gc,cpu         ] GC(2915) User=0.01s Sys=0.00s Real=0.00s
[1166.647s][info][gc,start       ] GC(2916) Pause Young (Allocation Failure)
[1166.648s][info][gc,heap        ] GC(2916) PSYoungGen: 299584K(315392K)->32K(314880K) Eden: 299520K(299520K)->0K(299520K) From: 64K(15872K)->32K(15360K)
[1166.648s][info][gc,heap        ] GC(2916) ParOldGen: 228312K(228352K)->228328K(228352K)
[1166.648s][info][gc,metaspace   ] GC(2916) Metaspace: 35445K(36224K)->35445K(36224K) NonClass: 29172K(29760K)->29172K(29760K) Class: 6272K(6464K)->6272K(6464K)
[1166.648s][info][gc             ] GC(2916) Pause Young (Allocation Failure) 515M->223M(530M) 1.461ms
[1166.648s][info][gc,cpu         ] GC(2916) User=0.00s Sys=0.00s Real=0.00s
[1166.808s][info][gc,start       ] GC(2917) Pause Young (Allocation Failure)
[1166.809s][info][gc,heap        ] GC(2917) PSYoungGen: 299552K(314880K)->64K(317440K) Eden: 299520K(299520K)->0K(303616K) From: 32K(15360K)->64K(13824K)
[1166.809s][info][gc,heap        ] GC(2917) ParOldGen: 228328K(228352K)->228328K(228352K)
[1166.809s][info][gc,metaspace   ] GC(2917) Metaspace: 35445K(36224K)->35445K(36224K) NonClass: 29172K(29760K)->29172K(29760K) Class: 6272K(6464K)->6272K(6464K)
[1166.809s][info][gc             ] GC(2917) Pause Young (Allocation Failure) 515M->223M(533M) 1.378ms
[1166.809s][info][gc,cpu         ] GC(2917) User=0.00s Sys=0.00s Real=0.00s
[1167.265s][info][gc,start       ] GC(2918) Pause Young (Allocation Failure)
[1167.268s][info][gc,heap        ] GC(2918) PSYoungGen: 303680K(317440K)->64K(292352K) Eden: 303616K(303616K)->0K(291840K) From: 64K(13824K)->64K(512K)
[1167.268s][info][gc,heap        ] GC(2918) ParOldGen: 228328K(228352K)->228336K(228352K)
[1167.268s][info][gc,metaspace   ] GC(2918) Metaspace: 35445K(36224K)->35445K(36224K) NonClass: 29172K(29760K)->29172K(29760K) Class: 6272K(6464K)->6272K(6464K)
[1167.268s][info][gc             ] GC(2918) Pause Young (Allocation Failure) 519M->223M(508M) 2.491ms
[1167.268s][info][gc,cpu         ] GC(2918) User=0.00s Sys=0.00s Real=0.00s
[1168.060s][info][gc,start       ] GC(2919) Pause Young (Allocation Failure)
[1168.061s][info][gc,heap        ] GC(2919) PSYoungGen: 291904K(292352K)->64K(281088K) Eden: 291840K(291840K)->0K(280576K) From: 64K(512K)->64K(512K)
[1168.061s][info][gc,heap        ] GC(2919) ParOldGen: 228336K(228352K)->228344K(228352K)
[1168.061s][info][gc,metaspace   ] GC(2919) Metaspace: 35445K(36224K)->35445K(36224K) NonClass: 29172K(29760K)->29172K(29760K) Class: 6272K(6464K)->6272K(6464K)
[1168.061s][info][gc             ] GC(2919) Pause Young (Allocation Failure) 508M->223M(497M) 1.762ms
[1168.061s][info][gc,cpu         ] GC(2919) User=0.00s Sys=0.00s Real=0.01s
[1169.281s][info][gc,start       ] GC(2920) Pause Young (Allocation Failure)
[1169.283s][info][gc,heap        ] GC(2920) PSYoungGen: 280640K(281088K)->64K(281600K) Eden: 280576K(280576K)->0K(269824K) From: 64K(512K)->64K(11776K)
[1169.283s][info][gc,heap        ] GC(2920) ParOldGen: 228344K(228352K)->228360K(228864K)
[1169.283s][info][gc,metaspace   ] GC(2920) Metaspace: 35445K(36224K)->35445K(36224K) NonClass: 29172K(29760K)->29172K(29760K) Class: 6272K(6464K)->6272K(6464K)
[1169.283s][info][gc             ] GC(2920) Pause Young (Allocation Failure) 497M->223M(498M) 1.769ms
[1169.283s][info][gc,cpu         ] GC(2920) User=0.00s Sys=0.00s Real=0.00s
[1169.791s][info][gc,start       ] GC(2921) Pause Young (Allocation Failure)
[1169.794s][info][gc,heap        ] GC(2921) PSYoungGen: 269888K(281600K)->64K(260096K) Eden: 269824K(269824K)->0K(259584K) From: 64K(11776K)->64K(512K)
[1169.795s][info][gc,heap        ] GC(2921) ParOldGen: 228360K(228864K)->228376K(228864K)
[1169.795s][info][gc,metaspace   ] GC(2921) Metaspace: 35445K(36224K)->35445K(36224K) NonClass: 29172K(29760K)->29172K(29760K) Class: 6272K(6464K)->6272K(6464K)
[1169.795s][info][gc             ] GC(2921) Pause Young (Allocation Failure) 486M->223M(477M) 3.134ms
[1169.795s][info][gc,cpu         ] GC(2921) User=0.00s Sys=0.01s Real=0.00s
[1170.925s][info][gc,start       ] GC(2922) Pause Young (Allocation Failure)
[1170.927s][info][gc,heap        ] GC(2922) PSYoungGen: 259648K(260096K)->64K(260096K) Eden: 259584K(259584K)->0K(249856K) From: 64K(512K)->64K(10240K)
[1170.927s][info][gc,heap        ] GC(2922) ParOldGen: 228376K(228864K)->228392K(228864K)
[1170.927s][info][gc,metaspace   ] GC(2922) Metaspace: 35445K(36224K)->35445K(36224K) NonClass: 29172K(29760K)->29172K(29760K) Class: 6272K(6464K)->6272K(6464K)
[1170.927s][info][gc             ] GC(2922) Pause Young (Allocation Failure) 476M->223M(477M) 1.573ms
[1170.927s][info][gc,cpu         ] GC(2922) User=0.00s Sys=0.00s Real=0.00s
[1171.382s][info][gc,start       ] GC(2923) Pause Young (Allocation Failure)
[1171.385s][info][gc,heap        ] GC(2923) PSYoungGen: 249920K(260096K)->64K(241152K) Eden: 249856K(249856K)->0K(240640K) From: 64K(10240K)->64K(512K)
[1171.385s][info][gc,heap        ] GC(2923) ParOldGen: 228392K(228864K)->228408K(228864K)
[1171.385s][info][gc,metaspace   ] GC(2923) Metaspace: 35445K(36224K)->35445K(36224K) NonClass: 29172K(29760K)->29172K(29760K) Class: 6272K(6464K)->6272K(6464K)
[1171.385s][info][gc             ] GC(2923) Pause Young (Allocation Failure) 467M->223M(459M) 3.170ms
[1171.385s][info][gc,cpu         ] GC(2923) User=0.01s Sys=0.00s Real=0.00s
[1171.624s][info][gc,start       ] GC(2924) Pause Young (Allocation Failure)
[1171.626s][info][gc,heap        ] GC(2924) PSYoungGen: 240704K(241152K)->64K(240128K) Eden: 240640K(240640K)->0K(231424K) From: 64K(512K)->64K(8704K)
[1171.626s][info][gc,heap        ] GC(2924) ParOldGen: 228408K(228864K)->228424K(228864K)
[1171.626s][info][gc,metaspace   ] GC(2924) Metaspace: 35445K(36224K)->35445K(36224K) NonClass: 29172K(29760K)->29172K(29760K) Class: 6272K(6464K)->6272K(6464K)
[1171.626s][info][gc             ] GC(2924) Pause Young (Allocation Failure) 458M->223M(458M) 1.354ms
[1171.626s][info][gc,cpu         ] GC(2924) User=0.01s Sys=0.00s Real=0.00s
[1171.708s][info][gc,start       ] GC(2925) Pause Young (Allocation Failure)
[1171.710s][info][gc,heap        ] GC(2925) PSYoungGen: 231488K(240128K)->64K(223232K) Eden: 231424K(231424K)->0K(222720K) From: 64K(8704K)->64K(512K)
[1171.710s][info][gc,heap        ] GC(2925) ParOldGen: 228424K(228864K)->228440K(228864K)
[1171.711s][info][gc,metaspace   ] GC(2925) Metaspace: 35445K(36224K)->35445K(36224K) NonClass: 29172K(29760K)->29172K(29760K) Class: 6272K(6464K)->6272K(6464K)
[1171.711s][info][gc             ] GC(2925) Pause Young (Allocation Failure) 449M->223M(441M) 2.333ms
[1171.711s][info][gc,cpu         ] GC(2925) User=0.00s Sys=0.00s Real=0.00s
[1172.234s][info][gc,start       ] GC(2926) Pause Young (Allocation Failure)
[1172.235s][info][gc,heap        ] GC(2926) PSYoungGen: 222784K(223232K)->64K(222208K) Eden: 222720K(222720K)->0K(214528K) From: 64K(512K)->64K(7680K)
[1172.235s][info][gc,heap        ] GC(2926) ParOldGen: 228440K(228864K)->228456K(228864K)
[1172.235s][info][gc,metaspace   ] GC(2926) Metaspace: 35445K(36224K)->35445K(36224K) NonClass: 29172K(29760K)->29172K(29760K) Class: 6272K(6464K)->6272K(6464K)
[1172.235s][info][gc             ] GC(2926) Pause Young (Allocation Failure) 440M->223M(440M) 1.325ms
[1172.235s][info][gc,cpu         ] GC(2926) User=0.00s Sys=0.00s Real=0.00s
[1172.547s][info][gc,start       ] GC(2927) Pause Young (Allocation Failure)
[1172.550s][info][gc,heap        ] GC(2927) PSYoungGen: 214592K(222208K)->64K(207360K) Eden: 214528K(214528K)->0K(206848K) From: 64K(7680K)->64K(512K)
[1172.550s][info][gc,heap        ] GC(2927) ParOldGen: 228456K(228864K)->228472K(228864K)
[1172.550s][info][gc,metaspace   ] GC(2927) Metaspace: 35445K(36224K)->35445K(36224K) NonClass: 29172K(29760K)->29172K(29760K) Class: 6272K(6464K)->6272K(6464K)
[1172.550s][info][gc             ] GC(2927) Pause Young (Allocation Failure) 432M->223M(426M) 2.578ms
[1172.550s][info][gc,cpu         ] GC(2927) User=0.00s Sys=0.00s Real=0.00s
[1173.035s][info][gc,start       ] GC(2928) Pause Young (Allocation Failure)
[1173.046s][info][gc,heap        ] GC(2928) PSYoungGen: 206912K(207360K)->4832K(204800K) Eden: 206848K(206848K)->0K(199680K) From: 64K(512K)->4832K(5120K)
[1173.046s][info][gc,heap        ] GC(2928) ParOldGen: 228472K(228864K)->228488K(228864K)
[1173.046s][info][gc,metaspace   ] GC(2928) Metaspace: 35445K(36224K)->35445K(36224K) NonClass: 29172K(29760K)->29172K(29760K) Class: 6272K(6464K)->6272K(6464K)
[1173.046s][info][gc             ] GC(2928) Pause Young (Allocation Failure) 425M->227M(423M) 10.372ms
[1173.046s][info][gc,cpu         ] GC(2928) User=0.02s Sys=0.00s Real=0.01s
[1173.350s][info][gc,start       ] GC(2929) Pause Young (Allocation Failure)
[1173.412s][info][gc,heap        ] GC(2929) PSYoungGen: 204512K(204800K)->7680K(246784K) Eden: 199680K(199680K)->0K(239104K) From: 4832K(5120K)->7680K(7680K)
[1173.412s][info][gc,heap        ] GC(2929) ParOldGen: 228488K(228864K)->242000K(242176K)
[1173.412s][info][gc,metaspace   ] GC(2929) Metaspace: 35445K(36224K)->35445K(36224K) NonClass: 29172K(29760K)->29172K(29760K) Class: 6272K(6464K)->6272K(6464K)
[1173.412s][info][gc             ] GC(2929) Pause Young (Allocation Failure) 422M->243M(477M) 62.682ms
[1173.412s][info][gc,cpu         ] GC(2929) User=0.10s Sys=0.02s Real=0.07s
[1173.823s][info][gc,start       ] GC(2930) Pause Young (Allocation Failure)
[1173.893s][info][gc,heap        ] GC(2930) PSYoungGen: 246784K(246784K)->14336K(257536K) Eden: 239104K(239104K)->0K(243200K) From: 7680K(7680K)->14336K(14336K)
[1173.893s][info][gc,heap        ] GC(2930) ParOldGen: 242000K(242176K)->253528K(253952K)
[1173.893s][info][gc,metaspace   ] GC(2930) Metaspace: 35445K(36224K)->35445K(36224K) NonClass: 29172K(29760K)->29172K(29760K) Class: 6272K(6464K)->6272K(6464K)
[1173.894s][info][gc             ] GC(2930) Pause Young (Allocation Failure) 477M->261M(499M) 70.200ms
[1173.894s][info][gc,cpu         ] GC(2930) User=0.12s Sys=0.01s Real=0.07s
[1174.207s][info][gc,start       ] GC(2931) Pause Young (Allocation Failure)
[1174.258s][info][gc,heap        ] GC(2931) PSYoungGen: 257536K(257536K)->17600K(305152K) Eden: 243200K(243200K)->0K(283648K) From: 14336K(14336K)->17600K(21504K)
[1174.259s][info][gc,heap        ] GC(2931) ParOldGen: 253528K(253952K)->253944K(253952K)
[1174.259s][info][gc,metaspace   ] GC(2931) Metaspace: 35445K(36224K)->35445K(36224K) NonClass: 29172K(29760K)->29172K(29760K) Class: 6272K(6464K)->6272K(6464K)
[1174.259s][info][gc             ] GC(2931) Pause Young (Allocation Failure) 499M->265M(546M) 51.344ms
[1174.259s][info][gc,cpu         ] GC(2931) User=0.08s Sys=0.02s Real=0.05s
[1174.518s][info][gc,start       ] GC(2932) Pause Young (Allocation Failure)
[1174.520s][info][gc,heap        ] GC(2932) PSYoungGen: 301248K(305152K)->64K(308224K) Eden: 283648K(283648K)->0K(283648K) From: 17600K(21504K)->64K(24576K)
[1174.520s][info][gc,heap        ] GC(2932) ParOldGen: 253944K(253952K)->253960K(254464K)
[1174.520s][info][gc,metaspace   ] GC(2932) Metaspace: 35445K(36224K)->35445K(36224K) NonClass: 29172K(29760K)->29172K(29760K) Class: 6272K(6464K)->6272K(6464K)
[1174.520s][info][gc             ] GC(2932) Pause Young (Allocation Failure) 542M->248M(549M) 1.587ms
[1174.520s][info][gc,cpu         ] GC(2932) User=0.00s Sys=0.00s Real=0.00s
[1175.384s][info][gc,start       ] GC(2933) Pause Young (Allocation Failure)
[1175.386s][info][gc,heap        ] GC(2933) PSYoungGen: 283712K(308224K)->32K(306688K) Eden: 283648K(283648K)->0K(285184K) From: 64K(24576K)->32K(21504K)
[1175.386s][info][gc,heap        ] GC(2933) ParOldGen: 253960K(254464K)->253968K(254464K)
[1175.386s][info][gc,metaspace   ] GC(2933) Metaspace: 35445K(36224K)->35445K(36224K) NonClass: 29172K(29760K)->29172K(29760K) Class: 6272K(6464K)->6272K(6464K)
[1175.386s][info][gc             ] GC(2933) Pause Young (Allocation Failure) 525M->248M(548M) 1.649ms
[1175.386s][info][gc,cpu         ] GC(2933) User=0.01s Sys=0.00s Real=0.00s
[1175.792s][info][gc,start       ] GC(2934) Pause Young (Allocation Failure)
[1175.793s][info][gc,heap        ] GC(2934) PSYoungGen: 285216K(306688K)->64K(308224K) Eden: 285184K(285184K)->0K(285184K) From: 32K(21504K)->64K(23040K)
[1175.793s][info][gc,heap        ] GC(2934) ParOldGen: 253968K(254464K)->253968K(254464K)
[1175.793s][info][gc,metaspace   ] GC(2934) Metaspace: 35445K(36224K)->35445K(36224K) NonClass: 29172K(29760K)->29172K(29760K) Class: 6272K(6464K)->6272K(6464K)
[1175.793s][info][gc             ] GC(2934) Pause Young (Allocation Failure) 526M->248M(549M) 1.489ms
[1175.793s][info][gc,cpu         ] GC(2934) User=0.00s Sys=0.00s Real=0.00s
[1176.345s][info][gc,start       ] GC(2935) Pause Young (Allocation Failure)
[1176.346s][info][gc,heap        ] GC(2935) PSYoungGen: 285248K(308224K)->64K(308224K) Eden: 285184K(285184K)->0K(288256K) From: 64K(23040K)->64K(19968K)
[1176.346s][info][gc,heap        ] GC(2935) ParOldGen: 253968K(254464K)->253984K(254464K)
[1176.346s][info][gc,metaspace   ] GC(2935) Metaspace: 35445K(36224K)->35445K(36224K) NonClass: 29172K(29760K)->29172K(29760K) Class: 6272K(6464K)->6272K(6464K)
[1176.346s][info][gc             ] GC(2935) Pause Young (Allocation Failure) 526M->248M(549M) 1.512ms
[1176.346s][info][gc,cpu         ] GC(2935) User=0.00s Sys=0.00s Real=0.00s
[1176.601s][info][gc,start       ] GC(2936) Pause Young (Allocation Failure)
[1176.603s][info][gc,heap        ] GC(2936) PSYoungGen: 288320K(308224K)->64K(309760K) Eden: 288256K(288256K)->0K(288256K) From: 64K(19968K)->64K(21504K)
[1176.603s][info][gc,heap        ] GC(2936) ParOldGen: 253984K(254464K)->254000K(254464K)
[1176.603s][info][gc,metaspace   ] GC(2936) Metaspace: 35445K(36224K)->35445K(36224K) NonClass: 29172K(29760K)->29172K(29760K) Class: 6272K(6464K)->6272K(6464K)
[1176.603s][info][gc             ] GC(2936) Pause Young (Allocation Failure) 529M->248M(551M) 1.757ms
[1176.603s][info][gc,cpu         ] GC(2936) User=0.00s Sys=0.00s Real=0.00s
[1176.854s][info][gc,start       ] GC(2937) Pause Young (Allocation Failure)
[1176.856s][info][gc,heap        ] GC(2937) PSYoungGen: 288320K(309760K)->64K(309760K) Eden: 288256K(288256K)->0K(291840K) From: 64K(21504K)->64K(17920K)
[1176.856s][info][gc,heap        ] GC(2937) ParOldGen: 254000K(254464K)->254000K(254464K)
[1176.856s][info][gc,metaspace   ] GC(2937) Metaspace: 35445K(36224K)->35445K(36224K) NonClass: 29172K(29760K)->29172K(29760K) Class: 6272K(6464K)->6272K(6464K)
[1176.856s][info][gc             ] GC(2937) Pause Young (Allocation Failure) 529M->248M(551M) 1.734ms
[1176.856s][info][gc,cpu         ] GC(2937) User=0.01s Sys=0.00s Real=0.00s
[1177.214s][info][gc,start       ] GC(2938) Pause Young (Allocation Failure)
[1177.216s][info][gc,heap        ] GC(2938) PSYoungGen: 291904K(309760K)->64K(311296K) Eden: 291840K(291840K)->0K(291840K) From: 64K(17920K)->64K(19456K)
[1177.216s][info][gc,heap        ] GC(2938) ParOldGen: 254000K(254464K)->254000K(254464K)
[1177.216s][info][gc,metaspace   ] GC(2938) Metaspace: 35445K(36224K)->35445K(36224K) NonClass: 29172K(29760K)->29172K(29760K) Class: 6272K(6464K)->6272K(6464K)
[1177.216s][info][gc             ] GC(2938) Pause Young (Allocation Failure) 533M->248M(552M) 1.367ms
[1177.216s][info][gc,cpu         ] GC(2938) User=0.00s Sys=0.00s Real=0.00s
[1177.272s][info][gc,start       ] GC(2939) Pause Young (Allocation Failure)
[1177.274s][info][gc,heap        ] GC(2939) PSYoungGen: 291904K(311296K)->32K(311808K) Eden: 291840K(291840K)->0K(295936K) From: 64K(19456K)->32K(15872K)
[1177.274s][info][gc,heap        ] GC(2939) ParOldGen: 254000K(254464K)->254016K(254464K)
[1177.274s][info][gc,metaspace   ] GC(2939) Metaspace: 35445K(36224K)->35445K(36224K) NonClass: 29172K(29760K)->29172K(29760K) Class: 6272K(6464K)->6272K(6464K)
[1177.274s][info][gc             ] GC(2939) Pause Young (Allocation Failure) 533M->248M(553M) 1.692ms
[1177.274s][info][gc,cpu         ] GC(2939) User=0.00s Sys=0.00s Real=0.00s
[1177.366s][info][gc,start       ] GC(2940) Pause Young (Allocation Failure)
[1177.367s][info][gc,heap        ] GC(2940) PSYoungGen: 295968K(311808K)->64K(313344K) Eden: 295936K(295936K)->0K(295936K) From: 32K(15872K)->64K(17408K)
[1177.367s][info][gc,heap        ] GC(2940) ParOldGen: 254016K(254464K)->254016K(254464K)
[1177.367s][info][gc,metaspace   ] GC(2940) Metaspace: 35445K(36224K)->35445K(36224K) NonClass: 29172K(29760K)->29172K(29760K) Class: 6272K(6464K)->6272K(6464K)
[1177.367s][info][gc             ] GC(2940) Pause Young (Allocation Failure) 537M->248M(554M) 1.300ms
[1177.367s][info][gc,cpu         ] GC(2940) User=0.00s Sys=0.00s Real=0.00s
[1177.621s][info][gc,start       ] GC(2941) Pause Young (Allocation Failure)
[1177.623s][info][gc,heap        ] GC(2941) PSYoungGen: 296000K(313344K)->64K(314880K) Eden: 295936K(295936K)->0K(300032K) From: 64K(17408K)->64K(14848K)
[1177.623s][info][gc,heap        ] GC(2941) ParOldGen: 254016K(254464K)->254032K(254464K)
[1177.623s][info][gc,metaspace   ] GC(2941) Metaspace: 35445K(36224K)->35445K(36224K) NonClass: 29172K(29760K)->29172K(29760K) Class: 6272K(6464K)->6272K(6464K)
[1177.623s][info][gc             ] GC(2941) Pause Young (Allocation Failure) 537M->248M(556M) 1.559ms
[1177.623s][info][gc,cpu         ] GC(2941) User=0.00s Sys=0.00s Real=0.00s
[1177.856s][info][gc,start       ] GC(2942) Pause Young (Allocation Failure)
[1177.858s][info][gc,heap        ] GC(2942) PSYoungGen: 300096K(314880K)->32K(315904K) Eden: 300032K(300032K)->0K(300032K) From: 64K(14848K)->32K(15872K)
[1177.858s][info][gc,heap        ] GC(2942) ParOldGen: 254032K(254464K)->254032K(254464K)
[1177.858s][info][gc,metaspace   ] GC(2942) Metaspace: 35445K(36224K)->35445K(36224K) NonClass: 29172K(29760K)->29172K(29760K) Class: 6272K(6464K)->6272K(6464K)
[1177.858s][info][gc             ] GC(2942) Pause Young (Allocation Failure) 541M->248M(557M) 1.763ms
[1177.858s][info][gc,cpu         ] GC(2942) User=0.01s Sys=0.00s Real=0.00s
[1177.949s][info][gc,start       ] GC(2943) Pause Young (Allocation Failure)
[1177.951s][info][gc,heap        ] GC(2943) PSYoungGen: 300064K(315904K)->64K(315904K) Eden: 300032K(300032K)->0K(303104K) From: 32K(15872K)->64K(12800K)
[1177.951s][info][gc,heap        ] GC(2943) ParOldGen: 254032K(254464K)->254048K(254464K)
[1177.951s][info][gc,metaspace   ] GC(2943) Metaspace: 35445K(36224K)->35445K(36224K) NonClass: 29172K(29760K)->29172K(29760K) Class: 6272K(6464K)->6272K(6464K)
[1177.951s][info][gc             ] GC(2943) Pause Young (Allocation Failure) 541M->248M(557M) 1.517ms
[1177.951s][info][gc,cpu         ] GC(2943) User=0.00s Sys=0.00s Real=0.01s
[1178.104s][info][gc,start       ] GC(2944) Pause Young (Allocation Failure)
[1178.106s][info][gc,heap        ] GC(2944) PSYoungGen: 303168K(315904K)->64K(316928K) Eden: 303104K(303104K)->0K(303104K) From: 64K(12800K)->64K(13824K)
[1178.106s][info][gc,heap        ] GC(2944) ParOldGen: 254048K(254464K)->254048K(254464K)
[1178.106s][info][gc,metaspace   ] GC(2944) Metaspace: 35445K(36224K)->35445K(36224K) NonClass: 29172K(29760K)->29172K(29760K) Class: 6272K(6464K)->6272K(6464K)
[1178.106s][info][gc             ] GC(2944) Pause Young (Allocation Failure) 544M->248M(558M) 1.782ms
[1178.106s][info][gc,cpu         ] GC(2944) User=0.00s Sys=0.00s Real=0.00s
[1178.607s][info][gc,start       ] GC(2945) Pause Young (Allocation Failure)
[1178.608s][info][gc,heap        ] GC(2945) PSYoungGen: 303168K(316928K)->64K(318976K) Eden: 303104K(303104K)->0K(307200K) From: 64K(13824K)->64K(11776K)
[1178.608s][info][gc,heap        ] GC(2945) ParOldGen: 254048K(254464K)->254064K(254464K)
[1178.608s][info][gc,metaspace   ] GC(2945) Metaspace: 35445K(36224K)->35445K(36224K) NonClass: 29172K(29760K)->29172K(29760K) Class: 6272K(6464K)->6272K(6464K)
[1178.608s][info][gc             ] GC(2945) Pause Young (Allocation Failure) 544M->248M(560M) 1.396ms
[1178.608s][info][gc,cpu         ] GC(2945) User=0.00s Sys=0.00s Real=0.00s
[1179.433s][info][gc,start       ] GC(2946) Pause Young (Allocation Failure)
[1179.435s][info][gc,heap        ] GC(2946) PSYoungGen: 307264K(318976K)->64K(295424K) Eden: 307200K(307200K)->0K(294912K) From: 64K(11776K)->64K(512K)
[1179.435s][info][gc,heap        ] GC(2946) ParOldGen: 254064K(254464K)->254072K(254464K)
[1179.435s][info][gc,metaspace   ] GC(2946) Metaspace: 35445K(36224K)->35445K(36224K) NonClass: 29172K(29760K)->29172K(29760K) Class: 6272K(6464K)->6272K(6464K)
[1179.435s][info][gc             ] GC(2946) Pause Young (Allocation Failure) 548M->248M(537M) 2.157ms
[1179.435s][info][gc,cpu         ] GC(2946) User=0.00s Sys=0.00s Real=0.00s
[1180.556s][info][gc,start       ] GC(2947) Pause Young (Allocation Failure)
[1180.559s][info][gc,heap        ] GC(2947) PSYoungGen: 294976K(295424K)->64K(283648K) Eden: 294912K(294912K)->0K(283136K) From: 64K(512K)->64K(512K)
[1180.559s][info][gc,heap        ] GC(2947) ParOldGen: 254072K(254464K)->254088K(254464K)
[1180.559s][info][gc,metaspace   ] GC(2947) Metaspace: 35445K(36224K)->35445K(36224K) NonClass: 29172K(29760K)->29172K(29760K) Class: 6272K(6464K)->6272K(6464K)
[1180.559s][info][gc             ] GC(2947) Pause Young (Allocation Failure) 536M->248M(525M) 2.999ms
[1180.559s][info][gc,cpu         ] GC(2947) User=0.01s Sys=0.00s Real=0.00s
[1181.083s][info][gc,start       ] GC(2948) Pause Young (Allocation Failure)
[1181.085s][info][gc,heap        ] GC(2948) PSYoungGen: 283200K(283648K)->64K(282624K) Eden: 283136K(283136K)->0K(271872K) From: 64K(512K)->64K(10752K)
[1181.085s][info][gc,heap        ] GC(2948) ParOldGen: 254088K(254464K)->254096K(254464K)
[1181.085s][info][gc,metaspace   ] GC(2948) Metaspace: 35445K(36224K)->35445K(36224K) NonClass: 29172K(29760K)->29172K(29760K) Class: 6272K(6464K)->6272K(6464K)
[1181.085s][info][gc             ] GC(2948) Pause Young (Allocation Failure) 524M->248M(524M) 2.177ms
[1181.085s][info][gc,cpu         ] GC(2948) User=0.00s Sys=0.00s Real=0.00s
[1182.242s][info][gc,start       ] GC(2949) Pause Young (Allocation Failure)
[1182.245s][info][gc,heap        ] GC(2949) PSYoungGen: 271936K(282624K)->64K(262144K) Eden: 271872K(271872K)->0K(261632K) From: 64K(10752K)->64K(512K)
[1182.245s][info][gc,heap        ] GC(2949) ParOldGen: 254096K(254464K)->254104K(254464K)
[1182.245s][info][gc,metaspace   ] GC(2949) Metaspace: 35445K(36224K)->35445K(36224K) NonClass: 29172K(29760K)->29172K(29760K) Class: 6272K(6464K)->6272K(6464K)
[1182.245s][info][gc             ] GC(2949) Pause Young (Allocation Failure) 513M->248M(504M) 2.861ms
[1182.245s][info][gc,cpu         ] GC(2949) User=0.00s Sys=0.00s Real=0.00s
[1182.684s][info][gc,start       ] GC(2950) Pause Young (Allocation Failure)
[1182.686s][info][gc,heap        ] GC(2950) PSYoungGen: 261696K(262144K)->64K(260608K) Eden: 261632K(261632K)->0K(251392K) From: 64K(512K)->64K(9216K)
[1182.686s][info][gc,heap        ] GC(2950) ParOldGen: 254104K(254464K)->254112K(254464K)
[1182.686s][info][gc,metaspace   ] GC(2950) Metaspace: 35445K(36224K)->35445K(36224K) NonClass: 29172K(29760K)->29172K(29760K) Class: 6272K(6464K)->6272K(6464K)
[1182.686s][info][gc             ] GC(2950) Pause Young (Allocation Failure) 503M->248M(503M) 2.092ms
[1182.686s][info][gc,cpu         ] GC(2950) User=0.00s Sys=0.00s Real=0.00s
[1182.895s][info][gc,start       ] GC(2951) Pause Young (Allocation Failure)
[1182.897s][info][gc,heap        ] GC(2951) PSYoungGen: 251456K(260608K)->64K(242176K) Eden: 251392K(251392K)->0K(241664K) From: 64K(9216K)->64K(512K)
[1182.897s][info][gc,heap        ] GC(2951) ParOldGen: 254112K(254464K)->254128K(254464K)
[1182.897s][info][gc,metaspace   ] GC(2951) Metaspace: 35445K(36224K)->35445K(36224K) NonClass: 29172K(29760K)->29172K(29760K) Class: 6272K(6464K)->6272K(6464K)
[1182.897s][info][gc             ] GC(2951) Pause Young (Allocation Failure) 493M->248M(485M) 2.755ms
[1182.897s][info][gc,cpu         ] GC(2951) User=0.00s Sys=0.00s Real=0.00s
[1183.006s][info][gc,start       ] GC(2952) Pause Young (Allocation Failure)
[1183.008s][info][gc,heap        ] GC(2952) PSYoungGen: 241728K(242176K)->64K(240640K) Eden: 241664K(241664K)->0K(232448K) From: 64K(512K)->64K(8192K)
[1183.008s][info][gc,heap        ] GC(2952) ParOldGen: 254128K(254464K)->254136K(254464K)
[1183.008s][info][gc,metaspace   ] GC(2952) Metaspace: 35445K(36224K)->35445K(36224K) NonClass: 29172K(29760K)->29172K(29760K) Class: 6272K(6464K)->6272K(6464K)
[1183.008s][info][gc             ] GC(2952) Pause Young (Allocation Failure) 484M->248M(483M) 1.947ms
[1183.008s][info][gc,cpu         ] GC(2952) User=0.00s Sys=0.00s Real=0.00s
[1183.643s][info][gc,start       ] GC(2953) Pause Young (Allocation Failure)
[1183.646s][info][gc,heap        ] GC(2953) PSYoungGen: 232512K(240640K)->64K(224256K) Eden: 232448K(232448K)->0K(223744K) From: 64K(8192K)->64K(512K)
[1183.646s][info][gc,heap        ] GC(2953) ParOldGen: 254136K(254464K)->254152K(254464K)
[1183.646s][info][gc,metaspace   ] GC(2953) Metaspace: 35445K(36224K)->35445K(36224K) NonClass: 29172K(29760K)->29172K(29760K) Class: 6272K(6464K)->6272K(6464K)
[1183.646s][info][gc             ] GC(2953) Pause Young (Allocation Failure) 475M->248M(467M) 2.772ms
[1183.646s][info][gc,cpu         ] GC(2953) User=0.01s Sys=0.00s Real=0.00s
[1183.893s][info][gc,start       ] GC(2954) Pause Young (Allocation Failure)
[1183.895s][info][gc,heap        ] GC(2954) PSYoungGen: 223808K(224256K)->64K(222720K) Eden: 223744K(223744K)->0K(215552K) From: 64K(512K)->64K(7168K)
[1183.895s][info][gc,heap        ] GC(2954) ParOldGen: 254152K(254464K)->254168K(254464K)
[1183.895s][info][gc,metaspace   ] GC(2954) Metaspace: 35445K(36224K)->35445K(36224K) NonClass: 29172K(29760K)->29172K(29760K) Class: 6272K(6464K)->6272K(6464K)
[1183.895s][info][gc             ] GC(2954) Pause Young (Allocation Failure) 466M->248M(466M) 2.170ms
[1183.895s][info][gc,cpu         ] GC(2954) User=0.00s Sys=0.00s Real=0.00s
[1184.273s][info][gc,start       ] GC(2955) Pause Young (Allocation Failure)
[1184.304s][info][gc,heap        ] GC(2955) PSYoungGen: 215616K(222720K)->6656K(264192K) Eden: 215552K(215552K)->0K(257536K) From: 64K(7168K)->6656K(6656K)
[1184.304s][info][gc,heap        ] GC(2955) ParOldGen: 254168K(254464K)->261296K(261632K)
[1184.304s][info][gc,metaspace   ] GC(2955) Metaspace: 35445K(36224K)->35445K(36224K) NonClass: 29172K(29760K)->29172K(29760K) Class: 6272K(6464K)->6272K(6464K)
[1184.304s][info][gc             ] GC(2955) Pause Young (Allocation Failure) 458M->261M(513M) 30.853ms
[1184.304s][info][gc,cpu         ] GC(2955) User=0.04s Sys=0.00s Real=0.03s
[1184.623s][info][gc,start       ] GC(2956) Pause Young (Allocation Failure)
[1184.681s][info][gc,heap        ] GC(2956) PSYoungGen: 264192K(264192K)->10752K(274432K) Eden: 257536K(257536K)->0K(263680K) From: 6656K(6656K)->10752K(10752K)
[1184.681s][info][gc,heap        ] GC(2956) ParOldGen: 261296K(261632K)->278144K(278528K)
[1184.681s][info][gc,metaspace   ] GC(2956) Metaspace: 35445K(36224K)->35445K(36224K) NonClass: 29172K(29760K)->29172K(29760K) Class: 6272K(6464K)->6272K(6464K)
[1184.681s][info][gc             ] GC(2956) Pause Young (Allocation Failure) 513M->282M(540M) 58.251ms
[1184.681s][info][gc,cpu         ] GC(2956) User=0.10s Sys=0.01s Real=0.06s
[1185.012s][info][gc,start       ] GC(2957) Pause Young (Allocation Failure)
[1185.078s][info][gc,heap        ] GC(2957) PSYoungGen: 274432K(274432K)->19456K(300032K) Eden: 263680K(263680K)->0K(280576K) From: 10752K(10752K)->19456K(19456K)
[1185.078s][info][gc,heap        ] GC(2957) ParOldGen: 278144K(278528K)->287144K(287232K)
[1185.078s][info][gc,metaspace   ] GC(2957) Metaspace: 35445K(36224K)->35445K(36224K) NonClass: 29172K(29760K)->29172K(29760K) Class: 6272K(6464K)->6272K(6464K)
[1185.078s][info][gc             ] GC(2957) Pause Young (Allocation Failure) 539M->299M(573M) 65.992ms
[1185.078s][info][gc,cpu         ] GC(2957) User=0.11s Sys=0.03s Real=0.06s
[1185.176s][info][gc,start       ] GC(2958) Pause Young (Allocation Failure)
[1185.180s][info][gc,heap        ] GC(2958) PSYoungGen: 300032K(300032K)->64K(307200K) Eden: 280576K(280576K)->0K(280576K) From: 19456K(19456K)->64K(26624K)
[1185.180s][info][gc,heap        ] GC(2958) ParOldGen: 287144K(287232K)->287464K(287744K)
[1185.180s][info][gc,metaspace   ] GC(2958) Metaspace: 35445K(36224K)->35445K(36224K) NonClass: 29172K(29760K)->29172K(29760K) Class: 6272K(6464K)->6272K(6464K)
[1185.180s][info][gc             ] GC(2958) Pause Young (Allocation Failure) 573M->280M(581M) 4.071ms
[1185.180s][info][gc,cpu         ] GC(2958) User=0.00s Sys=0.00s Real=0.00s
[1185.860s][info][gc,start       ] GC(2959) Pause Young (Allocation Failure)
[1185.862s][info][gc,heap        ] GC(2959) PSYoungGen: 280640K(307200K)->64K(304640K) Eden: 280576K(280576K)->0K(281088K) From: 64K(26624K)->64K(23552K)
[1185.862s][info][gc,heap        ] GC(2959) ParOldGen: 287464K(287744K)->287472K(287744K)
[1185.862s][info][gc,metaspace   ] GC(2959) Metaspace: 35445K(36224K)->35445K(36224K) NonClass: 29172K(29760K)->29172K(29760K) Class: 6272K(6464K)->6272K(6464K)
[1185.862s][info][gc             ] GC(2959) Pause Young (Allocation Failure) 554M->280M(578M) 1.692ms
[1185.862s][info][gc,cpu         ] GC(2959) User=0.00s Sys=0.01s Real=0.01s
[1186.301s][info][gc,start       ] GC(2960) Pause Young (Allocation Failure)
[1186.303s][info][gc,heap        ] GC(2960) PSYoungGen: 281152K(304640K)->64K(306176K) Eden: 281088K(281088K)->0K(281088K) From: 64K(23552K)->64K(25088K)
[1186.303s][info][gc,heap        ] GC(2960) ParOldGen: 287472K(287744K)->287480K(287744K)
[1186.303s][info][gc,metaspace   ] GC(2960) Metaspace: 35445K(36224K)->35445K(36224K) NonClass: 29172K(29760K)->29172K(29760K) Class: 6272K(6464K)->6272K(6464K)
[1186.303s][info][gc             ] GC(2960) Pause Young (Allocation Failure) 555M->280M(580M) 1.756ms
[1186.303s][info][gc,cpu         ] GC(2960) User=0.00s Sys=0.00s Real=0.00s
[1186.768s][info][gc,start       ] GC(2961) Pause Young (Allocation Failure)
[1186.770s][info][gc,heap        ] GC(2961) PSYoungGen: 281152K(306176K)->64K(306176K) Eden: 281088K(281088K)->0K(284672K) From: 64K(25088K)->64K(21504K)
[1186.770s][info][gc,heap        ] GC(2961) ParOldGen: 287480K(287744K)->287496K(287744K)
[1186.770s][info][gc,metaspace   ] GC(2961) Metaspace: 35445K(36224K)->35445K(36224K) NonClass: 29172K(29760K)->29172K(29760K) Class: 6272K(6464K)->6272K(6464K)
[1186.770s][info][gc             ] GC(2961) Pause Young (Allocation Failure) 555M->280M(580M) 1.551ms
[1186.770s][info][gc,cpu         ] GC(2961) User=0.00s Sys=0.00s Real=0.00s
[1187.025s][info][gc,start       ] GC(2962) Pause Young (Allocation Failure)
[1187.027s][info][gc,heap        ] GC(2962) PSYoungGen: 284736K(306176K)->32K(307712K) Eden: 284672K(284672K)->0K(284672K) From: 64K(21504K)->32K(23040K)
[1187.027s][info][gc,heap        ] GC(2962) ParOldGen: 287496K(287744K)->287512K(287744K)
[1187.027s][info][gc,metaspace   ] GC(2962) Metaspace: 35445K(36224K)->35445K(36224K) NonClass: 29172K(29760K)->29172K(29760K) Class: 6272K(6464K)->6272K(6464K)
[1187.027s][info][gc             ] GC(2962) Pause Young (Allocation Failure) 558M->280M(581M) 1.630ms
[1187.027s][info][gc,cpu         ] GC(2962) User=0.00s Sys=0.00s Real=0.00s
[1187.286s][info][gc,start       ] GC(2963) Pause Young (Allocation Failure)
[1187.288s][info][gc,heap        ] GC(2963) PSYoungGen: 284704K(307712K)->64K(308224K) Eden: 284672K(284672K)->0K(288768K) From: 32K(23040K)->64K(19456K)
[1187.288s][info][gc,heap        ] GC(2963) ParOldGen: 287512K(287744K)->287512K(287744K)
[1187.288s][info][gc,metaspace   ] GC(2963) Metaspace: 35445K(36224K)->35445K(36224K) NonClass: 29172K(29760K)->29172K(29760K) Class: 6272K(6464K)->6272K(6464K)
[1187.288s][info][gc             ] GC(2963) Pause Young (Allocation Failure) 558M->280M(582M) 1.423ms
[1187.288s][info][gc,cpu         ] GC(2963) User=0.00s Sys=0.00s Real=0.00s
[1187.697s][info][gc,start       ] GC(2964) Pause Young (Allocation Failure)
[1187.698s][info][gc,heap        ] GC(2964) PSYoungGen: 288832K(308224K)->64K(309760K) Eden: 288768K(288768K)->0K(288768K) From: 64K(19456K)->64K(20992K)
[1187.698s][info][gc,heap        ] GC(2964) ParOldGen: 287512K(287744K)->287512K(287744K)
[1187.698s][info][gc,metaspace   ] GC(2964) Metaspace: 35445K(36224K)->35445K(36224K) NonClass: 29172K(29760K)->29172K(29760K) Class: 6272K(6464K)->6272K(6464K)
[1187.698s][info][gc             ] GC(2964) Pause Young (Allocation Failure) 562M->280M(583M) 1.401ms
[1187.698s][info][gc,cpu         ] GC(2964) User=0.00s Sys=0.00s Real=0.00s
[1187.755s][info][gc,start       ] GC(2965) Pause Young (Allocation Failure)
[1187.756s][info][gc,heap        ] GC(2965) PSYoungGen: 288832K(309760K)->32K(310272K) Eden: 288768K(288768K)->0K(292864K) From: 64K(20992K)->32K(17408K)
[1187.756s][info][gc,heap        ] GC(2965) ParOldGen: 287512K(287744K)->287528K(287744K)
[1187.756s][info][gc,metaspace   ] GC(2965) Metaspace: 35445K(36224K)->35445K(36224K) NonClass: 29172K(29760K)->29172K(29760K) Class: 6272K(6464K)->6272K(6464K)
[1187.756s][info][gc             ] GC(2965) Pause Young (Allocation Failure) 562M->280M(584M) 1.322ms
[1187.756s][info][gc,cpu         ] GC(2965) User=0.00s Sys=0.00s Real=0.00s
[1187.815s][info][gc,start       ] GC(2966) Pause Young (Allocation Failure)
[1187.817s][info][gc,heap        ] GC(2966) PSYoungGen: 292896K(310272K)->64K(311808K) Eden: 292864K(292864K)->0K(292864K) From: 32K(17408K)->64K(18944K)
[1187.817s][info][gc,heap        ] GC(2966) ParOldGen: 287528K(287744K)->287528K(287744K)
[1187.817s][info][gc,metaspace   ] GC(2966) Metaspace: 35445K(36224K)->35445K(36224K) NonClass: 29172K(29760K)->29172K(29760K) Class: 6272K(6464K)->6272K(6464K)
[1187.817s][info][gc             ] GC(2966) Pause Young (Allocation Failure) 566M->280M(585M) 1.755ms
[1187.817s][info][gc,cpu         ] GC(2966) User=0.00s Sys=0.00s Real=0.00s
[1188.026s][info][gc,start       ] GC(2967) Pause Young (Allocation Failure)
[1188.028s][info][gc,heap        ] GC(2967) PSYoungGen: 292928K(311808K)->32K(312320K) Eden: 292864K(292864K)->0K(296960K) From: 64K(18944K)->32K(15360K)
[1188.028s][info][gc,heap        ] GC(2967) ParOldGen: 287528K(287744K)->287528K(287744K)
[1188.028s][info][gc,metaspace   ] GC(2967) Metaspace: 35445K(36224K)->35445K(36224K) NonClass: 29172K(29760K)->29172K(29760K) Class: 6272K(6464K)->6272K(6464K)
[1188.028s][info][gc             ] GC(2967) Pause Young (Allocation Failure) 566M->280M(586M) 1.595ms
[1188.028s][info][gc,cpu         ] GC(2967) User=0.00s Sys=0.00s Real=0.00s
[1188.275s][info][gc,start       ] GC(2968) Pause Young (Allocation Failure)
[1188.276s][info][gc,heap        ] GC(2968) PSYoungGen: 296992K(312320K)->64K(313856K) Eden: 296960K(296960K)->0K(296960K) From: 32K(15360K)->64K(16896K)
[1188.276s][info][gc,heap        ] GC(2968) ParOldGen: 287528K(287744K)->287544K(287744K)
[1188.276s][info][gc,metaspace   ] GC(2968) Metaspace: 35445K(36224K)->35445K(36224K) NonClass: 29172K(29760K)->29172K(29760K) Class: 6272K(6464K)->6272K(6464K)
[1188.276s][info][gc             ] GC(2968) Pause Young (Allocation Failure) 570M->280M(587M) 1.738ms
[1188.276s][info][gc,cpu         ] GC(2968) User=0.00s Sys=0.00s Real=0.00s
[1188.412s][info][gc,start       ] GC(2969) Pause Young (Allocation Failure)
[1188.413s][info][gc,heap        ] GC(2969) PSYoungGen: 297024K(313856K)->64K(314368K) Eden: 296960K(296960K)->0K(301056K) From: 64K(16896K)->64K(13312K)
[1188.413s][info][gc,heap        ] GC(2969) ParOldGen: 287544K(287744K)->287560K(287744K)
[1188.413s][info][gc,metaspace   ] GC(2969) Metaspace: 35445K(36224K)->35445K(36224K) NonClass: 29172K(29760K)->29172K(29760K) Class: 6272K(6464K)->6272K(6464K)
[1188.413s][info][gc             ] GC(2969) Pause Young (Allocation Failure) 570M->280M(588M) 1.721ms
[1188.414s][info][gc,cpu         ] GC(2969) User=0.00s Sys=0.00s Real=0.00s
[1188.525s][info][gc,start       ] GC(2970) Pause Young (Allocation Failure)
[1188.527s][info][gc,heap        ] GC(2970) PSYoungGen: 301120K(314368K)->64K(315904K) Eden: 301056K(301056K)->0K(301056K) From: 64K(13312K)->64K(14848K)
[1188.527s][info][gc,heap        ] GC(2970) ParOldGen: 287560K(287744K)->287568K(287744K)
[1188.527s][info][gc,metaspace   ] GC(2970) Metaspace: 35445K(36224K)->35445K(36224K) NonClass: 29172K(29760K)->29172K(29760K) Class: 6272K(6464K)->6272K(6464K)
[1188.527s][info][gc             ] GC(2970) Pause Young (Allocation Failure) 574M->280M(589M) 1.331ms
[1188.527s][info][gc,cpu         ] GC(2970) User=0.00s Sys=0.00s Real=0.00s
[1188.721s][info][gc,start       ] GC(2971) Pause Young (Allocation Failure)
[1188.722s][info][gc,heap        ] GC(2971) PSYoungGen: 301120K(315904K)->64K(316416K) Eden: 301056K(301056K)->0K(305152K) From: 64K(14848K)->64K(11264K)
[1188.722s][info][gc,heap        ] GC(2971) ParOldGen: 287568K(287744K)->287576K(287744K)
[1188.722s][info][gc,metaspace   ] GC(2971) Metaspace: 35445K(36224K)->35445K(36224K) NonClass: 29172K(29760K)->29172K(29760K) Class: 6272K(6464K)->6272K(6464K)
[1188.722s][info][gc             ] GC(2971) Pause Young (Allocation Failure) 574M->280M(590M) 1.344ms
[1188.722s][info][gc,cpu         ] GC(2971) User=0.00s Sys=0.00s Real=0.00s
[1189.820s][info][gc,start       ] GC(2972) Pause Young (Allocation Failure)
[1189.822s][info][gc,heap        ] GC(2972) PSYoungGen: 305216K(316416K)->83K(293376K) Eden: 305152K(305152K)->0K(292864K) From: 64K(11264K)->83K(512K)
[1189.822s][info][gc,heap        ] GC(2972) ParOldGen: 287576K(287744K)->287584K(287744K)
[1189.822s][info][gc,metaspace   ] GC(2972) Metaspace: 35445K(36224K)->35445K(36224K) NonClass: 29172K(29760K)->29172K(29760K) Class: 6272K(6464K)->6272K(6464K)
[1189.822s][info][gc             ] GC(2972) Pause Young (Allocation Failure) 578M->280M(567M) 2.216ms
[1189.822s][info][gc,cpu         ] GC(2972) User=0.00s Sys=0.00s Real=0.01s
[1190.758s][info][gc,start       ] GC(2973) Pause Young (Allocation Failure)
[1190.759s][info][gc,heap        ] GC(2973) PSYoungGen: 292947K(293376K)->64K(282112K) Eden: 292864K(292864K)->0K(281600K) From: 83K(512K)->64K(512K)
[1190.759s][info][gc,heap        ] GC(2973) ParOldGen: 287584K(287744K)->287592K(287744K)
[1190.759s][info][gc,metaspace   ] GC(2973) Metaspace: 35445K(36224K)->35445K(36224K) NonClass: 29172K(29760K)->29172K(29760K) Class: 6272K(6464K)->6272K(6464K)
[1190.760s][info][gc             ] GC(2973) Pause Young (Allocation Failure) 566M->280M(556M) 1.807ms
[1190.760s][info][gc,cpu         ] GC(2973) User=0.00s Sys=0.00s Real=0.00s
[1191.153s][info][gc,start       ] GC(2974) Pause Young (Allocation Failure)
[1191.154s][info][gc,heap        ] GC(2974) PSYoungGen: 281664K(282112K)->64K(282112K) Eden: 281600K(281600K)->0K(270848K) From: 64K(512K)->64K(11264K)
[1191.154s][info][gc,heap        ] GC(2974) ParOldGen: 287592K(287744K)->287600K(287744K)
[1191.154s][info][gc,metaspace   ] GC(2974) Metaspace: 35445K(36224K)->35445K(36224K) NonClass: 29172K(29760K)->29172K(29760K) Class: 6272K(6464K)->6272K(6464K)
[1191.154s][info][gc             ] GC(2974) Pause Young (Allocation Failure) 555M->280M(556M) 1.306ms
[1191.154s][info][gc,cpu         ] GC(2974) User=0.00s Sys=0.00s Real=0.00s
[1191.579s][info][gc,start       ] GC(2975) Pause Young (Allocation Failure)
[1191.582s][info][gc,heap        ] GC(2975) PSYoungGen: 270912K(282112K)->32K(261120K) Eden: 270848K(270848K)->0K(260608K) From: 64K(11264K)->32K(512K)
[1191.582s][info][gc,heap        ] GC(2975) ParOldGen: 287600K(287744K)->287608K(287744K)
[1191.582s][info][gc,metaspace   ] GC(2975) Metaspace: 35445K(36224K)->35445K(36224K) NonClass: 29172K(29760K)->29172K(29760K) Class: 6272K(6464K)->6272K(6464K)
[1191.582s][info][gc             ] GC(2975) Pause Young (Allocation Failure) 545M->280M(536M) 3.003ms
[1191.582s][info][gc,cpu         ] GC(2975) User=0.00s Sys=0.00s Real=0.01s
[1192.670s][info][gc,start       ] GC(2976) Pause Young (Allocation Failure)
[1192.672s][info][gc,heap        ] GC(2976) PSYoungGen: 260640K(261120K)->32K(260608K) Eden: 260608K(260608K)->0K(250880K) From: 32K(512K)->32K(9728K)
[1192.672s][info][gc,heap        ] GC(2976) ParOldGen: 287608K(287744K)->287616K(287744K)
[1192.672s][info][gc,metaspace   ] GC(2976) Metaspace: 35445K(36224K)->35445K(36224K) NonClass: 29172K(29760K)->29172K(29760K) Class: 6272K(6464K)->6272K(6464K)
[1192.672s][info][gc             ] GC(2976) Pause Young (Allocation Failure) 535M->280M(535M) 1.918ms
[1192.672s][info][gc,cpu         ] GC(2976) User=0.00s Sys=0.00s Real=0.01s
[1193.068s][info][gc,start       ] GC(2977) Pause Young (Allocation Failure)
[1193.071s][info][gc,heap        ] GC(2977) PSYoungGen: 250912K(260608K)->32K(241664K) Eden: 250880K(250880K)->0K(241152K) From: 32K(9728K)->32K(512K)
[1193.071s][info][gc,heap        ] GC(2977) ParOldGen: 287616K(287744K)->287624K(287744K)
[1193.071s][info][gc,metaspace   ] GC(2977) Metaspace: 35445K(36224K)->35445K(36224K) NonClass: 29172K(29760K)->29172K(29760K) Class: 6272K(6464K)->6272K(6464K)
[1193.071s][info][gc             ] GC(2977) Pause Young (Allocation Failure) 525M->280M(517M) 2.469ms
[1193.071s][info][gc,cpu         ] GC(2977) User=0.00s Sys=0.01s Real=0.01s
[1193.224s][info][gc,start       ] GC(2978) Pause Young (Allocation Failure)
[1193.226s][info][gc,heap        ] GC(2978) PSYoungGen: 241184K(241664K)->32K(240640K) Eden: 241152K(241152K)->0K(231936K) From: 32K(512K)->32K(8704K)
[1193.226s][info][gc,heap        ] GC(2978) ParOldGen: 287624K(287744K)->287632K(287744K)
[1193.226s][info][gc,metaspace   ] GC(2978) Metaspace: 35445K(36224K)->35445K(36224K) NonClass: 29172K(29760K)->29172K(29760K) Class: 6272K(6464K)->6272K(6464K)
[1193.226s][info][gc             ] GC(2978) Pause Young (Allocation Failure) 516M->280M(516M) 1.808ms
[1193.226s][info][gc,cpu         ] GC(2978) User=0.01s Sys=0.00s Real=0.00s
[1193.599s][info][gc,start       ] GC(2979) Pause Young (Allocation Failure)
[1193.602s][info][gc,heap        ] GC(2979) PSYoungGen: 231968K(240640K)->64K(223744K) Eden: 231936K(231936K)->0K(223232K) From: 32K(8704K)->64K(512K)
[1193.602s][info][gc,heap        ] GC(2979) ParOldGen: 287632K(287744K)->287648K(287744K)
[1193.602s][info][gc,metaspace   ] GC(2979) Metaspace: 35445K(36224K)->35445K(36224K) NonClass: 29172K(29760K)->29172K(29760K) Class: 6272K(6464K)->6272K(6464K)
[1193.602s][info][gc             ] GC(2979) Pause Young (Allocation Failure) 507M->280M(499M) 3.717ms
[1193.602s][info][gc,cpu         ] GC(2979) User=0.00s Sys=0.00s Real=0.01s
[1194.054s][info][gc,start       ] GC(2980) Pause Young (Allocation Failure)
[1194.057s][info][gc,heap        ] GC(2980) PSYoungGen: 223296K(223744K)->32K(222208K) Eden: 223232K(223232K)->0K(215040K) From: 64K(512K)->32K(7168K)
[1194.057s][info][gc,heap        ] GC(2980) ParOldGen: 287648K(287744K)->287656K(287744K)
[1194.057s][info][gc,metaspace   ] GC(2980) Metaspace: 35445K(36224K)->35445K(36224K) NonClass: 29172K(29760K)->29172K(29760K) Class: 6272K(6464K)->6272K(6464K)
[1194.057s][info][gc             ] GC(2980) Pause Young (Allocation Failure) 498M->280M(498M) 3.307ms
[1194.057s][info][gc,cpu         ] GC(2980) User=0.00s Sys=0.00s Real=0.00s
[1194.455s][info][gc,start       ] GC(2981) Pause Young (Allocation Failure)
[1194.458s][info][gc,heap        ] GC(2981) PSYoungGen: 215072K(222208K)->64K(207872K) Eden: 215040K(215040K)->0K(207360K) From: 32K(7168K)->64K(512K)
[1194.458s][info][gc,heap        ] GC(2981) ParOldGen: 287656K(287744K)->287672K(287744K)
[1194.458s][info][gc,metaspace   ] GC(2981) Metaspace: 35445K(36224K)->35445K(36224K) NonClass: 29172K(29760K)->29172K(29760K) Class: 6272K(6464K)->6272K(6464K)
[1194.458s][info][gc             ] GC(2981) Pause Young (Allocation Failure) 490M->280M(484M) 2.550ms
[1194.458s][info][gc,cpu         ] GC(2981) User=0.00s Sys=0.00s Real=0.00s
[1194.738s][info][gc,start       ] GC(2982) Pause Young (Allocation Failure)
[1194.799s][info][gc,heap        ] GC(2982) PSYoungGen: 207424K(207872K)->6144K(254464K) Eden: 207360K(207360K)->0K(248320K) From: 64K(512K)->6144K(6144K)
[1194.799s][info][gc,heap        ] GC(2982) ParOldGen: 287672K(287744K)->303472K(303616K)
[1194.799s][info][gc,metaspace   ] GC(2982) Metaspace: 35445K(36224K)->35445K(36224K) NonClass: 29172K(29760K)->29172K(29760K) Class: 6272K(6464K)->6272K(6464K)
[1194.799s][info][gc             ] GC(2982) Pause Young (Allocation Failure) 483M->302M(545M) 60.579ms
[1194.799s][info][gc,cpu         ] GC(2982) User=0.11s Sys=0.01s Real=0.06s
[1195.133s][info][gc,start       ] GC(2983) Pause Young (Allocation Failure)
[1195.217s][info][gc,heap        ] GC(2983) PSYoungGen: 254464K(254464K)->6656K(254464K) Eden: 248320K(248320K)->0K(247808K) From: 6144K(6144K)->6656K(6656K)
[1195.217s][info][gc,heap        ] GC(2983) ParOldGen: 303472K(303616K)->323768K(324096K)
[1195.217s][info][gc,metaspace   ] GC(2983) Metaspace: 35445K(36224K)->35445K(36224K) NonClass: 29172K(29760K)->29172K(29760K) Class: 6272K(6464K)->6272K(6464K)
[1195.217s][info][gc             ] GC(2983) Pause Young (Allocation Failure) 544M->322M(565M) 83.372ms
[1195.217s][info][gc,cpu         ] GC(2983) User=0.14s Sys=0.02s Real=0.08s
[1195.515s][info][gc,start       ] GC(2984) Pause Young (Allocation Failure)
[1195.569s][info][gc,heap        ] GC(2984) PSYoungGen: 254464K(254464K)->20672K(269312K) Eden: 247808K(247808K)->0K(247808K) From: 6656K(6656K)->20672K(21504K)
[1195.569s][info][gc,heap        ] GC(2984) ParOldGen: 323768K(324096K)->324520K(324608K)
[1195.569s][info][gc,metaspace   ] GC(2984) Metaspace: 35445K(36224K)->35445K(36224K) NonClass: 29172K(29760K)->29172K(29760K) Class: 6272K(6464K)->6272K(6464K)
[1195.569s][info][gc             ] GC(2984) Pause Young (Allocation Failure) 564M->337M(580M) 53.878ms
[1195.569s][info][gc,cpu         ] GC(2984) User=0.10s Sys=0.00s Real=0.05s
[1195.669s][info][gc,start       ] GC(2985) Pause Young (Allocation Failure)
[1195.671s][info][gc,heap        ] GC(2985) PSYoungGen: 268480K(269312K)->64K(308736K) Eden: 247808K(247808K)->0K(283136K) From: 20672K(21504K)->64K(25600K)
[1195.671s][info][gc,heap        ] GC(2985) ParOldGen: 324520K(324608K)->324528K(324608K)
[1195.671s][info][gc,metaspace   ] GC(2985) Metaspace: 35445K(36224K)->35445K(36224K) NonClass: 29172K(29760K)->29172K(29760K) Class: 6272K(6464K)->6272K(6464K)
[1195.671s][info][gc             ] GC(2985) Pause Young (Allocation Failure) 579M->316M(618M) 1.425ms
[1195.671s][info][gc,cpu         ] GC(2985) User=0.00s Sys=0.00s Real=0.00s
[1196.452s][info][gc,start       ] GC(2986) Pause Young (Allocation Failure)
[1196.453s][info][gc,heap        ] GC(2986) PSYoungGen: 283200K(308736K)->64K(283648K) Eden: 283136K(283136K)->0K(283136K) From: 64K(25600K)->64K(512K)
[1196.454s][info][gc,heap        ] GC(2986) ParOldGen: 324528K(324608K)->324536K(324608K)
[1196.454s][info][gc,metaspace   ] GC(2986) Metaspace: 35445K(36224K)->35445K(36224K) NonClass: 29172K(29760K)->29172K(29760K) Class: 6272K(6464K)->6272K(6464K)
[1196.454s][info][gc             ] GC(2986) Pause Young (Allocation Failure) 593M->316M(594M) 1.499ms
[1196.454s][info][gc,cpu         ] GC(2986) User=0.00s Sys=0.00s Real=0.00s
[1196.929s][info][gc,start       ] GC(2987) Pause Young (Allocation Failure)
[1196.931s][info][gc,heap        ] GC(2987) PSYoungGen: 283200K(283648K)->128K(308224K) Eden: 283136K(283136K)->0K(284160K) From: 64K(512K)->128K(24064K)
[1196.931s][info][gc,heap        ] GC(2987) ParOldGen: 324536K(324608K)->324544K(324608K)
[1196.931s][info][gc,metaspace   ] GC(2987) Metaspace: 35523K(36224K)->35523K(36224K) NonClass: 29249K(29760K)->29249K(29760K) Class: 6273K(6464K)->6273K(6464K)
[1196.931s][info][gc             ] GC(2987) Pause Young (Allocation Failure) 593M->317M(618M) 2.192ms
[1196.931s][info][gc,cpu         ] GC(2987) User=0.00s Sys=0.00s Real=0.01s
[1197.511s][info][gc,start       ] GC(2988) Pause Young (Allocation Failure)
[1197.513s][info][gc,heap        ] GC(2988) PSYoungGen: 284288K(308224K)->64K(307200K) Eden: 284160K(284160K)->0K(284160K) From: 128K(24064K)->64K(23040K)
[1197.513s][info][gc,heap        ] GC(2988) ParOldGen: 324544K(324608K)->324640K(325120K)
[1197.513s][info][gc,metaspace   ] GC(2988) Metaspace: 35523K(36224K)->35523K(36224K) NonClass: 29249K(29760K)->29249K(29760K) Class: 6273K(6464K)->6273K(6464K)
[1197.513s][info][gc             ] GC(2988) Pause Young (Allocation Failure) 594M->317M(617M) 2.041ms
[1197.513s][info][gc,cpu         ] GC(2988) User=0.00s Sys=0.00s Real=0.00s
[1197.760s][info][gc,start       ] GC(2989) Pause Young (Allocation Failure)
[1197.761s][info][gc,heap        ] GC(2989) PSYoungGen: 284224K(307200K)->64K(309760K) Eden: 284160K(284160K)->0K(287744K) From: 64K(23040K)->64K(22016K)
[1197.761s][info][gc,heap        ] GC(2989) ParOldGen: 324640K(325120K)->324656K(325120K)
[1197.761s][info][gc,metaspace   ] GC(2989) Metaspace: 35523K(36224K)->35523K(36224K) NonClass: 29249K(29760K)->29249K(29760K) Class: 6273K(6464K)->6273K(6464K)
[1197.761s][info][gc             ] GC(2989) Pause Young (Allocation Failure) 594M->317M(620M) 1.477ms
[1197.762s][info][gc,cpu         ] GC(2989) User=0.00s Sys=0.00s Real=0.01s
[1198.013s][info][gc,start       ] GC(2990) Pause Young (Allocation Failure)
[1198.015s][info][gc,heap        ] GC(2990) PSYoungGen: 287808K(309760K)->32K(308736K) Eden: 287744K(287744K)->0K(287744K) From: 64K(22016K)->32K(20992K)
[1198.015s][info][gc,heap        ] GC(2990) ParOldGen: 324656K(325120K)->324656K(325120K)
[1198.015s][info][gc,metaspace   ] GC(2990) Metaspace: 35523K(36224K)->35523K(36224K) NonClass: 29249K(29760K)->29249K(29760K) Class: 6273K(6464K)->6273K(6464K)
[1198.015s][info][gc             ] GC(2990) Pause Young (Allocation Failure) 598M->317M(619M) 1.924ms
[1198.015s][info][gc,cpu         ] GC(2990) User=0.00s Sys=0.00s Real=0.00s
[1198.426s][info][gc,start       ] GC(2991) Pause Young (Allocation Failure)
[1198.428s][info][gc,heap        ] GC(2991) PSYoungGen: 287776K(308736K)->32K(311808K) Eden: 287744K(287744K)->0K(291840K) From: 32K(20992K)->32K(19968K)
[1198.428s][info][gc,heap        ] GC(2991) ParOldGen: 324656K(325120K)->324656K(325120K)
[1198.428s][info][gc,metaspace   ] GC(2991) Metaspace: 35523K(36224K)->35523K(36224K) NonClass: 29249K(29760K)->29249K(29760K) Class: 6273K(6464K)->6273K(6464K)
[1198.428s][info][gc             ] GC(2991) Pause Young (Allocation Failure) 598M->317M(622M) 1.842ms
[1198.428s][info][gc,cpu         ] GC(2991) User=0.00s Sys=0.00s Real=0.00s
[1198.487s][info][gc,start       ] GC(2992) Pause Young (Allocation Failure)
[1198.489s][info][gc,heap        ] GC(2992) PSYoungGen: 291872K(311808K)->32K(310784K) Eden: 291840K(291840K)->0K(291840K) From: 32K(19968K)->32K(18944K)
[1198.489s][info][gc,heap        ] GC(2992) ParOldGen: 324656K(325120K)->324672K(325120K)
[1198.489s][info][gc,metaspace   ] GC(2992) Metaspace: 35523K(36224K)->35523K(36224K) NonClass: 29249K(29760K)->29249K(29760K) Class: 6273K(6464K)->6273K(6464K)
[1198.489s][info][gc             ] GC(2992) Pause Young (Allocation Failure) 602M->317M(621M) 1.873ms
[1198.489s][info][gc,cpu         ] GC(2992) User=0.00s Sys=0.00s Real=0.00s
[1198.545s][info][gc,start       ] GC(2993) Pause Young (Allocation Failure)
[1198.546s][info][gc,heap        ] GC(2993) PSYoungGen: 291872K(310784K)->32K(313856K) Eden: 291840K(291840K)->0K(295936K) From: 32K(18944K)->32K(17920K)
[1198.546s][info][gc,heap        ] GC(2993) ParOldGen: 324672K(325120K)->324672K(325120K)
[1198.546s][info][gc,metaspace   ] GC(2993) Metaspace: 35523K(36224K)->35523K(36224K) NonClass: 29249K(29760K)->29249K(29760K) Class: 6273K(6464K)->6273K(6464K)
[1198.546s][info][gc             ] GC(2993) Pause Young (Allocation Failure) 602M->317M(624M) 1.856ms
[1198.546s][info][gc,cpu         ] GC(2993) User=0.00s Sys=0.00s Real=0.00s
[1198.769s][info][gc,start       ] GC(2994) Pause Young (Allocation Failure)
[1198.771s][info][gc,heap        ] GC(2994) PSYoungGen: 295968K(313856K)->64K(312832K) Eden: 295936K(295936K)->0K(295936K) From: 32K(17920K)->64K(16896K)
[1198.771s][info][gc,heap        ] GC(2994) ParOldGen: 324672K(325120K)->324672K(325120K)
[1198.771s][info][gc,metaspace   ] GC(2994) Metaspace: 35523K(36224K)->35523K(36224K) NonClass: 29249K(29760K)->29249K(29760K) Class: 6273K(6464K)->6273K(6464K)
[1198.771s][info][gc             ] GC(2994) Pause Young (Allocation Failure) 606M->317M(623M) 1.898ms
[1198.771s][info][gc,cpu         ] GC(2994) User=0.00s Sys=0.00s Real=0.01s
[1199.015s][info][gc,start       ] GC(2995) Pause Young (Allocation Failure)
[1199.016s][info][gc,heap        ] GC(2995) PSYoungGen: 296000K(312832K)->64K(315904K) Eden: 295936K(295936K)->0K(300032K) From: 64K(16896K)->64K(15872K)
[1199.016s][info][gc,heap        ] GC(2995) ParOldGen: 324672K(325120K)->324688K(325120K)
[1199.016s][info][gc,metaspace   ] GC(2995) Metaspace: 35523K(36224K)->35523K(36224K) NonClass: 29249K(29760K)->29249K(29760K) Class: 6273K(6464K)->6273K(6464K)
[1199.016s][info][gc             ] GC(2995) Pause Young (Allocation Failure) 606M->317M(626M) 1.540ms
[1199.016s][info][gc,cpu         ] GC(2995) User=0.00s Sys=0.00s Real=0.00s
[1199.155s][info][gc,start       ] GC(2996) Pause Young (Allocation Failure)
[1199.156s][info][gc,heap        ] GC(2996) PSYoungGen: 300096K(315904K)->64K(315392K) Eden: 300032K(300032K)->0K(300032K) From: 64K(15872K)->64K(15360K)
[1199.156s][info][gc,heap        ] GC(2996) ParOldGen: 324688K(325120K)->324696K(325120K)
[1199.156s][info][gc,metaspace   ] GC(2996) Metaspace: 35523K(36224K)->35523K(36224K) NonClass: 29249K(29760K)->29249K(29760K) Class: 6273K(6464K)->6273K(6464K)
[1199.156s][info][gc             ] GC(2996) Pause Young (Allocation Failure) 610M->317M(625M) 1.392ms
[1199.156s][info][gc,cpu         ] GC(2996) User=0.01s Sys=0.00s Real=0.00s
[1199.269s][info][gc,start       ] GC(2997) Pause Young (Allocation Failure)
[1199.270s][info][gc,heap        ] GC(2997) PSYoungGen: 300096K(315392K)->64K(317440K) Eden: 300032K(300032K)->0K(303616K) From: 64K(15360K)->64K(13824K)
[1199.270s][info][gc,heap        ] GC(2997) ParOldGen: 324696K(325120K)->324704K(325120K)
[1199.270s][info][gc,metaspace   ] GC(2997) Metaspace: 35523K(36224K)->35523K(36224K) NonClass: 29249K(29760K)->29249K(29760K) Class: 6273K(6464K)->6273K(6464K)
[1199.270s][info][gc             ] GC(2997) Pause Young (Allocation Failure) 610M->317M(627M) 1.475ms
[1199.270s][info][gc,cpu         ] GC(2997) User=0.00s Sys=0.00s Real=0.00s
[1199.500s][info][gc,start       ] GC(2998) Pause Young (Allocation Failure)
[1199.502s][info][gc,heap        ] GC(2998) PSYoungGen: 303680K(317440K)->64K(316928K) Eden: 303616K(303616K)->0K(303616K) From: 64K(13824K)->64K(13312K)
[1199.502s][info][gc,heap        ] GC(2998) ParOldGen: 324704K(325120K)->324712K(325120K)
[1199.502s][info][gc,metaspace   ] GC(2998) Metaspace: 35523K(36224K)->35523K(36224K) NonClass: 29249K(29760K)->29249K(29760K) Class: 6273K(6464K)->6273K(6464K)
[1199.502s][info][gc             ] GC(2998) Pause Young (Allocation Failure) 613M->317M(627M) 1.437ms
[1199.502s][info][gc,cpu         ] GC(2998) User=0.01s Sys=0.00s Real=0.01s
[1200.554s][info][gc,start       ] GC(2999) Pause Young (Allocation Failure)
[1200.556s][info][gc,heap        ] GC(2999) PSYoungGen: 303680K(316928K)->83K(292352K) Eden: 303616K(303616K)->0K(291840K) From: 64K(13312K)->83K(512K)
[1200.556s][info][gc,heap        ] GC(2999) ParOldGen: 324712K(325120K)->324720K(325120K)
[1200.556s][info][gc,metaspace   ] GC(2999) Metaspace: 35523K(36224K)->35523K(36224K) NonClass: 29249K(29760K)->29249K(29760K) Class: 6273K(6464K)->6273K(6464K)
[1200.556s][info][gc             ] GC(2999) Pause Young (Allocation Failure) 613M->317M(603M) 1.469ms
[1200.556s][info][gc,cpu         ] GC(2999) User=0.01s Sys=0.00s Real=0.00s
[1201.591s][info][gc,start       ] GC(3000) Pause Young (Allocation Failure)
[1201.593s][info][gc,heap        ] GC(3000) PSYoungGen: 291923K(292352K)->64K(292352K) Eden: 291840K(291840K)->0K(280576K) From: 83K(512K)->64K(11776K)
[1201.593s][info][gc,heap        ] GC(3000) ParOldGen: 324720K(325120K)->324736K(325120K)
[1201.593s][info][gc,metaspace   ] GC(3000) Metaspace: 35523K(36224K)->35523K(36224K) NonClass: 29249K(29760K)->29249K(29760K) Class: 6273K(6464K)->6273K(6464K)
[1201.593s][info][gc             ] GC(3000) Pause Young (Allocation Failure) 602M->317M(603M) 1.970ms
[1201.593s][info][gc,cpu         ] GC(3000) User=0.01s Sys=0.00s Real=0.00s
[1201.984s][info][gc,start       ] GC(3001) Pause Young (Allocation Failure)
[1201.986s][info][gc,heap        ] GC(3001) PSYoungGen: 280640K(292352K)->64K(270336K) Eden: 280576K(280576K)->0K(269824K) From: 64K(11776K)->64K(512K)
[1201.986s][info][gc,heap        ] GC(3001) ParOldGen: 324736K(325120K)->324744K(325120K)
[1201.986s][info][gc,metaspace   ] GC(3001) Metaspace: 35523K(36224K)->35523K(36224K) NonClass: 29249K(29760K)->29249K(29760K) Class: 6273K(6464K)->6273K(6464K)
[1201.986s][info][gc             ] GC(3001) Pause Young (Allocation Failure) 591M->317M(581M) 2.476ms
[1201.986s][info][gc,cpu         ] GC(3001) User=0.00s Sys=0.00s Real=0.00s
[1202.388s][info][gc,start       ] GC(3002) Pause Young (Allocation Failure)
[1202.390s][info][gc,heap        ] GC(3002) PSYoungGen: 269888K(270336K)->32K(269824K) Eden: 269824K(269824K)->0K(259584K) From: 64K(512K)->32K(10240K)
[1202.390s][info][gc,heap        ] GC(3002) ParOldGen: 324744K(325120K)->324760K(325120K)
[1202.390s][info][gc,metaspace   ] GC(3002) Metaspace: 35523K(36224K)->35523K(36224K) NonClass: 29249K(29760K)->29249K(29760K) Class: 6273K(6464K)->6273K(6464K)
[1202.390s][info][gc             ] GC(3002) Pause Young (Allocation Failure) 580M->317M(581M) 1.717ms
[1202.390s][info][gc,cpu         ] GC(3002) User=0.00s Sys=0.00s Real=0.00s
[1203.450s][info][gc,start       ] GC(3003) Pause Young (Allocation Failure)
[1203.452s][info][gc,heap        ] GC(3003) PSYoungGen: 259616K(269824K)->64K(250368K) Eden: 259584K(259584K)->0K(249856K) From: 32K(10240K)->64K(512K)
[1203.452s][info][gc,heap        ] GC(3003) ParOldGen: 324760K(325120K)->324776K(325120K)
[1203.452s][info][gc,metaspace   ] GC(3003) Metaspace: 35523K(36224K)->35523K(36224K) NonClass: 29249K(29760K)->29249K(29760K) Class: 6273K(6464K)->6273K(6464K)
[1203.452s][info][gc             ] GC(3003) Pause Young (Allocation Failure) 570M->317M(562M) 2.030ms
[1203.452s][info][gc,cpu         ] GC(3003) User=0.00s Sys=0.00s Real=0.01s
[1203.829s][info][gc,start       ] GC(3004) Pause Young (Allocation Failure)
[1203.830s][info][gc,heap        ] GC(3004) PSYoungGen: 249920K(250368K)->64K(249344K) Eden: 249856K(249856K)->0K(240640K) From: 64K(512K)->64K(8704K)
[1203.830s][info][gc,heap        ] GC(3004) ParOldGen: 324776K(325120K)->324792K(325120K)
[1203.830s][info][gc,metaspace   ] GC(3004) Metaspace: 35523K(36224K)->35523K(36224K) NonClass: 29249K(29760K)->29249K(29760K) Class: 6273K(6464K)->6273K(6464K)
[1203.830s][info][gc             ] GC(3004) Pause Young (Allocation Failure) 561M->317M(561M) 1.617ms
[1203.830s][info][gc,cpu         ] GC(3004) User=0.01s Sys=0.00s Real=0.00s
[1203.961s][info][gc,start       ] GC(3005) Pause Young (Allocation Failure)
[1203.963s][info][gc,heap        ] GC(3005) PSYoungGen: 240704K(249344K)->64K(231936K) Eden: 240640K(240640K)->0K(231424K) From: 64K(8704K)->64K(512K)
[1203.963s][info][gc,heap        ] GC(3005) ParOldGen: 324792K(325120K)->324808K(325120K)
[1203.963s][info][gc,metaspace   ] GC(3005) Metaspace: 35523K(36224K)->35523K(36224K) NonClass: 29249K(29760K)->29249K(29760K) Class: 6273K(6464K)->6273K(6464K)
[1203.963s][info][gc             ] GC(3005) Pause Young (Allocation Failure) 552M->317M(544M) 2.541ms
[1203.963s][info][gc,cpu         ] GC(3005) User=0.00s Sys=0.00s Real=0.00s
[1204.315s][info][gc,start       ] GC(3006) Pause Young (Allocation Failure)
[1204.318s][info][gc,heap        ] GC(3006) PSYoungGen: 231488K(231936K)->64K(230400K) Eden: 231424K(231424K)->0K(222720K) From: 64K(512K)->64K(7680K)
[1204.318s][info][gc,heap        ] GC(3006) ParOldGen: 324808K(325120K)->324816K(325120K)
[1204.318s][info][gc,metaspace   ] GC(3006) Metaspace: 35523K(36224K)->35523K(36224K) NonClass: 29249K(29760K)->29249K(29760K) Class: 6273K(6464K)->6273K(6464K)
[1204.318s][info][gc             ] GC(3006) Pause Young (Allocation Failure) 543M->317M(542M) 3.363ms
[1204.318s][info][gc,cpu         ] GC(3006) User=0.00s Sys=0.01s Real=0.00s
[1204.730s][info][gc,start       ] GC(3007) Pause Young (Allocation Failure)
[1204.734s][info][gc,heap        ] GC(3007) PSYoungGen: 222784K(230400K)->32K(215040K) Eden: 222720K(222720K)->0K(214528K) From: 64K(7680K)->32K(512K)
[1204.734s][info][gc,heap        ] GC(3007) ParOldGen: 324816K(325120K)->324832K(325120K)
[1204.734s][info][gc,metaspace   ] GC(3007) Metaspace: 35523K(36224K)->35523K(36224K) NonClass: 29249K(29760K)->29249K(29760K) Class: 6273K(6464K)->6273K(6464K)
[1204.734s][info][gc             ] GC(3007) Pause Young (Allocation Failure) 534M->317M(527M) 4.189ms
[1204.734s][info][gc,cpu         ] GC(3007) User=0.01s Sys=0.00s Real=0.01s
[1205.100s][info][gc,start       ] GC(3008) Pause Young (Allocation Failure)
[1205.104s][info][gc,heap        ] GC(3008) PSYoungGen: 214560K(215040K)->672K(213504K) Eden: 214528K(214528K)->0K(206848K) From: 32K(512K)->672K(6656K)
[1205.104s][info][gc,heap        ] GC(3008) ParOldGen: 324832K(325120K)->324840K(325120K)
[1205.104s][info][gc,metaspace   ] GC(3008) Metaspace: 35523K(36224K)->35523K(36224K) NonClass: 29249K(29760K)->29249K(29760K) Class: 6273K(6464K)->6273K(6464K)
[1205.104s][info][gc             ] GC(3008) Pause Young (Allocation Failure) 526M->317M(526M) 4.343ms
[1205.104s][info][gc,cpu         ] GC(3008) User=0.00s Sys=0.00s Real=0.01s
[1205.347s][info][gc,start       ] GC(3009) Pause Young (Allocation Failure)
[1205.409s][info][gc,heap        ] GC(3009) PSYoungGen: 207520K(213504K)->6144K(253952K) Eden: 206848K(206848K)->0K(247808K) From: 672K(6656K)->6144K(6144K)
[1205.409s][info][gc,heap        ] GC(3009) ParOldGen: 324840K(325120K)->340656K(340992K)
[1205.409s][info][gc,metaspace   ] GC(3009) Metaspace: 35523K(36224K)->35523K(36224K) NonClass: 29249K(29760K)->29249K(29760K) Class: 6273K(6464K)->6273K(6464K)
[1205.409s][info][gc             ] GC(3009) Pause Young (Allocation Failure) 519M->338M(581M) 61.783ms
[1205.409s][info][gc,cpu         ] GC(3009) User=0.07s Sys=0.01s Real=0.06s
[1205.701s][info][gc,start       ] GC(3010) Pause Young (Allocation Failure)
[1205.755s][info][gc,heap        ] GC(3010) PSYoungGen: 253952K(253952K)->13312K(272384K) Eden: 247808K(247808K)->0K(259072K) From: 6144K(6144K)->13312K(13312K)
[1205.755s][info][gc,heap        ] GC(3010) ParOldGen: 340656K(340992K)->354224K(354304K)
[1205.755s][info][gc,metaspace   ] GC(3010) Metaspace: 35523K(36224K)->35523K(36224K) NonClass: 29249K(29760K)->29249K(29760K) Class: 6273K(6464K)->6273K(6464K)
[1205.755s][info][gc             ] GC(3010) Pause Young (Allocation Failure) 580M->358M(612M) 53.559ms
[1205.755s][info][gc,cpu         ] GC(3010) User=0.09s Sys=0.01s Real=0.05s
[1205.996s][info][gc,start       ] GC(3011) Pause Young (Allocation Failure)
[1206.043s][info][gc,heap        ] GC(3011) PSYoungGen: 272384K(272384K)->20096K(305152K) Eden: 259072K(259072K)->0K(283648K) From: 13312K(13312K)->20096K(21504K)
[1206.043s][info][gc,heap        ] GC(3011) ParOldGen: 354224K(354304K)->354720K(354816K)
[1206.043s][info][gc,metaspace   ] GC(3011) Metaspace: 35523K(36224K)->35523K(36224K) NonClass: 29249K(29760K)->29249K(29760K) Class: 6273K(6464K)->6273K(6464K)
[1206.043s][info][gc             ] GC(3011) Pause Young (Allocation Failure) 611M->366M(644M) 46.266ms
[1206.043s][info][gc,cpu         ] GC(3011) User=0.08s Sys=0.02s Real=0.05s
[1206.240s][info][gc,start       ] GC(3012) Pause Young (Allocation Failure)
[1206.241s][info][gc,heap        ] GC(3012) PSYoungGen: 303744K(305152K)->64K(308736K) Eden: 283648K(283648K)->0K(283648K) From: 20096K(21504K)->64K(25088K)
[1206.242s][info][gc,heap        ] GC(3012) ParOldGen: 354720K(354816K)->354728K(354816K)
[1206.242s][info][gc,metaspace   ] GC(3012) Metaspace: 35523K(36224K)->35523K(36224K) NonClass: 29249K(29760K)->29249K(29760K) Class: 6273K(6464K)->6273K(6464K)
[1206.242s][info][gc             ] GC(3012) Pause Young (Allocation Failure) 643M->346M(648M) 1.393ms
[1206.242s][info][gc,cpu         ] GC(3012) User=0.00s Sys=0.00s Real=0.01s
[1206.948s][info][gc,start       ] GC(3013) Pause Young (Allocation Failure)
[1206.949s][info][gc,heap        ] GC(3013) PSYoungGen: 283712K(308736K)->64K(306176K) Eden: 283648K(283648K)->0K(284160K) From: 64K(25088K)->64K(22016K)
[1206.950s][info][gc,heap        ] GC(3013) ParOldGen: 354728K(354816K)->354744K(354816K)
[1206.950s][info][gc,metaspace   ] GC(3013) Metaspace: 35523K(36224K)->35523K(36224K) NonClass: 29249K(29760K)->29249K(29760K) Class: 6273K(6464K)->6273K(6464K)
[1206.950s][info][gc             ] GC(3013) Pause Young (Allocation Failure) 623M->346M(645M) 1.596ms
[1206.950s][info][gc,cpu         ] GC(3013) User=0.01s Sys=0.00s Real=0.00s
[1207.230s][info][gc,start       ] GC(3014) Pause Young (Allocation Failure)
[1207.231s][info][gc,heap        ] GC(3014) PSYoungGen: 284224K(306176K)->64K(307712K) Eden: 284160K(284160K)->0K(284160K) From: 64K(22016K)->64K(23552K)
[1207.231s][info][gc,heap        ] GC(3014) ParOldGen: 354744K(354816K)->354744K(354816K)
[1207.231s][info][gc,metaspace   ] GC(3014) Metaspace: 35523K(36224K)->35523K(36224K) NonClass: 29249K(29760K)->29249K(29760K) Class: 6273K(6464K)->6273K(6464K)
[1207.231s][info][gc             ] GC(3014) Pause Young (Allocation Failure) 623M->346M(647M) 1.511ms
[1207.232s][info][gc,cpu         ] GC(3014) User=0.00s Sys=0.00s Real=0.01s
[1207.676s][info][gc,start       ] GC(3015) Pause Young (Allocation Failure)
[1207.677s][info][gc,heap        ] GC(3015) PSYoungGen: 284224K(307712K)->64K(307712K) Eden: 284160K(284160K)->0K(287232K) From: 64K(23552K)->64K(20480K)
[1207.677s][info][gc,heap        ] GC(3015) ParOldGen: 354744K(354816K)->354760K(354816K)
[1207.677s][info][gc,metaspace   ] GC(3015) Metaspace: 35523K(36224K)->35523K(36224K) NonClass: 29249K(29760K)->29249K(29760K) Class: 6273K(6464K)->6273K(6464K)
[1207.677s][info][gc             ] GC(3015) Pause Young (Allocation Failure) 623M->346M(647M) 1.462ms
[1207.677s][info][gc,cpu         ] GC(3015) User=0.00s Sys=0.00s Real=0.00s
[1207.906s][info][gc,start       ] GC(3016) Pause Young (Allocation Failure)
[1207.907s][info][gc,heap        ] GC(3016) PSYoungGen: 287296K(307712K)->64K(309248K) Eden: 287232K(287232K)->0K(287232K) From: 64K(20480K)->64K(22016K)
[1207.907s][info][gc,heap        ] GC(3016) ParOldGen: 354760K(354816K)->354776K(354816K)
[1207.907s][info][gc,metaspace   ] GC(3016) Metaspace: 35523K(36224K)->35523K(36224K) NonClass: 29249K(29760K)->29249K(29760K) Class: 6273K(6464K)->6273K(6464K)
[1207.907s][info][gc             ] GC(3016) Pause Young (Allocation Failure) 627M->346M(648M) 1.405ms
[1207.907s][info][gc,cpu         ] GC(3016) User=0.00s Sys=0.00s Real=0.00s
[1208.139s][info][gc,start       ] GC(3017) Pause Young (Allocation Failure)
[1208.140s][info][gc,heap        ] GC(3017) PSYoungGen: 287296K(309248K)->64K(309248K) Eden: 287232K(287232K)->0K(290816K) From: 64K(22016K)->64K(18432K)
[1208.140s][info][gc,heap        ] GC(3017) ParOldGen: 354776K(354816K)->354776K(354816K)
[1208.140s][info][gc,metaspace   ] GC(3017) Metaspace: 35523K(36224K)->35523K(36224K) NonClass: 29249K(29760K)->29249K(29760K) Class: 6273K(6464K)->6273K(6464K)
[1208.140s][info][gc             ] GC(3017) Pause Young (Allocation Failure) 627M->346M(648M) 1.541ms
[1208.140s][info][gc,cpu         ] GC(3017) User=0.00s Sys=0.00s Real=0.00s
[1208.476s][info][gc,start       ] GC(3018) Pause Young (Allocation Failure)
[1208.478s][info][gc,heap        ] GC(3018) PSYoungGen: 290880K(309248K)->64K(310784K) Eden: 290816K(290816K)->0K(290816K) From: 64K(18432K)->64K(19968K)
[1208.478s][info][gc,heap        ] GC(3018) ParOldGen: 354776K(354816K)->354776K(354816K)
[1208.478s][info][gc,metaspace   ] GC(3018) Metaspace: 35523K(36224K)->35523K(36224K) NonClass: 29249K(29760K)->29249K(29760K) Class: 6273K(6464K)->6273K(6464K)
[1208.478s][info][gc             ] GC(3018) Pause Young (Allocation Failure) 630M->346M(650M) 1.779ms
[1208.478s][info][gc,cpu         ] GC(3018) User=0.00s Sys=0.00s Real=0.00s
[1208.532s][info][gc,start       ] GC(3019) Pause Young (Allocation Failure)
[1208.534s][info][gc,heap        ] GC(3019) PSYoungGen: 290880K(310784K)->32K(311296K) Eden: 290816K(290816K)->0K(294912K) From: 64K(19968K)->32K(16384K)
[1208.534s][info][gc,heap        ] GC(3019) ParOldGen: 354776K(354816K)->354792K(354816K)
[1208.534s][info][gc,metaspace   ] GC(3019) Metaspace: 35523K(36224K)->35523K(36224K) NonClass: 29249K(29760K)->29249K(29760K) Class: 6273K(6464K)->6273K(6464K)
[1208.534s][info][gc             ] GC(3019) Pause Young (Allocation Failure) 630M->346M(650M) 1.758ms
[1208.534s][info][gc,cpu         ] GC(3019) User=0.00s Sys=0.00s Real=0.00s
[1208.613s][info][gc,start       ] GC(3020) Pause Young (Allocation Failure)
[1208.615s][info][gc,heap        ] GC(3020) PSYoungGen: 294944K(311296K)->64K(312832K) Eden: 294912K(294912K)->0K(294912K) From: 32K(16384K)->64K(17920K)
[1208.615s][info][gc,heap        ] GC(3020) ParOldGen: 354792K(354816K)->354792K(354816K)
[1208.615s][info][gc,metaspace   ] GC(3020) Metaspace: 35523K(36224K)->35523K(36224K) NonClass: 29249K(29760K)->29249K(29760K) Class: 6273K(6464K)->6273K(6464K)
[1208.615s][info][gc             ] GC(3020) Pause Young (Allocation Failure) 634M->346M(652M) 1.965ms
[1208.615s][info][gc,cpu         ] GC(3020) User=0.00s Sys=0.00s Real=0.00s
[1208.845s][info][gc,start       ] GC(3021) Pause Young (Allocation Failure)
[1208.847s][info][gc,heap        ] GC(3021) PSYoungGen: 294976K(312832K)->32K(313344K) Eden: 294912K(294912K)->0K(299008K) From: 64K(17920K)->32K(14336K)
[1208.847s][info][gc,heap        ] GC(3021) ParOldGen: 354792K(354816K)->354808K(354816K)
[1208.847s][info][gc,metaspace   ] GC(3021) Metaspace: 35523K(36224K)->35523K(36224K) NonClass: 29249K(29760K)->29249K(29760K) Class: 6273K(6464K)->6273K(6464K)
[1208.847s][info][gc             ] GC(3021) Pause Young (Allocation Failure) 634M->346M(652M) 1.988ms
[1208.847s][info][gc,cpu         ] GC(3021) User=0.00s Sys=0.00s Real=0.00s
[1209.068s][info][gc,start       ] GC(3022) Pause Young (Allocation Failure)
[1209.070s][info][gc,heap        ] GC(3022) PSYoungGen: 299040K(313344K)->64K(314880K) Eden: 299008K(299008K)->0K(299008K) From: 32K(14336K)->64K(15872K)
[1209.070s][info][gc,heap        ] GC(3022) ParOldGen: 354808K(354816K)->354808K(354816K)
[1209.070s][info][gc,metaspace   ] GC(3022) Metaspace: 35523K(36224K)->35523K(36224K) NonClass: 29249K(29760K)->29249K(29760K) Class: 6273K(6464K)->6273K(6464K)
[1209.070s][info][gc             ] GC(3022) Pause Young (Allocation Failure) 638M->346M(654M) 2.066ms
[1209.070s][info][gc,cpu         ] GC(3022) User=0.00s Sys=0.00s Real=0.00s
[1209.155s][info][gc,start       ] GC(3023) Pause Young (Allocation Failure)
[1209.157s][info][gc,heap        ] GC(3023) PSYoungGen: 299072K(314880K)->64K(316416K) Eden: 299008K(299008K)->0K(303104K) From: 64K(15872K)->64K(13312K)
[1209.157s][info][gc,heap        ] GC(3023) ParOldGen: 354808K(354816K)->354824K(355328K)
[1209.157s][info][gc,metaspace   ] GC(3023) Metaspace: 35523K(36224K)->35523K(36224K) NonClass: 29249K(29760K)->29249K(29760K) Class: 6273K(6464K)->6273K(6464K)
[1209.157s][info][gc             ] GC(3023) Pause Young (Allocation Failure) 638M->346M(656M) 1.988ms
[1209.157s][info][gc,cpu         ] GC(3023) User=0.00s Sys=0.00s Real=0.00s
[1209.298s][info][gc,start       ] GC(3024) Pause Young (Allocation Failure)
[1209.299s][info][gc,heap        ] GC(3024) PSYoungGen: 303168K(316416K)->64K(317440K) Eden: 303104K(303104K)->0K(303104K) From: 64K(13312K)->64K(14336K)
[1209.300s][info][gc,heap        ] GC(3024) ParOldGen: 354824K(355328K)->354824K(355328K)
[1209.300s][info][gc,metaspace   ] GC(3024) Metaspace: 35523K(36224K)->35523K(36224K) NonClass: 29249K(29760K)->29249K(29760K) Class: 6273K(6464K)->6273K(6464K)
[1209.300s][info][gc             ] GC(3024) Pause Young (Allocation Failure) 642M->346M(657M) 1.991ms
[1209.300s][info][gc,cpu         ] GC(3024) User=0.00s Sys=0.00s Real=0.00s
[1209.689s][info][gc,start       ] GC(3025) Pause Young (Allocation Failure)
[1209.691s][info][gc,heap        ] GC(3025) PSYoungGen: 303168K(317440K)->64K(317440K) Eden: 303104K(303104K)->0K(306176K) From: 64K(14336K)->64K(11264K)
[1209.691s][info][gc,heap        ] GC(3025) ParOldGen: 354824K(355328K)->354832K(355328K)
[1209.691s][info][gc,metaspace   ] GC(3025) Metaspace: 35523K(36224K)->35523K(36224K) NonClass: 29249K(29760K)->29249K(29760K) Class: 6273K(6464K)->6273K(6464K)
[1209.691s][info][gc             ] GC(3025) Pause Young (Allocation Failure) 642M->346M(657M) 2.019ms
[1209.691s][info][gc,cpu         ] GC(3025) User=0.01s Sys=0.00s Real=0.01s
[1210.513s][info][gc,start       ] GC(3026) Pause Young (Allocation Failure)
[1210.515s][info][gc,heap        ] GC(3026) PSYoungGen: 306240K(317440K)->51K(318464K) Eden: 306176K(306176K)->0K(306176K) From: 64K(11264K)->51K(12288K)
[1210.515s][info][gc,heap        ] GC(3026) ParOldGen: 354832K(355328K)->354840K(355328K)
[1210.515s][info][gc,metaspace   ] GC(3026) Metaspace: 35523K(36224K)->35523K(36224K) NonClass: 29249K(29760K)->29249K(29760K) Class: 6273K(6464K)->6273K(6464K)
[1210.515s][info][gc             ] GC(3026) Pause Young (Allocation Failure) 645M->346M(658M) 2.175ms
[1210.515s][info][gc,cpu         ] GC(3026) User=0.01s Sys=0.01s Real=0.00s
[1211.627s][info][gc,start       ] GC(3027) Pause Young (Allocation Failure)
[1211.630s][info][gc,heap        ] GC(3027) PSYoungGen: 306227K(318464K)->32K(294400K) Eden: 306176K(306176K)->0K(293888K) From: 51K(12288K)->32K(512K)
[1211.630s][info][gc,heap        ] GC(3027) ParOldGen: 354840K(355328K)->354848K(355328K)
[1211.630s][info][gc,metaspace   ] GC(3027) Metaspace: 35523K(36224K)->35523K(36224K) NonClass: 29249K(29760K)->29249K(29760K) Class: 6273K(6464K)->6273K(6464K)
[1211.630s][info][gc             ] GC(3027) Pause Young (Allocation Failure) 645M->346M(634M) 2.665ms
[1211.630s][info][gc,cpu         ] GC(3027) User=0.00s Sys=0.00s Real=0.00s
[1212.154s][info][gc,start       ] GC(3028) Pause Young (Allocation Failure)
[1212.156s][info][gc,heap        ] GC(3028) PSYoungGen: 293920K(294400K)->64K(292864K) Eden: 293888K(293888K)->0K(282112K) From: 32K(512K)->64K(10752K)
[1212.156s][info][gc,heap        ] GC(3028) ParOldGen: 354848K(355328K)->354856K(355328K)
[1212.156s][info][gc,metaspace   ] GC(3028) Metaspace: 35523K(36224K)->35523K(36224K) NonClass: 29249K(29760K)->29249K(29760K) Class: 6273K(6464K)->6273K(6464K)
[1212.156s][info][gc             ] GC(3028) Pause Young (Allocation Failure) 633M->346M(633M) 1.499ms
[1212.156s][info][gc,cpu         ] GC(3028) User=0.00s Sys=0.00s Real=0.00s
[1213.416s][info][gc,start       ] GC(3029) Pause Young (Allocation Failure)
[1213.419s][info][gc,heap        ] GC(3029) PSYoungGen: 282176K(292864K)->32K(271872K) Eden: 282112K(282112K)->0K(271360K) From: 64K(10752K)->32K(512K)
[1213.419s][info][gc,heap        ] GC(3029) ParOldGen: 354856K(355328K)->354864K(355328K)
[1213.419s][info][gc,metaspace   ] GC(3029) Metaspace: 35523K(36224K)->35523K(36224K) NonClass: 29249K(29760K)->29249K(29760K) Class: 6273K(6464K)->6273K(6464K)
[1213.419s][info][gc             ] GC(3029) Pause Young (Allocation Failure) 622M->346M(612M) 3.359ms
[1213.419s][info][gc,cpu         ] GC(3029) User=0.00s Sys=0.00s Real=0.00s
[1213.889s][info][gc,start       ] GC(3030) Pause Young (Allocation Failure)
[1213.891s][info][gc,heap        ] GC(3030) PSYoungGen: 271392K(271872K)->64K(270336K) Eden: 271360K(271360K)->0K(261120K) From: 32K(512K)->64K(9216K)
[1213.891s][info][gc,heap        ] GC(3030) ParOldGen: 354864K(355328K)->354872K(355328K)
[1213.891s][info][gc,metaspace   ] GC(3030) Metaspace: 35523K(36224K)->35523K(36224K) NonClass: 29249K(29760K)->29249K(29760K) Class: 6273K(6464K)->6273K(6464K)
[1213.891s][info][gc             ] GC(3030) Pause Young (Allocation Failure) 611M->346M(611M) 2.330ms
[1213.891s][info][gc,cpu         ] GC(3030) User=0.00s Sys=0.00s Real=0.01s
[1214.100s][info][gc,start       ] GC(3031) Pause Young (Allocation Failure)
[1214.103s][info][gc,heap        ] GC(3031) PSYoungGen: 261184K(270336K)->64K(251904K) Eden: 261120K(261120K)->0K(251392K) From: 64K(9216K)->64K(512K)
[1214.103s][info][gc,heap        ] GC(3031) ParOldGen: 354872K(355328K)->354888K(355328K)
[1214.103s][info][gc,metaspace   ] GC(3031) Metaspace: 35523K(36224K)->35523K(36224K) NonClass: 29249K(29760K)->29249K(29760K) Class: 6273K(6464K)->6273K(6464K)
[1214.103s][info][gc             ] GC(3031) Pause Young (Allocation Failure) 601M->346M(593M) 3.443ms
[1214.103s][info][gc,cpu         ] GC(3031) User=0.00s Sys=0.00s Real=0.01s
[1214.338s][info][gc,start       ] GC(3032) Pause Young (Allocation Failure)
[1214.339s][info][gc,heap        ] GC(3032) PSYoungGen: 251456K(251904K)->64K(249856K) Eden: 251392K(251392K)->0K(241664K) From: 64K(512K)->64K(8192K)
[1214.339s][info][gc,heap        ] GC(3032) ParOldGen: 354888K(355328K)->354896K(355328K)
[1214.339s][info][gc,metaspace   ] GC(3032) Metaspace: 35523K(36224K)->35523K(36224K) NonClass: 29249K(29760K)->29249K(29760K) Class: 6273K(6464K)->6273K(6464K)
[1214.339s][info][gc             ] GC(3032) Pause Young (Allocation Failure) 592M->346M(591M) 1.380ms
[1214.339s][info][gc,cpu         ] GC(3032) User=0.00s Sys=0.00s Real=0.00s
[1214.982s][info][gc,start       ] GC(3033) Pause Young (Allocation Failure)
[1214.984s][info][gc,heap        ] GC(3033) PSYoungGen: 241728K(249856K)->64K(232960K) Eden: 241664K(241664K)->0K(232448K) From: 64K(8192K)->64K(512K)
[1214.984s][info][gc,heap        ] GC(3033) ParOldGen: 354896K(355328K)->354904K(355328K)
[1214.984s][info][gc,metaspace   ] GC(3033) Metaspace: 35523K(36224K)->35523K(36224K) NonClass: 29249K(29760K)->29249K(29760K) Class: 6273K(6464K)->6273K(6464K)
[1214.984s][info][gc             ] GC(3033) Pause Young (Allocation Failure) 582M->346M(574M) 2.261ms
[1214.984s][info][gc,cpu         ] GC(3033) User=0.00s Sys=0.00s Real=0.00s
[1215.321s][info][gc,start       ] GC(3034) Pause Young (Allocation Failure)
[1215.323s][info][gc,heap        ] GC(3034) PSYoungGen: 232512K(232960K)->64K(230912K) Eden: 232448K(232448K)->0K(223744K) From: 64K(512K)->64K(7168K)
[1215.323s][info][gc,heap        ] GC(3034) ParOldGen: 354904K(355328K)->354912K(355328K)
[1215.323s][info][gc,metaspace   ] GC(3034) Metaspace: 35523K(36224K)->35523K(36224K) NonClass: 29249K(29760K)->29249K(29760K) Class: 6273K(6464K)->6273K(6464K)
[1215.323s][info][gc             ] GC(3034) Pause Young (Allocation Failure) 573M->346M(572M) 1.556ms
[1215.323s][info][gc,cpu         ] GC(3034) User=0.00s Sys=0.00s Real=0.00s
[1215.655s][info][gc,start       ] GC(3035) Pause Young (Allocation Failure)
[1215.701s][info][gc,heap        ] GC(3035) PSYoungGen: 223808K(230912K)->6656K(274432K) Eden: 223744K(223744K)->0K(267776K) From: 64K(7168K)->6656K(6656K)
[1215.701s][info][gc,heap        ] GC(3035) ParOldGen: 354912K(355328K)->369320K(369664K)
[1215.701s][info][gc,metaspace   ] GC(3035) Metaspace: 35523K(36224K)->35523K(36224K) NonClass: 29249K(29760K)->29249K(29760K) Class: 6273K(6464K)->6273K(6464K)
[1215.701s][info][gc             ] GC(3035) Pause Young (Allocation Failure) 565M->367M(629M) 46.441ms
[1215.701s][info][gc,cpu         ] GC(3035) User=0.08s Sys=0.01s Real=0.05s
[1216.068s][info][gc,start       ] GC(3036) Pause Young (Allocation Failure)
[1216.146s][info][gc,heap        ] GC(3036) PSYoungGen: 274432K(274432K)->13312K(284160K) Eden: 267776K(267776K)->0K(270848K) From: 6656K(6656K)->13312K(13312K)
[1216.146s][info][gc,heap        ] GC(3036) ParOldGen: 369320K(369664K)->384960K(385024K)
[1216.146s][info][gc,metaspace   ] GC(3036) Metaspace: 35523K(36224K)->35523K(36224K) NonClass: 29249K(29760K)->29249K(29760K) Class: 6273K(6464K)->6273K(6464K)
[1216.146s][info][gc             ] GC(3036) Pause Young (Allocation Failure) 628M->388M(653M) 78.738ms
[1216.146s][info][gc,cpu         ] GC(3036) User=0.13s Sys=0.01s Real=0.08s
[1216.421s][info][gc,start       ] GC(3037) Pause Young (Allocation Failure)
[1216.485s][info][gc,heap        ] GC(3037) PSYoungGen: 284160K(284160K)->19488K(304640K) Eden: 270848K(270848K)->0K(282624K) From: 13312K(13312K)->19488K(22016K)
[1216.485s][info][gc,heap        ] GC(3037) ParOldGen: 384960K(385024K)->385536K(386048K)
[1216.485s][info][gc,metaspace   ] GC(3037) Metaspace: 35523K(36224K)->35523K(36224K) NonClass: 29249K(29760K)->29249K(29760K) Class: 6273K(6464K)->6273K(6464K)
[1216.485s][info][gc             ] GC(3037) Pause Young (Allocation Failure) 653M->395M(674M) 64.348ms
[1216.485s][info][gc,cpu         ] GC(3037) User=0.12s Sys=0.01s Real=0.06s
[1216.746s][info][gc,start       ] GC(3038) Pause Young (Allocation Failure)
[1216.748s][info][gc,heap        ] GC(3038) PSYoungGen: 302112K(304640K)->32K(308224K) Eden: 282624K(282624K)->0K(282624K) From: 19488K(22016K)->32K(25600K)
[1216.748s][info][gc,heap        ] GC(3038) ParOldGen: 385536K(386048K)->385544K(386048K)
[1216.748s][info][gc,metaspace   ] GC(3038) Metaspace: 35523K(36224K)->35523K(36224K) NonClass: 29249K(29760K)->29249K(29760K) Class: 6273K(6464K)->6273K(6464K)
[1216.748s][info][gc             ] GC(3038) Pause Young (Allocation Failure) 671M->376M(678M) 1.997ms
[1216.748s][info][gc,cpu         ] GC(3038) User=0.01s Sys=0.00s Real=0.00s
[1217.511s][info][gc,start       ] GC(3039) Pause Young (Allocation Failure)
[1217.513s][info][gc,heap        ] GC(3039) PSYoungGen: 282656K(308224K)->64K(305664K) Eden: 282624K(282624K)->0K(283136K) From: 32K(25600K)->64K(22528K)
[1217.513s][info][gc,heap        ] GC(3039) ParOldGen: 385544K(386048K)->385552K(386048K)
[1217.513s][info][gc,metaspace   ] GC(3039) Metaspace: 35523K(36224K)->35523K(36224K) NonClass: 29249K(29760K)->29249K(29760K) Class: 6273K(6464K)->6273K(6464K)
[1217.513s][info][gc             ] GC(3039) Pause Young (Allocation Failure) 652M->376M(675M) 1.780ms
[1217.513s][info][gc,cpu         ] GC(3039) User=0.01s Sys=0.00s Real=0.00s
[1217.809s][info][gc,start       ] GC(3040) Pause Young (Allocation Failure)
[1217.810s][info][gc,heap        ] GC(3040) PSYoungGen: 283200K(305664K)->64K(307200K) Eden: 283136K(283136K)->0K(283136K) From: 64K(22528K)->64K(24064K)
[1217.810s][info][gc,heap        ] GC(3040) ParOldGen: 385552K(386048K)->385568K(386048K)
[1217.810s][info][gc,metaspace   ] GC(3040) Metaspace: 35523K(36224K)->35523K(36224K) NonClass: 29249K(29760K)->29249K(29760K) Class: 6273K(6464K)->6273K(6464K)
[1217.810s][info][gc             ] GC(3040) Pause Young (Allocation Failure) 653M->376M(677M) 1.646ms
[1217.810s][info][gc,cpu         ] GC(3040) User=0.00s Sys=0.00s Real=0.00s
[1218.387s][info][gc,start       ] GC(3041) Pause Young (Allocation Failure)
[1218.389s][info][gc,heap        ] GC(3041) PSYoungGen: 283200K(307200K)->64K(308224K) Eden: 283136K(283136K)->0K(286720K) From: 64K(24064K)->64K(21504K)
[1218.389s][info][gc,heap        ] GC(3041) ParOldGen: 385568K(386048K)->385576K(386048K)
[1218.389s][info][gc,metaspace   ] GC(3041) Metaspace: 35523K(36224K)->35523K(36224K) NonClass: 29249K(29760K)->29249K(29760K) Class: 6273K(6464K)->6273K(6464K)
[1218.389s][info][gc             ] GC(3041) Pause Young (Allocation Failure) 653M->376M(678M) 1.960ms
[1218.389s][info][gc,cpu         ] GC(3041) User=0.01s Sys=0.00s Real=0.00s
[1218.629s][info][gc,start       ] GC(3042) Pause Young (Allocation Failure)
[1218.631s][info][gc,heap        ] GC(3042) PSYoungGen: 286784K(308224K)->32K(309248K) Eden: 286720K(286720K)->0K(286720K) From: 64K(21504K)->32K(22528K)
[1218.631s][info][gc,heap        ] GC(3042) ParOldGen: 385576K(386048K)->385592K(386048K)
[1218.631s][info][gc,metaspace   ] GC(3042) Metaspace: 35523K(36224K)->35523K(36224K) NonClass: 29249K(29760K)->29249K(29760K) Class: 6273K(6464K)->6273K(6464K)
[1218.631s][info][gc             ] GC(3042) Pause Young (Allocation Failure) 656M->376M(679M) 2.150ms
[1218.631s][info][gc,cpu         ] GC(3042) User=0.01s Sys=0.00s Real=0.01s
[1218.870s][info][gc,start       ] GC(3043) Pause Young (Allocation Failure)
[1218.872s][info][gc,heap        ] GC(3043) PSYoungGen: 286752K(309248K)->32K(309248K) Eden: 286720K(286720K)->0K(289792K) From: 32K(22528K)->32K(19456K)
[1218.872s][info][gc,heap        ] GC(3043) ParOldGen: 385592K(386048K)->385592K(386048K)
[1218.872s][info][gc,metaspace   ] GC(3043) Metaspace: 35523K(36224K)->35523K(36224K) NonClass: 29249K(29760K)->29249K(29760K) Class: 6273K(6464K)->6273K(6464K)
[1218.872s][info][gc             ] GC(3043) Pause Young (Allocation Failure) 656M->376M(679M) 2.159ms
[1218.872s][info][gc,cpu         ] GC(3043) User=0.00s Sys=0.00s Real=0.01s
[1219.214s][info][gc,start       ] GC(3044) Pause Young (Allocation Failure)
[1219.216s][info][gc,heap        ] GC(3044) PSYoungGen: 289824K(309248K)->64K(310272K) Eden: 289792K(289792K)->0K(289792K) From: 32K(19456K)->64K(20480K)
[1219.216s][info][gc,heap        ] GC(3044) ParOldGen: 385592K(386048K)->385592K(386048K)
[1219.216s][info][gc,metaspace   ] GC(3044) Metaspace: 35523K(36224K)->35523K(36224K) NonClass: 29249K(29760K)->29249K(29760K) Class: 6273K(6464K)->6273K(6464K)
[1219.216s][info][gc             ] GC(3044) Pause Young (Allocation Failure) 659M->376M(680M) 1.652ms
[1219.216s][info][gc,cpu         ] GC(3044) User=0.00s Sys=0.00s Real=0.00s
[1219.273s][info][gc,start       ] GC(3045) Pause Young (Allocation Failure)
[1219.275s][info][gc,heap        ] GC(3045) PSYoungGen: 289856K(310272K)->64K(311296K) Eden: 289792K(289792K)->0K(293888K) From: 64K(20480K)->64K(17408K)
[1219.275s][info][gc,heap        ] GC(3045) ParOldGen: 385592K(386048K)->385608K(386048K)
[1219.275s][info][gc,metaspace   ] GC(3045) Metaspace: 35523K(36224K)->35523K(36224K) NonClass: 29249K(29760K)->29249K(29760K) Class: 6273K(6464K)->6273K(6464K)
[1219.275s][info][gc             ] GC(3045) Pause Young (Allocation Failure) 659M->376M(681M) 1.555ms
[1219.275s][info][gc,cpu         ] GC(3045) User=0.00s Sys=0.00s Real=0.00s
[1219.358s][info][gc,start       ] GC(3046) Pause Young (Allocation Failure)
[1219.360s][info][gc,heap        ] GC(3046) PSYoungGen: 293952K(311296K)->64K(312320K) Eden: 293888K(293888K)->0K(293888K) From: 64K(17408K)->64K(18432K)
[1219.360s][info][gc,heap        ] GC(3046) ParOldGen: 385608K(386048K)->385608K(386048K)
[1219.360s][info][gc,metaspace   ] GC(3046) Metaspace: 35523K(36224K)->35523K(36224K) NonClass: 29249K(29760K)->29249K(29760K) Class: 6273K(6464K)->6273K(6464K)
[1219.360s][info][gc             ] GC(3046) Pause Young (Allocation Failure) 663M->376M(682M) 1.546ms
[1219.360s][info][gc,cpu         ] GC(3046) User=0.00s Sys=0.00s Real=0.00s
[1219.610s][info][gc,start       ] GC(3047) Pause Young (Allocation Failure)
[1219.612s][info][gc,heap        ] GC(3047) PSYoungGen: 293952K(312320K)->64K(313344K) Eden: 293888K(293888K)->0K(297984K) From: 64K(18432K)->64K(15360K)
[1219.612s][info][gc,heap        ] GC(3047) ParOldGen: 385608K(386048K)->385624K(386048K)
[1219.612s][info][gc,metaspace   ] GC(3047) Metaspace: 35523K(36224K)->35523K(36224K) NonClass: 29249K(29760K)->29249K(29760K) Class: 6273K(6464K)->6273K(6464K)
[1219.612s][info][gc             ] GC(3047) Pause Young (Allocation Failure) 663M->376M(683M) 1.601ms
[1219.612s][info][gc,cpu         ] GC(3047) User=0.00s Sys=0.00s Real=0.01s
[1219.844s][info][gc,start       ] GC(3048) Pause Young (Allocation Failure)
[1219.846s][info][gc,heap        ] GC(3048) PSYoungGen: 298048K(313344K)->64K(314368K) Eden: 297984K(297984K)->0K(297984K) From: 64K(15360K)->64K(16384K)
[1219.846s][info][gc,heap        ] GC(3048) ParOldGen: 385624K(386048K)->385624K(386048K)
[1219.846s][info][gc,metaspace   ] GC(3048) Metaspace: 35523K(36224K)->35523K(36224K) NonClass: 29249K(29760K)->29249K(29760K) Class: 6273K(6464K)->6273K(6464K)
[1219.846s][info][gc             ] GC(3048) Pause Young (Allocation Failure) 667M->376M(684M) 1.606ms
[1219.846s][info][gc,cpu         ] GC(3048) User=0.01s Sys=0.00s Real=0.00s
[1219.936s][info][gc,start       ] GC(3049) Pause Young (Allocation Failure)
[1219.937s][info][gc,heap        ] GC(3049) PSYoungGen: 298048K(314368K)->64K(315392K) Eden: 297984K(297984K)->0K(302080K) From: 64K(16384K)->64K(13312K)
[1219.937s][info][gc,heap        ] GC(3049) ParOldGen: 385624K(386048K)->385640K(386048K)
[1219.937s][info][gc,metaspace   ] GC(3049) Metaspace: 35523K(36224K)->35523K(36224K) NonClass: 29249K(29760K)->29249K(29760K) Class: 6273K(6464K)->6273K(6464K)
[1219.937s][info][gc             ] GC(3049) Pause Young (Allocation Failure) 667M->376M(685M) 1.612ms
[1219.937s][info][gc,cpu         ] GC(3049) User=0.00s Sys=0.00s Real=0.00s
[1220.095s][info][gc,start       ] GC(3050) Pause Young (Allocation Failure)
[1220.097s][info][gc,heap        ] GC(3050) PSYoungGen: 302144K(315392K)->64K(316416K) Eden: 302080K(302080K)->0K(302080K) From: 64K(13312K)->64K(14336K)
[1220.097s][info][gc,heap        ] GC(3050) ParOldGen: 385640K(386048K)->385640K(386048K)
[1220.097s][info][gc,metaspace   ] GC(3050) Metaspace: 35523K(36224K)->35523K(36224K) NonClass: 29249K(29760K)->29249K(29760K) Class: 6273K(6464K)->6273K(6464K)
[1220.097s][info][gc             ] GC(3050) Pause Young (Allocation Failure) 671M->376M(686M) 2.269ms
[1220.097s][info][gc,cpu         ] GC(3050) User=0.01s Sys=0.00s Real=0.00s
[1220.510s][info][gc,start       ] GC(3051) Pause Young (Allocation Failure)
