[0.002s][info][metaspace]  - commit_granule_bytes: 65536.
[0.002s][info][metaspace]  - commit_granule_words: 8192.
[0.002s][info][metaspace]  - virtual_space_node_default_size: 8388608.
[0.002s][info][metaspace]  - enlarge_chunks_in_place: 1.
[0.004s][info][gc,init  ] CardTable entry size: 512
[0.005s][info][gc       ] Using Parallel
[0.005s][info][gc,init  ] Version: 24-internal-adhoc.root.jdk (release)
[0.005s][info][gc,init  ] CPUs: 2 total, 2 available
[0.005s][info][gc,init  ] Memory: 3908M
[0.006s][info][gc,init  ] Large Page Support: Disabled
[0.006s][info][gc,init  ] NUMA Support: Disabled
[0.006s][info][gc,init  ] Compressed Oops: Enabled (32-bit)
[0.006s][info][gc,init  ] Alignments: Space 512K, Generation 512K, Heap 2M
[0.006s][info][gc,init  ] Heap Min Capacity: 256M
[0.006s][info][gc,init  ] Heap Initial Capacity: 256M
[0.006s][info][gc,init  ] Heap Max Capacity: 978M
[0.006s][info][gc,init  ] Pre-touch: Disabled
[0.006s][info][gc,init  ] Parallel Workers: 2
[0.021s][info][gc,metaspace] CDS archive(s) mapped at: [0x00007fb882000000-0x00007fb882dc0000-0x00007fb882dc0000), size 14417920, SharedBaseAddress: 0x00007fb882000000, ArchiveRelocationMode: 1.
[0.022s][info][gc,metaspace] Compressed class space mapped at: 0x00007fb883000000-0x00007fb8c3000000, reserved size: 1073741824
[0.022s][info][gc,metaspace] UseCompressedClassPointers 1, UseCompactObjectHeaders 0
[0.022s][info][gc,metaspace] Narrow klass pointer bits 32, Max shift 3
[0.022s][info][gc,metaspace] Narrow klass base: 0x00007fb882000000, Narrow klass shift: 0
[0.022s][info][gc,metaspace] Encoding Range: [0x00007fb882000000 - 0x00007fb982000000), (4294967296 bytes)
[0.022s][info][gc,metaspace] Klass Range:    [0x00007fb882000000 - 0x00007fb8c3000000), (1090519040 bytes)
[0.022s][info][gc,metaspace] Klass ID Range:  [8 - 1090519033) (1090519025)
[1.318s][info][gc,start    ] GC(0) Pause Young (Allocation Failure)
[1.328s][info][gc,heap     ] GC(0) PSYoungGen: 65536K(76288K)->8919K(76288K) Eden: 65536K(65536K)->0K(65536K) From: 0K(10752K)->8919K(10752K)
[1.328s][info][gc,heap     ] GC(0) ParOldGen: 1157K(175104K)->1165K(175104K)
[1.328s][info][gc,metaspace] GC(0) Metaspace: 8683K(8832K)->8683K(8832K) NonClass: 7992K(8064K)->7992K(8064K) Class: 691K(768K)->691K(768K)
[1.328s][info][gc          ] GC(0) Pause Young (Allocation Failure) 65M->9M(245M) 10.539ms
[1.328s][info][gc,cpu      ] GC(0) User=0.01s Sys=0.01s Real=0.01s
[2.110s][info][metaspace   ] Arena @0x00007fb8e00557a0 (non-class arena): commit failure (requested size: 67)
[2.110s][info][metaspace   ] ChkMgr @0x00007fb8e003aa80 (non-class-space): failed to commit 67 words on chunk @0x00007fb87c0059b8, f, base 0x00007fb879380000, level lv05.
[2.110s][info][metaspace   ] Arena @0x00007fb8e00557a0 (non-class arena): failed to allocate new chunk for requested word size 67.
[2.110s][info][metaspace   ] Arena @0x00007fb8e00557a0 (non-class arena): allocation failed, returned null.
[2.110s][info][metaspace   ] Arena @0x00007fb8e00557a0 (non-class arena): commit failure (requested size: 67)
[2.110s][info][metaspace   ] ChkMgr @0x00007fb8e003aa80 (non-class-space): failed to commit 67 words on chunk @0x00007fb87c0059b8, f, base 0x00007fb879380000, level lv05.
[2.110s][info][metaspace   ] Arena @0x00007fb8e00557a0 (non-class arena): failed to allocate new chunk for requested word size 67.
[2.110s][info][metaspace   ] Arena @0x00007fb8e00557a0 (non-class arena): allocation failed, returned null.
[2.111s][info][metaspace   ] Arena @0x00007fb8e00557a0 (non-class arena): commit failure (requested size: 67)
[2.111s][info][metaspace   ] ChkMgr @0x00007fb8e003aa80 (non-class-space): failed to commit 67 words on chunk @0x00007fb87c0059b8, f, base 0x00007fb879380000, level lv05.
[2.111s][info][metaspace   ] Arena @0x00007fb8e00557a0 (non-class arena): failed to allocate new chunk for requested word size 67.
[2.111s][info][metaspace   ] Arena @0x00007fb8e00557a0 (non-class arena): allocation failed, returned null.
[2.111s][info][gc,start    ] GC(1) Pause Full (Metadata GC Threshold)
[2.111s][info][gc,phases,start] GC(1) Marking Phase
[2.123s][info][gc,phases      ] GC(1) Marking Phase 12.630ms
[2.123s][info][gc,phases,start] GC(1) Summary Phase
[2.123s][info][gc,phases      ] GC(1) Summary Phase 0.010ms
[2.123s][info][gc,phases,start] GC(1) Forward
[2.125s][info][gc,phases      ] GC(1) Forward 1.854ms
[2.125s][info][gc,phases,start] GC(1) Adjust Pointers
[2.131s][info][gc,phases      ] GC(1) Adjust Pointers 5.731ms
[2.131s][info][gc,phases,start] GC(1) Compaction Phase
[2.138s][info][gc,phases      ] GC(1) Compaction Phase 7.278ms
[2.138s][info][gc,phases,start] GC(1) Post Compact
[2.140s][info][gc,phases      ] GC(1) Post Compact 1.595ms
[2.140s][info][gc,heap        ] GC(1) PSYoungGen: 57598K(76288K)->0K(76288K) Eden: 48679K(65536K)->0K(65536K) From: 8919K(10752K)->0K(10752K)
[2.140s][info][gc,heap        ] GC(1) ParOldGen: 1165K(175104K)->11074K(175104K)
[2.140s][info][gc,metaspace   ] GC(1) Metaspace: 21387K(21504K)->21387K(21504K) NonClass: 19387K(19456K)->19387K(19456K) Class: 1999K(2048K)->1999K(2048K)
[2.140s][info][gc             ] GC(1) Pause Full (Metadata GC Threshold) 57M->10M(245M) 29.431ms
[2.140s][info][gc,cpu         ] GC(1) User=0.04s Sys=0.01s Real=0.03s
[3.308s][info][gc,start       ] GC(2) Pause Young (Allocation Failure)
[3.316s][info][gc,heap        ] GC(2) PSYoungGen: 65514K(76288K)->4127K(76288K) Eden: 65514K(65536K)->0K(65536K) From: 0K(10752K)->4127K(10752K)
[3.316s][info][gc,heap        ] GC(2) ParOldGen: 181208K(214528K)->181216K(214528K)
[3.316s][info][gc,metaspace   ] GC(2) Metaspace: 31487K(31680K)->31487K(31680K) NonClass: 28473K(28608K)->28473K(28608K) Class: 3013K(3072K)->3013K(3072K)
[3.316s][info][gc             ] GC(2) Pause Young (Allocation Failure) 240M->180M(284M) 7.937ms
[3.316s][info][gc,cpu         ] GC(2) User=0.01s Sys=0.00s Real=0.01s
[3.572s][info][metaspace      ] ChkMgr @0x00007fb8e003aa80 (non-class-space): failed to commit 11 words on chunk @0x00007fb834692bb8, f, base 0x00007fb87a000000, level lv10.
[3.572s][info][metaspace      ] Arena @0x00007fb8e0226020 (non-class arena): failed to allocate new chunk for requested word size 11.
[3.572s][info][metaspace      ] Arena @0x00007fb8e0226020 (non-class arena): allocation failed, returned null.
[3.572s][info][metaspace      ] ChkMgr @0x00007fb8e003aa80 (non-class-space): failed to commit 11 words on chunk @0x00007fb834692bb8, f, base 0x00007fb87a000000, level lv10.
[3.572s][info][metaspace      ] Arena @0x00007fb8e0226020 (non-class arena): failed to allocate new chunk for requested word size 11.
[3.572s][info][metaspace      ] Arena @0x00007fb8e0226020 (non-class arena): allocation failed, returned null.
[3.572s][info][metaspace      ] ChkMgr @0x00007fb8e003aa80 (non-class-space): failed to commit 11 words on chunk @0x00007fb834692bb8, f, base 0x00007fb87a000000, level lv10.
[3.572s][info][metaspace      ] Arena @0x00007fb8e0226020 (non-class arena): failed to allocate new chunk for requested word size 11.
[3.572s][info][metaspace      ] Arena @0x00007fb8e0226020 (non-class arena): allocation failed, returned null.
[3.572s][info][gc,start       ] GC(3) Pause Full (Metadata GC Threshold)
[3.572s][info][gc,phases,start] GC(3) Marking Phase
[3.595s][info][gc,phases      ] GC(3) Marking Phase 22.707ms
[3.595s][info][gc,phases,start] GC(3) Summary Phase
[3.595s][info][gc,phases      ] GC(3) Summary Phase 0.023ms
[3.595s][info][gc,phases,start] GC(3) Forward
[3.598s][info][gc,phases      ] GC(3) Forward 3.745ms
[3.598s][info][gc,phases,start] GC(3) Adjust Pointers
[3.608s][info][gc,phases      ] GC(3) Adjust Pointers 9.138ms
[3.608s][info][gc,phases,start] GC(3) Compaction Phase
[3.631s][info][gc,phases      ] GC(3) Compaction Phase 23.275ms
[3.631s][info][gc,phases,start] GC(3) Post Compact
[3.635s][info][gc,phases      ] GC(3) Post Compact 3.442ms
[3.635s][info][gc,heap        ] GC(3) PSYoungGen: 64632K(76288K)->44406K(76288K) Eden: 60505K(65536K)->44406K(65536K) From: 4127K(10752K)->0K(10752K)
[3.635s][info][gc,heap        ] GC(3) ParOldGen: 181216K(214528K)->180979K(214528K)
[3.635s][info][gc,metaspace   ] GC(3) Metaspace: 35681K(35840K)->35681K(35840K) NonClass: 32293K(32384K)->32293K(32384K) Class: 3388K(3456K)->3388K(3456K)
[3.635s][info][gc             ] GC(3) Pause Full (Metadata GC Threshold) 240M->220M(284M) 62.763ms
[3.635s][info][gc,cpu         ] GC(3) User=0.10s Sys=0.00s Real=0.06s
[3.877s][info][gc,start       ] GC(4) Pause Young (Allocation Failure)
[3.963s][info][gc,heap        ] GC(4) PSYoungGen: 65536K(76288K)->6487K(76288K) Eden: 65536K(65536K)->0K(65536K) From: 0K(10752K)->6487K(10752K)
[3.963s][info][gc,heap        ] GC(4) ParOldGen: 180979K(214528K)->220049K(253952K)
[3.963s][info][gc,metaspace   ] GC(4) Metaspace: 39371K(39616K)->39371K(39616K) NonClass: 35659K(35840K)->35659K(35840K) Class: 3712K(3776K)->3712K(3776K)
[3.963s][info][gc             ] GC(4) Pause Young (Allocation Failure) 240M->221M(322M) 86.030ms
[3.963s][info][gc,cpu         ] GC(4) User=0.14s Sys=0.02s Real=0.08s
[4.887s][info][gc,start       ] GC(5) Pause Young (Allocation Failure)
[4.903s][info][gc,heap        ] GC(5) PSYoungGen: 72023K(76288K)->9312K(141824K) Eden: 65536K(65536K)->0K(131072K) From: 6487K(10752K)->9312K(10752K)
[4.903s][info][gc,heap        ] GC(5) ParOldGen: 220049K(253952K)->220057K(253952K)
[4.903s][info][gc,metaspace   ] GC(5) Metaspace: 49338K(49600K)->49338K(49600K) NonClass: 44393K(44544K)->44393K(44544K) Class: 4945K(5056K)->4945K(5056K)
[4.903s][info][gc             ] GC(5) Pause Young (Allocation Failure) 285M->223M(386M) 16.857ms
[4.903s][info][gc,cpu         ] GC(5) User=0.02s Sys=0.01s Real=0.01s
[7.680s][info][gc,start       ] GC(6) Pause Young (Allocation Failure)
[7.732s][info][gc,heap        ] GC(6) PSYoungGen: 140384K(141824K)->10750K(141824K) Eden: 131072K(131072K)->0K(131072K) From: 9312K(10752K)->10750K(10752K)
[7.732s][info][gc,heap        ] GC(6) ParOldGen: 220057K(253952K)->238982K(253952K)
[7.732s][info][gc,metaspace   ] GC(6) Metaspace: 54232K(54592K)->54232K(54592K) NonClass: 48646K(48896K)->48646K(48896K) Class: 5586K(5696K)->5586K(5696K)
[7.732s][info][gc             ] GC(6) Pause Young (Allocation Failure) 351M->243M(386M) 51.743ms
[7.732s][info][gc,cpu         ] GC(6) User=0.07s Sys=0.03s Real=0.05s
[8.342s][info][gc,start       ] GC(7) Pause Young (Allocation Failure)
[8.394s][info][gc,heap        ] GC(7) PSYoungGen: 141607K(141824K)->25587K(274944K) Eden: 130857K(131072K)->0K(249344K) From: 10750K(10752K)->25587K(25600K)
[8.394s][info][gc,heap        ] GC(7) ParOldGen: 238982K(253952K)->252185K(253952K)
[8.394s][info][gc,metaspace   ] GC(7) Metaspace: 54649K(54976K)->54649K(54976K) NonClass: 49062K(49280K)->49062K(49280K) Class: 5586K(5696K)->5586K(5696K)
[8.394s][info][gc             ] GC(7) Pause Young (Allocation Failure) 371M->271M(516M) 51.671ms
[8.394s][info][gc,cpu         ] GC(7) User=0.08s Sys=0.02s Real=0.05s
[9.709s][info][gc,start       ] GC(8) Pause Young (Allocation Failure)
[9.780s][info][gc,heap        ] GC(8) PSYoungGen: 274931K(274944K)->38388K(287744K) Eden: 249344K(249344K)->0K(249344K) From: 25587K(25600K)->38388K(38400K)
[9.780s][info][gc,heap        ] GC(8) ParOldGen: 252185K(253952K)->258655K(259072K)
[9.780s][info][gc,metaspace   ] GC(8) Metaspace: 54934K(55296K)->54934K(55296K) NonClass: 49336K(49600K)->49336K(49600K) Class: 5597K(5696K)->5597K(5696K)
[9.780s][info][gc             ] GC(8) Pause Young (Allocation Failure) 514M->290M(534M) 70.954ms
[9.780s][info][gc,cpu         ] GC(8) User=0.11s Sys=0.03s Real=0.07s
[10.859s][info][gc,start       ] GC(9) Pause Young (Allocation Failure)
[10.936s][info][gc,heap        ] GC(9) PSYoungGen: 287732K(287744K)->39723K(270336K) Eden: 249344K(249344K)->0K(224256K) From: 38388K(38400K)->39723K(46080K)
[10.936s][info][gc,heap        ] GC(9) ParOldGen: 258655K(259072K)->265322K(265728K)
[10.936s][info][gc,metaspace   ] GC(9) Metaspace: 55252K(55552K)->55252K(55552K) NonClass: 49654K(49856K)->49654K(49856K) Class: 5597K(5696K)->5597K(5696K)
[10.936s][info][gc             ] GC(9) Pause Young (Allocation Failure) 533M->297M(523M) 77.044ms
[10.936s][info][gc,cpu         ] GC(9) User=0.13s Sys=0.02s Real=0.08s
[11.762s][info][gc,start       ] GC(10) Pause Young (Allocation Failure)
[11.818s][info][gc,heap        ] GC(10) PSYoungGen: 263929K(270336K)->23713K(279040K) Eden: 224205K(224256K)->0K(224256K) From: 39723K(46080K)->23713K(54784K)
[11.819s][info][gc,heap        ] GC(10) ParOldGen: 265322K(265728K)->281811K(282112K)
[11.819s][info][gc,metaspace   ] GC(10) Metaspace: 55307K(55616K)->55307K(55616K) NonClass: 49710K(49920K)->49710K(49920K) Class: 5597K(5696K)->5597K(5696K)
[11.819s][info][gc             ] GC(10) Pause Young (Allocation Failure) 516M->298M(548M) 56.395ms
[11.819s][info][gc,cpu         ] GC(10) User=0.10s Sys=0.01s Real=0.06s
[12.509s][info][gc,start       ] GC(11) Pause Young (Allocation Failure)
[12.541s][info][gc,heap        ] GC(11) PSYoungGen: 247969K(279040K)->13727K(273920K) Eden: 224256K(224256K)->0K(227328K) From: 23713K(54784K)->13727K(46592K)
[12.541s][info][gc,heap        ] GC(11) ParOldGen: 281811K(282112K)->292189K(292352K)
[12.541s][info][gc,metaspace   ] GC(11) Metaspace: 55357K(55680K)->55357K(55680K) NonClass: 49759K(49984K)->49759K(49984K) Class: 5597K(5696K)->5597K(5696K)
[12.541s][info][gc             ] GC(11) Pause Young (Allocation Failure) 517M->298M(553M) 31.623ms
[12.541s][info][gc,cpu         ] GC(11) User=0.06s Sys=0.01s Real=0.03s
[13.111s][info][gc,start       ] GC(12) Pause Young (Allocation Failure)
[13.131s][info][gc,heap        ] GC(12) PSYoungGen: 241055K(273920K)->13599K(278016K) Eden: 227328K(227328K)->0K(227328K) From: 13727K(46592K)->13599K(50688K)
[13.131s][info][gc,heap        ] GC(12) ParOldGen: 292189K(292352K)->292557K(292864K)
[13.131s][info][gc,metaspace   ] GC(12) Metaspace: 55357K(55680K)->55357K(55680K) NonClass: 49759K(49984K)->49759K(49984K) Class: 5597K(5696K)->5597K(5696K)
[13.132s][info][gc             ] GC(12) Pause Young (Allocation Failure) 520M->298M(557M) 20.074ms
[13.132s][info][gc,cpu         ] GC(12) User=0.04s Sys=0.00s Real=0.02s
[13.772s][info][gc,start       ] GC(13) Pause Young (Allocation Failure)
[13.787s][info][gc,heap        ] GC(13) PSYoungGen: 240800K(278016K)->9888K(279552K) Eden: 227201K(227328K)->0K(233984K) From: 13599K(50688K)->9888K(45568K)
[13.787s][info][gc,heap        ] GC(13) ParOldGen: 292557K(292864K)->292693K(292864K)
[13.787s][info][gc,metaspace   ] GC(13) Metaspace: 55368K(55680K)->55368K(55680K) NonClass: 49770K(49984K)->49770K(49984K) Class: 5598K(5696K)->5598K(5696K)
[13.787s][info][gc             ] GC(13) Pause Young (Allocation Failure) 520M->295M(559M) 14.752ms
[13.787s][info][gc,cpu         ] GC(13) User=0.03s Sys=0.00s Real=0.02s
[14.493s][info][gc,start       ] GC(14) Pause Young (Allocation Failure)
[14.501s][info][gc,heap        ] GC(14) PSYoungGen: 243872K(279552K)->5119K(282112K) Eden: 233984K(233984K)->0K(233984K) From: 9888K(45568K)->5119K(48128K)
[14.501s][info][gc,heap        ] GC(14) ParOldGen: 292693K(292864K)->292837K(292864K)
[14.501s][info][gc,metaspace   ] GC(14) Metaspace: 55384K(55680K)->55384K(55680K) NonClass: 49782K(49984K)->49782K(49984K) Class: 5601K(5696K)->5601K(5696K)
[14.501s][info][gc             ] GC(14) Pause Young (Allocation Failure) 523M->290M(561M) 8.324ms
[14.501s][info][gc,cpu         ] GC(14) User=0.01s Sys=0.00s Real=0.01s
[15.129s][info][gc,start       ] GC(15) Pause Young (Allocation Failure)
[15.139s][info][gc,heap        ] GC(15) PSYoungGen: 239103K(282112K)->2335K(285184K) Eden: 233984K(233984K)->0K(238080K) From: 5119K(48128K)->2335K(47104K)
[15.139s][info][gc,heap        ] GC(15) ParOldGen: 292837K(292864K)->293016K(293376K)
[15.139s][info][gc,metaspace   ] GC(15) Metaspace: 55386K(55680K)->55386K(55680K) NonClass: 49784K(49984K)->49784K(49984K) Class: 5601K(5696K)->5601K(5696K)
[15.139s][info][gc             ] GC(15) Pause Young (Allocation Failure) 519M->288M(565M) 9.673ms
[15.139s][info][gc,cpu         ] GC(15) User=0.02s Sys=0.00s Real=0.01s
[15.682s][info][gc,start       ] GC(16) Pause Young (Allocation Failure)
[15.686s][info][gc,heap        ] GC(16) PSYoungGen: 240415K(285184K)->1343K(285696K) Eden: 238080K(238080K)->0K(238080K) From: 2335K(47104K)->1343K(47616K)
[15.686s][info][gc,heap        ] GC(16) ParOldGen: 293016K(293376K)->293152K(293376K)
[15.686s][info][gc,metaspace   ] GC(16) Metaspace: 55386K(55680K)->55386K(55680K) NonClass: 49784K(49984K)->49784K(49984K) Class: 5601K(5696K)->5601K(5696K)
[15.686s][info][gc             ] GC(16) Pause Young (Allocation Failure) 520M->287M(565M) 4.215ms
[15.686s][info][gc,cpu         ] GC(16) User=0.01s Sys=0.00s Real=0.01s
[16.285s][info][gc,start       ] GC(17) Pause Young (Allocation Failure)
[16.289s][info][gc,heap        ] GC(17) PSYoungGen: 239423K(285696K)->1855K(284160K) Eden: 238080K(238080K)->0K(239104K) From: 1343K(47616K)->1855K(45056K)
[16.289s][info][gc,heap        ] GC(17) ParOldGen: 293152K(293376K)->293272K(293376K)
[16.289s][info][gc,metaspace   ] GC(17) Metaspace: 55387K(55680K)->55387K(55680K) NonClass: 49785K(49984K)->49785K(49984K) Class: 5601K(5696K)->5601K(5696K)
[16.289s][info][gc             ] GC(17) Pause Young (Allocation Failure) 520M->288M(564M) 3.924ms
[16.289s][info][gc,cpu         ] GC(17) User=0.00s Sys=0.00s Real=0.01s
[16.840s][info][gc,start       ] GC(18) Pause Young (Allocation Failure)
[16.847s][info][gc,heap        ] GC(18) PSYoungGen: 240919K(284160K)->3552K(285184K) Eden: 239064K(239104K)->0K(239104K) From: 1855K(45056K)->3552K(46080K)
[16.847s][info][gc,heap        ] GC(18) ParOldGen: 293272K(293376K)->293376K(293888K)
[16.847s][info][gc,metaspace   ] GC(18) Metaspace: 55387K(55680K)->55387K(55680K) NonClass: 49785K(49984K)->49785K(49984K) Class: 5601K(5696K)->5601K(5696K)
[16.847s][info][gc             ] GC(18) Pause Young (Allocation Failure) 521M->289M(565M) 6.523ms
[16.847s][info][gc,cpu         ] GC(18) User=0.02s Sys=0.00s Real=0.01s
[17.345s][info][gc,start       ] GC(19) Pause Young (Allocation Failure)
[17.350s][info][gc,heap        ] GC(19) PSYoungGen: 242656K(285184K)->2943K(286208K) Eden: 239104K(239104K)->0K(243200K) From: 3552K(46080K)->2943K(43008K)
[17.350s][info][gc,heap        ] GC(19) ParOldGen: 293376K(293888K)->293464K(293888K)
[17.350s][info][gc,metaspace   ] GC(19) Metaspace: 55387K(55680K)->55387K(55680K) NonClass: 49785K(49984K)->49785K(49984K) Class: 5601K(5696K)->5601K(5696K)
[17.350s][info][gc             ] GC(19) Pause Young (Allocation Failure) 523M->289M(566M) 5.399ms
[17.350s][info][gc,cpu         ] GC(19) User=0.01s Sys=0.00s Real=0.01s
[17.939s][info][gc,start       ] GC(20) Pause Young (Allocation Failure)
[17.946s][info][gc,heap        ] GC(20) PSYoungGen: 246143K(286208K)->2975K(286720K) Eden: 243200K(243200K)->0K(243200K) From: 2943K(43008K)->2975K(43520K)
[17.946s][info][gc,heap        ] GC(20) ParOldGen: 293464K(293888K)->293560K(293888K)
[17.946s][info][gc,metaspace   ] GC(20) Metaspace: 55388K(55680K)->55388K(55680K) NonClass: 49786K(49984K)->49786K(49984K) Class: 5602K(5696K)->5602K(5696K)
[17.946s][info][gc             ] GC(20) Pause Young (Allocation Failure) 526M->289M(567M) 6.929ms
[17.946s][info][gc,cpu         ] GC(20) User=0.01s Sys=0.00s Real=0.01s
[18.460s][info][gc,start       ] GC(21) Pause Young (Allocation Failure)
[18.466s][info][gc,heap        ] GC(21) PSYoungGen: 246078K(286720K)->2016K(288768K) Eden: 243103K(243200K)->0K(248832K) From: 2975K(43520K)->2016K(39936K)
[18.466s][info][gc,heap        ] GC(21) ParOldGen: 293560K(293888K)->293640K(293888K)
[18.466s][info][gc,metaspace   ] GC(21) Metaspace: 55405K(55744K)->55405K(55744K) NonClass: 49800K(50048K)->49800K(50048K) Class: 5605K(5696K)->5605K(5696K)
[18.466s][info][gc             ] GC(21) Pause Young (Allocation Failure) 526M->288M(569M) 5.576ms
[18.466s][info][gc,cpu         ] GC(21) User=0.01s Sys=0.00s Real=0.01s
[19.142s][info][gc,start       ] GC(22) Pause Young (Allocation Failure)
[19.148s][info][gc,heap        ] GC(22) PSYoungGen: 250768K(288768K)->1952K(288768K) Eden: 248752K(248832K)->0K(248832K) From: 2016K(39936K)->1952K(39936K)
[19.148s][info][gc,heap        ] GC(22) ParOldGen: 293640K(293888K)->293736K(293888K)
[19.148s][info][gc,metaspace   ] GC(22) Metaspace: 55405K(55744K)->55405K(55744K) NonClass: 49800K(50048K)->49800K(50048K) Class: 5605K(5696K)->5605K(5696K)
[19.148s][info][gc             ] GC(22) Pause Young (Allocation Failure) 531M->288M(569M) 6.085ms
[19.148s][info][gc,cpu         ] GC(22) User=0.01s Sys=0.00s Real=0.01s
[19.723s][info][gc,start       ] GC(23) Pause Young (Allocation Failure)
[19.728s][info][gc,heap        ] GC(23) PSYoungGen: 250641K(288768K)->1823K(292352K) Eden: 248689K(248832K)->0K(255488K) From: 1952K(39936K)->1823K(36864K)
[19.728s][info][gc,heap        ] GC(23) ParOldGen: 293736K(293888K)->293816K(293888K)
[19.728s][info][gc,metaspace   ] GC(23) Metaspace: 55407K(55744K)->55407K(55744K) NonClass: 49802K(50048K)->49802K(50048K) Class: 5605K(5696K)->5605K(5696K)
[19.728s][info][gc             ] GC(23) Pause Young (Allocation Failure) 531M->288M(572M) 5.661ms
[19.728s][info][gc,cpu         ] GC(23) User=0.01s Sys=0.00s Real=0.01s
[20.327s][info][gc,start       ] GC(24) Pause Young (Allocation Failure)
[20.331s][info][gc,heap        ] GC(24) PSYoungGen: 257311K(292352K)->1951K(292352K) Eden: 255488K(255488K)->0K(255488K) From: 1823K(36864K)->1951K(36864K)
[20.331s][info][gc,heap        ] GC(24) ParOldGen: 293816K(293888K)->293888K(294400K)
[20.331s][info][gc,metaspace   ] GC(24) Metaspace: 55407K(55744K)->55407K(55744K) NonClass: 49802K(50048K)->49802K(50048K) Class: 5605K(5696K)->5605K(5696K)
[20.331s][info][gc             ] GC(24) Pause Young (Allocation Failure) 538M->288M(573M) 4.534ms
[20.331s][info][gc,cpu         ] GC(24) User=0.01s Sys=0.00s Real=0.00s
[20.922s][info][gc,start       ] GC(25) Pause Young (Allocation Failure)
[20.926s][info][gc,heap        ] GC(25) PSYoungGen: 257439K(292352K)->1312K(263680K) Eden: 255488K(255488K)->0K(245760K) From: 1951K(36864K)->1312K(17920K)
[20.926s][info][gc,heap        ] GC(25) ParOldGen: 293888K(294400K)->293960K(294400K)
[20.926s][info][gc,metaspace   ] GC(25) Metaspace: 55407K(55744K)->55407K(55744K) NonClass: 49802K(50048K)->49802K(50048K) Class: 5605K(5696K)->5605K(5696K)
[20.926s][info][gc             ] GC(25) Pause Young (Allocation Failure) 538M->288M(545M) 4.335ms
[20.926s][info][gc,cpu         ] GC(25) User=0.01s Sys=0.00s Real=0.01s
[21.451s][info][gc,start       ] GC(26) Pause Young (Allocation Failure)
[21.456s][info][gc,heap        ] GC(26) PSYoungGen: 247072K(263680K)->1535K(238080K) Eden: 245760K(245760K)->0K(236544K) From: 1312K(17920K)->1535K(1536K)
[21.456s][info][gc,heap        ] GC(26) ParOldGen: 293960K(294400K)->294032K(294400K)
[21.456s][info][gc,metaspace   ] GC(26) Metaspace: 55407K(55744K)->55407K(55744K) NonClass: 49802K(50048K)->49802K(50048K) Class: 5605K(5696K)->5605K(5696K)
[21.456s][info][gc             ] GC(26) Pause Young (Allocation Failure) 528M->288M(520M) 4.378ms
[21.456s][info][gc,cpu         ] GC(26) User=0.00s Sys=0.00s Real=0.01s
[22.028s][info][gc,start       ] GC(27) Pause Young (Allocation Failure)
[22.033s][info][gc,heap        ] GC(27) PSYoungGen: 238079K(238080K)->1536K(246784K) Eden: 236544K(236544K)->0K(227328K) From: 1535K(1536K)->1536K(19456K)
[22.033s][info][gc,heap        ] GC(27) ParOldGen: 294032K(294400K)->294088K(294400K)
[22.033s][info][gc,metaspace   ] GC(27) Metaspace: 55417K(55744K)->55417K(55744K) NonClass: 49812K(50048K)->49812K(50048K) Class: 5605K(5696K)->5605K(5696K)
[22.033s][info][gc             ] GC(27) Pause Young (Allocation Failure) 519M->288M(528M) 4.990ms
[22.033s][info][gc,cpu         ] GC(27) User=0.01s Sys=0.00s Real=0.00s
[22.571s][info][gc,start       ] GC(28) Pause Young (Allocation Failure)
[22.575s][info][gc,heap        ] GC(28) PSYoungGen: 228864K(246784K)->1695K(220672K) Eden: 227328K(227328K)->0K(218624K) From: 1536K(19456K)->1695K(2048K)
[22.575s][info][gc,heap        ] GC(28) ParOldGen: 294088K(294400K)->294144K(294400K)
[22.575s][info][gc,metaspace   ] GC(28) Metaspace: 55417K(55744K)->55417K(55744K) NonClass: 49812K(50048K)->49812K(50048K) Class: 5605K(5696K)->5605K(5696K)
[22.575s][info][gc             ] GC(28) Pause Young (Allocation Failure) 510M->288M(503M) 4.304ms
[22.575s][info][gc,cpu         ] GC(28) User=0.01s Sys=0.00s Real=0.00s
[23.025s][info][gc,start       ] GC(29) Pause Young (Allocation Failure)
[23.032s][info][gc,heap        ] GC(29) PSYoungGen: 220319K(220672K)->2720K(227840K) Eden: 218624K(218624K)->0K(210432K) From: 1695K(2048K)->2720K(17408K)
[23.032s][info][gc,heap        ] GC(29) ParOldGen: 294144K(294400K)->294192K(294400K)
[23.032s][info][gc,metaspace   ] GC(29) Metaspace: 55417K(55744K)->55417K(55744K) NonClass: 49812K(50048K)->49812K(50048K) Class: 5605K(5696K)->5605K(5696K)
[23.032s][info][gc             ] GC(29) Pause Young (Allocation Failure) 502M->289M(510M) 6.393ms
[23.032s][info][gc,cpu         ] GC(29) User=0.01s Sys=0.01s Real=0.00s
[23.518s][info][gc,start       ] GC(30) Pause Young (Allocation Failure)
[23.524s][info][gc,heap        ] GC(30) PSYoungGen: 213152K(227840K)->2463K(205312K) Eden: 210432K(210432K)->0K(202752K) From: 2720K(17408K)->2463K(2560K)
[23.524s][info][gc,heap        ] GC(30) ParOldGen: 294192K(294400K)->294240K(294400K)
[23.524s][info][gc,metaspace   ] GC(30) Metaspace: 55418K(55744K)->55418K(55744K) NonClass: 49813K(50048K)->49813K(50048K) Class: 5605K(5696K)->5605K(5696K)
[23.524s][info][gc             ] GC(30) Pause Young (Allocation Failure) 495M->289M(488M) 5.565ms
[23.524s][info][gc,cpu         ] GC(30) User=0.01s Sys=0.00s Real=0.00s
[24.009s][info][gc,start       ] GC(31) Pause Young (Allocation Failure)
[24.012s][info][gc,heap        ] GC(31) PSYoungGen: 205215K(205312K)->832K(211456K) Eden: 202752K(202752K)->0K(195584K) From: 2463K(2560K)->832K(15872K)
[24.012s][info][gc,heap        ] GC(31) ParOldGen: 294240K(294400K)->294288K(294400K)
[24.012s][info][gc,metaspace   ] GC(31) Metaspace: 55418K(55744K)->55418K(55744K) NonClass: 49813K(50048K)->49813K(50048K) Class: 5605K(5696K)->5605K(5696K)
[24.012s][info][gc             ] GC(31) Pause Young (Allocation Failure) 487M->288M(494M) 3.437ms
[24.012s][info][gc,cpu         ] GC(31) User=0.00s Sys=0.00s Real=0.00s
[24.428s][info][gc,start       ] GC(32) Pause Young (Allocation Failure)
[24.434s][info][gc,heap        ] GC(32) PSYoungGen: 196416K(211456K)->3263K(192000K) Eden: 195584K(195584K)->0K(188416K) From: 832K(15872K)->3263K(3584K)
[24.434s][info][gc,heap        ] GC(32) ParOldGen: 294288K(294400K)->294328K(294400K)
[24.434s][info][gc,metaspace   ] GC(32) Metaspace: 55418K(55744K)->55418K(55744K) NonClass: 49813K(50048K)->49813K(50048K) Class: 5605K(5696K)->5605K(5696K)
[24.434s][info][gc             ] GC(32) Pause Young (Allocation Failure) 479M->290M(475M) 6.421ms
[24.434s][info][gc,cpu         ] GC(32) User=0.01s Sys=0.00s Real=0.00s
[24.856s][info][gc,start       ] GC(33) Pause Young (Allocation Failure)
[24.860s][info][gc,heap        ] GC(33) PSYoungGen: 191679K(192000K)->959K(194560K) Eden: 188415K(188416K)->0K(181760K) From: 3263K(3584K)->959K(12800K)
[24.860s][info][gc,heap        ] GC(33) ParOldGen: 294328K(294400K)->294376K(294400K)
[24.860s][info][gc,metaspace   ] GC(33) Metaspace: 55419K(55744K)->55419K(55744K) NonClass: 49814K(50048K)->49814K(50048K) Class: 5605K(5696K)->5605K(5696K)
[24.860s][info][gc             ] GC(33) Pause Young (Allocation Failure) 474M->288M(477M) 3.473ms
[24.860s][info][gc,cpu         ] GC(33) User=0.00s Sys=0.00s Real=0.00s
[25.310s][info][gc,start       ] GC(34) Pause Young (Allocation Failure)
[25.313s][info][gc,heap        ] GC(34) PSYoungGen: 182719K(194560K)->1074K(176640K) Eden: 181760K(181760K)->0K(175104K) From: 959K(12800K)->1074K(1536K)
[25.313s][info][gc,heap        ] GC(34) ParOldGen: 294376K(294400K)->294416K(294912K)
[25.313s][info][gc,metaspace   ] GC(34) Metaspace: 55419K(55744K)->55419K(55744K) NonClass: 49814K(50048K)->49814K(50048K) Class: 5605K(5696K)->5605K(5696K)
[25.314s][info][gc             ] GC(34) Pause Young (Allocation Failure) 465M->288M(460M) 3.635ms
[25.314s][info][gc,cpu         ] GC(34) User=0.01s Sys=0.00s Real=0.00s
[25.710s][info][gc,start       ] GC(35) Pause Young (Allocation Failure)
[25.713s][info][gc,heap        ] GC(35) PSYoungGen: 176178K(176640K)->992K(180736K) Eden: 175104K(175104K)->0K(168960K) From: 1074K(1536K)->992K(11776K)
[25.713s][info][gc,heap        ] GC(35) ParOldGen: 294416K(294912K)->294456K(294912K)
[25.713s][info][gc,metaspace   ] GC(35) Metaspace: 55421K(55744K)->55421K(55744K) NonClass: 49815K(50048K)->49815K(50048K) Class: 5605K(5696K)->5605K(5696K)
[25.713s][info][gc             ] GC(35) Pause Young (Allocation Failure) 459M->288M(464M) 3.576ms
[25.713s][info][gc,cpu         ] GC(35) User=0.01s Sys=0.00s Real=0.00s
[26.054s][info][gc,start       ] GC(36) Pause Young (Allocation Failure)
[26.056s][info][gc,heap        ] GC(36) PSYoungGen: 169832K(180736K)->416K(163840K) Eden: 168840K(168960K)->0K(163328K) From: 992K(11776K)->416K(512K)
[26.057s][info][gc,heap        ] GC(36) ParOldGen: 294456K(294912K)->294488K(294912K)
[26.057s][info][gc,metaspace   ] GC(36) Metaspace: 55421K(55744K)->55421K(55744K) NonClass: 49815K(50048K)->49815K(50048K) Class: 5605K(5696K)->5605K(5696K)
[26.057s][info][gc             ] GC(36) Pause Young (Allocation Failure) 453M->287M(448M) 2.842ms
[26.057s][info][gc,cpu         ] GC(36) User=0.00s Sys=0.01s Real=0.01s
[26.436s][info][gc,start       ] GC(37) Pause Young (Allocation Failure)
[26.442s][info][gc,heap        ] GC(37) PSYoungGen: 163719K(163840K)->2496K(166912K) Eden: 163303K(163328K)->0K(157696K) From: 416K(512K)->2496K(9216K)
[26.442s][info][gc,heap        ] GC(37) ParOldGen: 294488K(294912K)->294520K(294912K)
[26.442s][info][gc,metaspace   ] GC(37) Metaspace: 55421K(55744K)->55421K(55744K) NonClass: 49815K(50048K)->49815K(50048K) Class: 5605K(5696K)->5605K(5696K)
[26.442s][info][gc             ] GC(37) Pause Young (Allocation Failure) 447M->290M(451M) 5.605ms
[26.442s][info][gc,cpu         ] GC(37) User=0.01s Sys=0.00s Real=0.00s
[26.814s][info][gc,start       ] GC(38) Pause Young (Allocation Failure)
[26.817s][info][gc,heap        ] GC(38) PSYoungGen: 160058K(166912K)->1216K(154112K) Eden: 157562K(157696K)->0K(152576K) From: 2496K(9216K)->1216K(1536K)
[26.817s][info][gc,heap        ] GC(38) ParOldGen: 294520K(294912K)->294552K(294912K)
[26.817s][info][gc,metaspace   ] GC(38) Metaspace: 55421K(55744K)->55421K(55744K) NonClass: 49815K(50048K)->49815K(50048K) Class: 5605K(5696K)->5605K(5696K)
[26.817s][info][gc             ] GC(38) Pause Young (Allocation Failure) 443M->288M(438M) 3.577ms
[26.817s][info][gc,cpu         ] GC(38) User=0.01s Sys=0.00s Real=0.01s
[27.135s][info][gc,start       ] GC(39) Pause Young (Allocation Failure)
[27.141s][info][gc,heap        ] GC(39) PSYoungGen: 153792K(154112K)->3199K(169984K) Eden: 152576K(152576K)->0K(154112K) From: 1216K(1536K)->3199K(15872K)
[27.141s][info][gc,heap        ] GC(39) ParOldGen: 294552K(294912K)->294576K(294912K)
[27.141s][info][gc,metaspace   ] GC(39) Metaspace: 55421K(55744K)->55421K(55744K) NonClass: 49815K(50048K)->49815K(50048K) Class: 5605K(5696K)->5605K(5696K)
[27.141s][info][gc             ] GC(39) Pause Young (Allocation Failure) 437M->290M(454M) 5.629ms
[27.141s][info][gc,cpu         ] GC(39) User=0.01s Sys=0.00s Real=0.01s
[27.520s][info][gc,start       ] GC(40) Pause Young (Allocation Failure)
[27.524s][info][gc,heap        ] GC(40) PSYoungGen: 157311K(169984K)->1631K(151040K) Eden: 154112K(154112K)->0K(148992K) From: 3199K(15872K)->1631K(2048K)
[27.524s][info][gc,heap        ] GC(40) ParOldGen: 294576K(294912K)->294608K(294912K)
[27.524s][info][gc,metaspace   ] GC(40) Metaspace: 55421K(55744K)->55421K(55744K) NonClass: 49815K(50048K)->49815K(50048K) Class: 5605K(5696K)->5605K(5696K)
[27.524s][info][gc             ] GC(40) Pause Young (Allocation Failure) 441M->289M(435M) 3.995ms
[27.524s][info][gc,cpu         ] GC(40) User=0.00s Sys=0.00s Real=0.00s
[27.837s][info][gc,start       ] GC(41) Pause Young (Allocation Failure)
[27.842s][info][gc,heap        ] GC(41) PSYoungGen: 150623K(151040K)->2752K(163840K) Eden: 148992K(148992K)->0K(150016K) From: 1631K(2048K)->2752K(13824K)
[27.842s][info][gc,heap        ] GC(41) ParOldGen: 294608K(294912K)->294640K(294912K)
[27.842s][info][gc,metaspace   ] GC(41) Metaspace: 55421K(55744K)->55421K(55744K) NonClass: 49815K(50048K)->49815K(50048K) Class: 5605K(5696K)->5605K(5696K)
[27.842s][info][gc             ] GC(41) Pause Young (Allocation Failure) 434M->290M(448M) 5.186ms
[27.842s][info][gc,cpu         ] GC(41) User=0.01s Sys=0.00s Real=0.00s
[28.194s][info][gc,start       ] GC(42) Pause Young (Allocation Failure)
[28.196s][info][gc,heap        ] GC(42) PSYoungGen: 152763K(163840K)->64K(145408K) Eden: 150011K(150016K)->0K(144896K) From: 2752K(13824K)->64K(512K)
[28.196s][info][gc,heap        ] GC(42) ParOldGen: 294640K(294912K)->294672K(294912K)
[28.196s][info][gc,metaspace   ] GC(42) Metaspace: 55421K(55744K)->55421K(55744K) NonClass: 49815K(50048K)->49815K(50048K) Class: 5605K(5696K)->5605K(5696K)
[28.196s][info][gc             ] GC(42) Pause Young (Allocation Failure) 436M->287M(430M) 2.389ms
[28.196s][info][gc,cpu         ] GC(42) User=0.01s Sys=0.00s Real=0.01s
[28.520s][info][gc,start       ] GC(43) Pause Young (Allocation Failure)
[28.524s][info][gc,heap        ] GC(43) PSYoungGen: 144960K(145408K)->1824K(158208K) Eden: 144896K(144896K)->0K(145920K) From: 64K(512K)->1824K(12288K)
[28.524s][info][gc,heap        ] GC(43) ParOldGen: 294672K(294912K)->294704K(294912K)
[28.524s][info][gc,metaspace   ] GC(43) Metaspace: 55421K(55744K)->55421K(55744K) NonClass: 49815K(50048K)->49815K(50048K) Class: 5605K(5696K)->5605K(5696K)
[28.524s][info][gc             ] GC(43) Pause Young (Allocation Failure) 429M->289M(442M) 3.983ms
[28.524s][info][gc,cpu         ] GC(43) User=0.01s Sys=0.00s Real=0.00s
[28.874s][info][gc,start       ] GC(44) Pause Young (Allocation Failure)
[28.880s][info][gc,heap        ] GC(44) PSYoungGen: 147744K(158208K)->3455K(157184K) Eden: 145920K(145920K)->0K(145920K) From: 1824K(12288K)->3455K(11264K)
[28.880s][info][gc,heap        ] GC(44) ParOldGen: 294704K(294912K)->294728K(294912K)
[28.880s][info][gc,metaspace   ] GC(44) Metaspace: 55421K(55744K)->55421K(55744K) NonClass: 49815K(50048K)->49815K(50048K) Class: 5605K(5696K)->5605K(5696K)
[28.880s][info][gc             ] GC(44) Pause Young (Allocation Failure) 432M->291M(441M) 5.912ms
[28.880s][info][gc,cpu         ] GC(44) User=0.02s Sys=0.00s Real=0.01s
[29.157s][info][gc,start       ] GC(45) Pause Young (Allocation Failure)
[29.159s][info][gc,heap        ] GC(45) PSYoungGen: 149375K(157184K)->703K(187904K) Eden: 145920K(145920K)->0K(178176K) From: 3455K(11264K)->703K(9728K)
[29.159s][info][gc,heap        ] GC(45) ParOldGen: 294728K(294912K)->294760K(294912K)
[29.159s][info][gc,metaspace   ] GC(45) Metaspace: 55421K(55744K)->55421K(55744K) NonClass: 49815K(50048K)->49815K(50048K) Class: 5605K(5696K)->5605K(5696K)
[29.159s][info][gc             ] GC(45) Pause Young (Allocation Failure) 433M->288M(471M) 2.469ms
[29.159s][info][gc,cpu         ] GC(45) User=0.01s Sys=0.00s Real=0.00s
[29.607s][info][gc,start       ] GC(46) Pause Young (Allocation Failure)
[29.609s][info][gc,heap        ] GC(46) PSYoungGen: 178879K(187904K)->416K(172544K) Eden: 178176K(178176K)->0K(172032K) From: 703K(9728K)->416K(512K)
[29.609s][info][gc,heap        ] GC(46) ParOldGen: 294760K(294912K)->294792K(294912K)
[29.609s][info][gc,metaspace   ] GC(46) Metaspace: 55422K(55744K)->55422K(55744K) NonClass: 49817K(50048K)->49817K(50048K) Class: 5605K(5696K)->5605K(5696K)
[29.609s][info][gc             ] GC(46) Pause Young (Allocation Failure) 462M->288M(456M) 2.391ms
[29.609s][info][gc,cpu         ] GC(46) User=0.01s Sys=0.00s Real=0.00s
[29.954s][info][gc,start       ] GC(47) Pause Young (Allocation Failure)
[29.956s][info][gc,heap        ] GC(47) PSYoungGen: 172448K(172544K)->824K(168448K) Eden: 172032K(172032K)->0K(165888K) From: 416K(512K)->824K(2560K)
[29.956s][info][gc,heap        ] GC(47) ParOldGen: 294792K(294912K)->294824K(294912K)
[29.956s][info][gc,metaspace   ] GC(47) Metaspace: 55425K(55744K)->55425K(55744K) NonClass: 49819K(50048K)->49819K(50048K) Class: 5606K(5696K)->5606K(5696K)
[29.956s][info][gc             ] GC(47) Pause Young (Allocation Failure) 456M->288M(452M) 2.668ms
[29.956s][info][gc,cpu         ] GC(47) User=0.00s Sys=0.00s Real=0.01s
[30.337s][info][gc,start       ] GC(48) Pause Young (Allocation Failure)
[30.342s][info][gc,heap        ] GC(48) PSYoungGen: 166541K(168448K)->2496K(162816K) Eden: 165716K(165888K)->0K(160256K) From: 824K(2560K)->2496K(2560K)
[30.342s][info][gc,heap        ] GC(48) ParOldGen: 294824K(294912K)->294848K(294912K)
[30.342s][info][gc,metaspace   ] GC(48) Metaspace: 55425K(55744K)->55425K(55744K) NonClass: 49819K(50048K)->49819K(50048K) Class: 5606K(5696K)->5606K(5696K)
[30.342s][info][gc             ] GC(48) Pause Young (Allocation Failure) 450M->290M(447M) 4.943ms
[30.342s][info][gc,cpu         ] GC(48) User=0.01s Sys=0.00s Real=0.00s
[30.724s][info][gc,start       ] GC(49) Pause Young (Allocation Failure)
[30.728s][info][gc,heap        ] GC(49) PSYoungGen: 162752K(162816K)->2304K(174080K) Eden: 160256K(160256K)->0K(165376K) From: 2496K(2560K)->2304K(8704K)
[30.728s][info][gc,heap        ] GC(49) ParOldGen: 294848K(294912K)->294872K(294912K)
[30.728s][info][gc,metaspace   ] GC(49) Metaspace: 55425K(55744K)->55425K(55744K) NonClass: 49819K(50048K)->49819K(50048K) Class: 5606K(5696K)->5606K(5696K)
[30.728s][info][gc             ] GC(49) Pause Young (Allocation Failure) 446M->290M(458M) 4.759ms
[30.728s][info][gc,cpu         ] GC(49) User=0.01s Sys=0.00s Real=0.01s
[31.111s][info][gc,start       ] GC(50) Pause Young (Allocation Failure)
[31.114s][info][gc,heap        ] GC(50) PSYoungGen: 167680K(174080K)->1439K(161280K) Eden: 165376K(165376K)->0K(159744K) From: 2304K(8704K)->1439K(1536K)
[31.114s][info][gc,heap        ] GC(50) ParOldGen: 294872K(294912K)->294904K(294912K)
[31.114s][info][gc,metaspace   ] GC(50) Metaspace: 55425K(55744K)->55425K(55744K) NonClass: 49819K(50048K)->49819K(50048K) Class: 5606K(5696K)->5606K(5696K)
[31.114s][info][gc             ] GC(50) Pause Young (Allocation Failure) 451M->289M(445M) 3.318ms
[31.114s][info][gc,cpu         ] GC(50) User=0.01s Sys=0.00s Real=0.00s
[31.446s][info][gc,start       ] GC(51) Pause Young (Allocation Failure)
[31.450s][info][gc,heap        ] GC(51) PSYoungGen: 161183K(161280K)->1568K(156160K) Eden: 159744K(159744K)->0K(154112K) From: 1439K(1536K)->1568K(2048K)
[31.450s][info][gc,heap        ] GC(51) ParOldGen: 294904K(294912K)->294928K(295424K)
[31.450s][info][gc,metaspace   ] GC(51) Metaspace: 55425K(55744K)->55425K(55744K) NonClass: 49819K(50048K)->49819K(50048K) Class: 5606K(5696K)->5606K(5696K)
[31.450s][info][gc             ] GC(51) Pause Young (Allocation Failure) 445M->289M(441M) 4.102ms
[31.450s][info][gc,cpu         ] GC(51) User=0.01s Sys=0.00s Real=0.00s
[31.875s][info][gc,start       ] GC(52) Pause Young (Allocation Failure)
[31.882s][info][gc,heap        ] GC(52) PSYoungGen: 155680K(156160K)->3775K(162304K) Eden: 154112K(154112K)->0K(155136K) From: 1568K(2048K)->3775K(7168K)
[31.882s][info][gc,heap        ] GC(52) ParOldGen: 294928K(295424K)->294960K(295424K)
[31.882s][info][gc,metaspace   ] GC(52) Metaspace: 55425K(55744K)->55425K(55744K) NonClass: 49819K(50048K)->49819K(50048K) Class: 5606K(5696K)->5606K(5696K)
[31.882s][info][gc             ] GC(52) Pause Young (Allocation Failure) 440M->291M(447M) 6.393ms
[31.882s][info][gc,cpu         ] GC(52) User=0.01s Sys=0.00s Real=0.00s
[32.211s][info][gc,start       ] GC(53) Pause Young (Allocation Failure)
[32.217s][info][gc,heap        ] GC(53) PSYoungGen: 158911K(162304K)->1502K(195072K) Eden: 155136K(155136K)->0K(187392K) From: 3775K(7168K)->1502K(7680K)
[32.217s][info][gc,heap        ] GC(53) ParOldGen: 294960K(295424K)->294992K(295424K)
[32.217s][info][gc,metaspace   ] GC(53) Metaspace: 55425K(55744K)->55425K(55744K) NonClass: 49819K(50048K)->49819K(50048K) Class: 5606K(5696K)->5606K(5696K)
[32.218s][info][gc             ] GC(53) Pause Young (Allocation Failure) 443M->289M(479M) 6.718ms
[32.218s][info][gc,cpu         ] GC(53) User=0.01s Sys=0.00s Real=0.01s
[32.635s][info][gc,start       ] GC(54) Pause Young (Allocation Failure)
[32.641s][info][gc,heap        ] GC(54) PSYoungGen: 188894K(195072K)->3103K(194560K) Eden: 187392K(187392K)->0K(187392K) From: 1502K(7680K)->3103K(7168K)
[32.641s][info][gc,heap        ] GC(54) ParOldGen: 294992K(295424K)->295024K(295424K)
[32.641s][info][gc,metaspace   ] GC(54) Metaspace: 55425K(55744K)->55425K(55744K) NonClass: 49819K(50048K)->49819K(50048K) Class: 5606K(5696K)->5606K(5696K)
[32.641s][info][gc             ] GC(54) Pause Young (Allocation Failure) 472M->291M(478M) 6.559ms
[32.641s][info][gc,cpu         ] GC(54) User=0.01s Sys=0.00s Real=0.01s
[33.091s][info][gc,start       ] GC(55) Pause Young (Allocation Failure)
[33.096s][info][gc,heap        ] GC(55) PSYoungGen: 190495K(194560K)->2175K(232960K) Eden: 187392K(187392K)->0K(226816K) From: 3103K(7168K)->2175K(6144K)
[33.096s][info][gc,heap        ] GC(55) ParOldGen: 295024K(295424K)->295048K(295424K)
[33.096s][info][gc,metaspace   ] GC(55) Metaspace: 55425K(55744K)->55425K(55744K) NonClass: 49819K(50048K)->49819K(50048K) Class: 5606K(5696K)->5606K(5696K)
[33.096s][info][gc             ] GC(55) Pause Young (Allocation Failure) 474M->290M(516M) 4.977ms
[33.096s][info][gc,cpu         ] GC(55) User=0.00s Sys=0.00s Real=0.01s
[33.563s][info][gc,start       ] GC(56) Pause Young (Allocation Failure)
[33.567s][info][gc,heap        ] GC(56) PSYoungGen: 228991K(232960K)->1822K(233472K) Eden: 226816K(226816K)->0K(226816K) From: 2175K(6144K)->1822K(6656K)
[33.567s][info][gc,heap        ] GC(56) ParOldGen: 295048K(295424K)->295080K(295424K)
[33.567s][info][gc,metaspace   ] GC(56) Metaspace: 55425K(55744K)->55425K(55744K) NonClass: 49819K(50048K)->49819K(50048K) Class: 5606K(5696K)->5606K(5696K)
[33.567s][info][gc             ] GC(56) Pause Young (Allocation Failure) 511M->289M(516M) 4.048ms
[33.567s][info][gc,cpu         ] GC(56) User=0.00s Sys=0.01s Real=0.01s
[34.134s][info][gc,start       ] GC(57) Pause Young (Allocation Failure)
[34.137s][info][gc,heap        ] GC(57) PSYoungGen: 228638K(233472K)->668K(219136K) Eden: 226816K(226816K)->0K(218112K) From: 1822K(6656K)->668K(1024K)
[34.137s][info][gc,heap        ] GC(57) ParOldGen: 295080K(295424K)->295112K(295424K)
[34.137s][info][gc,metaspace   ] GC(57) Metaspace: 55425K(55744K)->55425K(55744K) NonClass: 49819K(50048K)->49819K(50048K) Class: 5606K(5696K)->5606K(5696K)
[34.137s][info][gc             ] GC(57) Pause Young (Allocation Failure) 511M->288M(502M) 2.915ms
[34.137s][info][gc,cpu         ] GC(57) User=0.01s Sys=0.00s Real=0.01s
[34.559s][info][gc,start       ] GC(58) Pause Young (Allocation Failure)
[34.562s][info][gc,heap        ] GC(58) PSYoungGen: 218780K(219136K)->322K(210432K) Eden: 218112K(218112K)->0K(209920K) From: 668K(1024K)->322K(512K)
[34.562s][info][gc,heap        ] GC(58) ParOldGen: 295112K(295424K)->295144K(295424K)
[34.562s][info][gc,metaspace   ] GC(58) Metaspace: 55428K(55744K)->55428K(55744K) NonClass: 49822K(50048K)->49822K(50048K) Class: 5606K(5696K)->5606K(5696K)
[34.562s][info][gc             ] GC(58) Pause Young (Allocation Failure) 501M->288M(494M) 2.300ms
[34.562s][info][gc,cpu         ] GC(58) User=0.01s Sys=0.00s Real=0.00s
[35.052s][info][gc,start       ] GC(59) Pause Young (Allocation Failure)
[35.056s][info][gc,heap        ] GC(59) PSYoungGen: 210242K(210432K)->1152K(203776K) Eden: 209920K(209920K)->0K(202240K) From: 322K(512K)->1152K(1536K)
[35.056s][info][gc,heap        ] GC(59) ParOldGen: 295144K(295424K)->295176K(295424K)
[35.056s][info][gc,metaspace   ] GC(59) Metaspace: 55428K(55744K)->55428K(55744K) NonClass: 49822K(50048K)->49822K(50048K) Class: 5606K(5696K)->5606K(5696K)
[35.056s][info][gc             ] GC(59) Pause Young (Allocation Failure) 493M->289M(487M) 3.986ms
[35.056s][info][gc,cpu         ] GC(59) User=0.00s Sys=0.00s Real=0.01s
[35.523s][info][gc,start       ] GC(60) Pause Young (Allocation Failure)
[35.529s][info][gc,heap        ] GC(60) PSYoungGen: 203392K(203776K)->2368K(197632K) Eden: 202240K(202240K)->0K(195072K) From: 1152K(1536K)->2368K(2560K)
[35.529s][info][gc,heap        ] GC(60) ParOldGen: 295176K(295424K)->295208K(295424K)
[35.529s][info][gc,metaspace   ] GC(60) Metaspace: 55428K(55744K)->55428K(55744K) NonClass: 49822K(50048K)->49822K(50048K) Class: 5606K(5696K)->5606K(5696K)
[35.529s][info][gc             ] GC(60) Pause Young (Allocation Failure) 486M->290M(481M) 5.872ms
[35.529s][info][gc,cpu         ] GC(60) User=0.01s Sys=0.00s Real=0.01s
[36.062s][info][gc,start       ] GC(61) Pause Young (Allocation Failure)
[36.064s][info][gc,heap        ] GC(61) PSYoungGen: 197440K(197632K)->403K(188416K) Eden: 195072K(195072K)->0K(187904K) From: 2368K(2560K)->403K(512K)
[36.064s][info][gc,heap        ] GC(61) ParOldGen: 295208K(295424K)->295240K(295424K)
[36.064s][info][gc,metaspace   ] GC(61) Metaspace: 55428K(55744K)->55428K(55744K) NonClass: 49822K(50048K)->49822K(50048K) Class: 5606K(5696K)->5606K(5696K)
[36.064s][info][gc             ] GC(61) Pause Young (Allocation Failure) 481M->288M(472M) 2.399ms
[36.064s][info][gc,cpu         ] GC(61) User=0.01s Sys=0.00s Real=0.00s
[36.412s][info][gc,start       ] GC(62) Pause Young (Allocation Failure)
[36.418s][info][gc,heap        ] GC(62) PSYoungGen: 188307K(188416K)->1695K(186880K) Eden: 187904K(187904K)->0K(181248K) From: 403K(512K)->1695K(5632K)
[36.418s][info][gc,heap        ] GC(62) ParOldGen: 295240K(295424K)->295272K(295424K)
[36.418s][info][gc,metaspace   ] GC(62) Metaspace: 55428K(55744K)->55428K(55744K) NonClass: 49822K(50048K)->49822K(50048K) Class: 5606K(5696K)->5606K(5696K)
[36.418s][info][gc             ] GC(62) Pause Young (Allocation Failure) 472M->290M(471M) 5.579ms
[36.418s][info][gc,cpu         ] GC(62) User=0.00s Sys=0.00s Real=0.01s
[36.824s][info][gc,start       ] GC(63) Pause Young (Allocation Failure)
[36.828s][info][gc,heap        ] GC(63) PSYoungGen: 182943K(186880K)->2431K(177664K) Eden: 181248K(181248K)->0K(175104K) From: 1695K(5632K)->2431K(2560K)
[36.828s][info][gc,heap        ] GC(63) ParOldGen: 295272K(295424K)->295296K(295424K)
[36.828s][info][gc,metaspace   ] GC(63) Metaspace: 55428K(55744K)->55428K(55744K) NonClass: 49822K(50048K)->49822K(50048K) Class: 5606K(5696K)->5606K(5696K)
[36.828s][info][gc             ] GC(63) Pause Young (Allocation Failure) 467M->290M(462M) 4.431ms
[36.828s][info][gc,cpu         ] GC(63) User=0.01s Sys=0.00s Real=0.01s
[37.239s][info][gc,start       ] GC(64) Pause Young (Allocation Failure)
[37.244s][info][gc,heap        ] GC(64) PSYoungGen: 177535K(177664K)->1888K(212480K) Eden: 175104K(175104K)->0K(210432K) From: 2431K(2560K)->1888K(2048K)
[37.244s][info][gc,heap        ] GC(64) ParOldGen: 295296K(295424K)->295320K(295424K)
[37.244s][info][gc,metaspace   ] GC(64) Metaspace: 55450K(55744K)->55450K(55744K) NonClass: 49842K(50048K)->49842K(50048K) Class: 5607K(5696K)->5607K(5696K)
[37.244s][info][gc             ] GC(64) Pause Young (Allocation Failure) 461M->290M(496M) 4.857ms
[37.244s][info][gc,cpu         ] GC(64) User=0.01s Sys=0.00s Real=0.00s
[37.723s][info][gc,start       ] GC(65) Pause Young (Allocation Failure)
[37.727s][info][gc,heap        ] GC(65) PSYoungGen: 212320K(212480K)->1503K(204288K) Eden: 210432K(210432K)->0K(202752K) From: 1888K(2048K)->1503K(1536K)
[37.727s][info][gc,heap        ] GC(65) ParOldGen: 295320K(295424K)->295368K(295424K)
[37.727s][info][gc,metaspace   ] GC(65) Metaspace: 55450K(55744K)->55450K(55744K) NonClass: 49842K(50048K)->49842K(50048K) Class: 5607K(5696K)->5607K(5696K)
[37.727s][info][gc             ] GC(65) Pause Young (Allocation Failure) 495M->289M(488M) 4.738ms
[37.727s][info][gc,cpu         ] GC(65) User=0.00s Sys=0.00s Real=0.01s
[38.156s][info][gc,start       ] GC(66) Pause Young (Allocation Failure)
[38.159s][info][gc,heap        ] GC(66) PSYoungGen: 204255K(204288K)->767K(196608K) Eden: 202752K(202752K)->0K(195584K) From: 1503K(1536K)->767K(1024K)
[38.159s][info][gc,heap        ] GC(66) ParOldGen: 295368K(295424K)->295400K(295424K)
[38.159s][info][gc,metaspace   ] GC(66) Metaspace: 55450K(55744K)->55450K(55744K) NonClass: 49842K(50048K)->49842K(50048K) Class: 5607K(5696K)->5607K(5696K)
[38.159s][info][gc             ] GC(66) Pause Young (Allocation Failure) 487M->289M(480M) 2.614ms
[38.159s][info][gc,cpu         ] GC(66) User=0.00s Sys=0.00s Real=0.00s
[38.618s][info][gc,start       ] GC(67) Pause Young (Allocation Failure)
[38.622s][info][gc,heap        ] GC(67) PSYoungGen: 196351K(196608K)->2143K(190976K) Eden: 195584K(195584K)->0K(188416K) From: 767K(1024K)->2143K(2560K)
[38.622s][info][gc,heap        ] GC(67) ParOldGen: 295400K(295424K)->295424K(295936K)
[38.622s][info][gc,metaspace   ] GC(67) Metaspace: 55450K(55744K)->55450K(55744K) NonClass: 49843K(50048K)->49843K(50048K) Class: 5607K(5696K)->5607K(5696K)
[38.622s][info][gc             ] GC(67) Pause Young (Allocation Failure) 480M->290M(475M) 4.296ms
[38.622s][info][gc,cpu         ] GC(67) User=0.01s Sys=0.00s Real=0.00s
[39.034s][info][gc,start       ] GC(68) Pause Young (Allocation Failure)
[39.041s][info][gc,heap        ] GC(68) PSYoungGen: 190287K(190976K)->3072K(229376K) Eden: 188143K(188416K)->0K(226304K) From: 2143K(2560K)->3072K(3072K)
[39.041s][info][gc,heap        ] GC(68) ParOldGen: 295424K(295936K)->295456K(295936K)
[39.041s][info][gc,metaspace   ] GC(68) Metaspace: 55450K(55744K)->55450K(55744K) NonClass: 49843K(50048K)->49843K(50048K) Class: 5607K(5696K)->5607K(5696K)
[39.041s][info][gc             ] GC(68) Pause Young (Allocation Failure) 474M->291M(513M) 6.857ms
[39.041s][info][gc,cpu         ] GC(68) User=0.01s Sys=0.01s Real=0.01s
[39.563s][info][gc,start       ] GC(69) Pause Young (Allocation Failure)
[39.566s][info][gc,heap        ] GC(69) PSYoungGen: 229142K(229376K)->864K(218624K) Eden: 226070K(226304K)->0K(217600K) From: 3072K(3072K)->864K(1024K)
[39.566s][info][gc,heap        ] GC(69) ParOldGen: 295456K(295936K)->295480K(295936K)
[39.566s][info][gc,metaspace   ] GC(69) Metaspace: 55450K(55744K)->55450K(55744K) NonClass: 49843K(50048K)->49843K(50048K) Class: 5607K(5696K)->5607K(5696K)
[39.566s][info][gc             ] GC(69) Pause Young (Allocation Failure) 512M->289M(502M) 2.829ms
[39.566s][info][gc,cpu         ] GC(69) User=0.01s Sys=0.00s Real=0.01s
[40.047s][info][gc,start       ] GC(70) Pause Young (Allocation Failure)
[40.055s][info][gc,heap        ] GC(70) PSYoungGen: 218464K(218624K)->2079K(250368K) Eden: 217600K(217600K)->0K(245760K) From: 864K(1024K)->2079K(4608K)
[40.055s][info][gc,heap        ] GC(70) ParOldGen: 295480K(295936K)->295504K(295936K)
[40.055s][info][gc,metaspace   ] GC(70) Metaspace: 55450K(55744K)->55450K(55744K) NonClass: 49843K(50048K)->49843K(50048K) Class: 5607K(5696K)->5607K(5696K)
[40.055s][info][gc             ] GC(70) Pause Young (Allocation Failure) 501M->290M(533M) 8.335ms
[40.055s][info][gc,cpu         ] GC(70) User=0.01s Sys=0.01s Real=0.01s
[40.640s][info][gc,start       ] GC(71) Pause Young (Allocation Failure)
[40.642s][info][gc,heap        ] GC(71) PSYoungGen: 247538K(250368K)->288K(237056K) Eden: 245459K(245760K)->0K(236544K) From: 2079K(4608K)->288K(512K)
[40.642s][info][gc,heap        ] GC(71) ParOldGen: 295504K(295936K)->295528K(295936K)
[40.642s][info][gc,metaspace   ] GC(71) Metaspace: 55451K(55744K)->55451K(55744K) NonClass: 49843K(50048K)->49843K(50048K) Class: 5607K(5696K)->5607K(5696K)
[40.642s][info][gc             ] GC(71) Pause Young (Allocation Failure) 530M->288M(520M) 2.242ms
[40.642s][info][gc,cpu         ] GC(71) User=0.01s Sys=0.00s Real=0.00s
[41.146s][info][gc,start       ] GC(72) Pause Young (Allocation Failure)
[41.152s][info][gc,heap        ] GC(72) PSYoungGen: 236832K(237056K)->2431K(231936K) Eden: 236544K(236544K)->0K(227328K) From: 288K(512K)->2431K(4608K)
[41.152s][info][gc,heap        ] GC(72) ParOldGen: 295528K(295936K)->295552K(295936K)
[41.152s][info][gc,metaspace   ] GC(72) Metaspace: 55451K(55744K)->55451K(55744K) NonClass: 49843K(50048K)->49843K(50048K) Class: 5607K(5696K)->5607K(5696K)
[41.152s][info][gc             ] GC(72) Pause Young (Allocation Failure) 519M->290M(515M) 6.177ms
[41.153s][info][gc,cpu         ] GC(72) User=0.01s Sys=0.00s Real=0.00s
[41.653s][info][gc,start       ] GC(73) Pause Young (Allocation Failure)
[41.658s][info][gc,heap        ] GC(73) PSYoungGen: 229759K(231936K)->1919K(220672K) Eden: 227328K(227328K)->0K(218624K) From: 2431K(4608K)->1919K(2048K)
[41.658s][info][gc,heap        ] GC(73) ParOldGen: 295552K(295936K)->295584K(295936K)
[41.658s][info][gc,metaspace   ] GC(73) Metaspace: 55453K(55744K)->55453K(55744K) NonClass: 49845K(50048K)->49845K(50048K) Class: 5607K(5696K)->5607K(5696K)
[41.658s][info][gc             ] GC(73) Pause Young (Allocation Failure) 512M->290M(504M) 4.610ms
[41.658s][info][gc,cpu         ] GC(73) User=0.01s Sys=0.00s Real=0.01s
[42.154s][info][gc,start       ] GC(74) Pause Young (Allocation Failure)
[42.159s][info][gc,heap        ] GC(74) PSYoungGen: 220371K(220672K)->1664K(212480K) Eden: 218452K(218624K)->0K(210432K) From: 1919K(2048K)->1664K(2048K)
[42.159s][info][gc,heap        ] GC(74) ParOldGen: 295584K(295936K)->295616K(295936K)
[42.159s][info][gc,metaspace   ] GC(74) Metaspace: 55454K(55744K)->55454K(55744K) NonClass: 49846K(50048K)->49846K(50048K) Class: 5607K(5696K)->5607K(5696K)
[42.159s][info][gc             ] GC(74) Pause Young (Allocation Failure) 503M->290M(496M) 5.354ms
[42.159s][info][gc,cpu         ] GC(74) User=0.01s Sys=0.01s Real=0.01s
[42.635s][info][gc,start       ] GC(75) Pause Young (Allocation Failure)
[42.641s][info][gc,heap        ] GC(75) PSYoungGen: 212096K(212480K)->3039K(257024K) Eden: 210432K(210432K)->0K(252928K) From: 1664K(2048K)->3039K(4096K)
[42.641s][info][gc,heap        ] GC(75) ParOldGen: 295616K(295936K)->295648K(295936K)
[42.641s][info][gc,metaspace   ] GC(75) Metaspace: 55454K(55744K)->55454K(55744K) NonClass: 49846K(50048K)->49846K(50048K) Class: 5607K(5696K)->5607K(5696K)
[42.641s][info][gc             ] GC(75) Pause Young (Allocation Failure) 495M->291M(540M) 5.682ms
[42.641s][info][gc,cpu         ] GC(75) User=0.01s Sys=0.00s Real=0.01s
[43.225s][info][gc,start       ] GC(76) Pause Young (Allocation Failure)
[43.229s][info][gc,heap        ] GC(76) PSYoungGen: 255967K(257024K)->2175K(245760K) Eden: 252928K(252928K)->0K(243200K) From: 3039K(4096K)->2175K(2560K)
[43.229s][info][gc,heap        ] GC(76) ParOldGen: 295648K(295936K)->295672K(295936K)
[43.229s][info][gc,metaspace   ] GC(76) Metaspace: 55454K(55744K)->55454K(55744K) NonClass: 49846K(50048K)->49846K(50048K) Class: 5607K(5696K)->5607K(5696K)
[43.229s][info][gc             ] GC(76) Pause Young (Allocation Failure) 538M->290M(529M) 4.202ms
[43.229s][info][gc,cpu         ] GC(76) User=0.01s Sys=0.01s Real=0.01s
[43.810s][info][gc,start       ] GC(77) Pause Young (Allocation Failure)
[43.814s][info][gc,heap        ] GC(77) PSYoungGen: 245375K(245760K)->992K(235008K) Eden: 243200K(243200K)->0K(233984K) From: 2175K(2560K)->992K(1024K)
[43.814s][info][gc,heap        ] GC(77) ParOldGen: 295672K(295936K)->295704K(295936K)
[43.814s][info][gc,metaspace   ] GC(77) Metaspace: 55454K(55744K)->55454K(55744K) NonClass: 49846K(50048K)->49846K(50048K) Class: 5607K(5696K)->5607K(5696K)
[43.814s][info][gc             ] GC(77) Pause Young (Allocation Failure) 528M->289M(518M) 3.287ms
[43.814s][info][gc,cpu         ] GC(77) User=0.00s Sys=0.00s Real=0.00s
[44.330s][info][gc,start       ] GC(78) Pause Young (Allocation Failure)
[44.336s][info][gc,heap        ] GC(78) PSYoungGen: 234976K(235008K)->3135K(228864K) Eden: 233984K(233984K)->0K(225280K) From: 992K(1024K)->3135K(3584K)
[44.336s][info][gc,heap        ] GC(78) ParOldGen: 295704K(295936K)->295728K(295936K)
[44.336s][info][gc,metaspace   ] GC(78) Metaspace: 55454K(55744K)->55454K(55744K) NonClass: 49846K(50048K)->49846K(50048K) Class: 5607K(5696K)->5607K(5696K)
[44.336s][info][gc             ] GC(78) Pause Young (Allocation Failure) 518M->291M(512M) 5.467ms
[44.336s][info][gc,cpu         ] GC(78) User=0.02s Sys=0.00s Real=0.01s
[44.830s][info][gc,start       ] GC(79) Pause Young (Allocation Failure)
[44.835s][info][gc,heap        ] GC(79) PSYoungGen: 228415K(228864K)->2975K(219648K) Eden: 225280K(225280K)->0K(216576K) From: 3135K(3584K)->2975K(3072K)
[44.835s][info][gc,heap        ] GC(79) ParOldGen: 295728K(295936K)->295752K(295936K)
[44.835s][info][gc,metaspace   ] GC(79) Metaspace: 55454K(55744K)->55454K(55744K) NonClass: 49846K(50048K)->49846K(50048K) Class: 5607K(5696K)->5607K(5696K)
[44.835s][info][gc             ] GC(79) Pause Young (Allocation Failure) 511M->291M(503M) 5.209ms
[44.835s][info][gc,cpu         ] GC(79) User=0.01s Sys=0.00s Real=0.00s
[45.433s][info][gc,start       ] GC(80) Pause Young (Allocation Failure)
[45.439s][info][gc,heap        ] GC(80) PSYoungGen: 219551K(219648K)->3167K(211968K) Eden: 216576K(216576K)->0K(208384K) From: 2975K(3072K)->3167K(3584K)
[45.439s][info][gc,heap        ] GC(80) ParOldGen: 295752K(295936K)->295784K(295936K)
[45.439s][info][gc,metaspace   ] GC(80) Metaspace: 55454K(55744K)->55454K(55744K) NonClass: 49846K(50048K)->49846K(50048K) Class: 5607K(5696K)->5607K(5696K)
[45.439s][info][gc             ] GC(80) Pause Young (Allocation Failure) 503M->291M(496M) 5.509ms
[45.439s][info][gc,cpu         ] GC(80) User=0.01s Sys=0.00s Real=0.01s
[45.917s][info][gc,start       ] GC(81) Pause Young (Allocation Failure)
[45.921s][info][gc,heap        ] GC(81) PSYoungGen: 211551K(211968K)->2590K(203776K) Eden: 208384K(208384K)->0K(200704K) From: 3167K(3584K)->2590K(3072K)
[45.921s][info][gc,heap        ] GC(81) ParOldGen: 295784K(295936K)->295808K(295936K)
[45.922s][info][gc,metaspace   ] GC(81) Metaspace: 55454K(55744K)->55454K(55744K) NonClass: 49846K(50048K)->49846K(50048K) Class: 5607K(5696K)->5607K(5696K)
[45.922s][info][gc             ] GC(81) Pause Young (Allocation Failure) 495M->291M(488M) 4.238ms
[45.922s][info][gc,cpu         ] GC(81) User=0.01s Sys=0.00s Real=0.00s
[46.355s][info][gc,start       ] GC(82) Pause Young (Allocation Failure)
[46.357s][info][gc,heap        ] GC(82) PSYoungGen: 203294K(203776K)->1023K(194560K) Eden: 200704K(200704K)->0K(193536K) From: 2590K(3072K)->1023K(1024K)
[46.357s][info][gc,heap        ] GC(82) ParOldGen: 295808K(295936K)->295832K(295936K)
[46.357s][info][gc,metaspace   ] GC(82) Metaspace: 55454K(55744K)->55454K(55744K) NonClass: 49846K(50048K)->49846K(50048K) Class: 5607K(5696K)->5607K(5696K)
[46.357s][info][gc             ] GC(82) Pause Young (Allocation Failure) 487M->289M(479M) 2.806ms
[46.357s][info][gc,cpu         ] GC(82) User=0.00s Sys=0.00s Real=0.01s
[46.822s][info][gc,start       ] GC(83) Pause Young (Allocation Failure)
[46.827s][info][gc,heap        ] GC(83) PSYoungGen: 194559K(194560K)->2591K(189440K) Eden: 193536K(193536K)->0K(186368K) From: 1023K(1024K)->2591K(3072K)
[46.827s][info][gc,heap        ] GC(83) ParOldGen: 295832K(295936K)->295864K(295936K)
[46.827s][info][gc,metaspace   ] GC(83) Metaspace: 55454K(55744K)->55454K(55744K) NonClass: 49846K(50048K)->49846K(50048K) Class: 5607K(5696K)->5607K(5696K)
[46.827s][info][gc             ] GC(83) Pause Young (Allocation Failure) 478M->291M(474M) 4.775ms
[46.827s][info][gc,cpu         ] GC(83) User=0.01s Sys=0.01s Real=0.01s
[47.234s][info][gc,start       ] GC(84) Pause Young (Allocation Failure)
[47.239s][info][gc,heap        ] GC(84) PSYoungGen: 188959K(189440K)->3039K(182784K) Eden: 186368K(186368K)->0K(179712K) From: 2591K(3072K)->3039K(3072K)
[47.239s][info][gc,heap        ] GC(84) ParOldGen: 295864K(295936K)->295888K(295936K)
[47.239s][info][gc,metaspace   ] GC(84) Metaspace: 55454K(55744K)->55454K(55744K) NonClass: 49846K(50048K)->49846K(50048K) Class: 5607K(5696K)->5607K(5696K)
[47.239s][info][gc             ] GC(84) Pause Young (Allocation Failure) 473M->291M(467M) 5.406ms
[47.239s][info][gc,cpu         ] GC(84) User=0.01s Sys=0.00s Real=0.01s
[47.649s][info][gc,start       ] GC(85) Pause Young (Allocation Failure)
[47.652s][info][gc,heap        ] GC(85) PSYoungGen: 182751K(182784K)->1599K(175616K) Eden: 179712K(179712K)->0K(173568K) From: 3039K(3072K)->1599K(2048K)
[47.652s][info][gc,heap        ] GC(85) ParOldGen: 295888K(295936K)->295904K(295936K)
[47.652s][info][gc,metaspace   ] GC(85) Metaspace: 55454K(55744K)->55454K(55744K) NonClass: 49846K(50048K)->49846K(50048K) Class: 5607K(5696K)->5607K(5696K)
[47.653s][info][gc             ] GC(85) Pause Young (Allocation Failure) 467M->290M(460M) 3.444ms
[47.653s][info][gc,cpu         ] GC(85) User=0.01s Sys=0.00s Real=0.00s
[48.056s][info][gc,start       ] GC(86) Pause Young (Allocation Failure)
[48.060s][info][gc,heap        ] GC(86) PSYoungGen: 175167K(175616K)->2143K(169984K) Eden: 173568K(173568K)->0K(167424K) From: 1599K(2048K)->2143K(2560K)
[48.060s][info][gc,heap        ] GC(86) ParOldGen: 295904K(295936K)->295920K(295936K)
[48.060s][info][gc,metaspace   ] GC(86) Metaspace: 55454K(55744K)->55454K(55744K) NonClass: 49846K(50048K)->49846K(50048K) Class: 5607K(5696K)->5607K(5696K)
[48.060s][info][gc             ] GC(86) Pause Young (Allocation Failure) 460M->291M(455M) 4.494ms
[48.060s][info][gc,cpu         ] GC(86) User=0.01s Sys=0.00s Real=0.00s
[48.432s][info][gc,start       ] GC(87) Pause Young (Allocation Failure)
[48.437s][info][gc,heap        ] GC(87) PSYoungGen: 169567K(169984K)->2944K(204288K) Eden: 167424K(167424K)->0K(201216K) From: 2143K(2560K)->2944K(3072K)
[48.437s][info][gc,heap        ] GC(87) ParOldGen: 295920K(295936K)->295944K(296448K)
[48.437s][info][gc,metaspace   ] GC(87) Metaspace: 55454K(55744K)->55454K(55744K) NonClass: 49846K(50048K)->49846K(50048K) Class: 5607K(5696K)->5607K(5696K)
[48.437s][info][gc             ] GC(87) Pause Young (Allocation Failure) 454M->291M(489M) 5.477ms
[48.437s][info][gc,cpu         ] GC(87) User=0.01s Sys=0.00s Real=0.01s
[48.974s][info][gc,start       ] GC(88) Pause Young (Allocation Failure)
[48.980s][info][gc,heap        ] GC(88) PSYoungGen: 204160K(204288K)->1631K(236544K) Eden: 201216K(201216K)->0K(231936K) From: 2944K(3072K)->1631K(4608K)
[48.980s][info][gc,heap        ] GC(88) ParOldGen: 295944K(296448K)->295968K(296448K)
[48.980s][info][gc,metaspace   ] GC(88) Metaspace: 55454K(55744K)->55454K(55744K) NonClass: 49846K(50048K)->49846K(50048K) Class: 5607K(5696K)->5607K(5696K)
[48.980s][info][gc             ] GC(88) Pause Young (Allocation Failure) 488M->290M(520M) 5.839ms
[48.980s][info][gc,cpu         ] GC(88) User=0.00s Sys=0.00s Real=0.01s
[49.426s][info][gc,start       ] GC(89) Pause Young (Allocation Failure)
[49.431s][info][gc,heap        ] GC(89) PSYoungGen: 233567K(236544K)->2240K(246784K) Eden: 231936K(231936K)->0K(242176K) From: 1631K(4608K)->2240K(4608K)
[49.431s][info][gc,heap        ] GC(89) ParOldGen: 295968K(296448K)->295984K(296448K)
[49.431s][info][gc,metaspace   ] GC(89) Metaspace: 55454K(55744K)->55454K(55744K) NonClass: 49846K(50048K)->49846K(50048K) Class: 5607K(5696K)->5607K(5696K)
[49.431s][info][gc             ] GC(89) Pause Young (Allocation Failure) 517M->291M(530M) 5.778ms
[49.431s][info][gc,cpu         ] GC(89) User=0.01s Sys=0.00s Real=0.00s
[50.018s][info][gc,start       ] GC(90) Pause Young (Allocation Failure)
[50.031s][info][gc,heap        ] GC(90) PSYoungGen: 244416K(246784K)->1728K(246272K) Eden: 242176K(242176K)->0K(242176K) From: 2240K(4608K)->1728K(4096K)
[50.031s][info][gc,heap        ] GC(90) ParOldGen: 295984K(296448K)->296008K(296448K)
[50.031s][info][gc,metaspace   ] GC(90) Metaspace: 55456K(55744K)->55456K(55744K) NonClass: 49848K(50048K)->49848K(50048K) Class: 5607K(5696K)->5607K(5696K)
[50.031s][info][gc             ] GC(90) Pause Young (Allocation Failure) 527M->290M(530M) 12.176ms
[50.031s][info][gc,cpu         ] GC(90) User=0.01s Sys=0.00s Real=0.01s
[50.534s][info][gc,start       ] GC(91) Pause Young (Allocation Failure)
[50.541s][info][gc,heap        ] GC(91) PSYoungGen: 243904K(246272K)->2431K(294912K) Eden: 242176K(242176K)->0K(290816K) From: 1728K(4096K)->2431K(4096K)
[50.541s][info][gc,heap        ] GC(91) ParOldGen: 296008K(296448K)->296032K(296448K)
[50.541s][info][gc,metaspace   ] GC(91) Metaspace: 55456K(55744K)->55456K(55744K) NonClass: 49848K(50048K)->49848K(50048K) Class: 5607K(5696K)->5607K(5696K)
[50.541s][info][gc             ] GC(91) Pause Young (Allocation Failure) 527M->291M(577M) 6.825ms
[50.541s][info][gc,cpu         ] GC(91) User=0.01s Sys=0.00s Real=0.01s
[51.232s][info][gc,start       ] GC(92) Pause Young (Allocation Failure)
[51.237s][info][gc,heap        ] GC(92) PSYoungGen: 293022K(294912K)->1824K(294912K) Eden: 290591K(290816K)->0K(290816K) From: 2431K(4096K)->1824K(4096K)
[51.237s][info][gc,heap        ] GC(92) ParOldGen: 296032K(296448K)->296056K(296448K)
[51.237s][info][gc,metaspace   ] GC(92) Metaspace: 55456K(55744K)->55456K(55744K) NonClass: 49848K(50048K)->49848K(50048K) Class: 5607K(5696K)->5607K(5696K)
[51.237s][info][gc             ] GC(92) Pause Young (Allocation Failure) 575M->290M(577M) 4.656ms
[51.237s][info][gc,cpu         ] GC(92) User=0.01s Sys=0.00s Real=0.01s
[51.911s][info][gc,start       ] GC(93) Pause Young (Allocation Failure)
[51.914s][info][gc,heap        ] GC(93) PSYoungGen: 292640K(294912K)->1405K(280576K) Eden: 290816K(290816K)->0K(279040K) From: 1824K(4096K)->1405K(1536K)
[51.914s][info][gc,heap        ] GC(93) ParOldGen: 296056K(296448K)->296080K(296448K)
[51.914s][info][gc,metaspace   ] GC(93) Metaspace: 55456K(55744K)->55456K(55744K) NonClass: 49848K(50048K)->49848K(50048K) Class: 5607K(5696K)->5607K(5696K)
[51.914s][info][gc             ] GC(93) Pause Young (Allocation Failure) 574M->290M(563M) 3.399ms
[51.914s][info][gc,cpu         ] GC(93) User=0.01s Sys=0.00s Real=0.00s
[52.529s][info][gc,start       ] GC(94) Pause Young (Allocation Failure)
[52.537s][info][gc,heap        ] GC(94) PSYoungGen: 280445K(280576K)->3583K(327168K) Eden: 279040K(279040K)->0K(323072K) From: 1405K(1536K)->3583K(4096K)
[52.537s][info][gc,heap        ] GC(94) ParOldGen: 296080K(296448K)->296112K(296448K)
[52.537s][info][gc,metaspace   ] GC(94) Metaspace: 55456K(55744K)->55456K(55744K) NonClass: 49848K(50048K)->49848K(50048K) Class: 5607K(5696K)->5607K(5696K)
[52.537s][info][gc             ] GC(94) Pause Young (Allocation Failure) 563M->292M(609M) 7.252ms
[52.537s][info][gc,cpu         ] GC(94) User=0.01s Sys=0.01s Real=0.01s
[53.305s][info][gc,start       ] GC(95) Pause Young (Allocation Failure)
[53.307s][info][gc,heap        ] GC(95) PSYoungGen: 326655K(327168K)->224K(310272K) Eden: 323072K(323072K)->0K(309760K) From: 3583K(4096K)->224K(512K)
[53.307s][info][gc,heap        ] GC(95) ParOldGen: 296112K(296448K)->296128K(296448K)
[53.307s][info][gc,metaspace   ] GC(95) Metaspace: 55456K(55744K)->55456K(55744K) NonClass: 49848K(50048K)->49848K(50048K) Class: 5607K(5696K)->5607K(5696K)
[53.307s][info][gc             ] GC(95) Pause Young (Allocation Failure) 608M->289M(592M) 2.113ms
[53.307s][info][gc,cpu         ] GC(95) User=0.00s Sys=0.00s Real=0.01s
[54.007s][info][gc,start       ] GC(96) Pause Young (Allocation Failure)
[54.009s][info][gc,heap        ] GC(96) PSYoungGen: 309983K(310272K)->576K(302080K) Eden: 309759K(309760K)->0K(297472K) From: 224K(512K)->576K(4608K)
[54.009s][info][gc,heap        ] GC(96) ParOldGen: 296128K(296448K)->296160K(296448K)
[54.009s][info][gc,metaspace   ] GC(96) Metaspace: 55459K(55744K)->55459K(55744K) NonClass: 49851K(50048K)->49851K(50048K) Class: 5607K(5696K)->5607K(5696K)
[54.009s][info][gc             ] GC(96) Pause Young (Allocation Failure) 591M->289M(584M) 2.542ms
[54.009s][info][gc,cpu         ] GC(96) User=0.01s Sys=0.00s Real=0.00s
[54.648s][info][gc,start       ] GC(97) Pause Young (Allocation Failure)
[54.652s][info][gc,heap        ] GC(97) PSYoungGen: 297834K(302080K)->1632K(287744K) Eden: 297258K(297472K)->0K(285696K) From: 576K(4608K)->1632K(2048K)
[54.652s][info][gc,heap        ] GC(97) ParOldGen: 296160K(296448K)->296184K(296448K)
[54.652s][info][gc,metaspace   ] GC(97) Metaspace: 55459K(55744K)->55459K(55744K) NonClass: 49851K(50048K)->49851K(50048K) Class: 5607K(5696K)->5607K(5696K)
[54.652s][info][gc             ] GC(97) Pause Young (Allocation Failure) 580M->290M(570M) 4.114ms
[54.652s][info][gc,cpu         ] GC(97) User=0.01s Sys=0.00s Real=0.00s
[55.321s][info][gc,start       ] GC(98) Pause Young (Allocation Failure)
[55.325s][info][gc,heap        ] GC(98) PSYoungGen: 287328K(287744K)->1887K(276480K) Eden: 285696K(285696K)->0K(274432K) From: 1632K(2048K)->1887K(2048K)
[55.325s][info][gc,heap        ] GC(98) ParOldGen: 296184K(296448K)->296216K(296448K)
[55.325s][info][gc,metaspace   ] GC(98) Metaspace: 55459K(55744K)->55459K(55744K) NonClass: 49852K(50048K)->49852K(50048K) Class: 5607K(5696K)->5607K(5696K)
[55.325s][info][gc             ] GC(98) Pause Young (Allocation Failure) 569M->291M(559M) 3.693ms
[55.325s][info][gc,cpu         ] GC(98) User=0.01s Sys=0.00s Real=0.00s
[55.931s][info][gc,start       ] GC(99) Pause Young (Allocation Failure)
[55.937s][info][gc,heap        ] GC(99) PSYoungGen: 276031K(276480K)->2688K(266752K) Eden: 274144K(274432K)->0K(263680K) From: 1887K(2048K)->2688K(3072K)
[55.937s][info][gc,heap        ] GC(99) ParOldGen: 296216K(296448K)->296240K(296448K)
[55.937s][info][gc,metaspace   ] GC(99) Metaspace: 55459K(55744K)->55459K(55744K) NonClass: 49852K(50048K)->49852K(50048K) Class: 5607K(5696K)->5607K(5696K)
[55.937s][info][gc             ] GC(99) Pause Young (Allocation Failure) 558M->291M(550M) 6.016ms
[55.937s][info][gc,cpu         ] GC(99) User=0.01s Sys=0.00s Real=0.01s
[56.534s][info][gc,start       ] GC(100) Pause Young (Allocation Failure)
[56.538s][info][gc,heap        ] GC(100) PSYoungGen: 266050K(266752K)->2368K(256000K) Eden: 263362K(263680K)->0K(253440K) From: 2688K(3072K)->2368K(2560K)
[56.538s][info][gc,heap        ] GC(100) ParOldGen: 296240K(296448K)->296272K(296448K)
[56.538s][info][gc,metaspace   ] GC(100) Metaspace: 55459K(55744K)->55459K(55744K) NonClass: 49852K(50048K)->49852K(50048K) Class: 5607K(5696K)->5607K(5696K)
[56.538s][info][gc             ] GC(100) Pause Young (Allocation Failure) 549M->291M(539M) 4.923ms
[56.539s][info][gc,cpu         ] GC(100) User=0.01s Sys=0.00s Real=0.01s
[57.185s][info][gc,start       ] GC(101) Pause Young (Allocation Failure)
[57.190s][info][gc,heap        ] GC(101) PSYoungGen: 255808K(256000K)->1952K(245760K) Eden: 253440K(253440K)->0K(243712K) From: 2368K(2560K)->1952K(2048K)
[57.190s][info][gc,heap        ] GC(101) ParOldGen: 296272K(296448K)->296304K(296448K)
[57.190s][info][gc,metaspace   ] GC(101) Metaspace: 55459K(55744K)->55459K(55744K) NonClass: 49852K(50048K)->49852K(50048K) Class: 5607K(5696K)->5607K(5696K)
[57.190s][info][gc             ] GC(101) Pause Young (Allocation Failure) 539M->291M(529M) 4.159ms
[57.190s][info][gc,cpu         ] GC(101) User=0.01s Sys=0.00s Real=0.00s
[57.659s][info][gc,start       ] GC(102) Pause Young (Allocation Failure)
[57.661s][info][gc,heap        ] GC(102) PSYoungGen: 245664K(245760K)->607K(235520K) Eden: 243712K(243712K)->0K(234496K) From: 1952K(2048K)->607K(1024K)
[57.661s][info][gc,heap        ] GC(102) ParOldGen: 296304K(296448K)->296328K(296448K)
[57.661s][info][gc,metaspace   ] GC(102) Metaspace: 55459K(55744K)->55459K(55744K) NonClass: 49852K(50048K)->49852K(50048K) Class: 5607K(5696K)->5607K(5696K)
[57.661s][info][gc             ] GC(102) Pause Young (Allocation Failure) 529M->289M(519M) 2.189ms
[57.661s][info][gc,cpu         ] GC(102) User=0.01s Sys=0.00s Real=0.00s
[58.223s][info][gc,start       ] GC(103) Pause Young (Allocation Failure)
[58.227s][info][gc,heap        ] GC(103) PSYoungGen: 235103K(235520K)->2336K(228352K) Eden: 234496K(234496K)->0K(225792K) From: 607K(1024K)->2336K(2560K)
[58.227s][info][gc,heap        ] GC(103) ParOldGen: 296328K(296448K)->296344K(296448K)
[58.227s][info][gc,metaspace   ] GC(103) Metaspace: 55460K(55744K)->55460K(55744K) NonClass: 49853K(50048K)->49853K(50048K) Class: 5607K(5696K)->5607K(5696K)
[58.227s][info][gc             ] GC(103) Pause Young (Allocation Failure) 518M->291M(512M) 4.681ms
[58.227s][info][gc,cpu         ] GC(103) User=0.01s Sys=0.00s Real=0.01s
[58.729s][info][gc,start       ] GC(104) Pause Young (Allocation Failure)
[58.733s][info][gc,heap        ] GC(104) PSYoungGen: 228128K(228352K)->2304K(219648K) Eden: 225792K(225792K)->0K(217088K) From: 2336K(2560K)->2304K(2560K)
[58.733s][info][gc,heap        ] GC(104) ParOldGen: 296344K(296448K)->296360K(296448K)
[58.733s][info][gc,metaspace   ] GC(104) Metaspace: 55460K(55744K)->55460K(55744K) NonClass: 49853K(50048K)->49853K(50048K) Class: 5607K(5696K)->5607K(5696K)
[58.733s][info][gc             ] GC(104) Pause Young (Allocation Failure) 512M->291M(504M) 4.656ms
[58.733s][info][gc,cpu         ] GC(104) User=0.01s Sys=0.00s Real=0.00s
[59.230s][info][gc,start       ] GC(105) Pause Young (Allocation Failure)
[59.235s][info][gc,heap        ] GC(105) PSYoungGen: 219392K(219648K)->2815K(211968K) Eden: 217088K(217088K)->0K(208896K) From: 2304K(2560K)->2815K(3072K)
[59.235s][info][gc,heap        ] GC(105) ParOldGen: 296360K(296448K)->296376K(296448K)
[59.235s][info][gc,metaspace   ] GC(105) Metaspace: 55460K(55744K)->55460K(55744K) NonClass: 49853K(50048K)->49853K(50048K) Class: 5607K(5696K)->5607K(5696K)
[59.235s][info][gc             ] GC(105) Pause Young (Allocation Failure) 503M->292M(496M) 4.855ms
[59.235s][info][gc,cpu         ] GC(105) User=0.01s Sys=0.00s Real=0.00s
[59.721s][info][gc,start       ] GC(106) Pause Young (Allocation Failure)
[59.730s][info][gc,heap        ] GC(106) PSYoungGen: 211711K(211968K)->2368K(203776K) Eden: 208896K(208896K)->0K(201216K) From: 2815K(3072K)->2368K(2560K)
[59.730s][info][gc,heap        ] GC(106) ParOldGen: 296376K(296448K)->296392K(296448K)
[59.730s][info][gc,metaspace   ] GC(106) Metaspace: 55460K(55744K)->55460K(55744K) NonClass: 49853K(50048K)->49853K(50048K) Class: 5607K(5696K)->5607K(5696K)
[59.730s][info][gc             ] GC(106) Pause Young (Allocation Failure) 496M->291M(488M) 8.614ms
[59.730s][info][gc,cpu         ] GC(106) User=0.01s Sys=0.00s Real=0.01s
[60.206s][info][gc,start       ] GC(107) Pause Young (Allocation Failure)
[60.208s][info][gc,heap        ] GC(107) PSYoungGen: 203584K(203776K)->352K(194560K) Eden: 201216K(201216K)->0K(194048K) From: 2368K(2560K)->352K(512K)
[60.208s][info][gc,heap        ] GC(107) ParOldGen: 296392K(296448K)->296408K(296448K)
[60.208s][info][gc,metaspace   ] GC(107) Metaspace: 55460K(55744K)->55460K(55744K) NonClass: 49853K(50048K)->49853K(50048K) Class: 5607K(5696K)->5607K(5696K)
[60.208s][info][gc             ] GC(107) Pause Young (Allocation Failure) 488M->289M(479M) 2.236ms
[60.208s][info][gc,cpu         ] GC(107) User=0.00s Sys=0.00s Real=0.00s
[60.628s][info][gc,start       ] GC(108) Pause Young (Allocation Failure)
[60.636s][info][gc,heap        ] GC(108) PSYoungGen: 194400K(194560K)->2560K(237056K) Eden: 194048K(194048K)->0K(232960K) From: 352K(512K)->2560K(4096K)
[60.636s][info][gc,heap        ] GC(108) ParOldGen: 296408K(296448K)->296424K(296448K)
[60.636s][info][gc,metaspace   ] GC(108) Metaspace: 55460K(55744K)->55460K(55744K) NonClass: 49853K(50048K)->49853K(50048K) Class: 5607K(5696K)->5607K(5696K)
[60.636s][info][gc             ] GC(108) Pause Young (Allocation Failure) 479M->291M(521M) 7.304ms
[60.636s][info][gc,cpu         ] GC(108) User=0.01s Sys=0.00s Real=0.01s
[62.157s][info][gc,start       ] GC(109) Pause Young (Allocation Failure)
[62.159s][info][gc,heap        ] GC(109) PSYoungGen: 202503K(237056K)->128K(224768K) Eden: 199943K(232960K)->0K(224256K) From: 2560K(4096K)->128K(512K)
[62.159s][info][gc,heap        ] GC(109) ParOldGen: 296424K(296448K)->296440K(296448K)
[62.159s][info][gc,metaspace   ] GC(109) Metaspace: 55673K(56000K)->55673K(56000K) NonClass: 50042K(50304K)->50042K(50304K) Class: 5630K(5696K)->5630K(5696K)
[62.159s][info][gc             ] GC(109) Pause Young (Allocation Failure) 487M->289M(509M) 2.347ms
[62.159s][info][gc,cpu         ] GC(109) User=0.01s Sys=0.00s Real=0.00s
[64.433s][info][gc,start       ] GC(110) Pause Young (Allocation Failure)
[64.531s][info][gc,heap        ] GC(110) PSYoungGen: 224384K(224768K)->4072K(273408K) Eden: 224256K(224256K)->0K(269312K) From: 128K(512K)->4072K(4096K)
[64.531s][info][gc,heap        ] GC(110) ParOldGen: 296440K(296448K)->418501K(418816K)
[64.531s][info][gc,metaspace   ] GC(110) Metaspace: 56042K(56384K)->56042K(56384K) NonClass: 50412K(50688K)->50412K(50688K) Class: 5630K(5696K)->5630K(5696K)
[64.531s][info][gc             ] GC(110) Pause Young (Allocation Failure) 508M->412M(676M) 98.029ms
[64.531s][info][gc,cpu         ] GC(110) User=0.12s Sys=0.08s Real=0.10s
[65.127s][info][gc,start       ] GC(111) Pause Young (Allocation Failure)
[65.150s][info][gc,heap        ] GC(111) PSYoungGen: 273384K(273408K)->6080K(268288K) Eden: 269312K(269312K)->0K(237568K) From: 4072K(4096K)->6080K(30720K)
[65.150s][info][gc,heap        ] GC(111) ParOldGen: 418501K(418816K)->422562K(422912K)
[65.150s][info][gc,metaspace   ] GC(111) Metaspace: 56043K(56384K)->56043K(56384K) NonClass: 50412K(50688K)->50412K(50688K) Class: 5630K(5696K)->5630K(5696K)
[65.150s][info][gc             ] GC(111) Pause Young (Allocation Failure) 675M->418M(675M) 22.690ms
[65.150s][info][gc,cpu         ] GC(111) User=0.04s Sys=0.00s Real=0.02s
[65.622s][info][gc,start       ] GC(112) Pause Young (Allocation Failure)
[65.632s][info][gc,heap        ] GC(112) PSYoungGen: 243648K(268288K)->1472K(285696K) Eden: 237568K(237568K)->0K(237568K) From: 6080K(30720K)->1472K(48128K)
[65.632s][info][gc,heap        ] GC(112) ParOldGen: 422562K(422912K)->426605K(427008K)
[65.632s][info][gc,metaspace   ] GC(112) Metaspace: 56043K(56384K)->56043K(56384K) NonClass: 50413K(50688K)->50413K(50688K) Class: 5630K(5696K)->5630K(5696K)
[65.632s][info][gc             ] GC(112) Pause Young (Allocation Failure) 650M->418M(696M) 9.394ms
[65.632s][info][gc,cpu         ] GC(112) User=0.02s Sys=0.00s Real=0.01s
[66.154s][info][gc,start       ] GC(113) Pause Young (Allocation Failure)
[66.158s][info][gc,heap        ] GC(113) PSYoungGen: 239040K(285696K)->2047K(281088K) Eden: 237568K(237568K)->0K(239104K) From: 1472K(48128K)->2047K(41984K)
[66.158s][info][gc,heap        ] GC(113) ParOldGen: 426605K(427008K)->426629K(427008K)
[66.158s][info][gc,metaspace   ] GC(113) Metaspace: 56043K(56384K)->56043K(56384K) NonClass: 50413K(50688K)->50413K(50688K) Class: 5630K(5696K)->5630K(5696K)
[66.158s][info][gc             ] GC(113) Pause Young (Allocation Failure) 650M->418M(691M) 4.229ms
[66.158s][info][gc,cpu         ] GC(113) User=0.01s Sys=0.00s Real=0.01s
[66.726s][info][gc,start       ] GC(114) Pause Young (Allocation Failure)
[66.731s][info][gc,heap        ] GC(114) PSYoungGen: 241151K(281088K)->1823K(284160K) Eden: 239104K(239104K)->0K(239104K) From: 2047K(41984K)->1823K(45056K)
[66.731s][info][gc,heap        ] GC(114) ParOldGen: 426629K(427008K)->426653K(427008K)
[66.731s][info][gc,metaspace   ] GC(114) Metaspace: 56043K(56384K)->56043K(56384K) NonClass: 50413K(50688K)->50413K(50688K) Class: 5630K(5696K)->5630K(5696K)
[66.731s][info][gc             ] GC(114) Pause Young (Allocation Failure) 652M->418M(694M) 4.574ms
[66.731s][info][gc,cpu         ] GC(114) User=0.01s Sys=0.00s Real=0.00s
[67.306s][info][gc,start       ] GC(115) Pause Young (Allocation Failure)
[67.309s][info][gc,heap        ] GC(115) PSYoungGen: 240927K(284160K)->448K(284672K) Eden: 239104K(239104K)->0K(245760K) From: 1823K(45056K)->448K(38912K)
[67.309s][info][gc,heap        ] GC(115) ParOldGen: 426653K(427008K)->426669K(427008K)
[67.309s][info][gc,metaspace   ] GC(115) Metaspace: 56043K(56384K)->56043K(56384K) NonClass: 50413K(50688K)->50413K(50688K) Class: 5630K(5696K)->5630K(5696K)
[67.309s][info][gc             ] GC(115) Pause Young (Allocation Failure) 651M->417M(695M) 3.551ms
[67.309s][info][gc,cpu         ] GC(115) User=0.01s Sys=0.00s Real=0.00s
[67.845s][info][gc,start       ] GC(116) Pause Young (Allocation Failure)
[67.849s][info][gc,heap        ] GC(116) PSYoungGen: 246107K(284672K)->2399K(287232K) Eden: 245659K(245760K)->0K(245760K) From: 448K(38912K)->2399K(41472K)
[67.849s][info][gc,heap        ] GC(116) ParOldGen: 426669K(427008K)->426693K(427008K)
[67.849s][info][gc,metaspace   ] GC(116) Metaspace: 56043K(56384K)->56043K(56384K) NonClass: 50413K(50688K)->50413K(50688K) Class: 5630K(5696K)->5630K(5696K)
[67.850s][info][gc             ] GC(116) Pause Young (Allocation Failure) 657M->419M(697M) 4.557ms
[67.850s][info][gc,cpu         ] GC(116) User=0.01s Sys=0.00s Real=0.01s
[68.518s][info][gc,start       ] GC(117) Pause Young (Allocation Failure)
[68.522s][info][gc,heap        ] GC(117) PSYoungGen: 248159K(287232K)->2015K(287744K) Eden: 245760K(245760K)->0K(252928K) From: 2399K(41472K)->2015K(34816K)
[68.522s][info][gc,heap        ] GC(117) ParOldGen: 426693K(427008K)->426709K(427008K)
[68.522s][info][gc,metaspace   ] GC(117) Metaspace: 56043K(56384K)->56043K(56384K) NonClass: 50413K(50688K)->50413K(50688K) Class: 5630K(5696K)->5630K(5696K)
[68.522s][info][gc             ] GC(117) Pause Young (Allocation Failure) 659M->418M(698M) 4.076ms
[68.522s][info][gc,cpu         ] GC(117) User=0.01s Sys=0.00s Real=0.00s
[69.107s][info][gc,start       ] GC(118) Pause Young (Allocation Failure)
[69.112s][info][gc,heap        ] GC(118) PSYoungGen: 254943K(287744K)->480K(243712K) Eden: 252928K(252928K)->0K(243200K) From: 2015K(34816K)->480K(512K)
[69.112s][info][gc,heap        ] GC(118) ParOldGen: 426709K(427008K)->426725K(427008K)
[69.112s][info][gc,metaspace   ] GC(118) Metaspace: 56043K(56384K)->56043K(56384K) NonClass: 50413K(50688K)->50413K(50688K) Class: 5630K(5696K)->5630K(5696K)
[69.112s][info][gc             ] GC(118) Pause Young (Allocation Failure) 665M->417M(655M) 5.261ms
[69.112s][info][gc,cpu         ] GC(118) User=0.01s Sys=0.00s Real=0.00s
[69.623s][info][gc,start       ] GC(119) Pause Young (Allocation Failure)
[69.629s][info][gc,heap        ] GC(119) PSYoungGen: 243680K(243712K)->2624K(256512K) Eden: 243200K(243200K)->0K(233984K) From: 480K(512K)->2624K(22528K)
[69.629s][info][gc,heap        ] GC(119) ParOldGen: 426725K(427008K)->426741K(427008K)
[69.629s][info][gc,metaspace   ] GC(119) Metaspace: 56045K(56384K)->56045K(56384K) NonClass: 50414K(50688K)->50414K(50688K) Class: 5630K(5696K)->5630K(5696K)
[69.629s][info][gc             ] GC(119) Pause Young (Allocation Failure) 654M->419M(667M) 5.757ms
[69.629s][info][gc,cpu         ] GC(119) User=0.01s Sys=0.00s Real=0.01s
[70.140s][info][gc,start       ] GC(120) Pause Young (Allocation Failure)
[70.145s][info][gc,heap        ] GC(120) PSYoungGen: 236608K(256512K)->2623K(228352K) Eden: 233984K(233984K)->0K(225280K) From: 2624K(22528K)->2623K(3072K)
[70.145s][info][gc,heap        ] GC(120) ParOldGen: 426741K(427008K)->426765K(427008K)
[70.145s][info][gc,metaspace   ] GC(120) Metaspace: 56045K(56384K)->56045K(56384K) NonClass: 50414K(50688K)->50414K(50688K) Class: 5630K(5696K)->5630K(5696K)
[70.146s][info][gc             ] GC(120) Pause Young (Allocation Failure) 647M->419M(640M) 5.906ms
[70.146s][info][gc,cpu         ] GC(120) User=0.01s Sys=0.01s Real=0.01s
[70.656s][info][gc,start       ] GC(121) Pause Young (Allocation Failure)
[70.659s][info][gc,heap        ] GC(121) PSYoungGen: 227903K(228352K)->799K(236544K) Eden: 225280K(225280K)->0K(216576K) From: 2623K(3072K)->799K(19968K)
[70.659s][info][gc,heap        ] GC(121) ParOldGen: 426765K(427008K)->426781K(427008K)
[70.659s][info][gc,metaspace   ] GC(121) Metaspace: 56045K(56384K)->56045K(56384K) NonClass: 50414K(50688K)->50414K(50688K) Class: 5630K(5696K)->5630K(5696K)
[70.659s][info][gc             ] GC(121) Pause Young (Allocation Failure) 639M->417M(648M) 3.324ms
[70.659s][info][gc,cpu         ] GC(121) User=0.00s Sys=0.00s Real=0.00s
[71.144s][info][gc,start       ] GC(122) Pause Young (Allocation Failure)
[71.149s][info][gc,heap        ] GC(122) PSYoungGen: 217076K(236544K)->2048K(210432K) Eden: 216277K(216576K)->0K(208384K) From: 799K(19968K)->2048K(2048K)
[71.149s][info][gc,heap        ] GC(122) ParOldGen: 426781K(427008K)->426805K(427008K)
[71.149s][info][gc,metaspace   ] GC(122) Metaspace: 56045K(56384K)->56045K(56384K) NonClass: 50414K(50688K)->50414K(50688K) Class: 5630K(5696K)->5630K(5696K)
[71.149s][info][gc             ] GC(122) Pause Young (Allocation Failure) 628M->418M(622M) 5.039ms
[71.149s][info][gc,cpu         ] GC(122) User=0.01s Sys=0.00s Real=0.01s
[71.675s][info][gc,start       ] GC(123) Pause Young (Allocation Failure)
[71.680s][info][gc,heap        ] GC(123) PSYoungGen: 210432K(210432K)->2143K(217600K) Eden: 208384K(208384K)->0K(200704K) From: 2048K(2048K)->2143K(16896K)
[71.680s][info][gc,heap        ] GC(123) ParOldGen: 426805K(427008K)->426821K(427008K)
[71.680s][info][gc,metaspace   ] GC(123) Metaspace: 56045K(56384K)->56045K(56384K) NonClass: 50414K(50688K)->50414K(50688K) Class: 5630K(5696K)->5630K(5696K)
[71.680s][info][gc             ] GC(123) Pause Young (Allocation Failure) 622M->418M(629M) 4.914ms
[71.680s][info][gc,cpu         ] GC(123) User=0.01s Sys=0.01s Real=0.01s
[72.112s][info][gc,start       ] GC(124) Pause Young (Allocation Failure)
[72.116s][info][gc,heap        ] GC(124) PSYoungGen: 202847K(217600K)->1151K(195072K) Eden: 200704K(200704K)->0K(193536K) From: 2143K(16896K)->1151K(1536K)
[72.116s][info][gc,heap        ] GC(124) ParOldGen: 426821K(427008K)->426837K(427008K)
[72.116s][info][gc,metaspace   ] GC(124) Metaspace: 56046K(56384K)->56046K(56384K) NonClass: 50416K(50688K)->50416K(50688K) Class: 5630K(5696K)->5630K(5696K)
[72.116s][info][gc             ] GC(124) Pause Young (Allocation Failure) 614M->417M(607M) 3.705ms
[72.116s][info][gc,cpu         ] GC(124) User=0.01s Sys=0.00s Real=0.01s
[72.527s][info][gc,start       ] GC(125) Pause Young (Allocation Failure)
[72.532s][info][gc,heap        ] GC(125) PSYoungGen: 194687K(195072K)->2560K(201216K) Eden: 193536K(193536K)->0K(186368K) From: 1151K(1536K)->2560K(14848K)
[72.532s][info][gc,heap        ] GC(125) ParOldGen: 426837K(427008K)->426853K(427008K)
[72.532s][info][gc,metaspace   ] GC(125) Metaspace: 56046K(56384K)->56046K(56384K) NonClass: 50416K(50688K)->50416K(50688K) Class: 5630K(5696K)->5630K(5696K)
[72.532s][info][gc             ] GC(125) Pause Young (Allocation Failure) 606M->419M(613M) 5.610ms
[72.532s][info][gc,cpu         ] GC(125) User=0.01s Sys=0.00s Real=0.00s
[72.936s][info][gc,start       ] GC(126) Pause Young (Allocation Failure)
[72.942s][info][gc,heap        ] GC(126) PSYoungGen: 188654K(201216K)->2688K(182784K) Eden: 186094K(186368K)->0K(179712K) From: 2560K(14848K)->2688K(3072K)
[72.942s][info][gc,heap        ] GC(126) ParOldGen: 426853K(427008K)->426869K(427008K)
[72.942s][info][gc,metaspace   ] GC(126) Metaspace: 56046K(56384K)->56046K(56384K) NonClass: 50416K(50688K)->50416K(50688K) Class: 5630K(5696K)->5630K(5696K)
[72.942s][info][gc             ] GC(126) Pause Young (Allocation Failure) 601M->419M(595M) 5.728ms
[72.942s][info][gc,cpu         ] GC(126) User=0.01s Sys=0.00s Real=0.00s
[73.351s][info][gc,start       ] GC(127) Pause Young (Allocation Failure)
[73.357s][info][gc,heap        ] GC(127) PSYoungGen: 182400K(182784K)->2015K(203264K) Eden: 179712K(179712K)->0K(181248K) From: 2688K(3072K)->2015K(22016K)
[73.357s][info][gc,heap        ] GC(127) ParOldGen: 426869K(427008K)->426885K(427008K)
[73.357s][info][gc,metaspace   ] GC(127) Metaspace: 56046K(56384K)->56046K(56384K) NonClass: 50416K(50688K)->50416K(50688K) Class: 5630K(5696K)->5630K(5696K)
[73.357s][info][gc             ] GC(127) Pause Young (Allocation Failure) 594M->418M(615M) 5.998ms
[73.357s][info][gc,cpu         ] GC(127) User=0.01s Sys=0.00s Real=0.01s
[73.751s][info][gc,start       ] GC(128) Pause Young (Allocation Failure)
[73.754s][info][gc,heap        ] GC(128) PSYoungGen: 182978K(203264K)->800K(176128K) Eden: 180963K(181248K)->0K(175104K) From: 2015K(22016K)->800K(1024K)
[73.754s][info][gc,heap        ] GC(128) ParOldGen: 426885K(427008K)->426901K(427008K)
[73.754s][info][gc,metaspace   ] GC(128) Metaspace: 56046K(56384K)->56046K(56384K) NonClass: 50416K(50688K)->50416K(50688K) Class: 5630K(5696K)->5630K(5696K)
[73.754s][info][gc             ] GC(128) Pause Young (Allocation Failure) 595M->417M(589M) 3.574ms
[73.754s][info][gc,cpu         ] GC(128) User=0.00s Sys=0.00s Real=0.00s
[74.144s][info][gc,start       ] GC(129) Pause Young (Allocation Failure)
[74.149s][info][gc,heap        ] GC(129) PSYoungGen: 175754K(176128K)->1632K(180224K) Eden: 174954K(175104K)->0K(168960K) From: 800K(1024K)->1632K(11264K)
[74.149s][info][gc,heap        ] GC(129) ParOldGen: 426901K(427008K)->426917K(427008K)
[74.149s][info][gc,metaspace   ] GC(129) Metaspace: 56046K(56384K)->56046K(56384K) NonClass: 50416K(50688K)->50416K(50688K) Class: 5630K(5696K)->5630K(5696K)
[74.149s][info][gc             ] GC(129) Pause Young (Allocation Failure) 588M->418M(593M) 4.359ms
[74.149s][info][gc,cpu         ] GC(129) User=0.01s Sys=0.00s Real=0.01s
[74.534s][info][gc,start       ] GC(130) Pause Young (Allocation Failure)
[74.539s][info][gc,heap        ] GC(130) PSYoungGen: 170592K(180224K)->2591K(187392K) Eden: 168960K(168960K)->0K(168960K) From: 1632K(11264K)->2591K(18432K)
[74.539s][info][gc,heap        ] GC(130) ParOldGen: 426917K(427008K)->426933K(427008K)
[74.539s][info][gc,metaspace   ] GC(130) Metaspace: 56049K(56384K)->56049K(56384K) NonClass: 50419K(50688K)->50419K(50688K) Class: 5630K(5696K)->5630K(5696K)
[74.539s][info][gc             ] GC(130) Pause Young (Allocation Failure) 583M->419M(600M) 4.780ms
[74.539s][info][gc,cpu         ] GC(130) User=0.01s Sys=0.00s Real=0.01s
[74.929s][info][gc,start       ] GC(131) Pause Young (Allocation Failure)
[74.934s][info][gc,heap        ] GC(131) PSYoungGen: 171551K(187392K)->1888K(217600K) Eden: 168960K(168960K)->0K(202752K) From: 2591K(18432K)->1888K(14848K)
[74.934s][info][gc,heap        ] GC(131) ParOldGen: 426933K(427008K)->426949K(427008K)
[74.934s][info][gc,metaspace   ] GC(131) Metaspace: 56049K(56384K)->56049K(56384K) NonClass: 50419K(50688K)->50419K(50688K) Class: 5630K(5696K)->5630K(5696K)
[74.934s][info][gc             ] GC(131) Pause Young (Allocation Failure) 584M->418M(629M) 5.043ms
[74.934s][info][gc,cpu         ] GC(131) User=0.01s Sys=0.00s Real=0.00s
[75.407s][info][gc,start       ] GC(132) Pause Young (Allocation Failure)
[75.410s][info][gc,heap        ] GC(132) PSYoungGen: 204640K(217600K)->829K(196608K) Eden: 202752K(202752K)->0K(195584K) From: 1888K(14848K)->829K(1024K)
[75.410s][info][gc,heap        ] GC(132) ParOldGen: 426949K(427008K)->426965K(427008K)
[75.410s][info][gc,metaspace   ] GC(132) Metaspace: 56049K(56384K)->56049K(56384K) NonClass: 50419K(50688K)->50419K(50688K) Class: 5630K(5696K)->5630K(5696K)
[75.410s][info][gc             ] GC(132) Pause Young (Allocation Failure) 616M->417M(609M) 2.701ms
[75.410s][info][gc,cpu         ] GC(132) User=0.00s Sys=0.00s Real=0.00s
[75.826s][info][gc,start       ] GC(133) Pause Young (Allocation Failure)
[75.832s][info][gc,heap        ] GC(133) PSYoungGen: 196413K(196608K)->3390K(211968K) Eden: 195584K(195584K)->0K(196608K) From: 829K(1024K)->3390K(15360K)
[75.832s][info][gc,heap        ] GC(133) ParOldGen: 426965K(427008K)->426981K(427008K)
[75.832s][info][gc,metaspace   ] GC(133) Metaspace: 56049K(56384K)->56049K(56384K) NonClass: 50419K(50688K)->50419K(50688K) Class: 5630K(5696K)->5630K(5696K)
[75.832s][info][gc             ] GC(133) Pause Young (Allocation Failure) 608M->420M(624M) 6.683ms
[75.833s][info][gc,cpu         ] GC(133) User=0.01s Sys=0.00s Real=0.00s
[76.246s][info][gc,start       ] GC(134) Pause Young (Allocation Failure)
[76.250s][info][gc,heap        ] GC(134) PSYoungGen: 199998K(211968K)->2143K(210944K) Eden: 196608K(196608K)->0K(196608K) From: 3390K(15360K)->2143K(14336K)
[76.250s][info][gc,heap        ] GC(134) ParOldGen: 426981K(427008K)->426997K(427008K)
[76.250s][info][gc,metaspace   ] GC(134) Metaspace: 56049K(56384K)->56049K(56384K) NonClass: 50419K(50688K)->50419K(50688K) Class: 5630K(5696K)->5630K(5696K)
[76.250s][info][gc             ] GC(134) Pause Young (Allocation Failure) 612M->419M(623M) 4.180ms
[76.250s][info][gc,cpu         ] GC(134) User=0.01s Sys=0.00s Real=0.00s
[76.714s][info][gc,start       ] GC(135) Pause Young (Allocation Failure)
[76.718s][info][gc,heap        ] GC(135) PSYoungGen: 198751K(210944K)->1887K(247296K) Eden: 196608K(196608K)->0K(236032K) From: 2143K(14336K)->1887K(11264K)
[76.718s][info][gc,heap        ] GC(135) ParOldGen: 426997K(427008K)->427013K(427520K)
[76.718s][info][gc,metaspace   ] GC(135) Metaspace: 56049K(56384K)->56049K(56384K) NonClass: 50419K(50688K)->50419K(50688K) Class: 5630K(5696K)->5630K(5696K)
[76.718s][info][gc             ] GC(135) Pause Young (Allocation Failure) 611M->418M(659M) 4.635ms
[76.718s][info][gc,cpu         ] GC(135) User=0.01s Sys=0.00s Real=0.01s
[77.236s][info][gc,start       ] GC(136) Pause Young (Allocation Failure)
[77.242s][info][gc,heap        ] GC(136) PSYoungGen: 237919K(247296K)->2558K(248320K) Eden: 236032K(236032K)->0K(236032K) From: 1887K(11264K)->2558K(12288K)
[77.242s][info][gc,heap        ] GC(136) ParOldGen: 427013K(427520K)->427029K(427520K)
[77.242s][info][gc,metaspace   ] GC(136) Metaspace: 56049K(56384K)->56049K(56384K) NonClass: 50419K(50688K)->50419K(50688K) Class: 5630K(5696K)->5630K(5696K)
[77.242s][info][gc             ] GC(136) Pause Young (Allocation Failure) 649M->419M(660M) 5.418ms
[77.242s][info][gc,cpu         ] GC(136) User=0.00s Sys=0.00s Real=0.00s
[77.743s][info][gc,start       ] GC(137) Pause Young (Allocation Failure)
[77.747s][info][gc,heap        ] GC(137) PSYoungGen: 238590K(248320K)->2078K(229376K) Eden: 236032K(236032K)->0K(226816K) From: 2558K(12288K)->2078K(2560K)
[77.747s][info][gc,heap        ] GC(137) ParOldGen: 427029K(427520K)->427045K(427520K)
[77.747s][info][gc,metaspace   ] GC(137) Metaspace: 56049K(56384K)->56049K(56384K) NonClass: 50419K(50688K)->50419K(50688K) Class: 5630K(5696K)->5630K(5696K)
[77.747s][info][gc             ] GC(137) Pause Young (Allocation Failure) 650M->419M(641M) 4.661ms
[77.747s][info][gc,cpu         ] GC(137) User=0.01s Sys=0.00s Real=0.01s
[78.250s][info][gc,start       ] GC(138) Pause Young (Allocation Failure)
[78.253s][info][gc,heap        ] GC(138) PSYoungGen: 228894K(229376K)->894K(219136K) Eden: 226816K(226816K)->0K(218112K) From: 2078K(2560K)->894K(1024K)
[78.253s][info][gc,heap        ] GC(138) ParOldGen: 427045K(427520K)->427061K(427520K)
[78.253s][info][gc,metaspace   ] GC(138) Metaspace: 56049K(56384K)->56049K(56384K) NonClass: 50419K(50688K)->50419K(50688K) Class: 5630K(5696K)->5630K(5696K)
[78.253s][info][gc             ] GC(138) Pause Young (Allocation Failure) 640M->417M(631M) 2.931ms
[78.253s][info][gc,cpu         ] GC(138) User=0.00s Sys=0.01s Real=0.00s
[78.800s][info][gc,start       ] GC(139) Pause Young (Allocation Failure)
[78.805s][info][gc,heap        ] GC(139) PSYoungGen: 219006K(219136K)->607K(210944K) Eden: 218112K(218112K)->0K(209920K) From: 894K(1024K)->607K(1024K)
[78.805s][info][gc,heap        ] GC(139) ParOldGen: 427061K(427520K)->427077K(427520K)
[78.805s][info][gc,metaspace   ] GC(139) Metaspace: 56049K(56384K)->56049K(56384K) NonClass: 50419K(50688K)->50419K(50688K) Class: 5630K(5696K)->5630K(5696K)
[78.805s][info][gc             ] GC(139) Pause Young (Allocation Failure) 630M->417M(623M) 5.087ms
[78.805s][info][gc,cpu         ] GC(139) User=0.00s Sys=0.01s Real=0.00s
[79.469s][info][gc,start       ] GC(140) Pause Young (Allocation Failure)
[79.476s][info][gc,heap        ] GC(140) PSYoungGen: 210527K(210944K)->1663K(211968K) Eden: 209920K(209920K)->0K(202240K) From: 607K(1024K)->1663K(9728K)
[79.476s][info][gc,heap        ] GC(140) ParOldGen: 427077K(427520K)->427093K(427520K)
[79.476s][info][gc,metaspace   ] GC(140) Metaspace: 56049K(56384K)->56049K(56384K) NonClass: 50419K(50688K)->50419K(50688K) Class: 5630K(5696K)->5630K(5696K)
[79.476s][info][gc             ] GC(140) Pause Young (Allocation Failure) 622M->418M(624M) 7.535ms
[79.476s][info][gc,cpu         ] GC(140) User=0.00s Sys=0.00s Real=0.01s
[79.826s][info][gc,start       ] GC(141) Pause Young (Allocation Failure)
[79.832s][info][gc,heap        ] GC(141) PSYoungGen: 203606K(211968K)->2432K(245248K) Eden: 201943K(202240K)->0K(242688K) From: 1663K(9728K)->2432K(2560K)
[79.832s][info][gc,heap        ] GC(141) ParOldGen: 427093K(427520K)->427109K(427520K)
[79.832s][info][gc,metaspace   ] GC(141) Metaspace: 56049K(56384K)->56049K(56384K) NonClass: 50419K(50688K)->50419K(50688K) Class: 5630K(5696K)->5630K(5696K)
[79.832s][info][gc             ] GC(141) Pause Young (Allocation Failure) 615M->419M(657M) 5.553ms
[79.832s][info][gc,cpu         ] GC(141) User=0.01s Sys=0.00s Real=0.00s
[80.344s][info][gc,start       ] GC(142) Pause Young (Allocation Failure)
[80.349s][info][gc,heap        ] GC(142) PSYoungGen: 245120K(245248K)->2335K(270336K) Eden: 242688K(242688K)->0K(261632K) From: 2432K(2560K)->2335K(8704K)
[80.349s][info][gc,heap        ] GC(142) ParOldGen: 427109K(427520K)->427125K(427520K)
[80.349s][info][gc,metaspace   ] GC(142) Metaspace: 56049K(56384K)->56049K(56384K) NonClass: 50419K(50688K)->50419K(50688K) Class: 5630K(5696K)->5630K(5696K)
[80.349s][info][gc             ] GC(142) Pause Young (Allocation Failure) 656M->419M(681M) 5.219ms
[80.349s][info][gc,cpu         ] GC(142) User=0.01s Sys=0.00s Real=0.01s
[80.941s][info][gc,start       ] GC(143) Pause Young (Allocation Failure)
[80.947s][info][gc,heap        ] GC(143) PSYoungGen: 263967K(270336K)->3134K(300032K) Eden: 261632K(261632K)->0K(291840K) From: 2335K(8704K)->3134K(8192K)
[80.947s][info][gc,heap        ] GC(143) ParOldGen: 427125K(427520K)->427141K(427520K)
[80.947s][info][gc,metaspace   ] GC(143) Metaspace: 56049K(56384K)->56049K(56384K) NonClass: 50419K(50688K)->50419K(50688K) Class: 5630K(5696K)->5630K(5696K)
[80.947s][info][gc             ] GC(143) Pause Young (Allocation Failure) 674M->420M(710M) 6.248ms
[80.947s][info][gc,cpu         ] GC(143) User=0.02s Sys=0.00s Real=0.01s
[81.621s][info][gc,start       ] GC(144) Pause Young (Allocation Failure)
[81.626s][info][gc,heap        ] GC(144) PSYoungGen: 294974K(300032K)->2078K(282624K) Eden: 291840K(291840K)->0K(280064K) From: 3134K(8192K)->2078K(2560K)
[81.626s][info][gc,heap        ] GC(144) ParOldGen: 427141K(427520K)->427157K(427520K)
[81.626s][info][gc,metaspace   ] GC(144) Metaspace: 56049K(56384K)->56049K(56384K) NonClass: 50419K(50688K)->50419K(50688K) Class: 5630K(5696K)->5630K(5696K)
[81.626s][info][gc             ] GC(144) Pause Young (Allocation Failure) 705M->419M(693M) 4.799ms
[81.626s][info][gc,cpu         ] GC(144) User=0.01s Sys=0.00s Real=0.01s
[82.243s][info][gc,start       ] GC(145) Pause Young (Allocation Failure)
[82.250s][info][gc,heap        ] GC(145) PSYoungGen: 282142K(282624K)->2622K(271872K) Eden: 280064K(280064K)->0K(268800K) From: 2078K(2560K)->2622K(3072K)
[82.250s][info][gc,heap        ] GC(145) ParOldGen: 427157K(427520K)->427173K(427520K)
[82.250s][info][gc,metaspace   ] GC(145) Metaspace: 56049K(56384K)->56049K(56384K) NonClass: 50419K(50688K)->50419K(50688K) Class: 5630K(5696K)->5630K(5696K)
[82.250s][info][gc             ] GC(145) Pause Young (Allocation Failure) 692M->419M(683M) 7.119ms
[82.250s][info][gc,cpu         ] GC(145) User=0.02s Sys=0.00s Real=0.01s
[82.884s][info][gc,start       ] GC(146) Pause Young (Allocation Failure)
[82.889s][info][gc,heap        ] GC(146) PSYoungGen: 271279K(271872K)->2432K(260608K) Eden: 268656K(268800K)->0K(258048K) From: 2622K(3072K)->2432K(2560K)
[82.889s][info][gc,heap        ] GC(146) ParOldGen: 427173K(427520K)->427189K(427520K)
[82.889s][info][gc,metaspace   ] GC(146) Metaspace: 56049K(56384K)->56049K(56384K) NonClass: 50419K(50688K)->50419K(50688K) Class: 5630K(5696K)->5630K(5696K)
[82.889s][info][gc             ] GC(146) Pause Young (Allocation Failure) 682M->419M(672M) 5.045ms
[82.889s][info][gc,cpu         ] GC(146) User=0.01s Sys=0.00s Real=0.01s
[83.427s][info][gc,start       ] GC(147) Pause Young (Allocation Failure)
[83.432s][info][gc,heap        ] GC(147) PSYoungGen: 260318K(260608K)->2816K(250880K) Eden: 257886K(258048K)->0K(247808K) From: 2432K(2560K)->2816K(3072K)
[83.432s][info][gc,heap        ] GC(147) ParOldGen: 427189K(427520K)->427205K(427520K)
[83.432s][info][gc,metaspace   ] GC(147) Metaspace: 56049K(56384K)->56049K(56384K) NonClass: 50419K(50688K)->50419K(50688K) Class: 5630K(5696K)->5630K(5696K)
[83.432s][info][gc             ] GC(147) Pause Young (Allocation Failure) 671M->419M(662M) 5.712ms
[83.432s][info][gc,cpu         ] GC(147) User=0.01s Sys=0.00s Real=0.00s
[84.069s][info][gc,start       ] GC(148) Pause Young (Allocation Failure)
[84.072s][info][gc,heap        ] GC(148) PSYoungGen: 250624K(250880K)->832K(239104K) Eden: 247808K(247808K)->0K(238080K) From: 2816K(3072K)->832K(1024K)
[84.072s][info][gc,heap        ] GC(148) ParOldGen: 427205K(427520K)->427221K(427520K)
[84.072s][info][gc,metaspace   ] GC(148) Metaspace: 56049K(56384K)->56049K(56384K) NonClass: 50419K(50688K)->50419K(50688K) Class: 5630K(5696K)->5630K(5696K)
[84.072s][info][gc             ] GC(148) Pause Young (Allocation Failure) 661M->418M(651M) 3.088ms
[84.072s][info][gc,cpu         ] GC(148) User=0.00s Sys=0.00s Real=0.00s
[84.532s][info][gc,start       ] GC(149) Pause Young (Allocation Failure)
[84.537s][info][gc,heap        ] GC(149) PSYoungGen: 238912K(239104K)->2911K(231936K) Eden: 238080K(238080K)->0K(228864K) From: 832K(1024K)->2911K(3072K)
[84.537s][info][gc,heap        ] GC(149) ParOldGen: 427221K(427520K)->427237K(427520K)
[84.537s][info][gc,metaspace   ] GC(149) Metaspace: 56050K(56384K)->56050K(56384K) NonClass: 50420K(50688K)->50420K(50688K) Class: 5630K(5696K)->5630K(5696K)
[84.537s][info][gc             ] GC(149) Pause Young (Allocation Failure) 650M->420M(644M) 5.405ms
[84.537s][info][gc,cpu         ] GC(149) User=0.01s Sys=0.00s Real=0.01s
[85.037s][info][gc,start       ] GC(150) Pause Young (Allocation Failure)
[85.041s][info][gc,heap        ] GC(150) PSYoungGen: 231685K(231936K)->2208K(222720K) Eden: 228773K(228864K)->0K(220160K) From: 2911K(3072K)->2208K(2560K)
[85.041s][info][gc,heap        ] GC(150) ParOldGen: 427237K(427520K)->427253K(427520K)
[85.041s][info][gc,metaspace   ] GC(150) Metaspace: 56050K(56384K)->56050K(56384K) NonClass: 50420K(50688K)->50420K(50688K) Class: 5630K(5696K)->5630K(5696K)
[85.041s][info][gc             ] GC(150) Pause Young (Allocation Failure) 643M->419M(635M) 4.766ms
[85.041s][info][gc,cpu         ] GC(150) User=0.01s Sys=0.00s Real=0.00s
[85.536s][info][gc,start       ] GC(151) Pause Young (Allocation Failure)
[85.542s][info][gc,heap        ] GC(151) PSYoungGen: 222368K(222720K)->2720K(215040K) Eden: 220160K(220160K)->0K(211968K) From: 2208K(2560K)->2720K(3072K)
[85.542s][info][gc,heap        ] GC(151) ParOldGen: 427253K(427520K)->427277K(427520K)
[85.542s][info][gc,metaspace   ] GC(151) Metaspace: 56050K(56384K)->56050K(56384K) NonClass: 50420K(50688K)->50420K(50688K) Class: 5630K(5696K)->5630K(5696K)
[85.542s][info][gc             ] GC(151) Pause Young (Allocation Failure) 634M->419M(627M) 5.400ms
[85.542s][info][gc,cpu         ] GC(151) User=0.01s Sys=0.00s Real=0.00s
[86.024s][info][gc,start       ] GC(152) Pause Young (Allocation Failure)
[86.028s][info][gc,heap        ] GC(152) PSYoungGen: 214688K(215040K)->2239K(206848K) Eden: 211968K(211968K)->0K(204288K) From: 2720K(3072K)->2239K(2560K)
[86.028s][info][gc,heap        ] GC(152) ParOldGen: 427277K(427520K)->427293K(427520K)
[86.028s][info][gc,metaspace   ] GC(152) Metaspace: 56050K(56384K)->56050K(56384K) NonClass: 50420K(50688K)->50420K(50688K) Class: 5630K(5696K)->5630K(5696K)
[86.028s][info][gc             ] GC(152) Pause Young (Allocation Failure) 626M->419M(619M) 4.392ms
[86.028s][info][gc,cpu         ] GC(152) User=0.01s Sys=0.00s Real=0.01s
[86.511s][info][gc,start       ] GC(153) Pause Young (Allocation Failure)
[86.514s][info][gc,heap        ] GC(153) PSYoungGen: 206527K(206848K)->1065K(198144K) Eden: 204288K(204288K)->0K(196608K) From: 2239K(2560K)->1065K(1536K)
[86.514s][info][gc,heap        ] GC(153) ParOldGen: 427293K(427520K)->427309K(427520K)
[86.514s][info][gc,metaspace   ] GC(153) Metaspace: 56050K(56384K)->56050K(56384K) NonClass: 50420K(50688K)->50420K(50688K) Class: 5630K(5696K)->5630K(5696K)
[86.515s][info][gc             ] GC(153) Pause Young (Allocation Failure) 618M->418M(611M) 3.343ms
[86.515s][info][gc,cpu         ] GC(153) User=0.01s Sys=0.00s Real=0.00s
[86.944s][info][gc,start       ] GC(154) Pause Young (Allocation Failure)
[86.947s][info][gc,heap        ] GC(154) PSYoungGen: 197673K(198144K)->1791K(191488K) Eden: 196608K(196608K)->0K(189440K) From: 1065K(1536K)->1791K(2048K)
[86.947s][info][gc,heap        ] GC(154) ParOldGen: 427309K(427520K)->427325K(427520K)
[86.947s][info][gc,metaspace   ] GC(154) Metaspace: 56050K(56384K)->56050K(56384K) NonClass: 50420K(50688K)->50420K(50688K) Class: 5630K(5696K)->5630K(5696K)
[86.947s][info][gc             ] GC(154) Pause Young (Allocation Failure) 610M->419M(604M) 3.802ms
[86.947s][info][gc,cpu         ] GC(154) User=0.01s Sys=0.00s Real=0.01s
[87.349s][info][gc,start       ] GC(155) Pause Young (Allocation Failure)
[87.353s][info][gc,heap        ] GC(155) PSYoungGen: 191231K(191488K)->1631K(184832K) Eden: 189440K(189440K)->0K(182784K) From: 1791K(2048K)->1631K(2048K)
[87.353s][info][gc,heap        ] GC(155) ParOldGen: 427325K(427520K)->427341K(427520K)
[87.353s][info][gc,metaspace   ] GC(155) Metaspace: 56050K(56384K)->56050K(56384K) NonClass: 50420K(50688K)->50420K(50688K) Class: 5630K(5696K)->5630K(5696K)
[87.353s][info][gc             ] GC(155) Pause Young (Allocation Failure) 604M->418M(598M) 3.838ms
[87.353s][info][gc,cpu         ] GC(155) User=0.01s Sys=0.00s Real=0.00s
[87.805s][info][gc,start       ] GC(156) Pause Young (Allocation Failure)
[87.808s][info][gc,heap        ] GC(156) PSYoungGen: 184415K(184832K)->256K(176640K) Eden: 182784K(182784K)->0K(176128K) From: 1631K(2048K)->256K(512K)
[87.809s][info][gc,heap        ] GC(156) ParOldGen: 427341K(427520K)->427357K(427520K)
[87.809s][info][gc,metaspace   ] GC(156) Metaspace: 56050K(56384K)->56050K(56384K) NonClass: 50420K(50688K)->50420K(50688K) Class: 5630K(5696K)->5630K(5696K)
[87.809s][info][gc             ] GC(156) Pause Young (Allocation Failure) 597M->417M(590M) 3.128ms
[87.809s][info][gc,cpu         ] GC(156) User=0.00s Sys=0.00s Real=0.00s
[88.150s][info][gc,start       ] GC(157) Pause Young (Allocation Failure)
[88.154s][info][gc,heap        ] GC(157) PSYoungGen: 176383K(176640K)->1439K(171520K) Eden: 176127K(176128K)->0K(169984K) From: 256K(512K)->1439K(1536K)
[88.154s][info][gc,heap        ] GC(157) ParOldGen: 427357K(427520K)->427373K(427520K)
[88.154s][info][gc,metaspace   ] GC(157) Metaspace: 56050K(56384K)->56050K(56384K) NonClass: 50420K(50688K)->50420K(50688K) Class: 5630K(5696K)->5630K(5696K)
[88.154s][info][gc             ] GC(157) Pause Young (Allocation Failure) 589M->418M(585M) 3.599ms
[88.154s][info][gc,cpu         ] GC(157) User=0.01s Sys=0.00s Real=0.00s
[88.542s][info][gc,start       ] GC(158) Pause Young (Allocation Failure)
[88.546s][info][gc,heap        ] GC(158) PSYoungGen: 171423K(171520K)->2431K(166912K) Eden: 169984K(169984K)->0K(164352K) From: 1439K(1536K)->2431K(2560K)
[88.546s][info][gc,heap        ] GC(158) ParOldGen: 427373K(427520K)->427389K(427520K)
[88.546s][info][gc,metaspace   ] GC(158) Metaspace: 56051K(56384K)->56051K(56384K) NonClass: 50421K(50688K)->50421K(50688K) Class: 5630K(5696K)->5630K(5696K)
[88.546s][info][gc             ] GC(158) Pause Young (Allocation Failure) 584M->419M(580M) 4.588ms
[88.547s][info][gc,cpu         ] GC(158) User=0.01s Sys=0.00s Real=0.01s
[88.923s][info][gc,start       ] GC(159) Pause Young (Allocation Failure)
[88.927s][info][gc,heap        ] GC(159) PSYoungGen: 166783K(166912K)->2495K(161280K) Eden: 164352K(164352K)->0K(158720K) From: 2431K(2560K)->2495K(2560K)
[88.927s][info][gc,heap        ] GC(159) ParOldGen: 427389K(427520K)->427405K(427520K)
[88.927s][info][gc,metaspace   ] GC(159) Metaspace: 56051K(56384K)->56051K(56384K) NonClass: 50421K(50688K)->50421K(50688K) Class: 5630K(5696K)->5630K(5696K)
[88.927s][info][gc             ] GC(159) Pause Young (Allocation Failure) 580M->419M(575M) 4.727ms
[88.927s][info][gc,cpu         ] GC(159) User=0.01s Sys=0.00s Real=0.01s
[89.306s][info][gc,start       ] GC(160) Pause Young (Allocation Failure)
[89.309s][info][gc,heap        ] GC(160) PSYoungGen: 161215K(161280K)->480K(154112K) Eden: 158720K(158720K)->0K(153600K) From: 2495K(2560K)->480K(512K)
[89.309s][info][gc,heap        ] GC(160) ParOldGen: 427405K(427520K)->427421K(427520K)
[89.309s][info][gc,metaspace   ] GC(160) Metaspace: 56051K(56384K)->56051K(56384K) NonClass: 50421K(50688K)->50421K(50688K) Class: 5630K(5696K)->5630K(5696K)
[89.309s][info][gc             ] GC(160) Pause Young (Allocation Failure) 574M->417M(568M) 2.568ms
[89.309s][info][gc,cpu         ] GC(160) User=0.00s Sys=0.00s Real=0.00s
[89.627s][info][gc,start       ] GC(161) Pause Young (Allocation Failure)
[89.631s][info][gc,heap        ] GC(161) PSYoungGen: 154080K(154112K)->2048K(150528K) Eden: 153600K(153600K)->0K(148480K) From: 480K(512K)->2048K(2048K)
[89.631s][info][gc,heap        ] GC(161) ParOldGen: 427421K(427520K)->427437K(427520K)
[89.631s][info][gc,metaspace   ] GC(161) Metaspace: 56052K(56384K)->56052K(56384K) NonClass: 50422K(50688K)->50422K(50688K) Class: 5630K(5696K)->5630K(5696K)
[89.631s][info][gc             ] GC(161) Pause Young (Allocation Failure) 567M->419M(564M) 4.459ms
[89.631s][info][gc,cpu         ] GC(161) User=0.01s Sys=0.00s Real=0.00s
[89.939s][info][gc,start       ] GC(162) Pause Young (Allocation Failure)
[89.942s][info][gc,heap        ] GC(162) PSYoungGen: 150528K(150528K)->1759K(145408K) Eden: 148480K(148480K)->0K(143360K) From: 2048K(2048K)->1759K(2048K)
[89.942s][info][gc,heap        ] GC(162) ParOldGen: 427437K(427520K)->427453K(427520K)
[89.942s][info][gc,metaspace   ] GC(162) Metaspace: 56052K(56384K)->56052K(56384K) NonClass: 50422K(50688K)->50422K(50688K) Class: 5630K(5696K)->5630K(5696K)
[89.942s][info][gc             ] GC(162) Pause Young (Allocation Failure) 564M->419M(559M) 3.703ms
[89.943s][info][gc,cpu         ] GC(162) User=0.00s Sys=0.00s Real=0.00s
[90.307s][info][gc,start       ] GC(163) Pause Young (Allocation Failure)
[90.310s][info][gc,heap        ] GC(163) PSYoungGen: 145119K(145408K)->608K(139776K) Eden: 143360K(143360K)->0K(138752K) From: 1759K(2048K)->608K(1024K)
[90.310s][info][gc,heap        ] GC(163) ParOldGen: 427453K(427520K)->427469K(427520K)
[90.310s][info][gc,metaspace   ] GC(163) Metaspace: 56052K(56384K)->56052K(56384K) NonClass: 50422K(50688K)->50422K(50688K) Class: 5630K(5696K)->5630K(5696K)
[90.310s][info][gc             ] GC(163) Pause Young (Allocation Failure) 559M->418M(554M) 2.771ms
[90.310s][info][gc,cpu         ] GC(163) User=0.01s Sys=0.00s Real=0.00s
[90.613s][info][gc,start       ] GC(164) Pause Young (Allocation Failure)
[90.617s][info][gc,heap        ] GC(164) PSYoungGen: 139360K(139776K)->1280K(135680K) Eden: 138752K(138752K)->0K(134144K) From: 608K(1024K)->1280K(1536K)
[90.617s][info][gc,heap        ] GC(164) ParOldGen: 427469K(427520K)->427485K(427520K)
[90.617s][info][gc,metaspace   ] GC(164) Metaspace: 56052K(56384K)->56052K(56384K) NonClass: 50422K(50688K)->50422K(50688K) Class: 5630K(5696K)->5630K(5696K)
[90.617s][info][gc             ] GC(164) Pause Young (Allocation Failure) 553M->418M(550M) 3.302ms
[90.617s][info][gc,cpu         ] GC(164) User=0.01s Sys=0.00s Real=0.01s
[90.916s][info][gc,start       ] GC(165) Pause Young (Allocation Failure)
[90.920s][info][gc,heap        ] GC(165) PSYoungGen: 135424K(135680K)->1664K(132096K) Eden: 134144K(134144K)->0K(130048K) From: 1280K(1536K)->1664K(2048K)
[90.920s][info][gc,heap        ] GC(165) ParOldGen: 427485K(427520K)->427501K(427520K)
[90.920s][info][gc,metaspace   ] GC(165) Metaspace: 56052K(56384K)->56052K(56384K) NonClass: 50422K(50688K)->50422K(50688K) Class: 5630K(5696K)->5630K(5696K)
[90.920s][info][gc             ] GC(165) Pause Young (Allocation Failure) 549M->419M(546M) 3.865ms
[90.920s][info][gc,cpu         ] GC(165) User=0.01s Sys=0.00s Real=0.00s
[91.217s][info][gc,start       ] GC(166) Pause Young (Allocation Failure)
[91.235s][info][gc,heap        ] GC(166) PSYoungGen: 131712K(132096K)->2303K(158720K) Eden: 130048K(130048K)->0K(156160K) From: 1664K(2048K)->2303K(2560K)
[91.235s][info][gc,heap        ] GC(166) ParOldGen: 427501K(427520K)->427517K(427520K)
[91.235s][info][gc,metaspace   ] GC(166) Metaspace: 56052K(56384K)->56052K(56384K) NonClass: 50422K(50688K)->50422K(50688K) Class: 5630K(5696K)->5630K(5696K)
[91.235s][info][gc             ] GC(166) Pause Young (Allocation Failure) 546M->419M(572M) 18.156ms
[91.235s][info][gc,cpu         ] GC(166) User=0.01s Sys=0.00s Real=0.01s
[91.652s][info][gc,start       ] GC(167) Pause Young (Allocation Failure)
[91.657s][info][gc,heap        ] GC(167) PSYoungGen: 158463K(158720K)->1759K(189440K) Eden: 156160K(156160K)->0K(187392K) From: 2303K(2560K)->1759K(2048K)
[91.657s][info][gc,heap        ] GC(167) ParOldGen: 427517K(427520K)->427533K(428032K)
[91.657s][info][gc,metaspace   ] GC(167) Metaspace: 56052K(56384K)->56052K(56384K) NonClass: 50422K(50688K)->50422K(50688K) Class: 5630K(5696K)->5630K(5696K)
[91.657s][info][gc             ] GC(167) Pause Young (Allocation Failure) 572M->419M(603M) 5.271ms
[91.657s][info][gc,cpu         ] GC(167) User=0.01s Sys=0.00s Real=0.01s
[92.108s][info][gc,start       ] GC(168) Pause Young (Allocation Failure)
[92.111s][info][gc,heap        ] GC(168) PSYoungGen: 189151K(189440K)->800K(226304K) Eden: 187392K(187392K)->0K(225280K) From: 1759K(2048K)->800K(1024K)
[92.111s][info][gc,heap        ] GC(168) ParOldGen: 427533K(428032K)->427549K(428032K)
[92.111s][info][gc,metaspace   ] GC(168) Metaspace: 56052K(56384K)->56052K(56384K) NonClass: 50422K(50688K)->50422K(50688K) Class: 5630K(5696K)->5630K(5696K)
[92.111s][info][gc             ] GC(168) Pause Young (Allocation Failure) 602M->418M(639M) 2.955ms
[92.111s][info][gc,cpu         ] GC(168) User=0.00s Sys=0.01s Real=0.00s
[92.609s][info][gc,start       ] GC(169) Pause Young (Allocation Failure)
[92.611s][info][gc,heap        ] GC(169) PSYoungGen: 226080K(226304K)->672K(241664K) Eden: 225280K(225280K)->0K(238080K) From: 800K(1024K)->672K(3584K)
[92.611s][info][gc,heap        ] GC(169) ParOldGen: 427549K(428032K)->427565K(428032K)
[92.611s][info][gc,metaspace   ] GC(169) Metaspace: 56052K(56384K)->56052K(56384K) NonClass: 50422K(50688K)->50422K(50688K) Class: 5630K(5696K)->5630K(5696K)
[92.611s][info][gc             ] GC(169) Pause Young (Allocation Failure) 638M->418M(654M) 2.729ms
[92.611s][info][gc,cpu         ] GC(169) User=0.00s Sys=0.00s Real=0.00s
[93.122s][info][gc,start       ] GC(170) Pause Young (Allocation Failure)
[93.126s][info][gc,heap        ] GC(170) PSYoungGen: 238752K(241664K)->1632K(241664K) Eden: 238080K(238080K)->0K(238080K) From: 672K(3584K)->1632K(3584K)
[93.126s][info][gc,heap        ] GC(170) ParOldGen: 427565K(428032K)->427581K(428032K)
[93.126s][info][gc,metaspace   ] GC(170) Metaspace: 56052K(56384K)->56052K(56384K) NonClass: 50422K(50688K)->50422K(50688K) Class: 5630K(5696K)->5630K(5696K)
[93.126s][info][gc             ] GC(170) Pause Young (Allocation Failure) 650M->419M(654M) 3.802ms
[93.126s][info][gc,cpu         ] GC(170) User=0.01s Sys=0.00s Real=0.01s
[93.641s][info][gc,start       ] GC(171) Pause Young (Allocation Failure)
[93.647s][info][gc,heap        ] GC(171) PSYoungGen: 239562K(241664K)->2368K(289280K) Eden: 237930K(238080K)->0K(285696K) From: 1632K(3584K)->2368K(3584K)
[93.647s][info][gc,heap        ] GC(171) ParOldGen: 427581K(428032K)->427605K(428032K)
[93.647s][info][gc,metaspace   ] GC(171) Metaspace: 56052K(56384K)->56052K(56384K) NonClass: 50422K(50688K)->50422K(50688K) Class: 5630K(5696K)->5630K(5696K)
[93.647s][info][gc             ] GC(171) Pause Young (Allocation Failure) 651M->419M(700M) 5.690ms
[93.647s][info][gc,cpu         ] GC(171) User=0.01s Sys=0.00s Real=0.01s
[94.314s][info][gc,start       ] GC(172) Pause Young (Allocation Failure)
[94.317s][info][gc,heap        ] GC(172) PSYoungGen: 288064K(289280K)->829K(275456K) Eden: 285696K(285696K)->0K(274432K) From: 2368K(3584K)->829K(1024K)
[94.317s][info][gc,heap        ] GC(172) ParOldGen: 427605K(428032K)->427621K(428032K)
[94.317s][info][gc,metaspace   ] GC(172) Metaspace: 56052K(56384K)->56052K(56384K) NonClass: 50422K(50688K)->50422K(50688K) Class: 5630K(5696K)->5630K(5696K)
[94.317s][info][gc             ] GC(172) Pause Young (Allocation Failure) 698M->418M(687M) 3.209ms
[94.317s][info][gc,cpu         ] GC(172) User=0.01s Sys=0.00s Real=0.01s
[94.981s][info][gc,start       ] GC(173) Pause Young (Allocation Failure)
[94.985s][info][gc,heap        ] GC(173) PSYoungGen: 275261K(275456K)->1310K(265216K) Eden: 274432K(274432K)->0K(263680K) From: 829K(1024K)->1310K(1536K)
[94.985s][info][gc,heap        ] GC(173) ParOldGen: 427621K(428032K)->427645K(428032K)
[94.985s][info][gc,metaspace   ] GC(173) Metaspace: 56053K(56384K)->56053K(56384K) NonClass: 50423K(50688K)->50423K(50688K) Class: 5630K(5696K)->5630K(5696K)
[94.985s][info][gc             ] GC(173) Pause Young (Allocation Failure) 686M->418M(677M) 3.332ms
[94.985s][info][gc,cpu         ] GC(173) User=0.00s Sys=0.01s Real=0.00s
[95.513s][info][gc,start       ] GC(174) Pause Young (Allocation Failure)
[95.517s][info][gc,heap        ] GC(174) PSYoungGen: 264990K(265216K)->1919K(255488K) Eden: 263680K(263680K)->0K(253440K) From: 1310K(1536K)->1919K(2048K)
[95.517s][info][gc,heap        ] GC(174) ParOldGen: 427645K(428032K)->427661K(428032K)
[95.517s][info][gc,metaspace   ] GC(174) Metaspace: 56053K(56384K)->56053K(56384K) NonClass: 50423K(50688K)->50423K(50688K) Class: 5630K(5696K)->5630K(5696K)
[95.517s][info][gc             ] GC(174) Pause Young (Allocation Failure) 676M->419M(667M) 3.903ms
[95.517s][info][gc,cpu         ] GC(174) User=0.01s Sys=0.00s Real=0.01s
[96.159s][info][gc,start       ] GC(175) Pause Young (Allocation Failure)
[96.161s][info][gc,heap        ] GC(175) PSYoungGen: 255359K(255488K)->416K(244224K) Eden: 253440K(253440K)->0K(243712K) From: 1919K(2048K)->416K(512K)
[96.161s][info][gc,heap        ] GC(175) ParOldGen: 427661K(428032K)->427677K(428032K)
[96.161s][info][gc,metaspace   ] GC(175) Metaspace: 56053K(56384K)->56053K(56384K) NonClass: 50423K(50688K)->50423K(50688K) Class: 5630K(5696K)->5630K(5696K)
[96.161s][info][gc             ] GC(175) Pause Young (Allocation Failure) 667M->418M(656M) 2.677ms
[96.162s][info][gc,cpu         ] GC(175) User=0.00s Sys=0.00s Real=0.00s
[96.626s][info][gc,start       ] GC(176) Pause Young (Allocation Failure)
[96.630s][info][gc,heap        ] GC(176) PSYoungGen: 244128K(244224K)->2526K(238080K) Eden: 243712K(243712K)->0K(234496K) From: 416K(512K)->2526K(3584K)
[96.630s][info][gc,heap        ] GC(176) ParOldGen: 427677K(428032K)->427693K(428032K)
[96.630s][info][gc,metaspace   ] GC(176) Metaspace: 56053K(56384K)->56053K(56384K) NonClass: 50423K(50688K)->50423K(50688K) Class: 5630K(5696K)->5630K(5696K)
[96.630s][info][gc             ] GC(176) Pause Young (Allocation Failure) 656M->420M(650M) 4.228ms
[96.630s][info][gc,cpu         ] GC(176) User=0.01s Sys=0.00s Real=0.00s
[97.140s][info][gc,start       ] GC(177) Pause Young (Allocation Failure)
[97.145s][info][gc,heap        ] GC(177) PSYoungGen: 237022K(238080K)->2176K(228352K) Eden: 234496K(234496K)->0K(225792K) From: 2526K(3584K)->2176K(2560K)
[97.145s][info][gc,heap        ] GC(177) ParOldGen: 427693K(428032K)->427709K(428032K)
[97.145s][info][gc,metaspace   ] GC(177) Metaspace: 56053K(56384K)->56053K(56384K) NonClass: 50423K(50688K)->50423K(50688K) Class: 5630K(5696K)->5630K(5696K)
[97.145s][info][gc             ] GC(177) Pause Young (Allocation Failure) 649M->419M(641M) 4.754ms
[97.145s][info][gc,cpu         ] GC(177) User=0.01s Sys=0.00s Real=0.00s
[97.701s][info][gc,start       ] GC(178) Pause Young (Allocation Failure)
[97.706s][info][gc,heap        ] GC(178) PSYoungGen: 227968K(228352K)->2463K(219648K) Eden: 225792K(225792K)->0K(217088K) From: 2176K(2560K)->2463K(2560K)
[97.706s][info][gc,heap        ] GC(178) ParOldGen: 427709K(428032K)->427725K(428032K)
[97.706s][info][gc,metaspace   ] GC(178) Metaspace: 56053K(56384K)->56053K(56384K) NonClass: 50423K(50688K)->50423K(50688K) Class: 5630K(5696K)->5630K(5696K)
[97.706s][info][gc             ] GC(178) Pause Young (Allocation Failure) 640M->420M(632M) 4.680ms
[97.706s][info][gc,cpu         ] GC(178) User=0.00s Sys=0.00s Real=0.01s
[98.134s][info][gc,start       ] GC(179) Pause Young (Allocation Failure)
[98.139s][info][gc,heap        ] GC(179) PSYoungGen: 219551K(219648K)->2560K(211456K) Eden: 217088K(217088K)->0K(208896K) From: 2463K(2560K)->2560K(2560K)
[98.139s][info][gc,heap        ] GC(179) ParOldGen: 427725K(428032K)->427893K(428032K)
[98.139s][info][gc,metaspace   ] GC(179) Metaspace: 56053K(56384K)->56053K(56384K) NonClass: 50423K(50688K)->50423K(50688K) Class: 5630K(5696K)->5630K(5696K)
[98.139s][info][gc             ] GC(179) Pause Young (Allocation Failure) 632M->420M(624M) 5.519ms
[98.139s][info][gc,cpu         ] GC(179) User=0.01s Sys=0.00s Real=0.01s
[98.616s][info][gc,start       ] GC(180) Pause Young (Allocation Failure)
[98.623s][info][gc,heap        ] GC(180) PSYoungGen: 211456K(211456K)->2303K(253440K) Eden: 208896K(208896K)->0K(250880K) From: 2560K(2560K)->2303K(2560K)
[98.623s][info][gc,heap        ] GC(180) ParOldGen: 427893K(428032K)->430453K(430592K)
[98.623s][info][gc,metaspace   ] GC(180) Metaspace: 56053K(56384K)->56053K(56384K) NonClass: 50423K(50688K)->50423K(50688K) Class: 5630K(5696K)->5630K(5696K)
[98.624s][info][gc             ] GC(180) Pause Young (Allocation Failure) 624M->422M(668M) 7.307ms
[98.624s][info][gc,cpu         ] GC(180) User=0.01s Sys=0.00s Real=0.00s
[99.156s][info][gc,start       ] GC(181) Pause Young (Allocation Failure)
[99.160s][info][gc,heap        ] GC(181) PSYoungGen: 253106K(253440K)->1152K(242688K) Eden: 250803K(250880K)->0K(241152K) From: 2303K(2560K)->1152K(1536K)
[99.160s][info][gc,heap        ] GC(181) ParOldGen: 430453K(430592K)->430581K(430592K)
[99.160s][info][gc,metaspace   ] GC(181) Metaspace: 56053K(56384K)->56053K(56384K) NonClass: 50423K(50688K)->50423K(50688K) Class: 5630K(5696K)->5630K(5696K)
[99.160s][info][gc             ] GC(181) Pause Young (Allocation Failure) 667M->421M(657M) 3.702ms
[99.160s][info][gc,cpu         ] GC(181) User=0.01s Sys=0.00s Real=0.00s
[99.721s][info][gc,start       ] GC(182) Pause Young (Allocation Failure)
[99.725s][info][gc,heap        ] GC(182) PSYoungGen: 242304K(242688K)->1759K(233984K) Eden: 241152K(241152K)->0K(231936K) From: 1152K(1536K)->1759K(2048K)
[99.725s][info][gc,heap        ] GC(182) ParOldGen: 430581K(430592K)->430597K(431104K)
[99.725s][info][gc,metaspace   ] GC(182) Metaspace: 56055K(56384K)->56055K(56384K) NonClass: 50425K(50688K)->50425K(50688K) Class: 5630K(5696K)->5630K(5696K)
[99.725s][info][gc             ] GC(182) Pause Young (Allocation Failure) 657M->422M(649M) 3.730ms
[99.725s][info][gc,cpu         ] GC(182) User=0.01s Sys=0.00s Real=0.00s
[100.232s][info][gc,start       ] GC(183) Pause Young (Allocation Failure)
[100.236s][info][gc,heap        ] GC(183) PSYoungGen: 233695K(233984K)->2655K(226304K) Eden: 231936K(231936K)->0K(223232K) From: 1759K(2048K)->2655K(3072K)
[100.236s][info][gc,heap        ] GC(183) ParOldGen: 430597K(431104K)->430613K(431104K)
[100.236s][info][gc,metaspace   ] GC(183) Metaspace: 56055K(56384K)->56055K(56384K) NonClass: 50425K(50688K)->50425K(50688K) Class: 5630K(5696K)->5630K(5696K)
[100.236s][info][gc             ] GC(183) Pause Young (Allocation Failure) 648M->423M(642M) 4.735ms
[100.236s][info][gc,cpu         ] GC(183) User=0.01s Sys=0.00s Real=0.01s
[100.731s][info][gc,start       ] GC(184) Pause Young (Allocation Failure)
[100.735s][info][gc,heap        ] GC(184) PSYoungGen: 225887K(226304K)->2751K(218112K) Eden: 223231K(223232K)->0K(215040K) From: 2655K(3072K)->2751K(3072K)
[100.735s][info][gc,heap        ] GC(184) ParOldGen: 430613K(431104K)->430629K(431104K)
[100.735s][info][gc,metaspace   ] GC(184) Metaspace: 56055K(56384K)->56055K(56384K) NonClass: 50425K(50688K)->50425K(50688K) Class: 5630K(5696K)->5630K(5696K)
[100.735s][info][gc             ] GC(184) Pause Young (Allocation Failure) 641M->423M(634M) 4.902ms
[100.735s][info][gc,cpu         ] GC(184) User=0.01s Sys=0.00s Real=0.01s
[101.228s][info][gc,start       ] GC(185) Pause Young (Allocation Failure)
[101.233s][info][gc,heap        ] GC(185) PSYoungGen: 217727K(218112K)->2560K(209408K) Eden: 214976K(215040K)->0K(206848K) From: 2751K(3072K)->2560K(2560K)
[101.233s][info][gc,heap        ] GC(185) ParOldGen: 430629K(431104K)->431053K(431104K)
[101.233s][info][gc,metaspace   ] GC(185) Metaspace: 56055K(56384K)->56055K(56384K) NonClass: 50425K(50688K)->50425K(50688K) Class: 5630K(5696K)->5630K(5696K)
[101.233s][info][gc             ] GC(185) Pause Young (Allocation Failure) 633M->423M(625M) 5.256ms
[101.233s][info][gc,cpu         ] GC(185) User=0.00s Sys=0.00s Real=0.00s
[101.715s][info][gc,start       ] GC(186) Pause Young (Allocation Failure)
[101.720s][info][gc,heap        ] GC(186) PSYoungGen: 209408K(209408K)->1727K(201216K) Eden: 206848K(206848K)->0K(199168K) From: 2560K(2560K)->1727K(2048K)
[101.720s][info][gc,heap        ] GC(186) ParOldGen: 431053K(431104K)->432453K(432640K)
[101.720s][info][gc,metaspace   ] GC(186) Metaspace: 56055K(56384K)->56055K(56384K) NonClass: 50425K(50688K)->50425K(50688K) Class: 5630K(5696K)->5630K(5696K)
[101.720s][info][gc             ] GC(186) Pause Young (Allocation Failure) 625M->424M(619M) 5.365ms
[101.720s][info][gc,cpu         ] GC(186) User=0.00s Sys=0.01s Real=0.01s
[102.133s][info][gc,start       ] GC(187) Pause Young (Allocation Failure)
[102.139s][info][gc,heap        ] GC(187) PSYoungGen: 200895K(201216K)->3231K(242688K) Eden: 199168K(199168K)->0K(239104K) From: 1727K(2048K)->3231K(3584K)
[102.139s][info][gc,heap        ] GC(187) ParOldGen: 432453K(432640K)->432605K(432640K)
[102.139s][info][gc,metaspace   ] GC(187) Metaspace: 56055K(56384K)->56055K(56384K) NonClass: 50425K(50688K)->50425K(50688K) Class: 5630K(5696K)->5630K(5696K)
[102.139s][info][gc             ] GC(187) Pause Young (Allocation Failure) 618M->425M(659M) 5.691ms
[102.139s][info][gc,cpu         ] GC(187) User=0.01s Sys=0.00s Real=0.01s
[102.709s][info][gc,start       ] GC(188) Pause Young (Allocation Failure)
[102.712s][info][gc,heap        ] GC(188) PSYoungGen: 242335K(242688K)->800K(230912K) Eden: 239104K(239104K)->0K(229888K) From: 3231K(3584K)->800K(1024K)
[102.712s][info][gc,heap        ] GC(188) ParOldGen: 432605K(432640K)->432621K(432640K)
[102.712s][info][gc,metaspace   ] GC(188) Metaspace: 56055K(56384K)->56055K(56384K) NonClass: 50425K(50688K)->50425K(50688K) Class: 5630K(5696K)->5630K(5696K)
[102.712s][info][gc             ] GC(188) Pause Young (Allocation Failure) 659M->423M(648M) 3.051ms
[102.713s][info][gc,cpu         ] GC(188) User=0.00s Sys=0.00s Real=0.00s
[103.321s][info][gc,start       ] GC(189) Pause Young (Allocation Failure)
[103.325s][info][gc,heap        ] GC(189) PSYoungGen: 230688K(230912K)->2078K(223744K) Eden: 229888K(229888K)->0K(221184K) From: 800K(1024K)->2078K(2560K)
[103.325s][info][gc,heap        ] GC(189) ParOldGen: 432621K(432640K)->432637K(432640K)
[103.325s][info][gc,metaspace   ] GC(189) Metaspace: 56055K(56384K)->56055K(56384K) NonClass: 50425K(50688K)->50425K(50688K) Class: 5630K(5696K)->5630K(5696K)
[103.325s][info][gc             ] GC(189) Pause Young (Allocation Failure) 647M->424M(641M) 3.851ms
[103.325s][info][gc,cpu         ] GC(189) User=0.00s Sys=0.00s Real=0.00s
[103.822s][info][gc,start       ] GC(190) Pause Young (Allocation Failure)
[103.827s][info][gc,heap        ] GC(190) PSYoungGen: 223262K(223744K)->2239K(215552K) Eden: 221184K(221184K)->0K(212992K) From: 2078K(2560K)->2239K(2560K)
[103.827s][info][gc,heap        ] GC(190) ParOldGen: 432637K(432640K)->432653K(433152K)
[103.827s][info][gc,metaspace   ] GC(190) Metaspace: 56055K(56384K)->56055K(56384K) NonClass: 50425K(50688K)->50425K(50688K) Class: 5630K(5696K)->5630K(5696K)
[103.827s][info][gc             ] GC(190) Pause Young (Allocation Failure) 640M->424M(633M) 4.443ms
[103.827s][info][gc,cpu         ] GC(190) User=0.01s Sys=0.00s Real=0.01s
[104.312s][info][gc,start       ] GC(191) Pause Young (Allocation Failure)
[104.315s][info][gc,heap        ] GC(191) PSYoungGen: 215231K(215552K)->1256K(206848K) Eden: 212992K(212992K)->0K(205312K) From: 2239K(2560K)->1256K(1536K)
[104.315s][info][gc,heap        ] GC(191) ParOldGen: 432653K(433152K)->432669K(433152K)
[104.315s][info][gc,metaspace   ] GC(191) Metaspace: 56055K(56384K)->56055K(56384K) NonClass: 50425K(50688K)->50425K(50688K) Class: 5630K(5696K)->5630K(5696K)
[104.315s][info][gc             ] GC(191) Pause Young (Allocation Failure) 632M->423M(625M) 3.833ms
[104.315s][info][gc,cpu         ] GC(191) User=0.01s Sys=0.00s Real=0.01s
[104.745s][info][gc,start       ] GC(192) Pause Young (Allocation Failure)
[104.750s][info][gc,heap        ] GC(192) PSYoungGen: 206525K(206848K)->2432K(200192K) Eden: 205268K(205312K)->0K(197632K) From: 1256K(1536K)->2432K(2560K)
[104.750s][info][gc,heap        ] GC(192) ParOldGen: 432669K(433152K)->432685K(433152K)
[104.750s][info][gc,metaspace   ] GC(192) Metaspace: 56055K(56384K)->56055K(56384K) NonClass: 50425K(50688K)->50425K(50688K) Class: 5630K(5696K)->5630K(5696K)
[104.750s][info][gc             ] GC(192) Pause Young (Allocation Failure) 624M->424M(618M) 4.941ms
[104.750s][info][gc,cpu         ] GC(192) User=0.01s Sys=0.00s Real=0.01s
[105.209s][info][gc,start       ] GC(193) Pause Young (Allocation Failure)
[105.213s][info][gc,heap        ] GC(193) PSYoungGen: 200064K(200192K)->1106K(192000K) Eden: 197632K(197632K)->0K(190464K) From: 2432K(2560K)->1106K(1536K)
[105.213s][info][gc,heap        ] GC(193) ParOldGen: 432685K(433152K)->432701K(433152K)
[105.213s][info][gc,metaspace   ] GC(193) Metaspace: 56055K(56384K)->56055K(56384K) NonClass: 50425K(50688K)->50425K(50688K) Class: 5630K(5696K)->5630K(5696K)
[105.213s][info][gc             ] GC(193) Pause Young (Allocation Failure) 617M->423M(610M) 3.269ms
[105.213s][info][gc,cpu         ] GC(193) User=0.01s Sys=0.00s Real=0.00s
[105.621s][info][gc,start       ] GC(194) Pause Young (Allocation Failure)
[105.625s][info][gc,heap        ] GC(194) PSYoungGen: 191570K(192000K)->1951K(185856K) Eden: 190464K(190464K)->0K(183808K) From: 1106K(1536K)->1951K(2048K)
[105.625s][info][gc,heap        ] GC(194) ParOldGen: 432701K(433152K)->432717K(433152K)
[105.625s][info][gc,metaspace   ] GC(194) Metaspace: 56055K(56384K)->56055K(56384K) NonClass: 50425K(50688K)->50425K(50688K) Class: 5630K(5696K)->5630K(5696K)
[105.625s][info][gc             ] GC(194) Pause Young (Allocation Failure) 609M->424M(604M) 4.021ms
[105.625s][info][gc,cpu         ] GC(194) User=0.01s Sys=0.00s Real=0.00s
[106.025s][info][gc,start       ] GC(195) Pause Young (Allocation Failure)
[106.030s][info][gc,heap        ] GC(195) PSYoungGen: 185759K(185856K)->2527K(179712K) Eden: 183808K(183808K)->0K(177152K) From: 1951K(2048K)->2527K(2560K)
[106.030s][info][gc,heap        ] GC(195) ParOldGen: 432717K(433152K)->432733K(433152K)
[106.030s][info][gc,metaspace   ] GC(195) Metaspace: 56055K(56384K)->56055K(56384K) NonClass: 50425K(50688K)->50425K(50688K) Class: 5630K(5696K)->5630K(5696K)
[106.030s][info][gc             ] GC(195) Pause Young (Allocation Failure) 603M->425M(598M) 4.752ms
[106.030s][info][gc,cpu         ] GC(195) User=0.01s Sys=0.00s Real=0.01s
[106.430s][info][gc,start       ] GC(196) Pause Young (Allocation Failure)
[106.435s][info][gc,heap        ] GC(196) PSYoungGen: 179679K(179712K)->2208K(173568K) Eden: 177152K(177152K)->0K(171008K) From: 2527K(2560K)->2208K(2560K)
[106.435s][info][gc,heap        ] GC(196) ParOldGen: 432733K(433152K)->432749K(433152K)
[106.435s][info][gc,metaspace   ] GC(196) Metaspace: 56055K(56384K)->56055K(56384K) NonClass: 50425K(50688K)->50425K(50688K) Class: 5630K(5696K)->5630K(5696K)
[106.435s][info][gc             ] GC(196) Pause Young (Allocation Failure) 598M->424M(592M) 4.581ms
[106.435s][info][gc,cpu         ] GC(196) User=0.01s Sys=0.00s Real=0.00s
[106.821s][info][gc,start       ] GC(197) Pause Young (Allocation Failure)
[106.825s][info][gc,heap        ] GC(197) PSYoungGen: 173216K(173568K)->2303K(167424K) Eden: 171008K(171008K)->0K(164864K) From: 2208K(2560K)->2303K(2560K)
[106.825s][info][gc,heap        ] GC(197) ParOldGen: 432749K(433152K)->432765K(433152K)
[106.825s][info][gc,metaspace   ] GC(197) Metaspace: 56055K(56384K)->56055K(56384K) NonClass: 50425K(50688K)->50425K(50688K) Class: 5630K(5696K)->5630K(5696K)
[106.825s][info][gc             ] GC(197) Pause Young (Allocation Failure) 591M->424M(586M) 4.423ms
[106.825s][info][gc,cpu         ] GC(197) User=0.01s Sys=0.00s Real=0.01s
[107.260s][info][gc,start       ] GC(198) Pause Young (Allocation Failure)
[107.263s][info][gc,heap        ] GC(198) PSYoungGen: 167167K(167424K)->1087K(160768K) Eden: 164864K(164864K)->0K(159232K) From: 2303K(2560K)->1087K(1536K)
[107.263s][info][gc,heap        ] GC(198) ParOldGen: 432765K(433152K)->432781K(433152K)
[107.263s][info][gc,metaspace   ] GC(198) Metaspace: 56055K(56384K)->56055K(56384K) NonClass: 50425K(50688K)->50425K(50688K) Class: 5630K(5696K)->5630K(5696K)
[107.263s][info][gc             ] GC(198) Pause Young (Allocation Failure) 585M->423M(580M) 2.904ms
[107.263s][info][gc,cpu         ] GC(198) User=0.00s Sys=0.00s Real=0.00s
[107.536s][info][gc,start       ] GC(199) Pause Young (Allocation Failure)
[107.541s][info][gc,heap        ] GC(199) PSYoungGen: 160319K(160768K)->3135K(195072K) Eden: 159232K(159232K)->0K(191488K) From: 1087K(1536K)->3135K(3584K)
[107.541s][info][gc,heap        ] GC(199) ParOldGen: 432781K(433152K)->432797K(433152K)
[107.541s][info][gc,metaspace   ] GC(199) Metaspace: 56055K(56384K)->56055K(56384K) NonClass: 50425K(50688K)->50425K(50688K) Class: 5630K(5696K)->5630K(5696K)
[107.541s][info][gc             ] GC(199) Pause Young (Allocation Failure) 579M->425M(613M) 5.255ms
[107.541s][info][gc,cpu         ] GC(199) User=0.01s Sys=0.00s Real=0.00s
[108.006s][info][gc,start       ] GC(200) Pause Young (Allocation Failure)
[108.009s][info][gc,heap        ] GC(200) PSYoungGen: 194623K(195072K)->416K(185344K) Eden: 191488K(191488K)->0K(184832K) From: 3135K(3584K)->416K(512K)
[108.009s][info][gc,heap        ] GC(200) ParOldGen: 432797K(433152K)->432813K(433152K)
[108.009s][info][gc,metaspace   ] GC(200) Metaspace: 56055K(56384K)->56055K(56384K) NonClass: 50425K(50688K)->50425K(50688K) Class: 5630K(5696K)->5630K(5696K)
[108.009s][info][gc             ] GC(200) Pause Young (Allocation Failure) 612M->423M(604M) 2.631ms
[108.009s][info][gc,cpu         ] GC(200) User=0.01s Sys=0.00s Real=0.00s
[108.452s][info][gc,start       ] GC(201) Pause Young (Allocation Failure)
[108.466s][info][gc,heap        ] GC(201) PSYoungGen: 185248K(185344K)->1898K(224256K) Eden: 184832K(184832K)->0K(222208K) From: 416K(512K)->1898K(2048K)
[108.466s][info][gc,heap        ] GC(201) ParOldGen: 432813K(433152K)->432837K(433152K)
[108.466s][info][gc,metaspace   ] GC(201) Metaspace: 56055K(56384K)->56055K(56384K) NonClass: 50425K(50688K)->50425K(50688K) Class: 5630K(5696K)->5630K(5696K)
[108.466s][info][gc             ] GC(201) Pause Young (Allocation Failure) 603M->424M(642M) 13.636ms
[108.466s][info][gc,cpu         ] GC(201) User=0.00s Sys=0.00s Real=0.02s
[108.915s][info][gc,start       ] GC(202) Pause Young (Allocation Failure)
[108.920s][info][gc,heap        ] GC(202) PSYoungGen: 224017K(224256K)->1280K(240640K) Eden: 222118K(222208K)->0K(236544K) From: 1898K(2048K)->1280K(4096K)
[108.920s][info][gc,heap        ] GC(202) ParOldGen: 432837K(433152K)->432853K(433152K)
[108.920s][info][gc,metaspace   ] GC(202) Metaspace: 56055K(56384K)->56055K(56384K) NonClass: 50425K(50688K)->50425K(50688K) Class: 5630K(5696K)->5630K(5696K)
[108.920s][info][gc             ] GC(202) Pause Young (Allocation Failure) 641M->423M(658M) 4.440ms
[108.920s][info][gc,cpu         ] GC(202) User=0.00s Sys=0.00s Real=0.00s
[109.433s][info][gc,start       ] GC(203) Pause Young (Allocation Failure)
[109.442s][info][gc,heap        ] GC(203) PSYoungGen: 237824K(240640K)->3518K(270848K) Eden: 236544K(236544K)->0K(266752K) From: 1280K(4096K)->3518K(4096K)
[109.442s][info][gc,heap        ] GC(203) ParOldGen: 432853K(433152K)->432869K(433152K)
[109.442s][info][gc,metaspace   ] GC(203) Metaspace: 56055K(56384K)->56055K(56384K) NonClass: 50425K(50688K)->50425K(50688K) Class: 5630K(5696K)->5630K(5696K)
[109.442s][info][gc             ] GC(203) Pause Young (Allocation Failure) 654M->426M(687M) 8.383ms
[109.442s][info][gc,cpu         ] GC(203) User=0.01s Sys=0.00s Real=0.01s
[110.049s][info][gc,start       ] GC(204) Pause Young (Allocation Failure)
[110.059s][info][gc,heap        ] GC(204) PSYoungGen: 270270K(270848K)->2303K(270848K) Eden: 266752K(266752K)->0K(266752K) From: 3518K(4096K)->2303K(4096K)
[110.059s][info][gc,heap        ] GC(204) ParOldGen: 432869K(433152K)->432885K(433152K)
[110.059s][info][gc,metaspace   ] GC(204) Metaspace: 56055K(56384K)->56055K(56384K) NonClass: 50425K(50688K)->50425K(50688K) Class: 5630K(5696K)->5630K(5696K)
[110.059s][info][gc             ] GC(204) Pause Young (Allocation Failure) 686M->424M(687M) 10.606ms
[110.060s][info][gc,cpu         ] GC(204) User=0.01s Sys=0.00s Real=0.01s
[110.716s][info][gc,start       ] GC(205) Pause Young (Allocation Failure)
[110.743s][info][gc,heap        ] GC(205) PSYoungGen: 269055K(270848K)->3519K(324096K) Eden: 266752K(266752K)->0K(320000K) From: 2303K(4096K)->3519K(4096K)
[110.743s][info][gc,heap        ] GC(205) ParOldGen: 432885K(433152K)->432909K(433152K)
[110.743s][info][gc,metaspace   ] GC(205) Metaspace: 56055K(56384K)->56055K(56384K) NonClass: 50425K(50688K)->50425K(50688K) Class: 5630K(5696K)->5630K(5696K)
[110.743s][info][gc             ] GC(205) Pause Young (Allocation Failure) 685M->426M(739M) 26.912ms
[110.743s][info][gc,cpu         ] GC(205) User=0.02s Sys=0.00s Real=0.02s
[111.363s][info][gc,start       ] GC(206) Pause Young (Allocation Failure)
[111.369s][info][gc,heap        ] GC(206) PSYoungGen: 323519K(324096K)->2110K(324608K) Eden: 320000K(320000K)->0K(320000K) From: 3519K(4096K)->2110K(4608K)
[111.369s][info][gc,heap        ] GC(206) ParOldGen: 432909K(433152K)->432925K(433152K)
[111.369s][info][gc,metaspace   ] GC(206) Metaspace: 56055K(56384K)->56055K(56384K) NonClass: 50425K(50688K)->50425K(50688K) Class: 5630K(5696K)->5630K(5696K)
[111.369s][info][gc             ] GC(206) Pause Young (Allocation Failure) 738M->424M(740M) 5.545ms
[111.369s][info][gc,cpu         ] GC(206) User=0.00s Sys=0.00s Real=0.01s
[112.114s][info][gc,start       ] GC(207) Pause Young (Allocation Failure)
[112.117s][info][gc,heap        ] GC(207) PSYoungGen: 322110K(324608K)->953K(329216K) Eden: 320000K(320000K)->0K(324608K) From: 2110K(4608K)->953K(4608K)
[112.117s][info][gc,heap        ] GC(207) ParOldGen: 432925K(433152K)->432941K(433152K)
[112.117s][info][gc,metaspace   ] GC(207) Metaspace: 56055K(56384K)->56055K(56384K) NonClass: 50425K(50688K)->50425K(50688K) Class: 5630K(5696K)->5630K(5696K)
[112.117s][info][gc             ] GC(207) Pause Young (Allocation Failure) 737M->423M(744M) 3.064ms
[112.117s][info][gc,cpu         ] GC(207) User=0.00s Sys=0.00s Real=0.01s
[112.823s][info][gc,start       ] GC(208) Pause Young (Allocation Failure)
[112.827s][info][gc,heap        ] GC(208) PSYoungGen: 325561K(329216K)->2239K(327168K) Eden: 324608K(324608K)->0K(324608K) From: 953K(4608K)->2239K(2560K)
[112.827s][info][gc,heap        ] GC(208) ParOldGen: 432941K(433152K)->432957K(433152K)
[112.827s][info][gc,metaspace   ] GC(208) Metaspace: 56055K(56384K)->56055K(56384K) NonClass: 50425K(50688K)->50425K(50688K) Class: 5630K(5696K)->5630K(5696K)
[112.827s][info][gc             ] GC(208) Pause Young (Allocation Failure) 740M->424M(742M) 4.141ms
[112.827s][info][gc,cpu         ] GC(208) User=0.01s Sys=0.00s Real=0.01s
[113.617s][info][gc,start       ] GC(209) Pause Young (Allocation Failure)
[113.631s][info][gc,heap        ] GC(209) PSYoungGen: 326575K(327168K)->1504K(328704K) Eden: 324336K(324608K)->0K(324608K) From: 2239K(2560K)->1504K(4096K)
[113.631s][info][gc,heap        ] GC(209) ParOldGen: 432957K(433152K)->432973K(433152K)
[113.631s][info][gc,metaspace   ] GC(209) Metaspace: 56055K(56384K)->56055K(56384K) NonClass: 50425K(50688K)->50425K(50688K) Class: 5630K(5696K)->5630K(5696K)
[113.631s][info][gc             ] GC(209) Pause Young (Allocation Failure) 741M->424M(744M) 14.308ms
[113.631s][info][gc,cpu         ] GC(209) User=0.01s Sys=0.00s Real=0.01s
[114.309s][info][gc,start       ] GC(210) Pause Young (Allocation Failure)
[114.312s][info][gc,heap        ] GC(210) PSYoungGen: 326112K(328704K)->991K(328704K) Eden: 324608K(324608K)->0K(324608K) From: 1504K(4096K)->991K(4096K)
[114.312s][info][gc,heap        ] GC(210) ParOldGen: 432973K(433152K)->432989K(433152K)
[114.312s][info][gc,metaspace   ] GC(210) Metaspace: 56055K(56384K)->56055K(56384K) NonClass: 50425K(50688K)->50425K(50688K) Class: 5630K(5696K)->5630K(5696K)
[114.312s][info][gc             ] GC(210) Pause Young (Allocation Failure) 741M->423M(744M) 3.449ms
[114.312s][info][gc,cpu         ] GC(210) User=0.00s Sys=0.00s Real=0.00s
[115.906s][info][gc,start       ] GC(211) Pause Young (Allocation Failure)
[115.956s][info][gc,heap        ] GC(211) PSYoungGen: 301559K(328704K)->64K(329728K) Eden: 300568K(324608K)->0K(325632K) From: 991K(4096K)->64K(4096K)
[115.956s][info][gc,heap        ] GC(211) ParOldGen: 432989K(433152K)->472067K(472576K)
[115.956s][info][gc,metaspace   ] GC(211) Metaspace: 56064K(56384K)->56064K(56384K) NonClass: 50433K(50688K)->50433K(50688K) Class: 5630K(5696K)->5630K(5696K)
[115.956s][info][gc             ] GC(211) Pause Young (Allocation Failure) 717M->461M(783M) 49.912ms
[115.956s][info][gc,cpu         ] GC(211) User=0.07s Sys=0.03s Real=0.05s
[118.206s][info][gc,start       ] GC(212) Pause Young (Allocation Failure)
[118.250s][info][gc,heap        ] GC(212) PSYoungGen: 325696K(329728K)->4089K(329728K) Eden: 325632K(325632K)->0K(325632K) From: 64K(4096K)->4089K(4096K)
[118.250s][info][gc,heap        ] GC(212) ParOldGen: 472067K(472576K)->540193K(540672K)
[118.250s][info][gc,metaspace   ] GC(212) Metaspace: 56364K(56640K)->56364K(56640K) NonClass: 50733K(50944K)->50733K(50944K) Class: 5630K(5696K)->5630K(5696K)
[118.250s][info][gc             ] GC(212) Pause Young (Allocation Failure) 779M->531M(850M) 44.064ms
[118.250s][info][gc,cpu         ] GC(212) User=0.03s Sys=0.05s Real=0.04s
[118.929s][info][gc,start       ] GC(213) Pause Young (Allocation Failure)
[118.940s][info][gc,heap        ] GC(213) PSYoungGen: 329721K(329728K)->2368K(279552K) Eden: 325632K(325632K)->0K(275456K) From: 4089K(4096K)->2368K(4096K)
[118.940s][info][gc,heap        ] GC(213) ParOldGen: 540193K(540672K)->544293K(544768K)
[118.940s][info][gc,metaspace   ] GC(213) Metaspace: 56364K(56640K)->56364K(56640K) NonClass: 50733K(50944K)->50733K(50944K) Class: 5630K(5696K)->5630K(5696K)
[118.940s][info][gc             ] GC(213) Pause Young (Allocation Failure) 849M->533M(805M) 10.543ms
[118.940s][info][gc,cpu         ] GC(213) User=0.02s Sys=0.01s Real=0.01s
[119.538s][info][gc,start       ] GC(214) Pause Young (Allocation Failure)
[119.543s][info][gc,heap        ] GC(214) PSYoungGen: 277824K(279552K)->1952K(304640K) Eden: 275456K(275456K)->0K(275456K) From: 2368K(4096K)->1952K(29184K)
[119.543s][info][gc,heap        ] GC(214) ParOldGen: 544293K(544768K)->544325K(544768K)
[119.543s][info][gc,metaspace   ] GC(214) Metaspace: 56364K(56640K)->56364K(56640K) NonClass: 50733K(50944K)->50733K(50944K) Class: 5630K(5696K)->5630K(5696K)
[119.543s][info][gc             ] GC(214) Pause Young (Allocation Failure) 802M->533M(829M) 4.358ms
[119.543s][info][gc,cpu         ] GC(214) User=0.01s Sys=0.00s Real=0.00s
[120.205s][info][gc,start       ] GC(215) Pause Young (Allocation Failure)
[120.208s][info][gc,heap        ] GC(215) PSYoungGen: 277408K(304640K)->384K(301568K) Eden: 275456K(275456K)->0K(276480K) From: 1952K(29184K)->384K(25088K)
[120.208s][info][gc,heap        ] GC(215) ParOldGen: 544325K(544768K)->544341K(544768K)
[120.208s][info][gc,metaspace   ] GC(215) Metaspace: 56364K(56640K)->56364K(56640K) NonClass: 50733K(50944K)->50733K(50944K) Class: 5630K(5696K)->5630K(5696K)
[120.208s][info][gc             ] GC(215) Pause Young (Allocation Failure) 802M->531M(826M) 2.709ms
[120.208s][info][gc,cpu         ] GC(215) User=0.00s Sys=0.00s Real=0.01s
[120.816s][info][gc,start       ] GC(216) Pause Young (Allocation Failure)
[120.820s][info][gc,heap        ] GC(216) PSYoungGen: 276864K(301568K)->1791K(303616K) Eden: 276480K(276480K)->0K(276480K) From: 384K(25088K)->1791K(27136K)
[120.820s][info][gc,heap        ] GC(216) ParOldGen: 544341K(544768K)->544357K(544768K)
[120.820s][info][gc,metaspace   ] GC(216) Metaspace: 56364K(56640K)->56364K(56640K) NonClass: 50733K(50944K)->50733K(50944K) Class: 5630K(5696K)->5630K(5696K)
[120.820s][info][gc             ] GC(216) Pause Young (Allocation Failure) 801M->533M(828M) 3.864ms
[120.820s][info][gc,cpu         ] GC(216) User=0.01s Sys=0.00s Real=0.00s
[121.426s][info][gc,start       ] GC(217) Pause Young (Allocation Failure)
[121.432s][info][gc,heap        ] GC(217) PSYoungGen: 278271K(303616K)->2527K(272896K) Eden: 276480K(276480K)->0K(265728K) From: 1791K(27136K)->2527K(7168K)
[121.432s][info][gc,heap        ] GC(217) ParOldGen: 544357K(544768K)->544373K(544768K)
[121.432s][info][gc,metaspace   ] GC(217) Metaspace: 56364K(56640K)->56364K(56640K) NonClass: 50733K(50944K)->50733K(50944K) Class: 5630K(5696K)->5630K(5696K)
[121.432s][info][gc             ] GC(217) Pause Young (Allocation Failure) 803M->534M(798M) 5.960ms
[121.432s][info][gc,cpu         ] GC(217) User=0.01s Sys=0.01s Real=0.00s
[122.025s][info][gc,start       ] GC(218) Pause Young (Allocation Failure)
[122.030s][info][gc,heap        ] GC(218) PSYoungGen: 268255K(272896K)->2494K(258048K) Eden: 265728K(265728K)->0K(255488K) From: 2527K(7168K)->2494K(2560K)
[122.030s][info][gc,heap        ] GC(218) ParOldGen: 544373K(544768K)->544389K(544768K)
[122.030s][info][gc,metaspace   ] GC(218) Metaspace: 56364K(56640K)->56364K(56640K) NonClass: 50733K(50944K)->50733K(50944K) Class: 5630K(5696K)->5630K(5696K)
[122.030s][info][gc             ] GC(218) Pause Young (Allocation Failure) 793M->534M(784M) 4.901ms
[122.030s][info][gc,cpu         ] GC(218) User=0.01s Sys=0.00s Real=0.00s
[122.610s][info][gc,start       ] GC(219) Pause Young (Allocation Failure)
[122.615s][info][gc,heap        ] GC(219) PSYoungGen: 257982K(258048K)->1096K(251904K) Eden: 255488K(255488K)->0K(245760K) From: 2494K(2560K)->1096K(6144K)
[122.615s][info][gc,heap        ] GC(219) ParOldGen: 544389K(544768K)->544405K(544768K)
[122.615s][info][gc,metaspace   ] GC(219) Metaspace: 56364K(56640K)->56364K(56640K) NonClass: 50733K(50944K)->50733K(50944K) Class: 5630K(5696K)->5630K(5696K)
[122.615s][info][gc             ] GC(219) Pause Young (Allocation Failure) 783M->532M(778M) 4.798ms
[122.615s][info][gc,cpu         ] GC(219) User=0.01s Sys=0.00s Real=0.00s
[123.133s][info][gc,start       ] GC(220) Pause Young (Allocation Failure)
[123.138s][info][gc,heap        ] GC(220) PSYoungGen: 246856K(251904K)->2942K(239616K) Eden: 245760K(245760K)->0K(236544K) From: 1096K(6144K)->2942K(3072K)
[123.138s][info][gc,heap        ] GC(220) ParOldGen: 544405K(544768K)->544421K(544768K)
[123.138s][info][gc,metaspace   ] GC(220) Metaspace: 56364K(56640K)->56364K(56640K) NonClass: 50733K(50944K)->50733K(50944K) Class: 5630K(5696K)->5630K(5696K)
[123.138s][info][gc             ] GC(220) Pause Young (Allocation Failure) 772M->534M(766M) 5.068ms
[123.138s][info][gc,cpu         ] GC(220) User=0.01s Sys=0.00s Real=0.01s
[123.650s][info][gc,start       ] GC(221) Pause Young (Allocation Failure)
[123.655s][info][gc,heap        ] GC(221) PSYoungGen: 239221K(239616K)->1600K(230400K) Eden: 236279K(236544K)->0K(227328K) From: 2942K(3072K)->1600K(3072K)
[123.655s][info][gc,heap        ] GC(221) ParOldGen: 544421K(544768K)->544437K(544768K)
[123.655s][info][gc,metaspace   ] GC(221) Metaspace: 56372K(56704K)->56372K(56704K) NonClass: 50741K(51008K)->50741K(51008K) Class: 5630K(5696K)->5630K(5696K)
[123.655s][info][gc             ] GC(221) Pause Young (Allocation Failure) 765M->533M(757M) 5.070ms
[123.655s][info][gc,cpu         ] GC(221) User=0.01s Sys=0.00s Real=0.00s
[124.205s][info][gc,start       ] GC(222) Pause Young (Allocation Failure)
[124.207s][info][gc,heap        ] GC(222) PSYoungGen: 228928K(230400K)->324K(219136K) Eden: 227328K(227328K)->0K(218624K) From: 1600K(3072K)->324K(512K)
[124.208s][info][gc,heap        ] GC(222) ParOldGen: 544437K(544768K)->544453K(544768K)
[124.208s][info][gc,metaspace   ] GC(222) Metaspace: 56372K(56704K)->56372K(56704K) NonClass: 50741K(51008K)->50741K(51008K) Class: 5630K(5696K)->5630K(5696K)
[124.208s][info][gc             ] GC(222) Pause Young (Allocation Failure) 755M->532M(746M) 2.607ms
[124.208s][info][gc,cpu         ] GC(222) User=0.00s Sys=0.01s Real=0.01s
[124.644s][info][gc,start       ] GC(223) Pause Young (Allocation Failure)
[124.648s][info][gc,heap        ] GC(223) PSYoungGen: 218632K(219136K)->800K(212480K) Eden: 218307K(218624K)->0K(210432K) From: 324K(512K)->800K(2048K)
[124.648s][info][gc,heap        ] GC(223) ParOldGen: 544453K(544768K)->544469K(544768K)
[124.648s][info][gc,metaspace   ] GC(223) Metaspace: 56372K(56704K)->56372K(56704K) NonClass: 50741K(51008K)->50741K(51008K) Class: 5630K(5696K)->5630K(5696K)
[124.649s][info][gc             ] GC(223) Pause Young (Allocation Failure) 745M->532M(739M) 4.092ms
[124.649s][info][gc,cpu         ] GC(223) User=0.00s Sys=0.00s Real=0.01s
[125.133s][info][gc,start       ] GC(224) Pause Young (Allocation Failure)
[125.139s][info][gc,heap        ] GC(224) PSYoungGen: 211232K(212480K)->3391K(221184K) Eden: 210432K(210432K)->0K(202752K) From: 800K(2048K)->3391K(18432K)
[125.139s][info][gc,heap        ] GC(224) ParOldGen: 544469K(544768K)->544485K(544768K)
[125.139s][info][gc,metaspace   ] GC(224) Metaspace: 56372K(56704K)->56372K(56704K) NonClass: 50741K(51008K)->50741K(51008K) Class: 5630K(5696K)->5630K(5696K)
[125.139s][info][gc             ] GC(224) Pause Young (Allocation Failure) 737M->535M(748M) 5.734ms
[125.139s][info][gc,cpu         ] GC(224) User=0.01s Sys=0.00s Real=0.01s
[125.613s][info][gc,start       ] GC(225) Pause Young (Allocation Failure)
[125.617s][info][gc,heap        ] GC(225) PSYoungGen: 206143K(221184K)->1440K(197120K) Eden: 202752K(202752K)->0K(195584K) From: 3391K(18432K)->1440K(1536K)
[125.617s][info][gc,heap        ] GC(225) ParOldGen: 544485K(544768K)->544501K(544768K)
[125.617s][info][gc,metaspace   ] GC(225) Metaspace: 56372K(56704K)->56372K(56704K) NonClass: 50741K(51008K)->50741K(51008K) Class: 5630K(5696K)->5630K(5696K)
[125.617s][info][gc             ] GC(225) Pause Young (Allocation Failure) 733M->533M(724M) 4.738ms
[125.617s][info][gc,cpu         ] GC(225) User=0.00s Sys=0.01s Real=0.01s
[126.034s][info][gc,start       ] GC(226) Pause Young (Allocation Failure)
[126.040s][info][gc,heap        ] GC(226) PSYoungGen: 196811K(197120K)->2944K(204800K) Eden: 195371K(195584K)->0K(188416K) From: 1440K(1536K)->2944K(16384K)
[126.040s][info][gc,heap        ] GC(226) ParOldGen: 544501K(544768K)->544517K(544768K)
[126.040s][info][gc,metaspace   ] GC(226) Metaspace: 56372K(56704K)->56372K(56704K) NonClass: 50741K(51008K)->50741K(51008K) Class: 5630K(5696K)->5630K(5696K)
[126.040s][info][gc             ] GC(226) Pause Young (Allocation Failure) 723M->534M(732M) 5.639ms
[126.040s][info][gc,cpu         ] GC(226) User=0.01s Sys=0.00s Real=0.01s
[126.447s][info][gc,start       ] GC(227) Pause Young (Allocation Failure)
[126.452s][info][gc,heap        ] GC(227) PSYoungGen: 191136K(204800K)->1376K(183296K) Eden: 188192K(188416K)->0K(181760K) From: 2944K(16384K)->1376K(1536K)
[126.452s][info][gc,heap        ] GC(227) ParOldGen: 544517K(544768K)->544533K(544768K)
[126.452s][info][gc,metaspace   ] GC(227) Metaspace: 56376K(56704K)->56376K(56704K) NonClass: 50745K(51008K)->50745K(51008K) Class: 5630K(5696K)->5630K(5696K)
[126.452s][info][gc             ] GC(227) Pause Young (Allocation Failure) 718M->533M(711M) 4.547ms
[126.452s][info][gc,cpu         ] GC(227) User=0.01s Sys=0.00s Real=0.00s
[126.851s][info][gc,start       ] GC(228) Pause Young (Allocation Failure)
[126.854s][info][gc,heap        ] GC(228) PSYoungGen: 183136K(183296K)->1151K(189440K) Eden: 181760K(181760K)->0K(175104K) From: 1376K(1536K)->1151K(14336K)
[126.854s][info][gc,heap        ] GC(228) ParOldGen: 544533K(544768K)->544549K(544768K)
[126.854s][info][gc,metaspace   ] GC(228) Metaspace: 56381K(56704K)->56381K(56704K) NonClass: 50750K(51008K)->50750K(51008K) Class: 5630K(5696K)->5630K(5696K)
[126.854s][info][gc             ] GC(228) Pause Young (Allocation Failure) 710M->532M(717M) 3.181ms
[126.854s][info][gc,cpu         ] GC(228) User=0.00s Sys=0.01s Real=0.00s
[127.246s][info][gc,start       ] GC(229) Pause Young (Allocation Failure)
[127.250s][info][gc,heap        ] GC(229) PSYoungGen: 176049K(189440K)->1088K(170496K) Eden: 174898K(175104K)->0K(168960K) From: 1151K(14336K)->1088K(1536K)
[127.250s][info][gc,heap        ] GC(229) ParOldGen: 544549K(544768K)->544565K(544768K)
[127.250s][info][gc,metaspace   ] GC(229) Metaspace: 56381K(56704K)->56381K(56704K) NonClass: 50750K(51008K)->50750K(51008K) Class: 5630K(5696K)->5630K(5696K)
[127.250s][info][gc             ] GC(229) Pause Young (Allocation Failure) 703M->532M(698M) 4.133ms
[127.250s][info][gc,cpu         ] GC(229) User=0.01s Sys=0.00s Real=0.00s
[127.631s][info][gc,start       ] GC(230) Pause Young (Allocation Failure)
[127.637s][info][gc,heap        ] GC(230) PSYoungGen: 170048K(170496K)->3264K(176128K) Eden: 168960K(168960K)->0K(163328K) From: 1088K(1536K)->3264K(12800K)
[127.637s][info][gc,heap        ] GC(230) ParOldGen: 544565K(544768K)->544581K(544768K)
[127.637s][info][gc,metaspace   ] GC(230) Metaspace: 56381K(56704K)->56381K(56704K) NonClass: 50750K(51008K)->50750K(51008K) Class: 5630K(5696K)->5630K(5696K)
[127.637s][info][gc             ] GC(230) Pause Young (Allocation Failure) 697M->535M(704M) 5.951ms
[127.637s][info][gc,cpu         ] GC(230) User=0.01s Sys=0.00s Real=0.01s
[128.015s][info][gc,start       ] GC(231) Pause Young (Allocation Failure)
[128.019s][info][gc,heap        ] GC(231) PSYoungGen: 166592K(176128K)->1535K(159232K) Eden: 163328K(163328K)->0K(157696K) From: 3264K(12800K)->1535K(1536K)
[128.019s][info][gc,heap        ] GC(231) ParOldGen: 544581K(544768K)->544597K(544768K)
[128.019s][info][gc,metaspace   ] GC(231) Metaspace: 56381K(56704K)->56381K(56704K) NonClass: 50750K(51008K)->50750K(51008K) Class: 5630K(5696K)->5630K(5696K)
[128.019s][info][gc             ] GC(231) Pause Young (Allocation Failure) 694M->533M(687M) 4.242ms
[128.020s][info][gc,cpu         ] GC(231) User=0.01s Sys=0.01s Real=0.00s
[128.336s][info][gc,start       ] GC(232) Pause Young (Allocation Failure)
[128.341s][info][gc,heap        ] GC(232) PSYoungGen: 159124K(159232K)->2976K(180736K) Eden: 157589K(157696K)->0K(169472K) From: 1535K(1536K)->2976K(11264K)
[128.341s][info][gc,heap        ] GC(232) ParOldGen: 544597K(544768K)->544613K(544768K)
[128.341s][info][gc,metaspace   ] GC(232) Metaspace: 56381K(56704K)->56381K(56704K) NonClass: 50750K(51008K)->50750K(51008K) Class: 5630K(5696K)->5630K(5696K)
[128.341s][info][gc             ] GC(232) Pause Young (Allocation Failure) 687M->534M(708M) 5.634ms
[128.341s][info][gc,cpu         ] GC(232) User=0.01s Sys=0.00s Real=0.00s
[128.720s][info][gc,start       ] GC(233) Pause Young (Allocation Failure)
[128.725s][info][gc,heap        ] GC(233) PSYoungGen: 172448K(180736K)->2686K(201216K) Eden: 169472K(169472K)->0K(190464K) From: 2976K(11264K)->2686K(10752K)
[128.725s][info][gc,heap        ] GC(233) ParOldGen: 544613K(544768K)->544629K(544768K)
[128.725s][info][gc,metaspace   ] GC(233) Metaspace: 56381K(56704K)->56381K(56704K) NonClass: 50750K(51008K)->50750K(51008K) Class: 5630K(5696K)->5630K(5696K)
[128.725s][info][gc             ] GC(233) Pause Young (Allocation Failure) 700M->534M(728M) 5.548ms
[128.725s][info][gc,cpu         ] GC(233) User=0.01s Sys=0.00s Real=0.00s
[129.138s][info][gc,start       ] GC(234) Pause Young (Allocation Failure)
[129.144s][info][gc,heap        ] GC(234) PSYoungGen: 193150K(201216K)->3102K(200192K) Eden: 190464K(190464K)->0K(190464K) From: 2686K(10752K)->3102K(9728K)
[129.144s][info][gc,heap        ] GC(234) ParOldGen: 544629K(544768K)->544645K(544768K)
[129.144s][info][gc,metaspace   ] GC(234) Metaspace: 56381K(56704K)->56381K(56704K) NonClass: 50750K(51008K)->50750K(51008K) Class: 5630K(5696K)->5630K(5696K)
[129.144s][info][gc             ] GC(234) Pause Young (Allocation Failure) 720M->534M(727M) 5.864ms
[129.144s][info][gc,cpu         ] GC(234) User=0.01s Sys=0.00s Real=0.00s
[129.551s][info][gc,start       ] GC(235) Pause Young (Allocation Failure)
[129.554s][info][gc,heap        ] GC(235) PSYoungGen: 193271K(200192K)->800K(238080K) Eden: 190169K(190464K)->0K(228864K) From: 3102K(9728K)->800K(9216K)
[129.554s][info][gc,heap        ] GC(235) ParOldGen: 544645K(544768K)->544661K(544768K)
[129.554s][info][gc,metaspace   ] GC(235) Metaspace: 56381K(56704K)->56381K(56704K) NonClass: 50750K(51008K)->50750K(51008K) Class: 5630K(5696K)->5630K(5696K)
[129.554s][info][gc             ] GC(235) Pause Young (Allocation Failure) 720M->532M(764M) 3.183ms
[129.554s][info][gc,cpu         ] GC(235) User=0.01s Sys=0.00s Real=0.00s
[130.168s][info][gc,start       ] GC(236) Pause Young (Allocation Failure)
[130.171s][info][gc,heap        ] GC(236) PSYoungGen: 229664K(238080K)->1118K(221696K) Eden: 228864K(228864K)->0K(220160K) From: 800K(9216K)->1118K(1536K)
[130.171s][info][gc,heap        ] GC(236) ParOldGen: 544661K(544768K)->544677K(544768K)
[130.171s][info][gc,metaspace   ] GC(236) Metaspace: 56381K(56704K)->56381K(56704K) NonClass: 50750K(51008K)->50750K(51008K) Class: 5630K(5696K)->5630K(5696K)
[130.171s][info][gc             ] GC(236) Pause Young (Allocation Failure) 756M->533M(748M) 3.012ms
[130.171s][info][gc,cpu         ] GC(236) User=0.00s Sys=0.01s Real=0.00s
[130.554s][info][gc,start       ] GC(237) Pause Young (Allocation Failure)
[130.558s][info][gc,heap        ] GC(237) PSYoungGen: 221278K(221696K)->1054K(213504K) Eden: 220160K(220160K)->0K(211968K) From: 1118K(1536K)->1054K(1536K)
[130.558s][info][gc,heap        ] GC(237) ParOldGen: 544677K(544768K)->544693K(544768K)
[130.558s][info][gc,metaspace   ] GC(237) Metaspace: 56381K(56704K)->56381K(56704K) NonClass: 50750K(51008K)->50750K(51008K) Class: 5630K(5696K)->5630K(5696K)
[130.558s][info][gc             ] GC(237) Pause Young (Allocation Failure) 748M->532M(740M) 3.722ms
[130.558s][info][gc,cpu         ] GC(237) User=0.01s Sys=0.00s Real=0.01s
[131.040s][info][gc,start       ] GC(238) Pause Young (Allocation Failure)
[131.045s][info][gc,heap        ] GC(238) PSYoungGen: 212794K(213504K)->2560K(206848K) Eden: 211739K(211968K)->0K(204288K) From: 1054K(1536K)->2560K(2560K)
[131.045s][info][gc,heap        ] GC(238) ParOldGen: 544693K(544768K)->544709K(544768K)
[131.045s][info][gc,metaspace   ] GC(238) Metaspace: 56381K(56704K)->56381K(56704K) NonClass: 50750K(51008K)->50750K(51008K) Class: 5630K(5696K)->5630K(5696K)
[131.045s][info][gc             ] GC(238) Pause Young (Allocation Failure) 739M->534M(734M) 5.192ms
[131.045s][info][gc,cpu         ] GC(238) User=0.01s Sys=0.00s Real=0.00s
[131.518s][info][gc,start       ] GC(239) Pause Young (Allocation Failure)
[131.522s][info][gc,heap        ] GC(239) PSYoungGen: 206848K(206848K)->1855K(198656K) Eden: 204288K(204288K)->0K(196608K) From: 2560K(2560K)->1855K(2048K)
[131.522s][info][gc,heap        ] GC(239) ParOldGen: 544709K(544768K)->544725K(544768K)
[131.522s][info][gc,metaspace   ] GC(239) Metaspace: 56381K(56704K)->56381K(56704K) NonClass: 50750K(51008K)->50750K(51008K) Class: 5630K(5696K)->5630K(5696K)
[131.522s][info][gc             ] GC(239) Pause Young (Allocation Failure) 733M->533M(726M) 4.054ms
[131.522s][info][gc,cpu         ] GC(239) User=0.01s Sys=0.00s Real=0.00s
[131.931s][info][gc,start       ] GC(240) Pause Young (Allocation Failure)
[131.936s][info][gc,heap        ] GC(240) PSYoungGen: 198463K(198656K)->2847K(192512K) Eden: 196608K(196608K)->0K(189440K) From: 1855K(2048K)->2847K(3072K)
[131.936s][info][gc,heap        ] GC(240) ParOldGen: 544725K(544768K)->544741K(544768K)
[131.936s][info][gc,metaspace   ] GC(240) Metaspace: 56381K(56704K)->56381K(56704K) NonClass: 50750K(51008K)->50750K(51008K) Class: 5630K(5696K)->5630K(5696K)
[131.936s][info][gc             ] GC(240) Pause Young (Allocation Failure) 725M->534M(720M) 5.234ms
[131.936s][info][gc,cpu         ] GC(240) User=0.01s Sys=0.00s Real=0.01s
[132.356s][info][gc,start       ] GC(241) Pause Young (Allocation Failure)
[132.358s][info][gc,heap        ] GC(241) PSYoungGen: 192287K(192512K)->607K(183808K) Eden: 189440K(189440K)->0K(182784K) From: 2847K(3072K)->607K(1024K)
[132.358s][info][gc,heap        ] GC(241) ParOldGen: 544741K(544768K)->544757K(544768K)
[132.358s][info][gc,metaspace   ] GC(241) Metaspace: 56381K(56704K)->56381K(56704K) NonClass: 50750K(51008K)->50750K(51008K) Class: 5630K(5696K)->5630K(5696K)
[132.358s][info][gc             ] GC(241) Pause Young (Allocation Failure) 719M->532M(711M) 2.902ms
[132.358s][info][gc,cpu         ] GC(241) User=0.01s Sys=0.00s Real=0.00s
[132.860s][info][gc,start       ] GC(242) Pause Young (Allocation Failure)
[132.863s][info][gc,heap        ] GC(242) PSYoungGen: 183391K(183808K)->1119K(183296K) Eden: 182784K(182784K)->0K(176128K) From: 607K(1024K)->1119K(7168K)
[132.863s][info][gc,heap        ] GC(242) ParOldGen: 544757K(544768K)->544773K(545280K)
[132.863s][info][gc,metaspace   ] GC(242) Metaspace: 56381K(56704K)->56381K(56704K) NonClass: 50750K(51008K)->50750K(51008K) Class: 5630K(5696K)->5630K(5696K)
[132.863s][info][gc             ] GC(242) Pause Young (Allocation Failure) 711M->533M(711M) 3.080ms
[132.864s][info][gc,cpu         ] GC(242) User=0.00s Sys=0.00s Real=0.00s
[133.206s][info][gc,start       ] GC(243) Pause Young (Allocation Failure)
[133.209s][info][gc,heap        ] GC(243) PSYoungGen: 177247K(183296K)->448K(170496K) Eden: 176128K(176128K)->0K(169984K) From: 1119K(7168K)->448K(512K)
[133.209s][info][gc,heap        ] GC(243) ParOldGen: 544773K(545280K)->544789K(545280K)
[133.209s][info][gc,metaspace   ] GC(243) Metaspace: 56381K(56704K)->56381K(56704K) NonClass: 50750K(51008K)->50750K(51008K) Class: 5630K(5696K)->5630K(5696K)
[133.209s][info][gc             ] GC(243) Pause Young (Allocation Failure) 705M->532M(699M) 3.027ms
[133.209s][info][gc,cpu         ] GC(243) User=0.01s Sys=0.00s Real=0.00s
[133.545s][info][gc,start       ] GC(244) Pause Young (Allocation Failure)
[133.549s][info][gc,heap        ] GC(244) PSYoungGen: 170432K(170496K)->1631K(171008K) Eden: 169984K(169984K)->0K(164352K) From: 448K(512K)->1631K(6656K)
[133.549s][info][gc,heap        ] GC(244) ParOldGen: 544789K(545280K)->544805K(545280K)
[133.549s][info][gc,metaspace   ] GC(244) Metaspace: 56381K(56704K)->56381K(56704K) NonClass: 50750K(51008K)->50750K(51008K) Class: 5630K(5696K)->5630K(5696K)
[133.549s][info][gc             ] GC(244) Pause Young (Allocation Failure) 698M->533M(699M) 3.733ms
[133.549s][info][gc,cpu         ] GC(244) User=0.01s Sys=0.00s Real=0.01s
[133.926s][info][gc,start       ] GC(245) Pause Young (Allocation Failure)
[133.931s][info][gc,heap        ] GC(245) PSYoungGen: 165983K(171008K)->2655K(161792K) Eden: 164352K(164352K)->0K(158720K) From: 1631K(6656K)->2655K(3072K)
[133.931s][info][gc,heap        ] GC(245) ParOldGen: 544805K(545280K)->544821K(545280K)
[133.931s][info][gc,metaspace   ] GC(245) Metaspace: 56381K(56704K)->56381K(56704K) NonClass: 50750K(51008K)->50750K(51008K) Class: 5630K(5696K)->5630K(5696K)
[133.931s][info][gc             ] GC(245) Pause Young (Allocation Failure) 694M->534M(690M) 5.044ms
[133.931s][info][gc,cpu         ] GC(245) User=0.01s Sys=0.00s Real=0.00s
[134.310s][info][gc,start       ] GC(246) Pause Young (Allocation Failure)
[134.313s][info][gc,heap        ] GC(246) PSYoungGen: 161375K(161792K)->1407K(155136K) Eden: 158720K(158720K)->0K(153600K) From: 2655K(3072K)->1407K(1536K)
[134.313s][info][gc,heap        ] GC(246) ParOldGen: 544821K(545280K)->544837K(545280K)
[134.313s][info][gc,metaspace   ] GC(246) Metaspace: 56381K(56704K)->56381K(56704K) NonClass: 50750K(51008K)->50750K(51008K) Class: 5630K(5696K)->5630K(5696K)
[134.313s][info][gc             ] GC(246) Pause Young (Allocation Failure) 689M->533M(684M) 3.486ms
[134.313s][info][gc,cpu         ] GC(246) User=0.00s Sys=0.00s Real=0.00s
[134.631s][info][gc,start       ] GC(247) Pause Young (Allocation Failure)
[134.636s][info][gc,heap        ] GC(247) PSYoungGen: 155007K(155136K)->2592K(187392K) Eden: 153600K(153600K)->0K(184320K) From: 1407K(1536K)->2592K(3072K)
[134.636s][info][gc,heap        ] GC(247) ParOldGen: 544837K(545280K)->544853K(545280K)
[134.636s][info][gc,metaspace   ] GC(247) Metaspace: 56381K(56704K)->56381K(56704K) NonClass: 50750K(51008K)->50750K(51008K) Class: 5630K(5696K)->5630K(5696K)
[134.636s][info][gc             ] GC(247) Pause Young (Allocation Failure) 683M->534M(715M) 5.408ms
[134.636s][info][gc,cpu         ] GC(247) User=0.01s Sys=0.00s Real=0.01s
[135.051s][info][gc,start       ] GC(248) Pause Young (Allocation Failure)
[135.073s][info][gc,heap        ] GC(248) PSYoungGen: 186811K(187392K)->1824K(197120K) Eden: 184219K(184320K)->0K(191488K) From: 2592K(3072K)->1824K(5632K)
[135.073s][info][gc,heap        ] GC(248) ParOldGen: 544853K(545280K)->544869K(545280K)
[135.073s][info][gc,metaspace   ] GC(248) Metaspace: 56381K(56704K)->56381K(56704K) NonClass: 50750K(51008K)->50750K(51008K) Class: 5630K(5696K)->5630K(5696K)
[135.073s][info][gc             ] GC(248) Pause Young (Allocation Failure) 714M->533M(725M) 21.621ms
[135.073s][info][gc,cpu         ] GC(248) User=0.02s Sys=0.00s Real=0.02s
[135.509s][info][gc,start       ] GC(249) Pause Young (Allocation Failure)
[135.514s][info][gc,heap        ] GC(249) PSYoungGen: 193312K(197120K)->704K(226304K) Eden: 191488K(191488K)->0K(221184K) From: 1824K(5632K)->704K(5120K)
[135.514s][info][gc,heap        ] GC(249) ParOldGen: 544869K(545280K)->544885K(545280K)
[135.514s][info][gc,metaspace   ] GC(249) Metaspace: 56381K(56704K)->56381K(56704K) NonClass: 50750K(51008K)->50750K(51008K) Class: 5630K(5696K)->5630K(5696K)
[135.514s][info][gc             ] GC(249) Pause Young (Allocation Failure) 720M->532M(753M) 5.524ms
[135.514s][info][gc,cpu         ] GC(249) User=0.01s Sys=0.00s Real=0.00s
[136.065s][info][gc,start       ] GC(250) Pause Young (Allocation Failure)
[136.068s][info][gc,heap        ] GC(250) PSYoungGen: 221888K(226304K)->346K(226304K) Eden: 221184K(221184K)->0K(221184K) From: 704K(5120K)->346K(5120K)
[136.068s][info][gc,heap        ] GC(250) ParOldGen: 544885K(545280K)->544901K(545280K)
[136.068s][info][gc,metaspace   ] GC(250) Metaspace: 56381K(56704K)->56381K(56704K) NonClass: 50750K(51008K)->50750K(51008K) Class: 5630K(5696K)->5630K(5696K)
[136.068s][info][gc             ] GC(250) Pause Young (Allocation Failure) 748M->532M(753M) 2.465ms
[136.068s][info][gc,cpu         ] GC(250) User=0.00s Sys=0.00s Real=0.01s
[136.508s][info][gc,start       ] GC(251) Pause Young (Allocation Failure)
[136.510s][info][gc,heap        ] GC(251) PSYoungGen: 221530K(226304K)->596K(270848K) Eden: 221184K(221184K)->0K(265728K) From: 346K(5120K)->596K(5120K)
[136.510s][info][gc,heap        ] GC(251) ParOldGen: 544901K(545280K)->544917K(545280K)
[136.510s][info][gc,metaspace   ] GC(251) Metaspace: 56381K(56704K)->56381K(56704K) NonClass: 50750K(51008K)->50750K(51008K) Class: 5630K(5696K)->5630K(5696K)
[136.510s][info][gc             ] GC(251) Pause Young (Allocation Failure) 748M->532M(797M) 2.900ms
[136.510s][info][gc,cpu         ] GC(251) User=0.01s Sys=0.00s Real=0.00s
[137.195s][info][gc,start       ] GC(252) Pause Young (Allocation Failure)
[137.227s][info][gc,heap        ] GC(252) PSYoungGen: 266324K(270848K)->5120K(270848K) Eden: 265728K(265728K)->0K(265728K) From: 596K(5120K)->5120K(5120K)
[137.227s][info][gc,heap        ] GC(252) ParOldGen: 544917K(545280K)->545837K(546304K)
[137.227s][info][gc,metaspace   ] GC(252) Metaspace: 56381K(56704K)->56381K(56704K) NonClass: 50750K(51008K)->50750K(51008K) Class: 5630K(5696K)->5630K(5696K)
[137.227s][info][gc             ] GC(252) Pause Young (Allocation Failure) 792M->538M(798M) 31.672ms
[137.227s][info][gc,cpu         ] GC(252) User=0.03s Sys=0.00s Real=0.04s
[137.654s][info][gc,start       ] GC(253) Pause Young (Allocation Failure)
[137.663s][info][gc,heap        ] GC(253) PSYoungGen: 270848K(270848K)->1695K(325120K) Eden: 265728K(265728K)->0K(318976K) From: 5120K(5120K)->1695K(6144K)
[137.663s][info][gc,heap        ] GC(253) ParOldGen: 545837K(546304K)->550029K(550400K)
[137.663s][info][gc,metaspace   ] GC(253) Metaspace: 56381K(56704K)->56381K(56704K) NonClass: 50750K(51008K)->50750K(51008K) Class: 5630K(5696K)->5630K(5696K)
[137.663s][info][gc             ] GC(253) Pause Young (Allocation Failure) 797M->538M(855M) 9.506ms
[137.663s][info][gc,cpu         ] GC(253) User=0.02s Sys=0.01s Real=0.01s
[138.422s][info][gc,start       ] GC(254) Pause Young (Allocation Failure)
[138.428s][info][gc,heap        ] GC(254) PSYoungGen: 320671K(325120K)->1630K(325120K) Eden: 318976K(318976K)->0K(318976K) From: 1695K(6144K)->1630K(6144K)
[138.428s][info][gc,heap        ] GC(254) ParOldGen: 550029K(550400K)->551093K(551424K)
[138.428s][info][gc,metaspace   ] GC(254) Metaspace: 56382K(56704K)->56382K(56704K) NonClass: 50751K(51008K)->50751K(51008K) Class: 5630K(5696K)->5630K(5696K)
[138.428s][info][gc             ] GC(254) Pause Young (Allocation Failure) 850M->539M(856M) 5.917ms
[138.428s][info][gc,cpu         ] GC(254) User=0.00s Sys=0.01s Real=0.01s
[139.116s][info][gc,start       ] GC(255) Pause Young (Allocation Failure)
[139.125s][info][gc,heap        ] GC(255) PSYoungGen: 320606K(325120K)->2111K(327168K) Eden: 318976K(318976K)->0K(321536K) From: 1630K(6144K)->2111K(5632K)
[139.125s][info][gc,heap        ] GC(255) ParOldGen: 551093K(551424K)->551109K(551424K)
[139.125s][info][gc,metaspace   ] GC(255) Metaspace: 56382K(56704K)->56382K(56704K) NonClass: 50751K(51008K)->50751K(51008K) Class: 5630K(5696K)->5630K(5696K)
[139.125s][info][gc             ] GC(255) Pause Young (Allocation Failure) 851M->540M(858M) 8.361ms
[139.125s][info][gc,cpu         ] GC(255) User=0.01s Sys=0.00s Real=0.00s
[139.830s][info][gc,start       ] GC(256) Pause Young (Allocation Failure)
[139.835s][info][gc,heap        ] GC(256) PSYoungGen: 323647K(327168K)->2208K(327168K) Eden: 321536K(321536K)->0K(321536K) From: 2111K(5632K)->2208K(5632K)
[139.835s][info][gc,heap        ] GC(256) ParOldGen: 551109K(551424K)->551125K(551424K)
[139.835s][info][gc,metaspace   ] GC(256) Metaspace: 56382K(56704K)->56382K(56704K) NonClass: 50751K(51008K)->50751K(51008K) Class: 5630K(5696K)->5630K(5696K)
[139.835s][info][gc             ] GC(256) Pause Young (Allocation Failure) 854M->540M(858M) 5.408ms
[139.835s][info][gc,cpu         ] GC(256) User=0.00s Sys=0.01s Real=0.00s
[140.572s][info][gc,start       ] GC(257) Pause Young (Allocation Failure)
[140.582s][info][gc,heap        ] GC(257) PSYoungGen: 323722K(327168K)->640K(327680K) Eden: 321514K(321536K)->0K(322560K) From: 2208K(5632K)->640K(5120K)
[140.582s][info][gc,heap        ] GC(257) ParOldGen: 551125K(551424K)->551141K(551424K)
[140.582s][info][gc,metaspace   ] GC(257) Metaspace: 56382K(56704K)->56382K(56704K) NonClass: 50751K(51008K)->50751K(51008K) Class: 5630K(5696K)->5630K(5696K)
[140.582s][info][gc             ] GC(257) Pause Young (Allocation Failure) 854M->538M(858M) 9.931ms
[140.582s][info][gc,cpu         ] GC(257) User=0.01s Sys=0.00s Real=0.01s
[141.317s][info][gc,start       ] GC(258) Pause Young (Allocation Failure)
[141.322s][info][gc,heap        ] GC(258) PSYoungGen: 323200K(327680K)->2654K(327680K) Eden: 322560K(322560K)->0K(322560K) From: 640K(5120K)->2654K(5120K)
[141.322s][info][gc,heap        ] GC(258) ParOldGen: 551141K(551424K)->551157K(551424K)
[141.322s][info][gc,metaspace   ] GC(258) Metaspace: 56382K(56704K)->56382K(56704K) NonClass: 50751K(51008K)->50751K(51008K) Class: 5630K(5696K)->5630K(5696K)
[141.322s][info][gc             ] GC(258) Pause Young (Allocation Failure) 853M->540M(858M) 4.909ms
[141.322s][info][gc,cpu         ] GC(258) User=0.01s Sys=0.00s Real=0.00s
[142.033s][info][gc,start       ] GC(259) Pause Young (Allocation Failure)
[142.040s][info][gc,heap        ] GC(259) PSYoungGen: 325214K(327680K)->3550K(327680K) Eden: 322560K(322560K)->0K(322560K) From: 2654K(5120K)->3550K(5120K)
[142.040s][info][gc,heap        ] GC(259) ParOldGen: 551157K(551424K)->551173K(551424K)
[142.040s][info][gc,metaspace   ] GC(259) Metaspace: 56382K(56704K)->56382K(56704K) NonClass: 50751K(51008K)->50751K(51008K) Class: 5630K(5696K)->5630K(5696K)
[142.040s][info][gc             ] GC(259) Pause Young (Allocation Failure) 855M->541M(858M) 7.154ms
[142.040s][info][gc,cpu         ] GC(259) User=0.01s Sys=0.00s Real=0.01s
[142.753s][info][gc,start       ] GC(260) Pause Young (Allocation Failure)
[142.757s][info][gc,heap        ] GC(260) PSYoungGen: 325880K(327680K)->1088K(310784K) Eden: 322330K(322560K)->0K(309248K) From: 3550K(5120K)->1088K(1536K)
[142.757s][info][gc,heap        ] GC(260) ParOldGen: 551173K(551424K)->551189K(551424K)
[142.757s][info][gc,metaspace   ] GC(260) Metaspace: 56382K(56704K)->56382K(56704K) NonClass: 50751K(51008K)->50751K(51008K) Class: 5630K(5696K)->5630K(5696K)
[142.757s][info][gc             ] GC(260) Pause Young (Allocation Failure) 856M->539M(842M) 3.910ms
[142.757s][info][gc,cpu         ] GC(260) User=0.00s Sys=0.00s Real=0.01s
[143.445s][info][gc,start       ] GC(261) Pause Young (Allocation Failure)
[143.450s][info][gc,heap        ] GC(261) PSYoungGen: 310102K(310784K)->1664K(299008K) Eden: 309014K(309248K)->0K(296960K) From: 1088K(1536K)->1664K(2048K)
[143.450s][info][gc,heap        ] GC(261) ParOldGen: 551189K(551424K)->551205K(551424K)
[143.450s][info][gc,metaspace   ] GC(261) Metaspace: 56382K(56704K)->56382K(56704K) NonClass: 50752K(51008K)->50752K(51008K) Class: 5630K(5696K)->5630K(5696K)
[143.450s][info][gc             ] GC(261) Pause Young (Allocation Failure) 841M->539M(830M) 4.360ms
[143.450s][info][gc,cpu         ] GC(261) User=0.01s Sys=0.00s Real=0.00s
[144.124s][info][gc,start       ] GC(262) Pause Young (Allocation Failure)
[144.128s][info][gc,heap        ] GC(262) PSYoungGen: 298624K(299008K)->1888K(287232K) Eden: 296960K(296960K)->0K(285184K) From: 1664K(2048K)->1888K(2048K)
[144.128s][info][gc,heap        ] GC(262) ParOldGen: 551205K(551424K)->551221K(551424K)
[144.128s][info][gc,metaspace   ] GC(262) Metaspace: 56382K(56704K)->56382K(56704K) NonClass: 50752K(51008K)->50752K(51008K) Class: 5630K(5696K)->5630K(5696K)
[144.128s][info][gc             ] GC(262) Pause Young (Allocation Failure) 829M->540M(819M) 4.462ms
[144.128s][info][gc,cpu         ] GC(262) User=0.01s Sys=0.00s Real=0.01s
[144.739s][info][gc,start       ] GC(263) Pause Young (Allocation Failure)
[144.745s][info][gc,heap        ] GC(263) PSYoungGen: 287072K(287232K)->3358K(277504K) Eden: 285184K(285184K)->0K(273920K) From: 1888K(2048K)->3358K(3584K)
[144.745s][info][gc,heap        ] GC(263) ParOldGen: 551221K(551424K)->551237K(551424K)
[144.745s][info][gc,metaspace   ] GC(263) Metaspace: 56383K(56704K)->56383K(56704K) NonClass: 50752K(51008K)->50752K(51008K) Class: 5630K(5696K)->5630K(5696K)
[144.745s][info][gc             ] GC(263) Pause Young (Allocation Failure) 818M->541M(809M) 5.661ms
[144.745s][info][gc,cpu         ] GC(263) User=0.01s Sys=0.00s Real=0.00s
[145.436s][info][gc,start       ] GC(264) Pause Young (Allocation Failure)
[145.440s][info][gc,heap        ] GC(264) PSYoungGen: 277190K(277504K)->1344K(264704K) Eden: 273832K(273920K)->0K(263168K) From: 3358K(3584K)->1344K(1536K)
[145.440s][info][gc,heap        ] GC(264) ParOldGen: 551237K(551424K)->551253K(551424K)
[145.440s][info][gc,metaspace   ] GC(264) Metaspace: 56383K(56704K)->56383K(56704K) NonClass: 50752K(51008K)->50752K(51008K) Class: 5630K(5696K)->5630K(5696K)
[145.440s][info][gc             ] GC(264) Pause Young (Allocation Failure) 809M->539M(797M) 4.100ms
[145.440s][info][gc,cpu         ] GC(264) User=0.00s Sys=0.00s Real=0.00s
[145.940s][info][gc,start       ] GC(265) Pause Young (Allocation Failure)
[145.945s][info][gc,heap        ] GC(265) PSYoungGen: 264512K(264704K)->2783K(256000K) Eden: 263168K(263168K)->0K(252928K) From: 1344K(1536K)->2783K(3072K)
[145.945s][info][gc,heap        ] GC(265) ParOldGen: 551253K(551424K)->551269K(551424K)
[145.945s][info][gc,metaspace   ] GC(265) Metaspace: 56383K(56704K)->56383K(56704K) NonClass: 50752K(51008K)->50752K(51008K) Class: 5630K(5696K)->5630K(5696K)
[145.945s][info][gc             ] GC(265) Pause Young (Allocation Failure) 796M->541M(788M) 5.288ms
[145.945s][info][gc,cpu         ] GC(265) User=0.01s Sys=0.00s Real=0.00s
[146.525s][info][gc,start       ] GC(266) Pause Young (Allocation Failure)
[146.529s][info][gc,heap        ] GC(266) PSYoungGen: 255711K(256000K)->2463K(245760K) Eden: 252928K(252928K)->0K(243200K) From: 2783K(3072K)->2463K(2560K)
[146.529s][info][gc,heap        ] GC(266) ParOldGen: 551269K(551424K)->551285K(551424K)
[146.529s][info][gc,metaspace   ] GC(266) Metaspace: 56383K(56704K)->56383K(56704K) NonClass: 50752K(51008K)->50752K(51008K) Class: 5630K(5696K)->5630K(5696K)
[146.529s][info][gc             ] GC(266) Pause Young (Allocation Failure) 788M->540M(778M) 4.937ms
[146.530s][info][gc,cpu         ] GC(266) User=0.01s Sys=0.00s Real=0.01s
[147.043s][info][gc,start       ] GC(267) Pause Young (Allocation Failure)
[147.048s][info][gc,heap        ] GC(267) PSYoungGen: 245387K(245760K)->2303K(236544K) Eden: 242923K(243200K)->0K(233984K) From: 2463K(2560K)->2303K(2560K)
[147.048s][info][gc,heap        ] GC(267) ParOldGen: 551285K(551424K)->551301K(551424K)
[147.048s][info][gc,metaspace   ] GC(267) Metaspace: 56383K(56704K)->56383K(56704K) NonClass: 50752K(51008K)->50752K(51008K) Class: 5630K(5696K)->5630K(5696K)
[147.048s][info][gc             ] GC(267) Pause Young (Allocation Failure) 778M->540M(769M) 4.862ms
[147.048s][info][gc,cpu         ] GC(267) User=0.01s Sys=0.00s Real=0.01s
[147.596s][info][gc,start       ] GC(268) Pause Young (Allocation Failure)
[147.599s][info][gc,heap        ] GC(268) PSYoungGen: 236286K(236544K)->64K(225792K) Eden: 233983K(233984K)->0K(225280K) From: 2303K(2560K)->64K(512K)
[147.599s][info][gc,heap        ] GC(268) ParOldGen: 551301K(551424K)->551317K(551424K)
[147.599s][info][gc,metaspace   ] GC(268) Metaspace: 56383K(56704K)->56383K(56704K) NonClass: 50752K(51008K)->50752K(51008K) Class: 5630K(5696K)->5630K(5696K)
[147.599s][info][gc             ] GC(268) Pause Young (Allocation Failure) 769M->538M(759M) 2.344ms
[147.599s][info][gc,cpu         ] GC(268) User=0.00s Sys=0.00s Real=0.00s
[148.219s][info][gc,start       ] GC(269) Pause Young (Allocation Failure)
[148.223s][info][gc,heap        ] GC(269) PSYoungGen: 225344K(225792K)->809K(217600K) Eden: 225280K(225280K)->0K(216576K) From: 64K(512K)->809K(1024K)
[148.223s][info][gc,heap        ] GC(269) ParOldGen: 551317K(551424K)->551333K(551424K)
[148.223s][info][gc,metaspace   ] GC(269) Metaspace: 56383K(56704K)->56383K(56704K) NonClass: 50753K(51008K)->50753K(51008K) Class: 5630K(5696K)->5630K(5696K)
[148.223s][info][gc             ] GC(269) Pause Young (Allocation Failure) 758M->539M(751M) 3.223ms
[148.223s][info][gc,cpu         ] GC(269) User=0.00s Sys=0.00s Real=0.00s
[148.649s][info][gc,start       ] GC(270) Pause Young (Allocation Failure)
[148.652s][info][gc,heap        ] GC(270) PSYoungGen: 217385K(217600K)->1151K(209920K) Eden: 216576K(216576K)->0K(208384K) From: 809K(1024K)->1151K(1536K)
[148.652s][info][gc,heap        ] GC(270) ParOldGen: 551333K(551424K)->551349K(551424K)
[148.652s][info][gc,metaspace   ] GC(270) Metaspace: 56383K(56704K)->56383K(56704K) NonClass: 50753K(51008K)->50753K(51008K) Class: 5630K(5696K)->5630K(5696K)
[148.652s][info][gc             ] GC(270) Pause Young (Allocation Failure) 750M->539M(743M) 3.159ms
[148.652s][info][gc,cpu         ] GC(270) User=0.01s Sys=0.00s Real=0.00s
[149.134s][info][gc,start       ] GC(271) Pause Young (Allocation Failure)
[149.140s][info][gc,heap        ] GC(271) PSYoungGen: 209535K(209920K)->3167K(204288K) Eden: 208384K(208384K)->0K(200704K) From: 1151K(1536K)->3167K(3584K)
[149.140s][info][gc,heap        ] GC(271) ParOldGen: 551349K(551424K)->551365K(551424K)
[149.140s][info][gc,metaspace   ] GC(271) Metaspace: 56383K(56704K)->56383K(56704K) NonClass: 50753K(51008K)->50753K(51008K) Class: 5630K(5696K)->5630K(5696K)
[149.140s][info][gc             ] GC(271) Pause Young (Allocation Failure) 743M->541M(738M) 5.753ms
[149.140s][info][gc,cpu         ] GC(271) User=0.01s Sys=0.00s Real=0.01s
[149.610s][info][gc,start       ] GC(272) Pause Young (Allocation Failure)
[149.614s][info][gc,heap        ] GC(272) PSYoungGen: 203871K(204288K)->1535K(195072K) Eden: 200704K(200704K)->0K(193536K) From: 3167K(3584K)->1535K(1536K)
[149.614s][info][gc,heap        ] GC(272) ParOldGen: 551365K(551424K)->551381K(551424K)
[149.614s][info][gc,metaspace   ] GC(272) Metaspace: 56383K(56704K)->56383K(56704K) NonClass: 50753K(51008K)->50753K(51008K) Class: 5630K(5696K)->5630K(5696K)
[149.614s][info][gc             ] GC(272) Pause Young (Allocation Failure) 737M->539M(729M) 3.742ms
[149.614s][info][gc,cpu         ] GC(272) User=0.01s Sys=0.00s Real=0.00s
[150.033s][info][gc,start       ] GC(273) Pause Young (Allocation Failure)
[150.038s][info][gc,heap        ] GC(273) PSYoungGen: 195071K(195072K)->2176K(188928K) Eden: 193536K(193536K)->0K(186368K) From: 1535K(1536K)->2176K(2560K)
[150.038s][info][gc,heap        ] GC(273) ParOldGen: 551381K(551424K)->551397K(551424K)
[150.038s][info][gc,metaspace   ] GC(273) Metaspace: 56383K(56704K)->56383K(56704K) NonClass: 50753K(51008K)->50753K(51008K) Class: 5630K(5696K)->5630K(5696K)
[150.038s][info][gc             ] GC(273) Pause Young (Allocation Failure) 728M->540M(723M) 4.725ms
[150.038s][info][gc,cpu         ] GC(273) User=0.00s Sys=0.01s Real=0.01s
[150.444s][info][gc,start       ] GC(274) Pause Young (Allocation Failure)
[150.449s][info][gc,heap        ] GC(274) PSYoungGen: 188544K(188928K)->3006K(182784K) Eden: 186368K(186368K)->0K(179712K) From: 2176K(2560K)->3006K(3072K)
[150.449s][info][gc,heap        ] GC(274) ParOldGen: 551397K(551424K)->551413K(551424K)
[150.449s][info][gc,metaspace   ] GC(274) Metaspace: 56383K(56704K)->56383K(56704K) NonClass: 50753K(51008K)->50753K(51008K) Class: 5630K(5696K)->5630K(5696K)
[150.449s][info][gc             ] GC(274) Pause Young (Allocation Failure) 722M->541M(717M) 5.241ms
[150.449s][info][gc,cpu         ] GC(274) User=0.01s Sys=0.00s Real=0.01s
[150.840s][info][gc,start       ] GC(275) Pause Young (Allocation Failure)
[150.845s][info][gc,heap        ] GC(275) PSYoungGen: 182718K(182784K)->2399K(176128K) Eden: 179712K(179712K)->0K(173568K) From: 3006K(3072K)->2399K(2560K)
[150.845s][info][gc,heap        ] GC(275) ParOldGen: 551413K(551424K)->551429K(551936K)
[150.845s][info][gc,metaspace   ] GC(275) Metaspace: 56383K(56704K)->56383K(56704K) NonClass: 50753K(51008K)->50753K(51008K) Class: 5630K(5696K)->5630K(5696K)
[150.845s][info][gc             ] GC(275) Pause Young (Allocation Failure) 716M->540M(711M) 4.662ms
[150.845s][info][gc,cpu         ] GC(275) User=0.01s Sys=0.00s Real=0.00s
[151.231s][info][gc,start       ] GC(276) Pause Young (Allocation Failure)
[151.237s][info][gc,heap        ] GC(276) PSYoungGen: 175967K(176128K)->3136K(211968K) Eden: 173568K(173568K)->0K(208384K) From: 2399K(2560K)->3136K(3584K)
[151.237s][info][gc,heap        ] GC(276) ParOldGen: 551429K(551936K)->551445K(551936K)
[151.237s][info][gc,metaspace   ] GC(276) Metaspace: 56383K(56704K)->56383K(56704K) NonClass: 50753K(51008K)->50753K(51008K) Class: 5630K(5696K)->5630K(5696K)
[151.237s][info][gc             ] GC(276) Pause Young (Allocation Failure) 710M->541M(746M) 5.787ms
[151.237s][info][gc,cpu         ] GC(276) User=0.01s Sys=0.00s Real=0.01s
[151.722s][info][gc,start       ] GC(277) Pause Young (Allocation Failure)
[151.726s][info][gc,heap        ] GC(277) PSYoungGen: 211520K(211968K)->2015K(252416K) Eden: 208384K(208384K)->0K(250368K) From: 3136K(3584K)->2015K(2048K)
[151.726s][info][gc,heap        ] GC(277) ParOldGen: 551445K(551936K)->551461K(551936K)
[151.726s][info][gc,metaspace   ] GC(277) Metaspace: 56383K(56704K)->56383K(56704K) NonClass: 50753K(51008K)->50753K(51008K) Class: 5630K(5696K)->5630K(5696K)
[151.726s][info][gc             ] GC(277) Pause Young (Allocation Failure) 745M->540M(785M) 4.151ms
[151.726s][info][gc,cpu         ] GC(277) User=0.01s Sys=0.00s Real=0.01s
[152.305s][info][gc,start       ] GC(278) Pause Young (Allocation Failure)
[152.307s][info][gc,heap        ] GC(278) PSYoungGen: 252383K(252416K)->639K(241664K) Eden: 250368K(250368K)->0K(240640K) From: 2015K(2048K)->639K(1024K)
[152.307s][info][gc,heap        ] GC(278) ParOldGen: 551461K(551936K)->551477K(551936K)
[152.307s][info][gc,metaspace   ] GC(278) Metaspace: 56383K(56704K)->56383K(56704K) NonClass: 50753K(51008K)->50753K(51008K) Class: 5630K(5696K)->5630K(5696K)
[152.307s][info][gc             ] GC(278) Pause Young (Allocation Failure) 785M->539M(775M) 2.650ms
[152.307s][info][gc,cpu         ] GC(278) User=0.00s Sys=0.01s Real=0.01s
[152.830s][info][gc,start       ] GC(279) Pause Young (Allocation Failure)
[152.835s][info][gc,heap        ] GC(279) PSYoungGen: 241040K(241664K)->2752K(234496K) Eden: 240401K(240640K)->0K(231424K) From: 639K(1024K)->2752K(3072K)
[152.835s][info][gc,heap        ] GC(279) ParOldGen: 551477K(551936K)->551493K(551936K)
[152.835s][info][gc,metaspace   ] GC(279) Metaspace: 56383K(56704K)->56383K(56704K) NonClass: 50753K(51008K)->50753K(51008K) Class: 5630K(5696K)->5630K(5696K)
[152.835s][info][gc             ] GC(279) Pause Young (Allocation Failure) 773M->541M(768M) 5.762ms
[152.835s][info][gc,cpu         ] GC(279) User=0.01s Sys=0.00s Real=0.01s
[153.344s][info][gc,start       ] GC(280) Pause Young (Allocation Failure)
[153.348s][info][gc,heap        ] GC(280) PSYoungGen: 234024K(234496K)->1888K(224768K) Eden: 231272K(231424K)->0K(222720K) From: 2752K(3072K)->1888K(2048K)
[153.348s][info][gc,heap        ] GC(280) ParOldGen: 551493K(551936K)->551509K(551936K)
[153.348s][info][gc,metaspace   ] GC(280) Metaspace: 56383K(56704K)->56383K(56704K) NonClass: 50753K(51008K)->50753K(51008K) Class: 5630K(5696K)->5630K(5696K)
[153.348s][info][gc             ] GC(280) Pause Young (Allocation Failure) 767M->540M(758M) 4.527ms
[153.348s][info][gc,cpu         ] GC(280) User=0.00s Sys=0.00s Real=0.01s
[153.845s][info][gc,start       ] GC(281) Pause Young (Allocation Failure)
[153.849s][info][gc,heap        ] GC(281) PSYoungGen: 224608K(224768K)->1856K(216576K) Eden: 222720K(222720K)->0K(214528K) From: 1888K(2048K)->1856K(2048K)
[153.849s][info][gc,heap        ] GC(281) ParOldGen: 551509K(551936K)->551525K(551936K)
[153.849s][info][gc,metaspace   ] GC(281) Metaspace: 56383K(56704K)->56383K(56704K) NonClass: 50753K(51008K)->50753K(51008K) Class: 5630K(5696K)->5630K(5696K)
[153.849s][info][gc             ] GC(281) Pause Young (Allocation Failure) 757M->540M(750M) 4.461ms
[153.849s][info][gc,cpu         ] GC(281) User=0.01s Sys=0.00s Real=0.01s
[154.329s][info][gc,start       ] GC(282) Pause Young (Allocation Failure)
[154.334s][info][gc,heap        ] GC(282) PSYoungGen: 216384K(216576K)->2144K(208896K) Eden: 214528K(214528K)->0K(206336K) From: 1856K(2048K)->2144K(2560K)
[154.334s][info][gc,heap        ] GC(282) ParOldGen: 551525K(551936K)->551541K(551936K)
[154.334s][info][gc,metaspace   ] GC(282) Metaspace: 56383K(56704K)->56383K(56704K) NonClass: 50753K(51008K)->50753K(51008K) Class: 5630K(5696K)->5630K(5696K)
[154.334s][info][gc             ] GC(282) Pause Young (Allocation Failure) 749M->540M(743M) 4.501ms
[154.334s][info][gc,cpu         ] GC(282) User=0.01s Sys=0.00s Real=0.00s
[154.813s][info][gc,start       ] GC(283) Pause Young (Allocation Failure)
[154.817s][info][gc,heap        ] GC(283) PSYoungGen: 208480K(208896K)->1983K(200704K) Eden: 206336K(206336K)->0K(198656K) From: 2144K(2560K)->1983K(2048K)
[154.817s][info][gc,heap        ] GC(283) ParOldGen: 551541K(551936K)->551557K(551936K)
[154.817s][info][gc,metaspace   ] GC(283) Metaspace: 56385K(56704K)->56385K(56704K) NonClass: 50754K(51008K)->50754K(51008K) Class: 5630K(5696K)->5630K(5696K)
[154.817s][info][gc             ] GC(283) Pause Young (Allocation Failure) 742M->540M(735M) 4.151ms
[154.817s][info][gc,cpu         ] GC(283) User=0.01s Sys=0.00s Real=0.01s
[155.235s][info][gc,start       ] GC(284) Pause Young (Allocation Failure)
[155.241s][info][gc,heap        ] GC(284) PSYoungGen: 200639K(200704K)->3136K(195072K) Eden: 198656K(198656K)->0K(191488K) From: 1983K(2048K)->3136K(3584K)
[155.241s][info][gc,heap        ] GC(284) ParOldGen: 551557K(551936K)->551573K(551936K)
[155.241s][info][gc,metaspace   ] GC(284) Metaspace: 56385K(56704K)->56385K(56704K) NonClass: 50754K(51008K)->50754K(51008K) Class: 5630K(5696K)->5630K(5696K)
[155.241s][info][gc             ] GC(284) Pause Young (Allocation Failure) 734M->541M(729M) 5.676ms
[155.241s][info][gc,cpu         ] GC(284) User=0.01s Sys=0.00s Real=0.00s
[155.655s][info][gc,start       ] GC(285) Pause Young (Allocation Failure)
[155.658s][info][gc,heap        ] GC(285) PSYoungGen: 194624K(195072K)->1183K(186368K) Eden: 191488K(191488K)->0K(184832K) From: 3136K(3584K)->1183K(1536K)
[155.658s][info][gc,heap        ] GC(285) ParOldGen: 551573K(551936K)->551589K(551936K)
[155.658s][info][gc,metaspace   ] GC(285) Metaspace: 56385K(56704K)->56385K(56704K) NonClass: 50754K(51008K)->50754K(51008K) Class: 5630K(5696K)->5630K(5696K)
[155.658s][info][gc             ] GC(285) Pause Young (Allocation Failure) 728M->539M(721M) 3.147ms
[155.658s][info][gc,cpu         ] GC(285) User=0.01s Sys=0.00s Real=0.01s
[156.107s][info][gc,start       ] GC(286) Pause Young (Allocation Failure)
[156.110s][info][gc,heap        ] GC(286) PSYoungGen: 186015K(186368K)->606K(179200K) Eden: 184832K(184832K)->0K(178176K) From: 1183K(1536K)->606K(1024K)
[156.110s][info][gc,heap        ] GC(286) ParOldGen: 551589K(551936K)->551605K(551936K)
[156.110s][info][gc,metaspace   ] GC(286) Metaspace: 56385K(56704K)->56385K(56704K) NonClass: 50754K(51008K)->50754K(51008K) Class: 5630K(5696K)->5630K(5696K)
[156.110s][info][gc             ] GC(286) Pause Young (Allocation Failure) 720M->539M(714M) 2.734ms
[156.110s][info][gc,cpu         ] GC(286) User=0.01s Sys=0.00s Real=0.00s
[156.507s][info][gc,start       ] GC(287) Pause Young (Allocation Failure)
[156.510s][info][gc,heap        ] GC(287) PSYoungGen: 178782K(179200K)->640K(173056K) Eden: 178176K(178176K)->0K(172032K) From: 606K(1024K)->640K(1024K)
[156.510s][info][gc,heap        ] GC(287) ParOldGen: 551605K(551936K)->551621K(551936K)
[156.510s][info][gc,metaspace   ] GC(287) Metaspace: 56385K(56704K)->56385K(56704K) NonClass: 50754K(51008K)->50754K(51008K) Class: 5630K(5696K)->5630K(5696K)
[156.510s][info][gc             ] GC(287) Pause Young (Allocation Failure) 713M->539M(708M) 2.846ms
[156.510s][info][gc,cpu         ] GC(287) User=0.01s Sys=0.00s Real=0.00s
[156.851s][info][gc,start       ] GC(288) Pause Young (Allocation Failure)
[156.859s][info][gc,heap        ] GC(288) PSYoungGen: 172672K(173056K)->1215K(208384K) Eden: 172032K(172032K)->0K(206848K) From: 640K(1024K)->1215K(1536K)
[156.859s][info][gc,heap        ] GC(288) ParOldGen: 551621K(551936K)->551637K(551936K)
[156.859s][info][gc,metaspace   ] GC(288) Metaspace: 56385K(56704K)->56385K(56704K) NonClass: 50754K(51008K)->50754K(51008K) Class: 5630K(5696K)->5630K(5696K)
[156.859s][info][gc             ] GC(288) Pause Young (Allocation Failure) 707M->539M(742M) 8.336ms
[156.859s][info][gc,cpu         ] GC(288) User=0.01s Sys=0.00s Real=0.01s
[157.327s][info][gc,start       ] GC(289) Pause Young (Allocation Failure)
[157.333s][info][gc,heap        ] GC(289) PSYoungGen: 208063K(208384K)->3743K(252416K) Eden: 206848K(206848K)->0K(248320K) From: 1215K(1536K)->3743K(4096K)
[157.333s][info][gc,heap        ] GC(289) ParOldGen: 551637K(551936K)->551653K(551936K)
[157.333s][info][gc,metaspace   ] GC(289) Metaspace: 56385K(56704K)->56385K(56704K) NonClass: 50754K(51008K)->50754K(51008K) Class: 5630K(5696K)->5630K(5696K)
[157.333s][info][gc             ] GC(289) Pause Young (Allocation Failure) 741M->542M(785M) 5.889ms
[157.333s][info][gc,cpu         ] GC(289) User=0.01s Sys=0.00s Real=0.00s
[157.912s][info][gc,start       ] GC(290) Pause Young (Allocation Failure)
[157.916s][info][gc,heap        ] GC(290) PSYoungGen: 252063K(252416K)->1577K(270336K) Eden: 248320K(248320K)->0K(265728K) From: 3743K(4096K)->1577K(4608K)
[157.916s][info][gc,heap        ] GC(290) ParOldGen: 551653K(551936K)->551669K(551936K)
[157.916s][info][gc,metaspace   ] GC(290) Metaspace: 56385K(56704K)->56385K(56704K) NonClass: 50754K(51008K)->50754K(51008K) Class: 5630K(5696K)->5630K(5696K)
[157.916s][info][gc             ] GC(290) Pause Young (Allocation Failure) 784M->540M(803M) 3.849ms
[157.916s][info][gc,cpu         ] GC(290) User=0.00s Sys=0.00s Real=0.01s
[158.513s][info][gc,start       ] GC(291) Pause Young (Allocation Failure)
[158.518s][info][gc,heap        ] GC(291) PSYoungGen: 267305K(270336K)->1728K(257536K) Eden: 265728K(265728K)->0K(255488K) From: 1577K(4608K)->1728K(2048K)
[158.518s][info][gc,heap        ] GC(291) ParOldGen: 551669K(551936K)->551685K(551936K)
[158.518s][info][gc,metaspace   ] GC(291) Metaspace: 56385K(56704K)->56385K(56704K) NonClass: 50754K(51008K)->50754K(51008K) Class: 5630K(5696K)->5630K(5696K)
[158.518s][info][gc             ] GC(291) Pause Young (Allocation Failure) 799M->540M(790M) 4.853ms
[158.518s][info][gc,cpu         ] GC(291) User=0.01s Sys=0.00s Real=0.01s
[159.111s][info][gc,start       ] GC(292) Pause Young (Allocation Failure)
[159.149s][info][gc,heap        ] GC(292) PSYoungGen: 257216K(257536K)->1311K(300544K) Eden: 255488K(255488K)->0K(296448K) From: 1728K(2048K)->1311K(4096K)
[159.149s][info][gc,heap        ] GC(292) ParOldGen: 551685K(551936K)->551701K(551936K)
[159.149s][info][gc,metaspace   ] GC(292) Metaspace: 56385K(56704K)->56385K(56704K) NonClass: 50754K(51008K)->50754K(51008K) Class: 5630K(5696K)->5630K(5696K)
[159.149s][info][gc             ] GC(292) Pause Young (Allocation Failure) 789M->540M(832M) 38.078ms
[159.149s][info][gc,cpu         ] GC(292) User=0.02s Sys=0.00s Real=0.04s
[159.861s][info][gc,start       ] GC(293) Pause Young (Allocation Failure)
[159.866s][info][gc,heap        ] GC(293) PSYoungGen: 297759K(300544K)->1312K(310784K) Eden: 296448K(296448K)->0K(306688K) From: 1311K(4096K)->1312K(4096K)
[159.866s][info][gc,heap        ] GC(293) ParOldGen: 551701K(551936K)->551717K(551936K)
[159.866s][info][gc,metaspace   ] GC(293) Metaspace: 56385K(56704K)->56385K(56704K) NonClass: 50754K(51008K)->50754K(51008K) Class: 5630K(5696K)->5630K(5696K)
[159.866s][info][gc             ] GC(293) Pause Young (Allocation Failure) 829M->540M(842M) 4.773ms
[159.866s][info][gc,cpu         ] GC(293) User=0.00s Sys=0.01s Real=0.01s
[160.549s][info][gc,start       ] GC(294) Pause Young (Allocation Failure)
[160.554s][info][gc,heap        ] GC(294) PSYoungGen: 308000K(310784K)->2430K(310784K) Eden: 306688K(306688K)->0K(306688K) From: 1312K(4096K)->2430K(4096K)
[160.554s][info][gc,heap        ] GC(294) ParOldGen: 551717K(551936K)->551733K(551936K)
[160.554s][info][gc,metaspace   ] GC(294) Metaspace: 56385K(56704K)->56385K(56704K) NonClass: 50754K(51008K)->50754K(51008K) Class: 5630K(5696K)->5630K(5696K)
[160.554s][info][gc             ] GC(294) Pause Young (Allocation Failure) 839M->541M(842M) 5.417ms
[160.554s][info][gc,cpu         ] GC(294) User=0.01s Sys=0.00s Real=0.00s
[161.245s][info][gc,start       ] GC(295) Pause Young (Allocation Failure)
[161.252s][info][gc,heap        ] GC(295) PSYoungGen: 309118K(310784K)->2752K(329728K) Eden: 306688K(306688K)->0K(325632K) From: 2430K(4096K)->2752K(4096K)
[161.252s][info][gc,heap        ] GC(295) ParOldGen: 551733K(551936K)->551749K(551936K)
[161.252s][info][gc,metaspace   ] GC(295) Metaspace: 56385K(56704K)->56385K(56704K) NonClass: 50754K(51008K)->50754K(51008K) Class: 5630K(5696K)->5630K(5696K)
[161.252s][info][gc             ] GC(295) Pause Young (Allocation Failure) 840M->541M(861M) 6.496ms
[161.252s][info][gc,cpu         ] GC(295) User=0.01s Sys=0.00s Real=0.00s
[162.013s][info][gc,start       ] GC(296) Pause Young (Allocation Failure)
[162.017s][info][gc,heap        ] GC(296) PSYoungGen: 328384K(329728K)->1120K(329728K) Eden: 325632K(325632K)->0K(325632K) From: 2752K(4096K)->1120K(4096K)
[162.017s][info][gc,heap        ] GC(296) ParOldGen: 551749K(551936K)->551765K(551936K)
[162.017s][info][gc,metaspace   ] GC(296) Metaspace: 56385K(56704K)->56385K(56704K) NonClass: 50754K(51008K)->50754K(51008K) Class: 5630K(5696K)->5630K(5696K)
[162.017s][info][gc             ] GC(296) Pause Young (Allocation Failure) 859M->539M(861M) 3.721ms
[162.017s][info][gc,cpu         ] GC(296) User=0.01s Sys=0.00s Real=0.01s
[162.735s][info][gc,start       ] GC(297) Pause Young (Allocation Failure)
[162.738s][info][gc,heap        ] GC(297) PSYoungGen: 326752K(329728K)->991K(313344K) Eden: 325632K(325632K)->0K(312320K) From: 1120K(4096K)->991K(1024K)
[162.738s][info][gc,heap        ] GC(297) ParOldGen: 551765K(551936K)->551781K(551936K)
[162.738s][info][gc,metaspace   ] GC(297) Metaspace: 56385K(56704K)->56385K(56704K) NonClass: 50754K(51008K)->50754K(51008K) Class: 5630K(5696K)->5630K(5696K)
[162.738s][info][gc             ] GC(297) Pause Young (Allocation Failure) 857M->539M(845M) 3.146ms
[162.738s][info][gc,cpu         ] GC(297) User=0.01s Sys=0.00s Real=0.01s
[163.435s][info][gc,start       ] GC(298) Pause Young (Allocation Failure)
[163.441s][info][gc,heap        ] GC(298) PSYoungGen: 313311K(313344K)->3039K(302592K) Eden: 312320K(312320K)->0K(299520K) From: 991K(1024K)->3039K(3072K)
[163.441s][info][gc,heap        ] GC(298) ParOldGen: 551781K(551936K)->551797K(551936K)
[163.441s][info][gc,metaspace   ] GC(298) Metaspace: 56385K(56704K)->56385K(56704K) NonClass: 50754K(51008K)->50754K(51008K) Class: 5630K(5696K)->5630K(5696K)
[163.441s][info][gc             ] GC(298) Pause Young (Allocation Failure) 844M->541M(834M) 5.596ms
[163.441s][info][gc,cpu         ] GC(298) User=0.01s Sys=0.00s Real=0.01s
[164.127s][info][gc,start       ] GC(299) Pause Young (Allocation Failure)
[164.133s][info][gc,heap        ] GC(299) PSYoungGen: 302559K(302592K)->3294K(291328K) Eden: 299520K(299520K)->0K(287744K) From: 3039K(3072K)->3294K(3584K)
[164.133s][info][gc,heap        ] GC(299) ParOldGen: 551797K(551936K)->551813K(551936K)
[164.133s][info][gc,metaspace   ] GC(299) Metaspace: 56385K(56704K)->56385K(56704K) NonClass: 50754K(51008K)->50754K(51008K) Class: 5630K(5696K)->5630K(5696K)
[164.133s][info][gc             ] GC(299) Pause Young (Allocation Failure) 834M->542M(823M) 6.604ms
[164.133s][info][gc,cpu         ] GC(299) User=0.01s Sys=0.00s Real=0.00s
[164.805s][info][gc,start       ] GC(300) Pause Young (Allocation Failure)
[164.808s][info][gc,heap        ] GC(300) PSYoungGen: 291038K(291328K)->224K(276992K) Eden: 287744K(287744K)->0K(276480K) From: 3294K(3584K)->224K(512K)
[164.808s][info][gc,heap        ] GC(300) ParOldGen: 551813K(551936K)->551829K(551936K)
[164.808s][info][gc,metaspace   ] GC(300) Metaspace: 56388K(56704K)->56388K(56704K) NonClass: 50758K(51008K)->50758K(51008K) Class: 5630K(5696K)->5630K(5696K)
[164.808s][info][gc             ] GC(300) Pause Young (Allocation Failure) 823M->539M(809M) 2.692ms
[164.808s][info][gc,cpu         ] GC(300) User=0.00s Sys=0.00s Real=0.01s
[165.416s][info][gc,start       ] GC(301) Pause Young (Allocation Failure)
[165.420s][info][gc,heap        ] GC(301) PSYoungGen: 276704K(276992K)->1920K(267776K) Eden: 276480K(276480K)->0K(265728K) From: 224K(512K)->1920K(2048K)
[165.420s][info][gc,heap        ] GC(301) ParOldGen: 551829K(551936K)->551845K(551936K)
[165.420s][info][gc,metaspace   ] GC(301) Metaspace: 56388K(56704K)->56388K(56704K) NonClass: 50758K(51008K)->50758K(51008K) Class: 5630K(5696K)->5630K(5696K)
[165.420s][info][gc             ] GC(301) Pause Young (Allocation Failure) 809M->540M(800M) 4.691ms
[165.420s][info][gc,cpu         ] GC(301) User=0.00s Sys=0.00s Real=0.00s
[166.020s][info][gc,start       ] GC(302) Pause Young (Allocation Failure)
[166.024s][info][gc,heap        ] GC(302) PSYoungGen: 267648K(267776K)->1600K(257536K) Eden: 265728K(265728K)->0K(255488K) From: 1920K(2048K)->1600K(2048K)
[166.024s][info][gc,heap        ] GC(302) ParOldGen: 551845K(551936K)->551861K(551936K)
[166.024s][info][gc,metaspace   ] GC(302) Metaspace: 56388K(56704K)->56388K(56704K) NonClass: 50758K(51008K)->50758K(51008K) Class: 5630K(5696K)->5630K(5696K)
[166.024s][info][gc             ] GC(302) Pause Young (Allocation Failure) 800M->540M(790M) 4.087ms
[166.024s][info][gc,cpu         ] GC(302) User=0.01s Sys=0.00s Real=0.00s
[166.609s][info][gc,start       ] GC(303) Pause Young (Allocation Failure)
[166.612s][info][gc,heap        ] GC(303) PSYoungGen: 257088K(257536K)->736K(246784K) Eden: 255488K(255488K)->0K(245760K) From: 1600K(2048K)->736K(1024K)
[166.612s][info][gc,heap        ] GC(303) ParOldGen: 551861K(551936K)->551877K(551936K)
[166.612s][info][gc,metaspace   ] GC(303) Metaspace: 56388K(56704K)->56388K(56704K) NonClass: 50758K(51008K)->50758K(51008K) Class: 5630K(5696K)->5630K(5696K)
[166.612s][info][gc             ] GC(303) Pause Young (Allocation Failure) 789M->539M(780M) 3.240ms
[166.612s][info][gc,cpu         ] GC(303) User=0.01s Sys=0.00s Real=0.00s
[167.135s][info][gc,start       ] GC(304) Pause Young (Allocation Failure)
[167.141s][info][gc,heap        ] GC(304) PSYoungGen: 246496K(246784K)->3327K(240128K) Eden: 245760K(245760K)->0K(236544K) From: 736K(1024K)->3327K(3584K)
[167.141s][info][gc,heap        ] GC(304) ParOldGen: 551877K(551936K)->551893K(551936K)
[167.141s][info][gc,metaspace   ] GC(304) Metaspace: 56388K(56704K)->56388K(56704K) NonClass: 50758K(51008K)->50758K(51008K) Class: 5630K(5696K)->5630K(5696K)
[167.141s][info][gc             ] GC(304) Pause Young (Allocation Failure) 779M->542M(773M) 6.003ms
[167.141s][info][gc,cpu         ] GC(304) User=0.01s Sys=0.00s Real=0.01s
[167.706s][info][gc,start       ] GC(305) Pause Young (Allocation Failure)
[167.710s][info][gc,heap        ] GC(305) PSYoungGen: 239871K(240128K)->448K(227840K) Eden: 236544K(236544K)->0K(227328K) From: 3327K(3584K)->448K(512K)
[167.711s][info][gc,heap        ] GC(305) ParOldGen: 551893K(551936K)->551909K(551936K)
[167.711s][info][gc,metaspace   ] GC(305) Metaspace: 56388K(56704K)->56388K(56704K) NonClass: 50758K(51008K)->50758K(51008K) Class: 5630K(5696K)->5630K(5696K)
[167.711s][info][gc             ] GC(305) Pause Young (Allocation Failure) 773M->539M(761M) 4.150ms
[167.711s][info][gc,cpu         ] GC(305) User=0.00s Sys=0.00s Real=0.00s
[169.242s][info][gc,start       ] GC(306) Pause Young (Allocation Failure)
[169.292s][info][gc,heap        ] GC(306) PSYoungGen: 212339K(227840K)->64K(277504K) Eden: 211891K(227328K)->0K(272896K) From: 448K(512K)->64K(4608K)
[169.292s][info][gc,heap        ] GC(306) ParOldGen: 551909K(551936K)->590988K(591360K)
[169.292s][info][gc,metaspace   ] GC(306) Metaspace: 56394K(56704K)->56394K(56704K) NonClass: 50763K(51008K)->50763K(51008K) Class: 5630K(5696K)->5630K(5696K)
[169.292s][info][gc             ] GC(306) Pause Young (Allocation Failure) 746M->577M(848M) 50.456ms
[169.292s][info][gc,cpu         ] GC(306) User=0.07s Sys=0.02s Real=0.05s
[171.210s][info][gc,start       ] GC(307) Pause Young (Allocation Failure)
[171.254s][info][gc,heap        ] GC(307) PSYoungGen: 272960K(277504K)->4595K(290304K) Eden: 272896K(272896K)->0K(285696K) From: 64K(4608K)->4595K(4608K)
[171.254s][info][gc,heap        ] GC(307) ParOldGen: 590988K(591360K)->640797K(641024K)
[171.254s][info][gc,metaspace   ] GC(307) Metaspace: 56612K(56896K)->56612K(56896K) NonClass: 50981K(51200K)->50981K(51200K) Class: 5630K(5696K)->5630K(5696K)
[171.255s][info][gc             ] GC(307) Pause Young (Allocation Failure) 843M->630M(909M) 44.727ms
[171.255s][info][gc,cpu         ] GC(307) User=0.05s Sys=0.03s Real=0.04s
[171.830s][info][gc,start       ] GC(308) Pause Full (Allocation Failure)
[171.830s][info][gc,phases,start] GC(308) Marking Phase
[171.880s][info][gc,phases      ] GC(308) Marking Phase 49.449ms
[171.880s][info][gc,phases,start] GC(308) Summary Phase
[171.880s][info][gc,phases      ] GC(308) Summary Phase 0.031ms
[171.880s][info][gc,phases,start] GC(308) Forward
[171.889s][info][gc,phases      ] GC(308) Forward 8.767ms
[171.889s][info][gc,phases,start] GC(308) Adjust Pointers
[171.917s][info][gc,phases      ] GC(308) Adjust Pointers 28.120ms
[171.917s][info][gc,phases,start] GC(308) Compaction Phase
[171.939s][info][gc,phases      ] GC(308) Compaction Phase 21.828ms
[171.939s][info][gc,phases,start] GC(308) Post Compact
[171.952s][info][gc,phases      ] GC(308) Post Compact 13.401ms
[171.975s][info][gc,heap        ] GC(308) PSYoungGen: 290291K(290304K)->0K(309760K) Eden: 285696K(285696K)->0K(285696K) From: 4595K(4608K)->0K(24064K)
[171.975s][info][gc,heap        ] GC(308) ParOldGen: 640797K(641024K)->278708K(377856K)
[171.975s][info][gc,metaspace   ] GC(308) Metaspace: 56612K(56896K)->56612K(56896K) NonClass: 50981K(51200K)->50981K(51200K) Class: 5630K(5696K)->5630K(5696K)
[171.975s][info][gc             ] GC(308) Pause Full (Allocation Failure) 909M->272M(671M) 144.835ms
[171.975s][info][gc,cpu         ] GC(308) User=0.17s Sys=0.04s Real=0.14s
[172.458s][info][gc,start       ] GC(309) Pause Young (Allocation Failure)
[172.465s][info][gc,heap        ] GC(309) PSYoungGen: 285696K(309760K)->10790K(308736K) Eden: 285696K(285696K)->0K(285696K) From: 0K(24064K)->10790K(23040K)
[172.465s][info][gc,heap        ] GC(309) ParOldGen: 278708K(377856K)->278708K(377856K)
[172.465s][info][gc,metaspace   ] GC(309) Metaspace: 56612K(56896K)->56612K(56896K) NonClass: 50981K(51200K)->50981K(51200K) Class: 5630K(5696K)->5630K(5696K)
[172.465s][info][gc             ] GC(309) Pause Young (Allocation Failure) 551M->282M(670M) 7.527ms
[172.465s][info][gc,cpu         ] GC(309) User=0.01s Sys=0.00s Real=0.00s
[173.122s][info][gc,start       ] GC(310) Pause Young (Allocation Failure)
[173.127s][info][gc,heap        ] GC(310) PSYoungGen: 296486K(308736K)->1077K(309248K) Eden: 285696K(285696K)->0K(285696K) From: 10790K(23040K)->1077K(23552K)
[173.127s][info][gc,heap        ] GC(310) ParOldGen: 278708K(377856K)->288579K(377856K)
[173.127s][info][gc,metaspace   ] GC(310) Metaspace: 56612K(56896K)->56612K(56896K) NonClass: 50981K(51200K)->50981K(51200K) Class: 5630K(5696K)->5630K(5696K)
[173.127s][info][gc             ] GC(310) Pause Young (Allocation Failure) 561M->282M(671M) 4.946ms
[173.127s][info][gc,cpu         ] GC(310) User=0.01s Sys=0.00s Real=0.01s
[173.748s][info][gc,start       ] GC(311) Pause Young (Allocation Failure)
[173.752s][info][gc,heap        ] GC(311) PSYoungGen: 286773K(309248K)->1823K(309248K) Eden: 285696K(285696K)->0K(287232K) From: 1077K(23552K)->1823K(22016K)
[173.752s][info][gc,heap        ] GC(311) ParOldGen: 288579K(377856K)->288595K(377856K)
[173.752s][info][gc,metaspace   ] GC(311) Metaspace: 56612K(56896K)->56612K(56896K) NonClass: 50981K(51200K)->50981K(51200K) Class: 5630K(5696K)->5630K(5696K)
[173.752s][info][gc             ] GC(311) Pause Young (Allocation Failure) 561M->283M(671M) 3.595ms
[173.752s][info][gc,cpu         ] GC(311) User=0.01s Sys=0.00s Real=0.00s
[174.426s][info][gc,start       ] GC(312) Pause Young (Allocation Failure)
[174.431s][info][gc,heap        ] GC(312) PSYoungGen: 288907K(309248K)->2144K(278528K) Eden: 287084K(287232K)->0K(275968K) From: 1823K(22016K)->2144K(2560K)
[174.431s][info][gc,heap        ] GC(312) ParOldGen: 288595K(377856K)->288611K(377856K)
[174.431s][info][gc,metaspace   ] GC(312) Metaspace: 56612K(56896K)->56612K(56896K) NonClass: 50981K(51200K)->50981K(51200K) Class: 5630K(5696K)->5630K(5696K)
[174.431s][info][gc             ] GC(312) Pause Young (Allocation Failure) 563M->283M(641M) 4.607ms
[174.431s][info][gc,cpu         ] GC(312) User=0.01s Sys=0.00s Real=0.00s
[175.039s][info][gc,start       ] GC(313) Pause Young (Allocation Failure)
[175.045s][info][gc,heap        ] GC(313) PSYoungGen: 278106K(278528K)->2784K(273920K) Eden: 275962K(275968K)->0K(265216K) From: 2144K(2560K)->2784K(8704K)
[175.045s][info][gc,heap        ] GC(313) ParOldGen: 288611K(377856K)->288627K(377856K)
[175.045s][info][gc,metaspace   ] GC(313) Metaspace: 56612K(56896K)->56612K(56896K) NonClass: 50981K(51200K)->50981K(51200K) Class: 5630K(5696K)->5630K(5696K)
[175.045s][info][gc             ] GC(313) Pause Young (Allocation Failure) 553M->284M(636M) 6.125ms
[175.045s][info][gc,cpu         ] GC(313) User=0.01s Sys=0.00s Real=0.01s
[175.642s][info][gc,start       ] GC(314) Pause Young (Allocation Failure)
[175.646s][info][gc,heap        ] GC(314) PSYoungGen: 268000K(273920K)->2208K(257536K) Eden: 265216K(265216K)->0K(254976K) From: 2784K(8704K)->2208K(2560K)
[175.646s][info][gc,heap        ] GC(314) ParOldGen: 288627K(377856K)->288643K(377856K)
[175.646s][info][gc,metaspace   ] GC(314) Metaspace: 56612K(56896K)->56612K(56896K) NonClass: 50981K(51200K)->50981K(51200K) Class: 5630K(5696K)->5630K(5696K)
[175.646s][info][gc             ] GC(314) Pause Young (Allocation Failure) 543M->284M(620M) 4.831ms
[175.646s][info][gc,cpu         ] GC(314) User=0.01s Sys=0.00s Real=0.01s
[176.226s][info][gc,start       ] GC(315) Pause Young (Allocation Failure)
[176.231s][info][gc,heap        ] GC(315) PSYoungGen: 257184K(257536K)->2687K(248832K) Eden: 254976K(254976K)->0K(245248K) From: 2208K(2560K)->2687K(3584K)
[176.231s][info][gc,heap        ] GC(315) ParOldGen: 288643K(377856K)->288659K(377856K)
[176.231s][info][gc,metaspace   ] GC(315) Metaspace: 56612K(56896K)->56612K(56896K) NonClass: 50981K(51200K)->50981K(51200K) Class: 5630K(5696K)->5630K(5696K)
[176.231s][info][gc             ] GC(315) Pause Young (Allocation Failure) 533M->284M(612M) 5.424ms
[176.231s][info][gc,cpu         ] GC(315) User=0.01s Sys=0.00s Real=0.00s
[176.809s][info][gc,start       ] GC(316) Pause Young (Allocation Failure)
[176.812s][info][gc,heap        ] GC(316) PSYoungGen: 247935K(248832K)->1087K(237568K) Eden: 245248K(245248K)->0K(236032K) From: 2687K(3584K)->1087K(1536K)
[176.812s][info][gc,heap        ] GC(316) ParOldGen: 288659K(377856K)->288675K(377856K)
[176.812s][info][gc,metaspace   ] GC(316) Metaspace: 56612K(56896K)->56612K(56896K) NonClass: 50981K(51200K)->50981K(51200K) Class: 5630K(5696K)->5630K(5696K)
[176.812s][info][gc             ] GC(316) Pause Young (Allocation Failure) 524M->282M(601M) 2.852ms
[176.812s][info][gc,cpu         ] GC(316) User=0.00s Sys=0.00s Real=0.00s
[177.325s][info][gc,start       ] GC(317) Pause Young (Allocation Failure)
[177.329s][info][gc,heap        ] GC(317) PSYoungGen: 237119K(237568K)->2143K(229888K) Eden: 236032K(236032K)->0K(227328K) From: 1087K(1536K)->2143K(2560K)
[177.329s][info][gc,heap        ] GC(317) ParOldGen: 288675K(377856K)->288691K(377856K)
[177.329s][info][gc,metaspace   ] GC(317) Metaspace: 56612K(56896K)->56612K(56896K) NonClass: 50981K(51200K)->50981K(51200K) Class: 5630K(5696K)->5630K(5696K)
[177.329s][info][gc             ] GC(317) Pause Young (Allocation Failure) 513M->284M(593M) 4.670ms
[177.329s][info][gc,cpu         ] GC(317) User=0.00s Sys=0.00s Real=0.01s
[177.837s][info][gc,start       ] GC(318) Pause Young (Allocation Failure)
[177.840s][info][gc,heap        ] GC(318) PSYoungGen: 229471K(229888K)->1631K(220672K) Eden: 227328K(227328K)->0K(218624K) From: 2143K(2560K)->1631K(2048K)
[177.840s][info][gc,heap        ] GC(318) ParOldGen: 288691K(377856K)->288707K(377856K)
[177.840s][info][gc,metaspace   ] GC(318) Metaspace: 56612K(56896K)->56612K(56896K) NonClass: 50981K(51200K)->50981K(51200K) Class: 5630K(5696K)->5630K(5696K)
[177.840s][info][gc             ] GC(318) Pause Young (Allocation Failure) 506M->283M(584M) 3.591ms
[177.840s][info][gc,cpu         ] GC(318) User=0.01s Sys=0.01s Real=0.00s
[178.332s][info][gc,start       ] GC(319) Pause Young (Allocation Failure)
[178.355s][info][gc,heap        ] GC(319) PSYoungGen: 220255K(220672K)->2432K(246272K) Eden: 218624K(218624K)->0K(230400K) From: 1631K(2048K)->2432K(15872K)
[178.355s][info][gc,heap        ] GC(319) ParOldGen: 288707K(377856K)->288723K(377856K)
[178.355s][info][gc,metaspace   ] GC(319) Metaspace: 56612K(56896K)->56612K(56896K) NonClass: 50981K(51200K)->50981K(51200K) Class: 5630K(5696K)->5630K(5696K)
[178.355s][info][gc             ] GC(319) Pause Young (Allocation Failure) 497M->284M(609M) 22.725ms
[178.355s][info][gc,cpu         ] GC(319) User=0.02s Sys=0.00s Real=0.02s
[178.842s][info][gc,start       ] GC(320) Pause Young (Allocation Failure)
[178.852s][info][gc,heap        ] GC(320) PSYoungGen: 232557K(246272K)->2271K(245760K) Eden: 230125K(230400K)->0K(230400K) From: 2432K(15872K)->2271K(15360K)
[178.852s][info][gc,heap        ] GC(320) ParOldGen: 288723K(377856K)->288739K(377856K)
[178.852s][info][gc,metaspace   ] GC(320) Metaspace: 56612K(56896K)->56612K(56896K) NonClass: 50981K(51200K)->50981K(51200K) Class: 5630K(5696K)->5630K(5696K)
[178.852s][info][gc             ] GC(320) Pause Young (Allocation Failure) 509M->284M(609M) 9.989ms
[178.852s][info][gc,cpu         ] GC(320) User=0.01s Sys=0.00s Real=0.01s
[179.406s][info][gc,start       ] GC(321) Pause Young (Allocation Failure)
[179.409s][info][gc,heap        ] GC(321) PSYoungGen: 232671K(245760K)->1214K(287232K) Eden: 230400K(230400K)->0K(274432K) From: 2271K(15360K)->1214K(12800K)
[179.409s][info][gc,heap        ] GC(321) ParOldGen: 288739K(377856K)->288755K(377856K)
[179.409s][info][gc,metaspace   ] GC(321) Metaspace: 56612K(56896K)->56612K(56896K) NonClass: 50981K(51200K)->50981K(51200K) Class: 5630K(5696K)->5630K(5696K)
[179.409s][info][gc             ] GC(321) Pause Young (Allocation Failure) 509M->283M(649M) 2.774ms
[179.409s][info][gc,cpu         ] GC(321) User=0.00s Sys=0.00s Real=0.00s
[180.017s][info][gc,start       ] GC(322) Pause Young (Allocation Failure)
[180.020s][info][gc,heap        ] GC(322) PSYoungGen: 275646K(287232K)->1343K(288256K) Eden: 274432K(274432K)->0K(274432K) From: 1214K(12800K)->1343K(13824K)
[180.020s][info][gc,heap        ] GC(322) ParOldGen: 288755K(377856K)->288771K(377856K)
[180.020s][info][gc,metaspace   ] GC(322) Metaspace: 56612K(56896K)->56612K(56896K) NonClass: 50981K(51200K)->50981K(51200K) Class: 5630K(5696K)->5630K(5696K)
[180.020s][info][gc             ] GC(322) Pause Young (Allocation Failure) 551M->283M(650M) 3.242ms
[180.020s][info][gc,cpu         ] GC(322) User=0.00s Sys=0.00s Real=0.00s
[180.620s][info][gc,start       ] GC(323) Pause Young (Allocation Failure)
[180.626s][info][gc,heap        ] GC(323) PSYoungGen: 275775K(288256K)->2718K(317440K) Eden: 274432K(274432K)->0K(306688K) From: 1343K(13824K)->2718K(10752K)
[180.626s][info][gc,heap        ] GC(323) ParOldGen: 288771K(377856K)->288787K(377856K)
[180.626s][info][gc,metaspace   ] GC(323) Metaspace: 56612K(56896K)->56612K(56896K) NonClass: 50981K(51200K)->50981K(51200K) Class: 5630K(5696K)->5630K(5696K)
[180.626s][info][gc             ] GC(323) Pause Young (Allocation Failure) 551M->284M(679M) 5.243ms
[180.626s][info][gc,cpu         ] GC(323) User=0.01s Sys=0.00s Real=0.01s
[181.332s][info][gc,start       ] GC(324) Pause Young (Allocation Failure)
[181.337s][info][gc,heap        ] GC(324) PSYoungGen: 309406K(317440K)->1856K(318976K) Eden: 306688K(306688K)->0K(306688K) From: 2718K(10752K)->1856K(12288K)
[181.337s][info][gc,heap        ] GC(324) ParOldGen: 288787K(377856K)->288803K(377856K)
[181.337s][info][gc,metaspace   ] GC(324) Metaspace: 56612K(56896K)->56612K(56896K) NonClass: 50981K(51200K)->50981K(51200K) Class: 5630K(5696K)->5630K(5696K)
[181.337s][info][gc             ] GC(324) Pause Young (Allocation Failure) 584M->283M(680M) 4.423ms
[181.337s][info][gc,cpu         ] GC(324) User=0.00s Sys=0.01s Real=0.01s
[182.016s][info][gc,start       ] GC(325) Pause Young (Allocation Failure)
[182.019s][info][gc,heap        ] GC(325) PSYoungGen: 308544K(318976K)->1055K(295936K) Eden: 306688K(306688K)->0K(294400K) From: 1856K(12288K)->1055K(1536K)
[182.019s][info][gc,heap        ] GC(325) ParOldGen: 288803K(377856K)->288819K(377856K)
[182.019s][info][gc,metaspace   ] GC(325) Metaspace: 56612K(56896K)->56612K(56896K) NonClass: 50981K(51200K)->50981K(51200K) Class: 5630K(5696K)->5630K(5696K)
[182.019s][info][gc             ] GC(325) Pause Young (Allocation Failure) 583M->283M(658M) 2.589ms
[182.019s][info][gc,cpu         ] GC(325) User=0.01s Sys=0.00s Real=0.00s
[182.664s][info][gc,start       ] GC(326) Pause Young (Allocation Failure)
[182.667s][info][gc,heap        ] GC(326) PSYoungGen: 295147K(295936K)->959K(283648K) Eden: 294092K(294400K)->0K(282624K) From: 1055K(1536K)->959K(1024K)
[182.667s][info][gc,heap        ] GC(326) ParOldGen: 288819K(377856K)->288835K(377856K)
[182.667s][info][gc,metaspace   ] GC(326) Metaspace: 56612K(56896K)->56612K(56896K) NonClass: 50981K(51200K)->50981K(51200K) Class: 5630K(5696K)->5630K(5696K)
[182.667s][info][gc             ] GC(326) Pause Young (Allocation Failure) 570M->283M(646M) 2.442ms
[182.667s][info][gc,cpu         ] GC(326) User=0.00s Sys=0.00s Real=0.01s
[183.321s][info][gc,start       ] GC(327) Pause Young (Allocation Failure)
[183.326s][info][gc,heap        ] GC(327) PSYoungGen: 283583K(283648K)->1792K(273408K) Eden: 282624K(282624K)->0K(271360K) From: 959K(1024K)->1792K(2048K)
[183.326s][info][gc,heap        ] GC(327) ParOldGen: 288835K(377856K)->288851K(377856K)
[183.326s][info][gc,metaspace   ] GC(327) Metaspace: 56612K(56896K)->56612K(56896K) NonClass: 50981K(51200K)->50981K(51200K) Class: 5630K(5696K)->5630K(5696K)
[183.326s][info][gc             ] GC(327) Pause Young (Allocation Failure) 559M->283M(636M) 4.584ms
[183.326s][info][gc,cpu         ] GC(327) User=0.01s Sys=0.00s Real=0.01s
[183.929s][info][gc,start       ] GC(328) Pause Young (Allocation Failure)
[183.935s][info][gc,heap        ] GC(328) PSYoungGen: 273152K(273408K)->3486K(264192K) Eden: 271360K(271360K)->0K(260608K) From: 1792K(2048K)->3486K(3584K)
[183.935s][info][gc,heap        ] GC(328) ParOldGen: 288851K(377856K)->288867K(377856K)
[183.935s][info][gc,metaspace   ] GC(328) Metaspace: 56612K(56896K)->56612K(56896K) NonClass: 50981K(51200K)->50981K(51200K) Class: 5630K(5696K)->5630K(5696K)
[183.935s][info][gc             ] GC(328) Pause Young (Allocation Failure) 548M->285M(627M) 5.452ms
[183.935s][info][gc,cpu         ] GC(328) User=0.01s Sys=0.00s Real=0.00s
[184.524s][info][gc,start       ] GC(329) Pause Young (Allocation Failure)
[184.528s][info][gc,heap        ] GC(329) PSYoungGen: 264094K(264192K)->1567K(252416K) Eden: 260608K(260608K)->0K(250368K) From: 3486K(3584K)->1567K(2048K)
[184.528s][info][gc,heap        ] GC(329) ParOldGen: 288867K(377856K)->288883K(377856K)
[184.528s][info][gc,metaspace   ] GC(329) Metaspace: 56612K(56896K)->56612K(56896K) NonClass: 50981K(51200K)->50981K(51200K) Class: 5630K(5696K)->5630K(5696K)
[184.528s][info][gc             ] GC(329) Pause Young (Allocation Failure) 540M->283M(615M) 4.128ms
[184.528s][info][gc,cpu         ] GC(329) User=0.01s Sys=0.00s Real=0.01s
[185.105s][info][gc,start       ] GC(330) Pause Young (Allocation Failure)
[185.107s][info][gc,heap        ] GC(330) PSYoungGen: 251935K(252416K)->345K(241152K) Eden: 250368K(250368K)->0K(240640K) From: 1567K(2048K)->345K(512K)
[185.107s][info][gc,heap        ] GC(330) ParOldGen: 288883K(377856K)->288899K(377856K)
[185.107s][info][gc,metaspace   ] GC(330) Metaspace: 56612K(56896K)->56612K(56896K) NonClass: 50981K(51200K)->50981K(51200K) Class: 5630K(5696K)->5630K(5696K)
[185.107s][info][gc             ] GC(330) Pause Young (Allocation Failure) 528M->282M(604M) 2.006ms
[185.107s][info][gc,cpu         ] GC(330) User=0.01s Sys=0.00s Real=0.01s
[185.623s][info][gc,start       ] GC(331) Pause Young (Allocation Failure)
[185.628s][info][gc,heap        ] GC(331) PSYoungGen: 240985K(241152K)->2367K(233984K) Eden: 240640K(240640K)->0K(231424K) From: 345K(512K)->2367K(2560K)
[185.628s][info][gc,heap        ] GC(331) ParOldGen: 288899K(377856K)->288915K(377856K)
[185.628s][info][gc,metaspace   ] GC(331) Metaspace: 56612K(56896K)->56612K(56896K) NonClass: 50981K(51200K)->50981K(51200K) Class: 5630K(5696K)->5630K(5696K)
[185.628s][info][gc             ] GC(331) Pause Young (Allocation Failure) 517M->284M(597M) 4.550ms
[185.628s][info][gc,cpu         ] GC(331) User=0.01s Sys=0.00s Real=0.01s
[186.137s][info][gc,start       ] GC(332) Pause Young (Allocation Failure)
[186.142s][info][gc,heap        ] GC(332) PSYoungGen: 233670K(233984K)->2688K(225792K) Eden: 231302K(231424K)->0K(222720K) From: 2367K(2560K)->2688K(3072K)
[186.142s][info][gc,heap        ] GC(332) ParOldGen: 288915K(377856K)->288931K(377856K)
[186.142s][info][gc,metaspace   ] GC(332) Metaspace: 56612K(56896K)->56612K(56896K) NonClass: 50981K(51200K)->50981K(51200K) Class: 5630K(5696K)->5630K(5696K)
[186.142s][info][gc             ] GC(332) Pause Young (Allocation Failure) 510M->284M(589M) 4.872ms
[186.142s][info][gc,cpu         ] GC(332) User=0.01s Sys=0.00s Real=0.00s
[186.637s][info][gc,start       ] GC(333) Pause Young (Allocation Failure)
[186.641s][info][gc,heap        ] GC(333) PSYoungGen: 225408K(225792K)->2464K(217088K) Eden: 222720K(222720K)->0K(214528K) From: 2688K(3072K)->2464K(2560K)
[186.641s][info][gc,heap        ] GC(333) ParOldGen: 288931K(377856K)->288947K(377856K)
[186.641s][info][gc,metaspace   ] GC(333) Metaspace: 56612K(56896K)->56612K(56896K) NonClass: 50981K(51200K)->50981K(51200K) Class: 5630K(5696K)->5630K(5696K)
[186.641s][info][gc             ] GC(333) Pause Young (Allocation Failure) 502M->284M(581M) 4.783ms
[186.641s][info][gc,cpu         ] GC(333) User=0.01s Sys=0.00s Real=0.00s
[187.228s][info][gc,start       ] GC(334) Pause Young (Allocation Failure)
[187.232s][info][gc,heap        ] GC(334) PSYoungGen: 216992K(217088K)->2751K(209920K) Eden: 214528K(214528K)->0K(206848K) From: 2464K(2560K)->2751K(3072K)
[187.232s][info][gc,heap        ] GC(334) ParOldGen: 288947K(377856K)->288963K(377856K)
[187.232s][info][gc,metaspace   ] GC(334) Metaspace: 56612K(56896K)->56612K(56896K) NonClass: 50981K(51200K)->50981K(51200K) Class: 5630K(5696K)->5630K(5696K)
[187.232s][info][gc             ] GC(334) Pause Young (Allocation Failure) 494M->284M(574M) 4.537ms
[187.232s][info][gc,cpu         ] GC(334) User=0.01s Sys=0.00s Real=0.00s
[187.713s][info][gc,start       ] GC(335) Pause Young (Allocation Failure)
[187.716s][info][gc,heap        ] GC(335) PSYoungGen: 209599K(209920K)->512K(199680K) Eden: 206848K(206848K)->0K(199168K) From: 2751K(3072K)->512K(512K)
[187.716s][info][gc,heap        ] GC(335) ParOldGen: 288963K(377856K)->288979K(377856K)
[187.716s][info][gc,metaspace   ] GC(335) Metaspace: 56612K(56896K)->56612K(56896K) NonClass: 50981K(51200K)->50981K(51200K) Class: 5630K(5696K)->5630K(5696K)
[187.716s][info][gc             ] GC(335) Pause Young (Allocation Failure) 486M->282M(564M) 2.509ms
[187.716s][info][gc,cpu         ] GC(335) User=0.00s Sys=0.00s Real=0.01s
[188.136s][info][gc,start       ] GC(336) Pause Young (Allocation Failure)
[188.140s][info][gc,heap        ] GC(336) PSYoungGen: 199599K(199680K)->2752K(198656K) Eden: 199087K(199168K)->0K(192000K) From: 512K(512K)->2752K(6656K)
[188.140s][info][gc,heap        ] GC(336) ParOldGen: 288979K(377856K)->288995K(377856K)
[188.140s][info][gc,metaspace   ] GC(336) Metaspace: 56612K(56896K)->56612K(56896K) NonClass: 50981K(51200K)->50981K(51200K) Class: 5630K(5696K)->5630K(5696K)
[188.140s][info][gc             ] GC(336) Pause Young (Allocation Failure) 477M->284M(563M) 4.668ms
[188.140s][info][gc,cpu         ] GC(336) User=0.00s Sys=0.00s Real=0.00s
[188.551s][info][gc,start       ] GC(337) Pause Young (Allocation Failure)
[188.553s][info][gc,heap        ] GC(337) PSYoungGen: 194752K(198656K)->767K(186368K) Eden: 192000K(192000K)->0K(185344K) From: 2752K(6656K)->767K(1024K)
[188.553s][info][gc,heap        ] GC(337) ParOldGen: 288995K(377856K)->289011K(377856K)
[188.553s][info][gc,metaspace   ] GC(337) Metaspace: 56612K(56896K)->56612K(56896K) NonClass: 50981K(51200K)->50981K(51200K) Class: 5630K(5696K)->5630K(5696K)
[188.553s][info][gc             ] GC(337) Pause Young (Allocation Failure) 472M->282M(551M) 2.491ms
[188.553s][info][gc,cpu         ] GC(337) User=0.00s Sys=0.00s Real=0.00s
[189.013s][info][gc,start       ] GC(338) Pause Young (Allocation Failure)
[189.016s][info][gc,heap        ] GC(338) PSYoungGen: 186111K(186368K)->1823K(185344K) Eden: 185344K(185344K)->0K(178688K) From: 767K(1024K)->1823K(6656K)
[189.016s][info][gc,heap        ] GC(338) ParOldGen: 289011K(377856K)->289027K(377856K)
[189.016s][info][gc,metaspace   ] GC(338) Metaspace: 56612K(56896K)->56612K(56896K) NonClass: 50981K(51200K)->50981K(51200K) Class: 5630K(5696K)->5630K(5696K)
[189.016s][info][gc             ] GC(338) Pause Young (Allocation Failure) 463M->284M(550M) 3.321ms
[189.016s][info][gc,cpu         ] GC(338) User=0.01s Sys=0.00s Real=0.01s
[189.422s][info][gc,start       ] GC(339) Pause Young (Allocation Failure)
[189.426s][info][gc,heap        ] GC(339) PSYoungGen: 180301K(185344K)->1824K(174592K) Eden: 178478K(178688K)->0K(172544K) From: 1823K(6656K)->1824K(2048K)
[189.426s][info][gc,heap        ] GC(339) ParOldGen: 289027K(377856K)->289043K(377856K)
[189.426s][info][gc,metaspace   ] GC(339) Metaspace: 56612K(56896K)->56612K(56896K) NonClass: 50981K(51200K)->50981K(51200K) Class: 5630K(5696K)->5630K(5696K)
[189.426s][info][gc             ] GC(339) Pause Young (Allocation Failure) 458M->284M(539M) 3.854ms
[189.426s][info][gc,cpu         ] GC(339) User=0.01s Sys=0.00s Real=0.01s
[189.819s][info][gc,start       ] GC(340) Pause Young (Allocation Failure)
[189.822s][info][gc,heap        ] GC(340) PSYoungGen: 174368K(174592K)->2015K(168448K) Eden: 172544K(172544K)->0K(166400K) From: 1824K(2048K)->2015K(2048K)
[189.822s][info][gc,heap        ] GC(340) ParOldGen: 289043K(377856K)->289059K(377856K)
[189.822s][info][gc,metaspace   ] GC(340) Metaspace: 56612K(56896K)->56612K(56896K) NonClass: 50981K(51200K)->50981K(51200K) Class: 5630K(5696K)->5630K(5696K)
[189.822s][info][gc             ] GC(340) Pause Young (Allocation Failure) 452M->284M(533M) 3.715ms
[189.822s][info][gc,cpu         ] GC(340) User=0.00s Sys=0.00s Real=0.00s
[190.206s][info][gc,start       ] GC(341) Pause Young (Allocation Failure)
[190.208s][info][gc,heap        ] GC(341) PSYoungGen: 168415K(168448K)->597K(161792K) Eden: 166400K(166400K)->0K(160768K) From: 2015K(2048K)->597K(1024K)
[190.208s][info][gc,heap        ] GC(341) ParOldGen: 289059K(377856K)->289075K(377856K)
[190.208s][info][gc,metaspace   ] GC(341) Metaspace: 56612K(56896K)->56612K(56896K) NonClass: 50981K(51200K)->50981K(51200K) Class: 5630K(5696K)->5630K(5696K)
[190.208s][info][gc             ] GC(341) Pause Young (Allocation Failure) 446M->282M(527M) 2.386ms
[190.208s][info][gc,cpu         ] GC(341) User=0.00s Sys=0.00s Real=0.00s
[190.589s][info][gc,start       ] GC(342) Pause Young (Allocation Failure)
[190.594s][info][gc,heap        ] GC(342) PSYoungGen: 161232K(161792K)->3008K(158208K) Eden: 160635K(160768K)->0K(155136K) From: 597K(1024K)->3008K(3072K)
[190.594s][info][gc,heap        ] GC(342) ParOldGen: 289075K(377856K)->289091K(377856K)
[190.594s][info][gc,metaspace   ] GC(342) Metaspace: 56612K(56896K)->56612K(56896K) NonClass: 50981K(51200K)->50981K(51200K) Class: 5630K(5696K)->5630K(5696K)
[190.594s][info][gc             ] GC(342) Pause Young (Allocation Failure) 439M->285M(523M) 5.022ms
[190.594s][info][gc,cpu         ] GC(342) User=0.01s Sys=0.00s Real=0.00s
[190.909s][info][gc,start       ] GC(343) Pause Young (Allocation Failure)
[190.912s][info][gc,heap        ] GC(343) PSYoungGen: 158144K(158208K)->1031K(151552K) Eden: 155136K(155136K)->0K(150016K) From: 3008K(3072K)->1031K(1536K)
[190.912s][info][gc,heap        ] GC(343) ParOldGen: 289091K(377856K)->289107K(377856K)
[190.912s][info][gc,metaspace   ] GC(343) Metaspace: 56612K(56896K)->56612K(56896K) NonClass: 50981K(51200K)->50981K(51200K) Class: 5630K(5696K)->5630K(5696K)
[190.912s][info][gc             ] GC(343) Pause Young (Allocation Failure) 436M->283M(517M) 2.795ms
[190.912s][info][gc,cpu         ] GC(343) User=0.00s Sys=0.00s Real=0.00s
[191.226s][info][gc,start       ] GC(344) Pause Young (Allocation Failure)
[191.229s][info][gc,heap        ] GC(344) PSYoungGen: 151047K(151552K)->2111K(147456K) Eden: 150016K(150016K)->0K(144896K) From: 1031K(1536K)->2111K(2560K)
[191.229s][info][gc,heap        ] GC(344) ParOldGen: 289107K(377856K)->289123K(377856K)
[191.229s][info][gc,metaspace   ] GC(344) Metaspace: 56612K(56896K)->56612K(56896K) NonClass: 50981K(51200K)->50981K(51200K) Class: 5630K(5696K)->5630K(5696K)
[191.229s][info][gc             ] GC(344) Pause Young (Allocation Failure) 429M->284M(513M) 3.599ms
[191.229s][info][gc,cpu         ] GC(344) User=0.00s Sys=0.00s Real=0.00s
[191.540s][info][gc,start       ] GC(345) Pause Young (Allocation Failure)
[191.545s][info][gc,heap        ] GC(345) PSYoungGen: 147007K(147456K)->3039K(175616K) Eden: 144896K(144896K)->0K(172544K) From: 2111K(2560K)->3039K(3072K)
[191.545s][info][gc,heap        ] GC(345) ParOldGen: 289123K(377856K)->289139K(377856K)
[191.545s][info][gc,metaspace   ] GC(345) Metaspace: 56612K(56896K)->56612K(56896K) NonClass: 50981K(51200K)->50981K(51200K) Class: 5630K(5696K)->5630K(5696K)
[191.545s][info][gc             ] GC(345) Pause Young (Allocation Failure) 425M->285M(540M) 4.940ms
[191.545s][info][gc,cpu         ] GC(345) User=0.01s Sys=0.00s Real=0.00s
[191.934s][info][gc,start       ] GC(346) Pause Young (Allocation Failure)
[191.939s][info][gc,heap        ] GC(346) PSYoungGen: 175583K(175616K)->3455K(208896K) Eden: 172544K(172544K)->0K(205312K) From: 3039K(3072K)->3455K(3584K)
[191.939s][info][gc,heap        ] GC(346) ParOldGen: 289139K(377856K)->289155K(377856K)
[191.939s][info][gc,metaspace   ] GC(346) Metaspace: 56612K(56896K)->56612K(56896K) NonClass: 50981K(51200K)->50981K(51200K) Class: 5630K(5696K)->5630K(5696K)
[191.939s][info][gc             ] GC(346) Pause Young (Allocation Failure) 453M->285M(573M) 5.500ms
[191.939s][info][gc,cpu         ] GC(346) User=0.01s Sys=0.00s Real=0.01s
[192.413s][info][gc,start       ] GC(347) Pause Young (Allocation Failure)
[192.416s][info][gc,heap        ] GC(347) PSYoungGen: 208767K(208896K)->1567K(248320K) Eden: 205312K(205312K)->0K(244224K) From: 3455K(3584K)->1567K(4096K)
[192.416s][info][gc,heap        ] GC(347) ParOldGen: 289155K(377856K)->289171K(377856K)
[192.416s][info][gc,metaspace   ] GC(347) Metaspace: 56612K(56896K)->56612K(56896K) NonClass: 50981K(51200K)->50981K(51200K) Class: 5630K(5696K)->5630K(5696K)
[192.416s][info][gc             ] GC(347) Pause Young (Allocation Failure) 486M->283M(611M) 2.933ms
[192.416s][info][gc,cpu         ] GC(347) User=0.00s Sys=0.00s Real=0.01s
[192.942s][info][gc,start       ] GC(348) Pause Young (Allocation Failure)
[192.947s][info][gc,heap        ] GC(348) PSYoungGen: 245791K(248320K)->3231K(249344K) Eden: 244224K(244224K)->0K(244224K) From: 1567K(4096K)->3231K(5120K)
[192.947s][info][gc,heap        ] GC(348) ParOldGen: 289171K(377856K)->289187K(377856K)
[192.947s][info][gc,metaspace   ] GC(348) Metaspace: 56612K(56896K)->56612K(56896K) NonClass: 50981K(51200K)->50981K(51200K) Class: 5630K(5696K)->5630K(5696K)
[192.947s][info][gc             ] GC(348) Pause Young (Allocation Failure) 522M->285M(612M) 5.063ms
[192.947s][info][gc,cpu         ] GC(348) User=0.01s Sys=0.00s Real=0.01s
[193.568s][info][gc,start       ] GC(349) Pause Young (Allocation Failure)
[193.570s][info][gc,heap        ] GC(349) PSYoungGen: 247270K(249344K)->448K(235520K) Eden: 244039K(244224K)->0K(235008K) From: 3231K(5120K)->448K(512K)
[193.570s][info][gc,heap        ] GC(349) ParOldGen: 289187K(377856K)->289203K(377856K)
[193.570s][info][gc,metaspace   ] GC(349) Metaspace: 56612K(56896K)->56612K(56896K) NonClass: 50981K(51200K)->50981K(51200K) Class: 5630K(5696K)->5630K(5696K)
[193.570s][info][gc             ] GC(349) Pause Young (Allocation Failure) 523M->282M(599M) 2.221ms
[193.570s][info][gc,cpu         ] GC(349) User=0.00s Sys=0.01s Real=0.00s
[194.021s][info][gc,start       ] GC(350) Pause Young (Allocation Failure)
[194.025s][info][gc,heap        ] GC(350) PSYoungGen: 235456K(235520K)->2014K(231936K) Eden: 235008K(235008K)->0K(226304K) From: 448K(512K)->2014K(5632K)
[194.025s][info][gc,heap        ] GC(350) ParOldGen: 289203K(377856K)->289219K(377856K)
[194.025s][info][gc,metaspace   ] GC(350) Metaspace: 56612K(56896K)->56612K(56896K) NonClass: 50981K(51200K)->50981K(51200K) Class: 5630K(5696K)->5630K(5696K)
[194.025s][info][gc             ] GC(350) Pause Young (Allocation Failure) 512M->284M(595M) 4.093ms
[194.025s][info][gc,cpu         ] GC(350) User=0.00s Sys=0.00s Real=0.00s
[194.525s][info][gc,start       ] GC(351) Pause Young (Allocation Failure)
[194.530s][info][gc,heap        ] GC(351) PSYoungGen: 228318K(231936K)->3054K(221184K) Eden: 226304K(226304K)->0K(218112K) From: 2014K(5632K)->3054K(3072K)
[194.530s][info][gc,heap        ] GC(351) ParOldGen: 289219K(377856K)->289235K(377856K)
[194.530s][info][gc,metaspace   ] GC(351) Metaspace: 56612K(56896K)->56612K(56896K) NonClass: 50981K(51200K)->50981K(51200K) Class: 5630K(5696K)->5630K(5696K)
[194.530s][info][gc             ] GC(351) Pause Young (Allocation Failure) 505M->285M(585M) 5.679ms
[194.530s][info][gc,cpu         ] GC(351) User=0.01s Sys=0.01s Real=0.01s
[195.016s][info][gc,start       ] GC(352) Pause Young (Allocation Failure)
[195.019s][info][gc,heap        ] GC(352) PSYoungGen: 221166K(221184K)->1822K(211968K) Eden: 218112K(218112K)->0K(209920K) From: 3054K(3072K)->1822K(2048K)
[195.019s][info][gc,heap        ] GC(352) ParOldGen: 289235K(377856K)->289251K(377856K)
[195.019s][info][gc,metaspace   ] GC(352) Metaspace: 56612K(56896K)->56612K(56896K) NonClass: 50981K(51200K)->50981K(51200K) Class: 5630K(5696K)->5630K(5696K)
[195.019s][info][gc             ] GC(352) Pause Young (Allocation Failure) 498M->284M(576M) 3.552ms
[195.019s][info][gc,cpu         ] GC(352) User=0.01s Sys=0.00s Real=0.00s
[195.506s][info][gc,start       ] GC(353) Pause Young (Allocation Failure)
[195.508s][info][gc,heap        ] GC(353) PSYoungGen: 211742K(211968K)->369K(202752K) Eden: 209920K(209920K)->0K(202240K) From: 1822K(2048K)->369K(512K)
[195.508s][info][gc,heap        ] GC(353) ParOldGen: 289251K(377856K)->289267K(377856K)
[195.508s][info][gc,metaspace   ] GC(353) Metaspace: 56612K(56896K)->56612K(56896K) NonClass: 50981K(51200K)->50981K(51200K) Class: 5630K(5696K)->5630K(5696K)
[195.508s][info][gc             ] GC(353) Pause Young (Allocation Failure) 489M->282M(567M) 2.122ms
[195.508s][info][gc,cpu         ] GC(353) User=0.01s Sys=0.00s Real=0.00s
[195.972s][info][gc,start       ] GC(354) Pause Young (Allocation Failure)
[195.994s][info][gc,heap        ] GC(354) PSYoungGen: 202494K(202752K)->4000K(245248K) Eden: 202124K(202240K)->0K(241152K) From: 369K(512K)->4000K(4096K)
[195.994s][info][gc,heap        ] GC(354) ParOldGen: 289267K(377856K)->289283K(377856K)
[195.994s][info][gc,metaspace   ] GC(354) Metaspace: 56612K(56896K)->56612K(56896K) NonClass: 50981K(51200K)->50981K(51200K) Class: 5630K(5696K)->5630K(5696K)
[195.994s][info][gc             ] GC(354) Pause Young (Allocation Failure) 480M->286M(608M) 21.577ms
[195.994s][info][gc,cpu         ] GC(354) User=0.02s Sys=0.00s Real=0.02s
[196.455s][info][gc,start       ] GC(355) Pause Young (Allocation Failure)
[196.458s][info][gc,heap        ] GC(355) PSYoungGen: 245152K(245248K)->831K(281088K) Eden: 241152K(241152K)->0K(275456K) From: 4000K(4096K)->831K(5632K)
[196.458s][info][gc,heap        ] GC(355) ParOldGen: 289283K(377856K)->289299K(377856K)
[196.458s][info][gc,metaspace   ] GC(355) Metaspace: 56612K(56896K)->56612K(56896K) NonClass: 50981K(51200K)->50981K(51200K) Class: 5630K(5696K)->5630K(5696K)
[196.458s][info][gc             ] GC(355) Pause Young (Allocation Failure) 521M->283M(643M) 3.105ms
[196.458s][info][gc,cpu         ] GC(355) User=0.00s Sys=0.00s Real=0.01s
[197.142s][info][gc,start       ] GC(356) Pause Young (Allocation Failure)
[197.145s][info][gc,heap        ] GC(356) PSYoungGen: 276287K(281088K)->1419K(281088K) Eden: 275456K(275456K)->0K(275456K) From: 831K(5632K)->1419K(5632K)
[197.145s][info][gc,heap        ] GC(356) ParOldGen: 289299K(377856K)->289315K(377856K)
[197.145s][info][gc,metaspace   ] GC(356) Metaspace: 56612K(56896K)->56612K(56896K) NonClass: 50981K(51200K)->50981K(51200K) Class: 5630K(5696K)->5630K(5696K)
[197.145s][info][gc             ] GC(356) Pause Young (Allocation Failure) 552M->283M(643M) 2.995ms
[197.145s][info][gc,cpu         ] GC(356) User=0.01s Sys=0.00s Real=0.00s
[197.718s][info][gc,start       ] GC(357) Pause Young (Allocation Failure)
[197.748s][info][gc,heap        ] GC(357) PSYoungGen: 276875K(281088K)->3085K(327680K) Eden: 275456K(275456K)->0K(322560K) From: 1419K(5632K)->3085K(5120K)
[197.748s][info][gc,heap        ] GC(357) ParOldGen: 289315K(377856K)->289331K(377856K)
[197.748s][info][gc,metaspace   ] GC(357) Metaspace: 56612K(56896K)->56612K(56896K) NonClass: 50981K(51200K)->50981K(51200K) Class: 5630K(5696K)->5630K(5696K)
[197.748s][info][gc             ] GC(357) Pause Young (Allocation Failure) 552M->285M(689M) 29.618ms
[197.748s][info][gc,cpu         ] GC(357) User=0.02s Sys=0.00s Real=0.03s
[198.443s][info][gc,start       ] GC(358) Pause Young (Allocation Failure)
[198.450s][info][gc,heap        ] GC(358) PSYoungGen: 325645K(327680K)->3646K(327680K) Eden: 322560K(322560K)->0K(322560K) From: 3085K(5120K)->3646K(5120K)
[198.450s][info][gc,heap        ] GC(358) ParOldGen: 289331K(377856K)->289347K(377856K)
[198.450s][info][gc,metaspace   ] GC(358) Metaspace: 56612K(56896K)->56612K(56896K) NonClass: 50981K(51200K)->50981K(51200K) Class: 5630K(5696K)->5630K(5696K)
[198.450s][info][gc             ] GC(358) Pause Young (Allocation Failure) 600M->286M(689M) 6.852ms
[198.450s][info][gc,cpu         ] GC(358) User=0.01s Sys=0.00s Real=0.01s
[199.242s][info][gc,start       ] GC(359) Pause Young (Allocation Failure)
[199.245s][info][gc,heap        ] GC(359) PSYoungGen: 326060K(327680K)->1568K(328192K) Eden: 322414K(322560K)->0K(322560K) From: 3646K(5120K)->1568K(5632K)
[199.245s][info][gc,heap        ] GC(359) ParOldGen: 289347K(377856K)->289363K(377856K)
[199.245s][info][gc,metaspace   ] GC(359) Metaspace: 56612K(56896K)->56612K(56896K) NonClass: 50981K(51200K)->50981K(51200K) Class: 5630K(5696K)->5630K(5696K)
[199.245s][info][gc             ] GC(359) Pause Young (Allocation Failure) 600M->284M(689M) 3.418ms
[199.246s][info][gc,cpu         ] GC(359) User=0.00s Sys=0.00s Real=0.01s
[200.014s][info][gc,start       ] GC(360) Pause Young (Allocation Failure)
[200.017s][info][gc,heap        ] GC(360) PSYoungGen: 324128K(328192K)->1567K(324608K) Eden: 322560K(322560K)->0K(322560K) From: 1568K(5632K)->1567K(2048K)
[200.017s][info][gc,heap        ] GC(360) ParOldGen: 289363K(377856K)->289379K(377856K)
[200.017s][info][gc,metaspace   ] GC(360) Metaspace: 56612K(56896K)->56612K(56896K) NonClass: 50981K(51200K)->50981K(51200K) Class: 5630K(5696K)->5630K(5696K)
[200.017s][info][gc             ] GC(360) Pause Young (Allocation Failure) 599M->284M(686M) 3.164ms
[200.017s][info][gc,cpu         ] GC(360) User=0.00s Sys=0.00s Real=0.01s
[200.727s][info][gc,start       ] GC(361) Pause Young (Allocation Failure)
[200.731s][info][gc,heap        ] GC(361) PSYoungGen: 324127K(324608K)->2463K(327680K) Eden: 322560K(322560K)->0K(322560K) From: 1567K(2048K)->2463K(5120K)
[200.731s][info][gc,heap        ] GC(361) ParOldGen: 289379K(377856K)->289395K(377856K)
[200.731s][info][gc,metaspace   ] GC(361) Metaspace: 56612K(56896K)->56612K(56896K) NonClass: 50981K(51200K)->50981K(51200K) Class: 5630K(5696K)->5630K(5696K)
[200.731s][info][gc             ] GC(361) Pause Young (Allocation Failure) 599M->285M(689M) 4.053ms
[200.732s][info][gc,cpu         ] GC(361) User=0.01s Sys=0.00s Real=0.00s
[201.446s][info][gc,start       ] GC(362) Pause Young (Allocation Failure)
[201.450s][info][gc,heap        ] GC(362) PSYoungGen: 324871K(327680K)->1600K(311808K) Eden: 322407K(322560K)->0K(309760K) From: 2463K(5120K)->1600K(2048K)
[201.450s][info][gc,heap        ] GC(362) ParOldGen: 289395K(377856K)->289411K(377856K)
[201.450s][info][gc,metaspace   ] GC(362) Metaspace: 56612K(56896K)->56612K(56896K) NonClass: 50981K(51200K)->50981K(51200K) Class: 5630K(5696K)->5630K(5696K)
[201.450s][info][gc             ] GC(362) Pause Young (Allocation Failure) 599M->284M(673M) 3.816ms
[201.450s][info][gc,cpu         ] GC(362) User=0.01s Sys=0.00s Real=0.00s
[202.143s][info][gc,start       ] GC(363) Pause Young (Allocation Failure)
[202.146s][info][gc,heap        ] GC(363) PSYoungGen: 311194K(311808K)->1568K(299520K) Eden: 309594K(309760K)->0K(297472K) From: 1600K(2048K)->1568K(2048K)
[202.146s][info][gc,heap        ] GC(363) ParOldGen: 289411K(377856K)->289427K(377856K)
[202.146s][info][gc,metaspace   ] GC(363) Metaspace: 56612K(56896K)->56612K(56896K) NonClass: 50981K(51200K)->50981K(51200K) Class: 5630K(5696K)->5630K(5696K)
[202.146s][info][gc             ] GC(363) Pause Young (Allocation Failure) 586M->284M(661M) 3.499ms
[202.146s][info][gc,cpu         ] GC(363) User=0.01s Sys=0.00s Real=0.01s
[202.830s][info][gc,start       ] GC(364) Pause Young (Allocation Failure)
[202.835s][info][gc,heap        ] GC(364) PSYoungGen: 298777K(299520K)->2272K(288256K) Eden: 297209K(297472K)->0K(285696K) From: 1568K(2048K)->2272K(2560K)
[202.835s][info][gc,heap        ] GC(364) ParOldGen: 289427K(377856K)->289443K(377856K)
[202.835s][info][gc,metaspace   ] GC(364) Metaspace: 56612K(56896K)->56612K(56896K) NonClass: 50981K(51200K)->50981K(51200K) Class: 5630K(5696K)->5630K(5696K)
[202.835s][info][gc             ] GC(364) Pause Young (Allocation Failure) 574M->284M(650M) 4.370ms
[202.835s][info][gc,cpu         ] GC(364) User=0.01s Sys=0.01s Real=0.00s
[203.545s][info][gc,start       ] GC(365) Pause Young (Allocation Failure)
[203.548s][info][gc,heap        ] GC(365) PSYoungGen: 287968K(288256K)->767K(275456K) Eden: 285696K(285696K)->0K(274432K) From: 2272K(2560K)->767K(1024K)
[203.548s][info][gc,heap        ] GC(365) ParOldGen: 289443K(377856K)->289459K(377856K)
[203.548s][info][gc,metaspace   ] GC(365) Metaspace: 56612K(56896K)->56612K(56896K) NonClass: 50981K(51200K)->50981K(51200K) Class: 5630K(5696K)->5630K(5696K)
[203.548s][info][gc             ] GC(365) Pause Young (Allocation Failure) 563M->283M(638M) 2.363ms
[203.548s][info][gc,cpu         ] GC(365) User=0.01s Sys=0.00s Real=0.00s
[204.118s][info][gc,start       ] GC(366) Pause Young (Allocation Failure)
[204.121s][info][gc,heap        ] GC(366) PSYoungGen: 275199K(275456K)->1568K(265728K) Eden: 274432K(274432K)->0K(263680K) From: 767K(1024K)->1568K(2048K)
[204.121s][info][gc,heap        ] GC(366) ParOldGen: 289459K(377856K)->289475K(377856K)
[204.121s][info][gc,metaspace   ] GC(366) Metaspace: 56612K(56896K)->56612K(56896K) NonClass: 50981K(51200K)->50981K(51200K) Class: 5630K(5696K)->5630K(5696K)
[204.121s][info][gc             ] GC(366) Pause Young (Allocation Failure) 551M->284M(628M) 3.484ms
[204.121s][info][gc,cpu         ] GC(366) User=0.01s Sys=0.00s Real=0.00s
[204.715s][info][gc,start       ] GC(367) Pause Young (Allocation Failure)
[204.718s][info][gc,heap        ] GC(367) PSYoungGen: 265248K(265728K)->1503K(254976K) Eden: 263680K(263680K)->0K(253440K) From: 1568K(2048K)->1503K(1536K)
[204.718s][info][gc,heap        ] GC(367) ParOldGen: 289475K(377856K)->289491K(377856K)
[204.718s][info][gc,metaspace   ] GC(367) Metaspace: 56612K(56896K)->56612K(56896K) NonClass: 50981K(51200K)->50981K(51200K) Class: 5630K(5696K)->5630K(5696K)
[204.718s][info][gc             ] GC(367) Pause Young (Allocation Failure) 541M->284M(618M) 3.225ms
[204.718s][info][gc,cpu         ] GC(367) User=0.00s Sys=0.00s Real=0.01s
[205.250s][info][gc,start       ] GC(368) Pause Young (Allocation Failure)
[205.253s][info][gc,heap        ] GC(368) PSYoungGen: 254943K(254976K)->1375K(245248K) Eden: 253440K(253440K)->0K(243712K) From: 1503K(1536K)->1375K(1536K)
[205.253s][info][gc,heap        ] GC(368) ParOldGen: 289491K(377856K)->289507K(377856K)
[205.253s][info][gc,metaspace   ] GC(368) Metaspace: 56614K(56896K)->56614K(56896K) NonClass: 50983K(51200K)->50983K(51200K) Class: 5630K(5696K)->5630K(5696K)
[205.253s][info][gc             ] GC(368) Pause Young (Allocation Failure) 531M->284M(608M) 2.867ms
[205.253s][info][gc,cpu         ] GC(368) User=0.00s Sys=0.00s Real=0.00s
[205.820s][info][gc,start       ] GC(369) Pause Young (Allocation Failure)
[205.824s][info][gc,heap        ] GC(369) PSYoungGen: 245087K(245248K)->1984K(236544K) Eden: 243712K(243712K)->0K(234496K) From: 1375K(1536K)->1984K(2048K)
[205.824s][info][gc,heap        ] GC(369) ParOldGen: 289507K(377856K)->289523K(377856K)
[205.824s][info][gc,metaspace   ] GC(369) Metaspace: 56614K(56896K)->56614K(56896K) NonClass: 50983K(51200K)->50983K(51200K) Class: 5630K(5696K)->5630K(5696K)
[205.824s][info][gc             ] GC(369) Pause Young (Allocation Failure) 522M->284M(600M) 4.184ms
[205.824s][info][gc,cpu         ] GC(369) User=0.01s Sys=0.00s Real=0.00s
[206.339s][info][gc,start       ] GC(370) Pause Young (Allocation Failure)
[206.344s][info][gc,heap        ] GC(370) PSYoungGen: 236448K(236544K)->2560K(228352K) Eden: 234464K(234496K)->0K(225792K) From: 1984K(2048K)->2560K(2560K)
[206.344s][info][gc,heap        ] GC(370) ParOldGen: 289523K(377856K)->289539K(377856K)
[206.344s][info][gc,metaspace   ] GC(370) Metaspace: 56614K(56896K)->56614K(56896K) NonClass: 50983K(51200K)->50983K(51200K) Class: 5630K(5696K)->5630K(5696K)
[206.344s][info][gc             ] GC(370) Pause Young (Allocation Failure) 513M->285M(592M) 4.857ms
[206.344s][info][gc,cpu         ] GC(370) User=0.01s Sys=0.00s Real=0.00s
[206.840s][info][gc,start       ] GC(371) Pause Young (Allocation Failure)
[206.843s][info][gc,heap        ] GC(371) PSYoungGen: 228352K(228352K)->1792K(219648K) Eden: 225792K(225792K)->0K(217600K) From: 2560K(2560K)->1792K(2048K)
[206.843s][info][gc,heap        ] GC(371) ParOldGen: 289539K(377856K)->289555K(377856K)
[206.843s][info][gc,metaspace   ] GC(371) Metaspace: 56614K(56896K)->56614K(56896K) NonClass: 50983K(51200K)->50983K(51200K) Class: 5630K(5696K)->5630K(5696K)
[206.843s][info][gc             ] GC(371) Pause Young (Allocation Failure) 505M->284M(583M) 3.641ms
[206.843s][info][gc,cpu         ] GC(371) User=0.01s Sys=0.00s Real=0.00s
[207.391s][info][gc,start       ] GC(372) Pause Young (Allocation Failure)
[207.395s][info][gc,heap        ] GC(372) PSYoungGen: 219392K(219648K)->2112K(211968K) Eden: 217600K(217600K)->0K(209408K) From: 1792K(2048K)->2112K(2560K)
[207.395s][info][gc,heap        ] GC(372) ParOldGen: 289555K(377856K)->289571K(377856K)
[207.395s][info][gc,metaspace   ] GC(372) Metaspace: 56614K(56896K)->56614K(56896K) NonClass: 50983K(51200K)->50983K(51200K) Class: 5630K(5696K)->5630K(5696K)
[207.395s][info][gc             ] GC(372) Pause Young (Allocation Failure) 497M->284M(576M) 4.059ms
[207.395s][info][gc,cpu         ] GC(372) User=0.01s Sys=0.00s Real=0.01s
[207.821s][info][gc,start       ] GC(373) Pause Young (Allocation Failure)
[207.824s][info][gc,heap        ] GC(373) PSYoungGen: 211520K(211968K)->1760K(203776K) Eden: 209408K(209408K)->0K(201728K) From: 2112K(2560K)->1760K(2048K)
[207.824s][info][gc,heap        ] GC(373) ParOldGen: 289571K(377856K)->289587K(377856K)
[207.824s][info][gc,metaspace   ] GC(373) Metaspace: 56614K(56896K)->56614K(56896K) NonClass: 50983K(51200K)->50983K(51200K) Class: 5630K(5696K)->5630K(5696K)
[207.824s][info][gc             ] GC(373) Pause Young (Allocation Failure) 489M->284M(568M) 3.689ms
[207.825s][info][gc,cpu         ] GC(373) User=0.00s Sys=0.00s Real=0.00s
[208.241s][info][gc,start       ] GC(374) Pause Young (Allocation Failure)
[208.244s][info][gc,heap        ] GC(374) PSYoungGen: 203443K(203776K)->1088K(196096K) Eden: 201683K(201728K)->0K(194560K) From: 1760K(2048K)->1088K(1536K)
[208.244s][info][gc,heap        ] GC(374) ParOldGen: 289587K(377856K)->289603K(377856K)
[208.244s][info][gc,metaspace   ] GC(374) Metaspace: 56614K(56896K)->56614K(56896K) NonClass: 50983K(51200K)->50983K(51200K) Class: 5630K(5696K)->5630K(5696K)
[208.244s][info][gc             ] GC(374) Pause Young (Allocation Failure) 481M->283M(560M) 2.877ms
[208.244s][info][gc,cpu         ] GC(374) User=0.00s Sys=0.00s Real=0.00s
[208.721s][info][gc,start       ] GC(375) Pause Young (Allocation Failure)
[208.724s][info][gc,heap        ] GC(375) PSYoungGen: 195648K(196096K)->1056K(188928K) Eden: 194560K(194560K)->0K(187392K) From: 1088K(1536K)->1056K(1536K)
[208.724s][info][gc,heap        ] GC(375) ParOldGen: 289603K(377856K)->289619K(377856K)
[208.724s][info][gc,metaspace   ] GC(375) Metaspace: 56614K(56896K)->56614K(56896K) NonClass: 50983K(51200K)->50983K(51200K) Class: 5630K(5696K)->5630K(5696K)
[208.724s][info][gc             ] GC(375) Pause Young (Allocation Failure) 473M->283M(553M) 2.789ms
[208.724s][info][gc,cpu         ] GC(375) User=0.01s Sys=0.00s Real=0.00s
[209.126s][info][gc,start       ] GC(376) Pause Young (Allocation Failure)
[209.129s][info][gc,heap        ] GC(376) PSYoungGen: 188408K(188928K)->1440K(182272K) Eden: 187352K(187392K)->0K(180736K) From: 1056K(1536K)->1440K(1536K)
[209.129s][info][gc,heap        ] GC(376) ParOldGen: 289619K(377856K)->289635K(377856K)
[209.129s][info][gc,metaspace   ] GC(376) Metaspace: 56614K(56896K)->56614K(56896K) NonClass: 50983K(51200K)->50983K(51200K) Class: 5630K(5696K)->5630K(5696K)
[209.129s][info][gc             ] GC(376) Pause Young (Allocation Failure) 466M->284M(547M) 3.235ms
[209.129s][info][gc,cpu         ] GC(376) User=0.00s Sys=0.00s Real=0.00s
[209.530s][info][gc,start       ] GC(377) Pause Young (Allocation Failure)
[209.535s][info][gc,heap        ] GC(377) PSYoungGen: 182176K(182272K)->3199K(178176K) Eden: 180736K(180736K)->0K(174592K) From: 1440K(1536K)->3199K(3584K)
[209.535s][info][gc,heap        ] GC(377) ParOldGen: 289635K(377856K)->289651K(377856K)
[209.535s][info][gc,metaspace   ] GC(377) Metaspace: 56614K(56896K)->56614K(56896K) NonClass: 50983K(51200K)->50983K(51200K) Class: 5630K(5696K)->5630K(5696K)
[209.535s][info][gc             ] GC(377) Pause Young (Allocation Failure) 460M->285M(543M) 5.035ms
[209.535s][info][gc,cpu         ] GC(377) User=0.01s Sys=0.00s Real=0.00s
[209.932s][info][gc,start       ] GC(378) Pause Young (Allocation Failure)
[209.937s][info][gc,heap        ] GC(378) PSYoungGen: 177791K(178176K)->2943K(171520K) Eden: 174592K(174592K)->0K(168448K) From: 3199K(3584K)->2943K(3072K)
[209.937s][info][gc,heap        ] GC(378) ParOldGen: 289651K(377856K)->289667K(377856K)
[209.937s][info][gc,metaspace   ] GC(378) Metaspace: 56614K(56896K)->56614K(56896K) NonClass: 50983K(51200K)->50983K(51200K) Class: 5630K(5696K)->5630K(5696K)
[209.937s][info][gc             ] GC(378) Pause Young (Allocation Failure) 456M->285M(536M) 4.939ms
[209.937s][info][gc,cpu         ] GC(378) User=0.00s Sys=0.00s Real=0.01s
[210.315s][info][gc,start       ] GC(379) Pause Young (Allocation Failure)
[210.319s][info][gc,heap        ] GC(379) PSYoungGen: 171391K(171520K)->1920K(164864K) Eden: 168448K(168448K)->0K(162816K) From: 2943K(3072K)->1920K(2048K)
[210.319s][info][gc,heap        ] GC(379) ParOldGen: 289667K(377856K)->290002K(377856K)
[210.319s][info][gc,metaspace   ] GC(379) Metaspace: 56614K(56896K)->56614K(56896K) NonClass: 50983K(51200K)->50983K(51200K) Class: 5630K(5696K)->5630K(5696K)
[210.319s][info][gc             ] GC(379) Pause Young (Allocation Failure) 450M->285M(530M) 3.736ms
[210.319s][info][gc,cpu         ] GC(379) User=0.01s Sys=0.00s Real=0.01s
[210.764s][info][gc,start       ] GC(380) Pause Young (Allocation Failure)
[210.766s][info][gc,heap        ] GC(380) PSYoungGen: 164727K(164864K)->512K(157696K) Eden: 162807K(162816K)->0K(157184K) From: 1920K(2048K)->512K(512K)
[210.766s][info][gc,heap        ] GC(380) ParOldGen: 290002K(377856K)->290018K(377856K)
[210.766s][info][gc,metaspace   ] GC(380) Metaspace: 56614K(56896K)->56614K(56896K) NonClass: 50983K(51200K)->50983K(51200K) Class: 5630K(5696K)->5630K(5696K)
[210.766s][info][gc             ] GC(380) Pause Young (Allocation Failure) 444M->283M(523M) 2.229ms
[210.766s][info][gc,cpu         ] GC(380) User=0.01s Sys=0.00s Real=0.01s
[211.031s][info][gc,start       ] GC(381) Pause Young (Allocation Failure)
[211.036s][info][gc,heap        ] GC(381) PSYoungGen: 157696K(157696K)->2943K(189952K) Eden: 157184K(157184K)->0K(186880K) From: 512K(512K)->2943K(3072K)
[211.036s][info][gc,heap        ] GC(381) ParOldGen: 290018K(377856K)->290034K(377856K)
[211.036s][info][gc,metaspace   ] GC(381) Metaspace: 56614K(56896K)->56614K(56896K) NonClass: 50983K(51200K)->50983K(51200K) Class: 5630K(5696K)->5630K(5696K)
[211.036s][info][gc             ] GC(381) Pause Young (Allocation Failure) 437M->286M(554M) 5.114ms
[211.036s][info][gc,cpu         ] GC(381) User=0.01s Sys=0.00s Real=0.01s
[211.443s][info][gc,start       ] GC(382) Pause Young (Allocation Failure)
[211.447s][info][gc,heap        ] GC(382) PSYoungGen: 189823K(189952K)->2495K(224768K) Eden: 186880K(186880K)->0K(222208K) From: 2943K(3072K)->2495K(2560K)
[211.447s][info][gc,heap        ] GC(382) ParOldGen: 290034K(377856K)->290050K(377856K)
[211.447s][info][gc,metaspace   ] GC(382) Metaspace: 56614K(56896K)->56614K(56896K) NonClass: 50983K(51200K)->50983K(51200K) Class: 5630K(5696K)->5630K(5696K)
[211.447s][info][gc             ] GC(382) Pause Young (Allocation Failure) 468M->285M(588M) 4.287ms
[211.447s][info][gc,cpu         ] GC(382) User=0.01s Sys=0.00s Real=0.01s
[211.944s][info][gc,start       ] GC(383) Pause Young (Allocation Failure)
[211.947s][info][gc,heap        ] GC(383) PSYoungGen: 224703K(224768K)->1184K(215552K) Eden: 222208K(222208K)->0K(214016K) From: 2495K(2560K)->1184K(1536K)
[211.947s][info][gc,heap        ] GC(383) ParOldGen: 290050K(377856K)->290066K(377856K)
[211.947s][info][gc,metaspace   ] GC(383) Metaspace: 56614K(56896K)->56614K(56896K) NonClass: 50983K(51200K)->50983K(51200K) Class: 5630K(5696K)->5630K(5696K)
[211.947s][info][gc             ] GC(383) Pause Young (Allocation Failure) 502M->284M(579M) 2.935ms
[211.947s][info][gc,cpu         ] GC(383) User=0.00s Sys=0.00s Real=0.01s
[212.439s][info][gc,start       ] GC(384) Pause Young (Allocation Failure)
[212.443s][info][gc,heap        ] GC(384) PSYoungGen: 214973K(215552K)->2080K(208896K) Eden: 213789K(214016K)->0K(206336K) From: 1184K(1536K)->2080K(2560K)
[212.443s][info][gc,heap        ] GC(384) ParOldGen: 290066K(377856K)->290082K(377856K)
[212.443s][info][gc,metaspace   ] GC(384) Metaspace: 56614K(56896K)->56614K(56896K) NonClass: 50983K(51200K)->50983K(51200K) Class: 5630K(5696K)->5630K(5696K)
[212.443s][info][gc             ] GC(384) Pause Young (Allocation Failure) 493M->285M(573M) 3.935ms
[212.443s][info][gc,cpu         ] GC(384) User=0.00s Sys=0.00s Real=0.00s
[212.923s][info][gc,start       ] GC(385) Pause Young (Allocation Failure)
[212.927s][info][gc,heap        ] GC(385) PSYoungGen: 208416K(208896K)->2687K(201728K) Eden: 206336K(206336K)->0K(198656K) From: 2080K(2560K)->2687K(3072K)
[212.927s][info][gc,heap        ] GC(385) ParOldGen: 290082K(377856K)->290098K(377856K)
[212.927s][info][gc,metaspace   ] GC(385) Metaspace: 56614K(56896K)->56614K(56896K) NonClass: 50983K(51200K)->50983K(51200K) Class: 5630K(5696K)->5630K(5696K)
[212.927s][info][gc             ] GC(385) Pause Young (Allocation Failure) 486M->285M(566M) 4.233ms
[212.927s][info][gc,cpu         ] GC(385) User=0.01s Sys=0.00s Real=0.01s
[213.406s][info][gc,start       ] GC(386) Pause Young (Allocation Failure)
[213.407s][info][gc,heap        ] GC(386) PSYoungGen: 201343K(201728K)->320K(192000K) Eden: 198656K(198656K)->0K(191488K) From: 2687K(3072K)->320K(512K)
[213.407s][info][gc,heap        ] GC(386) ParOldGen: 290098K(377856K)->290114K(377856K)
[213.407s][info][gc,metaspace   ] GC(386) Metaspace: 56615K(56960K)->56615K(56960K) NonClass: 50984K(51264K)->50984K(51264K) Class: 5630K(5696K)->5630K(5696K)
[213.407s][info][gc             ] GC(386) Pause Young (Allocation Failure) 479M->283M(556M) 1.947ms
[213.408s][info][gc,cpu         ] GC(386) User=0.00s Sys=0.01s Real=0.00s
[213.876s][info][gc,start       ] GC(387) Pause Young (Allocation Failure)
[213.880s][info][gc,heap        ] GC(387) PSYoungGen: 191808K(192000K)->2207K(187392K) Eden: 191488K(191488K)->0K(184832K) From: 320K(512K)->2207K(2560K)
[213.880s][info][gc,heap        ] GC(387) ParOldGen: 290114K(377856K)->290130K(377856K)
[213.880s][info][gc,metaspace   ] GC(387) Metaspace: 56615K(56960K)->56615K(56960K) NonClass: 50984K(51264K)->50984K(51264K) Class: 5630K(5696K)->5630K(5696K)
[213.880s][info][gc             ] GC(387) Pause Young (Allocation Failure) 470M->285M(552M) 3.736ms
[213.880s][info][gc,cpu         ] GC(387) User=0.01s Sys=0.00s Real=0.00s
[214.228s][info][gc,start       ] GC(388) Pause Young (Allocation Failure)
[214.233s][info][gc,heap        ] GC(388) PSYoungGen: 187039K(187392K)->2879K(181248K) Eden: 184832K(184832K)->0K(178176K) From: 2207K(2560K)->2879K(3072K)
[214.233s][info][gc,heap        ] GC(388) ParOldGen: 290130K(377856K)->290146K(377856K)
[214.233s][info][gc,metaspace   ] GC(388) Metaspace: 56615K(56960K)->56615K(56960K) NonClass: 50984K(51264K)->50984K(51264K) Class: 5630K(5696K)->5630K(5696K)
[214.233s][info][gc             ] GC(388) Pause Young (Allocation Failure) 465M->286M(546M) 4.518ms
[214.233s][info][gc,cpu         ] GC(388) User=0.00s Sys=0.00s Real=0.00s
[214.632s][info][gc,start       ] GC(389) Pause Young (Allocation Failure)
[214.637s][info][gc,heap        ] GC(389) PSYoungGen: 181055K(181248K)->2911K(175104K) Eden: 178176K(178176K)->0K(172032K) From: 2879K(3072K)->2911K(3072K)
[214.637s][info][gc,heap        ] GC(389) ParOldGen: 290146K(377856K)->290162K(377856K)
[214.637s][info][gc,metaspace   ] GC(389) Metaspace: 56615K(56960K)->56615K(56960K) NonClass: 50984K(51264K)->50984K(51264K) Class: 5630K(5696K)->5630K(5696K)
[214.637s][info][gc             ] GC(389) Pause Young (Allocation Failure) 460M->286M(540M) 4.567ms
[214.637s][info][gc,cpu         ] GC(389) User=0.01s Sys=0.00s Real=0.01s
[215.031s][info][gc,start       ] GC(390) Pause Young (Allocation Failure)
[215.035s][info][gc,heap        ] GC(390) PSYoungGen: 174943K(175104K)->3103K(208384K) Eden: 172032K(172032K)->0K(204800K) From: 2911K(3072K)->3103K(3584K)
[215.036s][info][gc,heap        ] GC(390) ParOldGen: 290162K(377856K)->290178K(377856K)
[215.036s][info][gc,metaspace   ] GC(390) Metaspace: 56615K(56960K)->56615K(56960K) NonClass: 50984K(51264K)->50984K(51264K) Class: 5630K(5696K)->5630K(5696K)
[215.036s][info][gc             ] GC(390) Pause Young (Allocation Failure) 454M->286M(572M) 5.013ms
[215.036s][info][gc,cpu         ] GC(390) User=0.01s Sys=0.00s Real=0.01s
[215.516s][info][gc,start       ] GC(391) Pause Young (Allocation Failure)
[215.519s][info][gc,heap        ] GC(391) PSYoungGen: 207903K(208384K)->1632K(199680K) Eden: 204800K(204800K)->0K(197632K) From: 3103K(3584K)->1632K(2048K)
[215.519s][info][gc,heap        ] GC(391) ParOldGen: 290178K(377856K)->290194K(377856K)
[215.519s][info][gc,metaspace   ] GC(391) Metaspace: 56615K(56960K)->56615K(56960K) NonClass: 50984K(51264K)->50984K(51264K) Class: 5630K(5696K)->5630K(5696K)
[215.519s][info][gc             ] GC(391) Pause Young (Allocation Failure) 486M->284M(564M) 3.426ms
[215.519s][info][gc,cpu         ] GC(391) User=0.00s Sys=0.00s Real=0.00s
[216.001s][info][gc,start       ] GC(392) Pause Young (Allocation Failure)
[216.004s][info][gc,heap        ] GC(392) PSYoungGen: 199264K(199680K)->1567K(192512K) Eden: 197632K(197632K)->0K(190464K) From: 1632K(2048K)->1567K(2048K)
[216.004s][info][gc,heap        ] GC(392) ParOldGen: 290194K(377856K)->290210K(377856K)
[216.004s][info][gc,metaspace   ] GC(392) Metaspace: 56615K(56960K)->56615K(56960K) NonClass: 50984K(51264K)->50984K(51264K) Class: 5630K(5696K)->5630K(5696K)
[216.004s][info][gc             ] GC(392) Pause Young (Allocation Failure) 477M->284M(557M) 3.131ms
[216.004s][info][gc,cpu         ] GC(392) User=0.00s Sys=0.00s Real=0.00s
[216.406s][info][gc,start       ] GC(393) Pause Young (Allocation Failure)
[216.408s][info][gc,heap        ] GC(393) PSYoungGen: 192031K(192512K)->384K(184320K) Eden: 190464K(190464K)->0K(183808K) From: 1567K(2048K)->384K(512K)
[216.408s][info][gc,heap        ] GC(393) ParOldGen: 290210K(377856K)->290226K(377856K)
[216.408s][info][gc,metaspace   ] GC(393) Metaspace: 56615K(56960K)->56615K(56960K) NonClass: 50984K(51264K)->50984K(51264K) Class: 5630K(5696K)->5630K(5696K)
[216.408s][info][gc             ] GC(393) Pause Young (Allocation Failure) 470M->283M(549M) 2.186ms
[216.408s][info][gc,cpu         ] GC(393) User=0.00s Sys=0.00s Real=0.00s
[216.816s][info][gc,start       ] GC(394) Pause Young (Allocation Failure)
[216.819s][info][gc,heap        ] GC(394) PSYoungGen: 184192K(184320K)->1759K(181760K) Eden: 183808K(183808K)->0K(177152K) From: 384K(512K)->1759K(4608K)
[216.819s][info][gc,heap        ] GC(394) ParOldGen: 290226K(377856K)->290242K(377856K)
[216.819s][info][gc,metaspace   ] GC(394) Metaspace: 56615K(56960K)->56615K(56960K) NonClass: 50984K(51264K)->50984K(51264K) Class: 5630K(5696K)->5630K(5696K)
[216.819s][info][gc             ] GC(394) Pause Young (Allocation Failure) 463M->285M(546M) 3.116ms
[216.819s][info][gc,cpu         ] GC(394) User=0.00s Sys=0.00s Real=0.00s
[217.215s][info][gc,start       ] GC(395) Pause Young (Allocation Failure)
[217.218s][info][gc,heap        ] GC(395) PSYoungGen: 178911K(181760K)->1599K(173056K) Eden: 177152K(177152K)->0K(171008K) From: 1759K(4608K)->1599K(2048K)
[217.218s][info][gc,heap        ] GC(395) ParOldGen: 290242K(377856K)->290258K(377856K)
[217.218s][info][gc,metaspace   ] GC(395) Metaspace: 56615K(56960K)->56615K(56960K) NonClass: 50984K(51264K)->50984K(51264K) Class: 5630K(5696K)->5630K(5696K)
[217.218s][info][gc             ] GC(395) Pause Young (Allocation Failure) 458M->285M(538M) 3.127ms
[217.218s][info][gc,cpu         ] GC(395) User=0.01s Sys=0.00s Real=0.01s
[217.605s][info][gc,start       ] GC(396) Pause Young (Allocation Failure)
[217.606s][info][gc,heap        ] GC(396) PSYoungGen: 172607K(173056K)->192K(165888K) Eden: 171008K(171008K)->0K(165376K) From: 1599K(2048K)->192K(512K)
[217.606s][info][gc,heap        ] GC(396) ParOldGen: 290258K(377856K)->290274K(377856K)
[217.606s][info][gc,metaspace   ] GC(396) Metaspace: 56615K(56960K)->56615K(56960K) NonClass: 50984K(51264K)->50984K(51264K) Class: 5630K(5696K)->5630K(5696K)
[217.606s][info][gc             ] GC(396) Pause Young (Allocation Failure) 452M->283M(531M) 1.854ms
[217.606s][info][gc,cpu         ] GC(396) User=0.01s Sys=0.00s Real=0.01s
[217.958s][info][gc,start       ] GC(397) Pause Young (Allocation Failure)
[217.979s][info][gc,heap        ] GC(397) PSYoungGen: 165568K(165888K)->2847K(200704K) Eden: 165376K(165376K)->0K(197632K) From: 192K(512K)->2847K(3072K)
[217.979s][info][gc,heap        ] GC(397) ParOldGen: 290274K(377856K)->290290K(377856K)
[217.979s][info][gc,metaspace   ] GC(397) Metaspace: 56615K(56960K)->56615K(56960K) NonClass: 50984K(51264K)->50984K(51264K) Class: 5630K(5696K)->5630K(5696K)
[217.979s][info][gc             ] GC(397) Pause Young (Allocation Failure) 445M->286M(565M) 21.326ms
[217.979s][info][gc,cpu         ] GC(397) User=0.02s Sys=0.00s Real=0.02s
[218.414s][info][gc,start       ] GC(398) Pause Young (Allocation Failure)
[218.417s][info][gc,heap        ] GC(398) PSYoungGen: 200479K(200704K)->1449K(237568K) Eden: 197632K(197632K)->0K(236032K) From: 2847K(3072K)->1449K(1536K)
[218.417s][info][gc,heap        ] GC(398) ParOldGen: 290290K(377856K)->290306K(377856K)
[218.417s][info][gc,metaspace   ] GC(398) Metaspace: 56615K(56960K)->56615K(56960K) NonClass: 50984K(51264K)->50984K(51264K) Class: 5630K(5696K)->5630K(5696K)
[218.417s][info][gc             ] GC(398) Pause Young (Allocation Failure) 479M->284M(601M) 3.235ms
[218.417s][info][gc,cpu         ] GC(398) User=0.01s Sys=0.00s Real=0.01s
[218.954s][info][gc,start       ] GC(399) Pause Young (Allocation Failure)
[218.960s][info][gc,heap        ] GC(399) PSYoungGen: 237481K(237568K)->4096K(264192K) Eden: 236032K(236032K)->0K(260096K) From: 1449K(1536K)->4096K(4096K)
[218.960s][info][gc,heap        ] GC(399) ParOldGen: 290306K(377856K)->290711K(377856K)
[218.960s][info][gc,metaspace   ] GC(399) Metaspace: 56615K(56960K)->56615K(56960K) NonClass: 50984K(51264K)->50984K(51264K) Class: 5630K(5696K)->5630K(5696K)
[218.960s][info][gc             ] GC(399) Pause Young (Allocation Failure) 515M->287M(627M) 6.923ms
[218.960s][info][gc,cpu         ] GC(399) User=0.01s Sys=0.00s Real=0.01s
[219.524s][info][gc,start       ] GC(400) Pause Young (Allocation Failure)
[219.531s][info][gc,heap        ] GC(400) PSYoungGen: 264192K(264192K)->2719K(265216K) Eden: 260096K(260096K)->0K(260096K) From: 4096K(4096K)->2719K(5120K)
[219.531s][info][gc,heap        ] GC(400) ParOldGen: 290711K(377856K)->294175K(377856K)
[219.531s][info][gc,metaspace   ] GC(400) Metaspace: 56615K(56960K)->56615K(56960K) NonClass: 50984K(51264K)->50984K(51264K) Class: 5630K(5696K)->5630K(5696K)
[219.531s][info][gc             ] GC(400) Pause Young (Allocation Failure) 541M->289M(628M) 7.014ms
[219.531s][info][gc,cpu         ] GC(400) User=0.01s Sys=0.00s Real=0.01s
[220.117s][info][gc,start       ] GC(401) Pause Young (Allocation Failure)
[220.122s][info][gc,heap        ] GC(401) PSYoungGen: 262815K(265216K)->1920K(313344K) Eden: 260096K(260096K)->0K(309760K) From: 2719K(5120K)->1920K(3584K)
[220.122s][info][gc,heap        ] GC(401) ParOldGen: 294175K(377856K)->294590K(377856K)
[220.122s][info][gc,metaspace   ] GC(401) Metaspace: 56615K(56960K)->56615K(56960K) NonClass: 50984K(51264K)->50984K(51264K) Class: 5630K(5696K)->5630K(5696K)
[220.122s][info][gc             ] GC(401) Pause Young (Allocation Failure) 543M->289M(675M) 4.919ms
[220.122s][info][gc,cpu         ] GC(401) User=0.01s Sys=0.00s Real=0.00s
[220.824s][info][gc,start       ] GC(402) Pause Young (Allocation Failure)
[220.826s][info][gc,heap        ] GC(402) PSYoungGen: 311680K(313344K)->1088K(314368K) Eden: 309760K(309760K)->0K(309760K) From: 1920K(3584K)->1088K(4608K)
[220.827s][info][gc,heap        ] GC(402) ParOldGen: 294590K(377856K)->294606K(377856K)
[220.827s][info][gc,metaspace   ] GC(402) Metaspace: 56615K(56960K)->56615K(56960K) NonClass: 50984K(51264K)->50984K(51264K) Class: 5630K(5696K)->5630K(5696K)
[220.827s][info][gc             ] GC(402) Pause Young (Allocation Failure) 592M->288M(676M) 3.004ms
[220.827s][info][gc,cpu         ] GC(402) User=0.01s Sys=0.00s Real=0.01s
[223.789s][info][gc,start       ] GC(403) Pause Young (Allocation Failure)
[223.814s][info][gc,heap        ] GC(403) PSYoungGen: 310848K(314368K)->4600K(261632K) Eden: 309760K(309760K)->0K(257024K) From: 1088K(4608K)->4600K(4608K)
[223.814s][info][gc,heap        ] GC(403) ParOldGen: 294606K(377856K)->383954K(384000K)
[223.814s][info][gc,metaspace   ] GC(403) Metaspace: 56834K(57088K)->56834K(57088K) NonClass: 51204K(51392K)->51204K(51392K) Class: 5630K(5696K)->5630K(5696K)
[223.814s][info][gc             ] GC(403) Pause Young (Allocation Failure) 591M->379M(630M) 25.171ms
[223.814s][info][gc,cpu         ] GC(403) User=0.04s Sys=0.01s Real=0.02s
[224.305s][info][gc,start       ] GC(404) Pause Young (Allocation Failure)
[224.318s][info][gc,heap        ] GC(404) PSYoungGen: 261624K(261632K)->13258K(295424K) Eden: 257024K(257024K)->0K(257024K) From: 4600K(4608K)->13258K(38400K)
[224.318s][info][gc,heap        ] GC(404) ParOldGen: 383954K(384000K)->388539K(388608K)
[224.318s][info][gc,metaspace   ] GC(404) Metaspace: 56834K(57088K)->56834K(57088K) NonClass: 51204K(51392K)->51204K(51392K) Class: 5630K(5696K)->5630K(5696K)
[224.318s][info][gc             ] GC(404) Pause Young (Allocation Failure) 630M->392M(668M) 13.016ms
[224.318s][info][gc,cpu         ] GC(404) User=0.02s Sys=0.00s Real=0.02s
[224.835s][info][gc,start       ] GC(405) Pause Young (Allocation Failure)
[224.849s][info][gc,heap        ] GC(405) PSYoungGen: 270282K(295424K)->2975K(291328K) Eden: 257024K(257024K)->0K(259072K) From: 13258K(38400K)->2975K(32256K)
[224.849s][info][gc,heap        ] GC(405) ParOldGen: 388539K(388608K)->401702K(401920K)
[224.849s][info][gc,metaspace   ] GC(405) Metaspace: 56834K(57088K)->56834K(57088K) NonClass: 51204K(51392K)->51204K(51392K) Class: 5630K(5696K)->5630K(5696K)
[224.849s][info][gc             ] GC(405) Pause Young (Allocation Failure) 643M->395M(677M) 13.963ms
[224.849s][info][gc,cpu         ] GC(405) User=0.02s Sys=0.01s Real=0.02s
[225.429s][info][gc,start       ] GC(406) Pause Young (Allocation Failure)
[225.433s][info][gc,heap        ] GC(406) PSYoungGen: 262047K(291328K)->2144K(294400K) Eden: 259072K(259072K)->0K(259072K) From: 2975K(32256K)->2144K(35328K)
[225.433s][info][gc,heap        ] GC(406) ParOldGen: 401702K(401920K)->401718K(401920K)
[225.433s][info][gc,metaspace   ] GC(406) Metaspace: 56834K(57088K)->56834K(57088K) NonClass: 51204K(51392K)->51204K(51392K) Class: 5630K(5696K)->5630K(5696K)
[225.433s][info][gc             ] GC(406) Pause Young (Allocation Failure) 648M->394M(680M) 4.283ms
[225.433s][info][gc,cpu         ] GC(406) User=0.01s Sys=0.00s Real=0.00s
[226.025s][info][gc,start       ] GC(407) Pause Young (Allocation Failure)
[226.029s][info][gc,heap        ] GC(407) PSYoungGen: 261216K(294400K)->2239K(295424K) Eden: 259072K(259072K)->0K(264192K) From: 2144K(35328K)->2239K(31232K)
[226.029s][info][gc,heap        ] GC(407) ParOldGen: 401718K(401920K)->401734K(401920K)
[226.029s][info][gc,metaspace   ] GC(407) Metaspace: 56834K(57088K)->56834K(57088K) NonClass: 51204K(51392K)->51204K(51392K) Class: 5630K(5696K)->5630K(5696K)
[226.029s][info][gc             ] GC(407) Pause Young (Allocation Failure) 647M->394M(681M) 4.019ms
[226.029s][info][gc,cpu         ] GC(407) User=0.01s Sys=0.00s Real=0.00s
[226.625s][info][gc,start       ] GC(408) Pause Young (Allocation Failure)
[226.629s][info][gc,heap        ] GC(408) PSYoungGen: 266431K(295424K)->2527K(297472K) Eden: 264192K(264192K)->0K(264192K) From: 2239K(31232K)->2527K(33280K)
[226.629s][info][gc,heap        ] GC(408) ParOldGen: 401734K(401920K)->401750K(401920K)
[226.629s][info][gc,metaspace   ] GC(408) Metaspace: 56834K(57088K)->56834K(57088K) NonClass: 51204K(51392K)->51204K(51392K) Class: 5630K(5696K)->5630K(5696K)
[226.629s][info][gc             ] GC(408) Pause Young (Allocation Failure) 652M->394M(683M) 4.343ms
[226.629s][info][gc,cpu         ] GC(408) User=0.01s Sys=0.00s Real=0.01s
[227.229s][info][gc,start       ] GC(409) Pause Young (Allocation Failure)
[227.233s][info][gc,heap        ] GC(409) PSYoungGen: 266719K(297472K)->2335K(297984K) Eden: 264192K(264192K)->0K(268800K) From: 2527K(33280K)->2335K(29184K)
[227.233s][info][gc,heap        ] GC(409) ParOldGen: 401750K(401920K)->401766K(401920K)
[227.233s][info][gc,metaspace   ] GC(409) Metaspace: 56834K(57088K)->56834K(57088K) NonClass: 51204K(51392K)->51204K(51392K) Class: 5630K(5696K)->5630K(5696K)
[227.233s][info][gc             ] GC(409) Pause Young (Allocation Failure) 652M->394M(683M) 4.126ms
[227.233s][info][gc,cpu         ] GC(409) User=0.01s Sys=0.00s Real=0.00s
[227.825s][info][gc,start       ] GC(410) Pause Young (Allocation Failure)
[227.830s][info][gc,heap        ] GC(410) PSYoungGen: 271123K(297984K)->3135K(299520K) Eden: 268788K(268800K)->0K(268800K) From: 2335K(29184K)->3135K(30720K)
[227.830s][info][gc,heap        ] GC(410) ParOldGen: 401766K(401920K)->401782K(401920K)
[227.830s][info][gc,metaspace   ] GC(410) Metaspace: 56834K(57088K)->56834K(57088K) NonClass: 51204K(51392K)->51204K(51392K) Class: 5630K(5696K)->5630K(5696K)
[227.830s][info][gc             ] GC(410) Pause Young (Allocation Failure) 657M->395M(685M) 5.061ms
[227.830s][info][gc,cpu         ] GC(410) User=0.01s Sys=0.00s Real=0.01s
[228.431s][info][gc,start       ] GC(411) Pause Young (Allocation Failure)
[228.437s][info][gc,heap        ] GC(411) PSYoungGen: 271935K(299520K)->3072K(269312K) Eden: 268800K(268800K)->0K(258560K) From: 3135K(30720K)->3072K(10752K)
[228.437s][info][gc,heap        ] GC(411) ParOldGen: 401782K(401920K)->401798K(401920K)
[228.437s][info][gc,metaspace   ] GC(411) Metaspace: 56836K(57088K)->56836K(57088K) NonClass: 51206K(51392K)->51206K(51392K) Class: 5630K(5696K)->5630K(5696K)
[228.437s][info][gc             ] GC(411) Pause Young (Allocation Failure) 657M->395M(655M) 5.489ms
[228.437s][info][gc,cpu         ] GC(411) User=0.01s Sys=0.00s Real=0.01s
[229.023s][info][gc,start       ] GC(412) Pause Young (Allocation Failure)
[229.028s][info][gc,heap        ] GC(412) PSYoungGen: 261632K(269312K)->2943K(251904K) Eden: 258560K(258560K)->0K(248832K) From: 3072K(10752K)->2943K(3072K)
[229.028s][info][gc,heap        ] GC(412) ParOldGen: 401798K(401920K)->401814K(401920K)
[229.028s][info][gc,metaspace   ] GC(412) Metaspace: 56836K(57088K)->56836K(57088K) NonClass: 51206K(51392K)->51206K(51392K) Class: 5630K(5696K)->5630K(5696K)
[229.028s][info][gc             ] GC(412) Pause Young (Allocation Failure) 647M->395M(638M) 5.408ms
[229.028s][info][gc,cpu         ] GC(412) User=0.01s Sys=0.00s Real=0.01s
[229.609s][info][gc,start       ] GC(413) Pause Young (Allocation Failure)
[229.613s][info][gc,heap        ] GC(413) PSYoungGen: 251775K(251904K)->1151K(250880K) Eden: 248832K(248832K)->0K(239104K) From: 2943K(3072K)->1151K(11776K)
[229.613s][info][gc,heap        ] GC(413) ParOldGen: 401814K(401920K)->401830K(401920K)
[229.613s][info][gc,metaspace   ] GC(413) Metaspace: 56836K(57088K)->56836K(57088K) NonClass: 51206K(51392K)->51206K(51392K) Class: 5630K(5696K)->5630K(5696K)
[229.613s][info][gc             ] GC(413) Pause Young (Allocation Failure) 638M->393M(637M) 3.777ms
[229.613s][info][gc,cpu         ] GC(413) User=0.01s Sys=0.00s Real=0.00s
[230.186s][info][gc,start       ] GC(414) Pause Young (Allocation Failure)
[230.192s][info][gc,heap        ] GC(414) PSYoungGen: 240255K(250880K)->3135K(233472K) Eden: 239104K(239104K)->0K(229888K) From: 1151K(11776K)->3135K(3584K)
[230.192s][info][gc,heap        ] GC(414) ParOldGen: 401830K(401920K)->401846K(401920K)
[230.192s][info][gc,metaspace   ] GC(414) Metaspace: 56836K(57088K)->56836K(57088K) NonClass: 51206K(51392K)->51206K(51392K) Class: 5630K(5696K)->5630K(5696K)
[230.192s][info][gc             ] GC(414) Pause Young (Allocation Failure) 627M->395M(620M) 5.985ms
[230.192s][info][gc,cpu         ] GC(414) User=0.01s Sys=0.00s Real=0.00s
[230.642s][info][gc,start       ] GC(415) Pause Young (Allocation Failure)
[230.647s][info][gc,heap        ] GC(415) PSYoungGen: 232935K(233472K)->2304K(232960K) Eden: 229799K(229888K)->0K(221184K) From: 3135K(3584K)->2304K(11776K)
[230.647s][info][gc,heap        ] GC(415) ParOldGen: 401846K(401920K)->401862K(401920K)
[230.647s][info][gc,metaspace   ] GC(415) Metaspace: 56836K(57088K)->56836K(57088K) NonClass: 51206K(51392K)->51206K(51392K) Class: 5630K(5696K)->5630K(5696K)
[230.647s][info][gc             ] GC(415) Pause Young (Allocation Failure) 619M->394M(620M) 5.364ms
[230.647s][info][gc,cpu         ] GC(415) User=0.01s Sys=0.00s Real=0.01s
[231.134s][info][gc,start       ] GC(416) Pause Young (Allocation Failure)
[231.140s][info][gc,heap        ] GC(416) PSYoungGen: 223488K(232960K)->2783K(216064K) Eden: 221184K(221184K)->0K(212992K) From: 2304K(11776K)->2783K(3072K)
[231.140s][info][gc,heap        ] GC(416) ParOldGen: 401862K(401920K)->401878K(401920K)
[231.140s][info][gc,metaspace   ] GC(416) Metaspace: 56836K(57088K)->56836K(57088K) NonClass: 51206K(51392K)->51206K(51392K) Class: 5630K(5696K)->5630K(5696K)
[231.140s][info][gc             ] GC(416) Pause Young (Allocation Failure) 610M->395M(603M) 5.566ms
[231.140s][info][gc,cpu         ] GC(416) User=0.01s Sys=0.00s Real=0.01s
[231.629s][info][gc,start       ] GC(417) Pause Young (Allocation Failure)
[231.635s][info][gc,heap        ] GC(417) PSYoungGen: 215775K(216064K)->3103K(216064K) Eden: 212992K(212992K)->0K(205312K) From: 2783K(3072K)->3103K(10752K)
[231.635s][info][gc,heap        ] GC(417) ParOldGen: 401878K(401920K)->401894K(401920K)
[231.635s][info][gc,metaspace   ] GC(417) Metaspace: 56836K(57088K)->56836K(57088K) NonClass: 51206K(51392K)->51206K(51392K) Class: 5630K(5696K)->5630K(5696K)
[231.635s][info][gc             ] GC(417) Pause Young (Allocation Failure) 603M->395M(603M) 6.061ms
[231.635s][info][gc,cpu         ] GC(417) User=0.01s Sys=0.00s Real=0.00s
[232.112s][info][gc,start       ] GC(418) Pause Young (Allocation Failure)
[232.116s][info][gc,heap        ] GC(418) PSYoungGen: 208221K(216064K)->977K(198656K) Eden: 205118K(205312K)->0K(197632K) From: 3103K(10752K)->977K(1024K)
[232.116s][info][gc,heap        ] GC(418) ParOldGen: 401894K(401920K)->401910K(401920K)
[232.116s][info][gc,metaspace   ] GC(418) Metaspace: 56836K(57088K)->56836K(57088K) NonClass: 51206K(51392K)->51206K(51392K) Class: 5630K(5696K)->5630K(5696K)
[232.116s][info][gc             ] GC(418) Pause Young (Allocation Failure) 595M->393M(586M) 3.342ms
[232.116s][info][gc,cpu         ] GC(418) User=0.00s Sys=0.01s Real=0.01s
[232.632s][info][gc,start       ] GC(419) Pause Young (Allocation Failure)
[232.637s][info][gc,heap        ] GC(419) PSYoungGen: 198546K(198656K)->2464K(199680K) Eden: 197569K(197632K)->0K(190464K) From: 977K(1024K)->2464K(9216K)
[232.637s][info][gc,heap        ] GC(419) ParOldGen: 401910K(401920K)->401926K(402432K)
[232.637s][info][gc,metaspace   ] GC(419) Metaspace: 56836K(57088K)->56836K(57088K) NonClass: 51206K(51392K)->51206K(51392K) Class: 5630K(5696K)->5630K(5696K)
[232.637s][info][gc             ] GC(419) Pause Young (Allocation Failure) 586M->394M(588M) 5.594ms
[232.637s][info][gc,cpu         ] GC(419) User=0.00s Sys=0.00s Real=0.01s
[233.006s][info][gc,start       ] GC(420) Pause Young (Allocation Failure)
[233.010s][info][gc,heap        ] GC(420) PSYoungGen: 192928K(199680K)->448K(184320K) Eden: 190464K(190464K)->0K(183808K) From: 2464K(9216K)->448K(512K)
[233.010s][info][gc,heap        ] GC(420) ParOldGen: 401926K(402432K)->401942K(402432K)
[233.010s][info][gc,metaspace   ] GC(420) Metaspace: 56836K(57088K)->56836K(57088K) NonClass: 51206K(51392K)->51206K(51392K) Class: 5630K(5696K)->5630K(5696K)
[233.010s][info][gc             ] GC(420) Pause Young (Allocation Failure) 580M->392M(573M) 3.731ms
[233.010s][info][gc,cpu         ] GC(420) User=0.01s Sys=0.00s Real=0.00s
[233.412s][info][gc,start       ] GC(421) Pause Young (Allocation Failure)
[233.417s][info][gc,heap        ] GC(421) PSYoungGen: 184256K(184320K)->1393K(185856K) Eden: 183808K(183808K)->0K(177152K) From: 448K(512K)->1393K(8704K)
[233.417s][info][gc,heap        ] GC(421) ParOldGen: 401942K(402432K)->401958K(402432K)
[233.417s][info][gc,metaspace   ] GC(421) Metaspace: 56836K(57088K)->56836K(57088K) NonClass: 51206K(51392K)->51206K(51392K) Class: 5630K(5696K)->5630K(5696K)
[233.417s][info][gc             ] GC(421) Pause Young (Allocation Failure) 572M->393M(574M) 4.698ms
[233.417s][info][gc,cpu         ] GC(421) User=0.00s Sys=0.00s Real=0.01s
[233.810s][info][gc,start       ] GC(422) Pause Young (Allocation Failure)
[233.813s][info][gc,heap        ] GC(422) PSYoungGen: 178545K(185856K)->852K(172032K) Eden: 177152K(177152K)->0K(171008K) From: 1393K(8704K)->852K(1024K)
[233.813s][info][gc,heap        ] GC(422) ParOldGen: 401958K(402432K)->401974K(402432K)
[233.813s][info][gc,metaspace   ] GC(422) Metaspace: 56836K(57088K)->56836K(57088K) NonClass: 51206K(51392K)->51206K(51392K) Class: 5630K(5696K)->5630K(5696K)
[233.813s][info][gc             ] GC(422) Pause Young (Allocation Failure) 566M->393M(561M) 3.148ms
[233.813s][info][gc,cpu         ] GC(422) User=0.00s Sys=0.00s Real=0.00s
[234.209s][info][gc,start       ] GC(423) Pause Young (Allocation Failure)
[234.215s][info][gc,heap        ] GC(423) PSYoungGen: 171762K(172032K)->384K(173568K) Eden: 170910K(171008K)->0K(165376K) From: 852K(1024K)->384K(8192K)
[234.215s][info][gc,heap        ] GC(423) ParOldGen: 401974K(402432K)->401990K(402432K)
[234.215s][info][gc,metaspace   ] GC(423) Metaspace: 56836K(57088K)->56836K(57088K) NonClass: 51206K(51392K)->51206K(51392K) Class: 5630K(5696K)->5630K(5696K)
[234.215s][info][gc             ] GC(423) Pause Young (Allocation Failure) 560M->392M(562M) 6.132ms
[234.215s][info][gc,cpu         ] GC(423) User=0.01s Sys=0.00s Real=0.00s
[234.536s][info][gc,start       ] GC(424) Pause Young (Allocation Failure)
[234.543s][info][gc,heap        ] GC(424) PSYoungGen: 165668K(173568K)->2784K(180224K) Eden: 165284K(165376K)->0K(165376K) From: 384K(8192K)->2784K(14848K)
[234.543s][info][gc,heap        ] GC(424) ParOldGen: 401990K(402432K)->402006K(402432K)
[234.543s][info][gc,metaspace   ] GC(424) Metaspace: 56836K(57088K)->56836K(57088K) NonClass: 51206K(51392K)->51206K(51392K) Class: 5630K(5696K)->5630K(5696K)
[234.543s][info][gc             ] GC(424) Pause Young (Allocation Failure) 554M->395M(569M) 7.002ms
[234.543s][info][gc,cpu         ] GC(424) User=0.01s Sys=0.00s Real=0.00s
[234.923s][info][gc,start       ] GC(425) Pause Young (Allocation Failure)
[234.927s][info][gc,heap        ] GC(425) PSYoungGen: 168160K(180224K)->1440K(209920K) Eden: 165376K(165376K)->0K(197120K) From: 2784K(14848K)->1440K(12800K)
[234.927s][info][gc,heap        ] GC(425) ParOldGen: 402006K(402432K)->402022K(402432K)
[234.927s][info][gc,metaspace   ] GC(425) Metaspace: 56836K(57088K)->56836K(57088K) NonClass: 51206K(51392K)->51206K(51392K) Class: 5630K(5696K)->5630K(5696K)
[234.927s][info][gc             ] GC(425) Pause Young (Allocation Failure) 556M->394M(598M) 3.828ms
[234.927s][info][gc,cpu         ] GC(425) User=0.01s Sys=0.00s Real=0.01s
[235.360s][info][gc,start       ] GC(426) Pause Young (Allocation Failure)
[235.363s][info][gc,heap        ] GC(426) PSYoungGen: 198323K(209920K)->832K(210432K) Eden: 196883K(197120K)->0K(197120K) From: 1440K(12800K)->832K(13312K)
[235.363s][info][gc,heap        ] GC(426) ParOldGen: 402022K(402432K)->402038K(402432K)
[235.363s][info][gc,metaspace   ] GC(426) Metaspace: 56836K(57088K)->56836K(57088K) NonClass: 51206K(51392K)->51206K(51392K) Class: 5630K(5696K)->5630K(5696K)
[235.363s][info][gc             ] GC(426) Pause Young (Allocation Failure) 586M->393M(598M) 3.377ms
[235.363s][info][gc,cpu         ] GC(426) User=0.01s Sys=0.00s Real=0.00s
[235.814s][info][gc,start       ] GC(427) Pause Young (Allocation Failure)
[235.819s][info][gc,heap        ] GC(427) PSYoungGen: 197952K(210432K)->1620K(245248K) Eden: 197120K(197120K)->0K(233984K) From: 832K(13312K)->1620K(11264K)
[235.819s][info][gc,heap        ] GC(427) ParOldGen: 402038K(402432K)->402054K(402432K)
[235.819s][info][gc,metaspace   ] GC(427) Metaspace: 56836K(57088K)->56836K(57088K) NonClass: 51206K(51392K)->51206K(51392K) Class: 5630K(5696K)->5630K(5696K)
[235.819s][info][gc             ] GC(427) Pause Young (Allocation Failure) 585M->394M(632M) 4.247ms
[235.819s][info][gc,cpu         ] GC(427) User=0.00s Sys=0.00s Real=0.01s
[236.401s][info][gc,start       ] GC(428) Pause Young (Allocation Failure)
[236.405s][info][gc,heap        ] GC(428) PSYoungGen: 235604K(245248K)->2015K(245760K) Eden: 233984K(233984K)->0K(233984K) From: 1620K(11264K)->2015K(11776K)
[236.405s][info][gc,heap        ] GC(428) ParOldGen: 402054K(402432K)->402070K(402432K)
[236.405s][info][gc,metaspace   ] GC(428) Metaspace: 56836K(57088K)->56836K(57088K) NonClass: 51206K(51392K)->51206K(51392K) Class: 5630K(5696K)->5630K(5696K)
[236.405s][info][gc             ] GC(428) Pause Young (Allocation Failure) 622M->394M(633M) 4.468ms
[236.405s][info][gc,cpu         ] GC(428) User=0.01s Sys=0.00s Real=0.01s
[236.834s][info][gc,start       ] GC(429) Pause Young (Allocation Failure)
[236.840s][info][gc,heap        ] GC(429) PSYoungGen: 235692K(245760K)->2496K(287744K) Eden: 233676K(233984K)->0K(278016K) From: 2015K(11776K)->2496K(9728K)
[236.840s][info][gc,heap        ] GC(429) ParOldGen: 402070K(402432K)->402086K(402432K)
[236.840s][info][gc,metaspace   ] GC(429) Metaspace: 56836K(57088K)->56836K(57088K) NonClass: 51206K(51392K)->51206K(51392K) Class: 5630K(5696K)->5630K(5696K)
[236.840s][info][gc             ] GC(429) Pause Young (Allocation Failure) 622M->395M(674M) 5.544ms
[236.840s][info][gc,cpu         ] GC(429) User=0.01s Sys=0.00s Real=0.01s
[237.570s][info][gc,start       ] GC(430) Pause Young (Allocation Failure)
[237.573s][info][gc,heap        ] GC(430) PSYoungGen: 280512K(287744K)->318K(267776K) Eden: 278016K(278016K)->0K(267264K) From: 2496K(9728K)->318K(512K)
[237.573s][info][gc,heap        ] GC(430) ParOldGen: 402086K(402432K)->402102K(402432K)
[237.573s][info][gc,metaspace   ] GC(430) Metaspace: 56836K(57088K)->56836K(57088K) NonClass: 51206K(51392K)->51206K(51392K) Class: 5630K(5696K)->5630K(5696K)
[237.573s][info][gc             ] GC(430) Pause Young (Allocation Failure) 666M->392M(654M) 2.343ms
[237.573s][info][gc,cpu         ] GC(430) User=0.01s Sys=0.00s Real=0.00s
[238.105s][info][gc,start       ] GC(431) Pause Young (Allocation Failure)
[238.107s][info][gc,heap        ] GC(431) PSYoungGen: 267582K(267776K)->338K(257536K) Eden: 267264K(267264K)->0K(257024K) From: 318K(512K)->338K(512K)
[238.107s][info][gc,heap        ] GC(431) ParOldGen: 402102K(402432K)->402118K(402432K)
[238.107s][info][gc,metaspace   ] GC(431) Metaspace: 56836K(57088K)->56836K(57088K) NonClass: 51206K(51392K)->51206K(51392K) Class: 5630K(5696K)->5630K(5696K)
[238.107s][info][gc             ] GC(431) Pause Young (Allocation Failure) 653M->393M(644M) 2.214ms
[238.107s][info][gc,cpu         ] GC(431) User=0.01s Sys=0.00s Real=0.01s
[238.647s][info][gc,start       ] GC(432) Pause Young (Allocation Failure)
[238.651s][info][gc,heap        ] GC(432) PSYoungGen: 257046K(257536K)->1792K(256512K) Eden: 256707K(257024K)->0K(247296K) From: 338K(512K)->1792K(9216K)
[238.651s][info][gc,heap        ] GC(432) ParOldGen: 402118K(402432K)->402134K(402432K)
[238.651s][info][gc,metaspace   ] GC(432) Metaspace: 56836K(57088K)->56836K(57088K) NonClass: 51206K(51392K)->51206K(51392K) Class: 5630K(5696K)->5630K(5696K)
[238.651s][info][gc             ] GC(432) Pause Young (Allocation Failure) 643M->394M(643M) 3.940ms
[238.651s][info][gc,cpu         ] GC(432) User=0.01s Sys=0.00s Real=0.00s
[239.220s][info][gc,start       ] GC(433) Pause Young (Allocation Failure)
[239.224s][info][gc,heap        ] GC(433) PSYoungGen: 249088K(256512K)->2015K(240128K) Eden: 247296K(247296K)->0K(238080K) From: 1792K(9216K)->2015K(2048K)
[239.224s][info][gc,heap        ] GC(433) ParOldGen: 402134K(402432K)->402150K(402432K)
[239.224s][info][gc,metaspace   ] GC(433) Metaspace: 56836K(57088K)->56836K(57088K) NonClass: 51206K(51392K)->51206K(51392K) Class: 5630K(5696K)->5630K(5696K)
[239.224s][info][gc             ] GC(433) Pause Young (Allocation Failure) 635M->394M(627M) 4.105ms
[239.224s][info][gc,cpu         ] GC(433) User=0.00s Sys=0.00s Real=0.00s
[239.732s][info][gc,start       ] GC(434) Pause Young (Allocation Failure)
[239.737s][info][gc,heap        ] GC(434) PSYoungGen: 240059K(240128K)->2720K(231936K) Eden: 238044K(238080K)->0K(228864K) From: 2015K(2048K)->2720K(3072K)
[239.737s][info][gc,heap        ] GC(434) ParOldGen: 402150K(402432K)->402166K(402432K)
[239.737s][info][gc,metaspace   ] GC(434) Metaspace: 56836K(57088K)->56836K(57088K) NonClass: 51206K(51392K)->51206K(51392K) Class: 5630K(5696K)->5630K(5696K)
[239.737s][info][gc             ] GC(434) Pause Young (Allocation Failure) 627M->395M(619M) 4.918ms
[239.737s][info][gc,cpu         ] GC(434) User=0.01s Sys=0.00s Real=0.01s
[240.239s][info][gc,start       ] GC(435) Pause Young (Allocation Failure)
[240.243s][info][gc,heap        ] GC(435) PSYoungGen: 231322K(231936K)->1760K(222208K) Eden: 228602K(228864K)->0K(220160K) From: 2720K(3072K)->1760K(2048K)
[240.243s][info][gc,heap        ] GC(435) ParOldGen: 402166K(402432K)->402182K(402432K)
[240.243s][info][gc,metaspace   ] GC(435) Metaspace: 56836K(57088K)->56836K(57088K) NonClass: 51206K(51392K)->51206K(51392K) Class: 5630K(5696K)->5630K(5696K)
[240.243s][info][gc             ] GC(435) Pause Young (Allocation Failure) 618M->394M(610M) 4.435ms
[240.243s][info][gc,cpu         ] GC(435) User=0.01s Sys=0.00s Real=0.00s
[240.767s][info][gc,start       ] GC(436) Pause Young (Allocation Failure)
[240.772s][info][gc,heap        ] GC(436) PSYoungGen: 221920K(222208K)->2144K(214528K) Eden: 220160K(220160K)->0K(211968K) From: 1760K(2048K)->2144K(2560K)
[240.772s][info][gc,heap        ] GC(436) ParOldGen: 402182K(402432K)->402198K(402432K)
[240.772s][info][gc,metaspace   ] GC(436) Metaspace: 56836K(57088K)->56836K(57088K) NonClass: 51206K(51392K)->51206K(51392K) Class: 5630K(5696K)->5630K(5696K)
[240.772s][info][gc             ] GC(436) Pause Young (Allocation Failure) 609M->394M(602M) 4.647ms
[240.772s][info][gc,cpu         ] GC(436) User=0.01s Sys=0.00s Real=0.00s
[241.231s][info][gc,start       ] GC(437) Pause Young (Allocation Failure)
[241.235s][info][gc,heap        ] GC(437) PSYoungGen: 214112K(214528K)->1216K(205824K) Eden: 211968K(211968K)->0K(204288K) From: 2144K(2560K)->1216K(1536K)
[241.235s][info][gc,heap        ] GC(437) ParOldGen: 402198K(402432K)->402214K(402432K)
[241.235s][info][gc,metaspace   ] GC(437) Metaspace: 56836K(57088K)->56836K(57088K) NonClass: 51206K(51392K)->51206K(51392K) Class: 5630K(5696K)->5630K(5696K)
[241.235s][info][gc             ] GC(437) Pause Young (Allocation Failure) 601M->393M(594M) 3.537ms
[241.235s][info][gc,cpu         ] GC(437) User=0.01s Sys=0.00s Real=0.00s
[241.761s][info][gc,start       ] GC(438) Pause Young (Allocation Failure)
[241.763s][info][gc,heap        ] GC(438) PSYoungGen: 205237K(205824K)->384K(197632K) Eden: 204021K(204288K)->0K(197120K) From: 1216K(1536K)->384K(512K)
[241.763s][info][gc,heap        ] GC(438) ParOldGen: 402214K(402432K)->402230K(402432K)
[241.763s][info][gc,metaspace   ] GC(438) Metaspace: 56836K(57088K)->56836K(57088K) NonClass: 51206K(51392K)->51206K(51392K) Class: 5630K(5696K)->5630K(5696K)
[241.763s][info][gc             ] GC(438) Pause Young (Allocation Failure) 593M->393M(586M) 2.204ms
[241.763s][info][gc,cpu         ] GC(438) User=0.00s Sys=0.00s Real=0.00s
[242.127s][info][gc,start       ] GC(439) Pause Young (Allocation Failure)
[242.132s][info][gc,heap        ] GC(439) PSYoungGen: 197504K(197632K)->3295K(193536K) Eden: 197120K(197120K)->0K(189952K) From: 384K(512K)->3295K(3584K)
[242.132s][info][gc,heap        ] GC(439) ParOldGen: 402230K(402432K)->402246K(402432K)
[242.132s][info][gc,metaspace   ] GC(439) Metaspace: 56836K(57088K)->56836K(57088K) NonClass: 51206K(51392K)->51206K(51392K) Class: 5630K(5696K)->5630K(5696K)
[242.132s][info][gc             ] GC(439) Pause Young (Allocation Failure) 585M->396M(582M) 5.415ms
[242.132s][info][gc,cpu         ] GC(439) User=0.01s Sys=0.00s Real=0.00s
[242.552s][info][gc,start       ] GC(440) Pause Young (Allocation Failure)
[242.554s][info][gc,heap        ] GC(440) PSYoungGen: 193225K(193536K)->576K(184320K) Eden: 189930K(189952K)->0K(183296K) From: 3295K(3584K)->576K(1024K)
[242.554s][info][gc,heap        ] GC(440) ParOldGen: 402246K(402432K)->402262K(402432K)
[242.554s][info][gc,metaspace   ] GC(440) Metaspace: 56836K(57088K)->56836K(57088K) NonClass: 51206K(51392K)->51206K(51392K) Class: 5630K(5696K)->5630K(5696K)
[242.554s][info][gc             ] GC(440) Pause Young (Allocation Failure) 581M->393M(573M) 2.485ms
[242.554s][info][gc,cpu         ] GC(440) User=0.01s Sys=0.00s Real=0.00s
[243.009s][info][gc,start       ] GC(441) Pause Young (Allocation Failure)
[243.012s][info][gc,heap        ] GC(441) PSYoungGen: 183872K(184320K)->1021K(177664K) Eden: 183296K(183296K)->0K(176640K) From: 576K(1024K)->1021K(1024K)
[243.012s][info][gc,heap        ] GC(441) ParOldGen: 402262K(402432K)->402278K(402432K)
[243.012s][info][gc,metaspace   ] GC(441) Metaspace: 56836K(57088K)->56836K(57088K) NonClass: 51206K(51392K)->51206K(51392K) Class: 5630K(5696K)->5630K(5696K)
[243.012s][info][gc             ] GC(441) Pause Young (Allocation Failure) 572M->393M(566M) 3.085ms
[243.012s][info][gc,cpu         ] GC(441) User=0.00s Sys=0.00s Real=0.00s
[243.410s][info][gc,start       ] GC(442) Pause Young (Allocation Failure)
[243.412s][info][gc,heap        ] GC(442) PSYoungGen: 177661K(177664K)->896K(176640K) Eden: 176640K(176640K)->0K(170496K) From: 1021K(1024K)->896K(6144K)
[243.412s][info][gc,heap        ] GC(442) ParOldGen: 402278K(402432K)->402294K(402432K)
[243.412s][info][gc,metaspace   ] GC(442) Metaspace: 56836K(57088K)->56836K(57088K) NonClass: 51206K(51392K)->51206K(51392K) Class: 5630K(5696K)->5630K(5696K)
[243.412s][info][gc             ] GC(442) Pause Young (Allocation Failure) 566M->393M(565M) 2.644ms
[243.412s][info][gc,cpu         ] GC(442) User=0.00s Sys=0.00s Real=0.00s
[243.754s][info][gc,start       ] GC(443) Pause Young (Allocation Failure)
[243.757s][info][gc,heap        ] GC(443) PSYoungGen: 171219K(176640K)->927K(165888K) Eden: 170323K(170496K)->0K(164864K) From: 896K(6144K)->927K(1024K)
[243.757s][info][gc,heap        ] GC(443) ParOldGen: 402294K(402432K)->402310K(402432K)
[243.757s][info][gc,metaspace   ] GC(443) Metaspace: 56836K(57088K)->56836K(57088K) NonClass: 51206K(51392K)->51206K(51392K) Class: 5630K(5696K)->5630K(5696K)
[243.757s][info][gc             ] GC(443) Pause Young (Allocation Failure) 560M->393M(555M) 2.812ms
[243.757s][info][gc,cpu         ] GC(443) User=0.01s Sys=0.00s Real=0.01s
[244.237s][info][gc,start       ] GC(444) Pause Young (Allocation Failure)
[244.242s][info][gc,heap        ] GC(444) PSYoungGen: 165791K(165888K)->2815K(162304K) Eden: 164864K(164864K)->0K(159232K) From: 927K(1024K)->2815K(3072K)
[244.242s][info][gc,heap        ] GC(444) ParOldGen: 402310K(402432K)->402326K(402432K)
[244.242s][info][gc,metaspace   ] GC(444) Metaspace: 56836K(57088K)->56836K(57088K) NonClass: 51206K(51392K)->51206K(51392K) Class: 5630K(5696K)->5630K(5696K)
[244.242s][info][gc             ] GC(444) Pause Young (Allocation Failure) 554M->395M(551M) 4.813ms
[244.242s][info][gc,cpu         ] GC(444) User=0.01s Sys=0.00s Real=0.00s
[244.618s][info][gc,start       ] GC(445) Pause Young (Allocation Failure)
[244.622s][info][gc,heap        ] GC(445) PSYoungGen: 162047K(162304K)->1952K(156160K) Eden: 159232K(159232K)->0K(154112K) From: 2815K(3072K)->1952K(2048K)
[244.622s][info][gc,heap        ] GC(445) ParOldGen: 402326K(402432K)->402342K(402432K)
[244.622s][info][gc,metaspace   ] GC(445) Metaspace: 56836K(57088K)->56836K(57088K) NonClass: 51206K(51392K)->51206K(51392K) Class: 5630K(5696K)->5630K(5696K)
[244.622s][info][gc             ] GC(445) Pause Young (Allocation Failure) 551M->394M(545M) 4.321ms
[244.622s][info][gc,cpu         ] GC(445) User=0.01s Sys=0.00s Real=0.00s
[244.942s][info][gc,start       ] GC(446) Pause Young (Allocation Failure)
[244.946s][info][gc,heap        ] GC(446) PSYoungGen: 156064K(156160K)->1919K(151040K) Eden: 154112K(154112K)->0K(148992K) From: 1952K(2048K)->1919K(2048K)
[244.946s][info][gc,heap        ] GC(446) ParOldGen: 402342K(402432K)->402358K(402432K)
[244.946s][info][gc,metaspace   ] GC(446) Metaspace: 56836K(57088K)->56836K(57088K) NonClass: 51206K(51392K)->51206K(51392K) Class: 5630K(5696K)->5630K(5696K)
[244.946s][info][gc             ] GC(446) Pause Young (Allocation Failure) 545M->394M(540M) 3.786ms
[244.946s][info][gc,cpu         ] GC(446) User=0.00s Sys=0.00s Real=0.01s
[245.314s][info][gc,start       ] GC(447) Pause Young (Allocation Failure)
[245.317s][info][gc,heap        ] GC(447) PSYoungGen: 150611K(151040K)->1056K(145920K) Eden: 148692K(148992K)->0K(144384K) From: 1919K(2048K)->1056K(1536K)
[245.317s][info][gc,heap        ] GC(447) ParOldGen: 402358K(402432K)->402374K(402432K)
[245.317s][info][gc,metaspace   ] GC(447) Metaspace: 56836K(57088K)->56836K(57088K) NonClass: 51206K(51392K)->51206K(51392K) Class: 5630K(5696K)->5630K(5696K)
[245.317s][info][gc             ] GC(447) Pause Young (Allocation Failure) 540M->393M(535M) 3.116ms
[245.317s][info][gc,cpu         ] GC(447) User=0.01s Sys=0.00s Real=0.01s
[245.622s][info][gc,start       ] GC(448) Pause Young (Allocation Failure)
[245.626s][info][gc,heap        ] GC(448) PSYoungGen: 145197K(145920K)->1696K(141824K) Eden: 144141K(144384K)->0K(139776K) From: 1056K(1536K)->1696K(2048K)
[245.626s][info][gc,heap        ] GC(448) ParOldGen: 402374K(402432K)->402390K(402432K)
[245.626s][info][gc,metaspace   ] GC(448) Metaspace: 56836K(57088K)->56836K(57088K) NonClass: 51206K(51392K)->51206K(51392K) Class: 5630K(5696K)->5630K(5696K)
[245.626s][info][gc             ] GC(448) Pause Young (Allocation Failure) 534M->394M(531M) 3.750ms
[245.626s][info][gc,cpu         ] GC(448) User=0.00s Sys=0.00s Real=0.01s
[245.929s][info][gc,start       ] GC(449) Pause Young (Allocation Failure)
[245.934s][info][gc,heap        ] GC(449) PSYoungGen: 141472K(141824K)->3071K(169472K) Eden: 139776K(139776K)->0K(166400K) From: 1696K(2048K)->3071K(3072K)
[245.934s][info][gc,heap        ] GC(449) ParOldGen: 402390K(402432K)->402406K(402432K)
[245.934s][info][gc,metaspace   ] GC(449) Metaspace: 56836K(57088K)->56836K(57088K) NonClass: 51206K(51392K)->51206K(51392K) Class: 5630K(5696K)->5630K(5696K)
[245.934s][info][gc             ] GC(449) Pause Young (Allocation Failure) 531M->395M(558M) 5.313ms
[245.934s][info][gc,cpu         ] GC(449) User=0.01s Sys=0.00s Real=0.00s
[246.316s][info][gc,start       ] GC(450) Pause Young (Allocation Failure)
[246.320s][info][gc,heap        ] GC(450) PSYoungGen: 169471K(169472K)->2207K(200192K) Eden: 166400K(166400K)->0K(197632K) From: 3071K(3072K)->2207K(2560K)
[246.320s][info][gc,heap        ] GC(450) ParOldGen: 402406K(402432K)->402422K(402432K)
[246.320s][info][gc,metaspace   ] GC(450) Metaspace: 56836K(57088K)->56836K(57088K) NonClass: 51206K(51392K)->51206K(51392K) Class: 5630K(5696K)->5630K(5696K)
[246.320s][info][gc             ] GC(450) Pause Young (Allocation Failure) 558M->395M(588M) 4.218ms
[246.320s][info][gc,cpu         ] GC(450) User=0.00s Sys=0.00s Real=0.00s
[246.738s][info][gc,start       ] GC(451) Pause Young (Allocation Failure)
[246.744s][info][gc,heap        ] GC(451) PSYoungGen: 199831K(200192K)->2848K(223744K) Eden: 197624K(197632K)->0K(219648K) From: 2207K(2560K)->2848K(4096K)
[246.744s][info][gc,heap        ] GC(451) ParOldGen: 402422K(402432K)->402438K(402944K)
[246.744s][info][gc,metaspace   ] GC(451) Metaspace: 56836K(57088K)->56836K(57088K) NonClass: 51206K(51392K)->51206K(51392K) Class: 5630K(5696K)->5630K(5696K)
[246.744s][info][gc             ] GC(451) Pause Young (Allocation Failure) 588M->395M(612M) 5.420ms
[246.744s][info][gc,cpu         ] GC(451) User=0.01s Sys=0.00s Real=0.00s
[247.236s][info][gc,start       ] GC(452) Pause Young (Allocation Failure)
[247.241s][info][gc,heap        ] GC(452) PSYoungGen: 222496K(223744K)->2911K(224256K) Eden: 219648K(219648K)->0K(219648K) From: 2848K(4096K)->2911K(4608K)
[247.241s][info][gc,heap        ] GC(452) ParOldGen: 402438K(402944K)->402454K(402944K)
[247.241s][info][gc,metaspace   ] GC(452) Metaspace: 56836K(57088K)->56836K(57088K) NonClass: 51206K(51392K)->51206K(51392K) Class: 5630K(5696K)->5630K(5696K)
[247.241s][info][gc             ] GC(452) Pause Young (Allocation Failure) 610M->395M(612M) 4.864ms
[247.241s][info][gc,cpu         ] GC(452) User=0.01s Sys=0.01s Real=0.00s
[247.736s][info][gc,start       ] GC(453) Pause Young (Allocation Failure)
[247.744s][info][gc,heap        ] GC(453) PSYoungGen: 222559K(224256K)->2911K(266240K) Eden: 219648K(219648K)->0K(261120K) From: 2911K(4608K)->2911K(5120K)
[247.744s][info][gc,heap        ] GC(453) ParOldGen: 402454K(402944K)->402470K(402944K)
[247.744s][info][gc,metaspace   ] GC(453) Metaspace: 56838K(57088K)->56838K(57088K) NonClass: 51208K(51392K)->51208K(51392K) Class: 5630K(5696K)->5630K(5696K)
[247.744s][info][gc             ] GC(453) Pause Young (Allocation Failure) 610M->395M(653M) 7.512ms
[247.744s][info][gc,cpu         ] GC(453) User=0.01s Sys=0.00s Real=0.00s
[248.347s][info][gc,start       ] GC(454) Pause Young (Allocation Failure)
[248.352s][info][gc,heap        ] GC(454) PSYoungGen: 263745K(266240K)->1408K(266240K) Eden: 260834K(261120K)->0K(261120K) From: 2911K(5120K)->1408K(5120K)
[248.352s][info][gc,heap        ] GC(454) ParOldGen: 402470K(402944K)->402486K(402944K)
[248.352s][info][gc,metaspace   ] GC(454) Metaspace: 56838K(57088K)->56838K(57088K) NonClass: 51208K(51392K)->51208K(51392K) Class: 5630K(5696K)->5630K(5696K)
[248.352s][info][gc             ] GC(454) Pause Young (Allocation Failure) 650M->394M(653M) 5.056ms
[248.352s][info][gc,cpu         ] GC(454) User=0.01s Sys=0.00s Real=0.00s
[248.928s][info][gc,start       ] GC(455) Pause Young (Allocation Failure)
[248.935s][info][gc,heap        ] GC(455) PSYoungGen: 262528K(266240K)->2271K(314880K) Eden: 261120K(261120K)->0K(310272K) From: 1408K(5120K)->2271K(4608K)
[248.935s][info][gc,heap        ] GC(455) ParOldGen: 402486K(402944K)->402502K(402944K)
[248.935s][info][gc,metaspace   ] GC(455) Metaspace: 56838K(57088K)->56838K(57088K) NonClass: 51208K(51392K)->51208K(51392K) Class: 5630K(5696K)->5630K(5696K)
[248.935s][info][gc             ] GC(455) Pause Young (Allocation Failure) 649M->395M(701M) 6.276ms
[248.935s][info][gc,cpu         ] GC(455) User=0.01s Sys=0.00s Real=0.00s
[249.642s][info][gc,start       ] GC(456) Pause Young (Allocation Failure)
[249.649s][info][gc,heap        ] GC(456) PSYoungGen: 312543K(314880K)->3295K(314880K) Eden: 310272K(310272K)->0K(310272K) From: 2271K(4608K)->3295K(4608K)
[249.649s][info][gc,heap        ] GC(456) ParOldGen: 402502K(402944K)->402518K(402944K)
[249.649s][info][gc,metaspace   ] GC(456) Metaspace: 56838K(57088K)->56838K(57088K) NonClass: 51208K(51392K)->51208K(51392K) Class: 5630K(5696K)->5630K(5696K)
[249.649s][info][gc             ] GC(456) Pause Young (Allocation Failure) 698M->396M(701M) 7.177ms
[249.649s][info][gc,cpu         ] GC(456) User=0.01s Sys=0.00s Real=0.01s
[250.344s][info][gc,start       ] GC(457) Pause Young (Allocation Failure)
[250.360s][info][gc,heap        ] GC(457) PSYoungGen: 313567K(314880K)->3743K(328192K) Eden: 310272K(310272K)->0K(323584K) From: 3295K(4608K)->3743K(4608K)
[250.360s][info][gc,heap        ] GC(457) ParOldGen: 402518K(402944K)->402534K(402944K)
[250.360s][info][gc,metaspace   ] GC(457) Metaspace: 56838K(57088K)->56838K(57088K) NonClass: 51208K(51392K)->51208K(51392K) Class: 5630K(5696K)->5630K(5696K)
[250.360s][info][gc             ] GC(457) Pause Young (Allocation Failure) 699M->396M(714M) 15.604ms
[250.360s][info][gc,cpu         ] GC(457) User=0.01s Sys=0.00s Real=0.02s
[251.044s][info][gc,start       ] GC(458) Pause Young (Allocation Failure)
[251.053s][info][gc,heap        ] GC(458) PSYoungGen: 327118K(328192K)->2432K(328704K) Eden: 323374K(323584K)->0K(323584K) From: 3743K(4608K)->2432K(5120K)
[251.053s][info][gc,heap        ] GC(458) ParOldGen: 402534K(402944K)->402550K(402944K)
[251.053s][info][gc,metaspace   ] GC(458) Metaspace: 56838K(57088K)->56838K(57088K) NonClass: 51208K(51392K)->51208K(51392K) Class: 5630K(5696K)->5630K(5696K)
[251.053s][info][gc             ] GC(458) Pause Young (Allocation Failure) 712M->395M(714M) 9.333ms
[251.053s][info][gc,cpu         ] GC(458) User=0.01s Sys=0.00s Real=0.01s
[251.807s][info][gc,start       ] GC(459) Pause Young (Allocation Failure)
[251.810s][info][gc,heap        ] GC(459) PSYoungGen: 326016K(328704K)->959K(328704K) Eden: 323584K(323584K)->0K(323584K) From: 2432K(5120K)->959K(5120K)
[251.810s][info][gc,heap        ] GC(459) ParOldGen: 402550K(402944K)->402566K(402944K)
[251.810s][info][gc,metaspace   ] GC(459) Metaspace: 56838K(57088K)->56838K(57088K) NonClass: 51208K(51392K)->51208K(51392K) Class: 5630K(5696K)->5630K(5696K)
[251.810s][info][gc             ] GC(459) Pause Young (Allocation Failure) 711M->394M(714M) 2.856ms
[251.810s][info][gc,cpu         ] GC(459) User=0.01s Sys=0.00s Real=0.00s
[252.580s][info][gc,start       ] GC(460) Pause Young (Allocation Failure)
[252.583s][info][gc,heap        ] GC(460) PSYoungGen: 324543K(328704K)->1210K(311808K) Eden: 323584K(323584K)->0K(310272K) From: 959K(5120K)->1210K(1536K)
[252.583s][info][gc,heap        ] GC(460) ParOldGen: 402566K(402944K)->402582K(402944K)
[252.583s][info][gc,metaspace   ] GC(460) Metaspace: 56838K(57088K)->56838K(57088K) NonClass: 51208K(51392K)->51208K(51392K) Class: 5630K(5696K)->5630K(5696K)
[252.583s][info][gc             ] GC(460) Pause Young (Allocation Failure) 710M->394M(698M) 3.149ms
[252.583s][info][gc,cpu         ] GC(460) User=0.00s Sys=0.00s Real=0.00s
[253.219s][info][gc,start       ] GC(461) Pause Young (Allocation Failure)
[253.224s][info][gc,heap        ] GC(461) PSYoungGen: 311482K(311808K)->1887K(300032K) Eden: 310272K(310272K)->0K(297984K) From: 1210K(1536K)->1887K(2048K)
[253.224s][info][gc,heap        ] GC(461) ParOldGen: 402582K(402944K)->402598K(402944K)
[253.224s][info][gc,metaspace   ] GC(461) Metaspace: 56838K(57088K)->56838K(57088K) NonClass: 51208K(51392K)->51208K(51392K) Class: 5630K(5696K)->5630K(5696K)
[253.224s][info][gc             ] GC(461) Pause Young (Allocation Failure) 697M->395M(686M) 4.670ms
[253.224s][info][gc,cpu         ] GC(461) User=0.01s Sys=0.00s Real=0.00s
[253.908s][info][gc,start       ] GC(462) Pause Young (Allocation Failure)
[253.910s][info][gc,heap        ] GC(462) PSYoungGen: 299871K(300032K)->680K(287232K) Eden: 297984K(297984K)->0K(286208K) From: 1887K(2048K)->680K(1024K)
[253.910s][info][gc,heap        ] GC(462) ParOldGen: 402598K(402944K)->402614K(402944K)
[253.910s][info][gc,metaspace   ] GC(462) Metaspace: 56838K(57088K)->56838K(57088K) NonClass: 51208K(51392K)->51208K(51392K) Class: 5630K(5696K)->5630K(5696K)
[253.910s][info][gc             ] GC(462) Pause Young (Allocation Failure) 686M->393M(674M) 2.564ms
[253.910s][info][gc,cpu         ] GC(462) User=0.01s Sys=0.00s Real=0.00s
[254.529s][info][gc,start       ] GC(463) Pause Young (Allocation Failure)
[254.534s][info][gc,heap        ] GC(463) PSYoungGen: 286888K(287232K)->2415K(277504K) Eden: 286208K(286208K)->0K(274944K) From: 680K(1024K)->2415K(2560K)
[254.534s][info][gc,heap        ] GC(463) ParOldGen: 402614K(402944K)->402630K(402944K)
[254.534s][info][gc,metaspace   ] GC(463) Metaspace: 56838K(57088K)->56838K(57088K) NonClass: 51208K(51392K)->51208K(51392K) Class: 5630K(5696K)->5630K(5696K)
[254.534s][info][gc             ] GC(463) Pause Young (Allocation Failure) 673M->395M(664M) 4.605ms
[254.534s][info][gc,cpu         ] GC(463) User=0.01s Sys=0.00s Real=0.00s
[255.132s][info][gc,start       ] GC(464) Pause Young (Allocation Failure)
[255.138s][info][gc,heap        ] GC(464) PSYoungGen: 277359K(277504K)->3295K(267776K) Eden: 274944K(274944K)->0K(264192K) From: 2415K(2560K)->3295K(3584K)
[255.138s][info][gc,heap        ] GC(464) ParOldGen: 402630K(402944K)->402646K(402944K)
[255.138s][info][gc,metaspace   ] GC(464) Metaspace: 56838K(57088K)->56838K(57088K) NonClass: 51208K(51392K)->51208K(51392K) Class: 5630K(5696K)->5630K(5696K)
[255.138s][info][gc             ] GC(464) Pause Young (Allocation Failure) 664M->396M(655M) 5.649ms
[255.138s][info][gc,cpu         ] GC(464) User=0.01s Sys=0.00s Real=0.01s
[255.723s][info][gc,start       ] GC(465) Pause Young (Allocation Failure)
[255.728s][info][gc,heap        ] GC(465) PSYoungGen: 267487K(267776K)->3071K(257024K) Eden: 264192K(264192K)->0K(253952K) From: 3295K(3584K)->3071K(3072K)
[255.728s][info][gc,heap        ] GC(465) ParOldGen: 402646K(402944K)->402662K(402944K)
[255.728s][info][gc,metaspace   ] GC(465) Metaspace: 56838K(57088K)->56838K(57088K) NonClass: 51208K(51392K)->51208K(51392K) Class: 5630K(5696K)->5630K(5696K)
[255.728s][info][gc             ] GC(465) Pause Young (Allocation Failure) 654M->396M(644M) 5.189ms
[255.728s][info][gc,cpu         ] GC(465) User=0.01s Sys=0.00s Real=0.01s
[256.375s][info][gc,start       ] GC(466) Pause Young (Allocation Failure)
[256.379s][info][gc,heap        ] GC(466) PSYoungGen: 257023K(257024K)->799K(245248K) Eden: 253952K(253952K)->0K(244224K) From: 3071K(3072K)->799K(1024K)
[256.379s][info][gc,heap        ] GC(466) ParOldGen: 402662K(402944K)->402678K(402944K)
[256.379s][info][gc,metaspace   ] GC(466) Metaspace: 56838K(57088K)->56838K(57088K) NonClass: 51208K(51392K)->51208K(51392K) Class: 5630K(5696K)->5630K(5696K)
[256.379s][info][gc             ] GC(466) Pause Young (Allocation Failure) 644M->394M(633M) 3.836ms
[256.379s][info][gc,cpu         ] GC(466) User=0.00s Sys=0.00s Real=0.01s
[256.834s][info][gc,start       ] GC(467) Pause Young (Allocation Failure)
[256.841s][info][gc,heap        ] GC(467) PSYoungGen: 245023K(245248K)->3263K(238592K) Eden: 244224K(244224K)->0K(235008K) From: 799K(1024K)->3263K(3584K)
[256.841s][info][gc,heap        ] GC(467) ParOldGen: 402678K(402944K)->402694K(402944K)
[256.841s][info][gc,metaspace   ] GC(467) Metaspace: 56838K(57088K)->56838K(57088K) NonClass: 51208K(51392K)->51208K(51392K) Class: 5630K(5696K)->5630K(5696K)
[256.841s][info][gc             ] GC(467) Pause Young (Allocation Failure) 632M->396M(626M) 7.700ms
[256.841s][info][gc,cpu         ] GC(467) User=0.01s Sys=0.00s Real=0.01s
[257.356s][info][gc,start       ] GC(468) Pause Young (Allocation Failure)
[257.358s][info][gc,heap        ] GC(468) PSYoungGen: 238271K(238592K)->64K(226816K) Eden: 235008K(235008K)->0K(226304K) From: 3263K(3584K)->64K(512K)
[257.358s][info][gc,heap        ] GC(468) ParOldGen: 402694K(402944K)->402710K(402944K)
[257.358s][info][gc,metaspace   ] GC(468) Metaspace: 56838K(57088K)->56838K(57088K) NonClass: 51208K(51392K)->51208K(51392K) Class: 5630K(5696K)->5630K(5696K)
[257.358s][info][gc             ] GC(468) Pause Young (Allocation Failure) 625M->393M(615M) 1.989ms
[257.358s][info][gc,cpu         ] GC(468) User=0.00s Sys=0.00s Real=0.00s
[257.908s][info][gc,start       ] GC(469) Pause Young (Allocation Failure)
[257.911s][info][gc,heap        ] GC(469) PSYoungGen: 226368K(226816K)->925K(219136K) Eden: 226304K(226304K)->0K(218112K) From: 64K(512K)->925K(1024K)
[257.911s][info][gc,heap        ] GC(469) ParOldGen: 402710K(402944K)->402726K(402944K)
[257.911s][info][gc,metaspace   ] GC(469) Metaspace: 56838K(57088K)->56838K(57088K) NonClass: 51208K(51392K)->51208K(51392K) Class: 5630K(5696K)->5630K(5696K)
[257.911s][info][gc             ] GC(469) Pause Young (Allocation Failure) 614M->394M(607M) 3.135ms
[257.911s][info][gc,cpu         ] GC(469) User=0.01s Sys=0.00s Real=0.00s
[258.359s][info][gc,start       ] GC(470) Pause Young (Allocation Failure)
[258.361s][info][gc,heap        ] GC(470) PSYoungGen: 218799K(219136K)->672K(210944K) Eden: 217874K(218112K)->0K(209920K) From: 925K(1024K)->672K(1024K)
[258.361s][info][gc,heap        ] GC(470) ParOldGen: 402726K(402944K)->402742K(402944K)
[258.362s][info][gc,metaspace   ] GC(470) Metaspace: 56838K(57088K)->56838K(57088K) NonClass: 51208K(51392K)->51208K(51392K) Class: 5630K(5696K)->5630K(5696K)
[258.362s][info][gc             ] GC(470) Pause Young (Allocation Failure) 606M->393M(599M) 2.581ms
[258.362s][info][gc,cpu         ] GC(470) User=0.01s Sys=0.00s Real=0.00s
[258.847s][info][gc,start       ] GC(471) Pause Young (Allocation Failure)
[258.853s][info][gc,heap        ] GC(471) PSYoungGen: 210592K(210944K)->3167K(205824K) Eden: 209920K(209920K)->0K(202240K) From: 672K(1024K)->3167K(3584K)
[258.853s][info][gc,heap        ] GC(471) ParOldGen: 402742K(402944K)->402758K(402944K)
[258.853s][info][gc,metaspace   ] GC(471) Metaspace: 56838K(57088K)->56838K(57088K) NonClass: 51208K(51392K)->51208K(51392K) Class: 5630K(5696K)->5630K(5696K)
[258.853s][info][gc             ] GC(471) Pause Young (Allocation Failure) 598M->396M(594M) 5.289ms
[258.853s][info][gc,cpu         ] GC(471) User=0.01s Sys=0.00s Real=0.00s
[259.314s][info][gc,start       ] GC(472) Pause Young (Allocation Failure)
[259.317s][info][gc,heap        ] GC(472) PSYoungGen: 205407K(205824K)->1407K(196608K) Eden: 202240K(202240K)->0K(195072K) From: 3167K(3584K)->1407K(1536K)
[259.318s][info][gc,heap        ] GC(472) ParOldGen: 402758K(402944K)->402774K(402944K)
[259.318s][info][gc,metaspace   ] GC(472) Metaspace: 56838K(57088K)->56838K(57088K) NonClass: 51208K(51392K)->51208K(51392K) Class: 5630K(5696K)->5630K(5696K)
[259.318s][info][gc             ] GC(472) Pause Young (Allocation Failure) 593M->394M(585M) 3.295ms
[259.318s][info][gc,cpu         ] GC(472) User=0.00s Sys=0.00s Real=0.01s
[259.726s][info][gc,start       ] GC(473) Pause Young (Allocation Failure)
[259.731s][info][gc,heap        ] GC(473) PSYoungGen: 196479K(196608K)->3295K(191488K) Eden: 195072K(195072K)->0K(187904K) From: 1407K(1536K)->3295K(3584K)
[259.731s][info][gc,heap        ] GC(473) ParOldGen: 402774K(402944K)->402790K(402944K)
[259.731s][info][gc,metaspace   ] GC(473) Metaspace: 56838K(57088K)->56838K(57088K) NonClass: 51208K(51392K)->51208K(51392K) Class: 5630K(5696K)->5630K(5696K)
[259.731s][info][gc             ] GC(473) Pause Young (Allocation Failure) 585M->396M(580M) 5.485ms
[259.731s][info][gc,cpu         ] GC(473) User=0.01s Sys=0.00s Real=0.00s
[260.253s][info][gc,start       ] GC(474) Pause Young (Allocation Failure)
[260.256s][info][gc,heap        ] GC(474) PSYoungGen: 191062K(191488K)->928K(182272K) Eden: 187767K(187904K)->0K(181248K) From: 3295K(3584K)->928K(1024K)
[260.256s][info][gc,heap        ] GC(474) ParOldGen: 402790K(402944K)->402806K(402944K)
[260.256s][info][gc,metaspace   ] GC(474) Metaspace: 56838K(57088K)->56838K(57088K) NonClass: 51208K(51392K)->51208K(51392K) Class: 5630K(5696K)->5630K(5696K)
[260.256s][info][gc             ] GC(474) Pause Young (Allocation Failure) 579M->394M(571M) 3.024ms
[260.256s][info][gc,cpu         ] GC(474) User=0.01s Sys=0.00s Real=0.01s
[260.657s][info][gc,start       ] GC(475) Pause Young (Allocation Failure)
[260.660s][info][gc,heap        ] GC(475) PSYoungGen: 182176K(182272K)->767K(176128K) Eden: 181248K(181248K)->0K(175104K) From: 928K(1024K)->767K(1024K)
[260.660s][info][gc,heap        ] GC(475) ParOldGen: 402806K(402944K)->402822K(402944K)
[260.660s][info][gc,metaspace   ] GC(475) Metaspace: 56838K(57088K)->56838K(57088K) NonClass: 51208K(51392K)->51208K(51392K) Class: 5630K(5696K)->5630K(5696K)
[260.660s][info][gc             ] GC(475) Pause Young (Allocation Failure) 571M->394M(565M) 2.805ms
[260.660s][info][gc,cpu         ] GC(475) User=0.01s Sys=0.00s Real=0.00s
[261.055s][info][gc,start       ] GC(476) Pause Young (Allocation Failure)
[261.058s][info][gc,heap        ] GC(476) PSYoungGen: 175871K(176128K)->1055K(174080K) Eden: 175104K(175104K)->0K(168960K) From: 767K(1024K)->1055K(5120K)
[261.058s][info][gc,heap        ] GC(476) ParOldGen: 402822K(402944K)->402838K(402944K)
[261.058s][info][gc,metaspace   ] GC(476) Metaspace: 56838K(57088K)->56838K(57088K) NonClass: 51208K(51392K)->51208K(51392K) Class: 5630K(5696K)->5630K(5696K)
[261.058s][info][gc             ] GC(476) Pause Young (Allocation Failure) 565M->394M(563M) 2.636ms
[261.058s][info][gc,cpu         ] GC(476) User=0.00s Sys=0.00s Real=0.01s
[261.444s][info][gc,start       ] GC(477) Pause Young (Allocation Failure)
[261.450s][info][gc,heap        ] GC(477) PSYoungGen: 169867K(174080K)->2368K(165888K) Eden: 168812K(168960K)->0K(163328K) From: 1055K(5120K)->2368K(2560K)
[261.450s][info][gc,heap        ] GC(477) ParOldGen: 402838K(402944K)->402854K(402944K)
[261.450s][info][gc,metaspace   ] GC(477) Metaspace: 56838K(57088K)->56838K(57088K) NonClass: 51208K(51392K)->51208K(51392K) Class: 5630K(5696K)->5630K(5696K)
[261.450s][info][gc             ] GC(477) Pause Young (Allocation Failure) 559M->395M(555M) 6.368ms
[261.450s][info][gc,cpu         ] GC(477) User=0.01s Sys=0.00s Real=0.01s
[261.823s][info][gc,start       ] GC(478) Pause Young (Allocation Failure)
[261.828s][info][gc,heap        ] GC(478) PSYoungGen: 165696K(165888K)->2751K(197120K) Eden: 163328K(163328K)->0K(194048K) From: 2368K(2560K)->2751K(3072K)
[261.828s][info][gc,heap        ] GC(478) ParOldGen: 402854K(402944K)->402870K(402944K)
[261.828s][info][gc,metaspace   ] GC(478) Metaspace: 56838K(57088K)->56838K(57088K) NonClass: 51208K(51392K)->51208K(51392K) Class: 5630K(5696K)->5630K(5696K)
[261.828s][info][gc             ] GC(478) Pause Young (Allocation Failure) 555M->396M(586M) 4.738ms
[261.828s][info][gc,cpu         ] GC(478) User=0.01s Sys=0.00s Real=0.01s
[262.251s][info][gc,start       ] GC(479) Pause Young (Allocation Failure)
[262.255s][info][gc,heap        ] GC(479) PSYoungGen: 196602K(197120K)->1440K(188416K) Eden: 193850K(194048K)->0K(186880K) From: 2751K(3072K)->1440K(1536K)
[262.255s][info][gc,heap        ] GC(479) ParOldGen: 402870K(402944K)->402886K(402944K)
[262.255s][info][gc,metaspace   ] GC(479) Metaspace: 56838K(57088K)->56838K(57088K) NonClass: 51208K(51392K)->51208K(51392K) Class: 5630K(5696K)->5630K(5696K)
[262.255s][info][gc             ] GC(479) Pause Young (Allocation Failure) 585M->394M(577M) 3.576ms
[262.255s][info][gc,cpu         ] GC(479) User=0.01s Sys=0.00s Real=0.00s
[262.706s][info][gc,start       ] GC(480) Pause Young (Allocation Failure)
[262.708s][info][gc,heap        ] GC(480) PSYoungGen: 188074K(188416K)->448K(180736K) Eden: 186634K(186880K)->0K(180224K) From: 1440K(1536K)->448K(512K)
[262.708s][info][gc,heap        ] GC(480) ParOldGen: 402886K(402944K)->402902K(402944K)
[262.708s][info][gc,metaspace   ] GC(480) Metaspace: 56838K(57088K)->56838K(57088K) NonClass: 51208K(51392K)->51208K(51392K) Class: 5630K(5696K)->5630K(5696K)
[262.708s][info][gc             ] GC(480) Pause Young (Allocation Failure) 577M->393M(570M) 2.335ms
[262.708s][info][gc,cpu         ] GC(480) User=0.00s Sys=0.00s Real=0.00s
[263.111s][info][gc,start       ] GC(481) Pause Young (Allocation Failure)
[263.114s][info][gc,heap        ] GC(481) PSYoungGen: 180672K(180736K)->1183K(175616K) Eden: 180224K(180224K)->0K(174080K) From: 448K(512K)->1183K(1536K)
[263.114s][info][gc,heap        ] GC(481) ParOldGen: 402902K(402944K)->402918K(402944K)
[263.114s][info][gc,metaspace   ] GC(481) Metaspace: 56838K(57088K)->56838K(57088K) NonClass: 51208K(51392K)->51208K(51392K) Class: 5630K(5696K)->5630K(5696K)
[263.114s][info][gc             ] GC(481) Pause Young (Allocation Failure) 569M->394M(565M) 3.050ms
[263.114s][info][gc,cpu         ] GC(481) User=0.00s Sys=0.00s Real=0.00s
[263.509s][info][gc,start       ] GC(482) Pause Young (Allocation Failure)
[263.512s][info][gc,heap        ] GC(482) PSYoungGen: 175263K(175616K)->1151K(169472K) Eden: 174080K(174080K)->0K(167936K) From: 1183K(1536K)->1151K(1536K)
[263.512s][info][gc,heap        ] GC(482) ParOldGen: 402918K(402944K)->402934K(402944K)
[263.512s][info][gc,metaspace   ] GC(482) Metaspace: 56838K(57088K)->56838K(57088K) NonClass: 51208K(51392K)->51208K(51392K) Class: 5630K(5696K)->5630K(5696K)
[263.512s][info][gc             ] GC(482) Pause Young (Allocation Failure) 564M->394M(559M) 2.815ms
[263.512s][info][gc,cpu         ] GC(482) User=0.00s Sys=0.00s Real=0.00s
[263.851s][info][gc,start       ] GC(483) Pause Young (Allocation Failure)
[263.853s][info][gc,heap        ] GC(483) PSYoungGen: 168864K(169472K)->544K(163328K) Eden: 167713K(167936K)->0K(162304K) From: 1151K(1536K)->544K(1024K)
[263.853s][info][gc,heap        ] GC(483) ParOldGen: 402934K(402944K)->402950K(403456K)
[263.853s][info][gc,metaspace   ] GC(483) Metaspace: 56838K(57088K)->56838K(57088K) NonClass: 51208K(51392K)->51208K(51392K) Class: 5630K(5696K)->5630K(5696K)
[263.853s][info][gc             ] GC(483) Pause Young (Allocation Failure) 558M->394M(553M) 2.636ms
[263.853s][info][gc,cpu         ] GC(483) User=0.00s Sys=0.00s Real=0.00s
[264.231s][info][gc,start       ] GC(484) Pause Young (Allocation Failure)
[264.237s][info][gc,heap        ] GC(484) PSYoungGen: 162848K(163328K)->3391K(160256K) Eden: 162304K(162304K)->0K(156672K) From: 544K(1024K)->3391K(3584K)
[264.237s][info][gc,heap        ] GC(484) ParOldGen: 402950K(403456K)->402966K(403456K)
[264.237s][info][gc,metaspace   ] GC(484) Metaspace: 56838K(57088K)->56838K(57088K) NonClass: 51208K(51392K)->51208K(51392K) Class: 5630K(5696K)->5630K(5696K)
[264.237s][info][gc             ] GC(484) Pause Young (Allocation Failure) 552M->396M(550M) 5.698ms
[264.237s][info][gc,cpu         ] GC(484) User=0.01s Sys=0.00s Real=0.01s
[264.614s][info][gc,start       ] GC(485) Pause Young (Allocation Failure)
[264.618s][info][gc,heap        ] GC(485) PSYoungGen: 160063K(160256K)->1759K(153600K) Eden: 156672K(156672K)->0K(151552K) From: 3391K(3584K)->1759K(2048K)
[264.618s][info][gc,heap        ] GC(485) ParOldGen: 402966K(403456K)->402982K(403456K)
[264.618s][info][gc,metaspace   ] GC(485) Metaspace: 56838K(57088K)->56838K(57088K) NonClass: 51208K(51392K)->51208K(51392K) Class: 5630K(5696K)->5630K(5696K)
[264.618s][info][gc             ] GC(485) Pause Young (Allocation Failure) 549M->395M(544M) 3.521ms
[264.618s][info][gc,cpu         ] GC(485) User=0.01s Sys=0.00s Real=0.01s
[264.936s][info][gc,start       ] GC(486) Pause Young (Allocation Failure)
[264.940s][info][gc,heap        ] GC(486) PSYoungGen: 153306K(153600K)->2496K(182784K) Eden: 151547K(151552K)->0K(180224K) From: 1759K(2048K)->2496K(2560K)
[264.940s][info][gc,heap        ] GC(486) ParOldGen: 402982K(403456K)->402998K(403456K)
[264.940s][info][gc,metaspace   ] GC(486) Metaspace: 56838K(57088K)->56838K(57088K) NonClass: 51208K(51392K)->51208K(51392K) Class: 5630K(5696K)->5630K(5696K)
[264.940s][info][gc             ] GC(486) Pause Young (Allocation Failure) 543M->395M(572M) 4.895ms
[264.940s][info][gc,cpu         ] GC(486) User=0.00s Sys=0.00s Real=0.00s
[265.377s][info][gc,start       ] GC(487) Pause Young (Allocation Failure)
[265.382s][info][gc,heap        ] GC(487) PSYoungGen: 182720K(182784K)->2336K(217088K) Eden: 180224K(180224K)->0K(214528K) From: 2496K(2560K)->2336K(2560K)
[265.382s][info][gc,heap        ] GC(487) ParOldGen: 402998K(403456K)->403014K(403456K)
[265.382s][info][gc,metaspace   ] GC(487) Metaspace: 56838K(57088K)->56838K(57088K) NonClass: 51208K(51392K)->51208K(51392K) Class: 5630K(5696K)->5630K(5696K)
[265.382s][info][gc             ] GC(487) Pause Young (Allocation Failure) 571M->395M(606M) 4.693ms
[265.382s][info][gc,cpu         ] GC(487) User=0.00s Sys=0.00s Real=0.00s
[265.826s][info][gc,start       ] GC(488) Pause Young (Allocation Failure)
[265.831s][info][gc,heap        ] GC(488) PSYoungGen: 216864K(217088K)->2752K(258048K) Eden: 214528K(214528K)->0K(254976K) From: 2336K(2560K)->2752K(3072K)
[265.831s][info][gc,heap        ] GC(488) ParOldGen: 403014K(403456K)->403030K(403456K)
[265.831s][info][gc,metaspace   ] GC(488) Metaspace: 56838K(57088K)->56838K(57088K) NonClass: 51208K(51392K)->51208K(51392K) Class: 5630K(5696K)->5630K(5696K)
[265.831s][info][gc             ] GC(488) Pause Young (Allocation Failure) 605M->396M(646M) 5.290ms
[265.831s][info][gc,cpu         ] GC(488) User=0.01s Sys=0.00s Real=0.00s
[266.477s][info][gc,start       ] GC(489) Pause Young (Allocation Failure)
[266.479s][info][gc,heap        ] GC(489) PSYoungGen: 257664K(258048K)->736K(246272K) Eden: 254912K(254976K)->0K(245248K) From: 2752K(3072K)->736K(1024K)
[266.479s][info][gc,heap        ] GC(489) ParOldGen: 403030K(403456K)->403046K(403456K)
[266.479s][info][gc,metaspace   ] GC(489) Metaspace: 56838K(57088K)->56838K(57088K) NonClass: 51208K(51392K)->51208K(51392K) Class: 5630K(5696K)->5630K(5696K)
[266.480s][info][gc             ] GC(489) Pause Young (Allocation Failure) 645M->394M(634M) 2.896ms
[266.480s][info][gc,cpu         ] GC(489) User=0.00s Sys=0.00s Real=0.00s
[266.945s][info][gc,start       ] GC(490) Pause Young (Allocation Failure)
[266.949s][info][gc,heap        ] GC(490) PSYoungGen: 245870K(246272K)->1727K(240640K) Eden: 245134K(245248K)->0K(236032K) From: 736K(1024K)->1727K(4608K)
[266.949s][info][gc,heap        ] GC(490) ParOldGen: 403046K(403456K)->403062K(403456K)
[266.949s][info][gc,metaspace   ] GC(490) Metaspace: 56838K(57088K)->56838K(57088K) NonClass: 51208K(51392K)->51208K(51392K) Class: 5630K(5696K)->5630K(5696K)
[266.949s][info][gc             ] GC(490) Pause Young (Allocation Failure) 633M->395M(629M) 3.652ms
[266.949s][info][gc,cpu         ] GC(490) User=0.00s Sys=0.00s Real=0.01s
[267.512s][info][gc,start       ] GC(491) Pause Young (Allocation Failure)
[267.515s][info][gc,heap        ] GC(491) PSYoungGen: 237759K(240640K)->1663K(229376K) Eden: 236032K(236032K)->0K(227328K) From: 1727K(4608K)->1663K(2048K)
[267.516s][info][gc,heap        ] GC(491) ParOldGen: 403062K(403456K)->403078K(403456K)
[267.516s][info][gc,metaspace   ] GC(491) Metaspace: 56838K(57088K)->56838K(57088K) NonClass: 51208K(51392K)->51208K(51392K) Class: 5630K(5696K)->5630K(5696K)
[267.516s][info][gc             ] GC(491) Pause Young (Allocation Failure) 625M->395M(618M) 3.638ms
[267.516s][info][gc,cpu         ] GC(491) User=0.01s Sys=0.00s Real=0.01s
[268.020s][info][gc,start       ] GC(492) Pause Young (Allocation Failure)
[268.024s][info][gc,heap        ] GC(492) PSYoungGen: 228991K(229376K)->2495K(221184K) Eden: 227328K(227328K)->0K(218624K) From: 1663K(2048K)->2495K(2560K)
[268.024s][info][gc,heap        ] GC(492) ParOldGen: 403078K(403456K)->403094K(403456K)
[268.024s][info][gc,metaspace   ] GC(492) Metaspace: 56838K(57088K)->56838K(57088K) NonClass: 51208K(51392K)->51208K(51392K) Class: 5630K(5696K)->5630K(5696K)
[268.024s][info][gc             ] GC(492) Pause Young (Allocation Failure) 617M->396M(610M) 4.632ms
[268.024s][info][gc,cpu         ] GC(492) User=0.01s Sys=0.00s Real=0.00s
[268.514s][info][gc,start       ] GC(493) Pause Young (Allocation Failure)
[268.517s][info][gc,heap        ] GC(493) PSYoungGen: 221119K(221184K)->1759K(212480K) Eden: 218624K(218624K)->0K(210432K) From: 2495K(2560K)->1759K(2048K)
[268.517s][info][gc,heap        ] GC(493) ParOldGen: 403094K(403456K)->403110K(403456K)
[268.517s][info][gc,metaspace   ] GC(493) Metaspace: 56838K(57088K)->56838K(57088K) NonClass: 51208K(51392K)->51208K(51392K) Class: 5630K(5696K)->5630K(5696K)
[268.517s][info][gc             ] GC(493) Pause Young (Allocation Failure) 609M->395M(601M) 3.672ms
[268.517s][info][gc,cpu         ] GC(493) User=0.01s Sys=0.00s Real=0.01s
[268.953s][info][gc,start       ] GC(494) Pause Young (Allocation Failure)
[268.956s][info][gc,heap        ] GC(494) PSYoungGen: 212191K(212480K)->1471K(204288K) Eden: 210432K(210432K)->0K(202752K) From: 1759K(2048K)->1471K(1536K)
[268.956s][info][gc,heap        ] GC(494) ParOldGen: 403110K(403456K)->403126K(403456K)
[268.956s][info][gc,metaspace   ] GC(494) Metaspace: 56838K(57088K)->56838K(57088K) NonClass: 51208K(51392K)->51208K(51392K) Class: 5630K(5696K)->5630K(5696K)
[268.956s][info][gc             ] GC(494) Pause Young (Allocation Failure) 600M->395M(593M) 3.426ms
[268.956s][info][gc,cpu         ] GC(494) User=0.01s Sys=0.00s Real=0.01s
[269.424s][info][gc,start       ] GC(495) Pause Young (Allocation Failure)
[269.429s][info][gc,heap        ] GC(495) PSYoungGen: 204223K(204288K)->2687K(198656K) Eden: 202752K(202752K)->0K(195584K) From: 1471K(1536K)->2687K(3072K)
[269.429s][info][gc,heap        ] GC(495) ParOldGen: 403126K(403456K)->403142K(403456K)
[269.429s][info][gc,metaspace   ] GC(495) Metaspace: 56838K(57088K)->56838K(57088K) NonClass: 51208K(51392K)->51208K(51392K) Class: 5630K(5696K)->5630K(5696K)
[269.429s][info][gc             ] GC(495) Pause Young (Allocation Failure) 593M->396M(588M) 4.708ms
[269.429s][info][gc,cpu         ] GC(495) User=0.01s Sys=0.00s Real=0.01s
[269.881s][info][gc,start       ] GC(496) Pause Young (Allocation Failure)
[269.885s][info][gc,heap        ] GC(496) PSYoungGen: 198271K(198656K)->2111K(190976K) Eden: 195584K(195584K)->0K(188416K) From: 2687K(3072K)->2111K(2560K)
[269.885s][info][gc,heap        ] GC(496) ParOldGen: 403142K(403456K)->403158K(403456K)
[269.885s][info][gc,metaspace   ] GC(496) Metaspace: 56838K(57088K)->56838K(57088K) NonClass: 51208K(51392K)->51208K(51392K) Class: 5630K(5696K)->5630K(5696K)
[269.885s][info][gc             ] GC(496) Pause Young (Allocation Failure) 587M->395M(580M) 4.195ms
[269.885s][info][gc,cpu         ] GC(496) User=0.01s Sys=0.00s Real=0.00s
[270.308s][info][gc,start       ] GC(497) Pause Young (Allocation Failure)
[270.310s][info][gc,heap        ] GC(497) PSYoungGen: 190527K(190976K)->672K(182784K) Eden: 188416K(188416K)->0K(181760K) From: 2111K(2560K)->672K(1024K)
[270.310s][info][gc,heap        ] GC(497) ParOldGen: 403158K(403456K)->403174K(403456K)
[270.310s][info][gc,metaspace   ] GC(497) Metaspace: 56838K(57088K)->56838K(57088K) NonClass: 51208K(51392K)->51208K(51392K) Class: 5630K(5696K)->5630K(5696K)
[270.310s][info][gc             ] GC(497) Pause Young (Allocation Failure) 579M->394M(572M) 2.729ms
[270.310s][info][gc,cpu         ] GC(497) User=0.01s Sys=0.00s Real=0.00s
[270.759s][info][gc,start       ] GC(498) Pause Young (Allocation Failure)
[270.762s][info][gc,heap        ] GC(498) PSYoungGen: 182432K(182784K)->818K(176640K) Eden: 181760K(181760K)->0K(175616K) From: 672K(1024K)->818K(1024K)
[270.762s][info][gc,heap        ] GC(498) ParOldGen: 403174K(403456K)->403190K(403456K)
[270.762s][info][gc,metaspace   ] GC(498) Metaspace: 56838K(57088K)->56838K(57088K) NonClass: 51208K(51392K)->51208K(51392K) Class: 5630K(5696K)->5630K(5696K)
[270.762s][info][gc             ] GC(498) Pause Young (Allocation Failure) 571M->394M(566M) 2.680ms
[270.762s][info][gc,cpu         ] GC(498) User=0.01s Sys=0.00s Real=0.00s
[271.113s][info][gc,start       ] GC(499) Pause Young (Allocation Failure)
[271.116s][info][gc,heap        ] GC(499) PSYoungGen: 176434K(176640K)->1535K(171008K) Eden: 175616K(175616K)->0K(169472K) From: 818K(1024K)->1535K(1536K)
[271.116s][info][gc,heap        ] GC(499) ParOldGen: 403190K(403456K)->403206K(403456K)
[271.116s][info][gc,metaspace   ] GC(499) Metaspace: 56838K(57088K)->56838K(57088K) NonClass: 51208K(51392K)->51208K(51392K) Class: 5630K(5696K)->5630K(5696K)
[271.116s][info][gc             ] GC(499) Pause Young (Allocation Failure) 566M->395M(561M) 3.372ms
[271.116s][info][gc,cpu         ] GC(499) User=0.01s Sys=0.00s Real=0.01s
[271.566s][info][gc,start       ] GC(500) Pause Young (Allocation Failure)
[271.568s][info][gc,heap        ] GC(500) PSYoungGen: 171007K(171008K)->447K(164352K) Eden: 169472K(169472K)->0K(163840K) From: 1535K(1536K)->447K(512K)
[271.568s][info][gc,heap        ] GC(500) ParOldGen: 403206K(403456K)->403222K(403456K)
[271.568s][info][gc,metaspace   ] GC(500) Metaspace: 56841K(57088K)->56841K(57088K) NonClass: 51210K(51392K)->51210K(51392K) Class: 5630K(5696K)->5630K(5696K)
[271.568s][info][gc             ] GC(500) Pause Young (Allocation Failure) 560M->394M(554M) 2.242ms
[271.568s][info][gc,cpu         ] GC(500) User=0.01s Sys=0.00s Real=0.00s
[271.835s][info][gc,start       ] GC(501) Pause Young (Allocation Failure)
[271.841s][info][gc,heap        ] GC(501) PSYoungGen: 164287K(164352K)->3167K(198144K) Eden: 163840K(163840K)->0K(194560K) From: 447K(512K)->3167K(3584K)
[271.841s][info][gc,heap        ] GC(501) ParOldGen: 403222K(403456K)->403238K(403456K)
[271.841s][info][gc,metaspace   ] GC(501) Metaspace: 56841K(57088K)->56841K(57088K) NonClass: 51210K(51392K)->51210K(51392K) Class: 5630K(5696K)->5630K(5696K)
[271.841s][info][gc             ] GC(501) Pause Young (Allocation Failure) 554M->396M(587M) 5.410ms
[271.841s][info][gc,cpu         ] GC(501) User=0.01s Sys=0.00s Real=0.01s
[272.306s][info][gc,start       ] GC(502) Pause Young (Allocation Failure)
[272.308s][info][gc,heap        ] GC(502) PSYoungGen: 197727K(198144K)->640K(188416K) Eden: 194560K(194560K)->0K(187392K) From: 3167K(3584K)->640K(1024K)
[272.308s][info][gc,heap        ] GC(502) ParOldGen: 403238K(403456K)->403254K(403456K)
[272.308s][info][gc,metaspace   ] GC(502) Metaspace: 56841K(57088K)->56841K(57088K) NonClass: 51210K(51392K)->51210K(51392K) Class: 5630K(5696K)->5630K(5696K)
[272.308s][info][gc             ] GC(502) Pause Young (Allocation Failure) 586M->394M(578M) 2.358ms
[272.308s][info][gc,cpu         ] GC(502) User=0.00s Sys=0.00s Real=0.00s
[272.734s][info][gc,start       ] GC(503) Pause Young (Allocation Failure)
[272.738s][info][gc,heap        ] GC(503) PSYoungGen: 188032K(188416K)->1312K(182272K) Eden: 187392K(187392K)->0K(180736K) From: 640K(1024K)->1312K(1536K)
[272.738s][info][gc,heap        ] GC(503) ParOldGen: 403254K(403456K)->403270K(403456K)
[272.738s][info][gc,metaspace   ] GC(503) Metaspace: 56841K(57088K)->56841K(57088K) NonClass: 51210K(51392K)->51210K(51392K) Class: 5630K(5696K)->5630K(5696K)
[272.738s][info][gc             ] GC(503) Pause Young (Allocation Failure) 577M->395M(572M) 3.665ms
[272.738s][info][gc,cpu         ] GC(503) User=0.00s Sys=0.00s Real=0.01s
[273.123s][info][gc,start       ] GC(504) Pause Young (Allocation Failure)
[273.127s][info][gc,heap        ] GC(504) PSYoungGen: 182048K(182272K)->2111K(177152K) Eden: 180736K(180736K)->0K(174592K) From: 1312K(1536K)->2111K(2560K)
[273.127s][info][gc,heap        ] GC(504) ParOldGen: 403270K(403456K)->403286K(403456K)
[273.127s][info][gc,metaspace   ] GC(504) Metaspace: 56841K(57088K)->56841K(57088K) NonClass: 51210K(51392K)->51210K(51392K) Class: 5630K(5696K)->5630K(5696K)
[273.127s][info][gc             ] GC(504) Pause Young (Allocation Failure) 571M->395M(567M) 4.290ms
[273.127s][info][gc,cpu         ] GC(504) User=0.01s Sys=0.00s Real=0.01s
[273.517s][info][gc,start       ] GC(505) Pause Young (Allocation Failure)
[273.521s][info][gc,heap        ] GC(505) PSYoungGen: 176470K(177152K)->992K(169472K) Eden: 174359K(174592K)->0K(168448K) From: 2111K(2560K)->992K(1024K)
[273.521s][info][gc,heap        ] GC(505) ParOldGen: 403286K(403456K)->403302K(403456K)
[273.521s][info][gc,metaspace   ] GC(505) Metaspace: 56841K(57088K)->56841K(57088K) NonClass: 51210K(51392K)->51210K(51392K) Class: 5630K(5696K)->5630K(5696K)
[273.521s][info][gc             ] GC(505) Pause Young (Allocation Failure) 566M->394M(559M) 3.523ms
[273.521s][info][gc,cpu         ] GC(505) User=0.01s Sys=0.00s Real=0.00s
[273.951s][info][gc,start       ] GC(506) Pause Young (Allocation Failure)
[273.956s][info][gc,heap        ] GC(506) PSYoungGen: 169440K(169472K)->767K(163840K) Eden: 168448K(168448K)->0K(162816K) From: 992K(1024K)->767K(1024K)
[273.956s][info][gc,heap        ] GC(506) ParOldGen: 403302K(403456K)->403318K(403456K)
[273.956s][info][gc,metaspace   ] GC(506) Metaspace: 56841K(57088K)->56841K(57088K) NonClass: 51210K(51392K)->51210K(51392K) Class: 5630K(5696K)->5630K(5696K)
[273.957s][info][gc             ] GC(506) Pause Young (Allocation Failure) 559M->394M(554M) 5.167ms
[273.957s][info][gc,cpu         ] GC(506) User=0.00s Sys=0.00s Real=0.01s
[275.373s][info][gc,start       ] GC(507) Pause Young (Allocation Failure)
[275.428s][info][gc,heap        ] GC(507) PSYoungGen: 130192K(163840K)->64K(195072K) Eden: 129425K(162816K)->0K(194560K) From: 767K(1024K)->64K(512K)
[275.428s][info][gc,heap        ] GC(507) ParOldGen: 403318K(403456K)->442396K(442880K)
[275.428s][info][gc,metaspace   ] GC(507) Metaspace: 56843K(57088K)->56843K(57088K) NonClass: 51212K(51392K)->51212K(51392K) Class: 5630K(5696K)->5630K(5696K)
[275.428s][info][gc             ] GC(507) Pause Young (Allocation Failure) 521M->432M(623M) 54.407ms
[275.428s][info][gc,cpu         ] GC(507) User=0.05s Sys=0.02s Real=0.06s
[277.043s][info][gc,start       ] GC(508) Pause Young (Allocation Failure)
[277.087s][info][gc,heap        ] GC(508) PSYoungGen: 194624K(195072K)->3570K(235520K) Eden: 194560K(194560K)->0K(231936K) From: 64K(512K)->3570K(3584K)
[277.087s][info][gc,heap        ] GC(508) ParOldGen: 442396K(442880K)->501551K(501760K)
[277.087s][info][gc,metaspace   ] GC(508) Metaspace: 57029K(57344K)->57029K(57344K) NonClass: 51398K(51648K)->51398K(51648K) Class: 5631K(5696K)->5631K(5696K)
[277.087s][info][gc             ] GC(508) Pause Young (Allocation Failure) 622M->493M(720M) 43.834ms
[277.087s][info][gc,cpu         ] GC(508) User=0.04s Sys=0.04s Real=0.05s
[277.527s][info][gc,start       ] GC(509) Pause Young (Allocation Failure)
[277.536s][info][gc,heap        ] GC(509) PSYoungGen: 235506K(235520K)->2720K(259584K) Eden: 231936K(231936K)->0K(233472K) From: 3570K(3584K)->2720K(26112K)
[277.536s][info][gc,heap        ] GC(509) ParOldGen: 501551K(501760K)->505129K(505344K)
[277.536s][info][gc,metaspace   ] GC(509) Metaspace: 57029K(57344K)->57029K(57344K) NonClass: 51398K(51648K)->51398K(51648K) Class: 5631K(5696K)->5631K(5696K)
[277.536s][info][gc             ] GC(509) Pause Young (Allocation Failure) 719M->495M(747M) 8.634ms
[277.536s][info][gc,cpu         ] GC(509) User=0.01s Sys=0.00s Real=0.01s
[278.034s][info][gc,start       ] GC(510) Pause Young (Allocation Failure)
[278.039s][info][gc,heap        ] GC(510) PSYoungGen: 236192K(259584K)->3327K(258560K) Eden: 233472K(233472K)->0K(233472K) From: 2720K(26112K)->3327K(25088K)
[278.039s][info][gc,heap        ] GC(510) ParOldGen: 505129K(505344K)->505353K(505856K)
[278.039s][info][gc,metaspace   ] GC(510) Metaspace: 57029K(57344K)->57029K(57344K) NonClass: 51398K(51648K)->51398K(51648K) Class: 5631K(5696K)->5631K(5696K)
[278.039s][info][gc             ] GC(510) Pause Young (Allocation Failure) 723M->496M(746M) 5.851ms
[278.039s][info][gc,cpu         ] GC(510) User=0.02s Sys=0.00s Real=0.01s
[278.554s][info][gc,start       ] GC(511) Pause Young (Allocation Failure)
[278.557s][info][gc,heap        ] GC(511) PSYoungGen: 236650K(258560K)->672K(301056K) Eden: 233323K(233472K)->0K(278528K) From: 3327K(25088K)->672K(22528K)
[278.557s][info][gc,heap        ] GC(511) ParOldGen: 505353K(505856K)->505369K(505856K)
[278.557s][info][gc,metaspace   ] GC(511) Metaspace: 57029K(57344K)->57029K(57344K) NonClass: 51398K(51648K)->51398K(51648K) Class: 5631K(5696K)->5631K(5696K)
[278.557s][info][gc             ] GC(511) Pause Young (Allocation Failure) 724M->494M(788M) 2.985ms
[278.557s][info][gc,cpu         ] GC(511) User=0.00s Sys=0.00s Real=0.01s
[279.215s][info][gc,start       ] GC(512) Pause Young (Allocation Failure)
[279.218s][info][gc,heap        ] GC(512) PSYoungGen: 279200K(301056K)->1470K(302080K) Eden: 278528K(278528K)->0K(278528K) From: 672K(22528K)->1470K(23552K)
[279.218s][info][gc,heap        ] GC(512) ParOldGen: 505369K(505856K)->505385K(505856K)
[279.218s][info][gc,metaspace   ] GC(512) Metaspace: 57029K(57344K)->57029K(57344K) NonClass: 51398K(51648K)->51398K(51648K) Class: 5631K(5696K)->5631K(5696K)
[279.218s][info][gc             ] GC(512) Pause Young (Allocation Failure) 766M->494M(789M) 3.634ms
[279.218s][info][gc,cpu         ] GC(512) User=0.01s Sys=0.01s Real=0.01s
[279.825s][info][gc,start       ] GC(513) Pause Young (Allocation Failure)
[279.831s][info][gc,heap        ] GC(513) PSYoungGen: 279990K(302080K)->2496K(308224K) Eden: 278520K(278528K)->0K(287744K) From: 1470K(23552K)->2496K(20480K)
[279.831s][info][gc,heap        ] GC(513) ParOldGen: 505385K(505856K)->505401K(505856K)
[279.831s][info][gc,metaspace   ] GC(513) Metaspace: 57029K(57344K)->57029K(57344K) NonClass: 51398K(51648K)->51398K(51648K) Class: 5631K(5696K)->5631K(5696K)
[279.831s][info][gc             ] GC(513) Pause Young (Allocation Failure) 766M->495M(795M) 5.855ms
[279.831s][info][gc,cpu         ] GC(513) User=0.01s Sys=0.01s Real=0.01s
[280.516s][info][gc,start       ] GC(514) Pause Young (Allocation Failure)
[280.520s][info][gc,heap        ] GC(514) PSYoungGen: 290240K(308224K)->1152K(309248K) Eden: 287744K(287744K)->0K(287744K) From: 2496K(20480K)->1152K(21504K)
[280.520s][info][gc,heap        ] GC(514) ParOldGen: 505401K(505856K)->505417K(505856K)
[280.520s][info][gc,metaspace   ] GC(514) Metaspace: 57029K(57344K)->57029K(57344K) NonClass: 51398K(51648K)->51398K(51648K) Class: 5631K(5696K)->5631K(5696K)
[280.520s][info][gc             ] GC(514) Pause Young (Allocation Failure) 776M->494M(796M) 3.628ms
[280.520s][info][gc,cpu         ] GC(514) User=0.01s Sys=0.00s Real=0.00s
[281.123s][info][gc,start       ] GC(515) Pause Young (Allocation Failure)
[281.128s][info][gc,heap        ] GC(515) PSYoungGen: 288896K(309248K)->2558K(279552K) Eden: 287744K(287744K)->0K(276480K) From: 1152K(21504K)->2558K(3072K)
[281.128s][info][gc,heap        ] GC(515) ParOldGen: 505417K(505856K)->505433K(505856K)
[281.128s][info][gc,metaspace   ] GC(515) Metaspace: 57029K(57344K)->57029K(57344K) NonClass: 51398K(51648K)->51398K(51648K) Class: 5631K(5696K)->5631K(5696K)
[281.128s][info][gc             ] GC(515) Pause Young (Allocation Failure) 775M->496M(767M) 5.012ms
[281.128s][info][gc,cpu         ] GC(515) User=0.01s Sys=0.00s Real=0.01s
[281.751s][info][gc,start       ] GC(516) Pause Young (Allocation Failure)
[281.755s][info][gc,heap        ] GC(516) PSYoungGen: 279038K(279552K)->2335K(268288K) Eden: 276480K(276480K)->0K(265728K) From: 2558K(3072K)->2335K(2560K)
[281.755s][info][gc,heap        ] GC(516) ParOldGen: 505433K(505856K)->505449K(505856K)
[281.755s][info][gc,metaspace   ] GC(516) Metaspace: 57029K(57344K)->57029K(57344K) NonClass: 51398K(51648K)->51398K(51648K) Class: 5631K(5696K)->5631K(5696K)
[281.755s][info][gc             ] GC(516) Pause Young (Allocation Failure) 766M->495M(756M) 4.516ms
[281.755s][info][gc,cpu         ] GC(516) User=0.01s Sys=0.00s Real=0.00s
[282.327s][info][gc,start       ] GC(517) Pause Young (Allocation Failure)
[282.333s][info][gc,heap        ] GC(517) PSYoungGen: 268063K(268288K)->2752K(258560K) Eden: 265728K(265728K)->0K(255488K) From: 2335K(2560K)->2752K(3072K)
[282.333s][info][gc,heap        ] GC(517) ParOldGen: 505449K(505856K)->505465K(505856K)
[282.333s][info][gc,metaspace   ] GC(517) Metaspace: 57029K(57344K)->57029K(57344K) NonClass: 51398K(51648K)->51398K(51648K) Class: 5631K(5696K)->5631K(5696K)
[282.333s][info][gc             ] GC(517) Pause Young (Allocation Failure) 755M->496M(746M) 6.579ms
[282.333s][info][gc,cpu         ] GC(517) User=0.01s Sys=0.00s Real=0.00s
[282.922s][info][gc,start       ] GC(518) Pause Young (Allocation Failure)
[282.926s][info][gc,heap        ] GC(518) PSYoungGen: 258240K(258560K)->1887K(247808K) Eden: 255488K(255488K)->0K(245760K) From: 2752K(3072K)->1887K(2048K)
[282.926s][info][gc,heap        ] GC(518) ParOldGen: 505465K(505856K)->505481K(505856K)
[282.926s][info][gc,metaspace   ] GC(518) Metaspace: 57029K(57344K)->57029K(57344K) NonClass: 51398K(51648K)->51398K(51648K) Class: 5631K(5696K)->5631K(5696K)
[282.926s][info][gc             ] GC(518) Pause Young (Allocation Failure) 745M->495M(736M) 4.005ms
[282.926s][info][gc,cpu         ] GC(518) User=0.01s Sys=0.00s Real=0.01s
[283.505s][info][gc,start       ] GC(519) Pause Young (Allocation Failure)
[283.508s][info][gc,heap        ] GC(519) PSYoungGen: 247647K(247808K)->341K(237056K) Eden: 245760K(245760K)->0K(236544K) From: 1887K(2048K)->341K(512K)
[283.508s][info][gc,heap        ] GC(519) ParOldGen: 505481K(505856K)->505497K(505856K)
[283.508s][info][gc,metaspace   ] GC(519) Metaspace: 57029K(57344K)->57029K(57344K) NonClass: 51398K(51648K)->51398K(51648K) Class: 5631K(5696K)->5631K(5696K)
[283.508s][info][gc             ] GC(519) Pause Young (Allocation Failure) 735M->493M(725M) 2.966ms
[283.508s][info][gc,cpu         ] GC(519) User=0.00s Sys=0.00s Real=0.01s
[284.017s][info][gc,start       ] GC(520) Pause Young (Allocation Failure)
[284.021s][info][gc,heap        ] GC(520) PSYoungGen: 236885K(237056K)->1823K(243712K) Eden: 236544K(236544K)->0K(227840K) From: 341K(512K)->1823K(15872K)
[284.021s][info][gc,heap        ] GC(520) ParOldGen: 505497K(505856K)->505513K(505856K)
[284.021s][info][gc,metaspace   ] GC(520) Metaspace: 57029K(57344K)->57029K(57344K) NonClass: 51398K(51648K)->51398K(51648K) Class: 5631K(5696K)->5631K(5696K)
[284.021s][info][gc             ] GC(520) Pause Young (Allocation Failure) 724M->495M(732M) 3.681ms
[284.021s][info][gc,cpu         ] GC(520) User=0.01s Sys=0.00s Real=0.00s
[284.514s][info][gc,start       ] GC(521) Pause Young (Allocation Failure)
[284.519s][info][gc,heap        ] GC(521) PSYoungGen: 229663K(243712K)->2047K(221184K) Eden: 227840K(227840K)->0K(219136K) From: 1823K(15872K)->2047K(2048K)
[284.519s][info][gc,heap        ] GC(521) ParOldGen: 505513K(505856K)->505529K(505856K)
[284.519s][info][gc,metaspace   ] GC(521) Metaspace: 57029K(57344K)->57029K(57344K) NonClass: 51398K(51648K)->51398K(51648K) Class: 5631K(5696K)->5631K(5696K)
[284.519s][info][gc             ] GC(521) Pause Young (Allocation Failure) 717M->495M(710M) 4.613ms
[284.519s][info][gc,cpu         ] GC(521) User=0.01s Sys=0.00s Real=0.01s
[285.010s][info][gc,start       ] GC(522) Pause Young (Allocation Failure)
[285.013s][info][gc,heap        ] GC(522) PSYoungGen: 221183K(221184K)->1129K(212480K) Eden: 219136K(219136K)->0K(210944K) From: 2047K(2048K)->1129K(1536K)
[285.013s][info][gc,heap        ] GC(522) ParOldGen: 505529K(505856K)->505545K(505856K)
[285.013s][info][gc,metaspace   ] GC(522) Metaspace: 57029K(57344K)->57029K(57344K) NonClass: 51398K(51648K)->51398K(51648K) Class: 5631K(5696K)->5631K(5696K)
[285.013s][info][gc             ] GC(522) Pause Young (Allocation Failure) 709M->494M(701M) 3.322ms
[285.013s][info][gc,cpu         ] GC(522) User=0.01s Sys=0.00s Real=0.00s
[285.452s][info][gc,start       ] GC(523) Pause Young (Allocation Failure)
[285.456s][info][gc,heap        ] GC(523) PSYoungGen: 211767K(212480K)->1503K(204800K) Eden: 210637K(210944K)->0K(203264K) From: 1129K(1536K)->1503K(1536K)
[285.456s][info][gc,heap        ] GC(523) ParOldGen: 505545K(505856K)->505561K(505856K)
[285.456s][info][gc,metaspace   ] GC(523) Metaspace: 57029K(57344K)->57029K(57344K) NonClass: 51398K(51648K)->51398K(51648K) Class: 5631K(5696K)->5631K(5696K)
[285.456s][info][gc             ] GC(523) Pause Young (Allocation Failure) 700M->495M(694M) 4.162ms
[285.456s][info][gc,cpu         ] GC(523) User=0.00s Sys=0.00s Real=0.01s
[285.918s][info][gc,start       ] GC(524) Pause Young (Allocation Failure)
[285.922s][info][gc,heap        ] GC(524) PSYoungGen: 204767K(204800K)->2111K(208896K) Eden: 203264K(203264K)->0K(196096K) From: 1503K(1536K)->2111K(12800K)
[285.922s][info][gc,heap        ] GC(524) ParOldGen: 505561K(505856K)->505577K(505856K)
[285.922s][info][gc,metaspace   ] GC(524) Metaspace: 57029K(57344K)->57029K(57344K) NonClass: 51398K(51648K)->51398K(51648K) Class: 5631K(5696K)->5631K(5696K)
[285.922s][info][gc             ] GC(524) Pause Young (Allocation Failure) 693M->495M(698M) 4.012ms
[285.922s][info][gc,cpu         ] GC(524) User=0.00s Sys=0.00s Real=0.00s
[286.363s][info][gc,start       ] GC(525) Pause Young (Allocation Failure)
[286.367s][info][gc,heap        ] GC(525) PSYoungGen: 197936K(208896K)->1184K(190464K) Eden: 195825K(196096K)->0K(188928K) From: 2111K(12800K)->1184K(1536K)
[286.367s][info][gc,heap        ] GC(525) ParOldGen: 505577K(505856K)->505593K(505856K)
[286.367s][info][gc,metaspace   ] GC(525) Metaspace: 57029K(57344K)->57029K(57344K) NonClass: 51398K(51648K)->51398K(51648K) Class: 5631K(5696K)->5631K(5696K)
[286.367s][info][gc             ] GC(525) Pause Young (Allocation Failure) 687M->494M(680M) 4.227ms
[286.367s][info][gc,cpu         ] GC(525) User=0.01s Sys=0.00s Real=0.01s
[286.812s][info][gc,start       ] GC(526) Pause Young (Allocation Failure)
[286.816s][info][gc,heap        ] GC(526) PSYoungGen: 190112K(190464K)->1822K(184320K) Eden: 188928K(188928K)->0K(182272K) From: 1184K(1536K)->1822K(2048K)
[286.816s][info][gc,heap        ] GC(526) ParOldGen: 505593K(505856K)->505609K(505856K)
[286.816s][info][gc,metaspace   ] GC(526) Metaspace: 57029K(57344K)->57029K(57344K) NonClass: 51398K(51648K)->51398K(51648K) Class: 5631K(5696K)->5631K(5696K)
[286.816s][info][gc             ] GC(526) Pause Young (Allocation Failure) 679M->495M(674M) 3.474ms
[286.816s][info][gc,cpu         ] GC(526) User=0.01s Sys=0.00s Real=0.01s
[287.222s][info][gc,start       ] GC(527) Pause Young (Allocation Failure)
[287.226s][info][gc,heap        ] GC(527) PSYoungGen: 184094K(184320K)->2239K(178688K) Eden: 182272K(182272K)->0K(176128K) From: 1822K(2048K)->2239K(2560K)
[287.226s][info][gc,heap        ] GC(527) ParOldGen: 505609K(505856K)->505625K(505856K)
[287.226s][info][gc,metaspace   ] GC(527) Metaspace: 57029K(57344K)->57029K(57344K) NonClass: 51398K(51648K)->51398K(51648K) Class: 5631K(5696K)->5631K(5696K)
[287.226s][info][gc             ] GC(527) Pause Young (Allocation Failure) 673M->495M(668M) 4.848ms
[287.226s][info][gc,cpu         ] GC(527) User=0.00s Sys=0.00s Real=0.01s
[287.615s][info][gc,start       ] GC(528) Pause Young (Allocation Failure)
[287.619s][info][gc,heap        ] GC(528) PSYoungGen: 178367K(178688K)->1983K(172032K) Eden: 176128K(176128K)->0K(169984K) From: 2239K(2560K)->1983K(2048K)
[287.619s][info][gc,heap        ] GC(528) ParOldGen: 505625K(505856K)->505641K(505856K)
[287.619s][info][gc,metaspace   ] GC(528) Metaspace: 57029K(57344K)->57029K(57344K) NonClass: 51398K(51648K)->51398K(51648K) Class: 5631K(5696K)->5631K(5696K)
[287.619s][info][gc             ] GC(528) Pause Young (Allocation Failure) 667M->495M(662M) 3.804ms
[287.619s][info][gc,cpu         ] GC(528) User=0.00s Sys=0.00s Real=0.01s
[288.008s][info][gc,start       ] GC(529) Pause Young (Allocation Failure)
[288.012s][info][gc,heap        ] GC(529) PSYoungGen: 171967K(172032K)->935K(165376K) Eden: 169984K(169984K)->0K(164352K) From: 1983K(2048K)->935K(1024K)
[288.012s][info][gc,heap        ] GC(529) ParOldGen: 505641K(505856K)->505657K(505856K)
[288.012s][info][gc,metaspace   ] GC(529) Metaspace: 57029K(57344K)->57029K(57344K) NonClass: 51398K(51648K)->51398K(51648K) Class: 5631K(5696K)->5631K(5696K)
[288.012s][info][gc             ] GC(529) Pause Young (Allocation Failure) 661M->494M(655M) 3.391ms
[288.012s][info][gc,cpu         ] GC(529) User=0.00s Sys=0.00s Real=0.00s
[288.385s][info][gc,start       ] GC(530) Pause Young (Allocation Failure)
[288.389s][info][gc,heap        ] GC(530) PSYoungGen: 165108K(165376K)->1856K(167424K) Eden: 164173K(164352K)->0K(158720K) From: 935K(1024K)->1856K(8704K)
[288.389s][info][gc,heap        ] GC(530) ParOldGen: 505657K(505856K)->505673K(505856K)
[288.389s][info][gc,metaspace   ] GC(530) Metaspace: 57029K(57344K)->57029K(57344K) NonClass: 51398K(51648K)->51398K(51648K) Class: 5631K(5696K)->5631K(5696K)
[288.389s][info][gc             ] GC(530) Pause Young (Allocation Failure) 655M->495M(657M) 4.083ms
[288.389s][info][gc,cpu         ] GC(530) User=0.01s Sys=0.00s Real=0.01s
[288.718s][info][gc,start       ] GC(531) Pause Young (Allocation Failure)
[288.723s][info][gc,heap        ] GC(531) PSYoungGen: 160576K(167424K)->2112K(190976K) Eden: 158720K(158720K)->0K(188416K) From: 1856K(8704K)->2112K(2560K)
[288.723s][info][gc,heap        ] GC(531) ParOldGen: 505673K(505856K)->505689K(505856K)
[288.723s][info][gc,metaspace   ] GC(531) Metaspace: 57029K(57344K)->57029K(57344K) NonClass: 51398K(51648K)->51398K(51648K) Class: 5631K(5696K)->5631K(5696K)
[288.723s][info][gc             ] GC(531) Pause Young (Allocation Failure) 650M->495M(680M) 4.671ms
[288.723s][info][gc,cpu         ] GC(531) User=0.00s Sys=0.00s Real=0.00s
[289.125s][info][gc,start       ] GC(532) Pause Young (Allocation Failure)
[289.129s][info][gc,heap        ] GC(532) PSYoungGen: 190528K(190976K)->1728K(183808K) Eden: 188416K(188416K)->0K(181760K) From: 2112K(2560K)->1728K(2048K)
[289.129s][info][gc,heap        ] GC(532) ParOldGen: 505689K(505856K)->505705K(505856K)
[289.129s][info][gc,metaspace   ] GC(532) Metaspace: 57029K(57344K)->57029K(57344K) NonClass: 51398K(51648K)->51398K(51648K) Class: 5631K(5696K)->5631K(5696K)
[289.129s][info][gc             ] GC(532) Pause Young (Allocation Failure) 679M->495M(673M) 3.907ms
[289.129s][info][gc,cpu         ] GC(532) User=0.00s Sys=0.00s Real=0.01s
[289.533s][info][gc,start       ] GC(533) Pause Young (Allocation Failure)
[289.538s][info][gc,heap        ] GC(533) PSYoungGen: 183488K(183808K)->3199K(206848K) Eden: 181760K(181760K)->0K(199680K) From: 1728K(2048K)->3199K(7168K)
[289.538s][info][gc,heap        ] GC(533) ParOldGen: 505705K(505856K)->505721K(505856K)
[289.538s][info][gc,metaspace   ] GC(533) Metaspace: 57029K(57344K)->57029K(57344K) NonClass: 51398K(51648K)->51398K(51648K) Class: 5631K(5696K)->5631K(5696K)
[289.538s][info][gc             ] GC(533) Pause Young (Allocation Failure) 673M->496M(696M) 5.400ms
[289.538s][info][gc,cpu         ] GC(533) User=0.01s Sys=0.00s Real=0.01s
[290.011s][info][gc,start       ] GC(534) Pause Young (Allocation Failure)
[290.014s][info][gc,heap        ] GC(534) PSYoungGen: 202879K(206848K)->1499K(194048K) Eden: 199680K(199680K)->0K(192512K) From: 3199K(7168K)->1499K(1536K)
[290.014s][info][gc,heap        ] GC(534) ParOldGen: 505721K(505856K)->505737K(505856K)
[290.014s][info][gc,metaspace   ] GC(534) Metaspace: 57029K(57344K)->57029K(57344K) NonClass: 51398K(51648K)->51398K(51648K) Class: 5631K(5696K)->5631K(5696K)
[290.014s][info][gc             ] GC(534) Pause Young (Allocation Failure) 691M->495M(683M) 3.352ms
[290.014s][info][gc,cpu         ] GC(534) User=0.01s Sys=0.00s Real=0.00s
[290.451s][info][gc,start       ] GC(535) Pause Young (Allocation Failure)
[290.455s][info][gc,heap        ] GC(535) PSYoungGen: 194011K(194048K)->2494K(188416K) Eden: 192512K(192512K)->0K(185856K) From: 1499K(1536K)->2494K(2560K)
[290.455s][info][gc,heap        ] GC(535) ParOldGen: 505737K(505856K)->505753K(505856K)
[290.456s][info][gc,metaspace   ] GC(535) Metaspace: 57029K(57344K)->57029K(57344K) NonClass: 51398K(51648K)->51398K(51648K) Class: 5631K(5696K)->5631K(5696K)
[290.456s][info][gc             ] GC(535) Pause Young (Allocation Failure) 683M->496M(678M) 4.290ms
[290.456s][info][gc,cpu         ] GC(535) User=0.01s Sys=0.00s Real=0.01s
[290.833s][info][gc,start       ] GC(536) Pause Young (Allocation Failure)
[290.838s][info][gc,heap        ] GC(536) PSYoungGen: 188350K(188416K)->2624K(197120K) Eden: 185856K(185856K)->0K(190464K) From: 2494K(2560K)->2624K(6656K)
[290.838s][info][gc,heap        ] GC(536) ParOldGen: 505753K(505856K)->505769K(505856K)
[290.838s][info][gc,metaspace   ] GC(536) Metaspace: 57029K(57344K)->57029K(57344K) NonClass: 51398K(51648K)->51398K(51648K) Class: 5631K(5696K)->5631K(5696K)
[290.838s][info][gc             ] GC(536) Pause Young (Allocation Failure) 677M->496M(686M) 4.953ms
[290.838s][info][gc,cpu         ] GC(536) User=0.01s Sys=0.00s Real=0.01s
[291.355s][info][gc,start       ] GC(537) Pause Young (Allocation Failure)
[291.358s][info][gc,heap        ] GC(537) PSYoungGen: 193088K(197120K)->576K(184832K) Eden: 190464K(190464K)->0K(183808K) From: 2624K(6656K)->576K(1024K)
[291.358s][info][gc,heap        ] GC(537) ParOldGen: 505769K(505856K)->505785K(505856K)
[291.358s][info][gc,metaspace   ] GC(537) Metaspace: 57029K(57344K)->57029K(57344K) NonClass: 51398K(51648K)->51398K(51648K) Class: 5631K(5696K)->5631K(5696K)
[291.358s][info][gc             ] GC(537) Pause Young (Allocation Failure) 682M->494M(674M) 2.900ms
[291.358s][info][gc,cpu         ] GC(537) User=0.00s Sys=0.00s Real=0.01s
[291.706s][info][gc,start       ] GC(538) Pause Young (Allocation Failure)
[291.711s][info][gc,heap        ] GC(538) PSYoungGen: 184384K(184832K)->384K(221696K) Eden: 183808K(183808K)->0K(215552K) From: 576K(1024K)->384K(6144K)
[291.711s][info][gc,heap        ] GC(538) ParOldGen: 505785K(505856K)->505801K(505856K)
[291.711s][info][gc,metaspace   ] GC(538) Metaspace: 57029K(57344K)->57029K(57344K) NonClass: 51398K(51648K)->51398K(51648K) Class: 5631K(5696K)->5631K(5696K)
[291.711s][info][gc             ] GC(538) Pause Young (Allocation Failure) 673M->494M(710M) 4.549ms
[291.711s][info][gc,cpu         ] GC(538) User=0.01s Sys=0.01s Real=0.00s
[292.155s][info][gc,start       ] GC(539) Pause Young (Allocation Failure)
[292.158s][info][gc,heap        ] GC(539) PSYoungGen: 215936K(221696K)->1502K(209408K) Eden: 215552K(215552K)->0K(207872K) From: 384K(6144K)->1502K(1536K)
[292.158s][info][gc,heap        ] GC(539) ParOldGen: 505801K(505856K)->505817K(505856K)
[292.158s][info][gc,metaspace   ] GC(539) Metaspace: 57029K(57344K)->57029K(57344K) NonClass: 51398K(51648K)->51398K(51648K) Class: 5631K(5696K)->5631K(5696K)
[292.158s][info][gc             ] GC(539) Pause Young (Allocation Failure) 704M->495M(698M) 3.710ms
[292.158s][info][gc,cpu         ] GC(539) User=0.01s Sys=0.00s Real=0.01s
[292.776s][info][gc,start       ] GC(540) Pause Young (Allocation Failure)
[292.782s][info][gc,heap        ] GC(540) PSYoungGen: 209359K(209408K)->3392K(220160K) Eden: 207857K(207872K)->0K(214528K) From: 1502K(1536K)->3392K(5632K)
[292.782s][info][gc,heap        ] GC(540) ParOldGen: 505817K(505856K)->505833K(505856K)
[292.782s][info][gc,metaspace   ] GC(540) Metaspace: 57029K(57344K)->57029K(57344K) NonClass: 51398K(51648K)->51398K(51648K) Class: 5631K(5696K)->5631K(5696K)
[292.782s][info][gc             ] GC(540) Pause Young (Allocation Failure) 698M->497M(709M) 6.674ms
[292.782s][info][gc,cpu         ] GC(540) User=0.01s Sys=0.01s Real=0.00s
[293.217s][info][gc,start       ] GC(541) Pause Young (Allocation Failure)
[293.222s][info][gc,heap        ] GC(541) PSYoungGen: 217920K(220160K)->1984K(253952K) Eden: 214528K(214528K)->0K(247808K) From: 3392K(5632K)->1984K(6144K)
[293.222s][info][gc,heap        ] GC(541) ParOldGen: 505833K(505856K)->505849K(505856K)
[293.222s][info][gc,metaspace   ] GC(541) Metaspace: 57029K(57344K)->57029K(57344K) NonClass: 51398K(51648K)->51398K(51648K) Class: 5631K(5696K)->5631K(5696K)
[293.222s][info][gc             ] GC(541) Pause Young (Allocation Failure) 706M->495M(742M) 4.649ms
[293.222s][info][gc,cpu         ] GC(541) User=0.01s Sys=0.00s Real=0.00s
[293.813s][info][gc,start       ] GC(542) Pause Young (Allocation Failure)
[293.816s][info][gc,heap        ] GC(542) PSYoungGen: 249792K(253952K)->1101K(240128K) Eden: 247808K(247808K)->0K(238592K) From: 1984K(6144K)->1101K(1536K)
[293.816s][info][gc,heap        ] GC(542) ParOldGen: 505849K(505856K)->505865K(506368K)
[293.816s][info][gc,metaspace   ] GC(542) Metaspace: 57030K(57344K)->57030K(57344K) NonClass: 51398K(51648K)->51398K(51648K) Class: 5631K(5696K)->5631K(5696K)
[293.816s][info][gc             ] GC(542) Pause Young (Allocation Failure) 737M->495M(729M) 3.037ms
[293.816s][info][gc,cpu         ] GC(542) User=0.01s Sys=0.00s Real=0.01s
[294.322s][info][gc,start       ] GC(543) Pause Young (Allocation Failure)
[294.328s][info][gc,heap        ] GC(543) PSYoungGen: 239693K(240128K)->2496K(231936K) Eden: 238592K(238592K)->0K(229376K) From: 1101K(1536K)->2496K(2560K)
[294.328s][info][gc,heap        ] GC(543) ParOldGen: 505865K(506368K)->505881K(506368K)
[294.328s][info][gc,metaspace   ] GC(543) Metaspace: 57030K(57344K)->57030K(57344K) NonClass: 51398K(51648K)->51398K(51648K) Class: 5631K(5696K)->5631K(5696K)
[294.328s][info][gc             ] GC(543) Pause Young (Allocation Failure) 728M->496M(721M) 5.607ms
[294.328s][info][gc,cpu         ] GC(543) User=0.01s Sys=0.00s Real=0.01s
[294.826s][info][gc,start       ] GC(544) Pause Young (Allocation Failure)
[294.831s][info][gc,heap        ] GC(544) PSYoungGen: 231872K(231936K)->2655K(223744K) Eden: 229376K(229376K)->0K(220672K) From: 2496K(2560K)->2655K(3072K)
[294.831s][info][gc,heap        ] GC(544) ParOldGen: 505881K(506368K)->505897K(506368K)
[294.831s][info][gc,metaspace   ] GC(544) Metaspace: 57030K(57344K)->57030K(57344K) NonClass: 51398K(51648K)->51398K(51648K) Class: 5631K(5696K)->5631K(5696K)
[294.831s][info][gc             ] GC(544) Pause Young (Allocation Failure) 720M->496M(713M) 4.708ms
[294.831s][info][gc,cpu         ] GC(544) User=0.00s Sys=0.00s Real=0.00s
[295.324s][info][gc,start       ] GC(545) Pause Young (Allocation Failure)
[295.329s][info][gc,heap        ] GC(545) PSYoungGen: 223327K(223744K)->2687K(215552K) Eden: 220672K(220672K)->0K(212480K) From: 2655K(3072K)->2687K(3072K)
[295.329s][info][gc,heap        ] GC(545) ParOldGen: 505897K(506368K)->505913K(506368K)
[295.329s][info][gc,metaspace   ] GC(545) Metaspace: 57030K(57344K)->57030K(57344K) NonClass: 51398K(51648K)->51398K(51648K) Class: 5631K(5696K)->5631K(5696K)
[295.329s][info][gc             ] GC(545) Pause Young (Allocation Failure) 712M->496M(705M) 5.093ms
[295.329s][info][gc,cpu         ] GC(545) User=0.01s Sys=0.00s Real=0.01s
[295.812s][info][gc,start       ] GC(546) Pause Young (Allocation Failure)
[295.816s][info][gc,heap        ] GC(546) PSYoungGen: 215167K(215552K)->1887K(206848K) Eden: 212480K(212480K)->0K(204800K) From: 2687K(3072K)->1887K(2048K)
[295.816s][info][gc,heap        ] GC(546) ParOldGen: 505913K(506368K)->505929K(506368K)
[295.816s][info][gc,metaspace   ] GC(546) Metaspace: 57030K(57344K)->57030K(57344K) NonClass: 51398K(51648K)->51398K(51648K) Class: 5631K(5696K)->5631K(5696K)
[295.816s][info][gc             ] GC(546) Pause Young (Allocation Failure) 704M->495M(696M) 3.830ms
[295.816s][info][gc,cpu         ] GC(546) User=0.01s Sys=0.00s Real=0.01s
[296.256s][info][gc,start       ] GC(547) Pause Young (Allocation Failure)
[296.260s][info][gc,heap        ] GC(547) PSYoungGen: 206548K(206848K)->1951K(199680K) Eden: 204661K(204800K)->0K(197632K) From: 1887K(2048K)->1951K(2048K)
[296.260s][info][gc,heap        ] GC(547) ParOldGen: 505929K(506368K)->505945K(506368K)
[296.260s][info][gc,metaspace   ] GC(547) Metaspace: 57030K(57344K)->57030K(57344K) NonClass: 51398K(51648K)->51398K(51648K) Class: 5631K(5696K)->5631K(5696K)
[296.260s][info][gc             ] GC(547) Pause Young (Allocation Failure) 695M->495M(689M) 3.941ms
[296.260s][info][gc,cpu         ] GC(547) User=0.01s Sys=0.00s Real=0.00s
[296.716s][info][gc,start       ] GC(548) Pause Young (Allocation Failure)
[296.720s][info][gc,heap        ] GC(548) PSYoungGen: 199583K(199680K)->1888K(192512K) Eden: 197632K(197632K)->0K(190464K) From: 1951K(2048K)->1888K(2048K)
[296.720s][info][gc,heap        ] GC(548) ParOldGen: 505945K(506368K)->505961K(506368K)
[296.720s][info][gc,metaspace   ] GC(548) Metaspace: 57030K(57344K)->57030K(57344K) NonClass: 51398K(51648K)->51398K(51648K) Class: 5631K(5696K)->5631K(5696K)
[296.720s][info][gc             ] GC(548) Pause Young (Allocation Failure) 688M->495M(682M) 4.044ms
[296.720s][info][gc,cpu         ] GC(548) User=0.01s Sys=0.00s Real=0.00s
[297.133s][info][gc,start       ] GC(549) Pause Young (Allocation Failure)
[297.137s][info][gc,heap        ] GC(549) PSYoungGen: 192352K(192512K)->2528K(186368K) Eden: 190464K(190464K)->0K(183808K) From: 1888K(2048K)->2528K(2560K)
[297.137s][info][gc,heap        ] GC(549) ParOldGen: 505961K(506368K)->505977K(506368K)
[297.137s][info][gc,metaspace   ] GC(549) Metaspace: 57030K(57344K)->57030K(57344K) NonClass: 51398K(51648K)->51398K(51648K) Class: 5631K(5696K)->5631K(5696K)
[297.138s][info][gc             ] GC(549) Pause Young (Allocation Failure) 681M->496M(676M) 4.830ms
[297.138s][info][gc,cpu         ] GC(549) User=0.01s Sys=0.00s Real=0.01s
[297.544s][info][gc,start       ] GC(550) Pause Young (Allocation Failure)
[297.547s][info][gc,heap        ] GC(550) PSYoungGen: 186324K(186368K)->1216K(178688K) Eden: 183796K(183808K)->0K(177152K) From: 2528K(2560K)->1216K(1536K)
[297.547s][info][gc,heap        ] GC(550) ParOldGen: 505977K(506368K)->505993K(506368K)
[297.547s][info][gc,metaspace   ] GC(550) Metaspace: 57030K(57344K)->57030K(57344K) NonClass: 51398K(51648K)->51398K(51648K) Class: 5631K(5696K)->5631K(5696K)
[297.547s][info][gc             ] GC(550) Pause Young (Allocation Failure) 676M->495M(669M) 3.472ms
[297.547s][info][gc,cpu         ] GC(550) User=0.01s Sys=0.00s Real=0.01s
[297.945s][info][gc,start       ] GC(551) Pause Young (Allocation Failure)
[297.948s][info][gc,heap        ] GC(551) PSYoungGen: 178274K(178688K)->1312K(172544K) Eden: 177058K(177152K)->0K(171008K) From: 1216K(1536K)->1312K(1536K)
[297.948s][info][gc,heap        ] GC(551) ParOldGen: 505993K(506368K)->506009K(506368K)
[297.948s][info][gc,metaspace   ] GC(551) Metaspace: 57030K(57344K)->57030K(57344K) NonClass: 51398K(51648K)->51398K(51648K) Class: 5631K(5696K)->5631K(5696K)
[297.948s][info][gc             ] GC(551) Pause Young (Allocation Failure) 668M->495M(663M) 3.557ms
[297.948s][info][gc,cpu         ] GC(551) User=0.00s Sys=0.00s Real=0.01s
[298.334s][info][gc,start       ] GC(552) Pause Young (Allocation Failure)
[298.338s][info][gc,heap        ] GC(552) PSYoungGen: 172080K(172544K)->2048K(167424K) Eden: 170768K(171008K)->0K(165376K) From: 1312K(1536K)->2048K(2048K)
[298.338s][info][gc,heap        ] GC(552) ParOldGen: 506009K(506368K)->506025K(506368K)
[298.338s][info][gc,metaspace   ] GC(552) Metaspace: 57030K(57344K)->57030K(57344K) NonClass: 51398K(51648K)->51398K(51648K) Class: 5631K(5696K)->5631K(5696K)
[298.338s][info][gc             ] GC(552) Pause Young (Allocation Failure) 662M->496M(658M) 4.236ms
[298.338s][info][gc,cpu         ] GC(552) User=0.01s Sys=0.00s Real=0.01s
[298.718s][info][gc,start       ] GC(553) Pause Young (Allocation Failure)
[298.722s][info][gc,heap        ] GC(553) PSYoungGen: 167424K(167424K)->2207K(162304K) Eden: 165376K(165376K)->0K(159744K) From: 2048K(2048K)->2207K(2560K)
[298.722s][info][gc,heap        ] GC(553) ParOldGen: 506025K(506368K)->506041K(506368K)
[298.722s][info][gc,metaspace   ] GC(553) Metaspace: 57030K(57344K)->57030K(57344K) NonClass: 51398K(51648K)->51398K(51648K) Class: 5631K(5696K)->5631K(5696K)
[298.722s][info][gc             ] GC(553) Pause Young (Allocation Failure) 657M->496M(653M) 4.141ms
[298.722s][info][gc,cpu         ] GC(553) User=0.01s Sys=0.00s Real=0.00s
[299.106s][info][gc,start       ] GC(554) Pause Young (Allocation Failure)
[299.109s][info][gc,heap        ] GC(554) PSYoungGen: 161951K(162304K)->668K(155648K) Eden: 159744K(159744K)->0K(154624K) From: 2207K(2560K)->668K(1024K)
[299.109s][info][gc,heap        ] GC(554) ParOldGen: 506041K(506368K)->506057K(506368K)
[299.109s][info][gc,metaspace   ] GC(554) Metaspace: 57030K(57344K)->57030K(57344K) NonClass: 51398K(51648K)->51398K(51648K) Class: 5631K(5696K)->5631K(5696K)
[299.109s][info][gc             ] GC(554) Pause Young (Allocation Failure) 652M->494M(646M) 2.505ms
[299.109s][info][gc,cpu         ] GC(554) User=0.01s Sys=0.00s Real=0.00s
[299.424s][info][gc,start       ] GC(555) Pause Young (Allocation Failure)
[299.429s][info][gc,heap        ] GC(555) PSYoungGen: 155292K(155648K)->2303K(186368K) Eden: 154624K(154624K)->0K(183808K) From: 668K(1024K)->2303K(2560K)
[299.429s][info][gc,heap        ] GC(555) ParOldGen: 506057K(506368K)->506073K(506368K)
[299.429s][info][gc,metaspace   ] GC(555) Metaspace: 57030K(57344K)->57030K(57344K) NonClass: 51398K(51648K)->51398K(51648K) Class: 5631K(5696K)->5631K(5696K)
[299.429s][info][gc             ] GC(555) Pause Young (Allocation Failure) 645M->496M(676M) 4.301ms
[299.429s][info][gc,cpu         ] GC(555) User=0.00s Sys=0.00s Real=0.01s
[299.824s][info][gc,start       ] GC(556) Pause Young (Allocation Failure)
[299.829s][info][gc,heap        ] GC(556) PSYoungGen: 186111K(186368K)->2976K(221696K) Eden: 183808K(183808K)->0K(218624K) From: 2303K(2560K)->2976K(3072K)
[299.829s][info][gc,heap        ] GC(556) ParOldGen: 506073K(506368K)->506089K(506368K)
[299.829s][info][gc,metaspace   ] GC(556) Metaspace: 57030K(57344K)->57030K(57344K) NonClass: 51398K(51648K)->51398K(51648K) Class: 5631K(5696K)->5631K(5696K)
[299.829s][info][gc             ] GC(556) Pause Young (Allocation Failure) 675M->497M(711M) 5.224ms
[299.829s][info][gc,cpu         ] GC(556) User=0.01s Sys=0.00s Real=0.01s
[300.326s][info][gc,start       ] GC(557) Pause Young (Allocation Failure)
[300.331s][info][gc,heap        ] GC(557) PSYoungGen: 221600K(221696K)->2367K(222720K) Eden: 218624K(218624K)->0K(218624K) From: 2976K(3072K)->2367K(4096K)
[300.331s][info][gc,heap        ] GC(557) ParOldGen: 506089K(506368K)->506105K(506368K)
[300.331s][info][gc,metaspace   ] GC(557) Metaspace: 57030K(57344K)->57030K(57344K) NonClass: 51398K(51648K)->51398K(51648K) Class: 5631K(5696K)->5631K(5696K)
[300.331s][info][gc             ] GC(557) Pause Young (Allocation Failure) 710M->496M(712M) 4.273ms
[300.331s][info][gc,cpu         ] GC(557) User=0.01s Sys=0.00s Real=0.00s
[300.819s][info][gc,start       ] GC(558) Pause Young (Allocation Failure)
[300.824s][info][gc,heap        ] GC(558) PSYoungGen: 220991K(222720K)->2431K(222720K) Eden: 218624K(218624K)->0K(218624K) From: 2367K(4096K)->2431K(4096K)
[300.824s][info][gc,heap        ] GC(558) ParOldGen: 506105K(506368K)->506121K(506368K)
[300.824s][info][gc,metaspace   ] GC(558) Metaspace: 57030K(57344K)->57030K(57344K) NonClass: 51398K(51648K)->51398K(51648K) Class: 5631K(5696K)->5631K(5696K)
[300.824s][info][gc             ] GC(558) Pause Young (Allocation Failure) 710M->496M(712M) 4.209ms
[300.824s][info][gc,cpu         ] GC(558) User=0.00s Sys=0.00s Real=0.00s
[301.318s][info][gc,start       ] GC(559) Pause Young (Allocation Failure)
[301.322s][info][gc,heap        ] GC(559) PSYoungGen: 221055K(222720K)->1854K(212480K) Eden: 218624K(218624K)->0K(210432K) From: 2431K(4096K)->1854K(2048K)
[301.322s][info][gc,heap        ] GC(559) ParOldGen: 506121K(506368K)->506137K(506368K)
[301.322s][info][gc,metaspace   ] GC(559) Metaspace: 57030K(57344K)->57030K(57344K) NonClass: 51398K(51648K)->51398K(51648K) Class: 5631K(5696K)->5631K(5696K)
[301.322s][info][gc             ] GC(559) Pause Young (Allocation Failure) 710M->496M(702M) 3.979ms
[301.322s][info][gc,cpu         ] GC(559) User=0.00s Sys=0.00s Real=0.00s
[301.812s][info][gc,start       ] GC(560) Pause Young (Allocation Failure)
[301.815s][info][gc,heap        ] GC(560) PSYoungGen: 212286K(212480K)->1087K(204288K) Eden: 210432K(210432K)->0K(202752K) From: 1854K(2048K)->1087K(1536K)
[301.815s][info][gc,heap        ] GC(560) ParOldGen: 506137K(506368K)->506153K(506368K)
[301.815s][info][gc,metaspace   ] GC(560) Metaspace: 57030K(57344K)->57030K(57344K) NonClass: 51398K(51648K)->51398K(51648K) Class: 5631K(5696K)->5631K(5696K)
[301.815s][info][gc             ] GC(560) Pause Young (Allocation Failure) 701M->495M(694M) 3.426ms
[301.815s][info][gc,cpu         ] GC(560) User=0.01s Sys=0.00s Real=0.00s
[302.234s][info][gc,start       ] GC(561) Pause Young (Allocation Failure)
[302.241s][info][gc,heap        ] GC(561) PSYoungGen: 203839K(204288K)->3422K(244736K) Eden: 202752K(202752K)->0K(241152K) From: 1087K(1536K)->3422K(3584K)
[302.241s][info][gc,heap        ] GC(561) ParOldGen: 506153K(506368K)->506169K(506368K)
[302.241s][info][gc,metaspace   ] GC(561) Metaspace: 57030K(57344K)->57030K(57344K) NonClass: 51398K(51648K)->51398K(51648K) Class: 5631K(5696K)->5631K(5696K)
[302.241s][info][gc             ] GC(561) Pause Young (Allocation Failure) 693M->497M(733M) 6.420ms
[302.241s][info][gc,cpu         ] GC(561) User=0.02s Sys=0.00s Real=0.01s
[302.814s][info][gc,start       ] GC(562) Pause Young (Allocation Failure)
[302.821s][info][gc,heap        ] GC(562) PSYoungGen: 244574K(244736K)->1024K(259072K) Eden: 241152K(241152K)->0K(254464K) From: 3422K(3584K)->1024K(4608K)
[302.821s][info][gc,heap        ] GC(562) ParOldGen: 506169K(506368K)->506185K(506368K)
[302.821s][info][gc,metaspace   ] GC(562) Metaspace: 57030K(57344K)->57030K(57344K) NonClass: 51398K(51648K)->51398K(51648K) Class: 5631K(5696K)->5631K(5696K)
[302.821s][info][gc             ] GC(562) Pause Young (Allocation Failure) 733M->495M(747M) 6.789ms
[302.821s][info][gc,cpu         ] GC(562) User=0.01s Sys=0.00s Real=0.01s
[303.360s][info][gc,start       ] GC(563) Pause Young (Allocation Failure)
[303.363s][info][gc,heap        ] GC(563) PSYoungGen: 255261K(259072K)->576K(245760K) Eden: 254237K(254464K)->0K(244736K) From: 1024K(4608K)->576K(1024K)
[303.363s][info][gc,heap        ] GC(563) ParOldGen: 506185K(506368K)->506201K(506368K)
[303.363s][info][gc,metaspace   ] GC(563) Metaspace: 57030K(57344K)->57030K(57344K) NonClass: 51398K(51648K)->51398K(51648K) Class: 5631K(5696K)->5631K(5696K)
[303.363s][info][gc             ] GC(563) Pause Young (Allocation Failure) 743M->494M(734M) 2.943ms
[303.363s][info][gc,cpu         ] GC(563) User=0.00s Sys=0.00s Real=0.00s
[303.927s][info][gc,start       ] GC(564) Pause Young (Allocation Failure)
[303.933s][info][gc,heap        ] GC(564) PSYoungGen: 245312K(245760K)->2560K(238080K) Eden: 244736K(244736K)->0K(235520K) From: 576K(1024K)->2560K(2560K)
[303.933s][info][gc,heap        ] GC(564) ParOldGen: 506201K(506368K)->506217K(506368K)
[303.933s][info][gc,metaspace   ] GC(564) Metaspace: 57030K(57344K)->57030K(57344K) NonClass: 51398K(51648K)->51398K(51648K) Class: 5631K(5696K)->5631K(5696K)
[303.933s][info][gc             ] GC(564) Pause Young (Allocation Failure) 733M->496M(727M) 5.928ms
[303.933s][info][gc,cpu         ] GC(564) User=0.01s Sys=0.00s Real=0.00s
[304.561s][info][gc,start       ] GC(565) Pause Young (Allocation Failure)
[304.563s][info][gc,heap        ] GC(565) PSYoungGen: 238080K(238080K)->555K(227840K) Eden: 235520K(235520K)->0K(226816K) From: 2560K(2560K)->555K(1024K)
[304.563s][info][gc,heap        ] GC(565) ParOldGen: 506217K(506368K)->506233K(506368K)
[304.564s][info][gc,metaspace   ] GC(565) Metaspace: 57030K(57344K)->57030K(57344K) NonClass: 51398K(51648K)->51398K(51648K) Class: 5631K(5696K)->5631K(5696K)
[304.564s][info][gc             ] GC(565) Pause Young (Allocation Failure) 726M->494M(717M) 2.564ms
[304.564s][info][gc,cpu         ] GC(565) User=0.00s Sys=0.00s Real=0.00s
[305.107s][info][gc,start       ] GC(566) Pause Young (Allocation Failure)
[305.110s][info][gc,heap        ] GC(566) PSYoungGen: 227371K(227840K)->761K(219136K) Eden: 226816K(226816K)->0K(218112K) From: 555K(1024K)->761K(1024K)
[305.110s][info][gc,heap        ] GC(566) ParOldGen: 506233K(506368K)->506249K(506368K)
[305.110s][info][gc,metaspace   ] GC(566) Metaspace: 57030K(57344K)->57030K(57344K) NonClass: 51398K(51648K)->51398K(51648K) Class: 5631K(5696K)->5631K(5696K)
[305.110s][info][gc             ] GC(566) Pause Young (Allocation Failure) 716M->495M(708M) 2.922ms
[305.110s][info][gc,cpu         ] GC(566) User=0.01s Sys=0.00s Real=0.00s
[305.549s][info][gc,start       ] GC(567) Pause Young (Allocation Failure)
[305.552s][info][gc,heap        ] GC(567) PSYoungGen: 218629K(219136K)->704K(210944K) Eden: 217868K(218112K)->0K(209920K) From: 761K(1024K)->704K(1024K)
[305.552s][info][gc,heap        ] GC(567) ParOldGen: 506249K(506368K)->506265K(506368K)
[305.552s][info][gc,metaspace   ] GC(567) Metaspace: 57030K(57344K)->57030K(57344K) NonClass: 51398K(51648K)->51398K(51648K) Class: 5631K(5696K)->5631K(5696K)
[305.552s][info][gc             ] GC(567) Pause Young (Allocation Failure) 707M->495M(700M) 2.822ms
[305.552s][info][gc,cpu         ] GC(567) User=0.01s Sys=0.00s Real=0.00s
[306.034s][info][gc,start       ] GC(568) Pause Young (Allocation Failure)
[306.040s][info][gc,heap        ] GC(568) PSYoungGen: 210624K(210944K)->3006K(205312K) Eden: 209920K(209920K)->0K(202240K) From: 704K(1024K)->3006K(3072K)
[306.040s][info][gc,heap        ] GC(568) ParOldGen: 506265K(506368K)->506281K(506368K)
[306.040s][info][gc,metaspace   ] GC(568) Metaspace: 57030K(57344K)->57030K(57344K) NonClass: 51398K(51648K)->51398K(51648K) Class: 5631K(5696K)->5631K(5696K)
[306.040s][info][gc             ] GC(568) Pause Young (Allocation Failure) 700M->497M(695M) 5.845ms
[306.040s][info][gc,cpu         ] GC(568) User=0.00s Sys=0.01s Real=0.01s
[306.526s][info][gc,start       ] GC(569) Pause Young (Allocation Failure)
[306.538s][info][gc,heap        ] GC(569) PSYoungGen: 205246K(205312K)->2942K(243712K) Eden: 202240K(202240K)->0K(240640K) From: 3006K(3072K)->2942K(3072K)
[306.538s][info][gc,heap        ] GC(569) ParOldGen: 506281K(506368K)->506297K(506368K)
[306.538s][info][gc,metaspace   ] GC(569) Metaspace: 57030K(57344K)->57030K(57344K) NonClass: 51398K(51648K)->51398K(51648K) Class: 5631K(5696K)->5631K(5696K)
[306.539s][info][gc             ] GC(569) Pause Young (Allocation Failure) 694M->497M(732M) 12.117ms
[306.539s][info][gc,cpu         ] GC(569) User=0.01s Sys=0.00s Real=0.01s
[307.035s][info][gc,start       ] GC(570) Pause Young (Allocation Failure)
[307.041s][info][gc,heap        ] GC(570) PSYoungGen: 243582K(243712K)->2271K(276992K) Eden: 240640K(240640K)->0K(272384K) From: 2942K(3072K)->2271K(4608K)
[307.041s][info][gc,heap        ] GC(570) ParOldGen: 506297K(506368K)->506313K(506368K)
[307.041s][info][gc,metaspace   ] GC(570) Metaspace: 57030K(57344K)->57030K(57344K) NonClass: 51398K(51648K)->51398K(51648K) Class: 5631K(5696K)->5631K(5696K)
[307.041s][info][gc             ] GC(570) Pause Young (Allocation Failure) 732M->496M(765M) 5.599ms
[307.041s][info][gc,cpu         ] GC(570) User=0.00s Sys=0.00s Real=0.00s
[307.705s][info][gc,start       ] GC(571) Pause Young (Allocation Failure)
[307.709s][info][gc,heap        ] GC(571) PSYoungGen: 274655K(276992K)->1087K(290816K) Eden: 272384K(272384K)->0K(286208K) From: 2271K(4608K)->1087K(4608K)
[307.709s][info][gc,heap        ] GC(571) ParOldGen: 506313K(506368K)->506329K(506368K)
[307.709s][info][gc,metaspace   ] GC(571) Metaspace: 57030K(57344K)->57030K(57344K) NonClass: 51398K(51648K)->51398K(51648K) Class: 5631K(5696K)->5631K(5696K)
[307.709s][info][gc             ] GC(571) Pause Young (Allocation Failure) 762M->495M(778M) 4.539ms
[307.709s][info][gc,cpu         ] GC(571) User=0.01s Sys=0.01s Real=0.01s
[308.318s][info][gc,start       ] GC(572) Pause Young (Allocation Failure)
[308.323s][info][gc,heap        ] GC(572) PSYoungGen: 287295K(290816K)->1791K(290816K) Eden: 286208K(286208K)->0K(286208K) From: 1087K(4608K)->1791K(4608K)
[308.323s][info][gc,heap        ] GC(572) ParOldGen: 506329K(506368K)->506345K(506368K)
[308.323s][info][gc,metaspace   ] GC(572) Metaspace: 57030K(57344K)->57030K(57344K) NonClass: 51398K(51648K)->51398K(51648K) Class: 5631K(5696K)->5631K(5696K)
[308.323s][info][gc             ] GC(572) Pause Young (Allocation Failure) 775M->496M(778M) 4.570ms
[308.323s][info][gc,cpu         ] GC(572) User=0.00s Sys=0.00s Real=0.00s
[308.941s][info][gc,start       ] GC(573) Pause Young (Allocation Failure)
[308.947s][info][gc,heap        ] GC(573) PSYoungGen: 287999K(290816K)->2496K(328704K) Eden: 286208K(286208K)->0K(324608K) From: 1791K(4608K)->2496K(4096K)
[308.947s][info][gc,heap        ] GC(573) ParOldGen: 506345K(506368K)->506361K(506368K)
[308.947s][info][gc,metaspace   ] GC(573) Metaspace: 57030K(57344K)->57030K(57344K) NonClass: 51398K(51648K)->51398K(51648K) Class: 5631K(5696K)->5631K(5696K)
[308.947s][info][gc             ] GC(573) Pause Young (Allocation Failure) 775M->496M(815M) 5.917ms
[308.947s][info][gc,cpu         ] GC(573) User=0.01s Sys=0.00s Real=0.01s
[309.711s][info][gc,start       ] GC(574) Pause Young (Allocation Failure)
[309.715s][info][gc,heap        ] GC(574) PSYoungGen: 327104K(328704K)->1113K(312832K) Eden: 324608K(324608K)->0K(311296K) From: 2496K(4096K)->1113K(1536K)
[309.715s][info][gc,heap        ] GC(574) ParOldGen: 506361K(506368K)->506377K(506880K)
[309.715s][info][gc,metaspace   ] GC(574) Metaspace: 57030K(57344K)->57030K(57344K) NonClass: 51399K(51648K)->51399K(51648K) Class: 5631K(5696K)->5631K(5696K)
[309.715s][info][gc             ] GC(574) Pause Young (Allocation Failure) 813M->495M(800M) 4.365ms
[309.715s][info][gc,cpu         ] GC(574) User=0.00s Sys=0.00s Real=0.00s
[310.422s][info][gc,start       ] GC(575) Pause Young (Allocation Failure)
[310.427s][info][gc,heap        ] GC(575) PSYoungGen: 312409K(312832K)->576K(300032K) Eden: 311296K(311296K)->0K(299008K) From: 1113K(1536K)->576K(1024K)
[310.427s][info][gc,heap        ] GC(575) ParOldGen: 506377K(506880K)->506393K(506880K)
[310.427s][info][gc,metaspace   ] GC(575) Metaspace: 57030K(57344K)->57030K(57344K) NonClass: 51399K(51648K)->51399K(51648K) Class: 5631K(5696K)->5631K(5696K)
[310.427s][info][gc             ] GC(575) Pause Young (Allocation Failure) 799M->495M(788M) 5.201ms
[310.427s][info][gc,cpu         ] GC(575) User=0.01s Sys=0.00s Real=0.01s
[311.053s][info][gc,start       ] GC(576) Pause Young (Allocation Failure)
[311.057s][info][gc,heap        ] GC(576) PSYoungGen: 299584K(300032K)->384K(287744K) Eden: 299008K(299008K)->0K(287232K) From: 576K(1024K)->384K(512K)
[311.057s][info][gc,heap        ] GC(576) ParOldGen: 506393K(506880K)->506409K(506880K)
[311.057s][info][gc,metaspace   ] GC(576) Metaspace: 57030K(57344K)->57030K(57344K) NonClass: 51399K(51648K)->51399K(51648K) Class: 5631K(5696K)->5631K(5696K)
[311.057s][info][gc             ] GC(576) Pause Young (Allocation Failure) 787M->494M(776M) 3.568ms
[311.057s][info][gc,cpu         ] GC(576) User=0.01s Sys=0.00s Real=0.01s
[311.724s][info][gc,start       ] GC(577) Pause Young (Allocation Failure)
[311.731s][info][gc,heap        ] GC(577) PSYoungGen: 287431K(287744K)->2368K(278528K) Eden: 287047K(287232K)->0K(275968K) From: 384K(512K)->2368K(2560K)
[311.731s][info][gc,heap        ] GC(577) ParOldGen: 506409K(506880K)->506425K(506880K)
[311.731s][info][gc,metaspace   ] GC(577) Metaspace: 57030K(57344K)->57030K(57344K) NonClass: 51399K(51648K)->51399K(51648K) Class: 5631K(5696K)->5631K(5696K)
[311.731s][info][gc             ] GC(577) Pause Young (Allocation Failure) 775M->496M(767M) 7.039ms
[311.731s][info][gc,cpu         ] GC(577) User=0.00s Sys=0.00s Real=0.01s
[312.342s][info][gc,start       ] GC(578) Pause Young (Allocation Failure)
[312.348s][info][gc,heap        ] GC(578) PSYoungGen: 278336K(278528K)->3198K(268800K) Eden: 275968K(275968K)->0K(265216K) From: 2368K(2560K)->3198K(3584K)
[312.349s][info][gc,heap        ] GC(578) ParOldGen: 506425K(506880K)->506441K(506880K)
[312.349s][info][gc,metaspace   ] GC(578) Metaspace: 57030K(57344K)->57030K(57344K) NonClass: 51399K(51648K)->51399K(51648K) Class: 5631K(5696K)->5631K(5696K)
[312.349s][info][gc             ] GC(578) Pause Young (Allocation Failure) 766M->497M(757M) 6.257ms
[312.349s][info][gc,cpu         ] GC(578) User=0.01s Sys=0.00s Real=0.01s
[312.945s][info][gc,start       ] GC(579) Pause Young (Allocation Failure)
[312.949s][info][gc,heap        ] GC(579) PSYoungGen: 268414K(268800K)->2015K(257024K) Eden: 265216K(265216K)->0K(254976K) From: 3198K(3584K)->2015K(2048K)
[312.949s][info][gc,heap        ] GC(579) ParOldGen: 506441K(506880K)->506457K(506880K)
[312.949s][info][gc,metaspace   ] GC(579) Metaspace: 57030K(57344K)->57030K(57344K) NonClass: 51399K(51648K)->51399K(51648K) Class: 5631K(5696K)->5631K(5696K)
[312.949s][info][gc             ] GC(579) Pause Young (Allocation Failure) 756M->496M(746M) 4.057ms
[312.949s][info][gc,cpu         ] GC(579) User=0.00s Sys=0.00s Real=0.00s
[313.530s][info][gc,start       ] GC(580) Pause Young (Allocation Failure)
[313.535s][info][gc,heap        ] GC(580) PSYoungGen: 256991K(257024K)->3230K(248832K) Eden: 254976K(254976K)->0K(245248K) From: 2015K(2048K)->3230K(3584K)
[313.535s][info][gc,heap        ] GC(580) ParOldGen: 506457K(506880K)->506473K(506880K)
[313.535s][info][gc,metaspace   ] GC(580) Metaspace: 57030K(57344K)->57030K(57344K) NonClass: 51399K(51648K)->51399K(51648K) Class: 5631K(5696K)->5631K(5696K)
[313.535s][info][gc             ] GC(580) Pause Young (Allocation Failure) 745M->497M(738M) 5.199ms
[313.535s][info][gc,cpu         ] GC(580) User=0.01s Sys=0.00s Real=0.01s
[314.108s][info][gc,start       ] GC(581) Pause Young (Allocation Failure)
[314.111s][info][gc,heap        ] GC(581) PSYoungGen: 248478K(248832K)->512K(236544K) Eden: 245248K(245248K)->0K(236032K) From: 3230K(3584K)->512K(512K)
[314.111s][info][gc,heap        ] GC(581) ParOldGen: 506473K(506880K)->506489K(506880K)
[314.111s][info][gc,metaspace   ] GC(581) Metaspace: 57030K(57344K)->57030K(57344K) NonClass: 51399K(51648K)->51399K(51648K) Class: 5631K(5696K)->5631K(5696K)
[314.111s][info][gc             ] GC(581) Pause Young (Allocation Failure) 737M->495M(726M) 2.805ms
[314.111s][info][gc,cpu         ] GC(581) User=0.01s Sys=0.00s Real=0.00s
[314.626s][info][gc,start       ] GC(582) Pause Young (Allocation Failure)
[314.631s][info][gc,heap        ] GC(582) PSYoungGen: 236544K(236544K)->2240K(231936K) Eden: 236032K(236032K)->0K(227328K) From: 512K(512K)->2240K(4608K)
[314.631s][info][gc,heap        ] GC(582) ParOldGen: 506489K(506880K)->506505K(506880K)
[314.631s][info][gc,metaspace   ] GC(582) Metaspace: 57030K(57344K)->57030K(57344K) NonClass: 51399K(51648K)->51399K(51648K) Class: 5631K(5696K)->5631K(5696K)
[314.631s][info][gc             ] GC(582) Pause Young (Allocation Failure) 725M->496M(721M) 4.432ms
[314.631s][info][gc,cpu         ] GC(582) User=0.01s Sys=0.00s Real=0.00s
[315.129s][info][gc,start       ] GC(583) Pause Young (Allocation Failure)
[315.134s][info][gc,heap        ] GC(583) PSYoungGen: 229568K(231936K)->3071K(221696K) Eden: 227328K(227328K)->0K(218624K) From: 2240K(4608K)->3071K(3072K)
[315.134s][info][gc,heap        ] GC(583) ParOldGen: 506505K(506880K)->506521K(506880K)
[315.134s][info][gc,metaspace   ] GC(583) Metaspace: 57030K(57344K)->57030K(57344K) NonClass: 51399K(51648K)->51399K(51648K) Class: 5631K(5696K)->5631K(5696K)
[315.135s][info][gc             ] GC(583) Pause Young (Allocation Failure) 718M->497M(711M) 5.100ms
[315.135s][info][gc,cpu         ] GC(583) User=0.01s Sys=0.00s Real=0.00s
[315.658s][info][gc,start       ] GC(584) Pause Young (Allocation Failure)
[315.683s][info][gc,heap        ] GC(584) PSYoungGen: 221695K(221696K)->4593K(265728K) Eden: 218624K(218624K)->0K(261120K) From: 3071K(3072K)->4593K(4608K)
[315.683s][info][gc,heap        ] GC(584) ParOldGen: 506521K(506880K)->520268K(520704K)
[315.683s][info][gc,metaspace   ] GC(584) Metaspace: 57030K(57344K)->57030K(57344K) NonClass: 51399K(51648K)->51399K(51648K) Class: 5631K(5696K)->5631K(5696K)
[315.683s][info][gc             ] GC(584) Pause Young (Allocation Failure) 711M->512M(768M) 25.125ms
[315.683s][info][gc,cpu         ] GC(584) User=0.04s Sys=0.01s Real=0.02s
[316.218s][info][gc,start       ] GC(585) Pause Young (Allocation Failure)
[316.228s][info][gc,heap        ] GC(585) PSYoungGen: 265713K(265728K)->2048K(302080K) Eden: 261120K(261120K)->0K(300032K) From: 4593K(4608K)->2048K(2048K)
[316.228s][info][gc,heap        ] GC(585) ParOldGen: 520268K(520704K)->525357K(525824K)
[316.228s][info][gc,metaspace   ] GC(585) Metaspace: 57030K(57344K)->57030K(57344K) NonClass: 51399K(51648K)->51399K(51648K) Class: 5631K(5696K)->5631K(5696K)
[316.228s][info][gc             ] GC(585) Pause Young (Allocation Failure) 767M->515M(808M) 9.395ms
[316.228s][info][gc,cpu         ] GC(585) User=0.02s Sys=0.00s Real=0.01s
[316.914s][info][gc,start       ] GC(586) Pause Young (Allocation Failure)
[316.919s][info][gc,heap        ] GC(586) PSYoungGen: 302080K(302080K)->1887K(311296K) Eden: 300032K(300032K)->0K(300032K) From: 2048K(2048K)->1887K(11264K)
[316.919s][info][gc,heap        ] GC(586) ParOldGen: 525357K(525824K)->526917K(527360K)
[316.919s][info][gc,metaspace   ] GC(586) Metaspace: 57030K(57344K)->57030K(57344K) NonClass: 51399K(51648K)->51399K(51648K) Class: 5631K(5696K)->5631K(5696K)
[316.919s][info][gc             ] GC(586) Pause Young (Allocation Failure) 808M->516M(819M) 5.535ms
[316.919s][info][gc,cpu         ] GC(586) User=0.01s Sys=0.00s Real=0.01s
[317.592s][info][gc,start       ] GC(587) Pause Young (Allocation Failure)
[317.609s][info][gc,heap        ] GC(587) PSYoungGen: 301919K(311296K)->1535K(322048K) Eden: 300032K(300032K)->0K(311808K) From: 1887K(11264K)->1535K(10240K)
[317.609s][info][gc,heap        ] GC(587) ParOldGen: 526917K(527360K)->527077K(527360K)
[317.609s][info][gc,metaspace   ] GC(587) Metaspace: 57030K(57344K)->57030K(57344K) NonClass: 51399K(51648K)->51399K(51648K) Class: 5631K(5696K)->5631K(5696K)
[317.609s][info][gc             ] GC(587) Pause Young (Allocation Failure) 809M->516M(829M) 16.888ms
[317.609s][info][gc,cpu         ] GC(587) User=0.01s Sys=0.00s Real=0.02s
[318.251s][info][gc,start       ] GC(588) Pause Young (Allocation Failure)
[318.255s][info][gc,heap        ] GC(588) PSYoungGen: 313114K(322048K)->1696K(322560K) Eden: 311579K(311808K)->0K(311808K) From: 1535K(10240K)->1696K(10752K)
[318.255s][info][gc,heap        ] GC(588) ParOldGen: 527077K(527360K)->527093K(527360K)
[318.255s][info][gc,metaspace   ] GC(588) Metaspace: 57030K(57344K)->57030K(57344K) NonClass: 51399K(51648K)->51399K(51648K) Class: 5631K(5696K)->5631K(5696K)
[318.255s][info][gc             ] GC(588) Pause Young (Allocation Failure) 820M->516M(830M) 4.058ms
[318.255s][info][gc,cpu         ] GC(588) User=0.01s Sys=0.00s Real=0.01s
[318.945s][info][gc,start       ] GC(589) Pause Young (Allocation Failure)
[318.949s][info][gc,heap        ] GC(589) PSYoungGen: 313279K(322560K)->2080K(322048K) Eden: 311583K(311808K)->0K(312832K) From: 1696K(10752K)->2080K(9216K)
[318.949s][info][gc,heap        ] GC(589) ParOldGen: 527093K(527360K)->527109K(527360K)
[318.949s][info][gc,metaspace   ] GC(589) Metaspace: 57030K(57344K)->57030K(57344K) NonClass: 51399K(51648K)->51399K(51648K) Class: 5631K(5696K)->5631K(5696K)
[318.949s][info][gc             ] GC(589) Pause Young (Allocation Failure) 820M->516M(829M) 4.742ms
[318.949s][info][gc,cpu         ] GC(589) User=0.01s Sys=0.00s Real=0.01s
[319.644s][info][gc,start       ] GC(590) Pause Young (Allocation Failure)
[319.648s][info][gc,heap        ] GC(590) PSYoungGen: 314912K(322048K)->1662K(322560K) Eden: 312832K(312832K)->0K(312832K) From: 2080K(9216K)->1662K(9728K)
[319.648s][info][gc,heap        ] GC(590) ParOldGen: 527109K(527360K)->527125K(527360K)
[319.648s][info][gc,metaspace   ] GC(590) Metaspace: 57030K(57344K)->57030K(57344K) NonClass: 51399K(51648K)->51399K(51648K) Class: 5631K(5696K)->5631K(5696K)
[319.648s][info][gc             ] GC(590) Pause Young (Allocation Failure) 822M->516M(830M) 3.791ms
[319.648s][info][gc,cpu         ] GC(590) User=0.01s Sys=0.00s Real=0.01s
[320.343s][info][gc,start       ] GC(591) Pause Young (Allocation Failure)
[320.347s][info][gc,heap        ] GC(591) PSYoungGen: 314494K(322560K)->1375K(301568K) Eden: 312832K(312832K)->0K(300032K) From: 1662K(9728K)->1375K(1536K)
[320.347s][info][gc,heap        ] GC(591) ParOldGen: 527125K(527360K)->527141K(527360K)
[320.347s][info][gc,metaspace   ] GC(591) Metaspace: 57030K(57344K)->57030K(57344K) NonClass: 51399K(51648K)->51399K(51648K) Class: 5631K(5696K)->5631K(5696K)
[320.347s][info][gc             ] GC(591) Pause Young (Allocation Failure) 821M->516M(809M) 3.463ms
[320.347s][info][gc,cpu         ] GC(591) User=0.00s Sys=0.00s Real=0.01s
[321.032s][info][gc,start       ] GC(592) Pause Young (Allocation Failure)
[321.036s][info][gc,heap        ] GC(592) PSYoungGen: 301407K(301568K)->2368K(290816K) Eden: 300032K(300032K)->0K(288256K) From: 1375K(1536K)->2368K(2560K)
[321.036s][info][gc,heap        ] GC(592) ParOldGen: 527141K(527360K)->527157K(527360K)
[321.036s][info][gc,metaspace   ] GC(592) Metaspace: 57030K(57344K)->57030K(57344K) NonClass: 51399K(51648K)->51399K(51648K) Class: 5631K(5696K)->5631K(5696K)
[321.036s][info][gc             ] GC(592) Pause Young (Allocation Failure) 809M->517M(799M) 4.801ms
[321.036s][info][gc,cpu         ] GC(592) User=0.01s Sys=0.00s Real=0.01s
[321.713s][info][gc,start       ] GC(593) Pause Young (Allocation Failure)
[321.716s][info][gc,heap        ] GC(593) PSYoungGen: 290624K(290816K)->1151K(278528K) Eden: 288256K(288256K)->0K(276992K) From: 2368K(2560K)->1151K(1536K)
[321.716s][info][gc,heap        ] GC(593) ParOldGen: 527157K(527360K)->527173K(527360K)
[321.716s][info][gc,metaspace   ] GC(593) Metaspace: 57030K(57344K)->57030K(57344K) NonClass: 51399K(51648K)->51399K(51648K) Class: 5631K(5696K)->5631K(5696K)
[321.716s][info][gc             ] GC(593) Pause Young (Allocation Failure) 798M->515M(787M) 3.641ms
[321.716s][info][gc,cpu         ] GC(593) User=0.01s Sys=0.01s Real=0.01s
[322.357s][info][gc,start       ] GC(594) Pause Young (Allocation Failure)
[322.368s][info][gc,heap        ] GC(594) PSYoungGen: 278143K(278528K)->3424K(309248K) Eden: 276992K(276992K)->0K(301056K) From: 1151K(1536K)->3424K(8192K)
[322.368s][info][gc,heap        ] GC(594) ParOldGen: 527173K(527360K)->527189K(527360K)
[322.368s][info][gc,metaspace   ] GC(594) Metaspace: 57030K(57344K)->57030K(57344K) NonClass: 51399K(51648K)->51399K(51648K) Class: 5631K(5696K)->5631K(5696K)
[322.368s][info][gc             ] GC(594) Pause Young (Allocation Failure) 786M->518M(817M) 10.811ms
[322.368s][info][gc,cpu         ] GC(594) User=0.01s Sys=0.00s Real=0.01s
[323.016s][info][gc,start       ] GC(595) Pause Young (Allocation Failure)
[323.021s][info][gc,heap        ] GC(595) PSYoungGen: 304480K(309248K)->2174K(291840K) Eden: 301056K(301056K)->0K(289280K) From: 3424K(8192K)->2174K(2560K)
[323.021s][info][gc,heap        ] GC(595) ParOldGen: 527189K(527360K)->527205K(527360K)
[323.021s][info][gc,metaspace   ] GC(595) Metaspace: 57030K(57344K)->57030K(57344K) NonClass: 51399K(51648K)->51399K(51648K) Class: 5631K(5696K)->5631K(5696K)
[323.021s][info][gc             ] GC(595) Pause Young (Allocation Failure) 812M->516M(800M) 4.530ms
[323.021s][info][gc,cpu         ] GC(595) User=0.01s Sys=0.00s Real=0.00s
[323.646s][info][gc,start       ] GC(596) Pause Young (Allocation Failure)
[323.650s][info][gc,heap        ] GC(596) PSYoungGen: 291362K(291840K)->1344K(279552K) Eden: 289187K(289280K)->0K(278016K) From: 2174K(2560K)->1344K(1536K)
[323.650s][info][gc,heap        ] GC(596) ParOldGen: 527205K(527360K)->527221K(527360K)
[323.650s][info][gc,metaspace   ] GC(596) Metaspace: 57030K(57344K)->57030K(57344K) NonClass: 51399K(51648K)->51399K(51648K) Class: 5631K(5696K)->5631K(5696K)
[323.650s][info][gc             ] GC(596) Pause Young (Allocation Failure) 799M->516M(788M) 3.788ms
[323.650s][info][gc,cpu         ] GC(596) User=0.01s Sys=0.00s Real=0.00s
[324.311s][info][gc,start       ] GC(597) Pause Young (Allocation Failure)
[324.316s][info][gc,heap        ] GC(597) PSYoungGen: 279360K(279552K)->1012K(268288K) Eden: 278016K(278016K)->0K(267264K) From: 1344K(1536K)->1012K(1024K)
[324.316s][info][gc,heap        ] GC(597) ParOldGen: 527221K(527360K)->527237K(527360K)
[324.316s][info][gc,metaspace   ] GC(597) Metaspace: 57030K(57344K)->57030K(57344K) NonClass: 51399K(51648K)->51399K(51648K) Class: 5631K(5696K)->5631K(5696K)
[324.316s][info][gc             ] GC(597) Pause Young (Allocation Failure) 787M->515M(777M) 4.613ms
[324.316s][info][gc,cpu         ] GC(597) User=0.01s Sys=0.00s Real=0.01s
[324.908s][info][gc,start       ] GC(598) Pause Young (Allocation Failure)
[324.911s][info][gc,heap        ] GC(598) PSYoungGen: 268276K(268288K)->840K(258048K) Eden: 267264K(267264K)->0K(257024K) From: 1012K(1024K)->840K(1024K)
[324.911s][info][gc,heap        ] GC(598) ParOldGen: 527237K(527360K)->527253K(527360K)
[324.911s][info][gc,metaspace   ] GC(598) Metaspace: 57030K(57344K)->57030K(57344K) NonClass: 51399K(51648K)->51399K(51648K) Class: 5631K(5696K)->5631K(5696K)
[324.911s][info][gc             ] GC(598) Pause Young (Allocation Failure) 776M->515M(767M) 2.783ms
[324.911s][info][gc,cpu         ] GC(598) User=0.00s Sys=0.00s Real=0.00s
[325.447s][info][gc,start       ] GC(599) Pause Young (Allocation Failure)
[325.451s][info][gc,heap        ] GC(599) PSYoungGen: 257864K(258048K)->960K(248320K) Eden: 257024K(257024K)->0K(247296K) From: 840K(1024K)->960K(1024K)
[325.451s][info][gc,heap        ] GC(599) ParOldGen: 527253K(527360K)->527269K(527360K)
[325.451s][info][gc,metaspace   ] GC(599) Metaspace: 57030K(57344K)->57030K(57344K) NonClass: 51399K(51648K)->51399K(51648K) Class: 5631K(5696K)->5631K(5696K)
[325.451s][info][gc             ] GC(599) Pause Young (Allocation Failure) 766M->515M(757M) 3.413ms
[325.451s][info][gc,cpu         ] GC(599) User=0.01s Sys=0.00s Real=0.00s
[326.023s][info][gc,start       ] GC(600) Pause Young (Allocation Failure)
[326.028s][info][gc,heap        ] GC(600) PSYoungGen: 248256K(248320K)->2112K(244736K) Eden: 247296K(247296K)->0K(238080K) From: 960K(1024K)->2112K(6656K)
[326.028s][info][gc,heap        ] GC(600) ParOldGen: 527269K(527360K)->527285K(527360K)
[326.028s][info][gc,metaspace   ] GC(600) Metaspace: 57030K(57344K)->57030K(57344K) NonClass: 51399K(51648K)->51399K(51648K) Class: 5631K(5696K)->5631K(5696K)
[326.028s][info][gc             ] GC(600) Pause Young (Allocation Failure) 757M->516M(754M) 4.856ms
[326.028s][info][gc,cpu         ] GC(600) User=0.01s Sys=0.00s Real=0.01s
[326.641s][info][gc,start       ] GC(601) Pause Young (Allocation Failure)
[326.645s][info][gc,heap        ] GC(601) PSYoungGen: 240192K(244736K)->1823K(230912K) Eden: 238080K(238080K)->0K(228864K) From: 2112K(6656K)->1823K(2048K)
[326.645s][info][gc,heap        ] GC(601) ParOldGen: 527285K(527360K)->527301K(527360K)
[326.645s][info][gc,metaspace   ] GC(601) Metaspace: 57030K(57344K)->57030K(57344K) NonClass: 51399K(51648K)->51399K(51648K) Class: 5631K(5696K)->5631K(5696K)
[326.645s][info][gc             ] GC(601) Pause Young (Allocation Failure) 749M->516M(740M) 4.004ms
[326.645s][info][gc,cpu         ] GC(601) User=0.01s Sys=0.00s Real=0.00s
[327.196s][info][gc,start       ] GC(602) Pause Young (Allocation Failure)
[327.234s][info][gc,heap        ] GC(602) PSYoungGen: 230650K(230912K)->64K(273920K) Eden: 228826K(228864K)->0K(273408K) From: 1823K(2048K)->64K(512K)
[327.234s][info][gc,heap        ] GC(602) ParOldGen: 527301K(527360K)->566380K(566784K)
[327.234s][info][gc,metaspace   ] GC(602) Metaspace: 57035K(57344K)->57035K(57344K) NonClass: 51404K(51648K)->51404K(51648K) Class: 5631K(5696K)->5631K(5696K)
[327.234s][info][gc             ] GC(602) Pause Young (Allocation Failure) 740M->553M(821M) 38.230ms
[327.235s][info][gc,cpu         ] GC(602) User=0.05s Sys=0.02s Real=0.03s
[330.042s][info][gc,start       ] GC(603) Pause Young (Allocation Failure)
[330.113s][info][gc,heap        ] GC(603) PSYoungGen: 273472K(273920K)->6137K(260096K) Eden: 273408K(273408K)->0K(253952K) From: 64K(512K)->6137K(6144K)
[330.113s][info][gc,heap        ] GC(603) ParOldGen: 566380K(566784K)->655487K(655872K)
[330.113s][info][gc,metaspace   ] GC(603) Metaspace: 57240K(57536K)->57240K(57536K) NonClass: 51608K(51840K)->51608K(51840K) Class: 5632K(5696K)->5632K(5696K)
[330.113s][info][gc             ] GC(603) Pause Young (Allocation Failure) 820M->646M(894M) 71.134ms
[330.113s][info][gc,cpu         ] GC(603) User=0.08s Sys=0.06s Real=0.07s
[330.549s][info][gc,start       ] GC(604) Pause Full (Allocation Failure)
[330.549s][info][gc,phases,start] GC(604) Marking Phase
[330.593s][info][gc,phases      ] GC(604) Marking Phase 43.512ms
[330.593s][info][gc,phases,start] GC(604) Summary Phase
[330.593s][info][gc,phases      ] GC(604) Summary Phase 0.027ms
[330.593s][info][gc,phases,start] GC(604) Forward
[330.598s][info][gc,phases      ] GC(604) Forward 4.807ms
[330.598s][info][gc,phases,start] GC(604) Adjust Pointers
[330.617s][info][gc,phases      ] GC(604) Adjust Pointers 19.198ms
[330.617s][info][gc,phases,start] GC(604) Compaction Phase
[330.634s][info][gc,phases      ] GC(604) Compaction Phase 16.905ms
[330.634s][info][gc,phases,start] GC(604) Post Compact
[330.637s][info][gc,phases      ] GC(604) Post Compact 3.374ms
[330.658s][info][gc,heap        ] GC(604) PSYoungGen: 260029K(260096K)->0K(293888K) Eden: 253891K(253952K)->0K(253952K) From: 6137K(6144K)->0K(39936K)
[330.658s][info][gc,heap        ] GC(604) ParOldGen: 655487K(655872K)->281530K(399360K)
[330.658s][info][gc,metaspace   ] GC(604) Metaspace: 57240K(57536K)->57240K(57536K) NonClass: 51608K(51840K)->51608K(51840K) Class: 5632K(5696K)->5632K(5696K)
[330.658s][info][gc             ] GC(604) Pause Full (Allocation Failure) 894M->274M(677M) 108.646ms
[330.658s][info][gc,cpu         ] GC(604) User=0.13s Sys=0.02s Real=0.11s
[331.132s][info][gc,start       ] GC(605) Pause Young (Allocation Failure)
[331.137s][info][gc,heap        ] GC(605) PSYoungGen: 253952K(293888K)->3454K(290816K) Eden: 253952K(253952K)->0K(253952K) From: 0K(39936K)->3454K(36864K)
[331.137s][info][gc,heap        ] GC(605) ParOldGen: 281530K(399360K)->281530K(399360K)
[331.137s][info][gc,metaspace   ] GC(605) Metaspace: 57240K(57536K)->57240K(57536K) NonClass: 51608K(51840K)->51608K(51840K) Class: 5632K(5696K)->5632K(5696K)
[331.137s][info][gc             ] GC(605) Pause Young (Allocation Failure) 522M->278M(674M) 4.751ms
[331.137s][info][gc,cpu         ] GC(605) User=0.01s Sys=0.00s Real=0.01s
[331.719s][info][gc,start       ] GC(606) Pause Young (Allocation Failure)
[331.723s][info][gc,heap        ] GC(606) PSYoungGen: 257406K(290816K)->2463K(292352K) Eden: 253952K(253952K)->0K(253952K) From: 3454K(36864K)->2463K(38400K)
[331.723s][info][gc,heap        ] GC(606) ParOldGen: 281530K(399360K)->281865K(399360K)
[331.723s][info][gc,metaspace   ] GC(606) Metaspace: 57240K(57536K)->57240K(57536K) NonClass: 51608K(51840K)->51608K(51840K) Class: 5632K(5696K)->5632K(5696K)
[331.723s][info][gc             ] GC(606) Pause Young (Allocation Failure) 526M->277M(675M) 3.831ms
[331.723s][info][gc,cpu         ] GC(606) User=0.00s Sys=0.00s Real=0.00s
[332.307s][info][gc,start       ] GC(607) Pause Young (Allocation Failure)
[332.309s][info][gc,heap        ] GC(607) PSYoungGen: 256415K(292352K)->927K(291840K) Eden: 253952K(253952K)->0K(258048K) From: 2463K(38400K)->927K(33792K)
[332.309s][info][gc,heap        ] GC(607) ParOldGen: 281865K(399360K)->281881K(399360K)
[332.309s][info][gc,metaspace   ] GC(607) Metaspace: 57240K(57536K)->57240K(57536K) NonClass: 51608K(51840K)->51608K(51840K) Class: 5632K(5696K)->5632K(5696K)
[332.309s][info][gc             ] GC(607) Pause Young (Allocation Failure) 525M->276M(675M) 2.209ms
[332.309s][info][gc,cpu         ] GC(607) User=0.00s Sys=0.00s Real=0.00s
[332.850s][info][gc,start       ] GC(608) Pause Young (Allocation Failure)
[332.852s][info][gc,heap        ] GC(608) PSYoungGen: 258961K(291840K)->416K(293888K) Eden: 258034K(258048K)->0K(258048K) From: 927K(33792K)->416K(35840K)
[332.852s][info][gc,heap        ] GC(608) ParOldGen: 281881K(399360K)->281897K(399360K)
[332.852s][info][gc,metaspace   ] GC(608) Metaspace: 57240K(57536K)->57240K(57536K) NonClass: 51608K(51840K)->51608K(51840K) Class: 5632K(5696K)->5632K(5696K)
[332.852s][info][gc             ] GC(608) Pause Young (Allocation Failure) 528M->275M(677M) 1.924ms
[332.852s][info][gc,cpu         ] GC(608) User=0.01s Sys=0.01s Real=0.00s
[333.438s][info][gc,start       ] GC(609) Pause Young (Allocation Failure)
[333.441s][info][gc,heap        ] GC(609) PSYoungGen: 258464K(293888K)->2112K(263168K) Eden: 258048K(258048K)->0K(248320K) From: 416K(35840K)->2112K(14848K)
[333.441s][info][gc,heap        ] GC(609) ParOldGen: 281897K(399360K)->281913K(399360K)
[333.441s][info][gc,metaspace   ] GC(609) Metaspace: 57240K(57536K)->57240K(57536K) NonClass: 51608K(51840K)->51608K(51840K) Class: 5632K(5696K)->5632K(5696K)
[333.441s][info][gc             ] GC(609) Pause Young (Allocation Failure) 527M->277M(647M) 3.838ms
[333.441s][info][gc,cpu         ] GC(609) User=0.01s Sys=0.00s Real=0.00s
[334.015s][info][gc,start       ] GC(610) Pause Young (Allocation Failure)
[334.019s][info][gc,heap        ] GC(610) PSYoungGen: 250432K(263168K)->1600K(241152K) Eden: 248320K(248320K)->0K(239104K) From: 2112K(14848K)->1600K(2048K)
[334.019s][info][gc,heap        ] GC(610) ParOldGen: 281913K(399360K)->281929K(399360K)
[334.019s][info][gc,metaspace   ] GC(610) Metaspace: 57240K(57536K)->57240K(57536K) NonClass: 51608K(51840K)->51608K(51840K) Class: 5632K(5696K)->5632K(5696K)
[334.019s][info][gc             ] GC(610) Pause Young (Allocation Failure) 519M->276M(625M) 3.548ms
[334.019s][info][gc,cpu         ] GC(610) User=0.00s Sys=0.00s Real=0.00s
[334.532s][info][gc,start       ] GC(611) Pause Young (Allocation Failure)
[334.537s][info][gc,heap        ] GC(611) PSYoungGen: 240704K(241152K)->2974K(248832K) Eden: 239104K(239104K)->0K(229888K) From: 1600K(2048K)->2974K(18944K)
[334.537s][info][gc,heap        ] GC(611) ParOldGen: 281929K(399360K)->281945K(399360K)
[334.537s][info][gc,metaspace   ] GC(611) Metaspace: 57240K(57536K)->57240K(57536K) NonClass: 51608K(51840K)->51608K(51840K) Class: 5632K(5696K)->5632K(5696K)
[334.537s][info][gc             ] GC(611) Pause Young (Allocation Failure) 510M->278M(633M) 4.979ms
[334.537s][info][gc,cpu         ] GC(611) User=0.01s Sys=0.00s Real=0.01s
[335.049s][info][gc,start       ] GC(612) Pause Young (Allocation Failure)
[335.052s][info][gc,heap        ] GC(612) PSYoungGen: 232862K(248832K)->1055K(222720K) Eden: 229887K(229888K)->0K(221184K) From: 2974K(18944K)->1055K(1536K)
[335.052s][info][gc,heap        ] GC(612) ParOldGen: 281945K(399360K)->281961K(399360K)
[335.053s][info][gc,metaspace   ] GC(612) Metaspace: 57240K(57536K)->57240K(57536K) NonClass: 51608K(51840K)->51608K(51840K) Class: 5632K(5696K)->5632K(5696K)
[335.053s][info][gc             ] GC(612) Pause Young (Allocation Failure) 502M->276M(607M) 3.116ms
[335.053s][info][gc,cpu         ] GC(612) User=0.00s Sys=0.00s Real=0.00s
[335.544s][info][gc,start       ] GC(613) Pause Young (Allocation Failure)
[335.549s][info][gc,heap        ] GC(613) PSYoungGen: 222239K(222720K)->2015K(229888K) Eden: 221184K(221184K)->0K(212992K) From: 1055K(1536K)->2015K(16896K)
[335.549s][info][gc,heap        ] GC(613) ParOldGen: 281961K(399360K)->281977K(399360K)
[335.549s][info][gc,metaspace   ] GC(613) Metaspace: 57240K(57536K)->57240K(57536K) NonClass: 51608K(51840K)->51608K(51840K) Class: 5632K(5696K)->5632K(5696K)
[335.549s][info][gc             ] GC(613) Pause Young (Allocation Failure) 492M->277M(614M) 4.306ms
[335.549s][info][gc,cpu         ] GC(613) User=0.01s Sys=0.00s Real=0.01s
[336.026s][info][gc,start       ] GC(614) Pause Young (Allocation Failure)
[336.031s][info][gc,heap        ] GC(614) PSYoungGen: 215007K(229888K)->2623K(208384K) Eden: 212992K(212992K)->0K(205312K) From: 2015K(16896K)->2623K(3072K)
[336.031s][info][gc,heap        ] GC(614) ParOldGen: 281977K(399360K)->281993K(399360K)
[336.031s][info][gc,metaspace   ] GC(614) Metaspace: 57240K(57536K)->57240K(57536K) NonClass: 51608K(51840K)->51608K(51840K) Class: 5632K(5696K)->5632K(5696K)
[336.031s][info][gc             ] GC(614) Pause Young (Allocation Failure) 485M->277M(593M) 4.552ms
[336.031s][info][gc,cpu         ] GC(614) User=0.01s Sys=0.00s Real=0.00s
[336.514s][info][gc,start       ] GC(615) Pause Young (Allocation Failure)
[336.518s][info][gc,heap        ] GC(615) PSYoungGen: 207935K(208384K)->1855K(212992K) Eden: 205312K(205312K)->0K(198144K) From: 2623K(3072K)->1855K(14848K)
[336.518s][info][gc,heap        ] GC(615) ParOldGen: 281993K(399360K)->282009K(399360K)
[336.518s][info][gc,metaspace   ] GC(615) Metaspace: 57240K(57536K)->57240K(57536K) NonClass: 51608K(51840K)->51608K(51840K) Class: 5632K(5696K)->5632K(5696K)
[336.518s][info][gc             ] GC(615) Pause Young (Allocation Failure) 478M->277M(598M) 3.852ms
[336.518s][info][gc,cpu         ] GC(615) User=0.01s Sys=0.00s Real=0.01s
[336.933s][info][gc,start       ] GC(616) Pause Young (Allocation Failure)
[336.939s][info][gc,heap        ] GC(616) PSYoungGen: 199999K(212992K)->3104K(194560K) Eden: 198144K(198144K)->0K(190976K) From: 1855K(14848K)->3104K(3584K)
[336.939s][info][gc,heap        ] GC(616) ParOldGen: 282009K(399360K)->282025K(399360K)
[336.939s][info][gc,metaspace   ] GC(616) Metaspace: 57240K(57536K)->57240K(57536K) NonClass: 51608K(51840K)->51608K(51840K) Class: 5632K(5696K)->5632K(5696K)
[336.939s][info][gc             ] GC(616) Pause Young (Allocation Failure) 470M->278M(580M) 5.748ms
[336.939s][info][gc,cpu         ] GC(616) User=0.00s Sys=0.00s Real=0.01s
[337.348s][info][gc,start       ] GC(617) Pause Young (Allocation Failure)
[337.351s][info][gc,heap        ] GC(617) PSYoungGen: 194080K(194560K)->1279K(197632K) Eden: 190976K(190976K)->0K(184320K) From: 3104K(3584K)->1279K(13312K)
[337.351s][info][gc,heap        ] GC(617) ParOldGen: 282025K(399360K)->282041K(399360K)
[337.351s][info][gc,metaspace   ] GC(617) Metaspace: 57240K(57536K)->57240K(57536K) NonClass: 51608K(51840K)->51608K(51840K) Class: 5632K(5696K)->5632K(5696K)
[337.351s][info][gc             ] GC(617) Pause Young (Allocation Failure) 464M->276M(583M) 3.233ms
[337.351s][info][gc,cpu         ] GC(617) User=0.01s Sys=0.00s Real=0.00s
[337.806s][info][gc,start       ] GC(618) Pause Young (Allocation Failure)
[337.809s][info][gc,heap        ] GC(618) PSYoungGen: 185388K(197632K)->448K(178176K) Eden: 184109K(184320K)->0K(177664K) From: 1279K(13312K)->448K(512K)
[337.809s][info][gc,heap        ] GC(618) ParOldGen: 282041K(399360K)->282057K(399360K)
[337.809s][info][gc,metaspace   ] GC(618) Metaspace: 57240K(57536K)->57240K(57536K) NonClass: 51608K(51840K)->51608K(51840K) Class: 5632K(5696K)->5632K(5696K)
[337.809s][info][gc             ] GC(618) Pause Young (Allocation Failure) 456M->275M(564M) 2.381ms
[337.809s][info][gc,cpu         ] GC(618) User=0.00s Sys=0.00s Real=0.00s
[338.208s][info][gc,start       ] GC(619) Pause Young (Allocation Failure)
[338.211s][info][gc,heap        ] GC(619) PSYoungGen: 178112K(178176K)->895K(183296K) Eden: 177664K(177664K)->0K(171520K) From: 448K(512K)->895K(11776K)
[338.211s][info][gc,heap        ] GC(619) ParOldGen: 282057K(399360K)->282073K(399360K)
[338.211s][info][gc,metaspace   ] GC(619) Metaspace: 57240K(57536K)->57240K(57536K) NonClass: 51608K(51840K)->51608K(51840K) Class: 5632K(5696K)->5632K(5696K)
[338.211s][info][gc             ] GC(619) Pause Young (Allocation Failure) 449M->276M(569M) 2.599ms
[338.211s][info][gc,cpu         ] GC(619) User=0.00s Sys=0.00s Real=0.00s
[338.550s][info][gc,start       ] GC(620) Pause Young (Allocation Failure)
[338.553s][info][gc,heap        ] GC(620) PSYoungGen: 172236K(183296K)->832K(166912K) Eden: 171341K(171520K)->0K(165888K) From: 895K(11776K)->832K(1024K)
[338.553s][info][gc,heap        ] GC(620) ParOldGen: 282073K(399360K)->282089K(399360K)
[338.553s][info][gc,metaspace   ] GC(620) Metaspace: 57240K(57536K)->57240K(57536K) NonClass: 51608K(51840K)->51608K(51840K) Class: 5632K(5696K)->5632K(5696K)
[338.553s][info][gc             ] GC(620) Pause Young (Allocation Failure) 443M->276M(553M) 3.008ms
[338.553s][info][gc,cpu         ] GC(620) User=0.00s Sys=0.00s Real=0.00s
[338.934s][info][gc,start       ] GC(621) Pause Young (Allocation Failure)
[338.939s][info][gc,heap        ] GC(621) PSYoungGen: 166636K(166912K)->2368K(170496K) Eden: 165804K(165888K)->0K(160256K) From: 832K(1024K)->2368K(10240K)
[338.939s][info][gc,heap        ] GC(621) ParOldGen: 282089K(399360K)->282105K(399360K)
[338.939s][info][gc,metaspace   ] GC(621) Metaspace: 57241K(57536K)->57241K(57536K) NonClass: 51609K(51840K)->51609K(51840K) Class: 5632K(5696K)->5632K(5696K)
[338.939s][info][gc             ] GC(621) Pause Young (Allocation Failure) 438M->277M(556M) 4.818ms
[338.939s][info][gc,cpu         ] GC(621) User=0.00s Sys=0.00s Real=0.01s
[339.316s][info][gc,start       ] GC(622) Pause Young (Allocation Failure)
[339.320s][info][gc,heap        ] GC(622) PSYoungGen: 162624K(170496K)->1727K(157184K) Eden: 160256K(160256K)->0K(155136K) From: 2368K(10240K)->1727K(2048K)
[339.320s][info][gc,heap        ] GC(622) ParOldGen: 282105K(399360K)->282121K(399360K)
[339.320s][info][gc,metaspace   ] GC(622) Metaspace: 57241K(57536K)->57241K(57536K) NonClass: 51609K(51840K)->51609K(51840K) Class: 5632K(5696K)->5632K(5696K)
[339.320s][info][gc             ] GC(622) Pause Young (Allocation Failure) 434M->277M(543M) 3.932ms
[339.320s][info][gc,cpu         ] GC(622) User=0.01s Sys=0.00s Real=0.00s
[339.634s][info][gc,start       ] GC(623) Pause Young (Allocation Failure)
[339.639s][info][gc,heap        ] GC(623) PSYoungGen: 156863K(157184K)->2367K(158208K) Eden: 155136K(155136K)->0K(150016K) From: 1727K(2048K)->2367K(8192K)
[339.639s][info][gc,heap        ] GC(623) ParOldGen: 282121K(399360K)->282137K(399360K)
[339.639s][info][gc,metaspace   ] GC(623) Metaspace: 57241K(57536K)->57241K(57536K) NonClass: 51609K(51840K)->51609K(51840K) Class: 5632K(5696K)->5632K(5696K)
[339.639s][info][gc             ] GC(623) Pause Young (Allocation Failure) 428M->277M(544M) 4.739ms
[339.639s][info][gc,cpu         ] GC(623) User=0.01s Sys=0.00s Real=0.01s
[340.011s][info][gc,start       ] GC(624) Pause Young (Allocation Failure)
[340.014s][info][gc,heap        ] GC(624) PSYoungGen: 152383K(158208K)->1277K(146944K) Eden: 150016K(150016K)->0K(145408K) From: 2367K(8192K)->1277K(1536K)
[340.014s][info][gc,heap        ] GC(624) ParOldGen: 282137K(399360K)->282153K(399360K)
[340.014s][info][gc,metaspace   ] GC(624) Metaspace: 57241K(57536K)->57241K(57536K) NonClass: 51609K(51840K)->51609K(51840K) Class: 5632K(5696K)->5632K(5696K)
[340.014s][info][gc             ] GC(624) Pause Young (Allocation Failure) 424M->276M(533M) 3.330ms
[340.014s][info][gc,cpu         ] GC(624) User=0.00s Sys=0.00s Real=0.00s
[340.324s][info][gc,start       ] GC(625) Pause Young (Allocation Failure)
[340.329s][info][gc,heap        ] GC(625) PSYoungGen: 146685K(146944K)->2464K(160256K) Eden: 145408K(145408K)->0K(146432K) From: 1277K(1536K)->2464K(13824K)
[340.329s][info][gc,heap        ] GC(625) ParOldGen: 282153K(399360K)->282169K(399360K)
[340.329s][info][gc,metaspace   ] GC(625) Metaspace: 57244K(57536K)->57244K(57536K) NonClass: 51612K(51840K)->51612K(51840K) Class: 5632K(5696K)->5632K(5696K)
[340.329s][info][gc             ] GC(625) Pause Young (Allocation Failure) 418M->277M(546M) 4.390ms
[340.329s][info][gc,cpu         ] GC(625) User=0.00s Sys=0.00s Real=0.01s
[340.636s][info][gc,start       ] GC(626) Pause Young (Allocation Failure)
[340.641s][info][gc,heap        ] GC(626) PSYoungGen: 148896K(160256K)->2464K(159232K) Eden: 146432K(146432K)->0K(146432K) From: 2464K(13824K)->2464K(12800K)
[340.641s][info][gc,heap        ] GC(626) ParOldGen: 282169K(399360K)->282185K(399360K)
[340.641s][info][gc,metaspace   ] GC(626) Metaspace: 57244K(57536K)->57244K(57536K) NonClass: 51612K(51840K)->51612K(51840K) Class: 5632K(5696K)->5632K(5696K)
[340.641s][info][gc             ] GC(626) Pause Young (Allocation Failure) 420M->277M(545M) 4.432ms
[340.641s][info][gc,cpu         ] GC(626) User=0.00s Sys=0.00s Real=0.00s
[341.006s][info][gc,start       ] GC(627) Pause Young (Allocation Failure)
[341.008s][info][gc,heap        ] GC(627) PSYoungGen: 148896K(159232K)->862K(142848K) Eden: 146432K(146432K)->0K(141824K) From: 2464K(12800K)->862K(1024K)
[341.008s][info][gc,heap        ] GC(627) ParOldGen: 282185K(399360K)->282201K(399360K)
[341.008s][info][gc,metaspace   ] GC(627) Metaspace: 57244K(57536K)->57244K(57536K) NonClass: 51612K(51840K)->51612K(51840K) Class: 5632K(5696K)->5632K(5696K)
[341.008s][info][gc             ] GC(627) Pause Young (Allocation Failure) 420M->276M(529M) 2.250ms
[341.008s][info][gc,cpu         ] GC(627) User=0.00s Sys=0.00s Real=0.00s
[341.311s][info][gc,start       ] GC(628) Pause Young (Allocation Failure)
[341.314s][info][gc,heap        ] GC(628) PSYoungGen: 142686K(142848K)->1886K(148480K) Eden: 141824K(141824K)->0K(137216K) From: 862K(1024K)->1886K(11264K)
[341.314s][info][gc,heap        ] GC(628) ParOldGen: 282201K(399360K)->282217K(399360K)
[341.314s][info][gc,metaspace   ] GC(628) Metaspace: 57244K(57536K)->57244K(57536K) NonClass: 51612K(51840K)->51612K(51840K) Class: 5632K(5696K)->5632K(5696K)
[341.314s][info][gc             ] GC(628) Pause Young (Allocation Failure) 414M->277M(535M) 3.067ms
[341.314s][info][gc,cpu         ] GC(628) User=0.00s Sys=0.00s Real=0.00s
[341.618s][info][gc,start       ] GC(629) Pause Young (Allocation Failure)
[341.622s][info][gc,heap        ] GC(629) PSYoungGen: 139102K(148480K)->1536K(169984K) Eden: 137216K(137216K)->0K(163328K) From: 1886K(11264K)->1536K(6656K)
[341.622s][info][gc,heap        ] GC(629) ParOldGen: 282217K(399360K)->282233K(399360K)
[341.622s][info][gc,metaspace   ] GC(629) Metaspace: 57244K(57536K)->57244K(57536K) NonClass: 51612K(51840K)->51612K(51840K) Class: 5632K(5696K)->5632K(5696K)
[341.622s][info][gc             ] GC(629) Pause Young (Allocation Failure) 411M->277M(556M) 3.916ms
[341.622s][info][gc,cpu         ] GC(629) User=0.00s Sys=0.00s Real=0.00s
[341.963s][info][gc,start       ] GC(630) Pause Young (Allocation Failure)
[341.964s][info][gc,heap        ] GC(630) PSYoungGen: 164854K(169984K)->64K(158208K) Eden: 163318K(163328K)->0K(157696K) From: 1536K(6656K)->64K(512K)
[341.964s][info][gc,heap        ] GC(630) ParOldGen: 282233K(399360K)->282249K(399360K)
[341.964s][info][gc,metaspace   ] GC(630) Metaspace: 57244K(57536K)->57244K(57536K) NonClass: 51612K(51840K)->51612K(51840K) Class: 5632K(5696K)->5632K(5696K)
[341.964s][info][gc             ] GC(630) Pause Young (Allocation Failure) 436M->275M(544M) 1.475ms
[341.964s][info][gc,cpu         ] GC(630) User=0.01s Sys=0.00s Real=0.00s
[342.323s][info][gc,start       ] GC(631) Pause Young (Allocation Failure)
[342.327s][info][gc,heap        ] GC(631) PSYoungGen: 157760K(158208K)->3327K(167936K) Eden: 157696K(157696K)->0K(158208K) From: 64K(512K)->3327K(9728K)
[342.327s][info][gc,heap        ] GC(631) ParOldGen: 282249K(399360K)->282265K(399360K)
[342.327s][info][gc,metaspace   ] GC(631) Metaspace: 57244K(57536K)->57244K(57536K) NonClass: 51612K(51840K)->51612K(51840K) Class: 5632K(5696K)->5632K(5696K)
[342.328s][info][gc             ] GC(631) Pause Young (Allocation Failure) 429M->278M(554M) 4.974ms
[342.328s][info][gc,cpu         ] GC(631) User=0.01s Sys=0.00s Real=0.01s
[342.712s][info][gc,start       ] GC(632) Pause Young (Allocation Failure)
[342.715s][info][gc,heap        ] GC(632) PSYoungGen: 161535K(167936K)->1300K(154624K) Eden: 158208K(158208K)->0K(153088K) From: 3327K(9728K)->1300K(1536K)
[342.715s][info][gc,heap        ] GC(632) ParOldGen: 282265K(399360K)->282281K(399360K)
[342.715s][info][gc,metaspace   ] GC(632) Metaspace: 57244K(57536K)->57244K(57536K) NonClass: 51612K(51840K)->51612K(51840K) Class: 5632K(5696K)->5632K(5696K)
[342.715s][info][gc             ] GC(632) Pause Young (Allocation Failure) 433M->276M(541M) 3.088ms
[342.715s][info][gc,cpu         ] GC(632) User=0.00s Sys=0.00s Real=0.00s
[343.030s][info][gc,start       ] GC(633) Pause Young (Allocation Failure)
[343.034s][info][gc,heap        ] GC(633) PSYoungGen: 154388K(154624K)->2144K(162304K) Eden: 153088K(153088K)->0K(153600K) From: 1300K(1536K)->2144K(8704K)
[343.034s][info][gc,heap        ] GC(633) ParOldGen: 282281K(399360K)->282297K(399360K)
[343.034s][info][gc,metaspace   ] GC(633) Metaspace: 57244K(57536K)->57244K(57536K) NonClass: 51612K(51840K)->51612K(51840K) Class: 5632K(5696K)->5632K(5696K)
[343.034s][info][gc             ] GC(633) Pause Young (Allocation Failure) 426M->277M(548M) 3.801ms
[343.034s][info][gc,cpu         ] GC(633) User=0.00s Sys=0.00s Real=0.00s
[343.407s][info][gc,start       ] GC(634) Pause Young (Allocation Failure)
[343.410s][info][gc,heap        ] GC(634) PSYoungGen: 155744K(162304K)->713K(149504K) Eden: 153600K(153600K)->0K(148480K) From: 2144K(8704K)->713K(1024K)
[343.410s][info][gc,heap        ] GC(634) ParOldGen: 282297K(399360K)->282313K(399360K)
[343.410s][info][gc,metaspace   ] GC(634) Metaspace: 57245K(57600K)->57245K(57600K) NonClass: 51613K(51904K)->51613K(51904K) Class: 5632K(5696K)->5632K(5696K)
[343.410s][info][gc             ] GC(634) Pause Young (Allocation Failure) 427M->276M(536M) 2.685ms
[343.410s][info][gc,cpu         ] GC(634) User=0.00s Sys=0.00s Real=0.00s
[343.735s][info][gc,start       ] GC(635) Pause Young (Allocation Failure)
[343.741s][info][gc,heap        ] GC(635) PSYoungGen: 149193K(149504K)->3296K(156160K) Eden: 148480K(148480K)->0K(148480K) From: 713K(1024K)->3296K(7680K)
[343.741s][info][gc,heap        ] GC(635) ParOldGen: 282313K(399360K)->282329K(399360K)
[343.741s][info][gc,metaspace   ] GC(635) Metaspace: 57245K(57600K)->57245K(57600K) NonClass: 51613K(51904K)->51613K(51904K) Class: 5632K(5696K)->5632K(5696K)
[343.741s][info][gc             ] GC(635) Pause Young (Allocation Failure) 421M->278M(542M) 5.552ms
[343.741s][info][gc,cpu         ] GC(635) User=0.02s Sys=0.00s Real=0.01s
[344.028s][info][gc,start       ] GC(636) Pause Young (Allocation Failure)
[344.033s][info][gc,heap        ] GC(636) PSYoungGen: 151546K(156160K)->2944K(156160K) Eden: 148250K(148480K)->0K(148480K) From: 3296K(7680K)->2944K(7680K)
[344.033s][info][gc,heap        ] GC(636) ParOldGen: 282329K(399360K)->282345K(399360K)
[344.033s][info][gc,metaspace   ] GC(636) Metaspace: 57245K(57600K)->57245K(57600K) NonClass: 51613K(51904K)->51613K(51904K) Class: 5632K(5696K)->5632K(5696K)
[344.033s][info][gc             ] GC(636) Pause Young (Allocation Failure) 423M->278M(542M) 4.998ms
[344.033s][info][gc,cpu         ] GC(636) User=0.01s Sys=0.00s Real=0.00s
[344.406s][info][gc,start       ] GC(637) Pause Young (Allocation Failure)
[344.408s][info][gc,heap        ] GC(637) PSYoungGen: 151424K(156160K)->512K(182784K) Eden: 148480K(148480K)->0K(176640K) From: 2944K(7680K)->512K(6144K)
[344.408s][info][gc,heap        ] GC(637) ParOldGen: 282345K(399360K)->282361K(399360K)
[344.408s][info][gc,metaspace   ] GC(637) Metaspace: 57245K(57600K)->57245K(57600K) NonClass: 51613K(51904K)->51613K(51904K) Class: 5632K(5696K)->5632K(5696K)
[344.408s][info][gc             ] GC(637) Pause Young (Allocation Failure) 423M->276M(568M) 2.104ms
[344.408s][info][gc,cpu         ] GC(637) User=0.00s Sys=0.00s Real=0.00s
[344.765s][info][gc,start       ] GC(638) Pause Young (Allocation Failure)
[344.770s][info][gc,heap        ] GC(638) PSYoungGen: 177152K(182784K)->799K(183808K) Eden: 176640K(176640K)->0K(176640K) From: 512K(6144K)->799K(7168K)
[344.770s][info][gc,heap        ] GC(638) ParOldGen: 282361K(399360K)->282377K(399360K)
[344.770s][info][gc,metaspace   ] GC(638) Metaspace: 57245K(57600K)->57245K(57600K) NonClass: 51613K(51904K)->51613K(51904K) Class: 5632K(5696K)->5632K(5696K)
[344.770s][info][gc             ] GC(638) Pause Young (Allocation Failure) 448M->276M(569M) 5.242ms
[344.770s][info][gc,cpu         ] GC(638) User=0.00s Sys=0.00s Real=0.01s
[345.149s][info][gc,start       ] GC(639) Pause Young (Allocation Failure)
[345.153s][info][gc,heap        ] GC(639) PSYoungGen: 177439K(183808K)->799K(216576K) Eden: 176640K(176640K)->0K(210432K) From: 799K(7168K)->799K(6144K)
[345.153s][info][gc,heap        ] GC(639) ParOldGen: 282377K(399360K)->282393K(399360K)
[345.153s][info][gc,metaspace   ] GC(639) Metaspace: 57245K(57600K)->57245K(57600K) NonClass: 51613K(51904K)->51613K(51904K) Class: 5632K(5696K)->5632K(5696K)
[345.153s][info][gc             ] GC(639) Pause Young (Allocation Failure) 449M->276M(601M) 4.371ms
[345.153s][info][gc,cpu         ] GC(639) User=0.00s Sys=0.00s Real=0.00s
[345.681s][info][gc,start       ] GC(640) Pause Young (Allocation Failure)
[345.693s][info][gc,heap        ] GC(640) PSYoungGen: 210964K(216576K)->2368K(217088K) Eden: 210165K(210432K)->0K(210432K) From: 799K(6144K)->2368K(6656K)
[345.693s][info][gc,heap        ] GC(640) ParOldGen: 282393K(399360K)->282409K(399360K)
[345.693s][info][gc,metaspace   ] GC(640) Metaspace: 57245K(57600K)->57245K(57600K) NonClass: 51613K(51904K)->51613K(51904K) Class: 5632K(5696K)->5632K(5696K)
[345.693s][info][gc             ] GC(640) Pause Young (Allocation Failure) 481M->278M(602M) 12.364ms
[345.693s][info][gc,cpu         ] GC(640) User=0.01s Sys=0.00s Real=0.01s
[346.121s][info][gc,start       ] GC(641) Pause Young (Allocation Failure)
[346.127s][info][gc,heap        ] GC(641) PSYoungGen: 212800K(217088K)->2751K(257024K) Eden: 210432K(210432K)->0K(251392K) From: 2368K(6656K)->2751K(5632K)
[346.127s][info][gc,heap        ] GC(641) ParOldGen: 282409K(399360K)->282425K(399360K)
[346.127s][info][gc,metaspace   ] GC(641) Metaspace: 57245K(57600K)->57245K(57600K) NonClass: 51613K(51904K)->51613K(51904K) Class: 5632K(5696K)->5632K(5696K)
[346.127s][info][gc             ] GC(641) Pause Young (Allocation Failure) 483M->278M(641M) 6.315ms
[346.127s][info][gc,cpu         ] GC(641) User=0.01s Sys=0.00s Real=0.01s
[346.765s][info][gc,start       ] GC(642) Pause Young (Allocation Failure)
[346.771s][info][gc,heap        ] GC(642) PSYoungGen: 254143K(257024K)->704K(257536K) Eden: 251392K(251392K)->0K(251392K) From: 2751K(5632K)->704K(6144K)
[346.771s][info][gc,heap        ] GC(642) ParOldGen: 282425K(399360K)->282441K(399360K)
[346.771s][info][gc,metaspace   ] GC(642) Metaspace: 57245K(57600K)->57245K(57600K) NonClass: 51613K(51904K)->51613K(51904K) Class: 5632K(5696K)->5632K(5696K)
[346.771s][info][gc             ] GC(642) Pause Young (Allocation Failure) 523M->276M(641M) 6.465ms
[346.771s][info][gc,cpu         ] GC(642) User=0.00s Sys=0.00s Real=0.01s
[347.232s][info][gc,start       ] GC(643) Pause Young (Allocation Failure)
[347.238s][info][gc,heap        ] GC(643) PSYoungGen: 252096K(257536K)->2944K(306176K) Eden: 251392K(251392K)->0K(300032K) From: 704K(6144K)->2944K(6144K)
[347.238s][info][gc,heap        ] GC(643) ParOldGen: 282441K(399360K)->282457K(399360K)
[347.238s][info][gc,metaspace   ] GC(643) Metaspace: 57245K(57600K)->57245K(57600K) NonClass: 51613K(51904K)->51613K(51904K) Class: 5632K(5696K)->5632K(5696K)
[347.238s][info][gc             ] GC(643) Pause Young (Allocation Failure) 522M->278M(689M) 5.827ms
[347.238s][info][gc,cpu         ] GC(643) User=0.00s Sys=0.01s Real=0.01s
[347.991s][info][gc,start       ] GC(644) Pause Young (Allocation Failure)
[347.994s][info][gc,heap        ] GC(644) PSYoungGen: 302976K(306176K)->926K(306176K) Eden: 300032K(300032K)->0K(300032K) From: 2944K(6144K)->926K(6144K)
[347.994s][info][gc,heap        ] GC(644) ParOldGen: 282457K(399360K)->282473K(399360K)
[347.994s][info][gc,metaspace   ] GC(644) Metaspace: 57245K(57600K)->57245K(57600K) NonClass: 51613K(51904K)->51613K(51904K) Class: 5632K(5696K)->5632K(5696K)
[347.994s][info][gc             ] GC(644) Pause Young (Allocation Failure) 571M->276M(689M) 2.335ms
[347.994s][info][gc,cpu         ] GC(644) User=0.00s Sys=0.00s Real=0.00s
[348.610s][info][gc,start       ] GC(645) Pause Young (Allocation Failure)
[348.613s][info][gc,heap        ] GC(645) PSYoungGen: 300958K(306176K)->1056K(289792K) Eden: 300032K(300032K)->0K(288256K) From: 926K(6144K)->1056K(1536K)
[348.613s][info][gc,heap        ] GC(645) ParOldGen: 282473K(399360K)->282489K(399360K)
[348.613s][info][gc,metaspace   ] GC(645) Metaspace: 57245K(57600K)->57245K(57600K) NonClass: 51613K(51904K)->51613K(51904K) Class: 5632K(5696K)->5632K(5696K)
[348.613s][info][gc             ] GC(645) Pause Young (Allocation Failure) 569M->276M(673M) 3.055ms
[348.613s][info][gc,cpu         ] GC(645) User=0.01s Sys=0.00s Real=0.00s
[349.234s][info][gc,start       ] GC(646) Pause Young (Allocation Failure)
[349.240s][info][gc,heap        ] GC(646) PSYoungGen: 289197K(289792K)->2432K(279552K) Eden: 288141K(288256K)->0K(276992K) From: 1056K(1536K)->2432K(2560K)
[349.240s][info][gc,heap        ] GC(646) ParOldGen: 282489K(399360K)->282505K(399360K)
[349.240s][info][gc,metaspace   ] GC(646) Metaspace: 57245K(57600K)->57245K(57600K) NonClass: 51613K(51904K)->51613K(51904K) Class: 5632K(5696K)->5632K(5696K)
[349.240s][info][gc             ] GC(646) Pause Young (Allocation Failure) 558M->278M(663M) 6.413ms
[349.240s][info][gc,cpu         ] GC(646) User=0.01s Sys=0.00s Real=0.01s
[349.844s][info][gc,start       ] GC(647) Pause Young (Allocation Failure)
[349.848s][info][gc,heap        ] GC(647) PSYoungGen: 279424K(279552K)->1695K(268288K) Eden: 276992K(276992K)->0K(266240K) From: 2432K(2560K)->1695K(2048K)
[349.848s][info][gc,heap        ] GC(647) ParOldGen: 282505K(399360K)->282521K(399360K)
[349.848s][info][gc,metaspace   ] GC(647) Metaspace: 57245K(57600K)->57245K(57600K) NonClass: 51613K(51904K)->51613K(51904K) Class: 5632K(5696K)->5632K(5696K)
[349.848s][info][gc             ] GC(647) Pause Young (Allocation Failure) 548M->277M(652M) 3.747ms
[349.848s][info][gc,cpu         ] GC(647) User=0.00s Sys=0.00s Real=0.01s
[350.511s][info][gc,start       ] GC(648) Pause Young (Allocation Failure)
[350.516s][info][gc,heap        ] GC(648) PSYoungGen: 267935K(268288K)->4690K(261120K) Eden: 266240K(266240K)->0K(256000K) From: 1695K(2048K)->4690K(5120K)
[350.516s][info][gc,heap        ] GC(648) ParOldGen: 282521K(399360K)->282537K(399360K)
[350.516s][info][gc,metaspace   ] GC(648) Metaspace: 57245K(57600K)->57245K(57600K) NonClass: 51613K(51904K)->51613K(51904K) Class: 5632K(5696K)->5632K(5696K)
[350.516s][info][gc             ] GC(648) Pause Young (Allocation Failure) 537M->280M(645M) 4.791ms
[350.516s][info][gc,cpu         ] GC(648) User=0.01s Sys=0.01s Real=0.01s
[351.031s][info][gc,start       ] GC(649) Pause Young (Allocation Failure)
[351.037s][info][gc,heap        ] GC(649) PSYoungGen: 260690K(261120K)->2943K(249344K) Eden: 256000K(256000K)->0K(246272K) From: 4690K(5120K)->2943K(3072K)
[351.037s][info][gc,heap        ] GC(649) ParOldGen: 282537K(399360K)->285772K(399360K)
[351.037s][info][gc,metaspace   ] GC(649) Metaspace: 57245K(57600K)->57245K(57600K) NonClass: 51613K(51904K)->51613K(51904K) Class: 5632K(5696K)->5632K(5696K)
[351.037s][info][gc             ] GC(649) Pause Young (Allocation Failure) 530M->281M(633M) 5.761ms
[351.037s][info][gc,cpu         ] GC(649) User=0.01s Sys=0.01s Real=0.01s
[351.609s][info][gc,start       ] GC(650) Pause Young (Allocation Failure)
[351.611s][info][gc,heap        ] GC(650) PSYoungGen: 249215K(249344K)->767K(238080K) Eden: 246272K(246272K)->0K(237056K) From: 2943K(3072K)->767K(1024K)
[351.611s][info][gc,heap        ] GC(650) ParOldGen: 285772K(399360K)->285788K(399360K)
[351.611s][info][gc,metaspace   ] GC(650) Metaspace: 57245K(57600K)->57245K(57600K) NonClass: 51613K(51904K)->51613K(51904K) Class: 5632K(5696K)->5632K(5696K)
[351.611s][info][gc             ] GC(650) Pause Young (Allocation Failure) 522M->279M(622M) 2.681ms
[351.611s][info][gc,cpu         ] GC(650) User=0.00s Sys=0.00s Real=0.00s
[352.121s][info][gc,start       ] GC(651) Pause Young (Allocation Failure)
[352.125s][info][gc,heap        ] GC(651) PSYoungGen: 237823K(238080K)->2655K(231424K) Eden: 237056K(237056K)->0K(228352K) From: 767K(1024K)->2655K(3072K)
[352.125s][info][gc,heap        ] GC(651) ParOldGen: 285788K(399360K)->285804K(399360K)
[352.125s][info][gc,metaspace   ] GC(651) Metaspace: 57245K(57600K)->57245K(57600K) NonClass: 51613K(51904K)->51613K(51904K) Class: 5632K(5696K)->5632K(5696K)
[352.125s][info][gc             ] GC(651) Pause Young (Allocation Failure) 511M->281M(616M) 4.242ms
[352.125s][info][gc,cpu         ] GC(651) User=0.00s Sys=0.00s Real=0.01s
[352.665s][info][gc,start       ] GC(652) Pause Young (Allocation Failure)
[352.671s][info][gc,heap        ] GC(652) PSYoungGen: 231007K(231424K)->3104K(223232K) Eden: 228352K(228352K)->0K(219648K) From: 2655K(3072K)->3104K(3584K)
[352.671s][info][gc,heap        ] GC(652) ParOldGen: 285804K(399360K)->285820K(399360K)
[352.671s][info][gc,metaspace   ] GC(652) Metaspace: 57245K(57600K)->57245K(57600K) NonClass: 51613K(51904K)->51613K(51904K) Class: 5632K(5696K)->5632K(5696K)
[352.671s][info][gc             ] GC(652) Pause Young (Allocation Failure) 504M->282M(608M) 5.329ms
[352.671s][info][gc,cpu         ] GC(652) User=0.01s Sys=0.00s Real=0.00s
[353.128s][info][gc,start       ] GC(653) Pause Young (Allocation Failure)
[353.133s][info][gc,heap        ] GC(653) PSYoungGen: 222752K(223232K)->2272K(214016K) Eden: 219648K(219648K)->0K(211456K) From: 3104K(3584K)->2272K(2560K)
[353.133s][info][gc,heap        ] GC(653) ParOldGen: 285820K(399360K)->285836K(399360K)
[353.133s][info][gc,metaspace   ] GC(653) Metaspace: 57245K(57600K)->57245K(57600K) NonClass: 51613K(51904K)->51613K(51904K) Class: 5632K(5696K)->5632K(5696K)
[353.133s][info][gc             ] GC(653) Pause Young (Allocation Failure) 496M->281M(599M) 4.657ms
[353.133s][info][gc,cpu         ] GC(653) User=0.01s Sys=0.00s Real=0.00s
[353.632s][info][gc,start       ] GC(654) Pause Young (Allocation Failure)
[353.638s][info][gc,heap        ] GC(654) PSYoungGen: 213728K(214016K)->2720K(206848K) Eden: 211456K(211456K)->0K(203776K) From: 2272K(2560K)->2720K(3072K)
[353.638s][info][gc,heap        ] GC(654) ParOldGen: 285836K(399360K)->285852K(399360K)
[353.638s][info][gc,metaspace   ] GC(654) Metaspace: 57245K(57600K)->57245K(57600K) NonClass: 51613K(51904K)->51613K(51904K) Class: 5632K(5696K)->5632K(5696K)
[353.638s][info][gc             ] GC(654) Pause Young (Allocation Failure) 487M->281M(592M) 5.636ms
[353.638s][info][gc,cpu         ] GC(654) User=0.01s Sys=0.01s Real=0.01s
[354.105s][info][gc,start       ] GC(655) Pause Young (Allocation Failure)
[354.107s][info][gc,heap        ] GC(655) PSYoungGen: 206496K(206848K)->224K(197120K) Eden: 203776K(203776K)->0K(196608K) From: 2720K(3072K)->224K(512K)
[354.107s][info][gc,heap        ] GC(655) ParOldGen: 285852K(399360K)->285868K(399360K)
[354.107s][info][gc,metaspace   ] GC(655) Metaspace: 57245K(57600K)->57245K(57600K) NonClass: 51613K(51904K)->51613K(51904K) Class: 5632K(5696K)->5632K(5696K)
[354.107s][info][gc             ] GC(655) Pause Young (Allocation Failure) 480M->279M(582M) 2.077ms
[354.107s][info][gc,cpu         ] GC(655) User=0.00s Sys=0.00s Real=0.01s
[354.525s][info][gc,start       ] GC(656) Pause Young (Allocation Failure)
[354.530s][info][gc,heap        ] GC(656) PSYoungGen: 196832K(197120K)->2943K(195072K) Eden: 196608K(196608K)->0K(189440K) From: 224K(512K)->2943K(5632K)
[354.530s][info][gc,heap        ] GC(656) ParOldGen: 285868K(399360K)->285884K(399360K)
[354.530s][info][gc,metaspace   ] GC(656) Metaspace: 57245K(57600K)->57245K(57600K) NonClass: 51613K(51904K)->51613K(51904K) Class: 5632K(5696K)->5632K(5696K)
[354.530s][info][gc             ] GC(656) Pause Young (Allocation Failure) 471M->282M(580M) 4.561ms
[354.530s][info][gc,cpu         ] GC(656) User=0.01s Sys=0.00s Real=0.00s
[354.942s][info][gc,start       ] GC(657) Pause Young (Allocation Failure)
[354.946s][info][gc,heap        ] GC(657) PSYoungGen: 192313K(195072K)->1951K(184832K) Eden: 189370K(189440K)->0K(182784K) From: 2943K(5632K)->1951K(2048K)
[354.946s][info][gc,heap        ] GC(657) ParOldGen: 285884K(399360K)->285900K(399360K)
[354.946s][info][gc,metaspace   ] GC(657) Metaspace: 57245K(57600K)->57245K(57600K) NonClass: 51613K(51904K)->51613K(51904K) Class: 5632K(5696K)->5632K(5696K)
[354.946s][info][gc             ] GC(657) Pause Young (Allocation Failure) 466M->281M(570M) 3.515ms
[354.946s][info][gc,cpu         ] GC(657) User=0.01s Sys=0.00s Real=0.01s
[355.350s][info][gc,start       ] GC(658) Pause Young (Allocation Failure)
[355.353s][info][gc,heap        ] GC(658) PSYoungGen: 184434K(184832K)->1088K(178176K) Eden: 182483K(182784K)->0K(176640K) From: 1951K(2048K)->1088K(1536K)
[355.353s][info][gc,heap        ] GC(658) ParOldGen: 285900K(399360K)->285916K(399360K)
[355.353s][info][gc,metaspace   ] GC(658) Metaspace: 57245K(57600K)->57245K(57600K) NonClass: 51613K(51904K)->51613K(51904K) Class: 5632K(5696K)->5632K(5696K)
[355.353s][info][gc             ] GC(658) Pause Young (Allocation Failure) 459M->280M(564M) 2.741ms
[355.353s][info][gc,cpu         ] GC(658) User=0.00s Sys=0.00s Real=0.00s
[355.823s][info][gc,start       ] GC(659) Pause Young (Allocation Failure)
[355.826s][info][gc,heap        ] GC(659) PSYoungGen: 177462K(178176K)->1088K(172032K) Eden: 176374K(176640K)->0K(170496K) From: 1088K(1536K)->1088K(1536K)
[355.826s][info][gc,heap        ] GC(659) ParOldGen: 285916K(399360K)->285932K(399360K)
[355.826s][info][gc,metaspace   ] GC(659) Metaspace: 57245K(57600K)->57245K(57600K) NonClass: 51613K(51904K)->51613K(51904K) Class: 5632K(5696K)->5632K(5696K)
[355.826s][info][gc             ] GC(659) Pause Young (Allocation Failure) 452M->280M(558M) 2.774ms
[355.826s][info][gc,cpu         ] GC(659) User=0.00s Sys=0.00s Real=0.01s
[356.135s][info][gc,start       ] GC(660) Pause Young (Allocation Failure)
[356.139s][info][gc,heap        ] GC(660) PSYoungGen: 171437K(172032K)->2336K(167424K) Eden: 170349K(170496K)->0K(164864K) From: 1088K(1536K)->2336K(2560K)
[356.139s][info][gc,heap        ] GC(660) ParOldGen: 285932K(399360K)->285948K(399360K)
[356.139s][info][gc,metaspace   ] GC(660) Metaspace: 57245K(57600K)->57245K(57600K) NonClass: 51613K(51904K)->51613K(51904K) Class: 5632K(5696K)->5632K(5696K)
[356.139s][info][gc             ] GC(660) Pause Young (Allocation Failure) 446M->281M(553M) 4.154ms
[356.139s][info][gc,cpu         ] GC(660) User=0.01s Sys=0.00s Real=0.01s
[356.523s][info][gc,start       ] GC(661) Pause Young (Allocation Failure)
[356.528s][info][gc,heap        ] GC(661) PSYoungGen: 167200K(167424K)->3039K(162304K) Eden: 164864K(164864K)->0K(159232K) From: 2336K(2560K)->3039K(3072K)
[356.528s][info][gc,heap        ] GC(661) ParOldGen: 285948K(399360K)->285964K(399360K)
[356.528s][info][gc,metaspace   ] GC(661) Metaspace: 57245K(57600K)->57245K(57600K) NonClass: 51613K(51904K)->51613K(51904K) Class: 5632K(5696K)->5632K(5696K)
[356.528s][info][gc             ] GC(661) Pause Young (Allocation Failure) 442M->282M(548M) 4.870ms
[356.528s][info][gc,cpu         ] GC(661) User=0.01s Sys=0.00s Real=0.01s
[356.906s][info][gc,start       ] GC(662) Pause Young (Allocation Failure)
[356.908s][info][gc,heap        ] GC(662) PSYoungGen: 162271K(162304K)->480K(154624K) Eden: 159232K(159232K)->0K(154112K) From: 3039K(3072K)->480K(512K)
[356.908s][info][gc,heap        ] GC(662) ParOldGen: 285964K(399360K)->285980K(399360K)
[356.908s][info][gc,metaspace   ] GC(662) Metaspace: 57245K(57600K)->57245K(57600K) NonClass: 51613K(51904K)->51613K(51904K) Class: 5632K(5696K)->5632K(5696K)
[356.908s][info][gc             ] GC(662) Pause Young (Allocation Failure) 437M->279M(541M) 2.054ms
[356.909s][info][gc,cpu         ] GC(662) User=0.00s Sys=0.00s Real=0.00s
[357.225s][info][gc,start       ] GC(663) Pause Young (Allocation Failure)
[357.230s][info][gc,heap        ] GC(663) PSYoungGen: 154592K(154624K)->2655K(152064K) Eden: 154112K(154112K)->0K(148992K) From: 480K(512K)->2655K(3072K)
[357.230s][info][gc,heap        ] GC(663) ParOldGen: 285980K(399360K)->285996K(399360K)
[357.230s][info][gc,metaspace   ] GC(663) Metaspace: 57245K(57600K)->57245K(57600K) NonClass: 51613K(51904K)->51613K(51904K) Class: 5632K(5696K)->5632K(5696K)
[357.230s][info][gc             ] GC(663) Pause Young (Allocation Failure) 430M->281M(538M) 4.397ms
[357.230s][info][gc,cpu         ] GC(663) User=0.01s Sys=0.00s Real=0.00s
[357.541s][info][gc,start       ] GC(664) Pause Young (Allocation Failure)
[357.545s][info][gc,heap        ] GC(664) PSYoungGen: 151647K(152064K)->2559K(180224K) Eden: 148992K(148992K)->0K(177664K) From: 2655K(3072K)->2559K(2560K)
[357.545s][info][gc,heap        ] GC(664) ParOldGen: 285996K(399360K)->286012K(399360K)
[357.545s][info][gc,metaspace   ] GC(664) Metaspace: 57245K(57600K)->57245K(57600K) NonClass: 51613K(51904K)->51613K(51904K) Class: 5632K(5696K)->5632K(5696K)
[357.545s][info][gc             ] GC(664) Pause Young (Allocation Failure) 427M->281M(566M) 4.319ms
[357.545s][info][gc,cpu         ] GC(664) User=0.01s Sys=0.00s Real=0.00s
[357.935s][info][gc,start       ] GC(665) Pause Young (Allocation Failure)
[357.939s][info][gc,heap        ] GC(665) PSYoungGen: 180223K(180224K)->3071K(214528K) Eden: 177664K(177664K)->0K(211456K) From: 2559K(2560K)->3071K(3072K)
[357.939s][info][gc,heap        ] GC(665) ParOldGen: 286012K(399360K)->286028K(399360K)
[357.939s][info][gc,metaspace   ] GC(665) Metaspace: 57245K(57600K)->57245K(57600K) NonClass: 51613K(51904K)->51613K(51904K) Class: 5632K(5696K)->5632K(5696K)
[357.939s][info][gc             ] GC(665) Pause Young (Allocation Failure) 455M->282M(599M) 4.795ms
[357.939s][info][gc,cpu         ] GC(665) User=0.01s Sys=0.00s Real=0.01s
[358.425s][info][gc,start       ] GC(666) Pause Young (Allocation Failure)
[358.429s][info][gc,heap        ] GC(666) PSYoungGen: 214527K(214528K)->1952K(253440K) Eden: 211456K(211456K)->0K(251392K) From: 3071K(3072K)->1952K(2048K)
[358.429s][info][gc,heap        ] GC(666) ParOldGen: 286028K(399360K)->286044K(399360K)
[358.429s][info][gc,metaspace   ] GC(666) Metaspace: 57245K(57600K)->57245K(57600K) NonClass: 51613K(51904K)->51613K(51904K) Class: 5632K(5696K)->5632K(5696K)
[358.429s][info][gc             ] GC(666) Pause Young (Allocation Failure) 488M->281M(637M) 3.822ms
[358.429s][info][gc,cpu         ] GC(666) User=0.01s Sys=0.00s Real=0.01s
[359.010s][info][gc,start       ] GC(667) Pause Young (Allocation Failure)
[359.012s][info][gc,heap        ] GC(667) PSYoungGen: 253344K(253440K)->980K(242688K) Eden: 251392K(251392K)->0K(241664K) From: 1952K(2048K)->980K(1024K)
[359.012s][info][gc,heap        ] GC(667) ParOldGen: 286044K(399360K)->286060K(399360K)
[359.012s][info][gc,metaspace   ] GC(667) Metaspace: 57245K(57600K)->57245K(57600K) NonClass: 51613K(51904K)->51613K(51904K) Class: 5632K(5696K)->5632K(5696K)
[359.012s][info][gc             ] GC(667) Pause Young (Allocation Failure) 526M->280M(627M) 2.829ms
[359.012s][info][gc,cpu         ] GC(667) User=0.00s Sys=0.00s Real=0.00s
[359.526s][info][gc,start       ] GC(668) Pause Young (Allocation Failure)
[359.531s][info][gc,heap        ] GC(668) PSYoungGen: 242644K(242688K)->2751K(235520K) Eden: 241664K(241664K)->0K(232448K) From: 980K(1024K)->2751K(3072K)
[359.531s][info][gc,heap        ] GC(668) ParOldGen: 286060K(399360K)->286076K(399360K)
[359.531s][info][gc,metaspace   ] GC(668) Metaspace: 57245K(57600K)->57245K(57600K) NonClass: 51613K(51904K)->51613K(51904K) Class: 5632K(5696K)->5632K(5696K)
[359.531s][info][gc             ] GC(668) Pause Young (Allocation Failure) 516M->282M(620M) 4.453ms
[359.531s][info][gc,cpu         ] GC(668) User=0.01s Sys=0.00s Real=0.00s
[360.041s][info][gc,start       ] GC(669) Pause Young (Allocation Failure)
[360.045s][info][gc,heap        ] GC(669) PSYoungGen: 234920K(235520K)->2176K(226304K) Eden: 232169K(232448K)->0K(223744K) From: 2751K(3072K)->2176K(2560K)
[360.045s][info][gc,heap        ] GC(669) ParOldGen: 286076K(399360K)->286092K(399360K)
[360.045s][info][gc,metaspace   ] GC(669) Metaspace: 57245K(57600K)->57245K(57600K) NonClass: 51613K(51904K)->51613K(51904K) Class: 5632K(5696K)->5632K(5696K)
[360.045s][info][gc             ] GC(669) Pause Young (Allocation Failure) 508M->281M(611M) 4.309ms
[360.045s][info][gc,cpu         ] GC(669) User=0.01s Sys=0.00s Real=0.00s
[360.541s][info][gc,start       ] GC(670) Pause Young (Allocation Failure)
[360.545s][info][gc,heap        ] GC(670) PSYoungGen: 225797K(226304K)->1568K(217600K) Eden: 223621K(223744K)->0K(215552K) From: 2176K(2560K)->1568K(2048K)
[360.545s][info][gc,heap        ] GC(670) ParOldGen: 286092K(399360K)->286108K(399360K)
[360.545s][info][gc,metaspace   ] GC(670) Metaspace: 57245K(57600K)->57245K(57600K) NonClass: 51613K(51904K)->51613K(51904K) Class: 5632K(5696K)->5632K(5696K)
[360.545s][info][gc             ] GC(670) Pause Young (Allocation Failure) 499M->280M(602M) 3.617ms
[360.545s][info][gc,cpu         ] GC(670) User=0.01s Sys=0.00s Real=0.00s
[361.039s][info][gc,start       ] GC(671) Pause Young (Allocation Failure)
[361.043s][info][gc,heap        ] GC(671) PSYoungGen: 217120K(217600K)->1216K(209408K) Eden: 215552K(215552K)->0K(207872K) From: 1568K(2048K)->1216K(1536K)
[361.043s][info][gc,heap        ] GC(671) ParOldGen: 286108K(399360K)->286124K(399360K)
[361.043s][info][gc,metaspace   ] GC(671) Metaspace: 57245K(57600K)->57245K(57600K) NonClass: 51613K(51904K)->51613K(51904K) Class: 5632K(5696K)->5632K(5696K)
[361.043s][info][gc             ] GC(671) Pause Young (Allocation Failure) 491M->280M(594M) 3.100ms
[361.043s][info][gc,cpu         ] GC(671) User=0.00s Sys=0.00s Real=0.00s
[361.521s][info][gc,start       ] GC(672) Pause Young (Allocation Failure)
[361.525s][info][gc,heap        ] GC(672) PSYoungGen: 209057K(209408K)->1952K(202240K) Eden: 207841K(207872K)->0K(200192K) From: 1216K(1536K)->1952K(2048K)
[361.525s][info][gc,heap        ] GC(672) ParOldGen: 286124K(399360K)->286140K(399360K)
[361.525s][info][gc,metaspace   ] GC(672) Metaspace: 57245K(57600K)->57245K(57600K) NonClass: 51613K(51904K)->51613K(51904K) Class: 5632K(5696K)->5632K(5696K)
[361.525s][info][gc             ] GC(672) Pause Young (Allocation Failure) 483M->281M(587M) 3.780ms
[361.525s][info][gc,cpu         ] GC(672) User=0.01s Sys=0.00s Real=0.00s
[362.049s][info][gc,start       ] GC(673) Pause Young (Allocation Failure)
[362.052s][info][gc,heap        ] GC(673) PSYoungGen: 202039K(202240K)->768K(194048K) Eden: 200087K(200192K)->0K(193024K) From: 1952K(2048K)->768K(1024K)
[362.052s][info][gc,heap        ] GC(673) ParOldGen: 286140K(399360K)->286156K(399360K)
[362.052s][info][gc,metaspace   ] GC(673) Metaspace: 57245K(57600K)->57245K(57600K) NonClass: 51613K(51904K)->51613K(51904K) Class: 5632K(5696K)->5632K(5696K)
[362.052s][info][gc             ] GC(673) Pause Young (Allocation Failure) 476M->280M(579M) 2.650ms
[362.052s][info][gc,cpu         ] GC(673) User=0.01s Sys=0.00s Real=0.00s
[362.418s][info][gc,start       ] GC(674) Pause Young (Allocation Failure)
[362.421s][info][gc,heap        ] GC(674) PSYoungGen: 193603K(194048K)->1440K(187904K) Eden: 192835K(193024K)->0K(186368K) From: 768K(1024K)->1440K(1536K)
[362.421s][info][gc,heap        ] GC(674) ParOldGen: 286156K(399360K)->286172K(399360K)
[362.421s][info][gc,metaspace   ] GC(674) Metaspace: 57245K(57600K)->57245K(57600K) NonClass: 51613K(51904K)->51613K(51904K) Class: 5632K(5696K)->5632K(5696K)
[362.421s][info][gc             ] GC(674) Pause Young (Allocation Failure) 468M->280M(573M) 3.195ms
[362.421s][info][gc,cpu         ] GC(674) User=0.01s Sys=0.00s Real=0.00s
[362.823s][info][gc,start       ] GC(675) Pause Young (Allocation Failure)
[362.827s][info][gc,heap        ] GC(675) PSYoungGen: 187808K(187904K)->2335K(182272K) Eden: 186368K(186368K)->0K(179712K) From: 1440K(1536K)->2335K(2560K)
[362.827s][info][gc,heap        ] GC(675) ParOldGen: 286172K(399360K)->286188K(399360K)
[362.827s][info][gc,metaspace   ] GC(675) Metaspace: 57245K(57600K)->57245K(57600K) NonClass: 51613K(51904K)->51613K(51904K) Class: 5632K(5696K)->5632K(5696K)
[362.827s][info][gc             ] GC(675) Pause Young (Allocation Failure) 462M->281M(568M) 4.015ms
[362.827s][info][gc,cpu         ] GC(675) User=0.01s Sys=0.00s Real=0.01s
[363.230s][info][gc,start       ] GC(676) Pause Young (Allocation Failure)
[363.234s][info][gc,heap        ] GC(676) PSYoungGen: 182047K(182272K)->2208K(176128K) Eden: 179712K(179712K)->0K(173568K) From: 2335K(2560K)->2208K(2560K)
[363.234s][info][gc,heap        ] GC(676) ParOldGen: 286188K(399360K)->286204K(399360K)
[363.234s][info][gc,metaspace   ] GC(676) Metaspace: 57245K(57600K)->57245K(57600K) NonClass: 51613K(51904K)->51613K(51904K) Class: 5632K(5696K)->5632K(5696K)
[363.234s][info][gc             ] GC(676) Pause Young (Allocation Failure) 457M->281M(562M) 4.125ms
[363.234s][info][gc,cpu         ] GC(676) User=0.01s Sys=0.00s Real=0.00s
[363.625s][info][gc,start       ] GC(677) Pause Young (Allocation Failure)
[363.629s][info][gc,heap        ] GC(677) PSYoungGen: 175776K(176128K)->2911K(170496K) Eden: 173568K(173568K)->0K(167424K) From: 2208K(2560K)->2911K(3072K)
[363.629s][info][gc,heap        ] GC(677) ParOldGen: 286204K(399360K)->286220K(399360K)
[363.629s][info][gc,metaspace   ] GC(677) Metaspace: 57245K(57600K)->57245K(57600K) NonClass: 51613K(51904K)->51613K(51904K) Class: 5632K(5696K)->5632K(5696K)
[363.629s][info][gc             ] GC(677) Pause Young (Allocation Failure) 451M->282M(556M) 4.329ms
[363.629s][info][gc,cpu         ] GC(677) User=0.00s Sys=0.00s Real=0.01s
[364.014s][info][gc,start       ] GC(678) Pause Young (Allocation Failure)
[364.017s][info][gc,heap        ] GC(678) PSYoungGen: 170335K(170496K)->1631K(163840K) Eden: 167424K(167424K)->0K(161792K) From: 2911K(3072K)->1631K(2048K)
[364.017s][info][gc,heap        ] GC(678) ParOldGen: 286220K(399360K)->286236K(399360K)
[364.017s][info][gc,metaspace   ] GC(678) Metaspace: 57245K(57600K)->57245K(57600K) NonClass: 51613K(51904K)->51613K(51904K) Class: 5632K(5696K)->5632K(5696K)
[364.017s][info][gc             ] GC(678) Pause Young (Allocation Failure) 445M->281M(550M) 3.145ms
[364.017s][info][gc,cpu         ] GC(678) User=0.01s Sys=0.01s Real=0.01s
[364.348s][info][gc,start       ] GC(679) Pause Young (Allocation Failure)
[364.351s][info][gc,heap        ] GC(679) PSYoungGen: 163423K(163840K)->1791K(158720K) Eden: 161792K(161792K)->0K(156672K) From: 1631K(2048K)->1791K(2048K)
[364.351s][info][gc,heap        ] GC(679) ParOldGen: 286236K(399360K)->286252K(399360K)
[364.351s][info][gc,metaspace   ] GC(679) Metaspace: 57245K(57600K)->57245K(57600K) NonClass: 51613K(51904K)->51613K(51904K) Class: 5632K(5696K)->5632K(5696K)
[364.352s][info][gc             ] GC(679) Pause Young (Allocation Failure) 439M->281M(545M) 3.318ms
[364.352s][info][gc,cpu         ] GC(679) User=0.01s Sys=0.00s Real=0.00s
[364.725s][info][gc,start       ] GC(680) Pause Young (Allocation Failure)
[364.729s][info][gc,heap        ] GC(680) PSYoungGen: 158463K(158720K)->2687K(154624K) Eden: 156672K(156672K)->0K(151552K) From: 1791K(2048K)->2687K(3072K)
[364.729s][info][gc,heap        ] GC(680) ParOldGen: 286252K(399360K)->286268K(399360K)
[364.729s][info][gc,metaspace   ] GC(680) Metaspace: 57245K(57600K)->57245K(57600K) NonClass: 51613K(51904K)->51613K(51904K) Class: 5632K(5696K)->5632K(5696K)
[364.730s][info][gc             ] GC(680) Pause Young (Allocation Failure) 434M->282M(541M) 4.544ms
[364.730s][info][gc,cpu         ] GC(680) User=0.01s Sys=0.00s Real=0.01s
[365.046s][info][gc,start       ] GC(681) Pause Young (Allocation Failure)
[365.049s][info][gc,heap        ] GC(681) PSYoungGen: 154239K(154624K)->1727K(148480K) Eden: 151552K(151552K)->0K(146432K) From: 2687K(3072K)->1727K(2048K)
[365.049s][info][gc,heap        ] GC(681) ParOldGen: 286268K(399360K)->286284K(399360K)
[365.049s][info][gc,metaspace   ] GC(681) Metaspace: 57245K(57600K)->57245K(57600K) NonClass: 51613K(51904K)->51613K(51904K) Class: 5632K(5696K)->5632K(5696K)
[365.049s][info][gc             ] GC(681) Pause Young (Allocation Failure) 430M->281M(535M) 3.289ms
[365.049s][info][gc,cpu         ] GC(681) User=0.00s Sys=0.00s Real=0.00s
[365.417s][info][gc,start       ] GC(682) Pause Young (Allocation Failure)
[365.421s][info][gc,heap        ] GC(682) PSYoungGen: 148007K(148480K)->2111K(144384K) Eden: 146280K(146432K)->0K(141824K) From: 1727K(2048K)->2111K(2560K)
[365.421s][info][gc,heap        ] GC(682) ParOldGen: 286284K(399360K)->286300K(399360K)
[365.421s][info][gc,metaspace   ] GC(682) Metaspace: 57245K(57600K)->57245K(57600K) NonClass: 51613K(51904K)->51613K(51904K) Class: 5632K(5696K)->5632K(5696K)
[365.421s][info][gc             ] GC(682) Pause Young (Allocation Failure) 424M->281M(531M) 3.732ms
[365.421s][info][gc,cpu         ] GC(682) User=0.01s Sys=0.00s Real=0.00s
[365.718s][info][gc,start       ] GC(683) Pause Young (Allocation Failure)
[365.721s][info][gc,heap        ] GC(683) PSYoungGen: 143935K(144384K)->2015K(171008K) Eden: 141824K(141824K)->0K(168960K) From: 2111K(2560K)->2015K(2048K)
[365.721s][info][gc,heap        ] GC(683) ParOldGen: 286300K(399360K)->286316K(399360K)
[365.721s][info][gc,metaspace   ] GC(683) Metaspace: 57245K(57600K)->57245K(57600K) NonClass: 51613K(51904K)->51613K(51904K) Class: 5632K(5696K)->5632K(5696K)
[365.721s][info][gc             ] GC(683) Pause Young (Allocation Failure) 420M->281M(557M) 3.612ms
[365.721s][info][gc,cpu         ] GC(683) User=0.01s Sys=0.00s Real=0.00s
[366.111s][info][gc,start       ] GC(684) Pause Young (Allocation Failure)
[366.113s][info][gc,heap        ] GC(684) PSYoungGen: 170975K(171008K)->927K(164352K) Eden: 168960K(168960K)->0K(163328K) From: 2015K(2048K)->927K(1024K)
[366.113s][info][gc,heap        ] GC(684) ParOldGen: 286316K(399360K)->286332K(399360K)
[366.113s][info][gc,metaspace   ] GC(684) Metaspace: 57245K(57600K)->57245K(57600K) NonClass: 51613K(51904K)->51613K(51904K) Class: 5632K(5696K)->5632K(5696K)
[366.113s][info][gc             ] GC(684) Pause Young (Allocation Failure) 446M->280M(550M) 2.239ms
[366.113s][info][gc,cpu         ] GC(684) User=0.01s Sys=0.00s Real=0.00s
[366.534s][info][gc,start       ] GC(685) Pause Young (Allocation Failure)
[366.540s][info][gc,heap        ] GC(685) PSYoungGen: 164058K(164352K)->1184K(196096K) Eden: 163131K(163328K)->0K(194560K) From: 927K(1024K)->1184K(1536K)
[366.540s][info][gc,heap        ] GC(685) ParOldGen: 286332K(399360K)->286348K(399360K)
[366.540s][info][gc,metaspace   ] GC(685) Metaspace: 57245K(57600K)->57245K(57600K) NonClass: 51613K(51904K)->51613K(51904K) Class: 5632K(5696K)->5632K(5696K)
[366.540s][info][gc             ] GC(685) Pause Young (Allocation Failure) 439M->280M(581M) 5.858ms
[366.540s][info][gc,cpu         ] GC(685) User=0.00s Sys=0.00s Real=0.01s
[367.018s][info][gc,start       ] GC(686) Pause Young (Allocation Failure)
[367.024s][info][gc,heap        ] GC(686) PSYoungGen: 195744K(196096K)->2015K(233472K) Eden: 194560K(194560K)->0K(231424K) From: 1184K(1536K)->2015K(2048K)
[367.024s][info][gc,heap        ] GC(686) ParOldGen: 286348K(399360K)->286364K(399360K)
[367.024s][info][gc,metaspace   ] GC(686) Metaspace: 57245K(57600K)->57245K(57600K) NonClass: 51613K(51904K)->51613K(51904K) Class: 5632K(5696K)->5632K(5696K)
[367.024s][info][gc             ] GC(686) Pause Young (Allocation Failure) 470M->281M(618M) 5.830ms
[367.024s][info][gc,cpu         ] GC(686) User=0.01s Sys=0.00s Real=0.00s
[367.524s][info][gc,start       ] GC(687) Pause Young (Allocation Failure)
[367.528s][info][gc,heap        ] GC(687) PSYoungGen: 233439K(233472K)->2591K(244224K) Eden: 231424K(231424K)->0K(240640K) From: 2015K(2048K)->2591K(3584K)
[367.528s][info][gc,heap        ] GC(687) ParOldGen: 286364K(399360K)->286380K(399360K)
[367.528s][info][gc,metaspace   ] GC(687) Metaspace: 57245K(57600K)->57245K(57600K) NonClass: 51613K(51904K)->51613K(51904K) Class: 5632K(5696K)->5632K(5696K)
[367.528s][info][gc             ] GC(687) Pause Young (Allocation Failure) 507M->282M(628M) 4.144ms
[367.528s][info][gc,cpu         ] GC(687) User=0.00s Sys=0.00s Real=0.01s
[368.048s][info][gc,start       ] GC(688) Pause Young (Allocation Failure)
[368.051s][info][gc,heap        ] GC(688) PSYoungGen: 243045K(244224K)->1216K(232960K) Eden: 240454K(240640K)->0K(231424K) From: 2591K(3584K)->1216K(1536K)
[368.051s][info][gc,heap        ] GC(688) ParOldGen: 286380K(399360K)->286396K(399360K)
[368.051s][info][gc,metaspace   ] GC(688) Metaspace: 57245K(57600K)->57245K(57600K) NonClass: 51613K(51904K)->51613K(51904K) Class: 5632K(5696K)->5632K(5696K)
[368.051s][info][gc             ] GC(688) Pause Young (Allocation Failure) 517M->280M(617M) 3.000ms
[368.051s][info][gc,cpu         ] GC(688) User=0.00s Sys=0.00s Real=0.00s
[368.607s][info][gc,start       ] GC(689) Pause Young (Allocation Failure)
[368.609s][info][gc,heap        ] GC(689) PSYoungGen: 232640K(232960K)->480K(223232K) Eden: 231424K(231424K)->0K(222720K) From: 1216K(1536K)->480K(512K)
[368.609s][info][gc,heap        ] GC(689) ParOldGen: 286396K(399360K)->286412K(399360K)
[368.609s][info][gc,metaspace   ] GC(689) Metaspace: 57245K(57600K)->57245K(57600K) NonClass: 51613K(51904K)->51613K(51904K) Class: 5632K(5696K)->5632K(5696K)
[368.609s][info][gc             ] GC(689) Pause Young (Allocation Failure) 506M->280M(608M) 2.062ms
[368.609s][info][gc,cpu         ] GC(689) User=0.00s Sys=0.00s Real=0.00s
[369.118s][info][gc,start       ] GC(690) Pause Young (Allocation Failure)
[369.120s][info][gc,heap        ] GC(690) PSYoungGen: 223200K(223232K)->991K(218112K) Eden: 222720K(222720K)->0K(214528K) From: 480K(512K)->991K(3584K)
[369.120s][info][gc,heap        ] GC(690) ParOldGen: 286412K(399360K)->286428K(399360K)
[369.120s][info][gc,metaspace   ] GC(690) Metaspace: 57245K(57600K)->57245K(57600K) NonClass: 51613K(51904K)->51613K(51904K) Class: 5632K(5696K)->5632K(5696K)
[369.120s][info][gc             ] GC(690) Pause Young (Allocation Failure) 497M->280M(603M) 2.519ms
[369.120s][info][gc,cpu         ] GC(690) User=0.01s Sys=0.00s Real=0.00s
[369.552s][info][gc,start       ] GC(691) Pause Young (Allocation Failure)
[369.555s][info][gc,heap        ] GC(691) PSYoungGen: 215488K(218112K)->1407K(208384K) Eden: 214497K(214528K)->0K(206848K) From: 991K(3584K)->1407K(1536K)
[369.555s][info][gc,heap        ] GC(691) ParOldGen: 286428K(399360K)->286444K(399360K)
[369.555s][info][gc,metaspace   ] GC(691) Metaspace: 57245K(57600K)->57245K(57600K) NonClass: 51613K(51904K)->51613K(51904K) Class: 5632K(5696K)->5632K(5696K)
[369.555s][info][gc             ] GC(691) Pause Young (Allocation Failure) 490M->281M(593M) 2.870ms
[369.555s][info][gc,cpu         ] GC(691) User=0.01s Sys=0.00s Real=0.00s
[370.029s][info][gc,start       ] GC(692) Pause Young (Allocation Failure)
[370.035s][info][gc,heap        ] GC(692) PSYoungGen: 208255K(208384K)->1983K(201216K) Eden: 206848K(206848K)->0K(199168K) From: 1407K(1536K)->1983K(2048K)
[370.035s][info][gc,heap        ] GC(692) ParOldGen: 286444K(399360K)->286460K(399360K)
[370.035s][info][gc,metaspace   ] GC(692) Metaspace: 57245K(57600K)->57245K(57600K) NonClass: 51613K(51904K)->51613K(51904K) Class: 5632K(5696K)->5632K(5696K)
[370.035s][info][gc             ] GC(692) Pause Young (Allocation Failure) 483M->281M(586M) 6.536ms
[370.035s][info][gc,cpu         ] GC(692) User=0.01s Sys=0.00s Real=0.01s
[370.505s][info][gc,start       ] GC(693) Pause Young (Allocation Failure)
[370.507s][info][gc,heap        ] GC(693) PSYoungGen: 201151K(201216K)->320K(192512K) Eden: 199168K(199168K)->0K(192000K) From: 1983K(2048K)->320K(512K)
[370.507s][info][gc,heap        ] GC(693) ParOldGen: 286460K(399360K)->286476K(399360K)
[370.507s][info][gc,metaspace   ] GC(693) Metaspace: 57245K(57600K)->57245K(57600K) NonClass: 51613K(51904K)->51613K(51904K) Class: 5632K(5696K)->5632K(5696K)
[370.507s][info][gc             ] GC(693) Pause Young (Allocation Failure) 476M->280M(578M) 2.088ms
[370.507s][info][gc,cpu         ] GC(693) User=0.01s Sys=0.00s Real=0.01s
[370.920s][info][gc,start       ] GC(694) Pause Young (Allocation Failure)
[370.923s][info][gc,heap        ] GC(694) PSYoungGen: 192320K(192512K)->2079K(188928K) Eden: 192000K(192000K)->0K(185344K) From: 320K(512K)->2079K(3584K)
[370.923s][info][gc,heap        ] GC(694) ParOldGen: 286476K(399360K)->286492K(399360K)
[370.923s][info][gc,metaspace   ] GC(694) Metaspace: 57245K(57600K)->57245K(57600K) NonClass: 51613K(51904K)->51613K(51904K) Class: 5632K(5696K)->5632K(5696K)
[370.923s][info][gc             ] GC(694) Pause Young (Allocation Failure) 467M->281M(574M) 3.465ms
[370.923s][info][gc,cpu         ] GC(694) User=0.01s Sys=0.00s Real=0.00s
[371.398s][info][gc,start       ] GC(695) Pause Young (Allocation Failure)
[371.402s][info][gc,heap        ] GC(695) PSYoungGen: 187423K(188928K)->2239K(181248K) Eden: 185344K(185344K)->0K(178688K) From: 2079K(3584K)->2239K(2560K)
[371.402s][info][gc,heap        ] GC(695) ParOldGen: 286492K(399360K)->286508K(399360K)
[371.402s][info][gc,metaspace   ] GC(695) Metaspace: 57245K(57600K)->57245K(57600K) NonClass: 51613K(51904K)->51613K(51904K) Class: 5632K(5696K)->5632K(5696K)
[371.402s][info][gc             ] GC(695) Pause Young (Allocation Failure) 462M->281M(567M) 3.868ms
[371.402s][info][gc,cpu         ] GC(695) User=0.01s Sys=0.00s Real=0.00s
[371.727s][info][gc,start       ] GC(696) Pause Young (Allocation Failure)
[371.733s][info][gc,heap        ] GC(696) PSYoungGen: 180927K(181248K)->3008K(175616K) Eden: 178688K(178688K)->0K(172544K) From: 2239K(2560K)->3008K(3072K)
[371.733s][info][gc,heap        ] GC(696) ParOldGen: 286508K(399360K)->286524K(399360K)
[371.733s][info][gc,metaspace   ] GC(696) Metaspace: 57245K(57600K)->57245K(57600K) NonClass: 51613K(51904K)->51613K(51904K) Class: 5632K(5696K)->5632K(5696K)
[371.733s][info][gc             ] GC(696) Pause Young (Allocation Failure) 456M->282M(561M) 5.169ms
[371.733s][info][gc,cpu         ] GC(696) User=0.01s Sys=0.00s Real=0.00s
[372.122s][info][gc,start       ] GC(697) Pause Young (Allocation Failure)
[372.127s][info][gc,heap        ] GC(697) PSYoungGen: 175552K(175616K)->2048K(207360K) Eden: 172544K(172544K)->0K(205312K) From: 3008K(3072K)->2048K(2048K)
[372.127s][info][gc,heap        ] GC(697) ParOldGen: 286524K(399360K)->287475K(399360K)
[372.127s][info][gc,metaspace   ] GC(697) Metaspace: 57245K(57600K)->57245K(57600K) NonClass: 51613K(51904K)->51613K(51904K) Class: 5632K(5696K)->5632K(5696K)
[372.127s][info][gc             ] GC(697) Pause Young (Allocation Failure) 451M->282M(592M) 4.704ms
[372.127s][info][gc,cpu         ] GC(697) User=0.01s Sys=0.00s Real=0.01s
[372.612s][info][gc,start       ] GC(698) Pause Young (Allocation Failure)
[372.616s][info][gc,heap        ] GC(698) PSYoungGen: 207360K(207360K)->1312K(199680K) Eden: 205312K(205312K)->0K(198144K) From: 2048K(2048K)->1312K(1536K)
[372.616s][info][gc,heap        ] GC(698) ParOldGen: 287475K(399360K)->288619K(399360K)
[372.616s][info][gc,metaspace   ] GC(698) Metaspace: 57248K(57600K)->57248K(57600K) NonClass: 51616K(51904K)->51616K(51904K) Class: 5632K(5696K)->5632K(5696K)
[372.616s][info][gc             ] GC(698) Pause Young (Allocation Failure) 483M->283M(585M) 3.800ms
[372.616s][info][gc,cpu         ] GC(698) User=0.01s Sys=0.00s Real=0.01s
[373.091s][info][gc,start       ] GC(699) Pause Young (Allocation Failure)
[373.094s][info][gc,heap        ] GC(699) PSYoungGen: 199456K(199680K)->1440K(192512K) Eden: 198144K(198144K)->0K(190976K) From: 1312K(1536K)->1440K(1536K)
[373.094s][info][gc,heap        ] GC(699) ParOldGen: 288619K(399360K)->288771K(399360K)
[373.094s][info][gc,metaspace   ] GC(699) Metaspace: 57248K(57600K)->57248K(57600K) NonClass: 51616K(51904K)->51616K(51904K) Class: 5632K(5696K)->5632K(5696K)
[373.094s][info][gc             ] GC(699) Pause Young (Allocation Failure) 476M->283M(578M) 3.504ms
[373.094s][info][gc,cpu         ] GC(699) User=0.00s Sys=0.00s Real=0.00s
[373.508s][info][gc,start       ] GC(700) Pause Young (Allocation Failure)
[373.510s][info][gc,heap        ] GC(700) PSYoungGen: 192392K(192512K)->448K(184832K) Eden: 190952K(190976K)->0K(184320K) From: 1440K(1536K)->448K(512K)
[373.510s][info][gc,heap        ] GC(700) ParOldGen: 288771K(399360K)->288787K(399360K)
[373.510s][info][gc,metaspace   ] GC(700) Metaspace: 57248K(57600K)->57248K(57600K) NonClass: 51616K(51904K)->51616K(51904K) Class: 5632K(5696K)->5632K(5696K)
[373.510s][info][gc             ] GC(700) Pause Young (Allocation Failure) 469M->282M(570M) 1.990ms
[373.510s][info][gc,cpu         ] GC(700) User=0.00s Sys=0.00s Real=0.00s
[373.916s][info][gc,start       ] GC(701) Pause Young (Allocation Failure)
[373.919s][info][gc,heap        ] GC(701) PSYoungGen: 184768K(184832K)->1215K(179200K) Eden: 184320K(184320K)->0K(177664K) From: 448K(512K)->1215K(1536K)
[373.919s][info][gc,heap        ] GC(701) ParOldGen: 288787K(399360K)->288803K(399360K)
[373.919s][info][gc,metaspace   ] GC(701) Metaspace: 57248K(57600K)->57248K(57600K) NonClass: 51616K(51904K)->51616K(51904K) Class: 5632K(5696K)->5632K(5696K)
[373.919s][info][gc             ] GC(701) Pause Young (Allocation Failure) 462M->283M(565M) 2.651ms
[373.919s][info][gc,cpu         ] GC(701) User=0.00s Sys=0.00s Real=0.00s
[374.331s][info][gc,start       ] GC(702) Pause Young (Allocation Failure)
[374.336s][info][gc,heap        ] GC(702) PSYoungGen: 178879K(179200K)->3200K(175104K) Eden: 177664K(177664K)->0K(171520K) From: 1215K(1536K)->3200K(3584K)
[374.336s][info][gc,heap        ] GC(702) ParOldGen: 288803K(399360K)->288819K(399360K)
[374.336s][info][gc,metaspace   ] GC(702) Metaspace: 57248K(57600K)->57248K(57600K) NonClass: 51616K(51904K)->51616K(51904K) Class: 5632K(5696K)->5632K(5696K)
[374.336s][info][gc             ] GC(702) Pause Young (Allocation Failure) 456M->285M(561M) 5.345ms
[374.336s][info][gc,cpu         ] GC(702) User=0.01s Sys=0.00s Real=0.01s
[374.712s][info][gc,start       ] GC(703) Pause Young (Allocation Failure)
[374.715s][info][gc,heap        ] GC(703) PSYoungGen: 174720K(175104K)->1343K(167424K) Eden: 171520K(171520K)->0K(165888K) From: 3200K(3584K)->1343K(1536K)
[374.715s][info][gc,heap        ] GC(703) ParOldGen: 288819K(399360K)->288835K(399360K)
[374.715s][info][gc,metaspace   ] GC(703) Metaspace: 57248K(57600K)->57248K(57600K) NonClass: 51616K(51904K)->51616K(51904K) Class: 5632K(5696K)->5632K(5696K)
[374.715s][info][gc             ] GC(703) Pause Young (Allocation Failure) 452M->283M(553M) 2.785ms
[374.715s][info][gc,cpu         ] GC(703) User=0.00s Sys=0.00s Real=0.00s
[375.051s][info][gc,start       ] GC(704) Pause Young (Allocation Failure)
[375.053s][info][gc,heap        ] GC(704) PSYoungGen: 166998K(167424K)->448K(160768K) Eden: 165654K(165888K)->0K(160256K) From: 1343K(1536K)->448K(512K)
[375.053s][info][gc,heap        ] GC(704) ParOldGen: 288835K(399360K)->288851K(399360K)
[375.053s][info][gc,metaspace   ] GC(704) Metaspace: 57248K(57600K)->57248K(57600K) NonClass: 51616K(51904K)->51616K(51904K) Class: 5632K(5696K)->5632K(5696K)
[375.053s][info][gc             ] GC(704) Pause Young (Allocation Failure) 445M->282M(547M) 2.080ms
[375.053s][info][gc,cpu         ] GC(704) User=0.01s Sys=0.00s Real=0.00s
[375.473s][info][gc,start       ] GC(705) Pause Young (Allocation Failure)
[375.481s][info][gc,heap        ] GC(705) PSYoungGen: 160704K(160768K)->3615K(195072K) Eden: 160256K(160256K)->0K(190976K) From: 448K(512K)->3615K(4096K)
[375.481s][info][gc,heap        ] GC(705) ParOldGen: 288851K(399360K)->288867K(399360K)
[375.481s][info][gc,metaspace   ] GC(705) Metaspace: 57248K(57600K)->57248K(57600K) NonClass: 51616K(51904K)->51616K(51904K) Class: 5632K(5696K)->5632K(5696K)
[375.481s][info][gc             ] GC(705) Pause Young (Allocation Failure) 439M->285M(580M) 7.577ms
[375.481s][info][gc,cpu         ] GC(705) User=0.01s Sys=0.00s Real=0.01s
[375.853s][info][gc,start       ] GC(706) Pause Young (Allocation Failure)
[375.856s][info][gc,heap        ] GC(706) PSYoungGen: 194359K(195072K)->640K(217088K) Eden: 190743K(190976K)->0K(212480K) From: 3615K(4096K)->640K(4608K)
[375.856s][info][gc,heap        ] GC(706) ParOldGen: 288867K(399360K)->288883K(399360K)
[375.856s][info][gc,metaspace   ] GC(706) Metaspace: 57248K(57600K)->57248K(57600K) NonClass: 51616K(51904K)->51616K(51904K) Class: 5632K(5696K)->5632K(5696K)
[375.856s][info][gc             ] GC(706) Pause Young (Allocation Failure) 471M->282M(602M) 3.706ms
[375.856s][info][gc,cpu         ] GC(706) User=0.00s Sys=0.00s Real=0.01s
[376.330s][info][gc,start       ] GC(707) Pause Young (Allocation Failure)
[376.336s][info][gc,heap        ] GC(707) PSYoungGen: 213120K(217088K)->3039K(231936K) Eden: 212480K(212480K)->0K(227328K) From: 640K(4608K)->3039K(4608K)
[376.336s][info][gc,heap        ] GC(707) ParOldGen: 288883K(399360K)->288899K(399360K)
[376.336s][info][gc,metaspace   ] GC(707) Metaspace: 57248K(57600K)->57248K(57600K) NonClass: 51616K(51904K)->51616K(51904K) Class: 5632K(5696K)->5632K(5696K)
[376.336s][info][gc             ] GC(707) Pause Young (Allocation Failure) 490M->285M(616M) 5.912ms
[376.336s][info][gc,cpu         ] GC(707) User=0.01s Sys=0.00s Real=0.01s
[376.846s][info][gc,start       ] GC(708) Pause Young (Allocation Failure)
[376.853s][info][gc,heap        ] GC(708) PSYoungGen: 230367K(231936K)->1887K(231936K) Eden: 227328K(227328K)->0K(227328K) From: 3039K(4608K)->1887K(4608K)
[376.853s][info][gc,heap        ] GC(708) ParOldGen: 288899K(399360K)->288915K(399360K)
[376.853s][info][gc,metaspace   ] GC(708) Metaspace: 57248K(57600K)->57248K(57600K) NonClass: 51616K(51904K)->51616K(51904K) Class: 5632K(5696K)->5632K(5696K)
[376.853s][info][gc             ] GC(708) Pause Young (Allocation Failure) 507M->283M(616M) 7.038ms
[376.853s][info][gc,cpu         ] GC(708) User=0.01s Sys=0.01s Real=0.00s
[377.349s][info][gc,start       ] GC(709) Pause Young (Allocation Failure)
[377.351s][info][gc,heap        ] GC(709) PSYoungGen: 229215K(231936K)->568K(220160K) Eden: 227328K(227328K)->0K(219136K) From: 1887K(4608K)->568K(1024K)
[377.351s][info][gc,heap        ] GC(709) ParOldGen: 288915K(399360K)->288931K(399360K)
[377.351s][info][gc,metaspace   ] GC(709) Metaspace: 57248K(57600K)->57248K(57600K) NonClass: 51616K(51904K)->51616K(51904K) Class: 5632K(5696K)->5632K(5696K)
[377.351s][info][gc             ] GC(709) Pause Young (Allocation Failure) 505M->282M(605M) 2.140ms
[377.351s][info][gc,cpu         ] GC(709) User=0.00s Sys=0.00s Real=0.00s
[377.851s][info][gc,start       ] GC(710) Pause Young (Allocation Failure)
[377.853s][info][gc,heap        ] GC(710) PSYoungGen: 219704K(220160K)->308K(211456K) Eden: 219136K(219136K)->0K(210944K) From: 568K(1024K)->308K(512K)
[377.853s][info][gc,heap        ] GC(710) ParOldGen: 288931K(399360K)->288947K(399360K)
[377.853s][info][gc,metaspace   ] GC(710) Metaspace: 57248K(57600K)->57248K(57600K) NonClass: 51616K(51904K)->51616K(51904K) Class: 5632K(5696K)->5632K(5696K)
[377.853s][info][gc             ] GC(710) Pause Young (Allocation Failure) 496M->282M(596M) 1.966ms
[377.853s][info][gc,cpu         ] GC(710) User=0.00s Sys=0.00s Real=0.00s
[378.471s][info][gc,start       ] GC(711) Pause Young (Allocation Failure)
[378.495s][info][gc,heap        ] GC(711) PSYoungGen: 211252K(211456K)->4608K(256512K) Eden: 210944K(210944K)->0K(251904K) From: 308K(512K)->4608K(4608K)
[378.495s][info][gc,heap        ] GC(711) ParOldGen: 288947K(399360K)->290275K(399360K)
[378.495s][info][gc,metaspace   ] GC(711) Metaspace: 57248K(57600K)->57248K(57600K) NonClass: 51616K(51904K)->51616K(51904K) Class: 5632K(5696K)->5632K(5696K)
[378.495s][info][gc             ] GC(711) Pause Young (Allocation Failure) 488M->287M(640M) 23.585ms
[378.495s][info][gc,cpu         ] GC(711) User=0.03s Sys=0.00s Real=0.02s
[378.929s][info][gc,start       ] GC(712) Pause Young (Allocation Failure)
[378.951s][info][gc,heap        ] GC(712) PSYoungGen: 256512K(256512K)->5617K(270336K) Eden: 251904K(251904K)->0K(264704K) From: 4608K(4608K)->5617K(5632K)
[378.951s][info][gc,heap        ] GC(712) ParOldGen: 290275K(399360K)->303006K(399360K)
[378.951s][info][gc,metaspace   ] GC(712) Metaspace: 57248K(57600K)->57248K(57600K) NonClass: 51616K(51904K)->51616K(51904K) Class: 5632K(5696K)->5632K(5696K)
[378.951s][info][gc             ] GC(712) Pause Young (Allocation Failure) 533M->301M(654M) 21.909ms
[378.951s][info][gc,cpu         ] GC(712) User=0.03s Sys=0.01s Real=0.02s
[379.523s][info][gc,start       ] GC(713) Pause Young (Allocation Failure)
[379.530s][info][gc,heap        ] GC(713) PSYoungGen: 270321K(270336K)->1808K(313856K) Eden: 264704K(264704K)->0K(302080K) From: 5617K(5632K)->1808K(11776K)
[379.530s][info][gc,heap        ] GC(713) ParOldGen: 303006K(399360K)->307208K(399360K)
[379.530s][info][gc,metaspace   ] GC(713) Metaspace: 57248K(57600K)->57248K(57600K) NonClass: 51616K(51904K)->51616K(51904K) Class: 5632K(5696K)->5632K(5696K)
[379.530s][info][gc             ] GC(713) Pause Young (Allocation Failure) 559M->301M(696M) 6.198ms
[379.530s][info][gc,cpu         ] GC(713) User=0.01s Sys=0.00s Real=0.01s
[381.167s][info][gc,start       ] GC(714) Pause Young (Allocation Failure)
[381.178s][info][gc,heap        ] GC(714) PSYoungGen: 288891K(313856K)->64K(313344K) Eden: 287083K(302080K)->0K(302080K) From: 1808K(11776K)->64K(11264K)
[381.178s][info][gc,heap        ] GC(714) ParOldGen: 307208K(399360K)->346286K(399360K)
[381.178s][info][gc,metaspace   ] GC(714) Metaspace: 57260K(57600K)->57260K(57600K) NonClass: 51628K(51904K)->51628K(51904K) Class: 5632K(5696K)->5632K(5696K)
[381.178s][info][gc             ] GC(714) Pause Young (Allocation Failure) 582M->338M(696M) 11.167ms
[381.178s][info][gc,cpu         ] GC(714) User=0.02s Sys=0.00s Real=0.01s
[382.937s][info][gc,start       ] GC(715) Pause Young (Allocation Failure)
[382.956s][info][gc,heap        ] GC(715) PSYoungGen: 301930K(313344K)->10751K(279040K) Eden: 301866K(302080K)->0K(268288K) From: 64K(11264K)->10751K(10752K)
[382.956s][info][gc,heap        ] GC(715) ParOldGen: 346286K(399360K)->400081K(400384K)
[382.956s][info][gc,metaspace   ] GC(715) Metaspace: 57387K(57664K)->57387K(57664K) NonClass: 51755K(51968K)->51755K(51968K) Class: 5632K(5696K)->5632K(5696K)
[382.956s][info][gc             ] GC(715) Pause Young (Allocation Failure) 633M->401M(663M) 19.184ms
[382.956s][info][gc,cpu         ] GC(715) User=0.03s Sys=0.00s Real=0.02s
[383.535s][info][gc,start       ] GC(716) Pause Young (Allocation Failure)
[383.548s][info][gc,heap        ] GC(716) PSYoungGen: 279039K(279040K)->2974K(301056K) Eden: 268288K(268288K)->0K(268288K) From: 10751K(10752K)->2974K(32768K)
[383.548s][info][gc,heap        ] GC(716) ParOldGen: 400081K(400384K)->410840K(411136K)
[383.548s][info][gc,metaspace   ] GC(716) Metaspace: 57387K(57664K)->57387K(57664K) NonClass: 51755K(51968K)->51755K(51968K) Class: 5632K(5696K)->5632K(5696K)
[383.548s][info][gc             ] GC(716) Pause Young (Allocation Failure) 663M->404M(695M) 12.996ms
[383.548s][info][gc,cpu         ] GC(716) User=0.01s Sys=0.01s Real=0.01s
[384.132s][info][gc,start       ] GC(717) Pause Young (Allocation Failure)
[384.139s][info][gc,heap        ] GC(717) PSYoungGen: 271262K(301056K)->2751K(296960K) Eden: 268288K(268288K)->0K(269312K) From: 2974K(32768K)->2751K(27648K)
[384.139s][info][gc,heap        ] GC(717) ParOldGen: 410840K(411136K)->411319K(411648K)
[384.139s][info][gc,metaspace   ] GC(717) Metaspace: 57387K(57664K)->57387K(57664K) NonClass: 51755K(51968K)->51755K(51968K) Class: 5632K(5696K)->5632K(5696K)
[384.139s][info][gc             ] GC(717) Pause Young (Allocation Failure) 666M->404M(692M) 6.428ms
[384.139s][info][gc,cpu         ] GC(717) User=0.01s Sys=0.00s Real=0.01s
[384.746s][info][gc,start       ] GC(718) Pause Young (Allocation Failure)
[384.749s][info][gc,heap        ] GC(718) PSYoungGen: 271816K(296960K)->1663K(299520K) Eden: 269064K(269312K)->0K(269312K) From: 2751K(27648K)->1663K(30208K)
[384.749s][info][gc,heap        ] GC(718) ParOldGen: 411319K(411648K)->411335K(411648K)
[384.749s][info][gc,metaspace   ] GC(718) Metaspace: 57387K(57664K)->57387K(57664K) NonClass: 51755K(51968K)->51755K(51968K) Class: 5632K(5696K)->5632K(5696K)
[384.750s][info][gc             ] GC(718) Pause Young (Allocation Failure) 667M->403M(694M) 3.325ms
[384.750s][info][gc,cpu         ] GC(718) User=0.01s Sys=0.00s Real=0.00s
[385.352s][info][gc,start       ] GC(719) Pause Young (Allocation Failure)
[385.356s][info][gc,heap        ] GC(719) PSYoungGen: 270975K(299520K)->1279K(300544K) Eden: 269312K(269312K)->0K(274432K) From: 1663K(30208K)->1279K(26112K)
[385.356s][info][gc,heap        ] GC(719) ParOldGen: 411335K(411648K)->411351K(411648K)
[385.356s][info][gc,metaspace   ] GC(719) Metaspace: 57387K(57664K)->57387K(57664K) NonClass: 51755K(51968K)->51755K(51968K) Class: 5632K(5696K)->5632K(5696K)
[385.356s][info][gc             ] GC(719) Pause Young (Allocation Failure) 666M->402M(695M) 3.400ms
[385.356s][info][gc,cpu         ] GC(719) User=0.00s Sys=0.00s Real=0.01s
[386.007s][info][gc,start       ] GC(720) Pause Young (Allocation Failure)
[386.010s][info][gc,heap        ] GC(720) PSYoungGen: 275711K(300544K)->927K(264704K) Eden: 274432K(274432K)->0K(263680K) From: 1279K(26112K)->927K(1024K)
[386.010s][info][gc,heap        ] GC(720) ParOldGen: 411351K(411648K)->411367K(411648K)
[386.010s][info][gc,metaspace   ] GC(720) Metaspace: 57387K(57664K)->57387K(57664K) NonClass: 51755K(51968K)->51755K(51968K) Class: 5632K(5696K)->5632K(5696K)
[386.010s][info][gc             ] GC(720) Pause Young (Allocation Failure) 670M->402M(660M) 3.133ms
[386.011s][info][gc,cpu         ] GC(720) User=0.01s Sys=0.00s Real=0.00s
[386.555s][info][gc,start       ] GC(721) Pause Young (Allocation Failure)
[386.558s][info][gc,heap        ] GC(721) PSYoungGen: 264484K(264704K)->704K(268288K) Eden: 263557K(263680K)->0K(253440K) From: 927K(1024K)->704K(14848K)
[386.558s][info][gc,heap        ] GC(721) ParOldGen: 411367K(411648K)->411383K(411648K)
[386.558s][info][gc,metaspace   ] GC(721) Metaspace: 57387K(57664K)->57387K(57664K) NonClass: 51755K(51968K)->51755K(51968K) Class: 5632K(5696K)->5632K(5696K)
[386.558s][info][gc             ] GC(721) Pause Young (Allocation Failure) 660M->402M(664M) 2.751ms
[386.558s][info][gc,cpu         ] GC(721) User=0.01s Sys=0.00s Real=0.00s
[387.129s][info][gc,start       ] GC(722) Pause Young (Allocation Failure)
[387.134s][info][gc,heap        ] GC(722) PSYoungGen: 254144K(268288K)->1696K(245760K) Eden: 253440K(253440K)->0K(243712K) From: 704K(14848K)->1696K(2048K)
[387.134s][info][gc,heap        ] GC(722) ParOldGen: 411383K(411648K)->411399K(411648K)
[387.134s][info][gc,metaspace   ] GC(722) Metaspace: 57387K(57664K)->57387K(57664K) NonClass: 51755K(51968K)->51755K(51968K) Class: 5632K(5696K)->5632K(5696K)
[387.134s][info][gc             ] GC(722) Pause Young (Allocation Failure) 649M->403M(642M) 4.508ms
[387.134s][info][gc,cpu         ] GC(722) User=0.01s Sys=0.00s Real=0.00s
[387.650s][info][gc,start       ] GC(723) Pause Young (Allocation Failure)
[387.653s][info][gc,heap        ] GC(723) PSYoungGen: 245408K(245760K)->1055K(247808K) Eden: 243712K(243712K)->0K(234496K) From: 1696K(2048K)->1055K(13312K)
[387.653s][info][gc,heap        ] GC(723) ParOldGen: 411399K(411648K)->411415K(411648K)
[387.654s][info][gc,metaspace   ] GC(723) Metaspace: 57387K(57664K)->57387K(57664K) NonClass: 51755K(51968K)->51755K(51968K) Class: 5632K(5696K)->5632K(5696K)
[387.654s][info][gc             ] GC(723) Pause Young (Allocation Failure) 641M->402M(644M) 3.491ms
[387.654s][info][gc,cpu         ] GC(723) User=0.00s Sys=0.00s Real=0.00s
[388.213s][info][gc,start       ] GC(724) Pause Young (Allocation Failure)
[388.218s][info][gc,heap        ] GC(724) PSYoungGen: 235551K(247808K)->1727K(227840K) Eden: 234496K(234496K)->0K(225792K) From: 1055K(13312K)->1727K(2048K)
[388.218s][info][gc,heap        ] GC(724) ParOldGen: 411415K(411648K)->411431K(411648K)
[388.218s][info][gc,metaspace   ] GC(724) Metaspace: 57387K(57664K)->57387K(57664K) NonClass: 51755K(51968K)->51755K(51968K) Class: 5632K(5696K)->5632K(5696K)
[388.218s][info][gc             ] GC(724) Pause Young (Allocation Failure) 631M->403M(624M) 4.278ms
[388.218s][info][gc,cpu         ] GC(724) User=0.01s Sys=0.00s Real=0.01s
[388.720s][info][gc,start       ] GC(725) Pause Young (Allocation Failure)
[388.725s][info][gc,heap        ] GC(725) PSYoungGen: 227519K(227840K)->2398K(228352K) Eden: 225792K(225792K)->0K(217600K) From: 1727K(2048K)->2398K(10752K)
[388.725s][info][gc,heap        ] GC(725) ParOldGen: 411431K(411648K)->411447K(411648K)
[388.725s][info][gc,metaspace   ] GC(725) Metaspace: 57387K(57664K)->57387K(57664K) NonClass: 51755K(51968K)->51755K(51968K) Class: 5632K(5696K)->5632K(5696K)
[388.725s][info][gc             ] GC(725) Pause Young (Allocation Failure) 623M->404M(625M) 4.679ms
[388.725s][info][gc,cpu         ] GC(725) User=0.01s Sys=0.00s Real=0.00s
[389.214s][info][gc,start       ] GC(726) Pause Young (Allocation Failure)
[389.218s][info][gc,heap        ] GC(726) PSYoungGen: 219998K(228352K)->1535K(210944K) Eden: 217600K(217600K)->0K(209408K) From: 2398K(10752K)->1535K(1536K)
[389.218s][info][gc,heap        ] GC(726) ParOldGen: 411447K(411648K)->411463K(411648K)
[389.218s][info][gc,metaspace   ] GC(726) Metaspace: 57387K(57664K)->57387K(57664K) NonClass: 51755K(51968K)->51755K(51968K) Class: 5632K(5696K)->5632K(5696K)
[389.218s][info][gc             ] GC(726) Pause Young (Allocation Failure) 616M->403M(608M) 3.849ms
[389.218s][info][gc,cpu         ] GC(726) User=0.01s Sys=0.00s Real=0.01s
[389.652s][info][gc,start       ] GC(727) Pause Young (Allocation Failure)
[389.656s][info][gc,heap        ] GC(727) PSYoungGen: 210943K(210944K)->1535K(211456K) Eden: 209408K(209408K)->0K(201728K) From: 1535K(1536K)->1535K(9728K)
[389.656s][info][gc,heap        ] GC(727) ParOldGen: 411463K(411648K)->411479K(411648K)
[389.656s][info][gc,metaspace   ] GC(727) Metaspace: 57388K(57664K)->57388K(57664K) NonClass: 51756K(51968K)->51756K(51968K) Class: 5632K(5696K)->5632K(5696K)
[389.656s][info][gc             ] GC(727) Pause Young (Allocation Failure) 607M->403M(608M) 3.990ms
[389.656s][info][gc,cpu         ] GC(727) User=0.00s Sys=0.00s Real=0.01s
[390.184s][info][gc,start       ] GC(728) Pause Young (Allocation Failure)
[390.189s][info][gc,heap        ] GC(728) PSYoungGen: 203263K(211456K)->2239K(197120K) Eden: 201728K(201728K)->0K(194560K) From: 1535K(9728K)->2239K(2560K)
[390.189s][info][gc,heap        ] GC(728) ParOldGen: 411479K(411648K)->411495K(411648K)
[390.189s][info][gc,metaspace   ] GC(728) Metaspace: 57388K(57664K)->57388K(57664K) NonClass: 51756K(51968K)->51756K(51968K) Class: 5632K(5696K)->5632K(5696K)
[390.189s][info][gc             ] GC(728) Pause Young (Allocation Failure) 600M->404M(594M) 4.723ms
[390.189s][info][gc,cpu         ] GC(728) User=0.01s Sys=0.00s Real=0.01s
[390.534s][info][gc,start       ] GC(729) Pause Young (Allocation Failure)
[390.539s][info][gc,heap        ] GC(729) PSYoungGen: 196799K(197120K)->2464K(196608K) Eden: 194560K(194560K)->0K(187904K) From: 2239K(2560K)->2464K(8704K)
[390.539s][info][gc,heap        ] GC(729) ParOldGen: 411495K(411648K)->411511K(411648K)
[390.539s][info][gc,metaspace   ] GC(729) Metaspace: 57388K(57664K)->57388K(57664K) NonClass: 51756K(51968K)->51756K(51968K) Class: 5632K(5696K)->5632K(5696K)
[390.539s][info][gc             ] GC(729) Pause Young (Allocation Failure) 594M->404M(594M) 5.302ms
[390.539s][info][gc,cpu         ] GC(729) User=0.00s Sys=0.00s Real=0.01s
[390.953s][info][gc,start       ] GC(730) Pause Young (Allocation Failure)
[390.956s][info][gc,heap        ] GC(730) PSYoungGen: 190368K(196608K)->863K(182272K) Eden: 187904K(187904K)->0K(181248K) From: 2464K(8704K)->863K(1024K)
[390.956s][info][gc,heap        ] GC(730) ParOldGen: 411511K(411648K)->411527K(411648K)
[390.956s][info][gc,metaspace   ] GC(730) Metaspace: 57388K(57664K)->57388K(57664K) NonClass: 51756K(51968K)->51756K(51968K) Class: 5632K(5696K)->5632K(5696K)
[390.956s][info][gc             ] GC(730) Pause Young (Allocation Failure) 587M->402M(580M) 2.948ms
[390.956s][info][gc,cpu         ] GC(730) User=0.00s Sys=0.00s Real=0.01s
[391.476s][info][gc,start       ] GC(731) Pause Young (Allocation Failure)
[391.482s][info][gc,heap        ] GC(731) PSYoungGen: 182111K(182272K)->320K(182784K) Eden: 181248K(181248K)->0K(175104K) From: 863K(1024K)->320K(7680K)
[391.482s][info][gc,heap        ] GC(731) ParOldGen: 411527K(411648K)->411543K(411648K)
[391.482s][info][gc,metaspace   ] GC(731) Metaspace: 57388K(57664K)->57388K(57664K) NonClass: 51756K(51968K)->51756K(51968K) Class: 5632K(5696K)->5632K(5696K)
[391.483s][info][gc             ] GC(731) Pause Young (Allocation Failure) 579M->402M(580M) 6.812ms
[391.483s][info][gc,cpu         ] GC(731) User=0.01s Sys=0.00s Real=0.00s
[391.753s][info][gc,start       ] GC(732) Pause Young (Allocation Failure)
[391.757s][info][gc,heap        ] GC(732) PSYoungGen: 175424K(182784K)->735K(169984K) Eden: 175104K(175104K)->0K(168960K) From: 320K(7680K)->735K(1024K)
[391.757s][info][gc,heap        ] GC(732) ParOldGen: 411543K(411648K)->411559K(411648K)
[391.757s][info][gc,metaspace   ] GC(732) Metaspace: 57388K(57664K)->57388K(57664K) NonClass: 51756K(51968K)->51756K(51968K) Class: 5632K(5696K)->5632K(5696K)
[391.757s][info][gc             ] GC(732) Pause Young (Allocation Failure) 573M->402M(568M) 3.311ms
[391.757s][info][gc,cpu         ] GC(732) User=0.00s Sys=0.00s Real=0.01s
[392.135s][info][gc,start       ] GC(733) Pause Young (Allocation Failure)
[392.140s][info][gc,heap        ] GC(733) PSYoungGen: 169695K(169984K)->2688K(184832K) Eden: 168960K(168960K)->0K(171008K) From: 735K(1024K)->2688K(13824K)
[392.140s][info][gc,heap        ] GC(733) ParOldGen: 411559K(411648K)->411575K(411648K)
[392.140s][info][gc,metaspace   ] GC(733) Metaspace: 57388K(57664K)->57388K(57664K) NonClass: 51756K(51968K)->51756K(51968K) Class: 5632K(5696K)->5632K(5696K)
[392.140s][info][gc             ] GC(733) Pause Young (Allocation Failure) 567M->404M(582M) 5.047ms
[392.140s][info][gc,cpu         ] GC(733) User=0.01s Sys=0.00s Real=0.01s
[392.526s][info][gc,start       ] GC(734) Pause Young (Allocation Failure)
[392.531s][info][gc,heap        ] GC(734) PSYoungGen: 173696K(184832K)->2623K(183808K) Eden: 171008K(171008K)->0K(171008K) From: 2688K(13824K)->2623K(12800K)
[392.531s][info][gc,heap        ] GC(734) ParOldGen: 411575K(411648K)->411591K(411648K)
[392.531s][info][gc,metaspace   ] GC(734) Metaspace: 57388K(57664K)->57388K(57664K) NonClass: 51756K(51968K)->51756K(51968K) Class: 5632K(5696K)->5632K(5696K)
[392.531s][info][gc             ] GC(734) Pause Young (Allocation Failure) 571M->404M(581M) 4.441ms
[392.531s][info][gc,cpu         ] GC(734) User=0.00s Sys=0.00s Real=0.00s
[392.917s][info][gc,start       ] GC(735) Pause Young (Allocation Failure)
[392.921s][info][gc,heap        ] GC(735) PSYoungGen: 173631K(183808K)->2110K(215040K) Eden: 171008K(171008K)->0K(203776K) From: 2623K(12800K)->2110K(11264K)
[392.921s][info][gc,heap        ] GC(735) ParOldGen: 411591K(411648K)->411607K(411648K)
[392.921s][info][gc,metaspace   ] GC(735) Metaspace: 57388K(57664K)->57388K(57664K) NonClass: 51756K(51968K)->51756K(51968K) Class: 5632K(5696K)->5632K(5696K)
[392.921s][info][gc             ] GC(735) Pause Young (Allocation Failure) 571M->404M(612M) 4.319ms
[392.921s][info][gc,cpu         ] GC(735) User=0.01s Sys=0.00s Real=0.00s
[393.352s][info][gc,start       ] GC(736) Pause Young (Allocation Failure)
[393.356s][info][gc,heap        ] GC(736) PSYoungGen: 205886K(215040K)->1950K(215040K) Eden: 203776K(203776K)->0K(203776K) From: 2110K(11264K)->1950K(11264K)
[393.357s][info][gc,heap        ] GC(736) ParOldGen: 411607K(411648K)->411623K(411648K)
[393.357s][info][gc,metaspace   ] GC(736) Metaspace: 57388K(57664K)->57388K(57664K) NonClass: 51756K(51968K)->51756K(51968K) Class: 5632K(5696K)->5632K(5696K)
[393.357s][info][gc             ] GC(736) Pause Young (Allocation Failure) 603M->403M(612M) 4.337ms
[393.357s][info][gc,cpu         ] GC(736) User=0.01s Sys=0.00s Real=0.01s
[393.823s][info][gc,start       ] GC(737) Pause Young (Allocation Failure)
[393.829s][info][gc,heap        ] GC(737) PSYoungGen: 205726K(215040K)->2847K(251904K) Eden: 203776K(203776K)->0K(242688K) From: 1950K(11264K)->2847K(9216K)
[393.829s][info][gc,heap        ] GC(737) ParOldGen: 411623K(411648K)->411639K(411648K)
[393.829s][info][gc,metaspace   ] GC(737) Metaspace: 57388K(57664K)->57388K(57664K) NonClass: 51756K(51968K)->51756K(51968K) Class: 5632K(5696K)->5632K(5696K)
[393.829s][info][gc             ] GC(737) Pause Young (Allocation Failure) 602M->404M(648M) 5.855ms
[393.829s][info][gc,cpu         ] GC(737) User=0.01s Sys=0.00s Real=0.01s
[394.406s][info][gc,start       ] GC(738) Pause Young (Allocation Failure)
[394.408s][info][gc,heap        ] GC(738) PSYoungGen: 245535K(251904K)->160K(233984K) Eden: 242688K(242688K)->0K(233472K) From: 2847K(9216K)->160K(512K)
[394.408s][info][gc,heap        ] GC(738) ParOldGen: 411639K(411648K)->411655K(412160K)
[394.408s][info][gc,metaspace   ] GC(738) Metaspace: 57388K(57664K)->57388K(57664K) NonClass: 51756K(51968K)->51756K(51968K) Class: 5632K(5696K)->5632K(5696K)
[394.408s][info][gc             ] GC(738) Pause Young (Allocation Failure) 641M->402M(631M) 2.125ms
[394.408s][info][gc,cpu         ] GC(738) User=0.00s Sys=0.00s Real=0.00s
[394.912s][info][gc,start       ] GC(739) Pause Young (Allocation Failure)
[394.917s][info][gc,heap        ] GC(739) PSYoungGen: 233632K(233984K)->1577K(226816K) Eden: 233472K(233472K)->0K(224768K) From: 160K(512K)->1577K(2048K)
[394.917s][info][gc,heap        ] GC(739) ParOldGen: 411655K(412160K)->411671K(412160K)
[394.917s][info][gc,metaspace   ] GC(739) Metaspace: 57388K(57664K)->57388K(57664K) NonClass: 51756K(51968K)->51756K(51968K) Class: 5632K(5696K)->5632K(5696K)
[394.917s][info][gc             ] GC(739) Pause Young (Allocation Failure) 630M->403M(624M) 4.629ms
[394.917s][info][gc,cpu         ] GC(739) User=0.01s Sys=0.00s Real=0.01s
[395.423s][info][gc,start       ] GC(740) Pause Young (Allocation Failure)
[395.427s][info][gc,heap        ] GC(740) PSYoungGen: 226126K(226816K)->1728K(218624K) Eden: 224549K(224768K)->0K(216576K) From: 1577K(2048K)->1728K(2048K)
[395.427s][info][gc,heap        ] GC(740) ParOldGen: 411671K(412160K)->411687K(412160K)
[395.427s][info][gc,metaspace   ] GC(740) Metaspace: 57388K(57664K)->57388K(57664K) NonClass: 51756K(51968K)->51756K(51968K) Class: 5632K(5696K)->5632K(5696K)
[395.427s][info][gc             ] GC(740) Pause Young (Allocation Failure) 622M->403M(616M) 3.775ms
[395.427s][info][gc,cpu         ] GC(740) User=0.00s Sys=0.00s Real=0.01s
[395.911s][info][gc,start       ] GC(741) Pause Young (Allocation Failure)
[395.914s][info][gc,heap        ] GC(741) PSYoungGen: 218304K(218624K)->951K(209920K) Eden: 216576K(216576K)->0K(208896K) From: 1728K(2048K)->951K(1024K)
[395.914s][info][gc,heap        ] GC(741) ParOldGen: 411687K(412160K)->411703K(412160K)
[395.914s][info][gc,metaspace   ] GC(741) Metaspace: 57388K(57664K)->57388K(57664K) NonClass: 51756K(51968K)->51756K(51968K) Class: 5632K(5696K)->5632K(5696K)
[395.914s][info][gc             ] GC(741) Pause Young (Allocation Failure) 615M->402M(607M) 2.959ms
[395.914s][info][gc,cpu         ] GC(741) User=0.01s Sys=0.00s Real=0.00s
[396.346s][info][gc,start       ] GC(742) Pause Young (Allocation Failure)
[396.350s][info][gc,heap        ] GC(742) PSYoungGen: 209847K(209920K)->1791K(209408K) Eden: 208896K(208896K)->0K(201216K) From: 951K(1024K)->1791K(8192K)
[396.350s][info][gc,heap        ] GC(742) ParOldGen: 411703K(412160K)->411719K(412160K)
[396.350s][info][gc,metaspace   ] GC(742) Metaspace: 57388K(57664K)->57388K(57664K) NonClass: 51756K(51968K)->51756K(51968K) Class: 5632K(5696K)->5632K(5696K)
[396.350s][info][gc             ] GC(742) Pause Young (Allocation Failure) 606M->403M(607M) 3.616ms
[396.350s][info][gc,cpu         ] GC(742) User=0.00s Sys=0.00s Real=0.00s
[396.816s][info][gc,start       ] GC(743) Pause Young (Allocation Failure)
[396.820s][info][gc,heap        ] GC(743) PSYoungGen: 203007K(209408K)->2239K(196608K) Eden: 201216K(201216K)->0K(194048K) From: 1791K(8192K)->2239K(2560K)
[396.820s][info][gc,heap        ] GC(743) ParOldGen: 411719K(412160K)->411735K(412160K)
[396.820s][info][gc,metaspace   ] GC(743) Metaspace: 57388K(57664K)->57388K(57664K) NonClass: 51756K(51968K)->51756K(51968K) Class: 5632K(5696K)->5632K(5696K)
[396.820s][info][gc             ] GC(743) Pause Young (Allocation Failure) 600M->404M(594M) 4.274ms
[396.820s][info][gc,cpu         ] GC(743) User=0.01s Sys=0.00s Real=0.00s
[397.286s][info][gc,start       ] GC(744) Pause Young (Allocation Failure)
[397.294s][info][gc,heap        ] GC(744) PSYoungGen: 196287K(196608K)->1952K(189440K) Eden: 194048K(194048K)->0K(187392K) From: 2239K(2560K)->1952K(2048K)
[397.294s][info][gc,heap        ] GC(744) ParOldGen: 411735K(412160K)->411751K(412160K)
[397.294s][info][gc,metaspace   ] GC(744) Metaspace: 57388K(57664K)->57388K(57664K) NonClass: 51756K(51968K)->51756K(51968K) Class: 5632K(5696K)->5632K(5696K)
[397.294s][info][gc             ] GC(744) Pause Young (Allocation Failure) 593M->404M(587M) 7.430ms
[397.294s][info][gc,cpu         ] GC(744) User=0.01s Sys=0.00s Real=0.00s
[397.650s][info][gc,start       ] GC(745) Pause Young (Allocation Failure)
[397.653s][info][gc,heap        ] GC(745) PSYoungGen: 189127K(189440K)->800K(181760K) Eden: 187175K(187392K)->0K(180736K) From: 1952K(2048K)->800K(1024K)
[397.653s][info][gc,heap        ] GC(745) ParOldGen: 411751K(412160K)->411767K(412160K)
[397.653s][info][gc,metaspace   ] GC(745) Metaspace: 57388K(57664K)->57388K(57664K) NonClass: 51756K(51968K)->51756K(51968K) Class: 5632K(5696K)->5632K(5696K)
[397.653s][info][gc             ] GC(745) Pause Young (Allocation Failure) 586M->402M(580M) 3.081ms
[397.653s][info][gc,cpu         ] GC(745) User=0.00s Sys=0.01s Real=0.00s
[398.106s][info][gc,start       ] GC(746) Pause Young (Allocation Failure)
[398.108s][info][gc,heap        ] GC(746) PSYoungGen: 181536K(181760K)->436K(175104K) Eden: 180736K(180736K)->0K(174592K) From: 800K(1024K)->436K(512K)
[398.108s][info][gc,heap        ] GC(746) ParOldGen: 411767K(412160K)->411783K(412160K)
[398.108s][info][gc,metaspace   ] GC(746) Metaspace: 57388K(57664K)->57388K(57664K) NonClass: 51756K(51968K)->51756K(51968K) Class: 5632K(5696K)->5632K(5696K)
[398.108s][info][gc             ] GC(746) Pause Young (Allocation Failure) 579M->402M(573M) 2.206ms
[398.108s][info][gc,cpu         ] GC(746) User=0.00s Sys=0.00s Real=0.00s
[398.492s][info][gc,start       ] GC(747) Pause Young (Allocation Failure)
[398.495s][info][gc,heap        ] GC(747) PSYoungGen: 174939K(175104K)->1248K(169984K) Eden: 174502K(174592K)->0K(168448K) From: 436K(512K)->1248K(1536K)
[398.495s][info][gc,heap        ] GC(747) ParOldGen: 411783K(412160K)->411799K(412160K)
[398.495s][info][gc,metaspace   ] GC(747) Metaspace: 57388K(57664K)->57388K(57664K) NonClass: 51756K(51968K)->51756K(51968K) Class: 5632K(5696K)->5632K(5696K)
[398.495s][info][gc             ] GC(747) Pause Young (Allocation Failure) 572M->403M(568M) 3.581ms
[398.495s][info][gc,cpu         ] GC(747) User=0.01s Sys=0.00s Real=0.01s
[398.831s][info][gc,start       ] GC(748) Pause Young (Allocation Failure)
[398.836s][info][gc,heap        ] GC(748) PSYoungGen: 169696K(169984K)->2879K(165888K) Eden: 168448K(168448K)->0K(162816K) From: 1248K(1536K)->2879K(3072K)
[398.836s][info][gc,heap        ] GC(748) ParOldGen: 411799K(412160K)->411815K(412160K)
[398.836s][info][gc,metaspace   ] GC(748) Metaspace: 57388K(57664K)->57388K(57664K) NonClass: 51756K(51968K)->51756K(51968K) Class: 5632K(5696K)->5632K(5696K)
[398.836s][info][gc             ] GC(748) Pause Young (Allocation Failure) 567M->404M(564M) 4.897ms
[398.836s][info][gc,cpu         ] GC(748) User=0.01s Sys=0.00s Real=0.01s
[399.221s][info][gc,start       ] GC(749) Pause Young (Allocation Failure)
[399.225s][info][gc,heap        ] GC(749) PSYoungGen: 165695K(165888K)->2112K(196096K) Eden: 162816K(162816K)->0K(193536K) From: 2879K(3072K)->2112K(2560K)
[399.225s][info][gc,heap        ] GC(749) ParOldGen: 411815K(412160K)->411831K(412160K)
[399.225s][info][gc,metaspace   ] GC(749) Metaspace: 57388K(57664K)->57388K(57664K) NonClass: 51756K(51968K)->51756K(51968K) Class: 5632K(5696K)->5632K(5696K)
[399.225s][info][gc             ] GC(749) Pause Young (Allocation Failure) 563M->404M(594M) 4.381ms
[399.225s][info][gc,cpu         ] GC(749) User=0.00s Sys=0.00s Real=0.01s
[399.652s][info][gc,start       ] GC(750) Pause Young (Allocation Failure)
[399.656s][info][gc,heap        ] GC(750) PSYoungGen: 195648K(196096K)->1824K(188928K) Eden: 193536K(193536K)->0K(186880K) From: 2112K(2560K)->1824K(2048K)
[399.656s][info][gc,heap        ] GC(750) ParOldGen: 411831K(412160K)->411847K(412160K)
[399.656s][info][gc,metaspace   ] GC(750) Metaspace: 57388K(57664K)->57388K(57664K) NonClass: 51756K(51968K)->51756K(51968K) Class: 5632K(5696K)->5632K(5696K)
[399.656s][info][gc             ] GC(750) Pause Young (Allocation Failure) 593M->403M(587M) 4.030ms
[399.656s][info][gc,cpu         ] GC(750) User=0.00s Sys=0.00s Real=0.01s
[400.071s][info][gc,start       ] GC(751) Pause Young (Allocation Failure)
[400.073s][info][gc,heap        ] GC(751) PSYoungGen: 188703K(188928K)->64K(180736K) Eden: 186879K(186880K)->0K(180224K) From: 1824K(2048K)->64K(512K)
[400.073s][info][gc,heap        ] GC(751) ParOldGen: 411847K(412160K)->411863K(412160K)
[400.073s][info][gc,metaspace   ] GC(751) Metaspace: 57388K(57664K)->57388K(57664K) NonClass: 51756K(51968K)->51756K(51968K) Class: 5632K(5696K)->5632K(5696K)
[400.074s][info][gc             ] GC(751) Pause Young (Allocation Failure) 586M->402M(579M) 2.114ms
[400.074s][info][gc,cpu         ] GC(751) User=0.00s Sys=0.00s Real=0.00s
[400.507s][info][gc,start       ] GC(752) Pause Young (Allocation Failure)
[400.509s][info][gc,heap        ] GC(752) PSYoungGen: 180288K(180736K)->500K(179200K) Eden: 180224K(180224K)->0K(174080K) From: 64K(512K)->500K(5120K)
[400.509s][info][gc,heap        ] GC(752) ParOldGen: 411863K(412160K)->411879K(412160K)
[400.509s][info][gc,metaspace   ] GC(752) Metaspace: 57388K(57664K)->57388K(57664K) NonClass: 51756K(51968K)->51756K(51968K) Class: 5632K(5696K)->5632K(5696K)
[400.509s][info][gc             ] GC(752) Pause Young (Allocation Failure) 578M->402M(577M) 2.239ms
[400.509s][info][gc,cpu         ] GC(752) User=0.01s Sys=0.00s Real=0.00s
[400.882s][info][gc,start       ] GC(753) Pause Young (Allocation Failure)
[400.885s][info][gc,heap        ] GC(753) PSYoungGen: 174490K(179200K)->1216K(169472K) Eden: 173990K(174080K)->0K(167936K) From: 500K(5120K)->1216K(1536K)
[400.885s][info][gc,heap        ] GC(753) ParOldGen: 411879K(412160K)->411895K(412160K)
[400.885s][info][gc,metaspace   ] GC(753) Metaspace: 57388K(57664K)->57388K(57664K) NonClass: 51756K(51968K)->51756K(51968K) Class: 5632K(5696K)->5632K(5696K)
[400.885s][info][gc             ] GC(753) Pause Young (Allocation Failure) 572M->403M(568M) 3.398ms
[400.885s][info][gc,cpu         ] GC(753) User=0.01s Sys=0.00s Real=0.01s
[401.234s][info][gc,start       ] GC(754) Pause Young (Allocation Failure)
[401.239s][info][gc,heap        ] GC(754) PSYoungGen: 169152K(169472K)->2814K(165376K) Eden: 167936K(167936K)->0K(162304K) From: 1216K(1536K)->2814K(3072K)
[401.239s][info][gc,heap        ] GC(754) ParOldGen: 411895K(412160K)->411911K(412160K)
[401.239s][info][gc,metaspace   ] GC(754) Metaspace: 57388K(57664K)->57388K(57664K) NonClass: 51756K(51968K)->51756K(51968K) Class: 5632K(5696K)->5632K(5696K)
[401.239s][info][gc             ] GC(754) Pause Young (Allocation Failure) 567M->405M(564M) 4.484ms
[401.239s][info][gc,cpu         ] GC(754) User=0.01s Sys=0.00s Real=0.01s
[401.613s][info][gc,start       ] GC(755) Pause Young (Allocation Failure)
[401.617s][info][gc,heap        ] GC(755) PSYoungGen: 165118K(165376K)->1727K(158720K) Eden: 162304K(162304K)->0K(156672K) From: 2814K(3072K)->1727K(2048K)
[401.617s][info][gc,heap        ] GC(755) ParOldGen: 411911K(412160K)->411927K(412160K)
[401.617s][info][gc,metaspace   ] GC(755) Metaspace: 57388K(57664K)->57388K(57664K) NonClass: 51756K(51968K)->51756K(51968K) Class: 5632K(5696K)->5632K(5696K)
[401.617s][info][gc             ] GC(755) Pause Young (Allocation Failure) 563M->403M(557M) 3.571ms
[401.617s][info][gc,cpu         ] GC(755) User=0.01s Sys=0.00s Real=0.01s
[401.934s][info][gc,start       ] GC(756) Pause Young (Allocation Failure)
[401.939s][info][gc,heap        ] GC(756) PSYoungGen: 158108K(158720K)->2720K(189952K) Eden: 156381K(156672K)->0K(186880K) From: 1727K(2048K)->2720K(3072K)
[401.939s][info][gc,heap        ] GC(756) ParOldGen: 411927K(412160K)->411943K(412160K)
[401.939s][info][gc,metaspace   ] GC(756) Metaspace: 57388K(57664K)->57388K(57664K) NonClass: 51756K(51968K)->51756K(51968K) Class: 5632K(5696K)->5632K(5696K)
[401.940s][info][gc             ] GC(756) Pause Young (Allocation Failure) 556M->404M(588M) 5.055ms
[401.940s][info][gc,cpu         ] GC(756) User=0.00s Sys=0.00s Real=0.01s
[402.349s][info][gc,start       ] GC(757) Pause Young (Allocation Failure)
[402.352s][info][gc,heap        ] GC(757) PSYoungGen: 189600K(189952K)->1375K(181760K) Eden: 186880K(186880K)->0K(180224K) From: 2720K(3072K)->1375K(1536K)
[402.352s][info][gc,heap        ] GC(757) ParOldGen: 411943K(412160K)->411959K(412160K)
[402.352s][info][gc,metaspace   ] GC(757) Metaspace: 57388K(57664K)->57388K(57664K) NonClass: 51756K(51968K)->51756K(51968K) Class: 5632K(5696K)->5632K(5696K)
[402.352s][info][gc             ] GC(757) Pause Young (Allocation Failure) 587M->403M(580M) 3.246ms
[402.352s][info][gc,cpu         ] GC(757) User=0.01s Sys=0.00s Real=0.00s
[402.806s][info][gc,start       ] GC(758) Pause Young (Allocation Failure)
[402.808s][info][gc,heap        ] GC(758) PSYoungGen: 181599K(181760K)->561K(175104K) Eden: 180224K(180224K)->0K(174080K) From: 1375K(1536K)->561K(1024K)
[402.808s][info][gc,heap        ] GC(758) ParOldGen: 411959K(412160K)->411975K(412160K)
[402.808s][info][gc,metaspace   ] GC(758) Metaspace: 57388K(57664K)->57388K(57664K) NonClass: 51756K(51968K)->51756K(51968K) Class: 5632K(5696K)->5632K(5696K)
[402.808s][info][gc             ] GC(758) Pause Young (Allocation Failure) 579M->402M(573M) 2.297ms
[402.808s][info][gc,cpu         ] GC(758) User=0.00s Sys=0.00s Real=0.00s
[403.163s][info][gc,start       ] GC(759) Pause Young (Allocation Failure)
[403.166s][info][gc,heap        ] GC(759) PSYoungGen: 174582K(175104K)->608K(168960K) Eden: 174020K(174080K)->0K(167936K) From: 561K(1024K)->608K(1024K)
[403.166s][info][gc,heap        ] GC(759) ParOldGen: 411975K(412160K)->411991K(412160K)
[403.166s][info][gc,metaspace   ] GC(759) Metaspace: 57388K(57664K)->57388K(57664K) NonClass: 51756K(51968K)->51756K(51968K) Class: 5632K(5696K)->5632K(5696K)
[403.166s][info][gc             ] GC(759) Pause Young (Allocation Failure) 572M->402M(567M) 2.890ms
[403.166s][info][gc,cpu         ] GC(759) User=0.00s Sys=0.00s Real=0.01s
[403.539s][info][gc,start       ] GC(760) Pause Young (Allocation Failure)
[403.544s][info][gc,heap        ] GC(760) PSYoungGen: 168544K(168960K)->2335K(164864K) Eden: 167936K(167936K)->0K(162304K) From: 608K(1024K)->2335K(2560K)
[403.544s][info][gc,heap        ] GC(760) ParOldGen: 411991K(412160K)->412007K(412160K)
[403.544s][info][gc,metaspace   ] GC(760) Metaspace: 57390K(57664K)->57390K(57664K) NonClass: 51758K(51968K)->51758K(51968K) Class: 5632K(5696K)->5632K(5696K)
[403.544s][info][gc             ] GC(760) Pause Young (Allocation Failure) 566M->404M(563M) 4.160ms
[403.544s][info][gc,cpu         ] GC(760) User=0.00s Sys=0.00s Real=0.00s
[403.925s][info][gc,start       ] GC(761) Pause Young (Allocation Failure)
[403.929s][info][gc,heap        ] GC(761) PSYoungGen: 164639K(164864K)->2495K(159232K) Eden: 162304K(162304K)->0K(156672K) From: 2335K(2560K)->2495K(2560K)
[403.929s][info][gc,heap        ] GC(761) ParOldGen: 412007K(412160K)->412023K(412160K)
[403.929s][info][gc,metaspace   ] GC(761) Metaspace: 57390K(57664K)->57390K(57664K) NonClass: 51758K(51968K)->51758K(51968K) Class: 5632K(5696K)->5632K(5696K)
[403.929s][info][gc             ] GC(761) Pause Young (Allocation Failure) 563M->404M(558M) 4.520ms
[403.929s][info][gc,cpu         ] GC(761) User=0.01s Sys=0.00s Real=0.01s
[404.252s][info][gc,start       ] GC(762) Pause Young (Allocation Failure)
[404.255s][info][gc,heap        ] GC(762) PSYoungGen: 159164K(159232K)->864K(152576K) Eden: 156669K(156672K)->0K(151552K) From: 2495K(2560K)->864K(1024K)
[404.255s][info][gc,heap        ] GC(762) ParOldGen: 412023K(412160K)->412039K(412160K)
[404.255s][info][gc,metaspace   ] GC(762) Metaspace: 57390K(57664K)->57390K(57664K) NonClass: 51758K(51968K)->51758K(51968K) Class: 5632K(5696K)->5632K(5696K)
[404.255s][info][gc             ] GC(762) Pause Young (Allocation Failure) 557M->403M(551M) 2.858ms
[404.255s][info][gc,cpu         ] GC(762) User=0.00s Sys=0.00s Real=0.00s
[404.616s][info][gc,start       ] GC(763) Pause Young (Allocation Failure)
[404.620s][info][gc,heap        ] GC(763) PSYoungGen: 152416K(152576K)->1823K(148480K) Eden: 151552K(151552K)->0K(146432K) From: 864K(1024K)->1823K(2048K)
[404.620s][info][gc,heap        ] GC(763) ParOldGen: 412039K(412160K)->412055K(412160K)
[404.620s][info][gc,metaspace   ] GC(763) Metaspace: 57390K(57664K)->57390K(57664K) NonClass: 51758K(51968K)->51758K(51968K) Class: 5632K(5696K)->5632K(5696K)
[404.620s][info][gc             ] GC(763) Pause Young (Allocation Failure) 551M->404M(547M) 3.995ms
[404.620s][info][gc,cpu         ] GC(763) User=0.01s Sys=0.00s Real=0.00s
[404.939s][info][gc,start       ] GC(764) Pause Young (Allocation Failure)
[404.943s][info][gc,heap        ] GC(764) PSYoungGen: 148255K(148480K)->1824K(176640K) Eden: 146432K(146432K)->0K(174592K) From: 1823K(2048K)->1824K(2048K)
[404.943s][info][gc,heap        ] GC(764) ParOldGen: 412055K(412160K)->412071K(412160K)
[404.943s][info][gc,metaspace   ] GC(764) Metaspace: 57390K(57664K)->57390K(57664K) NonClass: 51758K(51968K)->51758K(51968K) Class: 5632K(5696K)->5632K(5696K)
[404.943s][info][gc             ] GC(764) Pause Young (Allocation Failure) 547M->404M(575M) 4.109ms
[404.943s][info][gc,cpu         ] GC(764) User=0.01s Sys=0.00s Real=0.00s
[405.371s][info][gc,start       ] GC(765) Pause Young (Allocation Failure)
[405.381s][info][gc,heap        ] GC(765) PSYoungGen: 176141K(176640K)->3616K(178176K) Eden: 174317K(174592K)->0K(174080K) From: 1824K(2048K)->3616K(4096K)
[405.382s][info][gc,heap        ] GC(765) ParOldGen: 412071K(412160K)->412087K(412160K)
[405.382s][info][gc,metaspace   ] GC(765) Metaspace: 57390K(57664K)->57390K(57664K) NonClass: 51758K(51968K)->51758K(51968K) Class: 5632K(5696K)->5632K(5696K)
[405.382s][info][gc             ] GC(765) Pause Young (Allocation Failure) 574M->405M(576M) 10.601ms
[405.382s][info][gc,cpu         ] GC(765) User=0.01s Sys=0.00s Real=0.01s
[405.724s][info][gc,start       ] GC(766) Pause Young (Allocation Failure)
[405.730s][info][gc,heap        ] GC(766) PSYoungGen: 177696K(178176K)->2783K(178688K) Eden: 174080K(174080K)->0K(174080K) From: 3616K(4096K)->2783K(4608K)
[405.730s][info][gc,heap        ] GC(766) ParOldGen: 412087K(412160K)->412103K(412160K)
[405.730s][info][gc,metaspace   ] GC(766) Metaspace: 57390K(57664K)->57390K(57664K) NonClass: 51758K(51968K)->51758K(51968K) Class: 5632K(5696K)->5632K(5696K)
[405.730s][info][gc             ] GC(766) Pause Young (Allocation Failure) 575M->405M(577M) 6.098ms
[405.730s][info][gc,cpu         ] GC(766) User=0.02s Sys=0.00s Real=0.01s
[406.182s][info][gc,start       ] GC(767) Pause Young (Allocation Failure)
[406.190s][info][gc,heap        ] GC(767) PSYoungGen: 176863K(178688K)->2239K(212480K) Eden: 174080K(174080K)->0K(207872K) From: 2783K(4608K)->2239K(4608K)
[406.190s][info][gc,heap        ] GC(767) ParOldGen: 412103K(412160K)->412119K(412160K)
[406.190s][info][gc,metaspace   ] GC(767) Metaspace: 57390K(57664K)->57390K(57664K) NonClass: 51758K(51968K)->51758K(51968K) Class: 5632K(5696K)->5632K(5696K)
[406.190s][info][gc             ] GC(767) Pause Young (Allocation Failure) 575M->404M(610M) 7.195ms
[406.190s][info][gc,cpu         ] GC(767) User=0.01s Sys=0.01s Real=0.01s
[406.613s][info][gc,start       ] GC(768) Pause Young (Allocation Failure)
[406.617s][info][gc,heap        ] GC(768) PSYoungGen: 210111K(212480K)->1246K(212480K) Eden: 207872K(207872K)->0K(207872K) From: 2239K(4608K)->1246K(4608K)
[406.617s][info][gc,heap        ] GC(768) ParOldGen: 412119K(412160K)->412135K(412160K)
[406.617s][info][gc,metaspace   ] GC(768) Metaspace: 57390K(57664K)->57390K(57664K) NonClass: 51758K(51968K)->51758K(51968K) Class: 5632K(5696K)->5632K(5696K)
[406.617s][info][gc             ] GC(768) Pause Young (Allocation Failure) 607M->403M(610M) 3.569ms
[406.617s][info][gc,cpu         ] GC(768) User=0.01s Sys=0.00s Real=0.01s
[407.045s][info][gc,start       ] GC(769) Pause Young (Allocation Failure)
[407.073s][info][gc,heap        ] GC(769) PSYoungGen: 209118K(212480K)->1792K(252928K) Eden: 207872K(207872K)->0K(248832K) From: 1246K(4608K)->1792K(4096K)
[407.073s][info][gc,heap        ] GC(769) ParOldGen: 412135K(412160K)->412151K(412160K)
[407.073s][info][gc,metaspace   ] GC(769) Metaspace: 57390K(57664K)->57390K(57664K) NonClass: 51758K(51968K)->51758K(51968K) Class: 5632K(5696K)->5632K(5696K)
[407.073s][info][gc             ] GC(769) Pause Young (Allocation Failure) 606M->404M(649M) 28.067ms
[407.073s][info][gc,cpu         ] GC(769) User=0.02s Sys=0.01s Real=0.03s
[407.741s][info][gc,start       ] GC(770) Pause Young (Allocation Failure)
[407.746s][info][gc,heap        ] GC(770) PSYoungGen: 250624K(252928K)->2302K(252928K) Eden: 248832K(248832K)->0K(248832K) From: 1792K(4096K)->2302K(4096K)
[407.746s][info][gc,heap        ] GC(770) ParOldGen: 412151K(412160K)->412167K(412672K)
[407.746s][info][gc,metaspace   ] GC(770) Metaspace: 57390K(57664K)->57390K(57664K) NonClass: 51758K(51968K)->51758K(51968K) Class: 5632K(5696K)->5632K(5696K)
[407.746s][info][gc             ] GC(770) Pause Young (Allocation Failure) 647M->404M(650M) 4.789ms
[407.746s][info][gc,cpu         ] GC(770) User=0.01s Sys=0.00s Real=0.01s
[408.317s][info][gc,start       ] GC(771) Pause Young (Allocation Failure)
[408.321s][info][gc,heap        ] GC(771) PSYoungGen: 251134K(252928K)->1794K(301568K) Eden: 248832K(248832K)->0K(297472K) From: 2302K(4096K)->1794K(4096K)
[408.321s][info][gc,heap        ] GC(771) ParOldGen: 412167K(412672K)->412183K(412672K)
[408.321s][info][gc,metaspace   ] GC(771) Metaspace: 57390K(57664K)->57390K(57664K) NonClass: 51758K(51968K)->51758K(51968K) Class: 5632K(5696K)->5632K(5696K)
[408.321s][info][gc             ] GC(771) Pause Young (Allocation Failure) 647M->404M(697M) 4.321ms
[408.322s][info][gc,cpu         ] GC(771) User=0.01s Sys=0.00s Real=0.00s
[409.006s][info][gc,start       ] GC(772) Pause Young (Allocation Failure)
[409.008s][info][gc,heap        ] GC(772) PSYoungGen: 299266K(301568K)->359K(301568K) Eden: 297472K(297472K)->0K(297472K) From: 1794K(4096K)->359K(4096K)
[409.008s][info][gc,heap        ] GC(772) ParOldGen: 412183K(412672K)->412199K(412672K)
[409.008s][info][gc,metaspace   ] GC(772) Metaspace: 57390K(57664K)->57390K(57664K) NonClass: 51758K(51968K)->51758K(51968K) Class: 5632K(5696K)->5632K(5696K)
[409.008s][info][gc             ] GC(772) Pause Young (Allocation Failure) 694M->402M(697M) 2.316ms
[409.009s][info][gc,cpu         ] GC(772) User=0.00s Sys=0.00s Real=0.00s
[409.690s][info][gc,start       ] GC(773) Pause Young (Allocation Failure)
[409.694s][info][gc,heap        ] GC(773) PSYoungGen: 297606K(301568K)->1504K(329728K) Eden: 297246K(297472K)->0K(325632K) From: 359K(4096K)->1504K(4096K)
[409.694s][info][gc,heap        ] GC(773) ParOldGen: 412199K(412672K)->412215K(412672K)
[409.694s][info][gc,metaspace   ] GC(773) Metaspace: 57390K(57664K)->57390K(57664K) NonClass: 51758K(51968K)->51758K(51968K) Class: 5632K(5696K)->5632K(5696K)
[409.694s][info][gc             ] GC(773) Pause Young (Allocation Failure) 693M->404M(725M) 4.134ms
[409.694s][info][gc,cpu         ] GC(773) User=0.01s Sys=0.00s Real=0.00s
[410.413s][info][gc,start       ] GC(774) Pause Young (Allocation Failure)
[410.415s][info][gc,heap        ] GC(774) PSYoungGen: 327136K(329728K)->722K(329728K) Eden: 325632K(325632K)->0K(325632K) From: 1504K(4096K)->722K(4096K)
[410.415s][info][gc,heap        ] GC(774) ParOldGen: 412215K(412672K)->412231K(412672K)
[410.415s][info][gc,metaspace   ] GC(774) Metaspace: 57390K(57664K)->57390K(57664K) NonClass: 51758K(51968K)->51758K(51968K) Class: 5632K(5696K)->5632K(5696K)
[410.415s][info][gc             ] GC(774) Pause Young (Allocation Failure) 722M->403M(725M) 2.749ms
[410.415s][info][gc,cpu         ] GC(774) User=0.01s Sys=0.00s Real=0.01s
[411.126s][info][gc,start       ] GC(775) Pause Young (Allocation Failure)
[411.130s][info][gc,heap        ] GC(775) PSYoungGen: 326327K(329728K)->1536K(313856K) Eden: 325604K(325632K)->0K(312320K) From: 722K(4096K)->1536K(1536K)
[411.130s][info][gc,heap        ] GC(775) ParOldGen: 412231K(412672K)->412247K(412672K)
[411.130s][info][gc,metaspace   ] GC(775) Metaspace: 57390K(57664K)->57390K(57664K) NonClass: 51758K(51968K)->51758K(51968K) Class: 5632K(5696K)->5632K(5696K)
[411.130s][info][gc             ] GC(775) Pause Young (Allocation Failure) 721M->404M(709M) 3.590ms
[411.130s][info][gc,cpu         ] GC(775) User=0.01s Sys=0.00s Real=0.00s
[411.874s][info][gc,start       ] GC(776) Pause Young (Allocation Failure)
[411.880s][info][gc,heap        ] GC(776) PSYoungGen: 313856K(313856K)->2720K(303104K) Eden: 312320K(312320K)->0K(300032K) From: 1536K(1536K)->2720K(3072K)
[411.880s][info][gc,heap        ] GC(776) ParOldGen: 412247K(412672K)->412263K(412672K)
[411.880s][info][gc,metaspace   ] GC(776) Metaspace: 57390K(57664K)->57390K(57664K) NonClass: 51758K(51968K)->51758K(51968K) Class: 5632K(5696K)->5632K(5696K)
[411.880s][info][gc             ] GC(776) Pause Young (Allocation Failure) 709M->405M(699M) 5.618ms
[411.880s][info][gc,cpu         ] GC(776) User=0.01s Sys=0.00s Real=0.01s
[412.516s][info][gc,start       ] GC(777) Pause Young (Allocation Failure)
[412.520s][info][gc,heap        ] GC(777) PSYoungGen: 302752K(303104K)->1919K(290304K) Eden: 300032K(300032K)->0K(288256K) From: 2720K(3072K)->1919K(2048K)
[412.520s][info][gc,heap        ] GC(777) ParOldGen: 412263K(412672K)->412279K(412672K)
[412.520s][info][gc,metaspace   ] GC(777) Metaspace: 57390K(57664K)->57390K(57664K) NonClass: 51758K(51968K)->51758K(51968K) Class: 5632K(5696K)->5632K(5696K)
[412.520s][info][gc             ] GC(777) Pause Young (Allocation Failure) 698M->404M(686M) 4.197ms
[412.520s][info][gc,cpu         ] GC(777) User=0.01s Sys=0.00s Real=0.00s
[413.156s][info][gc,start       ] GC(778) Pause Young (Allocation Failure)
[413.159s][info][gc,heap        ] GC(778) PSYoungGen: 290175K(290304K)->1150K(278528K) Eden: 288256K(288256K)->0K(276992K) From: 1919K(2048K)->1150K(1536K)
[413.159s][info][gc,heap        ] GC(778) ParOldGen: 412279K(412672K)->412295K(412672K)
[413.159s][info][gc,metaspace   ] GC(778) Metaspace: 57393K(57664K)->57393K(57664K) NonClass: 51761K(51968K)->51761K(51968K) Class: 5632K(5696K)->5632K(5696K)
[413.159s][info][gc             ] GC(778) Pause Young (Allocation Failure) 685M->403M(675M) 2.675ms
[413.159s][info][gc,cpu         ] GC(778) User=0.01s Sys=0.00s Real=0.00s
[413.812s][info][gc,start       ] GC(779) Pause Young (Allocation Failure)
[413.816s][info][gc,heap        ] GC(779) PSYoungGen: 278142K(278528K)->1400K(267776K) Eden: 276992K(276992K)->0K(266240K) From: 1150K(1536K)->1400K(1536K)
[413.816s][info][gc,heap        ] GC(779) ParOldGen: 412295K(412672K)->412311K(412672K)
[413.816s][info][gc,metaspace   ] GC(779) Metaspace: 57393K(57664K)->57393K(57664K) NonClass: 51761K(51968K)->51761K(51968K) Class: 5632K(5696K)->5632K(5696K)
[413.816s][info][gc             ] GC(779) Pause Young (Allocation Failure) 674M->404M(664M) 3.407ms
[413.816s][info][gc,cpu         ] GC(779) User=0.00s Sys=0.00s Real=0.01s
[414.412s][info][gc,start       ] GC(780) Pause Young (Allocation Failure)
[414.415s][info][gc,heap        ] GC(780) PSYoungGen: 267640K(267776K)->1599K(258048K) Eden: 266240K(266240K)->0K(256000K) From: 1400K(1536K)->1599K(2048K)
[414.415s][info][gc,heap        ] GC(780) ParOldGen: 412311K(412672K)->412327K(412672K)
[414.415s][info][gc,metaspace   ] GC(780) Metaspace: 57393K(57664K)->57393K(57664K) NonClass: 51761K(51968K)->51761K(51968K) Class: 5632K(5696K)->5632K(5696K)
[414.415s][info][gc             ] GC(780) Pause Young (Allocation Failure) 664M->404M(655M) 3.380ms
[414.415s][info][gc,cpu         ] GC(780) User=0.00s Sys=0.00s Real=0.00s
[415.006s][info][gc,start       ] GC(781) Pause Young (Allocation Failure)
[415.009s][info][gc,heap        ] GC(781) PSYoungGen: 257599K(258048K)->540K(247296K) Eden: 256000K(256000K)->0K(246272K) From: 1599K(2048K)->540K(1024K)
[415.009s][info][gc,heap        ] GC(781) ParOldGen: 412327K(412672K)->412343K(412672K)
[415.009s][info][gc,metaspace   ] GC(781) Metaspace: 57393K(57664K)->57393K(57664K) NonClass: 51761K(51968K)->51761K(51968K) Class: 5632K(5696K)->5632K(5696K)
[415.009s][info][gc             ] GC(781) Pause Young (Allocation Failure) 654M->403M(644M) 2.510ms
[415.009s][info][gc,cpu         ] GC(781) User=0.01s Sys=0.00s Real=0.00s
[415.525s][info][gc,start       ] GC(782) Pause Young (Allocation Failure)
[415.530s][info][gc,heap        ] GC(782) PSYoungGen: 246812K(247296K)->2559K(239616K) Eden: 246272K(246272K)->0K(237056K) From: 540K(1024K)->2559K(2560K)
[415.530s][info][gc,heap        ] GC(782) ParOldGen: 412343K(412672K)->412359K(412672K)
[415.530s][info][gc,metaspace   ] GC(782) Metaspace: 57393K(57664K)->57393K(57664K) NonClass: 51761K(51968K)->51761K(51968K) Class: 5632K(5696K)->5632K(5696K)
[415.530s][info][gc             ] GC(782) Pause Young (Allocation Failure) 643M->405M(637M) 4.505ms
[415.530s][info][gc,cpu         ] GC(782) User=0.01s Sys=0.00s Real=0.00s
[416.108s][info][gc,start       ] GC(783) Pause Young (Allocation Failure)
[416.110s][info][gc,heap        ] GC(783) PSYoungGen: 239615K(239616K)->891K(229376K) Eden: 237056K(237056K)->0K(228352K) From: 2559K(2560K)->891K(1024K)
[416.110s][info][gc,heap        ] GC(783) ParOldGen: 412359K(412672K)->412375K(412672K)
[416.110s][info][gc,metaspace   ] GC(783) Metaspace: 57393K(57664K)->57393K(57664K) NonClass: 51761K(51968K)->51761K(51968K) Class: 5632K(5696K)->5632K(5696K)
[416.110s][info][gc             ] GC(783) Pause Young (Allocation Failure) 636M->403M(627M) 2.624ms
[416.110s][info][gc,cpu         ] GC(783) User=0.00s Sys=0.00s Real=0.00s
[416.611s][info][gc,start       ] GC(784) Pause Young (Allocation Failure)
[416.614s][info][gc,heap        ] GC(784) PSYoungGen: 229243K(229376K)->969K(220672K) Eden: 228352K(228352K)->0K(219648K) From: 891K(1024K)->969K(1024K)
[416.614s][info][gc,heap        ] GC(784) ParOldGen: 412375K(412672K)->412391K(412672K)
[416.614s][info][gc,metaspace   ] GC(784) Metaspace: 57393K(57664K)->57393K(57664K) NonClass: 51761K(51968K)->51761K(51968K) Class: 5632K(5696K)->5632K(5696K)
[416.614s][info][gc             ] GC(784) Pause Young (Allocation Failure) 626M->403M(618M) 2.731ms
[416.614s][info][gc,cpu         ] GC(784) User=0.00s Sys=0.00s Real=0.00s
[417.107s][info][gc,start       ] GC(785) Pause Young (Allocation Failure)
[417.110s][info][gc,heap        ] GC(785) PSYoungGen: 220617K(220672K)->510K(211968K) Eden: 219648K(219648K)->0K(211456K) From: 969K(1024K)->510K(512K)
[417.110s][info][gc,heap        ] GC(785) ParOldGen: 412391K(412672K)->412407K(412672K)
[417.110s][info][gc,metaspace   ] GC(785) Metaspace: 57393K(57664K)->57393K(57664K) NonClass: 51761K(51968K)->51761K(51968K) Class: 5632K(5696K)->5632K(5696K)
[417.110s][info][gc             ] GC(785) Pause Young (Allocation Failure) 618M->403M(610M) 2.502ms
[417.110s][info][gc,cpu         ] GC(785) User=0.00s Sys=0.00s Real=0.00s
[417.552s][info][gc,start       ] GC(786) Pause Young (Allocation Failure)
[417.568s][info][gc,heap        ] GC(786) PSYoungGen: 211966K(211968K)->1535K(255488K) Eden: 211456K(211456K)->0K(251904K) From: 510K(512K)->1535K(3584K)
[417.568s][info][gc,heap        ] GC(786) ParOldGen: 412407K(412672K)->412423K(412672K)
[417.568s][info][gc,metaspace   ] GC(786) Metaspace: 57393K(57664K)->57393K(57664K) NonClass: 51761K(51968K)->51761K(51968K) Class: 5632K(5696K)->5632K(5696K)
[417.568s][info][gc             ] GC(786) Pause Young (Allocation Failure) 609M->404M(652M) 16.166ms
[417.568s][info][gc,cpu         ] GC(786) User=0.01s Sys=0.00s Real=0.02s
[418.126s][info][gc,start       ] GC(787) Pause Young (Allocation Failure)
[418.131s][info][gc,heap        ] GC(787) PSYoungGen: 253439K(255488K)->2751K(303104K) Eden: 251904K(251904K)->0K(300032K) From: 1535K(3584K)->2751K(3072K)
[418.131s][info][gc,heap        ] GC(787) ParOldGen: 412423K(412672K)->412439K(412672K)
[418.131s][info][gc,metaspace   ] GC(787) Metaspace: 57393K(57664K)->57393K(57664K) NonClass: 51761K(51968K)->51761K(51968K) Class: 5632K(5696K)->5632K(5696K)
[418.131s][info][gc             ] GC(787) Pause Young (Allocation Failure) 650M->405M(699M) 5.093ms
[418.132s][info][gc,cpu         ] GC(787) User=0.01s Sys=0.00s Real=0.00s
[418.831s][info][gc,start       ] GC(788) Pause Young (Allocation Failure)
[418.840s][info][gc,heap        ] GC(788) PSYoungGen: 302783K(303104K)->2303K(311296K) Eden: 300032K(300032K)->0K(307712K) From: 2751K(3072K)->2303K(3584K)
[418.840s][info][gc,heap        ] GC(788) ParOldGen: 412439K(412672K)->412455K(412672K)
[418.840s][info][gc,metaspace   ] GC(788) Metaspace: 57393K(57664K)->57393K(57664K) NonClass: 51761K(51968K)->51761K(51968K) Class: 5632K(5696K)->5632K(5696K)
[418.840s][info][gc             ] GC(788) Pause Young (Allocation Failure) 698M->405M(707M) 8.809ms
[418.840s][info][gc,cpu         ] GC(788) User=0.01s Sys=0.00s Real=0.01s
[419.615s][info][gc,start       ] GC(789) Pause Young (Allocation Failure)
[419.620s][info][gc,heap        ] GC(789) PSYoungGen: 310015K(311296K)->2302K(329216K) Eden: 307712K(307712K)->0K(325632K) From: 2303K(3584K)->2302K(3584K)
[419.620s][info][gc,heap        ] GC(789) ParOldGen: 412455K(412672K)->412471K(412672K)
[419.620s][info][gc,metaspace   ] GC(789) Metaspace: 57393K(57664K)->57393K(57664K) NonClass: 51761K(51968K)->51761K(51968K) Class: 5632K(5696K)->5632K(5696K)
[419.620s][info][gc             ] GC(789) Pause Young (Allocation Failure) 705M->405M(724M) 5.109ms
[419.620s][info][gc,cpu         ] GC(789) User=0.01s Sys=0.00s Real=0.01s
[420.335s][info][gc,start       ] GC(790) Pause Young (Allocation Failure)
[420.341s][info][gc,heap        ] GC(790) PSYoungGen: 327934K(329216K)->3102K(329728K) Eden: 325632K(325632K)->0K(325632K) From: 2302K(3584K)->3102K(4096K)
[420.341s][info][gc,heap        ] GC(790) ParOldGen: 412471K(412672K)->412487K(412672K)
[420.341s][info][gc,metaspace   ] GC(790) Metaspace: 57393K(57664K)->57393K(57664K) NonClass: 51761K(51968K)->51761K(51968K) Class: 5632K(5696K)->5632K(5696K)
[420.341s][info][gc             ] GC(790) Pause Young (Allocation Failure) 723M->405M(725M) 6.426ms
[420.341s][info][gc,cpu         ] GC(790) User=0.01s Sys=0.00s Real=0.01s
[421.106s][info][gc,start       ] GC(791) Pause Young (Allocation Failure)
[421.108s][info][gc,heap        ] GC(791) PSYoungGen: 328734K(329728K)->370K(312832K) Eden: 325632K(325632K)->0K(312320K) From: 3102K(4096K)->370K(512K)
[421.108s][info][gc,heap        ] GC(791) ParOldGen: 412487K(412672K)->412503K(412672K)
[421.108s][info][gc,metaspace   ] GC(791) Metaspace: 57393K(57664K)->57393K(57664K) NonClass: 51761K(51968K)->51761K(51968K) Class: 5632K(5696K)->5632K(5696K)
[421.108s][info][gc             ] GC(791) Pause Young (Allocation Failure) 723M->403M(708M) 2.453ms
[421.108s][info][gc,cpu         ] GC(791) User=0.00s Sys=0.00s Real=0.00s
[421.805s][info][gc,start       ] GC(792) Pause Young (Allocation Failure)
[421.807s][info][gc,heap        ] GC(792) PSYoungGen: 312513K(312832K)->416K(304128K) Eden: 312143K(312320K)->0K(300032K) From: 370K(512K)->416K(4096K)
[421.807s][info][gc,heap        ] GC(792) ParOldGen: 412503K(412672K)->412519K(412672K)
[421.807s][info][gc,metaspace   ] GC(792) Metaspace: 57393K(57664K)->57393K(57664K) NonClass: 51761K(51968K)->51761K(51968K) Class: 5632K(5696K)->5632K(5696K)
[421.807s][info][gc             ] GC(792) Pause Young (Allocation Failure) 708M->403M(700M) 2.229ms
[421.807s][info][gc,cpu         ] GC(792) User=0.00s Sys=0.00s Real=0.01s
[422.457s][info][gc,start       ] GC(793) Pause Young (Allocation Failure)
[422.462s][info][gc,heap        ] GC(793) PSYoungGen: 300448K(304128K)->2495K(290816K) Eden: 300032K(300032K)->0K(288256K) From: 416K(4096K)->2495K(2560K)
[422.462s][info][gc,heap        ] GC(793) ParOldGen: 412519K(412672K)->412535K(412672K)
[422.462s][info][gc,metaspace   ] GC(793) Metaspace: 57393K(57664K)->57393K(57664K) NonClass: 51761K(51968K)->51761K(51968K) Class: 5632K(5696K)->5632K(5696K)
[422.462s][info][gc             ] GC(793) Pause Young (Allocation Failure) 696M->405M(687M) 4.419ms
[422.462s][info][gc,cpu         ] GC(793) User=0.01s Sys=0.00s Real=0.00s
[423.115s][info][gc,start       ] GC(794) Pause Young (Allocation Failure)
[423.119s][info][gc,heap        ] GC(794) PSYoungGen: 290751K(290816K)->2334K(279552K) Eden: 288256K(288256K)->0K(276992K) From: 2495K(2560K)->2334K(2560K)
[423.119s][info][gc,heap        ] GC(794) ParOldGen: 412535K(412672K)->412551K(412672K)
[423.119s][info][gc,metaspace   ] GC(794) Metaspace: 57393K(57664K)->57393K(57664K) NonClass: 51761K(51968K)->51761K(51968K) Class: 5632K(5696K)->5632K(5696K)
[423.119s][info][gc             ] GC(794) Pause Young (Allocation Failure) 686M->405M(676M) 4.072ms
[423.119s][info][gc,cpu         ] GC(794) User=0.01s Sys=0.00s Real=0.01s
[423.725s][info][gc,start       ] GC(795) Pause Young (Allocation Failure)
[423.730s][info][gc,heap        ] GC(795) PSYoungGen: 279326K(279552K)->2272K(268800K) Eden: 276992K(276992K)->0K(266240K) From: 2334K(2560K)->2272K(2560K)
[423.730s][info][gc,heap        ] GC(795) ParOldGen: 412551K(412672K)->412567K(412672K)
[423.730s][info][gc,metaspace   ] GC(795) Metaspace: 57393K(57664K)->57393K(57664K) NonClass: 51761K(51968K)->51761K(51968K) Class: 5632K(5696K)->5632K(5696K)
[423.730s][info][gc             ] GC(795) Pause Young (Allocation Failure) 675M->405M(665M) 4.600ms
[423.730s][info][gc,cpu         ] GC(795) User=0.01s Sys=0.00s Real=0.01s
[424.320s][info][gc,start       ] GC(796) Pause Young (Allocation Failure)
[424.324s][info][gc,heap        ] GC(796) PSYoungGen: 268249K(268800K)->1984K(258048K) Eden: 265977K(266240K)->0K(256000K) From: 2272K(2560K)->1984K(2048K)
[424.324s][info][gc,heap        ] GC(796) ParOldGen: 412567K(412672K)->412583K(412672K)
[424.324s][info][gc,metaspace   ] GC(796) Metaspace: 57393K(57664K)->57393K(57664K) NonClass: 51761K(51968K)->51761K(51968K) Class: 5632K(5696K)->5632K(5696K)
[424.324s][info][gc             ] GC(796) Pause Young (Allocation Failure) 664M->404M(655M) 4.189ms
[424.324s][info][gc,cpu         ] GC(796) User=0.01s Sys=0.00s Real=0.00s
[424.913s][info][gc,start       ] GC(797) Pause Young (Allocation Failure)
[424.916s][info][gc,heap        ] GC(797) PSYoungGen: 257984K(258048K)->1383K(247808K) Eden: 256000K(256000K)->0K(246272K) From: 1984K(2048K)->1383K(1536K)
[424.916s][info][gc,heap        ] GC(797) ParOldGen: 412583K(412672K)->412599K(412672K)
[424.916s][info][gc,metaspace   ] GC(797) Metaspace: 57393K(57664K)->57393K(57664K) NonClass: 51761K(51968K)->51761K(51968K) Class: 5632K(5696K)->5632K(5696K)
[424.916s][info][gc             ] GC(797) Pause Young (Allocation Failure) 654M->404M(645M) 3.430ms
[424.916s][info][gc,cpu         ] GC(797) User=0.00s Sys=0.00s Real=0.01s
[425.439s][info][gc,start       ] GC(798) Pause Young (Allocation Failure)
[425.443s][info][gc,heap        ] GC(798) PSYoungGen: 247655K(247808K)->2304K(239616K) Eden: 246272K(246272K)->0K(237056K) From: 1383K(1536K)->2304K(2560K)
[425.444s][info][gc,heap        ] GC(798) ParOldGen: 412599K(412672K)->412615K(412672K)
[425.444s][info][gc,metaspace   ] GC(798) Metaspace: 57393K(57664K)->57393K(57664K) NonClass: 51761K(51968K)->51761K(51968K) Class: 5632K(5696K)->5632K(5696K)
[425.444s][info][gc             ] GC(798) Pause Young (Allocation Failure) 644M->405M(637M) 4.481ms
[425.444s][info][gc,cpu         ] GC(798) User=0.01s Sys=0.00s Real=0.00s
[426.009s][info][gc,start       ] GC(799) Pause Young (Allocation Failure)
[426.012s][info][gc,heap        ] GC(799) PSYoungGen: 239360K(239616K)->864K(229376K) Eden: 237056K(237056K)->0K(228352K) From: 2304K(2560K)->864K(1024K)
[426.012s][info][gc,heap        ] GC(799) ParOldGen: 412615K(412672K)->412631K(412672K)
[426.012s][info][gc,metaspace   ] GC(799) Metaspace: 57393K(57664K)->57393K(57664K) NonClass: 51761K(51968K)->51761K(51968K) Class: 5632K(5696K)->5632K(5696K)
[426.012s][info][gc             ] GC(799) Pause Young (Allocation Failure) 636M->403M(627M) 2.873ms
[426.012s][info][gc,cpu         ] GC(799) User=0.01s Sys=0.00s Real=0.00s
[426.512s][info][gc,start       ] GC(800) Pause Young (Allocation Failure)
[426.515s][info][gc,heap        ] GC(800) PSYoungGen: 229216K(229376K)->1225K(221184K) Eden: 228352K(228352K)->0K(219648K) From: 864K(1024K)->1225K(1536K)
[426.515s][info][gc,heap        ] GC(800) ParOldGen: 412631K(412672K)->412647K(412672K)
[426.515s][info][gc,metaspace   ] GC(800) Metaspace: 57393K(57664K)->57393K(57664K) NonClass: 51761K(51968K)->51761K(51968K) Class: 5632K(5696K)->5632K(5696K)
[426.515s][info][gc             ] GC(800) Pause Young (Allocation Failure) 626M->404M(619M) 3.024ms
[426.515s][info][gc,cpu         ] GC(800) User=0.00s Sys=0.00s Real=0.00s
[427.012s][info][gc,start       ] GC(801) Pause Young (Allocation Failure)
[427.014s][info][gc,heap        ] GC(801) PSYoungGen: 220873K(221184K)->1087K(212992K) Eden: 219648K(219648K)->0K(211456K) From: 1225K(1536K)->1087K(1536K)
[427.014s][info][gc,heap        ] GC(801) ParOldGen: 412647K(412672K)->412663K(412672K)
[427.014s][info][gc,metaspace   ] GC(801) Metaspace: 57393K(57664K)->57393K(57664K) NonClass: 51761K(51968K)->51761K(51968K) Class: 5632K(5696K)->5632K(5696K)
[427.014s][info][gc             ] GC(801) Pause Young (Allocation Failure) 618M->404M(611M) 2.908ms
[427.014s][info][gc,cpu         ] GC(801) User=0.01s Sys=0.00s Real=0.00s
[427.525s][info][gc,start       ] GC(802) Pause Young (Allocation Failure)
[427.527s][info][gc,heap        ] GC(802) PSYoungGen: 212404K(212992K)->448K(204288K) Eden: 211317K(211456K)->0K(203776K) From: 1087K(1536K)->448K(512K)
[427.527s][info][gc,heap        ] GC(802) ParOldGen: 412663K(412672K)->412679K(413184K)
[427.527s][info][gc,metaspace   ] GC(802) Metaspace: 57393K(57664K)->57393K(57664K) NonClass: 51761K(51968K)->51761K(51968K) Class: 5632K(5696K)->5632K(5696K)
[427.527s][info][gc             ] GC(802) Pause Young (Allocation Failure) 610M->403M(603M) 2.422ms
[427.527s][info][gc,cpu         ] GC(802) User=0.01s Sys=0.01s Real=0.01s
[427.926s][info][gc,start       ] GC(803) Pause Young (Allocation Failure)
[427.931s][info][gc,heap        ] GC(803) PSYoungGen: 204224K(204288K)->2815K(199680K) Eden: 203776K(203776K)->0K(196608K) From: 448K(512K)->2815K(3072K)
[427.931s][info][gc,heap        ] GC(803) ParOldGen: 412679K(413184K)->412695K(413184K)
[427.931s][info][gc,metaspace   ] GC(803) Metaspace: 57393K(57664K)->57393K(57664K) NonClass: 51761K(51968K)->51761K(51968K) Class: 5632K(5696K)->5632K(5696K)
[427.931s][info][gc             ] GC(803) Pause Young (Allocation Failure) 602M->405M(598M) 4.664ms
[427.931s][info][gc,cpu         ] GC(803) User=0.01s Sys=0.00s Real=0.00s
[428.345s][info][gc,start       ] GC(804) Pause Young (Allocation Failure)
[428.349s][info][gc,heap        ] GC(804) PSYoungGen: 199423K(199680K)->799K(190464K) Eden: 196608K(196608K)->0K(189440K) From: 2815K(3072K)->799K(1024K)
[428.349s][info][gc,heap        ] GC(804) ParOldGen: 412695K(413184K)->412711K(413184K)
[428.349s][info][gc,metaspace   ] GC(804) Metaspace: 57393K(57664K)->57393K(57664K) NonClass: 51761K(51968K)->51761K(51968K) Class: 5632K(5696K)->5632K(5696K)
[428.349s][info][gc             ] GC(804) Pause Young (Allocation Failure) 597M->403M(589M) 4.742ms
[428.349s][info][gc,cpu         ] GC(804) User=0.01s Sys=0.01s Real=0.01s
[428.817s][info][gc,start       ] GC(805) Pause Young (Allocation Failure)
[428.821s][info][gc,heap        ] GC(805) PSYoungGen: 190239K(190464K)->1600K(184832K) Eden: 189440K(189440K)->0K(182784K) From: 799K(1024K)->1600K(2048K)
[428.821s][info][gc,heap        ] GC(805) ParOldGen: 412711K(413184K)->412727K(413184K)
[428.821s][info][gc,metaspace   ] GC(805) Metaspace: 57393K(57664K)->57393K(57664K) NonClass: 51761K(51968K)->51761K(51968K) Class: 5632K(5696K)->5632K(5696K)
[428.821s][info][gc             ] GC(805) Pause Young (Allocation Failure) 588M->404M(584M) 4.088ms
[428.821s][info][gc,cpu         ] GC(805) User=0.00s Sys=0.00s Real=0.00s
[429.213s][info][gc,start       ] GC(806) Pause Young (Allocation Failure)
[429.216s][info][gc,heap        ] GC(806) PSYoungGen: 184384K(184832K)->1823K(178688K) Eden: 182784K(182784K)->0K(176640K) From: 1600K(2048K)->1823K(2048K)
[429.216s][info][gc,heap        ] GC(806) ParOldGen: 412727K(413184K)->412743K(413184K)
[429.216s][info][gc,metaspace   ] GC(806) Metaspace: 57393K(57664K)->57393K(57664K) NonClass: 51761K(51968K)->51761K(51968K) Class: 5632K(5696K)->5632K(5696K)
[429.216s][info][gc             ] GC(806) Pause Young (Allocation Failure) 583M->404M(578M) 3.443ms
[429.216s][info][gc,cpu         ] GC(806) User=0.00s Sys=0.00s Real=0.01s
[429.613s][info][gc,start       ] GC(807) Pause Young (Allocation Failure)
[429.617s][info][gc,heap        ] GC(807) PSYoungGen: 178463K(178688K)->1504K(172032K) Eden: 176640K(176640K)->0K(170496K) From: 1823K(2048K)->1504K(1536K)
[429.617s][info][gc,heap        ] GC(807) ParOldGen: 412743K(413184K)->412759K(413184K)
[429.617s][info][gc,metaspace   ] GC(807) Metaspace: 57393K(57664K)->57393K(57664K) NonClass: 51761K(51968K)->51761K(51968K) Class: 5632K(5696K)->5632K(5696K)
[429.617s][info][gc             ] GC(807) Pause Young (Allocation Failure) 577M->404M(571M) 3.516ms
[429.617s][info][gc,cpu         ] GC(807) User=0.00s Sys=0.01s Real=0.01s
[430.010s][info][gc,start       ] GC(808) Pause Young (Allocation Failure)
[430.013s][info][gc,heap        ] GC(808) PSYoungGen: 172000K(172032K)->1024K(165888K) Eden: 170496K(170496K)->0K(164864K) From: 1504K(1536K)->1024K(1024K)
[430.013s][info][gc,heap        ] GC(808) ParOldGen: 412759K(413184K)->412775K(413184K)
[430.013s][info][gc,metaspace   ] GC(808) Metaspace: 57393K(57664K)->57393K(57664K) NonClass: 51761K(51968K)->51761K(51968K) Class: 5632K(5696K)->5632K(5696K)
[430.013s][info][gc             ] GC(808) Pause Young (Allocation Failure) 571M->404M(565M) 2.851ms
[430.013s][info][gc,cpu         ] GC(808) User=0.01s Sys=0.00s Real=0.00s
[430.497s][info][gc,start       ] GC(809) Pause Young (Allocation Failure)
[430.507s][info][gc,heap        ] GC(809) PSYoungGen: 165887K(165888K)->1695K(198656K) Eden: 164863K(164864K)->0K(196608K) From: 1024K(1024K)->1695K(2048K)
[430.507s][info][gc,heap        ] GC(809) ParOldGen: 412775K(413184K)->412791K(413184K)
[430.507s][info][gc,metaspace   ] GC(809) Metaspace: 57393K(57664K)->57393K(57664K) NonClass: 51761K(51968K)->51761K(51968K) Class: 5632K(5696K)->5632K(5696K)
[430.507s][info][gc             ] GC(809) Pause Young (Allocation Failure) 565M->404M(597M) 10.157ms
[430.507s][info][gc,cpu         ] GC(809) User=0.00s Sys=0.00s Real=0.01s
[430.916s][info][gc,start       ] GC(810) Pause Young (Allocation Failure)
[430.920s][info][gc,heap        ] GC(810) PSYoungGen: 198303K(198656K)->1991K(236032K) Eden: 196608K(196608K)->0K(233984K) From: 1695K(2048K)->1991K(2048K)
[430.920s][info][gc,heap        ] GC(810) ParOldGen: 412791K(413184K)->412807K(413184K)
[430.920s][info][gc,metaspace   ] GC(810) Metaspace: 57393K(57664K)->57393K(57664K) NonClass: 51761K(51968K)->51761K(51968K) Class: 5632K(5696K)->5632K(5696K)
[430.920s][info][gc             ] GC(810) Pause Young (Allocation Failure) 596M->405M(634M) 3.816ms
[430.920s][info][gc,cpu         ] GC(810) User=0.01s Sys=0.00s Real=0.00s
[431.425s][info][gc,start       ] GC(811) Pause Young (Allocation Failure)
[431.429s][info][gc,heap        ] GC(811) PSYoungGen: 235975K(236032K)->1568K(227328K) Eden: 233984K(233984K)->0K(225280K) From: 1991K(2048K)->1568K(2048K)
[431.429s][info][gc,heap        ] GC(811) ParOldGen: 412807K(413184K)->412823K(413184K)
[431.429s][info][gc,metaspace   ] GC(811) Metaspace: 57393K(57664K)->57393K(57664K) NonClass: 51761K(51968K)->51761K(51968K) Class: 5632K(5696K)->5632K(5696K)
[431.429s][info][gc             ] GC(811) Pause Young (Allocation Failure) 633M->404M(625M) 3.727ms
[431.429s][info][gc,cpu         ] GC(811) User=0.01s Sys=0.00s Real=0.01s
[431.925s][info][gc,start       ] GC(812) Pause Young (Allocation Failure)
[431.929s][info][gc,heap        ] GC(812) PSYoungGen: 226848K(227328K)->1888K(219136K) Eden: 225280K(225280K)->0K(217088K) From: 1568K(2048K)->1888K(2048K)
[431.929s][info][gc,heap        ] GC(812) ParOldGen: 412823K(413184K)->412839K(413184K)
[431.929s][info][gc,metaspace   ] GC(812) Metaspace: 57393K(57664K)->57393K(57664K) NonClass: 51761K(51968K)->51761K(51968K) Class: 5632K(5696K)->5632K(5696K)
[431.929s][info][gc             ] GC(812) Pause Young (Allocation Failure) 624M->405M(617M) 3.969ms
[431.929s][info][gc,cpu         ] GC(812) User=0.00s Sys=0.00s Real=0.00s
[432.420s][info][gc,start       ] GC(813) Pause Young (Allocation Failure)
[432.424s][info][gc,heap        ] GC(813) PSYoungGen: 218976K(219136K)->1919K(211456K) Eden: 217088K(217088K)->0K(209408K) From: 1888K(2048K)->1919K(2048K)
[432.424s][info][gc,heap        ] GC(813) ParOldGen: 412839K(413184K)->412855K(413184K)
[432.424s][info][gc,metaspace   ] GC(813) Metaspace: 57393K(57664K)->57393K(57664K) NonClass: 51761K(51968K)->51761K(51968K) Class: 5632K(5696K)->5632K(5696K)
[432.424s][info][gc             ] GC(813) Pause Young (Allocation Failure) 617M->405M(610M) 3.611ms
[432.424s][info][gc,cpu         ] GC(813) User=0.01s Sys=0.00s Real=0.00s
[432.917s][info][gc,start       ] GC(814) Pause Young (Allocation Failure)
[432.956s][info][gc,heap        ] GC(814) PSYoungGen: 205498K(211456K)->64K(250880K) Eden: 203578K(209408K)->0K(250368K) From: 1919K(2048K)->64K(512K)
[432.956s][info][gc,heap        ] GC(814) ParOldGen: 412855K(413184K)->451934K(452608K)
[432.956s][info][gc,metaspace   ] GC(814) Metaspace: 57398K(57664K)->57398K(57664K) NonClass: 51766K(51968K)->51766K(51968K) Class: 5632K(5696K)->5632K(5696K)
[432.956s][info][gc             ] GC(814) Pause Young (Allocation Failure) 603M->441M(687M) 38.935ms
[432.956s][info][gc,cpu         ] GC(814) User=0.05s Sys=0.02s Real=0.04s
[435.645s][info][gc,start       ] GC(815) Pause Young (Allocation Failure)
[435.708s][info][gc,heap        ] GC(815) PSYoungGen: 250432K(250880K)->3058K(258048K) Eden: 250368K(250368K)->0K(254976K) From: 64K(512K)->3058K(3072K)
[435.708s][info][gc,heap        ] GC(815) ParOldGen: 451934K(452608K)->541253K(541696K)
[435.708s][info][gc,metaspace   ] GC(815) Metaspace: 57516K(57792K)->57516K(57792K) NonClass: 51884K(52096K)->51884K(52096K) Class: 5632K(5696K)->5632K(5696K)
[435.708s][info][gc             ] GC(815) Pause Young (Allocation Failure) 685M->531M(781M) 62.812ms
[435.708s][info][gc,cpu         ] GC(815) User=0.07s Sys=0.05s Real=0.07s
[436.223s][info][gc,start       ] GC(816) Pause Young (Allocation Failure)
[436.230s][info][gc,heap        ] GC(816) PSYoungGen: 258034K(258048K)->2911K(291840K) Eden: 254976K(254976K)->0K(254976K) From: 3058K(3072K)->2911K(36864K)
[436.230s][info][gc,heap        ] GC(816) ParOldGen: 541253K(541696K)->544319K(544768K)
[436.230s][info][gc,metaspace   ] GC(816) Metaspace: 57518K(57792K)->57518K(57792K) NonClass: 51886K(52096K)->51886K(52096K) Class: 5632K(5696K)->5632K(5696K)
[436.230s][info][gc             ] GC(816) Pause Young (Allocation Failure) 780M->534M(817M) 7.419ms
[436.230s][info][gc,cpu         ] GC(816) User=0.01s Sys=0.00s Real=0.01s
[436.820s][info][gc,start       ] GC(817) Pause Young (Allocation Failure)
[436.825s][info][gc,heap        ] GC(817) PSYoungGen: 257887K(291840K)->2366K(293376K) Eden: 254976K(254976K)->0K(261632K) From: 2911K(36864K)->2366K(31744K)
[436.825s][info][gc,heap        ] GC(817) ParOldGen: 544319K(544768K)->544359K(544768K)
[436.825s][info][gc,metaspace   ] GC(817) Metaspace: 57518K(57792K)->57518K(57792K) NonClass: 51886K(52096K)->51886K(52096K) Class: 5632K(5696K)->5632K(5696K)
[436.825s][info][gc             ] GC(817) Pause Young (Allocation Failure) 783M->533M(818M) 5.108ms
[436.825s][info][gc,cpu         ] GC(817) User=0.01s Sys=0.00s Real=0.00s
[437.413s][info][gc,start       ] GC(818) Pause Young (Allocation Failure)
[437.416s][info][gc,heap        ] GC(818) PSYoungGen: 263998K(293376K)->1823K(295936K) Eden: 261632K(261632K)->0K(261632K) From: 2366K(31744K)->1823K(34304K)
[437.416s][info][gc,heap        ] GC(818) ParOldGen: 544359K(544768K)->544375K(544768K)
[437.416s][info][gc,metaspace   ] GC(818) Metaspace: 57518K(57792K)->57518K(57792K) NonClass: 51886K(52096K)->51886K(52096K) Class: 5632K(5696K)->5632K(5696K)
[437.416s][info][gc             ] GC(818) Pause Young (Allocation Failure) 789M->533M(821M) 3.857ms
[437.416s][info][gc,cpu         ] GC(818) User=0.01s Sys=0.00s Real=0.01s
[438.008s][info][gc,start       ] GC(819) Pause Young (Allocation Failure)
[438.011s][info][gc,heap        ] GC(819) PSYoungGen: 263455K(295936K)->767K(296448K) Eden: 261632K(261632K)->0K(266752K) From: 1823K(34304K)->767K(29696K)
[438.011s][info][gc,heap        ] GC(819) ParOldGen: 544375K(544768K)->544391K(544768K)
[438.011s][info][gc,metaspace   ] GC(819) Metaspace: 57518K(57792K)->57518K(57792K) NonClass: 51886K(52096K)->51886K(52096K) Class: 5632K(5696K)->5632K(5696K)
[438.011s][info][gc             ] GC(819) Pause Young (Allocation Failure) 788M->532M(821M) 3.018ms
[438.011s][info][gc,cpu         ] GC(819) User=0.01s Sys=0.00s Real=0.00s
[438.608s][info][gc,start       ] GC(820) Pause Young (Allocation Failure)
[438.610s][info][gc,heap        ] GC(820) PSYoungGen: 267519K(296448K)->928K(298496K) Eden: 266752K(266752K)->0K(266752K) From: 767K(29696K)->928K(31744K)
[438.610s][info][gc,heap        ] GC(820) ParOldGen: 544391K(544768K)->544407K(544768K)
[438.610s][info][gc,metaspace   ] GC(820) Metaspace: 57518K(57792K)->57518K(57792K) NonClass: 51886K(52096K)->51886K(52096K) Class: 5632K(5696K)->5632K(5696K)
[438.610s][info][gc             ] GC(820) Pause Young (Allocation Failure) 792M->532M(823M) 2.674ms
[438.610s][info][gc,cpu         ] GC(820) User=0.00s Sys=0.00s Real=0.00s
[439.212s][info][gc,start       ] GC(821) Pause Young (Allocation Failure)
[439.215s][info][gc,heap        ] GC(821) PSYoungGen: 267680K(298496K)->1566K(268288K) Eden: 266752K(266752K)->0K(256512K) From: 928K(31744K)->1566K(11776K)
[439.215s][info][gc,heap        ] GC(821) ParOldGen: 544407K(544768K)->544423K(544768K)
[439.215s][info][gc,metaspace   ] GC(821) Metaspace: 57518K(57792K)->57518K(57792K) NonClass: 51886K(52096K)->51886K(52096K) Class: 5632K(5696K)->5632K(5696K)
[439.215s][info][gc             ] GC(821) Pause Young (Allocation Failure) 793M->533M(794M) 3.563ms
[439.215s][info][gc,cpu         ] GC(821) User=0.00s Sys=0.01s Real=0.01s
[439.750s][info][gc,start       ] GC(822) Pause Young (Allocation Failure)
[439.753s][info][gc,heap        ] GC(822) PSYoungGen: 258078K(268288K)->959K(247808K) Eden: 256512K(256512K)->0K(246784K) From: 1566K(11776K)->959K(1024K)
[439.753s][info][gc,heap        ] GC(822) ParOldGen: 544423K(544768K)->544439K(544768K)
[439.753s][info][gc,metaspace   ] GC(822) Metaspace: 57518K(57792K)->57518K(57792K) NonClass: 51886K(52096K)->51886K(52096K) Class: 5632K(5696K)->5632K(5696K)
[439.753s][info][gc             ] GC(822) Pause Young (Allocation Failure) 783M->532M(774M) 2.699ms
[439.753s][info][gc,cpu         ] GC(822) User=0.00s Sys=0.01s Real=0.00s
[440.321s][info][gc,start       ] GC(823) Pause Young (Allocation Failure)
[440.327s][info][gc,heap        ] GC(823) PSYoungGen: 247743K(247808K)->2591K(251392K) Eden: 246784K(246784K)->0K(237568K) From: 959K(1024K)->2591K(13824K)
[440.327s][info][gc,heap        ] GC(823) ParOldGen: 544439K(544768K)->544455K(544768K)
[440.327s][info][gc,metaspace   ] GC(823) Metaspace: 57518K(57792K)->57518K(57792K) NonClass: 51886K(52096K)->51886K(52096K) Class: 5632K(5696K)->5632K(5696K)
[440.327s][info][gc             ] GC(823) Pause Young (Allocation Failure) 773M->534M(777M) 5.372ms
[440.327s][info][gc,cpu         ] GC(823) User=0.01s Sys=0.00s Real=0.01s
[440.828s][info][gc,start       ] GC(824) Pause Young (Allocation Failure)
[440.834s][info][gc,heap        ] GC(824) PSYoungGen: 240159K(251392K)->3199K(232448K) Eden: 237568K(237568K)->0K(228864K) From: 2591K(13824K)->3199K(3584K)
[440.834s][info][gc,heap        ] GC(824) ParOldGen: 544455K(544768K)->544471K(544768K)
[440.834s][info][gc,metaspace   ] GC(824) Metaspace: 57518K(57792K)->57518K(57792K) NonClass: 51886K(52096K)->51886K(52096K) Class: 5632K(5696K)->5632K(5696K)
[440.834s][info][gc             ] GC(824) Pause Young (Allocation Failure) 766M->534M(759M) 5.928ms
[440.834s][info][gc,cpu         ] GC(824) User=0.01s Sys=0.00s Real=0.00s
[441.340s][info][gc,start       ] GC(825) Pause Young (Allocation Failure)
[441.346s][info][gc,heap        ] GC(825) PSYoungGen: 231810K(232448K)->2368K(232960K) Eden: 228611K(228864K)->0K(220160K) From: 3199K(3584K)->2368K(12800K)
[441.346s][info][gc,heap        ] GC(825) ParOldGen: 544471K(544768K)->544487K(544768K)
[441.346s][info][gc,metaspace   ] GC(825) Metaspace: 57518K(57792K)->57518K(57792K) NonClass: 51886K(52096K)->51886K(52096K) Class: 5632K(5696K)->5632K(5696K)
[441.346s][info][gc             ] GC(825) Pause Young (Allocation Failure) 758M->534M(759M) 5.410ms
[441.346s][info][gc,cpu         ] GC(825) User=0.01s Sys=0.00s Real=0.01s
[441.874s][info][gc,start       ] GC(826) Pause Young (Allocation Failure)
[441.880s][info][gc,heap        ] GC(826) PSYoungGen: 222528K(232960K)->2783K(215040K) Eden: 220160K(220160K)->0K(211968K) From: 2368K(12800K)->2783K(3072K)
[441.880s][info][gc,heap        ] GC(826) ParOldGen: 544487K(544768K)->544503K(544768K)
[441.880s][info][gc,metaspace   ] GC(826) Metaspace: 57518K(57792K)->57518K(57792K) NonClass: 51886K(52096K)->51886K(52096K) Class: 5632K(5696K)->5632K(5696K)
[441.880s][info][gc             ] GC(826) Pause Young (Allocation Failure) 749M->534M(742M) 5.645ms
[441.880s][info][gc,cpu         ] GC(826) User=0.01s Sys=0.00s Real=0.01s
[442.323s][info][gc,start       ] GC(827) Pause Young (Allocation Failure)
[442.328s][info][gc,heap        ] GC(827) PSYoungGen: 214751K(215040K)->2016K(216064K) Eden: 211968K(211968K)->0K(204288K) From: 2783K(3072K)->2016K(11776K)
[442.328s][info][gc,heap        ] GC(827) ParOldGen: 544503K(544768K)->544519K(544768K)
[442.328s][info][gc,metaspace   ] GC(827) Metaspace: 57518K(57792K)->57518K(57792K) NonClass: 51886K(52096K)->51886K(52096K) Class: 5632K(5696K)->5632K(5696K)
[442.328s][info][gc             ] GC(827) Pause Young (Allocation Failure) 741M->533M(743M) 4.935ms
[442.328s][info][gc,cpu         ] GC(827) User=0.01s Sys=0.00s Real=0.01s
[442.810s][info][gc,start       ] GC(828) Pause Young (Allocation Failure)
[442.814s][info][gc,heap        ] GC(828) PSYoungGen: 206304K(216064K)->1149K(198656K) Eden: 204288K(204288K)->0K(197120K) From: 2016K(11776K)->1149K(1536K)
[442.814s][info][gc,heap        ] GC(828) ParOldGen: 544519K(544768K)->544535K(544768K)
[442.814s][info][gc,metaspace   ] GC(828) Metaspace: 57518K(57792K)->57518K(57792K) NonClass: 51886K(52096K)->51886K(52096K) Class: 5632K(5696K)->5632K(5696K)
[442.814s][info][gc             ] GC(828) Pause Young (Allocation Failure) 733M->532M(726M) 3.486ms
[442.814s][info][gc,cpu         ] GC(828) User=0.00s Sys=0.00s Real=0.00s
[443.226s][info][gc,start       ] GC(829) Pause Young (Allocation Failure)
[443.231s][info][gc,heap        ] GC(829) PSYoungGen: 198269K(198656K)->2560K(200192K) Eden: 197120K(197120K)->0K(189952K) From: 1149K(1536K)->2560K(10240K)
[443.231s][info][gc,heap        ] GC(829) ParOldGen: 544535K(544768K)->544551K(544768K)
[443.231s][info][gc,metaspace   ] GC(829) Metaspace: 57518K(57792K)->57518K(57792K) NonClass: 51886K(52096K)->51886K(52096K) Class: 5632K(5696K)->5632K(5696K)
[443.231s][info][gc             ] GC(829) Pause Young (Allocation Failure) 725M->534M(727M) 5.499ms
[443.231s][info][gc,cpu         ] GC(829) User=0.01s Sys=0.00s Real=0.00s
[443.636s][info][gc,start       ] GC(830) Pause Young (Allocation Failure)
[443.641s][info][gc,heap        ] GC(830) PSYoungGen: 192512K(200192K)->2464K(185856K) Eden: 189952K(189952K)->0K(183296K) From: 2560K(10240K)->2464K(2560K)
[443.641s][info][gc,heap        ] GC(830) ParOldGen: 544551K(544768K)->544567K(544768K)
[443.641s][info][gc,metaspace   ] GC(830) Metaspace: 57518K(57792K)->57518K(57792K) NonClass: 51886K(52096K)->51886K(52096K) Class: 5632K(5696K)->5632K(5696K)
[443.641s][info][gc             ] GC(830) Pause Young (Allocation Failure) 719M->534M(713M) 5.302ms
[443.641s][info][gc,cpu         ] GC(830) User=0.01s Sys=0.00s Real=0.00s
[444.045s][info][gc,start       ] GC(831) Pause Young (Allocation Failure)
[444.049s][info][gc,heap        ] GC(831) PSYoungGen: 185760K(185856K)->2430K(201216K) Eden: 183296K(183296K)->0K(184320K) From: 2464K(2560K)->2430K(16896K)
[444.049s][info][gc,heap        ] GC(831) ParOldGen: 544567K(544768K)->544583K(544768K)
[444.049s][info][gc,metaspace   ] GC(831) Metaspace: 57518K(57792K)->57518K(57792K) NonClass: 51886K(52096K)->51886K(52096K) Class: 5632K(5696K)->5632K(5696K)
[444.049s][info][gc             ] GC(831) Pause Young (Allocation Failure) 713M->534M(728M) 4.231ms
[444.049s][info][gc,cpu         ] GC(831) User=0.01s Sys=0.00s Real=0.01s
[444.505s][info][gc,start       ] GC(832) Pause Young (Allocation Failure)
[444.507s][info][gc,heap        ] GC(832) PSYoungGen: 186750K(201216K)->178K(178176K) Eden: 184320K(184320K)->0K(177664K) From: 2430K(16896K)->178K(512K)
[444.507s][info][gc,heap        ] GC(832) ParOldGen: 544583K(544768K)->544599K(544768K)
[444.507s][info][gc,metaspace   ] GC(832) Metaspace: 57518K(57792K)->57518K(57792K) NonClass: 51886K(52096K)->51886K(52096K) Class: 5632K(5696K)->5632K(5696K)
[444.507s][info][gc             ] GC(832) Pause Young (Allocation Failure) 714M->532M(706M) 2.605ms
[444.507s][info][gc,cpu         ] GC(832) User=0.01s Sys=0.00s Real=0.01s
[444.907s][info][gc,start       ] GC(833) Pause Young (Allocation Failure)
[444.911s][info][gc,heap        ] GC(833) PSYoungGen: 177842K(178176K)->1023K(179712K) Eden: 177664K(177664K)->0K(171520K) From: 178K(512K)->1023K(8192K)
[444.911s][info][gc,heap        ] GC(833) ParOldGen: 544599K(544768K)->544615K(544768K)
[444.911s][info][gc,metaspace   ] GC(833) Metaspace: 57518K(57792K)->57518K(57792K) NonClass: 51886K(52096K)->51886K(52096K) Class: 5632K(5696K)->5632K(5696K)
[444.911s][info][gc             ] GC(833) Pause Young (Allocation Failure) 705M->532M(707M) 3.318ms
[444.911s][info][gc,cpu         ] GC(833) User=0.01s Sys=0.00s Real=0.00s
[445.254s][info][gc,start       ] GC(834) Pause Young (Allocation Failure)
[445.257s][info][gc,heap        ] GC(834) PSYoungGen: 172454K(179712K)->672K(166912K) Eden: 171430K(171520K)->0K(165888K) From: 1023K(8192K)->672K(1024K)
[445.257s][info][gc,heap        ] GC(834) ParOldGen: 544615K(544768K)->544631K(544768K)
[445.257s][info][gc,metaspace   ] GC(834) Metaspace: 57518K(57792K)->57518K(57792K) NonClass: 51886K(52096K)->51886K(52096K) Class: 5632K(5696K)->5632K(5696K)
[445.257s][info][gc             ] GC(834) Pause Young (Allocation Failure) 700M->532M(695M) 3.234ms
[445.257s][info][gc,cpu         ] GC(834) User=0.01s Sys=0.00s Real=0.01s
[445.635s][info][gc,start       ] GC(835) Pause Young (Allocation Failure)
[445.640s][info][gc,heap        ] GC(835) PSYoungGen: 166560K(166912K)->2816K(166400K) Eden: 165888K(165888K)->0K(160256K) From: 672K(1024K)->2816K(6144K)
[445.640s][info][gc,heap        ] GC(835) ParOldGen: 544631K(544768K)->544647K(544768K)
[445.640s][info][gc,metaspace   ] GC(835) Metaspace: 57518K(57792K)->57518K(57792K) NonClass: 51886K(52096K)->51886K(52096K) Class: 5632K(5696K)->5632K(5696K)
[445.640s][info][gc             ] GC(835) Pause Young (Allocation Failure) 694M->534M(694M) 5.768ms
[445.640s][info][gc,cpu         ] GC(835) User=0.01s Sys=0.00s Real=0.01s
[446.016s][info][gc,start       ] GC(836) Pause Young (Allocation Failure)
[446.020s][info][gc,heap        ] GC(836) PSYoungGen: 163072K(166400K)->1407K(156672K) Eden: 160256K(160256K)->0K(155136K) From: 2816K(6144K)->1407K(1536K)
[446.020s][info][gc,heap        ] GC(836) ParOldGen: 544647K(544768K)->544663K(544768K)
[446.020s][info][gc,metaspace   ] GC(836) Metaspace: 57518K(57792K)->57518K(57792K) NonClass: 51886K(52096K)->51886K(52096K) Class: 5632K(5696K)->5632K(5696K)
[446.020s][info][gc             ] GC(836) Pause Young (Allocation Failure) 691M->533M(685M) 3.463ms
[446.020s][info][gc,cpu         ] GC(836) User=0.00s Sys=0.00s Real=0.00s
[446.338s][info][gc,start       ] GC(837) Pause Young (Allocation Failure)
[446.343s][info][gc,heap        ] GC(837) PSYoungGen: 156543K(156672K)->2687K(168960K) Eden: 155136K(155136K)->0K(156672K) From: 1407K(1536K)->2687K(12288K)
[446.343s][info][gc,heap        ] GC(837) ParOldGen: 544663K(544768K)->544679K(544768K)
[446.343s][info][gc,metaspace   ] GC(837) Metaspace: 57518K(57792K)->57518K(57792K) NonClass: 51886K(52096K)->51886K(52096K) Class: 5632K(5696K)->5632K(5696K)
[446.343s][info][gc             ] GC(837) Pause Young (Allocation Failure) 684M->534M(697M) 4.893ms
[446.343s][info][gc,cpu         ] GC(837) User=0.01s Sys=0.00s Real=0.00s
[446.716s][info][gc,start       ] GC(838) Pause Young (Allocation Failure)
[446.719s][info][gc,heap        ] GC(838) PSYoungGen: 159129K(168960K)->1248K(167936K) Eden: 156442K(156672K)->0K(156672K) From: 2687K(12288K)->1248K(11264K)
[446.719s][info][gc,heap        ] GC(838) ParOldGen: 544679K(544768K)->544695K(544768K)
[446.719s][info][gc,metaspace   ] GC(838) Metaspace: 57518K(57792K)->57518K(57792K) NonClass: 51886K(52096K)->51886K(52096K) Class: 5632K(5696K)->5632K(5696K)
[446.719s][info][gc             ] GC(838) Pause Young (Allocation Failure) 687M->533M(696M) 3.229ms
[446.719s][info][gc,cpu         ] GC(838) User=0.01s Sys=0.00s Real=0.00s
[447.162s][info][gc,start       ] GC(839) Pause Young (Allocation Failure)
[447.189s][info][gc,heap        ] GC(839) PSYoungGen: 157920K(167936K)->8321K(196608K) Eden: 156672K(156672K)->0K(185856K) From: 1248K(11264K)->8321K(10752K)
[447.189s][info][gc,heap        ] GC(839) ParOldGen: 544695K(544768K)->544711K(544768K)
[447.189s][info][gc,metaspace   ] GC(839) Metaspace: 57518K(57792K)->57518K(57792K) NonClass: 51886K(52096K)->51886K(52096K) Class: 5632K(5696K)->5632K(5696K)
[447.189s][info][gc             ] GC(839) Pause Young (Allocation Failure) 686M->540M(724M) 26.317ms
[447.189s][info][gc,cpu         ] GC(839) User=0.02s Sys=0.01s Real=0.03s
[447.436s][info][gc,start       ] GC(840) Pause Young (Allocation Failure)
[447.455s][info][gc,heap        ] GC(840) PSYoungGen: 194177K(196608K)->11765K(197632K) Eden: 185856K(185856K)->0K(185856K) From: 8321K(10752K)->11765K(11776K)
[447.455s][info][gc,heap        ] GC(840) ParOldGen: 544711K(544768K)->554588K(555008K)
[447.455s][info][gc,metaspace   ] GC(840) Metaspace: 57518K(57792K)->57518K(57792K) NonClass: 51886K(52096K)->51886K(52096K) Class: 5632K(5696K)->5632K(5696K)
[447.455s][info][gc             ] GC(840) Pause Young (Allocation Failure) 721M->553M(735M) 19.682ms
[447.455s][info][gc,cpu         ] GC(840) User=0.03s Sys=0.01s Real=0.02s
[447.851s][info][gc,start       ] GC(841) Pause Young (Allocation Failure)
[447.860s][info][gc,heap        ] GC(841) PSYoungGen: 197621K(197632K)->1119K(239616K) Eden: 185856K(185856K)->0K(222720K) From: 11765K(11776K)->1119K(16896K)
[447.860s][info][gc,heap        ] GC(841) ParOldGen: 554588K(555008K)->563300K(563712K)
[447.860s][info][gc,metaspace   ] GC(841) Metaspace: 57518K(57792K)->57518K(57792K) NonClass: 51886K(52096K)->51886K(52096K) Class: 5632K(5696K)->5632K(5696K)
[447.860s][info][gc             ] GC(841) Pause Young (Allocation Failure) 734M->551M(784M) 9.746ms
[447.860s][info][gc,cpu         ] GC(841) User=0.01s Sys=0.01s Real=0.01s
[448.355s][info][gc,start       ] GC(842) Pause Young (Allocation Failure)
[448.358s][info][gc,heap        ] GC(842) PSYoungGen: 223839K(239616K)->639K(240128K) Eden: 222720K(222720K)->0K(222720K) From: 1119K(16896K)->639K(17408K)
[448.358s][info][gc,heap        ] GC(842) ParOldGen: 563300K(563712K)->563316K(563712K)
[448.358s][info][gc,metaspace   ] GC(842) Metaspace: 57518K(57792K)->57518K(57792K) NonClass: 51886K(52096K)->51886K(52096K) Class: 5632K(5696K)->5632K(5696K)
[448.358s][info][gc             ] GC(842) Pause Young (Allocation Failure) 768M->550M(785M) 2.679ms
[448.358s][info][gc,cpu         ] GC(842) User=0.00s Sys=0.00s Real=0.01s
[448.853s][info][gc,start       ] GC(843) Pause Young (Allocation Failure)
[448.856s][info][gc,heap        ] GC(843) PSYoungGen: 223222K(240128K)->767K(282112K) Eden: 222582K(222720K)->0K(266240K) From: 639K(17408K)->767K(15872K)
[448.856s][info][gc,heap        ] GC(843) ParOldGen: 563316K(563712K)->563332K(563712K)
[448.856s][info][gc,metaspace   ] GC(843) Metaspace: 57518K(57792K)->57518K(57792K) NonClass: 51886K(52096K)->51886K(52096K) Class: 5632K(5696K)->5632K(5696K)
[448.856s][info][gc             ] GC(843) Pause Young (Allocation Failure) 768M->550M(826M) 2.855ms
[448.856s][info][gc,cpu         ] GC(843) User=0.01s Sys=0.00s Real=0.01s
[449.469s][info][gc,start       ] GC(844) Pause Young (Allocation Failure)
[449.472s][info][gc,heap        ] GC(844) PSYoungGen: 266926K(282112K)->736K(282624K) Eden: 266159K(266240K)->0K(266240K) From: 767K(15872K)->736K(16384K)
[449.472s][info][gc,heap        ] GC(844) ParOldGen: 563332K(563712K)->563348K(563712K)
[449.472s][info][gc,metaspace   ] GC(844) Metaspace: 57518K(57792K)->57518K(57792K) NonClass: 51886K(52096K)->51886K(52096K) Class: 5632K(5696K)->5632K(5696K)
[449.472s][info][gc             ] GC(844) Pause Young (Allocation Failure) 810M->550M(826M) 3.129ms
[449.472s][info][gc,cpu         ] GC(844) User=0.00s Sys=0.00s Real=0.00s
[450.106s][info][gc,start       ] GC(845) Pause Young (Allocation Failure)
[450.108s][info][gc,heap        ] GC(845) PSYoungGen: 266976K(282624K)->320K(316928K) Eden: 266240K(266240K)->0K(302080K) From: 736K(16384K)->320K(14848K)
[450.108s][info][gc,heap        ] GC(845) ParOldGen: 563348K(563712K)->563364K(563712K)
[450.108s][info][gc,metaspace   ] GC(845) Metaspace: 57518K(57792K)->57518K(57792K) NonClass: 51886K(52096K)->51886K(52096K) Class: 5632K(5696K)->5632K(5696K)
[450.108s][info][gc             ] GC(845) Pause Young (Allocation Failure) 810M->550M(860M) 2.414ms
[450.108s][info][gc,cpu         ] GC(845) User=0.01s Sys=0.00s Real=0.00s
[450.752s][info][gc,start       ] GC(846) Pause Young (Allocation Failure)
[450.757s][info][gc,heap        ] GC(846) PSYoungGen: 302335K(316928K)->1856K(316928K) Eden: 302015K(302080K)->0K(302080K) From: 320K(14848K)->1856K(14848K)
[450.757s][info][gc,heap        ] GC(846) ParOldGen: 563364K(563712K)->563380K(563712K)
[450.757s][info][gc,metaspace   ] GC(846) Metaspace: 57518K(57792K)->57518K(57792K) NonClass: 51886K(52096K)->51886K(52096K) Class: 5632K(5696K)->5632K(5696K)
[450.757s][info][gc             ] GC(846) Pause Young (Allocation Failure) 845M->551M(860M) 4.638ms
[450.757s][info][gc,cpu         ] GC(846) User=0.01s Sys=0.00s Real=0.01s
[451.425s][info][gc,start       ] GC(847) Pause Young (Allocation Failure)
[451.431s][info][gc,heap        ] GC(847) PSYoungGen: 303936K(316928K)->2848K(317952K) Eden: 302080K(302080K)->0K(305152K) From: 1856K(14848K)->2848K(12800K)
[451.431s][info][gc,heap        ] GC(847) ParOldGen: 563380K(563712K)->563396K(563712K)
[451.431s][info][gc,metaspace   ] GC(847) Metaspace: 57518K(57792K)->57518K(57792K) NonClass: 51886K(52096K)->51886K(52096K) Class: 5632K(5696K)->5632K(5696K)
[451.431s][info][gc             ] GC(847) Pause Young (Allocation Failure) 846M->552M(861M) 6.199ms
[451.432s][info][gc,cpu         ] GC(847) User=0.01s Sys=0.01s Real=0.00s
[452.124s][info][gc,start       ] GC(848) Pause Young (Allocation Failure)
[452.129s][info][gc,heap        ] GC(848) PSYoungGen: 308000K(317952K)->2527K(317952K) Eden: 305152K(305152K)->0K(305152K) From: 2848K(12800K)->2527K(12800K)
[452.129s][info][gc,heap        ] GC(848) ParOldGen: 563396K(563712K)->563412K(563712K)
[452.129s][info][gc,metaspace   ] GC(848) Metaspace: 57518K(57792K)->57518K(57792K) NonClass: 51886K(52096K)->51886K(52096K) Class: 5632K(5696K)->5632K(5696K)
[452.129s][info][gc             ] GC(848) Pause Young (Allocation Failure) 850M->552M(861M) 5.620ms
[452.129s][info][gc,cpu         ] GC(848) User=0.01s Sys=0.00s Real=0.01s
[452.816s][info][gc,start       ] GC(849) Pause Young (Allocation Failure)
[452.820s][info][gc,heap        ] GC(849) PSYoungGen: 307679K(317952K)->1951K(294912K) Eden: 305152K(305152K)->0K(292864K) From: 2527K(12800K)->1951K(2048K)
[452.820s][info][gc,heap        ] GC(849) ParOldGen: 563412K(563712K)->563428K(563712K)
[452.820s][info][gc,metaspace   ] GC(849) Metaspace: 57518K(57792K)->57518K(57792K) NonClass: 51886K(52096K)->51886K(52096K) Class: 5632K(5696K)->5632K(5696K)
[452.820s][info][gc             ] GC(849) Pause Young (Allocation Failure) 850M->552M(838M) 4.672ms
[452.820s][info][gc,cpu         ] GC(849) User=0.01s Sys=0.00s Real=0.00s
[453.448s][info][gc,start       ] GC(850) Pause Young (Allocation Failure)
[453.451s][info][gc,heap        ] GC(850) PSYoungGen: 294638K(294912K)->960K(282112K) Eden: 292687K(292864K)->0K(281088K) From: 1951K(2048K)->960K(1024K)
[453.452s][info][gc,heap        ] GC(850) ParOldGen: 563428K(563712K)->563444K(563712K)
[453.452s][info][gc,metaspace   ] GC(850) Metaspace: 57518K(57792K)->57518K(57792K) NonClass: 51886K(52096K)->51886K(52096K) Class: 5632K(5696K)->5632K(5696K)
[453.452s][info][gc             ] GC(850) Pause Young (Allocation Failure) 837M->551M(826M) 3.088ms
[453.452s][info][gc,cpu         ] GC(850) User=0.01s Sys=0.00s Real=0.00s
[454.113s][info][gc,start       ] GC(851) Pause Young (Allocation Failure)
[454.118s][info][gc,heap        ] GC(851) PSYoungGen: 282048K(282112K)->1055K(271872K) Eden: 281088K(281088K)->0K(270336K) From: 960K(1024K)->1055K(1536K)
[454.118s][info][gc,heap        ] GC(851) ParOldGen: 563444K(563712K)->563460K(563712K)
[454.118s][info][gc,metaspace   ] GC(851) Metaspace: 57521K(57792K)->57521K(57792K) NonClass: 51889K(52096K)->51889K(52096K) Class: 5632K(5696K)->5632K(5696K)
[454.118s][info][gc             ] GC(851) Pause Young (Allocation Failure) 825M->551M(816M) 4.984ms
[454.118s][info][gc,cpu         ] GC(851) User=0.01s Sys=0.00s Real=0.01s
[454.711s][info][gc,start       ] GC(852) Pause Young (Allocation Failure)
[454.714s][info][gc,heap        ] GC(852) PSYoungGen: 271391K(271872K)->1056K(261632K) Eden: 270336K(270336K)->0K(260096K) From: 1055K(1536K)->1056K(1536K)
[454.714s][info][gc,heap        ] GC(852) ParOldGen: 563460K(563712K)->563476K(563712K)
[454.714s][info][gc,metaspace   ] GC(852) Metaspace: 57521K(57792K)->57521K(57792K) NonClass: 51889K(52096K)->51889K(52096K) Class: 5632K(5696K)->5632K(5696K)
[454.714s][info][gc             ] GC(852) Pause Young (Allocation Failure) 815M->551M(806M) 3.261ms
[454.714s][info][gc,cpu         ] GC(852) User=0.00s Sys=0.00s Real=0.00s
[455.254s][info][gc,start       ] GC(853) Pause Young (Allocation Failure)
[455.257s][info][gc,heap        ] GC(853) PSYoungGen: 261032K(261632K)->480K(250880K) Eden: 259976K(260096K)->0K(250368K) From: 1056K(1536K)->480K(512K)
[455.257s][info][gc,heap        ] GC(853) ParOldGen: 563476K(563712K)->563492K(563712K)
[455.257s][info][gc,metaspace   ] GC(853) Metaspace: 57521K(57792K)->57521K(57792K) NonClass: 51889K(52096K)->51889K(52096K) Class: 5632K(5696K)->5632K(5696K)
[455.257s][info][gc             ] GC(853) Pause Young (Allocation Failure) 805M->550M(795M) 2.994ms
[455.257s][info][gc,cpu         ] GC(853) User=0.00s Sys=0.00s Real=0.01s
[455.827s][info][gc,start       ] GC(854) Pause Young (Allocation Failure)
[455.832s][info][gc,heap        ] GC(854) PSYoungGen: 250848K(250880K)->2623K(250368K) Eden: 250368K(250368K)->0K(240640K) From: 480K(512K)->2623K(9728K)
[455.832s][info][gc,heap        ] GC(854) ParOldGen: 563492K(563712K)->563508K(563712K)
[455.832s][info][gc,metaspace   ] GC(854) Metaspace: 57521K(57792K)->57521K(57792K) NonClass: 51889K(52096K)->51889K(52096K) Class: 5632K(5696K)->5632K(5696K)
[455.832s][info][gc             ] GC(854) Pause Young (Allocation Failure) 795M->552M(795M) 4.675ms
[455.832s][info][gc,cpu         ] GC(854) User=0.01s Sys=0.00s Real=0.00s
[456.352s][info][gc,start       ] GC(855) Pause Young (Allocation Failure)
[456.356s][info][gc,heap        ] GC(855) PSYoungGen: 243263K(250368K)->320K(231936K) Eden: 240640K(240640K)->0K(231424K) From: 2623K(9728K)->320K(512K)
[456.356s][info][gc,heap        ] GC(855) ParOldGen: 563508K(563712K)->563524K(563712K)
[456.356s][info][gc,metaspace   ] GC(855) Metaspace: 57521K(57792K)->57521K(57792K) NonClass: 51889K(52096K)->51889K(52096K) Class: 5632K(5696K)->5632K(5696K)
[456.356s][info][gc             ] GC(855) Pause Young (Allocation Failure) 787M->550M(777M) 3.151ms
[456.356s][info][gc,cpu         ] GC(855) User=0.00s Sys=0.00s Real=0.01s
[456.923s][info][gc,start       ] GC(856) Pause Young (Allocation Failure)
[456.927s][info][gc,heap        ] GC(856) PSYoungGen: 231744K(231936K)->1855K(231424K) Eden: 231424K(231424K)->0K(222720K) From: 320K(512K)->1855K(8704K)
[456.927s][info][gc,heap        ] GC(856) ParOldGen: 563524K(563712K)->563540K(563712K)
[456.927s][info][gc,metaspace   ] GC(856) Metaspace: 57521K(57792K)->57521K(57792K) NonClass: 51889K(52096K)->51889K(52096K) Class: 5632K(5696K)->5632K(5696K)
[456.927s][info][gc             ] GC(856) Pause Young (Allocation Failure) 776M->552M(776M) 3.765ms
[456.927s][info][gc,cpu         ] GC(856) User=0.01s Sys=0.00s Real=0.01s
[457.413s][info][gc,start       ] GC(857) Pause Young (Allocation Failure)
[457.418s][info][gc,heap        ] GC(857) PSYoungGen: 224575K(231424K)->1983K(216576K) Eden: 222720K(222720K)->0K(214528K) From: 1855K(8704K)->1983K(2048K)
[457.418s][info][gc,heap        ] GC(857) ParOldGen: 563540K(563712K)->563556K(563712K)
[457.418s][info][gc,metaspace   ] GC(857) Metaspace: 57521K(57792K)->57521K(57792K) NonClass: 51889K(52096K)->51889K(52096K) Class: 5632K(5696K)->5632K(5696K)
[457.418s][info][gc             ] GC(857) Pause Young (Allocation Failure) 769M->552M(762M) 4.447ms
[457.418s][info][gc,cpu         ] GC(857) User=0.01s Sys=0.00s Real=0.01s
[457.913s][info][gc,start       ] GC(858) Pause Young (Allocation Failure)
[457.919s][info][gc,heap        ] GC(858) PSYoungGen: 216511K(216576K)->1343K(208384K) Eden: 214528K(214528K)->0K(206848K) From: 1983K(2048K)->1343K(1536K)
[457.919s][info][gc,heap        ] GC(858) ParOldGen: 563556K(563712K)->563572K(563712K)
[457.919s][info][gc,metaspace   ] GC(858) Metaspace: 57521K(57792K)->57521K(57792K) NonClass: 51889K(52096K)->51889K(52096K) Class: 5632K(5696K)->5632K(5696K)
[457.919s][info][gc             ] GC(858) Pause Young (Allocation Failure) 761M->551M(754M) 6.689ms
[457.919s][info][gc,cpu         ] GC(858) User=0.00s Sys=0.00s Real=0.01s
[458.339s][info][gc,start       ] GC(859) Pause Young (Allocation Failure)
[458.344s][info][gc,heap        ] GC(859) PSYoungGen: 208191K(208384K)->2399K(201728K) Eden: 206848K(206848K)->0K(199168K) From: 1343K(1536K)->2399K(2560K)
[458.344s][info][gc,heap        ] GC(859) ParOldGen: 563572K(563712K)->563588K(563712K)
[458.344s][info][gc,metaspace   ] GC(859) Metaspace: 57521K(57792K)->57521K(57792K) NonClass: 51889K(52096K)->51889K(52096K) Class: 5632K(5696K)->5632K(5696K)
[458.344s][info][gc             ] GC(859) Pause Young (Allocation Failure) 753M->552M(747M) 5.402ms
[458.344s][info][gc,cpu         ] GC(859) User=0.00s Sys=0.00s Real=0.00s
[458.814s][info][gc,start       ] GC(860) Pause Young (Allocation Failure)
[458.818s][info][gc,heap        ] GC(860) PSYoungGen: 201567K(201728K)->1727K(194048K) Eden: 199168K(199168K)->0K(192000K) From: 2399K(2560K)->1727K(2048K)
[458.818s][info][gc,heap        ] GC(860) ParOldGen: 563588K(563712K)->563604K(563712K)
[458.818s][info][gc,metaspace   ] GC(860) Metaspace: 57521K(57792K)->57521K(57792K) NonClass: 51889K(52096K)->51889K(52096K) Class: 5632K(5696K)->5632K(5696K)
[458.818s][info][gc             ] GC(860) Pause Young (Allocation Failure) 747M->552M(740M) 3.671ms
[458.818s][info][gc,cpu         ] GC(860) User=0.00s Sys=0.00s Real=0.01s
[459.227s][info][gc,start       ] GC(861) Pause Young (Allocation Failure)
[459.234s][info][gc,heap        ] GC(861) PSYoungGen: 193727K(194048K)->3775K(232448K) Eden: 192000K(192000K)->0K(228352K) From: 1727K(2048K)->3775K(4096K)
[459.234s][info][gc,heap        ] GC(861) ParOldGen: 563604K(563712K)->563620K(563712K)
[459.234s][info][gc,metaspace   ] GC(861) Metaspace: 57521K(57792K)->57521K(57792K) NonClass: 51889K(52096K)->51889K(52096K) Class: 5632K(5696K)->5632K(5696K)
[459.234s][info][gc             ] GC(861) Pause Young (Allocation Failure) 739M->554M(777M) 6.831ms
[459.234s][info][gc,cpu         ] GC(861) User=0.01s Sys=0.00s Real=0.00s
[459.741s][info][gc,start       ] GC(862) Pause Young (Allocation Failure)
[459.746s][info][gc,heap        ] GC(862) PSYoungGen: 232127K(232448K)->2239K(270336K) Eden: 228352K(228352K)->0K(263680K) From: 3775K(4096K)->2239K(6656K)
[459.746s][info][gc,heap        ] GC(862) ParOldGen: 563620K(563712K)->563636K(563712K)
[459.746s][info][gc,metaspace   ] GC(862) Metaspace: 57521K(57792K)->57521K(57792K) NonClass: 51889K(52096K)->51889K(52096K) Class: 5632K(5696K)->5632K(5696K)
[459.746s][info][gc             ] GC(862) Pause Young (Allocation Failure) 777M->552M(814M) 4.288ms
[459.746s][info][gc,cpu         ] GC(862) User=0.01s Sys=0.00s Real=0.01s
[460.337s][info][gc,start       ] GC(863) Pause Young (Allocation Failure)
[460.343s][info][gc,heap        ] GC(863) PSYoungGen: 265684K(270336K)->2624K(278016K) Eden: 263444K(263680K)->0K(271872K) From: 2239K(6656K)->2624K(6144K)
[460.343s][info][gc,heap        ] GC(863) ParOldGen: 563636K(563712K)->563652K(563712K)
[460.343s][info][gc,metaspace   ] GC(863) Metaspace: 57521K(57792K)->57521K(57792K) NonClass: 51889K(52096K)->51889K(52096K) Class: 5632K(5696K)->5632K(5696K)
[460.343s][info][gc             ] GC(863) Pause Young (Allocation Failure) 809M->553M(822M) 5.937ms
[460.343s][info][gc,cpu         ] GC(863) User=0.01s Sys=0.00s Real=0.00s
[460.945s][info][gc,start       ] GC(864) Pause Young (Allocation Failure)
[460.949s][info][gc,heap        ] GC(864) PSYoungGen: 274322K(278016K)->1376K(262656K) Eden: 271698K(271872K)->0K(261120K) From: 2624K(6144K)->1376K(1536K)
[460.949s][info][gc,heap        ] GC(864) ParOldGen: 563652K(563712K)->563668K(563712K)
[460.949s][info][gc,metaspace   ] GC(864) Metaspace: 57521K(57792K)->57521K(57792K) NonClass: 51889K(52096K)->51889K(52096K) Class: 5632K(5696K)->5632K(5696K)
[460.949s][info][gc             ] GC(864) Pause Young (Allocation Failure) 818M->551M(807M) 3.780ms
[460.949s][info][gc,cpu         ] GC(864) User=0.01s Sys=0.00s Real=0.01s
[461.532s][info][gc,start       ] GC(865) Pause Young (Allocation Failure)
[461.538s][info][gc,heap        ] GC(865) PSYoungGen: 262496K(262656K)->3871K(254976K) Eden: 261120K(261120K)->0K(250880K) From: 1376K(1536K)->3871K(4096K)
[461.538s][info][gc,heap        ] GC(865) ParOldGen: 563668K(563712K)->563684K(563712K)
[461.538s][info][gc,metaspace   ] GC(865) Metaspace: 57521K(57792K)->57521K(57792K) NonClass: 51889K(52096K)->51889K(52096K) Class: 5632K(5696K)->5632K(5696K)
[461.538s][info][gc             ] GC(865) Pause Young (Allocation Failure) 806M->554M(799M) 6.374ms
[461.538s][info][gc,cpu         ] GC(865) User=0.01s Sys=0.00s Real=0.01s
[462.110s][info][gc,start       ] GC(866) Pause Young (Allocation Failure)
[462.113s][info][gc,heap        ] GC(866) PSYoungGen: 254751K(254976K)->1065K(242688K) Eden: 250880K(250880K)->0K(241152K) From: 3871K(4096K)->1065K(1536K)
[462.113s][info][gc,heap        ] GC(866) ParOldGen: 563684K(563712K)->563700K(563712K)
[462.113s][info][gc,metaspace   ] GC(866) Metaspace: 57521K(57792K)->57521K(57792K) NonClass: 51889K(52096K)->51889K(52096K) Class: 5632K(5696K)->5632K(5696K)
[462.113s][info][gc             ] GC(866) Pause Young (Allocation Failure) 799M->551M(787M) 3.328ms
[462.113s][info][gc,cpu         ] GC(866) User=0.01s Sys=0.00s Real=0.00s
[462.625s][info][gc,start       ] GC(867) Pause Young (Allocation Failure)
[462.630s][info][gc,heap        ] GC(867) PSYoungGen: 242217K(242688K)->2399K(234496K) Eden: 241152K(241152K)->0K(231936K) From: 1065K(1536K)->2399K(2560K)
[462.630s][info][gc,heap        ] GC(867) ParOldGen: 563700K(563712K)->563716K(564224K)
[462.630s][info][gc,metaspace   ] GC(867) Metaspace: 57521K(57792K)->57521K(57792K) NonClass: 51889K(52096K)->51889K(52096K) Class: 5632K(5696K)->5632K(5696K)
[462.630s][info][gc             ] GC(867) Pause Young (Allocation Failure) 787M->552M(780M) 4.653ms
[462.630s][info][gc,cpu         ] GC(867) User=0.01s Sys=0.00s Real=0.00s
[463.133s][info][gc,start       ] GC(868) Pause Young (Allocation Failure)
[463.138s][info][gc,heap        ] GC(868) PSYoungGen: 234335K(234496K)->2783K(226304K) Eden: 231936K(231936K)->0K(223232K) From: 2399K(2560K)->2783K(3072K)
[463.138s][info][gc,heap        ] GC(868) ParOldGen: 563716K(564224K)->563732K(564224K)
[463.138s][info][gc,metaspace   ] GC(868) Metaspace: 57521K(57792K)->57521K(57792K) NonClass: 51889K(52096K)->51889K(52096K) Class: 5632K(5696K)->5632K(5696K)
[463.138s][info][gc             ] GC(868) Pause Young (Allocation Failure) 779M->553M(772M) 5.124ms
[463.138s][info][gc,cpu         ] GC(868) User=0.01s Sys=0.00s Real=0.01s
[463.627s][info][gc,start       ] GC(869) Pause Young (Allocation Failure)
[463.633s][info][gc,heap        ] GC(869) PSYoungGen: 226015K(226304K)->3200K(218624K) Eden: 223232K(223232K)->0K(215040K) From: 2783K(3072K)->3200K(3584K)
[463.633s][info][gc,heap        ] GC(869) ParOldGen: 563732K(564224K)->563748K(564224K)
[463.633s][info][gc,metaspace   ] GC(869) Metaspace: 57521K(57792K)->57521K(57792K) NonClass: 51889K(52096K)->51889K(52096K) Class: 5632K(5696K)->5632K(5696K)
[463.633s][info][gc             ] GC(869) Pause Young (Allocation Failure) 771M->553M(764M) 5.786ms
[463.633s][info][gc,cpu         ] GC(869) User=0.01s Sys=0.00s Real=0.00s
[464.129s][info][gc,start       ] GC(870) Pause Young (Allocation Failure)
[464.134s][info][gc,heap        ] GC(870) PSYoungGen: 218240K(218624K)->1824K(209408K) Eden: 215040K(215040K)->0K(207360K) From: 3200K(3584K)->1824K(2048K)
[464.134s][info][gc,heap        ] GC(870) ParOldGen: 563748K(564224K)->563764K(564224K)
[464.134s][info][gc,metaspace   ] GC(870) Metaspace: 57521K(57792K)->57521K(57792K) NonClass: 51889K(52096K)->51889K(52096K) Class: 5632K(5696K)->5632K(5696K)
[464.134s][info][gc             ] GC(870) Pause Young (Allocation Failure) 763M->552M(755M) 4.394ms
[464.134s][info][gc,cpu         ] GC(870) User=0.00s Sys=0.00s Real=0.00s
[464.611s][info][gc,start       ] GC(871) Pause Young (Allocation Failure)
[464.614s][info][gc,heap        ] GC(871) PSYoungGen: 209184K(209408K)->1535K(201216K) Eden: 207360K(207360K)->0K(199680K) From: 1824K(2048K)->1535K(1536K)
[464.614s][info][gc,heap        ] GC(871) ParOldGen: 563764K(564224K)->563780K(564224K)
[464.614s][info][gc,metaspace   ] GC(871) Metaspace: 57521K(57792K)->57521K(57792K) NonClass: 51889K(52096K)->51889K(52096K) Class: 5632K(5696K)->5632K(5696K)
[464.615s][info][gc             ] GC(871) Pause Young (Allocation Failure) 754M->552M(747M) 3.822ms
[464.615s][info][gc,cpu         ] GC(871) User=0.00s Sys=0.00s Real=0.00s
[465.099s][info][gc,start       ] GC(872) Pause Young (Allocation Failure)
[465.104s][info][gc,heap        ] GC(872) PSYoungGen: 201215K(201216K)->3039K(195584K) Eden: 199680K(199680K)->0K(192512K) From: 1535K(1536K)->3039K(3072K)
[465.104s][info][gc,heap        ] GC(872) ParOldGen: 563780K(564224K)->563796K(564224K)
[465.104s][info][gc,metaspace   ] GC(872) Metaspace: 57521K(57792K)->57521K(57792K) NonClass: 51889K(52096K)->51889K(52096K) Class: 5632K(5696K)->5632K(5696K)
[465.104s][info][gc             ] GC(872) Pause Young (Allocation Failure) 747M->553M(742M) 5.476ms
[465.104s][info][gc,cpu         ] GC(872) User=0.01s Sys=0.00s Real=0.00s
[465.506s][info][gc,start       ] GC(873) Pause Young (Allocation Failure)
[465.509s][info][gc,heap        ] GC(873) PSYoungGen: 195551K(195584K)->512K(186368K) Eden: 192512K(192512K)->0K(185856K) From: 3039K(3072K)->512K(512K)
[465.509s][info][gc,heap        ] GC(873) ParOldGen: 563796K(564224K)->563812K(564224K)
[465.509s][info][gc,metaspace   ] GC(873) Metaspace: 57521K(57792K)->57521K(57792K) NonClass: 51889K(52096K)->51889K(52096K) Class: 5632K(5696K)->5632K(5696K)
[465.509s][info][gc             ] GC(873) Pause Young (Allocation Failure) 741M->551M(733M) 2.938ms
[465.509s][info][gc,cpu         ] GC(873) User=0.01s Sys=0.00s Real=0.00s
[465.918s][info][gc,start       ] GC(874) Pause Young (Allocation Failure)
[465.921s][info][gc,heap        ] GC(874) PSYoungGen: 186368K(186368K)->1791K(184320K) Eden: 185856K(185856K)->0K(179200K) From: 512K(512K)->1791K(5120K)
[465.921s][info][gc,heap        ] GC(874) ParOldGen: 563812K(564224K)->563828K(564224K)
[465.921s][info][gc,metaspace   ] GC(874) Metaspace: 57521K(57792K)->57521K(57792K) NonClass: 51889K(52096K)->51889K(52096K) Class: 5632K(5696K)->5632K(5696K)
[465.921s][info][gc             ] GC(874) Pause Young (Allocation Failure) 732M->552M(731M) 3.779ms
[465.922s][info][gc,cpu         ] GC(874) User=0.01s Sys=0.00s Real=0.00s
[466.334s][info][gc,start       ] GC(875) Pause Young (Allocation Failure)
[466.338s][info][gc,heap        ] GC(875) PSYoungGen: 180991K(184320K)->1088K(174592K) Eden: 179200K(179200K)->0K(173056K) From: 1791K(5120K)->1088K(1536K)
[466.338s][info][gc,heap        ] GC(875) ParOldGen: 563828K(564224K)->563844K(564224K)
[466.338s][info][gc,metaspace   ] GC(875) Metaspace: 57521K(57792K)->57521K(57792K) NonClass: 51889K(52096K)->51889K(52096K) Class: 5632K(5696K)->5632K(5696K)
[466.338s][info][gc             ] GC(875) Pause Young (Allocation Failure) 727M->551M(721M) 3.535ms
[466.338s][info][gc,cpu         ] GC(875) User=0.00s Sys=0.00s Real=0.01s
[466.718s][info][gc,start       ] GC(876) Pause Young (Allocation Failure)
[466.722s][info][gc,heap        ] GC(876) PSYoungGen: 174144K(174592K)->1983K(168960K) Eden: 173056K(173056K)->0K(166912K) From: 1088K(1536K)->1983K(2048K)
[466.722s][info][gc,heap        ] GC(876) ParOldGen: 563844K(564224K)->563860K(564224K)
[466.722s][info][gc,metaspace   ] GC(876) Metaspace: 57521K(57792K)->57521K(57792K) NonClass: 51889K(52096K)->51889K(52096K) Class: 5632K(5696K)->5632K(5696K)
[466.722s][info][gc             ] GC(876) Pause Young (Allocation Failure) 720M->552M(716M) 3.976ms
[466.722s][info][gc,cpu         ] GC(876) User=0.01s Sys=0.00s Real=0.00s
[467.111s][info][gc,start       ] GC(877) Pause Young (Allocation Failure)
[467.115s][info][gc,heap        ] GC(877) PSYoungGen: 168895K(168960K)->1555K(163328K) Eden: 166912K(166912K)->0K(161280K) From: 1983K(2048K)->1555K(2048K)
[467.115s][info][gc,heap        ] GC(877) ParOldGen: 563860K(564224K)->563876K(564224K)
[467.115s][info][gc,metaspace   ] GC(877) Metaspace: 57521K(57792K)->57521K(57792K) NonClass: 51889K(52096K)->51889K(52096K) Class: 5632K(5696K)->5632K(5696K)
[467.115s][info][gc             ] GC(877) Pause Young (Allocation Failure) 715M->552M(710M) 3.296ms
[467.115s][info][gc,cpu         ] GC(877) User=0.00s Sys=0.00s Real=0.00s
[467.483s][info][gc,start       ] GC(878) Pause Young (Allocation Failure)
[467.486s][info][gc,heap        ] GC(878) PSYoungGen: 162835K(163328K)->1663K(158208K) Eden: 161280K(161280K)->0K(156160K) From: 1555K(2048K)->1663K(2048K)
[467.486s][info][gc,heap        ] GC(878) ParOldGen: 563876K(564224K)->563892K(564224K)
[467.486s][info][gc,metaspace   ] GC(878) Metaspace: 57521K(57792K)->57521K(57792K) NonClass: 51889K(52096K)->51889K(52096K) Class: 5632K(5696K)->5632K(5696K)
[467.486s][info][gc             ] GC(878) Pause Young (Allocation Failure) 709M->552M(705M) 3.718ms
[467.486s][info][gc,cpu         ] GC(878) User=0.01s Sys=0.00s Real=0.01s
[467.819s][info][gc,start       ] GC(879) Pause Young (Allocation Failure)
[467.824s][info][gc,heap        ] GC(879) PSYoungGen: 157585K(158208K)->2336K(188416K) Eden: 155922K(156160K)->0K(185856K) From: 1663K(2048K)->2336K(2560K)
[467.824s][info][gc,heap        ] GC(879) ParOldGen: 563892K(564224K)->563908K(564224K)
[467.824s][info][gc,metaspace   ] GC(879) Metaspace: 57521K(57792K)->57521K(57792K) NonClass: 51889K(52096K)->51889K(52096K) Class: 5632K(5696K)->5632K(5696K)
[467.824s][info][gc             ] GC(879) Pause Young (Allocation Failure) 704M->552M(735M) 4.623ms
[467.824s][info][gc,cpu         ] GC(879) User=0.00s Sys=0.00s Real=0.00s
[468.230s][info][gc,start       ] GC(880) Pause Young (Allocation Failure)
[468.235s][info][gc,heap        ] GC(880) PSYoungGen: 188192K(188416K)->2752K(224256K) Eden: 185856K(185856K)->0K(221184K) From: 2336K(2560K)->2752K(3072K)
[468.235s][info][gc,heap        ] GC(880) ParOldGen: 563908K(564224K)->563924K(564224K)
[468.235s][info][gc,metaspace   ] GC(880) Metaspace: 57521K(57792K)->57521K(57792K) NonClass: 51889K(52096K)->51889K(52096K) Class: 5632K(5696K)->5632K(5696K)
[468.235s][info][gc             ] GC(880) Pause Young (Allocation Failure) 734M->553M(770M) 5.540ms
[468.235s][info][gc,cpu         ] GC(880) User=0.01s Sys=0.00s Real=0.01s
[468.724s][info][gc,start       ] GC(881) Pause Young (Allocation Failure)
[468.729s][info][gc,heap        ] GC(881) PSYoungGen: 223936K(224256K)->2912K(236544K) Eden: 221184K(221184K)->0K(233472K) From: 2752K(3072K)->2912K(3072K)
[468.729s][info][gc,heap        ] GC(881) ParOldGen: 563924K(564224K)->563940K(564224K)
[468.729s][info][gc,metaspace   ] GC(881) Metaspace: 57521K(57792K)->57521K(57792K) NonClass: 51889K(52096K)->51889K(52096K) Class: 5632K(5696K)->5632K(5696K)
[468.729s][info][gc             ] GC(881) Pause Young (Allocation Failure) 769M->553M(782M) 5.544ms
[468.729s][info][gc,cpu         ] GC(881) User=0.01s Sys=0.00s Real=0.01s
[469.360s][info][gc,start       ] GC(882) Pause Young (Allocation Failure)
[469.364s][info][gc,heap        ] GC(882) PSYoungGen: 236257K(236544K)->1504K(226304K) Eden: 233345K(233472K)->0K(224768K) From: 2912K(3072K)->1504K(1536K)
[469.364s][info][gc,heap        ] GC(882) ParOldGen: 563940K(564224K)->563956K(564224K)
[469.364s][info][gc,metaspace   ] GC(882) Metaspace: 57521K(57792K)->57521K(57792K) NonClass: 51889K(52096K)->51889K(52096K) Class: 5632K(5696K)->5632K(5696K)
[469.364s][info][gc             ] GC(882) Pause Young (Allocation Failure) 781M->552M(772M) 4.127ms
[469.364s][info][gc,cpu         ] GC(882) User=0.01s Sys=0.00s Real=0.00s
[469.852s][info][gc,start       ] GC(883) Pause Young (Allocation Failure)
[469.855s][info][gc,heap        ] GC(883) PSYoungGen: 226221K(226304K)->960K(217600K) Eden: 224717K(224768K)->0K(216576K) From: 1504K(1536K)->960K(1024K)
[469.855s][info][gc,heap        ] GC(883) ParOldGen: 563956K(564224K)->563972K(564224K)
[469.855s][info][gc,metaspace   ] GC(883) Metaspace: 57521K(57792K)->57521K(57792K) NonClass: 51889K(52096K)->51889K(52096K) Class: 5632K(5696K)->5632K(5696K)
[469.856s][info][gc             ] GC(883) Pause Young (Allocation Failure) 771M->551M(763M) 3.223ms
[469.856s][info][gc,cpu         ] GC(883) User=0.00s Sys=0.00s Real=0.01s
[470.338s][info][gc,start       ] GC(884) Pause Young (Allocation Failure)
[470.343s][info][gc,heap        ] GC(884) PSYoungGen: 217536K(217600K)->2399K(213504K) Eden: 216576K(216576K)->0K(208896K) From: 960K(1024K)->2399K(4608K)
[470.343s][info][gc,heap        ] GC(884) ParOldGen: 563972K(564224K)->563988K(564224K)
[470.343s][info][gc,metaspace   ] GC(884) Metaspace: 57521K(57792K)->57521K(57792K) NonClass: 51889K(52096K)->51889K(52096K) Class: 5632K(5696K)->5632K(5696K)
[470.343s][info][gc             ] GC(884) Pause Young (Allocation Failure) 763M->553M(759M) 4.608ms
[470.343s][info][gc,cpu         ] GC(884) User=0.01s Sys=0.00s Real=0.00s
[470.828s][info][gc,start       ] GC(885) Pause Young (Allocation Failure)
[470.832s][info][gc,heap        ] GC(885) PSYoungGen: 211295K(213504K)->2495K(203776K) Eden: 208896K(208896K)->0K(201216K) From: 2399K(4608K)->2495K(2560K)
[470.832s][info][gc,heap        ] GC(885) ParOldGen: 563988K(564224K)->564004K(564224K)
[470.832s][info][gc,metaspace   ] GC(885) Metaspace: 57521K(57792K)->57521K(57792K) NonClass: 51889K(52096K)->51889K(52096K) Class: 5632K(5696K)->5632K(5696K)
[470.832s][info][gc             ] GC(885) Pause Young (Allocation Failure) 757M->553M(750M) 4.676ms
[470.832s][info][gc,cpu         ] GC(885) User=0.01s Sys=0.00s Real=0.00s
[471.310s][info][gc,start       ] GC(886) Pause Young (Allocation Failure)
[471.313s][info][gc,heap        ] GC(886) PSYoungGen: 203711K(203776K)->1119K(195584K) Eden: 201216K(201216K)->0K(194048K) From: 2495K(2560K)->1119K(1536K)
[471.313s][info][gc,heap        ] GC(886) ParOldGen: 564004K(564224K)->564020K(564224K)
[471.313s][info][gc,metaspace   ] GC(886) Metaspace: 57521K(57792K)->57521K(57792K) NonClass: 51889K(52096K)->51889K(52096K) Class: 5632K(5696K)->5632K(5696K)
[471.313s][info][gc             ] GC(886) Pause Young (Allocation Failure) 749M->551M(742M) 2.984ms
[471.313s][info][gc,cpu         ] GC(886) User=0.01s Sys=0.00s Real=0.00s
[471.725s][info][gc,start       ] GC(887) Pause Young (Allocation Failure)
[471.729s][info][gc,heap        ] GC(887) PSYoungGen: 195167K(195584K)->2495K(189952K) Eden: 194048K(194048K)->0K(187392K) From: 1119K(1536K)->2495K(2560K)
[471.729s][info][gc,heap        ] GC(887) ParOldGen: 564020K(564224K)->564036K(564224K)
[471.729s][info][gc,metaspace   ] GC(887) Metaspace: 57521K(57792K)->57521K(57792K) NonClass: 51889K(52096K)->51889K(52096K) Class: 5632K(5696K)->5632K(5696K)
[471.729s][info][gc             ] GC(887) Pause Young (Allocation Failure) 741M->553M(736M) 4.671ms
[471.729s][info][gc,cpu         ] GC(887) User=0.01s Sys=0.01s Real=0.01s
[472.133s][info][gc,start       ] GC(888) Pause Young (Allocation Failure)
[472.137s][info][gc,heap        ] GC(888) PSYoungGen: 189887K(189952K)->2304K(183296K) Eden: 187392K(187392K)->0K(180736K) From: 2495K(2560K)->2304K(2560K)
[472.137s][info][gc,heap        ] GC(888) ParOldGen: 564036K(564224K)->564052K(564224K)
[472.137s][info][gc,metaspace   ] GC(888) Metaspace: 57521K(57792K)->57521K(57792K) NonClass: 51889K(52096K)->51889K(52096K) Class: 5632K(5696K)->5632K(5696K)
[472.137s][info][gc             ] GC(888) Pause Young (Allocation Failure) 736M->553M(730M) 4.829ms
[472.137s][info][gc,cpu         ] GC(888) User=0.01s Sys=0.00s Real=0.01s
[472.640s][info][gc,start       ] GC(889) Pause Young (Allocation Failure)
[472.645s][info][gc,heap        ] GC(889) PSYoungGen: 182791K(183296K)->2176K(177152K) Eden: 180487K(180736K)->0K(174592K) From: 2304K(2560K)->2176K(2560K)
[472.645s][info][gc,heap        ] GC(889) ParOldGen: 564052K(564224K)->564068K(564224K)
[472.645s][info][gc,metaspace   ] GC(889) Metaspace: 57521K(57792K)->57521K(57792K) NonClass: 51889K(52096K)->51889K(52096K) Class: 5632K(5696K)->5632K(5696K)
[472.645s][info][gc             ] GC(889) Pause Young (Allocation Failure) 729M->552M(724M) 4.738ms
[472.645s][info][gc,cpu         ] GC(889) User=0.01s Sys=0.00s Real=0.00s
[472.937s][info][gc,start       ] GC(890) Pause Young (Allocation Failure)
[472.942s][info][gc,heap        ] GC(890) PSYoungGen: 176768K(177152K)->2559K(210944K) Eden: 174592K(174592K)->0K(208384K) From: 2176K(2560K)->2559K(2560K)
[472.942s][info][gc,heap        ] GC(890) ParOldGen: 564068K(564224K)->564084K(564224K)
[472.942s][info][gc,metaspace   ] GC(890) Metaspace: 57521K(57792K)->57521K(57792K) NonClass: 51889K(52096K)->51889K(52096K) Class: 5632K(5696K)->5632K(5696K)
[472.942s][info][gc             ] GC(890) Pause Young (Allocation Failure) 723M->553M(757M) 4.708ms
[472.942s][info][gc,cpu         ] GC(890) User=0.00s Sys=0.00s Real=0.00s
[473.431s][info][gc,start       ] GC(891) Pause Young (Allocation Failure)
[473.437s][info][gc,heap        ] GC(891) PSYoungGen: 210943K(210944K)->2624K(221184K) Eden: 208384K(208384K)->0K(217600K) From: 2559K(2560K)->2624K(3584K)
[473.437s][info][gc,heap        ] GC(891) ParOldGen: 564084K(564224K)->564100K(564224K)
[473.437s][info][gc,metaspace   ] GC(891) Metaspace: 57521K(57792K)->57521K(57792K) NonClass: 51889K(52096K)->51889K(52096K) Class: 5632K(5696K)->5632K(5696K)
[473.437s][info][gc             ] GC(891) Pause Young (Allocation Failure) 756M->553M(767M) 6.726ms
[473.437s][info][gc,cpu         ] GC(891) User=0.01s Sys=0.00s Real=0.01s
[473.926s][info][gc,start       ] GC(892) Pause Young (Allocation Failure)
[473.936s][info][gc,heap        ] GC(892) PSYoungGen: 220224K(221184K)->2847K(221696K) Eden: 217600K(217600K)->0K(217600K) From: 2624K(3584K)->2847K(4096K)
[473.936s][info][gc,heap        ] GC(892) ParOldGen: 564100K(564224K)->564116K(564224K)
[473.936s][info][gc,metaspace   ] GC(892) Metaspace: 57521K(57792K)->57521K(57792K) NonClass: 51889K(52096K)->51889K(52096K) Class: 5632K(5696K)->5632K(5696K)
[473.936s][info][gc             ] GC(892) Pause Young (Allocation Failure) 765M->553M(767M) 9.824ms
[473.936s][info][gc,cpu         ] GC(892) User=0.01s Sys=0.00s Real=0.01s
[474.416s][info][gc,start       ] GC(893) Pause Young (Allocation Failure)
[474.423s][info][gc,heap        ] GC(893) PSYoungGen: 220447K(221696K)->2143K(263680K) Eden: 217600K(217600K)->0K(259584K) From: 2847K(4096K)->2143K(4096K)
[474.423s][info][gc,heap        ] GC(893) ParOldGen: 564116K(564224K)->564132K(564224K)
[474.423s][info][gc,metaspace   ] GC(893) Metaspace: 57521K(57792K)->57521K(57792K) NonClass: 51889K(52096K)->51889K(52096K) Class: 5632K(5696K)->5632K(5696K)
[474.423s][info][gc             ] GC(893) Pause Young (Allocation Failure) 766M->553M(808M) 6.502ms
[474.423s][info][gc,cpu         ] GC(893) User=0.00s Sys=0.00s Real=0.00s
[475.023s][info][gc,start       ] GC(894) Pause Young (Allocation Failure)
[475.028s][info][gc,heap        ] GC(894) PSYoungGen: 261445K(263680K)->1024K(263680K) Eden: 259302K(259584K)->0K(259584K) From: 2143K(4096K)->1024K(4096K)
[475.028s][info][gc,heap        ] GC(894) ParOldGen: 564132K(564224K)->564148K(564224K)
[475.028s][info][gc,metaspace   ] GC(894) Metaspace: 57521K(57792K)->57521K(57792K) NonClass: 51889K(52096K)->51889K(52096K) Class: 5632K(5696K)->5632K(5696K)
[475.028s][info][gc             ] GC(894) Pause Young (Allocation Failure) 806M->551M(808M) 4.737ms
[475.028s][info][gc,cpu         ] GC(894) User=0.01s Sys=0.00s Real=0.01s
[475.611s][info][gc,start       ] GC(895) Pause Young (Allocation Failure)
[475.616s][info][gc,heap        ] GC(895) PSYoungGen: 260608K(263680K)->1854K(313344K) Eden: 259584K(259584K)->0K(309248K) From: 1024K(4096K)->1854K(4096K)
[475.616s][info][gc,heap        ] GC(895) ParOldGen: 564148K(564224K)->564164K(564224K)
[475.616s][info][gc,metaspace   ] GC(895) Metaspace: 57521K(57792K)->57521K(57792K) NonClass: 51889K(52096K)->51889K(52096K) Class: 5632K(5696K)->5632K(5696K)
[475.616s][info][gc             ] GC(895) Pause Young (Allocation Failure) 805M->552M(857M) 4.380ms
[475.616s][info][gc,cpu         ] GC(895) User=0.00s Sys=0.00s Real=0.01s
[476.373s][info][gc,start       ] GC(896) Pause Young (Allocation Failure)
[476.376s][info][gc,heap        ] GC(896) PSYoungGen: 311102K(313344K)->1319K(298496K) Eden: 309248K(309248K)->0K(296960K) From: 1854K(4096K)->1319K(1536K)
[476.376s][info][gc,heap        ] GC(896) ParOldGen: 564164K(564224K)->564180K(564224K)
[476.376s][info][gc,metaspace   ] GC(896) Metaspace: 57521K(57792K)->57521K(57792K) NonClass: 51889K(52096K)->51889K(52096K) Class: 5632K(5696K)->5632K(5696K)
[476.376s][info][gc             ] GC(896) Pause Young (Allocation Failure) 854M->552M(842M) 3.625ms
[476.376s][info][gc,cpu         ] GC(896) User=0.01s Sys=0.00s Real=0.01s
[476.943s][info][gc,start       ] GC(897) Pause Young (Allocation Failure)
[476.948s][info][gc,heap        ] GC(897) PSYoungGen: 298010K(298496K)->2015K(287232K) Eden: 296690K(296960K)->0K(285184K) From: 1319K(1536K)->2015K(2048K)
[476.948s][info][gc,heap        ] GC(897) ParOldGen: 564180K(564224K)->564196K(564224K)
[476.948s][info][gc,metaspace   ] GC(897) Metaspace: 57521K(57792K)->57521K(57792K) NonClass: 51889K(52096K)->51889K(52096K) Class: 5632K(5696K)->5632K(5696K)
[476.948s][info][gc             ] GC(897) Pause Young (Allocation Failure) 841M->552M(831M) 5.004ms
[476.948s][info][gc,cpu         ] GC(897) User=0.01s Sys=0.00s Real=0.01s
[477.614s][info][gc,start       ] GC(898) Pause Young (Allocation Failure)
[477.618s][info][gc,heap        ] GC(898) PSYoungGen: 287199K(287232K)->1378K(275456K) Eden: 285184K(285184K)->0K(273920K) From: 2015K(2048K)->1378K(1536K)
[477.618s][info][gc,heap        ] GC(898) ParOldGen: 564196K(564224K)->564212K(564224K)
[477.618s][info][gc,metaspace   ] GC(898) Metaspace: 57521K(57792K)->57521K(57792K) NonClass: 51889K(52096K)->51889K(52096K) Class: 5632K(5696K)->5632K(5696K)
[477.618s][info][gc             ] GC(898) Pause Young (Allocation Failure) 831M->552M(820M) 3.723ms
[477.618s][info][gc,cpu         ] GC(898) User=0.01s Sys=0.00s Real=0.01s
[478.221s][info][gc,start       ] GC(899) Pause Young (Allocation Failure)
[478.226s][info][gc,heap        ] GC(899) PSYoungGen: 275298K(275456K)->2655K(266240K) Eden: 273920K(273920K)->0K(263168K) From: 1378K(1536K)->2655K(3072K)
[478.226s][info][gc,heap        ] GC(899) ParOldGen: 564212K(564224K)->564228K(564736K)
[478.226s][info][gc,metaspace   ] GC(899) Metaspace: 57521K(57792K)->57521K(57792K) NonClass: 51889K(52096K)->51889K(52096K) Class: 5632K(5696K)->5632K(5696K)
[478.226s][info][gc             ] GC(899) Pause Young (Allocation Failure) 819M->553M(811M) 5.485ms
[478.226s][info][gc,cpu         ] GC(899) User=0.01s Sys=0.01s Real=0.01s
[478.819s][info][gc,start       ] GC(900) Pause Young (Allocation Failure)
[478.825s][info][gc,heap        ] GC(900) PSYoungGen: 265823K(266240K)->2687K(256000K) Eden: 263168K(263168K)->0K(252928K) From: 2655K(3072K)->2687K(3072K)
[478.825s][info][gc,heap        ] GC(900) ParOldGen: 564228K(564736K)->564244K(564736K)
[478.825s][info][gc,metaspace   ] GC(900) Metaspace: 57521K(57792K)->57521K(57792K) NonClass: 51889K(52096K)->51889K(52096K) Class: 5632K(5696K)->5632K(5696K)
[478.825s][info][gc             ] GC(900) Pause Young (Allocation Failure) 810M->553M(801M) 5.305ms
[478.825s][info][gc,cpu         ] GC(900) User=0.01s Sys=0.00s Real=0.00s
[479.411s][info][gc,start       ] GC(901) Pause Young (Allocation Failure)
[479.414s][info][gc,heap        ] GC(901) PSYoungGen: 255615K(256000K)->1375K(244736K) Eden: 252928K(252928K)->0K(243200K) From: 2687K(3072K)->1375K(1536K)
[479.414s][info][gc,heap        ] GC(901) ParOldGen: 564244K(564736K)->564260K(564736K)
[479.414s][info][gc,metaspace   ] GC(901) Metaspace: 57521K(57792K)->57521K(57792K) NonClass: 51889K(52096K)->51889K(52096K) Class: 5632K(5696K)->5632K(5696K)
[479.414s][info][gc             ] GC(901) Pause Young (Allocation Failure) 800M->552M(790M) 3.259ms
[479.414s][info][gc,cpu         ] GC(901) User=0.00s Sys=0.00s Real=0.00s
[479.929s][info][gc,start       ] GC(902) Pause Young (Allocation Failure)
[479.934s][info][gc,heap        ] GC(902) PSYoungGen: 244575K(244736K)->3391K(237568K) Eden: 243200K(243200K)->0K(233984K) From: 1375K(1536K)->3391K(3584K)
[479.935s][info][gc,heap        ] GC(902) ParOldGen: 564260K(564736K)->564276K(564736K)
[479.935s][info][gc,metaspace   ] GC(902) Metaspace: 57521K(57792K)->57521K(57792K) NonClass: 51889K(52096K)->51889K(52096K) Class: 5632K(5696K)->5632K(5696K)
[479.935s][info][gc             ] GC(902) Pause Young (Allocation Failure) 789M->554M(783M) 5.853ms
[479.935s][info][gc,cpu         ] GC(902) User=0.01s Sys=0.00s Real=0.00s
[480.553s][info][gc,start       ] GC(903) Pause Young (Allocation Failure)
[480.555s][info][gc,heap        ] GC(903) PSYoungGen: 237311K(237568K)->320K(225792K) Eden: 233920K(233984K)->0K(225280K) From: 3391K(3584K)->320K(512K)
[480.555s][info][gc,heap        ] GC(903) ParOldGen: 564276K(564736K)->564292K(564736K)
[480.555s][info][gc,metaspace   ] GC(903) Metaspace: 57521K(57792K)->57521K(57792K) NonClass: 51889K(52096K)->51889K(52096K) Class: 5632K(5696K)->5632K(5696K)
[480.556s][info][gc             ] GC(903) Pause Young (Allocation Failure) 782M->551M(772M) 2.720ms
[480.556s][info][gc,cpu         ] GC(903) User=0.01s Sys=0.01s Real=0.01s
[481.111s][info][gc,start       ] GC(904) Pause Young (Allocation Failure)
[481.114s][info][gc,heap        ] GC(904) PSYoungGen: 225600K(225792K)->1151K(221184K) Eden: 225280K(225280K)->0K(217088K) From: 320K(512K)->1151K(4096K)
[481.114s][info][gc,heap        ] GC(904) ParOldGen: 564292K(564736K)->564308K(564736K)
[481.114s][info][gc,metaspace   ] GC(904) Metaspace: 57521K(57792K)->57521K(57792K) NonClass: 51889K(52096K)->51889K(52096K) Class: 5632K(5696K)->5632K(5696K)
[481.114s][info][gc             ] GC(904) Pause Young (Allocation Failure) 771M->552M(767M) 2.980ms
[481.114s][info][gc,cpu         ] GC(904) User=0.01s Sys=0.00s Real=0.00s
[481.605s][info][gc,start       ] GC(905) Pause Young (Allocation Failure)
[481.607s][info][gc,heap        ] GC(905) PSYoungGen: 218239K(221184K)->320K(209920K) Eden: 217088K(217088K)->0K(209408K) From: 1151K(4096K)->320K(512K)
[481.607s][info][gc,heap        ] GC(905) ParOldGen: 564308K(564736K)->564324K(564736K)
[481.607s][info][gc,metaspace   ] GC(905) Metaspace: 57521K(57792K)->57521K(57792K) NonClass: 51889K(52096K)->51889K(52096K) Class: 5632K(5696K)->5632K(5696K)
[481.608s][info][gc             ] GC(905) Pause Young (Allocation Failure) 764M->551M(756M) 2.557ms
[481.608s][info][gc,cpu         ] GC(905) User=0.00s Sys=0.00s Real=0.01s
[482.036s][info][gc,start       ] GC(906) Pause Young (Allocation Failure)
[482.041s][info][gc,heap        ] GC(906) PSYoungGen: 209626K(209920K)->2783K(204800K) Eden: 209306K(209408K)->0K(201728K) From: 320K(512K)->2783K(3072K)
[482.041s][info][gc,heap        ] GC(906) ParOldGen: 564324K(564736K)->564340K(564736K)
[482.041s][info][gc,metaspace   ] GC(906) Metaspace: 57521K(57792K)->57521K(57792K) NonClass: 51889K(52096K)->51889K(52096K) Class: 5632K(5696K)->5632K(5696K)
[482.041s][info][gc             ] GC(906) Pause Young (Allocation Failure) 755M->553M(751M) 5.023ms
[482.041s][info][gc,cpu         ] GC(906) User=0.00s Sys=0.00s Real=0.00s
[482.524s][info][gc,start       ] GC(907) Pause Young (Allocation Failure)
[482.528s][info][gc,heap        ] GC(907) PSYoungGen: 204511K(204800K)->1631K(196608K) Eden: 201728K(201728K)->0K(194560K) From: 2783K(3072K)->1631K(2048K)
[482.528s][info][gc,heap        ] GC(907) ParOldGen: 564340K(564736K)->564356K(564736K)
[482.528s][info][gc,metaspace   ] GC(907) Metaspace: 57521K(57792K)->57521K(57792K) NonClass: 51889K(52096K)->51889K(52096K) Class: 5632K(5696K)->5632K(5696K)
[482.528s][info][gc             ] GC(907) Pause Young (Allocation Failure) 750M->552M(743M) 3.773ms
[482.528s][info][gc,cpu         ] GC(907) User=0.00s Sys=0.00s Real=0.01s
[482.926s][info][gc,start       ] GC(908) Pause Young (Allocation Failure)
[482.931s][info][gc,heap        ] GC(908) PSYoungGen: 196099K(196608K)->2496K(190464K) Eden: 194467K(194560K)->0K(187904K) From: 1631K(2048K)->2496K(2560K)
[482.931s][info][gc,heap        ] GC(908) ParOldGen: 564356K(564736K)->564372K(564736K)
[482.931s][info][gc,metaspace   ] GC(908) Metaspace: 57521K(57792K)->57521K(57792K) NonClass: 51889K(52096K)->51889K(52096K) Class: 5632K(5696K)->5632K(5696K)
[482.931s][info][gc             ] GC(908) Pause Young (Allocation Failure) 742M->553M(737M) 5.053ms
[482.931s][info][gc,cpu         ] GC(908) User=0.01s Sys=0.00s Real=0.00s
[483.339s][info][gc,start       ] GC(909) Pause Young (Allocation Failure)
[483.344s][info][gc,heap        ] GC(909) PSYoungGen: 190155K(190464K)->2176K(183808K) Eden: 187659K(187904K)->0K(181248K) From: 2496K(2560K)->2176K(2560K)
[483.344s][info][gc,heap        ] GC(909) ParOldGen: 564372K(564736K)->564388K(564736K)
[483.344s][info][gc,metaspace   ] GC(909) Metaspace: 57521K(57792K)->57521K(57792K) NonClass: 51889K(52096K)->51889K(52096K) Class: 5632K(5696K)->5632K(5696K)
[483.344s][info][gc             ] GC(909) Pause Young (Allocation Failure) 736M->553M(731M) 4.875ms
[483.344s][info][gc,cpu         ] GC(909) User=0.01s Sys=0.00s Real=0.00s
[483.747s][info][gc,start       ] GC(910) Pause Young (Allocation Failure)
[483.751s][info][gc,heap        ] GC(910) PSYoungGen: 183337K(183808K)->1472K(176640K) Eden: 181161K(181248K)->0K(175104K) From: 2176K(2560K)->1472K(1536K)
[483.751s][info][gc,heap        ] GC(910) ParOldGen: 564388K(564736K)->564404K(564736K)
[483.751s][info][gc,metaspace   ] GC(910) Metaspace: 57521K(57792K)->57521K(57792K) NonClass: 51889K(52096K)->51889K(52096K) Class: 5632K(5696K)->5632K(5696K)
[483.751s][info][gc             ] GC(910) Pause Young (Allocation Failure) 730M->552M(724M) 3.960ms
[483.751s][info][gc,cpu         ] GC(910) User=0.01s Sys=0.00s Real=0.00s
[484.144s][info][gc,start       ] GC(911) Pause Young (Allocation Failure)
[484.148s][info][gc,heap        ] GC(911) PSYoungGen: 176576K(176640K)->1344K(170496K) Eden: 175104K(175104K)->0K(168960K) From: 1472K(1536K)->1344K(1536K)
[484.148s][info][gc,heap        ] GC(911) ParOldGen: 564404K(564736K)->564420K(564736K)
[484.148s][info][gc,metaspace   ] GC(911) Metaspace: 57521K(57792K)->57521K(57792K) NonClass: 51889K(52096K)->51889K(52096K) Class: 5632K(5696K)->5632K(5696K)
[484.148s][info][gc             ] GC(911) Pause Young (Allocation Failure) 723M->552M(718M) 3.734ms
[484.148s][info][gc,cpu         ] GC(911) User=0.00s Sys=0.00s Real=0.01s
[484.533s][info][gc,start       ] GC(912) Pause Young (Allocation Failure)
[484.538s][info][gc,heap        ] GC(912) PSYoungGen: 170304K(170496K)->2303K(203776K) Eden: 168960K(168960K)->0K(201216K) From: 1344K(1536K)->2303K(2560K)
[484.538s][info][gc,heap        ] GC(912) ParOldGen: 564420K(564736K)->564436K(564736K)
[484.538s][info][gc,metaspace   ] GC(912) Metaspace: 57521K(57792K)->57521K(57792K) NonClass: 51889K(52096K)->51889K(52096K) Class: 5632K(5696K)->5632K(5696K)
[484.538s][info][gc             ] GC(912) Pause Young (Allocation Failure) 717M->553M(750M) 5.771ms
[484.538s][info][gc,cpu         ] GC(912) User=0.01s Sys=0.00s Real=0.01s
[485.011s][info][gc,start       ] GC(913) Pause Young (Allocation Failure)
[485.015s][info][gc,heap        ] GC(913) PSYoungGen: 203519K(203776K)->1082K(195584K) Eden: 201216K(201216K)->0K(194048K) From: 2303K(2560K)->1082K(1536K)
[485.015s][info][gc,heap        ] GC(913) ParOldGen: 564436K(564736K)->564452K(564736K)
[485.015s][info][gc,metaspace   ] GC(913) Metaspace: 57521K(57792K)->57521K(57792K) NonClass: 51889K(52096K)->51889K(52096K) Class: 5632K(5696K)->5632K(5696K)
[485.015s][info][gc             ] GC(913) Pause Young (Allocation Failure) 749M->552M(742M) 3.209ms
[485.015s][info][gc,cpu         ] GC(913) User=0.00s Sys=0.00s Real=0.00s
[485.422s][info][gc,start       ] GC(914) Pause Young (Allocation Failure)
[485.427s][info][gc,heap        ] GC(914) PSYoungGen: 195130K(195584K)->2943K(233984K) Eden: 194048K(194048K)->0K(230912K) From: 1082K(1536K)->2943K(3072K)
[485.427s][info][gc,heap        ] GC(914) ParOldGen: 564452K(564736K)->564468K(564736K)
[485.427s][info][gc,metaspace   ] GC(914) Metaspace: 57521K(57792K)->57521K(57792K) NonClass: 51889K(52096K)->51889K(52096K) Class: 5632K(5696K)->5632K(5696K)
[485.427s][info][gc             ] GC(914) Pause Young (Allocation Failure) 741M->554M(780M) 5.077ms
[485.427s][info][gc,cpu         ] GC(914) User=0.01s Sys=0.01s Real=0.01s
[486.987s][info][gc,start       ] GC(915) Pause Young (Allocation Failure)
[486.989s][info][gc,heap        ] GC(915) PSYoungGen: 199338K(233984K)->64K(222720K) Eden: 196395K(230912K)->0K(222208K) From: 2943K(3072K)->64K(512K)
[486.989s][info][gc,heap        ] GC(915) ParOldGen: 564468K(564736K)->564484K(564736K)
[486.989s][info][gc,metaspace   ] GC(915) Metaspace: 57524K(57792K)->57524K(57792K) NonClass: 51892K(52096K)->51892K(52096K) Class: 5632K(5696K)->5632K(5696K)
[486.989s][info][gc             ] GC(915) Pause Young (Allocation Failure) 745M->551M(769M) 2.423ms
[486.989s][info][gc,cpu         ] GC(915) User=0.00s Sys=0.00s Real=0.00s
[488.458s][info][gc,start       ] GC(916) Pause Young (Allocation Failure)
[488.526s][info][gc,heap        ] GC(916) PSYoungGen: 222272K(222720K)->4072K(269312K) Eden: 222208K(222208K)->0K(265216K) From: 64K(512K)->4072K(4096K)
[488.526s][info][gc,heap        ] GC(916) ParOldGen: 564484K(564736K)->654836K(655360K)
[488.526s][info][gc,metaspace   ] GC(916) Metaspace: 57705K(57984K)->57705K(57984K) NonClass: 52073K(52288K)->52073K(52288K) Class: 5632K(5696K)->5632K(5696K)
[488.527s][info][gc             ] GC(916) Pause Young (Allocation Failure) 768M->643M(903M) 68.919ms
[488.527s][info][gc,cpu         ] GC(916) User=0.08s Sys=0.06s Real=0.07s
[489.009s][info][gc,start       ] GC(917) Pause Full (Allocation Failure)
[489.009s][info][gc,phases,start] GC(917) Marking Phase
[489.046s][info][gc,phases      ] GC(917) Marking Phase 37.009ms
[489.046s][info][gc,phases,start] GC(917) Summary Phase
[489.046s][info][gc,phases      ] GC(917) Summary Phase 0.031ms
[489.046s][info][gc,phases,start] GC(917) Forward
[489.049s][info][gc,phases      ] GC(917) Forward 3.202ms
[489.049s][info][gc,phases,start] GC(917) Adjust Pointers
[489.070s][info][gc,phases      ] GC(917) Adjust Pointers 20.125ms
[489.070s][info][gc,phases,start] GC(917) Compaction Phase
[489.087s][info][gc,phases      ] GC(917) Compaction Phase 17.472ms
[489.087s][info][gc,phases,start] GC(917) Post Compact
[489.090s][info][gc,phases      ] GC(917) Post Compact 2.777ms
[489.112s][info][gc,heap        ] GC(917) PSYoungGen: 269288K(269312K)->0K(295424K) Eden: 265216K(265216K)->0K(257024K) From: 4072K(4096K)->0K(38400K)
[489.112s][info][gc,heap        ] GC(917) ParOldGen: 654836K(655360K)->282243K(388096K)
[489.112s][info][gc,metaspace   ] GC(917) Metaspace: 57705K(57984K)->57705K(57984K) NonClass: 52073K(52288K)->52073K(52288K) Class: 5632K(5696K)->5632K(5696K)
[489.112s][info][gc             ] GC(917) Pause Full (Allocation Failure) 902M->275M(667M) 103.442ms
[489.112s][info][gc,cpu         ] GC(917) User=0.12s Sys=0.03s Real=0.10s
[489.553s][info][gc,start       ] GC(918) Pause Young (Allocation Failure)
[489.555s][info][gc,heap        ] GC(918) PSYoungGen: 257024K(295424K)->1629K(259072K) Eden: 257024K(257024K)->0K(257024K) From: 0K(38400K)->1629K(2048K)
[489.556s][info][gc,heap        ] GC(918) ParOldGen: 282243K(388096K)->282243K(388096K)
[489.556s][info][gc,metaspace   ] GC(918) Metaspace: 57705K(57984K)->57705K(57984K) NonClass: 52073K(52288K)->52073K(52288K) Class: 5632K(5696K)->5632K(5696K)
[489.556s][info][gc             ] GC(918) Pause Young (Allocation Failure) 526M->277M(632M) 3.012ms
[489.556s][info][gc,cpu         ] GC(918) User=0.00s Sys=0.00s Real=0.01s
[490.131s][info][gc,start       ] GC(919) Pause Young (Allocation Failure)
[490.137s][info][gc,heap        ] GC(919) PSYoungGen: 258653K(259072K)->3007K(295936K) Eden: 257024K(257024K)->0K(258560K) From: 1629K(2048K)->3007K(37376K)
[490.137s][info][gc,heap        ] GC(919) ParOldGen: 282243K(388096K)->282474K(388096K)
[490.137s][info][gc,metaspace   ] GC(919) Metaspace: 57705K(57984K)->57705K(57984K) NonClass: 52073K(52288K)->52073K(52288K) Class: 5632K(5696K)->5632K(5696K)
[490.137s][info][gc             ] GC(919) Pause Young (Allocation Failure) 528M->278M(668M) 5.857ms
[490.137s][info][gc,cpu         ] GC(919) User=0.01s Sys=0.00s Real=0.01s
[490.728s][info][gc,start       ] GC(920) Pause Young (Allocation Failure)
[490.733s][info][gc,heap        ] GC(920) PSYoungGen: 261567K(295936K)->2912K(294400K) Eden: 258560K(258560K)->0K(258560K) From: 3007K(37376K)->2912K(35840K)
[490.733s][info][gc,heap        ] GC(920) ParOldGen: 282474K(388096K)->282490K(388096K)
[490.733s][info][gc,metaspace   ] GC(920) Metaspace: 57705K(57984K)->57705K(57984K) NonClass: 52073K(52288K)->52073K(52288K) Class: 5632K(5696K)->5632K(5696K)
[490.733s][info][gc             ] GC(920) Pause Young (Allocation Failure) 531M->278M(666M) 4.819ms
[490.733s][info][gc,cpu         ] GC(920) User=0.01s Sys=0.00s Real=0.00s
[491.326s][info][gc,start       ] GC(921) Pause Young (Allocation Failure)
[491.331s][info][gc,heap        ] GC(921) PSYoungGen: 261472K(294400K)->3294K(296448K) Eden: 258560K(258560K)->0K(262144K) From: 2912K(35840K)->3294K(34304K)
[491.331s][info][gc,heap        ] GC(921) ParOldGen: 282490K(388096K)->282506K(388096K)
[491.331s][info][gc,metaspace   ] GC(921) Metaspace: 57705K(57984K)->57705K(57984K) NonClass: 52073K(52288K)->52073K(52288K) Class: 5632K(5696K)->5632K(5696K)
[491.331s][info][gc             ] GC(921) Pause Young (Allocation Failure) 531M->279M(668M) 4.835ms
[491.331s][info][gc,cpu         ] GC(921) User=0.01s Sys=0.00s Real=0.00s
[491.923s][info][gc,start       ] GC(922) Pause Young (Allocation Failure)
[491.927s][info][gc,heap        ] GC(922) PSYoungGen: 265438K(296448K)->2655K(294912K) Eden: 262144K(262144K)->0K(262144K) From: 3294K(34304K)->2655K(32768K)
[491.927s][info][gc,heap        ] GC(922) ParOldGen: 282506K(388096K)->282522K(388096K)
[491.927s][info][gc,metaspace   ] GC(922) Metaspace: 57705K(57984K)->57705K(57984K) NonClass: 52073K(52288K)->52073K(52288K) Class: 5632K(5696K)->5632K(5696K)
[491.927s][info][gc             ] GC(922) Pause Young (Allocation Failure) 535M->278M(667M) 4.114ms
[491.927s][info][gc,cpu         ] GC(922) User=0.00s Sys=0.00s Real=0.01s
[492.519s][info][gc,start       ] GC(923) Pause Young (Allocation Failure)
[492.524s][info][gc,heap        ] GC(923) PSYoungGen: 264799K(294912K)->2814K(265216K) Eden: 262144K(262144K)->0K(251904K) From: 2655K(32768K)->2814K(13312K)
[492.524s][info][gc,heap        ] GC(923) ParOldGen: 282522K(388096K)->282538K(388096K)
[492.524s][info][gc,metaspace   ] GC(923) Metaspace: 57705K(57984K)->57705K(57984K) NonClass: 52073K(52288K)->52073K(52288K) Class: 5632K(5696K)->5632K(5696K)
[492.524s][info][gc             ] GC(923) Pause Young (Allocation Failure) 534M->278M(638M) 5.162ms
[492.525s][info][gc,cpu         ] GC(923) User=0.01s Sys=0.00s Real=0.00s
[493.053s][info][gc,start       ] GC(924) Pause Young (Allocation Failure)
[493.055s][info][gc,heap        ] GC(924) PSYoungGen: 254718K(265216K)->64K(242688K) Eden: 251904K(251904K)->0K(242176K) From: 2814K(13312K)->64K(512K)
[493.055s][info][gc,heap        ] GC(924) ParOldGen: 282538K(388096K)->282554K(388096K)
[493.055s][info][gc,metaspace   ] GC(924) Metaspace: 57705K(57984K)->57705K(57984K) NonClass: 52073K(52288K)->52073K(52288K) Class: 5632K(5696K)->5632K(5696K)
[493.055s][info][gc             ] GC(924) Pause Young (Allocation Failure) 524M->275M(616M) 1.669ms
[493.055s][info][gc,cpu         ] GC(924) User=0.00s Sys=0.01s Real=0.00s
[493.619s][info][gc,start       ] GC(925) Pause Young (Allocation Failure)
[493.622s][info][gc,heap        ] GC(925) PSYoungGen: 242240K(242688K)->1824K(249344K) Eden: 242176K(242176K)->0K(232960K) From: 64K(512K)->1824K(16384K)
[493.622s][info][gc,heap        ] GC(925) ParOldGen: 282554K(388096K)->282570K(388096K)
[493.622s][info][gc,metaspace   ] GC(925) Metaspace: 57705K(57984K)->57705K(57984K) NonClass: 52073K(52288K)->52073K(52288K) Class: 5632K(5696K)->5632K(5696K)
[493.623s][info][gc             ] GC(925) Pause Young (Allocation Failure) 512M->277M(622M) 3.982ms
[493.623s][info][gc,cpu         ] GC(925) User=0.01s Sys=0.00s Real=0.00s
[494.131s][info][gc,start       ] GC(926) Pause Young (Allocation Failure)
[494.136s][info][gc,heap        ] GC(926) PSYoungGen: 234784K(249344K)->3168K(227840K) Eden: 232960K(232960K)->0K(224256K) From: 1824K(16384K)->3168K(3584K)
[494.136s][info][gc,heap        ] GC(926) ParOldGen: 282570K(388096K)->282586K(388096K)
[494.136s][info][gc,metaspace   ] GC(926) Metaspace: 57705K(57984K)->57705K(57984K) NonClass: 52073K(52288K)->52073K(52288K) Class: 5632K(5696K)->5632K(5696K)
[494.136s][info][gc             ] GC(926) Pause Young (Allocation Failure) 505M->279M(601M) 5.598ms
[494.136s][info][gc,cpu         ] GC(926) User=0.01s Sys=0.00s Real=0.01s
[494.636s][info][gc,start       ] GC(927) Pause Young (Allocation Failure)
[494.642s][info][gc,heap        ] GC(927) PSYoungGen: 227424K(227840K)->2783K(230400K) Eden: 224256K(224256K)->0K(216064K) From: 3168K(3584K)->2783K(14336K)
[494.642s][info][gc,heap        ] GC(927) ParOldGen: 282586K(388096K)->282602K(388096K)
[494.642s][info][gc,metaspace   ] GC(927) Metaspace: 57705K(57984K)->57705K(57984K) NonClass: 52073K(52288K)->52073K(52288K) Class: 5632K(5696K)->5632K(5696K)
[494.642s][info][gc             ] GC(927) Pause Young (Allocation Failure) 498M->278M(604M) 5.155ms
[494.642s][info][gc,cpu         ] GC(927) User=0.00s Sys=0.00s Real=0.00s
[495.124s][info][gc,start       ] GC(928) Pause Young (Allocation Failure)
[495.129s][info][gc,heap        ] GC(928) PSYoungGen: 218828K(230400K)->3040K(211456K) Eden: 216044K(216064K)->0K(208384K) From: 2783K(14336K)->3040K(3072K)
[495.129s][info][gc,heap        ] GC(928) ParOldGen: 282602K(388096K)->282618K(388096K)
[495.129s][info][gc,metaspace   ] GC(928) Metaspace: 57705K(57984K)->57705K(57984K) NonClass: 52073K(52288K)->52073K(52288K) Class: 5632K(5696K)->5632K(5696K)
[495.130s][info][gc             ] GC(928) Pause Young (Allocation Failure) 489M->278M(585M) 5.493ms
[495.130s][info][gc,cpu         ] GC(928) User=0.01s Sys=0.00s Real=0.01s
[495.610s][info][gc,start       ] GC(929) Pause Young (Allocation Failure)
[495.613s][info][gc,heap        ] GC(929) PSYoungGen: 211424K(211456K)->1184K(213504K) Eden: 208384K(208384K)->0K(200704K) From: 3040K(3072K)->1184K(12800K)
[495.613s][info][gc,heap        ] GC(929) ParOldGen: 282618K(388096K)->282634K(388096K)
[495.613s][info][gc,metaspace   ] GC(929) Metaspace: 57705K(57984K)->57705K(57984K) NonClass: 52073K(52288K)->52073K(52288K) Class: 5632K(5696K)->5632K(5696K)
[495.613s][info][gc             ] GC(929) Pause Young (Allocation Failure) 482M->277M(587M) 3.369ms
[495.613s][info][gc,cpu         ] GC(929) User=0.00s Sys=0.00s Real=0.00s
[496.048s][info][gc,start       ] GC(930) Pause Young (Allocation Failure)
[496.054s][info][gc,heap        ] GC(930) PSYoungGen: 201888K(213504K)->2911K(196608K) Eden: 200704K(200704K)->0K(193536K) From: 1184K(12800K)->2911K(3072K)
[496.054s][info][gc,heap        ] GC(930) ParOldGen: 282634K(388096K)->282650K(388096K)
[496.054s][info][gc,metaspace   ] GC(930) Metaspace: 57705K(57984K)->57705K(57984K) NonClass: 52073K(52288K)->52073K(52288K) Class: 5632K(5696K)->5632K(5696K)
[496.054s][info][gc             ] GC(930) Pause Young (Allocation Failure) 473M->278M(571M) 5.269ms
[496.054s][info][gc,cpu         ] GC(930) User=0.01s Sys=0.00s Real=0.00s
[496.507s][info][gc,start       ] GC(931) Pause Young (Allocation Failure)
[496.509s][info][gc,heap        ] GC(931) PSYoungGen: 196447K(196608K)->448K(198656K) Eden: 193536K(193536K)->0K(186880K) From: 2911K(3072K)->448K(11776K)
[496.509s][info][gc,heap        ] GC(931) ParOldGen: 282650K(388096K)->282666K(388096K)
[496.509s][info][gc,metaspace   ] GC(931) Metaspace: 57705K(57984K)->57705K(57984K) NonClass: 52073K(52288K)->52073K(52288K) Class: 5632K(5696K)->5632K(5696K)
[496.509s][info][gc             ] GC(931) Pause Young (Allocation Failure) 467M->276M(573M) 2.614ms
[496.509s][info][gc,cpu         ] GC(931) User=0.01s Sys=0.01s Real=0.00s
[496.916s][info][gc,start       ] GC(932) Pause Young (Allocation Failure)
[496.920s][info][gc,heap        ] GC(932) PSYoungGen: 187328K(198656K)->1791K(182272K) Eden: 186880K(186880K)->0K(180224K) From: 448K(11776K)->1791K(2048K)
[496.920s][info][gc,heap        ] GC(932) ParOldGen: 282666K(388096K)->282682K(388096K)
[496.920s][info][gc,metaspace   ] GC(932) Metaspace: 57705K(57984K)->57705K(57984K) NonClass: 52073K(52288K)->52073K(52288K) Class: 5632K(5696K)->5632K(5696K)
[496.920s][info][gc             ] GC(932) Pause Young (Allocation Failure) 458M->277M(557M) 3.806ms
[496.920s][info][gc,cpu         ] GC(932) User=0.00s Sys=0.00s Real=0.00s
[497.420s][info][gc,start       ] GC(933) Pause Young (Allocation Failure)
[497.425s][info][gc,heap        ] GC(933) PSYoungGen: 182015K(182272K)->2271K(184320K) Eden: 180224K(180224K)->0K(174080K) From: 1791K(2048K)->2271K(10240K)
[497.425s][info][gc,heap        ] GC(933) ParOldGen: 282682K(388096K)->282698K(388096K)
[497.425s][info][gc,metaspace   ] GC(933) Metaspace: 57705K(57984K)->57705K(57984K) NonClass: 52073K(52288K)->52073K(52288K) Class: 5632K(5696K)->5632K(5696K)
[497.425s][info][gc             ] GC(933) Pause Young (Allocation Failure) 453M->278M(559M) 4.334ms
[497.425s][info][gc,cpu         ] GC(933) User=0.01s Sys=0.00s Real=0.00s
[497.815s][info][gc,start       ] GC(934) Pause Young (Allocation Failure)
[497.818s][info][gc,heap        ] GC(934) PSYoungGen: 176351K(184320K)->1599K(169984K) Eden: 174080K(174080K)->0K(167936K) From: 2271K(10240K)->1599K(2048K)
[497.818s][info][gc,heap        ] GC(934) ParOldGen: 282698K(388096K)->282714K(388096K)
[497.818s][info][gc,metaspace   ] GC(934) Metaspace: 57705K(57984K)->57705K(57984K) NonClass: 52073K(52288K)->52073K(52288K) Class: 5632K(5696K)->5632K(5696K)
[497.818s][info][gc             ] GC(934) Pause Young (Allocation Failure) 448M->277M(545M) 3.585ms
[497.818s][info][gc,cpu         ] GC(934) User=0.00s Sys=0.00s Real=0.01s
[498.209s][info][gc,start       ] GC(935) Pause Young (Allocation Failure)
[498.212s][info][gc,heap        ] GC(935) PSYoungGen: 169535K(169984K)->800K(171008K) Eden: 167936K(167936K)->0K(162304K) From: 1599K(2048K)->800K(8704K)
[498.212s][info][gc,heap        ] GC(935) ParOldGen: 282714K(388096K)->282730K(388096K)
[498.212s][info][gc,metaspace   ] GC(935) Metaspace: 57705K(57984K)->57705K(57984K) NonClass: 52073K(52288K)->52073K(52288K) Class: 5632K(5696K)->5632K(5696K)
[498.212s][info][gc             ] GC(935) Pause Young (Allocation Failure) 441M->276M(546M) 2.877ms
[498.212s][info][gc,cpu         ] GC(935) User=0.01s Sys=0.00s Real=0.00s
[498.537s][info][gc,start       ] GC(936) Pause Young (Allocation Failure)
[498.541s][info][gc,heap        ] GC(936) PSYoungGen: 163104K(171008K)->2495K(159744K) Eden: 162304K(162304K)->0K(157184K) From: 800K(8704K)->2495K(2560K)
[498.541s][info][gc,heap        ] GC(936) ParOldGen: 282730K(388096K)->282746K(388096K)
[498.541s][info][gc,metaspace   ] GC(936) Metaspace: 57705K(57984K)->57705K(57984K) NonClass: 52073K(52288K)->52073K(52288K) Class: 5632K(5696K)->5632K(5696K)
[498.541s][info][gc             ] GC(936) Pause Young (Allocation Failure) 435M->278M(535M) 4.843ms
[498.541s][info][gc,cpu         ] GC(936) User=0.01s Sys=0.00s Real=0.00s
[498.917s][info][gc,start       ] GC(937) Pause Young (Allocation Failure)
[498.921s][info][gc,heap        ] GC(937) PSYoungGen: 159679K(159744K)->2143K(159232K) Eden: 157184K(157184K)->0K(152064K) From: 2495K(2560K)->2143K(7168K)
[498.921s][info][gc,heap        ] GC(937) ParOldGen: 282746K(388096K)->282762K(388096K)
[498.921s][info][gc,metaspace   ] GC(937) Metaspace: 57705K(57984K)->57705K(57984K) NonClass: 52073K(52288K)->52073K(52288K) Class: 5632K(5696K)->5632K(5696K)
[498.921s][info][gc             ] GC(937) Pause Young (Allocation Failure) 432M->278M(534M) 3.897ms
[498.921s][info][gc,cpu         ] GC(937) User=0.00s Sys=0.00s Real=0.00s
[499.233s][info][gc,start       ] GC(938) Pause Young (Allocation Failure)
[499.238s][info][gc,heap        ] GC(938) PSYoungGen: 154207K(159232K)->3199K(165376K) Eden: 152064K(152064K)->0K(152064K) From: 2143K(7168K)->3199K(13312K)
[499.238s][info][gc,heap        ] GC(938) ParOldGen: 282762K(388096K)->282778K(388096K)
[499.238s][info][gc,metaspace   ] GC(938) Metaspace: 57705K(57984K)->57705K(57984K) NonClass: 52073K(52288K)->52073K(52288K) Class: 5632K(5696K)->5632K(5696K)
[499.238s][info][gc             ] GC(938) Pause Young (Allocation Failure) 426M->279M(540M) 4.737ms
[499.238s][info][gc,cpu         ] GC(938) User=0.01s Sys=0.00s Real=0.01s
[499.608s][info][gc,start       ] GC(939) Pause Young (Allocation Failure)
[499.611s][info][gc,heap        ] GC(939) PSYoungGen: 155263K(165376K)->1151K(148480K) Eden: 152064K(152064K)->0K(146944K) From: 3199K(13312K)->1151K(1536K)
[499.611s][info][gc,heap        ] GC(939) ParOldGen: 282778K(388096K)->282794K(388096K)
[499.611s][info][gc,metaspace   ] GC(939) Metaspace: 57705K(57984K)->57705K(57984K) NonClass: 52073K(52288K)->52073K(52288K) Class: 5632K(5696K)->5632K(5696K)
[499.611s][info][gc             ] GC(939) Pause Young (Allocation Failure) 427M->277M(524M) 2.840ms
[499.611s][info][gc,cpu         ] GC(939) User=0.00s Sys=0.01s Real=0.00s
[499.924s][info][gc,start       ] GC(940) Pause Young (Allocation Failure)
[499.927s][info][gc,heap        ] GC(940) PSYoungGen: 148095K(148480K)->2303K(183296K) Eden: 146943K(146944K)->0K(171520K) From: 1151K(1536K)->2303K(11776K)
[499.927s][info][gc,heap        ] GC(940) ParOldGen: 282794K(388096K)->282810K(388096K)
[499.927s][info][gc,metaspace   ] GC(940) Metaspace: 57705K(57984K)->57705K(57984K) NonClass: 52073K(52288K)->52073K(52288K) Class: 5632K(5696K)->5632K(5696K)
[499.927s][info][gc             ] GC(940) Pause Young (Allocation Failure) 420M->278M(558M) 3.813ms
[499.928s][info][gc,cpu         ] GC(940) User=0.01s Sys=0.00s Real=0.01s
[500.323s][info][gc,start       ] GC(941) Pause Young (Allocation Failure)
[500.328s][info][gc,heap        ] GC(941) PSYoungGen: 173823K(183296K)->2495K(187392K) Eden: 171520K(171520K)->0K(176128K) From: 2303K(11776K)->2495K(11264K)
[500.328s][info][gc,heap        ] GC(941) ParOldGen: 282810K(388096K)->282826K(388096K)
[500.328s][info][gc,metaspace   ] GC(941) Metaspace: 57705K(57984K)->57705K(57984K) NonClass: 52073K(52288K)->52073K(52288K) Class: 5632K(5696K)->5632K(5696K)
[500.328s][info][gc             ] GC(941) Pause Young (Allocation Failure) 445M->278M(562M) 5.082ms
[500.328s][info][gc,cpu         ] GC(941) User=0.01s Sys=0.00s Real=0.01s
[500.719s][info][gc,start       ] GC(942) Pause Young (Allocation Failure)
[500.723s][info][gc,heap        ] GC(942) PSYoungGen: 178623K(187392K)->2335K(186368K) Eden: 176128K(176128K)->0K(176128K) From: 2495K(11264K)->2335K(10240K)
[500.723s][info][gc,heap        ] GC(942) ParOldGen: 282826K(388096K)->282842K(388096K)
[500.723s][info][gc,metaspace   ] GC(942) Metaspace: 57705K(57984K)->57705K(57984K) NonClass: 52073K(52288K)->52073K(52288K) Class: 5632K(5696K)->5632K(5696K)
[500.723s][info][gc             ] GC(942) Pause Young (Allocation Failure) 450M->278M(561M) 3.942ms
[500.723s][info][gc,cpu         ] GC(942) User=0.01s Sys=0.00s Real=0.00s
[501.122s][info][gc,start       ] GC(943) Pause Young (Allocation Failure)
[501.127s][info][gc,heap        ] GC(943) PSYoungGen: 178463K(186368K)->2176K(218624K) Eden: 176128K(176128K)->0K(209920K) From: 2335K(10240K)->2176K(8704K)
[501.127s][info][gc,heap        ] GC(943) ParOldGen: 282842K(388096K)->282858K(388096K)
[501.127s][info][gc,metaspace   ] GC(943) Metaspace: 57705K(57984K)->57705K(57984K) NonClass: 52073K(52288K)->52073K(52288K) Class: 5632K(5696K)->5632K(5696K)
[501.127s][info][gc             ] GC(943) Pause Young (Allocation Failure) 450M->278M(592M) 4.805ms
[501.127s][info][gc,cpu         ] GC(943) User=0.01s Sys=0.00s Real=0.01s
[501.610s][info][gc,start       ] GC(944) Pause Young (Allocation Failure)
[501.612s][info][gc,heap        ] GC(944) PSYoungGen: 212096K(218624K)->640K(203264K) Eden: 209920K(209920K)->0K(202240K) From: 2176K(8704K)->640K(1024K)
[501.612s][info][gc,heap        ] GC(944) ParOldGen: 282858K(388096K)->282874K(388096K)
[501.612s][info][gc,metaspace   ] GC(944) Metaspace: 57705K(57984K)->57705K(57984K) NonClass: 52073K(52288K)->52073K(52288K) Class: 5632K(5696K)->5632K(5696K)
[501.612s][info][gc             ] GC(944) Pause Young (Allocation Failure) 483M->276M(577M) 2.490ms
[501.612s][info][gc,cpu         ] GC(944) User=0.00s Sys=0.00s Real=0.00s
[502.034s][info][gc,start       ] GC(945) Pause Young (Allocation Failure)
[502.040s][info][gc,heap        ] GC(945) PSYoungGen: 202880K(203264K)->3039K(211456K) Eden: 202240K(202240K)->0K(202752K) From: 640K(1024K)->3039K(8704K)
[502.040s][info][gc,heap        ] GC(945) ParOldGen: 282874K(388096K)->282890K(388096K)
[502.040s][info][gc,metaspace   ] GC(945) Metaspace: 57705K(57984K)->57705K(57984K) NonClass: 52073K(52288K)->52073K(52288K) Class: 5632K(5696K)->5632K(5696K)
[502.040s][info][gc             ] GC(945) Pause Young (Allocation Failure) 474M->279M(585M) 5.761ms
[502.040s][info][gc,cpu         ] GC(945) User=0.01s Sys=0.00s Real=0.01s
[502.516s][info][gc,start       ] GC(946) Pause Young (Allocation Failure)
[502.520s][info][gc,heap        ] GC(946) PSYoungGen: 205791K(211456K)->2271K(211456K) Eden: 202752K(202752K)->0K(202752K) From: 3039K(8704K)->2271K(8704K)
[502.520s][info][gc,heap        ] GC(946) ParOldGen: 282890K(388096K)->282906K(388096K)
[502.520s][info][gc,metaspace   ] GC(946) Metaspace: 57705K(57984K)->57705K(57984K) NonClass: 52073K(52288K)->52073K(52288K) Class: 5632K(5696K)->5632K(5696K)
[502.520s][info][gc             ] GC(946) Pause Young (Allocation Failure) 477M->278M(585M) 3.879ms
[502.520s][info][gc,cpu         ] GC(946) User=0.01s Sys=0.00s Real=0.00s
[502.949s][info][gc,start       ] GC(947) Pause Young (Allocation Failure)
[502.952s][info][gc,heap        ] GC(947) PSYoungGen: 204770K(211456K)->640K(196608K) Eden: 202499K(202752K)->0K(195584K) From: 2271K(8704K)->640K(1024K)
[502.952s][info][gc,heap        ] GC(947) ParOldGen: 282906K(388096K)->282922K(388096K)
[502.952s][info][gc,metaspace   ] GC(947) Metaspace: 57705K(57984K)->57705K(57984K) NonClass: 52073K(52288K)->52073K(52288K) Class: 5632K(5696K)->5632K(5696K)
[502.952s][info][gc             ] GC(947) Pause Young (Allocation Failure) 476M->276M(571M) 2.405ms
[502.952s][info][gc,cpu         ] GC(947) User=0.00s Sys=0.00s Real=0.00s
[503.419s][info][gc,start       ] GC(948) Pause Young (Allocation Failure)
[503.425s][info][gc,heap        ] GC(948) PSYoungGen: 196224K(196608K)->1824K(196608K) Eden: 195584K(195584K)->0K(188928K) From: 640K(1024K)->1824K(7680K)
[503.425s][info][gc,heap        ] GC(948) ParOldGen: 282922K(388096K)->282938K(388096K)
[503.425s][info][gc,metaspace   ] GC(948) Metaspace: 57705K(57984K)->57705K(57984K) NonClass: 52073K(52288K)->52073K(52288K) Class: 5632K(5696K)->5632K(5696K)
[503.425s][info][gc             ] GC(948) Pause Young (Allocation Failure) 467M->278M(571M) 5.124ms
[503.425s][info][gc,cpu         ] GC(948) User=0.01s Sys=0.00s Real=0.00s
[503.836s][info][gc,start       ] GC(949) Pause Young (Allocation Failure)
[503.843s][info][gc,heap        ] GC(949) PSYoungGen: 190752K(196608K)->2782K(227840K) Eden: 188928K(188928K)->0K(224768K) From: 1824K(7680K)->2782K(3072K)
[503.843s][info][gc,heap        ] GC(949) ParOldGen: 282938K(388096K)->282954K(388096K)
[503.843s][info][gc,metaspace   ] GC(949) Metaspace: 57705K(57984K)->57705K(57984K) NonClass: 52073K(52288K)->52073K(52288K) Class: 5632K(5696K)->5632K(5696K)
[503.843s][info][gc             ] GC(949) Pause Young (Allocation Failure) 462M->279M(601M) 6.274ms
[503.843s][info][gc,cpu         ] GC(949) User=0.01s Sys=0.00s Real=0.00s
[504.376s][info][gc,start       ] GC(950) Pause Young (Allocation Failure)
[504.382s][info][gc,heap        ] GC(950) PSYoungGen: 227550K(227840K)->2528K(239104K) Eden: 224768K(224768K)->0K(231936K) From: 2782K(3072K)->2528K(7168K)
[504.382s][info][gc,heap        ] GC(950) ParOldGen: 282954K(388096K)->282970K(388096K)
[504.382s][info][gc,metaspace   ] GC(950) Metaspace: 57705K(57984K)->57705K(57984K) NonClass: 52073K(52288K)->52073K(52288K) Class: 5632K(5696K)->5632K(5696K)
[504.382s][info][gc             ] GC(950) Pause Young (Allocation Failure) 498M->278M(612M) 6.065ms
[504.382s][info][gc,cpu         ] GC(950) User=0.01s Sys=0.00s Real=0.00s
[504.862s][info][gc,start       ] GC(951) Pause Young (Allocation Failure)
[504.864s][info][gc,heap        ] GC(951) PSYoungGen: 234464K(239104K)->639K(224256K) Eden: 231936K(231936K)->0K(223232K) From: 2528K(7168K)->639K(1024K)
[504.864s][info][gc,heap        ] GC(951) ParOldGen: 282970K(388096K)->282986K(388096K)
[504.864s][info][gc,metaspace   ] GC(951) Metaspace: 57705K(57984K)->57705K(57984K) NonClass: 52073K(52288K)->52073K(52288K) Class: 5632K(5696K)->5632K(5696K)
[504.864s][info][gc             ] GC(951) Pause Young (Allocation Failure) 505M->276M(598M) 2.170ms
[504.864s][info][gc,cpu         ] GC(951) User=0.01s Sys=0.00s Real=0.00s
[505.413s][info][gc,start       ] GC(952) Pause Young (Allocation Failure)
[505.435s][info][gc,heap        ] GC(952) PSYoungGen: 223871K(224256K)->991K(268800K) Eden: 223232K(223232K)->0K(262144K) From: 639K(1024K)->991K(6656K)
[505.435s][info][gc,heap        ] GC(952) ParOldGen: 282986K(388096K)->283002K(388096K)
[505.435s][info][gc,metaspace   ] GC(952) Metaspace: 57705K(57984K)->57705K(57984K) NonClass: 52073K(52288K)->52073K(52288K) Class: 5632K(5696K)->5632K(5696K)
[505.435s][info][gc             ] GC(952) Pause Young (Allocation Failure) 494M->277M(641M) 22.363ms
[505.435s][info][gc,cpu         ] GC(952) User=0.02s Sys=0.00s Real=0.03s
[506.007s][info][gc,start       ] GC(953) Pause Young (Allocation Failure)
[506.008s][info][gc,heap        ] GC(953) PSYoungGen: 263135K(268800K)->329K(272896K) Eden: 262144K(262144K)->0K(266752K) From: 991K(6656K)->329K(6144K)
[506.009s][info][gc,heap        ] GC(953) ParOldGen: 283002K(388096K)->283018K(388096K)
[506.009s][info][gc,metaspace   ] GC(953) Metaspace: 57705K(57984K)->57705K(57984K) NonClass: 52073K(52288K)->52073K(52288K) Class: 5632K(5696K)->5632K(5696K)
[506.009s][info][gc             ] GC(953) Pause Young (Allocation Failure) 533M->276M(645M) 2.038ms
[506.009s][info][gc,cpu         ] GC(953) User=0.01s Sys=0.00s Real=0.00s
[506.611s][info][gc,start       ] GC(954) Pause Young (Allocation Failure)
[506.614s][info][gc,heap        ] GC(954) PSYoungGen: 267081K(272896K)->831K(272896K) Eden: 266752K(266752K)->0K(266752K) From: 329K(6144K)->831K(6144K)
[506.614s][info][gc,heap        ] GC(954) ParOldGen: 283018K(388096K)->283034K(388096K)
[506.614s][info][gc,metaspace   ] GC(954) Metaspace: 57706K(57984K)->57706K(57984K) NonClass: 52074K(52288K)->52074K(52288K) Class: 5632K(5696K)->5632K(5696K)
[506.614s][info][gc             ] GC(954) Pause Young (Allocation Failure) 537M->277M(645M) 2.415ms
[506.614s][info][gc,cpu         ] GC(954) User=0.00s Sys=0.00s Real=0.00s
[507.213s][info][gc,start       ] GC(955) Pause Young (Allocation Failure)
[507.216s][info][gc,heap        ] GC(955) PSYoungGen: 267583K(272896K)->1056K(258048K) Eden: 266752K(266752K)->0K(256512K) From: 831K(6144K)->1056K(1536K)
[507.216s][info][gc,heap        ] GC(955) ParOldGen: 283034K(388096K)->283050K(388096K)
[507.216s][info][gc,metaspace   ] GC(955) Metaspace: 57706K(57984K)->57706K(57984K) NonClass: 52074K(52288K)->52074K(52288K) Class: 5632K(5696K)->5632K(5696K)
[507.216s][info][gc             ] GC(955) Pause Young (Allocation Failure) 537M->277M(631M) 3.156ms
[507.216s][info][gc,cpu         ] GC(955) User=0.00s Sys=0.00s Real=0.01s
[507.805s][info][gc,start       ] GC(956) Pause Young (Allocation Failure)
[507.807s][info][gc,heap        ] GC(956) PSYoungGen: 257568K(258048K)->358K(247296K) Eden: 256512K(256512K)->0K(246784K) From: 1056K(1536K)->358K(512K)
[507.807s][info][gc,heap        ] GC(956) ParOldGen: 283050K(388096K)->283066K(388096K)
[507.807s][info][gc,metaspace   ] GC(956) Metaspace: 57706K(57984K)->57706K(57984K) NonClass: 52074K(52288K)->52074K(52288K) Class: 5632K(5696K)->5632K(5696K)
[507.807s][info][gc             ] GC(956) Pause Young (Allocation Failure) 527M->276M(620M) 1.902ms
[507.807s][info][gc,cpu         ] GC(956) User=0.00s Sys=0.00s Real=0.00s
[508.325s][info][gc,start       ] GC(957) Pause Young (Allocation Failure)
[508.330s][info][gc,heap        ] GC(957) PSYoungGen: 247142K(247296K)->2688K(240640K) Eden: 246784K(246784K)->0K(237568K) From: 358K(512K)->2688K(3072K)
[508.330s][info][gc,heap        ] GC(957) ParOldGen: 283066K(388096K)->283082K(388096K)
[508.330s][info][gc,metaspace   ] GC(957) Metaspace: 57706K(57984K)->57706K(57984K) NonClass: 52074K(52288K)->52074K(52288K) Class: 5632K(5696K)->5632K(5696K)
[508.330s][info][gc             ] GC(957) Pause Young (Allocation Failure) 517M->279M(614M) 5.519ms
[508.330s][info][gc,cpu         ] GC(957) User=0.01s Sys=0.00s Real=0.01s
[508.906s][info][gc,start       ] GC(958) Pause Young (Allocation Failure)
[508.908s][info][gc,heap        ] GC(958) PSYoungGen: 240256K(240640K)->480K(229376K) Eden: 237568K(237568K)->0K(228864K) From: 2688K(3072K)->480K(512K)
[508.908s][info][gc,heap        ] GC(958) ParOldGen: 283082K(388096K)->283098K(388096K)
[508.908s][info][gc,metaspace   ] GC(958) Metaspace: 57706K(57984K)->57706K(57984K) NonClass: 52074K(52288K)->52074K(52288K) Class: 5632K(5696K)->5632K(5696K)
[508.908s][info][gc             ] GC(958) Pause Young (Allocation Failure) 511M->276M(603M) 2.323ms
[508.908s][info][gc,cpu         ] GC(958) User=0.00s Sys=0.00s Real=0.00s
[509.410s][info][gc,start       ] GC(959) Pause Young (Allocation Failure)
[509.413s][info][gc,heap        ] GC(959) PSYoungGen: 229344K(229376K)->917K(221696K) Eden: 228864K(228864K)->0K(220672K) From: 480K(512K)->917K(1024K)
[509.413s][info][gc,heap        ] GC(959) ParOldGen: 283098K(388096K)->283114K(388096K)
[509.413s][info][gc,metaspace   ] GC(959) Metaspace: 57706K(57984K)->57706K(57984K) NonClass: 52074K(52288K)->52074K(52288K) Class: 5632K(5696K)->5632K(5696K)
[509.413s][info][gc             ] GC(959) Pause Young (Allocation Failure) 500M->277M(595M) 2.692ms
[509.413s][info][gc,cpu         ] GC(959) User=0.01s Sys=0.00s Real=0.00s
[509.922s][info][gc,start       ] GC(960) Pause Young (Allocation Failure)
[509.925s][info][gc,heap        ] GC(960) PSYoungGen: 221589K(221696K)->969K(213504K) Eden: 220672K(220672K)->0K(212480K) From: 917K(1024K)->969K(1024K)
[509.925s][info][gc,heap        ] GC(960) ParOldGen: 283114K(388096K)->283130K(388096K)
[509.925s][info][gc,metaspace   ] GC(960) Metaspace: 57706K(57984K)->57706K(57984K) NonClass: 52074K(52288K)->52074K(52288K) Class: 5632K(5696K)->5632K(5696K)
[509.925s][info][gc             ] GC(960) Pause Young (Allocation Failure) 492M->277M(587M) 2.977ms
[509.925s][info][gc,cpu         ] GC(960) User=0.01s Sys=0.00s Real=0.01s
[510.347s][info][gc,start       ] GC(961) Pause Young (Allocation Failure)
[510.351s][info][gc,heap        ] GC(961) PSYoungGen: 213449K(213504K)->2046K(206848K) Eden: 212480K(212480K)->0K(204800K) From: 969K(1024K)->2046K(2048K)
[510.351s][info][gc,heap        ] GC(961) ParOldGen: 283130K(388096K)->283146K(388096K)
[510.351s][info][gc,metaspace   ] GC(961) Metaspace: 57706K(57984K)->57706K(57984K) NonClass: 52074K(52288K)->52074K(52288K) Class: 5632K(5696K)->5632K(5696K)
[510.351s][info][gc             ] GC(961) Pause Young (Allocation Failure) 484M->278M(581M) 3.816ms
[510.351s][info][gc,cpu         ] GC(961) User=0.00s Sys=0.00s Real=0.00s
[510.827s][info][gc,start       ] GC(962) Pause Young (Allocation Failure)
[510.832s][info][gc,heap        ] GC(962) PSYoungGen: 206846K(206848K)->2718K(200704K) Eden: 204800K(204800K)->0K(197632K) From: 2046K(2048K)->2718K(3072K)
[510.832s][info][gc,heap        ] GC(962) ParOldGen: 283146K(388096K)->283162K(388096K)
[510.832s][info][gc,metaspace   ] GC(962) Metaspace: 57706K(57984K)->57706K(57984K) NonClass: 52074K(52288K)->52074K(52288K) Class: 5632K(5696K)->5632K(5696K)
[510.832s][info][gc             ] GC(962) Pause Young (Allocation Failure) 478M->279M(575M) 4.901ms
[510.832s][info][gc,cpu         ] GC(962) User=0.01s Sys=0.00s Real=0.00s
[511.253s][info][gc,start       ] GC(963) Pause Young (Allocation Failure)
[511.255s][info][gc,heap        ] GC(963) PSYoungGen: 200251K(200704K)->768K(191488K) Eden: 197533K(197632K)->0K(190464K) From: 2718K(3072K)->768K(1024K)
[511.255s][info][gc,heap        ] GC(963) ParOldGen: 283162K(388096K)->283178K(388096K)
[511.255s][info][gc,metaspace   ] GC(963) Metaspace: 57706K(57984K)->57706K(57984K) NonClass: 52074K(52288K)->52074K(52288K) Class: 5632K(5696K)->5632K(5696K)
[511.255s][info][gc             ] GC(963) Pause Young (Allocation Failure) 472M->277M(566M) 2.424ms
[511.255s][info][gc,cpu         ] GC(963) User=0.01s Sys=0.00s Real=0.00s
[511.711s][info][gc,start       ] GC(964) Pause Young (Allocation Failure)
[511.714s][info][gc,heap        ] GC(964) PSYoungGen: 191232K(191488K)->1138K(185344K) Eden: 190464K(190464K)->0K(183808K) From: 768K(1024K)->1138K(1536K)
[511.714s][info][gc,heap        ] GC(964) ParOldGen: 283178K(388096K)->283194K(388096K)
[511.714s][info][gc,metaspace   ] GC(964) Metaspace: 57706K(57984K)->57706K(57984K) NonClass: 52074K(52288K)->52074K(52288K) Class: 5632K(5696K)->5632K(5696K)
[511.714s][info][gc             ] GC(964) Pause Young (Allocation Failure) 463M->277M(560M) 3.106ms
[511.714s][info][gc,cpu         ] GC(964) User=0.00s Sys=0.00s Real=0.00s
[512.136s][info][gc,start       ] GC(965) Pause Young (Allocation Failure)
[512.140s][info][gc,heap        ] GC(965) PSYoungGen: 184946K(185344K)->2014K(179712K) Eden: 183808K(183808K)->0K(177664K) From: 1138K(1536K)->2014K(2048K)
[512.140s][info][gc,heap        ] GC(965) ParOldGen: 283194K(388096K)->283210K(388096K)
[512.140s][info][gc,metaspace   ] GC(965) Metaspace: 57706K(57984K)->57706K(57984K) NonClass: 52074K(52288K)->52074K(52288K) Class: 5632K(5696K)->5632K(5696K)
[512.140s][info][gc             ] GC(965) Pause Young (Allocation Failure) 457M->278M(554M) 3.930ms
[512.140s][info][gc,cpu         ] GC(965) User=0.01s Sys=0.00s Real=0.00s
[512.513s][info][gc,start       ] GC(966) Pause Young (Allocation Failure)
[512.516s][info][gc,heap        ] GC(966) PSYoungGen: 179678K(179712K)->1727K(173568K) Eden: 177664K(177664K)->0K(171520K) From: 2014K(2048K)->1727K(2048K)
[512.516s][info][gc,heap        ] GC(966) ParOldGen: 283210K(388096K)->283226K(388096K)
[512.516s][info][gc,metaspace   ] GC(966) Metaspace: 57706K(57984K)->57706K(57984K) NonClass: 52074K(52288K)->52074K(52288K) Class: 5632K(5696K)->5632K(5696K)
[512.517s][info][gc             ] GC(966) Pause Young (Allocation Failure) 452M->278M(548M) 3.881ms
[512.517s][info][gc,cpu         ] GC(966) User=0.00s Sys=0.00s Real=0.01s
[512.911s][info][gc,start       ] GC(967) Pause Young (Allocation Failure)
[512.914s][info][gc,heap        ] GC(967) PSYoungGen: 173247K(173568K)->1598K(167936K) Eden: 171520K(171520K)->0K(165888K) From: 1727K(2048K)->1598K(2048K)
[512.914s][info][gc,heap        ] GC(967) ParOldGen: 283226K(388096K)->283242K(388096K)
[512.914s][info][gc,metaspace   ] GC(967) Metaspace: 57706K(57984K)->57706K(57984K) NonClass: 52074K(52288K)->52074K(52288K) Class: 5632K(5696K)->5632K(5696K)
[512.914s][info][gc             ] GC(967) Pause Young (Allocation Failure) 445M->278M(543M) 3.055ms
[512.914s][info][gc,cpu         ] GC(967) User=0.00s Sys=0.00s Real=0.00s
[513.363s][info][gc,start       ] GC(968) Pause Young (Allocation Failure)
[513.366s][info][gc,heap        ] GC(968) PSYoungGen: 167357K(167936K)->1216K(161792K) Eden: 165758K(165888K)->0K(160256K) From: 1598K(2048K)->1216K(1536K)
[513.366s][info][gc,heap        ] GC(968) ParOldGen: 283242K(388096K)->283258K(388096K)
[513.366s][info][gc,metaspace   ] GC(968) Metaspace: 57706K(57984K)->57706K(57984K) NonClass: 52074K(52288K)->52074K(52288K) Class: 5632K(5696K)->5632K(5696K)
[513.366s][info][gc             ] GC(968) Pause Young (Allocation Failure) 440M->277M(537M) 3.421ms
[513.366s][info][gc,cpu         ] GC(968) User=0.00s Sys=0.00s Real=0.01s
[513.726s][info][gc,start       ] GC(969) Pause Young (Allocation Failure)
[513.729s][info][gc,heap        ] GC(969) PSYoungGen: 161471K(161792K)->1536K(156672K) Eden: 160255K(160256K)->0K(155136K) From: 1216K(1536K)->1536K(1536K)
[513.729s][info][gc,heap        ] GC(969) ParOldGen: 283258K(388096K)->283274K(388096K)
[513.729s][info][gc,metaspace   ] GC(969) Metaspace: 57706K(57984K)->57706K(57984K) NonClass: 52074K(52288K)->52074K(52288K) Class: 5632K(5696K)->5632K(5696K)
[513.729s][info][gc             ] GC(969) Pause Young (Allocation Failure) 434M->278M(532M) 3.376ms
[513.729s][info][gc,cpu         ] GC(969) User=0.01s Sys=0.00s Real=0.00s
[514.049s][info][gc,start       ] GC(970) Pause Young (Allocation Failure)
[514.051s][info][gc,heap        ] GC(970) PSYoungGen: 156672K(156672K)->974K(151040K) Eden: 155136K(155136K)->0K(150016K) From: 1536K(1536K)->974K(1024K)
[514.051s][info][gc,heap        ] GC(970) ParOldGen: 283274K(388096K)->283290K(388096K)
[514.051s][info][gc,metaspace   ] GC(970) Metaspace: 57706K(57984K)->57706K(57984K) NonClass: 52074K(52288K)->52074K(52288K) Class: 5632K(5696K)->5632K(5696K)
[514.051s][info][gc             ] GC(970) Pause Young (Allocation Failure) 429M->277M(526M) 2.382ms
[514.051s][info][gc,cpu         ] GC(970) User=0.00s Sys=0.00s Real=0.00s
[514.421s][info][gc,start       ] GC(971) Pause Young (Allocation Failure)
[514.424s][info][gc,heap        ] GC(971) PSYoungGen: 150990K(151040K)->2174K(147968K) Eden: 150016K(150016K)->0K(145408K) From: 974K(1024K)->2174K(2560K)
[514.425s][info][gc,heap        ] GC(971) ParOldGen: 283290K(388096K)->283306K(388096K)
[514.425s][info][gc,metaspace   ] GC(971) Metaspace: 57706K(57984K)->57706K(57984K) NonClass: 52074K(52288K)->52074K(52288K) Class: 5632K(5696K)->5632K(5696K)
[514.425s][info][gc             ] GC(971) Pause Young (Allocation Failure) 424M->278M(523M) 3.863ms
[514.425s][info][gc,cpu         ] GC(971) User=0.00s Sys=0.00s Real=0.00s
[514.734s][info][gc,start       ] GC(972) Pause Young (Allocation Failure)
[514.741s][info][gc,heap        ] GC(972) PSYoungGen: 147582K(147968K)->3008K(176128K) Eden: 145408K(145408K)->0K(173056K) From: 2174K(2560K)->3008K(3072K)
[514.741s][info][gc,heap        ] GC(972) ParOldGen: 283306K(388096K)->283322K(388096K)
[514.741s][info][gc,metaspace   ] GC(972) Metaspace: 57706K(57984K)->57706K(57984K) NonClass: 52074K(52288K)->52074K(52288K) Class: 5632K(5696K)->5632K(5696K)
[514.741s][info][gc             ] GC(972) Pause Young (Allocation Failure) 420M->279M(551M) 7.077ms
[514.741s][info][gc,cpu         ] GC(972) User=0.01s Sys=0.00s Real=0.01s
[515.120s][info][gc,start       ] GC(973) Pause Young (Allocation Failure)
[515.124s][info][gc,heap        ] GC(973) PSYoungGen: 176064K(176128K)->2048K(208384K) Eden: 173056K(173056K)->0K(206336K) From: 3008K(3072K)->2048K(2048K)
[515.124s][info][gc,heap        ] GC(973) ParOldGen: 283322K(388096K)->283873K(388096K)
[515.124s][info][gc,metaspace   ] GC(973) Metaspace: 57706K(57984K)->57706K(57984K) NonClass: 52074K(52288K)->52074K(52288K) Class: 5632K(5696K)->5632K(5696K)
[515.124s][info][gc             ] GC(973) Pause Young (Allocation Failure) 448M->279M(582M) 4.606ms
[515.124s][info][gc,cpu         ] GC(973) User=0.01s Sys=0.00s Real=0.00s
[515.614s][info][gc,start       ] GC(974) Pause Young (Allocation Failure)
[515.618s][info][gc,heap        ] GC(974) PSYoungGen: 208384K(208384K)->1763K(247808K) Eden: 206336K(206336K)->0K(245760K) From: 2048K(2048K)->1763K(2048K)
[515.619s][info][gc,heap        ] GC(974) ParOldGen: 283873K(388096K)->284497K(388096K)
[515.619s][info][gc,metaspace   ] GC(974) Metaspace: 57706K(57984K)->57706K(57984K) NonClass: 52074K(52288K)->52074K(52288K) Class: 5632K(5696K)->5632K(5696K)
[515.619s][info][gc             ] GC(974) Pause Young (Allocation Failure) 480M->279M(621M) 4.483ms
[515.619s][info][gc,cpu         ] GC(974) User=0.01s Sys=0.00s Real=0.01s
[516.140s][info][gc,start       ] GC(975) Pause Young (Allocation Failure)
[516.145s][info][gc,heap        ] GC(975) PSYoungGen: 247523K(247808K)->2783K(285696K) Eden: 245760K(245760K)->0K(281600K) From: 1763K(2048K)->2783K(4096K)
[516.145s][info][gc,heap        ] GC(975) ParOldGen: 284497K(388096K)->284609K(388096K)
[516.145s][info][gc,metaspace   ] GC(975) Metaspace: 57706K(57984K)->57706K(57984K) NonClass: 52074K(52288K)->52074K(52288K) Class: 5632K(5696K)->5632K(5696K)
[516.145s][info][gc             ] GC(975) Pause Young (Allocation Failure) 519M->280M(658M) 4.914ms
[516.145s][info][gc,cpu         ] GC(975) User=0.01s Sys=0.00s Real=0.00s
[516.812s][info][gc,start       ] GC(976) Pause Young (Allocation Failure)
[516.815s][info][gc,heap        ] GC(976) PSYoungGen: 284383K(285696K)->1364K(272384K) Eden: 281600K(281600K)->0K(270848K) From: 2783K(4096K)->1364K(1536K)
[516.815s][info][gc,heap        ] GC(976) ParOldGen: 284609K(388096K)->284625K(388096K)
[516.815s][info][gc,metaspace   ] GC(976) Metaspace: 57706K(57984K)->57706K(57984K) NonClass: 52074K(52288K)->52074K(52288K) Class: 5632K(5696K)->5632K(5696K)
[516.815s][info][gc             ] GC(976) Pause Young (Allocation Failure) 555M->279M(645M) 3.255ms
[516.815s][info][gc,cpu         ] GC(976) User=0.00s Sys=0.01s Real=0.01s
[517.415s][info][gc,start       ] GC(977) Pause Young (Allocation Failure)
[517.418s][info][gc,heap        ] GC(977) PSYoungGen: 272212K(272384K)->1631K(262656K) Eden: 270848K(270848K)->0K(260608K) From: 1364K(1536K)->1631K(2048K)
[517.418s][info][gc,heap        ] GC(977) ParOldGen: 284625K(388096K)->284641K(388096K)
[517.418s][info][gc,metaspace   ] GC(977) Metaspace: 57706K(57984K)->57706K(57984K) NonClass: 52074K(52288K)->52074K(52288K) Class: 5632K(5696K)->5632K(5696K)
[517.418s][info][gc             ] GC(977) Pause Young (Allocation Failure) 543M->279M(635M) 3.147ms
[517.418s][info][gc,cpu         ] GC(977) User=0.00s Sys=0.00s Real=0.01s
[518.007s][info][gc,start       ] GC(978) Pause Young (Allocation Failure)
[518.009s][info][gc,heap        ] GC(978) PSYoungGen: 262239K(262656K)->895K(251904K) Eden: 260608K(260608K)->0K(250880K) From: 1631K(2048K)->895K(1024K)
[518.009s][info][gc,heap        ] GC(978) ParOldGen: 284641K(388096K)->284657K(388096K)
[518.009s][info][gc,metaspace   ] GC(978) Metaspace: 57706K(57984K)->57706K(57984K) NonClass: 52074K(52288K)->52074K(52288K) Class: 5632K(5696K)->5632K(5696K)
[518.009s][info][gc             ] GC(978) Pause Young (Allocation Failure) 534M->278M(625M) 2.291ms
[518.009s][info][gc,cpu         ] GC(978) User=0.00s Sys=0.01s Real=0.00s
[518.529s][info][gc,start       ] GC(979) Pause Young (Allocation Failure)
[518.535s][info][gc,heap        ] GC(979) PSYoungGen: 251775K(251904K)->3519K(244736K) Eden: 250880K(250880K)->0K(241152K) From: 895K(1024K)->3519K(3584K)
[518.535s][info][gc,heap        ] GC(979) ParOldGen: 284657K(388096K)->284673K(388096K)
[518.535s][info][gc,metaspace   ] GC(979) Metaspace: 57706K(57984K)->57706K(57984K) NonClass: 52074K(52288K)->52074K(52288K) Class: 5632K(5696K)->5632K(5696K)
[518.535s][info][gc             ] GC(979) Pause Young (Allocation Failure) 523M->281M(618M) 5.352ms
[518.535s][info][gc,cpu         ] GC(979) User=0.01s Sys=0.00s Real=0.00s
[519.110s][info][gc,start       ] GC(980) Pause Young (Allocation Failure)
[519.112s][info][gc,heap        ] GC(980) PSYoungGen: 244584K(244736K)->544K(232960K) Eden: 241065K(241152K)->0K(231936K) From: 3519K(3584K)->544K(1024K)
[519.112s][info][gc,heap        ] GC(980) ParOldGen: 284673K(388096K)->284689K(388096K)
[519.112s][info][gc,metaspace   ] GC(980) Metaspace: 57706K(57984K)->57706K(57984K) NonClass: 52074K(52288K)->52074K(52288K) Class: 5632K(5696K)->5632K(5696K)
[519.112s][info][gc             ] GC(980) Pause Young (Allocation Failure) 516M->278M(606M) 2.359ms
[519.112s][info][gc,cpu         ] GC(980) User=0.01s Sys=0.00s Real=0.00s
[519.625s][info][gc,start       ] GC(981) Pause Young (Allocation Failure)
[519.639s][info][gc,heap        ] GC(981) PSYoungGen: 232480K(232960K)->2942K(275968K) Eden: 231936K(231936K)->0K(271872K) From: 544K(1024K)->2942K(4096K)
[519.639s][info][gc,heap        ] GC(981) ParOldGen: 284689K(388096K)->284705K(388096K)
[519.639s][info][gc,metaspace   ] GC(981) Metaspace: 57706K(57984K)->57706K(57984K) NonClass: 52074K(52288K)->52074K(52288K) Class: 5632K(5696K)->5632K(5696K)
[519.639s][info][gc             ] GC(981) Pause Young (Allocation Failure) 505M->280M(648M) 14.218ms
[519.639s][info][gc,cpu         ] GC(981) User=0.01s Sys=0.00s Real=0.02s
[520.228s][info][gc,start       ] GC(982) Pause Young (Allocation Failure)
[520.233s][info][gc,heap        ] GC(982) PSYoungGen: 274814K(275968K)->3199K(276480K) Eden: 271872K(271872K)->0K(271872K) From: 2942K(4096K)->3199K(4608K)
[520.233s][info][gc,heap        ] GC(982) ParOldGen: 284705K(388096K)->284721K(388096K)
[520.233s][info][gc,metaspace   ] GC(982) Metaspace: 57706K(57984K)->57706K(57984K) NonClass: 52074K(52288K)->52074K(52288K) Class: 5632K(5696K)->5632K(5696K)
[520.233s][info][gc             ] GC(982) Pause Young (Allocation Failure) 546M->281M(649M) 5.280ms
[520.233s][info][gc,cpu         ] GC(982) User=0.01s Sys=0.00s Real=0.00s
[520.860s][info][gc,start       ] GC(983) Pause Young (Allocation Failure)
[520.865s][info][gc,heap        ] GC(983) PSYoungGen: 275071K(276480K)->2431K(327680K) Eden: 271872K(271872K)->0K(323584K) From: 3199K(4608K)->2431K(4096K)
[520.865s][info][gc,heap        ] GC(983) ParOldGen: 284721K(388096K)->284737K(388096K)
[520.865s][info][gc,metaspace   ] GC(983) Metaspace: 57706K(57984K)->57706K(57984K) NonClass: 52074K(52288K)->52074K(52288K) Class: 5632K(5696K)->5632K(5696K)
[520.865s][info][gc             ] GC(983) Pause Young (Allocation Failure) 546M->280M(699M) 4.910ms
[520.865s][info][gc,cpu         ] GC(983) User=0.01s Sys=0.00s Real=0.01s
[521.607s][info][gc,start       ] GC(984) Pause Young (Allocation Failure)
[521.609s][info][gc,heap        ] GC(984) PSYoungGen: 325990K(327680K)->224K(311296K) Eden: 323559K(323584K)->0K(310784K) From: 2431K(4096K)->224K(512K)
[521.609s][info][gc,heap        ] GC(984) ParOldGen: 284737K(388096K)->284753K(388096K)
[521.609s][info][gc,metaspace   ] GC(984) Metaspace: 57706K(57984K)->57706K(57984K) NonClass: 52074K(52288K)->52074K(52288K) Class: 5632K(5696K)->5632K(5696K)
[521.609s][info][gc             ] GC(984) Pause Young (Allocation Failure) 596M->278M(683M) 1.934ms
[521.609s][info][gc,cpu         ] GC(984) User=0.00s Sys=0.00s Real=0.00s
[522.312s][info][gc,start       ] GC(985) Pause Young (Allocation Failure)
[522.316s][info][gc,heap        ] GC(985) PSYoungGen: 311008K(311296K)->1184K(300032K) Eden: 310784K(310784K)->0K(298496K) From: 224K(512K)->1184K(1536K)
[522.316s][info][gc,heap        ] GC(985) ParOldGen: 284753K(388096K)->284777K(388096K)
[522.316s][info][gc,metaspace   ] GC(985) Metaspace: 57706K(57984K)->57706K(57984K) NonClass: 52074K(52288K)->52074K(52288K) Class: 5632K(5696K)->5632K(5696K)
[522.316s][info][gc             ] GC(985) Pause Young (Allocation Failure) 581M->279M(672M) 4.019ms
[522.316s][info][gc,cpu         ] GC(985) User=0.00s Sys=0.00s Real=0.01s
[523.008s][info][gc,start       ] GC(986) Pause Young (Allocation Failure)
[523.010s][info][gc,heap        ] GC(986) PSYoungGen: 299680K(300032K)->708K(287744K) Eden: 298496K(298496K)->0K(286720K) From: 1184K(1536K)->708K(1024K)
[523.010s][info][gc,heap        ] GC(986) ParOldGen: 284777K(388096K)->284793K(388096K)
[523.010s][info][gc,metaspace   ] GC(986) Metaspace: 57706K(57984K)->57706K(57984K) NonClass: 52074K(52288K)->52074K(52288K) Class: 5632K(5696K)->5632K(5696K)
[523.010s][info][gc             ] GC(986) Pause Young (Allocation Failure) 570M->278M(660M) 2.194ms
[523.010s][info][gc,cpu         ] GC(986) User=0.01s Sys=0.00s Real=0.00s
[523.626s][info][gc,start       ] GC(987) Pause Young (Allocation Failure)
[523.631s][info][gc,heap        ] GC(987) PSYoungGen: 287428K(287744K)->3198K(279040K) Eden: 286720K(286720K)->0K(275456K) From: 708K(1024K)->3198K(3584K)
[523.631s][info][gc,heap        ] GC(987) ParOldGen: 284793K(388096K)->284809K(388096K)
[523.631s][info][gc,metaspace   ] GC(987) Metaspace: 57706K(57984K)->57706K(57984K) NonClass: 52074K(52288K)->52074K(52288K) Class: 5632K(5696K)->5632K(5696K)
[523.631s][info][gc             ] GC(987) Pause Young (Allocation Failure) 558M->281M(651M) 5.005ms
[523.631s][info][gc,cpu         ] GC(987) User=0.01s Sys=0.00s Real=0.00s
[524.239s][info][gc,start       ] GC(988) Pause Young (Allocation Failure)
[524.242s][info][gc,heap        ] GC(988) PSYoungGen: 278654K(279040K)->2111K(267264K) Eden: 275456K(275456K)->0K(264704K) From: 3198K(3584K)->2111K(2560K)
[524.242s][info][gc,heap        ] GC(988) ParOldGen: 284809K(388096K)->284825K(388096K)
[524.242s][info][gc,metaspace   ] GC(988) Metaspace: 57706K(57984K)->57706K(57984K) NonClass: 52074K(52288K)->52074K(52288K) Class: 5632K(5696K)->5632K(5696K)
[524.242s][info][gc             ] GC(988) Pause Young (Allocation Failure) 550M->280M(640M) 3.727ms
[524.242s][info][gc,cpu         ] GC(988) User=0.01s Sys=0.00s Real=0.00s
[524.942s][info][gc,start       ] GC(989) Pause Young (Allocation Failure)
[524.959s][info][gc,heap        ] GC(989) PSYoungGen: 266815K(267264K)->2271K(316416K) Eden: 264704K(264704K)->0K(312832K) From: 2111K(2560K)->2271K(3584K)
[524.959s][info][gc,heap        ] GC(989) ParOldGen: 284825K(388096K)->284841K(388096K)
[524.959s][info][gc,metaspace   ] GC(989) Metaspace: 57706K(57984K)->57706K(57984K) NonClass: 52074K(52288K)->52074K(52288K) Class: 5632K(5696K)->5632K(5696K)
[524.959s][info][gc             ] GC(989) Pause Young (Allocation Failure) 538M->280M(688M) 16.623ms
[524.959s][info][gc,cpu         ] GC(989) User=0.01s Sys=0.00s Real=0.02s
[525.643s][info][gc,start       ] GC(990) Pause Young (Allocation Failure)
[525.647s][info][gc,heap        ] GC(990) PSYoungGen: 314800K(316416K)->1440K(302080K) Eden: 312529K(312832K)->0K(300544K) From: 2271K(3584K)->1440K(1536K)
[525.647s][info][gc,heap        ] GC(990) ParOldGen: 284841K(388096K)->284857K(388096K)
[525.647s][info][gc,metaspace   ] GC(990) Metaspace: 57706K(57984K)->57706K(57984K) NonClass: 52074K(52288K)->52074K(52288K) Class: 5632K(5696K)->5632K(5696K)
[525.647s][info][gc             ] GC(990) Pause Young (Allocation Failure) 585M->279M(674M) 3.350ms
[525.647s][info][gc,cpu         ] GC(990) User=0.00s Sys=0.00s Real=0.01s
[526.332s][info][gc,start       ] GC(991) Pause Young (Allocation Failure)
[526.336s][info][gc,heap        ] GC(991) PSYoungGen: 301984K(302080K)->2464K(291328K) Eden: 300544K(300544K)->0K(288768K) From: 1440K(1536K)->2464K(2560K)
[526.336s][info][gc,heap        ] GC(991) ParOldGen: 284857K(388096K)->284873K(388096K)
[526.336s][info][gc,metaspace   ] GC(991) Metaspace: 57706K(57984K)->57706K(57984K) NonClass: 52074K(52288K)->52074K(52288K) Class: 5632K(5696K)->5632K(5696K)
[526.336s][info][gc             ] GC(991) Pause Young (Allocation Failure) 573M->280M(663M) 4.322ms
[526.336s][info][gc,cpu         ] GC(991) User=0.00s Sys=0.00s Real=0.01s
[527.014s][info][gc,start       ] GC(992) Pause Young (Allocation Failure)
[527.017s][info][gc,heap        ] GC(992) PSYoungGen: 291232K(291328K)->863K(278528K) Eden: 288768K(288768K)->0K(277504K) From: 2464K(2560K)->863K(1024K)
[527.017s][info][gc,heap        ] GC(992) ParOldGen: 284873K(388096K)->284889K(388096K)
[527.017s][info][gc,metaspace   ] GC(992) Metaspace: 57706K(57984K)->57706K(57984K) NonClass: 52074K(52288K)->52074K(52288K) Class: 5632K(5696K)->5632K(5696K)
[527.017s][info][gc             ] GC(992) Pause Young (Allocation Failure) 562M->279M(651M) 2.278ms
[527.017s][info][gc,cpu         ] GC(992) User=0.00s Sys=0.00s Real=0.01s
[527.628s][info][gc,start       ] GC(993) Pause Young (Allocation Failure)
[527.633s][info][gc,heap        ] GC(993) PSYoungGen: 278367K(278528K)->2848K(269824K) Eden: 277504K(277504K)->0K(266752K) From: 863K(1024K)->2848K(3072K)
[527.633s][info][gc,heap        ] GC(993) ParOldGen: 284889K(388096K)->284905K(388096K)
[527.633s][info][gc,metaspace   ] GC(993) Metaspace: 57706K(57984K)->57706K(57984K) NonClass: 52074K(52288K)->52074K(52288K) Class: 5632K(5696K)->5632K(5696K)
[527.633s][info][gc             ] GC(993) Pause Young (Allocation Failure) 550M->281M(642M) 5.268ms
[527.633s][info][gc,cpu         ] GC(993) User=0.01s Sys=0.00s Real=0.00s
[528.230s][info][gc,start       ] GC(994) Pause Young (Allocation Failure)
[528.235s][info][gc,heap        ] GC(994) PSYoungGen: 269600K(269824K)->3423K(260096K) Eden: 266752K(266752K)->0K(256512K) From: 2848K(3072K)->3423K(3584K)
[528.235s][info][gc,heap        ] GC(994) ParOldGen: 284905K(388096K)->284921K(388096K)
[528.235s][info][gc,metaspace   ] GC(994) Metaspace: 57706K(57984K)->57706K(57984K) NonClass: 52074K(52288K)->52074K(52288K) Class: 5632K(5696K)->5632K(5696K)
[528.235s][info][gc             ] GC(994) Pause Young (Allocation Failure) 541M->281M(633M) 5.374ms
[528.235s][info][gc,cpu         ] GC(994) User=0.01s Sys=0.00s Real=0.00s
[528.825s][info][gc,start       ] GC(995) Pause Young (Allocation Failure)
[528.830s][info][gc,heap        ] GC(995) PSYoungGen: 259935K(260096K)->2943K(249856K) Eden: 256512K(256512K)->0K(246784K) From: 3423K(3584K)->2943K(3072K)
[528.830s][info][gc,heap        ] GC(995) ParOldGen: 284921K(388096K)->284937K(388096K)
[528.830s][info][gc,metaspace   ] GC(995) Metaspace: 57706K(57984K)->57706K(57984K) NonClass: 52074K(52288K)->52074K(52288K) Class: 5632K(5696K)->5632K(5696K)
[528.830s][info][gc             ] GC(995) Pause Young (Allocation Failure) 532M->281M(623M) 4.633ms
[528.830s][info][gc,cpu         ] GC(995) User=0.01s Sys=0.00s Real=0.01s
[529.417s][info][gc,start       ] GC(996) Pause Young (Allocation Failure)
[529.419s][info][gc,heap        ] GC(996) PSYoungGen: 249727K(249856K)->352K(238080K) Eden: 246784K(246784K)->0K(237568K) From: 2943K(3072K)->352K(512K)
[529.419s][info][gc,heap        ] GC(996) ParOldGen: 284937K(388096K)->284953K(388096K)
[529.419s][info][gc,metaspace   ] GC(996) Metaspace: 57706K(57984K)->57706K(57984K) NonClass: 52074K(52288K)->52074K(52288K) Class: 5632K(5696K)->5632K(5696K)
[529.419s][info][gc             ] GC(996) Pause Young (Allocation Failure) 522M->278M(611M) 2.055ms
[529.419s][info][gc,cpu         ] GC(996) User=0.00s Sys=0.00s Real=0.00s
[529.920s][info][gc,start       ] GC(997) Pause Young (Allocation Failure)
[529.924s][info][gc,heap        ] GC(997) PSYoungGen: 237920K(238080K)->2239K(231424K) Eden: 237568K(237568K)->0K(228864K) From: 352K(512K)->2239K(2560K)
[529.924s][info][gc,heap        ] GC(997) ParOldGen: 284953K(388096K)->284969K(388096K)
[529.924s][info][gc,metaspace   ] GC(997) Metaspace: 57706K(57984K)->57706K(57984K) NonClass: 52074K(52288K)->52074K(52288K) Class: 5632K(5696K)->5632K(5696K)
[529.924s][info][gc             ] GC(997) Pause Young (Allocation Failure) 510M->280M(605M) 3.999ms
[529.924s][info][gc,cpu         ] GC(997) User=0.00s Sys=0.00s Real=0.00s
[530.487s][info][gc,start       ] GC(998) Pause Young (Allocation Failure)
[530.490s][info][gc,heap        ] GC(998) PSYoungGen: 230874K(231424K)->1664K(222720K) Eden: 228635K(228864K)->0K(220672K) From: 2239K(2560K)->1664K(2048K)
[530.490s][info][gc,heap        ] GC(998) ParOldGen: 284969K(388096K)->284985K(388096K)
[530.490s][info][gc,metaspace   ] GC(998) Metaspace: 57706K(57984K)->57706K(57984K) NonClass: 52074K(52288K)->52074K(52288K) Class: 5632K(5696K)->5632K(5696K)
[530.490s][info][gc             ] GC(998) Pause Young (Allocation Failure) 503M->279M(596M) 3.539ms
[530.490s][info][gc,cpu         ] GC(998) User=0.00s Sys=0.00s Real=0.00s
[530.925s][info][gc,start       ] GC(999) Pause Young (Allocation Failure)
[530.930s][info][gc,heap        ] GC(999) PSYoungGen: 222336K(222720K)->3071K(215552K) Eden: 220672K(220672K)->0K(212480K) From: 1664K(2048K)->3071K(3072K)
[530.930s][info][gc,heap        ] GC(999) ParOldGen: 284985K(388096K)->285001K(388096K)
[530.930s][info][gc,metaspace   ] GC(999) Metaspace: 57706K(57984K)->57706K(57984K) NonClass: 52074K(52288K)->52074K(52288K) Class: 5632K(5696K)->5632K(5696K)
[530.930s][info][gc             ] GC(999) Pause Young (Allocation Failure) 495M->281M(589M) 4.890ms
[530.930s][info][gc,cpu         ] GC(999) User=0.01s Sys=0.00s Real=0.01s
[531.445s][info][gc,start       ] GC(1000) Pause Young (Allocation Failure)
[531.461s][info][gc,heap        ] GC(1000) PSYoungGen: 215551K(215552K)->2480K(256000K) Eden: 212480K(212480K)->0K(253440K) From: 3071K(3072K)->2480K(2560K)
[531.461s][info][gc,heap        ] GC(1000) ParOldGen: 285001K(388096K)->285017K(388096K)
[531.461s][info][gc,metaspace   ] GC(1000) Metaspace: 57706K(57984K)->57706K(57984K) NonClass: 52074K(52288K)->52074K(52288K) Class: 5632K(5696K)->5632K(5696K)
[531.461s][info][gc             ] GC(1000) Pause Young (Allocation Failure) 488M->280M(629M) 15.381ms
[531.461s][info][gc,cpu         ] GC(1000) User=0.01s Sys=0.00s Real=0.01s
[531.996s][info][gc,start       ] GC(1001) Pause Young (Allocation Failure)
[531.999s][info][gc,heap        ] GC(1001) PSYoungGen: 255920K(256000K)->64K(294912K) Eden: 253440K(253440K)->0K(290816K) From: 2480K(2560K)->64K(4096K)
[531.999s][info][gc,heap        ] GC(1001) ParOldGen: 285017K(388096K)->285033K(388096K)
[531.999s][info][gc,metaspace   ] GC(1001) Metaspace: 57706K(57984K)->57706K(57984K) NonClass: 52074K(52288K)->52074K(52288K) Class: 5632K(5696K)->5632K(5696K)
[531.999s][info][gc             ] GC(1001) Pause Young (Allocation Failure) 528M->278M(667M) 2.646ms
[531.999s][info][gc,cpu         ] GC(1001) User=0.00s Sys=0.00s Real=0.00s
[532.627s][info][gc,start       ] GC(1002) Pause Young (Allocation Failure)
[532.631s][info][gc,heap        ] GC(1002) PSYoungGen: 290880K(294912K)->1568K(281600K) Eden: 290816K(290816K)->0K(279552K) From: 64K(4096K)->1568K(2048K)
[532.631s][info][gc,heap        ] GC(1002) ParOldGen: 285033K(388096K)->285049K(388096K)
[532.631s][info][gc,metaspace   ] GC(1002) Metaspace: 57706K(57984K)->57706K(57984K) NonClass: 52074K(52288K)->52074K(52288K) Class: 5632K(5696K)->5632K(5696K)
[532.631s][info][gc             ] GC(1002) Pause Young (Allocation Failure) 562M->279M(654M) 3.561ms
[532.631s][info][gc,cpu         ] GC(1002) User=0.00s Sys=0.01s Real=0.00s
[533.251s][info][gc,start       ] GC(1003) Pause Young (Allocation Failure)
[533.254s][info][gc,heap        ] GC(1003) PSYoungGen: 281120K(281600K)->1151K(270336K) Eden: 279552K(279552K)->0K(268800K) From: 1568K(2048K)->1151K(1536K)
[533.254s][info][gc,heap        ] GC(1003) ParOldGen: 285049K(388096K)->285065K(388096K)
[533.254s][info][gc,metaspace   ] GC(1003) Metaspace: 57706K(57984K)->57706K(57984K) NonClass: 52074K(52288K)->52074K(52288K) Class: 5632K(5696K)->5632K(5696K)
[533.254s][info][gc             ] GC(1003) Pause Young (Allocation Failure) 552M->279M(643M) 2.728ms
[533.254s][info][gc,cpu         ] GC(1003) User=0.01s Sys=0.00s Real=0.00s
[533.910s][info][gc,start       ] GC(1004) Pause Young (Allocation Failure)
[533.912s][info][gc,heap        ] GC(1004) PSYoungGen: 269951K(270336K)->1041K(260096K) Eden: 268800K(268800K)->0K(258560K) From: 1151K(1536K)->1041K(1536K)
[533.912s][info][gc,heap        ] GC(1004) ParOldGen: 285065K(388096K)->285081K(388096K)
[533.912s][info][gc,metaspace   ] GC(1004) Metaspace: 57706K(57984K)->57706K(57984K) NonClass: 52074K(52288K)->52074K(52288K) Class: 5632K(5696K)->5632K(5696K)
[533.912s][info][gc             ] GC(1004) Pause Young (Allocation Failure) 542M->279M(633M) 2.600ms
[533.913s][info][gc,cpu         ] GC(1004) User=0.01s Sys=0.00s Real=0.00s
[534.451s][info][gc,start       ] GC(1005) Pause Young (Allocation Failure)
[534.454s][info][gc,heap        ] GC(1005) PSYoungGen: 259601K(260096K)->1535K(250368K) Eden: 258560K(258560K)->0K(248832K) From: 1041K(1536K)->1535K(1536K)
[534.454s][info][gc,heap        ] GC(1005) ParOldGen: 285081K(388096K)->285097K(388096K)
[534.454s][info][gc,metaspace   ] GC(1005) Metaspace: 57706K(57984K)->57706K(57984K) NonClass: 52074K(52288K)->52074K(52288K) Class: 5632K(5696K)->5632K(5696K)
[534.454s][info][gc             ] GC(1005) Pause Young (Allocation Failure) 531M->279M(623M) 3.191ms
[534.454s][info][gc,cpu         ] GC(1005) User=0.01s Sys=0.00s Real=0.00s
[535.033s][info][gc,start       ] GC(1006) Pause Young (Allocation Failure)
[535.038s][info][gc,heap        ] GC(1006) PSYoungGen: 250367K(250368K)->3359K(243200K) Eden: 248832K(248832K)->0K(239616K) From: 1535K(1536K)->3359K(3584K)
[535.038s][info][gc,heap        ] GC(1006) ParOldGen: 285097K(388096K)->285113K(388096K)
[535.038s][info][gc,metaspace   ] GC(1006) Metaspace: 57706K(57984K)->57706K(57984K) NonClass: 52074K(52288K)->52074K(52288K) Class: 5632K(5696K)->5632K(5696K)
[535.038s][info][gc             ] GC(1006) Pause Young (Allocation Failure) 522M->281M(616M) 5.328ms
[535.038s][info][gc,cpu         ] GC(1006) User=0.01s Sys=0.00s Real=0.01s
[535.553s][info][gc,start       ] GC(1007) Pause Young (Allocation Failure)
[535.555s][info][gc,heap        ] GC(1007) PSYoungGen: 242975K(243200K)->671K(231936K) Eden: 239616K(239616K)->0K(230912K) From: 3359K(3584K)->671K(1024K)
[535.556s][info][gc,heap        ] GC(1007) ParOldGen: 285113K(388096K)->285129K(388096K)
[535.556s][info][gc,metaspace   ] GC(1007) Metaspace: 57706K(57984K)->57706K(57984K) NonClass: 52074K(52288K)->52074K(52288K) Class: 5632K(5696K)->5632K(5696K)
[535.556s][info][gc             ] GC(1007) Pause Young (Allocation Failure) 515M->279M(605M) 2.126ms
[535.556s][info][gc,cpu         ] GC(1007) User=0.00s Sys=0.00s Real=0.01s
[536.112s][info][gc,start       ] GC(1008) Pause Young (Allocation Failure)
[536.115s][info][gc,heap        ] GC(1008) PSYoungGen: 231583K(231936K)->1211K(226816K) Eden: 230912K(230912K)->0K(222208K) From: 671K(1024K)->1211K(4608K)
[536.115s][info][gc,heap        ] GC(1008) ParOldGen: 285129K(388096K)->285145K(388096K)
[536.115s][info][gc,metaspace   ] GC(1008) Metaspace: 57706K(57984K)->57706K(57984K) NonClass: 52074K(52288K)->52074K(52288K) Class: 5632K(5696K)->5632K(5696K)
[536.115s][info][gc             ] GC(1008) Pause Young (Allocation Failure) 504M->279M(600M) 2.932ms
[536.115s][info][gc,cpu         ] GC(1008) User=0.00s Sys=0.01s Real=0.01s
[536.664s][info][gc,start       ] GC(1009) Pause Young (Allocation Failure)
[536.667s][info][gc,heap        ] GC(1009) PSYoungGen: 223419K(226816K)->1184K(215552K) Eden: 222208K(222208K)->0K(214016K) From: 1211K(4608K)->1184K(1536K)
[536.667s][info][gc,heap        ] GC(1009) ParOldGen: 285145K(388096K)->285161K(388096K)
[536.667s][info][gc,metaspace   ] GC(1009) Metaspace: 57706K(57984K)->57706K(57984K) NonClass: 52074K(52288K)->52074K(52288K) Class: 5632K(5696K)->5632K(5696K)
[536.667s][info][gc             ] GC(1009) Pause Young (Allocation Failure) 496M->279M(589M) 3.085ms
[536.667s][info][gc,cpu         ] GC(1009) User=0.01s Sys=0.00s Real=0.01s
[537.048s][info][gc,start       ] GC(1010) Pause Young (Allocation Failure)
[537.051s][info][gc,heap        ] GC(1010) PSYoungGen: 215053K(215552K)->544K(207360K) Eden: 213869K(214016K)->0K(206336K) From: 1184K(1536K)->544K(1024K)
[537.051s][info][gc,heap        ] GC(1010) ParOldGen: 285161K(388096K)->285177K(388096K)
[537.051s][info][gc,metaspace   ] GC(1010) Metaspace: 57706K(57984K)->57706K(57984K) NonClass: 52074K(52288K)->52074K(52288K) Class: 5632K(5696K)->5632K(5696K)
[537.051s][info][gc             ] GC(1010) Pause Young (Allocation Failure) 488M->279M(581M) 2.303ms
[537.051s][info][gc,cpu         ] GC(1010) User=0.00s Sys=0.00s Real=0.00s
[537.530s][info][gc,start       ] GC(1011) Pause Young (Allocation Failure)
[537.535s][info][gc,heap        ] GC(1011) PSYoungGen: 206880K(207360K)->3167K(202752K) Eden: 206336K(206336K)->0K(199168K) From: 544K(1024K)->3167K(3584K)
[537.535s][info][gc,heap        ] GC(1011) ParOldGen: 285177K(388096K)->285193K(388096K)
[537.535s][info][gc,metaspace   ] GC(1011) Metaspace: 57706K(57984K)->57706K(57984K) NonClass: 52074K(52288K)->52074K(52288K) Class: 5632K(5696K)->5632K(5696K)
[537.535s][info][gc             ] GC(1011) Pause Young (Allocation Failure) 480M->281M(577M) 4.954ms
[537.535s][info][gc,cpu         ] GC(1011) User=0.01s Sys=0.00s Real=0.01s
[538.013s][info][gc,start       ] GC(1012) Pause Young (Allocation Failure)
[538.016s][info][gc,heap        ] GC(1012) PSYoungGen: 202335K(202752K)->1343K(193536K) Eden: 199168K(199168K)->0K(192000K) From: 3167K(3584K)->1343K(1536K)
[538.016s][info][gc,heap        ] GC(1012) ParOldGen: 285193K(388096K)->285209K(388096K)
[538.016s][info][gc,metaspace   ] GC(1012) Metaspace: 57706K(57984K)->57706K(57984K) NonClass: 52074K(52288K)->52074K(52288K) Class: 5632K(5696K)->5632K(5696K)
[538.016s][info][gc             ] GC(1012) Pause Young (Allocation Failure) 476M->279M(568M) 3.092ms
[538.016s][info][gc,cpu         ] GC(1012) User=0.00s Sys=0.00s Real=0.01s
[538.426s][info][gc,start       ] GC(1013) Pause Young (Allocation Failure)
[538.431s][info][gc,heap        ] GC(1013) PSYoungGen: 193343K(193536K)->2719K(188416K) Eden: 192000K(192000K)->0K(185344K) From: 1343K(1536K)->2719K(3072K)
[538.431s][info][gc,heap        ] GC(1013) ParOldGen: 285209K(388096K)->285225K(388096K)
[538.431s][info][gc,metaspace   ] GC(1013) Metaspace: 57706K(57984K)->57706K(57984K) NonClass: 52074K(52288K)->52074K(52288K) Class: 5632K(5696K)->5632K(5696K)
[538.431s][info][gc             ] GC(1013) Pause Young (Allocation Failure) 467M->281M(563M) 4.213ms
[538.431s][info][gc,cpu         ] GC(1013) User=0.01s Sys=0.00s Real=0.00s
[539.744s][info][gc,start       ] GC(1014) Pause Young (Allocation Failure)
[539.754s][info][gc,heap        ] GC(1014) PSYoungGen: 152740K(188416K)->64K(179200K) Eden: 150021K(185344K)->0K(178688K) From: 2719K(3072K)->64K(512K)
[539.754s][info][gc,heap        ] GC(1014) ParOldGen: 285225K(388096K)->324303K(388096K)
[539.755s][info][gc,metaspace   ] GC(1014) Metaspace: 57713K(57984K)->57713K(57984K) NonClass: 52081K(52288K)->52081K(52288K) Class: 5632K(5696K)->5632K(5696K)
[539.755s][info][gc             ] GC(1014) Pause Young (Allocation Failure) 427M->316M(554M) 10.678ms
[539.755s][info][gc,cpu         ] GC(1014) User=0.02s Sys=0.00s Real=0.01s
[541.343s][info][gc,start       ] GC(1015) Pause Young (Allocation Failure)
[541.360s][info][gc,heap        ] GC(1015) PSYoungGen: 178752K(179200K)->4600K(177152K) Eden: 178688K(178688K)->0K(172544K) From: 64K(512K)->4600K(4608K)
[541.360s][info][gc,heap        ] GC(1015) ParOldGen: 324303K(388096K)->375401K(388096K)
[541.360s][info][gc,metaspace   ] GC(1015) Metaspace: 57797K(58112K)->57797K(58112K) NonClass: 52164K(52416K)->52164K(52416K) Class: 5632K(5696K)->5632K(5696K)
[541.360s][info][gc             ] GC(1015) Pause Young (Allocation Failure) 491M->371M(552M) 16.863ms
[541.360s][info][gc,cpu         ] GC(1015) User=0.03s Sys=0.00s Real=0.02s
[541.706s][info][gc,start       ] GC(1016) Pause Young (Allocation Failure)
[541.714s][info][gc,heap        ] GC(1016) PSYoungGen: 177144K(177152K)->4214K(210432K) Eden: 172544K(172544K)->0K(205824K) From: 4600K(4608K)->4214K(4608K)
[541.714s][info][gc,heap        ] GC(1016) ParOldGen: 375401K(388096K)->379998K(388096K)
[541.714s][info][gc,metaspace   ] GC(1016) Metaspace: 57797K(58112K)->57797K(58112K) NonClass: 52164K(52416K)->52164K(52416K) Class: 5632K(5696K)->5632K(5696K)
[541.714s][info][gc             ] GC(1016) Pause Young (Allocation Failure) 539M->375M(584M) 8.347ms
[541.714s][info][gc,cpu         ] GC(1016) User=0.02s Sys=0.00s Real=0.00s
[542.135s][info][gc,start       ] GC(1017) Pause Young (Allocation Failure)
[542.142s][info][gc,heap        ] GC(1017) PSYoungGen: 209884K(210432K)->2912K(249344K) Eden: 205669K(205824K)->0K(226304K) From: 4214K(4608K)->2912K(23040K)
[542.142s][info][gc,heap        ] GC(1017) ParOldGen: 379998K(388096K)->383688K(388096K)
[542.142s][info][gc,metaspace   ] GC(1017) Metaspace: 57797K(58112K)->57797K(58112K) NonClass: 52164K(52416K)->52164K(52416K) Class: 5632K(5696K)->5632K(5696K)
[542.142s][info][gc             ] GC(1017) Pause Young (Allocation Failure) 576M->377M(622M) 6.562ms
[542.142s][info][gc,cpu         ] GC(1017) User=0.01s Sys=0.00s Real=0.01s
[542.638s][info][gc,start       ] GC(1018) Pause Young (Allocation Failure)
[542.641s][info][gc,heap        ] GC(1018) PSYoungGen: 229216K(249344K)->1824K(248320K) Eden: 226304K(226304K)->0K(226304K) From: 2912K(23040K)->1824K(22016K)
[542.641s][info][gc,heap        ] GC(1018) ParOldGen: 383688K(388096K)->383704K(388096K)
[542.641s][info][gc,metaspace   ] GC(1018) Metaspace: 57797K(58112K)->57797K(58112K) NonClass: 52164K(52416K)->52164K(52416K) Class: 5632K(5696K)->5632K(5696K)
[542.642s][info][gc             ] GC(1018) Pause Young (Allocation Failure) 598M->376M(621M) 3.746ms
[542.642s][info][gc,cpu         ] GC(1018) User=0.01s Sys=0.00s Real=0.00s
[543.144s][info][gc,start       ] GC(1019) Pause Young (Allocation Failure)
[543.147s][info][gc,heap        ] GC(1019) PSYoungGen: 228128K(248320K)->1215K(288256K) Eden: 226304K(226304K)->0K(269312K) From: 1824K(22016K)->1215K(18944K)
[543.147s][info][gc,heap        ] GC(1019) ParOldGen: 383704K(388096K)->383720K(388096K)
[543.147s][info][gc,metaspace   ] GC(1019) Metaspace: 57797K(58112K)->57797K(58112K) NonClass: 52164K(52416K)->52164K(52416K) Class: 5632K(5696K)->5632K(5696K)
[543.147s][info][gc             ] GC(1019) Pause Young (Allocation Failure) 597M->375M(660M) 3.175ms
[543.147s][info][gc,cpu         ] GC(1019) User=0.00s Sys=0.00s Real=0.01s
[543.810s][info][gc,start       ] GC(1020) Pause Young (Allocation Failure)
[543.812s][info][gc,heap        ] GC(1020) PSYoungGen: 270527K(288256K)->416K(259584K) Eden: 269312K(269312K)->0K(259072K) From: 1215K(18944K)->416K(512K)
[543.812s][info][gc,heap        ] GC(1020) ParOldGen: 383720K(388096K)->383736K(388096K)
[543.812s][info][gc,metaspace   ] GC(1020) Metaspace: 57797K(58112K)->57797K(58112K) NonClass: 52164K(52416K)->52164K(52416K) Class: 5632K(5696K)->5632K(5696K)
[543.812s][info][gc             ] GC(1020) Pause Young (Allocation Failure) 638M->375M(632M) 2.273ms
[543.812s][info][gc,cpu         ] GC(1020) User=0.00s Sys=0.00s Real=0.00s
[544.350s][info][gc,start       ] GC(1021) Pause Young (Allocation Failure)
[544.354s][info][gc,heap        ] GC(1021) PSYoungGen: 259488K(259584K)->1406K(257536K) Eden: 259072K(259072K)->0K(249344K) From: 416K(512K)->1406K(8192K)
[544.354s][info][gc,heap        ] GC(1021) ParOldGen: 383736K(388096K)->383752K(388096K)
[544.354s][info][gc,metaspace   ] GC(1021) Metaspace: 57797K(58112K)->57797K(58112K) NonClass: 52164K(52416K)->52164K(52416K) Class: 5632K(5696K)->5632K(5696K)
[544.354s][info][gc             ] GC(1021) Pause Young (Allocation Failure) 628M->376M(630M) 3.735ms
[544.354s][info][gc,cpu         ] GC(1021) User=0.00s Sys=0.01s Real=0.00s
[544.979s][info][gc,start       ] GC(1022) Pause Young (Allocation Failure)
[544.984s][info][gc,heap        ] GC(1022) PSYoungGen: 250713K(257536K)->2336K(242688K) Eden: 249306K(249344K)->0K(240128K) From: 1406K(8192K)->2336K(2560K)
[544.984s][info][gc,heap        ] GC(1022) ParOldGen: 383752K(388096K)->383768K(388096K)
[544.984s][info][gc,metaspace   ] GC(1022) Metaspace: 57797K(58112K)->57797K(58112K) NonClass: 52164K(52416K)->52164K(52416K) Class: 5632K(5696K)->5632K(5696K)
[544.984s][info][gc             ] GC(1022) Pause Young (Allocation Failure) 619M->377M(616M) 4.320ms
[544.984s][info][gc,cpu         ] GC(1022) User=0.01s Sys=0.00s Real=0.00s
[545.506s][info][gc,start       ] GC(1023) Pause Young (Allocation Failure)
[545.509s][info][gc,heap        ] GC(1023) PSYoungGen: 242464K(242688K)->608K(235008K) Eden: 240128K(240128K)->0K(230912K) From: 2336K(2560K)->608K(4096K)
[545.509s][info][gc,heap        ] GC(1023) ParOldGen: 383768K(388096K)->383784K(388096K)
[545.509s][info][gc,metaspace   ] GC(1023) Metaspace: 57797K(58112K)->57797K(58112K) NonClass: 52164K(52416K)->52164K(52416K) Class: 5632K(5696K)->5632K(5696K)
[545.509s][info][gc             ] GC(1023) Pause Young (Allocation Failure) 611M->375M(608M) 2.885ms
[545.509s][info][gc,cpu         ] GC(1023) User=0.00s Sys=0.00s Real=0.00s
[546.015s][info][gc,start       ] GC(1024) Pause Young (Allocation Failure)
[546.018s][info][gc,heap        ] GC(1024) PSYoungGen: 231520K(235008K)->1664K(224256K) Eden: 230912K(230912K)->0K(222208K) From: 608K(4096K)->1664K(2048K)
[546.018s][info][gc,heap        ] GC(1024) ParOldGen: 383784K(388096K)->383800K(388096K)
[546.018s][info][gc,metaspace   ] GC(1024) Metaspace: 57797K(58112K)->57797K(58112K) NonClass: 52164K(52416K)->52164K(52416K) Class: 5632K(5696K)->5632K(5696K)
[546.018s][info][gc             ] GC(1024) Pause Young (Allocation Failure) 600M->376M(598M) 3.629ms
[546.018s][info][gc,cpu         ] GC(1024) User=0.01s Sys=0.00s Real=0.01s
[546.521s][info][gc,start       ] GC(1025) Pause Young (Allocation Failure)
[546.526s][info][gc,heap        ] GC(1025) PSYoungGen: 223622K(224256K)->2336K(216576K) Eden: 221958K(222208K)->0K(214016K) From: 1664K(2048K)->2336K(2560K)
[546.526s][info][gc,heap        ] GC(1025) ParOldGen: 383800K(388096K)->383816K(388096K)
[546.526s][info][gc,metaspace   ] GC(1025) Metaspace: 57797K(58112K)->57797K(58112K) NonClass: 52164K(52416K)->52164K(52416K) Class: 5632K(5696K)->5632K(5696K)
[546.526s][info][gc             ] GC(1025) Pause Young (Allocation Failure) 593M->377M(590M) 5.069ms
[546.526s][info][gc,cpu         ] GC(1025) User=0.01s Sys=0.00s Real=0.01s
[547.014s][info][gc,start       ] GC(1026) Pause Young (Allocation Failure)
[547.018s][info][gc,heap        ] GC(1026) PSYoungGen: 216352K(216576K)->1631K(208384K) Eden: 214016K(214016K)->0K(206336K) From: 2336K(2560K)->1631K(2048K)
[547.018s][info][gc,heap        ] GC(1026) ParOldGen: 383816K(388096K)->383832K(388096K)
[547.018s][info][gc,metaspace   ] GC(1026) Metaspace: 57797K(58112K)->57797K(58112K) NonClass: 52164K(52416K)->52164K(52416K) Class: 5632K(5696K)->5632K(5696K)
[547.018s][info][gc             ] GC(1026) Pause Young (Allocation Failure) 586M->376M(582M) 4.124ms
[547.018s][info][gc,cpu         ] GC(1026) User=0.01s Sys=0.00s Real=0.01s
[547.450s][info][gc,start       ] GC(1027) Pause Young (Allocation Failure)
[547.453s][info][gc,heap        ] GC(1027) PSYoungGen: 207967K(208384K)->672K(200192K) Eden: 206336K(206336K)->0K(199168K) From: 1631K(2048K)->672K(1024K)
[547.453s][info][gc,heap        ] GC(1027) ParOldGen: 383832K(388096K)->383848K(388096K)
[547.453s][info][gc,metaspace   ] GC(1027) Metaspace: 57797K(58112K)->57797K(58112K) NonClass: 52164K(52416K)->52164K(52416K) Class: 5632K(5696K)->5632K(5696K)
[547.453s][info][gc             ] GC(1027) Pause Young (Allocation Failure) 577M->375M(574M) 3.338ms
[547.453s][info][gc,cpu         ] GC(1027) User=0.00s Sys=0.00s Real=0.00s
[547.923s][info][gc,start       ] GC(1028) Pause Young (Allocation Failure)
[547.927s][info][gc,heap        ] GC(1028) PSYoungGen: 199840K(200192K)->2176K(205824K) Eden: 199168K(199168K)->0K(192000K) From: 672K(1024K)->2176K(13824K)
[547.927s][info][gc,heap        ] GC(1028) ParOldGen: 383848K(388096K)->383864K(388096K)
[547.927s][info][gc,metaspace   ] GC(1028) Metaspace: 57797K(58112K)->57797K(58112K) NonClass: 52164K(52416K)->52164K(52416K) Class: 5632K(5696K)->5632K(5696K)
[547.927s][info][gc             ] GC(1028) Pause Young (Allocation Failure) 570M->376M(580M) 4.044ms
[547.927s][info][gc,cpu         ] GC(1028) User=0.01s Sys=0.00s Real=0.01s
[548.337s][info][gc,start       ] GC(1029) Pause Young (Allocation Failure)
[548.342s][info][gc,heap        ] GC(1029) PSYoungGen: 194176K(205824K)->3039K(188416K) Eden: 192000K(192000K)->0K(185344K) From: 2176K(13824K)->3039K(3072K)
[548.342s][info][gc,heap        ] GC(1029) ParOldGen: 383864K(388096K)->383880K(388096K)
[548.342s][info][gc,metaspace   ] GC(1029) Metaspace: 57797K(58112K)->57797K(58112K) NonClass: 52164K(52416K)->52164K(52416K) Class: 5632K(5696K)->5632K(5696K)
[548.342s][info][gc             ] GC(1029) Pause Young (Allocation Failure) 564M->377M(563M) 5.249ms
[548.342s][info][gc,cpu         ] GC(1029) User=0.01s Sys=0.00s Real=0.00s
[548.795s][info][gc,start       ] GC(1030) Pause Young (Allocation Failure)
[548.797s][info][gc,heap        ] GC(1030) PSYoungGen: 188383K(188416K)->1183K(180224K) Eden: 185344K(185344K)->0K(178688K) From: 3039K(3072K)->1183K(1536K)
[548.797s][info][gc,heap        ] GC(1030) ParOldGen: 383880K(388096K)->383896K(388096K)
[548.797s][info][gc,metaspace   ] GC(1030) Metaspace: 57797K(58112K)->57797K(58112K) NonClass: 52164K(52416K)->52164K(52416K) Class: 5632K(5696K)->5632K(5696K)
[548.797s][info][gc             ] GC(1030) Pause Young (Allocation Failure) 558M->376M(555M) 2.824ms
[548.797s][info][gc,cpu         ] GC(1030) User=0.01s Sys=0.00s Real=0.01s
[549.149s][info][gc,start       ] GC(1031) Pause Young (Allocation Failure)
[549.153s][info][gc,heap        ] GC(1031) PSYoungGen: 179791K(180224K)->704K(173568K) Eden: 178608K(178688K)->0K(172544K) From: 1183K(1536K)->704K(1024K)
[549.153s][info][gc,heap        ] GC(1031) ParOldGen: 383896K(388096K)->383912K(388096K)
[549.153s][info][gc,metaspace   ] GC(1031) Metaspace: 57797K(58112K)->57797K(58112K) NonClass: 52164K(52416K)->52164K(52416K) Class: 5632K(5696K)->5632K(5696K)
[549.153s][info][gc             ] GC(1031) Pause Young (Allocation Failure) 550M->375M(548M) 3.256ms
[549.153s][info][gc,cpu         ] GC(1031) User=0.01s Sys=0.00s Real=0.00s
[549.545s][info][gc,start       ] GC(1032) Pause Young (Allocation Failure)
[549.548s][info][gc,heap        ] GC(1032) PSYoungGen: 173248K(173568K)->1663K(178176K) Eden: 172544K(172544K)->0K(166912K) From: 704K(1024K)->1663K(11264K)
[549.548s][info][gc,heap        ] GC(1032) ParOldGen: 383912K(388096K)->383928K(388096K)
[549.548s][info][gc,metaspace   ] GC(1032) Metaspace: 57797K(58112K)->57797K(58112K) NonClass: 52164K(52416K)->52164K(52416K) Class: 5632K(5696K)->5632K(5696K)
[549.548s][info][gc             ] GC(1032) Pause Young (Allocation Failure) 544M->376M(553M) 3.242ms
[549.548s][info][gc,cpu         ] GC(1032) User=0.01s Sys=0.00s Real=0.01s
[550.004s][info][gc,start       ] GC(1033) Pause Young (Allocation Failure)
[550.016s][info][gc,heap        ] GC(1033) PSYoungGen: 168575K(178176K)->3424K(198656K) Eden: 166912K(166912K)->0K(188416K) From: 1663K(11264K)->3424K(10240K)
[550.016s][info][gc,heap        ] GC(1033) ParOldGen: 383928K(388096K)->383944K(388096K)
[550.016s][info][gc,metaspace   ] GC(1033) Metaspace: 57797K(58112K)->57797K(58112K) NonClass: 52164K(52416K)->52164K(52416K) Class: 5632K(5696K)->5632K(5696K)
[550.016s][info][gc             ] GC(1033) Pause Young (Allocation Failure) 539M->378M(573M) 12.292ms
[550.016s][info][gc,cpu         ] GC(1033) User=0.01s Sys=0.00s Real=0.02s
[550.346s][info][gc,start       ] GC(1034) Pause Young (Allocation Failure)
[550.350s][info][gc,heap        ] GC(1034) PSYoungGen: 191774K(198656K)->1632K(198144K) Eden: 188350K(188416K)->0K(188416K) From: 3424K(10240K)->1632K(9728K)
[550.350s][info][gc,heap        ] GC(1034) ParOldGen: 383944K(388096K)->383960K(388096K)
[550.350s][info][gc,metaspace   ] GC(1034) Metaspace: 57797K(58112K)->57797K(58112K) NonClass: 52164K(52416K)->52164K(52416K) Class: 5632K(5696K)->5632K(5696K)
[550.350s][info][gc             ] GC(1034) Pause Young (Allocation Failure) 562M->376M(572M) 3.561ms
[550.350s][info][gc,cpu         ] GC(1034) User=0.01s Sys=0.01s Real=0.00s
[550.809s][info][gc,start       ] GC(1035) Pause Young (Allocation Failure)
[550.812s][info][gc,heap        ] GC(1035) PSYoungGen: 190048K(198144K)->959K(232960K) Eden: 188416K(188416K)->0K(224256K) From: 1632K(9728K)->959K(8704K)
[550.812s][info][gc,heap        ] GC(1035) ParOldGen: 383960K(388096K)->383976K(388096K)
[550.812s][info][gc,metaspace   ] GC(1035) Metaspace: 57797K(58112K)->57797K(58112K) NonClass: 52164K(52416K)->52164K(52416K) Class: 5632K(5696K)->5632K(5696K)
[550.812s][info][gc             ] GC(1035) Pause Young (Allocation Failure) 560M->375M(606M) 2.910ms
[550.812s][info][gc,cpu         ] GC(1035) User=0.01s Sys=0.00s Real=0.00s
[551.315s][info][gc,start       ] GC(1036) Pause Young (Allocation Failure)
[551.318s][info][gc,heap        ] GC(1036) PSYoungGen: 225215K(232960K)->1255K(217600K) Eden: 224256K(224256K)->0K(216064K) From: 959K(8704K)->1255K(1536K)
[551.318s][info][gc,heap        ] GC(1036) ParOldGen: 383976K(388096K)->383992K(388096K)
[551.318s][info][gc,metaspace   ] GC(1036) Metaspace: 57797K(58112K)->57797K(58112K) NonClass: 52164K(52416K)->52164K(52416K) Class: 5632K(5696K)->5632K(5696K)
[551.318s][info][gc             ] GC(1036) Pause Young (Allocation Failure) 594M->376M(591M) 3.215ms
[551.318s][info][gc,cpu         ] GC(1036) User=0.01s Sys=0.00s Real=0.01s
[551.849s][info][gc,start       ] GC(1037) Pause Young (Allocation Failure)
[551.851s][info][gc,heap        ] GC(1037) PSYoungGen: 217319K(217600K)->448K(208896K) Eden: 216064K(216064K)->0K(208384K) From: 1255K(1536K)->448K(512K)
[551.851s][info][gc,heap        ] GC(1037) ParOldGen: 383992K(388096K)->384008K(388096K)
[551.851s][info][gc,metaspace   ] GC(1037) Metaspace: 57797K(58112K)->57797K(58112K) NonClass: 52164K(52416K)->52164K(52416K) Class: 5632K(5696K)->5632K(5696K)
[551.851s][info][gc             ] GC(1037) Pause Young (Allocation Failure) 587M->375M(583M) 2.599ms
[551.851s][info][gc,cpu         ] GC(1037) User=0.00s Sys=0.01s Real=0.00s
[552.233s][info][gc,start       ] GC(1038) Pause Young (Allocation Failure)
[552.237s][info][gc,heap        ] GC(1038) PSYoungGen: 208741K(208896K)->2784K(208896K) Eden: 208293K(208384K)->0K(200704K) From: 448K(512K)->2784K(8192K)
[552.237s][info][gc,heap        ] GC(1038) ParOldGen: 384008K(388096K)->384024K(388096K)
[552.237s][info][gc,metaspace   ] GC(1038) Metaspace: 57797K(58112K)->57797K(58112K) NonClass: 52164K(52416K)->52164K(52416K) Class: 5632K(5696K)->5632K(5696K)
[552.237s][info][gc             ] GC(1038) Pause Young (Allocation Failure) 578M->377M(583M) 4.797ms
[552.237s][info][gc,cpu         ] GC(1038) User=0.01s Sys=0.00s Real=0.01s
[552.714s][info][gc,start       ] GC(1039) Pause Young (Allocation Failure)
[552.718s][info][gc,heap        ] GC(1039) PSYoungGen: 203488K(208896K)->1408K(195072K) Eden: 200704K(200704K)->0K(193536K) From: 2784K(8192K)->1408K(1536K)
[552.718s][info][gc,heap        ] GC(1039) ParOldGen: 384024K(388096K)->384040K(388096K)
[552.718s][info][gc,metaspace   ] GC(1039) Metaspace: 57797K(58112K)->57797K(58112K) NonClass: 52164K(52416K)->52164K(52416K) Class: 5632K(5696K)->5632K(5696K)
[552.718s][info][gc             ] GC(1039) Pause Young (Allocation Failure) 573M->376M(569M) 3.671ms
[552.718s][info][gc,cpu         ] GC(1039) User=0.00s Sys=0.01s Real=0.01s
[553.135s][info][gc,start       ] GC(1040) Pause Young (Allocation Failure)
[553.140s][info][gc,heap        ] GC(1040) PSYoungGen: 194944K(195072K)->2911K(189952K) Eden: 193536K(193536K)->0K(186880K) From: 1408K(1536K)->2911K(3072K)
[553.141s][info][gc,heap        ] GC(1040) ParOldGen: 384040K(388096K)->384056K(388096K)
[553.141s][info][gc,metaspace   ] GC(1040) Metaspace: 57797K(58112K)->57797K(58112K) NonClass: 52164K(52416K)->52164K(52416K) Class: 5632K(5696K)->5632K(5696K)
[553.141s][info][gc             ] GC(1040) Pause Young (Allocation Failure) 565M->377M(564M) 6.301ms
[553.141s][info][gc,cpu         ] GC(1040) User=0.01s Sys=0.00s Real=0.01s
[553.543s][info][gc,start       ] GC(1041) Pause Young (Allocation Failure)
[553.547s][info][gc,heap        ] GC(1041) PSYoungGen: 189474K(189952K)->1216K(181760K) Eden: 186563K(186880K)->0K(180224K) From: 2911K(3072K)->1216K(1536K)
[553.547s][info][gc,heap        ] GC(1041) ParOldGen: 384056K(388096K)->384072K(388096K)
[553.547s][info][gc,metaspace   ] GC(1041) Metaspace: 57797K(58112K)->57797K(58112K) NonClass: 52164K(52416K)->52164K(52416K) Class: 5632K(5696K)->5632K(5696K)
[553.547s][info][gc             ] GC(1041) Pause Young (Allocation Failure) 560M->376M(556M) 3.939ms
[553.547s][info][gc,cpu         ] GC(1041) User=0.01s Sys=0.00s Real=0.01s
[554.013s][info][gc,start       ] GC(1042) Pause Young (Allocation Failure)
[554.023s][info][gc,heap        ] GC(1042) PSYoungGen: 181264K(181760K)->799K(205824K) Eden: 180048K(180224K)->0K(198656K) From: 1216K(1536K)->799K(7168K)
[554.023s][info][gc,heap        ] GC(1042) ParOldGen: 384072K(388096K)->384088K(388096K)
[554.023s][info][gc,metaspace   ] GC(1042) Metaspace: 57797K(58112K)->57797K(58112K) NonClass: 52164K(52416K)->52164K(52416K) Class: 5632K(5696K)->5632K(5696K)
[554.023s][info][gc             ] GC(1042) Pause Young (Allocation Failure) 552M->375M(580M) 9.399ms
[554.023s][info][gc,cpu         ] GC(1042) User=0.01s Sys=0.00s Real=0.01s
[554.422s][info][gc,start       ] GC(1043) Pause Young (Allocation Failure)
[554.430s][info][gc,heap        ] GC(1043) PSYoungGen: 199455K(205824K)->3327K(221696K) Eden: 198656K(198656K)->0K(215040K) From: 799K(7168K)->3327K(6656K)
[554.430s][info][gc,heap        ] GC(1043) ParOldGen: 384088K(388096K)->384104K(388096K)
[554.430s][info][gc,metaspace   ] GC(1043) Metaspace: 57797K(58112K)->57797K(58112K) NonClass: 52164K(52416K)->52164K(52416K) Class: 5632K(5696K)->5632K(5696K)
[554.430s][info][gc             ] GC(1043) Pause Young (Allocation Failure) 569M->378M(595M) 7.866ms
[554.430s][info][gc,cpu         ] GC(1043) User=0.01s Sys=0.00s Real=0.01s
[554.921s][info][gc,start       ] GC(1044) Pause Young (Allocation Failure)
[554.926s][info][gc,heap        ] GC(1044) PSYoungGen: 218367K(221696K)->2495K(221696K) Eden: 215040K(215040K)->0K(215040K) From: 3327K(6656K)->2495K(6656K)
[554.926s][info][gc,heap        ] GC(1044) ParOldGen: 384104K(388096K)->384120K(388096K)
[554.926s][info][gc,metaspace   ] GC(1044) Metaspace: 57797K(58112K)->57797K(58112K) NonClass: 52164K(52416K)->52164K(52416K) Class: 5632K(5696K)->5632K(5696K)
[554.926s][info][gc             ] GC(1044) Pause Young (Allocation Failure) 588M->377M(595M) 4.903ms
[554.926s][info][gc,cpu         ] GC(1044) User=0.01s Sys=0.00s Real=0.01s
[555.414s][info][gc,start       ] GC(1045) Pause Young (Allocation Failure)
[555.418s][info][gc,heap        ] GC(1045) PSYoungGen: 217535K(221696K)->2110K(261120K) Eden: 215040K(215040K)->0K(256000K) From: 2495K(6656K)->2110K(5120K)
[555.418s][info][gc,heap        ] GC(1045) ParOldGen: 384120K(388096K)->384136K(388096K)
[555.418s][info][gc,metaspace   ] GC(1045) Metaspace: 57797K(58112K)->57797K(58112K) NonClass: 52164K(52416K)->52164K(52416K) Class: 5632K(5696K)->5632K(5696K)
[555.419s][info][gc             ] GC(1045) Pause Young (Allocation Failure) 587M->377M(634M) 4.176ms
[555.419s][info][gc,cpu         ] GC(1045) User=0.01s Sys=0.00s Real=0.01s
[556.010s][info][gc,start       ] GC(1046) Pause Young (Allocation Failure)
[556.013s][info][gc,heap        ] GC(1046) PSYoungGen: 258110K(261120K)->693K(262144K) Eden: 256000K(256000K)->0K(256000K) From: 2110K(5120K)->693K(6144K)
[556.013s][info][gc,heap        ] GC(1046) ParOldGen: 384136K(388096K)->384152K(388096K)
[556.013s][info][gc,metaspace   ] GC(1046) Metaspace: 57797K(58112K)->57797K(58112K) NonClass: 52164K(52416K)->52164K(52416K) Class: 5632K(5696K)->5632K(5696K)
[556.013s][info][gc             ] GC(1046) Pause Young (Allocation Failure) 627M->375M(635M) 2.689ms
[556.013s][info][gc,cpu         ] GC(1046) User=0.01s Sys=0.00s Real=0.00s
[556.542s][info][gc,start       ] GC(1047) Pause Young (Allocation Failure)
[556.547s][info][gc,heap        ] GC(1047) PSYoungGen: 256693K(262144K)->2014K(248320K) Eden: 256000K(256000K)->0K(246272K) From: 693K(6144K)->2014K(2048K)
[556.547s][info][gc,heap        ] GC(1047) ParOldGen: 384152K(388096K)->384168K(388096K)
[556.547s][info][gc,metaspace   ] GC(1047) Metaspace: 57797K(58112K)->57797K(58112K) NonClass: 52164K(52416K)->52164K(52416K) Class: 5632K(5696K)->5632K(5696K)
[556.547s][info][gc             ] GC(1047) Pause Young (Allocation Failure) 625M->377M(621M) 4.233ms
[556.547s][info][gc,cpu         ] GC(1047) User=0.01s Sys=0.00s Real=0.01s
[557.116s][info][gc,start       ] GC(1048) Pause Young (Allocation Failure)
[557.121s][info][gc,heap        ] GC(1048) PSYoungGen: 248286K(248320K)->1856K(239104K) Eden: 246272K(246272K)->0K(237056K) From: 2014K(2048K)->1856K(2048K)
[557.121s][info][gc,heap        ] GC(1048) ParOldGen: 384168K(388096K)->384184K(388096K)
[557.121s][info][gc,metaspace   ] GC(1048) Metaspace: 57797K(58112K)->57797K(58112K) NonClass: 52164K(52416K)->52164K(52416K) Class: 5632K(5696K)->5632K(5696K)
[557.121s][info][gc             ] GC(1048) Pause Young (Allocation Failure) 617M->376M(612M) 4.396ms
[557.121s][info][gc,cpu         ] GC(1048) User=0.00s Sys=0.00s Real=0.00s
[557.760s][info][gc,start       ] GC(1049) Pause Young (Allocation Failure)
[557.764s][info][gc,heap        ] GC(1049) PSYoungGen: 238912K(239104K)->1536K(229888K) Eden: 237056K(237056K)->0K(228352K) From: 1856K(2048K)->1536K(1536K)
[557.764s][info][gc,heap        ] GC(1049) ParOldGen: 384184K(388096K)->384200K(388096K)
[557.764s][info][gc,metaspace   ] GC(1049) Metaspace: 57797K(58112K)->57797K(58112K) NonClass: 52164K(52416K)->52164K(52416K) Class: 5632K(5696K)->5632K(5696K)
[557.764s][info][gc             ] GC(1049) Pause Young (Allocation Failure) 608M->376M(603M) 3.902ms
[557.764s][info][gc,cpu         ] GC(1049) User=0.00s Sys=0.00s Real=0.00s
[558.234s][info][gc,start       ] GC(1050) Pause Young (Allocation Failure)
[558.238s][info][gc,heap        ] GC(1050) PSYoungGen: 229888K(229888K)->1920K(222208K) Eden: 228352K(228352K)->0K(220160K) From: 1536K(1536K)->1920K(2048K)
[558.238s][info][gc,heap        ] GC(1050) ParOldGen: 384200K(388096K)->384216K(388096K)
[558.238s][info][gc,metaspace   ] GC(1050) Metaspace: 57797K(58112K)->57797K(58112K) NonClass: 52164K(52416K)->52164K(52416K) Class: 5632K(5696K)->5632K(5696K)
[558.238s][info][gc             ] GC(1050) Pause Young (Allocation Failure) 599M->377M(596M) 4.525ms
[558.238s][info][gc,cpu         ] GC(1050) User=0.01s Sys=0.00s Real=0.01s
[558.734s][info][gc,start       ] GC(1051) Pause Young (Allocation Failure)
[558.738s][info][gc,heap        ] GC(1051) PSYoungGen: 221833K(222208K)->2176K(214528K) Eden: 219913K(220160K)->0K(211968K) From: 1920K(2048K)->2176K(2560K)
[558.738s][info][gc,heap        ] GC(1051) ParOldGen: 384216K(388096K)->384232K(388096K)
[558.738s][info][gc,metaspace   ] GC(1051) Metaspace: 57797K(58112K)->57797K(58112K) NonClass: 52164K(52416K)->52164K(52416K) Class: 5632K(5696K)->5632K(5696K)
[558.738s][info][gc             ] GC(1051) Pause Young (Allocation Failure) 591M->377M(588M) 4.606ms
[558.738s][info][gc,cpu         ] GC(1051) User=0.01s Sys=0.00s Real=0.01s
[559.224s][info][gc,start       ] GC(1052) Pause Young (Allocation Failure)
[559.229s][info][gc,heap        ] GC(1052) PSYoungGen: 214144K(214528K)->2624K(207360K) Eden: 211968K(211968K)->0K(204288K) From: 2176K(2560K)->2624K(3072K)
[559.229s][info][gc,heap        ] GC(1052) ParOldGen: 384232K(388096K)->384248K(388096K)
[559.229s][info][gc,metaspace   ] GC(1052) Metaspace: 57797K(58112K)->57797K(58112K) NonClass: 52164K(52416K)->52164K(52416K) Class: 5632K(5696K)->5632K(5696K)
[559.229s][info][gc             ] GC(1052) Pause Young (Allocation Failure) 584M->377M(581M) 5.296ms
[559.229s][info][gc,cpu         ] GC(1052) User=0.01s Sys=0.00s Real=0.01s
[559.713s][info][gc,start       ] GC(1053) Pause Young (Allocation Failure)
[559.716s][info][gc,heap        ] GC(1053) PSYoungGen: 206912K(207360K)->1823K(199168K) Eden: 204288K(204288K)->0K(197120K) From: 2624K(3072K)->1823K(2048K)
[559.716s][info][gc,heap        ] GC(1053) ParOldGen: 384248K(388096K)->384264K(388096K)
[559.716s][info][gc,metaspace   ] GC(1053) Metaspace: 57797K(58112K)->57797K(58112K) NonClass: 52164K(52416K)->52164K(52416K) Class: 5632K(5696K)->5632K(5696K)
[559.716s][info][gc             ] GC(1053) Pause Young (Allocation Failure) 577M->377M(573M) 3.730ms
[559.716s][info][gc,cpu         ] GC(1053) User=0.01s Sys=0.00s Real=0.01s
[560.140s][info][gc,start       ] GC(1054) Pause Young (Allocation Failure)
[560.145s][info][gc,heap        ] GC(1054) PSYoungGen: 198943K(199168K)->2431K(192512K) Eden: 197120K(197120K)->0K(189952K) From: 1823K(2048K)->2431K(2560K)
[560.145s][info][gc,heap        ] GC(1054) ParOldGen: 384264K(388096K)->384280K(388096K)
[560.145s][info][gc,metaspace   ] GC(1054) Metaspace: 57797K(58112K)->57797K(58112K) NonClass: 52164K(52416K)->52164K(52416K) Class: 5632K(5696K)->5632K(5696K)
[560.145s][info][gc             ] GC(1054) Pause Young (Allocation Failure) 569M->377M(567M) 5.026ms
[560.145s][info][gc,cpu         ] GC(1054) User=0.01s Sys=0.00s Real=0.00s
[560.607s][info][gc,start       ] GC(1055) Pause Young (Allocation Failure)
[560.610s][info][gc,heap        ] GC(1055) PSYoungGen: 192383K(192512K)->1321K(184832K) Eden: 189952K(189952K)->0K(183296K) From: 2431K(2560K)->1321K(1536K)
[560.610s][info][gc,heap        ] GC(1055) ParOldGen: 384280K(388096K)->384296K(388096K)
[560.610s][info][gc,metaspace   ] GC(1055) Metaspace: 57797K(58112K)->57797K(58112K) NonClass: 52164K(52416K)->52164K(52416K) Class: 5632K(5696K)->5632K(5696K)
[560.610s][info][gc             ] GC(1055) Pause Young (Allocation Failure) 563M->376M(559M) 3.184ms
[560.610s][info][gc,cpu         ] GC(1055) User=0.00s Sys=0.00s Real=0.00s
[561.014s][info][gc,start       ] GC(1056) Pause Young (Allocation Failure)
[561.018s][info][gc,heap        ] GC(1056) PSYoungGen: 183807K(184832K)->2015K(179200K) Eden: 182486K(183296K)->0K(177152K) From: 1321K(1536K)->2015K(2048K)
[561.018s][info][gc,heap        ] GC(1056) ParOldGen: 384296K(388096K)->384312K(388096K)
[561.018s][info][gc,metaspace   ] GC(1056) Metaspace: 57797K(58112K)->57797K(58112K) NonClass: 52164K(52416K)->52164K(52416K) Class: 5632K(5696K)->5632K(5696K)
[561.018s][info][gc             ] GC(1056) Pause Young (Allocation Failure) 554M->377M(554M) 4.389ms
[561.018s][info][gc,cpu         ] GC(1056) User=0.00s Sys=0.00s Real=0.01s
[561.421s][info][gc,start       ] GC(1057) Pause Young (Allocation Failure)
[561.425s][info][gc,heap        ] GC(1057) PSYoungGen: 179167K(179200K)->2175K(173568K) Eden: 177152K(177152K)->0K(171008K) From: 2015K(2048K)->2175K(2560K)
[561.425s][info][gc,heap        ] GC(1057) ParOldGen: 384312K(388096K)->384328K(388096K)
[561.425s][info][gc,metaspace   ] GC(1057) Metaspace: 57797K(58112K)->57797K(58112K) NonClass: 52164K(52416K)->52164K(52416K) Class: 5632K(5696K)->5632K(5696K)
[561.425s][info][gc             ] GC(1057) Pause Young (Allocation Failure) 550M->377M(548M) 3.981ms
[561.425s][info][gc,cpu         ] GC(1057) User=0.01s Sys=0.00s Real=0.00s
[561.814s][info][gc,start       ] GC(1058) Pause Young (Allocation Failure)
[561.817s][info][gc,heap        ] GC(1058) PSYoungGen: 173183K(173568K)->1472K(166912K) Eden: 171008K(171008K)->0K(165376K) From: 2175K(2560K)->1472K(1536K)
[561.817s][info][gc,heap        ] GC(1058) ParOldGen: 384328K(388096K)->384344K(388096K)
[561.817s][info][gc,metaspace   ] GC(1058) Metaspace: 57797K(58112K)->57797K(58112K) NonClass: 52164K(52416K)->52164K(52416K) Class: 5632K(5696K)->5632K(5696K)
[561.817s][info][gc             ] GC(1058) Pause Young (Allocation Failure) 544M->376M(542M) 3.891ms
[561.818s][info][gc,cpu         ] GC(1058) User=0.00s Sys=0.00s Real=0.01s
[562.229s][info][gc,start       ] GC(1059) Pause Young (Allocation Failure)
[562.236s][info][gc,heap        ] GC(1059) PSYoungGen: 166848K(166912K)->767K(198144K) Eden: 165376K(165376K)->0K(197120K) From: 1472K(1536K)->767K(1024K)
[562.236s][info][gc,heap        ] GC(1059) ParOldGen: 384344K(388096K)->384360K(388096K)
[562.236s][info][gc,metaspace   ] GC(1059) Metaspace: 57797K(58112K)->57797K(58112K) NonClass: 52164K(52416K)->52164K(52416K) Class: 5632K(5696K)->5632K(5696K)
[562.236s][info][gc             ] GC(1059) Pause Young (Allocation Failure) 538M->376M(572M) 6.654ms
[562.236s][info][gc,cpu         ] GC(1059) User=0.01s Sys=0.00s Real=0.01s
[562.621s][info][gc,start       ] GC(1060) Pause Young (Allocation Failure)
[562.625s][info][gc,heap        ] GC(1060) PSYoungGen: 197887K(198144K)->1824K(238592K) Eden: 197120K(197120K)->0K(234496K) From: 767K(1024K)->1824K(4096K)
[562.625s][info][gc,heap        ] GC(1060) ParOldGen: 384360K(388096K)->384376K(388096K)
[562.625s][info][gc,metaspace   ] GC(1060) Metaspace: 57797K(58112K)->57797K(58112K) NonClass: 52164K(52416K)->52164K(52416K) Class: 5632K(5696K)->5632K(5696K)
[562.625s][info][gc             ] GC(1060) Pause Young (Allocation Failure) 568M->377M(612M) 4.510ms
[562.625s][info][gc,cpu         ] GC(1060) User=0.00s Sys=0.00s Real=0.01s
[563.132s][info][gc,start       ] GC(1061) Pause Young (Allocation Failure)
[563.138s][info][gc,heap        ] GC(1061) PSYoungGen: 236320K(238592K)->3199K(282624K) Eden: 234496K(234496K)->0K(279040K) From: 1824K(4096K)->3199K(3584K)
[563.138s][info][gc,heap        ] GC(1061) ParOldGen: 384376K(388096K)->384392K(388096K)
[563.138s][info][gc,metaspace   ] GC(1061) Metaspace: 57797K(58112K)->57797K(58112K) NonClass: 52164K(52416K)->52164K(52416K) Class: 5632K(5696K)->5632K(5696K)
[563.138s][info][gc             ] GC(1061) Pause Young (Allocation Failure) 606M->378M(655M) 5.566ms
[563.138s][info][gc,cpu         ] GC(1061) User=0.01s Sys=0.00s Real=0.01s
[563.805s][info][gc,start       ] GC(1062) Pause Young (Allocation Failure)
[563.808s][info][gc,heap        ] GC(1062) PSYoungGen: 282239K(282624K)->958K(269312K) Eden: 279040K(279040K)->0K(268288K) From: 3199K(3584K)->958K(1024K)
[563.808s][info][gc,heap        ] GC(1062) ParOldGen: 384392K(388096K)->384408K(388096K)
[563.808s][info][gc,metaspace   ] GC(1062) Metaspace: 57797K(58112K)->57797K(58112K) NonClass: 52164K(52416K)->52164K(52416K) Class: 5632K(5696K)->5632K(5696K)
[563.808s][info][gc             ] GC(1062) Pause Young (Allocation Failure) 651M->376M(642M) 2.445ms
[563.808s][info][gc,cpu         ] GC(1062) User=0.01s Sys=0.00s Real=0.00s
[564.409s][info][gc,start       ] GC(1063) Pause Young (Allocation Failure)
[564.412s][info][gc,heap        ] GC(1063) PSYoungGen: 269140K(269312K)->864K(259072K) Eden: 268182K(268288K)->0K(258048K) From: 958K(1024K)->864K(1024K)
[564.412s][info][gc,heap        ] GC(1063) ParOldGen: 384408K(388096K)->384424K(388096K)
[564.412s][info][gc,metaspace   ] GC(1063) Metaspace: 57797K(58112K)->57797K(58112K) NonClass: 52164K(52416K)->52164K(52416K) Class: 5632K(5696K)->5632K(5696K)
[564.412s][info][gc             ] GC(1063) Pause Young (Allocation Failure) 638M->376M(632M) 2.663ms
[564.412s][info][gc,cpu         ] GC(1063) User=0.00s Sys=0.00s Real=0.00s
[565.006s][info][gc,start       ] GC(1064) Pause Young (Allocation Failure)
[565.008s][info][gc,heap        ] GC(1064) PSYoungGen: 258813K(259072K)->384K(248832K) Eden: 257949K(258048K)->0K(248320K) From: 864K(1024K)->384K(512K)
[565.008s][info][gc,heap        ] GC(1064) ParOldGen: 384424K(388096K)->384440K(388096K)
[565.008s][info][gc,metaspace   ] GC(1064) Metaspace: 57797K(58112K)->57797K(58112K) NonClass: 52164K(52416K)->52164K(52416K) Class: 5632K(5696K)->5632K(5696K)
[565.008s][info][gc             ] GC(1064) Pause Young (Allocation Failure) 628M->375M(622M) 2.241ms
[565.008s][info][gc,cpu         ] GC(1064) User=0.00s Sys=0.00s Real=0.00s
[565.531s][info][gc,start       ] GC(1065) Pause Young (Allocation Failure)
[565.536s][info][gc,heap        ] GC(1065) PSYoungGen: 248704K(248832K)->3072K(242176K) Eden: 248320K(248320K)->0K(239104K) From: 384K(512K)->3072K(3072K)
[565.536s][info][gc,heap        ] GC(1065) ParOldGen: 384440K(388096K)->384456K(388096K)
[565.536s][info][gc,metaspace   ] GC(1065) Metaspace: 57797K(58112K)->57797K(58112K) NonClass: 52164K(52416K)->52164K(52416K) Class: 5632K(5696K)->5632K(5696K)
[565.536s][info][gc             ] GC(1065) Pause Young (Allocation Failure) 618M->378M(615M) 5.634ms
[565.536s][info][gc,cpu         ] GC(1065) User=0.01s Sys=0.00s Real=0.01s
[566.106s][info][gc,start       ] GC(1066) Pause Young (Allocation Failure)
[566.108s][info][gc,heap        ] GC(1066) PSYoungGen: 242176K(242176K)->350K(230912K) Eden: 239104K(239104K)->0K(230400K) From: 3072K(3072K)->350K(512K)
[566.108s][info][gc,heap        ] GC(1066) ParOldGen: 384456K(388096K)->384472K(388096K)
[566.108s][info][gc,metaspace   ] GC(1066) Metaspace: 57797K(58112K)->57797K(58112K) NonClass: 52164K(52416K)->52164K(52416K) Class: 5632K(5696K)->5632K(5696K)
[566.108s][info][gc             ] GC(1066) Pause Young (Allocation Failure) 611M->375M(604M) 2.550ms
[566.108s][info][gc,cpu         ] GC(1066) User=0.01s Sys=0.00s Real=0.00s
[566.618s][info][gc,start       ] GC(1067) Pause Young (Allocation Failure)
[566.622s][info][gc,heap        ] GC(1067) PSYoungGen: 230750K(230912K)->1855K(223744K) Eden: 230400K(230400K)->0K(221696K) From: 350K(512K)->1855K(2048K)
[566.622s][info][gc,heap        ] GC(1067) ParOldGen: 384472K(388096K)->384488K(388096K)
[566.622s][info][gc,metaspace   ] GC(1067) Metaspace: 57797K(58112K)->57797K(58112K) NonClass: 52164K(52416K)->52164K(52416K) Class: 5632K(5696K)->5632K(5696K)
[566.622s][info][gc             ] GC(1067) Pause Young (Allocation Failure) 600M->377M(597M) 3.613ms
[566.622s][info][gc,cpu         ] GC(1067) User=0.00s Sys=0.00s Real=0.00s
[567.121s][info][gc,start       ] GC(1068) Pause Young (Allocation Failure)
[567.124s][info][gc,heap        ] GC(1068) PSYoungGen: 223551K(223744K)->1663K(215552K) Eden: 221696K(221696K)->0K(213504K) From: 1855K(2048K)->1663K(2048K)
[567.124s][info][gc,heap        ] GC(1068) ParOldGen: 384488K(388096K)->384504K(388096K)
[567.124s][info][gc,metaspace   ] GC(1068) Metaspace: 57797K(58112K)->57797K(58112K) NonClass: 52164K(52416K)->52164K(52416K) Class: 5632K(5696K)->5632K(5696K)
[567.124s][info][gc             ] GC(1068) Pause Young (Allocation Failure) 593M->377M(589M) 3.261ms
[567.124s][info][gc,cpu         ] GC(1068) User=0.01s Sys=0.00s Real=0.00s
[567.612s][info][gc,start       ] GC(1069) Pause Young (Allocation Failure)
[567.615s][info][gc,heap        ] GC(1069) PSYoungGen: 215167K(215552K)->1599K(207872K) Eden: 213504K(213504K)->0K(205824K) From: 1663K(2048K)->1599K(2048K)
[567.615s][info][gc,heap        ] GC(1069) ParOldGen: 384504K(388096K)->384520K(388096K)
[567.616s][info][gc,metaspace   ] GC(1069) Metaspace: 57797K(58112K)->57797K(58112K) NonClass: 52164K(52416K)->52164K(52416K) Class: 5632K(5696K)->5632K(5696K)
[567.616s][info][gc             ] GC(1069) Pause Young (Allocation Failure) 585M->377M(582M) 3.211ms
[567.616s][info][gc,cpu         ] GC(1069) User=0.01s Sys=0.00s Real=0.01s
[568.058s][info][gc,start       ] GC(1070) Pause Young (Allocation Failure)
[568.084s][info][gc,heap        ] GC(1070) PSYoungGen: 207150K(207872K)->1184K(247808K) Eden: 205551K(205824K)->0K(246272K) From: 1599K(2048K)->1184K(1536K)
[568.084s][info][gc,heap        ] GC(1070) ParOldGen: 384520K(388096K)->384536K(388096K)
[568.084s][info][gc,metaspace   ] GC(1070) Metaspace: 57797K(58112K)->57797K(58112K) NonClass: 52164K(52416K)->52164K(52416K) Class: 5632K(5696K)->5632K(5696K)
[568.084s][info][gc             ] GC(1070) Pause Young (Allocation Failure) 577M->376M(621M) 25.666ms
[568.084s][info][gc,cpu         ] GC(1070) User=0.03s Sys=0.00s Real=0.02s
[568.619s][info][gc,start       ] GC(1071) Pause Young (Allocation Failure)
[568.623s][info][gc,heap        ] GC(1071) PSYoungGen: 247456K(247808K)->2655K(265728K) Eden: 246272K(246272K)->0K(262144K) From: 1184K(1536K)->2655K(3584K)
[568.623s][info][gc,heap        ] GC(1071) ParOldGen: 384536K(388096K)->384552K(388096K)
[568.623s][info][gc,metaspace   ] GC(1071) Metaspace: 57797K(58112K)->57797K(58112K) NonClass: 52164K(52416K)->52164K(52416K) Class: 5632K(5696K)->5632K(5696K)
[568.623s][info][gc             ] GC(1071) Pause Young (Allocation Failure) 617M->378M(638M) 4.273ms
[568.623s][info][gc,cpu         ] GC(1071) User=0.00s Sys=0.00s Real=0.00s
[569.218s][info][gc,start       ] GC(1072) Pause Young (Allocation Failure)
[569.222s][info][gc,heap        ] GC(1072) PSYoungGen: 264799K(265728K)->2495K(266240K) Eden: 262144K(262144K)->0K(262144K) From: 2655K(3584K)->2495K(4096K)
[569.222s][info][gc,heap        ] GC(1072) ParOldGen: 384552K(388096K)->384568K(388096K)
[569.222s][info][gc,metaspace   ] GC(1072) Metaspace: 57797K(58112K)->57797K(58112K) NonClass: 52164K(52416K)->52164K(52416K) Class: 5632K(5696K)->5632K(5696K)
[569.222s][info][gc             ] GC(1072) Pause Young (Allocation Failure) 634M->377M(639M) 4.255ms
[569.222s][info][gc,cpu         ] GC(1072) User=0.01s Sys=0.00s Real=0.00s
[569.920s][info][gc,start       ] GC(1073) Pause Young (Allocation Failure)
[569.924s][info][gc,heap        ] GC(1073) PSYoungGen: 264639K(266240K)->2078K(315904K) Eden: 262144K(262144K)->0K(312320K) From: 2495K(4096K)->2078K(3584K)
[569.924s][info][gc,heap        ] GC(1073) ParOldGen: 384568K(388096K)->384584K(388096K)
[569.924s][info][gc,metaspace   ] GC(1073) Metaspace: 57797K(58112K)->57797K(58112K) NonClass: 52164K(52416K)->52164K(52416K) Class: 5632K(5696K)->5632K(5696K)
[569.924s][info][gc             ] GC(1073) Pause Young (Allocation Failure) 633M->377M(687M) 4.154ms
[569.924s][info][gc,cpu         ] GC(1073) User=0.00s Sys=0.00s Real=0.00s
[570.626s][info][gc,start       ] GC(1074) Pause Young (Allocation Failure)
[570.631s][info][gc,heap        ] GC(1074) PSYoungGen: 314398K(315904K)->2430K(316416K) Eden: 312320K(312320K)->0K(312320K) From: 2078K(3584K)->2430K(4096K)
[570.631s][info][gc,heap        ] GC(1074) ParOldGen: 384584K(388096K)->384600K(388096K)
[570.631s][info][gc,metaspace   ] GC(1074) Metaspace: 57797K(58112K)->57797K(58112K) NonClass: 52164K(52416K)->52164K(52416K) Class: 5632K(5696K)->5632K(5696K)
[570.631s][info][gc             ] GC(1074) Pause Young (Allocation Failure) 682M->377M(688M) 4.482ms
[570.631s][info][gc,cpu         ] GC(1074) User=0.01s Sys=0.00s Real=0.00s
[571.325s][info][gc,start       ] GC(1075) Pause Young (Allocation Failure)
[571.331s][info][gc,heap        ] GC(1075) PSYoungGen: 314750K(316416K)->3135K(329728K) Eden: 312320K(312320K)->0K(325632K) From: 2430K(4096K)->3135K(4096K)
[571.331s][info][gc,heap        ] GC(1075) ParOldGen: 384600K(388096K)->384616K(388096K)
[571.331s][info][gc,metaspace   ] GC(1075) Metaspace: 57797K(58112K)->57797K(58112K) NonClass: 52164K(52416K)->52164K(52416K) Class: 5632K(5696K)->5632K(5696K)
[571.331s][info][gc             ] GC(1075) Pause Young (Allocation Failure) 682M->378M(701M) 6.080ms
[571.331s][info][gc,cpu         ] GC(1075) User=0.01s Sys=0.00s Real=0.01s
[572.109s][info][gc,start       ] GC(1076) Pause Young (Allocation Failure)
[572.111s][info][gc,heap        ] GC(1076) PSYoungGen: 328767K(329728K)->768K(313344K) Eden: 325632K(325632K)->0K(312320K) From: 3135K(4096K)->768K(1024K)
[572.111s][info][gc,heap        ] GC(1076) ParOldGen: 384616K(388096K)->384632K(388096K)
[572.111s][info][gc,metaspace   ] GC(1076) Metaspace: 57797K(58112K)->57797K(58112K) NonClass: 52164K(52416K)->52164K(52416K) Class: 5632K(5696K)->5632K(5696K)
[572.111s][info][gc             ] GC(1076) Pause Young (Allocation Failure) 696M->376M(685M) 2.953ms
[572.112s][info][gc,cpu         ] GC(1076) User=0.00s Sys=0.00s Real=0.00s
[572.808s][info][gc,start       ] GC(1077) Pause Young (Allocation Failure)
[572.812s][info][gc,heap        ] GC(1077) PSYoungGen: 313088K(313344K)->1470K(301568K) Eden: 312320K(312320K)->0K(300032K) From: 768K(1024K)->1470K(1536K)
[572.812s][info][gc,heap        ] GC(1077) ParOldGen: 384632K(388096K)->384648K(388096K)
[572.812s][info][gc,metaspace   ] GC(1077) Metaspace: 57797K(58112K)->57797K(58112K) NonClass: 52164K(52416K)->52164K(52416K) Class: 5632K(5696K)->5632K(5696K)
[572.812s][info][gc             ] GC(1077) Pause Young (Allocation Failure) 681M->377M(673M) 3.354ms
[572.812s][info][gc,cpu         ] GC(1077) User=0.00s Sys=0.01s Real=0.00s
[573.440s][info][gc,start       ] GC(1078) Pause Young (Allocation Failure)
[573.443s][info][gc,heap        ] GC(1078) PSYoungGen: 301393K(301568K)->1440K(289792K) Eden: 299923K(300032K)->0K(288256K) From: 1470K(1536K)->1440K(1536K)
[573.443s][info][gc,heap        ] GC(1078) ParOldGen: 384648K(388096K)->384664K(388096K)
[573.443s][info][gc,metaspace   ] GC(1078) Metaspace: 57797K(58112K)->57797K(58112K) NonClass: 52164K(52416K)->52164K(52416K) Class: 5632K(5696K)->5632K(5696K)
[573.443s][info][gc             ] GC(1078) Pause Young (Allocation Failure) 669M->377M(662M) 3.445ms
[573.443s][info][gc,cpu         ] GC(1078) User=0.01s Sys=0.00s Real=0.00s
[574.116s][info][gc,start       ] GC(1079) Pause Young (Allocation Failure)
[574.120s][info][gc,heap        ] GC(1079) PSYoungGen: 289696K(289792K)->1663K(279040K) Eden: 288256K(288256K)->0K(276992K) From: 1440K(1536K)->1663K(2048K)
[574.120s][info][gc,heap        ] GC(1079) ParOldGen: 384664K(388096K)->384680K(388096K)
[574.120s][info][gc,metaspace   ] GC(1079) Metaspace: 57797K(58112K)->57797K(58112K) NonClass: 52164K(52416K)->52164K(52416K) Class: 5632K(5696K)->5632K(5696K)
[574.120s][info][gc             ] GC(1079) Pause Young (Allocation Failure) 658M->377M(651M) 3.348ms
[574.120s][info][gc,cpu         ] GC(1079) User=0.00s Sys=0.01s Real=0.00s
[574.727s][info][gc,start       ] GC(1080) Pause Young (Allocation Failure)
[574.732s][info][gc,heap        ] GC(1080) PSYoungGen: 278655K(279040K)->3327K(269824K) Eden: 276992K(276992K)->0K(266240K) From: 1663K(2048K)->3327K(3584K)
[574.732s][info][gc,heap        ] GC(1080) ParOldGen: 384680K(388096K)->384696K(388096K)
[574.732s][info][gc,metaspace   ] GC(1080) Metaspace: 57797K(58112K)->57797K(58112K) NonClass: 52164K(52416K)->52164K(52416K) Class: 5632K(5696K)->5632K(5696K)
[574.732s][info][gc             ] GC(1080) Pause Young (Allocation Failure) 647M->378M(642M) 5.428ms
[574.732s][info][gc,cpu         ] GC(1080) User=0.01s Sys=0.00s Real=0.00s
[575.329s][info][gc,start       ] GC(1081) Pause Young (Allocation Failure)
[575.335s][info][gc,heap        ] GC(1081) PSYoungGen: 269567K(269824K)->2048K(258048K) Eden: 266240K(266240K)->0K(256000K) From: 3327K(3584K)->2048K(2048K)
[575.335s][info][gc,heap        ] GC(1081) ParOldGen: 384696K(388096K)->385864K(388096K)
[575.335s][info][gc,metaspace   ] GC(1081) Metaspace: 57797K(58112K)->57797K(58112K) NonClass: 52164K(52416K)->52164K(52416K) Class: 5632K(5696K)->5632K(5696K)
[575.335s][info][gc             ] GC(1081) Pause Young (Allocation Failure) 638M->378M(631M) 5.754ms
[575.335s][info][gc,cpu         ] GC(1081) User=0.01s Sys=0.00s Real=0.00s
[575.930s][info][gc,start       ] GC(1082) Pause Young (Allocation Failure)
[575.935s][info][gc,heap        ] GC(1082) PSYoungGen: 258048K(258048K)->2336K(248832K) Eden: 256000K(256000K)->0K(246272K) From: 2048K(2048K)->2336K(2560K)
[575.935s][info][gc,heap        ] GC(1082) ParOldGen: 385864K(388096K)->387112K(388096K)
[575.935s][info][gc,metaspace   ] GC(1082) Metaspace: 57797K(58112K)->57797K(58112K) NonClass: 52164K(52416K)->52164K(52416K) Class: 5632K(5696K)->5632K(5696K)
[575.935s][info][gc             ] GC(1082) Pause Young (Allocation Failure) 628M->380M(622M) 5.188ms
[575.935s][info][gc,cpu         ] GC(1082) User=0.01s Sys=0.00s Real=0.01s
[576.511s][info][gc,start       ] GC(1083) Pause Young (Allocation Failure)
[576.514s][info][gc,heap        ] GC(1083) PSYoungGen: 248608K(248832K)->1375K(238592K) Eden: 246272K(246272K)->0K(237056K) From: 2336K(2560K)->1375K(1536K)
[576.514s][info][gc,heap        ] GC(1083) ParOldGen: 387112K(388096K)->387168K(388096K)
[576.514s][info][gc,metaspace   ] GC(1083) Metaspace: 57797K(58112K)->57797K(58112K) NonClass: 52164K(52416K)->52164K(52416K) Class: 5632K(5696K)->5632K(5696K)
[576.514s][info][gc             ] GC(1083) Pause Young (Allocation Failure) 620M->379M(612M) 3.492ms
[576.514s][info][gc,cpu         ] GC(1083) User=0.00s Sys=0.00s Real=0.00s
[577.039s][info][gc,start       ] GC(1084) Pause Young (Allocation Failure)
[577.042s][info][gc,heap        ] GC(1084) PSYoungGen: 238431K(238592K)->1856K(230400K) Eden: 237056K(237056K)->0K(228352K) From: 1375K(1536K)->1856K(2048K)
[577.042s][info][gc,heap        ] GC(1084) ParOldGen: 387168K(388096K)->387184K(388096K)
[577.042s][info][gc,metaspace   ] GC(1084) Metaspace: 57797K(58112K)->57797K(58112K) NonClass: 52164K(52416K)->52164K(52416K) Class: 5632K(5696K)->5632K(5696K)
[577.042s][info][gc             ] GC(1084) Pause Young (Allocation Failure) 610M->379M(604M) 3.897ms
[577.042s][info][gc,cpu         ] GC(1084) User=0.00s Sys=0.01s Real=0.00s
[577.525s][info][gc,start       ] GC(1085) Pause Young (Allocation Failure)
[577.530s][info][gc,heap        ] GC(1085) PSYoungGen: 230208K(230400K)->3296K(223744K) Eden: 228352K(228352K)->0K(220160K) From: 1856K(2048K)->3296K(3584K)
[577.530s][info][gc,heap        ] GC(1085) ParOldGen: 387184K(388096K)->387200K(388096K)
[577.530s][info][gc,metaspace   ] GC(1085) Metaspace: 57797K(58112K)->57797K(58112K) NonClass: 52164K(52416K)->52164K(52416K) Class: 5632K(5696K)->5632K(5696K)
[577.530s][info][gc             ] GC(1085) Pause Young (Allocation Failure) 602M->381M(597M) 5.344ms
[577.530s][info][gc,cpu         ] GC(1085) User=0.01s Sys=0.00s Real=0.01s
[578.029s][info][gc,start       ] GC(1086) Pause Young (Allocation Failure)
[578.033s][info][gc,heap        ] GC(1086) PSYoungGen: 223456K(223744K)->2623K(215040K) Eden: 220160K(220160K)->0K(211968K) From: 3296K(3584K)->2623K(3072K)
[578.033s][info][gc,heap        ] GC(1086) ParOldGen: 387200K(388096K)->387216K(388096K)
[578.033s][info][gc,metaspace   ] GC(1086) Metaspace: 57797K(58112K)->57797K(58112K) NonClass: 52164K(52416K)->52164K(52416K) Class: 5632K(5696K)->5632K(5696K)
[578.033s][info][gc             ] GC(1086) Pause Young (Allocation Failure) 596M->380M(589M) 4.357ms
[578.033s][info][gc,cpu         ] GC(1086) User=0.01s Sys=0.00s Real=0.00s
[578.520s][info][gc,start       ] GC(1087) Pause Young (Allocation Failure)
[578.526s][info][gc,heap        ] GC(1087) PSYoungGen: 214591K(215040K)->1727K(206336K) Eden: 211968K(211968K)->0K(204288K) From: 2623K(3072K)->1727K(2048K)
[578.526s][info][gc,heap        ] GC(1087) ParOldGen: 387216K(388096K)->387232K(388096K)
[578.526s][info][gc,metaspace   ] GC(1087) Metaspace: 57797K(58112K)->57797K(58112K) NonClass: 52164K(52416K)->52164K(52416K) Class: 5632K(5696K)->5632K(5696K)
[578.526s][info][gc             ] GC(1087) Pause Young (Allocation Failure) 587M->379M(580M) 5.767ms
[578.526s][info][gc,cpu         ] GC(1087) User=0.01s Sys=0.00s Real=0.01s
[579.004s][info][gc,start       ] GC(1088) Pause Young (Allocation Failure)
[579.006s][info][gc,heap        ] GC(1088) PSYoungGen: 206015K(206336K)->192K(197632K) Eden: 204288K(204288K)->0K(197120K) From: 1727K(2048K)->192K(512K)
[579.006s][info][gc,heap        ] GC(1088) ParOldGen: 387232K(388096K)->387248K(388096K)
[579.006s][info][gc,metaspace   ] GC(1088) Metaspace: 57797K(58112K)->57797K(58112K) NonClass: 52164K(52416K)->52164K(52416K) Class: 5632K(5696K)->5632K(5696K)
[579.006s][info][gc             ] GC(1088) Pause Young (Allocation Failure) 579M->378M(572M) 1.899ms
[579.006s][info][gc,cpu         ] GC(1088) User=0.00s Sys=0.00s Real=0.01s
[579.421s][info][gc,start       ] GC(1089) Pause Young (Allocation Failure)
[579.426s][info][gc,heap        ] GC(1089) PSYoungGen: 197312K(197632K)->2623K(193024K) Eden: 197120K(197120K)->0K(189952K) From: 192K(512K)->2623K(3072K)
[579.426s][info][gc,heap        ] GC(1089) ParOldGen: 387248K(388096K)->387264K(388096K)
[579.426s][info][gc,metaspace   ] GC(1089) Metaspace: 57797K(58112K)->57797K(58112K) NonClass: 52164K(52416K)->52164K(52416K) Class: 5632K(5696K)->5632K(5696K)
[579.426s][info][gc             ] GC(1089) Pause Young (Allocation Failure) 570M->380M(567M) 4.319ms
[579.426s][info][gc,cpu         ] GC(1089) User=0.00s Sys=0.00s Real=0.01s
[579.927s][info][gc,start       ] GC(1090) Pause Young (Allocation Failure)
[579.931s][info][gc,heap        ] GC(1090) PSYoungGen: 192369K(193024K)->2400K(185856K) Eden: 189746K(189952K)->0K(183296K) From: 2623K(3072K)->2400K(2560K)
[579.931s][info][gc,heap        ] GC(1090) ParOldGen: 387264K(388096K)->387280K(388096K)
[579.931s][info][gc,metaspace   ] GC(1090) Metaspace: 57797K(58112K)->57797K(58112K) NonClass: 52164K(52416K)->52164K(52416K) Class: 5632K(5696K)->5632K(5696K)
[579.931s][info][gc             ] GC(1090) Pause Young (Allocation Failure) 566M->380M(560M) 4.609ms
[579.931s][info][gc,cpu         ] GC(1090) User=0.00s Sys=0.00s Real=0.00s
[580.243s][info][gc,start       ] GC(1091) Pause Young (Allocation Failure)
[580.246s][info][gc,heap        ] GC(1091) PSYoungGen: 185472K(185856K)->1504K(178688K) Eden: 183072K(183296K)->0K(177152K) From: 2400K(2560K)->1504K(1536K)
[580.246s][info][gc,heap        ] GC(1091) ParOldGen: 387280K(388096K)->387296K(388096K)
[580.246s][info][gc,metaspace   ] GC(1091) Metaspace: 57797K(58112K)->57797K(58112K) NonClass: 52164K(52416K)->52164K(52416K) Class: 5632K(5696K)->5632K(5696K)
[580.246s][info][gc             ] GC(1091) Pause Young (Allocation Failure) 559M->379M(553M) 3.531ms
[580.246s][info][gc,cpu         ] GC(1091) User=0.00s Sys=0.00s Real=0.01s
[580.640s][info][gc,start       ] GC(1092) Pause Young (Allocation Failure)
[580.645s][info][gc,heap        ] GC(1092) PSYoungGen: 178656K(178688K)->2527K(173568K) Eden: 177152K(177152K)->0K(171008K) From: 1504K(1536K)->2527K(2560K)
[580.645s][info][gc,heap        ] GC(1092) ParOldGen: 387296K(388096K)->387312K(388096K)
[580.645s][info][gc,metaspace   ] GC(1092) Metaspace: 57797K(58112K)->57797K(58112K) NonClass: 52164K(52416K)->52164K(52416K) Class: 5632K(5696K)->5632K(5696K)
[580.645s][info][gc             ] GC(1092) Pause Young (Allocation Failure) 552M->380M(548M) 4.885ms
[580.645s][info][gc,cpu         ] GC(1092) User=0.01s Sys=0.00s Real=0.00s
[581.149s][info][gc,start       ] GC(1093) Pause Young (Allocation Failure)
[581.159s][info][gc,heap        ] GC(1093) PSYoungGen: 173535K(173568K)->4081K(207872K) Eden: 171008K(171008K)->0K(203776K) From: 2527K(2560K)->4081K(4096K)
[581.159s][info][gc,heap        ] GC(1093) ParOldGen: 387312K(388096K)->394105K(394240K)
[581.159s][info][gc,metaspace   ] GC(1093) Metaspace: 57797K(58112K)->57797K(58112K) NonClass: 52164K(52416K)->52164K(52416K) Class: 5632K(5696K)->5632K(5696K)
[581.159s][info][gc             ] GC(1093) Pause Young (Allocation Failure) 547M->388M(588M) 10.553ms
[581.159s][info][gc,cpu         ] GC(1093) User=0.01s Sys=0.00s Real=0.01s
[581.511s][info][gc,start       ] GC(1094) Pause Young (Allocation Failure)
[581.517s][info][gc,heap        ] GC(1094) PSYoungGen: 207857K(207872K)->1342K(244736K) Eden: 203776K(203776K)->0K(243200K) From: 4081K(4096K)->1342K(1536K)
[581.517s][info][gc,heap        ] GC(1094) ParOldGen: 394105K(394240K)->398171K(398336K)
[581.517s][info][gc,metaspace   ] GC(1094) Metaspace: 57797K(58112K)->57797K(58112K) NonClass: 52164K(52416K)->52164K(52416K) Class: 5632K(5696K)->5632K(5696K)
[581.517s][info][gc             ] GC(1094) Pause Young (Allocation Failure) 587M->390M(628M) 6.472ms
[581.517s][info][gc,cpu         ] GC(1094) User=0.00s Sys=0.01s Real=0.01s
[582.030s][info][gc,start       ] GC(1095) Pause Young (Allocation Failure)
[582.035s][info][gc,heap        ] GC(1095) PSYoungGen: 244494K(244736K)->2976K(293888K) Eden: 243151K(243200K)->0K(286720K) From: 1342K(1536K)->2976K(7168K)
[582.035s][info][gc,heap        ] GC(1095) ParOldGen: 398171K(398336K)->398594K(398848K)
[582.035s][info][gc,metaspace   ] GC(1095) Metaspace: 57797K(58112K)->57797K(58112K) NonClass: 52164K(52416K)->52164K(52416K) Class: 5632K(5696K)->5632K(5696K)
[582.035s][info][gc             ] GC(1095) Pause Young (Allocation Failure) 627M->392M(676M) 5.585ms
[582.036s][info][gc,cpu         ] GC(1095) User=0.01s Sys=0.00s Real=0.01s
[582.707s][info][gc,start       ] GC(1096) Pause Young (Allocation Failure)
[582.710s][info][gc,heap        ] GC(1096) PSYoungGen: 289696K(293888K)->672K(293376K) Eden: 286720K(286720K)->0K(286720K) From: 2976K(7168K)->672K(6656K)
[582.710s][info][gc,heap        ] GC(1096) ParOldGen: 398594K(398848K)->398610K(398848K)
[582.710s][info][gc,metaspace   ] GC(1096) Metaspace: 57797K(58112K)->57797K(58112K) NonClass: 52164K(52416K)->52164K(52416K) Class: 5632K(5696K)->5632K(5696K)
[582.710s][info][gc             ] GC(1096) Pause Young (Allocation Failure) 672M->389M(676M) 2.472ms
[582.710s][info][gc,cpu         ] GC(1096) User=0.00s Sys=0.00s Real=0.00s
[583.346s][info][gc,start       ] GC(1097) Pause Young (Allocation Failure)
[583.368s][info][gc,heap        ] GC(1097) PSYoungGen: 287392K(293376K)->3806K(326656K) Eden: 286720K(286720K)->0K(320000K) From: 672K(6656K)->3806K(6656K)
[583.368s][info][gc,heap        ] GC(1097) ParOldGen: 398610K(398848K)->398626K(398848K)
[583.368s][info][gc,metaspace   ] GC(1097) Metaspace: 57797K(58112K)->57797K(58112K) NonClass: 52164K(52416K)->52164K(52416K) Class: 5632K(5696K)->5632K(5696K)
[583.368s][info][gc             ] GC(1097) Pause Young (Allocation Failure) 669M->393M(708M) 21.436ms
[583.368s][info][gc,cpu         ] GC(1097) User=0.01s Sys=0.00s Real=0.02s
[584.056s][info][gc,start       ] GC(1098) Pause Young (Allocation Failure)
[584.061s][info][gc,heap        ] GC(1098) PSYoungGen: 323670K(326656K)->2144K(326656K) Eden: 319864K(320000K)->0K(320000K) From: 3806K(6656K)->2144K(6656K)
[584.061s][info][gc,heap        ] GC(1098) ParOldGen: 398626K(398848K)->398642K(398848K)
[584.061s][info][gc,metaspace   ] GC(1098) Metaspace: 57797K(58112K)->57797K(58112K) NonClass: 52164K(52416K)->52164K(52416K) Class: 5632K(5696K)->5632K(5696K)
[584.061s][info][gc             ] GC(1098) Pause Young (Allocation Failure) 705M->391M(708M) 4.957ms
[584.061s][info][gc,cpu         ] GC(1098) User=0.00s Sys=0.00s Real=0.00s
[584.806s][info][gc,start       ] GC(1099) Pause Young (Allocation Failure)
[584.808s][info][gc,heap        ] GC(1099) PSYoungGen: 322144K(326656K)->799K(327168K) Eden: 320000K(320000K)->0K(320512K) From: 2144K(6656K)->799K(6656K)
[584.808s][info][gc,heap        ] GC(1099) ParOldGen: 398642K(398848K)->398658K(398848K)
[584.808s][info][gc,metaspace   ] GC(1099) Metaspace: 57797K(58112K)->57797K(58112K) NonClass: 52164K(52416K)->52164K(52416K) Class: 5632K(5696K)->5632K(5696K)
[584.808s][info][gc             ] GC(1099) Pause Young (Allocation Failure) 703M->390M(709M) 2.137ms
[584.808s][info][gc,cpu         ] GC(1099) User=0.00s Sys=0.00s Real=0.00s
[585.522s][info][gc,start       ] GC(1100) Pause Young (Allocation Failure)
[585.526s][info][gc,heap        ] GC(1100) PSYoungGen: 321311K(327168K)->2462K(323072K) Eden: 320512K(320512K)->0K(320512K) From: 799K(6656K)->2462K(2560K)
[585.526s][info][gc,heap        ] GC(1100) ParOldGen: 398658K(398848K)->398674K(398848K)
[585.526s][info][gc,metaspace   ] GC(1100) Metaspace: 57797K(58112K)->57797K(58112K) NonClass: 52164K(52416K)->52164K(52416K) Class: 5632K(5696K)->5632K(5696K)
[585.526s][info][gc             ] GC(1100) Pause Young (Allocation Failure) 703M->391M(705M) 4.154ms
[585.526s][info][gc,cpu         ] GC(1100) User=0.01s Sys=0.00s Real=0.01s
[586.227s][info][gc,start       ] GC(1101) Pause Young (Allocation Failure)
[586.231s][info][gc,heap        ] GC(1101) PSYoungGen: 322974K(323072K)->2144K(310272K) Eden: 320512K(320512K)->0K(307712K) From: 2462K(2560K)->2144K(2560K)
[586.231s][info][gc,heap        ] GC(1101) ParOldGen: 398674K(398848K)->398690K(398848K)
[586.231s][info][gc,metaspace   ] GC(1101) Metaspace: 57797K(58112K)->57797K(58112K) NonClass: 52164K(52416K)->52164K(52416K) Class: 5632K(5696K)->5632K(5696K)
[586.231s][info][gc             ] GC(1101) Pause Young (Allocation Failure) 704M->391M(692M) 4.273ms
[586.232s][info][gc,cpu         ] GC(1101) User=0.00s Sys=0.00s Real=0.00s
[586.922s][info][gc,start       ] GC(1102) Pause Young (Allocation Failure)
[586.928s][info][gc,heap        ] GC(1102) PSYoungGen: 309856K(310272K)->3935K(299520K) Eden: 307712K(307712K)->0K(295424K) From: 2144K(2560K)->3935K(4096K)
[586.928s][info][gc,heap        ] GC(1102) ParOldGen: 398690K(398848K)->398706K(398848K)
[586.928s][info][gc,metaspace   ] GC(1102) Metaspace: 57797K(58112K)->57797K(58112K) NonClass: 52164K(52416K)->52164K(52416K) Class: 5632K(5696K)->5632K(5696K)
[586.928s][info][gc             ] GC(1102) Pause Young (Allocation Failure) 691M->393M(682M) 6.841ms
[586.929s][info][gc,cpu         ] GC(1102) User=0.01s Sys=0.01s Real=0.01s
[587.612s][info][gc,start       ] GC(1103) Pause Young (Allocation Failure)
[587.616s][info][gc,heap        ] GC(1103) PSYoungGen: 299359K(299520K)->1726K(285696K) Eden: 295424K(295424K)->0K(283648K) From: 3935K(4096K)->1726K(2048K)
[587.616s][info][gc,heap        ] GC(1103) ParOldGen: 398706K(398848K)->398722K(398848K)
[587.616s][info][gc,metaspace   ] GC(1103) Metaspace: 57797K(58112K)->57797K(58112K) NonClass: 52164K(52416K)->52164K(52416K) Class: 5632K(5696K)->5632K(5696K)
[587.616s][info][gc             ] GC(1103) Pause Young (Allocation Failure) 681M->391M(668M) 3.476ms
[587.616s][info][gc,cpu         ] GC(1103) User=0.01s Sys=0.00s Real=0.01s
[588.223s][info][gc,start       ] GC(1104) Pause Young (Allocation Failure)
[588.227s][info][gc,heap        ] GC(1104) PSYoungGen: 285374K(285696K)->2431K(274944K) Eden: 283648K(283648K)->0K(272384K) From: 1726K(2048K)->2431K(2560K)
[588.228s][info][gc,heap        ] GC(1104) ParOldGen: 398722K(398848K)->398738K(398848K)
[588.228s][info][gc,metaspace   ] GC(1104) Metaspace: 57797K(58112K)->57797K(58112K) NonClass: 52164K(52416K)->52164K(52416K) Class: 5632K(5696K)->5632K(5696K)
[588.228s][info][gc             ] GC(1104) Pause Young (Allocation Failure) 668M->391M(658M) 4.300ms
[588.228s][info][gc,cpu         ] GC(1104) User=0.01s Sys=0.00s Real=0.01s
[588.826s][info][gc,start       ] GC(1105) Pause Young (Allocation Failure)
[588.831s][info][gc,heap        ] GC(1105) PSYoungGen: 274815K(274944K)->2080K(264192K) Eden: 272384K(272384K)->0K(261632K) From: 2431K(2560K)->2080K(2560K)
[588.831s][info][gc,heap        ] GC(1105) ParOldGen: 398738K(398848K)->398754K(398848K)
[588.831s][info][gc,metaspace   ] GC(1105) Metaspace: 57797K(58112K)->57797K(58112K) NonClass: 52164K(52416K)->52164K(52416K) Class: 5632K(5696K)->5632K(5696K)
[588.831s][info][gc             ] GC(1105) Pause Young (Allocation Failure) 657M->391M(647M) 4.218ms
[588.831s][info][gc,cpu         ] GC(1105) User=0.01s Sys=0.00s Real=0.00s
[589.430s][info][gc,start       ] GC(1106) Pause Young (Allocation Failure)
[589.434s][info][gc,heap        ] GC(1106) PSYoungGen: 263712K(264192K)->2495K(253952K) Eden: 261632K(261632K)->0K(251392K) From: 2080K(2560K)->2495K(2560K)
[589.434s][info][gc,heap        ] GC(1106) ParOldGen: 398754K(398848K)->398770K(398848K)
[589.434s][info][gc,metaspace   ] GC(1106) Metaspace: 57797K(58112K)->57797K(58112K) NonClass: 52164K(52416K)->52164K(52416K) Class: 5632K(5696K)->5632K(5696K)
[589.434s][info][gc             ] GC(1106) Pause Young (Allocation Failure) 646M->391M(637M) 4.535ms
[589.434s][info][gc,cpu         ] GC(1106) User=0.01s Sys=0.00s Real=0.00s
[590.010s][info][gc,start       ] GC(1107) Pause Young (Allocation Failure)
[590.013s][info][gc,heap        ] GC(1107) PSYoungGen: 253887K(253952K)->863K(242688K) Eden: 251392K(251392K)->0K(241664K) From: 2495K(2560K)->863K(1024K)
[590.013s][info][gc,heap        ] GC(1107) ParOldGen: 398770K(398848K)->398786K(398848K)
[590.013s][info][gc,metaspace   ] GC(1107) Metaspace: 57797K(58112K)->57797K(58112K) NonClass: 52164K(52416K)->52164K(52416K) Class: 5632K(5696K)->5632K(5696K)
[590.013s][info][gc             ] GC(1107) Pause Young (Allocation Failure) 637M->390M(626M) 3.141ms
[590.013s][info][gc,cpu         ] GC(1107) User=0.00s Sys=0.00s Real=0.00s
[590.527s][info][gc,start       ] GC(1108) Pause Young (Allocation Failure)
[590.532s][info][gc,heap        ] GC(1108) PSYoungGen: 242527K(242688K)->3071K(235520K) Eden: 241664K(241664K)->0K(232448K) From: 863K(1024K)->3071K(3072K)
[590.532s][info][gc,heap        ] GC(1108) ParOldGen: 398786K(398848K)->398802K(398848K)
[590.532s][info][gc,metaspace   ] GC(1108) Metaspace: 57797K(58112K)->57797K(58112K) NonClass: 52164K(52416K)->52164K(52416K) Class: 5632K(5696K)->5632K(5696K)
[590.532s][info][gc             ] GC(1108) Pause Young (Allocation Failure) 626M->392M(619M) 4.932ms
[590.532s][info][gc,cpu         ] GC(1108) User=0.01s Sys=0.00s Real=0.00s
[591.041s][info][gc,start       ] GC(1109) Pause Young (Allocation Failure)
[591.045s][info][gc,heap        ] GC(1109) PSYoungGen: 235371K(235520K)->1344K(225280K) Eden: 232300K(232448K)->0K(223744K) From: 3071K(3072K)->1344K(1536K)
[591.045s][info][gc,heap        ] GC(1109) ParOldGen: 398802K(398848K)->398818K(398848K)
[591.045s][info][gc,metaspace   ] GC(1109) Metaspace: 57797K(58112K)->57797K(58112K) NonClass: 52165K(52416K)->52165K(52416K) Class: 5632K(5696K)->5632K(5696K)
[591.045s][info][gc             ] GC(1109) Pause Young (Allocation Failure) 619M->390M(609M) 3.487ms
[591.045s][info][gc,cpu         ] GC(1109) User=0.01s Sys=0.00s Real=0.00s
[593.208s][info][gc,heap,exit   ] Heap
[593.208s][info][gc,heap,exit   ]  PSYoungGen      total 225280K, used 197625K [0x00000000eba00000, 0x00000000fe800000, 0x0000000100000000)
[593.208s][info][gc,heap,exit   ]   eden space 223744K, 87% used [0x00000000eba00000,0x00000000f79ae420,0x00000000f9480000)
[593.208s][info][gc,heap,exit   ]   from space 1536K, 87% used [0x00000000fe680000,0x00000000fe7d0000,0x00000000fe800000)
[593.208s][info][gc,heap,exit   ]   to   space 5120K, 0% used [0x00000000fde00000,0x00000000fde00000,0x00000000fe300000)
[593.208s][info][gc,heap,exit   ]  ParOldGen       total 398848K, used 398818K [0x00000000c2e00000, 0x00000000db380000, 0x00000000eba00000)
[593.208s][info][gc,heap,exit   ]   object space 398848K, 99% used [0x00000000c2e00000,0x00000000db378a80,0x00000000db380000)
[593.208s][info][gc,heap,exit   ]  Metaspace       used 58328K, committed 58624K, reserved 1114112K
[593.208s][info][gc,heap,exit   ]   class space    used 5776K, committed 5824K, reserved 1048576K
