[0.004s][info][metaspace]  - commit_granule_bytes: 65536.
[0.004s][info][metaspace]  - commit_granule_words: 8192.
[0.004s][info][metaspace]  - virtual_space_node_default_size: 8388608.
[0.004s][info][metaspace]  - enlarge_chunks_in_place: 1.
[0.006s][info][gc,init  ] CardTable entry size: 512
[0.006s][info][gc       ] Using Parallel
[0.007s][info][gc,init  ] Version: 24-internal-adhoc.root.jdk (release)
[0.007s][info][gc,init  ] CPUs: 2 total, 2 available
[0.007s][info][gc,init  ] Memory: 3908M
[0.007s][info][gc,init  ] Large Page Support: Disabled
[0.007s][info][gc,init  ] NUMA Support: Disabled
[0.007s][info][gc,init  ] Compressed Oops: Enabled (32-bit)
[0.007s][info][gc,init  ] Alignments: Space 512K, Generation 512K, Heap 2M
[0.007s][info][gc,init  ] Heap Min Capacity: 256M
[0.007s][info][gc,init  ] Heap Initial Capacity: 256M
[0.007s][info][gc,init  ] Heap Max Capacity: 978M
[0.007s][info][gc,init  ] Pre-touch: Disabled
[0.007s][info][gc,init  ] Parallel Workers: 2
[0.055s][info][gc,metaspace] CDS archive(s) mapped at: [0x00007f209e000000-0x00007f209edc0000-0x00007f209edc0000), size 14417920, SharedBaseAddress: 0x00007f209e000000, ArchiveRelocationMode: 1.
[0.055s][info][gc,metaspace] Compressed class space mapped at: 0x00007f209f000000-0x00007f20df000000, reserved size: 1073741824
[0.055s][info][gc,metaspace] UseCompressedClassPointers 1, UseCompactObjectHeaders 0
[0.055s][info][gc,metaspace] Narrow klass pointer bits 32, Max shift 3
[0.055s][info][gc,metaspace] Narrow klass base: 0x00007f209e000000, Narrow klass shift: 0
[0.055s][info][gc,metaspace] Encoding Range: [0x00007f209e000000 - 0x00007f219e000000), (4294967296 bytes)
[0.055s][info][gc,metaspace] Klass Range:    [0x00007f209e000000 - 0x00007f20df000000), (1090519040 bytes)
[0.055s][info][gc,metaspace] Klass ID Range:  [8 - 1090519033) (1090519025)
[1.543s][info][gc,start    ] GC(0) Pause Young (GCLocker Initiated GC)
[1.559s][info][gc,heap     ] GC(0) PSYoungGen: 65536K(76288K)->8860K(76288K) Eden: 65536K(65536K)->0K(65536K) From: 0K(10752K)->8860K(10752K)
[1.559s][info][gc,heap     ] GC(0) ParOldGen: 1157K(175104K)->1165K(175104K)
[1.559s][info][gc,metaspace] GC(0) Metaspace: 9498K(9600K)->9498K(9600K) NonClass: 8704K(8768K)->8704K(8768K) Class: 794K(832K)->794K(832K)
[1.559s][info][gc          ] GC(0) Pause Young (GCLocker Initiated GC) 65M->9M(245M) 15.639ms
[1.559s][info][gc,cpu      ] GC(0) User=0.02s Sys=0.01s Real=0.01s
[2.235s][info][metaspace   ] Arena @0x00007f20fc0557a0 (non-class arena): commit failure (requested size: 6)
[2.235s][info][metaspace   ] ChkMgr @0x00007f20fc03aa80 (non-class-space): failed to commit 6 words on chunk @0x00007f205030b590, f, base 0x00007f2095380000, level lv05.
[2.235s][info][metaspace   ] Arena @0x00007f20fc0557a0 (non-class arena): failed to allocate new chunk for requested word size 6.
[2.235s][info][metaspace   ] Arena @0x00007f20fc0557a0 (non-class arena): allocation failed, returned null.
[2.235s][info][metaspace   ] Arena @0x00007f20fc0557a0 (non-class arena): commit failure (requested size: 6)
[2.235s][info][metaspace   ] ChkMgr @0x00007f20fc03aa80 (non-class-space): failed to commit 6 words on chunk @0x00007f205030b590, f, base 0x00007f2095380000, level lv05.
[2.235s][info][metaspace   ] Arena @0x00007f20fc0557a0 (non-class arena): failed to allocate new chunk for requested word size 6.
[2.235s][info][metaspace   ] Arena @0x00007f20fc0557a0 (non-class arena): allocation failed, returned null.
[2.235s][info][metaspace   ] Arena @0x00007f20fc0557a0 (non-class arena): commit failure (requested size: 6)
[2.235s][info][metaspace   ] ChkMgr @0x00007f20fc03aa80 (non-class-space): failed to commit 6 words on chunk @0x00007f205030b590, f, base 0x00007f2095380000, level lv05.
[2.235s][info][metaspace   ] Arena @0x00007f20fc0557a0 (non-class arena): failed to allocate new chunk for requested word size 6.
[2.235s][info][metaspace   ] Arena @0x00007f20fc0557a0 (non-class arena): allocation failed, returned null.
[2.235s][info][gc,start    ] GC(1) Pause Full (Metadata GC Threshold)
[2.235s][info][gc,phases,start] GC(1) Marking Phase
[2.248s][info][gc,phases      ] GC(1) Marking Phase 12.335ms
[2.248s][info][gc,phases,start] GC(1) Summary Phase
[2.248s][info][gc,phases      ] GC(1) Summary Phase 0.009ms
[2.248s][info][gc,phases,start] GC(1) Forward
[2.251s][info][gc,phases      ] GC(1) Forward 3.100ms
[2.251s][info][gc,phases,start] GC(1) Adjust Pointers
[2.256s][info][gc,phases      ] GC(1) Adjust Pointers 5.131ms
[2.256s][info][gc,phases,start] GC(1) Compaction Phase
[2.262s][info][gc,phases      ] GC(1) Compaction Phase 6.449ms
[2.262s][info][gc,phases,start] GC(1) Post Compact
[2.264s][info][gc,phases      ] GC(1) Post Compact 1.367ms
[2.264s][info][gc,heap        ] GC(1) PSYoungGen: 54036K(76288K)->0K(76288K) Eden: 45175K(65536K)->0K(65536K) From: 8860K(10752K)->0K(10752K)
[2.264s][info][gc,heap        ] GC(1) ParOldGen: 1165K(175104K)->11040K(175104K)
[2.264s][info][gc,metaspace   ] GC(1) Metaspace: 21430K(21504K)->21430K(21504K) NonClass: 19420K(19456K)->19420K(19456K) Class: 2009K(2048K)->2009K(2048K)
[2.264s][info][gc             ] GC(1) Pause Full (Metadata GC Threshold) 53M->10M(245M) 28.686ms
[2.264s][info][gc,cpu         ] GC(1) User=0.04s Sys=0.01s Real=0.03s
[3.265s][info][gc,start       ] GC(2) Pause Young (Allocation Failure)
[3.277s][info][gc,heap        ] GC(2) PSYoungGen: 65536K(76288K)->4495K(76288K) Eden: 65536K(65536K)->0K(65536K) From: 0K(10752K)->4495K(10752K)
[3.277s][info][gc,heap        ] GC(2) ParOldGen: 142112K(175104K)->142120K(175104K)
[3.277s][info][gc,metaspace   ] GC(2) Metaspace: 31983K(32192K)->31983K(32192K) NonClass: 28943K(29056K)->28943K(29056K) Class: 3039K(3136K)->3039K(3136K)
[3.277s][info][gc             ] GC(2) Pause Young (Allocation Failure) 202M->143M(245M) 11.628ms
[3.277s][info][gc,cpu         ] GC(2) User=0.01s Sys=0.01s Real=0.01s
[3.558s][info][metaspace      ] ChkMgr @0x00007f20fc03a890 (class-space): failed to commit 75 words on chunk @0x00007f20fc7ad448, f, base 0x00007f209f360000, level lv07.
[3.558s][info][metaspace      ] Arena @0x00007f20fc0557f0 (class arena): failed to allocate new chunk for requested word size 75.
[3.558s][info][metaspace      ] Arena @0x00007f20fc0557f0 (class arena): allocation failed, returned null.
[3.558s][info][metaspace      ] ChkMgr @0x00007f20fc03a890 (class-space): failed to commit 75 words on chunk @0x00007f20fc7ad448, f, base 0x00007f209f360000, level lv07.
[3.558s][info][metaspace      ] Arena @0x00007f20fc0557f0 (class arena): failed to allocate new chunk for requested word size 75.
[3.558s][info][metaspace      ] Arena @0x00007f20fc0557f0 (class arena): allocation failed, returned null.
[3.558s][info][metaspace      ] ChkMgr @0x00007f20fc03aa80 (non-class-space): failed to commit 11 words on chunk @0x00007f20fc7ada30, f, base 0x00007f2095fb0000, level lv10.
[3.558s][info][metaspace      ] Arena @0x00007f20fc24b4d0 (non-class arena): failed to allocate new chunk for requested word size 11.
[3.558s][info][metaspace      ] Arena @0x00007f20fc24b4d0 (non-class arena): allocation failed, returned null.
[3.558s][info][metaspace      ] ChkMgr @0x00007f20fc03aa80 (non-class-space): failed to commit 11 words on chunk @0x00007f20fc7ada30, f, base 0x00007f2095fb0000, level lv10.
[3.558s][info][metaspace      ] Arena @0x00007f20fc24b4d0 (non-class arena): failed to allocate new chunk for requested word size 11.
[3.558s][info][metaspace      ] Arena @0x00007f20fc24b4d0 (non-class arena): allocation failed, returned null.
[3.558s][info][metaspace      ] ChkMgr @0x00007f20fc03a890 (class-space): failed to commit 75 words on chunk @0x00007f20fc7ad448, f, base 0x00007f209f360000, level lv07.
[3.558s][info][metaspace      ] Arena @0x00007f20fc0557f0 (class arena): failed to allocate new chunk for requested word size 75.
[3.558s][info][metaspace      ] Arena @0x00007f20fc0557f0 (class arena): allocation failed, returned null.
[3.559s][info][gc,start       ] GC(3) Pause Full (Metadata GC Threshold)
[3.559s][info][gc,phases,start] GC(3) Marking Phase
[3.575s][info][gc,phases      ] GC(3) Marking Phase 16.870ms
[3.575s][info][gc,phases,start] GC(3) Summary Phase
[3.575s][info][gc,phases      ] GC(3) Summary Phase 0.018ms
[3.576s][info][gc,phases,start] GC(3) Forward
[3.579s][info][gc,phases      ] GC(3) Forward 3.865ms
[3.579s][info][gc,phases,start] GC(3) Adjust Pointers
[3.587s][info][gc,phases      ] GC(3) Adjust Pointers 8.090ms
[3.588s][info][gc,phases,start] GC(3) Compaction Phase
[3.613s][info][gc,phases      ] GC(3) Compaction Phase 25.802ms
[3.614s][info][gc,phases,start] GC(3) Post Compact
[3.617s][info][gc,phases      ] GC(3) Post Compact 3.232ms
[3.617s][info][gc,heap        ] GC(3) PSYoungGen: 64695K(76288K)->44307K(76288K) Eden: 60200K(65536K)->44307K(65536K) From: 4495K(10752K)->0K(10752K)
[3.617s][info][gc,heap        ] GC(3) ParOldGen: 181183K(214528K)->181046K(214528K)
[3.617s][info][gc,metaspace   ] GC(3) Metaspace: 35731K(35840K)->35731K(35840K) NonClass: 32368K(32448K)->32368K(32448K) Class: 3363K(3392K)->3363K(3392K)
[3.617s][info][gc             ] GC(3) Pause Full (Metadata GC Threshold) 240M->220M(284M) 58.301ms
[3.617s][info][gc,cpu         ] GC(3) User=0.09s Sys=0.00s Real=0.06s
[3.842s][info][gc,start       ] GC(4) Pause Young (Allocation Failure)
[3.890s][info][gc,heap        ] GC(4) PSYoungGen: 65520K(76288K)->6208K(76288K) Eden: 65520K(65536K)->0K(65536K) From: 0K(10752K)->6208K(10752K)
[3.890s][info][gc,heap        ] GC(4) ParOldGen: 181046K(214528K)->220117K(253952K)
[3.890s][info][gc,metaspace   ] GC(4) Metaspace: 39392K(39616K)->39392K(39616K) NonClass: 35698K(35840K)->35698K(35840K) Class: 3693K(3776K)->3693K(3776K)
[3.890s][info][gc             ] GC(4) Pause Young (Allocation Failure) 240M->221M(322M) 47.810ms
[3.890s][info][gc,cpu         ] GC(4) User=0.07s Sys=0.03s Real=0.05s
[4.902s][info][gc,start       ] GC(5) Pause Young (Allocation Failure)
[4.918s][info][gc,heap        ] GC(5) PSYoungGen: 71744K(76288K)->9408K(141824K) Eden: 65536K(65536K)->0K(131072K) From: 6208K(10752K)->9408K(10752K)
[4.918s][info][gc,heap        ] GC(5) ParOldGen: 220117K(253952K)->220125K(253952K)
[4.918s][info][gc,metaspace   ] GC(5) Metaspace: 49728K(49984K)->49728K(49984K) NonClass: 44763K(44928K)->44763K(44928K) Class: 4964K(5056K)->4964K(5056K)
[4.918s][info][gc             ] GC(5) Pause Young (Allocation Failure) 285M->224M(386M) 15.642ms
[4.918s][info][gc,cpu         ] GC(5) User=0.02s Sys=0.01s Real=0.01s
[7.552s][info][gc,start       ] GC(6) Pause Young (Allocation Failure)
[7.593s][info][gc,heap        ] GC(6) PSYoungGen: 140480K(141824K)->10728K(141824K) Eden: 131072K(131072K)->0K(131072K) From: 9408K(10752K)->10728K(10752K)
[7.594s][info][gc,heap        ] GC(6) ParOldGen: 220125K(253952K)->243941K(253952K)
[7.594s][info][gc,metaspace   ] GC(6) Metaspace: 54336K(54592K)->54336K(54592K) NonClass: 48763K(48960K)->48763K(48960K) Class: 5572K(5632K)->5572K(5632K)
[7.594s][info][gc             ] GC(6) Pause Young (Allocation Failure) 352M->248M(386M) 41.618ms
[7.594s][info][gc,cpu         ] GC(6) User=0.04s Sys=0.04s Real=0.04s
[8.166s][info][gc,start       ] GC(7) Pause Young (Allocation Failure)
[8.219s][info][gc,heap        ] GC(7) PSYoungGen: 141800K(141824K)->28669K(277504K) Eden: 131072K(131072K)->0K(248832K) From: 10728K(10752K)->28669K(28672K)
[8.219s][info][gc,heap        ] GC(7) ParOldGen: 243941K(253952K)->255698K(256000K)
[8.219s][info][gc,metaspace   ] GC(7) Metaspace: 54840K(55104K)->54840K(55104K) NonClass: 49267K(49472K)->49267K(49472K) Class: 5573K(5632K)->5573K(5632K)
[8.219s][info][gc             ] GC(7) Pause Young (Allocation Failure) 376M->277M(521M) 53.179ms
[8.219s][info][gc,cpu         ] GC(7) User=0.07s Sys=0.04s Real=0.06s
[9.063s][info][gc,start       ] GC(8) Pause Young (Allocation Failure)
[9.126s][info][gc,heap        ] GC(8) PSYoungGen: 277501K(277504K)->41981K(290816K) Eden: 248832K(248832K)->0K(248832K) From: 28669K(28672K)->41981K(41984K)
[9.126s][info][gc,heap        ] GC(8) ParOldGen: 255698K(256000K)->255794K(256000K)
[9.126s][info][gc,metaspace   ] GC(8) Metaspace: 55022K(55296K)->55022K(55296K) NonClass: 49449K(49664K)->49449K(49664K) Class: 5573K(5632K)->5573K(5632K)
[9.126s][info][gc             ] GC(8) Pause Young (Allocation Failure) 520M->290M(534M) 63.463ms
[9.126s][info][gc,cpu         ] GC(8) User=0.10s Sys=0.03s Real=0.06s
[9.727s][info][gc,start       ] GC(9) Pause Young (Allocation Failure)
[9.779s][info][gc,heap        ] GC(9) PSYoungGen: 290813K(290816K)->37468K(267264K) Eden: 248832K(248832K)->0K(224256K) From: 41981K(41984K)->37468K(43008K)
[9.779s][info][gc,heap        ] GC(9) ParOldGen: 255794K(256000K)->261704K(262144K)
[9.779s][info][gc,metaspace   ] GC(9) Metaspace: 55184K(55552K)->55184K(55552K) NonClass: 49600K(49856K)->49600K(49856K) Class: 5584K(5696K)->5584K(5696K)
[9.779s][info][gc             ] GC(9) Pause Young (Allocation Failure) 533M->292M(517M) 52.514ms
[9.779s][info][gc,cpu         ] GC(9) User=0.09s Sys=0.01s Real=0.06s
[10.283s][info][gc,start       ] GC(10) Pause Young (Allocation Failure)
[10.334s][info][gc,heap        ] GC(10) PSYoungGen: 261653K(267264K)->17087K(279040K) Eden: 224184K(224256K)->0K(224256K) From: 37468K(43008K)->17087K(54784K)
[10.334s][info][gc,heap        ] GC(10) ParOldGen: 261704K(262144K)->282179K(282624K)
[10.334s][info][gc,metaspace   ] GC(10) Metaspace: 55304K(55680K)->55304K(55680K) NonClass: 49720K(49984K)->49720K(49984K) Class: 5584K(5696K)->5584K(5696K)
[10.334s][info][gc             ] GC(10) Pause Young (Allocation Failure) 511M->292M(548M) 50.940ms
[10.334s][info][gc,cpu         ] GC(10) User=0.08s Sys=0.02s Real=0.05s
[10.897s][info][gc,start       ] GC(11) Pause Young (Allocation Failure)
[10.916s][info][gc,heap        ] GC(11) PSYoungGen: 241171K(279040K)->3455K(276480K) Eden: 224083K(224256K)->0K(226816K) From: 17087K(54784K)->3455K(49664K)
[10.916s][info][gc,heap        ] GC(11) ParOldGen: 282179K(282624K)->285739K(286208K)
[10.916s][info][gc,metaspace   ] GC(11) Metaspace: 55431K(55808K)->55431K(55808K) NonClass: 49846K(50112K)->49846K(50112K) Class: 5584K(5696K)->5584K(5696K)
[10.916s][info][gc             ] GC(11) Pause Young (Allocation Failure) 511M->282M(549M) 18.879ms
[10.916s][info][gc,cpu         ] GC(11) User=0.04s Sys=0.00s Real=0.02s
[11.487s][info][gc,start       ] GC(12) Pause Young (Allocation Failure)
[11.491s][info][gc,heap        ] GC(12) PSYoungGen: 230271K(276480K)->1888K(279040K) Eden: 226816K(226816K)->0K(226816K) From: 3455K(49664K)->1888K(52224K)
[11.491s][info][gc,heap        ] GC(12) ParOldGen: 285739K(286208K)->286030K(286208K)
[11.491s][info][gc,metaspace   ] GC(12) Metaspace: 55435K(55808K)->55435K(55808K) NonClass: 49850K(50112K)->49850K(50112K) Class: 5584K(5696K)->5584K(5696K)
[11.492s][info][gc             ] GC(12) Pause Young (Allocation Failure) 503M->281M(552M) 4.548ms
[11.492s][info][gc,cpu         ] GC(12) User=0.00s Sys=0.00s Real=0.01s
[11.995s][info][gc,start       ] GC(13) Pause Young (Allocation Failure)
[12.000s][info][gc,heap        ] GC(13) PSYoungGen: 228704K(279040K)->2879K(280576K) Eden: 226816K(226816K)->0K(229376K) From: 1888K(52224K)->2879K(51200K)
[12.000s][info][gc,heap        ] GC(13) ParOldGen: 286030K(286208K)->286158K(286208K)
[12.000s][info][gc,metaspace   ] GC(13) Metaspace: 55435K(55808K)->55435K(55808K) NonClass: 49851K(50112K)->49851K(50112K) Class: 5584K(5696K)->5584K(5696K)
[12.000s][info][gc             ] GC(13) Pause Young (Allocation Failure) 502M->282M(553M) 5.025ms
[12.000s][info][gc,cpu         ] GC(13) User=0.01s Sys=0.00s Real=0.01s
[12.565s][info][gc,start       ] GC(14) Pause Young (Allocation Failure)
[12.572s][info][gc,heap        ] GC(14) PSYoungGen: 232181K(280576K)->2943K(281088K) Eden: 229302K(229376K)->0K(229376K) From: 2879K(51200K)->2943K(51712K)
[12.572s][info][gc,heap        ] GC(14) ParOldGen: 286158K(286208K)->286294K(286720K)
[12.572s][info][gc,metaspace   ] GC(14) Metaspace: 55439K(55808K)->55439K(55808K) NonClass: 49854K(50112K)->49854K(50112K) Class: 5584K(5696K)->5584K(5696K)
[12.572s][info][gc             ] GC(14) Pause Young (Allocation Failure) 506M->282M(554M) 7.396ms
[12.572s][info][gc,cpu         ] GC(14) User=0.01s Sys=0.01s Real=0.01s
[13.131s][info][gc,start       ] GC(15) Pause Young (Allocation Failure)
[13.147s][info][gc,heap        ] GC(15) PSYoungGen: 232319K(281088K)->1375K(279552K) Eden: 229376K(229376K)->0K(231424K) From: 2943K(51712K)->1375K(48128K)
[13.148s][info][gc,heap        ] GC(15) ParOldGen: 286294K(286720K)->286430K(286720K)
[13.148s][info][gc,metaspace   ] GC(15) Metaspace: 55441K(55808K)->55441K(55808K) NonClass: 49856K(50112K)->49856K(50112K) Class: 5584K(5696K)->5584K(5696K)
[13.148s][info][gc             ] GC(15) Pause Young (Allocation Failure) 506M->281M(553M) 16.454ms
[13.148s][info][gc,cpu         ] GC(15) User=0.02s Sys=0.00s Real=0.01s
[13.573s][info][gc,start       ] GC(16) Pause Young (Allocation Failure)
[13.578s][info][gc,heap        ] GC(16) PSYoungGen: 232799K(279552K)->1632K(280576K) Eden: 231424K(231424K)->0K(231424K) From: 1375K(48128K)->1632K(49152K)
[13.578s][info][gc,heap        ] GC(16) ParOldGen: 286430K(286720K)->286558K(286720K)
[13.578s][info][gc,metaspace   ] GC(16) Metaspace: 55441K(55808K)->55441K(55808K) NonClass: 49857K(50112K)->49857K(50112K) Class: 5584K(5696K)->5584K(5696K)
[13.578s][info][gc             ] GC(16) Pause Young (Allocation Failure) 507M->281M(554M) 4.121ms
[13.578s][info][gc,cpu         ] GC(16) User=0.00s Sys=0.00s Real=0.00s
[14.149s][info][gc,start       ] GC(17) Pause Young (Allocation Failure)
[14.154s][info][gc,heap        ] GC(17) PSYoungGen: 232793K(280576K)->3103K(280576K) Eden: 231161K(231424K)->0K(236544K) From: 1632K(49152K)->3103K(44032K)
[14.154s][info][gc,heap        ] GC(17) ParOldGen: 286558K(286720K)->286678K(286720K)
[14.154s][info][gc,metaspace   ] GC(17) Metaspace: 55456K(55808K)->55456K(55808K) NonClass: 49868K(50112K)->49868K(50112K) Class: 5588K(5696K)->5588K(5696K)
[14.154s][info][gc             ] GC(17) Pause Young (Allocation Failure) 507M->282M(554M) 5.494ms
[14.154s][info][gc,cpu         ] GC(17) User=0.01s Sys=0.00s Real=0.01s
[14.660s][info][gc,start       ] GC(18) Pause Young (Allocation Failure)
[14.664s][info][gc,heap        ] GC(18) PSYoungGen: 239647K(280576K)->1311K(282624K) Eden: 236544K(236544K)->0K(236544K) From: 3103K(44032K)->1311K(46080K)
[14.664s][info][gc,heap        ] GC(18) ParOldGen: 286678K(286720K)->286782K(287232K)
[14.664s][info][gc,metaspace   ] GC(18) Metaspace: 55458K(55808K)->55458K(55808K) NonClass: 49870K(50112K)->49870K(50112K) Class: 5588K(5696K)->5588K(5696K)
[14.664s][info][gc             ] GC(18) Pause Young (Allocation Failure) 513M->281M(556M) 4.345ms
[14.664s][info][gc,cpu         ] GC(18) User=0.01s Sys=0.00s Real=0.00s
[15.189s][info][gc,start       ] GC(19) Pause Young (Allocation Failure)
[15.198s][info][gc,heap        ] GC(19) PSYoungGen: 237855K(282624K)->2591K(283136K) Eden: 236544K(236544K)->0K(243200K) From: 1311K(46080K)->2591K(39936K)
[15.198s][info][gc,heap        ] GC(19) ParOldGen: 286782K(287232K)->286886K(287232K)
[15.198s][info][gc,metaspace   ] GC(19) Metaspace: 55458K(55808K)->55458K(55808K) NonClass: 49870K(50112K)->49870K(50112K) Class: 5588K(5696K)->5588K(5696K)
[15.198s][info][gc             ] GC(19) Pause Young (Allocation Failure) 512M->282M(557M) 8.950ms
[15.198s][info][gc,cpu         ] GC(19) User=0.01s Sys=0.01s Real=0.00s
[15.767s][info][gc,start       ] GC(20) Pause Young (Allocation Failure)
[15.774s][info][gc,heap        ] GC(20) PSYoungGen: 245791K(283136K)->1855K(285696K) Eden: 243200K(243200K)->0K(243200K) From: 2591K(39936K)->1855K(42496K)
[15.774s][info][gc,heap        ] GC(20) ParOldGen: 286886K(287232K)->286982K(287232K)
[15.774s][info][gc,metaspace   ] GC(20) Metaspace: 55458K(55808K)->55458K(55808K) NonClass: 49870K(50112K)->49870K(50112K) Class: 5588K(5696K)->5588K(5696K)
[15.774s][info][gc             ] GC(20) Pause Young (Allocation Failure) 520M->282M(559M) 6.986ms
[15.774s][info][gc,cpu         ] GC(20) User=0.02s Sys=0.00s Real=0.01s
[16.385s][info][gc,start       ] GC(21) Pause Young (Allocation Failure)
[16.393s][info][gc,heap        ] GC(21) PSYoungGen: 245055K(285696K)->4543K(286720K) Eden: 243200K(243200K)->0K(250880K) From: 1855K(42496K)->4543K(35840K)
[16.393s][info][gc,heap        ] GC(21) ParOldGen: 286982K(287232K)->287070K(287232K)
[16.393s][info][gc,metaspace   ] GC(21) Metaspace: 55458K(55808K)->55458K(55808K) NonClass: 49870K(50112K)->49870K(50112K) Class: 5588K(5696K)->5588K(5696K)
[16.393s][info][gc             ] GC(21) Pause Young (Allocation Failure) 519M->284M(560M) 7.771ms
[16.393s][info][gc,cpu         ] GC(21) User=0.01s Sys=0.00s Real=0.01s
[16.902s][info][gc,start       ] GC(22) Pause Young (Allocation Failure)
[16.904s][info][gc,heap        ] GC(22) PSYoungGen: 255423K(286720K)->927K(289280K) Eden: 250880K(250880K)->0K(250880K) From: 4543K(35840K)->927K(38400K)
[16.905s][info][gc,heap        ] GC(22) ParOldGen: 287070K(287232K)->287142K(287232K)
[16.905s][info][gc,metaspace   ] GC(22) Metaspace: 55458K(55808K)->55458K(55808K) NonClass: 49870K(50112K)->49870K(50112K) Class: 5588K(5696K)->5588K(5696K)
[16.905s][info][gc             ] GC(22) Pause Young (Allocation Failure) 529M->281M(563M) 2.514ms
[16.905s][info][gc,cpu         ] GC(22) User=0.01s Sys=0.00s Real=0.00s
[17.599s][info][gc,start       ] GC(23) Pause Young (Allocation Failure)
[17.604s][info][gc,heap        ] GC(23) PSYoungGen: 251558K(289280K)->1984K(290304K) Eden: 250630K(250880K)->0K(258560K) From: 927K(38400K)->1984K(31744K)
[17.604s][info][gc,heap        ] GC(23) ParOldGen: 287142K(287232K)->287230K(287232K)
[17.604s][info][gc,metaspace   ] GC(23) Metaspace: 55459K(55808K)->55459K(55808K) NonClass: 49870K(50112K)->49870K(50112K) Class: 5588K(5696K)->5588K(5696K)
[17.604s][info][gc             ] GC(23) Pause Young (Allocation Failure) 526M->282M(564M) 4.580ms
[17.604s][info][gc,cpu         ] GC(23) User=0.00s Sys=0.00s Real=0.00s
[18.182s][info][gc,start       ] GC(24) Pause Young (Allocation Failure)
[18.187s][info][gc,heap        ] GC(24) PSYoungGen: 260414K(290304K)->2879K(293376K) Eden: 258430K(258560K)->0K(258560K) From: 1984K(31744K)->2879K(34816K)
[18.187s][info][gc,heap        ] GC(24) ParOldGen: 287230K(287232K)->287294K(287744K)
[18.187s][info][gc,metaspace   ] GC(24) Metaspace: 55459K(55808K)->55459K(55808K) NonClass: 49870K(50112K)->49870K(50112K) Class: 5588K(5696K)->5588K(5696K)
[18.187s][info][gc             ] GC(24) Pause Young (Allocation Failure) 534M->283M(567M) 5.016ms
[18.187s][info][gc,cpu         ] GC(24) User=0.01s Sys=0.00s Real=0.00s
[18.778s][info][gc,start       ] GC(25) Pause Young (Allocation Failure)
[18.783s][info][gc,heap        ] GC(25) PSYoungGen: 261439K(293376K)->2783K(259072K) Eden: 258560K(258560K)->0K(248320K) From: 2879K(34816K)->2783K(10752K)
[18.783s][info][gc,heap        ] GC(25) ParOldGen: 287294K(287744K)->287366K(287744K)
[18.783s][info][gc,metaspace   ] GC(25) Metaspace: 55476K(55808K)->55476K(55808K) NonClass: 49884K(50112K)->49884K(50112K) Class: 5591K(5696K)->5591K(5696K)
[18.783s][info][gc             ] GC(25) Pause Young (Allocation Failure) 535M->283M(534M) 5.814ms
[18.783s][info][gc,cpu         ] GC(25) User=0.01s Sys=0.00s Real=0.01s
[19.374s][info][gc,start       ] GC(26) Pause Young (Allocation Failure)
[19.395s][info][gc,heap        ] GC(26) PSYoungGen: 251103K(259072K)->2655K(279552K) Eden: 248320K(248320K)->0K(248320K) From: 2783K(10752K)->2655K(31232K)
[19.395s][info][gc,heap        ] GC(26) ParOldGen: 287366K(287744K)->287438K(287744K)
[19.395s][info][gc,metaspace   ] GC(26) Metaspace: 55477K(55808K)->55477K(55808K) NonClass: 49886K(50112K)->49886K(50112K) Class: 5591K(5696K)->5591K(5696K)
[19.395s][info][gc             ] GC(26) Pause Young (Allocation Failure) 525M->283M(554M) 21.118ms
[19.395s][info][gc,cpu         ] GC(26) User=0.02s Sys=0.01s Real=0.02s
[19.949s][info][gc,start       ] GC(27) Pause Young (Allocation Failure)
[19.951s][info][gc,heap        ] GC(27) PSYoungGen: 250975K(279552K)->452K(297472K) Eden: 248320K(248320K)->0K(273408K) From: 2655K(31232K)->452K(24064K)
[19.951s][info][gc,heap        ] GC(27) ParOldGen: 287438K(287744K)->287502K(287744K)
[19.951s][info][gc,metaspace   ] GC(27) Metaspace: 55487K(55872K)->55487K(55872K) NonClass: 49896K(50176K)->49896K(50176K) Class: 5591K(5696K)->5591K(5696K)
[19.951s][info][gc             ] GC(27) Pause Young (Allocation Failure) 525M->281M(571M) 2.520ms
[19.951s][info][gc,cpu         ] GC(27) User=0.01s Sys=0.00s Real=0.01s
[20.610s][info][gc,start       ] GC(28) Pause Young (Allocation Failure)
[20.613s][info][gc,heap        ] GC(28) PSYoungGen: 273860K(297472K)->959K(301056K) Eden: 273408K(273408K)->0K(273408K) From: 452K(24064K)->959K(27648K)
[20.613s][info][gc,heap        ] GC(28) ParOldGen: 287502K(287744K)->287558K(287744K)
[20.613s][info][gc,metaspace   ] GC(28) Metaspace: 55487K(55872K)->55487K(55872K) NonClass: 49896K(50176K)->49896K(50176K) Class: 5591K(5696K)->5591K(5696K)
[20.613s][info][gc             ] GC(28) Pause Young (Allocation Failure) 548M->281M(575M) 2.608ms
[20.613s][info][gc,cpu         ] GC(28) User=0.00s Sys=0.00s Real=0.00s
[21.164s][info][gc,start       ] GC(29) Pause Young (Allocation Failure)
[21.169s][info][gc,heap        ] GC(29) PSYoungGen: 274367K(301056K)->2176K(267264K) Eden: 273408K(273408K)->0K(262656K) From: 959K(27648K)->2176K(4608K)
[21.169s][info][gc,heap        ] GC(29) ParOldGen: 287558K(287744K)->287622K(287744K)
[21.169s][info][gc,metaspace   ] GC(29) Metaspace: 55487K(55872K)->55487K(55872K) NonClass: 49896K(50176K)->49896K(50176K) Class: 5591K(5696K)->5591K(5696K)
[21.169s][info][gc             ] GC(29) Pause Young (Allocation Failure) 548M->283M(542M) 4.520ms
[21.169s][info][gc,cpu         ] GC(29) User=0.01s Sys=0.00s Real=0.00s
[21.764s][info][gc,start       ] GC(30) Pause Young (Allocation Failure)
[21.767s][info][gc,heap        ] GC(30) PSYoungGen: 264832K(267264K)->1887K(254464K) Eden: 262656K(262656K)->0K(252416K) From: 2176K(4608K)->1887K(2048K)
[21.767s][info][gc,heap        ] GC(30) ParOldGen: 287622K(287744K)->287678K(287744K)
[21.767s][info][gc,metaspace   ] GC(30) Metaspace: 55489K(55872K)->55489K(55872K) NonClass: 49897K(50176K)->49897K(50176K) Class: 5591K(5696K)->5591K(5696K)
[21.767s][info][gc             ] GC(30) Pause Young (Allocation Failure) 539M->282M(529M) 3.996ms
[21.768s][info][gc,cpu         ] GC(30) User=0.01s Sys=0.00s Real=0.00s
[22.349s][info][gc,start       ] GC(31) Pause Young (Allocation Failure)
[22.353s][info][gc,heap        ] GC(31) PSYoungGen: 254303K(254464K)->352K(245248K) Eden: 252416K(252416K)->0K(242688K) From: 1887K(2048K)->352K(2560K)
[22.353s][info][gc,heap        ] GC(31) ParOldGen: 287678K(287744K)->287734K(287744K)
[22.353s][info][gc,metaspace   ] GC(31) Metaspace: 55489K(55872K)->55489K(55872K) NonClass: 49897K(50176K)->49897K(50176K) Class: 5591K(5696K)->5591K(5696K)
[22.353s][info][gc             ] GC(31) Pause Young (Allocation Failure) 529M->281M(520M) 4.241ms
[22.353s][info][gc,cpu         ] GC(31) User=0.00s Sys=0.00s Real=0.00s
[22.906s][info][gc,start       ] GC(32) Pause Young (Allocation Failure)
[22.909s][info][gc,heap        ] GC(32) PSYoungGen: 243040K(245248K)->1407K(235008K) Eden: 242688K(242688K)->0K(233472K) From: 352K(2560K)->1407K(1536K)
[22.909s][info][gc,heap        ] GC(32) ParOldGen: 287734K(287744K)->287790K(288256K)
[22.909s][info][gc,metaspace   ] GC(32) Metaspace: 55489K(55872K)->55489K(55872K) NonClass: 49897K(50176K)->49897K(50176K) Class: 5591K(5696K)->5591K(5696K)
[22.909s][info][gc             ] GC(32) Pause Young (Allocation Failure) 518M->282M(511M) 3.239ms
[22.909s][info][gc,cpu         ] GC(32) User=0.01s Sys=0.00s Real=0.01s
[23.394s][info][gc,start       ] GC(33) Pause Young (Allocation Failure)
[23.404s][info][gc,heap        ] GC(33) PSYoungGen: 234879K(235008K)->1919K(226816K) Eden: 233472K(233472K)->0K(224768K) From: 1407K(1536K)->1919K(2048K)
[23.404s][info][gc,heap        ] GC(33) ParOldGen: 287790K(288256K)->287838K(288256K)
[23.404s][info][gc,metaspace   ] GC(33) Metaspace: 55490K(55872K)->55490K(55872K) NonClass: 49898K(50176K)->49898K(50176K) Class: 5591K(5696K)->5591K(5696K)
[23.404s][info][gc             ] GC(33) Pause Young (Allocation Failure) 510M->282M(503M) 9.284ms
[23.404s][info][gc,cpu         ] GC(33) User=0.01s Sys=0.00s Real=0.01s
[23.920s][info][gc,start       ] GC(34) Pause Young (Allocation Failure)
[23.922s][info][gc,heap        ] GC(34) PSYoungGen: 226687K(226816K)->864K(217600K) Eden: 224768K(224768K)->0K(216576K) From: 1919K(2048K)->864K(1024K)
[23.922s][info][gc,heap        ] GC(34) ParOldGen: 287838K(288256K)->287878K(288256K)
[23.922s][info][gc,metaspace   ] GC(34) Metaspace: 55490K(55872K)->55490K(55872K) NonClass: 49898K(50176K)->49898K(50176K) Class: 5591K(5696K)->5591K(5696K)
[23.922s][info][gc             ] GC(34) Pause Young (Allocation Failure) 502M->281M(494M) 2.879ms
[23.923s][info][gc,cpu         ] GC(34) User=0.01s Sys=0.00s Real=0.00s
[24.389s][info][gc,start       ] GC(35) Pause Young (Allocation Failure)
[24.393s][info][gc,heap        ] GC(35) PSYoungGen: 217440K(217600K)->1663K(210432K) Eden: 216576K(216576K)->0K(208384K) From: 864K(1024K)->1663K(2048K)
[24.394s][info][gc,heap        ] GC(35) ParOldGen: 287878K(288256K)->287918K(288256K)
[24.394s][info][gc,metaspace   ] GC(35) Metaspace: 55491K(55872K)->55491K(55872K) NonClass: 49900K(50176K)->49900K(50176K) Class: 5591K(5696K)->5591K(5696K)
[24.394s][info][gc             ] GC(35) Pause Young (Allocation Failure) 493M->282M(487M) 4.416ms
[24.394s][info][gc,cpu         ] GC(35) User=0.00s Sys=0.00s Real=0.00s
[24.878s][info][gc,start       ] GC(36) Pause Young (Allocation Failure)
[24.883s][info][gc,heap        ] GC(36) PSYoungGen: 210047K(210432K)->3071K(218112K) Eden: 208384K(208384K)->0K(200704K) From: 1663K(2048K)->3071K(17408K)
[24.883s][info][gc,heap        ] GC(36) ParOldGen: 287918K(288256K)->287958K(288256K)
[24.883s][info][gc,metaspace   ] GC(36) Metaspace: 55491K(55872K)->55491K(55872K) NonClass: 49900K(50176K)->49900K(50176K) Class: 5591K(5696K)->5591K(5696K)
[24.883s][info][gc             ] GC(36) Pause Young (Allocation Failure) 486M->284M(494M) 5.183ms
[24.883s][info][gc,cpu         ] GC(36) User=0.01s Sys=0.00s Real=0.01s
[25.357s][info][gc,start       ] GC(37) Pause Young (Allocation Failure)
[25.362s][info][gc,heap        ] GC(37) PSYoungGen: 203775K(218112K)->2206K(196096K) Eden: 200704K(200704K)->0K(193536K) From: 3071K(17408K)->2206K(2560K)
[25.362s][info][gc,heap        ] GC(37) ParOldGen: 287958K(288256K)->287998K(288256K)
[25.362s][info][gc,metaspace   ] GC(37) Metaspace: 55491K(55872K)->55491K(55872K) NonClass: 49900K(50176K)->49900K(50176K) Class: 5591K(5696K)->5591K(5696K)
[25.362s][info][gc             ] GC(37) Pause Young (Allocation Failure) 480M->283M(473M) 4.498ms
[25.362s][info][gc,cpu         ] GC(37) User=0.00s Sys=0.00s Real=0.01s
[25.774s][info][gc,start       ] GC(38) Pause Young (Allocation Failure)
[25.779s][info][gc,heap        ] GC(38) PSYoungGen: 195742K(196096K)->2848K(189440K) Eden: 193536K(193536K)->0K(186368K) From: 2206K(2560K)->2848K(3072K)
[25.779s][info][gc,heap        ] GC(38) ParOldGen: 287998K(288256K)->288038K(288256K)
[25.779s][info][gc,metaspace   ] GC(38) Metaspace: 55491K(55872K)->55491K(55872K) NonClass: 49900K(50176K)->49900K(50176K) Class: 5591K(5696K)->5591K(5696K)
[25.779s][info][gc             ] GC(38) Pause Young (Allocation Failure) 472M->284M(466M) 5.119ms
[25.779s][info][gc,cpu         ] GC(38) User=0.01s Sys=0.00s Real=0.01s
[26.259s][info][gc,start       ] GC(39) Pause Young (Allocation Failure)
[26.263s][info][gc,heap        ] GC(39) PSYoungGen: 189216K(189440K)->2143K(182272K) Eden: 186368K(186368K)->0K(179712K) From: 2848K(3072K)->2143K(2560K)
[26.263s][info][gc,heap        ] GC(39) ParOldGen: 288038K(288256K)->288070K(288256K)
[26.263s][info][gc,metaspace   ] GC(39) Metaspace: 55491K(55872K)->55491K(55872K) NonClass: 49900K(50176K)->49900K(50176K) Class: 5591K(5696K)->5591K(5696K)
[26.263s][info][gc             ] GC(39) Pause Young (Allocation Failure) 466M->283M(459M) 4.890ms
[26.263s][info][gc,cpu         ] GC(39) User=0.01s Sys=0.00s Real=0.01s
[26.596s][info][gc,start       ] GC(40) Pause Young (Allocation Failure)
[26.599s][info][gc,heap        ] GC(40) PSYoungGen: 181848K(182272K)->832K(174592K) Eden: 179704K(179712K)->0K(173568K) From: 2143K(2560K)->832K(1024K)
[26.599s][info][gc,heap        ] GC(40) ParOldGen: 288070K(288256K)->288102K(288256K)
[26.599s][info][gc,metaspace   ] GC(40) Metaspace: 55491K(55872K)->55491K(55872K) NonClass: 49900K(50176K)->49900K(50176K) Class: 5591K(5696K)->5591K(5696K)
[26.599s][info][gc             ] GC(40) Pause Young (Allocation Failure) 458M->282M(452M) 2.723ms
[26.599s][info][gc,cpu         ] GC(40) User=0.01s Sys=0.00s Real=0.00s
[27.002s][info][gc,start       ] GC(41) Pause Young (Allocation Failure)
[27.005s][info][gc,heap        ] GC(41) PSYoungGen: 174186K(174592K)->896K(168448K) Eden: 173354K(173568K)->0K(167424K) From: 832K(1024K)->896K(1024K)
[27.005s][info][gc,heap        ] GC(41) ParOldGen: 288102K(288256K)->288134K(288256K)
[27.005s][info][gc,metaspace   ] GC(41) Metaspace: 55491K(55872K)->55491K(55872K) NonClass: 49900K(50176K)->49900K(50176K) Class: 5591K(5696K)->5591K(5696K)
[27.005s][info][gc             ] GC(41) Pause Young (Allocation Failure) 451M->282M(446M) 3.407ms
[27.005s][info][gc,cpu         ] GC(41) User=0.00s Sys=0.00s Real=0.00s
[27.416s][info][gc,start       ] GC(42) Pause Young (Allocation Failure)
[27.421s][info][gc,heap        ] GC(42) PSYoungGen: 168001K(168448K)->2880K(173568K) Eden: 167105K(167424K)->0K(161792K) From: 896K(1024K)->2880K(11776K)
[27.421s][info][gc,heap        ] GC(42) ParOldGen: 288134K(288256K)->288166K(288256K)
[27.421s][info][gc,metaspace   ] GC(42) Metaspace: 55491K(55872K)->55491K(55872K) NonClass: 49900K(50176K)->49900K(50176K) Class: 5591K(5696K)->5591K(5696K)
[27.421s][info][gc             ] GC(42) Pause Young (Allocation Failure) 445M->284M(451M) 5.239ms
[27.421s][info][gc,cpu         ] GC(42) User=0.01s Sys=0.00s Real=0.01s
[27.763s][info][gc,start       ] GC(43) Pause Young (Allocation Failure)
[27.767s][info][gc,heap        ] GC(43) PSYoungGen: 164672K(173568K)->2175K(158720K) Eden: 161792K(161792K)->0K(156160K) From: 2880K(11776K)->2175K(2560K)
[27.767s][info][gc,heap        ] GC(43) ParOldGen: 288166K(288256K)->288190K(288256K)
[27.767s][info][gc,metaspace   ] GC(43) Metaspace: 55491K(55872K)->55491K(55872K) NonClass: 49900K(50176K)->49900K(50176K) Class: 5591K(5696K)->5591K(5696K)
[27.768s][info][gc             ] GC(43) Pause Young (Allocation Failure) 442M->283M(436M) 4.520ms
[27.768s][info][gc,cpu         ] GC(43) User=0.01s Sys=0.00s Real=0.00s
[28.094s][info][gc,start       ] GC(44) Pause Young (Allocation Failure)
[28.097s][info][gc,heap        ] GC(44) PSYoungGen: 158335K(158720K)->1727K(153088K) Eden: 156160K(156160K)->0K(151040K) From: 2175K(2560K)->1727K(2048K)
[28.097s][info][gc,heap        ] GC(44) ParOldGen: 288190K(288256K)->288222K(288256K)
[28.097s][info][gc,metaspace   ] GC(44) Metaspace: 55491K(55872K)->55491K(55872K) NonClass: 49900K(50176K)->49900K(50176K) Class: 5591K(5696K)->5591K(5696K)
[28.097s][info][gc             ] GC(44) Pause Young (Allocation Failure) 436M->283M(431M) 3.464ms
[28.097s][info][gc,cpu         ] GC(44) User=0.01s Sys=0.00s Real=0.00s
[28.464s][info][gc,start       ] GC(45) Pause Young (Allocation Failure)
[28.468s][info][gc,heap        ] GC(45) PSYoungGen: 152767K(153088K)->1728K(147968K) Eden: 151040K(151040K)->0K(145920K) From: 1727K(2048K)->1728K(2048K)
[28.468s][info][gc,heap        ] GC(45) ParOldGen: 288222K(288256K)->288254K(288256K)
[28.468s][info][gc,metaspace   ] GC(45) Metaspace: 55491K(55872K)->55491K(55872K) NonClass: 49900K(50176K)->49900K(50176K) Class: 5591K(5696K)->5591K(5696K)
[28.468s][info][gc             ] GC(45) Pause Young (Allocation Failure) 430M->283M(426M) 4.116ms
[28.468s][info][gc,cpu         ] GC(45) User=0.01s Sys=0.01s Real=0.00s
[28.775s][info][gc,start       ] GC(46) Pause Young (Allocation Failure)
[28.780s][info][gc,heap        ] GC(46) PSYoungGen: 147648K(147968K)->2975K(179200K) Eden: 145920K(145920K)->0K(170496K) From: 1728K(2048K)->2975K(8704K)
[28.780s][info][gc,heap        ] GC(46) ParOldGen: 288254K(288256K)->288286K(288768K)
[28.780s][info][gc,metaspace   ] GC(46) Metaspace: 55491K(55872K)->55491K(55872K) NonClass: 49900K(50176K)->49900K(50176K) Class: 5591K(5696K)->5591K(5696K)
[28.780s][info][gc             ] GC(46) Pause Young (Allocation Failure) 425M->284M(457M) 4.809ms
[28.780s][info][gc,cpu         ] GC(46) User=0.01s Sys=0.00s Real=0.01s
[29.203s][info][gc,start       ] GC(47) Pause Young (Allocation Failure)
[29.230s][info][gc,heap        ] GC(47) PSYoungGen: 173471K(179200K)->4191K(186880K) Eden: 170496K(170496K)->0K(178176K) From: 2975K(8704K)->4191K(8704K)
[29.230s][info][gc,heap        ] GC(47) ParOldGen: 288286K(288768K)->288310K(288768K)
[29.230s][info][gc,metaspace   ] GC(47) Metaspace: 55491K(55872K)->55491K(55872K) NonClass: 49900K(50176K)->49900K(50176K) Class: 5591K(5696K)->5591K(5696K)
[29.230s][info][gc             ] GC(47) Pause Young (Allocation Failure) 450M->285M(464M) 27.260ms
[29.230s][info][gc,cpu         ] GC(47) User=0.01s Sys=0.01s Real=0.03s
[29.588s][info][gc,start       ] GC(48) Pause Young (Allocation Failure)
[29.595s][info][gc,heap        ] GC(48) PSYoungGen: 182367K(186880K)->1791K(186880K) Eden: 178176K(178176K)->0K(178176K) From: 4191K(8704K)->1791K(8704K)
[29.595s][info][gc,heap        ] GC(48) ParOldGen: 288310K(288768K)->288342K(288768K)
[29.595s][info][gc,metaspace   ] GC(48) Metaspace: 55495K(55872K)->55495K(55872K) NonClass: 49903K(50176K)->49903K(50176K) Class: 5592K(5696K)->5592K(5696K)
[29.595s][info][gc             ] GC(48) Pause Young (Allocation Failure) 459M->283M(464M) 6.827ms
[29.595s][info][gc,cpu         ] GC(48) User=0.01s Sys=0.00s Real=0.01s
[29.985s][info][gc,start       ] GC(49) Pause Young (Allocation Failure)
[29.991s][info][gc,heap        ] GC(49) PSYoungGen: 179967K(186880K)->2431K(224768K) Eden: 178176K(178176K)->0K(217600K) From: 1791K(8704K)->2431K(7168K)
[29.991s][info][gc,heap        ] GC(49) ParOldGen: 288342K(288768K)->288374K(288768K)
[29.991s][info][gc,metaspace   ] GC(49) Metaspace: 55495K(55872K)->55495K(55872K) NonClass: 49903K(50176K)->49903K(50176K) Class: 5592K(5696K)->5592K(5696K)
[29.991s][info][gc             ] GC(49) Pause Young (Allocation Failure) 457M->283M(501M) 6.224ms
[29.991s][info][gc,cpu         ] GC(49) User=0.01s Sys=0.00s Real=0.01s
[30.494s][info][gc,start       ] GC(50) Pause Young (Allocation Failure)
[30.498s][info][gc,heap        ] GC(50) PSYoungGen: 220031K(224768K)->671K(225280K) Eden: 217600K(217600K)->0K(217600K) From: 2431K(7168K)->671K(7680K)
[30.498s][info][gc,heap        ] GC(50) ParOldGen: 288374K(288768K)->288398K(288768K)
[30.498s][info][gc,metaspace   ] GC(50) Metaspace: 55495K(55872K)->55495K(55872K) NonClass: 49903K(50176K)->49903K(50176K) Class: 5592K(5696K)->5592K(5696K)
[30.498s][info][gc             ] GC(50) Pause Young (Allocation Failure) 496M->282M(502M) 3.615ms
[30.498s][info][gc,cpu         ] GC(50) User=0.01s Sys=0.00s Real=0.00s
[30.980s][info][gc,start       ] GC(51) Pause Young (Allocation Failure)
[30.989s][info][gc,heap        ] GC(51) PSYoungGen: 218247K(225280K)->2880K(270336K) Eden: 217575K(217600K)->0K(263680K) From: 671K(7680K)->2880K(6656K)
[30.989s][info][gc,heap        ] GC(51) ParOldGen: 288398K(288768K)->288438K(288768K)
[30.989s][info][gc,metaspace   ] GC(51) Metaspace: 55495K(55872K)->55495K(55872K) NonClass: 49903K(50176K)->49903K(50176K) Class: 5592K(5696K)->5592K(5696K)
[30.989s][info][gc             ] GC(51) Pause Young (Allocation Failure) 494M->284M(546M) 8.282ms
[30.989s][info][gc,cpu         ] GC(51) User=0.01s Sys=0.00s Real=0.01s
[31.650s][info][gc,start       ] GC(52) Pause Young (Allocation Failure)
[31.654s][info][gc,heap        ] GC(52) PSYoungGen: 266435K(270336K)->1376K(270848K) Eden: 263555K(263680K)->0K(263680K) From: 2880K(6656K)->1376K(7168K)
[31.654s][info][gc,heap        ] GC(52) ParOldGen: 288438K(288768K)->288470K(288768K)
[31.654s][info][gc,metaspace   ] GC(52) Metaspace: 55495K(55872K)->55495K(55872K) NonClass: 49903K(50176K)->49903K(50176K) Class: 5592K(5696K)->5592K(5696K)
[31.654s][info][gc             ] GC(52) Pause Young (Allocation Failure) 541M->283M(546M) 3.797ms
[31.654s][info][gc,cpu         ] GC(52) User=0.00s Sys=0.01s Real=0.00s
[32.178s][info][gc,start       ] GC(53) Pause Young (Allocation Failure)
[32.183s][info][gc,heap        ] GC(53) PSYoungGen: 265056K(270848K)->2176K(326144K) Eden: 263680K(263680K)->0K(319488K) From: 1376K(7168K)->2176K(6656K)
[32.183s][info][gc,heap        ] GC(53) ParOldGen: 288470K(288768K)->288510K(288768K)
[32.183s][info][gc,metaspace   ] GC(53) Metaspace: 55495K(55872K)->55495K(55872K) NonClass: 49903K(50176K)->49903K(50176K) Class: 5592K(5696K)->5592K(5696K)
[32.183s][info][gc             ] GC(53) Pause Young (Allocation Failure) 540M->283M(600M) 5.205ms
[32.183s][info][gc,cpu         ] GC(53) User=0.01s Sys=0.00s Real=0.01s
[32.972s][info][gc,start       ] GC(54) Pause Young (Allocation Failure)
[32.976s][info][gc,heap        ] GC(54) PSYoungGen: 321664K(326144K)->1214K(326144K) Eden: 319488K(319488K)->0K(319488K) From: 2176K(6656K)->1214K(6656K)
[32.976s][info][gc,heap        ] GC(54) ParOldGen: 288510K(288768K)->288542K(288768K)
[32.976s][info][gc,metaspace   ] GC(54) Metaspace: 55495K(55872K)->55495K(55872K) NonClass: 49903K(50176K)->49903K(50176K) Class: 5592K(5696K)->5592K(5696K)
[32.976s][info][gc             ] GC(54) Pause Young (Allocation Failure) 595M->282M(600M) 3.293ms
[32.976s][info][gc,cpu         ] GC(54) User=0.01s Sys=0.00s Real=0.00s
[33.659s][info][gc,start       ] GC(55) Pause Young (Allocation Failure)
[33.663s][info][gc,heap        ] GC(55) PSYoungGen: 320702K(326144K)->1631K(308736K) Eden: 319488K(319488K)->0K(306688K) From: 1214K(6656K)->1631K(2048K)
[33.663s][info][gc,heap        ] GC(55) ParOldGen: 288542K(288768K)->288590K(288768K)
[33.663s][info][gc,metaspace   ] GC(55) Metaspace: 55496K(55872K)->55496K(55872K) NonClass: 49903K(50176K)->49903K(50176K) Class: 5592K(5696K)->5592K(5696K)
[33.663s][info][gc             ] GC(55) Pause Young (Allocation Failure) 594M->283M(583M) 3.670ms
[33.663s][info][gc,cpu         ] GC(55) User=0.01s Sys=0.00s Real=0.00s
[34.359s][info][gc,start       ] GC(56) Pause Young (Allocation Failure)
[34.362s][info][gc,heap        ] GC(56) PSYoungGen: 308319K(308736K)->1321K(295936K) Eden: 306688K(306688K)->0K(294400K) From: 1631K(2048K)->1321K(1536K)
[34.362s][info][gc,heap        ] GC(56) ParOldGen: 288590K(288768K)->288630K(288768K)
[34.362s][info][gc,metaspace   ] GC(56) Metaspace: 55498K(55872K)->55498K(55872K) NonClass: 49906K(50176K)->49906K(50176K) Class: 5592K(5696K)->5592K(5696K)
[34.362s][info][gc             ] GC(56) Pause Young (Allocation Failure) 582M->283M(571M) 3.595ms
[34.362s][info][gc,cpu         ] GC(56) User=0.01s Sys=0.00s Real=0.00s
[34.992s][info][gc,start       ] GC(57) Pause Young (Allocation Failure)
[34.996s][info][gc,heap        ] GC(57) PSYoungGen: 295721K(295936K)->1951K(284672K) Eden: 294400K(294400K)->0K(282624K) From: 1321K(1536K)->1951K(2048K)
[34.996s][info][gc,heap        ] GC(57) ParOldGen: 288630K(288768K)->288678K(288768K)
[34.996s][info][gc,metaspace   ] GC(57) Metaspace: 55498K(55872K)->55498K(55872K) NonClass: 49906K(50176K)->49906K(50176K) Class: 5592K(5696K)->5592K(5696K)
[34.996s][info][gc             ] GC(57) Pause Young (Allocation Failure) 570M->283M(560M) 4.593ms
[34.997s][info][gc,cpu         ] GC(57) User=0.01s Sys=0.01s Real=0.00s
[35.660s][info][gc,start       ] GC(58) Pause Young (Allocation Failure)
[35.663s][info][gc,heap        ] GC(58) PSYoungGen: 284386K(284672K)->992K(272384K) Eden: 282435K(282624K)->0K(271360K) From: 1951K(2048K)->992K(1024K)
[35.663s][info][gc,heap        ] GC(58) ParOldGen: 288678K(288768K)->288710K(288768K)
[35.663s][info][gc,metaspace   ] GC(58) Metaspace: 55498K(55872K)->55498K(55872K) NonClass: 49906K(50176K)->49906K(50176K) Class: 5592K(5696K)->5592K(5696K)
[35.663s][info][gc             ] GC(58) Pause Young (Allocation Failure) 559M->282M(548M) 2.910ms
[35.663s][info][gc,cpu         ] GC(58) User=0.00s Sys=0.00s Real=0.00s
[36.271s][info][gc,start       ] GC(59) Pause Young (Allocation Failure)
[36.276s][info][gc,heap        ] GC(59) PSYoungGen: 272088K(272384K)->2016K(262656K) Eden: 271096K(271360K)->0K(260608K) From: 992K(1024K)->2016K(2048K)
[36.276s][info][gc,heap        ] GC(59) ParOldGen: 288710K(288768K)->288742K(288768K)
[36.276s][info][gc,metaspace   ] GC(59) Metaspace: 55498K(55872K)->55498K(55872K) NonClass: 49906K(50176K)->49906K(50176K) Class: 5592K(5696K)->5592K(5696K)
[36.276s][info][gc             ] GC(59) Pause Young (Allocation Failure) 547M->283M(538M) 4.464ms
[36.276s][info][gc,cpu         ] GC(59) User=0.00s Sys=0.00s Real=0.00s
[36.872s][info][gc,start       ] GC(60) Pause Young (Allocation Failure)
[36.877s][info][gc,heap        ] GC(60) PSYoungGen: 262624K(262656K)->2752K(253440K) Eden: 260608K(260608K)->0K(250368K) From: 2016K(2048K)->2752K(3072K)
[36.877s][info][gc,heap        ] GC(60) ParOldGen: 288742K(288768K)->288782K(289280K)
[36.877s][info][gc,metaspace   ] GC(60) Metaspace: 55499K(55872K)->55499K(55872K) NonClass: 49906K(50176K)->49906K(50176K) Class: 5592K(5696K)->5592K(5696K)
[36.877s][info][gc             ] GC(60) Pause Young (Allocation Failure) 538M->284M(530M) 5.144ms
[36.877s][info][gc,cpu         ] GC(60) User=0.01s Sys=0.00s Real=0.00s
[37.463s][info][gc,start       ] GC(61) Pause Young (Allocation Failure)
[37.467s][info][gc,heap        ] GC(61) PSYoungGen: 253120K(253440K)->1983K(242688K) Eden: 250368K(250368K)->0K(240640K) From: 2752K(3072K)->1983K(2048K)
[37.467s][info][gc,heap        ] GC(61) ParOldGen: 288782K(289280K)->288814K(289280K)
[37.467s][info][gc,metaspace   ] GC(61) Metaspace: 55520K(55872K)->55520K(55872K) NonClass: 49925K(50176K)->49925K(50176K) Class: 5594K(5696K)->5594K(5696K)
[37.467s][info][gc             ] GC(61) Pause Young (Allocation Failure) 529M->283M(519M) 4.124ms
[37.467s][info][gc,cpu         ] GC(61) User=0.01s Sys=0.00s Real=0.00s
[37.977s][info][gc,start       ] GC(62) Pause Young (Allocation Failure)
[37.982s][info][gc,heap        ] GC(62) PSYoungGen: 242304K(242688K)->2624K(234496K) Eden: 240321K(240640K)->0K(231424K) From: 1983K(2048K)->2624K(3072K)
[37.982s][info][gc,heap        ] GC(62) ParOldGen: 288814K(289280K)->288870K(289280K)
[37.982s][info][gc,metaspace   ] GC(62) Metaspace: 55522K(55872K)->55522K(55872K) NonClass: 49928K(50176K)->49928K(50176K) Class: 5594K(5696K)->5594K(5696K)
[37.982s][info][gc             ] GC(62) Pause Young (Allocation Failure) 518M->284M(511M) 5.224ms
[37.982s][info][gc,cpu         ] GC(62) User=0.01s Sys=0.00s Real=0.01s
[38.549s][info][gc,start       ] GC(63) Pause Young (Allocation Failure)
[38.552s][info][gc,heap        ] GC(63) PSYoungGen: 234048K(234496K)->416K(223232K) Eden: 231424K(231424K)->0K(222720K) From: 2624K(3072K)->416K(512K)
[38.552s][info][gc,heap        ] GC(63) ParOldGen: 288870K(289280K)->288894K(289280K)
[38.552s][info][gc,metaspace   ] GC(63) Metaspace: 55522K(55872K)->55522K(55872K) NonClass: 49928K(50176K)->49928K(50176K) Class: 5594K(5696K)->5594K(5696K)
[38.552s][info][gc             ] GC(63) Pause Young (Allocation Failure) 510M->282M(500M) 2.320ms
[38.552s][info][gc,cpu         ] GC(63) User=0.01s Sys=0.00s Real=0.00s
[39.051s][info][gc,start       ] GC(64) Pause Young (Allocation Failure)
[39.053s][info][gc,heap        ] GC(64) PSYoungGen: 223136K(223232K)->640K(219136K) Eden: 222720K(222720K)->0K(214528K) From: 416K(512K)->640K(4608K)
[39.053s][info][gc,heap        ] GC(64) ParOldGen: 288894K(289280K)->288926K(289280K)
[39.053s][info][gc,metaspace   ] GC(64) Metaspace: 55522K(55872K)->55522K(55872K) NonClass: 49928K(50176K)->49928K(50176K) Class: 5594K(5696K)->5594K(5696K)
[39.053s][info][gc             ] GC(64) Pause Young (Allocation Failure) 500M->282M(496M) 2.219ms
[39.053s][info][gc,cpu         ] GC(64) User=0.00s Sys=0.00s Real=0.00s
[39.540s][info][gc,start       ] GC(65) Pause Young (Allocation Failure)
[39.544s][info][gc,heap        ] GC(65) PSYoungGen: 215146K(219136K)->1632K(208384K) Eden: 214506K(214528K)->0K(206336K) From: 640K(4608K)->1632K(2048K)
[39.544s][info][gc,heap        ] GC(65) ParOldGen: 288926K(289280K)->288950K(289280K)
[39.544s][info][gc,metaspace   ] GC(65) Metaspace: 55522K(55872K)->55522K(55872K) NonClass: 49928K(50176K)->49928K(50176K) Class: 5594K(5696K)->5594K(5696K)
[39.544s][info][gc             ] GC(65) Pause Young (Allocation Failure) 492M->283M(486M) 3.742ms
[39.544s][info][gc,cpu         ] GC(65) User=0.01s Sys=0.00s Real=0.00s
[39.966s][info][gc,start       ] GC(66) Pause Young (Allocation Failure)
[39.970s][info][gc,heap        ] GC(66) PSYoungGen: 207968K(208384K)->2783K(201728K) Eden: 206336K(206336K)->0K(198656K) From: 1632K(2048K)->2783K(3072K)
[39.970s][info][gc,heap        ] GC(66) ParOldGen: 288950K(289280K)->288982K(289280K)
[39.970s][info][gc,metaspace   ] GC(66) Metaspace: 55522K(55872K)->55522K(55872K) NonClass: 49928K(50176K)->49928K(50176K) Class: 5594K(5696K)->5594K(5696K)
[39.970s][info][gc             ] GC(66) Pause Young (Allocation Failure) 485M->284M(479M) 4.769ms
[39.970s][info][gc,cpu         ] GC(66) User=0.00s Sys=0.00s Real=0.01s
[40.452s][info][gc,start       ] GC(67) Pause Young (Allocation Failure)
[40.455s][info][gc,heap        ] GC(67) PSYoungGen: 201439K(201728K)->704K(192512K) Eden: 198656K(198656K)->0K(191488K) From: 2783K(3072K)->704K(1024K)
[40.455s][info][gc,heap        ] GC(67) ParOldGen: 288982K(289280K)->289006K(289280K)
[40.455s][info][gc,metaspace   ] GC(67) Metaspace: 55522K(55872K)->55522K(55872K) NonClass: 49928K(50176K)->49928K(50176K) Class: 5594K(5696K)->5594K(5696K)
[40.455s][info][gc             ] GC(67) Pause Young (Allocation Failure) 478M->282M(470M) 2.656ms
[40.455s][info][gc,cpu         ] GC(67) User=0.00s Sys=0.00s Real=0.00s
[40.871s][info][gc,start       ] GC(68) Pause Young (Allocation Failure)
[40.879s][info][gc,heap        ] GC(68) PSYoungGen: 192098K(192512K)->2464K(187392K) Eden: 191394K(191488K)->0K(184832K) From: 704K(1024K)->2464K(2560K)
[40.879s][info][gc,heap        ] GC(68) ParOldGen: 289006K(289280K)->289038K(289280K)
[40.879s][info][gc,metaspace   ] GC(68) Metaspace: 55522K(55872K)->55522K(55872K) NonClass: 49928K(50176K)->49928K(50176K) Class: 5594K(5696K)->5594K(5696K)
[40.879s][info][gc             ] GC(68) Pause Young (Allocation Failure) 469M->284M(465M) 8.398ms
[40.879s][info][gc,cpu         ] GC(68) User=0.01s Sys=0.00s Real=0.01s
[41.282s][info][gc,start       ] GC(69) Pause Young (Allocation Failure)
[41.286s][info][gc,heap        ] GC(69) PSYoungGen: 187296K(187392K)->2463K(180736K) Eden: 184832K(184832K)->0K(178176K) From: 2464K(2560K)->2463K(2560K)
[41.286s][info][gc,heap        ] GC(69) ParOldGen: 289038K(289280K)->289054K(289280K)
[41.286s][info][gc,metaspace   ] GC(69) Metaspace: 55522K(55872K)->55522K(55872K) NonClass: 49928K(50176K)->49928K(50176K) Class: 5594K(5696K)->5594K(5696K)
[41.286s][info][gc             ] GC(69) Pause Young (Allocation Failure) 465M->284M(459M) 4.270ms
[41.286s][info][gc,cpu         ] GC(69) User=0.00s Sys=0.00s Real=0.00s
[41.702s][info][gc,start       ] GC(70) Pause Young (Allocation Failure)
[41.705s][info][gc,heap        ] GC(70) PSYoungGen: 180639K(180736K)->1759K(174080K) Eden: 178176K(178176K)->0K(172032K) From: 2463K(2560K)->1759K(2048K)
[41.705s][info][gc,heap        ] GC(70) ParOldGen: 289054K(289280K)->289078K(289280K)
[41.705s][info][gc,metaspace   ] GC(70) Metaspace: 55522K(55872K)->55522K(55872K) NonClass: 49928K(50176K)->49928K(50176K) Class: 5594K(5696K)->5594K(5696K)
[41.705s][info][gc             ] GC(70) Pause Young (Allocation Failure) 458M->284M(452M) 3.548ms
[41.705s][info][gc,cpu         ] GC(70) User=0.01s Sys=0.00s Real=0.00s
[42.079s][info][gc,start       ] GC(71) Pause Young (Allocation Failure)
[42.084s][info][gc,heap        ] GC(71) PSYoungGen: 173791K(174080K)->2815K(168960K) Eden: 172032K(172032K)->0K(165888K) From: 1759K(2048K)->2815K(3072K)
[42.084s][info][gc,heap        ] GC(71) ParOldGen: 289078K(289280K)->289094K(289280K)
[42.084s][info][gc,metaspace   ] GC(71) Metaspace: 55522K(55872K)->55522K(55872K) NonClass: 49928K(50176K)->49928K(50176K) Class: 5594K(5696K)->5594K(5696K)
[42.084s][info][gc             ] GC(71) Pause Young (Allocation Failure) 452M->285M(447M) 4.807ms
[42.084s][info][gc,cpu         ] GC(71) User=0.01s Sys=0.00s Real=0.00s
[42.472s][info][gc,start       ] GC(72) Pause Young (Allocation Failure)
[42.477s][info][gc,heap        ] GC(72) PSYoungGen: 168703K(168960K)->3327K(202752K) Eden: 165888K(165888K)->0K(199168K) From: 2815K(3072K)->3327K(3584K)
[42.477s][info][gc,heap        ] GC(72) ParOldGen: 289094K(289280K)->289118K(289280K)
[42.477s][info][gc,metaspace   ] GC(72) Metaspace: 55522K(55872K)->55522K(55872K) NonClass: 49928K(50176K)->49928K(50176K) Class: 5594K(5696K)->5594K(5696K)
[42.477s][info][gc             ] GC(72) Pause Young (Allocation Failure) 447M->285M(480M) 5.328ms
[42.477s][info][gc,cpu         ] GC(72) User=0.01s Sys=0.00s Real=0.00s
[43.000s][info][gc,start       ] GC(73) Pause Young (Allocation Failure)
[43.003s][info][gc,heap        ] GC(73) PSYoungGen: 202226K(202752K)->767K(193024K) Eden: 198899K(199168K)->0K(192000K) From: 3327K(3584K)->767K(1024K)
[43.003s][info][gc,heap        ] GC(73) ParOldGen: 289118K(289280K)->289134K(289280K)
[43.003s][info][gc,metaspace   ] GC(73) Metaspace: 55522K(55872K)->55522K(55872K) NonClass: 49928K(50176K)->49928K(50176K) Class: 5594K(5696K)->5594K(5696K)
[43.003s][info][gc             ] GC(73) Pause Young (Allocation Failure) 479M->283M(471M) 2.387ms
[43.003s][info][gc,cpu         ] GC(73) User=0.00s Sys=0.00s Real=0.00s
[43.363s][info][gc,start       ] GC(74) Pause Young (Allocation Failure)
[43.367s][info][gc,heap        ] GC(74) PSYoungGen: 192767K(193024K)->1887K(187392K) Eden: 192000K(192000K)->0K(185344K) From: 767K(1024K)->1887K(2048K)
[43.367s][info][gc,heap        ] GC(74) ParOldGen: 289134K(289280K)->289150K(289280K)
[43.367s][info][gc,metaspace   ] GC(74) Metaspace: 55522K(55872K)->55522K(55872K) NonClass: 49928K(50176K)->49928K(50176K) Class: 5594K(5696K)->5594K(5696K)
[43.367s][info][gc             ] GC(74) Pause Young (Allocation Failure) 470M->284M(465M) 4.203ms
[43.367s][info][gc,cpu         ] GC(74) User=0.00s Sys=0.00s Real=0.00s
[43.778s][info][gc,start       ] GC(75) Pause Young (Allocation Failure)
[43.784s][info][gc,heap        ] GC(75) PSYoungGen: 187231K(187392K)->3583K(226304K) Eden: 185344K(185344K)->0K(222720K) From: 1887K(2048K)->3583K(3584K)
[43.784s][info][gc,heap        ] GC(75) ParOldGen: 289150K(289280K)->289174K(289280K)
[43.784s][info][gc,metaspace   ] GC(75) Metaspace: 55522K(55872K)->55522K(55872K) NonClass: 49928K(50176K)->49928K(50176K) Class: 5594K(5696K)->5594K(5696K)
[43.784s][info][gc             ] GC(75) Pause Young (Allocation Failure) 465M->285M(503M) 5.710ms
[43.784s][info][gc,cpu         ] GC(75) User=0.01s Sys=0.00s Real=0.01s
[44.281s][info][gc,start       ] GC(76) Pause Young (Allocation Failure)
[44.286s][info][gc,heap        ] GC(76) PSYoungGen: 226141K(226304K)->2303K(217088K) Eden: 222558K(222720K)->0K(214528K) From: 3583K(3584K)->2303K(2560K)
[44.286s][info][gc,heap        ] GC(76) ParOldGen: 289174K(289280K)->289198K(289280K)
[44.286s][info][gc,metaspace   ] GC(76) Metaspace: 55522K(55872K)->55522K(55872K) NonClass: 49928K(50176K)->49928K(50176K) Class: 5594K(5696K)->5594K(5696K)
[44.286s][info][gc             ] GC(76) Pause Young (Allocation Failure) 503M->284M(494M) 4.296ms
[44.286s][info][gc,cpu         ] GC(76) User=0.01s Sys=0.00s Real=0.00s
[44.783s][info][gc,start       ] GC(77) Pause Young (Allocation Failure)
[44.789s][info][gc,heap        ] GC(77) PSYoungGen: 216799K(217088K)->2912K(209408K) Eden: 214495K(214528K)->0K(206336K) From: 2303K(2560K)->2912K(3072K)
[44.789s][info][gc,heap        ] GC(77) ParOldGen: 289198K(289280K)->289230K(289280K)
[44.789s][info][gc,metaspace   ] GC(77) Metaspace: 55522K(55872K)->55522K(55872K) NonClass: 49928K(50176K)->49928K(50176K) Class: 5594K(5696K)->5594K(5696K)
[44.789s][info][gc             ] GC(77) Pause Young (Allocation Failure) 494M->285M(487M) 5.218ms
[44.789s][info][gc,cpu         ] GC(77) User=0.01s Sys=0.00s Real=0.00s
[45.266s][info][gc,start       ] GC(78) Pause Young (Allocation Failure)
[45.270s][info][gc,heap        ] GC(78) PSYoungGen: 209248K(209408K)->2655K(201728K) Eden: 206336K(206336K)->0K(198656K) From: 2912K(3072K)->2655K(3072K)
[45.270s][info][gc,heap        ] GC(78) ParOldGen: 289230K(289280K)->289254K(289280K)
[45.270s][info][gc,metaspace   ] GC(78) Metaspace: 55522K(55872K)->55522K(55872K) NonClass: 49928K(50176K)->49928K(50176K) Class: 5594K(5696K)->5594K(5696K)
[45.270s][info][gc             ] GC(78) Pause Young (Allocation Failure) 486M->285M(479M) 4.775ms
[45.270s][info][gc,cpu         ] GC(78) User=0.01s Sys=0.00s Real=0.01s
[45.699s][info][gc,start       ] GC(79) Pause Young (Allocation Failure)
[45.701s][info][gc,heap        ] GC(79) PSYoungGen: 201311K(201728K)->627K(192512K) Eden: 198656K(198656K)->0K(191488K) From: 2655K(3072K)->627K(1024K)
[45.701s][info][gc,heap        ] GC(79) ParOldGen: 289254K(289280K)->289278K(289280K)
[45.701s][info][gc,metaspace   ] GC(79) Metaspace: 55522K(55872K)->55522K(55872K) NonClass: 49928K(50176K)->49928K(50176K) Class: 5594K(5696K)->5594K(5696K)
[45.701s][info][gc             ] GC(79) Pause Young (Allocation Failure) 479M->283M(470M) 2.240ms
[45.701s][info][gc,cpu         ] GC(79) User=0.00s Sys=0.00s Real=0.00s
[46.164s][info][gc,start       ] GC(80) Pause Young (Allocation Failure)
[46.168s][info][gc,heap        ] GC(80) PSYoungGen: 192115K(192512K)->1823K(186880K) Eden: 191488K(191488K)->0K(184832K) From: 627K(1024K)->1823K(2048K)
[46.168s][info][gc,heap        ] GC(80) ParOldGen: 289278K(289280K)->289294K(289792K)
[46.168s][info][gc,metaspace   ] GC(80) Metaspace: 55522K(55872K)->55522K(55872K) NonClass: 49928K(50176K)->49928K(50176K) Class: 5594K(5696K)->5594K(5696K)
[46.168s][info][gc             ] GC(80) Pause Young (Allocation Failure) 470M->284M(465M) 3.543ms
[46.168s][info][gc,cpu         ] GC(80) User=0.00s Sys=0.00s Real=0.00s
[46.573s][info][gc,start       ] GC(81) Pause Young (Allocation Failure)
[46.578s][info][gc,heap        ] GC(81) PSYoungGen: 186655K(186880K)->2719K(181248K) Eden: 184832K(184832K)->0K(178176K) From: 1823K(2048K)->2719K(3072K)
[46.578s][info][gc,heap        ] GC(81) ParOldGen: 289294K(289792K)->289310K(289792K)
[46.578s][info][gc,metaspace   ] GC(81) Metaspace: 55522K(55872K)->55522K(55872K) NonClass: 49928K(50176K)->49928K(50176K) Class: 5594K(5696K)->5594K(5696K)
[46.578s][info][gc             ] GC(81) Pause Young (Allocation Failure) 464M->285M(460M) 4.657ms
[46.578s][info][gc,cpu         ] GC(81) User=0.01s Sys=0.00s Real=0.00s
[46.972s][info][gc,start       ] GC(82) Pause Young (Allocation Failure)
[46.977s][info][gc,heap        ] GC(82) PSYoungGen: 180831K(181248K)->3168K(175616K) Eden: 178111K(178176K)->0K(172032K) From: 2719K(3072K)->3168K(3584K)
[46.977s][info][gc,heap        ] GC(82) ParOldGen: 289310K(289792K)->289334K(289792K)
[46.977s][info][gc,metaspace   ] GC(82) Metaspace: 55522K(55872K)->55522K(55872K) NonClass: 49928K(50176K)->49928K(50176K) Class: 5594K(5696K)->5594K(5696K)
[46.977s][info][gc             ] GC(82) Pause Young (Allocation Failure) 459M->285M(454M) 5.523ms
[46.977s][info][gc,cpu         ] GC(82) User=0.01s Sys=0.00s Real=0.00s
[47.392s][info][gc,start       ] GC(83) Pause Young (Allocation Failure)
[47.397s][info][gc,heap        ] GC(83) PSYoungGen: 175200K(175616K)->3039K(209920K) Eden: 172032K(172032K)->0K(206848K) From: 3168K(3584K)->3039K(3072K)
[47.397s][info][gc,heap        ] GC(83) ParOldGen: 289334K(289792K)->289358K(289792K)
[47.397s][info][gc,metaspace   ] GC(83) Metaspace: 55522K(55872K)->55522K(55872K) NonClass: 49928K(50176K)->49928K(50176K) Class: 5594K(5696K)->5594K(5696K)
[47.397s][info][gc             ] GC(83) Pause Young (Allocation Failure) 453M->285M(488M) 4.872ms
[47.397s][info][gc,cpu         ] GC(83) User=0.01s Sys=0.00s Real=0.00s
[47.861s][info][gc,start       ] GC(84) Pause Young (Allocation Failure)
[47.865s][info][gc,heap        ] GC(84) PSYoungGen: 209611K(209920K)->1472K(200704K) Eden: 206572K(206848K)->0K(199168K) From: 3039K(3072K)->1472K(1536K)
[47.865s][info][gc,heap        ] GC(84) ParOldGen: 289358K(289792K)->289374K(289792K)
[47.865s][info][gc,metaspace   ] GC(84) Metaspace: 55522K(55872K)->55522K(55872K) NonClass: 49928K(50176K)->49928K(50176K) Class: 5594K(5696K)->5594K(5696K)
[47.865s][info][gc             ] GC(84) Pause Young (Allocation Failure) 487M->284M(479M) 4.507ms
[47.865s][info][gc,cpu         ] GC(84) User=0.00s Sys=0.00s Real=0.00s
[48.279s][info][gc,start       ] GC(85) Pause Young (Allocation Failure)
[48.284s][info][gc,heap        ] GC(85) PSYoungGen: 200501K(200704K)->2496K(241664K) Eden: 199029K(199168K)->0K(239104K) From: 1472K(1536K)->2496K(2560K)
[48.284s][info][gc,heap        ] GC(85) ParOldGen: 289374K(289792K)->289398K(289792K)
[48.284s][info][gc,metaspace   ] GC(85) Metaspace: 55522K(55872K)->55522K(55872K) NonClass: 49928K(50176K)->49928K(50176K) Class: 5594K(5696K)->5594K(5696K)
[48.284s][info][gc             ] GC(85) Pause Young (Allocation Failure) 478M->285M(519M) 5.056ms
[48.284s][info][gc,cpu         ] GC(85) User=0.00s Sys=0.00s Real=0.01s
[48.858s][info][gc,start       ] GC(86) Pause Young (Allocation Failure)
[48.862s][info][gc,heap        ] GC(86) PSYoungGen: 241600K(241664K)->1759K(231936K) Eden: 239104K(239104K)->0K(229888K) From: 2496K(2560K)->1759K(2048K)
[48.862s][info][gc,heap        ] GC(86) ParOldGen: 289398K(289792K)->289414K(289792K)
[48.862s][info][gc,metaspace   ] GC(86) Metaspace: 55522K(55872K)->55522K(55872K) NonClass: 49928K(50176K)->49928K(50176K) Class: 5594K(5696K)->5594K(5696K)
[48.862s][info][gc             ] GC(86) Pause Young (Allocation Failure) 518M->284M(509M) 3.515ms
[48.862s][info][gc,cpu         ] GC(86) User=0.00s Sys=0.00s Real=0.01s
[49.365s][info][gc,start       ] GC(87) Pause Young (Allocation Failure)
[49.369s][info][gc,heap        ] GC(87) PSYoungGen: 231647K(231936K)->1823K(223232K) Eden: 229888K(229888K)->0K(221184K) From: 1759K(2048K)->1823K(2048K)
[49.369s][info][gc,heap        ] GC(87) ParOldGen: 289414K(289792K)->289430K(289792K)
[49.369s][info][gc,metaspace   ] GC(87) Metaspace: 55524K(55872K)->55524K(55872K) NonClass: 49930K(50176K)->49930K(50176K) Class: 5594K(5696K)->5594K(5696K)
[49.369s][info][gc             ] GC(87) Pause Young (Allocation Failure) 508M->284M(501M) 3.855ms
[49.369s][info][gc,cpu         ] GC(87) User=0.01s Sys=0.00s Real=0.01s
[49.870s][info][gc,start       ] GC(88) Pause Young (Allocation Failure)
[49.876s][info][gc,heap        ] GC(88) PSYoungGen: 223007K(223232K)->2496K(215552K) Eden: 221184K(221184K)->0K(212992K) From: 1823K(2048K)->2496K(2560K)
[49.876s][info][gc,heap        ] GC(88) ParOldGen: 289430K(289792K)->289454K(289792K)
[49.876s][info][gc,metaspace   ] GC(88) Metaspace: 55524K(55872K)->55524K(55872K) NonClass: 49930K(50176K)->49930K(50176K) Class: 5594K(5696K)->5594K(5696K)
[49.876s][info][gc             ] GC(88) Pause Young (Allocation Failure) 500M->285M(493M) 6.112ms
[49.876s][info][gc,cpu         ] GC(88) User=0.01s Sys=0.00s Real=0.00s
[50.361s][info][gc,start       ] GC(89) Pause Young (Allocation Failure)
[50.388s][info][gc,heap        ] GC(89) PSYoungGen: 215488K(215552K)->2958K(259584K) Eden: 212992K(212992K)->0K(255488K) From: 2496K(2560K)->2958K(4096K)
[50.388s][info][gc,heap        ] GC(89) ParOldGen: 289454K(289792K)->289470K(289792K)
[50.388s][info][gc,metaspace   ] GC(89) Metaspace: 55524K(55872K)->55524K(55872K) NonClass: 49930K(50176K)->49930K(50176K) Class: 5594K(5696K)->5594K(5696K)
[50.388s][info][gc             ] GC(89) Pause Young (Allocation Failure) 493M->285M(536M) 26.741ms
[50.388s][info][gc,cpu         ] GC(89) User=0.03s Sys=0.00s Real=0.02s
[51.154s][info][gc,start       ] GC(90) Pause Young (Allocation Failure)
[51.157s][info][gc,heap        ] GC(90) PSYoungGen: 258446K(259584K)->544K(260096K) Eden: 255488K(255488K)->0K(255488K) From: 2958K(4096K)->544K(4608K)
[51.157s][info][gc,heap        ] GC(90) ParOldGen: 289470K(289792K)->289486K(289792K)
[51.157s][info][gc,metaspace   ] GC(90) Metaspace: 55528K(55872K)->55528K(55872K) NonClass: 49934K(50176K)->49934K(50176K) Class: 5594K(5696K)->5594K(5696K)
[51.157s][info][gc             ] GC(90) Pause Young (Allocation Failure) 535M->283M(537M) 2.509ms
[51.157s][info][gc,cpu         ] GC(90) User=0.00s Sys=0.00s Real=0.00s
[51.700s][info][gc,start       ] GC(91) Pause Young (Allocation Failure)
[51.702s][info][gc,heap        ] GC(91) PSYoungGen: 255746K(260096K)->512K(311296K) Eden: 255202K(255488K)->0K(306688K) From: 544K(4608K)->512K(4608K)
[51.702s][info][gc,heap        ] GC(91) ParOldGen: 289486K(289792K)->289518K(289792K)
[51.702s][info][gc,metaspace   ] GC(91) Metaspace: 55528K(55872K)->55528K(55872K) NonClass: 49934K(50176K)->49934K(50176K) Class: 5594K(5696K)->5594K(5696K)
[51.702s][info][gc             ] GC(91) Pause Young (Allocation Failure) 532M->283M(587M) 2.400ms
[51.702s][info][gc,cpu         ] GC(91) User=0.00s Sys=0.00s Real=0.00s
[52.413s][info][gc,start       ] GC(92) Pause Young (Allocation Failure)
[52.415s][info][gc,heap        ] GC(92) PSYoungGen: 306982K(311296K)->928K(311296K) Eden: 306470K(306688K)->0K(306688K) From: 512K(4608K)->928K(4608K)
[52.415s][info][gc,heap        ] GC(92) ParOldGen: 289518K(289792K)->289542K(289792K)
[52.415s][info][gc,metaspace   ] GC(92) Metaspace: 55528K(55872K)->55528K(55872K) NonClass: 49934K(50176K)->49934K(50176K) Class: 5594K(5696K)->5594K(5696K)
[52.415s][info][gc             ] GC(92) Pause Young (Allocation Failure) 582M->283M(587M) 2.929ms
[52.415s][info][gc,cpu         ] GC(92) User=0.01s Sys=0.00s Real=0.00s
[53.085s][info][gc,start       ] GC(93) Pause Young (Allocation Failure)
[53.089s][info][gc,heap        ] GC(93) PSYoungGen: 307533K(311296K)->2271K(296960K) Eden: 306605K(306688K)->0K(294400K) From: 928K(4608K)->2271K(2560K)
[53.089s][info][gc,heap        ] GC(93) ParOldGen: 289542K(289792K)->289566K(289792K)
[53.089s][info][gc,metaspace   ] GC(93) Metaspace: 55528K(55872K)->55528K(55872K) NonClass: 49934K(50176K)->49934K(50176K) Class: 5594K(5696K)->5594K(5696K)
[53.089s][info][gc             ] GC(93) Pause Young (Allocation Failure) 583M->284M(573M) 4.867ms
[53.089s][info][gc,cpu         ] GC(93) User=0.01s Sys=0.00s Real=0.01s
[53.765s][info][gc,start       ] GC(94) Pause Young (Allocation Failure)
[53.770s][info][gc,heap        ] GC(94) PSYoungGen: 296671K(296960K)->2048K(284672K) Eden: 294400K(294400K)->0K(282624K) From: 2271K(2560K)->2048K(2048K)
[53.770s][info][gc,heap        ] GC(94) ParOldGen: 289566K(289792K)->289598K(289792K)
[53.770s][info][gc,metaspace   ] GC(94) Metaspace: 55528K(55872K)->55528K(55872K) NonClass: 49934K(50176K)->49934K(50176K) Class: 5594K(5696K)->5594K(5696K)
[53.770s][info][gc             ] GC(94) Pause Young (Allocation Failure) 572M->284M(561M) 4.942ms
[53.770s][info][gc,cpu         ] GC(94) User=0.01s Sys=0.00s Real=0.01s
[54.385s][info][gc,start       ] GC(95) Pause Young (Allocation Failure)
[54.390s][info][gc,heap        ] GC(95) PSYoungGen: 284672K(284672K)->2623K(274432K) Eden: 282624K(282624K)->0K(271360K) From: 2048K(2048K)->2623K(3072K)
[54.390s][info][gc,heap        ] GC(95) ParOldGen: 289598K(289792K)->289630K(289792K)
[54.390s][info][gc,metaspace   ] GC(95) Metaspace: 55528K(55872K)->55528K(55872K) NonClass: 49934K(50176K)->49934K(50176K) Class: 5594K(5696K)->5594K(5696K)
[54.390s][info][gc             ] GC(95) Pause Young (Allocation Failure) 560M->285M(551M) 5.442ms
[54.390s][info][gc,cpu         ] GC(95) User=0.01s Sys=0.00s Real=0.01s
[54.985s][info][gc,start       ] GC(96) Pause Young (Allocation Failure)
[54.990s][info][gc,heap        ] GC(96) PSYoungGen: 273955K(274432K)->864K(261632K) Eden: 271332K(271360K)->0K(260608K) From: 2623K(3072K)->864K(1024K)
[54.990s][info][gc,heap        ] GC(96) ParOldGen: 289630K(289792K)->289654K(289792K)
[54.990s][info][gc,metaspace   ] GC(96) Metaspace: 55528K(55872K)->55528K(55872K) NonClass: 49934K(50176K)->49934K(50176K) Class: 5594K(5696K)->5594K(5696K)
[54.990s][info][gc             ] GC(96) Pause Young (Allocation Failure) 550M->283M(538M) 4.545ms
[54.990s][info][gc,cpu         ] GC(96) User=0.01s Sys=0.00s Real=0.01s
[55.587s][info][gc,start       ] GC(97) Pause Young (Allocation Failure)
[55.592s][info][gc,heap        ] GC(97) PSYoungGen: 261314K(261632K)->1888K(252416K) Eden: 260450K(260608K)->0K(250368K) From: 864K(1024K)->1888K(2048K)
[55.592s][info][gc,heap        ] GC(97) ParOldGen: 289654K(289792K)->289678K(289792K)
[55.592s][info][gc,metaspace   ] GC(97) Metaspace: 55528K(55872K)->55528K(55872K) NonClass: 49934K(50176K)->49934K(50176K) Class: 5594K(5696K)->5594K(5696K)
[55.592s][info][gc             ] GC(97) Pause Young (Allocation Failure) 538M->284M(529M) 4.126ms
[55.592s][info][gc,cpu         ] GC(97) User=0.01s Sys=0.00s Real=0.01s
[56.170s][info][gc,start       ] GC(98) Pause Young (Allocation Failure)
[56.177s][info][gc,heap        ] GC(98) PSYoungGen: 252256K(252416K)->3198K(244224K) Eden: 250368K(250368K)->0K(240640K) From: 1888K(2048K)->3198K(3584K)
[56.177s][info][gc,heap        ] GC(98) ParOldGen: 289678K(289792K)->289702K(289792K)
[56.177s][info][gc,metaspace   ] GC(98) Metaspace: 55528K(55872K)->55528K(55872K) NonClass: 49934K(50176K)->49934K(50176K) Class: 5594K(5696K)->5594K(5696K)
[56.177s][info][gc             ] GC(98) Pause Young (Allocation Failure) 529M->286M(521M) 7.378ms
[56.177s][info][gc,cpu         ] GC(98) User=0.01s Sys=0.00s Real=0.00s
[56.756s][info][gc,start       ] GC(99) Pause Young (Allocation Failure)
[56.759s][info][gc,heap        ] GC(99) PSYoungGen: 243838K(244224K)->1438K(232960K) Eden: 240640K(240640K)->0K(231424K) From: 3198K(3584K)->1438K(1536K)
[56.759s][info][gc,heap        ] GC(99) ParOldGen: 289702K(289792K)->289718K(289792K)
[56.759s][info][gc,metaspace   ] GC(99) Metaspace: 55528K(55872K)->55528K(55872K) NonClass: 49934K(50176K)->49934K(50176K) Class: 5594K(5696K)->5594K(5696K)
[56.759s][info][gc             ] GC(99) Pause Young (Allocation Failure) 521M->284M(510M) 2.928ms
[56.759s][info][gc,cpu         ] GC(99) User=0.00s Sys=0.00s Real=0.01s
[57.263s][info][gc,start       ] GC(100) Pause Young (Allocation Failure)
[57.271s][info][gc,heap        ] GC(100) PSYoungGen: 232862K(232960K)->2687K(225792K) Eden: 231424K(231424K)->0K(222720K) From: 1438K(1536K)->2687K(3072K)
[57.271s][info][gc,heap        ] GC(100) ParOldGen: 289718K(289792K)->289750K(289792K)
[57.271s][info][gc,metaspace   ] GC(100) Metaspace: 55528K(55872K)->55528K(55872K) NonClass: 49934K(50176K)->49934K(50176K) Class: 5594K(5696K)->5594K(5696K)
[57.271s][info][gc             ] GC(100) Pause Young (Allocation Failure) 510M->285M(503M) 7.950ms
[57.271s][info][gc,cpu         ] GC(100) User=0.01s Sys=0.00s Real=0.01s
[57.766s][info][gc,start       ] GC(101) Pause Young (Allocation Failure)
[57.770s][info][gc,heap        ] GC(101) PSYoungGen: 225407K(225792K)->2367K(217088K) Eden: 222720K(222720K)->0K(214528K) From: 2687K(3072K)->2367K(2560K)
[57.770s][info][gc,heap        ] GC(101) ParOldGen: 289750K(289792K)->289766K(289792K)
[57.770s][info][gc,metaspace   ] GC(101) Metaspace: 55528K(55872K)->55528K(55872K) NonClass: 49934K(50176K)->49934K(50176K) Class: 5594K(5696K)->5594K(5696K)
[57.770s][info][gc             ] GC(101) Pause Young (Allocation Failure) 503M->285M(495M) 4.216ms
[57.770s][info][gc,cpu         ] GC(101) User=0.01s Sys=0.00s Real=0.01s
[58.262s][info][gc,start       ] GC(102) Pause Young (Allocation Failure)
[58.268s][info][gc,heap        ] GC(102) PSYoungGen: 216895K(217088K)->2207K(208896K) Eden: 214528K(214528K)->0K(206336K) From: 2367K(2560K)->2207K(2560K)
[58.268s][info][gc,heap        ] GC(102) ParOldGen: 289766K(289792K)->289782K(289792K)
[58.268s][info][gc,metaspace   ] GC(102) Metaspace: 55528K(55872K)->55528K(55872K) NonClass: 49934K(50176K)->49934K(50176K) Class: 5594K(5696K)->5594K(5696K)
[58.268s][info][gc             ] GC(102) Pause Young (Allocation Failure) 494M->285M(487M) 6.154ms
[58.268s][info][gc,cpu         ] GC(102) User=0.01s Sys=0.00s Real=0.00s
[58.755s][info][gc,start       ] GC(103) Pause Young (Allocation Failure)
[58.757s][info][gc,heap        ] GC(103) PSYoungGen: 208543K(208896K)->672K(199680K) Eden: 206336K(206336K)->0K(198656K) From: 2207K(2560K)->672K(1024K)
[58.757s][info][gc,heap        ] GC(103) ParOldGen: 289782K(289792K)->289798K(290304K)
[58.757s][info][gc,metaspace   ] GC(103) Metaspace: 55528K(55872K)->55528K(55872K) NonClass: 49934K(50176K)->49934K(50176K) Class: 5594K(5696K)->5594K(5696K)
[58.757s][info][gc             ] GC(103) Pause Young (Allocation Failure) 486M->283M(478M) 2.403ms
[58.757s][info][gc,cpu         ] GC(103) User=0.00s Sys=0.00s Real=0.00s
[60.089s][info][gc,start       ] GC(104) Pause Young (Allocation Failure)
[60.145s][info][gc,heap        ] GC(104) PSYoungGen: 163247K(199680K)->96K(239104K) Eden: 162575K(198656K)->0K(238592K) From: 672K(1024K)->96K(512K)
[60.145s][info][gc,heap        ] GC(104) ParOldGen: 289798K(290304K)->328877K(329728K)
[60.145s][info][gc,metaspace   ] GC(104) Metaspace: 55742K(56064K)->55742K(56064K) NonClass: 50125K(50368K)->50125K(50368K) Class: 5616K(5696K)->5616K(5696K)
[60.145s][info][gc             ] GC(104) Pause Young (Allocation Failure) 442M->321M(555M) 55.644ms
[60.145s][info][gc,cpu         ] GC(104) User=0.07s Sys=0.02s Real=0.05s
[61.966s][info][gc,start       ] GC(105) Pause Young (Allocation Failure)
[62.026s][info][gc,heap        ] GC(105) PSYoungGen: 238688K(239104K)->4087K(271360K) Eden: 238592K(238592K)->0K(267264K) From: 96K(512K)->4087K(4096K)
[62.026s][info][gc,heap        ] GC(105) ParOldGen: 328877K(329728K)->405389K(405504K)
[62.026s][info][gc,metaspace   ] GC(105) Metaspace: 56097K(56448K)->56097K(56448K) NonClass: 50481K(50752K)->50481K(50752K) Class: 5616K(5696K)->5616K(5696K)
[62.026s][info][gc             ] GC(105) Pause Young (Allocation Failure) 554M->399M(661M) 60.698ms
[62.026s][info][gc,cpu         ] GC(105) User=0.07s Sys=0.05s Real=0.06s
[62.556s][info][gc,start       ] GC(106) Pause Young (Allocation Failure)
[62.575s][info][gc,heap        ] GC(106) PSYoungGen: 271351K(271360K)->7987K(300544K) Eden: 267264K(267264K)->0K(267264K) From: 4087K(4096K)->7987K(33280K)
[62.575s][info][gc,heap        ] GC(106) ParOldGen: 405389K(405504K)->409125K(409600K)
[62.575s][info][gc,metaspace   ] GC(106) Metaspace: 56098K(56448K)->56098K(56448K) NonClass: 50481K(50752K)->50481K(50752K) Class: 5616K(5696K)->5616K(5696K)
[62.575s][info][gc             ] GC(106) Pause Young (Allocation Failure) 660M->407M(693M) 18.449ms
[62.575s][info][gc,cpu         ] GC(106) User=0.04s Sys=0.01s Real=0.02s
[63.164s][info][gc,start       ] GC(107) Pause Young (Allocation Failure)
[63.179s][info][gc,heap        ] GC(107) PSYoungGen: 275251K(300544K)->1216K(296448K) Eden: 267264K(267264K)->0K(269312K) From: 7987K(33280K)->1216K(27136K)
[63.179s][info][gc,heap        ] GC(107) ParOldGen: 409125K(409600K)->416381K(416768K)
[63.179s][info][gc,metaspace   ] GC(107) Metaspace: 56099K(56448K)->56099K(56448K) NonClass: 50483K(50752K)->50483K(50752K) Class: 5616K(5696K)->5616K(5696K)
[63.179s][info][gc             ] GC(107) Pause Young (Allocation Failure) 668M->407M(696M) 15.462ms
[63.179s][info][gc,cpu         ] GC(107) User=0.02s Sys=0.00s Real=0.02s
[63.784s][info][gc,start       ] GC(108) Pause Young (Allocation Failure)
[63.788s][info][gc,heap        ] GC(108) PSYoungGen: 270210K(296448K)->1856K(299520K) Eden: 268994K(269312K)->0K(269312K) From: 1216K(27136K)->1856K(30208K)
[63.788s][info][gc,heap        ] GC(108) ParOldGen: 416381K(416768K)->416405K(416768K)
[63.788s][info][gc,metaspace   ] GC(108) Metaspace: 56099K(56448K)->56099K(56448K) NonClass: 50483K(50752K)->50483K(50752K) Class: 5616K(5696K)->5616K(5696K)
[63.788s][info][gc             ] GC(108) Pause Young (Allocation Failure) 670M->408M(699M) 4.138ms
[63.788s][info][gc,cpu         ] GC(108) User=0.01s Sys=0.00s Real=0.00s
[64.455s][info][gc,start       ] GC(109) Pause Young (Allocation Failure)
[64.458s][info][gc,heap        ] GC(109) PSYoungGen: 271168K(299520K)->1663K(300544K) Eden: 269312K(269312K)->0K(274432K) From: 1856K(30208K)->1663K(26112K)
[64.458s][info][gc,heap        ] GC(109) ParOldGen: 416405K(416768K)->416421K(416768K)
[64.458s][info][gc,metaspace   ] GC(109) Metaspace: 56100K(56448K)->56100K(56448K) NonClass: 50483K(50752K)->50483K(50752K) Class: 5616K(5696K)->5616K(5696K)
[64.458s][info][gc             ] GC(109) Pause Young (Allocation Failure) 671M->408M(700M) 3.865ms
[64.459s][info][gc,cpu         ] GC(109) User=0.01s Sys=0.00s Real=0.00s
[65.057s][info][gc,start       ] GC(110) Pause Young (Allocation Failure)
[65.060s][info][gc,heap        ] GC(110) PSYoungGen: 276095K(300544K)->1823K(302592K) Eden: 274432K(274432K)->0K(274432K) From: 1663K(26112K)->1823K(28160K)
[65.061s][info][gc,heap        ] GC(110) ParOldGen: 416421K(416768K)->416445K(416768K)
[65.061s][info][gc,metaspace   ] GC(110) Metaspace: 56100K(56448K)->56100K(56448K) NonClass: 50483K(50752K)->50483K(50752K) Class: 5616K(5696K)->5616K(5696K)
[65.061s][info][gc             ] GC(110) Pause Young (Allocation Failure) 676M->408M(702M) 3.618ms
[65.061s][info][gc,cpu         ] GC(110) User=0.01s Sys=0.00s Real=0.01s
[65.674s][info][gc,start       ] GC(111) Pause Young (Allocation Failure)
[65.680s][info][gc,heap        ] GC(111) PSYoungGen: 276255K(302592K)->2688K(302592K) Eden: 274432K(274432K)->0K(278528K) From: 1823K(28160K)->2688K(24064K)
[65.680s][info][gc,heap        ] GC(111) ParOldGen: 416445K(416768K)->416477K(416768K)
[65.680s][info][gc,metaspace   ] GC(111) Metaspace: 56101K(56448K)->56101K(56448K) NonClass: 50484K(50752K)->50484K(50752K) Class: 5616K(5696K)->5616K(5696K)
[65.680s][info][gc             ] GC(111) Pause Young (Allocation Failure) 676M->409M(702M) 5.783ms
[65.680s][info][gc,cpu         ] GC(111) User=0.01s Sys=0.00s Real=0.01s
[66.352s][info][gc,start       ] GC(112) Pause Young (Allocation Failure)
[66.355s][info][gc,heap        ] GC(112) PSYoungGen: 280936K(302592K)->864K(304640K) Eden: 278248K(278528K)->0K(278528K) From: 2688K(24064K)->864K(26112K)
[66.355s][info][gc,heap        ] GC(112) ParOldGen: 416477K(416768K)->416493K(416768K)
[66.355s][info][gc,metaspace   ] GC(112) Metaspace: 56101K(56448K)->56101K(56448K) NonClass: 50484K(50752K)->50484K(50752K) Class: 5616K(5696K)->5616K(5696K)
[66.355s][info][gc             ] GC(112) Pause Young (Allocation Failure) 681M->407M(704M) 3.379ms
[66.355s][info][gc,cpu         ] GC(112) User=0.00s Sys=0.00s Real=0.00s
[66.955s][info][gc,start       ] GC(113) Pause Young (Allocation Failure)
[66.959s][info][gc,heap        ] GC(113) PSYoungGen: 279392K(304640K)->1535K(272896K) Eden: 278528K(278528K)->0K(267264K) From: 864K(26112K)->1535K(5632K)
[66.959s][info][gc,heap        ] GC(113) ParOldGen: 416493K(416768K)->416525K(416768K)
[66.959s][info][gc,metaspace   ] GC(113) Metaspace: 56101K(56448K)->56101K(56448K) NonClass: 50484K(50752K)->50484K(50752K) Class: 5616K(5696K)->5616K(5696K)
[66.959s][info][gc             ] GC(113) Pause Young (Allocation Failure) 679M->408M(673M) 3.917ms
[66.959s][info][gc,cpu         ] GC(113) User=0.01s Sys=0.00s Real=0.01s
[67.556s][info][gc,start       ] GC(114) Pause Young (Allocation Failure)
[67.559s][info][gc,heap        ] GC(114) PSYoungGen: 268799K(272896K)->1223K(258560K) Eden: 267264K(267264K)->0K(257024K) From: 1535K(5632K)->1223K(1536K)
[67.559s][info][gc,heap        ] GC(114) ParOldGen: 416525K(416768K)->416541K(416768K)
[67.559s][info][gc,metaspace   ] GC(114) Metaspace: 56101K(56448K)->56101K(56448K) NonClass: 50484K(50752K)->50484K(50752K) Class: 5616K(5696K)->5616K(5696K)
[67.559s][info][gc             ] GC(114) Pause Young (Allocation Failure) 669M->407M(659M) 3.446ms
[67.559s][info][gc,cpu         ] GC(114) User=0.00s Sys=0.00s Real=0.01s
[68.209s][info][gc,start       ] GC(115) Pause Young (Allocation Failure)
[68.213s][info][gc,heap        ] GC(115) PSYoungGen: 258211K(258560K)->512K(249856K) Eden: 256987K(257024K)->0K(246784K) From: 1223K(1536K)->512K(3072K)
[68.213s][info][gc,heap        ] GC(115) ParOldGen: 416541K(416768K)->416565K(416768K)
[68.213s][info][gc,metaspace   ] GC(115) Metaspace: 56101K(56448K)->56101K(56448K) NonClass: 50484K(50752K)->50484K(50752K) Class: 5616K(5696K)->5616K(5696K)
[68.213s][info][gc             ] GC(115) Pause Young (Allocation Failure) 658M->407M(651M) 3.956ms
[68.213s][info][gc,cpu         ] GC(115) User=0.01s Sys=0.01s Real=0.00s
[68.667s][info][gc,start       ] GC(116) Pause Young (Allocation Failure)
[68.673s][info][gc,heap        ] GC(116) PSYoungGen: 247296K(249856K)->2687K(240128K) Eden: 246784K(246784K)->0K(237056K) From: 512K(3072K)->2687K(3072K)
[68.673s][info][gc,heap        ] GC(116) ParOldGen: 416565K(416768K)->416597K(416768K)
[68.673s][info][gc,metaspace   ] GC(116) Metaspace: 56101K(56448K)->56101K(56448K) NonClass: 50484K(50752K)->50484K(50752K) Class: 5616K(5696K)->5616K(5696K)
[68.673s][info][gc             ] GC(116) Pause Young (Allocation Failure) 648M->409M(641M) 5.115ms
[68.673s][info][gc,cpu         ] GC(116) User=0.01s Sys=0.00s Real=0.01s
[69.187s][info][gc,start       ] GC(117) Pause Young (Allocation Failure)
[69.193s][info][gc,heap        ] GC(117) PSYoungGen: 239576K(240128K)->1824K(229888K) Eden: 236888K(237056K)->0K(227840K) From: 2687K(3072K)->1824K(2048K)
[69.193s][info][gc,heap        ] GC(117) ParOldGen: 416597K(416768K)->416613K(416768K)
[69.193s][info][gc,metaspace   ] GC(117) Metaspace: 56102K(56448K)->56102K(56448K) NonClass: 50486K(50752K)->50486K(50752K) Class: 5616K(5696K)->5616K(5696K)
[69.193s][info][gc             ] GC(117) Pause Young (Allocation Failure) 640M->408M(631M) 5.548ms
[69.193s][info][gc,cpu         ] GC(117) User=0.01s Sys=0.00s Real=0.01s
[69.698s][info][gc,start       ] GC(118) Pause Young (Allocation Failure)
[69.701s][info][gc,heap        ] GC(118) PSYoungGen: 229664K(229888K)->671K(220160K) Eden: 227840K(227840K)->0K(219136K) From: 1824K(2048K)->671K(1024K)
[69.701s][info][gc,heap        ] GC(118) ParOldGen: 416613K(416768K)->416629K(416768K)
[69.701s][info][gc,metaspace   ] GC(118) Metaspace: 56105K(56448K)->56105K(56448K) NonClass: 50489K(50752K)->50489K(50752K) Class: 5616K(5696K)->5616K(5696K)
[69.701s][info][gc             ] GC(118) Pause Young (Allocation Failure) 631M->407M(622M) 2.385ms
[69.701s][info][gc,cpu         ] GC(118) User=0.00s Sys=0.00s Real=0.01s
[70.192s][info][gc,start       ] GC(119) Pause Young (Allocation Failure)
[70.197s][info][gc,heap        ] GC(119) PSYoungGen: 219807K(220160K)->1791K(212992K) Eden: 219136K(219136K)->0K(210944K) From: 671K(1024K)->1791K(2048K)
[70.197s][info][gc,heap        ] GC(119) ParOldGen: 416629K(416768K)->416645K(416768K)
[70.197s][info][gc,metaspace   ] GC(119) Metaspace: 56105K(56448K)->56105K(56448K) NonClass: 50489K(50752K)->50489K(50752K) Class: 5616K(5696K)->5616K(5696K)
[70.197s][info][gc             ] GC(119) Pause Young (Allocation Failure) 621M->408M(615M) 5.066ms
[70.197s][info][gc,cpu         ] GC(119) User=0.01s Sys=0.00s Real=0.00s
[70.727s][info][gc,start       ] GC(120) Pause Young (Allocation Failure)
[70.733s][info][gc,heap        ] GC(120) PSYoungGen: 212735K(212992K)->3167K(220672K) Eden: 210944K(210944K)->0K(203264K) From: 1791K(2048K)->3167K(17408K)
[70.733s][info][gc,heap        ] GC(120) ParOldGen: 416645K(416768K)->416661K(416768K)
[70.733s][info][gc,metaspace   ] GC(120) Metaspace: 56105K(56448K)->56105K(56448K) NonClass: 50489K(50752K)->50489K(50752K) Class: 5616K(5696K)->5616K(5696K)
[70.733s][info][gc             ] GC(120) Pause Young (Allocation Failure) 614M->409M(622M) 5.258ms
[70.733s][info][gc,cpu         ] GC(120) User=0.01s Sys=0.00s Real=0.01s
[71.152s][info][gc,start       ] GC(121) Pause Young (Allocation Failure)
[71.155s][info][gc,heap        ] GC(121) PSYoungGen: 206431K(220672K)->820K(196608K) Eden: 203264K(203264K)->0K(195584K) From: 3167K(17408K)->820K(1024K)
[71.155s][info][gc,heap        ] GC(121) ParOldGen: 416661K(416768K)->416677K(416768K)
[71.155s][info][gc,metaspace   ] GC(121) Metaspace: 56105K(56448K)->56105K(56448K) NonClass: 50489K(50752K)->50489K(50752K) Class: 5616K(5696K)->5616K(5696K)
[71.155s][info][gc             ] GC(121) Pause Young (Allocation Failure) 608M->407M(599M) 3.623ms
[71.155s][info][gc,cpu         ] GC(121) User=0.01s Sys=0.00s Real=0.00s
[71.567s][info][gc,start       ] GC(122) Pause Young (Allocation Failure)
[71.572s][info][gc,heap        ] GC(122) PSYoungGen: 196404K(196608K)->3070K(203776K) Eden: 195584K(195584K)->0K(188416K) From: 820K(1024K)->3070K(15360K)
[71.572s][info][gc,heap        ] GC(122) ParOldGen: 416677K(416768K)->416693K(416768K)
[71.572s][info][gc,metaspace   ] GC(122) Metaspace: 56105K(56448K)->56105K(56448K) NonClass: 50489K(50752K)->50489K(50752K) Class: 5616K(5696K)->5616K(5696K)
[71.572s][info][gc             ] GC(122) Pause Young (Allocation Failure) 598M->409M(606M) 4.695ms
[71.572s][info][gc,cpu         ] GC(122) User=0.01s Sys=0.00s Real=0.01s
[71.980s][info][gc,start       ] GC(123) Pause Young (Allocation Failure)
[71.985s][info][gc,heap        ] GC(123) PSYoungGen: 191486K(203776K)->2815K(184832K) Eden: 188416K(188416K)->0K(181760K) From: 3070K(15360K)->2815K(3072K)
[71.986s][info][gc,heap        ] GC(123) ParOldGen: 416693K(416768K)->416709K(416768K)
[71.986s][info][gc,metaspace   ] GC(123) Metaspace: 56106K(56448K)->56106K(56448K) NonClass: 50490K(50752K)->50490K(50752K) Class: 5616K(5696K)->5616K(5696K)
[71.986s][info][gc             ] GC(123) Pause Young (Allocation Failure) 593M->409M(587M) 5.497ms
[71.986s][info][gc,cpu         ] GC(123) User=0.01s Sys=0.00s Real=0.00s
[72.425s][info][gc,start       ] GC(124) Pause Young (Allocation Failure)
[72.430s][info][gc,heap        ] GC(124) PSYoungGen: 184361K(184832K)->2976K(178176K) Eden: 181546K(181760K)->0K(175104K) From: 2815K(3072K)->2976K(3072K)
[72.430s][info][gc,heap        ] GC(124) ParOldGen: 416709K(416768K)->416725K(416768K)
[72.430s][info][gc,metaspace   ] GC(124) Metaspace: 56106K(56448K)->56106K(56448K) NonClass: 50490K(50752K)->50490K(50752K) Class: 5616K(5696K)->5616K(5696K)
[72.430s][info][gc             ] GC(124) Pause Young (Allocation Failure) 586M->409M(581M) 5.729ms
[72.431s][info][gc,cpu         ] GC(124) User=0.01s Sys=0.00s Real=0.01s
[72.775s][info][gc,start       ] GC(125) Pause Young (Allocation Failure)
[72.779s][info][gc,heap        ] GC(125) PSYoungGen: 178080K(178176K)->2080K(209408K) Eden: 175104K(175104K)->0K(197120K) From: 2976K(3072K)->2080K(12288K)
[72.779s][info][gc,heap        ] GC(125) ParOldGen: 416725K(416768K)->416741K(416768K)
[72.779s][info][gc,metaspace   ] GC(125) Metaspace: 56106K(56448K)->56106K(56448K) NonClass: 50490K(50752K)->50490K(50752K) Class: 5616K(5696K)->5616K(5696K)
[72.779s][info][gc             ] GC(125) Pause Young (Allocation Failure) 580M->409M(611M) 4.351ms
[72.779s][info][gc,cpu         ] GC(125) User=0.01s Sys=0.01s Real=0.01s
[73.250s][info][gc,start       ] GC(126) Pause Young (Allocation Failure)
[73.253s][info][gc,heap        ] GC(126) PSYoungGen: 198883K(209408K)->416K(190464K) Eden: 196803K(197120K)->0K(189952K) From: 2080K(12288K)->416K(512K)
[73.253s][info][gc,heap        ] GC(126) ParOldGen: 416741K(416768K)->416757K(416768K)
[73.253s][info][gc,metaspace   ] GC(126) Metaspace: 56106K(56448K)->56106K(56448K) NonClass: 50490K(50752K)->50490K(50752K) Class: 5616K(5696K)->5616K(5696K)
[73.253s][info][gc             ] GC(126) Pause Young (Allocation Failure) 601M->407M(593M) 3.114ms
[73.253s][info][gc,cpu         ] GC(126) User=0.00s Sys=0.00s Real=0.00s
[73.660s][info][gc,start       ] GC(127) Pause Young (Allocation Failure)
[73.664s][info][gc,heap        ] GC(127) PSYoungGen: 190368K(190464K)->1504K(185856K) Eden: 189952K(189952K)->0K(183296K) From: 416K(512K)->1504K(2560K)
[73.664s][info][gc,heap        ] GC(127) ParOldGen: 416757K(416768K)->416773K(417280K)
[73.665s][info][gc,metaspace   ] GC(127) Metaspace: 56106K(56448K)->56106K(56448K) NonClass: 50490K(50752K)->50490K(50752K) Class: 5616K(5696K)->5616K(5696K)
[73.665s][info][gc             ] GC(127) Pause Young (Allocation Failure) 592M->408M(589M) 4.358ms
[73.665s][info][gc,cpu         ] GC(127) User=0.00s Sys=0.00s Real=0.00s
[74.062s][info][gc,start       ] GC(128) Pause Young (Allocation Failure)
[74.066s][info][gc,heap        ] GC(128) PSYoungGen: 184800K(185856K)->2111K(179200K) Eden: 183296K(183296K)->0K(176640K) From: 1504K(2560K)->2111K(2560K)
[74.066s][info][gc,heap        ] GC(128) ParOldGen: 416773K(417280K)->416789K(417280K)
[74.066s][info][gc,metaspace   ] GC(128) Metaspace: 56106K(56448K)->56106K(56448K) NonClass: 50490K(50752K)->50490K(50752K) Class: 5616K(5696K)->5616K(5696K)
[74.066s][info][gc             ] GC(128) Pause Young (Allocation Failure) 587M->409M(582M) 4.139ms
[74.066s][info][gc,cpu         ] GC(128) User=0.01s Sys=0.00s Real=0.00s
[74.458s][info][gc,start       ] GC(129) Pause Young (Allocation Failure)
[74.462s][info][gc,heap        ] GC(129) PSYoungGen: 178751K(179200K)->1408K(172032K) Eden: 176640K(176640K)->0K(170496K) From: 2111K(2560K)->1408K(1536K)
[74.462s][info][gc,heap        ] GC(129) ParOldGen: 416789K(417280K)->416805K(417280K)
[74.462s][info][gc,metaspace   ] GC(129) Metaspace: 56108K(56448K)->56108K(56448K) NonClass: 50492K(50752K)->50492K(50752K) Class: 5616K(5696K)->5616K(5696K)
[74.462s][info][gc             ] GC(129) Pause Young (Allocation Failure) 581M->408M(575M) 4.176ms
[74.462s][info][gc,cpu         ] GC(129) User=0.01s Sys=0.01s Real=0.01s
[74.850s][info][gc,start       ] GC(130) Pause Young (Allocation Failure)
[74.853s][info][gc,heap        ] GC(130) PSYoungGen: 171904K(172032K)->640K(165376K) Eden: 170496K(170496K)->0K(164352K) From: 1408K(1536K)->640K(1024K)
[74.853s][info][gc,heap        ] GC(130) ParOldGen: 416805K(417280K)->416821K(417280K)
[74.853s][info][gc,metaspace   ] GC(130) Metaspace: 56108K(56448K)->56108K(56448K) NonClass: 50492K(50752K)->50492K(50752K) Class: 5616K(5696K)->5616K(5696K)
[74.853s][info][gc             ] GC(130) Pause Young (Allocation Failure) 574M->407M(569M) 2.655ms
[74.853s][info][gc,cpu         ] GC(130) User=0.00s Sys=0.00s Real=0.00s
[75.183s][info][gc,start       ] GC(131) Pause Young (Allocation Failure)
[75.188s][info][gc,heap        ] GC(131) PSYoungGen: 164992K(165376K)->2495K(161280K) Eden: 164352K(164352K)->0K(158720K) From: 640K(1024K)->2495K(2560K)
[75.188s][info][gc,heap        ] GC(131) ParOldGen: 416821K(417280K)->416837K(417280K)
[75.188s][info][gc,metaspace   ] GC(131) Metaspace: 56108K(56448K)->56108K(56448K) NonClass: 50492K(50752K)->50492K(50752K) Class: 5616K(5696K)->5616K(5696K)
[75.188s][info][gc             ] GC(131) Pause Young (Allocation Failure) 568M->409M(565M) 4.903ms
[75.188s][info][gc,cpu         ] GC(131) User=0.01s Sys=0.00s Real=0.00s
[75.559s][info][gc,start       ] GC(132) Pause Young (Allocation Failure)
[75.563s][info][gc,heap        ] GC(132) PSYoungGen: 161215K(161280K)->1696K(155648K) Eden: 158720K(158720K)->0K(153600K) From: 2495K(2560K)->1696K(2048K)
[75.563s][info][gc,heap        ] GC(132) ParOldGen: 416837K(417280K)->416853K(417280K)
[75.563s][info][gc,metaspace   ] GC(132) Metaspace: 56108K(56448K)->56108K(56448K) NonClass: 50492K(50752K)->50492K(50752K) Class: 5616K(5696K)->5616K(5696K)
[75.563s][info][gc             ] GC(132) Pause Young (Allocation Failure) 564M->408M(559M) 3.985ms
[75.563s][info][gc,cpu         ] GC(132) User=0.01s Sys=0.00s Real=0.01s
[75.925s][info][gc,start       ] GC(133) Pause Young (Allocation Failure)
[75.930s][info][gc,heap        ] GC(133) PSYoungGen: 155296K(155648K)->3007K(176128K) Eden: 153600K(153600K)->0K(168448K) From: 1696K(2048K)->3007K(7680K)
[75.930s][info][gc,heap        ] GC(133) ParOldGen: 416853K(417280K)->416869K(417280K)
[75.930s][info][gc,metaspace   ] GC(133) Metaspace: 56108K(56448K)->56108K(56448K) NonClass: 50492K(50752K)->50492K(50752K) Class: 5616K(5696K)->5616K(5696K)
[75.930s][info][gc             ] GC(133) Pause Young (Allocation Failure) 558M->410M(579M) 5.262ms
[75.930s][info][gc,cpu         ] GC(133) User=0.01s Sys=0.00s Real=0.01s
[76.288s][info][gc,start       ] GC(134) Pause Young (Allocation Failure)
[76.292s][info][gc,heap        ] GC(134) PSYoungGen: 171455K(176128K)->1535K(176128K) Eden: 168448K(168448K)->0K(168448K) From: 3007K(7680K)->1535K(7680K)
[76.292s][info][gc,heap        ] GC(134) ParOldGen: 416869K(417280K)->416885K(417280K)
[76.292s][info][gc,metaspace   ] GC(134) Metaspace: 56108K(56448K)->56108K(56448K) NonClass: 50492K(50752K)->50492K(50752K) Class: 5616K(5696K)->5616K(5696K)
[76.292s][info][gc             ] GC(134) Pause Young (Allocation Failure) 574M->408M(579M) 4.423ms
[76.292s][info][gc,cpu         ] GC(134) User=0.00s Sys=0.00s Real=0.01s
[76.666s][info][gc,start       ] GC(135) Pause Young (Allocation Failure)
[76.671s][info][gc,heap        ] GC(135) PSYoungGen: 169983K(176128K)->2463K(208384K) Eden: 168448K(168448K)->0K(202240K) From: 1535K(7680K)->2463K(6144K)
[76.671s][info][gc,heap        ] GC(135) ParOldGen: 416885K(417280K)->416901K(417280K)
[76.671s][info][gc,metaspace   ] GC(135) Metaspace: 56108K(56448K)->56108K(56448K) NonClass: 50492K(50752K)->50492K(50752K) Class: 5616K(5696K)->5616K(5696K)
[76.671s][info][gc             ] GC(135) Pause Young (Allocation Failure) 573M->409M(611M) 5.642ms
[76.671s][info][gc,cpu         ] GC(135) User=0.01s Sys=0.00s Real=0.01s
[77.098s][info][gc,start       ] GC(136) Pause Young (Allocation Failure)
[77.101s][info][gc,heap        ] GC(136) PSYoungGen: 204703K(208384K)->1726K(208896K) Eden: 202240K(202240K)->0K(202240K) From: 2463K(6144K)->1726K(6656K)
[77.101s][info][gc,heap        ] GC(136) ParOldGen: 416901K(417280K)->416917K(417280K)
[77.102s][info][gc,metaspace   ] GC(136) Metaspace: 56108K(56448K)->56108K(56448K) NonClass: 50492K(50752K)->50492K(50752K) Class: 5616K(5696K)->5616K(5696K)
[77.102s][info][gc             ] GC(136) Pause Young (Allocation Failure) 607M->408M(611M) 4.023ms
[77.102s][info][gc,cpu         ] GC(136) User=0.01s Sys=0.01s Real=0.01s
[77.570s][info][gc,start       ] GC(137) Pause Young (Allocation Failure)
[77.575s][info][gc,heap        ] GC(137) PSYoungGen: 203966K(208896K)->1824K(248320K) Eden: 202240K(202240K)->0K(242688K) From: 1726K(6656K)->1824K(5632K)
[77.575s][info][gc,heap        ] GC(137) ParOldGen: 416917K(417280K)->416933K(417280K)
[77.575s][info][gc,metaspace   ] GC(137) Metaspace: 56108K(56448K)->56108K(56448K) NonClass: 50492K(50752K)->50492K(50752K) Class: 5616K(5696K)->5616K(5696K)
[77.575s][info][gc             ] GC(137) Pause Young (Allocation Failure) 606M->408M(650M) 5.034ms
[77.575s][info][gc,cpu         ] GC(137) User=0.01s Sys=0.00s Real=0.00s
[78.264s][info][gc,start       ] GC(138) Pause Young (Allocation Failure)
[78.267s][info][gc,heap        ] GC(138) PSYoungGen: 244512K(248320K)->991K(234496K) Eden: 242688K(242688K)->0K(233472K) From: 1824K(5632K)->991K(1024K)
[78.267s][info][gc,heap        ] GC(138) ParOldGen: 416933K(417280K)->416949K(417280K)
[78.267s][info][gc,metaspace   ] GC(138) Metaspace: 56108K(56448K)->56108K(56448K) NonClass: 50492K(50752K)->50492K(50752K) Class: 5616K(5696K)->5616K(5696K)
[78.267s][info][gc             ] GC(138) Pause Young (Allocation Failure) 645M->408M(636M) 3.217ms
[78.267s][info][gc,cpu         ] GC(138) User=0.01s Sys=0.00s Real=0.00s
[78.750s][info][gc,start       ] GC(139) Pause Young (Allocation Failure)
[78.753s][info][gc,heap        ] GC(139) PSYoungGen: 234463K(234496K)->512K(225280K) Eden: 233472K(233472K)->0K(224768K) From: 991K(1024K)->512K(512K)
[78.753s][info][gc,heap        ] GC(139) ParOldGen: 416949K(417280K)->416965K(417280K)
[78.753s][info][gc,metaspace   ] GC(139) Metaspace: 56108K(56448K)->56108K(56448K) NonClass: 50492K(50752K)->50492K(50752K) Class: 5616K(5696K)->5616K(5696K)
[78.753s][info][gc             ] GC(139) Pause Young (Allocation Failure) 636M->407M(627M) 2.666ms
[78.753s][info][gc,cpu         ] GC(139) User=0.00s Sys=0.00s Real=0.00s
[79.252s][info][gc,start       ] GC(140) Pause Young (Allocation Failure)
[79.255s][info][gc,heap        ] GC(140) PSYoungGen: 225280K(225280K)->1055K(222720K) Eden: 224768K(224768K)->0K(216576K) From: 512K(512K)->1055K(6144K)
[79.255s][info][gc,heap        ] GC(140) ParOldGen: 416965K(417280K)->416981K(417280K)
[79.255s][info][gc,metaspace   ] GC(140) Metaspace: 56108K(56448K)->56108K(56448K) NonClass: 50492K(50752K)->50492K(50752K) Class: 5616K(5696K)->5616K(5696K)
[79.255s][info][gc             ] GC(140) Pause Young (Allocation Failure) 627M->408M(625M) 2.654ms
[79.255s][info][gc,cpu         ] GC(140) User=0.01s Sys=0.00s Real=0.00s
[79.751s][info][gc,start       ] GC(141) Pause Young (Allocation Failure)
[79.754s][info][gc,heap        ] GC(141) PSYoungGen: 217631K(222720K)->778K(209408K) Eden: 216576K(216576K)->0K(208384K) From: 1055K(6144K)->778K(1024K)
[79.754s][info][gc,heap        ] GC(141) ParOldGen: 416981K(417280K)->416997K(417280K)
[79.754s][info][gc,metaspace   ] GC(141) Metaspace: 56109K(56448K)->56109K(56448K) NonClass: 50492K(50752K)->50492K(50752K) Class: 5616K(5696K)->5616K(5696K)
[79.754s][info][gc             ] GC(141) Pause Young (Allocation Failure) 619M->407M(612M) 3.055ms
[79.754s][info][gc,cpu         ] GC(141) User=0.00s Sys=0.00s Real=0.00s
[80.184s][info][gc,start       ] GC(142) Pause Young (Allocation Failure)
[80.188s][info][gc,heap        ] GC(142) PSYoungGen: 209162K(209408K)->2559K(203264K) Eden: 208384K(208384K)->0K(200704K) From: 778K(1024K)->2559K(2560K)
[80.188s][info][gc,heap        ] GC(142) ParOldGen: 416997K(417280K)->417021K(417280K)
[80.188s][info][gc,metaspace   ] GC(142) Metaspace: 56109K(56448K)->56109K(56448K) NonClass: 50492K(50752K)->50492K(50752K) Class: 5616K(5696K)->5616K(5696K)
[80.188s][info][gc             ] GC(142) Pause Young (Allocation Failure) 611M->409M(606M) 4.499ms
[80.188s][info][gc,cpu         ] GC(142) User=0.00s Sys=0.00s Real=0.00s
[80.662s][info][gc,start       ] GC(143) Pause Young (Allocation Failure)
[80.666s][info][gc,heap        ] GC(143) PSYoungGen: 203263K(203264K)->1919K(195584K) Eden: 200704K(200704K)->0K(193536K) From: 2559K(2560K)->1919K(2048K)
[80.666s][info][gc,heap        ] GC(143) ParOldGen: 417021K(417280K)->417037K(417280K)
[80.666s][info][gc,metaspace   ] GC(143) Metaspace: 56109K(56448K)->56109K(56448K) NonClass: 50492K(50752K)->50492K(50752K) Class: 5616K(5696K)->5616K(5696K)
[80.666s][info][gc             ] GC(143) Pause Young (Allocation Failure) 605M->409M(598M) 4.014ms
[80.666s][info][gc,cpu         ] GC(143) User=0.01s Sys=0.00s Real=0.00s
[81.076s][info][gc,start       ] GC(144) Pause Young (Allocation Failure)
[81.081s][info][gc,heap        ] GC(144) PSYoungGen: 195455K(195584K)->2911K(189440K) Eden: 193536K(193536K)->0K(186368K) From: 1919K(2048K)->2911K(3072K)
[81.081s][info][gc,heap        ] GC(144) ParOldGen: 417037K(417280K)->417053K(417280K)
[81.081s][info][gc,metaspace   ] GC(144) Metaspace: 56109K(56448K)->56109K(56448K) NonClass: 50492K(50752K)->50492K(50752K) Class: 5616K(5696K)->5616K(5696K)
[81.081s][info][gc             ] GC(144) Pause Young (Allocation Failure) 598M->410M(592M) 5.027ms
[81.081s][info][gc,cpu         ] GC(144) User=0.01s Sys=0.00s Real=0.01s
[81.482s][info][gc,start       ] GC(145) Pause Young (Allocation Failure)
[81.487s][info][gc,heap        ] GC(145) PSYoungGen: 189169K(189440K)->2112K(182272K) Eden: 186257K(186368K)->0K(179712K) From: 2911K(3072K)->2112K(2560K)
[81.487s][info][gc,heap        ] GC(145) ParOldGen: 417053K(417280K)->417069K(417280K)
[81.487s][info][gc,metaspace   ] GC(145) Metaspace: 56109K(56448K)->56109K(56448K) NonClass: 50492K(50752K)->50492K(50752K) Class: 5616K(5696K)->5616K(5696K)
[81.487s][info][gc             ] GC(145) Pause Young (Allocation Failure) 592M->409M(585M) 4.505ms
[81.487s][info][gc,cpu         ] GC(145) User=0.00s Sys=0.00s Real=0.00s
[81.890s][info][gc,start       ] GC(146) Pause Young (Allocation Failure)
[81.894s][info][gc,heap        ] GC(146) PSYoungGen: 181626K(182272K)->1375K(175104K) Eden: 179514K(179712K)->0K(173568K) From: 2112K(2560K)->1375K(1536K)
[81.894s][info][gc,heap        ] GC(146) ParOldGen: 417069K(417280K)->417085K(417280K)
[81.894s][info][gc,metaspace   ] GC(146) Metaspace: 56109K(56448K)->56109K(56448K) NonClass: 50492K(50752K)->50492K(50752K) Class: 5616K(5696K)->5616K(5696K)
[81.894s][info][gc             ] GC(146) Pause Young (Allocation Failure) 584M->408M(578M) 3.288ms
[81.894s][info][gc,cpu         ] GC(146) User=0.00s Sys=0.00s Real=0.00s
[82.287s][info][gc,start       ] GC(147) Pause Young (Allocation Failure)
[82.291s][info][gc,heap        ] GC(147) PSYoungGen: 174800K(175104K)->2464K(169984K) Eden: 173424K(173568K)->0K(167424K) From: 1375K(1536K)->2464K(2560K)
[82.291s][info][gc,heap        ] GC(147) ParOldGen: 417085K(417280K)->417101K(417280K)
[82.291s][info][gc,metaspace   ] GC(147) Metaspace: 56109K(56448K)->56109K(56448K) NonClass: 50492K(50752K)->50492K(50752K) Class: 5616K(5696K)->5616K(5696K)
[82.291s][info][gc             ] GC(147) Pause Young (Allocation Failure) 578M->409M(573M) 4.947ms
[82.291s][info][gc,cpu         ] GC(147) User=0.01s Sys=0.00s Real=0.01s
[82.665s][info][gc,start       ] GC(148) Pause Young (Allocation Failure)
[82.669s][info][gc,heap        ] GC(148) PSYoungGen: 169796K(169984K)->1696K(163840K) Eden: 167332K(167424K)->0K(161792K) From: 2464K(2560K)->1696K(2048K)
[82.669s][info][gc,heap        ] GC(148) ParOldGen: 417101K(417280K)->417117K(417280K)
[82.669s][info][gc,metaspace   ] GC(148) Metaspace: 56109K(56448K)->56109K(56448K) NonClass: 50492K(50752K)->50492K(50752K) Class: 5616K(5696K)->5616K(5696K)
[82.669s][info][gc             ] GC(148) Pause Young (Allocation Failure) 573M->408M(567M) 3.866ms
[82.669s][info][gc,cpu         ] GC(148) User=0.00s Sys=0.00s Real=0.01s
[83.075s][info][gc,start       ] GC(149) Pause Young (Allocation Failure)
[83.080s][info][gc,heap        ] GC(149) PSYoungGen: 163488K(163840K)->2976K(197632K) Eden: 161792K(161792K)->0K(194560K) From: 1696K(2048K)->2976K(3072K)
[83.080s][info][gc,heap        ] GC(149) ParOldGen: 417117K(417280K)->417133K(417280K)
[83.080s][info][gc,metaspace   ] GC(149) Metaspace: 56109K(56448K)->56109K(56448K) NonClass: 50492K(50752K)->50492K(50752K) Class: 5616K(5696K)->5616K(5696K)
[83.080s][info][gc             ] GC(149) Pause Young (Allocation Failure) 566M->410M(600M) 5.474ms
[83.080s][info][gc,cpu         ] GC(149) User=0.01s Sys=0.00s Real=0.01s
[83.469s][info][gc,start       ] GC(150) Pause Young (Allocation Failure)
[83.473s][info][gc,heap        ] GC(150) PSYoungGen: 197536K(197632K)->1951K(189440K) Eden: 194560K(194560K)->0K(187392K) From: 2976K(3072K)->1951K(2048K)
[83.473s][info][gc,heap        ] GC(150) ParOldGen: 417133K(417280K)->417149K(417280K)
[83.473s][info][gc,metaspace   ] GC(150) Metaspace: 56109K(56448K)->56109K(56448K) NonClass: 50492K(50752K)->50492K(50752K) Class: 5616K(5696K)->5616K(5696K)
[83.473s][info][gc             ] GC(150) Pause Young (Allocation Failure) 600M->409M(592M) 4.088ms
[83.473s][info][gc,cpu         ] GC(150) User=0.00s Sys=0.00s Real=0.00s
[83.875s][info][gc,start       ] GC(151) Pause Young (Allocation Failure)
[83.881s][info][gc,heap        ] GC(151) PSYoungGen: 189343K(189440K)->3071K(216576K) Eden: 187392K(187392K)->0K(211968K) From: 1951K(2048K)->3071K(4608K)
[83.881s][info][gc,heap        ] GC(151) ParOldGen: 417149K(417280K)->417165K(417280K)
[83.881s][info][gc,metaspace   ] GC(151) Metaspace: 56109K(56448K)->56109K(56448K) NonClass: 50492K(50752K)->50492K(50752K) Class: 5616K(5696K)->5616K(5696K)
[83.881s][info][gc             ] GC(151) Pause Young (Allocation Failure) 592M->410M(619M) 5.126ms
[83.881s][info][gc,cpu         ] GC(151) User=0.01s Sys=0.00s Real=0.01s
[84.393s][info][gc,start       ] GC(152) Pause Young (Allocation Failure)
[84.425s][info][gc,heap        ] GC(152) PSYoungGen: 215039K(216576K)->2656K(216576K) Eden: 211968K(211968K)->0K(211968K) From: 3071K(4608K)->2656K(4608K)
[84.425s][info][gc,heap        ] GC(152) ParOldGen: 417165K(417280K)->417181K(417280K)
[84.425s][info][gc,metaspace   ] GC(152) Metaspace: 56110K(56448K)->56110K(56448K) NonClass: 50494K(50752K)->50494K(50752K) Class: 5616K(5696K)->5616K(5696K)
[84.425s][info][gc             ] GC(152) Pause Young (Allocation Failure) 617M->409M(619M) 32.075ms
[84.425s][info][gc,cpu         ] GC(152) User=0.03s Sys=0.00s Real=0.03s
[84.855s][info][gc,start       ] GC(153) Pause Young (Allocation Failure)
[84.858s][info][gc,heap        ] GC(153) PSYoungGen: 214624K(216576K)->1087K(259072K) Eden: 211968K(211968K)->0K(254464K) From: 2656K(4608K)->1087K(4608K)
[84.858s][info][gc,heap        ] GC(153) ParOldGen: 417181K(417280K)->417197K(417280K)
[84.859s][info][gc,metaspace   ] GC(153) Metaspace: 56110K(56448K)->56110K(56448K) NonClass: 50494K(50752K)->50494K(50752K) Class: 5616K(5696K)->5616K(5696K)
[84.859s][info][gc             ] GC(153) Pause Young (Allocation Failure) 616M->408M(660M) 3.360ms
[84.859s][info][gc,cpu         ] GC(153) User=0.01s Sys=0.00s Real=0.00s
[85.405s][info][gc,start       ] GC(154) Pause Young (Allocation Failure)
[85.410s][info][gc,heap        ] GC(154) PSYoungGen: 255551K(259072K)->2175K(259072K) Eden: 254464K(254464K)->0K(254464K) From: 1087K(4608K)->2175K(4608K)
[85.410s][info][gc,heap        ] GC(154) ParOldGen: 417197K(417280K)->417213K(417280K)
[85.410s][info][gc,metaspace   ] GC(154) Metaspace: 56110K(56448K)->56110K(56448K) NonClass: 50494K(50752K)->50494K(50752K) Class: 5616K(5696K)->5616K(5696K)
[85.410s][info][gc             ] GC(154) Pause Young (Allocation Failure) 656M->409M(660M) 5.037ms
[85.410s][info][gc,cpu         ] GC(154) User=0.01s Sys=0.00s Real=0.01s
[85.966s][info][gc,start       ] GC(155) Pause Young (Allocation Failure)
[85.970s][info][gc,heap        ] GC(155) PSYoungGen: 256639K(259072K)->2366K(309248K) Eden: 254464K(254464K)->0K(305664K) From: 2175K(4608K)->2366K(3584K)
[85.971s][info][gc,heap        ] GC(155) ParOldGen: 417213K(417280K)->417229K(417280K)
[85.971s][info][gc,metaspace   ] GC(155) Metaspace: 56110K(56448K)->56110K(56448K) NonClass: 50494K(50752K)->50494K(50752K) Class: 5616K(5696K)->5616K(5696K)
[85.971s][info][gc             ] GC(155) Pause Young (Allocation Failure) 658M->409M(709M) 4.930ms
[85.971s][info][gc,cpu         ] GC(155) User=0.00s Sys=0.00s Real=0.01s
[86.694s][info][gc,start       ] GC(156) Pause Young (Allocation Failure)
[86.722s][info][gc,heap        ] GC(156) PSYoungGen: 308030K(309248K)->2111K(309760K) Eden: 305664K(305664K)->0K(305664K) From: 2366K(3584K)->2111K(4096K)
[86.722s][info][gc,heap        ] GC(156) ParOldGen: 417229K(417280K)->417245K(417280K)
[86.722s][info][gc,metaspace   ] GC(156) Metaspace: 56110K(56448K)->56110K(56448K) NonClass: 50494K(50752K)->50494K(50752K) Class: 5616K(5696K)->5616K(5696K)
[86.723s][info][gc             ] GC(156) Pause Young (Allocation Failure) 708M->409M(710M) 28.877ms
[86.723s][info][gc,cpu         ] GC(156) User=0.02s Sys=0.00s Real=0.03s
[87.357s][info][gc,start       ] GC(157) Pause Young (Allocation Failure)
[87.361s][info][gc,heap        ] GC(157) PSYoungGen: 307775K(309760K)->1918K(329728K) Eden: 305664K(305664K)->0K(325632K) From: 2111K(4096K)->1918K(4096K)
[87.361s][info][gc,heap        ] GC(157) ParOldGen: 417245K(417280K)->417269K(417280K)
[87.361s][info][gc,metaspace   ] GC(157) Metaspace: 56110K(56448K)->56110K(56448K) NonClass: 50494K(50752K)->50494K(50752K) Class: 5616K(5696K)->5616K(5696K)
[87.361s][info][gc             ] GC(157) Pause Young (Allocation Failure) 708M->409M(729M) 4.232ms
[87.361s][info][gc,cpu         ] GC(157) User=0.01s Sys=0.00s Real=0.01s
[88.085s][info][gc,start       ] GC(158) Pause Young (Allocation Failure)
[88.090s][info][gc,heap        ] GC(158) PSYoungGen: 327273K(329728K)->1984K(327680K) Eden: 325354K(325632K)->0K(325632K) From: 1918K(4096K)->1984K(2048K)
[88.090s][info][gc,heap        ] GC(158) ParOldGen: 417269K(417280K)->417285K(417792K)
[88.090s][info][gc,metaspace   ] GC(158) Metaspace: 56112K(56448K)->56112K(56448K) NonClass: 50495K(50752K)->50495K(50752K) Class: 5616K(5696K)->5616K(5696K)
[88.090s][info][gc             ] GC(158) Pause Young (Allocation Failure) 727M->409M(728M) 4.855ms
[88.090s][info][gc,cpu         ] GC(158) User=0.01s Sys=0.00s Real=0.01s
[88.794s][info][gc,start       ] GC(159) Pause Young (Allocation Failure)
[88.797s][info][gc,heap        ] GC(159) PSYoungGen: 327616K(327680K)->1663K(329216K) Eden: 325632K(325632K)->0K(325632K) From: 1984K(2048K)->1663K(3584K)
[88.797s][info][gc,heap        ] GC(159) ParOldGen: 417285K(417792K)->417309K(417792K)
[88.798s][info][gc,metaspace   ] GC(159) Metaspace: 56112K(56448K)->56112K(56448K) NonClass: 50495K(50752K)->50495K(50752K) Class: 5616K(5696K)->5616K(5696K)
[88.798s][info][gc             ] GC(159) Pause Young (Allocation Failure) 727M->409M(729M) 3.889ms
[88.798s][info][gc,cpu         ] GC(159) User=0.01s Sys=0.00s Real=0.00s
[89.552s][info][gc,start       ] GC(160) Pause Young (Allocation Failure)
[89.555s][info][gc,heap        ] GC(160) PSYoungGen: 327295K(329216K)->767K(313344K) Eden: 325632K(325632K)->0K(312320K) From: 1663K(3584K)->767K(1024K)
[89.555s][info][gc,heap        ] GC(160) ParOldGen: 417309K(417792K)->417325K(417792K)
[89.555s][info][gc,metaspace   ] GC(160) Metaspace: 56112K(56448K)->56112K(56448K) NonClass: 50495K(50752K)->50495K(50752K) Class: 5616K(5696K)->5616K(5696K)
[89.555s][info][gc             ] GC(160) Pause Young (Allocation Failure) 727M->408M(714M) 2.935ms
[89.555s][info][gc,cpu         ] GC(160) User=0.00s Sys=0.01s Real=0.00s
[90.193s][info][gc,start       ] GC(161) Pause Young (Allocation Failure)
[90.195s][info][gc,heap        ] GC(161) PSYoungGen: 313087K(313344K)->671K(300544K) Eden: 312320K(312320K)->0K(299520K) From: 767K(1024K)->671K(1024K)
[90.195s][info][gc,heap        ] GC(161) ParOldGen: 417325K(417792K)->417341K(417792K)
[90.195s][info][gc,metaspace   ] GC(161) Metaspace: 56112K(56448K)->56112K(56448K) NonClass: 50495K(50752K)->50495K(50752K) Class: 5616K(5696K)->5616K(5696K)
[90.195s][info][gc             ] GC(161) Pause Young (Allocation Failure) 713M->408M(701M) 2.480ms
[90.195s][info][gc,cpu         ] GC(161) User=0.00s Sys=0.00s Real=0.00s
[90.891s][info][gc,start       ] GC(162) Pause Young (Allocation Failure)
[90.896s][info][gc,heap        ] GC(162) PSYoungGen: 300191K(300544K)->2943K(290816K) Eden: 299520K(299520K)->0K(287744K) From: 671K(1024K)->2943K(3072K)
[90.896s][info][gc,heap        ] GC(162) ParOldGen: 417341K(417792K)->417357K(417792K)
[90.896s][info][gc,metaspace   ] GC(162) Metaspace: 56112K(56448K)->56112K(56448K) NonClass: 50495K(50752K)->50495K(50752K) Class: 5616K(5696K)->5616K(5696K)
[90.896s][info][gc             ] GC(162) Pause Young (Allocation Failure) 700M->410M(692M) 5.054ms
[90.896s][info][gc,cpu         ] GC(162) User=0.01s Sys=0.00s Real=0.00s
[91.554s][info][gc,start       ] GC(163) Pause Young (Allocation Failure)
[91.557s][info][gc,heap        ] GC(163) PSYoungGen: 290687K(290816K)->937K(277504K) Eden: 287744K(287744K)->0K(276480K) From: 2943K(3072K)->937K(1024K)
[91.557s][info][gc,heap        ] GC(163) ParOldGen: 417357K(417792K)->417373K(417792K)
[91.557s][info][gc,metaspace   ] GC(163) Metaspace: 56112K(56448K)->56112K(56448K) NonClass: 50495K(50752K)->50495K(50752K) Class: 5616K(5696K)->5616K(5696K)
[91.557s][info][gc             ] GC(163) Pause Young (Allocation Failure) 691M->408M(679M) 3.101ms
[91.557s][info][gc,cpu         ] GC(163) User=0.01s Sys=0.00s Real=0.00s
[92.156s][info][gc,start       ] GC(164) Pause Young (Allocation Failure)
[92.159s][info][gc,heap        ] GC(164) PSYoungGen: 277417K(277504K)->1631K(267776K) Eden: 276480K(276480K)->0K(265728K) From: 937K(1024K)->1631K(2048K)
[92.159s][info][gc,heap        ] GC(164) ParOldGen: 417373K(417792K)->417389K(417792K)
[92.159s][info][gc,metaspace   ] GC(164) Metaspace: 56112K(56448K)->56112K(56448K) NonClass: 50495K(50752K)->50495K(50752K) Class: 5616K(5696K)->5616K(5696K)
[92.159s][info][gc             ] GC(164) Pause Young (Allocation Failure) 678M->409M(669M) 3.524ms
[92.159s][info][gc,cpu         ] GC(164) User=0.01s Sys=0.00s Real=0.01s
[92.802s][info][gc,start       ] GC(165) Pause Young (Allocation Failure)
[92.805s][info][gc,heap        ] GC(165) PSYoungGen: 267148K(267776K)->736K(256512K) Eden: 265517K(265728K)->0K(255488K) From: 1631K(2048K)->736K(1024K)
[92.805s][info][gc,heap        ] GC(165) ParOldGen: 417389K(417792K)->417421K(417792K)
[92.805s][info][gc,metaspace   ] GC(165) Metaspace: 56112K(56448K)->56112K(56448K) NonClass: 50495K(50752K)->50495K(50752K) Class: 5616K(5696K)->5616K(5696K)
[92.806s][info][gc             ] GC(165) Pause Young (Allocation Failure) 668M->408M(658M) 3.019ms
[92.806s][info][gc,cpu         ] GC(165) User=0.00s Sys=0.00s Real=0.00s
[93.292s][info][gc,start       ] GC(166) Pause Young (Allocation Failure)
[93.295s][info][gc,heap        ] GC(166) PSYoungGen: 256224K(256512K)->1344K(249856K) Eden: 255488K(255488K)->0K(245760K) From: 736K(1024K)->1344K(4096K)
[93.295s][info][gc,heap        ] GC(166) ParOldGen: 417421K(417792K)->417437K(417792K)
[93.295s][info][gc,metaspace   ] GC(166) Metaspace: 56112K(56448K)->56112K(56448K) NonClass: 50495K(50752K)->50495K(50752K) Class: 5616K(5696K)->5616K(5696K)
[93.295s][info][gc             ] GC(166) Pause Young (Allocation Failure) 657M->408M(652M) 3.505ms
[93.295s][info][gc,cpu         ] GC(166) User=0.01s Sys=0.00s Real=0.00s
[93.972s][info][gc,start       ] GC(167) Pause Young (Allocation Failure)
[93.976s][info][gc,heap        ] GC(167) PSYoungGen: 247104K(249856K)->1759K(238592K) Eden: 245760K(245760K)->0K(236544K) From: 1344K(4096K)->1759K(2048K)
[93.976s][info][gc,heap        ] GC(167) ParOldGen: 417437K(417792K)->417453K(417792K)
[93.976s][info][gc,metaspace   ] GC(167) Metaspace: 56112K(56448K)->56112K(56448K) NonClass: 50495K(50752K)->50495K(50752K) Class: 5616K(5696K)->5616K(5696K)
[93.976s][info][gc             ] GC(167) Pause Young (Allocation Failure) 648M->409M(641M) 3.713ms
[93.976s][info][gc,cpu         ] GC(167) User=0.00s Sys=0.00s Real=0.00s
[94.475s][info][gc,start       ] GC(168) Pause Young (Allocation Failure)
[94.481s][info][gc,heap        ] GC(168) PSYoungGen: 238303K(238592K)->3327K(230912K) Eden: 236544K(236544K)->0K(227328K) From: 1759K(2048K)->3327K(3584K)
[94.481s][info][gc,heap        ] GC(168) ParOldGen: 417453K(417792K)->417469K(417792K)
[94.481s][info][gc,metaspace   ] GC(168) Metaspace: 56112K(56448K)->56112K(56448K) NonClass: 50495K(50752K)->50495K(50752K) Class: 5616K(5696K)->5616K(5696K)
[94.481s][info][gc             ] GC(168) Pause Young (Allocation Failure) 640M->410M(633M) 5.626ms
[94.481s][info][gc,cpu         ] GC(168) User=0.01s Sys=0.00s Real=0.01s
[94.986s][info][gc,start       ] GC(169) Pause Young (Allocation Failure)
[94.990s][info][gc,heap        ] GC(169) PSYoungGen: 230655K(230912K)->2048K(220672K) Eden: 227328K(227328K)->0K(218624K) From: 3327K(3584K)->2048K(2048K)
[94.990s][info][gc,heap        ] GC(169) ParOldGen: 417469K(417792K)->417605K(417792K)
[94.990s][info][gc,metaspace   ] GC(169) Metaspace: 56112K(56448K)->56112K(56448K) NonClass: 50495K(50752K)->50495K(50752K) Class: 5616K(5696K)->5616K(5696K)
[94.990s][info][gc             ] GC(169) Pause Young (Allocation Failure) 632M->409M(623M) 4.454ms
[94.990s][info][gc,cpu         ] GC(169) User=0.01s Sys=0.00s Real=0.01s
[95.476s][info][gc,start       ] GC(170) Pause Young (Allocation Failure)
[95.482s][info][gc,heap        ] GC(170) PSYoungGen: 220672K(220672K)->3519K(214016K) Eden: 218624K(218624K)->0K(210432K) From: 2048K(2048K)->3519K(3584K)
[95.482s][info][gc,heap        ] GC(170) ParOldGen: 417605K(417792K)->417965K(418304K)
[95.482s][info][gc,metaspace   ] GC(170) Metaspace: 56112K(56448K)->56112K(56448K) NonClass: 50495K(50752K)->50495K(50752K) Class: 5616K(5696K)->5616K(5696K)
[95.482s][info][gc             ] GC(170) Pause Young (Allocation Failure) 623M->411M(617M) 6.161ms
[95.482s][info][gc,cpu         ] GC(170) User=0.01s Sys=0.00s Real=0.01s
[95.961s][info][gc,start       ] GC(171) Pause Young (Allocation Failure)
[95.965s][info][gc,heap        ] GC(171) PSYoungGen: 213951K(214016K)->1600K(204800K) Eden: 210432K(210432K)->0K(202752K) From: 3519K(3584K)->1600K(2048K)
[95.965s][info][gc,heap        ] GC(171) ParOldGen: 417965K(418304K)->418005K(418304K)
[95.965s][info][gc,metaspace   ] GC(171) Metaspace: 56112K(56448K)->56112K(56448K) NonClass: 50495K(50752K)->50495K(50752K) Class: 5616K(5696K)->5616K(5696K)
[95.965s][info][gc             ] GC(171) Pause Young (Allocation Failure) 617M->409M(608M) 3.811ms
[95.965s][info][gc,cpu         ] GC(171) User=0.01s Sys=0.00s Real=0.00s
[96.428s][info][gc,start       ] GC(172) Pause Young (Allocation Failure)
[96.431s][info][gc,heap        ] GC(172) PSYoungGen: 204352K(204800K)->1759K(197632K) Eden: 202752K(202752K)->0K(195584K) From: 1600K(2048K)->1759K(2048K)
[96.431s][info][gc,heap        ] GC(172) ParOldGen: 418005K(418304K)->418021K(418304K)
[96.431s][info][gc,metaspace   ] GC(172) Metaspace: 56112K(56448K)->56112K(56448K) NonClass: 50495K(50752K)->50495K(50752K) Class: 5616K(5696K)->5616K(5696K)
[96.431s][info][gc             ] GC(172) Pause Young (Allocation Failure) 607M->409M(601M) 3.740ms
[96.431s][info][gc,cpu         ] GC(172) User=0.01s Sys=0.00s Real=0.01s
[96.854s][info][gc,start       ] GC(173) Pause Young (Allocation Failure)
[96.857s][info][gc,heap        ] GC(173) PSYoungGen: 197343K(197632K)->1024K(189440K) Eden: 195584K(195584K)->0K(188416K) From: 1759K(2048K)->1024K(1024K)
[96.857s][info][gc,heap        ] GC(173) ParOldGen: 418021K(418304K)->418037K(418304K)
[96.857s][info][gc,metaspace   ] GC(173) Metaspace: 56112K(56448K)->56112K(56448K) NonClass: 50495K(50752K)->50495K(50752K) Class: 5616K(5696K)->5616K(5696K)
[96.857s][info][gc             ] GC(173) Pause Young (Allocation Failure) 600M->409M(593M) 3.226ms
[96.857s][info][gc,cpu         ] GC(173) User=0.01s Sys=0.00s Real=0.00s
[97.298s][info][gc,start       ] GC(174) Pause Young (Allocation Failure)
[97.310s][info][gc,heap        ] GC(174) PSYoungGen: 189440K(189440K)->4095K(230400K) Eden: 188416K(188416K)->0K(226304K) From: 1024K(1024K)->4095K(4096K)
[97.310s][info][gc,heap        ] GC(174) ParOldGen: 418037K(418304K)->418157K(418304K)
[97.310s][info][gc,metaspace   ] GC(174) Metaspace: 56112K(56448K)->56112K(56448K) NonClass: 50495K(50752K)->50495K(50752K) Class: 5616K(5696K)->5616K(5696K)
[97.310s][info][gc             ] GC(174) Pause Young (Allocation Failure) 593M->412M(633M) 12.000ms
[97.310s][info][gc,cpu         ] GC(174) User=0.02s Sys=0.00s Real=0.02s
[97.771s][info][gc,start       ] GC(175) Pause Young (Allocation Failure)
[97.776s][info][gc,heap        ] GC(175) PSYoungGen: 230399K(230400K)->2272K(274432K) Eden: 226304K(226304K)->0K(271872K) From: 4095K(4096K)->2272K(2560K)
[97.776s][info][gc,heap        ] GC(175) ParOldGen: 418157K(418304K)->418605K(418816K)
[97.776s][info][gc,metaspace   ] GC(175) Metaspace: 56112K(56448K)->56112K(56448K) NonClass: 50495K(50752K)->50495K(50752K) Class: 5616K(5696K)->5616K(5696K)
[97.776s][info][gc             ] GC(175) Pause Young (Allocation Failure) 633M->411M(677M) 4.998ms
[97.776s][info][gc,cpu         ] GC(175) User=0.01s Sys=0.00s Real=0.00s
[98.431s][info][gc,start       ] GC(176) Pause Young (Allocation Failure)
[98.436s][info][gc,heap        ] GC(176) PSYoungGen: 273947K(274432K)->2624K(303616K) Eden: 271675K(271872K)->0K(299008K) From: 2272K(2560K)->2624K(4608K)
[98.436s][info][gc,heap        ] GC(176) ParOldGen: 418605K(418816K)->418661K(418816K)
[98.436s][info][gc,metaspace   ] GC(176) Metaspace: 56112K(56448K)->56112K(56448K) NonClass: 50495K(50752K)->50495K(50752K) Class: 5616K(5696K)->5616K(5696K)
[98.436s][info][gc             ] GC(176) Pause Young (Allocation Failure) 676M->411M(705M) 5.132ms
[98.436s][info][gc,cpu         ] GC(176) User=0.01s Sys=0.00s Real=0.00s
[99.065s][info][gc,start       ] GC(177) Pause Young (Allocation Failure)
[99.071s][info][gc,heap        ] GC(177) PSYoungGen: 301632K(303616K)->2464K(329216K) Eden: 299008K(299008K)->0K(324608K) From: 2624K(4608K)->2464K(4608K)
[99.071s][info][gc,heap        ] GC(177) ParOldGen: 418661K(418816K)->418685K(418816K)
[99.071s][info][gc,metaspace   ] GC(177) Metaspace: 56112K(56448K)->56112K(56448K) NonClass: 50495K(50752K)->50495K(50752K) Class: 5616K(5696K)->5616K(5696K)
[99.071s][info][gc             ] GC(177) Pause Young (Allocation Failure) 703M->411M(730M) 5.734ms
[99.071s][info][gc,cpu         ] GC(177) User=0.01s Sys=0.00s Real=0.01s
[99.789s][info][gc,start       ] GC(178) Pause Young (Allocation Failure)
[99.794s][info][gc,heap        ] GC(178) PSYoungGen: 327072K(329216K)->2399K(313856K) Eden: 324608K(324608K)->0K(311296K) From: 2464K(4608K)->2399K(2560K)
[99.794s][info][gc,heap        ] GC(178) ParOldGen: 418685K(418816K)->418701K(418816K)
[99.794s][info][gc,metaspace   ] GC(178) Metaspace: 56112K(56448K)->56112K(56448K) NonClass: 50495K(50752K)->50495K(50752K) Class: 5616K(5696K)->5616K(5696K)
[99.794s][info][gc             ] GC(178) Pause Young (Allocation Failure) 728M->411M(715M) 5.237ms
[99.794s][info][gc,cpu         ] GC(178) User=0.01s Sys=0.00s Real=0.01s
[100.490s][info][gc,start       ] GC(179) Pause Young (Allocation Failure)
[100.494s][info][gc,heap        ] GC(179) PSYoungGen: 313579K(313856K)->1248K(300032K) Eden: 311180K(311296K)->0K(298496K) From: 2399K(2560K)->1248K(1536K)
[100.494s][info][gc,heap        ] GC(179) ParOldGen: 418701K(418816K)->418717K(418816K)
[100.494s][info][gc,metaspace   ] GC(179) Metaspace: 56112K(56448K)->56112K(56448K) NonClass: 50495K(50752K)->50495K(50752K) Class: 5616K(5696K)->5616K(5696K)
[100.494s][info][gc             ] GC(179) Pause Young (Allocation Failure) 715M->410M(702M) 3.902ms
[100.494s][info][gc,cpu         ] GC(179) User=0.01s Sys=0.00s Real=0.00s
[101.171s][info][gc,start       ] GC(180) Pause Young (Allocation Failure)
[101.177s][info][gc,heap        ] GC(180) PSYoungGen: 299672K(300032K)->3040K(289792K) Eden: 298424K(298496K)->0K(286720K) From: 1248K(1536K)->3040K(3072K)
[101.177s][info][gc,heap        ] GC(180) ParOldGen: 418717K(418816K)->418741K(418816K)
[101.177s][info][gc,metaspace   ] GC(180) Metaspace: 56112K(56448K)->56112K(56448K) NonClass: 50495K(50752K)->50495K(50752K) Class: 5616K(5696K)->5616K(5696K)
[101.177s][info][gc             ] GC(180) Pause Young (Allocation Failure) 701M->411M(692M) 5.629ms
[101.177s][info][gc,cpu         ] GC(180) User=0.01s Sys=0.00s Real=0.00s
[101.798s][info][gc,start       ] GC(181) Pause Young (Allocation Failure)
[101.802s][info][gc,heap        ] GC(181) PSYoungGen: 289760K(289792K)->1503K(276992K) Eden: 286720K(286720K)->0K(275456K) From: 3040K(3072K)->1503K(1536K)
[101.802s][info][gc,heap        ] GC(181) ParOldGen: 418741K(418816K)->418757K(418816K)
[101.802s][info][gc,metaspace   ] GC(181) Metaspace: 56112K(56448K)->56112K(56448K) NonClass: 50495K(50752K)->50495K(50752K) Class: 5616K(5696K)->5616K(5696K)
[101.802s][info][gc             ] GC(181) Pause Young (Allocation Failure) 691M->410M(679M) 3.837ms
[101.802s][info][gc,cpu         ] GC(181) User=0.00s Sys=0.00s Real=0.01s
[102.493s][info][gc,start       ] GC(182) Pause Young (Allocation Failure)
[102.497s][info][gc,heap        ] GC(182) PSYoungGen: 276959K(276992K)->1471K(266240K) Eden: 275456K(275456K)->0K(264704K) From: 1503K(1536K)->1471K(1536K)
[102.497s][info][gc,heap        ] GC(182) ParOldGen: 418757K(418816K)->418773K(418816K)
[102.497s][info][gc,metaspace   ] GC(182) Metaspace: 56112K(56448K)->56112K(56448K) NonClass: 50495K(50752K)->50495K(50752K) Class: 5616K(5696K)->5616K(5696K)
[102.497s][info][gc             ] GC(182) Pause Young (Allocation Failure) 679M->410M(669M) 3.275ms
[102.497s][info][gc,cpu         ] GC(182) User=0.00s Sys=0.00s Real=0.00s
[103.052s][info][gc,start       ] GC(183) Pause Young (Allocation Failure)
[103.055s][info][gc,heap        ] GC(183) PSYoungGen: 266175K(266240K)->672K(255488K) Eden: 264704K(264704K)->0K(254464K) From: 1471K(1536K)->672K(1024K)
[103.055s][info][gc,heap        ] GC(183) ParOldGen: 418773K(418816K)->418789K(418816K)
[103.055s][info][gc,metaspace   ] GC(183) Metaspace: 56112K(56448K)->56112K(56448K) NonClass: 50495K(50752K)->50495K(50752K) Class: 5616K(5696K)->5616K(5696K)
[103.055s][info][gc             ] GC(183) Pause Young (Allocation Failure) 668M->409M(658M) 2.834ms
[103.055s][info][gc,cpu         ] GC(183) User=0.01s Sys=0.00s Real=0.00s
[103.613s][info][gc,start       ] GC(184) Pause Young (Allocation Failure)
[103.616s][info][gc,heap        ] GC(184) PSYoungGen: 255136K(255488K)->1407K(246272K) Eden: 254464K(254464K)->0K(244736K) From: 672K(1024K)->1407K(1536K)
[103.616s][info][gc,heap        ] GC(184) ParOldGen: 418789K(418816K)->418805K(418816K)
[103.616s][info][gc,metaspace   ] GC(184) Metaspace: 56112K(56448K)->56112K(56448K) NonClass: 50495K(50752K)->50495K(50752K) Class: 5616K(5696K)->5616K(5696K)
[103.616s][info][gc             ] GC(184) Pause Young (Allocation Failure) 658M->410M(649M) 3.173ms
[103.616s][info][gc,cpu         ] GC(184) User=0.01s Sys=0.00s Real=0.00s
[104.158s][info][gc,start       ] GC(185) Pause Young (Allocation Failure)
[104.162s][info][gc,heap        ] GC(185) PSYoungGen: 246143K(246272K)->1598K(237568K) Eden: 244736K(244736K)->0K(235520K) From: 1407K(1536K)->1598K(2048K)
[104.162s][info][gc,heap        ] GC(185) ParOldGen: 418805K(418816K)->418821K(419328K)
[104.162s][info][gc,metaspace   ] GC(185) Metaspace: 56112K(56448K)->56112K(56448K) NonClass: 50495K(50752K)->50495K(50752K) Class: 5616K(5696K)->5616K(5696K)
[104.162s][info][gc             ] GC(185) Pause Young (Allocation Failure) 649M->410M(641M) 3.619ms
[104.162s][info][gc,cpu         ] GC(185) User=0.01s Sys=0.00s Real=0.01s
[104.671s][info][gc,start       ] GC(186) Pause Young (Allocation Failure)
[104.675s][info][gc,heap        ] GC(186) PSYoungGen: 237118K(237568K)->2623K(229888K) Eden: 235520K(235520K)->0K(226816K) From: 1598K(2048K)->2623K(3072K)
[104.676s][info][gc,heap        ] GC(186) ParOldGen: 418821K(419328K)->418837K(419328K)
[104.676s][info][gc,metaspace   ] GC(186) Metaspace: 56112K(56448K)->56112K(56448K) NonClass: 50495K(50752K)->50495K(50752K) Class: 5616K(5696K)->5616K(5696K)
[104.676s][info][gc             ] GC(186) Pause Young (Allocation Failure) 640M->411M(634M) 4.688ms
[104.676s][info][gc,cpu         ] GC(186) User=0.01s Sys=0.00s Real=0.00s
[105.173s][info][gc,start       ] GC(187) Pause Young (Allocation Failure)
[105.178s][info][gc,heap        ] GC(187) PSYoungGen: 229439K(229888K)->2815K(221184K) Eden: 226816K(226816K)->0K(218112K) From: 2623K(3072K)->2815K(3072K)
[105.178s][info][gc,heap        ] GC(187) ParOldGen: 418837K(419328K)->418853K(419328K)
[105.178s][info][gc,metaspace   ] GC(187) Metaspace: 56112K(56448K)->56112K(56448K) NonClass: 50495K(50752K)->50495K(50752K) Class: 5616K(5696K)->5616K(5696K)
[105.178s][info][gc             ] GC(187) Pause Young (Allocation Failure) 633M->411M(625M) 4.748ms
[105.178s][info][gc,cpu         ] GC(187) User=0.01s Sys=0.00s Real=0.00s
[105.837s][info][gc,start       ] GC(188) Pause Young (Allocation Failure)
[105.843s][info][gc,heap        ] GC(188) PSYoungGen: 220927K(221184K)->1664K(211968K) Eden: 218112K(218112K)->0K(209920K) From: 2815K(3072K)->1664K(2048K)
[105.843s][info][gc,heap        ] GC(188) ParOldGen: 418853K(419328K)->418869K(419328K)
[105.843s][info][gc,metaspace   ] GC(188) Metaspace: 56112K(56448K)->56112K(56448K) NonClass: 50495K(50752K)->50495K(50752K) Class: 5616K(5696K)->5616K(5696K)
[105.843s][info][gc             ] GC(188) Pause Young (Allocation Failure) 624M->410M(616M) 6.100ms
[105.843s][info][gc,cpu         ] GC(188) User=0.01s Sys=0.00s Real=0.01s
[106.256s][info][gc,start       ] GC(189) Pause Young (Allocation Failure)
[106.259s][info][gc,heap        ] GC(189) PSYoungGen: 211584K(211968K)->1161K(203776K) Eden: 209920K(209920K)->0K(202240K) From: 1664K(2048K)->1161K(1536K)
[106.259s][info][gc,heap        ] GC(189) ParOldGen: 418869K(419328K)->418885K(419328K)
[106.259s][info][gc,metaspace   ] GC(189) Metaspace: 56112K(56448K)->56112K(56448K) NonClass: 50495K(50752K)->50495K(50752K) Class: 5616K(5696K)->5616K(5696K)
[106.259s][info][gc             ] GC(189) Pause Young (Allocation Failure) 615M->410M(608M) 3.232ms
[106.259s][info][gc,cpu         ] GC(189) User=0.00s Sys=0.00s Real=0.01s
[106.678s][info][gc,start       ] GC(190) Pause Young (Allocation Failure)
[106.685s][info][gc,heap        ] GC(190) PSYoungGen: 203388K(203776K)->2720K(198144K) Eden: 202226K(202240K)->0K(195072K) From: 1161K(1536K)->2720K(3072K)
[106.685s][info][gc,heap        ] GC(190) ParOldGen: 418885K(419328K)->418901K(419328K)
[106.685s][info][gc,metaspace   ] GC(190) Metaspace: 56112K(56448K)->56112K(56448K) NonClass: 50495K(50752K)->50495K(50752K) Class: 5616K(5696K)->5616K(5696K)
[106.685s][info][gc             ] GC(190) Pause Young (Allocation Failure) 607M->411M(603M) 7.022ms
[106.685s][info][gc,cpu         ] GC(190) User=0.01s Sys=0.00s Real=0.01s
[107.148s][info][gc,start       ] GC(191) Pause Young (Allocation Failure)
[107.151s][info][gc,heap        ] GC(191) PSYoungGen: 197792K(198144K)->352K(188416K) Eden: 195072K(195072K)->0K(187904K) From: 2720K(3072K)->352K(512K)
[107.151s][info][gc,heap        ] GC(191) ParOldGen: 418901K(419328K)->418917K(419328K)
[107.151s][info][gc,metaspace   ] GC(191) Metaspace: 56112K(56448K)->56112K(56448K) NonClass: 50495K(50752K)->50495K(50752K) Class: 5616K(5696K)->5616K(5696K)
[107.151s][info][gc             ] GC(191) Pause Young (Allocation Failure) 602M->409M(593M) 2.484ms
[107.151s][info][gc,cpu         ] GC(191) User=0.00s Sys=0.00s Real=0.01s
[107.559s][info][gc,start       ] GC(192) Pause Young (Allocation Failure)
[107.562s][info][gc,heap        ] GC(192) PSYoungGen: 188256K(188416K)->1632K(185344K) Eden: 187904K(187904K)->0K(181248K) From: 352K(512K)->1632K(4096K)
[107.563s][info][gc,heap        ] GC(192) ParOldGen: 418917K(419328K)->418933K(419328K)
[107.563s][info][gc,metaspace   ] GC(192) Metaspace: 56112K(56448K)->56112K(56448K) NonClass: 50495K(50752K)->50495K(50752K) Class: 5616K(5696K)->5616K(5696K)
[107.563s][info][gc             ] GC(192) Pause Young (Allocation Failure) 592M->410M(590M) 3.577ms
[107.563s][info][gc,cpu         ] GC(192) User=0.01s Sys=0.01s Real=0.00s
[107.967s][info][gc,start       ] GC(193) Pause Young (Allocation Failure)
[107.972s][info][gc,heap        ] GC(193) PSYoungGen: 182880K(185344K)->2559K(177664K) Eden: 181248K(181248K)->0K(175104K) From: 1632K(4096K)->2559K(2560K)
[107.972s][info][gc,heap        ] GC(193) ParOldGen: 418933K(419328K)->418949K(419328K)
[107.972s][info][gc,metaspace   ] GC(193) Metaspace: 56112K(56448K)->56112K(56448K) NonClass: 50495K(50752K)->50495K(50752K) Class: 5616K(5696K)->5616K(5696K)
[107.972s][info][gc             ] GC(193) Pause Young (Allocation Failure) 587M->411M(583M) 4.562ms
[107.972s][info][gc,cpu         ] GC(193) User=0.01s Sys=0.00s Real=0.01s
[108.360s][info][gc,start       ] GC(194) Pause Young (Allocation Failure)
[108.364s][info][gc,heap        ] GC(194) PSYoungGen: 177663K(177664K)->1632K(171008K) Eden: 175104K(175104K)->0K(168960K) From: 2559K(2560K)->1632K(2048K)
[108.364s][info][gc,heap        ] GC(194) ParOldGen: 418949K(419328K)->418965K(419328K)
[108.364s][info][gc,metaspace   ] GC(194) Metaspace: 56116K(56448K)->56116K(56448K) NonClass: 50500K(50752K)->50500K(50752K) Class: 5616K(5696K)->5616K(5696K)
[108.364s][info][gc             ] GC(194) Pause Young (Allocation Failure) 582M->410M(576M) 4.009ms
[108.364s][info][gc,cpu         ] GC(194) User=0.00s Sys=0.00s Real=0.00s
[108.756s][info][gc,start       ] GC(195) Pause Young (Allocation Failure)
[108.759s][info][gc,heap        ] GC(195) PSYoungGen: 170592K(171008K)->1023K(164352K) Eden: 168960K(168960K)->0K(163328K) From: 1632K(2048K)->1023K(1024K)
[108.759s][info][gc,heap        ] GC(195) ParOldGen: 418965K(419328K)->418981K(419328K)
[108.759s][info][gc,metaspace   ] GC(195) Metaspace: 56116K(56448K)->56116K(56448K) NonClass: 50500K(50752K)->50500K(50752K) Class: 5616K(5696K)->5616K(5696K)
[108.759s][info][gc             ] GC(195) Pause Young (Allocation Failure) 575M->410M(570M) 3.011ms
[108.759s][info][gc,cpu         ] GC(195) User=0.00s Sys=0.00s Real=0.01s
[109.088s][info][gc,start       ] GC(196) Pause Young (Allocation Failure)
[109.092s][info][gc,heap        ] GC(196) PSYoungGen: 164305K(164352K)->1760K(161792K) Eden: 163282K(163328K)->0K(157696K) From: 1023K(1024K)->1760K(4096K)
[109.092s][info][gc,heap        ] GC(196) ParOldGen: 418981K(419328K)->418997K(419328K)
[109.092s][info][gc,metaspace   ] GC(196) Metaspace: 56116K(56448K)->56116K(56448K) NonClass: 50500K(50752K)->50500K(50752K) Class: 5616K(5696K)->5616K(5696K)
[109.092s][info][gc             ] GC(196) Pause Young (Allocation Failure) 569M->410M(567M) 4.056ms
[109.092s][info][gc,cpu         ] GC(196) User=0.01s Sys=0.00s Real=0.01s
[109.467s][info][gc,start       ] GC(197) Pause Young (Allocation Failure)
[109.471s][info][gc,heap        ] GC(197) PSYoungGen: 159456K(161792K)->1984K(154624K) Eden: 157696K(157696K)->0K(152576K) From: 1760K(4096K)->1984K(2048K)
[109.471s][info][gc,heap        ] GC(197) ParOldGen: 418997K(419328K)->419013K(419328K)
[109.471s][info][gc,metaspace   ] GC(197) Metaspace: 56116K(56448K)->56116K(56448K) NonClass: 50500K(50752K)->50500K(50752K) Class: 5616K(5696K)->5616K(5696K)
[109.471s][info][gc             ] GC(197) Pause Young (Allocation Failure) 564M->411M(560M) 4.218ms
[109.472s][info][gc,cpu         ] GC(197) User=0.01s Sys=0.00s Real=0.01s
[109.786s][info][gc,start       ] GC(198) Pause Young (Allocation Failure)
[109.791s][info][gc,heap        ] GC(198) PSYoungGen: 154478K(154624K)->2496K(185856K) Eden: 152494K(152576K)->0K(183296K) From: 1984K(2048K)->2496K(2560K)
[109.791s][info][gc,heap        ] GC(198) ParOldGen: 419013K(419328K)->419029K(419328K)
[109.791s][info][gc,metaspace   ] GC(198) Metaspace: 56116K(56448K)->56116K(56448K) NonClass: 50500K(50752K)->50500K(50752K) Class: 5616K(5696K)->5616K(5696K)
[109.791s][info][gc             ] GC(198) Pause Young (Allocation Failure) 560M->411M(591M) 5.325ms
[109.791s][info][gc,cpu         ] GC(198) User=0.01s Sys=0.00s Real=0.01s
[110.189s][info][gc,start       ] GC(199) Pause Young (Allocation Failure)
[110.196s][info][gc,heap        ] GC(199) PSYoungGen: 185766K(185856K)->1312K(221696K) Eden: 183270K(183296K)->0K(220160K) From: 2496K(2560K)->1312K(1536K)
[110.196s][info][gc,heap        ] GC(199) ParOldGen: 419029K(419328K)->419045K(419328K)
[110.196s][info][gc,metaspace   ] GC(199) Metaspace: 56116K(56448K)->56116K(56448K) NonClass: 50500K(50752K)->50500K(50752K) Class: 5616K(5696K)->5616K(5696K)
[110.196s][info][gc             ] GC(199) Pause Young (Allocation Failure) 590M->410M(626M) 6.929ms
[110.196s][info][gc,cpu         ] GC(199) User=0.01s Sys=0.00s Real=0.00s
[110.682s][info][gc,start       ] GC(200) Pause Young (Allocation Failure)
[110.688s][info][gc,heap        ] GC(200) PSYoungGen: 221472K(221696K)->2463K(266752K) Eden: 220160K(220160K)->0K(264192K) From: 1312K(1536K)->2463K(2560K)
[110.688s][info][gc,heap        ] GC(200) ParOldGen: 419045K(419328K)->419061K(419328K)
[110.688s][info][gc,metaspace   ] GC(200) Metaspace: 56116K(56448K)->56116K(56448K) NonClass: 50500K(50752K)->50500K(50752K) Class: 5616K(5696K)->5616K(5696K)
[110.688s][info][gc             ] GC(200) Pause Young (Allocation Failure) 625M->411M(670M) 5.644ms
[110.688s][info][gc,cpu         ] GC(200) User=0.00s Sys=0.00s Real=0.00s
[111.278s][info][gc,start       ] GC(201) Pause Young (Allocation Failure)
[111.283s][info][gc,heap        ] GC(201) PSYoungGen: 266655K(266752K)->2623K(290304K) Eden: 264192K(264192K)->0K(286720K) From: 2463K(2560K)->2623K(3584K)
[111.283s][info][gc,heap        ] GC(201) ParOldGen: 419061K(419328K)->419077K(419328K)
[111.283s][info][gc,metaspace   ] GC(201) Metaspace: 56116K(56448K)->56116K(56448K) NonClass: 50500K(50752K)->50500K(50752K) Class: 5616K(5696K)->5616K(5696K)
[111.283s][info][gc             ] GC(201) Pause Young (Allocation Failure) 669M->411M(693M) 4.671ms
[111.283s][info][gc,cpu         ] GC(201) User=0.00s Sys=0.00s Real=0.01s
[111.906s][info][gc,start       ] GC(202) Pause Young (Allocation Failure)
[111.909s][info][gc,heap        ] GC(202) PSYoungGen: 289343K(290304K)->64K(275968K) Eden: 286720K(286720K)->0K(275456K) From: 2623K(3584K)->64K(512K)
[111.909s][info][gc,heap        ] GC(202) ParOldGen: 419077K(419328K)->419093K(419328K)
[111.909s][info][gc,metaspace   ] GC(202) Metaspace: 56119K(56448K)->56119K(56448K) NonClass: 50502K(50752K)->50502K(50752K) Class: 5616K(5696K)->5616K(5696K)
[111.909s][info][gc             ] GC(202) Pause Young (Allocation Failure) 691M->409M(679M) 2.218ms
[111.909s][info][gc,cpu         ] GC(202) User=0.01s Sys=0.00s Real=0.00s
[114.747s][info][gc,start       ] GC(203) Pause Young (Allocation Failure)
[114.811s][info][gc,heap        ] GC(203) PSYoungGen: 275520K(275968K)->4087K(253952K) Eden: 275456K(275456K)->0K(249856K) From: 64K(512K)->4087K(4096K)
[114.811s][info][gc,heap        ] GC(203) ParOldGen: 419093K(419328K)->506790K(507392K)
[114.811s][info][gc,metaspace   ] GC(203) Metaspace: 56393K(56704K)->56393K(56704K) NonClass: 50775K(51008K)->50775K(51008K) Class: 5617K(5696K)->5617K(5696K)
[114.811s][info][gc             ] GC(203) Pause Young (Allocation Failure) 678M->498M(743M) 63.659ms
[114.811s][info][gc,cpu         ] GC(203) User=0.07s Sys=0.06s Real=0.07s
[115.255s][info][gc,start       ] GC(204) Pause Young (Allocation Failure)
[115.271s][info][gc,heap        ] GC(204) PSYoungGen: 253943K(253952K)->12228K(287232K) Eden: 249856K(249856K)->0K(249856K) From: 4087K(4096K)->12228K(37376K)
[115.271s][info][gc,heap        ] GC(204) ParOldGen: 506790K(507392K)->510543K(510976K)
[115.271s][info][gc,metaspace   ] GC(204) Metaspace: 56393K(56704K)->56393K(56704K) NonClass: 50775K(51008K)->50775K(51008K) Class: 5617K(5696K)->5617K(5696K)
[115.271s][info][gc             ] GC(204) Pause Young (Allocation Failure) 742M->510M(779M) 16.000ms
[115.271s][info][gc,cpu         ] GC(204) User=0.03s Sys=0.01s Real=0.02s
[115.785s][info][gc,start       ] GC(205) Pause Young (Allocation Failure)
[115.800s][info][gc,heap        ] GC(205) PSYoungGen: 262084K(287232K)->2400K(292352K) Eden: 249856K(249856K)->0K(261120K) From: 12228K(37376K)->2400K(31232K)
[115.800s][info][gc,heap        ] GC(205) ParOldGen: 510543K(510976K)->521418K(521728K)
[115.800s][info][gc,metaspace   ] GC(205) Metaspace: 56393K(56704K)->56393K(56704K) NonClass: 50775K(51008K)->50775K(51008K) Class: 5617K(5696K)->5617K(5696K)
[115.800s][info][gc             ] GC(205) Pause Young (Allocation Failure) 754M->511M(795M) 14.717ms
[115.800s][info][gc,cpu         ] GC(205) User=0.02s Sys=0.00s Real=0.02s
[116.373s][info][gc,start       ] GC(206) Pause Young (Allocation Failure)
[116.378s][info][gc,heap        ] GC(206) PSYoungGen: 263520K(292352K)->2783K(295424K) Eden: 261120K(261120K)->0K(261120K) From: 2400K(31232K)->2783K(34304K)
[116.378s][info][gc,heap        ] GC(206) ParOldGen: 521418K(521728K)->521434K(521728K)
[116.378s][info][gc,metaspace   ] GC(206) Metaspace: 56393K(56704K)->56393K(56704K) NonClass: 50775K(51008K)->50775K(51008K) Class: 5617K(5696K)->5617K(5696K)
[116.378s][info][gc             ] GC(206) Pause Young (Allocation Failure) 766M->511M(798M) 5.014ms
[116.378s][info][gc,cpu         ] GC(206) User=0.01s Sys=0.00s Real=0.00s
[116.967s][info][gc,start       ] GC(207) Pause Young (Allocation Failure)
[116.972s][info][gc,heap        ] GC(207) PSYoungGen: 263903K(295424K)->2175K(295936K) Eden: 261120K(261120K)->0K(266752K) From: 2783K(34304K)->2175K(29184K)
[116.972s][info][gc,heap        ] GC(207) ParOldGen: 521434K(521728K)->521450K(521728K)
[116.972s][info][gc,metaspace   ] GC(207) Metaspace: 56393K(56704K)->56393K(56704K) NonClass: 50775K(51008K)->50775K(51008K) Class: 5617K(5696K)->5617K(5696K)
[116.972s][info][gc             ] GC(207) Pause Young (Allocation Failure) 766M->511M(798M) 5.095ms
[116.972s][info][gc,cpu         ] GC(207) User=0.01s Sys=0.00s Real=0.01s
[117.571s][info][gc,start       ] GC(208) Pause Young (Allocation Failure)
[117.575s][info][gc,heap        ] GC(208) PSYoungGen: 268927K(295936K)->2527K(298496K) Eden: 266752K(266752K)->0K(266752K) From: 2175K(29184K)->2527K(31744K)
[117.575s][info][gc,heap        ] GC(208) ParOldGen: 521450K(521728K)->521466K(521728K)
[117.575s][info][gc,metaspace   ] GC(208) Metaspace: 56393K(56704K)->56393K(56704K) NonClass: 50775K(51008K)->50775K(51008K) Class: 5617K(5696K)->5617K(5696K)
[117.575s][info][gc             ] GC(208) Pause Young (Allocation Failure) 771M->511M(801M) 4.618ms
[117.575s][info][gc,cpu         ] GC(208) User=0.01s Sys=0.00s Real=0.00s
[118.167s][info][gc,start       ] GC(209) Pause Young (Allocation Failure)
[118.173s][info][gc,heap        ] GC(209) PSYoungGen: 269279K(298496K)->2783K(297984K) Eden: 266752K(266752K)->0K(271360K) From: 2527K(31744K)->2783K(26624K)
[118.173s][info][gc,heap        ] GC(209) ParOldGen: 521466K(521728K)->521482K(521728K)
[118.173s][info][gc,metaspace   ] GC(209) Metaspace: 56393K(56704K)->56393K(56704K) NonClass: 50775K(51008K)->50775K(51008K) Class: 5617K(5696K)->5617K(5696K)
[118.173s][info][gc             ] GC(209) Pause Young (Allocation Failure) 772M->511M(800M) 6.021ms
[118.173s][info][gc,cpu         ] GC(209) User=0.01s Sys=0.01s Real=0.01s
[118.771s][info][gc,start       ] GC(210) Pause Young (Allocation Failure)
[118.777s][info][gc,heap        ] GC(210) PSYoungGen: 274143K(297984K)->3423K(300544K) Eden: 271360K(271360K)->0K(271360K) From: 2783K(26624K)->3423K(29184K)
[118.777s][info][gc,heap        ] GC(210) ParOldGen: 521482K(521728K)->521498K(521728K)
[118.777s][info][gc,metaspace   ] GC(210) Metaspace: 56393K(56704K)->56393K(56704K) NonClass: 50775K(51008K)->50775K(51008K) Class: 5617K(5696K)->5617K(5696K)
[118.777s][info][gc             ] GC(210) Pause Young (Allocation Failure) 776M->512M(803M) 5.735ms
[118.777s][info][gc,cpu         ] GC(210) User=0.02s Sys=0.00s Real=0.00s
[119.379s][info][gc,start       ] GC(211) Pause Young (Allocation Failure)
[119.385s][info][gc,heap        ] GC(211) PSYoungGen: 274783K(300544K)->2592K(301568K) Eden: 271360K(271360K)->0K(276992K) From: 3423K(29184K)->2592K(24576K)
[119.385s][info][gc,heap        ] GC(211) ParOldGen: 521498K(521728K)->521514K(521728K)
[119.385s][info][gc,metaspace   ] GC(211) Metaspace: 56393K(56704K)->56393K(56704K) NonClass: 50775K(51008K)->50775K(51008K) Class: 5617K(5696K)->5617K(5696K)
[119.385s][info][gc             ] GC(211) Pause Young (Allocation Failure) 777M->511M(804M) 5.985ms
[119.385s][info][gc,cpu         ] GC(211) User=0.00s Sys=0.01s Real=0.00s
[119.985s][info][gc,start       ] GC(212) Pause Young (Allocation Failure)
[119.988s][info][gc,heap        ] GC(212) PSYoungGen: 279584K(301568K)->1663K(268288K) Eden: 276992K(276992K)->0K(266240K) From: 2592K(24576K)->1663K(2048K)
[119.988s][info][gc,heap        ] GC(212) ParOldGen: 521514K(521728K)->521530K(521728K)
[119.988s][info][gc,metaspace   ] GC(212) Metaspace: 56393K(56704K)->56393K(56704K) NonClass: 50775K(51008K)->50775K(51008K) Class: 5617K(5696K)->5617K(5696K)
[119.988s][info][gc             ] GC(212) Pause Young (Allocation Failure) 782M->510M(771M) 3.720ms
[119.988s][info][gc,cpu         ] GC(212) User=0.01s Sys=0.00s Real=0.00s
[120.583s][info][gc,start       ] GC(213) Pause Young (Allocation Failure)
[120.588s][info][gc,heap        ] GC(213) PSYoungGen: 267903K(268288K)->2271K(268288K) Eden: 266240K(266240K)->0K(256000K) From: 1663K(2048K)->2271K(12288K)
[120.588s][info][gc,heap        ] GC(213) ParOldGen: 521530K(521728K)->521546K(521728K)
[120.588s][info][gc,metaspace   ] GC(213) Metaspace: 56393K(56704K)->56393K(56704K) NonClass: 50775K(51008K)->50775K(51008K) Class: 5617K(5696K)->5617K(5696K)
[120.588s][info][gc             ] GC(213) Pause Young (Allocation Failure) 770M->511M(771M) 5.595ms
[120.588s][info][gc,cpu         ] GC(213) User=0.01s Sys=0.00s Real=0.00s
[121.169s][info][gc,start       ] GC(214) Pause Young (Allocation Failure)
[121.174s][info][gc,heap        ] GC(214) PSYoungGen: 258271K(268288K)->2559K(248832K) Eden: 256000K(256000K)->0K(246272K) From: 2271K(12288K)->2559K(2560K)
[121.174s][info][gc,heap        ] GC(214) ParOldGen: 521546K(521728K)->521562K(521728K)
[121.174s][info][gc,metaspace   ] GC(214) Metaspace: 56393K(56704K)->56393K(56704K) NonClass: 50775K(51008K)->50775K(51008K) Class: 5617K(5696K)->5617K(5696K)
[121.174s][info][gc             ] GC(214) Pause Young (Allocation Failure) 761M->511M(752M) 5.121ms
[121.174s][info][gc,cpu         ] GC(214) User=0.01s Sys=0.01s Real=0.00s
[121.798s][info][gc,start       ] GC(215) Pause Young (Allocation Failure)
[121.801s][info][gc,heap        ] GC(215) PSYoungGen: 248831K(248832K)->480K(248832K) Eden: 246272K(246272K)->0K(237056K) From: 2559K(2560K)->480K(11776K)
[121.801s][info][gc,heap        ] GC(215) ParOldGen: 521562K(521728K)->521578K(521728K)
[121.801s][info][gc,metaspace   ] GC(215) Metaspace: 56393K(56704K)->56393K(56704K) NonClass: 50775K(51008K)->50775K(51008K) Class: 5617K(5696K)->5617K(5696K)
[121.802s][info][gc             ] GC(215) Pause Young (Allocation Failure) 752M->509M(752M) 3.368ms
[121.802s][info][gc,cpu         ] GC(215) User=0.01s Sys=0.00s Real=0.01s
[122.263s][info][gc,start       ] GC(216) Pause Young (Allocation Failure)
[122.268s][info][gc,heap        ] GC(216) PSYoungGen: 237536K(248832K)->1791K(229888K) Eden: 237056K(237056K)->0K(227840K) From: 480K(11776K)->1791K(2048K)
[122.268s][info][gc,heap        ] GC(216) ParOldGen: 521578K(521728K)->521594K(521728K)
[122.268s][info][gc,metaspace   ] GC(216) Metaspace: 56393K(56704K)->56393K(56704K) NonClass: 50775K(51008K)->50775K(51008K) Class: 5617K(5696K)->5617K(5696K)
[122.268s][info][gc             ] GC(216) Pause Young (Allocation Failure) 741M->511M(734M) 4.637ms
[122.268s][info][gc,cpu         ] GC(216) User=0.00s Sys=0.00s Real=0.00s
[122.771s][info][gc,start       ] GC(217) Pause Young (Allocation Failure)
[122.777s][info][gc,heap        ] GC(217) PSYoungGen: 229631K(229888K)->2559K(228352K) Eden: 227840K(227840K)->0K(219136K) From: 1791K(2048K)->2559K(9216K)
[122.777s][info][gc,heap        ] GC(217) ParOldGen: 521594K(521728K)->521610K(521728K)
[122.777s][info][gc,metaspace   ] GC(217) Metaspace: 56393K(56704K)->56393K(56704K) NonClass: 50775K(51008K)->50775K(51008K) Class: 5617K(5696K)->5617K(5696K)
[122.777s][info][gc             ] GC(217) Pause Young (Allocation Failure) 733M->511M(732M) 5.534ms
[122.777s][info][gc,cpu         ] GC(217) User=0.01s Sys=0.00s Real=0.00s
[123.267s][info][gc,start       ] GC(218) Pause Young (Allocation Failure)
[123.272s][info][gc,heap        ] GC(218) PSYoungGen: 221560K(228352K)->1952K(212992K) Eden: 219001K(219136K)->0K(210944K) From: 2559K(9216K)->1952K(2048K)
[123.272s][info][gc,heap        ] GC(218) ParOldGen: 521610K(521728K)->521626K(521728K)
[123.272s][info][gc,metaspace   ] GC(218) Metaspace: 56393K(56704K)->56393K(56704K) NonClass: 50775K(51008K)->50775K(51008K) Class: 5617K(5696K)->5617K(5696K)
[123.272s][info][gc             ] GC(218) Pause Young (Allocation Failure) 725M->511M(717M) 4.751ms
[123.272s][info][gc,cpu         ] GC(218) User=0.00s Sys=0.00s Real=0.01s
[123.751s][info][gc,start       ] GC(219) Pause Young (Allocation Failure)
[123.754s][info][gc,heap        ] GC(219) PSYoungGen: 212896K(212992K)->831K(211456K) Eden: 210944K(210944K)->0K(203264K) From: 1952K(2048K)->831K(8192K)
[123.754s][info][gc,heap        ] GC(219) ParOldGen: 521626K(521728K)->521642K(521728K)
[123.754s][info][gc,metaspace   ] GC(219) Metaspace: 56393K(56704K)->56393K(56704K) NonClass: 50775K(51008K)->50775K(51008K) Class: 5617K(5696K)->5617K(5696K)
[123.754s][info][gc             ] GC(219) Pause Young (Allocation Failure) 717M->510M(716M) 3.275ms
[123.754s][info][gc,cpu         ] GC(219) User=0.00s Sys=0.00s Real=0.00s
[124.175s][info][gc,start       ] GC(220) Pause Young (Allocation Failure)
[124.180s][info][gc,heap        ] GC(220) PSYoungGen: 204095K(211456K)->2943K(198656K) Eden: 203264K(203264K)->0K(195584K) From: 831K(8192K)->2943K(3072K)
[124.180s][info][gc,heap        ] GC(220) ParOldGen: 521642K(521728K)->521658K(521728K)
[124.180s][info][gc,metaspace   ] GC(220) Metaspace: 56393K(56704K)->56393K(56704K) NonClass: 50775K(51008K)->50775K(51008K) Class: 5617K(5696K)->5617K(5696K)
[124.180s][info][gc             ] GC(220) Pause Young (Allocation Failure) 708M->512M(703M) 5.499ms
[124.180s][info][gc,cpu         ] GC(220) User=0.01s Sys=0.00s Real=0.01s
[124.657s][info][gc,start       ] GC(221) Pause Young (Allocation Failure)
[124.661s][info][gc,heap        ] GC(221) PSYoungGen: 198527K(198656K)->1248K(193536K) Eden: 195584K(195584K)->0K(188416K) From: 2943K(3072K)->1248K(5120K)
[124.661s][info][gc,heap        ] GC(221) ParOldGen: 521658K(521728K)->521674K(521728K)
[124.661s][info][gc,metaspace   ] GC(221) Metaspace: 56393K(56704K)->56393K(56704K) NonClass: 50775K(51008K)->50775K(51008K) Class: 5617K(5696K)->5617K(5696K)
[124.661s][info][gc             ] GC(221) Pause Young (Allocation Failure) 703M->510M(698M) 4.176ms
[124.661s][info][gc,cpu         ] GC(221) User=0.00s Sys=0.00s Real=0.01s
[125.067s][info][gc,start       ] GC(222) Pause Young (Allocation Failure)
[125.072s][info][gc,heap        ] GC(222) PSYoungGen: 189664K(193536K)->2431K(184320K) Eden: 188416K(188416K)->0K(181760K) From: 1248K(5120K)->2431K(2560K)
[125.072s][info][gc,heap        ] GC(222) ParOldGen: 521674K(521728K)->521690K(521728K)
[125.072s][info][gc,metaspace   ] GC(222) Metaspace: 56393K(56704K)->56393K(56704K) NonClass: 50775K(51008K)->50775K(51008K) Class: 5617K(5696K)->5617K(5696K)
[125.072s][info][gc             ] GC(222) Pause Young (Allocation Failure) 694M->511M(689M) 4.761ms
[125.072s][info][gc,cpu         ] GC(222) User=0.01s Sys=0.00s Real=0.01s
[125.473s][info][gc,start       ] GC(223) Pause Young (Allocation Failure)
[125.478s][info][gc,heap        ] GC(223) PSYoungGen: 184169K(184320K)->2528K(177664K) Eden: 181737K(181760K)->0K(175104K) From: 2431K(2560K)->2528K(2560K)
[125.478s][info][gc,heap        ] GC(223) ParOldGen: 521690K(521728K)->521706K(521728K)
[125.478s][info][gc,metaspace   ] GC(223) Metaspace: 56393K(56704K)->56393K(56704K) NonClass: 50775K(51008K)->50775K(51008K) Class: 5617K(5696K)->5617K(5696K)
[125.478s][info][gc             ] GC(223) Pause Young (Allocation Failure) 689M->511M(683M) 5.660ms
[125.478s][info][gc,cpu         ] GC(223) User=0.01s Sys=0.00s Real=0.00s
[125.913s][info][gc,start       ] GC(224) Pause Young (Allocation Failure)
[125.917s][info][gc,heap        ] GC(224) PSYoungGen: 177632K(177664K)->1664K(171008K) Eden: 175104K(175104K)->0K(168960K) From: 2528K(2560K)->1664K(2048K)
[125.917s][info][gc,heap        ] GC(224) ParOldGen: 521706K(521728K)->521722K(521728K)
[125.917s][info][gc,metaspace   ] GC(224) Metaspace: 56393K(56704K)->56393K(56704K) NonClass: 50775K(51008K)->50775K(51008K) Class: 5617K(5696K)->5617K(5696K)
[125.917s][info][gc             ] GC(224) Pause Young (Allocation Failure) 682M->511M(676M) 4.041ms
[125.917s][info][gc,cpu         ] GC(224) User=0.01s Sys=0.00s Real=0.00s
[126.259s][info][gc,start       ] GC(225) Pause Young (Allocation Failure)
[126.263s][info][gc,heap        ] GC(225) PSYoungGen: 170624K(171008K)->1823K(165376K) Eden: 168960K(168960K)->0K(163328K) From: 1664K(2048K)->1823K(2048K)
[126.263s][info][gc,heap        ] GC(225) ParOldGen: 521722K(521728K)->521738K(522240K)
[126.263s][info][gc,metaspace   ] GC(225) Metaspace: 56397K(56704K)->56397K(56704K) NonClass: 50780K(51008K)->50780K(51008K) Class: 5617K(5696K)->5617K(5696K)
[126.263s][info][gc             ] GC(225) Pause Young (Allocation Failure) 676M->511M(671M) 4.406ms
[126.263s][info][gc,cpu         ] GC(225) User=0.01s Sys=0.00s Real=0.01s
[126.594s][info][gc,start       ] GC(226) Pause Young (Allocation Failure)
[126.597s][info][gc,heap        ] GC(226) PSYoungGen: 165151K(165376K)->1151K(159232K) Eden: 163328K(163328K)->0K(157696K) From: 1823K(2048K)->1151K(1536K)
[126.597s][info][gc,heap        ] GC(226) ParOldGen: 521738K(522240K)->521754K(522240K)
[126.597s][info][gc,metaspace   ] GC(226) Metaspace: 56402K(56704K)->56402K(56704K) NonClass: 50784K(51008K)->50784K(51008K) Class: 5617K(5696K)->5617K(5696K)
[126.597s][info][gc             ] GC(226) Pause Young (Allocation Failure) 670M->510M(665M) 3.069ms
[126.597s][info][gc,cpu         ] GC(226) User=0.00s Sys=0.00s Real=0.00s
[126.972s][info][gc,start       ] GC(227) Pause Young (Allocation Failure)
[126.977s][info][gc,heap        ] GC(227) PSYoungGen: 158835K(159232K)->2368K(155136K) Eden: 157684K(157696K)->0K(152576K) From: 1151K(1536K)->2368K(2560K)
[126.977s][info][gc,heap        ] GC(227) ParOldGen: 521754K(522240K)->521770K(522240K)
[126.977s][info][gc,metaspace   ] GC(227) Metaspace: 56402K(56704K)->56402K(56704K) NonClass: 50784K(51008K)->50784K(51008K) Class: 5617K(5696K)->5617K(5696K)
[126.977s][info][gc             ] GC(227) Pause Young (Allocation Failure) 664M->511M(661M) 5.292ms
[126.977s][info][gc,cpu         ] GC(227) User=0.01s Sys=0.00s Real=0.00s
[127.292s][info][gc,start       ] GC(228) Pause Young (Allocation Failure)
[127.296s][info][gc,heap        ] GC(228) PSYoungGen: 154896K(155136K)->1120K(148992K) Eden: 152528K(152576K)->0K(147456K) From: 2368K(2560K)->1120K(1536K)
[127.296s][info][gc,heap        ] GC(228) ParOldGen: 521770K(522240K)->521786K(522240K)
[127.296s][info][gc,metaspace   ] GC(228) Metaspace: 56402K(56704K)->56402K(56704K) NonClass: 50784K(51008K)->50784K(51008K) Class: 5617K(5696K)->5617K(5696K)
[127.296s][info][gc             ] GC(228) Pause Young (Allocation Failure) 660M->510M(655M) 3.422ms
[127.296s][info][gc,cpu         ] GC(228) User=0.01s Sys=0.00s Real=0.00s
[127.656s][info][gc,start       ] GC(229) Pause Young (Allocation Failure)
[127.660s][info][gc,heap        ] GC(229) PSYoungGen: 148576K(148992K)->1204K(144384K) Eden: 147456K(147456K)->0K(142848K) From: 1120K(1536K)->1204K(1536K)
[127.660s][info][gc,heap        ] GC(229) ParOldGen: 521786K(522240K)->521802K(522240K)
[127.660s][info][gc,metaspace   ] GC(229) Metaspace: 56402K(56704K)->56402K(56704K) NonClass: 50784K(51008K)->50784K(51008K) Class: 5617K(5696K)->5617K(5696K)
[127.660s][info][gc             ] GC(229) Pause Young (Allocation Failure) 654M->510M(651M) 4.133ms
[127.660s][info][gc,cpu         ] GC(229) User=0.01s Sys=0.00s Real=0.01s
[127.977s][info][gc,start       ] GC(230) Pause Young (Allocation Failure)
[127.997s][info][gc,heap        ] GC(230) PSYoungGen: 144052K(144384K)->1407K(159232K) Eden: 142848K(142848K)->0K(149504K) From: 1204K(1536K)->1407K(9728K)
[127.997s][info][gc,heap        ] GC(230) ParOldGen: 521802K(522240K)->521818K(522240K)
[127.997s][info][gc,metaspace   ] GC(230) Metaspace: 56402K(56704K)->56402K(56704K) NonClass: 50784K(51008K)->50784K(51008K) Class: 5617K(5696K)->5617K(5696K)
[127.997s][info][gc             ] GC(230) Pause Young (Allocation Failure) 650M->510M(665M) 20.074ms
[127.997s][info][gc,cpu         ] GC(230) User=0.01s Sys=0.00s Real=0.02s
[128.278s][info][gc,start       ] GC(231) Pause Young (Allocation Failure)
[128.285s][info][gc,heap        ] GC(231) PSYoungGen: 150870K(159232K)->2752K(181248K) Eden: 149463K(149504K)->0K(172032K) From: 1407K(9728K)->2752K(9216K)
[128.285s][info][gc,heap        ] GC(231) ParOldGen: 521818K(522240K)->521834K(522240K)
[128.285s][info][gc,metaspace   ] GC(231) Metaspace: 56402K(56704K)->56402K(56704K) NonClass: 50784K(51008K)->50784K(51008K) Class: 5617K(5696K)->5617K(5696K)
[128.285s][info][gc             ] GC(231) Pause Young (Allocation Failure) 656M->512M(687M) 6.592ms
[128.285s][info][gc,cpu         ] GC(231) User=0.01s Sys=0.00s Real=0.01s
[128.671s][info][gc,start       ] GC(232) Pause Young (Allocation Failure)
[128.678s][info][gc,heap        ] GC(232) PSYoungGen: 174784K(181248K)->2816K(180736K) Eden: 172032K(172032K)->0K(172032K) From: 2752K(9216K)->2816K(8704K)
[128.678s][info][gc,heap        ] GC(232) ParOldGen: 521834K(522240K)->521850K(522240K)
[128.678s][info][gc,metaspace   ] GC(232) Metaspace: 56402K(56704K)->56402K(56704K) NonClass: 50784K(51008K)->50784K(51008K) Class: 5617K(5696K)->5617K(5696K)
[128.678s][info][gc             ] GC(232) Pause Young (Allocation Failure) 680M->512M(686M) 6.740ms
[128.678s][info][gc,cpu         ] GC(232) User=0.01s Sys=0.00s Real=0.00s
[129.065s][info][gc,start       ] GC(233) Pause Young (Allocation Failure)
[129.071s][info][gc,heap        ] GC(233) PSYoungGen: 174848K(180736K)->2304K(214016K) Eden: 172032K(172032K)->0K(206848K) From: 2816K(8704K)->2304K(7168K)
[129.071s][info][gc,heap        ] GC(233) ParOldGen: 521850K(522240K)->521866K(522240K)
[129.071s][info][gc,metaspace   ] GC(233) Metaspace: 56402K(56704K)->56402K(56704K) NonClass: 50784K(51008K)->50784K(51008K) Class: 5617K(5696K)->5617K(5696K)
[129.071s][info][gc             ] GC(233) Pause Young (Allocation Failure) 680M->511M(719M) 5.766ms
[129.071s][info][gc,cpu         ] GC(233) User=0.01s Sys=0.00s Real=0.01s
[129.557s][info][gc,start       ] GC(234) Pause Young (Allocation Failure)
[129.561s][info][gc,heap        ] GC(234) PSYoungGen: 209152K(214016K)->1441K(214528K) Eden: 206848K(206848K)->0K(206848K) From: 2304K(7168K)->1441K(7680K)
[129.561s][info][gc,heap        ] GC(234) ParOldGen: 521866K(522240K)->521882K(522240K)
[129.561s][info][gc,metaspace   ] GC(234) Metaspace: 56402K(56704K)->56402K(56704K) NonClass: 50784K(51008K)->50784K(51008K) Class: 5617K(5696K)->5617K(5696K)
[129.561s][info][gc             ] GC(234) Pause Young (Allocation Failure) 713M->511M(719M) 3.601ms
[129.561s][info][gc,cpu         ] GC(234) User=0.01s Sys=0.00s Real=0.01s
[130.043s][info][gc,start       ] GC(235) Pause Young (Allocation Failure)
[130.047s][info][gc,heap        ] GC(235) PSYoungGen: 208289K(214528K)->1822K(254976K) Eden: 206848K(206848K)->0K(248320K) From: 1441K(7680K)->1822K(6656K)
[130.047s][info][gc,heap        ] GC(235) ParOldGen: 521882K(522240K)->521898K(522240K)
[130.047s][info][gc,metaspace   ] GC(235) Metaspace: 56402K(56704K)->56402K(56704K) NonClass: 50784K(51008K)->50784K(51008K) Class: 5617K(5696K)->5617K(5696K)
[130.047s][info][gc             ] GC(235) Pause Young (Allocation Failure) 713M->511M(759M) 4.113ms
[130.047s][info][gc,cpu         ] GC(235) User=0.01s Sys=0.01s Real=0.00s
[130.571s][info][gc,start       ] GC(236) Pause Young (Allocation Failure)
[130.575s][info][gc,heap        ] GC(236) PSYoungGen: 250142K(254976K)->2270K(255488K) Eden: 248320K(248320K)->0K(248320K) From: 1822K(6656K)->2270K(7168K)
[130.575s][info][gc,heap        ] GC(236) ParOldGen: 521898K(522240K)->521914K(522240K)
[130.575s][info][gc,metaspace   ] GC(236) Metaspace: 56402K(56704K)->56402K(56704K) NonClass: 50784K(51008K)->50784K(51008K) Class: 5617K(5696K)->5617K(5696K)
[130.575s][info][gc             ] GC(236) Pause Young (Allocation Failure) 753M->511M(759M) 4.602ms
[130.575s][info][gc,cpu         ] GC(236) User=0.01s Sys=0.00s Real=0.00s
[131.168s][info][gc,start       ] GC(237) Pause Young (Allocation Failure)
[131.188s][info][gc,heap        ] GC(237) PSYoungGen: 250590K(255488K)->960K(304640K) Eden: 248320K(248320K)->0K(297984K) From: 2270K(7168K)->960K(6656K)
[131.188s][info][gc,heap        ] GC(237) ParOldGen: 521914K(522240K)->521930K(522240K)
[131.188s][info][gc,metaspace   ] GC(237) Metaspace: 56402K(56704K)->56402K(56704K) NonClass: 50784K(51008K)->50784K(51008K) Class: 5617K(5696K)->5617K(5696K)
[131.188s][info][gc             ] GC(237) Pause Young (Allocation Failure) 754M->510M(807M) 19.296ms
[131.188s][info][gc,cpu         ] GC(237) User=0.02s Sys=0.01s Real=0.02s
[131.781s][info][gc,start       ] GC(238) Pause Young (Allocation Failure)
[131.786s][info][gc,heap        ] GC(238) PSYoungGen: 298944K(304640K)->2558K(304640K) Eden: 297984K(297984K)->0K(297984K) From: 960K(6656K)->2558K(6656K)
[131.786s][info][gc,heap        ] GC(238) ParOldGen: 521930K(522240K)->521946K(522240K)
[131.786s][info][gc,metaspace   ] GC(238) Metaspace: 56402K(56704K)->56402K(56704K) NonClass: 50784K(51008K)->50784K(51008K) Class: 5617K(5696K)->5617K(5696K)
[131.786s][info][gc             ] GC(238) Pause Young (Allocation Failure) 801M->512M(807M) 5.792ms
[131.786s][info][gc,cpu         ] GC(238) User=0.01s Sys=0.00s Real=0.00s
[132.460s][info][gc,start       ] GC(239) Pause Young (Allocation Failure)
[132.465s][info][gc,heap        ] GC(239) PSYoungGen: 300542K(304640K)->2238K(326656K) Eden: 297984K(297984K)->0K(321024K) From: 2558K(6656K)->2238K(5632K)
[132.465s][info][gc,heap        ] GC(239) ParOldGen: 521946K(522240K)->521962K(522240K)
[132.465s][info][gc,metaspace   ] GC(239) Metaspace: 56402K(56704K)->56402K(56704K) NonClass: 50784K(51008K)->50784K(51008K) Class: 5617K(5696K)->5617K(5696K)
[132.465s][info][gc             ] GC(239) Pause Young (Allocation Failure) 803M->511M(829M) 4.834ms
[132.465s][info][gc,cpu         ] GC(239) User=0.01s Sys=0.00s Real=0.00s
[133.174s][info][gc,start       ] GC(240) Pause Young (Allocation Failure)
[133.178s][info][gc,heap        ] GC(240) PSYoungGen: 323262K(326656K)->2270K(326656K) Eden: 321024K(321024K)->0K(321024K) From: 2238K(5632K)->2270K(5632K)
[133.178s][info][gc,heap        ] GC(240) ParOldGen: 521962K(522240K)->521978K(522240K)
[133.178s][info][gc,metaspace   ] GC(240) Metaspace: 56402K(56704K)->56402K(56704K) NonClass: 50784K(51008K)->50784K(51008K) Class: 5617K(5696K)->5617K(5696K)
[133.178s][info][gc             ] GC(240) Pause Young (Allocation Failure) 825M->511M(829M) 4.848ms
[133.178s][info][gc,cpu         ] GC(240) User=0.00s Sys=0.00s Real=0.00s
[133.974s][info][gc,start       ] GC(241) Pause Young (Allocation Failure)
[133.980s][info][gc,heap        ] GC(241) PSYoungGen: 323294K(326656K)->2815K(328192K) Eden: 321024K(321024K)->0K(322560K) From: 2270K(5632K)->2815K(5632K)
[133.980s][info][gc,heap        ] GC(241) ParOldGen: 521978K(522240K)->521994K(522240K)
[133.980s][info][gc,metaspace   ] GC(241) Metaspace: 56402K(56704K)->56402K(56704K) NonClass: 50784K(51008K)->50784K(51008K) Class: 5617K(5696K)->5617K(5696K)
[133.980s][info][gc             ] GC(241) Pause Young (Allocation Failure) 825M->512M(830M) 5.878ms
[133.980s][info][gc,cpu         ] GC(241) User=0.01s Sys=0.00s Real=0.01s
[134.707s][info][gc,start       ] GC(242) Pause Young (Allocation Failure)
[134.710s][info][gc,heap        ] GC(242) PSYoungGen: 325375K(328192K)->767K(310272K) Eden: 322560K(322560K)->0K(309248K) From: 2815K(5632K)->767K(1024K)
[134.710s][info][gc,heap        ] GC(242) ParOldGen: 521994K(522240K)->522010K(522240K)
[134.710s][info][gc,metaspace   ] GC(242) Metaspace: 56402K(56704K)->56402K(56704K) NonClass: 50784K(51008K)->50784K(51008K) Class: 5617K(5696K)->5617K(5696K)
[134.710s][info][gc             ] GC(242) Pause Young (Allocation Failure) 827M->510M(813M) 2.910ms
[134.710s][info][gc,cpu         ] GC(242) User=0.01s Sys=0.00s Real=0.01s
[135.390s][info][gc,start       ] GC(243) Pause Young (Allocation Failure)
[135.394s][info][gc,heap        ] GC(243) PSYoungGen: 309971K(310272K)->992K(297984K) Eden: 309203K(309248K)->0K(296960K) From: 767K(1024K)->992K(1024K)
[135.394s][info][gc,heap        ] GC(243) ParOldGen: 522010K(522240K)->522026K(522240K)
[135.394s][info][gc,metaspace   ] GC(243) Metaspace: 56402K(56704K)->56402K(56704K) NonClass: 50784K(51008K)->50784K(51008K) Class: 5617K(5696K)->5617K(5696K)
[135.394s][info][gc             ] GC(243) Pause Young (Allocation Failure) 812M->510M(801M) 3.895ms
[135.394s][info][gc,cpu         ] GC(243) User=0.01s Sys=0.00s Real=0.00s
[136.071s][info][gc,start       ] GC(244) Pause Young (Allocation Failure)
[136.077s][info][gc,heap        ] GC(244) PSYoungGen: 297952K(297984K)->3359K(288768K) Eden: 296960K(296960K)->0K(285184K) From: 992K(1024K)->3359K(3584K)
[136.077s][info][gc,heap        ] GC(244) ParOldGen: 522026K(522240K)->522042K(522240K)
[136.077s][info][gc,metaspace   ] GC(244) Metaspace: 56402K(56704K)->56402K(56704K) NonClass: 50784K(51008K)->50784K(51008K) Class: 5617K(5696K)->5617K(5696K)
[136.077s][info][gc             ] GC(244) Pause Young (Allocation Failure) 800M->513M(792M) 5.663ms
[136.077s][info][gc,cpu         ] GC(244) User=0.01s Sys=0.00s Real=0.00s
[136.749s][info][gc,start       ] GC(245) Pause Young (Allocation Failure)
[136.752s][info][gc,heap        ] GC(245) PSYoungGen: 288543K(288768K)->467K(274432K) Eden: 285184K(285184K)->0K(273920K) From: 3359K(3584K)->467K(512K)
[136.752s][info][gc,heap        ] GC(245) ParOldGen: 522042K(522240K)->522058K(522240K)
[136.752s][info][gc,metaspace   ] GC(245) Metaspace: 56402K(56704K)->56402K(56704K) NonClass: 50784K(51008K)->50784K(51008K) Class: 5617K(5696K)->5617K(5696K)
[136.752s][info][gc             ] GC(245) Pause Young (Allocation Failure) 791M->510M(778M) 3.002ms
[136.752s][info][gc,cpu         ] GC(245) User=0.00s Sys=0.00s Real=0.01s
[137.354s][info][gc,start       ] GC(246) Pause Young (Allocation Failure)
[137.357s][info][gc,heap        ] GC(246) PSYoungGen: 274387K(274432K)->960K(268800K) Eden: 273920K(273920K)->0K(263168K) From: 467K(512K)->960K(5632K)
[137.357s][info][gc,heap        ] GC(246) ParOldGen: 522058K(522240K)->522074K(522240K)
[137.357s][info][gc,metaspace   ] GC(246) Metaspace: 56402K(56704K)->56402K(56704K) NonClass: 50784K(51008K)->50784K(51008K) Class: 5617K(5696K)->5617K(5696K)
[137.357s][info][gc             ] GC(246) Pause Young (Allocation Failure) 777M->510M(772M) 3.091ms
[137.357s][info][gc,cpu         ] GC(246) User=0.00s Sys=0.00s Real=0.00s
[137.951s][info][gc,start       ] GC(247) Pause Young (Allocation Failure)
[137.954s][info][gc,heap        ] GC(247) PSYoungGen: 264128K(268800K)->776K(253952K) Eden: 263168K(263168K)->0K(252928K) From: 960K(5632K)->776K(1024K)
[137.954s][info][gc,heap        ] GC(247) ParOldGen: 522074K(522240K)->522090K(522240K)
[137.954s][info][gc,metaspace   ] GC(247) Metaspace: 56402K(56704K)->56402K(56704K) NonClass: 50784K(51008K)->50784K(51008K) Class: 5617K(5696K)->5617K(5696K)
[137.954s][info][gc             ] GC(247) Pause Young (Allocation Failure) 767M->510M(758M) 3.083ms
[137.954s][info][gc,cpu         ] GC(247) User=0.01s Sys=0.00s Real=0.00s
[138.475s][info][gc,start       ] GC(248) Pause Young (Allocation Failure)
[138.480s][info][gc,heap        ] GC(248) PSYoungGen: 253704K(253952K)->3071K(246272K) Eden: 252928K(252928K)->0K(243200K) From: 776K(1024K)->3071K(3072K)
[138.480s][info][gc,heap        ] GC(248) ParOldGen: 522090K(522240K)->522106K(522240K)
[138.480s][info][gc,metaspace   ] GC(248) Metaspace: 56402K(56704K)->56402K(56704K) NonClass: 50784K(51008K)->50784K(51008K) Class: 5617K(5696K)->5617K(5696K)
[138.480s][info][gc             ] GC(248) Pause Young (Allocation Failure) 757M->512M(750M) 5.424ms
[138.480s][info][gc,cpu         ] GC(248) User=0.01s Sys=0.00s Real=0.01s
[139.052s][info][gc,start       ] GC(249) Pause Young (Allocation Failure)
[139.055s][info][gc,heap        ] GC(249) PSYoungGen: 246040K(246272K)->800K(235008K) Eden: 242969K(243200K)->0K(233984K) From: 3071K(3072K)->800K(1024K)
[139.055s][info][gc,heap        ] GC(249) ParOldGen: 522106K(522240K)->522122K(522240K)
[139.055s][info][gc,metaspace   ] GC(249) Metaspace: 56402K(56704K)->56402K(56704K) NonClass: 50784K(51008K)->50784K(51008K) Class: 5617K(5696K)->5617K(5696K)
[139.055s][info][gc             ] GC(249) Pause Young (Allocation Failure) 750M->510M(739M) 3.265ms
[139.055s][info][gc,cpu         ] GC(249) User=0.00s Sys=0.00s Real=0.00s
[139.567s][info][gc,start       ] GC(250) Pause Young (Allocation Failure)
[139.572s][info][gc,heap        ] GC(250) PSYoungGen: 234784K(235008K)->2655K(228352K) Eden: 233984K(233984K)->0K(225280K) From: 800K(1024K)->2655K(3072K)
[139.572s][info][gc,heap        ] GC(250) ParOldGen: 522122K(522240K)->522138K(522240K)
[139.572s][info][gc,metaspace   ] GC(250) Metaspace: 56403K(56704K)->56403K(56704K) NonClass: 50785K(51008K)->50785K(51008K) Class: 5617K(5696K)->5617K(5696K)
[139.572s][info][gc             ] GC(250) Pause Young (Allocation Failure) 739M->512M(733M) 4.927ms
[139.572s][info][gc,cpu         ] GC(250) User=0.01s Sys=0.00s Real=0.01s
[140.078s][info][gc,start       ] GC(251) Pause Young (Allocation Failure)
[140.082s][info][gc,heap        ] GC(251) PSYoungGen: 227935K(228352K)->1663K(218624K) Eden: 225280K(225280K)->0K(216576K) From: 2655K(3072K)->1663K(2048K)
[140.082s][info][gc,heap        ] GC(251) ParOldGen: 522138K(522240K)->522154K(522240K)
[140.082s][info][gc,metaspace   ] GC(251) Metaspace: 56403K(56704K)->56403K(56704K) NonClass: 50785K(51008K)->50785K(51008K) Class: 5617K(5696K)->5617K(5696K)
[140.082s][info][gc             ] GC(251) Pause Young (Allocation Failure) 732M->511M(723M) 3.894ms
[140.082s][info][gc,cpu         ] GC(251) User=0.00s Sys=0.01s Real=0.01s
[140.565s][info][gc,start       ] GC(252) Pause Young (Allocation Failure)
[140.569s][info][gc,heap        ] GC(252) PSYoungGen: 218053K(218624K)->2208K(210944K) Eden: 216390K(216576K)->0K(208384K) From: 1663K(2048K)->2208K(2560K)
[140.569s][info][gc,heap        ] GC(252) ParOldGen: 522154K(522240K)->522170K(522240K)
[140.569s][info][gc,metaspace   ] GC(252) Metaspace: 56403K(56704K)->56403K(56704K) NonClass: 50785K(51008K)->50785K(51008K) Class: 5617K(5696K)->5617K(5696K)
[140.569s][info][gc             ] GC(252) Pause Young (Allocation Failure) 722M->512M(716M) 4.707ms
[140.569s][info][gc,cpu         ] GC(252) User=0.01s Sys=0.00s Real=0.01s
[141.050s][info][gc,start       ] GC(253) Pause Young (Allocation Failure)
[141.053s][info][gc,heap        ] GC(253) PSYoungGen: 210484K(210944K)->320K(201216K) Eden: 208276K(208384K)->0K(200704K) From: 2208K(2560K)->320K(512K)
[141.053s][info][gc,heap        ] GC(253) ParOldGen: 522170K(522240K)->522186K(522240K)
[141.053s][info][gc,metaspace   ] GC(253) Metaspace: 56403K(56704K)->56403K(56704K) NonClass: 50785K(51008K)->50785K(51008K) Class: 5617K(5696K)->5617K(5696K)
[141.053s][info][gc             ] GC(253) Pause Young (Allocation Failure) 715M->510M(706M) 2.621ms
[141.053s][info][gc,cpu         ] GC(253) User=0.00s Sys=0.00s Real=0.00s
[141.469s][info][gc,start       ] GC(254) Pause Young (Allocation Failure)
[141.475s][info][gc,heap        ] GC(254) PSYoungGen: 201024K(201216K)->2464K(198144K) Eden: 200704K(200704K)->0K(193536K) From: 320K(512K)->2464K(4608K)
[141.475s][info][gc,heap        ] GC(254) ParOldGen: 522186K(522240K)->522202K(522240K)
[141.475s][info][gc,metaspace   ] GC(254) Metaspace: 56403K(56704K)->56403K(56704K) NonClass: 50785K(51008K)->50785K(51008K) Class: 5617K(5696K)->5617K(5696K)
[141.475s][info][gc             ] GC(254) Pause Young (Allocation Failure) 706M->512M(703M) 5.762ms
[141.475s][info][gc,cpu         ] GC(254) User=0.01s Sys=0.00s Real=0.00s
[141.888s][info][gc,start       ] GC(255) Pause Young (Allocation Failure)
[141.891s][info][gc,heap        ] GC(255) PSYoungGen: 195931K(198144K)->1279K(187904K) Eden: 193467K(193536K)->0K(186368K) From: 2464K(4608K)->1279K(1536K)
[141.891s][info][gc,heap        ] GC(255) ParOldGen: 522202K(522240K)->522218K(522240K)
[141.891s][info][gc,metaspace   ] GC(255) Metaspace: 56403K(56704K)->56403K(56704K) NonClass: 50785K(51008K)->50785K(51008K) Class: 5617K(5696K)->5617K(5696K)
[141.891s][info][gc             ] GC(255) Pause Young (Allocation Failure) 701M->511M(693M) 3.382ms
[141.891s][info][gc,cpu         ] GC(255) User=0.00s Sys=0.00s Real=0.01s
[142.404s][info][gc,start       ] GC(256) Pause Young (Allocation Failure)
[142.408s][info][gc,heap        ] GC(256) PSYoungGen: 187647K(187904K)->959K(180736K) Eden: 186368K(186368K)->0K(179712K) From: 1279K(1536K)->959K(1024K)
[142.408s][info][gc,heap        ] GC(256) ParOldGen: 522218K(522240K)->522234K(522240K)
[142.408s][info][gc,metaspace   ] GC(256) Metaspace: 56403K(56704K)->56403K(56704K) NonClass: 50785K(51008K)->50785K(51008K) Class: 5617K(5696K)->5617K(5696K)
[142.408s][info][gc             ] GC(256) Pause Young (Allocation Failure) 693M->510M(686M) 3.965ms
[142.408s][info][gc,cpu         ] GC(256) User=0.00s Sys=0.00s Real=0.00s
[142.754s][info][gc,start       ] GC(257) Pause Young (Allocation Failure)
[142.758s][info][gc,heap        ] GC(257) PSYoungGen: 180671K(180736K)->1001K(174592K) Eden: 179712K(179712K)->0K(173568K) From: 959K(1024K)->1001K(1024K)
[142.758s][info][gc,heap        ] GC(257) ParOldGen: 522234K(522240K)->522250K(522752K)
[142.758s][info][gc,metaspace   ] GC(257) Metaspace: 56403K(56704K)->56403K(56704K) NonClass: 50785K(51008K)->50785K(51008K) Class: 5617K(5696K)->5617K(5696K)
[142.758s][info][gc             ] GC(257) Pause Young (Allocation Failure) 686M->510M(681M) 3.435ms
[142.758s][info][gc,cpu         ] GC(257) User=0.00s Sys=0.00s Real=0.00s
[143.101s][info][gc,start       ] GC(258) Pause Young (Allocation Failure)
[143.104s][info][gc,heap        ] GC(258) PSYoungGen: 174569K(174592K)->735K(168448K) Eden: 173568K(173568K)->0K(167424K) From: 1001K(1024K)->735K(1024K)
[143.104s][info][gc,heap        ] GC(258) ParOldGen: 522250K(522752K)->522266K(522752K)
[143.104s][info][gc,metaspace   ] GC(258) Metaspace: 56403K(56704K)->56403K(56704K) NonClass: 50785K(51008K)->50785K(51008K) Class: 5617K(5696K)->5617K(5696K)
[143.104s][info][gc             ] GC(258) Pause Young (Allocation Failure) 680M->510M(675M) 2.848ms
[143.104s][info][gc,cpu         ] GC(258) User=0.01s Sys=0.00s Real=0.00s
[143.484s][info][gc,start       ] GC(259) Pause Young (Allocation Failure)
[143.488s][info][gc,heap        ] GC(259) PSYoungGen: 168046K(168448K)->2336K(164352K) Eden: 167311K(167424K)->0K(161792K) From: 735K(1024K)->2336K(2560K)
[143.488s][info][gc,heap        ] GC(259) ParOldGen: 522266K(522752K)->522282K(522752K)
[143.488s][info][gc,metaspace   ] GC(259) Metaspace: 56403K(56704K)->56403K(56704K) NonClass: 50785K(51008K)->50785K(51008K) Class: 5617K(5696K)->5617K(5696K)
[143.488s][info][gc             ] GC(259) Pause Young (Allocation Failure) 674M->512M(671M) 4.833ms
[143.488s][info][gc,cpu         ] GC(259) User=0.01s Sys=0.00s Real=0.00s
[143.867s][info][gc,start       ] GC(260) Pause Young (Allocation Failure)
[143.872s][info][gc,heap        ] GC(260) PSYoungGen: 164128K(164352K)->2048K(158208K) Eden: 161792K(161792K)->0K(156160K) From: 2336K(2560K)->2048K(2048K)
[143.872s][info][gc,heap        ] GC(260) ParOldGen: 522282K(522752K)->522298K(522752K)
[143.872s][info][gc,metaspace   ] GC(260) Metaspace: 56403K(56704K)->56403K(56704K) NonClass: 50785K(51008K)->50785K(51008K) Class: 5617K(5696K)->5617K(5696K)
[143.872s][info][gc             ] GC(260) Pause Young (Allocation Failure) 670M->512M(665M) 4.607ms
[143.872s][info][gc,cpu         ] GC(260) User=0.01s Sys=0.00s Real=0.01s
[144.211s][info][gc,start       ] GC(261) Pause Young (Allocation Failure)
[144.215s][info][gc,heap        ] GC(261) PSYoungGen: 158208K(158208K)->608K(152064K) Eden: 156160K(156160K)->0K(151040K) From: 2048K(2048K)->608K(1024K)
[144.215s][info][gc,heap        ] GC(261) ParOldGen: 522298K(522752K)->522314K(522752K)
[144.215s][info][gc,metaspace   ] GC(261) Metaspace: 56403K(56704K)->56403K(56704K) NonClass: 50785K(51008K)->50785K(51008K) Class: 5617K(5696K)->5617K(5696K)
[144.215s][info][gc             ] GC(261) Pause Young (Allocation Failure) 664M->510M(659M) 4.265ms
[144.215s][info][gc,cpu         ] GC(261) User=0.01s Sys=0.00s Real=0.00s
[144.564s][info][gc,start       ] GC(262) Pause Young (Allocation Failure)
[144.569s][info][gc,heap        ] GC(262) PSYoungGen: 151648K(152064K)->1919K(183296K) Eden: 151040K(151040K)->0K(181248K) From: 608K(1024K)->1919K(2048K)
[144.569s][info][gc,heap        ] GC(262) ParOldGen: 522314K(522752K)->522330K(522752K)
[144.569s][info][gc,metaspace   ] GC(262) Metaspace: 56403K(56704K)->56403K(56704K) NonClass: 50785K(51008K)->50785K(51008K) Class: 5617K(5696K)->5617K(5696K)
[144.569s][info][gc             ] GC(262) Pause Young (Allocation Failure) 658M->511M(689M) 5.234ms
[144.570s][info][gc,cpu         ] GC(262) User=0.01s Sys=0.00s Real=0.01s
[144.965s][info][gc,start       ] GC(263) Pause Young (Allocation Failure)
[144.968s][info][gc,heap        ] GC(263) PSYoungGen: 183167K(183296K)->1376K(219136K) Eden: 181248K(181248K)->0K(217600K) From: 1919K(2048K)->1376K(1536K)
[144.969s][info][gc,heap        ] GC(263) ParOldGen: 522330K(522752K)->522346K(522752K)
[144.969s][info][gc,metaspace   ] GC(263) Metaspace: 56403K(56704K)->56403K(56704K) NonClass: 50785K(51008K)->50785K(51008K) Class: 5617K(5696K)->5617K(5696K)
[144.969s][info][gc             ] GC(263) Pause Young (Allocation Failure) 688M->511M(724M) 3.741ms
[144.969s][info][gc,cpu         ] GC(263) User=0.00s Sys=0.00s Real=0.00s
[145.565s][info][gc,start       ] GC(264) Pause Young (Allocation Failure)
[145.569s][info][gc,heap        ] GC(264) PSYoungGen: 218976K(219136K)->2175K(211968K) Eden: 217600K(217600K)->0K(209408K) From: 1376K(1536K)->2175K(2560K)
[145.569s][info][gc,heap        ] GC(264) ParOldGen: 522346K(522752K)->522362K(522752K)
[145.569s][info][gc,metaspace   ] GC(264) Metaspace: 56403K(56704K)->56403K(56704K) NonClass: 50785K(51008K)->50785K(51008K) Class: 5617K(5696K)->5617K(5696K)
[145.569s][info][gc             ] GC(264) Pause Young (Allocation Failure) 723M->512M(717M) 4.276ms
[145.570s][info][gc,cpu         ] GC(264) User=0.01s Sys=0.00s Real=0.01s
[146.050s][info][gc,start       ] GC(265) Pause Young (Allocation Failure)
[146.052s][info][gc,heap        ] GC(265) PSYoungGen: 211583K(211968K)->637K(202752K) Eden: 209408K(209408K)->0K(201728K) From: 2175K(2560K)->637K(1024K)
[146.052s][info][gc,heap        ] GC(265) ParOldGen: 522362K(522752K)->522378K(522752K)
[146.052s][info][gc,metaspace   ] GC(265) Metaspace: 56403K(56704K)->56403K(56704K) NonClass: 50785K(51008K)->50785K(51008K) Class: 5617K(5696K)->5617K(5696K)
[146.052s][info][gc             ] GC(265) Pause Young (Allocation Failure) 716M->510M(708M) 2.858ms
[146.052s][info][gc,cpu         ] GC(265) User=0.00s Sys=0.00s Real=0.00s
[146.472s][info][gc,start       ] GC(266) Pause Young (Allocation Failure)
[146.477s][info][gc,heap        ] GC(266) PSYoungGen: 202365K(202752K)->2687K(197632K) Eden: 201728K(201728K)->0K(194560K) From: 637K(1024K)->2687K(3072K)
[146.477s][info][gc,heap        ] GC(266) ParOldGen: 522378K(522752K)->522394K(522752K)
[146.477s][info][gc,metaspace   ] GC(266) Metaspace: 56403K(56704K)->56403K(56704K) NonClass: 50785K(51008K)->50785K(51008K) Class: 5617K(5696K)->5617K(5696K)
[146.477s][info][gc             ] GC(266) Pause Young (Allocation Failure) 707M->512M(703M) 4.908ms
[146.477s][info][gc,cpu         ] GC(266) User=0.01s Sys=0.00s Real=0.00s
[146.892s][info][gc,start       ] GC(267) Pause Young (Allocation Failure)
[146.896s][info][gc,heap        ] GC(267) PSYoungGen: 197247K(197632K)->1535K(188928K) Eden: 194560K(194560K)->0K(187392K) From: 2687K(3072K)->1535K(1536K)
[146.896s][info][gc,heap        ] GC(267) ParOldGen: 522394K(522752K)->522410K(522752K)
[146.896s][info][gc,metaspace   ] GC(267) Metaspace: 56403K(56704K)->56403K(56704K) NonClass: 50785K(51008K)->50785K(51008K) Class: 5617K(5696K)->5617K(5696K)
[146.896s][info][gc             ] GC(267) Pause Young (Allocation Failure) 702M->511M(695M) 3.756ms
[146.896s][info][gc,cpu         ] GC(267) User=0.01s Sys=0.00s Real=0.00s
[147.354s][info][gc,start       ] GC(268) Pause Young (Allocation Failure)
[147.357s][info][gc,heap        ] GC(268) PSYoungGen: 188927K(188928K)->1375K(182272K) Eden: 187392K(187392K)->0K(180736K) From: 1535K(1536K)->1375K(1536K)
[147.357s][info][gc,heap        ] GC(268) ParOldGen: 522410K(522752K)->522426K(522752K)
[147.357s][info][gc,metaspace   ] GC(268) Metaspace: 56403K(56704K)->56403K(56704K) NonClass: 50785K(51008K)->50785K(51008K) Class: 5617K(5696K)->5617K(5696K)
[147.357s][info][gc             ] GC(268) Pause Young (Allocation Failure) 694M->511M(688M) 3.310ms
[147.357s][info][gc,cpu         ] GC(268) User=0.00s Sys=0.00s Real=0.00s
[147.765s][info][gc,start       ] GC(269) Pause Young (Allocation Failure)
[147.769s][info][gc,heap        ] GC(269) PSYoungGen: 182111K(182272K)->1983K(176640K) Eden: 180736K(180736K)->0K(174592K) From: 1375K(1536K)->1983K(2048K)
[147.769s][info][gc,heap        ] GC(269) ParOldGen: 522426K(522752K)->522442K(522752K)
[147.769s][info][gc,metaspace   ] GC(269) Metaspace: 56403K(56704K)->56403K(56704K) NonClass: 50785K(51008K)->50785K(51008K) Class: 5617K(5696K)->5617K(5696K)
[147.769s][info][gc             ] GC(269) Pause Young (Allocation Failure) 688M->512M(683M) 4.089ms
[147.769s][info][gc,cpu         ] GC(269) User=0.00s Sys=0.00s Real=0.00s
[148.151s][info][gc,start       ] GC(270) Pause Young (Allocation Failure)
[148.154s][info][gc,heap        ] GC(270) PSYoungGen: 176575K(176640K)->607K(169472K) Eden: 174592K(174592K)->0K(168448K) From: 1983K(2048K)->607K(1024K)
[148.154s][info][gc,heap        ] GC(270) ParOldGen: 522442K(522752K)->522458K(522752K)
[148.154s][info][gc,metaspace   ] GC(270) Metaspace: 56403K(56704K)->56403K(56704K) NonClass: 50785K(51008K)->50785K(51008K) Class: 5617K(5696K)->5617K(5696K)
[148.154s][info][gc             ] GC(270) Pause Young (Allocation Failure) 682M->510M(676M) 2.715ms
[148.154s][info][gc,cpu         ] GC(270) User=0.01s Sys=0.00s Real=0.00s
[148.490s][info][gc,start       ] GC(271) Pause Young (Allocation Failure)
[148.493s][info][gc,heap        ] GC(271) PSYoungGen: 168739K(169472K)->1184K(164352K) Eden: 168132K(168448K)->0K(162816K) From: 607K(1024K)->1184K(1536K)
[148.493s][info][gc,heap        ] GC(271) ParOldGen: 522458K(522752K)->522474K(522752K)
[148.493s][info][gc,metaspace   ] GC(271) Metaspace: 56403K(56704K)->56403K(56704K) NonClass: 50785K(51008K)->50785K(51008K) Class: 5617K(5696K)->5617K(5696K)
[148.493s][info][gc             ] GC(271) Pause Young (Allocation Failure) 674M->511M(671M) 3.568ms
[148.493s][info][gc,cpu         ] GC(271) User=0.00s Sys=0.00s Real=0.00s
[148.872s][info][gc,start       ] GC(272) Pause Young (Allocation Failure)
[148.875s][info][gc,heap        ] GC(272) PSYoungGen: 164000K(164352K)->927K(158208K) Eden: 162816K(162816K)->0K(157184K) From: 1184K(1536K)->927K(1024K)
[148.875s][info][gc,heap        ] GC(272) ParOldGen: 522474K(522752K)->522490K(522752K)
[148.875s][info][gc,metaspace   ] GC(272) Metaspace: 56403K(56704K)->56403K(56704K) NonClass: 50785K(51008K)->50785K(51008K) Class: 5617K(5696K)->5617K(5696K)
[148.875s][info][gc             ] GC(272) Pause Young (Allocation Failure) 670M->511M(665M) 2.909ms
[148.875s][info][gc,cpu         ] GC(272) User=0.00s Sys=0.00s Real=0.00s
[149.252s][info][gc,start       ] GC(273) Pause Young (Allocation Failure)
[149.255s][info][gc,heap        ] GC(273) PSYoungGen: 158111K(158208K)->576K(153088K) Eden: 157184K(157184K)->0K(152064K) From: 927K(1024K)->576K(1024K)
[149.255s][info][gc,heap        ] GC(273) ParOldGen: 522490K(522752K)->522506K(522752K)
[149.255s][info][gc,metaspace   ] GC(273) Metaspace: 56403K(56704K)->56403K(56704K) NonClass: 50785K(51008K)->50785K(51008K) Class: 5617K(5696K)->5617K(5696K)
[149.255s][info][gc             ] GC(273) Pause Young (Allocation Failure) 664M->510M(660M) 2.786ms
[149.255s][info][gc,cpu         ] GC(273) User=0.01s Sys=0.00s Real=0.00s
[149.564s][info][gc,start       ] GC(274) Pause Young (Allocation Failure)
[149.569s][info][gc,heap        ] GC(274) PSYoungGen: 152640K(153088K)->2400K(149504K) Eden: 152064K(152064K)->0K(146944K) From: 576K(1024K)->2400K(2560K)
[149.569s][info][gc,heap        ] GC(274) ParOldGen: 522506K(522752K)->522522K(522752K)
[149.569s][info][gc,metaspace   ] GC(274) Metaspace: 56406K(56704K)->56406K(56704K) NonClass: 50788K(51008K)->50788K(51008K) Class: 5617K(5696K)->5617K(5696K)
[149.569s][info][gc             ] GC(274) Pause Young (Allocation Failure) 659M->512M(656M) 4.864ms
[149.569s][info][gc,cpu         ] GC(274) User=0.01s Sys=0.00s Real=0.01s
[149.939s][info][gc,start       ] GC(275) Pause Young (Allocation Failure)
[149.942s][info][gc,heap        ] GC(275) PSYoungGen: 149324K(149504K)->1408K(143872K) Eden: 146924K(146944K)->0K(142336K) From: 2400K(2560K)->1408K(1536K)
[149.942s][info][gc,heap        ] GC(275) ParOldGen: 522522K(522752K)->522538K(522752K)
[149.943s][info][gc,metaspace   ] GC(275) Metaspace: 56406K(56704K)->56406K(56704K) NonClass: 50788K(51008K)->50788K(51008K) Class: 5617K(5696K)->5617K(5696K)
[149.943s][info][gc             ] GC(275) Pause Young (Allocation Failure) 656M->511M(651M) 3.887ms
[149.943s][info][gc,cpu         ] GC(275) User=0.00s Sys=0.00s Real=0.01s
[150.249s][info][gc,start       ] GC(276) Pause Young (Allocation Failure)
[150.252s][info][gc,heap        ] GC(276) PSYoungGen: 143744K(143872K)->507K(138240K) Eden: 142336K(142336K)->0K(137728K) From: 1408K(1536K)->507K(512K)
[150.252s][info][gc,heap        ] GC(276) ParOldGen: 522538K(522752K)->522554K(522752K)
[150.252s][info][gc,metaspace   ] GC(276) Metaspace: 56406K(56704K)->56406K(56704K) NonClass: 50788K(51008K)->50788K(51008K) Class: 5617K(5696K)->5617K(5696K)
[150.252s][info][gc             ] GC(276) Pause Young (Allocation Failure) 650M->510M(645M) 2.647ms
[150.252s][info][gc,cpu         ] GC(276) User=0.00s Sys=0.00s Real=0.00s
[150.552s][info][gc,start       ] GC(277) Pause Young (Allocation Failure)
[150.555s][info][gc,heap        ] GC(277) PSYoungGen: 138235K(138240K)->928K(134144K) Eden: 137728K(137728K)->0K(133120K) From: 507K(512K)->928K(1024K)
[150.555s][info][gc,heap        ] GC(277) ParOldGen: 522554K(522752K)->522570K(522752K)
[150.555s][info][gc,metaspace   ] GC(277) Metaspace: 56406K(56704K)->56406K(56704K) NonClass: 50788K(51008K)->50788K(51008K) Class: 5617K(5696K)->5617K(5696K)
[150.555s][info][gc             ] GC(277) Pause Young (Allocation Failure) 645M->511M(641M) 3.314ms
[150.555s][info][gc,cpu         ] GC(277) User=0.01s Sys=0.00s Real=0.00s
[150.855s][info][gc,start       ] GC(278) Pause Young (Allocation Failure)
[150.863s][info][gc,heap        ] GC(278) PSYoungGen: 134048K(134144K)->768K(163328K) Eden: 133120K(133120K)->0K(159744K) From: 928K(1024K)->768K(3584K)
[150.863s][info][gc,heap        ] GC(278) ParOldGen: 522570K(522752K)->522586K(522752K)
[150.863s][info][gc,metaspace   ] GC(278) Metaspace: 56406K(56704K)->56406K(56704K) NonClass: 50788K(51008K)->50788K(51008K) Class: 5617K(5696K)->5617K(5696K)
[150.863s][info][gc             ] GC(278) Pause Young (Allocation Failure) 641M->511M(670M) 8.622ms
[150.863s][info][gc,cpu         ] GC(278) User=0.01s Sys=0.00s Real=0.01s
[151.176s][info][gc,start       ] GC(279) Pause Young (Allocation Failure)
[151.181s][info][gc,heap        ] GC(279) PSYoungGen: 160356K(163328K)->2592K(195072K) Eden: 159588K(159744K)->0K(192000K) From: 768K(3584K)->2592K(3072K)
[151.181s][info][gc,heap        ] GC(279) ParOldGen: 522586K(522752K)->522602K(522752K)
[151.181s][info][gc,metaspace   ] GC(279) Metaspace: 56406K(56704K)->56406K(56704K) NonClass: 50788K(51008K)->50788K(51008K) Class: 5617K(5696K)->5617K(5696K)
[151.181s][info][gc             ] GC(279) Pause Young (Allocation Failure) 666M->512M(701M) 5.099ms
[151.181s][info][gc,cpu         ] GC(279) User=0.01s Sys=0.00s Real=0.01s
[151.650s][info][gc,start       ] GC(280) Pause Young (Allocation Failure)
[151.653s][info][gc,heap        ] GC(280) PSYoungGen: 194592K(195072K)->446K(230912K) Eden: 192000K(192000K)->0K(230400K) From: 2592K(3072K)->446K(512K)
[151.653s][info][gc,heap        ] GC(280) ParOldGen: 522602K(522752K)->522618K(522752K)
[151.653s][info][gc,metaspace   ] GC(280) Metaspace: 56406K(56704K)->56406K(56704K) NonClass: 50788K(51008K)->50788K(51008K) Class: 5617K(5696K)->5617K(5696K)
[151.653s][info][gc             ] GC(280) Pause Young (Allocation Failure) 700M->510M(736M) 2.607ms
[151.653s][info][gc,cpu         ] GC(280) User=0.00s Sys=0.00s Real=0.00s
[152.152s][info][gc,start       ] GC(281) Pause Young (Allocation Failure)
[152.155s][info][gc,heap        ] GC(281) PSYoungGen: 230846K(230912K)->767K(253440K) Eden: 230400K(230400K)->0K(249856K) From: 446K(512K)->767K(3584K)
[152.155s][info][gc,heap        ] GC(281) ParOldGen: 522618K(522752K)->522634K(522752K)
[152.155s][info][gc,metaspace   ] GC(281) Metaspace: 56406K(56704K)->56406K(56704K) NonClass: 50788K(51008K)->50788K(51008K) Class: 5617K(5696K)->5617K(5696K)
[152.155s][info][gc             ] GC(281) Pause Young (Allocation Failure) 735M->511M(758M) 2.722ms
[152.155s][info][gc,cpu         ] GC(281) User=0.00s Sys=0.00s Real=0.00s
[152.729s][info][gc,start       ] GC(282) Pause Young (Allocation Failure)
[152.735s][info][gc,heap        ] GC(282) PSYoungGen: 250341K(253440K)->2592K(243200K) Eden: 249573K(249856K)->0K(240128K) From: 767K(3584K)->2592K(3072K)
[152.735s][info][gc,heap        ] GC(282) ParOldGen: 522634K(522752K)->522650K(522752K)
[152.735s][info][gc,metaspace   ] GC(282) Metaspace: 56406K(56704K)->56406K(56704K) NonClass: 50788K(51008K)->50788K(51008K) Class: 5617K(5696K)->5617K(5696K)
[152.735s][info][gc             ] GC(282) Pause Young (Allocation Failure) 754M->512M(748M) 5.359ms
[152.735s][info][gc,cpu         ] GC(282) User=0.01s Sys=0.00s Real=0.00s
[153.257s][info][gc,start       ] GC(283) Pause Young (Allocation Failure)
[153.261s][info][gc,heap        ] GC(283) PSYoungGen: 242720K(243200K)->1024K(231936K) Eden: 240128K(240128K)->0K(230912K) From: 2592K(3072K)->1024K(1024K)
[153.261s][info][gc,heap        ] GC(283) ParOldGen: 522650K(522752K)->523429K(523776K)
[153.261s][info][gc,metaspace   ] GC(283) Metaspace: 56406K(56704K)->56406K(56704K) NonClass: 50788K(51008K)->50788K(51008K) Class: 5617K(5696K)->5617K(5696K)
[153.261s][info][gc             ] GC(283) Pause Young (Allocation Failure) 747M->512M(738M) 3.918ms
[153.261s][info][gc,cpu         ] GC(283) User=0.01s Sys=0.01s Real=0.01s
[153.777s][info][gc,start       ] GC(284) Pause Young (Allocation Failure)
[153.782s][info][gc,heap        ] GC(284) PSYoungGen: 231936K(231936K)->2495K(224768K) Eden: 230912K(230912K)->0K(222208K) From: 1024K(1024K)->2495K(2560K)
[153.782s][info][gc,heap        ] GC(284) ParOldGen: 523429K(523776K)->523741K(523776K)
[153.782s][info][gc,metaspace   ] GC(284) Metaspace: 56409K(56704K)->56409K(56704K) NonClass: 50791K(51008K)->50791K(51008K) Class: 5617K(5696K)->5617K(5696K)
[153.782s][info][gc             ] GC(284) Pause Young (Allocation Failure) 737M->513M(731M) 5.033ms
[153.782s][info][gc,cpu         ] GC(284) User=0.01s Sys=0.00s Real=0.01s
[154.266s][info][gc,start       ] GC(285) Pause Young (Allocation Failure)
[154.271s][info][gc,heap        ] GC(285) PSYoungGen: 224703K(224768K)->2398K(216576K) Eden: 222208K(222208K)->0K(214016K) From: 2495K(2560K)->2398K(2560K)
[154.271s][info][gc,heap        ] GC(285) ParOldGen: 523741K(523776K)->523885K(524288K)
[154.271s][info][gc,metaspace   ] GC(285) Metaspace: 56409K(56704K)->56409K(56704K) NonClass: 50791K(51008K)->50791K(51008K) Class: 5617K(5696K)->5617K(5696K)
[154.271s][info][gc             ] GC(285) Pause Young (Allocation Failure) 730M->513M(723M) 4.460ms
[154.271s][info][gc,cpu         ] GC(285) User=0.01s Sys=0.00s Real=0.01s
[154.753s][info][gc,start       ] GC(286) Pause Young (Allocation Failure)
[154.756s][info][gc,heap        ] GC(286) PSYoungGen: 216414K(216576K)->863K(206848K) Eden: 214016K(214016K)->0K(205824K) From: 2398K(2560K)->863K(1024K)
[154.756s][info][gc,heap        ] GC(286) ParOldGen: 523885K(524288K)->523901K(524288K)
[154.756s][info][gc,metaspace   ] GC(286) Metaspace: 56409K(56704K)->56409K(56704K) NonClass: 50791K(51008K)->50791K(51008K) Class: 5617K(5696K)->5617K(5696K)
[154.756s][info][gc             ] GC(286) Pause Young (Allocation Failure) 722M->512M(714M) 3.078ms
[154.756s][info][gc,cpu         ] GC(286) User=0.01s Sys=0.00s Real=0.00s
[155.175s][info][gc,start       ] GC(287) Pause Young (Allocation Failure)
[155.179s][info][gc,heap        ] GC(287) PSYoungGen: 206413K(206848K)->2304K(200704K) Eden: 205549K(205824K)->0K(198144K) From: 863K(1024K)->2304K(2560K)
[155.179s][info][gc,heap        ] GC(287) ParOldGen: 523901K(524288K)->523917K(524288K)
[155.179s][info][gc,metaspace   ] GC(287) Metaspace: 56409K(56704K)->56409K(56704K) NonClass: 50791K(51008K)->50791K(51008K) Class: 5617K(5696K)->5617K(5696K)
[155.179s][info][gc             ] GC(287) Pause Young (Allocation Failure) 713M->513M(708M) 4.747ms
[155.179s][info][gc,cpu         ] GC(287) User=0.01s Sys=0.00s Real=0.01s
[155.721s][info][gc,start       ] GC(288) Pause Young (Allocation Failure)
[155.725s][info][gc,heap        ] GC(288) PSYoungGen: 200448K(200704K)->832K(192000K) Eden: 198144K(198144K)->0K(190976K) From: 2304K(2560K)->832K(1024K)
[155.725s][info][gc,heap        ] GC(288) ParOldGen: 523917K(524288K)->523933K(524288K)
[155.725s][info][gc,metaspace   ] GC(288) Metaspace: 56409K(56704K)->56409K(56704K) NonClass: 50791K(51008K)->50791K(51008K) Class: 5617K(5696K)->5617K(5696K)
[155.725s][info][gc             ] GC(288) Pause Young (Allocation Failure) 707M->512M(699M) 4.071ms
[155.725s][info][gc,cpu         ] GC(288) User=0.01s Sys=0.00s Real=0.00s
[156.069s][info][gc,start       ] GC(289) Pause Young (Allocation Failure)
[156.075s][info][gc,heap        ] GC(289) PSYoungGen: 191808K(192000K)->2495K(186880K) Eden: 190976K(190976K)->0K(184320K) From: 832K(1024K)->2495K(2560K)
[156.075s][info][gc,heap        ] GC(289) ParOldGen: 523933K(524288K)->523949K(524288K)
[156.075s][info][gc,metaspace   ] GC(289) Metaspace: 56409K(56704K)->56409K(56704K) NonClass: 50791K(51008K)->50791K(51008K) Class: 5617K(5696K)->5617K(5696K)
[156.075s][info][gc             ] GC(289) Pause Young (Allocation Failure) 698M->514M(694M) 5.420ms
[156.075s][info][gc,cpu         ] GC(289) User=0.01s Sys=0.00s Real=0.00s
[156.475s][info][gc,start       ] GC(290) Pause Young (Allocation Failure)
[156.480s][info][gc,heap        ] GC(290) PSYoungGen: 186815K(186880K)->1984K(179712K) Eden: 184320K(184320K)->0K(177664K) From: 2495K(2560K)->1984K(2048K)
[156.480s][info][gc,heap        ] GC(290) ParOldGen: 523949K(524288K)->523965K(524288K)
[156.480s][info][gc,metaspace   ] GC(290) Metaspace: 56409K(56704K)->56409K(56704K) NonClass: 50791K(51008K)->50791K(51008K) Class: 5617K(5696K)->5617K(5696K)
[156.480s][info][gc             ] GC(290) Pause Young (Allocation Failure) 694M->513M(687M) 4.358ms
[156.480s][info][gc,cpu         ] GC(290) User=0.01s Sys=0.00s Real=0.01s
[157.056s][info][gc,start       ] GC(291) Pause Young (Allocation Failure)
[157.060s][info][gc,heap        ] GC(291) PSYoungGen: 179648K(179712K)->1790K(173568K) Eden: 177664K(177664K)->0K(171520K) From: 1984K(2048K)->1790K(2048K)
[157.060s][info][gc,heap        ] GC(291) ParOldGen: 523965K(524288K)->523981K(524288K)
[157.060s][info][gc,metaspace   ] GC(291) Metaspace: 56409K(56704K)->56409K(56704K) NonClass: 50791K(51008K)->50791K(51008K) Class: 5617K(5696K)->5617K(5696K)
[157.060s][info][gc             ] GC(291) Pause Young (Allocation Failure) 687M->513M(681M) 3.578ms
[157.060s][info][gc,cpu         ] GC(291) User=0.00s Sys=0.00s Real=0.01s
[157.367s][info][gc,start       ] GC(292) Pause Young (Allocation Failure)
[157.371s][info][gc,heap        ] GC(292) PSYoungGen: 173310K(173568K)->1600K(167424K) Eden: 171520K(171520K)->0K(165376K) From: 1790K(2048K)->1600K(2048K)
[157.371s][info][gc,heap        ] GC(292) ParOldGen: 523981K(524288K)->523997K(524288K)
[157.371s][info][gc,metaspace   ] GC(292) Metaspace: 56409K(56704K)->56409K(56704K) NonClass: 50791K(51008K)->50791K(51008K) Class: 5617K(5696K)->5617K(5696K)
[157.371s][info][gc             ] GC(292) Pause Young (Allocation Failure) 680M->513M(675M) 4.049ms
[157.371s][info][gc,cpu         ] GC(292) User=0.00s Sys=0.00s Real=0.01s
[157.752s][info][gc,start       ] GC(293) Pause Young (Allocation Failure)
[157.755s][info][gc,heap        ] GC(293) PSYoungGen: 166776K(167424K)->704K(160768K) Eden: 165176K(165376K)->0K(159744K) From: 1600K(2048K)->704K(1024K)
[157.755s][info][gc,heap        ] GC(293) ParOldGen: 523997K(524288K)->524013K(524288K)
[157.755s][info][gc,metaspace   ] GC(293) Metaspace: 56409K(56704K)->56409K(56704K) NonClass: 50791K(51008K)->50791K(51008K) Class: 5617K(5696K)->5617K(5696K)
[157.755s][info][gc             ] GC(293) Pause Young (Allocation Failure) 674M->512M(669M) 2.978ms
[157.755s][info][gc,cpu         ] GC(293) User=0.01s Sys=0.00s Real=0.00s
[158.080s][info][gc,start       ] GC(294) Pause Young (Allocation Failure)
[158.084s][info][gc,heap        ] GC(294) PSYoungGen: 160391K(160768K)->2528K(194560K) Eden: 159687K(159744K)->0K(192000K) From: 704K(1024K)->2528K(2560K)
[158.085s][info][gc,heap        ] GC(294) ParOldGen: 524013K(524288K)->524029K(524288K)
[158.085s][info][gc,metaspace   ] GC(294) Metaspace: 56409K(56704K)->56409K(56704K) NonClass: 50791K(51008K)->50791K(51008K) Class: 5617K(5696K)->5617K(5696K)
[158.085s][info][gc             ] GC(294) Pause Young (Allocation Failure) 668M->514M(702M) 5.047ms
[158.085s][info][gc,cpu         ] GC(294) User=0.01s Sys=0.00s Real=0.00s
[158.548s][info][gc,start       ] GC(295) Pause Young (Allocation Failure)
[158.551s][info][gc,heap        ] GC(295) PSYoungGen: 194528K(194560K)->335K(185856K) Eden: 192000K(192000K)->0K(185344K) From: 2528K(2560K)->335K(512K)
[158.551s][info][gc,heap        ] GC(295) ParOldGen: 524029K(524288K)->524045K(524288K)
[158.551s][info][gc,metaspace   ] GC(295) Metaspace: 56409K(56704K)->56409K(56704K) NonClass: 50791K(51008K)->50791K(51008K) Class: 5617K(5696K)->5617K(5696K)
[158.551s][info][gc             ] GC(295) Pause Young (Allocation Failure) 701M->512M(693M) 2.615ms
[158.551s][info][gc,cpu         ] GC(295) User=0.00s Sys=0.00s Real=0.01s
[158.954s][info][gc,start       ] GC(296) Pause Young (Allocation Failure)
[158.958s][info][gc,heap        ] GC(296) PSYoungGen: 185679K(185856K)->1082K(182272K) Eden: 185344K(185344K)->0K(178688K) From: 335K(512K)->1082K(3584K)
[158.958s][info][gc,heap        ] GC(296) ParOldGen: 524045K(524288K)->524061K(524288K)
[158.958s][info][gc,metaspace   ] GC(296) Metaspace: 56409K(56704K)->56409K(56704K) NonClass: 50791K(51008K)->50791K(51008K) Class: 5617K(5696K)->5617K(5696K)
[158.958s][info][gc             ] GC(296) Pause Young (Allocation Failure) 693M->512M(690M) 3.154ms
[158.958s][info][gc,cpu         ] GC(296) User=0.00s Sys=0.00s Real=0.00s
[159.547s][info][gc,start       ] GC(297) Pause Young (Allocation Failure)
[159.551s][info][gc,heap        ] GC(297) PSYoungGen: 179770K(182272K)->1610K(174592K) Eden: 178688K(178688K)->0K(172544K) From: 1082K(3584K)->1610K(2048K)
[159.551s][info][gc,heap        ] GC(297) ParOldGen: 524061K(524288K)->524077K(524288K)
[159.551s][info][gc,metaspace   ] GC(297) Metaspace: 56409K(56704K)->56409K(56704K) NonClass: 50791K(51008K)->50791K(51008K) Class: 5617K(5696K)->5617K(5696K)
[159.551s][info][gc             ] GC(297) Pause Young (Allocation Failure) 687M->513M(682M) 3.775ms
[159.551s][info][gc,cpu         ] GC(297) User=0.01s Sys=0.00s Real=0.01s
[159.851s][info][gc,start       ] GC(298) Pause Young (Allocation Failure)
[159.853s][info][gc,heap        ] GC(298) PSYoungGen: 174154K(174592K)->576K(167424K) Eden: 172544K(172544K)->0K(166400K) From: 1610K(2048K)->576K(1024K)
[159.853s][info][gc,heap        ] GC(298) ParOldGen: 524077K(524288K)->524093K(524288K)
[159.853s][info][gc,metaspace   ] GC(298) Metaspace: 56409K(56704K)->56409K(56704K) NonClass: 50791K(51008K)->50791K(51008K) Class: 5617K(5696K)->5617K(5696K)
[159.853s][info][gc             ] GC(298) Pause Young (Allocation Failure) 681M->512M(675M) 2.714ms
[159.853s][info][gc,cpu         ] GC(298) User=0.00s Sys=0.00s Real=0.00s
[160.187s][info][gc,start       ] GC(299) Pause Young (Allocation Failure)
[160.190s][info][gc,heap        ] GC(299) PSYoungGen: 166802K(167424K)->1248K(162304K) Eden: 166226K(166400K)->0K(160768K) From: 576K(1024K)->1248K(1536K)
[160.191s][info][gc,heap        ] GC(299) ParOldGen: 524093K(524288K)->524109K(524288K)
[160.191s][info][gc,metaspace   ] GC(299) Metaspace: 56409K(56704K)->56409K(56704K) NonClass: 50791K(51008K)->50791K(51008K) Class: 5617K(5696K)->5617K(5696K)
[160.191s][info][gc             ] GC(299) Pause Young (Allocation Failure) 674M->513M(670M) 3.600ms
[160.191s][info][gc,cpu         ] GC(299) User=0.01s Sys=0.00s Real=0.01s
[160.566s][info][gc,start       ] GC(300) Pause Young (Allocation Failure)
[160.571s][info][gc,heap        ] GC(300) PSYoungGen: 162016K(162304K)->2655K(158208K) Eden: 160768K(160768K)->0K(155136K) From: 1248K(1536K)->2655K(3072K)
[160.571s][info][gc,heap        ] GC(300) ParOldGen: 524109K(524288K)->524125K(524288K)
[160.571s][info][gc,metaspace   ] GC(300) Metaspace: 56409K(56704K)->56409K(56704K) NonClass: 50791K(51008K)->50791K(51008K) Class: 5617K(5696K)->5617K(5696K)
[160.571s][info][gc             ] GC(300) Pause Young (Allocation Failure) 670M->514M(666M) 4.845ms
[160.571s][info][gc,cpu         ] GC(300) User=0.00s Sys=0.01s Real=0.01s
[160.897s][info][gc,start       ] GC(301) Pause Young (Allocation Failure)
[160.900s][info][gc,heap        ] GC(301) PSYoungGen: 157791K(158208K)->1151K(151552K) Eden: 155136K(155136K)->0K(150016K) From: 2655K(3072K)->1151K(1536K)
[160.900s][info][gc,heap        ] GC(301) ParOldGen: 524125K(524288K)->524141K(524288K)
[160.900s][info][gc,metaspace   ] GC(301) Metaspace: 56409K(56704K)->56409K(56704K) NonClass: 50791K(51008K)->50791K(51008K) Class: 5617K(5696K)->5617K(5696K)
[160.900s][info][gc             ] GC(301) Pause Young (Allocation Failure) 665M->512M(660M) 3.151ms
[160.900s][info][gc,cpu         ] GC(301) User=0.01s Sys=0.00s Real=0.01s
[161.260s][info][gc,start       ] GC(302) Pause Young (Allocation Failure)
[161.264s][info][gc,heap        ] GC(302) PSYoungGen: 150972K(151552K)->1088K(146432K) Eden: 149821K(150016K)->0K(144896K) From: 1151K(1536K)->1088K(1536K)
[161.264s][info][gc,heap        ] GC(302) ParOldGen: 524141K(524288K)->524157K(524288K)
[161.264s][info][gc,metaspace   ] GC(302) Metaspace: 56409K(56704K)->56409K(56704K) NonClass: 50791K(51008K)->50791K(51008K) Class: 5617K(5696K)->5617K(5696K)
[161.264s][info][gc             ] GC(302) Pause Young (Allocation Failure) 659M->512M(655M) 3.561ms
[161.264s][info][gc,cpu         ] GC(302) User=0.01s Sys=0.00s Real=0.00s
[161.575s][info][gc,start       ] GC(303) Pause Young (Allocation Failure)
[161.579s][info][gc,heap        ] GC(303) PSYoungGen: 145984K(146432K)->2463K(176640K) Eden: 144896K(144896K)->0K(174080K) From: 1088K(1536K)->2463K(2560K)
[161.579s][info][gc,heap        ] GC(303) ParOldGen: 524157K(524288K)->524173K(524288K)
[161.580s][info][gc,metaspace   ] GC(303) Metaspace: 56409K(56704K)->56409K(56704K) NonClass: 50791K(51008K)->50791K(51008K) Class: 5617K(5696K)->5617K(5696K)
[161.580s][info][gc             ] GC(303) Pause Young (Allocation Failure) 654M->514M(684M) 4.663ms
[161.580s][info][gc,cpu         ] GC(303) User=0.01s Sys=0.00s Real=0.01s
[161.974s][info][gc,start       ] GC(304) Pause Young (Allocation Failure)
[161.978s][info][gc,heap        ] GC(304) PSYoungGen: 176543K(176640K)->2271K(211456K) Eden: 174080K(174080K)->0K(208896K) From: 2463K(2560K)->2271K(2560K)
[161.978s][info][gc,heap        ] GC(304) ParOldGen: 524173K(524288K)->524189K(524288K)
[161.978s][info][gc,metaspace   ] GC(304) Metaspace: 56409K(56704K)->56409K(56704K) NonClass: 50791K(51008K)->50791K(51008K) Class: 5617K(5696K)->5617K(5696K)
[161.978s][info][gc             ] GC(304) Pause Young (Allocation Failure) 684M->514M(718M) 4.476ms
[161.978s][info][gc,cpu         ] GC(304) User=0.01s Sys=0.00s Real=0.00s
[162.458s][info][gc,start       ] GC(305) Pause Young (Allocation Failure)
[162.462s][info][gc,heap        ] GC(305) PSYoungGen: 211167K(211456K)->1376K(202752K) Eden: 208896K(208896K)->0K(201216K) From: 2271K(2560K)->1376K(1536K)
[162.462s][info][gc,heap        ] GC(305) ParOldGen: 524189K(524288K)->524205K(524288K)
[162.462s][info][gc,metaspace   ] GC(305) Metaspace: 56409K(56704K)->56409K(56704K) NonClass: 50791K(51008K)->50791K(51008K) Class: 5617K(5696K)->5617K(5696K)
[162.462s][info][gc             ] GC(305) Pause Young (Allocation Failure) 718M->513M(710M) 3.679ms
[162.462s][info][gc,cpu         ] GC(305) User=0.00s Sys=0.00s Real=0.01s
[162.884s][info][gc,start       ] GC(306) Pause Young (Allocation Failure)
[162.908s][info][gc,heap        ] GC(306) PSYoungGen: 202592K(202752K)->3167K(216576K) Eden: 201216K(201216K)->0K(212992K) From: 1376K(1536K)->3167K(3584K)
[162.908s][info][gc,heap        ] GC(306) ParOldGen: 524205K(524288K)->524221K(524288K)
[162.908s][info][gc,metaspace   ] GC(306) Metaspace: 56409K(56704K)->56409K(56704K) NonClass: 50791K(51008K)->50791K(51008K) Class: 5617K(5696K)->5617K(5696K)
[162.908s][info][gc             ] GC(306) Pause Young (Allocation Failure) 709M->515M(723M) 24.443ms
[162.908s][info][gc,cpu         ] GC(306) User=0.02s Sys=0.00s Real=0.02s
[163.383s][info][gc,start       ] GC(307) Pause Young (Allocation Failure)
[163.391s][info][gc,heap        ] GC(307) PSYoungGen: 216159K(216576K)->3648K(245248K) Eden: 212992K(212992K)->0K(241152K) From: 3167K(3584K)->3648K(4096K)
[163.391s][info][gc,heap        ] GC(307) ParOldGen: 524221K(524288K)->524237K(524288K)
[163.391s][info][gc,metaspace   ] GC(307) Metaspace: 56409K(56704K)->56409K(56704K) NonClass: 50791K(51008K)->50791K(51008K) Class: 5617K(5696K)->5617K(5696K)
[163.391s][info][gc             ] GC(307) Pause Young (Allocation Failure) 723M->515M(751M) 8.060ms
[163.391s][info][gc,cpu         ] GC(307) User=0.02s Sys=0.00s Real=0.01s
[163.884s][info][gc,start       ] GC(308) Pause Young (Allocation Failure)
[163.890s][info][gc,heap        ] GC(308) PSYoungGen: 244674K(245248K)->2400K(245760K) Eden: 241026K(241152K)->0K(241152K) From: 3648K(4096K)->2400K(4608K)
[163.890s][info][gc,heap        ] GC(308) ParOldGen: 524237K(524288K)->524253K(524288K)
[163.890s][info][gc,metaspace   ] GC(308) Metaspace: 56409K(56704K)->56409K(56704K) NonClass: 50791K(51008K)->50791K(51008K) Class: 5617K(5696K)->5617K(5696K)
[163.890s][info][gc             ] GC(308) Pause Young (Allocation Failure) 750M->514M(752M) 5.642ms
[163.890s][info][gc,cpu         ] GC(308) User=0.01s Sys=0.00s Real=0.01s
[164.473s][info][gc,start       ] GC(309) Pause Young (Allocation Failure)
[164.479s][info][gc,heap        ] GC(309) PSYoungGen: 243552K(245760K)->2400K(294400K) Eden: 241152K(241152K)->0K(289792K) From: 2400K(4608K)->2400K(4608K)
[164.479s][info][gc,heap        ] GC(309) ParOldGen: 524253K(524288K)->524269K(524288K)
[164.479s][info][gc,metaspace   ] GC(309) Metaspace: 56409K(56704K)->56409K(56704K) NonClass: 50791K(51008K)->50791K(51008K) Class: 5617K(5696K)->5617K(5696K)
[164.479s][info][gc             ] GC(309) Pause Young (Allocation Failure) 749M->514M(799M) 5.758ms
[164.479s][info][gc,cpu         ] GC(309) User=0.01s Sys=0.00s Real=0.01s
[165.066s][info][gc,start       ] GC(310) Pause Young (Allocation Failure)
[165.106s][info][gc,heap        ] GC(310) PSYoungGen: 265941K(294400K)->64K(294400K) Eden: 263541K(289792K)->0K(289792K) From: 2400K(4608K)->64K(4608K)
[165.106s][info][gc,heap        ] GC(310) ParOldGen: 524269K(524288K)->563348K(563712K)
[165.106s][info][gc,metaspace   ] GC(310) Metaspace: 56417K(56704K)->56417K(56704K) NonClass: 50799K(51008K)->50799K(51008K) Class: 5617K(5696K)->5617K(5696K)
[165.106s][info][gc             ] GC(310) Pause Young (Allocation Failure) 771M->550M(838M) 39.800ms
[165.106s][info][gc,cpu         ] GC(310) User=0.06s Sys=0.02s Real=0.04s
[168.069s][info][gc,start       ] GC(311) Pause Young (Allocation Failure)
[168.139s][info][gc,heap        ] GC(311) PSYoungGen: 289856K(294400K)->4601K(256512K) Eden: 289792K(289792K)->0K(251904K) From: 64K(4608K)->4601K(4608K)
[168.140s][info][gc,heap        ] GC(311) ParOldGen: 563348K(563712K)->659690K(659968K)
[168.140s][info][gc,metaspace   ] GC(311) Metaspace: 56682K(57024K)->56682K(57024K) NonClass: 51064K(51328K)->51064K(51328K) Class: 5617K(5696K)->5617K(5696K)
[168.140s][info][gc             ] GC(311) Pause Young (Allocation Failure) 833M->648M(895M) 70.072ms
[168.140s][info][gc,cpu         ] GC(311) User=0.07s Sys=0.06s Real=0.07s
[168.652s][info][gc,start       ] GC(312) Pause Full (Allocation Failure)
[168.652s][info][gc,phases,start] GC(312) Marking Phase
[168.696s][info][gc,phases      ] GC(312) Marking Phase 44.287ms
[168.696s][info][gc,phases,start] GC(312) Summary Phase
[168.696s][info][gc,phases      ] GC(312) Summary Phase 0.031ms
[168.696s][info][gc,phases,start] GC(312) Forward
[168.704s][info][gc,phases      ] GC(312) Forward 7.557ms
[168.704s][info][gc,phases,start] GC(312) Adjust Pointers
[168.729s][info][gc,phases      ] GC(312) Adjust Pointers 25.095ms
[168.729s][info][gc,phases,start] GC(312) Compaction Phase
[168.749s][info][gc,phases      ] GC(312) Compaction Phase 20.294ms
[168.750s][info][gc,phases,start] GC(312) Post Compact
[168.762s][info][gc,phases      ] GC(312) Post Compact 12.800ms
[168.785s][info][gc,heap        ] GC(312) PSYoungGen: 256505K(256512K)->0K(292864K) Eden: 251904K(251904K)->0K(251904K) From: 4601K(4608K)->0K(40960K)
[168.785s][info][gc,heap        ] GC(312) ParOldGen: 659690K(659968K)->286116K(401408K)
[168.785s][info][gc,metaspace   ] GC(312) Metaspace: 56682K(57024K)->56682K(57024K) NonClass: 51064K(51328K)->51064K(51328K) Class: 5617K(5696K)->5617K(5696K)
[168.785s][info][gc             ] GC(312) Pause Full (Allocation Failure) 894M->279M(678M) 133.261ms
[168.785s][info][gc,cpu         ] GC(312) User=0.15s Sys=0.04s Real=0.13s
[169.179s][info][gc,start       ] GC(313) Pause Young (Allocation Failure)
[169.185s][info][gc,heap        ] GC(313) PSYoungGen: 251904K(292864K)->2912K(289792K) Eden: 251904K(251904K)->0K(251904K) From: 0K(40960K)->2912K(37888K)
[169.185s][info][gc,heap        ] GC(313) ParOldGen: 286116K(401408K)->286116K(401408K)
[169.185s][info][gc,metaspace   ] GC(313) Metaspace: 56682K(57024K)->56682K(57024K) NonClass: 51064K(51328K)->51064K(51328K) Class: 5617K(5696K)->5617K(5696K)
[169.185s][info][gc             ] GC(313) Pause Young (Allocation Failure) 525M->282M(675M) 6.077ms
[169.185s][info][gc,cpu         ] GC(313) User=0.01s Sys=0.00s Real=0.00s
[169.768s][info][gc,start       ] GC(314) Pause Young (Allocation Failure)
[169.772s][info][gc,heap        ] GC(314) PSYoungGen: 254816K(289792K)->2559K(291328K) Eden: 251904K(251904K)->0K(251904K) From: 2912K(37888K)->2559K(39424K)
[169.772s][info][gc,heap        ] GC(314) ParOldGen: 286116K(401408K)->286332K(401408K)
[169.772s][info][gc,metaspace   ] GC(314) Metaspace: 56682K(57024K)->56682K(57024K) NonClass: 51064K(51328K)->51064K(51328K) Class: 5617K(5696K)->5617K(5696K)
[169.772s][info][gc             ] GC(314) Pause Young (Allocation Failure) 528M->282M(676M) 4.327ms
[169.772s][info][gc,cpu         ] GC(314) User=0.01s Sys=0.00s Real=0.01s
[170.353s][info][gc,start       ] GC(315) Pause Young (Allocation Failure)
[170.356s][info][gc,heap        ] GC(315) PSYoungGen: 254463K(291328K)->960K(292352K) Eden: 251904K(251904K)->0K(256512K) From: 2559K(39424K)->960K(35840K)
[170.356s][info][gc,heap        ] GC(315) ParOldGen: 286332K(401408K)->286348K(401408K)
[170.356s][info][gc,metaspace   ] GC(315) Metaspace: 56682K(57024K)->56682K(57024K) NonClass: 51064K(51328K)->51064K(51328K) Class: 5617K(5696K)->5617K(5696K)
[170.356s][info][gc             ] GC(315) Pause Young (Allocation Failure) 528M->280M(677M) 2.610ms
[170.356s][info][gc,cpu         ] GC(315) User=0.01s Sys=0.00s Real=0.00s
[170.897s][info][gc,start       ] GC(316) Pause Young (Allocation Failure)
[170.899s][info][gc,heap        ] GC(316) PSYoungGen: 257472K(292352K)->1247K(293376K) Eden: 256512K(256512K)->0K(256512K) From: 960K(35840K)->1247K(36864K)
[170.899s][info][gc,heap        ] GC(316) ParOldGen: 286348K(401408K)->286364K(401408K)
[170.900s][info][gc,metaspace   ] GC(316) Metaspace: 56682K(57024K)->56682K(57024K) NonClass: 51064K(51328K)->51064K(51328K) Class: 5617K(5696K)->5617K(5696K)
[170.900s][info][gc             ] GC(316) Pause Young (Allocation Failure) 531M->280M(678M) 2.668ms
[170.900s][info][gc,cpu         ] GC(316) User=0.00s Sys=0.00s Real=0.01s
[171.484s][info][gc,start       ] GC(317) Pause Young (Allocation Failure)
[171.490s][info][gc,heap        ] GC(317) PSYoungGen: 257759K(293376K)->2879K(294400K) Eden: 256512K(256512K)->0K(261632K) From: 1247K(36864K)->2879K(32768K)
[171.490s][info][gc,heap        ] GC(317) ParOldGen: 286364K(401408K)->286380K(401408K)
[171.490s][info][gc,metaspace   ] GC(317) Metaspace: 56682K(57024K)->56682K(57024K) NonClass: 51064K(51328K)->51064K(51328K) Class: 5617K(5696K)->5617K(5696K)
[171.490s][info][gc             ] GC(317) Pause Young (Allocation Failure) 531M->282M(679M) 5.823ms
[171.490s][info][gc,cpu         ] GC(317) User=0.01s Sys=0.00s Real=0.01s
[172.080s][info][gc,start       ] GC(318) Pause Young (Allocation Failure)
[172.084s][info][gc,heap        ] GC(318) PSYoungGen: 264511K(294400K)->2719K(295424K) Eden: 261632K(261632K)->0K(261632K) From: 2879K(32768K)->2719K(33792K)
[172.084s][info][gc,heap        ] GC(318) ParOldGen: 286380K(401408K)->286396K(401408K)
[172.084s][info][gc,metaspace   ] GC(318) Metaspace: 56682K(57024K)->56682K(57024K) NonClass: 51064K(51328K)->51064K(51328K) Class: 5617K(5696K)->5617K(5696K)
[172.084s][info][gc             ] GC(318) Pause Young (Allocation Failure) 537M->282M(680M) 4.386ms
[172.084s][info][gc,cpu         ] GC(318) User=0.01s Sys=0.00s Real=0.00s
[172.664s][info][gc,start       ] GC(319) Pause Young (Allocation Failure)
[172.669s][info][gc,heap        ] GC(319) PSYoungGen: 264351K(295424K)->2303K(297984K) Eden: 261632K(261632K)->0K(268288K) From: 2719K(33792K)->2303K(29696K)
[172.669s][info][gc,heap        ] GC(319) ParOldGen: 286396K(401408K)->286412K(401408K)
[172.669s][info][gc,metaspace   ] GC(319) Metaspace: 56682K(57024K)->56682K(57024K) NonClass: 51064K(51328K)->51064K(51328K) Class: 5617K(5696K)->5617K(5696K)
[172.669s][info][gc             ] GC(319) Pause Young (Allocation Failure) 537M->281M(683M) 4.703ms
[172.669s][info][gc,cpu         ] GC(319) User=0.01s Sys=0.00s Real=0.00s
[173.271s][info][gc,start       ] GC(320) Pause Young (Allocation Failure)
[173.275s][info][gc,heap        ] GC(320) PSYoungGen: 270591K(297984K)->2208K(260608K) Eden: 268288K(268288K)->0K(258048K) From: 2303K(29696K)->2208K(2560K)
[173.275s][info][gc,heap        ] GC(320) ParOldGen: 286412K(401408K)->286428K(401408K)
[173.275s][info][gc,metaspace   ] GC(320) Metaspace: 56682K(57024K)->56682K(57024K) NonClass: 51064K(51328K)->51064K(51328K) Class: 5617K(5696K)->5617K(5696K)
[173.275s][info][gc             ] GC(320) Pause Young (Allocation Failure) 543M->281M(646M) 4.118ms
[173.275s][info][gc,cpu         ] GC(320) User=0.01s Sys=0.00s Real=0.00s
[173.859s][info][gc,start       ] GC(321) Pause Young (Allocation Failure)
[173.862s][info][gc,heap        ] GC(321) PSYoungGen: 260256K(260608K)->1759K(264192K) Eden: 258048K(258048K)->0K(248320K) From: 2208K(2560K)->1759K(15872K)
[173.862s][info][gc,heap        ] GC(321) ParOldGen: 286428K(401408K)->286444K(401408K)
[173.862s][info][gc,metaspace   ] GC(321) Metaspace: 56682K(57024K)->56682K(57024K) NonClass: 51064K(51328K)->51064K(51328K) Class: 5617K(5696K)->5617K(5696K)
[173.862s][info][gc             ] GC(321) Pause Young (Allocation Failure) 533M->281M(650M) 3.377ms
[173.862s][info][gc,cpu         ] GC(321) User=0.01s Sys=0.00s Real=0.00s
[174.447s][info][gc,start       ] GC(322) Pause Young (Allocation Failure)
[174.451s][info][gc,heap        ] GC(322) PSYoungGen: 250079K(264192K)->1247K(240128K) Eden: 248320K(248320K)->0K(238592K) From: 1759K(15872K)->1247K(1536K)
[174.451s][info][gc,heap        ] GC(322) ParOldGen: 286444K(401408K)->286460K(401408K)
[174.451s][info][gc,metaspace   ] GC(322) Metaspace: 56682K(57024K)->56682K(57024K) NonClass: 51064K(51328K)->51064K(51328K) Class: 5617K(5696K)->5617K(5696K)
[174.451s][info][gc             ] GC(322) Pause Young (Allocation Failure) 523M->280M(626M) 4.461ms
[174.451s][info][gc,cpu         ] GC(322) User=0.00s Sys=0.00s Real=0.01s
[174.964s][info][gc,start       ] GC(323) Pause Young (Allocation Failure)
[174.969s][info][gc,heap        ] GC(323) PSYoungGen: 239839K(240128K)->2239K(243200K) Eden: 238592K(238592K)->0K(229376K) From: 1247K(1536K)->2239K(13824K)
[174.969s][info][gc,heap        ] GC(323) ParOldGen: 286460K(401408K)->286476K(401408K)
[174.969s][info][gc,metaspace   ] GC(323) Metaspace: 56682K(57024K)->56682K(57024K) NonClass: 51064K(51328K)->51064K(51328K) Class: 5617K(5696K)->5617K(5696K)
[174.969s][info][gc             ] GC(323) Pause Young (Allocation Failure) 513M->281M(629M) 4.881ms
[174.969s][info][gc,cpu         ] GC(323) User=0.00s Sys=0.00s Real=0.01s
[175.466s][info][gc,start       ] GC(324) Pause Young (Allocation Failure)
[175.471s][info][gc,heap        ] GC(324) PSYoungGen: 231615K(243200K)->2303K(223232K) Eden: 229376K(229376K)->0K(220672K) From: 2239K(13824K)->2303K(2560K)
[175.471s][info][gc,heap        ] GC(324) ParOldGen: 286476K(401408K)->286492K(401408K)
[175.471s][info][gc,metaspace   ] GC(324) Metaspace: 56682K(57024K)->56682K(57024K) NonClass: 51064K(51328K)->51064K(51328K) Class: 5617K(5696K)->5617K(5696K)
[175.471s][info][gc             ] GC(324) Pause Young (Allocation Failure) 505M->282M(610M) 4.981ms
[175.471s][info][gc,cpu         ] GC(324) User=0.00s Sys=0.00s Real=0.01s
[175.969s][info][gc,start       ] GC(325) Pause Young (Allocation Failure)
[175.975s][info][gc,heap        ] GC(325) PSYoungGen: 222975K(223232K)->2783K(224256K) Eden: 220672K(220672K)->0K(212480K) From: 2303K(2560K)->2783K(11776K)
[175.975s][info][gc,heap        ] GC(325) ParOldGen: 286492K(401408K)->286508K(401408K)
[175.975s][info][gc,metaspace   ] GC(325) Metaspace: 56682K(57024K)->56682K(57024K) NonClass: 51064K(51328K)->51064K(51328K) Class: 5617K(5696K)->5617K(5696K)
[175.975s][info][gc             ] GC(325) Pause Young (Allocation Failure) 497M->282M(611M) 5.688ms
[175.975s][info][gc,cpu         ] GC(325) User=0.01s Sys=0.00s Real=0.00s
[176.547s][info][gc,start       ] GC(326) Pause Young (Allocation Failure)
[176.550s][info][gc,heap        ] GC(326) PSYoungGen: 214963K(224256K)->416K(205312K) Eden: 212180K(212480K)->0K(204800K) From: 2783K(11776K)->416K(512K)
[176.550s][info][gc,heap        ] GC(326) ParOldGen: 286508K(401408K)->286524K(401408K)
[176.550s][info][gc,metaspace   ] GC(326) Metaspace: 56682K(57024K)->56682K(57024K) NonClass: 51064K(51328K)->51064K(51328K) Class: 5617K(5696K)->5617K(5696K)
[176.550s][info][gc             ] GC(326) Pause Young (Allocation Failure) 489M->280M(592M) 2.644ms
[176.550s][info][gc,cpu         ] GC(326) User=0.01s Sys=0.00s Real=0.01s
[176.877s][info][gc,start       ] GC(327) Pause Young (Allocation Failure)
[176.883s][info][gc,heap        ] GC(327) PSYoungGen: 205216K(205312K)->2624K(207872K) Eden: 204800K(204800K)->0K(197120K) From: 416K(512K)->2624K(10752K)
[176.883s][info][gc,heap        ] GC(327) ParOldGen: 286524K(401408K)->286540K(401408K)
[176.883s][info][gc,metaspace   ] GC(327) Metaspace: 56682K(57024K)->56682K(57024K) NonClass: 51064K(51328K)->51064K(51328K) Class: 5617K(5696K)->5617K(5696K)
[176.883s][info][gc             ] GC(327) Pause Young (Allocation Failure) 480M->282M(595M) 5.272ms
[176.883s][info][gc,cpu         ] GC(327) User=0.01s Sys=0.00s Real=0.01s
[177.353s][info][gc,start       ] GC(328) Pause Young (Allocation Failure)
[177.356s][info][gc,heap        ] GC(328) PSYoungGen: 199744K(207872K)->1620K(192000K) Eden: 197120K(197120K)->0K(189952K) From: 2624K(10752K)->1620K(2048K)
[177.356s][info][gc,heap        ] GC(328) ParOldGen: 286540K(401408K)->286556K(401408K)
[177.356s][info][gc,metaspace   ] GC(328) Metaspace: 56682K(57024K)->56682K(57024K) NonClass: 51064K(51328K)->51064K(51328K) Class: 5617K(5696K)->5617K(5696K)
[177.356s][info][gc             ] GC(328) Pause Young (Allocation Failure) 474M->281M(579M) 3.509ms
[177.356s][info][gc,cpu         ] GC(328) User=0.00s Sys=0.00s Real=0.00s
[177.767s][info][gc,start       ] GC(329) Pause Young (Allocation Failure)
[177.771s][info][gc,heap        ] GC(329) PSYoungGen: 191572K(192000K)->1760K(193024K) Eden: 189952K(189952K)->0K(183296K) From: 1620K(2048K)->1760K(9728K)
[177.771s][info][gc,heap        ] GC(329) ParOldGen: 286556K(401408K)->286572K(401408K)
[177.771s][info][gc,metaspace   ] GC(329) Metaspace: 56682K(57024K)->56682K(57024K) NonClass: 51064K(51328K)->51064K(51328K) Class: 5617K(5696K)->5617K(5696K)
[177.771s][info][gc             ] GC(329) Pause Young (Allocation Failure) 466M->281M(580M) 4.164ms
[177.771s][info][gc,cpu         ] GC(329) User=0.01s Sys=0.00s Real=0.01s
[178.172s][info][gc,start       ] GC(330) Pause Young (Allocation Failure)
[178.177s][info][gc,heap        ] GC(330) PSYoungGen: 185056K(193024K)->2655K(179712K) Eden: 183296K(183296K)->0K(176640K) From: 1760K(9728K)->2655K(3072K)
[178.177s][info][gc,heap        ] GC(330) ParOldGen: 286572K(401408K)->286588K(401408K)
[178.177s][info][gc,metaspace   ] GC(330) Metaspace: 56682K(57024K)->56682K(57024K) NonClass: 51064K(51328K)->51064K(51328K) Class: 5617K(5696K)->5617K(5696K)
[178.177s][info][gc             ] GC(330) Pause Young (Allocation Failure) 460M->282M(567M) 4.951ms
[178.177s][info][gc,cpu         ] GC(330) User=0.01s Sys=0.01s Real=0.00s
[178.576s][info][gc,start       ] GC(331) Pause Young (Allocation Failure)
[178.581s][info][gc,heap        ] GC(331) PSYoungGen: 179295K(179712K)->2911K(177664K) Eden: 176640K(176640K)->0K(170496K) From: 2655K(3072K)->2911K(7168K)
[178.581s][info][gc,heap        ] GC(331) ParOldGen: 286588K(401408K)->286604K(401408K)
[178.581s][info][gc,metaspace   ] GC(331) Metaspace: 56682K(57024K)->56682K(57024K) NonClass: 51064K(51328K)->51064K(51328K) Class: 5617K(5696K)->5617K(5696K)
[178.581s][info][gc             ] GC(331) Pause Young (Allocation Failure) 454M->282M(565M) 5.304ms
[178.581s][info][gc,cpu         ] GC(331) User=0.01s Sys=0.00s Real=0.01s
[178.966s][info][gc,start       ] GC(332) Pause Young (Allocation Failure)
[178.971s][info][gc,heap        ] GC(332) PSYoungGen: 173407K(177664K)->2431K(167424K) Eden: 170496K(170496K)->0K(164864K) From: 2911K(7168K)->2431K(2560K)
[178.971s][info][gc,heap        ] GC(332) ParOldGen: 286604K(401408K)->286620K(401408K)
[178.971s][info][gc,metaspace   ] GC(332) Metaspace: 56682K(57024K)->56682K(57024K) NonClass: 51064K(51328K)->51064K(51328K) Class: 5617K(5696K)->5617K(5696K)
[178.971s][info][gc             ] GC(332) Pause Young (Allocation Failure) 449M->282M(555M) 4.414ms
[178.971s][info][gc,cpu         ] GC(332) User=0.01s Sys=0.00s Real=0.01s
[179.356s][info][gc,start       ] GC(333) Pause Young (Allocation Failure)
[179.370s][info][gc,heap        ] GC(333) PSYoungGen: 167295K(167424K)->1939K(180224K) Eden: 164864K(164864K)->0K(166400K) From: 2431K(2560K)->1939K(13824K)
[179.370s][info][gc,heap        ] GC(333) ParOldGen: 286620K(401408K)->286636K(401408K)
[179.371s][info][gc,metaspace   ] GC(333) Metaspace: 56682K(57024K)->56682K(57024K) NonClass: 51064K(51328K)->51064K(51328K) Class: 5617K(5696K)->5617K(5696K)
[179.371s][info][gc             ] GC(333) Pause Young (Allocation Failure) 443M->281M(568M) 14.094ms
[179.371s][info][gc,cpu         ] GC(333) User=0.01s Sys=0.00s Real=0.02s
[179.693s][info][gc,start       ] GC(334) Pause Young (Allocation Failure)
[179.696s][info][gc,heap        ] GC(334) PSYoungGen: 168339K(180224K)->959K(179712K) Eden: 166400K(166400K)->0K(166400K) From: 1939K(13824K)->959K(13312K)
[179.696s][info][gc,heap        ] GC(334) ParOldGen: 286636K(401408K)->286652K(401408K)
[179.696s][info][gc,metaspace   ] GC(334) Metaspace: 56682K(57024K)->56682K(57024K) NonClass: 51064K(51328K)->51064K(51328K) Class: 5617K(5696K)->5617K(5696K)
[179.696s][info][gc             ] GC(334) Pause Young (Allocation Failure) 444M->280M(567M) 2.281ms
[179.696s][info][gc,cpu         ] GC(334) User=0.01s Sys=0.00s Real=0.00s
[180.080s][info][gc,start       ] GC(335) Pause Young (Allocation Failure)
[180.085s][info][gc,heap        ] GC(335) PSYoungGen: 167359K(179712K)->2176K(209408K) Eden: 166400K(166400K)->0K(198144K) From: 959K(13312K)->2176K(11264K)
[180.085s][info][gc,heap        ] GC(335) ParOldGen: 286652K(401408K)->286668K(401408K)
[180.085s][info][gc,metaspace   ] GC(335) Metaspace: 56682K(57024K)->56682K(57024K) NonClass: 51064K(51328K)->51064K(51328K) Class: 5617K(5696K)->5617K(5696K)
[180.085s][info][gc             ] GC(335) Pause Young (Allocation Failure) 443M->282M(596M) 5.492ms
[180.085s][info][gc,cpu         ] GC(335) User=0.01s Sys=0.00s Real=0.00s
[180.564s][info][gc,start       ] GC(336) Pause Young (Allocation Failure)
[180.567s][info][gc,heap        ] GC(336) PSYoungGen: 200320K(209408K)->832K(209920K) Eden: 198144K(198144K)->0K(198144K) From: 2176K(11264K)->832K(11776K)
[180.567s][info][gc,heap        ] GC(336) ParOldGen: 286668K(401408K)->286684K(401408K)
[180.567s][info][gc,metaspace   ] GC(336) Metaspace: 56682K(57024K)->56682K(57024K) NonClass: 51064K(51328K)->51064K(51328K) Class: 5617K(5696K)->5617K(5696K)
[180.567s][info][gc             ] GC(336) Pause Young (Allocation Failure) 475M->280M(597M) 2.690ms
[180.567s][info][gc,cpu         ] GC(336) User=0.01s Sys=0.00s Real=0.00s
[180.977s][info][gc,start       ] GC(337) Pause Young (Allocation Failure)
[180.982s][info][gc,heap        ] GC(337) PSYoungGen: 198787K(209920K)->2336K(245248K) Eden: 197955K(198144K)->0K(236032K) From: 832K(11776K)->2336K(9216K)
[180.982s][info][gc,heap        ] GC(337) ParOldGen: 286684K(401408K)->286700K(401408K)
[180.982s][info][gc,metaspace   ] GC(337) Metaspace: 56682K(57024K)->56682K(57024K) NonClass: 51064K(51328K)->51064K(51328K) Class: 5617K(5696K)->5617K(5696K)
[180.982s][info][gc             ] GC(337) Pause Young (Allocation Failure) 474M->282M(631M) 5.111ms
[180.982s][info][gc,cpu         ] GC(337) User=0.00s Sys=0.00s Real=0.01s
[181.506s][info][gc,start       ] GC(338) Pause Young (Allocation Failure)
[181.509s][info][gc,heap        ] GC(338) PSYoungGen: 238092K(245248K)->832K(246272K) Eden: 235756K(236032K)->0K(236032K) From: 2336K(9216K)->832K(10240K)
[181.509s][info][gc,heap        ] GC(338) ParOldGen: 286700K(401408K)->286716K(401408K)
[181.509s][info][gc,metaspace   ] GC(338) Metaspace: 56682K(57024K)->56682K(57024K) NonClass: 51064K(51328K)->51064K(51328K) Class: 5617K(5696K)->5617K(5696K)
[181.509s][info][gc             ] GC(338) Pause Young (Allocation Failure) 512M->280M(632M) 2.867ms
[181.509s][info][gc,cpu         ] GC(338) User=0.01s Sys=0.00s Real=0.01s
[182.062s][info][gc,start       ] GC(339) Pause Young (Allocation Failure)
[182.066s][info][gc,heap        ] GC(339) PSYoungGen: 236864K(246272K)->1887K(229376K) Eden: 236032K(236032K)->0K(227328K) From: 832K(10240K)->1887K(2048K)
[182.066s][info][gc,heap        ] GC(339) ParOldGen: 286716K(401408K)->286732K(401408K)
[182.066s][info][gc,metaspace   ] GC(339) Metaspace: 56682K(57024K)->56682K(57024K) NonClass: 51064K(51328K)->51064K(51328K) Class: 5617K(5696K)->5617K(5696K)
[182.066s][info][gc             ] GC(339) Pause Young (Allocation Failure) 511M->281M(616M) 4.082ms
[182.066s][info][gc,cpu         ] GC(339) User=0.01s Sys=0.01s Real=0.00s
[182.565s][info][gc,start       ] GC(340) Pause Young (Allocation Failure)
[182.570s][info][gc,heap        ] GC(340) PSYoungGen: 229215K(229376K)->2239K(221184K) Eden: 227328K(227328K)->0K(218624K) From: 1887K(2048K)->2239K(2560K)
[182.570s][info][gc,heap        ] GC(340) ParOldGen: 286732K(401408K)->286748K(401408K)
[182.570s][info][gc,metaspace   ] GC(340) Metaspace: 56682K(57024K)->56682K(57024K) NonClass: 51064K(51328K)->51064K(51328K) Class: 5617K(5696K)->5617K(5696K)
[182.570s][info][gc             ] GC(340) Pause Young (Allocation Failure) 503M->282M(608M) 4.849ms
[182.570s][info][gc,cpu         ] GC(340) User=0.01s Sys=0.00s Real=0.01s
[183.065s][info][gc,start       ] GC(341) Pause Young (Allocation Failure)
[183.070s][info][gc,heap        ] GC(341) PSYoungGen: 220863K(221184K)->2175K(212992K) Eden: 218624K(218624K)->0K(210432K) From: 2239K(2560K)->2175K(2560K)
[183.070s][info][gc,heap        ] GC(341) ParOldGen: 286748K(401408K)->286764K(401408K)
[183.070s][info][gc,metaspace   ] GC(341) Metaspace: 56682K(57024K)->56682K(57024K) NonClass: 51064K(51328K)->51064K(51328K) Class: 5617K(5696K)->5617K(5696K)
[183.070s][info][gc             ] GC(341) Pause Young (Allocation Failure) 495M->282M(600M) 4.604ms
[183.070s][info][gc,cpu         ] GC(341) User=0.00s Sys=0.00s Real=0.01s
[183.549s][info][gc,start       ] GC(342) Pause Young (Allocation Failure)
[183.551s][info][gc,heap        ] GC(342) PSYoungGen: 212607K(212992K)->384K(203264K) Eden: 210432K(210432K)->0K(202752K) From: 2175K(2560K)->384K(512K)
[183.551s][info][gc,heap        ] GC(342) ParOldGen: 286764K(401408K)->286780K(401408K)
[183.551s][info][gc,metaspace   ] GC(342) Metaspace: 56682K(57024K)->56682K(57024K) NonClass: 51064K(51328K)->51064K(51328K) Class: 5617K(5696K)->5617K(5696K)
[183.551s][info][gc             ] GC(342) Pause Young (Allocation Failure) 487M->280M(590M) 2.185ms
[183.551s][info][gc,cpu         ] GC(342) User=0.00s Sys=0.00s Real=0.01s
[183.971s][info][gc,start       ] GC(343) Pause Young (Allocation Failure)
[183.976s][info][gc,heap        ] GC(343) PSYoungGen: 203136K(203264K)->2911K(198656K) Eden: 202752K(202752K)->0K(195584K) From: 384K(512K)->2911K(3072K)
[183.976s][info][gc,heap        ] GC(343) ParOldGen: 286780K(401408K)->286796K(401408K)
[183.976s][info][gc,metaspace   ] GC(343) Metaspace: 56682K(57024K)->56682K(57024K) NonClass: 51064K(51328K)->51064K(51328K) Class: 5617K(5696K)->5617K(5696K)
[183.976s][info][gc             ] GC(343) Pause Young (Allocation Failure) 478M->282M(586M) 5.117ms
[183.976s][info][gc,cpu         ] GC(343) User=0.01s Sys=0.00s Real=0.00s
[184.391s][info][gc,start       ] GC(344) Pause Young (Allocation Failure)
[184.394s][info][gc,heap        ] GC(344) PSYoungGen: 198495K(198656K)->1310K(189952K) Eden: 195584K(195584K)->0K(188416K) From: 2911K(3072K)->1310K(1536K)
[184.394s][info][gc,heap        ] GC(344) ParOldGen: 286796K(401408K)->286812K(401408K)
[184.394s][info][gc,metaspace   ] GC(344) Metaspace: 56682K(57024K)->56682K(57024K) NonClass: 51064K(51328K)->51064K(51328K) Class: 5617K(5696K)->5617K(5696K)
[184.394s][info][gc             ] GC(344) Pause Young (Allocation Failure) 473M->281M(577M) 3.396ms
[184.394s][info][gc,cpu         ] GC(344) User=0.01s Sys=0.00s Real=0.00s
[184.857s][info][gc,start       ] GC(345) Pause Young (Allocation Failure)
[184.859s][info][gc,heap        ] GC(345) PSYoungGen: 189462K(189952K)->352K(182272K) Eden: 188152K(188416K)->0K(181760K) From: 1310K(1536K)->352K(512K)
[184.859s][info][gc,heap        ] GC(345) ParOldGen: 286812K(401408K)->286828K(401408K)
[184.859s][info][gc,metaspace   ] GC(345) Metaspace: 56682K(57024K)->56682K(57024K) NonClass: 51064K(51328K)->51064K(51328K) Class: 5617K(5696K)->5617K(5696K)
[184.859s][info][gc             ] GC(345) Pause Young (Allocation Failure) 465M->280M(570M) 2.052ms
[184.859s][info][gc,cpu         ] GC(345) User=0.00s Sys=0.00s Real=0.01s
[185.262s][info][gc,start       ] GC(346) Pause Young (Allocation Failure)
[185.266s][info][gc,heap        ] GC(346) PSYoungGen: 182112K(182272K)->1791K(182784K) Eden: 181760K(181760K)->0K(175616K) From: 352K(512K)->1791K(7168K)
[185.266s][info][gc,heap        ] GC(346) ParOldGen: 286828K(401408K)->286844K(401408K)
[185.266s][info][gc,metaspace   ] GC(346) Metaspace: 56682K(57024K)->56682K(57024K) NonClass: 51064K(51328K)->51064K(51328K) Class: 5617K(5696K)->5617K(5696K)
[185.266s][info][gc             ] GC(346) Pause Young (Allocation Failure) 457M->281M(570M) 3.811ms
[185.266s][info][gc,cpu         ] GC(346) User=0.00s Sys=0.00s Real=0.00s
[185.664s][info][gc,start       ] GC(347) Pause Young (Allocation Failure)
[185.667s][info][gc,heap        ] GC(347) PSYoungGen: 177407K(182784K)->1536K(171008K) Eden: 175616K(175616K)->0K(169472K) From: 1791K(7168K)->1536K(1536K)
[185.667s][info][gc,heap        ] GC(347) ParOldGen: 286844K(401408K)->286860K(401408K)
[185.667s][info][gc,metaspace   ] GC(347) Metaspace: 56682K(57024K)->56682K(57024K) NonClass: 51064K(51328K)->51064K(51328K) Class: 5617K(5696K)->5617K(5696K)
[185.667s][info][gc             ] GC(347) Pause Young (Allocation Failure) 453M->281M(559M) 3.555ms
[185.667s][info][gc,cpu         ] GC(347) User=0.00s Sys=0.00s Real=0.00s
[186.053s][info][gc,start       ] GC(348) Pause Young (Allocation Failure)
[186.056s][info][gc,heap        ] GC(348) PSYoungGen: 171008K(171008K)->1247K(165376K) Eden: 169472K(169472K)->0K(163840K) From: 1536K(1536K)->1247K(1536K)
[186.056s][info][gc,heap        ] GC(348) ParOldGen: 286860K(401408K)->286876K(401408K)
[186.056s][info][gc,metaspace   ] GC(348) Metaspace: 56682K(57024K)->56682K(57024K) NonClass: 51064K(51328K)->51064K(51328K) Class: 5617K(5696K)->5617K(5696K)
[186.056s][info][gc             ] GC(348) Pause Young (Allocation Failure) 447M->281M(553M) 3.156ms
[186.056s][info][gc,cpu         ] GC(348) User=0.00s Sys=0.00s Real=0.00s
[186.389s][info][gc,start       ] GC(349) Pause Young (Allocation Failure)
[186.392s][info][gc,heap        ] GC(349) PSYoungGen: 165065K(165376K)->1312K(159744K) Eden: 163817K(163840K)->0K(158208K) From: 1247K(1536K)->1312K(1536K)
[186.392s][info][gc,heap        ] GC(349) ParOldGen: 286876K(401408K)->286892K(401408K)
[186.392s][info][gc,metaspace   ] GC(349) Metaspace: 56682K(57024K)->56682K(57024K) NonClass: 51064K(51328K)->51064K(51328K) Class: 5617K(5696K)->5617K(5696K)
[186.392s][info][gc             ] GC(349) Pause Young (Allocation Failure) 441M->281M(548M) 3.536ms
[186.392s][info][gc,cpu         ] GC(349) User=0.01s Sys=0.00s Real=0.01s
[186.766s][info][gc,start       ] GC(350) Pause Young (Allocation Failure)
[186.770s][info][gc,heap        ] GC(350) PSYoungGen: 159520K(159744K)->2463K(155648K) Eden: 158208K(158208K)->0K(153088K) From: 1312K(1536K)->2463K(2560K)
[186.770s][info][gc,heap        ] GC(350) ParOldGen: 286892K(401408K)->286908K(401408K)
[186.770s][info][gc,metaspace   ] GC(350) Metaspace: 56682K(57024K)->56682K(57024K) NonClass: 51064K(51328K)->51064K(51328K) Class: 5617K(5696K)->5617K(5696K)
[186.770s][info][gc             ] GC(350) Pause Young (Allocation Failure) 435M->282M(544M) 4.279ms
[186.770s][info][gc,cpu         ] GC(350) User=0.01s Sys=0.00s Real=0.01s
[187.149s][info][gc,start       ] GC(351) Pause Young (Allocation Failure)
[187.151s][info][gc,heap        ] GC(351) PSYoungGen: 155551K(155648K)->1215K(149504K) Eden: 153088K(153088K)->0K(147968K) From: 2463K(2560K)->1215K(1536K)
[187.151s][info][gc,heap        ] GC(351) ParOldGen: 286908K(401408K)->286924K(401408K)
[187.151s][info][gc,metaspace   ] GC(351) Metaspace: 56682K(57024K)->56682K(57024K) NonClass: 51064K(51328K)->51064K(51328K) Class: 5617K(5696K)->5617K(5696K)
[187.151s][info][gc             ] GC(351) Pause Young (Allocation Failure) 432M->281M(538M) 2.720ms
[187.151s][info][gc,cpu         ] GC(351) User=0.01s Sys=0.00s Real=0.01s
[187.460s][info][gc,start       ] GC(352) Pause Young (Allocation Failure)
[187.463s][info][gc,heap        ] GC(352) PSYoungGen: 149183K(149504K)->1376K(144896K) Eden: 147968K(147968K)->0K(143360K) From: 1215K(1536K)->1376K(1536K)
[187.463s][info][gc,heap        ] GC(352) ParOldGen: 286924K(401408K)->286940K(401408K)
[187.463s][info][gc,metaspace   ] GC(352) Metaspace: 56682K(57024K)->56682K(57024K) NonClass: 51064K(51328K)->51064K(51328K) Class: 5617K(5696K)->5617K(5696K)
[187.463s][info][gc             ] GC(352) Pause Young (Allocation Failure) 425M->281M(533M) 3.673ms
[187.463s][info][gc,cpu         ] GC(352) User=0.01s Sys=0.00s Real=0.00s
[187.765s][info][gc,start       ] GC(353) Pause Young (Allocation Failure)
[187.769s][info][gc,heap        ] GC(353) PSYoungGen: 144736K(144896K)->2623K(173568K) Eden: 143360K(143360K)->0K(170496K) From: 1376K(1536K)->2623K(3072K)
[187.769s][info][gc,heap        ] GC(353) ParOldGen: 286940K(401408K)->286956K(401408K)
[187.769s][info][gc,metaspace   ] GC(353) Metaspace: 56682K(57024K)->56682K(57024K) NonClass: 51064K(51328K)->51064K(51328K) Class: 5617K(5696K)->5617K(5696K)
[187.769s][info][gc             ] GC(353) Pause Young (Allocation Failure) 421M->282M(561M) 4.345ms
[187.769s][info][gc,cpu         ] GC(353) User=0.01s Sys=0.00s Real=0.01s
[188.212s][info][gc,start       ] GC(354) Pause Young (Allocation Failure)
[188.215s][info][gc,heap        ] GC(354) PSYoungGen: 173119K(173568K)->896K(165888K) Eden: 170496K(170496K)->0K(164864K) From: 2623K(3072K)->896K(1024K)
[188.215s][info][gc,heap        ] GC(354) ParOldGen: 286956K(401408K)->286972K(401408K)
[188.215s][info][gc,metaspace   ] GC(354) Metaspace: 56682K(57024K)->56682K(57024K) NonClass: 51064K(51328K)->51064K(51328K) Class: 5617K(5696K)->5617K(5696K)
[188.215s][info][gc             ] GC(354) Pause Young (Allocation Failure) 449M->281M(554M) 2.967ms
[188.215s][info][gc,cpu         ] GC(354) User=0.00s Sys=0.00s Real=0.00s
[188.492s][info][gc,start       ] GC(355) Pause Young (Allocation Failure)
[188.495s][info][gc,heap        ] GC(355) PSYoungGen: 165760K(165888K)->895K(160256K) Eden: 164864K(164864K)->0K(159232K) From: 896K(1024K)->895K(1024K)
[188.495s][info][gc,heap        ] GC(355) ParOldGen: 286972K(401408K)->286988K(401408K)
[188.495s][info][gc,metaspace   ] GC(355) Metaspace: 56682K(57024K)->56682K(57024K) NonClass: 51064K(51328K)->51064K(51328K) Class: 5617K(5696K)->5617K(5696K)
[188.495s][info][gc             ] GC(355) Pause Young (Allocation Failure) 442M->281M(548M) 2.483ms
[188.495s][info][gc,cpu         ] GC(355) User=0.01s Sys=0.00s Real=0.00s
[188.868s][info][gc,start       ] GC(356) Pause Young (Allocation Failure)
[188.873s][info][gc,heap        ] GC(356) PSYoungGen: 160127K(160256K)->2400K(192000K) Eden: 159232K(159232K)->0K(189440K) From: 895K(1024K)->2400K(2560K)
[188.873s][info][gc,heap        ] GC(356) ParOldGen: 286988K(401408K)->287004K(401408K)
[188.873s][info][gc,metaspace   ] GC(356) Metaspace: 56682K(57024K)->56682K(57024K) NonClass: 51064K(51328K)->51064K(51328K) Class: 5617K(5696K)->5617K(5696K)
[188.873s][info][gc             ] GC(356) Pause Young (Allocation Failure) 436M->282M(579M) 4.641ms
[188.873s][info][gc,cpu         ] GC(356) User=0.00s Sys=0.00s Real=0.01s
[189.340s][info][gc,start       ] GC(357) Pause Young (Allocation Failure)
[189.343s][info][gc,heap        ] GC(357) PSYoungGen: 191840K(192000K)->1342K(184320K) Eden: 189440K(189440K)->0K(182784K) From: 2400K(2560K)->1342K(1536K)
[189.343s][info][gc,heap        ] GC(357) ParOldGen: 287004K(401408K)->287020K(401408K)
[189.343s][info][gc,metaspace   ] GC(357) Metaspace: 56682K(57024K)->56682K(57024K) NonClass: 51064K(51328K)->51064K(51328K) Class: 5617K(5696K)->5617K(5696K)
[189.343s][info][gc             ] GC(357) Pause Young (Allocation Failure) 467M->281M(572M) 3.139ms
[189.343s][info][gc,cpu         ] GC(357) User=0.00s Sys=0.00s Real=0.00s
[189.748s][info][gc,start       ] GC(358) Pause Young (Allocation Failure)
[189.750s][info][gc,heap        ] GC(358) PSYoungGen: 184126K(184320K)->343K(176640K) Eden: 182784K(182784K)->0K(176128K) From: 1342K(1536K)->343K(512K)
[189.750s][info][gc,heap        ] GC(358) ParOldGen: 287020K(401408K)->287036K(401408K)
[189.750s][info][gc,metaspace   ] GC(358) Metaspace: 56682K(57024K)->56682K(57024K) NonClass: 51064K(51328K)->51064K(51328K) Class: 5617K(5696K)->5617K(5696K)
[189.750s][info][gc             ] GC(358) Pause Young (Allocation Failure) 460M->280M(564M) 1.863ms
[189.750s][info][gc,cpu         ] GC(358) User=0.00s Sys=0.00s Real=0.01s
[190.097s][info][gc,start       ] GC(359) Pause Young (Allocation Failure)
[190.100s][info][gc,heap        ] GC(359) PSYoungGen: 176378K(176640K)->927K(171008K) Eden: 176034K(176128K)->0K(169984K) From: 343K(512K)->927K(1024K)
[190.100s][info][gc,heap        ] GC(359) ParOldGen: 287036K(401408K)->287052K(401408K)
[190.100s][info][gc,metaspace   ] GC(359) Metaspace: 56682K(57024K)->56682K(57024K) NonClass: 51064K(51328K)->51064K(51328K) Class: 5617K(5696K)->5617K(5696K)
[190.100s][info][gc             ] GC(359) Pause Young (Allocation Failure) 452M->281M(559M) 2.377ms
[190.100s][info][gc,cpu         ] GC(359) User=0.01s Sys=0.00s Real=0.01s
[190.485s][info][gc,start       ] GC(360) Pause Young (Allocation Failure)
[190.490s][info][gc,heap        ] GC(360) PSYoungGen: 170911K(171008K)->2431K(166912K) Eden: 169984K(169984K)->0K(164352K) From: 927K(1024K)->2431K(2560K)
[190.490s][info][gc,heap        ] GC(360) ParOldGen: 287052K(401408K)->287068K(401408K)
[190.490s][info][gc,metaspace   ] GC(360) Metaspace: 56682K(57024K)->56682K(57024K) NonClass: 51064K(51328K)->51064K(51328K) Class: 5617K(5696K)->5617K(5696K)
[190.490s][info][gc             ] GC(360) Pause Young (Allocation Failure) 447M->282M(555M) 4.164ms
[190.490s][info][gc,cpu         ] GC(360) User=0.01s Sys=0.00s Real=0.01s
[190.871s][info][gc,start       ] GC(361) Pause Young (Allocation Failure)
[190.876s][info][gc,heap        ] GC(361) PSYoungGen: 166783K(166912K)->3039K(161792K) Eden: 164352K(164352K)->0K(158720K) From: 2431K(2560K)->3039K(3072K)
[190.876s][info][gc,heap        ] GC(361) ParOldGen: 287068K(401408K)->287084K(401408K)
[190.876s][info][gc,metaspace   ] GC(361) Metaspace: 56682K(57024K)->56682K(57024K) NonClass: 51064K(51328K)->51064K(51328K) Class: 5617K(5696K)->5617K(5696K)
[190.876s][info][gc             ] GC(361) Pause Young (Allocation Failure) 443M->283M(550M) 5.032ms
[190.876s][info][gc,cpu         ] GC(361) User=0.01s Sys=0.00s Real=0.00s
[191.251s][info][gc,start       ] GC(362) Pause Young (Allocation Failure)
[191.254s][info][gc,heap        ] GC(362) PSYoungGen: 161759K(161792K)->743K(154624K) Eden: 158720K(158720K)->0K(153600K) From: 3039K(3072K)->743K(1024K)
[191.254s][info][gc,heap        ] GC(362) ParOldGen: 287084K(401408K)->287100K(401408K)
[191.254s][info][gc,metaspace   ] GC(362) Metaspace: 56682K(57024K)->56682K(57024K) NonClass: 51064K(51328K)->51064K(51328K) Class: 5617K(5696K)->5617K(5696K)
[191.254s][info][gc             ] GC(362) Pause Young (Allocation Failure) 438M->281M(543M) 2.409ms
[191.254s][info][gc,cpu         ] GC(362) User=0.01s Sys=0.00s Real=0.00s
[191.578s][info][gc,start       ] GC(363) Pause Young (Allocation Failure)
[191.583s][info][gc,heap        ] GC(363) PSYoungGen: 154036K(154624K)->2848K(185856K) Eden: 153292K(153600K)->0K(182784K) From: 743K(1024K)->2848K(3072K)
[191.583s][info][gc,heap        ] GC(363) ParOldGen: 287100K(401408K)->287116K(401408K)
[191.583s][info][gc,metaspace   ] GC(363) Metaspace: 56682K(57024K)->56682K(57024K) NonClass: 51064K(51328K)->51064K(51328K) Class: 5617K(5696K)->5617K(5696K)
[191.583s][info][gc             ] GC(363) Pause Young (Allocation Failure) 430M->283M(573M) 5.084ms
[191.583s][info][gc,cpu         ] GC(363) User=0.01s Sys=0.00s Real=0.01s
[191.973s][info][gc,start       ] GC(364) Pause Young (Allocation Failure)
[191.978s][info][gc,heap        ] GC(364) PSYoungGen: 185632K(185856K)->3103K(221184K) Eden: 182784K(182784K)->0K(217600K) From: 2848K(3072K)->3103K(3584K)
[191.978s][info][gc,heap        ] GC(364) ParOldGen: 287116K(401408K)->287132K(401408K)
[191.978s][info][gc,metaspace   ] GC(364) Metaspace: 56682K(57024K)->56682K(57024K) NonClass: 51064K(51328K)->51064K(51328K) Class: 5617K(5696K)->5617K(5696K)
[191.978s][info][gc             ] GC(364) Pause Young (Allocation Failure) 461M->283M(608M) 4.926ms
[191.978s][info][gc,cpu         ] GC(364) User=0.01s Sys=0.00s Real=0.00s
[192.484s][info][gc,start       ] GC(365) Pause Young (Allocation Failure)
[192.503s][info][gc,heap        ] GC(365) PSYoungGen: 220703K(221184K)->3135K(222720K) Eden: 217600K(217600K)->0K(218624K) From: 3103K(3584K)->3135K(4096K)
[192.503s][info][gc,heap        ] GC(365) ParOldGen: 287132K(401408K)->287148K(401408K)
[192.503s][info][gc,metaspace   ] GC(365) Metaspace: 56682K(57024K)->56682K(57024K) NonClass: 51064K(51328K)->51064K(51328K) Class: 5617K(5696K)->5617K(5696K)
[192.503s][info][gc             ] GC(365) Pause Young (Allocation Failure) 495M->283M(609M) 18.952ms
[192.503s][info][gc,cpu         ] GC(365) User=0.01s Sys=0.00s Real=0.02s
[193.064s][info][gc,start       ] GC(366) Pause Young (Allocation Failure)
[193.069s][info][gc,heap        ] GC(366) PSYoungGen: 221759K(222720K)->2080K(223744K) Eden: 218624K(218624K)->0K(218624K) From: 3135K(4096K)->2080K(5120K)
[193.069s][info][gc,heap        ] GC(366) ParOldGen: 287148K(401408K)->287164K(401408K)
[193.069s][info][gc,metaspace   ] GC(366) Metaspace: 56682K(57024K)->56682K(57024K) NonClass: 51064K(51328K)->51064K(51328K) Class: 5617K(5696K)->5617K(5696K)
[193.069s][info][gc             ] GC(366) Pause Young (Allocation Failure) 496M->282M(610M) 5.307ms
[193.069s][info][gc,cpu         ] GC(366) User=0.01s Sys=0.00s Real=0.01s
[193.564s][info][gc,start       ] GC(367) Pause Young (Allocation Failure)
[193.569s][info][gc,heap        ] GC(367) PSYoungGen: 220704K(223744K)->2175K(264192K) Eden: 218624K(218624K)->0K(260608K) From: 2080K(5120K)->2175K(3584K)
[193.569s][info][gc,heap        ] GC(367) ParOldGen: 287164K(401408K)->287180K(401408K)
[193.569s][info][gc,metaspace   ] GC(367) Metaspace: 56682K(57024K)->56682K(57024K) NonClass: 51064K(51328K)->51064K(51328K) Class: 5617K(5696K)->5617K(5696K)
[193.569s][info][gc             ] GC(367) Pause Young (Allocation Failure) 495M->282M(650M) 4.582ms
[193.569s][info][gc,cpu         ] GC(367) User=0.00s Sys=0.00s Real=0.01s
[194.172s][info][gc,start       ] GC(368) Pause Young (Allocation Failure)
[194.175s][info][gc,heap        ] GC(368) PSYoungGen: 262783K(264192K)->1598K(265216K) Eden: 260608K(260608K)->0K(260608K) From: 2175K(3584K)->1598K(4608K)
[194.175s][info][gc,heap        ] GC(368) ParOldGen: 287180K(401408K)->287196K(401408K)
[194.175s][info][gc,metaspace   ] GC(368) Metaspace: 56682K(57024K)->56682K(57024K) NonClass: 51064K(51328K)->51064K(51328K) Class: 5617K(5696K)->5617K(5696K)
[194.175s][info][gc             ] GC(368) Pause Young (Allocation Failure) 537M->282M(651M) 3.337ms
[194.175s][info][gc,cpu         ] GC(368) User=0.00s Sys=0.00s Real=0.00s
[194.754s][info][gc,start       ] GC(369) Pause Young (Allocation Failure)
[194.757s][info][gc,heap        ] GC(369) PSYoungGen: 262206K(265216K)->1140K(313856K) Eden: 260608K(260608K)->0K(309760K) From: 1598K(4608K)->1140K(4096K)
[194.757s][info][gc,heap        ] GC(369) ParOldGen: 287196K(401408K)->287212K(401408K)
[194.757s][info][gc,metaspace   ] GC(369) Metaspace: 56682K(57024K)->56682K(57024K) NonClass: 51064K(51328K)->51064K(51328K) Class: 5617K(5696K)->5617K(5696K)
[194.757s][info][gc             ] GC(369) Pause Young (Allocation Failure) 536M->281M(698M) 3.109ms
[194.757s][info][gc,cpu         ] GC(369) User=0.00s Sys=0.00s Real=0.00s
[195.455s][info][gc,start       ] GC(370) Pause Young (Allocation Failure)
[195.457s][info][gc,heap        ] GC(370) PSYoungGen: 310900K(313856K)->736K(298496K) Eden: 309760K(309760K)->0K(297472K) From: 1140K(4096K)->736K(1024K)
[195.457s][info][gc,heap        ] GC(370) ParOldGen: 287212K(401408K)->287228K(401408K)
[195.457s][info][gc,metaspace   ] GC(370) Metaspace: 56682K(57024K)->56682K(57024K) NonClass: 51064K(51328K)->51064K(51328K) Class: 5617K(5696K)->5617K(5696K)
[195.457s][info][gc             ] GC(370) Pause Young (Allocation Failure) 584M->281M(683M) 2.566ms
[195.457s][info][gc,cpu         ] GC(370) User=0.01s Sys=0.00s Real=0.00s
[196.086s][info][gc,start       ] GC(371) Pause Young (Allocation Failure)
[196.091s][info][gc,heap        ] GC(371) PSYoungGen: 298208K(298496K)->2623K(288768K) Eden: 297472K(297472K)->0K(285696K) From: 736K(1024K)->2623K(3072K)
[196.091s][info][gc,heap        ] GC(371) ParOldGen: 287228K(401408K)->287244K(401408K)
[196.091s][info][gc,metaspace   ] GC(371) Metaspace: 56682K(57024K)->56682K(57024K) NonClass: 51064K(51328K)->51064K(51328K) Class: 5617K(5696K)->5617K(5696K)
[196.091s][info][gc             ] GC(371) Pause Young (Allocation Failure) 571M->283M(674M) 5.427ms
[196.091s][info][gc,cpu         ] GC(371) User=0.00s Sys=0.00s Real=0.01s
[196.752s][info][gc,start       ] GC(372) Pause Young (Allocation Failure)
[196.755s][info][gc,heap        ] GC(372) PSYoungGen: 288319K(288768K)->774K(275456K) Eden: 285696K(285696K)->0K(274432K) From: 2623K(3072K)->774K(1024K)
[196.755s][info][gc,heap        ] GC(372) ParOldGen: 287244K(401408K)->287260K(401408K)
[196.755s][info][gc,metaspace   ] GC(372) Metaspace: 56682K(57024K)->56682K(57024K) NonClass: 51064K(51328K)->51064K(51328K) Class: 5617K(5696K)->5617K(5696K)
[196.755s][info][gc             ] GC(372) Pause Young (Allocation Failure) 562M->281M(661M) 2.801ms
[196.755s][info][gc,cpu         ] GC(372) User=0.01s Sys=0.00s Real=0.00s
[197.361s][info][gc,start       ] GC(373) Pause Young (Allocation Failure)
[197.364s][info][gc,heap        ] GC(373) PSYoungGen: 275206K(275456K)->1950K(265728K) Eden: 274432K(274432K)->0K(263680K) From: 774K(1024K)->1950K(2048K)
[197.364s][info][gc,heap        ] GC(373) ParOldGen: 287260K(401408K)->287276K(401408K)
[197.364s][info][gc,metaspace   ] GC(373) Metaspace: 56682K(57024K)->56682K(57024K) NonClass: 51064K(51328K)->51064K(51328K) Class: 5617K(5696K)->5617K(5696K)
[197.364s][info][gc             ] GC(373) Pause Young (Allocation Failure) 549M->282M(651M) 3.508ms
[197.364s][info][gc,cpu         ] GC(373) User=0.01s Sys=0.00s Real=0.00s
[197.954s][info][gc,start       ] GC(374) Pause Young (Allocation Failure)
[197.958s][info][gc,heap        ] GC(374) PSYoungGen: 265630K(265728K)->1119K(254976K) Eden: 263680K(263680K)->0K(253440K) From: 1950K(2048K)->1119K(1536K)
[197.958s][info][gc,heap        ] GC(374) ParOldGen: 287276K(401408K)->287292K(401408K)
[197.958s][info][gc,metaspace   ] GC(374) Metaspace: 56682K(57024K)->56682K(57024K) NonClass: 51064K(51328K)->51064K(51328K) Class: 5617K(5696K)->5617K(5696K)
[197.958s][info][gc             ] GC(374) Pause Young (Allocation Failure) 539M->281M(641M) 3.125ms
[197.958s][info][gc,cpu         ] GC(374) User=0.01s Sys=0.00s Real=0.00s
[198.489s][info][gc,start       ] GC(375) Pause Young (Allocation Failure)
[198.493s][info][gc,heap        ] GC(375) PSYoungGen: 254463K(254976K)->1856K(245760K) Eden: 253343K(253440K)->0K(243712K) From: 1119K(1536K)->1856K(2048K)
[198.493s][info][gc,heap        ] GC(375) ParOldGen: 287292K(401408K)->287316K(401408K)
[198.493s][info][gc,metaspace   ] GC(375) Metaspace: 56684K(57024K)->56684K(57024K) NonClass: 51066K(51328K)->51066K(51328K) Class: 5617K(5696K)->5617K(5696K)
[198.493s][info][gc             ] GC(375) Pause Young (Allocation Failure) 529M->282M(632M) 4.248ms
[198.493s][info][gc,cpu         ] GC(375) User=0.01s Sys=0.00s Real=0.01s
[199.121s][info][gc,start       ] GC(376) Pause Young (Allocation Failure)
[199.125s][info][gc,heap        ] GC(376) PSYoungGen: 245568K(245760K)->2271K(237056K) Eden: 243712K(243712K)->0K(234496K) From: 1856K(2048K)->2271K(2560K)
[199.125s][info][gc,heap        ] GC(376) ParOldGen: 287316K(401408K)->287332K(401408K)
[199.125s][info][gc,metaspace   ] GC(376) Metaspace: 56684K(57024K)->56684K(57024K) NonClass: 51066K(51328K)->51066K(51328K) Class: 5617K(5696K)->5617K(5696K)
[199.125s][info][gc             ] GC(376) Pause Young (Allocation Failure) 520M->282M(623M) 4.051ms
[199.125s][info][gc,cpu         ] GC(376) User=0.00s Sys=0.00s Real=0.00s
[199.576s][info][gc,start       ] GC(377) Pause Young (Allocation Failure)
[199.582s][info][gc,heap        ] GC(377) PSYoungGen: 236767K(237056K)->3199K(229376K) Eden: 234496K(234496K)->0K(225792K) From: 2271K(2560K)->3199K(3584K)
[199.582s][info][gc,heap        ] GC(377) ParOldGen: 287332K(401408K)->287348K(401408K)
[199.582s][info][gc,metaspace   ] GC(377) Metaspace: 56684K(57024K)->56684K(57024K) NonClass: 51066K(51328K)->51066K(51328K) Class: 5617K(5696K)->5617K(5696K)
[199.582s][info][gc             ] GC(377) Pause Young (Allocation Failure) 511M->283M(616M) 5.529ms
[199.582s][info][gc,cpu         ] GC(377) User=0.01s Sys=0.00s Real=0.01s
[200.077s][info][gc,start       ] GC(378) Pause Young (Allocation Failure)
[200.083s][info][gc,heap        ] GC(378) PSYoungGen: 228991K(229376K)->2976K(220672K) Eden: 225792K(225792K)->0K(217600K) From: 3199K(3584K)->2976K(3072K)
[200.083s][info][gc,heap        ] GC(378) ParOldGen: 287348K(401408K)->287364K(401408K)
[200.083s][info][gc,metaspace   ] GC(378) Metaspace: 56684K(57024K)->56684K(57024K) NonClass: 51066K(51328K)->51066K(51328K) Class: 5617K(5696K)->5617K(5696K)
[200.083s][info][gc             ] GC(378) Pause Young (Allocation Failure) 504M->283M(607M) 5.357ms
[200.083s][info][gc,cpu         ] GC(378) User=0.01s Sys=0.00s Real=0.01s
[200.567s][info][gc,start       ] GC(379) Pause Young (Allocation Failure)
[200.571s][info][gc,heap        ] GC(379) PSYoungGen: 220576K(220672K)->2047K(211456K) Eden: 217600K(217600K)->0K(209408K) From: 2976K(3072K)->2047K(2048K)
[200.571s][info][gc,heap        ] GC(379) ParOldGen: 287364K(401408K)->287476K(401408K)
[200.571s][info][gc,metaspace   ] GC(379) Metaspace: 56684K(57024K)->56684K(57024K) NonClass: 51066K(51328K)->51066K(51328K) Class: 5617K(5696K)->5617K(5696K)
[200.571s][info][gc             ] GC(379) Pause Young (Allocation Failure) 496M->282M(598M) 3.631ms
[200.571s][info][gc,cpu         ] GC(379) User=0.00s Sys=0.00s Real=0.01s
[201.053s][info][gc,start       ] GC(380) Pause Young (Allocation Failure)
[201.058s][info][gc,heap        ] GC(380) PSYoungGen: 211455K(211456K)->1417K(203264K) Eden: 209408K(209408K)->0K(201728K) From: 2047K(2048K)->1417K(1536K)
[201.058s][info][gc,heap        ] GC(380) ParOldGen: 287476K(401408K)->289507K(401408K)
[201.058s][info][gc,metaspace   ] GC(380) Metaspace: 56684K(57024K)->56684K(57024K) NonClass: 51066K(51328K)->51066K(51328K) Class: 5617K(5696K)->5617K(5696K)
[201.058s][info][gc             ] GC(380) Pause Young (Allocation Failure) 487M->284M(590M) 4.349ms
[201.058s][info][gc,cpu         ] GC(380) User=0.00s Sys=0.00s Real=0.00s
[201.530s][info][gc,start       ] GC(381) Pause Young (Allocation Failure)
[201.535s][info][gc,heap        ] GC(381) PSYoungGen: 203145K(203264K)->3135K(198144K) Eden: 201728K(201728K)->0K(194560K) From: 1417K(1536K)->3135K(3584K)
[201.535s][info][gc,heap        ] GC(381) ParOldGen: 289507K(401408K)->289755K(401408K)
[201.535s][info][gc,metaspace   ] GC(381) Metaspace: 56684K(57024K)->56684K(57024K) NonClass: 51066K(51328K)->51066K(51328K) Class: 5617K(5696K)->5617K(5696K)
[201.535s][info][gc             ] GC(381) Pause Young (Allocation Failure) 481M->286M(585M) 5.335ms
[201.535s][info][gc,cpu         ] GC(381) User=0.01s Sys=0.00s Real=0.00s
[201.950s][info][gc,start       ] GC(382) Pause Young (Allocation Failure)
[201.952s][info][gc,heap        ] GC(382) PSYoungGen: 197695K(198144K)->544K(188416K) Eden: 194560K(194560K)->0K(187392K) From: 3135K(3584K)->544K(1024K)
[201.952s][info][gc,heap        ] GC(382) ParOldGen: 289755K(401408K)->289771K(401408K)
[201.952s][info][gc,metaspace   ] GC(382) Metaspace: 56684K(57024K)->56684K(57024K) NonClass: 51066K(51328K)->51066K(51328K) Class: 5617K(5696K)->5617K(5696K)
[201.952s][info][gc             ] GC(382) Pause Young (Allocation Failure) 476M->283M(576M) 2.315ms
[201.952s][info][gc,cpu         ] GC(382) User=0.00s Sys=0.00s Real=0.00s
[202.361s][info][gc,start       ] GC(383) Pause Young (Allocation Failure)
[202.364s][info][gc,heap        ] GC(383) PSYoungGen: 187936K(188416K)->1759K(182784K) Eden: 187392K(187392K)->0K(180736K) From: 544K(1024K)->1759K(2048K)
[202.364s][info][gc,heap        ] GC(383) ParOldGen: 289771K(401408K)->289787K(401408K)
[202.364s][info][gc,metaspace   ] GC(383) Metaspace: 56684K(57024K)->56684K(57024K) NonClass: 51066K(51328K)->51066K(51328K) Class: 5617K(5696K)->5617K(5696K)
[202.364s][info][gc             ] GC(383) Pause Young (Allocation Failure) 466M->284M(570M) 3.351ms
[202.364s][info][gc,cpu         ] GC(383) User=0.00s Sys=0.00s Real=0.00s
[202.765s][info][gc,start       ] GC(384) Pause Young (Allocation Failure)
[202.768s][info][gc,heap        ] GC(384) PSYoungGen: 182495K(182784K)->2047K(176640K) Eden: 180736K(180736K)->0K(174592K) From: 1759K(2048K)->2047K(2048K)
[202.768s][info][gc,heap        ] GC(384) ParOldGen: 289787K(401408K)->289803K(401408K)
[202.768s][info][gc,metaspace   ] GC(384) Metaspace: 56684K(57024K)->56684K(57024K) NonClass: 51066K(51328K)->51066K(51328K) Class: 5617K(5696K)->5617K(5696K)
[202.768s][info][gc             ] GC(384) Pause Young (Allocation Failure) 461M->285M(564M) 3.633ms
[202.768s][info][gc,cpu         ] GC(384) User=0.01s Sys=0.00s Real=0.00s
[203.189s][info][gc,start       ] GC(385) Pause Young (Allocation Failure)
[203.206s][info][gc,heap        ] GC(385) PSYoungGen: 176639K(176640K)->3647K(212992K) Eden: 174592K(174592K)->0K(208896K) From: 2047K(2048K)->3647K(4096K)
[203.206s][info][gc,heap        ] GC(385) ParOldGen: 289803K(401408K)->289819K(401408K)
[203.206s][info][gc,metaspace   ] GC(385) Metaspace: 56684K(57024K)->56684K(57024K) NonClass: 51066K(51328K)->51066K(51328K) Class: 5617K(5696K)->5617K(5696K)
[203.206s][info][gc             ] GC(385) Pause Young (Allocation Failure) 455M->286M(600M) 16.247ms
[203.206s][info][gc,cpu         ] GC(385) User=0.02s Sys=0.00s Real=0.01s
[203.654s][info][gc,start       ] GC(386) Pause Young (Allocation Failure)
[203.657s][info][gc,heap        ] GC(386) PSYoungGen: 212543K(212992K)->1155K(250368K) Eden: 208895K(208896K)->0K(248832K) From: 3647K(4096K)->1155K(1536K)
[203.657s][info][gc,heap        ] GC(386) ParOldGen: 289819K(401408K)->289835K(401408K)
[203.657s][info][gc,metaspace   ] GC(386) Metaspace: 56684K(57024K)->56684K(57024K) NonClass: 51066K(51328K)->51066K(51328K) Class: 5617K(5696K)->5617K(5696K)
[203.657s][info][gc             ] GC(386) Pause Young (Allocation Failure) 490M->284M(636M) 2.841ms
[203.657s][info][gc,cpu         ] GC(386) User=0.00s Sys=0.00s Real=0.00s
[204.251s][info][gc,start       ] GC(387) Pause Young (Allocation Failure)
[204.284s][info][gc,heap        ] GC(387) PSYoungGen: 249978K(250368K)->2368K(282624K) Eden: 248822K(248832K)->0K(278528K) From: 1155K(1536K)->2368K(4096K)
[204.284s][info][gc,heap        ] GC(387) ParOldGen: 289835K(401408K)->289851K(401408K)
[204.284s][info][gc,metaspace   ] GC(387) Metaspace: 56684K(57024K)->56684K(57024K) NonClass: 51066K(51328K)->51066K(51328K) Class: 5617K(5696K)->5617K(5696K)
[204.284s][info][gc             ] GC(387) Pause Young (Allocation Failure) 527M->285M(668M) 32.929ms
[204.284s][info][gc,cpu         ] GC(387) User=0.01s Sys=0.00s Real=0.03s
[204.899s][info][gc,start       ] GC(388) Pause Young (Allocation Failure)
[204.901s][info][gc,heap        ] GC(388) PSYoungGen: 280896K(282624K)->397K(283136K) Eden: 278528K(278528K)->0K(278528K) From: 2368K(4096K)->397K(4608K)
[204.901s][info][gc,heap        ] GC(388) ParOldGen: 289851K(401408K)->289867K(401408K)
[204.901s][info][gc,metaspace   ] GC(388) Metaspace: 56684K(57024K)->56684K(57024K) NonClass: 51066K(51328K)->51066K(51328K) Class: 5617K(5696K)->5617K(5696K)
[204.901s][info][gc             ] GC(388) Pause Young (Allocation Failure) 557M->283M(668M) 1.839ms
[204.901s][info][gc,cpu         ] GC(388) User=0.00s Sys=0.00s Real=0.00s
[205.563s][info][gc,start       ] GC(389) Pause Young (Allocation Failure)
[205.567s][info][gc,heap        ] GC(389) PSYoungGen: 278925K(283136K)->2015K(328192K) Eden: 278528K(278528K)->0K(324608K) From: 397K(4608K)->2015K(3584K)
[205.567s][info][gc,heap        ] GC(389) ParOldGen: 289867K(401408K)->289883K(401408K)
[205.567s][info][gc,metaspace   ] GC(389) Metaspace: 56684K(57024K)->56684K(57024K) NonClass: 51066K(51328K)->51066K(51328K) Class: 5617K(5696K)->5617K(5696K)
[205.567s][info][gc             ] GC(389) Pause Young (Allocation Failure) 555M->285M(712M) 4.221ms
[205.567s][info][gc,cpu         ] GC(389) User=0.01s Sys=0.01s Real=0.00s
[206.293s][info][gc,start       ] GC(390) Pause Young (Allocation Failure)
[206.299s][info][gc,heap        ] GC(390) PSYoungGen: 326623K(328192K)->1951K(328704K) Eden: 324608K(324608K)->0K(324608K) From: 2015K(3584K)->1951K(4096K)
[206.299s][info][gc,heap        ] GC(390) ParOldGen: 289883K(401408K)->289899K(401408K)
[206.299s][info][gc,metaspace   ] GC(390) Metaspace: 56684K(57024K)->56684K(57024K) NonClass: 51066K(51328K)->51066K(51328K) Class: 5617K(5696K)->5617K(5696K)
[206.299s][info][gc             ] GC(390) Pause Young (Allocation Failure) 602M->285M(713M) 6.132ms
[206.299s][info][gc,cpu         ] GC(390) User=0.01s Sys=0.00s Real=0.01s
[206.990s][info][gc,start       ] GC(391) Pause Young (Allocation Failure)
[206.992s][info][gc,heap        ] GC(391) PSYoungGen: 326350K(328704K)->928K(329728K) Eden: 324399K(324608K)->0K(325632K) From: 1951K(4096K)->928K(4096K)
[206.992s][info][gc,heap        ] GC(391) ParOldGen: 289899K(401408K)->289915K(401408K)
[206.992s][info][gc,metaspace   ] GC(391) Metaspace: 56684K(57024K)->56684K(57024K) NonClass: 51066K(51328K)->51066K(51328K) Class: 5617K(5696K)->5617K(5696K)
[206.992s][info][gc             ] GC(391) Pause Young (Allocation Failure) 601M->284M(714M) 2.522ms
[206.992s][info][gc,cpu         ] GC(391) User=0.01s Sys=0.00s Real=0.00s
[207.760s][info][gc,start       ] GC(392) Pause Young (Allocation Failure)
[207.764s][info][gc,heap        ] GC(392) PSYoungGen: 326560K(329728K)->1855K(314368K) Eden: 325632K(325632K)->0K(312320K) From: 928K(4096K)->1855K(2048K)
[207.764s][info][gc,heap        ] GC(392) ParOldGen: 289915K(401408K)->289931K(401408K)
[207.764s][info][gc,metaspace   ] GC(392) Metaspace: 56684K(57024K)->56684K(57024K) NonClass: 51066K(51328K)->51066K(51328K) Class: 5617K(5696K)->5617K(5696K)
[207.764s][info][gc             ] GC(392) Pause Young (Allocation Failure) 602M->284M(699M) 3.782ms
[207.764s][info][gc,cpu         ] GC(392) User=0.01s Sys=0.01s Real=0.00s
[208.462s][info][gc,start       ] GC(393) Pause Young (Allocation Failure)
[208.466s][info][gc,heap        ] GC(393) PSYoungGen: 314175K(314368K)->2015K(301568K) Eden: 312320K(312320K)->0K(299520K) From: 1855K(2048K)->2015K(2048K)
[208.466s][info][gc,heap        ] GC(393) ParOldGen: 289931K(401408K)->289947K(401408K)
[208.466s][info][gc,metaspace   ] GC(393) Metaspace: 56684K(57024K)->56684K(57024K) NonClass: 51066K(51328K)->51066K(51328K) Class: 5617K(5696K)->5617K(5696K)
[208.466s][info][gc             ] GC(393) Pause Young (Allocation Failure) 589M->285M(686M) 4.418ms
[208.466s][info][gc,cpu         ] GC(393) User=0.01s Sys=0.00s Real=0.00s
[209.156s][info][gc,start       ] GC(394) Pause Young (Allocation Failure)
[209.158s][info][gc,heap        ] GC(394) PSYoungGen: 301535K(301568K)->671K(288768K) Eden: 299520K(299520K)->0K(287744K) From: 2015K(2048K)->671K(1024K)
[209.158s][info][gc,heap        ] GC(394) ParOldGen: 289947K(401408K)->289963K(401408K)
[209.158s][info][gc,metaspace   ] GC(394) Metaspace: 56684K(57024K)->56684K(57024K) NonClass: 51066K(51328K)->51066K(51328K) Class: 5617K(5696K)->5617K(5696K)
[209.158s][info][gc             ] GC(394) Pause Young (Allocation Failure) 577M->283M(674M) 2.398ms
[209.158s][info][gc,cpu         ] GC(394) User=0.00s Sys=0.00s Real=0.00s
[209.770s][info][gc,start       ] GC(395) Pause Young (Allocation Failure)
[209.774s][info][gc,heap        ] GC(395) PSYoungGen: 288415K(288768K)->2528K(279040K) Eden: 287744K(287744K)->0K(276480K) From: 671K(1024K)->2528K(2560K)
[209.774s][info][gc,heap        ] GC(395) ParOldGen: 289963K(401408K)->289987K(401408K)
[209.774s][info][gc,metaspace   ] GC(395) Metaspace: 56684K(57024K)->56684K(57024K) NonClass: 51066K(51328K)->51066K(51328K) Class: 5617K(5696K)->5617K(5696K)
[209.774s][info][gc             ] GC(395) Pause Young (Allocation Failure) 564M->285M(664M) 4.649ms
[209.774s][info][gc,cpu         ] GC(395) User=0.01s Sys=0.00s Real=0.00s
[210.386s][info][gc,start       ] GC(396) Pause Young (Allocation Failure)
[210.390s][info][gc,heap        ] GC(396) PSYoungGen: 279008K(279040K)->2559K(268288K) Eden: 276480K(276480K)->0K(265728K) From: 2528K(2560K)->2559K(2560K)
[210.390s][info][gc,heap        ] GC(396) ParOldGen: 289987K(401408K)->290003K(401408K)
[210.390s][info][gc,metaspace   ] GC(396) Metaspace: 56684K(57024K)->56684K(57024K) NonClass: 51066K(51328K)->51066K(51328K) Class: 5617K(5696K)->5617K(5696K)
[210.390s][info][gc             ] GC(396) Pause Young (Allocation Failure) 555M->285M(654M) 4.446ms
[210.390s][info][gc,cpu         ] GC(396) User=0.01s Sys=0.00s Real=0.01s
[210.985s][info][gc,start       ] GC(397) Pause Young (Allocation Failure)
[210.989s][info][gc,heap        ] GC(397) PSYoungGen: 268287K(268288K)->2399K(258048K) Eden: 265728K(265728K)->0K(255488K) From: 2559K(2560K)->2399K(2560K)
[210.989s][info][gc,heap        ] GC(397) ParOldGen: 290003K(401408K)->290027K(401408K)
[210.989s][info][gc,metaspace   ] GC(397) Metaspace: 56684K(57024K)->56684K(57024K) NonClass: 51066K(51328K)->51066K(51328K) Class: 5617K(5696K)->5617K(5696K)
[210.989s][info][gc             ] GC(397) Pause Young (Allocation Failure) 545M->285M(644M) 4.285ms
[210.989s][info][gc,cpu         ] GC(397) User=0.00s Sys=0.00s Real=0.01s
[211.622s][info][gc,start       ] GC(398) Pause Young (Allocation Failure)
[211.626s][info][gc,heap        ] GC(398) PSYoungGen: 257887K(258048K)->2207K(248320K) Eden: 255488K(255488K)->0K(245760K) From: 2399K(2560K)->2207K(2560K)
[211.626s][info][gc,heap        ] GC(398) ParOldGen: 290027K(401408K)->290043K(401408K)
[211.626s][info][gc,metaspace   ] GC(398) Metaspace: 56684K(57024K)->56684K(57024K) NonClass: 51066K(51328K)->51066K(51328K) Class: 5617K(5696K)->5617K(5696K)
[211.626s][info][gc             ] GC(398) Pause Young (Allocation Failure) 535M->285M(634M) 3.998ms
[211.626s][info][gc,cpu         ] GC(398) User=0.01s Sys=0.00s Real=0.00s
[212.152s][info][gc,start       ] GC(399) Pause Young (Allocation Failure)
[212.155s][info][gc,heap        ] GC(399) PSYoungGen: 247967K(248320K)->607K(237568K) Eden: 245760K(245760K)->0K(236544K) From: 2207K(2560K)->607K(1024K)
[212.155s][info][gc,heap        ] GC(399) ParOldGen: 290043K(401408K)->290059K(401408K)
[212.155s][info][gc,metaspace   ] GC(399) Metaspace: 56684K(57024K)->56684K(57024K) NonClass: 51066K(51328K)->51066K(51328K) Class: 5617K(5696K)->5617K(5696K)
[212.155s][info][gc             ] GC(399) Pause Young (Allocation Failure) 525M->283M(624M) 3.121ms
[212.155s][info][gc,cpu         ] GC(399) User=0.00s Sys=0.00s Real=0.00s
[212.666s][info][gc,start       ] GC(400) Pause Young (Allocation Failure)
[212.669s][info][gc,heap        ] GC(400) PSYoungGen: 237151K(237568K)->2143K(230400K) Eden: 236544K(236544K)->0K(227840K) From: 607K(1024K)->2143K(2560K)
[212.669s][info][gc,heap        ] GC(400) ParOldGen: 290059K(401408K)->290075K(401408K)
[212.669s][info][gc,metaspace   ] GC(400) Metaspace: 56684K(57024K)->56684K(57024K) NonClass: 51066K(51328K)->51066K(51328K) Class: 5617K(5696K)->5617K(5696K)
[212.669s][info][gc             ] GC(400) Pause Young (Allocation Failure) 514M->285M(617M) 3.652ms
[212.669s][info][gc,cpu         ] GC(400) User=0.01s Sys=0.00s Real=0.01s
[213.175s][info][gc,start       ] GC(401) Pause Young (Allocation Failure)
[213.179s][info][gc,heap        ] GC(401) PSYoungGen: 229983K(230400K)->2176K(221696K) Eden: 227840K(227840K)->0K(219136K) From: 2143K(2560K)->2176K(2560K)
[213.179s][info][gc,heap        ] GC(401) ParOldGen: 290075K(401408K)->290091K(401408K)
[213.179s][info][gc,metaspace   ] GC(401) Metaspace: 56684K(57024K)->56684K(57024K) NonClass: 51066K(51328K)->51066K(51328K) Class: 5617K(5696K)->5617K(5696K)
[213.179s][info][gc             ] GC(401) Pause Young (Allocation Failure) 507M->285M(608M) 4.286ms
[213.179s][info][gc,cpu         ] GC(401) User=0.01s Sys=0.00s Real=0.01s
[213.670s][info][gc,start       ] GC(402) Pause Young (Allocation Failure)
[213.674s][info][gc,heap        ] GC(402) PSYoungGen: 221312K(221696K)->2112K(213504K) Eden: 219136K(219136K)->0K(210944K) From: 2176K(2560K)->2112K(2560K)
[213.674s][info][gc,heap        ] GC(402) ParOldGen: 290091K(401408K)->290107K(401408K)
[213.674s][info][gc,metaspace   ] GC(402) Metaspace: 56684K(57024K)->56684K(57024K) NonClass: 51066K(51328K)->51066K(51328K) Class: 5617K(5696K)->5617K(5696K)
[213.674s][info][gc             ] GC(402) Pause Young (Allocation Failure) 499M->285M(600M) 4.159ms
[213.674s][info][gc,cpu         ] GC(402) User=0.01s Sys=0.00s Real=0.00s
[214.158s][info][gc,start       ] GC(403) Pause Young (Allocation Failure)
[214.161s][info][gc,heap        ] GC(403) PSYoungGen: 213056K(213504K)->1343K(204800K) Eden: 210944K(210944K)->0K(203264K) From: 2112K(2560K)->1343K(1536K)
[214.161s][info][gc,heap        ] GC(403) ParOldGen: 290107K(401408K)->290123K(401408K)
[214.161s][info][gc,metaspace   ] GC(403) Metaspace: 56684K(57024K)->56684K(57024K) NonClass: 51066K(51328K)->51066K(51328K) Class: 5617K(5696K)->5617K(5696K)
[214.161s][info][gc             ] GC(403) Pause Young (Allocation Failure) 491M->284M(592M) 2.902ms
[214.161s][info][gc,cpu         ] GC(403) User=0.01s Sys=0.00s Real=0.01s
[214.585s][info][gc,start       ] GC(404) Pause Young (Allocation Failure)
[214.588s][info][gc,heap        ] GC(404) PSYoungGen: 204607K(204800K)->2303K(198656K) Eden: 203264K(203264K)->0K(196096K) From: 1343K(1536K)->2303K(2560K)
[214.589s][info][gc,heap        ] GC(404) ParOldGen: 290123K(401408K)->290139K(401408K)
[214.589s][info][gc,metaspace   ] GC(404) Metaspace: 56684K(57024K)->56684K(57024K) NonClass: 51066K(51328K)->51066K(51328K) Class: 5617K(5696K)->5617K(5696K)
[214.589s][info][gc             ] GC(404) Pause Young (Allocation Failure) 483M->285M(586M) 4.005ms
[214.589s][info][gc,cpu         ] GC(404) User=0.01s Sys=0.00s Real=0.00s
[215.059s][info][gc,start       ] GC(405) Pause Young (Allocation Failure)
[215.063s][info][gc,heap        ] GC(405) PSYoungGen: 198399K(198656K)->1727K(190976K) Eden: 196096K(196096K)->0K(188928K) From: 2303K(2560K)->1727K(2048K)
[215.063s][info][gc,heap        ] GC(405) ParOldGen: 290139K(401408K)->290155K(401408K)
[215.063s][info][gc,metaspace   ] GC(405) Metaspace: 56684K(57024K)->56684K(57024K) NonClass: 51066K(51328K)->51066K(51328K) Class: 5617K(5696K)->5617K(5696K)
[215.063s][info][gc             ] GC(405) Pause Young (Allocation Failure) 477M->285M(578M) 3.598ms
[215.063s][info][gc,cpu         ] GC(405) User=0.00s Sys=0.00s Real=0.00s
[215.470s][info][gc,start       ] GC(406) Pause Young (Allocation Failure)
[215.474s][info][gc,heap        ] GC(406) PSYoungGen: 190655K(190976K)->2080K(184832K) Eden: 188928K(188928K)->0K(182272K) From: 1727K(2048K)->2080K(2560K)
[215.474s][info][gc,heap        ] GC(406) ParOldGen: 290155K(401408K)->290171K(401408K)
[215.474s][info][gc,metaspace   ] GC(406) Metaspace: 56684K(57024K)->56684K(57024K) NonClass: 51066K(51328K)->51066K(51328K) Class: 5617K(5696K)->5617K(5696K)
[215.474s][info][gc             ] GC(406) Pause Young (Allocation Failure) 469M->285M(572M) 4.137ms
[215.474s][info][gc,cpu         ] GC(406) User=0.01s Sys=0.00s Real=0.00s
[215.983s][info][gc,start       ] GC(407) Pause Young (Allocation Failure)
[215.987s][info][gc,heap        ] GC(407) PSYoungGen: 184352K(184832K)->1695K(178176K) Eden: 182272K(182272K)->0K(176128K) From: 2080K(2560K)->1695K(2048K)
[215.988s][info][gc,heap        ] GC(407) ParOldGen: 290171K(401408K)->290187K(401408K)
[215.988s][info][gc,metaspace   ] GC(407) Metaspace: 56684K(57024K)->56684K(57024K) NonClass: 51066K(51328K)->51066K(51328K) Class: 5617K(5696K)->5617K(5696K)
[215.988s][info][gc             ] GC(407) Pause Young (Allocation Failure) 463M->285M(566M) 4.321ms
[215.988s][info][gc,cpu         ] GC(407) User=0.01s Sys=0.00s Real=0.00s
[216.371s][info][gc,start       ] GC(408) Pause Young (Allocation Failure)
[216.375s][info][gc,heap        ] GC(408) PSYoungGen: 177823K(178176K)->2496K(172544K) Eden: 176128K(176128K)->0K(169984K) From: 1695K(2048K)->2496K(2560K)
[216.375s][info][gc,heap        ] GC(408) ParOldGen: 290187K(401408K)->290203K(401408K)
[216.375s][info][gc,metaspace   ] GC(408) Metaspace: 56684K(57024K)->56684K(57024K) NonClass: 51066K(51328K)->51066K(51328K) Class: 5617K(5696K)->5617K(5696K)
[216.375s][info][gc             ] GC(408) Pause Young (Allocation Failure) 457M->285M(560M) 4.661ms
[216.375s][info][gc,cpu         ] GC(408) User=0.01s Sys=0.00s Real=0.00s
[216.766s][info][gc,start       ] GC(409) Pause Young (Allocation Failure)
[216.769s][info][gc,heap        ] GC(409) PSYoungGen: 172480K(172544K)->1823K(166400K) Eden: 169984K(169984K)->0K(164352K) From: 2496K(2560K)->1823K(2048K)
[216.769s][info][gc,heap        ] GC(409) ParOldGen: 290203K(401408K)->290219K(401408K)
[216.769s][info][gc,metaspace   ] GC(409) Metaspace: 56684K(57024K)->56684K(57024K) NonClass: 51066K(51328K)->51066K(51328K) Class: 5617K(5696K)->5617K(5696K)
[216.769s][info][gc             ] GC(409) Pause Young (Allocation Failure) 451M->285M(554M) 3.303ms
[216.769s][info][gc,cpu         ] GC(409) User=0.01s Sys=0.00s Real=0.01s
[217.152s][info][gc,start       ] GC(410) Pause Young (Allocation Failure)
[217.154s][info][gc,heap        ] GC(410) PSYoungGen: 166175K(166400K)->1534K(160256K) Eden: 164352K(164352K)->0K(158720K) From: 1823K(2048K)->1534K(1536K)
[217.154s][info][gc,heap        ] GC(410) ParOldGen: 290219K(401408K)->290235K(401408K)
[217.154s][info][gc,metaspace   ] GC(410) Metaspace: 56684K(57024K)->56684K(57024K) NonClass: 51066K(51328K)->51066K(51328K) Class: 5617K(5696K)->5617K(5696K)
[217.155s][info][gc             ] GC(410) Pause Young (Allocation Failure) 445M->284M(548M) 2.757ms
[217.155s][info][gc,cpu         ] GC(410) User=0.00s Sys=0.00s Real=0.00s
[217.482s][info][gc,start       ] GC(411) Pause Young (Allocation Failure)
[217.487s][info][gc,heap        ] GC(411) PSYoungGen: 160186K(160256K)->2816K(191488K) Eden: 158651K(158720K)->0K(188416K) From: 1534K(1536K)->2816K(3072K)
[217.487s][info][gc,heap        ] GC(411) ParOldGen: 290235K(401408K)->290251K(401408K)
[217.487s][info][gc,metaspace   ] GC(411) Metaspace: 56684K(57024K)->56684K(57024K) NonClass: 51066K(51328K)->51066K(51328K) Class: 5617K(5696K)->5617K(5696K)
[217.487s][info][gc             ] GC(411) Pause Young (Allocation Failure) 439M->286M(579M) 5.215ms
[217.487s][info][gc,cpu         ] GC(411) User=0.01s Sys=0.00s Real=0.00s
[217.899s][info][gc,start       ] GC(412) Pause Young (Allocation Failure)
[217.901s][info][gc,heap        ] GC(412) PSYoungGen: 191232K(191488K)->243K(182272K) Eden: 188416K(188416K)->0K(181760K) From: 2816K(3072K)->243K(512K)
[217.901s][info][gc,heap        ] GC(412) ParOldGen: 290251K(401408K)->290267K(401408K)
[217.901s][info][gc,metaspace   ] GC(412) Metaspace: 56684K(57024K)->56684K(57024K) NonClass: 51066K(51328K)->51066K(51328K) Class: 5617K(5696K)->5617K(5696K)
[217.901s][info][gc             ] GC(412) Pause Young (Allocation Failure) 470M->283M(570M) 2.622ms
[217.901s][info][gc,cpu         ] GC(412) User=0.00s Sys=0.00s Real=0.00s
[219.470s][info][gc,start       ] GC(413) Pause Young (Allocation Failure)
[219.472s][info][gc,heap        ] GC(413) PSYoungGen: 177086K(182272K)->96K(176128K) Eden: 176842K(181760K)->0K(175616K) From: 243K(512K)->96K(512K)
[219.472s][info][gc,heap        ] GC(413) ParOldGen: 290267K(401408K)->290283K(401408K)
[219.472s][info][gc,metaspace   ] GC(413) Metaspace: 56685K(57024K)->56685K(57024K) NonClass: 51067K(51328K)->51067K(51328K) Class: 5617K(5696K)->5617K(5696K)
[219.472s][info][gc             ] GC(413) Pause Young (Allocation Failure) 456M->283M(564M) 1.917ms
[219.472s][info][gc,cpu         ] GC(413) User=0.00s Sys=0.00s Real=0.00s
[221.096s][info][gc,start       ] GC(414) Pause Young (Allocation Failure)
[221.117s][info][gc,heap        ] GC(414) PSYoungGen: 175712K(176128K)->4089K(173568K) Eden: 175616K(175616K)->0K(169472K) From: 96K(512K)->4089K(4096K)
[221.117s][info][gc,heap        ] GC(414) ParOldGen: 290283K(401408K)->377643K(401408K)
[221.117s][info][gc,metaspace   ] GC(414) Metaspace: 56879K(57152K)->56879K(57152K) NonClass: 51261K(51456K)->51261K(51456K) Class: 5617K(5696K)->5617K(5696K)
[221.117s][info][gc             ] GC(414) Pause Young (Allocation Failure) 455M->372M(561M) 20.514ms
[221.117s][info][gc,cpu         ] GC(414) User=0.04s Sys=0.00s Real=0.02s
[221.449s][info][gc,start       ] GC(415) Pause Young (Allocation Failure)
[221.454s][info][gc,heap        ] GC(415) PSYoungGen: 173561K(173568K)->863K(164864K) Eden: 169472K(169472K)->0K(163840K) From: 4089K(4096K)->863K(1024K)
[221.454s][info][gc,heap        ] GC(415) ParOldGen: 377643K(401408K)->381725K(401408K)
[221.454s][info][gc,metaspace   ] GC(415) Metaspace: 56879K(57152K)->56879K(57152K) NonClass: 51261K(51456K)->51261K(51456K) Class: 5617K(5696K)->5617K(5696K)
[221.454s][info][gc             ] GC(415) Pause Young (Allocation Failure) 538M->373M(553M) 4.787ms
[221.454s][info][gc,cpu         ] GC(415) User=0.01s Sys=0.00s Real=0.00s
[221.780s][info][gc,start       ] GC(416) Pause Young (Allocation Failure)
[221.785s][info][gc,heap        ] GC(416) PSYoungGen: 164703K(164864K)->2527K(230912K) Eden: 163840K(163840K)->0K(195072K) From: 863K(1024K)->2527K(35840K)
[221.785s][info][gc,heap        ] GC(416) ParOldGen: 381725K(401408K)->382244K(401408K)
[221.785s][info][gc,metaspace   ] GC(416) Metaspace: 56879K(57152K)->56879K(57152K) NonClass: 51261K(51456K)->51261K(51456K) Class: 5617K(5696K)->5617K(5696K)
[221.785s][info][gc             ] GC(416) Pause Young (Allocation Failure) 533M->375M(617M) 4.713ms
[221.785s][info][gc,cpu         ] GC(416) User=0.01s Sys=0.00s Real=0.00s
[222.250s][info][gc,start       ] GC(417) Pause Young (Allocation Failure)
[222.254s][info][gc,heap        ] GC(417) PSYoungGen: 197599K(230912K)->638K(188928K) Eden: 195072K(195072K)->0K(187904K) From: 2527K(35840K)->638K(1024K)
[222.254s][info][gc,heap        ] GC(417) ParOldGen: 382244K(401408K)->382260K(401408K)
[222.254s][info][gc,metaspace   ] GC(417) Metaspace: 56879K(57152K)->56879K(57152K) NonClass: 51261K(51456K)->51261K(51456K) Class: 5617K(5696K)->5617K(5696K)
[222.254s][info][gc             ] GC(417) Pause Young (Allocation Failure) 566M->373M(576M) 4.460ms
[222.254s][info][gc,cpu         ] GC(417) User=0.01s Sys=0.00s Real=0.00s
[222.659s][info][gc,start       ] GC(418) Pause Young (Allocation Failure)
[222.662s][info][gc,heap        ] GC(418) PSYoungGen: 188542K(188928K)->1469K(214528K) Eden: 187904K(187904K)->0K(181248K) From: 638K(1024K)->1469K(33280K)
[222.662s][info][gc,heap        ] GC(418) ParOldGen: 382260K(401408K)->382276K(401408K)
[222.662s][info][gc,metaspace   ] GC(418) Metaspace: 56879K(57152K)->56879K(57152K) NonClass: 51261K(51456K)->51261K(51456K) Class: 5617K(5696K)->5617K(5696K)
[222.662s][info][gc             ] GC(418) Pause Young (Allocation Failure) 557M->374M(601M) 3.323ms
[222.662s][info][gc,cpu         ] GC(418) User=0.00s Sys=0.00s Real=0.00s
[223.061s][info][gc,start       ] GC(419) Pause Young (Allocation Failure)
[223.067s][info][gc,heap        ] GC(419) PSYoungGen: 182717K(214528K)->2270K(183296K) Eden: 181248K(181248K)->0K(175104K) From: 1469K(33280K)->2270K(8192K)
[223.067s][info][gc,heap        ] GC(419) ParOldGen: 382276K(401408K)->382292K(401408K)
[223.067s][info][gc,metaspace   ] GC(419) Metaspace: 56879K(57152K)->56879K(57152K) NonClass: 51261K(51456K)->51261K(51456K) Class: 5617K(5696K)->5617K(5696K)
[223.067s][info][gc             ] GC(419) Pause Young (Allocation Failure) 551M->375M(571M) 5.792ms
[223.067s][info][gc,cpu         ] GC(419) User=0.00s Sys=0.00s Real=0.00s
[223.458s][info][gc,start       ] GC(420) Pause Young (Allocation Failure)
[223.462s][info][gc,heap        ] GC(420) PSYoungGen: 177374K(183296K)->1440K(170496K) Eden: 175104K(175104K)->0K(168960K) From: 2270K(8192K)->1440K(1536K)
[223.462s][info][gc,heap        ] GC(420) ParOldGen: 382292K(401408K)->382308K(401408K)
[223.462s][info][gc,metaspace   ] GC(420) Metaspace: 56879K(57152K)->56879K(57152K) NonClass: 51261K(51456K)->51261K(51456K) Class: 5617K(5696K)->5617K(5696K)
[223.462s][info][gc             ] GC(420) Pause Young (Allocation Failure) 546M->374M(558M) 3.977ms
[223.462s][info][gc,cpu         ] GC(420) User=0.00s Sys=0.00s Real=0.01s
[223.854s][info][gc,start       ] GC(421) Pause Young (Allocation Failure)
[223.857s][info][gc,heap        ] GC(421) PSYoungGen: 170400K(170496K)->991K(182272K) Eden: 168960K(168960K)->0K(163328K) From: 1440K(1536K)->991K(18944K)
[223.857s][info][gc,heap        ] GC(421) ParOldGen: 382308K(401408K)->382324K(401408K)
[223.857s][info][gc,metaspace   ] GC(421) Metaspace: 56879K(57152K)->56879K(57152K) NonClass: 51261K(51456K)->51261K(51456K) Class: 5617K(5696K)->5617K(5696K)
[223.857s][info][gc             ] GC(421) Pause Young (Allocation Failure) 539M->374M(570M) 3.107ms
[223.857s][info][gc,cpu         ] GC(421) User=0.01s Sys=0.00s Real=0.00s
[224.185s][info][gc,start       ] GC(422) Pause Young (Allocation Failure)
[224.191s][info][gc,heap        ] GC(422) PSYoungGen: 164319K(182272K)->2175K(190976K) Eden: 163328K(163328K)->0K(163328K) From: 991K(18944K)->2175K(27648K)
[224.191s][info][gc,heap        ] GC(422) ParOldGen: 382324K(401408K)->382340K(401408K)
[224.191s][info][gc,metaspace   ] GC(422) Metaspace: 56879K(57152K)->56879K(57152K) NonClass: 51261K(51456K)->51261K(51456K) Class: 5617K(5696K)->5617K(5696K)
[224.191s][info][gc             ] GC(422) Pause Young (Allocation Failure) 533M->375M(578M) 5.792ms
[224.191s][info][gc,cpu         ] GC(422) User=0.01s Sys=0.00s Real=0.01s
[224.586s][info][gc,start       ] GC(423) Pause Young (Allocation Failure)
[224.593s][info][gc,heap        ] GC(423) PSYoungGen: 165503K(190976K)->3295K(217600K) Eden: 163328K(163328K)->0K(194560K) From: 2175K(27648K)->3295K(23040K)
[224.593s][info][gc,heap        ] GC(423) ParOldGen: 382340K(401408K)->382356K(401408K)
[224.593s][info][gc,metaspace   ] GC(423) Metaspace: 56879K(57152K)->56879K(57152K) NonClass: 51261K(51456K)->51261K(51456K) Class: 5617K(5696K)->5617K(5696K)
[224.593s][info][gc             ] GC(423) Pause Young (Allocation Failure) 535M->376M(604M) 6.574ms
[224.593s][info][gc,cpu         ] GC(423) User=0.01s Sys=0.00s Real=0.01s
[224.987s][info][gc,start       ] GC(424) Pause Young (Allocation Failure)
[224.991s][info][gc,heap        ] GC(424) PSYoungGen: 197855K(217600K)->1920K(219136K) Eden: 194560K(194560K)->0K(194560K) From: 3295K(23040K)->1920K(24576K)
[224.991s][info][gc,heap        ] GC(424) ParOldGen: 382356K(401408K)->382372K(401408K)
[224.991s][info][gc,metaspace   ] GC(424) Metaspace: 56879K(57152K)->56879K(57152K) NonClass: 51261K(51456K)->51261K(51456K) Class: 5617K(5696K)->5617K(5696K)
[224.991s][info][gc             ] GC(424) Pause Young (Allocation Failure) 566M->375M(606M) 3.999ms
[224.991s][info][gc,cpu         ] GC(424) User=0.01s Sys=0.01s Real=0.01s
[225.455s][info][gc,start       ] GC(425) Pause Young (Allocation Failure)
[225.458s][info][gc,heap        ] GC(425) PSYoungGen: 196480K(219136K)->1056K(252416K) Eden: 194560K(194560K)->0K(231424K) From: 1920K(24576K)->1056K(20992K)
[225.458s][info][gc,heap        ] GC(425) ParOldGen: 382372K(401408K)->382388K(401408K)
[225.458s][info][gc,metaspace   ] GC(425) Metaspace: 56879K(57152K)->56879K(57152K) NonClass: 51261K(51456K)->51261K(51456K) Class: 5617K(5696K)->5617K(5696K)
[225.458s][info][gc             ] GC(425) Pause Young (Allocation Failure) 565M->374M(638M) 3.226ms
[225.458s][info][gc,cpu         ] GC(425) User=0.00s Sys=0.01s Real=0.00s
[225.973s][info][gc,start       ] GC(426) Pause Young (Allocation Failure)
[225.979s][info][gc,heap        ] GC(426) PSYoungGen: 232480K(252416K)->3424K(253440K) Eden: 231424K(231424K)->0K(231424K) From: 1056K(20992K)->3424K(22016K)
[225.979s][info][gc,heap        ] GC(426) ParOldGen: 382388K(401408K)->382404K(401408K)
[225.979s][info][gc,metaspace   ] GC(426) Metaspace: 56879K(57152K)->56879K(57152K) NonClass: 51261K(51456K)->51261K(51456K) Class: 5617K(5696K)->5617K(5696K)
[225.979s][info][gc             ] GC(426) Pause Young (Allocation Failure) 600M->376M(639M) 5.381ms
[225.979s][info][gc,cpu         ] GC(426) User=0.01s Sys=0.01s Real=0.00s
[226.480s][info][gc,start       ] GC(427) Pause Young (Allocation Failure)
[226.489s][info][gc,heap        ] GC(427) PSYoungGen: 234762K(253440K)->2752K(293888K) Eden: 231337K(231424K)->0K(275456K) From: 3424K(22016K)->2752K(18432K)
[226.489s][info][gc,heap        ] GC(427) ParOldGen: 382404K(401408K)->383709K(401408K)
[226.489s][info][gc,metaspace   ] GC(427) Metaspace: 56879K(57152K)->56879K(57152K) NonClass: 51261K(51456K)->51261K(51456K) Class: 5617K(5696K)->5617K(5696K)
[226.489s][info][gc             ] GC(427) Pause Young (Allocation Failure) 602M->377M(679M) 8.551ms
[226.489s][info][gc,cpu         ] GC(427) User=0.01s Sys=0.01s Real=0.00s
[227.149s][info][gc,start       ] GC(428) Pause Young (Allocation Failure)
[227.151s][info][gc,heap        ] GC(428) PSYoungGen: 278206K(293888K)->378K(265216K) Eden: 275454K(275456K)->0K(264704K) From: 2752K(18432K)->378K(512K)
[227.151s][info][gc,heap        ] GC(428) ParOldGen: 383709K(401408K)->383725K(401408K)
[227.152s][info][gc,metaspace   ] GC(428) Metaspace: 56879K(57152K)->56879K(57152K) NonClass: 51261K(51456K)->51261K(51456K) Class: 5617K(5696K)->5617K(5696K)
[227.152s][info][gc             ] GC(428) Pause Young (Allocation Failure) 646M->375M(651M) 2.086ms
[227.152s][info][gc,cpu         ] GC(428) User=0.00s Sys=0.00s Real=0.00s
[227.736s][info][gc,start       ] GC(429) Pause Young (Allocation Failure)
[227.738s][info][gc,heap        ] GC(429) PSYoungGen: 264918K(265216K)->416K(260608K) Eden: 264539K(264704K)->0K(254464K) From: 378K(512K)->416K(6144K)
[227.738s][info][gc,heap        ] GC(429) ParOldGen: 383725K(401408K)->383741K(401408K)
[227.738s][info][gc,metaspace   ] GC(429) Metaspace: 56879K(57152K)->56879K(57152K) NonClass: 51261K(51456K)->51261K(51456K) Class: 5617K(5696K)->5617K(5696K)
[227.739s][info][gc             ] GC(429) Pause Young (Allocation Failure) 633M->375M(646M) 2.624ms
[227.739s][info][gc,cpu         ] GC(429) User=0.00s Sys=0.00s Real=0.00s
[228.280s][info][gc,start       ] GC(430) Pause Young (Allocation Failure)
[228.285s][info][gc,heap        ] GC(430) PSYoungGen: 254880K(260608K)->2655K(247808K) Eden: 254464K(254464K)->0K(244736K) From: 416K(6144K)->2655K(3072K)
[228.285s][info][gc,heap        ] GC(430) ParOldGen: 383741K(401408K)->383757K(401408K)
[228.285s][info][gc,metaspace   ] GC(430) Metaspace: 56879K(57152K)->56879K(57152K) NonClass: 51261K(51456K)->51261K(51456K) Class: 5617K(5696K)->5617K(5696K)
[228.285s][info][gc             ] GC(430) Pause Young (Allocation Failure) 623M->377M(634M) 4.617ms
[228.285s][info][gc,cpu         ] GC(430) User=0.01s Sys=0.00s Real=0.00s
[228.865s][info][gc,start       ] GC(431) Pause Young (Allocation Failure)
[228.869s][info][gc,heap        ] GC(431) PSYoungGen: 247391K(247808K)->2175K(238080K) Eden: 244736K(244736K)->0K(235520K) From: 2655K(3072K)->2175K(2560K)
[228.870s][info][gc,heap        ] GC(431) ParOldGen: 383757K(401408K)->383773K(401408K)
[228.870s][info][gc,metaspace   ] GC(431) Metaspace: 56881K(57152K)->56881K(57152K) NonClass: 51263K(51456K)->51263K(51456K) Class: 5617K(5696K)->5617K(5696K)
[228.870s][info][gc             ] GC(431) Pause Young (Allocation Failure) 616M->376M(624M) 4.391ms
[228.870s][info][gc,cpu         ] GC(431) User=0.01s Sys=0.00s Real=0.01s
[229.374s][info][gc,start       ] GC(432) Pause Young (Allocation Failure)
[229.379s][info][gc,heap        ] GC(432) PSYoungGen: 237695K(238080K)->2944K(229888K) Eden: 235520K(235520K)->0K(226816K) From: 2175K(2560K)->2944K(3072K)
[229.379s][info][gc,heap        ] GC(432) ParOldGen: 383773K(401408K)->383789K(401408K)
[229.379s][info][gc,metaspace   ] GC(432) Metaspace: 56881K(57152K)->56881K(57152K) NonClass: 51263K(51456K)->51263K(51456K) Class: 5617K(5696K)->5617K(5696K)
[229.379s][info][gc             ] GC(432) Pause Young (Allocation Failure) 606M->377M(616M) 5.599ms
[229.379s][info][gc,cpu         ] GC(432) User=0.01s Sys=0.00s Real=0.01s
[229.875s][info][gc,start       ] GC(433) Pause Young (Allocation Failure)
[229.881s][info][gc,heap        ] GC(433) PSYoungGen: 229760K(229888K)->3454K(221696K) Eden: 226816K(226816K)->0K(218112K) From: 2944K(3072K)->3454K(3584K)
[229.881s][info][gc,heap        ] GC(433) ParOldGen: 383789K(401408K)->383805K(401408K)
[229.881s][info][gc,metaspace   ] GC(433) Metaspace: 56881K(57152K)->56881K(57152K) NonClass: 51263K(51456K)->51263K(51456K) Class: 5617K(5696K)->5617K(5696K)
[229.881s][info][gc             ] GC(433) Pause Young (Allocation Failure) 599M->378M(608M) 5.909ms
[229.881s][info][gc,cpu         ] GC(433) User=0.01s Sys=0.00s Real=0.01s
[230.371s][info][gc,start       ] GC(434) Pause Young (Allocation Failure)
[230.376s][info][gc,heap        ] GC(434) PSYoungGen: 221566K(221696K)->2879K(212992K) Eden: 218112K(218112K)->0K(209920K) From: 3454K(3584K)->2879K(3072K)
[230.376s][info][gc,heap        ] GC(434) ParOldGen: 383805K(401408K)->383821K(401408K)
[230.376s][info][gc,metaspace   ] GC(434) Metaspace: 56881K(57152K)->56881K(57152K) NonClass: 51263K(51456K)->51263K(51456K) Class: 5617K(5696K)->5617K(5696K)
[230.376s][info][gc             ] GC(434) Pause Young (Allocation Failure) 591M->377M(600M) 5.089ms
[230.376s][info][gc,cpu         ] GC(434) User=0.00s Sys=0.00s Real=0.00s
[230.865s][info][gc,start       ] GC(435) Pause Young (Allocation Failure)
[230.869s][info][gc,heap        ] GC(435) PSYoungGen: 212799K(212992K)->2175K(204800K) Eden: 209920K(209920K)->0K(202240K) From: 2879K(3072K)->2175K(2560K)
[230.869s][info][gc,heap        ] GC(435) ParOldGen: 383821K(401408K)->383837K(401408K)
[230.869s][info][gc,metaspace   ] GC(435) Metaspace: 56881K(57152K)->56881K(57152K) NonClass: 51263K(51456K)->51263K(51456K) Class: 5617K(5696K)->5617K(5696K)
[230.869s][info][gc             ] GC(435) Pause Young (Allocation Failure) 582M->376M(592M) 4.566ms
[230.869s][info][gc,cpu         ] GC(435) User=0.01s Sys=0.01s Real=0.01s
[231.291s][info][gc,start       ] GC(436) Pause Young (Allocation Failure)
[231.295s][info][gc,heap        ] GC(436) PSYoungGen: 204415K(204800K)->1919K(197120K) Eden: 202240K(202240K)->0K(195072K) From: 2175K(2560K)->1919K(2048K)
[231.295s][info][gc,heap        ] GC(436) ParOldGen: 383837K(401408K)->383853K(401408K)
[231.295s][info][gc,metaspace   ] GC(436) Metaspace: 56881K(57152K)->56881K(57152K) NonClass: 51263K(51456K)->51263K(51456K) Class: 5617K(5696K)->5617K(5696K)
[231.295s][info][gc             ] GC(436) Pause Young (Allocation Failure) 574M->376M(584M) 3.857ms
[231.295s][info][gc,cpu         ] GC(436) User=0.01s Sys=0.00s Real=0.00s
[231.761s][info][gc,start       ] GC(437) Pause Young (Allocation Failure)
[231.765s][info][gc,heap        ] GC(437) PSYoungGen: 196991K(197120K)->1727K(189952K) Eden: 195072K(195072K)->0K(187904K) From: 1919K(2048K)->1727K(2048K)
[231.765s][info][gc,heap        ] GC(437) ParOldGen: 383853K(401408K)->383869K(401408K)
[231.765s][info][gc,metaspace   ] GC(437) Metaspace: 56881K(57152K)->56881K(57152K) NonClass: 51263K(51456K)->51263K(51456K) Class: 5617K(5696K)->5617K(5696K)
[231.765s][info][gc             ] GC(437) Pause Young (Allocation Failure) 567M->376M(577M) 3.963ms
[231.765s][info][gc,cpu         ] GC(437) User=0.00s Sys=0.00s Real=0.00s
[232.170s][info][gc,start       ] GC(438) Pause Young (Allocation Failure)
[232.175s][info][gc,heap        ] GC(438) PSYoungGen: 189631K(189952K)->2719K(184320K) Eden: 187904K(187904K)->0K(181248K) From: 1727K(2048K)->2719K(3072K)
[232.175s][info][gc,heap        ] GC(438) ParOldGen: 383869K(401408K)->383885K(401408K)
[232.175s][info][gc,metaspace   ] GC(438) Metaspace: 56881K(57152K)->56881K(57152K) NonClass: 51263K(51456K)->51263K(51456K) Class: 5617K(5696K)->5617K(5696K)
[232.175s][info][gc             ] GC(438) Pause Young (Allocation Failure) 560M->377M(572M) 4.753ms
[232.175s][info][gc,cpu         ] GC(438) User=0.00s Sys=0.00s Real=0.00s
[232.575s][info][gc,start       ] GC(439) Pause Young (Allocation Failure)
[232.580s][info][gc,heap        ] GC(439) PSYoungGen: 183967K(184320K)->2207K(177664K) Eden: 181248K(181248K)->0K(175104K) From: 2719K(3072K)->2207K(2560K)
[232.580s][info][gc,heap        ] GC(439) ParOldGen: 383885K(401408K)->383901K(401408K)
[232.580s][info][gc,metaspace   ] GC(439) Metaspace: 56881K(57152K)->56881K(57152K) NonClass: 51263K(51456K)->51263K(51456K) Class: 5617K(5696K)->5617K(5696K)
[232.580s][info][gc             ] GC(439) Pause Young (Allocation Failure) 554M->377M(565M) 5.095ms
[232.580s][info][gc,cpu         ] GC(439) User=0.01s Sys=0.00s Real=0.01s
[232.975s][info][gc,start       ] GC(440) Pause Young (Allocation Failure)
[232.979s][info][gc,heap        ] GC(440) PSYoungGen: 177311K(177664K)->1984K(215552K) Eden: 175104K(175104K)->0K(206336K) From: 2207K(2560K)->1984K(9216K)
[232.979s][info][gc,heap        ] GC(440) ParOldGen: 383901K(401408K)->383917K(401408K)
[232.979s][info][gc,metaspace   ] GC(440) Metaspace: 56881K(57152K)->56881K(57152K) NonClass: 51263K(51456K)->51263K(51456K) Class: 5617K(5696K)->5617K(5696K)
[232.979s][info][gc             ] GC(440) Pause Young (Allocation Failure) 548M->376M(602M) 4.443ms
[232.979s][info][gc,cpu         ] GC(440) User=0.01s Sys=0.00s Real=0.01s
[233.456s][info][gc,start       ] GC(441) Pause Young (Allocation Failure)
[233.459s][info][gc,heap        ] GC(441) PSYoungGen: 208298K(215552K)->1152K(200192K) Eden: 206314K(206336K)->0K(198656K) From: 1984K(9216K)->1152K(1536K)
[233.459s][info][gc,heap        ] GC(441) ParOldGen: 383917K(401408K)->383933K(401408K)
[233.459s][info][gc,metaspace   ] GC(441) Metaspace: 56881K(57152K)->56881K(57152K) NonClass: 51263K(51456K)->51263K(51456K) Class: 5617K(5696K)->5617K(5696K)
[233.459s][info][gc             ] GC(441) Pause Young (Allocation Failure) 578M->376M(587M) 3.447ms
[233.460s][info][gc,cpu         ] GC(441) User=0.01s Sys=0.00s Real=0.01s
[233.870s][info][gc,start       ] GC(442) Pause Young (Allocation Failure)
[233.875s][info][gc,heap        ] GC(442) PSYoungGen: 199808K(200192K)->2943K(194560K) Eden: 198656K(198656K)->0K(191488K) From: 1152K(1536K)->2943K(3072K)
[233.875s][info][gc,heap        ] GC(442) ParOldGen: 383933K(401408K)->383949K(401408K)
[233.875s][info][gc,metaspace   ] GC(442) Metaspace: 56881K(57152K)->56881K(57152K) NonClass: 51263K(51456K)->51263K(51456K) Class: 5617K(5696K)->5617K(5696K)
[233.875s][info][gc             ] GC(442) Pause Young (Allocation Failure) 570M->377M(582M) 4.937ms
[233.875s][info][gc,cpu         ] GC(442) User=0.01s Sys=0.00s Real=0.00s
[234.303s][info][gc,start       ] GC(443) Pause Young (Allocation Failure)
[234.306s][info][gc,heap        ] GC(443) PSYoungGen: 194431K(194560K)->1567K(186880K) Eden: 191488K(191488K)->0K(184832K) From: 2943K(3072K)->1567K(2048K)
[234.306s][info][gc,heap        ] GC(443) ParOldGen: 383949K(401408K)->383965K(401408K)
[234.306s][info][gc,metaspace   ] GC(443) Metaspace: 56881K(57152K)->56881K(57152K) NonClass: 51263K(51456K)->51263K(51456K) Class: 5617K(5696K)->5617K(5696K)
[234.306s][info][gc             ] GC(443) Pause Young (Allocation Failure) 564M->376M(574M) 3.646ms
[234.306s][info][gc,cpu         ] GC(443) User=0.01s Sys=0.00s Real=0.00s
[234.749s][info][gc,start       ] GC(444) Pause Young (Allocation Failure)
[234.751s][info][gc,heap        ] GC(444) PSYoungGen: 186399K(186880K)->256K(178688K) Eden: 184832K(184832K)->0K(178176K) From: 1567K(2048K)->256K(512K)
[234.751s][info][gc,heap        ] GC(444) ParOldGen: 383965K(401408K)->383981K(401408K)
[234.751s][info][gc,metaspace   ] GC(444) Metaspace: 56881K(57152K)->56881K(57152K) NonClass: 51263K(51456K)->51263K(51456K) Class: 5617K(5696K)->5617K(5696K)
[234.751s][info][gc             ] GC(444) Pause Young (Allocation Failure) 556M->375M(566M) 2.132ms
[234.751s][info][gc,cpu         ] GC(444) User=0.01s Sys=0.00s Real=0.00s
[235.149s][info][gc,start       ] GC(445) Pause Young (Allocation Failure)
[235.152s][info][gc,heap        ] GC(445) PSYoungGen: 178432K(178688K)->799K(173056K) Eden: 178176K(178176K)->0K(172032K) From: 256K(512K)->799K(1024K)
[235.152s][info][gc,heap        ] GC(445) ParOldGen: 383981K(401408K)->383997K(401408K)
[235.152s][info][gc,metaspace   ] GC(445) Metaspace: 56881K(57152K)->56881K(57152K) NonClass: 51263K(51456K)->51263K(51456K) Class: 5617K(5696K)->5617K(5696K)
[235.152s][info][gc             ] GC(445) Pause Young (Allocation Failure) 549M->375M(561M) 2.752ms
[235.152s][info][gc,cpu         ] GC(445) User=0.00s Sys=0.00s Real=0.00s
[235.499s][info][gc,start       ] GC(446) Pause Young (Allocation Failure)
[235.502s][info][gc,heap        ] GC(446) PSYoungGen: 172831K(173056K)->1439K(167424K) Eden: 172032K(172032K)->0K(165888K) From: 799K(1024K)->1439K(1536K)
[235.502s][info][gc,heap        ] GC(446) ParOldGen: 383997K(401408K)->384013K(401408K)
[235.502s][info][gc,metaspace   ] GC(446) Metaspace: 56881K(57152K)->56881K(57152K) NonClass: 51263K(51456K)->51263K(51456K) Class: 5617K(5696K)->5617K(5696K)
[235.502s][info][gc             ] GC(446) Pause Young (Allocation Failure) 543M->376M(555M) 3.096ms
[235.502s][info][gc,cpu         ] GC(446) User=0.00s Sys=0.00s Real=0.00s
[235.875s][info][gc,start       ] GC(447) Pause Young (Allocation Failure)
[235.880s][info][gc,heap        ] GC(447) PSYoungGen: 167327K(167424K)->2336K(162816K) Eden: 165888K(165888K)->0K(160256K) From: 1439K(1536K)->2336K(2560K)
[235.880s][info][gc,heap        ] GC(447) ParOldGen: 384013K(401408K)->384029K(401408K)
[235.880s][info][gc,metaspace   ] GC(447) Metaspace: 56881K(57152K)->56881K(57152K) NonClass: 51263K(51456K)->51263K(51456K) Class: 5617K(5696K)->5617K(5696K)
[235.880s][info][gc             ] GC(447) Pause Young (Allocation Failure) 538M->377M(551M) 4.889ms
[235.880s][info][gc,cpu         ] GC(447) User=0.00s Sys=0.00s Real=0.01s
[236.260s][info][gc,start       ] GC(448) Pause Young (Allocation Failure)
[236.264s][info][gc,heap        ] GC(448) PSYoungGen: 162592K(162816K)->1819K(156672K) Eden: 160256K(160256K)->0K(154624K) From: 2336K(2560K)->1819K(2048K)
[236.264s][info][gc,heap        ] GC(448) ParOldGen: 384029K(401408K)->384045K(401408K)
[236.264s][info][gc,metaspace   ] GC(448) Metaspace: 56881K(57152K)->56881K(57152K) NonClass: 51263K(51456K)->51263K(51456K) Class: 5617K(5696K)->5617K(5696K)
[236.264s][info][gc             ] GC(448) Pause Young (Allocation Failure) 533M->376M(545M) 3.912ms
[236.264s][info][gc,cpu         ] GC(448) User=0.01s Sys=0.00s Real=0.00s
[236.606s][info][gc,start       ] GC(449) Pause Young (Allocation Failure)
[236.609s][info][gc,heap        ] GC(449) PSYoungGen: 156443K(156672K)->1343K(151040K) Eden: 154624K(154624K)->0K(149504K) From: 1819K(2048K)->1343K(1536K)
[236.609s][info][gc,heap        ] GC(449) ParOldGen: 384045K(401408K)->384061K(401408K)
[236.609s][info][gc,metaspace   ] GC(449) Metaspace: 56881K(57152K)->56881K(57152K) NonClass: 51263K(51456K)->51263K(51456K) Class: 5617K(5696K)->5617K(5696K)
[236.609s][info][gc             ] GC(449) Pause Young (Allocation Failure) 527M->376M(539M) 3.164ms
[236.609s][info][gc,cpu         ] GC(449) User=0.00s Sys=0.00s Real=0.01s
[236.895s][info][gc,start       ] GC(450) Pause Young (Allocation Failure)
[236.897s][info][gc,heap        ] GC(450) PSYoungGen: 150644K(151040K)->960K(145408K) Eden: 149300K(149504K)->0K(144384K) From: 1343K(1536K)->960K(1024K)
[236.898s][info][gc,heap        ] GC(450) ParOldGen: 384061K(401408K)->384077K(401408K)
[236.898s][info][gc,metaspace   ] GC(450) Metaspace: 56881K(57152K)->56881K(57152K) NonClass: 51263K(51456K)->51263K(51456K) Class: 5617K(5696K)->5617K(5696K)
[236.898s][info][gc             ] GC(450) Pause Young (Allocation Failure) 522M->376M(534M) 2.849ms
[236.898s][info][gc,cpu         ] GC(450) User=0.00s Sys=0.00s Real=0.00s
[237.255s][info][gc,start       ] GC(451) Pause Young (Allocation Failure)
[237.257s][info][gc,heap        ] GC(451) PSYoungGen: 145344K(145408K)->1087K(141312K) Eden: 144384K(144384K)->0K(139776K) From: 960K(1024K)->1087K(1536K)
[237.257s][info][gc,heap        ] GC(451) ParOldGen: 384077K(401408K)->384093K(401408K)
[237.258s][info][gc,metaspace   ] GC(451) Metaspace: 56881K(57152K)->56881K(57152K) NonClass: 51263K(51456K)->51263K(51456K) Class: 5617K(5696K)->5617K(5696K)
[237.258s][info][gc             ] GC(451) Pause Young (Allocation Failure) 517M->376M(530M) 2.840ms
[237.258s][info][gc,cpu         ] GC(451) User=0.01s Sys=0.00s Real=0.00s
[237.557s][info][gc,start       ] GC(452) Pause Young (Allocation Failure)
[237.561s][info][gc,heap        ] GC(452) PSYoungGen: 140863K(141312K)->1504K(136704K) Eden: 139776K(139776K)->0K(135168K) From: 1087K(1536K)->1504K(1536K)
[237.561s][info][gc,heap        ] GC(452) ParOldGen: 384093K(401408K)->384109K(401408K)
[237.561s][info][gc,metaspace   ] GC(452) Metaspace: 56881K(57152K)->56881K(57152K) NonClass: 51263K(51456K)->51263K(51456K) Class: 5617K(5696K)->5617K(5696K)
[237.561s][info][gc             ] GC(452) Pause Young (Allocation Failure) 512M->376M(525M) 3.437ms
[237.561s][info][gc,cpu         ] GC(452) User=0.01s Sys=0.00s Real=0.01s
[237.985s][info][gc,start       ] GC(453) Pause Young (Allocation Failure)
[237.989s][info][gc,heap        ] GC(453) PSYoungGen: 136574K(136704K)->1056K(132608K) Eden: 135070K(135168K)->0K(131072K) From: 1504K(1536K)->1056K(1536K)
[237.989s][info][gc,heap        ] GC(453) ParOldGen: 384109K(401408K)->384125K(401408K)
[237.989s][info][gc,metaspace   ] GC(453) Metaspace: 56881K(57152K)->56881K(57152K) NonClass: 51263K(51456K)->51263K(51456K) Class: 5617K(5696K)->5617K(5696K)
[237.989s][info][gc             ] GC(453) Pause Young (Allocation Failure) 508M->376M(521M) 3.648ms
[237.989s][info][gc,cpu         ] GC(453) User=0.00s Sys=0.00s Real=0.00s
[238.257s][info][gc,start       ] GC(454) Pause Young (Allocation Failure)
[238.260s][info][gc,heap        ] GC(454) PSYoungGen: 132128K(132608K)->1242K(128512K) Eden: 131072K(131072K)->0K(126976K) From: 1056K(1536K)->1242K(1536K)
[238.260s][info][gc,heap        ] GC(454) ParOldGen: 384125K(401408K)->384141K(401408K)
[238.260s][info][gc,metaspace   ] GC(454) Metaspace: 56881K(57152K)->56881K(57152K) NonClass: 51263K(51456K)->51263K(51456K) Class: 5617K(5696K)->5617K(5696K)
[238.260s][info][gc             ] GC(454) Pause Young (Allocation Failure) 504M->376M(517M) 3.015ms
[238.260s][info][gc,cpu         ] GC(454) User=0.01s Sys=0.00s Real=0.01s
[238.552s][info][gc,start       ] GC(455) Pause Young (Allocation Failure)
[238.555s][info][gc,heap        ] GC(455) PSYoungGen: 128218K(128512K)->544K(123904K) Eden: 126976K(126976K)->0K(122880K) From: 1242K(1536K)->544K(1024K)
[238.555s][info][gc,heap        ] GC(455) ParOldGen: 384141K(401408K)->384157K(401408K)
[238.555s][info][gc,metaspace   ] GC(455) Metaspace: 56881K(57152K)->56881K(57152K) NonClass: 51263K(51456K)->51263K(51456K) Class: 5617K(5696K)->5617K(5696K)
[238.555s][info][gc             ] GC(455) Pause Young (Allocation Failure) 500M->375M(513M) 2.473ms
[238.555s][info][gc,cpu         ] GC(455) User=0.00s Sys=0.00s Real=0.00s
[238.791s][info][gc,start       ] GC(456) Pause Young (Allocation Failure)
[238.795s][info][gc,heap        ] GC(456) PSYoungGen: 123290K(123904K)->1887K(147968K) Eden: 122746K(122880K)->0K(145920K) From: 544K(1024K)->1887K(2048K)
[238.795s][info][gc,heap        ] GC(456) ParOldGen: 384157K(401408K)->384173K(401408K)
[238.795s][info][gc,metaspace   ] GC(456) Metaspace: 56881K(57152K)->56881K(57152K) NonClass: 51263K(51456K)->51263K(51456K) Class: 5617K(5696K)->5617K(5696K)
[238.795s][info][gc             ] GC(456) Pause Young (Allocation Failure) 495M->377M(536M) 3.720ms
[238.795s][info][gc,cpu         ] GC(456) User=0.01s Sys=0.00s Real=0.00s
[239.154s][info][gc,start       ] GC(457) Pause Young (Allocation Failure)
[239.157s][info][gc,heap        ] GC(457) PSYoungGen: 147807K(147968K)->512K(141824K) Eden: 145920K(145920K)->0K(141312K) From: 1887K(2048K)->512K(512K)
[239.157s][info][gc,heap        ] GC(457) ParOldGen: 384173K(401408K)->384189K(401408K)
[239.157s][info][gc,metaspace   ] GC(457) Metaspace: 56881K(57152K)->56881K(57152K) NonClass: 51263K(51456K)->51263K(51456K) Class: 5617K(5696K)->5617K(5696K)
[239.157s][info][gc             ] GC(457) Pause Young (Allocation Failure) 519M->375M(530M) 2.511ms
[239.157s][info][gc,cpu         ] GC(457) User=0.00s Sys=0.00s Real=0.00s
[239.459s][info][gc,start       ] GC(458) Pause Young (Allocation Failure)
[239.462s][info][gc,heap        ] GC(458) PSYoungGen: 141824K(141824K)->1344K(141312K) Eden: 141312K(141312K)->0K(136704K) From: 512K(512K)->1344K(4608K)
[239.462s][info][gc,heap        ] GC(458) ParOldGen: 384189K(401408K)->384205K(401408K)
[239.462s][info][gc,metaspace   ] GC(458) Metaspace: 56881K(57152K)->56881K(57152K) NonClass: 51263K(51456K)->51263K(51456K) Class: 5617K(5696K)->5617K(5696K)
[239.462s][info][gc             ] GC(458) Pause Young (Allocation Failure) 513M->376M(530M) 3.163ms
[239.462s][info][gc,cpu         ] GC(458) User=0.01s Sys=0.01s Real=0.01s
[239.766s][info][gc,start       ] GC(459) Pause Young (Allocation Failure)
[239.770s][info][gc,heap        ] GC(459) PSYoungGen: 138048K(141312K)->2463K(165376K) Eden: 136704K(136704K)->0K(162816K) From: 1344K(4608K)->2463K(2560K)
[239.770s][info][gc,heap        ] GC(459) ParOldGen: 384205K(401408K)->384221K(401408K)
[239.770s][info][gc,metaspace   ] GC(459) Metaspace: 56881K(57152K)->56881K(57152K) NonClass: 51263K(51456K)->51263K(51456K) Class: 5617K(5696K)->5617K(5696K)
[239.770s][info][gc             ] GC(459) Pause Young (Allocation Failure) 510M->377M(553M) 4.406ms
[239.770s][info][gc,cpu         ] GC(459) User=0.00s Sys=0.00s Real=0.01s
[240.099s][info][gc,start       ] GC(460) Pause Young (Allocation Failure)
[240.101s][info][gc,heap        ] GC(460) PSYoungGen: 165279K(165376K)->575K(158208K) Eden: 162816K(162816K)->0K(157184K) From: 2463K(2560K)->575K(1024K)
[240.101s][info][gc,heap        ] GC(460) ParOldGen: 384221K(401408K)->384237K(401408K)
[240.101s][info][gc,metaspace   ] GC(460) Metaspace: 56881K(57152K)->56881K(57152K) NonClass: 51263K(51456K)->51263K(51456K) Class: 5617K(5696K)->5617K(5696K)
[240.101s][info][gc             ] GC(460) Pause Young (Allocation Failure) 536M->375M(546M) 2.181ms
[240.101s][info][gc,cpu         ] GC(460) User=0.00s Sys=0.00s Real=0.00s
[240.475s][info][gc,start       ] GC(461) Pause Young (Allocation Failure)
[240.480s][info][gc,heap        ] GC(461) PSYoungGen: 157759K(158208K)->2752K(164352K) Eden: 157184K(157184K)->0K(160256K) From: 575K(1024K)->2752K(4096K)
[240.480s][info][gc,heap        ] GC(461) ParOldGen: 384237K(401408K)->384253K(401408K)
[240.480s][info][gc,metaspace   ] GC(461) Metaspace: 56881K(57152K)->56881K(57152K) NonClass: 51263K(51456K)->51263K(51456K) Class: 5617K(5696K)->5617K(5696K)
[240.480s][info][gc             ] GC(461) Pause Young (Allocation Failure) 529M->377M(552M) 4.938ms
[240.480s][info][gc,cpu         ] GC(461) User=0.01s Sys=0.00s Real=0.01s
[240.855s][info][gc,start       ] GC(462) Pause Young (Allocation Failure)
[240.857s][info][gc,heap        ] GC(462) PSYoungGen: 163008K(164352K)->873K(155648K) Eden: 160256K(160256K)->0K(154624K) From: 2752K(4096K)->873K(1024K)
[240.857s][info][gc,heap        ] GC(462) ParOldGen: 384253K(401408K)->384269K(401408K)
[240.857s][info][gc,metaspace   ] GC(462) Metaspace: 56881K(57152K)->56881K(57152K) NonClass: 51263K(51456K)->51263K(51456K) Class: 5617K(5696K)->5617K(5696K)
[240.857s][info][gc             ] GC(462) Pause Young (Allocation Failure) 534M->376M(544M) 2.815ms
[240.857s][info][gc,cpu         ] GC(462) User=0.01s Sys=0.00s Real=0.00s
[241.181s][info][gc,start       ] GC(463) Pause Young (Allocation Failure)
[241.207s][info][gc,heap        ] GC(463) PSYoungGen: 155497K(155648K)->2848K(160768K) Eden: 154624K(154624K)->0K(156672K) From: 873K(1024K)->2848K(4096K)
[241.207s][info][gc,heap        ] GC(463) ParOldGen: 384269K(401408K)->384285K(401408K)
[241.207s][info][gc,metaspace   ] GC(463) Metaspace: 56881K(57152K)->56881K(57152K) NonClass: 51263K(51456K)->51263K(51456K) Class: 5617K(5696K)->5617K(5696K)
[241.207s][info][gc             ] GC(463) Pause Young (Allocation Failure) 527M->378M(549M) 25.343ms
[241.207s][info][gc,cpu         ] GC(463) User=0.02s Sys=0.00s Real=0.02s
[241.549s][info][gc,start       ] GC(464) Pause Young (Allocation Failure)
[241.551s][info][gc,heap        ] GC(464) PSYoungGen: 159520K(160768K)->671K(161280K) Eden: 156672K(156672K)->0K(156672K) From: 2848K(4096K)->671K(4608K)
[241.551s][info][gc,heap        ] GC(464) ParOldGen: 384285K(401408K)->384301K(401408K)
[241.551s][info][gc,metaspace   ] GC(464) Metaspace: 56881K(57152K)->56881K(57152K) NonClass: 51263K(51456K)->51263K(51456K) Class: 5617K(5696K)->5617K(5696K)
[241.551s][info][gc             ] GC(464) Pause Young (Allocation Failure) 531M->375M(549M) 2.029ms
[241.551s][info][gc,cpu         ] GC(464) User=0.00s Sys=0.00s Real=0.01s
[241.871s][info][gc,start       ] GC(465) Pause Young (Allocation Failure)
[241.877s][info][gc,heap        ] GC(465) PSYoungGen: 157343K(161280K)->3039K(192000K) Eden: 156672K(156672K)->0K(187392K) From: 671K(4608K)->3039K(4608K)
[241.877s][info][gc,heap        ] GC(465) ParOldGen: 384301K(401408K)->384317K(401408K)
[241.877s][info][gc,metaspace   ] GC(465) Metaspace: 56881K(57152K)->56881K(57152K) NonClass: 51263K(51456K)->51263K(51456K) Class: 5617K(5696K)->5617K(5696K)
[241.877s][info][gc             ] GC(465) Pause Young (Allocation Failure) 528M->378M(579M) 6.068ms
[241.877s][info][gc,cpu         ] GC(465) User=0.01s Sys=0.00s Real=0.00s
[242.342s][info][gc,start       ] GC(466) Pause Young (Allocation Failure)
[242.348s][info][gc,heap        ] GC(466) PSYoungGen: 190431K(192000K)->2078K(192000K) Eden: 187392K(187392K)->0K(187392K) From: 3039K(4608K)->2078K(4608K)
[242.348s][info][gc,heap        ] GC(466) ParOldGen: 384317K(401408K)->384333K(401408K)
[242.348s][info][gc,metaspace   ] GC(466) Metaspace: 56881K(57152K)->56881K(57152K) NonClass: 51263K(51456K)->51263K(51456K) Class: 5617K(5696K)->5617K(5696K)
[242.348s][info][gc             ] GC(466) Pause Young (Allocation Failure) 561M->377M(579M) 6.281ms
[242.348s][info][gc,cpu         ] GC(466) User=0.01s Sys=0.00s Real=0.00s
[242.752s][info][gc,start       ] GC(467) Pause Young (Allocation Failure)
[242.755s][info][gc,heap        ] GC(467) PSYoungGen: 189470K(192000K)->832K(227840K) Eden: 187392K(187392K)->0K(223744K) From: 2078K(4608K)->832K(4096K)
[242.755s][info][gc,heap        ] GC(467) ParOldGen: 384333K(401408K)->384349K(401408K)
[242.755s][info][gc,metaspace   ] GC(467) Metaspace: 56881K(57152K)->56881K(57152K) NonClass: 51263K(51456K)->51263K(51456K) Class: 5617K(5696K)->5617K(5696K)
[242.755s][info][gc             ] GC(467) Pause Young (Allocation Failure) 560M->376M(614M) 2.922ms
[242.755s][info][gc,cpu         ] GC(467) User=0.00s Sys=0.00s Real=0.00s
[243.259s][info][gc,start       ] GC(468) Pause Young (Allocation Failure)
[243.262s][info][gc,heap        ] GC(468) PSYoungGen: 224576K(227840K)->1086K(228352K) Eden: 223744K(223744K)->0K(223744K) From: 832K(4096K)->1086K(4608K)
[243.262s][info][gc,heap        ] GC(468) ParOldGen: 384349K(401408K)->384365K(401408K)
[243.262s][info][gc,metaspace   ] GC(468) Metaspace: 56881K(57152K)->56881K(57152K) NonClass: 51263K(51456K)->51263K(51456K) Class: 5617K(5696K)->5617K(5696K)
[243.262s][info][gc             ] GC(468) Pause Young (Allocation Failure) 594M->376M(615M) 3.144ms
[243.262s][info][gc,cpu         ] GC(468) User=0.00s Sys=0.00s Real=0.01s
[243.759s][info][gc,start       ] GC(469) Pause Young (Allocation Failure)
[243.763s][info][gc,heap        ] GC(469) PSYoungGen: 224830K(228352K)->1936K(270848K) Eden: 223744K(223744K)->0K(266752K) From: 1086K(4608K)->1936K(4096K)
[243.763s][info][gc,heap        ] GC(469) ParOldGen: 384365K(401408K)->384381K(401408K)
[243.763s][info][gc,metaspace   ] GC(469) Metaspace: 56881K(57152K)->56881K(57152K) NonClass: 51263K(51456K)->51263K(51456K) Class: 5617K(5696K)->5617K(5696K)
[243.763s][info][gc             ] GC(469) Pause Young (Allocation Failure) 594M->377M(656M) 4.025ms
[243.763s][info][gc,cpu         ] GC(469) User=0.01s Sys=0.00s Real=0.01s
[244.365s][info][gc,start       ] GC(470) Pause Young (Allocation Failure)
[244.369s][info][gc,heap        ] GC(470) PSYoungGen: 268688K(270848K)->1663K(270848K) Eden: 266752K(266752K)->0K(266752K) From: 1936K(4096K)->1663K(4096K)
[244.369s][info][gc,heap        ] GC(470) ParOldGen: 384381K(401408K)->385038K(401408K)
[244.369s][info][gc,metaspace   ] GC(470) Metaspace: 56881K(57152K)->56881K(57152K) NonClass: 51263K(51456K)->51263K(51456K) Class: 5617K(5696K)->5617K(5696K)
[244.369s][info][gc             ] GC(470) Pause Young (Allocation Failure) 637M->377M(656M) 4.124ms
[244.369s][info][gc,cpu         ] GC(470) User=0.01s Sys=0.00s Real=0.01s
[244.964s][info][gc,start       ] GC(471) Pause Young (Allocation Failure)
[244.969s][info][gc,heap        ] GC(471) PSYoungGen: 268415K(270848K)->2111K(321536K) Eden: 266752K(266752K)->0K(317440K) From: 1663K(4096K)->2111K(4096K)
[244.969s][info][gc,heap        ] GC(471) ParOldGen: 385038K(401408K)->385054K(401408K)
[244.969s][info][gc,metaspace   ] GC(471) Metaspace: 56881K(57152K)->56881K(57152K) NonClass: 51263K(51456K)->51263K(51456K) Class: 5617K(5696K)->5617K(5696K)
[244.969s][info][gc             ] GC(471) Pause Young (Allocation Failure) 638M->378M(706M) 4.856ms
[244.969s][info][gc,cpu         ] GC(471) User=0.01s Sys=0.00s Real=0.01s
[245.684s][info][gc,start       ] GC(472) Pause Young (Allocation Failure)
[245.692s][info][gc,heap        ] GC(472) PSYoungGen: 319551K(321536K)->2335K(321536K) Eden: 317440K(317440K)->0K(317440K) From: 2111K(4096K)->2335K(4096K)
[245.692s][info][gc,heap        ] GC(472) ParOldGen: 385054K(401408K)->385070K(401408K)
[245.692s][info][gc,metaspace   ] GC(472) Metaspace: 56881K(57152K)->56881K(57152K) NonClass: 51263K(51456K)->51263K(51456K) Class: 5617K(5696K)->5617K(5696K)
[245.692s][info][gc             ] GC(472) Pause Young (Allocation Failure) 688M->378M(706M) 8.003ms
[245.692s][info][gc,cpu         ] GC(472) User=0.00s Sys=0.00s Real=0.01s
[246.384s][info][gc,start       ] GC(473) Pause Young (Allocation Failure)
[246.400s][info][gc,heap        ] GC(473) PSYoungGen: 319775K(321536K)->3390K(328704K) Eden: 317440K(317440K)->0K(324608K) From: 2335K(4096K)->3390K(4096K)
[246.400s][info][gc,heap        ] GC(473) ParOldGen: 385070K(401408K)->385086K(401408K)
[246.400s][info][gc,metaspace   ] GC(473) Metaspace: 56881K(57152K)->56881K(57152K) NonClass: 51263K(51456K)->51263K(51456K) Class: 5617K(5696K)->5617K(5696K)
[246.400s][info][gc             ] GC(473) Pause Young (Allocation Failure) 688M->379M(713M) 16.503ms
[246.400s][info][gc,cpu         ] GC(473) User=0.01s Sys=0.01s Real=0.02s
[247.089s][info][gc,start       ] GC(474) Pause Young (Allocation Failure)
[247.093s][info][gc,heap        ] GC(474) PSYoungGen: 327998K(328704K)->768K(329216K) Eden: 324608K(324608K)->0K(324608K) From: 3390K(4096K)->768K(4608K)
[247.093s][info][gc,heap        ] GC(474) ParOldGen: 385086K(401408K)->385110K(401408K)
[247.093s][info][gc,metaspace   ] GC(474) Metaspace: 56881K(57152K)->56881K(57152K) NonClass: 51263K(51456K)->51263K(51456K) Class: 5617K(5696K)->5617K(5696K)
[247.093s][info][gc             ] GC(474) Pause Young (Allocation Failure) 696M->376M(713M) 4.296ms
[247.093s][info][gc,cpu         ] GC(474) User=0.01s Sys=0.00s Real=0.00s
[247.865s][info][gc,start       ] GC(475) Pause Young (Allocation Failure)
[247.868s][info][gc,heap        ] GC(475) PSYoungGen: 325376K(329216K)->1535K(328192K) Eden: 324608K(324608K)->0K(324608K) From: 768K(4608K)->1535K(3584K)
[247.868s][info][gc,heap        ] GC(475) ParOldGen: 385110K(401408K)->385126K(401408K)
[247.868s][info][gc,metaspace   ] GC(475) Metaspace: 56881K(57152K)->56881K(57152K) NonClass: 51263K(51456K)->51263K(51456K) Class: 5617K(5696K)->5617K(5696K)
[247.868s][info][gc             ] GC(475) Pause Young (Allocation Failure) 693M->377M(712M) 3.417ms
[247.868s][info][gc,cpu         ] GC(475) User=0.00s Sys=0.00s Real=0.00s
[248.575s][info][gc,start       ] GC(476) Pause Young (Allocation Failure)
[248.582s][info][gc,heap        ] GC(476) PSYoungGen: 326143K(328192K)->3647K(328704K) Eden: 324608K(324608K)->0K(324608K) From: 1535K(3584K)->3647K(4096K)
[248.582s][info][gc,heap        ] GC(476) ParOldGen: 385126K(401408K)->385142K(401408K)
[248.582s][info][gc,metaspace   ] GC(476) Metaspace: 56881K(57152K)->56881K(57152K) NonClass: 51263K(51456K)->51263K(51456K) Class: 5617K(5696K)->5617K(5696K)
[248.582s][info][gc             ] GC(476) Pause Young (Allocation Failure) 694M->379M(713M) 6.976ms
[248.582s][info][gc,cpu         ] GC(476) User=0.01s Sys=0.00s Real=0.01s
[249.288s][info][gc,start       ] GC(477) Pause Young (Allocation Failure)
[249.292s][info][gc,heap        ] GC(477) PSYoungGen: 328255K(328704K)->1696K(313344K) Eden: 324608K(324608K)->0K(311296K) From: 3647K(4096K)->1696K(2048K)
[249.292s][info][gc,heap        ] GC(477) ParOldGen: 385142K(401408K)->385158K(401408K)
[249.292s][info][gc,metaspace   ] GC(477) Metaspace: 56881K(57152K)->56881K(57152K) NonClass: 51263K(51456K)->51263K(51456K) Class: 5617K(5696K)->5617K(5696K)
[249.292s][info][gc             ] GC(477) Pause Young (Allocation Failure) 696M->377M(698M) 3.981ms
[249.292s][info][gc,cpu         ] GC(477) User=0.01s Sys=0.00s Real=0.01s
[249.992s][info][gc,start       ] GC(478) Pause Young (Allocation Failure)
[250.002s][info][gc,heap        ] GC(478) PSYoungGen: 312992K(313344K)->4592K(326656K) Eden: 311296K(311296K)->0K(322048K) From: 1696K(2048K)->4592K(4608K)
[250.002s][info][gc,heap        ] GC(478) ParOldGen: 385158K(401408K)->387565K(401408K)
[250.002s][info][gc,metaspace   ] GC(478) Metaspace: 56881K(57152K)->56881K(57152K) NonClass: 51263K(51456K)->51263K(51456K) Class: 5617K(5696K)->5617K(5696K)
[250.002s][info][gc             ] GC(478) Pause Young (Allocation Failure) 681M->382M(711M) 9.883ms
[250.002s][info][gc,cpu         ] GC(478) User=0.02s Sys=0.00s Real=0.01s
[250.752s][info][gc,start       ] GC(479) Pause Young (Allocation Failure)
[250.758s][info][gc,heap        ] GC(479) PSYoungGen: 326640K(326656K)->1246K(310784K) Eden: 322048K(322048K)->0K(309248K) From: 4592K(4608K)->1246K(1536K)
[250.758s][info][gc,heap        ] GC(479) ParOldGen: 387565K(401408K)->392150K(401408K)
[250.758s][info][gc,metaspace   ] GC(479) Metaspace: 56881K(57152K)->56881K(57152K) NonClass: 51263K(51456K)->51263K(51456K) Class: 5617K(5696K)->5617K(5696K)
[250.758s][info][gc             ] GC(479) Pause Young (Allocation Failure) 697M->384M(695M) 6.347ms
[250.758s][info][gc,cpu         ] GC(479) User=0.01s Sys=0.00s Real=0.00s
[251.452s][info][gc,start       ] GC(480) Pause Young (Allocation Failure)
[251.454s][info][gc,heap        ] GC(480) PSYoungGen: 310494K(310784K)->775K(297984K) Eden: 309248K(309248K)->0K(296960K) From: 1246K(1536K)->775K(1024K)
[251.454s][info][gc,heap        ] GC(480) ParOldGen: 392150K(401408K)->392198K(401408K)
[251.454s][info][gc,metaspace   ] GC(480) Metaspace: 56881K(57152K)->56881K(57152K) NonClass: 51263K(51456K)->51263K(51456K) Class: 5617K(5696K)->5617K(5696K)
[251.454s][info][gc             ] GC(480) Pause Young (Allocation Failure) 686M->383M(683M) 2.737ms
[251.454s][info][gc,cpu         ] GC(480) User=0.01s Sys=0.00s Real=0.00s
[252.091s][info][gc,start       ] GC(481) Pause Young (Allocation Failure)
[252.095s][info][gc,heap        ] GC(481) PSYoungGen: 297434K(297984K)->1696K(287232K) Eden: 296659K(296960K)->0K(285184K) From: 775K(1024K)->1696K(2048K)
[252.095s][info][gc,heap        ] GC(481) ParOldGen: 392198K(401408K)->392214K(401408K)
[252.095s][info][gc,metaspace   ] GC(481) Metaspace: 56881K(57152K)->56881K(57152K) NonClass: 51263K(51456K)->51263K(51456K) Class: 5617K(5696K)->5617K(5696K)
[252.095s][info][gc             ] GC(481) Pause Young (Allocation Failure) 673M->384M(672M) 4.077ms
[252.095s][info][gc,cpu         ] GC(481) User=0.00s Sys=0.00s Real=0.00s
[252.760s][info][gc,start       ] GC(482) Pause Young (Allocation Failure)
[252.764s][info][gc,heap        ] GC(482) PSYoungGen: 286880K(287232K)->1696K(275968K) Eden: 285184K(285184K)->0K(273920K) From: 1696K(2048K)->1696K(2048K)
[252.764s][info][gc,heap        ] GC(482) ParOldGen: 392214K(401408K)->392230K(401408K)
[252.764s][info][gc,metaspace   ] GC(482) Metaspace: 56881K(57152K)->56881K(57152K) NonClass: 51263K(51456K)->51263K(51456K) Class: 5617K(5696K)->5617K(5696K)
[252.764s][info][gc             ] GC(482) Pause Young (Allocation Failure) 663M->384M(661M) 3.916ms
[252.764s][info][gc,cpu         ] GC(482) User=0.01s Sys=0.00s Real=0.00s
[253.367s][info][gc,start       ] GC(483) Pause Young (Allocation Failure)
[253.372s][info][gc,heap        ] GC(483) PSYoungGen: 275616K(275968K)->2431K(265728K) Eden: 273920K(273920K)->0K(263168K) From: 1696K(2048K)->2431K(2560K)
[253.372s][info][gc,heap        ] GC(483) ParOldGen: 392230K(401408K)->392246K(401408K)
[253.372s][info][gc,metaspace   ] GC(483) Metaspace: 56881K(57152K)->56881K(57152K) NonClass: 51263K(51456K)->51263K(51456K) Class: 5617K(5696K)->5617K(5696K)
[253.372s][info][gc             ] GC(483) Pause Young (Allocation Failure) 652M->385M(651M) 4.627ms
[253.372s][info][gc,cpu         ] GC(483) User=0.01s Sys=0.00s Real=0.01s
[254.015s][info][gc,start       ] GC(484) Pause Young (Allocation Failure)
[254.038s][info][gc,heap        ] GC(484) PSYoungGen: 265599K(265728K)->2560K(314880K) Eden: 263168K(263168K)->0K(309760K) From: 2431K(2560K)->2560K(5120K)
[254.038s][info][gc,heap        ] GC(484) ParOldGen: 392246K(401408K)->392262K(401408K)
[254.038s][info][gc,metaspace   ] GC(484) Metaspace: 56881K(57152K)->56881K(57152K) NonClass: 51263K(51456K)->51263K(51456K) Class: 5617K(5696K)->5617K(5696K)
[254.038s][info][gc             ] GC(484) Pause Young (Allocation Failure) 642M->385M(699M) 22.905ms
[254.038s][info][gc,cpu         ] GC(484) User=0.01s Sys=0.00s Real=0.02s
[254.750s][info][gc,start       ] GC(485) Pause Young (Allocation Failure)
[254.756s][info][gc,heap        ] GC(485) PSYoungGen: 312320K(314880K)->5107K(316928K) Eden: 309760K(309760K)->0K(311808K) From: 2560K(5120K)->5107K(5120K)
[254.756s][info][gc,heap        ] GC(485) ParOldGen: 392262K(401408K)->396128K(401408K)
[254.756s][info][gc,metaspace   ] GC(485) Metaspace: 56881K(57152K)->56881K(57152K) NonClass: 51263K(51456K)->51263K(51456K) Class: 5617K(5696K)->5617K(5696K)
[254.756s][info][gc             ] GC(485) Pause Young (Allocation Failure) 688M->391M(701M) 5.459ms
[254.756s][info][gc,cpu         ] GC(485) User=0.01s Sys=0.00s Real=0.00s
[255.449s][info][gc,start       ] GC(486) Pause Young (Allocation Failure)
[255.451s][info][gc,heap        ] GC(486) PSYoungGen: 316915K(316928K)->438K(318976K) Eden: 311808K(311808K)->0K(311808K) From: 5107K(5120K)->438K(7168K)
[255.451s][info][gc,heap        ] GC(486) ParOldGen: 396128K(401408K)->400596K(401408K)
[255.451s][info][gc,metaspace   ] GC(486) Metaspace: 56881K(57152K)->56881K(57152K) NonClass: 51263K(51456K)->51263K(51456K) Class: 5617K(5696K)->5617K(5696K)
[255.452s][info][gc             ] GC(486) Pause Young (Allocation Failure) 696M->391M(703M) 2.874ms
[255.452s][info][gc,cpu         ] GC(486) User=0.00s Sys=0.00s Real=0.01s
[256.094s][info][gc,start       ] GC(487) Pause Young (Allocation Failure)
[256.097s][info][gc,heap        ] GC(487) PSYoungGen: 311960K(318976K)->799K(300032K) Eden: 311522K(311808K)->0K(299008K) From: 438K(7168K)->799K(1024K)
[256.097s][info][gc,heap        ] GC(487) ParOldGen: 400596K(401408K)->400612K(401408K)
[256.097s][info][gc,metaspace   ] GC(487) Metaspace: 56881K(57152K)->56881K(57152K) NonClass: 51263K(51456K)->51263K(51456K) Class: 5617K(5696K)->5617K(5696K)
[256.097s][info][gc             ] GC(487) Pause Young (Allocation Failure) 695M->392M(685M) 2.659ms
[256.097s][info][gc,cpu         ] GC(487) User=0.01s Sys=0.00s Real=0.00s
[256.782s][info][gc,start       ] GC(488) Pause Young (Allocation Failure)
[256.787s][info][gc,heap        ] GC(488) PSYoungGen: 299789K(300032K)->2848K(294400K) Eden: 298990K(299008K)->0K(287232K) From: 799K(1024K)->2848K(7168K)
[256.788s][info][gc,heap        ] GC(488) ParOldGen: 400612K(401408K)->400628K(401408K)
[256.788s][info][gc,metaspace   ] GC(488) Metaspace: 56881K(57152K)->56881K(57152K) NonClass: 51263K(51456K)->51263K(51456K) Class: 5617K(5696K)->5617K(5696K)
[256.788s][info][gc             ] GC(488) Pause Young (Allocation Failure) 683M->394M(679M) 5.191ms
[256.788s][info][gc,cpu         ] GC(488) User=0.01s Sys=0.00s Real=0.00s
[257.452s][info][gc,start       ] GC(489) Pause Young (Allocation Failure)
[257.454s][info][gc,heap        ] GC(489) PSYoungGen: 290080K(294400K)->738K(276992K) Eden: 287232K(287232K)->0K(275968K) From: 2848K(7168K)->738K(1024K)
[257.454s][info][gc,heap        ] GC(489) ParOldGen: 400628K(401408K)->400644K(401408K)
[257.454s][info][gc,metaspace   ] GC(489) Metaspace: 56881K(57152K)->56881K(57152K) NonClass: 51263K(51456K)->51263K(51456K) Class: 5617K(5696K)->5617K(5696K)
[257.454s][info][gc             ] GC(489) Pause Young (Allocation Failure) 674M->391M(662M) 2.577ms
[257.454s][info][gc,cpu         ] GC(489) User=0.00s Sys=0.00s Real=0.00s
[258.057s][info][gc,start       ] GC(490) Pause Young (Allocation Failure)
[258.061s][info][gc,heap        ] GC(490) PSYoungGen: 276706K(276992K)->1823K(267264K) Eden: 275968K(275968K)->0K(265216K) From: 738K(1024K)->1823K(2048K)
[258.061s][info][gc,heap        ] GC(490) ParOldGen: 400644K(401408K)->400660K(401408K)
[258.061s][info][gc,metaspace   ] GC(490) Metaspace: 56881K(57152K)->56881K(57152K) NonClass: 51263K(51456K)->51263K(51456K) Class: 5617K(5696K)->5617K(5696K)
[258.061s][info][gc             ] GC(490) Pause Young (Allocation Failure) 661M->393M(653M) 3.551ms
[258.061s][info][gc,cpu         ] GC(490) User=0.01s Sys=0.00s Real=0.01s
[258.661s][info][gc,start       ] GC(491) Pause Young (Allocation Failure)
[258.663s][info][gc,heap        ] GC(491) PSYoungGen: 267039K(267264K)->950K(256000K) Eden: 265216K(265216K)->0K(254976K) From: 1823K(2048K)->950K(1024K)
[258.663s][info][gc,heap        ] GC(491) ParOldGen: 400660K(401408K)->400676K(401408K)
[258.663s][info][gc,metaspace   ] GC(491) Metaspace: 56885K(57216K)->56885K(57216K) NonClass: 51267K(51520K)->51267K(51520K) Class: 5617K(5696K)->5617K(5696K)
[258.664s][info][gc             ] GC(491) Pause Young (Allocation Failure) 652M->392M(642M) 2.946ms
[258.664s][info][gc,cpu         ] GC(491) User=0.01s Sys=0.00s Real=0.00s
[259.211s][info][gc,start       ] GC(492) Pause Young (Allocation Failure)
[259.213s][info][gc,heap        ] GC(492) PSYoungGen: 255926K(256000K)->64K(245760K) Eden: 254975K(254976K)->0K(245248K) From: 950K(1024K)->64K(512K)
[259.213s][info][gc,heap        ] GC(492) ParOldGen: 400676K(401408K)->400692K(401408K)
[259.213s][info][gc,metaspace   ] GC(492) Metaspace: 56885K(57216K)->56885K(57216K) NonClass: 51267K(51520K)->51267K(51520K) Class: 5617K(5696K)->5617K(5696K)
[259.213s][info][gc             ] GC(492) Pause Young (Allocation Failure) 641M->391M(632M) 1.829ms
[259.213s][info][gc,cpu         ] GC(492) User=0.00s Sys=0.00s Real=0.00s
[259.766s][info][gc,start       ] GC(493) Pause Young (Allocation Failure)
[259.772s][info][gc,heap        ] GC(493) PSYoungGen: 245312K(245760K)->3487K(239616K) Eden: 245248K(245248K)->0K(236032K) From: 64K(512K)->3487K(3584K)
[259.772s][info][gc,heap        ] GC(493) ParOldGen: 400692K(401408K)->400708K(401408K)
[259.772s][info][gc,metaspace   ] GC(493) Metaspace: 56885K(57216K)->56885K(57216K) NonClass: 51267K(51520K)->51267K(51520K) Class: 5617K(5696K)->5617K(5696K)
[259.772s][info][gc             ] GC(493) Pause Young (Allocation Failure) 630M->394M(626M) 5.914ms
[259.772s][info][gc,cpu         ] GC(493) User=0.01s Sys=0.00s Real=0.01s
[260.288s][info][gc,start       ] GC(494) Pause Young (Allocation Failure)
[260.292s][info][gc,heap        ] GC(494) PSYoungGen: 239519K(239616K)->2079K(229888K) Eden: 236031K(236032K)->0K(227328K) From: 3487K(3584K)->2079K(2560K)
[260.292s][info][gc,heap        ] GC(494) ParOldGen: 400708K(401408K)->400724K(401408K)
[260.292s][info][gc,metaspace   ] GC(494) Metaspace: 56885K(57216K)->56885K(57216K) NonClass: 51267K(51520K)->51267K(51520K) Class: 5617K(5696K)->5617K(5696K)
[260.292s][info][gc             ] GC(494) Pause Young (Allocation Failure) 625M->393M(616M) 4.179ms
[260.292s][info][gc,cpu         ] GC(494) User=0.01s Sys=0.00s Real=0.01s
[260.794s][info][gc,start       ] GC(495) Pause Young (Allocation Failure)
[260.799s][info][gc,heap        ] GC(495) PSYoungGen: 229173K(229888K)->1280K(220160K) Eden: 227094K(227328K)->0K(218624K) From: 2079K(2560K)->1280K(1536K)
[260.799s][info][gc,heap        ] GC(495) ParOldGen: 400724K(401408K)->400740K(401408K)
[260.799s][info][gc,metaspace   ] GC(495) Metaspace: 56885K(57216K)->56885K(57216K) NonClass: 51267K(51520K)->51267K(51520K) Class: 5617K(5696K)->5617K(5696K)
[260.799s][info][gc             ] GC(495) Pause Young (Allocation Failure) 615M->392M(607M) 4.330ms
[260.799s][info][gc,cpu         ] GC(495) User=0.01s Sys=0.00s Real=0.00s
[261.281s][info][gc,start       ] GC(496) Pause Young (Allocation Failure)
[261.285s][info][gc,heap        ] GC(496) PSYoungGen: 219904K(220160K)->2015K(212480K) Eden: 218624K(218624K)->0K(210432K) From: 1280K(1536K)->2015K(2048K)
[261.285s][info][gc,heap        ] GC(496) ParOldGen: 400740K(401408K)->400756K(401408K)
[261.285s][info][gc,metaspace   ] GC(496) Metaspace: 56885K(57216K)->56885K(57216K) NonClass: 51267K(51520K)->51267K(51520K) Class: 5617K(5696K)->5617K(5696K)
[261.285s][info][gc             ] GC(496) Pause Young (Allocation Failure) 606M->393M(599M) 3.901ms
[261.285s][info][gc,cpu         ] GC(496) User=0.01s Sys=0.00s Real=0.00s
[261.770s][info][gc,start       ] GC(497) Pause Young (Allocation Failure)
[261.775s][info][gc,heap        ] GC(497) PSYoungGen: 212447K(212480K)->2655K(205824K) Eden: 210432K(210432K)->0K(202752K) From: 2015K(2048K)->2655K(3072K)
[261.775s][info][gc,heap        ] GC(497) ParOldGen: 400756K(401408K)->400772K(401408K)
[261.775s][info][gc,metaspace   ] GC(497) Metaspace: 56885K(57216K)->56885K(57216K) NonClass: 51267K(51520K)->51267K(51520K) Class: 5617K(5696K)->5617K(5696K)
[261.775s][info][gc             ] GC(497) Pause Young (Allocation Failure) 598M->393M(593M) 4.678ms
[261.775s][info][gc,cpu         ] GC(497) User=0.01s Sys=0.00s Real=0.00s
[262.253s][info][gc,start       ] GC(498) Pause Young (Allocation Failure)
[262.256s][info][gc,heap        ] GC(498) PSYoungGen: 205407K(205824K)->1343K(197120K) Eden: 202752K(202752K)->0K(195584K) From: 2655K(3072K)->1343K(1536K)
[262.256s][info][gc,heap        ] GC(498) ParOldGen: 400772K(401408K)->400788K(401408K)
[262.256s][info][gc,metaspace   ] GC(498) Metaspace: 56885K(57216K)->56885K(57216K) NonClass: 51267K(51520K)->51267K(51520K) Class: 5617K(5696K)->5617K(5696K)
[262.256s][info][gc             ] GC(498) Pause Young (Allocation Failure) 591M->392M(584M) 3.090ms
[262.256s][info][gc,cpu         ] GC(498) User=0.00s Sys=0.00s Real=0.00s
[262.672s][info][gc,start       ] GC(499) Pause Young (Allocation Failure)
[262.676s][info][gc,heap        ] GC(499) PSYoungGen: 196927K(197120K)->2111K(190976K) Eden: 195584K(195584K)->0K(188416K) From: 1343K(1536K)->2111K(2560K)
[262.676s][info][gc,heap        ] GC(499) ParOldGen: 400788K(401408K)->400804K(401408K)
[262.676s][info][gc,metaspace   ] GC(499) Metaspace: 56885K(57216K)->56885K(57216K) NonClass: 51267K(51520K)->51267K(51520K) Class: 5617K(5696K)->5617K(5696K)
[262.676s][info][gc             ] GC(499) Pause Young (Allocation Failure) 583M->393M(578M) 3.996ms
[262.676s][info][gc,cpu         ] GC(499) User=0.00s Sys=0.00s Real=0.00s
[263.078s][info][gc,start       ] GC(500) Pause Young (Allocation Failure)
[263.083s][info][gc,heap        ] GC(500) PSYoungGen: 190280K(190976K)->2752K(184832K) Eden: 188169K(188416K)->0K(181760K) From: 2111K(2560K)->2752K(3072K)
[263.083s][info][gc,heap        ] GC(500) ParOldGen: 400804K(401408K)->400820K(401408K)
[263.083s][info][gc,metaspace   ] GC(500) Metaspace: 56885K(57216K)->56885K(57216K) NonClass: 51267K(51520K)->51267K(51520K) Class: 5617K(5696K)->5617K(5696K)
[263.083s][info][gc             ] GC(500) Pause Young (Allocation Failure) 577M->394M(572M) 4.980ms
[263.083s][info][gc,cpu         ] GC(500) User=0.01s Sys=0.01s Real=0.01s
[263.531s][info][gc,start       ] GC(501) Pause Young (Allocation Failure)
[263.535s][info][gc,heap        ] GC(501) PSYoungGen: 184501K(184832K)->1632K(177664K) Eden: 181749K(181760K)->0K(175616K) From: 2752K(3072K)->1632K(2048K)
[263.535s][info][gc,heap        ] GC(501) ParOldGen: 400820K(401408K)->400836K(401408K)
[263.535s][info][gc,metaspace   ] GC(501) Metaspace: 56885K(57216K)->56885K(57216K) NonClass: 51267K(51520K)->51267K(51520K) Class: 5617K(5696K)->5617K(5696K)
[263.535s][info][gc             ] GC(501) Pause Young (Allocation Failure) 571M->393M(565M) 3.821ms
[263.535s][info][gc,cpu         ] GC(501) User=0.00s Sys=0.01s Real=0.00s
[263.880s][info][gc,start       ] GC(502) Pause Young (Allocation Failure)
[263.884s][info][gc,heap        ] GC(502) PSYoungGen: 177207K(177664K)->2560K(211456K) Eden: 175575K(175616K)->0K(208896K) From: 1632K(2048K)->2560K(2560K)
[263.884s][info][gc,heap        ] GC(502) ParOldGen: 400836K(401408K)->400852K(401408K)
[263.884s][info][gc,metaspace   ] GC(502) Metaspace: 56885K(57216K)->56885K(57216K) NonClass: 51267K(51520K)->51267K(51520K) Class: 5617K(5696K)->5617K(5696K)
[263.884s][info][gc             ] GC(502) Pause Young (Allocation Failure) 564M->393M(598M) 4.835ms
[263.884s][info][gc,cpu         ] GC(502) User=0.01s Sys=0.00s Real=0.00s
[264.369s][info][gc,start       ] GC(503) Pause Young (Allocation Failure)
[264.374s][info][gc,heap        ] GC(503) PSYoungGen: 211456K(211456K)->2655K(204288K) Eden: 208896K(208896K)->0K(201216K) From: 2560K(2560K)->2655K(3072K)
[264.374s][info][gc,heap        ] GC(503) ParOldGen: 400852K(401408K)->400868K(401408K)
[264.374s][info][gc,metaspace   ] GC(503) Metaspace: 56885K(57216K)->56885K(57216K) NonClass: 51267K(51520K)->51267K(51520K) Class: 5617K(5696K)->5617K(5696K)
[264.374s][info][gc             ] GC(503) Pause Young (Allocation Failure) 597M->394M(591M) 4.512ms
[264.374s][info][gc,cpu         ] GC(503) User=0.00s Sys=0.01s Real=0.00s
[264.852s][info][gc,start       ] GC(504) Pause Young (Allocation Failure)
[264.855s][info][gc,heap        ] GC(504) PSYoungGen: 203871K(204288K)->863K(195072K) Eden: 201216K(201216K)->0K(194048K) From: 2655K(3072K)->863K(1024K)
[264.855s][info][gc,heap        ] GC(504) ParOldGen: 400868K(401408K)->400884K(401408K)
[264.855s][info][gc,metaspace   ] GC(504) Metaspace: 56885K(57216K)->56885K(57216K) NonClass: 51267K(51520K)->51267K(51520K) Class: 5617K(5696K)->5617K(5696K)
[264.855s][info][gc             ] GC(504) Pause Young (Allocation Failure) 590M->392M(582M) 2.525ms
[264.855s][info][gc,cpu         ] GC(504) User=0.01s Sys=0.00s Real=0.00s
[265.270s][info][gc,start       ] GC(505) Pause Young (Allocation Failure)
[265.275s][info][gc,heap        ] GC(505) PSYoungGen: 194911K(195072K)->2591K(189952K) Eden: 194048K(194048K)->0K(186880K) From: 863K(1024K)->2591K(3072K)
[265.275s][info][gc,heap        ] GC(505) ParOldGen: 400884K(401408K)->400900K(401408K)
[265.275s][info][gc,metaspace   ] GC(505) Metaspace: 56885K(57216K)->56885K(57216K) NonClass: 51267K(51520K)->51267K(51520K) Class: 5617K(5696K)->5617K(5696K)
[265.275s][info][gc             ] GC(505) Pause Young (Allocation Failure) 581M->394M(577M) 4.806ms
[265.275s][info][gc,cpu         ] GC(505) User=0.01s Sys=0.01s Real=0.00s
[265.679s][info][gc,start       ] GC(506) Pause Young (Allocation Failure)
[265.683s][info][gc,heap        ] GC(506) PSYoungGen: 189471K(189952K)->2208K(182784K) Eden: 186880K(186880K)->0K(180224K) From: 2591K(3072K)->2208K(2560K)
[265.683s][info][gc,heap        ] GC(506) ParOldGen: 400900K(401408K)->400916K(401408K)
[265.683s][info][gc,metaspace   ] GC(506) Metaspace: 56885K(57216K)->56885K(57216K) NonClass: 51267K(51520K)->51267K(51520K) Class: 5617K(5696K)->5617K(5696K)
[265.683s][info][gc             ] GC(506) Pause Young (Allocation Failure) 576M->393M(570M) 4.498ms
[265.683s][info][gc,cpu         ] GC(506) User=0.01s Sys=0.00s Real=0.01s
[266.077s][info][gc,start       ] GC(507) Pause Young (Allocation Failure)
[266.082s][info][gc,heap        ] GC(507) PSYoungGen: 182432K(182784K)->3231K(218112K) Eden: 180224K(180224K)->0K(214528K) From: 2208K(2560K)->3231K(3584K)
[266.082s][info][gc,heap        ] GC(507) ParOldGen: 400916K(401408K)->400932K(401408K)
[266.082s][info][gc,metaspace   ] GC(507) Metaspace: 56885K(57216K)->56885K(57216K) NonClass: 51267K(51520K)->51267K(51520K) Class: 5617K(5696K)->5617K(5696K)
[266.082s][info][gc             ] GC(507) Pause Young (Allocation Failure) 569M->394M(605M) 5.204ms
[266.082s][info][gc,cpu         ] GC(507) User=0.00s Sys=0.00s Real=0.01s
[266.568s][info][gc,start       ] GC(508) Pause Young (Allocation Failure)
[266.572s][info][gc,heap        ] GC(508) PSYoungGen: 217759K(218112K)->2112K(257536K) Eden: 214528K(214528K)->0K(254976K) From: 3231K(3584K)->2112K(2560K)
[266.572s][info][gc,heap        ] GC(508) ParOldGen: 400932K(401408K)->400948K(401408K)
[266.572s][info][gc,metaspace   ] GC(508) Metaspace: 56885K(57216K)->56885K(57216K) NonClass: 51267K(51520K)->51267K(51520K) Class: 5617K(5696K)->5617K(5696K)
[266.572s][info][gc             ] GC(508) Pause Young (Allocation Failure) 604M->393M(643M) 4.332ms
[266.572s][info][gc,cpu         ] GC(508) User=0.01s Sys=0.00s Real=0.01s
[267.161s][info][gc,start       ] GC(509) Pause Young (Allocation Failure)
[267.165s][info][gc,heap        ] GC(509) PSYoungGen: 257088K(257536K)->1471K(246784K) Eden: 254976K(254976K)->0K(245248K) From: 2112K(2560K)->1471K(1536K)
[267.165s][info][gc,heap        ] GC(509) ParOldGen: 400948K(401408K)->400964K(401408K)
[267.165s][info][gc,metaspace   ] GC(509) Metaspace: 56885K(57216K)->56885K(57216K) NonClass: 51267K(51520K)->51267K(51520K) Class: 5617K(5696K)->5617K(5696K)
[267.165s][info][gc             ] GC(509) Pause Young (Allocation Failure) 642M->393M(633M) 3.662ms
[267.165s][info][gc,cpu         ] GC(509) User=0.01s Sys=0.01s Real=0.00s
[267.683s][info][gc,start       ] GC(510) Pause Young (Allocation Failure)
[267.688s][info][gc,heap        ] GC(510) PSYoungGen: 246719K(246784K)->2912K(239104K) Eden: 245248K(245248K)->0K(236032K) From: 1471K(1536K)->2912K(3072K)
[267.688s][info][gc,heap        ] GC(510) ParOldGen: 400964K(401408K)->400980K(401408K)
[267.688s][info][gc,metaspace   ] GC(510) Metaspace: 56885K(57216K)->56885K(57216K) NonClass: 51267K(51520K)->51267K(51520K) Class: 5617K(5696K)->5617K(5696K)
[267.688s][info][gc             ] GC(510) Pause Young (Allocation Failure) 632M->394M(625M) 5.302ms
[267.688s][info][gc,cpu         ] GC(510) User=0.01s Sys=0.00s Real=0.00s
[268.249s][info][gc,start       ] GC(511) Pause Young (Allocation Failure)
[268.251s][info][gc,heap        ] GC(511) PSYoungGen: 238944K(239104K)->735K(228352K) Eden: 236032K(236032K)->0K(227328K) From: 2912K(3072K)->735K(1024K)
[268.251s][info][gc,heap        ] GC(511) ParOldGen: 400980K(401408K)->400996K(401408K)
[268.251s][info][gc,metaspace   ] GC(511) Metaspace: 56885K(57216K)->56885K(57216K) NonClass: 51267K(51520K)->51267K(51520K) Class: 5617K(5696K)->5617K(5696K)
[268.251s][info][gc             ] GC(511) Pause Young (Allocation Failure) 624M->392M(615M) 2.485ms
[268.251s][info][gc,cpu         ] GC(511) User=0.00s Sys=0.00s Real=0.01s
[268.756s][info][gc,start       ] GC(512) Pause Young (Allocation Failure)
[268.759s][info][gc,heap        ] GC(512) PSYoungGen: 227832K(228352K)->832K(219648K) Eden: 227097K(227328K)->0K(218624K) From: 735K(1024K)->832K(1024K)
[268.759s][info][gc,heap        ] GC(512) ParOldGen: 400996K(401408K)->401012K(401408K)
[268.759s][info][gc,metaspace   ] GC(512) Metaspace: 56885K(57216K)->56885K(57216K) NonClass: 51267K(51520K)->51267K(51520K) Class: 5617K(5696K)->5617K(5696K)
[268.759s][info][gc             ] GC(512) Pause Young (Allocation Failure) 614M->392M(606M) 2.704ms
[268.759s][info][gc,cpu         ] GC(512) User=0.00s Sys=0.00s Real=0.00s
[269.253s][info][gc,start       ] GC(513) Pause Young (Allocation Failure)
[269.256s][info][gc,heap        ] GC(513) PSYoungGen: 219456K(219648K)->848K(211456K) Eden: 218624K(218624K)->0K(210432K) From: 832K(1024K)->848K(1024K)
[269.256s][info][gc,heap        ] GC(513) ParOldGen: 401012K(401408K)->401028K(401408K)
[269.256s][info][gc,metaspace   ] GC(513) Metaspace: 56885K(57216K)->56885K(57216K) NonClass: 51267K(51520K)->51267K(51520K) Class: 5617K(5696K)->5617K(5696K)
[269.256s][info][gc             ] GC(513) Pause Young (Allocation Failure) 605M->392M(598M) 2.799ms
[269.256s][info][gc,cpu         ] GC(513) User=0.00s Sys=0.00s Real=0.00s
[269.683s][info][gc,start       ] GC(514) Pause Young (Allocation Failure)
[269.688s][info][gc,heap        ] GC(514) PSYoungGen: 211280K(211456K)->2527K(205312K) Eden: 210432K(210432K)->0K(202752K) From: 848K(1024K)->2527K(2560K)
[269.688s][info][gc,heap        ] GC(514) ParOldGen: 401028K(401408K)->401044K(401408K)
[269.688s][info][gc,metaspace   ] GC(514) Metaspace: 56885K(57216K)->56885K(57216K) NonClass: 51267K(51520K)->51267K(51520K) Class: 5617K(5696K)->5617K(5696K)
[269.688s][info][gc             ] GC(514) Pause Young (Allocation Failure) 597M->394M(592M) 4.472ms
[269.688s][info][gc,cpu         ] GC(514) User=0.01s Sys=0.00s Real=0.00s
[270.216s][info][gc,start       ] GC(515) Pause Young (Allocation Failure)
[270.228s][info][gc,heap        ] GC(515) PSYoungGen: 205279K(205312K)->2911K(244736K) Eden: 202752K(202752K)->0K(241664K) From: 2527K(2560K)->2911K(3072K)
[270.228s][info][gc,heap        ] GC(515) ParOldGen: 401044K(401408K)->401060K(401408K)
[270.228s][info][gc,metaspace   ] GC(515) Metaspace: 56885K(57216K)->56885K(57216K) NonClass: 51267K(51520K)->51267K(51520K) Class: 5617K(5696K)->5617K(5696K)
[270.228s][info][gc             ] GC(515) Pause Young (Allocation Failure) 592M->394M(631M) 12.281ms
[270.228s][info][gc,cpu         ] GC(515) User=0.01s Sys=0.00s Real=0.01s
[270.690s][info][gc,start       ] GC(516) Pause Young (Allocation Failure)
[270.693s][info][gc,heap        ] GC(516) PSYoungGen: 244282K(244736K)->1951K(260096K) Eden: 241371K(241664K)->0K(255488K) From: 2911K(3072K)->1951K(4608K)
[270.693s][info][gc,heap        ] GC(516) ParOldGen: 401060K(401408K)->401076K(401408K)
[270.693s][info][gc,metaspace   ] GC(516) Metaspace: 56885K(57216K)->56885K(57216K) NonClass: 51267K(51520K)->51267K(51520K) Class: 5617K(5696K)->5617K(5696K)
[270.694s][info][gc             ] GC(516) Pause Young (Allocation Failure) 630M->393M(646M) 3.963ms
[270.694s][info][gc,cpu         ] GC(516) User=0.01s Sys=0.00s Real=0.00s
[271.247s][info][gc,start       ] GC(517) Pause Young (Allocation Failure)
[271.295s][info][gc,heap        ] GC(517) PSYoungGen: 231746K(260096K)->64K(292352K) Eden: 229795K(255488K)->0K(287744K) From: 1951K(4608K)->64K(4608K)
[271.295s][info][gc,heap        ] GC(517) ParOldGen: 401076K(401408K)->440155K(440832K)
[271.295s][info][gc,metaspace   ] GC(517) Metaspace: 56891K(57216K)->56891K(57216K) NonClass: 51273K(51520K)->51273K(51520K) Class: 5617K(5696K)->5617K(5696K)
[271.295s][info][gc             ] GC(517) Pause Young (Allocation Failure) 617M->429M(716M) 48.696ms
[271.295s][info][gc,cpu         ] GC(517) User=0.07s Sys=0.03s Real=0.05s
[274.213s][info][gc,start       ] GC(518) Pause Young (Allocation Failure)
[274.284s][info][gc,heap        ] GC(518) PSYoungGen: 287808K(292352K)->4602K(292352K) Eden: 287744K(287744K)->0K(287744K) From: 64K(4608K)->4602K(4608K)
[274.284s][info][gc,heap        ] GC(518) ParOldGen: 440155K(440832K)->527986K(528384K)
[274.284s][info][gc,metaspace   ] GC(518) Metaspace: 57077K(57408K)->57077K(57408K) NonClass: 51458K(51712K)->51458K(51712K) Class: 5618K(5696K)->5618K(5696K)
[274.284s][info][gc             ] GC(518) Pause Young (Allocation Failure) 710M->520M(801M) 71.227ms
[274.284s][info][gc,cpu         ] GC(518) User=0.06s Sys=0.07s Real=0.07s
[274.849s][info][gc,start       ] GC(519) Pause Young (Allocation Failure)
[274.857s][info][gc,heap        ] GC(519) PSYoungGen: 292346K(292352K)->1311K(296960K) Eden: 287744K(287744K)->0K(259072K) From: 4602K(4608K)->1311K(37888K)
[274.857s][info][gc,heap        ] GC(519) ParOldGen: 527986K(528384K)->532596K(532992K)
[274.857s][info][gc,metaspace   ] GC(519) Metaspace: 57077K(57408K)->57077K(57408K) NonClass: 51458K(51712K)->51458K(51712K) Class: 5618K(5696K)->5618K(5696K)
[274.857s][info][gc             ] GC(519) Pause Young (Allocation Failure) 801M->521M(810M) 8.501ms
[274.857s][info][gc,cpu         ] GC(519) User=0.02s Sys=0.01s Real=0.01s
[275.392s][info][gc,start       ] GC(520) Pause Young (Allocation Failure)
[275.396s][info][gc,heap        ] GC(520) PSYoungGen: 260329K(296960K)->1056K(260608K) Eden: 259018K(259072K)->0K(259072K) From: 1311K(37888K)->1056K(1536K)
[275.396s][info][gc,heap        ] GC(520) ParOldGen: 532596K(532992K)->533603K(534016K)
[275.396s][info][gc,metaspace   ] GC(520) Metaspace: 57077K(57408K)->57077K(57408K) NonClass: 51458K(51712K)->51458K(51712K) Class: 5618K(5696K)->5618K(5696K)
[275.396s][info][gc             ] GC(520) Pause Young (Allocation Failure) 774M->522M(776M) 4.269ms
[275.396s][info][gc,cpu         ] GC(520) User=0.01s Sys=0.00s Real=0.00s
[275.977s][info][gc,start       ] GC(521) Pause Young (Allocation Failure)
[275.984s][info][gc,heap        ] GC(521) PSYoungGen: 260128K(260608K)->3646K(296960K) Eden: 259072K(259072K)->0K(261120K) From: 1056K(1536K)->3646K(35840K)
[275.984s][info][gc,heap        ] GC(521) ParOldGen: 533603K(534016K)->533619K(534016K)
[275.984s][info][gc,metaspace   ] GC(521) Metaspace: 57077K(57408K)->57077K(57408K) NonClass: 51458K(51712K)->51458K(51712K) Class: 5618K(5696K)->5618K(5696K)
[275.984s][info][gc             ] GC(521) Pause Young (Allocation Failure) 775M->524M(811M) 6.631ms
[275.984s][info][gc,cpu         ] GC(521) User=0.01s Sys=0.00s Real=0.01s
[276.636s][info][gc,start       ] GC(522) Pause Young (Allocation Failure)
[276.641s][info][gc,heap        ] GC(522) PSYoungGen: 264766K(296960K)->2592K(294912K) Eden: 261120K(261120K)->0K(261120K) From: 3646K(35840K)->2592K(33792K)
[276.641s][info][gc,heap        ] GC(522) ParOldGen: 533619K(534016K)->533635K(534016K)
[276.641s][info][gc,metaspace   ] GC(522) Metaspace: 57077K(57408K)->57077K(57408K) NonClass: 51458K(51712K)->51458K(51712K) Class: 5618K(5696K)->5618K(5696K)
[276.641s][info][gc             ] GC(522) Pause Young (Allocation Failure) 779M->523M(809M) 5.203ms
[276.641s][info][gc,cpu         ] GC(522) User=0.00s Sys=0.00s Real=0.01s
[277.165s][info][gc,start       ] GC(523) Pause Young (Allocation Failure)
[277.169s][info][gc,heap        ] GC(523) PSYoungGen: 263712K(294912K)->3585K(297984K) Eden: 261120K(261120K)->0K(265728K) From: 2592K(33792K)->3585K(32256K)
[277.169s][info][gc,heap        ] GC(523) ParOldGen: 533635K(534016K)->533651K(534016K)
[277.169s][info][gc,metaspace   ] GC(523) Metaspace: 57077K(57408K)->57077K(57408K) NonClass: 51458K(51712K)->51458K(51712K) Class: 5618K(5696K)->5618K(5696K)
[277.170s][info][gc             ] GC(523) Pause Young (Allocation Failure) 778M->524M(812M) 5.001ms
[277.170s][info][gc,cpu         ] GC(523) User=0.01s Sys=0.00s Real=0.01s
[277.777s][info][gc,start       ] GC(524) Pause Young (Allocation Failure)
[277.781s][info][gc,heap        ] GC(524) PSYoungGen: 269313K(297984K)->1759K(296448K) Eden: 265728K(265728K)->0K(265728K) From: 3585K(32256K)->1759K(30720K)
[277.781s][info][gc,heap        ] GC(524) ParOldGen: 533651K(534016K)->535277K(535552K)
[277.781s][info][gc,metaspace   ] GC(524) Metaspace: 57077K(57408K)->57077K(57408K) NonClass: 51458K(51712K)->51458K(51712K) Class: 5618K(5696K)->5618K(5696K)
[277.781s][info][gc             ] GC(524) Pause Young (Allocation Failure) 784M->524M(812M) 4.583ms
[277.781s][info][gc,cpu         ] GC(524) User=0.00s Sys=0.01s Real=0.01s
[278.361s][info][gc,start       ] GC(525) Pause Young (Allocation Failure)
[278.366s][info][gc,heap        ] GC(525) PSYoungGen: 267487K(296448K)->1856K(301056K) Eden: 265728K(265728K)->0K(271872K) From: 1759K(30720K)->1856K(29184K)
[278.366s][info][gc,heap        ] GC(525) ParOldGen: 535277K(535552K)->535293K(535552K)
[278.366s][info][gc,metaspace   ] GC(525) Metaspace: 57077K(57408K)->57077K(57408K) NonClass: 51458K(51712K)->51458K(51712K) Class: 5618K(5696K)->5618K(5696K)
[278.366s][info][gc             ] GC(525) Pause Young (Allocation Failure) 783M->524M(817M) 5.324ms
[278.366s][info][gc,cpu         ] GC(525) User=0.01s Sys=0.00s Real=0.00s
[278.971s][info][gc,start       ] GC(526) Pause Young (Allocation Failure)
[278.975s][info][gc,heap        ] GC(526) PSYoungGen: 273728K(301056K)->2558K(300032K) Eden: 271872K(271872K)->0K(271872K) From: 1856K(29184K)->2558K(28160K)
[278.975s][info][gc,heap        ] GC(526) ParOldGen: 535293K(535552K)->535309K(535552K)
[278.975s][info][gc,metaspace   ] GC(526) Metaspace: 57077K(57408K)->57077K(57408K) NonClass: 51458K(51712K)->51458K(51712K) Class: 5618K(5696K)->5618K(5696K)
[278.975s][info][gc             ] GC(526) Pause Young (Allocation Failure) 790M->525M(816M) 4.401ms
[278.975s][info][gc,cpu         ] GC(526) User=0.00s Sys=0.00s Real=0.00s
[279.576s][info][gc,start       ] GC(527) Pause Young (Allocation Failure)
[279.583s][info][gc,heap        ] GC(527) PSYoungGen: 274430K(300032K)->3231K(304128K) Eden: 271872K(271872K)->0K(278016K) From: 2558K(28160K)->3231K(26112K)
[279.583s][info][gc,heap        ] GC(527) ParOldGen: 535309K(535552K)->535325K(535552K)
[279.583s][info][gc,metaspace   ] GC(527) Metaspace: 57077K(57408K)->57077K(57408K) NonClass: 51458K(51712K)->51458K(51712K) Class: 5618K(5696K)->5618K(5696K)
[279.583s][info][gc             ] GC(527) Pause Young (Allocation Failure) 790M->525M(820M) 6.897ms
[279.583s][info][gc,cpu         ] GC(527) User=0.01s Sys=0.00s Real=0.01s
[280.209s][info][gc,start       ] GC(528) Pause Young (Allocation Failure)
[280.213s][info][gc,heap        ] GC(528) PSYoungGen: 281247K(304128K)->1631K(269312K) Eden: 278016K(278016K)->0K(267264K) From: 3231K(26112K)->1631K(2048K)
[280.213s][info][gc,heap        ] GC(528) ParOldGen: 535325K(535552K)->535341K(535552K)
[280.213s][info][gc,metaspace   ] GC(528) Metaspace: 57077K(57408K)->57077K(57408K) NonClass: 51458K(51712K)->51458K(51712K) Class: 5618K(5696K)->5618K(5696K)
[280.213s][info][gc             ] GC(528) Pause Young (Allocation Failure) 797M->524M(786M) 3.729ms
[280.213s][info][gc,cpu         ] GC(528) User=0.00s Sys=0.00s Real=0.00s
[280.791s][info][gc,start       ] GC(529) Pause Young (Allocation Failure)
[280.795s][info][gc,heap        ] GC(529) PSYoungGen: 268696K(269312K)->1151K(268288K) Eden: 267065K(267264K)->0K(257024K) From: 1631K(2048K)->1151K(11264K)
[280.795s][info][gc,heap        ] GC(529) ParOldGen: 535341K(535552K)->535357K(535552K)
[280.795s][info][gc,metaspace   ] GC(529) Metaspace: 57077K(57408K)->57077K(57408K) NonClass: 51458K(51712K)->51458K(51712K) Class: 5618K(5696K)->5618K(5696K)
[280.795s][info][gc             ] GC(529) Pause Young (Allocation Failure) 785M->523M(785M) 3.501ms
[280.795s][info][gc,cpu         ] GC(529) User=0.00s Sys=0.00s Real=0.00s
[281.395s][info][gc,start       ] GC(530) Pause Young (Allocation Failure)
[281.401s][info][gc,heap        ] GC(530) PSYoungGen: 258175K(268288K)->3167K(250880K) Eden: 257024K(257024K)->0K(247296K) From: 1151K(11264K)->3167K(3584K)
[281.401s][info][gc,heap        ] GC(530) ParOldGen: 535357K(535552K)->535373K(535552K)
[281.401s][info][gc,metaspace   ] GC(530) Metaspace: 57077K(57408K)->57077K(57408K) NonClass: 51458K(51712K)->51458K(51712K) Class: 5618K(5696K)->5618K(5696K)
[281.401s][info][gc             ] GC(530) Pause Young (Allocation Failure) 774M->525M(768M) 5.997ms
[281.401s][info][gc,cpu         ] GC(530) User=0.01s Sys=0.00s Real=0.01s
[281.956s][info][gc,start       ] GC(531) Pause Young (Allocation Failure)
[281.960s][info][gc,heap        ] GC(531) PSYoungGen: 250463K(250880K)->1855K(245760K) Eden: 247296K(247296K)->0K(238080K) From: 3167K(3584K)->1855K(7680K)
[281.960s][info][gc,heap        ] GC(531) ParOldGen: 535373K(535552K)->535389K(535552K)
[281.960s][info][gc,metaspace   ] GC(531) Metaspace: 57077K(57408K)->57077K(57408K) NonClass: 51458K(51712K)->51458K(51712K) Class: 5618K(5696K)->5618K(5696K)
[281.960s][info][gc             ] GC(531) Pause Young (Allocation Failure) 767M->524M(763M) 4.836ms
[281.961s][info][gc,cpu         ] GC(531) User=0.01s Sys=0.00s Real=0.01s
[282.552s][info][gc,start       ] GC(532) Pause Young (Allocation Failure)
[282.558s][info][gc,heap        ] GC(532) PSYoungGen: 239743K(245760K)->2848K(231936K) Eden: 237888K(238080K)->0K(228864K) From: 1855K(7680K)->2848K(3072K)
[282.558s][info][gc,heap        ] GC(532) ParOldGen: 535389K(535552K)->535405K(535552K)
[282.558s][info][gc,metaspace   ] GC(532) Metaspace: 57077K(57408K)->57077K(57408K) NonClass: 51458K(51712K)->51458K(51712K) Class: 5618K(5696K)->5618K(5696K)
[282.558s][info][gc             ] GC(532) Pause Young (Allocation Failure) 756M->525M(749M) 5.997ms
[282.558s][info][gc,cpu         ] GC(532) User=0.01s Sys=0.00s Real=0.00s
[282.982s][info][gc,start       ] GC(533) Pause Young (Allocation Failure)
[282.988s][info][gc,heap        ] GC(533) PSYoungGen: 231468K(231936K)->2176K(224256K) Eden: 228620K(228864K)->0K(220160K) From: 2848K(3072K)->2176K(4096K)
[282.988s][info][gc,heap        ] GC(533) ParOldGen: 535405K(535552K)->535421K(535552K)
[282.988s][info][gc,metaspace   ] GC(533) Metaspace: 57077K(57408K)->57077K(57408K) NonClass: 51458K(51712K)->51458K(51712K) Class: 5618K(5696K)->5618K(5696K)
[282.988s][info][gc             ] GC(533) Pause Young (Allocation Failure) 748M->524M(742M) 5.818ms
[282.988s][info][gc,cpu         ] GC(533) User=0.01s Sys=0.00s Real=0.00s
[283.483s][info][gc,start       ] GC(534) Pause Young (Allocation Failure)
[283.489s][info][gc,heap        ] GC(534) PSYoungGen: 222336K(224256K)->3102K(215552K) Eden: 220160K(220160K)->0K(211968K) From: 2176K(4096K)->3102K(3584K)
[283.489s][info][gc,heap        ] GC(534) ParOldGen: 535421K(535552K)->535437K(535552K)
[283.489s][info][gc,metaspace   ] GC(534) Metaspace: 57077K(57408K)->57077K(57408K) NonClass: 51458K(51712K)->51458K(51712K) Class: 5618K(5696K)->5618K(5696K)
[283.489s][info][gc             ] GC(534) Pause Young (Allocation Failure) 739M->525M(733M) 5.562ms
[283.489s][info][gc,cpu         ] GC(534) User=0.01s Sys=0.00s Real=0.01s
[283.979s][info][gc,start       ] GC(535) Pause Young (Allocation Failure)
[283.985s][info][gc,heap        ] GC(535) PSYoungGen: 215070K(215552K)->2751K(207360K) Eden: 211968K(211968K)->0K(204288K) From: 3102K(3584K)->2751K(3072K)
[283.985s][info][gc,heap        ] GC(535) ParOldGen: 535437K(535552K)->535453K(535552K)
[283.985s][info][gc,metaspace   ] GC(535) Metaspace: 57077K(57408K)->57077K(57408K) NonClass: 51458K(51712K)->51458K(51712K) Class: 5618K(5696K)->5618K(5696K)
[283.985s][info][gc             ] GC(535) Pause Young (Allocation Failure) 732M->525M(725M) 6.108ms
[283.985s][info][gc,cpu         ] GC(535) User=0.01s Sys=0.00s Real=0.00s
[284.449s][info][gc,start       ] GC(536) Pause Young (Allocation Failure)
[284.452s][info][gc,heap        ] GC(536) PSYoungGen: 207039K(207360K)->767K(198144K) Eden: 204288K(204288K)->0K(197120K) From: 2751K(3072K)->767K(1024K)
[284.452s][info][gc,heap        ] GC(536) ParOldGen: 535453K(535552K)->535469K(535552K)
[284.452s][info][gc,metaspace   ] GC(536) Metaspace: 57077K(57408K)->57077K(57408K) NonClass: 51458K(51712K)->51458K(51712K) Class: 5618K(5696K)->5618K(5696K)
[284.452s][info][gc             ] GC(536) Pause Young (Allocation Failure) 725M->523M(716M) 2.744ms
[284.452s][info][gc,cpu         ] GC(536) User=0.00s Sys=0.00s Real=0.00s
[284.872s][info][gc,start       ] GC(537) Pause Young (Allocation Failure)
[284.878s][info][gc,heap        ] GC(537) PSYoungGen: 197887K(198144K)->2208K(192512K) Eden: 197120K(197120K)->0K(189952K) From: 767K(1024K)->2208K(2560K)
[284.878s][info][gc,heap        ] GC(537) ParOldGen: 535469K(535552K)->535485K(535552K)
[284.878s][info][gc,metaspace   ] GC(537) Metaspace: 57077K(57408K)->57077K(57408K) NonClass: 51458K(51712K)->51458K(51712K) Class: 5618K(5696K)->5618K(5696K)
[284.878s][info][gc             ] GC(537) Pause Young (Allocation Failure) 716M->525M(711M) 5.454ms
[284.878s][info][gc,cpu         ] GC(537) User=0.01s Sys=0.00s Real=0.00s
[285.290s][info][gc,start       ] GC(538) Pause Young (Allocation Failure)
[285.295s][info][gc,heap        ] GC(538) PSYoungGen: 192160K(192512K)->2303K(185856K) Eden: 189952K(189952K)->0K(183296K) From: 2208K(2560K)->2303K(2560K)
[285.295s][info][gc,heap        ] GC(538) ParOldGen: 535485K(535552K)->535501K(535552K)
[285.295s][info][gc,metaspace   ] GC(538) Metaspace: 57077K(57408K)->57077K(57408K) NonClass: 51458K(51712K)->51458K(51712K) Class: 5618K(5696K)->5618K(5696K)
[285.295s][info][gc             ] GC(538) Pause Young (Allocation Failure) 710M->525M(704M) 4.832ms
[285.295s][info][gc,cpu         ] GC(538) User=0.01s Sys=0.00s Real=0.00s
[285.696s][info][gc,start       ] GC(539) Pause Young (Allocation Failure)
[285.700s][info][gc,heap        ] GC(539) PSYoungGen: 185599K(185856K)->1375K(178176K) Eden: 183296K(183296K)->0K(176640K) From: 2303K(2560K)->1375K(1536K)
[285.700s][info][gc,heap        ] GC(539) ParOldGen: 535501K(535552K)->535517K(535552K)
[285.700s][info][gc,metaspace   ] GC(539) Metaspace: 57077K(57408K)->57077K(57408K) NonClass: 51458K(51712K)->51458K(51712K) Class: 5618K(5696K)->5618K(5696K)
[285.700s][info][gc             ] GC(539) Pause Young (Allocation Failure) 704M->524M(697M) 4.232ms
[285.700s][info][gc,cpu         ] GC(539) User=0.00s Sys=0.00s Real=0.01s
[286.092s][info][gc,start       ] GC(540) Pause Young (Allocation Failure)
[286.095s][info][gc,heap        ] GC(540) PSYoungGen: 177739K(178176K)->1088K(172032K) Eden: 176364K(176640K)->0K(170496K) From: 1375K(1536K)->1088K(1536K)
[286.095s][info][gc,heap        ] GC(540) ParOldGen: 535517K(535552K)->535533K(535552K)
[286.095s][info][gc,metaspace   ] GC(540) Metaspace: 57077K(57408K)->57077K(57408K) NonClass: 51458K(51712K)->51458K(51712K) Class: 5618K(5696K)->5618K(5696K)
[286.095s][info][gc             ] GC(540) Pause Young (Allocation Failure) 696M->524M(691M) 3.332ms
[286.095s][info][gc,cpu         ] GC(540) User=0.01s Sys=0.00s Real=0.00s
[286.477s][info][gc,start       ] GC(541) Pause Young (Allocation Failure)
[286.482s][info][gc,heap        ] GC(541) PSYoungGen: 171555K(172032K)->2560K(198144K) Eden: 170467K(170496K)->0K(186368K) From: 1088K(1536K)->2560K(11776K)
[286.482s][info][gc,heap        ] GC(541) ParOldGen: 535533K(535552K)->535549K(535552K)
[286.482s][info][gc,metaspace   ] GC(541) Metaspace: 57077K(57408K)->57077K(57408K) NonClass: 51458K(51712K)->51458K(51712K) Class: 5618K(5696K)->5618K(5696K)
[286.482s][info][gc             ] GC(541) Pause Young (Allocation Failure) 690M->525M(716M) 4.997ms
[286.482s][info][gc,cpu         ] GC(541) User=0.01s Sys=0.00s Real=0.01s
[286.892s][info][gc,start       ] GC(542) Pause Young (Allocation Failure)
[286.895s][info][gc,heap        ] GC(542) PSYoungGen: 188928K(198144K)->863K(180736K) Eden: 186368K(186368K)->0K(179712K) From: 2560K(11776K)->863K(1024K)
[286.895s][info][gc,heap        ] GC(542) ParOldGen: 535549K(535552K)->535565K(536064K)
[286.895s][info][gc,metaspace   ] GC(542) Metaspace: 57077K(57408K)->57077K(57408K) NonClass: 51458K(51712K)->51458K(51712K) Class: 5618K(5696K)->5618K(5696K)
[286.896s][info][gc             ] GC(542) Pause Young (Allocation Failure) 707M->523M(700M) 3.311ms
[286.896s][info][gc,cpu         ] GC(542) User=0.01s Sys=0.00s Real=0.00s
[287.320s][info][gc,start       ] GC(543) Pause Young (Allocation Failure)
[287.322s][info][gc,heap        ] GC(543) PSYoungGen: 180563K(180736K)->64K(177152K) Eden: 179700K(179712K)->0K(173568K) From: 863K(1024K)->64K(3584K)
[287.322s][info][gc,heap        ] GC(543) ParOldGen: 535565K(536064K)->535581K(536064K)
[287.322s][info][gc,metaspace   ] GC(543) Metaspace: 57077K(57408K)->57077K(57408K) NonClass: 51458K(51712K)->51458K(51712K) Class: 5618K(5696K)->5618K(5696K)
[287.322s][info][gc             ] GC(543) Pause Young (Allocation Failure) 699M->523M(696M) 2.584ms
[287.322s][info][gc,cpu         ] GC(543) User=0.00s Sys=0.00s Real=0.00s
[287.694s][info][gc,start       ] GC(544) Pause Young (Allocation Failure)
[287.697s][info][gc,heap        ] GC(544) PSYoungGen: 173517K(177152K)->1056K(168960K) Eden: 173453K(173568K)->0K(167424K) From: 64K(3584K)->1056K(1536K)
[287.697s][info][gc,heap        ] GC(544) ParOldGen: 535581K(536064K)->535597K(536064K)
[287.697s][info][gc,metaspace   ] GC(544) Metaspace: 57077K(57408K)->57077K(57408K) NonClass: 51458K(51712K)->51458K(51712K) Class: 5618K(5696K)->5618K(5696K)
[287.697s][info][gc             ] GC(544) Pause Young (Allocation Failure) 692M->524M(688M) 3.407ms
[287.697s][info][gc,cpu         ] GC(544) User=0.01s Sys=0.00s Real=0.00s
[288.083s][info][gc,start       ] GC(545) Pause Young (Allocation Failure)
[288.088s][info][gc,heap        ] GC(545) PSYoungGen: 168480K(168960K)->2047K(163840K) Eden: 167424K(167424K)->0K(161792K) From: 1056K(1536K)->2047K(2048K)
[288.088s][info][gc,heap        ] GC(545) ParOldGen: 535597K(536064K)->535613K(536064K)
[288.088s][info][gc,metaspace   ] GC(545) Metaspace: 57077K(57408K)->57077K(57408K) NonClass: 51458K(51712K)->51458K(51712K) Class: 5618K(5696K)->5618K(5696K)
[288.088s][info][gc             ] GC(545) Pause Young (Allocation Failure) 687M->525M(683M) 4.712ms
[288.088s][info][gc,cpu         ] GC(545) User=0.01s Sys=0.01s Real=0.00s
[288.459s][info][gc,start       ] GC(546) Pause Young (Allocation Failure)
[288.463s][info][gc,heap        ] GC(546) PSYoungGen: 163839K(163840K)->2366K(158720K) Eden: 161792K(161792K)->0K(156160K) From: 2047K(2048K)->2366K(2560K)
[288.463s][info][gc,heap        ] GC(546) ParOldGen: 535613K(536064K)->535629K(536064K)
[288.463s][info][gc,metaspace   ] GC(546) Metaspace: 57077K(57408K)->57077K(57408K) NonClass: 51458K(51712K)->51458K(51712K) Class: 5618K(5696K)->5618K(5696K)
[288.463s][info][gc             ] GC(546) Pause Young (Allocation Failure) 683M->525M(678M) 4.160ms
[288.463s][info][gc,cpu         ] GC(546) User=0.01s Sys=0.00s Real=0.00s
[288.789s][info][gc,start       ] GC(547) Pause Young (Allocation Failure)
[288.793s][info][gc,heap        ] GC(547) PSYoungGen: 158526K(158720K)->2047K(173568K) Eden: 156160K(156160K)->0K(164864K) From: 2366K(2560K)->2047K(8704K)
[288.793s][info][gc,heap        ] GC(547) ParOldGen: 535629K(536064K)->535645K(536064K)
[288.793s][info][gc,metaspace   ] GC(547) Metaspace: 57077K(57408K)->57077K(57408K) NonClass: 51458K(51712K)->51458K(51712K) Class: 5618K(5696K)->5618K(5696K)
[288.793s][info][gc             ] GC(547) Pause Young (Allocation Failure) 677M->525M(693M) 4.077ms
[288.793s][info][gc,cpu         ] GC(547) User=0.00s Sys=0.00s Real=0.00s
[289.172s][info][gc,start       ] GC(548) Pause Young (Allocation Failure)
[289.176s][info][gc,heap        ] GC(548) PSYoungGen: 166911K(173568K)->2623K(173056K) Eden: 164864K(164864K)->0K(164864K) From: 2047K(8704K)->2623K(8192K)
[289.176s][info][gc,heap        ] GC(548) ParOldGen: 535645K(536064K)->535661K(536064K)
[289.176s][info][gc,metaspace   ] GC(548) Metaspace: 57077K(57408K)->57077K(57408K) NonClass: 51458K(51712K)->51458K(51712K) Class: 5618K(5696K)->5618K(5696K)
[289.176s][info][gc             ] GC(548) Pause Young (Allocation Failure) 686M->525M(692M) 4.704ms
[289.176s][info][gc,cpu         ] GC(548) User=0.01s Sys=0.00s Real=0.00s
[289.555s][info][gc,start       ] GC(549) Pause Young (Allocation Failure)
[289.558s][info][gc,heap        ] GC(549) PSYoungGen: 167487K(173056K)->1471K(202752K) Eden: 164864K(164864K)->0K(196096K) From: 2623K(8192K)->1471K(6656K)
[289.558s][info][gc,heap        ] GC(549) ParOldGen: 535661K(536064K)->535677K(536064K)
[289.558s][info][gc,metaspace   ] GC(549) Metaspace: 57077K(57408K)->57077K(57408K) NonClass: 51458K(51712K)->51458K(51712K) Class: 5618K(5696K)->5618K(5696K)
[289.559s][info][gc             ] GC(549) Pause Young (Allocation Failure) 686M->524M(721M) 3.875ms
[289.559s][info][gc,cpu         ] GC(549) User=0.01s Sys=0.00s Real=0.00s
[289.980s][info][gc,start       ] GC(550) Pause Young (Allocation Failure)
[290.002s][info][gc,heap        ] GC(550) PSYoungGen: 197567K(202752K)->3327K(203264K) Eden: 196096K(196096K)->0K(196096K) From: 1471K(6656K)->3327K(7168K)
[290.002s][info][gc,heap        ] GC(550) ParOldGen: 535677K(536064K)->535693K(536064K)
[290.002s][info][gc,metaspace   ] GC(550) Metaspace: 57077K(57408K)->57077K(57408K) NonClass: 51458K(51712K)->51458K(51712K) Class: 5618K(5696K)->5618K(5696K)
[290.002s][info][gc             ] GC(550) Pause Young (Allocation Failure) 716M->526M(722M) 22.529ms
[290.002s][info][gc,cpu         ] GC(550) User=0.02s Sys=0.00s Real=0.02s
[290.451s][info][gc,start       ] GC(551) Pause Young (Allocation Failure)
[290.455s][info][gc,heap        ] GC(551) PSYoungGen: 199121K(203264K)->704K(241664K) Eden: 195794K(196096K)->0K(234496K) From: 3327K(7168K)->704K(7168K)
[290.455s][info][gc,heap        ] GC(551) ParOldGen: 535693K(536064K)->535709K(536064K)
[290.455s][info][gc,metaspace   ] GC(551) Metaspace: 57077K(57408K)->57077K(57408K) NonClass: 51458K(51712K)->51458K(51712K) Class: 5618K(5696K)->5618K(5696K)
[290.455s][info][gc             ] GC(551) Pause Young (Allocation Failure) 717M->523M(759M) 3.860ms
[290.455s][info][gc,cpu         ] GC(551) User=0.00s Sys=0.00s Real=0.00s
[290.982s][info][gc,start       ] GC(552) Pause Young (Allocation Failure)
[290.986s][info][gc,heap        ] GC(552) PSYoungGen: 235200K(241664K)->1822K(241664K) Eden: 234496K(234496K)->0K(234496K) From: 704K(7168K)->1822K(7168K)
[290.986s][info][gc,heap        ] GC(552) ParOldGen: 535709K(536064K)->535725K(536064K)
[290.986s][info][gc,metaspace   ] GC(552) Metaspace: 57077K(57408K)->57077K(57408K) NonClass: 51458K(51712K)->51458K(51712K) Class: 5618K(5696K)->5618K(5696K)
[290.986s][info][gc             ] GC(552) Pause Young (Allocation Failure) 752M->524M(759M) 4.402ms
[290.986s][info][gc,cpu         ] GC(552) User=0.01s Sys=0.00s Real=0.00s
[291.482s][info][gc,start       ] GC(553) Pause Young (Allocation Failure)
[291.497s][info][gc,heap        ] GC(553) PSYoungGen: 236213K(241664K)->6624K(284160K) Eden: 234391K(234496K)->0K(277504K) From: 1822K(7168K)->6624K(6656K)
[291.497s][info][gc,heap        ] GC(553) ParOldGen: 535725K(536064K)->537846K(538112K)
[291.497s][info][gc,metaspace   ] GC(553) Metaspace: 57077K(57408K)->57077K(57408K) NonClass: 51458K(51712K)->51458K(51712K) Class: 5618K(5696K)->5618K(5696K)
[291.497s][info][gc             ] GC(553) Pause Young (Allocation Failure) 753M->531M(803M) 14.505ms
[291.497s][info][gc,cpu         ] GC(553) User=0.02s Sys=0.01s Real=0.01s
[292.219s][info][gc,start       ] GC(554) Pause Young (Allocation Failure)
[292.230s][info][gc,heap        ] GC(554) PSYoungGen: 284128K(284160K)->511K(286208K) Eden: 277504K(277504K)->0K(277504K) From: 6624K(6656K)->511K(8704K)
[292.230s][info][gc,heap        ] GC(554) ParOldGen: 537846K(538112K)->544486K(544768K)
[292.230s][info][gc,metaspace   ] GC(554) Metaspace: 57077K(57408K)->57077K(57408K) NonClass: 51458K(51712K)->51458K(51712K) Class: 5618K(5696K)->5618K(5696K)
[292.230s][info][gc             ] GC(554) Pause Young (Allocation Failure) 802M->532M(811M) 10.647ms
[292.230s][info][gc,cpu         ] GC(554) User=0.02s Sys=0.00s Real=0.01s
[292.759s][info][gc,start       ] GC(555) Pause Young (Allocation Failure)
[292.764s][info][gc,heap        ] GC(555) PSYoungGen: 278015K(286208K)->1855K(324608K) Eden: 277504K(277504K)->0K(316928K) From: 511K(8704K)->1855K(7680K)
[292.764s][info][gc,heap        ] GC(555) ParOldGen: 544486K(544768K)->544870K(545280K)
[292.764s][info][gc,metaspace   ] GC(555) Metaspace: 57077K(57408K)->57077K(57408K) NonClass: 51458K(51712K)->51458K(51712K) Class: 5618K(5696K)->5618K(5696K)
[292.764s][info][gc             ] GC(555) Pause Young (Allocation Failure) 803M->533M(849M) 5.007ms
[292.765s][info][gc,cpu         ] GC(555) User=0.01s Sys=0.00s Real=0.00s
[293.569s][info][gc,start       ] GC(556) Pause Young (Allocation Failure)
[293.573s][info][gc,heap        ] GC(556) PSYoungGen: 318585K(324608K)->1120K(325120K) Eden: 316730K(316928K)->0K(316928K) From: 1855K(7680K)->1120K(8192K)
[293.573s][info][gc,heap        ] GC(556) ParOldGen: 544870K(545280K)->544886K(545280K)
[293.573s][info][gc,metaspace   ] GC(556) Metaspace: 57077K(57408K)->57077K(57408K) NonClass: 51458K(51712K)->51458K(51712K) Class: 5618K(5696K)->5618K(5696K)
[293.573s][info][gc             ] GC(556) Pause Young (Allocation Failure) 843M->533M(850M) 3.723ms
[293.573s][info][gc,cpu         ] GC(556) User=0.01s Sys=0.00s Real=0.00s
[294.264s][info][gc,start       ] GC(557) Pause Young (Allocation Failure)
[294.268s][info][gc,heap        ] GC(557) PSYoungGen: 318048K(325120K)->2015K(324608K) Eden: 316928K(316928K)->0K(317952K) From: 1120K(8192K)->2015K(6656K)
[294.268s][info][gc,heap        ] GC(557) ParOldGen: 544886K(545280K)->544902K(545280K)
[294.268s][info][gc,metaspace   ] GC(557) Metaspace: 57077K(57408K)->57077K(57408K) NonClass: 51458K(51712K)->51458K(51712K) Class: 5618K(5696K)->5618K(5696K)
[294.268s][info][gc             ] GC(557) Pause Young (Allocation Failure) 842M->534M(849M) 4.304ms
[294.268s][info][gc,cpu         ] GC(557) User=0.00s Sys=0.00s Real=0.00s
[294.970s][info][gc,start       ] GC(558) Pause Young (Allocation Failure)
[294.976s][info][gc,heap        ] GC(558) PSYoungGen: 319737K(324608K)->2752K(325120K) Eden: 317722K(317952K)->0K(317952K) From: 2015K(6656K)->2752K(7168K)
[294.976s][info][gc,heap        ] GC(558) ParOldGen: 544902K(545280K)->544918K(545280K)
[294.976s][info][gc,metaspace   ] GC(558) Metaspace: 57077K(57408K)->57077K(57408K) NonClass: 51459K(51712K)->51459K(51712K) Class: 5618K(5696K)->5618K(5696K)
[294.976s][info][gc             ] GC(558) Pause Young (Allocation Failure) 844M->534M(850M) 6.306ms
[294.976s][info][gc,cpu         ] GC(558) User=0.02s Sys=0.00s Real=0.00s
[295.682s][info][gc,start       ] GC(559) Pause Young (Allocation Failure)
[295.688s][info][gc,heap        ] GC(559) PSYoungGen: 320704K(325120K)->2815K(325632K) Eden: 317952K(317952K)->0K(319488K) From: 2752K(7168K)->2815K(6144K)
[295.688s][info][gc,heap        ] GC(559) ParOldGen: 544918K(545280K)->544934K(545280K)
[295.688s][info][gc,metaspace   ] GC(559) Metaspace: 57077K(57408K)->57077K(57408K) NonClass: 51459K(51712K)->51459K(51712K) Class: 5618K(5696K)->5618K(5696K)
[295.688s][info][gc             ] GC(559) Pause Young (Allocation Failure) 845M->534M(850M) 5.743ms
[295.688s][info][gc,cpu         ] GC(559) User=0.01s Sys=0.00s Real=0.00s
[296.469s][info][gc,start       ] GC(560) Pause Young (Allocation Failure)
[296.485s][info][gc,heap        ] GC(560) PSYoungGen: 322303K(325632K)->991K(326144K) Eden: 319488K(319488K)->0K(319488K) From: 2815K(6144K)->991K(6656K)
[296.485s][info][gc,heap        ] GC(560) ParOldGen: 544934K(545280K)->544950K(545280K)
[296.485s][info][gc,metaspace   ] GC(560) Metaspace: 57077K(57408K)->57077K(57408K) NonClass: 51459K(51712K)->51459K(51712K) Class: 5618K(5696K)->5618K(5696K)
[296.485s][info][gc             ] GC(560) Pause Young (Allocation Failure) 846M->533M(851M) 15.190ms
[296.485s][info][gc,cpu         ] GC(560) User=0.01s Sys=0.00s Real=0.01s
[297.152s][info][gc,start       ] GC(561) Pause Young (Allocation Failure)
[297.156s][info][gc,heap        ] GC(561) PSYoungGen: 320479K(326144K)->704K(326144K) Eden: 319488K(319488K)->0K(320512K) From: 991K(6656K)->704K(5632K)
[297.156s][info][gc,heap        ] GC(561) ParOldGen: 544950K(545280K)->544966K(545280K)
[297.156s][info][gc,metaspace   ] GC(561) Metaspace: 57077K(57408K)->57077K(57408K) NonClass: 51459K(51712K)->51459K(51712K) Class: 5618K(5696K)->5618K(5696K)
[297.156s][info][gc             ] GC(561) Pause Young (Allocation Failure) 845M->532M(851M) 3.636ms
[297.156s][info][gc,cpu         ] GC(561) User=0.01s Sys=0.00s Real=0.00s
[297.857s][info][gc,start       ] GC(562) Pause Young (Allocation Failure)
[297.862s][info][gc,heap        ] GC(562) PSYoungGen: 321216K(326144K)->1625K(309760K) Eden: 320512K(320512K)->0K(307712K) From: 704K(5632K)->1625K(2048K)
[297.862s][info][gc,heap        ] GC(562) ParOldGen: 544966K(545280K)->544982K(545280K)
[297.862s][info][gc,metaspace   ] GC(562) Metaspace: 57077K(57408K)->57077K(57408K) NonClass: 51459K(51712K)->51459K(51712K) Class: 5618K(5696K)->5618K(5696K)
[297.862s][info][gc             ] GC(562) Pause Young (Allocation Failure) 845M->533M(835M) 4.673ms
[297.862s][info][gc,cpu         ] GC(562) User=0.01s Sys=0.00s Real=0.01s
[298.499s][info][gc,start       ] GC(563) Pause Young (Allocation Failure)
[298.503s][info][gc,heap        ] GC(563) PSYoungGen: 309337K(309760K)->736K(296448K) Eden: 307712K(307712K)->0K(295424K) From: 1625K(2048K)->736K(1024K)
[298.503s][info][gc,heap        ] GC(563) ParOldGen: 544982K(545280K)->544998K(545280K)
[298.503s][info][gc,metaspace   ] GC(563) Metaspace: 57077K(57408K)->57077K(57408K) NonClass: 51459K(51712K)->51459K(51712K) Class: 5618K(5696K)->5618K(5696K)
[298.503s][info][gc             ] GC(563) Pause Young (Allocation Failure) 834M->532M(822M) 3.542ms
[298.503s][info][gc,cpu         ] GC(563) User=0.00s Sys=0.00s Real=0.00s
[299.218s][info][gc,start       ] GC(564) Pause Young (Allocation Failure)
[299.224s][info][gc,heap        ] GC(564) PSYoungGen: 296160K(296448K)->3615K(287744K) Eden: 295424K(295424K)->0K(283648K) From: 736K(1024K)->3615K(4096K)
[299.224s][info][gc,heap        ] GC(564) ParOldGen: 544998K(545280K)->545014K(545280K)
[299.224s][info][gc,metaspace   ] GC(564) Metaspace: 57077K(57408K)->57077K(57408K) NonClass: 51459K(51712K)->51459K(51712K) Class: 5618K(5696K)->5618K(5696K)
[299.224s][info][gc             ] GC(564) Pause Young (Allocation Failure) 821M->535M(813M) 6.222ms
[299.224s][info][gc,cpu         ] GC(564) User=0.01s Sys=0.00s Real=0.01s
[299.800s][info][gc,start       ] GC(565) Pause Young (Allocation Failure)
[299.809s][info][gc,heap        ] GC(565) PSYoungGen: 287263K(287744K)->594K(316928K) Eden: 283648K(283648K)->0K(310784K) From: 3615K(4096K)->594K(6144K)
[299.809s][info][gc,heap        ] GC(565) ParOldGen: 545014K(545280K)->545030K(545280K)
[299.809s][info][gc,metaspace   ] GC(565) Metaspace: 57077K(57408K)->57077K(57408K) NonClass: 51459K(51712K)->51459K(51712K) Class: 5618K(5696K)->5618K(5696K)
[299.809s][info][gc             ] GC(565) Pause Young (Allocation Failure) 812M->532M(842M) 9.060ms
[299.809s][info][gc,cpu         ] GC(565) User=0.01s Sys=0.01s Real=0.01s
[300.549s][info][gc,start       ] GC(566) Pause Young (Allocation Failure)
[300.552s][info][gc,heap        ] GC(566) PSYoungGen: 311378K(316928K)->288K(299008K) Eden: 310784K(310784K)->0K(298496K) From: 594K(6144K)->288K(512K)
[300.552s][info][gc,heap        ] GC(566) ParOldGen: 545030K(545280K)->545046K(545280K)
[300.552s][info][gc,metaspace   ] GC(566) Metaspace: 57077K(57408K)->57077K(57408K) NonClass: 51459K(51712K)->51459K(51712K) Class: 5618K(5696K)->5618K(5696K)
[300.552s][info][gc             ] GC(566) Pause Young (Allocation Failure) 836M->532M(824M) 2.902ms
[300.552s][info][gc,cpu         ] GC(566) User=0.01s Sys=0.00s Real=0.00s
[301.189s][info][gc,start       ] GC(567) Pause Young (Allocation Failure)
[301.193s][info][gc,heap        ] GC(567) PSYoungGen: 298784K(299008K)->2303K(289280K) Eden: 298496K(298496K)->0K(286720K) From: 288K(512K)->2303K(2560K)
[301.193s][info][gc,heap        ] GC(567) ParOldGen: 545046K(545280K)->545062K(545280K)
[301.193s][info][gc,metaspace   ] GC(567) Metaspace: 57077K(57408K)->57077K(57408K) NonClass: 51459K(51712K)->51459K(51712K) Class: 5618K(5696K)->5618K(5696K)
[301.193s][info][gc             ] GC(567) Pause Young (Allocation Failure) 824M->534M(815M) 4.760ms
[301.193s][info][gc,cpu         ] GC(567) User=0.01s Sys=0.00s Real=0.01s
[301.856s][info][gc,start       ] GC(568) Pause Young (Allocation Failure)
[301.859s][info][gc,heap        ] GC(568) PSYoungGen: 289023K(289280K)->1161K(276992K) Eden: 286720K(286720K)->0K(275456K) From: 2303K(2560K)->1161K(1536K)
[301.860s][info][gc,heap        ] GC(568) ParOldGen: 545062K(545280K)->545078K(545280K)
[301.860s][info][gc,metaspace   ] GC(568) Metaspace: 57077K(57408K)->57077K(57408K) NonClass: 51459K(51712K)->51459K(51712K) Class: 5618K(5696K)->5618K(5696K)
[301.860s][info][gc             ] GC(568) Pause Young (Allocation Failure) 814M->533M(803M) 3.408ms
[301.860s][info][gc,cpu         ] GC(568) User=0.01s Sys=0.00s Real=0.01s
[302.460s][info][gc,start       ] GC(569) Pause Young (Allocation Failure)
[302.464s][info][gc,heap        ] GC(569) PSYoungGen: 276617K(276992K)->1535K(266240K) Eden: 275456K(275456K)->0K(264704K) From: 1161K(1536K)->1535K(1536K)
[302.464s][info][gc,heap        ] GC(569) ParOldGen: 545078K(545280K)->545094K(545280K)
[302.464s][info][gc,metaspace   ] GC(569) Metaspace: 57077K(57408K)->57077K(57408K) NonClass: 51459K(51712K)->51459K(51712K) Class: 5618K(5696K)->5618K(5696K)
[302.464s][info][gc             ] GC(569) Pause Young (Allocation Failure) 802M->533M(792M) 3.830ms
[302.464s][info][gc,cpu         ] GC(569) User=0.01s Sys=0.00s Real=0.00s
[303.061s][info][gc,start       ] GC(570) Pause Young (Allocation Failure)
[303.066s][info][gc,heap        ] GC(570) PSYoungGen: 266239K(266240K)->2143K(257024K) Eden: 264704K(264704K)->0K(254464K) From: 1535K(1536K)->2143K(2560K)
[303.066s][info][gc,heap        ] GC(570) ParOldGen: 545094K(545280K)->545110K(545280K)
[303.066s][info][gc,metaspace   ] GC(570) Metaspace: 57077K(57408K)->57077K(57408K) NonClass: 51459K(51712K)->51459K(51712K) Class: 5618K(5696K)->5618K(5696K)
[303.066s][info][gc             ] GC(570) Pause Young (Allocation Failure) 792M->534M(783M) 4.501ms
[303.066s][info][gc,cpu         ] GC(570) User=0.00s Sys=0.00s Real=0.00s
[303.611s][info][gc,start       ] GC(571) Pause Young (Allocation Failure)
[303.613s][info][gc,heap        ] GC(571) PSYoungGen: 256607K(257024K)->64K(245248K) Eden: 254464K(254464K)->0K(244736K) From: 2143K(2560K)->64K(512K)
[303.613s][info][gc,heap        ] GC(571) ParOldGen: 545110K(545280K)->545126K(545280K)
[303.613s][info][gc,metaspace   ] GC(571) Metaspace: 57077K(57408K)->57077K(57408K) NonClass: 51459K(51712K)->51459K(51712K) Class: 5618K(5696K)->5618K(5696K)
[303.613s][info][gc             ] GC(571) Pause Young (Allocation Failure) 782M->532M(772M) 2.412ms
[303.613s][info][gc,cpu         ] GC(571) User=0.00s Sys=0.00s Real=0.00s
[304.171s][info][gc,start       ] GC(572) Pause Young (Allocation Failure)
[304.175s][info][gc,heap        ] GC(572) PSYoungGen: 244800K(245248K)->2559K(240640K) Eden: 244736K(244736K)->0K(235520K) From: 64K(512K)->2559K(5120K)
[304.175s][info][gc,heap        ] GC(572) ParOldGen: 545126K(545280K)->545142K(545280K)
[304.175s][info][gc,metaspace   ] GC(572) Metaspace: 57077K(57408K)->57077K(57408K) NonClass: 51459K(51712K)->51459K(51712K) Class: 5618K(5696K)->5618K(5696K)
[304.175s][info][gc             ] GC(572) Pause Young (Allocation Failure) 771M->534M(767M) 4.590ms
[304.175s][info][gc,cpu         ] GC(572) User=0.01s Sys=0.00s Real=0.00s
[304.783s][info][gc,start       ] GC(573) Pause Young (Allocation Failure)
[304.788s][info][gc,heap        ] GC(573) PSYoungGen: 237949K(240640K)->2592K(229888K) Eden: 235389K(235520K)->0K(226816K) From: 2559K(5120K)->2592K(3072K)
[304.788s][info][gc,heap        ] GC(573) ParOldGen: 545142K(545280K)->545158K(545280K)
[304.788s][info][gc,metaspace   ] GC(573) Metaspace: 57077K(57408K)->57077K(57408K) NonClass: 51459K(51712K)->51459K(51712K) Class: 5618K(5696K)->5618K(5696K)
[304.788s][info][gc             ] GC(573) Pause Young (Allocation Failure) 764M->534M(757M) 5.351ms
[304.788s][info][gc,cpu         ] GC(573) User=0.01s Sys=0.00s Real=0.00s
[305.288s][info][gc,start       ] GC(574) Pause Young (Allocation Failure)
[305.295s][info][gc,heap        ] GC(574) PSYoungGen: 229408K(229888K)->2175K(220672K) Eden: 226816K(226816K)->0K(218112K) From: 2592K(3072K)->2175K(2560K)
[305.295s][info][gc,heap        ] GC(574) ParOldGen: 545158K(545280K)->545174K(545280K)
[305.295s][info][gc,metaspace   ] GC(574) Metaspace: 57077K(57408K)->57077K(57408K) NonClass: 51459K(51712K)->51459K(51712K) Class: 5618K(5696K)->5618K(5696K)
[305.295s][info][gc             ] GC(574) Pause Young (Allocation Failure) 756M->534M(748M) 7.296ms
[305.295s][info][gc,cpu         ] GC(574) User=0.01s Sys=0.00s Real=0.01s
[305.779s][info][gc,start       ] GC(575) Pause Young (Allocation Failure)
[305.785s][info][gc,heap        ] GC(575) PSYoungGen: 220287K(220672K)->3007K(212992K) Eden: 218112K(218112K)->0K(209920K) From: 2175K(2560K)->3007K(3072K)
[305.785s][info][gc,heap        ] GC(575) ParOldGen: 545174K(545280K)->545190K(545280K)
[305.785s][info][gc,metaspace   ] GC(575) Metaspace: 57077K(57408K)->57077K(57408K) NonClass: 51459K(51712K)->51459K(51712K) Class: 5618K(5696K)->5618K(5696K)
[305.785s][info][gc             ] GC(575) Pause Young (Allocation Failure) 747M->535M(740M) 5.355ms
[305.785s][info][gc,cpu         ] GC(575) User=0.01s Sys=0.00s Real=0.00s
[306.268s][info][gc,start       ] GC(576) Pause Young (Allocation Failure)
[306.272s][info][gc,heap        ] GC(576) PSYoungGen: 212927K(212992K)->2175K(204800K) Eden: 209920K(209920K)->0K(202240K) From: 3007K(3072K)->2175K(2560K)
[306.272s][info][gc,heap        ] GC(576) ParOldGen: 545190K(545280K)->545206K(545280K)
[306.272s][info][gc,metaspace   ] GC(576) Metaspace: 57077K(57408K)->57077K(57408K) NonClass: 51459K(51712K)->51459K(51712K) Class: 5618K(5696K)->5618K(5696K)
[306.272s][info][gc             ] GC(576) Pause Young (Allocation Failure) 740M->534M(732M) 4.481ms
[306.272s][info][gc,cpu         ] GC(576) User=0.00s Sys=0.01s Real=0.01s
[306.749s][info][gc,start       ] GC(577) Pause Young (Allocation Failure)
[306.751s][info][gc,heap        ] GC(577) PSYoungGen: 204415K(204800K)->320K(195584K) Eden: 202240K(202240K)->0K(195072K) From: 2175K(2560K)->320K(512K)
[306.751s][info][gc,heap        ] GC(577) ParOldGen: 545206K(545280K)->545222K(545280K)
[306.751s][info][gc,metaspace   ] GC(577) Metaspace: 57077K(57408K)->57077K(57408K) NonClass: 51459K(51712K)->51459K(51712K) Class: 5618K(5696K)->5618K(5696K)
[306.751s][info][gc             ] GC(577) Pause Young (Allocation Failure) 732M->532M(723M) 2.560ms
[306.751s][info][gc,cpu         ] GC(577) User=0.00s Sys=0.00s Real=0.01s
[307.169s][info][gc,start       ] GC(578) Pause Young (Allocation Failure)
[307.173s][info][gc,heap        ] GC(578) PSYoungGen: 195392K(195584K)->2367K(193024K) Eden: 195072K(195072K)->0K(187904K) From: 320K(512K)->2367K(5120K)
[307.173s][info][gc,heap        ] GC(578) ParOldGen: 545222K(545280K)->545238K(545280K)
[307.173s][info][gc,metaspace   ] GC(578) Metaspace: 57077K(57408K)->57077K(57408K) NonClass: 51459K(51712K)->51459K(51712K) Class: 5618K(5696K)->5618K(5696K)
[307.173s][info][gc             ] GC(578) Pause Young (Allocation Failure) 723M->534M(721M) 4.371ms
[307.173s][info][gc,cpu         ] GC(578) User=0.01s Sys=0.00s Real=0.00s
[307.575s][info][gc,start       ] GC(579) Pause Young (Allocation Failure)
[307.580s][info][gc,heap        ] GC(579) PSYoungGen: 190120K(193024K)->2496K(183808K) Eden: 187753K(187904K)->0K(181248K) From: 2367K(5120K)->2496K(2560K)
[307.580s][info][gc,heap        ] GC(579) ParOldGen: 545238K(545280K)->545254K(545280K)
[307.580s][info][gc,metaspace   ] GC(579) Metaspace: 57077K(57408K)->57077K(57408K) NonClass: 51459K(51712K)->51459K(51712K) Class: 5618K(5696K)->5618K(5696K)
[307.580s][info][gc             ] GC(579) Pause Young (Allocation Failure) 718M->534M(712M) 5.198ms
[307.580s][info][gc,cpu         ] GC(579) User=0.01s Sys=0.00s Real=0.01s
[307.985s][info][gc,start       ] GC(580) Pause Young (Allocation Failure)
[307.990s][info][gc,heap        ] GC(580) PSYoungGen: 183744K(183808K)->2560K(218112K) Eden: 181248K(181248K)->0K(215552K) From: 2496K(2560K)->2560K(2560K)
[307.990s][info][gc,heap        ] GC(580) ParOldGen: 545254K(545280K)->545270K(545280K)
[307.990s][info][gc,metaspace   ] GC(580) Metaspace: 57077K(57408K)->57077K(57408K) NonClass: 51459K(51712K)->51459K(51712K) Class: 5618K(5696K)->5618K(5696K)
[307.991s][info][gc             ] GC(580) Pause Young (Allocation Failure) 711M->534M(745M) 5.816ms
[307.991s][info][gc,cpu         ] GC(580) User=0.01s Sys=0.00s Real=0.01s
[308.468s][info][gc,start       ] GC(581) Pause Young (Allocation Failure)
[308.473s][info][gc,heap        ] GC(581) PSYoungGen: 218112K(218112K)->2144K(259072K) Eden: 215552K(215552K)->0K(256512K) From: 2560K(2560K)->2144K(2560K)
[308.473s][info][gc,heap        ] GC(581) ParOldGen: 545270K(545280K)->545286K(545792K)
[308.473s][info][gc,metaspace   ] GC(581) Metaspace: 57077K(57408K)->57077K(57408K) NonClass: 51459K(51712K)->51459K(51712K) Class: 5618K(5696K)->5618K(5696K)
[308.473s][info][gc             ] GC(581) Pause Young (Allocation Failure) 745M->534M(786M) 4.678ms
[308.473s][info][gc,cpu         ] GC(581) User=0.01s Sys=0.00s Real=0.01s
[309.068s][info][gc,start       ] GC(582) Pause Young (Allocation Failure)
[309.075s][info][gc,heap        ] GC(582) PSYoungGen: 258656K(259072K)->2015K(278016K) Eden: 256512K(256512K)->0K(273408K) From: 2144K(2560K)->2015K(4608K)
[309.075s][info][gc,heap        ] GC(582) ParOldGen: 545286K(545792K)->545302K(545792K)
[309.075s][info][gc,metaspace   ] GC(582) Metaspace: 57077K(57408K)->57077K(57408K) NonClass: 51459K(51712K)->51459K(51712K) Class: 5618K(5696K)->5618K(5696K)
[309.075s][info][gc             ] GC(582) Pause Young (Allocation Failure) 785M->534M(804M) 6.933ms
[309.075s][info][gc,cpu         ] GC(582) User=0.01s Sys=0.00s Real=0.01s
[309.670s][info][gc,start       ] GC(583) Pause Young (Allocation Failure)
[309.676s][info][gc,heap        ] GC(583) PSYoungGen: 275423K(278016K)->2207K(309248K) Eden: 273408K(273408K)->0K(305152K) From: 2015K(4608K)->2207K(4096K)
[309.676s][info][gc,heap        ] GC(583) ParOldGen: 545302K(545792K)->545318K(545792K)
[309.676s][info][gc,metaspace   ] GC(583) Metaspace: 57077K(57408K)->57077K(57408K) NonClass: 51459K(51712K)->51459K(51712K) Class: 5618K(5696K)->5618K(5696K)
[309.676s][info][gc             ] GC(583) Pause Young (Allocation Failure) 801M->534M(835M) 5.251ms
[309.676s][info][gc,cpu         ] GC(583) User=0.01s Sys=0.00s Real=0.00s
[310.387s][info][gc,start       ] GC(584) Pause Young (Allocation Failure)
[310.405s][info][gc,heap        ] GC(584) PSYoungGen: 307359K(309248K)->1728K(309248K) Eden: 305152K(305152K)->0K(305152K) From: 2207K(4096K)->1728K(4096K)
[310.405s][info][gc,heap        ] GC(584) ParOldGen: 545318K(545792K)->545334K(545792K)
[310.405s][info][gc,metaspace   ] GC(584) Metaspace: 57077K(57408K)->57077K(57408K) NonClass: 51459K(51712K)->51459K(51712K) Class: 5618K(5696K)->5618K(5696K)
[310.405s][info][gc             ] GC(584) Pause Young (Allocation Failure) 832M->534M(835M) 17.866ms
[310.405s][info][gc,cpu         ] GC(584) User=0.01s Sys=0.00s Real=0.02s
[311.064s][info][gc,start       ] GC(585) Pause Young (Allocation Failure)
[311.069s][info][gc,heap        ] GC(585) PSYoungGen: 306880K(309248K)->1920K(329728K) Eden: 305152K(305152K)->0K(325632K) From: 1728K(4096K)->1920K(4096K)
[311.069s][info][gc,heap        ] GC(585) ParOldGen: 545334K(545792K)->545350K(545792K)
[311.069s][info][gc,metaspace   ] GC(585) Metaspace: 57077K(57408K)->57077K(57408K) NonClass: 51459K(51712K)->51459K(51712K) Class: 5618K(5696K)->5618K(5696K)
[311.069s][info][gc             ] GC(585) Pause Young (Allocation Failure) 832M->534M(855M) 5.394ms
[311.069s][info][gc,cpu         ] GC(585) User=0.01s Sys=0.00s Real=0.01s
[311.800s][info][gc,start       ] GC(586) Pause Young (Allocation Failure)
[311.806s][info][gc,heap        ] GC(586) PSYoungGen: 327552K(329728K)->2879K(329728K) Eden: 325632K(325632K)->0K(325632K) From: 1920K(4096K)->2879K(4096K)
[311.806s][info][gc,heap        ] GC(586) ParOldGen: 545350K(545792K)->545366K(545792K)
[311.806s][info][gc,metaspace   ] GC(586) Metaspace: 57077K(57408K)->57077K(57408K) NonClass: 51459K(51712K)->51459K(51712K) Class: 5618K(5696K)->5618K(5696K)
[311.806s][info][gc             ] GC(586) Pause Young (Allocation Failure) 852M->535M(855M) 6.049ms
[311.806s][info][gc,cpu         ] GC(586) User=0.01s Sys=0.00s Real=0.00s
[312.502s][info][gc,start       ] GC(587) Pause Young (Allocation Failure)
[312.504s][info][gc,heap        ] GC(587) PSYoungGen: 328280K(329728K)->768K(313344K) Eden: 325400K(325632K)->0K(312320K) From: 2879K(4096K)->768K(1024K)
[312.504s][info][gc,heap        ] GC(587) ParOldGen: 545366K(545792K)->545382K(545792K)
[312.504s][info][gc,metaspace   ] GC(587) Metaspace: 57077K(57408K)->57077K(57408K) NonClass: 51459K(51712K)->51459K(51712K) Class: 5618K(5696K)->5618K(5696K)
[312.505s][info][gc             ] GC(587) Pause Young (Allocation Failure) 853M->533M(839M) 3.005ms
[312.505s][info][gc,cpu         ] GC(587) User=0.01s Sys=0.00s Real=0.00s
[313.194s][info][gc,start       ] GC(588) Pause Young (Allocation Failure)
[313.197s][info][gc,heap        ] GC(588) PSYoungGen: 313051K(313344K)->1440K(301056K) Eden: 312283K(312320K)->0K(299520K) From: 768K(1024K)->1440K(1536K)
[313.197s][info][gc,heap        ] GC(588) ParOldGen: 545382K(545792K)->545398K(545792K)
[313.197s][info][gc,metaspace   ] GC(588) Metaspace: 57077K(57408K)->57077K(57408K) NonClass: 51459K(51712K)->51459K(51712K) Class: 5618K(5696K)->5618K(5696K)
[313.197s][info][gc             ] GC(588) Pause Young (Allocation Failure) 838M->534M(827M) 3.849ms
[313.197s][info][gc,cpu         ] GC(588) User=0.00s Sys=0.00s Real=0.00s
[313.876s][info][gc,start       ] GC(589) Pause Young (Allocation Failure)
[313.881s][info][gc,heap        ] GC(589) PSYoungGen: 300960K(301056K)->2496K(290304K) Eden: 299520K(299520K)->0K(287744K) From: 1440K(1536K)->2496K(2560K)
[313.881s][info][gc,heap        ] GC(589) ParOldGen: 545398K(545792K)->545414K(545792K)
[313.881s][info][gc,metaspace   ] GC(589) Metaspace: 57077K(57408K)->57077K(57408K) NonClass: 51459K(51712K)->51459K(51712K) Class: 5618K(5696K)->5618K(5696K)
[313.881s][info][gc             ] GC(589) Pause Young (Allocation Failure) 826M->535M(816M) 5.117ms
[313.881s][info][gc,cpu         ] GC(589) User=0.01s Sys=0.00s Real=0.01s
[314.550s][info][gc,start       ] GC(590) Pause Young (Allocation Failure)
[314.553s][info][gc,heap        ] GC(590) PSYoungGen: 290240K(290304K)->478K(276992K) Eden: 287744K(287744K)->0K(276480K) From: 2496K(2560K)->478K(512K)
[314.553s][info][gc,heap        ] GC(590) ParOldGen: 545414K(545792K)->545430K(545792K)
[314.553s][info][gc,metaspace   ] GC(590) Metaspace: 57077K(57408K)->57077K(57408K) NonClass: 51459K(51712K)->51459K(51712K) Class: 5618K(5696K)->5618K(5696K)
[314.553s][info][gc             ] GC(590) Pause Young (Allocation Failure) 816M->533M(803M) 2.576ms
[314.553s][info][gc,cpu         ] GC(590) User=0.00s Sys=0.00s Real=0.00s
[315.155s][info][gc,start       ] GC(591) Pause Young (Allocation Failure)
[315.158s][info][gc,heap        ] GC(591) PSYoungGen: 276958K(276992K)->1056K(267264K) Eden: 276480K(276480K)->0K(265728K) From: 478K(512K)->1056K(1536K)
[315.158s][info][gc,heap        ] GC(591) ParOldGen: 545430K(545792K)->545446K(545792K)
[315.158s][info][gc,metaspace   ] GC(591) Metaspace: 57077K(57408K)->57077K(57408K) NonClass: 51459K(51712K)->51459K(51712K) Class: 5618K(5696K)->5618K(5696K)
[315.158s][info][gc             ] GC(591) Pause Young (Allocation Failure) 803M->533M(794M) 3.302ms
[315.158s][info][gc,cpu         ] GC(591) User=0.01s Sys=0.00s Real=0.00s
[315.753s][info][gc,start       ] GC(592) Pause Young (Allocation Failure)
[315.757s][info][gc,heap        ] GC(592) PSYoungGen: 266784K(267264K)->4087K(259584K) Eden: 265728K(265728K)->0K(255488K) From: 1056K(1536K)->4087K(4096K)
[315.757s][info][gc,heap        ] GC(592) ParOldGen: 545446K(545792K)->546086K(546304K)
[315.757s][info][gc,metaspace   ] GC(592) Metaspace: 57077K(57408K)->57077K(57408K) NonClass: 51459K(51712K)->51459K(51712K) Class: 5618K(5696K)->5618K(5696K)
[315.757s][info][gc             ] GC(592) Pause Young (Allocation Failure) 793M->537M(787M) 3.987ms
[315.757s][info][gc,cpu         ] GC(592) User=0.00s Sys=0.00s Real=0.00s
[316.289s][info][gc,start       ] GC(593) Pause Young (Allocation Failure)
[316.295s][info][gc,heap        ] GC(593) PSYoungGen: 259260K(259584K)->1600K(247808K) Eden: 255173K(255488K)->0K(245760K) From: 4087K(4096K)->1600K(2048K)
[316.295s][info][gc,heap        ] GC(593) ParOldGen: 546086K(546304K)->549273K(549376K)
[316.295s][info][gc,metaspace   ] GC(593) Metaspace: 57077K(57408K)->57077K(57408K) NonClass: 51459K(51712K)->51459K(51712K) Class: 5618K(5696K)->5618K(5696K)
[316.295s][info][gc             ] GC(593) Pause Young (Allocation Failure) 786M->537M(778M) 6.137ms
[316.295s][info][gc,cpu         ] GC(593) User=0.00s Sys=0.01s Real=0.01s
[316.862s][info][gc,start       ] GC(594) Pause Young (Allocation Failure)
[316.866s][info][gc,heap        ] GC(594) PSYoungGen: 247360K(247808K)->2048K(238592K) Eden: 245760K(245760K)->0K(236544K) From: 1600K(2048K)->2048K(2048K)
[316.866s][info][gc,heap        ] GC(594) ParOldGen: 549273K(549376K)->549289K(549376K)
[316.866s][info][gc,metaspace   ] GC(594) Metaspace: 57077K(57408K)->57077K(57408K) NonClass: 51459K(51712K)->51459K(51712K) Class: 5618K(5696K)->5618K(5696K)
[316.866s][info][gc             ] GC(594) Pause Young (Allocation Failure) 777M->538M(769M) 4.604ms
[316.866s][info][gc,cpu         ] GC(594) User=0.01s Sys=0.00s Real=0.00s
[317.374s][info][gc,start       ] GC(595) Pause Young (Allocation Failure)
[317.380s][info][gc,heap        ] GC(595) PSYoungGen: 238583K(238592K)->2912K(230912K) Eden: 236535K(236544K)->0K(227840K) From: 2048K(2048K)->2912K(3072K)
[317.380s][info][gc,heap        ] GC(595) ParOldGen: 549289K(549376K)->549305K(549376K)
[317.380s][info][gc,metaspace   ] GC(595) Metaspace: 57077K(57408K)->57077K(57408K) NonClass: 51459K(51712K)->51459K(51712K) Class: 5618K(5696K)->5618K(5696K)
[317.380s][info][gc             ] GC(595) Pause Young (Allocation Failure) 769M->539M(762M) 5.515ms
[317.380s][info][gc,cpu         ] GC(595) User=0.01s Sys=0.00s Real=0.01s
[317.886s][info][gc,start       ] GC(596) Pause Young (Allocation Failure)
[317.891s][info][gc,heap        ] GC(596) PSYoungGen: 230752K(230912K)->2623K(222208K) Eden: 227840K(227840K)->0K(219136K) From: 2912K(3072K)->2623K(3072K)
[317.891s][info][gc,heap        ] GC(596) ParOldGen: 549305K(549376K)->549321K(549376K)
[317.891s][info][gc,metaspace   ] GC(596) Metaspace: 57077K(57408K)->57077K(57408K) NonClass: 51459K(51712K)->51459K(51712K) Class: 5618K(5696K)->5618K(5696K)
[317.891s][info][gc             ] GC(596) Pause Young (Allocation Failure) 761M->539M(753M) 5.051ms
[317.891s][info][gc,cpu         ] GC(596) User=0.01s Sys=0.00s Real=0.01s
[318.378s][info][gc,start       ] GC(597) Pause Young (Allocation Failure)
[318.383s][info][gc,heap        ] GC(597) PSYoungGen: 221759K(222208K)->2655K(214016K) Eden: 219136K(219136K)->0K(210944K) From: 2623K(3072K)->2655K(3072K)
[318.383s][info][gc,heap        ] GC(597) ParOldGen: 549321K(549376K)->549337K(549376K)
[318.383s][info][gc,metaspace   ] GC(597) Metaspace: 57077K(57408K)->57077K(57408K) NonClass: 51459K(51712K)->51459K(51712K) Class: 5618K(5696K)->5618K(5696K)
[318.383s][info][gc             ] GC(597) Pause Young (Allocation Failure) 753M->539M(745M) 4.820ms
[318.383s][info][gc,cpu         ] GC(597) User=0.00s Sys=0.00s Real=0.01s
[318.869s][info][gc,start       ] GC(598) Pause Young (Allocation Failure)
[318.874s][info][gc,heap        ] GC(598) PSYoungGen: 213599K(214016K)->2432K(205824K) Eden: 210944K(210944K)->0K(203264K) From: 2655K(3072K)->2432K(2560K)
[318.874s][info][gc,heap        ] GC(598) ParOldGen: 549337K(549376K)->549353K(549376K)
[318.874s][info][gc,metaspace   ] GC(598) Metaspace: 57077K(57408K)->57077K(57408K) NonClass: 51459K(51712K)->51459K(51712K) Class: 5618K(5696K)->5618K(5696K)
[318.874s][info][gc             ] GC(598) Pause Young (Allocation Failure) 745M->538M(737M) 5.039ms
[318.874s][info][gc,cpu         ] GC(598) User=0.01s Sys=0.00s Real=0.00s
[319.299s][info][gc,start       ] GC(599) Pause Young (Allocation Failure)
[319.302s][info][gc,heap        ] GC(599) PSYoungGen: 205696K(205824K)->639K(197120K) Eden: 203264K(203264K)->0K(196096K) From: 2432K(2560K)->639K(1024K)
[319.302s][info][gc,heap        ] GC(599) ParOldGen: 549353K(549376K)->549369K(549376K)
[319.302s][info][gc,metaspace   ] GC(599) Metaspace: 57077K(57408K)->57077K(57408K) NonClass: 51459K(51712K)->51459K(51712K) Class: 5618K(5696K)->5618K(5696K)
[319.302s][info][gc             ] GC(599) Pause Young (Allocation Failure) 737M->537M(729M) 2.724ms
[319.302s][info][gc,cpu         ] GC(599) User=0.00s Sys=0.00s Real=0.00s
[319.836s][info][gc,start       ] GC(600) Pause Young (Allocation Failure)
[319.841s][info][gc,heap        ] GC(600) PSYoungGen: 196735K(197120K)->2559K(191488K) Eden: 196096K(196096K)->0K(188928K) From: 639K(1024K)->2559K(2560K)
[319.841s][info][gc,heap        ] GC(600) ParOldGen: 549369K(549376K)->549385K(549888K)
[319.841s][info][gc,metaspace   ] GC(600) Metaspace: 57077K(57408K)->57077K(57408K) NonClass: 51459K(51712K)->51459K(51712K) Class: 5618K(5696K)->5618K(5696K)
[319.841s][info][gc             ] GC(600) Pause Young (Allocation Failure) 728M->539M(724M) 4.768ms
[319.841s][info][gc,cpu         ] GC(600) User=0.01s Sys=0.00s Real=0.01s
[320.176s][info][gc,start       ] GC(601) Pause Young (Allocation Failure)
[320.181s][info][gc,heap        ] GC(601) PSYoungGen: 191487K(191488K)->2623K(227840K) Eden: 188928K(188928K)->0K(224768K) From: 2559K(2560K)->2623K(3072K)
[320.181s][info][gc,heap        ] GC(601) ParOldGen: 549385K(549888K)->549401K(549888K)
[320.181s][info][gc,metaspace   ] GC(601) Metaspace: 57077K(57408K)->57077K(57408K) NonClass: 51459K(51712K)->51459K(51712K) Class: 5618K(5696K)->5618K(5696K)
[320.181s][info][gc             ] GC(601) Pause Young (Allocation Failure) 723M->539M(759M) 5.440ms
[320.181s][info][gc,cpu         ] GC(601) User=0.01s Sys=0.00s Real=0.01s
[320.685s][info][gc,start       ] GC(602) Pause Young (Allocation Failure)
[320.691s][info][gc,heap        ] GC(602) PSYoungGen: 227391K(227840K)->2112K(269824K) Eden: 224768K(224768K)->0K(267264K) From: 2623K(3072K)->2112K(2560K)
[320.691s][info][gc,heap        ] GC(602) ParOldGen: 549401K(549888K)->549417K(549888K)
[320.691s][info][gc,metaspace   ] GC(602) Metaspace: 57077K(57408K)->57077K(57408K) NonClass: 51459K(51712K)->51459K(51712K) Class: 5618K(5696K)->5618K(5696K)
[320.691s][info][gc             ] GC(602) Pause Young (Allocation Failure) 758M->538M(800M) 6.146ms
[320.691s][info][gc,cpu         ] GC(602) User=0.01s Sys=0.00s Real=0.01s
[321.315s][info][gc,start       ] GC(603) Pause Young (Allocation Failure)
[321.334s][info][gc,heap        ] GC(603) PSYoungGen: 269295K(269824K)->3872K(301568K) Eden: 267183K(267264K)->0K(297472K) From: 2112K(2560K)->3872K(4096K)
[321.334s][info][gc,heap        ] GC(603) ParOldGen: 549417K(549888K)->549433K(549888K)
[321.334s][info][gc,metaspace   ] GC(603) Metaspace: 57077K(57408K)->57077K(57408K) NonClass: 51459K(51712K)->51459K(51712K) Class: 5618K(5696K)->5618K(5696K)
[321.334s][info][gc             ] GC(603) Pause Young (Allocation Failure) 799M->540M(831M) 19.098ms
[321.334s][info][gc,cpu         ] GC(603) User=0.02s Sys=0.00s Real=0.02s
[321.959s][info][gc,start       ] GC(604) Pause Young (Allocation Failure)
[321.963s][info][gc,heap        ] GC(604) PSYoungGen: 301344K(301568K)->1607K(302080K) Eden: 297472K(297472K)->0K(297472K) From: 3872K(4096K)->1607K(4608K)
[321.963s][info][gc,heap        ] GC(604) ParOldGen: 549433K(549888K)->549449K(549888K)
[321.963s][info][gc,metaspace   ] GC(604) Metaspace: 57077K(57408K)->57077K(57408K) NonClass: 51459K(51712K)->51459K(51712K) Class: 5618K(5696K)->5618K(5696K)
[321.963s][info][gc             ] GC(604) Pause Young (Allocation Failure) 830M->538M(832M) 3.716ms
[321.963s][info][gc,cpu         ] GC(604) User=0.01s Sys=0.00s Real=0.00s
[322.584s][info][gc,start       ] GC(605) Pause Young (Allocation Failure)
[322.590s][info][gc,heap        ] GC(605) PSYoungGen: 299079K(302080K)->2431K(329216K) Eden: 297472K(297472K)->0K(324608K) From: 1607K(4608K)->2431K(4608K)
[322.590s][info][gc,heap        ] GC(605) ParOldGen: 549449K(549888K)->549465K(549888K)
[322.590s][info][gc,metaspace   ] GC(605) Metaspace: 57077K(57408K)->57077K(57408K) NonClass: 51459K(51712K)->51459K(51712K) Class: 5618K(5696K)->5618K(5696K)
[322.590s][info][gc             ] GC(605) Pause Young (Allocation Failure) 828M->538M(858M) 5.826ms
[322.590s][info][gc,cpu         ] GC(605) User=0.00s Sys=0.00s Real=0.01s
[323.355s][info][gc,start       ] GC(606) Pause Young (Allocation Failure)
[323.358s][info][gc,heap        ] GC(606) PSYoungGen: 327039K(329216K)->936K(329216K) Eden: 324608K(324608K)->0K(324608K) From: 2431K(4608K)->936K(4608K)
[323.359s][info][gc,heap        ] GC(606) ParOldGen: 549465K(549888K)->549481K(549888K)
[323.359s][info][gc,metaspace   ] GC(606) Metaspace: 57077K(57408K)->57077K(57408K) NonClass: 51459K(51712K)->51459K(51712K) Class: 5618K(5696K)->5618K(5696K)
[323.359s][info][gc             ] GC(606) Pause Young (Allocation Failure) 855M->537M(858M) 3.235ms
[323.359s][info][gc,cpu         ] GC(606) User=0.00s Sys=0.00s Real=0.00s
[324.068s][info][gc,start       ] GC(607) Pause Young (Allocation Failure)
[324.072s][info][gc,heap        ] GC(607) PSYoungGen: 325467K(329216K)->2080K(313856K) Eden: 324531K(324608K)->0K(311296K) From: 936K(4608K)->2080K(2560K)
[324.072s][info][gc,heap        ] GC(607) ParOldGen: 549481K(549888K)->549497K(549888K)
[324.073s][info][gc,metaspace   ] GC(607) Metaspace: 57077K(57408K)->57077K(57408K) NonClass: 51459K(51712K)->51459K(51712K) Class: 5618K(5696K)->5618K(5696K)
[324.073s][info][gc             ] GC(607) Pause Young (Allocation Failure) 854M->538M(843M) 4.476ms
[324.073s][info][gc,cpu         ] GC(607) User=0.01s Sys=0.00s Real=0.01s
[327.164s][info][gc,start       ] GC(608) Pause Young (Allocation Failure)
[327.236s][info][gc,heap        ] GC(608) PSYoungGen: 313376K(313856K)->4089K(327680K) Eden: 311296K(311296K)->0K(323584K) From: 2080K(2560K)->4089K(4096K)
[327.236s][info][gc,heap        ] GC(608) ParOldGen: 549497K(549888K)->639017K(639488K)
[327.236s][info][gc,metaspace   ] GC(608) Metaspace: 57290K(57600K)->57290K(57600K) NonClass: 51672K(51904K)->51672K(51904K) Class: 5618K(5696K)->5618K(5696K)
[327.236s][info][gc             ] GC(608) Pause Young (Allocation Failure) 842M->628M(944M) 71.417ms
[327.236s][info][gc,cpu         ] GC(608) User=0.08s Sys=0.06s Real=0.07s
[327.782s][info][gc,start       ] GC(609) Pause Full (Allocation Failure)
[327.782s][info][gc,phases,start] GC(609) Marking Phase
[327.830s][info][gc,phases      ] GC(609) Marking Phase 48.016ms
[327.830s][info][gc,phases,start] GC(609) Summary Phase
[327.830s][info][gc,phases      ] GC(609) Summary Phase 0.033ms
[327.830s][info][gc,phases,start] GC(609) Forward
[327.837s][info][gc,phases      ] GC(609) Forward 6.797ms
[327.837s][info][gc,phases,start] GC(609) Adjust Pointers
[327.860s][info][gc,phases      ] GC(609) Adjust Pointers 23.240ms
[327.860s][info][gc,phases,start] GC(609) Compaction Phase
[327.882s][info][gc,phases      ] GC(609) Compaction Phase 21.382ms
[327.882s][info][gc,phases,start] GC(609) Post Compact
[327.886s][info][gc,phases      ] GC(609) Post Compact 4.263ms
[327.909s][info][gc,heap        ] GC(609) PSYoungGen: 327673K(327680K)->0K(264192K) Eden: 323584K(323584K)->0K(258048K) From: 4089K(4096K)->0K(6144K)
[327.909s][info][gc,heap        ] GC(609) ParOldGen: 639017K(639488K)->286380K(391680K)
[327.909s][info][gc,metaspace   ] GC(609) Metaspace: 57290K(57600K)->57290K(57600K) NonClass: 51672K(51904K)->51672K(51904K) Class: 5618K(5696K)->5618K(5696K)
[327.909s][info][gc             ] GC(609) Pause Full (Allocation Failure) 944M->279M(640M) 126.830ms
[327.909s][info][gc,cpu         ] GC(609) User=0.16s Sys=0.03s Real=0.13s
[328.375s][info][gc,start       ] GC(610) Pause Young (Allocation Failure)
[328.380s][info][gc,heap        ] GC(610) PSYoungGen: 258048K(264192K)->3103K(295936K) Eden: 258048K(258048K)->0K(258048K) From: 0K(6144K)->3103K(37888K)
[328.380s][info][gc,heap        ] GC(610) ParOldGen: 286380K(391680K)->286380K(391680K)
[328.380s][info][gc,metaspace   ] GC(610) Metaspace: 57290K(57600K)->57290K(57600K) NonClass: 51672K(51904K)->51672K(51904K) Class: 5618K(5696K)->5618K(5696K)
[328.380s][info][gc             ] GC(610) Pause Young (Allocation Failure) 531M->282M(671M) 4.799ms
[328.380s][info][gc,cpu         ] GC(610) User=0.01s Sys=0.00s Real=0.01s
[328.965s][info][gc,start       ] GC(611) Pause Young (Allocation Failure)
[328.970s][info][gc,heap        ] GC(611) PSYoungGen: 261151K(295936K)->1952K(270336K) Eden: 258048K(258048K)->0K(248320K) From: 3103K(37888K)->1952K(22016K)
[328.970s][info][gc,heap        ] GC(611) ParOldGen: 286380K(391680K)->286428K(391680K)
[328.970s][info][gc,metaspace   ] GC(611) Metaspace: 57290K(57600K)->57290K(57600K) NonClass: 51672K(51904K)->51672K(51904K) Class: 5618K(5696K)->5618K(5696K)
[328.970s][info][gc             ] GC(611) Pause Young (Allocation Failure) 534M->281M(646M) 4.741ms
[328.970s][info][gc,cpu         ] GC(611) User=0.01s Sys=0.00s Real=0.01s
[329.503s][info][gc,start       ] GC(612) Pause Young (Allocation Failure)
[329.506s][info][gc,heap        ] GC(612) PSYoungGen: 250272K(270336K)->639K(240128K) Eden: 248320K(248320K)->0K(239104K) From: 1952K(22016K)->639K(1024K)
[329.506s][info][gc,heap        ] GC(612) ParOldGen: 286428K(391680K)->286444K(391680K)
[329.506s][info][gc,metaspace   ] GC(612) Metaspace: 57290K(57600K)->57290K(57600K) NonClass: 51672K(51904K)->51672K(51904K) Class: 5618K(5696K)->5618K(5696K)
[329.506s][info][gc             ] GC(612) Pause Young (Allocation Failure) 524M->280M(617M) 2.982ms
[329.506s][info][gc,cpu         ] GC(612) User=0.00s Sys=0.00s Real=0.00s
[330.065s][info][gc,start       ] GC(613) Pause Young (Allocation Failure)
[330.069s][info][gc,heap        ] GC(613) PSYoungGen: 239743K(240128K)->2239K(253952K) Eden: 239104K(239104K)->0K(230400K) From: 639K(1024K)->2239K(23552K)
[330.069s][info][gc,heap        ] GC(613) ParOldGen: 286444K(391680K)->286460K(391680K)
[330.069s][info][gc,metaspace   ] GC(613) Metaspace: 57290K(57600K)->57290K(57600K) NonClass: 51672K(51904K)->51672K(51904K) Class: 5618K(5696K)->5618K(5696K)
[330.069s][info][gc             ] GC(613) Pause Young (Allocation Failure) 513M->281M(630M) 4.597ms
[330.069s][info][gc,cpu         ] GC(613) User=0.00s Sys=0.00s Real=0.01s
[330.569s][info][gc,start       ] GC(614) Pause Young (Allocation Failure)
[330.575s][info][gc,heap        ] GC(614) PSYoungGen: 232639K(253952K)->3167K(225280K) Eden: 230400K(230400K)->0K(221696K) From: 2239K(23552K)->3167K(3584K)
[330.575s][info][gc,heap        ] GC(614) ParOldGen: 286460K(391680K)->286476K(391680K)
[330.575s][info][gc,metaspace   ] GC(614) Metaspace: 57290K(57600K)->57290K(57600K) NonClass: 51672K(51904K)->51672K(51904K) Class: 5618K(5696K)->5618K(5696K)
[330.575s][info][gc             ] GC(614) Pause Young (Allocation Failure) 506M->282M(602M) 5.822ms
[330.575s][info][gc,cpu         ] GC(614) User=0.01s Sys=0.01s Real=0.00s
[331.072s][info][gc,start       ] GC(615) Pause Young (Allocation Failure)
[331.077s][info][gc,heap        ] GC(615) PSYoungGen: 224863K(225280K)->3135K(233472K) Eden: 221696K(221696K)->0K(213504K) From: 3167K(3584K)->3135K(19968K)
[331.077s][info][gc,heap        ] GC(615) ParOldGen: 286476K(391680K)->286492K(391680K)
[331.078s][info][gc,metaspace   ] GC(615) Metaspace: 57290K(57600K)->57290K(57600K) NonClass: 51672K(51904K)->51672K(51904K) Class: 5618K(5696K)->5618K(5696K)
[331.078s][info][gc             ] GC(615) Pause Young (Allocation Failure) 499M->282M(610M) 5.687ms
[331.078s][info][gc,cpu         ] GC(615) User=0.01s Sys=0.01s Real=0.00s
[331.564s][info][gc,start       ] GC(616) Pause Young (Allocation Failure)
[331.568s][info][gc,heap        ] GC(616) PSYoungGen: 216639K(233472K)->2143K(208384K) Eden: 213504K(213504K)->0K(205824K) From: 3135K(19968K)->2143K(2560K)
[331.568s][info][gc,heap        ] GC(616) ParOldGen: 286492K(391680K)->286508K(391680K)
[331.568s][info][gc,metaspace   ] GC(616) Metaspace: 57290K(57600K)->57290K(57600K) NonClass: 51672K(51904K)->51672K(51904K) Class: 5618K(5696K)->5618K(5696K)
[331.568s][info][gc             ] GC(616) Pause Young (Allocation Failure) 491M->281M(586M) 4.437ms
[331.568s][info][gc,cpu         ] GC(616) User=0.01s Sys=0.00s Real=0.00s
[332.091s][info][gc,start       ] GC(617) Pause Young (Allocation Failure)
[332.110s][info][gc,heap        ] GC(617) PSYoungGen: 207967K(208384K)->800K(235008K) Eden: 205824K(205824K)->0K(206848K) From: 2143K(2560K)->800K(28160K)
[332.110s][info][gc,heap        ] GC(617) ParOldGen: 286508K(391680K)->286524K(391680K)
[332.110s][info][gc,metaspace   ] GC(617) Metaspace: 57290K(57600K)->57290K(57600K) NonClass: 51672K(51904K)->51672K(51904K) Class: 5618K(5696K)->5618K(5696K)
[332.110s][info][gc             ] GC(617) Pause Young (Allocation Failure) 482M->280M(612M) 18.678ms
[332.110s][info][gc,cpu         ] GC(617) User=0.01s Sys=0.00s Real=0.02s
[332.477s][info][gc,start       ] GC(618) Pause Young (Allocation Failure)
[332.482s][info][gc,heap        ] GC(618) PSYoungGen: 207648K(235008K)->3263K(233984K) Eden: 206848K(206848K)->0K(206848K) From: 800K(28160K)->3263K(27136K)
[332.482s][info][gc,heap        ] GC(618) ParOldGen: 286524K(391680K)->286540K(391680K)
[332.482s][info][gc,metaspace   ] GC(618) Metaspace: 57290K(57600K)->57290K(57600K) NonClass: 51672K(51904K)->51672K(51904K) Class: 5618K(5696K)->5618K(5696K)
[332.482s][info][gc             ] GC(618) Pause Young (Allocation Failure) 482M->283M(611M) 5.027ms
[332.482s][info][gc,cpu         ] GC(618) User=0.01s Sys=0.01s Real=0.01s
[332.963s][info][gc,start       ] GC(619) Pause Young (Allocation Failure)
[332.967s][info][gc,heap        ] GC(619) PSYoungGen: 210111K(233984K)->1440K(269312K) Eden: 206848K(206848K)->0K(246272K) From: 3263K(27136K)->1440K(23040K)
[332.967s][info][gc,heap        ] GC(619) ParOldGen: 286540K(391680K)->286556K(391680K)
[332.967s][info][gc,metaspace   ] GC(619) Metaspace: 57290K(57600K)->57290K(57600K) NonClass: 51672K(51904K)->51672K(51904K) Class: 5618K(5696K)->5618K(5696K)
[332.967s][info][gc             ] GC(619) Pause Young (Allocation Failure) 485M->281M(645M) 4.196ms
[332.967s][info][gc,cpu         ] GC(619) User=0.01s Sys=0.00s Real=0.00s
[333.493s][info][gc,start       ] GC(620) Pause Young (Allocation Failure)
[333.496s][info][gc,heap        ] GC(620) PSYoungGen: 247619K(269312K)->1216K(270848K) Eden: 246179K(246272K)->0K(246272K) From: 1440K(23040K)->1216K(24576K)
[333.496s][info][gc,heap        ] GC(620) ParOldGen: 286556K(391680K)->286572K(391680K)
[333.496s][info][gc,metaspace   ] GC(620) Metaspace: 57290K(57600K)->57290K(57600K) NonClass: 51672K(51904K)->51672K(51904K) Class: 5618K(5696K)->5618K(5696K)
[333.496s][info][gc             ] GC(620) Pause Young (Allocation Failure) 521M->281M(647M) 3.033ms
[333.496s][info][gc,cpu         ] GC(620) User=0.00s Sys=0.00s Real=0.00s
[334.069s][info][gc,start       ] GC(621) Pause Young (Allocation Failure)
[334.074s][info][gc,heap        ] GC(621) PSYoungGen: 247488K(270848K)->2240K(307200K) Eden: 246272K(246272K)->0K(286208K) From: 1216K(24576K)->2240K(20992K)
[334.074s][info][gc,heap        ] GC(621) ParOldGen: 286572K(391680K)->286588K(391680K)
[334.074s][info][gc,metaspace   ] GC(621) Metaspace: 57290K(57600K)->57290K(57600K) NonClass: 51672K(51904K)->51672K(51904K) Class: 5618K(5696K)->5618K(5696K)
[334.074s][info][gc             ] GC(621) Pause Young (Allocation Failure) 521M->282M(682M) 5.105ms
[334.074s][info][gc,cpu         ] GC(621) User=0.01s Sys=0.01s Real=0.00s
[334.697s][info][gc,start       ] GC(622) Pause Young (Allocation Failure)
[334.701s][info][gc,heap        ] GC(622) PSYoungGen: 288448K(307200K)->2271K(308224K) Eden: 286208K(286208K)->0K(286208K) From: 2240K(20992K)->2271K(22016K)
[334.701s][info][gc,heap        ] GC(622) ParOldGen: 286588K(391680K)->286604K(391680K)
[334.701s][info][gc,metaspace   ] GC(622) Metaspace: 57290K(57600K)->57290K(57600K) NonClass: 51672K(51904K)->51672K(51904K) Class: 5618K(5696K)->5618K(5696K)
[334.701s][info][gc             ] GC(622) Pause Young (Allocation Failure) 561M->282M(683M) 4.649ms
[334.701s][info][gc,cpu         ] GC(622) User=0.01s Sys=0.00s Real=0.01s
[335.356s][info][gc,start       ] GC(623) Pause Young (Allocation Failure)
[335.359s][info][gc,heap        ] GC(623) PSYoungGen: 288479K(308224K)->1152K(277504K) Eden: 286208K(286208K)->0K(274944K) From: 2271K(22016K)->1152K(2560K)
[335.359s][info][gc,heap        ] GC(623) ParOldGen: 286604K(391680K)->286620K(391680K)
[335.359s][info][gc,metaspace   ] GC(623) Metaspace: 57290K(57600K)->57290K(57600K) NonClass: 51672K(51904K)->51672K(51904K) Class: 5618K(5696K)->5618K(5696K)
[335.359s][info][gc             ] GC(623) Pause Young (Allocation Failure) 561M->281M(653M) 3.406ms
[335.359s][info][gc,cpu         ] GC(623) User=0.00s Sys=0.00s Real=0.01s
[335.960s][info][gc,start       ] GC(624) Pause Young (Allocation Failure)
[335.964s][info][gc,heap        ] GC(624) PSYoungGen: 276096K(277504K)->2047K(266240K) Eden: 274944K(274944K)->0K(264192K) From: 1152K(2560K)->2047K(2048K)
[335.964s][info][gc,heap        ] GC(624) ParOldGen: 286620K(391680K)->286636K(391680K)
[335.964s][info][gc,metaspace   ] GC(624) Metaspace: 57290K(57600K)->57290K(57600K) NonClass: 51672K(51904K)->51672K(51904K) Class: 5618K(5696K)->5618K(5696K)
[335.964s][info][gc             ] GC(624) Pause Young (Allocation Failure) 549M->281M(642M) 3.778ms
[335.964s][info][gc,cpu         ] GC(624) User=0.01s Sys=0.00s Real=0.00s
[336.565s][info][gc,start       ] GC(625) Pause Young (Allocation Failure)
[336.570s][info][gc,heap        ] GC(625) PSYoungGen: 266239K(266240K)->2462K(256512K) Eden: 264192K(264192K)->0K(253952K) From: 2047K(2048K)->2462K(2560K)
[336.570s][info][gc,heap        ] GC(625) ParOldGen: 286636K(391680K)->286652K(391680K)
[336.570s][info][gc,metaspace   ] GC(625) Metaspace: 57290K(57600K)->57290K(57600K) NonClass: 51672K(51904K)->51672K(51904K) Class: 5618K(5696K)->5618K(5696K)
[336.570s][info][gc             ] GC(625) Pause Young (Allocation Failure) 539M->282M(633M) 5.003ms
[336.570s][info][gc,cpu         ] GC(625) User=0.01s Sys=0.00s Real=0.01s
[337.149s][info][gc,start       ] GC(626) Pause Young (Allocation Failure)
[337.151s][info][gc,heap        ] GC(626) PSYoungGen: 256414K(256512K)->470K(244736K) Eden: 253952K(253952K)->0K(244224K) From: 2462K(2560K)->470K(512K)
[337.151s][info][gc,heap        ] GC(626) ParOldGen: 286652K(391680K)->286668K(391680K)
[337.151s][info][gc,metaspace   ] GC(626) Metaspace: 57290K(57600K)->57290K(57600K) NonClass: 51672K(51904K)->51672K(51904K) Class: 5618K(5696K)->5618K(5696K)
[337.151s][info][gc             ] GC(626) Pause Young (Allocation Failure) 530M->280M(621M) 2.025ms
[337.151s][info][gc,cpu         ] GC(626) User=0.00s Sys=0.01s Real=0.00s
[337.678s][info][gc,start       ] GC(627) Pause Young (Allocation Failure)
[337.683s][info][gc,heap        ] GC(627) PSYoungGen: 244694K(244736K)->2272K(237568K) Eden: 244224K(244224K)->0K(235008K) From: 470K(512K)->2272K(2560K)
[337.683s][info][gc,heap        ] GC(627) ParOldGen: 286668K(391680K)->286684K(391680K)
[337.683s][info][gc,metaspace   ] GC(627) Metaspace: 57290K(57600K)->57290K(57600K) NonClass: 51672K(51904K)->51672K(51904K) Class: 5618K(5696K)->5618K(5696K)
[337.683s][info][gc             ] GC(627) Pause Young (Allocation Failure) 518M->282M(614M) 4.957ms
[337.683s][info][gc,cpu         ] GC(627) User=0.00s Sys=0.00s Real=0.01s
[338.190s][info][gc,start       ] GC(628) Pause Young (Allocation Failure)
[338.195s][info][gc,heap        ] GC(628) PSYoungGen: 237280K(237568K)->2623K(229376K) Eden: 235008K(235008K)->0K(226304K) From: 2272K(2560K)->2623K(3072K)
[338.195s][info][gc,heap        ] GC(628) ParOldGen: 286684K(391680K)->286700K(391680K)
[338.195s][info][gc,metaspace   ] GC(628) Metaspace: 57290K(57600K)->57290K(57600K) NonClass: 51672K(51904K)->51672K(51904K) Class: 5618K(5696K)->5618K(5696K)
[338.195s][info][gc             ] GC(628) Pause Young (Allocation Failure) 511M->282M(606M) 4.628ms
[338.195s][info][gc,cpu         ] GC(628) User=0.01s Sys=0.00s Real=0.00s
[338.726s][info][gc,start       ] GC(629) Pause Young (Allocation Failure)
[338.730s][info][gc,heap        ] GC(629) PSYoungGen: 228927K(229376K)->2015K(220160K) Eden: 226304K(226304K)->0K(218112K) From: 2623K(3072K)->2015K(2048K)
[338.731s][info][gc,heap        ] GC(629) ParOldGen: 286700K(391680K)->286716K(391680K)
[338.731s][info][gc,metaspace   ] GC(629) Metaspace: 57290K(57600K)->57290K(57600K) NonClass: 51672K(51904K)->51672K(51904K) Class: 5618K(5696K)->5618K(5696K)
[338.731s][info][gc             ] GC(629) Pause Young (Allocation Failure) 503M->281M(597M) 5.041ms
[338.731s][info][gc,cpu         ] GC(629) User=0.01s Sys=0.00s Real=0.01s
[339.178s][info][gc,start       ] GC(630) Pause Young (Allocation Failure)
[339.182s][info][gc,heap        ] GC(630) PSYoungGen: 220127K(220160K)->2367K(212480K) Eden: 218112K(218112K)->0K(209920K) From: 2015K(2048K)->2367K(2560K)
[339.182s][info][gc,heap        ] GC(630) ParOldGen: 286716K(391680K)->286732K(391680K)
[339.182s][info][gc,metaspace   ] GC(630) Metaspace: 57290K(57600K)->57290K(57600K) NonClass: 51672K(51904K)->51672K(51904K) Class: 5618K(5696K)->5618K(5696K)
[339.182s][info][gc             ] GC(630) Pause Young (Allocation Failure) 494M->282M(590M) 4.223ms
[339.182s][info][gc,cpu         ] GC(630) User=0.01s Sys=0.00s Real=0.01s
[339.668s][info][gc,start       ] GC(631) Pause Young (Allocation Failure)
[339.673s][info][gc,heap        ] GC(631) PSYoungGen: 212287K(212480K)->2783K(205312K) Eden: 209920K(209920K)->0K(202240K) From: 2367K(2560K)->2783K(3072K)
[339.673s][info][gc,heap        ] GC(631) ParOldGen: 286732K(391680K)->286748K(391680K)
[339.673s][info][gc,metaspace   ] GC(631) Metaspace: 57291K(57600K)->57291K(57600K) NonClass: 51672K(51904K)->51672K(51904K) Class: 5618K(5696K)->5618K(5696K)
[339.673s][info][gc             ] GC(631) Pause Young (Allocation Failure) 487M->282M(583M) 5.066ms
[339.673s][info][gc,cpu         ] GC(631) User=0.01s Sys=0.00s Real=0.01s
[340.150s][info][gc,start       ] GC(632) Pause Young (Allocation Failure)
[340.152s][info][gc,heap        ] GC(632) PSYoungGen: 205023K(205312K)->512K(195584K) Eden: 202240K(202240K)->0K(195072K) From: 2783K(3072K)->512K(512K)
[340.153s][info][gc,heap        ] GC(632) ParOldGen: 286748K(391680K)->286764K(391680K)
[340.153s][info][gc,metaspace   ] GC(632) Metaspace: 57291K(57600K)->57291K(57600K) NonClass: 51672K(51904K)->51672K(51904K) Class: 5618K(5696K)->5618K(5696K)
[340.153s][info][gc             ] GC(632) Pause Young (Allocation Failure) 480M->280M(573M) 2.564ms
[340.153s][info][gc,cpu         ] GC(632) User=0.01s Sys=0.00s Real=0.00s
[340.565s][info][gc,start       ] GC(633) Pause Young (Allocation Failure)
[340.570s][info][gc,heap        ] GC(633) PSYoungGen: 195584K(195584K)->2240K(190976K) Eden: 195072K(195072K)->0K(188416K) From: 512K(512K)->2240K(2560K)
[340.570s][info][gc,heap        ] GC(633) ParOldGen: 286764K(391680K)->286780K(391680K)
[340.570s][info][gc,metaspace   ] GC(633) Metaspace: 57291K(57600K)->57291K(57600K) NonClass: 51672K(51904K)->51672K(51904K) Class: 5618K(5696K)->5618K(5696K)
[340.570s][info][gc             ] GC(633) Pause Young (Allocation Failure) 471M->282M(569M) 4.783ms
[340.570s][info][gc,cpu         ] GC(633) User=0.00s Sys=0.00s Real=0.01s
[341.015s][info][gc,start       ] GC(634) Pause Young (Allocation Failure)
[341.019s][info][gc,heap        ] GC(634) PSYoungGen: 190656K(190976K)->2239K(184320K) Eden: 188416K(188416K)->0K(181760K) From: 2240K(2560K)->2239K(2560K)
[341.019s][info][gc,heap        ] GC(634) ParOldGen: 286780K(391680K)->286796K(391680K)
[341.019s][info][gc,metaspace   ] GC(634) Metaspace: 57291K(57600K)->57291K(57600K) NonClass: 51672K(51904K)->51672K(51904K) Class: 5618K(5696K)->5618K(5696K)
[341.019s][info][gc             ] GC(634) Pause Young (Allocation Failure) 466M->282M(562M) 4.229ms
[341.019s][info][gc,cpu         ] GC(634) User=0.01s Sys=0.00s Real=0.01s
[341.383s][info][gc,start       ] GC(635) Pause Young (Allocation Failure)
[341.388s][info][gc,heap        ] GC(635) PSYoungGen: 183999K(184320K)->2623K(178688K) Eden: 181760K(181760K)->0K(175616K) From: 2239K(2560K)->2623K(3072K)
[341.388s][info][gc,heap        ] GC(635) ParOldGen: 286796K(391680K)->286812K(391680K)
[341.388s][info][gc,metaspace   ] GC(635) Metaspace: 57291K(57600K)->57291K(57600K) NonClass: 51672K(51904K)->51672K(51904K) Class: 5618K(5696K)->5618K(5696K)
[341.388s][info][gc             ] GC(635) Pause Young (Allocation Failure) 459M->282M(557M) 4.897ms
[341.388s][info][gc,cpu         ] GC(635) User=0.01s Sys=0.00s Real=0.00s
[341.862s][info][gc,start       ] GC(636) Pause Young (Allocation Failure)
[341.883s][info][gc,heap        ] GC(636) PSYoungGen: 178107K(178688K)->2464K(212480K) Eden: 175484K(175616K)->0K(209920K) From: 2623K(3072K)->2464K(2560K)
[341.883s][info][gc,heap        ] GC(636) ParOldGen: 286812K(391680K)->286828K(391680K)
[341.883s][info][gc,metaspace   ] GC(636) Metaspace: 57291K(57600K)->57291K(57600K) NonClass: 51672K(51904K)->51672K(51904K) Class: 5618K(5696K)->5618K(5696K)
[341.883s][info][gc             ] GC(636) Pause Young (Allocation Failure) 454M->282M(590M) 20.689ms
[341.883s][info][gc,cpu         ] GC(636) User=0.01s Sys=0.00s Real=0.02s
[342.273s][info][gc,start       ] GC(637) Pause Young (Allocation Failure)
[342.278s][info][gc,heap        ] GC(637) PSYoungGen: 212384K(212480K)->2143K(224256K) Eden: 209920K(209920K)->0K(215552K) From: 2464K(2560K)->2143K(8704K)
[342.278s][info][gc,heap        ] GC(637) ParOldGen: 286828K(391680K)->286844K(391680K)
[342.278s][info][gc,metaspace   ] GC(637) Metaspace: 57291K(57600K)->57291K(57600K) NonClass: 51672K(51904K)->51672K(51904K) Class: 5618K(5696K)->5618K(5696K)
[342.278s][info][gc             ] GC(637) Pause Young (Allocation Failure) 487M->282M(601M) 5.083ms
[342.278s][info][gc,cpu         ] GC(637) User=0.00s Sys=0.00s Real=0.00s
[342.760s][info][gc,start       ] GC(638) Pause Young (Allocation Failure)
[342.764s][info][gc,heap        ] GC(638) PSYoungGen: 217695K(224256K)->2367K(223744K) Eden: 215552K(215552K)->0K(215552K) From: 2143K(8704K)->2367K(8192K)
[342.764s][info][gc,heap        ] GC(638) ParOldGen: 286844K(391680K)->286860K(391680K)
[342.764s][info][gc,metaspace   ] GC(638) Metaspace: 57291K(57600K)->57291K(57600K) NonClass: 51672K(51904K)->51672K(51904K) Class: 5618K(5696K)->5618K(5696K)
[342.765s][info][gc             ] GC(638) Pause Young (Allocation Failure) 492M->282M(601M) 4.059ms
[342.765s][info][gc,cpu         ] GC(638) User=0.01s Sys=0.00s Real=0.00s
[343.364s][info][gc,start       ] GC(639) Pause Young (Allocation Failure)
[343.367s][info][gc,heap        ] GC(639) PSYoungGen: 217919K(223744K)->1165K(263168K) Eden: 215552K(215552K)->0K(257024K) From: 2367K(8192K)->1165K(6144K)
[343.367s][info][gc,heap        ] GC(639) ParOldGen: 286860K(391680K)->286876K(391680K)
[343.367s][info][gc,metaspace   ] GC(639) Metaspace: 57291K(57600K)->57291K(57600K) NonClass: 51672K(51904K)->51672K(51904K) Class: 5618K(5696K)->5618K(5696K)
[343.367s][info][gc             ] GC(639) Pause Young (Allocation Failure) 492M->281M(639M) 2.768ms
[343.367s][info][gc,cpu         ] GC(639) User=0.01s Sys=0.00s Real=0.00s
[343.907s][info][gc,start       ] GC(640) Pause Young (Allocation Failure)
[343.910s][info][gc,heap        ] GC(640) PSYoungGen: 258189K(263168K)->448K(264192K) Eden: 257024K(257024K)->0K(257024K) From: 1165K(6144K)->448K(7168K)
[343.910s][info][gc,heap        ] GC(640) ParOldGen: 286876K(391680K)->286892K(391680K)
[343.910s][info][gc,metaspace   ] GC(640) Metaspace: 57291K(57600K)->57291K(57600K) NonClass: 51672K(51904K)->51672K(51904K) Class: 5618K(5696K)->5618K(5696K)
[343.910s][info][gc             ] GC(640) Pause Young (Allocation Failure) 532M->280M(640M) 2.367ms
[343.910s][info][gc,cpu         ] GC(640) User=0.01s Sys=0.00s Real=0.01s
[344.476s][info][gc,start       ] GC(641) Pause Young (Allocation Failure)
[344.482s][info][gc,heap        ] GC(641) PSYoungGen: 257323K(264192K)->2656K(311808K) Eden: 256875K(257024K)->0K(305664K) From: 448K(7168K)->2656K(6144K)
[344.482s][info][gc,heap        ] GC(641) ParOldGen: 286892K(391680K)->286908K(391680K)
[344.482s][info][gc,metaspace   ] GC(641) Metaspace: 57291K(57600K)->57291K(57600K) NonClass: 51672K(51904K)->51672K(51904K) Class: 5618K(5696K)->5618K(5696K)
[344.482s][info][gc             ] GC(641) Pause Young (Allocation Failure) 531M->282M(687M) 5.705ms
[344.482s][info][gc,cpu         ] GC(641) User=0.01s Sys=0.00s Real=0.01s
[345.178s][info][gc,start       ] GC(642) Pause Young (Allocation Failure)
[345.183s][info][gc,heap        ] GC(642) PSYoungGen: 308320K(311808K)->2175K(295936K) Eden: 305664K(305664K)->0K(293376K) From: 2656K(6144K)->2175K(2560K)
[345.183s][info][gc,heap        ] GC(642) ParOldGen: 286908K(391680K)->286924K(391680K)
[345.183s][info][gc,metaspace   ] GC(642) Metaspace: 57291K(57600K)->57291K(57600K) NonClass: 51672K(51904K)->51672K(51904K) Class: 5618K(5696K)->5618K(5696K)
[345.183s][info][gc             ] GC(642) Pause Young (Allocation Failure) 581M->282M(671M) 4.692ms
[345.183s][info][gc,cpu         ] GC(642) User=0.01s Sys=0.01s Real=0.01s
[345.851s][info][gc,start       ] GC(643) Pause Young (Allocation Failure)
[345.853s][info][gc,heap        ] GC(643) PSYoungGen: 295551K(295936K)->640K(282624K) Eden: 293376K(293376K)->0K(281600K) From: 2175K(2560K)->640K(1024K)
[345.853s][info][gc,heap        ] GC(643) ParOldGen: 286924K(391680K)->286940K(391680K)
[345.853s][info][gc,metaspace   ] GC(643) Metaspace: 57291K(57600K)->57291K(57600K) NonClass: 51672K(51904K)->51672K(51904K) Class: 5618K(5696K)->5618K(5696K)
[345.853s][info][gc             ] GC(643) Pause Young (Allocation Failure) 568M->280M(658M) 2.543ms
[345.853s][info][gc,cpu         ] GC(643) User=0.00s Sys=0.00s Real=0.00s
[346.469s][info][gc,start       ] GC(644) Pause Young (Allocation Failure)
[346.474s][info][gc,heap        ] GC(644) PSYoungGen: 282240K(282624K)->2751K(273920K) Eden: 281600K(281600K)->0K(270848K) From: 640K(1024K)->2751K(3072K)
[346.474s][info][gc,heap        ] GC(644) ParOldGen: 286940K(391680K)->286956K(391680K)
[346.474s][info][gc,metaspace   ] GC(644) Metaspace: 57291K(57600K)->57291K(57600K) NonClass: 51672K(51904K)->51672K(51904K) Class: 5618K(5696K)->5618K(5696K)
[346.474s][info][gc             ] GC(644) Pause Young (Allocation Failure) 555M->282M(650M) 4.498ms
[346.474s][info][gc,cpu         ] GC(644) User=0.00s Sys=0.00s Real=0.00s
[347.067s][info][gc,start       ] GC(645) Pause Young (Allocation Failure)
[347.072s][info][gc,heap        ] GC(645) PSYoungGen: 273599K(273920K)->2687K(263680K) Eden: 270848K(270848K)->0K(260608K) From: 2751K(3072K)->2687K(3072K)
[347.072s][info][gc,heap        ] GC(645) ParOldGen: 286956K(391680K)->286972K(391680K)
[347.072s][info][gc,metaspace   ] GC(645) Metaspace: 57291K(57600K)->57291K(57600K) NonClass: 51672K(51904K)->51672K(51904K) Class: 5618K(5696K)->5618K(5696K)
[347.072s][info][gc             ] GC(645) Pause Young (Allocation Failure) 547M->282M(640M) 5.163ms
[347.072s][info][gc,cpu         ] GC(645) User=0.01s Sys=0.00s Real=0.01s
[347.668s][info][gc,start       ] GC(646) Pause Young (Allocation Failure)
[347.672s][info][gc,heap        ] GC(646) PSYoungGen: 263295K(263680K)->2143K(253440K) Eden: 260608K(260608K)->0K(250880K) From: 2687K(3072K)->2143K(2560K)
[347.672s][info][gc,heap        ] GC(646) ParOldGen: 286972K(391680K)->286988K(391680K)
[347.672s][info][gc,metaspace   ] GC(646) Metaspace: 57291K(57600K)->57291K(57600K) NonClass: 51672K(51904K)->51672K(51904K) Class: 5618K(5696K)->5618K(5696K)
[347.672s][info][gc             ] GC(646) Pause Young (Allocation Failure) 537M->282M(630M) 4.099ms
[347.672s][info][gc,cpu         ] GC(646) User=0.00s Sys=0.00s Real=0.01s
[348.253s][info][gc,start       ] GC(647) Pause Young (Allocation Failure)
[348.256s][info][gc,heap        ] GC(647) PSYoungGen: 253023K(253440K)->904K(242176K) Eden: 250880K(250880K)->0K(241152K) From: 2143K(2560K)->904K(1024K)
[348.256s][info][gc,heap        ] GC(647) ParOldGen: 286988K(391680K)->287004K(391680K)
[348.256s][info][gc,metaspace   ] GC(647) Metaspace: 57294K(57600K)->57294K(57600K) NonClass: 51676K(51904K)->51676K(51904K) Class: 5618K(5696K)->5618K(5696K)
[348.256s][info][gc             ] GC(647) Pause Young (Allocation Failure) 527M->281M(619M) 2.893ms
[348.256s][info][gc,cpu         ] GC(647) User=0.01s Sys=0.00s Real=0.00s
[348.773s][info][gc,start       ] GC(648) Pause Young (Allocation Failure)
[348.778s][info][gc,heap        ] GC(648) PSYoungGen: 242056K(242176K)->3136K(235520K) Eden: 241152K(241152K)->0K(231936K) From: 904K(1024K)->3136K(3584K)
[348.778s][info][gc,heap        ] GC(648) ParOldGen: 287004K(391680K)->287020K(391680K)
[348.778s][info][gc,metaspace   ] GC(648) Metaspace: 57295K(57600K)->57295K(57600K) NonClass: 51677K(51904K)->51677K(51904K) Class: 5618K(5696K)->5618K(5696K)
[348.778s][info][gc             ] GC(648) Pause Young (Allocation Failure) 516M->283M(612M) 5.227ms
[348.778s][info][gc,cpu         ] GC(648) User=0.01s Sys=0.00s Real=0.00s
[349.280s][info][gc,start       ] GC(649) Pause Young (Allocation Failure)
[349.285s][info][gc,heap        ] GC(649) PSYoungGen: 235072K(235520K)->2848K(226304K) Eden: 231936K(231936K)->0K(223232K) From: 3136K(3584K)->2848K(3072K)
[349.285s][info][gc,heap        ] GC(649) ParOldGen: 287020K(391680K)->287036K(391680K)
[349.285s][info][gc,metaspace   ] GC(649) Metaspace: 57295K(57600K)->57295K(57600K) NonClass: 51677K(51904K)->51677K(51904K) Class: 5618K(5696K)->5618K(5696K)
[349.285s][info][gc             ] GC(649) Pause Young (Allocation Failure) 509M->283M(603M) 5.312ms
[349.285s][info][gc,cpu         ] GC(649) User=0.01s Sys=0.00s Real=0.00s
[349.782s][info][gc,start       ] GC(650) Pause Young (Allocation Failure)
[349.787s][info][gc,heap        ] GC(650) PSYoungGen: 226080K(226304K)->1630K(217088K) Eden: 223232K(223232K)->0K(215040K) From: 2848K(3072K)->1630K(2048K)
[349.787s][info][gc,heap        ] GC(650) ParOldGen: 287036K(391680K)->287052K(391680K)
[349.787s][info][gc,metaspace   ] GC(650) Metaspace: 57296K(57600K)->57296K(57600K) NonClass: 51677K(51904K)->51677K(51904K) Class: 5618K(5696K)->5618K(5696K)
[349.787s][info][gc             ] GC(650) Pause Young (Allocation Failure) 501M->281M(594M) 4.698ms
[349.787s][info][gc,cpu         ] GC(650) User=0.01s Sys=0.00s Real=0.00s
[350.270s][info][gc,start       ] GC(651) Pause Young (Allocation Failure)
[350.274s][info][gc,heap        ] GC(651) PSYoungGen: 216670K(217088K)->2847K(210432K) Eden: 215040K(215040K)->0K(207360K) From: 1630K(2048K)->2847K(3072K)
[350.274s][info][gc,heap        ] GC(651) ParOldGen: 287052K(391680K)->287068K(391680K)
[350.274s][info][gc,metaspace   ] GC(651) Metaspace: 57296K(57600K)->57296K(57600K) NonClass: 51677K(51904K)->51677K(51904K) Class: 5618K(5696K)->5618K(5696K)
[350.274s][info][gc             ] GC(651) Pause Young (Allocation Failure) 491M->283M(588M) 4.607ms
[350.274s][info][gc,cpu         ] GC(651) User=0.01s Sys=0.00s Real=0.00s
[350.756s][info][gc,start       ] GC(652) Pause Young (Allocation Failure)
[350.759s][info][gc,heap        ] GC(652) PSYoungGen: 210207K(210432K)->1950K(201728K) Eden: 207360K(207360K)->0K(199680K) From: 2847K(3072K)->1950K(2048K)
[350.759s][info][gc,heap        ] GC(652) ParOldGen: 287068K(391680K)->287084K(391680K)
[350.759s][info][gc,metaspace   ] GC(652) Metaspace: 57296K(57600K)->57296K(57600K) NonClass: 51677K(51904K)->51677K(51904K) Class: 5618K(5696K)->5618K(5696K)
[350.759s][info][gc             ] GC(652) Pause Young (Allocation Failure) 485M->282M(579M) 3.282ms
[350.759s][info][gc,cpu         ] GC(652) User=0.00s Sys=0.00s Real=0.01s
[351.179s][info][gc,start       ] GC(653) Pause Young (Allocation Failure)
[351.183s][info][gc,heap        ] GC(653) PSYoungGen: 201442K(201728K)->2400K(195072K) Eden: 199491K(199680K)->0K(192512K) From: 1950K(2048K)->2400K(2560K)
[351.183s][info][gc,heap        ] GC(653) ParOldGen: 287084K(391680K)->287100K(391680K)
[351.183s][info][gc,metaspace   ] GC(653) Metaspace: 57296K(57600K)->57296K(57600K) NonClass: 51677K(51904K)->51677K(51904K) Class: 5618K(5696K)->5618K(5696K)
[351.183s][info][gc             ] GC(653) Pause Young (Allocation Failure) 477M->282M(573M) 4.469ms
[351.183s][info][gc,cpu         ] GC(653) User=0.01s Sys=0.00s Real=0.00s
[351.672s][info][gc,start       ] GC(654) Pause Young (Allocation Failure)
[351.681s][info][gc,heap        ] GC(654) PSYoungGen: 194912K(195072K)->1087K(230912K) Eden: 192512K(192512K)->0K(229376K) From: 2400K(2560K)->1087K(1536K)
[351.681s][info][gc,heap        ] GC(654) ParOldGen: 287100K(391680K)->287108K(391680K)
[351.681s][info][gc,metaspace   ] GC(654) Metaspace: 57296K(57600K)->57296K(57600K) NonClass: 51677K(51904K)->51677K(51904K) Class: 5618K(5696K)->5618K(5696K)
[351.681s][info][gc             ] GC(654) Pause Young (Allocation Failure) 470M->281M(608M) 8.664ms
[351.681s][info][gc,cpu         ] GC(654) User=0.01s Sys=0.00s Real=0.01s
[352.157s][info][gc,start       ] GC(655) Pause Young (Allocation Failure)
[352.161s][info][gc,heap        ] GC(655) PSYoungGen: 230463K(230912K)->1951K(275968K) Eden: 229376K(229376K)->0K(272896K) From: 1087K(1536K)->1951K(3072K)
[352.161s][info][gc,heap        ] GC(655) ParOldGen: 287108K(391680K)->287124K(391680K)
[352.161s][info][gc,metaspace   ] GC(655) Metaspace: 57296K(57600K)->57296K(57600K) NonClass: 51678K(51904K)->51678K(51904K) Class: 5618K(5696K)->5618K(5696K)
[352.161s][info][gc             ] GC(655) Pause Young (Allocation Failure) 505M->282M(652M) 3.515ms
[352.161s][info][gc,cpu         ] GC(655) User=0.01s Sys=0.00s Real=0.01s
[352.765s][info][gc,start       ] GC(656) Pause Young (Allocation Failure)
[352.768s][info][gc,heap        ] GC(656) PSYoungGen: 274847K(275968K)->2335K(264704K) Eden: 272896K(272896K)->0K(262144K) From: 1951K(3072K)->2335K(2560K)
[352.768s][info][gc,heap        ] GC(656) ParOldGen: 287124K(391680K)->287140K(391680K)
[352.768s][info][gc,metaspace   ] GC(656) Metaspace: 57302K(57664K)->57302K(57664K) NonClass: 51683K(51968K)->51683K(51968K) Class: 5618K(5696K)->5618K(5696K)
[352.769s][info][gc             ] GC(656) Pause Young (Allocation Failure) 548M->282M(641M) 3.966ms
[352.769s][info][gc,cpu         ] GC(656) User=0.01s Sys=0.00s Real=0.00s
[353.354s][info][gc,start       ] GC(657) Pause Young (Allocation Failure)
[353.357s][info][gc,heap        ] GC(657) PSYoungGen: 264479K(264704K)->1439K(253440K) Eden: 262144K(262144K)->0K(251904K) From: 2335K(2560K)->1439K(1536K)
[353.357s][info][gc,heap        ] GC(657) ParOldGen: 287140K(391680K)->287156K(391680K)
[353.357s][info][gc,metaspace   ] GC(657) Metaspace: 57302K(57664K)->57302K(57664K) NonClass: 51683K(51968K)->51683K(51968K) Class: 5618K(5696K)->5618K(5696K)
[353.357s][info][gc             ] GC(657) Pause Young (Allocation Failure) 538M->281M(630M) 3.015ms
[353.357s][info][gc,cpu         ] GC(657) User=0.01s Sys=0.00s Real=0.00s
[353.892s][info][gc,start       ] GC(658) Pause Young (Allocation Failure)
[353.896s][info][gc,heap        ] GC(658) PSYoungGen: 253343K(253440K)->1472K(243712K) Eden: 251904K(251904K)->0K(242176K) From: 1439K(1536K)->1472K(1536K)
[353.896s][info][gc,heap        ] GC(658) ParOldGen: 287156K(391680K)->287172K(391680K)
[353.896s][info][gc,metaspace   ] GC(658) Metaspace: 57302K(57664K)->57302K(57664K) NonClass: 51683K(51968K)->51683K(51968K) Class: 5618K(5696K)->5618K(5696K)
[353.896s][info][gc             ] GC(658) Pause Young (Allocation Failure) 527M->281M(620M) 3.383ms
[353.896s][info][gc,cpu         ] GC(658) User=0.00s Sys=0.00s Real=0.00s
[354.460s][info][gc,start       ] GC(659) Pause Young (Allocation Failure)
[354.463s][info][gc,heap        ] GC(659) PSYoungGen: 243648K(243712K)->1439K(234496K) Eden: 242176K(242176K)->0K(232960K) From: 1472K(1536K)->1439K(1536K)
[354.463s][info][gc,heap        ] GC(659) ParOldGen: 287172K(391680K)->287188K(391680K)
[354.463s][info][gc,metaspace   ] GC(659) Metaspace: 57302K(57664K)->57302K(57664K) NonClass: 51683K(51968K)->51683K(51968K) Class: 5618K(5696K)->5618K(5696K)
[354.463s][info][gc             ] GC(659) Pause Young (Allocation Failure) 518M->281M(611M) 3.151ms
[354.463s][info][gc,cpu         ] GC(659) User=0.00s Sys=0.00s Real=0.00s
[355.138s][info][gc,start       ] GC(660) Pause Young (Allocation Failure)
[355.142s][info][gc,heap        ] GC(660) PSYoungGen: 234325K(234496K)->1664K(226304K) Eden: 232886K(232960K)->0K(224256K) From: 1439K(1536K)->1664K(2048K)
[355.142s][info][gc,heap        ] GC(660) ParOldGen: 287188K(391680K)->287204K(391680K)
[355.142s][info][gc,metaspace   ] GC(660) Metaspace: 57302K(57664K)->57302K(57664K) NonClass: 51683K(51968K)->51683K(51968K) Class: 5618K(5696K)->5618K(5696K)
[355.142s][info][gc             ] GC(660) Pause Young (Allocation Failure) 509M->282M(603M) 3.498ms
[355.142s][info][gc,cpu         ] GC(660) User=0.00s Sys=0.00s Real=0.01s
[355.568s][info][gc,start       ] GC(661) Pause Young (Allocation Failure)
[355.572s][info][gc,heap        ] GC(661) PSYoungGen: 225920K(226304K)->2719K(219136K) Eden: 224256K(224256K)->0K(216064K) From: 1664K(2048K)->2719K(3072K)
[355.572s][info][gc,heap        ] GC(661) ParOldGen: 287204K(391680K)->287220K(391680K)
[355.572s][info][gc,metaspace   ] GC(661) Metaspace: 57302K(57664K)->57302K(57664K) NonClass: 51683K(51968K)->51683K(51968K) Class: 5618K(5696K)->5618K(5696K)
[355.572s][info][gc             ] GC(661) Pause Young (Allocation Failure) 501M->283M(596M) 4.471ms
[355.572s][info][gc,cpu         ] GC(661) User=0.01s Sys=0.00s Real=0.01s
[356.063s][info][gc,start       ] GC(662) Pause Young (Allocation Failure)
[356.067s][info][gc,heap        ] GC(662) PSYoungGen: 218783K(219136K)->2559K(210944K) Eden: 216064K(216064K)->0K(208384K) From: 2719K(3072K)->2559K(2560K)
[356.067s][info][gc,heap        ] GC(662) ParOldGen: 287220K(391680K)->287236K(391680K)
[356.067s][info][gc,metaspace   ] GC(662) Metaspace: 57302K(57664K)->57302K(57664K) NonClass: 51683K(51968K)->51683K(51968K) Class: 5618K(5696K)->5618K(5696K)
[356.067s][info][gc             ] GC(662) Pause Young (Allocation Failure) 494M->283M(588M) 4.247ms
[356.067s][info][gc,cpu         ] GC(662) User=0.01s Sys=0.00s Real=0.00s
[356.551s][info][gc,start       ] GC(663) Pause Young (Allocation Failure)
[356.554s][info][gc,heap        ] GC(663) PSYoungGen: 210943K(210944K)->832K(201728K) Eden: 208384K(208384K)->0K(200704K) From: 2559K(2560K)->832K(1024K)
[356.554s][info][gc,heap        ] GC(663) ParOldGen: 287236K(391680K)->287252K(391680K)
[356.554s][info][gc,metaspace   ] GC(663) Metaspace: 57302K(57664K)->57302K(57664K) NonClass: 51683K(51968K)->51683K(51968K) Class: 5618K(5696K)->5618K(5696K)
[356.554s][info][gc             ] GC(663) Pause Young (Allocation Failure) 486M->281M(579M) 2.586ms
[356.554s][info][gc,cpu         ] GC(663) User=0.01s Sys=0.00s Real=0.00s
[356.971s][info][gc,start       ] GC(664) Pause Young (Allocation Failure)
[356.975s][info][gc,heap        ] GC(664) PSYoungGen: 201536K(201728K)->2656K(196608K) Eden: 200704K(200704K)->0K(193536K) From: 832K(1024K)->2656K(3072K)
[356.975s][info][gc,heap        ] GC(664) ParOldGen: 287252K(391680K)->287268K(391680K)
[356.975s][info][gc,metaspace   ] GC(664) Metaspace: 57302K(57664K)->57302K(57664K) NonClass: 51683K(51968K)->51683K(51968K) Class: 5618K(5696K)->5618K(5696K)
[356.975s][info][gc             ] GC(664) Pause Young (Allocation Failure) 477M->283M(574M) 4.581ms
[356.975s][info][gc,cpu         ] GC(664) User=0.01s Sys=0.00s Real=0.00s
[357.495s][info][gc,start       ] GC(665) Pause Young (Allocation Failure)
[357.497s][info][gc,heap        ] GC(665) PSYoungGen: 196192K(196608K)->864K(187904K) Eden: 193536K(193536K)->0K(186880K) From: 2656K(3072K)->864K(1024K)
[357.497s][info][gc,heap        ] GC(665) ParOldGen: 287268K(391680K)->287284K(391680K)
[357.497s][info][gc,metaspace   ] GC(665) Metaspace: 57302K(57664K)->57302K(57664K) NonClass: 51683K(51968K)->51683K(51968K) Class: 5618K(5696K)->5618K(5696K)
[357.497s][info][gc             ] GC(665) Pause Young (Allocation Failure) 472M->281M(566M) 2.799ms
[357.497s][info][gc,cpu         ] GC(665) User=0.00s Sys=0.00s Real=0.00s
[357.855s][info][gc,start       ] GC(666) Pause Young (Allocation Failure)
[357.857s][info][gc,heap        ] GC(666) PSYoungGen: 187744K(187904K)->960K(181248K) Eden: 186880K(186880K)->0K(180224K) From: 864K(1024K)->960K(1024K)
[357.857s][info][gc,heap        ] GC(666) ParOldGen: 287284K(391680K)->287300K(391680K)
[357.858s][info][gc,metaspace   ] GC(666) Metaspace: 57302K(57664K)->57302K(57664K) NonClass: 51683K(51968K)->51683K(51968K) Class: 5618K(5696K)->5618K(5696K)
[357.858s][info][gc             ] GC(666) Pause Young (Allocation Failure) 463M->281M(559M) 2.591ms
[357.858s][info][gc,cpu         ] GC(666) User=0.00s Sys=0.00s Real=0.00s
[358.255s][info][gc,start       ] GC(667) Pause Young (Allocation Failure)
[358.258s][info][gc,heap        ] GC(667) PSYoungGen: 181184K(181248K)->1471K(175616K) Eden: 180224K(180224K)->0K(174080K) From: 960K(1024K)->1471K(1536K)
[358.258s][info][gc,heap        ] GC(667) ParOldGen: 287300K(391680K)->287316K(391680K)
[358.258s][info][gc,metaspace   ] GC(667) Metaspace: 57302K(57664K)->57302K(57664K) NonClass: 51683K(51968K)->51683K(51968K) Class: 5618K(5696K)->5618K(5696K)
[358.258s][info][gc             ] GC(667) Pause Young (Allocation Failure) 457M->282M(554M) 3.018ms
[358.258s][info][gc,cpu         ] GC(667) User=0.00s Sys=0.00s Real=0.00s
[358.706s][info][gc,start       ] GC(668) Pause Young (Allocation Failure)
[358.708s][info][gc,heap        ] GC(668) PSYoungGen: 175551K(175616K)->1278K(169472K) Eden: 174080K(174080K)->0K(167936K) From: 1471K(1536K)->1278K(1536K)
[358.708s][info][gc,heap        ] GC(668) ParOldGen: 287316K(391680K)->287332K(391680K)
[358.708s][info][gc,metaspace   ] GC(668) Metaspace: 57302K(57664K)->57302K(57664K) NonClass: 51683K(51968K)->51683K(51968K) Class: 5618K(5696K)->5618K(5696K)
[358.708s][info][gc             ] GC(668) Pause Young (Allocation Failure) 452M->281M(548M) 2.440ms
[358.708s][info][gc,cpu         ] GC(668) User=0.00s Sys=0.00s Real=0.00s
[358.992s][info][gc,start       ] GC(669) Pause Young (Allocation Failure)
[358.994s][info][gc,heap        ] GC(669) PSYoungGen: 169120K(169472K)->736K(163328K) Eden: 167842K(167936K)->0K(162304K) From: 1278K(1536K)->736K(1024K)
[358.994s][info][gc,heap        ] GC(669) ParOldGen: 287332K(391680K)->287348K(391680K)
[358.994s][info][gc,metaspace   ] GC(669) Metaspace: 57302K(57664K)->57302K(57664K) NonClass: 51683K(51968K)->51683K(51968K) Class: 5618K(5696K)->5618K(5696K)
[358.994s][info][gc             ] GC(669) Pause Young (Allocation Failure) 445M->281M(542M) 2.616ms
[358.994s][info][gc,cpu         ] GC(669) User=0.01s Sys=0.00s Real=0.00s
[359.367s][info][gc,start       ] GC(670) Pause Young (Allocation Failure)
[359.371s][info][gc,heap        ] GC(670) PSYoungGen: 163040K(163328K)->2751K(159744K) Eden: 162304K(162304K)->0K(156672K) From: 736K(1024K)->2751K(3072K)
[359.371s][info][gc,heap        ] GC(670) ParOldGen: 287348K(391680K)->287364K(391680K)
[359.371s][info][gc,metaspace   ] GC(670) Metaspace: 57302K(57664K)->57302K(57664K) NonClass: 51683K(51968K)->51683K(51968K) Class: 5618K(5696K)->5618K(5696K)
[359.371s][info][gc             ] GC(670) Pause Young (Allocation Failure) 439M->283M(538M) 4.379ms
[359.371s][info][gc,cpu         ] GC(670) User=0.01s Sys=0.00s Real=0.01s
[359.808s][info][gc,start       ] GC(671) Pause Young (Allocation Failure)
[359.810s][info][gc,heap        ] GC(671) PSYoungGen: 159423K(159744K)->288K(152064K) Eden: 156672K(156672K)->0K(151552K) From: 2751K(3072K)->288K(512K)
[359.810s][info][gc,heap        ] GC(671) ParOldGen: 287364K(391680K)->287380K(391680K)
[359.810s][info][gc,metaspace   ] GC(671) Metaspace: 57302K(57664K)->57302K(57664K) NonClass: 51683K(51968K)->51683K(51968K) Class: 5618K(5696K)->5618K(5696K)
[359.810s][info][gc             ] GC(671) Pause Young (Allocation Failure) 436M->280M(531M) 2.054ms
[359.810s][info][gc,cpu         ] GC(671) User=0.00s Sys=0.00s Real=0.01s
[360.067s][info][gc,start       ] GC(672) Pause Young (Allocation Failure)
[360.071s][info][gc,heap        ] GC(672) PSYoungGen: 151840K(152064K)->1920K(150528K) Eden: 151552K(151552K)->0K(146432K) From: 288K(512K)->1920K(4096K)
[360.071s][info][gc,heap        ] GC(672) ParOldGen: 287380K(391680K)->287396K(391680K)
[360.071s][info][gc,metaspace   ] GC(672) Metaspace: 57302K(57664K)->57302K(57664K) NonClass: 51683K(51968K)->51683K(51968K) Class: 5618K(5696K)->5618K(5696K)
[360.071s][info][gc             ] GC(672) Pause Young (Allocation Failure) 428M->282M(529M) 3.622ms
[360.071s][info][gc,cpu         ] GC(672) User=0.01s Sys=0.00s Real=0.01s
[360.376s][info][gc,start       ] GC(673) Pause Young (Allocation Failure)
[360.380s][info][gc,heap        ] GC(673) PSYoungGen: 148352K(150528K)->2271K(144384K) Eden: 146432K(146432K)->0K(141824K) From: 1920K(4096K)->2271K(2560K)
[360.380s][info][gc,heap        ] GC(673) ParOldGen: 287396K(391680K)->287412K(391680K)
[360.380s][info][gc,metaspace   ] GC(673) Metaspace: 57302K(57664K)->57302K(57664K) NonClass: 51683K(51968K)->51683K(51968K) Class: 5618K(5696K)->5618K(5696K)
[360.380s][info][gc             ] GC(673) Pause Young (Allocation Failure) 425M->282M(523M) 3.855ms
[360.380s][info][gc,cpu         ] GC(673) User=0.01s Sys=0.00s Real=0.01s
[360.696s][info][gc,start       ] GC(674) Pause Young (Allocation Failure)
[360.700s][info][gc,heap        ] GC(674) PSYoungGen: 144095K(144384K)->2239K(171520K) Eden: 141824K(141824K)->0K(168960K) From: 2271K(2560K)->2239K(2560K)
[360.700s][info][gc,heap        ] GC(674) ParOldGen: 287412K(391680K)->287428K(391680K)
[360.700s][info][gc,metaspace   ] GC(674) Metaspace: 57302K(57664K)->57302K(57664K) NonClass: 51683K(51968K)->51683K(51968K) Class: 5618K(5696K)->5618K(5696K)
[360.700s][info][gc             ] GC(674) Pause Young (Allocation Failure) 421M->282M(550M) 4.004ms
[360.700s][info][gc,cpu         ] GC(674) User=0.01s Sys=0.00s Real=0.01s
[361.072s][info][gc,start       ] GC(675) Pause Young (Allocation Failure)
[361.076s][info][gc,heap        ] GC(675) PSYoungGen: 171199K(171520K)->2624K(203776K) Eden: 168960K(168960K)->0K(200704K) From: 2239K(2560K)->2624K(3072K)
[361.076s][info][gc,heap        ] GC(675) ParOldGen: 287428K(391680K)->287444K(391680K)
[361.076s][info][gc,metaspace   ] GC(675) Metaspace: 57302K(57664K)->57302K(57664K) NonClass: 51683K(51968K)->51683K(51968K) Class: 5618K(5696K)->5618K(5696K)
[361.076s][info][gc             ] GC(675) Pause Young (Allocation Failure) 447M->283M(581M) 4.623ms
[361.076s][info][gc,cpu         ] GC(675) User=0.01s Sys=0.00s Real=0.00s
[361.570s][info][gc,start       ] GC(676) Pause Young (Allocation Failure)
[361.573s][info][gc,heap        ] GC(676) PSYoungGen: 203328K(203776K)->1408K(240128K) Eden: 200704K(200704K)->0K(238592K) From: 2624K(3072K)->1408K(1536K)
[361.573s][info][gc,heap        ] GC(676) ParOldGen: 287444K(391680K)->287460K(391680K)
[361.573s][info][gc,metaspace   ] GC(676) Metaspace: 57302K(57664K)->57302K(57664K) NonClass: 51683K(51968K)->51683K(51968K) Class: 5618K(5696K)->5618K(5696K)
[361.573s][info][gc             ] GC(676) Pause Young (Allocation Failure) 479M->282M(617M) 3.616ms
[361.573s][info][gc,cpu         ] GC(676) User=0.00s Sys=0.00s Real=0.00s
[362.073s][info][gc,start       ] GC(677) Pause Young (Allocation Failure)
[362.077s][info][gc,heap        ] GC(677) PSYoungGen: 239746K(240128K)->2176K(232448K) Eden: 238338K(238592K)->0K(229888K) From: 1408K(1536K)->2176K(2560K)
[362.077s][info][gc,heap        ] GC(677) ParOldGen: 287460K(391680K)->287476K(391680K)
[362.077s][info][gc,metaspace   ] GC(677) Metaspace: 57302K(57664K)->57302K(57664K) NonClass: 51683K(51968K)->51683K(51968K) Class: 5618K(5696K)->5618K(5696K)
[362.077s][info][gc             ] GC(677) Pause Young (Allocation Failure) 514M->282M(609M) 4.732ms
[362.077s][info][gc,cpu         ] GC(677) User=0.01s Sys=0.00s Real=0.00s
[362.575s][info][gc,start       ] GC(678) Pause Young (Allocation Failure)
[362.580s][info][gc,heap        ] GC(678) PSYoungGen: 232064K(232448K)->2464K(223744K) Eden: 229888K(229888K)->0K(221184K) From: 2176K(2560K)->2464K(2560K)
[362.580s][info][gc,heap        ] GC(678) ParOldGen: 287476K(391680K)->287492K(391680K)
[362.580s][info][gc,metaspace   ] GC(678) Metaspace: 57303K(57664K)->57303K(57664K) NonClass: 51685K(51968K)->51685K(51968K) Class: 5618K(5696K)->5618K(5696K)
[362.580s][info][gc             ] GC(678) Pause Young (Allocation Failure) 507M->283M(601M) 4.503ms
[362.580s][info][gc,cpu         ] GC(678) User=0.00s Sys=0.00s Real=0.01s
[363.091s][info][gc,start       ] GC(679) Pause Young (Allocation Failure)
[363.095s][info][gc,heap        ] GC(679) PSYoungGen: 223556K(223744K)->2144K(215552K) Eden: 221092K(221184K)->0K(212992K) From: 2464K(2560K)->2144K(2560K)
[363.095s][info][gc,heap        ] GC(679) ParOldGen: 287492K(391680K)->287508K(391680K)
[363.095s][info][gc,metaspace   ] GC(679) Metaspace: 57303K(57664K)->57303K(57664K) NonClass: 51685K(51968K)->51685K(51968K) Class: 5618K(5696K)->5618K(5696K)
[363.095s][info][gc             ] GC(679) Pause Young (Allocation Failure) 499M->282M(593M) 4.182ms
[363.095s][info][gc,cpu         ] GC(679) User=0.01s Sys=0.00s Real=0.00s
[363.572s][info][gc,start       ] GC(680) Pause Young (Allocation Failure)
[363.576s][info][gc,heap        ] GC(680) PSYoungGen: 215136K(215552K)->2239K(207872K) Eden: 212992K(212992K)->0K(205312K) From: 2144K(2560K)->2239K(2560K)
[363.576s][info][gc,heap        ] GC(680) ParOldGen: 287508K(391680K)->287524K(391680K)
[363.576s][info][gc,metaspace   ] GC(680) Metaspace: 57303K(57664K)->57303K(57664K) NonClass: 51685K(51968K)->51685K(51968K) Class: 5618K(5696K)->5618K(5696K)
[363.576s][info][gc             ] GC(680) Pause Young (Allocation Failure) 490M->282M(585M) 4.002ms
[363.576s][info][gc,cpu         ] GC(680) User=0.01s Sys=0.00s Real=0.00s
[364.056s][info][gc,start       ] GC(681) Pause Young (Allocation Failure)
[364.058s][info][gc,heap        ] GC(681) PSYoungGen: 207551K(207872K)->1065K(199680K) Eden: 205312K(205312K)->0K(198144K) From: 2239K(2560K)->1065K(1536K)
[364.058s][info][gc,heap        ] GC(681) ParOldGen: 287524K(391680K)->287540K(391680K)
[364.058s][info][gc,metaspace   ] GC(681) Metaspace: 57303K(57664K)->57303K(57664K) NonClass: 51685K(51968K)->51685K(51968K) Class: 5618K(5696K)->5618K(5696K)
[364.059s][info][gc             ] GC(681) Pause Young (Allocation Failure) 483M->281M(577M) 2.814ms
[364.059s][info][gc,cpu         ] GC(681) User=0.00s Sys=0.00s Real=0.00s
[364.481s][info][gc,start       ] GC(682) Pause Young (Allocation Failure)
[364.484s][info][gc,heap        ] GC(682) PSYoungGen: 199119K(199680K)->1663K(193024K) Eden: 198053K(198144K)->0K(190976K) From: 1065K(1536K)->1663K(2048K)
[364.484s][info][gc,heap        ] GC(682) ParOldGen: 287540K(391680K)->287556K(391680K)
[364.484s][info][gc,metaspace   ] GC(682) Metaspace: 57303K(57664K)->57303K(57664K) NonClass: 51685K(51968K)->51685K(51968K) Class: 5618K(5696K)->5618K(5696K)
[364.484s][info][gc             ] GC(682) Pause Young (Allocation Failure) 475M->282M(571M) 3.460ms
[364.484s][info][gc,cpu         ] GC(682) User=0.00s Sys=0.00s Real=0.00s
[364.952s][info][gc,start       ] GC(683) Pause Young (Allocation Failure)
[364.955s][info][gc,heap        ] GC(683) PSYoungGen: 192639K(193024K)->831K(185344K) Eden: 190976K(190976K)->0K(184320K) From: 1663K(2048K)->831K(1024K)
[364.955s][info][gc,heap        ] GC(683) ParOldGen: 287556K(391680K)->287572K(391680K)
[364.955s][info][gc,metaspace   ] GC(683) Metaspace: 57303K(57664K)->57303K(57664K) NonClass: 51685K(51968K)->51685K(51968K) Class: 5618K(5696K)->5618K(5696K)
[364.955s][info][gc             ] GC(683) Pause Young (Allocation Failure) 468M->281M(563M) 2.280ms
[364.955s][info][gc,cpu         ] GC(683) User=0.00s Sys=0.00s Real=0.00s
[365.358s][info][gc,start       ] GC(684) Pause Young (Allocation Failure)
[365.360s][info][gc,heap        ] GC(684) PSYoungGen: 185151K(185344K)->1439K(179712K) Eden: 184320K(184320K)->0K(178176K) From: 831K(1024K)->1439K(1536K)
[365.360s][info][gc,heap        ] GC(684) ParOldGen: 287572K(391680K)->287588K(391680K)
[365.360s][info][gc,metaspace   ] GC(684) Metaspace: 57303K(57664K)->57303K(57664K) NonClass: 51685K(51968K)->51685K(51968K) Class: 5618K(5696K)->5618K(5696K)
[365.360s][info][gc             ] GC(684) Pause Young (Allocation Failure) 461M->282M(558M) 2.862ms
[365.360s][info][gc,cpu         ] GC(684) User=0.01s Sys=0.00s Real=0.01s
[365.827s][info][gc,start       ] GC(685) Pause Young (Allocation Failure)
[365.830s][info][gc,heap        ] GC(685) PSYoungGen: 179615K(179712K)->1317K(173568K) Eden: 178176K(178176K)->0K(172032K) From: 1439K(1536K)->1317K(1536K)
[365.830s][info][gc,heap        ] GC(685) ParOldGen: 287588K(391680K)->287604K(391680K)
[365.830s][info][gc,metaspace   ] GC(685) Metaspace: 57303K(57664K)->57303K(57664K) NonClass: 51685K(51968K)->51685K(51968K) Class: 5618K(5696K)->5618K(5696K)
[365.831s][info][gc             ] GC(685) Pause Young (Allocation Failure) 456M->282M(552M) 3.110ms
[365.831s][info][gc,cpu         ] GC(685) User=0.01s Sys=0.00s Real=0.01s
[366.127s][info][gc,start       ] GC(686) Pause Young (Allocation Failure)
[366.129s][info][gc,heap        ] GC(686) PSYoungGen: 173344K(173568K)->64K(166912K) Eden: 172026K(172032K)->0K(166400K) From: 1317K(1536K)->64K(512K)
[366.129s][info][gc,heap        ] GC(686) ParOldGen: 287604K(391680K)->287620K(391680K)
[366.129s][info][gc,metaspace   ] GC(686) Metaspace: 57303K(57664K)->57303K(57664K) NonClass: 51685K(51968K)->51685K(51968K) Class: 5618K(5696K)->5618K(5696K)
[366.129s][info][gc             ] GC(686) Pause Young (Allocation Failure) 450M->280M(545M) 1.603ms
[366.129s][info][gc,cpu         ] GC(686) User=0.00s Sys=0.00s Real=0.00s
[366.476s][info][gc,start       ] GC(687) Pause Young (Allocation Failure)
[366.480s][info][gc,heap        ] GC(687) PSYoungGen: 166464K(166912K)->2623K(163840K) Eden: 166400K(166400K)->0K(160768K) From: 64K(512K)->2623K(3072K)
[366.480s][info][gc,heap        ] GC(687) ParOldGen: 287620K(391680K)->287636K(391680K)
[366.480s][info][gc,metaspace   ] GC(687) Metaspace: 57303K(57664K)->57303K(57664K) NonClass: 51685K(51968K)->51685K(51968K) Class: 5618K(5696K)->5618K(5696K)
[366.480s][info][gc             ] GC(687) Pause Young (Allocation Failure) 443M->283M(542M) 4.303ms
[366.480s][info][gc,cpu         ] GC(687) User=0.00s Sys=0.00s Real=0.01s
[366.864s][info][gc,start       ] GC(688) Pause Young (Allocation Failure)
[366.868s][info][gc,heap        ] GC(688) PSYoungGen: 163391K(163840K)->2303K(158208K) Eden: 160767K(160768K)->0K(155648K) From: 2623K(3072K)->2303K(2560K)
[366.868s][info][gc,heap        ] GC(688) ParOldGen: 287636K(391680K)->287652K(391680K)
[366.868s][info][gc,metaspace   ] GC(688) Metaspace: 57303K(57664K)->57303K(57664K) NonClass: 51685K(51968K)->51685K(51968K) Class: 5618K(5696K)->5618K(5696K)
[366.868s][info][gc             ] GC(688) Pause Young (Allocation Failure) 440M->283M(537M) 4.166ms
[366.868s][info][gc,cpu         ] GC(688) User=0.01s Sys=0.00s Real=0.00s
[367.303s][info][gc,start       ] GC(689) Pause Young (Allocation Failure)
[367.306s][info][gc,heap        ] GC(689) PSYoungGen: 157951K(158208K)->2127K(153088K) Eden: 155648K(155648K)->0K(150528K) From: 2303K(2560K)->2127K(2560K)
[367.306s][info][gc,heap        ] GC(689) ParOldGen: 287652K(391680K)->287668K(391680K)
[367.306s][info][gc,metaspace   ] GC(689) Metaspace: 57306K(57664K)->57306K(57664K) NonClass: 51687K(51968K)->51687K(51968K) Class: 5618K(5696K)->5618K(5696K)
[367.306s][info][gc             ] GC(689) Pause Young (Allocation Failure) 435M->283M(532M) 3.577ms
[367.306s][info][gc,cpu         ] GC(689) User=0.01s Sys=0.00s Real=0.00s
[367.563s][info][gc,start       ] GC(690) Pause Young (Allocation Failure)
[367.566s][info][gc,heap        ] GC(690) PSYoungGen: 152655K(153088K)->1663K(147968K) Eden: 150528K(150528K)->0K(145920K) From: 2127K(2560K)->1663K(2048K)
[367.566s][info][gc,heap        ] GC(690) ParOldGen: 287668K(391680K)->288005K(391680K)
[367.566s][info][gc,metaspace   ] GC(690) Metaspace: 57306K(57664K)->57306K(57664K) NonClass: 51687K(51968K)->51687K(51968K) Class: 5618K(5696K)->5618K(5696K)
[367.567s][info][gc             ] GC(690) Pause Young (Allocation Failure) 430M->282M(527M) 3.327ms
[367.567s][info][gc,cpu         ] GC(690) User=0.00s Sys=0.00s Real=0.00s
[367.874s][info][gc,start       ] GC(691) Pause Young (Allocation Failure)
[367.879s][info][gc,heap        ] GC(691) PSYoungGen: 147583K(147968K)->3039K(176640K) Eden: 145920K(145920K)->0K(173568K) From: 1663K(2048K)->3039K(3072K)
[367.879s][info][gc,heap        ] GC(691) ParOldGen: 288005K(391680K)->288021K(391680K)
[367.879s][info][gc,metaspace   ] GC(691) Metaspace: 57306K(57664K)->57306K(57664K) NonClass: 51687K(51968K)->51687K(51968K) Class: 5618K(5696K)->5618K(5696K)
[367.879s][info][gc             ] GC(691) Pause Young (Allocation Failure) 425M->284M(555M) 4.833ms
[367.879s][info][gc,cpu         ] GC(691) User=0.01s Sys=0.00s Real=0.01s
[368.270s][info][gc,start       ] GC(692) Pause Young (Allocation Failure)
[368.274s][info][gc,heap        ] GC(692) PSYoungGen: 176299K(176640K)->2176K(208896K) Eden: 173259K(173568K)->0K(206336K) From: 3039K(3072K)->2176K(2560K)
[368.274s][info][gc,heap        ] GC(692) ParOldGen: 288021K(391680K)->288037K(391680K)
[368.274s][info][gc,metaspace   ] GC(692) Metaspace: 57306K(57664K)->57306K(57664K) NonClass: 51687K(51968K)->51687K(51968K) Class: 5618K(5696K)->5618K(5696K)
[368.274s][info][gc             ] GC(692) Pause Young (Allocation Failure) 453M->283M(586M) 4.321ms
[368.274s][info][gc,cpu         ] GC(692) User=0.01s Sys=0.00s Real=0.00s
[368.754s][info][gc,start       ] GC(693) Pause Young (Allocation Failure)
[368.757s][info][gc,heap        ] GC(693) PSYoungGen: 208512K(208896K)->1598K(201216K) Eden: 206336K(206336K)->0K(199168K) From: 2176K(2560K)->1598K(2048K)
[368.757s][info][gc,heap        ] GC(693) ParOldGen: 288037K(391680K)->288053K(391680K)
[368.757s][info][gc,metaspace   ] GC(693) Metaspace: 57306K(57664K)->57306K(57664K) NonClass: 51687K(51968K)->51687K(51968K) Class: 5618K(5696K)->5618K(5696K)
[368.757s][info][gc             ] GC(693) Pause Young (Allocation Failure) 484M->282M(579M) 3.091ms
[368.757s][info][gc,cpu         ] GC(693) User=0.00s Sys=0.00s Real=0.00s
[369.171s][info][gc,start       ] GC(694) Pause Young (Allocation Failure)
[369.176s][info][gc,heap        ] GC(694) PSYoungGen: 200675K(201216K)->2848K(217600K) Eden: 199076K(199168K)->0K(214016K) From: 1598K(2048K)->2848K(3584K)
[369.176s][info][gc,heap        ] GC(694) ParOldGen: 288053K(391680K)->288069K(391680K)
[369.176s][info][gc,metaspace   ] GC(694) Metaspace: 57306K(57664K)->57306K(57664K) NonClass: 51687K(51968K)->51687K(51968K) Class: 5618K(5696K)->5618K(5696K)
[369.176s][info][gc             ] GC(694) Pause Young (Allocation Failure) 477M->284M(595M) 5.014ms
[369.176s][info][gc,cpu         ] GC(694) User=0.01s Sys=0.00s Real=0.00s
[369.669s][info][gc,start       ] GC(695) Pause Young (Allocation Failure)
[369.676s][info][gc,heap        ] GC(695) PSYoungGen: 216864K(217600K)->3103K(240640K) Eden: 214016K(214016K)->0K(236544K) From: 2848K(3584K)->3103K(4096K)
[369.676s][info][gc,heap        ] GC(695) ParOldGen: 288069K(391680K)->288085K(391680K)
[369.676s][info][gc,metaspace   ] GC(695) Metaspace: 57308K(57664K)->57308K(57664K) NonClass: 51690K(51968K)->51690K(51968K) Class: 5618K(5696K)->5618K(5696K)
[369.676s][info][gc             ] GC(695) Pause Young (Allocation Failure) 493M->284M(617M) 7.293ms
[369.676s][info][gc,cpu         ] GC(695) User=0.01s Sys=0.00s Real=0.00s
[370.197s][info][gc,start       ] GC(696) Pause Young (Allocation Failure)
[370.202s][info][gc,heap        ] GC(696) PSYoungGen: 239512K(240640K)->2048K(240640K) Eden: 236409K(236544K)->0K(236544K) From: 3103K(4096K)->2048K(4096K)
[370.202s][info][gc,heap        ] GC(696) ParOldGen: 288085K(391680K)->288101K(391680K)
[370.202s][info][gc,metaspace   ] GC(696) Metaspace: 57308K(57664K)->57308K(57664K) NonClass: 51690K(51968K)->51690K(51968K) Class: 5618K(5696K)->5618K(5696K)
[370.202s][info][gc             ] GC(696) Pause Young (Allocation Failure) 515M->283M(617M) 4.994ms
[370.202s][info][gc,cpu         ] GC(696) User=0.01s Sys=0.00s Real=0.01s
[370.753s][info][gc,start       ] GC(697) Pause Young (Allocation Failure)
[370.755s][info][gc,heap        ] GC(697) PSYoungGen: 238592K(240640K)->607K(228864K) Eden: 236544K(236544K)->0K(227840K) From: 2048K(4096K)->607K(1024K)
[370.755s][info][gc,heap        ] GC(697) ParOldGen: 288101K(391680K)->288117K(391680K)
[370.755s][info][gc,metaspace   ] GC(697) Metaspace: 57308K(57664K)->57308K(57664K) NonClass: 51690K(51968K)->51690K(51968K) Class: 5618K(5696K)->5618K(5696K)
[370.755s][info][gc             ] GC(697) Pause Young (Allocation Failure) 514M->281M(606M) 2.425ms
[370.755s][info][gc,cpu         ] GC(697) User=0.01s Sys=0.00s Real=0.00s
[371.257s][info][gc,start       ] GC(698) Pause Young (Allocation Failure)
[371.261s][info][gc,heap        ] GC(698) PSYoungGen: 228447K(228864K)->1504K(221184K) Eden: 227840K(227840K)->0K(219648K) From: 607K(1024K)->1504K(1536K)
[371.261s][info][gc,heap        ] GC(698) ParOldGen: 288117K(391680K)->288133K(391680K)
[371.261s][info][gc,metaspace   ] GC(698) Metaspace: 57308K(57664K)->57308K(57664K) NonClass: 51690K(51968K)->51690K(51968K) Class: 5618K(5696K)->5618K(5696K)
[371.261s][info][gc             ] GC(698) Pause Young (Allocation Failure) 504M->282M(598M) 4.200ms
[371.261s][info][gc,cpu         ] GC(698) User=0.00s Sys=0.00s Real=0.01s
[371.759s][info][gc,start       ] GC(699) Pause Young (Allocation Failure)
[371.764s][info][gc,heap        ] GC(699) PSYoungGen: 221152K(221184K)->1593K(213504K) Eden: 219648K(219648K)->0K(211456K) From: 1504K(1536K)->1593K(2048K)
[371.764s][info][gc,heap        ] GC(699) ParOldGen: 288133K(391680K)->288149K(391680K)
[371.764s][info][gc,metaspace   ] GC(699) Metaspace: 57308K(57664K)->57308K(57664K) NonClass: 51690K(51968K)->51690K(51968K) Class: 5618K(5696K)->5618K(5696K)
[371.764s][info][gc             ] GC(699) Pause Young (Allocation Failure) 497M->282M(591M) 4.122ms
[371.764s][info][gc,cpu         ] GC(699) User=0.01s Sys=0.00s Real=0.00s
[372.192s][info][gc,start       ] GC(700) Pause Young (Allocation Failure)
[372.197s][info][gc,heap        ] GC(700) PSYoungGen: 213049K(213504K)->1951K(205824K) Eden: 211456K(211456K)->0K(203776K) From: 1593K(2048K)->1951K(2048K)
[372.197s][info][gc,heap        ] GC(700) ParOldGen: 288149K(391680K)->288165K(391680K)
[372.197s][info][gc,metaspace   ] GC(700) Metaspace: 57308K(57664K)->57308K(57664K) NonClass: 51690K(51968K)->51690K(51968K) Class: 5618K(5696K)->5618K(5696K)
[372.197s][info][gc             ] GC(700) Pause Young (Allocation Failure) 489M->283M(583M) 4.395ms
[372.197s][info][gc,cpu         ] GC(700) User=0.01s Sys=0.00s Real=0.00s
[372.667s][info][gc,start       ] GC(701) Pause Young (Allocation Failure)
[372.670s][info][gc,heap        ] GC(701) PSYoungGen: 205727K(205824K)->1792K(198656K) Eden: 203776K(203776K)->0K(196608K) From: 1951K(2048K)->1792K(2048K)
[372.671s][info][gc,heap        ] GC(701) ParOldGen: 288165K(391680K)->288181K(391680K)
[372.671s][info][gc,metaspace   ] GC(701) Metaspace: 57308K(57664K)->57308K(57664K) NonClass: 51690K(51968K)->51690K(51968K) Class: 5618K(5696K)->5618K(5696K)
[372.671s][info][gc             ] GC(701) Pause Young (Allocation Failure) 482M->283M(576M) 3.894ms
[372.671s][info][gc,cpu         ] GC(701) User=0.01s Sys=0.00s Real=0.01s
[373.102s][info][gc,start       ] GC(702) Pause Young (Allocation Failure)
[373.104s][info][gc,heap        ] GC(702) PSYoungGen: 198111K(198656K)->448K(189952K) Eden: 196319K(196608K)->0K(189440K) From: 1792K(2048K)->448K(512K)
[373.104s][info][gc,heap        ] GC(702) ParOldGen: 288181K(391680K)->288197K(391680K)
[373.104s][info][gc,metaspace   ] GC(702) Metaspace: 57308K(57664K)->57308K(57664K) NonClass: 51690K(51968K)->51690K(51968K) Class: 5618K(5696K)->5618K(5696K)
[373.104s][info][gc             ] GC(702) Pause Young (Allocation Failure) 474M->281M(568M) 2.361ms
[373.104s][info][gc,cpu         ] GC(702) User=0.00s Sys=0.00s Real=0.00s
[373.613s][info][gc,start       ] GC(703) Pause Young (Allocation Failure)
[373.617s][info][gc,heap        ] GC(703) PSYoungGen: 189888K(189952K)->1887K(184832K) Eden: 189440K(189440K)->0K(182784K) From: 448K(512K)->1887K(2048K)
[373.617s][info][gc,heap        ] GC(703) ParOldGen: 288197K(391680K)->288213K(391680K)
[373.617s][info][gc,metaspace   ] GC(703) Metaspace: 57308K(57664K)->57308K(57664K) NonClass: 51690K(51968K)->51690K(51968K) Class: 5618K(5696K)->5618K(5696K)
[373.617s][info][gc             ] GC(703) Pause Young (Allocation Failure) 466M->283M(563M) 3.503ms
[373.617s][info][gc,cpu         ] GC(703) User=0.01s Sys=0.01s Real=0.00s
[373.965s][info][gc,start       ] GC(704) Pause Young (Allocation Failure)
[373.970s][info][gc,heap        ] GC(704) PSYoungGen: 184671K(184832K)->2143K(179200K) Eden: 182784K(182784K)->0K(176640K) From: 1887K(2048K)->2143K(2560K)
[373.970s][info][gc,heap        ] GC(704) ParOldGen: 288213K(391680K)->288229K(391680K)
[373.970s][info][gc,metaspace   ] GC(704) Metaspace: 57308K(57664K)->57308K(57664K) NonClass: 51690K(51968K)->51690K(51968K) Class: 5618K(5696K)->5618K(5696K)
[373.970s][info][gc             ] GC(704) Pause Young (Allocation Failure) 461M->283M(557M) 4.728ms
[373.970s][info][gc,cpu         ] GC(704) User=0.00s Sys=0.00s Real=0.01s
[374.360s][info][gc,start       ] GC(705) Pause Young (Allocation Failure)
[374.364s][info][gc,heap        ] GC(705) PSYoungGen: 178783K(179200K)->2270K(173056K) Eden: 176640K(176640K)->0K(170496K) From: 2143K(2560K)->2270K(2560K)
[374.364s][info][gc,heap        ] GC(705) ParOldGen: 288229K(391680K)->288245K(391680K)
[374.364s][info][gc,metaspace   ] GC(705) Metaspace: 57308K(57664K)->57308K(57664K) NonClass: 51690K(51968K)->51690K(51968K) Class: 5618K(5696K)->5618K(5696K)
[374.364s][info][gc             ] GC(705) Pause Young (Allocation Failure) 456M->283M(551M) 4.322ms
[374.364s][info][gc,cpu         ] GC(705) User=0.00s Sys=0.00s Real=0.00s
[374.752s][info][gc,start       ] GC(706) Pause Young (Allocation Failure)
[374.755s][info][gc,heap        ] GC(706) PSYoungGen: 172766K(173056K)->736K(165888K) Eden: 170496K(170496K)->0K(164864K) From: 2270K(2560K)->736K(1024K)
[374.755s][info][gc,heap        ] GC(706) ParOldGen: 288245K(391680K)->288261K(391680K)
[374.755s][info][gc,metaspace   ] GC(706) Metaspace: 57308K(57664K)->57308K(57664K) NonClass: 51690K(51968K)->51690K(51968K) Class: 5618K(5696K)->5618K(5696K)
[374.755s][info][gc             ] GC(706) Pause Young (Allocation Failure) 450M->282M(544M) 2.791ms
[374.755s][info][gc,cpu         ] GC(706) User=0.01s Sys=0.01s Real=0.00s
[375.078s][info][gc,start       ] GC(707) Pause Young (Allocation Failure)
[375.083s][info][gc,heap        ] GC(707) PSYoungGen: 165600K(165888K)->2559K(198656K) Eden: 164864K(164864K)->0K(196096K) From: 736K(1024K)->2559K(2560K)
[375.083s][info][gc,heap        ] GC(707) ParOldGen: 288261K(391680K)->288277K(391680K)
[375.083s][info][gc,metaspace   ] GC(707) Metaspace: 57308K(57664K)->57308K(57664K) NonClass: 51690K(51968K)->51690K(51968K) Class: 5618K(5696K)->5618K(5696K)
[375.083s][info][gc             ] GC(707) Pause Young (Allocation Failure) 443M->284M(576M) 4.509ms
[375.083s][info][gc,cpu         ] GC(707) User=0.01s Sys=0.00s Real=0.01s
[375.557s][info][gc,start       ] GC(708) Pause Young (Allocation Failure)
[375.561s][info][gc,heap        ] GC(708) PSYoungGen: 198655K(198656K)->1321K(190464K) Eden: 196096K(196096K)->0K(188928K) From: 2559K(2560K)->1321K(1536K)
[375.561s][info][gc,heap        ] GC(708) ParOldGen: 288277K(391680K)->288293K(391680K)
[375.561s][info][gc,metaspace   ] GC(708) Metaspace: 57308K(57664K)->57308K(57664K) NonClass: 51690K(51968K)->51690K(51968K) Class: 5618K(5696K)->5618K(5696K)
[375.561s][info][gc             ] GC(708) Pause Young (Allocation Failure) 475M->282M(568M) 3.753ms
[375.561s][info][gc,cpu         ] GC(708) User=0.00s Sys=0.01s Real=0.01s
[375.965s][info][gc,start       ] GC(709) Pause Young (Allocation Failure)
[375.970s][info][gc,heap        ] GC(709) PSYoungGen: 190249K(190464K)->2400K(227328K) Eden: 188928K(188928K)->0K(224768K) From: 1321K(1536K)->2400K(2560K)
[375.970s][info][gc,heap        ] GC(709) ParOldGen: 288293K(391680K)->288309K(391680K)
[375.970s][info][gc,metaspace   ] GC(709) Metaspace: 57308K(57664K)->57308K(57664K) NonClass: 51690K(51968K)->51690K(51968K) Class: 5618K(5696K)->5618K(5696K)
[375.970s][info][gc             ] GC(709) Pause Young (Allocation Failure) 467M->283M(604M) 5.071ms
[375.970s][info][gc,cpu         ] GC(709) User=0.01s Sys=0.00s Real=0.01s
[376.468s][info][gc,start       ] GC(710) Pause Young (Allocation Failure)
[376.473s][info][gc,heap        ] GC(710) PSYoungGen: 227168K(227328K)->2143K(266240K) Eden: 224768K(224768K)->0K(262656K) From: 2400K(2560K)->2143K(3584K)
[376.473s][info][gc,heap        ] GC(710) ParOldGen: 288309K(391680K)->288325K(391680K)
[376.473s][info][gc,metaspace   ] GC(710) Metaspace: 57308K(57664K)->57308K(57664K) NonClass: 51690K(51968K)->51690K(51968K) Class: 5618K(5696K)->5618K(5696K)
[376.473s][info][gc             ] GC(710) Pause Young (Allocation Failure) 503M->283M(642M) 4.967ms
[376.473s][info][gc,cpu         ] GC(710) User=0.00s Sys=0.00s Real=0.01s
[377.076s][info][gc,start       ] GC(711) Pause Young (Allocation Failure)
[377.081s][info][gc,heap        ] GC(711) PSYoungGen: 264799K(266240K)->2367K(254976K) Eden: 262656K(262656K)->0K(252416K) From: 2143K(3584K)->2367K(2560K)
[377.081s][info][gc,heap        ] GC(711) ParOldGen: 288325K(391680K)->288341K(391680K)
[377.081s][info][gc,metaspace   ] GC(711) Metaspace: 57308K(57664K)->57308K(57664K) NonClass: 51690K(51968K)->51690K(51968K) Class: 5618K(5696K)->5618K(5696K)
[377.081s][info][gc             ] GC(711) Pause Young (Allocation Failure) 540M->283M(631M) 4.731ms
[377.081s][info][gc,cpu         ] GC(711) User=0.01s Sys=0.00s Real=0.01s
[379.840s][info][gc,start       ] GC(712) Pause Young (Allocation Failure)
[379.860s][info][gc,heap        ] GC(712) PSYoungGen: 254768K(254976K)->3576K(246272K) Eden: 252401K(252416K)->0K(242688K) From: 2367K(2560K)->3576K(3584K)
[379.860s][info][gc,heap        ] GC(712) ParOldGen: 288341K(391680K)->376687K(391680K)
[379.860s][info][gc,metaspace   ] GC(712) Metaspace: 57418K(57728K)->57418K(57728K) NonClass: 51799K(52032K)->51799K(52032K) Class: 5618K(5696K)->5618K(5696K)
[379.860s][info][gc             ] GC(712) Pause Young (Allocation Failure) 530M->371M(623M) 20.780ms
[379.860s][info][gc,cpu         ] GC(712) User=0.04s Sys=0.00s Real=0.02s
[380.274s][info][gc,start       ] GC(713) Pause Young (Allocation Failure)
[380.297s][info][gc,heap        ] GC(713) PSYoungGen: 246264K(246272K)->18474K(279552K) Eden: 242688K(242688K)->0K(242688K) From: 3576K(3584K)->18474K(36864K)
[380.297s][info][gc,heap        ] GC(713) ParOldGen: 376687K(391680K)->380248K(391680K)
[380.297s][info][gc,metaspace   ] GC(713) Metaspace: 57418K(57728K)->57418K(57728K) NonClass: 51799K(52032K)->51799K(52032K) Class: 5618K(5696K)->5618K(5696K)
[380.297s][info][gc             ] GC(713) Pause Young (Allocation Failure) 608M->389M(655M) 23.117ms
[380.297s][info][gc,cpu         ] GC(713) User=0.04s Sys=0.01s Real=0.02s
[380.797s][info][gc,start       ] GC(714) Pause Young (Allocation Failure)
[380.805s][info][gc,heap        ] GC(714) PSYoungGen: 261124K(279552K)->384K(279552K) Eden: 242649K(242688K)->0K(242688K) From: 18474K(36864K)->384K(36864K)
[380.805s][info][gc,heap        ] GC(714) ParOldGen: 380248K(391680K)->395932K(396288K)
[380.805s][info][gc,metaspace   ] GC(714) Metaspace: 57418K(57728K)->57418K(57728K) NonClass: 51799K(52032K)->51799K(52032K) Class: 5618K(5696K)->5618K(5696K)
[380.805s][info][gc             ] GC(714) Pause Young (Allocation Failure) 626M->387M(660M) 8.487ms
[380.805s][info][gc,cpu         ] GC(714) User=0.01s Sys=0.00s Real=0.01s
[381.370s][info][gc,start       ] GC(715) Pause Young (Allocation Failure)
[381.375s][info][gc,heap        ] GC(715) PSYoungGen: 243072K(279552K)->2784K(295424K) Eden: 242688K(242688K)->0K(260608K) From: 384K(36864K)->2784K(34816K)
[381.375s][info][gc,heap        ] GC(715) ParOldGen: 395932K(396288K)->395948K(396288K)
[381.375s][info][gc,metaspace   ] GC(715) Metaspace: 57418K(57728K)->57418K(57728K) NonClass: 51799K(52032K)->51799K(52032K) Class: 5618K(5696K)->5618K(5696K)
[381.375s][info][gc             ] GC(715) Pause Young (Allocation Failure) 624M->389M(675M) 5.598ms
[381.375s][info][gc,cpu         ] GC(715) User=0.00s Sys=0.01s Real=0.00s
[381.965s][info][gc,start       ] GC(716) Pause Young (Allocation Failure)
[381.970s][info][gc,heap        ] GC(716) PSYoungGen: 263242K(295424K)->2016K(295936K) Eden: 260458K(260608K)->0K(260608K) From: 2784K(34816K)->2016K(35328K)
[381.970s][info][gc,heap        ] GC(716) ParOldGen: 395948K(396288K)->395964K(396288K)
[381.970s][info][gc,metaspace   ] GC(716) Metaspace: 57418K(57728K)->57418K(57728K) NonClass: 51799K(52032K)->51799K(52032K) Class: 5618K(5696K)->5618K(5696K)
[381.970s][info][gc             ] GC(716) Pause Young (Allocation Failure) 643M->388M(676M) 4.723ms
[381.970s][info][gc,cpu         ] GC(716) User=0.00s Sys=0.00s Real=0.01s
[382.569s][info][gc,start       ] GC(717) Pause Young (Allocation Failure)
[382.575s][info][gc,heap        ] GC(717) PSYoungGen: 262624K(295936K)->2272K(295936K) Eden: 260608K(260608K)->0K(264192K) From: 2016K(35328K)->2272K(31744K)
[382.575s][info][gc,heap        ] GC(717) ParOldGen: 395964K(396288K)->395980K(396288K)
[382.575s][info][gc,metaspace   ] GC(717) Metaspace: 57418K(57728K)->57418K(57728K) NonClass: 51799K(52032K)->51799K(52032K) Class: 5618K(5696K)->5618K(5696K)
[382.575s][info][gc             ] GC(717) Pause Young (Allocation Failure) 643M->388M(676M) 5.547ms
[382.575s][info][gc,cpu         ] GC(717) User=0.01s Sys=0.00s Real=0.00s
[383.158s][info][gc,start       ] GC(718) Pause Young (Allocation Failure)
[383.162s][info][gc,heap        ] GC(718) PSYoungGen: 266464K(295936K)->1531K(296960K) Eden: 264192K(264192K)->0K(264192K) From: 2272K(31744K)->1531K(32768K)
[383.162s][info][gc,heap        ] GC(718) ParOldGen: 395980K(396288K)->395996K(396288K)
[383.162s][info][gc,metaspace   ] GC(718) Metaspace: 57418K(57728K)->57418K(57728K) NonClass: 51799K(52032K)->51799K(52032K) Class: 5618K(5696K)->5618K(5696K)
[383.162s][info][gc             ] GC(718) Pause Young (Allocation Failure) 646M->388M(677M) 3.858ms
[383.162s][info][gc,cpu         ] GC(718) User=0.01s Sys=0.00s Real=0.01s
[383.755s][info][gc,start       ] GC(719) Pause Young (Allocation Failure)
[383.758s][info][gc,heap        ] GC(719) PSYoungGen: 265723K(296960K)->1294K(299520K) Eden: 264192K(264192K)->0K(269824K) From: 1531K(32768K)->1294K(29696K)
[383.758s][info][gc,heap        ] GC(719) ParOldGen: 395996K(396288K)->396012K(396288K)
[383.758s][info][gc,metaspace   ] GC(719) Metaspace: 57418K(57728K)->57418K(57728K) NonClass: 51799K(52032K)->51799K(52032K) Class: 5618K(5696K)->5618K(5696K)
[383.759s][info][gc             ] GC(719) Pause Young (Allocation Failure) 646M->387M(679M) 3.746ms
[383.759s][info][gc,cpu         ] GC(719) User=0.01s Sys=0.00s Real=0.00s
[384.352s][info][gc,start       ] GC(720) Pause Young (Allocation Failure)
[384.355s][info][gc,heap        ] GC(720) PSYoungGen: 271118K(299520K)->768K(260608K) Eden: 269824K(269824K)->0K(259584K) From: 1294K(29696K)->768K(1024K)
[384.355s][info][gc,heap        ] GC(720) ParOldGen: 396012K(396288K)->396028K(396288K)
[384.355s][info][gc,metaspace   ] GC(720) Metaspace: 57418K(57728K)->57418K(57728K) NonClass: 51799K(52032K)->51799K(52032K) Class: 5618K(5696K)->5618K(5696K)
[384.355s][info][gc             ] GC(720) Pause Young (Allocation Failure) 651M->387M(641M) 2.944ms
[384.355s][info][gc,cpu         ] GC(720) User=0.00s Sys=0.00s Real=0.00s
[384.898s][info][gc,start       ] GC(721) Pause Young (Allocation Failure)
[384.901s][info][gc,heap        ] GC(721) PSYoungGen: 260309K(260608K)->608K(266240K) Eden: 259541K(259584K)->0K(249856K) From: 768K(1024K)->608K(16384K)
[384.901s][info][gc,heap        ] GC(721) ParOldGen: 396028K(396288K)->396044K(396288K)
[384.901s][info][gc,metaspace   ] GC(721) Metaspace: 57418K(57728K)->57418K(57728K) NonClass: 51799K(52032K)->51799K(52032K) Class: 5618K(5696K)->5618K(5696K)
[384.901s][info][gc             ] GC(721) Pause Young (Allocation Failure) 640M->387M(647M) 2.533ms
[384.901s][info][gc,cpu         ] GC(721) User=0.00s Sys=0.00s Real=0.01s
[385.474s][info][gc,start       ] GC(722) Pause Young (Allocation Failure)
[385.480s][info][gc,heap        ] GC(722) PSYoungGen: 250464K(266240K)->2976K(243712K) Eden: 249856K(249856K)->0K(240640K) From: 608K(16384K)->2976K(3072K)
[385.480s][info][gc,heap        ] GC(722) ParOldGen: 396044K(396288K)->396060K(396288K)
[385.480s][info][gc,metaspace   ] GC(722) Metaspace: 57418K(57728K)->57418K(57728K) NonClass: 51799K(52032K)->51799K(52032K) Class: 5618K(5696K)->5618K(5696K)
[385.480s][info][gc             ] GC(722) Pause Young (Allocation Failure) 631M->389M(625M) 6.224ms
[385.480s][info][gc,cpu         ] GC(722) User=0.01s Sys=0.00s Real=0.01s
[385.995s][info][gc,start       ] GC(723) Pause Young (Allocation Failure)
[385.998s][info][gc,heap        ] GC(723) PSYoungGen: 243616K(243712K)->607K(245248K) Eden: 240640K(240640K)->0K(231424K) From: 2976K(3072K)->607K(13824K)
[385.998s][info][gc,heap        ] GC(723) ParOldGen: 396060K(396288K)->396076K(396288K)
[385.998s][info][gc,metaspace   ] GC(723) Metaspace: 57418K(57728K)->57418K(57728K) NonClass: 51799K(52032K)->51799K(52032K) Class: 5618K(5696K)->5618K(5696K)
[385.999s][info][gc             ] GC(723) Pause Young (Allocation Failure) 624M->387M(626M) 3.248ms
[385.999s][info][gc,cpu         ] GC(723) User=0.00s Sys=0.00s Real=0.00s
[386.555s][info][gc,start       ] GC(724) Pause Young (Allocation Failure)
[386.560s][info][gc,heap        ] GC(724) PSYoungGen: 231911K(245248K)->1504K(224256K) Eden: 231304K(231424K)->0K(222720K) From: 607K(13824K)->1504K(1536K)
[386.560s][info][gc,heap        ] GC(724) ParOldGen: 396076K(396288K)->396092K(396288K)
[386.560s][info][gc,metaspace   ] GC(724) Metaspace: 57418K(57728K)->57418K(57728K) NonClass: 51799K(52032K)->51799K(52032K) Class: 5618K(5696K)->5618K(5696K)
[386.560s][info][gc             ] GC(724) Pause Young (Allocation Failure) 613M->388M(606M) 4.226ms
[386.560s][info][gc,cpu         ] GC(724) User=0.01s Sys=0.00s Real=0.01s
[387.062s][info][gc,start       ] GC(725) Pause Young (Allocation Failure)
[387.066s][info][gc,heap        ] GC(725) PSYoungGen: 224224K(224256K)->1630K(226816K) Eden: 222720K(222720K)->0K(214528K) From: 1504K(1536K)->1630K(12288K)
[387.066s][info][gc,heap        ] GC(725) ParOldGen: 396092K(396288K)->396108K(396288K)
[387.066s][info][gc,metaspace   ] GC(725) Metaspace: 57418K(57728K)->57418K(57728K) NonClass: 51799K(52032K)->51799K(52032K) Class: 5618K(5696K)->5618K(5696K)
[387.066s][info][gc             ] GC(725) Pause Young (Allocation Failure) 605M->388M(608M) 4.241ms
[387.066s][info][gc,cpu         ] GC(725) User=0.01s Sys=0.00s Real=0.00s
[387.552s][info][gc,start       ] GC(726) Pause Young (Allocation Failure)
[387.555s][info][gc,heap        ] GC(726) PSYoungGen: 216158K(226816K)->617K(207872K) Eden: 214528K(214528K)->0K(206848K) From: 1630K(12288K)->617K(1024K)
[387.555s][info][gc,heap        ] GC(726) ParOldGen: 396108K(396288K)->396124K(396288K)
[387.555s][info][gc,metaspace   ] GC(726) Metaspace: 57418K(57728K)->57418K(57728K) NonClass: 51799K(52032K)->51799K(52032K) Class: 5618K(5696K)->5618K(5696K)
[387.555s][info][gc             ] GC(726) Pause Young (Allocation Failure) 597M->387M(590M) 2.987ms
[387.555s][info][gc,cpu         ] GC(726) User=0.00s Sys=0.00s Real=0.00s
[387.977s][info][gc,start       ] GC(727) Pause Young (Allocation Failure)
[387.983s][info][gc,heap        ] GC(727) PSYoungGen: 207465K(207872K)->3263K(209408K) Eden: 206848K(206848K)->0K(199168K) From: 617K(1024K)->3263K(10240K)
[387.983s][info][gc,heap        ] GC(727) ParOldGen: 396124K(396288K)->396140K(396288K)
[387.983s][info][gc,metaspace   ] GC(727) Metaspace: 57418K(57728K)->57418K(57728K) NonClass: 51799K(52032K)->51799K(52032K) Class: 5618K(5696K)->5618K(5696K)
[387.983s][info][gc             ] GC(727) Pause Young (Allocation Failure) 589M->390M(591M) 5.989ms
[387.983s][info][gc,cpu         ] GC(727) User=0.01s Sys=0.00s Real=0.01s
[388.468s][info][gc,start       ] GC(728) Pause Young (Allocation Failure)
[388.471s][info][gc,heap        ] GC(728) PSYoungGen: 202431K(209408K)->864K(193024K) Eden: 199168K(199168K)->0K(192000K) From: 3263K(10240K)->864K(1024K)
[388.471s][info][gc,heap        ] GC(728) ParOldGen: 396140K(396288K)->396156K(396288K)
[388.471s][info][gc,metaspace   ] GC(728) Metaspace: 57418K(57728K)->57418K(57728K) NonClass: 51799K(52032K)->51799K(52032K) Class: 5618K(5696K)->5618K(5696K)
[388.472s][info][gc             ] GC(728) Pause Young (Allocation Failure) 584M->387M(575M) 3.296ms
[388.472s][info][gc,cpu         ] GC(728) User=0.00s Sys=0.00s Real=0.01s
[388.866s][info][gc,start       ] GC(729) Pause Young (Allocation Failure)
[388.871s][info][gc,heap        ] GC(729) PSYoungGen: 192864K(193024K)->2368K(195072K) Eden: 192000K(192000K)->0K(185344K) From: 864K(1024K)->2368K(9728K)
[388.871s][info][gc,heap        ] GC(729) ParOldGen: 396156K(396288K)->396172K(396288K)
[388.871s][info][gc,metaspace   ] GC(729) Metaspace: 57418K(57728K)->57418K(57728K) NonClass: 51799K(52032K)->51799K(52032K) Class: 5618K(5696K)->5618K(5696K)
[388.871s][info][gc             ] GC(729) Pause Young (Allocation Failure) 575M->389M(577M) 5.069ms
[388.871s][info][gc,cpu         ] GC(729) User=0.01s Sys=0.00s Real=0.01s
[389.283s][info][gc,start       ] GC(730) Pause Young (Allocation Failure)
[389.289s][info][gc,heap        ] GC(730) PSYoungGen: 187712K(195072K)->2911K(181760K) Eden: 185344K(185344K)->0K(178688K) From: 2368K(9728K)->2911K(3072K)
[389.290s][info][gc,heap        ] GC(730) ParOldGen: 396172K(396288K)->396188K(396288K)
[389.290s][info][gc,metaspace   ] GC(730) Metaspace: 57418K(57728K)->57418K(57728K) NonClass: 51799K(52032K)->51799K(52032K) Class: 5618K(5696K)->5618K(5696K)
[389.290s][info][gc             ] GC(730) Pause Young (Allocation Failure) 570M->389M(564M) 6.290ms
[389.290s][info][gc,cpu         ] GC(730) User=0.01s Sys=0.01s Real=0.01s
[389.685s][info][gc,start       ] GC(731) Pause Young (Allocation Failure)
[389.689s][info][gc,heap        ] GC(731) PSYoungGen: 181599K(181760K)->2783K(196096K) Eden: 178688K(178688K)->0K(180224K) From: 2911K(3072K)->2783K(15872K)
[389.690s][info][gc,heap        ] GC(731) ParOldGen: 396188K(396288K)->396204K(396288K)
[389.690s][info][gc,metaspace   ] GC(731) Metaspace: 57418K(57728K)->57418K(57728K) NonClass: 51799K(52032K)->51799K(52032K) Class: 5618K(5696K)->5618K(5696K)
[389.690s][info][gc             ] GC(731) Pause Young (Allocation Failure) 564M->389M(578M) 4.706ms
[389.690s][info][gc,cpu         ] GC(731) User=0.00s Sys=0.01s Real=0.01s
[390.089s][info][gc,start       ] GC(732) Pause Young (Allocation Failure)
[390.093s][info][gc,heap        ] GC(732) PSYoungGen: 182872K(196096K)->2080K(195072K) Eden: 180089K(180224K)->0K(180224K) From: 2783K(15872K)->2080K(14848K)
[390.093s][info][gc,heap        ] GC(732) ParOldGen: 396204K(396288K)->396220K(396288K)
[390.093s][info][gc,metaspace   ] GC(732) Metaspace: 57418K(57728K)->57418K(57728K) NonClass: 51799K(52032K)->51799K(52032K) Class: 5618K(5696K)->5618K(5696K)
[390.093s][info][gc             ] GC(732) Pause Young (Allocation Failure) 565M->388M(577M) 4.142ms
[390.094s][info][gc,cpu         ] GC(732) User=0.01s Sys=0.00s Real=0.00s
[390.543s][info][gc,start       ] GC(733) Pause Young (Allocation Failure)
[390.547s][info][gc,heap        ] GC(733) PSYoungGen: 182181K(195072K)->1472K(175616K) Eden: 180101K(180224K)->0K(174080K) From: 2080K(14848K)->1472K(1536K)
[390.547s][info][gc,heap        ] GC(733) ParOldGen: 396220K(396288K)->396236K(396288K)
[390.547s][info][gc,metaspace   ] GC(733) Metaspace: 57418K(57728K)->57418K(57728K) NonClass: 51799K(52032K)->51799K(52032K) Class: 5618K(5696K)->5618K(5696K)
[390.547s][info][gc             ] GC(733) Pause Young (Allocation Failure) 564M->388M(558M) 3.959ms
[390.547s][info][gc,cpu         ] GC(733) User=0.01s Sys=0.00s Real=0.00s
[390.887s][info][gc,start       ] GC(734) Pause Young (Allocation Failure)
[390.891s][info][gc,heap        ] GC(734) PSYoungGen: 175552K(175616K)->2687K(216576K) Eden: 174080K(174080K)->0K(203264K) From: 1472K(1536K)->2687K(13312K)
[390.891s][info][gc,heap        ] GC(734) ParOldGen: 396236K(396288K)->396252K(396288K)
[390.891s][info][gc,metaspace   ] GC(734) Metaspace: 57418K(57728K)->57418K(57728K) NonClass: 51799K(52032K)->51799K(52032K) Class: 5618K(5696K)->5618K(5696K)
[390.891s][info][gc             ] GC(734) Pause Young (Allocation Failure) 558M->389M(598M) 4.544ms
[390.891s][info][gc,cpu         ] GC(734) User=0.01s Sys=0.00s Real=0.01s
[391.363s][info][gc,start       ] GC(735) Pause Young (Allocation Failure)
[391.367s][info][gc,heap        ] GC(735) PSYoungGen: 205951K(216576K)->1504K(219648K) Eden: 203264K(203264K)->0K(207360K) From: 2687K(13312K)->1504K(12288K)
[391.367s][info][gc,heap        ] GC(735) ParOldGen: 396252K(396288K)->396268K(396288K)
[391.367s][info][gc,metaspace   ] GC(735) Metaspace: 57418K(57728K)->57418K(57728K) NonClass: 51799K(52032K)->51799K(52032K) Class: 5618K(5696K)->5618K(5696K)
[391.367s][info][gc             ] GC(735) Pause Young (Allocation Failure) 588M->388M(601M) 4.083ms
[391.367s][info][gc,cpu         ] GC(735) User=0.00s Sys=0.01s Real=0.00s
[391.801s][info][gc,start       ] GC(736) Pause Young (Allocation Failure)
[391.804s][info][gc,heap        ] GC(736) PSYoungGen: 208864K(219648K)->927K(200704K) Eden: 207360K(207360K)->0K(199680K) From: 1504K(12288K)->927K(1024K)
[391.804s][info][gc,heap        ] GC(736) ParOldGen: 396268K(396288K)->396284K(396288K)
[391.804s][info][gc,metaspace   ] GC(736) Metaspace: 57418K(57728K)->57418K(57728K) NonClass: 51799K(52032K)->51799K(52032K) Class: 5618K(5696K)->5618K(5696K)
[391.804s][info][gc             ] GC(736) Pause Young (Allocation Failure) 590M->387M(583M) 2.600ms
[391.804s][info][gc,cpu         ] GC(736) User=0.01s Sys=0.00s Real=0.00s
[392.265s][info][gc,start       ] GC(737) Pause Young (Allocation Failure)
[392.270s][info][gc,heap        ] GC(737) PSYoungGen: 200345K(200704K)->1855K(194560K) Eden: 199418K(199680K)->0K(192512K) From: 927K(1024K)->1855K(2048K)
[392.270s][info][gc,heap        ] GC(737) ParOldGen: 396284K(396288K)->396300K(396800K)
[392.270s][info][gc,metaspace   ] GC(737) Metaspace: 57418K(57728K)->57418K(57728K) NonClass: 51799K(52032K)->51799K(52032K) Class: 5618K(5696K)->5618K(5696K)
[392.270s][info][gc             ] GC(737) Pause Young (Allocation Failure) 582M->388M(577M) 4.479ms
[392.270s][info][gc,cpu         ] GC(737) User=0.01s Sys=0.00s Real=0.01s
[392.690s][info][gc,start       ] GC(738) Pause Young (Allocation Failure)
[392.694s][info][gc,heap        ] GC(738) PSYoungGen: 194157K(194560K)->1856K(187904K) Eden: 192301K(192512K)->0K(185856K) From: 1855K(2048K)->1856K(2048K)
[392.694s][info][gc,heap        ] GC(738) ParOldGen: 396300K(396800K)->396316K(396800K)
[392.694s][info][gc,metaspace   ] GC(738) Metaspace: 57418K(57728K)->57418K(57728K) NonClass: 51799K(52032K)->51799K(52032K) Class: 5618K(5696K)->5618K(5696K)
[392.695s][info][gc             ] GC(738) Pause Young (Allocation Failure) 576M->388M(571M) 4.336ms
[392.695s][info][gc,cpu         ] GC(738) User=0.01s Sys=0.00s Real=0.00s
[393.149s][info][gc,start       ] GC(739) Pause Young (Allocation Failure)
[393.151s][info][gc,heap        ] GC(739) PSYoungGen: 187712K(187904K)->320K(179712K) Eden: 185856K(185856K)->0K(179200K) From: 1856K(2048K)->320K(512K)
[393.151s][info][gc,heap        ] GC(739) ParOldGen: 396316K(396800K)->396332K(396800K)
[393.151s][info][gc,metaspace   ] GC(739) Metaspace: 57418K(57728K)->57418K(57728K) NonClass: 51799K(52032K)->51799K(52032K) Class: 5618K(5696K)->5618K(5696K)
[393.151s][info][gc             ] GC(739) Pause Young (Allocation Failure) 570M->387M(563M) 2.679ms
[393.151s][info][gc,cpu         ] GC(739) User=0.00s Sys=0.00s Real=0.01s
[393.553s][info][gc,start       ] GC(740) Pause Young (Allocation Failure)
[393.555s][info][gc,heap        ] GC(740) PSYoungGen: 179520K(179712K)->628K(182784K) Eden: 179200K(179200K)->0K(173056K) From: 320K(512K)->628K(9728K)
[393.555s][info][gc,heap        ] GC(740) ParOldGen: 396332K(396800K)->396348K(396800K)
[393.555s][info][gc,metaspace   ] GC(740) Metaspace: 57418K(57728K)->57418K(57728K) NonClass: 51799K(52032K)->51799K(52032K) Class: 5618K(5696K)->5618K(5696K)
[393.555s][info][gc             ] GC(740) Pause Young (Allocation Failure) 562M->387M(566M) 2.357ms
[393.555s][info][gc,cpu         ] GC(740) User=0.00s Sys=0.00s Real=0.00s
[393.958s][info][gc,start       ] GC(741) Pause Young (Allocation Failure)
[393.964s][info][gc,heap        ] GC(741) PSYoungGen: 173509K(182784K)->992K(168448K) Eden: 172880K(173056K)->0K(167424K) From: 628K(9728K)->992K(1024K)
[393.964s][info][gc,heap        ] GC(741) ParOldGen: 396348K(396800K)->396364K(396800K)
[393.964s][info][gc,metaspace   ] GC(741) Metaspace: 57418K(57728K)->57418K(57728K) NonClass: 51799K(52032K)->51799K(52032K) Class: 5618K(5696K)->5618K(5696K)
[393.964s][info][gc             ] GC(741) Pause Young (Allocation Failure) 556M->388M(552M) 6.407ms
[393.964s][info][gc,cpu         ] GC(741) User=0.00s Sys=0.00s Real=0.01s
[394.279s][info][gc,start       ] GC(742) Pause Young (Allocation Failure)
[394.285s][info][gc,heap        ] GC(742) PSYoungGen: 168416K(168448K)->3168K(185344K) Eden: 167424K(167424K)->0K(176640K) From: 992K(1024K)->3168K(8704K)
[394.285s][info][gc,heap        ] GC(742) ParOldGen: 396364K(396800K)->396380K(396800K)
[394.285s][info][gc,metaspace   ] GC(742) Metaspace: 57419K(57728K)->57419K(57728K) NonClass: 51801K(52032K)->51801K(52032K) Class: 5618K(5696K)->5618K(5696K)
[394.285s][info][gc             ] GC(742) Pause Young (Allocation Failure) 551M->390M(568M) 5.774ms
[394.285s][info][gc,cpu         ] GC(742) User=0.01s Sys=0.00s Real=0.00s
[394.680s][info][gc,start       ] GC(743) Pause Young (Allocation Failure)
[394.687s][info][gc,heap        ] GC(743) PSYoungGen: 179808K(185344K)->3038K(207872K) Eden: 176640K(176640K)->0K(199680K) From: 3168K(8704K)->3038K(8192K)
[394.687s][info][gc,heap        ] GC(743) ParOldGen: 396380K(396800K)->396396K(396800K)
[394.687s][info][gc,metaspace   ] GC(743) Metaspace: 57419K(57728K)->57419K(57728K) NonClass: 51801K(52032K)->51801K(52032K) Class: 5618K(5696K)->5618K(5696K)
[394.687s][info][gc             ] GC(743) Pause Young (Allocation Failure) 562M->390M(590M) 6.885ms
[394.687s][info][gc,cpu         ] GC(743) User=0.01s Sys=0.00s Real=0.00s
[395.158s][info][gc,start       ] GC(744) Pause Young (Allocation Failure)
[395.161s][info][gc,heap        ] GC(744) PSYoungGen: 202718K(207872K)->1470K(207872K) Eden: 199680K(199680K)->0K(199680K) From: 3038K(8192K)->1470K(8192K)
[395.161s][info][gc,heap        ] GC(744) ParOldGen: 396396K(396800K)->396412K(396800K)
[395.161s][info][gc,metaspace   ] GC(744) Metaspace: 57419K(57728K)->57419K(57728K) NonClass: 51801K(52032K)->51801K(52032K) Class: 5618K(5696K)->5618K(5696K)
[395.161s][info][gc             ] GC(744) Pause Young (Allocation Failure) 585M->388M(590M) 3.294ms
[395.161s][info][gc,cpu         ] GC(744) User=0.00s Sys=0.01s Real=0.01s
[395.571s][info][gc,start       ] GC(745) Pause Young (Allocation Failure)
[395.576s][info][gc,heap        ] GC(745) PSYoungGen: 201150K(207872K)->2591K(244224K) Eden: 199680K(199680K)->0K(237568K) From: 1470K(8192K)->2591K(6656K)
[395.576s][info][gc,heap        ] GC(745) ParOldGen: 396412K(396800K)->396428K(396800K)
[395.576s][info][gc,metaspace   ] GC(745) Metaspace: 57419K(57728K)->57419K(57728K) NonClass: 51801K(52032K)->51801K(52032K) Class: 5618K(5696K)->5618K(5696K)
[395.576s][info][gc             ] GC(745) Pause Young (Allocation Failure) 583M->389M(626M) 5.386ms
[395.576s][info][gc,cpu         ] GC(745) User=0.01s Sys=0.00s Real=0.00s
[396.236s][info][gc,start       ] GC(746) Pause Young (Allocation Failure)
[396.240s][info][gc,heap        ] GC(746) PSYoungGen: 239864K(244224K)->1184K(244736K) Eden: 237273K(237568K)->0K(237568K) From: 2591K(6656K)->1184K(7168K)
[396.240s][info][gc,heap        ] GC(746) ParOldGen: 396428K(396800K)->396444K(396800K)
[396.240s][info][gc,metaspace   ] GC(746) Metaspace: 57419K(57728K)->57419K(57728K) NonClass: 51801K(52032K)->51801K(52032K) Class: 5618K(5696K)->5618K(5696K)
[396.240s][info][gc             ] GC(746) Pause Young (Allocation Failure) 621M->388M(626M) 3.553ms
[396.240s][info][gc,cpu         ] GC(746) User=0.01s Sys=0.00s Real=0.01s
[396.757s][info][gc,start       ] GC(747) Pause Young (Allocation Failure)
[396.760s][info][gc,heap        ] GC(747) PSYoungGen: 238752K(244736K)->1215K(230400K) Eden: 237568K(237568K)->0K(228864K) From: 1184K(7168K)->1215K(1536K)
[396.760s][info][gc,heap        ] GC(747) ParOldGen: 396444K(396800K)->396460K(396800K)
[396.760s][info][gc,metaspace   ] GC(747) Metaspace: 57419K(57728K)->57419K(57728K) NonClass: 51801K(52032K)->51801K(52032K) Class: 5618K(5696K)->5618K(5696K)
[396.760s][info][gc             ] GC(747) Pause Young (Allocation Failure) 620M->388M(612M) 3.248ms
[396.760s][info][gc,cpu         ] GC(747) User=0.01s Sys=0.01s Real=0.01s
[397.263s][info][gc,start       ] GC(748) Pause Young (Allocation Failure)
[397.267s][info][gc,heap        ] GC(748) PSYoungGen: 230079K(230400K)->1504K(221696K) Eden: 228864K(228864K)->0K(220160K) From: 1215K(1536K)->1504K(1536K)
[397.267s][info][gc,heap        ] GC(748) ParOldGen: 396460K(396800K)->396476K(396800K)
[397.267s][info][gc,metaspace   ] GC(748) Metaspace: 57419K(57728K)->57419K(57728K) NonClass: 51801K(52032K)->51801K(52032K) Class: 5618K(5696K)->5618K(5696K)
[397.267s][info][gc             ] GC(748) Pause Young (Allocation Failure) 611M->388M(604M) 4.058ms
[397.268s][info][gc,cpu         ] GC(748) User=0.00s Sys=0.00s Real=0.00s
[397.766s][info][gc,start       ] GC(749) Pause Young (Allocation Failure)
[397.770s][info][gc,heap        ] GC(749) PSYoungGen: 221664K(221696K)->2334K(214528K) Eden: 220160K(220160K)->0K(211968K) From: 1504K(1536K)->2334K(2560K)
[397.770s][info][gc,heap        ] GC(749) ParOldGen: 396476K(396800K)->396492K(396800K)
[397.770s][info][gc,metaspace   ] GC(749) Metaspace: 57419K(57728K)->57419K(57728K) NonClass: 51801K(52032K)->51801K(52032K) Class: 5618K(5696K)->5618K(5696K)
[397.770s][info][gc             ] GC(749) Pause Young (Allocation Failure) 603M->389M(597M) 4.730ms
[397.770s][info][gc,cpu         ] GC(749) User=0.01s Sys=0.00s Real=0.01s
[398.263s][info][gc,start       ] GC(750) Pause Young (Allocation Failure)
[398.268s][info][gc,heap        ] GC(750) PSYoungGen: 214302K(214528K)->1951K(206336K) Eden: 211968K(211968K)->0K(204288K) From: 2334K(2560K)->1951K(2048K)
[398.268s][info][gc,heap        ] GC(750) ParOldGen: 396492K(396800K)->396508K(396800K)
[398.268s][info][gc,metaspace   ] GC(750) Metaspace: 57419K(57728K)->57419K(57728K) NonClass: 51801K(52032K)->51801K(52032K) Class: 5618K(5696K)->5618K(5696K)
[398.268s][info][gc             ] GC(750) Pause Young (Allocation Failure) 596M->389M(589M) 4.483ms
[398.268s][info][gc,cpu         ] GC(750) User=0.01s Sys=0.00s Real=0.00s
[398.707s][info][gc,start       ] GC(751) Pause Young (Allocation Failure)
[398.710s][info][gc,heap        ] GC(751) PSYoungGen: 206239K(206336K)->1631K(199168K) Eden: 204288K(204288K)->0K(197120K) From: 1951K(2048K)->1631K(2048K)
[398.710s][info][gc,heap        ] GC(751) ParOldGen: 396508K(396800K)->396524K(396800K)
[398.710s][info][gc,metaspace   ] GC(751) Metaspace: 57419K(57728K)->57419K(57728K) NonClass: 51801K(52032K)->51801K(52032K) Class: 5618K(5696K)->5618K(5696K)
[398.711s][info][gc             ] GC(751) Pause Young (Allocation Failure) 588M->388M(582M) 3.802ms
[398.711s][info][gc,cpu         ] GC(751) User=0.01s Sys=0.00s Real=0.01s
[399.163s][info][gc,start       ] GC(752) Pause Young (Allocation Failure)
[399.168s][info][gc,heap        ] GC(752) PSYoungGen: 198751K(199168K)->2015K(192000K) Eden: 197120K(197120K)->0K(189952K) From: 1631K(2048K)->2015K(2048K)
[399.168s][info][gc,heap        ] GC(752) ParOldGen: 396524K(396800K)->396540K(396800K)
[399.168s][info][gc,metaspace   ] GC(752) Metaspace: 57419K(57728K)->57419K(57728K) NonClass: 51801K(52032K)->51801K(52032K) Class: 5618K(5696K)->5618K(5696K)
[399.168s][info][gc             ] GC(752) Pause Young (Allocation Failure) 581M->389M(575M) 4.577ms
[399.168s][info][gc,cpu         ] GC(752) User=0.01s Sys=0.00s Real=0.00s
[399.571s][info][gc,start       ] GC(753) Pause Young (Allocation Failure)
[399.576s][info][gc,heap        ] GC(753) PSYoungGen: 191967K(192000K)->2688K(229376K) Eden: 189952K(189952K)->0K(226304K) From: 2015K(2048K)->2688K(3072K)
[399.576s][info][gc,heap        ] GC(753) ParOldGen: 396540K(396800K)->396556K(396800K)
[399.576s][info][gc,metaspace   ] GC(753) Metaspace: 57419K(57728K)->57419K(57728K) NonClass: 51801K(52032K)->51801K(52032K) Class: 5618K(5696K)->5618K(5696K)
[399.576s][info][gc             ] GC(753) Pause Young (Allocation Failure) 574M->389M(611M) 5.168ms
[399.576s][info][gc,cpu         ] GC(753) User=0.01s Sys=0.01s Real=0.00s
[400.073s][info][gc,start       ] GC(754) Pause Young (Allocation Failure)
[400.079s][info][gc,heap        ] GC(754) PSYoungGen: 228992K(229376K)->2848K(272384K) Eden: 226304K(226304K)->0K(267264K) From: 2688K(3072K)->2848K(5120K)
[400.079s][info][gc,heap        ] GC(754) ParOldGen: 396556K(396800K)->396572K(396800K)
[400.079s][info][gc,metaspace   ] GC(754) Metaspace: 57419K(57728K)->57419K(57728K) NonClass: 51801K(52032K)->51801K(52032K) Class: 5618K(5696K)->5618K(5696K)
[400.079s][info][gc             ] GC(754) Pause Young (Allocation Failure) 610M->390M(653M) 5.982ms
[400.079s][info][gc,cpu         ] GC(754) User=0.01s Sys=0.01s Real=0.00s
[400.715s][info][gc,start       ] GC(755) Pause Young (Allocation Failure)
[400.733s][info][gc,heap        ] GC(755) PSYoungGen: 270112K(272384K)->2655K(274432K) Eden: 267264K(267264K)->0K(269312K) From: 2848K(5120K)->2655K(5120K)
[400.733s][info][gc,heap        ] GC(755) ParOldGen: 396572K(396800K)->396588K(396800K)
[400.733s][info][gc,metaspace   ] GC(755) Metaspace: 57419K(57728K)->57419K(57728K) NonClass: 51801K(52032K)->51801K(52032K) Class: 5618K(5696K)->5618K(5696K)
[400.733s][info][gc             ] GC(755) Pause Young (Allocation Failure) 651M->389M(655M) 18.244ms
[400.733s][info][gc,cpu         ] GC(755) User=0.01s Sys=0.00s Real=0.02s
[401.281s][info][gc,start       ] GC(756) Pause Young (Allocation Failure)
[401.285s][info][gc,heap        ] GC(756) PSYoungGen: 271967K(274432K)->2112K(274432K) Eden: 269312K(269312K)->0K(269312K) From: 2655K(5120K)->2112K(5120K)
[401.285s][info][gc,heap        ] GC(756) ParOldGen: 396588K(396800K)->396604K(396800K)
[401.285s][info][gc,metaspace   ] GC(756) Metaspace: 57419K(57728K)->57419K(57728K) NonClass: 51801K(52032K)->51801K(52032K) Class: 5618K(5696K)->5618K(5696K)
[401.285s][info][gc             ] GC(756) Pause Young (Allocation Failure) 652M->389M(655M) 4.262ms
[401.285s][info][gc,cpu         ] GC(756) User=0.01s Sys=0.00s Real=0.00s
[401.888s][info][gc,start       ] GC(757) Pause Young (Allocation Failure)
[401.893s][info][gc,heap        ] GC(757) PSYoungGen: 271424K(274432K)->2558K(325632K) Eden: 269312K(269312K)->0K(321024K) From: 2112K(5120K)->2558K(4608K)
[401.893s][info][gc,heap        ] GC(757) ParOldGen: 396604K(396800K)->396620K(396800K)
[401.893s][info][gc,metaspace   ] GC(757) Metaspace: 57419K(57728K)->57419K(57728K) NonClass: 51801K(52032K)->51801K(52032K) Class: 5618K(5696K)->5618K(5696K)
[401.893s][info][gc             ] GC(757) Pause Young (Allocation Failure) 652M->389M(705M) 5.489ms
[401.893s][info][gc,cpu         ] GC(757) User=0.01s Sys=0.00s Real=0.01s
[402.662s][info][gc,start       ] GC(758) Pause Young (Allocation Failure)
[402.665s][info][gc,heap        ] GC(758) PSYoungGen: 323582K(325632K)->288K(325632K) Eden: 321024K(321024K)->0K(321024K) From: 2558K(4608K)->288K(4608K)
[402.665s][info][gc,heap        ] GC(758) ParOldGen: 396620K(396800K)->396636K(396800K)
[402.665s][info][gc,metaspace   ] GC(758) Metaspace: 57419K(57728K)->57419K(57728K) NonClass: 51801K(52032K)->51801K(52032K) Class: 5618K(5696K)->5618K(5696K)
[402.665s][info][gc             ] GC(758) Pause Young (Allocation Failure) 703M->387M(705M) 2.139ms
[402.665s][info][gc,cpu         ] GC(758) User=0.00s Sys=0.00s Real=0.00s
[403.356s][info][gc,start       ] GC(759) Pause Young (Allocation Failure)
[403.359s][info][gc,heap        ] GC(759) PSYoungGen: 321312K(325632K)->1088K(309760K) Eden: 321024K(321024K)->0K(308224K) From: 288K(4608K)->1088K(1536K)
[403.359s][info][gc,heap        ] GC(759) ParOldGen: 396636K(396800K)->396652K(396800K)
[403.359s][info][gc,metaspace   ] GC(759) Metaspace: 57419K(57728K)->57419K(57728K) NonClass: 51801K(52032K)->51801K(52032K) Class: 5618K(5696K)->5618K(5696K)
[403.359s][info][gc             ] GC(759) Pause Young (Allocation Failure) 701M->388M(690M) 3.523ms
[403.359s][info][gc,cpu         ] GC(759) User=0.00s Sys=0.00s Real=0.01s
[404.044s][info][gc,start       ] GC(760) Pause Young (Allocation Failure)
[404.046s][info][gc,heap        ] GC(760) PSYoungGen: 309310K(309760K)->64K(296448K) Eden: 308222K(308224K)->0K(295936K) From: 1088K(1536K)->64K(512K)
[404.046s][info][gc,heap        ] GC(760) ParOldGen: 396652K(396800K)->396668K(396800K)
[404.046s][info][gc,metaspace   ] GC(760) Metaspace: 57419K(57728K)->57419K(57728K) NonClass: 51801K(52032K)->51801K(52032K) Class: 5618K(5696K)->5618K(5696K)
[404.046s][info][gc             ] GC(760) Pause Young (Allocation Failure) 689M->387M(677M) 2.062ms
[404.046s][info][gc,cpu         ] GC(760) User=0.00s Sys=0.00s Real=0.00s
[404.680s][info][gc,start       ] GC(761) Pause Young (Allocation Failure)
[404.684s][info][gc,heap        ] GC(761) PSYoungGen: 296000K(296448K)->2655K(287232K) Eden: 295936K(295936K)->0K(284160K) From: 64K(512K)->2655K(3072K)
[404.684s][info][gc,heap        ] GC(761) ParOldGen: 396668K(396800K)->396684K(396800K)
[404.684s][info][gc,metaspace   ] GC(761) Metaspace: 57419K(57728K)->57419K(57728K) NonClass: 51801K(52032K)->51801K(52032K) Class: 5618K(5696K)->5618K(5696K)
[404.685s][info][gc             ] GC(761) Pause Young (Allocation Failure) 676M->389M(668M) 4.809ms
[404.685s][info][gc,cpu         ] GC(761) User=0.01s Sys=0.00s Real=0.00s
[405.350s][info][gc,start       ] GC(762) Pause Young (Allocation Failure)
[405.353s][info][gc,heap        ] GC(762) PSYoungGen: 286815K(287232K)->608K(273920K) Eden: 284160K(284160K)->0K(272896K) From: 2655K(3072K)->608K(1024K)
[405.353s][info][gc,heap        ] GC(762) ParOldGen: 396684K(396800K)->396700K(396800K)
[405.353s][info][gc,metaspace   ] GC(762) Metaspace: 57419K(57728K)->57419K(57728K) NonClass: 51801K(52032K)->51801K(52032K) Class: 5618K(5696K)->5618K(5696K)
[405.353s][info][gc             ] GC(762) Pause Young (Allocation Failure) 667M->387M(655M) 2.687ms
[405.353s][info][gc,cpu         ] GC(762) User=0.00s Sys=0.00s Real=0.00s
[405.955s][info][gc,start       ] GC(763) Pause Young (Allocation Failure)
[405.959s][info][gc,heap        ] GC(763) PSYoungGen: 273504K(273920K)->1247K(263680K) Eden: 272896K(272896K)->0K(262144K) From: 608K(1024K)->1247K(1536K)
[405.959s][info][gc,heap        ] GC(763) ParOldGen: 396700K(396800K)->396716K(396800K)
[405.959s][info][gc,metaspace   ] GC(763) Metaspace: 57419K(57728K)->57419K(57728K) NonClass: 51801K(52032K)->51801K(52032K) Class: 5618K(5696K)->5618K(5696K)
[405.959s][info][gc             ] GC(763) Pause Young (Allocation Failure) 654M->388M(645M) 3.626ms
[405.959s][info][gc,cpu         ] GC(763) User=0.01s Sys=0.00s Real=0.01s
[406.551s][info][gc,start       ] GC(764) Pause Young (Allocation Failure)
[406.554s][info][gc,heap        ] GC(764) PSYoungGen: 263391K(263680K)->698K(252928K) Eden: 262144K(262144K)->0K(251904K) From: 1247K(1536K)->698K(1024K)
[406.554s][info][gc,heap        ] GC(764) ParOldGen: 396716K(396800K)->396732K(396800K)
[406.554s][info][gc,metaspace   ] GC(764) Metaspace: 57419K(57728K)->57419K(57728K) NonClass: 51801K(52032K)->51801K(52032K) Class: 5618K(5696K)->5618K(5696K)
[406.554s][info][gc             ] GC(764) Pause Young (Allocation Failure) 644M->388M(634M) 2.651ms
[406.554s][info][gc,cpu         ] GC(764) User=0.01s Sys=0.00s Real=0.00s
[407.079s][info][gc,start       ] GC(765) Pause Young (Allocation Failure)
[407.084s][info][gc,heap        ] GC(765) PSYoungGen: 252602K(252928K)->2623K(245248K) Eden: 251904K(251904K)->0K(242176K) From: 698K(1024K)->2623K(3072K)
[407.084s][info][gc,heap        ] GC(765) ParOldGen: 396732K(396800K)->396748K(396800K)
[407.084s][info][gc,metaspace   ] GC(765) Metaspace: 57419K(57728K)->57419K(57728K) NonClass: 51801K(52032K)->51801K(52032K) Class: 5618K(5696K)->5618K(5696K)
[407.084s][info][gc             ] GC(765) Pause Young (Allocation Failure) 634M->390M(627M) 4.879ms
[407.084s][info][gc,cpu         ] GC(765) User=0.00s Sys=0.01s Real=0.01s
[407.657s][info][gc,start       ] GC(766) Pause Young (Allocation Failure)
[407.661s][info][gc,heap        ] GC(766) PSYoungGen: 244799K(245248K)->1599K(235008K) Eden: 242176K(242176K)->0K(232960K) From: 2623K(3072K)->1599K(2048K)
[407.661s][info][gc,heap        ] GC(766) ParOldGen: 396748K(396800K)->396764K(396800K)
[407.661s][info][gc,metaspace   ] GC(766) Metaspace: 57419K(57728K)->57419K(57728K) NonClass: 51801K(52032K)->51801K(52032K) Class: 5618K(5696K)->5618K(5696K)
[407.661s][info][gc             ] GC(766) Pause Young (Allocation Failure) 626M->389M(617M) 4.027ms
[407.661s][info][gc,cpu         ] GC(766) User=0.00s Sys=0.00s Real=0.01s
[408.167s][info][gc,start       ] GC(767) Pause Young (Allocation Failure)
[408.172s][info][gc,heap        ] GC(767) PSYoungGen: 234559K(235008K)->1887K(226304K) Eden: 232960K(232960K)->0K(224256K) From: 1599K(2048K)->1887K(2048K)
[408.172s][info][gc,heap        ] GC(767) ParOldGen: 396764K(396800K)->396780K(396800K)
[408.172s][info][gc,metaspace   ] GC(767) Metaspace: 57419K(57728K)->57419K(57728K) NonClass: 51801K(52032K)->51801K(52032K) Class: 5618K(5696K)->5618K(5696K)
[408.172s][info][gc             ] GC(767) Pause Young (Allocation Failure) 616M->389M(608M) 5.073ms
[408.172s][info][gc,cpu         ] GC(767) User=0.01s Sys=0.00s Real=0.01s
[408.673s][info][gc,start       ] GC(768) Pause Young (Allocation Failure)
[408.679s][info][gc,heap        ] GC(768) PSYoungGen: 226143K(226304K)->2848K(219136K) Eden: 224256K(224256K)->0K(216064K) From: 1887K(2048K)->2848K(3072K)
[408.679s][info][gc,heap        ] GC(768) ParOldGen: 396780K(396800K)->396796K(396800K)
[408.679s][info][gc,metaspace   ] GC(768) Metaspace: 57419K(57728K)->57419K(57728K) NonClass: 51801K(52032K)->51801K(52032K) Class: 5618K(5696K)->5618K(5696K)
[408.679s][info][gc             ] GC(768) Pause Young (Allocation Failure) 608M->390M(601M) 6.366ms
[408.679s][info][gc,cpu         ] GC(768) User=0.01s Sys=0.00s Real=0.01s
[409.171s][info][gc,start       ] GC(769) Pause Young (Allocation Failure)
[409.175s][info][gc,heap        ] GC(769) PSYoungGen: 218912K(219136K)->1856K(210432K) Eden: 216064K(216064K)->0K(208384K) From: 2848K(3072K)->1856K(2048K)
[409.175s][info][gc,heap        ] GC(769) ParOldGen: 396796K(396800K)->396812K(397312K)
[409.175s][info][gc,metaspace   ] GC(769) Metaspace: 57419K(57728K)->57419K(57728K) NonClass: 51801K(52032K)->51801K(52032K) Class: 5618K(5696K)->5618K(5696K)
[409.175s][info][gc             ] GC(769) Pause Young (Allocation Failure) 601M->389M(593M) 4.078ms
[409.175s][info][gc,cpu         ] GC(769) User=0.01s Sys=0.00s Real=0.00s
[409.654s][info][gc,start       ] GC(770) Pause Young (Allocation Failure)
[409.657s][info][gc,heap        ] GC(770) PSYoungGen: 210240K(210432K)->1311K(202240K) Eden: 208384K(208384K)->0K(200704K) From: 1856K(2048K)->1311K(1536K)
[409.657s][info][gc,heap        ] GC(770) ParOldGen: 396812K(397312K)->396828K(397312K)
[409.657s][info][gc,metaspace   ] GC(770) Metaspace: 57419K(57728K)->57419K(57728K) NonClass: 51801K(52032K)->51801K(52032K) Class: 5618K(5696K)->5618K(5696K)
[409.657s][info][gc             ] GC(770) Pause Young (Allocation Failure) 592M->388M(585M) 3.144ms
[409.657s][info][gc,cpu         ] GC(770) User=0.01s Sys=0.00s Real=0.00s
[410.085s][info][gc,start       ] GC(771) Pause Young (Allocation Failure)
[410.089s][info][gc,heap        ] GC(771) PSYoungGen: 202015K(202240K)->2623K(196608K) Eden: 200704K(200704K)->0K(193536K) From: 1311K(1536K)->2623K(3072K)
[410.089s][info][gc,heap        ] GC(771) ParOldGen: 396828K(397312K)->396844K(397312K)
[410.089s][info][gc,metaspace   ] GC(771) Metaspace: 57422K(57728K)->57422K(57728K) NonClass: 51804K(52032K)->51804K(52032K) Class: 5618K(5696K)->5618K(5696K)
[410.089s][info][gc             ] GC(771) Pause Young (Allocation Failure) 584M->390M(580M) 4.544ms
[410.089s][info][gc,cpu         ] GC(771) User=0.00s Sys=0.00s Real=0.01s
[410.498s][info][gc,start       ] GC(772) Pause Young (Allocation Failure)
[410.502s][info][gc,heap        ] GC(772) PSYoungGen: 196096K(196608K)->960K(187904K) Eden: 193473K(193536K)->0K(186880K) From: 2623K(3072K)->960K(1024K)
[410.502s][info][gc,heap        ] GC(772) ParOldGen: 396844K(397312K)->396860K(397312K)
[410.502s][info][gc,metaspace   ] GC(772) Metaspace: 57422K(57728K)->57422K(57728K) NonClass: 51804K(52032K)->51804K(52032K) Class: 5618K(5696K)->5618K(5696K)
[410.502s][info][gc             ] GC(772) Pause Young (Allocation Failure) 579M->388M(571M) 3.514ms
[410.502s][info][gc,cpu         ] GC(772) User=0.00s Sys=0.00s Real=0.01s
[410.950s][info][gc,start       ] GC(773) Pause Young (Allocation Failure)
[410.953s][info][gc,heap        ] GC(773) PSYoungGen: 187840K(187904K)->889K(181248K) Eden: 186880K(186880K)->0K(180224K) From: 960K(1024K)->889K(1024K)
[410.953s][info][gc,heap        ] GC(773) ParOldGen: 396860K(397312K)->396876K(397312K)
[410.953s][info][gc,metaspace   ] GC(773) Metaspace: 57422K(57728K)->57422K(57728K) NonClass: 51804K(52032K)->51804K(52032K) Class: 5618K(5696K)->5618K(5696K)
[410.953s][info][gc             ] GC(773) Pause Young (Allocation Failure) 570M->388M(565M) 2.666ms
[410.953s][info][gc,cpu         ] GC(773) User=0.01s Sys=0.00s Real=0.00s
[411.352s][info][gc,start       ] GC(774) Pause Young (Allocation Failure)
[411.354s][info][gc,heap        ] GC(774) PSYoungGen: 181113K(181248K)->1183K(175616K) Eden: 180224K(180224K)->0K(174080K) From: 889K(1024K)->1183K(1536K)
[411.354s][info][gc,heap        ] GC(774) ParOldGen: 396876K(397312K)->396892K(397312K)
[411.354s][info][gc,metaspace   ] GC(774) Metaspace: 57422K(57728K)->57422K(57728K) NonClass: 51804K(52032K)->51804K(52032K) Class: 5618K(5696K)->5618K(5696K)
[411.354s][info][gc             ] GC(774) Pause Young (Allocation Failure) 564M->388M(559M) 2.725ms
[411.354s][info][gc,cpu         ] GC(774) User=0.01s Sys=0.01s Real=0.00s
[411.749s][info][gc,start       ] GC(775) Pause Young (Allocation Failure)
[411.751s][info][gc,heap        ] GC(775) PSYoungGen: 175263K(175616K)->348K(168448K) Eden: 174080K(174080K)->0K(167936K) From: 1183K(1536K)->348K(512K)
[411.751s][info][gc,heap        ] GC(775) ParOldGen: 396892K(397312K)->396908K(397312K)
[411.751s][info][gc,metaspace   ] GC(775) Metaspace: 57422K(57728K)->57422K(57728K) NonClass: 51804K(52032K)->51804K(52032K) Class: 5618K(5696K)->5618K(5696K)
[411.751s][info][gc             ] GC(775) Pause Young (Allocation Failure) 558M->387M(552M) 2.526ms
[411.751s][info][gc,cpu         ] GC(775) User=0.01s Sys=0.00s Real=0.01s
[412.155s][info][gc,start       ] GC(776) Pause Young (Allocation Failure)
[412.181s][info][gc,heap        ] GC(776) PSYoungGen: 168284K(168448K)->2527K(204800K) Eden: 167936K(167936K)->0K(200704K) From: 348K(512K)->2527K(4096K)
[412.181s][info][gc,heap        ] GC(776) ParOldGen: 396908K(397312K)->396924K(397312K)
[412.181s][info][gc,metaspace   ] GC(776) Metaspace: 57422K(57728K)->57422K(57728K) NonClass: 51804K(52032K)->51804K(52032K) Class: 5618K(5696K)->5618K(5696K)
[412.182s][info][gc             ] GC(776) Pause Young (Allocation Failure) 551M->390M(588M) 26.534ms
[412.182s][info][gc,cpu         ] GC(776) User=0.01s Sys=0.00s Real=0.03s
[412.762s][info][gc,start       ] GC(777) Pause Young (Allocation Failure)
[412.765s][info][gc,heap        ] GC(777) PSYoungGen: 203231K(204800K)->1791K(241664K) Eden: 200704K(200704K)->0K(239616K) From: 2527K(4096K)->1791K(2048K)
[412.765s][info][gc,heap        ] GC(777) ParOldGen: 396924K(397312K)->396940K(397312K)
[412.765s][info][gc,metaspace   ] GC(777) Metaspace: 57422K(57728K)->57422K(57728K) NonClass: 51804K(52032K)->51804K(52032K) Class: 5618K(5696K)->5618K(5696K)
[412.765s][info][gc             ] GC(777) Pause Young (Allocation Failure) 586M->389M(624M) 3.820ms
[412.765s][info][gc,cpu         ] GC(777) User=0.01s Sys=0.00s Real=0.00s
[413.283s][info][gc,start       ] GC(778) Pause Young (Allocation Failure)
[413.288s][info][gc,heap        ] GC(778) PSYoungGen: 241407K(241664K)->2975K(288768K) Eden: 239616K(239616K)->0K(285696K) From: 1791K(2048K)->2975K(3072K)
[413.288s][info][gc,heap        ] GC(778) ParOldGen: 396940K(397312K)->396956K(397312K)
[413.288s][info][gc,metaspace   ] GC(778) Metaspace: 57422K(57728K)->57422K(57728K) NonClass: 51804K(52032K)->51804K(52032K) Class: 5618K(5696K)->5618K(5696K)
[413.288s][info][gc             ] GC(778) Pause Young (Allocation Failure) 623M->390M(670M) 5.292ms
[413.288s][info][gc,cpu         ] GC(778) User=0.01s Sys=0.00s Real=0.00s
[413.950s][info][gc,start       ] GC(779) Pause Young (Allocation Failure)
[413.953s][info][gc,heap        ] GC(779) PSYoungGen: 288671K(288768K)->764K(292352K) Eden: 285696K(285696K)->0K(288768K) From: 2975K(3072K)->764K(3584K)
[413.953s][info][gc,heap        ] GC(779) ParOldGen: 396956K(397312K)->396972K(397312K)
[413.953s][info][gc,metaspace   ] GC(779) Metaspace: 57422K(57728K)->57422K(57728K) NonClass: 51804K(52032K)->51804K(52032K) Class: 5618K(5696K)->5618K(5696K)
[413.953s][info][gc             ] GC(779) Pause Young (Allocation Failure) 669M->388M(673M) 2.967ms
[413.953s][info][gc,cpu         ] GC(779) User=0.01s Sys=0.00s Real=0.00s
[414.578s][info][gc,start       ] GC(780) Pause Young (Allocation Failure)
[414.581s][info][gc,heap        ] GC(780) PSYoungGen: 289486K(292352K)->1120K(292864K) Eden: 288722K(288768K)->0K(288768K) From: 764K(3584K)->1120K(4096K)
[414.581s][info][gc,heap        ] GC(780) ParOldGen: 396972K(397312K)->396988K(397312K)
[414.581s][info][gc,metaspace   ] GC(780) Metaspace: 57422K(57728K)->57422K(57728K) NonClass: 51804K(52032K)->51804K(52032K) Class: 5618K(5696K)->5618K(5696K)
[414.581s][info][gc             ] GC(780) Pause Young (Allocation Failure) 670M->388M(674M) 2.985ms
[414.581s][info][gc,cpu         ] GC(780) User=0.00s Sys=0.00s Real=0.01s
[415.254s][info][gc,start       ] GC(781) Pause Young (Allocation Failure)
[415.258s][info][gc,heap        ] GC(781) PSYoungGen: 289888K(292864K)->1630K(279552K) Eden: 288768K(288768K)->0K(277504K) From: 1120K(4096K)->1630K(2048K)
[415.258s][info][gc,heap        ] GC(781) ParOldGen: 396988K(397312K)->397004K(397312K)
[415.258s][info][gc,metaspace   ] GC(781) Metaspace: 57422K(57728K)->57422K(57728K) NonClass: 51804K(52032K)->51804K(52032K) Class: 5618K(5696K)->5618K(5696K)
[415.258s][info][gc             ] GC(781) Pause Young (Allocation Failure) 670M->389M(661M) 3.589ms
[415.258s][info][gc,cpu         ] GC(781) User=0.01s Sys=0.00s Real=0.00s
[415.894s][info][gc,start       ] GC(782) Pause Young (Allocation Failure)
[415.909s][info][gc,heap        ] GC(782) PSYoungGen: 279134K(279552K)->3584K(328192K) Eden: 277504K(277504K)->0K(324608K) From: 1630K(2048K)->3584K(3584K)
[415.909s][info][gc,heap        ] GC(782) ParOldGen: 397004K(397312K)->397658K(397824K)
[415.909s][info][gc,metaspace   ] GC(782) Metaspace: 57422K(57728K)->57422K(57728K) NonClass: 51804K(52032K)->51804K(52032K) Class: 5618K(5696K)->5618K(5696K)
[415.909s][info][gc             ] GC(782) Pause Young (Allocation Failure) 660M->391M(709M) 15.691ms
[415.909s][info][gc,cpu         ] GC(782) User=0.02s Sys=0.01s Real=0.02s
[416.598s][info][gc,start       ] GC(783) Pause Young (Allocation Failure)
[416.603s][info][gc,heap        ] GC(783) PSYoungGen: 328025K(328192K)->2080K(329216K) Eden: 324441K(324608K)->0K(324608K) From: 3584K(3584K)->2080K(4608K)
[416.604s][info][gc,heap        ] GC(783) ParOldGen: 397658K(397824K)->397674K(397824K)
[416.604s][info][gc,metaspace   ] GC(783) Metaspace: 57422K(57728K)->57422K(57728K) NonClass: 51804K(52032K)->51804K(52032K) Class: 5618K(5696K)->5618K(5696K)
[416.604s][info][gc             ] GC(783) Pause Young (Allocation Failure) 708M->390M(710M) 5.241ms
[416.604s][info][gc,cpu         ] GC(783) User=0.01s Sys=0.00s Real=0.01s
[417.352s][info][gc,start       ] GC(784) Pause Young (Allocation Failure)
[417.355s][info][gc,heap        ] GC(784) PSYoungGen: 326688K(329216K)->1438K(326144K) Eden: 324608K(324608K)->0K(324608K) From: 2080K(4608K)->1438K(1536K)
[417.355s][info][gc,heap        ] GC(784) ParOldGen: 397674K(397824K)->397690K(397824K)
[417.355s][info][gc,metaspace   ] GC(784) Metaspace: 57422K(57728K)->57422K(57728K) NonClass: 51804K(52032K)->51804K(52032K) Class: 5618K(5696K)->5618K(5696K)
[417.355s][info][gc             ] GC(784) Pause Young (Allocation Failure) 707M->389M(707M) 2.683ms
[417.355s][info][gc,cpu         ] GC(784) User=0.01s Sys=0.00s Real=0.00s
[418.062s][info][gc,start       ] GC(785) Pause Young (Allocation Failure)
[418.066s][info][gc,heap        ] GC(785) PSYoungGen: 326046K(326144K)->2495K(314368K) Eden: 324608K(324608K)->0K(311808K) From: 1438K(1536K)->2495K(2560K)
[418.066s][info][gc,heap        ] GC(785) ParOldGen: 397690K(397824K)->397706K(397824K)
[418.066s][info][gc,metaspace   ] GC(785) Metaspace: 57422K(57728K)->57422K(57728K) NonClass: 51804K(52032K)->51804K(52032K) Class: 5618K(5696K)->5618K(5696K)
[418.066s][info][gc             ] GC(785) Pause Young (Allocation Failure) 706M->390M(695M) 4.611ms
[418.066s][info][gc,cpu         ] GC(785) User=0.01s Sys=0.00s Real=0.00s
[418.769s][info][gc,start       ] GC(786) Pause Young (Allocation Failure)
[418.772s][info][gc,heap        ] GC(786) PSYoungGen: 314046K(314368K)->1407K(301056K) Eden: 311551K(311808K)->0K(299520K) From: 2495K(2560K)->1407K(1536K)
[418.772s][info][gc,heap        ] GC(786) ParOldGen: 397706K(397824K)->397722K(397824K)
[418.772s][info][gc,metaspace   ] GC(786) Metaspace: 57422K(57728K)->57422K(57728K) NonClass: 51804K(52032K)->51804K(52032K) Class: 5618K(5696K)->5618K(5696K)
[418.772s][info][gc             ] GC(786) Pause Young (Allocation Failure) 695M->389M(682M) 3.248ms
[418.772s][info][gc,cpu         ] GC(786) User=0.01s Sys=0.00s Real=0.00s
[419.455s][info][gc,start       ] GC(787) Pause Young (Allocation Failure)
[419.465s][info][gc,heap        ] GC(787) PSYoungGen: 300927K(301056K)->1376K(289280K) Eden: 299520K(299520K)->0K(287744K) From: 1407K(1536K)->1376K(1536K)
[419.465s][info][gc,heap        ] GC(787) ParOldGen: 397722K(397824K)->397738K(397824K)
[419.465s][info][gc,metaspace   ] GC(787) Metaspace: 57422K(57728K)->57422K(57728K) NonClass: 51804K(52032K)->51804K(52032K) Class: 5618K(5696K)->5618K(5696K)
[419.465s][info][gc             ] GC(787) Pause Young (Allocation Failure) 682M->389M(671M) 10.124ms
[419.465s][info][gc,cpu         ] GC(787) User=0.01s Sys=0.00s Real=0.01s
[420.087s][info][gc,start       ] GC(788) Pause Young (Allocation Failure)
[420.094s][info][gc,heap        ] GC(788) PSYoungGen: 289120K(289280K)->1728K(322560K) Eden: 287744K(287744K)->0K(318464K) From: 1376K(1536K)->1728K(4096K)
[420.094s][info][gc,heap        ] GC(788) ParOldGen: 397738K(397824K)->397754K(397824K)
[420.094s][info][gc,metaspace   ] GC(788) Metaspace: 57422K(57728K)->57422K(57728K) NonClass: 51804K(52032K)->51804K(52032K) Class: 5618K(5696K)->5618K(5696K)
[420.094s][info][gc             ] GC(788) Pause Young (Allocation Failure) 670M->390M(703M) 6.802ms
[420.094s][info][gc,cpu         ] GC(788) User=0.01s Sys=0.00s Real=0.01s
[420.935s][info][gc,start       ] GC(789) Pause Young (Allocation Failure)
[420.938s][info][gc,heap        ] GC(789) PSYoungGen: 320192K(322560K)->512K(306176K) Eden: 318464K(318464K)->0K(305664K) From: 1728K(4096K)->512K(512K)
[420.938s][info][gc,heap        ] GC(789) ParOldGen: 397754K(397824K)->397770K(397824K)
[420.938s][info][gc,metaspace   ] GC(789) Metaspace: 57422K(57728K)->57422K(57728K) NonClass: 51804K(52032K)->51804K(52032K) Class: 5618K(5696K)->5618K(5696K)
[420.938s][info][gc             ] GC(789) Pause Young (Allocation Failure) 701M->388M(687M) 2.534ms
[420.938s][info][gc,cpu         ] GC(789) User=0.01s Sys=0.00s Real=0.00s
[421.548s][info][gc,start       ] GC(790) Pause Young (Allocation Failure)
[421.550s][info][gc,heap        ] GC(790) PSYoungGen: 306176K(306176K)->224K(297472K) Eden: 305664K(305664K)->0K(293376K) From: 512K(512K)->224K(4096K)
[421.550s][info][gc,heap        ] GC(790) ParOldGen: 397770K(397824K)->397786K(397824K)
[421.550s][info][gc,metaspace   ] GC(790) Metaspace: 57422K(57728K)->57422K(57728K) NonClass: 51804K(52032K)->51804K(52032K) Class: 5618K(5696K)->5618K(5696K)
[421.550s][info][gc             ] GC(790) Pause Young (Allocation Failure) 687M->388M(679M) 1.987ms
[421.550s][info][gc,cpu         ] GC(790) User=0.00s Sys=0.00s Real=0.01s
[422.174s][info][gc,start       ] GC(791) Pause Young (Allocation Failure)
[422.180s][info][gc,heap        ] GC(791) PSYoungGen: 293600K(297472K)->3295K(285184K) Eden: 293376K(293376K)->0K(281600K) From: 224K(4096K)->3295K(3584K)
[422.180s][info][gc,heap        ] GC(791) ParOldGen: 397786K(397824K)->397802K(397824K)
[422.180s][info][gc,metaspace   ] GC(791) Metaspace: 57422K(57728K)->57422K(57728K) NonClass: 51804K(52032K)->51804K(52032K) Class: 5618K(5696K)->5618K(5696K)
[422.180s][info][gc             ] GC(791) Pause Young (Allocation Failure) 675M->391M(667M) 6.515ms
[422.180s][info][gc,cpu         ] GC(791) User=0.01s Sys=0.00s Real=0.01s
[422.853s][info][gc,start       ] GC(792) Pause Young (Allocation Failure)
[422.856s][info][gc,heap        ] GC(792) PSYoungGen: 284895K(285184K)->841K(271872K) Eden: 281600K(281600K)->0K(270848K) From: 3295K(3584K)->841K(1024K)
[422.856s][info][gc,heap        ] GC(792) ParOldGen: 397802K(397824K)->397818K(397824K)
[422.856s][info][gc,metaspace   ] GC(792) Metaspace: 57422K(57728K)->57422K(57728K) NonClass: 51804K(52032K)->51804K(52032K) Class: 5618K(5696K)->5618K(5696K)
[422.856s][info][gc             ] GC(792) Pause Young (Allocation Failure) 666M->389M(654M) 2.817ms
[422.856s][info][gc,cpu         ] GC(792) User=0.01s Sys=0.00s Real=0.00s
[423.461s][info][gc,start       ] GC(793) Pause Young (Allocation Failure)
[423.464s][info][gc,heap        ] GC(793) PSYoungGen: 271689K(271872K)->1599K(262656K) Eden: 270847K(270848K)->0K(260608K) From: 841K(1024K)->1599K(2048K)
[423.464s][info][gc,heap        ] GC(793) ParOldGen: 397818K(397824K)->397834K(398336K)
[423.464s][info][gc,metaspace   ] GC(793) Metaspace: 57422K(57728K)->57422K(57728K) NonClass: 51804K(52032K)->51804K(52032K) Class: 5618K(5696K)->5618K(5696K)
[423.464s][info][gc             ] GC(793) Pause Young (Allocation Failure) 653M->390M(645M) 3.487ms
[423.464s][info][gc,cpu         ] GC(793) User=0.01s Sys=0.00s Real=0.00s
[424.251s][info][gc,start       ] GC(794) Pause Young (Allocation Failure)
[424.254s][info][gc,heap        ] GC(794) PSYoungGen: 262207K(262656K)->768K(251904K) Eden: 260608K(260608K)->0K(250880K) From: 1599K(2048K)->768K(1024K)
[424.254s][info][gc,heap        ] GC(794) ParOldGen: 397834K(398336K)->397850K(398336K)
[424.254s][info][gc,metaspace   ] GC(794) Metaspace: 57422K(57728K)->57422K(57728K) NonClass: 51804K(52032K)->51804K(52032K) Class: 5618K(5696K)->5618K(5696K)
[424.254s][info][gc             ] GC(794) Pause Young (Allocation Failure) 644M->389M(635M) 2.775ms
[424.254s][info][gc,cpu         ] GC(794) User=0.00s Sys=0.00s Real=0.00s
[424.785s][info][gc,start       ] GC(795) Pause Young (Allocation Failure)
[424.790s][info][gc,heap        ] GC(795) PSYoungGen: 251465K(251904K)->2240K(243712K) Eden: 250697K(250880K)->0K(241152K) From: 768K(1024K)->2240K(2560K)
[424.790s][info][gc,heap        ] GC(795) ParOldGen: 397850K(398336K)->397866K(398336K)
[424.790s][info][gc,metaspace   ] GC(795) Metaspace: 57422K(57728K)->57422K(57728K) NonClass: 51804K(52032K)->51804K(52032K) Class: 5618K(5696K)->5618K(5696K)
[424.790s][info][gc             ] GC(795) Pause Young (Allocation Failure) 634M->390M(627M) 4.841ms
[424.790s][info][gc,cpu         ] GC(795) User=0.01s Sys=0.00s Real=0.01s
[425.357s][info][gc,start       ] GC(796) Pause Young (Allocation Failure)
[425.361s][info][gc,heap        ] GC(796) PSYoungGen: 243392K(243712K)->1951K(233984K) Eden: 241152K(241152K)->0K(231936K) From: 2240K(2560K)->1951K(2048K)
[425.361s][info][gc,heap        ] GC(796) ParOldGen: 397866K(398336K)->397882K(398336K)
[425.361s][info][gc,metaspace   ] GC(796) Metaspace: 57422K(57728K)->57422K(57728K) NonClass: 51804K(52032K)->51804K(52032K) Class: 5618K(5696K)->5618K(5696K)
[425.361s][info][gc             ] GC(796) Pause Young (Allocation Failure) 626M->390M(617M) 3.844ms
[425.361s][info][gc,cpu         ] GC(796) User=0.00s Sys=0.00s Real=0.01s
[425.870s][info][gc,start       ] GC(797) Pause Young (Allocation Failure)
[425.875s][info][gc,heap        ] GC(797) PSYoungGen: 233887K(233984K)->2623K(226304K) Eden: 231936K(231936K)->0K(223232K) From: 1951K(2048K)->2623K(3072K)
[425.875s][info][gc,heap        ] GC(797) ParOldGen: 397882K(398336K)->397898K(398336K)
[425.875s][info][gc,metaspace   ] GC(797) Metaspace: 57422K(57728K)->57422K(57728K) NonClass: 51804K(52032K)->51804K(52032K) Class: 5618K(5696K)->5618K(5696K)
[425.875s][info][gc             ] GC(797) Pause Young (Allocation Failure) 616M->391M(610M) 4.635ms
[425.875s][info][gc,cpu         ] GC(797) User=0.01s Sys=0.00s Real=0.00s
[426.416s][info][gc,start       ] GC(798) Pause Young (Allocation Failure)
[426.419s][info][gc,heap        ] GC(798) PSYoungGen: 225855K(226304K)->1472K(216576K) Eden: 223232K(223232K)->0K(215040K) From: 2623K(3072K)->1472K(1536K)
[426.419s][info][gc,heap        ] GC(798) ParOldGen: 397898K(398336K)->397914K(398336K)
[426.419s][info][gc,metaspace   ] GC(798) Metaspace: 57422K(57728K)->57422K(57728K) NonClass: 51804K(52032K)->51804K(52032K) Class: 5618K(5696K)->5618K(5696K)
[426.419s][info][gc             ] GC(798) Pause Young (Allocation Failure) 609M->390M(600M) 3.588ms
[426.419s][info][gc,cpu         ] GC(798) User=0.00s Sys=0.00s Real=0.01s
[426.863s][info][gc,start       ] GC(799) Pause Young (Allocation Failure)
[426.867s][info][gc,heap        ] GC(799) PSYoungGen: 216512K(216576K)->1856K(209408K) Eden: 215040K(215040K)->0K(207360K) From: 1472K(1536K)->1856K(2048K)
[426.867s][info][gc,heap        ] GC(799) ParOldGen: 397914K(398336K)->397930K(398336K)
[426.867s][info][gc,metaspace   ] GC(799) Metaspace: 57422K(57728K)->57422K(57728K) NonClass: 51804K(52032K)->51804K(52032K) Class: 5618K(5696K)->5618K(5696K)
[426.867s][info][gc             ] GC(799) Pause Young (Allocation Failure) 600M->390M(593M) 3.968ms
[426.867s][info][gc,cpu         ] GC(799) User=0.01s Sys=0.00s Real=0.00s
[427.349s][info][gc,start       ] GC(800) Pause Young (Allocation Failure)
[427.352s][info][gc,heap        ] GC(800) PSYoungGen: 209216K(209408K)->895K(200704K) Eden: 207360K(207360K)->0K(199680K) From: 1856K(2048K)->895K(1024K)
[427.352s][info][gc,heap        ] GC(800) ParOldGen: 397930K(398336K)->397946K(398336K)
[427.352s][info][gc,metaspace   ] GC(800) Metaspace: 57422K(57728K)->57422K(57728K) NonClass: 51804K(52032K)->51804K(52032K) Class: 5618K(5696K)->5618K(5696K)
[427.352s][info][gc             ] GC(800) Pause Young (Allocation Failure) 592M->389M(585M) 2.509ms
[427.352s][info][gc,cpu         ] GC(800) User=0.01s Sys=0.00s Real=0.00s
[427.766s][info][gc,start       ] GC(801) Pause Young (Allocation Failure)
[427.770s][info][gc,heap        ] GC(801) PSYoungGen: 200575K(200704K)->2304K(195072K) Eden: 199680K(199680K)->0K(192512K) From: 895K(1024K)->2304K(2560K)
[427.770s][info][gc,heap        ] GC(801) ParOldGen: 397946K(398336K)->397962K(398336K)
[427.770s][info][gc,metaspace   ] GC(801) Metaspace: 57422K(57728K)->57422K(57728K) NonClass: 51804K(52032K)->51804K(52032K) Class: 5618K(5696K)->5618K(5696K)
[427.770s][info][gc             ] GC(801) Pause Young (Allocation Failure) 584M->390M(579M) 4.416ms
[427.770s][info][gc,cpu         ] GC(801) User=0.01s Sys=0.00s Real=0.01s
[428.183s][info][gc,start       ] GC(802) Pause Young (Allocation Failure)
[428.187s][info][gc,heap        ] GC(802) PSYoungGen: 194816K(195072K)->2143K(188416K) Eden: 192512K(192512K)->0K(185856K) From: 2304K(2560K)->2143K(2560K)
[428.187s][info][gc,heap        ] GC(802) ParOldGen: 397962K(398336K)->397978K(398336K)
[428.187s][info][gc,metaspace   ] GC(802) Metaspace: 57422K(57728K)->57422K(57728K) NonClass: 51804K(52032K)->51804K(52032K) Class: 5618K(5696K)->5618K(5696K)
[428.187s][info][gc             ] GC(802) Pause Young (Allocation Failure) 578M->390M(573M) 4.119ms
[428.187s][info][gc,cpu         ] GC(802) User=0.00s Sys=0.00s Real=0.00s
[428.598s][info][gc,start       ] GC(803) Pause Young (Allocation Failure)
[428.601s][info][gc,heap        ] GC(803) PSYoungGen: 187789K(188416K)->544K(180224K) Eden: 185646K(185856K)->0K(179200K) From: 2143K(2560K)->544K(1024K)
[428.601s][info][gc,heap        ] GC(803) ParOldGen: 397978K(398336K)->397994K(398336K)
[428.601s][info][gc,metaspace   ] GC(803) Metaspace: 57422K(57728K)->57422K(57728K) NonClass: 51804K(52032K)->51804K(52032K) Class: 5618K(5696K)->5618K(5696K)
[428.601s][info][gc             ] GC(803) Pause Young (Allocation Failure) 572M->389M(565M) 2.437ms
[428.601s][info][gc,cpu         ] GC(803) User=0.01s Sys=0.00s Real=0.01s
[429.050s][info][gc,start       ] GC(804) Pause Young (Allocation Failure)
[429.052s][info][gc,heap        ] GC(804) PSYoungGen: 179744K(180224K)->416K(173568K) Eden: 179200K(179200K)->0K(173056K) From: 544K(1024K)->416K(512K)
[429.052s][info][gc,heap        ] GC(804) ParOldGen: 397994K(398336K)->398010K(398336K)
[429.052s][info][gc,metaspace   ] GC(804) Metaspace: 57422K(57728K)->57422K(57728K) NonClass: 51804K(52032K)->51804K(52032K) Class: 5618K(5696K)->5618K(5696K)
[429.052s][info][gc             ] GC(804) Pause Young (Allocation Failure) 564M->389M(558M) 2.232ms
[429.052s][info][gc,cpu         ] GC(804) User=0.00s Sys=0.00s Real=0.00s
[429.445s][info][gc,start       ] GC(805) Pause Young (Allocation Failure)
[429.448s][info][gc,heap        ] GC(805) PSYoungGen: 173472K(173568K)->1279K(168960K) Eden: 173056K(173056K)->0K(167424K) From: 416K(512K)->1279K(1536K)
[429.448s][info][gc,heap        ] GC(805) ParOldGen: 398010K(398336K)->398026K(398336K)
[429.448s][info][gc,metaspace   ] GC(805) Metaspace: 57422K(57728K)->57422K(57728K) NonClass: 51804K(52032K)->51804K(52032K) Class: 5618K(5696K)->5618K(5696K)
[429.448s][info][gc             ] GC(805) Pause Young (Allocation Failure) 558M->389M(554M) 3.109ms
[429.448s][info][gc,cpu         ] GC(805) User=0.01s Sys=0.00s Real=0.00s
[429.774s][info][gc,start       ] GC(806) Pause Young (Allocation Failure)
[429.780s][info][gc,heap        ] GC(806) PSYoungGen: 168703K(168960K)->3167K(165376K) Eden: 167424K(167424K)->0K(161792K) From: 1279K(1536K)->3167K(3584K)
[429.780s][info][gc,heap        ] GC(806) ParOldGen: 398026K(398336K)->398042K(398336K)
[429.780s][info][gc,metaspace   ] GC(806) Metaspace: 57422K(57728K)->57422K(57728K) NonClass: 51804K(52032K)->51804K(52032K) Class: 5618K(5696K)->5618K(5696K)
[429.780s][info][gc             ] GC(806) Pause Young (Allocation Failure) 553M->391M(550M) 5.397ms
[429.780s][info][gc,cpu         ] GC(806) User=0.01s Sys=0.00s Real=0.01s
[430.162s][info][gc,start       ] GC(807) Pause Young (Allocation Failure)
[430.166s][info][gc,heap        ] GC(807) PSYoungGen: 164959K(165376K)->2110K(159232K) Eden: 161792K(161792K)->0K(156672K) From: 3167K(3584K)->2110K(2560K)
[430.166s][info][gc,heap        ] GC(807) ParOldGen: 398042K(398336K)->398058K(398336K)
[430.166s][info][gc,metaspace   ] GC(807) Metaspace: 57422K(57728K)->57422K(57728K) NonClass: 51804K(52032K)->51804K(52032K) Class: 5618K(5696K)->5618K(5696K)
[430.166s][info][gc             ] GC(807) Pause Young (Allocation Failure) 549M->390M(544M) 3.523ms
[430.166s][info][gc,cpu         ] GC(807) User=0.00s Sys=0.00s Real=0.00s
[431.696s][info][gc,start       ] GC(808) Pause Young (Allocation Failure)
[431.698s][info][gc,heap        ] GC(808) PSYoungGen: 123782K(159232K)->64K(152064K) Eden: 121671K(156672K)->0K(151552K) From: 2110K(2560K)->64K(512K)
[431.698s][info][gc,heap        ] GC(808) ParOldGen: 398058K(398336K)->398074K(398336K)
[431.698s][info][gc,metaspace   ] GC(808) Metaspace: 57428K(57728K)->57428K(57728K) NonClass: 51809K(52032K)->51809K(52032K) Class: 5618K(5696K)->5618K(5696K)
[431.698s][info][gc             ] GC(808) Pause Young (Allocation Failure) 509M->388M(537M) 2.063ms
[431.698s][info][gc,cpu         ] GC(808) User=0.01s Sys=0.00s Real=0.00s
[433.209s][info][gc,start       ] GC(809) Pause Young (Allocation Failure)
[433.281s][info][gc,heap        ] GC(809) PSYoungGen: 151616K(152064K)->4089K(185344K) Eden: 151552K(151552K)->0K(181248K) From: 64K(512K)->4089K(4096K)
[433.281s][info][gc,heap        ] GC(809) ParOldGen: 398074K(398336K)->487994K(488448K)
[433.281s][info][gc,metaspace   ] GC(809) Metaspace: 57566K(57920K)->57566K(57920K) NonClass: 51947K(52224K)->51947K(52224K) Class: 5619K(5696K)->5619K(5696K)
[433.281s][info][gc             ] GC(809) Pause Young (Allocation Failure) 536M->480M(658M) 71.545ms
[433.281s][info][gc,cpu         ] GC(809) User=0.07s Sys=0.07s Real=0.07s
[433.585s][info][gc,start       ] GC(810) Pause Young (Allocation Failure)
[433.596s][info][gc,heap        ] GC(810) PSYoungGen: 185190K(185344K)->2943K(219648K) Eden: 181101K(181248K)->0K(216576K) From: 4089K(4096K)->2943K(3072K)
[433.596s][info][gc,heap        ] GC(810) ParOldGen: 487994K(488448K)->492092K(492544K)
[433.596s][info][gc,metaspace   ] GC(810) Metaspace: 57566K(57920K)->57566K(57920K) NonClass: 51947K(52224K)->51947K(52224K) Class: 5619K(5696K)->5619K(5696K)
[433.596s][info][gc             ] GC(810) Pause Young (Allocation Failure) 657M->483M(695M) 11.780ms
[433.597s][info][gc,cpu         ] GC(810) User=0.02s Sys=0.01s Real=0.01s
[434.070s][info][gc,start       ] GC(811) Pause Young (Allocation Failure)
[434.075s][info][gc,heap        ] GC(811) PSYoungGen: 219519K(219648K)->2528K(263168K) Eden: 216576K(216576K)->0K(226304K) From: 2943K(3072K)->2528K(36864K)
[434.076s][info][gc,heap        ] GC(811) ParOldGen: 492092K(492544K)->492172K(492544K)
[434.076s][info][gc,metaspace   ] GC(811) Metaspace: 57566K(57920K)->57566K(57920K) NonClass: 51947K(52224K)->51947K(52224K) Class: 5619K(5696K)->5619K(5696K)
[434.076s][info][gc             ] GC(811) Pause Young (Allocation Failure) 694M->483M(738M) 5.473ms
[434.076s][info][gc,cpu         ] GC(811) User=0.01s Sys=0.00s Real=0.00s
[434.574s][info][gc,start       ] GC(812) Pause Young (Allocation Failure)
[434.580s][info][gc,heap        ] GC(812) PSYoungGen: 228832K(263168K)->3199K(261632K) Eden: 226304K(226304K)->0K(226304K) From: 2528K(36864K)->3199K(35328K)
[434.580s][info][gc,heap        ] GC(812) ParOldGen: 492172K(492544K)->492188K(492544K)
[434.580s][info][gc,metaspace   ] GC(812) Metaspace: 57566K(57920K)->57566K(57920K) NonClass: 51947K(52224K)->51947K(52224K) Class: 5619K(5696K)->5619K(5696K)
[434.580s][info][gc             ] GC(812) Pause Young (Allocation Failure) 704M->483M(736M) 5.577ms
[434.580s][info][gc,cpu         ] GC(812) User=0.01s Sys=0.00s Real=0.01s
[435.086s][info][gc,start       ] GC(813) Pause Young (Allocation Failure)
[435.091s][info][gc,heap        ] GC(813) PSYoungGen: 229503K(261632K)->2559K(296960K) Eden: 226304K(226304K)->0K(263168K) From: 3199K(35328K)->2559K(33792K)
[435.091s][info][gc,heap        ] GC(813) ParOldGen: 492188K(492544K)->492204K(492544K)
[435.091s][info][gc,metaspace   ] GC(813) Metaspace: 57566K(57920K)->57566K(57920K) NonClass: 51947K(52224K)->51947K(52224K) Class: 5619K(5696K)->5619K(5696K)
[435.091s][info][gc             ] GC(813) Pause Young (Allocation Failure) 704M->483M(771M) 4.668ms
[435.091s][info][gc,cpu         ] GC(813) User=0.01s Sys=0.00s Real=0.01s
[435.680s][info][gc,start       ] GC(814) Pause Young (Allocation Failure)
[435.686s][info][gc,heap        ] GC(814) PSYoungGen: 265727K(296960K)->3039K(295424K) Eden: 263168K(263168K)->0K(263168K) From: 2559K(33792K)->3039K(32256K)
[435.686s][info][gc,heap        ] GC(814) ParOldGen: 492204K(492544K)->492220K(492544K)
[435.686s][info][gc,metaspace   ] GC(814) Metaspace: 57566K(57920K)->57566K(57920K) NonClass: 51947K(52224K)->51947K(52224K) Class: 5619K(5696K)->5619K(5696K)
[435.686s][info][gc             ] GC(814) Pause Young (Allocation Failure) 740M->483M(769M) 6.244ms
[435.686s][info][gc,cpu         ] GC(814) User=0.01s Sys=0.00s Real=0.00s
[436.272s][info][gc,start       ] GC(815) Pause Young (Allocation Failure)
[436.279s][info][gc,heap        ] GC(815) PSYoungGen: 266207K(295424K)->3039K(300032K) Eden: 263168K(263168K)->0K(269312K) From: 3039K(32256K)->3039K(30720K)
[436.279s][info][gc,heap        ] GC(815) ParOldGen: 492220K(492544K)->492236K(492544K)
[436.279s][info][gc,metaspace   ] GC(815) Metaspace: 57568K(57920K)->57568K(57920K) NonClass: 51949K(52224K)->51949K(52224K) Class: 5619K(5696K)->5619K(5696K)
[436.279s][info][gc             ] GC(815) Pause Young (Allocation Failure) 740M->483M(774M) 6.753ms
[436.279s][info][gc,cpu         ] GC(815) User=0.02s Sys=0.00s Real=0.01s
[436.882s][info][gc,start       ] GC(816) Pause Young (Allocation Failure)
[436.888s][info][gc,heap        ] GC(816) PSYoungGen: 272192K(300032K)->3679K(298496K) Eden: 269152K(269312K)->0K(269312K) From: 3039K(30720K)->3679K(29184K)
[436.888s][info][gc,heap        ] GC(816) ParOldGen: 492236K(492544K)->492252K(492544K)
[436.888s][info][gc,metaspace   ] GC(816) Metaspace: 57568K(57920K)->57568K(57920K) NonClass: 51949K(52224K)->51949K(52224K) Class: 5619K(5696K)->5619K(5696K)
[436.888s][info][gc             ] GC(816) Pause Young (Allocation Failure) 746M->484M(772M) 5.724ms
[436.888s][info][gc,cpu         ] GC(816) User=0.01s Sys=0.00s Real=0.00s
[437.479s][info][gc,start       ] GC(817) Pause Young (Allocation Failure)
[437.486s][info][gc,heap        ] GC(817) PSYoungGen: 272991K(298496K)->2815K(303104K) Eden: 269312K(269312K)->0K(275456K) From: 3679K(29184K)->2815K(27648K)
[437.486s][info][gc,heap        ] GC(817) ParOldGen: 492252K(492544K)->492908K(493056K)
[437.486s][info][gc,metaspace   ] GC(817) Metaspace: 57568K(57920K)->57568K(57920K) NonClass: 51949K(52224K)->51949K(52224K) Class: 5619K(5696K)->5619K(5696K)
[437.486s][info][gc             ] GC(817) Pause Young (Allocation Failure) 747M->484M(777M) 6.716ms
[437.486s][info][gc,cpu         ] GC(817) User=0.01s Sys=0.01s Real=0.00s
[438.098s][info][gc,start       ] GC(818) Pause Young (Allocation Failure)
[438.108s][info][gc,heap        ] GC(818) PSYoungGen: 277952K(303104K)->8835K(301568K) Eden: 275137K(275456K)->0K(275456K) From: 2815K(27648K)->8835K(26112K)
[438.108s][info][gc,heap        ] GC(818) ParOldGen: 492908K(493056K)->492924K(493056K)
[438.108s][info][gc,metaspace   ] GC(818) Metaspace: 57568K(57920K)->57568K(57920K) NonClass: 51949K(52224K)->51949K(52224K) Class: 5619K(5696K)->5619K(5696K)
[438.108s][info][gc             ] GC(818) Pause Young (Allocation Failure) 752M->490M(776M) 9.282ms
[438.108s][info][gc,cpu         ] GC(818) User=0.02s Sys=0.00s Real=0.01s
[438.753s][info][gc,start       ] GC(819) Pause Young (Allocation Failure)
[438.764s][info][gc,heap        ] GC(819) PSYoungGen: 284291K(301568K)->928K(305664K) Eden: 275456K(275456K)->0K(280576K) From: 8835K(26112K)->928K(25088K)
[438.764s][info][gc,heap        ] GC(819) ParOldGen: 492924K(493056K)->501216K(501248K)
[438.764s][info][gc,metaspace   ] GC(819) Metaspace: 57568K(57920K)->57568K(57920K) NonClass: 51949K(52224K)->51949K(52224K) Class: 5619K(5696K)->5619K(5696K)
[438.764s][info][gc             ] GC(819) Pause Young (Allocation Failure) 759M->490M(788M) 10.984ms
[438.764s][info][gc,cpu         ] GC(819) User=0.02s Sys=0.01s Real=0.01s
[439.368s][info][gc,start       ] GC(820) Pause Young (Allocation Failure)
[439.373s][info][gc,heap        ] GC(820) PSYoungGen: 281504K(305664K)->2367K(305152K) Eden: 280576K(280576K)->0K(280576K) From: 928K(25088K)->2367K(24576K)
[439.373s][info][gc,heap        ] GC(820) ParOldGen: 501216K(501248K)->501232K(501248K)
[439.373s][info][gc,metaspace   ] GC(820) Metaspace: 57568K(57920K)->57568K(57920K) NonClass: 51949K(52224K)->51949K(52224K) Class: 5619K(5696K)->5619K(5696K)
[439.373s][info][gc             ] GC(820) Pause Young (Allocation Failure) 764M->491M(787M) 4.551ms
[439.373s][info][gc,cpu         ] GC(820) User=0.00s Sys=0.01s Real=0.01s
[439.989s][info][gc,start       ] GC(821) Pause Young (Allocation Failure)
[439.994s][info][gc,heap        ] GC(821) PSYoungGen: 282943K(305152K)->2207K(308224K) Eden: 280576K(280576K)->0K(285184K) From: 2367K(24576K)->2207K(23040K)
[439.994s][info][gc,heap        ] GC(821) ParOldGen: 501232K(501248K)->501248K(501760K)
[439.994s][info][gc,metaspace   ] GC(821) Metaspace: 57568K(57920K)->57568K(57920K) NonClass: 51949K(52224K)->51949K(52224K) Class: 5619K(5696K)->5619K(5696K)
[439.994s][info][gc             ] GC(821) Pause Young (Allocation Failure) 765M->491M(791M) 5.279ms
[439.994s][info][gc,cpu         ] GC(821) User=0.01s Sys=0.01s Real=0.00s
[440.657s][info][gc,start       ] GC(822) Pause Young (Allocation Failure)
[440.661s][info][gc,heap        ] GC(822) PSYoungGen: 287391K(308224K)->1343K(307200K) Eden: 285184K(285184K)->0K(285184K) From: 2207K(23040K)->1343K(22016K)
[440.661s][info][gc,heap        ] GC(822) ParOldGen: 501248K(501760K)->501264K(501760K)
[440.661s][info][gc,metaspace   ] GC(822) Metaspace: 57568K(57920K)->57568K(57920K) NonClass: 51949K(52224K)->51949K(52224K) Class: 5619K(5696K)->5619K(5696K)
[440.661s][info][gc             ] GC(822) Pause Young (Allocation Failure) 770M->490M(790M) 4.128ms
[440.661s][info][gc,cpu         ] GC(822) User=0.01s Sys=0.00s Real=0.01s
[441.277s][info][gc,start       ] GC(823) Pause Young (Allocation Failure)
[441.285s][info][gc,heap        ] GC(823) PSYoungGen: 286527K(307200K)->3710K(310272K) Eden: 285184K(285184K)->0K(290304K) From: 1343K(22016K)->3710K(19968K)
[441.285s][info][gc,heap        ] GC(823) ParOldGen: 501264K(501760K)->501280K(501760K)
[441.285s][info][gc,metaspace   ] GC(823) Metaspace: 57568K(57920K)->57568K(57920K) NonClass: 51949K(52224K)->51949K(52224K) Class: 5619K(5696K)->5619K(5696K)
[441.285s][info][gc             ] GC(823) Pause Young (Allocation Failure) 769M->493M(793M) 8.382ms
[441.285s][info][gc,cpu         ] GC(823) User=0.02s Sys=0.00s Real=0.01s
[442.054s][info][gc,start       ] GC(824) Pause Young (Allocation Failure)
[442.057s][info][gc,heap        ] GC(824) PSYoungGen: 294014K(310272K)->895K(280064K) Eden: 290304K(290304K)->0K(279040K) From: 3710K(19968K)->895K(1024K)
[442.057s][info][gc,heap        ] GC(824) ParOldGen: 501280K(501760K)->501296K(501760K)
[442.057s][info][gc,metaspace   ] GC(824) Metaspace: 57568K(57920K)->57568K(57920K) NonClass: 51949K(52224K)->51949K(52224K) Class: 5619K(5696K)->5619K(5696K)
[442.057s][info][gc             ] GC(824) Pause Young (Allocation Failure) 776M->490M(763M) 2.919ms
[442.057s][info][gc,cpu         ] GC(824) User=0.01s Sys=0.00s Real=0.00s
[442.679s][info][gc,start       ] GC(825) Pause Young (Allocation Failure)
[442.684s][info][gc,heap        ] GC(825) PSYoungGen: 279935K(280064K)->2240K(274432K) Eden: 279040K(279040K)->0K(268288K) From: 895K(1024K)->2240K(6144K)
[442.684s][info][gc,heap        ] GC(825) ParOldGen: 501296K(501760K)->501312K(501760K)
[442.684s][info][gc,metaspace   ] GC(825) Metaspace: 57568K(57920K)->57568K(57920K) NonClass: 51949K(52224K)->51949K(52224K) Class: 5619K(5696K)->5619K(5696K)
[442.684s][info][gc             ] GC(825) Pause Young (Allocation Failure) 762M->491M(758M) 5.327ms
[442.684s][info][gc,cpu         ] GC(825) User=0.01s Sys=0.00s Real=0.01s
[443.271s][info][gc,start       ] GC(826) Pause Young (Allocation Failure)
[443.276s][info][gc,heap        ] GC(826) PSYoungGen: 270528K(274432K)->3038K(261120K) Eden: 268288K(268288K)->0K(258048K) From: 2240K(6144K)->3038K(3072K)
[443.276s][info][gc,heap        ] GC(826) ParOldGen: 501312K(501760K)->501328K(501760K)
[443.276s][info][gc,metaspace   ] GC(826) Metaspace: 57568K(57920K)->57568K(57920K) NonClass: 51949K(52224K)->51949K(52224K) Class: 5619K(5696K)->5619K(5696K)
[443.276s][info][gc             ] GC(826) Pause Young (Allocation Failure) 753M->492M(745M) 5.588ms
[443.276s][info][gc,cpu         ] GC(826) User=0.01s Sys=0.00s Real=0.00s
[443.868s][info][gc,start       ] GC(827) Pause Young (Allocation Failure)
[443.873s][info][gc,heap        ] GC(827) PSYoungGen: 261086K(261120K)->2399K(250880K) Eden: 258048K(258048K)->0K(248320K) From: 3038K(3072K)->2399K(2560K)
[443.874s][info][gc,heap        ] GC(827) ParOldGen: 501328K(501760K)->501344K(501760K)
[443.874s][info][gc,metaspace   ] GC(827) Metaspace: 57568K(57920K)->57568K(57920K) NonClass: 51949K(52224K)->51949K(52224K) Class: 5619K(5696K)->5619K(5696K)
[443.874s][info][gc             ] GC(827) Pause Young (Allocation Failure) 744M->491M(735M) 5.875ms
[443.874s][info][gc,cpu         ] GC(827) User=0.01s Sys=0.01s Real=0.01s
[444.400s][info][gc,start       ] GC(828) Pause Young (Allocation Failure)
[444.403s][info][gc,heap        ] GC(828) PSYoungGen: 250719K(250880K)->767K(240128K) Eden: 248320K(248320K)->0K(239104K) From: 2399K(2560K)->767K(1024K)
[444.403s][info][gc,heap        ] GC(828) ParOldGen: 501344K(501760K)->501360K(501760K)
[444.403s][info][gc,metaspace   ] GC(828) Metaspace: 57568K(57920K)->57568K(57920K) NonClass: 51949K(52224K)->51949K(52224K) Class: 5619K(5696K)->5619K(5696K)
[444.403s][info][gc             ] GC(828) Pause Young (Allocation Failure) 734M->490M(724M) 2.730ms
[444.403s][info][gc,cpu         ] GC(828) User=0.01s Sys=0.00s Real=0.00s
[444.959s][info][gc,start       ] GC(829) Pause Young (Allocation Failure)
[444.963s][info][gc,heap        ] GC(829) PSYoungGen: 239871K(240128K)->1631K(232448K) Eden: 239104K(239104K)->0K(230400K) From: 767K(1024K)->1631K(2048K)
[444.963s][info][gc,heap        ] GC(829) ParOldGen: 501360K(501760K)->501376K(501760K)
[444.963s][info][gc,metaspace   ] GC(829) Metaspace: 57568K(57920K)->57568K(57920K) NonClass: 51949K(52224K)->51949K(52224K) Class: 5619K(5696K)->5619K(5696K)
[444.963s][info][gc             ] GC(829) Pause Young (Allocation Failure) 723M->491M(717M) 4.464ms
[444.963s][info][gc,cpu         ] GC(829) User=0.01s Sys=0.00s Real=0.00s
[445.461s][info][gc,start       ] GC(830) Pause Young (Allocation Failure)
[445.465s][info][gc,heap        ] GC(830) PSYoungGen: 232031K(232448K)->2111K(224256K) Eden: 230400K(230400K)->0K(221696K) From: 1631K(2048K)->2111K(2560K)
[445.465s][info][gc,heap        ] GC(830) ParOldGen: 501376K(501760K)->501392K(501760K)
[445.465s][info][gc,metaspace   ] GC(830) Metaspace: 57568K(57920K)->57568K(57920K) NonClass: 51949K(52224K)->51949K(52224K) Class: 5619K(5696K)->5619K(5696K)
[445.465s][info][gc             ] GC(830) Pause Young (Allocation Failure) 716M->491M(709M) 4.228ms
[445.465s][info][gc,cpu         ] GC(830) User=0.00s Sys=0.00s Real=0.00s
[445.962s][info][gc,start       ] GC(831) Pause Young (Allocation Failure)
[445.967s][info][gc,heap        ] GC(831) PSYoungGen: 223807K(224256K)->1728K(215552K) Eden: 221696K(221696K)->0K(213504K) From: 2111K(2560K)->1728K(2048K)
[445.967s][info][gc,heap        ] GC(831) ParOldGen: 501392K(501760K)->501408K(501760K)
[445.967s][info][gc,metaspace   ] GC(831) Metaspace: 57568K(57920K)->57568K(57920K) NonClass: 51949K(52224K)->51949K(52224K) Class: 5619K(5696K)->5619K(5696K)
[445.967s][info][gc             ] GC(831) Pause Young (Allocation Failure) 708M->491M(700M) 4.895ms
[445.967s][info][gc,cpu         ] GC(831) User=0.01s Sys=0.00s Real=0.00s
[446.460s][info][gc,start       ] GC(832) Pause Young (Allocation Failure)
[446.464s][info][gc,heap        ] GC(832) PSYoungGen: 215232K(215552K)->1489K(207360K) Eden: 213504K(213504K)->0K(205824K) From: 1728K(2048K)->1489K(1536K)
[446.464s][info][gc,heap        ] GC(832) ParOldGen: 501408K(501760K)->501424K(501760K)
[446.464s][info][gc,metaspace   ] GC(832) Metaspace: 57568K(57920K)->57568K(57920K) NonClass: 51949K(52224K)->51949K(52224K) Class: 5619K(5696K)->5619K(5696K)
[446.464s][info][gc             ] GC(832) Pause Young (Allocation Failure) 699M->491M(692M) 3.862ms
[446.464s][info][gc,cpu         ] GC(832) User=0.00s Sys=0.00s Real=0.00s
[446.891s][info][gc,start       ] GC(833) Pause Young (Allocation Failure)
[446.895s][info][gc,heap        ] GC(833) PSYoungGen: 207313K(207360K)->1344K(200192K) Eden: 205824K(205824K)->0K(198656K) From: 1489K(1536K)->1344K(1536K)
[446.895s][info][gc,heap        ] GC(833) ParOldGen: 501424K(501760K)->501440K(501760K)
[446.895s][info][gc,metaspace   ] GC(833) Metaspace: 57568K(57920K)->57568K(57920K) NonClass: 51949K(52224K)->51949K(52224K) Class: 5619K(5696K)->5619K(5696K)
[446.895s][info][gc             ] GC(833) Pause Young (Allocation Failure) 692M->491M(685M) 4.491ms
[446.895s][info][gc,cpu         ] GC(833) User=0.01s Sys=0.00s Real=0.00s
[447.383s][info][gc,start       ] GC(834) Pause Young (Allocation Failure)
[447.396s][info][gc,heap        ] GC(834) PSYoungGen: 200000K(200192K)->2480K(232448K) Eden: 198656K(198656K)->0K(221184K) From: 1344K(1536K)->2480K(11264K)
[447.396s][info][gc,heap        ] GC(834) ParOldGen: 501440K(501760K)->501456K(501760K)
[447.396s][info][gc,metaspace   ] GC(834) Metaspace: 57568K(57920K)->57568K(57920K) NonClass: 51949K(52224K)->51949K(52224K) Class: 5619K(5696K)->5619K(5696K)
[447.396s][info][gc             ] GC(834) Pause Young (Allocation Failure) 685M->492M(717M) 12.348ms
[447.396s][info][gc,cpu         ] GC(834) User=0.01s Sys=0.00s Real=0.01s
[447.861s][info][gc,start       ] GC(835) Pause Young (Allocation Failure)
[447.867s][info][gc,heap        ] GC(835) PSYoungGen: 223664K(232448K)->1943K(247808K) Eden: 221184K(221184K)->0K(237056K) From: 2480K(11264K)->1943K(10752K)
[447.867s][info][gc,heap        ] GC(835) ParOldGen: 501456K(501760K)->501472K(501760K)
[447.867s][info][gc,metaspace   ] GC(835) Metaspace: 57568K(57920K)->57568K(57920K) NonClass: 51949K(52224K)->51949K(52224K) Class: 5619K(5696K)->5619K(5696K)
[447.867s][info][gc             ] GC(835) Pause Young (Allocation Failure) 708M->491M(732M) 5.780ms
[447.867s][info][gc,cpu         ] GC(835) User=0.01s Sys=0.01s Real=0.00s
[448.373s][info][gc,start       ] GC(836) Pause Young (Allocation Failure)
[448.377s][info][gc,heap        ] GC(836) PSYoungGen: 238999K(247808K)->2431K(247296K) Eden: 237056K(237056K)->0K(237056K) From: 1943K(10752K)->2431K(10240K)
[448.377s][info][gc,heap        ] GC(836) ParOldGen: 501472K(501760K)->501488K(501760K)
[448.377s][info][gc,metaspace   ] GC(836) Metaspace: 57568K(57920K)->57568K(57920K) NonClass: 51949K(52224K)->51949K(52224K) Class: 5619K(5696K)->5619K(5696K)
[448.377s][info][gc             ] GC(836) Pause Young (Allocation Failure) 723M->492M(731M) 4.562ms
[448.377s][info][gc,cpu         ] GC(836) User=0.01s Sys=0.00s Real=0.00s
[448.897s][info][gc,start       ] GC(837) Pause Young (Allocation Failure)
[448.902s][info][gc,heap        ] GC(837) PSYoungGen: 239232K(247296K)->1408K(290304K) Eden: 236800K(237056K)->0K(282112K) From: 2431K(10240K)->1408K(8192K)
[448.902s][info][gc,heap        ] GC(837) ParOldGen: 501488K(501760K)->501504K(501760K)
[448.902s][info][gc,metaspace   ] GC(837) Metaspace: 57568K(57920K)->57568K(57920K) NonClass: 51949K(52224K)->51949K(52224K) Class: 5619K(5696K)->5619K(5696K)
[448.902s][info][gc             ] GC(837) Pause Young (Allocation Failure) 723M->491M(773M) 4.935ms
[448.902s][info][gc,cpu         ] GC(837) User=0.01s Sys=0.01s Real=0.01s
[449.570s][info][gc,start       ] GC(838) Pause Young (Allocation Failure)
[449.573s][info][gc,heap        ] GC(838) PSYoungGen: 283520K(290304K)->320K(271360K) Eden: 282112K(282112K)->0K(270848K) From: 1408K(8192K)->320K(512K)
[449.573s][info][gc,heap        ] GC(838) ParOldGen: 501504K(501760K)->501520K(501760K)
[449.573s][info][gc,metaspace   ] GC(838) Metaspace: 57568K(57920K)->57568K(57920K) NonClass: 51949K(52224K)->51949K(52224K) Class: 5619K(5696K)->5619K(5696K)
[449.573s][info][gc             ] GC(838) Pause Young (Allocation Failure) 766M->490M(755M) 3.174ms
[449.573s][info][gc,cpu         ] GC(838) User=0.01s Sys=0.00s Real=0.00s
[450.164s][info][gc,start       ] GC(839) Pause Young (Allocation Failure)
[450.169s][info][gc,heap        ] GC(839) PSYoungGen: 271168K(271360K)->2494K(263168K) Eden: 270848K(270848K)->0K(260608K) From: 320K(512K)->2494K(2560K)
[450.170s][info][gc,heap        ] GC(839) ParOldGen: 501520K(501760K)->501536K(501760K)
[450.170s][info][gc,metaspace   ] GC(839) Metaspace: 57568K(57920K)->57568K(57920K) NonClass: 51949K(52224K)->51949K(52224K) Class: 5619K(5696K)->5619K(5696K)
[450.170s][info][gc             ] GC(839) Pause Young (Allocation Failure) 754M->492M(747M) 5.322ms
[450.170s][info][gc,cpu         ] GC(839) User=0.01s Sys=0.00s Real=0.01s
[450.760s][info][gc,start       ] GC(840) Pause Young (Allocation Failure)
[450.764s][info][gc,heap        ] GC(840) PSYoungGen: 263102K(263168K)->1631K(252928K) Eden: 260608K(260608K)->0K(250880K) From: 2494K(2560K)->1631K(2048K)
[450.764s][info][gc,heap        ] GC(840) ParOldGen: 501536K(501760K)->501552K(501760K)
[450.764s][info][gc,metaspace   ] GC(840) Metaspace: 57568K(57920K)->57568K(57920K) NonClass: 51949K(52224K)->51949K(52224K) Class: 5619K(5696K)->5619K(5696K)
[450.764s][info][gc             ] GC(840) Pause Young (Allocation Failure) 746M->491M(737M) 3.584ms
[450.764s][info][gc,cpu         ] GC(840) User=0.01s Sys=0.00s Real=0.00s
[451.349s][info][gc,start       ] GC(841) Pause Young (Allocation Failure)
[451.351s][info][gc,heap        ] GC(841) PSYoungGen: 252511K(252928K)->607K(242176K) Eden: 250880K(250880K)->0K(241152K) From: 1631K(2048K)->607K(1024K)
[451.351s][info][gc,heap        ] GC(841) ParOldGen: 501552K(501760K)->501568K(501760K)
[451.351s][info][gc,metaspace   ] GC(841) Metaspace: 57568K(57920K)->57568K(57920K) NonClass: 51949K(52224K)->51949K(52224K) Class: 5619K(5696K)->5619K(5696K)
[451.351s][info][gc             ] GC(841) Pause Young (Allocation Failure) 736M->490M(726M) 2.533ms
[451.351s][info][gc,cpu         ] GC(841) User=0.01s Sys=0.00s Real=0.01s
[451.867s][info][gc,start       ] GC(842) Pause Young (Allocation Failure)
[451.871s][info][gc,heap        ] GC(842) PSYoungGen: 241759K(242176K)->2367K(239616K) Eden: 241152K(241152K)->0K(231936K) From: 607K(1024K)->2367K(7680K)
[451.871s][info][gc,heap        ] GC(842) ParOldGen: 501568K(501760K)->501584K(501760K)
[451.871s][info][gc,metaspace   ] GC(842) Metaspace: 57568K(57920K)->57568K(57920K) NonClass: 51949K(52224K)->51949K(52224K) Class: 5619K(5696K)->5619K(5696K)
[451.871s][info][gc             ] GC(842) Pause Young (Allocation Failure) 725M->492M(724M) 4.390ms
[451.871s][info][gc,cpu         ] GC(842) User=0.00s Sys=0.00s Real=0.01s
[452.372s][info][gc,start       ] GC(843) Pause Young (Allocation Failure)
[452.376s][info][gc,heap        ] GC(843) PSYoungGen: 234303K(239616K)->2207K(225792K) Eden: 231936K(231936K)->0K(223232K) From: 2367K(7680K)->2207K(2560K)
[452.376s][info][gc,heap        ] GC(843) ParOldGen: 501584K(501760K)->501600K(501760K)
[452.376s][info][gc,metaspace   ] GC(843) Metaspace: 57568K(57920K)->57568K(57920K) NonClass: 51949K(52224K)->51949K(52224K) Class: 5619K(5696K)->5619K(5696K)
[452.376s][info][gc             ] GC(843) Pause Young (Allocation Failure) 718M->491M(710M) 4.458ms
[452.376s][info][gc,cpu         ] GC(843) User=0.01s Sys=0.00s Real=0.00s
[452.969s][info][gc,start       ] GC(844) Pause Young (Allocation Failure)
[452.973s][info][gc,heap        ] GC(844) PSYoungGen: 225439K(225792K)->2782K(218112K) Eden: 223232K(223232K)->0K(215040K) From: 2207K(2560K)->2782K(3072K)
[452.973s][info][gc,heap        ] GC(844) ParOldGen: 501600K(501760K)->501616K(501760K)
[452.973s][info][gc,metaspace   ] GC(844) Metaspace: 57568K(57920K)->57568K(57920K) NonClass: 51949K(52224K)->51949K(52224K) Class: 5619K(5696K)->5619K(5696K)
[452.973s][info][gc             ] GC(844) Pause Young (Allocation Failure) 709M->492M(703M) 4.640ms
[452.974s][info][gc,cpu         ] GC(844) User=0.01s Sys=0.00s Real=0.00s
[453.463s][info][gc,start       ] GC(845) Pause Young (Allocation Failure)
[453.467s][info][gc,heap        ] GC(845) PSYoungGen: 217822K(218112K)->1919K(209408K) Eden: 215040K(215040K)->0K(207360K) From: 2782K(3072K)->1919K(2048K)
[453.467s][info][gc,heap        ] GC(845) ParOldGen: 501616K(501760K)->501632K(501760K)
[453.467s][info][gc,metaspace   ] GC(845) Metaspace: 57568K(57920K)->57568K(57920K) NonClass: 51949K(52224K)->51949K(52224K) Class: 5619K(5696K)->5619K(5696K)
[453.467s][info][gc             ] GC(845) Pause Young (Allocation Failure) 702M->491M(694M) 4.121ms
[453.467s][info][gc,cpu         ] GC(845) User=0.01s Sys=0.00s Real=0.00s
[453.895s][info][gc,start       ] GC(846) Pause Young (Allocation Failure)
[453.898s][info][gc,heap        ] GC(846) PSYoungGen: 209279K(209408K)->1215K(201216K) Eden: 207360K(207360K)->0K(199680K) From: 1919K(2048K)->1215K(1536K)
[453.898s][info][gc,heap        ] GC(846) ParOldGen: 501632K(501760K)->501648K(501760K)
[453.898s][info][gc,metaspace   ] GC(846) Metaspace: 57568K(57920K)->57568K(57920K) NonClass: 51949K(52224K)->51949K(52224K) Class: 5619K(5696K)->5619K(5696K)
[453.898s][info][gc             ] GC(846) Pause Young (Allocation Failure) 694M->491M(686M) 3.118ms
[453.898s][info][gc,cpu         ] GC(846) User=0.00s Sys=0.00s Real=0.00s
[454.365s][info][gc,start       ] GC(847) Pause Young (Allocation Failure)
[454.370s][info][gc,heap        ] GC(847) PSYoungGen: 200895K(201216K)->2111K(195072K) Eden: 199680K(199680K)->0K(192512K) From: 1215K(1536K)->2111K(2560K)
[454.370s][info][gc,heap        ] GC(847) ParOldGen: 501648K(501760K)->501664K(501760K)
[454.370s][info][gc,metaspace   ] GC(847) Metaspace: 57568K(57920K)->57568K(57920K) NonClass: 51949K(52224K)->51949K(52224K) Class: 5619K(5696K)->5619K(5696K)
[454.370s][info][gc             ] GC(847) Pause Young (Allocation Failure) 686M->491M(680M) 4.287ms
[454.370s][info][gc,cpu         ] GC(847) User=0.01s Sys=0.00s Real=0.01s
[454.785s][info][gc,start       ] GC(848) Pause Young (Allocation Failure)
[454.790s][info][gc,heap        ] GC(848) PSYoungGen: 194348K(195072K)->2208K(188416K) Eden: 192237K(192512K)->0K(185856K) From: 2111K(2560K)->2208K(2560K)
[454.790s][info][gc,heap        ] GC(848) ParOldGen: 501664K(501760K)->501680K(501760K)
[454.790s][info][gc,metaspace   ] GC(848) Metaspace: 57568K(57920K)->57568K(57920K) NonClass: 51949K(52224K)->51949K(52224K) Class: 5619K(5696K)->5619K(5696K)
[454.790s][info][gc             ] GC(848) Pause Young (Allocation Failure) 679M->492M(674M) 5.629ms
[454.790s][info][gc,cpu         ] GC(848) User=0.02s Sys=0.00s Real=0.01s
[455.200s][info][gc,start       ] GC(849) Pause Young (Allocation Failure)
[455.203s][info][gc,heap        ] GC(849) PSYoungGen: 187794K(188416K)->608K(180224K) Eden: 185586K(185856K)->0K(179200K) From: 2208K(2560K)->608K(1024K)
[455.203s][info][gc,heap        ] GC(849) ParOldGen: 501680K(501760K)->501696K(501760K)
[455.203s][info][gc,metaspace   ] GC(849) Metaspace: 57568K(57920K)->57568K(57920K) NonClass: 51949K(52224K)->51949K(52224K) Class: 5619K(5696K)->5619K(5696K)
[455.203s][info][gc             ] GC(849) Pause Young (Allocation Failure) 673M->490M(666M) 3.000ms
[455.203s][info][gc,cpu         ] GC(849) User=0.01s Sys=0.00s Real=0.00s
[455.649s][info][gc,start       ] GC(850) Pause Young (Allocation Failure)
[455.651s][info][gc,heap        ] GC(850) PSYoungGen: 179808K(180224K)->358K(173568K) Eden: 179200K(179200K)->0K(173056K) From: 608K(1024K)->358K(512K)
[455.651s][info][gc,heap        ] GC(850) ParOldGen: 501696K(501760K)->501712K(501760K)
[455.651s][info][gc,metaspace   ] GC(850) Metaspace: 57569K(57920K)->57569K(57920K) NonClass: 51950K(52224K)->51950K(52224K) Class: 5619K(5696K)->5619K(5696K)
[455.651s][info][gc             ] GC(850) Pause Young (Allocation Failure) 665M->490M(659M) 2.284ms
[455.651s][info][gc,cpu         ] GC(850) User=0.00s Sys=0.00s Real=0.01s
[455.988s][info][gc,start       ] GC(851) Pause Young (Allocation Failure)
[455.991s][info][gc,heap        ] GC(851) PSYoungGen: 173414K(173568K)->768K(168448K) Eden: 173056K(173056K)->0K(167424K) From: 358K(512K)->768K(1024K)
[455.991s][info][gc,heap        ] GC(851) ParOldGen: 501712K(501760K)->501728K(501760K)
[455.991s][info][gc,metaspace   ] GC(851) Metaspace: 57569K(57920K)->57569K(57920K) NonClass: 51950K(52224K)->51950K(52224K) Class: 5619K(5696K)->5619K(5696K)
[455.991s][info][gc             ] GC(851) Pause Young (Allocation Failure) 659M->490M(654M) 3.117ms
[455.991s][info][gc,cpu         ] GC(851) User=0.00s Sys=0.00s Real=0.01s
[456.382s][info][gc,start       ] GC(852) Pause Young (Allocation Failure)
[456.387s][info][gc,heap        ] GC(852) PSYoungGen: 167970K(168448K)->2432K(164352K) Eden: 167202K(167424K)->0K(161792K) From: 768K(1024K)->2432K(2560K)
[456.387s][info][gc,heap        ] GC(852) ParOldGen: 501728K(501760K)->501744K(501760K)
[456.387s][info][gc,metaspace   ] GC(852) Metaspace: 57569K(57920K)->57569K(57920K) NonClass: 51950K(52224K)->51950K(52224K) Class: 5619K(5696K)->5619K(5696K)
[456.387s][info][gc             ] GC(852) Pause Young (Allocation Failure) 654M->492M(650M) 4.887ms
[456.387s][info][gc,cpu         ] GC(852) User=0.01s Sys=0.00s Real=0.00s
[456.765s][info][gc,start       ] GC(853) Pause Young (Allocation Failure)
[456.770s][info][gc,heap        ] GC(853) PSYoungGen: 164224K(164352K)->2400K(159232K) Eden: 161792K(161792K)->0K(156672K) From: 2432K(2560K)->2400K(2560K)
[456.770s][info][gc,heap        ] GC(853) ParOldGen: 501744K(501760K)->501760K(502272K)
[456.770s][info][gc,metaspace   ] GC(853) Metaspace: 57571K(57920K)->57571K(57920K) NonClass: 51952K(52224K)->51952K(52224K) Class: 5619K(5696K)->5619K(5696K)
[456.770s][info][gc             ] GC(853) Pause Young (Allocation Failure) 650M->492M(646M) 4.956ms
[456.770s][info][gc,cpu         ] GC(853) User=0.01s Sys=0.00s Real=0.01s
[457.149s][info][gc,start       ] GC(854) Pause Young (Allocation Failure)
[457.152s][info][gc,heap        ] GC(854) PSYoungGen: 159072K(159232K)->443K(152064K) Eden: 156672K(156672K)->0K(151552K) From: 2400K(2560K)->443K(512K)
[457.152s][info][gc,heap        ] GC(854) ParOldGen: 501760K(502272K)->501776K(502272K)
[457.152s][info][gc,metaspace   ] GC(854) Metaspace: 57571K(57920K)->57571K(57920K) NonClass: 51952K(52224K)->51952K(52224K) Class: 5619K(5696K)->5619K(5696K)
[457.152s][info][gc             ] GC(854) Pause Young (Allocation Failure) 645M->490M(639M) 2.492ms
[457.152s][info][gc,cpu         ] GC(854) User=0.01s Sys=0.00s Real=0.00s
[457.471s][info][gc,start       ] GC(855) Pause Young (Allocation Failure)
[457.477s][info][gc,heap        ] GC(855) PSYoungGen: 151995K(152064K)->3007K(183808K) Eden: 151552K(151552K)->0K(180736K) From: 443K(512K)->3007K(3072K)
[457.477s][info][gc,heap        ] GC(855) ParOldGen: 501776K(502272K)->501792K(502272K)
[457.477s][info][gc,metaspace   ] GC(855) Metaspace: 57571K(57920K)->57571K(57920K) NonClass: 51952K(52224K)->51952K(52224K) Class: 5619K(5696K)->5619K(5696K)
[457.477s][info][gc             ] GC(855) Pause Young (Allocation Failure) 638M->492M(670M) 5.690ms
[457.477s][info][gc,cpu         ] GC(855) User=0.01s Sys=0.00s Real=0.00s
[457.874s][info][gc,start       ] GC(856) Pause Young (Allocation Failure)
[457.878s][info][gc,heap        ] GC(856) PSYoungGen: 183743K(183808K)->2271K(217600K) Eden: 180736K(180736K)->0K(215040K) From: 3007K(3072K)->2271K(2560K)
[457.878s][info][gc,heap        ] GC(856) ParOldGen: 501792K(502272K)->501808K(502272K)
[457.879s][info][gc,metaspace   ] GC(856) Metaspace: 57571K(57920K)->57571K(57920K) NonClass: 51952K(52224K)->51952K(52224K) Class: 5619K(5696K)->5619K(5696K)
[457.879s][info][gc             ] GC(856) Pause Young (Allocation Failure) 669M->492M(703M) 4.453ms
[457.879s][info][gc,cpu         ] GC(856) User=0.01s Sys=0.00s Real=0.00s
[458.369s][info][gc,start       ] GC(857) Pause Young (Allocation Failure)
[458.373s][info][gc,heap        ] GC(857) PSYoungGen: 217215K(217600K)->2144K(235008K) Eden: 214944K(215040K)->0K(229888K) From: 2271K(2560K)->2144K(5120K)
[458.373s][info][gc,heap        ] GC(857) ParOldGen: 501808K(502272K)->501824K(502272K)
[458.373s][info][gc,metaspace   ] GC(857) Metaspace: 57571K(57920K)->57571K(57920K) NonClass: 51952K(52224K)->51952K(52224K) Class: 5619K(5696K)->5619K(5696K)
[458.373s][info][gc             ] GC(857) Pause Young (Allocation Failure) 702M->492M(720M) 4.456ms
[458.373s][info][gc,cpu         ] GC(857) User=0.01s Sys=0.00s Real=0.01s
[458.879s][info][gc,start       ] GC(858) Pause Young (Allocation Failure)
[458.883s][info][gc,heap        ] GC(858) PSYoungGen: 232032K(235008K)->2048K(234496K) Eden: 229888K(229888K)->0K(229888K) From: 2144K(5120K)->2048K(4608K)
[458.883s][info][gc,heap        ] GC(858) ParOldGen: 501824K(502272K)->501840K(502272K)
[458.883s][info][gc,metaspace   ] GC(858) Metaspace: 57571K(57920K)->57571K(57920K) NonClass: 51952K(52224K)->51952K(52224K) Class: 5619K(5696K)->5619K(5696K)
[458.883s][info][gc             ] GC(858) Pause Young (Allocation Failure) 716M->492M(719M) 4.379ms
[458.883s][info][gc,cpu         ] GC(858) User=0.01s Sys=0.00s Real=0.00s
[459.378s][info][gc,start       ] GC(859) Pause Young (Allocation Failure)
[459.385s][info][gc,heap        ] GC(859) PSYoungGen: 231936K(234496K)->3646K(277504K) Eden: 229888K(229888K)->0K(272896K) From: 2048K(4608K)->3646K(4608K)
[459.385s][info][gc,heap        ] GC(859) ParOldGen: 501840K(502272K)->501856K(502272K)
[459.385s][info][gc,metaspace   ] GC(859) Metaspace: 57571K(57920K)->57571K(57920K) NonClass: 51952K(52224K)->51952K(52224K) Class: 5619K(5696K)->5619K(5696K)
[459.385s][info][gc             ] GC(859) Pause Young (Allocation Failure) 716M->493M(761M) 7.052ms
[459.385s][info][gc,cpu         ] GC(859) User=0.02s Sys=0.00s Real=0.01s
[460.001s][info][gc,start       ] GC(860) Pause Young (Allocation Failure)
[460.012s][info][gc,heap        ] GC(860) PSYoungGen: 276542K(277504K)->2431K(278016K) Eden: 272896K(272896K)->0K(272896K) From: 3646K(4608K)->2431K(5120K)
[460.012s][info][gc,heap        ] GC(860) ParOldGen: 501856K(502272K)->501872K(502272K)
[460.012s][info][gc,metaspace   ] GC(860) Metaspace: 57571K(57920K)->57571K(57920K) NonClass: 51952K(52224K)->51952K(52224K) Class: 5619K(5696K)->5619K(5696K)
[460.012s][info][gc             ] GC(860) Pause Young (Allocation Failure) 760M->492M(762M) 11.615ms
[460.012s][info][gc,cpu         ] GC(860) User=0.02s Sys=0.00s Real=0.01s
[460.603s][info][gc,start       ] GC(861) Pause Young (Allocation Failure)
[460.609s][info][gc,heap        ] GC(861) PSYoungGen: 275327K(278016K)->800K(328704K) Eden: 272896K(272896K)->0K(324096K) From: 2431K(5120K)->800K(4608K)
[460.609s][info][gc,heap        ] GC(861) ParOldGen: 501872K(502272K)->501888K(502272K)
[460.609s][info][gc,metaspace   ] GC(861) Metaspace: 57571K(57920K)->57571K(57920K) NonClass: 51952K(52224K)->51952K(52224K) Class: 5619K(5696K)->5619K(5696K)
[460.609s][info][gc             ] GC(861) Pause Young (Allocation Failure) 758M->490M(811M) 5.585ms
[460.609s][info][gc,cpu         ] GC(861) User=0.01s Sys=0.00s Real=0.00s
[461.359s][info][gc,start       ] GC(862) Pause Young (Allocation Failure)
[461.362s][info][gc,heap        ] GC(862) PSYoungGen: 324896K(328704K)->1417K(328704K) Eden: 324096K(324096K)->0K(324096K) From: 800K(4608K)->1417K(4608K)
[461.362s][info][gc,heap        ] GC(862) ParOldGen: 501888K(502272K)->501904K(502272K)
[461.362s][info][gc,metaspace   ] GC(862) Metaspace: 57571K(57920K)->57571K(57920K) NonClass: 51952K(52224K)->51952K(52224K) Class: 5619K(5696K)->5619K(5696K)
[461.362s][info][gc             ] GC(862) Pause Young (Allocation Failure) 807M->491M(811M) 3.366ms
[461.362s][info][gc,cpu         ] GC(862) User=0.00s Sys=0.00s Real=0.00s
[462.067s][info][gc,start       ] GC(863) Pause Young (Allocation Failure)
[462.073s][info][gc,heap        ] GC(863) PSYoungGen: 325513K(328704K)->2558K(313856K) Eden: 324096K(324096K)->0K(311296K) From: 1417K(4608K)->2558K(2560K)
[462.073s][info][gc,heap        ] GC(863) ParOldGen: 501904K(502272K)->501920K(502272K)
[462.073s][info][gc,metaspace   ] GC(863) Metaspace: 57571K(57920K)->57571K(57920K) NonClass: 51952K(52224K)->51952K(52224K) Class: 5619K(5696K)->5619K(5696K)
[462.073s][info][gc             ] GC(863) Pause Young (Allocation Failure) 808M->492M(797M) 5.276ms
[462.073s][info][gc,cpu         ] GC(863) User=0.01s Sys=0.00s Real=0.01s
[462.763s][info][gc,start       ] GC(864) Pause Young (Allocation Failure)
[462.768s][info][gc,heap        ] GC(864) PSYoungGen: 313854K(313856K)->1504K(300544K) Eden: 311296K(311296K)->0K(299008K) From: 2558K(2560K)->1504K(1536K)
[462.768s][info][gc,heap        ] GC(864) ParOldGen: 501920K(502272K)->501936K(502272K)
[462.768s][info][gc,metaspace   ] GC(864) Metaspace: 57571K(57920K)->57571K(57920K) NonClass: 51952K(52224K)->51952K(52224K) Class: 5619K(5696K)->5619K(5696K)
[462.768s][info][gc             ] GC(864) Pause Young (Allocation Failure) 796M->491M(784M) 4.347ms
[462.768s][info][gc,cpu         ] GC(864) User=0.01s Sys=0.00s Real=0.00s
[463.448s][info][gc,start       ] GC(865) Pause Young (Allocation Failure)
[463.451s][info][gc,heap        ] GC(865) PSYoungGen: 300512K(300544K)->256K(287744K) Eden: 299008K(299008K)->0K(287232K) From: 1504K(1536K)->256K(512K)
[463.451s][info][gc,heap        ] GC(865) ParOldGen: 501936K(502272K)->501952K(502272K)
[463.451s][info][gc,metaspace   ] GC(865) Metaspace: 57571K(57920K)->57571K(57920K) NonClass: 51952K(52224K)->51952K(52224K) Class: 5619K(5696K)->5619K(5696K)
[463.451s][info][gc             ] GC(865) Pause Young (Allocation Failure) 783M->490M(771M) 2.398ms
[463.451s][info][gc,cpu         ] GC(865) User=0.00s Sys=0.00s Real=0.01s
[464.069s][info][gc,start       ] GC(866) Pause Young (Allocation Failure)
[464.074s][info][gc,heap        ] GC(866) PSYoungGen: 287488K(287744K)->2591K(280576K) Eden: 287232K(287232K)->0K(275968K) From: 256K(512K)->2591K(4608K)
[464.074s][info][gc,heap        ] GC(866) ParOldGen: 501952K(502272K)->501968K(502272K)
[464.074s][info][gc,metaspace   ] GC(866) Metaspace: 57571K(57920K)->57571K(57920K) NonClass: 51952K(52224K)->51952K(52224K) Class: 5619K(5696K)->5619K(5696K)
[464.074s][info][gc             ] GC(866) Pause Young (Allocation Failure) 770M->492M(764M) 4.708ms
[464.074s][info][gc,cpu         ] GC(866) User=0.00s Sys=0.00s Real=0.00s
[464.779s][info][gc,start       ] GC(867) Pause Young (Allocation Failure)
[464.784s][info][gc,heap        ] GC(867) PSYoungGen: 278559K(280576K)->2592K(268288K) Eden: 275968K(275968K)->0K(265216K) From: 2591K(4608K)->2592K(3072K)
[464.784s][info][gc,heap        ] GC(867) ParOldGen: 501968K(502272K)->501984K(502272K)
[464.784s][info][gc,metaspace   ] GC(867) Metaspace: 57571K(57920K)->57571K(57920K) NonClass: 51952K(52224K)->51952K(52224K) Class: 5619K(5696K)->5619K(5696K)
[464.784s][info][gc             ] GC(867) Pause Young (Allocation Failure) 762M->492M(752M) 5.459ms
[464.784s][info][gc,cpu         ] GC(867) User=0.01s Sys=0.00s Real=0.00s
[465.379s][info][gc,start       ] GC(868) Pause Young (Allocation Failure)
[465.384s][info][gc,heap        ] GC(868) PSYoungGen: 267808K(268288K)->2272K(257536K) Eden: 265216K(265216K)->0K(254976K) From: 2592K(3072K)->2272K(2560K)
[465.384s][info][gc,heap        ] GC(868) ParOldGen: 501984K(502272K)->502000K(502272K)
[465.384s][info][gc,metaspace   ] GC(868) Metaspace: 57571K(57920K)->57571K(57920K) NonClass: 51952K(52224K)->51952K(52224K) Class: 5619K(5696K)->5619K(5696K)
[465.384s][info][gc             ] GC(868) Pause Young (Allocation Failure) 751M->492M(742M) 5.072ms
[465.384s][info][gc,cpu         ] GC(868) User=0.01s Sys=0.01s Real=0.00s
[465.972s][info][gc,start       ] GC(869) Pause Young (Allocation Failure)
[465.977s][info][gc,heap        ] GC(869) PSYoungGen: 257248K(257536K)->2815K(248320K) Eden: 254976K(254976K)->0K(245248K) From: 2272K(2560K)->2815K(3072K)
[465.977s][info][gc,heap        ] GC(869) ParOldGen: 502000K(502272K)->502016K(502272K)
[465.977s][info][gc,metaspace   ] GC(869) Metaspace: 57571K(57920K)->57571K(57920K) NonClass: 51952K(52224K)->51952K(52224K) Class: 5619K(5696K)->5619K(5696K)
[465.977s][info][gc             ] GC(869) Pause Young (Allocation Failure) 741M->492M(733M) 5.110ms
[465.977s][info][gc,cpu         ] GC(869) User=0.01s Sys=0.00s Real=0.00s
[466.604s][info][gc,start       ] GC(870) Pause Young (Allocation Failure)
[466.607s][info][gc,heap        ] GC(870) PSYoungGen: 247957K(248320K)->448K(236544K) Eden: 245141K(245248K)->0K(236032K) From: 2815K(3072K)->448K(512K)
[466.607s][info][gc,heap        ] GC(870) ParOldGen: 502016K(502272K)->502032K(502272K)
[466.607s][info][gc,metaspace   ] GC(870) Metaspace: 57571K(57920K)->57571K(57920K) NonClass: 51952K(52224K)->51952K(52224K) Class: 5619K(5696K)->5619K(5696K)
[466.607s][info][gc             ] GC(870) Pause Young (Allocation Failure) 732M->490M(721M) 2.663ms
[466.607s][info][gc,cpu         ] GC(870) User=0.00s Sys=0.00s Real=0.00s
[467.069s][info][gc,start       ] GC(871) Pause Young (Allocation Failure)
[467.074s][info][gc,heap        ] GC(871) PSYoungGen: 236480K(236544K)->2368K(229888K) Eden: 236032K(236032K)->0K(227328K) From: 448K(512K)->2368K(2560K)
[467.074s][info][gc,heap        ] GC(871) ParOldGen: 502032K(502272K)->502048K(502272K)
[467.074s][info][gc,metaspace   ] GC(871) Metaspace: 57571K(57920K)->57571K(57920K) NonClass: 51952K(52224K)->51952K(52224K) Class: 5619K(5696K)->5619K(5696K)
[467.074s][info][gc             ] GC(871) Pause Young (Allocation Failure) 721M->492M(715M) 4.894ms
[467.074s][info][gc,cpu         ] GC(871) User=0.01s Sys=0.00s Real=0.00s
[467.570s][info][gc,start       ] GC(872) Pause Young (Allocation Failure)
[467.576s][info][gc,heap        ] GC(872) PSYoungGen: 229696K(229888K)->3231K(222720K) Eden: 227328K(227328K)->0K(219136K) From: 2368K(2560K)->3231K(3584K)
[467.576s][info][gc,heap        ] GC(872) ParOldGen: 502048K(502272K)->502064K(502272K)
[467.576s][info][gc,metaspace   ] GC(872) Metaspace: 57571K(57920K)->57571K(57920K) NonClass: 51952K(52224K)->51952K(52224K) Class: 5619K(5696K)->5619K(5696K)
[467.576s][info][gc             ] GC(872) Pause Young (Allocation Failure) 714M->493M(708M) 5.676ms
[467.576s][info][gc,cpu         ] GC(872) User=0.01s Sys=0.00s Real=0.00s
[468.071s][info][gc,start       ] GC(873) Pause Young (Allocation Failure)
[468.075s][info][gc,heap        ] GC(873) PSYoungGen: 222367K(222720K)->1984K(212992K) Eden: 219136K(219136K)->0K(210944K) From: 3231K(3584K)->1984K(2048K)
[468.075s][info][gc,heap        ] GC(873) ParOldGen: 502064K(502272K)->502080K(502272K)
[468.075s][info][gc,metaspace   ] GC(873) Metaspace: 57571K(57920K)->57571K(57920K) NonClass: 51952K(52224K)->51952K(52224K) Class: 5619K(5696K)->5619K(5696K)
[468.075s][info][gc             ] GC(873) Pause Young (Allocation Failure) 707M->492M(698M) 4.443ms
[468.075s][info][gc,cpu         ] GC(873) User=0.00s Sys=0.00s Real=0.00s
[468.561s][info][gc,start       ] GC(874) Pause Young (Allocation Failure)
[468.565s][info][gc,heap        ] GC(874) PSYoungGen: 212928K(212992K)->1280K(204800K) Eden: 210944K(210944K)->0K(203264K) From: 1984K(2048K)->1280K(1536K)
[468.565s][info][gc,heap        ] GC(874) ParOldGen: 502080K(502272K)->502096K(502272K)
[468.565s][info][gc,metaspace   ] GC(874) Metaspace: 57571K(57920K)->57571K(57920K) NonClass: 51952K(52224K)->51952K(52224K) Class: 5619K(5696K)->5619K(5696K)
[468.565s][info][gc             ] GC(874) Pause Young (Allocation Failure) 698M->491M(690M) 3.519ms
[468.565s][info][gc,cpu         ] GC(874) User=0.00s Sys=0.00s Real=0.00s
[468.995s][info][gc,start       ] GC(875) Pause Young (Allocation Failure)
[468.998s][info][gc,heap        ] GC(875) PSYoungGen: 204544K(204800K)->1151K(197632K) Eden: 203264K(203264K)->0K(196096K) From: 1280K(1536K)->1151K(1536K)
[468.998s][info][gc,heap        ] GC(875) ParOldGen: 502096K(502272K)->502112K(502272K)
[468.998s][info][gc,metaspace   ] GC(875) Metaspace: 57571K(57920K)->57571K(57920K) NonClass: 51952K(52224K)->51952K(52224K) Class: 5619K(5696K)->5619K(5696K)
[468.998s][info][gc             ] GC(875) Pause Young (Allocation Failure) 690M->491M(683M) 3.213ms
[468.998s][info][gc,cpu         ] GC(875) User=0.01s Sys=0.00s Real=0.00s
[469.463s][info][gc,start       ] GC(876) Pause Young (Allocation Failure)
[469.467s][info][gc,heap        ] GC(876) PSYoungGen: 196995K(197632K)->1536K(190464K) Eden: 195844K(196096K)->0K(188928K) From: 1151K(1536K)->1536K(1536K)
[469.467s][info][gc,heap        ] GC(876) ParOldGen: 502112K(502272K)->502128K(502272K)
[469.467s][info][gc,metaspace   ] GC(876) Metaspace: 57571K(57920K)->57571K(57920K) NonClass: 51952K(52224K)->51952K(52224K) Class: 5619K(5696K)->5619K(5696K)
[469.467s][info][gc             ] GC(876) Pause Young (Allocation Failure) 682M->491M(676M) 3.846ms
[469.467s][info][gc,cpu         ] GC(876) User=0.01s Sys=0.00s Real=0.00s
[469.878s][info][gc,start       ] GC(877) Pause Young (Allocation Failure)
[469.883s][info][gc,heap        ] GC(877) PSYoungGen: 190464K(190464K)->2207K(184832K) Eden: 188928K(188928K)->0K(182272K) From: 1536K(1536K)->2207K(2560K)
[469.883s][info][gc,heap        ] GC(877) ParOldGen: 502128K(502272K)->502144K(502272K)
[469.883s][info][gc,metaspace   ] GC(877) Metaspace: 57571K(57920K)->57571K(57920K) NonClass: 51952K(52224K)->51952K(52224K) Class: 5619K(5696K)->5619K(5696K)
[469.883s][info][gc             ] GC(877) Pause Young (Allocation Failure) 676M->492M(671M) 5.461ms
[469.883s][info][gc,cpu         ] GC(877) User=0.01s Sys=0.00s Real=0.01s
[470.277s][info][gc,start       ] GC(878) Pause Young (Allocation Failure)
[470.282s][info][gc,heap        ] GC(878) PSYoungGen: 184479K(184832K)->2464K(219648K) Eden: 182272K(182272K)->0K(217088K) From: 2207K(2560K)->2464K(2560K)
[470.282s][info][gc,heap        ] GC(878) ParOldGen: 502144K(502272K)->502160K(502272K)
[470.282s][info][gc,metaspace   ] GC(878) Metaspace: 57571K(57920K)->57571K(57920K) NonClass: 51952K(52224K)->51952K(52224K) Class: 5619K(5696K)->5619K(5696K)
[470.282s][info][gc             ] GC(878) Pause Young (Allocation Failure) 670M->492M(705M) 5.205ms
[470.282s][info][gc,cpu         ] GC(878) User=0.01s Sys=0.00s Real=0.01s
[470.766s][info][gc,start       ] GC(879) Pause Young (Allocation Failure)
[470.771s][info][gc,heap        ] GC(879) PSYoungGen: 219552K(219648K)->2239K(211968K) Eden: 217088K(217088K)->0K(209408K) From: 2464K(2560K)->2239K(2560K)
[470.771s][info][gc,heap        ] GC(879) ParOldGen: 502160K(502272K)->502176K(502272K)
[470.771s][info][gc,metaspace   ] GC(879) Metaspace: 57571K(57920K)->57571K(57920K) NonClass: 51952K(52224K)->51952K(52224K) Class: 5619K(5696K)->5619K(5696K)
[470.771s][info][gc             ] GC(879) Pause Young (Allocation Failure) 704M->492M(697M) 4.186ms
[470.771s][info][gc,cpu         ] GC(879) User=0.01s Sys=0.00s Real=0.01s
[471.249s][info][gc,start       ] GC(880) Pause Young (Allocation Failure)
[471.252s][info][gc,heap        ] GC(880) PSYoungGen: 211647K(211968K)->796K(202752K) Eden: 209408K(209408K)->0K(201728K) From: 2239K(2560K)->796K(1024K)
[471.252s][info][gc,heap        ] GC(880) ParOldGen: 502176K(502272K)->502192K(502272K)
[471.252s][info][gc,metaspace   ] GC(880) Metaspace: 57571K(57920K)->57571K(57920K) NonClass: 51952K(52224K)->51952K(52224K) Class: 5619K(5696K)->5619K(5696K)
[471.252s][info][gc             ] GC(880) Pause Young (Allocation Failure) 697M->491M(688M) 2.716ms
[471.252s][info][gc,cpu         ] GC(880) User=0.01s Sys=0.00s Real=0.00s
[471.689s][info][gc,start       ] GC(881) Pause Young (Allocation Failure)
[471.693s][info][gc,heap        ] GC(881) PSYoungGen: 202524K(202752K)->1727K(196608K) Eden: 201727K(201728K)->0K(194560K) From: 796K(1024K)->1727K(2048K)
[471.693s][info][gc,heap        ] GC(881) ParOldGen: 502192K(502272K)->502208K(502272K)
[471.693s][info][gc,metaspace   ] GC(881) Metaspace: 57571K(57920K)->57571K(57920K) NonClass: 51952K(52224K)->51952K(52224K) Class: 5619K(5696K)->5619K(5696K)
[471.693s][info][gc             ] GC(881) Pause Young (Allocation Failure) 688M->492M(682M) 3.805ms
[471.693s][info][gc,cpu         ] GC(881) User=0.01s Sys=0.00s Real=0.00s
[472.104s][info][gc,start       ] GC(882) Pause Young (Allocation Failure)
[472.107s][info][gc,heap        ] GC(882) PSYoungGen: 196022K(196608K)->672K(188928K) Eden: 194295K(194560K)->0K(187904K) From: 1727K(2048K)->672K(1024K)
[472.107s][info][gc,heap        ] GC(882) ParOldGen: 502208K(502272K)->502224K(502272K)
[472.107s][info][gc,metaspace   ] GC(882) Metaspace: 57571K(57920K)->57571K(57920K) NonClass: 51952K(52224K)->51952K(52224K) Class: 5619K(5696K)->5619K(5696K)
[472.107s][info][gc             ] GC(882) Pause Young (Allocation Failure) 681M->491M(675M) 2.830ms
[472.107s][info][gc,cpu         ] GC(882) User=0.01s Sys=0.00s Real=0.00s
[472.556s][info][gc,start       ] GC(883) Pause Young (Allocation Failure)
[472.559s][info][gc,heap        ] GC(883) PSYoungGen: 188576K(188928K)->863K(182272K) Eden: 187904K(187904K)->0K(181248K) From: 672K(1024K)->863K(1024K)
[472.559s][info][gc,heap        ] GC(883) ParOldGen: 502224K(502272K)->502240K(502272K)
[472.559s][info][gc,metaspace   ] GC(883) Metaspace: 57571K(57920K)->57571K(57920K) NonClass: 51952K(52224K)->51952K(52224K) Class: 5619K(5696K)->5619K(5696K)
[472.559s][info][gc             ] GC(883) Pause Young (Allocation Failure) 674M->491M(668M) 2.840ms
[472.559s][info][gc,cpu         ] GC(883) User=0.00s Sys=0.00s Real=0.01s
[472.962s][info][gc,start       ] GC(884) Pause Young (Allocation Failure)
[472.966s][info][gc,heap        ] GC(884) PSYoungGen: 182111K(182272K)->2015K(179200K) Eden: 181248K(181248K)->0K(175104K) From: 863K(1024K)->2015K(4096K)
[472.966s][info][gc,heap        ] GC(884) ParOldGen: 502240K(502272K)->502256K(502272K)
[472.966s][info][gc,metaspace   ] GC(884) Metaspace: 57571K(57920K)->57571K(57920K) NonClass: 51952K(52224K)->51952K(52224K) Class: 5619K(5696K)->5619K(5696K)
[472.966s][info][gc             ] GC(884) Pause Young (Allocation Failure) 668M->492M(665M) 3.948ms
[472.966s][info][gc,cpu         ] GC(884) User=0.00s Sys=0.00s Real=0.00s
[473.359s][info][gc,start       ] GC(885) Pause Young (Allocation Failure)
[473.363s][info][gc,heap        ] GC(885) PSYoungGen: 177119K(179200K)->1855K(171008K) Eden: 175104K(175104K)->0K(168960K) From: 2015K(4096K)->1855K(2048K)
[473.363s][info][gc,heap        ] GC(885) ParOldGen: 502256K(502272K)->502272K(502784K)
[473.364s][info][gc,metaspace   ] GC(885) Metaspace: 57571K(57920K)->57571K(57920K) NonClass: 51952K(52224K)->51952K(52224K) Class: 5619K(5696K)->5619K(5696K)
[473.364s][info][gc             ] GC(885) Pause Young (Allocation Failure) 663M->492M(658M) 4.053ms
[473.364s][info][gc,cpu         ] GC(885) User=0.01s Sys=0.00s Real=0.00s
[473.754s][info][gc,start       ] GC(886) Pause Young (Allocation Failure)
[473.757s][info][gc,heap        ] GC(886) PSYoungGen: 170815K(171008K)->1024K(164352K) Eden: 168960K(168960K)->0K(163328K) From: 1855K(2048K)->1024K(1024K)
[473.757s][info][gc,heap        ] GC(886) ParOldGen: 502272K(502784K)->502288K(502784K)
[473.757s][info][gc,metaspace   ] GC(886) Metaspace: 57571K(57920K)->57571K(57920K) NonClass: 51952K(52224K)->51952K(52224K) Class: 5619K(5696K)->5619K(5696K)
[473.757s][info][gc             ] GC(886) Pause Young (Allocation Failure) 657M->491M(651M) 3.144ms
[473.757s][info][gc,cpu         ] GC(886) User=0.01s Sys=0.00s Real=0.00s
[474.081s][info][gc,start       ] GC(887) Pause Young (Allocation Failure)
[474.086s][info][gc,heap        ] GC(887) PSYoungGen: 164335K(164352K)->2208K(160256K) Eden: 163311K(163328K)->0K(157696K) From: 1024K(1024K)->2208K(2560K)
[474.086s][info][gc,heap        ] GC(887) ParOldGen: 502288K(502784K)->502304K(502784K)
[474.086s][info][gc,metaspace   ] GC(887) Metaspace: 57571K(57920K)->57571K(57920K) NonClass: 51952K(52224K)->51952K(52224K) Class: 5619K(5696K)->5619K(5696K)
[474.086s][info][gc             ] GC(887) Pause Young (Allocation Failure) 650M->492M(647M) 4.724ms
[474.086s][info][gc,cpu         ] GC(887) User=0.01s Sys=0.00s Real=0.00s
[474.527s][info][gc,start       ] GC(888) Pause Young (Allocation Failure)
[474.529s][info][gc,heap        ] GC(888) PSYoungGen: 159904K(160256K)->863K(153600K) Eden: 157696K(157696K)->0K(152576K) From: 2208K(2560K)->863K(1024K)
[474.529s][info][gc,heap        ] GC(888) ParOldGen: 502304K(502784K)->502320K(502784K)
[474.529s][info][gc,metaspace   ] GC(888) Metaspace: 57571K(57920K)->57571K(57920K) NonClass: 51952K(52224K)->51952K(52224K) Class: 5619K(5696K)->5619K(5696K)
[474.530s][info][gc             ] GC(888) Pause Young (Allocation Failure) 646M->491M(641M) 2.748ms
[474.530s][info][gc,cpu         ] GC(888) User=0.00s Sys=0.00s Real=0.01s
[474.781s][info][gc,start       ] GC(889) Pause Young (Allocation Failure)
[474.786s][info][gc,heap        ] GC(889) PSYoungGen: 153439K(153600K)->2432K(184320K) Eden: 152576K(152576K)->0K(181760K) From: 863K(1024K)->2432K(2560K)
[474.786s][info][gc,heap        ] GC(889) ParOldGen: 502320K(502784K)->502336K(502784K)
[474.786s][info][gc,metaspace   ] GC(889) Metaspace: 57571K(57920K)->57571K(57920K) NonClass: 51952K(52224K)->51952K(52224K) Class: 5619K(5696K)->5619K(5696K)
[474.786s][info][gc             ] GC(889) Pause Young (Allocation Failure) 640M->492M(671M) 4.993ms
[474.786s][info][gc,cpu         ] GC(889) User=0.00s Sys=0.00s Real=0.00s
[475.195s][info][gc,start       ] GC(890) Pause Young (Allocation Failure)
[475.198s][info][gc,heap        ] GC(890) PSYoungGen: 184099K(184320K)->1376K(217600K) Eden: 181667K(181760K)->0K(216064K) From: 2432K(2560K)->1376K(1536K)
[475.199s][info][gc,heap        ] GC(890) ParOldGen: 502336K(502784K)->502352K(502784K)
[475.199s][info][gc,metaspace   ] GC(890) Metaspace: 57571K(57920K)->57571K(57920K) NonClass: 51952K(52224K)->51952K(52224K) Class: 5619K(5696K)->5619K(5696K)
[475.199s][info][gc             ] GC(890) Pause Young (Allocation Failure) 670M->491M(703M) 3.933ms
[475.199s][info][gc,cpu         ] GC(890) User=0.00s Sys=0.00s Real=0.00s
[475.871s][info][gc,start       ] GC(891) Pause Young (Allocation Failure)
[475.875s][info][gc,heap        ] GC(891) PSYoungGen: 217440K(217600K)->2112K(210944K) Eden: 216064K(216064K)->0K(208384K) From: 1376K(1536K)->2112K(2560K)
[475.875s][info][gc,heap        ] GC(891) ParOldGen: 502352K(502784K)->502368K(502784K)
[475.875s][info][gc,metaspace   ] GC(891) Metaspace: 57571K(57920K)->57571K(57920K) NonClass: 51952K(52224K)->51952K(52224K) Class: 5619K(5696K)->5619K(5696K)
[475.875s][info][gc             ] GC(891) Pause Young (Allocation Failure) 702M->492M(697M) 4.562ms
[475.875s][info][gc,cpu         ] GC(891) User=0.01s Sys=0.00s Real=0.00s
[476.277s][info][gc,start       ] GC(892) Pause Young (Allocation Failure)
[476.282s][info][gc,heap        ] GC(892) PSYoungGen: 210496K(210944K)->2623K(250880K) Eden: 208384K(208384K)->0K(247808K) From: 2112K(2560K)->2623K(3072K)
[476.282s][info][gc,heap        ] GC(892) ParOldGen: 502368K(502784K)->502384K(502784K)
[476.282s][info][gc,metaspace   ] GC(892) Metaspace: 57571K(57920K)->57571K(57920K) NonClass: 51952K(52224K)->51952K(52224K) Class: 5619K(5696K)->5619K(5696K)
[476.282s][info][gc             ] GC(892) Pause Young (Allocation Failure) 696M->493M(736M) 4.977ms
[476.282s][info][gc,cpu         ] GC(892) User=0.01s Sys=0.00s Real=0.01s
[476.857s][info][gc,start       ] GC(893) Pause Young (Allocation Failure)
[476.860s][info][gc,heap        ] GC(893) PSYoungGen: 250431K(250880K)->1471K(240128K) Eden: 247808K(247808K)->0K(238592K) From: 2623K(3072K)->1471K(1536K)
[476.860s][info][gc,heap        ] GC(893) ParOldGen: 502384K(502784K)->502400K(502784K)
[476.860s][info][gc,metaspace   ] GC(893) Metaspace: 57571K(57920K)->57571K(57920K) NonClass: 51952K(52224K)->51952K(52224K) Class: 5619K(5696K)->5619K(5696K)
[476.860s][info][gc             ] GC(893) Pause Young (Allocation Failure) 735M->492M(725M) 3.398ms
[476.860s][info][gc,cpu         ] GC(893) User=0.00s Sys=0.00s Real=0.01s
[477.375s][info][gc,start       ] GC(894) Pause Young (Allocation Failure)
[477.380s][info][gc,heap        ] GC(894) PSYoungGen: 240063K(240128K)->2751K(232960K) Eden: 238592K(238592K)->0K(229888K) From: 1471K(1536K)->2751K(3072K)
[477.380s][info][gc,heap        ] GC(894) ParOldGen: 502400K(502784K)->502416K(502784K)
[477.380s][info][gc,metaspace   ] GC(894) Metaspace: 57571K(57920K)->57571K(57920K) NonClass: 51952K(52224K)->51952K(52224K) Class: 5619K(5696K)->5619K(5696K)
[477.380s][info][gc             ] GC(894) Pause Young (Allocation Failure) 725M->493M(718M) 5.197ms
[477.380s][info][gc,cpu         ] GC(894) User=0.01s Sys=0.00s Real=0.01s
[477.889s][info][gc,start       ] GC(895) Pause Young (Allocation Failure)
[477.893s][info][gc,heap        ] GC(895) PSYoungGen: 232639K(232960K)->1599K(223232K) Eden: 229888K(229888K)->0K(221184K) From: 2751K(3072K)->1599K(2048K)
[477.893s][info][gc,heap        ] GC(895) ParOldGen: 502416K(502784K)->502432K(502784K)
[477.893s][info][gc,metaspace   ] GC(895) Metaspace: 57571K(57920K)->57571K(57920K) NonClass: 51952K(52224K)->51952K(52224K) Class: 5619K(5696K)->5619K(5696K)
[477.893s][info][gc             ] GC(895) Pause Young (Allocation Failure) 717M->492M(709M) 3.927ms
[477.893s][info][gc,cpu         ] GC(895) User=0.00s Sys=0.00s Real=0.00s
[478.391s][info][gc,start       ] GC(896) Pause Young (Allocation Failure)
[478.395s][info][gc,heap        ] GC(896) PSYoungGen: 222783K(223232K)->1599K(215040K) Eden: 221184K(221184K)->0K(212992K) From: 1599K(2048K)->1599K(2048K)
[478.395s][info][gc,heap        ] GC(896) ParOldGen: 502432K(502784K)->502448K(502784K)
[478.395s][info][gc,metaspace   ] GC(896) Metaspace: 57571K(57920K)->57571K(57920K) NonClass: 51952K(52224K)->51952K(52224K) Class: 5619K(5696K)->5619K(5696K)
[478.395s][info][gc             ] GC(896) Pause Young (Allocation Failure) 708M->492M(701M) 3.745ms
[478.395s][info][gc,cpu         ] GC(896) User=0.01s Sys=0.00s Real=0.00s
[478.877s][info][gc,start       ] GC(897) Pause Young (Allocation Failure)
[478.883s][info][gc,heap        ] GC(897) PSYoungGen: 214591K(215040K)->2815K(208384K) Eden: 212992K(212992K)->0K(205312K) From: 1599K(2048K)->2815K(3072K)
[478.883s][info][gc,heap        ] GC(897) ParOldGen: 502448K(502784K)->502464K(502784K)
[478.883s][info][gc,metaspace   ] GC(897) Metaspace: 57571K(57920K)->57571K(57920K) NonClass: 51952K(52224K)->51952K(52224K) Class: 5619K(5696K)->5619K(5696K)
[478.883s][info][gc             ] GC(897) Pause Young (Allocation Failure) 700M->493M(694M) 5.402ms
[478.883s][info][gc,cpu         ] GC(897) User=0.01s Sys=0.00s Real=0.01s
[479.361s][info][gc,start       ] GC(898) Pause Young (Allocation Failure)
[479.365s][info][gc,heap        ] GC(898) PSYoungGen: 207917K(208384K)->1440K(199680K) Eden: 205101K(205312K)->0K(198144K) From: 2815K(3072K)->1440K(1536K)
[479.365s][info][gc,heap        ] GC(898) ParOldGen: 502464K(502784K)->502480K(502784K)
[479.365s][info][gc,metaspace   ] GC(898) Metaspace: 57571K(57920K)->57571K(57920K) NonClass: 51952K(52224K)->51952K(52224K) Class: 5619K(5696K)->5619K(5696K)
[479.365s][info][gc             ] GC(898) Pause Young (Allocation Failure) 693M->492M(686M) 3.806ms
[479.365s][info][gc,cpu         ] GC(898) User=0.01s Sys=0.00s Real=0.00s
[479.778s][info][gc,start       ] GC(899) Pause Young (Allocation Failure)
[479.783s][info][gc,heap        ] GC(899) PSYoungGen: 199584K(199680K)->2240K(193536K) Eden: 198144K(198144K)->0K(190976K) From: 1440K(1536K)->2240K(2560K)
[479.783s][info][gc,heap        ] GC(899) ParOldGen: 502480K(502784K)->502496K(502784K)
[479.783s][info][gc,metaspace   ] GC(899) Metaspace: 57571K(57920K)->57571K(57920K) NonClass: 51952K(52224K)->51952K(52224K) Class: 5619K(5696K)->5619K(5696K)
[479.783s][info][gc             ] GC(899) Pause Young (Allocation Failure) 685M->492M(680M) 4.842ms
[479.783s][info][gc,cpu         ] GC(899) User=0.01s Sys=0.01s Real=0.01s
[480.251s][info][gc,start       ] GC(900) Pause Young (Allocation Failure)
[480.254s][info][gc,heap        ] GC(900) PSYoungGen: 193216K(193536K)->738K(185344K) Eden: 190976K(190976K)->0K(184320K) From: 2240K(2560K)->738K(1024K)
[480.254s][info][gc,heap        ] GC(900) ParOldGen: 502496K(502784K)->502512K(502784K)
[480.254s][info][gc,metaspace   ] GC(900) Metaspace: 57571K(57920K)->57571K(57920K) NonClass: 51952K(52224K)->51952K(52224K) Class: 5619K(5696K)->5619K(5696K)
[480.254s][info][gc             ] GC(900) Pause Young (Allocation Failure) 679M->491M(672M) 2.972ms
[480.254s][info][gc,cpu         ] GC(900) User=0.01s Sys=0.00s Real=0.00s
[480.660s][info][gc,start       ] GC(901) Pause Young (Allocation Failure)
[480.663s][info][gc,heap        ] GC(901) PSYoungGen: 184915K(185344K)->1568K(180224K) Eden: 184176K(184320K)->0K(178176K) From: 738K(1024K)->1568K(2048K)
[480.663s][info][gc,heap        ] GC(901) ParOldGen: 502512K(502784K)->502528K(502784K)
[480.663s][info][gc,metaspace   ] GC(901) Metaspace: 57571K(57920K)->57571K(57920K) NonClass: 51952K(52224K)->51952K(52224K) Class: 5619K(5696K)->5619K(5696K)
[480.663s][info][gc             ] GC(901) Pause Young (Allocation Failure) 671M->492M(667M) 3.843ms
[480.663s][info][gc,cpu         ] GC(901) User=0.01s Sys=0.00s Real=0.00s
[481.094s][info][gc,start       ] GC(902) Pause Young (Allocation Failure)
[481.101s][info][gc,heap        ] GC(902) PSYoungGen: 179744K(180224K)->2527K(214528K) Eden: 178176K(178176K)->0K(211968K) From: 1568K(2048K)->2527K(2560K)
[481.101s][info][gc,heap        ] GC(902) ParOldGen: 502528K(502784K)->502544K(502784K)
[481.101s][info][gc,metaspace   ] GC(902) Metaspace: 57571K(57920K)->57571K(57920K) NonClass: 51952K(52224K)->51952K(52224K) Class: 5619K(5696K)->5619K(5696K)
[481.101s][info][gc             ] GC(902) Pause Young (Allocation Failure) 666M->493M(700M) 6.946ms
[481.101s][info][gc,cpu         ] GC(902) User=0.01s Sys=0.00s Real=0.01s
[481.550s][info][gc,start       ] GC(903) Pause Young (Allocation Failure)
[481.552s][info][gc,heap        ] GC(903) PSYoungGen: 214495K(214528K)->416K(204800K) Eden: 211968K(211968K)->0K(204288K) From: 2527K(2560K)->416K(512K)
[481.552s][info][gc,heap        ] GC(903) ParOldGen: 502544K(502784K)->502560K(502784K)
[481.552s][info][gc,metaspace   ] GC(903) Metaspace: 57571K(57920K)->57571K(57920K) NonClass: 51952K(52224K)->51952K(52224K) Class: 5619K(5696K)->5619K(5696K)
[481.552s][info][gc             ] GC(903) Pause Young (Allocation Failure) 700M->491M(691M) 2.731ms
[481.552s][info][gc,cpu         ] GC(903) User=0.00s Sys=0.00s Real=0.00s
[481.985s][info][gc,start       ] GC(904) Pause Young (Allocation Failure)
[481.990s][info][gc,heap        ] GC(904) PSYoungGen: 204704K(204800K)->1760K(200704K) Eden: 204288K(204288K)->0K(197120K) From: 416K(512K)->1760K(3584K)
[481.990s][info][gc,heap        ] GC(904) ParOldGen: 502560K(502784K)->502576K(502784K)
[481.990s][info][gc,metaspace   ] GC(904) Metaspace: 57571K(57920K)->57571K(57920K) NonClass: 51952K(52224K)->51952K(52224K) Class: 5619K(5696K)->5619K(5696K)
[481.990s][info][gc             ] GC(904) Pause Young (Allocation Failure) 690M->492M(687M) 4.950ms
[481.990s][info][gc,cpu         ] GC(904) User=0.01s Sys=0.00s Real=0.01s
[482.454s][info][gc,start       ] GC(905) Pause Young (Allocation Failure)
[482.457s][info][gc,heap        ] GC(905) PSYoungGen: 198880K(200704K)->1087K(191488K) Eden: 197120K(197120K)->0K(189952K) From: 1760K(3584K)->1087K(1536K)
[482.457s][info][gc,heap        ] GC(905) ParOldGen: 502576K(502784K)->502592K(502784K)
[482.457s][info][gc,metaspace   ] GC(905) Metaspace: 57571K(57920K)->57571K(57920K) NonClass: 51952K(52224K)->51952K(52224K) Class: 5619K(5696K)->5619K(5696K)
[482.457s][info][gc             ] GC(905) Pause Young (Allocation Failure) 685M->491M(678M) 2.960ms
[482.457s][info][gc,cpu         ] GC(905) User=0.00s Sys=0.00s Real=0.00s
[482.933s][info][gc,start       ] GC(906) Pause Young (Allocation Failure)
[482.937s][info][gc,heap        ] GC(906) PSYoungGen: 191039K(191488K)->2047K(185344K) Eden: 189952K(189952K)->0K(183296K) From: 1087K(1536K)->2047K(2048K)
[482.937s][info][gc,heap        ] GC(906) ParOldGen: 502592K(502784K)->502608K(502784K)
[482.937s][info][gc,metaspace   ] GC(906) Metaspace: 57571K(57920K)->57571K(57920K) NonClass: 51952K(52224K)->51952K(52224K) Class: 5619K(5696K)->5619K(5696K)
[482.937s][info][gc             ] GC(906) Pause Young (Allocation Failure) 677M->492M(672M) 4.052ms
[482.937s][info][gc,cpu         ] GC(906) User=0.01s Sys=0.00s Real=0.00s
[483.271s][info][gc,start       ] GC(907) Pause Young (Allocation Failure)
[483.275s][info][gc,heap        ] GC(907) PSYoungGen: 185343K(185344K)->1376K(178688K) Eden: 183296K(183296K)->0K(177152K) From: 2047K(2048K)->1376K(1536K)
[483.275s][info][gc,heap        ] GC(907) ParOldGen: 502608K(502784K)->502624K(502784K)
[483.275s][info][gc,metaspace   ] GC(907) Metaspace: 57571K(57920K)->57571K(57920K) NonClass: 51952K(52224K)->51952K(52224K) Class: 5619K(5696K)->5619K(5696K)
[483.275s][info][gc             ] GC(907) Pause Young (Allocation Failure) 671M->492M(665M) 3.816ms
[483.275s][info][gc,cpu         ] GC(907) User=0.00s Sys=0.00s Real=0.00s
[483.663s][info][gc,start       ] GC(908) Pause Young (Allocation Failure)
[483.704s][info][gc,heap        ] GC(908) PSYoungGen: 155427K(178688K)->64K(212992K) Eden: 154051K(177152K)->0K(212480K) From: 1376K(1536K)->64K(512K)
[483.704s][info][gc,heap        ] GC(908) ParOldGen: 502624K(502784K)->541702K(542208K)
[483.704s][info][gc,metaspace   ] GC(908) Metaspace: 57575K(57920K)->57575K(57920K) NonClass: 51956K(52224K)->51956K(52224K) Class: 5619K(5696K)->5619K(5696K)
[483.704s][info][gc             ] GC(908) Pause Young (Allocation Failure) 642M->529M(737M) 40.929ms
[483.704s][info][gc,cpu         ] GC(908) User=0.04s Sys=0.02s Real=0.04s
[486.415s][info][gc,start       ] GC(909) Pause Young (Allocation Failure)
[486.506s][info][gc,heap        ] GC(909) PSYoungGen: 212539K(212992K)->3559K(217600K) Eden: 212475K(212480K)->0K(214016K) From: 64K(512K)->3559K(3584K)
[486.506s][info][gc,heap        ] GC(909) ParOldGen: 541702K(542208K)->640913K(641024K)
[486.506s][info][gc,metaspace   ] GC(909) Metaspace: 57713K(58048K)->57713K(58048K) NonClass: 52094K(52352K)->52094K(52352K) Class: 5619K(5696K)->5619K(5696K)
[486.506s][info][gc             ] GC(909) Pause Young (Allocation Failure) 736M->629M(838M) 90.726ms
[486.506s][info][gc,cpu         ] GC(909) User=0.10s Sys=0.07s Real=0.09s
[486.770s][info][gc,start       ] GC(910) Pause Full (Allocation Failure)
[486.770s][info][gc,phases,start] GC(910) Marking Phase
[486.811s][info][gc,phases      ] GC(910) Marking Phase 40.157ms
[486.811s][info][gc,phases,start] GC(910) Summary Phase
[486.811s][info][gc,phases      ] GC(910) Summary Phase 0.028ms
[486.811s][info][gc,phases,start] GC(910) Forward
[486.816s][info][gc,phases      ] GC(910) Forward 5.307ms
[486.816s][info][gc,phases,start] GC(910) Adjust Pointers
[486.840s][info][gc,phases      ] GC(910) Adjust Pointers 23.671ms
[486.840s][info][gc,phases,start] GC(910) Compaction Phase
[486.862s][info][gc,phases      ] GC(910) Compaction Phase 21.951ms
[486.862s][info][gc,phases,start] GC(910) Post Compact
[486.864s][info][gc,phases      ] GC(910) Post Compact 2.605ms
[486.886s][info][gc,heap        ] GC(910) PSYoungGen: 217575K(217600K)->0K(254976K) Eden: 214016K(214016K)->0K(214016K) From: 3559K(3584K)->0K(40960K)
[486.886s][info][gc,heap        ] GC(910) ParOldGen: 640913K(641024K)->295638K(416768K)
[486.886s][info][gc,metaspace   ] GC(910) Metaspace: 57713K(58048K)->57713K(58048K) NonClass: 52094K(52352K)->52094K(52352K) Class: 5619K(5696K)->5619K(5696K)
[486.886s][info][gc             ] GC(910) Pause Full (Allocation Failure) 838M->288M(656M) 115.713ms
[486.886s][info][gc,cpu         ] GC(910) User=0.15s Sys=0.02s Real=0.11s
[487.262s][info][gc,start       ] GC(911) Pause Young (Allocation Failure)
[487.267s][info][gc,heap        ] GC(911) PSYoungGen: 214016K(254976K)->2974K(289792K) Eden: 214016K(214016K)->0K(251904K) From: 0K(40960K)->2974K(37888K)
[487.267s][info][gc,heap        ] GC(911) ParOldGen: 295638K(416768K)->295638K(416768K)
[487.267s][info][gc,metaspace   ] GC(911) Metaspace: 57713K(58048K)->57713K(58048K) NonClass: 52094K(52352K)->52094K(52352K) Class: 5619K(5696K)->5619K(5696K)
[487.267s][info][gc             ] GC(911) Pause Young (Allocation Failure) 497M->291M(690M) 5.618ms
[487.267s][info][gc,cpu         ] GC(911) User=0.00s Sys=0.01s Real=0.00s
[487.851s][info][gc,start       ] GC(912) Pause Young (Allocation Failure)
[487.853s][info][gc,heap        ] GC(912) PSYoungGen: 254878K(289792K)->384K(291328K) Eden: 251904K(251904K)->0K(251904K) From: 2974K(37888K)->384K(39424K)
[487.853s][info][gc,heap        ] GC(912) ParOldGen: 295638K(416768K)->296046K(416768K)
[487.853s][info][gc,metaspace   ] GC(912) Metaspace: 57713K(58048K)->57713K(58048K) NonClass: 52094K(52352K)->52094K(52352K) Class: 5619K(5696K)->5619K(5696K)
[487.853s][info][gc             ] GC(912) Pause Young (Allocation Failure) 537M->289M(691M) 2.379ms
[487.853s][info][gc,cpu         ] GC(912) User=0.00s Sys=0.00s Real=0.00s
[488.374s][info][gc,start       ] GC(913) Pause Young (Allocation Failure)
[488.379s][info][gc,heap        ] GC(913) PSYoungGen: 252226K(291328K)->2496K(290816K) Eden: 251842K(251904K)->0K(256000K) From: 384K(39424K)->2496K(34816K)
[488.379s][info][gc,heap        ] GC(913) ParOldGen: 296046K(416768K)->296062K(416768K)
[488.380s][info][gc,metaspace   ] GC(913) Metaspace: 57713K(58048K)->57713K(58048K) NonClass: 52094K(52352K)->52094K(52352K) Class: 5619K(5696K)->5619K(5696K)
[488.380s][info][gc             ] GC(913) Pause Young (Allocation Failure) 535M->291M(691M) 5.169ms
[488.380s][info][gc,cpu         ] GC(913) User=0.01s Sys=0.00s Real=0.01s
[489.002s][info][gc,start       ] GC(914) Pause Young (Allocation Failure)
[489.008s][info][gc,heap        ] GC(914) PSYoungGen: 258496K(290816K)->3851K(292864K) Eden: 256000K(256000K)->0K(256000K) From: 2496K(34816K)->3851K(36864K)
[489.008s][info][gc,heap        ] GC(914) ParOldGen: 296062K(416768K)->296078K(416768K)
[489.008s][info][gc,metaspace   ] GC(914) Metaspace: 57714K(58048K)->57714K(58048K) NonClass: 52094K(52352K)->52094K(52352K) Class: 5619K(5696K)->5619K(5696K)
[489.008s][info][gc             ] GC(914) Pause Young (Allocation Failure) 541M->292M(693M) 6.296ms
[489.008s][info][gc,cpu         ] GC(914) User=0.01s Sys=0.00s Real=0.00s
[489.559s][info][gc,start       ] GC(915) Pause Young (Allocation Failure)
[489.563s][info][gc,heap        ] GC(915) PSYoungGen: 259851K(292864K)->1877K(293888K) Eden: 256000K(256000K)->0K(262144K) From: 3851K(36864K)->1877K(31744K)
[489.563s][info][gc,heap        ] GC(915) ParOldGen: 296078K(416768K)->296094K(416768K)
[489.563s][info][gc,metaspace   ] GC(915) Metaspace: 57714K(58048K)->57714K(58048K) NonClass: 52094K(52352K)->52094K(52352K) Class: 5619K(5696K)->5619K(5696K)
[489.563s][info][gc             ] GC(915) Pause Young (Allocation Failure) 542M->290M(694M) 3.762ms
[489.563s][info][gc,cpu         ] GC(915) User=0.00s Sys=0.00s Real=0.00s
[490.158s][info][gc,start       ] GC(916) Pause Young (Allocation Failure)
[490.162s][info][gc,heap        ] GC(916) PSYoungGen: 264021K(293888K)->1628K(295424K) Eden: 262144K(262144K)->0K(262144K) From: 1877K(31744K)->1628K(33280K)
[490.162s][info][gc,heap        ] GC(916) ParOldGen: 296094K(416768K)->296110K(416768K)
[490.162s][info][gc,metaspace   ] GC(916) Metaspace: 57714K(58048K)->57714K(58048K) NonClass: 52094K(52352K)->52094K(52352K) Class: 5619K(5696K)->5619K(5696K)
[490.162s][info][gc             ] GC(916) Pause Young (Allocation Failure) 546M->290M(695M) 3.493ms
[490.162s][info][gc,cpu         ] GC(916) User=0.01s Sys=0.00s Real=0.01s
[490.752s][info][gc,start       ] GC(917) Pause Young (Allocation Failure)
[490.755s][info][gc,heap        ] GC(917) PSYoungGen: 263772K(295424K)->1117K(298496K) Eden: 262144K(262144K)->0K(268800K) From: 1628K(33280K)->1117K(29696K)
[490.755s][info][gc,heap        ] GC(917) ParOldGen: 296110K(416768K)->296126K(416768K)
[490.755s][info][gc,metaspace   ] GC(917) Metaspace: 57714K(58048K)->57714K(58048K) NonClass: 52094K(52352K)->52094K(52352K) Class: 5619K(5696K)->5619K(5696K)
[490.755s][info][gc             ] GC(917) Pause Young (Allocation Failure) 546M->290M(698M) 3.039ms
[490.755s][info][gc,cpu         ] GC(917) User=0.01s Sys=0.00s Real=0.00s
[491.357s][info][gc,start       ] GC(918) Pause Young (Allocation Failure)
[491.359s][info][gc,heap        ] GC(918) PSYoungGen: 269917K(298496K)->1246K(260096K) Eden: 268800K(268800K)->0K(258560K) From: 1117K(29696K)->1246K(1536K)
[491.359s][info][gc,heap        ] GC(918) ParOldGen: 296126K(416768K)->296142K(416768K)
[491.359s][info][gc,metaspace   ] GC(918) Metaspace: 57714K(58048K)->57714K(58048K) NonClass: 52094K(52352K)->52094K(52352K) Class: 5619K(5696K)->5619K(5696K)
[491.359s][info][gc             ] GC(918) Pause Young (Allocation Failure) 552M->290M(661M) 2.813ms
[491.359s][info][gc,cpu         ] GC(918) User=0.00s Sys=0.00s Real=0.01s
[491.900s][info][gc,start       ] GC(919) Pause Young (Allocation Failure)
[491.903s][info][gc,heap        ] GC(919) PSYoungGen: 259634K(260096K)->896K(265216K) Eden: 258387K(258560K)->0K(248832K) From: 1246K(1536K)->896K(16384K)
[491.903s][info][gc,heap        ] GC(919) ParOldGen: 296142K(416768K)->296158K(416768K)
[491.903s][info][gc,metaspace   ] GC(919) Metaspace: 57714K(58048K)->57714K(58048K) NonClass: 52094K(52352K)->52094K(52352K) Class: 5619K(5696K)->5619K(5696K)
[491.903s][info][gc             ] GC(919) Pause Young (Allocation Failure) 542M->290M(666M) 3.048ms
[491.903s][info][gc,cpu         ] GC(919) User=0.01s Sys=0.00s Real=0.00s
[492.471s][info][gc,start       ] GC(920) Pause Young (Allocation Failure)
[492.475s][info][gc,heap        ] GC(920) PSYoungGen: 249728K(265216K)->2303K(242176K) Eden: 248832K(248832K)->0K(239616K) From: 896K(16384K)->2303K(2560K)
[492.475s][info][gc,heap        ] GC(920) ParOldGen: 296158K(416768K)->296174K(416768K)
[492.475s][info][gc,metaspace   ] GC(920) Metaspace: 57714K(58048K)->57714K(58048K) NonClass: 52094K(52352K)->52094K(52352K) Class: 5619K(5696K)->5619K(5696K)
[492.476s][info][gc             ] GC(920) Pause Young (Allocation Failure) 533M->291M(643M) 4.511ms
[492.476s][info][gc,cpu         ] GC(920) User=0.01s Sys=0.00s Real=0.00s
[492.984s][info][gc,start       ] GC(921) Pause Young (Allocation Failure)
[492.988s][info][gc,heap        ] GC(921) PSYoungGen: 241919K(242176K)->1824K(245248K) Eden: 239616K(239616K)->0K(230912K) From: 2303K(2560K)->1824K(14336K)
[492.988s][info][gc,heap        ] GC(921) ParOldGen: 296174K(416768K)->296190K(416768K)
[492.988s][info][gc,metaspace   ] GC(921) Metaspace: 57714K(58048K)->57714K(58048K) NonClass: 52094K(52352K)->52094K(52352K) Class: 5619K(5696K)->5619K(5696K)
[492.988s][info][gc             ] GC(921) Pause Young (Allocation Failure) 525M->291M(646M) 4.058ms
[492.988s][info][gc,cpu         ] GC(921) User=0.01s Sys=0.00s Real=0.00s
[493.500s][info][gc,start       ] GC(922) Pause Young (Allocation Failure)
[493.502s][info][gc,heap        ] GC(922) PSYoungGen: 232571K(245248K)->672K(223232K) Eden: 230747K(230912K)->0K(222208K) From: 1824K(14336K)->672K(1024K)
[493.502s][info][gc,heap        ] GC(922) ParOldGen: 296190K(416768K)->296206K(416768K)
[493.502s][info][gc,metaspace   ] GC(922) Metaspace: 57714K(58048K)->57714K(58048K) NonClass: 52094K(52352K)->52094K(52352K) Class: 5619K(5696K)->5619K(5696K)
[493.502s][info][gc             ] GC(922) Pause Young (Allocation Failure) 516M->289M(625M) 2.451ms
[493.502s][info][gc,cpu         ] GC(922) User=0.00s Sys=0.00s Real=0.00s
[493.995s][info][gc,start       ] GC(923) Pause Young (Allocation Failure)
[493.998s][info][gc,heap        ] GC(923) PSYoungGen: 222653K(223232K)->960K(226304K) Eden: 221981K(222208K)->0K(214016K) From: 672K(1024K)->960K(12288K)
[493.998s][info][gc,heap        ] GC(923) ParOldGen: 296206K(416768K)->296222K(416768K)
[493.998s][info][gc,metaspace   ] GC(923) Metaspace: 57714K(58048K)->57714K(58048K) NonClass: 52094K(52352K)->52094K(52352K) Class: 5619K(5696K)->5619K(5696K)
[493.998s][info][gc             ] GC(923) Pause Young (Allocation Failure) 506M->290M(628M) 3.354ms
[493.999s][info][gc,cpu         ] GC(923) User=0.01s Sys=0.00s Real=0.00s
[494.480s][info][gc,start       ] GC(924) Pause Young (Allocation Failure)
[494.484s][info][gc,heap        ] GC(924) PSYoungGen: 214976K(226304K)->2431K(208896K) Eden: 214016K(214016K)->0K(206336K) From: 960K(12288K)->2431K(2560K)
[494.484s][info][gc,heap        ] GC(924) ParOldGen: 296222K(416768K)->296238K(416768K)
[494.485s][info][gc,metaspace   ] GC(924) Metaspace: 57714K(58048K)->57714K(58048K) NonClass: 52094K(52352K)->52094K(52352K) Class: 5619K(5696K)->5619K(5696K)
[494.485s][info][gc             ] GC(924) Pause Young (Allocation Failure) 499M->291M(611M) 4.835ms
[494.485s][info][gc,cpu         ] GC(924) User=0.01s Sys=0.01s Real=0.00s
[495.017s][info][gc,start       ] GC(925) Pause Young (Allocation Failure)
[495.022s][info][gc,heap        ] GC(925) PSYoungGen: 208767K(208896K)->2463K(209408K) Eden: 206336K(206336K)->0K(199168K) From: 2431K(2560K)->2463K(10240K)
[495.022s][info][gc,heap        ] GC(925) ParOldGen: 296238K(416768K)->296254K(416768K)
[495.022s][info][gc,metaspace   ] GC(925) Metaspace: 57714K(58048K)->57714K(58048K) NonClass: 52094K(52352K)->52094K(52352K) Class: 5619K(5696K)->5619K(5696K)
[495.022s][info][gc             ] GC(925) Pause Young (Allocation Failure) 493M->291M(611M) 4.776ms
[495.022s][info][gc,cpu         ] GC(925) User=0.01s Sys=0.01s Real=0.01s
[495.391s][info][gc,start       ] GC(926) Pause Young (Allocation Failure)
[495.394s][info][gc,heap        ] GC(926) PSYoungGen: 201631K(209408K)->1407K(193536K) Eden: 199168K(199168K)->0K(192000K) From: 2463K(10240K)->1407K(1536K)
[495.394s][info][gc,heap        ] GC(926) ParOldGen: 296254K(416768K)->296270K(416768K)
[495.394s][info][gc,metaspace   ] GC(926) Metaspace: 57714K(58048K)->57714K(58048K) NonClass: 52094K(52352K)->52094K(52352K) Class: 5619K(5696K)->5619K(5696K)
[495.394s][info][gc             ] GC(926) Pause Young (Allocation Failure) 486M->290M(596M) 3.477ms
[495.394s][info][gc,cpu         ] GC(926) User=0.01s Sys=0.01s Real=0.00s
[495.856s][info][gc,start       ] GC(927) Pause Young (Allocation Failure)
[495.859s][info][gc,heap        ] GC(927) PSYoungGen: 193407K(193536K)->928K(194560K) Eden: 192000K(192000K)->0K(185344K) From: 1407K(1536K)->928K(9216K)
[495.859s][info][gc,heap        ] GC(927) ParOldGen: 296270K(416768K)->296286K(416768K)
[495.859s][info][gc,metaspace   ] GC(927) Metaspace: 57714K(58048K)->57714K(58048K) NonClass: 52094K(52352K)->52094K(52352K) Class: 5619K(5696K)->5619K(5696K)
[495.859s][info][gc             ] GC(927) Pause Young (Allocation Failure) 478M->290M(597M) 3.154ms
[495.859s][info][gc,cpu         ] GC(927) User=0.01s Sys=0.00s Real=0.01s
[496.265s][info][gc,start       ] GC(928) Pause Young (Allocation Failure)
[496.269s][info][gc,heap        ] GC(928) PSYoungGen: 186272K(194560K)->1471K(180224K) Eden: 185344K(185344K)->0K(178688K) From: 928K(9216K)->1471K(1536K)
[496.269s][info][gc,heap        ] GC(928) ParOldGen: 296286K(416768K)->296302K(416768K)
[496.269s][info][gc,metaspace   ] GC(928) Metaspace: 57714K(58048K)->57714K(58048K) NonClass: 52094K(52352K)->52094K(52352K) Class: 5619K(5696K)->5619K(5696K)
[496.269s][info][gc             ] GC(928) Pause Young (Allocation Failure) 471M->290M(583M) 3.518ms
[496.269s][info][gc,cpu         ] GC(928) User=0.00s Sys=0.00s Real=0.00s
[496.664s][info][gc,start       ] GC(929) Pause Young (Allocation Failure)
[496.668s][info][gc,heap        ] GC(929) PSYoungGen: 180159K(180224K)->2143K(180224K) Eden: 178688K(178688K)->0K(172544K) From: 1471K(1536K)->2143K(7680K)
[496.668s][info][gc,heap        ] GC(929) ParOldGen: 296302K(416768K)->296318K(416768K)
[496.668s][info][gc,metaspace   ] GC(929) Metaspace: 57714K(58048K)->57714K(58048K) NonClass: 52094K(52352K)->52094K(52352K) Class: 5619K(5696K)->5619K(5696K)
[496.668s][info][gc             ] GC(929) Pause Young (Allocation Failure) 465M->291M(583M) 4.331ms
[496.668s][info][gc,cpu         ] GC(929) User=0.01s Sys=0.00s Real=0.00s
[497.055s][info][gc,start       ] GC(930) Pause Young (Allocation Failure)
[497.059s][info][gc,heap        ] GC(930) PSYoungGen: 174687K(180224K)->1567K(168960K) Eden: 172544K(172544K)->0K(166912K) From: 2143K(7680K)->1567K(2048K)
[497.059s][info][gc,heap        ] GC(930) ParOldGen: 296318K(416768K)->296334K(416768K)
[497.059s][info][gc,metaspace   ] GC(930) Metaspace: 57715K(58048K)->57715K(58048K) NonClass: 52096K(52352K)->52096K(52352K) Class: 5619K(5696K)->5619K(5696K)
[497.059s][info][gc             ] GC(930) Pause Young (Allocation Failure) 459M->290M(572M) 3.503ms
[497.059s][info][gc,cpu         ] GC(930) User=0.01s Sys=0.00s Real=0.01s
[497.397s][info][gc,start       ] GC(931) Pause Young (Allocation Failure)
[497.400s][info][gc,heap        ] GC(931) PSYoungGen: 168479K(168960K)->1151K(167936K) Eden: 166912K(166912K)->0K(161280K) From: 1567K(2048K)->1151K(6656K)
[497.400s][info][gc,heap        ] GC(931) ParOldGen: 296334K(416768K)->296350K(416768K)
[497.400s][info][gc,metaspace   ] GC(931) Metaspace: 57715K(58048K)->57715K(58048K) NonClass: 52096K(52352K)->52096K(52352K) Class: 5619K(5696K)->5619K(5696K)
[497.400s][info][gc             ] GC(931) Pause Young (Allocation Failure) 453M->290M(571M) 3.017ms
[497.400s][info][gc,cpu         ] GC(931) User=0.00s Sys=0.00s Real=0.01s
[497.777s][info][gc,start       ] GC(932) Pause Young (Allocation Failure)
[497.782s][info][gc,heap        ] GC(932) PSYoungGen: 162431K(167936K)->3007K(159232K) Eden: 161280K(161280K)->0K(156160K) From: 1151K(6656K)->3007K(3072K)
[497.782s][info][gc,heap        ] GC(932) ParOldGen: 296350K(416768K)->296366K(416768K)
[497.782s][info][gc,metaspace   ] GC(932) Metaspace: 57715K(58048K)->57715K(58048K) NonClass: 52096K(52352K)->52096K(52352K) Class: 5619K(5696K)->5619K(5696K)
[497.782s][info][gc             ] GC(932) Pause Young (Allocation Failure) 448M->292M(562M) 5.474ms
[497.782s][info][gc,cpu         ] GC(932) User=0.01s Sys=0.00s Real=0.01s
[498.151s][info][gc,start       ] GC(933) Pause Young (Allocation Failure)
[498.154s][info][gc,heap        ] GC(933) PSYoungGen: 159167K(159232K)->608K(156160K) Eden: 156160K(156160K)->0K(151040K) From: 3007K(3072K)->608K(5120K)
[498.154s][info][gc,heap        ] GC(933) ParOldGen: 296366K(416768K)->296382K(416768K)
[498.154s][info][gc,metaspace   ] GC(933) Metaspace: 57715K(58048K)->57715K(58048K) NonClass: 52096K(52352K)->52096K(52352K) Class: 5619K(5696K)->5619K(5696K)
[498.154s][info][gc             ] GC(933) Pause Young (Allocation Failure) 444M->290M(559M) 2.961ms
[498.154s][info][gc,cpu         ] GC(933) User=0.00s Sys=0.00s Real=0.00s
[498.473s][info][gc,start       ] GC(934) Pause Young (Allocation Failure)
[498.477s][info][gc,heap        ] GC(934) PSYoungGen: 151648K(156160K)->1951K(148480K) Eden: 151040K(151040K)->0K(146432K) From: 608K(5120K)->1951K(2048K)
[498.477s][info][gc,heap        ] GC(934) ParOldGen: 296382K(416768K)->296398K(416768K)
[498.477s][info][gc,metaspace   ] GC(934) Metaspace: 57715K(58048K)->57715K(58048K) NonClass: 52096K(52352K)->52096K(52352K) Class: 5619K(5696K)->5619K(5696K)
[498.477s][info][gc             ] GC(934) Pause Young (Allocation Failure) 437M->291M(552M) 3.871ms
[498.477s][info][gc,cpu         ] GC(934) User=0.01s Sys=0.00s Real=0.00s
[498.784s][info][gc,start       ] GC(935) Pause Young (Allocation Failure)
[498.788s][info][gc,heap        ] GC(935) PSYoungGen: 148383K(148480K)->2047K(144896K) Eden: 146432K(146432K)->0K(141824K) From: 1951K(2048K)->2047K(3072K)
[498.789s][info][gc,heap        ] GC(935) ParOldGen: 296398K(416768K)->296414K(416768K)
[498.789s][info][gc,metaspace   ] GC(935) Metaspace: 57715K(58048K)->57715K(58048K) NonClass: 52096K(52352K)->52096K(52352K) Class: 5619K(5696K)->5619K(5696K)
[498.789s][info][gc             ] GC(935) Pause Young (Allocation Failure) 434M->291M(548M) 4.147ms
[498.789s][info][gc,cpu         ] GC(935) User=0.01s Sys=0.00s Real=0.00s
[499.101s][info][gc,start       ] GC(936) Pause Young (Allocation Failure)
[499.103s][info][gc,heap        ] GC(936) PSYoungGen: 143871K(144896K)->767K(138240K) Eden: 141824K(141824K)->0K(137216K) From: 2047K(3072K)->767K(1024K)
[499.103s][info][gc,heap        ] GC(936) ParOldGen: 296414K(416768K)->296430K(416768K)
[499.103s][info][gc,metaspace   ] GC(936) Metaspace: 57715K(58048K)->57715K(58048K) NonClass: 52096K(52352K)->52096K(52352K) Class: 5619K(5696K)->5619K(5696K)
[499.103s][info][gc             ] GC(936) Pause Young (Allocation Failure) 429M->290M(542M) 2.276ms
[499.103s][info][gc,cpu         ] GC(936) User=0.00s Sys=0.00s Real=0.00s
[499.452s][info][gc,start       ] GC(937) Pause Young (Allocation Failure)
[499.454s][info][gc,heap        ] GC(937) PSYoungGen: 137983K(138240K)->639K(134656K) Eden: 137216K(137216K)->0K(133120K) From: 767K(1024K)->639K(1536K)
[499.454s][info][gc,heap        ] GC(937) ParOldGen: 296430K(416768K)->296446K(416768K)
[499.454s][info][gc,metaspace   ] GC(937) Metaspace: 57715K(58048K)->57715K(58048K) NonClass: 52096K(52352K)->52096K(52352K) Class: 5619K(5696K)->5619K(5696K)
[499.454s][info][gc             ] GC(937) Pause Young (Allocation Failure) 424M->290M(538M) 2.444ms
[499.454s][info][gc,cpu         ] GC(937) User=0.00s Sys=0.00s Real=0.00s
[499.750s][info][gc,start       ] GC(938) Pause Young (Allocation Failure)
[499.752s][info][gc,heap        ] GC(938) PSYoungGen: 133700K(134656K)->480K(129536K) Eden: 133060K(133120K)->0K(129024K) From: 639K(1536K)->480K(512K)
[499.752s][info][gc,heap        ] GC(938) ParOldGen: 296446K(416768K)->296462K(416768K)
[499.752s][info][gc,metaspace   ] GC(938) Metaspace: 57715K(58048K)->57715K(58048K) NonClass: 52096K(52352K)->52096K(52352K) Class: 5619K(5696K)->5619K(5696K)
[499.752s][info][gc             ] GC(938) Pause Young (Allocation Failure) 420M->289M(533M) 2.099ms
[499.752s][info][gc,cpu         ] GC(938) User=0.00s Sys=0.00s Real=0.00s
[499.999s][info][gc,start       ] GC(939) Pause Young (Allocation Failure)
[500.001s][info][gc,heap        ] GC(939) PSYoungGen: 129504K(129536K)->243K(125440K) Eden: 129024K(129024K)->0K(124928K) From: 480K(512K)->243K(512K)
[500.001s][info][gc,heap        ] GC(939) ParOldGen: 296462K(416768K)->296478K(416768K)
[500.001s][info][gc,metaspace   ] GC(939) Metaspace: 57715K(58048K)->57715K(58048K) NonClass: 52096K(52352K)->52096K(52352K) Class: 5619K(5696K)->5619K(5696K)
[500.002s][info][gc             ] GC(939) Pause Young (Allocation Failure) 415M->289M(529M) 2.396ms
[500.002s][info][gc,cpu         ] GC(939) User=0.01s Sys=0.00s Real=0.00s
[500.282s][info][gc,start       ] GC(940) Pause Young (Allocation Failure)
[500.287s][info][gc,heap        ] GC(940) PSYoungGen: 125082K(125440K)->2688K(130048K) Eden: 124838K(124928K)->0K(121344K) From: 243K(512K)->2688K(8704K)
[500.287s][info][gc,heap        ] GC(940) ParOldGen: 296478K(416768K)->296494K(416768K)
[500.287s][info][gc,metaspace   ] GC(940) Metaspace: 57715K(58048K)->57715K(58048K) NonClass: 52096K(52352K)->52096K(52352K) Class: 5619K(5696K)->5619K(5696K)
[500.287s][info][gc             ] GC(940) Pause Young (Allocation Failure) 411M->292M(534M) 4.670ms
[500.287s][info][gc,cpu         ] GC(940) User=0.00s Sys=0.00s Real=0.00s
[500.623s][info][gc,start       ] GC(941) Pause Young (Allocation Failure)
[500.626s][info][gc,heap        ] GC(941) PSYoungGen: 124032K(130048K)->896K(118784K) Eden: 121344K(121344K)->0K(117760K) From: 2688K(8704K)->896K(1024K)
[500.626s][info][gc,heap        ] GC(941) ParOldGen: 296494K(416768K)->296510K(416768K)
[500.626s][info][gc,metaspace   ] GC(941) Metaspace: 57715K(58048K)->57715K(58048K) NonClass: 52096K(52352K)->52096K(52352K) Class: 5619K(5696K)->5619K(5696K)
[500.626s][info][gc             ] GC(941) Pause Young (Allocation Failure) 410M->290M(523M) 3.056ms
[500.626s][info][gc,cpu         ] GC(941) User=0.01s Sys=0.00s Real=0.00s
[500.854s][info][gc,start       ] GC(942) Pause Young (Allocation Failure)
[500.857s][info][gc,heap        ] GC(942) PSYoungGen: 118656K(118784K)->956K(121856K) Eden: 117760K(117760K)->0K(114176K) From: 896K(1024K)->956K(7680K)
[500.857s][info][gc,heap        ] GC(942) ParOldGen: 296510K(416768K)->296526K(416768K)
[500.857s][info][gc,metaspace   ] GC(942) Metaspace: 57715K(58048K)->57715K(58048K) NonClass: 52096K(52352K)->52096K(52352K) Class: 5619K(5696K)->5619K(5696K)
[500.857s][info][gc             ] GC(942) Pause Young (Allocation Failure) 405M->290M(526M) 2.469ms
[500.857s][info][gc,cpu         ] GC(942) User=0.00s Sys=0.00s Real=0.00s
[501.080s][info][gc,start       ] GC(943) Pause Young (Allocation Failure)
[501.085s][info][gc,heap        ] GC(943) PSYoungGen: 115065K(121856K)->2848K(127488K) Eden: 114108K(114176K)->0K(120320K) From: 956K(7680K)->2848K(7168K)
[501.085s][info][gc,heap        ] GC(943) ParOldGen: 296526K(416768K)->296542K(416768K)
[501.085s][info][gc,metaspace   ] GC(943) Metaspace: 57715K(58048K)->57715K(58048K) NonClass: 52096K(52352K)->52096K(52352K) Class: 5619K(5696K)->5619K(5696K)
[501.085s][info][gc             ] GC(943) Pause Young (Allocation Failure) 401M->292M(531M) 4.959ms
[501.085s][info][gc,cpu         ] GC(943) User=0.01s Sys=0.00s Real=0.00s
[501.365s][info][gc,start       ] GC(944) Pause Young (Allocation Failure)
[501.369s][info][gc,heap        ] GC(944) PSYoungGen: 123168K(127488K)->1760K(127488K) Eden: 120320K(120320K)->0K(120320K) From: 2848K(7168K)->1760K(7168K)
[501.369s][info][gc,heap        ] GC(944) ParOldGen: 296542K(416768K)->296558K(416768K)
[501.369s][info][gc,metaspace   ] GC(944) Metaspace: 57715K(58048K)->57715K(58048K) NonClass: 52096K(52352K)->52096K(52352K) Class: 5619K(5696K)->5619K(5696K)
[501.369s][info][gc             ] GC(944) Pause Young (Allocation Failure) 409M->291M(531M) 3.603ms
[501.369s][info][gc,cpu         ] GC(944) User=0.00s Sys=0.00s Real=0.00s
[501.654s][info][gc,start       ] GC(945) Pause Young (Allocation Failure)
[501.666s][info][gc,heap        ] GC(945) PSYoungGen: 122080K(127488K)->1344K(150016K) Eden: 120320K(120320K)->0K(143872K) From: 1760K(7168K)->1344K(6144K)
[501.666s][info][gc,heap        ] GC(945) ParOldGen: 296558K(416768K)->296574K(416768K)
[501.666s][info][gc,metaspace   ] GC(945) Metaspace: 57715K(58048K)->57715K(58048K) NonClass: 52096K(52352K)->52096K(52352K) Class: 5619K(5696K)->5619K(5696K)
[501.666s][info][gc             ] GC(945) Pause Young (Allocation Failure) 408M->290M(553M) 12.453ms
[501.666s][info][gc,cpu         ] GC(945) User=0.01s Sys=0.00s Real=0.01s
[501.970s][info][gc,start       ] GC(946) Pause Young (Allocation Failure)
[501.975s][info][gc,heap        ] GC(946) PSYoungGen: 145014K(150016K)->1536K(150016K) Eden: 143670K(143872K)->0K(143872K) From: 1344K(6144K)->1536K(6144K)
[501.975s][info][gc,heap        ] GC(946) ParOldGen: 296574K(416768K)->296590K(416768K)
[501.975s][info][gc,metaspace   ] GC(946) Metaspace: 57715K(58048K)->57715K(58048K) NonClass: 52096K(52352K)->52096K(52352K) Class: 5619K(5696K)->5619K(5696K)
[501.975s][info][gc             ] GC(946) Pause Young (Allocation Failure) 431M->291M(553M) 5.235ms
[501.975s][info][gc,cpu         ] GC(946) User=0.01s Sys=0.00s Real=0.00s
[502.277s][info][gc,start       ] GC(947) Pause Young (Allocation Failure)
[502.283s][info][gc,heap        ] GC(947) PSYoungGen: 145408K(150016K)->3168K(178688K) Eden: 143872K(143872K)->0K(172544K) From: 1536K(6144K)->3168K(6144K)
[502.283s][info][gc,heap        ] GC(947) ParOldGen: 296590K(416768K)->296606K(416768K)
[502.283s][info][gc,metaspace   ] GC(947) Metaspace: 57715K(58048K)->57715K(58048K) NonClass: 52096K(52352K)->52096K(52352K) Class: 5619K(5696K)->5619K(5696K)
[502.283s][info][gc             ] GC(947) Pause Young (Allocation Failure) 431M->292M(581M) 6.359ms
[502.283s][info][gc,cpu         ] GC(947) User=0.01s Sys=0.00s Real=0.01s
[502.680s][info][gc,start       ] GC(948) Pause Young (Allocation Failure)
[502.684s][info][gc,heap        ] GC(948) PSYoungGen: 175712K(178688K)->2014K(178688K) Eden: 172544K(172544K)->0K(172544K) From: 3168K(6144K)->2014K(6144K)
[502.684s][info][gc,heap        ] GC(948) ParOldGen: 296606K(416768K)->296622K(416768K)
[502.684s][info][gc,metaspace   ] GC(948) Metaspace: 57716K(58048K)->57716K(58048K) NonClass: 52097K(52352K)->52097K(52352K) Class: 5619K(5696K)->5619K(5696K)
[502.684s][info][gc             ] GC(948) Pause Young (Allocation Failure) 461M->291M(581M) 4.241ms
[502.684s][info][gc,cpu         ] GC(948) User=0.01s Sys=0.00s Real=0.00s
[503.168s][info][gc,start       ] GC(949) Pause Young (Allocation Failure)
[503.174s][info][gc,heap        ] GC(949) PSYoungGen: 174558K(178688K)->2176K(211968K) Eden: 172544K(172544K)->0K(206336K) From: 2014K(6144K)->2176K(5632K)
[503.174s][info][gc,heap        ] GC(949) ParOldGen: 296622K(416768K)->296638K(416768K)
[503.174s][info][gc,metaspace   ] GC(949) Metaspace: 57716K(58048K)->57716K(58048K) NonClass: 52097K(52352K)->52097K(52352K) Class: 5619K(5696K)->5619K(5696K)
[503.174s][info][gc             ] GC(949) Pause Young (Allocation Failure) 460M->291M(614M) 5.117ms
[503.174s][info][gc,cpu         ] GC(949) User=0.01s Sys=0.01s Real=0.01s
[503.605s][info][gc,start       ] GC(950) Pause Young (Allocation Failure)
[503.608s][info][gc,heap        ] GC(950) PSYoungGen: 208512K(211968K)->1598K(211968K) Eden: 206336K(206336K)->0K(206336K) From: 2176K(5632K)->1598K(5632K)
[503.608s][info][gc,heap        ] GC(950) ParOldGen: 296638K(416768K)->296654K(416768K)
[503.608s][info][gc,metaspace   ] GC(950) Metaspace: 57716K(58048K)->57716K(58048K) NonClass: 52097K(52352K)->52097K(52352K) Class: 5619K(5696K)->5619K(5696K)
[503.608s][info][gc             ] GC(950) Pause Young (Allocation Failure) 493M->291M(614M) 3.482ms
[503.608s][info][gc,cpu         ] GC(950) User=0.01s Sys=0.00s Real=0.00s
[504.072s][info][gc,start       ] GC(951) Pause Young (Allocation Failure)
[504.078s][info][gc,heap        ] GC(951) PSYoungGen: 207934K(211968K)->3262K(250880K) Eden: 206336K(206336K)->0K(245760K) From: 1598K(5632K)->3262K(5120K)
[504.078s][info][gc,heap        ] GC(951) ParOldGen: 296654K(416768K)->296670K(416768K)
[504.078s][info][gc,metaspace   ] GC(951) Metaspace: 57716K(58048K)->57716K(58048K) NonClass: 52097K(52352K)->52097K(52352K) Class: 5619K(5696K)->5619K(5696K)
[504.078s][info][gc             ] GC(951) Pause Young (Allocation Failure) 492M->292M(652M) 6.128ms
[504.078s][info][gc,cpu         ] GC(951) User=0.01s Sys=0.00s Real=0.00s
[504.659s][info][gc,start       ] GC(952) Pause Young (Allocation Failure)
[504.662s][info][gc,heap        ] GC(952) PSYoungGen: 249022K(250880K)->800K(251392K) Eden: 245760K(245760K)->0K(245760K) From: 3262K(5120K)->800K(5632K)
[504.662s][info][gc,heap        ] GC(952) ParOldGen: 296670K(416768K)->296686K(416768K)
[504.662s][info][gc,metaspace   ] GC(952) Metaspace: 57718K(58048K)->57718K(58048K) NonClass: 52099K(52352K)->52099K(52352K) Class: 5619K(5696K)->5619K(5696K)
[504.662s][info][gc             ] GC(952) Pause Young (Allocation Failure) 532M->290M(652M) 3.013ms
[504.662s][info][gc,cpu         ] GC(952) User=0.01s Sys=0.00s Real=0.00s
[505.178s][info][gc,start       ] GC(953) Pause Young (Allocation Failure)
[505.184s][info][gc,heap        ] GC(953) PSYoungGen: 246560K(251392K)->3454K(296960K) Eden: 245760K(245760K)->0K(291840K) From: 800K(5632K)->3454K(5120K)
[505.184s][info][gc,heap        ] GC(953) ParOldGen: 296686K(416768K)->296702K(416768K)
[505.184s][info][gc,metaspace   ] GC(953) Metaspace: 57718K(58048K)->57718K(58048K) NonClass: 52099K(52352K)->52099K(52352K) Class: 5619K(5696K)->5619K(5696K)
[505.184s][info][gc             ] GC(953) Pause Young (Allocation Failure) 530M->293M(697M) 6.302ms
[505.184s][info][gc,cpu         ] GC(953) User=0.01s Sys=0.00s Real=0.01s
[505.862s][info][gc,start       ] GC(954) Pause Young (Allocation Failure)
[505.865s][info][gc,heap        ] GC(954) PSYoungGen: 295294K(296960K)->1790K(297472K) Eden: 291840K(291840K)->0K(291840K) From: 3454K(5120K)->1790K(5632K)
[505.865s][info][gc,heap        ] GC(954) ParOldGen: 296702K(416768K)->296718K(416768K)
[505.865s][info][gc,metaspace   ] GC(954) Metaspace: 57718K(58048K)->57718K(58048K) NonClass: 52099K(52352K)->52099K(52352K) Class: 5619K(5696K)->5619K(5696K)
[505.865s][info][gc             ] GC(954) Pause Young (Allocation Failure) 578M->291M(697M) 3.597ms
[505.865s][info][gc,cpu         ] GC(954) User=0.01s Sys=0.00s Real=0.00s
[506.487s][info][gc,start       ] GC(955) Pause Young (Allocation Failure)
[506.492s][info][gc,heap        ] GC(955) PSYoungGen: 293630K(297472K)->2271K(283136K) Eden: 291840K(291840K)->0K(280576K) From: 1790K(5632K)->2271K(2560K)
[506.492s][info][gc,heap        ] GC(955) ParOldGen: 296718K(416768K)->296734K(416768K)
[506.492s][info][gc,metaspace   ] GC(955) Metaspace: 57718K(58048K)->57718K(58048K) NonClass: 52099K(52352K)->52099K(52352K) Class: 5619K(5696K)->5619K(5696K)
[506.492s][info][gc             ] GC(955) Pause Young (Allocation Failure) 576M->291M(683M) 4.914ms
[506.492s][info][gc,cpu         ] GC(955) User=0.01s Sys=0.00s Real=0.01s
[507.155s][info][gc,start       ] GC(956) Pause Young (Allocation Failure)
[507.166s][info][gc,heap        ] GC(956) PSYoungGen: 282847K(283136K)->1402K(325632K) Eden: 280576K(280576K)->0K(320512K) From: 2271K(2560K)->1402K(5120K)
[507.166s][info][gc,heap        ] GC(956) ParOldGen: 296734K(416768K)->296750K(416768K)
[507.166s][info][gc,metaspace   ] GC(956) Metaspace: 57718K(58048K)->57718K(58048K) NonClass: 52099K(52352K)->52099K(52352K) Class: 5619K(5696K)->5619K(5696K)
[507.166s][info][gc             ] GC(956) Pause Young (Allocation Failure) 565M->291M(725M) 11.377ms
[507.166s][info][gc,cpu         ] GC(956) User=0.01s Sys=0.00s Real=0.01s
[507.879s][info][gc,start       ] GC(957) Pause Young (Allocation Failure)
[507.882s][info][gc,heap        ] GC(957) PSYoungGen: 321914K(325632K)->1088K(309248K) Eden: 320512K(320512K)->0K(307712K) From: 1402K(5120K)->1088K(1536K)
[507.882s][info][gc,heap        ] GC(957) ParOldGen: 296750K(416768K)->296766K(416768K)
[507.882s][info][gc,metaspace   ] GC(957) Metaspace: 57718K(58048K)->57718K(58048K) NonClass: 52099K(52352K)->52099K(52352K) Class: 5619K(5696K)->5619K(5696K)
[507.882s][info][gc             ] GC(957) Pause Young (Allocation Failure) 604M->290M(709M) 2.880ms
[507.882s][info][gc,cpu         ] GC(957) User=0.01s Sys=0.00s Real=0.00s
[508.563s][info][gc,start       ] GC(958) Pause Young (Allocation Failure)
[508.566s][info][gc,heap        ] GC(958) PSYoungGen: 308529K(309248K)->1280K(296960K) Eden: 307441K(307712K)->0K(295424K) From: 1088K(1536K)->1280K(1536K)
[508.566s][info][gc,heap        ] GC(958) ParOldGen: 296766K(416768K)->296782K(416768K)
[508.566s][info][gc,metaspace   ] GC(958) Metaspace: 57719K(58048K)->57719K(58048K) NonClass: 52100K(52352K)->52100K(52352K) Class: 5619K(5696K)->5619K(5696K)
[508.566s][info][gc             ] GC(958) Pause Young (Allocation Failure) 591M->291M(697M) 3.435ms
[508.567s][info][gc,cpu         ] GC(958) User=0.01s Sys=0.00s Real=0.00s
[509.293s][info][gc,start       ] GC(959) Pause Young (Allocation Failure)
[509.297s][info][gc,heap        ] GC(959) PSYoungGen: 296704K(296960K)->1055K(285184K) Eden: 295424K(295424K)->0K(283648K) From: 1280K(1536K)->1055K(1536K)
[509.297s][info][gc,heap        ] GC(959) ParOldGen: 296782K(416768K)->296798K(416768K)
[509.297s][info][gc,metaspace   ] GC(959) Metaspace: 57719K(58048K)->57719K(58048K) NonClass: 52100K(52352K)->52100K(52352K) Class: 5619K(5696K)->5619K(5696K)
[509.297s][info][gc             ] GC(959) Pause Young (Allocation Failure) 579M->290M(685M) 3.710ms
[509.297s][info][gc,cpu         ] GC(959) User=0.01s Sys=0.00s Real=0.00s
[509.858s][info][gc,start       ] GC(960) Pause Young (Allocation Failure)
[509.862s][info][gc,heap        ] GC(960) PSYoungGen: 284703K(285184K)->1886K(274432K) Eden: 283648K(283648K)->0K(272384K) From: 1055K(1536K)->1886K(2048K)
[509.862s][info][gc,heap        ] GC(960) ParOldGen: 296798K(416768K)->296814K(416768K)
[509.862s][info][gc,metaspace   ] GC(960) Metaspace: 57719K(58048K)->57719K(58048K) NonClass: 52100K(52352K)->52100K(52352K) Class: 5619K(5696K)->5619K(5696K)
[509.862s][info][gc             ] GC(960) Pause Young (Allocation Failure) 567M->291M(675M) 3.449ms
[509.862s][info][gc,cpu         ] GC(960) User=0.01s Sys=0.01s Real=0.01s
[510.465s][info][gc,start       ] GC(961) Pause Young (Allocation Failure)
[510.469s][info][gc,heap        ] GC(961) PSYoungGen: 274270K(274432K)->2174K(264192K) Eden: 272384K(272384K)->0K(261632K) From: 1886K(2048K)->2174K(2560K)
[510.469s][info][gc,heap        ] GC(961) ParOldGen: 296814K(416768K)->296830K(416768K)
[510.469s][info][gc,metaspace   ] GC(961) Metaspace: 57719K(58048K)->57719K(58048K) NonClass: 52100K(52352K)->52100K(52352K) Class: 5619K(5696K)->5619K(5696K)
[510.469s][info][gc             ] GC(961) Pause Young (Allocation Failure) 557M->291M(665M) 3.883ms
[510.469s][info][gc,cpu         ] GC(961) User=0.01s Sys=0.00s Real=0.01s
[511.057s][info][gc,start       ] GC(962) Pause Young (Allocation Failure)
[511.060s][info][gc,heap        ] GC(962) PSYoungGen: 263806K(264192K)->1375K(252928K) Eden: 261632K(261632K)->0K(251392K) From: 2174K(2560K)->1375K(1536K)
[511.060s][info][gc,heap        ] GC(962) ParOldGen: 296830K(416768K)->296846K(416768K)
[511.060s][info][gc,metaspace   ] GC(962) Metaspace: 57719K(58048K)->57719K(58048K) NonClass: 52100K(52352K)->52100K(52352K) Class: 5619K(5696K)->5619K(5696K)
[511.060s][info][gc             ] GC(962) Pause Young (Allocation Failure) 547M->291M(654M) 3.324ms
[511.060s][info][gc,cpu         ] GC(962) User=0.00s Sys=0.00s Real=0.01s
[511.593s][info][gc,start       ] GC(963) Pause Young (Allocation Failure)
[511.597s][info][gc,heap        ] GC(963) PSYoungGen: 252767K(252928K)->1887K(243712K) Eden: 251392K(251392K)->0K(241664K) From: 1375K(1536K)->1887K(2048K)
[511.597s][info][gc,heap        ] GC(963) ParOldGen: 296846K(416768K)->296862K(416768K)
[511.597s][info][gc,metaspace   ] GC(963) Metaspace: 57719K(58048K)->57719K(58048K) NonClass: 52100K(52352K)->52100K(52352K) Class: 5619K(5696K)->5619K(5696K)
[511.597s][info][gc             ] GC(963) Pause Young (Allocation Failure) 536M->291M(645M) 3.781ms
[511.597s][info][gc,cpu         ] GC(963) User=0.01s Sys=0.01s Real=0.00s
[512.158s][info][gc,start       ] GC(964) Pause Young (Allocation Failure)
[512.161s][info][gc,heap        ] GC(964) PSYoungGen: 243551K(243712K)->1887K(234496K) Eden: 241664K(241664K)->0K(232448K) From: 1887K(2048K)->1887K(2048K)
[512.161s][info][gc,heap        ] GC(964) ParOldGen: 296862K(416768K)->296878K(416768K)
[512.161s][info][gc,metaspace   ] GC(964) Metaspace: 57719K(58048K)->57719K(58048K) NonClass: 52100K(52352K)->52100K(52352K) Class: 5619K(5696K)->5619K(5696K)
[512.161s][info][gc             ] GC(964) Pause Young (Allocation Failure) 527M->291M(636M) 3.508ms
[512.162s][info][gc,cpu         ] GC(964) User=0.01s Sys=0.00s Real=0.01s
[512.674s][info][gc,start       ] GC(965) Pause Young (Allocation Failure)
[512.679s][info][gc,heap        ] GC(965) PSYoungGen: 234335K(234496K)->2752K(226816K) Eden: 232448K(232448K)->0K(223744K) From: 1887K(2048K)->2752K(3072K)
[512.679s][info][gc,heap        ] GC(965) ParOldGen: 296878K(416768K)->296894K(416768K)
[512.679s][info][gc,metaspace   ] GC(965) Metaspace: 57719K(58048K)->57719K(58048K) NonClass: 52100K(52352K)->52100K(52352K) Class: 5619K(5696K)->5619K(5696K)
[512.679s][info][gc             ] GC(965) Pause Young (Allocation Failure) 518M->292M(628M) 4.925ms
[512.679s][info][gc,cpu         ] GC(965) User=0.01s Sys=0.00s Real=0.01s
[513.172s][info][gc,start       ] GC(966) Pause Young (Allocation Failure)
[513.176s][info][gc,heap        ] GC(966) PSYoungGen: 226496K(226816K)->1503K(217088K) Eden: 223744K(223744K)->0K(215552K) From: 2752K(3072K)->1503K(1536K)
[513.176s][info][gc,heap        ] GC(966) ParOldGen: 296894K(416768K)->296910K(416768K)
[513.176s][info][gc,metaspace   ] GC(966) Metaspace: 57719K(58048K)->57719K(58048K) NonClass: 52100K(52352K)->52100K(52352K) Class: 5619K(5696K)->5619K(5696K)
[513.176s][info][gc             ] GC(966) Pause Young (Allocation Failure) 511M->291M(619M) 3.924ms
[513.176s][info][gc,cpu         ] GC(966) User=0.01s Sys=0.00s Real=0.00s
[513.664s][info][gc,start       ] GC(967) Pause Young (Allocation Failure)
[513.668s][info][gc,heap        ] GC(967) PSYoungGen: 217055K(217088K)->1760K(209920K) Eden: 215552K(215552K)->0K(207872K) From: 1503K(1536K)->1760K(2048K)
[513.668s][info][gc,heap        ] GC(967) ParOldGen: 296910K(416768K)->296926K(416768K)
[513.668s][info][gc,metaspace   ] GC(967) Metaspace: 57719K(58048K)->57719K(58048K) NonClass: 52100K(52352K)->52100K(52352K) Class: 5619K(5696K)->5619K(5696K)
[513.668s][info][gc             ] GC(967) Pause Young (Allocation Failure) 501M->291M(612M) 3.794ms
[513.668s][info][gc,cpu         ] GC(967) User=0.01s Sys=0.00s Real=0.00s
[514.100s][info][gc,start       ] GC(968) Pause Young (Allocation Failure)
[514.102s][info][gc,heap        ] GC(968) PSYoungGen: 209632K(209920K)->320K(200704K) Eden: 207872K(207872K)->0K(200192K) From: 1760K(2048K)->320K(512K)
[514.102s][info][gc,heap        ] GC(968) ParOldGen: 296926K(416768K)->296942K(416768K)
[514.102s][info][gc,metaspace   ] GC(968) Metaspace: 57719K(58048K)->57719K(58048K) NonClass: 52100K(52352K)->52100K(52352K) Class: 5619K(5696K)->5619K(5696K)
[514.102s][info][gc             ] GC(968) Pause Young (Allocation Failure) 494M->290M(603M) 2.242ms
[514.102s][info][gc,cpu         ] GC(968) User=0.00s Sys=0.01s Real=0.00s
[514.587s][info][gc,start       ] GC(969) Pause Young (Allocation Failure)
[514.591s][info][gc,heap        ] GC(969) PSYoungGen: 200512K(200704K)->2463K(195584K) Eden: 200192K(200192K)->0K(193024K) From: 320K(512K)->2463K(2560K)
[514.591s][info][gc,heap        ] GC(969) ParOldGen: 296942K(416768K)->296958K(416768K)
[514.591s][info][gc,metaspace   ] GC(969) Metaspace: 57719K(58048K)->57719K(58048K) NonClass: 52100K(52352K)->52100K(52352K) Class: 5619K(5696K)->5619K(5696K)
[514.591s][info][gc             ] GC(969) Pause Young (Allocation Failure) 485M->292M(598M) 4.186ms
[514.591s][info][gc,cpu         ] GC(969) User=0.01s Sys=0.00s Real=0.01s
[514.992s][info][gc,start       ] GC(970) Pause Young (Allocation Failure)
[514.995s][info][gc,heap        ] GC(970) PSYoungGen: 195266K(195584K)->1568K(188416K) Eden: 192803K(193024K)->0K(186368K) From: 2463K(2560K)->1568K(2048K)
[514.995s][info][gc,heap        ] GC(970) ParOldGen: 296958K(416768K)->296974K(416768K)
[514.995s][info][gc,metaspace   ] GC(970) Metaspace: 57719K(58048K)->57719K(58048K) NonClass: 52100K(52352K)->52100K(52352K) Class: 5619K(5696K)->5619K(5696K)
[514.996s][info][gc             ] GC(970) Pause Young (Allocation Failure) 480M->291M(591M) 3.628ms
[514.996s][info][gc,cpu         ] GC(970) User=0.00s Sys=0.00s Real=0.00s
[515.400s][info][gc,start       ] GC(971) Pause Young (Allocation Failure)
[515.403s][info][gc,heap        ] GC(971) PSYoungGen: 187936K(188416K)->735K(180736K) Eden: 186368K(186368K)->0K(179712K) From: 1568K(2048K)->735K(1024K)
[515.403s][info][gc,heap        ] GC(971) ParOldGen: 296974K(416768K)->296990K(416768K)
[515.403s][info][gc,metaspace   ] GC(971) Metaspace: 57719K(58048K)->57719K(58048K) NonClass: 52100K(52352K)->52100K(52352K) Class: 5619K(5696K)->5619K(5696K)
[515.403s][info][gc             ] GC(971) Pause Young (Allocation Failure) 473M->290M(583M) 2.299ms
[515.403s][info][gc,cpu         ] GC(971) User=0.00s Sys=0.00s Real=0.00s
[515.849s][info][gc,start       ] GC(972) Pause Young (Allocation Failure)
[515.851s][info][gc,heap        ] GC(972) PSYoungGen: 180447K(180736K)->453K(174080K) Eden: 179712K(179712K)->0K(173568K) From: 735K(1024K)->453K(512K)
[515.851s][info][gc,heap        ] GC(972) ParOldGen: 296990K(416768K)->297006K(416768K)
[515.851s][info][gc,metaspace   ] GC(972) Metaspace: 57719K(58048K)->57719K(58048K) NonClass: 52100K(52352K)->52100K(52352K) Class: 5619K(5696K)->5619K(5696K)
[515.851s][info][gc             ] GC(972) Pause Young (Allocation Failure) 466M->290M(577M) 2.000ms
[515.851s][info][gc,cpu         ] GC(972) User=0.00s Sys=0.00s Real=0.00s
[516.192s][info][gc,start       ] GC(973) Pause Young (Allocation Failure)
[516.195s][info][gc,heap        ] GC(973) PSYoungGen: 173979K(174080K)->1344K(169472K) Eden: 173526K(173568K)->0K(167936K) From: 453K(512K)->1344K(1536K)
[516.195s][info][gc,heap        ] GC(973) ParOldGen: 297006K(416768K)->297022K(416768K)
[516.195s][info][gc,metaspace   ] GC(973) Metaspace: 57719K(58048K)->57719K(58048K) NonClass: 52100K(52352K)->52100K(52352K) Class: 5619K(5696K)->5619K(5696K)
[516.195s][info][gc             ] GC(973) Pause Young (Allocation Failure) 459M->291M(572M) 3.227ms
[516.195s][info][gc,cpu         ] GC(973) User=0.01s Sys=0.00s Real=0.00s
[516.580s][info][gc,start       ] GC(974) Pause Young (Allocation Failure)
[516.585s][info][gc,heap        ] GC(974) PSYoungGen: 169280K(169472K)->2336K(164864K) Eden: 167936K(167936K)->0K(162304K) From: 1344K(1536K)->2336K(2560K)
[516.585s][info][gc,heap        ] GC(974) ParOldGen: 297022K(416768K)->297038K(416768K)
[516.585s][info][gc,metaspace   ] GC(974) Metaspace: 57719K(58048K)->57719K(58048K) NonClass: 52100K(52352K)->52100K(52352K) Class: 5619K(5696K)->5619K(5696K)
[516.585s][info][gc             ] GC(974) Pause Young (Allocation Failure) 455M->292M(568M) 4.656ms
[516.585s][info][gc,cpu         ] GC(974) User=0.01s Sys=0.01s Real=0.00s
[516.958s][info][gc,start       ] GC(975) Pause Young (Allocation Failure)
[516.961s][info][gc,heap        ] GC(975) PSYoungGen: 164640K(164864K)->1695K(159232K) Eden: 162304K(162304K)->0K(157184K) From: 2336K(2560K)->1695K(2048K)
[516.961s][info][gc,heap        ] GC(975) ParOldGen: 297038K(416768K)->297054K(416768K)
[516.961s][info][gc,metaspace   ] GC(975) Metaspace: 57719K(58048K)->57719K(58048K) NonClass: 52100K(52352K)->52100K(52352K) Class: 5619K(5696K)->5619K(5696K)
[516.961s][info][gc             ] GC(975) Pause Young (Allocation Failure) 450M->291M(562M) 3.224ms
[516.961s][info][gc,cpu         ] GC(975) User=0.01s Sys=0.00s Real=0.01s
[517.277s][info][gc,start       ] GC(976) Pause Young (Allocation Failure)
[517.282s][info][gc,heap        ] GC(976) PSYoungGen: 158879K(159232K)->2976K(190464K) Eden: 157184K(157184K)->0K(187392K) From: 1695K(2048K)->2976K(3072K)
[517.282s][info][gc,heap        ] GC(976) ParOldGen: 297054K(416768K)->297070K(416768K)
[517.282s][info][gc,metaspace   ] GC(976) Metaspace: 57719K(58048K)->57719K(58048K) NonClass: 52100K(52352K)->52100K(52352K) Class: 5619K(5696K)->5619K(5696K)
[517.282s][info][gc             ] GC(976) Pause Young (Allocation Failure) 445M->293M(593M) 5.056ms
[517.282s][info][gc,cpu         ] GC(976) User=0.01s Sys=0.00s Real=0.01s
[517.738s][info][gc,start       ] GC(977) Pause Young (Allocation Failure)
[517.743s][info][gc,heap        ] GC(977) PSYoungGen: 190368K(190464K)->1567K(225280K) Eden: 187392K(187392K)->0K(223232K) From: 2976K(3072K)->1567K(2048K)
[517.743s][info][gc,heap        ] GC(977) ParOldGen: 297070K(416768K)->297086K(416768K)
[517.743s][info][gc,metaspace   ] GC(977) Metaspace: 57719K(58048K)->57719K(58048K) NonClass: 52100K(52352K)->52100K(52352K) Class: 5619K(5696K)->5619K(5696K)
[517.743s][info][gc             ] GC(977) Pause Young (Allocation Failure) 476M->291M(627M) 4.786ms
[517.743s][info][gc,cpu         ] GC(977) User=0.01s Sys=0.00s Real=0.01s
[518.198s][info][gc,start       ] GC(978) Pause Young (Allocation Failure)
[518.201s][info][gc,heap        ] GC(978) PSYoungGen: 224799K(225280K)->1631K(217088K) Eden: 223232K(223232K)->0K(215040K) From: 1567K(2048K)->1631K(2048K)
[518.201s][info][gc,heap        ] GC(978) ParOldGen: 297086K(416768K)->297102K(416768K)
[518.201s][info][gc,metaspace   ] GC(978) Metaspace: 57719K(58048K)->57719K(58048K) NonClass: 52100K(52352K)->52100K(52352K) Class: 5619K(5696K)->5619K(5696K)
[518.201s][info][gc             ] GC(978) Pause Young (Allocation Failure) 509M->291M(619M) 3.268ms
[518.201s][info][gc,cpu         ] GC(978) User=0.00s Sys=0.00s Real=0.01s
[518.678s][info][gc,start       ] GC(979) Pause Young (Allocation Failure)
[518.682s][info][gc,heap        ] GC(979) PSYoungGen: 216671K(217088K)->2942K(210432K) Eden: 215040K(215040K)->0K(207360K) From: 1631K(2048K)->2942K(3072K)
[518.682s][info][gc,heap        ] GC(979) ParOldGen: 297102K(416768K)->297118K(416768K)
[518.682s][info][gc,metaspace   ] GC(979) Metaspace: 57719K(58048K)->57719K(58048K) NonClass: 52100K(52352K)->52100K(52352K) Class: 5619K(5696K)->5619K(5696K)
[518.682s][info][gc             ] GC(979) Pause Young (Allocation Failure) 501M->293M(612M) 4.339ms
[518.682s][info][gc,cpu         ] GC(979) User=0.00s Sys=0.00s Real=0.01s
[519.263s][info][gc,start       ] GC(980) Pause Young (Allocation Failure)
[519.267s][info][gc,heap        ] GC(980) PSYoungGen: 210132K(210432K)->2048K(201728K) Eden: 207189K(207360K)->0K(199680K) From: 2942K(3072K)->2048K(2048K)
[519.267s][info][gc,heap        ] GC(980) ParOldGen: 297118K(416768K)->297134K(416768K)
[519.267s][info][gc,metaspace   ] GC(980) Metaspace: 57719K(58048K)->57719K(58048K) NonClass: 52100K(52352K)->52100K(52352K) Class: 5619K(5696K)->5619K(5696K)
[519.267s][info][gc             ] GC(980) Pause Young (Allocation Failure) 495M->292M(604M) 4.111ms
[519.267s][info][gc,cpu         ] GC(980) User=0.01s Sys=0.00s Real=0.00s
[519.682s][info][gc,start       ] GC(981) Pause Young (Allocation Failure)
[519.687s][info][gc,heap        ] GC(981) PSYoungGen: 201636K(201728K)->2048K(194560K) Eden: 199588K(199680K)->0K(192512K) From: 2048K(2048K)->2048K(2048K)
[519.687s][info][gc,heap        ] GC(981) ParOldGen: 297134K(416768K)->297150K(416768K)
[519.687s][info][gc,metaspace   ] GC(981) Metaspace: 57719K(58048K)->57719K(58048K) NonClass: 52100K(52352K)->52100K(52352K) Class: 5619K(5696K)->5619K(5696K)
[519.687s][info][gc             ] GC(981) Pause Young (Allocation Failure) 487M->292M(597M) 4.185ms
[519.687s][info][gc,cpu         ] GC(981) User=0.01s Sys=0.00s Real=0.00s
[520.153s][info][gc,start       ] GC(982) Pause Young (Allocation Failure)
[520.156s][info][gc,heap        ] GC(982) PSYoungGen: 194560K(194560K)->831K(186880K) Eden: 192512K(192512K)->0K(185856K) From: 2048K(2048K)->831K(1024K)
[520.156s][info][gc,heap        ] GC(982) ParOldGen: 297150K(416768K)->297166K(416768K)
[520.156s][info][gc,metaspace   ] GC(982) Metaspace: 57719K(58048K)->57719K(58048K) NonClass: 52100K(52352K)->52100K(52352K) Class: 5619K(5696K)->5619K(5696K)
[520.156s][info][gc             ] GC(982) Pause Young (Allocation Failure) 480M->291M(589M) 2.422ms
[520.156s][info][gc,cpu         ] GC(982) User=0.00s Sys=0.00s Real=0.00s
[520.557s][info][gc,start       ] GC(983) Pause Young (Allocation Failure)
[520.560s][info][gc,heap        ] GC(983) PSYoungGen: 186687K(186880K)->1599K(181248K) Eden: 185856K(185856K)->0K(179200K) From: 831K(1024K)->1599K(2048K)
[520.560s][info][gc,heap        ] GC(983) ParOldGen: 297166K(416768K)->297182K(416768K)
[520.560s][info][gc,metaspace   ] GC(983) Metaspace: 57719K(58048K)->57719K(58048K) NonClass: 52100K(52352K)->52100K(52352K) Class: 5619K(5696K)->5619K(5696K)
[520.560s][info][gc             ] GC(983) Pause Young (Allocation Failure) 472M->291M(584M) 3.104ms
[520.561s][info][gc,cpu         ] GC(983) User=0.00s Sys=0.00s Real=0.01s
[520.963s][info][gc,start       ] GC(984) Pause Young (Allocation Failure)
[520.966s][info][gc,heap        ] GC(984) PSYoungGen: 180799K(181248K)->1951K(175104K) Eden: 179200K(179200K)->0K(173056K) From: 1599K(2048K)->1951K(2048K)
[520.966s][info][gc,heap        ] GC(984) ParOldGen: 297182K(416768K)->297198K(416768K)
[520.966s][info][gc,metaspace   ] GC(984) Metaspace: 57719K(58048K)->57719K(58048K) NonClass: 52100K(52352K)->52100K(52352K) Class: 5619K(5696K)->5619K(5696K)
[520.966s][info][gc             ] GC(984) Pause Young (Allocation Failure) 466M->292M(578M) 3.575ms
[520.966s][info][gc,cpu         ] GC(984) User=0.01s Sys=0.00s Real=0.00s
[521.382s][info][gc,start       ] GC(985) Pause Young (Allocation Failure)
[521.385s][info][gc,heap        ] GC(985) PSYoungGen: 175007K(175104K)->1184K(168960K) Eden: 173056K(173056K)->0K(167424K) From: 1951K(2048K)->1184K(1536K)
[521.385s][info][gc,heap        ] GC(985) ParOldGen: 297198K(416768K)->297214K(416768K)
[521.385s][info][gc,metaspace   ] GC(985) Metaspace: 57719K(58048K)->57719K(58048K) NonClass: 52100K(52352K)->52100K(52352K) Class: 5619K(5696K)->5619K(5696K)
[521.385s][info][gc             ] GC(985) Pause Young (Allocation Failure) 461M->291M(572M) 2.998ms
[521.385s][info][gc,cpu         ] GC(985) User=0.01s Sys=0.00s Real=0.00s
[521.749s][info][gc,start       ] GC(986) Pause Young (Allocation Failure)
[521.751s][info][gc,heap        ] GC(986) PSYoungGen: 168608K(168960K)->490K(162304K) Eden: 167424K(167424K)->0K(161792K) From: 1184K(1536K)->490K(512K)
[521.752s][info][gc,heap        ] GC(986) ParOldGen: 297214K(416768K)->297230K(416768K)
[521.752s][info][gc,metaspace   ] GC(986) Metaspace: 57719K(58048K)->57719K(58048K) NonClass: 52100K(52352K)->52100K(52352K) Class: 5619K(5696K)->5619K(5696K)
[521.752s][info][gc             ] GC(986) Pause Young (Allocation Failure) 454M->290M(565M) 2.064ms
[521.752s][info][gc,cpu         ] GC(986) User=0.00s Sys=0.00s Real=0.00s
[522.077s][info][gc,start       ] GC(987) Pause Young (Allocation Failure)
[522.084s][info][gc,heap        ] GC(987) PSYoungGen: 162282K(162304K)->3103K(196608K) Eden: 161792K(161792K)->0K(193024K) From: 490K(512K)->3103K(3584K)
[522.084s][info][gc,heap        ] GC(987) ParOldGen: 297230K(416768K)->297246K(416768K)
[522.084s][info][gc,metaspace   ] GC(987) Metaspace: 57719K(58048K)->57719K(58048K) NonClass: 52100K(52352K)->52100K(52352K) Class: 5619K(5696K)->5619K(5696K)
[522.084s][info][gc             ] GC(987) Pause Young (Allocation Failure) 448M->293M(599M) 6.768ms
[522.084s][info][gc,cpu         ] GC(987) User=0.01s Sys=0.00s Real=0.01s
[522.550s][info][gc,start       ] GC(988) Pause Young (Allocation Failure)
[522.552s][info][gc,heap        ] GC(988) PSYoungGen: 196090K(196608K)->384K(186880K) Eden: 192987K(193024K)->0K(186368K) From: 3103K(3584K)->384K(512K)
[522.552s][info][gc,heap        ] GC(988) ParOldGen: 297246K(416768K)->297262K(416768K)
[522.552s][info][gc,metaspace   ] GC(988) Metaspace: 57719K(58048K)->57719K(58048K) NonClass: 52100K(52352K)->52100K(52352K) Class: 5619K(5696K)->5619K(5696K)
[522.552s][info][gc             ] GC(988) Pause Young (Allocation Failure) 481M->290M(589M) 2.103ms
[522.552s][info][gc,cpu         ] GC(988) User=0.00s Sys=0.00s Real=0.00s
[522.961s][info][gc,start       ] GC(989) Pause Young (Allocation Failure)
[522.965s][info][gc,heap        ] GC(989) PSYoungGen: 186752K(186880K)->1823K(181760K) Eden: 186368K(186368K)->0K(179712K) From: 384K(512K)->1823K(2048K)
[522.965s][info][gc,heap        ] GC(989) ParOldGen: 297262K(416768K)->297278K(416768K)
[522.965s][info][gc,metaspace   ] GC(989) Metaspace: 57719K(58048K)->57719K(58048K) NonClass: 52100K(52352K)->52100K(52352K) Class: 5619K(5696K)->5619K(5696K)
[522.965s][info][gc             ] GC(989) Pause Young (Allocation Failure) 472M->292M(584M) 3.482ms
[522.965s][info][gc,cpu         ] GC(989) User=0.00s Sys=0.00s Real=0.00s
[523.436s][info][gc,start       ] GC(990) Pause Young (Allocation Failure)
[523.439s][info][gc,heap        ] GC(990) PSYoungGen: 181535K(181760K)->1599K(175616K) Eden: 179712K(179712K)->0K(173568K) From: 1823K(2048K)->1599K(2048K)
[523.439s][info][gc,heap        ] GC(990) ParOldGen: 297278K(416768K)->297294K(416768K)
[523.439s][info][gc,metaspace   ] GC(990) Metaspace: 57719K(58048K)->57719K(58048K) NonClass: 52100K(52352K)->52100K(52352K) Class: 5619K(5696K)->5619K(5696K)
[523.439s][info][gc             ] GC(990) Pause Young (Allocation Failure) 467M->291M(578M) 3.149ms
[523.439s][info][gc,cpu         ] GC(990) User=0.01s Sys=0.00s Real=0.01s
[523.754s][info][gc,start       ] GC(991) Pause Young (Allocation Failure)
[523.757s][info][gc,heap        ] GC(991) PSYoungGen: 175167K(175616K)->992K(168960K) Eden: 173568K(173568K)->0K(167936K) From: 1599K(2048K)->992K(1024K)
[523.757s][info][gc,heap        ] GC(991) ParOldGen: 297294K(416768K)->297310K(416768K)
[523.757s][info][gc,metaspace   ] GC(991) Metaspace: 57719K(58048K)->57719K(58048K) NonClass: 52100K(52352K)->52100K(52352K) Class: 5619K(5696K)->5619K(5696K)
[523.757s][info][gc             ] GC(991) Pause Young (Allocation Failure) 461M->291M(572M) 2.862ms
[523.757s][info][gc,cpu         ] GC(991) User=0.01s Sys=0.00s Real=0.00s
[524.095s][info][gc,start       ] GC(992) Pause Young (Allocation Failure)
[524.097s][info][gc,heap        ] GC(992) PSYoungGen: 168928K(168960K)->1470K(163840K) Eden: 167936K(167936K)->0K(162304K) From: 992K(1024K)->1470K(1536K)
[524.098s][info][gc,heap        ] GC(992) ParOldGen: 297310K(416768K)->297326K(416768K)
[524.098s][info][gc,metaspace   ] GC(992) Metaspace: 57719K(58048K)->57719K(58048K) NonClass: 52100K(52352K)->52100K(52352K) Class: 5619K(5696K)->5619K(5696K)
[524.098s][info][gc             ] GC(992) Pause Young (Allocation Failure) 455M->291M(567M) 2.579ms
[524.098s][info][gc,cpu         ] GC(992) User=0.00s Sys=0.00s Real=0.00s
[524.471s][info][gc,start       ] GC(993) Pause Young (Allocation Failure)
[524.475s][info][gc,heap        ] GC(993) PSYoungGen: 163774K(163840K)->2847K(160256K) Eden: 162304K(162304K)->0K(157184K) From: 1470K(1536K)->2847K(3072K)
[524.476s][info][gc,heap        ] GC(993) ParOldGen: 297326K(416768K)->297342K(416768K)
[524.476s][info][gc,metaspace   ] GC(993) Metaspace: 57719K(58048K)->57719K(58048K) NonClass: 52100K(52352K)->52100K(52352K) Class: 5619K(5696K)->5619K(5696K)
[524.476s][info][gc             ] GC(993) Pause Young (Allocation Failure) 450M->293M(563M) 4.575ms
[524.476s][info][gc,cpu         ] GC(993) User=0.00s Sys=0.00s Real=0.00s
[524.849s][info][gc,start       ] GC(994) Pause Young (Allocation Failure)
[524.851s][info][gc,heap        ] GC(994) PSYoungGen: 160031K(160256K)->288K(152576K) Eden: 157184K(157184K)->0K(152064K) From: 2847K(3072K)->288K(512K)
[524.851s][info][gc,heap        ] GC(994) ParOldGen: 297342K(416768K)->297358K(416768K)
[524.851s][info][gc,metaspace   ] GC(994) Metaspace: 57719K(58048K)->57719K(58048K) NonClass: 52100K(52352K)->52100K(52352K) Class: 5619K(5696K)->5619K(5696K)
[524.851s][info][gc             ] GC(994) Pause Young (Allocation Failure) 446M->290M(556M) 2.056ms
[524.851s][info][gc,cpu         ] GC(994) User=0.01s Sys=0.00s Real=0.01s
[525.171s][info][gc,start       ] GC(995) Pause Young (Allocation Failure)
[525.183s][info][gc,heap        ] GC(995) PSYoungGen: 152352K(152576K)->2879K(184832K) Eden: 152064K(152064K)->0K(181760K) From: 288K(512K)->2879K(3072K)
[525.183s][info][gc,heap        ] GC(995) ParOldGen: 297358K(416768K)->297374K(416768K)
[525.183s][info][gc,metaspace   ] GC(995) Metaspace: 57719K(58048K)->57719K(58048K) NonClass: 52100K(52352K)->52100K(52352K) Class: 5619K(5696K)->5619K(5696K)
[525.183s][info][gc             ] GC(995) Pause Young (Allocation Failure) 439M->293M(587M) 12.543ms
[525.183s][info][gc,cpu         ] GC(995) User=0.01s Sys=0.00s Real=0.01s
[525.576s][info][gc,start       ] GC(996) Pause Young (Allocation Failure)
[525.581s][info][gc,heap        ] GC(996) PSYoungGen: 184403K(184832K)->2592K(219648K) Eden: 181524K(181760K)->0K(216576K) From: 2879K(3072K)->2592K(3072K)
[525.581s][info][gc,heap        ] GC(996) ParOldGen: 297374K(416768K)->297390K(416768K)
[525.581s][info][gc,metaspace   ] GC(996) Metaspace: 57719K(58048K)->57719K(58048K) NonClass: 52100K(52352K)->52100K(52352K) Class: 5619K(5696K)->5619K(5696K)
[525.581s][info][gc             ] GC(996) Pause Young (Allocation Failure) 470M->292M(621M) 5.157ms
[525.581s][info][gc,cpu         ] GC(996) User=0.00s Sys=0.01s Real=0.01s
[526.076s][info][gc,start       ] GC(997) Pause Young (Allocation Failure)
[526.080s][info][gc,heap        ] GC(997) PSYoungGen: 219168K(219648K)->2560K(261120K) Eden: 216576K(216576K)->0K(258560K) From: 2592K(3072K)->2560K(2560K)
[526.080s][info][gc,heap        ] GC(997) ParOldGen: 297390K(416768K)->297925K(416768K)
[526.080s][info][gc,metaspace   ] GC(997) Metaspace: 57719K(58048K)->57719K(58048K) NonClass: 52100K(52352K)->52100K(52352K) Class: 5619K(5696K)->5619K(5696K)
[526.080s][info][gc             ] GC(997) Pause Young (Allocation Failure) 504M->293M(662M) 4.795ms
[526.080s][info][gc,cpu         ] GC(997) User=0.01s Sys=0.00s Real=0.01s
[526.668s][info][gc,start       ] GC(998) Pause Young (Allocation Failure)
[526.674s][info][gc,heap        ] GC(998) PSYoungGen: 260856K(261120K)->2560K(264704K) Eden: 258296K(258560K)->0K(260096K) From: 2560K(2560K)->2560K(4608K)
[526.674s][info][gc,heap        ] GC(998) ParOldGen: 297925K(416768K)->299365K(416768K)
[526.674s][info][gc,metaspace   ] GC(998) Metaspace: 57719K(58048K)->57719K(58048K) NonClass: 52100K(52352K)->52100K(52352K) Class: 5619K(5696K)->5619K(5696K)
[526.674s][info][gc             ] GC(998) Pause Young (Allocation Failure) 545M->294M(665M) 5.734ms
[526.674s][info][gc,cpu         ] GC(998) User=0.01s Sys=0.01s Real=0.01s
[527.267s][info][gc,start       ] GC(999) Pause Young (Allocation Failure)
[527.272s][info][gc,heap        ] GC(999) PSYoungGen: 262656K(264704K)->1696K(312832K) Eden: 260096K(260096K)->0K(308224K) From: 2560K(4608K)->1696K(4608K)
[527.272s][info][gc,heap        ] GC(999) ParOldGen: 299365K(416768K)->299509K(416768K)
[527.272s][info][gc,metaspace   ] GC(999) Metaspace: 57719K(58048K)->57719K(58048K) NonClass: 52100K(52352K)->52100K(52352K) Class: 5619K(5696K)->5619K(5696K)
[527.272s][info][gc             ] GC(999) Pause Young (Allocation Failure) 548M->294M(712M) 4.498ms
[527.272s][info][gc,cpu         ] GC(999) User=0.01s Sys=0.00s Real=0.01s
[527.966s][info][gc,start       ] GC(1000) Pause Young (Allocation Failure)
[527.968s][info][gc,heap        ] GC(1000) PSYoungGen: 309920K(312832K)->1073K(297472K) Eden: 308224K(308224K)->0K(295936K) From: 1696K(4608K)->1073K(1536K)
[527.968s][info][gc,heap        ] GC(1000) ParOldGen: 299509K(416768K)->299525K(416768K)
[527.968s][info][gc,metaspace   ] GC(1000) Metaspace: 57719K(58048K)->57719K(58048K) NonClass: 52100K(52352K)->52100K(52352K) Class: 5619K(5696K)->5619K(5696K)
[527.968s][info][gc             ] GC(1000) Pause Young (Allocation Failure) 595M->293M(697M) 2.856ms
[527.968s][info][gc,cpu         ] GC(1000) User=0.00s Sys=0.01s Real=0.00s
[528.586s][info][gc,start       ] GC(1001) Pause Young (Allocation Failure)
[528.591s][info][gc,heap        ] GC(1001) PSYoungGen: 297009K(297472K)->2943K(287232K) Eden: 295936K(295936K)->0K(284160K) From: 1073K(1536K)->2943K(3072K)
[528.591s][info][gc,heap        ] GC(1001) ParOldGen: 299525K(416768K)->299541K(416768K)
[528.591s][info][gc,metaspace   ] GC(1001) Metaspace: 57719K(58048K)->57719K(58048K) NonClass: 52100K(52352K)->52100K(52352K) Class: 5619K(5696K)->5619K(5696K)
[528.591s][info][gc             ] GC(1001) Pause Young (Allocation Failure) 582M->295M(687M) 5.708ms
[528.592s][info][gc,cpu         ] GC(1001) User=0.01s Sys=0.01s Real=0.01s
[529.252s][info][gc,start       ] GC(1002) Pause Young (Allocation Failure)
[529.255s][info][gc,heap        ] GC(1002) PSYoungGen: 287103K(287232K)->821K(273920K) Eden: 284160K(284160K)->0K(272896K) From: 2943K(3072K)->821K(1024K)
[529.255s][info][gc,heap        ] GC(1002) ParOldGen: 299541K(416768K)->299557K(416768K)
[529.255s][info][gc,metaspace   ] GC(1002) Metaspace: 57719K(58048K)->57719K(58048K) NonClass: 52100K(52352K)->52100K(52352K) Class: 5619K(5696K)->5619K(5696K)
[529.255s][info][gc             ] GC(1002) Pause Young (Allocation Failure) 572M->293M(674M) 2.874ms
[529.255s][info][gc,cpu         ] GC(1002) User=0.00s Sys=0.00s Real=0.00s
[529.860s][info][gc,start       ] GC(1003) Pause Young (Allocation Failure)
[529.863s][info][gc,heap        ] GC(1003) PSYoungGen: 273717K(273920K)->1790K(264192K) Eden: 272896K(272896K)->0K(262144K) From: 821K(1024K)->1790K(2048K)
[529.863s][info][gc,heap        ] GC(1003) ParOldGen: 299557K(416768K)->299573K(416768K)
[529.863s][info][gc,metaspace   ] GC(1003) Metaspace: 57720K(58048K)->57720K(58048K) NonClass: 52101K(52352K)->52101K(52352K) Class: 5619K(5696K)->5619K(5696K)
[529.863s][info][gc             ] GC(1003) Pause Young (Allocation Failure) 559M->294M(665M) 3.745ms
[529.863s][info][gc,cpu         ] GC(1003) User=0.01s Sys=0.00s Real=0.00s
[530.455s][info][gc,start       ] GC(1004) Pause Young (Allocation Failure)
[530.458s][info][gc,heap        ] GC(1004) PSYoungGen: 263934K(264192K)->1247K(253440K) Eden: 262144K(262144K)->0K(251904K) From: 1790K(2048K)->1247K(1536K)
[530.458s][info][gc,heap        ] GC(1004) ParOldGen: 299573K(416768K)->299589K(416768K)
[530.458s][info][gc,metaspace   ] GC(1004) Metaspace: 57720K(58048K)->57720K(58048K) NonClass: 52101K(52352K)->52101K(52352K) Class: 5619K(5696K)->5619K(5696K)
[530.458s][info][gc             ] GC(1004) Pause Young (Allocation Failure) 550M->293M(654M) 2.827ms
[530.458s][info][gc,cpu         ] GC(1004) User=0.01s Sys=0.00s Real=0.00s
[531.084s][info][gc,start       ] GC(1005) Pause Young (Allocation Failure)
[531.088s][info][gc,heap        ] GC(1005) PSYoungGen: 253136K(253440K)->1984K(244224K) Eden: 251889K(251904K)->0K(242176K) From: 1247K(1536K)->1984K(2048K)
[531.088s][info][gc,heap        ] GC(1005) ParOldGen: 299589K(416768K)->299605K(416768K)
[531.088s][info][gc,metaspace   ] GC(1005) Metaspace: 57720K(58048K)->57720K(58048K) NonClass: 52101K(52352K)->52101K(52352K) Class: 5619K(5696K)->5619K(5696K)
[531.088s][info][gc             ] GC(1005) Pause Young (Allocation Failure) 539M->294M(645M) 4.050ms
[531.088s][info][gc,cpu         ] GC(1005) User=0.00s Sys=0.00s Real=0.00s
[531.656s][info][gc,start       ] GC(1006) Pause Young (Allocation Failure)
[531.660s][info][gc,heap        ] GC(1006) PSYoungGen: 244160K(244224K)->1280K(234496K) Eden: 242176K(242176K)->0K(232960K) From: 1984K(2048K)->1280K(1536K)
[531.660s][info][gc,heap        ] GC(1006) ParOldGen: 299605K(416768K)->299621K(416768K)
[531.660s][info][gc,metaspace   ] GC(1006) Metaspace: 57720K(58048K)->57720K(58048K) NonClass: 52101K(52352K)->52101K(52352K) Class: 5619K(5696K)->5619K(5696K)
[531.660s][info][gc             ] GC(1006) Pause Young (Allocation Failure) 531M->293M(636M) 3.275ms
[531.660s][info][gc,cpu         ] GC(1006) User=0.00s Sys=0.00s Real=0.01s
[532.169s][info][gc,start       ] GC(1007) Pause Young (Allocation Failure)
[532.173s][info][gc,heap        ] GC(1007) PSYoungGen: 234240K(234496K)->2432K(226816K) Eden: 232960K(232960K)->0K(224256K) From: 1280K(1536K)->2432K(2560K)
[532.173s][info][gc,heap        ] GC(1007) ParOldGen: 299621K(416768K)->299637K(416768K)
[532.173s][info][gc,metaspace   ] GC(1007) Metaspace: 57720K(58048K)->57720K(58048K) NonClass: 52101K(52352K)->52101K(52352K) Class: 5619K(5696K)->5619K(5696K)
[532.173s][info][gc             ] GC(1007) Pause Young (Allocation Failure) 521M->294M(628M) 4.513ms
[532.173s][info][gc,cpu         ] GC(1007) User=0.00s Sys=0.00s Real=0.01s
[532.673s][info][gc,start       ] GC(1008) Pause Young (Allocation Failure)
[532.678s][info][gc,heap        ] GC(1008) PSYoungGen: 226688K(226816K)->2815K(219136K) Eden: 224256K(224256K)->0K(216064K) From: 2432K(2560K)->2815K(3072K)
[532.678s][info][gc,heap        ] GC(1008) ParOldGen: 299637K(416768K)->299653K(416768K)
[532.678s][info][gc,metaspace   ] GC(1008) Metaspace: 57720K(58048K)->57720K(58048K) NonClass: 52101K(52352K)->52101K(52352K) Class: 5619K(5696K)->5619K(5696K)
[532.678s][info][gc             ] GC(1008) Pause Young (Allocation Failure) 513M->295M(621M) 4.597ms
[532.678s][info][gc,cpu         ] GC(1008) User=0.01s Sys=0.00s Real=0.00s
[533.169s][info][gc,start       ] GC(1009) Pause Young (Allocation Failure)
[533.173s][info][gc,heap        ] GC(1009) PSYoungGen: 218879K(219136K)->2336K(210944K) Eden: 216064K(216064K)->0K(208384K) From: 2815K(3072K)->2336K(2560K)
[533.173s][info][gc,heap        ] GC(1009) ParOldGen: 299653K(416768K)->299669K(416768K)
[533.173s][info][gc,metaspace   ] GC(1009) Metaspace: 57720K(58048K)->57720K(58048K) NonClass: 52101K(52352K)->52101K(52352K) Class: 5619K(5696K)->5619K(5696K)
[533.173s][info][gc             ] GC(1009) Pause Young (Allocation Failure) 506M->294M(613M) 4.205ms
[533.173s][info][gc,cpu         ] GC(1009) User=0.01s Sys=0.00s Real=0.01s
[533.654s][info][gc,start       ] GC(1010) Pause Young (Allocation Failure)
[533.657s][info][gc,heap        ] GC(1010) PSYoungGen: 210647K(210944K)->1120K(202240K) Eden: 208311K(208384K)->0K(200704K) From: 2336K(2560K)->1120K(1536K)
[533.657s][info][gc,heap        ] GC(1010) ParOldGen: 299669K(416768K)->299685K(416768K)
[533.657s][info][gc,metaspace   ] GC(1010) Metaspace: 57720K(58048K)->57720K(58048K) NonClass: 52101K(52352K)->52101K(52352K) Class: 5619K(5696K)->5619K(5696K)
[533.657s][info][gc             ] GC(1010) Pause Young (Allocation Failure) 498M->293M(604M) 2.914ms
[533.657s][info][gc,cpu         ] GC(1010) User=0.00s Sys=0.00s Real=0.00s
[534.141s][info][gc,start       ] GC(1011) Pause Young (Allocation Failure)
[534.145s][info][gc,heap        ] GC(1011) PSYoungGen: 201824K(202240K)->2431K(196096K) Eden: 200704K(200704K)->0K(193536K) From: 1120K(1536K)->2431K(2560K)
[534.145s][info][gc,heap        ] GC(1011) ParOldGen: 299685K(416768K)->299701K(416768K)
[534.145s][info][gc,metaspace   ] GC(1011) Metaspace: 57720K(58048K)->57720K(58048K) NonClass: 52101K(52352K)->52101K(52352K) Class: 5619K(5696K)->5619K(5696K)
[534.145s][info][gc             ] GC(1011) Pause Young (Allocation Failure) 489M->295M(598M) 4.196ms
[534.145s][info][gc,cpu         ] GC(1011) User=0.01s Sys=0.00s Real=0.00s
[534.554s][info][gc,start       ] GC(1012) Pause Young (Allocation Failure)
[534.557s][info][gc,heap        ] GC(1012) PSYoungGen: 195967K(196096K)->1190K(188416K) Eden: 193536K(193536K)->0K(186880K) From: 2431K(2560K)->1190K(1536K)
[534.557s][info][gc,heap        ] GC(1012) ParOldGen: 299701K(416768K)->299717K(416768K)
[534.557s][info][gc,metaspace   ] GC(1012) Metaspace: 57720K(58048K)->57720K(58048K) NonClass: 52101K(52352K)->52101K(52352K) Class: 5619K(5696K)->5619K(5696K)
[534.557s][info][gc             ] GC(1012) Pause Young (Allocation Failure) 484M->293M(591M) 2.941ms
[534.557s][info][gc,cpu         ] GC(1012) User=0.00s Sys=0.00s Real=0.00s
[534.957s][info][gc,start       ] GC(1013) Pause Young (Allocation Failure)
[534.961s][info][gc,heap        ] GC(1013) PSYoungGen: 187978K(188416K)->1408K(181760K) Eden: 186788K(186880K)->0K(180224K) From: 1190K(1536K)->1408K(1536K)
[534.961s][info][gc,heap        ] GC(1013) ParOldGen: 299717K(416768K)->299733K(416768K)
[534.961s][info][gc,metaspace   ] GC(1013) Metaspace: 57720K(58048K)->57720K(58048K) NonClass: 52101K(52352K)->52101K(52352K) Class: 5619K(5696K)->5619K(5696K)
[534.961s][info][gc             ] GC(1013) Pause Young (Allocation Failure) 476M->294M(584M) 3.348ms
[534.961s][info][gc,cpu         ] GC(1013) User=0.00s Sys=0.00s Real=0.01s
[535.389s][info][gc,start       ] GC(1014) Pause Young (Allocation Failure)
[535.393s][info][gc,heap        ] GC(1014) PSYoungGen: 181632K(181760K)->2143K(176640K) Eden: 180224K(180224K)->0K(174080K) From: 1408K(1536K)->2143K(2560K)
[535.393s][info][gc,heap        ] GC(1014) ParOldGen: 299733K(416768K)->299749K(416768K)
[535.393s][info][gc,metaspace   ] GC(1014) Metaspace: 57720K(58048K)->57720K(58048K) NonClass: 52101K(52352K)->52101K(52352K) Class: 5619K(5696K)->5619K(5696K)
[535.393s][info][gc             ] GC(1014) Pause Young (Allocation Failure) 470M->294M(579M) 3.725ms
[535.393s][info][gc,cpu         ] GC(1014) User=0.01s Sys=0.00s Real=0.00s
[535.757s][info][gc,start       ] GC(1015) Pause Young (Allocation Failure)
[535.760s][info][gc,heap        ] GC(1015) PSYoungGen: 176223K(176640K)->1184K(169472K) Eden: 174080K(174080K)->0K(167936K) From: 2143K(2560K)->1184K(1536K)
[535.760s][info][gc,heap        ] GC(1015) ParOldGen: 299749K(416768K)->299765K(416768K)
[535.760s][info][gc,metaspace   ] GC(1015) Metaspace: 57720K(58048K)->57720K(58048K) NonClass: 52101K(52352K)->52101K(52352K) Class: 5619K(5696K)->5619K(5696K)
[535.760s][info][gc             ] GC(1015) Pause Young (Allocation Failure) 464M->293M(572M) 3.159ms
[535.760s][info][gc,cpu         ] GC(1015) User=0.00s Sys=0.00s Real=0.01s
[536.148s][info][gc,start       ] GC(1016) Pause Young (Allocation Failure)
[536.150s][info][gc,heap        ] GC(1016) PSYoungGen: 169120K(169472K)->160K(162816K) Eden: 167936K(167936K)->0K(162304K) From: 1184K(1536K)->160K(512K)
[536.150s][info][gc,heap        ] GC(1016) ParOldGen: 299765K(416768K)->299781K(416768K)
[536.150s][info][gc,metaspace   ] GC(1016) Metaspace: 57720K(58048K)->57720K(58048K) NonClass: 52101K(52352K)->52101K(52352K) Class: 5619K(5696K)->5619K(5696K)
[536.150s][info][gc             ] GC(1016) Pause Young (Allocation Failure) 457M->292M(566M) 1.696ms
[536.150s][info][gc,cpu         ] GC(1016) User=0.00s Sys=0.00s Real=0.01s
[536.484s][info][gc,start       ] GC(1017) Pause Young (Allocation Failure)
[536.488s][info][gc,heap        ] GC(1017) PSYoungGen: 162464K(162816K)->1887K(159232K) Eden: 162304K(162304K)->0K(157184K) From: 160K(512K)->1887K(2048K)
[536.488s][info][gc,heap        ] GC(1017) ParOldGen: 299781K(416768K)->299797K(416768K)
[536.488s][info][gc,metaspace   ] GC(1017) Metaspace: 57720K(58048K)->57720K(58048K) NonClass: 52101K(52352K)->52101K(52352K) Class: 5619K(5696K)->5619K(5696K)
[536.488s][info][gc             ] GC(1017) Pause Young (Allocation Failure) 451M->294M(562M) 3.543ms
[536.488s][info][gc,cpu         ] GC(1017) User=0.01s Sys=0.00s Real=0.00s
[537.887s][info][gc,start       ] GC(1018) Pause Young (Allocation Failure)
[537.898s][info][gc,heap        ] GC(1018) PSYoungGen: 144874K(159232K)->64K(152576K) Eden: 142986K(157184K)->0K(152064K) From: 1887K(2048K)->64K(512K)
[537.898s][info][gc,heap        ] GC(1018) ParOldGen: 299797K(416768K)->338875K(416768K)
[537.898s][info][gc,metaspace   ] GC(1018) Metaspace: 57727K(58048K)->57727K(58048K) NonClass: 52108K(52352K)->52108K(52352K) Class: 5619K(5696K)->5619K(5696K)
[537.898s][info][gc             ] GC(1018) Pause Young (Allocation Failure) 434M->330M(556M) 10.601ms
[537.898s][info][gc,cpu         ] GC(1018) User=0.02s Sys=0.00s Real=0.01s
[539.220s][info][gc,start       ] GC(1019) Pause Young (Allocation Failure)
[539.234s][info][gc,heap        ] GC(1019) PSYoungGen: 152128K(152576K)->3577K(150528K) Eden: 152064K(152064K)->0K(146944K) From: 64K(512K)->3577K(3584K)
[539.234s][info][gc,heap        ] GC(1019) ParOldGen: 338875K(416768K)->389281K(416768K)
[539.234s][info][gc,metaspace   ] GC(1019) Metaspace: 57806K(58112K)->57806K(58112K) NonClass: 52187K(52416K)->52187K(52416K) Class: 5619K(5696K)->5619K(5696K)
[539.234s][info][gc             ] GC(1019) Pause Young (Allocation Failure) 479M->383M(554M) 13.736ms
[539.234s][info][gc,cpu         ] GC(1019) User=0.02s Sys=0.00s Real=0.01s
[539.489s][info][gc,start       ] GC(1020) Pause Young (Allocation Failure)
[539.496s][info][gc,heap        ] GC(1020) PSYoungGen: 150521K(150528K)->2336K(178176K) Eden: 146944K(146944K)->0K(175616K) From: 3577K(3584K)->2336K(2560K)
[539.496s][info][gc,heap        ] GC(1020) ParOldGen: 389281K(416768K)->392866K(416768K)
[539.496s][info][gc,metaspace   ] GC(1020) Metaspace: 57806K(58112K)->57806K(58112K) NonClass: 52187K(52416K)->52187K(52416K) Class: 5619K(5696K)->5619K(5696K)
[539.496s][info][gc             ] GC(1020) Pause Young (Allocation Failure) 527M->385M(581M) 7.400ms
[539.496s][info][gc,cpu         ] GC(1020) User=0.02s Sys=0.00s Real=0.01s
[539.877s][info][gc,start       ] GC(1021) Pause Young (Allocation Failure)
[539.883s][info][gc,heap        ] GC(1021) PSYoungGen: 177788K(178176K)->2656K(212480K) Eden: 175452K(175616K)->0K(209408K) From: 2336K(2560K)->2656K(3072K)
[539.883s][info][gc,heap        ] GC(1021) ParOldGen: 392866K(416768K)->393202K(416768K)
[539.883s][info][gc,metaspace   ] GC(1021) Metaspace: 57806K(58112K)->57806K(58112K) NonClass: 52187K(52416K)->52187K(52416K) Class: 5619K(5696K)->5619K(5696K)
[539.883s][info][gc             ] GC(1021) Pause Young (Allocation Failure) 557M->386M(614M) 6.475ms
[539.883s][info][gc,cpu         ] GC(1021) User=0.01s Sys=0.00s Real=0.01s
[540.366s][info][gc,start       ] GC(1022) Pause Young (Allocation Failure)
[540.370s][info][gc,heap        ] GC(1022) PSYoungGen: 212064K(212480K)->1824K(239104K) Eden: 209408K(209408K)->0K(217600K) From: 2656K(3072K)->1824K(21504K)
[540.370s][info][gc,heap        ] GC(1022) ParOldGen: 393202K(416768K)->393218K(416768K)
[540.370s][info][gc,metaspace   ] GC(1022) Metaspace: 57806K(58112K)->57806K(58112K) NonClass: 52187K(52416K)->52187K(52416K) Class: 5619K(5696K)->5619K(5696K)
[540.370s][info][gc             ] GC(1022) Pause Young (Allocation Failure) 591M->385M(640M) 3.864ms
[540.370s][info][gc,cpu         ] GC(1022) User=0.01s Sys=0.00s Real=0.01s
[540.862s][info][gc,start       ] GC(1023) Pause Young (Allocation Failure)
[540.867s][info][gc,heap        ] GC(1023) PSYoungGen: 219424K(239104K)->2494K(270848K) Eden: 217600K(217600K)->0K(250368K) From: 1824K(21504K)->2494K(20480K)
[540.867s][info][gc,heap        ] GC(1023) ParOldGen: 393218K(416768K)->393234K(416768K)
[540.867s][info][gc,metaspace   ] GC(1023) Metaspace: 57806K(58112K)->57806K(58112K) NonClass: 52187K(52416K)->52187K(52416K) Class: 5619K(5696K)->5619K(5696K)
[540.867s][info][gc             ] GC(1023) Pause Young (Allocation Failure) 598M->386M(671M) 4.945ms
[540.867s][info][gc,cpu         ] GC(1023) User=0.01s Sys=0.00s Real=0.00s
[541.395s][info][gc,start       ] GC(1024) Pause Young (Allocation Failure)
[541.398s][info][gc,heap        ] GC(1024) PSYoungGen: 252862K(270848K)->1311K(269824K) Eden: 250368K(250368K)->0K(250368K) From: 2494K(20480K)->1311K(19456K)
[541.398s][info][gc,heap        ] GC(1024) ParOldGen: 393234K(416768K)->393250K(416768K)
[541.398s][info][gc,metaspace   ] GC(1024) Metaspace: 57806K(58112K)->57806K(58112K) NonClass: 52187K(52416K)->52187K(52416K) Class: 5619K(5696K)->5619K(5696K)
[541.398s][info][gc             ] GC(1024) Pause Young (Allocation Failure) 630M->385M(670M) 2.975ms
[541.398s][info][gc,cpu         ] GC(1024) User=0.00s Sys=0.00s Real=0.00s
[541.976s][info][gc,start       ] GC(1025) Pause Young (Allocation Failure)
[541.982s][info][gc,heap        ] GC(1025) PSYoungGen: 251679K(269824K)->3422K(312832K) Eden: 250368K(250368K)->0K(295424K) From: 1311K(19456K)->3422K(17408K)
[541.982s][info][gc,heap        ] GC(1025) ParOldGen: 393250K(416768K)->393266K(416768K)
[541.982s][info][gc,metaspace   ] GC(1025) Metaspace: 57806K(58112K)->57806K(58112K) NonClass: 52187K(52416K)->52187K(52416K) Class: 5619K(5696K)->5619K(5696K)
[541.982s][info][gc             ] GC(1025) Pause Young (Allocation Failure) 629M->387M(712M) 6.392ms
[541.982s][info][gc,cpu         ] GC(1025) User=0.01s Sys=0.00s Real=0.01s
[542.669s][info][gc,start       ] GC(1026) Pause Young (Allocation Failure)
[542.672s][info][gc,heap        ] GC(1026) PSYoungGen: 298794K(312832K)->1120K(285184K) Eden: 295371K(295424K)->0K(283648K) From: 3422K(17408K)->1120K(1536K)
[542.672s][info][gc,heap        ] GC(1026) ParOldGen: 393266K(416768K)->393282K(416768K)
[542.672s][info][gc,metaspace   ] GC(1026) Metaspace: 57806K(58112K)->57806K(58112K) NonClass: 52187K(52416K)->52187K(52416K) Class: 5619K(5696K)->5619K(5696K)
[542.672s][info][gc             ] GC(1026) Pause Young (Allocation Failure) 675M->385M(685M) 3.295ms
[542.672s][info][gc,cpu         ] GC(1026) User=0.01s Sys=0.00s Real=0.00s
[543.279s][info][gc,start       ] GC(1027) Pause Young (Allocation Failure)
[543.285s][info][gc,heap        ] GC(1027) PSYoungGen: 284768K(285184K)->3824K(276480K) Eden: 283648K(283648K)->0K(272384K) From: 1120K(1536K)->3824K(4096K)
[543.285s][info][gc,heap        ] GC(1027) ParOldGen: 393282K(416768K)->393298K(416768K)
[543.285s][info][gc,metaspace   ] GC(1027) Metaspace: 57806K(58112K)->57806K(58112K) NonClass: 52187K(52416K)->52187K(52416K) Class: 5619K(5696K)->5619K(5696K)
[543.285s][info][gc             ] GC(1027) Pause Young (Allocation Failure) 662M->387M(677M) 6.556ms
[543.285s][info][gc,cpu         ] GC(1027) User=0.01s Sys=0.00s Real=0.01s
[543.888s][info][gc,start       ] GC(1028) Pause Young (Allocation Failure)
[543.892s][info][gc,heap        ] GC(1028) PSYoungGen: 275981K(276480K)->1728K(263680K) Eden: 272156K(272384K)->0K(261632K) From: 3824K(4096K)->1728K(2048K)
[543.892s][info][gc,heap        ] GC(1028) ParOldGen: 393298K(416768K)->394876K(416768K)
[543.892s][info][gc,metaspace   ] GC(1028) Metaspace: 57806K(58112K)->57806K(58112K) NonClass: 52187K(52416K)->52187K(52416K) Class: 5619K(5696K)->5619K(5696K)
[543.893s][info][gc             ] GC(1028) Pause Young (Allocation Failure) 653M->387M(664M) 4.270ms
[543.893s][info][gc,cpu         ] GC(1028) User=0.00s Sys=0.00s Real=0.01s
[544.480s][info][gc,start       ] GC(1029) Pause Young (Allocation Failure)
[544.485s][info][gc,heap        ] GC(1029) PSYoungGen: 263360K(263680K)->2432K(253952K) Eden: 261632K(261632K)->0K(251392K) From: 1728K(2048K)->2432K(2560K)
[544.485s][info][gc,heap        ] GC(1029) ParOldGen: 394876K(416768K)->394892K(416768K)
[544.485s][info][gc,metaspace   ] GC(1029) Metaspace: 57806K(58112K)->57806K(58112K) NonClass: 52187K(52416K)->52187K(52416K) Class: 5619K(5696K)->5619K(5696K)
[544.486s][info][gc             ] GC(1029) Pause Young (Allocation Failure) 642M->388M(655M) 5.166ms
[544.486s][info][gc,cpu         ] GC(1029) User=0.01s Sys=0.00s Real=0.00s
[545.069s][info][gc,start       ] GC(1030) Pause Young (Allocation Failure)
[545.073s][info][gc,heap        ] GC(1030) PSYoungGen: 253824K(253952K)->1184K(243200K) Eden: 251392K(251392K)->0K(241664K) From: 2432K(2560K)->1184K(1536K)
[545.074s][info][gc,heap        ] GC(1030) ParOldGen: 394892K(416768K)->394908K(416768K)
[545.074s][info][gc,metaspace   ] GC(1030) Metaspace: 57806K(58112K)->57806K(58112K) NonClass: 52187K(52416K)->52187K(52416K) Class: 5619K(5696K)->5619K(5696K)
[545.074s][info][gc             ] GC(1030) Pause Young (Allocation Failure) 633M->386M(644M) 4.223ms
[545.074s][info][gc,cpu         ] GC(1030) User=0.01s Sys=0.00s Real=0.00s
[545.580s][info][gc,start       ] GC(1031) Pause Young (Allocation Failure)
[545.585s][info][gc,heap        ] GC(1031) PSYoungGen: 242820K(243200K)->2304K(235008K) Eden: 241636K(241664K)->0K(232448K) From: 1184K(1536K)->2304K(2560K)
[545.585s][info][gc,heap        ] GC(1031) ParOldGen: 394908K(416768K)->394924K(416768K)
[545.585s][info][gc,metaspace   ] GC(1031) Metaspace: 57806K(58112K)->57806K(58112K) NonClass: 52187K(52416K)->52187K(52416K) Class: 5619K(5696K)->5619K(5696K)
[545.585s][info][gc             ] GC(1031) Pause Young (Allocation Failure) 622M->387M(636M) 5.301ms
[545.585s][info][gc,cpu         ] GC(1031) User=0.01s Sys=0.01s Real=0.00s
[546.149s][info][gc,start       ] GC(1032) Pause Young (Allocation Failure)
[546.151s][info][gc,heap        ] GC(1032) PSYoungGen: 234752K(235008K)->256K(224256K) Eden: 232448K(232448K)->0K(223744K) From: 2304K(2560K)->256K(512K)
[546.151s][info][gc,heap        ] GC(1032) ParOldGen: 394924K(416768K)->394940K(416768K)
[546.151s][info][gc,metaspace   ] GC(1032) Metaspace: 57806K(58112K)->57806K(58112K) NonClass: 52187K(52416K)->52187K(52416K) Class: 5619K(5696K)->5619K(5696K)
[546.151s][info][gc             ] GC(1032) Pause Young (Allocation Failure) 614M->385M(626M) 2.284ms
[546.151s][info][gc,cpu         ] GC(1032) User=0.00s Sys=0.00s Real=0.01s
[546.652s][info][gc,start       ] GC(1033) Pause Young (Allocation Failure)
[546.655s][info][gc,heap        ] GC(1033) PSYoungGen: 224000K(224256K)->745K(216576K) Eden: 223744K(223744K)->0K(215552K) From: 256K(512K)->745K(1024K)
[546.655s][info][gc,heap        ] GC(1033) ParOldGen: 394940K(416768K)->394956K(416768K)
[546.655s][info][gc,metaspace   ] GC(1033) Metaspace: 57806K(58112K)->57806K(58112K) NonClass: 52187K(52416K)->52187K(52416K) Class: 5619K(5696K)->5619K(5696K)
[546.655s][info][gc             ] GC(1033) Pause Young (Allocation Failure) 604M->386M(618M) 3.271ms
[546.655s][info][gc,cpu         ] GC(1033) User=0.01s Sys=0.01s Real=0.00s
[547.087s][info][gc,start       ] GC(1034) Pause Young (Allocation Failure)
[547.090s][info][gc,heap        ] GC(1034) PSYoungGen: 216297K(216576K)->1375K(220160K) Eden: 215552K(215552K)->0K(207872K) From: 745K(1024K)->1375K(12288K)
[547.090s][info][gc,heap        ] GC(1034) ParOldGen: 394956K(416768K)->394972K(416768K)
[547.090s][info][gc,metaspace   ] GC(1034) Metaspace: 57806K(58112K)->57806K(58112K) NonClass: 52187K(52416K)->52187K(52416K) Class: 5619K(5696K)->5619K(5696K)
[547.090s][info][gc             ] GC(1034) Pause Young (Allocation Failure) 596M->387M(622M) 3.100ms
[547.090s][info][gc,cpu         ] GC(1034) User=0.01s Sys=0.00s Real=0.01s
[547.576s][info][gc,start       ] GC(1035) Pause Young (Allocation Failure)
[547.581s][info][gc,heap        ] GC(1035) PSYoungGen: 209247K(220160K)->2974K(203264K) Eden: 207872K(207872K)->0K(200192K) From: 1375K(12288K)->2974K(3072K)
[547.581s][info][gc,heap        ] GC(1035) ParOldGen: 394972K(416768K)->394988K(416768K)
[547.581s][info][gc,metaspace   ] GC(1035) Metaspace: 57806K(58112K)->57806K(58112K) NonClass: 52187K(52416K)->52187K(52416K) Class: 5619K(5696K)->5619K(5696K)
[547.581s][info][gc             ] GC(1035) Pause Young (Allocation Failure) 590M->388M(605M) 5.093ms
[547.581s][info][gc,cpu         ] GC(1035) User=0.01s Sys=0.01s Real=0.01s
[548.151s][info][gc,start       ] GC(1036) Pause Young (Allocation Failure)
[548.154s][info][gc,heap        ] GC(1036) PSYoungGen: 203166K(203264K)->640K(194048K) Eden: 200192K(200192K)->0K(193024K) From: 2974K(3072K)->640K(1024K)
[548.154s][info][gc,heap        ] GC(1036) ParOldGen: 394988K(416768K)->395004K(416768K)
[548.154s][info][gc,metaspace   ] GC(1036) Metaspace: 57806K(58112K)->57806K(58112K) NonClass: 52187K(52416K)->52187K(52416K) Class: 5619K(5696K)->5619K(5696K)
[548.154s][info][gc             ] GC(1036) Pause Young (Allocation Failure) 584M->386M(596M) 2.532ms
[548.154s][info][gc,cpu         ] GC(1036) User=0.01s Sys=0.00s Real=0.00s
[548.563s][info][gc,start       ] GC(1037) Pause Young (Allocation Failure)
[548.567s][info][gc,heap        ] GC(1037) PSYoungGen: 193664K(194048K)->2367K(188928K) Eden: 193024K(193024K)->0K(186368K) From: 640K(1024K)->2367K(2560K)
[548.567s][info][gc,heap        ] GC(1037) ParOldGen: 395004K(416768K)->395020K(416768K)
[548.567s][info][gc,metaspace   ] GC(1037) Metaspace: 57806K(58112K)->57806K(58112K) NonClass: 52187K(52416K)->52187K(52416K) Class: 5619K(5696K)->5619K(5696K)
[548.567s][info][gc             ] GC(1037) Pause Young (Allocation Failure) 574M->388M(591M) 4.596ms
[548.567s][info][gc,cpu         ] GC(1037) User=0.00s Sys=0.00s Real=0.00s
[548.970s][info][gc,start       ] GC(1038) Pause Young (Allocation Failure)
[548.976s][info][gc,heap        ] GC(1038) PSYoungGen: 188735K(188928K)->3806K(183808K) Eden: 186368K(186368K)->0K(179712K) From: 2367K(2560K)->3806K(4096K)
[548.976s][info][gc,heap        ] GC(1038) ParOldGen: 395020K(416768K)->395036K(416768K)
[548.976s][info][gc,metaspace   ] GC(1038) Metaspace: 57806K(58112K)->57806K(58112K) NonClass: 52187K(52416K)->52187K(52416K) Class: 5619K(5696K)->5619K(5696K)
[548.976s][info][gc             ] GC(1038) Pause Young (Allocation Failure) 570M->389M(586M) 5.738ms
[548.976s][info][gc,cpu         ] GC(1038) User=0.01s Sys=0.01s Real=0.00s
[549.372s][info][gc,start       ] GC(1039) Pause Young (Allocation Failure)
[549.378s][info][gc,heap        ] GC(1039) PSYoungGen: 183518K(183808K)->3295K(217600K) Eden: 179712K(179712K)->0K(214016K) From: 3806K(4096K)->3295K(3584K)
[549.378s][info][gc,heap        ] GC(1039) ParOldGen: 395036K(416768K)->395052K(416768K)
[549.378s][info][gc,metaspace   ] GC(1039) Metaspace: 57806K(58112K)->57806K(58112K) NonClass: 52187K(52416K)->52187K(52416K) Class: 5619K(5696K)->5619K(5696K)
[549.378s][info][gc             ] GC(1039) Pause Young (Allocation Failure) 564M->389M(619M) 5.510ms
[549.378s][info][gc,cpu         ] GC(1039) User=0.01s Sys=0.00s Real=0.00s
[549.865s][info][gc,start       ] GC(1040) Pause Young (Allocation Failure)
[549.870s][info][gc,heap        ] GC(1040) PSYoungGen: 217311K(217600K)->2528K(208896K) Eden: 214016K(214016K)->0K(206336K) From: 3295K(3584K)->2528K(2560K)
[549.870s][info][gc,heap        ] GC(1040) ParOldGen: 395052K(416768K)->395068K(416768K)
[549.870s][info][gc,metaspace   ] GC(1040) Metaspace: 57806K(58112K)->57806K(58112K) NonClass: 52187K(52416K)->52187K(52416K) Class: 5619K(5696K)->5619K(5696K)
[549.870s][info][gc             ] GC(1040) Pause Young (Allocation Failure) 598M->388M(611M) 4.806ms
[549.870s][info][gc,cpu         ] GC(1040) User=0.01s Sys=0.00s Real=0.01s
[550.358s][info][gc,start       ] GC(1041) Pause Young (Allocation Failure)
[550.361s][info][gc,heap        ] GC(1041) PSYoungGen: 208864K(208896K)->1375K(200704K) Eden: 206336K(206336K)->0K(199168K) From: 2528K(2560K)->1375K(1536K)
[550.361s][info][gc,heap        ] GC(1041) ParOldGen: 395068K(416768K)->395084K(416768K)
[550.361s][info][gc,metaspace   ] GC(1041) Metaspace: 57806K(58112K)->57806K(58112K) NonClass: 52187K(52416K)->52187K(52416K) Class: 5619K(5696K)->5619K(5696K)
[550.361s][info][gc             ] GC(1041) Pause Young (Allocation Failure) 589M->387M(603M) 3.281ms
[550.361s][info][gc,cpu         ] GC(1041) User=0.00s Sys=0.00s Real=0.01s
[550.777s][info][gc,start       ] GC(1042) Pause Young (Allocation Failure)
[550.782s][info][gc,heap        ] GC(1042) PSYoungGen: 200543K(200704K)->2624K(195072K) Eden: 199168K(199168K)->0K(192000K) From: 1375K(1536K)->2624K(3072K)
[550.782s][info][gc,heap        ] GC(1042) ParOldGen: 395084K(416768K)->395100K(416768K)
[550.782s][info][gc,metaspace   ] GC(1042) Metaspace: 57806K(58112K)->57806K(58112K) NonClass: 52187K(52416K)->52187K(52416K) Class: 5619K(5696K)->5619K(5696K)
[550.782s][info][gc             ] GC(1042) Pause Young (Allocation Failure) 581M->388M(597M) 4.748ms
[550.782s][info][gc,cpu         ] GC(1042) User=0.01s Sys=0.00s Real=0.01s
[551.197s][info][gc,start       ] GC(1043) Pause Young (Allocation Failure)
[551.201s][info][gc,heap        ] GC(1043) PSYoungGen: 194553K(195072K)->1216K(186880K) Eden: 191929K(192000K)->0K(185344K) From: 2624K(3072K)->1216K(1536K)
[551.201s][info][gc,heap        ] GC(1043) ParOldGen: 395100K(416768K)->395116K(416768K)
[551.201s][info][gc,metaspace   ] GC(1043) Metaspace: 57806K(58112K)->57806K(58112K) NonClass: 52187K(52416K)->52187K(52416K) Class: 5619K(5696K)->5619K(5696K)
[551.201s][info][gc             ] GC(1043) Pause Young (Allocation Failure) 575M->387M(589M) 3.788ms
[551.201s][info][gc,cpu         ] GC(1043) User=0.00s Sys=0.01s Real=0.01s
[551.648s][info][gc,start       ] GC(1044) Pause Young (Allocation Failure)
[551.650s][info][gc,heap        ] GC(1044) PSYoungGen: 186560K(186880K)->276K(179200K) Eden: 185344K(185344K)->0K(178688K) From: 1216K(1536K)->276K(512K)
[551.650s][info][gc,heap        ] GC(1044) ParOldGen: 395116K(416768K)->395132K(416768K)
[551.650s][info][gc,metaspace   ] GC(1044) Metaspace: 57806K(58112K)->57806K(58112K) NonClass: 52187K(52416K)->52187K(52416K) Class: 5619K(5696K)->5619K(5696K)
[551.650s][info][gc             ] GC(1044) Pause Young (Allocation Failure) 568M->386M(582M) 2.041ms
[551.650s][info][gc,cpu         ] GC(1044) User=0.01s Sys=0.00s Real=0.01s
[552.052s][info][gc,start       ] GC(1045) Pause Young (Allocation Failure)
[552.054s][info][gc,heap        ] GC(1045) PSYoungGen: 178964K(179200K)->818K(173568K) Eden: 178688K(178688K)->0K(172544K) From: 276K(512K)->818K(1024K)
[552.054s][info][gc,heap        ] GC(1045) ParOldGen: 395132K(416768K)->395148K(416768K)
[552.054s][info][gc,metaspace   ] GC(1045) Metaspace: 57806K(58112K)->57806K(58112K) NonClass: 52187K(52416K)->52187K(52416K) Class: 5619K(5696K)->5619K(5696K)
[552.054s][info][gc             ] GC(1045) Pause Young (Allocation Failure) 560M->386M(576M) 2.807ms
[552.054s][info][gc,cpu         ] GC(1045) User=0.00s Sys=0.00s Real=0.00s
[552.399s][info][gc,start       ] GC(1046) Pause Young (Allocation Failure)
[552.401s][info][gc,heap        ] GC(1046) PSYoungGen: 173345K(173568K)->352K(174080K) Eden: 172526K(172544K)->0K(166912K) From: 818K(1024K)->352K(7168K)
[552.401s][info][gc,heap        ] GC(1046) ParOldGen: 395148K(416768K)->395164K(416768K)
[552.401s][info][gc,metaspace   ] GC(1046) Metaspace: 57806K(58112K)->57806K(58112K) NonClass: 52187K(52416K)->52187K(52416K) Class: 5619K(5696K)->5619K(5696K)
[552.401s][info][gc             ] GC(1046) Pause Young (Allocation Failure) 555M->386M(577M) 2.038ms
[552.401s][info][gc,cpu         ] GC(1046) User=0.01s Sys=0.00s Real=0.00s
[552.851s][info][gc,start       ] GC(1047) Pause Young (Allocation Failure)
[552.861s][info][gc,heap        ] GC(1047) PSYoungGen: 167264K(174080K)->2527K(203264K) Eden: 166912K(166912K)->0K(196608K) From: 352K(7168K)->2527K(6656K)
[552.861s][info][gc,heap        ] GC(1047) ParOldGen: 395164K(416768K)->395180K(416768K)
[552.861s][info][gc,metaspace   ] GC(1047) Metaspace: 57806K(58112K)->57806K(58112K) NonClass: 52187K(52416K)->52187K(52416K) Class: 5619K(5696K)->5619K(5696K)
[552.861s][info][gc             ] GC(1047) Pause Young (Allocation Failure) 549M->388M(605M) 10.140ms
[552.861s][info][gc,cpu         ] GC(1047) User=0.01s Sys=0.00s Real=0.01s
[553.259s][info][gc,start       ] GC(1048) Pause Young (Allocation Failure)
[553.264s][info][gc,heap        ] GC(1048) PSYoungGen: 199135K(203264K)->1739K(203264K) Eden: 196608K(196608K)->0K(196608K) From: 2527K(6656K)->1739K(6656K)
[553.264s][info][gc,heap        ] GC(1048) ParOldGen: 395180K(416768K)->395196K(416768K)
[553.264s][info][gc,metaspace   ] GC(1048) Metaspace: 57806K(58112K)->57806K(58112K) NonClass: 52187K(52416K)->52187K(52416K) Class: 5619K(5696K)->5619K(5696K)
[553.264s][info][gc             ] GC(1048) Pause Young (Allocation Failure) 580M->387M(605M) 4.847ms
[553.264s][info][gc,cpu         ] GC(1048) User=0.01s Sys=0.00s Real=0.00s
[553.675s][info][gc,start       ] GC(1049) Pause Young (Allocation Failure)
[553.681s][info][gc,heap        ] GC(1049) PSYoungGen: 198347K(203264K)->2688K(240128K) Eden: 196608K(196608K)->0K(233984K) From: 1739K(6656K)->2688K(6144K)
[553.682s][info][gc,heap        ] GC(1049) ParOldGen: 395196K(416768K)->395212K(416768K)
[553.682s][info][gc,metaspace   ] GC(1049) Metaspace: 57806K(58112K)->57806K(58112K) NonClass: 52187K(52416K)->52187K(52416K) Class: 5619K(5696K)->5619K(5696K)
[553.682s][info][gc             ] GC(1049) Pause Young (Allocation Failure) 579M->388M(641M) 6.583ms
[553.682s][info][gc,cpu         ] GC(1049) User=0.01s Sys=0.00s Real=0.01s
[554.205s][info][gc,start       ] GC(1050) Pause Young (Allocation Failure)
[554.208s][info][gc,heap        ] GC(1050) PSYoungGen: 236672K(240128K)->1118K(240128K) Eden: 233984K(233984K)->0K(233984K) From: 2688K(6144K)->1118K(6144K)
[554.208s][info][gc,heap        ] GC(1050) ParOldGen: 395212K(416768K)->395228K(416768K)
[554.208s][info][gc,metaspace   ] GC(1050) Metaspace: 57806K(58112K)->57806K(58112K) NonClass: 52187K(52416K)->52187K(52416K) Class: 5619K(5696K)->5619K(5696K)
[554.208s][info][gc             ] GC(1050) Pause Young (Allocation Failure) 617M->387M(641M) 2.925ms
[554.208s][info][gc,cpu         ] GC(1050) User=0.01s Sys=0.00s Real=0.00s
[554.753s][info][gc,start       ] GC(1051) Pause Young (Allocation Failure)
[554.757s][info][gc,heap        ] GC(1051) PSYoungGen: 235102K(240128K)->1293K(226816K) Eden: 233984K(233984K)->0K(225280K) From: 1118K(6144K)->1293K(1536K)
[554.757s][info][gc,heap        ] GC(1051) ParOldGen: 395228K(416768K)->395244K(416768K)
[554.757s][info][gc,metaspace   ] GC(1051) Metaspace: 57806K(58112K)->57806K(58112K) NonClass: 52187K(52416K)->52187K(52416K) Class: 5619K(5696K)->5619K(5696K)
[554.757s][info][gc             ] GC(1051) Pause Young (Allocation Failure) 615M->387M(628M) 3.281ms
[554.757s][info][gc,cpu         ] GC(1051) User=0.01s Sys=0.00s Real=0.00s
[555.256s][info][gc,start       ] GC(1052) Pause Young (Allocation Failure)
[555.260s][info][gc,heap        ] GC(1052) PSYoungGen: 226573K(226816K)->1694K(219136K) Eden: 225280K(225280K)->0K(217088K) From: 1293K(1536K)->1694K(2048K)
[555.260s][info][gc,heap        ] GC(1052) ParOldGen: 395244K(416768K)->395260K(416768K)
[555.260s][info][gc,metaspace   ] GC(1052) Metaspace: 57806K(58112K)->57806K(58112K) NonClass: 52187K(52416K)->52187K(52416K) Class: 5619K(5696K)->5619K(5696K)
[555.260s][info][gc             ] GC(1052) Pause Young (Allocation Failure) 607M->387M(621M) 3.877ms
[555.260s][info][gc,cpu         ] GC(1052) User=0.01s Sys=0.01s Real=0.01s
[555.752s][info][gc,start       ] GC(1053) Pause Young (Allocation Failure)
[555.755s][info][gc,heap        ] GC(1053) PSYoungGen: 218782K(219136K)->800K(210432K) Eden: 217088K(217088K)->0K(209408K) From: 1694K(2048K)->800K(1024K)
[555.755s][info][gc,heap        ] GC(1053) ParOldGen: 395260K(416768K)->395276K(416768K)
[555.755s][info][gc,metaspace   ] GC(1053) Metaspace: 57806K(58112K)->57806K(58112K) NonClass: 52187K(52416K)->52187K(52416K) Class: 5619K(5696K)->5619K(5696K)
[555.755s][info][gc             ] GC(1053) Pause Young (Allocation Failure) 599M->386M(612M) 3.025ms
[555.755s][info][gc,cpu         ] GC(1053) User=0.01s Sys=0.01s Real=0.00s
[556.181s][info][gc,start       ] GC(1054) Pause Young (Allocation Failure)
[556.187s][info][gc,heap        ] GC(1054) PSYoungGen: 210208K(210432K)->2718K(204800K) Eden: 209408K(209408K)->0K(201728K) From: 800K(1024K)->2718K(3072K)
[556.187s][info][gc,heap        ] GC(1054) ParOldGen: 395276K(416768K)->395292K(416768K)
[556.187s][info][gc,metaspace   ] GC(1054) Metaspace: 57806K(58112K)->57806K(58112K) NonClass: 52187K(52416K)->52187K(52416K) Class: 5619K(5696K)->5619K(5696K)
[556.187s][info][gc             ] GC(1054) Pause Young (Allocation Failure) 591M->388M(607M) 5.437ms
[556.187s][info][gc,cpu         ] GC(1054) User=0.02s Sys=0.00s Real=0.00s
[556.664s][info][gc,start       ] GC(1055) Pause Young (Allocation Failure)
[556.668s][info][gc,heap        ] GC(1055) PSYoungGen: 204446K(204800K)->2494K(197120K) Eden: 201728K(201728K)->0K(194560K) From: 2718K(3072K)->2494K(2560K)
[556.668s][info][gc,heap        ] GC(1055) ParOldGen: 395292K(416768K)->395308K(416768K)
[556.668s][info][gc,metaspace   ] GC(1055) Metaspace: 57806K(58112K)->57806K(58112K) NonClass: 52187K(52416K)->52187K(52416K) Class: 5619K(5696K)->5619K(5696K)
[556.668s][info][gc             ] GC(1055) Pause Young (Allocation Failure) 585M->388M(599M) 4.412ms
[556.668s][info][gc,cpu         ] GC(1055) User=0.01s Sys=0.01s Real=0.00s
[557.079s][info][gc,start       ] GC(1056) Pause Young (Allocation Failure)
[557.084s][info][gc,heap        ] GC(1056) PSYoungGen: 196903K(197120K)->2304K(233984K) Eden: 194408K(194560K)->0K(231424K) From: 2494K(2560K)->2304K(2560K)
[557.084s][info][gc,heap        ] GC(1056) ParOldGen: 395308K(416768K)->395324K(416768K)
[557.084s][info][gc,metaspace   ] GC(1056) Metaspace: 57806K(58112K)->57806K(58112K) NonClass: 52187K(52416K)->52187K(52416K) Class: 5619K(5696K)->5619K(5696K)
[557.085s][info][gc             ] GC(1056) Pause Young (Allocation Failure) 578M->388M(635M) 5.409ms
[557.085s][info][gc,cpu         ] GC(1056) User=0.01s Sys=0.00s Real=0.00s
[557.592s][info][gc,start       ] GC(1057) Pause Young (Allocation Failure)
[557.594s][info][gc,heap        ] GC(1057) PSYoungGen: 233603K(233984K)->480K(223232K) Eden: 231299K(231424K)->0K(222720K) From: 2304K(2560K)->480K(512K)
[557.595s][info][gc,heap        ] GC(1057) ParOldGen: 395324K(416768K)->395340K(416768K)
[557.595s][info][gc,metaspace   ] GC(1057) Metaspace: 57806K(58112K)->57806K(58112K) NonClass: 52187K(52416K)->52187K(52416K) Class: 5619K(5696K)->5619K(5696K)
[557.595s][info][gc             ] GC(1057) Pause Young (Allocation Failure) 614M->386M(625M) 2.457ms
[557.595s][info][gc,cpu         ] GC(1057) User=0.00s Sys=0.00s Real=0.00s
[558.159s][info][gc,start       ] GC(1058) Pause Young (Allocation Failure)
[558.161s][info][gc,heap        ] GC(1058) PSYoungGen: 223200K(223232K)->300K(219648K) Eden: 222720K(222720K)->0K(214528K) From: 480K(512K)->300K(5120K)
[558.161s][info][gc,heap        ] GC(1058) ParOldGen: 395340K(416768K)->395356K(416768K)
[558.161s][info][gc,metaspace   ] GC(1058) Metaspace: 57806K(58112K)->57806K(58112K) NonClass: 52187K(52416K)->52187K(52416K) Class: 5619K(5696K)->5619K(5696K)
[558.161s][info][gc             ] GC(1058) Pause Young (Allocation Failure) 604M->386M(621M) 2.135ms
[558.161s][info][gc,cpu         ] GC(1058) User=0.00s Sys=0.00s Real=0.01s
[558.584s][info][gc,start       ] GC(1059) Pause Young (Allocation Failure)
[558.589s][info][gc,heap        ] GC(1059) PSYoungGen: 214828K(219648K)->2495K(209408K) Eden: 214528K(214528K)->0K(206848K) From: 300K(5120K)->2495K(2560K)
[558.589s][info][gc,heap        ] GC(1059) ParOldGen: 395356K(416768K)->395372K(416768K)
[558.589s][info][gc,metaspace   ] GC(1059) Metaspace: 57806K(58112K)->57806K(58112K) NonClass: 52187K(52416K)->52187K(52416K) Class: 5619K(5696K)->5619K(5696K)
[558.589s][info][gc             ] GC(1059) Pause Young (Allocation Failure) 595M->388M(611M) 5.072ms
[558.589s][info][gc,cpu         ] GC(1059) User=0.01s Sys=0.00s Real=0.01s
[559.071s][info][gc,start       ] GC(1060) Pause Young (Allocation Failure)
[559.076s][info][gc,heap        ] GC(1060) PSYoungGen: 209343K(209408K)->2400K(202240K) Eden: 206848K(206848K)->0K(199680K) From: 2495K(2560K)->2400K(2560K)
[559.076s][info][gc,heap        ] GC(1060) ParOldGen: 395372K(416768K)->395388K(416768K)
[559.076s][info][gc,metaspace   ] GC(1060) Metaspace: 57806K(58112K)->57806K(58112K) NonClass: 52187K(52416K)->52187K(52416K) Class: 5619K(5696K)->5619K(5696K)
[559.076s][info][gc             ] GC(1060) Pause Young (Allocation Failure) 590M->388M(604M) 5.585ms
[559.076s][info][gc,cpu         ] GC(1060) User=0.01s Sys=0.00s Real=0.00s
[559.503s][info][gc,start       ] GC(1061) Pause Young (Allocation Failure)
[559.505s][info][gc,heap        ] GC(1061) PSYoungGen: 202080K(202240K)->224K(193024K) Eden: 199680K(199680K)->0K(192512K) From: 2400K(2560K)->224K(512K)
[559.505s][info][gc,heap        ] GC(1061) ParOldGen: 395388K(416768K)->395404K(416768K)
[559.505s][info][gc,metaspace   ] GC(1061) Metaspace: 57806K(58112K)->57806K(58112K) NonClass: 52187K(52416K)->52187K(52416K) Class: 5619K(5696K)->5619K(5696K)
[559.505s][info][gc             ] GC(1061) Pause Young (Allocation Failure) 583M->386M(595M) 2.043ms
[559.505s][info][gc,cpu         ] GC(1061) User=0.01s Sys=0.00s Real=0.00s
[559.960s][info][gc,start       ] GC(1062) Pause Young (Allocation Failure)
[559.964s][info][gc,heap        ] GC(1062) PSYoungGen: 192736K(193024K)->1856K(190464K) Eden: 192512K(192512K)->0K(185856K) From: 224K(512K)->1856K(4608K)
[559.964s][info][gc,heap        ] GC(1062) ParOldGen: 395404K(416768K)->395420K(416768K)
[559.964s][info][gc,metaspace   ] GC(1062) Metaspace: 57806K(58112K)->57806K(58112K) NonClass: 52187K(52416K)->52187K(52416K) Class: 5619K(5696K)->5619K(5696K)
[559.964s][info][gc             ] GC(1062) Pause Young (Allocation Failure) 574M->387M(593M) 4.379ms
[559.964s][info][gc,cpu         ] GC(1062) User=0.01s Sys=0.00s Real=0.00s
[560.425s][info][gc,start       ] GC(1063) Pause Young (Allocation Failure)
[560.430s][info][gc,heap        ] GC(1063) PSYoungGen: 187712K(190464K)->2240K(181760K) Eden: 185856K(185856K)->0K(179200K) From: 1856K(4608K)->2240K(2560K)
[560.430s][info][gc,heap        ] GC(1063) ParOldGen: 395420K(416768K)->395436K(416768K)
[560.430s][info][gc,metaspace   ] GC(1063) Metaspace: 57806K(58112K)->57806K(58112K) NonClass: 52187K(52416K)->52187K(52416K) Class: 5619K(5696K)->5619K(5696K)
[560.430s][info][gc             ] GC(1063) Pause Young (Allocation Failure) 569M->388M(584M) 4.792ms
[560.430s][info][gc,cpu         ] GC(1063) User=0.01s Sys=0.00s Real=0.01s
[560.775s][info][gc,start       ] GC(1064) Pause Young (Allocation Failure)
[560.780s][info][gc,heap        ] GC(1064) PSYoungGen: 181440K(181760K)->2208K(215552K) Eden: 179200K(179200K)->0K(212992K) From: 2240K(2560K)->2208K(2560K)
[560.780s][info][gc,heap        ] GC(1064) ParOldGen: 395436K(416768K)->395452K(416768K)
[560.780s][info][gc,metaspace   ] GC(1064) Metaspace: 57806K(58112K)->57806K(58112K) NonClass: 52187K(52416K)->52187K(52416K) Class: 5619K(5696K)->5619K(5696K)
[560.780s][info][gc             ] GC(1064) Pause Young (Allocation Failure) 563M->388M(617M) 5.095ms
[560.780s][info][gc,cpu         ] GC(1064) User=0.01s Sys=0.01s Real=0.01s
[561.264s][info][gc,start       ] GC(1065) Pause Young (Allocation Failure)
[561.269s][info][gc,heap        ] GC(1065) PSYoungGen: 215200K(215552K)->2814K(252928K) Eden: 212992K(212992K)->0K(248320K) From: 2208K(2560K)->2814K(4608K)
[561.269s][info][gc,heap        ] GC(1065) ParOldGen: 395452K(416768K)->395468K(416768K)
[561.269s][info][gc,metaspace   ] GC(1065) Metaspace: 57806K(58112K)->57806K(58112K) NonClass: 52187K(52416K)->52187K(52416K) Class: 5619K(5696K)->5619K(5696K)
[561.269s][info][gc             ] GC(1065) Pause Young (Allocation Failure) 596M->388M(654M) 4.782ms
[561.269s][info][gc,cpu         ] GC(1065) User=0.01s Sys=0.00s Real=0.01s
[561.841s][info][gc,start       ] GC(1066) Pause Young (Allocation Failure)
[561.843s][info][gc,heap        ] GC(1066) PSYoungGen: 251134K(252928K)->64K(239616K) Eden: 248320K(248320K)->0K(239104K) From: 2814K(4608K)->64K(512K)
[561.843s][info][gc,heap        ] GC(1066) ParOldGen: 395468K(416768K)->395484K(416768K)
[561.843s][info][gc,metaspace   ] GC(1066) Metaspace: 57806K(58112K)->57806K(58112K) NonClass: 52187K(52416K)->52187K(52416K) Class: 5619K(5696K)->5619K(5696K)
[561.843s][info][gc             ] GC(1066) Pause Young (Allocation Failure) 631M->386M(641M) 1.968ms
[561.843s][info][gc,cpu         ] GC(1066) User=0.00s Sys=0.00s Real=0.00s
[562.403s][info][gc,start       ] GC(1067) Pause Young (Allocation Failure)
[562.408s][info][gc,heap        ] GC(1067) PSYoungGen: 239168K(239616K)->2207K(232960K) Eden: 239104K(239104K)->0K(230400K) From: 64K(512K)->2207K(2560K)
[562.408s][info][gc,heap        ] GC(1067) ParOldGen: 395484K(416768K)->395500K(416768K)
[562.408s][info][gc,metaspace   ] GC(1067) Metaspace: 57806K(58112K)->57806K(58112K) NonClass: 52187K(52416K)->52187K(52416K) Class: 5619K(5696K)->5619K(5696K)
[562.408s][info][gc             ] GC(1067) Pause Young (Allocation Failure) 619M->388M(634M) 4.786ms
[562.408s][info][gc,cpu         ] GC(1067) User=0.01s Sys=0.00s Real=0.00s
[562.870s][info][gc,start       ] GC(1068) Pause Young (Allocation Failure)
[562.875s][info][gc,heap        ] GC(1068) PSYoungGen: 232607K(232960K)->2527K(224256K) Eden: 230400K(230400K)->0K(221696K) From: 2207K(2560K)->2527K(2560K)
[562.875s][info][gc,heap        ] GC(1068) ParOldGen: 395500K(416768K)->395516K(416768K)
[562.875s][info][gc,metaspace   ] GC(1068) Metaspace: 57806K(58112K)->57806K(58112K) NonClass: 52187K(52416K)->52187K(52416K) Class: 5619K(5696K)->5619K(5696K)
[562.875s][info][gc             ] GC(1068) Pause Young (Allocation Failure) 613M->388M(626M) 4.535ms
[562.875s][info][gc,cpu         ] GC(1068) User=0.00s Sys=0.00s Real=0.00s
[563.416s][info][gc,start       ] GC(1069) Pause Young (Allocation Failure)
[563.444s][info][gc,heap        ] GC(1069) PSYoungGen: 224223K(224256K)->3135K(244224K) Eden: 221696K(221696K)->0K(239616K) From: 2527K(2560K)->3135K(4608K)
[563.444s][info][gc,heap        ] GC(1069) ParOldGen: 395516K(416768K)->395532K(416768K)
[563.444s][info][gc,metaspace   ] GC(1069) Metaspace: 57806K(58112K)->57806K(58112K) NonClass: 52187K(52416K)->52187K(52416K) Class: 5619K(5696K)->5619K(5696K)
[563.444s][info][gc             ] GC(1069) Pause Young (Allocation Failure) 605M->389M(645M) 28.321ms
[563.444s][info][gc,cpu         ] GC(1069) User=0.02s Sys=0.00s Real=0.03s
[563.881s][info][gc,start       ] GC(1070) Pause Young (Allocation Failure)
[563.893s][info][gc,heap        ] GC(1070) PSYoungGen: 242751K(244224K)->5105K(244736K) Eden: 239616K(239616K)->0K(239616K) From: 3135K(4608K)->5105K(5120K)
[563.893s][info][gc,heap        ] GC(1070) ParOldGen: 395532K(416768K)->406680K(416768K)
[563.893s][info][gc,metaspace   ] GC(1070) Metaspace: 57806K(58112K)->57806K(58112K) NonClass: 52187K(52416K)->52187K(52416K) Class: 5619K(5696K)->5619K(5696K)
[563.893s][info][gc             ] GC(1070) Pause Young (Allocation Failure) 623M->402M(646M) 12.132ms
[563.893s][info][gc,cpu         ] GC(1070) User=0.02s Sys=0.00s Real=0.01s
[564.450s][info][gc,start       ] GC(1071) Pause Young (Allocation Failure)
[564.454s][info][gc,heap        ] GC(1071) PSYoungGen: 244721K(244736K)->480K(295424K) Eden: 239616K(239616K)->0K(286208K) From: 5105K(5120K)->480K(9216K)
[564.455s][info][gc,heap        ] GC(1071) ParOldGen: 406680K(416768K)->411803K(416768K)
[564.455s][info][gc,metaspace   ] GC(1071) Metaspace: 57806K(58112K)->57806K(58112K) NonClass: 52187K(52416K)->52187K(52416K) Class: 5619K(5696K)->5619K(5696K)
[564.455s][info][gc             ] GC(1071) Pause Young (Allocation Failure) 636M->402M(695M) 5.043ms
[564.455s][info][gc,cpu         ] GC(1071) User=0.01s Sys=0.00s Real=0.00s
[565.074s][info][gc,start       ] GC(1072) Pause Young (Allocation Failure)
[565.078s][info][gc,heap        ] GC(1072) PSYoungGen: 286688K(295424K)->1695K(295936K) Eden: 286208K(286208K)->0K(286208K) From: 480K(9216K)->1695K(9728K)
[565.078s][info][gc,heap        ] GC(1072) ParOldGen: 411803K(416768K)->411883K(416768K)
[565.078s][info][gc,metaspace   ] GC(1072) Metaspace: 57806K(58112K)->57806K(58112K) NonClass: 52187K(52416K)->52187K(52416K) Class: 5619K(5696K)->5619K(5696K)
[565.078s][info][gc             ] GC(1072) Pause Young (Allocation Failure) 682M->403M(696M) 4.390ms
[565.079s][info][gc,cpu         ] GC(1072) User=0.01s Sys=0.00s Real=0.00s
[565.681s][info][gc,start       ] GC(1073) Pause Young (Allocation Failure)
[565.688s][info][gc,heap        ] GC(1073) PSYoungGen: 287903K(295936K)->2208K(323072K) Eden: 286208K(286208K)->0K(314880K) From: 1695K(9728K)->2208K(8192K)
[565.688s][info][gc,heap        ] GC(1073) ParOldGen: 411883K(416768K)->411899K(416768K)
[565.688s][info][gc,metaspace   ] GC(1073) Metaspace: 57806K(58112K)->57806K(58112K) NonClass: 52187K(52416K)->52187K(52416K) Class: 5619K(5696K)->5619K(5696K)
[565.688s][info][gc             ] GC(1073) Pause Young (Allocation Failure) 683M->404M(722M) 7.327ms
[565.688s][info][gc,cpu         ] GC(1073) User=0.01s Sys=0.00s Real=0.00s
[566.407s][info][gc,start       ] GC(1074) Pause Young (Allocation Failure)
[566.411s][info][gc,heap        ] GC(1074) PSYoungGen: 317088K(323072K)->1854K(323584K) Eden: 314880K(314880K)->0K(314880K) From: 2208K(8192K)->1854K(8704K)
[566.411s][info][gc,heap        ] GC(1074) ParOldGen: 411899K(416768K)->411915K(416768K)
[566.411s][info][gc,metaspace   ] GC(1074) Metaspace: 57806K(58112K)->57806K(58112K) NonClass: 52187K(52416K)->52187K(52416K) Class: 5619K(5696K)->5619K(5696K)
[566.411s][info][gc             ] GC(1074) Pause Young (Allocation Failure) 711M->404M(723M) 4.114ms
[566.411s][info][gc,cpu         ] GC(1074) User=0.01s Sys=0.00s Real=0.01s
[567.117s][info][gc,start       ] GC(1075) Pause Young (Allocation Failure)
[567.118s][info][gc,heap        ] GC(1075) PSYoungGen: 316734K(323584K)->64K(324096K) Eden: 314880K(314880K)->0K(316416K) From: 1854K(8704K)->64K(7680K)
[567.118s][info][gc,heap        ] GC(1075) ParOldGen: 411915K(416768K)->411931K(416768K)
[567.118s][info][gc,metaspace   ] GC(1075) Metaspace: 57806K(58112K)->57806K(58112K) NonClass: 52187K(52416K)->52187K(52416K) Class: 5619K(5696K)->5619K(5696K)
[567.118s][info][gc             ] GC(1075) Pause Young (Allocation Failure) 711M->402M(723M) 1.817ms
[567.118s][info][gc,cpu         ] GC(1075) User=0.01s Sys=0.00s Real=0.00s
[567.851s][info][gc,start       ] GC(1076) Pause Young (Allocation Failure)
[567.854s][info][gc,heap        ] GC(1076) PSYoungGen: 316480K(324096K)->895K(304640K) Eden: 316416K(316416K)->0K(303616K) From: 64K(7680K)->895K(1024K)
[567.854s][info][gc,heap        ] GC(1076) ParOldGen: 411931K(416768K)->411947K(416768K)
[567.854s][info][gc,metaspace   ] GC(1076) Metaspace: 57806K(58112K)->57806K(58112K) NonClass: 52187K(52416K)->52187K(52416K) Class: 5619K(5696K)->5619K(5696K)
[567.854s][info][gc             ] GC(1076) Pause Young (Allocation Failure) 711M->403M(704M) 2.886ms
[567.854s][info][gc,cpu         ] GC(1076) User=0.00s Sys=0.00s Real=0.00s
[568.491s][info][gc,start       ] GC(1077) Pause Young (Allocation Failure)
[568.495s][info][gc,heap        ] GC(1077) PSYoungGen: 304201K(304640K)->1440K(293376K) Eden: 303306K(303616K)->0K(291840K) From: 895K(1024K)->1440K(1536K)
[568.495s][info][gc,heap        ] GC(1077) ParOldGen: 411947K(416768K)->411963K(416768K)
[568.495s][info][gc,metaspace   ] GC(1077) Metaspace: 57806K(58112K)->57806K(58112K) NonClass: 52187K(52416K)->52187K(52416K) Class: 5619K(5696K)->5619K(5696K)
[568.495s][info][gc             ] GC(1077) Pause Young (Allocation Failure) 699M->403M(693M) 4.154ms
[568.495s][info][gc,cpu         ] GC(1077) User=0.01s Sys=0.00s Real=0.00s
[569.167s][info][gc,start       ] GC(1078) Pause Young (Allocation Failure)
[569.173s][info][gc,heap        ] GC(1078) PSYoungGen: 293159K(293376K)->2304K(283136K) Eden: 291719K(291840K)->0K(280576K) From: 1440K(1536K)->2304K(2560K)
[569.173s][info][gc,heap        ] GC(1078) ParOldGen: 411963K(416768K)->411979K(416768K)
[569.173s][info][gc,metaspace   ] GC(1078) Metaspace: 57806K(58112K)->57806K(58112K) NonClass: 52187K(52416K)->52187K(52416K) Class: 5619K(5696K)->5619K(5696K)
[569.173s][info][gc             ] GC(1078) Pause Young (Allocation Failure) 688M->404M(683M) 6.121ms
[569.173s][info][gc,cpu         ] GC(1078) User=0.01s Sys=0.00s Real=0.01s
[569.784s][info][gc,start       ] GC(1079) Pause Young (Allocation Failure)
[569.789s][info][gc,heap        ] GC(1079) PSYoungGen: 282880K(283136K)->2751K(272896K) Eden: 280576K(280576K)->0K(269824K) From: 2304K(2560K)->2751K(3072K)
[569.789s][info][gc,heap        ] GC(1079) ParOldGen: 411979K(416768K)->411995K(416768K)
[569.789s][info][gc,metaspace   ] GC(1079) Metaspace: 57806K(58112K)->57806K(58112K) NonClass: 52187K(52416K)->52187K(52416K) Class: 5619K(5696K)->5619K(5696K)
[569.789s][info][gc             ] GC(1079) Pause Young (Allocation Failure) 678M->405M(673M) 5.039ms
[569.789s][info][gc,cpu         ] GC(1079) User=0.01s Sys=0.00s Real=0.01s
[570.386s][info][gc,start       ] GC(1080) Pause Young (Allocation Failure)
[570.391s][info][gc,heap        ] GC(1080) PSYoungGen: 272575K(272896K)->1984K(261632K) Eden: 269824K(269824K)->0K(259584K) From: 2751K(3072K)->1984K(2048K)
[570.391s][info][gc,heap        ] GC(1080) ParOldGen: 411995K(416768K)->412011K(416768K)
[570.391s][info][gc,metaspace   ] GC(1080) Metaspace: 57806K(58112K)->57806K(58112K) NonClass: 52187K(52416K)->52187K(52416K) Class: 5619K(5696K)->5619K(5696K)
[570.391s][info][gc             ] GC(1080) Pause Young (Allocation Failure) 668M->404M(662M) 5.002ms
[570.391s][info][gc,cpu         ] GC(1080) User=0.01s Sys=0.00s Real=0.01s
[570.984s][info][gc,start       ] GC(1081) Pause Young (Allocation Failure)
[570.988s][info][gc,heap        ] GC(1081) PSYoungGen: 261568K(261632K)->1535K(251392K) Eden: 259584K(259584K)->0K(249856K) From: 1984K(2048K)->1535K(1536K)
[570.988s][info][gc,heap        ] GC(1081) ParOldGen: 412011K(416768K)->412027K(416768K)
[570.988s][info][gc,metaspace   ] GC(1081) Metaspace: 57806K(58112K)->57806K(58112K) NonClass: 52187K(52416K)->52187K(52416K) Class: 5619K(5696K)->5619K(5696K)
[570.988s][info][gc             ] GC(1081) Pause Young (Allocation Failure) 657M->403M(652M) 3.580ms
[570.988s][info][gc,cpu         ] GC(1081) User=0.00s Sys=0.00s Real=0.00s
[571.564s][info][gc,start       ] GC(1082) Pause Young (Allocation Failure)
[571.567s][info][gc,heap        ] GC(1082) PSYoungGen: 251391K(251392K)->1184K(242176K) Eden: 249856K(249856K)->0K(240640K) From: 1535K(1536K)->1184K(1536K)
[571.567s][info][gc,heap        ] GC(1082) ParOldGen: 412027K(416768K)->412043K(416768K)
[571.567s][info][gc,metaspace   ] GC(1082) Metaspace: 57806K(58112K)->57806K(58112K) NonClass: 52187K(52416K)->52187K(52416K) Class: 5619K(5696K)->5619K(5696K)
[571.567s][info][gc             ] GC(1082) Pause Young (Allocation Failure) 647M->403M(643M) 3.331ms
[571.567s][info][gc,cpu         ] GC(1082) User=0.00s Sys=0.00s Real=0.00s
[572.087s][info][gc,start       ] GC(1083) Pause Young (Allocation Failure)
[572.091s][info][gc,heap        ] GC(1083) PSYoungGen: 241824K(242176K)->1728K(233472K) Eden: 240640K(240640K)->0K(231424K) From: 1184K(1536K)->1728K(2048K)
[572.091s][info][gc,heap        ] GC(1083) ParOldGen: 412043K(416768K)->412059K(416768K)
[572.091s][info][gc,metaspace   ] GC(1083) Metaspace: 57806K(58112K)->57806K(58112K) NonClass: 52187K(52416K)->52187K(52416K) Class: 5619K(5696K)->5619K(5696K)
[572.091s][info][gc             ] GC(1083) Pause Young (Allocation Failure) 638M->404M(635M) 4.044ms
[572.091s][info][gc,cpu         ] GC(1083) User=0.00s Sys=0.00s Real=0.01s
[572.649s][info][gc,start       ] GC(1084) Pause Young (Allocation Failure)
[572.652s][info][gc,heap        ] GC(1084) PSYoungGen: 233152K(233472K)->720K(223744K) Eden: 231424K(231424K)->0K(222720K) From: 1728K(2048K)->720K(1024K)
[572.652s][info][gc,heap        ] GC(1084) ParOldGen: 412059K(416768K)->412075K(416768K)
[572.652s][info][gc,metaspace   ] GC(1084) Metaspace: 57806K(58112K)->57806K(58112K) NonClass: 52187K(52416K)->52187K(52416K) Class: 5619K(5696K)->5619K(5696K)
[572.652s][info][gc             ] GC(1084) Pause Young (Allocation Failure) 630M->403M(625M) 2.625ms
[572.652s][info][gc,cpu         ] GC(1084) User=0.00s Sys=0.00s Real=0.00s
[573.102s][info][gc,start       ] GC(1085) Pause Young (Allocation Failure)
[573.105s][info][gc,heap        ] GC(1085) PSYoungGen: 223366K(223744K)->480K(215040K) Eden: 222645K(222720K)->0K(214528K) From: 720K(1024K)->480K(512K)
[573.105s][info][gc,heap        ] GC(1085) ParOldGen: 412075K(416768K)->412091K(416768K)
[573.105s][info][gc,metaspace   ] GC(1085) Metaspace: 57806K(58112K)->57806K(58112K) NonClass: 52187K(52416K)->52187K(52416K) Class: 5619K(5696K)->5619K(5696K)
[573.105s][info][gc             ] GC(1085) Pause Young (Allocation Failure) 620M->402M(617M) 2.716ms
[573.105s][info][gc,cpu         ] GC(1085) User=0.00s Sys=0.00s Real=0.00s
[573.581s][info][gc,start       ] GC(1086) Pause Young (Allocation Failure)
[573.585s][info][gc,heap        ] GC(1086) PSYoungGen: 215008K(215040K)->1664K(212480K) Eden: 214528K(214528K)->0K(206848K) From: 480K(512K)->1664K(5632K)
[573.585s][info][gc,heap        ] GC(1086) ParOldGen: 412091K(416768K)->412107K(416768K)
[573.585s][info][gc,metaspace   ] GC(1086) Metaspace: 57806K(58112K)->57806K(58112K) NonClass: 52187K(52416K)->52187K(52416K) Class: 5619K(5696K)->5619K(5696K)
[573.585s][info][gc             ] GC(1086) Pause Young (Allocation Failure) 612M->404M(614M) 3.711ms
[573.585s][info][gc,cpu         ] GC(1086) User=0.01s Sys=0.00s Real=0.00s
[574.069s][info][gc,start       ] GC(1087) Pause Young (Allocation Failure)
[574.073s][info][gc,heap        ] GC(1087) PSYoungGen: 208210K(212480K)->2336K(202240K) Eden: 206546K(206848K)->0K(199680K) From: 1664K(5632K)->2336K(2560K)
[574.073s][info][gc,heap        ] GC(1087) ParOldGen: 412107K(416768K)->412123K(416768K)
[574.073s][info][gc,metaspace   ] GC(1087) Metaspace: 57806K(58112K)->57806K(58112K) NonClass: 52187K(52416K)->52187K(52416K) Class: 5619K(5696K)->5619K(5696K)
[574.073s][info][gc             ] GC(1087) Pause Young (Allocation Failure) 605M->404M(604M) 4.727ms
[574.073s][info][gc,cpu         ] GC(1087) User=0.00s Sys=0.01s Real=0.01s
[574.498s][info][gc,start       ] GC(1088) Pause Young (Allocation Failure)
[574.500s][info][gc,heap        ] GC(1088) PSYoungGen: 201884K(202240K)->416K(193024K) Eden: 199548K(199680K)->0K(192512K) From: 2336K(2560K)->416K(512K)
[574.500s][info][gc,heap        ] GC(1088) ParOldGen: 412123K(416768K)->412139K(416768K)
[574.500s][info][gc,metaspace   ] GC(1088) Metaspace: 57806K(58112K)->57806K(58112K) NonClass: 52187K(52416K)->52187K(52416K) Class: 5619K(5696K)->5619K(5696K)
[574.500s][info][gc             ] GC(1088) Pause Young (Allocation Failure) 599M->402M(595M) 2.404ms
[574.500s][info][gc,cpu         ] GC(1088) User=0.00s Sys=0.00s Real=0.01s
[574.957s][info][gc,start       ] GC(1089) Pause Young (Allocation Failure)
[574.960s][info][gc,heap        ] GC(1089) PSYoungGen: 192928K(193024K)->1152K(187392K) Eden: 192512K(192512K)->0K(185856K) From: 416K(512K)->1152K(1536K)
[574.960s][info][gc,heap        ] GC(1089) ParOldGen: 412139K(416768K)->412155K(416768K)
[574.960s][info][gc,metaspace   ] GC(1089) Metaspace: 57806K(58112K)->57806K(58112K) NonClass: 52187K(52416K)->52187K(52416K) Class: 5619K(5696K)->5619K(5696K)
[574.960s][info][gc             ] GC(1089) Pause Young (Allocation Failure) 590M->403M(590M) 3.344ms
[574.960s][info][gc,cpu         ] GC(1089) User=0.01s Sys=0.00s Real=0.01s
[575.469s][info][gc,start       ] GC(1090) Pause Young (Allocation Failure)
[575.473s][info][gc,heap        ] GC(1090) PSYoungGen: 187008K(187392K)->2143K(181760K) Eden: 185856K(185856K)->0K(179200K) From: 1152K(1536K)->2143K(2560K)
[575.473s][info][gc,heap        ] GC(1090) ParOldGen: 412155K(416768K)->412171K(416768K)
[575.473s][info][gc,metaspace   ] GC(1090) Metaspace: 57806K(58112K)->57806K(58112K) NonClass: 52187K(52416K)->52187K(52416K) Class: 5619K(5696K)->5619K(5696K)
[575.473s][info][gc             ] GC(1090) Pause Young (Allocation Failure) 585M->404M(584M) 4.287ms
[575.473s][info][gc,cpu         ] GC(1090) User=0.00s Sys=0.00s Real=0.00s
[575.870s][info][gc,start       ] GC(1091) Pause Young (Allocation Failure)
[575.875s][info][gc,heap        ] GC(1091) PSYoungGen: 181343K(181760K)->3103K(176640K) Eden: 179200K(179200K)->0K(173056K) From: 2143K(2560K)->3103K(3584K)
[575.875s][info][gc,heap        ] GC(1091) ParOldGen: 412171K(416768K)->412187K(416768K)
[575.875s][info][gc,metaspace   ] GC(1091) Metaspace: 57806K(58112K)->57806K(58112K) NonClass: 52187K(52416K)->52187K(52416K) Class: 5619K(5696K)->5619K(5696K)
[575.876s][info][gc             ] GC(1091) Pause Young (Allocation Failure) 579M->405M(579M) 5.220ms
[575.876s][info][gc,cpu         ] GC(1091) User=0.01s Sys=0.00s Real=0.00s
[576.266s][info][gc,start       ] GC(1092) Pause Young (Allocation Failure)
[576.270s][info][gc,heap        ] GC(1092) PSYoungGen: 176159K(176640K)->2048K(169472K) Eden: 173056K(173056K)->0K(167424K) From: 3103K(3584K)->2048K(2048K)
[576.271s][info][gc,heap        ] GC(1092) ParOldGen: 412187K(416768K)->412203K(416768K)
[576.271s][info][gc,metaspace   ] GC(1092) Metaspace: 57806K(58112K)->57806K(58112K) NonClass: 52187K(52416K)->52187K(52416K) Class: 5619K(5696K)->5619K(5696K)
[576.271s][info][gc             ] GC(1092) Pause Young (Allocation Failure) 574M->404M(572M) 4.265ms
[576.271s][info][gc,cpu         ] GC(1092) User=0.01s Sys=0.00s Real=0.01s
[576.658s][info][gc,start       ] GC(1093) Pause Young (Allocation Failure)
[576.661s][info][gc,heap        ] GC(1093) PSYoungGen: 169165K(169472K)->1536K(163328K) Eden: 167117K(167424K)->0K(161792K) From: 2048K(2048K)->1536K(1536K)
[576.661s][info][gc,heap        ] GC(1093) ParOldGen: 412203K(416768K)->412219K(416768K)
[576.661s][info][gc,metaspace   ] GC(1093) Metaspace: 57806K(58112K)->57806K(58112K) NonClass: 52187K(52416K)->52187K(52416K) Class: 5619K(5696K)->5619K(5696K)
[576.661s][info][gc             ] GC(1093) Pause Young (Allocation Failure) 567M->404M(566M) 3.692ms
[576.661s][info][gc,cpu         ] GC(1093) User=0.00s Sys=0.00s Real=0.01s
[576.988s][info][gc,start       ] GC(1094) Pause Young (Allocation Failure)
[576.991s][info][gc,heap        ] GC(1094) PSYoungGen: 163091K(163328K)->1472K(158208K) Eden: 161555K(161792K)->0K(156672K) From: 1536K(1536K)->1472K(1536K)
[576.991s][info][gc,heap        ] GC(1094) ParOldGen: 412219K(416768K)->412235K(416768K)
[576.991s][info][gc,metaspace   ] GC(1094) Metaspace: 57806K(58112K)->57806K(58112K) NonClass: 52187K(52416K)->52187K(52416K) Class: 5619K(5696K)->5619K(5696K)
[576.991s][info][gc             ] GC(1094) Pause Young (Allocation Failure) 561M->404M(561M) 3.572ms
[576.991s][info][gc,cpu         ] GC(1094) User=0.01s Sys=0.00s Real=0.01s
[577.365s][info][gc,start       ] GC(1095) Pause Young (Allocation Failure)
[577.370s][info][gc,heap        ] GC(1095) PSYoungGen: 158144K(158208K)->2336K(189440K) Eden: 156672K(156672K)->0K(186880K) From: 1472K(1536K)->2336K(2560K)
[577.370s][info][gc,heap        ] GC(1095) ParOldGen: 412235K(416768K)->412251K(416768K)
[577.370s][info][gc,metaspace   ] GC(1095) Metaspace: 57806K(58112K)->57806K(58112K) NonClass: 52187K(52416K)->52187K(52416K) Class: 5619K(5696K)->5619K(5696K)
[577.370s][info][gc             ] GC(1095) Pause Young (Allocation Failure) 557M->404M(592M) 4.974ms
[577.370s][info][gc,cpu         ] GC(1095) User=0.00s Sys=0.00s Real=0.01s
[577.777s][info][gc,start       ] GC(1096) Pause Young (Allocation Failure)
[577.782s][info][gc,heap        ] GC(1096) PSYoungGen: 189216K(189440K)->2943K(225280K) Eden: 186880K(186880K)->0K(222208K) From: 2336K(2560K)->2943K(3072K)
[577.782s][info][gc,heap        ] GC(1096) ParOldGen: 412251K(416768K)->412267K(416768K)
[577.782s][info][gc,metaspace   ] GC(1096) Metaspace: 57806K(58112K)->57806K(58112K) NonClass: 52187K(52416K)->52187K(52416K) Class: 5619K(5696K)->5619K(5696K)
[577.782s][info][gc             ] GC(1096) Pause Young (Allocation Failure) 587M->405M(627M) 5.673ms
[577.783s][info][gc,cpu         ] GC(1096) User=0.01s Sys=0.00s Real=0.01s
[578.272s][info][gc,start       ] GC(1097) Pause Young (Allocation Failure)
[578.277s][info][gc,heap        ] GC(1097) PSYoungGen: 225151K(225280K)->3071K(267776K) Eden: 222208K(222208K)->0K(264704K) From: 2943K(3072K)->3071K(3072K)
[578.277s][info][gc,heap        ] GC(1097) ParOldGen: 412267K(416768K)->412451K(416768K)
[578.277s][info][gc,metaspace   ] GC(1097) Metaspace: 57806K(58112K)->57806K(58112K) NonClass: 52187K(52416K)->52187K(52416K) Class: 5619K(5696K)->5619K(5696K)
[578.277s][info][gc             ] GC(1097) Pause Young (Allocation Failure) 622M->405M(668M) 5.392ms
[578.277s][info][gc,cpu         ] GC(1097) User=0.01s Sys=0.00s Real=0.00s
[578.874s][info][gc,start       ] GC(1098) Pause Young (Allocation Failure)
[578.880s][info][gc,heap        ] GC(1098) PSYoungGen: 267556K(267776K)->2752K(269312K) Eden: 264485K(264704K)->0K(264704K) From: 3071K(3072K)->2752K(4608K)
[578.880s][info][gc,heap        ] GC(1098) ParOldGen: 412451K(416768K)->412739K(416768K)
[578.880s][info][gc,metaspace   ] GC(1098) Metaspace: 57806K(58112K)->57806K(58112K) NonClass: 52187K(52416K)->52187K(52416K) Class: 5619K(5696K)->5619K(5696K)
[578.880s][info][gc             ] GC(1098) Pause Young (Allocation Failure) 664M->405M(670M) 5.959ms
[578.880s][info][gc,cpu         ] GC(1098) User=0.01s Sys=0.00s Real=0.01s
[579.465s][info][gc,start       ] GC(1099) Pause Young (Allocation Failure)
[579.470s][info][gc,heap        ] GC(1099) PSYoungGen: 267456K(269312K)->2495K(319488K) Eden: 264704K(264704K)->0K(314880K) From: 2752K(4608K)->2495K(4608K)
[579.470s][info][gc,heap        ] GC(1099) ParOldGen: 412739K(416768K)->412811K(416768K)
[579.470s][info][gc,metaspace   ] GC(1099) Metaspace: 57806K(58112K)->57806K(58112K) NonClass: 52187K(52416K)->52187K(52416K) Class: 5619K(5696K)->5619K(5696K)
[579.470s][info][gc             ] GC(1099) Pause Young (Allocation Failure) 664M->405M(719M) 5.606ms
[579.471s][info][gc,cpu         ] GC(1099) User=0.01s Sys=0.00s Real=0.01s
[580.187s][info][gc,start       ] GC(1100) Pause Young (Allocation Failure)
[580.192s][info][gc,heap        ] GC(1100) PSYoungGen: 317375K(319488K)->2110K(304640K) Eden: 314880K(314880K)->0K(302080K) From: 2495K(4608K)->2110K(2560K)
[580.192s][info][gc,heap        ] GC(1100) ParOldGen: 412811K(416768K)->412827K(416768K)
[580.192s][info][gc,metaspace   ] GC(1100) Metaspace: 57806K(58112K)->57806K(58112K) NonClass: 52187K(52416K)->52187K(52416K) Class: 5619K(5696K)->5619K(5696K)
[580.192s][info][gc             ] GC(1100) Pause Young (Allocation Failure) 713M->405M(704M) 4.749ms
[580.192s][info][gc,cpu         ] GC(1100) User=0.01s Sys=0.00s Real=0.01s
[580.881s][info][gc,start       ] GC(1101) Pause Young (Allocation Failure)
[580.884s][info][gc,heap        ] GC(1101) PSYoungGen: 304190K(304640K)->1630K(292352K) Eden: 302080K(302080K)->0K(290304K) From: 2110K(2560K)->1630K(2048K)
[580.884s][info][gc,heap        ] GC(1101) ParOldGen: 412827K(416768K)->412843K(416768K)
[580.884s][info][gc,metaspace   ] GC(1101) Metaspace: 57806K(58112K)->57806K(58112K) NonClass: 52187K(52416K)->52187K(52416K) Class: 5619K(5696K)->5619K(5696K)
[580.884s][info][gc             ] GC(1101) Pause Young (Allocation Failure) 700M->404M(692M) 3.810ms
[580.884s][info][gc,cpu         ] GC(1101) User=0.01s Sys=0.00s Real=0.00s
[581.550s][info][gc,start       ] GC(1102) Pause Young (Allocation Failure)
[581.552s][info][gc,heap        ] GC(1102) PSYoungGen: 291934K(292352K)->506K(279552K) Eden: 290304K(290304K)->0K(279040K) From: 1630K(2048K)->506K(512K)
[581.552s][info][gc,heap        ] GC(1102) ParOldGen: 412843K(416768K)->412859K(416768K)
[581.552s][info][gc,metaspace   ] GC(1102) Metaspace: 57806K(58112K)->57806K(58112K) NonClass: 52187K(52416K)->52187K(52416K) Class: 5619K(5696K)->5619K(5696K)
[581.552s][info][gc             ] GC(1102) Pause Young (Allocation Failure) 688M->403M(680M) 2.552ms
[581.552s][info][gc,cpu         ] GC(1102) User=0.00s Sys=0.00s Real=0.00s
[582.164s][info][gc,start       ] GC(1103) Pause Young (Allocation Failure)
[582.169s][info][gc,heap        ] GC(1103) PSYoungGen: 279546K(279552K)->2144K(270848K) Eden: 279040K(279040K)->0K(268288K) From: 506K(512K)->2144K(2560K)
[582.169s][info][gc,heap        ] GC(1103) ParOldGen: 412859K(416768K)->412875K(416768K)
[582.169s][info][gc,metaspace   ] GC(1103) Metaspace: 57806K(58112K)->57806K(58112K) NonClass: 52187K(52416K)->52187K(52416K) Class: 5619K(5696K)->5619K(5696K)
[582.169s][info][gc             ] GC(1103) Pause Young (Allocation Failure) 676M->405M(671M) 5.080ms
[582.169s][info][gc,cpu         ] GC(1103) User=0.01s Sys=0.00s Real=0.01s
[582.760s][info][gc,start       ] GC(1104) Pause Young (Allocation Failure)
[582.764s][info][gc,heap        ] GC(1104) PSYoungGen: 270432K(270848K)->1983K(260096K) Eden: 268288K(268288K)->0K(258048K) From: 2144K(2560K)->1983K(2048K)
[582.764s][info][gc,heap        ] GC(1104) ParOldGen: 412875K(416768K)->412891K(416768K)
[582.764s][info][gc,metaspace   ] GC(1104) Metaspace: 57806K(58112K)->57806K(58112K) NonClass: 52187K(52416K)->52187K(52416K) Class: 5619K(5696K)->5619K(5696K)
[582.764s][info][gc             ] GC(1104) Pause Young (Allocation Failure) 667M->405M(661M) 4.050ms
[582.764s][info][gc,cpu         ] GC(1104) User=0.01s Sys=0.01s Real=0.00s
[583.352s][info][gc,start       ] GC(1105) Pause Young (Allocation Failure)
[583.355s][info][gc,heap        ] GC(1105) PSYoungGen: 260031K(260096K)->1056K(249856K) Eden: 258048K(258048K)->0K(248320K) From: 1983K(2048K)->1056K(1536K)
[583.355s][info][gc,heap        ] GC(1105) ParOldGen: 412891K(416768K)->412907K(416768K)
[583.355s][info][gc,metaspace   ] GC(1105) Metaspace: 57806K(58112K)->57806K(58112K) NonClass: 52187K(52416K)->52187K(52416K) Class: 5619K(5696K)->5619K(5696K)
[583.355s][info][gc             ] GC(1105) Pause Young (Allocation Failure) 657M->404M(651M) 3.053ms
[583.355s][info][gc,cpu         ] GC(1105) User=0.01s Sys=0.01s Real=0.00s
[583.878s][info][gc,start       ] GC(1106) Pause Young (Allocation Failure)
[583.884s][info][gc,heap        ] GC(1106) PSYoungGen: 249376K(249856K)->3295K(242688K) Eden: 248320K(248320K)->0K(239104K) From: 1056K(1536K)->3295K(3584K)
[583.884s][info][gc,heap        ] GC(1106) ParOldGen: 412907K(416768K)->412923K(416768K)
[583.884s][info][gc,metaspace   ] GC(1106) Metaspace: 57806K(58112K)->57806K(58112K) NonClass: 52187K(52416K)->52187K(52416K) Class: 5619K(5696K)->5619K(5696K)
[583.884s][info][gc             ] GC(1106) Pause Young (Allocation Failure) 646M->406M(644M) 5.532ms
[583.884s][info][gc,cpu         ] GC(1106) User=0.01s Sys=0.00s Real=0.01s
[584.454s][info][gc,start       ] GC(1107) Pause Young (Allocation Failure)
[584.458s][info][gc,heap        ] GC(1107) PSYoungGen: 242399K(242688K)->1152K(231936K) Eden: 239104K(239104K)->0K(230400K) From: 3295K(3584K)->1152K(1536K)
[584.458s][info][gc,heap        ] GC(1107) ParOldGen: 412923K(416768K)->412939K(416768K)
[584.458s][info][gc,metaspace   ] GC(1107) Metaspace: 57806K(58112K)->57806K(58112K) NonClass: 52187K(52416K)->52187K(52416K) Class: 5619K(5696K)->5619K(5696K)
[584.458s][info][gc             ] GC(1107) Pause Young (Allocation Failure) 639M->404M(633M) 4.047ms
[584.458s][info][gc,cpu         ] GC(1107) User=0.01s Sys=0.00s Real=0.00s
[584.963s][info][gc,start       ] GC(1108) Pause Young (Allocation Failure)
[584.967s][info][gc,heap        ] GC(1108) PSYoungGen: 231552K(231936K)->1887K(223744K) Eden: 230400K(230400K)->0K(221696K) From: 1152K(1536K)->1887K(2048K)
[584.967s][info][gc,heap        ] GC(1108) ParOldGen: 412939K(416768K)->412955K(416768K)
[584.967s][info][gc,metaspace   ] GC(1108) Metaspace: 57806K(58112K)->57806K(58112K) NonClass: 52187K(52416K)->52187K(52416K) Class: 5619K(5696K)->5619K(5696K)
[584.967s][info][gc             ] GC(1108) Pause Young (Allocation Failure) 629M->405M(625M) 3.784ms
[584.967s][info][gc,cpu         ] GC(1108) User=0.01s Sys=0.00s Real=0.00s
[585.465s][info][gc,start       ] GC(1109) Pause Young (Allocation Failure)
[585.470s][info][gc,heap        ] GC(1109) PSYoungGen: 223583K(223744K)->2271K(216064K) Eden: 221696K(221696K)->0K(213504K) From: 1887K(2048K)->2271K(2560K)
[585.470s][info][gc,heap        ] GC(1109) ParOldGen: 412955K(416768K)->412971K(416768K)
[585.470s][info][gc,metaspace   ] GC(1109) Metaspace: 57806K(58112K)->57806K(58112K) NonClass: 52187K(52416K)->52187K(52416K) Class: 5619K(5696K)->5619K(5696K)
[585.470s][info][gc             ] GC(1109) Pause Young (Allocation Failure) 621M->405M(618M) 4.192ms
[585.470s][info][gc,cpu         ] GC(1109) User=0.01s Sys=0.00s Real=0.01s
[585.955s][info][gc,start       ] GC(1110) Pause Young (Allocation Failure)
[585.957s][info][gc,heap        ] GC(1110) PSYoungGen: 215775K(216064K)->576K(206848K) Eden: 213504K(213504K)->0K(205824K) From: 2271K(2560K)->576K(1024K)
[585.957s][info][gc,heap        ] GC(1110) ParOldGen: 412971K(416768K)->412987K(416768K)
[585.957s][info][gc,metaspace   ] GC(1110) Metaspace: 57806K(58112K)->57806K(58112K) NonClass: 52187K(52416K)->52187K(52416K) Class: 5619K(5696K)->5619K(5696K)
[585.957s][info][gc             ] GC(1110) Pause Young (Allocation Failure) 614M->403M(609M) 2.604ms
[585.957s][info][gc,cpu         ] GC(1110) User=0.00s Sys=0.00s Real=0.00s
[586.384s][info][gc,start       ] GC(1111) Pause Young (Allocation Failure)
[586.388s][info][gc,heap        ] GC(1111) PSYoungGen: 206400K(206848K)->2335K(201216K) Eden: 205824K(205824K)->0K(198656K) From: 576K(1024K)->2335K(2560K)
[586.388s][info][gc,heap        ] GC(1111) ParOldGen: 412987K(416768K)->413003K(416768K)
[586.388s][info][gc,metaspace   ] GC(1111) Metaspace: 57806K(58112K)->57806K(58112K) NonClass: 52187K(52416K)->52187K(52416K) Class: 5619K(5696K)->5619K(5696K)
[586.389s][info][gc             ] GC(1111) Pause Young (Allocation Failure) 604M->405M(603M) 4.479ms
[586.389s][info][gc,cpu         ] GC(1111) User=0.01s Sys=0.00s Real=0.00s
[586.961s][info][gc,start       ] GC(1112) Pause Young (Allocation Failure)
[586.964s][info][gc,heap        ] GC(1112) PSYoungGen: 200991K(201216K)->1759K(193536K) Eden: 198656K(198656K)->0K(191488K) From: 2335K(2560K)->1759K(2048K)
[586.964s][info][gc,heap        ] GC(1112) ParOldGen: 413003K(416768K)->413019K(416768K)
[586.964s][info][gc,metaspace   ] GC(1112) Metaspace: 57806K(58112K)->57806K(58112K) NonClass: 52187K(52416K)->52187K(52416K) Class: 5619K(5696K)->5619K(5696K)
[586.964s][info][gc             ] GC(1112) Pause Young (Allocation Failure) 599M->405M(596M) 3.511ms
[586.965s][info][gc,cpu         ] GC(1112) User=0.00s Sys=0.00s Real=0.00s
[587.368s][info][gc,start       ] GC(1113) Pause Young (Allocation Failure)
[587.373s][info][gc,heap        ] GC(1113) PSYoungGen: 193247K(193536K)->2720K(187904K) Eden: 191488K(191488K)->0K(184832K) From: 1759K(2048K)->2720K(3072K)
[587.373s][info][gc,heap        ] GC(1113) ParOldGen: 413019K(416768K)->413035K(416768K)
[587.373s][info][gc,metaspace   ] GC(1113) Metaspace: 57806K(58112K)->57806K(58112K) NonClass: 52187K(52416K)->52187K(52416K) Class: 5619K(5696K)->5619K(5696K)
[587.373s][info][gc             ] GC(1113) Pause Young (Allocation Failure) 592M->406M(590M) 4.928ms
[587.373s][info][gc,cpu         ] GC(1113) User=0.00s Sys=0.00s Real=0.01s
[587.786s][info][gc,start       ] GC(1114) Pause Young (Allocation Failure)
[587.791s][info][gc,heap        ] GC(1114) PSYoungGen: 187552K(187904K)->2783K(181760K) Eden: 184832K(184832K)->0K(178688K) From: 2720K(3072K)->2783K(3072K)
[587.791s][info][gc,heap        ] GC(1114) ParOldGen: 413035K(416768K)->413051K(416768K)
[587.791s][info][gc,metaspace   ] GC(1114) Metaspace: 57806K(58112K)->57806K(58112K) NonClass: 52187K(52416K)->52187K(52416K) Class: 5619K(5696K)->5619K(5696K)
[587.791s][info][gc             ] GC(1114) Pause Young (Allocation Failure) 586M->406M(584M) 4.964ms
[587.791s][info][gc,cpu         ] GC(1114) User=0.01s Sys=0.00s Real=0.01s
[588.187s][info][gc,start       ] GC(1115) Pause Young (Allocation Failure)
[588.191s][info][gc,heap        ] GC(1115) PSYoungGen: 181415K(181760K)->2208K(175104K) Eden: 178632K(178688K)->0K(172544K) From: 2783K(3072K)->2208K(2560K)
[588.191s][info][gc,heap        ] GC(1115) ParOldGen: 413051K(416768K)->413067K(416768K)
[588.191s][info][gc,metaspace   ] GC(1115) Metaspace: 57806K(58112K)->57806K(58112K) NonClass: 52187K(52416K)->52187K(52416K) Class: 5619K(5696K)->5619K(5696K)
[588.191s][info][gc             ] GC(1115) Pause Young (Allocation Failure) 580M->405M(578M) 4.338ms
[588.191s][info][gc,cpu         ] GC(1115) User=0.00s Sys=0.00s Real=0.01s
[588.579s][info][gc,start       ] GC(1116) Pause Young (Allocation Failure)
[588.584s][info][gc,heap        ] GC(1116) PSYoungGen: 174752K(175104K)->3294K(208896K) Eden: 172544K(172544K)->0K(205312K) From: 2208K(2560K)->3294K(3584K)
[588.584s][info][gc,heap        ] GC(1116) ParOldGen: 413067K(416768K)->413083K(416768K)
[588.584s][info][gc,metaspace   ] GC(1116) Metaspace: 57806K(58112K)->57806K(58112K) NonClass: 52187K(52416K)->52187K(52416K) Class: 5619K(5696K)->5619K(5696K)
[588.584s][info][gc             ] GC(1116) Pause Young (Allocation Failure) 574M->406M(611M) 5.197ms
[588.584s][info][gc,cpu         ] GC(1116) User=0.00s Sys=0.00s Real=0.00s
[589.063s][info][gc,start       ] GC(1117) Pause Young (Allocation Failure)
[589.067s][info][gc,heap        ] GC(1117) PSYoungGen: 208606K(208896K)->2399K(246784K) Eden: 205312K(205312K)->0K(244224K) From: 3294K(3584K)->2399K(2560K)
[589.067s][info][gc,heap        ] GC(1117) ParOldGen: 413083K(416768K)->413099K(416768K)
[589.067s][info][gc,metaspace   ] GC(1117) Metaspace: 57806K(58112K)->57806K(58112K) NonClass: 52187K(52416K)->52187K(52416K) Class: 5619K(5696K)->5619K(5696K)
[589.067s][info][gc             ] GC(1117) Pause Young (Allocation Failure) 607M->405M(648M) 4.180ms
[589.067s][info][gc,cpu         ] GC(1117) User=0.01s Sys=0.00s Real=0.00s
[591.402s][info][gc,heap,exit   ] Heap
[591.402s][info][gc,heap,exit   ]  PSYoungGen      total 246784K, used 221494K [0x00000000eba00000, 0x00000000fd980000, 0x0000000100000000)
[591.402s][info][gc,heap,exit   ]   eden space 244224K, 89% used [0x00000000eba00000,0x00000000f8ff5c78,0x00000000fa880000)
[591.402s][info][gc,heap,exit   ]   from space 2560K, 93% used [0x00000000fd700000,0x00000000fd957d18,0x00000000fd980000)
[591.402s][info][gc,heap,exit   ]   to   space 4096K, 0% used [0x00000000fd180000,0x00000000fd180000,0x00000000fd580000)
[591.402s][info][gc,heap,exit   ]  ParOldGen       total 416768K, used 413099K [0x00000000c2e00000, 0x00000000dc500000, 0x00000000eba00000)
[591.402s][info][gc,heap,exit   ]   object space 416768K, 99% used [0x00000000c2e00000,0x00000000dc16ac60,0x00000000dc500000)
[591.402s][info][gc,heap,exit   ]  Metaspace       used 58356K, committed 58624K, reserved 1114112K
[591.402s][info][gc,heap,exit   ]   class space    used 5767K, committed 5824K, reserved 1048576K
