[0.003s][info][metaspace]  - commit_granule_bytes: 65536.
[0.003s][info][metaspace]  - commit_granule_words: 8192.
[0.003s][info][metaspace]  - virtual_space_node_default_size: 8388608.
[0.003s][info][metaspace]  - enlarge_chunks_in_place: 1.
[0.006s][info][gc,init  ] CardTable entry size: 512
[0.006s][info][gc       ] Using Parallel
[0.007s][info][gc,init  ] Version: 24-internal-adhoc.root.jdk (release)
[0.007s][info][gc,init  ] CPUs: 2 total, 2 available
[0.007s][info][gc,init  ] Memory: 3908M
[0.007s][info][gc,init  ] Large Page Support: Disabled
[0.007s][info][gc,init  ] NUMA Support: Disabled
[0.007s][info][gc,init  ] Compressed Oops: Enabled (32-bit)
[0.007s][info][gc,init  ] Alignments: Space 512K, Generation 512K, Heap 2M
[0.007s][info][gc,init  ] Heap Min Capacity: 256M
[0.007s][info][gc,init  ] Heap Initial Capacity: 256M
[0.007s][info][gc,init  ] Heap Max Capacity: 978M
[0.007s][info][gc,init  ] Pre-touch: Disabled
[0.007s][info][gc,init  ] Parallel Workers: 2
[0.029s][info][gc,metaspace] CDS archive(s) mapped at: [0x00007f8391000000-0x00007f8391dc0000-0x00007f8391dc0000), size 14417920, SharedBaseAddress: 0x00007f8391000000, ArchiveRelocationMode: 1.
[0.029s][info][gc,metaspace] Compressed class space mapped at: 0x00007f8392000000-0x00007f83d2000000, reserved size: 1073741824
[0.029s][info][gc,metaspace] UseCompressedClassPointers 1, UseCompactObjectHeaders 0
[0.029s][info][gc,metaspace] Narrow klass pointer bits 32, Max shift 3
[0.029s][info][gc,metaspace] Narrow klass base: 0x00007f8391000000, Narrow klass shift: 0
[0.029s][info][gc,metaspace] Encoding Range: [0x00007f8391000000 - 0x00007f8491000000), (4294967296 bytes)
[0.029s][info][gc,metaspace] Klass Range:    [0x00007f8391000000 - 0x00007f83d2000000), (1090519040 bytes)
[0.029s][info][gc,metaspace] Klass ID Range:  [8 - 1090519033) (1090519025)
[0.793s][info][gc,start    ] GC(0) Pause Young (Allocation Failure)
[0.800s][info][gc,heap     ] GC(0) PSYoungGen: 65536K(76288K)->3239K(76288K) Eden: 65536K(65536K)->0K(65536K) From: 0K(10752K)->3239K(10752K)
[0.800s][info][gc,heap     ] GC(0) ParOldGen: 1157K(175104K)->1165K(175104K)
[0.800s][info][gc,metaspace] GC(0) Metaspace: 6252K(6400K)->6252K(6400K) NonClass: 5717K(5824K)->5717K(5824K) Class: 534K(576K)->534K(576K)
[0.800s][info][gc          ] GC(0) Pause Young (Allocation Failure) 65M->4M(245M) 7.848ms
[0.800s][info][gc,cpu      ] GC(0) User=0.01s Sys=0.01s Real=0.01s
[1.153s][info][gc,start    ] GC(1) Pause Young (Allocation Failure)
[1.158s][info][gc,heap     ] GC(1) PSYoungGen: 68682K(76288K)->3686K(76288K) Eden: 65443K(65536K)->0K(65536K) From: 3239K(10752K)->3686K(10752K)
[1.158s][info][gc,heap     ] GC(1) ParOldGen: 1165K(175104K)->1245K(175104K)
[1.158s][info][gc,metaspace] GC(1) Metaspace: 6683K(6784K)->6683K(6784K) NonClass: 6086K(6144K)->6086K(6144K) Class: 597K(640K)->597K(640K)
[1.158s][info][gc          ] GC(1) Pause Young (Allocation Failure) 68M->4M(245M) 5.478ms
[1.158s][info][gc,cpu      ] GC(1) User=0.01s Sys=0.00s Real=0.01s
[1.424s][info][gc,start    ] GC(2) Pause Young (Allocation Failure)
[1.428s][info][gc,heap     ] GC(2) PSYoungGen: 69222K(76288K)->3594K(76288K) Eden: 65536K(65536K)->0K(65536K) From: 3686K(10752K)->3594K(10752K)
[1.428s][info][gc,heap     ] GC(2) ParOldGen: 1245K(175104K)->1253K(175104K)
[1.428s][info][gc,metaspace] GC(2) Metaspace: 7400K(7552K)->7400K(7552K) NonClass: 6636K(6720K)->6636K(6720K) Class: 763K(832K)->763K(832K)
[1.428s][info][gc          ] GC(2) Pause Young (Allocation Failure) 68M->4M(245M) 4.397ms
[1.428s][info][gc,cpu      ] GC(2) User=0.01s Sys=0.01s Real=0.00s
[1.711s][info][gc,start    ] GC(3) Pause Young (Allocation Failure)
[1.721s][info][gc,heap     ] GC(3) PSYoungGen: 69130K(76288K)->4599K(141824K) Eden: 65536K(65536K)->0K(131072K) From: 3594K(10752K)->4599K(10752K)
[1.721s][info][gc,heap     ] GC(3) ParOldGen: 1253K(175104K)->1261K(175104K)
[1.721s][info][gc,metaspace] GC(3) Metaspace: 7708K(7872K)->7708K(7872K) NonClass: 6880K(6976K)->6880K(6976K) Class: 828K(896K)->828K(896K)
[1.721s][info][gc          ] GC(3) Pause Young (Allocation Failure) 68M->5M(309M) 9.999ms
[1.721s][info][gc,cpu      ] GC(3) User=0.02s Sys=0.01s Real=0.01s
[2.159s][info][gc,start    ] GC(4) Pause Young (Allocation Failure)
[2.165s][info][gc,heap     ] GC(4) PSYoungGen: 135671K(141824K)->3921K(141824K) Eden: 131072K(131072K)->0K(131072K) From: 4599K(10752K)->3921K(10752K)
[2.165s][info][gc,heap     ] GC(4) ParOldGen: 1261K(175104K)->1269K(175104K)
[2.165s][info][gc,metaspace] GC(4) Metaspace: 8063K(8192K)->8063K(8192K) NonClass: 7120K(7168K)->7120K(7168K) Class: 942K(1024K)->942K(1024K)
[2.165s][info][gc          ] GC(4) Pause Young (Allocation Failure) 133M->5M(309M) 6.365ms
[2.165s][info][gc,cpu      ] GC(4) User=0.01s Sys=0.01s Real=0.01s
[2.840s][info][gc,start    ] GC(5) Pause Young (Allocation Failure)
[2.895s][info][gc,heap     ] GC(5) PSYoungGen: 134993K(141824K)->4583K(246784K) Eden: 131072K(131072K)->0K(242176K) From: 3921K(10752K)->4583K(4608K)
[2.895s][info][gc,heap     ] GC(5) ParOldGen: 1269K(175104K)->35417K(175104K)
[2.895s][info][gc,metaspace] GC(5) Metaspace: 10569K(10688K)->10569K(10688K) NonClass: 9318K(9408K)->9318K(9408K) Class: 1250K(1280K)->1250K(1280K)
[2.895s][info][gc          ] GC(5) Pause Young (Allocation Failure) 133M->39M(412M) 55.578ms
[2.895s][info][gc,cpu      ] GC(5) User=0.08s Sys=0.03s Real=0.06s
[4.158s][info][gc,start    ] GC(6) Pause Young (Allocation Failure)
[4.308s][info][gc,heap     ] GC(6) PSYoungGen: 246759K(246784K)->24560K(266752K) Eden: 242176K(242176K)->0K(242176K) From: 4583K(4608K)->24560K(24576K)
[4.309s][info][gc,heap     ] GC(6) ParOldGen: 35417K(175104K)->113478K(175104K)
[4.309s][info][gc,metaspace] GC(6) Metaspace: 15246K(15424K)->15246K(15424K) NonClass: 13535K(13632K)->13535K(13632K) Class: 1710K(1792K)->1710K(1792K)
[4.309s][info][gc          ] GC(6) Pause Young (Allocation Failure) 275M->134M(431M) 150.320ms
[4.309s][info][gc,cpu      ] GC(6) User=0.20s Sys=0.10s Real=0.15s
[5.592s][info][gc,start    ] GC(7) Pause Young (Allocation Failure)
[5.738s][info][gc,heap     ] GC(7) PSYoungGen: 266736K(266752K)->67042K(218624K) Eden: 242176K(242176K)->0K(151552K) From: 24560K(24576K)->67042K(67072K)
[5.738s][info][gc,heap     ] GC(7) ParOldGen: 113478K(175104K)->132072K(175104K)
[5.738s][info][gc,metaspace] GC(7) Metaspace: 16542K(16768K)->16542K(16768K) NonClass: 14764K(14912K)->14764K(14912K) Class: 1777K(1856K)->1777K(1856K)
[5.738s][info][gc          ] GC(7) Pause Young (Allocation Failure) 371M->194M(384M) 145.898ms
[5.738s][info][gc,cpu      ] GC(7) User=0.23s Sys=0.07s Real=0.15s
[6.066s][info][gc,start    ] GC(8) Pause Young (Allocation Failure)
[6.202s][info][gc,heap     ] GC(8) PSYoungGen: 218594K(218624K)->91114K(242688K) Eden: 151552K(151552K)->0K(151552K) From: 67042K(67072K)->91114K(91136K)
[6.202s][info][gc,heap     ] GC(8) ParOldGen: 132072K(175104K)->136480K(175104K)
[6.202s][info][gc,metaspace] GC(8) Metaspace: 16577K(16768K)->16577K(16768K) NonClass: 14800K(14912K)->14800K(14912K) Class: 1777K(1856K)->1777K(1856K)
[6.202s][info][gc          ] GC(8) Pause Young (Allocation Failure) 342M->222M(408M) 135.507ms
[6.202s][info][gc,cpu      ] GC(8) User=0.26s Sys=0.01s Real=0.13s
[6.440s][info][gc,start    ] GC(9) Pause Young (Allocation Failure)
[6.588s][info][gc,heap     ] GC(9) PSYoungGen: 242666K(242688K)->36247K(218112K) Eden: 151552K(151552K)->0K(126976K) From: 91114K(91136K)->36247K(91136K)
[6.588s][info][gc,heap     ] GC(9) ParOldGen: 136480K(175104K)->200178K(200192K)
[6.588s][info][gc,metaspace] GC(9) Metaspace: 16612K(16832K)->16612K(16832K) NonClass: 14834K(14976K)->14834K(14976K) Class: 1777K(1856K)->1777K(1856K)
[6.588s][info][gc          ] GC(9) Pause Young (Allocation Failure) 370M->230M(408M) 148.183ms
[6.588s][info][gc,cpu      ] GC(9) User=0.25s Sys=0.05s Real=0.15s
[6.744s][info][gc,start    ] GC(10) Pause Young (Allocation Failure)
[6.833s][info][gc,heap     ] GC(10) PSYoungGen: 163223K(218112K)->8032K(230400K) Eden: 126976K(126976K)->0K(126976K) From: 36247K(91136K)->8032K(103424K)
[6.833s][info][gc,heap     ] GC(10) ParOldGen: 200178K(200192K)->236559K(237056K)
[6.833s][info][gc,metaspace] GC(10) Metaspace: 16629K(16832K)->16629K(16832K) NonClass: 14852K(14976K)->14852K(14976K) Class: 1777K(1856K)->1777K(1856K)
[6.833s][info][gc          ] GC(10) Pause Young (Allocation Failure) 354M->238M(456M) 89.227ms
[6.833s][info][gc,cpu      ] GC(10) User=0.14s Sys=0.03s Real=0.08s
[7.032s][info][gc,start    ] GC(11) Pause Young (Allocation Failure)
[7.053s][info][gc,heap     ] GC(11) PSYoungGen: 135008K(230400K)->128K(226816K) Eden: 126976K(126976K)->0K(128512K) From: 8032K(103424K)->128K(98304K)
[7.053s][info][gc,heap     ] GC(11) ParOldGen: 236559K(237056K)->244591K(244736K)
[7.053s][info][gc,metaspace] GC(11) Metaspace: 16654K(16832K)->16654K(16832K) NonClass: 14876K(14976K)->14876K(14976K) Class: 1777K(1856K)->1777K(1856K)
[7.053s][info][gc          ] GC(11) Pause Young (Allocation Failure) 362M->238M(460M) 21.237ms
[7.053s][info][gc,cpu      ] GC(11) User=0.04s Sys=0.01s Real=0.02s
[7.236s][info][gc,start    ] GC(12) Pause Young (Allocation Failure)
[7.240s][info][gc,heap     ] GC(12) PSYoungGen: 128640K(226816K)->2336K(229376K) Eden: 128512K(128512K)->0K(128512K) From: 128K(98304K)->2336K(100864K)
[7.240s][info][gc,heap     ] GC(12) ParOldGen: 244591K(244736K)->244687K(244736K)
[7.240s][info][gc,metaspace] GC(12) Metaspace: 16713K(16896K)->16713K(16896K) NonClass: 14936K(15040K)->14936K(15040K) Class: 1777K(1856K)->1777K(1856K)
[7.240s][info][gc          ] GC(12) Pause Young (Allocation Failure) 364M->241M(463M) 4.345ms
[7.240s][info][gc,cpu      ] GC(12) User=0.01s Sys=0.00s Real=0.00s
[7.498s][info][gc,start    ] GC(13) Pause Young (Allocation Failure)
[7.507s][info][gc,heap     ] GC(13) PSYoungGen: 130848K(229376K)->2400K(227328K) Eden: 128512K(128512K)->0K(134144K) From: 2336K(100864K)->2400K(93184K)
[7.507s][info][gc,heap     ] GC(13) ParOldGen: 244687K(244736K)->246991K(247296K)
[7.507s][info][gc,metaspace] GC(13) Metaspace: 16795K(16960K)->16795K(16960K) NonClass: 15017K(15104K)->15017K(15104K) Class: 1778K(1856K)->1778K(1856K)
[7.507s][info][gc          ] GC(13) Pause Young (Allocation Failure) 366M->243M(463M) 8.975ms
[7.507s][info][gc,cpu      ] GC(13) User=0.01s Sys=0.01s Real=0.01s
[7.837s][info][gc,start    ] GC(14) Pause Young (Allocation Failure)
[7.844s][info][gc,heap     ] GC(14) PSYoungGen: 136544K(227328K)->64K(230400K) Eden: 134144K(134144K)->0K(134144K) From: 2400K(93184K)->64K(96256K)
[7.844s][info][gc,heap     ] GC(14) ParOldGen: 246991K(247296K)->249388K(249856K)
[7.844s][info][gc,metaspace] GC(14) Metaspace: 16822K(16960K)->16822K(16960K) NonClass: 15043K(15104K)->15043K(15104K) Class: 1778K(1856K)->1778K(1856K)
[7.844s][info][gc          ] GC(14) Pause Young (Allocation Failure) 374M->243M(469M) 6.441ms
[7.844s][info][gc,cpu      ] GC(14) User=0.00s Sys=0.00s Real=0.01s
[8.169s][info][gc,start    ] GC(15) Pause Young (Allocation Failure)
[8.175s][info][gc,heap     ] GC(15) PSYoungGen: 134208K(230400K)->3456K(230400K) Eden: 134144K(134144K)->0K(144384K) From: 64K(96256K)->3456K(86016K)
[8.175s][info][gc,heap     ] GC(15) ParOldGen: 249388K(249856K)->249420K(249856K)
[8.175s][info][gc,metaspace] GC(15) Metaspace: 16902K(17088K)->16902K(17088K) NonClass: 15123K(15232K)->15123K(15232K) Class: 1778K(1856K)->1778K(1856K)
[8.175s][info][gc          ] GC(15) Pause Young (Allocation Failure) 374M->246M(469M) 6.605ms
[8.175s][info][gc,cpu      ] GC(15) User=0.01s Sys=0.00s Real=0.01s
[8.401s][info][gc,start    ] GC(16) Pause Young (Allocation Failure)
[8.486s][info][gc,heap     ] GC(16) PSYoungGen: 147840K(230400K)->42272K(233984K) Eden: 144384K(144384K)->0K(144384K) From: 3456K(86016K)->42272K(89600K)
[8.486s][info][gc,heap     ] GC(16) ParOldGen: 249420K(249856K)->252860K(252928K)
[8.486s][info][gc,metaspace] GC(16) Metaspace: 16920K(17152K)->16920K(17152K) NonClass: 15140K(15296K)->15140K(15296K) Class: 1779K(1856K)->1779K(1856K)
[8.486s][info][gc          ] GC(16) Pause Young (Allocation Failure) 387M->288M(475M) 85.233ms
[8.486s][info][gc,cpu      ] GC(16) User=0.17s Sys=0.00s Real=0.09s
[9.050s][info][gc,start    ] GC(17) Pause Young (Allocation Failure)
[9.145s][info][gc,heap     ] GC(17) PSYoungGen: 186656K(233984K)->34051K(240128K) Eden: 144384K(144384K)->0K(153600K) From: 42272K(89600K)->34051K(86528K)
[9.146s][info][gc,heap     ] GC(17) ParOldGen: 252860K(252928K)->295312K(295424K)
[9.146s][info][gc,metaspace] GC(17) Metaspace: 16966K(17152K)->16966K(17152K) NonClass: 15185K(15296K)->15185K(15296K) Class: 1781K(1856K)->1781K(1856K)
[9.146s][info][gc          ] GC(17) Pause Young (Allocation Failure) 429M->321M(523M) 95.101ms
[9.146s][info][gc,cpu      ] GC(17) User=0.15s Sys=0.03s Real=0.10s
[9.415s][info][gc,start    ] GC(18) Pause Young (Allocation Failure)
[9.470s][info][gc,heap     ] GC(18) PSYoungGen: 187651K(240128K)->3520K(241664K) Eden: 153600K(153600K)->0K(153600K) From: 34051K(86528K)->3520K(88064K)
[9.470s][info][gc,heap     ] GC(18) ParOldGen: 295312K(295424K)->329666K(329728K)
[9.470s][info][gc,metaspace] GC(18) Metaspace: 16968K(17152K)->16968K(17152K) NonClass: 15186K(15296K)->15186K(15296K) Class: 1781K(1856K)->1781K(1856K)
[9.470s][info][gc          ] GC(18) Pause Young (Allocation Failure) 471M->325M(558M) 54.760ms
[9.470s][info][gc,cpu      ] GC(18) User=0.08s Sys=0.03s Real=0.05s
[9.785s][info][gc,start    ] GC(19) Pause Young (Allocation Failure)
[9.796s][info][gc,heap     ] GC(19) PSYoungGen: 157120K(241664K)->2880K(242176K) Eden: 153600K(153600K)->0K(160768K) From: 3520K(88064K)->2880K(81408K)
[9.796s][info][gc,heap     ] GC(19) ParOldGen: 329666K(329728K)->333194K(333312K)
[9.796s][info][gc,metaspace] GC(19) Metaspace: 16977K(17152K)->16977K(17152K) NonClass: 15195K(15296K)->15195K(15296K) Class: 1781K(1856K)->1781K(1856K)
[9.797s][info][gc          ] GC(19) Pause Young (Allocation Failure) 475M->328M(562M) 11.989ms
[9.797s][info][gc,cpu      ] GC(19) User=0.02s Sys=0.01s Real=0.01s
[10.398s][info][gc,start    ] GC(20) Pause Young (Allocation Failure)
[10.405s][info][gc,heap     ] GC(20) PSYoungGen: 163648K(242176K)->320K(243200K) Eden: 160768K(160768K)->0K(160768K) From: 2880K(81408K)->320K(82432K)
[10.405s][info][gc,heap     ] GC(20) ParOldGen: 333194K(333312K)->336048K(336384K)
[10.405s][info][gc,metaspace] GC(20) Metaspace: 16985K(17152K)->16985K(17152K) NonClass: 15204K(15296K)->15204K(15296K) Class: 1781K(1856K)->1781K(1856K)
[10.406s][info][gc          ] GC(20) Pause Young (Allocation Failure) 485M->328M(566M) 7.340ms
[10.406s][info][gc,cpu      ] GC(20) User=0.01s Sys=0.00s Real=0.01s
[10.890s][info][gc,start    ] GC(21) Pause Young (Allocation Failure)
[10.917s][info][gc,heap     ] GC(21) PSYoungGen: 161088K(243200K)->22784K(244224K) Eden: 160768K(160768K)->0K(172032K) From: 320K(82432K)->22784K(72192K)
[10.917s][info][gc,heap     ] GC(21) ParOldGen: 336048K(336384K)->336318K(336384K)
[10.917s][info][gc,metaspace] GC(21) Metaspace: 16988K(17152K)->16988K(17152K) NonClass: 15207K(15296K)->15207K(15296K) Class: 1781K(1856K)->1781K(1856K)
[10.917s][info][gc          ] GC(21) Pause Young (Allocation Failure) 485M->350M(567M) 27.214ms
[10.917s][info][gc,cpu      ] GC(21) User=0.05s Sys=0.00s Real=0.03s
[11.381s][info][gc,start    ] GC(22) Pause Young (Allocation Failure)
[11.508s][info][gc,heap     ] GC(22) PSYoungGen: 194816K(244224K)->55296K(246784K) Eden: 172032K(172032K)->0K(172032K) From: 22784K(72192K)->55296K(74752K)
[11.508s][info][gc,heap     ] GC(22) ParOldGen: 336318K(336384K)->359142K(359424K)
[11.508s][info][gc,metaspace] GC(22) Metaspace: 17001K(17216K)->17001K(17216K) NonClass: 15219K(15360K)->15219K(15360K) Class: 1781K(1856K)->1781K(1856K)
[11.508s][info][gc          ] GC(22) Pause Young (Allocation Failure) 518M->404M(592M) 127.078ms
[11.508s][info][gc,cpu      ] GC(22) User=0.23s Sys=0.02s Real=0.13s
[11.723s][info][gc,start    ] GC(23) Pause Young (Allocation Failure)
[11.830s][info][gc,heap     ] GC(23) PSYoungGen: 227328K(246784K)->18208K(253952K) Eden: 172032K(172032K)->0K(173056K) From: 55296K(74752K)->18208K(80896K)
[11.830s][info][gc,heap     ] GC(23) ParOldGen: 359142K(359424K)->415047K(415232K)
[11.830s][info][gc,metaspace] GC(23) Metaspace: 17003K(17216K)->17003K(17216K) NonClass: 15221K(15360K)->15221K(15360K) Class: 1782K(1856K)->1782K(1856K)
[11.830s][info][gc          ] GC(23) Pause Young (Allocation Failure) 572M->423M(653M) 106.372ms
[11.830s][info][gc,cpu      ] GC(23) User=0.13s Sys=0.05s Real=0.11s
[11.949s][info][gc,start    ] GC(24) Pause Young (Allocation Failure)
[12.055s][info][gc,heap     ] GC(24) PSYoungGen: 191264K(253952K)->77824K(250880K) Eden: 173056K(173056K)->0K(173056K) From: 18208K(80896K)->77824K(77824K)
[12.055s][info][gc,heap     ] GC(24) ParOldGen: 415047K(415232K)->433423K(433664K)
[12.055s][info][gc,metaspace] GC(24) Metaspace: 17003K(17216K)->17003K(17216K) NonClass: 15221K(15360K)->15221K(15360K) Class: 1782K(1856K)->1782K(1856K)
[12.055s][info][gc          ] GC(24) Pause Young (Allocation Failure) 592M->499M(668M) 106.150ms
[12.055s][info][gc,cpu      ] GC(24) User=0.19s Sys=0.02s Real=0.11s
[12.419s][info][gc,start    ] GC(25) Pause Young (Allocation Failure)
[12.589s][info][gc,heap     ] GC(25) PSYoungGen: 250880K(250880K)->40604K(223232K) Eden: 173056K(173056K)->0K(140288K) From: 77824K(77824K)->40604K(82944K)
[12.589s][info][gc,heap     ] GC(25) ParOldGen: 433423K(433664K)->511511K(512000K)
[12.589s][info][gc,metaspace] GC(25) Metaspace: 17011K(17216K)->17011K(17216K) NonClass: 15228K(15360K)->15228K(15360K) Class: 1782K(1856K)->1782K(1856K)
[12.589s][info][gc          ] GC(25) Pause Young (Allocation Failure) 668M->539M(718M) 169.916ms
[12.589s][info][gc,cpu      ] GC(25) User=0.24s Sys=0.07s Real=0.17s
[12.863s][info][gc,start    ] GC(26) Pause Young (Allocation Failure)
[12.948s][info][gc,heap     ] GC(26) PSYoungGen: 180892K(223232K)->19455K(237056K) Eden: 140288K(140288K)->0K(140288K) From: 40604K(82944K)->19455K(96768K)
[12.948s][info][gc,heap     ] GC(26) ParOldGen: 511511K(512000K)->552292K(552448K)
[12.948s][info][gc,metaspace] GC(26) Metaspace: 17020K(17216K)->17020K(17216K) NonClass: 15238K(15360K)->15238K(15360K) Class: 1782K(1856K)->1782K(1856K)
[12.948s][info][gc          ] GC(26) Pause Young (Allocation Failure) 676M->558M(771M) 85.487ms
[12.948s][info][gc,cpu      ] GC(26) User=0.11s Sys=0.06s Real=0.09s
[13.175s][info][gc,start    ] GC(27) Pause Young (Allocation Failure)
[13.212s][info][gc,heap     ] GC(27) PSYoungGen: 159743K(237056K)->256K(229376K) Eden: 140288K(140288K)->0K(144896K) From: 19455K(96768K)->256K(84480K)
[13.212s][info][gc,heap     ] GC(27) ParOldGen: 552292K(552448K)->571913K(572416K)
[13.212s][info][gc,metaspace] GC(27) Metaspace: 17020K(17216K)->17020K(17216K) NonClass: 15238K(15360K)->15238K(15360K) Class: 1782K(1856K)->1782K(1856K)
[13.212s][info][gc          ] GC(27) Pause Young (Allocation Failure) 695M->558M(783M) 37.160ms
[13.212s][info][gc,cpu      ] GC(27) User=0.06s Sys=0.01s Real=0.03s
[13.399s][info][gc,start    ] GC(28) Pause Young (Allocation Failure)
[13.435s][info][gc,heap     ] GC(28) PSYoungGen: 145152K(229376K)->33056K(235520K) Eden: 144896K(144896K)->0K(144896K) From: 256K(84480K)->33056K(90624K)
[13.435s][info][gc,heap     ] GC(28) ParOldGen: 571913K(572416K)->572129K(572416K)
[13.435s][info][gc,metaspace] GC(28) Metaspace: 17022K(17216K)->17022K(17216K) NonClass: 15239K(15360K)->15239K(15360K) Class: 1782K(1856K)->1782K(1856K)
[13.435s][info][gc          ] GC(28) Pause Young (Allocation Failure) 700M->591M(789M) 35.397ms
[13.435s][info][gc,cpu      ] GC(28) User=0.07s Sys=0.00s Real=0.04s
[13.837s][info][gc,start    ] GC(29) Pause Young (Allocation Failure)
[13.896s][info][gc,heap     ] GC(29) PSYoungGen: 177952K(235520K)->10324K(235008K) Eden: 144896K(144896K)->0K(156672K) From: 33056K(90624K)->10324K(78336K)
[13.896s][info][gc,heap     ] GC(29) ParOldGen: 572129K(572416K)->605265K(605696K)
[13.896s][info][gc,metaspace] GC(29) Metaspace: 17099K(17280K)->17099K(17280K) NonClass: 15310K(15424K)->15310K(15424K) Class: 1789K(1856K)->1789K(1856K)
[13.896s][info][gc          ] GC(29) Pause Young (Allocation Failure) 732M->601M(821M) 59.382ms
[13.896s][info][gc,cpu      ] GC(29) User=0.08s Sys=0.03s Real=0.06s
[14.238s][info][gc,start    ] GC(30) Pause Full (Allocation Failure)
[14.238s][info][gc,phases,start] GC(30) Marking Phase
[14.326s][info][gc,phases      ] GC(30) Marking Phase 88.121ms
[14.327s][info][gc,phases,start] GC(30) Summary Phase
[14.327s][info][gc,phases      ] GC(30) Summary Phase 0.032ms
[14.327s][info][gc,phases,start] GC(30) Forward
[14.354s][info][gc,phases      ] GC(30) Forward 27.721ms
[14.354s][info][gc,phases,start] GC(30) Adjust Pointers
[14.400s][info][gc,phases      ] GC(30) Adjust Pointers 45.244ms
[14.400s][info][gc,phases,start] GC(30) Compaction Phase
[14.427s][info][gc,phases      ] GC(30) Compaction Phase 27.091ms
[14.429s][info][gc,phases,start] GC(30) Post Compact
[14.446s][info][gc,phases      ] GC(30) Post Compact 16.200ms
[14.477s][info][gc,heap        ] GC(30) PSYoungGen: 166996K(235008K)->0K(240128K) Eden: 156672K(156672K)->0K(156672K) From: 10324K(78336K)->0K(83456K)
[14.477s][info][gc,heap        ] GC(30) ParOldGen: 605265K(605696K)->102636K(247296K)
[14.477s][info][gc,metaspace   ] GC(30) Metaspace: 17128K(17280K)->17128K(17280K) NonClass: 15337K(15424K)->15337K(15424K) Class: 1791K(1856K)->1791K(1856K)
[14.478s][info][gc             ] GC(30) Pause Full (Allocation Failure) 754M->100M(476M) 239.190ms
[14.478s][info][gc,cpu         ] GC(30) User=0.30s Sys=0.05s Real=0.24s
[14.625s][info][gc,start       ] GC(31) Pause Young (Allocation Failure)
[14.739s][info][gc,heap        ] GC(31) PSYoungGen: 156672K(240128K)->83456K(215552K) Eden: 156672K(156672K)->0K(132096K) From: 0K(83456K)->83456K(83456K)
[14.739s][info][gc,heap        ] GC(31) ParOldGen: 102636K(247296K)->106404K(247296K)
[14.739s][info][gc,metaspace   ] GC(31) Metaspace: 17136K(17280K)->17136K(17280K) NonClass: 15343K(15424K)->15343K(15424K) Class: 1792K(1856K)->1792K(1856K)
[14.739s][info][gc             ] GC(31) Pause Young (Allocation Failure) 253M->185M(452M) 114.590ms
[14.739s][info][gc,cpu         ] GC(31) User=0.21s Sys=0.01s Real=0.11s
[14.994s][info][gc,start       ] GC(32) Pause Young (Allocation Failure)
[15.128s][info][gc,heap        ] GC(32) PSYoungGen: 215552K(215552K)->53200K(185344K) Eden: 132096K(132096K)->0K(132096K) From: 83456K(83456K)->53200K(53248K)
[15.128s][info][gc,heap        ] GC(32) ParOldGen: 106404K(247296K)->190532K(247296K)
[15.128s][info][gc,metaspace   ] GC(32) Metaspace: 17141K(17280K)->17141K(17280K) NonClass: 15348K(15424K)->15348K(15424K) Class: 1792K(1856K)->1792K(1856K)
[15.128s][info][gc             ] GC(32) Pause Young (Allocation Failure) 314M->238M(422M) 134.351ms
[15.128s][info][gc,cpu         ] GC(32) User=0.26s Sys=0.00s Real=0.13s
[15.316s][info][gc,start       ] GC(33) Pause Young (Allocation Failure)
[15.388s][info][gc,heap        ] GC(33) PSYoungGen: 185296K(185344K)->29728K(238080K) Eden: 132096K(132096K)->0K(136192K) From: 53200K(53248K)->29728K(101888K)
[15.388s][info][gc,heap        ] GC(33) ParOldGen: 190532K(247296K)->244301K(247296K)
[15.388s][info][gc,metaspace   ] GC(33) Metaspace: 17141K(17280K)->17141K(17280K) NonClass: 15349K(15424K)->15349K(15424K) Class: 1792K(1856K)->1792K(1856K)
[15.388s][info][gc             ] GC(33) Pause Young (Allocation Failure) 367M->267M(474M) 72.409ms
[15.388s][info][gc,cpu         ] GC(33) User=0.14s Sys=0.00s Real=0.07s
[15.631s][info][gc,start       ] GC(34) Pause Young (Allocation Failure)
[15.713s][info][gc,heap        ] GC(34) PSYoungGen: 165920K(238080K)->27072K(163328K) Eden: 136192K(136192K)->0K(136192K) From: 29728K(101888K)->27072K(27136K)
[15.713s][info][gc,heap        ] GC(34) ParOldGen: 244301K(247296K)->274349K(274432K)
[15.713s][info][gc,metaspace   ] GC(34) Metaspace: 17143K(17344K)->17143K(17344K) NonClass: 15351K(15488K)->15351K(15488K) Class: 1792K(1856K)->1792K(1856K)
[15.713s][info][gc             ] GC(34) Pause Young (Allocation Failure) 400M->294M(427M) 81.599ms
[15.713s][info][gc,cpu         ] GC(34) User=0.14s Sys=0.02s Real=0.08s
[15.936s][info][gc,start       ] GC(35) Pause Young (Allocation Failure)
[15.987s][info][gc,heap        ] GC(35) PSYoungGen: 163264K(163328K)->5988K(227840K) Eden: 136192K(136192K)->0K(137216K) From: 27072K(27136K)->5988K(90624K)
[15.987s][info][gc,heap        ] GC(35) ParOldGen: 274349K(274432K)->301725K(302080K)
[15.987s][info][gc,metaspace   ] GC(35) Metaspace: 17147K(17344K)->17147K(17344K) NonClass: 15353K(15488K)->15353K(15488K) Class: 1793K(1856K)->1793K(1856K)
[15.987s][info][gc             ] GC(35) Pause Young (Allocation Failure) 427M->300M(517M) 50.285ms
[15.987s][info][gc,cpu         ] GC(35) User=0.07s Sys=0.03s Real=0.05s
[16.243s][info][gc,start       ] GC(36) Pause Young (Allocation Failure)
[16.321s][info][gc,heap        ] GC(36) PSYoungGen: 143204K(227840K)->43713K(226816K) Eden: 137216K(137216K)->0K(137216K) From: 5988K(90624K)->43713K(89600K)
[16.321s][info][gc,heap        ] GC(36) ParOldGen: 301725K(302080K)->307565K(307712K)
[16.321s][info][gc,metaspace   ] GC(36) Metaspace: 17148K(17344K)->17148K(17344K) NonClass: 15355K(15488K)->15355K(15488K) Class: 1793K(1856K)->1793K(1856K)
[16.321s][info][gc             ] GC(36) Pause Young (Allocation Failure) 434M->343M(522M) 77.577ms
[16.321s][info][gc,cpu         ] GC(36) User=0.15s Sys=0.00s Real=0.08s
[16.494s][info][gc,start       ] GC(37) Pause Young (Allocation Failure)
[16.646s][info][gc,heap        ] GC(37) PSYoungGen: 180929K(226816K)->30944K(235008K) Eden: 137216K(137216K)->0K(155648K) From: 43713K(89600K)->30944K(79360K)
[16.646s][info][gc,heap        ] GC(37) ParOldGen: 307565K(307712K)->351378K(351744K)
[16.646s][info][gc,metaspace   ] GC(37) Metaspace: 17148K(17344K)->17148K(17344K) NonClass: 15355K(15488K)->15355K(15488K) Class: 1793K(1856K)->1793K(1856K)
[16.646s][info][gc             ] GC(37) Pause Young (Allocation Failure) 477M->373M(573M) 152.784ms
[16.646s][info][gc,cpu         ] GC(37) User=0.26s Sys=0.04s Real=0.15s
[16.826s][info][gc,start       ] GC(38) Pause Young (Allocation Failure)
[16.922s][info][gc,heap        ] GC(38) PSYoungGen: 186592K(235008K)->25184K(238592K) Eden: 155648K(155648K)->0K(155648K) From: 30944K(79360K)->25184K(82944K)
[16.922s][info][gc,heap        ] GC(38) ParOldGen: 351378K(351744K)->382378K(382464K)
[16.922s][info][gc,metaspace   ] GC(38) Metaspace: 17149K(17344K)->17149K(17344K) NonClass: 15355K(15488K)->15355K(15488K) Class: 1793K(1856K)->1793K(1856K)
[16.922s][info][gc             ] GC(38) Pause Young (Allocation Failure) 525M->398M(606M) 95.726ms
[16.922s][info][gc,cpu         ] GC(38) User=0.16s Sys=0.03s Real=0.09s
[17.072s][info][gc,start       ] GC(39) Pause Young (Allocation Failure)
[17.118s][info][gc,heap        ] GC(39) PSYoungGen: 180832K(238592K)->4640K(250368K) Eden: 155648K(155648K)->0K(172032K) From: 25184K(82944K)->4640K(78336K)
[17.118s][info][gc,heap        ] GC(39) ParOldGen: 382378K(382464K)->407626K(408064K)
[17.118s][info][gc,metaspace   ] GC(39) Metaspace: 17151K(17344K)->17151K(17344K) NonClass: 15357K(15488K)->15357K(15488K) Class: 1793K(1856K)->1793K(1856K)
[17.118s][info][gc             ] GC(39) Pause Young (Allocation Failure) 550M->402M(643M) 46.557ms
[17.118s][info][gc,cpu         ] GC(39) User=0.08s Sys=0.02s Real=0.05s
[17.250s][info][gc,start       ] GC(40) Pause Young (Allocation Failure)
[17.266s][info][gc,heap        ] GC(40) PSYoungGen: 176672K(250368K)->1344K(250368K) Eden: 172032K(172032K)->0K(172032K) From: 4640K(78336K)->1344K(78336K)
[17.266s][info][gc,heap        ] GC(40) ParOldGen: 407626K(408064K)->412234K(412672K)
[17.266s][info][gc,metaspace   ] GC(40) Metaspace: 17151K(17344K)->17151K(17344K) NonClass: 15358K(15488K)->15358K(15488K) Class: 1793K(1856K)->1793K(1856K)
[17.266s][info][gc             ] GC(40) Pause Young (Allocation Failure) 570M->403M(647M) 15.603ms
[17.266s][info][gc,cpu         ] GC(40) User=0.03s Sys=0.00s Real=0.02s
[17.411s][info][gc,start       ] GC(41) Pause Young (Allocation Failure)
[17.423s][info][gc,heap        ] GC(41) PSYoungGen: 173376K(250368K)->3520K(253952K) Eden: 172032K(172032K)->0K(177664K) From: 1344K(78336K)->3520K(76288K)
[17.423s][info][gc,heap        ] GC(41) ParOldGen: 412234K(412672K)->413554K(413696K)
[17.423s][info][gc,metaspace   ] GC(41) Metaspace: 17161K(17344K)->17161K(17344K) NonClass: 15363K(15488K)->15363K(15488K) Class: 1798K(1856K)->1798K(1856K)
[17.423s][info][gc             ] GC(41) Pause Young (Allocation Failure) 571M->407M(652M) 12.798ms
[17.423s][info][gc,cpu         ] GC(41) User=0.02s Sys=0.00s Real=0.02s
[17.625s][info][gc,start       ] GC(42) Pause Young (Allocation Failure)
[17.644s][info][gc,heap        ] GC(42) PSYoungGen: 181184K(253952K)->10880K(188928K) Eden: 177664K(177664K)->0K(177664K) From: 3520K(76288K)->10880K(11264K)
[17.644s][info][gc,heap        ] GC(42) ParOldGen: 413554K(413696K)->417042K(417280K)
[17.644s][info][gc,metaspace   ] GC(42) Metaspace: 17164K(17344K)->17164K(17344K) NonClass: 15366K(15488K)->15366K(15488K) Class: 1798K(1856K)->1798K(1856K)
[17.644s][info][gc             ] GC(42) Pause Young (Allocation Failure) 580M->417M(592M) 19.548ms
[17.644s][info][gc,cpu         ] GC(42) User=0.03s Sys=0.00s Real=0.02s
[17.904s][info][gc,start       ] GC(43) Pause Young (Allocation Failure)
[17.959s][info][gc,heap        ] GC(43) PSYoungGen: 188544K(188928K)->36064K(253952K) Eden: 177664K(177664K)->0K(180736K) From: 10880K(11264K)->36064K(73216K)
[17.959s][info][gc,heap        ] GC(43) ParOldGen: 417042K(417280K)->427946K(428032K)
[17.959s][info][gc,metaspace   ] GC(43) Metaspace: 17164K(17344K)->17164K(17344K) NonClass: 15366K(15488K)->15366K(15488K) Class: 1798K(1856K)->1798K(1856K)
[17.959s][info][gc             ] GC(43) Pause Young (Allocation Failure) 591M->453M(666M) 55.910ms
[17.959s][info][gc,cpu         ] GC(43) User=0.09s Sys=0.02s Real=0.05s
[18.760s][info][gc,start       ] GC(44) Pause Young (Allocation Failure)
[18.828s][info][gc,heap        ] GC(44) PSYoungGen: 216800K(253952K)->2464K(253952K) Eden: 180736K(180736K)->0K(180736K) From: 36064K(73216K)->2464K(73216K)
[18.828s][info][gc,heap        ] GC(44) ParOldGen: 427946K(428032K)->464077K(464384K)
[18.828s][info][gc,metaspace   ] GC(44) Metaspace: 17188K(17344K)->17188K(17344K) NonClass: 15389K(15488K)->15389K(15488K) Class: 1798K(1856K)->1798K(1856K)
[18.828s][info][gc             ] GC(44) Pause Young (Allocation Failure) 629M->455M(701M) 67.997ms
[18.828s][info][gc,cpu         ] GC(44) User=0.10s Sys=0.04s Real=0.07s
[19.396s][info][gc,start       ] GC(45) Pause Young (Allocation Failure)
[19.402s][info][gc,heap        ] GC(45) PSYoungGen: 183200K(253952K)->128K(258560K) Eden: 180736K(180736K)->0K(188416K) From: 2464K(73216K)->128K(70144K)
[19.402s][info][gc,heap        ] GC(45) ParOldGen: 464077K(464384K)->466477K(466944K)
[19.402s][info][gc,metaspace   ] GC(45) Metaspace: 17196K(17344K)->17196K(17344K) NonClass: 15398K(15488K)->15398K(15488K) Class: 1798K(1856K)->1798K(1856K)
[19.402s][info][gc             ] GC(45) Pause Young (Allocation Failure) 632M->455M(708M) 5.976ms
[19.402s][info][gc,cpu         ] GC(45) User=0.01s Sys=0.00s Real=0.00s
[19.819s][info][gc,start       ] GC(46) Pause Young (Allocation Failure)
[19.824s][info][gc,heap        ] GC(46) PSYoungGen: 188544K(258560K)->64K(259072K) Eden: 188416K(188416K)->0K(188416K) From: 128K(70144K)->64K(70656K)
[19.824s][info][gc,heap        ] GC(46) ParOldGen: 466477K(466944K)->466565K(466944K)
[19.824s][info][gc,metaspace   ] GC(46) Metaspace: 17197K(17344K)->17197K(17344K) NonClass: 15399K(15488K)->15399K(15488K) Class: 1798K(1856K)->1798K(1856K)
[19.824s][info][gc             ] GC(46) Pause Young (Allocation Failure) 639M->455M(709M) 4.765ms
[19.824s][info][gc,cpu         ] GC(46) User=0.00s Sys=0.00s Real=0.01s
[20.425s][info][gc,start       ] GC(47) Pause Young (Allocation Failure)
[20.450s][info][gc,heap        ] GC(47) PSYoungGen: 188480K(259072K)->5088K(258560K) Eden: 188416K(188416K)->0K(194560K) From: 64K(70656K)->5088K(64000K)
[20.450s][info][gc,heap        ] GC(47) ParOldGen: 466565K(466944K)->466589K(466944K)
[20.450s][info][gc,metaspace   ] GC(47) Metaspace: 17197K(17344K)->17197K(17344K) NonClass: 15399K(15488K)->15399K(15488K) Class: 1798K(1856K)->1798K(1856K)
[20.450s][info][gc             ] GC(47) Pause Young (Allocation Failure) 639M->460M(708M) 24.819ms
[20.450s][info][gc,cpu         ] GC(47) User=0.04s Sys=0.00s Real=0.02s
[20.767s][info][gc,start       ] GC(48) Pause Young (Allocation Failure)
[20.814s][info][gc,heap        ] GC(48) PSYoungGen: 199648K(258560K)->50870K(260096K) Eden: 194560K(194560K)->0K(194560K) From: 5088K(64000K)->50870K(65536K)
[20.814s][info][gc,heap        ] GC(48) ParOldGen: 466589K(466944K)->471653K(472064K)
[20.814s][info][gc,metaspace   ] GC(48) Metaspace: 17211K(17344K)->17211K(17344K) NonClass: 15413K(15488K)->15413K(15488K) Class: 1798K(1856K)->1798K(1856K)
[20.814s][info][gc             ] GC(48) Pause Young (Allocation Failure) 650M->510M(715M) 46.619ms
[20.814s][info][gc,cpu         ] GC(48) User=0.09s Sys=0.01s Real=0.05s
[21.069s][info][gc,start       ] GC(49) Pause Young (Allocation Failure)
[21.169s][info][gc,heap        ] GC(49) PSYoungGen: 245430K(260096K)->54960K(244736K) Eden: 194560K(194560K)->0K(171008K) From: 50870K(65536K)->54960K(73728K)
[21.169s][info][gc,heap        ] GC(49) ParOldGen: 471653K(472064K)->522394K(522752K)
[21.169s][info][gc,metaspace   ] GC(49) Metaspace: 17231K(17408K)->17231K(17408K) NonClass: 15432K(15552K)->15432K(15552K) Class: 1798K(1856K)->1798K(1856K)
[21.169s][info][gc             ] GC(49) Pause Young (Allocation Failure) 700M->563M(749M) 99.978ms
[21.169s][info][gc,cpu         ] GC(49) User=0.16s Sys=0.03s Real=0.10s
[21.330s][info][gc,start       ] GC(50) Pause Young (Allocation Failure)
[21.411s][info][gc,heap        ] GC(50) PSYoungGen: 225968K(244736K)->21792K(252416K) Eden: 171008K(171008K)->0K(171008K) From: 54960K(73728K)->21792K(81408K)
[21.411s][info][gc,heap        ] GC(50) ParOldGen: 522394K(522752K)->577902K(578048K)
[21.411s][info][gc,metaspace   ] GC(50) Metaspace: 17231K(17408K)->17231K(17408K) NonClass: 15432K(15552K)->15432K(15552K) Class: 1798K(1856K)->1798K(1856K)
[21.411s][info][gc             ] GC(50) Pause Young (Allocation Failure) 730M->585M(811M) 81.360ms
[21.411s][info][gc,cpu         ] GC(50) User=0.11s Sys=0.05s Real=0.08s
[21.559s][info][gc,start       ] GC(51) Pause Young (Allocation Failure)
[21.605s][info][gc,heap        ] GC(51) PSYoungGen: 192800K(252416K)->2272K(247296K) Eden: 171008K(171008K)->0K(176640K) From: 21792K(81408K)->2272K(70656K)
[21.605s][info][gc,heap        ] GC(51) ParOldGen: 577902K(578048K)->599918K(600064K)
[21.605s][info][gc,metaspace   ] GC(51) Metaspace: 17232K(17408K)->17232K(17408K) NonClass: 15434K(15552K)->15434K(15552K) Class: 1798K(1856K)->1798K(1856K)
[21.605s][info][gc             ] GC(51) Pause Young (Allocation Failure) 752M->588M(827M) 46.743ms
[21.605s][info][gc,cpu         ] GC(51) User=0.09s Sys=0.01s Real=0.05s
[21.879s][info][gc,start       ] GC(52) Pause Full (Allocation Failure)
[21.879s][info][gc,phases,start] GC(52) Marking Phase
[22.110s][info][gc,phases      ] GC(52) Marking Phase 230.863ms
[22.110s][info][gc,phases,start] GC(52) Summary Phase
[22.110s][info][gc,phases      ] GC(52) Summary Phase 0.035ms
[22.110s][info][gc,phases,start] GC(52) Forward
[22.185s][info][gc,phases      ] GC(52) Forward 74.992ms
[22.186s][info][gc,phases,start] GC(52) Adjust Pointers
[22.361s][info][gc,phases      ] GC(52) Adjust Pointers 175.236ms
[22.361s][info][gc,phases,start] GC(52) Compaction Phase
[22.465s][info][gc,phases      ] GC(52) Compaction Phase 104.134ms
[22.474s][info][gc,phases,start] GC(52) Post Compact
[22.476s][info][gc,phases      ] GC(52) Post Compact 2.898ms
[22.483s][info][gc,heap        ] GC(52) PSYoungGen: 178912K(247296K)->0K(250880K) Eden: 176640K(176640K)->0K(176640K) From: 2272K(70656K)->0K(74240K)
[22.483s][info][gc,heap        ] GC(52) ParOldGen: 599918K(600064K)->348427K(505856K)
[22.483s][info][gc,metaspace   ] GC(52) Metaspace: 17233K(17408K)->17233K(17408K) NonClass: 15434K(15552K)->15434K(15552K) Class: 1798K(1856K)->1798K(1856K)
[22.483s][info][gc             ] GC(52) Pause Full (Allocation Failure) 760M->340M(739M) 603.328ms
[22.483s][info][gc,cpu         ] GC(52) User=1.12s Sys=0.02s Real=0.60s
[22.672s][info][gc,start       ] GC(53) Pause Young (Allocation Failure)
[22.710s][info][gc,heap        ] GC(53) PSYoungGen: 176640K(250880K)->32224K(256512K) Eden: 176640K(176640K)->0K(185344K) From: 0K(74240K)->32224K(71168K)
[22.710s][info][gc,heap        ] GC(53) ParOldGen: 348427K(505856K)->348427K(505856K)
[22.710s][info][gc,metaspace   ] GC(53) Metaspace: 17233K(17408K)->17233K(17408K) NonClass: 15434K(15552K)->15434K(15552K) Class: 1798K(1856K)->1798K(1856K)
[22.710s][info][gc             ] GC(53) Pause Young (Allocation Failure) 512M->371M(744M) 37.776ms
[22.710s][info][gc,cpu         ] GC(53) User=0.07s Sys=0.00s Real=0.04s
[22.922s][info][gc,start       ] GC(54) Pause Young (Allocation Failure)
[22.974s][info][gc,heap        ] GC(54) PSYoungGen: 217568K(256512K)->15232K(258048K) Eden: 185344K(185344K)->0K(185344K) From: 32224K(71168K)->15232K(72704K)
[22.974s][info][gc,heap        ] GC(54) ParOldGen: 348427K(505856K)->380707K(505856K)
[22.974s][info][gc,metaspace   ] GC(54) Metaspace: 17257K(17408K)->17257K(17408K) NonClass: 15458K(15552K)->15458K(15552K) Class: 1798K(1856K)->1798K(1856K)
[22.974s][info][gc             ] GC(54) Pause Young (Allocation Failure) 552M->386M(746M) 52.895ms
[22.974s][info][gc,cpu         ] GC(54) User=0.10s Sys=0.00s Real=0.06s
[23.169s][info][gc,start       ] GC(55) Pause Young (Allocation Failure)
[23.197s][info][gc,heap        ] GC(55) PSYoungGen: 200576K(258048K)->9056K(258048K) Eden: 185344K(185344K)->0K(192000K) From: 15232K(72704K)->9056K(66048K)
[23.197s][info][gc,heap        ] GC(55) ParOldGen: 380707K(505856K)->395955K(505856K)
[23.197s][info][gc,metaspace   ] GC(55) Metaspace: 17257K(17408K)->17257K(17408K) NonClass: 15458K(15552K)->15458K(15552K) Class: 1798K(1856K)->1798K(1856K)
[23.197s][info][gc             ] GC(55) Pause Young (Allocation Failure) 567M->395M(746M) 28.087ms
[23.197s][info][gc,cpu         ] GC(55) User=0.05s Sys=0.00s Real=0.03s
[23.491s][info][gc,start       ] GC(56) Pause Young (Allocation Failure)
[23.526s][info][gc,heap        ] GC(56) PSYoungGen: 201056K(258048K)->3680K(258560K) Eden: 192000K(192000K)->0K(192000K) From: 9056K(66048K)->3680K(66560K)
[23.526s][info][gc,heap        ] GC(56) ParOldGen: 395955K(505856K)->405003K(505856K)
[23.526s][info][gc,metaspace   ] GC(56) Metaspace: 17265K(17408K)->17265K(17408K) NonClass: 15466K(15552K)->15466K(15552K) Class: 1798K(1856K)->1798K(1856K)
[23.526s][info][gc             ] GC(56) Pause Young (Allocation Failure) 583M->399M(746M) 34.739ms
[23.526s][info][gc,cpu         ] GC(56) User=0.07s Sys=0.00s Real=0.04s
[23.906s][info][gc,start       ] GC(57) Pause Young (Allocation Failure)
[23.931s][info][gc,heap        ] GC(57) PSYoungGen: 195680K(258560K)->15360K(260608K) Eden: 192000K(192000K)->0K(202752K) From: 3680K(66560K)->15360K(57856K)
[23.931s][info][gc,heap        ] GC(57) ParOldGen: 405003K(505856K)->408668K(505856K)
[23.931s][info][gc,metaspace   ] GC(57) Metaspace: 17265K(17408K)->17265K(17408K) NonClass: 15466K(15552K)->15466K(15552K) Class: 1798K(1856K)->1798K(1856K)
[23.931s][info][gc             ] GC(57) Pause Young (Allocation Failure) 586M->414M(748M) 24.295ms
[23.931s][info][gc,cpu         ] GC(57) User=0.05s Sys=0.00s Real=0.02s
[24.304s][info][gc,start       ] GC(58) Pause Young (Allocation Failure)
[24.348s][info][gc,heap        ] GC(58) PSYoungGen: 218112K(260608K)->29520K(263168K) Eden: 202752K(202752K)->0K(202752K) From: 15360K(57856K)->29520K(60416K)
[24.348s][info][gc,heap        ] GC(58) ParOldGen: 408668K(505856K)->424066K(505856K)
[24.348s][info][gc,metaspace   ] GC(58) Metaspace: 17276K(17408K)->17276K(17408K) NonClass: 15477K(15552K)->15477K(15552K) Class: 1799K(1856K)->1799K(1856K)
[24.348s][info][gc             ] GC(58) Pause Young (Allocation Failure) 612M->442M(751M) 44.648ms
[24.348s][info][gc,cpu         ] GC(58) User=0.09s Sys=0.00s Real=0.04s
[24.690s][info][gc,start       ] GC(59) Pause Young (Allocation Failure)
[24.803s][info][gc,heap        ] GC(59) PSYoungGen: 232272K(263168K)->47232K(261120K) Eden: 202752K(202752K)->0K(200704K) From: 29520K(60416K)->47232K(60416K)
[24.803s][info][gc,heap        ] GC(59) ParOldGen: 424066K(505856K)->453730K(505856K)
[24.803s][info][gc,metaspace   ] GC(59) Metaspace: 17303K(17472K)->17303K(17472K) NonClass: 15504K(15616K)->15504K(15616K) Class: 1799K(1856K)->1799K(1856K)
[24.803s][info][gc             ] GC(59) Pause Young (Allocation Failure) 640M->489M(749M) 113.464ms
[24.803s][info][gc,cpu         ] GC(59) User=0.22s Sys=0.01s Real=0.11s
[25.215s][info][gc,start       ] GC(60) Pause Young (Allocation Failure)
[25.279s][info][gc,heap        ] GC(60) PSYoungGen: 247936K(261120K)->36272K(237056K) Eden: 200704K(200704K)->0K(200704K) From: 47232K(60416K)->36272K(36352K)
[25.279s][info][gc,heap        ] GC(60) ParOldGen: 453730K(505856K)->501402K(505856K)
[25.279s][info][gc,metaspace   ] GC(60) Metaspace: 17312K(17472K)->17312K(17472K) NonClass: 15513K(15616K)->15513K(15616K) Class: 1799K(1856K)->1799K(1856K)
[25.279s][info][gc             ] GC(60) Pause Young (Allocation Failure) 685M->525M(725M) 64.323ms
[25.279s][info][gc,cpu         ] GC(60) User=0.12s Sys=0.00s Real=0.06s
[25.865s][info][gc,start       ] GC(61) Pause Young (Allocation Failure)
[25.978s][info][gc,heap        ] GC(61) PSYoungGen: 236976K(237056K)->26783K(269312K) Eden: 200704K(200704K)->0K(201728K) From: 36272K(36352K)->26783K(67584K)
[25.978s][info][gc,heap        ] GC(61) ParOldGen: 501402K(505856K)->538075K(538112K)
[25.978s][info][gc,metaspace   ] GC(61) Metaspace: 17315K(17472K)->17315K(17472K) NonClass: 15515K(15616K)->15515K(15616K) Class: 1799K(1856K)->1799K(1856K)
[25.978s][info][gc             ] GC(61) Pause Young (Allocation Failure) 721M->551M(788M) 112.174ms
[25.978s][info][gc,cpu         ] GC(61) User=0.19s Sys=0.03s Real=0.11s
[26.336s][info][gc,start       ] GC(62) Pause Young (Allocation Failure)
[26.421s][info][gc,heap        ] GC(62) PSYoungGen: 228511K(269312K)->36480K(266240K) Eden: 201728K(201728K)->0K(201728K) From: 26783K(67584K)->36480K(64512K)
[26.421s][info][gc,heap        ] GC(62) ParOldGen: 538075K(538112K)->564929K(565248K)
[26.421s][info][gc,metaspace   ] GC(62) Metaspace: 17315K(17472K)->17315K(17472K) NonClass: 15515K(15616K)->15515K(15616K) Class: 1799K(1856K)->1799K(1856K)
[26.421s][info][gc             ] GC(62) Pause Young (Allocation Failure) 748M->587M(812M) 85.606ms
[26.421s][info][gc,cpu         ] GC(62) User=0.15s Sys=0.02s Real=0.08s
[26.710s][info][gc,start       ] GC(63) Pause Young (Allocation Failure)
[26.767s][info][gc,heap        ] GC(63) PSYoungGen: 238208K(266240K)->768K(266752K) Eden: 201728K(201728K)->0K(201728K) From: 36480K(64512K)->768K(65024K)
[26.767s][info][gc,heap        ] GC(63) ParOldGen: 564929K(565248K)->601505K(601600K)
[26.767s][info][gc,metaspace   ] GC(63) Metaspace: 17315K(17472K)->17315K(17472K) NonClass: 15515K(15616K)->15515K(15616K) Class: 1799K(1856K)->1799K(1856K)
[26.767s][info][gc             ] GC(63) Pause Young (Allocation Failure) 784M->588M(848M) 56.789ms
[26.767s][info][gc,cpu         ] GC(63) User=0.09s Sys=0.03s Real=0.06s
[27.042s][info][gc,start       ] GC(64) Pause Young (Allocation Failure)
[27.055s][info][gc,heap        ] GC(64) PSYoungGen: 202496K(266752K)->4352K(266752K) Eden: 201728K(201728K)->0K(201728K) From: 768K(65024K)->4352K(65024K)
[27.055s][info][gc,heap        ] GC(64) ParOldGen: 601505K(601600K)->602233K(602624K)
[27.055s][info][gc,metaspace   ] GC(64) Metaspace: 17315K(17472K)->17315K(17472K) NonClass: 15515K(15616K)->15515K(15616K) Class: 1799K(1856K)->1799K(1856K)
[27.055s][info][gc             ] GC(64) Pause Young (Allocation Failure) 785M->592M(849M) 13.086ms
[27.055s][info][gc,cpu         ] GC(64) User=0.02s Sys=0.00s Real=0.02s
[27.423s][info][gc,start       ] GC(65) Pause Young (Allocation Failure)
[27.470s][info][gc,heap        ] GC(65) PSYoungGen: 206080K(266752K)->28672K(266752K) Eden: 201728K(201728K)->0K(204800K) From: 4352K(65024K)->28672K(61952K)
[27.470s][info][gc,heap        ] GC(65) ParOldGen: 602233K(602624K)->606585K(606720K)
[27.470s][info][gc,metaspace   ] GC(65) Metaspace: 17315K(17472K)->17315K(17472K) NonClass: 15515K(15616K)->15515K(15616K) Class: 1799K(1856K)->1799K(1856K)
[27.470s][info][gc             ] GC(65) Pause Young (Allocation Failure) 789M->620M(853M) 47.181ms
[27.470s][info][gc,cpu         ] GC(65) User=0.09s Sys=0.00s Real=0.05s
[27.878s][info][gc,start       ] GC(66) Pause Full (Allocation Failure)
[27.878s][info][gc,phases,start] GC(66) Marking Phase
[28.195s][info][gc,phases      ] GC(66) Marking Phase 317.147ms
[28.195s][info][gc,phases,start] GC(66) Summary Phase
[28.195s][info][gc,phases      ] GC(66) Summary Phase 0.035ms
[28.195s][info][gc,phases,start] GC(66) Forward
[28.306s][info][gc,phases      ] GC(66) Forward 111.239ms
[28.306s][info][gc,phases,start] GC(66) Adjust Pointers
[28.541s][info][gc,phases      ] GC(66) Adjust Pointers 234.805ms
[28.541s][info][gc,phases,start] GC(66) Compaction Phase
[28.678s][info][gc,phases      ] GC(66) Compaction Phase 136.829ms
[28.685s][info][gc,phases,start] GC(66) Post Compact
[28.687s][info][gc,phases      ] GC(66) Post Compact 2.702ms
[28.688s][info][gc,heap        ] GC(66) PSYoungGen: 233472K(266752K)->0K(267264K) Eden: 204800K(204800K)->0K(204800K) From: 28672K(61952K)->0K(62464K)
[28.688s][info][gc,heap        ] GC(66) ParOldGen: 606585K(606720K)->453336K(619520K)
[28.688s][info][gc,metaspace   ] GC(66) Metaspace: 17326K(17472K)->17326K(17472K) NonClass: 15527K(15616K)->15527K(15616K) Class: 1799K(1856K)->1799K(1856K)
[28.688s][info][gc             ] GC(66) Pause Full (Allocation Failure) 820M->442M(866M) 810.127ms
[28.688s][info][gc,cpu         ] GC(66) User=1.52s Sys=0.00s Real=0.81s
[29.079s][info][gc,start       ] GC(67) Pause Young (Allocation Failure)
[29.108s][info][gc,heap        ] GC(67) PSYoungGen: 204800K(267264K)->33248K(270336K) Eden: 204800K(204800K)->0K(207872K) From: 0K(62464K)->33248K(62464K)
[29.108s][info][gc,heap        ] GC(67) ParOldGen: 453336K(619520K)->453336K(619520K)
[29.108s][info][gc,metaspace   ] GC(67) Metaspace: 17338K(17472K)->17338K(17472K) NonClass: 15539K(15616K)->15539K(15616K) Class: 1799K(1856K)->1799K(1856K)
[29.108s][info][gc             ] GC(67) Pause Young (Allocation Failure) 642M->475M(869M) 29.625ms
[29.108s][info][gc,cpu         ] GC(67) User=0.06s Sys=0.00s Real=0.03s
[29.566s][info][gc,start       ] GC(68) Pause Young (Allocation Failure)
[29.642s][info][gc,heap        ] GC(68) PSYoungGen: 241120K(270336K)->39232K(247296K) Eden: 207872K(207872K)->0K(207872K) From: 33248K(62464K)->39232K(39424K)
[29.642s][info][gc,heap        ] GC(68) ParOldGen: 453336K(619520K)->486941K(619520K)
[29.642s][info][gc,metaspace   ] GC(68) Metaspace: 17342K(17472K)->17342K(17472K) NonClass: 15543K(15616K)->15543K(15616K) Class: 1799K(1856K)->1799K(1856K)
[29.642s][info][gc             ] GC(68) Pause Young (Allocation Failure) 678M->513M(846M) 75.616ms
[29.642s][info][gc,cpu         ] GC(68) User=0.15s Sys=0.00s Real=0.07s
[29.919s][info][gc,start       ] GC(69) Pause Young (Allocation Failure)
[29.991s][info][gc,heap        ] GC(69) PSYoungGen: 247104K(247296K)->23328K(272896K) Eden: 207872K(207872K)->0K(207872K) From: 39232K(39424K)->23328K(65024K)
[29.991s][info][gc,heap        ] GC(69) ParOldGen: 486941K(619520K)->526245K(619520K)
[29.992s][info][gc,metaspace   ] GC(69) Metaspace: 17342K(17472K)->17342K(17472K) NonClass: 15543K(15616K)->15543K(15616K) Class: 1799K(1856K)->1799K(1856K)
[29.992s][info][gc             ] GC(69) Pause Young (Allocation Failure) 716M->536M(871M) 72.067ms
[29.992s][info][gc,cpu         ] GC(69) User=0.14s Sys=0.00s Real=0.07s
[30.193s][info][gc,start       ] GC(70) Pause Young (Allocation Failure)
[30.221s][info][gc,heap        ] GC(70) PSYoungGen: 231200K(272896K)->864K(268800K) Eden: 207872K(207872K)->0K(207872K) From: 23328K(65024K)->864K(60928K)
[30.221s][info][gc,heap        ] GC(70) ParOldGen: 526245K(619520K)->549629K(619520K)
[30.221s][info][gc,metaspace   ] GC(70) Metaspace: 17342K(17472K)->17342K(17472K) NonClass: 15543K(15616K)->15543K(15616K) Class: 1799K(1856K)->1799K(1856K)
[30.221s][info][gc             ] GC(70) Pause Young (Allocation Failure) 739M->537M(867M) 27.770ms
[30.221s][info][gc,cpu         ] GC(70) User=0.06s Sys=0.00s Real=0.03s
[30.493s][info][gc,start       ] GC(71) Pause Young (Allocation Failure)
[30.511s][info][gc,heap        ] GC(71) PSYoungGen: 208736K(268800K)->14368K(270336K) Eden: 207872K(207872K)->0K(210432K) From: 864K(60928K)->14368K(59904K)
[30.511s][info][gc,heap        ] GC(71) ParOldGen: 549629K(619520K)->550453K(619520K)
[30.511s][info][gc,metaspace   ] GC(71) Metaspace: 17342K(17472K)->17342K(17472K) NonClass: 15543K(15616K)->15543K(15616K) Class: 1799K(1856K)->1799K(1856K)
[30.511s][info][gc             ] GC(71) Pause Young (Allocation Failure) 740M->551M(869M) 17.838ms
[30.511s][info][gc,cpu         ] GC(71) User=0.04s Sys=0.00s Real=0.02s
[30.981s][info][gc,start       ] GC(72) Pause Young (Allocation Failure)
[31.019s][info][gc,heap        ] GC(72) PSYoungGen: 224800K(270336K)->18464K(269312K) Eden: 210432K(210432K)->0K(210432K) From: 14368K(59904K)->18464K(58880K)
[31.019s][info][gc,heap        ] GC(72) ParOldGen: 550453K(619520K)->564829K(619520K)
[31.019s][info][gc,metaspace   ] GC(72) Metaspace: 17342K(17472K)->17342K(17472K) NonClass: 15543K(15616K)->15543K(15616K) Class: 1799K(1856K)->1799K(1856K)
[31.019s][info][gc             ] GC(72) Pause Young (Allocation Failure) 757M->569M(868M) 37.817ms
[31.019s][info][gc,cpu         ] GC(72) User=0.08s Sys=0.00s Real=0.04s
[31.842s][info][gc,start       ] GC(73) Pause Young (Allocation Failure)
[31.863s][info][gc,heap        ] GC(73) PSYoungGen: 228896K(269312K)->64K(270848K) Eden: 210432K(210432K)->0K(215040K) From: 18464K(58880K)->64K(55808K)
[31.863s][info][gc,heap        ] GC(73) ParOldGen: 564829K(619520K)->583333K(619520K)
[31.863s][info][gc,metaspace   ] GC(73) Metaspace: 17343K(17472K)->17343K(17472K) NonClass: 15544K(15616K)->15544K(15616K) Class: 1799K(1856K)->1799K(1856K)
[31.863s][info][gc             ] GC(73) Pause Young (Allocation Failure) 775M->569M(869M) 21.700ms
[31.863s][info][gc,cpu         ] GC(73) User=0.04s Sys=0.00s Real=0.02s
[32.479s][info][gc,start       ] GC(74) Pause Young (Allocation Failure)
[32.492s][info][gc,heap        ] GC(74) PSYoungGen: 215104K(270848K)->736K(270848K) Eden: 215040K(215040K)->0K(215040K) From: 64K(55808K)->736K(55808K)
[32.492s][info][gc,heap        ] GC(74) ParOldGen: 583333K(619520K)->583373K(619520K)
[32.492s][info][gc,metaspace   ] GC(74) Metaspace: 17343K(17472K)->17343K(17472K) NonClass: 15544K(15616K)->15544K(15616K) Class: 1799K(1856K)->1799K(1856K)
[32.492s][info][gc             ] GC(74) Pause Young (Allocation Failure) 779M->570M(869M) 13.218ms
[32.492s][info][gc,cpu         ] GC(74) User=0.03s Sys=0.00s Real=0.01s
[32.740s][info][gc,start       ] GC(75) Pause Young (Allocation Failure)
[32.801s][info][gc,heap        ] GC(75) PSYoungGen: 215776K(270848K)->55264K(243712K) Eden: 215040K(215040K)->0K(188416K) From: 736K(55808K)->55264K(55296K)
[32.801s][info][gc,heap        ] GC(75) ParOldGen: 583373K(619520K)->602501K(619520K)
[32.801s][info][gc,metaspace   ] GC(75) Metaspace: 17343K(17472K)->17343K(17472K) NonClass: 15544K(15616K)->15544K(15616K) Class: 1799K(1856K)->1799K(1856K)
[32.801s][info][gc             ] GC(75) Pause Young (Allocation Failure) 780M->642M(843M) 61.409ms
[32.801s][info][gc,cpu         ] GC(75) User=0.11s Sys=0.01s Real=0.06s
[33.237s][info][gc,start       ] GC(76) Pause Young (Allocation Failure)
[33.320s][info][gc,heap        ] GC(76) PSYoungGen: 243680K(243712K)->9984K(261120K) Eden: 188416K(188416K)->0K(188416K) From: 55264K(55296K)->9984K(72704K)
[33.320s][info][gc,heap        ] GC(76) ParOldGen: 602501K(619520K)->658422K(658432K)
[33.320s][info][gc,metaspace   ] GC(76) Metaspace: 17344K(17472K)->17344K(17472K) NonClass: 15545K(15616K)->15545K(15616K) Class: 1799K(1856K)->1799K(1856K)
[33.320s][info][gc             ] GC(76) Pause Young (Allocation Failure) 826M->652M(898M) 83.076ms
[33.320s][info][gc,cpu         ] GC(76) User=0.11s Sys=0.05s Real=0.08s
[33.623s][info][gc,start       ] GC(77) Pause Full (Allocation Failure)
[33.623s][info][gc,phases,start] GC(77) Marking Phase
[34.127s][info][gc,phases      ] GC(77) Marking Phase 504.044ms
[34.127s][info][gc,phases,start] GC(77) Summary Phase
[34.127s][info][gc,phases      ] GC(77) Summary Phase 0.034ms
[34.127s][info][gc,phases,start] GC(77) Forward
[34.222s][info][gc,phases      ] GC(77) Forward 94.897ms
[34.222s][info][gc,phases,start] GC(77) Adjust Pointers
[34.593s][info][gc,phases      ] GC(77) Adjust Pointers 370.802ms
[34.593s][info][gc,phases,start] GC(77) Compaction Phase
[34.809s][info][gc,phases      ] GC(77) Compaction Phase 216.382ms
[34.819s][info][gc,phases,start] GC(77) Post Compact
[34.822s][info][gc,phases      ] GC(77) Post Compact 2.641ms
[34.822s][info][gc,heap        ] GC(77) PSYoungGen: 198400K(261120K)->33038K(254976K) Eden: 188416K(188416K)->33038K(188416K) From: 9984K(72704K)->0K(66560K)
[34.822s][info][gc,heap        ] GC(77) ParOldGen: 658422K(658432K)->658255K(667648K)
[34.822s][info][gc,metaspace   ] GC(77) Metaspace: 17344K(17472K)->17344K(17472K) NonClass: 15545K(15616K)->15545K(15616K) Class: 1799K(1856K)->1799K(1856K)
[34.822s][info][gc             ] GC(77) Pause Full (Allocation Failure) 836M->675M(901M) 1199.339ms
[34.822s][info][gc,cpu         ] GC(77) User=2.36s Sys=0.01s Real=1.20s
[34.971s][info][gc,start       ] GC(78) Pause Full (Allocation Failure)
[34.971s][info][gc,phases,start] GC(78) Marking Phase
[35.482s][info][gc,phases      ] GC(78) Marking Phase 511.839ms
[35.483s][info][gc,phases,start] GC(78) Summary Phase
[35.483s][info][gc,phases      ] GC(78) Summary Phase 0.032ms
[35.483s][info][gc,phases,start] GC(78) Forward
[35.611s][info][gc,phases      ] GC(78) Forward 128.734ms
[35.611s][info][gc,phases,start] GC(78) Adjust Pointers
[36.014s][info][gc,phases      ] GC(78) Adjust Pointers 402.423ms
[36.014s][info][gc,phases,start] GC(78) Compaction Phase
[36.229s][info][gc,phases      ] GC(78) Compaction Phase 214.845ms
[36.241s][info][gc,phases,start] GC(78) Post Compact
[36.243s][info][gc,phases      ] GC(78) Post Compact 2.595ms
[36.243s][info][gc,heap        ] GC(78) PSYoungGen: 188416K(254976K)->6072K(261120K) Eden: 188416K(188416K)->6072K(188416K) From: 0K(66560K)->0K(72704K)
[36.243s][info][gc,heap        ] GC(78) ParOldGen: 658255K(667648K)->667424K(667648K)
[36.243s][info][gc,metaspace   ] GC(78) Metaspace: 17344K(17472K)->17344K(17472K) NonClass: 15545K(15616K)->15545K(15616K) Class: 1799K(1856K)->1799K(1856K)
[36.244s][info][gc             ] GC(78) Pause Full (Allocation Failure) 826M->657M(907M) 1272.958ms
[36.244s][info][gc,cpu         ] GC(78) User=2.50s Sys=0.01s Real=1.28s
[36.428s][info][gc,start       ] GC(79) Pause Full (Allocation Failure)
[36.428s][info][gc,phases,start] GC(79) Marking Phase
[36.955s][info][gc,phases      ] GC(79) Marking Phase 527.565ms
[36.955s][info][gc,phases,start] GC(79) Summary Phase
[36.955s][info][gc,phases      ] GC(79) Summary Phase 0.025ms
[36.955s][info][gc,phases,start] GC(79) Forward
[36.959s][info][gc,phases      ] GC(79) Forward 3.777ms
[36.959s][info][gc,phases,start] GC(79) Adjust Pointers
[37.303s][info][gc,phases      ] GC(79) Adjust Pointers 343.762ms
[37.303s][info][gc,phases,start] GC(79) Compaction Phase
[37.443s][info][gc,phases      ] GC(79) Compaction Phase 140.261ms
[37.443s][info][gc,phases,start] GC(79) Post Compact
[37.446s][info][gc,phases      ] GC(79) Post Compact 2.531ms
[37.446s][info][gc,heap        ] GC(79) PSYoungGen: 188416K(261120K)->6880K(254976K) Eden: 188416K(188416K)->6880K(188416K) From: 0K(72704K)->0K(66560K)
[37.446s][info][gc,heap        ] GC(79) ParOldGen: 667424K(667648K)->667424K(667648K)
[37.446s][info][gc,metaspace   ] GC(79) Metaspace: 17344K(17472K)->17344K(17472K) NonClass: 15545K(15616K)->15545K(15616K) Class: 1799K(1856K)->1799K(1856K)
[37.446s][info][gc             ] GC(79) Pause Full (Allocation Failure) 835M->658M(901M) 1018.329ms
[37.446s][info][gc,cpu         ] GC(79) User=2.00s Sys=0.00s Real=1.02s
[37.702s][info][gc,start       ] GC(80) Pause Full (Allocation Failure)
[37.702s][info][gc,phases,start] GC(80) Marking Phase
[38.207s][info][gc,phases      ] GC(80) Marking Phase 505.112ms
[38.207s][info][gc,phases,start] GC(80) Summary Phase
[38.207s][info][gc,phases      ] GC(80) Summary Phase 0.026ms
[38.207s][info][gc,phases,start] GC(80) Forward
[38.235s][info][gc,phases      ] GC(80) Forward 27.232ms
[38.235s][info][gc,phases,start] GC(80) Adjust Pointers
[38.575s][info][gc,phases      ] GC(80) Adjust Pointers 340.495ms
[38.575s][info][gc,phases,start] GC(80) Compaction Phase
[38.711s][info][gc,phases      ] GC(80) Compaction Phase 136.244ms
[38.717s][info][gc,phases,start] GC(80) Post Compact
[38.719s][info][gc,phases      ] GC(80) Post Compact 2.540ms
[38.719s][info][gc,heap        ] GC(80) PSYoungGen: 188416K(254976K)->11950K(261120K) Eden: 188416K(188416K)->11950K(188416K) From: 0K(66560K)->0K(72704K)
[38.719s][info][gc,heap        ] GC(80) ParOldGen: 667424K(667648K)->667423K(667648K)
[38.719s][info][gc,metaspace   ] GC(80) Metaspace: 17345K(17472K)->17345K(17472K) NonClass: 15546K(15616K)->15546K(15616K) Class: 1799K(1856K)->1799K(1856K)
[38.719s][info][gc             ] GC(80) Pause Full (Allocation Failure) 835M->663M(907M) 1017.310ms
[38.719s][info][gc,cpu         ] GC(80) User=1.99s Sys=0.00s Real=1.02s
[39.007s][info][gc,start       ] GC(81) Pause Full (Allocation Failure)
[39.007s][info][gc,phases,start] GC(81) Marking Phase
[39.410s][info][gc,phases      ] GC(81) Marking Phase 402.559ms
[39.410s][info][gc,phases,start] GC(81) Summary Phase
[39.410s][info][gc,phases      ] GC(81) Summary Phase 0.031ms
[39.410s][info][gc,phases,start] GC(81) Forward
[39.528s][info][gc,phases      ] GC(81) Forward 118.778ms
[39.529s][info][gc,phases,start] GC(81) Adjust Pointers
[39.837s][info][gc,phases      ] GC(81) Adjust Pointers 308.455ms
[39.837s][info][gc,phases,start] GC(81) Compaction Phase
[40.019s][info][gc,phases      ] GC(81) Compaction Phase 182.237ms
[40.029s][info][gc,phases,start] GC(81) Post Compact
[40.032s][info][gc,phases      ] GC(81) Post Compact 2.585ms
[40.032s][info][gc,heap        ] GC(81) PSYoungGen: 188416K(261120K)->0K(261120K) Eden: 188416K(188416K)->0K(194560K) From: 0K(72704K)->0K(66560K)
[40.032s][info][gc,heap        ] GC(81) ParOldGen: 667423K(667648K)->575254K(667648K)
[40.032s][info][gc,metaspace   ] GC(81) Metaspace: 17345K(17472K)->17345K(17472K) NonClass: 15546K(15616K)->15546K(15616K) Class: 1799K(1856K)->1799K(1856K)
[40.032s][info][gc             ] GC(81) Pause Full (Allocation Failure) 835M->561M(907M) 1024.782ms
[40.032s][info][gc,cpu         ] GC(81) User=1.97s Sys=0.00s Real=1.02s
[40.577s][info][gc,start       ] GC(82) Pause Young (Allocation Failure)
[40.593s][info][gc,heap        ] GC(82) PSYoungGen: 194560K(261120K)->11675K(264192K) Eden: 194560K(194560K)->0K(194560K) From: 0K(66560K)->11675K(69632K)
[40.593s][info][gc,heap        ] GC(82) ParOldGen: 575254K(667648K)->575254K(667648K)
[40.593s][info][gc,metaspace   ] GC(82) Metaspace: 17363K(17472K)->17363K(17472K) NonClass: 15562K(15616K)->15562K(15616K) Class: 1801K(1856K)->1801K(1856K)
[40.593s][info][gc             ] GC(82) Pause Young (Allocation Failure) 751M->573M(910M) 16.224ms
[40.593s][info][gc,cpu         ] GC(82) User=0.03s Sys=0.00s Real=0.01s
[40.974s][info][gc,start       ] GC(83) Pause Young (Allocation Failure)
[40.987s][info][gc,heap        ] GC(83) PSYoungGen: 206235K(264192K)->10139K(259072K) Eden: 194560K(194560K)->0K(197632K) From: 11675K(69632K)->10139K(61440K)
[40.987s][info][gc,heap        ] GC(83) ParOldGen: 575254K(667648K)->575254K(667648K)
[40.987s][info][gc,metaspace   ] GC(83) Metaspace: 17393K(17600K)->17393K(17600K) NonClass: 15590K(15744K)->15590K(15744K) Class: 1802K(1856K)->1802K(1856K)
[40.987s][info][gc             ] GC(83) Pause Young (Allocation Failure) 763M->571M(905M) 12.767ms
[40.987s][info][gc,cpu         ] GC(83) User=0.02s Sys=0.00s Real=0.01s
[41.469s][info][gc,start       ] GC(84) Pause Young (Allocation Failure)
[41.506s][info][gc,heap        ] GC(84) PSYoungGen: 207771K(259072K)->35115K(261632K) Eden: 197632K(197632K)->0K(197632K) From: 10139K(61440K)->35115K(64000K)
[41.506s][info][gc,heap        ] GC(84) ParOldGen: 575254K(667648K)->575254K(667648K)
[41.506s][info][gc,metaspace   ] GC(84) Metaspace: 17426K(17600K)->17426K(17600K) NonClass: 15620K(15744K)->15620K(15744K) Class: 1805K(1856K)->1805K(1856K)
[41.506s][info][gc             ] GC(84) Pause Young (Allocation Failure) 764M->596M(907M) 37.156ms
[41.506s][info][gc,cpu         ] GC(84) User=0.07s Sys=0.00s Real=0.04s
[41.843s][info][gc,start       ] GC(85) Pause Young (Allocation Failure)
[41.887s][info][gc,heap        ] GC(85) PSYoungGen: 232747K(261632K)->44875K(259584K) Eden: 197632K(197632K)->0K(194560K) From: 35115K(64000K)->44875K(65024K)
[41.887s][info][gc,heap        ] GC(85) ParOldGen: 575254K(667648K)->575254K(667648K)
[41.887s][info][gc,metaspace   ] GC(85) Metaspace: 17435K(17600K)->17435K(17600K) NonClass: 15629K(15744K)->15629K(15744K) Class: 1805K(1856K)->1805K(1856K)
[41.887s][info][gc             ] GC(85) Pause Young (Allocation Failure) 789M->605M(905M) 44.371ms
[41.887s][info][gc,cpu         ] GC(85) User=0.08s Sys=0.00s Real=0.05s
[42.539s][info][gc,start       ] GC(86) Pause Young (Allocation Failure)
[42.585s][info][gc,heap        ] GC(86) PSYoungGen: 239435K(259584K)->50251K(245248K) Eden: 194560K(194560K)->0K(194560K) From: 44875K(65024K)->50251K(50688K)
[42.585s][info][gc,heap        ] GC(86) ParOldGen: 575254K(667648K)->575254K(667648K)
[42.585s][info][gc,metaspace   ] GC(86) Metaspace: 17459K(17600K)->17459K(17600K) NonClass: 15654K(15744K)->15654K(15744K) Class: 1805K(1856K)->1805K(1856K)
[42.585s][info][gc             ] GC(86) Pause Young (Allocation Failure) 795M->610M(891M) 46.501ms
[42.585s][info][gc,cpu         ] GC(86) User=0.09s Sys=0.00s Real=0.05s
[42.910s][info][gc,start       ] GC(87) Pause Young (Allocation Failure)
[42.983s][info][gc,heap        ] GC(87) PSYoungGen: 244811K(245248K)->74747K(232448K) Eden: 194560K(194560K)->0K(157696K) From: 50251K(50688K)->74747K(74752K)
[42.984s][info][gc,heap        ] GC(87) ParOldGen: 575254K(667648K)->575390K(667648K)
[42.984s][info][gc,metaspace   ] GC(87) Metaspace: 17460K(17600K)->17460K(17600K) NonClass: 15655K(15744K)->15655K(15744K) Class: 1805K(1856K)->1805K(1856K)
[42.984s][info][gc             ] GC(87) Pause Young (Allocation Failure) 800M->634M(879M) 73.149ms
[42.984s][info][gc,cpu         ] GC(87) User=0.13s Sys=0.01s Real=0.08s
[43.110s][info][gc,start       ] GC(88) Pause Young (Allocation Failure)
[43.228s][info][gc,heap        ] GC(88) PSYoungGen: 232443K(232448K)->88032K(245760K) Eden: 157696K(157696K)->0K(157696K) From: 74747K(74752K)->88032K(88064K)
[43.228s][info][gc,heap        ] GC(88) ParOldGen: 575390K(667648K)->621426K(667648K)
[43.228s][info][gc,metaspace   ] GC(88) Metaspace: 17460K(17600K)->17460K(17600K) NonClass: 15655K(15744K)->15655K(15744K) Class: 1805K(1856K)->1805K(1856K)
[43.228s][info][gc             ] GC(88) Pause Young (Allocation Failure) 788M->692M(892M) 118.926ms
[43.228s][info][gc,cpu         ] GC(88) User=0.23s Sys=0.00s Real=0.12s
[43.610s][info][gc,start       ] GC(89) Pause Full (Allocation Failure)
[43.610s][info][gc,phases,start] GC(89) Marking Phase
[43.985s][info][gc,phases      ] GC(89) Marking Phase 374.698ms
[43.985s][info][gc,phases,start] GC(89) Summary Phase
[43.985s][info][gc,phases      ] GC(89) Summary Phase 0.034ms
[43.985s][info][gc,phases,start] GC(89) Forward
[44.072s][info][gc,phases      ] GC(89) Forward 87.578ms
[44.072s][info][gc,phases,start] GC(89) Adjust Pointers
[44.303s][info][gc,phases      ] GC(89) Adjust Pointers 230.808ms
[44.303s][info][gc,phases,start] GC(89) Compaction Phase
[44.418s][info][gc,phases      ] GC(89) Compaction Phase 114.721ms
[44.423s][info][gc,phases,start] GC(89) Post Compact
[44.426s][info][gc,phases      ] GC(89) Post Compact 2.726ms
[44.426s][info][gc,heap        ] GC(89) PSYoungGen: 245728K(245760K)->0K(199680K) Eden: 157696K(157696K)->0K(111616K) From: 88032K(88064K)->0K(88064K)
[44.426s][info][gc,heap        ] GC(89) ParOldGen: 621426K(667648K)->497673K(667648K)
[44.426s][info][gc,metaspace   ] GC(89) Metaspace: 17461K(17600K)->17461K(17600K) NonClass: 15655K(15744K)->15655K(15744K) Class: 1805K(1856K)->1805K(1856K)
[44.426s][info][gc             ] GC(89) Pause Full (Allocation Failure) 846M->486M(847M) 816.366ms
[44.426s][info][gc,cpu         ] GC(89) User=1.54s Sys=0.00s Real=0.82s
[44.701s][info][gc,start       ] GC(90) Pause Young (Allocation Failure)
[44.742s][info][gc,heap        ] GC(90) PSYoungGen: 111616K(199680K)->24224K(222720K) Eden: 111616K(111616K)->0K(111616K) From: 0K(88064K)->24224K(111104K)
[44.742s][info][gc,heap        ] GC(90) ParOldGen: 497673K(667648K)->497673K(667648K)
[44.742s][info][gc,metaspace   ] GC(90) Metaspace: 17462K(17600K)->17462K(17600K) NonClass: 15656K(15744K)->15656K(15744K) Class: 1805K(1856K)->1805K(1856K)
[44.742s][info][gc             ] GC(90) Pause Young (Allocation Failure) 595M->509M(869M) 40.886ms
[44.742s][info][gc,cpu         ] GC(90) User=0.09s Sys=0.00s Real=0.04s
[44.867s][info][gc,start       ] GC(91) Pause Young (Allocation Failure)
[44.922s][info][gc,heap        ] GC(91) PSYoungGen: 135840K(222720K)->45472K(220672K) Eden: 111616K(111616K)->0K(111616K) From: 24224K(111104K)->45472K(109056K)
[44.922s][info][gc,heap        ] GC(91) ParOldGen: 497673K(667648K)->497673K(667648K)
[44.922s][info][gc,metaspace   ] GC(91) Metaspace: 17462K(17600K)->17462K(17600K) NonClass: 15656K(15744K)->15656K(15744K) Class: 1805K(1856K)->1805K(1856K)
[44.922s][info][gc             ] GC(91) Pause Young (Allocation Failure) 618M->530M(867M) 54.987ms
[44.922s][info][gc,cpu         ] GC(91) User=0.11s Sys=0.00s Real=0.05s
[45.041s][info][gc,start       ] GC(92) Pause Young (Allocation Failure)
[45.108s][info][gc,heap        ] GC(92) PSYoungGen: 157088K(220672K)->60256K(221696K) Eden: 111616K(111616K)->0K(111616K) From: 45472K(109056K)->60256K(110080K)
[45.108s][info][gc,heap        ] GC(92) ParOldGen: 497673K(667648K)->497673K(667648K)
[45.108s][info][gc,metaspace   ] GC(92) Metaspace: 17462K(17600K)->17462K(17600K) NonClass: 15656K(15744K)->15656K(15744K) Class: 1805K(1856K)->1805K(1856K)
[45.108s][info][gc             ] GC(92) Pause Young (Allocation Failure) 639M->544M(868M) 67.103ms
[45.108s][info][gc,cpu         ] GC(92) User=0.13s Sys=0.00s Real=0.07s
[45.206s][info][gc,start       ] GC(93) Pause Young (Allocation Failure)
[45.277s][info][gc,heap        ] GC(93) PSYoungGen: 171872K(221696K)->61120K(223232K) Eden: 111616K(111616K)->0K(112640K) From: 60256K(110080K)->61120K(110592K)
[45.277s][info][gc,heap        ] GC(93) ParOldGen: 497673K(667648K)->497673K(667648K)
[45.277s][info][gc,metaspace   ] GC(93) Metaspace: 17462K(17600K)->17462K(17600K) NonClass: 15656K(15744K)->15656K(15744K) Class: 1805K(1856K)->1805K(1856K)
[45.277s][info][gc             ] GC(93) Pause Young (Allocation Failure) 653M->545M(870M) 70.892ms
[45.277s][info][gc,cpu         ] GC(93) User=0.14s Sys=0.01s Real=0.07s
[45.407s][info][gc,start       ] GC(94) Pause Young (Allocation Failure)
[45.492s][info][gc,heap        ] GC(94) PSYoungGen: 173760K(223232K)->61824K(223232K) Eden: 112640K(112640K)->0K(112640K) From: 61120K(110592K)->61824K(110592K)
[45.492s][info][gc,heap        ] GC(94) ParOldGen: 497673K(667648K)->497673K(667648K)
[45.492s][info][gc,metaspace   ] GC(94) Metaspace: 17462K(17600K)->17462K(17600K) NonClass: 15656K(15744K)->15656K(15744K) Class: 1805K(1856K)->1805K(1856K)
[45.492s][info][gc             ] GC(94) Pause Young (Allocation Failure) 655M->546M(870M) 85.342ms
[45.492s][info][gc,cpu         ] GC(94) User=0.17s Sys=0.00s Real=0.08s
[45.631s][info][gc,start       ] GC(95) Pause Young (Allocation Failure)
[45.711s][info][gc,heap        ] GC(95) PSYoungGen: 174464K(223232K)->66080K(222208K) Eden: 112640K(112640K)->0K(111616K) From: 61824K(110592K)->66080K(110592K)
[45.711s][info][gc,heap        ] GC(95) ParOldGen: 497673K(667648K)->497673K(667648K)
[45.711s][info][gc,metaspace   ] GC(95) Metaspace: 17462K(17600K)->17462K(17600K) NonClass: 15656K(15744K)->15656K(15744K) Class: 1805K(1856K)->1805K(1856K)
[45.711s][info][gc             ] GC(95) Pause Young (Allocation Failure) 656M->550M(869M) 79.542ms
[45.711s][info][gc,cpu         ] GC(95) User=0.16s Sys=0.00s Real=0.08s
[45.834s][info][gc,start       ] GC(96) Pause Young (Allocation Failure)
[45.914s][info][gc,heap        ] GC(96) PSYoungGen: 177696K(222208K)->42208K(154112K) Eden: 111616K(111616K)->0K(111616K) From: 66080K(110592K)->42208K(42496K)
[45.914s][info][gc,heap        ] GC(96) ParOldGen: 497673K(667648K)->521961K(667648K)
[45.914s][info][gc,metaspace   ] GC(96) Metaspace: 17462K(17600K)->17462K(17600K) NonClass: 15657K(15744K)->15657K(15744K) Class: 1805K(1856K)->1805K(1856K)
[45.914s][info][gc             ] GC(96) Pause Young (Allocation Failure) 659M->550M(802M) 80.845ms
[45.914s][info][gc,cpu         ] GC(96) User=0.16s Sys=0.00s Real=0.08s
[46.085s][info][gc,start       ] GC(97) Pause Young (Allocation Failure)
[46.155s][info][gc,heap        ] GC(97) PSYoungGen: 153824K(154112K)->75728K(214016K) Eden: 111616K(111616K)->0K(107520K) From: 42208K(42496K)->75728K(106496K)
[46.155s][info][gc,heap        ] GC(97) ParOldGen: 521961K(667648K)->521961K(667648K)
[46.155s][info][gc,metaspace   ] GC(97) Metaspace: 17462K(17600K)->17462K(17600K) NonClass: 15657K(15744K)->15657K(15744K) Class: 1805K(1856K)->1805K(1856K)
[46.155s][info][gc             ] GC(97) Pause Young (Allocation Failure) 659M->583M(861M) 69.731ms
[46.155s][info][gc,cpu         ] GC(97) User=0.14s Sys=0.00s Real=0.07s
[46.287s][info][gc,start       ] GC(98) Pause Young (Allocation Failure)
[46.394s][info][gc,heap        ] GC(98) PSYoungGen: 183248K(214016K)->102352K(218624K) Eden: 107520K(107520K)->0K(107520K) From: 75728K(106496K)->102352K(111104K)
[46.394s][info][gc,heap        ] GC(98) ParOldGen: 521961K(667648K)->521961K(667648K)
[46.394s][info][gc,metaspace   ] GC(98) Metaspace: 17463K(17600K)->17463K(17600K) NonClass: 15657K(15744K)->15657K(15744K) Class: 1805K(1856K)->1805K(1856K)
[46.394s][info][gc             ] GC(98) Pause Young (Allocation Failure) 688M->609M(865M) 107.616ms
[46.394s][info][gc,cpu         ] GC(98) User=0.22s Sys=0.00s Real=0.11s
[46.543s][info][gc,start       ] GC(99) Pause Young (Allocation Failure)
[46.664s][info][gc,heap        ] GC(99) PSYoungGen: 209872K(218624K)->87488K(222720K) Eden: 107520K(107520K)->0K(111616K) From: 102352K(111104K)->87488K(111104K)
[46.664s][info][gc,heap        ] GC(99) ParOldGen: 521961K(667648K)->558089K(667648K)
[46.664s][info][gc,metaspace   ] GC(99) Metaspace: 17463K(17600K)->17463K(17600K) NonClass: 15657K(15744K)->15657K(15744K) Class: 1805K(1856K)->1805K(1856K)
[46.664s][info][gc             ] GC(99) Pause Young (Allocation Failure) 714M->630M(869M) 121.035ms
[46.664s][info][gc,cpu         ] GC(99) User=0.24s Sys=0.00s Real=0.13s
[46.963s][info][gc,start       ] GC(100) Pause Young (Allocation Failure)
[47.098s][info][gc,heap        ] GC(100) PSYoungGen: 199104K(222720K)->88000K(222720K) Eden: 111616K(111616K)->0K(111616K) From: 87488K(111104K)->88000K(111104K)
[47.098s][info][gc,heap        ] GC(100) ParOldGen: 558089K(667648K)->559673K(667648K)
[47.098s][info][gc,metaspace   ] GC(100) Metaspace: 17463K(17600K)->17463K(17600K) NonClass: 15657K(15744K)->15657K(15744K) Class: 1805K(1856K)->1805K(1856K)
[47.098s][info][gc             ] GC(100) Pause Young (Allocation Failure) 739M->632M(869M) 135.127ms
[47.098s][info][gc,cpu         ] GC(100) User=0.27s Sys=0.00s Real=0.14s
[47.331s][info][gc,start       ] GC(101) Pause Young (Allocation Failure)
[47.428s][info][gc,heap        ] GC(101) PSYoungGen: 199616K(222720K)->97200K(222720K) Eden: 111616K(111616K)->0K(111616K) From: 88000K(111104K)->97200K(111104K)
[47.428s][info][gc,heap        ] GC(101) ParOldGen: 559673K(667648K)->564281K(667648K)
[47.428s][info][gc,metaspace   ] GC(101) Metaspace: 17463K(17600K)->17463K(17600K) NonClass: 15657K(15744K)->15657K(15744K) Class: 1805K(1856K)->1805K(1856K)
[47.428s][info][gc             ] GC(101) Pause Young (Allocation Failure) 741M->645M(869M) 97.073ms
[47.428s][info][gc,cpu         ] GC(101) User=0.19s Sys=0.00s Real=0.10s
[47.529s][info][gc,start       ] GC(102) Pause Young (Allocation Failure)
[47.630s][info][gc,heap        ] GC(102) PSYoungGen: 208816K(222720K)->45920K(222720K) Eden: 111616K(111616K)->0K(111616K) From: 97200K(111104K)->45920K(111104K)
[47.630s][info][gc,heap        ] GC(102) ParOldGen: 564281K(667648K)->624975K(667648K)
[47.630s][info][gc,metaspace   ] GC(102) Metaspace: 17463K(17600K)->17463K(17600K) NonClass: 15657K(15744K)->15657K(15744K) Class: 1805K(1856K)->1805K(1856K)
[47.630s][info][gc             ] GC(102) Pause Young (Allocation Failure) 754M->655M(869M) 101.522ms
[47.630s][info][gc,cpu         ] GC(102) User=0.20s Sys=0.00s Real=0.10s
[47.765s][info][gc,start       ] GC(103) Pause Full (Allocation Failure)
[47.765s][info][gc,phases,start] GC(103) Marking Phase
[48.125s][info][gc,phases      ] GC(103) Marking Phase 359.909ms
[48.125s][info][gc,phases,start] GC(103) Summary Phase
[48.125s][info][gc,phases      ] GC(103) Summary Phase 0.027ms
[48.125s][info][gc,phases,start] GC(103) Forward
[48.237s][info][gc,phases      ] GC(103) Forward 111.735ms
[48.237s][info][gc,phases,start] GC(103) Adjust Pointers
[48.501s][info][gc,phases      ] GC(103) Adjust Pointers 264.089ms
[48.501s][info][gc,phases,start] GC(103) Compaction Phase
[48.648s][info][gc,phases      ] GC(103) Compaction Phase 147.016ms
[48.658s][info][gc,phases,start] GC(103) Post Compact
[48.660s][info][gc,phases      ] GC(103) Post Compact 2.481ms
[48.660s][info][gc,heap        ] GC(103) PSYoungGen: 157536K(222720K)->0K(222720K) Eden: 111616K(111616K)->0K(111616K) From: 45920K(111104K)->0K(111104K)
[48.660s][info][gc,heap        ] GC(103) ParOldGen: 624975K(667648K)->482384K(667648K)
[48.660s][info][gc,metaspace   ] GC(103) Metaspace: 17463K(17600K)->17463K(17600K) NonClass: 15657K(15744K)->15657K(15744K) Class: 1805K(1856K)->1805K(1856K)
[48.660s][info][gc             ] GC(103) Pause Full (Allocation Failure) 764M->471M(869M) 895.233ms
[48.660s][info][gc,cpu         ] GC(103) User=1.70s Sys=0.00s Real=0.89s
[48.885s][info][gc,start       ] GC(104) Pause Young (Allocation Failure)
[48.894s][info][gc,heap        ] GC(104) PSYoungGen: 111616K(222720K)->7616K(222720K) Eden: 111616K(111616K)->0K(111616K) From: 0K(111104K)->7616K(111104K)
[48.894s][info][gc,heap        ] GC(104) ParOldGen: 482384K(667648K)->482384K(667648K)
[48.894s][info][gc,metaspace   ] GC(104) Metaspace: 17463K(17600K)->17463K(17600K) NonClass: 15657K(15744K)->15657K(15744K) Class: 1805K(1856K)->1805K(1856K)
[48.894s][info][gc             ] GC(104) Pause Young (Allocation Failure) 580M->478M(869M) 9.831ms
[48.895s][info][gc,cpu         ] GC(104) User=0.02s Sys=0.00s Real=0.01s
[49.165s][info][gc,start       ] GC(105) Pause Young (Allocation Failure)
[49.184s][info][gc,heap        ] GC(105) PSYoungGen: 119232K(222720K)->15616K(222720K) Eden: 111616K(111616K)->0K(111616K) From: 7616K(111104K)->15616K(111104K)
[49.184s][info][gc,heap        ] GC(105) ParOldGen: 482384K(667648K)->482384K(667648K)
[49.184s][info][gc,metaspace   ] GC(105) Metaspace: 17464K(17600K)->17464K(17600K) NonClass: 15659K(15744K)->15659K(15744K) Class: 1805K(1856K)->1805K(1856K)
[49.184s][info][gc             ] GC(105) Pause Young (Allocation Failure) 587M->486M(869M) 19.059ms
[49.184s][info][gc,cpu         ] GC(105) User=0.04s Sys=0.00s Real=0.02s
[49.450s][info][gc,start       ] GC(106) Pause Young (Allocation Failure)
[49.469s][info][gc,heap        ] GC(106) PSYoungGen: 127232K(222720K)->64K(222720K) Eden: 111616K(111616K)->0K(111616K) From: 15616K(111104K)->64K(111104K)
[49.469s][info][gc,heap        ] GC(106) ParOldGen: 482384K(667648K)->498019K(667648K)
[49.469s][info][gc,metaspace   ] GC(106) Metaspace: 17464K(17600K)->17464K(17600K) NonClass: 15659K(15744K)->15659K(15744K) Class: 1805K(1856K)->1805K(1856K)
[49.469s][info][gc             ] GC(106) Pause Young (Allocation Failure) 595M->486M(869M) 18.785ms
[49.469s][info][gc,cpu         ] GC(106) User=0.04s Sys=0.00s Real=0.02s
[49.720s][info][gc,start       ] GC(107) Pause Young (Allocation Failure)
[49.722s][info][gc,heap        ] GC(107) PSYoungGen: 111680K(222720K)->64K(222720K) Eden: 111616K(111616K)->0K(111616K) From: 64K(111104K)->64K(111104K)
[49.722s][info][gc,heap        ] GC(107) ParOldGen: 498019K(667648K)->498062K(667648K)
[49.722s][info][gc,metaspace   ] GC(107) Metaspace: 17464K(17600K)->17464K(17600K) NonClass: 15659K(15744K)->15659K(15744K) Class: 1805K(1856K)->1805K(1856K)
[49.722s][info][gc             ] GC(107) Pause Young (Allocation Failure) 595M->486M(869M) 1.759ms
[49.722s][info][gc,cpu         ] GC(107) User=0.00s Sys=0.00s Real=0.00s
[49.985s][info][gc,start       ] GC(108) Pause Young (Allocation Failure)
[49.987s][info][gc,heap        ] GC(108) PSYoungGen: 111680K(222720K)->64K(222720K) Eden: 111616K(111616K)->0K(111616K) From: 64K(111104K)->64K(111104K)
[49.987s][info][gc,heap        ] GC(108) ParOldGen: 498062K(667648K)->498078K(667648K)
[49.987s][info][gc,metaspace   ] GC(108) Metaspace: 17465K(17600K)->17465K(17600K) NonClass: 15659K(15744K)->15659K(15744K) Class: 1805K(1856K)->1805K(1856K)
[49.987s][info][gc             ] GC(108) Pause Young (Allocation Failure) 595M->486M(869M) 1.810ms
[49.987s][info][gc,cpu         ] GC(108) User=0.01s Sys=0.00s Real=0.00s
[50.250s][info][gc,start       ] GC(109) Pause Young (Allocation Failure)
[50.258s][info][gc,heap        ] GC(109) PSYoungGen: 111680K(222720K)->800K(222720K) Eden: 111616K(111616K)->0K(111616K) From: 64K(111104K)->800K(111104K)
[50.258s][info][gc,heap        ] GC(109) ParOldGen: 498078K(667648K)->498094K(667648K)
[50.258s][info][gc,metaspace   ] GC(109) Metaspace: 17465K(17600K)->17465K(17600K) NonClass: 15660K(15744K)->15660K(15744K) Class: 1805K(1856K)->1805K(1856K)
[50.258s][info][gc             ] GC(109) Pause Young (Allocation Failure) 595M->487M(869M) 8.652ms
[50.258s][info][gc,cpu         ] GC(109) User=0.01s Sys=0.00s Real=0.01s
[50.382s][info][gc,start       ] GC(110) Pause Young (Allocation Failure)
[50.412s][info][gc,heap        ] GC(110) PSYoungGen: 112416K(222720K)->36576K(222720K) Eden: 111616K(111616K)->0K(111616K) From: 800K(111104K)->36576K(111104K)
[50.412s][info][gc,heap        ] GC(110) ParOldGen: 498094K(667648K)->498857K(667648K)
[50.412s][info][gc,metaspace   ] GC(110) Metaspace: 17466K(17600K)->17466K(17600K) NonClass: 15660K(15744K)->15660K(15744K) Class: 1805K(1856K)->1805K(1856K)
[50.412s][info][gc             ] GC(110) Pause Young (Allocation Failure) 596M->522M(869M) 29.767ms
[50.412s][info][gc,cpu         ] GC(110) User=0.05s Sys=0.00s Real=0.03s
[50.595s][info][gc,start       ] GC(111) Pause Young (Allocation Failure)
[50.642s][info][gc,heap        ] GC(111) PSYoungGen: 148192K(222720K)->34624K(222720K) Eden: 111616K(111616K)->0K(111616K) From: 36576K(111104K)->34624K(111104K)
[50.642s][info][gc,heap        ] GC(111) ParOldGen: 498857K(667648K)->535905K(667648K)
[50.642s][info][gc,metaspace   ] GC(111) Metaspace: 17466K(17600K)->17466K(17600K) NonClass: 15660K(15744K)->15660K(15744K) Class: 1805K(1856K)->1805K(1856K)
[50.642s][info][gc             ] GC(111) Pause Young (Allocation Failure) 631M->557M(869M) 47.652ms
[50.642s][info][gc,cpu         ] GC(111) User=0.10s Sys=0.00s Real=0.04s
[50.841s][info][gc,start       ] GC(112) Pause Young (Allocation Failure)
[50.873s][info][gc,heap        ] GC(112) PSYoungGen: 146240K(222720K)->3296K(222720K) Eden: 111616K(111616K)->0K(111616K) From: 34624K(111104K)->3296K(111104K)
[50.873s][info][gc,heap        ] GC(112) ParOldGen: 535905K(667648K)->570936K(667648K)
[50.873s][info][gc,metaspace   ] GC(112) Metaspace: 17466K(17600K)->17466K(17600K) NonClass: 15660K(15744K)->15660K(15744K) Class: 1805K(1856K)->1805K(1856K)
[50.873s][info][gc             ] GC(112) Pause Young (Allocation Failure) 666M->560M(869M) 32.619ms
[50.873s][info][gc,cpu         ] GC(112) User=0.07s Sys=0.00s Real=0.03s
[51.137s][info][gc,start       ] GC(113) Pause Young (Allocation Failure)
[51.173s][info][gc,heap        ] GC(113) PSYoungGen: 114912K(222720K)->15456K(213504K) Eden: 111616K(111616K)->0K(111616K) From: 3296K(111104K)->15456K(101888K)
[51.174s][info][gc,heap        ] GC(113) ParOldGen: 570936K(667648K)->574216K(667648K)
[51.174s][info][gc,metaspace   ] GC(113) Metaspace: 17467K(17600K)->17467K(17600K) NonClass: 15662K(15744K)->15662K(15744K) Class: 1805K(1856K)->1805K(1856K)
[51.174s][info][gc             ] GC(113) Pause Young (Allocation Failure) 669M->575M(860M) 37.019ms
[51.174s][info][gc,cpu         ] GC(113) User=0.08s Sys=0.00s Real=0.04s
[51.369s][info][gc,start       ] GC(114) Pause Young (Allocation Failure)
[51.411s][info][gc,heap        ] GC(114) PSYoungGen: 127072K(213504K)->19744K(218112K) Eden: 111616K(111616K)->0K(111616K) From: 15456K(101888K)->19744K(106496K)
[51.411s][info][gc,heap        ] GC(114) ParOldGen: 574216K(667648K)->574216K(667648K)
[51.411s][info][gc,metaspace   ] GC(114) Metaspace: 17467K(17600K)->17467K(17600K) NonClass: 15662K(15744K)->15662K(15744K) Class: 1805K(1856K)->1805K(1856K)
[51.411s][info][gc             ] GC(114) Pause Young (Allocation Failure) 684M->580M(865M) 42.332ms
[51.411s][info][gc,cpu         ] GC(114) User=0.08s Sys=0.00s Real=0.04s
[51.579s][info][gc,start       ] GC(115) Pause Young (Allocation Failure)
[51.612s][info][gc,heap        ] GC(115) PSYoungGen: 131360K(218112K)->20032K(207360K) Eden: 111616K(111616K)->0K(117760K) From: 19744K(106496K)->20032K(89600K)
[51.612s][info][gc,heap        ] GC(115) ParOldGen: 574216K(667648K)->574216K(667648K)
[51.612s][info][gc,metaspace   ] GC(115) Metaspace: 17467K(17600K)->17467K(17600K) NonClass: 15662K(15744K)->15662K(15744K) Class: 1805K(1856K)->1805K(1856K)
[51.612s][info][gc             ] GC(115) Pause Young (Allocation Failure) 689M->580M(854M) 32.904ms
[51.612s][info][gc,cpu         ] GC(115) User=0.07s Sys=0.00s Real=0.03s
[51.782s][info][gc,start       ] GC(116) Pause Young (Allocation Failure)
[51.831s][info][gc,heap        ] GC(116) PSYoungGen: 137792K(207360K)->40777K(212992K) Eden: 117760K(117760K)->0K(117760K) From: 20032K(89600K)->40777K(95232K)
[51.831s][info][gc,heap        ] GC(116) ParOldGen: 574216K(667648K)->574216K(667648K)
[51.831s][info][gc,metaspace   ] GC(116) Metaspace: 17474K(17600K)->17474K(17600K) NonClass: 15669K(15744K)->15669K(15744K) Class: 1805K(1856K)->1805K(1856K)
[51.831s][info][gc             ] GC(116) Pause Young (Allocation Failure) 695M->600M(860M) 48.917ms
[51.831s][info][gc,cpu         ] GC(116) User=0.10s Sys=0.00s Real=0.05s
[51.941s][info][gc,start       ] GC(117) Pause Young (Allocation Failure)
[52.016s][info][gc,heap        ] GC(117) PSYoungGen: 158537K(212992K)->81145K(205312K) Eden: 117760K(117760K)->0K(112128K) From: 40777K(95232K)->81145K(93184K)
[52.016s][info][gc,heap        ] GC(117) ParOldGen: 574216K(667648K)->574216K(667648K)
[52.016s][info][gc,metaspace   ] GC(117) Metaspace: 17481K(17600K)->17481K(17600K) NonClass: 15675K(15744K)->15675K(15744K) Class: 1805K(1856K)->1805K(1856K)
[52.016s][info][gc             ] GC(117) Pause Young (Allocation Failure) 715M->640M(852M) 74.758ms
[52.016s][info][gc,cpu         ] GC(117) User=0.14s Sys=0.00s Real=0.08s
[52.211s][info][gc,start       ] GC(118) Pause Young (Allocation Failure)
[52.289s][info][gc,heap        ] GC(118) PSYoungGen: 193273K(205312K)->94249K(218112K) Eden: 112128K(112128K)->0K(112128K) From: 81145K(93184K)->94249K(105984K)
[52.289s][info][gc,heap        ] GC(118) ParOldGen: 574216K(667648K)->574224K(667648K)
[52.289s][info][gc,metaspace   ] GC(118) Metaspace: 17484K(17600K)->17484K(17600K) NonClass: 15678K(15744K)->15678K(15744K) Class: 1805K(1856K)->1805K(1856K)
[52.289s][info][gc             ] GC(118) Pause Young (Allocation Failure) 749M->652M(865M) 78.391ms
[52.289s][info][gc,cpu         ] GC(118) User=0.15s Sys=0.00s Real=0.08s
[52.450s][info][gc,start       ] GC(119) Pause Young (Allocation Failure)
[52.535s][info][gc,heap        ] GC(119) PSYoungGen: 206377K(218112K)->76617K(222720K) Eden: 112128K(112128K)->0K(111616K) From: 94249K(105984K)->76617K(111104K)
[52.535s][info][gc,heap        ] GC(119) ParOldGen: 574224K(667648K)->593984K(667648K)
[52.535s][info][gc,metaspace   ] GC(119) Metaspace: 17485K(17600K)->17485K(17600K) NonClass: 15679K(15744K)->15679K(15744K) Class: 1805K(1856K)->1805K(1856K)
[52.535s][info][gc             ] GC(119) Pause Young (Allocation Failure) 762M->654M(869M) 85.037ms
[52.535s][info][gc,cpu         ] GC(119) User=0.17s Sys=0.00s Real=0.09s
[52.710s][info][gc,start       ] GC(120) Pause Young (Allocation Failure)
[52.792s][info][gc,heap        ] GC(120) PSYoungGen: 188233K(222720K)->74304K(222720K) Eden: 111616K(111616K)->0K(111616K) From: 76617K(111104K)->74304K(111104K)
[52.792s][info][gc,heap        ] GC(120) ParOldGen: 593984K(667648K)->615274K(667648K)
[52.792s][info][gc,metaspace   ] GC(120) Metaspace: 17485K(17600K)->17485K(17600K) NonClass: 15680K(15744K)->15680K(15744K) Class: 1805K(1856K)->1805K(1856K)
[52.792s][info][gc             ] GC(120) Pause Young (Allocation Failure) 763M->673M(869M) 82.280ms
[52.792s][info][gc,cpu         ] GC(120) User=0.16s Sys=0.00s Real=0.08s
[52.942s][info][gc,start       ] GC(121) Pause Young (Allocation Failure)
[53.013s][info][gc,promotion   ] GC(121) Promotion failed
[53.013s][info][gc,heap        ] GC(121) PSYoungGen: 185920K(222720K)->185920K(222720K) Eden: 111616K(111616K)->111616K(111616K) From: 74304K(111104K)->74304K(111104K)
[53.013s][info][gc,heap        ] GC(121) ParOldGen: 615274K(667648K)->667642K(667648K)
[53.013s][info][gc,metaspace   ] GC(121) Metaspace: 17485K(17600K)->17485K(17600K) NonClass: 15680K(15744K)->15680K(15744K) Class: 1805K(1856K)->1805K(1856K)
[53.013s][info][gc             ] GC(121) Pause Young (Allocation Failure) 782M->833M(869M) 71.250ms
[53.013s][info][gc,cpu         ] GC(121) User=0.14s Sys=0.00s Real=0.08s
[53.013s][info][gc,start       ] GC(122) Pause Full (Allocation Failure)
[53.013s][info][gc,phases,start] GC(122) Marking Phase
[53.367s][info][gc,phases      ] GC(122) Marking Phase 353.215ms
[53.367s][info][gc,phases,start] GC(122) Summary Phase
[53.367s][info][gc,phases      ] GC(122) Summary Phase 0.029ms
[53.367s][info][gc,phases,start] GC(122) Forward
[53.480s][info][gc,phases      ] GC(122) Forward 113.628ms
[53.481s][info][gc,phases,start] GC(122) Adjust Pointers
[53.765s][info][gc,phases      ] GC(122) Adjust Pointers 284.240ms
[53.765s][info][gc,phases,start] GC(122) Compaction Phase
[53.928s][info][gc,phases      ] GC(122) Compaction Phase 163.480ms
[53.943s][info][gc,phases,start] GC(122) Post Compact
[53.946s][info][gc,phases      ] GC(122) Post Compact 2.692ms
[53.946s][info][gc,heap        ] GC(122) PSYoungGen: 185920K(222720K)->0K(222720K) Eden: 111616K(111616K)->0K(111616K) From: 74304K(111104K)->0K(111104K)
[53.946s][info][gc,heap        ] GC(122) ParOldGen: 667642K(667648K)->512571K(667648K)
[53.946s][info][gc,metaspace   ] GC(122) Metaspace: 17485K(17600K)->17485K(17600K) NonClass: 15680K(15744K)->15680K(15744K) Class: 1805K(1856K)->1805K(1856K)
[53.946s][info][gc             ] GC(122) Pause Full (Allocation Failure) 833M->500M(869M) 932.418ms
[53.946s][info][gc,cpu         ] GC(122) User=1.76s Sys=0.00s Real=0.93s
[54.096s][info][gc,start       ] GC(123) Pause Young (Allocation Failure)
[54.098s][info][gc,heap        ] GC(123) PSYoungGen: 111616K(222720K)->64K(222720K) Eden: 111616K(111616K)->0K(111616K) From: 0K(111104K)->64K(111104K)
[54.098s][info][gc,heap        ] GC(123) ParOldGen: 512571K(667648K)->512571K(667648K)
[54.098s][info][gc,metaspace   ] GC(123) Metaspace: 17485K(17600K)->17485K(17600K) NonClass: 15680K(15744K)->15680K(15744K) Class: 1805K(1856K)->1805K(1856K)
[54.098s][info][gc             ] GC(123) Pause Young (Allocation Failure) 609M->500M(869M) 1.761ms
[54.098s][info][gc,cpu         ] GC(123) User=0.00s Sys=0.00s Real=0.00s
[54.249s][info][gc,start       ] GC(124) Pause Young (Allocation Failure)
[54.251s][info][gc,heap        ] GC(124) PSYoungGen: 111680K(222720K)->64K(222720K) Eden: 111616K(111616K)->0K(111616K) From: 64K(111104K)->64K(111104K)
[54.251s][info][gc,heap        ] GC(124) ParOldGen: 512571K(667648K)->512571K(667648K)
[54.251s][info][gc,metaspace   ] GC(124) Metaspace: 17485K(17600K)->17485K(17600K) NonClass: 15680K(15744K)->15680K(15744K) Class: 1805K(1856K)->1805K(1856K)
[54.251s][info][gc             ] GC(124) Pause Young (Allocation Failure) 609M->500M(869M) 1.757ms
[54.251s][info][gc,cpu         ] GC(124) User=0.01s Sys=0.00s Real=0.00s
[54.400s][info][gc,start       ] GC(125) Pause Young (Allocation Failure)
[54.401s][info][gc,heap        ] GC(125) PSYoungGen: 111680K(222720K)->64K(222720K) Eden: 111616K(111616K)->0K(111616K) From: 64K(111104K)->64K(111104K)
[54.401s][info][gc,heap        ] GC(125) ParOldGen: 512571K(667648K)->512587K(667648K)
[54.401s][info][gc,metaspace   ] GC(125) Metaspace: 17485K(17600K)->17485K(17600K) NonClass: 15680K(15744K)->15680K(15744K) Class: 1805K(1856K)->1805K(1856K)
[54.402s][info][gc             ] GC(125) Pause Young (Allocation Failure) 609M->500M(869M) 1.713ms
[54.402s][info][gc,cpu         ] GC(125) User=0.00s Sys=0.00s Real=0.00s
[54.550s][info][gc,start       ] GC(126) Pause Young (Allocation Failure)
[54.551s][info][gc,heap        ] GC(126) PSYoungGen: 111680K(222720K)->64K(222720K) Eden: 111616K(111616K)->0K(111616K) From: 64K(111104K)->64K(111104K)
[54.551s][info][gc,heap        ] GC(126) ParOldGen: 512587K(667648K)->512587K(667648K)
[54.552s][info][gc,metaspace   ] GC(126) Metaspace: 17485K(17600K)->17485K(17600K) NonClass: 15680K(15744K)->15680K(15744K) Class: 1805K(1856K)->1805K(1856K)
[54.552s][info][gc             ] GC(126) Pause Young (Allocation Failure) 609M->500M(869M) 1.787ms
[54.552s][info][gc,cpu         ] GC(126) User=0.00s Sys=0.00s Real=0.00s
[54.701s][info][gc,start       ] GC(127) Pause Young (Allocation Failure)
[54.703s][info][gc,heap        ] GC(127) PSYoungGen: 111680K(222720K)->64K(222720K) Eden: 111616K(111616K)->0K(111616K) From: 64K(111104K)->64K(111104K)
[54.703s][info][gc,heap        ] GC(127) ParOldGen: 512587K(667648K)->512587K(667648K)
[54.703s][info][gc,metaspace   ] GC(127) Metaspace: 17485K(17600K)->17485K(17600K) NonClass: 15680K(15744K)->15680K(15744K) Class: 1805K(1856K)->1805K(1856K)
[54.703s][info][gc             ] GC(127) Pause Young (Allocation Failure) 609M->500M(869M) 1.724ms
[54.703s][info][gc,cpu         ] GC(127) User=0.00s Sys=0.00s Real=0.00s
[54.853s][info][gc,start       ] GC(128) Pause Young (Allocation Failure)
[54.854s][info][gc,heap        ] GC(128) PSYoungGen: 111680K(222720K)->64K(222720K) Eden: 111616K(111616K)->0K(111616K) From: 64K(111104K)->64K(111104K)
[54.854s][info][gc,heap        ] GC(128) ParOldGen: 512587K(667648K)->512587K(667648K)
[54.854s][info][gc,metaspace   ] GC(128) Metaspace: 17485K(17600K)->17485K(17600K) NonClass: 15680K(15744K)->15680K(15744K) Class: 1805K(1856K)->1805K(1856K)
[54.854s][info][gc             ] GC(128) Pause Young (Allocation Failure) 609M->500M(869M) 1.779ms
[54.854s][info][gc,cpu         ] GC(128) User=0.00s Sys=0.00s Real=0.01s
[54.996s][info][gc,start       ] GC(129) Pause Young (Allocation Failure)
[55.005s][info][gc,heap        ] GC(129) PSYoungGen: 111680K(222720K)->6528K(118272K) Eden: 111616K(111616K)->0K(111616K) From: 64K(111104K)->6528K(6656K)
[55.005s][info][gc,heap        ] GC(129) ParOldGen: 512587K(667648K)->512587K(667648K)
[55.005s][info][gc,metaspace   ] GC(129) Metaspace: 17487K(17600K)->17487K(17600K) NonClass: 15681K(15744K)->15681K(15744K) Class: 1805K(1856K)->1805K(1856K)
[55.005s][info][gc             ] GC(129) Pause Young (Allocation Failure) 609M->506M(767M) 9.242ms
[55.005s][info][gc,cpu         ] GC(129) User=0.02s Sys=0.00s Real=0.01s
[55.119s][info][gc,start       ] GC(130) Pause Young (Allocation Failure)
[55.146s][info][gc,heap        ] GC(130) PSYoungGen: 118144K(118272K)->23328K(213504K) Eden: 111616K(111616K)->0K(116736K) From: 6528K(6656K)->23328K(96768K)
[55.146s][info][gc,heap        ] GC(130) ParOldGen: 512587K(667648K)->512587K(667648K)
[55.146s][info][gc,metaspace   ] GC(130) Metaspace: 17487K(17600K)->17487K(17600K) NonClass: 15681K(15744K)->15681K(15744K) Class: 1805K(1856K)->1805K(1856K)
[55.146s][info][gc             ] GC(130) Pause Young (Allocation Failure) 615M->523M(860M) 27.118ms
[55.146s][info][gc,cpu         ] GC(130) User=0.05s Sys=0.00s Real=0.03s
[55.283s][info][gc,start       ] GC(131) Pause Young (Allocation Failure)
[55.320s][info][gc,heap        ] GC(131) PSYoungGen: 140064K(213504K)->34272K(216576K) Eden: 116736K(116736K)->0K(116736K) From: 23328K(96768K)->34272K(99840K)
[55.320s][info][gc,heap        ] GC(131) ParOldGen: 512587K(667648K)->512587K(667648K)
[55.320s][info][gc,metaspace   ] GC(131) Metaspace: 17487K(17600K)->17487K(17600K) NonClass: 15682K(15744K)->15682K(15744K) Class: 1805K(1856K)->1805K(1856K)
[55.320s][info][gc             ] GC(131) Pause Young (Allocation Failure) 637M->534M(863M) 36.804ms
[55.320s][info][gc,cpu         ] GC(131) User=0.07s Sys=0.00s Real=0.04s
[55.395s][info][gc,start       ] GC(132) Pause Young (Allocation Failure)
[55.435s][info][gc,heap        ] GC(132) PSYoungGen: 151008K(216576K)->37920K(219136K) Eden: 116736K(116736K)->0K(124928K) From: 34272K(99840K)->37920K(94208K)
[55.435s][info][gc,heap        ] GC(132) ParOldGen: 512587K(667648K)->512587K(667648K)
[55.435s][info][gc,metaspace   ] GC(132) Metaspace: 17487K(17600K)->17487K(17600K) NonClass: 15682K(15744K)->15682K(15744K) Class: 1805K(1856K)->1805K(1856K)
[55.435s][info][gc             ] GC(132) Pause Young (Allocation Failure) 648M->537M(866M) 39.967ms
[55.435s][info][gc,cpu         ] GC(132) User=0.08s Sys=0.00s Real=0.04s
[55.556s][info][gc,start       ] GC(133) Pause Young (Allocation Failure)
[55.597s][info][gc,heap        ] GC(133) PSYoungGen: 162848K(219136K)->39136K(219136K) Eden: 124928K(124928K)->0K(124928K) From: 37920K(94208K)->39136K(94208K)
[55.597s][info][gc,heap        ] GC(133) ParOldGen: 512587K(667648K)->512587K(667648K)
[55.597s][info][gc,metaspace   ] GC(133) Metaspace: 17487K(17600K)->17487K(17600K) NonClass: 15682K(15744K)->15682K(15744K) Class: 1805K(1856K)->1805K(1856K)
[55.597s][info][gc             ] GC(133) Pause Young (Allocation Failure) 659M->538M(866M) 41.394ms
[55.597s][info][gc,cpu         ] GC(133) User=0.08s Sys=0.00s Real=0.04s
[55.716s][info][gc,start       ] GC(134) Pause Young (Allocation Failure)
[55.761s][info][gc,heap        ] GC(134) PSYoungGen: 164064K(219136K)->42816K(226304K) Eden: 124928K(124928K)->0K(134656K) From: 39136K(94208K)->42816K(91648K)
[55.761s][info][gc,heap        ] GC(134) ParOldGen: 512587K(667648K)->512587K(667648K)
[55.761s][info][gc,metaspace   ] GC(134) Metaspace: 17490K(17600K)->17490K(17600K) NonClass: 15684K(15744K)->15684K(15744K) Class: 1805K(1856K)->1805K(1856K)
[55.761s][info][gc             ] GC(134) Pause Young (Allocation Failure) 660M->542M(873M) 44.723ms
[55.761s][info][gc,cpu         ] GC(134) User=0.09s Sys=0.00s Real=0.04s
[55.880s][info][gc,start       ] GC(135) Pause Young (Allocation Failure)
[55.926s][info][gc,heap        ] GC(135) PSYoungGen: 177472K(226304K)->42880K(226304K) Eden: 134656K(134656K)->0K(134656K) From: 42816K(91648K)->42880K(91648K)
[55.926s][info][gc,heap        ] GC(135) ParOldGen: 512587K(667648K)->512587K(667648K)
[55.926s][info][gc,metaspace   ] GC(135) Metaspace: 17490K(17600K)->17490K(17600K) NonClass: 15684K(15744K)->15684K(15744K) Class: 1805K(1856K)->1805K(1856K)
[55.926s][info][gc             ] GC(135) Pause Young (Allocation Failure) 673M->542M(873M) 45.803ms
[55.926s][info][gc,cpu         ] GC(135) User=0.09s Sys=0.00s Real=0.05s
[56.068s][info][gc,start       ] GC(136) Pause Young (Allocation Failure)
[56.121s][info][gc,heap        ] GC(136) PSYoungGen: 177536K(226304K)->51744K(233984K) Eden: 134656K(134656K)->0K(143360K) From: 42880K(91648K)->51744K(90624K)
[56.121s][info][gc,heap        ] GC(136) ParOldGen: 512587K(667648K)->512587K(667648K)
[56.121s][info][gc,metaspace   ] GC(136) Metaspace: 17490K(17600K)->17490K(17600K) NonClass: 15684K(15744K)->15684K(15744K) Class: 1805K(1856K)->1805K(1856K)
[56.121s][info][gc             ] GC(136) Pause Young (Allocation Failure) 673M->551M(880M) 53.071ms
[56.121s][info][gc,cpu         ] GC(136) User=0.11s Sys=0.00s Real=0.05s
[56.270s][info][gc,start       ] GC(137) Pause Young (Allocation Failure)
[56.352s][info][gc,heap        ] GC(137) PSYoungGen: 195104K(233984K)->80560K(224256K) Eden: 143360K(143360K)->0K(143360K) From: 51744K(90624K)->80560K(80896K)
[56.352s][info][gc,heap        ] GC(137) ParOldGen: 512587K(667648K)->512587K(667648K)
[56.352s][info][gc,metaspace   ] GC(137) Metaspace: 17490K(17600K)->17490K(17600K) NonClass: 15684K(15744K)->15684K(15744K) Class: 1805K(1856K)->1805K(1856K)
[56.352s][info][gc             ] GC(137) Pause Young (Allocation Failure) 691M->579M(871M) 82.455ms
[56.352s][info][gc,cpu         ] GC(137) User=0.17s Sys=0.00s Real=0.08s
[56.521s][info][gc,start       ] GC(138) Pause Young (Allocation Failure)
[56.640s][info][gc,heap        ] GC(138) PSYoungGen: 223920K(224256K)->101712K(216064K) Eden: 143360K(143360K)->0K(111616K) From: 80560K(80896K)->101712K(104448K)
[56.640s][info][gc,heap        ] GC(138) ParOldGen: 512587K(667648K)->512587K(667648K)
[56.640s][info][gc,metaspace   ] GC(138) Metaspace: 17490K(17600K)->17490K(17600K) NonClass: 15684K(15744K)->15684K(15744K) Class: 1805K(1856K)->1805K(1856K)
[56.640s][info][gc             ] GC(138) Pause Young (Allocation Failure) 719M->599M(863M) 118.937ms
[56.640s][info][gc,cpu         ] GC(138) User=0.22s Sys=0.02s Real=0.12s
[56.734s][info][gc,start       ] GC(139) Pause Young (Allocation Failure)
[56.840s][info][gc,heap        ] GC(139) PSYoungGen: 213328K(216064K)->82736K(222720K) Eden: 111616K(111616K)->0K(111616K) From: 101712K(104448K)->82736K(111104K)
[56.840s][info][gc,heap        ] GC(139) ParOldGen: 512587K(667648K)->535971K(667648K)
[56.840s][info][gc,metaspace   ] GC(139) Metaspace: 17490K(17600K)->17490K(17600K) NonClass: 15684K(15744K)->15684K(15744K) Class: 1805K(1856K)->1805K(1856K)
[56.840s][info][gc             ] GC(139) Pause Young (Allocation Failure) 708M->604M(869M) 106.437ms
[56.840s][info][gc,cpu         ] GC(139) User=0.21s Sys=0.00s Real=0.10s
[56.995s][info][gc,start       ] GC(140) Pause Young (Allocation Failure)
[57.082s][info][gc,heap        ] GC(140) PSYoungGen: 194352K(222720K)->69424K(222720K) Eden: 111616K(111616K)->0K(111616K) From: 82736K(111104K)->69424K(111104K)
[57.082s][info][gc,heap        ] GC(140) ParOldGen: 535971K(667648K)->550603K(667648K)
[57.082s][info][gc,metaspace   ] GC(140) Metaspace: 17491K(17600K)->17491K(17600K) NonClass: 15685K(15744K)->15685K(15744K) Class: 1805K(1856K)->1805K(1856K)
[57.082s][info][gc             ] GC(140) Pause Young (Allocation Failure) 713M->605M(869M) 86.212ms
[57.082s][info][gc,cpu         ] GC(140) User=0.18s Sys=0.00s Real=0.08s
[57.216s][info][gc,start       ] GC(141) Pause Young (Allocation Failure)
[57.292s][info][gc,heap        ] GC(141) PSYoungGen: 181040K(222720K)->68224K(222720K) Eden: 111616K(111616K)->0K(111616K) From: 69424K(111104K)->68224K(111104K)
[57.292s][info][gc,heap        ] GC(141) ParOldGen: 550603K(667648K)->555547K(667648K)
[57.292s][info][gc,metaspace   ] GC(141) Metaspace: 17504K(17600K)->17504K(17600K) NonClass: 15699K(15744K)->15699K(15744K) Class: 1805K(1856K)->1805K(1856K)
[57.292s][info][gc             ] GC(141) Pause Young (Allocation Failure) 714M->609M(869M) 75.663ms
[57.292s][info][gc,cpu         ] GC(141) User=0.15s Sys=0.00s Real=0.07s
[57.400s][info][gc,start       ] GC(142) Pause Young (Allocation Failure)
[57.470s][info][gc,heap        ] GC(142) PSYoungGen: 179840K(222720K)->59296K(222720K) Eden: 111616K(111616K)->0K(111616K) From: 68224K(111104K)->59296K(111104K)
[57.470s][info][gc,heap        ] GC(142) ParOldGen: 555547K(667648K)->564491K(667648K)
[57.470s][info][gc,metaspace   ] GC(142) Metaspace: 17505K(17600K)->17505K(17600K) NonClass: 15699K(15744K)->15699K(15744K) Class: 1805K(1856K)->1805K(1856K)
[57.470s][info][gc             ] GC(142) Pause Young (Allocation Failure) 718M->609M(869M) 70.111ms
[57.470s][info][gc,cpu         ] GC(142) User=0.14s Sys=0.00s Real=0.07s
[57.693s][info][gc,start       ] GC(143) Pause Young (Allocation Failure)
[57.770s][info][gc,heap        ] GC(143) PSYoungGen: 170912K(222720K)->24672K(222720K) Eden: 111616K(111616K)->0K(111616K) From: 59296K(111104K)->24672K(111104K)
[57.770s][info][gc,heap        ] GC(143) ParOldGen: 564491K(667648K)->614667K(667648K)
[57.770s][info][gc,metaspace   ] GC(143) Metaspace: 17505K(17600K)->17505K(17600K) NonClass: 15699K(15744K)->15699K(15744K) Class: 1805K(1856K)->1805K(1856K)
[57.770s][info][gc             ] GC(143) Pause Young (Allocation Failure) 718M->624M(869M) 77.716ms
[57.770s][info][gc,cpu         ] GC(143) User=0.16s Sys=0.00s Real=0.08s
[57.958s][info][gc,start       ] GC(144) Pause Young (Allocation Failure)
[57.998s][info][gc,heap        ] GC(144) PSYoungGen: 136288K(222720K)->28896K(222720K) Eden: 111616K(111616K)->0K(111616K) From: 24672K(111104K)->28896K(111104K)
[57.998s][info][gc,heap        ] GC(144) ParOldGen: 614667K(667648K)->620267K(667648K)
[57.998s][info][gc,metaspace   ] GC(144) Metaspace: 17505K(17600K)->17505K(17600K) NonClass: 15699K(15744K)->15699K(15744K) Class: 1805K(1856K)->1805K(1856K)
[57.998s][info][gc             ] GC(144) Pause Young (Allocation Failure) 733M->633M(869M) 39.807ms
[57.998s][info][gc,cpu         ] GC(144) User=0.08s Sys=0.00s Real=0.04s
[58.419s][info][gc,start       ] GC(145) Pause Full (Allocation Failure)
[58.419s][info][gc,phases,start] GC(145) Marking Phase
[58.903s][info][gc,phases      ] GC(145) Marking Phase 484.311ms
[58.903s][info][gc,phases,start] GC(145) Summary Phase
[58.903s][info][gc,phases      ] GC(145) Summary Phase 0.026ms
[58.903s][info][gc,phases,start] GC(145) Forward
[58.935s][info][gc,phases      ] GC(145) Forward 31.616ms
[58.935s][info][gc,phases,start] GC(145) Adjust Pointers
[59.264s][info][gc,phases      ] GC(145) Adjust Pointers 329.071ms
[59.264s][info][gc,phases,start] GC(145) Compaction Phase
[59.416s][info][gc,phases      ] GC(145) Compaction Phase 151.684ms
[59.416s][info][gc,phases,start] GC(145) Post Compact
[59.418s][info][gc,phases      ] GC(145) Post Compact 2.280ms
[59.418s][info][gc,heap        ] GC(145) PSYoungGen: 140512K(222720K)->0K(222720K) Eden: 111616K(111616K)->0K(111616K) From: 28896K(111104K)->0K(111104K)
[59.418s][info][gc,heap        ] GC(145) ParOldGen: 620267K(667648K)->648597K(667648K)
[59.418s][info][gc,metaspace   ] GC(145) Metaspace: 17507K(17600K)->17507K(17600K) NonClass: 15702K(15744K)->15702K(15744K) Class: 1805K(1856K)->1805K(1856K)
[59.418s][info][gc             ] GC(145) Pause Full (Allocation Failure) 742M->633M(869M) 999.472ms
[59.418s][info][gc,cpu         ] GC(145) User=1.97s Sys=0.00s Real=1.00s
[59.767s][info][gc,start       ] GC(146) Pause Full (Allocation Failure)
[59.767s][info][gc,phases,start] GC(146) Marking Phase
[60.234s][info][gc,phases      ] GC(146) Marking Phase 466.849ms
[60.234s][info][gc,phases,start] GC(146) Summary Phase
[60.234s][info][gc,phases      ] GC(146) Summary Phase 0.026ms
[60.234s][info][gc,phases,start] GC(146) Forward
[60.234s][info][gc,phases      ] GC(146) Forward 0.408ms
[60.234s][info][gc,phases,start] GC(146) Adjust Pointers
[60.554s][info][gc,phases      ] GC(146) Adjust Pointers 320.361ms
[60.554s][info][gc,phases,start] GC(146) Compaction Phase
[60.686s][info][gc,phases      ] GC(146) Compaction Phase 131.375ms
[60.686s][info][gc,phases,start] GC(146) Post Compact
[60.688s][info][gc,phases      ] GC(146) Post Compact 2.249ms
[60.688s][info][gc,heap        ] GC(146) PSYoungGen: 111616K(222720K)->0K(222720K) Eden: 111616K(111616K)->0K(111616K) From: 0K(111104K)->0K(111104K)
[60.688s][info][gc,heap        ] GC(146) ParOldGen: 648597K(667648K)->648653K(667648K)
[60.688s][info][gc,metaspace   ] GC(146) Metaspace: 17507K(17600K)->17507K(17600K) NonClass: 15702K(15744K)->15702K(15744K) Class: 1805K(1856K)->1805K(1856K)
[60.688s][info][gc             ] GC(146) Pause Full (Allocation Failure) 742M->633M(869M) 921.667ms
[60.688s][info][gc,cpu         ] GC(146) User=1.81s Sys=0.01s Real=0.92s
[60.994s][info][gc,start       ] GC(147) Pause Full (Allocation Failure)
[60.994s][info][gc,phases,start] GC(147) Marking Phase
[61.462s][info][gc,phases      ] GC(147) Marking Phase 467.269ms
[61.462s][info][gc,phases,start] GC(147) Summary Phase
[61.462s][info][gc,phases      ] GC(147) Summary Phase 0.027ms
[61.462s][info][gc,phases,start] GC(147) Forward
[61.462s][info][gc,phases      ] GC(147) Forward 0.513ms
[61.462s][info][gc,phases,start] GC(147) Adjust Pointers
[61.791s][info][gc,phases      ] GC(147) Adjust Pointers 329.245ms
[61.792s][info][gc,phases,start] GC(147) Compaction Phase
[61.928s][info][gc,phases      ] GC(147) Compaction Phase 136.203ms
[61.928s][info][gc,phases,start] GC(147) Post Compact
[61.930s][info][gc,phases      ] GC(147) Post Compact 2.291ms
[61.930s][info][gc,heap        ] GC(147) PSYoungGen: 111616K(222720K)->0K(222720K) Eden: 111616K(111616K)->0K(111616K) From: 0K(111104K)->0K(111104K)
[61.930s][info][gc,heap        ] GC(147) ParOldGen: 648653K(667648K)->648663K(667648K)
[61.930s][info][gc,metaspace   ] GC(147) Metaspace: 17507K(17600K)->17507K(17600K) NonClass: 15702K(15744K)->15702K(15744K) Class: 1805K(1856K)->1805K(1856K)
[61.930s][info][gc             ] GC(147) Pause Full (Allocation Failure) 742M->633M(869M) 936.004ms
[61.930s][info][gc,cpu         ] GC(147) User=1.83s Sys=0.00s Real=0.93s
[62.215s][info][gc,start       ] GC(148) Pause Full (Allocation Failure)
[62.215s][info][gc,phases,start] GC(148) Marking Phase
[62.684s][info][gc,phases      ] GC(148) Marking Phase 469.082ms
[62.684s][info][gc,phases,start] GC(148) Summary Phase
[62.684s][info][gc,phases      ] GC(148) Summary Phase 0.037ms
[62.684s][info][gc,phases,start] GC(148) Forward
[62.685s][info][gc,phases      ] GC(148) Forward 0.672ms
[62.685s][info][gc,phases,start] GC(148) Adjust Pointers
[63.009s][info][gc,phases      ] GC(148) Adjust Pointers 323.915ms
[63.009s][info][gc,phases,start] GC(148) Compaction Phase
[63.145s][info][gc,phases      ] GC(148) Compaction Phase 136.777ms
[63.146s][info][gc,phases,start] GC(148) Post Compact
[63.148s][info][gc,phases      ] GC(148) Post Compact 2.275ms
[63.148s][info][gc,heap        ] GC(148) PSYoungGen: 111616K(222720K)->0K(222720K) Eden: 111616K(111616K)->0K(111616K) From: 0K(111104K)->0K(111104K)
[63.148s][info][gc,heap        ] GC(148) ParOldGen: 648663K(667648K)->648666K(667648K)
[63.148s][info][gc,metaspace   ] GC(148) Metaspace: 17507K(17600K)->17507K(17600K) NonClass: 15702K(15744K)->15702K(15744K) Class: 1805K(1856K)->1805K(1856K)
[63.148s][info][gc             ] GC(148) Pause Full (Allocation Failure) 742M->633M(869M) 933.203ms
[63.148s][info][gc,cpu         ] GC(148) User=1.83s Sys=0.00s Real=0.93s
[63.413s][info][gc,start       ] GC(149) Pause Full (Allocation Failure)
[63.413s][info][gc,phases,start] GC(149) Marking Phase
[63.894s][info][gc,phases      ] GC(149) Marking Phase 480.903ms
[63.894s][info][gc,phases,start] GC(149) Summary Phase
[63.894s][info][gc,phases      ] GC(149) Summary Phase 0.026ms
[63.894s][info][gc,phases,start] GC(149) Forward
[63.894s][info][gc,phases      ] GC(149) Forward 0.437ms
[63.894s][info][gc,phases,start] GC(149) Adjust Pointers
[64.221s][info][gc,phases      ] GC(149) Adjust Pointers 326.876ms
[64.221s][info][gc,phases,start] GC(149) Compaction Phase
[64.359s][info][gc,phases      ] GC(149) Compaction Phase 137.855ms
[64.359s][info][gc,phases,start] GC(149) Post Compact
[64.362s][info][gc,phases      ] GC(149) Post Compact 2.301ms
[64.362s][info][gc,heap        ] GC(149) PSYoungGen: 111616K(222720K)->0K(222720K) Eden: 111616K(111616K)->0K(111616K) From: 0K(111104K)->0K(111104K)
[64.362s][info][gc,heap        ] GC(149) ParOldGen: 648666K(667648K)->648678K(667648K)
[64.362s][info][gc,metaspace   ] GC(149) Metaspace: 17507K(17600K)->17507K(17600K) NonClass: 15702K(15744K)->15702K(15744K) Class: 1805K(1856K)->1805K(1856K)
[64.362s][info][gc             ] GC(149) Pause Full (Allocation Failure) 742M->633M(869M) 948.812ms
[64.362s][info][gc,cpu         ] GC(149) User=1.86s Sys=0.00s Real=0.95s
[64.709s][info][gc,start       ] GC(150) Pause Full (Allocation Failure)
[64.709s][info][gc,phases,start] GC(150) Marking Phase
[65.114s][info][gc,phases      ] GC(150) Marking Phase 404.433ms
[65.114s][info][gc,phases,start] GC(150) Summary Phase
[65.114s][info][gc,phases      ] GC(150) Summary Phase 0.041ms
[65.114s][info][gc,phases,start] GC(150) Forward
[65.204s][info][gc,phases      ] GC(150) Forward 89.539ms
[65.204s][info][gc,phases,start] GC(150) Adjust Pointers
[65.510s][info][gc,phases      ] GC(150) Adjust Pointers 306.092ms
[65.510s][info][gc,phases,start] GC(150) Compaction Phase
[65.663s][info][gc,phases      ] GC(150) Compaction Phase 153.605ms
[65.670s][info][gc,phases,start] GC(150) Post Compact
[65.672s][info][gc,phases      ] GC(150) Post Compact 2.413ms
[65.672s][info][gc,heap        ] GC(150) PSYoungGen: 111616K(222720K)->0K(222720K) Eden: 111616K(111616K)->0K(111616K) From: 0K(111104K)->0K(111104K)
[65.672s][info][gc,heap        ] GC(150) ParOldGen: 648678K(667648K)->553957K(667648K)
[65.672s][info][gc,metaspace   ] GC(150) Metaspace: 17512K(17664K)->17512K(17664K) NonClass: 15706K(15808K)->15706K(15808K) Class: 1805K(1856K)->1805K(1856K)
[65.672s][info][gc             ] GC(150) Pause Full (Allocation Failure) 742M->540M(869M) 962.770ms
[65.672s][info][gc,cpu         ] GC(150) User=1.85s Sys=0.00s Real=0.96s
[65.937s][info][gc,start       ] GC(151) Pause Young (Allocation Failure)
[65.942s][info][gc,heap        ] GC(151) PSYoungGen: 111616K(222720K)->2304K(222720K) Eden: 111616K(111616K)->0K(111616K) From: 0K(111104K)->2304K(111104K)
[65.942s][info][gc,heap        ] GC(151) ParOldGen: 553957K(667648K)->553957K(667648K)
[65.942s][info][gc,metaspace   ] GC(151) Metaspace: 17512K(17664K)->17512K(17664K) NonClass: 15706K(15808K)->15706K(15808K) Class: 1805K(1856K)->1805K(1856K)
[65.942s][info][gc             ] GC(151) Pause Young (Allocation Failure) 649M->543M(869M) 4.175ms
[65.942s][info][gc,cpu         ] GC(151) User=0.01s Sys=0.00s Real=0.00s
[66.042s][info][gc,start       ] GC(152) Pause Young (Allocation Failure)
[66.071s][info][gc,heap        ] GC(152) PSYoungGen: 113920K(222720K)->39856K(221696K) Eden: 111616K(111616K)->0K(111616K) From: 2304K(111104K)->39856K(110080K)
[66.071s][info][gc,heap        ] GC(152) ParOldGen: 553957K(667648K)->553957K(667648K)
[66.071s][info][gc,metaspace   ] GC(152) Metaspace: 17512K(17664K)->17512K(17664K) NonClass: 15707K(15808K)->15707K(15808K) Class: 1805K(1856K)->1805K(1856K)
[66.071s][info][gc             ] GC(152) Pause Young (Allocation Failure) 652M->579M(868M) 29.320ms
[66.071s][info][gc,cpu         ] GC(152) User=0.06s Sys=0.00s Real=0.03s
[66.210s][info][gc,start       ] GC(153) Pause Young (Allocation Failure)
[66.262s][info][gc,heap        ] GC(153) PSYoungGen: 151472K(221696K)->74720K(222208K) Eden: 111616K(111616K)->0K(111616K) From: 39856K(110080K)->74720K(110592K)
[66.262s][info][gc,heap        ] GC(153) ParOldGen: 553957K(667648K)->553957K(667648K)
[66.262s][info][gc,metaspace   ] GC(153) Metaspace: 17512K(17664K)->17512K(17664K) NonClass: 15707K(15808K)->15707K(15808K) Class: 1805K(1856K)->1805K(1856K)
[66.262s][info][gc             ] GC(153) Pause Young (Allocation Failure) 688M->613M(869M) 51.544ms
[66.262s][info][gc,cpu         ] GC(153) User=0.10s Sys=0.00s Real=0.05s
[66.543s][info][gc,start       ] GC(154) Pause Young (Allocation Failure)
[66.594s][info][gc,heap        ] GC(154) PSYoungGen: 186336K(222208K)->37472K(221696K) Eden: 111616K(111616K)->0K(112128K) From: 74720K(110592K)->37472K(109568K)
[66.594s][info][gc,heap        ] GC(154) ParOldGen: 553957K(667648K)->594253K(667648K)
[66.594s][info][gc,metaspace   ] GC(154) Metaspace: 17512K(17664K)->17512K(17664K) NonClass: 15707K(15808K)->15707K(15808K) Class: 1805K(1856K)->1805K(1856K)
[66.594s][info][gc             ] GC(154) Pause Young (Allocation Failure) 722M->616M(868M) 51.552ms
[66.594s][info][gc,cpu         ] GC(154) User=0.10s Sys=0.00s Real=0.06s
[66.884s][info][gc,start       ] GC(155) Pause Young (Allocation Failure)
[66.934s][info][gc,heap        ] GC(155) PSYoungGen: 149600K(221696K)->49622K(161792K) Eden: 112128K(112128K)->0K(112128K) From: 37472K(109568K)->49622K(49664K)
[66.934s][info][gc,heap        ] GC(155) ParOldGen: 594253K(667648K)->594253K(667648K)
[66.934s][info][gc,metaspace   ] GC(155) Metaspace: 17517K(17728K)->17517K(17728K) NonClass: 15711K(15872K)->15711K(15872K) Class: 1805K(1856K)->1805K(1856K)
[66.934s][info][gc             ] GC(155) Pause Young (Allocation Failure) 726M->628M(810M) 50.183ms
[66.934s][info][gc,cpu         ] GC(155) User=0.10s Sys=0.00s Real=0.05s
[67.142s][info][gc,start       ] GC(156) Pause Young (Allocation Failure)
[67.205s][info][gc,heap        ] GC(156) PSYoungGen: 161750K(161792K)->59702K(220160K) Eden: 112128K(112128K)->0K(114688K) From: 49622K(49664K)->59702K(105472K)
[67.205s][info][gc,heap        ] GC(156) ParOldGen: 594253K(667648K)->594253K(667648K)
[67.205s][info][gc,metaspace   ] GC(156) Metaspace: 17518K(17728K)->17518K(17728K) NonClass: 15713K(15872K)->15713K(15872K) Class: 1805K(1856K)->1805K(1856K)
[67.205s][info][gc             ] GC(156) Pause Young (Allocation Failure) 738M->638M(867M) 62.296ms
[67.205s][info][gc,cpu         ] GC(156) User=0.13s Sys=0.00s Real=0.07s
[67.372s][info][gc,start       ] GC(157) Pause Young (Allocation Failure)
[67.443s][info][gc,heap        ] GC(157) PSYoungGen: 174390K(220160K)->70096K(219648K) Eden: 114688K(114688K)->0K(114688K) From: 59702K(105472K)->70096K(104960K)
[67.443s][info][gc,heap        ] GC(157) ParOldGen: 594253K(667648K)->594253K(667648K)
[67.443s][info][gc,metaspace   ] GC(157) Metaspace: 17521K(17728K)->17521K(17728K) NonClass: 15715K(15872K)->15715K(15872K) Class: 1805K(1856K)->1805K(1856K)
[67.443s][info][gc             ] GC(157) Pause Young (Allocation Failure) 750M->648M(866M) 70.773ms
[67.443s][info][gc,cpu         ] GC(157) User=0.14s Sys=0.00s Real=0.07s
[67.533s][info][gc,start       ] GC(158) Pause Young (Allocation Failure)
[67.630s][info][gc,heap        ] GC(158) PSYoungGen: 184784K(219648K)->104662K(219136K) Eden: 114688K(114688K)->0K(111616K) From: 70096K(104960K)->104662K(107520K)
[67.630s][info][gc,heap        ] GC(158) ParOldGen: 594253K(667648K)->594253K(667648K)
[67.630s][info][gc,metaspace   ] GC(158) Metaspace: 17521K(17728K)->17521K(17728K) NonClass: 15715K(15872K)->15715K(15872K) Class: 1805K(1856K)->1805K(1856K)
[67.630s][info][gc             ] GC(158) Pause Young (Allocation Failure) 760M->682M(866M) 97.473ms
[67.630s][info][gc,cpu         ] GC(158) User=0.19s Sys=0.00s Real=0.10s
[67.731s][info][gc,start       ] GC(159) Pause Young (Allocation Failure)
[67.843s][info][gc,heap        ] GC(159) PSYoungGen: 216278K(219136K)->99782K(222720K) Eden: 111616K(111616K)->0K(111616K) From: 104662K(107520K)->99782K(111104K)
[67.843s][info][gc,heap        ] GC(159) ParOldGen: 594253K(667648K)->632124K(667648K)
[67.843s][info][gc,metaspace   ] GC(159) Metaspace: 17521K(17728K)->17521K(17728K) NonClass: 15715K(15872K)->15715K(15872K) Class: 1805K(1856K)->1805K(1856K)
[67.843s][info][gc             ] GC(159) Pause Young (Allocation Failure) 791M->714M(869M) 112.729ms
[67.843s][info][gc,cpu         ] GC(159) User=0.22s Sys=0.00s Real=0.12s
[68.086s][info][gc,start       ] GC(160) Pause Full (Allocation Failure)
[68.086s][info][gc,phases,start] GC(160) Marking Phase
[68.343s][info][gc,phases      ] GC(160) Marking Phase 257.283ms
[68.343s][info][gc,phases,start] GC(160) Summary Phase
[68.343s][info][gc,phases      ] GC(160) Summary Phase 0.032ms
[68.343s][info][gc,phases,start] GC(160) Forward
[68.436s][info][gc,phases      ] GC(160) Forward 92.643ms
[68.436s][info][gc,phases,start] GC(160) Adjust Pointers
[68.637s][info][gc,phases      ] GC(160) Adjust Pointers 201.420ms
[68.637s][info][gc,phases,start] GC(160) Compaction Phase
[68.755s][info][gc,phases      ] GC(160) Compaction Phase 117.672ms
[68.765s][info][gc,phases,start] GC(160) Post Compact
[68.768s][info][gc,phases      ] GC(160) Post Compact 2.547ms
[68.770s][info][gc,heap        ] GC(160) PSYoungGen: 211398K(222720K)->0K(222720K) Eden: 111616K(111616K)->0K(111616K) From: 99782K(111104K)->0K(111104K)
[68.770s][info][gc,heap        ] GC(160) ParOldGen: 632124K(667648K)->397513K(642048K)
[68.770s][info][gc,metaspace   ] GC(160) Metaspace: 17521K(17728K)->17521K(17728K) NonClass: 15715K(15872K)->15715K(15872K) Class: 1805K(1856K)->1805K(1856K)
[68.770s][info][gc             ] GC(160) Pause Full (Allocation Failure) 823M->388M(844M) 683.956ms
[68.770s][info][gc,cpu         ] GC(160) User=1.26s Sys=0.01s Real=0.68s
[68.958s][info][gc,start       ] GC(161) Pause Young (Allocation Failure)
[68.960s][info][gc,heap        ] GC(161) PSYoungGen: 111616K(222720K)->96K(222720K) Eden: 111616K(111616K)->0K(111616K) From: 0K(111104K)->96K(111104K)
[68.960s][info][gc,heap        ] GC(161) ParOldGen: 397513K(642048K)->397513K(642048K)
[68.960s][info][gc,metaspace   ] GC(161) Metaspace: 17521K(17728K)->17521K(17728K) NonClass: 15715K(15872K)->15715K(15872K) Class: 1805K(1856K)->1805K(1856K)
[68.960s][info][gc             ] GC(161) Pause Young (Allocation Failure) 497M->388M(844M) 1.716ms
[68.960s][info][gc,cpu         ] GC(161) User=0.01s Sys=0.00s Real=0.00s
[69.163s][info][gc,start       ] GC(162) Pause Young (Allocation Failure)
[69.167s][info][gc,heap        ] GC(162) PSYoungGen: 111712K(222720K)->192K(222720K) Eden: 111616K(111616K)->0K(111616K) From: 96K(111104K)->192K(111104K)
[69.167s][info][gc,heap        ] GC(162) ParOldGen: 397513K(642048K)->397513K(642048K)
[69.167s][info][gc,metaspace   ] GC(162) Metaspace: 17521K(17728K)->17521K(17728K) NonClass: 15715K(15872K)->15715K(15872K) Class: 1805K(1856K)->1805K(1856K)
[69.168s][info][gc             ] GC(162) Pause Young (Allocation Failure) 497M->388M(844M) 4.255ms
[69.168s][info][gc,cpu         ] GC(162) User=0.01s Sys=0.00s Real=0.01s
[69.330s][info][gc,start       ] GC(163) Pause Young (Allocation Failure)
[69.332s][info][gc,heap        ] GC(163) PSYoungGen: 111808K(222720K)->256K(222720K) Eden: 111616K(111616K)->0K(111616K) From: 192K(111104K)->256K(111104K)
[69.332s][info][gc,heap        ] GC(163) ParOldGen: 397513K(642048K)->397585K(642048K)
[69.332s][info][gc,metaspace   ] GC(163) Metaspace: 17521K(17728K)->17521K(17728K) NonClass: 15715K(15872K)->15715K(15872K) Class: 1805K(1856K)->1805K(1856K)
[69.332s][info][gc             ] GC(163) Pause Young (Allocation Failure) 497M->388M(844M) 2.123ms
[69.332s][info][gc,cpu         ] GC(163) User=0.00s Sys=0.00s Real=0.00s
[69.538s][info][gc,start       ] GC(164) Pause Young (Allocation Failure)
[69.541s][info][gc,heap        ] GC(164) PSYoungGen: 111872K(222720K)->128K(222720K) Eden: 111616K(111616K)->0K(111616K) From: 256K(111104K)->128K(111104K)
[69.541s][info][gc,heap        ] GC(164) ParOldGen: 397585K(642048K)->397817K(642048K)
[69.541s][info][gc,metaspace   ] GC(164) Metaspace: 17521K(17728K)->17521K(17728K) NonClass: 15715K(15872K)->15715K(15872K) Class: 1805K(1856K)->1805K(1856K)
[69.541s][info][gc             ] GC(164) Pause Young (Allocation Failure) 497M->388M(844M) 2.531ms
[69.541s][info][gc,cpu         ] GC(164) User=0.00s Sys=0.00s Real=0.00s
[69.665s][info][gc,start       ] GC(165) Pause Young (Allocation Failure)
[69.666s][info][gc,heap        ] GC(165) PSYoungGen: 111744K(222720K)->128K(222720K) Eden: 111616K(111616K)->0K(111616K) From: 128K(111104K)->128K(111104K)
[69.666s][info][gc,heap        ] GC(165) ParOldGen: 397817K(642048K)->397897K(642048K)
[69.666s][info][gc,metaspace   ] GC(165) Metaspace: 17521K(17728K)->17521K(17728K) NonClass: 15715K(15872K)->15715K(15872K) Class: 1805K(1856K)->1805K(1856K)
[69.666s][info][gc             ] GC(165) Pause Young (Allocation Failure) 497M->388M(844M) 1.815ms
[69.666s][info][gc,cpu         ] GC(165) User=0.01s Sys=0.00s Real=0.00s
[69.790s][info][gc,start       ] GC(166) Pause Young (Allocation Failure)
[69.792s][info][gc,heap        ] GC(166) PSYoungGen: 111744K(222720K)->128K(222720K) Eden: 111616K(111616K)->0K(111616K) From: 128K(111104K)->128K(111104K)
[69.792s][info][gc,heap        ] GC(166) ParOldGen: 397897K(642048K)->397985K(642048K)
[69.792s][info][gc,metaspace   ] GC(166) Metaspace: 17521K(17728K)->17521K(17728K) NonClass: 15715K(15872K)->15715K(15872K) Class: 1805K(1856K)->1805K(1856K)
[69.792s][info][gc             ] GC(166) Pause Young (Allocation Failure) 497M->388M(844M) 1.903ms
[69.792s][info][gc,cpu         ] GC(166) User=0.01s Sys=0.00s Real=0.00s
[69.912s][info][gc,start       ] GC(167) Pause Young (Allocation Failure)
[69.913s][info][gc,heap        ] GC(167) PSYoungGen: 111744K(222720K)->128K(222720K) Eden: 111616K(111616K)->0K(111616K) From: 128K(111104K)->128K(111104K)
[69.914s][info][gc,heap        ] GC(167) ParOldGen: 397985K(642048K)->398073K(642048K)
[69.914s][info][gc,metaspace   ] GC(167) Metaspace: 17521K(17728K)->17521K(17728K) NonClass: 15715K(15872K)->15715K(15872K) Class: 1805K(1856K)->1805K(1856K)
[69.914s][info][gc             ] GC(167) Pause Young (Allocation Failure) 497M->388M(844M) 2.001ms
[69.914s][info][gc,cpu         ] GC(167) User=0.01s Sys=0.00s Real=0.01s
[70.037s][info][gc,start       ] GC(168) Pause Young (Allocation Failure)
[70.039s][info][gc,heap        ] GC(168) PSYoungGen: 111744K(222720K)->128K(222720K) Eden: 111616K(111616K)->0K(111616K) From: 128K(111104K)->128K(111104K)
[70.039s][info][gc,heap        ] GC(168) ParOldGen: 398073K(642048K)->398177K(642048K)
[70.039s][info][gc,metaspace   ] GC(168) Metaspace: 17521K(17728K)->17521K(17728K) NonClass: 15715K(15872K)->15715K(15872K) Class: 1805K(1856K)->1805K(1856K)
[70.039s][info][gc             ] GC(168) Pause Young (Allocation Failure) 497M->388M(844M) 1.914ms
[70.039s][info][gc,cpu         ] GC(168) User=0.01s Sys=0.00s Real=0.00s
[70.163s][info][gc,start       ] GC(169) Pause Young (Allocation Failure)
[70.165s][info][gc,heap        ] GC(169) PSYoungGen: 111744K(222720K)->128K(222720K) Eden: 111616K(111616K)->0K(111616K) From: 128K(111104K)->128K(111104K)
[70.165s][info][gc,heap        ] GC(169) ParOldGen: 398177K(642048K)->398257K(642048K)
[70.165s][info][gc,metaspace   ] GC(169) Metaspace: 17521K(17728K)->17521K(17728K) NonClass: 15715K(15872K)->15715K(15872K) Class: 1805K(1856K)->1805K(1856K)
[70.165s][info][gc             ] GC(169) Pause Young (Allocation Failure) 497M->389M(844M) 1.853ms
[70.165s][info][gc,cpu         ] GC(169) User=0.01s Sys=0.00s Real=0.00s
[70.327s][info][gc,start       ] GC(170) Pause Young (Allocation Failure)
[70.338s][info][gc,heap        ] GC(170) PSYoungGen: 111744K(222720K)->3616K(215552K) Eden: 111616K(111616K)->0K(111616K) From: 128K(111104K)->3616K(103936K)
[70.338s][info][gc,heap        ] GC(170) ParOldGen: 398257K(642048K)->398345K(642048K)
[70.338s][info][gc,metaspace   ] GC(170) Metaspace: 17521K(17728K)->17521K(17728K) NonClass: 15715K(15872K)->15715K(15872K) Class: 1805K(1856K)->1805K(1856K)
[70.338s][info][gc             ] GC(170) Pause Young (Allocation Failure) 498M->392M(837M) 10.287ms
[70.338s][info][gc,cpu         ] GC(170) User=0.02s Sys=0.00s Real=0.01s
[70.551s][info][gc,start       ] GC(171) Pause Young (Allocation Failure)
[70.570s][info][gc,heap        ] GC(171) PSYoungGen: 115232K(215552K)->3968K(115712K) Eden: 111616K(111616K)->0K(111616K) From: 3616K(103936K)->3968K(4096K)
[70.570s][info][gc,heap        ] GC(171) ParOldGen: 398345K(642048K)->398345K(642048K)
[70.570s][info][gc,metaspace   ] GC(171) Metaspace: 17521K(17728K)->17521K(17728K) NonClass: 15715K(15872K)->15715K(15872K) Class: 1805K(1856K)->1805K(1856K)
[70.570s][info][gc             ] GC(171) Pause Young (Allocation Failure) 501M->392M(740M) 18.737ms
[70.570s][info][gc,cpu         ] GC(171) User=0.03s Sys=0.00s Real=0.02s
[70.722s][info][gc,start       ] GC(172) Pause Young (Allocation Failure)
[70.772s][info][gc,heap        ] GC(172) PSYoungGen: 115584K(115712K)->26411K(207360K) Eden: 111616K(111616K)->0K(115200K) From: 3968K(4096K)->26411K(92160K)
[70.772s][info][gc,heap        ] GC(172) ParOldGen: 398345K(642048K)->398345K(642048K)
[70.772s][info][gc,metaspace   ] GC(172) Metaspace: 17521K(17728K)->17521K(17728K) NonClass: 15715K(15872K)->15715K(15872K) Class: 1805K(1856K)->1805K(1856K)
[70.772s][info][gc             ] GC(172) Pause Young (Allocation Failure) 501M->414M(829M) 50.458ms
[70.772s][info][gc,cpu         ] GC(172) User=0.09s Sys=0.00s Real=0.05s
[70.878s][info][gc,start       ] GC(173) Pause Young (Allocation Failure)
[70.943s][info][gc,heap        ] GC(173) PSYoungGen: 141611K(207360K)->43371K(211456K) Eden: 115200K(115200K)->0K(115200K) From: 26411K(92160K)->43371K(96256K)
[70.943s][info][gc,heap        ] GC(173) ParOldGen: 398345K(642048K)->398345K(642048K)
[70.943s][info][gc,metaspace   ] GC(173) Metaspace: 17521K(17728K)->17521K(17728K) NonClass: 15715K(15872K)->15715K(15872K) Class: 1805K(1856K)->1805K(1856K)
[70.943s][info][gc             ] GC(173) Pause Young (Allocation Failure) 527M->431M(833M) 64.833ms
[70.943s][info][gc,cpu         ] GC(173) User=0.13s Sys=0.00s Real=0.06s
[71.082s][info][gc,start       ] GC(174) Pause Young (Allocation Failure)
[71.159s][info][gc,heap        ] GC(174) PSYoungGen: 158571K(211456K)->55435K(213504K) Eden: 115200K(115200K)->0K(116224K) From: 43371K(96256K)->55435K(97280K)
[71.159s][info][gc,heap        ] GC(174) ParOldGen: 398345K(642048K)->398345K(642048K)
[71.159s][info][gc,metaspace   ] GC(174) Metaspace: 17522K(17728K)->17522K(17728K) NonClass: 15717K(15872K)->15717K(15872K) Class: 1805K(1856K)->1805K(1856K)
[71.159s][info][gc             ] GC(174) Pause Young (Allocation Failure) 543M->443M(835M) 76.830ms
[71.159s][info][gc,cpu         ] GC(174) User=0.15s Sys=0.00s Real=0.08s
[71.247s][info][gc,start       ] GC(175) Pause Young (Allocation Failure)
[71.327s][info][gc,heap        ] GC(175) PSYoungGen: 171659K(213504K)->59467K(218112K) Eden: 116224K(116224K)->0K(116224K) From: 55435K(97280K)->59467K(101888K)
[71.327s][info][gc,heap        ] GC(175) ParOldGen: 398345K(642048K)->398345K(642048K)
[71.327s][info][gc,metaspace   ] GC(175) Metaspace: 17522K(17728K)->17522K(17728K) NonClass: 15717K(15872K)->15717K(15872K) Class: 1805K(1856K)->1805K(1856K)
[71.327s][info][gc             ] GC(175) Pause Young (Allocation Failure) 556M->447M(840M) 80.520ms
[71.327s][info][gc,cpu         ] GC(175) User=0.16s Sys=0.00s Real=0.08s
[71.425s][info][gc,start       ] GC(176) Pause Young (Allocation Failure)
[71.506s][info][gc,heap        ] GC(176) PSYoungGen: 175691K(218112K)->60907K(218624K) Eden: 116224K(116224K)->0K(111616K) From: 59467K(101888K)->60907K(107008K)
[71.506s][info][gc,heap        ] GC(176) ParOldGen: 398345K(642048K)->398345K(642048K)
[71.506s][info][gc,metaspace   ] GC(176) Metaspace: 17522K(17728K)->17522K(17728K) NonClass: 15717K(15872K)->15717K(15872K) Class: 1805K(1856K)->1805K(1856K)
[71.507s][info][gc             ] GC(176) Pause Young (Allocation Failure) 560M->448M(840M) 81.794ms
[71.507s][info][gc,cpu         ] GC(176) User=0.16s Sys=0.00s Real=0.08s
[71.607s][info][gc,start       ] GC(177) Pause Young (Allocation Failure)
[71.688s][info][gc,heap        ] GC(177) PSYoungGen: 172523K(218624K)->61003K(222720K) Eden: 111616K(111616K)->0K(111616K) From: 60907K(107008K)->61003K(111104K)
[71.688s][info][gc,heap        ] GC(177) ParOldGen: 398345K(642048K)->398345K(642048K)
[71.688s][info][gc,metaspace   ] GC(177) Metaspace: 17522K(17728K)->17522K(17728K) NonClass: 15717K(15872K)->15717K(15872K) Class: 1805K(1856K)->1805K(1856K)
[71.688s][info][gc             ] GC(177) Pause Young (Allocation Failure) 557M->448M(844M) 81.073ms
[71.688s][info][gc,cpu         ] GC(177) User=0.16s Sys=0.01s Real=0.08s
[71.789s][info][gc,start       ] GC(178) Pause Young (Allocation Failure)
[71.874s][info][gc,heap        ] GC(178) PSYoungGen: 172619K(222720K)->60747K(222720K) Eden: 111616K(111616K)->0K(111616K) From: 61003K(111104K)->60747K(111104K)
[71.874s][info][gc,heap        ] GC(178) ParOldGen: 398345K(642048K)->402305K(642048K)
[71.874s][info][gc,metaspace   ] GC(178) Metaspace: 17522K(17728K)->17522K(17728K) NonClass: 15717K(15872K)->15717K(15872K) Class: 1805K(1856K)->1805K(1856K)
[71.874s][info][gc             ] GC(178) Pause Young (Allocation Failure) 557M->452M(844M) 85.139ms
[71.874s][info][gc,cpu         ] GC(178) User=0.17s Sys=0.00s Real=0.09s
[71.958s][info][gc,start       ] GC(179) Pause Young (Allocation Failure)
[72.031s][info][gc,heap        ] GC(179) PSYoungGen: 172363K(222720K)->21376K(133120K) Eden: 111616K(111616K)->0K(111616K) From: 60747K(111104K)->21376K(21504K)
[72.031s][info][gc,heap        ] GC(179) ParOldGen: 402305K(642048K)->441817K(642048K)
[72.031s][info][gc,metaspace   ] GC(179) Metaspace: 17522K(17728K)->17522K(17728K) NonClass: 15717K(15872K)->15717K(15872K) Class: 1805K(1856K)->1805K(1856K)
[72.031s][info][gc             ] GC(179) Pause Young (Allocation Failure) 561M->452M(757M) 72.431ms
[72.031s][info][gc,cpu         ] GC(179) User=0.15s Sys=0.00s Real=0.07s
[72.150s][info][gc,start       ] GC(180) Pause Young (Allocation Failure)
[72.182s][info][gc,heap        ] GC(180) PSYoungGen: 132992K(133120K)->30464K(224768K) Eden: 111616K(111616K)->0K(118272K) From: 21376K(21504K)->30464K(106496K)
[72.182s][info][gc,heap        ] GC(180) ParOldGen: 441817K(642048K)->441817K(642048K)
[72.182s][info][gc,metaspace   ] GC(180) Metaspace: 17522K(17728K)->17522K(17728K) NonClass: 15717K(15872K)->15717K(15872K) Class: 1805K(1856K)->1805K(1856K)
[72.183s][info][gc             ] GC(180) Pause Young (Allocation Failure) 561M->461M(846M) 32.855ms
[72.183s][info][gc,cpu         ] GC(180) User=0.07s Sys=0.00s Real=0.03s
[72.331s][info][gc,start       ] GC(181) Pause Young (Allocation Failure)
[72.378s][info][gc,heap        ] GC(181) PSYoungGen: 148736K(224768K)->45168K(222208K) Eden: 118272K(118272K)->0K(118272K) From: 30464K(106496K)->45168K(103936K)
[72.378s][info][gc,heap        ] GC(181) ParOldGen: 441817K(642048K)->441817K(642048K)
[72.378s][info][gc,metaspace   ] GC(181) Metaspace: 17522K(17728K)->17522K(17728K) NonClass: 15717K(15872K)->15717K(15872K) Class: 1805K(1856K)->1805K(1856K)
[72.378s][info][gc             ] GC(181) Pause Young (Allocation Failure) 576M->475M(844M) 47.002ms
[72.378s][info][gc,cpu         ] GC(181) User=0.09s Sys=0.00s Real=0.05s
[72.564s][info][gc,start       ] GC(182) Pause Young (Allocation Failure)
[72.615s][info][gc,heap        ] GC(182) PSYoungGen: 163440K(222208K)->46608K(225280K) Eden: 118272K(118272K)->0K(125952K) From: 45168K(103936K)->46608K(99328K)
[72.615s][info][gc,heap        ] GC(182) ParOldGen: 441817K(642048K)->441817K(642048K)
[72.615s][info][gc,metaspace   ] GC(182) Metaspace: 17522K(17728K)->17522K(17728K) NonClass: 15717K(15872K)->15717K(15872K) Class: 1805K(1856K)->1805K(1856K)
[72.615s][info][gc             ] GC(182) Pause Young (Allocation Failure) 591M->476M(847M) 50.556ms
[72.615s][info][gc,cpu         ] GC(182) User=0.10s Sys=0.00s Real=0.05s
[72.901s][info][gc,start       ] GC(183) Pause Young (Allocation Failure)
[72.950s][info][gc,heap        ] GC(183) PSYoungGen: 172560K(225280K)->46640K(224256K) Eden: 125952K(125952K)->0K(125952K) From: 46608K(99328K)->46640K(98304K)
[72.950s][info][gc,heap        ] GC(183) ParOldGen: 441817K(642048K)->441817K(642048K)
[72.950s][info][gc,metaspace   ] GC(183) Metaspace: 17523K(17728K)->17523K(17728K) NonClass: 15717K(15872K)->15717K(15872K) Class: 1805K(1856K)->1805K(1856K)
[72.950s][info][gc             ] GC(183) Pause Young (Allocation Failure) 599M->477M(846M) 49.136ms
[72.950s][info][gc,cpu         ] GC(183) User=0.09s Sys=0.00s Real=0.05s
[73.125s][info][gc,start       ] GC(184) Pause Young (Allocation Failure)
[73.194s][info][gc,heap        ] GC(184) PSYoungGen: 172592K(224256K)->60192K(227328K) Eden: 125952K(125952K)->0K(132096K) From: 46640K(98304K)->60192K(95232K)
[73.194s][info][gc,heap        ] GC(184) ParOldGen: 441817K(642048K)->441817K(642048K)
[73.194s][info][gc,metaspace   ] GC(184) Metaspace: 17523K(17728K)->17523K(17728K) NonClass: 15717K(15872K)->15717K(15872K) Class: 1805K(1856K)->1805K(1856K)
[73.194s][info][gc             ] GC(184) Pause Young (Allocation Failure) 600M->490M(849M) 69.397ms
[73.194s][info][gc,cpu         ] GC(184) User=0.14s Sys=0.00s Real=0.07s
[73.396s][info][gc,start       ] GC(185) Pause Young (Allocation Failure)
[73.483s][info][gc,heap        ] GC(185) PSYoungGen: 192288K(227328K)->83056K(215552K) Eden: 132096K(132096K)->0K(132096K) From: 60192K(95232K)->83056K(83456K)
[73.483s][info][gc,heap        ] GC(185) ParOldGen: 441817K(642048K)->441817K(642048K)
[73.483s][info][gc,metaspace   ] GC(185) Metaspace: 17523K(17728K)->17523K(17728K) NonClass: 15717K(15872K)->15717K(15872K) Class: 1805K(1856K)->1805K(1856K)
[73.483s][info][gc             ] GC(185) Pause Young (Allocation Failure) 619M->512M(837M) 87.185ms
[73.483s][info][gc,cpu         ] GC(185) User=0.17s Sys=0.00s Real=0.08s
[73.643s][info][gc,start       ] GC(186) Pause Young (Allocation Failure)
[73.739s][info][gc,heap        ] GC(186) PSYoungGen: 215152K(215552K)->90816K(219648K) Eden: 132096K(132096K)->0K(111616K) From: 83056K(83456K)->90816K(108032K)
[73.739s][info][gc,heap        ] GC(186) ParOldGen: 441817K(642048K)->441817K(642048K)
[73.739s][info][gc,metaspace   ] GC(186) Metaspace: 17528K(17728K)->17528K(17728K) NonClass: 15723K(15872K)->15723K(15872K) Class: 1805K(1856K)->1805K(1856K)
[73.739s][info][gc             ] GC(186) Pause Young (Allocation Failure) 641M->520M(841M) 96.148ms
[73.739s][info][gc,cpu         ] GC(186) User=0.19s Sys=0.01s Real=0.10s
[73.853s][info][gc,start       ] GC(187) Pause Young (Allocation Failure)
[73.947s][info][gc,heap        ] GC(187) PSYoungGen: 202432K(219648K)->75344K(222720K) Eden: 111616K(111616K)->0K(111616K) From: 90816K(108032K)->75344K(111104K)
[73.947s][info][gc,heap        ] GC(187) ParOldGen: 441817K(642048K)->457985K(642048K)
[73.947s][info][gc,metaspace   ] GC(187) Metaspace: 17528K(17728K)->17528K(17728K) NonClass: 15723K(15872K)->15723K(15872K) Class: 1805K(1856K)->1805K(1856K)
[73.947s][info][gc             ] GC(187) Pause Young (Allocation Failure) 629M->520M(844M) 93.663ms
[73.947s][info][gc,cpu         ] GC(187) User=0.18s Sys=0.00s Real=0.10s
[74.066s][info][gc,start       ] GC(188) Pause Young (Allocation Failure)
[74.142s][info][gc,heap        ] GC(188) PSYoungGen: 186960K(222720K)->75712K(222720K) Eden: 111616K(111616K)->0K(111616K) From: 75344K(111104K)->75712K(111104K)
[74.142s][info][gc,heap        ] GC(188) ParOldGen: 457985K(642048K)->459545K(642048K)
[74.142s][info][gc,metaspace   ] GC(188) Metaspace: 17528K(17728K)->17528K(17728K) NonClass: 15723K(15872K)->15723K(15872K) Class: 1805K(1856K)->1805K(1856K)
[74.142s][info][gc             ] GC(188) Pause Young (Allocation Failure) 629M->522M(844M) 76.307ms
[74.143s][info][gc,cpu         ] GC(188) User=0.15s Sys=0.00s Real=0.07s
[74.265s][info][gc,start       ] GC(189) Pause Young (Allocation Failure)
[74.344s][info][gc,heap        ] GC(189) PSYoungGen: 187328K(222720K)->76640K(222720K) Eden: 111616K(111616K)->0K(111616K) From: 75712K(111104K)->76640K(111104K)
[74.344s][info][gc,heap        ] GC(189) ParOldGen: 459545K(642048K)->463249K(642048K)
[74.345s][info][gc,metaspace   ] GC(189) Metaspace: 17529K(17728K)->17529K(17728K) NonClass: 15723K(15872K)->15723K(15872K) Class: 1805K(1856K)->1805K(1856K)
[74.345s][info][gc             ] GC(189) Pause Young (Allocation Failure) 631M->527M(844M) 79.826ms
[74.345s][info][gc,cpu         ] GC(189) User=0.16s Sys=0.00s Real=0.08s
[74.436s][info][gc,start       ] GC(190) Pause Young (Allocation Failure)
[74.515s][info][gc,heap        ] GC(190) PSYoungGen: 188256K(222720K)->52864K(222720K) Eden: 111616K(111616K)->0K(111616K) From: 76640K(111104K)->52864K(111104K)
[74.515s][info][gc,heap        ] GC(190) ParOldGen: 463249K(642048K)->487146K(642048K)
[74.515s][info][gc,metaspace   ] GC(190) Metaspace: 17529K(17728K)->17529K(17728K) NonClass: 15723K(15872K)->15723K(15872K) Class: 1805K(1856K)->1805K(1856K)
[74.515s][info][gc             ] GC(190) Pause Young (Allocation Failure) 636M->527M(844M) 78.547ms
[74.515s][info][gc,cpu         ] GC(190) User=0.15s Sys=0.00s Real=0.08s
[74.632s][info][gc,start       ] GC(191) Pause Young (Allocation Failure)
[74.689s][info][gc,heap        ] GC(191) PSYoungGen: 164480K(222720K)->56512K(222720K) Eden: 111616K(111616K)->0K(111616K) From: 52864K(111104K)->56512K(111104K)
[74.689s][info][gc,heap        ] GC(191) ParOldGen: 487146K(642048K)->488618K(642048K)
[74.689s][info][gc,metaspace   ] GC(191) Metaspace: 17529K(17728K)->17529K(17728K) NonClass: 15723K(15872K)->15723K(15872K) Class: 1805K(1856K)->1805K(1856K)
[74.689s][info][gc             ] GC(191) Pause Young (Allocation Failure) 636M->532M(844M) 57.321ms
[74.689s][info][gc,cpu         ] GC(191) User=0.12s Sys=0.00s Real=0.06s
[74.843s][info][gc,start       ] GC(192) Pause Young (Allocation Failure)
[74.907s][info][gc,heap        ] GC(192) PSYoungGen: 168128K(222720K)->28544K(222720K) Eden: 111616K(111616K)->0K(111616K) From: 56512K(111104K)->28544K(111104K)
[74.907s][info][gc,heap        ] GC(192) ParOldGen: 488618K(642048K)->525186K(642048K)
[74.907s][info][gc,metaspace   ] GC(192) Metaspace: 17529K(17728K)->17529K(17728K) NonClass: 15723K(15872K)->15723K(15872K) Class: 1805K(1856K)->1805K(1856K)
[74.907s][info][gc             ] GC(192) Pause Young (Allocation Failure) 641M->540M(844M) 63.743ms
[74.907s][info][gc,cpu         ] GC(192) User=0.13s Sys=0.00s Real=0.07s
[75.230s][info][gc,start       ] GC(193) Pause Young (Allocation Failure)
[75.275s][info][gc,heap        ] GC(193) PSYoungGen: 140160K(222720K)->23008K(134656K) Eden: 111616K(111616K)->0K(111616K) From: 28544K(111104K)->23008K(23040K)
[75.275s][info][gc,heap        ] GC(193) ParOldGen: 525186K(642048K)->533594K(642048K)
[75.275s][info][gc,metaspace   ] GC(193) Metaspace: 17529K(17728K)->17529K(17728K) NonClass: 15723K(15872K)->15723K(15872K) Class: 1805K(1856K)->1805K(1856K)
[75.275s][info][gc             ] GC(193) Pause Young (Allocation Failure) 649M->543M(758M) 44.881ms
[75.275s][info][gc,cpu         ] GC(193) User=0.08s Sys=0.00s Real=0.05s
[75.634s][info][gc,start       ] GC(194) Pause Young (Allocation Failure)
[75.660s][info][gc,heap        ] GC(194) PSYoungGen: 134624K(134656K)->23104K(223232K) Eden: 111616K(111616K)->0K(112640K) From: 23008K(23040K)->23104K(110592K)
[75.660s][info][gc,heap        ] GC(194) ParOldGen: 533594K(642048K)->533594K(642048K)
[75.660s][info][gc,metaspace   ] GC(194) Metaspace: 17529K(17728K)->17529K(17728K) NonClass: 15723K(15872K)->15723K(15872K) Class: 1805K(1856K)->1805K(1856K)
[75.660s][info][gc             ] GC(194) Pause Young (Allocation Failure) 652M->543M(845M) 26.143ms
[75.660s][info][gc,cpu         ] GC(194) User=0.05s Sys=0.00s Real=0.02s
[75.940s][info][gc,start       ] GC(195) Pause Young (Allocation Failure)
[75.966s][info][gc,heap        ] GC(195) PSYoungGen: 135744K(223232K)->23280K(136192K) Eden: 112640K(112640K)->0K(112640K) From: 23104K(110592K)->23280K(23552K)
[75.966s][info][gc,heap        ] GC(195) ParOldGen: 533594K(642048K)->533594K(642048K)
[75.966s][info][gc,metaspace   ] GC(195) Metaspace: 17529K(17728K)->17529K(17728K) NonClass: 15723K(15872K)->15723K(15872K) Class: 1805K(1856K)->1805K(1856K)
[75.966s][info][gc             ] GC(195) Pause Young (Allocation Failure) 653M->543M(760M) 26.023ms
[75.966s][info][gc,cpu         ] GC(195) User=0.05s Sys=0.00s Real=0.03s
[76.389s][info][gc,start       ] GC(196) Pause Young (Allocation Failure)
[76.413s][info][gc,heap        ] GC(196) PSYoungGen: 135920K(136192K)->23456K(223232K) Eden: 112640K(112640K)->0K(116224K) From: 23280K(23552K)->23456K(107008K)
[76.414s][info][gc,heap        ] GC(196) ParOldGen: 533594K(642048K)->533594K(642048K)
[76.414s][info][gc,metaspace   ] GC(196) Metaspace: 17529K(17728K)->17529K(17728K) NonClass: 15723K(15872K)->15723K(15872K) Class: 1805K(1856K)->1805K(1856K)
[76.414s][info][gc             ] GC(196) Pause Young (Allocation Failure) 653M->543M(845M) 24.977ms
[76.414s][info][gc,cpu         ] GC(196) User=0.05s Sys=0.00s Real=0.03s
[76.595s][info][gc,start       ] GC(197) Pause Young (Allocation Failure)
[76.625s][info][gc,heap        ] GC(197) PSYoungGen: 139680K(223232K)->25872K(221184K) Eden: 116224K(116224K)->0K(116224K) From: 23456K(107008K)->25872K(104960K)
[76.625s][info][gc,heap        ] GC(197) ParOldGen: 533594K(642048K)->533594K(642048K)
[76.625s][info][gc,metaspace   ] GC(197) Metaspace: 17533K(17728K)->17533K(17728K) NonClass: 15728K(15872K)->15728K(15872K) Class: 1805K(1856K)->1805K(1856K)
[76.625s][info][gc             ] GC(197) Pause Young (Allocation Failure) 657M->546M(843M) 29.366ms
[76.625s][info][gc,cpu         ] GC(197) User=0.06s Sys=0.00s Real=0.03s
[76.786s][info][gc,start       ] GC(198) Pause Young (Allocation Failure)
[76.840s][info][gc,heap        ] GC(198) PSYoungGen: 142096K(221184K)->63616K(221696K) Eden: 116224K(116224K)->0K(119808K) From: 25872K(104960K)->63616K(101888K)
[76.840s][info][gc,heap        ] GC(198) ParOldGen: 533594K(642048K)->533594K(642048K)
[76.840s][info][gc,metaspace   ] GC(198) Metaspace: 17536K(17728K)->17536K(17728K) NonClass: 15730K(15872K)->15730K(15872K) Class: 1805K(1856K)->1805K(1856K)
[76.840s][info][gc             ] GC(198) Pause Young (Allocation Failure) 659M->583M(843M) 53.989ms
[76.840s][info][gc,cpu         ] GC(198) User=0.11s Sys=0.00s Real=0.05s
[76.966s][info][gc,start       ] GC(199) Pause Young (Allocation Failure)
[77.055s][info][gc,heap        ] GC(199) PSYoungGen: 183424K(221696K)->103904K(223744K) Eden: 119808K(119808K)->0K(119808K) From: 63616K(101888K)->103904K(103936K)
[77.055s][info][gc,heap        ] GC(199) ParOldGen: 533594K(642048K)->540986K(642048K)
[77.055s][info][gc,metaspace   ] GC(199) Metaspace: 17536K(17728K)->17536K(17728K) NonClass: 15730K(15872K)->15730K(15872K) Class: 1805K(1856K)->1805K(1856K)
[77.055s][info][gc             ] GC(199) Pause Young (Allocation Failure) 700M->629M(845M) 89.750ms
[77.055s][info][gc,cpu         ] GC(199) User=0.18s Sys=0.00s Real=0.09s
[77.213s][info][gc,start       ] GC(200) Pause Young (Allocation Failure)
[77.324s][info][gc,heap        ] GC(200) PSYoungGen: 223712K(223744K)->110064K(221696K) Eden: 119808K(119808K)->0K(111616K) From: 103904K(103936K)->110064K(110080K)
[77.324s][info][gc,heap        ] GC(200) ParOldGen: 540986K(642048K)->578562K(642048K)
[77.324s][info][gc,metaspace   ] GC(200) Metaspace: 17536K(17728K)->17536K(17728K) NonClass: 15730K(15872K)->15730K(15872K) Class: 1805K(1856K)->1805K(1856K)
[77.324s][info][gc             ] GC(200) Pause Young (Allocation Failure) 746M->672M(843M) 111.437ms
[77.324s][info][gc,cpu         ] GC(200) User=0.21s Sys=0.02s Real=0.12s
[77.604s][info][gc,start       ] GC(201) Pause Young (Allocation Failure)
[77.708s][info][gc,heap        ] GC(201) PSYoungGen: 221680K(221696K)->111078K(222720K) Eden: 111616K(111616K)->0K(111616K) From: 110064K(110080K)->111078K(111104K)
[77.709s][info][gc,heap        ] GC(201) ParOldGen: 578562K(642048K)->595730K(642048K)
[77.709s][info][gc,metaspace   ] GC(201) Metaspace: 17540K(17728K)->17540K(17728K) NonClass: 15734K(15872K)->15734K(15872K) Class: 1805K(1856K)->1805K(1856K)
[77.709s][info][gc             ] GC(201) Pause Young (Allocation Failure) 781M->690M(844M) 104.904ms
[77.709s][info][gc,cpu         ] GC(201) User=0.20s Sys=0.00s Real=0.10s
[77.784s][info][gc,start       ] GC(202) Pause Young (Allocation Failure)
[77.907s][info][gc,heap        ] GC(202) PSYoungGen: 222694K(222720K)->111094K(222720K) Eden: 111616K(111616K)->0K(111616K) From: 111078K(111104K)->111094K(111104K)
[77.907s][info][gc,heap        ] GC(202) ParOldGen: 595730K(642048K)->643282K(643584K)
[77.907s][info][gc,metaspace   ] GC(202) Metaspace: 17540K(17728K)->17540K(17728K) NonClass: 15734K(15872K)->15734K(15872K) Class: 1805K(1856K)->1805K(1856K)
[77.907s][info][gc             ] GC(202) Pause Young (Allocation Failure) 799M->736M(846M) 123.000ms
[77.907s][info][gc,cpu         ] GC(202) User=0.25s Sys=0.00s Real=0.12s
[78.110s][info][gc,start       ] GC(203) Pause Full (Allocation Failure)
[78.110s][info][gc,phases,start] GC(203) Marking Phase
[78.490s][info][gc,phases      ] GC(203) Marking Phase 379.853ms
[78.490s][info][gc,phases,start] GC(203) Summary Phase
[78.490s][info][gc,phases      ] GC(203) Summary Phase 0.033ms
[78.490s][info][gc,phases,start] GC(203) Forward
[78.613s][info][gc,phases      ] GC(203) Forward 122.827ms
[78.613s][info][gc,phases,start] GC(203) Adjust Pointers
[78.899s][info][gc,phases      ] GC(203) Adjust Pointers 286.578ms
[78.899s][info][gc,phases,start] GC(203) Compaction Phase
[79.079s][info][gc,phases      ] GC(203) Compaction Phase 179.810ms
[79.086s][info][gc,phases,start] GC(203) Post Compact
[79.089s][info][gc,phases      ] GC(203) Post Compact 2.589ms
[79.089s][info][gc,heap        ] GC(203) PSYoungGen: 222710K(222720K)->0K(222720K) Eden: 111616K(111616K)->0K(111616K) From: 111094K(111104K)->0K(111104K)
[79.089s][info][gc,heap        ] GC(203) ParOldGen: 643282K(643584K)->605842K(667648K)
[79.089s][info][gc,metaspace   ] GC(203) Metaspace: 17540K(17728K)->17540K(17728K) NonClass: 15734K(15872K)->15734K(15872K) Class: 1805K(1856K)->1805K(1856K)
[79.089s][info][gc             ] GC(203) Pause Full (Allocation Failure) 845M->591M(869M) 979.345ms
[79.089s][info][gc,cpu         ] GC(203) User=1.87s Sys=0.00s Real=0.98s
[79.226s][info][gc,start       ] GC(204) Pause Young (Allocation Failure)
[79.251s][info][gc,heap        ] GC(204) PSYoungGen: 111616K(222720K)->3808K(222720K) Eden: 111616K(111616K)->0K(111616K) From: 0K(111104K)->3808K(111104K)
[79.251s][info][gc,heap        ] GC(204) ParOldGen: 605842K(667648K)->605842K(667648K)
[79.251s][info][gc,metaspace   ] GC(204) Metaspace: 17540K(17728K)->17540K(17728K) NonClass: 15734K(15872K)->15734K(15872K) Class: 1805K(1856K)->1805K(1856K)
[79.251s][info][gc             ] GC(204) Pause Young (Allocation Failure) 700M->595M(869M) 25.471ms
[79.251s][info][gc,cpu         ] GC(204) User=0.05s Sys=0.00s Real=0.02s
[79.387s][info][gc,start       ] GC(205) Pause Young (Allocation Failure)
[79.441s][info][gc,heap        ] GC(205) PSYoungGen: 115424K(222720K)->25742K(222720K) Eden: 111616K(111616K)->0K(111616K) From: 3808K(111104K)->25742K(111104K)
[79.441s][info][gc,heap        ] GC(205) ParOldGen: 605842K(667648K)->605842K(667648K)
[79.441s][info][gc,metaspace   ] GC(205) Metaspace: 17541K(17728K)->17541K(17728K) NonClass: 15736K(15872K)->15736K(15872K) Class: 1805K(1856K)->1805K(1856K)
[79.441s][info][gc             ] GC(205) Pause Young (Allocation Failure) 704M->616M(869M) 54.606ms
[79.441s][info][gc,cpu         ] GC(205) User=0.11s Sys=0.00s Real=0.05s
[79.591s][info][gc,start       ] GC(206) Pause Young (Allocation Failure)
[79.669s][info][gc,heap        ] GC(206) PSYoungGen: 137358K(222720K)->47300K(222720K) Eden: 111616K(111616K)->0K(111616K) From: 25742K(111104K)->47300K(111104K)
[79.669s][info][gc,heap        ] GC(206) ParOldGen: 605842K(667648K)->605842K(667648K)
[79.669s][info][gc,metaspace   ] GC(206) Metaspace: 17541K(17728K)->17541K(17728K) NonClass: 15736K(15872K)->15736K(15872K) Class: 1805K(1856K)->1805K(1856K)
[79.669s][info][gc             ] GC(206) Pause Young (Allocation Failure) 725M->637M(869M) 78.726ms
[79.669s][info][gc,cpu         ] GC(206) User=0.15s Sys=0.00s Real=0.08s
[79.810s][info][gc,start       ] GC(207) Pause Young (Allocation Failure)
[79.886s][info][gc,heap        ] GC(207) PSYoungGen: 158916K(222720K)->47310K(222720K) Eden: 111616K(111616K)->0K(111616K) From: 47300K(111104K)->47310K(111104K)
[79.886s][info][gc,heap        ] GC(207) ParOldGen: 605842K(667648K)->605842K(667648K)
[79.886s][info][gc,metaspace   ] GC(207) Metaspace: 17541K(17728K)->17541K(17728K) NonClass: 15736K(15872K)->15736K(15872K) Class: 1805K(1856K)->1805K(1856K)
[79.887s][info][gc             ] GC(207) Pause Young (Allocation Failure) 746M->637M(869M) 76.336ms
[79.887s][info][gc,cpu         ] GC(207) User=0.15s Sys=0.00s Real=0.08s
[80.029s][info][gc,start       ] GC(208) Pause Young (Allocation Failure)
[80.105s][info][gc,heap        ] GC(208) PSYoungGen: 158926K(222720K)->43556K(222720K) Eden: 111616K(111616K)->0K(111616K) From: 47310K(111104K)->43556K(111104K)
[80.105s][info][gc,heap        ] GC(208) ParOldGen: 605842K(667648K)->609626K(667648K)
[80.105s][info][gc,metaspace   ] GC(208) Metaspace: 17541K(17728K)->17541K(17728K) NonClass: 15736K(15872K)->15736K(15872K) Class: 1805K(1856K)->1805K(1856K)
[80.105s][info][gc             ] GC(208) Pause Young (Allocation Failure) 746M->637M(869M) 76.520ms
[80.105s][info][gc,cpu         ] GC(208) User=0.15s Sys=0.00s Real=0.08s
[80.247s][info][gc,start       ] GC(209) Pause Young (Allocation Failure)
[80.315s][info][gc,heap        ] GC(209) PSYoungGen: 155172K(222720K)->32K(222720K) Eden: 111616K(111616K)->0K(111616K) From: 43556K(111104K)->32K(111104K)
[80.315s][info][gc,heap        ] GC(209) ParOldGen: 609626K(667648K)->653295K(667648K)
[80.315s][info][gc,metaspace   ] GC(209) Metaspace: 17541K(17728K)->17541K(17728K) NonClass: 15736K(15872K)->15736K(15872K) Class: 1805K(1856K)->1805K(1856K)
[80.315s][info][gc             ] GC(209) Pause Young (Allocation Failure) 746M->638M(869M) 68.424ms
[80.315s][info][gc,cpu         ] GC(209) User=0.13s Sys=0.01s Real=0.07s
[80.461s][info][gc,start       ] GC(210) Pause Full (Allocation Failure)
[80.461s][info][gc,phases,start] GC(210) Marking Phase
[80.761s][info][gc,phases      ] GC(210) Marking Phase 300.042ms
[80.761s][info][gc,phases,start] GC(210) Summary Phase
[80.761s][info][gc,phases      ] GC(210) Summary Phase 0.028ms
[80.761s][info][gc,phases,start] GC(210) Forward
[80.861s][info][gc,phases      ] GC(210) Forward 99.486ms
[80.861s][info][gc,phases,start] GC(210) Adjust Pointers
[81.113s][info][gc,phases      ] GC(210) Adjust Pointers 252.620ms
[81.113s][info][gc,phases,start] GC(210) Compaction Phase
[81.244s][info][gc,phases      ] GC(210) Compaction Phase 130.218ms
[81.259s][info][gc,phases,start] GC(210) Post Compact
[81.262s][info][gc,phases      ] GC(210) Post Compact 2.341ms
[81.262s][info][gc,heap        ] GC(210) PSYoungGen: 111648K(222720K)->0K(222720K) Eden: 111616K(111616K)->0K(111616K) From: 32K(111104K)->0K(111104K)
[81.262s][info][gc,heap        ] GC(210) ParOldGen: 653295K(667648K)->489253K(667648K)
[81.262s][info][gc,metaspace   ] GC(210) Metaspace: 17541K(17728K)->17541K(17728K) NonClass: 15736K(15872K)->15736K(15872K) Class: 1805K(1856K)->1805K(1856K)
[81.262s][info][gc             ] GC(210) Pause Full (Allocation Failure) 747M->477M(869M) 801.085ms
[81.262s][info][gc,cpu         ] GC(210) User=1.50s Sys=0.00s Real=0.80s
[81.406s][info][gc,start       ] GC(211) Pause Young (Allocation Failure)
[81.408s][info][gc,heap        ] GC(211) PSYoungGen: 111616K(222720K)->64K(222720K) Eden: 111616K(111616K)->0K(111616K) From: 0K(111104K)->64K(111104K)
[81.408s][info][gc,heap        ] GC(211) ParOldGen: 489253K(667648K)->489253K(667648K)
[81.408s][info][gc,metaspace   ] GC(211) Metaspace: 17541K(17728K)->17541K(17728K) NonClass: 15736K(15872K)->15736K(15872K) Class: 1805K(1856K)->1805K(1856K)
[81.408s][info][gc             ] GC(211) Pause Young (Allocation Failure) 586M->477M(869M) 1.555ms
[81.408s][info][gc,cpu         ] GC(211) User=0.00s Sys=0.00s Real=0.00s
[81.545s][info][gc,start       ] GC(212) Pause Young (Allocation Failure)
[81.546s][info][gc,heap        ] GC(212) PSYoungGen: 111680K(222720K)->64K(222720K) Eden: 111616K(111616K)->0K(111616K) From: 64K(111104K)->64K(111104K)
[81.546s][info][gc,heap        ] GC(212) ParOldGen: 489253K(667648K)->489269K(667648K)
[81.546s][info][gc,metaspace   ] GC(212) Metaspace: 17541K(17728K)->17541K(17728K) NonClass: 15736K(15872K)->15736K(15872K) Class: 1805K(1856K)->1805K(1856K)
[81.546s][info][gc             ] GC(212) Pause Young (Allocation Failure) 586M->477M(869M) 1.538ms
[81.546s][info][gc,cpu         ] GC(212) User=0.00s Sys=0.00s Real=0.00s
[81.684s][info][gc,start       ] GC(213) Pause Young (Allocation Failure)
[81.686s][info][gc,heap        ] GC(213) PSYoungGen: 111680K(222720K)->64K(222720K) Eden: 111616K(111616K)->0K(111616K) From: 64K(111104K)->64K(111104K)
[81.686s][info][gc,heap        ] GC(213) ParOldGen: 489269K(667648K)->489269K(667648K)
[81.686s][info][gc,metaspace   ] GC(213) Metaspace: 17541K(17728K)->17541K(17728K) NonClass: 15736K(15872K)->15736K(15872K) Class: 1805K(1856K)->1805K(1856K)
[81.686s][info][gc             ] GC(213) Pause Young (Allocation Failure) 586M->477M(869M) 1.551ms
[81.686s][info][gc,cpu         ] GC(213) User=0.00s Sys=0.00s Real=0.00s
[81.822s][info][gc,start       ] GC(214) Pause Young (Allocation Failure)
[81.823s][info][gc,heap        ] GC(214) PSYoungGen: 111680K(222720K)->64K(222720K) Eden: 111616K(111616K)->0K(111616K) From: 64K(111104K)->64K(111104K)
[81.823s][info][gc,heap        ] GC(214) ParOldGen: 489269K(667648K)->489269K(667648K)
[81.823s][info][gc,metaspace   ] GC(214) Metaspace: 17541K(17728K)->17541K(17728K) NonClass: 15736K(15872K)->15736K(15872K) Class: 1805K(1856K)->1805K(1856K)
[81.823s][info][gc             ] GC(214) Pause Young (Allocation Failure) 586M->477M(869M) 1.578ms
[81.823s][info][gc,cpu         ] GC(214) User=0.01s Sys=0.00s Real=0.00s
[81.959s][info][gc,start       ] GC(215) Pause Young (Allocation Failure)
[81.960s][info][gc,heap        ] GC(215) PSYoungGen: 111680K(222720K)->64K(222720K) Eden: 111616K(111616K)->0K(111616K) From: 64K(111104K)->64K(111104K)
[81.960s][info][gc,heap        ] GC(215) ParOldGen: 489269K(667648K)->489269K(667648K)
[81.960s][info][gc,metaspace   ] GC(215) Metaspace: 17541K(17728K)->17541K(17728K) NonClass: 15736K(15872K)->15736K(15872K) Class: 1805K(1856K)->1805K(1856K)
[81.960s][info][gc             ] GC(215) Pause Young (Allocation Failure) 586M->477M(869M) 1.588ms
[81.960s][info][gc,cpu         ] GC(215) User=0.00s Sys=0.00s Real=0.00s
[82.094s][info][gc,start       ] GC(216) Pause Young (Allocation Failure)
[82.098s][info][gc,heap        ] GC(216) PSYoungGen: 111680K(222720K)->2720K(222720K) Eden: 111616K(111616K)->0K(111616K) From: 64K(111104K)->2720K(111104K)
[82.098s][info][gc,heap        ] GC(216) ParOldGen: 489269K(667648K)->489269K(667648K)
[82.098s][info][gc,metaspace   ] GC(216) Metaspace: 17541K(17728K)->17541K(17728K) NonClass: 15736K(15872K)->15736K(15872K) Class: 1805K(1856K)->1805K(1856K)
[82.098s][info][gc             ] GC(216) Pause Young (Allocation Failure) 586M->480M(869M) 4.955ms
[82.099s][info][gc,cpu         ] GC(216) User=0.01s Sys=0.00s Real=0.00s
[82.196s][info][gc,start       ] GC(217) Pause Young (Allocation Failure)
[82.216s][info][gc,heap        ] GC(217) PSYoungGen: 114336K(222720K)->16640K(222720K) Eden: 111616K(111616K)->0K(111616K) From: 2720K(111104K)->16640K(111104K)
[82.217s][info][gc,heap        ] GC(217) ParOldGen: 489269K(667648K)->491965K(667648K)
[82.217s][info][gc,metaspace   ] GC(217) Metaspace: 17542K(17728K)->17542K(17728K) NonClass: 15736K(15872K)->15736K(15872K) Class: 1805K(1856K)->1805K(1856K)
[82.217s][info][gc             ] GC(217) Pause Young (Allocation Failure) 589M->496M(869M) 20.439ms
[82.217s][info][gc,cpu         ] GC(217) User=0.04s Sys=0.00s Real=0.02s
[82.314s][info][gc,start       ] GC(218) Pause Young (Allocation Failure)
[82.342s][info][gc,heap        ] GC(218) PSYoungGen: 128256K(222720K)->10848K(222720K) Eden: 111616K(111616K)->0K(111616K) From: 16640K(111104K)->10848K(111104K)
[82.342s][info][gc,heap        ] GC(218) ParOldGen: 491965K(667648K)->508621K(667648K)
[82.342s][info][gc,metaspace   ] GC(218) Metaspace: 17542K(17728K)->17542K(17728K) NonClass: 15736K(15872K)->15736K(15872K) Class: 1805K(1856K)->1805K(1856K)
[82.342s][info][gc             ] GC(218) Pause Young (Allocation Failure) 605M->507M(869M) 27.928ms
[82.342s][info][gc,cpu         ] GC(218) User=0.05s Sys=0.00s Real=0.02s
[82.421s][info][gc,start       ] GC(219) Pause Young (Allocation Failure)
[82.438s][info][gc,heap        ] GC(219) PSYoungGen: 122464K(222720K)->3264K(222720K) Eden: 111616K(111616K)->0K(111616K) From: 10848K(111104K)->3264K(111104K)
[82.438s][info][gc,heap        ] GC(219) ParOldGen: 508621K(667648K)->519493K(667648K)
[82.438s][info][gc,metaspace   ] GC(219) Metaspace: 17542K(17728K)->17542K(17728K) NonClass: 15736K(15872K)->15736K(15872K) Class: 1805K(1856K)->1805K(1856K)
[82.438s][info][gc             ] GC(219) Pause Young (Allocation Failure) 616M->510M(869M) 16.684ms
[82.438s][info][gc,cpu         ] GC(219) User=0.03s Sys=0.00s Real=0.02s
[82.527s][info][gc,start       ] GC(220) Pause Young (Allocation Failure)
[82.536s][info][gc,heap        ] GC(220) PSYoungGen: 114880K(222720K)->448K(220672K) Eden: 111616K(111616K)->0K(111616K) From: 3264K(111104K)->448K(109056K)
[82.536s][info][gc,heap        ] GC(220) ParOldGen: 519493K(667648K)->522725K(667648K)
[82.536s][info][gc,metaspace   ] GC(220) Metaspace: 17542K(17728K)->17542K(17728K) NonClass: 15736K(15872K)->15736K(15872K) Class: 1805K(1856K)->1805K(1856K)
[82.536s][info][gc             ] GC(220) Pause Young (Allocation Failure) 619M->510M(867M) 8.576ms
[82.536s][info][gc,cpu         ] GC(220) User=0.02s Sys=0.00s Real=0.01s
[82.625s][info][gc,start       ] GC(221) Pause Young (Allocation Failure)
[82.630s][info][gc,heap        ] GC(221) PSYoungGen: 112064K(220672K)->1952K(113664K) Eden: 111616K(111616K)->0K(111616K) From: 448K(109056K)->1952K(2048K)
[82.630s][info][gc,heap        ] GC(221) ParOldGen: 522725K(667648K)->522725K(667648K)
[82.630s][info][gc,metaspace   ] GC(221) Metaspace: 17542K(17728K)->17542K(17728K) NonClass: 15736K(15872K)->15736K(15872K) Class: 1805K(1856K)->1805K(1856K)
[82.630s][info][gc             ] GC(221) Pause Young (Allocation Failure) 619M->512M(763M) 5.236ms
[82.630s][info][gc,cpu         ] GC(221) User=0.00s Sys=0.00s Real=0.00s
[82.769s][info][gc,start       ] GC(222) Pause Young (Allocation Failure)
[82.778s][info][gc,heap        ] GC(222) PSYoungGen: 113568K(113664K)->7424K(208896K) Eden: 111616K(111616K)->0K(116224K) From: 1952K(2048K)->7424K(92672K)
[82.778s][info][gc,heap        ] GC(222) ParOldGen: 522725K(667648K)->522725K(667648K)
[82.778s][info][gc,metaspace   ] GC(222) Metaspace: 17542K(17728K)->17542K(17728K) NonClass: 15736K(15872K)->15736K(15872K) Class: 1805K(1856K)->1805K(1856K)
[82.778s][info][gc             ] GC(222) Pause Young (Allocation Failure) 621M->517M(856M) 9.902ms
[82.778s][info][gc,cpu         ] GC(222) User=0.02s Sys=0.01s Real=0.01s
[82.914s][info][gc,start       ] GC(223) Pause Young (Allocation Failure)
[82.931s][info][gc,heap        ] GC(223) PSYoungGen: 123648K(208896K)->10656K(126976K) Eden: 116224K(116224K)->0K(116224K) From: 7424K(92672K)->10656K(10752K)
[82.931s][info][gc,heap        ] GC(223) ParOldGen: 522725K(667648K)->522725K(667648K)
[82.931s][info][gc,metaspace   ] GC(223) Metaspace: 17542K(17728K)->17542K(17728K) NonClass: 15736K(15872K)->15736K(15872K) Class: 1805K(1856K)->1805K(1856K)
[82.931s][info][gc             ] GC(223) Pause Young (Allocation Failure) 631M->520M(776M) 16.509ms
[82.931s][info][gc,cpu         ] GC(223) User=0.03s Sys=0.00s Real=0.01s
[83.177s][info][gc,start       ] GC(224) Pause Young (Allocation Failure)
[83.192s][info][gc,heap        ] GC(224) PSYoungGen: 126880K(126976K)->10688K(198656K) Eden: 116224K(116224K)->0K(120320K) From: 10656K(10752K)->10688K(78336K)
[83.192s][info][gc,heap        ] GC(224) ParOldGen: 522725K(667648K)->522725K(667648K)
[83.192s][info][gc,metaspace   ] GC(224) Metaspace: 17542K(17728K)->17542K(17728K) NonClass: 15737K(15872K)->15737K(15872K) Class: 1805K(1856K)->1805K(1856K)
[83.192s][info][gc             ] GC(224) Pause Young (Allocation Failure) 634M->520M(846M) 14.571ms
[83.192s][info][gc,cpu         ] GC(224) User=0.03s Sys=0.00s Real=0.01s
[83.417s][info][gc,start       ] GC(225) Pause Young (Allocation Failure)
[83.431s][info][gc,heap        ] GC(225) PSYoungGen: 131008K(198656K)->10848K(131584K) Eden: 120320K(120320K)->0K(120320K) From: 10688K(78336K)->10848K(11264K)
[83.431s][info][gc,heap        ] GC(225) ParOldGen: 522725K(667648K)->522725K(667648K)
[83.431s][info][gc,metaspace   ] GC(225) Metaspace: 17542K(17728K)->17542K(17728K) NonClass: 15737K(15872K)->15737K(15872K) Class: 1805K(1856K)->1805K(1856K)
[83.431s][info][gc             ] GC(225) Pause Young (Allocation Failure) 638M->521M(780M) 13.371ms
[83.431s][info][gc,cpu         ] GC(225) User=0.03s Sys=0.00s Real=0.01s
[83.671s][info][gc,start       ] GC(226) Pause Young (Allocation Failure)
[83.684s][info][gc,heap        ] GC(226) PSYoungGen: 131168K(131584K)->10816K(191488K) Eden: 120320K(120320K)->0K(123904K) From: 10848K(11264K)->10816K(67584K)
[83.684s][info][gc,heap        ] GC(226) ParOldGen: 522725K(667648K)->522725K(667648K)
[83.684s][info][gc,metaspace   ] GC(226) Metaspace: 17542K(17728K)->17542K(17728K) NonClass: 15737K(15872K)->15737K(15872K) Class: 1805K(1856K)->1805K(1856K)
[83.684s][info][gc             ] GC(226) Pause Young (Allocation Failure) 638M->521M(839M) 13.088ms
[83.684s][info][gc,cpu         ] GC(226) User=0.02s Sys=0.00s Real=0.02s
[83.876s][info][gc,start       ] GC(227) Pause Young (Allocation Failure)
[83.891s][info][gc,heap        ] GC(227) PSYoungGen: 134720K(191488K)->10848K(135168K) Eden: 123904K(123904K)->0K(123904K) From: 10816K(67584K)->10848K(11264K)
[83.891s][info][gc,heap        ] GC(227) ParOldGen: 522725K(667648K)->522725K(667648K)
[83.891s][info][gc,metaspace   ] GC(227) Metaspace: 17542K(17728K)->17542K(17728K) NonClass: 15737K(15872K)->15737K(15872K) Class: 1805K(1856K)->1805K(1856K)
[83.891s][info][gc             ] GC(227) Pause Young (Allocation Failure) 642M->521M(784M) 14.432ms
[83.891s][info][gc,cpu         ] GC(227) User=0.02s Sys=0.00s Real=0.01s
[84.093s][info][gc,start       ] GC(228) Pause Young (Allocation Failure)
[84.113s][info][gc,heap        ] GC(228) PSYoungGen: 134752K(135168K)->17952K(188416K) Eden: 123904K(123904K)->0K(128000K) From: 10848K(11264K)->17952K(60416K)
[84.113s][info][gc,heap        ] GC(228) ParOldGen: 522725K(667648K)->522725K(667648K)
[84.113s][info][gc,metaspace   ] GC(228) Metaspace: 17542K(17728K)->17542K(17728K) NonClass: 15737K(15872K)->15737K(15872K) Class: 1805K(1856K)->1805K(1856K)
[84.113s][info][gc             ] GC(228) Pause Young (Allocation Failure) 642M->528M(836M) 19.846ms
[84.113s][info][gc,cpu         ] GC(228) User=0.04s Sys=0.01s Real=0.02s
[84.280s][info][gc,start       ] GC(229) Pause Young (Allocation Failure)
[84.305s][info][gc,heap        ] GC(229) PSYoungGen: 145952K(188416K)->24832K(192512K) Eden: 128000K(128000K)->0K(128000K) From: 17952K(60416K)->24832K(64512K)
[84.305s][info][gc,heap        ] GC(229) ParOldGen: 522725K(667648K)->522725K(667648K)
[84.305s][info][gc,metaspace   ] GC(229) Metaspace: 17542K(17728K)->17542K(17728K) NonClass: 15737K(15872K)->15737K(15872K) Class: 1805K(1856K)->1805K(1856K)
[84.305s][info][gc             ] GC(229) Pause Young (Allocation Failure) 653M->534M(840M) 25.269ms
[84.305s][info][gc,cpu         ] GC(229) User=0.05s Sys=0.00s Real=0.03s
[84.479s][info][gc,start       ] GC(230) Pause Young (Allocation Failure)
[84.505s][info][gc,heap        ] GC(230) PSYoungGen: 152832K(192512K)->26720K(195584K) Eden: 128000K(128000K)->0K(133120K) From: 24832K(64512K)->26720K(62464K)
[84.505s][info][gc,heap        ] GC(230) ParOldGen: 522725K(667648K)->522725K(667648K)
[84.505s][info][gc,metaspace   ] GC(230) Metaspace: 17542K(17728K)->17542K(17728K) NonClass: 15737K(15872K)->15737K(15872K) Class: 1805K(1856K)->1805K(1856K)
[84.505s][info][gc             ] GC(230) Pause Young (Allocation Failure) 659M->536M(843M) 26.296ms
[84.505s][info][gc,cpu         ] GC(230) User=0.06s Sys=0.00s Real=0.03s
[84.604s][info][gc,start       ] GC(231) Pause Young (Allocation Failure)
[84.657s][info][gc,heap        ] GC(231) PSYoungGen: 159840K(195584K)->62448K(195584K) Eden: 133120K(133120K)->0K(133120K) From: 26720K(62464K)->62448K(62464K)
[84.657s][info][gc,heap        ] GC(231) ParOldGen: 522725K(667648K)->526797K(667648K)
[84.657s][info][gc,metaspace   ] GC(231) Metaspace: 17542K(17728K)->17542K(17728K) NonClass: 15737K(15872K)->15737K(15872K) Class: 1805K(1856K)->1805K(1856K)
[84.657s][info][gc             ] GC(231) Pause Young (Allocation Failure) 666M->575M(843M) 53.589ms
[84.657s][info][gc,cpu         ] GC(231) User=0.11s Sys=0.00s Real=0.05s
[84.913s][info][gc,start       ] GC(232) Pause Young (Allocation Failure)
[84.990s][info][gc,heap        ] GC(232) PSYoungGen: 195568K(195584K)->76272K(201728K) Eden: 133120K(133120K)->0K(125440K) From: 62448K(62464K)->76272K(76288K)
[84.990s][info][gc,heap        ] GC(232) ParOldGen: 526797K(667648K)->529869K(667648K)
[84.990s][info][gc,metaspace   ] GC(232) Metaspace: 17552K(17728K)->17552K(17728K) NonClass: 15746K(15872K)->15746K(15872K) Class: 1805K(1856K)->1805K(1856K)
[84.990s][info][gc             ] GC(232) Pause Young (Allocation Failure) 705M->591M(849M) 77.107ms
[84.990s][info][gc,cpu         ] GC(232) User=0.12s Sys=0.02s Real=0.08s
[85.216s][info][gc,start       ] GC(233) Pause Young (Allocation Failure)
[85.295s][info][gc,heap        ] GC(233) PSYoungGen: 201712K(201728K)->81568K(217088K) Eden: 125440K(125440K)->0K(125440K) From: 76272K(76288K)->81568K(91648K)
[85.295s][info][gc,heap        ] GC(233) ParOldGen: 529869K(667648K)->538589K(667648K)
[85.295s][info][gc,metaspace   ] GC(233) Metaspace: 17574K(17728K)->17574K(17728K) NonClass: 15766K(15872K)->15766K(15872K) Class: 1808K(1856K)->1808K(1856K)
[85.295s][info][gc             ] GC(233) Pause Young (Allocation Failure) 714M->605M(864M) 78.881ms
[85.295s][info][gc,cpu         ] GC(233) User=0.16s Sys=0.00s Real=0.08s
[85.455s][info][gc,start       ] GC(234) Pause Young (Allocation Failure)
[85.534s][info][gc,heap        ] GC(234) PSYoungGen: 207008K(217088K)->81568K(217088K) Eden: 125440K(125440K)->0K(111616K) From: 81568K(91648K)->81568K(105472K)
[85.534s][info][gc,heap        ] GC(234) ParOldGen: 538589K(667648K)->538589K(667648K)
[85.534s][info][gc,metaspace   ] GC(234) Metaspace: 17574K(17728K)->17574K(17728K) NonClass: 15766K(15872K)->15766K(15872K) Class: 1808K(1856K)->1808K(1856K)
[85.534s][info][gc             ] GC(234) Pause Young (Allocation Failure) 728M->605M(864M) 78.831ms
[85.534s][info][gc,cpu         ] GC(234) User=0.15s Sys=0.01s Real=0.08s
[85.674s][info][gc,start       ] GC(235) Pause Young (Allocation Failure)
[85.744s][info][gc,heap        ] GC(235) PSYoungGen: 193184K(217088K)->81408K(222720K) Eden: 111616K(111616K)->0K(111616K) From: 81568K(105472K)->81408K(111104K)
[85.744s][info][gc,heap        ] GC(235) ParOldGen: 538589K(667648K)->538779K(667648K)
[85.744s][info][gc,metaspace   ] GC(235) Metaspace: 17574K(17728K)->17574K(17728K) NonClass: 15766K(15872K)->15766K(15872K) Class: 1808K(1856K)->1808K(1856K)
[85.744s][info][gc             ] GC(235) Pause Young (Allocation Failure) 714M->605M(869M) 70.135ms
[85.744s][info][gc,cpu         ] GC(235) User=0.14s Sys=0.00s Real=0.07s
[85.889s][info][gc,start       ] GC(236) Pause Young (Allocation Failure)
[85.959s][info][gc,heap        ] GC(236) PSYoungGen: 193024K(222720K)->81376K(222720K) Eden: 111616K(111616K)->0K(111616K) From: 81408K(111104K)->81376K(111104K)
[85.959s][info][gc,heap        ] GC(236) ParOldGen: 538779K(667648K)->538811K(667648K)
[85.959s][info][gc,metaspace   ] GC(236) Metaspace: 17574K(17728K)->17574K(17728K) NonClass: 15766K(15872K)->15766K(15872K) Class: 1808K(1856K)->1808K(1856K)
[85.959s][info][gc             ] GC(236) Pause Young (Allocation Failure) 714M->605M(869M) 70.151ms
[85.959s][info][gc,cpu         ] GC(236) User=0.14s Sys=0.00s Real=0.07s
[86.103s][info][gc,start       ] GC(237) Pause Young (Allocation Failure)
[86.172s][info][gc,heap        ] GC(237) PSYoungGen: 192992K(222720K)->67392K(222720K) Eden: 111616K(111616K)->0K(111616K) From: 81376K(111104K)->67392K(111104K)
[86.172s][info][gc,heap        ] GC(237) ParOldGen: 538811K(667648K)->552875K(667648K)
[86.172s][info][gc,metaspace   ] GC(237) Metaspace: 17574K(17728K)->17574K(17728K) NonClass: 15766K(15872K)->15766K(15872K) Class: 1808K(1856K)->1808K(1856K)
[86.172s][info][gc             ] GC(237) Pause Young (Allocation Failure) 714M->605M(869M) 69.347ms
[86.172s][info][gc,cpu         ] GC(237) User=0.14s Sys=0.00s Real=0.07s
[86.313s][info][gc,start       ] GC(238) Pause Young (Allocation Failure)
[86.369s][info][gc,heap        ] GC(238) PSYoungGen: 179008K(222720K)->30752K(222720K) Eden: 111616K(111616K)->0K(111616K) From: 67392K(111104K)->30752K(111104K)
[86.369s][info][gc,heap        ] GC(238) ParOldGen: 552875K(667648K)->589878K(667648K)
[86.369s][info][gc,metaspace   ] GC(238) Metaspace: 17574K(17728K)->17574K(17728K) NonClass: 15766K(15872K)->15766K(15872K) Class: 1808K(1856K)->1808K(1856K)
[86.369s][info][gc             ] GC(238) Pause Young (Allocation Failure) 714M->606M(869M) 55.560ms
[86.369s][info][gc,cpu         ] GC(238) User=0.12s Sys=0.00s Real=0.06s
[86.509s][info][gc,start       ] GC(239) Pause Young (Allocation Failure)
[86.544s][info][gc,heap        ] GC(239) PSYoungGen: 142368K(222720K)->32K(222720K) Eden: 111616K(111616K)->0K(111616K) From: 30752K(111104K)->32K(111104K)
[86.544s][info][gc,heap        ] GC(239) ParOldGen: 589878K(667648K)->620838K(667648K)
[86.544s][info][gc,metaspace   ] GC(239) Metaspace: 17574K(17728K)->17574K(17728K) NonClass: 15766K(15872K)->15766K(15872K) Class: 1808K(1856K)->1808K(1856K)
[86.544s][info][gc             ] GC(239) Pause Young (Allocation Failure) 715M->606M(869M) 34.414ms
[86.544s][info][gc,cpu         ] GC(239) User=0.07s Sys=0.00s Real=0.04s
[86.684s][info][gc,start       ] GC(240) Pause Young (Allocation Failure)
[86.686s][info][gc,heap        ] GC(240) PSYoungGen: 111648K(222720K)->64K(222720K) Eden: 111616K(111616K)->0K(111616K) From: 32K(111104K)->64K(111104K)
[86.686s][info][gc,heap        ] GC(240) ParOldGen: 620838K(667648K)->620838K(667648K)
[86.686s][info][gc,metaspace   ] GC(240) Metaspace: 17574K(17728K)->17574K(17728K) NonClass: 15766K(15872K)->15766K(15872K) Class: 1808K(1856K)->1808K(1856K)
[86.686s][info][gc             ] GC(240) Pause Young (Allocation Failure) 715M->606M(869M) 1.881ms
[86.686s][info][gc,cpu         ] GC(240) User=0.00s Sys=0.00s Real=0.00s
[86.801s][info][gc,start       ] GC(241) Pause Young (Allocation Failure)
[86.818s][info][gc,heap        ] GC(241) PSYoungGen: 111680K(222720K)->12896K(222720K) Eden: 111616K(111616K)->0K(111616K) From: 64K(111104K)->12896K(111104K)
[86.818s][info][gc,heap        ] GC(241) ParOldGen: 620838K(667648K)->620838K(667648K)
[86.818s][info][gc,metaspace   ] GC(241) Metaspace: 17574K(17728K)->17574K(17728K) NonClass: 15766K(15872K)->15766K(15872K) Class: 1808K(1856K)->1808K(1856K)
[86.818s][info][gc             ] GC(241) Pause Young (Allocation Failure) 715M->618M(869M) 16.999ms
[86.818s][info][gc,cpu         ] GC(241) User=0.04s Sys=0.00s Real=0.02s
[86.937s][info][gc,start       ] GC(242) Pause Young (Allocation Failure)
[86.964s][info][gc,heap        ] GC(242) PSYoungGen: 124512K(222720K)->25632K(222720K) Eden: 111616K(111616K)->0K(111616K) From: 12896K(111104K)->25632K(111104K)
[86.964s][info][gc,heap        ] GC(242) ParOldGen: 620838K(667648K)->620838K(667648K)
[86.964s][info][gc,metaspace   ] GC(242) Metaspace: 17574K(17728K)->17574K(17728K) NonClass: 15766K(15872K)->15766K(15872K) Class: 1808K(1856K)->1808K(1856K)
[86.964s][info][gc             ] GC(242) Pause Young (Allocation Failure) 727M->631M(869M) 26.956ms
[86.964s][info][gc,cpu         ] GC(242) User=0.05s Sys=0.00s Real=0.03s
[87.036s][info][gc,start       ] GC(243) Pause Young (Allocation Failure)
[87.090s][info][gc,heap        ] GC(243) PSYoungGen: 137248K(222720K)->39424K(151040K) Eden: 111616K(111616K)->0K(111616K) From: 25632K(111104K)->39424K(39424K)
[87.090s][info][gc,heap        ] GC(243) ParOldGen: 620838K(667648K)->633750K(667648K)
[87.090s][info][gc,metaspace   ] GC(243) Metaspace: 17574K(17728K)->17574K(17728K) NonClass: 15766K(15872K)->15766K(15872K) Class: 1808K(1856K)->1808K(1856K)
[87.090s][info][gc             ] GC(243) Pause Young (Allocation Failure) 740M->657M(799M) 53.728ms
[87.090s][info][gc,cpu         ] GC(243) User=0.10s Sys=0.00s Real=0.05s
[87.169s][info][gc,start       ] GC(244) Pause Full (Allocation Failure)
[87.169s][info][gc,phases,start] GC(244) Marking Phase
[87.403s][info][gc,phases      ] GC(244) Marking Phase 234.247ms
[87.403s][info][gc,phases,start] GC(244) Summary Phase
[87.403s][info][gc,phases      ] GC(244) Summary Phase 0.033ms
[87.403s][info][gc,phases,start] GC(244) Forward
[87.483s][info][gc,phases      ] GC(244) Forward 79.660ms
[87.483s][info][gc,phases,start] GC(244) Adjust Pointers
[87.681s][info][gc,phases      ] GC(244) Adjust Pointers 197.699ms
[87.681s][info][gc,phases,start] GC(244) Compaction Phase
[87.778s][info][gc,phases      ] GC(244) Compaction Phase 97.428ms
[87.788s][info][gc,phases,start] GC(244) Post Compact
[87.791s][info][gc,phases      ] GC(244) Post Compact 2.400ms
[87.795s][info][gc,heap        ] GC(244) PSYoungGen: 151040K(151040K)->0K(218624K) Eden: 111616K(111616K)->0K(111616K) From: 39424K(39424K)->0K(107008K)
[87.795s][info][gc,heap        ] GC(244) ParOldGen: 633750K(667648K)->374562K(600576K)
[87.795s][info][gc,metaspace   ] GC(244) Metaspace: 17574K(17728K)->17574K(17728K) NonClass: 15766K(15872K)->15766K(15872K) Class: 1808K(1856K)->1808K(1856K)
[87.795s][info][gc             ] GC(244) Pause Full (Allocation Failure) 766M->365M(800M) 625.918ms
[87.795s][info][gc,cpu         ] GC(244) User=1.16s Sys=0.00s Real=0.63s
[87.867s][info][gc,start       ] GC(245) Pause Young (Allocation Failure)
[87.897s][info][gc,heap        ] GC(245) PSYoungGen: 111616K(218624K)->24896K(218624K) Eden: 111616K(111616K)->0K(111616K) From: 0K(107008K)->24896K(107008K)
[87.897s][info][gc,heap        ] GC(245) ParOldGen: 374562K(600576K)->374562K(600576K)
[87.897s][info][gc,metaspace   ] GC(245) Metaspace: 17574K(17728K)->17574K(17728K) NonClass: 15766K(15872K)->15766K(15872K) Class: 1808K(1856K)->1808K(1856K)
[87.897s][info][gc             ] GC(245) Pause Young (Allocation Failure) 474M->390M(800M) 30.558ms
[87.897s][info][gc,cpu         ] GC(245) User=0.06s Sys=0.00s Real=0.03s
[87.974s][info][gc,start       ] GC(246) Pause Young (Allocation Failure)
[88.008s][info][gc,heap        ] GC(246) PSYoungGen: 136512K(218624K)->28768K(210944K) Eden: 111616K(111616K)->0K(120832K) From: 24896K(107008K)->28768K(90112K)
[88.008s][info][gc,heap        ] GC(246) ParOldGen: 374562K(600576K)->374562K(600576K)
[88.008s][info][gc,metaspace   ] GC(246) Metaspace: 17574K(17728K)->17574K(17728K) NonClass: 15766K(15872K)->15766K(15872K) Class: 1808K(1856K)->1808K(1856K)
[88.008s][info][gc             ] GC(246) Pause Young (Allocation Failure) 499M->393M(792M) 34.161ms
[88.008s][info][gc,cpu         ] GC(246) User=0.07s Sys=0.00s Real=0.03s
[88.103s][info][gc,start       ] GC(247) Pause Young (Allocation Failure)
[88.143s][info][gc,heap        ] GC(247) PSYoungGen: 149600K(210944K)->40096K(216064K) Eden: 120832K(120832K)->0K(120832K) From: 28768K(90112K)->40096K(95232K)
[88.143s][info][gc,heap        ] GC(247) ParOldGen: 374562K(600576K)->374562K(600576K)
[88.144s][info][gc,metaspace   ] GC(247) Metaspace: 17574K(17728K)->17574K(17728K) NonClass: 15766K(15872K)->15766K(15872K) Class: 1808K(1856K)->1808K(1856K)
[88.144s][info][gc             ] GC(247) Pause Young (Allocation Failure) 511M->404M(797M) 40.946ms
[88.144s][info][gc,cpu         ] GC(247) User=0.08s Sys=0.00s Real=0.05s
[88.198s][info][gc,start       ] GC(248) Pause Young (Allocation Failure)
[88.241s][info][gc,heap        ] GC(248) PSYoungGen: 160928K(216064K)->44896K(222208K) Eden: 120832K(120832K)->0K(132608K) From: 40096K(95232K)->44896K(89600K)
[88.241s][info][gc,heap        ] GC(248) ParOldGen: 374562K(600576K)->374562K(600576K)
[88.241s][info][gc,metaspace   ] GC(248) Metaspace: 17574K(17728K)->17574K(17728K) NonClass: 15766K(15872K)->15766K(15872K) Class: 1808K(1856K)->1808K(1856K)
[88.241s][info][gc             ] GC(248) Pause Young (Allocation Failure) 522M->409M(803M) 43.131ms
[88.241s][info][gc,cpu         ] GC(248) User=0.09s Sys=0.00s Real=0.04s
[88.324s][info][gc,start       ] GC(249) Pause Young (Allocation Failure)
[88.370s][info][gc,heap        ] GC(249) PSYoungGen: 177504K(222208K)->47136K(222720K) Eden: 132608K(132608K)->0K(132608K) From: 44896K(89600K)->47136K(90112K)
[88.370s][info][gc,heap        ] GC(249) ParOldGen: 374562K(600576K)->374562K(600576K)
[88.370s][info][gc,metaspace   ] GC(249) Metaspace: 17574K(17728K)->17574K(17728K) NonClass: 15766K(15872K)->15766K(15872K) Class: 1808K(1856K)->1808K(1856K)
[88.370s][info][gc             ] GC(249) Pause Young (Allocation Failure) 539M->411M(804M) 46.517ms
[88.370s][info][gc,cpu         ] GC(249) User=0.09s Sys=0.00s Real=0.04s
[88.501s][info][gc,start       ] GC(250) Pause Young (Allocation Failure)
[88.570s][info][gc,heap        ] GC(250) PSYoungGen: 179744K(222720K)->52960K(233472K) Eden: 132608K(132608K)->0K(144384K) From: 47136K(90112K)->52960K(89088K)
[88.570s][info][gc,heap        ] GC(250) ParOldGen: 374562K(600576K)->374562K(600576K)
[88.570s][info][gc,metaspace   ] GC(250) Metaspace: 17597K(17728K)->17597K(17728K) NonClass: 15789K(15872K)->15789K(15872K) Class: 1808K(1856K)->1808K(1856K)
[88.570s][info][gc             ] GC(250) Pause Young (Allocation Failure) 541M->417M(814M) 68.454ms
[88.570s][info][gc,cpu         ] GC(250) User=0.14s Sys=0.00s Real=0.07s
[88.706s][info][gc,start       ] GC(251) Pause Young (Allocation Failure)
[88.766s][info][gc,heap        ] GC(251) PSYoungGen: 197344K(233472K)->59136K(234496K) Eden: 144384K(144384K)->0K(144384K) From: 52960K(89088K)->59136K(90112K)
[88.766s][info][gc,heap        ] GC(251) ParOldGen: 374562K(600576K)->374562K(600576K)
[88.766s][info][gc,metaspace   ] GC(251) Metaspace: 17597K(17728K)->17597K(17728K) NonClass: 15789K(15872K)->15789K(15872K) Class: 1808K(1856K)->1808K(1856K)
[88.766s][info][gc             ] GC(251) Pause Young (Allocation Failure) 558M->423M(815M) 60.124ms
[88.766s][info][gc,cpu         ] GC(251) User=0.11s Sys=0.01s Real=0.06s
[88.980s][info][gc,start       ] GC(252) Pause Young (Allocation Failure)
[89.049s][info][gc,heap        ] GC(252) PSYoungGen: 203520K(234496K)->37792K(236032K) Eden: 144384K(144384K)->0K(151040K) From: 59136K(90112K)->37792K(84992K)
[89.049s][info][gc,heap        ] GC(252) ParOldGen: 374562K(600576K)->399514K(600576K)
[89.049s][info][gc,metaspace   ] GC(252) Metaspace: 17599K(17728K)->17599K(17728K) NonClass: 15790K(15872K)->15790K(15872K) Class: 1808K(1856K)->1808K(1856K)
[89.049s][info][gc             ] GC(252) Pause Young (Allocation Failure) 564M->427M(817M) 69.021ms
[89.049s][info][gc,cpu         ] GC(252) User=0.13s Sys=0.00s Real=0.07s
[89.172s][info][gc,start       ] GC(253) Pause Young (Allocation Failure)
[89.210s][info][gc,heap        ] GC(253) PSYoungGen: 188832K(236032K)->37984K(238592K) Eden: 151040K(151040K)->0K(151040K) From: 37792K(84992K)->37984K(87552K)
[89.211s][info][gc,heap        ] GC(253) ParOldGen: 399514K(600576K)->399514K(600576K)
[89.211s][info][gc,metaspace   ] GC(253) Metaspace: 17599K(17728K)->17599K(17728K) NonClass: 15790K(15872K)->15790K(15872K) Class: 1808K(1856K)->1808K(1856K)
[89.211s][info][gc             ] GC(253) Pause Young (Allocation Failure) 574M->427M(819M) 38.819ms
[89.211s][info][gc,cpu         ] GC(253) User=0.07s Sys=0.00s Real=0.04s
[89.433s][info][gc,start       ] GC(254) Pause Young (Allocation Failure)
[89.487s][info][gc,heap        ] GC(254) PSYoungGen: 189024K(238592K)->54016K(243712K) Eden: 151040K(151040K)->0K(160256K) From: 37984K(87552K)->54016K(83456K)
[89.487s][info][gc,heap        ] GC(254) ParOldGen: 399514K(600576K)->399514K(600576K)
[89.487s][info][gc,metaspace   ] GC(254) Metaspace: 17599K(17728K)->17599K(17728K) NonClass: 15790K(15872K)->15790K(15872K) Class: 1808K(1856K)->1808K(1856K)
[89.487s][info][gc             ] GC(254) Pause Young (Allocation Failure) 574M->442M(824M) 53.750ms
[89.487s][info][gc,cpu         ] GC(254) User=0.11s Sys=0.00s Real=0.06s
[90.037s][info][gc,start       ] GC(255) Pause Young (Allocation Failure)
[90.102s][info][gc,heap        ] GC(255) PSYoungGen: 214272K(243712K)->67440K(227840K) Eden: 160256K(160256K)->0K(160256K) From: 54016K(83456K)->67440K(67584K)
[90.102s][info][gc,heap        ] GC(255) ParOldGen: 399514K(600576K)->399514K(600576K)
[90.102s][info][gc,metaspace   ] GC(255) Metaspace: 17599K(17728K)->17599K(17728K) NonClass: 15790K(15872K)->15790K(15872K) Class: 1808K(1856K)->1808K(1856K)
[90.102s][info][gc             ] GC(255) Pause Young (Allocation Failure) 599M->456M(809M) 65.529ms
[90.102s][info][gc,cpu         ] GC(255) User=0.13s Sys=0.00s Real=0.06s
[90.270s][info][gc,start       ] GC(256) Pause Young (Allocation Failure)
[90.370s][info][gc,heap        ] GC(256) PSYoungGen: 227696K(227840K)->89584K(212480K) Eden: 160256K(160256K)->0K(122880K) From: 67440K(67584K)->89584K(89600K)
[90.370s][info][gc,heap        ] GC(256) ParOldGen: 399514K(600576K)->408618K(600576K)
[90.370s][info][gc,metaspace   ] GC(256) Metaspace: 17606K(17728K)->17606K(17728K) NonClass: 15794K(15872K)->15794K(15872K) Class: 1811K(1856K)->1811K(1856K)
[90.370s][info][gc             ] GC(256) Pause Young (Allocation Failure) 612M->486M(794M) 100.083ms
[90.370s][info][gc,cpu         ] GC(256) User=0.19s Sys=0.02s Real=0.10s
[90.455s][info][gc,start       ] GC(257) Pause Young (Allocation Failure)
[90.605s][info][gc,heap        ] GC(257) PSYoungGen: 212464K(212480K)->105464K(228352K) Eden: 122880K(122880K)->0K(122880K) From: 89584K(89600K)->105464K(105472K)
[90.605s][info][gc,heap        ] GC(257) ParOldGen: 408618K(600576K)->430122K(600576K)
[90.605s][info][gc,metaspace   ] GC(257) Metaspace: 17617K(17792K)->17617K(17792K) NonClass: 15806K(15936K)->15806K(15936K) Class: 1811K(1856K)->1811K(1856K)
[90.605s][info][gc             ] GC(257) Pause Young (Allocation Failure) 606M->523M(809M) 149.825ms
[90.605s][info][gc,cpu         ] GC(257) User=0.29s Sys=0.00s Real=0.15s
[90.885s][info][gc,start       ] GC(258) Pause Young (Allocation Failure)
[90.987s][info][gc,heap        ] GC(258) PSYoungGen: 228344K(228352K)->105464K(217088K) Eden: 122880K(122880K)->0K(111616K) From: 105464K(105472K)->105464K(105472K)
[90.988s][info][gc,heap        ] GC(258) ParOldGen: 430122K(600576K)->441974K(600576K)
[90.988s][info][gc,metaspace   ] GC(258) Metaspace: 17628K(17792K)->17628K(17792K) NonClass: 15816K(15936K)->15816K(15936K) Class: 1811K(1856K)->1811K(1856K)
[90.988s][info][gc             ] GC(258) Pause Young (Allocation Failure) 643M->534M(798M) 102.898ms
[90.988s][info][gc,cpu         ] GC(258) User=0.20s Sys=0.00s Real=0.10s
[91.327s][info][gc,start       ] GC(259) Pause Young (Allocation Failure)
[91.427s][info][gc,heap        ] GC(259) PSYoungGen: 217080K(217088K)->93776K(222720K) Eden: 111616K(111616K)->0K(111616K) From: 105464K(105472K)->93776K(111104K)
[91.427s][info][gc,heap        ] GC(259) ParOldGen: 441974K(600576K)->453982K(600576K)
[91.427s][info][gc,metaspace   ] GC(259) Metaspace: 17630K(17792K)->17630K(17792K) NonClass: 15818K(15936K)->15818K(15936K) Class: 1811K(1856K)->1811K(1856K)
[91.427s][info][gc             ] GC(259) Pause Young (Allocation Failure) 643M->534M(804M) 100.287ms
[91.427s][info][gc,cpu         ] GC(259) User=0.20s Sys=0.00s Real=0.10s
[91.695s][info][gc,start       ] GC(260) Pause Young (Allocation Failure)
[91.776s][info][gc,heap        ] GC(260) PSYoungGen: 205392K(222720K)->90416K(222720K) Eden: 111616K(111616K)->0K(111616K) From: 93776K(111104K)->90416K(111104K)
[91.777s][info][gc,heap        ] GC(260) ParOldGen: 453982K(600576K)->457747K(600576K)
[91.777s][info][gc,metaspace   ] GC(260) Metaspace: 17630K(17792K)->17630K(17792K) NonClass: 15818K(15936K)->15818K(15936K) Class: 1811K(1856K)->1811K(1856K)
[91.777s][info][gc             ] GC(260) Pause Young (Allocation Failure) 643M->535M(804M) 81.631ms
[91.777s][info][gc,cpu         ] GC(260) User=0.16s Sys=0.00s Real=0.08s
[91.995s][info][gc,start       ] GC(261) Pause Young (Allocation Failure)
[92.087s][info][gc,heap        ] GC(261) PSYoungGen: 202032K(222720K)->61232K(222720K) Eden: 111616K(111616K)->0K(111616K) From: 90416K(111104K)->61232K(111104K)
[92.087s][info][gc,heap        ] GC(261) ParOldGen: 457747K(600576K)->487332K(600576K)
[92.087s][info][gc,metaspace   ] GC(261) Metaspace: 17630K(17792K)->17630K(17792K) NonClass: 15818K(15936K)->15818K(15936K) Class: 1811K(1856K)->1811K(1856K)
[92.088s][info][gc             ] GC(261) Pause Young (Allocation Failure) 644M->535M(804M) 92.660ms
[92.088s][info][gc,cpu         ] GC(261) User=0.18s Sys=0.00s Real=0.09s
[92.350s][info][gc,start       ] GC(262) Pause Young (Allocation Failure)
[92.406s][info][gc,heap        ] GC(262) PSYoungGen: 172848K(222720K)->10025K(222720K) Eden: 111616K(111616K)->0K(111616K) From: 61232K(111104K)->10025K(111104K)
[92.406s][info][gc,heap        ] GC(262) ParOldGen: 487332K(600576K)->539391K(600576K)
[92.406s][info][gc,metaspace   ] GC(262) Metaspace: 17630K(17792K)->17630K(17792K) NonClass: 15818K(15936K)->15818K(15936K) Class: 1811K(1856K)->1811K(1856K)
[92.406s][info][gc             ] GC(262) Pause Young (Allocation Failure) 644M->536M(804M) 55.681ms
[92.406s][info][gc,cpu         ] GC(262) User=0.11s Sys=0.00s Real=0.06s
[92.562s][info][gc,start       ] GC(263) Pause Young (Allocation Failure)
[92.577s][info][gc,heap        ] GC(263) PSYoungGen: 121641K(222720K)->2441K(222720K) Eden: 111616K(111616K)->0K(111616K) From: 10025K(111104K)->2441K(111104K)
[92.577s][info][gc,heap        ] GC(263) ParOldGen: 539391K(600576K)->548391K(600576K)
[92.577s][info][gc,metaspace   ] GC(263) Metaspace: 17631K(17792K)->17631K(17792K) NonClass: 15819K(15936K)->15819K(15936K) Class: 1811K(1856K)->1811K(1856K)
[92.577s][info][gc             ] GC(263) Pause Young (Allocation Failure) 645M->537M(804M) 15.167ms
[92.577s][info][gc,cpu         ] GC(263) User=0.03s Sys=0.00s Real=0.02s
[92.687s][info][gc,start       ] GC(264) Pause Young (Allocation Failure)
[92.695s][info][gc,heap        ] GC(264) PSYoungGen: 114057K(222720K)->2793K(222720K) Eden: 111616K(111616K)->0K(111616K) From: 2441K(111104K)->2793K(111104K)
[92.695s][info][gc,heap        ] GC(264) ParOldGen: 548391K(600576K)->549007K(600576K)
[92.695s][info][gc,metaspace   ] GC(264) Metaspace: 17632K(17792K)->17632K(17792K) NonClass: 15821K(15936K)->15821K(15936K) Class: 1811K(1856K)->1811K(1856K)
[92.695s][info][gc             ] GC(264) Pause Young (Allocation Failure) 646M->538M(804M) 8.108ms
[92.695s][info][gc,cpu         ] GC(264) User=0.01s Sys=0.00s Real=0.01s
[92.933s][info][gc,start       ] GC(265) Pause Young (Allocation Failure)
[92.946s][info][gc,heap        ] GC(265) PSYoungGen: 114409K(222720K)->2592K(222720K) Eden: 111616K(111616K)->0K(111616K) From: 2793K(111104K)->2592K(111104K)
[92.946s][info][gc,heap        ] GC(265) ParOldGen: 549007K(600576K)->550816K(600576K)
[92.946s][info][gc,metaspace   ] GC(265) Metaspace: 17638K(17792K)->17638K(17792K) NonClass: 15826K(15936K)->15826K(15936K) Class: 1811K(1856K)->1811K(1856K)
[92.946s][info][gc             ] GC(265) Pause Young (Allocation Failure) 647M->540M(804M) 12.469ms
[92.946s][info][gc,cpu         ] GC(265) User=0.02s Sys=0.00s Real=0.01s
[93.233s][info][gc,start       ] GC(266) Pause Young (Allocation Failure)
[93.268s][info][gc,heap        ] GC(266) PSYoungGen: 114208K(222720K)->16833K(222720K) Eden: 111616K(111616K)->0K(111616K) From: 2592K(111104K)->16833K(111104K)
[93.268s][info][gc,heap        ] GC(266) ParOldGen: 550816K(600576K)->553240K(600576K)
[93.268s][info][gc,metaspace   ] GC(266) Metaspace: 17660K(17792K)->17660K(17792K) NonClass: 15845K(15936K)->15845K(15936K) Class: 1814K(1856K)->1814K(1856K)
[93.268s][info][gc             ] GC(266) Pause Young (Allocation Failure) 649M->556M(804M) 34.866ms
[93.268s][info][gc,cpu         ] GC(266) User=0.07s Sys=0.00s Real=0.04s
[93.461s][info][gc,start       ] GC(267) Pause Young (Allocation Failure)
[93.497s][info][gc,heap        ] GC(267) PSYoungGen: 128449K(222720K)->8416K(222720K) Eden: 111616K(111616K)->0K(111616K) From: 16833K(111104K)->8416K(111104K)
[93.497s][info][gc,heap        ] GC(267) ParOldGen: 553240K(600576K)->570093K(600576K)
[93.497s][info][gc,metaspace   ] GC(267) Metaspace: 17660K(17792K)->17660K(17792K) NonClass: 15845K(15936K)->15845K(15936K) Class: 1814K(1856K)->1814K(1856K)
[93.497s][info][gc             ] GC(267) Pause Young (Allocation Failure) 665M->564M(804M) 35.623ms
[93.497s][info][gc,cpu         ] GC(267) User=0.07s Sys=0.00s Real=0.04s
[93.656s][info][gc,start       ] GC(268) Pause Young (Allocation Failure)
[93.686s][info][gc,heap        ] GC(268) PSYoungGen: 120032K(222720K)->15552K(222720K) Eden: 111616K(111616K)->0K(111616K) From: 8416K(111104K)->15552K(111104K)
[93.687s][info][gc,heap        ] GC(268) ParOldGen: 570093K(600576K)->578501K(600576K)
[93.687s][info][gc,metaspace   ] GC(268) Metaspace: 17660K(17792K)->17660K(17792K) NonClass: 15845K(15936K)->15845K(15936K) Class: 1814K(1856K)->1814K(1856K)
[93.687s][info][gc             ] GC(268) Pause Young (Allocation Failure) 673M->580M(804M) 30.869ms
[93.687s][info][gc,cpu         ] GC(268) User=0.06s Sys=0.00s Real=0.03s
[93.828s][info][gc,start       ] GC(269) Pause Young (Allocation Failure)
[93.857s][info][gc,heap        ] GC(269) PSYoungGen: 127168K(222720K)->12160K(222720K) Eden: 111616K(111616K)->0K(111616K) From: 15552K(111104K)->12160K(111104K)
[93.857s][info][gc,heap        ] GC(269) ParOldGen: 578501K(600576K)->594053K(600576K)
[93.857s][info][gc,metaspace   ] GC(269) Metaspace: 17668K(17792K)->17668K(17792K) NonClass: 15853K(15936K)->15853K(15936K) Class: 1814K(1856K)->1814K(1856K)
[93.857s][info][gc             ] GC(269) Pause Young (Allocation Failure) 689M->592M(804M) 28.871ms
[93.857s][info][gc,cpu         ] GC(269) User=0.06s Sys=0.00s Real=0.03s
[93.954s][info][gc,start       ] GC(270) Pause Young (Allocation Failure)
[93.974s][info][gc,heap        ] GC(270) PSYoungGen: 123776K(222720K)->2752K(222720K) Eden: 111616K(111616K)->0K(111616K) From: 12160K(111104K)->2752K(111104K)
[93.974s][info][gc,heap        ] GC(270) ParOldGen: 594053K(600576K)->606245K(606720K)
[93.974s][info][gc,metaspace   ] GC(270) Metaspace: 17670K(17792K)->17670K(17792K) NonClass: 15856K(15936K)->15856K(15936K) Class: 1814K(1856K)->1814K(1856K)
[93.974s][info][gc             ] GC(270) Pause Young (Allocation Failure) 701M->594M(810M) 19.626ms
[93.974s][info][gc,cpu         ] GC(270) User=0.03s Sys=0.00s Real=0.02s
[94.176s][info][gc,start       ] GC(271) Pause Young (Allocation Failure)
[94.190s][info][gc,heap        ] GC(271) PSYoungGen: 114368K(222720K)->1888K(222720K) Eden: 111616K(111616K)->0K(111616K) From: 2752K(111104K)->1888K(111104K)
[94.190s][info][gc,heap        ] GC(271) ParOldGen: 606245K(606720K)->608973K(609280K)
[94.190s][info][gc,metaspace   ] GC(271) Metaspace: 17672K(17792K)->17672K(17792K) NonClass: 15857K(15936K)->15857K(15936K) Class: 1814K(1856K)->1814K(1856K)
[94.190s][info][gc             ] GC(271) Pause Young (Allocation Failure) 703M->596M(812M) 13.097ms
[94.190s][info][gc,cpu         ] GC(271) User=0.03s Sys=0.00s Real=0.01s
[94.337s][info][gc,start       ] GC(272) Pause Young (Allocation Failure)
[94.347s][info][gc,heap        ] GC(272) PSYoungGen: 113504K(222720K)->2976K(222720K) Eden: 111616K(111616K)->0K(111616K) From: 1888K(111104K)->2976K(111104K)
[94.347s][info][gc,heap        ] GC(272) ParOldGen: 608973K(609280K)->610858K(611328K)
[94.347s][info][gc,metaspace   ] GC(272) Metaspace: 17676K(17792K)->17676K(17792K) NonClass: 15862K(15936K)->15862K(15936K) Class: 1814K(1856K)->1814K(1856K)
[94.347s][info][gc             ] GC(272) Pause Young (Allocation Failure) 705M->599M(814M) 10.253ms
[94.347s][info][gc,cpu         ] GC(272) User=0.02s Sys=0.01s Real=0.01s
[94.453s][info][gc,start       ] GC(273) Pause Young (Allocation Failure)
[94.466s][info][gc,heap        ] GC(273) PSYoungGen: 114592K(222720K)->32K(112128K) Eden: 111616K(111616K)->0K(111616K) From: 2976K(111104K)->32K(512K)
[94.466s][info][gc,heap        ] GC(273) ParOldGen: 610858K(611328K)->613794K(613888K)
[94.466s][info][gc,metaspace   ] GC(273) Metaspace: 17676K(17792K)->17676K(17792K) NonClass: 15862K(15936K)->15862K(15936K) Class: 1814K(1856K)->1814K(1856K)
[94.466s][info][gc             ] GC(273) Pause Young (Allocation Failure) 708M->599M(709M) 12.938ms
[94.466s][info][gc,cpu         ] GC(273) User=0.02s Sys=0.00s Real=0.02s
[94.532s][info][gc,start       ] GC(274) Pause Young (Allocation Failure)
[94.535s][info][gc,heap        ] GC(274) PSYoungGen: 111648K(112128K)->64K(221184K) Eden: 111616K(111616K)->0K(116224K) From: 32K(512K)->64K(104960K)
[94.535s][info][gc,heap        ] GC(274) ParOldGen: 613794K(613888K)->613794K(613888K)
[94.535s][info][gc,metaspace   ] GC(274) Metaspace: 17676K(17792K)->17676K(17792K) NonClass: 15862K(15936K)->15862K(15936K) Class: 1814K(1856K)->1814K(1856K)
[94.535s][info][gc             ] GC(274) Pause Young (Allocation Failure) 708M->599M(815M) 2.159ms
[94.535s][info][gc,cpu         ] GC(274) User=0.00s Sys=0.00s Real=0.01s
[94.668s][info][gc,start       ] GC(275) Pause Young (Allocation Failure)
[94.693s][info][gc,heap        ] GC(275) PSYoungGen: 116288K(221184K)->23168K(139776K) Eden: 116224K(116224K)->0K(116224K) From: 64K(104960K)->23168K(23552K)
[94.693s][info][gc,heap        ] GC(275) ParOldGen: 613794K(613888K)->613794K(613888K)
[94.693s][info][gc,metaspace   ] GC(275) Metaspace: 17685K(17792K)->17685K(17792K) NonClass: 15867K(15936K)->15867K(15936K) Class: 1818K(1856K)->1818K(1856K)
[94.693s][info][gc             ] GC(275) Pause Young (Allocation Failure) 712M->622M(736M) 24.777ms
[94.693s][info][gc,cpu         ] GC(275) User=0.04s Sys=0.00s Real=0.02s
[94.797s][info][gc,start       ] GC(276) Pause Young (Allocation Failure)
[94.829s][info][gc,heap        ] GC(276) PSYoungGen: 139392K(139776K)->30800K(212992K) Eden: 116224K(116224K)->0K(123392K) From: 23168K(23552K)->30800K(89600K)
[94.829s][info][gc,heap        ] GC(276) ParOldGen: 613794K(613888K)->613794K(613888K)
[94.829s][info][gc,metaspace   ] GC(276) Metaspace: 17685K(17792K)->17685K(17792K) NonClass: 15867K(15936K)->15867K(15936K) Class: 1818K(1856K)->1818K(1856K)
[94.829s][info][gc             ] GC(276) Pause Young (Allocation Failure) 735M->629M(807M) 31.933ms
[94.829s][info][gc,cpu         ] GC(276) User=0.06s Sys=0.00s Real=0.03s
[94.933s][info][gc,start       ] GC(277) Pause Young (Allocation Failure)
[94.966s][info][gc,heap        ] GC(277) PSYoungGen: 154192K(212992K)->30896K(216064K) Eden: 123392K(123392K)->0K(123392K) From: 30800K(89600K)->30896K(92672K)
[94.966s][info][gc,heap        ] GC(277) ParOldGen: 613794K(613888K)->613794K(613888K)
[94.966s][info][gc,metaspace   ] GC(277) Metaspace: 17685K(17792K)->17685K(17792K) NonClass: 15867K(15936K)->15867K(15936K) Class: 1818K(1856K)->1818K(1856K)
[94.966s][info][gc             ] GC(277) Pause Young (Allocation Failure) 749M->629M(810M) 32.987ms
[94.966s][info][gc,cpu         ] GC(277) User=0.06s Sys=0.00s Real=0.04s
[95.166s][info][gc,start       ] GC(278) Pause Young (Allocation Failure)
[95.199s][info][gc,heap        ] GC(278) PSYoungGen: 154288K(216064K)->30896K(213504K) Eden: 123392K(123392K)->0K(131584K) From: 30896K(92672K)->30896K(81920K)
[95.199s][info][gc,heap        ] GC(278) ParOldGen: 613794K(613888K)->613794K(613888K)
[95.199s][info][gc,metaspace   ] GC(278) Metaspace: 17690K(17792K)->17690K(17792K) NonClass: 15871K(15936K)->15871K(15936K) Class: 1818K(1856K)->1818K(1856K)
[95.199s][info][gc             ] GC(278) Pause Young (Allocation Failure) 750M->629M(808M) 32.555ms
[95.199s][info][gc,cpu         ] GC(278) User=0.06s Sys=0.00s Real=0.03s
[95.429s][info][gc,start       ] GC(279) Pause Young (Allocation Failure)
[95.460s][info][gc,heap        ] GC(279) PSYoungGen: 162480K(213504K)->31008K(217088K) Eden: 131584K(131584K)->0K(131584K) From: 30896K(81920K)->31008K(85504K)
[95.460s][info][gc,heap        ] GC(279) ParOldGen: 613794K(613888K)->613794K(613888K)
[95.460s][info][gc,metaspace   ] GC(279) Metaspace: 17700K(17856K)->17700K(17856K) NonClass: 15882K(16000K)->15882K(16000K) Class: 1818K(1856K)->1818K(1856K)
[95.460s][info][gc             ] GC(279) Pause Young (Allocation Failure) 758M->629M(811M) 31.691ms
[95.460s][info][gc,cpu         ] GC(279) User=0.06s Sys=0.00s Real=0.03s
[97.000s][info][gc,start       ] GC(280) Pause Young (Allocation Failure)
[97.032s][info][gc,heap        ] GC(280) PSYoungGen: 162592K(217088K)->31588K(213504K) Eden: 131584K(131584K)->0K(138752K) From: 31008K(85504K)->31588K(74752K)
[97.032s][info][gc,heap        ] GC(280) ParOldGen: 613794K(613888K)->613794K(613888K)
[97.032s][info][gc,metaspace   ] GC(280) Metaspace: 17717K(17856K)->17717K(17856K) NonClass: 15898K(16000K)->15898K(16000K) Class: 1818K(1856K)->1818K(1856K)
[97.032s][info][gc             ] GC(280) Pause Young (Allocation Failure) 758M->630M(808M) 32.052ms
[97.032s][info][gc,cpu         ] GC(280) User=0.06s Sys=0.00s Real=0.03s
[97.825s][info][gc,start       ] GC(281) Pause Young (Allocation Failure)
[97.859s][info][gc,heap        ] GC(281) PSYoungGen: 170340K(213504K)->31988K(217600K) Eden: 138752K(138752K)->0K(138752K) From: 31588K(74752K)->31988K(78848K)
[97.859s][info][gc,heap        ] GC(281) ParOldGen: 613794K(613888K)->613794K(613888K)
[97.859s][info][gc,metaspace   ] GC(281) Metaspace: 17721K(17856K)->17721K(17856K) NonClass: 15903K(16000K)->15903K(16000K) Class: 1818K(1856K)->1818K(1856K)
[97.859s][info][gc             ] GC(281) Pause Young (Allocation Failure) 765M->630M(812M) 34.741ms
[97.859s][info][gc,cpu         ] GC(281) User=0.07s Sys=0.00s Real=0.03s
[98.640s][info][gc,start       ] GC(282) Pause Young (Allocation Failure)
[98.674s][info][gc,heap        ] GC(282) PSYoungGen: 170740K(217600K)->33213K(215040K) Eden: 138752K(138752K)->0K(144384K) From: 31988K(78848K)->33213K(70656K)
[98.674s][info][gc,heap        ] GC(282) ParOldGen: 613794K(613888K)->613802K(613888K)
[98.674s][info][gc,metaspace   ] GC(282) Metaspace: 17855K(17984K)->17855K(17984K) NonClass: 16027K(16128K)->16027K(16128K) Class: 1827K(1856K)->1827K(1856K)
[98.674s][info][gc             ] GC(282) Pause Young (Allocation Failure) 766M->631M(809M) 34.457ms
[98.674s][info][gc,cpu         ] GC(282) User=0.07s Sys=0.00s Real=0.04s
[99.087s][info][gc,start       ] GC(283) Pause Young (Allocation Failure)
[99.122s][info][gc,heap        ] GC(283) PSYoungGen: 177568K(215040K)->33688K(218112K) Eden: 144355K(144384K)->0K(144384K) From: 33213K(70656K)->33688K(73728K)
[99.122s][info][gc,heap        ] GC(283) ParOldGen: 613802K(613888K)->613810K(613888K)
[99.122s][info][gc,metaspace   ] GC(283) Metaspace: 17938K(18048K)->17938K(18048K) NonClass: 16109K(16192K)->16109K(16192K) Class: 1828K(1856K)->1828K(1856K)
[99.122s][info][gc             ] GC(283) Pause Young (Allocation Failure) 772M->632M(812M) 35.409ms
[99.122s][info][gc,cpu         ] GC(283) User=0.07s Sys=0.00s Real=0.03s
[99.489s][info][gc,start       ] GC(284) Pause Young (Allocation Failure)
[99.524s][info][gc,heap        ] GC(284) PSYoungGen: 178072K(218112K)->33856K(218112K) Eden: 144384K(144384K)->0K(150528K) From: 33688K(73728K)->33856K(67584K)
[99.524s][info][gc,heap        ] GC(284) ParOldGen: 613810K(613888K)->613818K(613888K)
[99.524s][info][gc,metaspace   ] GC(284) Metaspace: 17959K(18112K)->17959K(18112K) NonClass: 16131K(16256K)->16131K(16256K) Class: 1828K(1856K)->1828K(1856K)
[99.524s][info][gc             ] GC(284) Pause Young (Allocation Failure) 773M->632M(812M) 34.694ms
[99.524s][info][gc,cpu         ] GC(284) User=0.07s Sys=0.00s Real=0.04s
[99.831s][info][gc,start       ] GC(285) Pause Young (Allocation Failure)
[99.887s][info][gc,heap        ] GC(285) PSYoungGen: 184384K(218112K)->59261K(220160K) Eden: 150528K(150528K)->0K(150528K) From: 33856K(67584K)->59261K(69632K)
[99.887s][info][gc,heap        ] GC(285) ParOldGen: 613818K(613888K)->613826K(613888K)
[99.887s][info][gc,metaspace   ] GC(285) Metaspace: 18034K(18176K)->18034K(18176K) NonClass: 16205K(16320K)->16205K(16320K) Class: 1828K(1856K)->1828K(1856K)
[99.887s][info][gc             ] GC(285) Pause Young (Allocation Failure) 779M->657M(814M) 55.127ms
[99.887s][info][gc,cpu         ] GC(285) User=0.11s Sys=0.00s Real=0.06s
[100.075s][info][gc,start       ] GC(286) Pause Young (Allocation Failure)
[100.218s][info][gc,heap        ] GC(286) PSYoungGen: 209789K(220160K)->76781K(194560K) Eden: 150528K(150528K)->0K(117760K) From: 59261K(69632K)->76781K(76800K)
[100.218s][info][gc,heap        ] GC(286) ParOldGen: 613826K(613888K)->664514K(664576K)
[100.218s][info][gc,metaspace   ] GC(286) Metaspace: 18113K(18240K)->18113K(18240K) NonClass: 16285K(16384K)->16285K(16384K) Class: 1828K(1856K)->1828K(1856K)
[100.218s][info][gc             ] GC(286) Pause Young (Allocation Failure) 804M->723M(839M) 143.419ms
[100.218s][info][gc,cpu         ] GC(286) User=0.23s Sys=0.05s Real=0.14s
[100.307s][info][gc,start       ] GC(287) Pause Full (Allocation Failure)
[100.307s][info][gc,phases,start] GC(287) Marking Phase
[100.407s][info][gc,phases      ] GC(287) Marking Phase 99.555ms
[100.407s][info][gc,phases,start] GC(287) Summary Phase
[100.407s][info][gc,phases      ] GC(287) Summary Phase 0.031ms
[100.407s][info][gc,phases,start] GC(287) Forward
[100.447s][info][gc,phases      ] GC(287) Forward 40.236ms
[100.447s][info][gc,phases,start] GC(287) Adjust Pointers
[100.513s][info][gc,phases      ] GC(287) Adjust Pointers 65.669ms
[100.513s][info][gc,phases,start] GC(287) Compaction Phase
[100.555s][info][gc,phases      ] GC(287) Compaction Phase 41.517ms
[100.555s][info][gc,phases,start] GC(287) Post Compact
[100.558s][info][gc,phases      ] GC(287) Post Compact 2.526ms
[100.580s][info][gc,heap        ] GC(287) PSYoungGen: 194541K(194560K)->0K(225792K) Eden: 117760K(117760K)->0K(117760K) From: 76781K(76800K)->0K(108032K)
[100.580s][info][gc,heap        ] GC(287) ParOldGen: 664514K(664576K)->174821K(398848K)
[100.580s][info][gc,metaspace   ] GC(287) Metaspace: 18113K(18240K)->18113K(18240K) NonClass: 16285K(16384K)->16285K(16384K) Class: 1828K(1856K)->1828K(1856K)
[100.580s][info][gc             ] GC(287) Pause Full (Allocation Failure) 838M->170M(610M) 273.161ms
[100.580s][info][gc,cpu         ] GC(287) User=0.44s Sys=0.03s Real=0.27s
[100.841s][info][gc,start       ] GC(288) Pause Young (Allocation Failure)
[100.892s][info][gc,heap        ] GC(288) PSYoungGen: 117760K(225792K)->31200K(215552K) Eden: 117760K(117760K)->0K(117760K) From: 0K(108032K)->31200K(97792K)
[100.892s][info][gc,heap        ] GC(288) ParOldGen: 174821K(398848K)->174821K(398848K)
[100.892s][info][gc,metaspace   ] GC(288) Metaspace: 18115K(18240K)->18115K(18240K) NonClass: 16287K(16384K)->16287K(16384K) Class: 1828K(1856K)->1828K(1856K)
[100.892s][info][gc             ] GC(288) Pause Young (Allocation Failure) 285M->201M(600M) 51.839ms
[100.892s][info][gc,cpu         ] GC(288) User=0.10s Sys=0.00s Real=0.05s
[101.185s][info][gc,start       ] GC(289) Pause Young (Allocation Failure)
[101.253s][info][gc,heap        ] GC(289) PSYoungGen: 148960K(215552K)->61865K(220672K) Eden: 117760K(117760K)->0K(117760K) From: 31200K(97792K)->61865K(102912K)
[101.253s][info][gc,heap        ] GC(289) ParOldGen: 174821K(398848K)->174829K(398848K)
[101.253s][info][gc,metaspace   ] GC(289) Metaspace: 18160K(18304K)->18160K(18304K) NonClass: 16331K(16448K)->16331K(16448K) Class: 1828K(1856K)->1828K(1856K)
[101.253s][info][gc             ] GC(289) Pause Young (Allocation Failure) 316M->231M(605M) 68.193ms
[101.253s][info][gc,cpu         ] GC(289) User=0.14s Sys=0.00s Real=0.06s
[101.338s][info][gc,start       ] GC(290) Pause Young (Allocation Failure)
[101.430s][info][gc,heap        ] GC(290) PSYoungGen: 179625K(220672K)->82915K(216576K) Eden: 117760K(117760K)->0K(111616K) From: 61865K(102912K)->82915K(104960K)
[101.430s][info][gc,heap        ] GC(290) ParOldGen: 174829K(398848K)->174829K(398848K)
[101.430s][info][gc,metaspace   ] GC(290) Metaspace: 18160K(18304K)->18160K(18304K) NonClass: 16331K(16448K)->16331K(16448K) Class: 1828K(1856K)->1828K(1856K)
[101.430s][info][gc             ] GC(290) Pause Young (Allocation Failure) 346M->251M(601M) 92.189ms
[101.430s][info][gc,cpu         ] GC(290) User=0.18s Sys=0.01s Real=0.09s
[101.515s][info][gc,start       ] GC(291) Pause Young (Allocation Failure)
[101.615s][info][gc,heap        ] GC(291) PSYoungGen: 194531K(216576K)->93945K(222720K) Eden: 111616K(111616K)->0K(111616K) From: 82915K(104960K)->93945K(111104K)
[101.615s][info][gc,heap        ] GC(291) ParOldGen: 174829K(398848K)->174829K(398848K)
[101.615s][info][gc,metaspace   ] GC(291) Metaspace: 18160K(18304K)->18160K(18304K) NonClass: 16331K(16448K)->16331K(16448K) Class: 1828K(1856K)->1828K(1856K)
[101.615s][info][gc             ] GC(291) Pause Young (Allocation Failure) 360M->262M(607M) 100.697ms
[101.615s][info][gc,cpu         ] GC(291) User=0.20s Sys=0.00s Real=0.10s
[101.692s][info][gc,start       ] GC(292) Pause Young (Allocation Failure)
[101.799s][info][gc,heap        ] GC(292) PSYoungGen: 205561K(222720K)->97961K(222720K) Eden: 111616K(111616K)->0K(111616K) From: 93945K(111104K)->97961K(111104K)
[101.799s][info][gc,heap        ] GC(292) ParOldGen: 174829K(398848K)->174837K(398848K)
[101.799s][info][gc,metaspace   ] GC(292) Metaspace: 18160K(18304K)->18160K(18304K) NonClass: 16331K(16448K)->16331K(16448K) Class: 1828K(1856K)->1828K(1856K)
[101.799s][info][gc             ] GC(292) Pause Young (Allocation Failure) 371M->266M(607M) 107.695ms
[101.799s][info][gc,cpu         ] GC(292) User=0.21s Sys=0.01s Real=0.11s
[101.901s][info][gc,start       ] GC(293) Pause Young (Allocation Failure)
[102.014s][info][gc,heap        ] GC(293) PSYoungGen: 209577K(222720K)->107673K(222720K) Eden: 111616K(111616K)->0K(111616K) From: 97961K(111104K)->107673K(111104K)
[102.014s][info][gc,heap        ] GC(293) ParOldGen: 174837K(398848K)->174837K(398848K)
[102.014s][info][gc,metaspace   ] GC(293) Metaspace: 18160K(18304K)->18160K(18304K) NonClass: 16331K(16448K)->16331K(16448K) Class: 1828K(1856K)->1828K(1856K)
[102.014s][info][gc             ] GC(293) Pause Young (Allocation Failure) 375M->275M(607M) 113.373ms
[102.014s][info][gc,cpu         ] GC(293) User=0.22s Sys=0.00s Real=0.12s
[102.112s][info][gc,start       ] GC(294) Pause Young (Allocation Failure)
[102.229s][info][gc,heap        ] GC(294) PSYoungGen: 219289K(222720K)->108051K(222720K) Eden: 111616K(111616K)->0K(111616K) From: 107673K(111104K)->108051K(111104K)
[102.229s][info][gc,heap        ] GC(294) ParOldGen: 174837K(398848K)->174837K(398848K)
[102.229s][info][gc,metaspace   ] GC(294) Metaspace: 18160K(18304K)->18160K(18304K) NonClass: 16331K(16448K)->16331K(16448K) Class: 1828K(1856K)->1828K(1856K)
[102.230s][info][gc             ] GC(294) Pause Young (Allocation Failure) 384M->276M(607M) 117.867ms
[102.230s][info][gc,cpu         ] GC(294) User=0.22s Sys=0.01s Real=0.12s
[102.326s][info][gc,start       ] GC(295) Pause Young (Allocation Failure)
[102.441s][info][gc,heap        ] GC(295) PSYoungGen: 219667K(222720K)->108099K(222720K) Eden: 111616K(111616K)->0K(111616K) From: 108051K(111104K)->108099K(111104K)
[102.441s][info][gc,heap        ] GC(295) ParOldGen: 174837K(398848K)->174837K(398848K)
[102.441s][info][gc,metaspace   ] GC(295) Metaspace: 18160K(18304K)->18160K(18304K) NonClass: 16331K(16448K)->16331K(16448K) Class: 1828K(1856K)->1828K(1856K)
[102.441s][info][gc             ] GC(295) Pause Young (Allocation Failure) 385M->276M(607M) 114.857ms
[102.441s][info][gc,cpu         ] GC(295) User=0.23s Sys=0.00s Real=0.11s
[102.544s][info][gc,start       ] GC(296) Pause Young (Allocation Failure)
[102.674s][info][gc,heap        ] GC(296) PSYoungGen: 219715K(222720K)->111097K(222720K) Eden: 111616K(111616K)->0K(111616K) From: 108099K(111104K)->111097K(111104K)
[102.674s][info][gc,heap        ] GC(296) ParOldGen: 174837K(398848K)->181773K(398848K)
[102.674s][info][gc,metaspace   ] GC(296) Metaspace: 18160K(18304K)->18160K(18304K) NonClass: 16331K(16448K)->16331K(16448K) Class: 1828K(1856K)->1828K(1856K)
[102.674s][info][gc             ] GC(296) Pause Young (Allocation Failure) 385M->286M(607M) 129.517ms
[102.674s][info][gc,cpu         ] GC(296) User=0.26s Sys=0.00s Real=0.13s
[102.739s][info][gc,start       ] GC(297) Pause Young (Allocation Failure)
[102.873s][info][gc,heap        ] GC(297) PSYoungGen: 222713K(222720K)->67264K(222720K) Eden: 111616K(111616K)->0K(111616K) From: 111097K(111104K)->67264K(111104K)
[102.873s][info][gc,heap        ] GC(297) ParOldGen: 181773K(398848K)->242882K(398848K)
[102.873s][info][gc,metaspace   ] GC(297) Metaspace: 18160K(18304K)->18160K(18304K) NonClass: 16331K(16448K)->16331K(16448K) Class: 1828K(1856K)->1828K(1856K)
[102.873s][info][gc             ] GC(297) Pause Young (Allocation Failure) 395M->302M(607M) 134.061ms
[102.873s][info][gc,cpu         ] GC(297) User=0.26s Sys=0.00s Real=0.13s
[102.960s][info][gc,start       ] GC(298) Pause Young (Allocation Failure)
[103.058s][info][gc,heap        ] GC(298) PSYoungGen: 178880K(222720K)->76512K(222720K) Eden: 111616K(111616K)->0K(111616K) From: 67264K(111104K)->76512K(111104K)
[103.058s][info][gc,heap        ] GC(298) ParOldGen: 242882K(398848K)->269722K(398848K)
[103.058s][info][gc,metaspace   ] GC(298) Metaspace: 18160K(18304K)->18160K(18304K) NonClass: 16331K(16448K)->16331K(16448K) Class: 1828K(1856K)->1828K(1856K)
[103.058s][info][gc             ] GC(298) Pause Young (Allocation Failure) 411M->338M(607M) 98.416ms
[103.058s][info][gc,cpu         ] GC(298) User=0.20s Sys=0.00s Real=0.10s
[103.231s][info][gc,start       ] GC(299) Pause Young (Allocation Failure)
[103.309s][info][gc,heap        ] GC(299) PSYoungGen: 188128K(222720K)->75939K(222720K) Eden: 111616K(111616K)->0K(111616K) From: 76512K(111104K)->75939K(111104K)
[103.309s][info][gc,heap        ] GC(299) ParOldGen: 269722K(398848K)->283138K(398848K)
[103.309s][info][gc,metaspace   ] GC(299) Metaspace: 18160K(18304K)->18160K(18304K) NonClass: 16331K(16448K)->16331K(16448K) Class: 1828K(1856K)->1828K(1856K)
[103.310s][info][gc             ] GC(299) Pause Young (Allocation Failure) 447M->350M(607M) 78.500ms
[103.310s][info][gc,cpu         ] GC(299) User=0.15s Sys=0.00s Real=0.08s
[103.370s][info][gc,start       ] GC(300) Pause Young (Allocation Failure)
[103.446s][info][gc,heap        ] GC(300) PSYoungGen: 187555K(222720K)->82115K(222720K) Eden: 111616K(111616K)->0K(111616K) From: 75939K(111104K)->82115K(111104K)
[103.446s][info][gc,heap        ] GC(300) ParOldGen: 283138K(398848K)->283679K(398848K)
[103.446s][info][gc,metaspace   ] GC(300) Metaspace: 18160K(18304K)->18160K(18304K) NonClass: 16331K(16448K)->16331K(16448K) Class: 1828K(1856K)->1828K(1856K)
[103.446s][info][gc             ] GC(300) Pause Young (Allocation Failure) 459M->357M(607M) 75.423ms
[103.446s][info][gc,cpu         ] GC(300) User=0.15s Sys=0.00s Real=0.08s
[103.543s][info][gc,start       ] GC(301) Pause Young (Allocation Failure)
[103.618s][info][gc,heap        ] GC(301) PSYoungGen: 193731K(222720K)->58595K(222720K) Eden: 111616K(111616K)->0K(111616K) From: 82115K(111104K)->58595K(111104K)
[103.618s][info][gc,heap        ] GC(301) ParOldGen: 283679K(398848K)->310347K(398848K)
[103.618s][info][gc,metaspace   ] GC(301) Metaspace: 18160K(18304K)->18160K(18304K) NonClass: 16331K(16448K)->16331K(16448K) Class: 1828K(1856K)->1828K(1856K)
[103.618s][info][gc             ] GC(301) Pause Young (Allocation Failure) 466M->360M(607M) 75.209ms
[103.618s][info][gc,cpu         ] GC(301) User=0.15s Sys=0.00s Real=0.08s
[103.727s][info][gc,start       ] GC(302) Pause Young (Allocation Failure)
[103.778s][info][gc,heap        ] GC(302) PSYoungGen: 170211K(222720K)->10720K(222720K) Eden: 111616K(111616K)->0K(111616K) From: 58595K(111104K)->10720K(111104K)
[103.778s][info][gc,heap        ] GC(302) ParOldGen: 310347K(398848K)->359666K(398848K)
[103.778s][info][gc,metaspace   ] GC(302) Metaspace: 18160K(18304K)->18160K(18304K) NonClass: 16331K(16448K)->16331K(16448K) Class: 1828K(1856K)->1828K(1856K)
[103.778s][info][gc             ] GC(302) Pause Young (Allocation Failure) 469M->361M(607M) 50.885ms
[103.778s][info][gc,cpu         ] GC(302) User=0.10s Sys=0.00s Real=0.05s
[104.097s][info][gc,start       ] GC(303) Pause Young (Allocation Failure)
[104.120s][info][gc,heap        ] GC(303) PSYoungGen: 122336K(222720K)->2848K(222720K) Eden: 111616K(111616K)->0K(111616K) From: 10720K(111104K)->2848K(111104K)
[104.120s][info][gc,heap        ] GC(303) ParOldGen: 359666K(398848K)->369482K(398848K)
[104.120s][info][gc,metaspace   ] GC(303) Metaspace: 18161K(18304K)->18161K(18304K) NonClass: 16333K(16448K)->16333K(16448K) Class: 1828K(1856K)->1828K(1856K)
[104.120s][info][gc             ] GC(303) Pause Young (Allocation Failure) 470M->363M(607M) 23.305ms
[104.120s][info][gc,cpu         ] GC(303) User=0.04s Sys=0.00s Real=0.02s
[104.456s][info][gc,start       ] GC(304) Pause Young (Allocation Failure)
[104.462s][info][gc,heap        ] GC(304) PSYoungGen: 114464K(222720K)->416K(222720K) Eden: 111616K(111616K)->0K(111616K) From: 2848K(111104K)->416K(111104K)
[104.462s][info][gc,heap        ] GC(304) ParOldGen: 369482K(398848K)->372283K(398848K)
[104.462s][info][gc,metaspace   ] GC(304) Metaspace: 18161K(18304K)->18161K(18304K) NonClass: 16333K(16448K)->16333K(16448K) Class: 1828K(1856K)->1828K(1856K)
[104.462s][info][gc             ] GC(304) Pause Young (Allocation Failure) 472M->363M(607M) 6.101ms
[104.462s][info][gc,cpu         ] GC(304) User=0.02s Sys=0.00s Real=0.00s
[104.628s][info][gc,start       ] GC(305) Pause Young (Allocation Failure)
[104.662s][info][gc,heap        ] GC(305) PSYoungGen: 112032K(222720K)->38352K(222720K) Eden: 111616K(111616K)->0K(111616K) From: 416K(111104K)->38352K(111104K)
[104.662s][info][gc,heap        ] GC(305) ParOldGen: 372283K(398848K)->372689K(398848K)
[104.662s][info][gc,metaspace   ] GC(305) Metaspace: 18161K(18304K)->18161K(18304K) NonClass: 16333K(16448K)->16333K(16448K) Class: 1828K(1856K)->1828K(1856K)
[104.662s][info][gc             ] GC(305) Pause Young (Allocation Failure) 472M->401M(607M) 34.202ms
[104.662s][info][gc,cpu         ] GC(305) User=0.07s Sys=0.00s Real=0.03s
[104.784s][info][gc,start       ] GC(306) Pause Young (Allocation Failure)
[104.852s][info][gc,heap        ] GC(306) PSYoungGen: 149968K(222720K)->33440K(222720K) Eden: 111616K(111616K)->0K(111616K) From: 38352K(111104K)->33440K(111104K)
[104.852s][info][gc,heap        ] GC(306) ParOldGen: 372689K(398848K)->411137K(411648K)
[104.852s][info][gc,metaspace   ] GC(306) Metaspace: 18162K(18304K)->18162K(18304K) NonClass: 16334K(16448K)->16334K(16448K) Class: 1828K(1856K)->1828K(1856K)
[104.852s][info][gc             ] GC(306) Pause Young (Allocation Failure) 510M->434M(619M) 68.237ms
[104.852s][info][gc,cpu         ] GC(306) User=0.13s Sys=0.01s Real=0.06s
[104.992s][info][gc,start       ] GC(307) Pause Young (Allocation Failure)
[105.049s][info][gc,heap        ] GC(307) PSYoungGen: 145056K(222720K)->13536K(222720K) Eden: 111616K(111616K)->0K(111616K) From: 33440K(111104K)->13536K(111104K)
[105.049s][info][gc,heap        ] GC(307) ParOldGen: 411137K(411648K)->444597K(444928K)
[105.049s][info][gc,metaspace   ] GC(307) Metaspace: 18162K(18304K)->18162K(18304K) NonClass: 16334K(16448K)->16334K(16448K) Class: 1828K(1856K)->1828K(1856K)
[105.049s][info][gc             ] GC(307) Pause Young (Allocation Failure) 543M->447M(652M) 57.809ms
[105.049s][info][gc,cpu         ] GC(307) User=0.08s Sys=0.03s Real=0.06s
[105.142s][info][gc,start       ] GC(308) Pause Young (Allocation Failure)
[105.173s][info][gc,heap        ] GC(308) PSYoungGen: 125152K(222720K)->2880K(222720K) Eden: 111616K(111616K)->0K(111616K) From: 13536K(111104K)->2880K(111104K)
[105.173s][info][gc,heap        ] GC(308) ParOldGen: 444597K(444928K)->458133K(458240K)
[105.173s][info][gc,metaspace   ] GC(308) Metaspace: 18162K(18304K)->18162K(18304K) NonClass: 16334K(16448K)->16334K(16448K) Class: 1828K(1856K)->1828K(1856K)
[105.173s][info][gc             ] GC(308) Pause Young (Allocation Failure) 556M->450M(665M) 30.807ms
[105.173s][info][gc,cpu         ] GC(308) User=0.05s Sys=0.01s Real=0.03s
[105.301s][info][gc,start       ] GC(309) Pause Young (Allocation Failure)
[105.308s][info][gc,heap        ] GC(309) PSYoungGen: 114496K(222720K)->384K(222720K) Eden: 111616K(111616K)->0K(111616K) From: 2880K(111104K)->384K(111104K)
[105.308s][info][gc,heap        ] GC(309) ParOldGen: 458133K(458240K)->460997K(461312K)
[105.308s][info][gc,metaspace   ] GC(309) Metaspace: 18162K(18304K)->18162K(18304K) NonClass: 16334K(16448K)->16334K(16448K) Class: 1828K(1856K)->1828K(1856K)
[105.308s][info][gc             ] GC(309) Pause Young (Allocation Failure) 559M->450M(668M) 7.392ms
[105.308s][info][gc,cpu         ] GC(309) User=0.01s Sys=0.00s Real=0.01s
[105.525s][info][gc,start       ] GC(310) Pause Young (Allocation Failure)
[105.529s][info][gc,heap        ] GC(310) PSYoungGen: 112000K(222720K)->1184K(222720K) Eden: 111616K(111616K)->0K(111616K) From: 384K(111104K)->1184K(111104K)
[105.529s][info][gc,heap        ] GC(310) ParOldGen: 460997K(461312K)->461365K(461824K)
[105.529s][info][gc,metaspace   ] GC(310) Metaspace: 18162K(18304K)->18162K(18304K) NonClass: 16334K(16448K)->16334K(16448K) Class: 1828K(1856K)->1828K(1856K)
[105.529s][info][gc             ] GC(310) Pause Young (Allocation Failure) 559M->451M(668M) 4.109ms
[105.529s][info][gc,cpu         ] GC(310) User=0.01s Sys=0.00s Real=0.00s
[105.771s][info][gc,start       ] GC(311) Pause Young (Allocation Failure)
[105.779s][info][gc,heap        ] GC(311) PSYoungGen: 112800K(222720K)->5664K(222720K) Eden: 111616K(111616K)->0K(111616K) From: 1184K(111104K)->5664K(111104K)
[105.779s][info][gc,heap        ] GC(311) ParOldGen: 461365K(461824K)->462525K(462848K)
[105.779s][info][gc,metaspace   ] GC(311) Metaspace: 18162K(18304K)->18162K(18304K) NonClass: 16334K(16448K)->16334K(16448K) Class: 1828K(1856K)->1828K(1856K)
[105.779s][info][gc             ] GC(311) Pause Young (Allocation Failure) 560M->457M(669M) 8.520ms
[105.779s][info][gc,cpu         ] GC(311) User=0.01s Sys=0.00s Real=0.01s
[105.867s][info][gc,start       ] GC(312) Pause Young (Allocation Failure)
[105.948s][info][gc,heap        ] GC(312) PSYoungGen: 117280K(222720K)->81152K(222720K) Eden: 111616K(111616K)->0K(111616K) From: 5664K(111104K)->81152K(111104K)
[105.948s][info][gc,heap        ] GC(312) ParOldGen: 462525K(462848K)->468181K(468480K)
[105.948s][info][gc,metaspace   ] GC(312) Metaspace: 18162K(18304K)->18162K(18304K) NonClass: 16334K(16448K)->16334K(16448K) Class: 1828K(1856K)->1828K(1856K)
[105.948s][info][gc             ] GC(312) Pause Young (Allocation Failure) 566M->536M(675M) 81.385ms
[105.948s][info][gc,cpu         ] GC(312) User=0.16s Sys=0.00s Real=0.08s
[106.091s][info][gc,start       ] GC(313) Pause Young (Allocation Failure)
[106.249s][info][gc,heap        ] GC(313) PSYoungGen: 192768K(222720K)->50032K(222720K) Eden: 111616K(111616K)->0K(111616K) From: 81152K(111104K)->50032K(111104K)
[106.249s][info][gc,heap        ] GC(313) ParOldGen: 468181K(468480K)->549573K(549888K)
[106.249s][info][gc,metaspace   ] GC(313) Metaspace: 18162K(18304K)->18162K(18304K) NonClass: 16334K(16448K)->16334K(16448K) Class: 1828K(1856K)->1828K(1856K)
[106.249s][info][gc             ] GC(313) Pause Young (Allocation Failure) 645M->585M(754M) 158.004ms
[106.249s][info][gc,cpu         ] GC(313) User=0.24s Sys=0.08s Real=0.16s
[106.367s][info][gc,start       ] GC(314) Pause Young (Allocation Failure)
[106.468s][info][gc,heap        ] GC(314) PSYoungGen: 161648K(222720K)->38104K(222720K) Eden: 111616K(111616K)->0K(111616K) From: 50032K(111104K)->38104K(111104K)
[106.468s][info][gc,heap        ] GC(314) ParOldGen: 549573K(549888K)->599754K(600064K)
[106.468s][info][gc,metaspace   ] GC(314) Metaspace: 18167K(18304K)->18167K(18304K) NonClass: 16339K(16448K)->16339K(16448K) Class: 1828K(1856K)->1828K(1856K)
[106.468s][info][gc             ] GC(314) Pause Young (Allocation Failure) 694M->622M(803M) 100.396ms
[106.468s][info][gc,cpu         ] GC(314) User=0.16s Sys=0.03s Real=0.10s
[106.553s][info][gc,start       ] GC(315) Pause Full (Allocation Failure)
[106.553s][info][gc,phases,start] GC(315) Marking Phase
[106.613s][info][gc,phases      ] GC(315) Marking Phase 60.376ms
[106.613s][info][gc,phases,start] GC(315) Summary Phase
[106.614s][info][gc,phases      ] GC(315) Summary Phase 0.030ms
[106.614s][info][gc,phases,start] GC(315) Forward
[106.630s][info][gc,phases      ] GC(315) Forward 16.026ms
[106.630s][info][gc,phases,start] GC(315) Adjust Pointers
[106.670s][info][gc,phases      ] GC(315) Adjust Pointers 40.310ms
[106.670s][info][gc,phases,start] GC(315) Compaction Phase
[106.689s][info][gc,phases      ] GC(315) Compaction Phase 19.179ms
[106.691s][info][gc,phases,start] GC(315) Post Compact
[106.693s][info][gc,phases      ] GC(315) Post Compact 2.384ms
[106.712s][info][gc,heap        ] GC(315) PSYoungGen: 149720K(222720K)->0K(222720K) Eden: 111616K(111616K)->0K(111616K) From: 38104K(111104K)->0K(111104K)
[106.712s][info][gc,heap        ] GC(315) ParOldGen: 599754K(600064K)->102416K(380416K)
[106.712s][info][gc,metaspace   ] GC(315) Metaspace: 18168K(18304K)->18168K(18304K) NonClass: 16340K(16448K)->16340K(16448K) Class: 1828K(1856K)->1828K(1856K)
[106.712s][info][gc             ] GC(315) Pause Full (Allocation Failure) 731M->100M(589M) 158.720ms
[106.712s][info][gc,cpu         ] GC(315) User=0.25s Sys=0.02s Real=0.16s
[106.805s][info][gc,start       ] GC(316) Pause Young (Allocation Failure)
[106.814s][info][gc,heap        ] GC(316) PSYoungGen: 111616K(222720K)->10016K(222720K) Eden: 111616K(111616K)->0K(111616K) From: 0K(111104K)->10016K(111104K)
[106.814s][info][gc,heap        ] GC(316) ParOldGen: 102416K(380416K)->102416K(380416K)
[106.814s][info][gc,metaspace   ] GC(316) Metaspace: 18169K(18304K)->18169K(18304K) NonClass: 16340K(16448K)->16340K(16448K) Class: 1828K(1856K)->1828K(1856K)
[106.814s][info][gc             ] GC(316) Pause Young (Allocation Failure) 209M->109M(589M) 9.081ms
[106.814s][info][gc,cpu         ] GC(316) User=0.02s Sys=0.00s Real=0.01s
[106.897s][info][gc,start       ] GC(317) Pause Young (Allocation Failure)
[106.908s][info][gc,heap        ] GC(317) PSYoungGen: 121632K(222720K)->3072K(222720K) Eden: 111616K(111616K)->0K(111616K) From: 10016K(111104K)->3072K(111104K)
[106.908s][info][gc,heap        ] GC(317) ParOldGen: 102416K(380416K)->112472K(380416K)
[106.908s][info][gc,metaspace   ] GC(317) Metaspace: 18169K(18304K)->18169K(18304K) NonClass: 16340K(16448K)->16340K(16448K) Class: 1828K(1856K)->1828K(1856K)
[106.908s][info][gc             ] GC(317) Pause Young (Allocation Failure) 218M->112M(589M) 11.429ms
[106.908s][info][gc,cpu         ] GC(317) User=0.03s Sys=0.00s Real=0.01s
[106.966s][info][gc,start       ] GC(318) Pause Young (Allocation Failure)
[106.998s][info][gc,heap        ] GC(318) PSYoungGen: 114688K(222720K)->40466K(217600K) Eden: 111616K(111616K)->0K(111616K) From: 3072K(111104K)->40466K(105984K)
[106.998s][info][gc,heap        ] GC(318) ParOldGen: 112472K(380416K)->115528K(380416K)
[106.998s][info][gc,metaspace   ] GC(318) Metaspace: 18169K(18304K)->18169K(18304K) NonClass: 16340K(16448K)->16340K(16448K) Class: 1828K(1856K)->1828K(1856K)
[106.998s][info][gc             ] GC(318) Pause Young (Allocation Failure) 221M->152M(584M) 31.962ms
[106.998s][info][gc,cpu         ] GC(318) User=0.06s Sys=0.00s Real=0.03s
[107.120s][info][gc,start       ] GC(319) Pause Young (Allocation Failure)
[107.166s][info][gc,heap        ] GC(319) PSYoungGen: 152082K(217600K)->29440K(220160K) Eden: 111616K(111616K)->0K(111616K) From: 40466K(105984K)->29440K(108544K)
[107.166s][info][gc,heap        ] GC(319) ParOldGen: 115528K(380416K)->156432K(380416K)
[107.166s][info][gc,metaspace   ] GC(319) Metaspace: 18175K(18304K)->18175K(18304K) NonClass: 16346K(16448K)->16346K(16448K) Class: 1828K(1856K)->1828K(1856K)
[107.166s][info][gc             ] GC(319) Pause Young (Allocation Failure) 261M->181M(586M) 45.142ms
[107.166s][info][gc,cpu         ] GC(319) User=0.09s Sys=0.00s Real=0.05s
[107.277s][info][gc,start       ] GC(320) Pause Young (Allocation Failure)
[107.300s][info][gc,heap        ] GC(320) PSYoungGen: 141056K(220160K)->2592K(222208K) Eden: 111616K(111616K)->0K(120832K) From: 29440K(108544K)->2592K(101376K)
[107.300s][info][gc,heap        ] GC(320) ParOldGen: 156432K(380416K)->186208K(380416K)
[107.300s][info][gc,metaspace   ] GC(320) Metaspace: 18175K(18304K)->18175K(18304K) NonClass: 16346K(16448K)->16346K(16448K) Class: 1828K(1856K)->1828K(1856K)
[107.300s][info][gc             ] GC(320) Pause Young (Allocation Failure) 290M->184M(588M) 23.365ms
[107.300s][info][gc,cpu         ] GC(320) User=0.05s Sys=0.00s Real=0.02s
[107.439s][info][gc,start       ] GC(321) Pause Young (Allocation Failure)
[107.467s][info][gc,heap        ] GC(321) PSYoungGen: 123424K(222208K)->12257K(220672K) Eden: 120832K(120832K)->0K(120832K) From: 2592K(101376K)->12257K(99840K)
[107.467s][info][gc,heap        ] GC(321) ParOldGen: 186208K(380416K)->188776K(380416K)
[107.467s][info][gc,metaspace   ] GC(321) Metaspace: 18175K(18304K)->18175K(18304K) NonClass: 16347K(16448K)->16347K(16448K) Class: 1828K(1856K)->1828K(1856K)
[107.467s][info][gc             ] GC(321) Pause Young (Allocation Failure) 302M->196M(587M) 28.158ms
[107.467s][info][gc,cpu         ] GC(321) User=0.06s Sys=0.00s Real=0.03s
[107.594s][info][gc,start       ] GC(322) Pause Young (Allocation Failure)
[107.645s][info][gc,heap        ] GC(322) PSYoungGen: 133089K(220672K)->30368K(221184K) Eden: 120832K(120832K)->0K(134656K) From: 12257K(99840K)->30368K(86528K)
[107.645s][info][gc,heap        ] GC(322) ParOldGen: 188776K(380416K)->200541K(380416K)
[107.645s][info][gc,metaspace   ] GC(322) Metaspace: 18175K(18304K)->18175K(18304K) NonClass: 16347K(16448K)->16347K(16448K) Class: 1828K(1856K)->1828K(1856K)
[107.645s][info][gc             ] GC(322) Pause Young (Allocation Failure) 314M->225M(587M) 50.340ms
[107.645s][info][gc,cpu         ] GC(322) User=0.10s Sys=0.01s Real=0.05s
[107.730s][info][gc,start       ] GC(323) Pause Young (Allocation Failure)
[107.814s][info][gc,heap        ] GC(323) PSYoungGen: 165024K(221184K)->58592K(224768K) Eden: 134656K(134656K)->0K(134656K) From: 30368K(86528K)->58592K(90112K)
[107.814s][info][gc,heap        ] GC(323) ParOldGen: 200541K(380416K)->230957K(380416K)
[107.814s][info][gc,metaspace   ] GC(323) Metaspace: 18175K(18304K)->18175K(18304K) NonClass: 16347K(16448K)->16347K(16448K) Class: 1828K(1856K)->1828K(1856K)
[107.814s][info][gc             ] GC(323) Pause Young (Allocation Failure) 356M->282M(591M) 83.731ms
[107.814s][info][gc,cpu         ] GC(323) User=0.16s Sys=0.00s Real=0.09s
[107.877s][info][gc,start       ] GC(324) Pause Young (Allocation Failure)
[107.968s][info][gc,heap        ] GC(324) PSYoungGen: 193248K(224768K)->47936K(239104K) Eden: 134656K(134656K)->0K(143872K) From: 58592K(90112K)->47936K(95232K)
[107.968s][info][gc,heap        ] GC(324) ParOldGen: 230957K(380416K)->289749K(380416K)
[107.968s][info][gc,metaspace   ] GC(324) Metaspace: 18175K(18304K)->18175K(18304K) NonClass: 16347K(16448K)->16347K(16448K) Class: 1828K(1856K)->1828K(1856K)
[107.968s][info][gc             ] GC(324) Pause Young (Allocation Failure) 414M->329M(605M) 90.273ms
[107.968s][info][gc,cpu         ] GC(324) User=0.17s Sys=0.00s Real=0.09s
[108.061s][info][gc,start       ] GC(325) Pause Young (Allocation Failure)
[108.113s][info][gc,heap        ] GC(325) PSYoungGen: 191808K(239104K)->29984K(174080K) Eden: 143872K(143872K)->0K(143872K) From: 47936K(95232K)->29984K(30208K)
[108.113s][info][gc,heap        ] GC(325) ParOldGen: 289749K(380416K)->338181K(380416K)
[108.113s][info][gc,metaspace   ] GC(325) Metaspace: 18175K(18304K)->18175K(18304K) NonClass: 16347K(16448K)->16347K(16448K) Class: 1828K(1856K)->1828K(1856K)
[108.113s][info][gc             ] GC(325) Pause Young (Allocation Failure) 470M->359M(541M) 52.090ms
[108.113s][info][gc,cpu         ] GC(325) User=0.10s Sys=0.00s Real=0.05s
[108.205s][info][gc,start       ] GC(326) Pause Young (Allocation Failure)
[108.234s][info][gc,heap        ] GC(326) PSYoungGen: 173856K(174080K)->2688K(233472K) Eden: 143872K(143872K)->0K(144384K) From: 29984K(30208K)->2688K(89088K)
[108.234s][info][gc,heap        ] GC(326) ParOldGen: 338181K(380416K)->368469K(380416K)
[108.234s][info][gc,metaspace   ] GC(326) Metaspace: 18175K(18304K)->18175K(18304K) NonClass: 16347K(16448K)->16347K(16448K) Class: 1828K(1856K)->1828K(1856K)
[108.234s][info][gc             ] GC(326) Pause Young (Allocation Failure) 500M->362M(599M) 29.083ms
[108.235s][info][gc,cpu         ] GC(326) User=0.06s Sys=0.00s Real=0.03s
[108.337s][info][gc,start       ] GC(327) Pause Young (Allocation Failure)
[108.359s][info][gc,heap        ] GC(327) PSYoungGen: 147072K(233472K)->3808K(232960K) Eden: 144384K(144384K)->0K(144384K) From: 2688K(89088K)->3808K(88576K)
[108.359s][info][gc,heap        ] GC(327) ParOldGen: 368469K(380416K)->371149K(380416K)
[108.359s][info][gc,metaspace   ] GC(327) Metaspace: 18180K(18304K)->18180K(18304K) NonClass: 16352K(16448K)->16352K(16448K) Class: 1828K(1856K)->1828K(1856K)
[108.359s][info][gc             ] GC(327) Pause Young (Allocation Failure) 503M->366M(599M) 21.929ms
[108.359s][info][gc,cpu         ] GC(327) User=0.04s Sys=0.00s Real=0.02s
[108.483s][info][gc,start       ] GC(328) Pause Young (Allocation Failure)
[108.516s][info][gc,heap        ] GC(328) PSYoungGen: 148192K(232960K)->19393K(238080K) Eden: 144384K(144384K)->0K(158208K) From: 3808K(88576K)->19393K(79872K)
[108.516s][info][gc,heap        ] GC(328) ParOldGen: 371149K(380416K)->374941K(380416K)
[108.516s][info][gc,metaspace   ] GC(328) Metaspace: 18181K(18304K)->18181K(18304K) NonClass: 16352K(16448K)->16352K(16448K) Class: 1828K(1856K)->1828K(1856K)
[108.516s][info][gc             ] GC(328) Pause Young (Allocation Failure) 507M->385M(604M) 33.085ms
[108.516s][info][gc,cpu         ] GC(328) User=0.06s Sys=0.00s Real=0.04s
[108.647s][info][gc,start       ] GC(329) Pause Young (Allocation Failure)
[108.710s][info][gc,heap        ] GC(329) PSYoungGen: 177601K(238080K)->33600K(240640K) Eden: 158208K(158208K)->0K(158208K) From: 19393K(79872K)->33600K(82432K)
[108.710s][info][gc,heap        ] GC(329) ParOldGen: 374941K(380416K)->394330K(394752K)
[108.710s][info][gc,metaspace   ] GC(329) Metaspace: 18185K(18304K)->18185K(18304K) NonClass: 16357K(16448K)->16357K(16448K) Class: 1828K(1856K)->1828K(1856K)
[108.710s][info][gc             ] GC(329) Pause Young (Allocation Failure) 539M->417M(620M) 63.442ms
[108.710s][info][gc,cpu         ] GC(329) User=0.12s Sys=0.02s Real=0.06s
[108.838s][info][gc,start       ] GC(330) Pause Young (Allocation Failure)
[108.912s][info][gc,heap        ] GC(330) PSYoungGen: 191808K(240640K)->23776K(242688K) Eden: 158208K(158208K)->0K(172032K) From: 33600K(82432K)->23776K(70656K)
[108.912s][info][gc,heap        ] GC(330) ParOldGen: 394330K(394752K)->428000K(428032K)
[108.912s][info][gc,metaspace   ] GC(330) Metaspace: 18186K(18304K)->18186K(18304K) NonClass: 16358K(16448K)->16358K(16448K) Class: 1828K(1856K)->1828K(1856K)
[108.912s][info][gc             ] GC(330) Pause Young (Allocation Failure) 572M->441M(655M) 74.048ms
[108.912s][info][gc,cpu         ] GC(330) User=0.12s Sys=0.02s Real=0.07s
[109.087s][info][gc,start       ] GC(331) Pause Young (Allocation Failure)
[109.129s][info][gc,heap        ] GC(331) PSYoungGen: 195808K(242688K)->1312K(246784K) Eden: 172032K(172032K)->0K(172032K) From: 23776K(70656K)->1312K(74752K)
[109.129s][info][gc,heap        ] GC(331) ParOldGen: 428000K(428032K)->451824K(452096K)
[109.129s][info][gc,metaspace   ] GC(331) Metaspace: 18187K(18304K)->18187K(18304K) NonClass: 16358K(16448K)->16358K(16448K) Class: 1828K(1856K)->1828K(1856K)
[109.129s][info][gc             ] GC(331) Pause Young (Allocation Failure) 609M->442M(682M) 41.808ms
[109.129s][info][gc,cpu         ] GC(331) User=0.07s Sys=0.01s Real=0.04s
[109.338s][info][gc,start       ] GC(332) Pause Young (Allocation Failure)
[109.348s][info][gc,heap        ] GC(332) PSYoungGen: 173344K(246784K)->3456K(255488K) Eden: 172032K(172032K)->0K(184832K) From: 1312K(74752K)->3456K(70656K)
[109.348s][info][gc,heap        ] GC(332) ParOldGen: 451824K(452096K)->453128K(453632K)
[109.348s][info][gc,metaspace   ] GC(332) Metaspace: 18190K(18304K)->18190K(18304K) NonClass: 16362K(16448K)->16362K(16448K) Class: 1828K(1856K)->1828K(1856K)
[109.348s][info][gc             ] GC(332) Pause Young (Allocation Failure) 610M->445M(692M) 10.087ms
[109.348s][info][gc,cpu         ] GC(332) User=0.02s Sys=0.01s Real=0.01s
[109.626s][info][gc,start       ] GC(333) Pause Young (Allocation Failure)
[109.656s][info][gc,heap        ] GC(333) PSYoungGen: 188288K(255488K)->22912K(257536K) Eden: 184832K(184832K)->0K(184832K) From: 3456K(70656K)->22912K(72704K)
[109.656s][info][gc,heap        ] GC(333) ParOldGen: 453128K(453632K)->456560K(456704K)
[109.656s][info][gc,metaspace   ] GC(333) Metaspace: 18201K(18304K)->18201K(18304K) NonClass: 16373K(16448K)->16373K(16448K) Class: 1828K(1856K)->1828K(1856K)
[109.656s][info][gc             ] GC(333) Pause Young (Allocation Failure) 626M->468M(697M) 30.548ms
[109.656s][info][gc,cpu         ] GC(333) User=0.06s Sys=0.00s Real=0.03s
[110.159s][info][gc,start       ] GC(334) Pause Young (Allocation Failure)
[110.194s][info][gc,heap        ] GC(334) PSYoungGen: 207744K(257536K)->160K(259584K) Eden: 184832K(184832K)->0K(191488K) From: 22912K(72704K)->160K(68096K)
[110.194s][info][gc,heap        ] GC(334) ParOldGen: 456560K(456704K)->479518K(479744K)
[110.194s][info][gc,metaspace   ] GC(334) Metaspace: 18204K(18304K)->18204K(18304K) NonClass: 16376K(16448K)->16376K(16448K) Class: 1828K(1856K)->1828K(1856K)
[110.194s][info][gc             ] GC(334) Pause Young (Allocation Failure) 648M->468M(722M) 35.161ms
[110.194s][info][gc,cpu         ] GC(334) User=0.06s Sys=0.01s Real=0.04s
[110.654s][info][gc,start       ] GC(335) Pause Young (Allocation Failure)
[110.664s][info][gc,heap        ] GC(335) PSYoungGen: 191648K(259584K)->224K(258560K) Eden: 191488K(191488K)->0K(191488K) From: 160K(68096K)->224K(67072K)
[110.664s][info][gc,heap        ] GC(335) ParOldGen: 479518K(479744K)->479518K(479744K)
[110.664s][info][gc,metaspace   ] GC(335) Metaspace: 18208K(18304K)->18208K(18304K) NonClass: 16380K(16448K)->16380K(16448K) Class: 1828K(1856K)->1828K(1856K)
[110.664s][info][gc             ] GC(335) Pause Young (Allocation Failure) 655M->468M(721M) 10.357ms
[110.664s][info][gc,cpu         ] GC(335) User=0.02s Sys=0.00s Real=0.01s
[110.917s][info][gc,start       ] GC(336) Pause Young (Allocation Failure)
[110.946s][info][gc,heap        ] GC(336) PSYoungGen: 191712K(258560K)->38166K(262144K) Eden: 191488K(191488K)->0K(196096K) From: 224K(67072K)->38166K(66048K)
[110.946s][info][gc,heap        ] GC(336) ParOldGen: 479518K(479744K)->479518K(479744K)
[110.946s][info][gc,metaspace   ] GC(336) Metaspace: 18210K(18304K)->18210K(18304K) NonClass: 16381K(16448K)->16381K(16448K) Class: 1828K(1856K)->1828K(1856K)
[110.946s][info][gc             ] GC(336) Pause Young (Allocation Failure) 655M->505M(724M) 28.707ms
[110.946s][info][gc,cpu         ] GC(336) User=0.06s Sys=0.00s Real=0.03s
[111.154s][info][gc,start       ] GC(337) Pause Young (Allocation Failure)
[111.216s][info][gc,heap        ] GC(337) PSYoungGen: 234262K(262144K)->68598K(264704K) Eden: 196096K(196096K)->0K(196096K) From: 38166K(66048K)->68598K(68608K)
[111.216s][info][gc,heap        ] GC(337) ParOldGen: 479518K(479744K)->491094K(491520K)
[111.216s][info][gc,metaspace   ] GC(337) Metaspace: 18210K(18304K)->18210K(18304K) NonClass: 16381K(16448K)->16381K(16448K) Class: 1828K(1856K)->1828K(1856K)
[111.216s][info][gc             ] GC(337) Pause Young (Allocation Failure) 697M->546M(738M) 61.778ms
[111.216s][info][gc,cpu         ] GC(337) User=0.11s Sys=0.02s Real=0.06s
[111.528s][info][gc,start       ] GC(338) Pause Young (Allocation Failure)
[111.634s][info][gc,heap        ] GC(338) PSYoungGen: 264694K(264704K)->69088K(196096K) Eden: 196096K(196096K)->0K(126976K) From: 68598K(68608K)->69088K(69120K)
[111.634s][info][gc,heap        ] GC(338) ParOldGen: 491094K(491520K)->511736K(512000K)
[111.634s][info][gc,metaspace   ] GC(338) Metaspace: 18210K(18304K)->18210K(18304K) NonClass: 16381K(16448K)->16381K(16448K) Class: 1828K(1856K)->1828K(1856K)
[111.634s][info][gc             ] GC(338) Pause Young (Allocation Failure) 738M->567M(691M) 106.610ms
[111.634s][info][gc,cpu         ] GC(338) User=0.18s Sys=0.03s Real=0.11s
[111.784s][info][gc,start       ] GC(339) Pause Young (Allocation Failure)
[111.904s][info][gc,heap        ] GC(339) PSYoungGen: 196064K(196096K)->27008K(230400K) Eden: 126976K(126976K)->0K(126976K) From: 69088K(69120K)->27008K(103424K)
[111.904s][info][gc,heap        ] GC(339) ParOldGen: 511736K(512000K)->577755K(578048K)
[111.904s][info][gc,metaspace   ] GC(339) Metaspace: 18210K(18304K)->18210K(18304K) NonClass: 16381K(16448K)->16381K(16448K) Class: 1828K(1856K)->1828K(1856K)
[111.904s][info][gc             ] GC(339) Pause Young (Allocation Failure) 691M->590M(789M) 120.122ms
[111.904s][info][gc,cpu         ] GC(339) User=0.19s Sys=0.05s Real=0.12s
[112.038s][info][gc,start       ] GC(340) Pause Young (Allocation Failure)
[112.110s][info][gc,heap        ] GC(340) PSYoungGen: 153984K(230400K)->20704K(215040K) Eden: 126976K(126976K)->0K(133120K) From: 27008K(103424K)->20704K(81920K)
[112.110s][info][gc,heap        ] GC(340) ParOldGen: 577755K(578048K)->604835K(605184K)
[112.110s][info][gc,metaspace   ] GC(340) Metaspace: 18211K(18304K)->18211K(18304K) NonClass: 16383K(16448K)->16383K(16448K) Class: 1828K(1856K)->1828K(1856K)
[112.110s][info][gc             ] GC(340) Pause Young (Allocation Failure) 714M->610M(801M) 71.954ms
[112.110s][info][gc,cpu         ] GC(340) User=0.12s Sys=0.02s Real=0.07s
[112.172s][info][gc,start       ] GC(341) Pause Full (Allocation Failure)
[112.172s][info][gc,phases,start] GC(341) Marking Phase
[112.405s][info][gc,phases      ] GC(341) Marking Phase 232.370ms
[112.405s][info][gc,phases,start] GC(341) Summary Phase
[112.405s][info][gc,phases      ] GC(341) Summary Phase 0.028ms
[112.405s][info][gc,phases,start] GC(341) Forward
[112.462s][info][gc,phases      ] GC(341) Forward 57.761ms
[112.462s][info][gc,phases,start] GC(341) Adjust Pointers
[112.645s][info][gc,phases      ] GC(341) Adjust Pointers 182.236ms
[112.645s][info][gc,phases,start] GC(341) Compaction Phase
[112.746s][info][gc,phases      ] GC(341) Compaction Phase 100.808ms
[112.752s][info][gc,phases,start] GC(341) Post Compact
[112.754s][info][gc,phases      ] GC(341) Post Compact 2.292ms
[112.754s][info][gc,heap        ] GC(341) PSYoungGen: 153824K(215040K)->0K(225792K) Eden: 133120K(133120K)->0K(133120K) From: 20704K(81920K)->0K(92672K)
[112.754s][info][gc,heap        ] GC(341) ParOldGen: 604835K(605184K)->349248K(630272K)
[112.754s][info][gc,metaspace   ] GC(341) Metaspace: 18214K(18304K)->18214K(18304K) NonClass: 16385K(16448K)->16385K(16448K) Class: 1828K(1856K)->1828K(1856K)
[112.754s][info][gc             ] GC(341) Pause Full (Allocation Failure) 740M->341M(836M) 582.168ms
[112.754s][info][gc,cpu         ] GC(341) User=1.13s Sys=0.00s Real=0.59s
[112.843s][info][gc,start       ] GC(342) Pause Young (Allocation Failure)
[112.861s][info][gc,heap        ] GC(342) PSYoungGen: 133120K(225792K)->20208K(231936K) Eden: 133120K(133120K)->0K(147968K) From: 0K(92672K)->20208K(83968K)
[112.861s][info][gc,heap        ] GC(342) ParOldGen: 349248K(630272K)->349248K(630272K)
[112.861s][info][gc,metaspace   ] GC(342) Metaspace: 18214K(18304K)->18214K(18304K) NonClass: 16385K(16448K)->16385K(16448K) Class: 1828K(1856K)->1828K(1856K)
[112.861s][info][gc             ] GC(342) Pause Young (Allocation Failure) 471M->360M(842M) 18.187ms
[112.861s][info][gc,cpu         ] GC(342) User=0.03s Sys=0.00s Real=0.02s
[112.955s][info][gc,start       ] GC(343) Pause Young (Allocation Failure)
[112.984s][info][gc,heap        ] GC(343) PSYoungGen: 168176K(231936K)->15648K(236544K) Eden: 147968K(147968K)->0K(147968K) From: 20208K(83968K)->15648K(88576K)
[112.984s][info][gc,heap        ] GC(343) ParOldGen: 349248K(630272K)->369640K(630272K)
[112.984s][info][gc,metaspace   ] GC(343) Metaspace: 18214K(18304K)->18214K(18304K) NonClass: 16385K(16448K)->16385K(16448K) Class: 1828K(1856K)->1828K(1856K)
[112.984s][info][gc             ] GC(343) Pause Young (Allocation Failure) 505M->376M(846M) 28.424ms
[112.984s][info][gc,cpu         ] GC(343) User=0.06s Sys=0.00s Real=0.03s
[113.070s][info][gc,start       ] GC(344) Pause Young (Allocation Failure)
[113.087s][info][gc,heap        ] GC(344) PSYoungGen: 163616K(236544K)->3744K(241152K) Eden: 147968K(147968K)->0K(160256K) From: 15648K(88576K)->3744K(80896K)
[113.087s][info][gc,heap        ] GC(344) ParOldGen: 369640K(630272K)->385464K(630272K)
[113.087s][info][gc,metaspace   ] GC(344) Metaspace: 18214K(18304K)->18214K(18304K) NonClass: 16385K(16448K)->16385K(16448K) Class: 1828K(1856K)->1828K(1856K)
[113.087s][info][gc             ] GC(344) Pause Young (Allocation Failure) 520M->380M(851M) 16.510ms
[113.087s][info][gc,cpu         ] GC(344) User=0.03s Sys=0.00s Real=0.02s
[113.224s][info][gc,start       ] GC(345) Pause Young (Allocation Failure)
[113.253s][info][gc,heap        ] GC(345) PSYoungGen: 164000K(241152K)->17440K(243712K) Eden: 160256K(160256K)->0K(160256K) From: 3744K(80896K)->17440K(83456K)
[113.253s][info][gc,heap        ] GC(345) ParOldGen: 385464K(630272K)->389176K(630272K)
[113.253s][info][gc,metaspace   ] GC(345) Metaspace: 18214K(18304K)->18214K(18304K) NonClass: 16385K(16448K)->16385K(16448K) Class: 1828K(1856K)->1828K(1856K)
[113.253s][info][gc             ] GC(345) Pause Young (Allocation Failure) 536M->397M(853M) 28.938ms
[113.253s][info][gc,cpu         ] GC(345) User=0.06s Sys=0.00s Real=0.02s
[113.378s][info][gc,start       ] GC(346) Pause Young (Allocation Failure)
[113.432s][info][gc,heap        ] GC(346) PSYoungGen: 177696K(243712K)->30528K(244736K) Eden: 160256K(160256K)->0K(171008K) From: 17440K(83456K)->30528K(73728K)
[113.432s][info][gc,heap        ] GC(346) ParOldGen: 389176K(630272K)->406640K(630272K)
[113.432s][info][gc,metaspace   ] GC(346) Metaspace: 18214K(18304K)->18214K(18304K) NonClass: 16385K(16448K)->16385K(16448K) Class: 1828K(1856K)->1828K(1856K)
[113.432s][info][gc             ] GC(346) Pause Young (Allocation Failure) 553M->426M(854M) 53.142ms
[113.432s][info][gc,cpu         ] GC(346) User=0.10s Sys=0.00s Real=0.05s
[113.596s][info][gc,start       ] GC(347) Pause Young (Allocation Failure)
[113.632s][info][gc,heap        ] GC(347) PSYoungGen: 201536K(244736K)->4448K(246784K) Eden: 171008K(171008K)->0K(171008K) From: 30528K(73728K)->4448K(75776K)
[113.632s][info][gc,heap        ] GC(347) ParOldGen: 406640K(630272K)->437238K(630272K)
[113.632s][info][gc,metaspace   ] GC(347) Metaspace: 18225K(18304K)->18225K(18304K) NonClass: 16397K(16448K)->16397K(16448K) Class: 1828K(1856K)->1828K(1856K)
[113.632s][info][gc             ] GC(347) Pause Young (Allocation Failure) 593M->431M(856M) 36.954ms
[113.632s][info][gc,cpu         ] GC(347) User=0.07s Sys=0.01s Real=0.03s
[114.014s][info][gc,start       ] GC(348) Pause Young (Allocation Failure)
[114.029s][info][gc,heap        ] GC(348) PSYoungGen: 175456K(246784K)->8224K(252416K) Eden: 171008K(171008K)->0K(183808K) From: 4448K(75776K)->8224K(68608K)
[114.029s][info][gc,heap        ] GC(348) ParOldGen: 437238K(630272K)->441670K(630272K)
[114.029s][info][gc,metaspace   ] GC(348) Metaspace: 18231K(18304K)->18231K(18304K) NonClass: 16403K(16448K)->16403K(16448K) Class: 1828K(1856K)->1828K(1856K)
[114.029s][info][gc             ] GC(348) Pause Young (Allocation Failure) 598M->439M(862M) 14.663ms
[114.029s][info][gc,cpu         ] GC(348) User=0.03s Sys=0.00s Real=0.01s
[114.402s][info][gc,start       ] GC(349) Pause Young (Allocation Failure)
[114.428s][info][gc,heap        ] GC(349) PSYoungGen: 192032K(252416K)->15920K(255488K) Eden: 183808K(183808K)->0K(183808K) From: 8224K(68608K)->15920K(71680K)
[114.428s][info][gc,heap        ] GC(349) ParOldGen: 441670K(630272K)->449888K(630272K)
[114.428s][info][gc,metaspace   ] GC(349) Metaspace: 18236K(18368K)->18236K(18368K) NonClass: 16407K(16512K)->16407K(16512K) Class: 1828K(1856K)->1828K(1856K)
[114.428s][info][gc             ] GC(349) Pause Young (Allocation Failure) 618M->454M(865M) 26.548ms
[114.428s][info][gc,cpu         ] GC(349) User=0.05s Sys=0.00s Real=0.03s
[114.652s][info][gc,start       ] GC(350) Pause Young (Allocation Failure)
[114.674s][info][gc,heap        ] GC(350) PSYoungGen: 199728K(255488K)->24816K(255488K) Eden: 183808K(183808K)->0K(194048K) From: 15920K(71680K)->24816K(61440K)
[114.674s][info][gc,heap        ] GC(350) ParOldGen: 449888K(630272K)->449888K(630272K)
[114.674s][info][gc,metaspace   ] GC(350) Metaspace: 18236K(18368K)->18236K(18368K) NonClass: 16407K(16512K)->16407K(16512K) Class: 1828K(1856K)->1828K(1856K)
[114.674s][info][gc             ] GC(350) Pause Young (Allocation Failure) 634M->463M(865M) 22.101ms
[114.674s][info][gc,cpu         ] GC(350) User=0.05s Sys=0.00s Real=0.03s
[114.776s][info][gc,start       ] GC(351) Pause Young (Allocation Failure)
[114.850s][info][gc,heap        ] GC(351) PSYoungGen: 218864K(255488K)->64480K(258560K) Eden: 194048K(194048K)->0K(194048K) From: 24816K(61440K)->64480K(64512K)
[114.850s][info][gc,heap        ] GC(351) ParOldGen: 449888K(630272K)->483672K(630272K)
[114.850s][info][gc,metaspace   ] GC(351) Metaspace: 18236K(18368K)->18236K(18368K) NonClass: 16407K(16512K)->16407K(16512K) Class: 1828K(1856K)->1828K(1856K)
[114.850s][info][gc             ] GC(351) Pause Young (Allocation Failure) 653M->535M(868M) 74.891ms
[114.851s][info][gc,cpu         ] GC(351) User=0.14s Sys=0.00s Real=0.07s
[115.176s][info][gc,start       ] GC(352) Pause Young (Allocation Failure)
[115.257s][info][gc,heap        ] GC(352) PSYoungGen: 258528K(258560K)->56040K(223744K) Eden: 194048K(194048K)->0K(148480K) From: 64480K(64512K)->56040K(75264K)
[115.257s][info][gc,heap        ] GC(352) ParOldGen: 483672K(630272K)->508608K(630272K)
[115.257s][info][gc,metaspace   ] GC(352) Metaspace: 18236K(18368K)->18236K(18368K) NonClass: 16407K(16512K)->16407K(16512K) Class: 1828K(1856K)->1828K(1856K)
[115.257s][info][gc             ] GC(352) Pause Young (Allocation Failure) 724M->551M(834M) 80.481ms
[115.257s][info][gc,cpu         ] GC(352) User=0.16s Sys=0.00s Real=0.08s
[115.418s][info][gc,start       ] GC(353) Pause Young (Allocation Failure)
[115.511s][info][gc,heap        ] GC(353) PSYoungGen: 204520K(223744K)->35424K(241152K) Eden: 148480K(148480K)->0K(148480K) From: 56040K(75264K)->35424K(92672K)
[115.511s][info][gc,heap        ] GC(353) ParOldGen: 508608K(630272K)->564599K(630272K)
[115.511s][info][gc,metaspace   ] GC(353) Metaspace: 18236K(18368K)->18236K(18368K) NonClass: 16407K(16512K)->16407K(16512K) Class: 1828K(1856K)->1828K(1856K)
[115.511s][info][gc             ] GC(353) Pause Young (Allocation Failure) 696M->585M(851M) 93.462ms
[115.511s][info][gc,cpu         ] GC(353) User=0.18s Sys=0.00s Real=0.09s
[115.667s][info][gc,start       ] GC(354) Pause Young (Allocation Failure)
[115.722s][info][gc,heap        ] GC(354) PSYoungGen: 183904K(241152K)->18176K(230400K) Eden: 148480K(148480K)->0K(153088K) From: 35424K(92672K)->18176K(77312K)
[115.722s][info][gc,heap        ] GC(354) ParOldGen: 564599K(630272K)->599463K(630272K)
[115.722s][info][gc,metaspace   ] GC(354) Metaspace: 18236K(18368K)->18236K(18368K) NonClass: 16408K(16512K)->16408K(16512K) Class: 1828K(1856K)->1828K(1856K)
[115.722s][info][gc             ] GC(354) Pause Young (Allocation Failure) 730M->603M(840M) 55.299ms
[115.722s][info][gc,cpu         ] GC(354) User=0.11s Sys=0.00s Real=0.05s
[115.855s][info][gc,start       ] GC(355) Pause Young (Allocation Failure)
[115.893s][info][gc,heap        ] GC(355) PSYoungGen: 171264K(230400K)->768K(238080K) Eden: 153088K(153088K)->0K(153088K) From: 18176K(77312K)->768K(84992K)
[115.893s][info][gc,heap        ] GC(355) ParOldGen: 599463K(630272K)->617687K(630272K)
[115.893s][info][gc,metaspace   ] GC(355) Metaspace: 18236K(18368K)->18236K(18368K) NonClass: 16408K(16512K)->16408K(16512K) Class: 1828K(1856K)->1828K(1856K)
[115.893s][info][gc             ] GC(355) Pause Young (Allocation Failure) 752M->603M(848M) 38.352ms
[115.893s][info][gc,cpu         ] GC(355) User=0.07s Sys=0.01s Real=0.04s
[116.041s][info][gc,start       ] GC(356) Pause Full (Allocation Failure)
[116.041s][info][gc,phases,start] GC(356) Marking Phase
[116.300s][info][gc,phases      ] GC(356) Marking Phase 258.463ms
[116.300s][info][gc,phases,start] GC(356) Summary Phase
[116.300s][info][gc,phases      ] GC(356) Summary Phase 0.028ms
[116.300s][info][gc,phases,start] GC(356) Forward
[116.379s][info][gc,phases      ] GC(356) Forward 79.195ms
[116.379s][info][gc,phases,start] GC(356) Adjust Pointers
[116.578s][info][gc,phases      ] GC(356) Adjust Pointers 199.102ms
[116.578s][info][gc,phases,start] GC(356) Compaction Phase
[116.690s][info][gc,phases      ] GC(356) Compaction Phase 111.526ms
[116.697s][info][gc,phases,start] GC(356) Post Compact
[116.699s][info][gc,phases      ] GC(356) Post Compact 2.318ms
[116.699s][info][gc,heap        ] GC(356) PSYoungGen: 153856K(238080K)->0K(248320K) Eden: 153088K(153088K)->0K(164352K) From: 768K(84992K)->0K(83968K)
[116.699s][info][gc,heap        ] GC(356) ParOldGen: 617687K(630272K)->383459K(667648K)
[116.699s][info][gc,metaspace   ] GC(356) Metaspace: 18236K(18368K)->18236K(18368K) NonClass: 16408K(16512K)->16408K(16512K) Class: 1828K(1856K)->1828K(1856K)
[116.699s][info][gc             ] GC(356) Pause Full (Allocation Failure) 753M->374M(894M) 658.342ms
[116.699s][info][gc,cpu         ] GC(356) User=1.25s Sys=0.00s Real=0.66s
[116.865s][info][gc,start       ] GC(357) Pause Young (Allocation Failure)
[116.886s][info][gc,heap        ] GC(357) PSYoungGen: 164352K(248320K)->25314K(189952K) Eden: 164352K(164352K)->0K(164352K) From: 0K(83968K)->25314K(25600K)
[116.886s][info][gc,heap        ] GC(357) ParOldGen: 383459K(667648K)->383459K(667648K)
[116.886s][info][gc,metaspace   ] GC(357) Metaspace: 18236K(18368K)->18236K(18368K) NonClass: 16408K(16512K)->16408K(16512K) Class: 1828K(1856K)->1828K(1856K)
[116.886s][info][gc             ] GC(357) Pause Young (Allocation Failure) 534M->399M(837M) 20.797ms
[116.886s][info][gc,cpu         ] GC(357) User=0.04s Sys=0.00s Real=0.02s
[116.977s][info][gc,start       ] GC(358) Pause Young (Allocation Failure)
[117.037s][info][gc,heap        ] GC(358) PSYoungGen: 189666K(189952K)->58592K(238592K) Eden: 164352K(164352K)->0K(159232K) From: 25314K(25600K)->58592K(79360K)
[117.037s][info][gc,heap        ] GC(358) ParOldGen: 383459K(667648K)->408960K(667648K)
[117.037s][info][gc,metaspace   ] GC(358) Metaspace: 18236K(18368K)->18236K(18368K) NonClass: 16408K(16512K)->16408K(16512K) Class: 1828K(1856K)->1828K(1856K)
[117.037s][info][gc             ] GC(358) Pause Young (Allocation Failure) 559M->456M(885M) 60.077ms
[117.037s][info][gc,cpu         ] GC(358) User=0.12s Sys=0.00s Real=0.06s
[117.236s][info][gc,start       ] GC(359) Pause Young (Allocation Failure)
[117.299s][info][gc,heap        ] GC(359) PSYoungGen: 217824K(238592K)->23776K(244736K) Eden: 159232K(159232K)->0K(159232K) From: 58592K(79360K)->23776K(85504K)
[117.299s][info][gc,heap        ] GC(359) ParOldGen: 408960K(667648K)->468241K(667648K)
[117.299s][info][gc,metaspace   ] GC(359) Metaspace: 18236K(18368K)->18236K(18368K) NonClass: 16408K(16512K)->16408K(16512K) Class: 1828K(1856K)->1828K(1856K)
[117.299s][info][gc             ] GC(359) Pause Young (Allocation Failure) 612M->480M(891M) 63.388ms
[117.299s][info][gc,cpu         ] GC(359) User=0.12s Sys=0.00s Real=0.06s
[117.570s][info][gc,start       ] GC(360) Pause Young (Allocation Failure)
[117.645s][info][gc,heap        ] GC(360) PSYoungGen: 183008K(244736K)->36704K(241152K) Eden: 159232K(159232K)->0K(166912K) From: 23776K(85504K)->36704K(74240K)
[117.645s][info][gc,heap        ] GC(360) ParOldGen: 468241K(667648K)->492069K(667648K)
[117.645s][info][gc,metaspace   ] GC(360) Metaspace: 18236K(18368K)->18236K(18368K) NonClass: 16408K(16512K)->16408K(16512K) Class: 1828K(1856K)->1828K(1856K)
[117.645s][info][gc             ] GC(360) Pause Young (Allocation Failure) 635M->516M(887M) 75.403ms
[117.645s][info][gc,cpu         ] GC(360) User=0.15s Sys=0.00s Real=0.08s
[117.865s][info][gc,start       ] GC(361) Pause Young (Allocation Failure)
[117.935s][info][gc,heap        ] GC(361) PSYoungGen: 203616K(241152K)->22272K(245760K) Eden: 166912K(166912K)->0K(166912K) From: 36704K(74240K)->22272K(78848K)
[117.935s][info][gc,heap        ] GC(361) ParOldGen: 492069K(667648K)->528853K(667648K)
[117.935s][info][gc,metaspace   ] GC(361) Metaspace: 18238K(18368K)->18238K(18368K) NonClass: 16410K(16512K)->16410K(16512K) Class: 1828K(1856K)->1828K(1856K)
[117.935s][info][gc             ] GC(361) Pause Young (Allocation Failure) 679M->538M(892M) 69.734ms
[117.935s][info][gc,cpu         ] GC(361) User=0.14s Sys=0.00s Real=0.07s
[118.111s][info][gc,start       ] GC(362) Pause Young (Allocation Failure)
[118.140s][info][gc,heap        ] GC(362) PSYoungGen: 189184K(245760K)->4704K(253952K) Eden: 166912K(166912K)->0K(179712K) From: 22272K(78848K)->4704K(74240K)
[118.140s][info][gc,heap        ] GC(362) ParOldGen: 528853K(667648K)->551157K(667648K)
[118.140s][info][gc,metaspace   ] GC(362) Metaspace: 18238K(18368K)->18238K(18368K) NonClass: 16410K(16512K)->16410K(16512K) Class: 1828K(1856K)->1828K(1856K)
[118.140s][info][gc             ] GC(362) Pause Young (Allocation Failure) 701M->542M(900M) 29.548ms
[118.140s][info][gc,cpu         ] GC(362) User=0.06s Sys=0.00s Real=0.03s
[118.334s][info][gc,start       ] GC(363) Pause Young (Allocation Failure)
[118.351s][info][gc,heap        ] GC(363) PSYoungGen: 184416K(253952K)->4352K(254976K) Eden: 179712K(179712K)->0K(179712K) From: 4704K(74240K)->4352K(75264K)
[118.351s][info][gc,heap        ] GC(363) ParOldGen: 551157K(667648K)->555837K(667648K)
[118.351s][info][gc,metaspace   ] GC(363) Metaspace: 18239K(18368K)->18239K(18368K) NonClass: 16410K(16512K)->16410K(16512K) Class: 1828K(1856K)->1828K(1856K)
[118.351s][info][gc             ] GC(363) Pause Young (Allocation Failure) 718M->547M(901M) 16.465ms
[118.351s][info][gc,cpu         ] GC(363) User=0.04s Sys=0.00s Real=0.01s
[118.610s][info][gc,start       ] GC(364) Pause Young (Allocation Failure)
[118.627s][info][gc,heap        ] GC(364) PSYoungGen: 184064K(254976K)->10592K(253440K) Eden: 179712K(179712K)->0K(184320K) From: 4352K(75264K)->10592K(69120K)
[118.627s][info][gc,heap        ] GC(364) ParOldGen: 555837K(667648K)->560181K(667648K)
[118.627s][info][gc,metaspace   ] GC(364) Metaspace: 18239K(18368K)->18239K(18368K) NonClass: 16410K(16512K)->16410K(16512K) Class: 1828K(1856K)->1828K(1856K)
[118.627s][info][gc             ] GC(364) Pause Young (Allocation Failure) 722M->557M(899M) 17.153ms
[118.627s][info][gc,cpu         ] GC(364) User=0.03s Sys=0.00s Real=0.02s
[118.994s][info][gc,start       ] GC(365) Pause Young (Allocation Failure)
[119.025s][info][gc,heap        ] GC(365) PSYoungGen: 194912K(253440K)->28640K(256000K) Eden: 184320K(184320K)->0K(184320K) From: 10592K(69120K)->28640K(71680K)
[119.025s][info][gc,heap        ] GC(365) ParOldGen: 560181K(667648K)->560181K(667648K)
[119.025s][info][gc,metaspace   ] GC(365) Metaspace: 18239K(18368K)->18239K(18368K) NonClass: 16411K(16512K)->16411K(16512K) Class: 1828K(1856K)->1828K(1856K)
[119.025s][info][gc             ] GC(365) Pause Young (Allocation Failure) 737M->575M(902M) 31.275ms
[119.025s][info][gc,cpu         ] GC(365) User=0.06s Sys=0.00s Real=0.03s
[119.495s][info][gc,start       ] GC(366) Pause Young (Allocation Failure)
[119.524s][info][gc,heap        ] GC(366) PSYoungGen: 212960K(256000K)->28656K(256000K) Eden: 184320K(184320K)->0K(193024K) From: 28640K(71680K)->28656K(62976K)
[119.524s][info][gc,heap        ] GC(366) ParOldGen: 560181K(667648K)->560181K(667648K)
[119.524s][info][gc,metaspace   ] GC(366) Metaspace: 18239K(18368K)->18239K(18368K) NonClass: 16411K(16512K)->16411K(16512K) Class: 1828K(1856K)->1828K(1856K)
[119.524s][info][gc             ] GC(366) Pause Young (Allocation Failure) 755M->575M(902M) 28.922ms
[119.524s][info][gc,cpu         ] GC(366) User=0.05s Sys=0.00s Real=0.03s
[119.971s][info][gc,start       ] GC(367) Pause Young (Allocation Failure)
[120.000s][info][gc,heap        ] GC(367) PSYoungGen: 221680K(256000K)->28672K(259072K) Eden: 193024K(193024K)->0K(193024K) From: 28656K(62976K)->28672K(66048K)
[120.000s][info][gc,heap        ] GC(367) ParOldGen: 560181K(667648K)->560181K(667648K)
[120.000s][info][gc,metaspace   ] GC(367) Metaspace: 18244K(18432K)->18244K(18432K) NonClass: 16415K(16576K)->16415K(16576K) Class: 1828K(1856K)->1828K(1856K)
[120.000s][info][gc             ] GC(367) Pause Young (Allocation Failure) 763M->575M(905M) 28.890ms
[120.000s][info][gc,cpu         ] GC(367) User=0.05s Sys=0.00s Real=0.03s
[120.416s][info][gc,start       ] GC(368) Pause Young (Allocation Failure)
[120.473s][info][gc,heap        ] GC(368) PSYoungGen: 221696K(259072K)->32560K(265216K) Eden: 193024K(193024K)->0K(204288K) From: 28672K(66048K)->32560K(60928K)
[120.473s][info][gc,heap        ] GC(368) ParOldGen: 560181K(667648K)->560181K(667648K)
[120.473s][info][gc,metaspace   ] GC(368) Metaspace: 18244K(18432K)->18244K(18432K) NonClass: 16415K(16576K)->16415K(16576K) Class: 1828K(1856K)->1828K(1856K)
[120.473s][info][gc             ] GC(368) Pause Young (Allocation Failure) 763M->578M(911M) 56.638ms
[120.473s][info][gc,cpu         ] GC(368) User=0.08s Sys=0.00s Real=0.05s
[120.643s][info][gc,start       ] GC(369) Pause Young (Allocation Failure)
[120.730s][info][gc,heap        ] GC(369) PSYoungGen: 236848K(265216K)->62448K(266752K) Eden: 204288K(204288K)->0K(204288K) From: 32560K(60928K)->62448K(62464K)
[120.730s][info][gc,heap        ] GC(369) ParOldGen: 560181K(667648K)->604381K(667648K)
[120.730s][info][gc,metaspace   ] GC(369) Metaspace: 18244K(18432K)->18244K(18432K) NonClass: 16415K(16576K)->16415K(16576K) Class: 1828K(1856K)->1828K(1856K)
[120.730s][info][gc             ] GC(369) Pause Young (Allocation Failure) 778M->651M(912M) 86.393ms
[120.730s][info][gc,cpu         ] GC(369) User=0.17s Sys=0.00s Real=0.09s
[121.018s][info][gc,start       ] GC(370) Pause Young (Allocation Failure)
[121.131s][info][gc,heap        ] GC(370) PSYoungGen: 266736K(266752K)->57296K(216576K) Eden: 204288K(204288K)->0K(149504K) From: 62448K(62464K)->57296K(67072K)
[121.131s][info][gc,heap        ] GC(370) ParOldGen: 604381K(667648K)->633070K(667648K)
[121.131s][info][gc,metaspace   ] GC(370) Metaspace: 18244K(18432K)->18244K(18432K) NonClass: 16415K(16576K)->16415K(16576K) Class: 1828K(1856K)->1828K(1856K)
[121.131s][info][gc             ] GC(370) Pause Young (Allocation Failure) 850M->674M(863M) 113.105ms
[121.131s][info][gc,cpu         ] GC(370) User=0.21s Sys=0.02s Real=0.11s
[121.289s][info][gc,start       ] GC(371) Pause Full (Allocation Failure)
[121.290s][info][gc,phases,start] GC(371) Marking Phase
[121.773s][info][gc,phases      ] GC(371) Marking Phase 483.377ms
[121.773s][info][gc,phases,start] GC(371) Summary Phase
[121.773s][info][gc,phases      ] GC(371) Summary Phase 0.028ms
[121.773s][info][gc,phases,start] GC(371) Forward
[121.859s][info][gc,phases      ] GC(371) Forward 86.306ms
[121.859s][info][gc,phases,start] GC(371) Adjust Pointers
[122.219s][info][gc,phases      ] GC(371) Adjust Pointers 359.972ms
[122.219s][info][gc,phases,start] GC(371) Compaction Phase
[122.423s][info][gc,phases      ] GC(371) Compaction Phase 203.767ms
[122.431s][info][gc,phases,start] GC(371) Post Compact
[122.433s][info][gc,phases      ] GC(371) Post Compact 2.496ms
[122.433s][info][gc,heap        ] GC(371) PSYoungGen: 206800K(216576K)->29573K(216576K) Eden: 149504K(149504K)->0K(149504K) From: 57296K(67072K)->29573K(67072K)
[122.433s][info][gc,heap        ] GC(371) ParOldGen: 633070K(667648K)->667503K(667648K)
[122.433s][info][gc,metaspace   ] GC(371) Metaspace: 18244K(18432K)->18244K(18432K) NonClass: 16415K(16576K)->16415K(16576K) Class: 1828K(1856K)->1828K(1856K)
[122.433s][info][gc             ] GC(371) Pause Full (Allocation Failure) 820M->680M(863M) 1143.841ms
[122.433s][info][gc,cpu         ] GC(371) User=2.23s Sys=0.02s Real=1.14s
[122.566s][info][gc,start       ] GC(372) Pause Full (Allocation Failure)
[122.566s][info][gc,phases,start] GC(372) Marking Phase
[123.047s][info][gc,phases      ] GC(372) Marking Phase 480.767ms
[123.047s][info][gc,phases,start] GC(372) Summary Phase
[123.047s][info][gc,phases      ] GC(372) Summary Phase 0.028ms
[123.047s][info][gc,phases,start] GC(372) Forward
[123.172s][info][gc,phases      ] GC(372) Forward 124.843ms
[123.172s][info][gc,phases,start] GC(372) Adjust Pointers
[123.567s][info][gc,phases      ] GC(372) Adjust Pointers 395.019ms
[123.567s][info][gc,phases,start] GC(372) Compaction Phase
[123.776s][info][gc,phases      ] GC(372) Compaction Phase 209.187ms
[123.789s][info][gc,phases,start] GC(372) Post Compact
[123.791s][info][gc,phases      ] GC(372) Post Compact 2.567ms
[123.791s][info][gc,heap        ] GC(372) PSYoungGen: 179077K(216576K)->9093K(216576K) Eden: 149504K(149504K)->0K(149504K) From: 29573K(67072K)->9093K(67072K)
[123.791s][info][gc,heap        ] GC(372) ParOldGen: 667503K(667648K)->667398K(667648K)
[123.791s][info][gc,metaspace   ] GC(372) Metaspace: 18244K(18432K)->18244K(18432K) NonClass: 16415K(16576K)->16415K(16576K) Class: 1828K(1856K)->1828K(1856K)
[123.792s][info][gc             ] GC(372) Pause Full (Allocation Failure) 826M->660M(863M) 1225.357ms
[123.792s][info][gc,cpu         ] GC(372) User=2.40s Sys=0.00s Real=1.22s
[123.934s][info][gc,start       ] GC(373) Pause Full (Allocation Failure)
[123.934s][info][gc,phases,start] GC(373) Marking Phase
[124.424s][info][gc,phases      ] GC(373) Marking Phase 490.533ms
[124.424s][info][gc,phases,start] GC(373) Summary Phase
[124.424s][info][gc,phases      ] GC(373) Summary Phase 0.023ms
[124.424s][info][gc,phases,start] GC(373) Forward
[124.434s][info][gc,phases      ] GC(373) Forward 9.526ms
[124.434s][info][gc,phases,start] GC(373) Adjust Pointers
[124.771s][info][gc,phases      ] GC(373) Adjust Pointers 336.930ms
[124.771s][info][gc,phases,start] GC(373) Compaction Phase
[124.905s][info][gc,phases      ] GC(373) Compaction Phase 134.161ms
[124.906s][info][gc,phases,start] GC(373) Post Compact
[124.908s][info][gc,phases      ] GC(373) Post Compact 2.445ms
[124.908s][info][gc,heap        ] GC(373) PSYoungGen: 158597K(216576K)->10418K(241664K) Eden: 149504K(149504K)->10418K(149504K) From: 9093K(67072K)->0K(92160K)
[124.908s][info][gc,heap        ] GC(373) ParOldGen: 667398K(667648K)->667599K(667648K)
[124.908s][info][gc,metaspace   ] GC(373) Metaspace: 18244K(18432K)->18244K(18432K) NonClass: 16415K(16576K)->16415K(16576K) Class: 1828K(1856K)->1828K(1856K)
[124.908s][info][gc             ] GC(373) Pause Full (Allocation Failure) 806M->662M(888M) 974.624ms
[124.908s][info][gc,cpu         ] GC(373) User=1.91s Sys=0.00s Real=0.97s
[125.045s][info][gc,start       ] GC(374) Pause Full (Allocation Failure)
[125.045s][info][gc,phases,start] GC(374) Marking Phase
[125.537s][info][gc,phases      ] GC(374) Marking Phase 492.024ms
[125.537s][info][gc,phases,start] GC(374) Summary Phase
[125.537s][info][gc,phases      ] GC(374) Summary Phase 0.023ms
[125.537s][info][gc,phases,start] GC(374) Forward
[125.554s][info][gc,phases      ] GC(374) Forward 17.286ms
[125.555s][info][gc,phases,start] GC(374) Adjust Pointers
[125.901s][info][gc,phases      ] GC(374) Adjust Pointers 346.414ms
[125.901s][info][gc,phases,start] GC(374) Compaction Phase
[126.039s][info][gc,phases      ] GC(374) Compaction Phase 137.541ms
[126.040s][info][gc,phases,start] GC(374) Post Compact
[126.042s][info][gc,phases      ] GC(374) Post Compact 2.433ms
[126.042s][info][gc,heap        ] GC(374) PSYoungGen: 149504K(241664K)->13878K(216576K) Eden: 149504K(149504K)->13878K(149504K) From: 0K(92160K)->0K(67072K)
[126.042s][info][gc,heap        ] GC(374) ParOldGen: 667599K(667648K)->667598K(667648K)
[126.042s][info][gc,metaspace   ] GC(374) Metaspace: 18244K(18432K)->18244K(18432K) NonClass: 16415K(16576K)->16415K(16576K) Class: 1828K(1856K)->1828K(1856K)
[126.042s][info][gc             ] GC(374) Pause Full (Allocation Failure) 797M->665M(863M) 997.065ms
[126.042s][info][gc,cpu         ] GC(374) User=1.96s Sys=0.00s Real=0.99s
[126.237s][info][gc,start       ] GC(375) Pause Full (Allocation Failure)
[126.237s][info][gc,phases,start] GC(375) Marking Phase
[126.615s][info][gc,phases      ] GC(375) Marking Phase 378.350ms
[126.615s][info][gc,phases,start] GC(375) Summary Phase
[126.615s][info][gc,phases      ] GC(375) Summary Phase 0.029ms
[126.615s][info][gc,phases,start] GC(375) Forward
[126.730s][info][gc,phases      ] GC(375) Forward 115.253ms
[126.731s][info][gc,phases,start] GC(375) Adjust Pointers
[127.033s][info][gc,phases      ] GC(375) Adjust Pointers 302.008ms
[127.033s][info][gc,phases,start] GC(375) Compaction Phase
[127.232s][info][gc,phases      ] GC(375) Compaction Phase 199.192ms
[127.242s][info][gc,phases,start] GC(375) Post Compact
[127.245s][info][gc,phases      ] GC(375) Post Compact 2.455ms
[127.245s][info][gc,heap        ] GC(375) PSYoungGen: 149504K(216576K)->0K(241664K) Eden: 149504K(149504K)->0K(149504K) From: 0K(67072K)->0K(92160K)
[127.245s][info][gc,heap        ] GC(375) ParOldGen: 667598K(667648K)->559864K(667648K)
[127.245s][info][gc,metaspace   ] GC(375) Metaspace: 18244K(18432K)->18244K(18432K) NonClass: 16415K(16576K)->16415K(16576K) Class: 1828K(1856K)->1828K(1856K)
[127.245s][info][gc             ] GC(375) Pause Full (Allocation Failure) 797M->546M(888M) 1008.339ms
[127.245s][info][gc,cpu         ] GC(375) User=1.93s Sys=0.01s Real=1.01s
[127.443s][info][gc,start       ] GC(376) Pause Young (Allocation Failure)
[127.466s][info][gc,heap        ] GC(376) PSYoungGen: 149504K(241664K)->18624K(236544K) Eden: 149504K(149504K)->0K(149504K) From: 0K(92160K)->18624K(87040K)
[127.466s][info][gc,heap        ] GC(376) ParOldGen: 559864K(667648K)->559864K(667648K)
[127.466s][info][gc,metaspace   ] GC(376) Metaspace: 18244K(18432K)->18244K(18432K) NonClass: 16415K(16576K)->16415K(16576K) Class: 1828K(1856K)->1828K(1856K)
[127.466s][info][gc             ] GC(376) Pause Young (Allocation Failure) 692M->564M(883M) 22.359ms
[127.466s][info][gc,cpu         ] GC(376) User=0.04s Sys=0.00s Real=0.02s
[127.799s][info][gc,start       ] GC(377) Pause Young (Allocation Failure)
[127.832s][info][gc,heap        ] GC(377) PSYoungGen: 168128K(236544K)->33067K(182784K) Eden: 149504K(149504K)->0K(149504K) From: 18624K(87040K)->33067K(33280K)
[127.832s][info][gc,heap        ] GC(377) ParOldGen: 559864K(667648K)->559864K(667648K)
[127.832s][info][gc,metaspace   ] GC(377) Metaspace: 18253K(18432K)->18253K(18432K) NonClass: 16425K(16576K)->16425K(16576K) Class: 1828K(1856K)->1828K(1856K)
[127.832s][info][gc             ] GC(377) Pause Young (Allocation Failure) 710M->579M(830M) 32.912ms
[127.832s][info][gc,cpu         ] GC(377) User=0.06s Sys=0.00s Real=0.03s
[128.021s][info][gc,start       ] GC(378) Pause Young (Allocation Failure)
[128.054s][info][gc,heap        ] GC(378) PSYoungGen: 182571K(182784K)->34203K(230400K) Eden: 149504K(149504K)->0K(155136K) From: 33067K(33280K)->34203K(75264K)
[128.054s][info][gc,heap        ] GC(378) ParOldGen: 559864K(667648K)->559864K(667648K)
[128.054s][info][gc,metaspace   ] GC(378) Metaspace: 18253K(18432K)->18253K(18432K) NonClass: 16425K(16576K)->16425K(16576K) Class: 1828K(1856K)->1828K(1856K)
[128.054s][info][gc             ] GC(378) Pause Young (Allocation Failure) 725M->580M(877M) 32.550ms
[128.054s][info][gc,cpu         ] GC(378) User=0.06s Sys=0.00s Real=0.04s
[128.258s][info][gc,start       ] GC(379) Pause Young (Allocation Failure)
[128.307s][info][gc,heap        ] GC(379) PSYoungGen: 189339K(230400K)->52524K(234496K) Eden: 155136K(155136K)->0K(155136K) From: 34203K(75264K)->52524K(79360K)
[128.307s][info][gc,heap        ] GC(379) ParOldGen: 559864K(667648K)->559864K(667648K)
[128.307s][info][gc,metaspace   ] GC(379) Metaspace: 18253K(18432K)->18253K(18432K) NonClass: 16425K(16576K)->16425K(16576K) Class: 1828K(1856K)->1828K(1856K)
[128.307s][info][gc             ] GC(379) Pause Young (Allocation Failure) 731M->598M(881M) 49.502ms
[128.307s][info][gc,cpu         ] GC(379) User=0.10s Sys=0.00s Real=0.05s
[128.456s][info][gc,start       ] GC(380) Pause Young (Allocation Failure)
[128.510s][info][gc,heap        ] GC(380) PSYoungGen: 207660K(234496K)->60523K(238080K) Eden: 155136K(155136K)->0K(156672K) From: 52524K(79360K)->60523K(81408K)
[128.510s][info][gc,heap        ] GC(380) ParOldGen: 559864K(667648K)->559864K(667648K)
[128.510s][info][gc,metaspace   ] GC(380) Metaspace: 18254K(18432K)->18254K(18432K) NonClass: 16426K(16576K)->16426K(16576K) Class: 1828K(1856K)->1828K(1856K)
[128.510s][info][gc             ] GC(380) Pause Young (Allocation Failure) 749M->605M(884M) 54.102ms
[128.510s][info][gc,cpu         ] GC(380) User=0.11s Sys=0.00s Real=0.05s
[128.834s][info][gc,start       ] GC(381) Pause Young (Allocation Failure)
[128.890s][info][gc,heap        ] GC(381) PSYoungGen: 217195K(238080K)->62956K(242688K) Eden: 156672K(156672K)->0K(156672K) From: 60523K(81408K)->62956K(86016K)
[128.890s][info][gc,heap        ] GC(381) ParOldGen: 559864K(667648K)->559864K(667648K)
[128.890s][info][gc,metaspace   ] GC(381) Metaspace: 18256K(18432K)->18256K(18432K) NonClass: 16427K(16576K)->16427K(16576K) Class: 1828K(1856K)->1828K(1856K)
[128.890s][info][gc             ] GC(381) Pause Young (Allocation Failure) 758M->608M(889M) 55.728ms
[128.890s][info][gc,cpu         ] GC(381) User=0.11s Sys=0.00s Real=0.05s
[129.107s][info][gc,start       ] GC(382) Pause Young (Allocation Failure)
[129.186s][info][gc,heap        ] GC(382) PSYoungGen: 219628K(242688K)->77820K(226304K) Eden: 156672K(156672K)->0K(136192K) From: 62956K(86016K)->77820K(90112K)
[129.186s][info][gc,heap        ] GC(382) ParOldGen: 559864K(667648K)->559864K(667648K)
[129.186s][info][gc,metaspace   ] GC(382) Metaspace: 18257K(18432K)->18257K(18432K) NonClass: 16429K(16576K)->16429K(16576K) Class: 1828K(1856K)->1828K(1856K)
[129.186s][info][gc             ] GC(382) Pause Young (Allocation Failure) 761M->622M(873M) 79.601ms
[129.186s][info][gc,cpu         ] GC(382) User=0.15s Sys=0.00s Real=0.08s
[129.357s][info][gc,start       ] GC(383) Pause Young (Allocation Failure)
[129.403s][info][gc,heap        ] GC(383) PSYoungGen: 214012K(226304K)->52907K(235008K) Eden: 136192K(136192K)->0K(136192K) From: 77820K(90112K)->52907K(98816K)
[129.403s][info][gc,heap        ] GC(383) ParOldGen: 559864K(667648K)->559864K(667648K)
[129.403s][info][gc,metaspace   ] GC(383) Metaspace: 18258K(18432K)->18258K(18432K) NonClass: 16430K(16576K)->16430K(16576K) Class: 1828K(1856K)->1828K(1856K)
[129.403s][info][gc             ] GC(383) Pause Young (Allocation Failure) 755M->598M(881M) 45.500ms
[129.403s][info][gc,cpu         ] GC(383) User=0.08s Sys=0.00s Real=0.04s
[129.510s][info][gc,start       ] GC(384) Pause Young (Allocation Failure)
[129.597s][info][gc,heap        ] GC(384) PSYoungGen: 189099K(235008K)->96764K(208384K) Eden: 136192K(136192K)->0K(111616K) From: 52907K(98816K)->96764K(96768K)
[129.597s][info][gc,heap        ] GC(384) ParOldGen: 559864K(667648K)->564800K(667648K)
[129.597s][info][gc,metaspace   ] GC(384) Metaspace: 18258K(18432K)->18258K(18432K) NonClass: 16430K(16576K)->16430K(16576K) Class: 1828K(1856K)->1828K(1856K)
[129.597s][info][gc             ] GC(384) Pause Young (Allocation Failure) 731M->646M(855M) 87.696ms
[129.597s][info][gc,cpu         ] GC(384) User=0.16s Sys=0.01s Real=0.09s
[129.827s][info][gc,start       ] GC(385) Pause Young (Allocation Failure)
[129.909s][info][gc,heap        ] GC(385) PSYoungGen: 208380K(208384K)->111083K(222720K) Eden: 111616K(111616K)->0K(111616K) From: 96764K(96768K)->111083K(111104K)
[129.909s][info][gc,heap        ] GC(385) ParOldGen: 564800K(667648K)->566552K(667648K)
[129.909s][info][gc,metaspace   ] GC(385) Metaspace: 18259K(18432K)->18259K(18432K) NonClass: 16430K(16576K)->16430K(16576K) Class: 1828K(1856K)->1828K(1856K)
[129.909s][info][gc             ] GC(385) Pause Young (Allocation Failure) 755M->661M(869M) 81.187ms
[129.909s][info][gc,cpu         ] GC(385) User=0.16s Sys=0.00s Real=0.08s
[130.062s][info][gc,start       ] GC(386) Pause Young (Allocation Failure)
[130.137s][info][gc,heap        ] GC(386) PSYoungGen: 222699K(222720K)->82347K(222720K) Eden: 111616K(111616K)->0K(111616K) From: 111083K(111104K)->82347K(111104K)
[130.137s][info][gc,heap        ] GC(386) ParOldGen: 566552K(667648K)->585200K(667648K)
[130.137s][info][gc,metaspace   ] GC(386) Metaspace: 18260K(18432K)->18260K(18432K) NonClass: 16431K(16576K)->16431K(16576K) Class: 1828K(1856K)->1828K(1856K)
[130.137s][info][gc             ] GC(386) Pause Young (Allocation Failure) 770M->651M(869M) 75.352ms
[130.137s][info][gc,cpu         ] GC(386) User=0.15s Sys=0.00s Real=0.08s
[130.277s][info][gc,start       ] GC(387) Pause Young (Allocation Failure)
[130.374s][info][gc,heap        ] GC(387) PSYoungGen: 193963K(222720K)->108928K(222720K) Eden: 111616K(111616K)->0K(111616K) From: 82347K(111104K)->108928K(111104K)
[130.374s][info][gc,heap        ] GC(387) ParOldGen: 585200K(667648K)->590044K(667648K)
[130.374s][info][gc,metaspace   ] GC(387) Metaspace: 18260K(18432K)->18260K(18432K) NonClass: 16431K(16576K)->16431K(16576K) Class: 1828K(1856K)->1828K(1856K)
[130.374s][info][gc             ] GC(387) Pause Young (Allocation Failure) 760M->682M(869M) 96.624ms
[130.374s][info][gc,cpu         ] GC(387) User=0.19s Sys=0.00s Real=0.10s
[130.492s][info][gc,start       ] GC(388) Pause Young (Allocation Failure)
[130.612s][info][gc,heap        ] GC(388) PSYoungGen: 220544K(222720K)->111072K(222720K) Eden: 111616K(111616K)->0K(111616K) From: 108928K(111104K)->111072K(111104K)
[130.612s][info][gc,heap        ] GC(388) ParOldGen: 590044K(667648K)->609244K(667648K)
[130.612s][info][gc,metaspace   ] GC(388) Metaspace: 18260K(18432K)->18260K(18432K) NonClass: 16431K(16576K)->16431K(16576K) Class: 1828K(1856K)->1828K(1856K)
[130.612s][info][gc             ] GC(388) Pause Young (Allocation Failure) 791M->703M(869M) 120.254ms
[130.612s][info][gc,cpu         ] GC(388) User=0.23s Sys=0.00s Real=0.12s
[130.710s][info][gc,start       ] GC(389) Pause Young (Allocation Failure)
[130.823s][info][gc,heap        ] GC(389) PSYoungGen: 222688K(222720K)->111088K(222720K) Eden: 111616K(111616K)->0K(111616K) From: 111072K(111104K)->111088K(111104K)
[130.823s][info][gc,heap        ] GC(389) ParOldGen: 609244K(667648K)->613481K(667648K)
[130.823s][info][gc,metaspace   ] GC(389) Metaspace: 18260K(18432K)->18260K(18432K) NonClass: 16431K(16576K)->16431K(16576K) Class: 1828K(1856K)->1828K(1856K)
[130.823s][info][gc             ] GC(389) Pause Young (Allocation Failure) 812M->707M(869M) 113.058ms
[130.823s][info][gc,cpu         ] GC(389) User=0.23s Sys=0.00s Real=0.11s
[130.923s][info][gc,start       ] GC(390) Pause Young (Allocation Failure)
[131.038s][info][gc,promotion   ] GC(390) Promotion failed
[131.038s][info][gc,heap        ] GC(390) PSYoungGen: 222704K(222720K)->222704K(222720K) Eden: 111616K(111616K)->111616K(111616K) From: 111088K(111104K)->111088K(111104K)
[131.038s][info][gc,heap        ] GC(390) ParOldGen: 613481K(667648K)->667641K(667648K)
[131.038s][info][gc,metaspace   ] GC(390) Metaspace: 18260K(18432K)->18260K(18432K) NonClass: 16431K(16576K)->16431K(16576K) Class: 1828K(1856K)->1828K(1856K)
[131.038s][info][gc             ] GC(390) Pause Young (Allocation Failure) 816M->869M(869M) 115.375ms
[131.038s][info][gc,cpu         ] GC(390) User=0.23s Sys=0.00s Real=0.12s
[131.038s][info][gc,start       ] GC(391) Pause Full (Allocation Failure)
[131.038s][info][gc,phases,start] GC(391) Marking Phase
[131.417s][info][gc,phases      ] GC(391) Marking Phase 378.440ms
[131.417s][info][gc,phases,start] GC(391) Summary Phase
[131.417s][info][gc,phases      ] GC(391) Summary Phase 0.028ms
[131.417s][info][gc,phases,start] GC(391) Forward
[131.508s][info][gc,phases      ] GC(391) Forward 90.900ms
[131.508s][info][gc,phases,start] GC(391) Adjust Pointers
[131.784s][info][gc,phases      ] GC(391) Adjust Pointers 276.245ms
[131.784s][info][gc,phases,start] GC(391) Compaction Phase
[131.942s][info][gc,phases      ] GC(391) Compaction Phase 157.979ms
[131.949s][info][gc,phases,start] GC(391) Post Compact
[131.952s][info][gc,phases      ] GC(391) Post Compact 2.772ms
[131.952s][info][gc,heap        ] GC(391) PSYoungGen: 222704K(222720K)->0K(222720K) Eden: 111616K(111616K)->0K(111616K) From: 111088K(111104K)->0K(111104K)
[131.952s][info][gc,heap        ] GC(391) ParOldGen: 667641K(667648K)->545817K(667648K)
[131.952s][info][gc,metaspace   ] GC(391) Metaspace: 18260K(18432K)->18260K(18432K) NonClass: 16431K(16576K)->16431K(16576K) Class: 1828K(1856K)->1828K(1856K)
[131.952s][info][gc             ] GC(391) Pause Full (Allocation Failure) 869M->533M(869M) 913.789ms
[131.952s][info][gc,cpu         ] GC(391) User=1.73s Sys=0.00s Real=0.91s
[132.060s][info][gc,start       ] GC(392) Pause Young (Allocation Failure)
[132.069s][info][gc,heap        ] GC(392) PSYoungGen: 111616K(222720K)->1856K(222720K) Eden: 111616K(111616K)->0K(111616K) From: 0K(111104K)->1856K(111104K)
[132.069s][info][gc,heap        ] GC(392) ParOldGen: 545817K(667648K)->545817K(667648K)
[132.069s][info][gc,metaspace   ] GC(392) Metaspace: 18260K(18432K)->18260K(18432K) NonClass: 16431K(16576K)->16431K(16576K) Class: 1828K(1856K)->1828K(1856K)
[132.069s][info][gc             ] GC(392) Pause Young (Allocation Failure) 642M->534M(869M) 8.900ms
[132.069s][info][gc,cpu         ] GC(392) User=0.01s Sys=0.00s Real=0.01s
[132.194s][info][gc,start       ] GC(393) Pause Young (Allocation Failure)
[132.211s][info][gc,heap        ] GC(393) PSYoungGen: 113472K(222720K)->4480K(222720K) Eden: 111616K(111616K)->0K(111616K) From: 1856K(111104K)->4480K(111104K)
[132.211s][info][gc,heap        ] GC(393) ParOldGen: 545817K(667648K)->545817K(667648K)
[132.211s][info][gc,metaspace   ] GC(393) Metaspace: 18260K(18432K)->18260K(18432K) NonClass: 16431K(16576K)->16431K(16576K) Class: 1828K(1856K)->1828K(1856K)
[132.211s][info][gc             ] GC(393) Pause Young (Allocation Failure) 643M->537M(869M) 16.681ms
[132.211s][info][gc,cpu         ] GC(393) User=0.04s Sys=0.00s Real=0.01s
[132.400s][info][gc,start       ] GC(394) Pause Young (Allocation Failure)
[132.418s][info][gc,heap        ] GC(394) PSYoungGen: 116096K(222720K)->15168K(222720K) Eden: 111616K(111616K)->0K(111616K) From: 4480K(111104K)->15168K(111104K)
[132.418s][info][gc,heap        ] GC(394) ParOldGen: 545817K(667648K)->545817K(667648K)
[132.418s][info][gc,metaspace   ] GC(394) Metaspace: 18260K(18432K)->18260K(18432K) NonClass: 16431K(16576K)->16431K(16576K) Class: 1828K(1856K)->1828K(1856K)
[132.418s][info][gc             ] GC(394) Pause Young (Allocation Failure) 646M->547M(869M) 17.784ms
[132.418s][info][gc,cpu         ] GC(394) User=0.04s Sys=0.00s Real=0.02s
[132.521s][info][gc,start       ] GC(395) Pause Young (Allocation Failure)
[132.560s][info][gc,heap        ] GC(395) PSYoungGen: 126784K(222720K)->31792K(222720K) Eden: 111616K(111616K)->0K(111616K) From: 15168K(111104K)->31792K(111104K)
[132.560s][info][gc,heap        ] GC(395) ParOldGen: 545817K(667648K)->547681K(667648K)
[132.560s][info][gc,metaspace   ] GC(395) Metaspace: 18260K(18432K)->18260K(18432K) NonClass: 16431K(16576K)->16431K(16576K) Class: 1828K(1856K)->1828K(1856K)
[132.560s][info][gc             ] GC(395) Pause Young (Allocation Failure) 656M->565M(869M) 39.383ms
[132.560s][info][gc,cpu         ] GC(395) User=0.08s Sys=0.00s Real=0.04s
[132.674s][info][gc,start       ] GC(396) Pause Young (Allocation Failure)
[132.733s][info][gc,heap        ] GC(396) PSYoungGen: 143408K(222720K)->58608K(222720K) Eden: 111616K(111616K)->0K(111616K) From: 31792K(111104K)->58608K(111104K)
[132.733s][info][gc,heap        ] GC(396) ParOldGen: 547681K(667648K)->561034K(667648K)
[132.733s][info][gc,metaspace   ] GC(396) Metaspace: 18260K(18432K)->18260K(18432K) NonClass: 16431K(16576K)->16431K(16576K) Class: 1828K(1856K)->1828K(1856K)
[132.733s][info][gc             ] GC(396) Pause Young (Allocation Failure) 674M->605M(869M) 59.335ms
[132.733s][info][gc,cpu         ] GC(396) User=0.12s Sys=0.00s Real=0.05s
[132.921s][info][gc,start       ] GC(397) Pause Young (Allocation Failure)
[132.990s][info][gc,heap        ] GC(397) PSYoungGen: 170224K(222720K)->14400K(222720K) Eden: 111616K(111616K)->0K(111616K) From: 58608K(111104K)->14400K(111104K)
[132.990s][info][gc,heap        ] GC(397) ParOldGen: 561034K(667648K)->620154K(667648K)
[132.990s][info][gc,metaspace   ] GC(397) Metaspace: 18260K(18432K)->18260K(18432K) NonClass: 16431K(16576K)->16431K(16576K) Class: 1828K(1856K)->1828K(1856K)
[132.990s][info][gc             ] GC(397) Pause Young (Allocation Failure) 714M->619M(869M) 69.418ms
[132.990s][info][gc,cpu         ] GC(397) User=0.14s Sys=0.00s Real=0.07s
[133.198s][info][gc,start       ] GC(398) Pause Full (Allocation Failure)
[133.199s][info][gc,phases,start] GC(398) Marking Phase
[133.525s][info][gc,phases      ] GC(398) Marking Phase 326.715ms
[133.525s][info][gc,phases,start] GC(398) Summary Phase
[133.525s][info][gc,phases      ] GC(398) Summary Phase 0.024ms
[133.525s][info][gc,phases,start] GC(398) Forward
[133.632s][info][gc,phases      ] GC(398) Forward 106.268ms
[133.632s][info][gc,phases,start] GC(398) Adjust Pointers
[133.870s][info][gc,phases      ] GC(398) Adjust Pointers 238.810ms
[133.871s][info][gc,phases,start] GC(398) Compaction Phase
[134.013s][info][gc,phases      ] GC(398) Compaction Phase 141.929ms
[134.022s][info][gc,phases,start] GC(398) Post Compact
[134.025s][info][gc,phases      ] GC(398) Post Compact 2.365ms
[134.025s][info][gc,heap        ] GC(398) PSYoungGen: 126016K(222720K)->0K(222720K) Eden: 111616K(111616K)->0K(111616K) From: 14400K(111104K)->0K(111104K)
[134.025s][info][gc,heap        ] GC(398) ParOldGen: 620154K(667648K)->459604K(667648K)
[134.025s][info][gc,metaspace   ] GC(398) Metaspace: 18264K(18432K)->18264K(18432K) NonClass: 16436K(16576K)->16436K(16576K) Class: 1828K(1856K)->1828K(1856K)
[134.025s][info][gc             ] GC(398) Pause Full (Allocation Failure) 728M->448M(869M) 826.379ms
[134.025s][info][gc,cpu         ] GC(398) User=1.55s Sys=0.00s Real=0.83s
[134.176s][info][gc,start       ] GC(399) Pause Young (Allocation Failure)
[134.188s][info][gc,heap        ] GC(399) PSYoungGen: 111616K(222720K)->9984K(222720K) Eden: 111616K(111616K)->0K(111616K) From: 0K(111104K)->9984K(111104K)
[134.188s][info][gc,heap        ] GC(399) ParOldGen: 459604K(667648K)->459604K(667648K)
[134.188s][info][gc,metaspace   ] GC(399) Metaspace: 18266K(18432K)->18266K(18432K) NonClass: 16437K(16576K)->16437K(16576K) Class: 1828K(1856K)->1828K(1856K)
[134.188s][info][gc             ] GC(399) Pause Young (Allocation Failure) 557M->458M(869M) 11.838ms
[134.188s][info][gc,cpu         ] GC(399) User=0.03s Sys=0.00s Real=0.01s
[134.298s][info][gc,start       ] GC(400) Pause Young (Allocation Failure)
[134.321s][info][gc,heap        ] GC(400) PSYoungGen: 121600K(222720K)->12448K(222720K) Eden: 111616K(111616K)->0K(111616K) From: 9984K(111104K)->12448K(111104K)
[134.321s][info][gc,heap        ] GC(400) ParOldGen: 459604K(667648K)->469580K(667648K)
[134.321s][info][gc,metaspace   ] GC(400) Metaspace: 18266K(18432K)->18266K(18432K) NonClass: 16437K(16576K)->16437K(16576K) Class: 1828K(1856K)->1828K(1856K)
[134.321s][info][gc             ] GC(400) Pause Young (Allocation Failure) 567M->470M(869M) 23.061ms
[134.321s][info][gc,cpu         ] GC(400) User=0.04s Sys=0.00s Real=0.02s
[134.434s][info][gc,start       ] GC(401) Pause Young (Allocation Failure)
[134.450s][info][gc,heap        ] GC(401) PSYoungGen: 124064K(222720K)->1504K(222720K) Eden: 111616K(111616K)->0K(111616K) From: 12448K(111104K)->1504K(111104K)
[134.450s][info][gc,heap        ] GC(401) ParOldGen: 469580K(667648K)->482028K(667648K)
[134.450s][info][gc,metaspace   ] GC(401) Metaspace: 18266K(18432K)->18266K(18432K) NonClass: 16437K(16576K)->16437K(16576K) Class: 1828K(1856K)->1828K(1856K)
[134.451s][info][gc             ] GC(401) Pause Young (Allocation Failure) 579M->472M(869M) 16.279ms
[134.451s][info][gc,cpu         ] GC(401) User=0.04s Sys=0.00s Real=0.01s
[134.572s][info][gc,start       ] GC(402) Pause Young (Allocation Failure)
[134.582s][info][gc,heap        ] GC(402) PSYoungGen: 113120K(222720K)->7168K(222720K) Eden: 111616K(111616K)->0K(111616K) From: 1504K(111104K)->7168K(111104K)
[134.582s][info][gc,heap        ] GC(402) ParOldGen: 482028K(667648K)->483516K(667648K)
[134.582s][info][gc,metaspace   ] GC(402) Metaspace: 18266K(18432K)->18266K(18432K) NonClass: 16437K(16576K)->16437K(16576K) Class: 1828K(1856K)->1828K(1856K)
[134.582s][info][gc             ] GC(402) Pause Young (Allocation Failure) 581M->479M(869M) 10.338ms
[134.582s][info][gc,cpu         ] GC(402) User=0.02s Sys=0.00s Real=0.01s
[134.800s][info][gc,start       ] GC(403) Pause Young (Allocation Failure)
[134.819s][info][gc,heap        ] GC(403) PSYoungGen: 118784K(222720K)->10080K(222720K) Eden: 111616K(111616K)->0K(111616K) From: 7168K(111104K)->10080K(111104K)
[134.819s][info][gc,heap        ] GC(403) ParOldGen: 483516K(667648K)->490684K(667648K)
[134.819s][info][gc,metaspace   ] GC(403) Metaspace: 18266K(18432K)->18266K(18432K) NonClass: 16437K(16576K)->16437K(16576K) Class: 1828K(1856K)->1828K(1856K)
[134.819s][info][gc             ] GC(403) Pause Young (Allocation Failure) 588M->489M(869M) 18.933ms
[134.819s][info][gc,cpu         ] GC(403) User=0.04s Sys=0.00s Real=0.02s
[135.068s][info][gc,start       ] GC(404) Pause Young (Allocation Failure)
[135.080s][info][gc,heap        ] GC(404) PSYoungGen: 121696K(222720K)->64K(222720K) Eden: 111616K(111616K)->0K(111616K) From: 10080K(111104K)->64K(111104K)
[135.080s][info][gc,heap        ] GC(404) ParOldGen: 490684K(667648K)->500783K(667648K)
[135.080s][info][gc,metaspace   ] GC(404) Metaspace: 18267K(18432K)->18267K(18432K) NonClass: 16438K(16576K)->16438K(16576K) Class: 1828K(1856K)->1828K(1856K)
[135.080s][info][gc             ] GC(404) Pause Young (Allocation Failure) 598M->489M(869M) 12.053ms
[135.080s][info][gc,cpu         ] GC(404) User=0.02s Sys=0.00s Real=0.01s
[135.309s][info][gc,start       ] GC(405) Pause Young (Allocation Failure)
[135.311s][info][gc,heap        ] GC(405) PSYoungGen: 111680K(222720K)->64K(222720K) Eden: 111616K(111616K)->0K(111616K) From: 64K(111104K)->64K(111104K)
[135.311s][info][gc,heap        ] GC(405) ParOldGen: 500783K(667648K)->500826K(667648K)
[135.311s][info][gc,metaspace   ] GC(405) Metaspace: 18267K(18432K)->18267K(18432K) NonClass: 16438K(16576K)->16438K(16576K) Class: 1828K(1856K)->1828K(1856K)
[135.311s][info][gc             ] GC(405) Pause Young (Allocation Failure) 598M->489M(869M) 1.718ms
[135.311s][info][gc,cpu         ] GC(405) User=0.01s Sys=0.00s Real=0.00s
[135.532s][info][gc,start       ] GC(406) Pause Young (Allocation Failure)
[135.538s][info][gc,heap        ] GC(406) PSYoungGen: 111680K(222720K)->64K(222720K) Eden: 111616K(111616K)->0K(111616K) From: 64K(111104K)->64K(111104K)
[135.538s][info][gc,heap        ] GC(406) ParOldGen: 500826K(667648K)->500842K(667648K)
[135.538s][info][gc,metaspace   ] GC(406) Metaspace: 18267K(18432K)->18267K(18432K) NonClass: 16438K(16576K)->16438K(16576K) Class: 1828K(1856K)->1828K(1856K)
[135.538s][info][gc             ] GC(406) Pause Young (Allocation Failure) 598M->489M(869M) 6.160ms
[135.538s][info][gc,cpu         ] GC(406) User=0.01s Sys=0.00s Real=0.01s
[135.711s][info][gc,start       ] GC(407) Pause Young (Allocation Failure)
[135.722s][info][gc,heap        ] GC(407) PSYoungGen: 111680K(222720K)->12432K(218624K) Eden: 111616K(111616K)->0K(111616K) From: 64K(111104K)->12432K(107008K)
[135.722s][info][gc,heap        ] GC(407) ParOldGen: 500842K(667648K)->500858K(667648K)
[135.722s][info][gc,metaspace   ] GC(407) Metaspace: 18267K(18432K)->18267K(18432K) NonClass: 16438K(16576K)->16438K(16576K) Class: 1828K(1856K)->1828K(1856K)
[135.722s][info][gc             ] GC(407) Pause Young (Allocation Failure) 598M->501M(865M) 10.910ms
[135.722s][info][gc,cpu         ] GC(407) User=0.02s Sys=0.00s Real=0.01s
[135.776s][info][gc,start       ] GC(408) Pause Young (Allocation Failure)
[135.812s][info][gc,heap        ] GC(408) PSYoungGen: 124048K(218624K)->53808K(220672K) Eden: 111616K(111616K)->0K(111616K) From: 12432K(107008K)->53808K(109056K)
[135.812s][info][gc,heap        ] GC(408) ParOldGen: 500858K(667648K)->500858K(667648K)
[135.812s][info][gc,metaspace   ] GC(408) Metaspace: 18267K(18432K)->18267K(18432K) NonClass: 16438K(16576K)->16438K(16576K) Class: 1828K(1856K)->1828K(1856K)
[135.812s][info][gc             ] GC(408) Pause Young (Allocation Failure) 610M->541M(867M) 36.293ms
[135.812s][info][gc,cpu         ] GC(408) User=0.07s Sys=0.00s Real=0.03s
[135.968s][info][gc,start       ] GC(409) Pause Young (Allocation Failure)
[136.016s][info][gc,heap        ] GC(409) PSYoungGen: 165424K(220672K)->20192K(213504K) Eden: 111616K(111616K)->0K(113664K) From: 53808K(109056K)->20192K(99840K)
[136.016s][info][gc,heap        ] GC(409) ParOldGen: 500858K(667648K)->555269K(667648K)
[136.016s][info][gc,metaspace   ] GC(409) Metaspace: 18267K(18432K)->18267K(18432K) NonClass: 16438K(16576K)->16438K(16576K) Class: 1828K(1856K)->1828K(1856K)
[136.016s][info][gc             ] GC(409) Pause Young (Allocation Failure) 650M->561M(860M) 48.016ms
[136.016s][info][gc,cpu         ] GC(409) User=0.09s Sys=0.00s Real=0.05s
[136.135s][info][gc,start       ] GC(410) Pause Young (Allocation Failure)
[136.163s][info][gc,heap        ] GC(410) PSYoungGen: 133856K(213504K)->22400K(136192K) Eden: 113664K(113664K)->0K(113664K) From: 20192K(99840K)->22400K(22528K)
[136.163s][info][gc,heap        ] GC(410) ParOldGen: 555269K(667648K)->555269K(667648K)
[136.163s][info][gc,metaspace   ] GC(410) Metaspace: 18267K(18432K)->18267K(18432K) NonClass: 16438K(16576K)->16438K(16576K) Class: 1828K(1856K)->1828K(1856K)
[136.163s][info][gc             ] GC(410) Pause Young (Allocation Failure) 672M->564M(785M) 28.079ms
[136.163s][info][gc,cpu         ] GC(410) User=0.05s Sys=0.00s Real=0.02s
[136.335s][info][gc,start       ] GC(411) Pause Young (Allocation Failure)
[136.380s][info][gc,heap        ] GC(411) PSYoungGen: 136064K(136192K)->41024K(215040K) Eden: 113664K(113664K)->0K(120320K) From: 22400K(22528K)->41024K(94720K)
[136.380s][info][gc,heap        ] GC(411) ParOldGen: 555269K(667648K)->555269K(667648K)
[136.380s][info][gc,metaspace   ] GC(411) Metaspace: 18267K(18432K)->18267K(18432K) NonClass: 16438K(16576K)->16438K(16576K) Class: 1828K(1856K)->1828K(1856K)
[136.380s][info][gc             ] GC(411) Pause Young (Allocation Failure) 675M->582M(862M) 45.115ms
[136.380s][info][gc,cpu         ] GC(411) User=0.08s Sys=0.00s Real=0.04s
[136.580s][info][gc,start       ] GC(412) Pause Young (Allocation Failure)
[136.634s][info][gc,heap        ] GC(412) PSYoungGen: 161344K(215040K)->41024K(216064K) Eden: 120320K(120320K)->0K(120320K) From: 41024K(94720K)->41024K(95744K)
[136.634s][info][gc,heap        ] GC(412) ParOldGen: 555269K(667648K)->555269K(667648K)
[136.634s][info][gc,metaspace   ] GC(412) Metaspace: 18269K(18432K)->18269K(18432K) NonClass: 16441K(16576K)->16441K(16576K) Class: 1828K(1856K)->1828K(1856K)
[136.634s][info][gc             ] GC(412) Pause Young (Allocation Failure) 699M->582M(863M) 53.756ms
[136.634s][info][gc,cpu         ] GC(412) User=0.11s Sys=0.00s Real=0.06s
[136.801s][info][gc,start       ] GC(413) Pause Young (Allocation Failure)
[136.846s][info][gc,heap        ] GC(413) PSYoungGen: 161344K(216064K)->41344K(219136K) Eden: 120320K(120320K)->0K(127488K) From: 41024K(95744K)->41344K(91648K)
[136.846s][info][gc,heap        ] GC(413) ParOldGen: 555269K(667648K)->555269K(667648K)
[136.846s][info][gc,metaspace   ] GC(413) Metaspace: 18269K(18432K)->18269K(18432K) NonClass: 16441K(16576K)->16441K(16576K) Class: 1828K(1856K)->1828K(1856K)
[136.846s][info][gc             ] GC(413) Pause Young (Allocation Failure) 699M->582M(866M) 44.880ms
[136.846s][info][gc,cpu         ] GC(413) User=0.09s Sys=0.00s Real=0.05s
[136.984s][info][gc,start       ] GC(414) Pause Young (Allocation Failure)
[137.045s][info][gc,heap        ] GC(414) PSYoungGen: 168832K(219136K)->65545K(220160K) Eden: 127488K(127488K)->0K(127488K) From: 41344K(91648K)->65545K(92672K)
[137.045s][info][gc,heap        ] GC(414) ParOldGen: 555269K(667648K)->555269K(667648K)
[137.045s][info][gc,metaspace   ] GC(414) Metaspace: 18275K(18432K)->18275K(18432K) NonClass: 16447K(16576K)->16447K(16576K) Class: 1828K(1856K)->1828K(1856K)
[137.045s][info][gc             ] GC(414) Pause Young (Allocation Failure) 707M->606M(867M) 61.800ms
[137.045s][info][gc,cpu         ] GC(414) User=0.12s Sys=0.00s Real=0.06s
[137.106s][info][gc,start       ] GC(415) Pause Young (Allocation Failure)
[137.202s][info][gc,heap        ] GC(415) PSYoungGen: 193033K(220160K)->99321K(210944K) Eden: 127488K(127488K)->0K(111616K) From: 65545K(92672K)->99321K(99328K)
[137.202s][info][gc,heap        ] GC(415) ParOldGen: 555269K(667648K)->564485K(667648K)
[137.202s][info][gc,metaspace   ] GC(415) Metaspace: 18275K(18432K)->18275K(18432K) NonClass: 16447K(16576K)->16447K(16576K) Class: 1828K(1856K)->1828K(1856K)
[137.202s][info][gc             ] GC(415) Pause Young (Allocation Failure) 730M->648M(858M) 96.275ms
[137.202s][info][gc,cpu         ] GC(415) User=0.18s Sys=0.02s Real=0.09s
[137.343s][info][gc,start       ] GC(416) Pause Young (Allocation Failure)
[137.430s][info][gc,heap        ] GC(416) PSYoungGen: 210937K(210944K)->84217K(222720K) Eden: 111616K(111616K)->0K(111616K) From: 99321K(99328K)->84217K(111104K)
[137.430s][info][gc,heap        ] GC(416) ParOldGen: 564485K(667648K)->587036K(667648K)
[137.430s][info][gc,metaspace   ] GC(416) Metaspace: 18275K(18432K)->18275K(18432K) NonClass: 16447K(16576K)->16447K(16576K) Class: 1828K(1856K)->1828K(1856K)
[137.430s][info][gc             ] GC(416) Pause Young (Allocation Failure) 757M->655M(869M) 86.744ms
[137.430s][info][gc,cpu         ] GC(416) User=0.17s Sys=0.00s Real=0.08s
[137.522s][info][gc,start       ] GC(417) Pause Young (Allocation Failure)
[137.590s][info][gc,heap        ] GC(417) PSYoungGen: 195833K(222720K)->67513K(222720K) Eden: 111616K(111616K)->0K(111616K) From: 84217K(111104K)->67513K(111104K)
[137.590s][info][gc,heap        ] GC(417) ParOldGen: 587036K(667648K)->605716K(667648K)
[137.590s][info][gc,metaspace   ] GC(417) Metaspace: 18275K(18432K)->18275K(18432K) NonClass: 16447K(16576K)->16447K(16576K) Class: 1828K(1856K)->1828K(1856K)
[137.590s][info][gc             ] GC(417) Pause Young (Allocation Failure) 764M->657M(869M) 68.053ms
[137.590s][info][gc,cpu         ] GC(417) User=0.14s Sys=0.00s Real=0.07s
[137.731s][info][gc,start       ] GC(418) Pause Young (Allocation Failure)
[137.803s][info][gc,heap        ] GC(418) PSYoungGen: 179129K(222720K)->61760K(222720K) Eden: 111616K(111616K)->0K(111616K) From: 67513K(111104K)->61760K(111104K)
[137.803s][info][gc,heap        ] GC(418) ParOldGen: 605716K(667648K)->630526K(667648K)
[137.803s][info][gc,metaspace   ] GC(418) Metaspace: 18275K(18432K)->18275K(18432K) NonClass: 16447K(16576K)->16447K(16576K) Class: 1828K(1856K)->1828K(1856K)
[137.803s][info][gc             ] GC(418) Pause Young (Allocation Failure) 766M->676M(869M) 72.863ms
[137.803s][info][gc,cpu         ] GC(418) User=0.15s Sys=0.00s Real=0.08s
[137.942s][info][gc,start       ] GC(419) Pause Full (Allocation Failure)
[137.942s][info][gc,phases,start] GC(419) Marking Phase
[138.270s][info][gc,phases      ] GC(419) Marking Phase 327.666ms
[138.270s][info][gc,phases,start] GC(419) Summary Phase
[138.270s][info][gc,phases      ] GC(419) Summary Phase 0.031ms
[138.270s][info][gc,phases,start] GC(419) Forward
[138.379s][info][gc,phases      ] GC(419) Forward 108.982ms
[138.379s][info][gc,phases,start] GC(419) Adjust Pointers
[138.649s][info][gc,phases      ] GC(419) Adjust Pointers 269.866ms
[138.649s][info][gc,phases,start] GC(419) Compaction Phase
[138.801s][info][gc,phases      ] GC(419) Compaction Phase 152.689ms
[138.814s][info][gc,phases,start] GC(419) Post Compact
[138.817s][info][gc,phases      ] GC(419) Post Compact 2.419ms
[138.817s][info][gc,heap        ] GC(419) PSYoungGen: 173376K(222720K)->0K(222720K) Eden: 111616K(111616K)->0K(111616K) From: 61760K(111104K)->0K(111104K)
[138.817s][info][gc,heap        ] GC(419) ParOldGen: 630526K(667648K)->514903K(667648K)
[138.817s][info][gc,metaspace   ] GC(419) Metaspace: 18275K(18432K)->18275K(18432K) NonClass: 16447K(16576K)->16447K(16576K) Class: 1828K(1856K)->1828K(1856K)
[138.817s][info][gc             ] GC(419) Pause Full (Allocation Failure) 785M->502M(869M) 874.939ms
[138.817s][info][gc,cpu         ] GC(419) User=1.65s Sys=0.00s Real=0.88s
[138.955s][info][gc,start       ] GC(420) Pause Young (Allocation Failure)
[138.956s][info][gc,heap        ] GC(420) PSYoungGen: 111616K(222720K)->64K(222720K) Eden: 111616K(111616K)->0K(111616K) From: 0K(111104K)->64K(111104K)
[138.956s][info][gc,heap        ] GC(420) ParOldGen: 514903K(667648K)->514903K(667648K)
[138.956s][info][gc,metaspace   ] GC(420) Metaspace: 18275K(18432K)->18275K(18432K) NonClass: 16447K(16576K)->16447K(16576K) Class: 1828K(1856K)->1828K(1856K)
[138.956s][info][gc             ] GC(420) Pause Young (Allocation Failure) 611M->502M(869M) 1.636ms
[138.956s][info][gc,cpu         ] GC(420) User=0.00s Sys=0.00s Real=0.00s
[139.091s][info][gc,start       ] GC(421) Pause Young (Allocation Failure)
[139.092s][info][gc,heap        ] GC(421) PSYoungGen: 111680K(222720K)->64K(222720K) Eden: 111616K(111616K)->0K(111616K) From: 64K(111104K)->64K(111104K)
[139.092s][info][gc,heap        ] GC(421) ParOldGen: 514903K(667648K)->514903K(667648K)
[139.092s][info][gc,metaspace   ] GC(421) Metaspace: 18275K(18432K)->18275K(18432K) NonClass: 16447K(16576K)->16447K(16576K) Class: 1828K(1856K)->1828K(1856K)
[139.092s][info][gc             ] GC(421) Pause Young (Allocation Failure) 611M->502M(869M) 1.741ms
[139.092s][info][gc,cpu         ] GC(421) User=0.00s Sys=0.00s Real=0.00s
[139.230s][info][gc,start       ] GC(422) Pause Young (Allocation Failure)
[139.232s][info][gc,heap        ] GC(422) PSYoungGen: 111680K(222720K)->64K(222720K) Eden: 111616K(111616K)->0K(111616K) From: 64K(111104K)->64K(111104K)
[139.232s][info][gc,heap        ] GC(422) ParOldGen: 514903K(667648K)->514919K(667648K)
[139.232s][info][gc,metaspace   ] GC(422) Metaspace: 18275K(18432K)->18275K(18432K) NonClass: 16447K(16576K)->16447K(16576K) Class: 1828K(1856K)->1828K(1856K)
[139.232s][info][gc             ] GC(422) Pause Young (Allocation Failure) 611M->502M(869M) 1.695ms
[139.232s][info][gc,cpu         ] GC(422) User=0.01s Sys=0.00s Real=0.00s
[139.364s][info][gc,start       ] GC(423) Pause Young (Allocation Failure)
[139.366s][info][gc,heap        ] GC(423) PSYoungGen: 111680K(222720K)->64K(222720K) Eden: 111616K(111616K)->0K(111616K) From: 64K(111104K)->64K(111104K)
[139.366s][info][gc,heap        ] GC(423) ParOldGen: 514919K(667648K)->514919K(667648K)
[139.366s][info][gc,metaspace   ] GC(423) Metaspace: 18275K(18432K)->18275K(18432K) NonClass: 16447K(16576K)->16447K(16576K) Class: 1828K(1856K)->1828K(1856K)
[139.366s][info][gc             ] GC(423) Pause Young (Allocation Failure) 611M->502M(869M) 1.610ms
[139.366s][info][gc,cpu         ] GC(423) User=0.00s Sys=0.00s Real=0.00s
[139.497s][info][gc,start       ] GC(424) Pause Young (Allocation Failure)
[139.499s][info][gc,heap        ] GC(424) PSYoungGen: 111680K(222720K)->64K(222720K) Eden: 111616K(111616K)->0K(111616K) From: 64K(111104K)->64K(111104K)
[139.499s][info][gc,heap        ] GC(424) ParOldGen: 514919K(667648K)->514919K(667648K)
[139.499s][info][gc,metaspace   ] GC(424) Metaspace: 18275K(18432K)->18275K(18432K) NonClass: 16447K(16576K)->16447K(16576K) Class: 1828K(1856K)->1828K(1856K)
[139.499s][info][gc             ] GC(424) Pause Young (Allocation Failure) 611M->502M(869M) 1.639ms
[139.499s][info][gc,cpu         ] GC(424) User=0.00s Sys=0.00s Real=0.00s
[139.606s][info][gc,start       ] GC(425) Pause Young (Allocation Failure)
[139.623s][info][gc,heap        ] GC(425) PSYoungGen: 111680K(222720K)->14784K(222720K) Eden: 111616K(111616K)->0K(111616K) From: 64K(111104K)->14784K(111104K)
[139.623s][info][gc,heap        ] GC(425) ParOldGen: 514919K(667648K)->514919K(667648K)
[139.623s][info][gc,metaspace   ] GC(425) Metaspace: 18275K(18432K)->18275K(18432K) NonClass: 16447K(16576K)->16447K(16576K) Class: 1828K(1856K)->1828K(1856K)
[139.623s][info][gc             ] GC(425) Pause Young (Allocation Failure) 611M->517M(869M) 16.929ms
[139.623s][info][gc,cpu         ] GC(425) User=0.03s Sys=0.00s Real=0.01s
[139.718s][info][gc,start       ] GC(426) Pause Young (Allocation Failure)
[139.752s][info][gc,heap        ] GC(426) PSYoungGen: 126400K(222720K)->33696K(145408K) Eden: 111616K(111616K)->0K(111616K) From: 14784K(111104K)->33696K(33792K)
[139.752s][info][gc,heap        ] GC(426) ParOldGen: 514919K(667648K)->514919K(667648K)
[139.752s][info][gc,metaspace   ] GC(426) Metaspace: 18275K(18432K)->18275K(18432K) NonClass: 16447K(16576K)->16447K(16576K) Class: 1828K(1856K)->1828K(1856K)
[139.752s][info][gc             ] GC(426) Pause Young (Allocation Failure) 626M->535M(794M) 34.056ms
[139.752s][info][gc,cpu         ] GC(426) User=0.07s Sys=0.00s Real=0.03s
[139.848s][info][gc,start       ] GC(427) Pause Young (Allocation Failure)
[139.884s][info][gc,heap        ] GC(427) PSYoungGen: 145312K(145408K)->37664K(219136K) Eden: 111616K(111616K)->0K(115712K) From: 33696K(33792K)->37664K(103424K)
[139.884s][info][gc,heap        ] GC(427) ParOldGen: 514919K(667648K)->514919K(667648K)
[139.884s][info][gc,metaspace   ] GC(427) Metaspace: 18275K(18432K)->18275K(18432K) NonClass: 16447K(16576K)->16447K(16576K) Class: 1828K(1856K)->1828K(1856K)
[139.884s][info][gc             ] GC(427) Pause Young (Allocation Failure) 644M->539M(866M) 36.680ms
[139.884s][info][gc,cpu         ] GC(427) User=0.08s Sys=0.00s Real=0.04s
[139.962s][info][gc,start       ] GC(428) Pause Young (Allocation Failure)
[140.000s][info][gc,heap        ] GC(428) PSYoungGen: 153376K(219136K)->39136K(216576K) Eden: 115712K(115712K)->0K(115712K) From: 37664K(103424K)->39136K(100864K)
[140.000s][info][gc,heap        ] GC(428) ParOldGen: 514919K(667648K)->514919K(667648K)
[140.000s][info][gc,metaspace   ] GC(428) Metaspace: 18275K(18432K)->18275K(18432K) NonClass: 16447K(16576K)->16447K(16576K) Class: 1828K(1856K)->1828K(1856K)
[140.000s][info][gc             ] GC(428) Pause Young (Allocation Failure) 652M->541M(863M) 37.681ms
[140.000s][info][gc,cpu         ] GC(428) User=0.08s Sys=0.00s Real=0.04s
[140.100s][info][gc,start       ] GC(429) Pause Young (Allocation Failure)
[140.139s][info][gc,heap        ] GC(429) PSYoungGen: 154848K(216576K)->39232K(215552K) Eden: 115712K(115712K)->0K(124416K) From: 39136K(100864K)->39232K(91136K)
[140.139s][info][gc,heap        ] GC(429) ParOldGen: 514919K(667648K)->514919K(667648K)
[140.139s][info][gc,metaspace   ] GC(429) Metaspace: 18275K(18432K)->18275K(18432K) NonClass: 16447K(16576K)->16447K(16576K) Class: 1828K(1856K)->1828K(1856K)
[140.139s][info][gc             ] GC(429) Pause Young (Allocation Failure) 654M->541M(862M) 38.603ms
[140.139s][info][gc,cpu         ] GC(429) User=0.08s Sys=0.01s Real=0.04s
[140.244s][info][gc,start       ] GC(430) Pause Young (Allocation Failure)
[140.285s][info][gc,heap        ] GC(430) PSYoungGen: 163648K(215552K)->42816K(218624K) Eden: 124416K(124416K)->0K(124416K) From: 39232K(91136K)->42816K(94208K)
[140.285s][info][gc,heap        ] GC(430) ParOldGen: 514919K(667648K)->514919K(667648K)
[140.285s][info][gc,metaspace   ] GC(430) Metaspace: 18277K(18432K)->18277K(18432K) NonClass: 16449K(16576K)->16449K(16576K) Class: 1828K(1856K)->1828K(1856K)
[140.285s][info][gc             ] GC(430) Pause Young (Allocation Failure) 662M->544M(865M) 40.964ms
[140.285s][info][gc,cpu         ] GC(430) User=0.08s Sys=0.00s Real=0.04s
[140.374s][info][gc,start       ] GC(431) Pause Young (Allocation Failure)
[140.416s][info][gc,heap        ] GC(431) PSYoungGen: 167232K(218624K)->42880K(222720K) Eden: 124416K(124416K)->0K(134144K) From: 42816K(94208K)->42880K(88576K)
[140.416s][info][gc,heap        ] GC(431) ParOldGen: 514919K(667648K)->514919K(667648K)
[140.416s][info][gc,metaspace   ] GC(431) Metaspace: 18277K(18432K)->18277K(18432K) NonClass: 16449K(16576K)->16449K(16576K) Class: 1828K(1856K)->1828K(1856K)
[140.416s][info][gc             ] GC(431) Pause Young (Allocation Failure) 666M->544M(869M) 41.401ms
[140.416s][info][gc,cpu         ] GC(431) User=0.08s Sys=0.00s Real=0.04s
[140.572s][info][gc,start       ] GC(432) Pause Young (Allocation Failure)
[140.621s][info][gc,heap        ] GC(432) PSYoungGen: 177024K(222720K)->52384K(224256K) Eden: 134144K(134144K)->0K(134144K) From: 42880K(88576K)->52384K(90112K)
[140.621s][info][gc,heap        ] GC(432) ParOldGen: 514919K(667648K)->514919K(667648K)
[140.621s][info][gc,metaspace   ] GC(432) Metaspace: 18277K(18432K)->18277K(18432K) NonClass: 16449K(16576K)->16449K(16576K) Class: 1828K(1856K)->1828K(1856K)
[140.621s][info][gc             ] GC(432) Pause Young (Allocation Failure) 675M->554M(871M) 49.329ms
[140.621s][info][gc,cpu         ] GC(432) User=0.09s Sys=0.00s Real=0.05s
[140.733s][info][gc,start       ] GC(433) Pause Young (Allocation Failure)
[140.797s][info][gc,heap        ] GC(433) PSYoungGen: 186528K(224256K)->67968K(228864K) Eden: 134144K(134144K)->0K(137216K) From: 52384K(90112K)->67968K(91648K)
[140.797s][info][gc,heap        ] GC(433) ParOldGen: 514919K(667648K)->514919K(667648K)
[140.797s][info][gc,metaspace   ] GC(433) Metaspace: 18277K(18432K)->18277K(18432K) NonClass: 16449K(16576K)->16449K(16576K) Class: 1828K(1856K)->1828K(1856K)
[140.797s][info][gc             ] GC(433) Pause Young (Allocation Failure) 685M->569M(875M) 63.816ms
[140.797s][info][gc,cpu         ] GC(433) User=0.12s Sys=0.00s Real=0.06s
[140.996s][info][gc,start       ] GC(434) Pause Young (Allocation Failure)
[141.076s][info][gc,heap        ] GC(434) PSYoungGen: 205184K(228864K)->86192K(223744K) Eden: 137216K(137216K)->0K(137216K) From: 67968K(91648K)->86192K(86528K)
[141.076s][info][gc,heap        ] GC(434) ParOldGen: 514919K(667648K)->514919K(667648K)
[141.076s][info][gc,metaspace   ] GC(434) Metaspace: 18277K(18432K)->18277K(18432K) NonClass: 16449K(16576K)->16449K(16576K) Class: 1828K(1856K)->1828K(1856K)
[141.076s][info][gc             ] GC(434) Pause Young (Allocation Failure) 703M->587M(870M) 80.447ms
[141.076s][info][gc,cpu         ] GC(434) User=0.16s Sys=0.00s Real=0.08s
[141.247s][info][gc,start       ] GC(435) Pause Young (Allocation Failure)
[141.352s][info][gc,heap        ] GC(435) PSYoungGen: 223408K(223744K)->105696K(221696K) Eden: 137216K(137216K)->0K(111616K) From: 86192K(86528K)->105696K(110080K)
[141.352s][info][gc,heap        ] GC(435) ParOldGen: 514919K(667648K)->514919K(667648K)
[141.352s][info][gc,metaspace   ] GC(435) Metaspace: 18278K(18432K)->18278K(18432K) NonClass: 16449K(16576K)->16449K(16576K) Class: 1828K(1856K)->1828K(1856K)
[141.352s][info][gc             ] GC(435) Pause Young (Allocation Failure) 721M->606M(868M) 104.950ms
[141.352s][info][gc,cpu         ] GC(435) User=0.20s Sys=0.01s Real=0.10s
[141.446s][info][gc,start       ] GC(436) Pause Young (Allocation Failure)
[141.546s][info][gc,heap        ] GC(436) PSYoungGen: 217312K(221696K)->73648K(222720K) Eden: 111616K(111616K)->0K(111616K) From: 105696K(110080K)->73648K(111104K)
[141.546s][info][gc,heap        ] GC(436) ParOldGen: 514919K(667648K)->548687K(667648K)
[141.546s][info][gc,metaspace   ] GC(436) Metaspace: 18278K(18432K)->18278K(18432K) NonClass: 16449K(16576K)->16449K(16576K) Class: 1828K(1856K)->1828K(1856K)
[141.546s][info][gc             ] GC(436) Pause Young (Allocation Failure) 715M->607M(869M) 99.705ms
[141.546s][info][gc,cpu         ] GC(436) User=0.20s Sys=0.00s Real=0.10s
[141.689s][info][gc,start       ] GC(437) Pause Young (Allocation Failure)
[141.760s][info][gc,heap        ] GC(437) PSYoungGen: 185264K(222720K)->68288K(222720K) Eden: 111616K(111616K)->0K(111616K) From: 73648K(111104K)->68288K(111104K)
[141.760s][info][gc,heap        ] GC(437) ParOldGen: 548687K(667648K)->554151K(667648K)
[141.760s][info][gc,metaspace   ] GC(437) Metaspace: 18278K(18432K)->18278K(18432K) NonClass: 16449K(16576K)->16449K(16576K) Class: 1828K(1856K)->1828K(1856K)
[141.760s][info][gc             ] GC(437) Pause Young (Allocation Failure) 716M->607M(869M) 70.960ms
[141.760s][info][gc,cpu         ] GC(437) User=0.14s Sys=0.00s Real=0.07s
[141.883s][info][gc,start       ] GC(438) Pause Young (Allocation Failure)
[141.952s][info][gc,heap        ] GC(438) PSYoungGen: 179904K(222720K)->68272K(222720K) Eden: 111616K(111616K)->0K(111616K) From: 68288K(111104K)->68272K(111104K)
[141.952s][info][gc,heap        ] GC(438) ParOldGen: 554151K(667648K)->557871K(667648K)
[141.952s][info][gc,metaspace   ] GC(438) Metaspace: 18279K(18432K)->18279K(18432K) NonClass: 16450K(16576K)->16450K(16576K) Class: 1828K(1856K)->1828K(1856K)
[141.952s][info][gc             ] GC(438) Pause Young (Allocation Failure) 716M->611M(869M) 68.495ms
[141.952s][info][gc,cpu         ] GC(438) User=0.13s Sys=0.00s Real=0.07s
[142.069s][info][gc,start       ] GC(439) Pause Young (Allocation Failure)
[142.136s][info][gc,heap        ] GC(439) PSYoungGen: 179888K(222720K)->60864K(222720K) Eden: 111616K(111616K)->0K(111616K) From: 68272K(111104K)->60864K(111104K)
[142.136s][info][gc,heap        ] GC(439) ParOldGen: 557871K(667648K)->567439K(667648K)
[142.136s][info][gc,metaspace   ] GC(439) Metaspace: 18279K(18432K)->18279K(18432K) NonClass: 16450K(16576K)->16450K(16576K) Class: 1828K(1856K)->1828K(1856K)
[142.136s][info][gc             ] GC(439) Pause Young (Allocation Failure) 720M->613M(869M) 66.892ms
[142.136s][info][gc,cpu         ] GC(439) User=0.14s Sys=0.00s Real=0.07s
[142.279s][info][gc,start       ] GC(440) Pause Young (Allocation Failure)
[142.353s][info][gc,heap        ] GC(440) PSYoungGen: 172480K(222720K)->44000K(222720K) Eden: 111616K(111616K)->0K(111616K) From: 60864K(111104K)->44000K(111104K)
[142.353s][info][gc,heap        ] GC(440) ParOldGen: 567439K(667648K)->601391K(667648K)
[142.353s][info][gc,metaspace   ] GC(440) Metaspace: 18279K(18432K)->18279K(18432K) NonClass: 16450K(16576K)->16450K(16576K) Class: 1828K(1856K)->1828K(1856K)
[142.353s][info][gc             ] GC(440) Pause Young (Allocation Failure) 722M->630M(869M) 74.483ms
[142.353s][info][gc,cpu         ] GC(440) User=0.15s Sys=0.00s Real=0.07s
[142.523s][info][gc,start       ] GC(441) Pause Young (Allocation Failure)
[142.573s][info][gc,heap        ] GC(441) PSYoungGen: 155616K(222720K)->28992K(222720K) Eden: 111616K(111616K)->0K(111616K) From: 44000K(111104K)->28992K(111104K)
[142.573s][info][gc,heap        ] GC(441) ParOldGen: 601391K(667648K)->622487K(667648K)
[142.573s][info][gc,metaspace   ] GC(441) Metaspace: 18279K(18432K)->18279K(18432K) NonClass: 16450K(16576K)->16450K(16576K) Class: 1828K(1856K)->1828K(1856K)
[142.573s][info][gc             ] GC(441) Pause Young (Allocation Failure) 739M->636M(869M) 49.994ms
[142.573s][info][gc,cpu         ] GC(441) User=0.10s Sys=0.00s Real=0.05s
[142.906s][info][gc,start       ] GC(442) Pause Young (Allocation Failure)
[142.936s][info][gc,heap        ] GC(442) PSYoungGen: 140608K(222720K)->25264K(222720K) Eden: 111616K(111616K)->0K(111616K) From: 28992K(111104K)->25264K(111104K)
[142.936s][info][gc,heap        ] GC(442) ParOldGen: 622487K(667648K)->626335K(667648K)
[142.936s][info][gc,metaspace   ] GC(442) Metaspace: 18280K(18432K)->18280K(18432K) NonClass: 16451K(16576K)->16451K(16576K) Class: 1828K(1856K)->1828K(1856K)
[142.936s][info][gc             ] GC(442) Pause Young (Allocation Failure) 745M->636M(869M) 30.564ms
[142.936s][info][gc,cpu         ] GC(442) User=0.06s Sys=0.00s Real=0.03s
[143.226s][info][gc,start       ] GC(443) Pause Full (Allocation Failure)
[143.226s][info][gc,phases,start] GC(443) Marking Phase
[143.675s][info][gc,phases      ] GC(443) Marking Phase 449.476ms
[143.675s][info][gc,phases,start] GC(443) Summary Phase
[143.675s][info][gc,phases      ] GC(443) Summary Phase 0.027ms
[143.675s][info][gc,phases,start] GC(443) Forward
[143.701s][info][gc,phases      ] GC(443) Forward 25.464ms
[143.701s][info][gc,phases,start] GC(443) Adjust Pointers
[144.009s][info][gc,phases      ] GC(443) Adjust Pointers 307.978ms
[144.009s][info][gc,phases,start] GC(443) Compaction Phase
[144.149s][info][gc,phases      ] GC(443) Compaction Phase 139.968ms
[144.149s][info][gc,phases,start] GC(443) Post Compact
[144.151s][info][gc,phases      ] GC(443) Post Compact 2.229ms
[144.151s][info][gc,heap        ] GC(443) PSYoungGen: 136880K(222720K)->0K(222720K) Eden: 111616K(111616K)->0K(111616K) From: 25264K(111104K)->0K(111104K)
[144.151s][info][gc,heap        ] GC(443) ParOldGen: 626335K(667648K)->651077K(667648K)
[144.151s][info][gc,metaspace   ] GC(443) Metaspace: 18280K(18432K)->18280K(18432K) NonClass: 16451K(16576K)->16451K(16576K) Class: 1828K(1856K)->1828K(1856K)
[144.151s][info][gc             ] GC(443) Pause Full (Allocation Failure) 745M->635M(869M) 925.583ms
[144.151s][info][gc,cpu         ] GC(443) User=1.82s Sys=0.00s Real=0.92s
[144.410s][info][gc,start       ] GC(444) Pause Full (Allocation Failure)
[144.410s][info][gc,phases,start] GC(444) Marking Phase
[144.855s][info][gc,phases      ] GC(444) Marking Phase 445.222ms
[144.855s][info][gc,phases,start] GC(444) Summary Phase
[144.855s][info][gc,phases      ] GC(444) Summary Phase 0.025ms
[144.855s][info][gc,phases,start] GC(444) Forward
[144.861s][info][gc,phases      ] GC(444) Forward 5.217ms
[144.861s][info][gc,phases,start] GC(444) Adjust Pointers
[145.164s][info][gc,phases      ] GC(444) Adjust Pointers 303.849ms
[145.164s][info][gc,phases,start] GC(444) Compaction Phase
[145.285s][info][gc,phases      ] GC(444) Compaction Phase 120.934ms
[145.286s][info][gc,phases,start] GC(444) Post Compact
[145.288s][info][gc,phases      ] GC(444) Post Compact 2.262ms
[145.288s][info][gc,heap        ] GC(444) PSYoungGen: 111616K(222720K)->0K(222720K) Eden: 111616K(111616K)->0K(111616K) From: 0K(111104K)->0K(111104K)
[145.288s][info][gc,heap        ] GC(444) ParOldGen: 651077K(667648K)->651079K(667648K)
[145.288s][info][gc,metaspace   ] GC(444) Metaspace: 18280K(18432K)->18280K(18432K) NonClass: 16451K(16576K)->16451K(16576K) Class: 1828K(1856K)->1828K(1856K)
[145.288s][info][gc             ] GC(444) Pause Full (Allocation Failure) 744M->635M(869M) 877.946ms
[145.288s][info][gc,cpu         ] GC(444) User=1.72s Sys=0.00s Real=0.88s
[145.543s][info][gc,start       ] GC(445) Pause Full (Allocation Failure)
[145.543s][info][gc,phases,start] GC(445) Marking Phase
[145.987s][info][gc,phases      ] GC(445) Marking Phase 444.587ms
[145.987s][info][gc,phases,start] GC(445) Summary Phase
[145.987s][info][gc,phases      ] GC(445) Summary Phase 0.027ms
[145.987s][info][gc,phases,start] GC(445) Forward
[145.988s][info][gc,phases      ] GC(445) Forward 0.574ms
[145.988s][info][gc,phases,start] GC(445) Adjust Pointers
[146.293s][info][gc,phases      ] GC(445) Adjust Pointers 305.251ms
[146.293s][info][gc,phases,start] GC(445) Compaction Phase
[146.419s][info][gc,phases      ] GC(445) Compaction Phase 125.592ms
[146.419s][info][gc,phases,start] GC(445) Post Compact
[146.421s][info][gc,phases      ] GC(445) Post Compact 2.229ms
[146.421s][info][gc,heap        ] GC(445) PSYoungGen: 111616K(222720K)->0K(222720K) Eden: 111616K(111616K)->0K(111616K) From: 0K(111104K)->0K(111104K)
[146.421s][info][gc,heap        ] GC(445) ParOldGen: 651079K(667648K)->651344K(667648K)
[146.421s][info][gc,metaspace   ] GC(445) Metaspace: 18280K(18432K)->18280K(18432K) NonClass: 16451K(16576K)->16451K(16576K) Class: 1828K(1856K)->1828K(1856K)
[146.421s][info][gc             ] GC(445) Pause Full (Allocation Failure) 744M->636M(869M) 878.680ms
[146.421s][info][gc,cpu         ] GC(445) User=1.73s Sys=0.00s Real=0.88s
[146.685s][info][gc,start       ] GC(446) Pause Full (Allocation Failure)
[146.685s][info][gc,phases,start] GC(446) Marking Phase
[147.064s][info][gc,phases      ] GC(446) Marking Phase 378.674ms
[147.064s][info][gc,phases,start] GC(446) Summary Phase
[147.064s][info][gc,phases      ] GC(446) Summary Phase 0.027ms
[147.064s][info][gc,phases,start] GC(446) Forward
[147.146s][info][gc,phases      ] GC(446) Forward 82.160ms
[147.146s][info][gc,phases,start] GC(446) Adjust Pointers
[147.433s][info][gc,phases      ] GC(446) Adjust Pointers 286.742ms
[147.433s][info][gc,phases,start] GC(446) Compaction Phase
[147.581s][info][gc,phases      ] GC(446) Compaction Phase 148.243ms
[147.588s][info][gc,phases,start] GC(446) Post Compact
[147.590s][info][gc,phases      ] GC(446) Post Compact 2.299ms
[147.590s][info][gc,heap        ] GC(446) PSYoungGen: 111616K(222720K)->0K(222720K) Eden: 111616K(111616K)->0K(111616K) From: 0K(111104K)->0K(111104K)
[147.590s][info][gc,heap        ] GC(446) ParOldGen: 651344K(667648K)->556129K(667648K)
[147.590s][info][gc,metaspace   ] GC(446) Metaspace: 18280K(18432K)->18280K(18432K) NonClass: 16451K(16576K)->16451K(16576K) Class: 1828K(1856K)->1828K(1856K)
[147.590s][info][gc             ] GC(446) Pause Full (Allocation Failure) 745M->543M(869M) 905.020ms
[147.590s][info][gc,cpu         ] GC(446) User=1.73s Sys=0.01s Real=0.90s
[147.821s][info][gc,start       ] GC(447) Pause Young (Allocation Failure)
[147.825s][info][gc,heap        ] GC(447) PSYoungGen: 111616K(222720K)->2368K(222720K) Eden: 111616K(111616K)->0K(111616K) From: 0K(111104K)->2368K(111104K)
[147.825s][info][gc,heap        ] GC(447) ParOldGen: 556129K(667648K)->556129K(667648K)
[147.825s][info][gc,metaspace   ] GC(447) Metaspace: 18280K(18432K)->18280K(18432K) NonClass: 16451K(16576K)->16451K(16576K) Class: 1828K(1856K)->1828K(1856K)
[147.825s][info][gc             ] GC(447) Pause Young (Allocation Failure) 652M->545M(869M) 3.904ms
[147.825s][info][gc,cpu         ] GC(447) User=0.01s Sys=0.00s Real=0.01s
[147.960s][info][gc,start       ] GC(448) Pause Young (Allocation Failure)
[147.982s][info][gc,heap        ] GC(448) PSYoungGen: 113984K(222720K)->29168K(140800K) Eden: 111616K(111616K)->0K(111616K) From: 2368K(111104K)->29168K(29184K)
[147.982s][info][gc,heap        ] GC(448) ParOldGen: 556129K(667648K)->556129K(667648K)
[147.982s][info][gc,metaspace   ] GC(448) Metaspace: 18280K(18432K)->18280K(18432K) NonClass: 16451K(16576K)->16451K(16576K) Class: 1828K(1856K)->1828K(1856K)
[147.982s][info][gc             ] GC(448) Pause Young (Allocation Failure) 654M->571M(789M) 22.015ms
[147.982s][info][gc,cpu         ] GC(448) User=0.04s Sys=0.00s Real=0.02s
[148.045s][info][gc,start       ] GC(449) Pause Young (Allocation Failure)
[148.096s][info][gc,heap        ] GC(449) PSYoungGen: 140784K(140800K)->73344K(219648K) Eden: 111616K(111616K)->0K(110080K) From: 29168K(29184K)->73344K(109568K)
[148.096s][info][gc,heap        ] GC(449) ParOldGen: 556129K(667648K)->556129K(667648K)
[148.096s][info][gc,metaspace   ] GC(449) Metaspace: 18280K(18432K)->18280K(18432K) NonClass: 16451K(16576K)->16451K(16576K) Class: 1828K(1856K)->1828K(1856K)
[148.096s][info][gc             ] GC(449) Pause Young (Allocation Failure) 680M->614M(866M) 50.119ms
[148.096s][info][gc,cpu         ] GC(449) User=0.10s Sys=0.00s Real=0.05s
[148.358s][info][gc,start       ] GC(450) Pause Young (Allocation Failure)
[148.409s][info][gc,heap        ] GC(450) PSYoungGen: 183424K(219648K)->48320K(221184K) Eden: 110080K(110080K)->0K(110080K) From: 73344K(109568K)->48320K(111104K)
[148.409s][info][gc,heap        ] GC(450) ParOldGen: 556129K(667648K)->585602K(667648K)
[148.409s][info][gc,metaspace   ] GC(450) Metaspace: 18280K(18432K)->18280K(18432K) NonClass: 16451K(16576K)->16451K(16576K) Class: 1828K(1856K)->1828K(1856K)
[148.409s][info][gc             ] GC(450) Pause Young (Allocation Failure) 722M->619M(868M) 50.109ms
[148.409s][info][gc,cpu         ] GC(450) User=0.10s Sys=0.00s Real=0.05s
[148.564s][info][gc,start       ] GC(451) Pause Young (Allocation Failure)
[148.612s][info][gc,heap        ] GC(451) PSYoungGen: 158400K(221184K)->58038K(221184K) Eden: 110080K(110080K)->0K(114688K) From: 48320K(111104K)->58038K(106496K)
[148.612s][info][gc,heap        ] GC(451) ParOldGen: 585602K(667648K)->585602K(667648K)
[148.612s][info][gc,metaspace   ] GC(451) Metaspace: 18280K(18432K)->18280K(18432K) NonClass: 16451K(16576K)->16451K(16576K) Class: 1828K(1856K)->1828K(1856K)
[148.612s][info][gc             ] GC(451) Pause Young (Allocation Failure) 726M->628M(868M) 47.735ms
[148.612s][info][gc,cpu         ] GC(451) User=0.10s Sys=0.00s Real=0.04s
[148.783s][info][gc,start       ] GC(452) Pause Young (Allocation Failure)
[148.845s][info][gc,heap        ] GC(452) PSYoungGen: 172726K(221184K)->68630K(221184K) Eden: 114688K(114688K)->0K(114688K) From: 58038K(106496K)->68630K(106496K)
[148.845s][info][gc,heap        ] GC(452) ParOldGen: 585602K(667648K)->585602K(667648K)
[148.845s][info][gc,metaspace   ] GC(452) Metaspace: 18280K(18432K)->18280K(18432K) NonClass: 16451K(16576K)->16451K(16576K) Class: 1828K(1856K)->1828K(1856K)
[148.845s][info][gc             ] GC(452) Pause Young (Allocation Failure) 740M->638M(868M) 61.528ms
[148.845s][info][gc,cpu         ] GC(452) User=0.12s Sys=0.00s Real=0.06s
[149.037s][info][gc,start       ] GC(453) Pause Young (Allocation Failure)
[149.099s][info][gc,heap        ] GC(453) PSYoungGen: 183318K(221184K)->68758K(222720K) Eden: 114688K(114688K)->0K(114688K) From: 68630K(106496K)->68758K(108032K)
[149.099s][info][gc,heap        ] GC(453) ParOldGen: 585602K(667648K)->585602K(667648K)
[149.099s][info][gc,metaspace   ] GC(453) Metaspace: 18280K(18432K)->18280K(18432K) NonClass: 16451K(16576K)->16451K(16576K) Class: 1828K(1856K)->1828K(1856K)
[149.099s][info][gc             ] GC(453) Pause Young (Allocation Failure) 750M->639M(869M) 62.358ms
[149.099s][info][gc,cpu         ] GC(453) User=0.12s Sys=0.00s Real=0.06s
[149.248s][info][gc,start       ] GC(454) Pause Young (Allocation Failure)
[149.311s][info][gc,heap        ] GC(454) PSYoungGen: 183446K(222720K)->71062K(185856K) Eden: 114688K(114688K)->0K(114688K) From: 68758K(108032K)->71062K(71168K)
[149.311s][info][gc,heap        ] GC(454) ParOldGen: 585602K(667648K)->585602K(667648K)
[149.311s][info][gc,metaspace   ] GC(454) Metaspace: 18280K(18432K)->18280K(18432K) NonClass: 16451K(16576K)->16451K(16576K) Class: 1828K(1856K)->1828K(1856K)
[149.311s][info][gc             ] GC(454) Pause Young (Allocation Failure) 751M->641M(833M) 62.946ms
[149.311s][info][gc,cpu         ] GC(454) User=0.12s Sys=0.00s Real=0.06s
[149.398s][info][gc,start       ] GC(455) Pause Young (Allocation Failure)
[149.484s][info][gc,heap        ] GC(455) PSYoungGen: 185750K(185856K)->103990K(222720K) Eden: 114688K(114688K)->0K(111616K) From: 71062K(71168K)->103990K(111104K)
[149.485s][info][gc,heap        ] GC(455) ParOldGen: 585602K(667648K)->585602K(667648K)
[149.485s][info][gc,metaspace   ] GC(455) Metaspace: 18280K(18432K)->18280K(18432K) NonClass: 16451K(16576K)->16451K(16576K) Class: 1828K(1856K)->1828K(1856K)
[149.485s][info][gc             ] GC(455) Pause Young (Allocation Failure) 753M->673M(869M) 86.420ms
[149.485s][info][gc,cpu         ] GC(455) User=0.18s Sys=0.00s Real=0.09s
[149.542s][info][gc,start       ] GC(456) Pause Young (Allocation Failure)
[149.649s][info][gc,heap        ] GC(456) PSYoungGen: 215606K(222720K)->93334K(222720K) Eden: 111616K(111616K)->0K(111616K) From: 103990K(111104K)->93334K(111104K)
[149.649s][info][gc,heap        ] GC(456) ParOldGen: 585602K(667648K)->634417K(667648K)
[149.649s][info][gc,metaspace   ] GC(456) Metaspace: 18280K(18432K)->18280K(18432K) NonClass: 16451K(16576K)->16451K(16576K) Class: 1828K(1856K)->1828K(1856K)
[149.649s][info][gc             ] GC(456) Pause Young (Allocation Failure) 782M->710M(869M) 107.127ms
[149.649s][info][gc,cpu         ] GC(456) User=0.21s Sys=0.00s Real=0.11s
[149.800s][info][gc,start       ] GC(457) Pause Full (Allocation Failure)
[149.800s][info][gc,phases,start] GC(457) Marking Phase
[150.045s][info][gc,phases      ] GC(457) Marking Phase 244.609ms
[150.045s][info][gc,phases,start] GC(457) Summary Phase
[150.045s][info][gc,phases      ] GC(457) Summary Phase 0.029ms
[150.045s][info][gc,phases,start] GC(457) Forward
[150.133s][info][gc,phases      ] GC(457) Forward 87.819ms
[150.133s][info][gc,phases,start] GC(457) Adjust Pointers
[150.322s][info][gc,phases      ] GC(457) Adjust Pointers 189.445ms
[150.322s][info][gc,phases,start] GC(457) Compaction Phase
[150.440s][info][gc,phases      ] GC(457) Compaction Phase 117.861ms
[150.450s][info][gc,phases,start] GC(457) Post Compact
[150.452s][info][gc,phases      ] GC(457) Post Compact 2.505ms
[150.452s][info][gc,heap        ] GC(457) PSYoungGen: 204950K(222720K)->0K(222720K) Eden: 111616K(111616K)->0K(111616K) From: 93334K(111104K)->0K(111104K)
[150.452s][info][gc,heap        ] GC(457) ParOldGen: 634417K(667648K)->400368K(667648K)
[150.452s][info][gc,metaspace   ] GC(457) Metaspace: 18280K(18432K)->18280K(18432K) NonClass: 16451K(16576K)->16451K(16576K) Class: 1828K(1856K)->1828K(1856K)
[150.452s][info][gc             ] GC(457) Pause Full (Allocation Failure) 819M->390M(869M) 652.404ms
[150.452s][info][gc,cpu         ] GC(457) User=1.21s Sys=0.00s Real=0.65s
[150.634s][info][gc,start       ] GC(458) Pause Young (Allocation Failure)
[150.636s][info][gc,heap        ] GC(458) PSYoungGen: 111616K(222720K)->128K(222720K) Eden: 111616K(111616K)->0K(111616K) From: 0K(111104K)->128K(111104K)
[150.636s][info][gc,heap        ] GC(458) ParOldGen: 400368K(667648K)->400368K(667648K)
[150.636s][info][gc,metaspace   ] GC(458) Metaspace: 18280K(18432K)->18280K(18432K) NonClass: 16451K(16576K)->16451K(16576K) Class: 1828K(1856K)->1828K(1856K)
[150.636s][info][gc             ] GC(458) Pause Young (Allocation Failure) 499M->391M(869M) 1.749ms
[150.636s][info][gc,cpu         ] GC(458) User=0.01s Sys=0.00s Real=0.00s
[150.759s][info][gc,start       ] GC(459) Pause Young (Allocation Failure)
[150.761s][info][gc,heap        ] GC(459) PSYoungGen: 111744K(222720K)->224K(222720K) Eden: 111616K(111616K)->0K(111616K) From: 128K(111104K)->224K(111104K)
[150.761s][info][gc,heap        ] GC(459) ParOldGen: 400368K(667648K)->400368K(667648K)
[150.761s][info][gc,metaspace   ] GC(459) Metaspace: 18280K(18432K)->18280K(18432K) NonClass: 16451K(16576K)->16451K(16576K) Class: 1828K(1856K)->1828K(1856K)
[150.761s][info][gc             ] GC(459) Pause Young (Allocation Failure) 500M->391M(869M) 2.586ms
[150.761s][info][gc,cpu         ] GC(459) User=0.00s Sys=0.00s Real=0.00s
[150.877s][info][gc,start       ] GC(460) Pause Young (Allocation Failure)
[150.879s][info][gc,heap        ] GC(460) PSYoungGen: 111840K(222720K)->320K(222720K) Eden: 111616K(111616K)->0K(111616K) From: 224K(111104K)->320K(111104K)
[150.879s][info][gc,heap        ] GC(460) ParOldGen: 400368K(667648K)->400368K(667648K)
[150.879s][info][gc,metaspace   ] GC(460) Metaspace: 18280K(18432K)->18280K(18432K) NonClass: 16451K(16576K)->16451K(16576K) Class: 1828K(1856K)->1828K(1856K)
[150.879s][info][gc             ] GC(460) Pause Young (Allocation Failure) 500M->391M(869M) 2.043ms
[150.879s][info][gc,cpu         ] GC(460) User=0.00s Sys=0.00s Real=0.00s
[150.996s][info][gc,start       ] GC(461) Pause Young (Allocation Failure)
[150.998s][info][gc,heap        ] GC(461) PSYoungGen: 111936K(222720K)->224K(222720K) Eden: 111616K(111616K)->0K(111616K) From: 320K(111104K)->224K(111104K)
[150.998s][info][gc,heap        ] GC(461) ParOldGen: 400368K(667648K)->400560K(667648K)
[150.998s][info][gc,metaspace   ] GC(461) Metaspace: 18280K(18432K)->18280K(18432K) NonClass: 16451K(16576K)->16451K(16576K) Class: 1828K(1856K)->1828K(1856K)
[150.998s][info][gc             ] GC(461) Pause Young (Allocation Failure) 500M->391M(869M) 2.069ms
[150.998s][info][gc,cpu         ] GC(461) User=0.00s Sys=0.00s Real=0.00s
[151.118s][info][gc,start       ] GC(462) Pause Young (Allocation Failure)
[151.120s][info][gc,heap        ] GC(462) PSYoungGen: 111840K(222720K)->96K(222720K) Eden: 111616K(111616K)->0K(111616K) From: 224K(111104K)->96K(111104K)
[151.120s][info][gc,heap        ] GC(462) ParOldGen: 400560K(667648K)->400752K(667648K)
[151.120s][info][gc,metaspace   ] GC(462) Metaspace: 18280K(18432K)->18280K(18432K) NonClass: 16451K(16576K)->16451K(16576K) Class: 1828K(1856K)->1828K(1856K)
[151.120s][info][gc             ] GC(462) Pause Young (Allocation Failure) 500M->391M(869M) 1.845ms
[151.120s][info][gc,cpu         ] GC(462) User=0.01s Sys=0.00s Real=0.00s
[151.235s][info][gc,start       ] GC(463) Pause Young (Allocation Failure)
[151.237s][info][gc,heap        ] GC(463) PSYoungGen: 111712K(222720K)->128K(222720K) Eden: 111616K(111616K)->0K(111616K) From: 96K(111104K)->128K(111104K)
[151.237s][info][gc,heap        ] GC(463) ParOldGen: 400752K(667648K)->400824K(667648K)
[151.237s][info][gc,metaspace   ] GC(463) Metaspace: 18280K(18432K)->18280K(18432K) NonClass: 16451K(16576K)->16451K(16576K) Class: 1828K(1856K)->1828K(1856K)
[151.237s][info][gc             ] GC(463) Pause Young (Allocation Failure) 500M->391M(869M) 1.836ms
[151.237s][info][gc,cpu         ] GC(463) User=0.01s Sys=0.00s Real=0.00s
[151.351s][info][gc,start       ] GC(464) Pause Young (Allocation Failure)
[151.353s][info][gc,heap        ] GC(464) PSYoungGen: 111744K(222720K)->128K(222720K) Eden: 111616K(111616K)->0K(111616K) From: 128K(111104K)->128K(111104K)
[151.353s][info][gc,heap        ] GC(464) ParOldGen: 400824K(667648K)->400912K(667648K)
[151.353s][info][gc,metaspace   ] GC(464) Metaspace: 18280K(18432K)->18280K(18432K) NonClass: 16451K(16576K)->16451K(16576K) Class: 1828K(1856K)->1828K(1856K)
[151.353s][info][gc             ] GC(464) Pause Young (Allocation Failure) 500M->391M(869M) 1.905ms
[151.353s][info][gc,cpu         ] GC(464) User=0.01s Sys=0.00s Real=0.01s
[151.470s][info][gc,start       ] GC(465) Pause Young (Allocation Failure)
[151.472s][info][gc,heap        ] GC(465) PSYoungGen: 111744K(222720K)->128K(222720K) Eden: 111616K(111616K)->0K(111616K) From: 128K(111104K)->128K(111104K)
[151.472s][info][gc,heap        ] GC(465) ParOldGen: 400912K(667648K)->401016K(667648K)
[151.472s][info][gc,metaspace   ] GC(465) Metaspace: 18280K(18432K)->18280K(18432K) NonClass: 16451K(16576K)->16451K(16576K) Class: 1828K(1856K)->1828K(1856K)
[151.472s][info][gc             ] GC(465) Pause Young (Allocation Failure) 500M->391M(869M) 1.829ms
[151.472s][info][gc,cpu         ] GC(465) User=0.00s Sys=0.00s Real=0.00s
[151.595s][info][gc,start       ] GC(466) Pause Young (Allocation Failure)
[151.596s][info][gc,heap        ] GC(466) PSYoungGen: 111744K(222720K)->128K(222720K) Eden: 111616K(111616K)->0K(111616K) From: 128K(111104K)->128K(111104K)
[151.596s][info][gc,heap        ] GC(466) ParOldGen: 401016K(667648K)->401096K(667648K)
[151.596s][info][gc,metaspace   ] GC(466) Metaspace: 18280K(18432K)->18280K(18432K) NonClass: 16451K(16576K)->16451K(16576K) Class: 1828K(1856K)->1828K(1856K)
[151.596s][info][gc             ] GC(466) Pause Young (Allocation Failure) 500M->391M(869M) 1.901ms
[151.596s][info][gc,cpu         ] GC(466) User=0.00s Sys=0.00s Real=0.00s
[151.707s][info][gc,start       ] GC(467) Pause Young (Allocation Failure)
[151.718s][info][gc,heap        ] GC(467) PSYoungGen: 111744K(222720K)->3520K(219648K) Eden: 111616K(111616K)->0K(111616K) From: 128K(111104K)->3520K(108032K)
[151.718s][info][gc,heap        ] GC(467) ParOldGen: 401096K(667648K)->401200K(667648K)
[151.718s][info][gc,metaspace   ] GC(467) Metaspace: 18280K(18432K)->18280K(18432K) NonClass: 16451K(16576K)->16451K(16576K) Class: 1828K(1856K)->1828K(1856K)
[151.718s][info][gc             ] GC(467) Pause Young (Allocation Failure) 500M->395M(866M) 11.063ms
[151.718s][info][gc,cpu         ] GC(467) User=0.02s Sys=0.00s Real=0.01s
[151.852s][info][gc,start       ] GC(468) Pause Young (Allocation Failure)
[151.895s][info][gc,heap        ] GC(468) PSYoungGen: 115136K(219648K)->26123K(138240K) Eden: 111616K(111616K)->0K(111616K) From: 3520K(108032K)->26123K(26624K)
[151.895s][info][gc,heap        ] GC(468) ParOldGen: 401200K(667648K)->401200K(667648K)
[151.895s][info][gc,metaspace   ] GC(468) Metaspace: 18280K(18432K)->18280K(18432K) NonClass: 16451K(16576K)->16451K(16576K) Class: 1828K(1856K)->1828K(1856K)
[151.895s][info][gc             ] GC(468) Pause Young (Allocation Failure) 504M->417M(787M) 43.001ms
[151.895s][info][gc,cpu         ] GC(468) User=0.09s Sys=0.00s Real=0.05s
[151.992s][info][gc,start       ] GC(469) Pause Young (Allocation Failure)
[152.050s][info][gc,heap        ] GC(469) PSYoungGen: 137739K(138240K)->42507K(218624K) Eden: 111616K(111616K)->0K(116224K) From: 26123K(26624K)->42507K(102400K)
[152.050s][info][gc,heap        ] GC(469) ParOldGen: 401200K(667648K)->401200K(667648K)
[152.050s][info][gc,metaspace   ] GC(469) Metaspace: 18280K(18432K)->18280K(18432K) NonClass: 16451K(16576K)->16451K(16576K) Class: 1828K(1856K)->1828K(1856K)
[152.050s][info][gc             ] GC(469) Pause Young (Allocation Failure) 526M->433M(865M) 57.392ms
[152.050s][info][gc,cpu         ] GC(469) User=0.11s Sys=0.00s Real=0.06s
[152.163s][info][gc,start       ] GC(470) Pause Young (Allocation Failure)
[152.231s][info][gc,heap        ] GC(470) PSYoungGen: 158731K(218624K)->55083K(218112K) Eden: 116224K(116224K)->0K(116224K) From: 42507K(102400K)->55083K(101888K)
[152.231s][info][gc,heap        ] GC(470) ParOldGen: 401200K(667648K)->401200K(667648K)
[152.231s][info][gc,metaspace   ] GC(470) Metaspace: 18280K(18432K)->18280K(18432K) NonClass: 16451K(16576K)->16451K(16576K) Class: 1828K(1856K)->1828K(1856K)
[152.231s][info][gc             ] GC(470) Pause Young (Allocation Failure) 546M->445M(865M) 68.288ms
[152.231s][info][gc,cpu         ] GC(470) User=0.13s Sys=0.00s Real=0.07s
[152.302s][info][gc,start       ] GC(471) Pause Young (Allocation Failure)
[152.375s][info][gc,heap        ] GC(471) PSYoungGen: 171307K(218112K)->59211K(220160K) Eden: 116224K(116224K)->0K(114688K) From: 55083K(101888K)->59211K(105472K)
[152.375s][info][gc,heap        ] GC(471) ParOldGen: 401200K(667648K)->401200K(667648K)
[152.375s][info][gc,metaspace   ] GC(471) Metaspace: 18280K(18432K)->18280K(18432K) NonClass: 16451K(16576K)->16451K(16576K) Class: 1828K(1856K)->1828K(1856K)
[152.375s][info][gc             ] GC(471) Pause Young (Allocation Failure) 559M->449M(867M) 72.479ms
[152.375s][info][gc,cpu         ] GC(471) User=0.15s Sys=0.00s Real=0.08s
[152.467s][info][gc,start       ] GC(472) Pause Young (Allocation Failure)
[152.540s][info][gc,heap        ] GC(472) PSYoungGen: 173899K(220160K)->60555K(175616K) Eden: 114688K(114688K)->0K(114688K) From: 59211K(105472K)->60555K(60928K)
[152.540s][info][gc,heap        ] GC(472) ParOldGen: 401200K(667648K)->401200K(667648K)
[152.540s][info][gc,metaspace   ] GC(472) Metaspace: 18280K(18432K)->18280K(18432K) NonClass: 16451K(16576K)->16451K(16576K) Class: 1828K(1856K)->1828K(1856K)
[152.540s][info][gc             ] GC(472) Pause Young (Allocation Failure) 561M->450M(823M) 73.088ms
[152.540s][info][gc,cpu         ] GC(472) User=0.14s Sys=0.00s Real=0.07s
[152.636s][info][gc,start       ] GC(473) Pause Young (Allocation Failure)
[152.709s][info][gc,heap        ] GC(473) PSYoungGen: 175243K(175616K)->34592K(228864K) Eden: 114688K(114688K)->0K(117760K) From: 60555K(60928K)->34592K(111104K)
[152.709s][info][gc,heap        ] GC(473) ParOldGen: 401200K(667648K)->427383K(667648K)
[152.709s][info][gc,metaspace   ] GC(473) Metaspace: 18280K(18432K)->18280K(18432K) NonClass: 16451K(16576K)->16451K(16576K) Class: 1828K(1856K)->1828K(1856K)
[152.709s][info][gc             ] GC(473) Pause Young (Allocation Failure) 562M->451M(875M) 73.539ms
[152.709s][info][gc,cpu         ] GC(473) User=0.15s Sys=0.00s Real=0.07s
[152.821s][info][gc,start       ] GC(474) Pause Young (Allocation Failure)
[152.858s][info][gc,heap        ] GC(474) PSYoungGen: 152352K(228864K)->38240K(156160K) Eden: 117760K(117760K)->0K(117760K) From: 34592K(111104K)->38240K(38400K)
[152.858s][info][gc,heap        ] GC(474) ParOldGen: 427383K(667648K)->427383K(667648K)
[152.858s][info][gc,metaspace   ] GC(474) Metaspace: 18280K(18432K)->18280K(18432K) NonClass: 16451K(16576K)->16451K(16576K) Class: 1828K(1856K)->1828K(1856K)
[152.858s][info][gc             ] GC(474) Pause Young (Allocation Failure) 566M->454M(804M) 36.749ms
[152.858s][info][gc,cpu         ] GC(474) User=0.07s Sys=0.00s Real=0.04s
[152.947s][info][gc,start       ] GC(475) Pause Young (Allocation Failure)
[152.986s][info][gc,heap        ] GC(475) PSYoungGen: 156000K(156160K)->38240K(221696K) Eden: 117760K(117760K)->0K(122880K) From: 38240K(38400K)->38240K(98816K)
[152.986s][info][gc,heap        ] GC(475) ParOldGen: 427383K(667648K)->427383K(667648K)
[152.987s][info][gc,metaspace   ] GC(475) Metaspace: 18280K(18432K)->18280K(18432K) NonClass: 16451K(16576K)->16451K(16576K) Class: 1828K(1856K)->1828K(1856K)
[152.987s][info][gc             ] GC(475) Pause Young (Allocation Failure) 569M->454M(868M) 39.836ms
[152.987s][info][gc,cpu         ] GC(475) User=0.08s Sys=0.01s Real=0.04s
[153.137s][info][gc,start       ] GC(476) Pause Young (Allocation Failure)
[153.189s][info][gc,heap        ] GC(476) PSYoungGen: 161120K(221696K)->49488K(217600K) Eden: 122880K(122880K)->0K(122880K) From: 38240K(98816K)->49488K(94720K)
[153.190s][info][gc,heap        ] GC(476) ParOldGen: 427383K(667648K)->427383K(667648K)
[153.190s][info][gc,metaspace   ] GC(476) Metaspace: 18280K(18432K)->18280K(18432K) NonClass: 16451K(16576K)->16451K(16576K) Class: 1828K(1856K)->1828K(1856K)
[153.190s][info][gc             ] GC(476) Pause Young (Allocation Failure) 574M->465M(864M) 52.464ms
[153.190s][info][gc,cpu         ] GC(476) User=0.10s Sys=0.00s Real=0.05s
[153.293s][info][gc,start       ] GC(477) Pause Young (Allocation Failure)
[153.354s][info][gc,heap        ] GC(477) PSYoungGen: 172368K(217600K)->63504K(222208K) Eden: 122880K(122880K)->0K(128000K) From: 49488K(94720K)->63504K(94208K)
[153.354s][info][gc,heap        ] GC(477) ParOldGen: 427383K(667648K)->427383K(667648K)
[153.354s][info][gc,metaspace   ] GC(477) Metaspace: 18280K(18432K)->18280K(18432K) NonClass: 16451K(16576K)->16451K(16576K) Class: 1828K(1856K)->1828K(1856K)
[153.354s][info][gc             ] GC(477) Pause Young (Allocation Failure) 585M->479M(869M) 61.029ms
[153.354s][info][gc,cpu         ] GC(477) User=0.12s Sys=0.00s Real=0.07s
[153.582s][info][gc,start       ] GC(478) Pause Young (Allocation Failure)
[153.640s][info][gc,heap        ] GC(478) PSYoungGen: 191504K(222208K)->63504K(226816K) Eden: 128000K(128000K)->0K(128000K) From: 63504K(94208K)->63504K(98816K)
[153.640s][info][gc,heap        ] GC(478) ParOldGen: 427383K(667648K)->427383K(667648K)
[153.641s][info][gc,metaspace   ] GC(478) Metaspace: 18280K(18432K)->18280K(18432K) NonClass: 16451K(16576K)->16451K(16576K) Class: 1828K(1856K)->1828K(1856K)
[153.641s][info][gc             ] GC(478) Pause Young (Allocation Failure) 604M->479M(873M) 58.697ms
[153.641s][info][gc,cpu         ] GC(478) User=0.12s Sys=0.00s Real=0.06s
[153.851s][info][gc,start       ] GC(479) Pause Young (Allocation Failure)
[153.909s][info][gc,heap        ] GC(479) PSYoungGen: 191504K(226816K)->63616K(227840K) Eden: 128000K(128000K)->0K(125952K) From: 63504K(98816K)->63616K(101888K)
[153.909s][info][gc,heap        ] GC(479) ParOldGen: 427383K(667648K)->427383K(667648K)
[153.909s][info][gc,metaspace   ] GC(479) Metaspace: 18280K(18432K)->18280K(18432K) NonClass: 16451K(16576K)->16451K(16576K) Class: 1828K(1856K)->1828K(1856K)
[153.909s][info][gc             ] GC(479) Pause Young (Allocation Failure) 604M->479M(874M) 58.185ms
[153.909s][info][gc,cpu         ] GC(479) User=0.12s Sys=0.00s Real=0.06s
[154.072s][info][gc,start       ] GC(480) Pause Young (Allocation Failure)
[154.151s][info][gc,heap        ] GC(480) PSYoungGen: 189568K(227840K)->77104K(203264K) Eden: 125952K(125952K)->0K(125952K) From: 63616K(101888K)->77104K(77312K)
[154.151s][info][gc,heap        ] GC(480) ParOldGen: 427383K(667648K)->427383K(667648K)
[154.151s][info][gc,metaspace   ] GC(480) Metaspace: 18280K(18432K)->18280K(18432K) NonClass: 16451K(16576K)->16451K(16576K) Class: 1828K(1856K)->1828K(1856K)
[154.152s][info][gc             ] GC(480) Pause Young (Allocation Failure) 602M->492M(850M) 79.180ms
[154.152s][info][gc,cpu         ] GC(480) User=0.16s Sys=0.00s Real=0.08s
[154.296s][info][gc,start       ] GC(481) Pause Young (Allocation Failure)
[154.392s][info][gc,heap        ] GC(481) PSYoungGen: 203056K(203264K)->99984K(222208K) Eden: 125952K(125952K)->0K(111616K) From: 77104K(77312K)->99984K(110592K)
[154.392s][info][gc,heap        ] GC(481) ParOldGen: 427383K(667648K)->427383K(667648K)
[154.392s][info][gc,metaspace   ] GC(481) Metaspace: 18280K(18432K)->18280K(18432K) NonClass: 16451K(16576K)->16451K(16576K) Class: 1828K(1856K)->1828K(1856K)
[154.392s][info][gc             ] GC(481) Pause Young (Allocation Failure) 615M->515M(869M) 96.009ms
[154.392s][info][gc,cpu         ] GC(481) User=0.18s Sys=0.00s Real=0.09s
[154.503s][info][gc,start       ] GC(482) Pause Young (Allocation Failure)
[154.603s][info][gc,heap        ] GC(482) PSYoungGen: 211600K(222208K)->78720K(222720K) Eden: 111616K(111616K)->0K(111616K) From: 99984K(110592K)->78720K(111104K)
[154.603s][info][gc,heap        ] GC(482) ParOldGen: 427383K(667648K)->456439K(667648K)
[154.603s][info][gc,metaspace   ] GC(482) Metaspace: 18280K(18432K)->18280K(18432K) NonClass: 16451K(16576K)->16451K(16576K) Class: 1828K(1856K)->1828K(1856K)
[154.603s][info][gc             ] GC(482) Pause Young (Allocation Failure) 624M->522M(869M) 99.996ms
[154.603s][info][gc,cpu         ] GC(482) User=0.20s Sys=0.00s Real=0.10s
[154.692s][info][gc,start       ] GC(483) Pause Young (Allocation Failure)
[154.768s][info][gc,heap        ] GC(483) PSYoungGen: 190336K(222720K)->73936K(222720K) Eden: 111616K(111616K)->0K(111616K) From: 78720K(111104K)->73936K(111104K)
[154.768s][info][gc,heap        ] GC(483) ParOldGen: 456439K(667648K)->461935K(667648K)
[154.768s][info][gc,metaspace   ] GC(483) Metaspace: 18280K(18432K)->18280K(18432K) NonClass: 16451K(16576K)->16451K(16576K) Class: 1828K(1856K)->1828K(1856K)
[154.768s][info][gc             ] GC(483) Pause Young (Allocation Failure) 631M->523M(869M) 75.726ms
[154.768s][info][gc,cpu         ] GC(483) User=0.15s Sys=0.00s Real=0.08s
[154.882s][info][gc,start       ] GC(484) Pause Young (Allocation Failure)
[154.953s][info][gc,heap        ] GC(484) PSYoungGen: 185552K(222720K)->72064K(222720K) Eden: 111616K(111616K)->0K(111616K) From: 73936K(111104K)->72064K(111104K)
[154.953s][info][gc,heap        ] GC(484) ParOldGen: 461935K(667648K)->465743K(667648K)
[154.953s][info][gc,metaspace   ] GC(484) Metaspace: 18280K(18432K)->18280K(18432K) NonClass: 16451K(16576K)->16451K(16576K) Class: 1828K(1856K)->1828K(1856K)
[154.953s][info][gc             ] GC(484) Pause Young (Allocation Failure) 632M->525M(869M) 70.866ms
[154.953s][info][gc,cpu         ] GC(484) User=0.14s Sys=0.00s Real=0.07s
[155.064s][info][gc,start       ] GC(485) Pause Young (Allocation Failure)
[155.136s][info][gc,heap        ] GC(485) PSYoungGen: 183680K(222720K)->65408K(222720K) Eden: 111616K(111616K)->0K(111616K) From: 72064K(111104K)->65408K(111104K)
[155.136s][info][gc,heap        ] GC(485) ParOldGen: 465743K(667648K)->477016K(667648K)
[155.136s][info][gc,metaspace   ] GC(485) Metaspace: 18280K(18432K)->18280K(18432K) NonClass: 16451K(16576K)->16451K(16576K) Class: 1828K(1856K)->1828K(1856K)
[155.136s][info][gc             ] GC(485) Pause Young (Allocation Failure) 634M->529M(869M) 71.498ms
[155.136s][info][gc,cpu         ] GC(485) User=0.14s Sys=0.00s Real=0.07s
[155.235s][info][gc,start       ] GC(486) Pause Young (Allocation Failure)
[155.296s][info][gc,heap        ] GC(486) PSYoungGen: 177024K(222720K)->51424K(222720K) Eden: 111616K(111616K)->0K(111616K) From: 65408K(111104K)->51424K(111104K)
[155.296s][info][gc,heap        ] GC(486) ParOldGen: 477016K(667648K)->491096K(667648K)
[155.296s][info][gc,metaspace   ] GC(486) Metaspace: 18280K(18432K)->18280K(18432K) NonClass: 16451K(16576K)->16451K(16576K) Class: 1828K(1856K)->1828K(1856K)
[155.296s][info][gc             ] GC(486) Pause Young (Allocation Failure) 638M->529M(869M) 61.470ms
[155.296s][info][gc,cpu         ] GC(486) User=0.13s Sys=0.00s Real=0.06s
[155.372s][info][gc,start       ] GC(487) Pause Young (Allocation Failure)
[155.420s][info][gc,heap        ] GC(487) PSYoungGen: 163040K(222720K)->37824K(222720K) Eden: 111616K(111616K)->0K(111616K) From: 51424K(111104K)->37824K(111104K)
[155.420s][info][gc,heap        ] GC(487) ParOldGen: 491096K(667648K)->504752K(667648K)
[155.420s][info][gc,metaspace   ] GC(487) Metaspace: 18280K(18432K)->18280K(18432K) NonClass: 16451K(16576K)->16451K(16576K) Class: 1828K(1856K)->1828K(1856K)
[155.420s][info][gc             ] GC(487) Pause Young (Allocation Failure) 638M->529M(869M) 48.179ms
[155.420s][info][gc,cpu         ] GC(487) User=0.09s Sys=0.00s Real=0.05s
[155.587s][info][gc,start       ] GC(488) Pause Young (Allocation Failure)
[155.634s][info][gc,heap        ] GC(488) PSYoungGen: 149440K(222720K)->17536K(222720K) Eden: 111616K(111616K)->0K(111616K) From: 37824K(111104K)->17536K(111104K)
[155.634s][info][gc,heap        ] GC(488) ParOldGen: 504752K(667648K)->535416K(667648K)
[155.634s][info][gc,metaspace   ] GC(488) Metaspace: 18280K(18432K)->18280K(18432K) NonClass: 16451K(16576K)->16451K(16576K) Class: 1828K(1856K)->1828K(1856K)
[155.634s][info][gc             ] GC(488) Pause Young (Allocation Failure) 638M->539M(869M) 47.015ms
[155.634s][info][gc,cpu         ] GC(488) User=0.09s Sys=0.00s Real=0.05s
[155.798s][info][gc,start       ] GC(489) Pause Young (Allocation Failure)
[155.823s][info][gc,heap        ] GC(489) PSYoungGen: 129152K(222720K)->21120K(222720K) Eden: 111616K(111616K)->0K(111616K) From: 17536K(111104K)->21120K(111104K)
[155.823s][info][gc,heap        ] GC(489) ParOldGen: 535416K(667648K)->538040K(667648K)
[155.823s][info][gc,metaspace   ] GC(489) Metaspace: 18280K(18432K)->18280K(18432K) NonClass: 16451K(16576K)->16451K(16576K) Class: 1828K(1856K)->1828K(1856K)
[155.823s][info][gc             ] GC(489) Pause Young (Allocation Failure) 648M->546M(869M) 24.637ms
[155.823s][info][gc,cpu         ] GC(489) User=0.05s Sys=0.00s Real=0.02s
[156.150s][info][gc,start       ] GC(490) Pause Young (Allocation Failure)
[156.172s][info][gc,heap        ] GC(490) PSYoungGen: 132736K(222720K)->16576K(222720K) Eden: 111616K(111616K)->0K(111616K) From: 21120K(111104K)->16576K(111104K)
[156.172s][info][gc,heap        ] GC(490) ParOldGen: 538040K(667648K)->542664K(667648K)
[156.172s][info][gc,metaspace   ] GC(490) Metaspace: 18280K(18432K)->18280K(18432K) NonClass: 16451K(16576K)->16451K(16576K) Class: 1828K(1856K)->1828K(1856K)
[156.172s][info][gc             ] GC(490) Pause Young (Allocation Failure) 655M->546M(869M) 22.071ms
[156.172s][info][gc,cpu         ] GC(490) User=0.05s Sys=0.00s Real=0.02s
[156.422s][info][gc,start       ] GC(491) Pause Young (Allocation Failure)
[156.440s][info][gc,heap        ] GC(491) PSYoungGen: 128192K(222720K)->6816K(222720K) Eden: 111616K(111616K)->0K(111616K) From: 16576K(111104K)->6816K(111104K)
[156.440s][info][gc,heap        ] GC(491) ParOldGen: 542664K(667648K)->552960K(667648K)
[156.440s][info][gc,metaspace   ] GC(491) Metaspace: 18280K(18432K)->18280K(18432K) NonClass: 16451K(16576K)->16451K(16576K) Class: 1828K(1856K)->1828K(1856K)
[156.440s][info][gc             ] GC(491) Pause Young (Allocation Failure) 655M->546M(869M) 17.961ms
[156.440s][info][gc,cpu         ] GC(491) User=0.03s Sys=0.00s Real=0.02s
[156.696s][info][gc,start       ] GC(492) Pause Young (Allocation Failure)
[156.704s][info][gc,heap        ] GC(492) PSYoungGen: 118432K(222720K)->272K(222720K) Eden: 111616K(111616K)->0K(111616K) From: 6816K(111104K)->272K(111104K)
[156.704s][info][gc,heap        ] GC(492) ParOldGen: 552960K(667648K)->559256K(667648K)
[156.704s][info][gc,metaspace   ] GC(492) Metaspace: 18280K(18432K)->18280K(18432K) NonClass: 16451K(16576K)->16451K(16576K) Class: 1828K(1856K)->1828K(1856K)
[156.704s][info][gc             ] GC(492) Pause Young (Allocation Failure) 655M->546M(869M) 8.506ms
[156.704s][info][gc,cpu         ] GC(492) User=0.01s Sys=0.00s Real=0.01s
[156.915s][info][gc,start       ] GC(493) Pause Young (Allocation Failure)
[156.918s][info][gc,heap        ] GC(493) PSYoungGen: 111888K(222720K)->256K(222720K) Eden: 111616K(111616K)->0K(111616K) From: 272K(111104K)->256K(111104K)
[156.918s][info][gc,heap        ] GC(493) ParOldGen: 559256K(667648K)->559497K(667648K)
[156.918s][info][gc,metaspace   ] GC(493) Metaspace: 18280K(18432K)->18280K(18432K) NonClass: 16451K(16576K)->16451K(16576K) Class: 1828K(1856K)->1828K(1856K)
[156.918s][info][gc             ] GC(493) Pause Young (Allocation Failure) 655M->546M(869M) 3.249ms
[156.918s][info][gc,cpu         ] GC(493) User=0.01s Sys=0.00s Real=0.00s
[157.089s][info][gc,start       ] GC(494) Pause Young (Allocation Failure)
[157.107s][info][gc,heap        ] GC(494) PSYoungGen: 111872K(222720K)->21408K(133120K) Eden: 111616K(111616K)->0K(111616K) From: 256K(111104K)->21408K(21504K)
[157.107s][info][gc,heap        ] GC(494) ParOldGen: 559497K(667648K)->559729K(667648K)
[157.107s][info][gc,metaspace   ] GC(494) Metaspace: 18280K(18432K)->18280K(18432K) NonClass: 16452K(16576K)->16452K(16576K) Class: 1828K(1856K)->1828K(1856K)
[157.107s][info][gc             ] GC(494) Pause Young (Allocation Failure) 655M->567M(782M) 18.257ms
[157.107s][info][gc,cpu         ] GC(494) User=0.04s Sys=0.00s Real=0.02s
[157.176s][info][gc,start       ] GC(495) Pause Young (Allocation Failure)
[157.238s][info][gc,heap        ] GC(495) PSYoungGen: 133024K(133120K)->63296K(214528K) Eden: 111616K(111616K)->0K(108032K) From: 21408K(21504K)->63296K(106496K)
[157.239s][info][gc,heap        ] GC(495) ParOldGen: 559729K(667648K)->559729K(667648K)
[157.239s][info][gc,metaspace   ] GC(495) Metaspace: 18280K(18432K)->18280K(18432K) NonClass: 16452K(16576K)->16452K(16576K) Class: 1828K(1856K)->1828K(1856K)
[157.239s][info][gc             ] GC(495) Pause Young (Allocation Failure) 676M->608M(861M) 62.242ms
[157.239s][info][gc,cpu         ] GC(495) User=0.09s Sys=0.00s Real=0.06s
[157.295s][info][gc,start       ] GC(496) Pause Young (Allocation Failure)
[157.361s][info][gc,heap        ] GC(496) PSYoungGen: 171328K(214528K)->104160K(218112K) Eden: 108032K(108032K)->0K(108032K) From: 63296K(106496K)->104160K(110080K)
[157.361s][info][gc,heap        ] GC(496) ParOldGen: 559729K(667648K)->559729K(667648K)
[157.361s][info][gc,metaspace   ] GC(496) Metaspace: 18280K(18432K)->18280K(18432K) NonClass: 16452K(16576K)->16452K(16576K) Class: 1828K(1856K)->1828K(1856K)
[157.362s][info][gc             ] GC(496) Pause Young (Allocation Failure) 713M->648M(865M) 66.093ms
[157.362s][info][gc,cpu         ] GC(496) User=0.13s Sys=0.00s Real=0.06s
[157.436s][info][gc,start       ] GC(497) Pause Young (Allocation Failure)
[157.524s][info][gc,heap        ] GC(497) PSYoungGen: 212192K(218112K)->77984K(222720K) Eden: 108032K(108032K)->0K(111616K) From: 104160K(110080K)->77984K(111104K)
[157.524s][info][gc,heap        ] GC(497) ParOldGen: 559729K(667648K)->623745K(667648K)
[157.524s][info][gc,metaspace   ] GC(497) Metaspace: 18281K(18432K)->18281K(18432K) NonClass: 16453K(16576K)->16453K(16576K) Class: 1828K(1856K)->1828K(1856K)
[157.524s][info][gc             ] GC(497) Pause Young (Allocation Failure) 753M->685M(869M) 88.176ms
[157.524s][info][gc,cpu         ] GC(497) User=0.18s Sys=0.00s Real=0.09s
[157.699s][info][gc,start       ] GC(498) Pause Full (Allocation Failure)
[157.699s][info][gc,phases,start] GC(498) Marking Phase
[158.065s][info][gc,phases      ] GC(498) Marking Phase 366.733ms
[158.065s][info][gc,phases,start] GC(498) Summary Phase
[158.065s][info][gc,phases      ] GC(498) Summary Phase 0.029ms
[158.065s][info][gc,phases,start] GC(498) Forward
[158.190s][info][gc,phases      ] GC(498) Forward 125.042ms
[158.191s][info][gc,phases,start] GC(498) Adjust Pointers
[158.469s][info][gc,phases      ] GC(498) Adjust Pointers 278.597ms
[158.469s][info][gc,phases,start] GC(498) Compaction Phase
[158.645s][info][gc,phases      ] GC(498) Compaction Phase 175.958ms
[158.652s][info][gc,phases,start] GC(498) Post Compact
[158.654s][info][gc,phases      ] GC(498) Post Compact 2.437ms
[158.654s][info][gc,heap        ] GC(498) PSYoungGen: 189600K(222720K)->0K(222720K) Eden: 111616K(111616K)->0K(111616K) From: 77984K(111104K)->0K(111104K)
[158.654s][info][gc,heap        ] GC(498) ParOldGen: 623745K(667648K)->573474K(667648K)
[158.654s][info][gc,metaspace   ] GC(498) Metaspace: 18281K(18432K)->18281K(18432K) NonClass: 16453K(16576K)->16453K(16576K) Class: 1828K(1856K)->1828K(1856K)
[158.654s][info][gc             ] GC(498) Pause Full (Allocation Failure) 794M->560M(869M) 955.666ms
[158.654s][info][gc,cpu         ] GC(498) User=1.81s Sys=0.00s Real=0.96s
[158.894s][info][gc,start       ] GC(499) Pause Young (Allocation Failure)
[158.923s][info][gc,heap        ] GC(499) PSYoungGen: 111616K(222720K)->33376K(222720K) Eden: 111616K(111616K)->0K(111616K) From: 0K(111104K)->33376K(111104K)
[158.923s][info][gc,heap        ] GC(499) ParOldGen: 573474K(667648K)->573474K(667648K)
[158.923s][info][gc,metaspace   ] GC(499) Metaspace: 18281K(18432K)->18281K(18432K) NonClass: 16453K(16576K)->16453K(16576K) Class: 1828K(1856K)->1828K(1856K)
[158.923s][info][gc             ] GC(499) Pause Young (Allocation Failure) 669M->592M(869M) 28.965ms
[158.923s][info][gc,cpu         ] GC(499) User=0.06s Sys=0.00s Real=0.02s
[159.068s][info][gc,start       ] GC(500) Pause Young (Allocation Failure)
[159.123s][info][gc,heap        ] GC(500) PSYoungGen: 144992K(222720K)->17024K(222720K) Eden: 111616K(111616K)->0K(111616K) From: 33376K(111104K)->17024K(111104K)
[159.123s][info][gc,heap        ] GC(500) ParOldGen: 573474K(667648K)->607190K(667648K)
[159.123s][info][gc,metaspace   ] GC(500) Metaspace: 18281K(18432K)->18281K(18432K) NonClass: 16453K(16576K)->16453K(16576K) Class: 1828K(1856K)->1828K(1856K)
[159.123s][info][gc             ] GC(500) Pause Young (Allocation Failure) 701M->609M(869M) 55.031ms
[159.123s][info][gc,cpu         ] GC(500) User=0.11s Sys=0.00s Real=0.05s
[159.222s][info][gc,start       ] GC(501) Pause Young (Allocation Failure)
[159.263s][info][gc,heap        ] GC(501) PSYoungGen: 128640K(222720K)->2400K(222720K) Eden: 111616K(111616K)->0K(111616K) From: 17024K(111104K)->2400K(111104K)
[159.263s][info][gc,heap        ] GC(501) ParOldGen: 607190K(667648K)->624254K(667648K)
[159.263s][info][gc,metaspace   ] GC(501) Metaspace: 18281K(18432K)->18281K(18432K) NonClass: 16453K(16576K)->16453K(16576K) Class: 1828K(1856K)->1828K(1856K)
[159.263s][info][gc             ] GC(501) Pause Young (Allocation Failure) 718M->611M(869M) 40.835ms
[159.263s][info][gc,cpu         ] GC(501) User=0.08s Sys=0.00s Real=0.04s
[159.394s][info][gc,start       ] GC(502) Pause Full (Allocation Failure)
[159.394s][info][gc,phases,start] GC(502) Marking Phase
[159.685s][info][gc,phases      ] GC(502) Marking Phase 290.801ms
[159.685s][info][gc,phases,start] GC(502) Summary Phase
[159.685s][info][gc,phases      ] GC(502) Summary Phase 0.029ms
[159.685s][info][gc,phases,start] GC(502) Forward
[159.782s][info][gc,phases      ] GC(502) Forward 97.505ms
[159.782s][info][gc,phases,start] GC(502) Adjust Pointers
[160.012s][info][gc,phases      ] GC(502) Adjust Pointers 230.058ms
[160.012s][info][gc,phases,start] GC(502) Compaction Phase
[160.148s][info][gc,phases      ] GC(502) Compaction Phase 134.993ms
[160.156s][info][gc,phases,start] GC(502) Post Compact
[160.158s][info][gc,phases      ] GC(502) Post Compact 2.269ms
[160.158s][info][gc,heap        ] GC(502) PSYoungGen: 114016K(222720K)->0K(222720K) Eden: 111616K(111616K)->0K(111616K) From: 2400K(111104K)->0K(111104K)
[160.159s][info][gc,heap        ] GC(502) ParOldGen: 624254K(667648K)->472598K(667648K)
[160.159s][info][gc,metaspace   ] GC(502) Metaspace: 18281K(18432K)->18281K(18432K) NonClass: 16453K(16576K)->16453K(16576K) Class: 1828K(1856K)->1828K(1856K)
[160.159s][info][gc             ] GC(502) Pause Full (Allocation Failure) 720M->461M(869M) 764.752ms
[160.159s][info][gc,cpu         ] GC(502) User=1.44s Sys=0.01s Real=0.76s
[160.306s][info][gc,start       ] GC(503) Pause Young (Allocation Failure)
[160.337s][info][gc,heap        ] GC(503) PSYoungGen: 111616K(222720K)->19360K(222720K) Eden: 111616K(111616K)->0K(111616K) From: 0K(111104K)->19360K(111104K)
[160.337s][info][gc,heap        ] GC(503) ParOldGen: 472598K(667648K)->472598K(667648K)
[160.337s][info][gc,metaspace   ] GC(503) Metaspace: 18281K(18432K)->18281K(18432K) NonClass: 16453K(16576K)->16453K(16576K) Class: 1828K(1856K)->1828K(1856K)
[160.337s][info][gc             ] GC(503) Pause Young (Allocation Failure) 570M->480M(869M) 31.548ms
[160.337s][info][gc,cpu         ] GC(503) User=0.07s Sys=0.00s Real=0.03s
[160.483s][info][gc,start       ] GC(504) Pause Young (Allocation Failure)
[160.511s][info][gc,heap        ] GC(504) PSYoungGen: 130976K(222720K)->32K(222720K) Eden: 111616K(111616K)->0K(111616K) From: 19360K(111104K)->32K(111104K)
[160.511s][info][gc,heap        ] GC(504) ParOldGen: 472598K(667648K)->491958K(667648K)
[160.511s][info][gc,metaspace   ] GC(504) Metaspace: 18281K(18432K)->18281K(18432K) NonClass: 16453K(16576K)->16453K(16576K) Class: 1828K(1856K)->1828K(1856K)
[160.511s][info][gc             ] GC(504) Pause Young (Allocation Failure) 589M->480M(869M) 27.750ms
[160.511s][info][gc,cpu         ] GC(504) User=0.06s Sys=0.00s Real=0.03s
[160.653s][info][gc,start       ] GC(505) Pause Young (Allocation Failure)
[160.654s][info][gc,heap        ] GC(505) PSYoungGen: 111648K(222720K)->64K(222720K) Eden: 111616K(111616K)->0K(111616K) From: 32K(111104K)->64K(111104K)
[160.654s][info][gc,heap        ] GC(505) ParOldGen: 491958K(667648K)->491958K(667648K)
[160.654s][info][gc,metaspace   ] GC(505) Metaspace: 18281K(18432K)->18281K(18432K) NonClass: 16453K(16576K)->16453K(16576K) Class: 1828K(1856K)->1828K(1856K)
[160.655s][info][gc             ] GC(505) Pause Young (Allocation Failure) 589M->480M(869M) 1.601ms
[160.655s][info][gc,cpu         ] GC(505) User=0.00s Sys=0.00s Real=0.01s
[160.793s][info][gc,start       ] GC(506) Pause Young (Allocation Failure)
[160.794s][info][gc,heap        ] GC(506) PSYoungGen: 111680K(222720K)->64K(112128K) Eden: 111616K(111616K)->0K(111616K) From: 64K(111104K)->64K(512K)
[160.794s][info][gc,heap        ] GC(506) ParOldGen: 491958K(667648K)->491966K(667648K)
[160.794s][info][gc,metaspace   ] GC(506) Metaspace: 18281K(18432K)->18281K(18432K) NonClass: 16453K(16576K)->16453K(16576K) Class: 1828K(1856K)->1828K(1856K)
[160.794s][info][gc             ] GC(506) Pause Young (Allocation Failure) 589M->480M(761M) 1.673ms
[160.794s][info][gc,cpu         ] GC(506) User=0.01s Sys=0.00s Real=0.01s
[160.931s][info][gc,start       ] GC(507) Pause Young (Allocation Failure)
[160.933s][info][gc,heap        ] GC(507) PSYoungGen: 111680K(112128K)->64K(220672K) Eden: 111616K(111616K)->0K(115200K) From: 64K(512K)->64K(105472K)
[160.933s][info][gc,heap        ] GC(507) ParOldGen: 491966K(667648K)->491966K(667648K)
[160.933s][info][gc,metaspace   ] GC(507) Metaspace: 18281K(18432K)->18281K(18432K) NonClass: 16453K(16576K)->16453K(16576K) Class: 1828K(1856K)->1828K(1856K)
[160.933s][info][gc             ] GC(507) Pause Young (Allocation Failure) 589M->480M(867M) 1.685ms
[160.933s][info][gc,cpu         ] GC(507) User=0.00s Sys=0.00s Real=0.00s
[161.072s][info][gc,start       ] GC(508) Pause Young (Allocation Failure)
[161.074s][info][gc,heap        ] GC(508) PSYoungGen: 115264K(220672K)->64K(115712K) Eden: 115200K(115200K)->0K(115200K) From: 64K(105472K)->64K(512K)
[161.074s][info][gc,heap        ] GC(508) ParOldGen: 491966K(667648K)->491966K(667648K)
[161.074s][info][gc,metaspace   ] GC(508) Metaspace: 18281K(18432K)->18281K(18432K) NonClass: 16453K(16576K)->16453K(16576K) Class: 1828K(1856K)->1828K(1856K)
[161.074s][info][gc             ] GC(508) Pause Young (Allocation Failure) 592M->480M(765M) 1.873ms
[161.074s][info][gc,cpu         ] GC(508) User=0.00s Sys=0.00s Real=0.01s
[161.215s][info][gc,start       ] GC(509) Pause Young (Allocation Failure)
[161.217s][info][gc,heap        ] GC(509) PSYoungGen: 115264K(115712K)->64K(210432K) Eden: 115200K(115200K)->0K(118272K) From: 64K(512K)->64K(92160K)
[161.217s][info][gc,heap        ] GC(509) ParOldGen: 491966K(667648K)->491966K(667648K)
[161.217s][info][gc,metaspace   ] GC(509) Metaspace: 18281K(18432K)->18281K(18432K) NonClass: 16453K(16576K)->16453K(16576K) Class: 1828K(1856K)->1828K(1856K)
[161.217s][info][gc             ] GC(509) Pause Young (Allocation Failure) 592M->480M(857M) 2.254ms
[161.217s][info][gc,cpu         ] GC(509) User=0.00s Sys=0.00s Real=0.00s
[161.358s][info][gc,start       ] GC(510) Pause Young (Allocation Failure)
[161.361s][info][gc,heap        ] GC(510) PSYoungGen: 118336K(210432K)->64K(118784K) Eden: 118272K(118272K)->0K(118272K) From: 64K(92160K)->64K(512K)
[161.361s][info][gc,heap        ] GC(510) ParOldGen: 491966K(667648K)->491966K(667648K)
[161.361s][info][gc,metaspace   ] GC(510) Metaspace: 18281K(18432K)->18281K(18432K) NonClass: 16453K(16576K)->16453K(16576K) Class: 1828K(1856K)->1828K(1856K)
[161.361s][info][gc             ] GC(510) Pause Young (Allocation Failure) 595M->480M(768M) 3.046ms
[161.361s][info][gc,cpu         ] GC(510) User=0.01s Sys=0.00s Real=0.00s
[161.503s][info][gc,start       ] GC(511) Pause Young (Allocation Failure)
[161.505s][info][gc,heap        ] GC(511) PSYoungGen: 118336K(118784K)->64K(202752K) Eden: 118272K(118272K)->0K(120320K) From: 64K(512K)->64K(82432K)
[161.505s][info][gc,heap        ] GC(511) ParOldGen: 491966K(667648K)->491966K(667648K)
[161.505s][info][gc,metaspace   ] GC(511) Metaspace: 18281K(18432K)->18281K(18432K) NonClass: 16453K(16576K)->16453K(16576K) Class: 1828K(1856K)->1828K(1856K)
[161.505s][info][gc             ] GC(511) Pause Young (Allocation Failure) 595M->480M(850M) 2.378ms
[161.505s][info][gc,cpu         ] GC(511) User=0.00s Sys=0.00s Real=0.01s
[161.636s][info][gc,start       ] GC(512) Pause Young (Allocation Failure)
[161.648s][info][gc,heap        ] GC(512) PSYoungGen: 120384K(202752K)->8736K(129536K) Eden: 120320K(120320K)->0K(120320K) From: 64K(82432K)->8736K(9216K)
[161.648s][info][gc,heap        ] GC(512) ParOldGen: 491966K(667648K)->491966K(667648K)
[161.648s][info][gc,metaspace   ] GC(512) Metaspace: 18281K(18432K)->18281K(18432K) NonClass: 16453K(16576K)->16453K(16576K) Class: 1828K(1856K)->1828K(1856K)
[161.648s][info][gc             ] GC(512) Pause Young (Allocation Failure) 597M->488M(778M) 11.807ms
[161.648s][info][gc,cpu         ] GC(512) User=0.02s Sys=0.00s Real=0.01s
[161.755s][info][gc,start       ] GC(513) Pause Young (Allocation Failure)
[161.776s][info][gc,heap        ] GC(513) PSYoungGen: 129056K(129536K)->20000K(196608K) Eden: 120320K(120320K)->0K(123904K) From: 8736K(9216K)->20000K(72704K)
[161.776s][info][gc,heap        ] GC(513) ParOldGen: 491966K(667648K)->491966K(667648K)
[161.776s][info][gc,metaspace   ] GC(513) Metaspace: 18281K(18432K)->18281K(18432K) NonClass: 16453K(16576K)->16453K(16576K) Class: 1828K(1856K)->1828K(1856K)
[161.776s][info][gc             ] GC(513) Pause Young (Allocation Failure) 606M->499M(844M) 21.818ms
[161.776s][info][gc,cpu         ] GC(513) User=0.04s Sys=0.00s Real=0.02s
[161.870s][info][gc,start       ] GC(514) Pause Young (Allocation Failure)
[161.901s][info][gc,heap        ] GC(514) PSYoungGen: 143904K(196608K)->32160K(200704K) Eden: 123904K(123904K)->0K(123904K) From: 20000K(72704K)->32160K(76800K)
[161.901s][info][gc,heap        ] GC(514) ParOldGen: 491966K(667648K)->491966K(667648K)
[161.901s][info][gc,metaspace   ] GC(514) Metaspace: 18281K(18432K)->18281K(18432K) NonClass: 16453K(16576K)->16453K(16576K) Class: 1828K(1856K)->1828K(1856K)
[161.901s][info][gc             ] GC(514) Pause Young (Allocation Failure) 620M->511M(848M) 31.239ms
[161.901s][info][gc,cpu         ] GC(514) User=0.06s Sys=0.00s Real=0.03s
[162.000s][info][gc,start       ] GC(515) Pause Young (Allocation Failure)
[162.032s][info][gc,heap        ] GC(515) PSYoungGen: 156064K(200704K)->33440K(205824K) Eden: 123904K(123904K)->0K(129024K) From: 32160K(76800K)->33440K(76800K)
[162.032s][info][gc,heap        ] GC(515) ParOldGen: 491966K(667648K)->491966K(667648K)
[162.032s][info][gc,metaspace   ] GC(515) Metaspace: 18281K(18432K)->18281K(18432K) NonClass: 16453K(16576K)->16453K(16576K) Class: 1828K(1856K)->1828K(1856K)
[162.032s][info][gc             ] GC(515) Pause Young (Allocation Failure) 632M->513M(853M) 32.119ms
[162.032s][info][gc,cpu         ] GC(515) User=0.06s Sys=0.00s Real=0.03s
[162.137s][info][gc,start       ] GC(516) Pause Young (Allocation Failure)
[162.171s][info][gc,heap        ] GC(516) PSYoungGen: 162464K(205824K)->35264K(206336K) Eden: 129024K(129024K)->0K(129024K) From: 33440K(76800K)->35264K(77312K)
[162.171s][info][gc,heap        ] GC(516) ParOldGen: 491966K(667648K)->491966K(667648K)
[162.171s][info][gc,metaspace   ] GC(516) Metaspace: 18281K(18432K)->18281K(18432K) NonClass: 16453K(16576K)->16453K(16576K) Class: 1828K(1856K)->1828K(1856K)
[162.171s][info][gc             ] GC(516) Pause Young (Allocation Failure) 639M->514M(853M) 33.669ms
[162.171s][info][gc,cpu         ] GC(516) User=0.07s Sys=0.00s Real=0.03s
[162.295s][info][gc,start       ] GC(517) Pause Young (Allocation Failure)
[162.335s][info][gc,heap        ] GC(517) PSYoungGen: 164288K(206336K)->39840K(212480K) Eden: 129024K(129024K)->0K(135168K) From: 35264K(77312K)->39840K(77312K)
[162.336s][info][gc,heap        ] GC(517) ParOldGen: 491966K(667648K)->491966K(667648K)
[162.336s][info][gc,metaspace   ] GC(517) Metaspace: 18281K(18432K)->18281K(18432K) NonClass: 16453K(16576K)->16453K(16576K) Class: 1828K(1856K)->1828K(1856K)
[162.336s][info][gc             ] GC(517) Pause Young (Allocation Failure) 640M->519M(859M) 41.007ms
[162.336s][info][gc,cpu         ] GC(517) User=0.08s Sys=0.00s Real=0.04s
[162.472s][info][gc,start       ] GC(518) Pause Young (Allocation Failure)
[162.514s][info][gc,heap        ] GC(518) PSYoungGen: 175008K(212480K)->44000K(214016K) Eden: 135168K(135168K)->0K(135168K) From: 39840K(77312K)->44000K(78848K)
[162.514s][info][gc,heap        ] GC(518) ParOldGen: 491966K(667648K)->491966K(667648K)
[162.514s][info][gc,metaspace   ] GC(518) Metaspace: 18281K(18432K)->18281K(18432K) NonClass: 16453K(16576K)->16453K(16576K) Class: 1828K(1856K)->1828K(1856K)
[162.514s][info][gc             ] GC(518) Pause Young (Allocation Failure) 651M->523M(861M) 41.972ms
[162.514s][info][gc,cpu         ] GC(518) User=0.08s Sys=0.00s Real=0.05s
[162.768s][info][gc,start       ] GC(519) Pause Young (Allocation Failure)
[162.810s][info][gc,heap        ] GC(519) PSYoungGen: 179168K(214016K)->44000K(223744K) Eden: 135168K(135168K)->0K(142336K) From: 44000K(78848K)->44000K(81408K)
[162.810s][info][gc,heap        ] GC(519) ParOldGen: 491966K(667648K)->491966K(667648K)
[162.810s][info][gc,metaspace   ] GC(519) Metaspace: 18281K(18432K)->18281K(18432K) NonClass: 16453K(16576K)->16453K(16576K) Class: 1828K(1856K)->1828K(1856K)
[162.810s][info][gc             ] GC(519) Pause Young (Allocation Failure) 655M->523M(870M) 41.789ms
[162.810s][info][gc,cpu         ] GC(519) User=0.09s Sys=0.00s Real=0.04s
[163.046s][info][gc,start       ] GC(520) Pause Young (Allocation Failure)
[163.092s][info][gc,heap        ] GC(520) PSYoungGen: 186336K(223744K)->44192K(225280K) Eden: 142336K(142336K)->0K(142336K) From: 44000K(81408K)->44192K(82944K)
[163.093s][info][gc,heap        ] GC(520) ParOldGen: 491966K(667648K)->491966K(667648K)
[163.093s][info][gc,metaspace   ] GC(520) Metaspace: 18281K(18432K)->18281K(18432K) NonClass: 16453K(16576K)->16453K(16576K) Class: 1828K(1856K)->1828K(1856K)
[163.093s][info][gc             ] GC(520) Pause Young (Allocation Failure) 662M->523M(872M) 46.422ms
[163.093s][info][gc,cpu         ] GC(520) User=0.10s Sys=0.00s Real=0.04s
[163.306s][info][gc,start       ] GC(521) Pause Young (Allocation Failure)
[163.348s][info][gc,heap        ] GC(521) PSYoungGen: 186528K(225280K)->44160K(235008K) Eden: 142336K(142336K)->0K(151040K) From: 44192K(82944K)->44160K(83968K)
[163.349s][info][gc,heap        ] GC(521) ParOldGen: 491966K(667648K)->491966K(667648K)
[163.349s][info][gc,metaspace   ] GC(521) Metaspace: 18281K(18432K)->18281K(18432K) NonClass: 16453K(16576K)->16453K(16576K) Class: 1828K(1856K)->1828K(1856K)
[163.349s][info][gc             ] GC(521) Pause Young (Allocation Failure) 662M->523M(881M) 42.581ms
[163.349s][info][gc,cpu         ] GC(521) User=0.08s Sys=0.01s Real=0.04s
[163.608s][info][gc,start       ] GC(522) Pause Young (Allocation Failure)
[163.655s][info][gc,heap        ] GC(522) PSYoungGen: 195200K(235008K)->44160K(235008K) Eden: 151040K(151040K)->0K(151040K) From: 44160K(83968K)->44160K(83968K)
[163.655s][info][gc,heap        ] GC(522) ParOldGen: 491966K(667648K)->491966K(667648K)
[163.655s][info][gc,metaspace   ] GC(522) Metaspace: 18281K(18432K)->18281K(18432K) NonClass: 16453K(16576K)->16453K(16576K) Class: 1828K(1856K)->1828K(1856K)
[163.655s][info][gc             ] GC(522) Pause Young (Allocation Failure) 671M->523M(881M) 47.190ms
[163.655s][info][gc,cpu         ] GC(522) User=0.09s Sys=0.00s Real=0.05s
[163.811s][info][gc,start       ] GC(523) Pause Young (Allocation Failure)
[163.876s][info][gc,heap        ] GC(523) PSYoungGen: 195200K(235008K)->58176K(239104K) Eden: 151040K(151040K)->0K(155136K) From: 44160K(83968K)->58176K(83968K)
[163.876s][info][gc,heap        ] GC(523) ParOldGen: 491966K(667648K)->491966K(667648K)
[163.876s][info][gc,metaspace   ] GC(523) Metaspace: 18281K(18432K)->18281K(18432K) NonClass: 16453K(16576K)->16453K(16576K) Class: 1828K(1856K)->1828K(1856K)
[163.876s][info][gc             ] GC(523) Pause Young (Allocation Failure) 671M->537M(885M) 64.656ms
[163.876s][info][gc,cpu         ] GC(523) User=0.11s Sys=0.01s Real=0.07s
[164.034s][info][gc,start       ] GC(524) Pause Young (Allocation Failure)
[164.099s][info][gc,heap        ] GC(524) PSYoungGen: 213312K(239104K)->72416K(227840K) Eden: 155136K(155136K)->0K(155136K) From: 58176K(83968K)->72416K(72704K)
[164.099s][info][gc,heap        ] GC(524) ParOldGen: 491966K(667648K)->491966K(667648K)
[164.099s][info][gc,metaspace   ] GC(524) Metaspace: 18281K(18432K)->18281K(18432K) NonClass: 16453K(16576K)->16453K(16576K) Class: 1828K(1856K)->1828K(1856K)
[164.099s][info][gc             ] GC(524) Pause Young (Allocation Failure) 688M->551M(874M) 64.629ms
[164.099s][info][gc,cpu         ] GC(524) User=0.12s Sys=0.00s Real=0.06s
[164.225s][info][gc,start       ] GC(525) Pause Young (Allocation Failure)
[164.336s][info][gc,heap        ] GC(525) PSYoungGen: 227552K(227840K)->97248K(208896K) Eden: 155136K(155136K)->0K(111616K) From: 72416K(72704K)->97248K(97280K)
[164.336s][info][gc,heap        ] GC(525) ParOldGen: 491966K(667648K)->510038K(667648K)
[164.336s][info][gc,metaspace   ] GC(525) Metaspace: 18282K(18432K)->18282K(18432K) NonClass: 16453K(16576K)->16453K(16576K) Class: 1828K(1856K)->1828K(1856K)
[164.336s][info][gc             ] GC(525) Pause Young (Allocation Failure) 702M->593M(856M) 111.236ms
[164.336s][info][gc,cpu         ] GC(525) User=0.21s Sys=0.02s Real=0.11s
[164.509s][info][gc,start       ] GC(526) Pause Young (Allocation Failure)
[164.603s][info][gc,heap        ] GC(526) PSYoungGen: 208864K(208896K)->97408K(222720K) Eden: 111616K(111616K)->0K(111616K) From: 97248K(97280K)->97408K(111104K)
[164.603s][info][gc,heap        ] GC(526) ParOldGen: 510038K(667648K)->518774K(667648K)
[164.603s][info][gc,metaspace   ] GC(526) Metaspace: 18282K(18432K)->18282K(18432K) NonClass: 16454K(16576K)->16454K(16576K) Class: 1828K(1856K)->1828K(1856K)
[164.603s][info][gc             ] GC(526) Pause Young (Allocation Failure) 702M->601M(869M) 93.492ms
[164.603s][info][gc,cpu         ] GC(526) User=0.19s Sys=0.00s Real=0.09s
[164.737s][info][gc,start       ] GC(527) Pause Young (Allocation Failure)
[164.837s][info][gc,heap        ] GC(527) PSYoungGen: 209024K(222720K)->79808K(222720K) Eden: 111616K(111616K)->0K(111616K) From: 97408K(111104K)->79808K(111104K)
[164.837s][info][gc,heap        ] GC(527) ParOldGen: 518774K(667648K)->542302K(667648K)
[164.837s][info][gc,metaspace   ] GC(527) Metaspace: 18282K(18432K)->18282K(18432K) NonClass: 16454K(16576K)->16454K(16576K) Class: 1828K(1856K)->1828K(1856K)
[164.837s][info][gc             ] GC(527) Pause Young (Allocation Failure) 710M->607M(869M) 99.771ms
[164.837s][info][gc,cpu         ] GC(527) User=0.20s Sys=0.00s Real=0.10s
[164.977s][info][gc,start       ] GC(528) Pause Young (Allocation Failure)
[165.056s][info][gc,heap        ] GC(528) PSYoungGen: 191424K(222720K)->76736K(222720K) Eden: 111616K(111616K)->0K(111616K) From: 79808K(111104K)->76736K(111104K)
[165.056s][info][gc,heap        ] GC(528) ParOldGen: 542302K(667648K)->545422K(667648K)
[165.056s][info][gc,metaspace   ] GC(528) Metaspace: 18282K(18432K)->18282K(18432K) NonClass: 16454K(16576K)->16454K(16576K) Class: 1828K(1856K)->1828K(1856K)
[165.056s][info][gc             ] GC(528) Pause Young (Allocation Failure) 716M->607M(869M) 78.746ms
[165.056s][info][gc,cpu         ] GC(528) User=0.16s Sys=0.00s Real=0.08s
[165.192s][info][gc,start       ] GC(529) Pause Young (Allocation Failure)
[165.270s][info][gc,heap        ] GC(529) PSYoungGen: 188352K(222720K)->68064K(222720K) Eden: 111616K(111616K)->0K(111616K) From: 76736K(111104K)->68064K(111104K)
[165.270s][info][gc,heap        ] GC(529) ParOldGen: 545422K(667648K)->554142K(667648K)
[165.270s][info][gc,metaspace   ] GC(529) Metaspace: 18282K(18432K)->18282K(18432K) NonClass: 16454K(16576K)->16454K(16576K) Class: 1828K(1856K)->1828K(1856K)
[165.270s][info][gc             ] GC(529) Pause Young (Allocation Failure) 716M->607M(869M) 77.323ms
[165.270s][info][gc,cpu         ] GC(529) User=0.15s Sys=0.00s Real=0.08s
[165.405s][info][gc,start       ] GC(530) Pause Young (Allocation Failure)
[165.473s][info][gc,heap        ] GC(530) PSYoungGen: 179680K(222720K)->67840K(222720K) Eden: 111616K(111616K)->0K(111616K) From: 68064K(111104K)->67840K(111104K)
[165.473s][info][gc,heap        ] GC(530) ParOldGen: 554142K(667648K)->554332K(667648K)
[165.473s][info][gc,metaspace   ] GC(530) Metaspace: 18282K(18432K)->18282K(18432K) NonClass: 16454K(16576K)->16454K(16576K) Class: 1828K(1856K)->1828K(1856K)
[165.473s][info][gc             ] GC(530) Pause Young (Allocation Failure) 716M->607M(869M) 68.172ms
[165.473s][info][gc,cpu         ] GC(530) User=0.13s Sys=0.00s Real=0.06s
[165.612s][info][gc,start       ] GC(531) Pause Young (Allocation Failure)
[165.680s][info][gc,heap        ] GC(531) PSYoungGen: 179456K(222720K)->67840K(222720K) Eden: 111616K(111616K)->0K(111616K) From: 67840K(111104K)->67840K(111104K)
[165.680s][info][gc,heap        ] GC(531) ParOldGen: 554332K(667648K)->554372K(667648K)
[165.680s][info][gc,metaspace   ] GC(531) Metaspace: 18282K(18432K)->18282K(18432K) NonClass: 16454K(16576K)->16454K(16576K) Class: 1828K(1856K)->1828K(1856K)
[165.680s][info][gc             ] GC(531) Pause Young (Allocation Failure) 716M->607M(869M) 68.114ms
[165.680s][info][gc,cpu         ] GC(531) User=0.13s Sys=0.00s Real=0.07s
[165.820s][info][gc,start       ] GC(532) Pause Young (Allocation Failure)
[165.887s][info][gc,heap        ] GC(532) PSYoungGen: 179456K(222720K)->39648K(222720K) Eden: 111616K(111616K)->0K(111616K) From: 67840K(111104K)->39648K(111104K)
[165.887s][info][gc,heap        ] GC(532) ParOldGen: 554372K(667648K)->582719K(667648K)
[165.887s][info][gc,metaspace   ] GC(532) Metaspace: 18282K(18432K)->18282K(18432K) NonClass: 16454K(16576K)->16454K(16576K) Class: 1828K(1856K)->1828K(1856K)
[165.887s][info][gc             ] GC(532) Pause Young (Allocation Failure) 716M->607M(869M) 66.368ms
[165.887s][info][gc,cpu         ] GC(532) User=0.13s Sys=0.00s Real=0.07s
[166.024s][info][gc,start       ] GC(533) Pause Young (Allocation Failure)
[166.066s][info][gc,heap        ] GC(533) PSYoungGen: 151264K(222720K)->6400K(222720K) Eden: 111616K(111616K)->0K(111616K) From: 39648K(111104K)->6400K(111104K)
[166.066s][info][gc,heap        ] GC(533) ParOldGen: 582719K(667648K)->616271K(667648K)
[166.066s][info][gc,metaspace   ] GC(533) Metaspace: 18282K(18432K)->18282K(18432K) NonClass: 16454K(16576K)->16454K(16576K) Class: 1828K(1856K)->1828K(1856K)
[166.066s][info][gc             ] GC(533) Pause Young (Allocation Failure) 716M->608M(869M) 41.991ms
[166.066s][info][gc,cpu         ] GC(533) User=0.08s Sys=0.00s Real=0.04s
[166.205s][info][gc,start       ] GC(534) Pause Young (Allocation Failure)
[166.214s][info][gc,heap        ] GC(534) PSYoungGen: 118016K(222720K)->32K(222720K) Eden: 111616K(111616K)->0K(111616K) From: 6400K(111104K)->32K(111104K)
[166.214s][info][gc,heap        ] GC(534) ParOldGen: 616271K(667648K)->622663K(667648K)
[166.214s][info][gc,metaspace   ] GC(534) Metaspace: 18282K(18432K)->18282K(18432K) NonClass: 16454K(16576K)->16454K(16576K) Class: 1828K(1856K)->1828K(1856K)
[166.214s][info][gc             ] GC(534) Pause Young (Allocation Failure) 717M->608M(869M) 9.096ms
[166.214s][info][gc,cpu         ] GC(534) User=0.02s Sys=0.00s Real=0.01s
[166.349s][info][gc,start       ] GC(535) Pause Young (Allocation Failure)
[166.351s][info][gc,heap        ] GC(535) PSYoungGen: 111648K(222720K)->64K(222720K) Eden: 111616K(111616K)->0K(111616K) From: 32K(111104K)->64K(111104K)
[166.351s][info][gc,heap        ] GC(535) ParOldGen: 622663K(667648K)->622663K(667648K)
[166.351s][info][gc,metaspace   ] GC(535) Metaspace: 18282K(18432K)->18282K(18432K) NonClass: 16454K(16576K)->16454K(16576K) Class: 1828K(1856K)->1828K(1856K)
[166.351s][info][gc             ] GC(535) Pause Young (Allocation Failure) 717M->608M(869M) 1.917ms
[166.351s][info][gc,cpu         ] GC(535) User=0.00s Sys=0.00s Real=0.00s
[166.457s][info][gc,start       ] GC(536) Pause Young (Allocation Failure)
[166.479s][info][gc,heap        ] GC(536) PSYoungGen: 111680K(222720K)->18432K(222720K) Eden: 111616K(111616K)->0K(111616K) From: 64K(111104K)->18432K(111104K)
[166.479s][info][gc,heap        ] GC(536) ParOldGen: 622663K(667648K)->622663K(667648K)
[166.479s][info][gc,metaspace   ] GC(536) Metaspace: 18282K(18432K)->18282K(18432K) NonClass: 16454K(16576K)->16454K(16576K) Class: 1828K(1856K)->1828K(1856K)
[166.479s][info][gc             ] GC(536) Pause Young (Allocation Failure) 717M->626M(869M) 22.671ms
[166.479s][info][gc,cpu         ] GC(536) User=0.05s Sys=0.00s Real=0.02s
[166.566s][info][gc,start       ] GC(537) Pause Young (Allocation Failure)
[166.608s][info][gc,heap        ] GC(537) PSYoungGen: 130048K(222720K)->40416K(222720K) Eden: 111616K(111616K)->0K(111616K) From: 18432K(111104K)->40416K(111104K)
[166.608s][info][gc,heap        ] GC(537) ParOldGen: 622663K(667648K)->622663K(667648K)
[166.608s][info][gc,metaspace   ] GC(537) Metaspace: 18282K(18432K)->18282K(18432K) NonClass: 16454K(16576K)->16454K(16576K) Class: 1828K(1856K)->1828K(1856K)
[166.608s][info][gc             ] GC(537) Pause Young (Allocation Failure) 735M->647M(869M) 42.071ms
[166.608s][info][gc,cpu         ] GC(537) User=0.08s Sys=0.00s Real=0.04s
[166.679s][info][gc,start       ] GC(538) Pause Young (Allocation Failure)
[166.742s][info][gc,heap        ] GC(538) PSYoungGen: 152032K(222720K)->45696K(157696K) Eden: 111616K(111616K)->0K(111616K) From: 40416K(111104K)->45696K(46080K)
[166.742s][info][gc,heap        ] GC(538) ParOldGen: 622663K(667648K)->641143K(667648K)
[166.742s][info][gc,metaspace   ] GC(538) Metaspace: 18282K(18432K)->18282K(18432K) NonClass: 16454K(16576K)->16454K(16576K) Class: 1828K(1856K)->1828K(1856K)
[166.742s][info][gc             ] GC(538) Pause Young (Allocation Failure) 756M->670M(806M) 63.754ms
[166.742s][info][gc,cpu         ] GC(538) User=0.13s Sys=0.00s Real=0.06s
[166.805s][info][gc,start       ] GC(539) Pause Full (Allocation Failure)
[166.806s][info][gc,phases,start] GC(539) Marking Phase
[167.049s][info][gc,phases      ] GC(539) Marking Phase 243.152ms
[167.049s][info][gc,phases,start] GC(539) Summary Phase
[167.049s][info][gc,phases      ] GC(539) Summary Phase 0.028ms
[167.049s][info][gc,phases,start] GC(539) Forward
[167.120s][info][gc,phases      ] GC(539) Forward 70.723ms
[167.120s][info][gc,phases,start] GC(539) Adjust Pointers
[167.319s][info][gc,phases      ] GC(539) Adjust Pointers 199.478ms
[167.319s][info][gc,phases,start] GC(539) Compaction Phase
[167.430s][info][gc,phases      ] GC(539) Compaction Phase 110.633ms
[167.440s][info][gc,phases,start] GC(539) Post Compact
[167.442s][info][gc,phases      ] GC(539) Post Compact 2.395ms
[167.443s][info][gc,heap        ] GC(539) PSYoungGen: 157312K(157696K)->0K(220160K) Eden: 111616K(111616K)->0K(111616K) From: 45696K(46080K)->0K(108544K)
[167.443s][info][gc,heap        ] GC(539) ParOldGen: 641143K(667648K)->383564K(652288K)
[167.443s][info][gc,metaspace   ] GC(539) Metaspace: 18282K(18432K)->18282K(18432K) NonClass: 16454K(16576K)->16454K(16576K) Class: 1828K(1856K)->1828K(1856K)
[167.443s][info][gc             ] GC(539) Pause Full (Allocation Failure) 779M->374M(852M) 637.842ms
[167.443s][info][gc,cpu         ] GC(539) User=1.21s Sys=0.00s Real=0.63s
[167.515s][info][gc,start       ] GC(540) Pause Young (Allocation Failure)
[167.540s][info][gc,heap        ] GC(540) PSYoungGen: 111616K(220160K)->18816K(220160K) Eden: 111616K(111616K)->0K(111616K) From: 0K(108544K)->18816K(108544K)
[167.540s][info][gc,heap        ] GC(540) ParOldGen: 383564K(652288K)->383564K(652288K)
[167.540s][info][gc,metaspace   ] GC(540) Metaspace: 18282K(18432K)->18282K(18432K) NonClass: 16454K(16576K)->16454K(16576K) Class: 1828K(1856K)->1828K(1856K)
[167.540s][info][gc             ] GC(540) Pause Young (Allocation Failure) 483M->392M(852M) 25.342ms
[167.540s][info][gc,cpu         ] GC(540) User=0.05s Sys=0.00s Real=0.02s
[167.625s][info][gc,start       ] GC(541) Pause Young (Allocation Failure)
[167.656s][info][gc,heap        ] GC(541) PSYoungGen: 130432K(220160K)->22944K(220160K) Eden: 111616K(111616K)->0K(119808K) From: 18816K(108544K)->22944K(100352K)
[167.656s][info][gc,heap        ] GC(541) ParOldGen: 383564K(652288K)->383564K(652288K)
[167.656s][info][gc,metaspace   ] GC(541) Metaspace: 18282K(18432K)->18282K(18432K) NonClass: 16454K(16576K)->16454K(16576K) Class: 1828K(1856K)->1828K(1856K)
[167.656s][info][gc             ] GC(541) Pause Young (Allocation Failure) 501M->396M(852M) 30.815ms
[167.656s][info][gc,cpu         ] GC(541) User=0.06s Sys=0.00s Real=0.03s
[167.716s][info][gc,start       ] GC(542) Pause Young (Allocation Failure)
[167.752s][info][gc,heap        ] GC(542) PSYoungGen: 142752K(220160K)->35904K(221184K) Eden: 119808K(119808K)->0K(119808K) From: 22944K(100352K)->35904K(101376K)
[167.752s][info][gc,heap        ] GC(542) ParOldGen: 383564K(652288K)->383564K(652288K)
[167.752s][info][gc,metaspace   ] GC(542) Metaspace: 18282K(18432K)->18282K(18432K) NonClass: 16454K(16576K)->16454K(16576K) Class: 1828K(1856K)->1828K(1856K)
[167.752s][info][gc             ] GC(542) Pause Young (Allocation Failure) 513M->409M(853M) 35.684ms
[167.752s][info][gc,cpu         ] GC(542) User=0.07s Sys=0.00s Real=0.03s
[167.806s][info][gc,start       ] GC(543) Pause Young (Allocation Failure)
[167.844s][info][gc,heap        ] GC(543) PSYoungGen: 155712K(221184K)->38592K(216064K) Eden: 119808K(119808K)->0K(131072K) From: 35904K(101376K)->38592K(84992K)
[167.845s][info][gc,heap        ] GC(543) ParOldGen: 383564K(652288K)->383564K(652288K)
[167.845s][info][gc,metaspace   ] GC(543) Metaspace: 18282K(18432K)->18282K(18432K) NonClass: 16454K(16576K)->16454K(16576K) Class: 1828K(1856K)->1828K(1856K)
[167.845s][info][gc             ] GC(543) Pause Young (Allocation Failure) 526M->412M(848M) 39.038ms
[167.845s][info][gc,cpu         ] GC(543) User=0.07s Sys=0.00s Real=0.04s
[167.924s][info][gc,start       ] GC(544) Pause Young (Allocation Failure)
[167.968s][info][gc,heap        ] GC(544) PSYoungGen: 169664K(216064K)->43456K(220672K) Eden: 131072K(131072K)->0K(131072K) From: 38592K(84992K)->43456K(89600K)
[167.968s][info][gc,heap        ] GC(544) ParOldGen: 383564K(652288K)->383564K(652288K)
[167.968s][info][gc,metaspace   ] GC(544) Metaspace: 18282K(18432K)->18282K(18432K) NonClass: 16454K(16576K)->16454K(16576K) Class: 1828K(1856K)->1828K(1856K)
[167.968s][info][gc             ] GC(544) Pause Young (Allocation Failure) 540M->417M(852M) 43.363ms
[167.968s][info][gc,cpu         ] GC(544) User=0.09s Sys=0.00s Real=0.04s
[168.051s][info][gc,start       ] GC(545) Pause Young (Allocation Failure)
[168.108s][info][gc,heap        ] GC(545) PSYoungGen: 174528K(220672K)->50592K(230912K) Eden: 131072K(131072K)->0K(143872K) From: 43456K(89600K)->50592K(87040K)
[168.108s][info][gc,heap        ] GC(545) ParOldGen: 383564K(652288K)->383564K(652288K)
[168.108s][info][gc,metaspace   ] GC(545) Metaspace: 18282K(18432K)->18282K(18432K) NonClass: 16454K(16576K)->16454K(16576K) Class: 1828K(1856K)->1828K(1856K)
[168.108s][info][gc             ] GC(545) Pause Young (Allocation Failure) 545M->423M(862M) 56.688ms
[168.108s][info][gc,cpu         ] GC(545) User=0.11s Sys=0.00s Real=0.06s
[168.246s][info][gc,start       ] GC(546) Pause Young (Allocation Failure)
[168.301s][info][gc,heap        ] GC(546) PSYoungGen: 194464K(230912K)->51968K(230912K) Eden: 143872K(143872K)->0K(143872K) From: 50592K(87040K)->51968K(87040K)
[168.301s][info][gc,heap        ] GC(546) ParOldGen: 383564K(652288K)->383564K(652288K)
[168.302s][info][gc,metaspace   ] GC(546) Metaspace: 18282K(18432K)->18282K(18432K) NonClass: 16454K(16576K)->16454K(16576K) Class: 1828K(1856K)->1828K(1856K)
[168.302s][info][gc             ] GC(546) Pause Young (Allocation Failure) 564M->425M(862M) 55.043ms
[168.302s][info][gc,cpu         ] GC(546) User=0.11s Sys=0.00s Real=0.05s
[168.452s][info][gc,start       ] GC(547) Pause Young (Allocation Failure)
[168.508s][info][gc,heap        ] GC(547) PSYoungGen: 195840K(230912K)->55456K(244224K) Eden: 143872K(143872K)->0K(157184K) From: 51968K(87040K)->55456K(87040K)
[168.508s][info][gc,heap        ] GC(547) ParOldGen: 383564K(652288K)->383564K(652288K)
[168.508s][info][gc,metaspace   ] GC(547) Metaspace: 18283K(18432K)->18283K(18432K) NonClass: 16455K(16576K)->16455K(16576K) Class: 1828K(1856K)->1828K(1856K)
[168.508s][info][gc             ] GC(547) Pause Young (Allocation Failure) 565M->428M(875M) 56.392ms
[168.508s][info][gc,cpu         ] GC(547) User=0.12s Sys=0.00s Real=0.06s
[168.672s][info][gc,start       ] GC(548) Pause Young (Allocation Failure)
[168.726s][info][gc,heap        ] GC(548) PSYoungGen: 212640K(244224K)->55648K(245248K) Eden: 157184K(157184K)->0K(157184K) From: 55456K(87040K)->55648K(88064K)
[168.726s][info][gc,heap        ] GC(548) ParOldGen: 383564K(652288K)->383564K(652288K)
[168.726s][info][gc,metaspace   ] GC(548) Metaspace: 18283K(18432K)->18283K(18432K) NonClass: 16455K(16576K)->16455K(16576K) Class: 1828K(1856K)->1828K(1856K)
[168.726s][info][gc             ] GC(548) Pause Young (Allocation Failure) 582M->428M(876M) 53.970ms
[168.726s][info][gc,cpu         ] GC(548) User=0.11s Sys=0.00s Real=0.06s
[168.931s][info][gc,start       ] GC(549) Pause Young (Allocation Failure)
[169.002s][info][gc,heap        ] GC(549) PSYoungGen: 212832K(245248K)->72256K(232960K) Eden: 157184K(157184K)->0K(144384K) From: 55648K(88064K)->72256K(88576K)
[169.002s][info][gc,heap        ] GC(549) ParOldGen: 383564K(652288K)->383564K(652288K)
[169.002s][info][gc,metaspace   ] GC(549) Metaspace: 18284K(18432K)->18284K(18432K) NonClass: 16455K(16576K)->16455K(16576K) Class: 1828K(1856K)->1828K(1856K)
[169.002s][info][gc             ] GC(549) Pause Young (Allocation Failure) 582M->445M(864M) 71.524ms
[169.002s][info][gc,cpu         ] GC(549) User=0.14s Sys=0.00s Real=0.07s
[169.309s][info][gc,start       ] GC(550) Pause Young (Allocation Failure)
[169.394s][info][gc,heap        ] GC(550) PSYoungGen: 216640K(232960K)->91376K(236032K) Eden: 144384K(144384K)->0K(144384K) From: 72256K(88576K)->91376K(91648K)
[169.394s][info][gc,heap        ] GC(550) ParOldGen: 383564K(652288K)->383564K(652288K)
[169.394s][info][gc,metaspace   ] GC(550) Metaspace: 18284K(18432K)->18284K(18432K) NonClass: 16455K(16576K)->16455K(16576K) Class: 1828K(1856K)->1828K(1856K)
[169.394s][info][gc             ] GC(550) Pause Young (Allocation Failure) 586M->463M(867M) 85.043ms
[169.395s][info][gc,cpu         ] GC(550) User=0.17s Sys=0.00s Real=0.09s
[169.510s][info][gc,start       ] GC(551) Pause Young (Allocation Failure)
[169.621s][info][gc,heap        ] GC(551) PSYoungGen: 235760K(236032K)->97784K(209408K) Eden: 144384K(144384K)->0K(111616K) From: 91376K(91648K)->97784K(97792K)
[169.621s][info][gc,heap        ] GC(551) ParOldGen: 383564K(652288K)->401060K(652288K)
[169.621s][info][gc,metaspace   ] GC(551) Metaspace: 18284K(18432K)->18284K(18432K) NonClass: 16456K(16576K)->16456K(16576K) Class: 1828K(1856K)->1828K(1856K)
[169.621s][info][gc             ] GC(551) Pause Young (Allocation Failure) 604M->487M(841M) 110.991ms
[169.621s][info][gc,cpu         ] GC(551) User=0.21s Sys=0.01s Real=0.11s
[169.732s][info][gc,start       ] GC(552) Pause Young (Allocation Failure)
[169.868s][info][gc,heap        ] GC(552) PSYoungGen: 209400K(209408K)->111096K(222720K) Eden: 111616K(111616K)->0K(111616K) From: 97784K(97792K)->111096K(111104K)
[169.868s][info][gc,heap        ] GC(552) ParOldGen: 401060K(652288K)->427404K(652288K)
[169.868s][info][gc,metaspace   ] GC(552) Metaspace: 18288K(18432K)->18288K(18432K) NonClass: 16460K(16576K)->16460K(16576K) Class: 1828K(1856K)->1828K(1856K)
[169.868s][info][gc             ] GC(552) Pause Young (Allocation Failure) 596M->525M(854M) 136.207ms
[169.868s][info][gc,cpu         ] GC(552) User=0.26s Sys=0.00s Real=0.14s
[170.038s][info][gc,start       ] GC(553) Pause Young (Allocation Failure)
[170.140s][info][gc,heap        ] GC(553) PSYoungGen: 222712K(222720K)->106080K(222720K) Eden: 111616K(111616K)->0K(111616K) From: 111096K(111104K)->106080K(111104K)
[170.141s][info][gc,heap        ] GC(553) ParOldGen: 427404K(652288K)->443092K(652288K)
[170.141s][info][gc,metaspace   ] GC(553) Metaspace: 18290K(18432K)->18290K(18432K) NonClass: 16462K(16576K)->16462K(16576K) Class: 1828K(1856K)->1828K(1856K)
[170.141s][info][gc             ] GC(553) Pause Young (Allocation Failure) 634M->536M(854M) 103.031ms
[170.141s][info][gc,cpu         ] GC(553) User=0.21s Sys=0.00s Real=0.10s
[170.322s][info][gc,start       ] GC(554) Pause Young (Allocation Failure)
[170.413s][info][gc,heap        ] GC(554) PSYoungGen: 217696K(222720K)->94256K(222720K) Eden: 111616K(111616K)->0K(111616K) From: 106080K(111104K)->94256K(111104K)
[170.413s][info][gc,heap        ] GC(554) ParOldGen: 443092K(652288K)->455124K(652288K)
[170.413s][info][gc,metaspace   ] GC(554) Metaspace: 18290K(18432K)->18290K(18432K) NonClass: 16462K(16576K)->16462K(16576K) Class: 1828K(1856K)->1828K(1856K)
[170.413s][info][gc             ] GC(554) Pause Young (Allocation Failure) 645M->536M(854M) 91.209ms
[170.413s][info][gc,cpu         ] GC(554) User=0.18s Sys=0.00s Real=0.09s
[170.583s][info][gc,start       ] GC(555) Pause Young (Allocation Failure)
[170.663s][info][gc,heap        ] GC(555) PSYoungGen: 205872K(222720K)->89784K(222720K) Eden: 111616K(111616K)->0K(111616K) From: 94256K(111104K)->89784K(111104K)
[170.664s][info][gc,heap        ] GC(555) ParOldGen: 455124K(652288K)->459996K(652288K)
[170.664s][info][gc,metaspace   ] GC(555) Metaspace: 18290K(18432K)->18290K(18432K) NonClass: 16462K(16576K)->16462K(16576K) Class: 1828K(1856K)->1828K(1856K)
[170.664s][info][gc             ] GC(555) Pause Young (Allocation Failure) 645M->536M(854M) 80.727ms
[170.664s][info][gc,cpu         ] GC(555) User=0.16s Sys=0.00s Real=0.09s
[170.800s][info][gc,start       ] GC(556) Pause Young (Allocation Failure)
[170.878s][info][gc,heap        ] GC(556) PSYoungGen: 201400K(222720K)->73296K(222720K) Eden: 111616K(111616K)->0K(111616K) From: 89784K(111104K)->73296K(111104K)
[170.878s][info][gc,heap        ] GC(556) ParOldGen: 459996K(652288K)->476889K(652288K)
[170.878s][info][gc,metaspace   ] GC(556) Metaspace: 18290K(18432K)->18290K(18432K) NonClass: 16462K(16576K)->16462K(16576K) Class: 1828K(1856K)->1828K(1856K)
[170.878s][info][gc             ] GC(556) Pause Young (Allocation Failure) 645M->537M(854M) 78.414ms
[170.878s][info][gc,cpu         ] GC(556) User=0.16s Sys=0.00s Real=0.08s
[171.016s][info][gc,start       ] GC(557) Pause Young (Allocation Failure)
[171.077s][info][gc,heap        ] GC(557) PSYoungGen: 184912K(222720K)->48320K(222720K) Eden: 111616K(111616K)->0K(111616K) From: 73296K(111104K)->48320K(111104K)
[171.077s][info][gc,heap        ] GC(557) ParOldGen: 476889K(652288K)->502573K(652288K)
[171.077s][info][gc,metaspace   ] GC(557) Metaspace: 18290K(18432K)->18290K(18432K) NonClass: 16462K(16576K)->16462K(16576K) Class: 1828K(1856K)->1828K(1856K)
[171.077s][info][gc             ] GC(557) Pause Young (Allocation Failure) 646M->537M(854M) 60.953ms
[171.077s][info][gc,cpu         ] GC(557) User=0.12s Sys=0.00s Real=0.06s
[171.174s][info][gc,start       ] GC(558) Pause Young (Allocation Failure)
[171.212s][info][gc,heap        ] GC(558) PSYoungGen: 159936K(222720K)->2953K(222720K) Eden: 111616K(111616K)->0K(111616K) From: 48320K(111104K)->2953K(111104K)
[171.212s][info][gc,heap        ] GC(558) ParOldGen: 502573K(652288K)->549909K(652288K)
[171.212s][info][gc,metaspace   ] GC(558) Metaspace: 18290K(18432K)->18290K(18432K) NonClass: 16462K(16576K)->16462K(16576K) Class: 1828K(1856K)->1828K(1856K)
[171.212s][info][gc             ] GC(558) Pause Young (Allocation Failure) 646M->539M(854M) 37.900ms
[171.212s][info][gc,cpu         ] GC(558) User=0.08s Sys=0.00s Real=0.03s
[171.335s][info][gc,start       ] GC(559) Pause Young (Allocation Failure)
[171.347s][info][gc,heap        ] GC(559) PSYoungGen: 114569K(222720K)->3593K(222720K) Eden: 111616K(111616K)->0K(111616K) From: 2953K(111104K)->3593K(111104K)
[171.347s][info][gc,heap        ] GC(559) ParOldGen: 549909K(652288K)->550437K(652288K)
[171.347s][info][gc,metaspace   ] GC(559) Metaspace: 18294K(18432K)->18294K(18432K) NonClass: 16466K(16576K)->16466K(16576K) Class: 1828K(1856K)->1828K(1856K)
[171.347s][info][gc             ] GC(559) Pause Young (Allocation Failure) 648M->541M(854M) 12.459ms
[171.347s][info][gc,cpu         ] GC(559) User=0.02s Sys=0.00s Real=0.01s
[171.590s][info][gc,start       ] GC(560) Pause Young (Allocation Failure)
[171.623s][info][gc,heap        ] GC(560) PSYoungGen: 115209K(222720K)->18954K(222720K) Eden: 111616K(111616K)->0K(111616K) From: 3593K(111104K)->18954K(111104K)
[171.623s][info][gc,heap        ] GC(560) ParOldGen: 550437K(652288K)->551373K(652288K)
[171.623s][info][gc,metaspace   ] GC(560) Metaspace: 18298K(18432K)->18298K(18432K) NonClass: 16470K(16576K)->16470K(16576K) Class: 1828K(1856K)->1828K(1856K)
[171.623s][info][gc             ] GC(560) Pause Young (Allocation Failure) 650M->556M(854M) 33.644ms
[171.623s][info][gc,cpu         ] GC(560) User=0.07s Sys=0.00s Real=0.03s
[171.763s][info][gc,start       ] GC(561) Pause Young (Allocation Failure)
[171.806s][info][gc,heap        ] GC(561) PSYoungGen: 130570K(222720K)->29505K(222720K) Eden: 111616K(111616K)->0K(111616K) From: 18954K(111104K)->29505K(111104K)
[171.806s][info][gc,heap        ] GC(561) ParOldGen: 551373K(652288K)->554030K(652288K)
[171.806s][info][gc,metaspace   ] GC(561) Metaspace: 18298K(18432K)->18298K(18432K) NonClass: 16470K(16576K)->16470K(16576K) Class: 1828K(1856K)->1828K(1856K)
[171.806s][info][gc             ] GC(561) Pause Young (Allocation Failure) 665M->569M(854M) 43.377ms
[171.806s][info][gc,cpu         ] GC(561) User=0.08s Sys=0.00s Real=0.05s
[171.930s][info][gc,start       ] GC(562) Pause Young (Allocation Failure)
[171.986s][info][gc,heap        ] GC(562) PSYoungGen: 141121K(222720K)->20576K(222720K) Eden: 111616K(111616K)->0K(111616K) From: 29505K(111104K)->20576K(111104K)
[171.986s][info][gc,heap        ] GC(562) ParOldGen: 554030K(652288K)->583599K(652288K)
[171.986s][info][gc,metaspace   ] GC(562) Metaspace: 18306K(18432K)->18306K(18432K) NonClass: 16478K(16576K)->16478K(16576K) Class: 1828K(1856K)->1828K(1856K)
[171.986s][info][gc             ] GC(562) Pause Young (Allocation Failure) 678M->590M(854M) 56.647ms
[171.986s][info][gc,cpu         ] GC(562) User=0.11s Sys=0.00s Real=0.06s
[172.094s][info][gc,start       ] GC(563) Pause Young (Allocation Failure)
[172.120s][info][gc,heap        ] GC(563) PSYoungGen: 132192K(222720K)->4064K(222720K) Eden: 111616K(111616K)->0K(111616K) From: 20576K(111104K)->4064K(111104K)
[172.120s][info][gc,heap        ] GC(563) ParOldGen: 583599K(652288K)->604231K(652288K)
[172.120s][info][gc,metaspace   ] GC(563) Metaspace: 18308K(18432K)->18308K(18432K) NonClass: 16479K(16576K)->16479K(16576K) Class: 1828K(1856K)->1828K(1856K)
[172.120s][info][gc             ] GC(563) Pause Young (Allocation Failure) 699M->594M(854M) 26.637ms
[172.120s][info][gc,cpu         ] GC(563) User=0.05s Sys=0.00s Real=0.02s
[172.220s][info][gc,start       ] GC(564) Pause Young (Allocation Failure)
[172.234s][info][gc,heap        ] GC(564) PSYoungGen: 115680K(222720K)->2528K(222720K) Eden: 111616K(111616K)->0K(111616K) From: 4064K(111104K)->2528K(111104K)
[172.234s][info][gc,heap        ] GC(564) ParOldGen: 604231K(652288K)->608271K(652288K)
[172.234s][info][gc,metaspace   ] GC(564) Metaspace: 18311K(18496K)->18311K(18496K) NonClass: 16482K(16640K)->16482K(16640K) Class: 1828K(1856K)->1828K(1856K)
[172.234s][info][gc             ] GC(564) Pause Young (Allocation Failure) 703M->596M(854M) 13.361ms
[172.234s][info][gc,cpu         ] GC(564) User=0.02s Sys=0.00s Real=0.02s
[172.349s][info][gc,start       ] GC(565) Pause Young (Allocation Failure)
[172.361s][info][gc,heap        ] GC(565) PSYoungGen: 114144K(222720K)->2400K(222720K) Eden: 111616K(111616K)->0K(111616K) From: 2528K(111104K)->2400K(111104K)
[172.361s][info][gc,heap        ] GC(565) ParOldGen: 608271K(652288K)->610767K(652288K)
[172.361s][info][gc,metaspace   ] GC(565) Metaspace: 18313K(18496K)->18313K(18496K) NonClass: 16484K(16640K)->16484K(16640K) Class: 1828K(1856K)->1828K(1856K)
[172.361s][info][gc             ] GC(565) Pause Young (Allocation Failure) 705M->598M(854M) 11.776ms
[172.361s][info][gc,cpu         ] GC(565) User=0.03s Sys=0.00s Real=0.01s
[172.498s][info][gc,start       ] GC(566) Pause Young (Allocation Failure)
[172.504s][info][gc,heap        ] GC(566) PSYoungGen: 114016K(222720K)->928K(222720K) Eden: 111616K(111616K)->0K(111616K) From: 2400K(111104K)->928K(111104K)
[172.504s][info][gc,heap        ] GC(566) ParOldGen: 610767K(652288K)->613136K(652288K)
[172.504s][info][gc,metaspace   ] GC(566) Metaspace: 18315K(18496K)->18315K(18496K) NonClass: 16486K(16640K)->16486K(16640K) Class: 1828K(1856K)->1828K(1856K)
[172.504s][info][gc             ] GC(566) Pause Young (Allocation Failure) 707M->599M(854M) 6.279ms
[172.504s][info][gc,cpu         ] GC(566) User=0.01s Sys=0.00s Real=0.01s
[172.568s][info][gc,start       ] GC(567) Pause Young (Allocation Failure)
[172.571s][info][gc,heap        ] GC(567) PSYoungGen: 112544K(222720K)->64K(222720K) Eden: 111616K(111616K)->0K(111616K) From: 928K(111104K)->64K(111104K)
[172.571s][info][gc,heap        ] GC(567) ParOldGen: 613136K(652288K)->614048K(652288K)
[172.571s][info][gc,metaspace   ] GC(567) Metaspace: 18315K(18496K)->18315K(18496K) NonClass: 16486K(16640K)->16486K(16640K) Class: 1828K(1856K)->1828K(1856K)
[172.571s][info][gc             ] GC(567) Pause Young (Allocation Failure) 708M->599M(854M) 2.899ms
[172.571s][info][gc,cpu         ] GC(567) User=0.00s Sys=0.00s Real=0.00s
[172.678s][info][gc,start       ] GC(568) Pause Young (Allocation Failure)
[172.683s][info][gc,heap        ] GC(568) PSYoungGen: 111680K(222720K)->2464K(222720K) Eden: 111616K(111616K)->0K(111616K) From: 64K(111104K)->2464K(111104K)
[172.683s][info][gc,heap        ] GC(568) ParOldGen: 614048K(652288K)->614048K(652288K)
[172.683s][info][gc,metaspace   ] GC(568) Metaspace: 18315K(18496K)->18315K(18496K) NonClass: 16486K(16640K)->16486K(16640K) Class: 1828K(1856K)->1828K(1856K)
[172.683s][info][gc             ] GC(568) Pause Young (Allocation Failure) 708M->602M(854M) 4.735ms
[172.683s][info][gc,cpu         ] GC(568) User=0.01s Sys=0.00s Real=0.00s
[172.868s][info][gc,start       ] GC(569) Pause Young (Allocation Failure)
[172.880s][info][gc,heap        ] GC(569) PSYoungGen: 114080K(222720K)->5632K(222720K) Eden: 111616K(111616K)->0K(111616K) From: 2464K(111104K)->5632K(111104K)
[172.880s][info][gc,heap        ] GC(569) ParOldGen: 614048K(652288K)->616496K(652288K)
[172.880s][info][gc,metaspace   ] GC(569) Metaspace: 18317K(18496K)->18317K(18496K) NonClass: 16488K(16640K)->16488K(16640K) Class: 1828K(1856K)->1828K(1856K)
[172.880s][info][gc             ] GC(569) Pause Young (Allocation Failure) 711M->607M(854M) 11.372ms
[172.880s][info][gc,cpu         ] GC(569) User=0.02s Sys=0.00s Real=0.01s
[173.040s][info][gc,start       ] GC(570) Pause Young (Allocation Failure)
[173.049s][info][gc,heap        ] GC(570) PSYoungGen: 117248K(222720K)->128K(112128K) Eden: 111616K(111616K)->0K(111616K) From: 5632K(111104K)->128K(512K)
[173.049s][info][gc,heap        ] GC(570) ParOldGen: 616496K(652288K)->622113K(652288K)
[173.049s][info][gc,metaspace   ] GC(570) Metaspace: 18319K(18496K)->18319K(18496K) NonClass: 16491K(16640K)->16491K(16640K) Class: 1828K(1856K)->1828K(1856K)
[173.049s][info][gc             ] GC(570) Pause Young (Allocation Failure) 716M->607M(746M) 8.699ms
[173.049s][info][gc,cpu         ] GC(570) User=0.01s Sys=0.00s Real=0.01s
[173.259s][info][gc,start       ] GC(571) Pause Young (Allocation Failure)
[173.283s][info][gc,heap        ] GC(571) PSYoungGen: 111744K(112128K)->22976K(212480K) Eden: 111616K(111616K)->0K(116224K) From: 128K(512K)->22976K(96256K)
[173.283s][info][gc,heap        ] GC(571) ParOldGen: 622113K(652288K)->622113K(652288K)
[173.283s][info][gc,metaspace   ] GC(571) Metaspace: 18319K(18496K)->18319K(18496K) NonClass: 16491K(16640K)->16491K(16640K) Class: 1828K(1856K)->1828K(1856K)
[173.283s][info][gc             ] GC(571) Pause Young (Allocation Failure) 716M->629M(844M) 24.622ms
[173.283s][info][gc,cpu         ] GC(571) User=0.05s Sys=0.01s Real=0.02s
[173.453s][info][gc,start       ] GC(572) Pause Young (Allocation Failure)
[173.478s][info][gc,heap        ] GC(572) PSYoungGen: 139200K(212480K)->23008K(139264K) Eden: 116224K(116224K)->0K(116224K) From: 22976K(96256K)->23008K(23040K)
[173.478s][info][gc,heap        ] GC(572) ParOldGen: 622113K(652288K)->622113K(652288K)
[173.478s][info][gc,metaspace   ] GC(572) Metaspace: 18322K(18496K)->18322K(18496K) NonClass: 16494K(16640K)->16494K(16640K) Class: 1828K(1856K)->1828K(1856K)
[173.478s][info][gc             ] GC(572) Pause Young (Allocation Failure) 743M->630M(773M) 25.729ms
[173.478s][info][gc,cpu         ] GC(572) User=0.05s Sys=0.00s Real=0.03s
[173.621s][info][gc,start       ] GC(573) Pause Young (Allocation Failure)
[173.648s][info][gc,heap        ] GC(573) PSYoungGen: 139232K(139264K)->23072K(202240K) Eden: 116224K(116224K)->0K(121856K) From: 23008K(23040K)->23072K(80384K)
[173.648s][info][gc,heap        ] GC(573) ParOldGen: 622113K(652288K)->622113K(652288K)
[173.648s][info][gc,metaspace   ] GC(573) Metaspace: 18324K(18496K)->18324K(18496K) NonClass: 16496K(16640K)->16496K(16640K) Class: 1828K(1856K)->1828K(1856K)
[173.648s][info][gc             ] GC(573) Pause Young (Allocation Failure) 743M->630M(834M) 27.314ms
[173.648s][info][gc,cpu         ] GC(573) User=0.05s Sys=0.00s Real=0.03s
[173.790s][info][gc,start       ] GC(574) Pause Young (Allocation Failure)
[173.815s][info][gc,heap        ] GC(574) PSYoungGen: 144928K(202240K)->23160K(208384K) Eden: 121856K(121856K)->0K(121856K) From: 23072K(80384K)->23160K(86528K)
[173.815s][info][gc,heap        ] GC(574) ParOldGen: 622113K(652288K)->622113K(652288K)
[173.815s][info][gc,metaspace   ] GC(574) Metaspace: 18324K(18496K)->18324K(18496K) NonClass: 16496K(16640K)->16496K(16640K) Class: 1828K(1856K)->1828K(1856K)
[173.815s][info][gc             ] GC(574) Pause Young (Allocation Failure) 749M->630M(840M) 24.650ms
[173.815s][info][gc,cpu         ] GC(574) User=0.04s Sys=0.00s Real=0.03s
[175.213s][info][gc,start       ] GC(575) Pause Young (Allocation Failure)
[175.238s][info][gc,heap        ] GC(575) PSYoungGen: 145016K(208384K)->23613K(195584K) Eden: 121856K(121856K)->0K(127488K) From: 23160K(86528K)->23613K(68096K)
[175.238s][info][gc,heap        ] GC(575) ParOldGen: 622113K(652288K)->622113K(652288K)
[175.238s][info][gc,metaspace   ] GC(575) Metaspace: 18324K(18496K)->18324K(18496K) NonClass: 16496K(16640K)->16496K(16640K) Class: 1828K(1856K)->1828K(1856K)
[175.238s][info][gc             ] GC(575) Pause Young (Allocation Failure) 749M->630M(828M) 24.882ms
[175.238s][info][gc,cpu         ] GC(575) User=0.05s Sys=0.00s Real=0.03s
[175.852s][info][gc,start       ] GC(576) Pause Young (Allocation Failure)
[175.879s][info][gc,heap        ] GC(576) PSYoungGen: 151101K(195584K)->24125K(202240K) Eden: 127488K(127488K)->0K(127488K) From: 23613K(68096K)->24125K(74752K)
[175.879s][info][gc,heap        ] GC(576) ParOldGen: 622113K(652288K)->622113K(652288K)
[175.879s][info][gc,metaspace   ] GC(576) Metaspace: 18325K(18496K)->18325K(18496K) NonClass: 16497K(16640K)->16497K(16640K) Class: 1828K(1856K)->1828K(1856K)
[175.879s][info][gc             ] GC(576) Pause Young (Allocation Failure) 755M->631M(834M) 26.773ms
[175.879s][info][gc,cpu         ] GC(576) User=0.05s Sys=0.00s Real=0.03s
[176.581s][info][gc,start       ] GC(577) Pause Young (Allocation Failure)
[176.612s][info][gc,heap        ] GC(577) PSYoungGen: 151613K(202240K)->25437K(194560K) Eden: 127488K(127488K)->0K(132096K) From: 24125K(74752K)->25437K(62464K)
[176.612s][info][gc,heap        ] GC(577) ParOldGen: 622113K(652288K)->622113K(652288K)
[176.612s][info][gc,metaspace   ] GC(577) Metaspace: 18351K(18496K)->18351K(18496K) NonClass: 16522K(16640K)->16522K(16640K) Class: 1828K(1856K)->1828K(1856K)
[176.612s][info][gc             ] GC(577) Pause Young (Allocation Failure) 755M->632M(827M) 30.268ms
[176.612s][info][gc,cpu         ] GC(577) User=0.05s Sys=0.01s Real=0.03s
[176.938s][info][gc,start       ] GC(578) Pause Young (Allocation Failure)
[176.964s][info][gc,heap        ] GC(578) PSYoungGen: 157533K(194560K)->26013K(198656K) Eden: 132096K(132096K)->0K(132096K) From: 25437K(62464K)->26013K(66560K)
[176.964s][info][gc,heap        ] GC(578) ParOldGen: 622113K(652288K)->622121K(652288K)
[176.964s][info][gc,metaspace   ] GC(578) Metaspace: 18370K(18496K)->18370K(18496K) NonClass: 16542K(16640K)->16542K(16640K) Class: 1828K(1856K)->1828K(1856K)
[176.964s][info][gc             ] GC(578) Pause Young (Allocation Failure) 761M->632M(831M) 26.518ms
[176.964s][info][gc,cpu         ] GC(578) User=0.05s Sys=0.00s Real=0.03s
[177.271s][info][gc,start       ] GC(579) Pause Young (Allocation Failure)
[177.299s][info][gc,heap        ] GC(579) PSYoungGen: 158078K(198656K)->25909K(195072K) Eden: 132065K(132096K)->0K(137216K) From: 26013K(66560K)->25909K(57856K)
[177.299s][info][gc,heap        ] GC(579) ParOldGen: 622121K(652288K)->622129K(652288K)
[177.299s][info][gc,metaspace   ] GC(579) Metaspace: 18455K(18560K)->18455K(18560K) NonClass: 16626K(16704K)->16626K(16704K) Class: 1828K(1856K)->1828K(1856K)
[177.299s][info][gc             ] GC(579) Pause Young (Allocation Failure) 761M->632M(827M) 27.607ms
[177.299s][info][gc,cpu         ] GC(579) User=0.05s Sys=0.00s Real=0.03s
[177.535s][info][gc,start       ] GC(580) Pause Young (Allocation Failure)
[177.582s][info][gc,heap        ] GC(580) PSYoungGen: 163125K(195072K)->48452K(197632K) Eden: 137216K(137216K)->0K(137216K) From: 25909K(57856K)->48452K(60416K)
[177.582s][info][gc,heap        ] GC(580) ParOldGen: 622129K(652288K)->622137K(652288K)
[177.582s][info][gc,metaspace   ] GC(580) Metaspace: 18460K(18560K)->18460K(18560K) NonClass: 16631K(16704K)->16631K(16704K) Class: 1828K(1856K)->1828K(1856K)
[177.582s][info][gc             ] GC(580) Pause Young (Allocation Failure) 766M->654M(830M) 46.139ms
[177.582s][info][gc,cpu         ] GC(580) User=0.09s Sys=0.00s Real=0.04s
[177.702s][info][gc,start       ] GC(581) Pause Young (Allocation Failure)
[177.787s][info][gc,heap        ] GC(581) PSYoungGen: 185668K(197632K)->66020K(189952K) Eden: 137216K(137216K)->0K(123904K) From: 48452K(60416K)->66020K(66048K)
[177.787s][info][gc,heap        ] GC(581) ParOldGen: 622137K(652288K)->645793K(652288K)
[177.787s][info][gc,metaspace   ] GC(581) Metaspace: 18481K(18560K)->18481K(18560K) NonClass: 16652K(16704K)->16652K(16704K) Class: 1828K(1856K)->1828K(1856K)
[177.787s][info][gc             ] GC(581) Pause Young (Allocation Failure) 788M->695M(822M) 85.459ms
[177.787s][info][gc,cpu         ] GC(581) User=0.15s Sys=0.01s Real=0.09s
[177.877s][info][gc,start       ] GC(582) Pause Full (Allocation Failure)
[177.877s][info][gc,phases,start] GC(582) Marking Phase
[177.970s][info][gc,phases      ] GC(582) Marking Phase 93.017ms
[177.970s][info][gc,phases,start] GC(582) Summary Phase
[177.970s][info][gc,phases      ] GC(582) Summary Phase 0.028ms
[177.970s][info][gc,phases,start] GC(582) Forward
[178.001s][info][gc,phases      ] GC(582) Forward 30.830ms
[178.001s][info][gc,phases,start] GC(582) Adjust Pointers
[178.061s][info][gc,phases      ] GC(582) Adjust Pointers 60.312ms
[178.061s][info][gc,phases,start] GC(582) Compaction Phase
[178.100s][info][gc,phases      ] GC(582) Compaction Phase 39.099ms
[178.101s][info][gc,phases,start] GC(582) Post Compact
[178.103s][info][gc,phases      ] GC(582) Post Compact 2.509ms
[178.125s][info][gc,heap        ] GC(582) PSYoungGen: 189924K(189952K)->0K(209408K) Eden: 123904K(123904K)->0K(123904K) From: 66020K(66048K)->0K(85504K)
[178.125s][info][gc,heap        ] GC(582) ParOldGen: 645793K(652288K)->158826K(418816K)
[178.125s][info][gc,metaspace   ] GC(582) Metaspace: 18481K(18560K)->18481K(18560K) NonClass: 16652K(16704K)->16652K(16704K) Class: 1828K(1856K)->1828K(1856K)
[178.125s][info][gc             ] GC(582) Pause Full (Allocation Failure) 816M->155M(613M) 248.195ms
[178.125s][info][gc,cpu         ] GC(582) User=0.41s Sys=0.03s Real=0.25s
[178.375s][info][gc,start       ] GC(583) Pause Young (Allocation Failure)
[178.411s][info][gc,heap        ] GC(583) PSYoungGen: 123904K(209408K)->45280K(216576K) Eden: 123904K(123904K)->0K(133120K) From: 0K(85504K)->45280K(83456K)
[178.411s][info][gc,heap        ] GC(583) ParOldGen: 158826K(418816K)->158826K(418816K)
[178.411s][info][gc,metaspace   ] GC(583) Metaspace: 18481K(18560K)->18481K(18560K) NonClass: 16652K(16704K)->16652K(16704K) Class: 1828K(1856K)->1828K(1856K)
[178.411s][info][gc             ] GC(583) Pause Young (Allocation Failure) 276M->199M(620M) 36.604ms
[178.411s][info][gc,cpu         ] GC(583) User=0.07s Sys=0.00s Real=0.03s
[178.686s][info][gc,start       ] GC(584) Pause Young (Allocation Failure)
[178.762s][info][gc,heap        ] GC(584) PSYoungGen: 178400K(216576K)->78579K(218112K) Eden: 133120K(133120K)->0K(133120K) From: 45280K(83456K)->78579K(84992K)
[178.762s][info][gc,heap        ] GC(584) ParOldGen: 158826K(418816K)->158826K(418816K)
[178.762s][info][gc,metaspace   ] GC(584) Metaspace: 18505K(18624K)->18505K(18624K) NonClass: 16677K(16768K)->16677K(16768K) Class: 1828K(1856K)->1828K(1856K)
[178.762s][info][gc             ] GC(584) Pause Young (Allocation Failure) 329M->231M(622M) 76.085ms
[178.762s][info][gc,cpu         ] GC(584) User=0.15s Sys=0.00s Real=0.07s
[178.863s][info][gc,start       ] GC(585) Pause Young (Allocation Failure)
[178.997s][info][gc,heap        ] GC(585) PSYoungGen: 211699K(218112K)->96250K(207872K) Eden: 133120K(133120K)->0K(111616K) From: 78579K(84992K)->96250K(96256K)
[178.997s][info][gc,heap        ] GC(585) ParOldGen: 158826K(418816K)->166050K(418816K)
[178.997s][info][gc,metaspace   ] GC(585) Metaspace: 18505K(18624K)->18505K(18624K) NonClass: 16677K(16768K)->16677K(16768K) Class: 1828K(1856K)->1828K(1856K)
[178.997s][info][gc             ] GC(585) Pause Young (Allocation Failure) 361M->256M(612M) 133.714ms
[178.997s][info][gc,cpu         ] GC(585) User=0.23s Sys=0.04s Real=0.14s
[179.078s][info][gc,start       ] GC(586) Pause Young (Allocation Failure)
[179.186s][info][gc,heap        ] GC(586) PSYoungGen: 207866K(207872K)->103523K(222720K) Eden: 111616K(111616K)->0K(111616K) From: 96250K(96256K)->103523K(111104K)
[179.186s][info][gc,heap        ] GC(586) ParOldGen: 166050K(418816K)->166050K(418816K)
[179.186s][info][gc,metaspace   ] GC(586) Metaspace: 18507K(18624K)->18507K(18624K) NonClass: 16679K(16768K)->16679K(16768K) Class: 1828K(1856K)->1828K(1856K)
[179.186s][info][gc             ] GC(586) Pause Young (Allocation Failure) 365M->263M(626M) 107.982ms
[179.186s][info][gc,cpu         ] GC(586) User=0.21s Sys=0.00s Real=0.11s
[179.300s][info][gc,start       ] GC(587) Pause Young (Allocation Failure)
[179.415s][info][gc,heap        ] GC(587) PSYoungGen: 215139K(222720K)->107914K(222720K) Eden: 111616K(111616K)->0K(111616K) From: 103523K(111104K)->107914K(111104K)
[179.415s][info][gc,heap        ] GC(587) ParOldGen: 166050K(418816K)->166050K(418816K)
[179.415s][info][gc,metaspace   ] GC(587) Metaspace: 18507K(18624K)->18507K(18624K) NonClass: 16679K(16768K)->16679K(16768K) Class: 1828K(1856K)->1828K(1856K)
[179.415s][info][gc             ] GC(587) Pause Young (Allocation Failure) 372M->267M(626M) 114.678ms
[179.415s][info][gc,cpu         ] GC(587) User=0.22s Sys=0.00s Real=0.12s
[179.500s][info][gc,start       ] GC(588) Pause Young (Allocation Failure)
[179.622s][info][gc,heap        ] GC(588) PSYoungGen: 219530K(222720K)->111077K(222720K) Eden: 111616K(111616K)->0K(111616K) From: 107914K(111104K)->111077K(111104K)
[179.622s][info][gc,heap        ] GC(588) ParOldGen: 166050K(418816K)->171460K(418816K)
[179.622s][info][gc,metaspace   ] GC(588) Metaspace: 18507K(18624K)->18507K(18624K) NonClass: 16679K(16768K)->16679K(16768K) Class: 1828K(1856K)->1828K(1856K)
[179.622s][info][gc             ] GC(588) Pause Young (Allocation Failure) 376M->275M(626M) 121.509ms
[179.622s][info][gc,cpu         ] GC(588) User=0.25s Sys=0.00s Real=0.12s
[179.723s][info][gc,start       ] GC(589) Pause Young (Allocation Failure)
[179.832s][info][gc,heap        ] GC(589) PSYoungGen: 222693K(222720K)->111077K(222720K) Eden: 111616K(111616K)->0K(111616K) From: 111077K(111104K)->111077K(111104K)
[179.832s][info][gc,heap        ] GC(589) ParOldGen: 171460K(418816K)->171476K(418816K)
[179.832s][info][gc,metaspace   ] GC(589) Metaspace: 18507K(18624K)->18507K(18624K) NonClass: 16679K(16768K)->16679K(16768K) Class: 1828K(1856K)->1828K(1856K)
[179.832s][info][gc             ] GC(589) Pause Young (Allocation Failure) 384M->275M(626M) 109.588ms
[179.832s][info][gc,cpu         ] GC(589) User=0.22s Sys=0.00s Real=0.11s
[179.922s][info][gc,start       ] GC(590) Pause Young (Allocation Failure)
[180.035s][info][gc,heap        ] GC(590) PSYoungGen: 222693K(222720K)->111093K(222720K) Eden: 111616K(111616K)->0K(111616K) From: 111077K(111104K)->111093K(111104K)
[180.035s][info][gc,heap        ] GC(590) ParOldGen: 171476K(418816K)->174356K(418816K)
[180.035s][info][gc,metaspace   ] GC(590) Metaspace: 18507K(18624K)->18507K(18624K) NonClass: 16679K(16768K)->16679K(16768K) Class: 1828K(1856K)->1828K(1856K)
[180.035s][info][gc             ] GC(590) Pause Young (Allocation Failure) 384M->278M(626M) 112.995ms
[180.035s][info][gc,cpu         ] GC(590) User=0.22s Sys=0.00s Real=0.12s
[180.112s][info][gc,start       ] GC(591) Pause Young (Allocation Failure)
[180.258s][info][gc,heap        ] GC(591) PSYoungGen: 222709K(222720K)->68288K(222720K) Eden: 111616K(111616K)->0K(111616K) From: 111093K(111104K)->68288K(111104K)
[180.258s][info][gc,heap        ] GC(591) ParOldGen: 174356K(418816K)->248257K(418816K)
[180.258s][info][gc,metaspace   ] GC(591) Metaspace: 18507K(18624K)->18507K(18624K) NonClass: 16679K(16768K)->16679K(16768K) Class: 1828K(1856K)->1828K(1856K)
[180.258s][info][gc             ] GC(591) Pause Young (Allocation Failure) 387M->309M(626M) 145.198ms
[180.258s][info][gc,cpu         ] GC(591) User=0.29s Sys=0.00s Real=0.15s
[180.304s][info][gc,start       ] GC(592) Pause Young (Allocation Failure)
[180.386s][info][gc,heap        ] GC(592) PSYoungGen: 179904K(222720K)->72640K(222720K) Eden: 111616K(111616K)->0K(111616K) From: 68288K(111104K)->72640K(111104K)
[180.386s][info][gc,heap        ] GC(592) ParOldGen: 248257K(418816K)->271809K(418816K)
[180.386s][info][gc,metaspace   ] GC(592) Metaspace: 18507K(18624K)->18507K(18624K) NonClass: 16679K(16768K)->16679K(16768K) Class: 1828K(1856K)->1828K(1856K)
[180.386s][info][gc             ] GC(592) Pause Young (Allocation Failure) 418M->336M(626M) 82.328ms
[180.386s][info][gc,cpu         ] GC(592) User=0.17s Sys=0.00s Real=0.08s
[180.496s][info][gc,start       ] GC(593) Pause Young (Allocation Failure)
[180.569s][info][gc,heap        ] GC(593) PSYoungGen: 184256K(222720K)->72035K(222720K) Eden: 111616K(111616K)->0K(111616K) From: 72640K(111104K)->72035K(111104K)
[180.569s][info][gc,heap        ] GC(593) ParOldGen: 271809K(418816K)->283381K(418816K)
[180.569s][info][gc,metaspace   ] GC(593) Metaspace: 18507K(18624K)->18507K(18624K) NonClass: 16679K(16768K)->16679K(16768K) Class: 1828K(1856K)->1828K(1856K)
[180.569s][info][gc             ] GC(593) Pause Young (Allocation Failure) 445M->347M(626M) 72.503ms
[180.569s][info][gc,cpu         ] GC(593) User=0.14s Sys=0.00s Real=0.07s
[180.648s][info][gc,start       ] GC(594) Pause Young (Allocation Failure)
[180.717s][info][gc,heap        ] GC(594) PSYoungGen: 183651K(222720K)->76611K(222720K) Eden: 111616K(111616K)->0K(111616K) From: 72035K(111104K)->76611K(111104K)
[180.717s][info][gc,heap        ] GC(594) ParOldGen: 283381K(418816K)->286269K(418816K)
[180.717s][info][gc,metaspace   ] GC(594) Metaspace: 18507K(18624K)->18507K(18624K) NonClass: 16679K(16768K)->16679K(16768K) Class: 1828K(1856K)->1828K(1856K)
[180.717s][info][gc             ] GC(594) Pause Young (Allocation Failure) 456M->354M(626M) 69.053ms
[180.717s][info][gc,cpu         ] GC(594) User=0.14s Sys=0.00s Real=0.07s
[180.787s][info][gc,start       ] GC(595) Pause Young (Allocation Failure)
[180.857s][info][gc,heap        ] GC(595) PSYoungGen: 188227K(222720K)->21539K(222720K) Eden: 111616K(111616K)->0K(111616K) From: 76611K(111104K)->21539K(111104K)
[180.857s][info][gc,heap        ] GC(595) ParOldGen: 286269K(418816K)->344849K(418816K)
[180.857s][info][gc,metaspace   ] GC(595) Metaspace: 18507K(18624K)->18507K(18624K) NonClass: 16679K(16768K)->16679K(16768K) Class: 1828K(1856K)->1828K(1856K)
[180.857s][info][gc             ] GC(595) Pause Young (Allocation Failure) 463M->357M(626M) 70.078ms
[180.857s][info][gc,cpu         ] GC(595) User=0.14s Sys=0.00s Real=0.07s
[180.911s][info][gc,start       ] GC(596) Pause Young (Allocation Failure)
[180.942s][info][gc,heap        ] GC(596) PSYoungGen: 133155K(222720K)->6272K(222720K) Eden: 111616K(111616K)->0K(111616K) From: 21539K(111104K)->6272K(111104K)
[180.942s][info][gc,heap        ] GC(596) ParOldGen: 344849K(418816K)->363344K(418816K)
[180.942s][info][gc,metaspace   ] GC(596) Metaspace: 18507K(18624K)->18507K(18624K) NonClass: 16679K(16768K)->16679K(16768K) Class: 1828K(1856K)->1828K(1856K)
[180.942s][info][gc             ] GC(596) Pause Young (Allocation Failure) 466M->360M(626M) 30.565ms
[180.942s][info][gc,cpu         ] GC(596) User=0.06s Sys=0.01s Real=0.03s
[181.057s][info][gc,start       ] GC(597) Pause Young (Allocation Failure)
[181.068s][info][gc,heap        ] GC(597) PSYoungGen: 117888K(222720K)->2112K(222720K) Eden: 111616K(111616K)->0K(111616K) From: 6272K(111104K)->2112K(111104K)
[181.068s][info][gc,heap        ] GC(597) ParOldGen: 363344K(418816K)->369616K(418816K)
[181.068s][info][gc,metaspace   ] GC(597) Metaspace: 18507K(18624K)->18507K(18624K) NonClass: 16679K(16768K)->16679K(16768K) Class: 1828K(1856K)->1828K(1856K)
[181.068s][info][gc             ] GC(597) Pause Young (Allocation Failure) 469M->363M(626M) 10.171ms
[181.068s][info][gc,cpu         ] GC(597) User=0.02s Sys=0.00s Real=0.01s
[181.377s][info][gc,start       ] GC(598) Pause Young (Allocation Failure)
[181.382s][info][gc,heap        ] GC(598) PSYoungGen: 113728K(222720K)->384K(222720K) Eden: 111616K(111616K)->0K(111616K) From: 2112K(111104K)->384K(111104K)
[181.382s][info][gc,heap        ] GC(598) ParOldGen: 369616K(418816K)->371712K(418816K)
[181.382s][info][gc,metaspace   ] GC(598) Metaspace: 18507K(18624K)->18507K(18624K) NonClass: 16679K(16768K)->16679K(16768K) Class: 1828K(1856K)->1828K(1856K)
[181.382s][info][gc             ] GC(598) Pause Young (Allocation Failure) 472M->363M(626M) 4.749ms
[181.382s][info][gc,cpu         ] GC(598) User=0.01s Sys=0.00s Real=0.00s
[181.553s][info][gc,start       ] GC(599) Pause Young (Allocation Failure)
[181.583s][info][gc,heap        ] GC(599) PSYoungGen: 112000K(222720K)->31488K(222720K) Eden: 111616K(111616K)->0K(111616K) From: 384K(111104K)->31488K(111104K)
[181.583s][info][gc,heap        ] GC(599) ParOldGen: 371712K(418816K)->372048K(418816K)
[181.583s][info][gc,metaspace   ] GC(599) Metaspace: 18507K(18624K)->18507K(18624K) NonClass: 16679K(16768K)->16679K(16768K) Class: 1828K(1856K)->1828K(1856K)
[181.583s][info][gc             ] GC(599) Pause Young (Allocation Failure) 472M->394M(626M) 30.690ms
[181.583s][info][gc,cpu         ] GC(599) User=0.06s Sys=0.00s Real=0.03s
[181.689s][info][gc,start       ] GC(600) Pause Young (Allocation Failure)
[181.750s][info][gc,heap        ] GC(600) PSYoungGen: 143104K(222720K)->37712K(222720K) Eden: 111616K(111616K)->0K(111616K) From: 31488K(111104K)->37712K(111104K)
[181.750s][info][gc,heap        ] GC(600) ParOldGen: 372048K(418816K)->403463K(418816K)
[181.750s][info][gc,metaspace   ] GC(600) Metaspace: 18508K(18624K)->18508K(18624K) NonClass: 16679K(16768K)->16679K(16768K) Class: 1828K(1856K)->1828K(1856K)
[181.750s][info][gc             ] GC(600) Pause Young (Allocation Failure) 503M->430M(626M) 60.972ms
[181.750s][info][gc,cpu         ] GC(600) User=0.12s Sys=0.00s Real=0.06s
[181.918s][info][gc,start       ] GC(601) Pause Young (Allocation Failure)
[181.975s][info][gc,heap        ] GC(601) PSYoungGen: 149328K(222720K)->15808K(222720K) Eden: 111616K(111616K)->0K(111616K) From: 37712K(111104K)->15808K(111104K)
[181.975s][info][gc,heap        ] GC(601) ParOldGen: 403463K(418816K)->441456K(441856K)
[181.975s][info][gc,metaspace   ] GC(601) Metaspace: 18508K(18624K)->18508K(18624K) NonClass: 16680K(16768K)->16680K(16768K) Class: 1828K(1856K)->1828K(1856K)
[181.975s][info][gc             ] GC(601) Pause Young (Allocation Failure) 539M->446M(649M) 57.090ms
[181.975s][info][gc,cpu         ] GC(601) User=0.10s Sys=0.02s Real=0.06s
[182.070s][info][gc,start       ] GC(602) Pause Young (Allocation Failure)
[182.103s][info][gc,heap        ] GC(602) PSYoungGen: 127424K(222720K)->2752K(222720K) Eden: 111616K(111616K)->0K(111616K) From: 15808K(111104K)->2752K(111104K)
[182.103s][info][gc,heap        ] GC(602) ParOldGen: 441456K(441856K)->457289K(457728K)
[182.103s][info][gc,metaspace   ] GC(602) Metaspace: 18508K(18624K)->18508K(18624K) NonClass: 16680K(16768K)->16680K(16768K) Class: 1828K(1856K)->1828K(1856K)
[182.103s][info][gc             ] GC(602) Pause Young (Allocation Failure) 555M->449M(664M) 33.827ms
[182.103s][info][gc,cpu         ] GC(602) User=0.06s Sys=0.01s Real=0.04s
[182.181s][info][gc,start       ] GC(603) Pause Young (Allocation Failure)
[182.188s][info][gc,heap        ] GC(603) PSYoungGen: 114368K(222720K)->864K(222720K) Eden: 111616K(111616K)->0K(111616K) From: 2752K(111104K)->864K(111104K)
[182.188s][info][gc,heap        ] GC(603) ParOldGen: 457289K(457728K)->459929K(460288K)
[182.188s][info][gc,metaspace   ] GC(603) Metaspace: 18508K(18624K)->18508K(18624K) NonClass: 16680K(16768K)->16680K(16768K) Class: 1828K(1856K)->1828K(1856K)
[182.188s][info][gc             ] GC(603) Pause Young (Allocation Failure) 558M->449M(667M) 7.697ms
[182.188s][info][gc,cpu         ] GC(603) User=0.01s Sys=0.00s Real=0.01s
[182.384s][info][gc,start       ] GC(604) Pause Young (Allocation Failure)
[182.389s][info][gc,heap        ] GC(604) PSYoungGen: 112480K(222720K)->1408K(222720K) Eden: 111616K(111616K)->0K(111616K) From: 864K(111104K)->1408K(111104K)
[182.389s][info][gc,heap        ] GC(604) ParOldGen: 459929K(460288K)->460769K(460800K)
[182.389s][info][gc,metaspace   ] GC(604) Metaspace: 18508K(18624K)->18508K(18624K) NonClass: 16680K(16768K)->16680K(16768K) Class: 1828K(1856K)->1828K(1856K)
[182.389s][info][gc             ] GC(604) Pause Young (Allocation Failure) 558M->451M(667M) 5.701ms
[182.389s][info][gc,cpu         ] GC(604) User=0.01s Sys=0.00s Real=0.00s
[182.581s][info][gc,start       ] GC(605) Pause Young (Allocation Failure)
[182.586s][info][gc,heap        ] GC(605) PSYoungGen: 113024K(222720K)->192K(222720K) Eden: 111616K(111616K)->0K(111616K) From: 1408K(111104K)->192K(111104K)
[182.586s][info][gc,heap        ] GC(605) ParOldGen: 460769K(460800K)->462137K(462336K)
[182.586s][info][gc,metaspace   ] GC(605) Metaspace: 18508K(18624K)->18508K(18624K) NonClass: 16680K(16768K)->16680K(16768K) Class: 1828K(1856K)->1828K(1856K)
[182.586s][info][gc             ] GC(605) Pause Young (Allocation Failure) 560M->451M(669M) 4.889ms
[182.586s][info][gc,cpu         ] GC(605) User=0.01s Sys=0.00s Real=0.01s
[182.775s][info][gc,start       ] GC(606) Pause Young (Allocation Failure)
[182.808s][info][gc,heap        ] GC(606) PSYoungGen: 111808K(222720K)->35808K(222720K) Eden: 111616K(111616K)->0K(111616K) From: 192K(111104K)->35808K(111104K)
[182.809s][info][gc,heap        ] GC(606) ParOldGen: 462137K(462336K)->462313K(462336K)
[182.809s][info][gc,metaspace   ] GC(606) Metaspace: 18508K(18624K)->18508K(18624K) NonClass: 16680K(16768K)->16680K(16768K) Class: 1828K(1856K)->1828K(1856K)
[182.809s][info][gc             ] GC(606) Pause Young (Allocation Failure) 560M->486M(669M) 33.849ms
[182.809s][info][gc,cpu         ] GC(606) User=0.07s Sys=0.00s Real=0.03s
[182.962s][info][gc,start       ] GC(607) Pause Young (Allocation Failure)
[183.049s][info][gc,heap        ] GC(607) PSYoungGen: 147424K(222720K)->38920K(215552K) Eden: 111616K(111616K)->0K(111616K) From: 35808K(111104K)->38920K(103936K)
[183.049s][info][gc,heap        ] GC(607) ParOldGen: 462313K(462336K)->498174K(498176K)
[183.049s][info][gc,metaspace   ] GC(607) Metaspace: 18508K(18624K)->18508K(18624K) NonClass: 16680K(16768K)->16680K(16768K) Class: 1828K(1856K)->1828K(1856K)
[183.049s][info][gc             ] GC(607) Pause Young (Allocation Failure) 595M->524M(697M) 86.665ms
[183.049s][info][gc,cpu         ] GC(607) User=0.14s Sys=0.03s Real=0.09s
[183.139s][info][gc,start       ] GC(608) Pause Young (Allocation Failure)
[183.191s][info][gc,heap        ] GC(608) PSYoungGen: 150536K(215552K)->64216K(219136K) Eden: 111616K(111616K)->0K(111616K) From: 38920K(103936K)->64216K(107520K)
[183.191s][info][gc,heap        ] GC(608) ParOldGen: 498174K(498176K)->498174K(498176K)
[183.191s][info][gc,metaspace   ] GC(608) Metaspace: 18508K(18624K)->18508K(18624K) NonClass: 16680K(16768K)->16680K(16768K) Class: 1828K(1856K)->1828K(1856K)
[183.191s][info][gc             ] GC(608) Pause Young (Allocation Failure) 633M->549M(700M) 51.849ms
[183.191s][info][gc,cpu         ] GC(608) User=0.10s Sys=0.00s Real=0.05s
[183.241s][info][gc,start       ] GC(609) Pause Young (Allocation Failure)
[183.370s][info][gc,heap        ] GC(609) PSYoungGen: 175832K(219136K)->46752K(224256K) Eden: 111616K(111616K)->0K(113152K) From: 64216K(107520K)->46752K(111104K)
[183.370s][info][gc,heap        ] GC(609) ParOldGen: 498174K(498176K)->563174K(563200K)
[183.370s][info][gc,metaspace   ] GC(609) Metaspace: 18508K(18624K)->18508K(18624K) NonClass: 16680K(16768K)->16680K(16768K) Class: 1828K(1856K)->1828K(1856K)
[183.370s][info][gc             ] GC(609) Pause Young (Allocation Failure) 658M->595M(769M) 128.812ms
[183.370s][info][gc,cpu         ] GC(609) User=0.21s Sys=0.04s Real=0.13s
[183.444s][info][gc,start       ] GC(610) Pause Young (Allocation Failure)
[183.540s][info][gc,heap        ] GC(610) PSYoungGen: 159904K(224256K)->32448K(145920K) Eden: 113152K(113152K)->0K(113152K) From: 46752K(111104K)->32448K(32768K)
[183.540s][info][gc,heap        ] GC(610) ParOldGen: 563174K(563200K)->610046K(610304K)
[183.540s][info][gc,metaspace   ] GC(610) Metaspace: 18508K(18624K)->18508K(18624K) NonClass: 16680K(16768K)->16680K(16768K) Class: 1828K(1856K)->1828K(1856K)
[183.540s][info][gc             ] GC(610) Pause Young (Allocation Failure) 706M->627M(738M) 95.452ms
[183.540s][info][gc,cpu         ] GC(610) User=0.15s Sys=0.04s Real=0.09s
[183.661s][info][gc,start       ] GC(611) Pause Full (Allocation Failure)
[183.661s][info][gc,phases,start] GC(611) Marking Phase
[183.718s][info][gc,phases      ] GC(611) Marking Phase 57.277ms
[183.718s][info][gc,phases,start] GC(611) Summary Phase
[183.718s][info][gc,phases      ] GC(611) Summary Phase 0.031ms
[183.718s][info][gc,phases,start] GC(611) Forward
[183.735s][info][gc,phases      ] GC(611) Forward 17.314ms
[183.735s][info][gc,phases,start] GC(611) Adjust Pointers
[183.775s][info][gc,phases      ] GC(611) Adjust Pointers 39.768ms
[183.775s][info][gc,phases,start] GC(611) Compaction Phase
[183.794s][info][gc,phases      ] GC(611) Compaction Phase 18.629ms
[183.797s][info][gc,phases,start] GC(611) Post Compact
[183.799s][info][gc,phases      ] GC(611) Post Compact 2.285ms
[183.816s][info][gc,heap        ] GC(611) PSYoungGen: 145600K(145920K)->0K(215552K) Eden: 113152K(113152K)->0K(113152K) From: 32448K(32768K)->0K(102400K)
[183.816s][info][gc,heap        ] GC(611) ParOldGen: 610046K(610304K)->98232K(399872K)
[183.816s][info][gc,metaspace   ] GC(611) Metaspace: 18508K(18624K)->18508K(18624K) NonClass: 16680K(16768K)->16680K(16768K) Class: 1828K(1856K)->1828K(1856K)
[183.816s][info][gc             ] GC(611) Pause Full (Allocation Failure) 737M->95M(601M) 155.905ms
[183.816s][info][gc,cpu         ] GC(611) User=0.24s Sys=0.02s Real=0.16s
[183.949s][info][gc,start       ] GC(612) Pause Young (Allocation Failure)
[183.957s][info][gc,heap        ] GC(612) PSYoungGen: 113152K(215552K)->8132K(215552K) Eden: 113152K(113152K)->0K(113152K) From: 0K(102400K)->8132K(102400K)
[183.957s][info][gc,heap        ] GC(612) ParOldGen: 98232K(399872K)->98232K(399872K)
[183.957s][info][gc,metaspace   ] GC(612) Metaspace: 18509K(18624K)->18509K(18624K) NonClass: 16681K(16768K)->16681K(16768K) Class: 1828K(1856K)->1828K(1856K)
[183.957s][info][gc             ] GC(612) Pause Young (Allocation Failure) 206M->103M(601M) 8.281ms
[183.957s][info][gc,cpu         ] GC(612) User=0.02s Sys=0.00s Real=0.01s
[184.067s][info][gc,start       ] GC(613) Pause Young (Allocation Failure)
[184.084s][info][gc,heap        ] GC(613) PSYoungGen: 121284K(215552K)->11248K(219648K) Eden: 113152K(113152K)->0K(126464K) From: 8132K(102400K)->11248K(93184K)
[184.084s][info][gc,heap        ] GC(613) ParOldGen: 98232K(399872K)->106380K(399872K)
[184.084s][info][gc,metaspace   ] GC(613) Metaspace: 18509K(18624K)->18509K(18624K) NonClass: 16681K(16768K)->16681K(16768K) Class: 1828K(1856K)->1828K(1856K)
[184.084s][info][gc             ] GC(613) Pause Young (Allocation Failure) 214M->114M(605M) 17.110ms
[184.084s][info][gc,cpu         ] GC(613) User=0.04s Sys=0.00s Real=0.02s
[184.167s][info][gc,start       ] GC(614) Pause Young (Allocation Failure)
[184.206s][info][gc,heap        ] GC(614) PSYoungGen: 137712K(219648K)->40992K(223744K) Eden: 126464K(126464K)->0K(126464K) From: 11248K(93184K)->40992K(97280K)
[184.207s][info][gc,heap        ] GC(614) ParOldGen: 106380K(399872K)->117676K(399872K)
[184.207s][info][gc,metaspace   ] GC(614) Metaspace: 18509K(18624K)->18509K(18624K) NonClass: 16681K(16768K)->16681K(16768K) Class: 1828K(1856K)->1828K(1856K)
[184.207s][info][gc             ] GC(614) Pause Young (Allocation Failure) 238M->154M(609M) 39.772ms
[184.207s][info][gc,cpu         ] GC(614) User=0.08s Sys=0.00s Real=0.04s
[184.273s][info][gc,start       ] GC(615) Pause Young (Allocation Failure)
[184.358s][info][gc,heap        ] GC(615) PSYoungGen: 167456K(223744K)->73664K(220160K) Eden: 126464K(126464K)->0K(125952K) From: 40992K(97280K)->73664K(94208K)
[184.358s][info][gc,heap        ] GC(615) ParOldGen: 117676K(399872K)->159181K(399872K)
[184.358s][info][gc,metaspace   ] GC(615) Metaspace: 18510K(18624K)->18510K(18624K) NonClass: 16681K(16768K)->16681K(16768K) Class: 1828K(1856K)->1828K(1856K)
[184.358s][info][gc             ] GC(615) Pause Young (Allocation Failure) 278M->227M(605M) 85.370ms
[184.358s][info][gc,cpu         ] GC(615) User=0.17s Sys=0.00s Real=0.09s
[184.457s][info][gc,start       ] GC(616) Pause Young (Allocation Failure)
[184.549s][info][gc,heap        ] GC(616) PSYoungGen: 199616K(220160K)->46256K(229888K) Eden: 125952K(125952K)->0K(125952K) From: 73664K(94208K)->46256K(103936K)
[184.550s][info][gc,heap        ] GC(616) ParOldGen: 159181K(399872K)->233309K(399872K)
[184.550s][info][gc,metaspace   ] GC(616) Metaspace: 18510K(18624K)->18510K(18624K) NonClass: 16681K(16768K)->16681K(16768K) Class: 1828K(1856K)->1828K(1856K)
[184.550s][info][gc             ] GC(616) Pause Young (Allocation Failure) 350M->273M(615M) 92.386ms
[184.550s][info][gc,cpu         ] GC(616) User=0.19s Sys=0.00s Real=0.09s
[184.594s][info][gc,start       ] GC(617) Pause Young (Allocation Failure)
[184.650s][info][gc,heap        ] GC(617) PSYoungGen: 172208K(229888K)->33504K(215552K) Eden: 125952K(125952K)->0K(129024K) From: 46256K(103936K)->33504K(86528K)
[184.650s][info][gc,heap        ] GC(617) ParOldGen: 233309K(399872K)->280045K(399872K)
[184.650s][info][gc,metaspace   ] GC(617) Metaspace: 18510K(18624K)->18510K(18624K) NonClass: 16681K(16768K)->16681K(16768K) Class: 1828K(1856K)->1828K(1856K)
[184.651s][info][gc             ] GC(617) Pause Young (Allocation Failure) 396M->306M(601M) 56.807ms
[184.651s][info][gc,cpu         ] GC(617) User=0.12s Sys=0.00s Real=0.05s
[184.788s][info][gc,start       ] GC(618) Pause Young (Allocation Failure)
[184.836s][info][gc,heap        ] GC(618) PSYoungGen: 162528K(215552K)->14401K(224256K) Eden: 129024K(129024K)->0K(129024K) From: 33504K(86528K)->14401K(95232K)
[184.836s][info][gc,heap        ] GC(618) ParOldGen: 280045K(399872K)->313909K(399872K)
[184.836s][info][gc,metaspace   ] GC(618) Metaspace: 18513K(18624K)->18513K(18624K) NonClass: 16685K(16768K)->16685K(16768K) Class: 1828K(1856K)->1828K(1856K)
[184.836s][info][gc             ] GC(618) Pause Young (Allocation Failure) 432M->320M(609M) 47.796ms
[184.836s][info][gc,cpu         ] GC(618) User=0.09s Sys=0.00s Real=0.05s
[184.936s][info][gc,start       ] GC(619) Pause Young (Allocation Failure)
[184.981s][info][gc,heap        ] GC(619) PSYoungGen: 143425K(224256K)->13984K(232448K) Eden: 129024K(129024K)->0K(145408K) From: 14401K(95232K)->13984K(87040K)
[184.981s][info][gc,heap        ] GC(619) ParOldGen: 313909K(399872K)->327850K(399872K)
[184.981s][info][gc,metaspace   ] GC(619) Metaspace: 18514K(18624K)->18514K(18624K) NonClass: 16685K(16768K)->16685K(16768K) Class: 1828K(1856K)->1828K(1856K)
[184.981s][info][gc             ] GC(619) Pause Young (Allocation Failure) 446M->333M(617M) 44.939ms
[184.981s][info][gc,cpu         ] GC(619) User=0.09s Sys=0.00s Real=0.04s
[185.115s][info][gc,start       ] GC(620) Pause Young (Allocation Failure)
[185.179s][info][gc,heap        ] GC(620) PSYoungGen: 159392K(232448K)->38593K(236032K) Eden: 145408K(145408K)->0K(145408K) From: 13984K(87040K)->38593K(90624K)
[185.179s][info][gc,heap        ] GC(620) ParOldGen: 327850K(399872K)->341826K(399872K)
[185.179s][info][gc,metaspace   ] GC(620) Metaspace: 18514K(18624K)->18514K(18624K) NonClass: 16685K(16768K)->16685K(16768K) Class: 1828K(1856K)->1828K(1856K)
[185.179s][info][gc             ] GC(620) Pause Young (Allocation Failure) 475M->371M(621M) 64.368ms
[185.179s][info][gc,cpu         ] GC(620) User=0.13s Sys=0.00s Real=0.06s
[185.285s][info][gc,start       ] GC(621) Pause Young (Allocation Failure)
[185.355s][info][gc,heap        ] GC(621) PSYoungGen: 184001K(236032K)->27648K(233984K) Eden: 145408K(145408K)->0K(156160K) From: 38593K(90624K)->27648K(77824K)
[185.355s][info][gc,heap        ] GC(621) ParOldGen: 341826K(399872K)->380488K(399872K)
[185.355s][info][gc,metaspace   ] GC(621) Metaspace: 18514K(18624K)->18514K(18624K) NonClass: 16686K(16768K)->16686K(16768K) Class: 1828K(1856K)->1828K(1856K)
[185.355s][info][gc             ] GC(621) Pause Young (Allocation Failure) 513M->398M(619M) 70.613ms
[185.355s][info][gc,cpu         ] GC(621) User=0.14s Sys=0.00s Real=0.07s
[185.440s][info][gc,start       ] GC(622) Pause Young (Allocation Failure)
[185.489s][info][gc,heap        ] GC(622) PSYoungGen: 183808K(233984K)->16608K(238592K) Eden: 156160K(156160K)->0K(156160K) From: 27648K(77824K)->16608K(82432K)
[185.489s][info][gc,heap        ] GC(622) ParOldGen: 380488K(399872K)->408184K(408576K)
[185.489s][info][gc,metaspace   ] GC(622) Metaspace: 18514K(18624K)->18514K(18624K) NonClass: 16686K(16768K)->16686K(16768K) Class: 1828K(1856K)->1828K(1856K)
[185.489s][info][gc             ] GC(622) Pause Young (Allocation Failure) 551M->414M(632M) 49.431ms
[185.489s][info][gc,cpu         ] GC(622) User=0.08s Sys=0.01s Real=0.05s
[185.587s][info][gc,start       ] GC(623) Pause Young (Allocation Failure)
[185.622s][info][gc,heap        ] GC(623) PSYoungGen: 172768K(238592K)->3808K(248320K) Eden: 156160K(156160K)->0K(171008K) From: 16608K(82432K)->3808K(77312K)
[185.622s][info][gc,heap        ] GC(623) ParOldGen: 408184K(408576K)->424800K(424960K)
[185.622s][info][gc,metaspace   ] GC(623) Metaspace: 18516K(18624K)->18516K(18624K) NonClass: 16688K(16768K)->16688K(16768K) Class: 1828K(1856K)->1828K(1856K)
[185.622s][info][gc             ] GC(623) Pause Young (Allocation Failure) 567M->418M(657M) 34.374ms
[185.622s][info][gc,cpu         ] GC(623) User=0.06s Sys=0.01s Real=0.03s
[185.723s][info][gc,start       ] GC(624) Pause Young (Allocation Failure)
[185.740s][info][gc,heap        ] GC(624) PSYoungGen: 174816K(248320K)->4320K(250880K) Eden: 171008K(171008K)->0K(171008K) From: 3808K(77312K)->4320K(79872K)
[185.740s][info][gc,heap        ] GC(624) ParOldGen: 424800K(424960K)->428592K(429056K)
[185.741s][info][gc,metaspace   ] GC(624) Metaspace: 18516K(18624K)->18516K(18624K) NonClass: 16688K(16768K)->16688K(16768K) Class: 1828K(1856K)->1828K(1856K)
[185.741s][info][gc             ] GC(624) Pause Young (Allocation Failure) 585M->422M(664M) 17.841ms
[185.741s][info][gc,cpu         ] GC(624) User=0.03s Sys=0.00s Real=0.02s
[185.871s][info][gc,start       ] GC(625) Pause Young (Allocation Failure)
[185.894s][info][gc,heap        ] GC(625) PSYoungGen: 175328K(250880K)->10976K(246784K) Eden: 171008K(171008K)->0K(175104K) From: 4320K(79872K)->10976K(71680K)
[185.894s][info][gc,heap        ] GC(625) ParOldGen: 428592K(429056K)->432904K(433152K)
[185.894s][info][gc,metaspace   ] GC(625) Metaspace: 18516K(18624K)->18516K(18624K) NonClass: 16688K(16768K)->16688K(16768K) Class: 1828K(1856K)->1828K(1856K)
[185.894s][info][gc             ] GC(625) Pause Young (Allocation Failure) 589M->433M(664M) 23.256ms
[185.894s][info][gc,cpu         ] GC(625) User=0.04s Sys=0.01s Real=0.03s
[186.030s][info][gc,start       ] GC(626) Pause Young (Allocation Failure)
[186.068s][info][gc,heap        ] GC(626) PSYoungGen: 186080K(246784K)->19488K(250880K) Eden: 175104K(175104K)->0K(175104K) From: 10976K(71680K)->19488K(75776K)
[186.068s][info][gc,heap        ] GC(626) ParOldGen: 432904K(433152K)->443880K(443904K)
[186.068s][info][gc,metaspace   ] GC(626) Metaspace: 18516K(18624K)->18516K(18624K) NonClass: 16688K(16768K)->16688K(16768K) Class: 1828K(1856K)->1828K(1856K)
[186.068s][info][gc             ] GC(626) Pause Young (Allocation Failure) 604M->452M(678M) 37.990ms
[186.068s][info][gc,cpu         ] GC(626) User=0.07s Sys=0.00s Real=0.04s
[186.424s][info][gc,start       ] GC(627) Pause Young (Allocation Failure)
[186.474s][info][gc,heap        ] GC(627) PSYoungGen: 194592K(250880K)->18912K(249856K) Eden: 175104K(175104K)->0K(186368K) From: 19488K(75776K)->18912K(63488K)
[186.474s][info][gc,heap        ] GC(627) ParOldGen: 443880K(443904K)->463406K(463872K)
[186.474s][info][gc,metaspace   ] GC(627) Metaspace: 18516K(18624K)->18516K(18624K) NonClass: 16688K(16768K)->16688K(16768K) Class: 1828K(1856K)->1828K(1856K)
[186.474s][info][gc             ] GC(627) Pause Young (Allocation Failure) 623M->471M(697M) 49.559ms
[186.474s][info][gc,cpu         ] GC(627) User=0.07s Sys=0.02s Real=0.05s
[187.013s][info][gc,start       ] GC(628) Pause Young (Allocation Failure)
[187.043s][info][gc,heap        ] GC(628) PSYoungGen: 205280K(249856K)->224K(253952K) Eden: 186368K(186368K)->0K(186368K) From: 18912K(63488K)->224K(67584K)
[187.043s][info][gc,heap        ] GC(628) ParOldGen: 463406K(463872K)->482300K(482304K)
[187.043s][info][gc,metaspace   ] GC(628) Metaspace: 18519K(18624K)->18519K(18624K) NonClass: 16691K(16768K)->16691K(16768K) Class: 1828K(1856K)->1828K(1856K)
[187.043s][info][gc             ] GC(628) Pause Young (Allocation Failure) 653M->471M(719M) 29.582ms
[187.043s][info][gc,cpu         ] GC(628) User=0.04s Sys=0.02s Real=0.03s
[187.450s][info][gc,start       ] GC(629) Pause Young (Allocation Failure)
[187.452s][info][gc,heap        ] GC(629) PSYoungGen: 186592K(253952K)->256K(263680K) Eden: 186368K(186368K)->0K(199168K) From: 224K(67584K)->256K(64512K)
[187.452s][info][gc,heap        ] GC(629) ParOldGen: 482300K(482304K)->482300K(482304K)
[187.452s][info][gc,metaspace   ] GC(629) Metaspace: 18520K(18624K)->18520K(18624K) NonClass: 16691K(16768K)->16691K(16768K) Class: 1828K(1856K)->1828K(1856K)
[187.452s][info][gc             ] GC(629) Pause Young (Allocation Failure) 653M->471M(728M) 2.344ms
[187.452s][info][gc,cpu         ] GC(629) User=0.00s Sys=0.00s Real=0.00s
[187.870s][info][gc,start       ] GC(630) Pause Young (Allocation Failure)
[187.881s][info][gc,heap        ] GC(630) PSYoungGen: 199424K(263680K)->288K(265216K) Eden: 199168K(199168K)->0K(199168K) From: 256K(64512K)->288K(66048K)
[187.881s][info][gc,heap        ] GC(630) ParOldGen: 482300K(482304K)->482300K(482304K)
[187.881s][info][gc,metaspace   ] GC(630) Metaspace: 18520K(18624K)->18520K(18624K) NonClass: 16691K(16768K)->16691K(16768K) Class: 1828K(1856K)->1828K(1856K)
[187.881s][info][gc             ] GC(630) Pause Young (Allocation Failure) 665M->471M(730M) 10.443ms
[187.881s][info][gc,cpu         ] GC(630) User=0.02s Sys=0.00s Real=0.01s
[188.095s][info][gc,start       ] GC(631) Pause Young (Allocation Failure)
[188.140s][info][gc,heap        ] GC(631) PSYoungGen: 199456K(265216K)->49446K(254976K) Eden: 199168K(199168K)->0K(190464K) From: 288K(66048K)->49446K(64512K)
[188.140s][info][gc,heap        ] GC(631) ParOldGen: 482300K(482304K)->482300K(482304K)
[188.140s][info][gc,metaspace   ] GC(631) Metaspace: 18520K(18624K)->18520K(18624K) NonClass: 16691K(16768K)->16691K(16768K) Class: 1828K(1856K)->1828K(1856K)
[188.140s][info][gc             ] GC(631) Pause Young (Allocation Failure) 665M->519M(720M) 44.330ms
[188.140s][info][gc,cpu         ] GC(631) User=0.08s Sys=0.01s Real=0.04s
[188.339s][info][gc,start       ] GC(632) Pause Young (Allocation Failure)
[188.406s][info][gc,heap        ] GC(632) PSYoungGen: 239910K(254976K)->71654K(262144K) Eden: 190464K(190464K)->0K(190464K) From: 49446K(64512K)->71654K(71680K)
[188.406s][info][gc,heap        ] GC(632) ParOldGen: 482300K(482304K)->497204K(497664K)
[188.406s][info][gc,metaspace   ] GC(632) Metaspace: 18520K(18624K)->18520K(18624K) NonClass: 16691K(16768K)->16691K(16768K) Class: 1828K(1856K)->1828K(1856K)
[188.406s][info][gc             ] GC(632) Pause Young (Allocation Failure) 705M->555M(742M) 67.282ms
[188.406s][info][gc,cpu         ] GC(632) User=0.13s Sys=0.01s Real=0.07s
[188.551s][info][gc,start       ] GC(633) Pause Young (Allocation Failure)
[188.649s][info][gc,heap        ] GC(633) PSYoungGen: 262118K(262144K)->71654K(183296K) Eden: 190464K(190464K)->0K(111616K) From: 71654K(71680K)->71654K(71680K)
[188.649s][info][gc,heap        ] GC(633) ParOldGen: 497204K(497664K)->523941K(524288K)
[188.649s][info][gc,metaspace   ] GC(633) Metaspace: 18522K(18624K)->18522K(18624K) NonClass: 16694K(16768K)->16694K(16768K) Class: 1828K(1856K)->1828K(1856K)
[188.649s][info][gc             ] GC(633) Pause Young (Allocation Failure) 741M->581M(691M) 98.618ms
[188.649s][info][gc,cpu         ] GC(633) User=0.17s Sys=0.03s Real=0.10s
[188.738s][info][gc,start       ] GC(634) Pause Young (Allocation Failure)
[188.845s][info][gc,heap        ] GC(634) PSYoungGen: 183270K(183296K)->83872K(222720K) Eden: 111616K(111616K)->0K(111616K) From: 71654K(71680K)->83872K(111104K)
[188.845s][info][gc,heap        ] GC(634) ParOldGen: 523941K(524288K)->552045K(552448K)
[188.845s][info][gc,metaspace   ] GC(634) Metaspace: 18522K(18624K)->18522K(18624K) NonClass: 16694K(16768K)->16694K(16768K) Class: 1828K(1856K)->1828K(1856K)
[188.845s][info][gc             ] GC(634) Pause Young (Allocation Failure) 690M->621M(757M) 107.464ms
[188.845s][info][gc,cpu         ] GC(634) User=0.20s Sys=0.02s Real=0.11s
[188.919s][info][gc,start       ] GC(635) Pause Young (Allocation Failure)
[189.014s][info][gc,heap        ] GC(635) PSYoungGen: 195488K(222720K)->45504K(222720K) Eden: 111616K(111616K)->0K(111616K) From: 83872K(111104K)->45504K(111104K)
[189.014s][info][gc,heap        ] GC(635) ParOldGen: 552045K(552448K)->596324K(596480K)
[189.014s][info][gc,metaspace   ] GC(635) Metaspace: 18522K(18624K)->18522K(18624K) NonClass: 16694K(16768K)->16694K(16768K) Class: 1828K(1856K)->1828K(1856K)
[189.014s][info][gc             ] GC(635) Pause Young (Allocation Failure) 730M->626M(800M) 95.496ms
[189.014s][info][gc,cpu         ] GC(635) User=0.16s Sys=0.03s Real=0.10s
[189.077s][info][gc,start       ] GC(636) Pause Young (Allocation Failure)
[189.149s][info][gc,heap        ] GC(636) PSYoungGen: 157120K(222720K)->9632K(222720K) Eden: 111616K(111616K)->0K(111616K) From: 45504K(111104K)->9632K(111104K)
[189.149s][info][gc,heap        ] GC(636) ParOldGen: 596324K(596480K)->642172K(642560K)
[189.149s][info][gc,metaspace   ] GC(636) Metaspace: 18522K(18624K)->18522K(18624K) NonClass: 16694K(16768K)->16694K(16768K) Class: 1828K(1856K)->1828K(1856K)
[189.149s][info][gc             ] GC(636) Pause Young (Allocation Failure) 735M->636M(845M) 71.694ms
[189.149s][info][gc,cpu         ] GC(636) User=0.11s Sys=0.03s Real=0.07s
[189.233s][info][gc,start       ] GC(637) Pause Full (Allocation Failure)
[189.233s][info][gc,phases,start] GC(637) Marking Phase
[189.473s][info][gc,phases      ] GC(637) Marking Phase 240.275ms
[189.473s][info][gc,phases,start] GC(637) Summary Phase
[189.473s][info][gc,phases      ] GC(637) Summary Phase 0.029ms
[189.473s][info][gc,phases,start] GC(637) Forward
[189.550s][info][gc,phases      ] GC(637) Forward 77.023ms
[189.551s][info][gc,phases,start] GC(637) Adjust Pointers
[189.744s][info][gc,phases      ] GC(637) Adjust Pointers 193.190ms
[189.744s][info][gc,phases,start] GC(637) Compaction Phase
[189.851s][info][gc,phases      ] GC(637) Compaction Phase 107.337ms
[189.860s][info][gc,phases,start] GC(637) Post Compact
[189.862s][info][gc,phases      ] GC(637) Post Compact 2.349ms
[189.862s][info][gc,heap        ] GC(637) PSYoungGen: 121248K(222720K)->0K(222720K) Eden: 111616K(111616K)->0K(111616K) From: 9632K(111104K)->0K(111104K)
[189.862s][info][gc,heap        ] GC(637) ParOldGen: 642172K(642560K)->371886K(664064K)
[189.862s][info][gc,metaspace   ] GC(637) Metaspace: 18522K(18624K)->18522K(18624K) NonClass: 16694K(16768K)->16694K(16768K) Class: 1828K(1856K)->1828K(1856K)
[189.862s][info][gc             ] GC(637) Pause Full (Allocation Failure) 745M->363M(866M) 629.171ms
[189.862s][info][gc,cpu         ] GC(637) User=1.19s Sys=0.00s Real=0.63s
[189.950s][info][gc,start       ] GC(638) Pause Young (Allocation Failure)
[189.976s][info][gc,heap        ] GC(638) PSYoungGen: 111616K(222720K)->21504K(133120K) Eden: 111616K(111616K)->0K(111616K) From: 0K(111104K)->21504K(21504K)
[189.976s][info][gc,heap        ] GC(638) ParOldGen: 371886K(664064K)->371886K(664064K)
[189.976s][info][gc,metaspace   ] GC(638) Metaspace: 18522K(18624K)->18522K(18624K) NonClass: 16694K(16768K)->16694K(16768K) Class: 1828K(1856K)->1828K(1856K)
[189.976s][info][gc             ] GC(638) Pause Young (Allocation Failure) 472M->384M(778M) 25.406ms
[189.976s][info][gc,cpu         ] GC(638) User=0.05s Sys=0.00s Real=0.03s
[190.029s][info][gc,start       ] GC(639) Pause Young (Allocation Failure)
[190.057s][info][gc,heap        ] GC(639) PSYoungGen: 133120K(133120K)->5952K(222720K) Eden: 111616K(111616K)->0K(114176K) From: 21504K(21504K)->5952K(108544K)
[190.057s][info][gc,heap        ] GC(639) ParOldGen: 371886K(664064K)->393430K(664064K)
[190.057s][info][gc,metaspace   ] GC(639) Metaspace: 18522K(18624K)->18522K(18624K) NonClass: 16694K(16768K)->16694K(16768K) Class: 1828K(1856K)->1828K(1856K)
[190.057s][info][gc             ] GC(639) Pause Young (Allocation Failure) 493M->390M(866M) 27.725ms
[190.057s][info][gc,cpu         ] GC(639) User=0.06s Sys=0.00s Real=0.03s
[190.119s][info][gc,start       ] GC(640) Pause Young (Allocation Failure)
[190.132s][info][gc,heap        ] GC(640) PSYoungGen: 120128K(222720K)->2432K(220160K) Eden: 114176K(114176K)->0K(114176K) From: 5952K(108544K)->2432K(105984K)
[190.132s][info][gc,heap        ] GC(640) ParOldGen: 393430K(664064K)->399390K(664064K)
[190.132s][info][gc,metaspace   ] GC(640) Metaspace: 18522K(18624K)->18522K(18624K) NonClass: 16694K(16768K)->16694K(16768K) Class: 1828K(1856K)->1828K(1856K)
[190.132s][info][gc             ] GC(640) Pause Young (Allocation Failure) 501M->392M(863M) 12.889ms
[190.132s][info][gc,cpu         ] GC(640) User=0.03s Sys=0.00s Real=0.01s
[190.201s][info][gc,start       ] GC(641) Pause Young (Allocation Failure)
[190.211s][info][gc,heap        ] GC(641) PSYoungGen: 116608K(220160K)->1664K(224768K) Eden: 114176K(114176K)->0K(122368K) From: 2432K(105984K)->1664K(102400K)
[190.211s][info][gc,heap        ] GC(641) ParOldGen: 399390K(664064K)->401798K(664064K)
[190.211s][info][gc,metaspace   ] GC(641) Metaspace: 18522K(18624K)->18522K(18624K) NonClass: 16694K(16768K)->16694K(16768K) Class: 1828K(1856K)->1828K(1856K)
[190.211s][info][gc             ] GC(641) Pause Young (Allocation Failure) 503M->394M(868M) 10.236ms
[190.211s][info][gc,cpu         ] GC(641) User=0.02s Sys=0.00s Real=0.01s
[190.296s][info][gc,start       ] GC(642) Pause Young (Allocation Failure)
[190.314s][info][gc,heap        ] GC(642) PSYoungGen: 124032K(224768K)->11616K(223232K) Eden: 122368K(122368K)->0K(122368K) From: 1664K(102400K)->11616K(100864K)
[190.314s][info][gc,heap        ] GC(642) ParOldGen: 401798K(664064K)->403446K(664064K)
[190.314s][info][gc,metaspace   ] GC(642) Metaspace: 18522K(18624K)->18522K(18624K) NonClass: 16694K(16768K)->16694K(16768K) Class: 1828K(1856K)->1828K(1856K)
[190.314s][info][gc             ] GC(642) Pause Young (Allocation Failure) 513M->405M(866M) 17.796ms
[190.314s][info][gc,cpu         ] GC(642) User=0.04s Sys=0.00s Real=0.02s
[190.461s][info][gc,start       ] GC(643) Pause Young (Allocation Failure)
[190.475s][info][gc,heap        ] GC(643) PSYoungGen: 133984K(223232K)->96K(228352K) Eden: 122368K(122368K)->0K(133632K) From: 11616K(100864K)->96K(94720K)
[190.475s][info][gc,heap        ] GC(643) ParOldGen: 403446K(664064K)->415078K(664064K)
[190.475s][info][gc,metaspace   ] GC(643) Metaspace: 18522K(18624K)->18522K(18624K) NonClass: 16694K(16768K)->16694K(16768K) Class: 1828K(1856K)->1828K(1856K)
[190.475s][info][gc             ] GC(643) Pause Young (Allocation Failure) 524M->405M(871M) 13.783ms
[190.475s][info][gc,cpu         ] GC(643) User=0.03s Sys=0.00s Real=0.02s
[190.622s][info][gc,start       ] GC(644) Pause Young (Allocation Failure)
[190.643s][info][gc,heap        ] GC(644) PSYoungGen: 133728K(228352K)->20704K(226816K) Eden: 133632K(133632K)->0K(133632K) From: 96K(94720K)->20704K(93184K)
[190.643s][info][gc,heap        ] GC(644) ParOldGen: 415078K(664064K)->415126K(664064K)
[190.643s][info][gc,metaspace   ] GC(644) Metaspace: 18522K(18624K)->18522K(18624K) NonClass: 16694K(16768K)->16694K(16768K) Class: 1828K(1856K)->1828K(1856K)
[190.643s][info][gc             ] GC(644) Pause Young (Allocation Failure) 535M->425M(870M) 21.725ms
[190.643s][info][gc,cpu         ] GC(644) User=0.05s Sys=0.00s Real=0.03s
[190.850s][info][gc,start       ] GC(645) Pause Young (Allocation Failure)
[190.888s][info][gc,heap        ] GC(645) PSYoungGen: 154336K(226816K)->13360K(225280K) Eden: 133632K(133632K)->0K(146944K) From: 20704K(93184K)->13360K(78336K)
[190.888s][info][gc,heap        ] GC(645) ParOldGen: 415126K(664064K)->435878K(664064K)
[190.888s][info][gc,metaspace   ] GC(645) Metaspace: 18522K(18624K)->18522K(18624K) NonClass: 16694K(16768K)->16694K(16768K) Class: 1828K(1856K)->1828K(1856K)
[190.888s][info][gc             ] GC(645) Pause Young (Allocation Failure) 556M->438M(868M) 38.377ms
[190.888s][info][gc,cpu         ] GC(645) User=0.08s Sys=0.00s Real=0.04s
[191.098s][info][gc,start       ] GC(646) Pause Young (Allocation Failure)
[191.123s][info][gc,heap        ] GC(646) PSYoungGen: 160304K(225280K)->14304K(228864K) Eden: 146944K(146944K)->0K(146944K) From: 13360K(78336K)->14304K(81920K)
[191.123s][info][gc,heap        ] GC(646) ParOldGen: 435878K(664064K)->449302K(664064K)
[191.123s][info][gc,metaspace   ] GC(646) Metaspace: 18522K(18624K)->18522K(18624K) NonClass: 16694K(16768K)->16694K(16768K) Class: 1828K(1856K)->1828K(1856K)
[191.123s][info][gc             ] GC(646) Pause Young (Allocation Failure) 582M->452M(872M) 25.383ms
[191.123s][info][gc,cpu         ] GC(646) User=0.05s Sys=0.00s Real=0.02s
[191.250s][info][gc,start       ] GC(647) Pause Young (Allocation Failure)
[191.291s][info][gc,heap        ] GC(647) PSYoungGen: 161248K(228864K)->51760K(231424K) Eden: 146944K(146944K)->0K(154624K) From: 14304K(81920K)->51760K(76800K)
[191.291s][info][gc,heap        ] GC(647) ParOldGen: 449302K(664064K)->449302K(664064K)
[191.291s][info][gc,metaspace   ] GC(647) Metaspace: 18522K(18624K)->18522K(18624K) NonClass: 16694K(16768K)->16694K(16768K) Class: 1828K(1856K)->1828K(1856K)
[191.291s][info][gc             ] GC(647) Pause Young (Allocation Failure) 596M->489M(874M) 40.481ms
[191.291s][info][gc,cpu         ] GC(647) User=0.08s Sys=0.00s Real=0.04s
[191.486s][info][gc,start       ] GC(648) Pause Young (Allocation Failure)
[191.550s][info][gc,heap        ] GC(648) PSYoungGen: 206384K(231424K)->78336K(233472K) Eden: 154624K(154624K)->0K(154624K) From: 51760K(76800K)->78336K(78848K)
[191.550s][info][gc,heap        ] GC(648) ParOldGen: 449302K(664064K)->463622K(664064K)
[191.550s][info][gc,metaspace   ] GC(648) Metaspace: 18522K(18624K)->18522K(18624K) NonClass: 16694K(16768K)->16694K(16768K) Class: 1828K(1856K)->1828K(1856K)
[191.550s][info][gc             ] GC(648) Pause Young (Allocation Failure) 640M->529M(876M) 64.409ms
[191.550s][info][gc,cpu         ] GC(648) User=0.13s Sys=0.00s Real=0.06s
[191.749s][info][gc,start       ] GC(649) Pause Young (Allocation Failure)
[191.827s][info][gc,heap        ] GC(649) PSYoungGen: 232960K(233472K)->60889K(227328K) Eden: 154624K(154624K)->0K(130048K) From: 78336K(78848K)->60889K(97280K)
[191.827s][info][gc,heap        ] GC(649) ParOldGen: 463622K(664064K)->501542K(664064K)
[191.827s][info][gc,metaspace   ] GC(649) Metaspace: 18522K(18624K)->18522K(18624K) NonClass: 16694K(16768K)->16694K(16768K) Class: 1828K(1856K)->1828K(1856K)
[191.827s][info][gc             ] GC(649) Pause Young (Allocation Failure) 680M->549M(870M) 78.572ms
[191.828s][info][gc,cpu         ] GC(649) User=0.16s Sys=0.00s Real=0.08s
[191.962s][info][gc,start       ] GC(650) Pause Young (Allocation Failure)
[192.046s][info][gc,heap        ] GC(650) PSYoungGen: 190937K(227328K)->26816K(157184K) Eden: 130048K(130048K)->0K(130048K) From: 60889K(97280K)->26816K(27136K)
[192.047s][info][gc,heap        ] GC(650) ParOldGen: 501542K(664064K)->562957K(664064K)
[192.047s][info][gc,metaspace   ] GC(650) Metaspace: 18522K(18624K)->18522K(18624K) NonClass: 16694K(16768K)->16694K(16768K) Class: 1828K(1856K)->1828K(1856K)
[192.047s][info][gc             ] GC(650) Pause Young (Allocation Failure) 676M->575M(802M) 84.280ms
[192.047s][info][gc,cpu         ] GC(650) User=0.17s Sys=0.00s Real=0.09s
[192.191s][info][gc,start       ] GC(651) Pause Young (Allocation Failure)
[192.234s][info][gc,heap        ] GC(651) PSYoungGen: 156864K(157184K)->17216K(235008K) Eden: 130048K(130048K)->0K(138752K) From: 26816K(27136K)->17216K(96256K)
[192.234s][info][gc,heap        ] GC(651) ParOldGen: 562957K(664064K)->589813K(664064K)
[192.234s][info][gc,metaspace   ] GC(651) Metaspace: 18522K(18624K)->18522K(18624K) NonClass: 16694K(16768K)->16694K(16768K) Class: 1828K(1856K)->1828K(1856K)
[192.234s][info][gc             ] GC(651) Pause Young (Allocation Failure) 702M->592M(878M) 43.620ms
[192.234s][info][gc,cpu         ] GC(651) User=0.09s Sys=0.00s Real=0.05s
[192.344s][info][gc,start       ] GC(652) Pause Young (Allocation Failure)
[192.366s][info][gc,heap        ] GC(652) PSYoungGen: 155968K(235008K)->736K(230912K) Eden: 138752K(138752K)->0K(138752K) From: 17216K(96256K)->736K(92160K)
[192.366s][info][gc,heap        ] GC(652) ParOldGen: 589813K(664064K)->607061K(664064K)
[192.366s][info][gc,metaspace   ] GC(652) Metaspace: 18522K(18624K)->18522K(18624K) NonClass: 16694K(16768K)->16694K(16768K) Class: 1828K(1856K)->1828K(1856K)
[192.366s][info][gc             ] GC(652) Pause Young (Allocation Failure) 728M->593M(874M) 22.103ms
[192.366s][info][gc,cpu         ] GC(652) User=0.04s Sys=0.00s Real=0.02s
[192.506s][info][gc,start       ] GC(653) Pause Young (Allocation Failure)
[192.516s][info][gc,heap        ] GC(653) PSYoungGen: 139488K(230912K)->2816K(238592K) Eden: 138752K(138752K)->0K(147456K) From: 736K(92160K)->2816K(91136K)
[192.516s][info][gc,heap        ] GC(653) ParOldGen: 607061K(664064K)->607773K(664064K)
[192.516s][info][gc,metaspace   ] GC(653) Metaspace: 18522K(18624K)->18522K(18624K) NonClass: 16694K(16768K)->16694K(16768K) Class: 1828K(1856K)->1828K(1856K)
[192.516s][info][gc             ] GC(653) Pause Young (Allocation Failure) 729M->596M(881M) 10.159ms
[192.516s][info][gc,cpu         ] GC(653) User=0.02s Sys=0.00s Real=0.01s
[192.695s][info][gc,start       ] GC(654) Pause Young (Allocation Failure)
[192.703s][info][gc,heap        ] GC(654) PSYoungGen: 150272K(238592K)->1568K(236544K) Eden: 147456K(147456K)->0K(147456K) From: 2816K(91136K)->1568K(89088K)
[192.703s][info][gc,heap        ] GC(654) ParOldGen: 607773K(664064K)->610565K(664064K)
[192.703s][info][gc,metaspace   ] GC(654) Metaspace: 18522K(18624K)->18522K(18624K) NonClass: 16694K(16768K)->16694K(16768K) Class: 1828K(1856K)->1828K(1856K)
[192.703s][info][gc             ] GC(654) Pause Young (Allocation Failure) 740M->597M(879M) 7.238ms
[192.703s][info][gc,cpu         ] GC(654) User=0.02s Sys=0.00s Real=0.00s
[192.924s][info][gc,start       ] GC(655) Pause Young (Allocation Failure)
[192.961s][info][gc,heap        ] GC(655) PSYoungGen: 149024K(236544K)->26640K(239104K) Eden: 147456K(147456K)->0K(158208K) From: 1568K(89088K)->26640K(80896K)
[192.961s][info][gc,heap        ] GC(655) ParOldGen: 610565K(664064K)->610565K(664064K)
[192.961s][info][gc,metaspace   ] GC(655) Metaspace: 18522K(18624K)->18522K(18624K) NonClass: 16694K(16768K)->16694K(16768K) Class: 1828K(1856K)->1828K(1856K)
[192.961s][info][gc             ] GC(655) Pause Young (Allocation Failure) 741M->622M(882M) 36.599ms
[192.961s][info][gc,cpu         ] GC(655) User=0.07s Sys=0.00s Real=0.03s
[193.229s][info][gc,start       ] GC(656) Pause Young (Allocation Failure)
[193.276s][info][gc,heap        ] GC(656) PSYoungGen: 184848K(239104K)->52578K(239616K) Eden: 158208K(158208K)->0K(158208K) From: 26640K(80896K)->52578K(81408K)
[193.276s][info][gc,heap        ] GC(656) ParOldGen: 610565K(664064K)->610565K(664064K)
[193.276s][info][gc,metaspace   ] GC(656) Metaspace: 18522K(18624K)->18522K(18624K) NonClass: 16694K(16768K)->16694K(16768K) Class: 1828K(1856K)->1828K(1856K)
[193.276s][info][gc             ] GC(656) Pause Young (Allocation Failure) 776M->647M(882M) 47.709ms
[193.276s][info][gc,cpu         ] GC(656) User=0.09s Sys=0.00s Real=0.05s
[193.437s][info][gc,start       ] GC(657) Pause Young (Allocation Failure)
[193.537s][info][gc,heap        ] GC(657) PSYoungGen: 210786K(239616K)->86498K(198144K) Eden: 158208K(158208K)->0K(111616K) From: 52578K(81408K)->86498K(86528K)
[193.537s][info][gc,heap        ] GC(657) ParOldGen: 610565K(664064K)->636677K(664064K)
[193.537s][info][gc,metaspace   ] GC(657) Metaspace: 18522K(18624K)->18522K(18624K) NonClass: 16694K(16768K)->16694K(16768K) Class: 1828K(1856K)->1828K(1856K)
[193.537s][info][gc             ] GC(657) Pause Young (Allocation Failure) 802M->706M(842M) 100.138ms
[193.537s][info][gc,cpu         ] GC(657) User=0.18s Sys=0.02s Real=0.10s
[193.668s][info][gc,start       ] GC(658) Pause Full (Allocation Failure)
[193.668s][info][gc,phases,start] GC(658) Marking Phase
[193.989s][info][gc,phases      ] GC(658) Marking Phase 321.164ms
[193.990s][info][gc,phases,start] GC(658) Summary Phase
[193.990s][info][gc,phases      ] GC(658) Summary Phase 0.030ms
[193.990s][info][gc,phases,start] GC(658) Forward
[194.093s][info][gc,phases      ] GC(658) Forward 103.631ms
[194.093s][info][gc,phases,start] GC(658) Adjust Pointers
[194.336s][info][gc,phases      ] GC(658) Adjust Pointers 242.923ms
[194.336s][info][gc,phases,start] GC(658) Compaction Phase
[194.486s][info][gc,phases      ] GC(658) Compaction Phase 149.921ms
[194.493s][info][gc,phases,start] GC(658) Post Compact
[194.496s][info][gc,phases      ] GC(658) Post Compact 2.478ms
[194.496s][info][gc,heap        ] GC(658) PSYoungGen: 198114K(198144K)->0K(222720K) Eden: 111616K(111616K)->0K(111616K) From: 86498K(86528K)->0K(111104K)
[194.496s][info][gc,heap        ] GC(658) ParOldGen: 636677K(664064K)->493135K(667648K)
[194.496s][info][gc,metaspace   ] GC(658) Metaspace: 18522K(18624K)->18522K(18624K) NonClass: 16694K(16768K)->16694K(16768K) Class: 1828K(1856K)->1828K(1856K)
[194.496s][info][gc             ] GC(658) Pause Full (Allocation Failure) 815M->481M(869M) 827.570ms
[194.496s][info][gc,cpu         ] GC(658) User=1.57s Sys=0.00s Real=0.83s
[194.688s][info][gc,start       ] GC(659) Pause Young (Allocation Failure)
[194.734s][info][gc,heap        ] GC(659) PSYoungGen: 111616K(222720K)->24960K(213504K) Eden: 111616K(111616K)->0K(111616K) From: 0K(111104K)->24960K(101888K)
[194.735s][info][gc,heap        ] GC(659) ParOldGen: 493135K(667648K)->493135K(667648K)
[194.735s][info][gc,metaspace   ] GC(659) Metaspace: 18522K(18624K)->18522K(18624K) NonClass: 16694K(16768K)->16694K(16768K) Class: 1828K(1856K)->1828K(1856K)
[194.735s][info][gc             ] GC(659) Pause Young (Allocation Failure) 590M->505M(860M) 46.743ms
[194.735s][info][gc,cpu         ] GC(659) User=0.08s Sys=0.00s Real=0.05s
[194.859s][info][gc,start       ] GC(660) Pause Young (Allocation Failure)
[194.914s][info][gc,heap        ] GC(660) PSYoungGen: 136576K(213504K)->46752K(218112K) Eden: 111616K(111616K)->0K(111616K) From: 24960K(101888K)->46752K(106496K)
[194.914s][info][gc,heap        ] GC(660) ParOldGen: 493135K(667648K)->493135K(667648K)
[194.914s][info][gc,metaspace   ] GC(660) Metaspace: 18522K(18624K)->18522K(18624K) NonClass: 16694K(16768K)->16694K(16768K) Class: 1828K(1856K)->1828K(1856K)
[194.914s][info][gc             ] GC(660) Pause Young (Allocation Failure) 614M->527M(865M) 54.903ms
[194.914s][info][gc,cpu         ] GC(660) User=0.11s Sys=0.00s Real=0.06s
[195.035s][info][gc,start       ] GC(661) Pause Young (Allocation Failure)
[195.106s][info][gc,heap        ] GC(661) PSYoungGen: 158368K(218112K)->37056K(214528K) Eden: 111616K(111616K)->0K(123392K) From: 46752K(106496K)->37056K(91136K)
[195.106s][info][gc,heap        ] GC(661) ParOldGen: 493135K(667648K)->518135K(667648K)
[195.106s][info][gc,metaspace   ] GC(661) Metaspace: 18522K(18624K)->18522K(18624K) NonClass: 16694K(16768K)->16694K(16768K) Class: 1828K(1856K)->1828K(1856K)
[195.106s][info][gc             ] GC(661) Pause Young (Allocation Failure) 636M->542M(861M) 70.588ms
[195.106s][info][gc,cpu         ] GC(661) User=0.14s Sys=0.00s Real=0.07s
[195.192s][info][gc,start       ] GC(662) Pause Young (Allocation Failure)
[195.229s][info][gc,heap        ] GC(662) PSYoungGen: 160448K(214528K)->448K(221184K) Eden: 123392K(123392K)->0K(123392K) From: 37056K(91136K)->448K(97792K)
[195.229s][info][gc,heap        ] GC(662) ParOldGen: 518135K(667648K)->555287K(667648K)
[195.229s][info][gc,metaspace   ] GC(662) Metaspace: 18522K(18624K)->18522K(18624K) NonClass: 16694K(16768K)->16694K(16768K) Class: 1828K(1856K)->1828K(1856K)
[195.229s][info][gc             ] GC(662) Pause Young (Allocation Failure) 662M->542M(868M) 37.338ms
[195.229s][info][gc,cpu         ] GC(662) User=0.07s Sys=0.00s Real=0.04s
[195.357s][info][gc,start       ] GC(663) Pause Young (Allocation Failure)
[195.364s][info][gc,heap        ] GC(663) PSYoungGen: 123840K(221184K)->480K(230912K) Eden: 123392K(123392K)->0K(137216K) From: 448K(97792K)->480K(93696K)
[195.364s][info][gc,heap        ] GC(663) ParOldGen: 555287K(667648K)->555719K(667648K)
[195.364s][info][gc,metaspace   ] GC(663) Metaspace: 18522K(18624K)->18522K(18624K) NonClass: 16694K(16768K)->16694K(16768K) Class: 1828K(1856K)->1828K(1856K)
[195.364s][info][gc             ] GC(663) Pause Young (Allocation Failure) 663M->543M(877M) 7.423ms
[195.364s][info][gc,cpu         ] GC(663) User=0.01s Sys=0.00s Real=0.01s
[195.506s][info][gc,start       ] GC(664) Pause Young (Allocation Failure)
[195.515s][info][gc,heap        ] GC(664) PSYoungGen: 137696K(230912K)->4192K(233472K) Eden: 137216K(137216K)->0K(137216K) From: 480K(93696K)->4192K(96256K)
[195.515s][info][gc,heap        ] GC(664) ParOldGen: 555719K(667648K)->556183K(667648K)
[195.515s][info][gc,metaspace   ] GC(664) Metaspace: 18522K(18624K)->18522K(18624K) NonClass: 16694K(16768K)->16694K(16768K) Class: 1828K(1856K)->1828K(1856K)
[195.515s][info][gc             ] GC(664) Pause Young (Allocation Failure) 677M->547M(880M) 9.023ms
[195.515s][info][gc,cpu         ] GC(664) User=0.02s Sys=0.00s Real=0.01s
[195.746s][info][gc,start       ] GC(665) Pause Young (Allocation Failure)
[195.767s][info][gc,heap        ] GC(665) PSYoungGen: 141408K(233472K)->14672K(228352K) Eden: 137216K(137216K)->0K(143872K) From: 4192K(96256K)->14672K(84480K)
[195.767s][info][gc,heap        ] GC(665) ParOldGen: 556183K(667648K)->560359K(667648K)
[195.767s][info][gc,metaspace   ] GC(665) Metaspace: 18522K(18624K)->18522K(18624K) NonClass: 16694K(16768K)->16694K(16768K) Class: 1828K(1856K)->1828K(1856K)
[195.767s][info][gc             ] GC(665) Pause Young (Allocation Failure) 681M->561M(875M) 20.373ms
[195.767s][info][gc,cpu         ] GC(665) User=0.04s Sys=0.00s Real=0.02s
[196.030s][info][gc,start       ] GC(666) Pause Young (Allocation Failure)
[196.061s][info][gc,heap        ] GC(666) PSYoungGen: 158544K(228352K)->28640K(232960K) Eden: 143872K(143872K)->0K(143872K) From: 14672K(84480K)->28640K(89088K)
[196.061s][info][gc,heap        ] GC(666) ParOldGen: 560359K(667648K)->560359K(667648K)
[196.061s][info][gc,metaspace   ] GC(666) Metaspace: 18522K(18624K)->18522K(18624K) NonClass: 16694K(16768K)->16694K(16768K) Class: 1828K(1856K)->1828K(1856K)
[196.061s][info][gc             ] GC(666) Pause Young (Allocation Failure) 702M->575M(879M) 30.322ms
[196.061s][info][gc,cpu         ] GC(666) User=0.06s Sys=0.00s Real=0.03s
[196.427s][info][gc,start       ] GC(667) Pause Young (Allocation Failure)
[196.456s][info][gc,heap        ] GC(667) PSYoungGen: 172512K(232960K)->28656K(229376K) Eden: 143872K(143872K)->0K(155648K) From: 28640K(89088K)->28656K(73728K)
[196.456s][info][gc,heap        ] GC(667) ParOldGen: 560359K(667648K)->560359K(667648K)
[196.456s][info][gc,metaspace   ] GC(667) Metaspace: 18522K(18624K)->18522K(18624K) NonClass: 16694K(16768K)->16694K(16768K) Class: 1828K(1856K)->1828K(1856K)
[196.456s][info][gc             ] GC(667) Pause Young (Allocation Failure) 715M->575M(876M) 28.425ms
[196.456s][info][gc,cpu         ] GC(667) User=0.05s Sys=0.01s Real=0.03s
[196.805s][info][gc,start       ] GC(668) Pause Young (Allocation Failure)
[196.833s][info][gc,heap        ] GC(668) PSYoungGen: 184304K(229376K)->28672K(235008K) Eden: 155648K(155648K)->0K(155648K) From: 28656K(73728K)->28672K(79360K)
[196.833s][info][gc,heap        ] GC(668) ParOldGen: 560359K(667648K)->560359K(667648K)
[196.833s][info][gc,metaspace   ] GC(668) Metaspace: 18522K(18624K)->18522K(18624K) NonClass: 16694K(16768K)->16694K(16768K) Class: 1828K(1856K)->1828K(1856K)
[196.833s][info][gc             ] GC(668) Pause Young (Allocation Failure) 727M->575M(881M) 28.488ms
[196.833s][info][gc,cpu         ] GC(668) User=0.06s Sys=0.00s Real=0.02s
[197.153s][info][gc,start       ] GC(669) Pause Young (Allocation Failure)
[197.192s][info][gc,heap        ] GC(669) PSYoungGen: 184320K(235008K)->29024K(234496K) Eden: 155648K(155648K)->0K(167424K) From: 28672K(79360K)->29024K(67072K)
[197.192s][info][gc,heap        ] GC(669) ParOldGen: 560359K(667648K)->560359K(667648K)
[197.192s][info][gc,metaspace   ] GC(669) Metaspace: 18522K(18624K)->18522K(18624K) NonClass: 16694K(16768K)->16694K(16768K) Class: 1828K(1856K)->1828K(1856K)
[197.192s][info][gc             ] GC(669) Pause Young (Allocation Failure) 727M->575M(881M) 38.727ms
[197.192s][info][gc,cpu         ] GC(669) User=0.07s Sys=0.00s Real=0.04s
[197.364s][info][gc,start       ] GC(670) Pause Young (Allocation Failure)
[197.439s][info][gc,heap        ] GC(670) PSYoungGen: 196448K(234496K)->71136K(238592K) Eden: 167424K(167424K)->0K(167424K) From: 29024K(67072K)->71136K(71168K)
[197.439s][info][gc,heap        ] GC(670) ParOldGen: 560359K(667648K)->563167K(667648K)
[197.439s][info][gc,metaspace   ] GC(670) Metaspace: 18522K(18624K)->18522K(18624K) NonClass: 16694K(16768K)->16694K(16768K) Class: 1828K(1856K)->1828K(1856K)
[197.439s][info][gc             ] GC(670) Pause Young (Allocation Failure) 739M->619M(885M) 75.377ms
[197.439s][info][gc,cpu         ] GC(670) User=0.15s Sys=0.00s Real=0.07s
[197.640s][info][gc,start       ] GC(671) Pause Young (Allocation Failure)
[197.725s][info][gc,heap        ] GC(671) PSYoungGen: 238560K(238592K)->76464K(226816K) Eden: 167424K(167424K)->0K(142336K) From: 71136K(71168K)->76464K(84480K)
[197.725s][info][gc,heap        ] GC(671) ParOldGen: 563167K(667648K)->591864K(667648K)
[197.725s][info][gc,metaspace   ] GC(671) Metaspace: 18522K(18624K)->18522K(18624K) NonClass: 16694K(16768K)->16694K(16768K) Class: 1828K(1856K)->1828K(1856K)
[197.725s][info][gc             ] GC(671) Pause Young (Allocation Failure) 782M->652M(873M) 84.879ms
[197.725s][info][gc,cpu         ] GC(671) User=0.16s Sys=0.01s Real=0.09s
[197.919s][info][gc,start       ] GC(672) Pause Young (Allocation Failure)
[197.998s][info][gc,heap        ] GC(672) PSYoungGen: 218800K(226816K)->95728K(238080K) Eden: 142336K(142336K)->0K(142336K) From: 76464K(84480K)->95728K(95744K)
[197.998s][info][gc,heap        ] GC(672) ParOldGen: 591864K(667648K)->593512K(667648K)
[197.998s][info][gc,metaspace   ] GC(672) Metaspace: 18522K(18624K)->18522K(18624K) NonClass: 16694K(16768K)->16694K(16768K) Class: 1828K(1856K)->1828K(1856K)
[197.998s][info][gc             ] GC(672) Pause Young (Allocation Failure) 791M->673M(884M) 79.162ms
[197.998s][info][gc,cpu         ] GC(672) User=0.15s Sys=0.00s Real=0.08s
[198.144s][info][gc,start       ] GC(673) Pause Young (Allocation Failure)
[198.254s][info][gc,heap        ] GC(673) PSYoungGen: 238064K(238080K)->95728K(207360K) Eden: 142336K(142336K)->0K(111616K) From: 95728K(95744K)->95728K(95744K)
[198.254s][info][gc,heap        ] GC(673) ParOldGen: 593512K(667648K)->620816K(667648K)
[198.254s][info][gc,metaspace   ] GC(673) Metaspace: 18522K(18624K)->18522K(18624K) NonClass: 16694K(16768K)->16694K(16768K) Class: 1828K(1856K)->1828K(1856K)
[198.254s][info][gc             ] GC(673) Pause Young (Allocation Failure) 812M->699M(854M) 110.079ms
[198.254s][info][gc,cpu         ] GC(673) User=0.21s Sys=0.01s Real=0.11s
[198.369s][info][gc,start       ] GC(674) Pause Full (Allocation Failure)
[198.369s][info][gc,phases,start] GC(674) Marking Phase
[198.848s][info][gc,phases      ] GC(674) Marking Phase 479.268ms
[198.848s][info][gc,phases,start] GC(674) Summary Phase
[198.848s][info][gc,phases      ] GC(674) Summary Phase 0.028ms
[198.848s][info][gc,phases,start] GC(674) Forward
[198.978s][info][gc,phases      ] GC(674) Forward 129.904ms
[198.978s][info][gc,phases,start] GC(674) Adjust Pointers
[199.358s][info][gc,phases      ] GC(674) Adjust Pointers 379.672ms
[199.358s][info][gc,phases,start] GC(674) Compaction Phase
[199.569s][info][gc,phases      ] GC(674) Compaction Phase 211.247ms
[199.584s][info][gc,phases,start] GC(674) Post Compact
[199.586s][info][gc,phases      ] GC(674) Post Compact 2.471ms
[199.586s][info][gc,heap        ] GC(674) PSYoungGen: 207344K(207360K)->9184K(207360K) Eden: 111616K(111616K)->0K(111616K) From: 95728K(95744K)->9184K(95744K)
[199.586s][info][gc,heap        ] GC(674) ParOldGen: 620816K(667648K)->667253K(667648K)
[199.586s][info][gc,metaspace   ] GC(674) Metaspace: 18522K(18624K)->18522K(18624K) NonClass: 16694K(16768K)->16694K(16768K) Class: 1828K(1856K)->1828K(1856K)
[199.586s][info][gc             ] GC(674) Pause Full (Allocation Failure) 808M->660M(854M) 1217.540ms
[199.586s][info][gc,cpu         ] GC(674) User=2.35s Sys=0.02s Real=1.22s
[199.670s][info][gc,start       ] GC(675) Pause Full (Allocation Failure)
[199.670s][info][gc,phases,start] GC(675) Marking Phase
[200.156s][info][gc,phases      ] GC(675) Marking Phase 485.841ms
[200.156s][info][gc,phases,start] GC(675) Summary Phase
[200.156s][info][gc,phases      ] GC(675) Summary Phase 0.029ms
[200.156s][info][gc,phases,start] GC(675) Forward
[200.173s][info][gc,phases      ] GC(675) Forward 16.541ms
[200.173s][info][gc,phases,start] GC(675) Adjust Pointers
[200.506s][info][gc,phases      ] GC(675) Adjust Pointers 333.725ms
[200.506s][info][gc,phases,start] GC(675) Compaction Phase
[200.640s][info][gc,phases      ] GC(675) Compaction Phase 133.795ms
[200.643s][info][gc,phases,start] GC(675) Post Compact
[200.645s][info][gc,phases      ] GC(675) Post Compact 2.345ms
[200.645s][info][gc,heap        ] GC(675) PSYoungGen: 120800K(207360K)->9184K(207360K) Eden: 111616K(111616K)->0K(111616K) From: 9184K(95744K)->9184K(95744K)
[200.645s][info][gc,heap        ] GC(675) ParOldGen: 667253K(667648K)->667458K(667648K)
[200.645s][info][gc,metaspace   ] GC(675) Metaspace: 18522K(18624K)->18522K(18624K) NonClass: 16694K(16768K)->16694K(16768K) Class: 1828K(1856K)->1828K(1856K)
[200.645s][info][gc             ] GC(675) Pause Full (Allocation Failure) 769M->660M(854M) 975.533ms
[200.645s][info][gc,cpu         ] GC(675) User=1.90s Sys=0.00s Real=0.98s
[200.757s][info][gc,start       ] GC(676) Pause Full (Allocation Failure)
[200.758s][info][gc,phases,start] GC(676) Marking Phase
[201.242s][info][gc,phases      ] GC(676) Marking Phase 484.690ms
[201.242s][info][gc,phases,start] GC(676) Summary Phase
[201.242s][info][gc,phases      ] GC(676) Summary Phase 0.026ms
[201.242s][info][gc,phases,start] GC(676) Forward
[201.263s][info][gc,phases      ] GC(676) Forward 20.348ms
[201.263s][info][gc,phases,start] GC(676) Adjust Pointers
[201.602s][info][gc,phases      ] GC(676) Adjust Pointers 339.203ms
[201.602s][info][gc,phases,start] GC(676) Compaction Phase
[201.737s][info][gc,phases      ] GC(676) Compaction Phase 134.916ms
[201.741s][info][gc,phases,start] GC(676) Post Compact
[201.743s][info][gc,phases      ] GC(676) Post Compact 2.349ms
[201.743s][info][gc,heap        ] GC(676) PSYoungGen: 120800K(207360K)->10414K(222720K) Eden: 111616K(111616K)->10414K(111616K) From: 9184K(95744K)->0K(111104K)
[201.743s][info][gc,heap        ] GC(676) ParOldGen: 667458K(667648K)->667611K(667648K)
[201.743s][info][gc,metaspace   ] GC(676) Metaspace: 18522K(18624K)->18522K(18624K) NonClass: 16694K(16768K)->16694K(16768K) Class: 1828K(1856K)->1828K(1856K)
[201.743s][info][gc             ] GC(676) Pause Full (Allocation Failure) 769M->662M(869M) 985.468ms
[201.743s][info][gc,cpu         ] GC(676) User=1.94s Sys=0.00s Real=0.98s
[201.842s][info][gc,start       ] GC(677) Pause Full (Allocation Failure)
[201.842s][info][gc,phases,start] GC(677) Marking Phase
[202.327s][info][gc,phases      ] GC(677) Marking Phase 484.780ms
[202.327s][info][gc,phases,start] GC(677) Summary Phase
[202.327s][info][gc,phases      ] GC(677) Summary Phase 0.025ms
[202.327s][info][gc,phases,start] GC(677) Forward
[202.350s][info][gc,phases      ] GC(677) Forward 22.963ms
[202.350s][info][gc,phases,start] GC(677) Adjust Pointers
[202.690s][info][gc,phases      ] GC(677) Adjust Pointers 339.643ms
[202.690s][info][gc,phases,start] GC(677) Compaction Phase
[202.826s][info][gc,phases      ] GC(677) Compaction Phase 136.310ms
[202.830s][info][gc,phases,start] GC(677) Post Compact
[202.832s][info][gc,phases      ] GC(677) Post Compact 2.328ms
[202.832s][info][gc,heap        ] GC(677) PSYoungGen: 111616K(222720K)->13879K(207360K) Eden: 111616K(111616K)->13879K(111616K) From: 0K(111104K)->0K(95744K)
[202.832s][info][gc,heap        ] GC(677) ParOldGen: 667611K(667648K)->667611K(667648K)
[202.832s][info][gc,metaspace   ] GC(677) Metaspace: 18522K(18624K)->18522K(18624K) NonClass: 16694K(16768K)->16694K(16768K) Class: 1828K(1856K)->1828K(1856K)
[202.832s][info][gc             ] GC(677) Pause Full (Allocation Failure) 760M->665M(854M) 989.720ms
[202.832s][info][gc,cpu         ] GC(677) User=1.93s Sys=0.00s Real=0.99s
[202.960s][info][gc,start       ] GC(678) Pause Full (Allocation Failure)
[202.961s][info][gc,phases,start] GC(678) Marking Phase
[203.343s][info][gc,phases      ] GC(678) Marking Phase 382.499ms
[203.343s][info][gc,phases,start] GC(678) Summary Phase
[203.343s][info][gc,phases      ] GC(678) Summary Phase 0.027ms
[203.343s][info][gc,phases,start] GC(678) Forward
[203.455s][info][gc,phases      ] GC(678) Forward 111.539ms
[203.455s][info][gc,phases,start] GC(678) Adjust Pointers
[203.746s][info][gc,phases      ] GC(678) Adjust Pointers 291.042ms
[203.746s][info][gc,phases,start] GC(678) Compaction Phase
[203.911s][info][gc,phases      ] GC(678) Compaction Phase 164.630ms
[203.919s][info][gc,phases,start] GC(678) Post Compact
[203.922s][info][gc,phases      ] GC(678) Post Compact 2.359ms
[203.922s][info][gc,heap        ] GC(678) PSYoungGen: 111616K(207360K)->0K(222720K) Eden: 111616K(111616K)->0K(111616K) From: 0K(95744K)->0K(111104K)
[203.922s][info][gc,heap        ] GC(678) ParOldGen: 667611K(667648K)->555493K(667648K)
[203.922s][info][gc,metaspace   ] GC(678) Metaspace: 18522K(18624K)->18522K(18624K) NonClass: 16694K(16768K)->16694K(16768K) Class: 1828K(1856K)->1828K(1856K)
[203.922s][info][gc             ] GC(678) Pause Full (Allocation Failure) 760M->542M(869M) 961.450ms
[203.922s][info][gc,cpu         ] GC(678) User=1.84s Sys=0.01s Real=0.96s
[204.107s][info][gc,start       ] GC(679) Pause Young (Allocation Failure)
[204.124s][info][gc,heap        ] GC(679) PSYoungGen: 111616K(222720K)->13296K(222720K) Eden: 111616K(111616K)->0K(111616K) From: 0K(111104K)->13296K(111104K)
[204.124s][info][gc,heap        ] GC(679) ParOldGen: 555493K(667648K)->555493K(667648K)
[204.124s][info][gc,metaspace   ] GC(679) Metaspace: 18522K(18624K)->18522K(18624K) NonClass: 16694K(16768K)->16694K(16768K) Class: 1828K(1856K)->1828K(1856K)
[204.124s][info][gc             ] GC(679) Pause Young (Allocation Failure) 651M->555M(869M) 17.445ms
[204.124s][info][gc,cpu         ] GC(679) User=0.03s Sys=0.00s Real=0.02s
[204.290s][info][gc,start       ] GC(680) Pause Young (Allocation Failure)
[204.315s][info][gc,heap        ] GC(680) PSYoungGen: 124912K(222720K)->23452K(222720K) Eden: 111616K(111616K)->0K(111616K) From: 13296K(111104K)->23452K(111104K)
[204.316s][info][gc,heap        ] GC(680) ParOldGen: 555493K(667648K)->555493K(667648K)
[204.316s][info][gc,metaspace   ] GC(680) Metaspace: 18522K(18624K)->18522K(18624K) NonClass: 16694K(16768K)->16694K(16768K) Class: 1828K(1856K)->1828K(1856K)
[204.316s][info][gc             ] GC(680) Pause Young (Allocation Failure) 664M->565M(869M) 25.382ms
[204.316s][info][gc,cpu         ] GC(680) User=0.05s Sys=0.00s Real=0.03s
[204.494s][info][gc,start       ] GC(681) Pause Young (Allocation Failure)
[204.531s][info][gc,heap        ] GC(681) PSYoungGen: 135068K(222720K)->14128K(222720K) Eden: 111616K(111616K)->0K(111616K) From: 23452K(111104K)->14128K(111104K)
[204.531s][info][gc,heap        ] GC(681) ParOldGen: 555493K(667648K)->578977K(667648K)
[204.531s][info][gc,metaspace   ] GC(681) Metaspace: 18523K(18624K)->18523K(18624K) NonClass: 16694K(16768K)->16694K(16768K) Class: 1828K(1856K)->1828K(1856K)
[204.531s][info][gc             ] GC(681) Pause Young (Allocation Failure) 674M->579M(869M) 36.704ms
[204.531s][info][gc,cpu         ] GC(681) User=0.08s Sys=0.00s Real=0.03s
[204.696s][info][gc,start       ] GC(682) Pause Young (Allocation Failure)
[204.707s][info][gc,heap        ] GC(682) PSYoungGen: 125744K(222720K)->7456K(222720K) Eden: 111616K(111616K)->0K(111616K) From: 14128K(111104K)->7456K(111104K)
[204.707s][info][gc,heap        ] GC(682) ParOldGen: 578977K(667648K)->583393K(667648K)
[204.707s][info][gc,metaspace   ] GC(682) Metaspace: 18527K(18624K)->18527K(18624K) NonClass: 16699K(16768K)->16699K(16768K) Class: 1828K(1856K)->1828K(1856K)
[204.707s][info][gc             ] GC(682) Pause Young (Allocation Failure) 688M->577M(869M) 11.650ms
[204.707s][info][gc,cpu         ] GC(682) User=0.02s Sys=0.00s Real=0.01s
[204.808s][info][gc,start       ] GC(683) Pause Young (Allocation Failure)
[204.829s][info][gc,heap        ] GC(683) PSYoungGen: 119072K(222720K)->18656K(222720K) Eden: 111616K(111616K)->0K(111616K) From: 7456K(111104K)->18656K(111104K)
[204.830s][info][gc,heap        ] GC(683) ParOldGen: 583393K(667648K)->590858K(667648K)
[204.830s][info][gc,metaspace   ] GC(683) Metaspace: 18527K(18624K)->18527K(18624K) NonClass: 16699K(16768K)->16699K(16768K) Class: 1828K(1856K)->1828K(1856K)
[204.830s][info][gc             ] GC(683) Pause Young (Allocation Failure) 686M->595M(869M) 21.373ms
[204.830s][info][gc,cpu         ] GC(683) User=0.05s Sys=0.00s Real=0.02s
[204.976s][info][gc,start       ] GC(684) Pause Young (Allocation Failure)
[205.007s][info][gc,heap        ] GC(684) PSYoungGen: 130272K(222720K)->15136K(222720K) Eden: 111616K(111616K)->0K(111616K) From: 18656K(111104K)->15136K(111104K)
[205.007s][info][gc,heap        ] GC(684) ParOldGen: 590858K(667648K)->609450K(667648K)
[205.007s][info][gc,metaspace   ] GC(684) Metaspace: 18527K(18624K)->18527K(18624K) NonClass: 16699K(16768K)->16699K(16768K) Class: 1828K(1856K)->1828K(1856K)
[205.007s][info][gc             ] GC(684) Pause Young (Allocation Failure) 704M->609M(869M) 30.698ms
[205.007s][info][gc,cpu         ] GC(684) User=0.06s Sys=0.00s Real=0.03s
[205.115s][info][gc,start       ] GC(685) Pause Young (Allocation Failure)
[205.138s][info][gc,heap        ] GC(685) PSYoungGen: 126752K(222720K)->3264K(220672K) Eden: 111616K(111616K)->0K(111616K) From: 15136K(111104K)->3264K(109056K)
[205.138s][info][gc,heap        ] GC(685) ParOldGen: 609450K(667648K)->624610K(667648K)
[205.138s][info][gc,metaspace   ] GC(685) Metaspace: 18529K(18624K)->18529K(18624K) NonClass: 16701K(16768K)->16701K(16768K) Class: 1828K(1856K)->1828K(1856K)
[205.138s][info][gc             ] GC(685) Pause Young (Allocation Failure) 718M->613M(867M) 22.879ms
[205.138s][info][gc,cpu         ] GC(685) User=0.04s Sys=0.00s Real=0.02s
[205.380s][info][gc,start       ] GC(686) Pause Young (Allocation Failure)
[205.388s][info][gc,heap        ] GC(686) PSYoungGen: 114880K(220672K)->5024K(116736K) Eden: 111616K(111616K)->0K(111616K) From: 3264K(109056K)->5024K(5120K)
[205.388s][info][gc,heap        ] GC(686) ParOldGen: 624610K(667648K)->624610K(667648K)
[205.388s][info][gc,metaspace   ] GC(686) Metaspace: 18532K(18624K)->18532K(18624K) NonClass: 16704K(16768K)->16704K(16768K) Class: 1828K(1856K)->1828K(1856K)
[205.388s][info][gc             ] GC(686) Pause Young (Allocation Failure) 722M->614M(766M) 7.872ms
[205.388s][info][gc,cpu         ] GC(686) User=0.02s Sys=0.00s Real=0.01s
[205.567s][info][gc,start       ] GC(687) Pause Young (Allocation Failure)
[205.579s][info][gc,heap        ] GC(687) PSYoungGen: 116640K(116736K)->10064K(212992K) Eden: 111616K(111616K)->0K(115200K) From: 5024K(5120K)->10064K(97792K)
[205.579s][info][gc,heap        ] GC(687) ParOldGen: 624610K(667648K)->624610K(667648K)
[205.579s][info][gc,metaspace   ] GC(687) Metaspace: 18535K(18624K)->18535K(18624K) NonClass: 16706K(16768K)->16706K(16768K) Class: 1828K(1856K)->1828K(1856K)
[205.579s][info][gc             ] GC(687) Pause Young (Allocation Failure) 723M->619M(860M) 11.388ms
[205.579s][info][gc,cpu         ] GC(687) User=0.02s Sys=0.01s Real=0.01s
[205.690s][info][gc,start       ] GC(688) Pause Young (Allocation Failure)
[205.713s][info][gc,heap        ] GC(688) PSYoungGen: 125264K(212992K)->21808K(137216K) Eden: 115200K(115200K)->0K(115200K) From: 10064K(97792K)->21808K(22016K)
[205.713s][info][gc,heap        ] GC(688) ParOldGen: 624610K(667648K)->624610K(667648K)
[205.713s][info][gc,metaspace   ] GC(688) Metaspace: 18535K(18624K)->18535K(18624K) NonClass: 16706K(16768K)->16706K(16768K) Class: 1828K(1856K)->1828K(1856K)
[205.713s][info][gc             ] GC(688) Pause Young (Allocation Failure) 732M->631M(786M) 22.159ms
[205.713s][info][gc,cpu         ] GC(688) User=0.04s Sys=0.00s Real=0.02s
[205.836s][info][gc,start       ] GC(689) Pause Young (Allocation Failure)
[205.871s][info][gc,heap        ] GC(689) PSYoungGen: 137008K(137216K)->44064K(213504K) Eden: 115200K(115200K)->0K(118784K) From: 21808K(22016K)->44064K(94720K)
[205.871s][info][gc,heap        ] GC(689) ParOldGen: 624610K(667648K)->624610K(667648K)
[205.871s][info][gc,metaspace   ] GC(689) Metaspace: 18535K(18624K)->18535K(18624K) NonClass: 16706K(16768K)->16706K(16768K) Class: 1828K(1856K)->1828K(1856K)
[205.871s][info][gc             ] GC(689) Pause Young (Allocation Failure) 743M->653M(860M) 35.105ms
[205.871s][info][gc,cpu         ] GC(689) User=0.07s Sys=0.00s Real=0.03s
[205.951s][info][gc,start       ] GC(690) Pause Young (Allocation Failure)
[206.013s][info][gc,heap        ] GC(690) PSYoungGen: 162848K(213504K)->86528K(213504K) Eden: 118784K(118784K)->0K(118784K) From: 44064K(94720K)->86528K(94720K)
[206.013s][info][gc,heap        ] GC(690) ParOldGen: 624610K(667648K)->624610K(667648K)
[206.013s][info][gc,metaspace   ] GC(690) Metaspace: 18535K(18624K)->18535K(18624K) NonClass: 16706K(16768K)->16706K(16768K) Class: 1828K(1856K)->1828K(1856K)
[206.013s][info][gc             ] GC(690) Pause Young (Allocation Failure) 769M->694M(860M) 61.363ms
[206.013s][info][gc,cpu         ] GC(690) User=0.12s Sys=0.00s Real=0.06s
[206.197s][info][gc,start       ] GC(691) Pause Young (Allocation Failure)
[206.270s][info][gc,heap        ] GC(691) PSYoungGen: 205312K(213504K)->100832K(221696K) Eden: 118784K(118784K)->0K(111616K) From: 86528K(94720K)->100832K(110080K)
[206.270s][info][gc,heap        ] GC(691) ParOldGen: 624610K(667648K)->624610K(667648K)
[206.270s][info][gc,metaspace   ] GC(691) Metaspace: 18535K(18624K)->18535K(18624K) NonClass: 16706K(16768K)->16706K(16768K) Class: 1828K(1856K)->1828K(1856K)
[206.270s][info][gc             ] GC(691) Pause Young (Allocation Failure) 810M->708M(868M) 73.605ms
[206.270s][info][gc,cpu         ] GC(691) User=0.14s Sys=0.00s Real=0.07s
[206.426s][info][gc,start       ] GC(692) Pause Young (Allocation Failure)
[206.502s][info][gc,heap        ] GC(692) PSYoungGen: 212448K(221696K)->94240K(222720K) Eden: 111616K(111616K)->0K(111616K) From: 100832K(110080K)->94240K(111104K)
[206.502s][info][gc,heap        ] GC(692) ParOldGen: 624610K(667648K)->629626K(667648K)
[206.502s][info][gc,metaspace   ] GC(692) Metaspace: 18535K(18624K)->18535K(18624K) NonClass: 16706K(16768K)->16706K(16768K) Class: 1828K(1856K)->1828K(1856K)
[206.502s][info][gc             ] GC(692) Pause Young (Allocation Failure) 817M->706M(869M) 76.666ms
[206.502s][info][gc,cpu         ] GC(692) User=0.15s Sys=0.00s Real=0.07s
[206.627s][info][gc,start       ] GC(693) Pause Young (Allocation Failure)
[206.732s][info][gc,heap        ] GC(693) PSYoungGen: 205856K(222720K)->111072K(222720K) Eden: 111616K(111616K)->0K(111616K) From: 94240K(111104K)->111072K(111104K)
[206.732s][info][gc,heap        ] GC(693) ParOldGen: 629626K(667648K)->638162K(667648K)
[206.732s][info][gc,metaspace   ] GC(693) Metaspace: 18535K(18624K)->18535K(18624K) NonClass: 16706K(16768K)->16706K(16768K) Class: 1828K(1856K)->1828K(1856K)
[206.732s][info][gc             ] GC(693) Pause Young (Allocation Failure) 815M->731M(869M) 105.482ms
[206.732s][info][gc,cpu         ] GC(693) User=0.20s Sys=0.01s Real=0.10s
[206.868s][info][gc,start       ] GC(694) Pause Full (Allocation Failure)
[206.868s][info][gc,phases,start] GC(694) Marking Phase
[207.232s][info][gc,phases      ] GC(694) Marking Phase 363.701ms
[207.232s][info][gc,phases,start] GC(694) Summary Phase
[207.232s][info][gc,phases      ] GC(694) Summary Phase 0.030ms
[207.232s][info][gc,phases,start] GC(694) Forward
[207.319s][info][gc,phases      ] GC(694) Forward 86.336ms
[207.319s][info][gc,phases,start] GC(694) Adjust Pointers
[207.596s][info][gc,phases      ] GC(694) Adjust Pointers 277.526ms
[207.596s][info][gc,phases,start] GC(694) Compaction Phase
[207.733s][info][gc,phases      ] GC(694) Compaction Phase 136.603ms
[207.741s][info][gc,phases,start] GC(694) Post Compact
[207.744s][info][gc,phases      ] GC(694) Post Compact 2.574ms
[207.744s][info][gc,heap        ] GC(694) PSYoungGen: 222688K(222720K)->0K(222720K) Eden: 111616K(111616K)->0K(111616K) From: 111072K(111104K)->0K(111104K)
[207.744s][info][gc,heap        ] GC(694) ParOldGen: 638162K(667648K)->541088K(667648K)
[207.744s][info][gc,metaspace   ] GC(694) Metaspace: 18535K(18624K)->18535K(18624K) NonClass: 16706K(16768K)->16706K(16768K) Class: 1828K(1856K)->1828K(1856K)
[207.744s][info][gc             ] GC(694) Pause Full (Allocation Failure) 840M->528M(869M) 875.688ms
[207.744s][info][gc,cpu         ] GC(694) User=1.67s Sys=0.00s Real=0.88s
[207.825s][info][gc,start       ] GC(695) Pause Young (Allocation Failure)
[207.832s][info][gc,heap        ] GC(695) PSYoungGen: 111616K(222720K)->4320K(222720K) Eden: 111616K(111616K)->0K(111616K) From: 0K(111104K)->4320K(111104K)
[207.832s][info][gc,heap        ] GC(695) ParOldGen: 541088K(667648K)->541088K(667648K)
[207.832s][info][gc,metaspace   ] GC(695) Metaspace: 18535K(18624K)->18535K(18624K) NonClass: 16706K(16768K)->16706K(16768K) Class: 1828K(1856K)->1828K(1856K)
[207.832s][info][gc             ] GC(695) Pause Young (Allocation Failure) 637M->532M(869M) 7.039ms
[207.832s][info][gc,cpu         ] GC(695) User=0.01s Sys=0.00s Real=0.00s
[207.940s][info][gc,start       ] GC(696) Pause Young (Allocation Failure)
[207.951s][info][gc,heap        ] GC(696) PSYoungGen: 115936K(222720K)->4928K(222720K) Eden: 111616K(111616K)->0K(111616K) From: 4320K(111104K)->4928K(111104K)
[207.951s][info][gc,heap        ] GC(696) ParOldGen: 541088K(667648K)->541088K(667648K)
[207.951s][info][gc,metaspace   ] GC(696) Metaspace: 18535K(18624K)->18535K(18624K) NonClass: 16706K(16768K)->16706K(16768K) Class: 1828K(1856K)->1828K(1856K)
[207.951s][info][gc             ] GC(696) Pause Young (Allocation Failure) 641M->533M(869M) 10.712ms
[207.951s][info][gc,cpu         ] GC(696) User=0.02s Sys=0.00s Real=0.01s
[208.070s][info][gc,start       ] GC(697) Pause Young (Allocation Failure)
[208.087s][info][gc,heap        ] GC(697) PSYoungGen: 116544K(222720K)->5056K(222720K) Eden: 111616K(111616K)->0K(111616K) From: 4928K(111104K)->5056K(111104K)
[208.087s][info][gc,heap        ] GC(697) ParOldGen: 541088K(667648K)->545384K(667648K)
[208.087s][info][gc,metaspace   ] GC(697) Metaspace: 18535K(18624K)->18535K(18624K) NonClass: 16706K(16768K)->16706K(16768K) Class: 1828K(1856K)->1828K(1856K)
[208.087s][info][gc             ] GC(697) Pause Young (Allocation Failure) 642M->537M(869M) 16.281ms
[208.087s][info][gc,cpu         ] GC(697) User=0.03s Sys=0.00s Real=0.02s
[208.209s][info][gc,start       ] GC(698) Pause Young (Allocation Failure)
[208.216s][info][gc,heap        ] GC(698) PSYoungGen: 116672K(222720K)->64K(222720K) Eden: 111616K(111616K)->0K(111616K) From: 5056K(111104K)->64K(111104K)
[208.216s][info][gc,heap        ] GC(698) ParOldGen: 545384K(667648K)->550440K(667648K)
[208.216s][info][gc,metaspace   ] GC(698) Metaspace: 18535K(18624K)->18535K(18624K) NonClass: 16706K(16768K)->16706K(16768K) Class: 1828K(1856K)->1828K(1856K)
[208.216s][info][gc             ] GC(698) Pause Young (Allocation Failure) 646M->537M(869M) 7.430ms
[208.216s][info][gc,cpu         ] GC(698) User=0.02s Sys=0.00s Real=0.01s
[208.405s][info][gc,start       ] GC(699) Pause Young (Allocation Failure)
[208.426s][info][gc,heap        ] GC(699) PSYoungGen: 111680K(222720K)->13280K(222720K) Eden: 111616K(111616K)->0K(111616K) From: 64K(111104K)->13280K(111104K)
[208.426s][info][gc,heap        ] GC(699) ParOldGen: 550440K(667648K)->550456K(667648K)
[208.426s][info][gc,metaspace   ] GC(699) Metaspace: 18535K(18624K)->18535K(18624K) NonClass: 16706K(16768K)->16706K(16768K) Class: 1828K(1856K)->1828K(1856K)
[208.426s][info][gc             ] GC(699) Pause Young (Allocation Failure) 646M->550M(869M) 20.416ms
[208.426s][info][gc,cpu         ] GC(699) User=0.04s Sys=0.00s Real=0.02s
[208.599s][info][gc,start       ] GC(700) Pause Young (Allocation Failure)
[208.635s][info][gc,heap        ] GC(700) PSYoungGen: 124896K(222720K)->15584K(222720K) Eden: 111616K(111616K)->0K(111616K) From: 13280K(111104K)->15584K(111104K)
[208.635s][info][gc,heap        ] GC(700) ParOldGen: 550456K(667648K)->563768K(667648K)
[208.635s][info][gc,metaspace   ] GC(700) Metaspace: 18535K(18624K)->18535K(18624K) NonClass: 16706K(16768K)->16706K(16768K) Class: 1828K(1856K)->1828K(1856K)
[208.635s][info][gc             ] GC(700) Pause Young (Allocation Failure) 659M->565M(869M) 36.383ms
[208.635s][info][gc,cpu         ] GC(700) User=0.07s Sys=0.00s Real=0.04s
[208.875s][info][gc,start       ] GC(701) Pause Young (Allocation Failure)
[208.902s][info][gc,heap        ] GC(701) PSYoungGen: 127200K(222720K)->14944K(222720K) Eden: 111616K(111616K)->0K(111616K) From: 15584K(111104K)->14944K(111104K)
[208.902s][info][gc,heap        ] GC(701) ParOldGen: 563768K(667648K)->579360K(667648K)
[208.902s][info][gc,metaspace   ] GC(701) Metaspace: 18535K(18624K)->18535K(18624K) NonClass: 16706K(16768K)->16706K(16768K) Class: 1828K(1856K)->1828K(1856K)
[208.902s][info][gc             ] GC(701) Pause Young (Allocation Failure) 674M->580M(869M) 27.081ms
[208.902s][info][gc,cpu         ] GC(701) User=0.05s Sys=0.00s Real=0.02s
[209.005s][info][gc,start       ] GC(702) Pause Young (Allocation Failure)
[209.035s][info][gc,heap        ] GC(702) PSYoungGen: 126560K(222720K)->28192K(222720K) Eden: 111616K(111616K)->0K(111616K) From: 14944K(111104K)->28192K(111104K)
[209.035s][info][gc,heap        ] GC(702) ParOldGen: 579360K(667648K)->594449K(667648K)
[209.035s][info][gc,metaspace   ] GC(702) Metaspace: 18535K(18624K)->18535K(18624K) NonClass: 16706K(16768K)->16706K(16768K) Class: 1828K(1856K)->1828K(1856K)
[209.035s][info][gc             ] GC(702) Pause Young (Allocation Failure) 689M->608M(869M) 30.236ms
[209.035s][info][gc,cpu         ] GC(702) User=0.05s Sys=0.00s Real=0.03s
[209.168s][info][gc,start       ] GC(703) Pause Young (Allocation Failure)
[209.206s][info][gc,heap        ] GC(703) PSYoungGen: 139808K(222720K)->12096K(217600K) Eden: 111616K(111616K)->0K(111616K) From: 28192K(111104K)->12096K(105984K)
[209.206s][info][gc,heap        ] GC(703) ParOldGen: 594449K(667648K)->622709K(667648K)
[209.206s][info][gc,metaspace   ] GC(703) Metaspace: 18535K(18624K)->18535K(18624K) NonClass: 16707K(16768K)->16707K(16768K) Class: 1828K(1856K)->1828K(1856K)
[209.206s][info][gc             ] GC(703) Pause Young (Allocation Failure) 717M->619M(864M) 38.062ms
[209.207s][info][gc,cpu         ] GC(703) User=0.07s Sys=0.00s Real=0.04s
[209.388s][info][gc,start       ] GC(704) Pause Young (Allocation Failure)
[209.408s][info][gc,heap        ] GC(704) PSYoungGen: 123712K(217600K)->12128K(123904K) Eden: 111616K(111616K)->0K(111616K) From: 12096K(105984K)->12128K(12288K)
[209.408s][info][gc,heap        ] GC(704) ParOldGen: 622709K(667648K)->622709K(667648K)
[209.408s][info][gc,metaspace   ] GC(704) Metaspace: 18535K(18624K)->18535K(18624K) NonClass: 16707K(16768K)->16707K(16768K) Class: 1828K(1856K)->1828K(1856K)
[209.408s][info][gc             ] GC(704) Pause Young (Allocation Failure) 728M->619M(773M) 19.376ms
[209.408s][info][gc,cpu         ] GC(704) User=0.04s Sys=0.00s Real=0.02s
[209.551s][info][gc,start       ] GC(705) Pause Young (Allocation Failure)
[209.581s][info][gc,heap        ] GC(705) PSYoungGen: 123744K(123904K)->23744K(205312K) Eden: 111616K(111616K)->0K(116736K) From: 12128K(12288K)->23744K(88576K)
[209.581s][info][gc,heap        ] GC(705) ParOldGen: 622709K(667648K)->622709K(667648K)
[209.581s][info][gc,metaspace   ] GC(705) Metaspace: 18535K(18624K)->18535K(18624K) NonClass: 16707K(16768K)->16707K(16768K) Class: 1828K(1856K)->1828K(1856K)
[209.581s][info][gc             ] GC(705) Pause Young (Allocation Failure) 728M->631M(852M) 30.189ms
[209.581s][info][gc,cpu         ] GC(705) User=0.06s Sys=0.00s Real=0.03s
[209.684s][info][gc,start       ] GC(706) Pause Young (Allocation Failure)
[209.723s][info][gc,heap        ] GC(706) PSYoungGen: 140480K(205312K)->34432K(212480K) Eden: 116736K(116736K)->0K(116736K) From: 23744K(88576K)->34432K(95744K)
[209.723s][info][gc,heap        ] GC(706) ParOldGen: 622709K(667648K)->622709K(667648K)
[209.723s][info][gc,metaspace   ] GC(706) Metaspace: 18535K(18624K)->18535K(18624K) NonClass: 16707K(16768K)->16707K(16768K) Class: 1828K(1856K)->1828K(1856K)
[209.723s][info][gc             ] GC(706) Pause Young (Allocation Failure) 745M->641M(859M) 39.430ms
[209.723s][info][gc,cpu         ] GC(706) User=0.08s Sys=0.00s Real=0.03s
[209.833s][info][gc,start       ] GC(707) Pause Young (Allocation Failure)
[209.875s][info][gc,heap        ] GC(707) PSYoungGen: 151168K(212480K)->37504K(210944K) Eden: 116736K(116736K)->0K(123392K) From: 34432K(95744K)->37504K(87552K)
[209.875s][info][gc,heap        ] GC(707) ParOldGen: 622709K(667648K)->622709K(667648K)
[209.875s][info][gc,metaspace   ] GC(707) Metaspace: 18535K(18624K)->18535K(18624K) NonClass: 16707K(16768K)->16707K(16768K) Class: 1828K(1856K)->1828K(1856K)
[209.875s][info][gc             ] GC(707) Pause Young (Allocation Failure) 755M->644M(858M) 42.535ms
[209.875s][info][gc,cpu         ] GC(707) User=0.09s Sys=0.00s Real=0.05s
[210.018s][info][gc,start       ] GC(708) Pause Young (Allocation Failure)
[210.067s][info][gc,heap        ] GC(708) PSYoungGen: 160896K(210944K)->45632K(212992K) Eden: 123392K(123392K)->0K(123392K) From: 37504K(87552K)->45632K(89600K)
[210.067s][info][gc,heap        ] GC(708) ParOldGen: 622709K(667648K)->622709K(667648K)
[210.067s][info][gc,metaspace   ] GC(708) Metaspace: 18535K(18624K)->18535K(18624K) NonClass: 16707K(16768K)->16707K(16768K) Class: 1828K(1856K)->1828K(1856K)
[210.068s][info][gc             ] GC(708) Pause Young (Allocation Failure) 765M->652M(860M) 49.544ms
[210.068s][info][gc,cpu         ] GC(708) User=0.10s Sys=0.01s Real=0.05s
[210.317s][info][gc,start       ] GC(709) Pause Young (Allocation Failure)
[210.374s][info][gc,heap        ] GC(709) PSYoungGen: 169024K(212992K)->53152K(217600K) Eden: 123392K(123392K)->0K(128000K) From: 45632K(89600K)->53152K(89600K)
[210.374s][info][gc,heap        ] GC(709) ParOldGen: 622709K(667648K)->622709K(667648K)
[210.374s][info][gc,metaspace   ] GC(709) Metaspace: 18535K(18624K)->18535K(18624K) NonClass: 16707K(16768K)->16707K(16768K) Class: 1828K(1856K)->1828K(1856K)
[210.374s][info][gc             ] GC(709) Pause Young (Allocation Failure) 773M->660M(864M) 56.952ms
[210.374s][info][gc,cpu         ] GC(709) User=0.12s Sys=0.00s Real=0.06s
[210.647s][info][gc,start       ] GC(710) Pause Young (Allocation Failure)
[210.703s][info][gc,heap        ] GC(710) PSYoungGen: 181152K(217600K)->53120K(220160K) Eden: 128000K(128000K)->0K(128000K) From: 53152K(89600K)->53120K(92160K)
[210.703s][info][gc,heap        ] GC(710) ParOldGen: 622709K(667648K)->622709K(667648K)
[210.703s][info][gc,metaspace   ] GC(710) Metaspace: 18535K(18624K)->18535K(18624K) NonClass: 16707K(16768K)->16707K(16768K) Class: 1828K(1856K)->1828K(1856K)
[210.703s][info][gc             ] GC(710) Pause Young (Allocation Failure) 785M->659M(867M) 56.288ms
[210.703s][info][gc,cpu         ] GC(710) User=0.12s Sys=0.00s Real=0.05s
[210.960s][info][gc,start       ] GC(711) Pause Young (Allocation Failure)
[211.016s][info][gc,heap        ] GC(711) PSYoungGen: 181120K(220160K)->53120K(228352K) Eden: 128000K(128000K)->0K(134144K) From: 53120K(92160K)->53120K(94208K)
[211.017s][info][gc,heap        ] GC(711) ParOldGen: 622709K(667648K)->622709K(667648K)
[211.017s][info][gc,metaspace   ] GC(711) Metaspace: 18535K(18624K)->18535K(18624K) NonClass: 16707K(16768K)->16707K(16768K) Class: 1828K(1856K)->1828K(1856K)
[211.017s][info][gc             ] GC(711) Pause Young (Allocation Failure) 784M->659M(875M) 56.997ms
[211.017s][info][gc,cpu         ] GC(711) User=0.12s Sys=0.00s Real=0.06s
[211.283s][info][gc,start       ] GC(712) Pause Young (Allocation Failure)
[211.345s][info][gc,heap        ] GC(712) PSYoungGen: 187264K(228352K)->56032K(229376K) Eden: 134144K(134144K)->0K(134144K) From: 53120K(94208K)->56032K(95232K)
[211.345s][info][gc,heap        ] GC(712) ParOldGen: 622709K(667648K)->622709K(667648K)
[211.345s][info][gc,metaspace   ] GC(712) Metaspace: 18546K(18624K)->18546K(18624K) NonClass: 16718K(16768K)->16718K(16768K) Class: 1828K(1856K)->1828K(1856K)
[211.345s][info][gc             ] GC(712) Pause Young (Allocation Failure) 790M->662M(876M) 61.497ms
[211.345s][info][gc,cpu         ] GC(712) User=0.12s Sys=0.00s Real=0.06s
[211.405s][info][gc,start       ] GC(713) Pause Young (Allocation Failure)
[211.511s][info][gc,heap        ] GC(713) PSYoungGen: 190176K(229376K)->96736K(208384K) Eden: 134144K(134144K)->0K(111616K) From: 56032K(95232K)->96736K(96768K)
[211.511s][info][gc,heap        ] GC(713) ParOldGen: 622709K(667648K)->629029K(667648K)
[211.511s][info][gc,metaspace   ] GC(713) Metaspace: 18546K(18624K)->18546K(18624K) NonClass: 16718K(16768K)->16718K(16768K) Class: 1828K(1856K)->1828K(1856K)
[211.511s][info][gc             ] GC(713) Pause Young (Allocation Failure) 793M->708M(855M) 105.401ms
[211.511s][info][gc,cpu         ] GC(713) User=0.18s Sys=0.02s Real=0.10s
[211.667s][info][gc,start       ] GC(714) Pause Young (Allocation Failure)
[211.761s][info][gc,heap        ] GC(714) PSYoungGen: 208352K(208384K)->111072K(222720K) Eden: 111616K(111616K)->0K(111616K) From: 96736K(96768K)->111072K(111104K)
[211.761s][info][gc,heap        ] GC(714) ParOldGen: 629029K(667648K)->638533K(667648K)
[211.761s][info][gc,metaspace   ] GC(714) Metaspace: 18546K(18624K)->18546K(18624K) NonClass: 16718K(16768K)->16718K(16768K) Class: 1828K(1856K)->1828K(1856K)
[211.761s][info][gc             ] GC(714) Pause Young (Allocation Failure) 817M->732M(869M) 94.184ms
[211.761s][info][gc,cpu         ] GC(714) User=0.19s Sys=0.00s Real=0.09s
[211.865s][info][gc,start       ] GC(715) Pause Young (Allocation Failure)
[211.953s][info][gc,heap        ] GC(715) PSYoungGen: 222688K(222720K)->92784K(222720K) Eden: 111616K(111616K)->0K(111616K) From: 111072K(111104K)->92784K(111104K)
[211.953s][info][gc,heap        ] GC(715) ParOldGen: 638533K(667648K)->659213K(667648K)
[211.953s][info][gc,metaspace   ] GC(715) Metaspace: 18546K(18624K)->18546K(18624K) NonClass: 16718K(16768K)->16718K(16768K) Class: 1828K(1856K)->1828K(1856K)
[211.953s][info][gc             ] GC(715) Pause Young (Allocation Failure) 841M->734M(869M) 87.562ms
[211.953s][info][gc,cpu         ] GC(715) User=0.18s Sys=0.01s Real=0.08s
[212.120s][info][gc,start       ] GC(716) Pause Full (Allocation Failure)
[212.120s][info][gc,phases,start] GC(716) Marking Phase
[212.396s][info][gc,phases      ] GC(716) Marking Phase 276.152ms
[212.396s][info][gc,phases,start] GC(716) Summary Phase
[212.396s][info][gc,phases      ] GC(716) Summary Phase 0.029ms
[212.396s][info][gc,phases,start] GC(716) Forward
[212.500s][info][gc,phases      ] GC(716) Forward 103.690ms
[212.500s][info][gc,phases,start] GC(716) Adjust Pointers
[212.709s][info][gc,phases      ] GC(716) Adjust Pointers 209.627ms
[212.709s][info][gc,phases,start] GC(716) Compaction Phase
[212.840s][info][gc,phases      ] GC(716) Compaction Phase 130.509ms
[212.853s][info][gc,phases,start] GC(716) Post Compact
[212.856s][info][gc,phases      ] GC(716) Post Compact 2.574ms
[212.856s][info][gc,heap        ] GC(716) PSYoungGen: 204400K(222720K)->0K(222720K) Eden: 111616K(111616K)->0K(111616K) From: 92784K(111104K)->0K(111104K)
[212.856s][info][gc,heap        ] GC(716) ParOldGen: 659213K(667648K)->420594K(667648K)
[212.856s][info][gc,metaspace   ] GC(716) Metaspace: 18546K(18624K)->18546K(18624K) NonClass: 16718K(16768K)->16718K(16768K) Class: 1828K(1856K)->1828K(1856K)
[212.856s][info][gc             ] GC(716) Pause Full (Allocation Failure) 843M->410M(869M) 736.228ms
[212.856s][info][gc,cpu         ] GC(716) User=1.35s Sys=0.00s Real=0.74s
[213.001s][info][gc,start       ] GC(717) Pause Young (Allocation Failure)
[213.006s][info][gc,heap        ] GC(717) PSYoungGen: 111616K(222720K)->5769K(222720K) Eden: 111616K(111616K)->0K(111616K) From: 0K(111104K)->5769K(111104K)
[213.006s][info][gc,heap        ] GC(717) ParOldGen: 420594K(667648K)->420594K(667648K)
[213.006s][info][gc,metaspace   ] GC(717) Metaspace: 18548K(18624K)->18548K(18624K) NonClass: 16719K(16768K)->16719K(16768K) Class: 1828K(1856K)->1828K(1856K)
[213.006s][info][gc             ] GC(717) Pause Young (Allocation Failure) 519M->416M(869M) 5.087ms
[213.006s][info][gc,cpu         ] GC(717) User=0.01s Sys=0.00s Real=0.01s
[213.055s][info][gc,start       ] GC(718) Pause Young (Allocation Failure)
[213.083s][info][gc,heap        ] GC(718) PSYoungGen: 117385K(222720K)->41273K(222720K) Eden: 111616K(111616K)->0K(111616K) From: 5769K(111104K)->41273K(111104K)
[213.083s][info][gc,heap        ] GC(718) ParOldGen: 420594K(667648K)->420594K(667648K)
[213.083s][info][gc,metaspace   ] GC(718) Metaspace: 18548K(18624K)->18548K(18624K) NonClass: 16719K(16768K)->16719K(16768K) Class: 1828K(1856K)->1828K(1856K)
[213.084s][info][gc             ] GC(718) Pause Young (Allocation Failure) 525M->451M(869M) 28.029ms
[213.084s][info][gc,cpu         ] GC(718) User=0.06s Sys=0.00s Real=0.03s
[213.162s][info][gc,start       ] GC(719) Pause Young (Allocation Failure)
[213.206s][info][gc,heap        ] GC(719) PSYoungGen: 152889K(222720K)->72489K(222720K) Eden: 111616K(111616K)->0K(111616K) From: 41273K(111104K)->72489K(111104K)
[213.206s][info][gc,heap        ] GC(719) ParOldGen: 420594K(667648K)->420594K(667648K)
[213.206s][info][gc,metaspace   ] GC(719) Metaspace: 18549K(18624K)->18549K(18624K) NonClass: 16720K(16768K)->16720K(16768K) Class: 1828K(1856K)->1828K(1856K)
[213.206s][info][gc             ] GC(719) Pause Young (Allocation Failure) 560M->481M(869M) 44.264ms
[213.206s][info][gc,cpu         ] GC(719) User=0.09s Sys=0.00s Real=0.05s
[213.318s][info][gc,start       ] GC(720) Pause Young (Allocation Failure)
[213.362s][info][gc,heap        ] GC(720) PSYoungGen: 184105K(222720K)->74825K(222720K) Eden: 111616K(111616K)->0K(111616K) From: 72489K(111104K)->74825K(111104K)
[213.362s][info][gc,heap        ] GC(720) ParOldGen: 420594K(667648K)->420594K(667648K)
[213.362s][info][gc,metaspace   ] GC(720) Metaspace: 18549K(18624K)->18549K(18624K) NonClass: 16720K(16768K)->16720K(16768K) Class: 1828K(1856K)->1828K(1856K)
[213.362s][info][gc             ] GC(720) Pause Young (Allocation Failure) 590M->483M(869M) 43.932ms
[213.362s][info][gc,cpu         ] GC(720) User=0.09s Sys=0.00s Real=0.04s
[213.464s][info][gc,start       ] GC(721) Pause Young (Allocation Failure)
[213.509s][info][gc,heap        ] GC(721) PSYoungGen: 186441K(222720K)->70656K(222720K) Eden: 111616K(111616K)->0K(111616K) From: 74825K(111104K)->70656K(111104K)
[213.509s][info][gc,heap        ] GC(721) ParOldGen: 420594K(667648K)->426372K(667648K)
[213.509s][info][gc,metaspace   ] GC(721) Metaspace: 18552K(18624K)->18552K(18624K) NonClass: 16724K(16768K)->16724K(16768K) Class: 1828K(1856K)->1828K(1856K)
[213.509s][info][gc             ] GC(721) Pause Young (Allocation Failure) 592M->485M(869M) 45.142ms
[213.509s][info][gc,cpu         ] GC(721) User=0.09s Sys=0.00s Real=0.04s
[213.634s][info][gc,start       ] GC(722) Pause Young (Allocation Failure)
[213.709s][info][gc,heap        ] GC(722) PSYoungGen: 182272K(222720K)->22560K(222720K) Eden: 111616K(111616K)->0K(111616K) From: 70656K(111104K)->22560K(111104K)
[213.709s][info][gc,heap        ] GC(722) ParOldGen: 426372K(667648K)->493947K(667648K)
[213.709s][info][gc,metaspace   ] GC(722) Metaspace: 18552K(18624K)->18552K(18624K) NonClass: 16724K(16768K)->16724K(16768K) Class: 1828K(1856K)->1828K(1856K)
[213.709s][info][gc             ] GC(722) Pause Young (Allocation Failure) 594M->504M(869M) 74.970ms
[213.709s][info][gc,cpu         ] GC(722) User=0.15s Sys=0.00s Real=0.07s
[213.836s][info][gc,start       ] GC(723) Pause Young (Allocation Failure)
[213.869s][info][gc,heap        ] GC(723) PSYoungGen: 134176K(222720K)->18688K(222720K) Eden: 111616K(111616K)->0K(111616K) From: 22560K(111104K)->18688K(111104K)
[213.869s][info][gc,heap        ] GC(723) ParOldGen: 493947K(667648K)->497883K(667648K)
[213.869s][info][gc,metaspace   ] GC(723) Metaspace: 18552K(18624K)->18552K(18624K) NonClass: 16724K(16768K)->16724K(16768K) Class: 1828K(1856K)->1828K(1856K)
[213.869s][info][gc             ] GC(723) Pause Young (Allocation Failure) 613M->504M(869M) 33.146ms
[213.870s][info][gc,cpu         ] GC(723) User=0.06s Sys=0.00s Real=0.03s
[213.995s][info][gc,start       ] GC(724) Pause Young (Allocation Failure)
[214.019s][info][gc,heap        ] GC(724) PSYoungGen: 130304K(222720K)->64K(222720K) Eden: 111616K(111616K)->0K(111616K) From: 18688K(111104K)->64K(111104K)
[214.019s][info][gc,heap        ] GC(724) ParOldGen: 497883K(667648K)->516579K(667648K)
[214.019s][info][gc,metaspace   ] GC(724) Metaspace: 18552K(18624K)->18552K(18624K) NonClass: 16724K(16768K)->16724K(16768K) Class: 1828K(1856K)->1828K(1856K)
[214.019s][info][gc             ] GC(724) Pause Young (Allocation Failure) 613M->504M(869M) 24.659ms
[214.019s][info][gc,cpu         ] GC(724) User=0.05s Sys=0.00s Real=0.02s
[214.144s][info][gc,start       ] GC(725) Pause Young (Allocation Failure)
[214.146s][info][gc,heap        ] GC(725) PSYoungGen: 111680K(222720K)->64K(222720K) Eden: 111616K(111616K)->0K(111616K) From: 64K(111104K)->64K(111104K)
[214.146s][info][gc,heap        ] GC(725) ParOldGen: 516579K(667648K)->516579K(667648K)
[214.146s][info][gc,metaspace   ] GC(725) Metaspace: 18552K(18624K)->18552K(18624K) NonClass: 16724K(16768K)->16724K(16768K) Class: 1828K(1856K)->1828K(1856K)
[214.146s][info][gc             ] GC(725) Pause Young (Allocation Failure) 613M->504M(869M) 1.608ms
[214.146s][info][gc,cpu         ] GC(725) User=0.00s Sys=0.00s Real=0.00s
[214.275s][info][gc,start       ] GC(726) Pause Young (Allocation Failure)
[214.276s][info][gc,heap        ] GC(726) PSYoungGen: 111680K(222720K)->64K(222720K) Eden: 111616K(111616K)->0K(111616K) From: 64K(111104K)->64K(111104K)
[214.276s][info][gc,heap        ] GC(726) ParOldGen: 516579K(667648K)->516579K(667648K)
[214.276s][info][gc,metaspace   ] GC(726) Metaspace: 18552K(18624K)->18552K(18624K) NonClass: 16724K(16768K)->16724K(16768K) Class: 1828K(1856K)->1828K(1856K)
[214.276s][info][gc             ] GC(726) Pause Young (Allocation Failure) 613M->504M(869M) 1.649ms
[214.276s][info][gc,cpu         ] GC(726) User=0.00s Sys=0.00s Real=0.00s
[214.400s][info][gc,start       ] GC(727) Pause Young (Allocation Failure)
[214.403s][info][gc,heap        ] GC(727) PSYoungGen: 111680K(222720K)->64K(222720K) Eden: 111616K(111616K)->0K(111616K) From: 64K(111104K)->64K(111104K)
[214.403s][info][gc,heap        ] GC(727) ParOldGen: 516579K(667648K)->516579K(667648K)
[214.403s][info][gc,metaspace   ] GC(727) Metaspace: 18552K(18624K)->18552K(18624K) NonClass: 16724K(16768K)->16724K(16768K) Class: 1828K(1856K)->1828K(1856K)
[214.403s][info][gc             ] GC(727) Pause Young (Allocation Failure) 613M->504M(869M) 2.629ms
[214.403s][info][gc,cpu         ] GC(727) User=0.01s Sys=0.00s Real=0.00s
[214.528s][info][gc,start       ] GC(728) Pause Young (Allocation Failure)
[214.530s][info][gc,heap        ] GC(728) PSYoungGen: 111680K(222720K)->64K(222720K) Eden: 111616K(111616K)->0K(111616K) From: 64K(111104K)->64K(111104K)
[214.530s][info][gc,heap        ] GC(728) ParOldGen: 516579K(667648K)->516579K(667648K)
[214.530s][info][gc,metaspace   ] GC(728) Metaspace: 18552K(18624K)->18552K(18624K) NonClass: 16724K(16768K)->16724K(16768K) Class: 1828K(1856K)->1828K(1856K)
[214.530s][info][gc             ] GC(728) Pause Young (Allocation Failure) 613M->504M(869M) 1.698ms
[214.530s][info][gc,cpu         ] GC(728) User=0.00s Sys=0.00s Real=0.00s
[214.653s][info][gc,start       ] GC(729) Pause Young (Allocation Failure)
[214.655s][info][gc,heap        ] GC(729) PSYoungGen: 111680K(222720K)->64K(222720K) Eden: 111616K(111616K)->0K(111616K) From: 64K(111104K)->64K(111104K)
[214.655s][info][gc,heap        ] GC(729) ParOldGen: 516579K(667648K)->516579K(667648K)
[214.655s][info][gc,metaspace   ] GC(729) Metaspace: 18552K(18624K)->18552K(18624K) NonClass: 16724K(16768K)->16724K(16768K) Class: 1828K(1856K)->1828K(1856K)
[214.655s][info][gc             ] GC(729) Pause Young (Allocation Failure) 613M->504M(869M) 1.728ms
[214.655s][info][gc,cpu         ] GC(729) User=0.01s Sys=0.00s Real=0.01s
[214.761s][info][gc,start       ] GC(730) Pause Young (Allocation Failure)
[214.776s][info][gc,heap        ] GC(730) PSYoungGen: 111680K(222720K)->12576K(124416K) Eden: 111616K(111616K)->0K(111616K) From: 64K(111104K)->12576K(12800K)
[214.776s][info][gc,heap        ] GC(730) ParOldGen: 516579K(667648K)->516579K(667648K)
[214.776s][info][gc,metaspace   ] GC(730) Metaspace: 18552K(18624K)->18552K(18624K) NonClass: 16724K(16768K)->16724K(16768K) Class: 1828K(1856K)->1828K(1856K)
[214.776s][info][gc             ] GC(730) Pause Young (Allocation Failure) 613M->516M(773M) 14.705ms
[214.776s][info][gc,cpu         ] GC(730) User=0.03s Sys=0.01s Real=0.02s
[214.878s][info][gc,start       ] GC(731) Pause Young (Allocation Failure)
[214.904s][info][gc,heap        ] GC(731) PSYoungGen: 124192K(124416K)->23872K(214016K) Eden: 111616K(111616K)->0K(116224K) From: 12576K(12800K)->23872K(97792K)
[214.904s][info][gc,heap        ] GC(731) ParOldGen: 516579K(667648K)->516579K(667648K)
[214.904s][info][gc,metaspace   ] GC(731) Metaspace: 18552K(18624K)->18552K(18624K) NonClass: 16724K(16768K)->16724K(16768K) Class: 1828K(1856K)->1828K(1856K)
[214.904s][info][gc             ] GC(731) Pause Young (Allocation Failure) 625M->527M(861M) 25.508ms
[214.904s][info][gc,cpu         ] GC(731) User=0.05s Sys=0.00s Real=0.03s
[215.001s][info][gc,start       ] GC(732) Pause Young (Allocation Failure)
[215.038s][info][gc,heap        ] GC(732) PSYoungGen: 140096K(214016K)->37600K(217600K) Eden: 116224K(116224K)->0K(116224K) From: 23872K(97792K)->37600K(101376K)
[215.038s][info][gc,heap        ] GC(732) ParOldGen: 516579K(667648K)->516579K(667648K)
[215.038s][info][gc,metaspace   ] GC(732) Metaspace: 18552K(18624K)->18552K(18624K) NonClass: 16724K(16768K)->16724K(16768K) Class: 1828K(1856K)->1828K(1856K)
[215.038s][info][gc             ] GC(732) Pause Young (Allocation Failure) 641M->541M(864M) 37.153ms
[215.038s][info][gc,cpu         ] GC(732) User=0.07s Sys=0.00s Real=0.04s
[215.110s][info][gc,start       ] GC(733) Pause Young (Allocation Failure)
[215.147s][info][gc,heap        ] GC(733) PSYoungGen: 153824K(217600K)->38016K(217600K) Eden: 116224K(116224K)->0K(123392K) From: 37600K(101376K)->38016K(94208K)
[215.147s][info][gc,heap        ] GC(733) ParOldGen: 516579K(667648K)->516579K(667648K)
[215.147s][info][gc,metaspace   ] GC(733) Metaspace: 18552K(18624K)->18552K(18624K) NonClass: 16724K(16768K)->16724K(16768K) Class: 1828K(1856K)->1828K(1856K)
[215.147s][info][gc             ] GC(733) Pause Young (Allocation Failure) 654M->541M(864M) 37.348ms
[215.147s][info][gc,cpu         ] GC(733) User=0.08s Sys=0.00s Real=0.04s
[215.252s][info][gc,start       ] GC(734) Pause Young (Allocation Failure)
[215.290s][info][gc,heap        ] GC(734) PSYoungGen: 161408K(217600K)->39232K(219136K) Eden: 123392K(123392K)->0K(123392K) From: 38016K(94208K)->39232K(95744K)
[215.290s][info][gc,heap        ] GC(734) ParOldGen: 516579K(667648K)->516579K(667648K)
[215.290s][info][gc,metaspace   ] GC(734) Metaspace: 18552K(18624K)->18552K(18624K) NonClass: 16724K(16768K)->16724K(16768K) Class: 1828K(1856K)->1828K(1856K)
[215.291s][info][gc             ] GC(734) Pause Young (Allocation Failure) 662M->542M(866M) 38.508ms
[215.291s][info][gc,cpu         ] GC(734) User=0.07s Sys=0.00s Real=0.04s
[215.392s][info][gc,start       ] GC(735) Pause Young (Allocation Failure)
[215.434s][info][gc,heap        ] GC(735) PSYoungGen: 162624K(219136K)->42816K(223744K) Eden: 123392K(123392K)->0K(132096K) From: 39232K(95744K)->42816K(91648K)
[215.434s][info][gc,heap        ] GC(735) ParOldGen: 516579K(667648K)->516579K(667648K)
[215.434s][info][gc,metaspace   ] GC(735) Metaspace: 18552K(18624K)->18552K(18624K) NonClass: 16724K(16768K)->16724K(16768K) Class: 1828K(1856K)->1828K(1856K)
[215.434s][info][gc             ] GC(735) Pause Young (Allocation Failure) 663M->546M(870M) 41.686ms
[215.434s][info][gc,cpu         ] GC(735) User=0.09s Sys=0.00s Real=0.05s
[215.526s][info][gc,start       ] GC(736) Pause Young (Allocation Failure)
[215.569s][info][gc,heap        ] GC(736) PSYoungGen: 174912K(223744K)->42912K(224256K) Eden: 132096K(132096K)->0K(132096K) From: 42816K(91648K)->42912K(92160K)
[215.569s][info][gc,heap        ] GC(736) ParOldGen: 516579K(667648K)->516579K(667648K)
[215.569s][info][gc,metaspace   ] GC(736) Metaspace: 18552K(18624K)->18552K(18624K) NonClass: 16724K(16768K)->16724K(16768K) Class: 1828K(1856K)->1828K(1856K)
[215.569s][info][gc             ] GC(736) Pause Young (Allocation Failure) 675M->546M(871M) 42.443ms
[215.569s][info][gc,cpu         ] GC(736) User=0.08s Sys=0.00s Real=0.04s
[215.721s][info][gc,start       ] GC(737) Pause Young (Allocation Failure)
[215.771s][info][gc,heap        ] GC(737) PSYoungGen: 175008K(224256K)->52352K(230400K) Eden: 132096K(132096K)->0K(139776K) From: 42912K(92160K)->52352K(90624K)
[215.771s][info][gc,heap        ] GC(737) ParOldGen: 516579K(667648K)->516579K(667648K)
[215.771s][info][gc,metaspace   ] GC(737) Metaspace: 18552K(18624K)->18552K(18624K) NonClass: 16724K(16768K)->16724K(16768K) Class: 1828K(1856K)->1828K(1856K)
[215.771s][info][gc             ] GC(737) Pause Young (Allocation Failure) 675M->555M(877M) 49.996ms
[215.771s][info][gc,cpu         ] GC(737) User=0.10s Sys=0.00s Real=0.05s
[215.889s][info][gc,start       ] GC(738) Pause Young (Allocation Failure)
[215.954s][info][gc,heap        ] GC(738) PSYoungGen: 192128K(230400K)->67984K(232448K) Eden: 139776K(139776K)->0K(139776K) From: 52352K(90624K)->67984K(92672K)
[215.954s][info][gc,heap        ] GC(738) ParOldGen: 516579K(667648K)->516579K(667648K)
[215.954s][info][gc,metaspace   ] GC(738) Metaspace: 18552K(18624K)->18552K(18624K) NonClass: 16724K(16768K)->16724K(16768K) Class: 1828K(1856K)->1828K(1856K)
[215.954s][info][gc             ] GC(738) Pause Young (Allocation Failure) 692M->570M(879M) 64.984ms
[215.954s][info][gc,cpu         ] GC(738) User=0.12s Sys=0.00s Real=0.07s
[216.127s][info][gc,start       ] GC(739) Pause Young (Allocation Failure)
[216.221s][info][gc,heap        ] GC(739) PSYoungGen: 207760K(232448K)->92112K(210944K) Eden: 139776K(139776K)->0K(111616K) From: 67984K(92672K)->92112K(99328K)
[216.221s][info][gc,heap        ] GC(739) ParOldGen: 516579K(667648K)->516579K(667648K)
[216.221s][info][gc,metaspace   ] GC(739) Metaspace: 18552K(18624K)->18552K(18624K) NonClass: 16724K(16768K)->16724K(16768K) Class: 1828K(1856K)->1828K(1856K)
[216.221s][info][gc             ] GC(739) Pause Young (Allocation Failure) 707M->594M(858M) 94.152ms
[216.221s][info][gc,cpu         ] GC(739) User=0.17s Sys=0.01s Real=0.09s
[216.348s][info][gc,start       ] GC(740) Pause Young (Allocation Failure)
[216.447s][info][gc,heap        ] GC(740) PSYoungGen: 203728K(210944K)->81904K(222720K) Eden: 111616K(111616K)->0K(111616K) From: 92112K(99328K)->81904K(111104K)
[216.447s][info][gc,heap        ] GC(740) ParOldGen: 516579K(667648K)->540483K(667648K)
[216.447s][info][gc,metaspace   ] GC(740) Metaspace: 18552K(18624K)->18552K(18624K) NonClass: 16724K(16768K)->16724K(16768K) Class: 1828K(1856K)->1828K(1856K)
[216.447s][info][gc             ] GC(740) Pause Young (Allocation Failure) 703M->607M(869M) 99.263ms
[216.447s][info][gc,cpu         ] GC(740) User=0.20s Sys=0.00s Real=0.10s
[216.546s][info][gc,start       ] GC(741) Pause Young (Allocation Failure)
[216.625s][info][gc,heap        ] GC(741) PSYoungGen: 193520K(222720K)->69280K(222720K) Eden: 111616K(111616K)->0K(111616K) From: 81904K(111104K)->69280K(111104K)
[216.625s][info][gc,heap        ] GC(741) ParOldGen: 540483K(667648K)->554699K(667648K)
[216.625s][info][gc,metaspace   ] GC(741) Metaspace: 18552K(18624K)->18552K(18624K) NonClass: 16724K(16768K)->16724K(16768K) Class: 1828K(1856K)->1828K(1856K)
[216.625s][info][gc             ] GC(741) Pause Young (Allocation Failure) 716M->609M(869M) 78.981ms
[216.625s][info][gc,cpu         ] GC(741) User=0.15s Sys=0.00s Real=0.08s
[216.736s][info][gc,start       ] GC(742) Pause Young (Allocation Failure)
[216.805s][info][gc,heap        ] GC(742) PSYoungGen: 180896K(222720K)->67728K(222720K) Eden: 111616K(111616K)->0K(111616K) From: 69280K(111104K)->67728K(111104K)
[216.805s][info][gc,heap        ] GC(742) ParOldGen: 554699K(667648K)->559531K(667648K)
[216.805s][info][gc,metaspace   ] GC(742) Metaspace: 18552K(18624K)->18552K(18624K) NonClass: 16724K(16768K)->16724K(16768K) Class: 1828K(1856K)->1828K(1856K)
[216.805s][info][gc             ] GC(742) Pause Young (Allocation Failure) 718M->612M(869M) 69.299ms
[216.805s][info][gc,cpu         ] GC(742) User=0.14s Sys=0.00s Real=0.07s
[216.927s][info][gc,start       ] GC(743) Pause Young (Allocation Failure)
[216.991s][info][gc,heap        ] GC(743) PSYoungGen: 179344K(222720K)->58720K(222720K) Eden: 111616K(111616K)->0K(111616K) From: 67728K(111104K)->58720K(111104K)
[216.992s][info][gc,heap        ] GC(743) ParOldGen: 559531K(667648K)->569099K(667648K)
[216.992s][info][gc,metaspace   ] GC(743) Metaspace: 18556K(18624K)->18556K(18624K) NonClass: 16728K(16768K)->16728K(16768K) Class: 1828K(1856K)->1828K(1856K)
[216.992s][info][gc             ] GC(743) Pause Young (Allocation Failure) 721M->613M(869M) 64.912ms
[216.992s][info][gc,cpu         ] GC(743) User=0.13s Sys=0.00s Real=0.06s
[217.112s][info][gc,start       ] GC(744) Pause Young (Allocation Failure)
[217.177s][info][gc,heap        ] GC(744) PSYoungGen: 170336K(222720K)->27808K(222720K) Eden: 111616K(111616K)->0K(111616K) From: 58720K(111104K)->27808K(111104K)
[217.177s][info][gc,heap        ] GC(744) ParOldGen: 569099K(667648K)->608988K(667648K)
[217.177s][info][gc,metaspace   ] GC(744) Metaspace: 18556K(18624K)->18556K(18624K) NonClass: 16728K(16768K)->16728K(16768K) Class: 1828K(1856K)->1828K(1856K)
[217.177s][info][gc             ] GC(744) Pause Young (Allocation Failure) 722M->621M(869M) 64.947ms
[217.177s][info][gc,cpu         ] GC(744) User=0.13s Sys=0.00s Real=0.07s
[217.309s][info][gc,start       ] GC(745) Pause Young (Allocation Failure)
[217.352s][info][gc,heap        ] GC(745) PSYoungGen: 139424K(222720K)->28992K(222720K) Eden: 111616K(111616K)->0K(111616K) From: 27808K(111104K)->28992K(111104K)
[217.352s][info][gc,heap        ] GC(745) ParOldGen: 608988K(667648K)->624148K(667648K)
[217.352s][info][gc,metaspace   ] GC(745) Metaspace: 18556K(18624K)->18556K(18624K) NonClass: 16728K(16768K)->16728K(16768K) Class: 1828K(1856K)->1828K(1856K)
[217.352s][info][gc             ] GC(745) Pause Young (Allocation Failure) 730M->637M(869M) 43.058ms
[217.352s][info][gc,cpu         ] GC(745) User=0.08s Sys=0.00s Real=0.04s
[217.621s][info][gc,start       ] GC(746) Pause Full (Allocation Failure)
[217.621s][info][gc,phases,start] GC(746) Marking Phase
[218.070s][info][gc,phases      ] GC(746) Marking Phase 448.737ms
[218.070s][info][gc,phases,start] GC(746) Summary Phase
[218.070s][info][gc,phases      ] GC(746) Summary Phase 0.026ms
[218.070s][info][gc,phases,start] GC(746) Forward
[218.177s][info][gc,phases      ] GC(746) Forward 107.084ms
[218.177s][info][gc,phases,start] GC(746) Adjust Pointers
[218.519s][info][gc,phases      ] GC(746) Adjust Pointers 341.957ms
[218.519s][info][gc,phases,start] GC(746) Compaction Phase
[218.724s][info][gc,phases      ] GC(746) Compaction Phase 204.304ms
[218.736s][info][gc,phases,start] GC(746) Post Compact
[218.738s][info][gc,phases      ] GC(746) Post Compact 2.327ms
[218.738s][info][gc,heap        ] GC(746) PSYoungGen: 140608K(222720K)->0K(222720K) Eden: 111616K(111616K)->0K(111616K) From: 28992K(111104K)->0K(111104K)
[218.738s][info][gc,heap        ] GC(746) ParOldGen: 624148K(667648K)->650990K(667648K)
[218.738s][info][gc,metaspace   ] GC(746) Metaspace: 18556K(18624K)->18556K(18624K) NonClass: 16728K(16768K)->16728K(16768K) Class: 1828K(1856K)->1828K(1856K)
[218.738s][info][gc             ] GC(746) Pause Full (Allocation Failure) 746M->635M(869M) 1116.858ms
[218.738s][info][gc,cpu         ] GC(746) User=2.19s Sys=0.00s Real=1.12s
[219.028s][info][gc,start       ] GC(747) Pause Full (Allocation Failure)
[219.028s][info][gc,phases,start] GC(747) Marking Phase
[219.480s][info][gc,phases      ] GC(747) Marking Phase 451.920ms
[219.480s][info][gc,phases,start] GC(747) Summary Phase
[219.480s][info][gc,phases      ] GC(747) Summary Phase 0.025ms
[219.480s][info][gc,phases,start] GC(747) Forward
[219.481s][info][gc,phases      ] GC(747) Forward 0.348ms
[219.481s][info][gc,phases,start] GC(747) Adjust Pointers
[219.778s][info][gc,phases      ] GC(747) Adjust Pointers 297.261ms
[219.778s][info][gc,phases,start] GC(747) Compaction Phase
[219.902s][info][gc,phases      ] GC(747) Compaction Phase 124.458ms
[219.902s][info][gc,phases,start] GC(747) Post Compact
[219.905s][info][gc,phases      ] GC(747) Post Compact 2.245ms
[219.905s][info][gc,heap        ] GC(747) PSYoungGen: 111616K(222720K)->0K(222720K) Eden: 111616K(111616K)->0K(111616K) From: 0K(111104K)->0K(111104K)
[219.905s][info][gc,heap        ] GC(747) ParOldGen: 650990K(667648K)->651037K(667648K)
[219.905s][info][gc,metaspace   ] GC(747) Metaspace: 18557K(18688K)->18557K(18688K) NonClass: 16728K(16832K)->16728K(16832K) Class: 1828K(1856K)->1828K(1856K)
[219.905s][info][gc             ] GC(747) Pause Full (Allocation Failure) 744M->635M(869M) 876.664ms
[219.905s][info][gc,cpu         ] GC(747) User=1.72s Sys=0.01s Real=0.88s
[220.215s][info][gc,start       ] GC(748) Pause Full (Allocation Failure)
[220.215s][info][gc,phases,start] GC(748) Marking Phase
[220.665s][info][gc,phases      ] GC(748) Marking Phase 449.814ms
[220.665s][info][gc,phases,start] GC(748) Summary Phase
[220.665s][info][gc,phases      ] GC(748) Summary Phase 0.026ms
[220.665s][info][gc,phases,start] GC(748) Forward
[220.665s][info][gc,phases      ] GC(748) Forward 0.405ms
[220.665s][info][gc,phases,start] GC(748) Adjust Pointers
[220.963s][info][gc,phases      ] GC(748) Adjust Pointers 297.374ms
[220.963s][info][gc,phases,start] GC(748) Compaction Phase
[221.089s][info][gc,phases      ] GC(748) Compaction Phase 125.722ms
[221.089s][info][gc,phases,start] GC(748) Post Compact
[221.091s][info][gc,phases      ] GC(748) Post Compact 2.218ms
[221.091s][info][gc,heap        ] GC(748) PSYoungGen: 111616K(222720K)->0K(222720K) Eden: 111616K(111616K)->0K(111616K) From: 0K(111104K)->0K(111104K)
[221.091s][info][gc,heap        ] GC(748) ParOldGen: 651037K(667648K)->651076K(667648K)
[221.091s][info][gc,metaspace   ] GC(748) Metaspace: 18557K(18688K)->18557K(18688K) NonClass: 16728K(16832K)->16728K(16832K) Class: 1828K(1856K)->1828K(1856K)
[221.091s][info][gc             ] GC(748) Pause Full (Allocation Failure) 744M->635M(869M) 876.002ms
[221.091s][info][gc,cpu         ] GC(748) User=1.71s Sys=0.00s Real=0.87s
[221.345s][info][gc,start       ] GC(749) Pause Full (Allocation Failure)
[221.345s][info][gc,phases,start] GC(749) Marking Phase
[221.795s][info][gc,phases      ] GC(749) Marking Phase 450.509ms
[221.796s][info][gc,phases,start] GC(749) Summary Phase
[221.796s][info][gc,phases      ] GC(749) Summary Phase 0.026ms
[221.796s][info][gc,phases,start] GC(749) Forward
[221.796s][info][gc,phases      ] GC(749) Forward 0.321ms
[221.796s][info][gc,phases,start] GC(749) Adjust Pointers
[222.095s][info][gc,phases      ] GC(749) Adjust Pointers 299.261ms
[222.095s][info][gc,phases,start] GC(749) Compaction Phase
[222.221s][info][gc,phases      ] GC(749) Compaction Phase 126.091ms
[222.221s][info][gc,phases,start] GC(749) Post Compact
[222.224s][info][gc,phases      ] GC(749) Post Compact 2.229ms
[222.224s][info][gc,heap        ] GC(749) PSYoungGen: 111616K(222720K)->0K(222720K) Eden: 111616K(111616K)->0K(111616K) From: 0K(111104K)->0K(111104K)
[222.224s][info][gc,heap        ] GC(749) ParOldGen: 651076K(667648K)->651079K(667648K)
[222.224s][info][gc,metaspace   ] GC(749) Metaspace: 18557K(18688K)->18557K(18688K) NonClass: 16728K(16832K)->16728K(16832K) Class: 1828K(1856K)->1828K(1856K)
[222.224s][info][gc             ] GC(749) Pause Full (Allocation Failure) 744M->635M(869M) 878.889ms
[222.224s][info][gc,cpu         ] GC(749) User=1.72s Sys=0.00s Real=0.88s
[222.467s][info][gc,start       ] GC(750) Pause Full (Allocation Failure)
[222.467s][info][gc,phases,start] GC(750) Marking Phase
[222.921s][info][gc,phases      ] GC(750) Marking Phase 454.261ms
[222.921s][info][gc,phases,start] GC(750) Summary Phase
[222.921s][info][gc,phases      ] GC(750) Summary Phase 0.029ms
[222.921s][info][gc,phases,start] GC(750) Forward
[222.921s][info][gc,phases      ] GC(750) Forward 0.335ms
[222.921s][info][gc,phases,start] GC(750) Adjust Pointers
[223.224s][info][gc,phases      ] GC(750) Adjust Pointers 302.415ms
[223.224s][info][gc,phases,start] GC(750) Compaction Phase
[223.350s][info][gc,phases      ] GC(750) Compaction Phase 125.830ms
[223.350s][info][gc,phases,start] GC(750) Post Compact
[223.352s][info][gc,phases      ] GC(750) Post Compact 2.229ms
[223.352s][info][gc,heap        ] GC(750) PSYoungGen: 111616K(222720K)->0K(222720K) Eden: 111616K(111616K)->0K(111616K) From: 0K(111104K)->0K(111104K)
[223.352s][info][gc,heap        ] GC(750) ParOldGen: 651079K(667648K)->651084K(667648K)
[223.352s][info][gc,metaspace   ] GC(750) Metaspace: 18557K(18688K)->18557K(18688K) NonClass: 16728K(16832K)->16728K(16832K) Class: 1828K(1856K)->1828K(1856K)
[223.352s][info][gc             ] GC(750) Pause Full (Allocation Failure) 744M->635M(869M) 885.570ms
[223.352s][info][gc,cpu         ] GC(750) User=1.74s Sys=0.00s Real=0.88s
[223.641s][info][gc,start       ] GC(751) Pause Full (Allocation Failure)
[223.642s][info][gc,phases,start] GC(751) Marking Phase
[224.027s][info][gc,phases      ] GC(751) Marking Phase 385.607ms
[224.027s][info][gc,phases,start] GC(751) Summary Phase
[224.027s][info][gc,phases      ] GC(751) Summary Phase 0.027ms
[224.027s][info][gc,phases,start] GC(751) Forward
[224.108s][info][gc,phases      ] GC(751) Forward 80.735ms
[224.108s][info][gc,phases,start] GC(751) Adjust Pointers
[224.383s][info][gc,phases      ] GC(751) Adjust Pointers 275.245ms
[224.383s][info][gc,phases,start] GC(751) Compaction Phase
[224.520s][info][gc,phases      ] GC(751) Compaction Phase 136.499ms
[224.527s][info][gc,phases,start] GC(751) Post Compact
[224.530s][info][gc,phases      ] GC(751) Post Compact 2.278ms
[224.530s][info][gc,heap        ] GC(751) PSYoungGen: 111616K(222720K)->0K(222720K) Eden: 111616K(111616K)->0K(111616K) From: 0K(111104K)->0K(111104K)
[224.530s][info][gc,heap        ] GC(751) ParOldGen: 651084K(667648K)->556376K(667648K)
[224.530s][info][gc,metaspace   ] GC(751) Metaspace: 18557K(18688K)->18557K(18688K) NonClass: 16728K(16832K)->16728K(16832K) Class: 1828K(1856K)->1828K(1856K)
[224.530s][info][gc             ] GC(751) Pause Full (Allocation Failure) 744M->543M(869M) 888.302ms
[224.530s][info][gc,cpu         ] GC(751) User=1.69s Sys=0.00s Real=0.89s
[224.739s][info][gc,start       ] GC(752) Pause Young (Allocation Failure)
[224.743s][info][gc,heap        ] GC(752) PSYoungGen: 111616K(222720K)->2304K(222720K) Eden: 111616K(111616K)->0K(111616K) From: 0K(111104K)->2304K(111104K)
[224.743s][info][gc,heap        ] GC(752) ParOldGen: 556376K(667648K)->556376K(667648K)
[224.743s][info][gc,metaspace   ] GC(752) Metaspace: 18557K(18688K)->18557K(18688K) NonClass: 16728K(16832K)->16728K(16832K) Class: 1828K(1856K)->1828K(1856K)
[224.743s][info][gc             ] GC(752) Pause Young (Allocation Failure) 652M->545M(869M) 3.912ms
[224.743s][info][gc,cpu         ] GC(752) User=0.00s Sys=0.00s Real=0.00s
[224.819s][info][gc,start       ] GC(753) Pause Young (Allocation Failure)
[224.849s][info][gc,heap        ] GC(753) PSYoungGen: 113920K(222720K)->40848K(213504K) Eden: 111616K(111616K)->0K(111616K) From: 2304K(111104K)->40848K(101888K)
[224.849s][info][gc,heap        ] GC(753) ParOldGen: 556376K(667648K)->556376K(667648K)
[224.849s][info][gc,metaspace   ] GC(753) Metaspace: 18558K(18688K)->18558K(18688K) NonClass: 16730K(16832K)->16730K(16832K) Class: 1828K(1856K)->1828K(1856K)
[224.849s][info][gc             ] GC(753) Pause Young (Allocation Failure) 654M->583M(860M) 29.892ms
[224.849s][info][gc,cpu         ] GC(753) User=0.06s Sys=0.00s Real=0.03s
[224.964s][info][gc,start       ] GC(754) Pause Young (Allocation Failure)
[225.012s][info][gc,heap        ] GC(754) PSYoungGen: 152464K(213504K)->75392K(218112K) Eden: 111616K(111616K)->0K(111616K) From: 40848K(101888K)->75392K(106496K)
[225.012s][info][gc,heap        ] GC(754) ParOldGen: 556376K(667648K)->556376K(667648K)
[225.012s][info][gc,metaspace   ] GC(754) Metaspace: 18558K(18688K)->18558K(18688K) NonClass: 16730K(16832K)->16730K(16832K) Class: 1828K(1856K)->1828K(1856K)
[225.012s][info][gc             ] GC(754) Pause Young (Allocation Failure) 692M->616M(865M) 48.015ms
[225.012s][info][gc,cpu         ] GC(754) User=0.10s Sys=0.00s Real=0.04s
[225.124s][info][gc,start       ] GC(755) Pause Young (Allocation Failure)
[225.173s][info][gc,heap        ] GC(755) PSYoungGen: 187008K(218112K)->37344K(223232K) Eden: 111616K(111616K)->0K(115712K) From: 75392K(106496K)->37344K(107520K)
[225.173s][info][gc,heap        ] GC(755) ParOldGen: 556376K(667648K)->597672K(667648K)
[225.173s][info][gc,metaspace   ] GC(755) Metaspace: 18558K(18688K)->18558K(18688K) NonClass: 16730K(16832K)->16730K(16832K) Class: 1828K(1856K)->1828K(1856K)
[225.173s][info][gc             ] GC(755) Pause Young (Allocation Failure) 725M->620M(870M) 48.807ms
[225.173s][info][gc,cpu         ] GC(755) User=0.10s Sys=0.00s Real=0.04s
[225.355s][info][gc,start       ] GC(756) Pause Young (Allocation Failure)
[225.411s][info][gc,heap        ] GC(756) PSYoungGen: 153056K(223232K)->57110K(222720K) Eden: 115712K(115712K)->0K(115712K) From: 37344K(107520K)->57110K(107008K)
[225.411s][info][gc,heap        ] GC(756) ParOldGen: 597672K(667648K)->597672K(667648K)
[225.411s][info][gc,metaspace   ] GC(756) Metaspace: 18565K(18688K)->18565K(18688K) NonClass: 16737K(16832K)->16737K(16832K) Class: 1828K(1856K)->1828K(1856K)
[225.411s][info][gc             ] GC(756) Pause Young (Allocation Failure) 733M->639M(869M) 55.994ms
[225.411s][info][gc,cpu         ] GC(756) User=0.11s Sys=0.00s Real=0.05s
[225.594s][info][gc,start       ] GC(757) Pause Young (Allocation Failure)
[225.648s][info][gc,heap        ] GC(757) PSYoungGen: 172822K(222720K)->56822K(224768K) Eden: 115712K(115712K)->0K(121344K) From: 57110K(107008K)->56822K(103424K)
[225.648s][info][gc,heap        ] GC(757) ParOldGen: 597672K(667648K)->597672K(667648K)
[225.648s][info][gc,metaspace   ] GC(757) Metaspace: 18565K(18688K)->18565K(18688K) NonClass: 16737K(16832K)->16737K(16832K) Class: 1828K(1856K)->1828K(1856K)
[225.648s][info][gc             ] GC(757) Pause Young (Allocation Failure) 752M->639M(871M) 53.830ms
[225.648s][info][gc,cpu         ] GC(757) User=0.10s Sys=0.00s Real=0.05s
[225.854s][info][gc,start       ] GC(758) Pause Young (Allocation Failure)
[225.908s][info][gc,heap        ] GC(758) PSYoungGen: 178166K(224768K)->56982K(224768K) Eden: 121344K(121344K)->0K(121344K) From: 56822K(103424K)->56982K(103424K)
[225.908s][info][gc,heap        ] GC(758) ParOldGen: 597672K(667648K)->597672K(667648K)
[225.908s][info][gc,metaspace   ] GC(758) Metaspace: 18565K(18688K)->18565K(18688K) NonClass: 16737K(16832K)->16737K(16832K) Class: 1828K(1856K)->1828K(1856K)
[225.908s][info][gc             ] GC(758) Pause Young (Allocation Failure) 757M->639M(871M) 53.865ms
[225.908s][info][gc,cpu         ] GC(758) User=0.11s Sys=0.00s Real=0.05s
[226.066s][info][gc,start       ] GC(759) Pause Young (Allocation Failure)
[226.121s][info][gc,heap        ] GC(759) PSYoungGen: 178326K(224768K)->59286K(228352K) Eden: 121344K(121344K)->0K(128000K) From: 56982K(103424K)->59286K(100352K)
[226.121s][info][gc,heap        ] GC(759) ParOldGen: 597672K(667648K)->597672K(667648K)
[226.121s][info][gc,metaspace   ] GC(759) Metaspace: 18565K(18688K)->18565K(18688K) NonClass: 16737K(16832K)->16737K(16832K) Class: 1828K(1856K)->1828K(1856K)
[226.121s][info][gc             ] GC(759) Pause Young (Allocation Failure) 757M->641M(875M) 55.598ms
[226.121s][info][gc,cpu         ] GC(759) User=0.11s Sys=0.00s Real=0.05s
[226.203s][info][gc,start       ] GC(760) Pause Young (Allocation Failure)
[226.284s][info][gc,heap        ] GC(760) PSYoungGen: 187286K(228352K)->97110K(225280K) Eden: 128000K(128000K)->0K(128000K) From: 59286K(100352K)->97110K(97280K)
[226.284s][info][gc,heap        ] GC(760) ParOldGen: 597672K(667648K)->597672K(667648K)
[226.284s][info][gc,metaspace   ] GC(760) Metaspace: 18565K(18688K)->18565K(18688K) NonClass: 16737K(16832K)->16737K(16832K) Class: 1828K(1856K)->1828K(1856K)
[226.284s][info][gc             ] GC(760) Pause Young (Allocation Failure) 766M->678M(872M) 80.998ms
[226.284s][info][gc,cpu         ] GC(760) User=0.16s Sys=0.00s Real=0.09s
[226.349s][info][gc,start       ] GC(761) Pause Young (Allocation Failure)
[226.456s][info][gc,heap        ] GC(761) PSYoungGen: 225110K(225280K)->102966K(220160K) Eden: 128000K(128000K)->0K(111616K) From: 97110K(97280K)->102966K(108544K)
[226.456s][info][gc,heap        ] GC(761) ParOldGen: 597672K(667648K)->635343K(667648K)
[226.456s][info][gc,metaspace   ] GC(761) Metaspace: 18565K(18688K)->18565K(18688K) NonClass: 16737K(16832K)->16737K(16832K) Class: 1828K(1856K)->1828K(1856K)
[226.456s][info][gc             ] GC(761) Pause Young (Allocation Failure) 803M->721M(867M) 107.246ms
[226.456s][info][gc,cpu         ] GC(761) User=0.21s Sys=0.00s Real=0.11s
[226.591s][info][gc,start       ] GC(762) Pause Full (Allocation Failure)
[226.591s][info][gc,phases,start] GC(762) Marking Phase
[226.831s][info][gc,phases      ] GC(762) Marking Phase 239.452ms
[226.831s][info][gc,phases,start] GC(762) Summary Phase
[226.831s][info][gc,phases      ] GC(762) Summary Phase 0.030ms
[226.831s][info][gc,phases,start] GC(762) Forward
[226.919s][info][gc,phases      ] GC(762) Forward 87.839ms
[226.919s][info][gc,phases,start] GC(762) Adjust Pointers
[227.108s][info][gc,phases      ] GC(762) Adjust Pointers 188.888ms
[227.108s][info][gc,phases,start] GC(762) Compaction Phase
[227.218s][info][gc,phases      ] GC(762) Compaction Phase 110.031ms
[227.228s][info][gc,phases,start] GC(762) Post Compact
[227.230s][info][gc,phases      ] GC(762) Post Compact 2.526ms
[227.230s][info][gc,heap        ] GC(762) PSYoungGen: 214582K(220160K)->0K(222720K) Eden: 111616K(111616K)->0K(111616K) From: 102966K(108544K)->0K(111104K)
[227.230s][info][gc,heap        ] GC(762) ParOldGen: 635343K(667648K)->400391K(667648K)
[227.230s][info][gc,metaspace   ] GC(762) Metaspace: 18566K(18688K)->18566K(18688K) NonClass: 16737K(16832K)->16737K(16832K) Class: 1828K(1856K)->1828K(1856K)
[227.230s][info][gc             ] GC(762) Pause Full (Allocation Failure) 830M->391M(869M) 639.006ms
[227.230s][info][gc,cpu         ] GC(762) User=1.18s Sys=0.00s Real=0.64s
[227.342s][info][gc,start       ] GC(763) Pause Young (Allocation Failure)
[227.344s][info][gc,heap        ] GC(763) PSYoungGen: 111616K(222720K)->128K(222720K) Eden: 111616K(111616K)->0K(111616K) From: 0K(111104K)->128K(111104K)
[227.344s][info][gc,heap        ] GC(763) ParOldGen: 400391K(667648K)->400391K(667648K)
[227.344s][info][gc,metaspace   ] GC(763) Metaspace: 18566K(18688K)->18566K(18688K) NonClass: 16737K(16832K)->16737K(16832K) Class: 1828K(1856K)->1828K(1856K)
[227.344s][info][gc             ] GC(763) Pause Young (Allocation Failure) 500M->391M(869M) 1.661ms
[227.344s][info][gc,cpu         ] GC(763) User=0.00s Sys=0.00s Real=0.01s
[227.455s][info][gc,start       ] GC(764) Pause Young (Allocation Failure)
[227.457s][info][gc,heap        ] GC(764) PSYoungGen: 111744K(222720K)->224K(222720K) Eden: 111616K(111616K)->0K(111616K) From: 128K(111104K)->224K(111104K)
[227.457s][info][gc,heap        ] GC(764) ParOldGen: 400391K(667648K)->400391K(667648K)
[227.457s][info][gc,metaspace   ] GC(764) Metaspace: 18566K(18688K)->18566K(18688K) NonClass: 16737K(16832K)->16737K(16832K) Class: 1828K(1856K)->1828K(1856K)
[227.457s][info][gc             ] GC(764) Pause Young (Allocation Failure) 500M->391M(869M) 1.848ms
[227.457s][info][gc,cpu         ] GC(764) User=0.00s Sys=0.00s Real=0.00s
[227.569s][info][gc,start       ] GC(765) Pause Young (Allocation Failure)
[227.571s][info][gc,heap        ] GC(765) PSYoungGen: 111840K(222720K)->320K(222720K) Eden: 111616K(111616K)->0K(111616K) From: 224K(111104K)->320K(111104K)
[227.571s][info][gc,heap        ] GC(765) ParOldGen: 400391K(667648K)->400391K(667648K)
[227.571s][info][gc,metaspace   ] GC(765) Metaspace: 18566K(18688K)->18566K(18688K) NonClass: 16737K(16832K)->16737K(16832K) Class: 1828K(1856K)->1828K(1856K)
[227.571s][info][gc             ] GC(765) Pause Young (Allocation Failure) 500M->391M(869M) 1.993ms
[227.571s][info][gc,cpu         ] GC(765) User=0.01s Sys=0.00s Real=0.00s
[227.682s][info][gc,start       ] GC(766) Pause Young (Allocation Failure)
[227.684s][info][gc,heap        ] GC(766) PSYoungGen: 111936K(222720K)->224K(222720K) Eden: 111616K(111616K)->0K(111616K) From: 320K(111104K)->224K(111104K)
[227.684s][info][gc,heap        ] GC(766) ParOldGen: 400391K(667648K)->400567K(667648K)
[227.684s][info][gc,metaspace   ] GC(766) Metaspace: 18566K(18688K)->18566K(18688K) NonClass: 16737K(16832K)->16737K(16832K) Class: 1828K(1856K)->1828K(1856K)
[227.684s][info][gc             ] GC(766) Pause Young (Allocation Failure) 500M->391M(869M) 1.939ms
[227.684s][info][gc,cpu         ] GC(766) User=0.00s Sys=0.00s Real=0.01s
[227.795s][info][gc,start       ] GC(767) Pause Young (Allocation Failure)
[227.797s][info][gc,heap        ] GC(767) PSYoungGen: 111840K(222720K)->96K(222720K) Eden: 111616K(111616K)->0K(111616K) From: 224K(111104K)->96K(111104K)
[227.797s][info][gc,heap        ] GC(767) ParOldGen: 400567K(667648K)->400767K(667648K)
[227.797s][info][gc,metaspace   ] GC(767) Metaspace: 18566K(18688K)->18566K(18688K) NonClass: 16737K(16832K)->16737K(16832K) Class: 1828K(1856K)->1828K(1856K)
[227.797s][info][gc             ] GC(767) Pause Young (Allocation Failure) 500M->391M(869M) 1.830ms
[227.797s][info][gc,cpu         ] GC(767) User=0.01s Sys=0.00s Real=0.00s
[227.907s][info][gc,start       ] GC(768) Pause Young (Allocation Failure)
[227.909s][info][gc,heap        ] GC(768) PSYoungGen: 111712K(222720K)->128K(222720K) Eden: 111616K(111616K)->0K(111616K) From: 96K(111104K)->128K(111104K)
[227.909s][info][gc,heap        ] GC(768) ParOldGen: 400767K(667648K)->400839K(667648K)
[227.909s][info][gc,metaspace   ] GC(768) Metaspace: 18566K(18688K)->18566K(18688K) NonClass: 16737K(16832K)->16737K(16832K) Class: 1828K(1856K)->1828K(1856K)
[227.909s][info][gc             ] GC(768) Pause Young (Allocation Failure) 500M->391M(869M) 1.820ms
[227.909s][info][gc,cpu         ] GC(768) User=0.01s Sys=0.00s Real=0.00s
[228.017s][info][gc,start       ] GC(769) Pause Young (Allocation Failure)
[228.019s][info][gc,heap        ] GC(769) PSYoungGen: 111744K(222720K)->128K(222720K) Eden: 111616K(111616K)->0K(111616K) From: 128K(111104K)->128K(111104K)
[228.019s][info][gc,heap        ] GC(769) ParOldGen: 400839K(667648K)->400943K(667648K)
[228.019s][info][gc,metaspace   ] GC(769) Metaspace: 18566K(18688K)->18566K(18688K) NonClass: 16737K(16832K)->16737K(16832K) Class: 1828K(1856K)->1828K(1856K)
[228.019s][info][gc             ] GC(769) Pause Young (Allocation Failure) 500M->391M(869M) 1.855ms
[228.019s][info][gc,cpu         ] GC(769) User=0.00s Sys=0.00s Real=0.00s
[228.130s][info][gc,start       ] GC(770) Pause Young (Allocation Failure)
[228.131s][info][gc,heap        ] GC(770) PSYoungGen: 111744K(222720K)->128K(222720K) Eden: 111616K(111616K)->0K(111616K) From: 128K(111104K)->128K(111104K)
[228.131s][info][gc,heap        ] GC(770) ParOldGen: 400943K(667648K)->401039K(667648K)
[228.131s][info][gc,metaspace   ] GC(770) Metaspace: 18566K(18688K)->18566K(18688K) NonClass: 16737K(16832K)->16737K(16832K) Class: 1828K(1856K)->1828K(1856K)
[228.131s][info][gc             ] GC(770) Pause Young (Allocation Failure) 500M->391M(869M) 1.790ms
[228.131s][info][gc,cpu         ] GC(770) User=0.01s Sys=0.00s Real=0.00s
[228.256s][info][gc,start       ] GC(771) Pause Young (Allocation Failure)
[228.258s][info][gc,heap        ] GC(771) PSYoungGen: 111744K(222720K)->160K(220672K) Eden: 111616K(111616K)->0K(111616K) From: 128K(111104K)->160K(109056K)
[228.258s][info][gc,heap        ] GC(771) ParOldGen: 401039K(667648K)->401111K(667648K)
[228.258s][info][gc,metaspace   ] GC(771) Metaspace: 18566K(18688K)->18566K(18688K) NonClass: 16737K(16832K)->16737K(16832K) Class: 1828K(1856K)->1828K(1856K)
[228.258s][info][gc             ] GC(771) Pause Young (Allocation Failure) 500M->391M(867M) 2.042ms
[228.258s][info][gc,cpu         ] GC(771) User=0.01s Sys=0.00s Real=0.00s
[228.349s][info][gc,start       ] GC(772) Pause Young (Allocation Failure)
[228.367s][info][gc,heap        ] GC(772) PSYoungGen: 111776K(220672K)->9664K(121344K) Eden: 111616K(111616K)->0K(111616K) From: 160K(109056K)->9664K(9728K)
[228.367s][info][gc,heap        ] GC(772) ParOldGen: 401111K(667648K)->401111K(667648K)
[228.367s][info][gc,metaspace   ] GC(772) Metaspace: 18569K(18752K)->18569K(18752K) NonClass: 16740K(16896K)->16740K(16896K) Class: 1828K(1856K)->1828K(1856K)
[228.367s][info][gc             ] GC(772) Pause Young (Allocation Failure) 500M->401M(770M) 17.894ms
[228.367s][info][gc,cpu         ] GC(772) User=0.03s Sys=0.00s Real=0.02s
[228.472s][info][gc,start       ] GC(773) Pause Young (Allocation Failure)
[228.523s][info][gc,heap        ] GC(773) PSYoungGen: 121280K(121344K)->38411K(218112K) Eden: 111616K(111616K)->0K(116224K) From: 9664K(9728K)->38411K(101888K)
[228.523s][info][gc,heap        ] GC(773) ParOldGen: 401111K(667648K)->401111K(667648K)
[228.523s][info][gc,metaspace   ] GC(773) Metaspace: 18569K(18752K)->18569K(18752K) NonClass: 16740K(16896K)->16740K(16896K) Class: 1828K(1856K)->1828K(1856K)
[228.523s][info][gc             ] GC(773) Pause Young (Allocation Failure) 510M->429M(865M) 51.404ms
[228.523s][info][gc,cpu         ] GC(773) User=0.10s Sys=0.00s Real=0.05s
[228.636s][info][gc,start       ] GC(774) Pause Young (Allocation Failure)
[228.705s][info][gc,heap        ] GC(774) PSYoungGen: 154635K(218112K)->55179K(218112K) Eden: 116224K(116224K)->0K(116224K) From: 38411K(101888K)->55179K(101888K)
[228.705s][info][gc,heap        ] GC(774) ParOldGen: 401111K(667648K)->401111K(667648K)
[228.705s][info][gc,metaspace   ] GC(774) Metaspace: 18569K(18752K)->18569K(18752K) NonClass: 16740K(16896K)->16740K(16896K) Class: 1828K(1856K)->1828K(1856K)
[228.705s][info][gc             ] GC(774) Pause Young (Allocation Failure) 542M->445M(865M) 68.973ms
[228.705s][info][gc,cpu         ] GC(774) User=0.14s Sys=0.00s Real=0.07s
[228.774s][info][gc,start       ] GC(775) Pause Young (Allocation Failure)
[228.846s][info][gc,heap        ] GC(775) PSYoungGen: 171403K(218112K)->59339K(219648K) Eden: 116224K(116224K)->0K(113664K) From: 55179K(101888K)->59339K(105984K)
[228.846s][info][gc,heap        ] GC(775) ParOldGen: 401111K(667648K)->401111K(667648K)
[228.846s][info][gc,metaspace   ] GC(775) Metaspace: 18569K(18752K)->18569K(18752K) NonClass: 16740K(16896K)->16740K(16896K) Class: 1828K(1856K)->1828K(1856K)
[228.846s][info][gc             ] GC(775) Pause Young (Allocation Failure) 559M->449M(866M) 72.088ms
[228.846s][info][gc,cpu         ] GC(775) User=0.14s Sys=0.00s Real=0.07s
[228.939s][info][gc,start       ] GC(776) Pause Young (Allocation Failure)
[229.011s][info][gc,heap        ] GC(776) PSYoungGen: 173003K(219648K)->60619K(174592K) Eden: 113664K(113664K)->0K(113664K) From: 59339K(105984K)->60619K(60928K)
[229.011s][info][gc,heap        ] GC(776) ParOldGen: 401111K(667648K)->401111K(667648K)
[229.011s][info][gc,metaspace   ] GC(776) Metaspace: 18569K(18752K)->18569K(18752K) NonClass: 16740K(16896K)->16740K(16896K) Class: 1828K(1856K)->1828K(1856K)
[229.011s][info][gc             ] GC(776) Pause Young (Allocation Failure) 560M->450M(822M) 72.702ms
[229.011s][info][gc,cpu         ] GC(776) User=0.15s Sys=0.00s Real=0.07s
[229.104s][info][gc,start       ] GC(777) Pause Young (Allocation Failure)
[229.178s][info][gc,heap        ] GC(777) PSYoungGen: 174283K(174592K)->51339K(222720K) Eden: 113664K(113664K)->0K(111616K) From: 60619K(60928K)->51339K(111104K)
[229.178s][info][gc,heap        ] GC(777) ParOldGen: 401111K(667648K)->410807K(667648K)
[229.178s][info][gc,metaspace   ] GC(777) Metaspace: 18569K(18752K)->18569K(18752K) NonClass: 16740K(16896K)->16740K(16896K) Class: 1828K(1856K)->1828K(1856K)
[229.178s][info][gc             ] GC(777) Pause Young (Allocation Failure) 561M->451M(869M) 73.704ms
[229.178s][info][gc,cpu         ] GC(777) User=0.15s Sys=0.00s Real=0.07s
[229.270s][info][gc,start       ] GC(778) Pause Young (Allocation Failure)
[229.335s][info][gc,heap        ] GC(778) PSYoungGen: 162955K(222720K)->9280K(121344K) Eden: 111616K(111616K)->0K(111616K) From: 51339K(111104K)->9280K(9728K)
[229.335s][info][gc,heap        ] GC(778) ParOldGen: 410807K(667648K)->456479K(667648K)
[229.335s][info][gc,metaspace   ] GC(778) Metaspace: 18569K(18752K)->18569K(18752K) NonClass: 16740K(16896K)->16740K(16896K) Class: 1828K(1856K)->1828K(1856K)
[229.335s][info][gc             ] GC(778) Pause Young (Allocation Failure) 560M->454M(770M) 65.032ms
[229.335s][info][gc,cpu         ] GC(778) User=0.13s Sys=0.00s Real=0.07s
[229.415s][info][gc,start       ] GC(779) Pause Young (Allocation Failure)
[229.426s][info][gc,heap        ] GC(779) PSYoungGen: 120896K(121344K)->9280K(224768K) Eden: 111616K(111616K)->0K(115712K) From: 9280K(9728K)->9280K(109056K)
[229.426s][info][gc,heap        ] GC(779) ParOldGen: 456479K(667648K)->456479K(667648K)
[229.426s][info][gc,metaspace   ] GC(779) Metaspace: 18569K(18752K)->18569K(18752K) NonClass: 16740K(16896K)->16740K(16896K) Class: 1828K(1856K)->1828K(1856K)
[229.426s][info][gc             ] GC(779) Pause Young (Allocation Failure) 563M->454M(871M) 11.276ms
[229.426s][info][gc,cpu         ] GC(779) User=0.02s Sys=0.00s Real=0.01s
[229.561s][info][gc,start       ] GC(780) Pause Young (Allocation Failure)
[229.581s][info][gc,heap        ] GC(780) PSYoungGen: 124992K(224768K)->18784K(134656K) Eden: 115712K(115712K)->0K(115712K) From: 9280K(109056K)->18784K(18944K)
[229.581s][info][gc,heap        ] GC(780) ParOldGen: 456479K(667648K)->456479K(667648K)
[229.581s][info][gc,metaspace   ] GC(780) Metaspace: 18569K(18752K)->18569K(18752K) NonClass: 16740K(16896K)->16740K(16896K) Class: 1828K(1856K)->1828K(1856K)
[229.581s][info][gc             ] GC(780) Pause Young (Allocation Failure) 567M->464M(783M) 20.284ms
[229.581s][info][gc,cpu         ] GC(780) User=0.04s Sys=0.00s Real=0.02s
[229.668s][info][gc,start       ] GC(781) Pause Young (Allocation Failure)
[229.704s][info][gc,heap        ] GC(781) PSYoungGen: 134496K(134656K)->34496K(217088K) Eden: 115712K(115712K)->0K(123392K) From: 18784K(18944K)->34496K(93696K)
[229.704s][info][gc,heap        ] GC(781) ParOldGen: 456479K(667648K)->456479K(667648K)
[229.704s][info][gc,metaspace   ] GC(781) Metaspace: 18569K(18752K)->18569K(18752K) NonClass: 16740K(16896K)->16740K(16896K) Class: 1828K(1856K)->1828K(1856K)
[229.704s][info][gc             ] GC(781) Pause Young (Allocation Failure) 577M->479M(864M) 35.403ms
[229.704s][info][gc,cpu         ] GC(781) User=0.06s Sys=0.00s Real=0.04s
[229.904s][info][gc,start       ] GC(782) Pause Young (Allocation Failure)
[229.939s][info][gc,heap        ] GC(782) PSYoungGen: 157888K(217088K)->34560K(218112K) Eden: 123392K(123392K)->0K(123392K) From: 34496K(93696K)->34560K(94720K)
[229.939s][info][gc,heap        ] GC(782) ParOldGen: 456479K(667648K)->456479K(667648K)
[229.939s][info][gc,metaspace   ] GC(782) Metaspace: 18569K(18752K)->18569K(18752K) NonClass: 16740K(16896K)->16740K(16896K) Class: 1828K(1856K)->1828K(1856K)
[229.939s][info][gc             ] GC(782) Pause Young (Allocation Failure) 599M->479M(865M) 35.257ms
[229.939s][info][gc,cpu         ] GC(782) User=0.07s Sys=0.00s Real=0.03s
[230.164s][info][gc,start       ] GC(783) Pause Young (Allocation Failure)
[230.200s][info][gc,heap        ] GC(783) PSYoungGen: 157952K(218112K)->34608K(211968K) Eden: 123392K(123392K)->0K(130560K) From: 34560K(94720K)->34608K(81408K)
[230.200s][info][gc,heap        ] GC(783) ParOldGen: 456479K(667648K)->456479K(667648K)
[230.200s][info][gc,metaspace   ] GC(783) Metaspace: 18569K(18752K)->18569K(18752K) NonClass: 16740K(16896K)->16740K(16896K) Class: 1828K(1856K)->1828K(1856K)
[230.200s][info][gc             ] GC(783) Pause Young (Allocation Failure) 600M->479M(859M) 35.258ms
[230.200s][info][gc,cpu         ] GC(783) User=0.07s Sys=0.00s Real=0.03s
[230.437s][info][gc,start       ] GC(784) Pause Young (Allocation Failure)
[230.474s][info][gc,heap        ] GC(784) PSYoungGen: 165168K(211968K)->34592K(216576K) Eden: 130560K(130560K)->0K(130560K) From: 34608K(81408K)->34592K(86016K)
[230.474s][info][gc,heap        ] GC(784) ParOldGen: 456479K(667648K)->456479K(667648K)
[230.474s][info][gc,metaspace   ] GC(784) Metaspace: 18569K(18752K)->18569K(18752K) NonClass: 16740K(16896K)->16740K(16896K) Class: 1828K(1856K)->1828K(1856K)
[230.474s][info][gc             ] GC(784) Pause Young (Allocation Failure) 607M->479M(863M) 37.012ms
[230.474s][info][gc,cpu         ] GC(784) User=0.08s Sys=0.00s Real=0.04s
[230.645s][info][gc,start       ] GC(785) Pause Young (Allocation Failure)
[230.699s][info][gc,heap        ] GC(785) PSYoungGen: 165152K(216576K)->50848K(217088K) Eden: 130560K(130560K)->0K(135168K) From: 34592K(86016K)->50848K(81920K)
[230.699s][info][gc,heap        ] GC(785) ParOldGen: 456479K(667648K)->456479K(667648K)
[230.699s][info][gc,metaspace   ] GC(785) Metaspace: 18569K(18752K)->18569K(18752K) NonClass: 16740K(16896K)->16740K(16896K) Class: 1828K(1856K)->1828K(1856K)
[230.699s][info][gc             ] GC(785) Pause Young (Allocation Failure) 607M->495M(864M) 53.380ms
[230.699s][info][gc,cpu         ] GC(785) User=0.11s Sys=0.00s Real=0.05s
[230.846s][info][gc,start       ] GC(786) Pause Young (Allocation Failure)
[230.916s][info][gc,heap        ] GC(786) PSYoungGen: 186016K(217088K)->70976K(219136K) Eden: 135168K(135168K)->0K(135168K) From: 50848K(81920K)->70976K(83968K)
[230.916s][info][gc,heap        ] GC(786) ParOldGen: 456479K(667648K)->456479K(667648K)
[230.916s][info][gc,metaspace   ] GC(786) Metaspace: 18569K(18752K)->18569K(18752K) NonClass: 16740K(16896K)->16740K(16896K) Class: 1828K(1856K)->1828K(1856K)
[230.916s][info][gc             ] GC(786) Pause Young (Allocation Failure) 627M->515M(866M) 69.906ms
[230.916s][info][gc,cpu         ] GC(786) User=0.14s Sys=0.00s Real=0.07s
[231.023s][info][gc,start       ] GC(787) Pause Young (Allocation Failure)
[231.105s][info][gc,heap        ] GC(787) PSYoungGen: 206144K(219136K)->79056K(220160K) Eden: 135168K(135168K)->0K(126976K) From: 70976K(83968K)->79056K(93184K)
[231.105s][info][gc,heap        ] GC(787) ParOldGen: 456479K(667648K)->456479K(667648K)
[231.105s][info][gc,metaspace   ] GC(787) Metaspace: 18569K(18752K)->18569K(18752K) NonClass: 16740K(16896K)->16740K(16896K) Class: 1828K(1856K)->1828K(1856K)
[231.106s][info][gc             ] GC(787) Pause Young (Allocation Failure) 647M->522M(867M) 82.458ms
[231.106s][info][gc,cpu         ] GC(787) User=0.16s Sys=0.01s Real=0.09s
[231.236s][info][gc,start       ] GC(788) Pause Young (Allocation Failure)
[231.315s][info][gc,heap        ] GC(788) PSYoungGen: 206032K(220160K)->80784K(207872K) Eden: 126976K(126976K)->0K(126976K) From: 79056K(93184K)->80784K(80896K)
[231.315s][info][gc,heap        ] GC(788) ParOldGen: 456479K(667648K)->456479K(667648K)
[231.315s][info][gc,metaspace   ] GC(788) Metaspace: 18569K(18752K)->18569K(18752K) NonClass: 16740K(16896K)->16740K(16896K) Class: 1828K(1856K)->1828K(1856K)
[231.315s][info][gc             ] GC(788) Pause Young (Allocation Failure) 646M->524M(855M) 78.448ms
[231.315s][info][gc,cpu         ] GC(788) User=0.15s Sys=0.01s Real=0.08s
[231.447s][info][gc,start       ] GC(789) Pause Young (Allocation Failure)
[231.527s][info][gc,heap        ] GC(789) PSYoungGen: 207760K(207872K)->80416K(222720K) Eden: 126976K(126976K)->0K(111616K) From: 80784K(80896K)->80416K(111104K)
[231.527s][info][gc,heap        ] GC(789) ParOldGen: 456479K(667648K)->461943K(667648K)
[231.527s][info][gc,metaspace   ] GC(789) Metaspace: 18569K(18752K)->18569K(18752K) NonClass: 16740K(16896K)->16740K(16896K) Class: 1828K(1856K)->1828K(1856K)
[231.528s][info][gc             ] GC(789) Pause Young (Allocation Failure) 648M->529M(869M) 80.577ms
[231.528s][info][gc,cpu         ] GC(789) User=0.16s Sys=0.00s Real=0.08s
[231.640s][info][gc,start       ] GC(790) Pause Young (Allocation Failure)
[231.715s][info][gc,heap        ] GC(790) PSYoungGen: 192032K(222720K)->76672K(222720K) Eden: 111616K(111616K)->0K(111616K) From: 80416K(111104K)->76672K(111104K)
[231.715s][info][gc,heap        ] GC(790) ParOldGen: 461943K(667648K)->465759K(667648K)
[231.715s][info][gc,metaspace   ] GC(790) Metaspace: 18571K(18752K)->18571K(18752K) NonClass: 16742K(16896K)->16742K(16896K) Class: 1828K(1856K)->1828K(1856K)
[231.715s][info][gc             ] GC(790) Pause Young (Allocation Failure) 638M->529M(869M) 75.296ms
[231.715s][info][gc,cpu         ] GC(790) User=0.14s Sys=0.00s Real=0.08s
[231.779s][info][gc,start       ] GC(791) Pause Young (Allocation Failure)
[231.852s][info][gc,heap        ] GC(791) PSYoungGen: 188288K(222720K)->67184K(222720K) Eden: 111616K(111616K)->0K(111616K) From: 76672K(111104K)->67184K(111104K)
[231.852s][info][gc,heap        ] GC(791) ParOldGen: 465759K(667648K)->475295K(667648K)
[231.852s][info][gc,metaspace   ] GC(791) Metaspace: 18571K(18752K)->18571K(18752K) NonClass: 16742K(16896K)->16742K(16896K) Class: 1828K(1856K)->1828K(1856K)
[231.852s][info][gc             ] GC(791) Pause Young (Allocation Failure) 638M->529M(869M) 72.806ms
[231.852s][info][gc,cpu         ] GC(791) User=0.15s Sys=0.00s Real=0.07s
[231.990s][info][gc,start       ] GC(792) Pause Young (Allocation Failure)
[232.060s][info][gc,heap        ] GC(792) PSYoungGen: 178800K(222720K)->58784K(222720K) Eden: 111616K(111616K)->0K(111616K) From: 67184K(111104K)->58784K(111104K)
[232.060s][info][gc,heap        ] GC(792) ParOldGen: 475295K(667648K)->491111K(667648K)
[232.060s][info][gc,metaspace   ] GC(792) Metaspace: 18571K(18752K)->18571K(18752K) NonClass: 16742K(16896K)->16742K(16896K) Class: 1828K(1856K)->1828K(1856K)
[232.060s][info][gc             ] GC(792) Pause Young (Allocation Failure) 638M->537M(869M) 70.100ms
[232.060s][info][gc,cpu         ] GC(792) User=0.14s Sys=0.00s Real=0.07s
[232.191s][info][gc,start       ] GC(793) Pause Young (Allocation Failure)
[232.256s][info][gc,heap        ] GC(793) PSYoungGen: 170400K(222720K)->67808K(222720K) Eden: 111616K(111616K)->0K(111616K) From: 58784K(111104K)->67808K(111104K)
[232.256s][info][gc,heap        ] GC(793) ParOldGen: 491111K(667648K)->491199K(667648K)
[232.256s][info][gc,metaspace   ] GC(793) Metaspace: 18571K(18752K)->18571K(18752K) NonClass: 16742K(16896K)->16742K(16896K) Class: 1828K(1856K)->1828K(1856K)
[232.256s][info][gc             ] GC(793) Pause Young (Allocation Failure) 646M->545M(869M) 64.824ms
[232.256s][info][gc,cpu         ] GC(793) User=0.13s Sys=0.00s Real=0.07s
[232.605s][info][gc,start       ] GC(794) Pause Young (Allocation Failure)
[232.670s][info][gc,heap        ] GC(794) PSYoungGen: 179424K(222720K)->31456K(222720K) Eden: 111616K(111616K)->0K(111616K) From: 67808K(111104K)->31456K(111104K)
[232.670s][info][gc,heap        ] GC(794) ParOldGen: 491199K(667648K)->527719K(667648K)
[232.670s][info][gc,metaspace   ] GC(794) Metaspace: 18571K(18752K)->18571K(18752K) NonClass: 16742K(16896K)->16742K(16896K) Class: 1828K(1856K)->1828K(1856K)
[232.670s][info][gc             ] GC(794) Pause Young (Allocation Failure) 654M->546M(869M) 65.168ms
[232.670s][info][gc,cpu         ] GC(794) User=0.13s Sys=0.00s Real=0.06s
[232.958s][info][gc,start       ] GC(795) Pause Young (Allocation Failure)
[232.991s][info][gc,heap        ] GC(795) PSYoungGen: 143072K(222720K)->21776K(222720K) Eden: 111616K(111616K)->0K(111616K) From: 31456K(111104K)->21776K(111104K)
[232.991s][info][gc,heap        ] GC(795) ParOldGen: 527719K(667648K)->537535K(667648K)
[232.991s][info][gc,metaspace   ] GC(795) Metaspace: 18571K(18752K)->18571K(18752K) NonClass: 16742K(16896K)->16742K(16896K) Class: 1828K(1856K)->1828K(1856K)
[232.991s][info][gc             ] GC(795) Pause Young (Allocation Failure) 655M->546M(869M) 32.804ms
[232.991s][info][gc,cpu         ] GC(795) User=0.06s Sys=0.00s Real=0.03s
[233.298s][info][gc,start       ] GC(796) Pause Young (Allocation Failure)
[233.324s][info][gc,heap        ] GC(796) PSYoungGen: 133392K(222720K)->16960K(222720K) Eden: 111616K(111616K)->0K(111616K) From: 21776K(111104K)->16960K(111104K)
[233.324s][info][gc,heap        ] GC(796) ParOldGen: 537535K(667648K)->542679K(667648K)
[233.324s][info][gc,metaspace   ] GC(796) Metaspace: 18571K(18752K)->18571K(18752K) NonClass: 16742K(16896K)->16742K(16896K) Class: 1828K(1856K)->1828K(1856K)
[233.324s][info][gc             ] GC(796) Pause Young (Allocation Failure) 655M->546M(869M) 25.653ms
[233.324s][info][gc,cpu         ] GC(796) User=0.05s Sys=0.00s Real=0.03s
[233.557s][info][gc,start       ] GC(797) Pause Young (Allocation Failure)
[233.584s][info][gc,heap        ] GC(797) PSYoungGen: 128576K(222720K)->21536K(218624K) Eden: 111616K(111616K)->0K(111616K) From: 16960K(111104K)->21536K(107008K)
[233.584s][info][gc,heap        ] GC(797) ParOldGen: 542679K(667648K)->550087K(667648K)
[233.584s][info][gc,metaspace   ] GC(797) Metaspace: 18571K(18752K)->18571K(18752K) NonClass: 16742K(16896K)->16742K(16896K) Class: 1828K(1856K)->1828K(1856K)
[233.584s][info][gc             ] GC(797) Pause Young (Allocation Failure) 655M->558M(865M) 26.675ms
[233.584s][info][gc,cpu         ] GC(797) User=0.06s Sys=0.00s Real=0.03s
[233.638s][info][gc,start       ] GC(798) Pause Young (Allocation Failure)
[233.683s][info][gc,heap        ] GC(798) PSYoungGen: 133152K(218624K)->59968K(220672K) Eden: 111616K(111616K)->0K(111616K) From: 21536K(107008K)->59968K(109056K)
[233.683s][info][gc,heap        ] GC(798) ParOldGen: 550087K(667648K)->550087K(667648K)
[233.683s][info][gc,metaspace   ] GC(798) Metaspace: 18571K(18752K)->18571K(18752K) NonClass: 16742K(16896K)->16742K(16896K) Class: 1828K(1856K)->1828K(1856K)
[233.684s][info][gc             ] GC(798) Pause Young (Allocation Failure) 667M->595M(867M) 45.942ms
[233.684s][info][gc,cpu         ] GC(798) User=0.09s Sys=0.00s Real=0.05s
[233.738s][info][gc,start       ] GC(799) Pause Young (Allocation Failure)
[233.811s][info][gc,heap        ] GC(799) PSYoungGen: 171584K(220672K)->100256K(220160K) Eden: 111616K(111616K)->0K(111616K) From: 59968K(109056K)->100256K(108544K)
[233.811s][info][gc,heap        ] GC(799) ParOldGen: 550087K(667648K)->550087K(667648K)
[233.811s][info][gc,metaspace   ] GC(799) Metaspace: 18571K(18752K)->18571K(18752K) NonClass: 16742K(16896K)->16742K(16896K) Class: 1828K(1856K)->1828K(1856K)
[233.811s][info][gc             ] GC(799) Pause Young (Allocation Failure) 704M->635M(867M) 72.622ms
[233.811s][info][gc,cpu         ] GC(799) User=0.14s Sys=0.01s Real=0.07s
[233.914s][info][gc,start       ] GC(800) Pause Young (Allocation Failure)
[234.011s][info][gc,heap        ] GC(800) PSYoungGen: 211872K(220160K)->111072K(222720K) Eden: 111616K(111616K)->0K(111616K) From: 100256K(108544K)->111072K(111104K)
[234.011s][info][gc,heap        ] GC(800) ParOldGen: 550087K(667648K)->579431K(667648K)
[234.011s][info][gc,metaspace   ] GC(800) Metaspace: 18571K(18752K)->18571K(18752K) NonClass: 16742K(16896K)->16742K(16896K) Class: 1828K(1856K)->1828K(1856K)
[234.011s][info][gc             ] GC(800) Pause Young (Allocation Failure) 744M->674M(869M) 96.411ms
[234.011s][info][gc,cpu         ] GC(800) User=0.19s Sys=0.00s Real=0.09s
[234.314s][info][gc,start       ] GC(801) Pause Young (Allocation Failure)
[234.401s][info][gc,heap        ] GC(801) PSYoungGen: 222688K(222720K)->111104K(222720K) Eden: 111616K(111616K)->0K(111616K) From: 111072K(111104K)->111104K(111104K)
[234.402s][info][gc,heap        ] GC(801) ParOldGen: 579431K(667648K)->597136K(667648K)
[234.402s][info][gc,metaspace   ] GC(801) Metaspace: 18578K(18752K)->18578K(18752K) NonClass: 16750K(16896K)->16750K(16896K) Class: 1828K(1856K)->1828K(1856K)
[234.402s][info][gc             ] GC(801) Pause Young (Allocation Failure) 783M->691M(869M) 87.425ms
[234.402s][info][gc,cpu         ] GC(801) User=0.17s Sys=0.00s Real=0.08s
[234.566s][info][gc,start       ] GC(802) Pause Young (Allocation Failure)
[234.656s][info][gc,heap        ] GC(802) PSYoungGen: 222720K(222720K)->81558K(222720K) Eden: 111616K(111616K)->0K(111616K) From: 111104K(111104K)->81558K(111104K)
[234.657s][info][gc,heap        ] GC(802) ParOldGen: 597136K(667648K)->640248K(667648K)
[234.657s][info][gc,metaspace   ] GC(802) Metaspace: 18578K(18752K)->18578K(18752K) NonClass: 16750K(16896K)->16750K(16896K) Class: 1828K(1856K)->1828K(1856K)
[234.657s][info][gc             ] GC(802) Pause Young (Allocation Failure) 800M->704M(869M) 90.107ms
[234.657s][info][gc,cpu         ] GC(802) User=0.17s Sys=0.00s Real=0.09s
[234.705s][info][gc,start       ] GC(803) Pause Full (Allocation Failure)
[234.705s][info][gc,phases,start] GC(803) Marking Phase
[235.077s][info][gc,phases      ] GC(803) Marking Phase 372.227ms
[235.078s][info][gc,phases,start] GC(803) Summary Phase
[235.078s][info][gc,phases      ] GC(803) Summary Phase 0.030ms
[235.078s][info][gc,phases,start] GC(803) Forward
[235.209s][info][gc,phases      ] GC(803) Forward 131.703ms
[235.209s][info][gc,phases,start] GC(803) Adjust Pointers
[235.493s][info][gc,phases      ] GC(803) Adjust Pointers 283.591ms
[235.493s][info][gc,phases,start] GC(803) Compaction Phase
[235.675s][info][gc,phases      ] GC(803) Compaction Phase 182.479ms
[235.682s][info][gc,phases,start] GC(803) Post Compact
[235.685s][info][gc,phases      ] GC(803) Post Compact 2.521ms
[235.685s][info][gc,heap        ] GC(803) PSYoungGen: 193174K(222720K)->0K(222720K) Eden: 111616K(111616K)->0K(111616K) From: 81558K(111104K)->0K(111104K)
[235.685s][info][gc,heap        ] GC(803) ParOldGen: 640248K(667648K)->592025K(667648K)
[235.685s][info][gc,metaspace   ] GC(803) Metaspace: 18578K(18752K)->18578K(18752K) NonClass: 16750K(16896K)->16750K(16896K) Class: 1828K(1856K)->1828K(1856K)
[235.685s][info][gc             ] GC(803) Pause Full (Allocation Failure) 813M->578M(869M) 979.615ms
[235.685s][info][gc,cpu         ] GC(803) User=1.85s Sys=0.00s Real=0.98s
[235.782s][info][gc,start       ] GC(804) Pause Young (Allocation Failure)
[235.817s][info][gc,heap        ] GC(804) PSYoungGen: 111616K(222720K)->18560K(222720K) Eden: 111616K(111616K)->0K(111616K) From: 0K(111104K)->18560K(111104K)
[235.817s][info][gc,heap        ] GC(804) ParOldGen: 592025K(667648K)->592025K(667648K)
[235.817s][info][gc,metaspace   ] GC(804) Metaspace: 18580K(18752K)->18580K(18752K) NonClass: 16751K(16896K)->16751K(16896K) Class: 1828K(1856K)->1828K(1856K)
[235.817s][info][gc             ] GC(804) Pause Young (Allocation Failure) 687M->596M(869M) 34.732ms
[235.817s][info][gc,cpu         ] GC(804) User=0.07s Sys=0.00s Real=0.04s
[235.950s][info][gc,start       ] GC(805) Pause Young (Allocation Failure)
[236.021s][info][gc,heap        ] GC(805) PSYoungGen: 130176K(222720K)->50051K(222720K) Eden: 111616K(111616K)->0K(111616K) From: 18560K(111104K)->50051K(111104K)
[236.021s][info][gc,heap        ] GC(805) ParOldGen: 592025K(667648K)->592025K(667648K)
[236.021s][info][gc,metaspace   ] GC(805) Metaspace: 18580K(18752K)->18580K(18752K) NonClass: 16751K(16896K)->16751K(16896K) Class: 1828K(1856K)->1828K(1856K)
[236.021s][info][gc             ] GC(805) Pause Young (Allocation Failure) 705M->627M(869M) 70.783ms
[236.021s][info][gc,cpu         ] GC(805) User=0.14s Sys=0.00s Real=0.07s
[236.167s][info][gc,start       ] GC(806) Pause Young (Allocation Failure)
[236.258s][info][gc,heap        ] GC(806) PSYoungGen: 161667K(222720K)->15936K(222720K) Eden: 111616K(111616K)->0K(111616K) From: 50051K(111104K)->15936K(111104K)
[236.258s][info][gc,heap        ] GC(806) ParOldGen: 592025K(667648K)->641077K(667648K)
[236.258s][info][gc,metaspace   ] GC(806) Metaspace: 18580K(18752K)->18580K(18752K) NonClass: 16751K(16896K)->16751K(16896K) Class: 1828K(1856K)->1828K(1856K)
[236.258s][info][gc             ] GC(806) Pause Young (Allocation Failure) 736M->641M(869M) 90.687ms
[236.258s][info][gc,cpu         ] GC(806) User=0.18s Sys=0.00s Real=0.09s
[236.401s][info][gc,start       ] GC(807) Pause Full (Allocation Failure)
[236.401s][info][gc,phases,start] GC(807) Marking Phase
[236.703s][info][gc,phases      ] GC(807) Marking Phase 301.617ms
[236.703s][info][gc,phases,start] GC(807) Summary Phase
[236.703s][info][gc,phases      ] GC(807) Summary Phase 0.026ms
[236.703s][info][gc,phases,start] GC(807) Forward
[236.803s][info][gc,phases      ] GC(807) Forward 99.786ms
[236.803s][info][gc,phases,start] GC(807) Adjust Pointers
[237.061s][info][gc,phases      ] GC(807) Adjust Pointers 258.255ms
[237.061s][info][gc,phases,start] GC(807) Compaction Phase
[237.200s][info][gc,phases      ] GC(807) Compaction Phase 138.506ms
[237.215s][info][gc,phases,start] GC(807) Post Compact
[237.217s][info][gc,phases      ] GC(807) Post Compact 2.367ms
[237.217s][info][gc,heap        ] GC(807) PSYoungGen: 127552K(222720K)->0K(222720K) Eden: 111616K(111616K)->0K(111616K) From: 15936K(111104K)->0K(111104K)
[237.217s][info][gc,heap        ] GC(807) ParOldGen: 641077K(667648K)->491516K(667648K)
[237.217s][info][gc,metaspace   ] GC(807) Metaspace: 18580K(18752K)->18580K(18752K) NonClass: 16751K(16896K)->16751K(16896K) Class: 1828K(1856K)->1828K(1856K)
[237.217s][info][gc             ] GC(807) Pause Full (Allocation Failure) 750M->479M(869M) 816.308ms
[237.217s][info][gc,cpu         ] GC(807) User=1.53s Sys=0.00s Real=0.82s
[237.367s][info][gc,start       ] GC(808) Pause Young (Allocation Failure)
[237.368s][info][gc,heap        ] GC(808) PSYoungGen: 111616K(222720K)->64K(222720K) Eden: 111616K(111616K)->0K(111616K) From: 0K(111104K)->64K(111104K)
[237.368s][info][gc,heap        ] GC(808) ParOldGen: 491516K(667648K)->491516K(667648K)
[237.368s][info][gc,metaspace   ] GC(808) Metaspace: 18580K(18752K)->18580K(18752K) NonClass: 16751K(16896K)->16751K(16896K) Class: 1828K(1856K)->1828K(1856K)
[237.368s][info][gc             ] GC(808) Pause Young (Allocation Failure) 588M->480M(869M) 1.614ms
[237.368s][info][gc,cpu         ] GC(808) User=0.00s Sys=0.00s Real=0.00s
[237.506s][info][gc,start       ] GC(809) Pause Young (Allocation Failure)
[237.508s][info][gc,heap        ] GC(809) PSYoungGen: 111680K(222720K)->64K(222720K) Eden: 111616K(111616K)->0K(111616K) From: 64K(111104K)->64K(111104K)
[237.508s][info][gc,heap        ] GC(809) ParOldGen: 491516K(667648K)->491532K(667648K)
[237.508s][info][gc,metaspace   ] GC(809) Metaspace: 18580K(18752K)->18580K(18752K) NonClass: 16751K(16896K)->16751K(16896K) Class: 1828K(1856K)->1828K(1856K)
[237.508s][info][gc             ] GC(809) Pause Young (Allocation Failure) 589M->480M(869M) 1.609ms
[237.508s][info][gc,cpu         ] GC(809) User=0.00s Sys=0.00s Real=0.00s
[237.652s][info][gc,start       ] GC(810) Pause Young (Allocation Failure)
[237.654s][info][gc,heap        ] GC(810) PSYoungGen: 111680K(222720K)->64K(222720K) Eden: 111616K(111616K)->0K(111616K) From: 64K(111104K)->64K(111104K)
[237.654s][info][gc,heap        ] GC(810) ParOldGen: 491532K(667648K)->491532K(667648K)
[237.654s][info][gc,metaspace   ] GC(810) Metaspace: 18580K(18752K)->18580K(18752K) NonClass: 16751K(16896K)->16751K(16896K) Class: 1828K(1856K)->1828K(1856K)
[237.654s][info][gc             ] GC(810) Pause Young (Allocation Failure) 589M->480M(869M) 1.616ms
[237.654s][info][gc,cpu         ] GC(810) User=0.00s Sys=0.00s Real=0.01s
[237.790s][info][gc,start       ] GC(811) Pause Young (Allocation Failure)
[237.792s][info][gc,heap        ] GC(811) PSYoungGen: 111680K(222720K)->64K(222720K) Eden: 111616K(111616K)->0K(111616K) From: 64K(111104K)->64K(111104K)
[237.792s][info][gc,heap        ] GC(811) ParOldGen: 491532K(667648K)->491532K(667648K)
[237.792s][info][gc,metaspace   ] GC(811) Metaspace: 18580K(18752K)->18580K(18752K) NonClass: 16751K(16896K)->16751K(16896K) Class: 1828K(1856K)->1828K(1856K)
[237.792s][info][gc             ] GC(811) Pause Young (Allocation Failure) 589M->480M(869M) 1.639ms
[237.792s][info][gc,cpu         ] GC(811) User=0.00s Sys=0.00s Real=0.00s
[237.927s][info][gc,start       ] GC(812) Pause Young (Allocation Failure)
[237.928s][info][gc,heap        ] GC(812) PSYoungGen: 111680K(222720K)->64K(222720K) Eden: 111616K(111616K)->0K(111616K) From: 64K(111104K)->64K(111104K)
[237.928s][info][gc,heap        ] GC(812) ParOldGen: 491532K(667648K)->491532K(667648K)
[237.928s][info][gc,metaspace   ] GC(812) Metaspace: 18580K(18752K)->18580K(18752K) NonClass: 16751K(16896K)->16751K(16896K) Class: 1828K(1856K)->1828K(1856K)
[237.928s][info][gc             ] GC(812) Pause Young (Allocation Failure) 589M->480M(869M) 1.603ms
[237.928s][info][gc,cpu         ] GC(812) User=0.00s Sys=0.00s Real=0.00s
[238.065s][info][gc,start       ] GC(813) Pause Young (Allocation Failure)
[238.067s][info][gc,heap        ] GC(813) PSYoungGen: 111680K(222720K)->64K(222720K) Eden: 111616K(111616K)->0K(111616K) From: 64K(111104K)->64K(111104K)
[238.067s][info][gc,heap        ] GC(813) ParOldGen: 491532K(667648K)->491532K(667648K)
[238.067s][info][gc,metaspace   ] GC(813) Metaspace: 18580K(18752K)->18580K(18752K) NonClass: 16751K(16896K)->16751K(16896K) Class: 1828K(1856K)->1828K(1856K)
[238.067s][info][gc             ] GC(813) Pause Young (Allocation Failure) 589M->480M(869M) 1.693ms
[238.067s][info][gc,cpu         ] GC(813) User=0.01s Sys=0.00s Real=0.00s
[238.205s][info][gc,start       ] GC(814) Pause Young (Allocation Failure)
[238.207s][info][gc,heap        ] GC(814) PSYoungGen: 111680K(222720K)->64K(222720K) Eden: 111616K(111616K)->0K(111616K) From: 64K(111104K)->64K(111104K)
[238.207s][info][gc,heap        ] GC(814) ParOldGen: 491532K(667648K)->491532K(667648K)
[238.207s][info][gc,metaspace   ] GC(814) Metaspace: 18580K(18752K)->18580K(18752K) NonClass: 16751K(16896K)->16751K(16896K) Class: 1828K(1856K)->1828K(1856K)
[238.207s][info][gc             ] GC(814) Pause Young (Allocation Failure) 589M->480M(869M) 1.614ms
[238.207s][info][gc,cpu         ] GC(814) User=0.00s Sys=0.00s Real=0.00s
[238.342s][info][gc,start       ] GC(815) Pause Young (Allocation Failure)
[238.343s][info][gc,heap        ] GC(815) PSYoungGen: 111680K(222720K)->64K(222720K) Eden: 111616K(111616K)->0K(111616K) From: 64K(111104K)->64K(111104K)
[238.343s][info][gc,heap        ] GC(815) ParOldGen: 491532K(667648K)->491540K(667648K)
[238.343s][info][gc,metaspace   ] GC(815) Metaspace: 18580K(18752K)->18580K(18752K) NonClass: 16751K(16896K)->16751K(16896K) Class: 1828K(1856K)->1828K(1856K)
[238.343s][info][gc             ] GC(815) Pause Young (Allocation Failure) 589M->480M(869M) 1.624ms
[238.343s][info][gc,cpu         ] GC(815) User=0.01s Sys=0.00s Real=0.01s
[238.482s][info][gc,start       ] GC(816) Pause Young (Allocation Failure)
[238.484s][info][gc,heap        ] GC(816) PSYoungGen: 111680K(222720K)->64K(222720K) Eden: 111616K(111616K)->0K(111616K) From: 64K(111104K)->64K(111104K)
[238.484s][info][gc,heap        ] GC(816) ParOldGen: 491540K(667648K)->491540K(667648K)
[238.484s][info][gc,metaspace   ] GC(816) Metaspace: 18580K(18752K)->18580K(18752K) NonClass: 16751K(16896K)->16751K(16896K) Class: 1828K(1856K)->1828K(1856K)
[238.484s][info][gc             ] GC(816) Pause Young (Allocation Failure) 589M->480M(869M) 1.703ms
[238.484s][info][gc,cpu         ] GC(816) User=0.00s Sys=0.00s Real=0.01s
[238.605s][info][gc,start       ] GC(817) Pause Young (Allocation Failure)
[238.618s][info][gc,heap        ] GC(817) PSYoungGen: 111680K(222720K)->10592K(222720K) Eden: 111616K(111616K)->0K(111616K) From: 64K(111104K)->10592K(111104K)
[238.618s][info][gc,heap        ] GC(817) ParOldGen: 491540K(667648K)->491540K(667648K)
[238.618s][info][gc,metaspace   ] GC(817) Metaspace: 18580K(18752K)->18580K(18752K) NonClass: 16751K(16896K)->16751K(16896K) Class: 1828K(1856K)->1828K(1856K)
[238.618s][info][gc             ] GC(817) Pause Young (Allocation Failure) 589M->490M(869M) 12.864ms
[238.618s][info][gc,cpu         ] GC(817) User=0.03s Sys=0.00s Real=0.01s
[238.716s][info][gc,start       ] GC(818) Pause Young (Allocation Failure)
[238.742s][info][gc,heap        ] GC(818) PSYoungGen: 122208K(222720K)->25600K(137216K) Eden: 111616K(111616K)->0K(111616K) From: 10592K(111104K)->25600K(25600K)
[238.742s][info][gc,heap        ] GC(818) ParOldGen: 491540K(667648K)->491540K(667648K)
[238.742s][info][gc,metaspace   ] GC(818) Metaspace: 18580K(18752K)->18580K(18752K) NonClass: 16751K(16896K)->16751K(16896K) Class: 1828K(1856K)->1828K(1856K)
[238.742s][info][gc             ] GC(818) Pause Young (Allocation Failure) 599M->505M(786M) 26.356ms
[238.742s][info][gc,cpu         ] GC(818) User=0.05s Sys=0.00s Real=0.02s
[238.828s][info][gc,start       ] GC(819) Pause Young (Allocation Failure)
[238.859s][info][gc,heap        ] GC(819) PSYoungGen: 137216K(137216K)->32288K(216576K) Eden: 111616K(111616K)->0K(115712K) From: 25600K(25600K)->32288K(100864K)
[238.859s][info][gc,heap        ] GC(819) ParOldGen: 491540K(667648K)->491540K(667648K)
[238.859s][info][gc,metaspace   ] GC(819) Metaspace: 18580K(18752K)->18580K(18752K) NonClass: 16751K(16896K)->16751K(16896K) Class: 1828K(1856K)->1828K(1856K)
[238.859s][info][gc             ] GC(819) Pause Young (Allocation Failure) 614M->511M(863M) 31.301ms
[238.859s][info][gc,cpu         ] GC(819) User=0.06s Sys=0.00s Real=0.03s
[238.952s][info][gc,start       ] GC(820) Pause Young (Allocation Failure)
[238.985s][info][gc,heap        ] GC(820) PSYoungGen: 148000K(216576K)->33376K(215552K) Eden: 115712K(115712K)->0K(115712K) From: 32288K(100864K)->33376K(99840K)
[238.985s][info][gc,heap        ] GC(820) ParOldGen: 491540K(667648K)->491540K(667648K)
[238.985s][info][gc,metaspace   ] GC(820) Metaspace: 18580K(18752K)->18580K(18752K) NonClass: 16751K(16896K)->16751K(16896K) Class: 1828K(1856K)->1828K(1856K)
[238.985s][info][gc             ] GC(820) Pause Young (Allocation Failure) 624M->512M(862M) 32.191ms
[238.985s][info][gc,cpu         ] GC(820) User=0.06s Sys=0.01s Real=0.04s
[239.083s][info][gc,start       ] GC(821) Pause Young (Allocation Failure)
[239.117s][info][gc,heap        ] GC(821) PSYoungGen: 149088K(215552K)->35264K(213504K) Eden: 115712K(115712K)->0K(122368K) From: 33376K(99840K)->35264K(91136K)
[239.117s][info][gc,heap        ] GC(821) ParOldGen: 491540K(667648K)->491540K(667648K)
[239.117s][info][gc,metaspace   ] GC(821) Metaspace: 18580K(18752K)->18580K(18752K) NonClass: 16751K(16896K)->16751K(16896K) Class: 1828K(1856K)->1828K(1856K)
[239.117s][info][gc             ] GC(821) Pause Young (Allocation Failure) 625M->514M(860M) 34.055ms
[239.117s][info][gc,cpu         ] GC(821) User=0.06s Sys=0.00s Real=0.04s
[239.232s][info][gc,start       ] GC(822) Pause Young (Allocation Failure)
[239.268s][info][gc,heap        ] GC(822) PSYoungGen: 157632K(213504K)->35264K(215552K) Eden: 122368K(122368K)->0K(122368K) From: 35264K(91136K)->35264K(93184K)
[239.268s][info][gc,heap        ] GC(822) ParOldGen: 491540K(667648K)->491540K(667648K)
[239.268s][info][gc,metaspace   ] GC(822) Metaspace: 18580K(18752K)->18580K(18752K) NonClass: 16751K(16896K)->16751K(16896K) Class: 1828K(1856K)->1828K(1856K)
[239.268s][info][gc             ] GC(822) Pause Young (Allocation Failure) 633M->514M(862M) 36.264ms
[239.268s][info][gc,cpu         ] GC(822) User=0.07s Sys=0.00s Real=0.04s
[239.371s][info][gc,start       ] GC(823) Pause Young (Allocation Failure)
[239.414s][info][gc,heap        ] GC(823) PSYoungGen: 157632K(215552K)->43968K(219648K) Eden: 122368K(122368K)->0K(129536K) From: 35264K(93184K)->43968K(90112K)
[239.415s][info][gc,heap        ] GC(823) ParOldGen: 491540K(667648K)->491540K(667648K)
[239.415s][info][gc,metaspace   ] GC(823) Metaspace: 18583K(18752K)->18583K(18752K) NonClass: 16755K(16896K)->16755K(16896K) Class: 1828K(1856K)->1828K(1856K)
[239.415s][info][gc             ] GC(823) Pause Young (Allocation Failure) 633M->522M(866M) 43.419ms
[239.415s][info][gc,cpu         ] GC(823) User=0.08s Sys=0.00s Real=0.05s
[239.668s][info][gc,start       ] GC(824) Pause Young (Allocation Failure)
[239.710s][info][gc,heap        ] GC(824) PSYoungGen: 173504K(219648K)->44032K(220160K) Eden: 129536K(129536K)->0K(129536K) From: 43968K(90112K)->44032K(90624K)
[239.710s][info][gc,heap        ] GC(824) ParOldGen: 491540K(667648K)->491540K(667648K)
[239.710s][info][gc,metaspace   ] GC(824) Metaspace: 18583K(18752K)->18583K(18752K) NonClass: 16755K(16896K)->16755K(16896K) Class: 1828K(1856K)->1828K(1856K)
[239.710s][info][gc             ] GC(824) Pause Young (Allocation Failure) 649M->523M(867M) 41.541ms
[239.710s][info][gc,cpu         ] GC(824) User=0.08s Sys=0.00s Real=0.04s
[239.921s][info][gc,start       ] GC(825) Pause Young (Allocation Failure)
[239.964s][info][gc,heap        ] GC(825) PSYoungGen: 173568K(220160K)->44160K(225792K) Eden: 129536K(129536K)->0K(137216K) From: 44032K(90624K)->44160K(88576K)
[239.964s][info][gc,heap        ] GC(825) ParOldGen: 491540K(667648K)->491540K(667648K)
[239.964s][info][gc,metaspace   ] GC(825) Metaspace: 18583K(18752K)->18583K(18752K) NonClass: 16755K(16896K)->16755K(16896K) Class: 1828K(1856K)->1828K(1856K)
[239.964s][info][gc             ] GC(825) Pause Young (Allocation Failure) 649M->523M(872M) 43.293ms
[239.964s][info][gc,cpu         ] GC(825) User=0.08s Sys=0.00s Real=0.05s
[240.192s][info][gc,start       ] GC(826) Pause Young (Allocation Failure)
[240.234s][info][gc,heap        ] GC(826) PSYoungGen: 180454K(225792K)->44192K(226816K) Eden: 136294K(137216K)->0K(137216K) From: 44160K(88576K)->44192K(89600K)
[240.234s][info][gc,heap        ] GC(826) ParOldGen: 491540K(667648K)->491540K(667648K)
[240.234s][info][gc,metaspace   ] GC(826) Metaspace: 18583K(18752K)->18583K(18752K) NonClass: 16755K(16896K)->16755K(16896K) Class: 1828K(1856K)->1828K(1856K)
[240.234s][info][gc             ] GC(826) Pause Young (Allocation Failure) 656M->523M(873M) 41.707ms
[240.234s][info][gc,cpu         ] GC(826) User=0.08s Sys=0.00s Real=0.05s
[240.461s][info][gc,start       ] GC(827) Pause Young (Allocation Failure)
[240.502s][info][gc,heap        ] GC(827) PSYoungGen: 181408K(226816K)->44160K(230912K) Eden: 137216K(137216K)->0K(144896K) From: 44192K(89600K)->44160K(86016K)
[240.502s][info][gc,heap        ] GC(827) ParOldGen: 491540K(667648K)->491540K(667648K)
[240.502s][info][gc,metaspace   ] GC(827) Metaspace: 18583K(18752K)->18583K(18752K) NonClass: 16755K(16896K)->16755K(16896K) Class: 1828K(1856K)->1828K(1856K)
[240.502s][info][gc             ] GC(827) Pause Young (Allocation Failure) 657M->523M(877M) 41.161ms
[240.502s][info][gc,cpu         ] GC(827) User=0.08s Sys=0.00s Real=0.04s
[240.681s][info][gc,start       ] GC(828) Pause Young (Allocation Failure)
[240.734s][info][gc,heap        ] GC(828) PSYoungGen: 189056K(230912K)->58144K(232448K) Eden: 144896K(144896K)->0K(144896K) From: 44160K(86016K)->58144K(87552K)
[240.734s][info][gc,heap        ] GC(828) ParOldGen: 491540K(667648K)->491540K(667648K)
[240.734s][info][gc,metaspace   ] GC(828) Metaspace: 18583K(18752K)->18583K(18752K) NonClass: 16755K(16896K)->16755K(16896K) Class: 1828K(1856K)->1828K(1856K)
[240.734s][info][gc             ] GC(828) Pause Young (Allocation Failure) 664M->536M(879M) 53.026ms
[240.734s][info][gc,cpu         ] GC(828) User=0.11s Sys=0.00s Real=0.06s
[240.887s][info][gc,start       ] GC(829) Pause Young (Allocation Failure)
[240.940s][info][gc,heap        ] GC(829) PSYoungGen: 203040K(232448K)->58176K(236544K) Eden: 144896K(144896K)->0K(145408K) From: 58144K(87552K)->58176K(91136K)
[240.940s][info][gc,heap        ] GC(829) ParOldGen: 491540K(667648K)->491540K(667648K)
[240.940s][info][gc,metaspace   ] GC(829) Metaspace: 18583K(18752K)->18583K(18752K) NonClass: 16755K(16896K)->16755K(16896K) Class: 1828K(1856K)->1828K(1856K)
[240.940s][info][gc             ] GC(829) Pause Young (Allocation Failure) 678M->536M(883M) 52.917ms
[240.940s][info][gc,cpu         ] GC(829) User=0.11s Sys=0.00s Real=0.05s
[241.034s][info][gc,start       ] GC(830) Pause Young (Allocation Failure)
[241.120s][info][gc,heap        ] GC(830) PSYoungGen: 203584K(236544K)->94192K(239616K) Eden: 145408K(145408K)->0K(145408K) From: 58176K(91136K)->94192K(94208K)
[241.120s][info][gc,heap        ] GC(830) ParOldGen: 491540K(667648K)->500764K(667648K)
[241.120s][info][gc,metaspace   ] GC(830) Metaspace: 18585K(18752K)->18585K(18752K) NonClass: 16757K(16896K)->16757K(16896K) Class: 1828K(1856K)->1828K(1856K)
[241.120s][info][gc             ] GC(830) Pause Young (Allocation Failure) 678M->581M(886M) 86.465ms
[241.120s][info][gc,cpu         ] GC(830) User=0.18s Sys=0.00s Real=0.08s
[241.332s][info][gc,start       ] GC(831) Pause Young (Allocation Failure)
[241.426s][info][gc,heap        ] GC(831) PSYoungGen: 239600K(239616K)->82656K(205824K) Eden: 145408K(145408K)->0K(111616K) From: 94192K(94208K)->82656K(94208K)
[241.426s][info][gc,heap        ] GC(831) ParOldGen: 500764K(667648K)->526404K(667648K)
[241.426s][info][gc,metaspace   ] GC(831) Metaspace: 18595K(18752K)->18595K(18752K) NonClass: 16766K(16896K)->16766K(16896K) Class: 1828K(1856K)->1828K(1856K)
[241.426s][info][gc             ] GC(831) Pause Young (Allocation Failure) 723M->594M(853M) 94.082ms
[241.426s][info][gc,cpu         ] GC(831) User=0.17s Sys=0.01s Real=0.10s
[241.566s][info][gc,start       ] GC(832) Pause Young (Allocation Failure)
[241.651s][info][gc,heap        ] GC(832) PSYoungGen: 194272K(205824K)->87376K(222720K) Eden: 111616K(111616K)->0K(111616K) From: 82656K(94208K)->87376K(111104K)
[241.651s][info][gc,heap        ] GC(832) ParOldGen: 526404K(667648K)->534196K(667648K)
[241.651s][info][gc,metaspace   ] GC(832) Metaspace: 18595K(18752K)->18595K(18752K) NonClass: 16766K(16896K)->16766K(16896K) Class: 1828K(1856K)->1828K(1856K)
[241.651s][info][gc             ] GC(832) Pause Young (Allocation Failure) 703M->607M(869M) 84.300ms
[241.651s][info][gc,cpu         ] GC(832) User=0.17s Sys=0.00s Real=0.08s
[241.792s][info][gc,start       ] GC(833) Pause Young (Allocation Failure)
[241.870s][info][gc,heap        ] GC(833) PSYoungGen: 198992K(222720K)->85472K(222720K) Eden: 111616K(111616K)->0K(111616K) From: 87376K(111104K)->85472K(111104K)
[241.870s][info][gc,heap        ] GC(833) ParOldGen: 534196K(667648K)->536132K(667648K)
[241.870s][info][gc,metaspace   ] GC(833) Metaspace: 18595K(18752K)->18595K(18752K) NonClass: 16766K(16896K)->16766K(16896K) Class: 1828K(1856K)->1828K(1856K)
[241.870s][info][gc             ] GC(833) Pause Young (Allocation Failure) 716M->607M(869M) 78.104ms
[241.870s][info][gc,cpu         ] GC(833) User=0.15s Sys=0.00s Real=0.08s
[242.013s][info][gc,start       ] GC(834) Pause Young (Allocation Failure)
[242.089s][info][gc,heap        ] GC(834) PSYoungGen: 197088K(222720K)->76736K(222720K) Eden: 111616K(111616K)->0K(111616K) From: 85472K(111104K)->76736K(111104K)
[242.089s][info][gc,heap        ] GC(834) ParOldGen: 536132K(667648K)->544884K(667648K)
[242.089s][info][gc,metaspace   ] GC(834) Metaspace: 18595K(18752K)->18595K(18752K) NonClass: 16766K(16896K)->16766K(16896K) Class: 1828K(1856K)->1828K(1856K)
[242.089s][info][gc             ] GC(834) Pause Young (Allocation Failure) 716M->607M(869M) 76.391ms
[242.089s][info][gc,cpu         ] GC(834) User=0.15s Sys=0.00s Real=0.08s
[242.232s][info][gc,start       ] GC(835) Pause Young (Allocation Failure)
[242.300s][info][gc,heap        ] GC(835) PSYoungGen: 188352K(222720K)->76576K(222720K) Eden: 111616K(111616K)->0K(111616K) From: 76736K(111104K)->76576K(111104K)
[242.300s][info][gc,heap        ] GC(835) ParOldGen: 544884K(667648K)->545042K(667648K)
[242.300s][info][gc,metaspace   ] GC(835) Metaspace: 18595K(18752K)->18595K(18752K) NonClass: 16766K(16896K)->16766K(16896K) Class: 1828K(1856K)->1828K(1856K)
[242.300s][info][gc             ] GC(835) Pause Young (Allocation Failure) 716M->607M(869M) 68.074ms
[242.300s][info][gc,cpu         ] GC(835) User=0.14s Sys=0.00s Real=0.07s
[242.439s][info][gc,start       ] GC(836) Pause Young (Allocation Failure)
[242.507s][info][gc,heap        ] GC(836) PSYoungGen: 188192K(222720K)->62592K(222720K) Eden: 111616K(111616K)->0K(111616K) From: 76576K(111104K)->62592K(111104K)
[242.507s][info][gc,heap        ] GC(836) ParOldGen: 545042K(667648K)->559114K(667648K)
[242.507s][info][gc,metaspace   ] GC(836) Metaspace: 18595K(18752K)->18595K(18752K) NonClass: 16766K(16896K)->16766K(16896K) Class: 1828K(1856K)->1828K(1856K)
[242.507s][info][gc             ] GC(836) Pause Young (Allocation Failure) 716M->607M(869M) 67.970ms
[242.507s][info][gc,cpu         ] GC(836) User=0.14s Sys=0.00s Real=0.07s
[242.648s][info][gc,start       ] GC(837) Pause Young (Allocation Failure)
[242.700s][info][gc,heap        ] GC(837) PSYoungGen: 174208K(222720K)->26528K(222720K) Eden: 111616K(111616K)->0K(111616K) From: 62592K(111104K)->26528K(111104K)
[242.700s][info][gc,heap        ] GC(837) ParOldGen: 559114K(667648K)->595541K(667648K)
[242.700s][info][gc,metaspace   ] GC(837) Metaspace: 18595K(18752K)->18595K(18752K) NonClass: 16766K(16896K)->16766K(16896K) Class: 1828K(1856K)->1828K(1856K)
[242.700s][info][gc             ] GC(837) Pause Young (Allocation Failure) 716M->607M(869M) 52.695ms
[242.700s][info][gc,cpu         ] GC(837) User=0.10s Sys=0.00s Real=0.05s
[242.841s][info][gc,start       ] GC(838) Pause Young (Allocation Failure)
[242.873s][info][gc,heap        ] GC(838) PSYoungGen: 138144K(222720K)->32K(222720K) Eden: 111616K(111616K)->0K(111616K) From: 26528K(111104K)->32K(111104K)
[242.873s][info][gc,heap        ] GC(838) ParOldGen: 595541K(667648K)->622221K(667648K)
[242.873s][info][gc,metaspace   ] GC(838) Metaspace: 18595K(18752K)->18595K(18752K) NonClass: 16766K(16896K)->16766K(16896K) Class: 1828K(1856K)->1828K(1856K)
[242.873s][info][gc             ] GC(838) Pause Young (Allocation Failure) 716M->607M(869M) 31.384ms
[242.873s][info][gc,cpu         ] GC(838) User=0.06s Sys=0.00s Real=0.03s
[243.013s][info][gc,start       ] GC(839) Pause Full (Allocation Failure)
[243.014s][info][gc,phases,start] GC(839) Marking Phase
[243.188s][info][gc,phases      ] GC(839) Marking Phase 174.178ms
[243.188s][info][gc,phases,start] GC(839) Summary Phase
[243.188s][info][gc,phases      ] GC(839) Summary Phase 0.051ms
[243.188s][info][gc,phases,start] GC(839) Forward
[243.244s][info][gc,phases      ] GC(839) Forward 55.842ms
[243.244s][info][gc,phases,start] GC(839) Adjust Pointers
[243.404s][info][gc,phases      ] GC(839) Adjust Pointers 160.268ms
[243.404s][info][gc,phases,start] GC(839) Compaction Phase
[243.475s][info][gc,phases      ] GC(839) Compaction Phase 70.470ms
[243.483s][info][gc,phases,start] GC(839) Post Compact
[243.485s][info][gc,phases      ] GC(839) Post Compact 2.249ms
[243.492s][info][gc,heap        ] GC(839) PSYoungGen: 111648K(222720K)->0K(222720K) Eden: 111616K(111616K)->0K(111616K) From: 32K(111104K)->0K(111104K)
[243.492s][info][gc,heap        ] GC(839) ParOldGen: 622221K(667648K)->309250K(585728K)
[243.492s][info][gc,metaspace   ] GC(839) Metaspace: 18595K(18752K)->18595K(18752K) NonClass: 16766K(16896K)->16766K(16896K) Class: 1828K(1856K)->1828K(1856K)
[243.492s][info][gc             ] GC(839) Pause Full (Allocation Failure) 716M->302M(789M) 478.724ms
[243.492s][info][gc,cpu         ] GC(839) User=0.88s Sys=0.01s Real=0.47s
[243.631s][info][gc,start       ] GC(840) Pause Young (Allocation Failure)
[243.633s][info][gc,heap        ] GC(840) PSYoungGen: 111616K(222720K)->64K(222720K) Eden: 111616K(111616K)->0K(111616K) From: 0K(111104K)->64K(111104K)
[243.633s][info][gc,heap        ] GC(840) ParOldGen: 309250K(585728K)->309250K(585728K)
[243.633s][info][gc,metaspace   ] GC(840) Metaspace: 18595K(18752K)->18595K(18752K) NonClass: 16766K(16896K)->16766K(16896K) Class: 1828K(1856K)->1828K(1856K)
[243.633s][info][gc             ] GC(840) Pause Young (Allocation Failure) 411M->302M(789M) 1.196ms
[243.633s][info][gc,cpu         ] GC(840) User=0.00s Sys=0.00s Real=0.00s
[243.737s][info][gc,start       ] GC(841) Pause Young (Allocation Failure)
[243.760s][info][gc,heap        ] GC(841) PSYoungGen: 111680K(222720K)->19616K(222720K) Eden: 111616K(111616K)->0K(111616K) From: 64K(111104K)->19616K(111104K)
[243.760s][info][gc,heap        ] GC(841) ParOldGen: 309250K(585728K)->309250K(585728K)
[243.760s][info][gc,metaspace   ] GC(841) Metaspace: 18595K(18752K)->18595K(18752K) NonClass: 16766K(16896K)->16766K(16896K) Class: 1828K(1856K)->1828K(1856K)
[243.760s][info][gc             ] GC(841) Pause Young (Allocation Failure) 411M->321M(789M) 22.935ms
[243.760s][info][gc,cpu         ] GC(841) User=0.04s Sys=0.00s Real=0.02s
[243.849s][info][gc,start       ] GC(842) Pause Young (Allocation Failure)
[243.891s][info][gc,heap        ] GC(842) PSYoungGen: 131232K(222720K)->41408K(222720K) Eden: 111616K(111616K)->0K(111616K) From: 19616K(111104K)->41408K(111104K)
[243.891s][info][gc,heap        ] GC(842) ParOldGen: 309250K(585728K)->309250K(585728K)
[243.891s][info][gc,metaspace   ] GC(842) Metaspace: 18596K(18752K)->18596K(18752K) NonClass: 16767K(16896K)->16767K(16896K) Class: 1828K(1856K)->1828K(1856K)
[243.891s][info][gc             ] GC(842) Pause Young (Allocation Failure) 430M->342M(789M) 41.904ms
[243.891s][info][gc,cpu         ] GC(842) User=0.08s Sys=0.00s Real=0.04s
[243.959s][info][gc,start       ] GC(843) Pause Young (Allocation Failure)
[244.024s][info][gc,heap        ] GC(843) PSYoungGen: 153024K(222720K)->46272K(221696K) Eden: 111616K(111616K)->0K(111616K) From: 41408K(111104K)->46272K(110080K)
[244.024s][info][gc,heap        ] GC(843) ParOldGen: 309250K(585728K)->328906K(585728K)
[244.024s][info][gc,metaspace   ] GC(843) Metaspace: 18597K(18752K)->18597K(18752K) NonClass: 16769K(16896K)->16769K(16896K) Class: 1828K(1856K)->1828K(1856K)
[244.024s][info][gc             ] GC(843) Pause Young (Allocation Failure) 451M->366M(788M) 64.826ms
[244.024s][info][gc,cpu         ] GC(843) User=0.13s Sys=0.00s Real=0.07s
[244.094s][info][gc,start       ] GC(844) Pause Young (Allocation Failure)
[244.146s][info][gc,heap        ] GC(844) PSYoungGen: 157888K(221696K)->55008K(166912K) Eden: 111616K(111616K)->0K(111616K) From: 46272K(110080K)->55008K(55296K)
[244.146s][info][gc,heap        ] GC(844) ParOldGen: 328906K(585728K)->328906K(585728K)
[244.146s][info][gc,metaspace   ] GC(844) Metaspace: 18597K(18752K)->18597K(18752K) NonClass: 16769K(16896K)->16769K(16896K) Class: 1828K(1856K)->1828K(1856K)
[244.146s][info][gc             ] GC(844) Pause Young (Allocation Failure) 475M->374M(735M) 52.656ms
[244.146s][info][gc,cpu         ] GC(844) User=0.11s Sys=0.00s Real=0.05s
[244.216s][info][gc,start       ] GC(845) Pause Young (Allocation Failure)
[244.283s][info][gc,heap        ] GC(845) PSYoungGen: 166624K(166912K)->73760K(219136K) Eden: 111616K(111616K)->0K(110592K) From: 55008K(55296K)->73760K(108544K)
[244.284s][info][gc,heap        ] GC(845) ParOldGen: 328906K(585728K)->328906K(585728K)
[244.284s][info][gc,metaspace   ] GC(845) Metaspace: 18597K(18752K)->18597K(18752K) NonClass: 16769K(16896K)->16769K(16896K) Class: 1828K(1856K)->1828K(1856K)
[244.284s][info][gc             ] GC(845) Pause Young (Allocation Failure) 483M->393M(786M) 68.032ms
[244.284s][info][gc,cpu         ] GC(845) User=0.13s Sys=0.00s Real=0.07s
[244.363s][info][gc,start       ] GC(846) Pause Young (Allocation Failure)
[244.438s][info][gc,heap        ] GC(846) PSYoungGen: 184352K(219136K)->33088K(221696K) Eden: 110592K(110592K)->0K(110592K) From: 73760K(108544K)->33088K(111104K)
[244.439s][info][gc,heap        ] GC(846) ParOldGen: 328906K(585728K)->375282K(585728K)
[244.439s][info][gc,metaspace   ] GC(846) Metaspace: 18597K(18752K)->18597K(18752K) NonClass: 16769K(16896K)->16769K(16896K) Class: 1828K(1856K)->1828K(1856K)
[244.439s][info][gc             ] GC(846) Pause Young (Allocation Failure) 501M->398M(788M) 75.838ms
[244.439s][info][gc,cpu         ] GC(846) User=0.15s Sys=0.00s Real=0.08s
[244.497s][info][gc,start       ] GC(847) Pause Young (Allocation Failure)
[244.542s][info][gc,heap        ] GC(847) PSYoungGen: 143680K(221696K)->36064K(212992K) Eden: 110592K(110592K)->0K(113664K) From: 33088K(111104K)->36064K(99328K)
[244.542s][info][gc,heap        ] GC(847) ParOldGen: 375282K(585728K)->384074K(585728K)
[244.542s][info][gc,metaspace   ] GC(847) Metaspace: 18599K(18752K)->18599K(18752K) NonClass: 16771K(16896K)->16771K(16896K) Class: 1828K(1856K)->1828K(1856K)
[244.542s][info][gc             ] GC(847) Pause Young (Allocation Failure) 506M->410M(780M) 44.526ms
[244.542s][info][gc,cpu         ] GC(847) User=0.09s Sys=0.00s Real=0.04s
[244.594s][info][gc,start       ] GC(848) Pause Young (Allocation Failure)
[244.633s][info][gc,heap        ] GC(848) PSYoungGen: 149728K(212992K)->20256K(218112K) Eden: 113664K(113664K)->0K(113664K) From: 36064K(99328K)->20256K(104448K)
[244.633s][info][gc,heap        ] GC(848) ParOldGen: 384074K(585728K)->402914K(585728K)
[244.633s][info][gc,metaspace   ] GC(848) Metaspace: 18599K(18752K)->18599K(18752K) NonClass: 16771K(16896K)->16771K(16896K) Class: 1828K(1856K)->1828K(1856K)
[244.633s][info][gc             ] GC(848) Pause Young (Allocation Failure) 521M->413M(785M) 38.114ms
[244.633s][info][gc,cpu         ] GC(848) User=0.07s Sys=0.00s Real=0.03s
[244.699s][info][gc,start       ] GC(849) Pause Young (Allocation Failure)
[244.722s][info][gc,heap        ] GC(849) PSYoungGen: 133920K(218112K)->15712K(225280K) Eden: 113664K(113664K)->0K(125440K) From: 20256K(104448K)->15712K(99840K)
[244.722s][info][gc,heap        ] GC(849) ParOldGen: 402914K(585728K)->408490K(585728K)
[244.722s][info][gc,metaspace   ] GC(849) Metaspace: 18599K(18752K)->18599K(18752K) NonClass: 16771K(16896K)->16771K(16896K) Class: 1828K(1856K)->1828K(1856K)
[244.722s][info][gc             ] GC(849) Pause Young (Allocation Failure) 524M->414M(792M) 23.715ms
[244.723s][info][gc,cpu         ] GC(849) User=0.05s Sys=0.00s Real=0.02s
[244.851s][info][gc,start       ] GC(850) Pause Young (Allocation Failure)
[244.883s][info][gc,heap        ] GC(850) PSYoungGen: 141152K(225280K)->14560K(226816K) Eden: 125440K(125440K)->0K(125440K) From: 15712K(99840K)->14560K(101376K)
[244.883s][info][gc,heap        ] GC(850) ParOldGen: 408490K(585728K)->420250K(585728K)
[244.883s][info][gc,metaspace   ] GC(850) Metaspace: 18602K(18752K)->18602K(18752K) NonClass: 16773K(16896K)->16773K(16896K) Class: 1828K(1856K)->1828K(1856K)
[244.883s][info][gc             ] GC(850) Pause Young (Allocation Failure) 536M->424M(793M) 31.884ms
[244.883s][info][gc,cpu         ] GC(850) User=0.06s Sys=0.00s Real=0.03s
[244.996s][info][gc,start       ] GC(851) Pause Young (Allocation Failure)
[245.018s][info][gc,heap        ] GC(851) PSYoungGen: 140000K(226816K)->15840K(227840K) Eden: 125440K(125440K)->0K(133120K) From: 14560K(101376K)->15840K(94720K)
[245.018s][info][gc,heap        ] GC(851) ParOldGen: 420250K(585728K)->420250K(585728K)
[245.018s][info][gc,metaspace   ] GC(851) Metaspace: 18603K(18752K)->18603K(18752K) NonClass: 16774K(16896K)->16774K(16896K) Class: 1828K(1856K)->1828K(1856K)
[245.018s][info][gc             ] GC(851) Pause Young (Allocation Failure) 547M->425M(794M) 21.190ms
[245.018s][info][gc,cpu         ] GC(851) User=0.05s Sys=0.00s Real=0.02s
[245.182s][info][gc,start       ] GC(852) Pause Young (Allocation Failure)
[245.208s][info][gc,heap        ] GC(852) PSYoungGen: 148960K(227840K)->19392K(229888K) Eden: 133120K(133120K)->0K(133120K) From: 15840K(94720K)->19392K(96768K)
[245.208s][info][gc,heap        ] GC(852) ParOldGen: 420250K(585728K)->420250K(585728K)
[245.208s][info][gc,metaspace   ] GC(852) Metaspace: 18609K(18752K)->18609K(18752K) NonClass: 16780K(16896K)->16780K(16896K) Class: 1828K(1856K)->1828K(1856K)
[245.208s][info][gc             ] GC(852) Pause Young (Allocation Failure) 555M->429M(796M) 25.934ms
[245.208s][info][gc,cpu         ] GC(852) User=0.05s Sys=0.00s Real=0.03s
[245.306s][info][gc,start       ] GC(853) Pause Young (Allocation Failure)
[245.326s][info][gc,heap        ] GC(853) PSYoungGen: 152512K(229888K)->19520K(230400K) Eden: 133120K(133120K)->0K(143360K) From: 19392K(96768K)->19520K(87040K)
[245.326s][info][gc,heap        ] GC(853) ParOldGen: 420250K(585728K)->420250K(585728K)
[245.326s][info][gc,metaspace   ] GC(853) Metaspace: 18609K(18752K)->18609K(18752K) NonClass: 16780K(16896K)->16780K(16896K) Class: 1828K(1856K)->1828K(1856K)
[245.326s][info][gc             ] GC(853) Pause Young (Allocation Failure) 559M->429M(797M) 20.533ms
[245.326s][info][gc,cpu         ] GC(853) User=0.04s Sys=0.00s Real=0.02s
[245.522s][info][gc,start       ] GC(854) Pause Young (Allocation Failure)
[245.547s][info][gc,heap        ] GC(854) PSYoungGen: 162880K(230400K)->24672K(232960K) Eden: 143360K(143360K)->0K(143360K) From: 19520K(87040K)->24672K(89600K)
[245.547s][info][gc,heap        ] GC(854) ParOldGen: 420250K(585728K)->420250K(585728K)
[245.547s][info][gc,metaspace   ] GC(854) Metaspace: 18623K(18752K)->18623K(18752K) NonClass: 16794K(16896K)->16794K(16896K) Class: 1828K(1856K)->1828K(1856K)
[245.547s][info][gc             ] GC(854) Pause Young (Allocation Failure) 569M->434M(799M) 25.641ms
[245.547s][info][gc,cpu         ] GC(854) User=0.05s Sys=0.00s Real=0.03s
[245.855s][info][gc,start       ] GC(855) Pause Young (Allocation Failure)
[245.893s][info][gc,heap        ] GC(855) PSYoungGen: 168032K(232960K)->37048K(230912K) Eden: 143360K(143360K)->0K(153088K) From: 24672K(89600K)->37048K(77824K)
[245.893s][info][gc,heap        ] GC(855) ParOldGen: 420250K(585728K)->420250K(585728K)
[245.893s][info][gc,metaspace   ] GC(855) Metaspace: 18640K(18816K)->18640K(18816K) NonClass: 16812K(16960K)->16812K(16960K) Class: 1828K(1856K)->1828K(1856K)
[245.893s][info][gc             ] GC(855) Pause Young (Allocation Failure) 574M->446M(797M) 37.617ms
[245.893s][info][gc,cpu         ] GC(855) User=0.07s Sys=0.00s Real=0.03s
[246.066s][info][gc,start       ] GC(856) Pause Young (Allocation Failure)
[246.120s][info][gc,heap        ] GC(856) PSYoungGen: 190136K(230912K)->57016K(235008K) Eden: 153088K(153088K)->0K(153088K) From: 37048K(77824K)->57016K(81920K)
[246.120s][info][gc,heap        ] GC(856) ParOldGen: 420250K(585728K)->420250K(585728K)
[246.120s][info][gc,metaspace   ] GC(856) Metaspace: 18641K(18816K)->18641K(18816K) NonClass: 16813K(16960K)->16813K(16960K) Class: 1828K(1856K)->1828K(1856K)
[246.120s][info][gc             ] GC(856) Pause Young (Allocation Failure) 596M->466M(801M) 54.240ms
[246.120s][info][gc,cpu         ] GC(856) User=0.11s Sys=0.00s Real=0.05s
[246.215s][info][gc,start       ] GC(857) Pause Young (Allocation Failure)
[246.313s][info][gc,heap        ] GC(857) PSYoungGen: 210104K(235008K)->86512K(206336K) Eden: 153088K(153088K)->0K(119808K) From: 57016K(81920K)->86512K(86528K)
[246.313s][info][gc,heap        ] GC(857) ParOldGen: 420250K(585728K)->437834K(585728K)
[246.313s][info][gc,metaspace   ] GC(857) Metaspace: 18642K(18816K)->18642K(18816K) NonClass: 16814K(16960K)->16814K(16960K) Class: 1828K(1856K)->1828K(1856K)
[246.313s][info][gc             ] GC(857) Pause Young (Allocation Failure) 615M->512M(773M) 97.211ms
[246.313s][info][gc,cpu         ] GC(857) User=0.18s Sys=0.02s Real=0.09s
[246.468s][info][gc,start       ] GC(858) Pause Young (Allocation Failure)
[246.564s][info][gc,heap        ] GC(858) PSYoungGen: 206320K(206336K)->106984K(226816K) Eden: 119808K(119808K)->0K(119808K) From: 86512K(86528K)->106984K(107008K)
[246.564s][info][gc,heap        ] GC(858) ParOldGen: 437834K(585728K)->442666K(585728K)
[246.564s][info][gc,metaspace   ] GC(858) Metaspace: 18642K(18816K)->18642K(18816K) NonClass: 16814K(16960K)->16814K(16960K) Class: 1828K(1856K)->1828K(1856K)
[246.564s][info][gc             ] GC(858) Pause Young (Allocation Failure) 629M->536M(793M) 95.898ms
[246.564s][info][gc,cpu         ] GC(858) User=0.19s Sys=0.00s Real=0.10s
[246.721s][info][gc,start       ] GC(859) Pause Young (Allocation Failure)
[246.811s][info][gc,heap        ] GC(859) PSYoungGen: 226792K(226816K)->95328K(218624K) Eden: 119808K(119808K)->0K(111616K) From: 106984K(107008K)->95328K(107008K)
[246.811s][info][gc,heap        ] GC(859) ParOldGen: 442666K(585728K)->454554K(585728K)
[246.811s][info][gc,metaspace   ] GC(859) Metaspace: 18642K(18816K)->18642K(18816K) NonClass: 16814K(16960K)->16814K(16960K) Class: 1828K(1856K)->1828K(1856K)
[246.811s][info][gc             ] GC(859) Pause Young (Allocation Failure) 653M->536M(785M) 90.156ms
[246.811s][info][gc,cpu         ] GC(859) User=0.18s Sys=0.00s Real=0.09s
[246.999s][info][gc,start       ] GC(860) Pause Young (Allocation Failure)
[247.078s][info][gc,heap        ] GC(860) PSYoungGen: 206944K(218624K)->92024K(222720K) Eden: 111616K(111616K)->0K(111616K) From: 95328K(107008K)->92024K(111104K)
[247.078s][info][gc,heap        ] GC(860) ParOldGen: 454554K(585728K)->458242K(585728K)
[247.078s][info][gc,metaspace   ] GC(860) Metaspace: 18642K(18816K)->18642K(18816K) NonClass: 16814K(16960K)->16814K(16960K) Class: 1828K(1856K)->1828K(1856K)
[247.078s][info][gc             ] GC(860) Pause Young (Allocation Failure) 645M->537M(789M) 79.392ms
[247.078s][info][gc,cpu         ] GC(860) User=0.16s Sys=0.00s Real=0.08s
[247.244s][info][gc,start       ] GC(861) Pause Young (Allocation Failure)
[247.320s][info][gc,heap        ] GC(861) PSYoungGen: 203640K(222720K)->74784K(222720K) Eden: 111616K(111616K)->0K(111616K) From: 92024K(111104K)->74784K(111104K)
[247.320s][info][gc,heap        ] GC(861) ParOldGen: 458242K(585728K)->475880K(585728K)
[247.320s][info][gc,metaspace   ] GC(861) Metaspace: 18642K(18816K)->18642K(18816K) NonClass: 16814K(16960K)->16814K(16960K) Class: 1828K(1856K)->1828K(1856K)
[247.320s][info][gc             ] GC(861) Pause Young (Allocation Failure) 646M->537M(789M) 76.839ms
[247.320s][info][gc,cpu         ] GC(861) User=0.15s Sys=0.00s Real=0.07s
[247.456s][info][gc,start       ] GC(862) Pause Young (Allocation Failure)
[247.518s][info][gc,heap        ] GC(862) PSYoungGen: 186400K(222720K)->26496K(222720K) Eden: 111616K(111616K)->0K(111616K) From: 74784K(111104K)->26496K(111104K)
[247.518s][info][gc,heap        ] GC(862) ParOldGen: 475880K(585728K)->524939K(585728K)
[247.518s][info][gc,metaspace   ] GC(862) Metaspace: 18642K(18816K)->18642K(18816K) NonClass: 16814K(16960K)->16814K(16960K) Class: 1828K(1856K)->1828K(1856K)
[247.519s][info][gc             ] GC(862) Pause Young (Allocation Failure) 646M->538M(789M) 62.952ms
[247.519s][info][gc,cpu         ] GC(862) User=0.12s Sys=0.00s Real=0.06s
[247.605s][info][gc,start       ] GC(863) Pause Young (Allocation Failure)
[247.628s][info][gc,heap        ] GC(863) PSYoungGen: 138112K(222720K)->2368K(222720K) Eden: 111616K(111616K)->0K(111616K) From: 26496K(111104K)->2368K(111104K)
[247.628s][info][gc,heap        ] GC(863) ParOldGen: 524939K(585728K)->550535K(585728K)
[247.628s][info][gc,metaspace   ] GC(863) Metaspace: 18642K(18816K)->18642K(18816K) NonClass: 16814K(16960K)->16814K(16960K) Class: 1828K(1856K)->1828K(1856K)
[247.628s][info][gc             ] GC(863) Pause Young (Allocation Failure) 647M->539M(789M) 23.018ms
[247.628s][info][gc,cpu         ] GC(863) User=0.04s Sys=0.00s Real=0.02s
[247.734s][info][gc,start       ] GC(864) Pause Young (Allocation Failure)
[247.742s][info][gc,heap        ] GC(864) PSYoungGen: 113984K(222720K)->3049K(222720K) Eden: 111616K(111616K)->0K(111616K) From: 2368K(111104K)->3049K(111104K)
[247.742s][info][gc,heap        ] GC(864) ParOldGen: 550535K(585728K)->551199K(585728K)
[247.742s][info][gc,metaspace   ] GC(864) Metaspace: 18642K(18816K)->18642K(18816K) NonClass: 16814K(16960K)->16814K(16960K) Class: 1828K(1856K)->1828K(1856K)
[247.742s][info][gc             ] GC(864) Pause Young (Allocation Failure) 648M->541M(789M) 8.522ms
[247.742s][info][gc,cpu         ] GC(864) User=0.02s Sys=0.00s Real=0.00s
[247.989s][info][gc,start       ] GC(865) Pause Young (Allocation Failure)
[248.024s][info][gc,heap        ] GC(865) PSYoungGen: 114665K(222720K)->18058K(222720K) Eden: 111616K(111616K)->0K(111616K) From: 3049K(111104K)->18058K(111104K)
[248.024s][info][gc,heap        ] GC(865) ParOldGen: 551199K(585728K)->552783K(585728K)
[248.024s][info][gc,metaspace   ] GC(865) Metaspace: 18642K(18816K)->18642K(18816K) NonClass: 16814K(16960K)->16814K(16960K) Class: 1828K(1856K)->1828K(1856K)
[248.024s][info][gc             ] GC(865) Pause Young (Allocation Failure) 650M->557M(789M) 35.050ms
[248.024s][info][gc,cpu         ] GC(865) User=0.07s Sys=0.00s Real=0.04s
[248.196s][info][gc,start       ] GC(866) Pause Young (Allocation Failure)
[248.239s][info][gc,heap        ] GC(866) PSYoungGen: 129674K(222720K)->13184K(222720K) Eden: 111616K(111616K)->0K(111616K) From: 18058K(111104K)->13184K(111104K)
[248.239s][info][gc,heap        ] GC(866) ParOldGen: 552783K(585728K)->570866K(585728K)
[248.239s][info][gc,metaspace   ] GC(866) Metaspace: 18642K(18816K)->18642K(18816K) NonClass: 16814K(16960K)->16814K(16960K) Class: 1828K(1856K)->1828K(1856K)
[248.239s][info][gc             ] GC(866) Pause Young (Allocation Failure) 666M->570M(789M) 43.010ms
[248.239s][info][gc,cpu         ] GC(866) User=0.08s Sys=0.00s Real=0.04s
[248.351s][info][gc,start       ] GC(867) Pause Young (Allocation Failure)
[248.378s][info][gc,heap        ] GC(867) PSYoungGen: 124800K(222720K)->12928K(222720K) Eden: 111616K(111616K)->0K(111616K) From: 13184K(111104K)->12928K(111104K)
[248.378s][info][gc,heap        ] GC(867) ParOldGen: 570866K(585728K)->583946K(585728K)
[248.378s][info][gc,metaspace   ] GC(867) Metaspace: 18642K(18816K)->18642K(18816K) NonClass: 16814K(16960K)->16814K(16960K) Class: 1828K(1856K)->1828K(1856K)
[248.378s][info][gc             ] GC(867) Pause Young (Allocation Failure) 679M->582M(789M) 27.739ms
[248.378s][info][gc,cpu         ] GC(867) User=0.06s Sys=0.00s Real=0.03s
[248.494s][info][gc,start       ] GC(868) Pause Young (Allocation Failure)
[248.526s][info][gc,heap        ] GC(868) PSYoungGen: 124544K(222720K)->11840K(222720K) Eden: 111616K(111616K)->0K(111616K) From: 12928K(111104K)->11840K(111104K)
[248.526s][info][gc,heap        ] GC(868) ParOldGen: 583946K(585728K)->596914K(596992K)
[248.526s][info][gc,metaspace   ] GC(868) Metaspace: 18642K(18816K)->18642K(18816K) NonClass: 16814K(16960K)->16814K(16960K) Class: 1828K(1856K)->1828K(1856K)
[248.526s][info][gc             ] GC(868) Pause Young (Allocation Failure) 691M->594M(800M) 32.068ms
[248.526s][info][gc,cpu         ] GC(868) User=0.05s Sys=0.01s Real=0.03s
[248.627s][info][gc,start       ] GC(869) Pause Young (Allocation Failure)
[248.652s][info][gc,heap        ] GC(869) PSYoungGen: 123456K(222720K)->2560K(222720K) Eden: 111616K(111616K)->0K(111616K) From: 11840K(111104K)->2560K(111104K)
[248.652s][info][gc,heap        ] GC(869) ParOldGen: 596914K(596992K)->608754K(608768K)
[248.652s][info][gc,metaspace   ] GC(869) Metaspace: 18642K(18816K)->18642K(18816K) NonClass: 16814K(16960K)->16814K(16960K) Class: 1828K(1856K)->1828K(1856K)
[248.652s][info][gc             ] GC(869) Pause Young (Allocation Failure) 703M->596M(812M) 25.240ms
[248.653s][info][gc,cpu         ] GC(869) User=0.04s Sys=0.01s Real=0.02s
[248.758s][info][gc,start       ] GC(870) Pause Young (Allocation Failure)
[248.769s][info][gc,heap        ] GC(870) PSYoungGen: 114176K(222720K)->416K(222720K) Eden: 111616K(111616K)->0K(111616K) From: 2560K(111104K)->416K(111104K)
[248.769s][info][gc,heap        ] GC(870) ParOldGen: 608754K(608768K)->611290K(611328K)
[248.769s][info][gc,metaspace   ] GC(870) Metaspace: 18642K(18816K)->18642K(18816K) NonClass: 16814K(16960K)->16814K(16960K) Class: 1828K(1856K)->1828K(1856K)
[248.769s][info][gc             ] GC(870) Pause Young (Allocation Failure) 705M->597M(814M) 11.340ms
[248.769s][info][gc,cpu         ] GC(870) User=0.02s Sys=0.00s Real=0.01s
[248.891s][info][gc,start       ] GC(871) Pause Young (Allocation Failure)
[248.898s][info][gc,heap        ] GC(871) PSYoungGen: 112032K(222720K)->2912K(219648K) Eden: 111616K(111616K)->0K(111616K) From: 416K(111104K)->2912K(108032K)
[248.898s][info][gc,heap        ] GC(871) ParOldGen: 611290K(611328K)->611655K(611840K)
[248.898s][info][gc,metaspace   ] GC(871) Metaspace: 18647K(18816K)->18647K(18816K) NonClass: 16819K(16960K)->16819K(16960K) Class: 1828K(1856K)->1828K(1856K)
[248.898s][info][gc             ] GC(871) Pause Young (Allocation Failure) 706M->600M(812M) 6.874ms
[248.898s][info][gc,cpu         ] GC(871) User=0.01s Sys=0.00s Real=0.01s
[248.976s][info][gc,start       ] GC(872) Pause Young (Allocation Failure)
[248.982s][info][gc,heap        ] GC(872) PSYoungGen: 114528K(219648K)->2944K(221184K) Eden: 111616K(111616K)->0K(111616K) From: 2912K(108032K)->2944K(109568K)
[248.982s][info][gc,heap        ] GC(872) ParOldGen: 611655K(611840K)->611655K(611840K)
[248.982s][info][gc,metaspace   ] GC(872) Metaspace: 18647K(18816K)->18647K(18816K) NonClass: 16819K(16960K)->16819K(16960K) Class: 1828K(1856K)->1828K(1856K)
[248.982s][info][gc             ] GC(872) Pause Young (Allocation Failure) 709M->600M(813M) 5.673ms
[248.982s][info][gc,cpu         ] GC(872) User=0.01s Sys=0.00s Real=0.00s
[249.047s][info][gc,start       ] GC(873) Pause Young (Allocation Failure)
[249.053s][info][gc,heap        ] GC(873) PSYoungGen: 114559K(221184K)->2944K(214528K) Eden: 111615K(111616K)->0K(117248K) From: 2944K(109568K)->2944K(97280K)
[249.053s][info][gc,heap        ] GC(873) ParOldGen: 611655K(611840K)->611655K(611840K)
[249.053s][info][gc,metaspace   ] GC(873) Metaspace: 18647K(18816K)->18647K(18816K) NonClass: 16819K(16960K)->16819K(16960K) Class: 1828K(1856K)->1828K(1856K)
[249.053s][info][gc             ] GC(873) Pause Young (Allocation Failure) 709M->600M(807M) 6.162ms
[249.053s][info][gc,cpu         ] GC(873) User=0.01s Sys=0.00s Real=0.00s
[249.257s][info][gc,start       ] GC(874) Pause Young (Allocation Failure)
[249.271s][info][gc,heap        ] GC(874) PSYoungGen: 120192K(214528K)->10512K(128000K) Eden: 117248K(117248K)->0K(117248K) From: 2944K(97280K)->10512K(10752K)
[249.271s][info][gc,heap        ] GC(874) ParOldGen: 611655K(611840K)->611663K(611840K)
[249.271s][info][gc,metaspace   ] GC(874) Metaspace: 18650K(18816K)->18650K(18816K) NonClass: 16822K(16960K)->16822K(16960K) Class: 1828K(1856K)->1828K(1856K)
[249.271s][info][gc             ] GC(874) Pause Young (Allocation Failure) 714M->607M(722M) 13.583ms
[249.271s][info][gc,cpu         ] GC(874) User=0.02s Sys=0.00s Real=0.01s
[249.402s][info][gc,start       ] GC(875) Pause Young (Allocation Failure)
[249.417s][info][gc,heap        ] GC(875) PSYoungGen: 127760K(128000K)->11040K(204800K) Eden: 117248K(117248K)->0K(122368K) From: 10512K(10752K)->11040K(82432K)
[249.417s][info][gc,heap        ] GC(875) ParOldGen: 611663K(611840K)->611663K(611840K)
[249.417s][info][gc,metaspace   ] GC(875) Metaspace: 18650K(18816K)->18650K(18816K) NonClass: 16822K(16960K)->16822K(16960K) Class: 1828K(1856K)->1828K(1856K)
[249.417s][info][gc             ] GC(875) Pause Young (Allocation Failure) 722M->608M(797M) 15.026ms
[249.417s][info][gc,cpu         ] GC(875) User=0.03s Sys=0.00s Real=0.02s
[249.647s][info][gc,start       ] GC(876) Pause Young (Allocation Failure)
[249.681s][info][gc,heap        ] GC(876) PSYoungGen: 133408K(204800K)->33872K(210944K) Eden: 122368K(122368K)->0K(122368K) From: 11040K(82432K)->33872K(88576K)
[249.681s][info][gc,heap        ] GC(876) ParOldGen: 611663K(611840K)->611663K(611840K)
[249.681s][info][gc,metaspace   ] GC(876) Metaspace: 18651K(18816K)->18651K(18816K) NonClass: 16822K(16960K)->16822K(16960K) Class: 1828K(1856K)->1828K(1856K)
[249.681s][info][gc             ] GC(876) Pause Young (Allocation Failure) 727M->630M(803M) 33.995ms
[249.681s][info][gc,cpu         ] GC(876) User=0.06s Sys=0.00s Real=0.03s
[249.868s][info][gc,start       ] GC(877) Pause Young (Allocation Failure)
[249.903s][info][gc,heap        ] GC(877) PSYoungGen: 156240K(210944K)->33952K(212992K) Eden: 122368K(122368K)->0K(128512K) From: 33872K(88576K)->33952K(84480K)
[249.903s][info][gc,heap        ] GC(877) ParOldGen: 611663K(611840K)->611663K(611840K)
[249.903s][info][gc,metaspace   ] GC(877) Metaspace: 18654K(18816K)->18654K(18816K) NonClass: 16825K(16960K)->16825K(16960K) Class: 1828K(1856K)->1828K(1856K)
[249.903s][info][gc             ] GC(877) Pause Young (Allocation Failure) 749M->630M(805M) 34.942ms
[249.903s][info][gc,cpu         ] GC(877) User=0.07s Sys=0.00s Real=0.03s
[250.050s][info][gc,start       ] GC(878) Pause Young (Allocation Failure)
[250.086s][info][gc,heap        ] GC(878) PSYoungGen: 162464K(212992K)->34016K(214016K) Eden: 128512K(128512K)->0K(128512K) From: 33952K(84480K)->34016K(85504K)
[250.086s][info][gc,heap        ] GC(878) ParOldGen: 611663K(611840K)->611663K(611840K)
[250.086s][info][gc,metaspace   ] GC(878) Metaspace: 18654K(18816K)->18654K(18816K) NonClass: 16825K(16960K)->16825K(16960K) Class: 1828K(1856K)->1828K(1856K)
[250.086s][info][gc             ] GC(878) Pause Young (Allocation Failure) 755M->630M(806M) 35.735ms
[250.086s][info][gc,cpu         ] GC(878) User=0.07s Sys=0.00s Real=0.04s
[250.255s][info][gc,start       ] GC(879) Pause Young (Allocation Failure)
[250.296s][info][gc,heap        ] GC(879) PSYoungGen: 162528K(214016K)->34056K(216064K) Eden: 128512K(128512K)->0K(136192K) From: 34016K(85504K)->34056K(79872K)
[250.296s][info][gc,heap        ] GC(879) ParOldGen: 611663K(611840K)->611663K(611840K)
[250.296s][info][gc,metaspace   ] GC(879) Metaspace: 18654K(18816K)->18654K(18816K) NonClass: 16825K(16960K)->16825K(16960K) Class: 1828K(1856K)->1828K(1856K)
[250.296s][info][gc             ] GC(879) Pause Young (Allocation Failure) 756M->630M(808M) 41.150ms
[250.296s][info][gc,cpu         ] GC(879) User=0.08s Sys=0.00s Real=0.04s
[251.812s][info][gc,start       ] GC(880) Pause Young (Allocation Failure)
[251.847s][info][gc,heap        ] GC(880) PSYoungGen: 170248K(216064K)->34509K(217600K) Eden: 136192K(136192K)->0K(136192K) From: 34056K(79872K)->34509K(81408K)
[251.847s][info][gc,heap        ] GC(880) ParOldGen: 611663K(611840K)->611663K(611840K)
[251.847s][info][gc,metaspace   ] GC(880) Metaspace: 18664K(18816K)->18664K(18816K) NonClass: 16836K(16960K)->16836K(16960K) Class: 1828K(1856K)->1828K(1856K)
[251.847s][info][gc             ] GC(880) Pause Young (Allocation Failure) 763M->631M(810M) 35.436ms
[251.847s][info][gc,cpu         ] GC(880) User=0.07s Sys=0.00s Real=0.04s
[252.425s][info][gc,start       ] GC(881) Pause Young (Allocation Failure)
[252.461s][info][gc,heap        ] GC(881) PSYoungGen: 170701K(217600K)->35229K(217600K) Eden: 136192K(136192K)->0K(142336K) From: 34509K(81408K)->35229K(75264K)
[252.461s][info][gc,heap        ] GC(881) ParOldGen: 611663K(611840K)->611663K(611840K)
[252.461s][info][gc,metaspace   ] GC(881) Metaspace: 18665K(18816K)->18665K(18816K) NonClass: 16836K(16960K)->16836K(16960K) Class: 1828K(1856K)->1828K(1856K)
[252.461s][info][gc             ] GC(881) Pause Young (Allocation Failure) 764M->631M(810M) 36.014ms
[252.461s][info][gc,cpu         ] GC(881) User=0.08s Sys=0.00s Real=0.03s
[253.116s][info][gc,start       ] GC(882) Pause Young (Allocation Failure)
[253.153s][info][gc,heap        ] GC(882) PSYoungGen: 177533K(217600K)->36493K(220160K) Eden: 142304K(142336K)->0K(142336K) From: 35229K(75264K)->36493K(77824K)
[253.153s][info][gc,heap        ] GC(882) ParOldGen: 611663K(611840K)->611671K(611840K)
[253.153s][info][gc,metaspace   ] GC(882) Metaspace: 18680K(18816K)->18680K(18816K) NonClass: 16852K(16960K)->16852K(16960K) Class: 1828K(1856K)->1828K(1856K)
[253.153s][info][gc             ] GC(882) Pause Young (Allocation Failure) 770M->632M(812M) 36.667ms
[253.153s][info][gc,cpu         ] GC(882) User=0.08s Sys=0.00s Real=0.03s
[253.480s][info][gc,start       ] GC(883) Pause Young (Allocation Failure)
[253.521s][info][gc,heap        ] GC(883) PSYoungGen: 178829K(220160K)->37399K(223232K) Eden: 142336K(142336K)->0K(148480K) From: 36493K(77824K)->37399K(74752K)
[253.521s][info][gc,heap        ] GC(883) ParOldGen: 611671K(611840K)->611679K(611840K)
[253.521s][info][gc,metaspace   ] GC(883) Metaspace: 18681K(18816K)->18681K(18816K) NonClass: 16853K(16960K)->16853K(16960K) Class: 1828K(1856K)->1828K(1856K)
[253.521s][info][gc             ] GC(883) Pause Young (Allocation Failure) 771M->633M(815M) 40.435ms
[253.521s][info][gc,cpu         ] GC(883) User=0.08s Sys=0.00s Real=0.04s
[253.874s][info][gc,start       ] GC(884) Pause Young (Allocation Failure)
[253.913s][info][gc,heap        ] GC(884) PSYoungGen: 185879K(223232K)->37181K(223744K) Eden: 148480K(148480K)->0K(148480K) From: 37399K(74752K)->37181K(75264K)
[253.913s][info][gc,heap        ] GC(884) ParOldGen: 611679K(611840K)->611679K(611840K)
[253.913s][info][gc,metaspace   ] GC(884) Metaspace: 18685K(18816K)->18685K(18816K) NonClass: 16856K(16960K)->16856K(16960K) Class: 1828K(1856K)->1828K(1856K)
[253.913s][info][gc             ] GC(884) Pause Young (Allocation Failure) 778M->633M(816M) 38.580ms
[253.913s][info][gc,cpu         ] GC(884) User=0.08s Sys=0.00s Real=0.03s
[254.060s][info][gc,start       ] GC(885) Pause Young (Allocation Failure)
[254.148s][info][gc,heap        ] GC(885) PSYoungGen: 185661K(223744K)->73716K(211968K) Eden: 148480K(148480K)->0K(138240K) From: 37181K(75264K)->73716K(73728K)
[254.148s][info][gc,heap        ] GC(885) ParOldGen: 611679K(611840K)->623615K(623616K)
[254.148s][info][gc,metaspace   ] GC(885) Metaspace: 18716K(18880K)->18716K(18880K) NonClass: 16887K(17024K)->16887K(17024K) Class: 1828K(1856K)->1828K(1856K)
[254.148s][info][gc             ] GC(885) Pause Young (Allocation Failure) 778M->680M(816M) 88.761ms
[254.149s][info][gc,cpu         ] GC(885) User=0.17s Sys=0.01s Real=0.09s
[254.261s][info][gc,start       ] GC(886) Pause Young (Allocation Failure)
[254.381s][info][gc,heap        ] GC(886) PSYoungGen: 211956K(211968K)->90084K(228352K) Eden: 138240K(138240K)->0K(138240K) From: 73716K(73728K)->90084K(90112K)
[254.381s][info][gc,heap        ] GC(886) ParOldGen: 623615K(623616K)->655391K(655872K)
[254.381s][info][gc,metaspace   ] GC(886) Metaspace: 18716K(18880K)->18716K(18880K) NonClass: 16887K(17024K)->16887K(17024K) Class: 1828K(1856K)->1828K(1856K)
[254.381s][info][gc             ] GC(886) Pause Young (Allocation Failure) 815M->728M(863M) 120.053ms
[254.381s][info][gc,cpu         ] GC(886) User=0.21s Sys=0.02s Real=0.12s
[254.542s][info][gc,start       ] GC(887) Pause Full (Allocation Failure)
[254.542s][info][gc,phases,start] GC(887) Marking Phase
[254.675s][info][gc,phases      ] GC(887) Marking Phase 133.443ms
[254.675s][info][gc,phases,start] GC(887) Summary Phase
[254.675s][info][gc,phases      ] GC(887) Summary Phase 0.029ms
[254.675s][info][gc,phases,start] GC(887) Forward
[254.715s][info][gc,phases      ] GC(887) Forward 40.265ms
[254.715s][info][gc,phases,start] GC(887) Adjust Pointers
[254.787s][info][gc,phases      ] GC(887) Adjust Pointers 71.370ms
[254.787s][info][gc,phases,start] GC(887) Compaction Phase
[254.833s][info][gc,phases      ] GC(887) Compaction Phase 46.496ms
[254.834s][info][gc,phases,start] GC(887) Post Compact
[254.837s][info][gc,phases      ] GC(887) Post Compact 2.609ms
[254.855s][info][gc,heap        ] GC(887) PSYoungGen: 228324K(228352K)->0K(217088K) Eden: 138240K(138240K)->0K(111616K) From: 90084K(90112K)->0K(105472K)
[254.855s][info][gc,heap        ] GC(887) ParOldGen: 655391K(655872K)->196502K(459776K)
[254.855s][info][gc,metaspace   ] GC(887) Metaspace: 18721K(18880K)->18721K(18880K) NonClass: 16892K(17024K)->16892K(17024K) Class: 1828K(1856K)->1828K(1856K)
[254.855s][info][gc             ] GC(887) Pause Full (Allocation Failure) 863M->191M(661M) 313.132ms
[254.855s][info][gc,cpu         ] GC(887) User=0.54s Sys=0.02s Real=0.32s
[255.069s][info][gc,start       ] GC(888) Pause Young (Allocation Failure)
[255.110s][info][gc,heap        ] GC(888) PSYoungGen: 111616K(217088K)->32215K(222720K) Eden: 111616K(111616K)->0K(111616K) From: 0K(105472K)->32215K(111104K)
[255.110s][info][gc,heap        ] GC(888) ParOldGen: 196502K(459776K)->196502K(459776K)
[255.110s][info][gc,metaspace   ] GC(888) Metaspace: 18721K(18880K)->18721K(18880K) NonClass: 16892K(17024K)->16892K(17024K) Class: 1828K(1856K)->1828K(1856K)
[255.110s][info][gc             ] GC(888) Pause Young (Allocation Failure) 300M->223M(666M) 41.465ms
[255.110s][info][gc,cpu         ] GC(888) User=0.08s Sys=0.00s Real=0.04s
[255.302s][info][gc,start       ] GC(889) Pause Young (Allocation Failure)
[255.360s][info][gc,heap        ] GC(889) PSYoungGen: 143831K(222720K)->43113K(210432K) Eden: 111616K(111616K)->0K(111616K) From: 32215K(111104K)->43113K(98816K)
[255.360s][info][gc,heap        ] GC(889) ParOldGen: 196502K(459776K)->196510K(459776K)
[255.360s][info][gc,metaspace   ] GC(889) Metaspace: 18735K(18880K)->18735K(18880K) NonClass: 16907K(17024K)->16907K(17024K) Class: 1828K(1856K)->1828K(1856K)
[255.360s][info][gc             ] GC(889) Pause Young (Allocation Failure) 332M->234M(654M) 58.561ms
[255.360s][info][gc,cpu         ] GC(889) User=0.11s Sys=0.00s Real=0.06s
[255.464s][info][gc,start       ] GC(890) Pause Young (Allocation Failure)
[255.545s][info][gc,heap        ] GC(890) PSYoungGen: 154729K(210432K)->65609K(216576K) Eden: 111616K(111616K)->0K(111616K) From: 43113K(98816K)->65609K(104960K)
[255.545s][info][gc,heap        ] GC(890) ParOldGen: 196510K(459776K)->196510K(459776K)
[255.545s][info][gc,metaspace   ] GC(890) Metaspace: 18735K(18880K)->18735K(18880K) NonClass: 16907K(17024K)->16907K(17024K) Class: 1828K(1856K)->1828K(1856K)
[255.545s][info][gc             ] GC(890) Pause Young (Allocation Failure) 343M->255M(660M) 81.645ms
[255.545s][info][gc,cpu         ] GC(890) User=0.16s Sys=0.00s Real=0.08s
[255.637s][info][gc,start       ] GC(891) Pause Young (Allocation Failure)
[255.725s][info][gc,heap        ] GC(891) PSYoungGen: 177225K(216576K)->74355K(218624K) Eden: 111616K(111616K)->0K(111616K) From: 65609K(104960K)->74355K(107008K)
[255.725s][info][gc,heap        ] GC(891) ParOldGen: 196510K(459776K)->196510K(459776K)
[255.725s][info][gc,metaspace   ] GC(891) Metaspace: 18735K(18880K)->18735K(18880K) NonClass: 16907K(17024K)->16907K(17024K) Class: 1828K(1856K)->1828K(1856K)
[255.725s][info][gc             ] GC(891) Pause Young (Allocation Failure) 364M->264M(662M) 88.129ms
[255.725s][info][gc,cpu         ] GC(891) User=0.17s Sys=0.00s Real=0.09s
[255.838s][info][gc,start       ] GC(892) Pause Young (Allocation Failure)
[255.932s][info][gc,heap        ] GC(892) PSYoungGen: 185971K(218624K)->80649K(222720K) Eden: 111616K(111616K)->0K(111616K) From: 74355K(107008K)->80649K(111104K)
[255.932s][info][gc,heap        ] GC(892) ParOldGen: 196510K(459776K)->196510K(459776K)
[255.932s][info][gc,metaspace   ] GC(892) Metaspace: 18735K(18880K)->18735K(18880K) NonClass: 16907K(17024K)->16907K(17024K) Class: 1828K(1856K)->1828K(1856K)
[255.932s][info][gc             ] GC(892) Pause Young (Allocation Failure) 373M->270M(666M) 94.384ms
[255.932s][info][gc,cpu         ] GC(892) User=0.19s Sys=0.00s Real=0.09s
[256.020s][info][gc,start       ] GC(893) Pause Young (Allocation Failure)
[256.122s][info][gc,heap        ] GC(893) PSYoungGen: 192265K(222720K)->85833K(222720K) Eden: 111616K(111616K)->0K(111616K) From: 80649K(111104K)->85833K(111104K)
[256.122s][info][gc,heap        ] GC(893) ParOldGen: 196510K(459776K)->196510K(459776K)
[256.122s][info][gc,metaspace   ] GC(893) Metaspace: 18735K(18880K)->18735K(18880K) NonClass: 16907K(17024K)->16907K(17024K) Class: 1828K(1856K)->1828K(1856K)
[256.122s][info][gc             ] GC(893) Pause Young (Allocation Failure) 379M->275M(666M) 102.569ms
[256.122s][info][gc,cpu         ] GC(893) User=0.20s Sys=0.01s Real=0.10s
[256.224s][info][gc,start       ] GC(894) Pause Young (Allocation Failure)
[256.325s][info][gc,heap        ] GC(894) PSYoungGen: 197449K(222720K)->85929K(222720K) Eden: 111616K(111616K)->0K(111616K) From: 85833K(111104K)->85929K(111104K)
[256.325s][info][gc,heap        ] GC(894) ParOldGen: 196510K(459776K)->196510K(459776K)
[256.325s][info][gc,metaspace   ] GC(894) Metaspace: 18735K(18880K)->18735K(18880K) NonClass: 16907K(17024K)->16907K(17024K) Class: 1828K(1856K)->1828K(1856K)
[256.325s][info][gc             ] GC(894) Pause Young (Allocation Failure) 384M->275M(666M) 100.750ms
[256.325s][info][gc,cpu         ] GC(894) User=0.20s Sys=0.00s Real=0.10s
[256.433s][info][gc,start       ] GC(895) Pause Young (Allocation Failure)
[256.540s][info][gc,heap        ] GC(895) PSYoungGen: 197545K(222720K)->91849K(222720K) Eden: 111616K(111616K)->0K(111616K) From: 85929K(111104K)->91849K(111104K)
[256.540s][info][gc,heap        ] GC(895) ParOldGen: 196510K(459776K)->196510K(459776K)
[256.540s][info][gc,metaspace   ] GC(895) Metaspace: 18735K(18880K)->18735K(18880K) NonClass: 16907K(17024K)->16907K(17024K) Class: 1828K(1856K)->1828K(1856K)
[256.540s][info][gc             ] GC(895) Pause Young (Allocation Failure) 384M->281M(666M) 107.211ms
[256.540s][info][gc,cpu         ] GC(895) User=0.21s Sys=0.00s Real=0.11s
[256.605s][info][gc,start       ] GC(896) Pause Young (Allocation Failure)
[256.728s][info][gc,heap        ] GC(896) PSYoungGen: 203465K(222720K)->78859K(222720K) Eden: 111616K(111616K)->0K(111616K) From: 91849K(111104K)->78859K(111104K)
[256.728s][info][gc,heap        ] GC(896) ParOldGen: 196510K(459776K)->228950K(459776K)
[256.728s][info][gc,metaspace   ] GC(896) Metaspace: 18735K(18880K)->18735K(18880K) NonClass: 16907K(17024K)->16907K(17024K) Class: 1828K(1856K)->1828K(1856K)
[256.728s][info][gc             ] GC(896) Pause Young (Allocation Failure) 390M->300M(666M) 123.335ms
[256.728s][info][gc,cpu         ] GC(896) User=0.24s Sys=0.00s Real=0.12s
[256.778s][info][gc,start       ] GC(897) Pause Young (Allocation Failure)
[256.890s][info][gc,heap        ] GC(897) PSYoungGen: 190475K(222720K)->77216K(222720K) Eden: 111616K(111616K)->0K(111616K) From: 78859K(111104K)->77216K(111104K)
[256.890s][info][gc,heap        ] GC(897) ParOldGen: 228950K(459776K)->262462K(459776K)
[256.890s][info][gc,metaspace   ] GC(897) Metaspace: 18735K(18880K)->18735K(18880K) NonClass: 16907K(17024K)->16907K(17024K) Class: 1828K(1856K)->1828K(1856K)
[256.890s][info][gc             ] GC(897) Pause Young (Allocation Failure) 409M->331M(666M) 112.126ms
[256.890s][info][gc,cpu         ] GC(897) User=0.22s Sys=0.00s Real=0.11s
[257.016s][info][gc,start       ] GC(898) Pause Young (Allocation Failure)
[257.097s][info][gc,heap        ] GC(898) PSYoungGen: 188832K(222720K)->79075K(222720K) Eden: 111616K(111616K)->0K(111616K) From: 77216K(111104K)->79075K(111104K)
[257.097s][info][gc,heap        ] GC(898) ParOldGen: 262462K(459776K)->277542K(459776K)
[257.097s][info][gc,metaspace   ] GC(898) Metaspace: 18735K(18880K)->18735K(18880K) NonClass: 16907K(17024K)->16907K(17024K) Class: 1828K(1856K)->1828K(1856K)
[257.097s][info][gc             ] GC(898) Pause Young (Allocation Failure) 440M->348M(666M) 80.840ms
[257.097s][info][gc,cpu         ] GC(898) User=0.16s Sys=0.00s Real=0.08s
[257.171s][info][gc,start       ] GC(899) Pause Young (Allocation Failure)
[257.245s][info][gc,heap        ] GC(899) PSYoungGen: 190691K(222720K)->81923K(222720K) Eden: 111616K(111616K)->0K(111616K) From: 79075K(111104K)->81923K(111104K)
[257.246s][info][gc,heap        ] GC(899) ParOldGen: 277542K(459776K)->282875K(459776K)
[257.246s][info][gc,metaspace   ] GC(899) Metaspace: 18735K(18880K)->18735K(18880K) NonClass: 16907K(17024K)->16907K(17024K) Class: 1828K(1856K)->1828K(1856K)
[257.246s][info][gc             ] GC(899) Pause Young (Allocation Failure) 457M->356M(666M) 74.170ms
[257.246s][info][gc,cpu         ] GC(899) User=0.15s Sys=0.00s Real=0.08s
[257.301s][info][gc,start       ] GC(900) Pause Young (Allocation Failure)
[257.373s][info][gc,heap        ] GC(900) PSYoungGen: 193539K(222720K)->59811K(222720K) Eden: 111616K(111616K)->0K(111616K) From: 81923K(111104K)->59811K(111104K)
[257.373s][info][gc,heap        ] GC(900) ParOldGen: 282875K(459776K)->308027K(459776K)
[257.373s][info][gc,metaspace   ] GC(900) Metaspace: 18735K(18880K)->18735K(18880K) NonClass: 16907K(17024K)->16907K(17024K) Class: 1828K(1856K)->1828K(1856K)
[257.373s][info][gc             ] GC(900) Pause Young (Allocation Failure) 465M->359M(666M) 72.109ms
[257.373s][info][gc,cpu         ] GC(900) User=0.15s Sys=0.00s Real=0.07s
[257.464s][info][gc,start       ] GC(901) Pause Young (Allocation Failure)
[257.515s][info][gc,heap        ] GC(901) PSYoungGen: 171427K(222720K)->12416K(222720K) Eden: 111616K(111616K)->0K(111616K) From: 59811K(111104K)->12416K(111104K)
[257.515s][info][gc,heap        ] GC(901) ParOldGen: 308027K(459776K)->357241K(459776K)
[257.515s][info][gc,metaspace   ] GC(901) Metaspace: 18735K(18880K)->18735K(18880K) NonClass: 16907K(17024K)->16907K(17024K) Class: 1828K(1856K)->1828K(1856K)
[257.515s][info][gc             ] GC(901) Pause Young (Allocation Failure) 468M->360M(666M) 51.126ms
[257.515s][info][gc,cpu         ] GC(901) User=0.10s Sys=0.00s Real=0.05s
[257.755s][info][gc,start       ] GC(902) Pause Young (Allocation Failure)
[257.771s][info][gc,heap        ] GC(902) PSYoungGen: 124032K(222720K)->3104K(222720K) Eden: 111616K(111616K)->0K(111616K) From: 12416K(111104K)->3104K(111104K)
[257.771s][info][gc,heap        ] GC(902) ParOldGen: 357241K(459776K)->368353K(459776K)
[257.771s][info][gc,metaspace   ] GC(902) Metaspace: 18736K(18880K)->18736K(18880K) NonClass: 16907K(17024K)->16907K(17024K) Class: 1828K(1856K)->1828K(1856K)
[257.771s][info][gc             ] GC(902) Pause Young (Allocation Failure) 469M->362M(666M) 15.894ms
[257.771s][info][gc,cpu         ] GC(902) User=0.04s Sys=0.00s Real=0.01s
[258.032s][info][gc,start       ] GC(903) Pause Young (Allocation Failure)
[258.039s][info][gc,heap        ] GC(903) PSYoungGen: 114720K(222720K)->544K(222720K) Eden: 111616K(111616K)->0K(111616K) From: 3104K(111104K)->544K(111104K)
[258.039s][info][gc,heap        ] GC(903) ParOldGen: 368353K(459776K)->371321K(459776K)
[258.039s][info][gc,metaspace   ] GC(903) Metaspace: 18736K(18880K)->18736K(18880K) NonClass: 16907K(17024K)->16907K(17024K) Class: 1828K(1856K)->1828K(1856K)
[258.039s][info][gc             ] GC(903) Pause Young (Allocation Failure) 471M->363M(666M) 6.157ms
[258.039s][info][gc,cpu         ] GC(903) User=0.01s Sys=0.00s Real=0.01s
[258.250s][info][gc,start       ] GC(904) Pause Young (Allocation Failure)
[258.281s][info][gc,heap        ] GC(904) PSYoungGen: 112160K(222720K)->31712K(222720K) Eden: 111616K(111616K)->0K(111616K) From: 544K(111104K)->31712K(111104K)
[258.281s][info][gc,heap        ] GC(904) ParOldGen: 371321K(459776K)->371593K(459776K)
[258.281s][info][gc,metaspace   ] GC(904) Metaspace: 18736K(18880K)->18736K(18880K) NonClass: 16907K(17024K)->16907K(17024K) Class: 1828K(1856K)->1828K(1856K)
[258.281s][info][gc             ] GC(904) Pause Young (Allocation Failure) 472M->393M(666M) 30.873ms
[258.281s][info][gc,cpu         ] GC(904) User=0.06s Sys=0.00s Real=0.03s
[258.385s][info][gc,start       ] GC(905) Pause Young (Allocation Failure)
[258.446s][info][gc,heap        ] GC(905) PSYoungGen: 143328K(222720K)->39520K(222720K) Eden: 111616K(111616K)->0K(111616K) From: 31712K(111104K)->39520K(111104K)
[258.446s][info][gc,heap        ] GC(905) ParOldGen: 371593K(459776K)->403382K(459776K)
[258.446s][info][gc,metaspace   ] GC(905) Metaspace: 18737K(18880K)->18737K(18880K) NonClass: 16908K(17024K)->16908K(17024K) Class: 1828K(1856K)->1828K(1856K)
[258.446s][info][gc             ] GC(905) Pause Young (Allocation Failure) 502M->432M(666M) 60.764ms
[258.446s][info][gc,cpu         ] GC(905) User=0.12s Sys=0.00s Real=0.06s
[258.567s][info][gc,start       ] GC(906) Pause Young (Allocation Failure)
[258.610s][info][gc,heap        ] GC(906) PSYoungGen: 151136K(222720K)->12576K(222720K) Eden: 111616K(111616K)->0K(111616K) From: 39520K(111104K)->12576K(111104K)
[258.610s][info][gc,heap        ] GC(906) ParOldGen: 403382K(459776K)->443207K(459776K)
[258.610s][info][gc,metaspace   ] GC(906) Metaspace: 18737K(18880K)->18737K(18880K) NonClass: 16908K(17024K)->16908K(17024K) Class: 1828K(1856K)->1828K(1856K)
[258.610s][info][gc             ] GC(906) Pause Young (Allocation Failure) 541M->445M(666M) 42.400ms
[258.610s][info][gc,cpu         ] GC(906) User=0.08s Sys=0.00s Real=0.04s
[258.710s][info][gc,start       ] GC(907) Pause Young (Allocation Failure)
[258.734s][info][gc,heap        ] GC(907) PSYoungGen: 124192K(222720K)->3712K(222720K) Eden: 111616K(111616K)->0K(111616K) From: 12576K(111104K)->3712K(111104K)
[258.734s][info][gc,heap        ] GC(907) ParOldGen: 443207K(459776K)->455815K(459776K)
[258.734s][info][gc,metaspace   ] GC(907) Metaspace: 18737K(18880K)->18737K(18880K) NonClass: 16908K(17024K)->16908K(17024K) Class: 1828K(1856K)->1828K(1856K)
[258.734s][info][gc             ] GC(907) Pause Young (Allocation Failure) 554M->448M(666M) 24.001ms
[258.734s][info][gc,cpu         ] GC(907) User=0.05s Sys=0.00s Real=0.03s
[258.838s][info][gc,start       ] GC(908) Pause Young (Allocation Failure)
[258.844s][info][gc,heap        ] GC(908) PSYoungGen: 115328K(222720K)->832K(222720K) Eden: 111616K(111616K)->0K(111616K) From: 3712K(111104K)->832K(111104K)
[258.844s][info][gc,heap        ] GC(908) ParOldGen: 455815K(459776K)->459503K(459776K)
[258.844s][info][gc,metaspace   ] GC(908) Metaspace: 18737K(18880K)->18737K(18880K) NonClass: 16908K(17024K)->16908K(17024K) Class: 1828K(1856K)->1828K(1856K)
[258.844s][info][gc             ] GC(908) Pause Young (Allocation Failure) 557M->449M(666M) 6.624ms
[258.844s][info][gc,cpu         ] GC(908) User=0.02s Sys=0.00s Real=0.01s
[259.010s][info][gc,start       ] GC(909) Pause Young (Allocation Failure)
[259.015s][info][gc,heap        ] GC(909) PSYoungGen: 112448K(222720K)->1440K(222720K) Eden: 111616K(111616K)->0K(111616K) From: 832K(111104K)->1440K(111104K)
[259.015s][info][gc,heap        ] GC(909) ParOldGen: 459503K(459776K)->460311K(460800K)
[259.015s][info][gc,metaspace   ] GC(909) Metaspace: 18737K(18880K)->18737K(18880K) NonClass: 16908K(17024K)->16908K(17024K) Class: 1828K(1856K)->1828K(1856K)
[259.015s][info][gc             ] GC(909) Pause Young (Allocation Failure) 558M->450M(667M) 5.240ms
[259.015s][info][gc,cpu         ] GC(909) User=0.01s Sys=0.00s Real=0.01s
[259.318s][info][gc,start       ] GC(910) Pause Young (Allocation Failure)
[259.323s][info][gc,heap        ] GC(910) PSYoungGen: 113056K(222720K)->192K(222720K) Eden: 111616K(111616K)->0K(111616K) From: 1440K(111104K)->192K(111104K)
[259.323s][info][gc,heap        ] GC(910) ParOldGen: 460311K(460800K)->461719K(461824K)
[259.323s][info][gc,metaspace   ] GC(910) Metaspace: 18737K(18880K)->18737K(18880K) NonClass: 16908K(17024K)->16908K(17024K) Class: 1828K(1856K)->1828K(1856K)
[259.323s][info][gc             ] GC(910) Pause Young (Allocation Failure) 559M->451M(668M) 5.124ms
[259.323s][info][gc,cpu         ] GC(910) User=0.01s Sys=0.00s Real=0.01s
[259.476s][info][gc,start       ] GC(911) Pause Young (Allocation Failure)
[259.517s][info][gc,heap        ] GC(911) PSYoungGen: 111808K(222720K)->44608K(220672K) Eden: 111616K(111616K)->0K(111616K) From: 192K(111104K)->44608K(109056K)
[259.517s][info][gc,heap        ] GC(911) ParOldGen: 461719K(461824K)->461887K(462336K)
[259.517s][info][gc,metaspace   ] GC(911) Metaspace: 18737K(18880K)->18737K(18880K) NonClass: 16908K(17024K)->16908K(17024K) Class: 1828K(1856K)->1828K(1856K)
[259.517s][info][gc             ] GC(911) Pause Young (Allocation Failure) 560M->494M(667M) 41.356ms
[259.517s][info][gc,cpu         ] GC(911) User=0.08s Sys=0.00s Real=0.04s
[259.576s][info][gc,start       ] GC(912) Pause Young (Allocation Failure)
[259.690s][info][gc,heap        ] GC(912) PSYoungGen: 156224K(220672K)->110056K(221696K) Eden: 111616K(111616K)->0K(111616K) From: 44608K(109056K)->110056K(110080K)
[259.690s][info][gc,heap        ] GC(912) ParOldGen: 461887K(462336K)->473367K(473600K)
[259.690s][info][gc,metaspace   ] GC(912) Metaspace: 18737K(18880K)->18737K(18880K) NonClass: 16908K(17024K)->16908K(17024K) Class: 1828K(1856K)->1828K(1856K)
[259.690s][info][gc             ] GC(912) Pause Young (Allocation Failure) 603M->569M(679M) 113.813ms
[259.690s][info][gc,cpu         ] GC(912) User=0.22s Sys=0.01s Real=0.11s
[259.782s][info][gc,start       ] GC(913) Pause Young (Allocation Failure)
[259.983s][info][gc,heap        ] GC(913) PSYoungGen: 221672K(221696K)->49219K(222720K) Eden: 111616K(111616K)->0K(111616K) From: 110056K(110080K)->49219K(111104K)
[259.984s][info][gc,heap        ] GC(913) ParOldGen: 473367K(473600K)->583772K(584192K)
[259.984s][info][gc,metaspace   ] GC(913) Metaspace: 18737K(18880K)->18737K(18880K) NonClass: 16908K(17024K)->16908K(17024K) Class: 1828K(1856K)->1828K(1856K)
[259.984s][info][gc             ] GC(913) Pause Young (Allocation Failure) 678M->618M(788M) 201.098ms
[259.984s][info][gc,cpu         ] GC(913) User=0.31s Sys=0.08s Real=0.21s
[260.081s][info][gc,start       ] GC(914) Pause Young (Allocation Failure)
[260.163s][info][gc,heap        ] GC(914) PSYoungGen: 160835K(222720K)->11588K(222720K) Eden: 111616K(111616K)->0K(111616K) From: 49219K(111104K)->11588K(111104K)
[260.163s][info][gc,heap        ] GC(914) ParOldGen: 583772K(584192K)->633417K(633856K)
[260.163s][info][gc,metaspace   ] GC(914) Metaspace: 18740K(18880K)->18740K(18880K) NonClass: 16911K(17024K)->16911K(17024K) Class: 1828K(1856K)->1828K(1856K)
[260.163s][info][gc             ] GC(914) Pause Young (Allocation Failure) 727M->629M(836M) 81.686ms
[260.163s][info][gc,cpu         ] GC(914) User=0.13s Sys=0.03s Real=0.08s
[260.232s][info][gc,start       ] GC(915) Pause Full (Allocation Failure)
[260.232s][info][gc,phases,start] GC(915) Marking Phase
[260.295s][info][gc,phases      ] GC(915) Marking Phase 62.402ms
[260.295s][info][gc,phases,start] GC(915) Summary Phase
[260.295s][info][gc,phases      ] GC(915) Summary Phase 0.028ms
[260.295s][info][gc,phases,start] GC(915) Forward
[260.313s][info][gc,phases      ] GC(915) Forward 18.128ms
[260.313s][info][gc,phases,start] GC(915) Adjust Pointers
[260.354s][info][gc,phases      ] GC(915) Adjust Pointers 40.868ms
[260.354s][info][gc,phases,start] GC(915) Compaction Phase
[260.374s][info][gc,phases      ] GC(915) Compaction Phase 20.102ms
[260.377s][info][gc,phases,start] GC(915) Post Compact
[260.379s][info][gc,phases      ] GC(915) Post Compact 2.295ms
[260.397s][info][gc,heap        ] GC(915) PSYoungGen: 123204K(222720K)->0K(222720K) Eden: 111616K(111616K)->0K(111616K) From: 11588K(111104K)->0K(111104K)
[260.397s][info][gc,heap        ] GC(915) ParOldGen: 633417K(633856K)->103294K(415232K)
[260.397s][info][gc,metaspace   ] GC(915) Metaspace: 18744K(18880K)->18744K(18880K) NonClass: 16915K(17024K)->16915K(17024K) Class: 1828K(1856K)->1828K(1856K)
[260.398s][info][gc             ] GC(915) Pause Full (Allocation Failure) 738M->100M(623M) 165.169ms
[260.398s][info][gc,cpu         ] GC(915) User=0.25s Sys=0.02s Real=0.17s
[260.480s][info][gc,start       ] GC(916) Pause Young (Allocation Failure)
[260.486s][info][gc,heap        ] GC(916) PSYoungGen: 111616K(222720K)->7376K(222720K) Eden: 111616K(111616K)->0K(111616K) From: 0K(111104K)->7376K(111104K)
[260.486s][info][gc,heap        ] GC(916) ParOldGen: 103294K(415232K)->103294K(415232K)
[260.486s][info][gc,metaspace   ] GC(916) Metaspace: 18744K(18880K)->18744K(18880K) NonClass: 16915K(17024K)->16915K(17024K) Class: 1828K(1856K)->1828K(1856K)
[260.486s][info][gc             ] GC(916) Pause Young (Allocation Failure) 209M->108M(623M) 6.318ms
[260.486s][info][gc,cpu         ] GC(916) User=0.02s Sys=0.00s Real=0.01s
[260.567s][info][gc,start       ] GC(917) Pause Young (Allocation Failure)
[260.578s][info][gc,heap        ] GC(917) PSYoungGen: 118992K(222720K)->5824K(222720K) Eden: 111616K(111616K)->0K(111616K) From: 7376K(111104K)->5824K(111104K)
[260.578s][info][gc,heap        ] GC(917) ParOldGen: 103294K(415232K)->110694K(415232K)
[260.578s][info][gc,metaspace   ] GC(917) Metaspace: 18744K(18880K)->18744K(18880K) NonClass: 16915K(17024K)->16915K(17024K) Class: 1828K(1856K)->1828K(1856K)
[260.578s][info][gc             ] GC(917) Pause Young (Allocation Failure) 217M->113M(623M) 11.800ms
[260.578s][info][gc,cpu         ] GC(917) User=0.03s Sys=0.00s Real=0.01s
[260.661s][info][gc,start       ] GC(918) Pause Young (Allocation Failure)
[260.693s][info][gc,heap        ] GC(918) PSYoungGen: 117440K(222720K)->38080K(222720K) Eden: 111616K(111616K)->0K(111616K) From: 5824K(111104K)->38080K(111104K)
[260.693s][info][gc,heap        ] GC(918) ParOldGen: 110694K(415232K)->116494K(415232K)
[260.693s][info][gc,metaspace   ] GC(918) Metaspace: 18744K(18880K)->18744K(18880K) NonClass: 16915K(17024K)->16915K(17024K) Class: 1828K(1856K)->1828K(1856K)
[260.693s][info][gc             ] GC(918) Pause Young (Allocation Failure) 222M->150M(623M) 32.318ms
[260.693s][info][gc,cpu         ] GC(918) User=0.06s Sys=0.00s Real=0.03s
[260.784s][info][gc,start       ] GC(919) Pause Young (Allocation Failure)
[260.828s][info][gc,heap        ] GC(919) PSYoungGen: 149696K(222720K)->32640K(209408K) Eden: 111616K(111616K)->0K(111616K) From: 38080K(111104K)->32640K(97792K)
[260.828s][info][gc,heap        ] GC(919) ParOldGen: 116494K(415232K)->155070K(415232K)
[260.828s][info][gc,metaspace   ] GC(919) Metaspace: 18744K(18880K)->18744K(18880K) NonClass: 16915K(17024K)->16915K(17024K) Class: 1828K(1856K)->1828K(1856K)
[260.828s][info][gc             ] GC(919) Pause Young (Allocation Failure) 259M->183M(610M) 44.779ms
[260.828s][info][gc,cpu         ] GC(919) User=0.09s Sys=0.00s Real=0.04s
[260.944s][info][gc,start       ] GC(920) Pause Young (Allocation Failure)
[260.970s][info][gc,heap        ] GC(920) PSYoungGen: 144256K(209408K)->2368K(216064K) Eden: 111616K(111616K)->0K(111616K) From: 32640K(97792K)->2368K(104448K)
[260.970s][info][gc,heap        ] GC(920) ParOldGen: 155070K(415232K)->188094K(415232K)
[260.970s][info][gc,metaspace   ] GC(920) Metaspace: 18744K(18880K)->18744K(18880K) NonClass: 16915K(17024K)->16915K(17024K) Class: 1828K(1856K)->1828K(1856K)
[260.970s][info][gc             ] GC(920) Pause Young (Allocation Failure) 292M->185M(616M) 25.785ms
[260.970s][info][gc,cpu         ] GC(920) User=0.05s Sys=0.00s Real=0.02s
[261.058s][info][gc,start       ] GC(921) Pause Young (Allocation Failure)
[261.104s][info][gc,heap        ] GC(921) PSYoungGen: 113984K(216064K)->39392K(220160K) Eden: 111616K(111616K)->0K(124416K) From: 2368K(104448K)->39392K(95744K)
[261.104s][info][gc,heap        ] GC(921) ParOldGen: 188094K(415232K)->190454K(415232K)
[261.104s][info][gc,metaspace   ] GC(921) Metaspace: 18744K(18880K)->18744K(18880K) NonClass: 16915K(17024K)->16915K(17024K) Class: 1828K(1856K)->1828K(1856K)
[261.104s][info][gc             ] GC(921) Pause Young (Allocation Failure) 294M->224M(620M) 46.419ms
[261.105s][info][gc,cpu         ] GC(921) User=0.09s Sys=0.00s Real=0.05s
[261.188s][info][gc,start       ] GC(922) Pause Young (Allocation Failure)
[261.282s][info][gc,heap        ] GC(922) PSYoungGen: 163808K(220160K)->58545K(223232K) Eden: 124416K(124416K)->0K(124416K) From: 39392K(95744K)->58545K(98816K)
[261.282s][info][gc,heap        ] GC(922) ParOldGen: 190454K(415232K)->229958K(415232K)
[261.282s][info][gc,metaspace   ] GC(922) Metaspace: 18744K(18880K)->18744K(18880K) NonClass: 16915K(17024K)->16915K(17024K) Class: 1828K(1856K)->1828K(1856K)
[261.282s][info][gc             ] GC(922) Pause Young (Allocation Failure) 345M->281M(623M) 93.537ms
[261.282s][info][gc,cpu         ] GC(922) User=0.18s Sys=0.00s Real=0.09s
[261.336s][info][gc,start       ] GC(923) Pause Young (Allocation Failure)
[261.415s][info][gc,heap        ] GC(923) PSYoungGen: 182961K(223232K)->42624K(231424K) Eden: 124416K(124416K)->0K(132608K) From: 58545K(98816K)->42624K(98816K)
[261.415s][info][gc,heap        ] GC(923) ParOldGen: 229958K(415232K)->288915K(415232K)
[261.415s][info][gc,metaspace   ] GC(923) Metaspace: 18744K(18880K)->18744K(18880K) NonClass: 16915K(17024K)->16915K(17024K) Class: 1828K(1856K)->1828K(1856K)
[261.415s][info][gc             ] GC(923) Pause Young (Allocation Failure) 403M->323M(631M) 79.010ms
[261.415s][info][gc,cpu         ] GC(923) User=0.16s Sys=0.00s Real=0.08s
[261.538s][info][gc,start       ] GC(924) Pause Young (Allocation Failure)
[261.591s][info][gc,heap        ] GC(924) PSYoungGen: 175232K(231424K)->26432K(159232K) Eden: 132608K(132608K)->0K(132608K) From: 42624K(98816K)->26432K(26624K)
[261.591s][info][gc,heap        ] GC(924) ParOldGen: 288915K(415232K)->332043K(415232K)
[261.591s][info][gc,metaspace   ] GC(924) Metaspace: 18744K(18880K)->18744K(18880K) NonClass: 16915K(17024K)->16915K(17024K) Class: 1828K(1856K)->1828K(1856K)
[261.591s][info][gc             ] GC(924) Pause Young (Allocation Failure) 453M->350M(561M) 52.652ms
[261.591s][info][gc,cpu         ] GC(924) User=0.11s Sys=0.00s Real=0.05s
[261.674s][info][gc,start       ] GC(925) Pause Young (Allocation Failure)
[261.716s][info][gc,heap        ] GC(925) PSYoungGen: 159040K(159232K)->10944K(231936K) Eden: 132608K(132608K)->0K(138240K) From: 26432K(26624K)->10944K(93696K)
[261.716s][info][gc,heap        ] GC(925) ParOldGen: 332043K(415232K)->358531K(415232K)
[261.716s][info][gc,metaspace   ] GC(925) Metaspace: 18744K(18880K)->18744K(18880K) NonClass: 16915K(17024K)->16915K(17024K) Class: 1828K(1856K)->1828K(1856K)
[261.716s][info][gc             ] GC(925) Pause Young (Allocation Failure) 479M->360M(632M) 41.799ms
[261.716s][info][gc,cpu         ] GC(925) User=0.08s Sys=0.00s Real=0.04s
[261.809s][info][gc,start       ] GC(926) Pause Young (Allocation Failure)
[261.848s][info][gc,heap        ] GC(926) PSYoungGen: 149184K(231936K)->15521K(229888K) Eden: 138240K(138240K)->0K(138240K) From: 10944K(93696K)->15521K(91648K)
[261.848s][info][gc,heap        ] GC(926) ParOldGen: 358531K(415232K)->369499K(415232K)
[261.848s][info][gc,metaspace   ] GC(926) Metaspace: 18744K(18880K)->18744K(18880K) NonClass: 16915K(17024K)->16915K(17024K) Class: 1828K(1856K)->1828K(1856K)
[261.848s][info][gc             ] GC(926) Pause Young (Allocation Failure) 495M->375M(630M) 39.056ms
[261.848s][info][gc,cpu         ] GC(926) User=0.08s Sys=0.00s Real=0.04s
[261.956s][info][gc,start       ] GC(927) Pause Young (Allocation Failure)
[262.001s][info][gc,heap        ] GC(927) PSYoungGen: 153761K(229888K)->16832K(238592K) Eden: 138240K(138240K)->0K(152064K) From: 15521K(91648K)->16832K(86528K)
[262.001s][info][gc,heap        ] GC(927) ParOldGen: 369499K(415232K)->384513K(415232K)
[262.001s][info][gc,metaspace   ] GC(927) Metaspace: 18744K(18880K)->18744K(18880K) NonClass: 16915K(17024K)->16915K(17024K) Class: 1828K(1856K)->1828K(1856K)
[262.001s][info][gc             ] GC(927) Pause Young (Allocation Failure) 510M->391M(638M) 44.624ms
[262.001s][info][gc,cpu         ] GC(927) User=0.09s Sys=0.00s Real=0.04s
[262.103s][info][gc,start       ] GC(928) Pause Young (Allocation Failure)
[262.143s][info][gc,heap        ] GC(928) PSYoungGen: 168896K(238592K)->16992K(236544K) Eden: 152064K(152064K)->0K(152064K) From: 16832K(86528K)->16992K(84480K)
[262.143s][info][gc,heap        ] GC(928) ParOldGen: 384513K(415232K)->401361K(415232K)
[262.143s][info][gc,metaspace   ] GC(928) Metaspace: 18744K(18880K)->18744K(18880K) NonClass: 16915K(17024K)->16915K(17024K) Class: 1828K(1856K)->1828K(1856K)
[262.143s][info][gc             ] GC(928) Pause Young (Allocation Failure) 540M->408M(636M) 39.932ms
[262.143s][info][gc,cpu         ] GC(928) User=0.08s Sys=0.00s Real=0.04s
[262.260s][info][gc,start       ] GC(929) Pause Young (Allocation Failure)
[262.293s][info][gc,heap        ] GC(929) PSYoungGen: 169056K(236544K)->13440K(246272K) Eden: 152064K(152064K)->0K(165888K) From: 16992K(84480K)->13440K(80384K)
[262.293s][info][gc,heap        ] GC(929) ParOldGen: 401361K(415232K)->418361K(418816K)
[262.293s][info][gc,metaspace   ] GC(929) Metaspace: 18746K(18880K)->18746K(18880K) NonClass: 16917K(17024K)->16917K(17024K) Class: 1828K(1856K)->1828K(1856K)
[262.293s][info][gc             ] GC(929) Pause Young (Allocation Failure) 557M->421M(649M) 33.107ms
[262.293s][info][gc,cpu         ] GC(929) User=0.07s Sys=0.00s Real=0.03s
[262.393s][info][gc,start       ] GC(930) Pause Young (Allocation Failure)
[262.430s][info][gc,heap        ] GC(930) PSYoungGen: 179328K(246272K)->14496K(243712K) Eden: 165888K(165888K)->0K(165888K) From: 13440K(80384K)->14496K(77824K)
[262.430s][info][gc,heap        ] GC(930) ParOldGen: 418361K(418816K)->431841K(432128K)
[262.430s][info][gc,metaspace   ] GC(930) Metaspace: 18746K(18880K)->18746K(18880K) NonClass: 16917K(17024K)->16917K(17024K) Class: 1828K(1856K)->1828K(1856K)
[262.430s][info][gc             ] GC(930) Pause Young (Allocation Failure) 583M->435M(660M) 36.694ms
[262.430s][info][gc,cpu         ] GC(930) User=0.06s Sys=0.01s Real=0.04s
[262.576s][info][gc,start       ] GC(931) Pause Young (Allocation Failure)
[262.615s][info][gc,heap        ] GC(931) PSYoungGen: 180384K(243712K)->11808K(252928K) Eden: 165888K(165888K)->0K(178688K) From: 14496K(77824K)->11808K(74240K)
[262.615s][info][gc,heap        ] GC(931) ParOldGen: 431841K(432128K)->446335K(446464K)
[262.615s][info][gc,metaspace   ] GC(931) Metaspace: 18746K(18880K)->18746K(18880K) NonClass: 16917K(17024K)->16917K(17024K) Class: 1828K(1856K)->1828K(1856K)
[262.615s][info][gc             ] GC(931) Pause Young (Allocation Failure) 597M->447M(683M) 39.206ms
[262.615s][info][gc,cpu         ] GC(931) User=0.06s Sys=0.02s Real=0.04s
[262.861s][info][gc,start       ] GC(932) Pause Young (Allocation Failure)
[262.895s][info][gc,heap        ] GC(932) PSYoungGen: 190496K(252928K)->14816K(250368K) Eden: 178688K(178688K)->0K(178688K) From: 11808K(74240K)->14816K(71680K)
[262.895s][info][gc,heap        ] GC(932) ParOldGen: 446335K(446464K)->458127K(458240K)
[262.895s][info][gc,metaspace   ] GC(932) Metaspace: 18746K(18880K)->18746K(18880K) NonClass: 16917K(17024K)->16917K(17024K) Class: 1828K(1856K)->1828K(1856K)
[262.895s][info][gc             ] GC(932) Pause Young (Allocation Failure) 621M->461M(692M) 33.699ms
[262.895s][info][gc,cpu         ] GC(932) User=0.06s Sys=0.00s Real=0.04s
[263.326s][info][gc,start       ] GC(933) Pause Young (Allocation Failure)
[263.358s][info][gc,heap        ] GC(933) PSYoungGen: 193504K(250368K)->8256K(258560K) Eden: 178688K(178688K)->0K(189952K) From: 14816K(71680K)->8256K(68608K)
[263.358s][info][gc,heap        ] GC(933) ParOldGen: 458127K(458240K)->472949K(473088K)
[263.358s][info][gc,metaspace   ] GC(933) Metaspace: 18746K(18880K)->18746K(18880K) NonClass: 16917K(17024K)->16917K(17024K) Class: 1828K(1856K)->1828K(1856K)
[263.358s][info][gc             ] GC(933) Pause Young (Allocation Failure) 636M->469M(714M) 32.674ms
[263.358s][info][gc,cpu         ] GC(933) User=0.05s Sys=0.02s Real=0.03s
[263.797s][info][gc,start       ] GC(934) Pause Young (Allocation Failure)
[263.807s][info][gc,heap        ] GC(934) PSYoungGen: 198208K(258560K)->8352K(256512K) Eden: 189952K(189952K)->0K(189952K) From: 8256K(68608K)->8352K(66560K)
[263.807s][info][gc,heap        ] GC(934) ParOldGen: 472949K(473088K)->472949K(473088K)
[263.807s][info][gc,metaspace   ] GC(934) Metaspace: 18746K(18880K)->18746K(18880K) NonClass: 16917K(17024K)->16917K(17024K) Class: 1828K(1856K)->1828K(1856K)
[263.807s][info][gc             ] GC(934) Pause Young (Allocation Failure) 655M->470M(712M) 9.781ms
[263.807s][info][gc,cpu         ] GC(934) User=0.02s Sys=0.00s Real=0.01s
[264.246s][info][gc,start       ] GC(935) Pause Young (Allocation Failure)
[264.272s][info][gc,heap        ] GC(935) PSYoungGen: 198304K(256512K)->8352K(264704K) Eden: 189952K(189952K)->0K(201216K) From: 8352K(66560K)->8352K(63488K)
[264.272s][info][gc,heap        ] GC(935) ParOldGen: 472949K(473088K)->472949K(473088K)
[264.272s][info][gc,metaspace   ] GC(935) Metaspace: 18746K(18880K)->18746K(18880K) NonClass: 16917K(17024K)->16917K(17024K) Class: 1828K(1856K)->1828K(1856K)
[264.272s][info][gc             ] GC(935) Pause Young (Allocation Failure) 655M->470M(720M) 25.738ms
[264.272s][info][gc,cpu         ] GC(935) User=0.05s Sys=0.00s Real=0.02s
[264.556s][info][gc,start       ] GC(936) Pause Young (Allocation Failure)
[264.586s][info][gc,heap        ] GC(936) PSYoungGen: 209568K(264704K)->37222K(262656K) Eden: 201216K(201216K)->0K(201216K) From: 8352K(63488K)->37222K(61440K)
[264.586s][info][gc,heap        ] GC(936) ParOldGen: 472949K(473088K)->472949K(473088K)
[264.586s][info][gc,metaspace   ] GC(936) Metaspace: 18747K(18880K)->18747K(18880K) NonClass: 16918K(17024K)->16918K(17024K) Class: 1828K(1856K)->1828K(1856K)
[264.586s][info][gc             ] GC(936) Pause Young (Allocation Failure) 666M->498M(718M) 29.903ms
[264.586s][info][gc,cpu         ] GC(936) User=0.06s Sys=0.00s Real=0.03s
[264.796s][info][gc,start       ] GC(937) Pause Young (Allocation Failure)
[264.891s][info][gc,heap        ] GC(937) PSYoungGen: 238438K(262656K)->63974K(227840K) Eden: 201216K(201216K)->0K(163840K) From: 37222K(61440K)->63974K(64000K)
[264.891s][info][gc,heap        ] GC(937) ParOldGen: 472949K(473088K)->497445K(497664K)
[264.891s][info][gc,metaspace   ] GC(937) Metaspace: 18747K(18880K)->18747K(18880K) NonClass: 16918K(17024K)->16918K(17024K) Class: 1828K(1856K)->1828K(1856K)
[264.891s][info][gc             ] GC(937) Pause Young (Allocation Failure) 694M->548M(708M) 95.287ms
[264.891s][info][gc,cpu         ] GC(937) User=0.16s Sys=0.03s Real=0.09s
[265.064s][info][gc,start       ] GC(938) Pause Young (Allocation Failure)
[265.141s][info][gc,heap        ] GC(938) PSYoungGen: 227814K(227840K)->73011K(237056K) Eden: 163840K(163840K)->0K(163840K) From: 63974K(64000K)->73011K(73216K)
[265.141s][info][gc,heap        ] GC(938) ParOldGen: 497445K(497664K)->505789K(505856K)
[265.141s][info][gc,metaspace   ] GC(938) Metaspace: 18747K(18880K)->18747K(18880K) NonClass: 16918K(17024K)->16918K(17024K) Class: 1828K(1856K)->1828K(1856K)
[265.141s][info][gc             ] GC(938) Pause Young (Allocation Failure) 708M->565M(725M) 77.313ms
[265.141s][info][gc,cpu         ] GC(938) User=0.14s Sys=0.01s Real=0.07s
[265.292s][info][gc,start       ] GC(939) Pause Young (Allocation Failure)
[265.393s][info][gc,heap        ] GC(939) PSYoungGen: 236851K(237056K)->96227K(207872K) Eden: 163840K(163840K)->0K(111616K) From: 73011K(73216K)->96227K(96256K)
[265.393s][info][gc,heap        ] GC(939) ParOldGen: 505789K(505856K)->512677K(513024K)
[265.393s][info][gc,metaspace   ] GC(939) Metaspace: 18747K(18880K)->18747K(18880K) NonClass: 16918K(17024K)->16918K(17024K) Class: 1828K(1856K)->1828K(1856K)
[265.393s][info][gc             ] GC(939) Pause Young (Allocation Failure) 725M->594M(704M) 101.810ms
[265.393s][info][gc,cpu         ] GC(939) User=0.19s Sys=0.01s Real=0.11s
[265.452s][info][gc,start       ] GC(940) Pause Young (Allocation Failure)
[265.591s][info][gc,heap        ] GC(940) PSYoungGen: 207843K(207872K)->76533K(222720K) Eden: 111616K(111616K)->0K(111616K) From: 96227K(96256K)->76533K(111104K)
[265.591s][info][gc,heap        ] GC(940) ParOldGen: 512677K(513024K)->568831K(568832K)
[265.591s][info][gc,metaspace   ] GC(940) Metaspace: 18747K(18880K)->18747K(18880K) NonClass: 16918K(17024K)->16918K(17024K) Class: 1828K(1856K)->1828K(1856K)
[265.592s][info][gc             ] GC(940) Pause Young (Allocation Failure) 703M->630M(773M) 139.524ms
[265.592s][info][gc,cpu         ] GC(940) User=0.23s Sys=0.04s Real=0.14s
[265.673s][info][gc,start       ] GC(941) Pause Young (Allocation Failure)
[265.778s][info][gc,heap        ] GC(941) PSYoungGen: 188149K(222720K)->54384K(222720K) Eden: 111616K(111616K)->0K(111616K) From: 76533K(111104K)->54384K(111104K)
[265.778s][info][gc,heap        ] GC(941) ParOldGen: 568831K(568832K)->609597K(609792K)
[265.778s][info][gc,metaspace   ] GC(941) Metaspace: 18747K(18880K)->18747K(18880K) NonClass: 16918K(17024K)->16918K(17024K) Class: 1828K(1856K)->1828K(1856K)
[265.778s][info][gc             ] GC(941) Pause Young (Allocation Failure) 739M->648M(813M) 104.865ms
[265.778s][info][gc,cpu         ] GC(941) User=0.17s Sys=0.04s Real=0.10s
[265.848s][info][gc,start       ] GC(942) Pause Full (Allocation Failure)
[265.848s][info][gc,phases,start] GC(942) Marking Phase
[266.095s][info][gc,phases      ] GC(942) Marking Phase 247.134ms
[266.096s][info][gc,phases,start] GC(942) Summary Phase
[266.096s][info][gc,phases      ] GC(942) Summary Phase 0.031ms
[266.096s][info][gc,phases,start] GC(942) Forward
[266.171s][info][gc,phases      ] GC(942) Forward 75.393ms
[266.171s][info][gc,phases,start] GC(942) Adjust Pointers
[266.363s][info][gc,phases      ] GC(942) Adjust Pointers 191.679ms
[266.363s][info][gc,phases,start] GC(942) Compaction Phase
[266.475s][info][gc,phases      ] GC(942) Compaction Phase 112.112ms
[266.481s][info][gc,phases,start] GC(942) Post Compact
[266.483s][info][gc,phases      ] GC(942) Post Compact 2.323ms
[266.484s][info][gc,heap        ] GC(942) PSYoungGen: 166000K(222720K)->0K(222720K) Eden: 111616K(111616K)->0K(111616K) From: 54384K(111104K)->0K(111104K)
[266.484s][info][gc,heap        ] GC(942) ParOldGen: 609597K(609792K)->381898K(667648K)
[266.484s][info][gc,metaspace   ] GC(942) Metaspace: 18747K(18880K)->18747K(18880K) NonClass: 16918K(17024K)->16918K(17024K) Class: 1828K(1856K)->1828K(1856K)
[266.484s][info][gc             ] GC(942) Pause Full (Allocation Failure) 757M->372M(869M) 635.463ms
[266.484s][info][gc,cpu         ] GC(942) User=1.21s Sys=0.00s Real=0.64s
[266.529s][info][gc,start       ] GC(943) Pause Young (Allocation Failure)
[266.534s][info][gc,heap        ] GC(943) PSYoungGen: 111616K(222720K)->2976K(222720K) Eden: 111616K(111616K)->0K(111616K) From: 0K(111104K)->2976K(111104K)
[266.534s][info][gc,heap        ] GC(943) ParOldGen: 381898K(667648K)->381898K(667648K)
[266.534s][info][gc,metaspace   ] GC(943) Metaspace: 18747K(18880K)->18747K(18880K) NonClass: 16918K(17024K)->16918K(17024K) Class: 1828K(1856K)->1828K(1856K)
[266.534s][info][gc             ] GC(943) Pause Young (Allocation Failure) 481M->375M(869M) 5.264ms
[266.534s][info][gc,cpu         ] GC(943) User=0.01s Sys=0.00s Real=0.01s
[266.608s][info][gc,start       ] GC(944) Pause Young (Allocation Failure)
[266.629s][info][gc,heap        ] GC(944) PSYoungGen: 114592K(222720K)->8864K(222720K) Eden: 111616K(111616K)->0K(111616K) From: 2976K(111104K)->8864K(111104K)
[266.629s][info][gc,heap        ] GC(944) ParOldGen: 381898K(667648K)->384850K(667648K)
[266.629s][info][gc,metaspace   ] GC(944) Metaspace: 18747K(18880K)->18747K(18880K) NonClass: 16918K(17024K)->16918K(17024K) Class: 1828K(1856K)->1828K(1856K)
[266.629s][info][gc             ] GC(944) Pause Young (Allocation Failure) 484M->384M(869M) 20.866ms
[266.629s][info][gc,cpu         ] GC(944) User=0.04s Sys=0.00s Real=0.02s
[266.710s][info][gc,start       ] GC(945) Pause Young (Allocation Failure)
[266.736s][info][gc,heap        ] GC(945) PSYoungGen: 120480K(222720K)->10176K(222720K) Eden: 111616K(111616K)->0K(111616K) From: 8864K(111104K)->10176K(111104K)
[266.736s][info][gc,heap        ] GC(945) ParOldGen: 384850K(667648K)->393722K(667648K)
[266.736s][info][gc,metaspace   ] GC(945) Metaspace: 18747K(18880K)->18747K(18880K) NonClass: 16918K(17024K)->16918K(17024K) Class: 1828K(1856K)->1828K(1856K)
[266.736s][info][gc             ] GC(945) Pause Young (Allocation Failure) 493M->394M(869M) 25.934ms
[266.736s][info][gc,cpu         ] GC(945) User=0.05s Sys=0.00s Real=0.03s
[266.811s][info][gc,start       ] GC(946) Pause Young (Allocation Failure)
[266.837s][info][gc,heap        ] GC(946) PSYoungGen: 121792K(222720K)->11424K(123392K) Eden: 111616K(111616K)->0K(111616K) From: 10176K(111104K)->11424K(11776K)
[266.837s][info][gc,heap        ] GC(946) ParOldGen: 393722K(667648K)->403882K(667648K)
[266.837s][info][gc,metaspace   ] GC(946) Metaspace: 18747K(18880K)->18747K(18880K) NonClass: 16918K(17024K)->16918K(17024K) Class: 1828K(1856K)->1828K(1856K)
[266.837s][info][gc             ] GC(946) Pause Young (Allocation Failure) 503M->405M(772M) 25.524ms
[266.837s][info][gc,cpu         ] GC(946) User=0.05s Sys=0.00s Real=0.03s
[266.895s][info][gc,start       ] GC(947) Pause Young (Allocation Failure)
[266.910s][info][gc,heap        ] GC(947) PSYoungGen: 123040K(123392K)->672K(222720K) Eden: 111616K(111616K)->0K(114176K) From: 11424K(11776K)->672K(108544K)
[266.910s][info][gc,heap        ] GC(947) ParOldGen: 403882K(667648K)->415314K(667648K)
[266.910s][info][gc,metaspace   ] GC(947) Metaspace: 18747K(18880K)->18747K(18880K) NonClass: 16918K(17024K)->16918K(17024K) Class: 1828K(1856K)->1828K(1856K)
[266.910s][info][gc             ] GC(947) Pause Young (Allocation Failure) 514M->406M(869M) 14.843ms
[266.910s][info][gc,cpu         ] GC(947) User=0.03s Sys=0.00s Real=0.01s
[267.003s][info][gc,start       ] GC(948) Pause Young (Allocation Failure)
[267.010s][info][gc,heap        ] GC(948) PSYoungGen: 114848K(222720K)->1696K(220160K) Eden: 114176K(114176K)->0K(114176K) From: 672K(108544K)->1696K(105984K)
[267.010s][info][gc,heap        ] GC(948) ParOldGen: 415314K(667648K)->415930K(667648K)
[267.010s][info][gc,metaspace   ] GC(948) Metaspace: 18747K(18880K)->18747K(18880K) NonClass: 16918K(17024K)->16918K(17024K) Class: 1828K(1856K)->1828K(1856K)
[267.010s][info][gc             ] GC(948) Pause Young (Allocation Failure) 517M->407M(867M) 6.409ms
[267.010s][info][gc,cpu         ] GC(948) User=0.01s Sys=0.00s Real=0.00s
[267.113s][info][gc,start       ] GC(949) Pause Young (Allocation Failure)
[267.136s][info][gc,heap        ] GC(949) PSYoungGen: 115872K(220160K)->19616K(220160K) Eden: 114176K(114176K)->0K(124928K) From: 1696K(105984K)->19616K(95232K)
[267.136s][info][gc,heap        ] GC(949) ParOldGen: 415930K(667648K)->417618K(667648K)
[267.136s][info][gc,metaspace   ] GC(949) Metaspace: 18747K(18880K)->18747K(18880K) NonClass: 16918K(17024K)->16918K(17024K) Class: 1828K(1856K)->1828K(1856K)
[267.136s][info][gc             ] GC(949) Pause Young (Allocation Failure) 519M->426M(867M) 22.990ms
[267.136s][info][gc,cpu         ] GC(949) User=0.04s Sys=0.00s Real=0.03s
[267.321s][info][gc,start       ] GC(950) Pause Young (Allocation Failure)
[267.358s][info][gc,heap        ] GC(950) PSYoungGen: 144544K(220160K)->12512K(221184K) Eden: 124928K(124928K)->0K(124928K) From: 19616K(95232K)->12512K(96256K)
[267.358s][info][gc,heap        ] GC(950) ParOldGen: 417618K(667648K)->437279K(667648K)
[267.358s][info][gc,metaspace   ] GC(950) Metaspace: 18747K(18880K)->18747K(18880K) NonClass: 16918K(17024K)->16918K(17024K) Class: 1828K(1856K)->1828K(1856K)
[267.358s][info][gc             ] GC(950) Pause Young (Allocation Failure) 548M->439M(868M) 36.970ms
[267.358s][info][gc,cpu         ] GC(950) User=0.07s Sys=0.00s Real=0.04s
[267.661s][info][gc,start       ] GC(951) Pause Young (Allocation Failure)
[267.686s][info][gc,heap        ] GC(951) PSYoungGen: 137440K(221184K)->9776K(218112K) Eden: 124928K(124928K)->0K(136704K) From: 12512K(96256K)->9776K(81408K)
[267.686s][info][gc,heap        ] GC(951) ParOldGen: 437279K(667648K)->449783K(667648K)
[267.686s][info][gc,metaspace   ] GC(951) Metaspace: 18756K(18880K)->18756K(18880K) NonClass: 16927K(17024K)->16927K(17024K) Class: 1828K(1856K)->1828K(1856K)
[267.686s][info][gc             ] GC(951) Pause Young (Allocation Failure) 561M->448M(865M) 25.788ms
[267.686s][info][gc,cpu         ] GC(951) User=0.05s Sys=0.00s Real=0.03s
[267.832s][info][gc,start       ] GC(952) Pause Young (Allocation Failure)
[267.851s][info][gc,heap        ] GC(952) PSYoungGen: 146480K(218112K)->21392K(223744K) Eden: 136704K(136704K)->0K(136704K) From: 9776K(81408K)->21392K(87040K)
[267.851s][info][gc,heap        ] GC(952) ParOldGen: 449783K(667648K)->449783K(667648K)
[267.851s][info][gc,metaspace   ] GC(952) Metaspace: 18758K(18880K)->18758K(18880K) NonClass: 16929K(17024K)->16929K(17024K) Class: 1828K(1856K)->1828K(1856K)
[267.851s][info][gc             ] GC(952) Pause Young (Allocation Failure) 582M->460M(870M) 19.455ms
[267.851s][info][gc,cpu         ] GC(952) User=0.04s Sys=0.00s Real=0.02s
[268.010s][info][gc,start       ] GC(953) Pause Young (Allocation Failure)
[268.047s][info][gc,heap        ] GC(953) PSYoungGen: 158096K(223744K)->47008K(226816K) Eden: 136704K(136704K)->0K(145920K) From: 21392K(87040K)->47008K(80896K)
[268.047s][info][gc,heap        ] GC(953) ParOldGen: 449783K(667648K)->449783K(667648K)
[268.047s][info][gc,metaspace   ] GC(953) Metaspace: 18761K(18880K)->18761K(18880K) NonClass: 16932K(17024K)->16932K(17024K) Class: 1828K(1856K)->1828K(1856K)
[268.047s][info][gc             ] GC(953) Pause Young (Allocation Failure) 593M->485M(873M) 37.159ms
[268.047s][info][gc,cpu         ] GC(953) User=0.08s Sys=0.00s Real=0.04s
[268.130s][info][gc,start       ] GC(954) Pause Young (Allocation Failure)
[268.202s][info][gc,heap        ] GC(954) PSYoungGen: 192928K(226816K)->83952K(229888K) Eden: 145920K(145920K)->0K(145920K) From: 47008K(80896K)->83952K(83968K)
[268.202s][info][gc,heap        ] GC(954) ParOldGen: 449783K(667648K)->466903K(667648K)
[268.202s][info][gc,metaspace   ] GC(954) Metaspace: 18761K(18880K)->18761K(18880K) NonClass: 16932K(17024K)->16932K(17024K) Class: 1828K(1856K)->1828K(1856K)
[268.202s][info][gc             ] GC(954) Pause Young (Allocation Failure) 627M->537M(876M) 71.849ms
[268.202s][info][gc,cpu         ] GC(954) User=0.14s Sys=0.00s Real=0.07s
[268.416s][info][gc,start       ] GC(955) Pause Young (Allocation Failure)
[268.484s][info][gc,heap        ] GC(955) PSYoungGen: 229872K(229888K)->66720K(215552K) Eden: 145920K(145920K)->0K(111616K) From: 83952K(83968K)->66720K(103936K)
[268.484s][info][gc,heap        ] GC(955) ParOldGen: 466903K(667648K)->488416K(667648K)
[268.484s][info][gc,metaspace   ] GC(955) Metaspace: 18761K(18880K)->18761K(18880K) NonClass: 16932K(17024K)->16932K(17024K) Class: 1828K(1856K)->1828K(1856K)
[268.484s][info][gc             ] GC(955) Pause Young (Allocation Failure) 680M->542M(862M) 67.508ms
[268.484s][info][gc,cpu         ] GC(955) User=0.13s Sys=0.00s Real=0.07s
[268.655s][info][gc,start       ] GC(956) Pause Young (Allocation Failure)
[268.744s][info][gc,heap        ] GC(956) PSYoungGen: 178336K(215552K)->35231K(222720K) Eden: 111616K(111616K)->0K(111616K) From: 66720K(103936K)->35231K(111104K)
[268.744s][info][gc,heap        ] GC(956) ParOldGen: 488416K(667648K)->551672K(667648K)
[268.744s][info][gc,metaspace   ] GC(956) Metaspace: 18761K(18880K)->18761K(18880K) NonClass: 16932K(17024K)->16932K(17024K) Class: 1828K(1856K)->1828K(1856K)
[268.744s][info][gc             ] GC(956) Pause Young (Allocation Failure) 651M->573M(869M) 89.116ms
[268.744s][info][gc,cpu         ] GC(956) User=0.18s Sys=0.00s Real=0.09s
[268.867s][info][gc,start       ] GC(957) Pause Young (Allocation Failure)
[268.930s][info][gc,heap        ] GC(957) PSYoungGen: 146847K(222720K)->15456K(215040K) Eden: 111616K(111616K)->0K(118272K) From: 35231K(111104K)->15456K(96768K)
[268.930s][info][gc,heap        ] GC(957) ParOldGen: 551672K(667648K)->586979K(667648K)
[268.930s][info][gc,metaspace   ] GC(957) Metaspace: 18761K(18880K)->18761K(18880K) NonClass: 16932K(17024K)->16932K(17024K) Class: 1828K(1856K)->1828K(1856K)
[268.930s][info][gc             ] GC(957) Pause Young (Allocation Failure) 682M->588M(862M) 63.338ms
[268.930s][info][gc,cpu         ] GC(957) User=0.13s Sys=0.00s Real=0.06s
[269.049s][info][gc,start       ] GC(958) Pause Young (Allocation Failure)
[269.080s][info][gc,heap        ] GC(958) PSYoungGen: 133728K(215040K)->15136K(219136K) Eden: 118272K(118272K)->0K(118272K) From: 15456K(96768K)->15136K(100864K)
[269.080s][info][gc,heap        ] GC(958) ParOldGen: 586979K(667648K)->602451K(667648K)
[269.080s][info][gc,metaspace   ] GC(958) Metaspace: 18761K(18880K)->18761K(18880K) NonClass: 16932K(17024K)->16932K(17024K) Class: 1828K(1856K)->1828K(1856K)
[269.080s][info][gc             ] GC(958) Pause Young (Allocation Failure) 703M->603M(866M) 31.454ms
[269.080s][info][gc,cpu         ] GC(958) User=0.06s Sys=0.00s Real=0.03s
[269.168s][info][gc,start       ] GC(959) Pause Young (Allocation Failure)
[269.190s][info][gc,heap        ] GC(959) PSYoungGen: 133408K(219136K)->736K(226816K) Eden: 118272K(118272K)->0K(132096K) From: 15136K(100864K)->736K(94720K)
[269.190s][info][gc,heap        ] GC(959) ParOldGen: 602451K(667648K)->617619K(667648K)
[269.190s][info][gc,metaspace   ] GC(959) Metaspace: 18761K(18880K)->18761K(18880K) NonClass: 16932K(17024K)->16932K(17024K) Class: 1828K(1856K)->1828K(1856K)
[269.190s][info][gc             ] GC(959) Pause Young (Allocation Failure) 718M->603M(873M) 21.630ms
[269.190s][info][gc,cpu         ] GC(959) User=0.03s Sys=0.01s Real=0.02s
[269.315s][info][gc,start       ] GC(960) Pause Full (Allocation Failure)
[269.315s][info][gc,phases,start] GC(960) Marking Phase
[269.675s][info][gc,phases      ] GC(960) Marking Phase 360.108ms
[269.675s][info][gc,phases,start] GC(960) Summary Phase
[269.675s][info][gc,phases      ] GC(960) Summary Phase 0.026ms
[269.675s][info][gc,phases,start] GC(960) Forward
[269.730s][info][gc,phases      ] GC(960) Forward 55.179ms
[269.730s][info][gc,phases,start] GC(960) Adjust Pointers
[269.998s][info][gc,phases      ] GC(960) Adjust Pointers 267.976ms
[269.998s][info][gc,phases,start] GC(960) Compaction Phase
[270.127s][info][gc,phases      ] GC(960) Compaction Phase 129.012ms
[270.134s][info][gc,phases,start] GC(960) Post Compact
[270.136s][info][gc,phases      ] GC(960) Post Compact 2.304ms
[270.136s][info][gc,heap        ] GC(960) PSYoungGen: 132832K(226816K)->0K(228352K) Eden: 132096K(132096K)->0K(132096K) From: 736K(94720K)->0K(96256K)
[270.136s][info][gc,heap        ] GC(960) ParOldGen: 617619K(667648K)->532752K(667648K)
[270.136s][info][gc,metaspace   ] GC(960) Metaspace: 18766K(18880K)->18766K(18880K) NonClass: 16937K(17024K)->16937K(17024K) Class: 1828K(1856K)->1828K(1856K)
[270.136s][info][gc             ] GC(960) Pause Full (Allocation Failure) 732M->520M(875M) 821.512ms
[270.136s][info][gc,cpu         ] GC(960) User=1.58s Sys=0.00s Real=0.82s
[270.296s][info][gc,start       ] GC(961) Pause Young (Allocation Failure)
[270.312s][info][gc,heap        ] GC(961) PSYoungGen: 132096K(228352K)->4224K(232448K) Eden: 132096K(132096K)->0K(141312K) From: 0K(96256K)->4224K(91136K)
[270.312s][info][gc,heap        ] GC(961) ParOldGen: 532752K(667648K)->532752K(667648K)
[270.312s][info][gc,metaspace   ] GC(961) Metaspace: 18766K(18880K)->18766K(18880K) NonClass: 16937K(17024K)->16937K(17024K) Class: 1828K(1856K)->1828K(1856K)
[270.312s][info][gc             ] GC(961) Pause Young (Allocation Failure) 649M->524M(879M) 16.532ms
[270.312s][info][gc,cpu         ] GC(961) User=0.03s Sys=0.00s Real=0.01s
[270.581s][info][gc,start       ] GC(962) Pause Young (Allocation Failure)
[270.602s][info][gc,heap        ] GC(962) PSYoungGen: 145536K(232448K)->15808K(235008K) Eden: 141312K(141312K)->0K(141312K) From: 4224K(91136K)->15808K(93696K)
[270.602s][info][gc,heap        ] GC(962) ParOldGen: 532752K(667648K)->536936K(667648K)
[270.602s][info][gc,metaspace   ] GC(962) Metaspace: 18766K(18880K)->18766K(18880K) NonClass: 16937K(17024K)->16937K(17024K) Class: 1828K(1856K)->1828K(1856K)
[270.602s][info][gc             ] GC(962) Pause Young (Allocation Failure) 662M->539M(881M) 21.193ms
[270.602s][info][gc,cpu         ] GC(962) User=0.04s Sys=0.00s Real=0.02s
[270.687s][info][gc,start       ] GC(963) Pause Young (Allocation Failure)
[270.739s][info][gc,heap        ] GC(963) PSYoungGen: 157120K(235008K)->62754K(230400K) Eden: 141312K(141312K)->0K(141312K) From: 15808K(93696K)->62754K(89088K)
[270.739s][info][gc,heap        ] GC(963) ParOldGen: 536936K(667648K)->536936K(667648K)
[270.739s][info][gc,metaspace   ] GC(963) Metaspace: 18771K(18880K)->18771K(18880K) NonClass: 16943K(17024K)->16943K(17024K) Class: 1828K(1856K)->1828K(1856K)
[270.739s][info][gc             ] GC(963) Pause Young (Allocation Failure) 677M->585M(877M) 52.118ms
[270.739s][info][gc,cpu         ] GC(963) User=0.10s Sys=0.00s Real=0.05s
[270.864s][info][gc,start       ] GC(964) Pause Young (Allocation Failure)
[270.947s][info][gc,heap        ] GC(964) PSYoungGen: 204066K(230400K)->94802K(236544K) Eden: 141312K(141312K)->0K(141312K) From: 62754K(89088K)->94802K(95232K)
[270.947s][info][gc,heap        ] GC(964) ParOldGen: 536936K(667648K)->552769K(667648K)
[270.947s][info][gc,metaspace   ] GC(964) Metaspace: 18771K(18880K)->18771K(18880K) NonClass: 16943K(17024K)->16943K(17024K) Class: 1828K(1856K)->1828K(1856K)
[270.947s][info][gc             ] GC(964) Pause Young (Allocation Failure) 723M->632M(883M) 83.118ms
[270.947s][info][gc,cpu         ] GC(964) User=0.17s Sys=0.00s Real=0.08s
[271.200s][info][gc,start       ] GC(965) Pause Young (Allocation Failure)
[271.309s][info][gc,heap        ] GC(965) PSYoungGen: 236114K(236544K)->17216K(212992K) Eden: 141312K(141312K)->0K(115712K) From: 94802K(95232K)->17216K(97280K)
[271.309s][info][gc,heap        ] GC(965) ParOldGen: 552769K(667648K)->648539K(667648K)
[271.309s][info][gc,metaspace   ] GC(965) Metaspace: 18771K(18880K)->18771K(18880K) NonClass: 16943K(17024K)->16943K(17024K) Class: 1828K(1856K)->1828K(1856K)
[271.309s][info][gc             ] GC(965) Pause Young (Allocation Failure) 770M->650M(860M) 109.116ms
[271.309s][info][gc,cpu         ] GC(965) User=0.19s Sys=0.02s Real=0.11s
[271.438s][info][gc,start       ] GC(966) Pause Full (Allocation Failure)
[271.438s][info][gc,phases,start] GC(966) Marking Phase
[271.803s][info][gc,phases      ] GC(966) Marking Phase 364.552ms
[271.803s][info][gc,phases,start] GC(966) Summary Phase
[271.803s][info][gc,phases      ] GC(966) Summary Phase 0.032ms
[271.803s][info][gc,phases,start] GC(966) Forward
[271.913s][info][gc,phases      ] GC(966) Forward 110.062ms
[271.913s][info][gc,phases,start] GC(966) Adjust Pointers
[272.199s][info][gc,phases      ] GC(966) Adjust Pointers 286.408ms
[272.199s][info][gc,phases,start] GC(966) Compaction Phase
[272.359s][info][gc,phases      ] GC(966) Compaction Phase 159.208ms
[272.371s][info][gc,phases,start] GC(966) Post Compact
[272.373s][info][gc,phases      ] GC(966) Post Compact 2.375ms
[272.373s][info][gc,heap        ] GC(966) PSYoungGen: 132928K(212992K)->0K(224768K) Eden: 115712K(115712K)->0K(115712K) From: 17216K(97280K)->0K(109056K)
[272.373s][info][gc,heap        ] GC(966) ParOldGen: 648539K(667648K)->532642K(667648K)
[272.373s][info][gc,metaspace   ] GC(966) Metaspace: 18771K(18880K)->18771K(18880K) NonClass: 16943K(17024K)->16943K(17024K) Class: 1828K(1856K)->1828K(1856K)
[272.373s][info][gc             ] GC(966) Pause Full (Allocation Failure) 763M->520M(871M) 935.266ms
[272.373s][info][gc,cpu         ] GC(966) User=1.78s Sys=0.00s Real=0.93s
[272.512s][info][gc,start       ] GC(967) Pause Young (Allocation Failure)
[272.533s][info][gc,heap        ] GC(967) PSYoungGen: 115712K(224768K)->18272K(215552K) Eden: 115712K(115712K)->0K(115712K) From: 0K(109056K)->18272K(99840K)
[272.533s][info][gc,heap        ] GC(967) ParOldGen: 532642K(667648K)->532642K(667648K)
[272.533s][info][gc,metaspace   ] GC(967) Metaspace: 18771K(18880K)->18771K(18880K) NonClass: 16943K(17024K)->16943K(17024K) Class: 1828K(1856K)->1828K(1856K)
[272.533s][info][gc             ] GC(967) Pause Young (Allocation Failure) 633M->538M(862M) 20.730ms
[272.533s][info][gc,cpu         ] GC(967) User=0.04s Sys=0.00s Real=0.02s
[272.614s][info][gc,start       ] GC(968) Pause Young (Allocation Failure)
[272.637s][info][gc,heap        ] GC(968) PSYoungGen: 133984K(215552K)->22560K(220160K) Eden: 115712K(115712K)->0K(115712K) From: 18272K(99840K)->22560K(104448K)
[272.637s][info][gc,heap        ] GC(968) ParOldGen: 532642K(667648K)->532642K(667648K)
[272.637s][info][gc,metaspace   ] GC(968) Metaspace: 18771K(18880K)->18771K(18880K) NonClass: 16943K(17024K)->16943K(17024K) Class: 1828K(1856K)->1828K(1856K)
[272.637s][info][gc             ] GC(968) Pause Young (Allocation Failure) 651M->542M(867M) 22.552ms
[272.637s][info][gc,cpu         ] GC(968) User=0.04s Sys=0.00s Real=0.02s
[272.759s][info][gc,start       ] GC(969) Pause Young (Allocation Failure)
[272.784s][info][gc,heap        ] GC(969) PSYoungGen: 138272K(220160K)->23296K(215040K) Eden: 115712K(115712K)->0K(126464K) From: 22560K(104448K)->23296K(88576K)
[272.784s][info][gc,heap        ] GC(969) ParOldGen: 532642K(667648K)->532642K(667648K)
[272.784s][info][gc,metaspace   ] GC(969) Metaspace: 18771K(18880K)->18771K(18880K) NonClass: 16943K(17024K)->16943K(17024K) Class: 1828K(1856K)->1828K(1856K)
[272.784s][info][gc             ] GC(969) Pause Young (Allocation Failure) 655M->542M(862M) 25.214ms
[272.784s][info][gc,cpu         ] GC(969) User=0.05s Sys=0.00s Real=0.03s
[272.911s][info][gc,start       ] GC(970) Pause Young (Allocation Failure)
[272.941s][info][gc,heap        ] GC(970) PSYoungGen: 149760K(215040K)->27456K(220160K) Eden: 126464K(126464K)->0K(126464K) From: 23296K(88576K)->27456K(93696K)
[272.941s][info][gc,heap        ] GC(970) ParOldGen: 532642K(667648K)->532642K(667648K)
[272.941s][info][gc,metaspace   ] GC(970) Metaspace: 18771K(18880K)->18771K(18880K) NonClass: 16943K(17024K)->16943K(17024K) Class: 1828K(1856K)->1828K(1856K)
[272.941s][info][gc             ] GC(970) Pause Young (Allocation Failure) 666M->546M(867M) 29.463ms
[272.941s][info][gc,cpu         ] GC(970) User=0.06s Sys=0.00s Real=0.03s
[273.096s][info][gc,start       ] GC(971) Pause Young (Allocation Failure)
[273.134s][info][gc,heap        ] GC(971) PSYoungGen: 153920K(220160K)->37248K(219136K) Eden: 126464K(126464K)->0K(137728K) From: 27456K(93696K)->37248K(81408K)
[273.134s][info][gc,heap        ] GC(971) ParOldGen: 532642K(667648K)->532642K(667648K)
[273.134s][info][gc,metaspace   ] GC(971) Metaspace: 18771K(18880K)->18771K(18880K) NonClass: 16943K(17024K)->16943K(17024K) Class: 1828K(1856K)->1828K(1856K)
[273.134s][info][gc             ] GC(971) Pause Young (Allocation Failure) 670M->556M(866M) 38.016ms
[273.134s][info][gc,cpu         ] GC(971) User=0.08s Sys=0.00s Real=0.04s
[273.342s][info][gc,start       ] GC(972) Pause Young (Allocation Failure)
[273.397s][info][gc,heap        ] GC(972) PSYoungGen: 174976K(219136K)->56048K(222208K) Eden: 137728K(137728K)->0K(137728K) From: 37248K(81408K)->56048K(84480K)
[273.397s][info][gc,heap        ] GC(972) ParOldGen: 532642K(667648K)->532642K(667648K)
[273.397s][info][gc,metaspace   ] GC(972) Metaspace: 18771K(18880K)->18771K(18880K) NonClass: 16943K(17024K)->16943K(17024K) Class: 1828K(1856K)->1828K(1856K)
[273.397s][info][gc             ] GC(972) Pause Young (Allocation Failure) 691M->574M(869M) 55.620ms
[273.397s][info][gc,cpu         ] GC(972) User=0.11s Sys=0.00s Real=0.06s
[273.842s][info][gc,start       ] GC(973) Pause Young (Allocation Failure)
[273.895s][info][gc,heap        ] GC(973) PSYoungGen: 193776K(222208K)->56080K(235520K) Eden: 137728K(137728K)->0K(146944K) From: 56048K(84480K)->56080K(88576K)
[273.895s][info][gc,heap        ] GC(973) ParOldGen: 532642K(667648K)->532642K(667648K)
[273.895s][info][gc,metaspace   ] GC(973) Metaspace: 18771K(18880K)->18771K(18880K) NonClass: 16943K(17024K)->16943K(17024K) Class: 1828K(1856K)->1828K(1856K)
[273.895s][info][gc             ] GC(973) Pause Young (Allocation Failure) 709M->574M(882M) 52.906ms
[273.895s][info][gc,cpu         ] GC(973) User=0.11s Sys=0.00s Real=0.06s
[274.318s][info][gc,start       ] GC(974) Pause Young (Allocation Failure)
[274.377s][info][gc,heap        ] GC(974) PSYoungGen: 203024K(235520K)->56096K(238592K) Eden: 146944K(146944K)->0K(146944K) From: 56080K(88576K)->56096K(91648K)
[274.377s][info][gc,heap        ] GC(974) ParOldGen: 532642K(667648K)->532642K(667648K)
[274.377s][info][gc,metaspace   ] GC(974) Metaspace: 18771K(18880K)->18771K(18880K) NonClass: 16943K(17024K)->16943K(17024K) Class: 1828K(1856K)->1828K(1856K)
[274.377s][info][gc             ] GC(974) Pause Young (Allocation Failure) 718M->574M(885M) 58.889ms
[274.377s][info][gc,cpu         ] GC(974) User=0.11s Sys=0.00s Real=0.06s
[274.720s][info][gc,start       ] GC(975) Pause Young (Allocation Failure)
[274.773s][info][gc,heap        ] GC(975) PSYoungGen: 203040K(238592K)->56096K(238080K) Eden: 146944K(146944K)->0K(144384K) From: 56096K(91648K)->56096K(93696K)
[274.773s][info][gc,heap        ] GC(975) ParOldGen: 532642K(667648K)->532642K(667648K)
[274.773s][info][gc,metaspace   ] GC(975) Metaspace: 18771K(18880K)->18771K(18880K) NonClass: 16943K(17024K)->16943K(17024K) Class: 1828K(1856K)->1828K(1856K)
[274.773s][info][gc             ] GC(975) Pause Young (Allocation Failure) 718M->574M(884M) 52.510ms
[274.773s][info][gc,cpu         ] GC(975) User=0.10s Sys=0.00s Real=0.05s
[275.160s][info][gc,start       ] GC(976) Pause Young (Allocation Failure)
[275.222s][info][gc,heap        ] GC(976) PSYoungGen: 200480K(238080K)->56128K(200704K) Eden: 144384K(144384K)->0K(144384K) From: 56096K(93696K)->56128K(56320K)
[275.222s][info][gc,heap        ] GC(976) ParOldGen: 532642K(667648K)->532642K(667648K)
[275.222s][info][gc,metaspace   ] GC(976) Metaspace: 18771K(18880K)->18771K(18880K) NonClass: 16943K(17024K)->16943K(17024K) Class: 1828K(1856K)->1828K(1856K)
[275.222s][info][gc             ] GC(976) Pause Young (Allocation Failure) 715M->574M(848M) 61.695ms
[275.222s][info][gc,cpu         ] GC(976) User=0.12s Sys=0.00s Real=0.06s
[275.450s][info][gc,start       ] GC(977) Pause Young (Allocation Failure)
[275.523s][info][gc,heap        ] GC(977) PSYoungGen: 200512K(200704K)->73712K(225280K) Eden: 144384K(144384K)->0K(130048K) From: 56128K(56320K)->73712K(95232K)
[275.523s][info][gc,heap        ] GC(977) ParOldGen: 532642K(667648K)->532642K(667648K)
[275.523s][info][gc,metaspace   ] GC(977) Metaspace: 18771K(18880K)->18771K(18880K) NonClass: 16943K(17024K)->16943K(17024K) Class: 1828K(1856K)->1828K(1856K)
[275.523s][info][gc             ] GC(977) Pause Young (Allocation Failure) 715M->592M(872M) 73.172ms
[275.523s][info][gc,cpu         ] GC(977) User=0.15s Sys=0.00s Real=0.07s
[275.588s][info][gc,start       ] GC(978) Pause Young (Allocation Failure)
[275.690s][info][gc,heap        ] GC(978) PSYoungGen: 203760K(225280K)->101856K(231936K) Eden: 130048K(130048K)->0K(130048K) From: 73712K(95232K)->101856K(101888K)
[275.690s][info][gc,heap        ] GC(978) ParOldGen: 532642K(667648K)->553586K(667648K)
[275.690s][info][gc,metaspace   ] GC(978) Metaspace: 18772K(18880K)->18772K(18880K) NonClass: 16943K(17024K)->16943K(17024K) Class: 1828K(1856K)->1828K(1856K)
[275.690s][info][gc             ] GC(978) Pause Young (Allocation Failure) 719M->640M(878M) 101.979ms
[275.690s][info][gc,cpu         ] GC(978) User=0.20s Sys=0.00s Real=0.10s
[275.884s][info][gc,start       ] GC(979) Pause Young (Allocation Failure)
[275.983s][info][gc,heap        ] GC(979) PSYoungGen: 231904K(231936K)->92641K(213504K) Eden: 130048K(130048K)->0K(111616K) From: 101856K(101888K)->92641K(101888K)
[275.983s][info][gc,heap        ] GC(979) ParOldGen: 553586K(667648K)->576178K(667648K)
[275.983s][info][gc,metaspace   ] GC(979) Metaspace: 18772K(18880K)->18772K(18880K) NonClass: 16943K(17024K)->16943K(17024K) Class: 1828K(1856K)->1828K(1856K)
[275.983s][info][gc             ] GC(979) Pause Young (Allocation Failure) 767M->653M(860M) 98.750ms
[275.983s][info][gc,cpu         ] GC(979) User=0.18s Sys=0.01s Real=0.09s
[276.149s][info][gc,start       ] GC(980) Pause Young (Allocation Failure)
[276.256s][info][gc,heap        ] GC(980) PSYoungGen: 204257K(213504K)->108176K(222720K) Eden: 111616K(111616K)->0K(111616K) From: 92641K(101888K)->108176K(111104K)
[276.256s][info][gc,heap        ] GC(980) ParOldGen: 576178K(667648K)->581114K(667648K)
[276.256s][info][gc,metaspace   ] GC(980) Metaspace: 18772K(18880K)->18772K(18880K) NonClass: 16943K(17024K)->16943K(17024K) Class: 1828K(1856K)->1828K(1856K)
[276.256s][info][gc             ] GC(980) Pause Young (Allocation Failure) 762M->673M(869M) 107.135ms
[276.256s][info][gc,cpu         ] GC(980) User=0.22s Sys=0.00s Real=0.11s
[276.374s][info][gc,start       ] GC(981) Pause Young (Allocation Failure)
[276.491s][info][gc,heap        ] GC(981) PSYoungGen: 219792K(222720K)->102288K(222720K) Eden: 111616K(111616K)->0K(111616K) From: 108176K(111104K)->102288K(111104K)
[276.491s][info][gc,heap        ] GC(981) ParOldGen: 581114K(667648K)->609795K(667648K)
[276.491s][info][gc,metaspace   ] GC(981) Metaspace: 18772K(18880K)->18772K(18880K) NonClass: 16943K(17024K)->16943K(17024K) Class: 1828K(1856K)->1828K(1856K)
[276.491s][info][gc             ] GC(981) Pause Young (Allocation Failure) 782M->695M(869M) 116.471ms
[276.491s][info][gc,cpu         ] GC(981) User=0.23s Sys=0.00s Real=0.11s
[276.621s][info][gc,start       ] GC(982) Pause Young (Allocation Failure)
[276.731s][info][gc,heap        ] GC(982) PSYoungGen: 213904K(222720K)->111088K(222720K) Eden: 111616K(111616K)->0K(111616K) From: 102288K(111104K)->111088K(111104K)
[276.731s][info][gc,heap        ] GC(982) ParOldGen: 609795K(667648K)->616483K(667648K)
[276.731s][info][gc,metaspace   ] GC(982) Metaspace: 18772K(18880K)->18772K(18880K) NonClass: 16943K(17024K)->16943K(17024K) Class: 1828K(1856K)->1828K(1856K)
[276.731s][info][gc             ] GC(982) Pause Young (Allocation Failure) 804M->710M(869M) 110.017ms
[276.731s][info][gc,cpu         ] GC(982) User=0.22s Sys=0.00s Real=0.11s
[276.800s][info][gc,start       ] GC(983) Pause Full (Allocation Failure)
[276.800s][info][gc,phases,start] GC(983) Marking Phase
[277.282s][info][gc,phases      ] GC(983) Marking Phase 482.067ms
[277.282s][info][gc,phases,start] GC(983) Summary Phase
[277.282s][info][gc,phases      ] GC(983) Summary Phase 0.028ms
[277.282s][info][gc,phases,start] GC(983) Forward
[277.412s][info][gc,phases      ] GC(983) Forward 129.649ms
[277.412s][info][gc,phases,start] GC(983) Adjust Pointers
[277.786s][info][gc,phases      ] GC(983) Adjust Pointers 374.012ms
[277.786s][info][gc,phases,start] GC(983) Compaction Phase
[277.998s][info][gc,phases      ] GC(983) Compaction Phase 212.441ms
[278.013s][info][gc,phases,start] GC(983) Post Compact
[278.016s][info][gc,phases      ] GC(983) Post Compact 2.523ms
[278.016s][info][gc,heap        ] GC(983) PSYoungGen: 222704K(222720K)->9191K(222720K) Eden: 111616K(111616K)->0K(111616K) From: 111088K(111104K)->9191K(111104K)
[278.016s][info][gc,heap        ] GC(983) ParOldGen: 616483K(667648K)->667374K(667648K)
[278.016s][info][gc,metaspace   ] GC(983) Metaspace: 18772K(18880K)->18772K(18880K) NonClass: 16943K(17024K)->16943K(17024K) Class: 1828K(1856K)->1828K(1856K)
[278.016s][info][gc             ] GC(983) Pause Full (Allocation Failure) 819M->660M(869M) 1215.990ms
[278.016s][info][gc,cpu         ] GC(983) User=2.35s Sys=0.01s Real=1.22s
[278.123s][info][gc,start       ] GC(984) Pause Full (Allocation Failure)
[278.123s][info][gc,phases,start] GC(984) Marking Phase
[278.609s][info][gc,phases      ] GC(984) Marking Phase 485.394ms
[278.609s][info][gc,phases,start] GC(984) Summary Phase
[278.609s][info][gc,phases      ] GC(984) Summary Phase 0.024ms
[278.609s][info][gc,phases,start] GC(984) Forward
[278.629s][info][gc,phases      ] GC(984) Forward 20.527ms
[278.629s][info][gc,phases,start] GC(984) Adjust Pointers
[278.969s][info][gc,phases      ] GC(984) Adjust Pointers 340.096ms
[278.970s][info][gc,phases,start] GC(984) Compaction Phase
[279.106s][info][gc,phases      ] GC(984) Compaction Phase 136.765ms
[279.109s][info][gc,phases,start] GC(984) Post Compact
[279.112s][info][gc,phases      ] GC(984) Post Compact 2.337ms
[279.112s][info][gc,heap        ] GC(984) PSYoungGen: 120807K(222720K)->9577K(222720K) Eden: 111616K(111616K)->9577K(111616K) From: 9191K(111104K)->0K(111104K)
[279.112s][info][gc,heap        ] GC(984) ParOldGen: 667374K(667648K)->667586K(667648K)
[279.112s][info][gc,metaspace   ] GC(984) Metaspace: 18772K(18880K)->18772K(18880K) NonClass: 16943K(17024K)->16943K(17024K) Class: 1828K(1856K)->1828K(1856K)
[279.112s][info][gc             ] GC(984) Pause Full (Allocation Failure) 769M->661M(869M) 988.413ms
[279.112s][info][gc,cpu         ] GC(984) User=1.94s Sys=0.00s Real=0.99s
[279.226s][info][gc,start       ] GC(985) Pause Full (Allocation Failure)
[279.226s][info][gc,phases,start] GC(985) Marking Phase
[279.600s][info][gc,phases      ] GC(985) Marking Phase 373.854ms
[279.600s][info][gc,phases,start] GC(985) Summary Phase
[279.600s][info][gc,phases      ] GC(985) Summary Phase 0.029ms
[279.600s][info][gc,phases,start] GC(985) Forward
[279.711s][info][gc,phases      ] GC(985) Forward 110.941ms
[279.711s][info][gc,phases,start] GC(985) Adjust Pointers
[279.996s][info][gc,phases      ] GC(985) Adjust Pointers 285.527ms
[279.996s][info][gc,phases,start] GC(985) Compaction Phase
[280.159s][info][gc,phases      ] GC(985) Compaction Phase 162.398ms
[280.170s][info][gc,phases,start] GC(985) Post Compact
[280.173s][info][gc,phases      ] GC(985) Post Compact 2.339ms
[280.173s][info][gc,heap        ] GC(985) PSYoungGen: 111616K(222720K)->0K(222720K) Eden: 111616K(111616K)->0K(111616K) From: 0K(111104K)->0K(111104K)
[280.173s][info][gc,heap        ] GC(985) ParOldGen: 667586K(667648K)->549661K(667648K)
[280.173s][info][gc,metaspace   ] GC(985) Metaspace: 18772K(18880K)->18772K(18880K) NonClass: 16943K(17024K)->16943K(17024K) Class: 1828K(1856K)->1828K(1856K)
[280.173s][info][gc             ] GC(985) Pause Full (Allocation Failure) 760M->536M(869M) 947.003ms
[280.173s][info][gc,cpu         ] GC(985) User=1.81s Sys=0.00s Real=0.94s
[280.310s][info][gc,start       ] GC(986) Pause Young (Allocation Failure)
[280.316s][info][gc,heap        ] GC(986) PSYoungGen: 111616K(222720K)->64K(222720K) Eden: 111616K(111616K)->0K(111616K) From: 0K(111104K)->64K(111104K)
[280.316s][info][gc,heap        ] GC(986) ParOldGen: 549661K(667648K)->549661K(667648K)
[280.316s][info][gc,metaspace   ] GC(986) Metaspace: 18772K(18880K)->18772K(18880K) NonClass: 16943K(17024K)->16943K(17024K) Class: 1828K(1856K)->1828K(1856K)
[280.316s][info][gc             ] GC(986) Pause Young (Allocation Failure) 645M->536M(869M) 5.481ms
[280.316s][info][gc,cpu         ] GC(986) User=0.01s Sys=0.00s Real=0.01s
[280.462s][info][gc,start       ] GC(987) Pause Young (Allocation Failure)
[280.475s][info][gc,heap        ] GC(987) PSYoungGen: 111680K(222720K)->10976K(222720K) Eden: 111616K(111616K)->0K(111616K) From: 64K(111104K)->10976K(111104K)
[280.475s][info][gc,heap        ] GC(987) ParOldGen: 549661K(667648K)->549661K(667648K)
[280.475s][info][gc,metaspace   ] GC(987) Metaspace: 18772K(18880K)->18772K(18880K) NonClass: 16943K(17024K)->16943K(17024K) Class: 1828K(1856K)->1828K(1856K)
[280.475s][info][gc             ] GC(987) Pause Young (Allocation Failure) 645M->547M(869M) 13.043ms
[280.475s][info][gc,cpu         ] GC(987) User=0.03s Sys=0.00s Real=0.02s
[280.596s][info][gc,start       ] GC(988) Pause Young (Allocation Failure)
[280.632s][info][gc,heap        ] GC(988) PSYoungGen: 122592K(222720K)->33515K(222720K) Eden: 111616K(111616K)->0K(111616K) From: 10976K(111104K)->33515K(111104K)
[280.632s][info][gc,heap        ] GC(988) ParOldGen: 549661K(667648K)->549661K(667648K)
[280.632s][info][gc,metaspace   ] GC(988) Metaspace: 18772K(18880K)->18772K(18880K) NonClass: 16943K(17024K)->16943K(17024K) Class: 1828K(1856K)->1828K(1856K)
[280.632s][info][gc             ] GC(988) Pause Young (Allocation Failure) 656M->569M(869M) 36.597ms
[280.632s][info][gc,cpu         ] GC(988) User=0.07s Sys=0.00s Real=0.03s
[280.784s][info][gc,start       ] GC(989) Pause Young (Allocation Failure)
[280.825s][info][gc,heap        ] GC(989) PSYoungGen: 145131K(222720K)->43388K(222720K) Eden: 111616K(111616K)->0K(111616K) From: 33515K(111104K)->43388K(111104K)
[280.825s][info][gc,heap        ] GC(989) ParOldGen: 549661K(667648K)->549661K(667648K)
[280.825s][info][gc,metaspace   ] GC(989) Metaspace: 18773K(18880K)->18773K(18880K) NonClass: 16944K(17024K)->16944K(17024K) Class: 1828K(1856K)->1828K(1856K)
[280.825s][info][gc             ] GC(989) Pause Young (Allocation Failure) 678M->579M(869M) 40.810ms
[280.825s][info][gc,cpu         ] GC(989) User=0.08s Sys=0.00s Real=0.04s
[281.033s][info][gc,start       ] GC(990) Pause Young (Allocation Failure)
[281.073s][info][gc,heap        ] GC(990) PSYoungGen: 155004K(222720K)->33323K(222720K) Eden: 111616K(111616K)->0K(111616K) From: 43388K(111104K)->33323K(111104K)
[281.073s][info][gc,heap        ] GC(990) ParOldGen: 549661K(667648K)->560654K(667648K)
[281.073s][info][gc,metaspace   ] GC(990) Metaspace: 18774K(18880K)->18774K(18880K) NonClass: 16945K(17024K)->16945K(17024K) Class: 1828K(1856K)->1828K(1856K)
[281.073s][info][gc             ] GC(990) Pause Young (Allocation Failure) 688M->580M(869M) 40.575ms
[281.073s][info][gc,cpu         ] GC(990) User=0.08s Sys=0.00s Real=0.04s
[281.173s][info][gc,start       ] GC(991) Pause Young (Allocation Failure)
[281.215s][info][gc,heap        ] GC(991) PSYoungGen: 144939K(222720K)->26288K(222720K) Eden: 111616K(111616K)->0K(111616K) From: 33323K(111104K)->26288K(111104K)
[281.215s][info][gc,heap        ] GC(991) ParOldGen: 560654K(667648K)->583465K(667648K)
[281.215s][info][gc,metaspace   ] GC(991) Metaspace: 18774K(18880K)->18774K(18880K) NonClass: 16945K(17024K)->16945K(17024K) Class: 1828K(1856K)->1828K(1856K)
[281.215s][info][gc             ] GC(991) Pause Young (Allocation Failure) 689M->595M(869M) 42.162ms
[281.215s][info][gc,cpu         ] GC(991) User=0.09s Sys=0.00s Real=0.05s
[281.325s][info][gc,start       ] GC(992) Pause Young (Allocation Failure)
[281.357s][info][gc,heap        ] GC(992) PSYoungGen: 137904K(222720K)->15488K(222720K) Eden: 111616K(111616K)->0K(111616K) From: 26288K(111104K)->15488K(111104K)
[281.357s][info][gc,heap        ] GC(992) ParOldGen: 583465K(667648K)->603409K(667648K)
[281.357s][info][gc,metaspace   ] GC(992) Metaspace: 18774K(18880K)->18774K(18880K) NonClass: 16945K(17024K)->16945K(17024K) Class: 1828K(1856K)->1828K(1856K)
[281.357s][info][gc             ] GC(992) Pause Young (Allocation Failure) 704M->604M(869M) 31.942ms
[281.357s][info][gc,cpu         ] GC(992) User=0.07s Sys=0.00s Real=0.03s
[281.472s][info][gc,start       ] GC(993) Pause Young (Allocation Failure)
[281.495s][info][gc,heap        ] GC(993) PSYoungGen: 127104K(222720K)->4352K(222720K) Eden: 111616K(111616K)->0K(111616K) From: 15488K(111104K)->4352K(111104K)
[281.495s][info][gc,heap        ] GC(993) ParOldGen: 603409K(667648K)->618922K(667648K)
[281.495s][info][gc,metaspace   ] GC(993) Metaspace: 18777K(18944K)->18777K(18944K) NonClass: 16948K(17088K)->16948K(17088K) Class: 1828K(1856K)->1828K(1856K)
[281.495s][info][gc             ] GC(993) Pause Young (Allocation Failure) 713M->608M(869M) 23.345ms
[281.495s][info][gc,cpu         ] GC(993) User=0.04s Sys=0.00s Real=0.03s
[281.747s][info][gc,start       ] GC(994) Pause Young (Allocation Failure)
[281.754s][info][gc,heap        ] GC(994) PSYoungGen: 115968K(222720K)->160K(222720K) Eden: 111616K(111616K)->0K(111616K) From: 4352K(111104K)->160K(111104K)
[281.754s][info][gc,heap        ] GC(994) ParOldGen: 618922K(667648K)->623242K(667648K)
[281.754s][info][gc,metaspace   ] GC(994) Metaspace: 18777K(18944K)->18777K(18944K) NonClass: 16948K(17088K)->16948K(17088K) Class: 1828K(1856K)->1828K(1856K)
[281.754s][info][gc             ] GC(994) Pause Young (Allocation Failure) 717M->608M(869M) 7.142ms
[281.754s][info][gc,cpu         ] GC(994) User=0.02s Sys=0.00s Real=0.01s
[281.914s][info][gc,start       ] GC(995) Pause Young (Allocation Failure)
[281.922s][info][gc,heap        ] GC(995) PSYoungGen: 111776K(222720K)->8912K(222720K) Eden: 111616K(111616K)->0K(111616K) From: 160K(111104K)->8912K(111104K)
[281.922s][info][gc,heap        ] GC(995) ParOldGen: 623242K(667648K)->623362K(667648K)
[281.922s][info][gc,metaspace   ] GC(995) Metaspace: 18777K(18944K)->18777K(18944K) NonClass: 16948K(17088K)->16948K(17088K) Class: 1828K(1856K)->1828K(1856K)
[281.922s][info][gc             ] GC(995) Pause Young (Allocation Failure) 717M->617M(869M) 8.597ms
[281.922s][info][gc,cpu         ] GC(995) User=0.02s Sys=0.00s Real=0.00s
[282.041s][info][gc,start       ] GC(996) Pause Young (Allocation Failure)
[282.057s][info][gc,heap        ] GC(996) PSYoungGen: 120528K(222720K)->7968K(222720K) Eden: 111616K(111616K)->0K(111616K) From: 8912K(111104K)->7968K(111104K)
[282.057s][info][gc,heap        ] GC(996) ParOldGen: 623362K(667648K)->632318K(667648K)
[282.057s][info][gc,metaspace   ] GC(996) Metaspace: 18777K(18944K)->18777K(18944K) NonClass: 16948K(17088K)->16948K(17088K) Class: 1828K(1856K)->1828K(1856K)
[282.057s][info][gc             ] GC(996) Pause Young (Allocation Failure) 726M->625M(869M) 15.841ms
[282.057s][info][gc,cpu         ] GC(996) User=0.04s Sys=0.00s Real=0.02s
[282.155s][info][gc,start       ] GC(997) Pause Full (Allocation Failure)
[282.155s][info][gc,phases,start] GC(997) Marking Phase
[282.461s][info][gc,phases      ] GC(997) Marking Phase 306.156ms
[282.461s][info][gc,phases,start] GC(997) Summary Phase
[282.461s][info][gc,phases      ] GC(997) Summary Phase 0.027ms
[282.461s][info][gc,phases,start] GC(997) Forward
[282.530s][info][gc,phases      ] GC(997) Forward 68.527ms
[282.530s][info][gc,phases,start] GC(997) Adjust Pointers
[282.749s][info][gc,phases      ] GC(997) Adjust Pointers 219.222ms
[282.749s][info][gc,phases,start] GC(997) Compaction Phase
[282.851s][info][gc,phases      ] GC(997) Compaction Phase 102.205ms
[282.856s][info][gc,phases,start] GC(997) Post Compact
[282.858s][info][gc,phases      ] GC(997) Post Compact 2.272ms
[282.858s][info][gc,heap        ] GC(997) PSYoungGen: 119584K(222720K)->0K(222720K) Eden: 111616K(111616K)->0K(111616K) From: 7968K(111104K)->0K(111104K)
[282.858s][info][gc,heap        ] GC(997) ParOldGen: 632318K(667648K)->447725K(667648K)
[282.859s][info][gc,metaspace   ] GC(997) Metaspace: 18777K(18944K)->18777K(18944K) NonClass: 16948K(17088K)->16948K(17088K) Class: 1828K(1856K)->1828K(1856K)
[282.859s][info][gc             ] GC(997) Pause Full (Allocation Failure) 734M->437M(869M) 703.645ms
[282.859s][info][gc,cpu         ] GC(997) User=1.32s Sys=0.00s Real=0.70s
[282.912s][info][gc,start       ] GC(998) Pause Young (Allocation Failure)
[282.941s][info][gc,heap        ] GC(998) PSYoungGen: 111616K(222720K)->41936K(222720K) Eden: 111616K(111616K)->0K(111616K) From: 0K(111104K)->41936K(111104K)
[282.941s][info][gc,heap        ] GC(998) ParOldGen: 447725K(667648K)->447725K(667648K)
[282.941s][info][gc,metaspace   ] GC(998) Metaspace: 18777K(18944K)->18777K(18944K) NonClass: 16948K(17088K)->16948K(17088K) Class: 1828K(1856K)->1828K(1856K)
[282.941s][info][gc             ] GC(998) Pause Young (Allocation Failure) 546M->478M(869M) 28.917ms
[282.941s][info][gc,cpu         ] GC(998) User=0.06s Sys=0.00s Real=0.03s
[283.115s][info][gc,start       ] GC(999) Pause Young (Allocation Failure)
[283.150s][info][gc,heap        ] GC(999) PSYoungGen: 153552K(222720K)->9600K(222720K) Eden: 111616K(111616K)->0K(111616K) From: 41936K(111104K)->9600K(111104K)
[283.150s][info][gc,heap        ] GC(999) ParOldGen: 447725K(667648K)->490174K(667648K)
[283.150s][info][gc,metaspace   ] GC(999) Metaspace: 18777K(18944K)->18777K(18944K) NonClass: 16948K(17088K)->16948K(17088K) Class: 1828K(1856K)->1828K(1856K)
[283.150s][info][gc             ] GC(999) Pause Young (Allocation Failure) 587M->488M(869M) 34.896ms
[283.150s][info][gc,cpu         ] GC(999) User=0.07s Sys=0.00s Real=0.03s
[283.312s][info][gc,start       ] GC(1000) Pause Young (Allocation Failure)
[283.353s][info][gc,heap        ] GC(1000) PSYoungGen: 121216K(222720K)->17728K(215552K) Eden: 111616K(111616K)->0K(111616K) From: 9600K(111104K)->17728K(103936K)
[283.353s][info][gc,heap        ] GC(1000) ParOldGen: 490174K(667648K)->499822K(667648K)
[283.353s][info][gc,metaspace   ] GC(1000) Metaspace: 18777K(18944K)->18777K(18944K) NonClass: 16948K(17088K)->16948K(17088K) Class: 1828K(1856K)->1828K(1856K)
[283.353s][info][gc             ] GC(1000) Pause Young (Allocation Failure) 597M->505M(862M) 41.281ms
[283.353s][info][gc,cpu         ] GC(1000) User=0.08s Sys=0.00s Real=0.04s
[283.477s][info][gc,start       ] GC(1001) Pause Young (Allocation Failure)
[283.532s][info][gc,heap        ] GC(1001) PSYoungGen: 129344K(215552K)->40448K(219136K) Eden: 111616K(111616K)->0K(111616K) From: 17728K(103936K)->40448K(107520K)
[283.532s][info][gc,heap        ] GC(1001) ParOldGen: 499822K(667648K)->499822K(667648K)
[283.532s][info][gc,metaspace   ] GC(1001) Metaspace: 18777K(18944K)->18777K(18944K) NonClass: 16948K(17088K)->16948K(17088K) Class: 1828K(1856K)->1828K(1856K)
[283.532s][info][gc             ] GC(1001) Pause Young (Allocation Failure) 614M->527M(866M) 54.893ms
[283.532s][info][gc,cpu         ] GC(1001) User=0.11s Sys=0.00s Real=0.05s
[283.673s][info][gc,start       ] GC(1002) Pause Young (Allocation Failure)
[283.739s][info][gc,heap        ] GC(1002) PSYoungGen: 152064K(219136K)->58080K(218624K) Eden: 111616K(111616K)->0K(115200K) From: 40448K(107520K)->58080K(103424K)
[283.739s][info][gc,heap        ] GC(1002) ParOldGen: 499822K(667648K)->499822K(667648K)
[283.739s][info][gc,metaspace   ] GC(1002) Metaspace: 18777K(18944K)->18777K(18944K) NonClass: 16948K(17088K)->16948K(17088K) Class: 1828K(1856K)->1828K(1856K)
[283.739s][info][gc             ] GC(1002) Pause Young (Allocation Failure) 636M->544M(865M) 65.828ms
[283.739s][info][gc,cpu         ] GC(1002) User=0.13s Sys=0.00s Real=0.07s
[283.816s][info][gc,start       ] GC(1003) Pause Young (Allocation Failure)
[283.886s][info][gc,heap        ] GC(1003) PSYoungGen: 173280K(218624K)->62368K(221696K) Eden: 115200K(115200K)->0K(115200K) From: 58080K(103424K)->62368K(106496K)
[283.886s][info][gc,heap        ] GC(1003) ParOldGen: 499822K(667648K)->499822K(667648K)
[283.886s][info][gc,metaspace   ] GC(1003) Metaspace: 18777K(18944K)->18777K(18944K) NonClass: 16948K(17088K)->16948K(17088K) Class: 1828K(1856K)->1828K(1856K)
[283.886s][info][gc             ] GC(1003) Pause Young (Allocation Failure) 657M->549M(868M) 69.945ms
[283.886s][info][gc,cpu         ] GC(1003) User=0.14s Sys=0.00s Real=0.07s
[284.003s][info][gc,start       ] GC(1004) Pause Young (Allocation Failure)
[284.076s][info][gc,heap        ] GC(1004) PSYoungGen: 177568K(221696K)->63136K(221696K) Eden: 115200K(115200K)->0K(111616K) From: 62368K(106496K)->63136K(110080K)
[284.076s][info][gc,heap        ] GC(1004) ParOldGen: 499822K(667648K)->499822K(667648K)
[284.076s][info][gc,metaspace   ] GC(1004) Metaspace: 18777K(18944K)->18777K(18944K) NonClass: 16948K(17088K)->16948K(17088K) Class: 1828K(1856K)->1828K(1856K)
[284.076s][info][gc             ] GC(1004) Pause Young (Allocation Failure) 661M->549M(868M) 72.720ms
[284.076s][info][gc,cpu         ] GC(1004) User=0.14s Sys=0.00s Real=0.08s
[284.189s][info][gc,start       ] GC(1005) Pause Young (Allocation Failure)
[284.265s][info][gc,heap        ] GC(1005) PSYoungGen: 174752K(221696K)->26976K(138752K) Eden: 111616K(111616K)->0K(111616K) From: 63136K(110080K)->26976K(27136K)
[284.265s][info][gc,heap        ] GC(1005) ParOldGen: 499822K(667648K)->540374K(667648K)
[284.265s][info][gc,metaspace   ] GC(1005) Metaspace: 18777K(18944K)->18777K(18944K) NonClass: 16948K(17088K)->16948K(17088K) Class: 1828K(1856K)->1828K(1856K)
[284.265s][info][gc             ] GC(1005) Pause Young (Allocation Failure) 658M->554M(787M) 76.374ms
[284.265s][info][gc,cpu         ] GC(1005) User=0.15s Sys=0.00s Real=0.08s
[284.402s][info][gc,start       ] GC(1006) Pause Young (Allocation Failure)
[284.436s][info][gc,heap        ] GC(1006) PSYoungGen: 138592K(138752K)->31584K(222208K) Eden: 111616K(111616K)->0K(118272K) From: 26976K(27136K)->31584K(103936K)
[284.436s][info][gc,heap        ] GC(1006) ParOldGen: 540374K(667648K)->540374K(667648K)
[284.436s][info][gc,metaspace   ] GC(1006) Metaspace: 18777K(18944K)->18777K(18944K) NonClass: 16948K(17088K)->16948K(17088K) Class: 1828K(1856K)->1828K(1856K)
[284.436s][info][gc             ] GC(1006) Pause Young (Allocation Failure) 663M->558M(869M) 33.361ms
[284.436s][info][gc,cpu         ] GC(1006) User=0.07s Sys=0.00s Real=0.04s
[284.615s][info][gc,start       ] GC(1007) Pause Young (Allocation Failure)
[284.659s][info][gc,heap        ] GC(1007) PSYoungGen: 149856K(222208K)->45248K(219648K) Eden: 118272K(118272K)->0K(118272K) From: 31584K(103936K)->45248K(101376K)
[284.659s][info][gc,heap        ] GC(1007) ParOldGen: 540374K(667648K)->540374K(667648K)
[284.659s][info][gc,metaspace   ] GC(1007) Metaspace: 18777K(18944K)->18777K(18944K) NonClass: 16948K(17088K)->16948K(17088K) Class: 1828K(1856K)->1828K(1856K)
[284.659s][info][gc             ] GC(1007) Pause Young (Allocation Failure) 674M->571M(866M) 43.838ms
[284.659s][info][gc,cpu         ] GC(1007) User=0.09s Sys=0.00s Real=0.04s
[284.891s][info][gc,start       ] GC(1008) Pause Young (Allocation Failure)
[284.956s][info][gc,heap        ] GC(1008) PSYoungGen: 163520K(219648K)->55776K(224768K) Eden: 118272K(118272K)->0K(126976K) From: 45248K(101376K)->55776K(97792K)
[284.956s][info][gc,heap        ] GC(1008) ParOldGen: 540374K(667648K)->540374K(667648K)
[284.956s][info][gc,metaspace   ] GC(1008) Metaspace: 18777K(18944K)->18777K(18944K) NonClass: 16948K(17088K)->16948K(17088K) Class: 1828K(1856K)->1828K(1856K)
[284.956s][info][gc             ] GC(1008) Pause Young (Allocation Failure) 687M->582M(871M) 64.563ms
[284.956s][info][gc,cpu         ] GC(1008) User=0.12s Sys=0.00s Real=0.07s
[285.206s][info][gc,start       ] GC(1009) Pause Young (Allocation Failure)
[285.271s][info][gc,heap        ] GC(1009) PSYoungGen: 182752K(224768K)->74704K(225280K) Eden: 126976K(126976K)->0K(126976K) From: 55776K(97792K)->74704K(98304K)
[285.271s][info][gc,heap        ] GC(1009) ParOldGen: 540374K(667648K)->540374K(667648K)
[285.271s][info][gc,metaspace   ] GC(1009) Metaspace: 18777K(18944K)->18777K(18944K) NonClass: 16948K(17088K)->16948K(17088K) Class: 1828K(1856K)->1828K(1856K)
[285.271s][info][gc             ] GC(1009) Pause Young (Allocation Failure) 706M->600M(872M) 65.588ms
[285.271s][info][gc,cpu         ] GC(1009) User=0.13s Sys=0.00s Real=0.06s
[285.387s][info][gc,start       ] GC(1010) Pause Young (Allocation Failure)
[285.474s][info][gc,heap        ] GC(1010) PSYoungGen: 201680K(225280K)->99200K(217088K) Eden: 126976K(126976K)->0K(111616K) From: 74704K(98304K)->99200K(105472K)
[285.474s][info][gc,heap        ] GC(1010) ParOldGen: 540374K(667648K)->540374K(667648K)
[285.474s][info][gc,metaspace   ] GC(1010) Metaspace: 18777K(18944K)->18777K(18944K) NonClass: 16948K(17088K)->16948K(17088K) Class: 1828K(1856K)->1828K(1856K)
[285.474s][info][gc             ] GC(1010) Pause Young (Allocation Failure) 724M->624M(864M) 86.611ms
[285.474s][info][gc,cpu         ] GC(1010) User=0.17s Sys=0.00s Real=0.09s
[285.636s][info][gc,start       ] GC(1011) Pause Young (Allocation Failure)
[285.732s][info][gc,heap        ] GC(1011) PSYoungGen: 210816K(217088K)->88704K(222720K) Eden: 111616K(111616K)->0K(111616K) From: 99200K(105472K)->88704K(111104K)
[285.732s][info][gc,heap        ] GC(1011) ParOldGen: 540374K(667648K)->562382K(667648K)
[285.732s][info][gc,metaspace   ] GC(1011) Metaspace: 18777K(18944K)->18777K(18944K) NonClass: 16948K(17088K)->16948K(17088K) Class: 1828K(1856K)->1828K(1856K)
[285.732s][info][gc             ] GC(1011) Pause Young (Allocation Failure) 733M->635M(869M) 96.544ms
[285.732s][info][gc,cpu         ] GC(1011) User=0.20s Sys=0.00s Real=0.09s
[285.916s][info][gc,start       ] GC(1012) Pause Young (Allocation Failure)
[285.990s][info][gc,heap        ] GC(1012) PSYoungGen: 200320K(222720K)->83680K(222720K) Eden: 111616K(111616K)->0K(111616K) From: 88704K(111104K)->83680K(111104K)
[285.991s][info][gc,heap        ] GC(1012) ParOldGen: 562382K(667648K)->567422K(667648K)
[285.991s][info][gc,metaspace   ] GC(1012) Metaspace: 18777K(18944K)->18777K(18944K) NonClass: 16948K(17088K)->16948K(17088K) Class: 1828K(1856K)->1828K(1856K)
[285.991s][info][gc             ] GC(1012) Pause Young (Allocation Failure) 744M->635M(869M) 74.985ms
[285.991s][info][gc,cpu         ] GC(1012) User=0.15s Sys=0.00s Real=0.07s
[286.108s][info][gc,start       ] GC(1013) Pause Young (Allocation Failure)
[286.197s][info][gc,heap        ] GC(1013) PSYoungGen: 195296K(222720K)->85328K(222720K) Eden: 111616K(111616K)->0K(111616K) From: 83680K(111104K)->85328K(111104K)
[286.197s][info][gc,heap        ] GC(1013) ParOldGen: 567422K(667648K)->585742K(667648K)
[286.197s][info][gc,metaspace   ] GC(1013) Metaspace: 18777K(18944K)->18777K(18944K) NonClass: 16948K(17088K)->16948K(17088K) Class: 1828K(1856K)->1828K(1856K)
[286.197s][info][gc             ] GC(1013) Pause Young (Allocation Failure) 744M->655M(869M) 89.069ms
[286.197s][info][gc,cpu         ] GC(1013) User=0.18s Sys=0.00s Real=0.09s
[286.294s][info][gc,start       ] GC(1014) Pause Young (Allocation Failure)
[286.370s][info][gc,heap        ] GC(1014) PSYoungGen: 196944K(222720K)->59264K(222720K) Eden: 111616K(111616K)->0K(111616K) From: 85328K(111104K)->59264K(111104K)
[286.370s][info][gc,heap        ] GC(1014) ParOldGen: 585742K(667648K)->615495K(667648K)
[286.370s][info][gc,metaspace   ] GC(1014) Metaspace: 18777K(18944K)->18777K(18944K) NonClass: 16948K(17088K)->16948K(17088K) Class: 1828K(1856K)->1828K(1856K)
[286.370s][info][gc             ] GC(1014) Pause Young (Allocation Failure) 764M->658M(869M) 75.909ms
[286.370s][info][gc,cpu         ] GC(1014) User=0.15s Sys=0.00s Real=0.07s
[286.478s][info][gc,start       ] GC(1015) Pause Young (Allocation Failure)
[286.536s][info][gc,heap        ] GC(1015) PSYoungGen: 170880K(222720K)->25440K(222720K) Eden: 111616K(111616K)->0K(111616K) From: 59264K(111104K)->25440K(111104K)
[286.536s][info][gc,heap        ] GC(1015) ParOldGen: 615495K(667648K)->651715K(667648K)
[286.536s][info][gc,metaspace   ] GC(1015) Metaspace: 18777K(18944K)->18777K(18944K) NonClass: 16948K(17088K)->16948K(17088K) Class: 1828K(1856K)->1828K(1856K)
[286.536s][info][gc             ] GC(1015) Pause Young (Allocation Failure) 767M->661M(869M) 58.284ms
[286.536s][info][gc,cpu         ] GC(1015) User=0.12s Sys=0.00s Real=0.06s
[286.667s][info][gc,start       ] GC(1016) Pause Full (Allocation Failure)
[286.667s][info][gc,phases,start] GC(1016) Marking Phase
[287.012s][info][gc,phases      ] GC(1016) Marking Phase 344.555ms
[287.012s][info][gc,phases,start] GC(1016) Summary Phase
[287.012s][info][gc,phases      ] GC(1016) Summary Phase 0.026ms
[287.012s][info][gc,phases,start] GC(1016) Forward
[287.122s][info][gc,phases      ] GC(1016) Forward 109.607ms
[287.122s][info][gc,phases,start] GC(1016) Adjust Pointers
[287.383s][info][gc,phases      ] GC(1016) Adjust Pointers 261.452ms
[287.383s][info][gc,phases,start] GC(1016) Compaction Phase
[287.531s][info][gc,phases      ] GC(1016) Compaction Phase 147.382ms
[287.540s][info][gc,phases,start] GC(1016) Post Compact
[287.542s][info][gc,phases      ] GC(1016) Post Compact 2.359ms
[287.542s][info][gc,heap        ] GC(1016) PSYoungGen: 137056K(222720K)->0K(222720K) Eden: 111616K(111616K)->0K(111616K) From: 25440K(111104K)->0K(111104K)
[287.542s][info][gc,heap        ] GC(1016) ParOldGen: 651715K(667648K)->498025K(667648K)
[287.542s][info][gc,metaspace   ] GC(1016) Metaspace: 18777K(18944K)->18777K(18944K) NonClass: 16948K(17088K)->16948K(17088K) Class: 1828K(1856K)->1828K(1856K)
[287.542s][info][gc             ] GC(1016) Pause Full (Allocation Failure) 770M->486M(869M) 875.185ms
[287.542s][info][gc,cpu         ] GC(1016) User=1.66s Sys=0.00s Real=0.87s
[287.802s][info][gc,start       ] GC(1017) Pause Young (Allocation Failure)
[287.807s][info][gc,heap        ] GC(1017) PSYoungGen: 111616K(222720K)->2560K(222720K) Eden: 111616K(111616K)->0K(111616K) From: 0K(111104K)->2560K(111104K)
[287.807s][info][gc,heap        ] GC(1017) ParOldGen: 498025K(667648K)->498025K(667648K)
[287.807s][info][gc,metaspace   ] GC(1017) Metaspace: 18777K(18944K)->18777K(18944K) NonClass: 16948K(17088K)->16948K(17088K) Class: 1828K(1856K)->1828K(1856K)
[287.807s][info][gc             ] GC(1017) Pause Young (Allocation Failure) 595M->488M(869M) 5.022ms
[287.807s][info][gc,cpu         ] GC(1017) User=0.01s Sys=0.00s Real=0.01s
[288.043s][info][gc,start       ] GC(1018) Pause Young (Allocation Failure)
[288.047s][info][gc,heap        ] GC(1018) PSYoungGen: 114176K(222720K)->2560K(222720K) Eden: 111616K(111616K)->0K(111616K) From: 2560K(111104K)->2560K(111104K)
[288.047s][info][gc,heap        ] GC(1018) ParOldGen: 498025K(667648K)->498025K(667648K)
[288.047s][info][gc,metaspace   ] GC(1018) Metaspace: 18777K(18944K)->18777K(18944K) NonClass: 16948K(17088K)->16948K(17088K) Class: 1828K(1856K)->1828K(1856K)
[288.047s][info][gc             ] GC(1018) Pause Young (Allocation Failure) 597M->488M(869M) 4.254ms
[288.047s][info][gc,cpu         ] GC(1018) User=0.01s Sys=0.00s Real=0.01s
[288.263s][info][gc,start       ] GC(1019) Pause Young (Allocation Failure)
[288.267s][info][gc,heap        ] GC(1019) PSYoungGen: 114176K(222720K)->64K(222720K) Eden: 111616K(111616K)->0K(111616K) From: 2560K(111104K)->64K(111104K)
[288.267s][info][gc,heap        ] GC(1019) ParOldGen: 498025K(667648K)->500558K(667648K)
[288.267s][info][gc,metaspace   ] GC(1019) Metaspace: 18777K(18944K)->18777K(18944K) NonClass: 16948K(17088K)->16948K(17088K) Class: 1828K(1856K)->1828K(1856K)
[288.267s][info][gc             ] GC(1019) Pause Young (Allocation Failure) 597M->488M(869M) 4.093ms
[288.267s][info][gc,cpu         ] GC(1019) User=0.00s Sys=0.00s Real=0.01s
[288.481s][info][gc,start       ] GC(1020) Pause Young (Allocation Failure)
[288.488s][info][gc,heap        ] GC(1020) PSYoungGen: 111680K(222720K)->352K(222720K) Eden: 111616K(111616K)->0K(111616K) From: 64K(111104K)->352K(111104K)
[288.488s][info][gc,heap        ] GC(1020) ParOldGen: 500558K(667648K)->500566K(667648K)
[288.488s][info][gc,metaspace   ] GC(1020) Metaspace: 18777K(18944K)->18777K(18944K) NonClass: 16948K(17088K)->16948K(17088K) Class: 1828K(1856K)->1828K(1856K)
[288.488s][info][gc             ] GC(1020) Pause Young (Allocation Failure) 597M->489M(869M) 7.331ms
[288.488s][info][gc,cpu         ] GC(1020) User=0.01s Sys=0.00s Real=0.01s
[288.574s][info][gc,start       ] GC(1021) Pause Young (Allocation Failure)
[288.599s][info][gc,heap        ] GC(1021) PSYoungGen: 111968K(222720K)->35008K(222720K) Eden: 111616K(111616K)->0K(111616K) From: 352K(111104K)->35008K(111104K)
[288.599s][info][gc,heap        ] GC(1021) ParOldGen: 500566K(667648K)->500894K(667648K)
[288.599s][info][gc,metaspace   ] GC(1021) Metaspace: 18777K(18944K)->18777K(18944K) NonClass: 16948K(17088K)->16948K(17088K) Class: 1828K(1856K)->1828K(1856K)
[288.599s][info][gc             ] GC(1021) Pause Young (Allocation Failure) 598M->523M(869M) 25.051ms
[288.599s][info][gc,cpu         ] GC(1021) User=0.05s Sys=0.00s Real=0.02s
[288.693s][info][gc,start       ] GC(1022) Pause Young (Allocation Failure)
[288.739s][info][gc,heap        ] GC(1022) PSYoungGen: 146624K(222720K)->37408K(220672K) Eden: 111616K(111616K)->0K(111616K) From: 35008K(111104K)->37408K(109056K)
[288.739s][info][gc,heap        ] GC(1022) ParOldGen: 500894K(667648K)->536289K(667648K)
[288.739s][info][gc,metaspace   ] GC(1022) Metaspace: 18777K(18944K)->18777K(18944K) NonClass: 16948K(17088K)->16948K(17088K) Class: 1828K(1856K)->1828K(1856K)
[288.739s][info][gc             ] GC(1022) Pause Young (Allocation Failure) 632M->560M(867M) 46.270ms
[288.739s][info][gc,cpu         ] GC(1022) User=0.09s Sys=0.00s Real=0.05s
[288.857s][info][gc,start       ] GC(1023) Pause Young (Allocation Failure)
[288.885s][info][gc,heap        ] GC(1023) PSYoungGen: 149024K(220672K)->39808K(151552K) Eden: 111616K(111616K)->0K(111616K) From: 37408K(109056K)->39808K(39936K)
[288.885s][info][gc,heap        ] GC(1023) ParOldGen: 536289K(667648K)->536289K(667648K)
[288.885s][info][gc,metaspace   ] GC(1023) Metaspace: 18777K(18944K)->18777K(18944K) NonClass: 16948K(17088K)->16948K(17088K) Class: 1828K(1856K)->1828K(1856K)
[288.885s][info][gc             ] GC(1023) Pause Young (Allocation Failure) 669M->562M(800M) 27.929ms
[288.885s][info][gc,cpu         ] GC(1023) User=0.06s Sys=0.00s Real=0.03s
[289.066s][info][gc,start       ] GC(1024) Pause Young (Allocation Failure)
[289.132s][info][gc,heap        ] GC(1024) PSYoungGen: 151424K(151552K)->59488K(217088K) Eden: 111616K(111616K)->0K(113152K) From: 39808K(39936K)->59488K(103936K)
[289.132s][info][gc,heap        ] GC(1024) ParOldGen: 536289K(667648K)->536289K(667648K)
[289.132s][info][gc,metaspace   ] GC(1024) Metaspace: 18777K(18944K)->18777K(18944K) NonClass: 16948K(17088K)->16948K(17088K) Class: 1828K(1856K)->1828K(1856K)
[289.132s][info][gc             ] GC(1024) Pause Young (Allocation Failure) 671M->581M(864M) 66.088ms
[289.132s][info][gc,cpu         ] GC(1024) User=0.13s Sys=0.01s Real=0.06s
[289.304s][info][gc,start       ] GC(1025) Pause Young (Allocation Failure)
[289.358s][info][gc,heap        ] GC(1025) PSYoungGen: 172640K(217088K)->59744K(218624K) Eden: 113152K(113152K)->0K(113152K) From: 59488K(103936K)->59744K(105472K)
[289.358s][info][gc,heap        ] GC(1025) ParOldGen: 536289K(667648K)->536289K(667648K)
[289.358s][info][gc,metaspace   ] GC(1025) Metaspace: 18777K(18944K)->18777K(18944K) NonClass: 16948K(17088K)->16948K(17088K) Class: 1828K(1856K)->1828K(1856K)
[289.358s][info][gc             ] GC(1025) Pause Young (Allocation Failure) 692M->582M(865M) 54.245ms
[289.358s][info][gc,cpu         ] GC(1025) User=0.11s Sys=0.00s Real=0.05s
[289.516s][info][gc,start       ] GC(1026) Pause Young (Allocation Failure)
[289.573s][info][gc,heap        ] GC(1026) PSYoungGen: 172896K(218624K)->64697K(223232K) Eden: 113152K(113152K)->0K(116736K) From: 59744K(105472K)->64697K(106496K)
[289.573s][info][gc,heap        ] GC(1026) ParOldGen: 536289K(667648K)->536289K(667648K)
[289.573s][info][gc,metaspace   ] GC(1026) Metaspace: 18777K(18944K)->18777K(18944K) NonClass: 16948K(17088K)->16948K(17088K) Class: 1828K(1856K)->1828K(1856K)
[289.573s][info][gc             ] GC(1026) Pause Young (Allocation Failure) 692M->586M(870M) 57.341ms
[289.573s][info][gc,cpu         ] GC(1026) User=0.11s Sys=0.00s Real=0.05s
[289.624s][info][gc,start       ] GC(1027) Pause Young (Allocation Failure)
[289.707s][info][gc,heap        ] GC(1027) PSYoungGen: 181433K(223232K)->103913K(220672K) Eden: 116736K(116736K)->0K(116736K) From: 64697K(106496K)->103913K(103936K)
[289.707s][info][gc,heap        ] GC(1027) ParOldGen: 536289K(667648K)->536289K(667648K)
[289.707s][info][gc,metaspace   ] GC(1027) Metaspace: 18777K(18944K)->18777K(18944K) NonClass: 16948K(17088K)->16948K(17088K) Class: 1828K(1856K)->1828K(1856K)
[289.707s][info][gc             ] GC(1027) Pause Young (Allocation Failure) 700M->625M(867M) 83.310ms
[289.707s][info][gc,cpu         ] GC(1027) User=0.17s Sys=0.00s Real=0.08s
[289.812s][info][gc,start       ] GC(1028) Pause Young (Allocation Failure)
[289.911s][info][gc,heap        ] GC(1028) PSYoungGen: 220649K(220672K)->93033K(222720K) Eden: 116736K(116736K)->0K(111616K) From: 103913K(103936K)->93033K(111104K)
[289.911s][info][gc,heap        ] GC(1028) ParOldGen: 536289K(667648K)->576529K(667648K)
[289.911s][info][gc,metaspace   ] GC(1028) Metaspace: 18777K(18944K)->18777K(18944K) NonClass: 16948K(17088K)->16948K(17088K) Class: 1828K(1856K)->1828K(1856K)
[289.911s][info][gc             ] GC(1028) Pause Young (Allocation Failure) 739M->653M(869M) 99.584ms
[289.911s][info][gc,cpu         ] GC(1028) User=0.20s Sys=0.00s Real=0.10s
[290.007s][info][gc,start       ] GC(1029) Pause Young (Allocation Failure)
[290.078s][info][gc,heap        ] GC(1029) PSYoungGen: 204649K(222720K)->75305K(222720K) Eden: 111616K(111616K)->0K(111616K) From: 93033K(111104K)->75305K(111104K)
[290.078s][info][gc,heap        ] GC(1029) ParOldGen: 576529K(667648K)->596521K(667648K)
[290.078s][info][gc,metaspace   ] GC(1029) Metaspace: 18777K(18944K)->18777K(18944K) NonClass: 16948K(17088K)->16948K(17088K) Class: 1828K(1856K)->1828K(1856K)
[290.078s][info][gc             ] GC(1029) Pause Young (Allocation Failure) 762M->656M(869M) 71.604ms
[290.078s][info][gc,cpu         ] GC(1029) User=0.14s Sys=0.00s Real=0.07s
[290.205s][info][gc,start       ] GC(1030) Pause Young (Allocation Failure)
[290.266s][info][gc,heap        ] GC(1030) PSYoungGen: 186921K(222720K)->40864K(222720K) Eden: 111616K(111616K)->0K(111616K) From: 75305K(111104K)->40864K(111104K)
[290.266s][info][gc,heap        ] GC(1030) ParOldGen: 596521K(667648K)->641250K(667648K)
[290.266s][info][gc,metaspace   ] GC(1030) Metaspace: 18777K(18944K)->18777K(18944K) NonClass: 16948K(17088K)->16948K(17088K) Class: 1828K(1856K)->1828K(1856K)
[290.266s][info][gc             ] GC(1030) Pause Young (Allocation Failure) 765M->666M(869M) 61.380ms
[290.266s][info][gc,cpu         ] GC(1030) User=0.12s Sys=0.00s Real=0.06s
[290.395s][info][gc,start       ] GC(1031) Pause Full (Allocation Failure)
[290.395s][info][gc,phases,start] GC(1031) Marking Phase
[290.729s][info][gc,phases      ] GC(1031) Marking Phase 334.532ms
[290.730s][info][gc,phases,start] GC(1031) Summary Phase
[290.730s][info][gc,phases      ] GC(1031) Summary Phase 0.029ms
[290.730s][info][gc,phases,start] GC(1031) Forward
[290.835s][info][gc,phases      ] GC(1031) Forward 105.373ms
[290.835s][info][gc,phases,start] GC(1031) Adjust Pointers
[291.107s][info][gc,phases      ] GC(1031) Adjust Pointers 272.371ms
[291.107s][info][gc,phases,start] GC(1031) Compaction Phase
[291.264s][info][gc,phases      ] GC(1031) Compaction Phase 156.557ms
[291.277s][info][gc,phases,start] GC(1031) Post Compact
[291.280s][info][gc,phases      ] GC(1031) Post Compact 2.373ms
[291.280s][info][gc,heap        ] GC(1031) PSYoungGen: 152480K(222720K)->0K(222720K) Eden: 111616K(111616K)->0K(111616K) From: 40864K(111104K)->0K(111104K)
[291.280s][info][gc,heap        ] GC(1031) ParOldGen: 641250K(667648K)->514981K(667648K)
[291.280s][info][gc,metaspace   ] GC(1031) Metaspace: 18777K(18944K)->18777K(18944K) NonClass: 16948K(17088K)->16948K(17088K) Class: 1828K(1856K)->1828K(1856K)
[291.280s][info][gc             ] GC(1031) Pause Full (Allocation Failure) 775M->502M(869M) 884.918ms
[291.280s][info][gc,cpu         ] GC(1031) User=1.66s Sys=0.00s Real=0.88s
[291.414s][info][gc,start       ] GC(1032) Pause Young (Allocation Failure)
[291.416s][info][gc,heap        ] GC(1032) PSYoungGen: 111616K(222720K)->64K(222720K) Eden: 111616K(111616K)->0K(111616K) From: 0K(111104K)->64K(111104K)
[291.416s][info][gc,heap        ] GC(1032) ParOldGen: 514981K(667648K)->514981K(667648K)
[291.416s][info][gc,metaspace   ] GC(1032) Metaspace: 18777K(18944K)->18777K(18944K) NonClass: 16948K(17088K)->16948K(17088K) Class: 1828K(1856K)->1828K(1856K)
[291.416s][info][gc             ] GC(1032) Pause Young (Allocation Failure) 611M->502M(869M) 1.668ms
[291.416s][info][gc,cpu         ] GC(1032) User=0.01s Sys=0.00s Real=0.00s
[291.544s][info][gc,start       ] GC(1033) Pause Young (Allocation Failure)
[291.546s][info][gc,heap        ] GC(1033) PSYoungGen: 111680K(222720K)->64K(222720K) Eden: 111616K(111616K)->0K(111616K) From: 64K(111104K)->64K(111104K)
[291.546s][info][gc,heap        ] GC(1033) ParOldGen: 514981K(667648K)->514989K(667648K)
[291.546s][info][gc,metaspace   ] GC(1033) Metaspace: 18777K(18944K)->18777K(18944K) NonClass: 16948K(17088K)->16948K(17088K) Class: 1828K(1856K)->1828K(1856K)
[291.546s][info][gc             ] GC(1033) Pause Young (Allocation Failure) 611M->502M(869M) 1.715ms
[291.546s][info][gc,cpu         ] GC(1033) User=0.00s Sys=0.00s Real=0.00s
[291.673s][info][gc,start       ] GC(1034) Pause Young (Allocation Failure)
[291.675s][info][gc,heap        ] GC(1034) PSYoungGen: 111680K(222720K)->64K(222720K) Eden: 111616K(111616K)->0K(111616K) From: 64K(111104K)->64K(111104K)
[291.675s][info][gc,heap        ] GC(1034) ParOldGen: 514989K(667648K)->514989K(667648K)
[291.675s][info][gc,metaspace   ] GC(1034) Metaspace: 18777K(18944K)->18777K(18944K) NonClass: 16948K(17088K)->16948K(17088K) Class: 1828K(1856K)->1828K(1856K)
[291.675s][info][gc             ] GC(1034) Pause Young (Allocation Failure) 611M->502M(869M) 1.649ms
[291.675s][info][gc,cpu         ] GC(1034) User=0.00s Sys=0.00s Real=0.01s
[291.801s][info][gc,start       ] GC(1035) Pause Young (Allocation Failure)
[291.803s][info][gc,heap        ] GC(1035) PSYoungGen: 111680K(222720K)->64K(222720K) Eden: 111616K(111616K)->0K(111616K) From: 64K(111104K)->64K(111104K)
[291.803s][info][gc,heap        ] GC(1035) ParOldGen: 514989K(667648K)->514989K(667648K)
[291.803s][info][gc,metaspace   ] GC(1035) Metaspace: 18777K(18944K)->18777K(18944K) NonClass: 16948K(17088K)->16948K(17088K) Class: 1828K(1856K)->1828K(1856K)
[291.803s][info][gc             ] GC(1035) Pause Young (Allocation Failure) 611M->502M(869M) 1.625ms
[291.803s][info][gc,cpu         ] GC(1035) User=0.00s Sys=0.00s Real=0.00s
[291.930s][info][gc,start       ] GC(1036) Pause Young (Allocation Failure)
[291.932s][info][gc,heap        ] GC(1036) PSYoungGen: 111680K(222720K)->64K(222720K) Eden: 111616K(111616K)->0K(111616K) From: 64K(111104K)->64K(111104K)
[291.932s][info][gc,heap        ] GC(1036) ParOldGen: 514989K(667648K)->514989K(667648K)
[291.932s][info][gc,metaspace   ] GC(1036) Metaspace: 18777K(18944K)->18777K(18944K) NonClass: 16948K(17088K)->16948K(17088K) Class: 1828K(1856K)->1828K(1856K)
[291.932s][info][gc             ] GC(1036) Pause Young (Allocation Failure) 611M->502M(869M) 1.679ms
[291.932s][info][gc,cpu         ] GC(1036) User=0.00s Sys=0.00s Real=0.00s
[292.060s][info][gc,start       ] GC(1037) Pause Young (Allocation Failure)
[292.062s][info][gc,heap        ] GC(1037) PSYoungGen: 111680K(222720K)->64K(222720K) Eden: 111616K(111616K)->0K(111616K) From: 64K(111104K)->64K(111104K)
[292.062s][info][gc,heap        ] GC(1037) ParOldGen: 514989K(667648K)->514989K(667648K)
[292.062s][info][gc,metaspace   ] GC(1037) Metaspace: 18777K(18944K)->18777K(18944K) NonClass: 16948K(17088K)->16948K(17088K) Class: 1828K(1856K)->1828K(1856K)
[292.062s][info][gc             ] GC(1037) Pause Young (Allocation Failure) 611M->502M(869M) 2.453ms
[292.062s][info][gc,cpu         ] GC(1037) User=0.01s Sys=0.00s Real=0.00s
[292.189s][info][gc,start       ] GC(1038) Pause Young (Allocation Failure)
[292.191s][info][gc,heap        ] GC(1038) PSYoungGen: 111680K(222720K)->64K(222720K) Eden: 111616K(111616K)->0K(111616K) From: 64K(111104K)->64K(111104K)
[292.191s][info][gc,heap        ] GC(1038) ParOldGen: 514989K(667648K)->514989K(667648K)
[292.191s][info][gc,metaspace   ] GC(1038) Metaspace: 18777K(18944K)->18777K(18944K) NonClass: 16948K(17088K)->16948K(17088K) Class: 1828K(1856K)->1828K(1856K)
[292.191s][info][gc             ] GC(1038) Pause Young (Allocation Failure) 611M->502M(869M) 1.644ms
[292.191s][info][gc,cpu         ] GC(1038) User=0.00s Sys=0.00s Real=0.00s
[292.307s][info][gc,start       ] GC(1039) Pause Young (Allocation Failure)
[292.318s][info][gc,heap        ] GC(1039) PSYoungGen: 111680K(222720K)->8928K(120832K) Eden: 111616K(111616K)->0K(111616K) From: 64K(111104K)->8928K(9216K)
[292.318s][info][gc,heap        ] GC(1039) ParOldGen: 514989K(667648K)->514989K(667648K)
[292.318s][info][gc,metaspace   ] GC(1039) Metaspace: 18777K(18944K)->18777K(18944K) NonClass: 16948K(17088K)->16948K(17088K) Class: 1828K(1856K)->1828K(1856K)
[292.318s][info][gc             ] GC(1039) Pause Young (Allocation Failure) 611M->511M(770M) 10.988ms
[292.318s][info][gc,cpu         ] GC(1039) User=0.02s Sys=0.00s Real=0.01s
[292.412s][info][gc,start       ] GC(1040) Pause Young (Allocation Failure)
[292.436s][info][gc,heap        ] GC(1040) PSYoungGen: 120544K(120832K)->22976K(215552K) Eden: 111616K(111616K)->0K(116736K) From: 8928K(9216K)->22976K(98816K)
[292.436s][info][gc,heap        ] GC(1040) ParOldGen: 514989K(667648K)->514989K(667648K)
[292.436s][info][gc,metaspace   ] GC(1040) Metaspace: 18777K(18944K)->18777K(18944K) NonClass: 16948K(17088K)->16948K(17088K) Class: 1828K(1856K)->1828K(1856K)
[292.436s][info][gc             ] GC(1040) Pause Young (Allocation Failure) 620M->525M(862M) 24.391ms
[292.436s][info][gc,cpu         ] GC(1040) User=0.05s Sys=0.00s Real=0.03s
[292.548s][info][gc,start       ] GC(1041) Pause Young (Allocation Failure)
[292.581s][info][gc,heap        ] GC(1041) PSYoungGen: 139712K(215552K)->33760K(218624K) Eden: 116736K(116736K)->0K(116736K) From: 22976K(98816K)->33760K(101888K)
[292.581s][info][gc,heap        ] GC(1041) ParOldGen: 514989K(667648K)->514989K(667648K)
[292.581s][info][gc,metaspace   ] GC(1041) Metaspace: 18777K(18944K)->18777K(18944K) NonClass: 16948K(17088K)->16948K(17088K) Class: 1828K(1856K)->1828K(1856K)
[292.581s][info][gc             ] GC(1041) Pause Young (Allocation Failure) 639M->535M(865M) 33.373ms
[292.581s][info][gc,cpu         ] GC(1041) User=0.07s Sys=0.00s Real=0.03s
[292.648s][info][gc,start       ] GC(1042) Pause Young (Allocation Failure)
[292.685s][info][gc,heap        ] GC(1042) PSYoungGen: 150496K(218624K)->37888K(219136K) Eden: 116736K(116736K)->0K(124928K) From: 33760K(101888K)->37888K(94208K)
[292.685s][info][gc,heap        ] GC(1042) ParOldGen: 514989K(667648K)->514989K(667648K)
[292.685s][info][gc,metaspace   ] GC(1042) Metaspace: 18777K(18944K)->18777K(18944K) NonClass: 16948K(17088K)->16948K(17088K) Class: 1828K(1856K)->1828K(1856K)
[292.685s][info][gc             ] GC(1042) Pause Young (Allocation Failure) 649M->539M(866M) 36.744ms
[292.685s][info][gc,cpu         ] GC(1042) User=0.07s Sys=0.00s Real=0.04s
[292.790s][info][gc,start       ] GC(1043) Pause Young (Allocation Failure)
[292.829s][info][gc,heap        ] GC(1043) PSYoungGen: 162816K(219136K)->39136K(220160K) Eden: 124928K(124928K)->0K(124928K) From: 37888K(94208K)->39136K(95232K)
[292.829s][info][gc,heap        ] GC(1043) ParOldGen: 514989K(667648K)->514989K(667648K)
[292.829s][info][gc,metaspace   ] GC(1043) Metaspace: 18777K(18944K)->18777K(18944K) NonClass: 16948K(17088K)->16948K(17088K) Class: 1828K(1856K)->1828K(1856K)
[292.829s][info][gc             ] GC(1043) Pause Young (Allocation Failure) 661M->541M(867M) 38.488ms
[292.829s][info][gc,cpu         ] GC(1043) User=0.08s Sys=0.00s Real=0.04s
[292.938s][info][gc,start       ] GC(1044) Pause Young (Allocation Failure)
[292.979s][info][gc,heap        ] GC(1044) PSYoungGen: 164064K(220160K)->42848K(226304K) Eden: 124928K(124928K)->0K(134656K) From: 39136K(95232K)->42848K(91648K)
[292.979s][info][gc,heap        ] GC(1044) ParOldGen: 514989K(667648K)->514989K(667648K)
[292.979s][info][gc,metaspace   ] GC(1044) Metaspace: 18777K(18944K)->18777K(18944K) NonClass: 16948K(17088K)->16948K(17088K) Class: 1828K(1856K)->1828K(1856K)
[292.979s][info][gc             ] GC(1044) Pause Young (Allocation Failure) 663M->544M(873M) 40.907ms
[292.979s][info][gc,cpu         ] GC(1044) User=0.08s Sys=0.00s Real=0.04s
[293.078s][info][gc,start       ] GC(1045) Pause Young (Allocation Failure)
[293.119s][info][gc,heap        ] GC(1045) PSYoungGen: 177504K(226304K)->42912K(226816K) Eden: 134656K(134656K)->0K(134656K) From: 42848K(91648K)->42912K(92160K)
[293.119s][info][gc,heap        ] GC(1045) ParOldGen: 514989K(667648K)->514989K(667648K)
[293.119s][info][gc,metaspace   ] GC(1045) Metaspace: 18777K(18944K)->18777K(18944K) NonClass: 16948K(17088K)->16948K(17088K) Class: 1828K(1856K)->1828K(1856K)
[293.119s][info][gc             ] GC(1045) Pause Young (Allocation Failure) 676M->544M(873M) 41.602ms
[293.119s][info][gc,cpu         ] GC(1045) User=0.08s Sys=0.00s Real=0.04s
[293.221s][info][gc,start       ] GC(1046) Pause Young (Allocation Failure)
[293.281s][info][gc,heap        ] GC(1046) PSYoungGen: 177568K(226816K)->62848K(230400K) Eden: 134656K(134656K)->0K(139776K) From: 42912K(92160K)->62848K(90624K)
[293.281s][info][gc,heap        ] GC(1046) ParOldGen: 514989K(667648K)->514989K(667648K)
[293.281s][info][gc,metaspace   ] GC(1046) Metaspace: 18777K(18944K)->18777K(18944K) NonClass: 16948K(17088K)->16948K(17088K) Class: 1828K(1856K)->1828K(1856K)
[293.281s][info][gc             ] GC(1046) Pause Young (Allocation Failure) 676M->564M(877M) 60.633ms
[293.281s][info][gc,cpu         ] GC(1046) User=0.12s Sys=0.00s Real=0.06s
[293.399s][info][gc,start       ] GC(1047) Pause Young (Allocation Failure)
[293.482s][info][gc,heap        ] GC(1047) PSYoungGen: 202624K(230400K)->89376K(229376K) Eden: 139776K(139776K)->0K(139776K) From: 62848K(90624K)->89376K(89600K)
[293.483s][info][gc,heap        ] GC(1047) ParOldGen: 514989K(667648K)->514989K(667648K)
[293.483s][info][gc,metaspace   ] GC(1047) Metaspace: 18777K(18944K)->18777K(18944K) NonClass: 16948K(17088K)->16948K(17088K) Class: 1828K(1856K)->1828K(1856K)
[293.483s][info][gc             ] GC(1047) Pause Young (Allocation Failure) 700M->590M(876M) 83.395ms
[293.483s][info][gc,cpu         ] GC(1047) User=0.16s Sys=0.00s Real=0.08s
[293.582s][info][gc,start       ] GC(1048) Pause Young (Allocation Failure)
[293.690s][info][gc,heap        ] GC(1048) PSYoungGen: 229152K(229376K)->104448K(216064K) Eden: 139776K(139776K)->0K(111616K) From: 89376K(89600K)->104448K(104448K)
[293.690s][info][gc,heap        ] GC(1048) ParOldGen: 514989K(667648K)->516190K(667648K)
[293.690s][info][gc,metaspace   ] GC(1048) Metaspace: 18777K(18944K)->18777K(18944K) NonClass: 16948K(17088K)->16948K(17088K) Class: 1828K(1856K)->1828K(1856K)
[293.690s][info][gc             ] GC(1048) Pause Young (Allocation Failure) 726M->606M(863M) 107.971ms
[293.690s][info][gc,cpu         ] GC(1048) User=0.21s Sys=0.01s Real=0.11s
[293.777s][info][gc,start       ] GC(1049) Pause Young (Allocation Failure)
[293.874s][info][gc,heap        ] GC(1049) PSYoungGen: 216064K(216064K)->83168K(222720K) Eden: 111616K(111616K)->0K(111616K) From: 104448K(104448K)->83168K(111104K)
[293.874s][info][gc,heap        ] GC(1049) ParOldGen: 516190K(667648K)->539086K(667648K)
[293.874s][info][gc,metaspace   ] GC(1049) Metaspace: 18777K(18944K)->18777K(18944K) NonClass: 16948K(17088K)->16948K(17088K) Class: 1828K(1856K)->1828K(1856K)
[293.874s][info][gc             ] GC(1049) Pause Young (Allocation Failure) 715M->607M(869M) 97.321ms
[293.874s][info][gc,cpu         ] GC(1049) User=0.19s Sys=0.00s Real=0.10s
[294.011s][info][gc,start       ] GC(1050) Pause Young (Allocation Failure)
[294.102s][info][gc,heap        ] GC(1050) PSYoungGen: 194784K(222720K)->71968K(222720K) Eden: 111616K(111616K)->0K(111616K) From: 83168K(111104K)->71968K(111104K)
[294.103s][info][gc,heap        ] GC(1050) ParOldGen: 539086K(667648K)->554038K(667648K)
[294.103s][info][gc,metaspace   ] GC(1050) Metaspace: 18777K(18944K)->18777K(18944K) NonClass: 16948K(17088K)->16948K(17088K) Class: 1828K(1856K)->1828K(1856K)
[294.103s][info][gc             ] GC(1050) Pause Young (Allocation Failure) 716M->611M(869M) 91.127ms
[294.103s][info][gc,cpu         ] GC(1050) User=0.18s Sys=0.00s Real=0.09s
[294.222s][info][gc,start       ] GC(1051) Pause Young (Allocation Failure)
[294.289s][info][gc,heap        ] GC(1051) PSYoungGen: 183584K(222720K)->67168K(222720K) Eden: 111616K(111616K)->0K(111616K) From: 71968K(111104K)->67168K(111104K)
[294.290s][info][gc,heap        ] GC(1051) ParOldGen: 554038K(667648K)->558966K(667648K)
[294.290s][info][gc,metaspace   ] GC(1051) Metaspace: 18777K(18944K)->18777K(18944K) NonClass: 16948K(17088K)->16948K(17088K) Class: 1828K(1856K)->1828K(1856K)
[294.290s][info][gc             ] GC(1051) Pause Young (Allocation Failure) 720M->611M(869M) 68.075ms
[294.290s][info][gc,cpu         ] GC(1051) User=0.13s Sys=0.00s Real=0.07s
[294.408s][info][gc,start       ] GC(1052) Pause Young (Allocation Failure)
[294.479s][info][gc,heap        ] GC(1052) PSYoungGen: 178784K(222720K)->56096K(222720K) Eden: 111616K(111616K)->0K(111616K) From: 67168K(111104K)->56096K(111104K)
[294.479s][info][gc,heap        ] GC(1052) ParOldGen: 558966K(667648K)->578982K(667648K)
[294.479s][info][gc,metaspace   ] GC(1052) Metaspace: 18777K(18944K)->18777K(18944K) NonClass: 16948K(17088K)->16948K(17088K) Class: 1828K(1856K)->1828K(1856K)
[294.479s][info][gc             ] GC(1052) Pause Young (Allocation Failure) 720M->620M(869M) 71.182ms
[294.479s][info][gc,cpu         ] GC(1052) User=0.14s Sys=0.00s Real=0.07s
[294.614s][info][gc,start       ] GC(1053) Pause Young (Allocation Failure)
[294.683s][info][gc,heap        ] GC(1053) PSYoungGen: 167712K(222720K)->30496K(222720K) Eden: 111616K(111616K)->0K(111616K) From: 56096K(111104K)->30496K(111104K)
[294.684s][info][gc,heap        ] GC(1053) ParOldGen: 578982K(667648K)->621030K(667648K)
[294.684s][info][gc,metaspace   ] GC(1053) Metaspace: 18777K(18944K)->18777K(18944K) NonClass: 16948K(17088K)->16948K(17088K) Class: 1828K(1856K)->1828K(1856K)
[294.684s][info][gc             ] GC(1053) Pause Young (Allocation Failure) 729M->636M(869M) 69.895ms
[294.684s][info][gc,cpu         ] GC(1053) User=0.14s Sys=0.00s Real=0.07s
[295.013s][info][gc,start       ] GC(1054) Pause Full (Allocation Failure)
[295.013s][info][gc,phases,start] GC(1054) Marking Phase
[295.464s][info][gc,phases      ] GC(1054) Marking Phase 450.869ms
[295.464s][info][gc,phases,start] GC(1054) Summary Phase
[295.464s][info][gc,phases      ] GC(1054) Summary Phase 0.027ms
[295.464s][info][gc,phases,start] GC(1054) Forward
[295.491s][info][gc,phases      ] GC(1054) Forward 27.253ms
[295.491s][info][gc,phases,start] GC(1054) Adjust Pointers
[295.804s][info][gc,phases      ] GC(1054) Adjust Pointers 312.434ms
[295.804s][info][gc,phases,start] GC(1054) Compaction Phase
[295.950s][info][gc,phases      ] GC(1054) Compaction Phase 145.591ms
[295.950s][info][gc,phases,start] GC(1054) Post Compact
[295.952s][info][gc,phases      ] GC(1054) Post Compact 2.264ms
[295.952s][info][gc,heap        ] GC(1054) PSYoungGen: 142112K(222720K)->0K(222720K) Eden: 111616K(111616K)->0K(111616K) From: 30496K(111104K)->0K(111104K)
[295.952s][info][gc,heap        ] GC(1054) ParOldGen: 621030K(667648K)->651031K(667648K)
[295.952s][info][gc,metaspace   ] GC(1054) Metaspace: 18777K(18944K)->18777K(18944K) NonClass: 16948K(17088K)->16948K(17088K) Class: 1828K(1856K)->1828K(1856K)
[295.952s][info][gc             ] GC(1054) Pause Full (Allocation Failure) 745M->635M(869M) 938.914ms
[295.952s][info][gc,cpu         ] GC(1054) User=1.84s Sys=0.00s Real=0.94s
[296.224s][info][gc,start       ] GC(1055) Pause Full (Allocation Failure)
[296.224s][info][gc,phases,start] GC(1055) Marking Phase
[296.670s][info][gc,phases      ] GC(1055) Marking Phase 446.784ms
[296.670s][info][gc,phases,start] GC(1055) Summary Phase
[296.671s][info][gc,phases      ] GC(1055) Summary Phase 0.026ms
[296.671s][info][gc,phases,start] GC(1055) Forward
[296.671s][info][gc,phases      ] GC(1055) Forward 0.431ms
[296.671s][info][gc,phases,start] GC(1055) Adjust Pointers
[296.975s][info][gc,phases      ] GC(1055) Adjust Pointers 303.602ms
[296.975s][info][gc,phases,start] GC(1055) Compaction Phase
[297.101s][info][gc,phases      ] GC(1055) Compaction Phase 126.278ms
[297.101s][info][gc,phases,start] GC(1055) Post Compact
[297.103s][info][gc,phases      ] GC(1055) Post Compact 2.240ms
[297.103s][info][gc,heap        ] GC(1055) PSYoungGen: 111616K(222720K)->0K(222720K) Eden: 111616K(111616K)->0K(111616K) From: 0K(111104K)->0K(111104K)
[297.103s][info][gc,heap        ] GC(1055) ParOldGen: 651031K(667648K)->651087K(667648K)
[297.103s][info][gc,metaspace   ] GC(1055) Metaspace: 18777K(18944K)->18777K(18944K) NonClass: 16948K(17088K)->16948K(17088K) Class: 1828K(1856K)->1828K(1856K)
[297.103s][info][gc             ] GC(1055) Pause Full (Allocation Failure) 744M->635M(869M) 879.784ms
[297.103s][info][gc,cpu         ] GC(1055) User=1.72s Sys=0.00s Real=0.87s
[297.400s][info][gc,start       ] GC(1056) Pause Full (Allocation Failure)
[297.400s][info][gc,phases,start] GC(1056) Marking Phase
[297.860s][info][gc,phases      ] GC(1056) Marking Phase 459.779ms
[297.860s][info][gc,phases,start] GC(1056) Summary Phase
[297.860s][info][gc,phases      ] GC(1056) Summary Phase 0.025ms
[297.860s][info][gc,phases,start] GC(1056) Forward
[297.860s][info][gc,phases      ] GC(1056) Forward 0.455ms
[297.860s][info][gc,phases,start] GC(1056) Adjust Pointers
[298.172s][info][gc,phases      ] GC(1056) Adjust Pointers 311.440ms
[298.172s][info][gc,phases,start] GC(1056) Compaction Phase
[298.299s][info][gc,phases      ] GC(1056) Compaction Phase 127.177ms
[298.299s][info][gc,phases,start] GC(1056) Post Compact
[298.301s][info][gc,phases      ] GC(1056) Post Compact 2.275ms
[298.301s][info][gc,heap        ] GC(1056) PSYoungGen: 111616K(222720K)->0K(222720K) Eden: 111616K(111616K)->0K(111616K) From: 0K(111104K)->0K(111104K)
[298.301s][info][gc,heap        ] GC(1056) ParOldGen: 651087K(667648K)->651097K(667648K)
[298.301s][info][gc,metaspace   ] GC(1056) Metaspace: 18777K(18944K)->18777K(18944K) NonClass: 16948K(17088K)->16948K(17088K) Class: 1828K(1856K)->1828K(1856K)
[298.301s][info][gc             ] GC(1056) Pause Full (Allocation Failure) 744M->635M(869M) 901.556ms
[298.301s][info][gc,cpu         ] GC(1056) User=1.76s Sys=0.00s Real=0.90s
[298.572s][info][gc,start       ] GC(1057) Pause Full (Allocation Failure)
[298.572s][info][gc,phases,start] GC(1057) Marking Phase
[299.028s][info][gc,phases      ] GC(1057) Marking Phase 455.318ms
[299.028s][info][gc,phases,start] GC(1057) Summary Phase
[299.028s][info][gc,phases      ] GC(1057) Summary Phase 0.027ms
[299.028s][info][gc,phases,start] GC(1057) Forward
[299.028s][info][gc,phases      ] GC(1057) Forward 0.360ms
[299.028s][info][gc,phases,start] GC(1057) Adjust Pointers
[299.344s][info][gc,phases      ] GC(1057) Adjust Pointers 315.698ms
[299.344s][info][gc,phases,start] GC(1057) Compaction Phase
[299.471s][info][gc,phases      ] GC(1057) Compaction Phase 127.076ms
[299.471s][info][gc,phases,start] GC(1057) Post Compact
[299.473s][info][gc,phases      ] GC(1057) Post Compact 2.266ms
[299.473s][info][gc,heap        ] GC(1057) PSYoungGen: 111616K(222720K)->0K(222720K) Eden: 111616K(111616K)->0K(111616K) From: 0K(111104K)->0K(111104K)
[299.473s][info][gc,heap        ] GC(1057) ParOldGen: 651097K(667648K)->651100K(667648K)
[299.473s][info][gc,metaspace   ] GC(1057) Metaspace: 18777K(18944K)->18777K(18944K) NonClass: 16948K(17088K)->16948K(17088K) Class: 1828K(1856K)->1828K(1856K)
[299.473s][info][gc             ] GC(1057) Pause Full (Allocation Failure) 744M->635M(869M) 901.149ms
[299.473s][info][gc,cpu         ] GC(1057) User=1.76s Sys=0.00s Real=0.90s
[299.744s][info][gc,start       ] GC(1058) Pause Full (Allocation Failure)
[299.744s][info][gc,phases,start] GC(1058) Marking Phase
[300.200s][info][gc,phases      ] GC(1058) Marking Phase 455.712ms
[300.200s][info][gc,phases,start] GC(1058) Summary Phase
[300.200s][info][gc,phases      ] GC(1058) Summary Phase 0.027ms
[300.200s][info][gc,phases,start] GC(1058) Forward
[300.200s][info][gc,phases      ] GC(1058) Forward 0.347ms
[300.200s][info][gc,phases,start] GC(1058) Adjust Pointers
[300.507s][info][gc,phases      ] GC(1058) Adjust Pointers 306.484ms
[300.507s][info][gc,phases,start] GC(1058) Compaction Phase
[300.633s][info][gc,phases      ] GC(1058) Compaction Phase 126.421ms
[300.633s][info][gc,phases,start] GC(1058) Post Compact
[300.636s][info][gc,phases      ] GC(1058) Post Compact 2.254ms
[300.636s][info][gc,heap        ] GC(1058) PSYoungGen: 111616K(222720K)->0K(222720K) Eden: 111616K(111616K)->0K(111616K) From: 0K(111104K)->0K(111104K)
[300.636s][info][gc,heap        ] GC(1058) ParOldGen: 651100K(667648K)->651102K(667648K)
[300.636s][info][gc,metaspace   ] GC(1058) Metaspace: 18777K(18944K)->18777K(18944K) NonClass: 16948K(17088K)->16948K(17088K) Class: 1828K(1856K)->1828K(1856K)
[300.636s][info][gc             ] GC(1058) Pause Full (Allocation Failure) 744M->635M(869M) 891.688ms
[300.636s][info][gc,cpu         ] GC(1058) User=1.75s Sys=0.00s Real=0.89s
[300.902s][info][gc,start       ] GC(1059) Pause Full (Allocation Failure)
[300.902s][info][gc,phases,start] GC(1059) Marking Phase
[301.357s][info][gc,phases      ] GC(1059) Marking Phase 454.707ms
[301.357s][info][gc,phases,start] GC(1059) Summary Phase
[301.357s][info][gc,phases      ] GC(1059) Summary Phase 0.026ms
[301.357s][info][gc,phases,start] GC(1059) Forward
[301.357s][info][gc,phases      ] GC(1059) Forward 0.640ms
[301.357s][info][gc,phases,start] GC(1059) Adjust Pointers
[301.665s][info][gc,phases      ] GC(1059) Adjust Pointers 307.784ms
[301.665s][info][gc,phases,start] GC(1059) Compaction Phase
[301.792s][info][gc,phases      ] GC(1059) Compaction Phase 126.436ms
[301.792s][info][gc,phases,start] GC(1059) Post Compact
[301.794s][info][gc,phases      ] GC(1059) Post Compact 2.257ms
[301.794s][info][gc,heap        ] GC(1059) PSYoungGen: 111616K(222720K)->0K(222720K) Eden: 111616K(111616K)->0K(111616K) From: 0K(111104K)->0K(111104K)
[301.794s][info][gc,heap        ] GC(1059) ParOldGen: 651102K(667648K)->651394K(667648K)
[301.794s][info][gc,metaspace   ] GC(1059) Metaspace: 18777K(18944K)->18777K(18944K) NonClass: 16948K(17088K)->16948K(17088K) Class: 1828K(1856K)->1828K(1856K)
[301.794s][info][gc             ] GC(1059) Pause Full (Allocation Failure) 744M->636M(869M) 892.256ms
[301.794s][info][gc,cpu         ] GC(1059) User=1.75s Sys=0.00s Real=0.90s
[302.078s][info][gc,start       ] GC(1060) Pause Full (Allocation Failure)
[302.078s][info][gc,phases,start] GC(1060) Marking Phase
[302.464s][info][gc,phases      ] GC(1060) Marking Phase 385.875ms
[302.464s][info][gc,phases,start] GC(1060) Summary Phase
[302.464s][info][gc,phases      ] GC(1060) Summary Phase 0.026ms
[302.464s][info][gc,phases,start] GC(1060) Forward
[302.546s][info][gc,phases      ] GC(1060) Forward 81.683ms
[302.546s][info][gc,phases,start] GC(1060) Adjust Pointers
[302.838s][info][gc,phases      ] GC(1060) Adjust Pointers 291.423ms
[302.838s][info][gc,phases,start] GC(1060) Compaction Phase
[302.976s][info][gc,phases      ] GC(1060) Compaction Phase 137.928ms
[302.982s][info][gc,phases,start] GC(1060) Post Compact
[302.984s][info][gc,phases      ] GC(1060) Post Compact 2.285ms
[302.984s][info][gc,heap        ] GC(1060) PSYoungGen: 111616K(222720K)->0K(222720K) Eden: 111616K(111616K)->0K(111616K) From: 0K(111104K)->0K(111104K)
[302.984s][info][gc,heap        ] GC(1060) ParOldGen: 651394K(667648K)->556208K(667648K)
[302.984s][info][gc,metaspace   ] GC(1060) Metaspace: 18777K(18944K)->18777K(18944K) NonClass: 16948K(17088K)->16948K(17088K) Class: 1828K(1856K)->1828K(1856K)
[302.984s][info][gc             ] GC(1060) Pause Full (Allocation Failure) 745M->543M(869M) 905.896ms
[302.984s][info][gc,cpu         ] GC(1060) User=1.73s Sys=0.01s Real=0.91s
[303.221s][info][gc,start       ] GC(1061) Pause Young (Allocation Failure)
[303.225s][info][gc,heap        ] GC(1061) PSYoungGen: 111616K(222720K)->2368K(222720K) Eden: 111616K(111616K)->0K(111616K) From: 0K(111104K)->2368K(111104K)
[303.225s][info][gc,heap        ] GC(1061) ParOldGen: 556208K(667648K)->556208K(667648K)
[303.225s][info][gc,metaspace   ] GC(1061) Metaspace: 18777K(18944K)->18777K(18944K) NonClass: 16948K(17088K)->16948K(17088K) Class: 1828K(1856K)->1828K(1856K)
[303.225s][info][gc             ] GC(1061) Pause Young (Allocation Failure) 652M->545M(869M) 3.996ms
[303.225s][info][gc,cpu         ] GC(1061) User=0.01s Sys=0.00s Real=0.01s
[303.352s][info][gc,start       ] GC(1062) Pause Young (Allocation Failure)
[303.375s][info][gc,heap        ] GC(1062) PSYoungGen: 113984K(222720K)->29040K(222720K) Eden: 111616K(111616K)->0K(111616K) From: 2368K(111104K)->29040K(111104K)
[303.375s][info][gc,heap        ] GC(1062) ParOldGen: 556208K(667648K)->556208K(667648K)
[303.375s][info][gc,metaspace   ] GC(1062) Metaspace: 18777K(18944K)->18777K(18944K) NonClass: 16948K(17088K)->16948K(17088K) Class: 1828K(1856K)->1828K(1856K)
[303.375s][info][gc             ] GC(1062) Pause Young (Allocation Failure) 654M->571M(869M) 22.379ms
[303.375s][info][gc,cpu         ] GC(1062) User=0.04s Sys=0.00s Real=0.03s
[303.426s][info][gc,start       ] GC(1063) Pause Young (Allocation Failure)
[303.471s][info][gc,heap        ] GC(1063) PSYoungGen: 140656K(222720K)->65920K(222720K) Eden: 111616K(111616K)->0K(111616K) From: 29040K(111104K)->65920K(111104K)
[303.471s][info][gc,heap        ] GC(1063) ParOldGen: 556208K(667648K)->558544K(667648K)
[303.471s][info][gc,metaspace   ] GC(1063) Metaspace: 18777K(18944K)->18777K(18944K) NonClass: 16948K(17088K)->16948K(17088K) Class: 1828K(1856K)->1828K(1856K)
[303.471s][info][gc             ] GC(1063) Pause Young (Allocation Failure) 680M->609M(869M) 44.823ms
[303.471s][info][gc,cpu         ] GC(1063) User=0.09s Sys=0.00s Real=0.04s
[303.648s][info][gc,start       ] GC(1064) Pause Young (Allocation Failure)
[303.696s][info][gc,heap        ] GC(1064) PSYoungGen: 177536K(222720K)->9280K(222720K) Eden: 111616K(111616K)->0K(111616K) From: 65920K(111104K)->9280K(111104K)
[303.696s][info][gc,heap        ] GC(1064) ParOldGen: 558544K(667648K)->625200K(667648K)
[303.696s][info][gc,metaspace   ] GC(1064) Metaspace: 18777K(18944K)->18777K(18944K) NonClass: 16948K(17088K)->16948K(17088K) Class: 1828K(1856K)->1828K(1856K)
[303.696s][info][gc             ] GC(1064) Pause Young (Allocation Failure) 718M->619M(869M) 47.771ms
[303.696s][info][gc,cpu         ] GC(1064) User=0.10s Sys=0.00s Real=0.05s
[303.868s][info][gc,start       ] GC(1065) Pause Full (Allocation Failure)
[303.868s][info][gc,phases,start] GC(1065) Marking Phase
[304.074s][info][gc,phases      ] GC(1065) Marking Phase 205.323ms
[304.074s][info][gc,phases,start] GC(1065) Summary Phase
[304.074s][info][gc,phases      ] GC(1065) Summary Phase 0.027ms
[304.074s][info][gc,phases,start] GC(1065) Forward
[304.156s][info][gc,phases      ] GC(1065) Forward 82.581ms
[304.156s][info][gc,phases,start] GC(1065) Adjust Pointers
[304.316s][info][gc,phases      ] GC(1065) Adjust Pointers 159.817ms
[304.316s][info][gc,phases,start] GC(1065) Compaction Phase
[304.408s][info][gc,phases      ] GC(1065) Compaction Phase 91.621ms
[304.418s][info][gc,phases,start] GC(1065) Post Compact
[304.420s][info][gc,phases      ] GC(1065) Post Compact 2.299ms
[304.425s][info][gc,heap        ] GC(1065) PSYoungGen: 120896K(222720K)->0K(222720K) Eden: 111616K(111616K)->0K(111616K) From: 9280K(111104K)->0K(111104K)
[304.425s][info][gc,heap        ] GC(1065) ParOldGen: 625200K(667648K)->312549K(608768K)
[304.425s][info][gc,metaspace   ] GC(1065) Metaspace: 18777K(18944K)->18777K(18944K) NonClass: 16948K(17088K)->16948K(17088K) Class: 1828K(1856K)->1828K(1856K)
[304.425s][info][gc             ] GC(1065) Pause Full (Allocation Failure) 728M->305M(812M) 557.039ms
[304.425s][info][gc,cpu         ] GC(1065) User=1.00s Sys=0.01s Real=0.56s
[304.550s][info][gc,start       ] GC(1066) Pause Young (Allocation Failure)
[304.559s][info][gc,heap        ] GC(1066) PSYoungGen: 111616K(222720K)->6368K(222720K) Eden: 111616K(111616K)->0K(111616K) From: 0K(111104K)->6368K(111104K)
[304.559s][info][gc,heap        ] GC(1066) ParOldGen: 312549K(608768K)->312549K(608768K)
[304.559s][info][gc,metaspace   ] GC(1066) Metaspace: 18777K(18944K)->18777K(18944K) NonClass: 16948K(17088K)->16948K(17088K) Class: 1828K(1856K)->1828K(1856K)
[304.559s][info][gc             ] GC(1066) Pause Young (Allocation Failure) 414M->311M(812M) 9.606ms
[304.559s][info][gc,cpu         ] GC(1066) User=0.02s Sys=0.00s Real=0.01s
[304.646s][info][gc,start       ] GC(1067) Pause Young (Allocation Failure)
[304.674s][info][gc,heap        ] GC(1067) PSYoungGen: 117984K(222720K)->27936K(222720K) Eden: 111616K(111616K)->0K(111616K) From: 6368K(111104K)->27936K(111104K)
[304.674s][info][gc,heap        ] GC(1067) ParOldGen: 312549K(608768K)->318917K(608768K)
[304.674s][info][gc,metaspace   ] GC(1067) Metaspace: 18777K(18944K)->18777K(18944K) NonClass: 16948K(17088K)->16948K(17088K) Class: 1828K(1856K)->1828K(1856K)
[304.674s][info][gc             ] GC(1067) Pause Young (Allocation Failure) 420M->338M(812M) 27.599ms
[304.674s][info][gc,cpu         ] GC(1067) User=0.06s Sys=0.00s Real=0.03s
[304.723s][info][gc,start       ] GC(1068) Pause Young (Allocation Failure)
[304.763s][info][gc,heap        ] GC(1068) PSYoungGen: 139552K(222720K)->64688K(222720K) Eden: 111616K(111616K)->0K(111616K) From: 27936K(111104K)->64688K(111104K)
[304.763s][info][gc,heap        ] GC(1068) ParOldGen: 318917K(608768K)->318917K(608768K)
[304.763s][info][gc,metaspace   ] GC(1068) Metaspace: 18777K(18944K)->18777K(18944K) NonClass: 16948K(17088K)->16948K(17088K) Class: 1828K(1856K)->1828K(1856K)
[304.763s][info][gc             ] GC(1068) Pause Young (Allocation Failure) 447M->374M(812M) 40.265ms
[304.763s][info][gc,cpu         ] GC(1068) User=0.08s Sys=0.00s Real=0.04s
[304.872s][info][gc,start       ] GC(1069) Pause Young (Allocation Failure)
[304.922s][info][gc,heap        ] GC(1069) PSYoungGen: 176304K(222720K)->17312K(129024K) Eden: 111616K(111616K)->0K(111616K) From: 64688K(111104K)->17312K(17408K)
[304.922s][info][gc,heap        ] GC(1069) ParOldGen: 318917K(608768K)->384533K(608768K)
[304.922s][info][gc,metaspace   ] GC(1069) Metaspace: 18777K(18944K)->18777K(18944K) NonClass: 16948K(17088K)->16948K(17088K) Class: 1828K(1856K)->1828K(1856K)
[304.923s][info][gc             ] GC(1069) Pause Young (Allocation Failure) 483M->392M(720M) 50.332ms
[304.923s][info][gc,cpu         ] GC(1069) User=0.10s Sys=0.00s Real=0.05s
[305.029s][info][gc,start       ] GC(1070) Pause Young (Allocation Failure)
[305.041s][info][gc,heap        ] GC(1070) PSYoungGen: 128928K(129024K)->17376K(224768K) Eden: 111616K(111616K)->0K(115200K) From: 17312K(17408K)->17376K(109568K)
[305.041s][info][gc,heap        ] GC(1070) ParOldGen: 384533K(608768K)->384533K(608768K)
[305.041s][info][gc,metaspace   ] GC(1070) Metaspace: 18777K(18944K)->18777K(18944K) NonClass: 16948K(17088K)->16948K(17088K) Class: 1828K(1856K)->1828K(1856K)
[305.041s][info][gc             ] GC(1070) Pause Young (Allocation Failure) 501M->392M(814M) 12.493ms
[305.041s][info][gc,cpu         ] GC(1070) User=0.02s Sys=0.00s Real=0.01s
[305.150s][info][gc,start       ] GC(1071) Pause Young (Allocation Failure)
[305.163s][info][gc,heap        ] GC(1071) PSYoungGen: 132576K(224768K)->17472K(133120K) Eden: 115200K(115200K)->0K(115200K) From: 17376K(109568K)->17472K(17920K)
[305.163s][info][gc,heap        ] GC(1071) ParOldGen: 384533K(608768K)->384533K(608768K)
[305.163s][info][gc,metaspace   ] GC(1071) Metaspace: 18777K(18944K)->18777K(18944K) NonClass: 16948K(17088K)->16948K(17088K) Class: 1828K(1856K)->1828K(1856K)
[305.163s][info][gc             ] GC(1071) Pause Young (Allocation Failure) 504M->392M(724M) 13.343ms
[305.163s][info][gc,cpu         ] GC(1071) User=0.02s Sys=0.00s Real=0.01s
[305.270s][info][gc,start       ] GC(1072) Pause Young (Allocation Failure)
[305.284s][info][gc,heap        ] GC(1072) PSYoungGen: 132672K(133120K)->17568K(218624K) Eden: 115200K(115200K)->0K(120832K) From: 17472K(17920K)->17568K(97792K)
[305.284s][info][gc,heap        ] GC(1072) ParOldGen: 384533K(608768K)->384533K(608768K)
[305.284s][info][gc,metaspace   ] GC(1072) Metaspace: 18777K(18944K)->18777K(18944K) NonClass: 16948K(17088K)->16948K(17088K) Class: 1828K(1856K)->1828K(1856K)
[305.284s][info][gc             ] GC(1072) Pause Young (Allocation Failure) 505M->392M(808M) 13.699ms
[305.284s][info][gc,cpu         ] GC(1072) User=0.03s Sys=0.00s Real=0.02s
[305.397s][info][gc,start       ] GC(1073) Pause Young (Allocation Failure)
[305.411s][info][gc,heap        ] GC(1073) PSYoungGen: 138400K(218624K)->17664K(219648K) Eden: 120832K(120832K)->0K(120832K) From: 17568K(97792K)->17664K(98816K)
[305.411s][info][gc,heap        ] GC(1073) ParOldGen: 384533K(608768K)->384533K(608768K)
[305.411s][info][gc,metaspace   ] GC(1073) Metaspace: 18777K(18944K)->18777K(18944K) NonClass: 16948K(17088K)->16948K(17088K) Class: 1828K(1856K)->1828K(1856K)
[305.411s][info][gc             ] GC(1073) Pause Young (Allocation Failure) 510M->392M(809M) 13.806ms
[305.411s][info][gc,cpu         ] GC(1073) User=0.03s Sys=0.00s Real=0.01s
[305.526s][info][gc,start       ] GC(1074) Pause Young (Allocation Failure)
[305.541s][info][gc,heap        ] GC(1074) PSYoungGen: 138496K(219648K)->17760K(212480K) Eden: 120832K(120832K)->0K(125952K) From: 17664K(98816K)->17760K(86528K)
[305.541s][info][gc,heap        ] GC(1074) ParOldGen: 384533K(608768K)->384533K(608768K)
[305.541s][info][gc,metaspace   ] GC(1074) Metaspace: 18777K(18944K)->18777K(18944K) NonClass: 16948K(17088K)->16948K(17088K) Class: 1828K(1856K)->1828K(1856K)
[305.541s][info][gc             ] GC(1074) Pause Young (Allocation Failure) 510M->392M(802M) 15.271ms
[305.541s][info][gc,cpu         ] GC(1074) User=0.03s Sys=0.00s Real=0.01s
[305.664s][info][gc,start       ] GC(1075) Pause Young (Allocation Failure)
[305.679s][info][gc,heap        ] GC(1075) PSYoungGen: 143712K(212480K)->17824K(217088K) Eden: 125952K(125952K)->0K(125952K) From: 17760K(86528K)->17824K(91136K)
[305.679s][info][gc,heap        ] GC(1075) ParOldGen: 384533K(608768K)->384533K(608768K)
[305.679s][info][gc,metaspace   ] GC(1075) Metaspace: 18777K(18944K)->18777K(18944K) NonClass: 16948K(17088K)->16948K(17088K) Class: 1828K(1856K)->1828K(1856K)
[305.679s][info][gc             ] GC(1075) Pause Young (Allocation Failure) 515M->392M(806M) 14.731ms
[305.679s][info][gc,cpu         ] GC(1075) User=0.03s Sys=0.00s Real=0.01s
[305.797s][info][gc,start       ] GC(1076) Pause Young (Allocation Failure)
[305.812s][info][gc,heap        ] GC(1076) PSYoungGen: 143776K(217088K)->17920K(208896K) Eden: 125952K(125952K)->0K(130560K) From: 17824K(91136K)->17920K(78336K)
[305.812s][info][gc,heap        ] GC(1076) ParOldGen: 384533K(608768K)->384533K(608768K)
[305.812s][info][gc,metaspace   ] GC(1076) Metaspace: 18777K(18944K)->18777K(18944K) NonClass: 16948K(17088K)->16948K(17088K) Class: 1828K(1856K)->1828K(1856K)
[305.812s][info][gc             ] GC(1076) Pause Young (Allocation Failure) 515M->393M(798M) 15.879ms
[305.812s][info][gc,cpu         ] GC(1076) User=0.03s Sys=0.00s Real=0.01s
[305.936s][info][gc,start       ] GC(1077) Pause Young (Allocation Failure)
[305.951s][info][gc,heap        ] GC(1077) PSYoungGen: 148480K(208896K)->18016K(213504K) Eden: 130560K(130560K)->0K(130560K) From: 17920K(78336K)->18016K(82944K)
[305.951s][info][gc,heap        ] GC(1077) ParOldGen: 384533K(608768K)->384533K(608768K)
[305.951s][info][gc,metaspace   ] GC(1077) Metaspace: 18777K(18944K)->18777K(18944K) NonClass: 16948K(17088K)->16948K(17088K) Class: 1828K(1856K)->1828K(1856K)
[305.951s][info][gc             ] GC(1077) Pause Young (Allocation Failure) 520M->393M(803M) 15.334ms
[305.951s][info][gc,cpu         ] GC(1077) User=0.03s Sys=0.01s Real=0.01s
[306.082s][info][gc,start       ] GC(1078) Pause Young (Allocation Failure)
[306.098s][info][gc,heap        ] GC(1078) PSYoungGen: 148576K(213504K)->18112K(206336K) Eden: 130560K(130560K)->0K(135168K) From: 18016K(82944K)->18112K(71168K)
[306.098s][info][gc,heap        ] GC(1078) ParOldGen: 384533K(608768K)->384533K(608768K)
[306.098s][info][gc,metaspace   ] GC(1078) Metaspace: 18777K(18944K)->18777K(18944K) NonClass: 16948K(17088K)->16948K(17088K) Class: 1828K(1856K)->1828K(1856K)
[306.098s][info][gc             ] GC(1078) Pause Young (Allocation Failure) 520M->393M(796M) 16.215ms
[306.098s][info][gc,cpu         ] GC(1078) User=0.03s Sys=0.00s Real=0.02s
[306.219s][info][gc,start       ] GC(1079) Pause Young (Allocation Failure)
[306.246s][info][gc,heap        ] GC(1079) PSYoungGen: 153280K(206336K)->21632K(210432K) Eden: 135168K(135168K)->0K(135168K) From: 18112K(71168K)->21632K(75264K)
[306.246s][info][gc,heap        ] GC(1079) ParOldGen: 384533K(608768K)->384533K(608768K)
[306.246s][info][gc,metaspace   ] GC(1079) Metaspace: 18777K(18944K)->18777K(18944K) NonClass: 16948K(17088K)->16948K(17088K) Class: 1828K(1856K)->1828K(1856K)
[306.246s][info][gc             ] GC(1079) Pause Young (Allocation Failure) 525M->396M(800M) 26.754ms
[306.246s][info][gc,cpu         ] GC(1079) User=0.05s Sys=0.00s Real=0.03s
[306.405s][info][gc,start       ] GC(1080) Pause Young (Allocation Failure)
[306.452s][info][gc,heap        ] GC(1080) PSYoungGen: 156800K(210432K)->39179K(210944K) Eden: 135168K(135168K)->0K(139776K) From: 21632K(75264K)->39179K(71168K)
[306.452s][info][gc,heap        ] GC(1080) ParOldGen: 384533K(608768K)->384533K(608768K)
[306.452s][info][gc,metaspace   ] GC(1080) Metaspace: 18777K(18944K)->18777K(18944K) NonClass: 16948K(17088K)->16948K(17088K) Class: 1828K(1856K)->1828K(1856K)
[306.452s][info][gc             ] GC(1080) Pause Young (Allocation Failure) 528M->413M(800M) 47.482ms
[306.452s][info][gc,cpu         ] GC(1080) User=0.09s Sys=0.00s Real=0.04s
[306.590s][info][gc,start       ] GC(1081) Pause Young (Allocation Failure)
[306.650s][info][gc,heap        ] GC(1081) PSYoungGen: 178955K(210944K)->53355K(211456K) Eden: 139776K(139776K)->0K(139776K) From: 39179K(71168K)->53355K(71680K)
[306.650s][info][gc,heap        ] GC(1081) ParOldGen: 384533K(608768K)->384533K(608768K)
[306.650s][info][gc,metaspace   ] GC(1081) Metaspace: 18777K(18944K)->18777K(18944K) NonClass: 16948K(17088K)->16948K(17088K) Class: 1828K(1856K)->1828K(1856K)
[306.650s][info][gc             ] GC(1081) Pause Young (Allocation Failure) 550M->427M(801M) 60.017ms
[306.650s][info][gc,cpu         ] GC(1081) User=0.11s Sys=0.00s Real=0.06s
[306.772s][info][gc,start       ] GC(1082) Pause Young (Allocation Failure)
[306.861s][info][gc,heap        ] GC(1082) PSYoungGen: 193131K(211456K)->73163K(212992K) Eden: 139776K(139776K)->0K(135680K) From: 53355K(71680K)->73163K(77312K)
[306.861s][info][gc,heap        ] GC(1082) ParOldGen: 384533K(608768K)->384533K(608768K)
[306.861s][info][gc,metaspace   ] GC(1082) Metaspace: 18777K(18944K)->18777K(18944K) NonClass: 16948K(17088K)->16948K(17088K) Class: 1828K(1856K)->1828K(1856K)
[306.861s][info][gc             ] GC(1082) Pause Young (Allocation Failure) 564M->446M(802M) 88.645ms
[306.861s][info][gc,cpu         ] GC(1082) User=0.16s Sys=0.01s Real=0.09s
[306.958s][info][gc,start       ] GC(1083) Pause Young (Allocation Failure)
[307.039s][info][gc,heap        ] GC(1083) PSYoungGen: 208843K(212992K)->77259K(224256K) Eden: 135680K(135680K)->0K(135680K) From: 73163K(77312K)->77259K(88576K)
[307.039s][info][gc,heap        ] GC(1083) ParOldGen: 384533K(608768K)->384533K(608768K)
[307.039s][info][gc,metaspace   ] GC(1083) Metaspace: 18777K(18944K)->18777K(18944K) NonClass: 16948K(17088K)->16948K(17088K) Class: 1828K(1856K)->1828K(1856K)
[307.039s][info][gc             ] GC(1083) Pause Young (Allocation Failure) 579M->450M(813M) 81.674ms
[307.039s][info][gc,cpu         ] GC(1083) User=0.16s Sys=0.00s Real=0.08s
[307.149s][info][gc,start       ] GC(1084) Pause Young (Allocation Failure)
[307.233s][info][gc,heap        ] GC(1084) PSYoungGen: 212939K(224256K)->61355K(229376K) Eden: 135680K(135680K)->0K(130048K) From: 77259K(88576K)->61355K(99328K)
[307.233s][info][gc,heap        ] GC(1084) ParOldGen: 384533K(608768K)->401981K(608768K)
[307.233s][info][gc,metaspace   ] GC(1084) Metaspace: 18777K(18944K)->18777K(18944K) NonClass: 16948K(17088K)->16948K(17088K) Class: 1828K(1856K)->1828K(1856K)
[307.233s][info][gc             ] GC(1084) Pause Young (Allocation Failure) 583M->452M(818M) 84.213ms
[307.233s][info][gc,cpu         ] GC(1084) User=0.16s Sys=0.00s Real=0.08s
[307.348s][info][gc,start       ] GC(1085) Pause Young (Allocation Failure)
[307.424s][info][gc,heap        ] GC(1085) PSYoungGen: 191403K(229376K)->65003K(195072K) Eden: 130048K(130048K)->0K(130048K) From: 61355K(99328K)->65003K(65024K)
[307.424s][info][gc,heap        ] GC(1085) ParOldGen: 401981K(608768K)->402053K(608768K)
[307.424s][info][gc,metaspace   ] GC(1085) Metaspace: 18777K(18944K)->18777K(18944K) NonClass: 16948K(17088K)->16948K(17088K) Class: 1828K(1856K)->1828K(1856K)
[307.424s][info][gc             ] GC(1085) Pause Young (Allocation Failure) 579M->456M(785M) 75.996ms
[307.424s][info][gc,cpu         ] GC(1085) User=0.15s Sys=0.00s Real=0.08s
[307.533s][info][gc,start       ] GC(1086) Pause Young (Allocation Failure)
[307.609s][info][gc,heap        ] GC(1086) PSYoungGen: 195051K(195072K)->65003K(225280K) Eden: 130048K(130048K)->0K(120832K) From: 65003K(65024K)->65003K(104448K)
[307.609s][info][gc,heap        ] GC(1086) ParOldGen: 402053K(608768K)->402133K(608768K)
[307.609s][info][gc,metaspace   ] GC(1086) Metaspace: 18777K(18944K)->18777K(18944K) NonClass: 16948K(17088K)->16948K(17088K) Class: 1828K(1856K)->1828K(1856K)
[307.609s][info][gc             ] GC(1086) Pause Young (Allocation Failure) 583M->456M(814M) 75.743ms
[307.609s][info][gc,cpu         ] GC(1086) User=0.15s Sys=0.00s Real=0.08s
[307.711s][info][gc,start       ] GC(1087) Pause Young (Allocation Failure)
[307.794s][info][gc,heap        ] GC(1087) PSYoungGen: 185835K(225280K)->73323K(194560K) Eden: 120832K(120832K)->0K(120832K) From: 65003K(104448K)->73323K(73728K)
[307.794s][info][gc,heap        ] GC(1087) ParOldGen: 402133K(608768K)->402261K(608768K)
[307.794s][info][gc,metaspace   ] GC(1087) Metaspace: 18777K(18944K)->18777K(18944K) NonClass: 16948K(17088K)->16948K(17088K) Class: 1828K(1856K)->1828K(1856K)
[307.794s][info][gc             ] GC(1087) Pause Young (Allocation Failure) 574M->464M(784M) 82.933ms
[307.794s][info][gc,cpu         ] GC(1087) User=0.17s Sys=0.00s Real=0.09s
[307.922s][info][gc,start       ] GC(1088) Pause Young (Allocation Failure)
[308.017s][info][gc,heap        ] GC(1088) PSYoungGen: 194155K(194560K)->83516K(222720K) Eden: 120832K(120832K)->0K(111616K) From: 73323K(73728K)->83516K(111104K)
[308.017s][info][gc,heap        ] GC(1088) ParOldGen: 402261K(608768K)->402373K(608768K)
[308.017s][info][gc,metaspace   ] GC(1088) Metaspace: 18777K(18944K)->18777K(18944K) NonClass: 16948K(17088K)->16948K(17088K) Class: 1828K(1856K)->1828K(1856K)
[308.017s][info][gc             ] GC(1088) Pause Young (Allocation Failure) 582M->474M(812M) 95.225ms
[308.017s][info][gc,cpu         ] GC(1088) User=0.18s Sys=0.01s Real=0.10s
[308.134s][info][gc,start       ] GC(1089) Pause Young (Allocation Failure)
[308.235s][info][gc,heap        ] GC(1089) PSYoungGen: 195132K(222720K)->89884K(222720K) Eden: 111616K(111616K)->0K(111616K) From: 83516K(111104K)->89884K(111104K)
[308.235s][info][gc,heap        ] GC(1089) ParOldGen: 402373K(608768K)->402525K(608768K)
[308.235s][info][gc,metaspace   ] GC(1089) Metaspace: 18777K(18944K)->18777K(18944K) NonClass: 16948K(17088K)->16948K(17088K) Class: 1828K(1856K)->1828K(1856K)
[308.235s][info][gc             ] GC(1089) Pause Young (Allocation Failure) 583M->480M(812M) 101.721ms
[308.235s][info][gc,cpu         ] GC(1089) User=0.21s Sys=0.00s Real=0.10s
[308.443s][info][gc,start       ] GC(1090) Pause Young (Allocation Failure)
[308.542s][info][gc,heap        ] GC(1090) PSYoungGen: 201500K(222720K)->89692K(222720K) Eden: 111616K(111616K)->0K(111616K) From: 89884K(111104K)->89692K(111104K)
[308.542s][info][gc,heap        ] GC(1090) ParOldGen: 402525K(608768K)->402725K(608768K)
[308.542s][info][gc,metaspace   ] GC(1090) Metaspace: 18777K(18944K)->18777K(18944K) NonClass: 16948K(17088K)->16948K(17088K) Class: 1828K(1856K)->1828K(1856K)
[308.542s][info][gc             ] GC(1090) Pause Young (Allocation Failure) 589M->480M(812M) 99.457ms
[308.542s][info][gc,cpu         ] GC(1090) User=0.19s Sys=0.00s Real=0.10s
[308.723s][info][gc,start       ] GC(1091) Pause Young (Allocation Failure)
[308.832s][info][gc,heap        ] GC(1091) PSYoungGen: 201308K(222720K)->95772K(222720K) Eden: 111616K(111616K)->0K(111616K) From: 89692K(111104K)->95772K(111104K)
[308.832s][info][gc,heap        ] GC(1091) ParOldGen: 402725K(608768K)->406389K(608768K)
[308.832s][info][gc,metaspace   ] GC(1091) Metaspace: 18777K(18944K)->18777K(18944K) NonClass: 16948K(17088K)->16948K(17088K) Class: 1828K(1856K)->1828K(1856K)
[308.832s][info][gc             ] GC(1091) Pause Young (Allocation Failure) 589M->490M(812M) 109.094ms
[308.832s][info][gc,cpu         ] GC(1091) User=0.22s Sys=0.00s Real=0.11s
[308.947s][info][gc,start       ] GC(1092) Pause Young (Allocation Failure)
[309.063s][info][gc,heap        ] GC(1092) PSYoungGen: 207388K(222720K)->82464K(222720K) Eden: 111616K(111616K)->0K(111616K) From: 95772K(111104K)->82464K(111104K)
[309.063s][info][gc,heap        ] GC(1092) ParOldGen: 406389K(608768K)->438181K(608768K)
[309.063s][info][gc,metaspace   ] GC(1092) Metaspace: 18777K(18944K)->18777K(18944K) NonClass: 16948K(17088K)->16948K(17088K) Class: 1828K(1856K)->1828K(1856K)
[309.063s][info][gc             ] GC(1092) Pause Young (Allocation Failure) 599M->508M(812M) 115.906ms
[309.063s][info][gc,cpu         ] GC(1092) User=0.23s Sys=0.00s Real=0.12s
[309.210s][info][gc,start       ] GC(1093) Pause Young (Allocation Failure)
[309.303s][info][gc,heap        ] GC(1093) PSYoungGen: 194080K(222720K)->74592K(222720K) Eden: 111616K(111616K)->0K(111616K) From: 82464K(111104K)->74592K(111104K)
[309.303s][info][gc,heap        ] GC(1093) ParOldGen: 438181K(608768K)->462173K(608768K)
[309.303s][info][gc,metaspace   ] GC(1093) Metaspace: 18777K(18944K)->18777K(18944K) NonClass: 16948K(17088K)->16948K(17088K) Class: 1828K(1856K)->1828K(1856K)
[309.303s][info][gc             ] GC(1093) Pause Young (Allocation Failure) 617M->524M(812M) 92.975ms
[309.303s][info][gc,cpu         ] GC(1093) User=0.18s Sys=0.00s Real=0.09s
[309.385s][info][gc,start       ] GC(1094) Pause Young (Allocation Failure)
[309.456s][info][gc,heap        ] GC(1094) PSYoungGen: 186208K(222720K)->70160K(222720K) Eden: 111616K(111616K)->0K(111616K) From: 74592K(111104K)->70160K(111104K)
[309.456s][info][gc,heap        ] GC(1094) ParOldGen: 462173K(608768K)->467293K(608768K)
[309.456s][info][gc,metaspace   ] GC(1094) Metaspace: 18777K(18944K)->18777K(18944K) NonClass: 16948K(17088K)->16948K(17088K) Class: 1828K(1856K)->1828K(1856K)
[309.456s][info][gc             ] GC(1094) Pause Young (Allocation Failure) 633M->524M(812M) 71.111ms
[309.456s][info][gc,cpu         ] GC(1094) User=0.14s Sys=0.00s Real=0.07s
[309.587s][info][gc,start       ] GC(1095) Pause Young (Allocation Failure)
[309.655s][info][gc,heap        ] GC(1095) PSYoungGen: 181776K(222720K)->63648K(222720K) Eden: 111616K(111616K)->0K(111616K) From: 70160K(111104K)->63648K(111104K)
[309.655s][info][gc,heap        ] GC(1095) ParOldGen: 467293K(608768K)->475829K(608768K)
[309.655s][info][gc,metaspace   ] GC(1095) Metaspace: 18777K(18944K)->18777K(18944K) NonClass: 16948K(17088K)->16948K(17088K) Class: 1828K(1856K)->1828K(1856K)
[309.655s][info][gc             ] GC(1095) Pause Young (Allocation Failure) 633M->526M(812M) 67.811ms
[309.655s][info][gc,cpu         ] GC(1095) User=0.14s Sys=0.00s Real=0.07s
[309.772s][info][gc,start       ] GC(1096) Pause Young (Allocation Failure)
[309.837s][info][gc,heap        ] GC(1096) PSYoungGen: 175264K(222720K)->51392K(222720K) Eden: 111616K(111616K)->0K(111616K) From: 63648K(111104K)->51392K(111104K)
[309.838s][info][gc,heap        ] GC(1096) ParOldGen: 475829K(608768K)->492709K(608768K)
[309.838s][info][gc,metaspace   ] GC(1096) Metaspace: 18777K(18944K)->18777K(18944K) NonClass: 16948K(17088K)->16948K(17088K) Class: 1828K(1856K)->1828K(1856K)
[309.838s][info][gc             ] GC(1096) Pause Young (Allocation Failure) 635M->531M(812M) 65.514ms
[309.838s][info][gc,cpu         ] GC(1096) User=0.13s Sys=0.00s Real=0.07s
[309.949s][info][gc,start       ] GC(1097) Pause Young (Allocation Failure)
[309.997s][info][gc,heap        ] GC(1097) PSYoungGen: 163008K(222720K)->41760K(222720K) Eden: 111616K(111616K)->0K(111616K) From: 51392K(111104K)->41760K(111104K)
[309.997s][info][gc,heap        ] GC(1097) ParOldGen: 492709K(608768K)->502437K(608768K)
[309.997s][info][gc,metaspace   ] GC(1097) Metaspace: 18777K(18944K)->18777K(18944K) NonClass: 16948K(17088K)->16948K(17088K) Class: 1828K(1856K)->1828K(1856K)
[309.997s][info][gc             ] GC(1097) Pause Young (Allocation Failure) 640M->531M(812M) 47.990ms
[309.997s][info][gc,cpu         ] GC(1097) User=0.09s Sys=0.00s Real=0.05s
[310.063s][info][gc,start       ] GC(1098) Pause Young (Allocation Failure)
[310.104s][info][gc,heap        ] GC(1098) PSYoungGen: 153376K(222720K)->7264K(222720K) Eden: 111616K(111616K)->0K(111616K) From: 41760K(111104K)->7264K(111104K)
[310.104s][info][gc,heap        ] GC(1098) ParOldGen: 502437K(608768K)->537029K(608768K)
[310.104s][info][gc,metaspace   ] GC(1098) Metaspace: 18777K(18944K)->18777K(18944K) NonClass: 16948K(17088K)->16948K(17088K) Class: 1828K(1856K)->1828K(1856K)
[310.104s][info][gc             ] GC(1098) Pause Young (Allocation Failure) 640M->531M(812M) 41.495ms
[310.104s][info][gc,cpu         ] GC(1098) User=0.09s Sys=0.00s Real=0.05s
[310.285s][info][gc,start       ] GC(1099) Pause Young (Allocation Failure)
[310.304s][info][gc,heap        ] GC(1099) PSYoungGen: 118880K(222720K)->13312K(222720K) Eden: 111616K(111616K)->0K(111616K) From: 7264K(111104K)->13312K(111104K)
[310.304s][info][gc,heap        ] GC(1099) ParOldGen: 537029K(608768K)->539677K(608768K)
[310.304s][info][gc,metaspace   ] GC(1099) Metaspace: 18777K(18944K)->18777K(18944K) NonClass: 16948K(17088K)->16948K(17088K) Class: 1828K(1856K)->1828K(1856K)
[310.304s][info][gc             ] GC(1099) Pause Young (Allocation Failure) 640M->540M(812M) 18.928ms
[310.304s][info][gc,cpu         ] GC(1099) User=0.03s Sys=0.00s Real=0.02s
[310.450s][info][gc,start       ] GC(1100) Pause Young (Allocation Failure)
[310.472s][info][gc,heap        ] GC(1100) PSYoungGen: 124928K(222720K)->16480K(222720K) Eden: 111616K(111616K)->0K(111616K) From: 13312K(111104K)->16480K(111104K)
[310.472s][info][gc,heap        ] GC(1100) ParOldGen: 539677K(608768K)->544301K(608768K)
[310.472s][info][gc,metaspace   ] GC(1100) Metaspace: 18777K(18944K)->18777K(18944K) NonClass: 16948K(17088K)->16948K(17088K) Class: 1828K(1856K)->1828K(1856K)
[310.472s][info][gc             ] GC(1100) Pause Young (Allocation Failure) 649M->547M(812M) 22.386ms
[310.472s][info][gc,cpu         ] GC(1100) User=0.05s Sys=0.00s Real=0.02s
[310.825s][info][gc,start       ] GC(1101) Pause Young (Allocation Failure)
[310.842s][info][gc,heap        ] GC(1101) PSYoungGen: 128096K(222720K)->7872K(222720K) Eden: 111616K(111616K)->0K(111616K) From: 16480K(111104K)->7872K(111104K)
[310.842s][info][gc,heap        ] GC(1101) ParOldGen: 544301K(608768K)->553035K(608768K)
[310.842s][info][gc,metaspace   ] GC(1101) Metaspace: 18777K(18944K)->18777K(18944K) NonClass: 16948K(17088K)->16948K(17088K) Class: 1828K(1856K)->1828K(1856K)
[310.842s][info][gc             ] GC(1101) Pause Young (Allocation Failure) 656M->547M(812M) 17.733ms
[310.842s][info][gc,cpu         ] GC(1101) User=0.04s Sys=0.00s Real=0.01s
[311.111s][info][gc,start       ] GC(1102) Pause Young (Allocation Failure)
[311.121s][info][gc,heap        ] GC(1102) PSYoungGen: 119488K(222720K)->224K(222720K) Eden: 111616K(111616K)->0K(111616K) From: 7872K(111104K)->224K(111104K)
[311.121s][info][gc,heap        ] GC(1102) ParOldGen: 553035K(608768K)->560923K(608768K)
[311.121s][info][gc,metaspace   ] GC(1102) Metaspace: 18777K(18944K)->18777K(18944K) NonClass: 16948K(17088K)->16948K(17088K) Class: 1828K(1856K)->1828K(1856K)
[311.121s][info][gc             ] GC(1102) Pause Young (Allocation Failure) 656M->547M(812M) 10.162ms
[311.121s][info][gc,cpu         ] GC(1102) User=0.02s Sys=0.00s Real=0.01s
[311.400s][info][gc,start       ] GC(1103) Pause Young (Allocation Failure)
[311.402s][info][gc,heap        ] GC(1103) PSYoungGen: 111840K(222720K)->64K(222720K) Eden: 111616K(111616K)->0K(111616K) From: 224K(111104K)->64K(111104K)
[311.402s][info][gc,heap        ] GC(1103) ParOldGen: 560923K(608768K)->561132K(608768K)
[311.402s][info][gc,metaspace   ] GC(1103) Metaspace: 18778K(18944K)->18778K(18944K) NonClass: 16949K(17088K)->16949K(17088K) Class: 1828K(1856K)->1828K(1856K)
[311.402s][info][gc             ] GC(1103) Pause Young (Allocation Failure) 656M->548M(812M) 2.363ms
[311.402s][info][gc,cpu         ] GC(1103) User=0.01s Sys=0.00s Real=0.00s
[311.636s][info][gc,start       ] GC(1104) Pause Young (Allocation Failure)
[311.639s][info][gc,heap        ] GC(1104) PSYoungGen: 111680K(222720K)->64K(222720K) Eden: 111616K(111616K)->0K(111616K) From: 64K(111104K)->64K(111104K)
[311.639s][info][gc,heap        ] GC(1104) ParOldGen: 561132K(608768K)->561164K(608768K)
[311.639s][info][gc,metaspace   ] GC(1104) Metaspace: 18778K(18944K)->18778K(18944K) NonClass: 16949K(17088K)->16949K(17088K) Class: 1828K(1856K)->1828K(1856K)
[311.639s][info][gc             ] GC(1104) Pause Young (Allocation Failure) 657M->548M(812M) 2.518ms
[311.639s][info][gc,cpu         ] GC(1104) User=0.01s Sys=0.00s Real=0.00s
[311.911s][info][gc,start       ] GC(1105) Pause Young (Allocation Failure)
[311.915s][info][gc,heap        ] GC(1105) PSYoungGen: 111680K(222720K)->2464K(222720K) Eden: 111616K(111616K)->0K(111616K) From: 64K(111104K)->2464K(111104K)
[311.915s][info][gc,heap        ] GC(1105) ParOldGen: 561164K(608768K)->561180K(608768K)
[311.915s][info][gc,metaspace   ] GC(1105) Metaspace: 18778K(18944K)->18778K(18944K) NonClass: 16949K(17088K)->16949K(17088K) Class: 1828K(1856K)->1828K(1856K)
[311.915s][info][gc             ] GC(1105) Pause Young (Allocation Failure) 657M->550M(812M) 4.743ms
[311.916s][info][gc,cpu         ] GC(1105) User=0.01s Sys=0.00s Real=0.01s
[312.063s][info][gc,start       ] GC(1106) Pause Young (Allocation Failure)
[312.085s][info][gc,heap        ] GC(1106) PSYoungGen: 114080K(222720K)->24736K(213504K) Eden: 111616K(111616K)->0K(111616K) From: 2464K(111104K)->24736K(101888K)
[312.085s][info][gc,heap        ] GC(1106) ParOldGen: 561180K(608768K)->563612K(608768K)
[312.085s][info][gc,metaspace   ] GC(1106) Metaspace: 18778K(18944K)->18778K(18944K) NonClass: 16949K(17088K)->16949K(17088K) Class: 1828K(1856K)->1828K(1856K)
[312.085s][info][gc             ] GC(1106) Pause Young (Allocation Failure) 659M->574M(803M) 21.973ms
[312.085s][info][gc,cpu         ] GC(1106) User=0.04s Sys=0.00s Real=0.03s
[312.137s][info][gc,start       ] GC(1107) Pause Young (Allocation Failure)
[312.182s][info][gc,heap        ] GC(1107) PSYoungGen: 136352K(213504K)->66448K(218112K) Eden: 111616K(111616K)->0K(111616K) From: 24736K(101888K)->66448K(106496K)
[312.182s][info][gc,heap        ] GC(1107) ParOldGen: 563612K(608768K)->563612K(608768K)
[312.182s][info][gc,metaspace   ] GC(1107) Metaspace: 18778K(18944K)->18778K(18944K) NonClass: 16949K(17088K)->16949K(17088K) Class: 1828K(1856K)->1828K(1856K)
[312.182s][info][gc             ] GC(1107) Pause Young (Allocation Failure) 683M->615M(807M) 44.590ms
[312.182s][info][gc,cpu         ] GC(1107) User=0.09s Sys=0.00s Real=0.04s
[312.231s][info][gc,start       ] GC(1108) Pause Young (Allocation Failure)
[312.312s][info][gc,heap        ] GC(1108) PSYoungGen: 178064K(218112K)->42304K(224768K) Eden: 111616K(111616K)->0K(114176K) From: 66448K(106496K)->42304K(110592K)
[312.312s][info][gc,heap        ] GC(1108) ParOldGen: 563612K(608768K)->630828K(631296K)
[312.312s][info][gc,metaspace   ] GC(1108) Metaspace: 18778K(18944K)->18778K(18944K) NonClass: 16949K(17088K)->16949K(17088K) Class: 1828K(1856K)->1828K(1856K)
[312.312s][info][gc             ] GC(1108) Pause Young (Allocation Failure) 724M->657M(836M) 81.375ms
[312.312s][info][gc,cpu         ] GC(1108) User=0.14s Sys=0.02s Real=0.08s
[312.427s][info][gc,start       ] GC(1109) Pause Full (Allocation Failure)
[312.428s][info][gc,phases,start] GC(1109) Marking Phase
[312.792s][info][gc,phases      ] GC(1109) Marking Phase 364.769ms
[312.792s][info][gc,phases,start] GC(1109) Summary Phase
[312.792s][info][gc,phases      ] GC(1109) Summary Phase 0.028ms
[312.792s][info][gc,phases,start] GC(1109) Forward
[312.911s][info][gc,phases      ] GC(1109) Forward 118.378ms
[312.911s][info][gc,phases,start] GC(1109) Adjust Pointers
[313.186s][info][gc,phases      ] GC(1109) Adjust Pointers 275.195ms
[313.186s][info][gc,phases,start] GC(1109) Compaction Phase
[313.341s][info][gc,phases      ] GC(1109) Compaction Phase 155.246ms
[313.348s][info][gc,phases,start] GC(1109) Post Compact
[313.351s][info][gc,phases      ] GC(1109) Post Compact 2.362ms
[313.351s][info][gc,heap        ] GC(1109) PSYoungGen: 156480K(224768K)->0K(222720K) Eden: 114176K(114176K)->0K(114176K) From: 42304K(110592K)->0K(108544K)
[313.351s][info][gc,heap        ] GC(1109) ParOldGen: 630828K(631296K)->543452K(667648K)
[313.351s][info][gc,metaspace   ] GC(1109) Metaspace: 18778K(18944K)->18778K(18944K) NonClass: 16949K(17088K)->16949K(17088K) Class: 1828K(1856K)->1828K(1856K)
[313.351s][info][gc             ] GC(1109) Pause Full (Allocation Failure) 768M->530M(869M) 923.360ms
[313.351s][info][gc,cpu         ] GC(1109) User=1.75s Sys=0.00s Real=0.92s
[313.414s][info][gc,start       ] GC(1110) Pause Young (Allocation Failure)
[313.450s][info][gc,heap        ] GC(1110) PSYoungGen: 114176K(222720K)->47840K(222208K) Eden: 114176K(114176K)->0K(116736K) From: 0K(108544K)->47840K(105472K)
[313.450s][info][gc,heap        ] GC(1110) ParOldGen: 543452K(667648K)->543452K(667648K)
[313.450s][info][gc,metaspace   ] GC(1110) Metaspace: 18778K(18944K)->18778K(18944K) NonClass: 16949K(17088K)->16949K(17088K) Class: 1828K(1856K)->1828K(1856K)
[313.450s][info][gc             ] GC(1110) Pause Young (Allocation Failure) 642M->577M(869M) 36.458ms
[313.450s][info][gc,cpu         ] GC(1110) User=0.08s Sys=0.00s Real=0.03s
[313.678s][info][gc,start       ] GC(1111) Pause Young (Allocation Failure)
[313.742s][info][gc,heap        ] GC(1111) PSYoungGen: 164095K(222208K)->74368K(222720K) Eden: 116255K(116736K)->0K(116736K) From: 47840K(105472K)->74368K(105984K)
[313.742s][info][gc,heap        ] GC(1111) ParOldGen: 543452K(667648K)->543452K(667648K)
[313.742s][info][gc,metaspace   ] GC(1111) Metaspace: 18779K(18944K)->18779K(18944K) NonClass: 16950K(17088K)->16950K(17088K) Class: 1828K(1856K)->1828K(1856K)
[313.742s][info][gc             ] GC(1111) Pause Young (Allocation Failure) 690M->603M(869M) 63.598ms
[313.742s][info][gc,cpu         ] GC(1111) User=0.12s Sys=0.00s Real=0.06s
[313.871s][info][gc,start       ] GC(1112) Pause Young (Allocation Failure)
[313.943s][info][gc,heap        ] GC(1112) PSYoungGen: 191104K(222720K)->32224K(224256K) Eden: 116736K(116736K)->0K(115200K) From: 74368K(105984K)->32224K(109056K)
[313.944s][info][gc,heap        ] GC(1112) ParOldGen: 543452K(667648K)->591772K(667648K)
[313.944s][info][gc,metaspace   ] GC(1112) Metaspace: 18779K(18944K)->18779K(18944K) NonClass: 16950K(17088K)->16950K(17088K) Class: 1828K(1856K)->1828K(1856K)
[313.944s][info][gc             ] GC(1112) Pause Young (Allocation Failure) 717M->609M(871M) 72.689ms
[313.944s][info][gc,cpu         ] GC(1112) User=0.14s Sys=0.00s Real=0.08s
[314.052s][info][gc,start       ] GC(1113) Pause Young (Allocation Failure)
[314.110s][info][gc,heap        ] GC(1113) PSYoungGen: 147424K(224256K)->33440K(148992K) Eden: 115200K(115200K)->0K(115200K) From: 32224K(109056K)->33440K(33792K)
[314.110s][info][gc,heap        ] GC(1113) ParOldGen: 591772K(667648K)->591772K(667648K)
[314.110s][info][gc,metaspace   ] GC(1113) Metaspace: 18779K(18944K)->18779K(18944K) NonClass: 16950K(17088K)->16950K(17088K) Class: 1828K(1856K)->1828K(1856K)
[314.110s][info][gc             ] GC(1113) Pause Young (Allocation Failure) 721M->610M(797M) 57.275ms
[314.110s][info][gc,cpu         ] GC(1113) User=0.12s Sys=0.01s Real=0.06s
[314.277s][info][gc,start       ] GC(1114) Pause Young (Allocation Failure)
[314.370s][info][gc,heap        ] GC(1114) PSYoungGen: 148640K(148992K)->63587K(215552K) Eden: 115200K(115200K)->0K(114176K) From: 33440K(33792K)->63587K(101376K)
[314.370s][info][gc,heap        ] GC(1114) ParOldGen: 591772K(667648K)->591772K(667648K)
[314.370s][info][gc,metaspace   ] GC(1114) Metaspace: 18779K(18944K)->18779K(18944K) NonClass: 16950K(17088K)->16950K(17088K) Class: 1828K(1856K)->1828K(1856K)
[314.370s][info][gc             ] GC(1114) Pause Young (Allocation Failure) 723M->640M(862M) 93.554ms
[314.370s][info][gc,cpu         ] GC(1114) User=0.18s Sys=0.00s Real=0.09s
[314.522s][info][gc,start       ] GC(1115) Pause Young (Allocation Failure)
[314.621s][info][gc,heap        ] GC(1115) PSYoungGen: 177763K(215552K)->64067K(218624K) Eden: 114176K(114176K)->0K(114176K) From: 63587K(101376K)->64067K(104448K)
[314.622s][info][gc,heap        ] GC(1115) ParOldGen: 591772K(667648K)->591772K(667648K)
[314.622s][info][gc,metaspace   ] GC(1115) Metaspace: 18779K(18944K)->18779K(18944K) NonClass: 16950K(17088K)->16950K(17088K) Class: 1828K(1856K)->1828K(1856K)
[314.622s][info][gc             ] GC(1115) Pause Young (Allocation Failure) 751M->640M(865M) 99.736ms
[314.622s][info][gc,cpu         ] GC(1115) User=0.20s Sys=0.00s Real=0.10s
[314.770s][info][gc,start       ] GC(1116) Pause Young (Allocation Failure)
[314.869s][info][gc,heap        ] GC(1116) PSYoungGen: 178243K(218624K)->64022K(223744K) Eden: 114176K(114176K)->0K(116736K) From: 64067K(104448K)->64022K(107008K)
[314.869s][info][gc,heap        ] GC(1116) ParOldGen: 591772K(667648K)->591772K(667648K)
[314.869s][info][gc,metaspace   ] GC(1116) Metaspace: 18779K(18944K)->18779K(18944K) NonClass: 16950K(17088K)->16950K(17088K) Class: 1828K(1856K)->1828K(1856K)
[314.869s][info][gc             ] GC(1116) Pause Young (Allocation Failure) 751M->640M(870M) 98.504ms
[314.869s][info][gc,cpu         ] GC(1116) User=0.19s Sys=0.00s Real=0.10s
[315.021s][info][gc,start       ] GC(1117) Pause Young (Allocation Failure)
[315.120s][info][gc,heap        ] GC(1117) PSYoungGen: 180758K(223744K)->64045K(181248K) Eden: 116736K(116736K)->0K(116736K) From: 64022K(107008K)->64045K(64512K)
[315.120s][info][gc,heap        ] GC(1117) ParOldGen: 591772K(667648K)->591772K(667648K)
[315.120s][info][gc,metaspace   ] GC(1117) Metaspace: 18779K(18944K)->18779K(18944K) NonClass: 16950K(17088K)->16950K(17088K) Class: 1828K(1856K)->1828K(1856K)
[315.120s][info][gc             ] GC(1117) Pause Young (Allocation Failure) 754M->640M(829M) 98.784ms
[315.120s][info][gc,cpu         ] GC(1117) User=0.19s Sys=0.00s Real=0.10s
[315.272s][info][gc,start       ] GC(1118) Pause Young (Allocation Failure)
[315.370s][info][gc,heap        ] GC(1118) PSYoungGen: 180781K(181248K)->64067K(224768K) Eden: 116736K(116736K)->0K(115712K) From: 64045K(64512K)->64067K(109056K)
[315.371s][info][gc,heap        ] GC(1118) ParOldGen: 591772K(667648K)->591772K(667648K)
[315.371s][info][gc,metaspace   ] GC(1118) Metaspace: 18779K(18944K)->18779K(18944K) NonClass: 16950K(17088K)->16950K(17088K) Class: 1828K(1856K)->1828K(1856K)
[315.371s][info][gc             ] GC(1118) Pause Young (Allocation Failure) 754M->640M(871M) 98.407ms
[315.371s][info][gc,cpu         ] GC(1118) User=0.20s Sys=0.00s Real=0.10s
[315.520s][info][gc,start       ] GC(1119) Pause Young (Allocation Failure)
[315.619s][info][gc,heap        ] GC(1119) PSYoungGen: 179779K(224768K)->64054K(224768K) Eden: 115712K(115712K)->0K(115712K) From: 64067K(109056K)->64054K(109056K)
[315.619s][info][gc,heap        ] GC(1119) ParOldGen: 591772K(667648K)->591772K(667648K)
[315.619s][info][gc,metaspace   ] GC(1119) Metaspace: 18779K(18944K)->18779K(18944K) NonClass: 16950K(17088K)->16950K(17088K) Class: 1828K(1856K)->1828K(1856K)
[315.619s][info][gc             ] GC(1119) Pause Young (Allocation Failure) 753M->640M(871M) 99.199ms
[315.619s][info][gc,cpu         ] GC(1119) User=0.19s Sys=0.00s Real=0.10s
[315.775s][info][gc,start       ] GC(1120) Pause Young (Allocation Failure)
[315.875s][info][gc,heap        ] GC(1120) PSYoungGen: 179766K(224768K)->64067K(222720K) Eden: 115712K(115712K)->0K(115712K) From: 64054K(109056K)->64067K(107008K)
[315.875s][info][gc,heap        ] GC(1120) ParOldGen: 591772K(667648K)->591772K(667648K)
[315.875s][info][gc,metaspace   ] GC(1120) Metaspace: 18779K(18944K)->18779K(18944K) NonClass: 16950K(17088K)->16950K(17088K) Class: 1828K(1856K)->1828K(1856K)
[315.875s][info][gc             ] GC(1120) Pause Young (Allocation Failure) 753M->640M(869M) 100.329ms
[315.875s][info][gc,cpu         ] GC(1120) User=0.20s Sys=0.00s Real=0.10s
[316.028s][info][gc,start       ] GC(1121) Pause Young (Allocation Failure)
[316.127s][info][gc,heap        ] GC(1121) PSYoungGen: 179779K(222720K)->64067K(223744K) Eden: 115712K(115712K)->0K(115712K) From: 64067K(107008K)->64067K(108032K)
[316.127s][info][gc,heap        ] GC(1121) ParOldGen: 591772K(667648K)->591772K(667648K)
[316.127s][info][gc,metaspace   ] GC(1121) Metaspace: 18779K(18944K)->18779K(18944K) NonClass: 16950K(17088K)->16950K(17088K) Class: 1828K(1856K)->1828K(1856K)
[316.127s][info][gc             ] GC(1121) Pause Young (Allocation Failure) 753M->640M(870M) 99.318ms
[316.127s][info][gc,cpu         ] GC(1121) User=0.20s Sys=0.00s Real=0.10s
[316.278s][info][gc,start       ] GC(1122) Pause Young (Allocation Failure)
[316.377s][info][gc,heap        ] GC(1122) PSYoungGen: 179779K(223744K)->64067K(223744K) Eden: 115712K(115712K)->0K(118784K) From: 64067K(108032K)->64067K(104960K)
[316.377s][info][gc,heap        ] GC(1122) ParOldGen: 591772K(667648K)->591772K(667648K)
[316.377s][info][gc,metaspace   ] GC(1122) Metaspace: 18779K(18944K)->18779K(18944K) NonClass: 16950K(17088K)->16950K(17088K) Class: 1828K(1856K)->1828K(1856K)
[316.377s][info][gc             ] GC(1122) Pause Young (Allocation Failure) 753M->640M(870M) 99.139ms
[316.377s][info][gc,cpu         ] GC(1122) User=0.20s Sys=0.00s Real=0.10s
[316.524s][info][gc,start       ] GC(1123) Pause Young (Allocation Failure)
[316.631s][info][gc,heap        ] GC(1123) PSYoungGen: 182851K(223744K)->68749K(224768K) Eden: 118784K(118784K)->0K(118784K) From: 64067K(104960K)->68749K(105984K)
[316.631s][info][gc,heap        ] GC(1123) ParOldGen: 591772K(667648K)->591772K(667648K)
[316.631s][info][gc,metaspace   ] GC(1123) Metaspace: 18779K(18944K)->18779K(18944K) NonClass: 16950K(17088K)->16950K(17088K) Class: 1828K(1856K)->1828K(1856K)
[316.631s][info][gc             ] GC(1123) Pause Young (Allocation Failure) 756M->645M(871M) 107.282ms
[316.632s][info][gc,cpu         ] GC(1123) User=0.21s Sys=0.00s Real=0.10s
[316.735s][info][gc,start       ] GC(1124) Pause Young (Allocation Failure)
[316.847s][info][gc,heap        ] GC(1124) PSYoungGen: 187533K(224768K)->83766K(218112K) Eden: 118784K(118784K)->0K(111616K) From: 68749K(105984K)->83766K(106496K)
[316.847s][info][gc,heap        ] GC(1124) ParOldGen: 591772K(667648K)->591772K(667648K)
[316.847s][info][gc,metaspace   ] GC(1124) Metaspace: 18779K(18944K)->18779K(18944K) NonClass: 16950K(17088K)->16950K(17088K) Class: 1828K(1856K)->1828K(1856K)
[316.847s][info][gc             ] GC(1124) Pause Young (Allocation Failure) 761M->659M(865M) 112.390ms
[316.847s][info][gc,cpu         ] GC(1124) User=0.22s Sys=0.00s Real=0.11s
[316.945s][info][gc,start       ] GC(1125) Pause Young (Allocation Failure)
[317.069s][info][gc,heap        ] GC(1125) PSYoungGen: 195382K(218112K)->62883K(222720K) Eden: 111616K(111616K)->0K(111616K) From: 83766K(106496K)->62883K(111104K)
[317.069s][info][gc,heap        ] GC(1125) ParOldGen: 591772K(667648K)->624164K(667648K)
[317.069s][info][gc,metaspace   ] GC(1125) Metaspace: 18779K(18944K)->18779K(18944K) NonClass: 16950K(17088K)->16950K(17088K) Class: 1828K(1856K)->1828K(1856K)
[317.069s][info][gc             ] GC(1125) Pause Young (Allocation Failure) 768M->670M(869M) 123.991ms
[317.069s][info][gc,cpu         ] GC(1125) User=0.25s Sys=0.00s Real=0.12s
[317.153s][info][gc,start       ] GC(1126) Pause Full (Allocation Failure)
[317.153s][info][gc,phases,start] GC(1126) Marking Phase
[317.489s][info][gc,phases      ] GC(1126) Marking Phase 335.976ms
[317.489s][info][gc,phases,start] GC(1126) Summary Phase
[317.489s][info][gc,phases      ] GC(1126) Summary Phase 0.039ms
[317.489s][info][gc,phases,start] GC(1126) Forward
[317.594s][info][gc,phases      ] GC(1126) Forward 105.073ms
[317.594s][info][gc,phases,start] GC(1126) Adjust Pointers
[317.872s][info][gc,phases      ] GC(1126) Adjust Pointers 277.852ms
[317.872s][info][gc,phases,start] GC(1126) Compaction Phase
[318.040s][info][gc,phases      ] GC(1126) Compaction Phase 168.055ms
[318.056s][info][gc,phases,start] GC(1126) Post Compact
[318.058s][info][gc,phases      ] GC(1126) Post Compact 2.473ms
[318.058s][info][gc,heap        ] GC(1126) PSYoungGen: 174499K(222720K)->0K(221184K) Eden: 111616K(111616K)->0K(114688K) From: 62883K(111104K)->0K(106496K)
[318.058s][info][gc,heap        ] GC(1126) ParOldGen: 624164K(667648K)->524647K(667648K)
[318.058s][info][gc,metaspace   ] GC(1126) Metaspace: 18779K(18944K)->18779K(18944K) NonClass: 16950K(17088K)->16950K(17088K) Class: 1828K(1856K)->1828K(1856K)
[318.058s][info][gc             ] GC(1126) Pause Full (Allocation Failure) 779M->512M(868M) 905.456ms
[318.058s][info][gc,cpu         ] GC(1126) User=1.71s Sys=0.00s Real=0.91s
[318.154s][info][gc,start       ] GC(1127) Pause Young (Allocation Failure)
[318.159s][info][gc,heap        ] GC(1127) PSYoungGen: 114688K(221184K)->448K(222720K) Eden: 114688K(114688K)->0K(114688K) From: 0K(106496K)->448K(108032K)
[318.159s][info][gc,heap        ] GC(1127) ParOldGen: 524647K(667648K)->524647K(667648K)
[318.159s][info][gc,metaspace   ] GC(1127) Metaspace: 18779K(18944K)->18779K(18944K) NonClass: 16950K(17088K)->16950K(17088K) Class: 1828K(1856K)->1828K(1856K)
[318.159s][info][gc             ] GC(1127) Pause Young (Allocation Failure) 624M->512M(869M) 5.636ms
[318.159s][info][gc,cpu         ] GC(1127) User=0.01s Sys=0.00s Real=0.00s
[318.259s][info][gc,start       ] GC(1128) Pause Young (Allocation Failure)
[318.264s][info][gc,heap        ] GC(1128) PSYoungGen: 115136K(222720K)->1952K(222720K) Eden: 114688K(114688K)->0K(111616K) From: 448K(108032K)->1952K(111104K)
[318.264s][info][gc,heap        ] GC(1128) ParOldGen: 524647K(667648K)->524647K(667648K)
[318.264s][info][gc,metaspace   ] GC(1128) Metaspace: 18779K(18944K)->18779K(18944K) NonClass: 16950K(17088K)->16950K(17088K) Class: 1828K(1856K)->1828K(1856K)
[318.264s][info][gc             ] GC(1128) Pause Young (Allocation Failure) 624M->514M(869M) 4.312ms
[318.264s][info][gc,cpu         ] GC(1128) User=0.01s Sys=0.00s Real=0.01s
[318.391s][info][gc,start       ] GC(1129) Pause Young (Allocation Failure)
[318.401s][info][gc,heap        ] GC(1129) PSYoungGen: 113568K(222720K)->8352K(222720K) Eden: 111616K(111616K)->0K(111616K) From: 1952K(111104K)->8352K(111104K)
[318.401s][info][gc,heap        ] GC(1129) ParOldGen: 524647K(667648K)->524647K(667648K)
[318.401s][info][gc,metaspace   ] GC(1129) Metaspace: 18779K(18944K)->18779K(18944K) NonClass: 16950K(17088K)->16950K(17088K) Class: 1828K(1856K)->1828K(1856K)
[318.401s][info][gc             ] GC(1129) Pause Young (Allocation Failure) 623M->520M(869M) 10.163ms
[318.401s][info][gc,cpu         ] GC(1129) User=0.02s Sys=0.00s Real=0.01s
[318.540s][info][gc,start       ] GC(1130) Pause Young (Allocation Failure)
[318.552s][info][gc,heap        ] GC(1130) PSYoungGen: 119968K(222720K)->10656K(222720K) Eden: 111616K(111616K)->0K(111616K) From: 8352K(111104K)->10656K(111104K)
[318.552s][info][gc,heap        ] GC(1130) ParOldGen: 524647K(667648K)->524647K(667648K)
[318.552s][info][gc,metaspace   ] GC(1130) Metaspace: 18779K(18944K)->18779K(18944K) NonClass: 16950K(17088K)->16950K(17088K) Class: 1828K(1856K)->1828K(1856K)
[318.552s][info][gc             ] GC(1130) Pause Young (Allocation Failure) 629M->522M(869M) 12.496ms
[318.552s][info][gc,cpu         ] GC(1130) User=0.03s Sys=0.00s Real=0.01s
[318.790s][info][gc,start       ] GC(1131) Pause Young (Allocation Failure)
[318.801s][info][gc,heap        ] GC(1131) PSYoungGen: 122272K(222720K)->10688K(222720K) Eden: 111616K(111616K)->0K(111616K) From: 10656K(111104K)->10688K(111104K)
[318.802s][info][gc,heap        ] GC(1131) ParOldGen: 524647K(667648K)->524647K(667648K)
[318.802s][info][gc,metaspace   ] GC(1131) Metaspace: 18779K(18944K)->18779K(18944K) NonClass: 16950K(17088K)->16950K(17088K) Class: 1828K(1856K)->1828K(1856K)
[318.802s][info][gc             ] GC(1131) Pause Young (Allocation Failure) 631M->522M(869M) 12.014ms
[318.802s][info][gc,cpu         ] GC(1131) User=0.02s Sys=0.00s Real=0.01s
[318.993s][info][gc,start       ] GC(1132) Pause Young (Allocation Failure)
[319.006s][info][gc,heap        ] GC(1132) PSYoungGen: 122304K(222720K)->10816K(218624K) Eden: 111616K(111616K)->0K(111616K) From: 10688K(111104K)->10816K(107008K)
[319.006s][info][gc,heap        ] GC(1132) ParOldGen: 524647K(667648K)->524647K(667648K)
[319.006s][info][gc,metaspace   ] GC(1132) Metaspace: 18779K(18944K)->18779K(18944K) NonClass: 16950K(17088K)->16950K(17088K) Class: 1828K(1856K)->1828K(1856K)
[319.006s][info][gc             ] GC(1132) Pause Young (Allocation Failure) 631M->522M(865M) 13.049ms
[319.006s][info][gc,cpu         ] GC(1132) User=0.03s Sys=0.00s Real=0.02s
[319.207s][info][gc,start       ] GC(1133) Pause Young (Allocation Failure)
[319.220s][info][gc,heap        ] GC(1133) PSYoungGen: 122432K(218624K)->10848K(220672K) Eden: 111616K(111616K)->0K(111616K) From: 10816K(107008K)->10848K(109056K)
[319.220s][info][gc,heap        ] GC(1133) ParOldGen: 524647K(667648K)->524647K(667648K)
[319.220s][info][gc,metaspace   ] GC(1133) Metaspace: 18779K(18944K)->18779K(18944K) NonClass: 16950K(17088K)->16950K(17088K) Class: 1828K(1856K)->1828K(1856K)
[319.220s][info][gc             ] GC(1133) Pause Young (Allocation Failure) 631M->522M(867M) 13.298ms
[319.220s][info][gc,cpu         ] GC(1133) User=0.02s Sys=0.00s Real=0.01s
[319.394s][info][gc,start       ] GC(1134) Pause Young (Allocation Failure)
[319.408s][info][gc,heap        ] GC(1134) PSYoungGen: 122464K(220672K)->10848K(213504K) Eden: 111616K(111616K)->0K(116224K) From: 10848K(109056K)->10848K(97280K)
[319.408s][info][gc,heap        ] GC(1134) ParOldGen: 524647K(667648K)->524647K(667648K)
[319.408s][info][gc,metaspace   ] GC(1134) Metaspace: 18779K(18944K)->18779K(18944K) NonClass: 16950K(17088K)->16950K(17088K) Class: 1828K(1856K)->1828K(1856K)
[319.408s][info][gc             ] GC(1134) Pause Young (Allocation Failure) 631M->522M(860M) 13.600ms
[319.408s][info][gc,cpu         ] GC(1134) User=0.03s Sys=0.00s Real=0.01s
[319.625s][info][gc,start       ] GC(1135) Pause Young (Allocation Failure)
[319.638s][info][gc,heap        ] GC(1135) PSYoungGen: 127072K(213504K)->10880K(218112K) Eden: 116224K(116224K)->0K(116224K) From: 10848K(97280K)->10880K(101888K)
[319.638s][info][gc,heap        ] GC(1135) ParOldGen: 524647K(667648K)->524647K(667648K)
[319.638s][info][gc,metaspace   ] GC(1135) Metaspace: 18779K(18944K)->18779K(18944K) NonClass: 16950K(17088K)->16950K(17088K) Class: 1828K(1856K)->1828K(1856K)
[319.638s][info][gc             ] GC(1135) Pause Young (Allocation Failure) 636M->522M(865M) 13.001ms
[319.638s][info][gc,cpu         ] GC(1135) User=0.02s Sys=0.00s Real=0.01s
[319.771s][info][gc,start       ] GC(1136) Pause Young (Allocation Failure)
[319.797s][info][gc,heap        ] GC(1136) PSYoungGen: 127104K(218112K)->24832K(206848K) Eden: 116224K(116224K)->0K(121344K) From: 10880K(101888K)->24832K(85504K)
[319.797s][info][gc,heap        ] GC(1136) ParOldGen: 524647K(667648K)->524647K(667648K)
[319.797s][info][gc,metaspace   ] GC(1136) Metaspace: 18779K(18944K)->18779K(18944K) NonClass: 16950K(17088K)->16950K(17088K) Class: 1828K(1856K)->1828K(1856K)
[319.797s][info][gc             ] GC(1136) Pause Young (Allocation Failure) 636M->536M(854M) 26.221ms
[319.797s][info][gc,cpu         ] GC(1136) User=0.05s Sys=0.00s Real=0.03s
[319.921s][info][gc,start       ] GC(1137) Pause Young (Allocation Failure)
[319.947s][info][gc,heap        ] GC(1137) PSYoungGen: 146176K(206848K)->24832K(212992K) Eden: 121344K(121344K)->0K(121344K) From: 24832K(85504K)->24832K(91648K)
[319.947s][info][gc,heap        ] GC(1137) ParOldGen: 524647K(667648K)->524647K(667648K)
[319.948s][info][gc,metaspace   ] GC(1137) Metaspace: 18779K(18944K)->18779K(18944K) NonClass: 16950K(17088K)->16950K(17088K) Class: 1828K(1856K)->1828K(1856K)
[319.948s][info][gc             ] GC(1137) Pause Young (Allocation Failure) 655M->536M(860M) 26.663ms
[319.948s][info][gc,cpu         ] GC(1137) User=0.05s Sys=0.00s Real=0.03s
[320.051s][info][gc,start       ] GC(1138) Pause Young (Allocation Failure)
[320.096s][info][gc,heap        ] GC(1138) PSYoungGen: 146176K(212992K)->54864K(209408K) Eden: 121344K(121344K)->0K(123392K) From: 24832K(91648K)->54864K(86016K)
[320.096s][info][gc,heap        ] GC(1138) ParOldGen: 524647K(667648K)->524647K(667648K)
[320.096s][info][gc,metaspace   ] GC(1138) Metaspace: 18779K(18944K)->18779K(18944K) NonClass: 16950K(17088K)->16950K(17088K) Class: 1828K(1856K)->1828K(1856K)
[320.096s][info][gc             ] GC(1138) Pause Young (Allocation Failure) 655M->565M(856M) 45.671ms
[320.096s][info][gc,cpu         ] GC(1138) User=0.09s Sys=0.00s Real=0.05s
[320.225s][info][gc,start       ] GC(1139) Pause Young (Allocation Failure)
[320.287s][info][gc,heap        ] GC(1139) PSYoungGen: 178256K(209408K)->81888K(213504K) Eden: 123392K(123392K)->0K(123392K) From: 54864K(86016K)->81888K(90112K)
[320.287s][info][gc,heap        ] GC(1139) ParOldGen: 524647K(667648K)->524647K(667648K)
[320.287s][info][gc,metaspace   ] GC(1139) Metaspace: 18779K(18944K)->18779K(18944K) NonClass: 16950K(17088K)->16950K(17088K) Class: 1828K(1856K)->1828K(1856K)
[320.288s][info][gc             ] GC(1139) Pause Young (Allocation Failure) 686M->592M(860M) 62.348ms
[320.288s][info][gc,cpu         ] GC(1139) User=0.13s Sys=0.00s Real=0.06s
[320.461s][info][gc,start       ] GC(1140) Pause Young (Allocation Failure)
[320.554s][info][gc,heap        ] GC(1140) PSYoungGen: 205280K(213504K)->96480K(215040K) Eden: 123392K(123392K)->0K(111616K) From: 81888K(90112K)->96480K(103424K)
[320.554s][info][gc,heap        ] GC(1140) ParOldGen: 524647K(667648K)->524647K(667648K)
[320.554s][info][gc,metaspace   ] GC(1140) Metaspace: 18779K(18944K)->18779K(18944K) NonClass: 16950K(17088K)->16950K(17088K) Class: 1828K(1856K)->1828K(1856K)
[320.554s][info][gc             ] GC(1140) Pause Young (Allocation Failure) 712M->606M(862M) 93.055ms
[320.554s][info][gc,cpu         ] GC(1140) User=0.16s Sys=0.02s Real=0.10s
[320.699s][info][gc,start       ] GC(1141) Pause Young (Allocation Failure)
[320.780s][info][gc,heap        ] GC(1141) PSYoungGen: 208096K(215040K)->96064K(222720K) Eden: 111616K(111616K)->0K(111616K) From: 96480K(103424K)->96064K(111104K)
[320.780s][info][gc,heap        ] GC(1141) ParOldGen: 524647K(667648K)->525063K(667648K)
[320.780s][info][gc,metaspace   ] GC(1141) Metaspace: 18779K(18944K)->18779K(18944K) NonClass: 16950K(17088K)->16950K(17088K) Class: 1828K(1856K)->1828K(1856K)
[320.780s][info][gc             ] GC(1141) Pause Young (Allocation Failure) 715M->606M(869M) 81.277ms
[320.780s][info][gc,cpu         ] GC(1141) User=0.16s Sys=0.00s Real=0.08s
[320.924s][info][gc,start       ] GC(1142) Pause Young (Allocation Failure)
[321.005s][info][gc,heap        ] GC(1142) PSYoungGen: 207680K(222720K)->88160K(222720K) Eden: 111616K(111616K)->0K(111616K) From: 96064K(111104K)->88160K(111104K)
[321.005s][info][gc,heap        ] GC(1142) ParOldGen: 525063K(667648K)->532999K(667648K)
[321.005s][info][gc,metaspace   ] GC(1142) Metaspace: 18779K(18944K)->18779K(18944K) NonClass: 16950K(17088K)->16950K(17088K) Class: 1828K(1856K)->1828K(1856K)
[321.005s][info][gc             ] GC(1142) Pause Young (Allocation Failure) 715M->606M(869M) 80.992ms
[321.005s][info][gc,cpu         ] GC(1142) User=0.16s Sys=0.00s Real=0.08s
[321.149s][info][gc,start       ] GC(1143) Pause Young (Allocation Failure)
[321.222s][info][gc,heap        ] GC(1143) PSYoungGen: 199776K(222720K)->85824K(222720K) Eden: 111616K(111616K)->0K(111616K) From: 88160K(111104K)->85824K(111104K)
[321.222s][info][gc,heap        ] GC(1143) ParOldGen: 532999K(667648K)->535343K(667648K)
[321.222s][info][gc,metaspace   ] GC(1143) Metaspace: 18779K(18944K)->18779K(18944K) NonClass: 16950K(17088K)->16950K(17088K) Class: 1828K(1856K)->1828K(1856K)
[321.222s][info][gc             ] GC(1143) Pause Young (Allocation Failure) 715M->606M(869M) 73.245ms
[321.222s][info][gc,cpu         ] GC(1143) User=0.14s Sys=0.00s Real=0.07s
[321.365s][info][gc,start       ] GC(1144) Pause Young (Allocation Failure)
[321.436s][info][gc,heap        ] GC(1144) PSYoungGen: 197440K(222720K)->85664K(222720K) Eden: 111616K(111616K)->0K(111616K) From: 85824K(111104K)->85664K(111104K)
[321.436s][info][gc,heap        ] GC(1144) ParOldGen: 535343K(667648K)->535501K(667648K)
[321.436s][info][gc,metaspace   ] GC(1144) Metaspace: 18779K(18944K)->18779K(18944K) NonClass: 16950K(17088K)->16950K(17088K) Class: 1828K(1856K)->1828K(1856K)
[321.436s][info][gc             ] GC(1144) Pause Young (Allocation Failure) 715M->606M(869M) 70.723ms
[321.436s][info][gc,cpu         ] GC(1144) User=0.14s Sys=0.00s Real=0.07s
[321.580s][info][gc,start       ] GC(1145) Pause Young (Allocation Failure)
[321.651s][info][gc,heap        ] GC(1145) PSYoungGen: 197280K(222720K)->85664K(222720K) Eden: 111616K(111616K)->0K(111616K) From: 85664K(111104K)->85664K(111104K)
[321.651s][info][gc,heap        ] GC(1145) ParOldGen: 535501K(667648K)->535533K(667648K)
[321.651s][info][gc,metaspace   ] GC(1145) Metaspace: 18779K(18944K)->18779K(18944K) NonClass: 16950K(17088K)->16950K(17088K) Class: 1828K(1856K)->1828K(1856K)
[321.651s][info][gc             ] GC(1145) Pause Young (Allocation Failure) 715M->606M(869M) 70.935ms
[321.651s][info][gc,cpu         ] GC(1145) User=0.13s Sys=0.00s Real=0.07s
[321.795s][info][gc,start       ] GC(1146) Pause Young (Allocation Failure)
[321.865s][info][gc,heap        ] GC(1146) PSYoungGen: 197280K(222720K)->71648K(222720K) Eden: 111616K(111616K)->0K(111616K) From: 85664K(111104K)->71648K(111104K)
[321.865s][info][gc,heap        ] GC(1146) ParOldGen: 535533K(667648K)->549589K(667648K)
[321.865s][info][gc,metaspace   ] GC(1146) Metaspace: 18779K(18944K)->18779K(18944K) NonClass: 16950K(17088K)->16950K(17088K) Class: 1828K(1856K)->1828K(1856K)
[321.865s][info][gc             ] GC(1146) Pause Young (Allocation Failure) 715M->606M(869M) 69.962ms
[321.865s][info][gc,cpu         ] GC(1146) User=0.14s Sys=0.00s Real=0.07s
[322.012s][info][gc,start       ] GC(1147) Pause Young (Allocation Failure)
[322.070s][info][gc,heap        ] GC(1147) PSYoungGen: 183264K(222720K)->14656K(222720K) Eden: 111616K(111616K)->0K(111616K) From: 71648K(111104K)->14656K(111104K)
[322.071s][info][gc,heap        ] GC(1147) ParOldGen: 549589K(667648K)->607220K(667648K)
[322.071s][info][gc,metaspace   ] GC(1147) Metaspace: 18779K(18944K)->18779K(18944K) NonClass: 16950K(17088K)->16950K(17088K) Class: 1828K(1856K)->1828K(1856K)
[322.071s][info][gc             ] GC(1147) Pause Young (Allocation Failure) 715M->607M(869M) 58.838ms
[322.071s][info][gc,cpu         ] GC(1147) User=0.12s Sys=0.00s Real=0.06s
[322.213s][info][gc,start       ] GC(1148) Pause Young (Allocation Failure)
[322.239s][info][gc,heap        ] GC(1148) PSYoungGen: 126272K(222720K)->64K(222720K) Eden: 111616K(111616K)->0K(111616K) From: 14656K(111104K)->64K(111104K)
[322.239s][info][gc,heap        ] GC(1148) ParOldGen: 607220K(667648K)->621884K(667648K)
[322.239s][info][gc,metaspace   ] GC(1148) Metaspace: 18779K(18944K)->18779K(18944K) NonClass: 16950K(17088K)->16950K(17088K) Class: 1828K(1856K)->1828K(1856K)
[322.239s][info][gc             ] GC(1148) Pause Young (Allocation Failure) 716M->607M(869M) 25.537ms
[322.239s][info][gc,cpu         ] GC(1148) User=0.05s Sys=0.00s Real=0.03s
[322.381s][info][gc,start       ] GC(1149) Pause Full (Allocation Failure)
[322.381s][info][gc,phases,start] GC(1149) Marking Phase
[322.563s][info][gc,phases      ] GC(1149) Marking Phase 182.086ms
[322.563s][info][gc,phases,start] GC(1149) Summary Phase
[322.563s][info][gc,phases      ] GC(1149) Summary Phase 0.030ms
[322.563s][info][gc,phases,start] GC(1149) Forward
[322.612s][info][gc,phases      ] GC(1149) Forward 48.600ms
[322.612s][info][gc,phases,start] GC(1149) Adjust Pointers
[322.776s][info][gc,phases      ] GC(1149) Adjust Pointers 164.336ms
[322.776s][info][gc,phases,start] GC(1149) Compaction Phase
[322.853s][info][gc,phases      ] GC(1149) Compaction Phase 76.397ms
[322.860s][info][gc,phases,start] GC(1149) Post Compact
[322.863s][info][gc,phases      ] GC(1149) Post Compact 2.226ms
[322.866s][info][gc,heap        ] GC(1149) PSYoungGen: 111680K(222720K)->0K(222720K) Eden: 111616K(111616K)->0K(111616K) From: 64K(111104K)->0K(111104K)
[322.866s][info][gc,heap        ] GC(1149) ParOldGen: 621884K(667648K)->309094K(587776K)
[322.866s][info][gc,metaspace   ] GC(1149) Metaspace: 18779K(18944K)->18779K(18944K) NonClass: 16950K(17088K)->16950K(17088K) Class: 1828K(1856K)->1828K(1856K)
[322.866s][info][gc             ] GC(1149) Pause Full (Allocation Failure) 716M->301M(791M) 485.096ms
[322.866s][info][gc,cpu         ] GC(1149) User=0.92s Sys=0.01s Real=0.49s
[322.977s][info][gc,start       ] GC(1150) Pause Young (Allocation Failure)
[323.010s][info][gc,heap        ] GC(1150) PSYoungGen: 111616K(222720K)->26720K(222720K) Eden: 111616K(111616K)->0K(111616K) From: 0K(111104K)->26720K(111104K)
[323.010s][info][gc,heap        ] GC(1150) ParOldGen: 309094K(587776K)->309094K(587776K)
[323.010s][info][gc,metaspace   ] GC(1150) Metaspace: 18779K(18944K)->18779K(18944K) NonClass: 16950K(17088K)->16950K(17088K) Class: 1828K(1856K)->1828K(1856K)
[323.010s][info][gc             ] GC(1150) Pause Young (Allocation Failure) 410M->327M(791M) 32.649ms
[323.010s][info][gc,cpu         ] GC(1150) User=0.07s Sys=0.00s Real=0.03s
[323.100s][info][gc,start       ] GC(1151) Pause Young (Allocation Failure)
[323.145s][info][gc,heap        ] GC(1151) PSYoungGen: 138336K(222720K)->44544K(222720K) Eden: 111616K(111616K)->0K(111616K) From: 26720K(111104K)->44544K(111104K)
[323.145s][info][gc,heap        ] GC(1151) ParOldGen: 309094K(587776K)->309094K(587776K)
[323.145s][info][gc,metaspace   ] GC(1151) Metaspace: 18779K(18944K)->18779K(18944K) NonClass: 16950K(17088K)->16950K(17088K) Class: 1828K(1856K)->1828K(1856K)
[323.145s][info][gc             ] GC(1151) Pause Young (Allocation Failure) 436M->345M(791M) 44.703ms
[323.145s][info][gc,cpu         ] GC(1151) User=0.09s Sys=0.00s Real=0.05s
[323.223s][info][gc,start       ] GC(1152) Pause Young (Allocation Failure)
[323.291s][info][gc,heap        ] GC(1152) PSYoungGen: 156160K(222720K)->68032K(222720K) Eden: 111616K(111616K)->0K(111616K) From: 44544K(111104K)->68032K(111104K)
[323.291s][info][gc,heap        ] GC(1152) ParOldGen: 309094K(587776K)->309094K(587776K)
[323.291s][info][gc,metaspace   ] GC(1152) Metaspace: 18779K(18944K)->18779K(18944K) NonClass: 16950K(17088K)->16950K(17088K) Class: 1828K(1856K)->1828K(1856K)
[323.291s][info][gc             ] GC(1152) Pause Young (Allocation Failure) 454M->368M(791M) 68.067ms
[323.291s][info][gc,cpu         ] GC(1152) User=0.13s Sys=0.00s Real=0.07s
[323.351s][info][gc,start       ] GC(1153) Pause Young (Allocation Failure)
[323.425s][info][gc,heap        ] GC(1153) PSYoungGen: 179648K(222720K)->48416K(222720K) Eden: 111616K(111616K)->0K(111616K) From: 68032K(111104K)->48416K(111104K)
[323.425s][info][gc,heap        ] GC(1153) ParOldGen: 309094K(587776K)->335902K(587776K)
[323.425s][info][gc,metaspace   ] GC(1153) Metaspace: 18779K(18944K)->18779K(18944K) NonClass: 16950K(17088K)->16950K(17088K) Class: 1828K(1856K)->1828K(1856K)
[323.425s][info][gc             ] GC(1153) Pause Young (Allocation Failure) 477M->375M(791M) 73.983ms
[323.425s][info][gc,cpu         ] GC(1153) User=0.15s Sys=0.00s Real=0.08s
[323.504s][info][gc,start       ] GC(1154) Pause Young (Allocation Failure)
[323.570s][info][gc,heap        ] GC(1154) PSYoungGen: 160032K(222720K)->25440K(222720K) Eden: 111616K(111616K)->0K(111616K) From: 48416K(111104K)->25440K(111104K)
[323.570s][info][gc,heap        ] GC(1154) ParOldGen: 335902K(587776K)->377358K(587776K)
[323.570s][info][gc,metaspace   ] GC(1154) Metaspace: 18779K(18944K)->18779K(18944K) NonClass: 16950K(17088K)->16950K(17088K) Class: 1828K(1856K)->1828K(1856K)
[323.570s][info][gc             ] GC(1154) Pause Young (Allocation Failure) 484M->393M(791M) 66.066ms
[323.570s][info][gc,cpu         ] GC(1154) User=0.14s Sys=0.00s Real=0.06s
[323.661s][info][gc,start       ] GC(1155) Pause Young (Allocation Failure)
[323.703s][info][gc,heap        ] GC(1155) PSYoungGen: 137056K(222720K)->9824K(222720K) Eden: 111616K(111616K)->0K(111616K) From: 25440K(111104K)->9824K(111104K)
[323.703s][info][gc,heap        ] GC(1155) ParOldGen: 377358K(587776K)->402838K(587776K)
[323.703s][info][gc,metaspace   ] GC(1155) Metaspace: 18779K(18944K)->18779K(18944K) NonClass: 16950K(17088K)->16950K(17088K) Class: 1828K(1856K)->1828K(1856K)
[323.703s][info][gc             ] GC(1155) Pause Young (Allocation Failure) 502M->402M(791M) 42.069ms
[323.703s][info][gc,cpu         ] GC(1155) User=0.08s Sys=0.00s Real=0.04s
[323.758s][info][gc,start       ] GC(1156) Pause Young (Allocation Failure)
[323.778s][info][gc,heap        ] GC(1156) PSYoungGen: 121440K(222720K)->7424K(222720K) Eden: 111616K(111616K)->0K(111616K) From: 9824K(111104K)->7424K(111104K)
[323.778s][info][gc,heap        ] GC(1156) ParOldGen: 402838K(587776K)->412686K(587776K)
[323.778s][info][gc,metaspace   ] GC(1156) Metaspace: 18779K(18944K)->18779K(18944K) NonClass: 16950K(17088K)->16950K(17088K) Class: 1828K(1856K)->1828K(1856K)
[323.778s][info][gc             ] GC(1156) Pause Young (Allocation Failure) 511M->410M(791M) 20.325ms
[323.778s][info][gc,cpu         ] GC(1156) User=0.04s Sys=0.00s Real=0.02s
[323.827s][info][gc,start       ] GC(1157) Pause Young (Allocation Failure)
[323.840s][info][gc,heap        ] GC(1157) PSYoungGen: 119040K(222720K)->2432K(222720K) Eden: 111616K(111616K)->0K(111616K) From: 7424K(111104K)->2432K(111104K)
[323.840s][info][gc,heap        ] GC(1157) ParOldGen: 412686K(587776K)->420110K(587776K)
[323.840s][info][gc,metaspace   ] GC(1157) Metaspace: 18779K(18944K)->18779K(18944K) NonClass: 16950K(17088K)->16950K(17088K) Class: 1828K(1856K)->1828K(1856K)
[323.840s][info][gc             ] GC(1157) Pause Young (Allocation Failure) 519M->412M(791M) 12.380ms
[323.840s][info][gc,cpu         ] GC(1157) User=0.03s Sys=0.00s Real=0.01s
[323.915s][info][gc,start       ] GC(1158) Pause Young (Allocation Failure)
[323.924s][info][gc,heap        ] GC(1158) PSYoungGen: 114048K(222720K)->4960K(222720K) Eden: 111616K(111616K)->0K(111616K) From: 2432K(111104K)->4960K(111104K)
[323.924s][info][gc,heap        ] GC(1158) ParOldGen: 420110K(587776K)->422518K(587776K)
[323.924s][info][gc,metaspace   ] GC(1158) Metaspace: 18779K(18944K)->18779K(18944K) NonClass: 16950K(17088K)->16950K(17088K) Class: 1828K(1856K)->1828K(1856K)
[323.924s][info][gc             ] GC(1158) Pause Young (Allocation Failure) 521M->417M(791M) 9.808ms
[323.924s][info][gc,cpu         ] GC(1158) User=0.01s Sys=0.00s Real=0.01s
[323.998s][info][gc,start       ] GC(1159) Pause Young (Allocation Failure)
[324.016s][info][gc,heap        ] GC(1159) PSYoungGen: 116576K(222720K)->7200K(119296K) Eden: 111616K(111616K)->0K(111616K) From: 4960K(111104K)->7200K(7680K)
[324.016s][info][gc,heap        ] GC(1159) ParOldGen: 422518K(587776K)->427470K(587776K)
[324.016s][info][gc,metaspace   ] GC(1159) Metaspace: 18779K(18944K)->18779K(18944K) NonClass: 16950K(17088K)->16950K(17088K) Class: 1828K(1856K)->1828K(1856K)
[324.016s][info][gc             ] GC(1159) Pause Young (Allocation Failure) 526M->424M(690M) 17.700ms
[324.016s][info][gc,cpu         ] GC(1159) User=0.04s Sys=0.00s Real=0.02s
[324.118s][info][gc,start       ] GC(1160) Pause Young (Allocation Failure)
[324.132s][info][gc,heap        ] GC(1160) PSYoungGen: 118816K(119296K)->8480K(225280K) Eden: 111616K(111616K)->0K(115712K) From: 7200K(7680K)->8480K(109568K)
[324.132s][info][gc,heap        ] GC(1160) ParOldGen: 427470K(587776K)->427470K(587776K)
[324.132s][info][gc,metaspace   ] GC(1160) Metaspace: 18779K(18944K)->18779K(18944K) NonClass: 16950K(17088K)->16950K(17088K) Class: 1828K(1856K)->1828K(1856K)
[324.132s][info][gc             ] GC(1160) Pause Young (Allocation Failure) 533M->425M(794M) 14.237ms
[324.132s][info][gc,cpu         ] GC(1160) User=0.03s Sys=0.00s Real=0.01s
[324.258s][info][gc,start       ] GC(1161) Pause Young (Allocation Failure)
[324.278s][info][gc,heap        ] GC(1161) PSYoungGen: 124192K(225280K)->12000K(128000K) Eden: 115712K(115712K)->0K(115712K) From: 8480K(109568K)->12000K(12288K)
[324.278s][info][gc,heap        ] GC(1161) ParOldGen: 427470K(587776K)->427470K(587776K)
[324.278s][info][gc,metaspace   ] GC(1161) Metaspace: 18779K(18944K)->18779K(18944K) NonClass: 16950K(17088K)->16950K(17088K) Class: 1828K(1856K)->1828K(1856K)
[324.278s][info][gc             ] GC(1161) Pause Young (Allocation Failure) 538M->429M(699M) 20.413ms
[324.278s][info][gc,cpu         ] GC(1161) User=0.04s Sys=0.00s Real=0.02s
[324.401s][info][gc,start       ] GC(1162) Pause Young (Allocation Failure)
[324.416s][info][gc,heap        ] GC(1162) PSYoungGen: 127712K(128000K)->12032K(219648K) Eden: 115712K(115712K)->0K(123904K) From: 12000K(12288K)->12032K(95744K)
[324.416s][info][gc,heap        ] GC(1162) ParOldGen: 427470K(587776K)->427470K(587776K)
[324.416s][info][gc,metaspace   ] GC(1162) Metaspace: 18779K(18944K)->18779K(18944K) NonClass: 16950K(17088K)->16950K(17088K) Class: 1828K(1856K)->1828K(1856K)
[324.416s][info][gc             ] GC(1162) Pause Young (Allocation Failure) 542M->429M(788M) 14.925ms
[324.416s][info][gc,cpu         ] GC(1162) User=0.03s Sys=0.00s Real=0.02s
[324.573s][info][gc,start       ] GC(1163) Pause Young (Allocation Failure)
[324.588s][info][gc,heap        ] GC(1163) PSYoungGen: 135936K(219648K)->12224K(219648K) Eden: 123904K(123904K)->0K(123904K) From: 12032K(95744K)->12224K(95744K)
[324.588s][info][gc,heap        ] GC(1163) ParOldGen: 427470K(587776K)->427470K(587776K)
[324.588s][info][gc,metaspace   ] GC(1163) Metaspace: 18779K(18944K)->18779K(18944K) NonClass: 16950K(17088K)->16950K(17088K) Class: 1828K(1856K)->1828K(1856K)
[324.588s][info][gc             ] GC(1163) Pause Young (Allocation Failure) 550M->429M(788M) 15.009ms
[324.588s][info][gc,cpu         ] GC(1163) User=0.03s Sys=0.01s Real=0.02s
[324.749s][info][gc,start       ] GC(1164) Pause Young (Allocation Failure)
[324.780s][info][gc,heap        ] GC(1164) PSYoungGen: 136128K(219648K)->28448K(212992K) Eden: 123904K(123904K)->0K(132096K) From: 12224K(95744K)->28448K(80896K)
[324.780s][info][gc,heap        ] GC(1164) ParOldGen: 427470K(587776K)->427470K(587776K)
[324.780s][info][gc,metaspace   ] GC(1164) Metaspace: 18779K(18944K)->18779K(18944K) NonClass: 16950K(17088K)->16950K(17088K) Class: 1828K(1856K)->1828K(1856K)
[324.780s][info][gc             ] GC(1164) Pause Young (Allocation Failure) 550M->445M(782M) 30.666ms
[324.780s][info][gc,cpu         ] GC(1164) User=0.05s Sys=0.00s Real=0.03s
[325.168s][info][gc,start       ] GC(1165) Pause Young (Allocation Failure)
[325.204s][info][gc,heap        ] GC(1165) PSYoungGen: 160544K(212992K)->35160K(218112K) Eden: 132096K(132096K)->0K(132096K) From: 28448K(80896K)->35160K(86016K)
[325.204s][info][gc,heap        ] GC(1165) ParOldGen: 427470K(587776K)->427470K(587776K)
[325.204s][info][gc,metaspace   ] GC(1165) Metaspace: 18779K(18944K)->18779K(18944K) NonClass: 16950K(17088K)->16950K(17088K) Class: 1828K(1856K)->1828K(1856K)
[325.204s][info][gc             ] GC(1165) Pause Young (Allocation Failure) 574M->451M(787M) 36.139ms
[325.204s][info][gc,cpu         ] GC(1165) User=0.08s Sys=0.00s Real=0.04s
[325.347s][info][gc,start       ] GC(1166) Pause Young (Allocation Failure)
[325.399s][info][gc,heap        ] GC(1166) PSYoungGen: 167256K(218112K)->51032K(220160K) Eden: 132096K(132096K)->0K(136192K) From: 35160K(86016K)->51032K(83968K)
[325.400s][info][gc,heap        ] GC(1166) ParOldGen: 427470K(587776K)->427470K(587776K)
[325.400s][info][gc,metaspace   ] GC(1166) Metaspace: 18779K(18944K)->18779K(18944K) NonClass: 16950K(17088K)->16950K(17088K) Class: 1828K(1856K)->1828K(1856K)
[325.400s][info][gc             ] GC(1166) Pause Young (Allocation Failure) 580M->467M(789M) 52.723ms
[325.400s][info][gc,cpu         ] GC(1166) User=0.10s Sys=0.00s Real=0.05s
[325.551s][info][gc,start       ] GC(1167) Pause Young (Allocation Failure)
[325.625s][info][gc,heap        ] GC(1167) PSYoungGen: 187224K(220160K)->86160K(223744K) Eden: 136192K(136192K)->0K(136192K) From: 51032K(83968K)->86160K(87552K)
[325.625s][info][gc,heap        ] GC(1167) ParOldGen: 427470K(587776K)->427470K(587776K)
[325.625s][info][gc,metaspace   ] GC(1167) Metaspace: 18780K(18944K)->18780K(18944K) NonClass: 16951K(17088K)->16951K(17088K) Class: 1828K(1856K)->1828K(1856K)
[325.625s][info][gc             ] GC(1167) Pause Young (Allocation Failure) 600M->501M(792M) 74.687ms
[325.625s][info][gc,cpu         ] GC(1167) User=0.15s Sys=0.00s Real=0.08s
[325.801s][info][gc,start       ] GC(1168) Pause Young (Allocation Failure)
[325.912s][info][gc,heap        ] GC(1168) PSYoungGen: 222352K(223744K)->102880K(214528K) Eden: 136192K(136192K)->0K(111616K) From: 86160K(87552K)->102880K(102912K)
[325.912s][info][gc,heap        ] GC(1168) ParOldGen: 427470K(587776K)->446686K(587776K)
[325.912s][info][gc,metaspace   ] GC(1168) Metaspace: 18780K(18944K)->18780K(18944K) NonClass: 16951K(17088K)->16951K(17088K) Class: 1828K(1856K)->1828K(1856K)
[325.912s][info][gc             ] GC(1168) Pause Young (Allocation Failure) 634M->536M(783M) 111.149ms
[325.912s][info][gc,cpu         ] GC(1168) User=0.20s Sys=0.02s Real=0.11s
[326.098s][info][gc,start       ] GC(1169) Pause Young (Allocation Failure)
[326.185s][info][gc,heap        ] GC(1169) PSYoungGen: 214496K(214528K)->94608K(222720K) Eden: 111616K(111616K)->0K(111616K) From: 102880K(102912K)->94608K(111104K)
[326.185s][info][gc,heap        ] GC(1169) ParOldGen: 446686K(587776K)->455166K(587776K)
[326.185s][info][gc,metaspace   ] GC(1169) Metaspace: 18780K(18944K)->18780K(18944K) NonClass: 16951K(17088K)->16951K(17088K) Class: 1828K(1856K)->1828K(1856K)
[326.185s][info][gc             ] GC(1169) Pause Young (Allocation Failure) 645M->536M(791M) 86.822ms
[326.185s][info][gc,cpu         ] GC(1169) User=0.18s Sys=0.00s Real=0.09s
[326.378s][info][gc,start       ] GC(1170) Pause Young (Allocation Failure)
[326.460s][info][gc,heap        ] GC(1170) PSYoungGen: 206224K(222720K)->91392K(222720K) Eden: 111616K(111616K)->0K(111616K) From: 94608K(111104K)->91392K(111104K)
[326.460s][info][gc,heap        ] GC(1170) ParOldGen: 455166K(587776K)->458734K(587776K)
[326.460s][info][gc,metaspace   ] GC(1170) Metaspace: 18780K(18944K)->18780K(18944K) NonClass: 16951K(17088K)->16951K(17088K) Class: 1828K(1856K)->1828K(1856K)
[326.460s][info][gc             ] GC(1170) Pause Young (Allocation Failure) 645M->537M(791M) 81.744ms
[326.460s][info][gc,cpu         ] GC(1170) User=0.16s Sys=0.00s Real=0.08s
[326.603s][info][gc,start       ] GC(1171) Pause Young (Allocation Failure)
[326.681s][info][gc,heap        ] GC(1171) PSYoungGen: 203008K(222720K)->75280K(222720K) Eden: 111616K(111616K)->0K(111616K) From: 91392K(111104K)->75280K(111104K)
[326.681s][info][gc,heap        ] GC(1171) ParOldGen: 458734K(587776K)->475252K(587776K)
[326.681s][info][gc,metaspace   ] GC(1171) Metaspace: 18780K(18944K)->18780K(18944K) NonClass: 16951K(17088K)->16951K(17088K) Class: 1828K(1856K)->1828K(1856K)
[326.681s][info][gc             ] GC(1171) Pause Young (Allocation Failure) 646M->537M(791M) 77.884ms
[326.681s][info][gc,cpu         ] GC(1171) User=0.15s Sys=0.00s Real=0.08s
[326.847s][info][gc,start       ] GC(1172) Pause Young (Allocation Failure)
[326.912s][info][gc,heap        ] GC(1172) PSYoungGen: 186896K(222720K)->53193K(222720K) Eden: 111616K(111616K)->0K(111616K) From: 75280K(111104K)->53193K(111104K)
[326.912s][info][gc,heap        ] GC(1172) ParOldGen: 475252K(587776K)->497836K(587776K)
[326.912s][info][gc,metaspace   ] GC(1172) Metaspace: 18780K(18944K)->18780K(18944K) NonClass: 16951K(17088K)->16951K(17088K) Class: 1828K(1856K)->1828K(1856K)
[326.912s][info][gc             ] GC(1172) Pause Young (Allocation Failure) 646M->538M(791M) 64.630ms
[326.912s][info][gc,cpu         ] GC(1172) User=0.13s Sys=0.00s Real=0.06s
[327.007s][info][gc,start       ] GC(1173) Pause Young (Allocation Failure)
[327.053s][info][gc,heap        ] GC(1173) PSYoungGen: 164809K(222720K)->2665K(222720K) Eden: 111616K(111616K)->0K(111616K) From: 53193K(111104K)->2665K(111104K)
[327.053s][info][gc,heap        ] GC(1173) ParOldGen: 497836K(587776K)->550207K(587776K)
[327.053s][info][gc,metaspace   ] GC(1173) Metaspace: 18780K(18944K)->18780K(18944K) NonClass: 16951K(17088K)->16951K(17088K) Class: 1828K(1856K)->1828K(1856K)
[327.053s][info][gc             ] GC(1173) Pause Young (Allocation Failure) 647M->539M(791M) 46.344ms
[327.053s][info][gc,cpu         ] GC(1173) User=0.10s Sys=0.00s Real=0.04s
[327.142s][info][gc,start       ] GC(1174) Pause Young (Allocation Failure)
[327.151s][info][gc,heap        ] GC(1174) PSYoungGen: 114281K(222720K)->3241K(222720K) Eden: 111616K(111616K)->0K(111616K) From: 2665K(111104K)->3241K(111104K)
[327.151s][info][gc,heap        ] GC(1174) ParOldGen: 550207K(587776K)->550703K(587776K)
[327.151s][info][gc,metaspace   ] GC(1174) Metaspace: 18780K(18944K)->18780K(18944K) NonClass: 16951K(17088K)->16951K(17088K) Class: 1828K(1856K)->1828K(1856K)
[327.151s][info][gc             ] GC(1174) Pause Young (Allocation Failure) 648M->540M(791M) 8.644ms
[327.151s][info][gc,cpu         ] GC(1174) User=0.02s Sys=0.00s Real=0.01s
[327.371s][info][gc,start       ] GC(1175) Pause Young (Allocation Failure)
[327.410s][info][gc,heap        ] GC(1175) PSYoungGen: 114857K(222720K)->19233K(222720K) Eden: 111616K(111616K)->0K(111616K) From: 3241K(111104K)->19233K(111104K)
[327.410s][info][gc,heap        ] GC(1175) ParOldGen: 550703K(587776K)->551528K(587776K)
[327.410s][info][gc,metaspace   ] GC(1175) Metaspace: 18780K(18944K)->18780K(18944K) NonClass: 16951K(17088K)->16951K(17088K) Class: 1828K(1856K)->1828K(1856K)
[327.410s][info][gc             ] GC(1175) Pause Young (Allocation Failure) 649M->557M(791M) 38.838ms
[327.410s][info][gc,cpu         ] GC(1175) User=0.07s Sys=0.00s Real=0.04s
[327.598s][info][gc,start       ] GC(1176) Pause Young (Allocation Failure)
[327.642s][info][gc,heap        ] GC(1176) PSYoungGen: 130849K(222720K)->26849K(222720K) Eden: 111616K(111616K)->0K(111616K) From: 19233K(111104K)->26849K(111104K)
[327.642s][info][gc,heap        ] GC(1176) ParOldGen: 551528K(587776K)->553968K(587776K)
[327.642s][info][gc,metaspace   ] GC(1176) Metaspace: 18780K(18944K)->18780K(18944K) NonClass: 16951K(17088K)->16951K(17088K) Class: 1828K(1856K)->1828K(1856K)
[327.642s][info][gc             ] GC(1176) Pause Young (Allocation Failure) 666M->567M(791M) 43.824ms
[327.642s][info][gc,cpu         ] GC(1176) User=0.08s Sys=0.00s Real=0.04s
[327.764s][info][gc,start       ] GC(1177) Pause Young (Allocation Failure)
[327.818s][info][gc,heap        ] GC(1177) PSYoungGen: 138465K(222720K)->15520K(222720K) Eden: 111616K(111616K)->0K(111616K) From: 26849K(111104K)->15520K(111104K)
[327.818s][info][gc,heap        ] GC(1177) ParOldGen: 553968K(587776K)->580890K(587776K)
[327.818s][info][gc,metaspace   ] GC(1177) Metaspace: 18780K(18944K)->18780K(18944K) NonClass: 16951K(17088K)->16951K(17088K) Class: 1828K(1856K)->1828K(1856K)
[327.818s][info][gc             ] GC(1177) Pause Young (Allocation Failure) 676M->582M(791M) 53.992ms
[327.818s][info][gc,cpu         ] GC(1177) User=0.11s Sys=0.00s Real=0.05s
[327.946s][info][gc,start       ] GC(1178) Pause Young (Allocation Failure)
[327.980s][info][gc,heap        ] GC(1178) PSYoungGen: 127136K(222720K)->11008K(222720K) Eden: 111616K(111616K)->0K(111616K) From: 15520K(111104K)->11008K(111104K)
[327.980s][info][gc,heap        ] GC(1178) ParOldGen: 580890K(587776K)->596402K(596480K)
[327.980s][info][gc,metaspace   ] GC(1178) Metaspace: 18780K(18944K)->18780K(18944K) NonClass: 16951K(17088K)->16951K(17088K) Class: 1828K(1856K)->1828K(1856K)
[327.980s][info][gc             ] GC(1178) Pause Young (Allocation Failure) 691M->593M(800M) 33.843ms
[327.980s][info][gc,cpu         ] GC(1178) User=0.06s Sys=0.01s Real=0.03s
[328.061s][info][gc,start       ] GC(1179) Pause Young (Allocation Failure)
[328.082s][info][gc,heap        ] GC(1179) PSYoungGen: 122624K(222720K)->1792K(222720K) Eden: 111616K(111616K)->0K(111616K) From: 11008K(111104K)->1792K(111104K)
[328.082s][info][gc,heap        ] GC(1179) ParOldGen: 596402K(596480K)->607410K(607744K)
[328.082s][info][gc,metaspace   ] GC(1179) Metaspace: 18780K(18944K)->18780K(18944K) NonClass: 16951K(17088K)->16951K(17088K) Class: 1828K(1856K)->1828K(1856K)
[328.082s][info][gc             ] GC(1179) Pause Young (Allocation Failure) 702M->594M(811M) 21.197ms
[328.082s][info][gc,cpu         ] GC(1179) User=0.04s Sys=0.00s Real=0.02s
[328.213s][info][gc,start       ] GC(1180) Pause Young (Allocation Failure)
[328.225s][info][gc,heap        ] GC(1180) PSYoungGen: 113408K(222720K)->2304K(222720K) Eden: 111616K(111616K)->0K(111616K) From: 1792K(111104K)->2304K(111104K)
[328.225s][info][gc,heap        ] GC(1180) ParOldGen: 607410K(607744K)->609194K(609280K)
[328.225s][info][gc,metaspace   ] GC(1180) Metaspace: 18780K(18944K)->18780K(18944K) NonClass: 16951K(17088K)->16951K(17088K) Class: 1828K(1856K)->1828K(1856K)
[328.225s][info][gc             ] GC(1180) Pause Young (Allocation Failure) 703M->597M(812M) 12.256ms
[328.225s][info][gc,cpu         ] GC(1180) User=0.02s Sys=0.00s Real=0.02s
[328.373s][info][gc,start       ] GC(1181) Pause Young (Allocation Failure)
[328.385s][info][gc,heap        ] GC(1181) PSYoungGen: 113920K(222720K)->2848K(114688K) Eden: 111616K(111616K)->0K(111616K) From: 2304K(111104K)->2848K(3072K)
[328.385s][info][gc,heap        ] GC(1181) ParOldGen: 609194K(609280K)->611471K(611840K)
[328.385s][info][gc,metaspace   ] GC(1181) Metaspace: 18781K(18944K)->18781K(18944K) NonClass: 16952K(17088K)->16952K(17088K) Class: 1828K(1856K)->1828K(1856K)
[328.385s][info][gc             ] GC(1181) Pause Young (Allocation Failure) 706M->599M(709M) 12.127ms
[328.385s][info][gc,cpu         ] GC(1181) User=0.02s Sys=0.00s Real=0.02s
[328.476s][info][gc,start       ] GC(1182) Pause Young (Allocation Failure)
[328.482s][info][gc,heap        ] GC(1182) PSYoungGen: 114464K(114688K)->2912K(222208K) Eden: 111616K(111616K)->0K(115712K) From: 2848K(3072K)->2912K(106496K)
[328.482s][info][gc,heap        ] GC(1182) ParOldGen: 611471K(611840K)->611471K(611840K)
[328.482s][info][gc,metaspace   ] GC(1182) Metaspace: 18781K(18944K)->18781K(18944K) NonClass: 16952K(17088K)->16952K(17088K) Class: 1828K(1856K)->1828K(1856K)
[328.482s][info][gc             ] GC(1182) Pause Young (Allocation Failure) 708M->599M(814M) 5.945ms
[328.482s][info][gc,cpu         ] GC(1182) User=0.01s Sys=0.00s Real=0.00s
[328.555s][info][gc,start       ] GC(1183) Pause Young (Allocation Failure)
[328.561s][info][gc,heap        ] GC(1183) PSYoungGen: 118624K(222208K)->2912K(219648K) Eden: 115712K(115712K)->0K(115712K) From: 2912K(106496K)->2912K(103936K)
[328.561s][info][gc,heap        ] GC(1183) ParOldGen: 611471K(611840K)->611471K(611840K)
[328.561s][info][gc,metaspace   ] GC(1183) Metaspace: 18781K(18944K)->18781K(18944K) NonClass: 16952K(17088K)->16952K(17088K) Class: 1828K(1856K)->1828K(1856K)
[328.561s][info][gc             ] GC(1183) Pause Young (Allocation Failure) 712M->599M(812M) 5.698ms
[328.561s][info][gc,cpu         ] GC(1183) User=0.01s Sys=0.01s Real=0.00s
[328.760s][info][gc,start       ] GC(1184) Pause Young (Allocation Failure)
[328.773s][info][gc,heap        ] GC(1184) PSYoungGen: 118624K(219648K)->9632K(208896K) Eden: 115712K(115712K)->0K(121344K) From: 2912K(103936K)->9632K(87552K)
[328.773s][info][gc,heap        ] GC(1184) ParOldGen: 611471K(611840K)->611471K(611840K)
[328.773s][info][gc,metaspace   ] GC(1184) Metaspace: 18781K(18944K)->18781K(18944K) NonClass: 16952K(17088K)->16952K(17088K) Class: 1828K(1856K)->1828K(1856K)
[328.773s][info][gc             ] GC(1184) Pause Young (Allocation Failure) 712M->606M(801M) 13.285ms
[328.773s][info][gc,cpu         ] GC(1184) User=0.02s Sys=0.00s Real=0.01s
[328.868s][info][gc,start       ] GC(1185) Pause Young (Allocation Failure)
[328.890s][info][gc,heap        ] GC(1185) PSYoungGen: 130976K(208896K)->19760K(141312K) Eden: 121344K(121344K)->0K(121344K) From: 9632K(87552K)->19760K(19968K)
[328.890s][info][gc,heap        ] GC(1185) ParOldGen: 611471K(611840K)->611471K(611840K)
[328.890s][info][gc,metaspace   ] GC(1185) Metaspace: 18781K(18944K)->18781K(18944K) NonClass: 16952K(17088K)->16952K(17088K) Class: 1828K(1856K)->1828K(1856K)
[328.890s][info][gc             ] GC(1185) Pause Young (Allocation Failure) 725M->616M(735M) 21.614ms
[328.890s][info][gc,cpu         ] GC(1185) User=0.04s Sys=0.00s Real=0.02s
[329.014s][info][gc,start       ] GC(1186) Pause Young (Allocation Failure)
[329.050s][info][gc,heap        ] GC(1186) PSYoungGen: 141104K(141312K)->33824K(213504K) Eden: 121344K(121344K)->0K(129024K) From: 19760K(19968K)->33824K(84480K)
[329.050s][info][gc,heap        ] GC(1186) ParOldGen: 611471K(611840K)->611471K(611840K)
[329.050s][info][gc,metaspace   ] GC(1186) Metaspace: 18781K(18944K)->18781K(18944K) NonClass: 16952K(17088K)->16952K(17088K) Class: 1828K(1856K)->1828K(1856K)
[329.050s][info][gc             ] GC(1186) Pause Young (Allocation Failure) 734M->630M(806M) 35.188ms
[329.050s][info][gc,cpu         ] GC(1186) User=0.07s Sys=0.00s Real=0.03s
[329.239s][info][gc,start       ] GC(1187) Pause Young (Allocation Failure)
[329.274s][info][gc,heap        ] GC(1187) PSYoungGen: 162848K(213504K)->33856K(214016K) Eden: 129024K(129024K)->0K(129024K) From: 33824K(84480K)->33856K(84992K)
[329.274s][info][gc,heap        ] GC(1187) ParOldGen: 611471K(611840K)->611471K(611840K)
[329.274s][info][gc,metaspace   ] GC(1187) Metaspace: 18781K(18944K)->18781K(18944K) NonClass: 16952K(17088K)->16952K(17088K) Class: 1828K(1856K)->1828K(1856K)
[329.274s][info][gc             ] GC(1187) Pause Young (Allocation Failure) 756M->630M(806M) 34.561ms
[329.274s][info][gc,cpu         ] GC(1187) User=0.07s Sys=0.00s Real=0.04s
[329.462s][info][gc,start       ] GC(1188) Pause Young (Allocation Failure)
[329.498s][info][gc,heap        ] GC(1188) PSYoungGen: 162880K(214016K)->33952K(216064K) Eden: 129024K(129024K)->0K(137216K) From: 33856K(84992K)->33952K(78848K)
[329.498s][info][gc,heap        ] GC(1188) ParOldGen: 611471K(611840K)->611471K(611840K)
[329.498s][info][gc,metaspace   ] GC(1188) Metaspace: 18782K(18944K)->18782K(18944K) NonClass: 16953K(17088K)->16953K(17088K) Class: 1828K(1856K)->1828K(1856K)
[329.498s][info][gc             ] GC(1188) Pause Young (Allocation Failure) 756M->630M(808M) 35.366ms
[329.498s][info][gc,cpu         ] GC(1188) User=0.06s Sys=0.00s Real=0.04s
[329.817s][info][gc,start       ] GC(1189) Pause Young (Allocation Failure)
[329.851s][info][gc,heap        ] GC(1189) PSYoungGen: 171168K(216064K)->34337K(218112K) Eden: 137216K(137216K)->0K(137216K) From: 33952K(78848K)->34337K(80896K)
[329.851s][info][gc,heap        ] GC(1189) ParOldGen: 611471K(611840K)->611471K(611840K)
[329.851s][info][gc,metaspace   ] GC(1189) Metaspace: 18782K(18944K)->18782K(18944K) NonClass: 16953K(17088K)->16953K(17088K) Class: 1828K(1856K)->1828K(1856K)
[329.851s][info][gc             ] GC(1189) Pause Young (Allocation Failure) 764M->630M(810M) 34.156ms
[329.851s][info][gc,cpu         ] GC(1189) User=0.07s Sys=0.00s Real=0.03s
[331.596s][info][gc,start       ] GC(1190) Pause Young (Allocation Failure)
[331.631s][info][gc,heap        ] GC(1190) PSYoungGen: 171553K(218112K)->34541K(218624K) Eden: 137216K(137216K)->0K(144384K) From: 34337K(80896K)->34541K(74240K)
[331.631s][info][gc,heap        ] GC(1190) ParOldGen: 611471K(611840K)->611471K(611840K)
[331.631s][info][gc,metaspace   ] GC(1190) Metaspace: 18782K(18944K)->18782K(18944K) NonClass: 16953K(17088K)->16953K(17088K) Class: 1828K(1856K)->1828K(1856K)
[331.631s][info][gc             ] GC(1190) Pause Young (Allocation Failure) 764M->630M(811M) 35.044ms
[331.631s][info][gc,cpu         ] GC(1190) User=0.07s Sys=0.00s Real=0.03s
[332.293s][info][gc,start       ] GC(1191) Pause Young (Allocation Failure)
[332.330s][info][gc,heap        ] GC(1191) PSYoungGen: 178925K(218624K)->36093K(221696K) Eden: 144384K(144384K)->0K(144384K) From: 34541K(74240K)->36093K(77312K)
[332.330s][info][gc,heap        ] GC(1191) ParOldGen: 611471K(611840K)->611471K(611840K)
[332.330s][info][gc,metaspace   ] GC(1191) Metaspace: 18785K(18944K)->18785K(18944K) NonClass: 16956K(17088K)->16956K(17088K) Class: 1828K(1856K)->1828K(1856K)
[332.330s][info][gc             ] GC(1191) Pause Young (Allocation Failure) 771M->632M(814M) 37.214ms
[332.330s][info][gc,cpu         ] GC(1191) User=0.07s Sys=0.00s Real=0.04s
[332.834s][info][gc,start       ] GC(1192) Pause Young (Allocation Failure)
[332.870s][info][gc,heap        ] GC(1192) PSYoungGen: 180397K(221696K)->36585K(223744K) Eden: 144304K(144384K)->0K(150528K) From: 36093K(77312K)->36585K(73216K)
[332.870s][info][gc,heap        ] GC(1192) ParOldGen: 611471K(611840K)->611479K(611840K)
[332.870s][info][gc,metaspace   ] GC(1192) Metaspace: 18794K(18944K)->18794K(18944K) NonClass: 16965K(17088K)->16965K(17088K) Class: 1828K(1856K)->1828K(1856K)
[332.870s][info][gc             ] GC(1192) Pause Young (Allocation Failure) 773M->632M(816M) 36.449ms
[332.870s][info][gc,cpu         ] GC(1192) User=0.07s Sys=0.00s Real=0.03s
[333.233s][info][gc,start       ] GC(1193) Pause Young (Allocation Failure)
[333.270s][info][gc,heap        ] GC(1193) PSYoungGen: 187099K(223744K)->36927K(225280K) Eden: 150514K(150528K)->0K(150528K) From: 36585K(73216K)->36927K(74752K)
[333.270s][info][gc,heap        ] GC(1193) ParOldGen: 611479K(611840K)->611487K(611840K)
[333.270s][info][gc,metaspace   ] GC(1193) Metaspace: 18803K(18944K)->18803K(18944K) NonClass: 16974K(17088K)->16974K(17088K) Class: 1828K(1856K)->1828K(1856K)
[333.270s][info][gc             ] GC(1193) Pause Young (Allocation Failure) 779M->633M(817M) 37.173ms
[333.270s][info][gc,cpu         ] GC(1193) User=0.07s Sys=0.00s Real=0.04s
[333.538s][info][gc,start       ] GC(1194) Pause Young (Allocation Failure)
[333.592s][info][gc,heap        ] GC(1194) PSYoungGen: 187455K(225280K)->60133K(223232K) Eden: 150528K(150528K)->0K(150016K) From: 36927K(74752K)->60133K(73216K)
[333.592s][info][gc,heap        ] GC(1194) ParOldGen: 611487K(611840K)->611495K(611840K)
[333.592s][info][gc,metaspace   ] GC(1194) Metaspace: 18808K(18944K)->18808K(18944K) NonClass: 16979K(17088K)->16979K(17088K) Class: 1829K(1856K)->1829K(1856K)
[333.592s][info][gc             ] GC(1194) Pause Young (Allocation Failure) 780M->655M(815M) 53.910ms
[333.592s][info][gc,cpu         ] GC(1194) User=0.10s Sys=0.00s Real=0.05s
[333.722s][info][gc,start       ] GC(1195) Pause Young (Allocation Failure)
[333.852s][info][gc,heap        ] GC(1195) PSYoungGen: 210149K(223232K)->80373K(230400K) Eden: 150016K(150016K)->0K(150016K) From: 60133K(73216K)->80373K(80384K)
[333.852s][info][gc,heap        ] GC(1195) ParOldGen: 611495K(611840K)->655375K(655872K)
[333.852s][info][gc,metaspace   ] GC(1195) Metaspace: 18814K(18944K)->18814K(18944K) NonClass: 16985K(17088K)->16985K(17088K) Class: 1829K(1856K)->1829K(1856K)
[333.852s][info][gc             ] GC(1195) Pause Young (Allocation Failure) 802M->718M(865M) 129.299ms
[333.852s][info][gc,cpu         ] GC(1195) User=0.22s Sys=0.04s Real=0.13s
[333.981s][info][gc,start       ] GC(1196) Pause Full (Allocation Failure)
[333.981s][info][gc,phases,start] GC(1196) Marking Phase
[334.085s][info][gc,phases      ] GC(1196) Marking Phase 103.863ms
[334.085s][info][gc,phases,start] GC(1196) Summary Phase
[334.085s][info][gc,phases      ] GC(1196) Summary Phase 0.028ms
[334.085s][info][gc,phases,start] GC(1196) Forward
[334.122s][info][gc,phases      ] GC(1196) Forward 37.406ms
[334.122s][info][gc,phases,start] GC(1196) Adjust Pointers
[334.187s][info][gc,phases      ] GC(1196) Adjust Pointers 65.068ms
[334.187s][info][gc,phases,start] GC(1196) Compaction Phase
[334.231s][info][gc,phases      ] GC(1196) Compaction Phase 43.602ms
[334.232s][info][gc,phases,start] GC(1196) Post Compact
[334.234s][info][gc,phases      ] GC(1196) Post Compact 2.643ms
[334.252s][info][gc,heap        ] GC(1196) PSYoungGen: 230389K(230400K)->0K(218112K) Eden: 150016K(150016K)->0K(114688K) From: 80373K(80384K)->0K(103424K)
[334.252s][info][gc,heap        ] GC(1196) ParOldGen: 655375K(655872K)->176047K(445440K)
[334.252s][info][gc,metaspace   ] GC(1196) Metaspace: 18814K(18944K)->18814K(18944K) NonClass: 16985K(17088K)->16985K(17088K) Class: 1829K(1856K)->1829K(1856K)
[334.252s][info][gc             ] GC(1196) Pause Full (Allocation Failure) 865M->171M(648M) 271.881ms
[334.253s][info][gc,cpu         ] GC(1196) User=0.45s Sys=0.01s Real=0.27s
[334.392s][info][gc,start       ] GC(1197) Pause Young (Allocation Failure)
[334.428s][info][gc,heap        ] GC(1197) PSYoungGen: 114688K(218112K)->40432K(155136K) Eden: 114688K(114688K)->0K(114688K) From: 0K(103424K)->40432K(40448K)
[334.428s][info][gc,heap        ] GC(1197) ParOldGen: 176047K(445440K)->176047K(445440K)
[334.428s][info][gc,metaspace   ] GC(1197) Metaspace: 18814K(18944K)->18814K(18944K) NonClass: 16985K(17088K)->16985K(17088K) Class: 1829K(1856K)->1829K(1856K)
[334.428s][info][gc             ] GC(1197) Pause Young (Allocation Failure) 283M->211M(586M) 36.209ms
[334.428s][info][gc,cpu         ] GC(1197) User=0.08s Sys=0.00s Real=0.04s
[334.634s][info][gc,start       ] GC(1198) Pause Young (Allocation Failure)
[334.700s][info][gc,heap        ] GC(1198) PSYoungGen: 155120K(155136K)->60441K(222720K) Eden: 114688K(114688K)->0K(119808K) From: 40432K(40448K)->60441K(102912K)
[334.700s][info][gc,heap        ] GC(1198) ParOldGen: 176047K(445440K)->176055K(445440K)
[334.700s][info][gc,metaspace   ] GC(1198) Metaspace: 18828K(19008K)->18828K(19008K) NonClass: 16998K(17152K)->16998K(17152K) Class: 1829K(1856K)->1829K(1856K)
[334.700s][info][gc             ] GC(1198) Pause Young (Allocation Failure) 323M->230M(652M) 66.067ms
[334.700s][info][gc,cpu         ] GC(1198) User=0.13s Sys=0.00s Real=0.06s
[334.833s][info][gc,start       ] GC(1199) Pause Young (Allocation Failure)
[334.953s][info][gc,heap        ] GC(1199) PSYoungGen: 180249K(222720K)->85443K(205312K) Eden: 119808K(119808K)->0K(119808K) From: 60441K(102912K)->85443K(85504K)
[334.953s][info][gc,heap        ] GC(1199) ParOldGen: 176055K(445440K)->176055K(445440K)
[334.953s][info][gc,metaspace   ] GC(1199) Metaspace: 18828K(19008K)->18828K(19008K) NonClass: 16998K(17152K)->16998K(17152K) Class: 1829K(1856K)->1829K(1856K)
[334.953s][info][gc             ] GC(1199) Pause Young (Allocation Failure) 347M->255M(635M) 119.892ms
[334.953s][info][gc,cpu         ] GC(1199) User=0.23s Sys=0.00s Real=0.12s
[335.076s][info][gc,start       ] GC(1200) Pause Young (Allocation Failure)
[335.197s][info][gc,heap        ] GC(1200) PSYoungGen: 205251K(205312K)->94537K(222720K) Eden: 119808K(119808K)->0K(111616K) From: 85443K(85504K)->94537K(111104K)
[335.197s][info][gc,heap        ] GC(1200) ParOldGen: 176055K(445440K)->176055K(445440K)
[335.197s][info][gc,metaspace   ] GC(1200) Metaspace: 18828K(19008K)->18828K(19008K) NonClass: 16998K(17152K)->16998K(17152K) Class: 1829K(1856K)->1829K(1856K)
[335.197s][info][gc             ] GC(1200) Pause Young (Allocation Failure) 372M->264M(652M) 121.048ms
[335.197s][info][gc,cpu         ] GC(1200) User=0.23s Sys=0.01s Real=0.12s
[335.343s][info][gc,start       ] GC(1201) Pause Young (Allocation Failure)
[335.452s][info][gc,heap        ] GC(1201) PSYoungGen: 206153K(222720K)->98473K(222720K) Eden: 111616K(111616K)->0K(111616K) From: 94537K(111104K)->98473K(111104K)
[335.452s][info][gc,heap        ] GC(1201) ParOldGen: 176055K(445440K)->176055K(445440K)
[335.452s][info][gc,metaspace   ] GC(1201) Metaspace: 18828K(19008K)->18828K(19008K) NonClass: 16998K(17152K)->16998K(17152K) Class: 1829K(1856K)->1829K(1856K)
[335.452s][info][gc             ] GC(1201) Pause Young (Allocation Failure) 373M->268M(652M) 108.714ms
[335.452s][info][gc,cpu         ] GC(1201) User=0.21s Sys=0.00s Real=0.11s
[335.542s][info][gc,start       ] GC(1202) Pause Young (Allocation Failure)
[335.664s][info][gc,heap        ] GC(1202) PSYoungGen: 210089K(222720K)->106403K(222720K) Eden: 111616K(111616K)->0K(111616K) From: 98473K(111104K)->106403K(111104K)
[335.664s][info][gc,heap        ] GC(1202) ParOldGen: 176055K(445440K)->176055K(445440K)
[335.664s][info][gc,metaspace   ] GC(1202) Metaspace: 18828K(19008K)->18828K(19008K) NonClass: 16998K(17152K)->16998K(17152K) Class: 1829K(1856K)->1829K(1856K)
[335.664s][info][gc             ] GC(1202) Pause Young (Allocation Failure) 377M->275M(652M) 121.926ms
[335.664s][info][gc,cpu         ] GC(1202) User=0.23s Sys=0.01s Real=0.13s
[335.770s][info][gc,start       ] GC(1203) Pause Young (Allocation Failure)
[335.888s][info][gc,heap        ] GC(1203) PSYoungGen: 218019K(222720K)->106505K(222720K) Eden: 111616K(111616K)->0K(111616K) From: 106403K(111104K)->106505K(111104K)
[335.888s][info][gc,heap        ] GC(1203) ParOldGen: 176055K(445440K)->176055K(445440K)
[335.888s][info][gc,metaspace   ] GC(1203) Metaspace: 18828K(19008K)->18828K(19008K) NonClass: 16998K(17152K)->16998K(17152K) Class: 1829K(1856K)->1829K(1856K)
[335.888s][info][gc             ] GC(1203) Pause Young (Allocation Failure) 384M->275M(652M) 118.257ms
[335.888s][info][gc,cpu         ] GC(1203) User=0.23s Sys=0.00s Real=0.12s
[335.980s][info][gc,start       ] GC(1204) Pause Young (Allocation Failure)
[336.095s][info][gc,heap        ] GC(1204) PSYoungGen: 218121K(222720K)->106505K(222720K) Eden: 111616K(111616K)->0K(111616K) From: 106505K(111104K)->106505K(111104K)
[336.095s][info][gc,heap        ] GC(1204) ParOldGen: 176055K(445440K)->176055K(445440K)
[336.095s][info][gc,metaspace   ] GC(1204) Metaspace: 18828K(19008K)->18828K(19008K) NonClass: 16998K(17152K)->16998K(17152K) Class: 1829K(1856K)->1829K(1856K)
[336.095s][info][gc             ] GC(1204) Pause Young (Allocation Failure) 384M->275M(652M) 115.357ms
[336.095s][info][gc,cpu         ] GC(1204) User=0.23s Sys=0.00s Real=0.12s
[336.199s][info][gc,start       ] GC(1205) Pause Young (Allocation Failure)
[336.320s][info][gc,heap        ] GC(1205) PSYoungGen: 218121K(222720K)->111076K(222720K) Eden: 111616K(111616K)->0K(111616K) From: 106505K(111104K)->111076K(111104K)
[336.320s][info][gc,heap        ] GC(1205) ParOldGen: 176055K(445440K)->178461K(445440K)
[336.320s][info][gc,metaspace   ] GC(1205) Metaspace: 18828K(19008K)->18828K(19008K) NonClass: 16998K(17152K)->16998K(17152K) Class: 1829K(1856K)->1829K(1856K)
[336.320s][info][gc             ] GC(1205) Pause Young (Allocation Failure) 384M->282M(652M) 121.200ms
[336.320s][info][gc,cpu         ] GC(1205) User=0.24s Sys=0.00s Real=0.12s
[336.395s][info][gc,start       ] GC(1206) Pause Young (Allocation Failure)
[336.537s][info][gc,heap        ] GC(1206) PSYoungGen: 222692K(222720K)->77728K(222720K) Eden: 111616K(111616K)->0K(111616K) From: 111076K(111104K)->77728K(111104K)
[336.537s][info][gc,heap        ] GC(1206) ParOldGen: 178461K(445440K)->237697K(445440K)
[336.537s][info][gc,metaspace   ] GC(1206) Metaspace: 18828K(19008K)->18828K(19008K) NonClass: 16998K(17152K)->16998K(17152K) Class: 1829K(1856K)->1829K(1856K)
[336.538s][info][gc             ] GC(1206) Pause Young (Allocation Failure) 391M->308M(652M) 142.598ms
[336.538s][info][gc,cpu         ] GC(1206) User=0.28s Sys=0.00s Real=0.14s
[336.620s][info][gc,start       ] GC(1207) Pause Young (Allocation Failure)
[336.721s][info][gc,heap        ] GC(1207) PSYoungGen: 189344K(222720K)->75248K(222720K) Eden: 111616K(111616K)->0K(111616K) From: 77728K(111104K)->75248K(111104K)
[336.721s][info][gc,heap        ] GC(1207) ParOldGen: 237697K(445440K)->271137K(445440K)
[336.722s][info][gc,metaspace   ] GC(1207) Metaspace: 18828K(19008K)->18828K(19008K) NonClass: 16998K(17152K)->16998K(17152K) Class: 1829K(1856K)->1829K(1856K)
[336.722s][info][gc             ] GC(1207) Pause Young (Allocation Failure) 417M->338M(652M) 101.759ms
[336.722s][info][gc,cpu         ] GC(1207) User=0.20s Sys=0.00s Real=0.10s
[336.840s][info][gc,start       ] GC(1208) Pause Young (Allocation Failure)
[336.919s][info][gc,heap        ] GC(1208) PSYoungGen: 186864K(222720K)->79171K(222720K) Eden: 111616K(111616K)->0K(111616K) From: 75248K(111104K)->79171K(111104K)
[336.919s][info][gc,heap        ] GC(1208) ParOldGen: 271137K(445440K)->283046K(445440K)
[336.919s][info][gc,metaspace   ] GC(1208) Metaspace: 18833K(19008K)->18833K(19008K) NonClass: 17004K(17152K)->17004K(17152K) Class: 1829K(1856K)->1829K(1856K)
[336.919s][info][gc             ] GC(1208) Pause Young (Allocation Failure) 447M->353M(652M) 79.458ms
[336.919s][info][gc,cpu         ] GC(1208) User=0.16s Sys=0.00s Real=0.08s
[336.977s][info][gc,start       ] GC(1209) Pause Young (Allocation Failure)
[337.051s][info][gc,heap        ] GC(1209) PSYoungGen: 190787K(222720K)->84707K(222720K) Eden: 111616K(111616K)->0K(111616K) From: 79171K(111104K)->84707K(111104K)
[337.051s][info][gc,heap        ] GC(1209) ParOldGen: 283046K(445440K)->283174K(445440K)
[337.051s][info][gc,metaspace   ] GC(1209) Metaspace: 18833K(19008K)->18833K(19008K) NonClass: 17004K(17152K)->17004K(17152K) Class: 1829K(1856K)->1829K(1856K)
[337.051s][info][gc             ] GC(1209) Pause Young (Allocation Failure) 462M->359M(652M) 74.004ms
[337.051s][info][gc,cpu         ] GC(1209) User=0.15s Sys=0.00s Real=0.07s
[337.154s][info][gc,start       ] GC(1210) Pause Young (Allocation Failure)
[337.229s][info][gc,heap        ] GC(1210) PSYoungGen: 196323K(222720K)->53795K(222720K) Eden: 111616K(111616K)->0K(111616K) From: 84707K(111104K)->53795K(111104K)
[337.229s][info][gc,heap        ] GC(1210) ParOldGen: 283174K(445440K)->315674K(445440K)
[337.229s][info][gc,metaspace   ] GC(1210) Metaspace: 18835K(19008K)->18835K(19008K) NonClass: 17006K(17152K)->17006K(17152K) Class: 1829K(1856K)->1829K(1856K)
[337.229s][info][gc             ] GC(1210) Pause Young (Allocation Failure) 468M->360M(652M) 74.448ms
[337.229s][info][gc,cpu         ] GC(1210) User=0.14s Sys=0.00s Real=0.07s
[337.342s][info][gc,start       ] GC(1211) Pause Young (Allocation Failure)
[337.392s][info][gc,heap        ] GC(1211) PSYoungGen: 165411K(222720K)->8512K(222720K) Eden: 111616K(111616K)->0K(111616K) From: 53795K(111104K)->8512K(111104K)
[337.392s][info][gc,heap        ] GC(1211) ParOldGen: 315674K(445440K)->362820K(445440K)
[337.392s][info][gc,metaspace   ] GC(1211) Metaspace: 18835K(19008K)->18835K(19008K) NonClass: 17006K(17152K)->17006K(17152K) Class: 1829K(1856K)->1829K(1856K)
[337.392s][info][gc             ] GC(1211) Pause Young (Allocation Failure) 469M->362M(652M) 50.226ms
[337.392s][info][gc,cpu         ] GC(1211) User=0.10s Sys=0.00s Real=0.05s
[337.755s][info][gc,start       ] GC(1212) Pause Young (Allocation Failure)
[337.768s][info][gc,heap        ] GC(1212) PSYoungGen: 120128K(222720K)->2144K(222720K) Eden: 111616K(111616K)->0K(111616K) From: 8512K(111104K)->2144K(111104K)
[337.768s][info][gc,heap        ] GC(1212) ParOldGen: 362820K(445440K)->369948K(445440K)
[337.768s][info][gc,metaspace   ] GC(1212) Metaspace: 18835K(19008K)->18835K(19008K) NonClass: 17006K(17152K)->17006K(17152K) Class: 1829K(1856K)->1829K(1856K)
[337.768s][info][gc             ] GC(1212) Pause Young (Allocation Failure) 471M->363M(652M) 12.322ms
[337.768s][info][gc,cpu         ] GC(1212) User=0.02s Sys=0.00s Real=0.01s
[338.046s][info][gc,start       ] GC(1213) Pause Young (Allocation Failure)
[338.051s][info][gc,heap        ] GC(1213) PSYoungGen: 113760K(222720K)->512K(222720K) Eden: 111616K(111616K)->0K(111616K) From: 2144K(111104K)->512K(111104K)
[338.051s][info][gc,heap        ] GC(1213) ParOldGen: 369948K(445440K)->371838K(445440K)
[338.051s][info][gc,metaspace   ] GC(1213) Metaspace: 18835K(19008K)->18835K(19008K) NonClass: 17006K(17152K)->17006K(17152K) Class: 1829K(1856K)->1829K(1856K)
[338.051s][info][gc             ] GC(1213) Pause Young (Allocation Failure) 472M->363M(652M) 5.089ms
[338.052s][info][gc,cpu         ] GC(1213) User=0.01s Sys=0.00s Real=0.00s
[338.174s][info][gc,start       ] GC(1214) Pause Young (Allocation Failure)
[338.212s][info][gc,heap        ] GC(1214) PSYoungGen: 112128K(222720K)->41712K(222720K) Eden: 111616K(111616K)->0K(111616K) From: 512K(111104K)->41712K(111104K)
[338.212s][info][gc,heap        ] GC(1214) ParOldGen: 371838K(445440K)->372332K(445440K)
[338.212s][info][gc,metaspace   ] GC(1214) Metaspace: 18835K(19008K)->18835K(19008K) NonClass: 17006K(17152K)->17006K(17152K) Class: 1829K(1856K)->1829K(1856K)
[338.212s][info][gc             ] GC(1214) Pause Young (Allocation Failure) 472M->404M(652M) 37.338ms
[338.212s][info][gc,cpu         ] GC(1214) User=0.08s Sys=0.00s Real=0.03s
[338.316s][info][gc,start       ] GC(1215) Pause Young (Allocation Failure)
[338.376s][info][gc,heap        ] GC(1215) PSYoungGen: 153328K(222720K)->30048K(222720K) Eden: 111616K(111616K)->0K(111616K) From: 41712K(111104K)->30048K(111104K)
[338.376s][info][gc,heap        ] GC(1215) ParOldGen: 372332K(445440K)->414008K(445440K)
[338.376s][info][gc,metaspace   ] GC(1215) Metaspace: 18835K(19008K)->18835K(19008K) NonClass: 17006K(17152K)->17006K(17152K) Class: 1829K(1856K)->1829K(1856K)
[338.376s][info][gc             ] GC(1215) Pause Young (Allocation Failure) 513M->433M(652M) 60.412ms
[338.376s][info][gc,cpu         ] GC(1215) User=0.12s Sys=0.00s Real=0.06s
[338.516s][info][gc,start       ] GC(1216) Pause Young (Allocation Failure)
[338.558s][info][gc,heap        ] GC(1216) PSYoungGen: 141664K(222720K)->14944K(222720K) Eden: 111616K(111616K)->0K(111616K) From: 30048K(111104K)->14944K(111104K)
[338.558s][info][gc,heap        ] GC(1216) ParOldGen: 414008K(445440K)->444248K(445440K)
[338.558s][info][gc,metaspace   ] GC(1216) Metaspace: 18835K(19008K)->18835K(19008K) NonClass: 17006K(17152K)->17006K(17152K) Class: 1829K(1856K)->1829K(1856K)
[338.558s][info][gc             ] GC(1216) Pause Young (Allocation Failure) 542M->448M(652M) 41.632ms
[338.558s][info][gc,cpu         ] GC(1216) User=0.08s Sys=0.00s Real=0.04s
[338.654s][info][gc,start       ] GC(1217) Pause Young (Allocation Failure)
[338.685s][info][gc,heap        ] GC(1217) PSYoungGen: 126560K(222720K)->1376K(222720K) Eden: 111616K(111616K)->0K(111616K) From: 14944K(111104K)->1376K(111104K)
[338.685s][info][gc,heap        ] GC(1217) ParOldGen: 444248K(445440K)->459208K(459264K)
[338.685s][info][gc,metaspace   ] GC(1217) Metaspace: 18835K(19008K)->18835K(19008K) NonClass: 17006K(17152K)->17006K(17152K) Class: 1829K(1856K)->1829K(1856K)
[338.685s][info][gc             ] GC(1217) Pause Young (Allocation Failure) 557M->449M(666M) 30.964ms
[338.685s][info][gc,cpu         ] GC(1217) User=0.05s Sys=0.02s Real=0.03s
[338.799s][info][gc,start       ] GC(1218) Pause Young (Allocation Failure)
[338.805s][info][gc,heap        ] GC(1218) PSYoungGen: 112992K(222720K)->800K(222720K) Eden: 111616K(111616K)->0K(111616K) From: 1376K(111104K)->800K(111104K)
[338.805s][info][gc,heap        ] GC(1218) ParOldGen: 459208K(459264K)->460560K(460800K)
[338.805s][info][gc,metaspace   ] GC(1218) Metaspace: 18835K(19008K)->18835K(19008K) NonClass: 17006K(17152K)->17006K(17152K) Class: 1829K(1856K)->1829K(1856K)
[338.805s][info][gc             ] GC(1218) Pause Young (Allocation Failure) 558M->450M(667M) 5.566ms
[338.805s][info][gc,cpu         ] GC(1218) User=0.01s Sys=0.00s Real=0.01s
[339.100s][info][gc,start       ] GC(1219) Pause Young (Allocation Failure)
[339.104s][info][gc,heap        ] GC(1219) PSYoungGen: 112416K(222720K)->800K(222720K) Eden: 111616K(111616K)->0K(111616K) From: 800K(111104K)->800K(111104K)
[339.104s][info][gc,heap        ] GC(1219) ParOldGen: 460560K(460800K)->461360K(461824K)
[339.104s][info][gc,metaspace   ] GC(1219) Metaspace: 18835K(19008K)->18835K(19008K) NonClass: 17006K(17152K)->17006K(17152K) Class: 1829K(1856K)->1829K(1856K)
[339.104s][info][gc             ] GC(1219) Pause Young (Allocation Failure) 559M->451M(668M) 4.431ms
[339.104s][info][gc,cpu         ] GC(1219) User=0.00s Sys=0.00s Real=0.01s
[339.240s][info][gc,start       ] GC(1220) Pause Young (Allocation Failure)
[339.289s][info][gc,heap        ] GC(1220) PSYoungGen: 112416K(222720K)->52160K(222720K) Eden: 111616K(111616K)->0K(111616K) From: 800K(111104K)->52160K(111104K)
[339.290s][info][gc,heap        ] GC(1220) ParOldGen: 461360K(461824K)->462120K(462336K)
[339.290s][info][gc,metaspace   ] GC(1220) Metaspace: 18835K(19008K)->18835K(19008K) NonClass: 17006K(17152K)->17006K(17152K) Class: 1829K(1856K)->1829K(1856K)
[339.290s][info][gc             ] GC(1220) Pause Young (Allocation Failure) 560M->502M(669M) 49.940ms
[339.290s][info][gc,cpu         ] GC(1220) User=0.10s Sys=0.00s Real=0.05s
[339.418s][info][gc,start       ] GC(1221) Pause Young (Allocation Failure)
[339.532s][info][gc,heap        ] GC(1221) PSYoungGen: 163776K(222720K)->44416K(222720K) Eden: 111616K(111616K)->0K(111616K) From: 52160K(111104K)->44416K(111104K)
[339.532s][info][gc,heap        ] GC(1221) ParOldGen: 462120K(462336K)->514448K(514560K)
[339.532s][info][gc,metaspace   ] GC(1221) Metaspace: 18835K(19008K)->18835K(19008K) NonClass: 17006K(17152K)->17006K(17152K) Class: 1829K(1856K)->1829K(1856K)
[339.532s][info][gc             ] GC(1221) Pause Young (Allocation Failure) 611M->545M(720M) 114.012ms
[339.532s][info][gc,cpu         ] GC(1221) User=0.19s Sys=0.04s Real=0.11s
[339.641s][info][gc,start       ] GC(1222) Pause Young (Allocation Failure)
[339.754s][info][gc,heap        ] GC(1222) PSYoungGen: 156032K(222720K)->57004K(222720K) Eden: 111616K(111616K)->0K(111616K) From: 44416K(111104K)->57004K(111104K)
[339.754s][info][gc,heap        ] GC(1222) ParOldGen: 514448K(514560K)->558992K(559104K)
[339.754s][info][gc,metaspace   ] GC(1222) Metaspace: 18835K(19008K)->18835K(19008K) NonClass: 17006K(17152K)->17006K(17152K) Class: 1829K(1856K)->1829K(1856K)
[339.754s][info][gc             ] GC(1222) Pause Young (Allocation Failure) 654M->601M(763M) 112.822ms
[339.754s][info][gc,cpu         ] GC(1222) User=0.18s Sys=0.04s Real=0.12s
[339.872s][info][gc,start       ] GC(1223) Pause Young (Allocation Failure)
[339.971s][info][gc,heap        ] GC(1223) PSYoungGen: 168620K(222720K)->26420K(222720K) Eden: 111616K(111616K)->0K(111616K) From: 57004K(111104K)->26420K(111104K)
[339.971s][info][gc,heap        ] GC(1223) ParOldGen: 558992K(559104K)->616151K(616448K)
[339.971s][info][gc,metaspace   ] GC(1223) Metaspace: 18836K(19008K)->18836K(19008K) NonClass: 17007K(17152K)->17007K(17152K) Class: 1829K(1856K)->1829K(1856K)
[339.971s][info][gc             ] GC(1223) Pause Young (Allocation Failure) 710M->627M(819M) 99.357ms
[339.971s][info][gc,cpu         ] GC(1223) User=0.16s Sys=0.04s Real=0.10s
[340.048s][info][gc,start       ] GC(1224) Pause Full (Allocation Failure)
[340.048s][info][gc,phases,start] GC(1224) Marking Phase
[340.111s][info][gc,phases      ] GC(1224) Marking Phase 63.274ms
[340.111s][info][gc,phases,start] GC(1224) Summary Phase
[340.111s][info][gc,phases      ] GC(1224) Summary Phase 0.041ms
[340.111s][info][gc,phases,start] GC(1224) Forward
[340.126s][info][gc,phases      ] GC(1224) Forward 14.759ms
[340.126s][info][gc,phases,start] GC(1224) Adjust Pointers
[340.169s][info][gc,phases      ] GC(1224) Adjust Pointers 42.694ms
[340.169s][info][gc,phases,start] GC(1224) Compaction Phase
[340.191s][info][gc,phases      ] GC(1224) Compaction Phase 21.974ms
[340.193s][info][gc,phases,start] GC(1224) Post Compact
[340.195s][info][gc,phases      ] GC(1224) Post Compact 2.298ms
[340.212s][info][gc,heap        ] GC(1224) PSYoungGen: 138036K(222720K)->0K(222720K) Eden: 111616K(111616K)->0K(111616K) From: 26420K(111104K)->0K(111104K)
[340.212s][info][gc,heap        ] GC(1224) ParOldGen: 616151K(616448K)->107242K(415232K)
[340.212s][info][gc,metaspace   ] GC(1224) Metaspace: 18836K(19008K)->18836K(19008K) NonClass: 17007K(17152K)->17007K(17152K) Class: 1829K(1856K)->1829K(1856K)
[340.212s][info][gc             ] GC(1224) Pause Full (Allocation Failure) 736M->104M(623M) 164.559ms
[340.212s][info][gc,cpu         ] GC(1224) User=0.26s Sys=0.02s Real=0.16s
[340.273s][info][gc,start       ] GC(1225) Pause Young (Allocation Failure)
[340.279s][info][gc,heap        ] GC(1225) PSYoungGen: 111616K(222720K)->4640K(222720K) Eden: 111616K(111616K)->0K(111616K) From: 0K(111104K)->4640K(111104K)
[340.279s][info][gc,heap        ] GC(1225) ParOldGen: 107242K(415232K)->107242K(415232K)
[340.279s][info][gc,metaspace   ] GC(1225) Metaspace: 18836K(19008K)->18836K(19008K) NonClass: 17007K(17152K)->17007K(17152K) Class: 1829K(1856K)->1829K(1856K)
[340.279s][info][gc             ] GC(1225) Pause Young (Allocation Failure) 213M->109M(623M) 6.174ms
[340.279s][info][gc,cpu         ] GC(1225) User=0.02s Sys=0.00s Real=0.01s
[340.358s][info][gc,start       ] GC(1226) Pause Young (Allocation Failure)
[340.370s][info][gc,heap        ] GC(1226) PSYoungGen: 116256K(222720K)->8283K(216576K) Eden: 111616K(111616K)->0K(111616K) From: 4640K(111104K)->8283K(104960K)
[340.370s][info][gc,heap        ] GC(1226) ParOldGen: 107242K(415232K)->111866K(415232K)
[340.370s][info][gc,metaspace   ] GC(1226) Metaspace: 18836K(19008K)->18836K(19008K) NonClass: 17007K(17152K)->17007K(17152K) Class: 1829K(1856K)->1829K(1856K)
[340.371s][info][gc             ] GC(1226) Pause Young (Allocation Failure) 218M->117M(617M) 12.039ms
[340.371s][info][gc,cpu         ] GC(1226) User=0.02s Sys=0.00s Real=0.01s
[340.417s][info][gc,start       ] GC(1227) Pause Young (Allocation Failure)
[340.447s][info][gc,heap        ] GC(1227) PSYoungGen: 119899K(216576K)->35872K(219648K) Eden: 111616K(111616K)->0K(111616K) From: 8283K(104960K)->35872K(108032K)
[340.447s][info][gc,heap        ] GC(1227) ParOldGen: 111866K(415232K)->120082K(415232K)
[340.447s][info][gc,metaspace   ] GC(1227) Metaspace: 18836K(19008K)->18836K(19008K) NonClass: 17007K(17152K)->17007K(17152K) Class: 1829K(1856K)->1829K(1856K)
[340.447s][info][gc             ] GC(1227) Pause Young (Allocation Failure) 226M->152M(620M) 30.731ms
[340.447s][info][gc,cpu         ] GC(1227) User=0.06s Sys=0.00s Real=0.03s
[340.526s][info][gc,start       ] GC(1228) Pause Young (Allocation Failure)
[340.567s][info][gc,heap        ] GC(1228) PSYoungGen: 147488K(219648K)->28736K(216576K) Eden: 111616K(111616K)->0K(123904K) From: 35872K(108032K)->28736K(92672K)
[340.567s][info][gc,heap        ] GC(1228) ParOldGen: 120082K(415232K)->156410K(415232K)
[340.567s][info][gc,metaspace   ] GC(1228) Metaspace: 18836K(19008K)->18836K(19008K) NonClass: 17007K(17152K)->17007K(17152K) Class: 1829K(1856K)->1829K(1856K)
[340.567s][info][gc             ] GC(1228) Pause Young (Allocation Failure) 261M->180M(617M) 40.600ms
[340.567s][info][gc,cpu         ] GC(1228) User=0.08s Sys=0.00s Real=0.04s
[340.704s][info][gc,start       ] GC(1229) Pause Young (Allocation Failure)
[340.729s][info][gc,heap        ] GC(1229) PSYoungGen: 152640K(216576K)->2848K(219648K) Eden: 123904K(123904K)->0K(123904K) From: 28736K(92672K)->2848K(95744K)
[340.729s][info][gc,heap        ] GC(1229) ParOldGen: 156410K(415232K)->185458K(415232K)
[340.729s][info][gc,metaspace   ] GC(1229) Metaspace: 18836K(19008K)->18836K(19008K) NonClass: 17007K(17152K)->17007K(17152K) Class: 1829K(1856K)->1829K(1856K)
[340.729s][info][gc             ] GC(1229) Pause Young (Allocation Failure) 301M->183M(620M) 24.697ms
[340.729s][info][gc,cpu         ] GC(1229) User=0.05s Sys=0.00s Real=0.02s
[340.916s][info][gc,start       ] GC(1230) Pause Young (Allocation Failure)
[340.953s][info][gc,heap        ] GC(1230) PSYoungGen: 126752K(219648K)->19172K(222208K) Eden: 123904K(123904K)->0K(137728K) From: 2848K(95744K)->19172K(84480K)
[340.953s][info][gc,heap        ] GC(1230) ParOldGen: 185458K(415232K)->188282K(415232K)
[340.953s][info][gc,metaspace   ] GC(1230) Metaspace: 18836K(19008K)->18836K(19008K) NonClass: 17007K(17152K)->17007K(17152K) Class: 1829K(1856K)->1829K(1856K)
[340.953s][info][gc             ] GC(1230) Pause Young (Allocation Failure) 304M->202M(622M) 36.656ms
[340.953s][info][gc,cpu         ] GC(1230) User=0.07s Sys=0.00s Real=0.03s
[341.100s][info][gc,start       ] GC(1231) Pause Young (Allocation Failure)
[341.156s][info][gc,heap        ] GC(1231) PSYoungGen: 156900K(222208K)->30752K(227328K) Eden: 137728K(137728K)->0K(137728K) From: 19172K(84480K)->30752K(89600K)
[341.156s][info][gc,heap        ] GC(1231) ParOldGen: 188282K(415232K)->207475K(415232K)
[341.156s][info][gc,metaspace   ] GC(1231) Metaspace: 18836K(19008K)->18836K(19008K) NonClass: 17007K(17152K)->17007K(17152K) Class: 1829K(1856K)->1829K(1856K)
[341.156s][info][gc             ] GC(1231) Pause Young (Allocation Failure) 337M->232M(627M) 56.277ms
[341.156s][info][gc,cpu         ] GC(1231) User=0.11s Sys=0.00s Real=0.06s
[341.254s][info][gc,start       ] GC(1232) Pause Young (Allocation Failure)
[341.339s][info][gc,heap        ] GC(1232) PSYoungGen: 168480K(227328K)->64224K(229888K) Eden: 137728K(137728K)->0K(145408K) From: 30752K(89600K)->64224K(84480K)
[341.339s][info][gc,heap        ] GC(1232) ParOldGen: 207475K(415232K)->238291K(415232K)
[341.339s][info][gc,metaspace   ] GC(1232) Metaspace: 18836K(19008K)->18836K(19008K) NonClass: 17007K(17152K)->17007K(17152K) Class: 1829K(1856K)->1829K(1856K)
[341.339s][info][gc             ] GC(1232) Pause Young (Allocation Failure) 367M->295M(630M) 84.912ms
[341.339s][info][gc,cpu         ] GC(1232) User=0.17s Sys=0.00s Real=0.08s
[341.384s][info][gc,start       ] GC(1233) Pause Young (Allocation Failure)
[341.467s][info][gc,heap        ] GC(1233) PSYoungGen: 209632K(229888K)->36576K(237568K) Eden: 145408K(145408K)->0K(145408K) From: 64224K(84480K)->36576K(92160K)
[341.467s][info][gc,heap        ] GC(1233) ParOldGen: 238291K(415232K)->302779K(415232K)
[341.467s][info][gc,metaspace   ] GC(1233) Metaspace: 18836K(19008K)->18836K(19008K) NonClass: 17007K(17152K)->17007K(17152K) Class: 1829K(1856K)->1829K(1856K)
[341.467s][info][gc             ] GC(1233) Pause Young (Allocation Failure) 437M->331M(637M) 83.313ms
[341.467s][info][gc,cpu         ] GC(1233) User=0.16s Sys=0.00s Real=0.08s
[341.554s][info][gc,start       ] GC(1234) Pause Young (Allocation Failure)
[341.598s][info][gc,heap        ] GC(1234) PSYoungGen: 181984K(237568K)->28448K(229376K) Eden: 145408K(145408K)->0K(154112K) From: 36576K(92160K)->28448K(75264K)
[341.598s][info][gc,heap        ] GC(1234) ParOldGen: 302779K(415232K)->339811K(415232K)
[341.598s][info][gc,metaspace   ] GC(1234) Metaspace: 18836K(19008K)->18836K(19008K) NonClass: 17007K(17152K)->17007K(17152K) Class: 1829K(1856K)->1829K(1856K)
[341.598s][info][gc             ] GC(1234) Pause Young (Allocation Failure) 473M->359M(629M) 44.345ms
[341.598s][info][gc,cpu         ] GC(1234) User=0.09s Sys=0.00s Real=0.04s
[341.703s][info][gc,start       ] GC(1235) Pause Young (Allocation Failure)
[341.734s][info][gc,heap        ] GC(1235) PSYoungGen: 182560K(229376K)->5728K(237056K) Eden: 154112K(154112K)->0K(154112K) From: 28448K(75264K)->5728K(82944K)
[341.734s][info][gc,heap        ] GC(1235) ParOldGen: 339811K(415232K)->368579K(415232K)
[341.734s][info][gc,metaspace   ] GC(1235) Metaspace: 18836K(19008K)->18836K(19008K) NonClass: 17007K(17152K)->17007K(17152K) Class: 1829K(1856K)->1829K(1856K)
[341.734s][info][gc             ] GC(1235) Pause Young (Allocation Failure) 510M->365M(637M) 31.262ms
[341.734s][info][gc,cpu         ] GC(1235) User=0.06s Sys=0.00s Real=0.04s
[341.859s][info][gc,start       ] GC(1236) Pause Young (Allocation Failure)
[341.885s][info][gc,heap        ] GC(1236) PSYoungGen: 159840K(237056K)->6753K(247296K) Eden: 154112K(154112K)->0K(168448K) From: 5728K(82944K)->6753K(78848K)
[341.885s][info][gc,heap        ] GC(1236) ParOldGen: 368579K(415232K)->374291K(415232K)
[341.885s][info][gc,metaspace   ] GC(1236) Metaspace: 18836K(19008K)->18836K(19008K) NonClass: 17007K(17152K)->17007K(17152K) Class: 1829K(1856K)->1829K(1856K)
[341.885s][info][gc             ] GC(1236) Pause Young (Allocation Failure) 516M->372M(647M) 26.314ms
[341.885s][info][gc,cpu         ] GC(1236) User=0.05s Sys=0.00s Real=0.03s
[342.039s][info][gc,start       ] GC(1237) Pause Young (Allocation Failure)
[342.097s][info][gc,heap        ] GC(1237) PSYoungGen: 175201K(247296K)->41344K(249344K) Eden: 168448K(168448K)->0K(168448K) From: 6753K(78848K)->41344K(80896K)
[342.097s][info][gc,heap        ] GC(1237) ParOldGen: 374291K(415232K)->380769K(415232K)
[342.097s][info][gc,metaspace   ] GC(1237) Metaspace: 18836K(19008K)->18836K(19008K) NonClass: 17007K(17152K)->17007K(17152K) Class: 1829K(1856K)->1829K(1856K)
[342.097s][info][gc             ] GC(1237) Pause Young (Allocation Failure) 536M->412M(649M) 58.204ms
[342.097s][info][gc,cpu         ] GC(1237) User=0.12s Sys=0.00s Real=0.06s
[342.278s][info][gc,start       ] GC(1238) Pause Young (Allocation Failure)
[342.352s][info][gc,heap        ] GC(1238) PSYoungGen: 209792K(249344K)->25536K(243712K) Eden: 168448K(168448K)->0K(172032K) From: 41344K(80896K)->25536K(71680K)
[342.352s][info][gc,heap        ] GC(1238) ParOldGen: 380769K(415232K)->422198K(422400K)
[342.352s][info][gc,metaspace   ] GC(1238) Metaspace: 18836K(19008K)->18836K(19008K) NonClass: 17007K(17152K)->17007K(17152K) Class: 1829K(1856K)->1829K(1856K)
[342.352s][info][gc             ] GC(1238) Pause Young (Allocation Failure) 576M->437M(650M) 74.020ms
[342.352s][info][gc,cpu         ] GC(1238) User=0.14s Sys=0.01s Real=0.07s
[342.532s][info][gc,start       ] GC(1239) Pause Young (Allocation Failure)
[342.577s][info][gc,heap        ] GC(1239) PSYoungGen: 197568K(243712K)->4576K(248320K) Eden: 172032K(172032K)->0K(172032K) From: 25536K(71680K)->4576K(76288K)
[342.577s][info][gc,heap        ] GC(1239) ParOldGen: 422198K(422400K)->447782K(448000K)
[342.577s][info][gc,metaspace   ] GC(1239) Metaspace: 18836K(19008K)->18836K(19008K) NonClass: 17007K(17152K)->17007K(17152K) Class: 1829K(1856K)->1829K(1856K)
[342.577s][info][gc             ] GC(1239) Pause Young (Allocation Failure) 605M->441M(680M) 44.917ms
[342.577s][info][gc,cpu         ] GC(1239) User=0.06s Sys=0.02s Real=0.05s
[342.759s][info][gc,start       ] GC(1240) Pause Young (Allocation Failure)
[342.776s][info][gc,heap        ] GC(1240) PSYoungGen: 176608K(248320K)->3552K(254464K) Eden: 172032K(172032K)->0K(182272K) From: 4576K(76288K)->3552K(72192K)
[342.776s][info][gc,heap        ] GC(1240) ParOldGen: 447782K(448000K)->452350K(452608K)
[342.776s][info][gc,metaspace   ] GC(1240) Metaspace: 18836K(19008K)->18836K(19008K) NonClass: 17007K(17152K)->17007K(17152K) Class: 1829K(1856K)->1829K(1856K)
[342.776s][info][gc             ] GC(1240) Pause Young (Allocation Failure) 609M->445M(690M) 17.005ms
[342.776s][info][gc,cpu         ] GC(1240) User=0.03s Sys=0.00s Real=0.02s
[343.023s][info][gc,start       ] GC(1241) Pause Young (Allocation Failure)
[343.054s][info][gc,heap        ] GC(1241) PSYoungGen: 185824K(254464K)->22880K(256512K) Eden: 182272K(182272K)->0K(182272K) From: 3552K(72192K)->22880K(74240K)
[343.054s][info][gc,heap        ] GC(1241) ParOldGen: 452350K(452608K)->455894K(456192K)
[343.054s][info][gc,metaspace   ] GC(1241) Metaspace: 18836K(19008K)->18836K(19008K) NonClass: 17007K(17152K)->17007K(17152K) Class: 1829K(1856K)->1829K(1856K)
[343.054s][info][gc             ] GC(1241) Pause Young (Allocation Failure) 623M->467M(696M) 31.294ms
[343.054s][info][gc,cpu         ] GC(1241) User=0.06s Sys=0.01s Real=0.04s
[343.574s][info][gc,start       ] GC(1242) Pause Young (Allocation Failure)
[343.610s][info][gc,heap        ] GC(1242) PSYoungGen: 205152K(256512K)->160K(258048K) Eden: 182272K(182272K)->0K(188416K) From: 22880K(74240K)->160K(69632K)
[343.610s][info][gc,heap        ] GC(1242) ParOldGen: 455894K(456192K)->478804K(479232K)
[343.610s][info][gc,metaspace   ] GC(1242) Metaspace: 18836K(19008K)->18836K(19008K) NonClass: 17007K(17152K)->17007K(17152K) Class: 1829K(1856K)->1829K(1856K)
[343.610s][info][gc             ] GC(1242) Pause Young (Allocation Failure) 645M->467M(720M) 35.410ms
[343.610s][info][gc,cpu         ] GC(1242) User=0.05s Sys=0.01s Real=0.03s
[344.084s][info][gc,start       ] GC(1243) Pause Young (Allocation Failure)
[344.094s][info][gc,heap        ] GC(1243) PSYoungGen: 188576K(258048K)->192K(257024K) Eden: 188416K(188416K)->0K(188416K) From: 160K(69632K)->192K(68608K)
[344.094s][info][gc,heap        ] GC(1243) ParOldGen: 478804K(479232K)->478804K(479232K)
[344.094s][info][gc,metaspace   ] GC(1243) Metaspace: 18836K(19008K)->18836K(19008K) NonClass: 17007K(17152K)->17007K(17152K) Class: 1829K(1856K)->1829K(1856K)
[344.094s][info][gc             ] GC(1243) Pause Young (Allocation Failure) 651M->467M(719M) 10.496ms
[344.094s][info][gc,cpu         ] GC(1243) User=0.02s Sys=0.00s Real=0.01s
[344.381s][info][gc,start       ] GC(1244) Pause Young (Allocation Failure)
[344.403s][info][gc,heap        ] GC(1244) PSYoungGen: 188608K(257024K)->28694K(264192K) Eden: 188416K(188416K)->0K(196608K) From: 192K(68608K)->28694K(67584K)
[344.403s][info][gc,heap        ] GC(1244) ParOldGen: 478804K(479232K)->478804K(479232K)
[344.403s][info][gc,metaspace   ] GC(1244) Metaspace: 18836K(19008K)->18836K(19008K) NonClass: 17007K(17152K)->17007K(17152K) Class: 1829K(1856K)->1829K(1856K)
[344.403s][info][gc             ] GC(1244) Pause Young (Allocation Failure) 651M->495M(726M) 22.277ms
[344.403s][info][gc,cpu         ] GC(1244) User=0.05s Sys=0.00s Real=0.02s
[344.607s][info][gc,start       ] GC(1245) Pause Young (Allocation Failure)
[344.671s][info][gc,heap        ] GC(1245) PSYoungGen: 225302K(264192K)->66550K(263168K) Eden: 196608K(196608K)->0K(196608K) From: 28694K(67584K)->66550K(66560K)
[344.671s][info][gc,heap        ] GC(1245) ParOldGen: 478804K(479232K)->492076K(492544K)
[344.671s][info][gc,metaspace   ] GC(1245) Metaspace: 18837K(19008K)->18837K(19008K) NonClass: 17007K(17152K)->17007K(17152K) Class: 1829K(1856K)->1829K(1856K)
[344.671s][info][gc             ] GC(1245) Pause Young (Allocation Failure) 687M->545M(738M) 63.734ms
[344.671s][info][gc,cpu         ] GC(1245) User=0.12s Sys=0.01s Real=0.06s
[344.913s][info][gc,start       ] GC(1246) Pause Young (Allocation Failure)
[345.012s][info][gc,heap        ] GC(1246) PSYoungGen: 263158K(263168K)->70624K(202752K) Eden: 196608K(196608K)->0K(132096K) From: 66550K(66560K)->70624K(70656K)
[345.012s][info][gc,heap        ] GC(1246) ParOldGen: 492076K(492544K)->509478K(509952K)
[345.012s][info][gc,metaspace   ] GC(1246) Metaspace: 18837K(19008K)->18837K(19008K) NonClass: 17007K(17152K)->17007K(17152K) Class: 1829K(1856K)->1829K(1856K)
[345.012s][info][gc             ] GC(1246) Pause Young (Allocation Failure) 737M->566M(696M) 98.527ms
[345.012s][info][gc,cpu         ] GC(1246) User=0.16s Sys=0.03s Real=0.10s
[345.183s][info][gc,start       ] GC(1247) Pause Young (Allocation Failure)
[345.310s][info][gc,heap        ] GC(1247) PSYoungGen: 202720K(202752K)->27360K(232960K) Eden: 132096K(132096K)->0K(132096K) From: 70624K(70656K)->27360K(100864K)
[345.310s][info][gc,heap        ] GC(1247) ParOldGen: 509478K(509952K)->572313K(572416K)
[345.310s][info][gc,metaspace   ] GC(1247) Metaspace: 18837K(19008K)->18837K(19008K) NonClass: 17007K(17152K)->17007K(17152K) Class: 1829K(1856K)->1829K(1856K)
[345.310s][info][gc             ] GC(1247) Pause Young (Allocation Failure) 695M->585M(786M) 127.056ms
[345.310s][info][gc,cpu         ] GC(1247) User=0.21s Sys=0.05s Real=0.13s
[345.442s][info][gc,start       ] GC(1248) Pause Young (Allocation Failure)
[345.516s][info][gc,heap        ] GC(1248) PSYoungGen: 159456K(232960K)->18880K(219136K) Eden: 132096K(132096K)->0K(137728K) From: 27360K(100864K)->18880K(81408K)
[345.516s][info][gc,heap        ] GC(1248) ParOldGen: 572313K(572416K)->599721K(600064K)
[345.516s][info][gc,metaspace   ] GC(1248) Metaspace: 18838K(19008K)->18838K(19008K) NonClass: 17008K(17152K)->17008K(17152K) Class: 1829K(1856K)->1829K(1856K)
[345.516s][info][gc             ] GC(1248) Pause Young (Allocation Failure) 714M->604M(800M) 74.082ms
[345.516s][info][gc,cpu         ] GC(1248) User=0.12s Sys=0.02s Real=0.08s
[345.601s][info][gc,start       ] GC(1249) Pause Young (Allocation Failure)
[345.643s][info][gc,heap        ] GC(1249) PSYoungGen: 156608K(219136K)->13168K(228864K) Eden: 137728K(137728K)->0K(137728K) From: 18880K(81408K)->13168K(91136K)
[345.643s][info][gc,heap        ] GC(1249) ParOldGen: 599721K(600064K)->618625K(619008K)
[345.643s][info][gc,metaspace   ] GC(1249) Metaspace: 18838K(19008K)->18838K(19008K) NonClass: 17008K(17152K)->17008K(17152K) Class: 1829K(1856K)->1829K(1856K)
[345.643s][info][gc             ] GC(1249) Pause Young (Allocation Failure) 738M->616M(828M) 41.843ms
[345.643s][info][gc,cpu         ] GC(1249) User=0.06s Sys=0.02s Real=0.04s
[345.746s][info][gc,start       ] GC(1250) Pause Full (Allocation Failure)
[345.746s][info][gc,phases,start] GC(1250) Marking Phase
[345.987s][info][gc,phases      ] GC(1250) Marking Phase 240.833ms
[345.987s][info][gc,phases,start] GC(1250) Summary Phase
[345.987s][info][gc,phases      ] GC(1250) Summary Phase 0.028ms
[345.987s][info][gc,phases,start] GC(1250) Forward
[346.051s][info][gc,phases      ] GC(1250) Forward 64.137ms
[346.051s][info][gc,phases,start] GC(1250) Adjust Pointers
[346.237s][info][gc,phases      ] GC(1250) Adjust Pointers 186.624ms
[346.238s][info][gc,phases,start] GC(1250) Compaction Phase
[346.342s][info][gc,phases      ] GC(1250) Compaction Phase 104.727ms
[346.348s][info][gc,phases,start] GC(1250) Post Compact
[346.351s][info][gc,phases      ] GC(1250) Post Compact 2.331ms
[346.351s][info][gc,heap        ] GC(1250) PSYoungGen: 150896K(228864K)->0K(242176K) Eden: 137728K(137728K)->0K(154112K) From: 13168K(91136K)->0K(88064K)
[346.351s][info][gc,heap        ] GC(1250) ParOldGen: 618625K(619008K)->355896K(644096K)
[346.351s][info][gc,metaspace   ] GC(1250) Metaspace: 18838K(19008K)->18838K(19008K) NonClass: 17009K(17152K)->17009K(17152K) Class: 1829K(1856K)->1829K(1856K)
[346.351s][info][gc             ] GC(1250) Pause Full (Allocation Failure) 751M->347M(865M) 605.074ms
[346.351s][info][gc,cpu         ] GC(1250) User=1.17s Sys=0.00s Real=0.60s
[346.445s][info][gc,start       ] GC(1251) Pause Young (Allocation Failure)
[346.475s][info][gc,heap        ] GC(1251) PSYoungGen: 154112K(242176K)->33600K(187904K) Eden: 154112K(154112K)->0K(154112K) From: 0K(88064K)->33600K(33792K)
[346.475s][info][gc,heap        ] GC(1251) ParOldGen: 355896K(644096K)->355896K(644096K)
[346.475s][info][gc,metaspace   ] GC(1251) Metaspace: 18839K(19008K)->18839K(19008K) NonClass: 17009K(17152K)->17009K(17152K) Class: 1829K(1856K)->1829K(1856K)
[346.475s][info][gc             ] GC(1251) Pause Young (Allocation Failure) 498M->380M(812M) 30.234ms
[346.475s][info][gc,cpu         ] GC(1251) User=0.06s Sys=0.00s Real=0.03s
[346.561s][info][gc,start       ] GC(1252) Pause Young (Allocation Failure)
[346.584s][info][gc,heap        ] GC(1252) PSYoungGen: 187712K(187904K)->128K(242176K) Eden: 154112K(154112K)->0K(158208K) From: 33600K(33792K)->128K(83968K)
[346.584s][info][gc,heap        ] GC(1252) ParOldGen: 355896K(644096K)->389816K(644096K)
[346.584s][info][gc,metaspace   ] GC(1252) Metaspace: 18839K(19008K)->18839K(19008K) NonClass: 17009K(17152K)->17009K(17152K) Class: 1829K(1856K)->1829K(1856K)
[346.584s][info][gc             ] GC(1252) Pause Young (Allocation Failure) 530M->380M(865M) 23.240ms
[346.584s][info][gc,cpu         ] GC(1252) User=0.05s Sys=0.00s Real=0.03s
[346.705s][info][gc,start       ] GC(1253) Pause Young (Allocation Failure)
[346.724s][info][gc,heap        ] GC(1253) PSYoungGen: 158336K(242176K)->11872K(241664K) Eden: 158208K(158208K)->0K(158208K) From: 128K(83968K)->11872K(83456K)
[346.724s][info][gc,heap        ] GC(1253) ParOldGen: 389816K(644096K)->389904K(644096K)
[346.724s][info][gc,metaspace   ] GC(1253) Metaspace: 18840K(19008K)->18840K(19008K) NonClass: 17010K(17152K)->17010K(17152K) Class: 1829K(1856K)->1829K(1856K)
[346.724s][info][gc             ] GC(1253) Pause Young (Allocation Failure) 535M->392M(865M) 19.527ms
[346.724s][info][gc,cpu         ] GC(1253) User=0.03s Sys=0.00s Real=0.02s
[346.850s][info][gc,start       ] GC(1254) Pause Young (Allocation Failure)
[346.900s][info][gc,heap        ] GC(1254) PSYoungGen: 170080K(241664K)->34496K(247808K) Eden: 158208K(158208K)->0K(167936K) From: 11872K(83456K)->34496K(79872K)
[346.900s][info][gc,heap        ] GC(1254) ParOldGen: 389904K(644096K)->401552K(644096K)
[346.900s][info][gc,metaspace   ] GC(1254) Metaspace: 18840K(19008K)->18840K(19008K) NonClass: 17010K(17152K)->17010K(17152K) Class: 1829K(1856K)->1829K(1856K)
[346.900s][info][gc             ] GC(1254) Pause Young (Allocation Failure) 546M->425M(871M) 50.323ms
[346.900s][info][gc,cpu         ] GC(1254) User=0.10s Sys=0.00s Real=0.05s
[347.077s][info][gc,start       ] GC(1255) Pause Young (Allocation Failure)
[347.121s][info][gc,heap        ] GC(1255) PSYoungGen: 202432K(247808K)->6432K(246272K) Eden: 167936K(167936K)->0K(167936K) From: 34496K(79872K)->6432K(78336K)
[347.121s][info][gc,heap        ] GC(1255) ParOldGen: 401552K(644096K)->436133K(644096K)
[347.121s][info][gc,metaspace   ] GC(1255) Metaspace: 18840K(19008K)->18840K(19008K) NonClass: 17010K(17152K)->17010K(17152K) Class: 1829K(1856K)->1829K(1856K)
[347.121s][info][gc             ] GC(1255) Pause Young (Allocation Failure) 589M->432M(869M) 44.163ms
[347.121s][info][gc,cpu         ] GC(1255) User=0.09s Sys=0.00s Real=0.04s
[347.514s][info][gc,start       ] GC(1256) Pause Young (Allocation Failure)
[347.531s][info][gc,heap        ] GC(1256) PSYoungGen: 174368K(246272K)->8256K(252928K) Eden: 167936K(167936K)->0K(178176K) From: 6432K(78336K)->8256K(74752K)
[347.531s][info][gc,heap        ] GC(1256) ParOldGen: 436133K(644096K)->442557K(644096K)
[347.531s][info][gc,metaspace   ] GC(1256) Metaspace: 18840K(19008K)->18840K(19008K) NonClass: 17010K(17152K)->17010K(17152K) Class: 1829K(1856K)->1829K(1856K)
[347.531s][info][gc             ] GC(1256) Pause Young (Allocation Failure) 596M->440M(876M) 16.442ms
[347.531s][info][gc,cpu         ] GC(1256) User=0.03s Sys=0.00s Real=0.01s
[348.003s][info][gc,start       ] GC(1257) Pause Young (Allocation Failure)
[348.020s][info][gc,heap        ] GC(1257) PSYoungGen: 186432K(252928K)->3584K(251904K) Eden: 178176K(178176K)->0K(178176K) From: 8256K(74752K)->3584K(73728K)
[348.020s][info][gc,heap        ] GC(1257) ParOldGen: 442557K(644096K)->450797K(644096K)
[348.020s][info][gc,metaspace   ] GC(1257) Metaspace: 18850K(19008K)->18850K(19008K) NonClass: 17020K(17152K)->17020K(17152K) Class: 1829K(1856K)->1829K(1856K)
[348.020s][info][gc             ] GC(1257) Pause Young (Allocation Failure) 614M->443M(875M) 17.403ms
[348.020s][info][gc,cpu         ] GC(1257) User=0.03s Sys=0.00s Real=0.02s
[348.237s][info][gc,start       ] GC(1258) Pause Young (Allocation Failure)
[348.258s][info][gc,heap        ] GC(1258) PSYoungGen: 181760K(251904K)->21376K(253952K) Eden: 178176K(178176K)->0K(188416K) From: 3584K(73728K)->21376K(65536K)
[348.258s][info][gc,heap        ] GC(1258) ParOldGen: 450797K(644096K)->450797K(644096K)
[348.258s][info][gc,metaspace   ] GC(1258) Metaspace: 18850K(19008K)->18850K(19008K) NonClass: 17021K(17152K)->17021K(17152K) Class: 1829K(1856K)->1829K(1856K)
[348.258s][info][gc             ] GC(1258) Pause Young (Allocation Failure) 617M->461M(877M) 21.501ms
[348.258s][info][gc,cpu         ] GC(1258) User=0.04s Sys=0.00s Real=0.02s
[348.441s][info][gc,start       ] GC(1259) Pause Young (Allocation Failure)
[348.491s][info][gc,heap        ] GC(1259) PSYoungGen: 209792K(253952K)->66784K(255488K) Eden: 188416K(188416K)->0K(188416K) From: 21376K(65536K)->66784K(67072K)
[348.492s][info][gc,heap        ] GC(1259) ParOldGen: 450797K(644096K)->450797K(644096K)
[348.492s][info][gc,metaspace   ] GC(1259) Metaspace: 18854K(19008K)->18854K(19008K) NonClass: 17025K(17152K)->17025K(17152K) Class: 1829K(1856K)->1829K(1856K)
[348.492s][info][gc             ] GC(1259) Pause Young (Allocation Failure) 645M->505M(878M) 50.469ms
[348.492s][info][gc,cpu         ] GC(1259) User=0.10s Sys=0.00s Real=0.05s
[348.714s][info][gc,start       ] GC(1260) Pause Young (Allocation Failure)
[348.794s][info][gc,heap        ] GC(1260) PSYoungGen: 255200K(255488K)->78304K(205312K) Eden: 188416K(188416K)->0K(126976K) From: 66784K(67072K)->78304K(78336K)
[348.794s][info][gc,heap        ] GC(1260) ParOldGen: 450797K(644096K)->476333K(644096K)
[348.794s][info][gc,metaspace   ] GC(1260) Metaspace: 18855K(19008K)->18855K(19008K) NonClass: 17025K(17152K)->17025K(17152K) Class: 1829K(1856K)->1829K(1856K)
[348.794s][info][gc             ] GC(1260) Pause Young (Allocation Failure) 689M->541M(829M) 80.051ms
[348.794s][info][gc,cpu         ] GC(1260) User=0.15s Sys=0.01s Real=0.08s
[348.976s][info][gc,start       ] GC(1261) Pause Young (Allocation Failure)
[349.073s][info][gc,heap        ] GC(1261) PSYoungGen: 205280K(205312K)->77711K(204800K) Eden: 126976K(126976K)->0K(126976K) From: 78304K(78336K)->77711K(77824K)
[349.073s][info][gc,heap        ] GC(1261) ParOldGen: 476333K(644096K)->497819K(644096K)
[349.073s][info][gc,metaspace   ] GC(1261) Metaspace: 18855K(19008K)->18855K(19008K) NonClass: 17025K(17152K)->17025K(17152K) Class: 1829K(1856K)->1829K(1856K)
[349.073s][info][gc             ] GC(1261) Pause Young (Allocation Failure) 665M->562M(829M) 97.951ms
[349.073s][info][gc,cpu         ] GC(1261) User=0.19s Sys=0.00s Real=0.10s
[349.214s][info][gc,start       ] GC(1262) Pause Young (Allocation Failure)
[349.327s][info][gc,heap        ] GC(1262) PSYoungGen: 204687K(204800K)->47615K(224768K) Eden: 126976K(126976K)->0K(113664K) From: 77711K(77824K)->47615K(111104K)
[349.327s][info][gc,heap        ] GC(1262) ParOldGen: 497819K(644096K)->555379K(644096K)
[349.327s][info][gc,metaspace   ] GC(1262) Metaspace: 18855K(19008K)->18855K(19008K) NonClass: 17025K(17152K)->17025K(17152K) Class: 1829K(1856K)->1829K(1856K)
[349.327s][info][gc             ] GC(1262) Pause Young (Allocation Failure) 686M->588M(848M) 112.483ms
[349.327s][info][gc,cpu         ] GC(1262) User=0.23s Sys=0.00s Real=0.11s
[349.461s][info][gc,start       ] GC(1263) Pause Young (Allocation Failure)
[349.536s][info][gc,heap        ] GC(1263) PSYoungGen: 161279K(224768K)->15488K(129536K) Eden: 113664K(113664K)->0K(113664K) From: 47615K(111104K)->15488K(15872K)
[349.536s][info][gc,heap        ] GC(1263) ParOldGen: 555379K(644096K)->603073K(644096K)
[349.536s][info][gc,metaspace   ] GC(1263) Metaspace: 18855K(19008K)->18855K(19008K) NonClass: 17025K(17152K)->17025K(17152K) Class: 1829K(1856K)->1829K(1856K)
[349.536s][info][gc             ] GC(1263) Pause Young (Allocation Failure) 699M->604M(755M) 74.759ms
[349.536s][info][gc,cpu         ] GC(1263) User=0.15s Sys=0.01s Real=0.08s
[349.596s][info][gc,start       ] GC(1264) Pause Full (Allocation Failure)
[349.596s][info][gc,phases,start] GC(1264) Marking Phase
[349.853s][info][gc,phases      ] GC(1264) Marking Phase 256.550ms
[349.853s][info][gc,phases,start] GC(1264) Summary Phase
[349.853s][info][gc,phases      ] GC(1264) Summary Phase 0.027ms
[349.853s][info][gc,phases,start] GC(1264) Forward
[349.923s][info][gc,phases      ] GC(1264) Forward 70.482ms
[349.923s][info][gc,phases,start] GC(1264) Adjust Pointers
[350.123s][info][gc,phases      ] GC(1264) Adjust Pointers 199.488ms
[350.123s][info][gc,phases,start] GC(1264) Compaction Phase
[350.230s][info][gc,phases      ] GC(1264) Compaction Phase 107.163ms
[350.237s][info][gc,phases,start] GC(1264) Post Compact
[350.239s][info][gc,phases      ] GC(1264) Post Compact 2.240ms
[350.240s][info][gc,heap        ] GC(1264) PSYoungGen: 129152K(129536K)->0K(219648K) Eden: 113664K(113664K)->0K(113664K) From: 15488K(15872K)->0K(105984K)
[350.240s][info][gc,heap        ] GC(1264) ParOldGen: 603073K(644096K)->379306K(667648K)
[350.240s][info][gc,metaspace   ] GC(1264) Metaspace: 18855K(19008K)->18855K(19008K) NonClass: 17025K(17152K)->17025K(17152K) Class: 1829K(1856K)->1829K(1856K)
[350.240s][info][gc             ] GC(1264) Pause Full (Allocation Failure) 715M->370M(866M) 643.507ms
[350.240s][info][gc,cpu         ] GC(1264) User=1.23s Sys=0.00s Real=0.64s
[350.337s][info][gc,start       ] GC(1265) Pause Young (Allocation Failure)
[350.353s][info][gc,heap        ] GC(1265) PSYoungGen: 113664K(219648K)->13602K(219648K) Eden: 113664K(113664K)->0K(113664K) From: 0K(105984K)->13602K(105984K)
[350.353s][info][gc,heap        ] GC(1265) ParOldGen: 379306K(667648K)->379306K(667648K)
[350.353s][info][gc,metaspace   ] GC(1265) Metaspace: 18855K(19008K)->18855K(19008K) NonClass: 17025K(17152K)->17025K(17152K) Class: 1829K(1856K)->1829K(1856K)
[350.353s][info][gc             ] GC(1265) Pause Young (Allocation Failure) 481M->383M(866M) 15.327ms
[350.353s][info][gc,cpu         ] GC(1265) User=0.03s Sys=0.00s Real=0.01s
[350.396s][info][gc,start       ] GC(1266) Pause Young (Allocation Failure)
[350.431s][info][gc,heap        ] GC(1266) PSYoungGen: 127266K(219648K)->34528K(217600K) Eden: 113664K(113664K)->0K(124928K) From: 13602K(105984K)->34528K(92672K)
[350.431s][info][gc,heap        ] GC(1266) ParOldGen: 379306K(667648K)->393023K(667648K)
[350.431s][info][gc,metaspace   ] GC(1266) Metaspace: 18855K(19008K)->18855K(19008K) NonClass: 17025K(17152K)->17025K(17152K) Class: 1829K(1856K)->1829K(1856K)
[350.431s][info][gc             ] GC(1266) Pause Young (Allocation Failure) 494M->417M(864M) 34.488ms
[350.431s][info][gc,cpu         ] GC(1266) User=0.07s Sys=0.00s Real=0.03s
[350.510s][info][gc,start       ] GC(1267) Pause Young (Allocation Failure)
[350.559s][info][gc,heap        ] GC(1267) PSYoungGen: 159456K(217600K)->33536K(221184K) Eden: 124928K(124928K)->0K(124928K) From: 34528K(92672K)->33536K(96256K)
[350.559s][info][gc,heap        ] GC(1267) ParOldGen: 393023K(667648K)->427951K(667648K)
[350.559s][info][gc,metaspace   ] GC(1267) Metaspace: 18855K(19008K)->18855K(19008K) NonClass: 17025K(17152K)->17025K(17152K) Class: 1829K(1856K)->1829K(1856K)
[350.559s][info][gc             ] GC(1267) Pause Young (Allocation Failure) 539M->450M(868M) 48.811ms
[350.559s][info][gc,cpu         ] GC(1267) User=0.09s Sys=0.00s Real=0.05s
[350.673s][info][gc,start       ] GC(1268) Pause Young (Allocation Failure)
[350.703s][info][gc,heap        ] GC(1268) PSYoungGen: 158464K(221184K)->2080K(230400K) Eden: 124928K(124928K)->0K(140800K) From: 33536K(96256K)->2080K(89600K)
[350.703s][info][gc,heap        ] GC(1268) ParOldGen: 427951K(667648K)->461863K(667648K)
[350.703s][info][gc,metaspace   ] GC(1268) Metaspace: 18855K(19008K)->18855K(19008K) NonClass: 17025K(17152K)->17025K(17152K) Class: 1829K(1856K)->1829K(1856K)
[350.703s][info][gc             ] GC(1268) Pause Young (Allocation Failure) 572M->453M(877M) 29.290ms
[350.703s][info][gc,cpu         ] GC(1268) User=0.05s Sys=0.00s Real=0.02s
[350.853s][info][gc,start       ] GC(1269) Pause Young (Allocation Failure)
[350.893s][info][gc,heap        ] GC(1269) PSYoungGen: 142880K(230400K)->21856K(230912K) Eden: 140800K(140800K)->0K(140800K) From: 2080K(89600K)->21856K(90112K)
[350.893s][info][gc,heap        ] GC(1269) ParOldGen: 461863K(667648K)->463943K(667648K)
[350.893s][info][gc,metaspace   ] GC(1269) Metaspace: 18855K(19008K)->18855K(19008K) NonClass: 17025K(17152K)->17025K(17152K) Class: 1829K(1856K)->1829K(1856K)
[350.893s][info][gc             ] GC(1269) Pause Young (Allocation Failure) 590M->474M(877M) 39.351ms
[350.893s][info][gc,cpu         ] GC(1269) User=0.08s Sys=0.01s Real=0.04s
[351.008s][info][gc,start       ] GC(1270) Pause Young (Allocation Failure)
[351.083s][info][gc,heap        ] GC(1270) PSYoungGen: 162656K(230912K)->44192K(239616K) Eden: 140800K(140800K)->0K(154112K) From: 21856K(90112K)->44192K(85504K)
[351.083s][info][gc,heap        ] GC(1270) ParOldGen: 463943K(667648K)->485343K(667648K)
[351.083s][info][gc,metaspace   ] GC(1270) Metaspace: 18855K(19008K)->18855K(19008K) NonClass: 17025K(17152K)->17025K(17152K) Class: 1829K(1856K)->1829K(1856K)
[351.083s][info][gc             ] GC(1270) Pause Young (Allocation Failure) 611M->517M(886M) 74.986ms
[351.083s][info][gc,cpu         ] GC(1270) User=0.14s Sys=0.00s Real=0.07s
[351.280s][info][gc,start       ] GC(1271) Pause Young (Allocation Failure)
[351.352s][info][gc,heap        ] GC(1271) PSYoungGen: 198304K(239616K)->24096K(239616K) Eden: 154112K(154112K)->0K(154112K) From: 44192K(85504K)->24096K(85504K)
[351.352s][info][gc,heap        ] GC(1271) ParOldGen: 485343K(667648K)->529640K(667648K)
[351.352s][info][gc,metaspace   ] GC(1271) Metaspace: 18855K(19008K)->18855K(19008K) NonClass: 17025K(17152K)->17025K(17152K) Class: 1829K(1856K)->1829K(1856K)
[351.352s][info][gc             ] GC(1271) Pause Young (Allocation Failure) 667M->540M(886M) 71.773ms
[351.352s][info][gc,cpu         ] GC(1271) User=0.14s Sys=0.00s Real=0.07s
[351.502s][info][gc,start       ] GC(1272) Pause Young (Allocation Failure)
[351.531s][info][gc,heap        ] GC(1272) PSYoungGen: 178208K(239616K)->2912K(243712K) Eden: 154112K(154112K)->0K(162816K) From: 24096K(85504K)->2912K(80896K)
[351.531s][info][gc,heap        ] GC(1272) ParOldGen: 529640K(667648K)->553784K(667648K)
[351.531s][info][gc,metaspace   ] GC(1272) Metaspace: 18855K(19008K)->18855K(19008K) NonClass: 17025K(17152K)->17025K(17152K) Class: 1829K(1856K)->1829K(1856K)
[351.531s][info][gc             ] GC(1272) Pause Young (Allocation Failure) 691M->543M(890M) 29.242ms
[351.531s][info][gc,cpu         ] GC(1272) User=0.06s Sys=0.00s Real=0.03s
[351.712s][info][gc,start       ] GC(1273) Pause Young (Allocation Failure)
[351.726s][info][gc,heap        ] GC(1273) PSYoungGen: 165728K(243712K)->4608K(243712K) Eden: 162816K(162816K)->0K(162816K) From: 2912K(80896K)->4608K(80896K)
[351.726s][info][gc,heap        ] GC(1273) ParOldGen: 553784K(667648K)->556640K(667648K)
[351.726s][info][gc,metaspace   ] GC(1273) Metaspace: 18855K(19008K)->18855K(19008K) NonClass: 17025K(17152K)->17025K(17152K) Class: 1829K(1856K)->1829K(1856K)
[351.726s][info][gc             ] GC(1273) Pause Young (Allocation Failure) 702M->548M(890M) 14.410ms
[351.726s][info][gc,cpu         ] GC(1273) User=0.03s Sys=0.00s Real=0.02s
[352.011s][info][gc,start       ] GC(1274) Pause Young (Allocation Failure)
[352.029s][info][gc,heap        ] GC(1274) PSYoungGen: 167424K(243712K)->11568K(248320K) Eden: 162816K(162816K)->0K(173568K) From: 4608K(80896K)->11568K(74752K)
[352.029s][info][gc,heap        ] GC(1274) ParOldGen: 556640K(667648K)->560992K(667648K)
[352.029s][info][gc,metaspace   ] GC(1274) Metaspace: 18855K(19008K)->18855K(19008K) NonClass: 17025K(17152K)->17025K(17152K) Class: 1829K(1856K)->1829K(1856K)
[352.029s][info][gc             ] GC(1274) Pause Young (Allocation Failure) 707M->559M(894M) 17.953ms
[352.029s][info][gc,cpu         ] GC(1274) User=0.04s Sys=0.00s Real=0.02s
[352.421s][info][gc,start       ] GC(1275) Pause Young (Allocation Failure)
[352.453s][info][gc,heap        ] GC(1275) PSYoungGen: 185136K(248320K)->17152K(249856K) Eden: 173568K(173568K)->0K(173568K) From: 11568K(74752K)->17152K(76288K)
[352.453s][info][gc,heap        ] GC(1275) ParOldGen: 560992K(667648K)->572584K(667648K)
[352.453s][info][gc,metaspace   ] GC(1275) Metaspace: 18855K(19008K)->18855K(19008K) NonClass: 17025K(17152K)->17025K(17152K) Class: 1829K(1856K)->1829K(1856K)
[352.453s][info][gc             ] GC(1275) Pause Young (Allocation Failure) 728M->575M(896M) 31.353ms
[352.453s][info][gc,cpu         ] GC(1275) User=0.06s Sys=0.00s Real=0.03s
[352.920s][info][gc,start       ] GC(1276) Pause Young (Allocation Failure)
[352.938s][info][gc,heap        ] GC(1276) PSYoungGen: 190720K(249856K)->17184K(252928K) Eden: 173568K(173568K)->0K(185344K) From: 17152K(76288K)->17184K(67584K)
[352.938s][info][gc,heap        ] GC(1276) ParOldGen: 572584K(667648K)->572584K(667648K)
[352.938s][info][gc,metaspace   ] GC(1276) Metaspace: 18855K(19008K)->18855K(19008K) NonClass: 17025K(17152K)->17025K(17152K) Class: 1829K(1856K)->1829K(1856K)
[352.938s][info][gc             ] GC(1276) Pause Young (Allocation Failure) 745M->575M(899M) 18.040ms
[352.938s][info][gc,cpu         ] GC(1276) User=0.03s Sys=0.00s Real=0.02s
[353.409s][info][gc,start       ] GC(1277) Pause Young (Allocation Failure)
[353.427s][info][gc,heap        ] GC(1277) PSYoungGen: 202528K(252928K)->17152K(253952K) Eden: 185344K(185344K)->0K(185344K) From: 17184K(67584K)->17152K(68608K)
[353.427s][info][gc,heap        ] GC(1277) ParOldGen: 572584K(667648K)->572584K(667648K)
[353.427s][info][gc,metaspace   ] GC(1277) Metaspace: 18855K(19008K)->18855K(19008K) NonClass: 17025K(17152K)->17025K(17152K) Class: 1829K(1856K)->1829K(1856K)
[353.427s][info][gc             ] GC(1277) Pause Young (Allocation Failure) 756M->575M(900M) 18.067ms
[353.427s][info][gc,cpu         ] GC(1277) User=0.04s Sys=0.00s Real=0.02s
[353.883s][info][gc,start       ] GC(1278) Pause Young (Allocation Failure)
[353.902s][info][gc,heap        ] GC(1278) PSYoungGen: 202496K(253952K)->17280K(256512K) Eden: 185344K(185344K)->0K(198144K) From: 17152K(68608K)->17280K(58368K)
[353.902s][info][gc,heap        ] GC(1278) ParOldGen: 572584K(667648K)->572584K(667648K)
[353.902s][info][gc,metaspace   ] GC(1278) Metaspace: 18855K(19008K)->18855K(19008K) NonClass: 17025K(17152K)->17025K(17152K) Class: 1829K(1856K)->1829K(1856K)
[353.902s][info][gc             ] GC(1278) Pause Young (Allocation Failure) 756M->576M(902M) 19.034ms
[353.902s][info][gc,cpu         ] GC(1278) User=0.04s Sys=0.00s Real=0.02s
[354.378s][info][gc,start       ] GC(1279) Pause Young (Allocation Failure)
[354.406s][info][gc,heap        ] GC(1279) PSYoungGen: 215424K(256512K)->17184K(259584K) Eden: 198144K(198144K)->0K(198144K) From: 17280K(58368K)->17184K(61440K)
[354.406s][info][gc,heap        ] GC(1279) ParOldGen: 572584K(667648K)->572584K(667648K)
[354.406s][info][gc,metaspace   ] GC(1279) Metaspace: 18855K(19008K)->18855K(19008K) NonClass: 17025K(17152K)->17025K(17152K) Class: 1829K(1856K)->1829K(1856K)
[354.406s][info][gc             ] GC(1279) Pause Young (Allocation Failure) 769M->575M(905M) 27.609ms
[354.406s][info][gc,cpu         ] GC(1279) User=0.06s Sys=0.00s Real=0.03s
[354.645s][info][gc,start       ] GC(1280) Pause Young (Allocation Failure)
[354.697s][info][gc,heap        ] GC(1280) PSYoungGen: 215328K(259584K)->58336K(252928K) Eden: 198144K(198144K)->0K(194560K) From: 17184K(61440K)->58336K(58368K)
[354.697s][info][gc,heap        ] GC(1280) ParOldGen: 572584K(667648K)->575216K(667648K)
[354.697s][info][gc,metaspace   ] GC(1280) Metaspace: 18855K(19008K)->18855K(19008K) NonClass: 17025K(17152K)->17025K(17152K) Class: 1829K(1856K)->1829K(1856K)
[354.697s][info][gc             ] GC(1280) Pause Young (Allocation Failure) 769M->618M(899M) 52.185ms
[354.697s][info][gc,cpu         ] GC(1280) User=0.10s Sys=0.00s Real=0.05s
[354.922s][info][gc,start       ] GC(1281) Pause Young (Allocation Failure)
[354.992s][info][gc,heap        ] GC(1281) PSYoungGen: 252896K(252928K)->69600K(264192K) Eden: 194560K(194560K)->0K(194560K) From: 58336K(58368K)->69600K(69632K)
[354.992s][info][gc,heap        ] GC(1281) ParOldGen: 575216K(667648K)->599880K(667648K)
[354.992s][info][gc,metaspace   ] GC(1281) Metaspace: 18855K(19008K)->18855K(19008K) NonClass: 17025K(17152K)->17025K(17152K) Class: 1829K(1856K)->1829K(1856K)
[354.992s][info][gc             ] GC(1281) Pause Young (Allocation Failure) 808M->653M(910M) 70.216ms
[354.992s][info][gc,cpu         ] GC(1281) User=0.14s Sys=0.00s Real=0.07s
[355.259s][info][gc,start       ] GC(1282) Pause Young (Allocation Failure)
[355.380s][info][gc,heap        ] GC(1282) PSYoungGen: 264160K(264192K)->69616K(181248K) Eden: 194560K(194560K)->0K(111616K) From: 69600K(69632K)->69616K(69632K)
[355.380s][info][gc,heap        ] GC(1282) ParOldGen: 599880K(667648K)->638577K(667648K)
[355.380s][info][gc,metaspace   ] GC(1282) Metaspace: 18855K(19008K)->18855K(19008K) NonClass: 17025K(17152K)->17025K(17152K) Class: 1829K(1856K)->1829K(1856K)
[355.380s][info][gc             ] GC(1282) Pause Young (Allocation Failure) 843M->691M(829M) 120.916ms
[355.380s][info][gc,cpu         ] GC(1282) User=0.22s Sys=0.02s Real=0.12s
[355.473s][info][gc,start       ] GC(1283) Pause Full (Allocation Failure)
[355.473s][info][gc,phases,start] GC(1283) Marking Phase
[355.846s][info][gc,phases      ] GC(1283) Marking Phase 372.043ms
[355.846s][info][gc,phases,start] GC(1283) Summary Phase
[355.846s][info][gc,phases      ] GC(1283) Summary Phase 0.030ms
[355.846s][info][gc,phases,start] GC(1283) Forward
[355.966s][info][gc,phases      ] GC(1283) Forward 120.250ms
[355.966s][info][gc,phases,start] GC(1283) Adjust Pointers
[356.256s][info][gc,phases      ] GC(1283) Adjust Pointers 290.130ms
[356.256s][info][gc,phases,start] GC(1283) Compaction Phase
[356.422s][info][gc,phases      ] GC(1283) Compaction Phase 166.237ms
[356.433s][info][gc,phases,start] GC(1283) Post Compact
[356.435s][info][gc,phases      ] GC(1283) Post Compact 2.473ms
[356.435s][info][gc,heap        ] GC(1283) PSYoungGen: 181232K(181248K)->0K(222720K) Eden: 111616K(111616K)->0K(111616K) From: 69616K(69632K)->0K(111104K)
[356.435s][info][gc,heap        ] GC(1283) ParOldGen: 638577K(667648K)->540356K(667648K)
[356.435s][info][gc,metaspace   ] GC(1283) Metaspace: 18855K(19008K)->18855K(19008K) NonClass: 17025K(17152K)->17025K(17152K) Class: 1829K(1856K)->1829K(1856K)
[356.435s][info][gc             ] GC(1283) Pause Full (Allocation Failure) 800M->527M(869M) 961.719ms
[356.435s][info][gc,cpu         ] GC(1283) User=1.81s Sys=0.00s Real=0.97s
[356.551s][info][gc,start       ] GC(1284) Pause Young (Allocation Failure)
[356.563s][info][gc,heap        ] GC(1284) PSYoungGen: 111616K(222720K)->6523K(222720K) Eden: 111616K(111616K)->0K(111616K) From: 0K(111104K)->6523K(111104K)
[356.563s][info][gc,heap        ] GC(1284) ParOldGen: 540356K(667648K)->540356K(667648K)
[356.563s][info][gc,metaspace   ] GC(1284) Metaspace: 18856K(19008K)->18856K(19008K) NonClass: 17026K(17152K)->17026K(17152K) Class: 1829K(1856K)->1829K(1856K)
[356.563s][info][gc             ] GC(1284) Pause Young (Allocation Failure) 636M->534M(869M) 11.665ms
[356.563s][info][gc,cpu         ] GC(1284) User=0.03s Sys=0.00s Real=0.01s
[356.628s][info][gc,start       ] GC(1285) Pause Young (Allocation Failure)
[356.642s][info][gc,heap        ] GC(1285) PSYoungGen: 118139K(222720K)->13947K(125952K) Eden: 111616K(111616K)->0K(111616K) From: 6523K(111104K)->13947K(14336K)
[356.642s][info][gc,heap        ] GC(1285) ParOldGen: 540356K(667648K)->540356K(667648K)
[356.642s][info][gc,metaspace   ] GC(1285) Metaspace: 18856K(19008K)->18856K(19008K) NonClass: 17026K(17152K)->17026K(17152K) Class: 1829K(1856K)->1829K(1856K)
[356.642s][info][gc             ] GC(1285) Pause Young (Allocation Failure) 643M->541M(775M) 14.346ms
[356.642s][info][gc,cpu         ] GC(1285) User=0.03s Sys=0.00s Real=0.01s
[356.728s][info][gc,start       ] GC(1286) Pause Young (Allocation Failure)
[356.752s][info][gc,heap        ] GC(1286) PSYoungGen: 125563K(125952K)->19323K(223744K) Eden: 111616K(111616K)->0K(116224K) From: 13947K(14336K)->19323K(107520K)
[356.752s][info][gc,heap        ] GC(1286) ParOldGen: 540356K(667648K)->540356K(667648K)
[356.752s][info][gc,metaspace   ] GC(1286) Metaspace: 18857K(19008K)->18857K(19008K) NonClass: 17027K(17152K)->17027K(17152K) Class: 1829K(1856K)->1829K(1856K)
[356.752s][info][gc             ] GC(1286) Pause Young (Allocation Failure) 650M->546M(870M) 24.239ms
[356.752s][info][gc,cpu         ] GC(1286) User=0.05s Sys=0.00s Real=0.02s
[356.835s][info][gc,start       ] GC(1287) Pause Young (Allocation Failure)
[356.867s][info][gc,heap        ] GC(1287) PSYoungGen: 135547K(223744K)->28619K(219136K) Eden: 116224K(116224K)->0K(116224K) From: 19323K(107520K)->28619K(102912K)
[356.867s][info][gc,heap        ] GC(1287) ParOldGen: 540356K(667648K)->540356K(667648K)
[356.867s][info][gc,metaspace   ] GC(1287) Metaspace: 18857K(19008K)->18857K(19008K) NonClass: 17027K(17152K)->17027K(17152K) Class: 1829K(1856K)->1829K(1856K)
[356.867s][info][gc             ] GC(1287) Pause Young (Allocation Failure) 660M->555M(866M) 32.058ms
[356.867s][info][gc,cpu         ] GC(1287) User=0.06s Sys=0.00s Real=0.03s
[356.953s][info][gc,start       ] GC(1288) Pause Young (Allocation Failure)
[356.977s][info][gc,heap        ] GC(1288) PSYoungGen: 144843K(219136K)->16368K(221696K) Eden: 116224K(116224K)->0K(127488K) From: 28619K(102912K)->16368K(94208K)
[356.977s][info][gc,heap        ] GC(1288) ParOldGen: 540356K(667648K)->546880K(667648K)
[356.977s][info][gc,metaspace   ] GC(1288) Metaspace: 18859K(19008K)->18859K(19008K) NonClass: 17029K(17152K)->17029K(17152K) Class: 1829K(1856K)->1829K(1856K)
[356.977s][info][gc             ] GC(1288) Pause Young (Allocation Failure) 669M->550M(868M) 23.839ms
[356.977s][info][gc,cpu         ] GC(1288) User=0.05s Sys=0.00s Real=0.02s
[357.100s][info][gc,start       ] GC(1289) Pause Young (Allocation Failure)
[357.138s][info][gc,heap        ] GC(1289) PSYoungGen: 143856K(221696K)->39712K(220160K) Eden: 127488K(127488K)->0K(127488K) From: 16368K(94208K)->39712K(92672K)
[357.138s][info][gc,heap        ] GC(1289) ParOldGen: 546880K(667648K)->549992K(667648K)
[357.138s][info][gc,metaspace   ] GC(1289) Metaspace: 18859K(19008K)->18859K(19008K) NonClass: 17029K(17152K)->17029K(17152K) Class: 1829K(1856K)->1829K(1856K)
[357.138s][info][gc             ] GC(1289) Pause Young (Allocation Failure) 674M->575M(867M) 37.889ms
[357.138s][info][gc,cpu         ] GC(1289) User=0.07s Sys=0.00s Real=0.04s
[357.265s][info][gc,start       ] GC(1290) Pause Young (Allocation Failure)
[357.311s][info][gc,heap        ] GC(1290) PSYoungGen: 167200K(220160K)->42688K(228864K) Eden: 127488K(127488K)->0K(142336K) From: 39712K(92672K)->42688K(86528K)
[357.311s][info][gc,heap        ] GC(1290) ParOldGen: 549992K(667648K)->556984K(667648K)
[357.311s][info][gc,metaspace   ] GC(1290) Metaspace: 18859K(19008K)->18859K(19008K) NonClass: 17029K(17152K)->17029K(17152K) Class: 1829K(1856K)->1829K(1856K)
[357.311s][info][gc             ] GC(1290) Pause Young (Allocation Failure) 700M->585M(875M) 46.122ms
[357.311s][info][gc,cpu         ] GC(1290) User=0.09s Sys=0.00s Real=0.04s
[357.406s][info][gc,start       ] GC(1291) Pause Young (Allocation Failure)
[357.468s][info][gc,heap        ] GC(1291) PSYoungGen: 185024K(228864K)->19680K(230400K) Eden: 142336K(142336K)->0K(142336K) From: 42688K(86528K)->19680K(88064K)
[357.468s][info][gc,heap        ] GC(1291) ParOldGen: 556984K(667648K)->599929K(667648K)
[357.468s][info][gc,metaspace   ] GC(1291) Metaspace: 18859K(19008K)->18859K(19008K) NonClass: 17029K(17152K)->17029K(17152K) Class: 1829K(1856K)->1829K(1856K)
[357.468s][info][gc             ] GC(1291) Pause Young (Allocation Failure) 724M->605M(877M) 62.370ms
[357.468s][info][gc,cpu         ] GC(1291) User=0.12s Sys=0.00s Real=0.06s
[357.866s][info][gc,start       ] GC(1292) Pause Young (Allocation Failure)
[357.891s][info][gc,heap        ] GC(1292) PSYoungGen: 162016K(230400K)->3360K(242176K) Eden: 142336K(142336K)->0K(158720K) From: 19680K(88064K)->3360K(83456K)
[357.891s][info][gc,heap        ] GC(1292) ParOldGen: 599929K(667648K)->619633K(667648K)
[357.891s][info][gc,metaspace   ] GC(1292) Metaspace: 18859K(19008K)->18859K(19008K) NonClass: 17030K(17152K)->17030K(17152K) Class: 1829K(1856K)->1829K(1856K)
[357.891s][info][gc             ] GC(1292) Pause Young (Allocation Failure) 744M->608M(888M) 25.414ms
[357.892s][info][gc,cpu         ] GC(1292) User=0.05s Sys=0.00s Real=0.02s
[358.163s][info][gc,start       ] GC(1293) Pause Full (Allocation Failure)
[358.163s][info][gc,phases,start] GC(1293) Marking Phase
[358.479s][info][gc,phases      ] GC(1293) Marking Phase 315.785ms
[358.479s][info][gc,phases,start] GC(1293) Summary Phase
[358.479s][info][gc,phases      ] GC(1293) Summary Phase 0.027ms
[358.479s][info][gc,phases,start] GC(1293) Forward
[358.568s][info][gc,phases      ] GC(1293) Forward 88.541ms
[358.568s][info][gc,phases,start] GC(1293) Adjust Pointers
[358.816s][info][gc,phases      ] GC(1293) Adjust Pointers 248.767ms
[358.817s][info][gc,phases,start] GC(1293) Compaction Phase
[358.943s][info][gc,phases      ] GC(1293) Compaction Phase 126.585ms
[358.951s][info][gc,phases,start] GC(1293) Post Compact
[358.954s][info][gc,phases      ] GC(1293) Post Compact 2.405ms
[358.954s][info][gc,heap        ] GC(1293) PSYoungGen: 162080K(242176K)->0K(243200K) Eden: 158720K(158720K)->0K(158720K) From: 3360K(83456K)->0K(84480K)
[358.954s][info][gc,heap        ] GC(1293) ParOldGen: 619633K(667648K)->424405K(667648K)
[358.954s][info][gc,metaspace   ] GC(1293) Metaspace: 18859K(19008K)->18859K(19008K) NonClass: 17030K(17152K)->17030K(17152K) Class: 1829K(1856K)->1829K(1856K)
[358.954s][info][gc             ] GC(1293) Pause Full (Allocation Failure) 763M->414M(889M) 790.646ms
[358.954s][info][gc,cpu         ] GC(1293) User=1.52s Sys=0.00s Real=0.80s
[359.159s][info][gc,start       ] GC(1294) Pause Young (Allocation Failure)
[359.173s][info][gc,heap        ] GC(1294) PSYoungGen: 158720K(243200K)->16944K(242176K) Eden: 158720K(158720K)->0K(164864K) From: 0K(84480K)->16944K(77312K)
[359.173s][info][gc,heap        ] GC(1294) ParOldGen: 424405K(667648K)->424405K(667648K)
[359.173s][info][gc,metaspace   ] GC(1294) Metaspace: 18859K(19008K)->18859K(19008K) NonClass: 17030K(17152K)->17030K(17152K) Class: 1829K(1856K)->1829K(1856K)
[359.173s][info][gc             ] GC(1294) Pause Young (Allocation Failure) 569M->431M(888M) 14.596ms
[359.173s][info][gc,cpu         ] GC(1294) User=0.03s Sys=0.00s Real=0.01s
[359.255s][info][gc,start       ] GC(1295) Pause Young (Allocation Failure)
[359.309s][info][gc,heap        ] GC(1295) PSYoungGen: 181808K(242176K)->79376K(244736K) Eden: 164864K(164864K)->0K(164864K) From: 16944K(77312K)->79376K(79872K)
[359.309s][info][gc,heap        ] GC(1295) ParOldGen: 424405K(667648K)->424405K(667648K)
[359.309s][info][gc,metaspace   ] GC(1295) Metaspace: 18859K(19008K)->18859K(19008K) NonClass: 17030K(17152K)->17030K(17152K) Class: 1829K(1856K)->1829K(1856K)
[359.309s][info][gc             ] GC(1295) Pause Young (Allocation Failure) 592M->491M(891M) 54.522ms
[359.309s][info][gc,cpu         ] GC(1295) User=0.10s Sys=0.00s Real=0.05s
[359.568s][info][gc,start       ] GC(1296) Pause Young (Allocation Failure)
[359.620s][info][gc,heap        ] GC(1296) PSYoungGen: 244240K(244736K)->66880K(220160K) Eden: 164864K(164864K)->0K(131072K) From: 79376K(79872K)->66880K(89088K)
[359.620s][info][gc,heap        ] GC(1296) ParOldGen: 424405K(667648K)->441477K(667648K)
[359.620s][info][gc,metaspace   ] GC(1296) Metaspace: 18859K(19008K)->18859K(19008K) NonClass: 17030K(17152K)->17030K(17152K) Class: 1829K(1856K)->1829K(1856K)
[359.620s][info][gc             ] GC(1296) Pause Young (Allocation Failure) 652M->496M(867M) 51.664ms
[359.620s][info][gc,cpu         ] GC(1296) User=0.10s Sys=0.00s Real=0.05s
[359.803s][info][gc,start       ] GC(1297) Pause Young (Allocation Failure)
[359.895s][info][gc,heap        ] GC(1297) PSYoungGen: 197952K(220160K)->39520K(232448K) Eden: 131072K(131072K)->0K(131072K) From: 66880K(89088K)->39520K(101376K)
[359.895s][info][gc,heap        ] GC(1297) ParOldGen: 441477K(667648K)->504709K(667648K)
[359.895s][info][gc,metaspace   ] GC(1297) Metaspace: 18859K(19008K)->18859K(19008K) NonClass: 17030K(17152K)->17030K(17152K) Class: 1829K(1856K)->1829K(1856K)
[359.895s][info][gc             ] GC(1297) Pause Young (Allocation Failure) 624M->531M(879M) 92.323ms
[359.895s][info][gc,cpu         ] GC(1297) User=0.19s Sys=0.00s Real=0.10s
[360.051s][info][gc,start       ] GC(1298) Pause Young (Allocation Failure)
[360.124s][info][gc,heap        ] GC(1298) PSYoungGen: 170592K(232448K)->21408K(220160K) Eden: 131072K(131072K)->0K(136192K) From: 39520K(101376K)->21408K(83968K)
[360.124s][info][gc,heap        ] GC(1298) ParOldGen: 504709K(667648K)->544337K(667648K)
[360.124s][info][gc,metaspace   ] GC(1298) Metaspace: 18859K(19008K)->18859K(19008K) NonClass: 17030K(17152K)->17030K(17152K) Class: 1829K(1856K)->1829K(1856K)
[360.124s][info][gc             ] GC(1298) Pause Young (Allocation Failure) 659M->552M(867M) 73.195ms
[360.124s][info][gc,cpu         ] GC(1298) User=0.14s Sys=0.00s Real=0.08s
[360.222s][info][gc,start       ] GC(1299) Pause Young (Allocation Failure)
[360.250s][info][gc,heap        ] GC(1299) PSYoungGen: 157600K(220160K)->4416K(228864K) Eden: 136192K(136192K)->0K(136192K) From: 21408K(83968K)->4416K(92672K)
[360.250s][info][gc,heap        ] GC(1299) ParOldGen: 544337K(667648K)->565801K(667648K)
[360.250s][info][gc,metaspace   ] GC(1299) Metaspace: 18859K(19008K)->18859K(19008K) NonClass: 17030K(17152K)->17030K(17152K) Class: 1829K(1856K)->1829K(1856K)
[360.250s][info][gc             ] GC(1299) Pause Young (Allocation Failure) 685M->556M(875M) 27.410ms
[360.250s][info][gc,cpu         ] GC(1299) User=0.05s Sys=0.00s Real=0.03s
[360.398s][info][gc,start       ] GC(1300) Pause Young (Allocation Failure)
[360.409s][info][gc,heap        ] GC(1300) PSYoungGen: 140608K(228864K)->704K(238592K) Eden: 136192K(136192K)->0K(148992K) From: 4416K(92672K)->704K(89600K)
[360.409s][info][gc,heap        ] GC(1300) ParOldGen: 565801K(667648K)->570193K(667648K)
[360.409s][info][gc,metaspace   ] GC(1300) Metaspace: 18859K(19008K)->18859K(19008K) NonClass: 17030K(17152K)->17030K(17152K) Class: 1829K(1856K)->1829K(1856K)
[360.409s][info][gc             ] GC(1300) Pause Young (Allocation Failure) 689M->557M(885M) 11.666ms
[360.409s][info][gc,cpu         ] GC(1300) User=0.03s Sys=0.00s Real=0.01s
[360.574s][info][gc,start       ] GC(1301) Pause Young (Allocation Failure)
[360.584s][info][gc,heap        ] GC(1301) PSYoungGen: 149696K(238592K)->4288K(240128K) Eden: 148992K(148992K)->0K(148992K) From: 704K(89600K)->4288K(91136K)
[360.584s][info][gc,heap        ] GC(1301) ParOldGen: 570193K(667648K)->570881K(667648K)
[360.584s][info][gc,metaspace   ] GC(1301) Metaspace: 18859K(19008K)->18859K(19008K) NonClass: 17030K(17152K)->17030K(17152K) Class: 1829K(1856K)->1829K(1856K)
[360.584s][info][gc             ] GC(1301) Pause Young (Allocation Failure) 703M->561M(886M) 9.957ms
[360.584s][info][gc,cpu         ] GC(1301) User=0.01s Sys=0.00s Real=0.01s
[360.831s][info][gc,start       ] GC(1302) Pause Young (Allocation Failure)
[360.857s][info][gc,heap        ] GC(1302) PSYoungGen: 153280K(240128K)->23264K(231936K) Eden: 148992K(148992K)->0K(153600K) From: 4288K(91136K)->23264K(78336K)
[360.857s][info][gc,heap        ] GC(1302) ParOldGen: 570881K(667648K)->570881K(667648K)
[360.857s][info][gc,metaspace   ] GC(1302) Metaspace: 18859K(19008K)->18859K(19008K) NonClass: 17030K(17152K)->17030K(17152K) Class: 1829K(1856K)->1829K(1856K)
[360.857s][info][gc             ] GC(1302) Pause Young (Allocation Failure) 707M->580M(878M) 25.161ms
[360.857s][info][gc,cpu         ] GC(1302) User=0.05s Sys=0.00s Real=0.03s
[361.221s][info][gc,start       ] GC(1303) Pause Young (Allocation Failure)
[361.256s][info][gc,heap        ] GC(1303) PSYoungGen: 176864K(231936K)->33056K(237056K) Eden: 153600K(153600K)->0K(153600K) From: 23264K(78336K)->33056K(83456K)
[361.256s][info][gc,heap        ] GC(1303) ParOldGen: 570881K(667648K)->570881K(667648K)
[361.256s][info][gc,metaspace   ] GC(1303) Metaspace: 18859K(19008K)->18859K(19008K) NonClass: 17030K(17152K)->17030K(17152K) Class: 1829K(1856K)->1829K(1856K)
[361.256s][info][gc             ] GC(1303) Pause Young (Allocation Failure) 730M->589M(883M) 34.988ms
[361.256s][info][gc,cpu         ] GC(1303) User=0.06s Sys=0.00s Real=0.04s
[361.660s][info][gc,start       ] GC(1304) Pause Young (Allocation Failure)
[361.703s][info][gc,heap        ] GC(1304) PSYoungGen: 186656K(237056K)->33136K(239104K) Eden: 153600K(153600K)->0K(165376K) From: 33056K(83456K)->33136K(73728K)
[361.703s][info][gc,heap        ] GC(1304) ParOldGen: 570881K(667648K)->570881K(667648K)
[361.703s][info][gc,metaspace   ] GC(1304) Metaspace: 18859K(19008K)->18859K(19008K) NonClass: 17030K(17152K)->17030K(17152K) Class: 1829K(1856K)->1829K(1856K)
[361.703s][info][gc             ] GC(1304) Pause Young (Allocation Failure) 739M->589M(885M) 43.276ms
[361.703s][info][gc,cpu         ] GC(1304) User=0.09s Sys=0.00s Real=0.04s
[361.933s][info][gc,start       ] GC(1305) Pause Young (Allocation Failure)
[361.990s][info][gc,heap        ] GC(1305) PSYoungGen: 198512K(239104K)->68960K(242688K) Eden: 165376K(165376K)->0K(165376K) From: 33136K(73728K)->68960K(77312K)
[361.990s][info][gc,heap        ] GC(1305) ParOldGen: 570881K(667648K)->570881K(667648K)
[361.990s][info][gc,metaspace   ] GC(1305) Metaspace: 18859K(19008K)->18859K(19008K) NonClass: 17030K(17152K)->17030K(17152K) Class: 1829K(1856K)->1829K(1856K)
[361.990s][info][gc             ] GC(1305) Pause Young (Allocation Failure) 751M->624M(889M) 56.932ms
[361.990s][info][gc,cpu         ] GC(1305) User=0.11s Sys=0.00s Real=0.06s
[362.203s][info][gc,start       ] GC(1306) Pause Young (Allocation Failure)
[362.290s][info][gc,heap        ] GC(1306) PSYoungGen: 234336K(242688K)->87952K(216064K) Eden: 165376K(165376K)->0K(128000K) From: 68960K(77312K)->87952K(88064K)
[362.290s][info][gc,heap        ] GC(1306) ParOldGen: 570881K(667648K)->570881K(667648K)
[362.290s][info][gc,metaspace   ] GC(1306) Metaspace: 18859K(19008K)->18859K(19008K) NonClass: 17030K(17152K)->17030K(17152K) Class: 1829K(1856K)->1829K(1856K)
[362.290s][info][gc             ] GC(1306) Pause Young (Allocation Failure) 786M->643M(863M) 87.062ms
[362.290s][info][gc,cpu         ] GC(1306) User=0.16s Sys=0.01s Real=0.09s
[362.497s][info][gc,start       ] GC(1307) Pause Young (Allocation Failure)
[362.573s][info][gc,heap        ] GC(1307) PSYoungGen: 215952K(216064K)->87936K(216064K) Eden: 128000K(128000K)->0K(128000K) From: 87952K(88064K)->87936K(88064K)
[362.573s][info][gc,heap        ] GC(1307) ParOldGen: 570881K(667648K)->570881K(667648K)
[362.573s][info][gc,metaspace   ] GC(1307) Metaspace: 18859K(19008K)->18859K(19008K) NonClass: 17030K(17152K)->17030K(17152K) Class: 1829K(1856K)->1829K(1856K)
[362.574s][info][gc             ] GC(1307) Pause Young (Allocation Failure) 768M->643M(863M) 76.740ms
[362.574s][info][gc,cpu         ] GC(1307) User=0.15s Sys=0.00s Real=0.08s
[362.743s][info][gc,start       ] GC(1308) Pause Young (Allocation Failure)
[362.836s][info][gc,heap        ] GC(1308) PSYoungGen: 215936K(216064K)->81056K(222720K) Eden: 128000K(128000K)->0K(111616K) From: 87936K(88064K)->81056K(111104K)
[362.836s][info][gc,heap        ] GC(1308) ParOldGen: 570881K(667648K)->594210K(667648K)
[362.836s][info][gc,metaspace   ] GC(1308) Metaspace: 18859K(19008K)->18859K(19008K) NonClass: 17030K(17152K)->17030K(17152K) Class: 1829K(1856K)->1829K(1856K)
[362.836s][info][gc             ] GC(1308) Pause Young (Allocation Failure) 768M->659M(869M) 92.923ms
[362.836s][info][gc,cpu         ] GC(1308) User=0.18s Sys=0.00s Real=0.10s
[362.936s][info][gc,start       ] GC(1309) Pause Young (Allocation Failure)
[363.013s][info][gc,heap        ] GC(1309) PSYoungGen: 192672K(222720K)->77264K(222720K) Eden: 111616K(111616K)->0K(111616K) From: 81056K(111104K)->77264K(111104K)
[363.013s][info][gc,heap        ] GC(1309) ParOldGen: 594210K(667648K)->604074K(667648K)
[363.013s][info][gc,metaspace   ] GC(1309) Metaspace: 18859K(19008K)->18859K(19008K) NonClass: 17030K(17152K)->17030K(17152K) Class: 1829K(1856K)->1829K(1856K)
[363.013s][info][gc             ] GC(1309) Pause Young (Allocation Failure) 768M->665M(869M) 76.751ms
[363.013s][info][gc,cpu         ] GC(1309) User=0.15s Sys=0.01s Real=0.07s
[363.131s][info][gc,start       ] GC(1310) Pause Young (Allocation Failure)
[363.213s][info][gc,heap        ] GC(1310) PSYoungGen: 188880K(222720K)->25440K(222720K) Eden: 111616K(111616K)->0K(111616K) From: 77264K(111104K)->25440K(111104K)
[363.213s][info][gc,heap        ] GC(1310) ParOldGen: 604074K(667648K)->659431K(667648K)
[363.213s][info][gc,metaspace   ] GC(1310) Metaspace: 18859K(19008K)->18859K(19008K) NonClass: 17030K(17152K)->17030K(17152K) Class: 1829K(1856K)->1829K(1856K)
[363.213s][info][gc             ] GC(1310) Pause Young (Allocation Failure) 774M->668M(869M) 81.702ms
[363.213s][info][gc,cpu         ] GC(1310) User=0.15s Sys=0.01s Real=0.08s
[363.354s][info][gc,start       ] GC(1311) Pause Full (Allocation Failure)
[363.354s][info][gc,phases,start] GC(1311) Marking Phase
[363.696s][info][gc,phases      ] GC(1311) Marking Phase 342.100ms
[363.696s][info][gc,phases,start] GC(1311) Summary Phase
[363.696s][info][gc,phases      ] GC(1311) Summary Phase 0.028ms
[363.696s][info][gc,phases,start] GC(1311) Forward
[363.797s][info][gc,phases      ] GC(1311) Forward 101.497ms
[363.797s][info][gc,phases,start] GC(1311) Adjust Pointers
[364.064s][info][gc,phases      ] GC(1311) Adjust Pointers 266.400ms
[364.064s][info][gc,phases,start] GC(1311) Compaction Phase
[364.218s][info][gc,phases      ] GC(1311) Compaction Phase 153.872ms
[364.227s][info][gc,phases,start] GC(1311) Post Compact
[364.230s][info][gc,phases      ] GC(1311) Post Compact 2.457ms
[364.230s][info][gc,heap        ] GC(1311) PSYoungGen: 137056K(222720K)->0K(222720K) Eden: 111616K(111616K)->0K(111616K) From: 25440K(111104K)->0K(111104K)
[364.230s][info][gc,heap        ] GC(1311) ParOldGen: 659431K(667648K)->494994K(667648K)
[364.230s][info][gc,metaspace   ] GC(1311) Metaspace: 18859K(19008K)->18859K(19008K) NonClass: 17030K(17152K)->17030K(17152K) Class: 1829K(1856K)->1829K(1856K)
[364.230s][info][gc             ] GC(1311) Pause Full (Allocation Failure) 777M->483M(869M) 876.075ms
[364.230s][info][gc,cpu         ] GC(1311) User=1.67s Sys=0.00s Real=0.87s
[364.527s][info][gc,start       ] GC(1312) Pause Young (Allocation Failure)
[364.534s][info][gc,heap        ] GC(1312) PSYoungGen: 111616K(222720K)->5184K(222720K) Eden: 111616K(111616K)->0K(111616K) From: 0K(111104K)->5184K(111104K)
[364.534s][info][gc,heap        ] GC(1312) ParOldGen: 494994K(667648K)->494994K(667648K)
[364.534s][info][gc,metaspace   ] GC(1312) Metaspace: 18859K(19008K)->18859K(19008K) NonClass: 17030K(17152K)->17030K(17152K) Class: 1829K(1856K)->1829K(1856K)
[364.534s][info][gc             ] GC(1312) Pause Young (Allocation Failure) 592M->488M(869M) 7.733ms
[364.534s][info][gc,cpu         ] GC(1312) User=0.01s Sys=0.00s Real=0.01s
[364.830s][info][gc,start       ] GC(1313) Pause Young (Allocation Failure)
[364.837s][info][gc,heap        ] GC(1313) PSYoungGen: 116800K(222720K)->5152K(222720K) Eden: 111616K(111616K)->0K(111616K) From: 5184K(111104K)->5152K(111104K)
[364.837s][info][gc,heap        ] GC(1313) ParOldGen: 494994K(667648K)->494994K(667648K)
[364.837s][info][gc,metaspace   ] GC(1313) Metaspace: 18859K(19008K)->18859K(19008K) NonClass: 17030K(17152K)->17030K(17152K) Class: 1829K(1856K)->1829K(1856K)
[364.837s][info][gc             ] GC(1313) Pause Young (Allocation Failure) 597M->488M(869M) 6.754ms
[364.837s][info][gc,cpu         ] GC(1313) User=0.01s Sys=0.00s Real=0.01s
[365.102s][info][gc,start       ] GC(1314) Pause Young (Allocation Failure)
[365.111s][info][gc,heap        ] GC(1314) PSYoungGen: 116768K(222720K)->64K(222720K) Eden: 111616K(111616K)->0K(111616K) From: 5152K(111104K)->64K(111104K)
[365.111s][info][gc,heap        ] GC(1314) ParOldGen: 494994K(667648K)->500135K(667648K)
[365.111s][info][gc,metaspace   ] GC(1314) Metaspace: 18859K(19008K)->18859K(19008K) NonClass: 17030K(17152K)->17030K(17152K) Class: 1829K(1856K)->1829K(1856K)
[365.111s][info][gc             ] GC(1314) Pause Young (Allocation Failure) 597M->488M(869M) 9.431ms
[365.111s][info][gc,cpu         ] GC(1314) User=0.02s Sys=0.00s Real=0.01s
[365.367s][info][gc,start       ] GC(1315) Pause Young (Allocation Failure)
[365.376s][info][gc,heap        ] GC(1315) PSYoungGen: 111680K(222720K)->160K(222720K) Eden: 111616K(111616K)->0K(111616K) From: 64K(111104K)->160K(111104K)
[365.376s][info][gc,heap        ] GC(1315) ParOldGen: 500135K(667648K)->500151K(667648K)
[365.376s][info][gc,metaspace   ] GC(1315) Metaspace: 18859K(19008K)->18859K(19008K) NonClass: 17030K(17152K)->17030K(17152K) Class: 1829K(1856K)->1829K(1856K)
[365.376s][info][gc             ] GC(1315) Pause Young (Allocation Failure) 597M->488M(869M) 9.199ms
[365.376s][info][gc,cpu         ] GC(1315) User=0.01s Sys=0.00s Real=0.01s
[365.567s][info][gc,start       ] GC(1316) Pause Young (Allocation Failure)
[365.585s][info][gc,heap        ] GC(1316) PSYoungGen: 111776K(222720K)->16793K(221696K) Eden: 111616K(111616K)->0K(111616K) From: 160K(111104K)->16793K(110080K)
[365.585s][info][gc,heap        ] GC(1316) ParOldGen: 500151K(667648K)->500279K(667648K)
[365.585s][info][gc,metaspace   ] GC(1316) Metaspace: 18859K(19008K)->18859K(19008K) NonClass: 17030K(17152K)->17030K(17152K) Class: 1829K(1856K)->1829K(1856K)
[365.585s][info][gc             ] GC(1316) Pause Young (Allocation Failure) 597M->504M(868M) 18.650ms
[365.585s][info][gc,cpu         ] GC(1316) User=0.04s Sys=0.00s Real=0.02s
[365.638s][info][gc,start       ] GC(1317) Pause Young (Allocation Failure)
[365.676s][info][gc,heap        ] GC(1317) PSYoungGen: 128409K(221696K)->57513K(222208K) Eden: 111616K(111616K)->0K(111616K) From: 16793K(110080K)->57513K(110592K)
[365.676s][info][gc,heap        ] GC(1317) ParOldGen: 500279K(667648K)->500279K(667648K)
[365.676s][info][gc,metaspace   ] GC(1317) Metaspace: 18859K(19008K)->18859K(19008K) NonClass: 17030K(17152K)->17030K(17152K) Class: 1829K(1856K)->1829K(1856K)
[365.676s][info][gc             ] GC(1317) Pause Young (Allocation Failure) 613M->544M(869M) 38.398ms
[365.676s][info][gc,cpu         ] GC(1317) User=0.08s Sys=0.00s Real=0.04s
[365.770s][info][gc,start       ] GC(1318) Pause Young (Allocation Failure)
[365.829s][info][gc,heap        ] GC(1318) PSYoungGen: 169129K(222208K)->36000K(213504K) Eden: 111616K(111616K)->0K(112128K) From: 57513K(110592K)->36000K(101376K)
[365.829s][info][gc,heap        ] GC(1318) ParOldGen: 500279K(667648K)->558513K(667648K)
[365.829s][info][gc,metaspace   ] GC(1318) Metaspace: 18859K(19008K)->18859K(19008K) NonClass: 17030K(17152K)->17030K(17152K) Class: 1829K(1856K)->1829K(1856K)
[365.829s][info][gc             ] GC(1318) Pause Young (Allocation Failure) 653M->580M(860M) 59.408ms
[365.829s][info][gc,cpu         ] GC(1318) User=0.12s Sys=0.00s Real=0.06s
[365.879s][info][gc,start       ] GC(1319) Pause Young (Allocation Failure)
[365.931s][info][gc,heap        ] GC(1319) PSYoungGen: 148128K(213504K)->39264K(218112K) Eden: 112128K(112128K)->0K(112128K) From: 36000K(101376K)->39264K(105984K)
[365.931s][info][gc,heap        ] GC(1319) ParOldGen: 558513K(667648K)->594956K(667648K)
[365.931s][info][gc,metaspace   ] GC(1319) Metaspace: 18859K(19008K)->18859K(19008K) NonClass: 17030K(17152K)->17030K(17152K) Class: 1829K(1856K)->1829K(1856K)
[365.931s][info][gc             ] GC(1319) Pause Young (Allocation Failure) 690M->619M(865M) 51.602ms
[365.931s][info][gc,cpu         ] GC(1319) User=0.10s Sys=0.00s Real=0.05s
[366.002s][info][gc,start       ] GC(1320) Pause Young (Allocation Failure)
[366.040s][info][gc,heap        ] GC(1320) PSYoungGen: 151392K(218112K)->16032K(220672K) Eden: 112128K(112128K)->0K(126464K) From: 39264K(105984K)->16032K(94208K)
[366.041s][info][gc,heap        ] GC(1320) ParOldGen: 594956K(667648K)->634691K(667648K)
[366.041s][info][gc,metaspace   ] GC(1320) Metaspace: 18859K(19008K)->18859K(19008K) NonClass: 17030K(17152K)->17030K(17152K) Class: 1829K(1856K)->1829K(1856K)
[366.041s][info][gc             ] GC(1320) Pause Young (Allocation Failure) 728M->635M(867M) 38.992ms
[366.041s][info][gc,cpu         ] GC(1320) User=0.07s Sys=0.00s Real=0.04s
[366.165s][info][gc,start       ] GC(1321) Pause Full (Allocation Failure)
[366.165s][info][gc,phases,start] GC(1321) Marking Phase
[366.473s][info][gc,phases      ] GC(1321) Marking Phase 308.202ms
[366.473s][info][gc,phases,start] GC(1321) Summary Phase
[366.473s][info][gc,phases      ] GC(1321) Summary Phase 0.029ms
[366.473s][info][gc,phases,start] GC(1321) Forward
[366.579s][info][gc,phases      ] GC(1321) Forward 105.396ms
[366.579s][info][gc,phases,start] GC(1321) Adjust Pointers
[366.823s][info][gc,phases      ] GC(1321) Adjust Pointers 243.675ms
[366.823s][info][gc,phases,start] GC(1321) Compaction Phase
[366.968s][info][gc,phases      ] GC(1321) Compaction Phase 145.097ms
[366.975s][info][gc,phases,start] GC(1321) Post Compact
[366.978s][info][gc,phases      ] GC(1321) Post Compact 2.350ms
[366.978s][info][gc,heap        ] GC(1321) PSYoungGen: 142496K(220672K)->0K(223744K) Eden: 126464K(126464K)->0K(126464K) From: 16032K(94208K)->0K(97280K)
[366.978s][info][gc,heap        ] GC(1321) ParOldGen: 634691K(667648K)->488561K(667648K)
[366.978s][info][gc,metaspace   ] GC(1321) Metaspace: 18860K(19008K)->18860K(19008K) NonClass: 17030K(17152K)->17030K(17152K) Class: 1829K(1856K)->1829K(1856K)
[366.978s][info][gc             ] GC(1321) Pause Full (Allocation Failure) 758M->477M(870M) 812.799ms
[366.978s][info][gc,cpu         ] GC(1321) User=1.53s Sys=0.00s Real=0.81s
[367.126s][info][gc,start       ] GC(1322) Pause Young (Allocation Failure)
[367.170s][info][gc,heap        ] GC(1322) PSYoungGen: 126464K(223744K)->23200K(226304K) Eden: 126464K(126464K)->0K(139264K) From: 0K(97280K)->23200K(87040K)
[367.170s][info][gc,heap        ] GC(1322) ParOldGen: 488561K(667648K)->488561K(667648K)
[367.170s][info][gc,metaspace   ] GC(1322) Metaspace: 18860K(19008K)->18860K(19008K) NonClass: 17030K(17152K)->17030K(17152K) Class: 1829K(1856K)->1829K(1856K)
[367.170s][info][gc             ] GC(1322) Pause Young (Allocation Failure) 600M->499M(873M) 43.974ms
[367.170s][info][gc,cpu         ] GC(1322) User=0.09s Sys=0.00s Real=0.04s
[367.328s][info][gc,start       ] GC(1323) Pause Young (Allocation Failure)
[367.369s][info][gc,heap        ] GC(1323) PSYoungGen: 162464K(226304K)->3488K(231424K) Eden: 139264K(139264K)->0K(139264K) From: 23200K(87040K)->3488K(92160K)
[367.369s][info][gc,heap        ] GC(1323) ParOldGen: 488561K(667648K)->511809K(667648K)
[367.369s][info][gc,metaspace   ] GC(1323) Metaspace: 18860K(19008K)->18860K(19008K) NonClass: 17030K(17152K)->17030K(17152K) Class: 1829K(1856K)->1829K(1856K)
[367.369s][info][gc             ] GC(1323) Pause Young (Allocation Failure) 635M->503M(878M) 41.205ms
[367.369s][info][gc,cpu         ] GC(1323) User=0.08s Sys=0.00s Real=0.04s
[367.534s][info][gc,start       ] GC(1324) Pause Young (Allocation Failure)
[367.540s][info][gc,heap        ] GC(1324) PSYoungGen: 142752K(231424K)->64K(237568K) Eden: 139264K(139264K)->0K(150528K) From: 3488K(92160K)->64K(87040K)
[367.540s][info][gc,heap        ] GC(1324) ParOldGen: 511809K(667648K)->515305K(667648K)
[367.540s][info][gc,metaspace   ] GC(1324) Metaspace: 18860K(19008K)->18860K(19008K) NonClass: 17030K(17152K)->17030K(17152K) Class: 1829K(1856K)->1829K(1856K)
[367.540s][info][gc             ] GC(1324) Pause Young (Allocation Failure) 639M->503M(884M) 6.028ms
[367.540s][info][gc,cpu         ] GC(1324) User=0.02s Sys=0.00s Real=0.00s
[367.717s][info][gc,start       ] GC(1325) Pause Young (Allocation Failure)
[367.718s][info][gc,heap        ] GC(1325) PSYoungGen: 150592K(237568K)->64K(240128K) Eden: 150528K(150528K)->0K(150528K) From: 64K(87040K)->64K(89600K)
[367.718s][info][gc,heap        ] GC(1325) ParOldGen: 515305K(667648K)->515305K(667648K)
[367.718s][info][gc,metaspace   ] GC(1325) Metaspace: 18860K(19008K)->18860K(19008K) NonClass: 17030K(17152K)->17030K(17152K) Class: 1829K(1856K)->1829K(1856K)
[367.718s][info][gc             ] GC(1325) Pause Young (Allocation Failure) 650M->503M(886M) 1.777ms
[367.718s][info][gc,cpu         ] GC(1325) User=0.00s Sys=0.00s Real=0.00s
[367.895s][info][gc,start       ] GC(1326) Pause Young (Allocation Failure)
[367.897s][info][gc,heap        ] GC(1326) PSYoungGen: 150592K(240128K)->64K(238592K) Eden: 150528K(150528K)->0K(156672K) From: 64K(89600K)->64K(81920K)
[367.897s][info][gc,heap        ] GC(1326) ParOldGen: 515305K(667648K)->515305K(667648K)
[367.897s][info][gc,metaspace   ] GC(1326) Metaspace: 18860K(19008K)->18860K(19008K) NonClass: 17030K(17152K)->17030K(17152K) Class: 1829K(1856K)->1829K(1856K)
[367.897s][info][gc             ] GC(1326) Pause Young (Allocation Failure) 650M->503M(885M) 1.773ms
[367.897s][info][gc,cpu         ] GC(1326) User=0.00s Sys=0.00s Real=0.00s
[368.080s][info][gc,start       ] GC(1327) Pause Young (Allocation Failure)
[368.082s][info][gc,heap        ] GC(1327) PSYoungGen: 156736K(238592K)->64K(241664K) Eden: 156672K(156672K)->0K(156672K) From: 64K(81920K)->64K(84992K)
[368.082s][info][gc,heap        ] GC(1327) ParOldGen: 515305K(667648K)->515305K(667648K)
[368.082s][info][gc,metaspace   ] GC(1327) Metaspace: 18860K(19008K)->18860K(19008K) NonClass: 17030K(17152K)->17030K(17152K) Class: 1829K(1856K)->1829K(1856K)
[368.082s][info][gc             ] GC(1327) Pause Young (Allocation Failure) 656M->503M(888M) 1.745ms
[368.082s][info][gc,cpu         ] GC(1327) User=0.00s Sys=0.00s Real=0.00s
[368.268s][info][gc,start       ] GC(1328) Pause Young (Allocation Failure)
[368.270s][info][gc,heap        ] GC(1328) PSYoungGen: 156736K(241664K)->64K(238592K) Eden: 156672K(156672K)->0K(164352K) From: 64K(84992K)->64K(74240K)
[368.270s][info][gc,heap        ] GC(1328) ParOldGen: 515305K(667648K)->515305K(667648K)
[368.270s][info][gc,metaspace   ] GC(1328) Metaspace: 18860K(19008K)->18860K(19008K) NonClass: 17030K(17152K)->17030K(17152K) Class: 1829K(1856K)->1829K(1856K)
[368.270s][info][gc             ] GC(1328) Pause Young (Allocation Failure) 656M->503M(885M) 1.737ms
[368.270s][info][gc,cpu         ] GC(1328) User=0.00s Sys=0.00s Real=0.00s
[368.463s][info][gc,start       ] GC(1329) Pause Young (Allocation Failure)
[368.465s][info][gc,heap        ] GC(1329) PSYoungGen: 164416K(238592K)->64K(243200K) Eden: 164352K(164352K)->0K(164352K) From: 64K(74240K)->64K(78848K)
[368.465s][info][gc,heap        ] GC(1329) ParOldGen: 515305K(667648K)->515305K(667648K)
[368.465s][info][gc,metaspace   ] GC(1329) Metaspace: 18860K(19008K)->18860K(19008K) NonClass: 17030K(17152K)->17030K(17152K) Class: 1829K(1856K)->1829K(1856K)
[368.465s][info][gc             ] GC(1329) Pause Young (Allocation Failure) 663M->503M(889M) 1.704ms
[368.465s][info][gc,cpu         ] GC(1329) User=0.00s Sys=0.00s Real=0.00s
[368.658s][info][gc,start       ] GC(1330) Pause Young (Allocation Failure)
[368.660s][info][gc,heap        ] GC(1330) PSYoungGen: 164416K(243200K)->64K(237056K) Eden: 164352K(164352K)->0K(169472K) From: 64K(78848K)->64K(67584K)
[368.660s][info][gc,heap        ] GC(1330) ParOldGen: 515305K(667648K)->515305K(667648K)
[368.660s][info][gc,metaspace   ] GC(1330) Metaspace: 18860K(19008K)->18860K(19008K) NonClass: 17030K(17152K)->17030K(17152K) Class: 1829K(1856K)->1829K(1856K)
[368.660s][info][gc             ] GC(1330) Pause Young (Allocation Failure) 663M->503M(883M) 2.280ms
[368.660s][info][gc,cpu         ] GC(1330) User=0.01s Sys=0.00s Real=0.00s
[368.843s][info][gc,start       ] GC(1331) Pause Young (Allocation Failure)
[368.858s][info][gc,heap        ] GC(1331) PSYoungGen: 169536K(237056K)->11136K(241664K) Eden: 169472K(169472K)->0K(169472K) From: 64K(67584K)->11136K(72192K)
[368.858s][info][gc,heap        ] GC(1331) ParOldGen: 515305K(667648K)->515305K(667648K)
[368.858s][info][gc,metaspace   ] GC(1331) Metaspace: 18860K(19008K)->18860K(19008K) NonClass: 17030K(17152K)->17030K(17152K) Class: 1829K(1856K)->1829K(1856K)
[368.858s][info][gc             ] GC(1331) Pause Young (Allocation Failure) 668M->514M(888M) 14.676ms
[368.858s][info][gc,cpu         ] GC(1331) User=0.03s Sys=0.00s Real=0.02s
[369.018s][info][gc,start       ] GC(1332) Pause Young (Allocation Failure)
[369.051s][info][gc,heap        ] GC(1332) PSYoungGen: 180608K(241664K)->33696K(239616K) Eden: 169472K(169472K)->0K(173056K) From: 11136K(72192K)->33696K(66560K)
[369.051s][info][gc,heap        ] GC(1332) ParOldGen: 515305K(667648K)->515305K(667648K)
[369.051s][info][gc,metaspace   ] GC(1332) Metaspace: 18860K(19008K)->18860K(19008K) NonClass: 17030K(17152K)->17030K(17152K) Class: 1829K(1856K)->1829K(1856K)
[369.051s][info][gc             ] GC(1332) Pause Young (Allocation Failure) 679M->536M(886M) 33.547ms
[369.051s][info][gc,cpu         ] GC(1332) User=0.07s Sys=0.00s Real=0.03s
[369.174s][info][gc,start       ] GC(1333) Pause Young (Allocation Failure)
[369.211s][info][gc,heap        ] GC(1333) PSYoungGen: 206752K(239616K)->38016K(242176K) Eden: 173056K(173056K)->0K(173056K) From: 33696K(66560K)->38016K(69120K)
[369.211s][info][gc,heap        ] GC(1333) ParOldGen: 515305K(667648K)->515305K(667648K)
[369.211s][info][gc,metaspace   ] GC(1333) Metaspace: 18860K(19008K)->18860K(19008K) NonClass: 17030K(17152K)->17030K(17152K) Class: 1829K(1856K)->1829K(1856K)
[369.211s][info][gc             ] GC(1333) Pause Young (Allocation Failure) 705M->540M(888M) 36.884ms
[369.211s][info][gc,cpu         ] GC(1333) User=0.07s Sys=0.00s Real=0.03s
[369.346s][info][gc,start       ] GC(1334) Pause Young (Allocation Failure)
[369.397s][info][gc,heap        ] GC(1334) PSYoungGen: 211072K(242176K)->51776K(246784K) Eden: 173056K(173056K)->0K(175104K) From: 38016K(69120K)->51776K(71680K)
[369.397s][info][gc,heap        ] GC(1334) ParOldGen: 515305K(667648K)->515305K(667648K)
[369.397s][info][gc,metaspace   ] GC(1334) Metaspace: 18860K(19008K)->18860K(19008K) NonClass: 17030K(17152K)->17030K(17152K) Class: 1829K(1856K)->1829K(1856K)
[369.397s][info][gc             ] GC(1334) Pause Young (Allocation Failure) 709M->553M(893M) 51.359ms
[369.397s][info][gc,cpu         ] GC(1334) User=0.11s Sys=0.00s Real=0.05s
[369.520s][info][gc,start       ] GC(1335) Pause Young (Allocation Failure)
[369.592s][info][gc,heap        ] GC(1335) PSYoungGen: 226880K(246784K)->76512K(251904K) Eden: 175104K(175104K)->0K(175104K) From: 51776K(71680K)->76512K(76800K)
[369.592s][info][gc,heap        ] GC(1335) ParOldGen: 515305K(667648K)->515305K(667648K)
[369.593s][info][gc,metaspace   ] GC(1335) Metaspace: 18860K(19008K)->18860K(19008K) NonClass: 17030K(17152K)->17030K(17152K) Class: 1829K(1856K)->1829K(1856K)
[369.593s][info][gc             ] GC(1335) Pause Young (Allocation Failure) 724M->577M(898M) 72.880ms
[369.593s][info][gc,cpu         ] GC(1335) User=0.14s Sys=0.00s Real=0.07s
[369.705s][info][gc,start       ] GC(1336) Pause Young (Allocation Failure)
[369.791s][info][gc,heap        ] GC(1336) PSYoungGen: 251616K(251904K)->80608K(201728K) Eden: 175104K(175104K)->0K(119808K) From: 76512K(76800K)->80608K(81920K)
[369.791s][info][gc,heap        ] GC(1336) ParOldGen: 515305K(667648K)->515305K(667648K)
[369.791s][info][gc,metaspace   ] GC(1336) Metaspace: 18860K(19008K)->18860K(19008K) NonClass: 17030K(17152K)->17030K(17152K) Class: 1829K(1856K)->1829K(1856K)
[369.791s][info][gc             ] GC(1336) Pause Young (Allocation Failure) 748M->581M(849M) 86.182ms
[369.791s][info][gc,cpu         ] GC(1336) User=0.15s Sys=0.02s Real=0.08s
[369.868s][info][gc,start       ] GC(1337) Pause Young (Allocation Failure)
[369.953s][info][gc,heap        ] GC(1337) PSYoungGen: 200416K(201728K)->91168K(211456K) Eden: 119808K(119808K)->0K(119808K) From: 80608K(81920K)->91168K(91648K)
[369.953s][info][gc,heap        ] GC(1337) ParOldGen: 515305K(667648K)->515305K(667648K)
[369.953s][info][gc,metaspace   ] GC(1337) Metaspace: 18860K(19008K)->18860K(19008K) NonClass: 17030K(17152K)->17030K(17152K) Class: 1829K(1856K)->1829K(1856K)
[369.953s][info][gc             ] GC(1337) Pause Young (Allocation Failure) 698M->592M(858M) 85.055ms
[369.953s][info][gc,cpu         ] GC(1337) User=0.17s Sys=0.00s Real=0.09s
[370.043s][info][gc,start       ] GC(1338) Pause Young (Allocation Failure)
[370.140s][info][gc,heap        ] GC(1338) PSYoungGen: 210976K(211456K)->105168K(222720K) Eden: 119808K(119808K)->0K(111616K) From: 91168K(91648K)->105168K(111104K)
[370.140s][info][gc,heap        ] GC(1338) ParOldGen: 515305K(667648K)->515305K(667648K)
[370.140s][info][gc,metaspace   ] GC(1338) Metaspace: 18860K(19008K)->18860K(19008K) NonClass: 17030K(17152K)->17030K(17152K) Class: 1829K(1856K)->1829K(1856K)
[370.140s][info][gc             ] GC(1338) Pause Young (Allocation Failure) 709M->605M(869M) 97.181ms
[370.140s][info][gc,cpu         ] GC(1338) User=0.19s Sys=0.00s Real=0.10s
[370.236s][info][gc,start       ] GC(1339) Pause Young (Allocation Failure)
[370.342s][info][gc,heap        ] GC(1339) PSYoungGen: 216784K(222720K)->110880K(222720K) Eden: 111616K(111616K)->0K(111616K) From: 105168K(111104K)->110880K(111104K)
[370.342s][info][gc,heap        ] GC(1339) ParOldGen: 515305K(667648K)->515305K(667648K)
[370.342s][info][gc,metaspace   ] GC(1339) Metaspace: 18860K(19008K)->18860K(19008K) NonClass: 17030K(17152K)->17030K(17152K) Class: 1829K(1856K)->1829K(1856K)
[370.342s][info][gc             ] GC(1339) Pause Young (Allocation Failure) 714M->611M(869M) 106.226ms
[370.342s][info][gc,cpu         ] GC(1339) User=0.21s Sys=0.00s Real=0.10s
[370.439s][info][gc,start       ] GC(1340) Pause Young (Allocation Failure)
[370.543s][info][gc,heap        ] GC(1340) PSYoungGen: 222496K(222720K)->77312K(222720K) Eden: 111616K(111616K)->0K(111616K) From: 110880K(111104K)->77312K(111104K)
[370.543s][info][gc,heap        ] GC(1340) ParOldGen: 515305K(667648K)->549065K(667648K)
[370.543s][info][gc,metaspace   ] GC(1340) Metaspace: 18860K(19008K)->18860K(19008K) NonClass: 17030K(17152K)->17030K(17152K) Class: 1829K(1856K)->1829K(1856K)
[370.543s][info][gc             ] GC(1340) Pause Young (Allocation Failure) 720M->611M(869M) 103.824ms
[370.543s][info][gc,cpu         ] GC(1340) User=0.20s Sys=0.00s Real=0.10s
[370.753s][info][gc,start       ] GC(1341) Pause Young (Allocation Failure)
[370.842s][info][gc,heap        ] GC(1341) PSYoungGen: 188928K(222720K)->77200K(222720K) Eden: 111616K(111616K)->0K(111616K) From: 77312K(111104K)->77200K(111104K)
[370.842s][info][gc,heap        ] GC(1341) ParOldGen: 549065K(667648K)->567217K(667648K)
[370.842s][info][gc,metaspace   ] GC(1341) Metaspace: 18860K(19008K)->18860K(19008K) NonClass: 17030K(17152K)->17030K(17152K) Class: 1829K(1856K)->1829K(1856K)
[370.842s][info][gc             ] GC(1341) Pause Young (Allocation Failure) 720M->629M(869M) 89.025ms
[370.842s][info][gc,cpu         ] GC(1341) User=0.18s Sys=0.00s Real=0.09s
[371.017s][info][gc,start       ] GC(1342) Pause Young (Allocation Failure)
[371.098s][info][gc,heap        ] GC(1342) PSYoungGen: 188816K(222720K)->55536K(222720K) Eden: 111616K(111616K)->0K(111616K) From: 77200K(111104K)->55536K(111104K)
[371.098s][info][gc,heap        ] GC(1342) ParOldGen: 567217K(667648K)->596145K(667648K)
[371.098s][info][gc,metaspace   ] GC(1342) Metaspace: 18860K(19008K)->18860K(19008K) NonClass: 17030K(17152K)->17030K(17152K) Class: 1829K(1856K)->1829K(1856K)
[371.098s][info][gc             ] GC(1342) Pause Young (Allocation Failure) 738M->636M(869M) 81.208ms
[371.098s][info][gc,cpu         ] GC(1342) User=0.17s Sys=0.00s Real=0.08s
[371.491s][info][gc,start       ] GC(1343) Pause Young (Allocation Failure)
[371.546s][info][gc,heap        ] GC(1343) PSYoungGen: 167152K(222720K)->31120K(222720K) Eden: 111616K(111616K)->0K(111616K) From: 55536K(111104K)->31120K(111104K)
[371.546s][info][gc,heap        ] GC(1343) ParOldGen: 596145K(667648K)->620817K(667648K)
[371.546s][info][gc,metaspace   ] GC(1343) Metaspace: 18860K(19008K)->18860K(19008K) NonClass: 17030K(17152K)->17030K(17152K) Class: 1829K(1856K)->1829K(1856K)
[371.546s][info][gc             ] GC(1343) Pause Young (Allocation Failure) 745M->636M(869M) 54.692ms
[371.546s][info][gc,cpu         ] GC(1343) User=0.10s Sys=0.00s Real=0.06s
[371.837s][info][gc,start       ] GC(1344) Pause Full (Allocation Failure)
[371.838s][info][gc,phases,start] GC(1344) Marking Phase
[372.291s][info][gc,phases      ] GC(1344) Marking Phase 453.309ms
[372.291s][info][gc,phases,start] GC(1344) Summary Phase
[372.291s][info][gc,phases      ] GC(1344) Summary Phase 0.028ms
[372.291s][info][gc,phases,start] GC(1344) Forward
[372.330s][info][gc,phases      ] GC(1344) Forward 38.850ms
[372.330s][info][gc,phases,start] GC(1344) Adjust Pointers
[372.660s][info][gc,phases      ] GC(1344) Adjust Pointers 329.814ms
[372.660s][info][gc,phases,start] GC(1344) Compaction Phase
[372.817s][info][gc,phases      ] GC(1344) Compaction Phase 156.897ms
[372.818s][info][gc,phases,start] GC(1344) Post Compact
[372.820s][info][gc,phases      ] GC(1344) Post Compact 2.296ms
[372.820s][info][gc,heap        ] GC(1344) PSYoungGen: 142736K(222720K)->0K(222720K) Eden: 111616K(111616K)->0K(111616K) From: 31120K(111104K)->0K(111104K)
[372.820s][info][gc,heap        ] GC(1344) ParOldGen: 620817K(667648K)->650866K(667648K)
[372.820s][info][gc,metaspace   ] GC(1344) Metaspace: 18860K(19008K)->18860K(19008K) NonClass: 17030K(17152K)->17030K(17152K) Class: 1829K(1856K)->1829K(1856K)
[372.820s][info][gc             ] GC(1344) Pause Full (Allocation Failure) 745M->635M(869M) 982.679ms
[372.820s][info][gc,cpu         ] GC(1344) User=1.93s Sys=0.01s Real=0.98s
[373.095s][info][gc,start       ] GC(1345) Pause Full (Allocation Failure)
[373.095s][info][gc,phases,start] GC(1345) Marking Phase
[373.570s][info][gc,phases      ] GC(1345) Marking Phase 474.380ms
[373.570s][info][gc,phases,start] GC(1345) Summary Phase
[373.570s][info][gc,phases      ] GC(1345) Summary Phase 0.025ms
[373.570s][info][gc,phases,start] GC(1345) Forward
[373.608s][info][gc,phases      ] GC(1345) Forward 38.111ms
[373.608s][info][gc,phases,start] GC(1345) Adjust Pointers
[373.934s][info][gc,phases      ] GC(1345) Adjust Pointers 325.671ms
[373.934s][info][gc,phases,start] GC(1345) Compaction Phase
[374.081s][info][gc,phases      ] GC(1345) Compaction Phase 147.512ms
[374.082s][info][gc,phases,start] GC(1345) Post Compact
[374.085s][info][metaspace      ] ChkMgr @0x00007f83f003aab0 (non-class-space): : reclaiming memory...
[374.085s][info][metaspace      ] ChkMgr @0x00007f83f003aab0 (non-class-space): nothing reclaimed.
[374.085s][info][metaspace      ] ChkMgr @0x00007f83f003a8c0 (class-space): : reclaiming memory...
[374.085s][info][metaspace      ] ChkMgr @0x00007f83f003a8c0 (class-space): nothing reclaimed.
[374.085s][info][gc,phases      ] GC(1345) Post Compact 2.352ms
[374.085s][info][gc,heap        ] GC(1345) PSYoungGen: 111616K(222720K)->0K(222720K) Eden: 111616K(111616K)->0K(111616K) From: 0K(111104K)->0K(111104K)
[374.085s][info][gc,heap        ] GC(1345) ParOldGen: 650866K(667648K)->650757K(667648K)
[374.085s][info][gc,metaspace   ] GC(1345) Metaspace: 18860K(19008K)->18837K(19008K) NonClass: 17030K(17152K)->17008K(17152K) Class: 1829K(1856K)->1829K(1856K)
[374.085s][info][gc             ] GC(1345) Pause Full (Allocation Failure) 744M->635M(869M) 989.570ms
[374.085s][info][gc,cpu         ] GC(1345) User=1.93s Sys=0.00s Real=0.99s
[374.358s][info][gc,start       ] GC(1346) Pause Full (Allocation Failure)
[374.359s][info][gc,phases,start] GC(1346) Marking Phase
[374.814s][info][gc,phases      ] GC(1346) Marking Phase 455.909ms
[374.814s][info][gc,phases,start] GC(1346) Summary Phase
[374.815s][info][gc,phases      ] GC(1346) Summary Phase 0.025ms
[374.815s][info][gc,phases,start] GC(1346) Forward
[374.815s][info][gc,phases      ] GC(1346) Forward 0.312ms
[374.815s][info][gc,phases,start] GC(1346) Adjust Pointers
[375.123s][info][gc,phases      ] GC(1346) Adjust Pointers 308.403ms
[375.123s][info][gc,phases,start] GC(1346) Compaction Phase
[375.251s][info][gc,phases      ] GC(1346) Compaction Phase 127.338ms
[375.251s][info][gc,phases,start] GC(1346) Post Compact
[375.253s][info][gc,phases      ] GC(1346) Post Compact 2.265ms
[375.253s][info][gc,heap        ] GC(1346) PSYoungGen: 111616K(222720K)->0K(222720K) Eden: 111616K(111616K)->0K(111616K) From: 0K(111104K)->0K(111104K)
[375.253s][info][gc,heap        ] GC(1346) ParOldGen: 650757K(667648K)->650759K(667648K)
[375.253s][info][gc,metaspace   ] GC(1346) Metaspace: 18837K(19008K)->18837K(19008K) NonClass: 17008K(17152K)->17008K(17152K) Class: 1829K(1856K)->1829K(1856K)
[375.253s][info][gc             ] GC(1346) Pause Full (Allocation Failure) 744M->635M(869M) 894.711ms
[375.253s][info][gc,cpu         ] GC(1346) User=1.75s Sys=0.00s Real=0.89s
[375.525s][info][gc,start       ] GC(1347) Pause Full (Allocation Failure)
[375.525s][info][gc,phases,start] GC(1347) Marking Phase
[375.979s][info][gc,phases      ] GC(1347) Marking Phase 453.908ms
[375.979s][info][gc,phases,start] GC(1347) Summary Phase
[375.979s][info][gc,phases      ] GC(1347) Summary Phase 0.026ms
[375.979s][info][gc,phases,start] GC(1347) Forward
[375.980s][info][gc,phases      ] GC(1347) Forward 0.342ms
[375.980s][info][gc,phases,start] GC(1347) Adjust Pointers
[376.291s][info][gc,phases      ] GC(1347) Adjust Pointers 310.985ms
[376.291s][info][gc,phases,start] GC(1347) Compaction Phase
[376.418s][info][gc,phases      ] GC(1347) Compaction Phase 127.135ms
[376.418s][info][gc,phases,start] GC(1347) Post Compact
[376.420s][info][gc,phases      ] GC(1347) Post Compact 2.255ms
[376.420s][info][gc,heap        ] GC(1347) PSYoungGen: 111616K(222720K)->0K(222720K) Eden: 111616K(111616K)->0K(111616K) From: 0K(111104K)->0K(111104K)
[376.420s][info][gc,heap        ] GC(1347) ParOldGen: 650759K(667648K)->650762K(667648K)
[376.420s][info][gc,metaspace   ] GC(1347) Metaspace: 18837K(19008K)->18837K(19008K) NonClass: 17008K(17152K)->17008K(17152K) Class: 1829K(1856K)->1829K(1856K)
[376.420s][info][gc             ] GC(1347) Pause Full (Allocation Failure) 744M->635M(869M) 895.067ms
[376.420s][info][gc,cpu         ] GC(1347) User=1.75s Sys=0.00s Real=0.89s
[376.691s][info][gc,start       ] GC(1348) Pause Full (Allocation Failure)
[376.691s][info][gc,phases,start] GC(1348) Marking Phase
[377.144s][info][gc,phases      ] GC(1348) Marking Phase 452.716ms
[377.144s][info][gc,phases,start] GC(1348) Summary Phase
[377.144s][info][gc,phases      ] GC(1348) Summary Phase 0.026ms
[377.144s][info][gc,phases,start] GC(1348) Forward
[377.144s][info][gc,phases      ] GC(1348) Forward 0.314ms
[377.144s][info][gc,phases,start] GC(1348) Adjust Pointers
[377.452s][info][gc,phases      ] GC(1348) Adjust Pointers 307.971ms
[377.452s][info][gc,phases,start] GC(1348) Compaction Phase
[377.579s][info][gc,phases      ] GC(1348) Compaction Phase 127.013ms
[377.579s][info][gc,phases,start] GC(1348) Post Compact
[377.581s][info][gc,phases      ] GC(1348) Post Compact 2.265ms
[377.581s][info][gc,heap        ] GC(1348) PSYoungGen: 111616K(222720K)->0K(222720K) Eden: 111616K(111616K)->0K(111616K) From: 0K(111104K)->0K(111104K)
[377.581s][info][gc,heap        ] GC(1348) ParOldGen: 650762K(667648K)->650764K(667648K)
[377.581s][info][gc,metaspace   ] GC(1348) Metaspace: 18837K(19008K)->18837K(19008K) NonClass: 17008K(17152K)->17008K(17152K) Class: 1829K(1856K)->1829K(1856K)
[377.581s][info][gc             ] GC(1348) Pause Full (Allocation Failure) 744M->635M(869M) 890.761ms
[377.581s][info][gc,cpu         ] GC(1348) User=1.74s Sys=0.00s Real=0.89s
[377.833s][info][gc,start       ] GC(1349) Pause Full (Allocation Failure)
[377.833s][info][gc,phases,start] GC(1349) Marking Phase
[378.284s][info][gc,phases      ] GC(1349) Marking Phase 451.078ms
[378.284s][info][gc,phases,start] GC(1349) Summary Phase
[378.284s][info][gc,phases      ] GC(1349) Summary Phase 0.025ms
[378.284s][info][gc,phases,start] GC(1349) Forward
[378.284s][info][gc,phases      ] GC(1349) Forward 0.347ms
[378.284s][info][gc,phases,start] GC(1349) Adjust Pointers
[378.592s][info][gc,phases      ] GC(1349) Adjust Pointers 307.821ms
[378.592s][info][gc,phases,start] GC(1349) Compaction Phase
[378.719s][info][gc,phases      ] GC(1349) Compaction Phase 127.117ms
[378.719s][info][gc,phases,start] GC(1349) Post Compact
[378.722s][info][gc,phases      ] GC(1349) Post Compact 2.263ms
[378.722s][info][gc,heap        ] GC(1349) PSYoungGen: 111616K(222720K)->0K(222720K) Eden: 111616K(111616K)->0K(111616K) From: 0K(111104K)->0K(111104K)
[378.722s][info][gc,heap        ] GC(1349) ParOldGen: 650764K(667648K)->650775K(667648K)
[378.722s][info][gc,metaspace   ] GC(1349) Metaspace: 18837K(19008K)->18837K(19008K) NonClass: 17008K(17152K)->17008K(17152K) Class: 1829K(1856K)->1829K(1856K)
[378.722s][info][gc             ] GC(1349) Pause Full (Allocation Failure) 744M->635M(869M) 889.088ms
[378.722s][info][gc,cpu         ] GC(1349) User=1.74s Sys=0.01s Real=0.89s
[379.011s][info][gc,start       ] GC(1350) Pause Full (Allocation Failure)
[379.011s][info][gc,phases,start] GC(1350) Marking Phase
[379.343s][info][gc,phases      ] GC(1350) Marking Phase 332.223ms
[379.343s][info][gc,phases,start] GC(1350) Summary Phase
[379.343s][info][gc,phases      ] GC(1350) Summary Phase 0.028ms
[379.344s][info][gc,phases,start] GC(1350) Forward
[379.450s][info][gc,phases      ] GC(1350) Forward 106.125ms
[379.450s][info][gc,phases,start] GC(1350) Adjust Pointers
[379.711s][info][gc,phases      ] GC(1350) Adjust Pointers 260.802ms
[379.711s][info][gc,phases,start] GC(1350) Compaction Phase
[379.875s][info][gc,phases      ] GC(1350) Compaction Phase 164.546ms
[379.885s][info][gc,phases,start] GC(1350) Post Compact
[379.887s][info][gc,phases      ] GC(1350) Post Compact 2.330ms
[379.887s][info][gc,heap        ] GC(1350) PSYoungGen: 111616K(222720K)->0K(222720K) Eden: 111616K(111616K)->0K(111616K) From: 0K(111104K)->0K(111104K)
[379.887s][info][gc,heap        ] GC(1350) ParOldGen: 650775K(667648K)->477415K(667648K)
[379.887s][info][gc,metaspace   ] GC(1350) Metaspace: 18837K(19008K)->18837K(19008K) NonClass: 17008K(17152K)->17008K(17152K) Class: 1829K(1856K)->1829K(1856K)
[379.887s][info][gc             ] GC(1350) Pause Full (Allocation Failure) 744M->466M(869M) 876.154ms
[379.887s][info][gc,cpu         ] GC(1350) User=1.65s Sys=0.00s Real=0.88s
[380.074s][info][gc,start       ] GC(1351) Pause Young (Allocation Failure)
[380.084s][info][gc,heap        ] GC(1351) PSYoungGen: 111616K(222720K)->12160K(222720K) Eden: 111616K(111616K)->0K(111616K) From: 0K(111104K)->12160K(111104K)
[380.084s][info][gc,heap        ] GC(1351) ParOldGen: 477415K(667648K)->477415K(667648K)
[380.084s][info][gc,metaspace   ] GC(1351) Metaspace: 18837K(19008K)->18837K(19008K) NonClass: 17008K(17152K)->17008K(17152K) Class: 1829K(1856K)->1829K(1856K)
[380.084s][info][gc             ] GC(1351) Pause Young (Allocation Failure) 575M->478M(869M) 10.376ms
[380.084s][info][gc,cpu         ] GC(1351) User=0.02s Sys=0.00s Real=0.01s
[380.139s][info][gc,start       ] GC(1352) Pause Young (Allocation Failure)
[380.177s][info][gc,heap        ] GC(1352) PSYoungGen: 123776K(222720K)->55008K(222720K) Eden: 111616K(111616K)->0K(111616K) From: 12160K(111104K)->55008K(111104K)
[380.177s][info][gc,heap        ] GC(1352) ParOldGen: 477415K(667648K)->477415K(667648K)
[380.177s][info][gc,metaspace   ] GC(1352) Metaspace: 18837K(19008K)->18837K(19008K) NonClass: 17008K(17152K)->17008K(17152K) Class: 1829K(1856K)->1829K(1856K)
[380.178s][info][gc             ] GC(1352) Pause Young (Allocation Failure) 587M->519M(869M) 38.596ms
[380.178s][info][gc,cpu         ] GC(1352) User=0.07s Sys=0.00s Real=0.04s
[380.340s][info][gc,start       ] GC(1353) Pause Young (Allocation Failure)
[380.388s][info][gc,heap        ] GC(1353) PSYoungGen: 166624K(222720K)->64416K(222720K) Eden: 111616K(111616K)->0K(111616K) From: 55008K(111104K)->64416K(111104K)
[380.388s][info][gc,heap        ] GC(1353) ParOldGen: 477415K(667648K)->489671K(667648K)
[380.388s][info][gc,metaspace   ] GC(1353) Metaspace: 18837K(19008K)->18837K(19008K) NonClass: 17008K(17152K)->17008K(17152K) Class: 1829K(1856K)->1829K(1856K)
[380.388s][info][gc             ] GC(1353) Pause Young (Allocation Failure) 628M->541M(869M) 48.329ms
[380.388s][info][gc,cpu         ] GC(1353) User=0.09s Sys=0.00s Real=0.05s
[380.461s][info][gc,start       ] GC(1354) Pause Young (Allocation Failure)
[380.505s][info][gc,heap        ] GC(1354) PSYoungGen: 176032K(222720K)->4192K(222720K) Eden: 111616K(111616K)->0K(111616K) From: 64416K(111104K)->4192K(111104K)
[380.505s][info][gc,heap        ] GC(1354) ParOldGen: 489671K(667648K)->554854K(667648K)
[380.505s][info][gc,metaspace   ] GC(1354) Metaspace: 18837K(19008K)->18837K(19008K) NonClass: 17008K(17152K)->17008K(17152K) Class: 1829K(1856K)->1829K(1856K)
[380.505s][info][gc             ] GC(1354) Pause Young (Allocation Failure) 650M->545M(869M) 44.111ms
[380.505s][info][gc,cpu         ] GC(1354) User=0.08s Sys=0.00s Real=0.05s
[380.613s][info][gc,start       ] GC(1355) Pause Young (Allocation Failure)
[380.658s][info][gc,heap        ] GC(1355) PSYoungGen: 115808K(222720K)->35920K(222720K) Eden: 111616K(111616K)->0K(111616K) From: 4192K(111104K)->35920K(111104K)
[380.658s][info][gc,heap        ] GC(1355) ParOldGen: 554854K(667648K)->559022K(667648K)
[380.658s][info][gc,metaspace   ] GC(1355) Metaspace: 18837K(19008K)->18837K(19008K) NonClass: 17008K(17152K)->17008K(17152K) Class: 1829K(1856K)->1829K(1856K)
[380.658s][info][gc             ] GC(1355) Pause Young (Allocation Failure) 654M->580M(869M) 44.600ms
[380.658s][info][gc,cpu         ] GC(1355) User=0.09s Sys=0.00s Real=0.05s
[380.710s][info][gc,start       ] GC(1356) Pause Young (Allocation Failure)
[380.781s][info][gc,heap        ] GC(1356) PSYoungGen: 147536K(222720K)->50112K(222720K) Eden: 111616K(111616K)->0K(111616K) From: 35920K(111104K)->50112K(111104K)
[380.781s][info][gc,heap        ] GC(1356) ParOldGen: 559022K(667648K)->594831K(667648K)
[380.781s][info][gc,metaspace   ] GC(1356) Metaspace: 18837K(19008K)->18837K(19008K) NonClass: 17008K(17152K)->17008K(17152K) Class: 1829K(1856K)->1829K(1856K)
[380.781s][info][gc             ] GC(1356) Pause Young (Allocation Failure) 689M->629M(869M) 71.353ms
[380.781s][info][gc,cpu         ] GC(1356) User=0.14s Sys=0.00s Real=0.07s
[380.901s][info][gc,start       ] GC(1357) Pause Young (Allocation Failure)
[380.950s][info][gc,heap        ] GC(1357) PSYoungGen: 161728K(222720K)->15744K(222720K) Eden: 111616K(111616K)->0K(111616K) From: 50112K(111104K)->15744K(111104K)
[380.950s][info][gc,heap        ] GC(1357) ParOldGen: 594831K(667648K)->645539K(667648K)
[380.950s][info][gc,metaspace   ] GC(1357) Metaspace: 18837K(19008K)->18837K(19008K) NonClass: 17008K(17152K)->17008K(17152K) Class: 1829K(1856K)->1829K(1856K)
[380.950s][info][gc             ] GC(1357) Pause Young (Allocation Failure) 738M->645M(869M) 49.203ms
[380.950s][info][gc,cpu         ] GC(1357) User=0.10s Sys=0.00s Real=0.05s
[381.063s][info][gc,start       ] GC(1358) Pause Full (Allocation Failure)
[381.063s][info][gc,phases,start] GC(1358) Marking Phase
[381.306s][info][gc,phases      ] GC(1358) Marking Phase 242.852ms
[381.306s][info][gc,phases,start] GC(1358) Summary Phase
[381.306s][info][gc,phases      ] GC(1358) Summary Phase 0.032ms
[381.306s][info][gc,phases,start] GC(1358) Forward
[381.387s][info][gc,phases      ] GC(1358) Forward 81.189ms
[381.388s][info][gc,phases,start] GC(1358) Adjust Pointers
[381.584s][info][gc,phases      ] GC(1358) Adjust Pointers 196.110ms
[381.584s][info][gc,phases,start] GC(1358) Compaction Phase
[381.692s][info][gc,phases      ] GC(1358) Compaction Phase 108.314ms
[381.698s][info][gc,phases,start] GC(1358) Post Compact
[381.700s][info][gc,phases      ] GC(1358) Post Compact 2.331ms
[381.700s][info][gc,heap        ] GC(1358) PSYoungGen: 127360K(222720K)->0K(222720K) Eden: 111616K(111616K)->0K(111616K) From: 15744K(111104K)->0K(111104K)
[381.700s][info][gc,heap        ] GC(1358) ParOldGen: 645539K(667648K)->400178K(667648K)
[381.700s][info][gc,metaspace   ] GC(1358) Metaspace: 18837K(19008K)->18837K(19008K) NonClass: 17008K(17152K)->17008K(17152K) Class: 1829K(1856K)->1829K(1856K)
[381.700s][info][gc             ] GC(1358) Pause Full (Allocation Failure) 754M->390M(869M) 637.117ms
[381.700s][info][gc,cpu         ] GC(1358) User=1.20s Sys=0.00s Real=0.64s
[381.815s][info][gc,start       ] GC(1359) Pause Young (Allocation Failure)
[381.817s][info][gc,heap        ] GC(1359) PSYoungGen: 111616K(222720K)->128K(222720K) Eden: 111616K(111616K)->0K(111616K) From: 0K(111104K)->128K(111104K)
[381.817s][info][gc,heap        ] GC(1359) ParOldGen: 400178K(667648K)->400178K(667648K)
[381.817s][info][gc,metaspace   ] GC(1359) Metaspace: 18837K(19008K)->18837K(19008K) NonClass: 17008K(17152K)->17008K(17152K) Class: 1829K(1856K)->1829K(1856K)
[381.817s][info][gc             ] GC(1359) Pause Young (Allocation Failure) 499M->390M(869M) 1.793ms
[381.817s][info][gc,cpu         ] GC(1359) User=0.01s Sys=0.00s Real=0.00s
[381.929s][info][gc,start       ] GC(1360) Pause Young (Allocation Failure)
[381.931s][info][gc,heap        ] GC(1360) PSYoungGen: 111744K(222720K)->160K(222720K) Eden: 111616K(111616K)->0K(111616K) From: 128K(111104K)->160K(111104K)
[381.931s][info][gc,heap        ] GC(1360) ParOldGen: 400178K(667648K)->400266K(667648K)
[381.931s][info][gc,metaspace   ] GC(1360) Metaspace: 18837K(19008K)->18837K(19008K) NonClass: 17008K(17152K)->17008K(17152K) Class: 1829K(1856K)->1829K(1856K)
[381.931s][info][gc             ] GC(1360) Pause Young (Allocation Failure) 499M->391M(869M) 1.969ms
[381.931s][info][gc,cpu         ] GC(1360) User=0.01s Sys=0.00s Real=0.00s
[382.044s][info][gc,start       ] GC(1361) Pause Young (Allocation Failure)
[382.046s][info][gc,heap        ] GC(1361) PSYoungGen: 111776K(222720K)->128K(222720K) Eden: 111616K(111616K)->0K(111616K) From: 160K(111104K)->128K(111104K)
[382.046s][info][gc,heap        ] GC(1361) ParOldGen: 400266K(667648K)->400394K(667648K)
[382.046s][info][gc,metaspace   ] GC(1361) Metaspace: 18837K(19008K)->18837K(19008K) NonClass: 17008K(17152K)->17008K(17152K) Class: 1829K(1856K)->1829K(1856K)
[382.046s][info][gc             ] GC(1361) Pause Young (Allocation Failure) 500M->391M(869M) 1.859ms
[382.046s][info][gc,cpu         ] GC(1361) User=0.00s Sys=0.00s Real=0.00s
[382.161s][info][gc,start       ] GC(1362) Pause Young (Allocation Failure)
[382.163s][info][gc,heap        ] GC(1362) PSYoungGen: 111744K(222720K)->192K(217600K) Eden: 111616K(111616K)->0K(111616K) From: 128K(111104K)->192K(105984K)
[382.164s][info][gc,heap        ] GC(1362) ParOldGen: 400394K(667648K)->400394K(667648K)
[382.164s][info][gc,metaspace   ] GC(1362) Metaspace: 18837K(19008K)->18837K(19008K) NonClass: 17008K(17152K)->17008K(17152K) Class: 1829K(1856K)->1829K(1856K)
[382.164s][info][gc             ] GC(1362) Pause Young (Allocation Failure) 500M->391M(864M) 2.231ms
[382.164s][info][gc,cpu         ] GC(1362) User=0.00s Sys=0.01s Real=0.01s
[382.278s][info][gc,start       ] GC(1363) Pause Young (Allocation Failure)
[382.281s][info][gc,heap        ] GC(1363) PSYoungGen: 111808K(217600K)->288K(220160K) Eden: 111616K(111616K)->0K(111616K) From: 192K(105984K)->288K(108544K)
[382.281s][info][gc,heap        ] GC(1363) ParOldGen: 400394K(667648K)->400394K(667648K)
[382.281s][info][gc,metaspace   ] GC(1363) Metaspace: 18837K(19008K)->18837K(19008K) NonClass: 17008K(17152K)->17008K(17152K) Class: 1829K(1856K)->1829K(1856K)
[382.281s][info][gc             ] GC(1363) Pause Young (Allocation Failure) 500M->391M(867M) 2.256ms
[382.281s][info][gc,cpu         ] GC(1363) User=0.00s Sys=0.00s Real=0.00s
[382.394s][info][gc,start       ] GC(1364) Pause Young (Allocation Failure)
[382.396s][info][gc,heap        ] GC(1364) PSYoungGen: 111904K(220160K)->384K(211968K) Eden: 111616K(111616K)->0K(114176K) From: 288K(108544K)->384K(97792K)
[382.396s][info][gc,heap        ] GC(1364) ParOldGen: 400394K(667648K)->400394K(667648K)
[382.396s][info][gc,metaspace   ] GC(1364) Metaspace: 18837K(19008K)->18837K(19008K) NonClass: 17008K(17152K)->17008K(17152K) Class: 1829K(1856K)->1829K(1856K)
[382.396s][info][gc             ] GC(1364) Pause Young (Allocation Failure) 500M->391M(859M) 2.664ms
[382.396s][info][gc,cpu         ] GC(1364) User=0.00s Sys=0.00s Real=0.00s
[382.517s][info][gc,start       ] GC(1365) Pause Young (Allocation Failure)
[382.519s][info][gc,heap        ] GC(1365) PSYoungGen: 114560K(211968K)->448K(114688K) Eden: 114176K(114176K)->0K(114176K) From: 384K(97792K)->448K(512K)
[382.519s][info][gc,heap        ] GC(1365) ParOldGen: 400394K(667648K)->400394K(667648K)
[382.519s][info][gc,metaspace   ] GC(1365) Metaspace: 18837K(19008K)->18837K(19008K) NonClass: 17008K(17152K)->17008K(17152K) Class: 1829K(1856K)->1829K(1856K)
[382.519s][info][gc             ] GC(1365) Pause Young (Allocation Failure) 502M->391M(764M) 2.579ms
[382.519s][info][gc,cpu         ] GC(1365) User=0.01s Sys=0.00s Real=0.00s
[382.641s][info][gc,start       ] GC(1366) Pause Young (Allocation Failure)
[382.644s][info][gc,heap        ] GC(1366) PSYoungGen: 114624K(114688K)->576K(204288K) Eden: 114176K(114176K)->0K(116224K) From: 448K(512K)->576K(88064K)
[382.644s][info][gc,heap        ] GC(1366) ParOldGen: 400394K(667648K)->400394K(667648K)
[382.644s][info][gc,metaspace   ] GC(1366) Metaspace: 18837K(19008K)->18837K(19008K) NonClass: 17008K(17152K)->17008K(17152K) Class: 1829K(1856K)->1829K(1856K)
[382.644s][info][gc             ] GC(1366) Pause Young (Allocation Failure) 502M->391M(851M) 3.049ms
[382.644s][info][gc,cpu         ] GC(1366) User=0.01s Sys=0.00s Real=0.01s
[382.755s][info][gc,start       ] GC(1367) Pause Young (Allocation Failure)
[382.768s][info][gc,heap        ] GC(1367) PSYoungGen: 116800K(204288K)->4064K(120320K) Eden: 116224K(116224K)->0K(116224K) From: 576K(88064K)->4064K(4096K)
[382.768s][info][gc,heap        ] GC(1367) ParOldGen: 400394K(667648K)->400394K(667648K)
[382.768s][info][gc,metaspace   ] GC(1367) Metaspace: 18838K(19008K)->18838K(19008K) NonClass: 17009K(17152K)->17009K(17152K) Class: 1829K(1856K)->1829K(1856K)
[382.768s][info][gc             ] GC(1367) Pause Young (Allocation Failure) 505M->394M(769M) 12.789ms
[382.768s][info][gc,cpu         ] GC(1367) User=0.02s Sys=0.00s Real=0.01s
[382.922s][info][gc,start       ] GC(1368) Pause Young (Allocation Failure)
[382.964s][info][gc,heap        ] GC(1368) PSYoungGen: 120288K(120320K)->21656K(198144K) Eden: 116224K(116224K)->0K(119808K) From: 4064K(4096K)->21656K(78336K)
[382.964s][info][gc,heap        ] GC(1368) ParOldGen: 400394K(667648K)->400394K(667648K)
[382.964s][info][gc,metaspace   ] GC(1368) Metaspace: 18838K(19008K)->18838K(19008K) NonClass: 17009K(17152K)->17009K(17152K) Class: 1829K(1856K)->1829K(1856K)
[382.964s][info][gc             ] GC(1368) Pause Young (Allocation Failure) 508M->412M(845M) 42.656ms
[382.964s][info][gc,cpu         ] GC(1368) User=0.09s Sys=0.00s Real=0.05s
[383.121s][info][gc,start       ] GC(1369) Pause Young (Allocation Failure)
[383.159s][info][gc,heap        ] GC(1369) PSYoungGen: 141464K(198144K)->21656K(141824K) Eden: 119808K(119808K)->0K(119808K) From: 21656K(78336K)->21656K(22016K)
[383.159s][info][gc,heap        ] GC(1369) ParOldGen: 400394K(667648K)->400394K(667648K)
[383.159s][info][gc,metaspace   ] GC(1369) Metaspace: 18838K(19008K)->18838K(19008K) NonClass: 17009K(17152K)->17009K(17152K) Class: 1829K(1856K)->1829K(1856K)
[383.159s][info][gc             ] GC(1369) Pause Young (Allocation Failure) 529M->412M(790M) 38.188ms
[383.159s][info][gc,cpu         ] GC(1369) User=0.07s Sys=0.00s Real=0.04s
[383.319s][info][gc,start       ] GC(1370) Pause Young (Allocation Failure)
[383.357s][info][gc,heap        ] GC(1370) PSYoungGen: 141464K(141824K)->21688K(193024K) Eden: 119808K(119808K)->0K(124416K) From: 21656K(22016K)->21688K(68608K)
[383.357s][info][gc,heap        ] GC(1370) ParOldGen: 400394K(667648K)->400394K(667648K)
[383.357s][info][gc,metaspace   ] GC(1370) Metaspace: 18838K(19008K)->18838K(19008K) NonClass: 17009K(17152K)->17009K(17152K) Class: 1829K(1856K)->1829K(1856K)
[383.357s][info][gc             ] GC(1370) Pause Young (Allocation Failure) 529M->412M(840M) 38.420ms
[383.357s][info][gc,cpu         ] GC(1370) User=0.07s Sys=0.00s Real=0.04s
[383.511s][info][gc,start       ] GC(1371) Pause Young (Allocation Failure)
[383.546s][info][gc,heap        ] GC(1371) PSYoungGen: 146104K(193024K)->21656K(197632K) Eden: 124416K(124416K)->0K(124416K) From: 21688K(68608K)->21656K(73216K)
[383.546s][info][gc,heap        ] GC(1371) ParOldGen: 400394K(667648K)->400394K(667648K)
[383.546s][info][gc,metaspace   ] GC(1371) Metaspace: 18838K(19008K)->18838K(19008K) NonClass: 17009K(17152K)->17009K(17152K) Class: 1829K(1856K)->1829K(1856K)
[383.546s][info][gc             ] GC(1371) Pause Young (Allocation Failure) 533M->412M(845M) 35.057ms
[383.546s][info][gc,cpu         ] GC(1371) User=0.07s Sys=0.00s Real=0.04s
[383.696s][info][gc,start       ] GC(1372) Pause Young (Allocation Failure)
[383.732s][info][gc,heap        ] GC(1372) PSYoungGen: 146072K(197632K)->21656K(191488K) Eden: 124416K(124416K)->0K(130048K) From: 21656K(73216K)->21656K(61440K)
[383.732s][info][gc,heap        ] GC(1372) ParOldGen: 400394K(667648K)->400394K(667648K)
[383.732s][info][gc,metaspace   ] GC(1372) Metaspace: 18838K(19008K)->18838K(19008K) NonClass: 17009K(17152K)->17009K(17152K) Class: 1829K(1856K)->1829K(1856K)
[383.732s][info][gc             ] GC(1372) Pause Young (Allocation Failure) 533M->412M(839M) 35.605ms
[383.732s][info][gc,cpu         ] GC(1372) User=0.06s Sys=0.00s Real=0.03s
[383.859s][info][gc,start       ] GC(1373) Pause Young (Allocation Failure)
[383.910s][info][gc,heap        ] GC(1373) PSYoungGen: 151704K(191488K)->37826K(195072K) Eden: 130048K(130048K)->0K(130048K) From: 21656K(61440K)->37826K(65024K)
[383.910s][info][gc,heap        ] GC(1373) ParOldGen: 400394K(667648K)->400394K(667648K)
[383.910s][info][gc,metaspace   ] GC(1373) Metaspace: 18838K(19008K)->18838K(19008K) NonClass: 17009K(17152K)->17009K(17152K) Class: 1829K(1856K)->1829K(1856K)
[383.910s][info][gc             ] GC(1373) Pause Young (Allocation Failure) 539M->427M(842M) 51.588ms
[383.910s][info][gc,cpu         ] GC(1373) User=0.10s Sys=0.00s Real=0.05s
[384.028s][info][gc,start       ] GC(1374) Pause Young (Allocation Failure)
[384.095s][info][gc,heap        ] GC(1374) PSYoungGen: 167874K(195072K)->55640K(196096K) Eden: 130048K(130048K)->0K(128512K) From: 37826K(65024K)->55640K(67584K)
[384.095s][info][gc,heap        ] GC(1374) ParOldGen: 400394K(667648K)->400394K(667648K)
[384.095s][info][gc,metaspace   ] GC(1374) Metaspace: 18838K(19008K)->18838K(19008K) NonClass: 17009K(17152K)->17009K(17152K) Class: 1829K(1856K)->1829K(1856K)
[384.095s][info][gc             ] GC(1374) Pause Young (Allocation Failure) 554M->445M(843M) 66.567ms
[384.095s][info][gc,cpu         ] GC(1374) User=0.13s Sys=0.00s Real=0.07s
[384.189s][info][gc,start       ] GC(1375) Pause Young (Allocation Failure)
[384.258s][info][gc,heap        ] GC(1375) PSYoungGen: 184152K(196096K)->59672K(204288K) Eden: 128512K(128512K)->0K(128512K) From: 55640K(67584K)->59672K(75776K)
[384.258s][info][gc,heap        ] GC(1375) ParOldGen: 400394K(667648K)->400394K(667648K)
[384.258s][info][gc,metaspace   ] GC(1375) Metaspace: 18838K(19008K)->18838K(19008K) NonClass: 17009K(17152K)->17009K(17152K) Class: 1829K(1856K)->1829K(1856K)
[384.258s][info][gc             ] GC(1375) Pause Young (Allocation Failure) 570M->449M(851M) 69.557ms
[384.258s][info][gc,cpu         ] GC(1375) User=0.14s Sys=0.00s Real=0.07s
[384.360s][info][gc,start       ] GC(1376) Pause Young (Allocation Failure)
[384.441s][info][gc,heap        ] GC(1376) PSYoungGen: 188184K(204288K)->61026K(214016K) Eden: 128512K(128512K)->0K(130560K) From: 59672K(75776K)->61026K(83456K)
[384.441s][info][gc,heap        ] GC(1376) ParOldGen: 400394K(667648K)->400490K(667648K)
[384.441s][info][gc,metaspace   ] GC(1376) Metaspace: 18838K(19008K)->18838K(19008K) NonClass: 17009K(17152K)->17009K(17152K) Class: 1829K(1856K)->1829K(1856K)
[384.441s][info][gc             ] GC(1376) Pause Young (Allocation Failure) 574M->450M(861M) 80.620ms
[384.441s][info][gc,cpu         ] GC(1376) User=0.14s Sys=0.02s Real=0.08s
[384.550s][info][gc,start       ] GC(1377) Pause Young (Allocation Failure)
[384.624s][info][gc,heap        ] GC(1377) PSYoungGen: 191586K(214016K)->63864K(220672K) Eden: 130560K(130560K)->0K(130560K) From: 61026K(83456K)->63864K(90112K)
[384.624s][info][gc,heap        ] GC(1377) ParOldGen: 400490K(667648K)->400570K(667648K)
[384.624s][info][gc,metaspace   ] GC(1377) Metaspace: 18838K(19008K)->18838K(19008K) NonClass: 17009K(17152K)->17009K(17152K) Class: 1829K(1856K)->1829K(1856K)
[384.624s][info][gc             ] GC(1377) Pause Young (Allocation Failure) 578M->453M(867M) 74.054ms
[384.624s][info][gc,cpu         ] GC(1377) User=0.14s Sys=0.00s Real=0.08s
[384.740s][info][gc,start       ] GC(1378) Pause Young (Allocation Failure)
[384.823s][info][gc,heap        ] GC(1378) PSYoungGen: 194424K(220672K)->64664K(227840K) Eden: 130560K(130560K)->0K(131072K) From: 63864K(90112K)->64664K(96768K)
[384.823s][info][gc,heap        ] GC(1378) ParOldGen: 400570K(667648K)->400658K(667648K)
[384.823s][info][gc,metaspace   ] GC(1378) Metaspace: 18838K(19008K)->18838K(19008K) NonClass: 17009K(17152K)->17009K(17152K) Class: 1829K(1856K)->1829K(1856K)
[384.823s][info][gc             ] GC(1378) Pause Young (Allocation Failure) 581M->454M(874M) 83.006ms
[384.823s][info][gc,cpu         ] GC(1378) User=0.16s Sys=0.02s Real=0.08s
[384.930s][info][gc,start       ] GC(1379) Pause Young (Allocation Failure)
[385.010s][info][gc,heap        ] GC(1379) PSYoungGen: 195736K(227840K)->70552K(201728K) Eden: 131072K(131072K)->0K(131072K) From: 64664K(96768K)->70552K(70656K)
[385.010s][info][gc,heap        ] GC(1379) ParOldGen: 400658K(667648K)->400770K(667648K)
[385.010s][info][gc,metaspace   ] GC(1379) Metaspace: 18839K(19008K)->18839K(19008K) NonClass: 17010K(17152K)->17010K(17152K) Class: 1829K(1856K)->1829K(1856K)
[385.010s][info][gc             ] GC(1379) Pause Young (Allocation Failure) 582M->460M(849M) 79.358ms
[385.010s][info][gc,cpu         ] GC(1379) User=0.16s Sys=0.00s Real=0.08s
[385.134s][info][gc,start       ] GC(1380) Pause Young (Allocation Failure)
[385.243s][info][gc,heap        ] GC(1380) PSYoungGen: 201624K(201728K)->93576K(219136K) Eden: 131072K(131072K)->0K(111616K) From: 70552K(70656K)->93576K(107520K)
[385.243s][info][gc,heap        ] GC(1380) ParOldGen: 400770K(667648K)->400858K(667648K)
[385.243s][info][gc,metaspace   ] GC(1380) Metaspace: 18839K(19008K)->18839K(19008K) NonClass: 17010K(17152K)->17010K(17152K) Class: 1829K(1856K)->1829K(1856K)
[385.243s][info][gc             ] GC(1380) Pause Young (Allocation Failure) 588M->482M(866M) 109.455ms
[385.243s][info][gc,cpu         ] GC(1380) User=0.21s Sys=0.01s Real=0.11s
[385.308s][info][gc,start       ] GC(1381) Pause Young (Allocation Failure)
[385.432s][info][gc,heap        ] GC(1381) PSYoungGen: 205192K(219136K)->111096K(222720K) Eden: 111616K(111616K)->0K(111616K) From: 93576K(107520K)->111096K(111104K)
[385.432s][info][gc,heap        ] GC(1381) ParOldGen: 400858K(667648K)->406842K(667648K)
[385.432s][info][gc,metaspace   ] GC(1381) Metaspace: 18839K(19008K)->18839K(19008K) NonClass: 17010K(17152K)->17010K(17152K) Class: 1829K(1856K)->1829K(1856K)
[385.432s][info][gc             ] GC(1381) Pause Young (Allocation Failure) 591M->505M(869M) 123.990ms
[385.432s][info][gc,cpu         ] GC(1381) User=0.24s Sys=0.00s Real=0.12s
[385.571s][info][gc,start       ] GC(1382) Pause Young (Allocation Failure)
[385.706s][info][gc,heap        ] GC(1382) PSYoungGen: 222712K(222720K)->111088K(222720K) Eden: 111616K(111616K)->0K(111616K) From: 111096K(111104K)->111088K(111104K)
[385.706s][info][gc,heap        ] GC(1382) ParOldGen: 406842K(667648K)->422667K(667648K)
[385.706s][info][gc,metaspace   ] GC(1382) Metaspace: 18839K(19008K)->18839K(19008K) NonClass: 17010K(17152K)->17010K(17152K) Class: 1829K(1856K)->1829K(1856K)
[385.706s][info][gc             ] GC(1382) Pause Young (Allocation Failure) 614M->521M(869M) 134.468ms
[385.706s][info][gc,cpu         ] GC(1382) User=0.25s Sys=0.01s Real=0.14s
[385.795s][info][gc,start       ] GC(1383) Pause Young (Allocation Failure)
[385.898s][info][gc,heap        ] GC(1383) PSYoungGen: 222704K(222720K)->111104K(222720K) Eden: 111616K(111616K)->0K(111616K) From: 111088K(111104K)->111104K(111104K)
[385.898s][info][gc,heap        ] GC(1383) ParOldGen: 422667K(667648K)->424267K(667648K)
[385.898s][info][gc,metaspace   ] GC(1383) Metaspace: 18839K(19008K)->18839K(19008K) NonClass: 17010K(17152K)->17010K(17152K) Class: 1829K(1856K)->1829K(1856K)
[385.898s][info][gc             ] GC(1383) Pause Young (Allocation Failure) 630M->522M(869M) 102.511ms
[385.898s][info][gc,cpu         ] GC(1383) User=0.20s Sys=0.00s Real=0.10s
[386.045s][info][gc,start       ] GC(1384) Pause Young (Allocation Failure)
[386.148s][info][gc,heap        ] GC(1384) PSYoungGen: 222720K(222720K)->97088K(222720K) Eden: 111616K(111616K)->0K(111616K) From: 111104K(111104K)->97088K(111104K)
[386.148s][info][gc,heap        ] GC(1384) ParOldGen: 424267K(667648K)->440403K(667648K)
[386.148s][info][gc,metaspace   ] GC(1384) Metaspace: 18839K(19008K)->18839K(19008K) NonClass: 17010K(17152K)->17010K(17152K) Class: 1829K(1856K)->1829K(1856K)
[386.148s][info][gc             ] GC(1384) Pause Young (Allocation Failure) 631M->524M(869M) 103.753ms
[386.148s][info][gc,cpu         ] GC(1384) User=0.21s Sys=0.00s Real=0.10s
[386.267s][info][gc,start       ] GC(1385) Pause Young (Allocation Failure)
[386.362s][info][gc,heap        ] GC(1385) PSYoungGen: 208704K(222720K)->79872K(222720K) Eden: 111616K(111616K)->0K(111616K) From: 97088K(111104K)->79872K(111104K)
[386.362s][info][gc,heap        ] GC(1385) ParOldGen: 440403K(667648K)->462323K(667648K)
[386.362s][info][gc,metaspace   ] GC(1385) Metaspace: 18839K(19008K)->18839K(19008K) NonClass: 17010K(17152K)->17010K(17152K) Class: 1829K(1856K)->1829K(1856K)
[386.362s][info][gc             ] GC(1385) Pause Young (Allocation Failure) 633M->529M(869M) 94.814ms
[386.362s][info][gc,cpu         ] GC(1385) User=0.19s Sys=0.00s Real=0.09s
[386.466s][info][gc,start       ] GC(1386) Pause Young (Allocation Failure)
[386.541s][info][gc,heap        ] GC(1386) PSYoungGen: 191488K(222720K)->75488K(222720K) Eden: 111616K(111616K)->0K(111616K) From: 79872K(111104K)->75488K(111104K)
[386.541s][info][gc,heap        ] GC(1386) ParOldGen: 462323K(667648K)->466691K(667648K)
[386.541s][info][gc,metaspace   ] GC(1386) Metaspace: 18839K(19008K)->18839K(19008K) NonClass: 17010K(17152K)->17010K(17152K) Class: 1829K(1856K)->1829K(1856K)
[386.541s][info][gc             ] GC(1386) Pause Young (Allocation Failure) 638M->529M(869M) 74.616ms
[386.541s][info][gc,cpu         ] GC(1386) User=0.15s Sys=0.00s Real=0.07s
[386.612s][info][gc,start       ] GC(1387) Pause Young (Allocation Failure)
[386.682s][info][gc,heap        ] GC(1387) PSYoungGen: 187104K(222720K)->68704K(222720K) Eden: 111616K(111616K)->0K(111616K) From: 75488K(111104K)->68704K(111104K)
[386.682s][info][gc,heap        ] GC(1387) ParOldGen: 466691K(667648K)->473563K(667648K)
[386.682s][info][gc,metaspace   ] GC(1387) Metaspace: 18839K(19008K)->18839K(19008K) NonClass: 17010K(17152K)->17010K(17152K) Class: 1829K(1856K)->1829K(1856K)
[386.682s][info][gc             ] GC(1387) Pause Young (Allocation Failure) 638M->529M(869M) 70.401ms
[386.682s][info][gc,cpu         ] GC(1387) User=0.14s Sys=0.00s Real=0.07s
[386.868s][info][gc,start       ] GC(1388) Pause Young (Allocation Failure)
[386.943s][info][gc,heap        ] GC(1388) PSYoungGen: 180320K(222720K)->34496K(222720K) Eden: 111616K(111616K)->0K(111616K) From: 68704K(111104K)->34496K(111104K)
[386.943s][info][gc,heap        ] GC(1388) ParOldGen: 473563K(667648K)->518891K(667648K)
[386.943s][info][gc,metaspace   ] GC(1388) Metaspace: 18839K(19008K)->18839K(19008K) NonClass: 17010K(17152K)->17010K(17152K) Class: 1829K(1856K)->1829K(1856K)
[386.943s][info][gc             ] GC(1388) Pause Young (Allocation Failure) 638M->540M(869M) 75.137ms
[386.943s][info][gc,cpu         ] GC(1388) User=0.15s Sys=0.00s Real=0.07s
[387.116s][info][gc,start       ] GC(1389) Pause Young (Allocation Failure)
[387.156s][info][gc,heap        ] GC(1389) PSYoungGen: 146112K(222720K)->23168K(222720K) Eden: 111616K(111616K)->0K(111616K) From: 34496K(111104K)->23168K(111104K)
[387.156s][info][gc,heap        ] GC(1389) ParOldGen: 518891K(667648K)->535763K(667648K)
[387.156s][info][gc,metaspace   ] GC(1389) Metaspace: 18839K(19008K)->18839K(19008K) NonClass: 17010K(17152K)->17010K(17152K) Class: 1829K(1856K)->1829K(1856K)
[387.156s][info][gc             ] GC(1389) Pause Young (Allocation Failure) 649M->545M(869M) 40.113ms
[387.156s][info][gc,cpu         ] GC(1389) User=0.08s Sys=0.00s Real=0.04s
[387.523s][info][gc,start       ] GC(1390) Pause Young (Allocation Failure)
[387.547s][info][gc,heap        ] GC(1390) PSYoungGen: 134784K(222720K)->16672K(222720K) Eden: 111616K(111616K)->0K(111616K) From: 23168K(111104K)->16672K(111104K)
[387.547s][info][gc,heap        ] GC(1390) ParOldGen: 535763K(667648K)->542379K(667648K)
[387.547s][info][gc,metaspace   ] GC(1390) Metaspace: 18839K(19008K)->18839K(19008K) NonClass: 17010K(17152K)->17010K(17152K) Class: 1829K(1856K)->1829K(1856K)
[387.547s][info][gc             ] GC(1390) Pause Young (Allocation Failure) 654M->545M(869M) 24.471ms
[387.547s][info][gc,cpu         ] GC(1390) User=0.05s Sys=0.00s Real=0.03s
[387.827s][info][gc,start       ] GC(1391) Pause Young (Allocation Failure)
[387.845s][info][gc,heap        ] GC(1391) PSYoungGen: 128288K(222720K)->16768K(222720K) Eden: 111616K(111616K)->0K(111616K) From: 16672K(111104K)->16768K(111104K)
[387.845s][info][gc,heap        ] GC(1391) ParOldGen: 542379K(667648K)->542483K(667648K)
[387.845s][info][gc,metaspace   ] GC(1391) Metaspace: 18839K(19008K)->18839K(19008K) NonClass: 17010K(17152K)->17010K(17152K) Class: 1829K(1856K)->1829K(1856K)
[387.845s][info][gc             ] GC(1391) Pause Young (Allocation Failure) 654M->546M(869M) 17.855ms
[387.845s][info][gc,cpu         ] GC(1391) User=0.03s Sys=0.00s Real=0.02s
[388.119s][info][gc,start       ] GC(1392) Pause Young (Allocation Failure)
[388.138s][info][gc,heap        ] GC(1392) PSYoungGen: 128384K(222720K)->352K(222720K) Eden: 111616K(111616K)->0K(111616K) From: 16768K(111104K)->352K(111104K)
[388.138s][info][gc,heap        ] GC(1392) ParOldGen: 542483K(667648K)->558979K(667648K)
[388.138s][info][gc,metaspace   ] GC(1392) Metaspace: 18839K(19008K)->18839K(19008K) NonClass: 17010K(17152K)->17010K(17152K) Class: 1829K(1856K)->1829K(1856K)
[388.139s][info][gc             ] GC(1392) Pause Young (Allocation Failure) 655M->546M(869M) 19.931ms
[388.139s][info][gc,cpu         ] GC(1392) User=0.03s Sys=0.00s Real=0.02s
[388.355s][info][gc,start       ] GC(1393) Pause Young (Allocation Failure)
[388.358s][info][gc,heap        ] GC(1393) PSYoungGen: 111968K(222720K)->64K(222720K) Eden: 111616K(111616K)->0K(111616K) From: 352K(111104K)->64K(111104K)
[388.358s][info][gc,heap        ] GC(1393) ParOldGen: 558979K(667648K)->559268K(667648K)
[388.358s][info][gc,metaspace   ] GC(1393) Metaspace: 18839K(19008K)->18839K(19008K) NonClass: 17010K(17152K)->17010K(17152K) Class: 1829K(1856K)->1829K(1856K)
[388.358s][info][gc             ] GC(1393) Pause Young (Allocation Failure) 655M->546M(869M) 3.097ms
[388.358s][info][gc,cpu         ] GC(1393) User=0.01s Sys=0.00s Real=0.00s
[388.668s][info][gc,start       ] GC(1394) Pause Young (Allocation Failure)
[388.671s][info][gc,heap        ] GC(1394) PSYoungGen: 111680K(222720K)->96K(222720K) Eden: 111616K(111616K)->0K(111616K) From: 64K(111104K)->96K(111104K)
[388.671s][info][gc,heap        ] GC(1394) ParOldGen: 559268K(667648K)->559324K(667648K)
[388.671s][info][gc,metaspace   ] GC(1394) Metaspace: 18839K(19008K)->18839K(19008K) NonClass: 17010K(17152K)->17010K(17152K) Class: 1829K(1856K)->1829K(1856K)
[388.671s][info][gc             ] GC(1394) Pause Young (Allocation Failure) 655M->546M(869M) 2.857ms
[388.671s][info][gc,cpu         ] GC(1394) User=0.00s Sys=0.00s Real=0.00s
[388.866s][info][gc,start       ] GC(1395) Pause Young (Allocation Failure)
[388.873s][info][gc,heap        ] GC(1395) PSYoungGen: 111712K(222720K)->5792K(222720K) Eden: 111616K(111616K)->0K(111616K) From: 96K(111104K)->5792K(111104K)
[388.873s][info][gc,heap        ] GC(1395) ParOldGen: 559324K(667648K)->559388K(667648K)
[388.873s][info][gc,metaspace   ] GC(1395) Metaspace: 18839K(19008K)->18839K(19008K) NonClass: 17010K(17152K)->17010K(17152K) Class: 1829K(1856K)->1829K(1856K)
[388.873s][info][gc             ] GC(1395) Pause Young (Allocation Failure) 655M->551M(869M) 7.530ms
[388.873s][info][gc,cpu         ] GC(1395) User=0.01s Sys=0.00s Real=0.01s
[388.961s][info][gc,start       ] GC(1396) Pause Young (Allocation Failure)
[388.999s][info][gc,heap        ] GC(1396) PSYoungGen: 117408K(222720K)->43792K(222720K) Eden: 111616K(111616K)->0K(111616K) From: 5792K(111104K)->43792K(111104K)
[388.999s][info][gc,heap        ] GC(1396) ParOldGen: 559388K(667648K)->565156K(667648K)
[388.999s][info][gc,metaspace   ] GC(1396) Metaspace: 18839K(19008K)->18839K(19008K) NonClass: 17010K(17152K)->17010K(17152K) Class: 1829K(1856K)->1829K(1856K)
[388.999s][info][gc             ] GC(1396) Pause Young (Allocation Failure) 660M->594M(869M) 38.675ms
[388.999s][info][gc,cpu         ] GC(1396) User=0.08s Sys=0.00s Real=0.04s
[389.056s][info][gc,start       ] GC(1397) Pause Young (Allocation Failure)
[389.114s][info][gc,heap        ] GC(1397) PSYoungGen: 155408K(222720K)->45184K(222720K) Eden: 111616K(111616K)->0K(111616K) From: 43792K(111104K)->45184K(111104K)
[389.114s][info][gc,heap        ] GC(1397) ParOldGen: 565156K(667648K)->609460K(667648K)
[389.114s][info][gc,metaspace   ] GC(1397) Metaspace: 18839K(19008K)->18839K(19008K) NonClass: 17010K(17152K)->17010K(17152K) Class: 1829K(1856K)->1829K(1856K)
[389.114s][info][gc             ] GC(1397) Pause Young (Allocation Failure) 703M->639M(869M) 57.962ms
[389.114s][info][gc,cpu         ] GC(1397) User=0.12s Sys=0.00s Real=0.06s
[389.174s][info][gc,start       ] GC(1398) Pause Young (Allocation Failure)
[389.230s][info][gc,heap        ] GC(1398) PSYoungGen: 156800K(222720K)->43200K(222720K) Eden: 111616K(111616K)->0K(111616K) From: 45184K(111104K)->43200K(111104K)
[389.230s][info][gc,heap        ] GC(1398) ParOldGen: 609460K(667648K)->655161K(667648K)
[389.230s][info][gc,metaspace   ] GC(1398) Metaspace: 18839K(19008K)->18839K(19008K) NonClass: 17010K(17152K)->17010K(17152K) Class: 1829K(1856K)->1829K(1856K)
[389.230s][info][gc             ] GC(1398) Pause Young (Allocation Failure) 748M->681M(869M) 56.730ms
[389.230s][info][gc,cpu         ] GC(1398) User=0.11s Sys=0.00s Real=0.05s
[389.504s][info][gc,start       ] GC(1399) Pause Full (Allocation Failure)
[389.504s][info][gc,phases,start] GC(1399) Marking Phase
[389.854s][info][gc,phases      ] GC(1399) Marking Phase 350.406ms
[389.854s][info][gc,phases,start] GC(1399) Summary Phase
[389.854s][info][gc,phases      ] GC(1399) Summary Phase 0.029ms
[389.854s][info][gc,phases,start] GC(1399) Forward
[389.969s][info][gc,phases      ] GC(1399) Forward 115.069ms
[389.970s][info][gc,phases,start] GC(1399) Adjust Pointers
[390.242s][info][gc,phases      ] GC(1399) Adjust Pointers 272.864ms
[390.242s][info][gc,phases,start] GC(1399) Compaction Phase
[390.401s][info][gc,phases      ] GC(1399) Compaction Phase 158.081ms
[390.409s][info][gc,phases,start] GC(1399) Post Compact
[390.412s][info][gc,phases      ] GC(1399) Post Compact 2.406ms
[390.412s][info][gc,heap        ] GC(1399) PSYoungGen: 154816K(222720K)->0K(222720K) Eden: 111616K(111616K)->0K(111616K) From: 43200K(111104K)->0K(111104K)
[390.412s][info][gc,heap        ] GC(1399) ParOldGen: 655161K(667648K)->546692K(667648K)
[390.412s][info][gc,metaspace   ] GC(1399) Metaspace: 18839K(19008K)->18839K(19008K) NonClass: 17010K(17152K)->17010K(17152K) Class: 1829K(1856K)->1829K(1856K)
[390.412s][info][gc             ] GC(1399) Pause Full (Allocation Failure) 790M->533M(869M) 907.916ms
[390.412s][info][gc,cpu         ] GC(1399) User=1.71s Sys=0.00s Real=0.90s
[390.474s][info][gc,start       ] GC(1400) Pause Young (Allocation Failure)
[390.508s][info][gc,heap        ] GC(1400) PSYoungGen: 111616K(222720K)->46432K(222720K) Eden: 111616K(111616K)->0K(111616K) From: 0K(111104K)->46432K(111104K)
[390.508s][info][gc,heap        ] GC(1400) ParOldGen: 546692K(667648K)->546692K(667648K)
[390.508s][info][gc,metaspace   ] GC(1400) Metaspace: 18839K(19008K)->18839K(19008K) NonClass: 17010K(17152K)->17010K(17152K) Class: 1829K(1856K)->1829K(1856K)
[390.508s][info][gc             ] GC(1400) Pause Young (Allocation Failure) 642M->579M(869M) 34.921ms
[390.508s][info][gc,cpu         ] GC(1400) User=0.07s Sys=0.00s Real=0.03s
[390.643s][info][gc,start       ] GC(1401) Pause Young (Allocation Failure)
[390.688s][info][gc,heap        ] GC(1401) PSYoungGen: 158048K(222720K)->63520K(222720K) Eden: 111616K(111616K)->0K(111616K) From: 46432K(111104K)->63520K(111104K)
[390.688s][info][gc,heap        ] GC(1401) ParOldGen: 546692K(667648K)->546692K(667648K)
[390.688s][info][gc,metaspace   ] GC(1401) Metaspace: 18839K(19008K)->18839K(19008K) NonClass: 17010K(17152K)->17010K(17152K) Class: 1829K(1856K)->1829K(1856K)
[390.688s][info][gc             ] GC(1401) Pause Young (Allocation Failure) 688M->595M(869M) 44.907ms
[390.688s][info][gc,cpu         ] GC(1401) User=0.09s Sys=0.00s Real=0.05s
[390.786s][info][gc,start       ] GC(1402) Pause Young (Allocation Failure)
[390.865s][info][gc,heap        ] GC(1402) PSYoungGen: 175136K(222720K)->15904K(221696K) Eden: 111616K(111616K)->0K(111616K) From: 63520K(111104K)->15904K(110080K)
[390.865s][info][gc,heap        ] GC(1402) ParOldGen: 546692K(667648K)->610764K(667648K)
[390.865s][info][gc,metaspace   ] GC(1402) Metaspace: 18839K(19008K)->18839K(19008K) NonClass: 17010K(17152K)->17010K(17152K) Class: 1829K(1856K)->1829K(1856K)
[390.865s][info][gc             ] GC(1402) Pause Young (Allocation Failure) 704M->611M(868M) 79.663ms
[390.865s][info][gc,cpu         ] GC(1402) User=0.16s Sys=0.00s Real=0.08s
[390.996s][info][gc,start       ] GC(1403) Pause Full (Allocation Failure)
[390.996s][info][gc,phases,start] GC(1403) Marking Phase
[391.293s][info][gc,phases      ] GC(1403) Marking Phase 296.822ms
[391.293s][info][gc,phases,start] GC(1403) Summary Phase
[391.293s][info][gc,phases      ] GC(1403) Summary Phase 0.038ms
[391.293s][info][gc,phases,start] GC(1403) Forward
[391.391s][info][gc,phases      ] GC(1403) Forward 97.899ms
[391.391s][info][gc,phases,start] GC(1403) Adjust Pointers
[391.621s][info][gc,phases      ] GC(1403) Adjust Pointers 230.198ms
[391.621s][info][gc,phases,start] GC(1403) Compaction Phase
[391.753s][info][gc,phases      ] GC(1403) Compaction Phase 131.202ms
[391.762s][info][gc,phases,start] GC(1403) Post Compact
[391.764s][info][gc,phases      ] GC(1403) Post Compact 2.268ms
[391.764s][info][gc,heap        ] GC(1403) PSYoungGen: 127520K(221696K)->0K(222208K) Eden: 111616K(111616K)->0K(111616K) From: 15904K(110080K)->0K(110592K)
[391.764s][info][gc,heap        ] GC(1403) ParOldGen: 610764K(667648K)->472234K(667648K)
[391.764s][info][gc,metaspace   ] GC(1403) Metaspace: 18839K(19008K)->18839K(19008K) NonClass: 17010K(17152K)->17010K(17152K) Class: 1829K(1856K)->1829K(1856K)
[391.764s][info][gc             ] GC(1403) Pause Full (Allocation Failure) 720M->461M(869M) 767.949ms
[391.764s][info][gc,cpu         ] GC(1403) User=1.43s Sys=0.00s Real=0.77s
[391.917s][info][gc,start       ] GC(1404) Pause Young (Allocation Failure)
[391.949s][info][gc,heap        ] GC(1404) PSYoungGen: 111616K(222208K)->19328K(215040K) Eden: 111616K(111616K)->0K(112640K) From: 0K(110592K)->19328K(102400K)
[391.949s][info][gc,heap        ] GC(1404) ParOldGen: 472234K(667648K)->472234K(667648K)
[391.949s][info][gc,metaspace   ] GC(1404) Metaspace: 18839K(19008K)->18839K(19008K) NonClass: 17010K(17152K)->17010K(17152K) Class: 1829K(1856K)->1829K(1856K)
[391.949s][info][gc             ] GC(1404) Pause Young (Allocation Failure) 570M->480M(862M) 32.907ms
[391.949s][info][gc,cpu         ] GC(1404) User=0.07s Sys=0.01s Real=0.03s
[392.091s][info][gc,start       ] GC(1405) Pause Young (Allocation Failure)
[392.118s][info][gc,heap        ] GC(1405) PSYoungGen: 131968K(215040K)->19328K(219136K) Eden: 112640K(112640K)->0K(112640K) From: 19328K(102400K)->19328K(106496K)
[392.118s][info][gc,heap        ] GC(1405) ParOldGen: 472234K(667648K)->472234K(667648K)
[392.118s][info][gc,metaspace   ] GC(1405) Metaspace: 18839K(19008K)->18839K(19008K) NonClass: 17010K(17152K)->17010K(17152K) Class: 1829K(1856K)->1829K(1856K)
[392.118s][info][gc             ] GC(1405) Pause Young (Allocation Failure) 590M->480M(866M) 27.527ms
[392.118s][info][gc,cpu         ] GC(1405) User=0.05s Sys=0.00s Real=0.03s
[392.260s][info][gc,start       ] GC(1406) Pause Young (Allocation Failure)
[392.288s][info][gc,heap        ] GC(1406) PSYoungGen: 131968K(219136K)->19328K(214016K) Eden: 112640K(112640K)->0K(119296K) From: 19328K(106496K)->19328K(94720K)
[392.288s][info][gc,heap        ] GC(1406) ParOldGen: 472234K(667648K)->472234K(667648K)
[392.288s][info][gc,metaspace   ] GC(1406) Metaspace: 18839K(19008K)->18839K(19008K) NonClass: 17010K(17152K)->17010K(17152K) Class: 1829K(1856K)->1829K(1856K)
[392.288s][info][gc             ] GC(1406) Pause Young (Allocation Failure) 590M->480M(861M) 28.347ms
[392.288s][info][gc,cpu         ] GC(1406) User=0.06s Sys=0.00s Real=0.03s
[392.440s][info][gc,start       ] GC(1407) Pause Young (Allocation Failure)
[392.468s][info][gc,heap        ] GC(1407) PSYoungGen: 138624K(214016K)->19328K(218112K) Eden: 119296K(119296K)->0K(119296K) From: 19328K(94720K)->19328K(98816K)
[392.468s][info][gc,heap        ] GC(1407) ParOldGen: 472234K(667648K)->472234K(667648K)
[392.468s][info][gc,metaspace   ] GC(1407) Metaspace: 18839K(19008K)->18839K(19008K) NonClass: 17010K(17152K)->17010K(17152K) Class: 1829K(1856K)->1829K(1856K)
[392.468s][info][gc             ] GC(1407) Pause Young (Allocation Failure) 596M->480M(865M) 27.886ms
[392.468s][info][gc,cpu         ] GC(1407) User=0.06s Sys=0.00s Real=0.03s
[392.619s][info][gc,start       ] GC(1408) Pause Young (Allocation Failure)
[392.647s][info][gc,heap        ] GC(1408) PSYoungGen: 138624K(218112K)->19328K(212480K) Eden: 119296K(119296K)->0K(125952K) From: 19328K(98816K)->19328K(86528K)
[392.647s][info][gc,heap        ] GC(1408) ParOldGen: 472234K(667648K)->472234K(667648K)
[392.647s][info][gc,metaspace   ] GC(1408) Metaspace: 18839K(19008K)->18839K(19008K) NonClass: 17010K(17152K)->17010K(17152K) Class: 1829K(1856K)->1829K(1856K)
[392.647s][info][gc             ] GC(1408) Pause Young (Allocation Failure) 596M->480M(859M) 28.407ms
[392.647s][info][gc,cpu         ] GC(1408) User=0.05s Sys=0.00s Real=0.03s
[392.804s][info][gc,start       ] GC(1409) Pause Young (Allocation Failure)
[392.832s][info][gc,heap        ] GC(1409) PSYoungGen: 145280K(212480K)->19328K(216576K) Eden: 125952K(125952K)->0K(125952K) From: 19328K(86528K)->19328K(90624K)
[392.832s][info][gc,heap        ] GC(1409) ParOldGen: 472234K(667648K)->472234K(667648K)
[392.832s][info][gc,metaspace   ] GC(1409) Metaspace: 18839K(19008K)->18839K(19008K) NonClass: 17010K(17152K)->17010K(17152K) Class: 1829K(1856K)->1829K(1856K)
[392.832s][info][gc             ] GC(1409) Pause Young (Allocation Failure) 603M->480M(863M) 27.921ms
[392.832s][info][gc,cpu         ] GC(1409) User=0.06s Sys=0.00s Real=0.02s
[392.993s][info][gc,start       ] GC(1410) Pause Young (Allocation Failure)
[393.022s][info][gc,heap        ] GC(1410) PSYoungGen: 145280K(216576K)->19328K(210944K) Eden: 125952K(125952K)->0K(132608K) From: 19328K(90624K)->19328K(78336K)
[393.022s][info][gc,heap        ] GC(1410) ParOldGen: 472234K(667648K)->472234K(667648K)
[393.022s][info][gc,metaspace   ] GC(1410) Metaspace: 18839K(19008K)->18839K(19008K) NonClass: 17010K(17152K)->17010K(17152K) Class: 1829K(1856K)->1829K(1856K)
[393.022s][info][gc             ] GC(1410) Pause Young (Allocation Failure) 603M->480M(858M) 28.960ms
[393.022s][info][gc,cpu         ] GC(1410) User=0.05s Sys=0.00s Real=0.03s
[393.191s][info][gc,start       ] GC(1411) Pause Young (Allocation Failure)
[393.219s][info][gc,heap        ] GC(1411) PSYoungGen: 151936K(210944K)->19360K(215040K) Eden: 132608K(132608K)->0K(132608K) From: 19328K(78336K)->19360K(82432K)
[393.219s][info][gc,heap        ] GC(1411) ParOldGen: 472234K(667648K)->472234K(667648K)
[393.219s][info][gc,metaspace   ] GC(1411) Metaspace: 18839K(19008K)->18839K(19008K) NonClass: 17010K(17152K)->17010K(17152K) Class: 1829K(1856K)->1829K(1856K)
[393.219s][info][gc             ] GC(1411) Pause Young (Allocation Failure) 609M->480M(862M) 28.156ms
[393.219s][info][gc,cpu         ] GC(1411) User=0.05s Sys=0.00s Real=0.03s
[393.390s][info][gc,start       ] GC(1412) Pause Young (Allocation Failure)
[393.419s][info][gc,heap        ] GC(1412) PSYoungGen: 151968K(215040K)->19360K(210944K) Eden: 132608K(132608K)->0K(139264K) From: 19360K(82432K)->19360K(71680K)
[393.419s][info][gc,heap        ] GC(1412) ParOldGen: 472234K(667648K)->472234K(667648K)
[393.419s][info][gc,metaspace   ] GC(1412) Metaspace: 18839K(19008K)->18839K(19008K) NonClass: 17010K(17152K)->17010K(17152K) Class: 1829K(1856K)->1829K(1856K)
[393.419s][info][gc             ] GC(1412) Pause Young (Allocation Failure) 609M->480M(858M) 28.640ms
[393.419s][info][gc,cpu         ] GC(1412) User=0.05s Sys=0.00s Real=0.03s
[393.594s][info][gc,start       ] GC(1413) Pause Young (Allocation Failure)
[393.622s][info][gc,heap        ] GC(1413) PSYoungGen: 158624K(210944K)->19328K(214528K) Eden: 139264K(139264K)->0K(139264K) From: 19360K(71680K)->19328K(75264K)
[393.622s][info][gc,heap        ] GC(1413) ParOldGen: 472234K(667648K)->472234K(667648K)
[393.622s][info][gc,metaspace   ] GC(1413) Metaspace: 18839K(19008K)->18839K(19008K) NonClass: 17010K(17152K)->17010K(17152K) Class: 1829K(1856K)->1829K(1856K)
[393.622s][info][gc             ] GC(1413) Pause Young (Allocation Failure) 616M->480M(861M) 27.680ms
[393.622s][info][gc,cpu         ] GC(1413) User=0.06s Sys=0.00s Real=0.02s
[393.753s][info][gc,start       ] GC(1414) Pause Young (Allocation Failure)
[393.801s][info][gc,heap        ] GC(1414) PSYoungGen: 158592K(214528K)->38784K(217600K) Eden: 139264K(139264K)->0K(145920K) From: 19328K(75264K)->38784K(71680K)
[393.801s][info][gc,heap        ] GC(1414) ParOldGen: 472234K(667648K)->472234K(667648K)
[393.801s][info][gc,metaspace   ] GC(1414) Metaspace: 18839K(19008K)->18839K(19008K) NonClass: 17010K(17152K)->17010K(17152K) Class: 1829K(1856K)->1829K(1856K)
[393.801s][info][gc             ] GC(1414) Pause Young (Allocation Failure) 616M->499M(864M) 47.911ms
[393.801s][info][gc,cpu         ] GC(1414) User=0.09s Sys=0.00s Real=0.05s
[393.921s][info][gc,start       ] GC(1415) Pause Young (Allocation Failure)
[393.978s][info][gc,heap        ] GC(1415) PSYoungGen: 184704K(217600K)->51328K(217600K) Eden: 145920K(145920K)->0K(145920K) From: 38784K(71680K)->51328K(71680K)
[393.978s][info][gc,heap        ] GC(1415) ParOldGen: 472234K(667648K)->472234K(667648K)
[393.978s][info][gc,metaspace   ] GC(1415) Metaspace: 18839K(19008K)->18839K(19008K) NonClass: 17010K(17152K)->17010K(17152K) Class: 1829K(1856K)->1829K(1856K)
[393.978s][info][gc             ] GC(1415) Pause Young (Allocation Failure) 641M->511M(864M) 57.324ms
[393.978s][info][gc,cpu         ] GC(1415) User=0.11s Sys=0.00s Real=0.06s
[394.095s][info][gc,start       ] GC(1416) Pause Young (Allocation Failure)
[394.154s][info][gc,heap        ] GC(1416) PSYoungGen: 197248K(217600K)->53056K(227328K) Eden: 145920K(145920K)->0K(151040K) From: 51328K(71680K)->53056K(76288K)
[394.154s][info][gc,heap        ] GC(1416) ParOldGen: 472234K(667648K)->472234K(667648K)
[394.154s][info][gc,metaspace   ] GC(1416) Metaspace: 18839K(19008K)->18839K(19008K) NonClass: 17010K(17152K)->17010K(17152K) Class: 1829K(1856K)->1829K(1856K)
[394.154s][info][gc             ] GC(1416) Pause Young (Allocation Failure) 653M->512M(874M) 58.608ms
[394.154s][info][gc,cpu         ] GC(1416) User=0.12s Sys=0.00s Real=0.06s
[394.274s][info][gc,start       ] GC(1417) Pause Young (Allocation Failure)
[394.334s][info][gc,heap        ] GC(1417) PSYoungGen: 204096K(227328K)->54592K(231424K) Eden: 151040K(151040K)->0K(151040K) From: 53056K(76288K)->54592K(80384K)
[394.334s][info][gc,heap        ] GC(1417) ParOldGen: 472234K(667648K)->472234K(667648K)
[394.334s][info][gc,metaspace   ] GC(1417) Metaspace: 18839K(19008K)->18839K(19008K) NonClass: 17010K(17152K)->17010K(17152K) Class: 1829K(1856K)->1829K(1856K)
[394.334s][info][gc             ] GC(1417) Pause Young (Allocation Failure) 660M->514M(878M) 59.646ms
[394.334s][info][gc,cpu         ] GC(1417) User=0.12s Sys=0.00s Real=0.06s
[394.493s][info][gc,start       ] GC(1418) Pause Young (Allocation Failure)
[394.566s][info][gc,heap        ] GC(1418) PSYoungGen: 205632K(231424K)->61312K(240640K) Eden: 151040K(151040K)->0K(156672K) From: 54592K(80384K)->61312K(83968K)
[394.566s][info][gc,heap        ] GC(1418) ParOldGen: 472234K(667648K)->472234K(667648K)
[394.566s][info][gc,metaspace   ] GC(1418) Metaspace: 18839K(19008K)->18839K(19008K) NonClass: 17010K(17152K)->17010K(17152K) Class: 1829K(1856K)->1829K(1856K)
[394.566s][info][gc             ] GC(1418) Pause Young (Allocation Failure) 661M->521M(887M) 73.649ms
[394.566s][info][gc,cpu         ] GC(1418) User=0.14s Sys=0.01s Real=0.08s
[394.798s][info][gc,start       ] GC(1419) Pause Young (Allocation Failure)
[394.867s][info][gc,heap        ] GC(1419) PSYoungGen: 217984K(240640K)->44032K(245248K) Eden: 156672K(156672K)->0K(156672K) From: 61312K(83968K)->44032K(88576K)
[394.867s][info][gc,heap        ] GC(1419) ParOldGen: 472234K(667648K)->491602K(667648K)
[394.867s][info][gc,metaspace   ] GC(1419) Metaspace: 18839K(19008K)->18839K(19008K) NonClass: 17010K(17152K)->17010K(17152K) Class: 1829K(1856K)->1829K(1856K)
[394.867s][info][gc             ] GC(1419) Pause Young (Allocation Failure) 674M->523M(891M) 68.457ms
[394.867s][info][gc,cpu         ] GC(1419) User=0.14s Sys=0.00s Real=0.07s
[395.147s][info][gc,start       ] GC(1420) Pause Young (Allocation Failure)
[395.188s][info][gc,heap        ] GC(1420) PSYoungGen: 200704K(245248K)->44128K(239104K) Eden: 156672K(156672K)->0K(159232K) From: 44032K(88576K)->44128K(79872K)
[395.188s][info][gc,heap        ] GC(1420) ParOldGen: 491602K(667648K)->491602K(667648K)
[395.188s][info][gc,metaspace   ] GC(1420) Metaspace: 18839K(19008K)->18839K(19008K) NonClass: 17010K(17152K)->17010K(17152K) Class: 1829K(1856K)->1829K(1856K)
[395.188s][info][gc             ] GC(1420) Pause Young (Allocation Failure) 676M->523M(885M) 40.821ms
[395.188s][info][gc,cpu         ] GC(1420) User=0.08s Sys=0.00s Real=0.04s
[395.467s][info][gc,start       ] GC(1421) Pause Young (Allocation Failure)
[395.508s][info][gc,heap        ] GC(1421) PSYoungGen: 203360K(239104K)->44160K(243200K) Eden: 159232K(159232K)->0K(159232K) From: 44128K(79872K)->44160K(83968K)
[395.508s][info][gc,heap        ] GC(1421) ParOldGen: 491602K(667648K)->491602K(667648K)
[395.508s][info][gc,metaspace   ] GC(1421) Metaspace: 18839K(19008K)->18839K(19008K) NonClass: 17010K(17152K)->17010K(17152K) Class: 1829K(1856K)->1829K(1856K)
[395.508s][info][gc             ] GC(1421) Pause Young (Allocation Failure) 678M->523M(889M) 40.988ms
[395.508s][info][gc,cpu         ] GC(1421) User=0.08s Sys=0.00s Real=0.04s
[395.769s][info][gc,start       ] GC(1422) Pause Young (Allocation Failure)
[395.811s][info][gc,heap        ] GC(1422) PSYoungGen: 203392K(243200K)->44192K(245248K) Eden: 159232K(159232K)->0K(168448K) From: 44160K(83968K)->44192K(76800K)
[395.811s][info][gc,heap        ] GC(1422) ParOldGen: 491602K(667648K)->491602K(667648K)
[395.811s][info][gc,metaspace   ] GC(1422) Metaspace: 18839K(19008K)->18839K(19008K) NonClass: 17010K(17152K)->17010K(17152K) Class: 1829K(1856K)->1829K(1856K)
[395.811s][info][gc             ] GC(1422) Pause Young (Allocation Failure) 678M->523M(891M) 41.562ms
[395.811s][info][gc,cpu         ] GC(1422) User=0.09s Sys=0.00s Real=0.04s
[396.042s][info][gc,start       ] GC(1423) Pause Young (Allocation Failure)
[396.095s][info][gc,heap        ] GC(1423) PSYoungGen: 212640K(245248K)->58144K(247808K) Eden: 168448K(168448K)->0K(168448K) From: 44192K(76800K)->58144K(79360K)
[396.095s][info][gc,heap        ] GC(1423) ParOldGen: 491602K(667648K)->491602K(667648K)
[396.095s][info][gc,metaspace   ] GC(1423) Metaspace: 18839K(19008K)->18839K(19008K) NonClass: 17010K(17152K)->17010K(17152K) Class: 1829K(1856K)->1829K(1856K)
[396.095s][info][gc             ] GC(1423) Pause Young (Allocation Failure) 687M->536M(894M) 52.937ms
[396.095s][info][gc,cpu         ] GC(1423) User=0.10s Sys=0.00s Real=0.06s
[396.280s][info][gc,start       ] GC(1424) Pause Young (Allocation Failure)
[396.334s][info][gc,heap        ] GC(1424) PSYoungGen: 226592K(247808K)->58272K(246784K) Eden: 168448K(168448K)->0K(164864K) From: 58144K(79360K)->58272K(81920K)
[396.334s][info][gc,heap        ] GC(1424) ParOldGen: 491602K(667648K)->491602K(667648K)
[396.334s][info][gc,metaspace   ] GC(1424) Metaspace: 18839K(19008K)->18839K(19008K) NonClass: 17010K(17152K)->17010K(17152K) Class: 1829K(1856K)->1829K(1856K)
[396.334s][info][gc             ] GC(1424) Pause Young (Allocation Failure) 701M->536M(893M) 54.293ms
[396.334s][info][gc,cpu         ] GC(1424) User=0.11s Sys=0.00s Real=0.06s
[396.420s][info][gc,start       ] GC(1425) Pause Young (Allocation Failure)
[396.514s][info][gc,heap        ] GC(1425) PSYoungGen: 223136K(246784K)->84448K(249344K) Eden: 164864K(164864K)->0K(164864K) From: 58272K(81920K)->84448K(84480K)
[396.514s][info][gc,heap        ] GC(1425) ParOldGen: 491602K(667648K)->520506K(667648K)
[396.514s][info][gc,metaspace   ] GC(1425) Metaspace: 18839K(19008K)->18839K(19008K) NonClass: 17010K(17152K)->17010K(17152K) Class: 1829K(1856K)->1829K(1856K)
[396.514s][info][gc             ] GC(1425) Pause Young (Allocation Failure) 697M->590M(895M) 93.471ms
[396.514s][info][gc,cpu         ] GC(1425) User=0.19s Sys=0.01s Real=0.10s
[396.765s][info][gc,start       ] GC(1426) Pause Young (Allocation Failure)
[396.878s][info][gc,heap        ] GC(1426) PSYoungGen: 249312K(249344K)->84448K(196096K) Eden: 164864K(164864K)->0K(111616K) From: 84448K(84480K)->84448K(84480K)
[396.878s][info][gc,heap        ] GC(1426) ParOldGen: 520506K(667648K)->537245K(667648K)
[396.878s][info][gc,metaspace   ] GC(1426) Metaspace: 18839K(19008K)->18839K(19008K) NonClass: 17010K(17152K)->17010K(17152K) Class: 1829K(1856K)->1829K(1856K)
[396.878s][info][gc             ] GC(1426) Pause Young (Allocation Failure) 751M->607M(843M) 113.606ms
[396.878s][info][gc,cpu         ] GC(1426) User=0.21s Sys=0.01s Real=0.11s
[397.016s][info][gc,start       ] GC(1427) Pause Young (Allocation Failure)
[397.101s][info][gc,heap        ] GC(1427) PSYoungGen: 196064K(196096K)->70640K(222720K) Eden: 111616K(111616K)->0K(111616K) From: 84448K(84480K)->70640K(111104K)
[397.101s][info][gc,heap        ] GC(1427) ParOldGen: 537245K(667648K)->551237K(667648K)
[397.101s][info][gc,metaspace   ] GC(1427) Metaspace: 18839K(19008K)->18839K(19008K) NonClass: 17010K(17152K)->17010K(17152K) Class: 1829K(1856K)->1829K(1856K)
[397.101s][info][gc             ] GC(1427) Pause Young (Allocation Failure) 716M->607M(869M) 85.580ms
[397.101s][info][gc,cpu         ] GC(1427) User=0.17s Sys=0.00s Real=0.08s
[397.242s][info][gc,start       ] GC(1428) Pause Young (Allocation Failure)
[397.317s][info][gc,heap        ] GC(1428) PSYoungGen: 182256K(222720K)->60144K(222720K) Eden: 111616K(111616K)->0K(111616K) From: 70640K(111104K)->60144K(111104K)
[397.317s][info][gc,heap        ] GC(1428) ParOldGen: 551237K(667648K)->561789K(667648K)
[397.317s][info][gc,metaspace   ] GC(1428) Metaspace: 18839K(19008K)->18839K(19008K) NonClass: 17010K(17152K)->17010K(17152K) Class: 1829K(1856K)->1829K(1856K)
[397.317s][info][gc             ] GC(1428) Pause Young (Allocation Failure) 716M->607M(869M) 75.461ms
[397.317s][info][gc,cpu         ] GC(1428) User=0.15s Sys=0.00s Real=0.08s
[397.456s][info][gc,start       ] GC(1429) Pause Young (Allocation Failure)
[397.523s][info][gc,heap        ] GC(1429) PSYoungGen: 171760K(222720K)->53680K(165376K) Eden: 111616K(111616K)->0K(111616K) From: 60144K(111104K)->53680K(53760K)
[397.523s][info][gc,heap        ] GC(1429) ParOldGen: 561789K(667648K)->568293K(667648K)
[397.523s][info][gc,metaspace   ] GC(1429) Metaspace: 18839K(19008K)->18839K(19008K) NonClass: 17010K(17152K)->17010K(17152K) Class: 1829K(1856K)->1829K(1856K)
[397.523s][info][gc             ] GC(1429) Pause Young (Allocation Failure) 716M->607M(813M) 67.625ms
[397.523s][info][gc,cpu         ] GC(1429) User=0.13s Sys=0.00s Real=0.06s
[397.665s][info][gc,start       ] GC(1430) Pause Young (Allocation Failure)
[397.724s][info][gc,heap        ] GC(1430) PSYoungGen: 165296K(165376K)->53680K(224768K) Eden: 111616K(111616K)->0K(116736K) From: 53680K(53760K)->53680K(108032K)
[397.724s][info][gc,heap        ] GC(1430) ParOldGen: 568293K(667648K)->568293K(667648K)
[397.724s][info][gc,metaspace   ] GC(1430) Metaspace: 18839K(19008K)->18839K(19008K) NonClass: 17010K(17152K)->17010K(17152K) Class: 1829K(1856K)->1829K(1856K)
[397.724s][info][gc             ] GC(1430) Pause Young (Allocation Failure) 716M->607M(871M) 59.110ms
[397.724s][info][gc,cpu         ] GC(1430) User=0.12s Sys=0.00s Real=0.06s
[397.869s][info][gc,start       ] GC(1431) Pause Young (Allocation Failure)
[397.928s][info][gc,heap        ] GC(1431) PSYoungGen: 170416K(224768K)->53680K(220672K) Eden: 116736K(116736K)->0K(116736K) From: 53680K(108032K)->53680K(103936K)
[397.928s][info][gc,heap        ] GC(1431) ParOldGen: 568293K(667648K)->568293K(667648K)
[397.928s][info][gc,metaspace   ] GC(1431) Metaspace: 18839K(19008K)->18839K(19008K) NonClass: 17010K(17152K)->17010K(17152K) Class: 1829K(1856K)->1829K(1856K)
[397.928s][info][gc             ] GC(1431) Pause Young (Allocation Failure) 721M->607M(867M) 59.637ms
[397.928s][info][gc,cpu         ] GC(1431) User=0.12s Sys=0.00s Real=0.06s
[398.074s][info][gc,start       ] GC(1432) Pause Young (Allocation Failure)
[398.133s][info][gc,heap        ] GC(1432) PSYoungGen: 170416K(220672K)->53680K(221696K) Eden: 116736K(116736K)->0K(125952K) From: 53680K(103936K)->53680K(95744K)
[398.133s][info][gc,heap        ] GC(1432) ParOldGen: 568293K(667648K)->568293K(667648K)
[398.133s][info][gc,metaspace   ] GC(1432) Metaspace: 18839K(19008K)->18839K(19008K) NonClass: 17010K(17152K)->17010K(17152K) Class: 1829K(1856K)->1829K(1856K)
[398.133s][info][gc             ] GC(1432) Pause Young (Allocation Failure) 721M->607M(868M) 59.285ms
[398.133s][info][gc,cpu         ] GC(1432) User=0.12s Sys=0.00s Real=0.05s
[398.259s][info][gc,start       ] GC(1433) Pause Young (Allocation Failure)
[398.343s][info][gc,heap        ] GC(1433) PSYoungGen: 179632K(221696K)->73264K(221696K) Eden: 125952K(125952K)->0K(125952K) From: 53680K(95744K)->73264K(95744K)
[398.344s][info][gc,heap        ] GC(1433) ParOldGen: 568293K(667648K)->568293K(667648K)
[398.344s][info][gc,metaspace   ] GC(1433) Metaspace: 18839K(19008K)->18839K(19008K) NonClass: 17010K(17152K)->17010K(17152K) Class: 1829K(1856K)->1829K(1856K)
[398.344s][info][gc             ] GC(1433) Pause Young (Allocation Failure) 730M->626M(868M) 84.520ms
[398.344s][info][gc,cpu         ] GC(1433) User=0.16s Sys=0.00s Real=0.09s
[398.460s][info][gc,start       ] GC(1434) Pause Young (Allocation Failure)
[398.558s][info][gc,heap        ] GC(1434) PSYoungGen: 199216K(221696K)->87184K(221184K) Eden: 125952K(125952K)->0K(122880K) From: 73264K(95744K)->87184K(98304K)
[398.558s][info][gc,heap        ] GC(1434) ParOldGen: 568293K(667648K)->569477K(667648K)
[398.558s][info][gc,metaspace   ] GC(1434) Metaspace: 18839K(19008K)->18839K(19008K) NonClass: 17010K(17152K)->17010K(17152K) Class: 1829K(1856K)->1829K(1856K)
[398.558s][info][gc             ] GC(1434) Pause Young (Allocation Failure) 749M->641M(868M) 97.577ms
[398.558s][info][gc,cpu         ] GC(1434) User=0.20s Sys=0.01s Real=0.10s
[398.666s][info][gc,start       ] GC(1435) Pause Young (Allocation Failure)
[398.771s][info][gc,heap        ] GC(1435) PSYoungGen: 210064K(221184K)->99280K(222208K) Eden: 122880K(122880K)->0K(122880K) From: 87184K(98304K)->99280K(99328K)
[398.771s][info][gc,heap        ] GC(1435) ParOldGen: 569477K(667648K)->569627K(667648K)
[398.771s][info][gc,metaspace   ] GC(1435) Metaspace: 18839K(19008K)->18839K(19008K) NonClass: 17010K(17152K)->17010K(17152K) Class: 1829K(1856K)->1829K(1856K)
[398.771s][info][gc             ] GC(1435) Pause Young (Allocation Failure) 761M->653M(869M) 105.906ms
[398.771s][info][gc,cpu         ] GC(1435) User=0.21s Sys=0.00s Real=0.10s
[398.895s][info][gc,start       ] GC(1436) Pause Young (Allocation Failure)
[399.020s][info][gc,heap        ] GC(1436) PSYoungGen: 222160K(222208K)->111088K(222720K) Eden: 122880K(122880K)->0K(111616K) From: 99280K(99328K)->111088K(111104K)
[399.020s][info][gc,heap        ] GC(1436) ParOldGen: 569627K(667648K)->575939K(667648K)
[399.020s][info][gc,metaspace   ] GC(1436) Metaspace: 18839K(19008K)->18839K(19008K) NonClass: 17010K(17152K)->17010K(17152K) Class: 1829K(1856K)->1829K(1856K)
[399.020s][info][gc             ] GC(1436) Pause Young (Allocation Failure) 773M->670M(869M) 125.556ms
[399.020s][info][gc,cpu         ] GC(1436) User=0.24s Sys=0.01s Real=0.12s
[399.103s][info][gc,start       ] GC(1437) Pause Young (Allocation Failure)
[399.238s][info][gc,heap        ] GC(1437) PSYoungGen: 222704K(222720K)->111088K(222720K) Eden: 111616K(111616K)->0K(111616K) From: 111088K(111104K)->111088K(111104K)
[399.238s][info][gc,heap        ] GC(1437) ParOldGen: 575939K(667648K)->597899K(667648K)
[399.238s][info][gc,metaspace   ] GC(1437) Metaspace: 18839K(19008K)->18839K(19008K) NonClass: 17010K(17152K)->17010K(17152K) Class: 1829K(1856K)->1829K(1856K)
[399.239s][info][gc             ] GC(1437) Pause Young (Allocation Failure) 779M->692M(869M) 135.966ms
[399.239s][info][gc,cpu         ] GC(1437) User=0.27s Sys=0.00s Real=0.14s
[399.293s][info][gc,start       ] GC(1438) Pause Young (Allocation Failure)
[399.417s][info][gc,heap        ] GC(1438) PSYoungGen: 222704K(222720K)->78432K(222720K) Eden: 111616K(111616K)->0K(111616K) From: 111088K(111104K)->78432K(111104K)
[399.417s][info][gc,heap        ] GC(1438) ParOldGen: 597899K(667648K)->640372K(667648K)
[399.417s][info][gc,metaspace   ] GC(1438) Metaspace: 18839K(19008K)->18839K(19008K) NonClass: 17010K(17152K)->17010K(17152K) Class: 1829K(1856K)->1829K(1856K)
[399.417s][info][gc             ] GC(1438) Pause Young (Allocation Failure) 801M->701M(869M) 124.288ms
[399.417s][info][gc,cpu         ] GC(1438) User=0.25s Sys=0.00s Real=0.13s
[399.483s][info][gc,start       ] GC(1439) Pause Full (Allocation Failure)
[399.483s][info][gc,phases,start] GC(1439) Marking Phase
[399.875s][info][gc,phases      ] GC(1439) Marking Phase 391.843ms
[399.875s][info][gc,phases,start] GC(1439) Summary Phase
[399.875s][info][gc,phases      ] GC(1439) Summary Phase 0.028ms
[399.875s][info][gc,phases,start] GC(1439) Forward
[399.925s][info][gc,phases      ] GC(1439) Forward 49.879ms
[399.925s][info][gc,phases,start] GC(1439) Adjust Pointers
[400.218s][info][gc,phases      ] GC(1439) Adjust Pointers 293.212ms
[400.218s][info][gc,phases,start] GC(1439) Compaction Phase
[400.367s][info][gc,phases      ] GC(1439) Compaction Phase 148.212ms
[400.371s][info][gc,phases,start] GC(1439) Post Compact
[400.374s][info][gc,phases      ] GC(1439) Post Compact 2.451ms
[400.374s][info][gc,heap        ] GC(1439) PSYoungGen: 190048K(222720K)->0K(222720K) Eden: 111616K(111616K)->0K(111616K) From: 78432K(111104K)->0K(111104K)
[400.374s][info][gc,heap        ] GC(1439) ParOldGen: 640372K(667648K)->590402K(667648K)
[400.374s][info][gc,metaspace   ] GC(1439) Metaspace: 18839K(19008K)->18839K(19008K) NonClass: 17010K(17152K)->17010K(17152K) Class: 1829K(1856K)->1829K(1856K)
[400.374s][info][gc             ] GC(1439) Pause Full (Allocation Failure) 810M->576M(869M) 890.509ms
[400.374s][info][gc,cpu         ] GC(1439) User=1.74s Sys=0.00s Real=0.90s
[400.435s][info][gc,start       ] GC(1440) Pause Young (Allocation Failure)
[400.445s][info][gc,heap        ] GC(1440) PSYoungGen: 111616K(222720K)->4736K(222720K) Eden: 111616K(111616K)->0K(111616K) From: 0K(111104K)->4736K(111104K)
[400.445s][info][gc,heap        ] GC(1440) ParOldGen: 590402K(667648K)->590402K(667648K)
[400.445s][info][gc,metaspace   ] GC(1440) Metaspace: 18839K(19008K)->18839K(19008K) NonClass: 17010K(17152K)->17010K(17152K) Class: 1829K(1856K)->1829K(1856K)
[400.445s][info][gc             ] GC(1440) Pause Young (Allocation Failure) 685M->581M(869M) 10.243ms
[400.445s][info][gc,cpu         ] GC(1440) User=0.02s Sys=0.00s Real=0.01s
[400.519s][info][gc,start       ] GC(1441) Pause Young (Allocation Failure)
[400.533s][info][gc,heap        ] GC(1441) PSYoungGen: 116352K(222720K)->5152K(222720K) Eden: 111616K(111616K)->0K(111616K) From: 4736K(111104K)->5152K(111104K)
[400.533s][info][gc,heap        ] GC(1441) ParOldGen: 590402K(667648K)->590402K(667648K)
[400.533s][info][gc,metaspace   ] GC(1441) Metaspace: 18839K(19008K)->18839K(19008K) NonClass: 17010K(17152K)->17010K(17152K) Class: 1829K(1856K)->1829K(1856K)
[400.533s][info][gc             ] GC(1441) Pause Young (Allocation Failure) 690M->581M(869M) 14.029ms
[400.533s][info][gc,cpu         ] GC(1441) User=0.03s Sys=0.00s Real=0.01s
[400.602s][info][gc,start       ] GC(1442) Pause Young (Allocation Failure)
[400.616s][info][gc,heap        ] GC(1442) PSYoungGen: 116768K(222720K)->7104K(222720K) Eden: 111616K(111616K)->0K(111616K) From: 5152K(111104K)->7104K(111104K)
[400.616s][info][gc,heap        ] GC(1442) ParOldGen: 590402K(667648K)->590402K(667648K)
[400.616s][info][gc,metaspace   ] GC(1442) Metaspace: 18839K(19008K)->18839K(19008K) NonClass: 17010K(17152K)->17010K(17152K) Class: 1829K(1856K)->1829K(1856K)
[400.616s][info][gc             ] GC(1442) Pause Young (Allocation Failure) 690M->583M(869M) 13.575ms
[400.616s][info][gc,cpu         ] GC(1442) User=0.03s Sys=0.00s Real=0.02s
[400.683s][info][gc,start       ] GC(1443) Pause Young (Allocation Failure)
[400.700s][info][gc,heap        ] GC(1443) PSYoungGen: 118720K(222720K)->9952K(222720K) Eden: 111616K(111616K)->0K(111616K) From: 7104K(111104K)->9952K(111104K)
[400.700s][info][gc,heap        ] GC(1443) ParOldGen: 590402K(667648K)->590402K(667648K)
[400.700s][info][gc,metaspace   ] GC(1443) Metaspace: 18839K(19008K)->18839K(19008K) NonClass: 17010K(17152K)->17010K(17152K) Class: 1829K(1856K)->1829K(1856K)
[400.700s][info][gc             ] GC(1443) Pause Young (Allocation Failure) 692M->586M(869M) 16.910ms
[400.700s][info][gc,cpu         ] GC(1443) User=0.03s Sys=0.00s Real=0.02s
[400.771s][info][gc,start       ] GC(1444) Pause Young (Allocation Failure)
[400.790s][info][gc,heap        ] GC(1444) PSYoungGen: 121568K(222720K)->13472K(222720K) Eden: 111616K(111616K)->0K(111616K) From: 9952K(111104K)->13472K(111104K)
[400.791s][info][gc,heap        ] GC(1444) ParOldGen: 590402K(667648K)->590402K(667648K)
[400.791s][info][gc,metaspace   ] GC(1444) Metaspace: 18839K(19008K)->18839K(19008K) NonClass: 17010K(17152K)->17010K(17152K) Class: 1829K(1856K)->1829K(1856K)
[400.791s][info][gc             ] GC(1444) Pause Young (Allocation Failure) 695M->589M(869M) 19.157ms
[400.791s][info][gc,cpu         ] GC(1444) User=0.03s Sys=0.00s Real=0.02s
[400.874s][info][gc,start       ] GC(1445) Pause Young (Allocation Failure)
[400.894s][info][gc,heap        ] GC(1445) PSYoungGen: 125088K(222720K)->17088K(222720K) Eden: 111616K(111616K)->0K(111616K) From: 13472K(111104K)->17088K(111104K)
[400.894s][info][gc,heap        ] GC(1445) ParOldGen: 590402K(667648K)->590402K(667648K)
[400.894s][info][gc,metaspace   ] GC(1445) Metaspace: 18839K(19008K)->18839K(19008K) NonClass: 17010K(17152K)->17010K(17152K) Class: 1829K(1856K)->1829K(1856K)
[400.894s][info][gc             ] GC(1445) Pause Young (Allocation Failure) 698M->593M(869M) 19.762ms
[400.894s][info][gc,cpu         ] GC(1445) User=0.04s Sys=0.00s Real=0.02s
[400.954s][info][gc,start       ] GC(1446) Pause Young (Allocation Failure)
[400.980s][info][gc,heap        ] GC(1446) PSYoungGen: 128704K(222720K)->18976K(222720K) Eden: 111616K(111616K)->0K(111616K) From: 17088K(111104K)->18976K(111104K)
[400.980s][info][gc,heap        ] GC(1446) ParOldGen: 590402K(667648K)->595570K(667648K)
[400.980s][info][gc,metaspace   ] GC(1446) Metaspace: 18839K(19008K)->18839K(19008K) NonClass: 17010K(17152K)->17010K(17152K) Class: 1829K(1856K)->1829K(1856K)
[400.980s][info][gc             ] GC(1446) Pause Young (Allocation Failure) 702M->600M(869M) 25.846ms
[400.980s][info][gc,cpu         ] GC(1446) User=0.05s Sys=0.00s Real=0.02s
[401.132s][info][gc,start       ] GC(1447) Pause Young (Allocation Failure)
[401.154s][info][gc,heap        ] GC(1447) PSYoungGen: 130592K(222720K)->14176K(222720K) Eden: 111616K(111616K)->0K(111616K) From: 18976K(111104K)->14176K(111104K)
[401.154s][info][gc,heap        ] GC(1447) ParOldGen: 595570K(667648K)->600378K(667648K)
[401.154s][info][gc,metaspace   ] GC(1447) Metaspace: 18839K(19008K)->18839K(19008K) NonClass: 17010K(17152K)->17010K(17152K) Class: 1829K(1856K)->1829K(1856K)
[401.154s][info][gc             ] GC(1447) Pause Young (Allocation Failure) 709M->600M(869M) 22.117ms
[401.154s][info][gc,cpu         ] GC(1447) User=0.04s Sys=0.00s Real=0.03s
[401.357s][info][gc,start       ] GC(1448) Pause Young (Allocation Failure)
[401.390s][info][gc,heap        ] GC(1448) PSYoungGen: 125792K(222720K)->23840K(222720K) Eden: 111616K(111616K)->0K(111616K) From: 14176K(111104K)->23840K(111104K)
[401.390s][info][gc,heap        ] GC(1448) ParOldGen: 600378K(667648K)->607559K(667648K)
[401.390s][info][gc,metaspace   ] GC(1448) Metaspace: 18839K(19008K)->18839K(19008K) NonClass: 17010K(17152K)->17010K(17152K) Class: 1829K(1856K)->1829K(1856K)
[401.390s][info][gc             ] GC(1448) Pause Young (Allocation Failure) 709M->616M(869M) 32.532ms
[401.390s][info][gc,cpu         ] GC(1448) User=0.06s Sys=0.00s Real=0.03s
[401.648s][info][gc,start       ] GC(1449) Pause Young (Allocation Failure)
[401.679s][info][gc,heap        ] GC(1449) PSYoungGen: 135456K(222720K)->23712K(222720K) Eden: 111616K(111616K)->0K(111616K) From: 23840K(111104K)->23712K(111104K)
[401.679s][info][gc,heap        ] GC(1449) ParOldGen: 607559K(667648K)->614583K(667648K)
[401.679s][info][gc,metaspace   ] GC(1449) Metaspace: 18839K(19008K)->18839K(19008K) NonClass: 17010K(17152K)->17010K(17152K) Class: 1829K(1856K)->1829K(1856K)
[401.679s][info][gc             ] GC(1449) Pause Young (Allocation Failure) 725M->623M(869M) 30.953ms
[401.679s][info][gc,cpu         ] GC(1449) User=0.06s Sys=0.00s Real=0.03s
[401.828s][info][gc,start       ] GC(1450) Pause Young (Allocation Failure)
[401.857s][info][gc,heap        ] GC(1450) PSYoungGen: 135328K(222720K)->3552K(222720K) Eden: 111616K(111616K)->0K(111616K) From: 23712K(111104K)->3552K(111104K)
[401.857s][info][gc,heap        ] GC(1450) ParOldGen: 614583K(667648K)->638318K(667648K)
[401.857s][info][gc,metaspace   ] GC(1450) Metaspace: 18839K(19008K)->18839K(19008K) NonClass: 17010K(17152K)->17010K(17152K) Class: 1829K(1856K)->1829K(1856K)
[401.857s][info][gc             ] GC(1450) Pause Young (Allocation Failure) 732M->626M(869M) 29.109ms
[401.857s][info][gc,cpu         ] GC(1450) User=0.06s Sys=0.00s Real=0.03s
[402.187s][info][gc,start       ] GC(1451) Pause Full (Allocation Failure)
[402.187s][info][gc,phases,start] GC(1451) Marking Phase
[402.629s][info][gc,phases      ] GC(1451) Marking Phase 442.017ms
[402.629s][info][gc,phases,start] GC(1451) Summary Phase
[402.629s][info][gc,phases      ] GC(1451) Summary Phase 0.027ms
[402.629s][info][gc,phases,start] GC(1451) Forward
[402.641s][info][gc,phases      ] GC(1451) Forward 11.640ms
[402.641s][info][gc,phases,start] GC(1451) Adjust Pointers
[402.946s][info][gc,phases      ] GC(1451) Adjust Pointers 305.222ms
[402.946s][info][gc,phases,start] GC(1451) Compaction Phase
[403.070s][info][gc,phases      ] GC(1451) Compaction Phase 123.853ms
[403.070s][info][gc,phases,start] GC(1451) Post Compact
[403.072s][info][gc,phases      ] GC(1451) Post Compact 2.249ms
[403.072s][info][gc,heap        ] GC(1451) PSYoungGen: 115168K(222720K)->0K(222720K) Eden: 111616K(111616K)->0K(111616K) From: 3552K(111104K)->0K(111104K)
[403.072s][info][gc,heap        ] GC(1451) ParOldGen: 638318K(667648K)->641700K(667648K)
[403.072s][info][gc,metaspace   ] GC(1451) Metaspace: 18839K(19008K)->18839K(19008K) NonClass: 17010K(17152K)->17010K(17152K) Class: 1829K(1856K)->1829K(1856K)
[403.072s][info][gc             ] GC(1451) Pause Full (Allocation Failure) 735M->626M(869M) 885.474ms
[403.072s][info][gc,cpu         ] GC(1451) User=1.74s Sys=0.00s Real=0.88s
[403.269s][info][gc,start       ] GC(1452) Pause Full (Allocation Failure)
[403.269s][info][gc,phases,start] GC(1452) Marking Phase
[403.740s][info][gc,phases      ] GC(1452) Marking Phase 470.961ms
[403.740s][info][gc,phases,start] GC(1452) Summary Phase
[403.740s][info][gc,phases      ] GC(1452) Summary Phase 0.026ms
[403.740s][info][gc,phases,start] GC(1452) Forward
[403.760s][info][gc,phases      ] GC(1452) Forward 19.927ms
[403.760s][info][gc,phases,start] GC(1452) Adjust Pointers
[404.078s][info][gc,phases      ] GC(1452) Adjust Pointers 318.114ms
[404.078s][info][gc,phases,start] GC(1452) Compaction Phase
[404.213s][info][gc,phases      ] GC(1452) Compaction Phase 134.794ms
[404.213s][info][gc,phases,start] GC(1452) Post Compact
[404.215s][info][gc,phases      ] GC(1452) Post Compact 2.247ms
[404.215s][info][gc,heap        ] GC(1452) PSYoungGen: 111616K(222720K)->8264K(222720K) Eden: 111616K(111616K)->8264K(111616K) From: 0K(111104K)->0K(111104K)
[404.215s][info][gc,heap        ] GC(1452) ParOldGen: 641700K(667648K)->667474K(667648K)
[404.215s][info][gc,metaspace   ] GC(1452) Metaspace: 18839K(19008K)->18839K(19008K) NonClass: 17010K(17152K)->17010K(17152K) Class: 1829K(1856K)->1829K(1856K)
[404.215s][info][gc             ] GC(1452) Pause Full (Allocation Failure) 735M->659M(869M) 946.570ms
[404.215s][info][gc,cpu         ] GC(1452) User=1.85s Sys=0.01s Real=0.95s
[404.282s][info][gc,start       ] GC(1453) Pause Full (Allocation Failure)
[404.282s][info][gc,phases,start] GC(1453) Marking Phase
[404.765s][info][gc,phases      ] GC(1453) Marking Phase 483.593ms
[404.765s][info][gc,phases,start] GC(1453) Summary Phase
[404.765s][info][gc,phases      ] GC(1453) Summary Phase 0.026ms
[404.765s][info][gc,phases,start] GC(1453) Forward
[404.895s][info][gc,phases      ] GC(1453) Forward 129.450ms
[404.895s][info][gc,phases,start] GC(1453) Adjust Pointers
[405.271s][info][gc,phases      ] GC(1453) Adjust Pointers 376.427ms
[405.271s][info][gc,phases,start] GC(1453) Compaction Phase
[405.459s][info][gc,phases      ] GC(1453) Compaction Phase 187.699ms
[405.473s][info][gc,phases,start] GC(1453) Post Compact
[405.475s][info][gc,phases      ] GC(1453) Post Compact 2.330ms
[405.475s][info][gc,heap        ] GC(1453) PSYoungGen: 111616K(222720K)->17281K(222720K) Eden: 111616K(111616K)->17281K(111616K) From: 0K(111104K)->0K(111104K)
[405.475s][info][gc,heap        ] GC(1453) ParOldGen: 667474K(667648K)->667494K(667648K)
[405.475s][info][gc,metaspace   ] GC(1453) Metaspace: 18839K(19008K)->18839K(19008K) NonClass: 17010K(17152K)->17010K(17152K) Class: 1829K(1856K)->1829K(1856K)
[405.475s][info][gc             ] GC(1453) Pause Full (Allocation Failure) 760M->668M(869M) 1193.504ms
[405.475s][info][gc,cpu         ] GC(1453) User=2.32s Sys=0.00s Real=1.20s
[405.612s][info][gc,start       ] GC(1454) Pause Full (Allocation Failure)
[405.612s][info][gc,phases,start] GC(1454) Marking Phase
[406.104s][info][gc,phases      ] GC(1454) Marking Phase 491.372ms
[406.104s][info][gc,phases,start] GC(1454) Summary Phase
[406.104s][info][gc,phases      ] GC(1454) Summary Phase 0.028ms
[406.104s][info][gc,phases,start] GC(1454) Forward
[406.227s][info][gc,phases      ] GC(1454) Forward 123.460ms
[406.227s][info][gc,phases,start] GC(1454) Adjust Pointers
[406.609s][info][gc,phases      ] GC(1454) Adjust Pointers 381.715ms
[406.609s][info][gc,phases,start] GC(1454) Compaction Phase
[406.777s][info][gc,phases      ] GC(1454) Compaction Phase 167.341ms
[406.793s][info][gc,phases,start] GC(1454) Post Compact
[406.796s][info][gc,phases      ] GC(1454) Post Compact 2.398ms
[406.796s][info][gc,heap        ] GC(1454) PSYoungGen: 111616K(222720K)->23047K(222720K) Eden: 111616K(111616K)->23047K(111616K) From: 0K(111104K)->0K(111104K)
[406.796s][info][gc,heap        ] GC(1454) ParOldGen: 667494K(667648K)->667491K(667648K)
[406.796s][info][gc,metaspace   ] GC(1454) Metaspace: 18839K(19008K)->18839K(19008K) NonClass: 17010K(17152K)->17010K(17152K) Class: 1829K(1856K)->1829K(1856K)
[406.796s][info][gc             ] GC(1454) Pause Full (Allocation Failure) 760M->674M(869M) 1183.449ms
[406.796s][info][gc,cpu         ] GC(1454) User=2.31s Sys=0.01s Real=1.19s
[406.911s][info][gc,start       ] GC(1455) Pause Full (Allocation Failure)
[406.911s][info][gc,phases,start] GC(1455) Marking Phase
[407.400s][info][gc,phases      ] GC(1455) Marking Phase 489.479ms
[407.400s][info][gc,phases,start] GC(1455) Summary Phase
[407.400s][info][gc,phases      ] GC(1455) Summary Phase 0.028ms
[407.400s][info][gc,phases,start] GC(1455) Forward
[407.521s][info][gc,phases      ] GC(1455) Forward 120.850ms
[407.521s][info][gc,phases,start] GC(1455) Adjust Pointers
[407.901s][info][gc,phases      ] GC(1455) Adjust Pointers 379.639ms
[407.901s][info][gc,phases,start] GC(1455) Compaction Phase
[408.063s][info][gc,phases      ] GC(1455) Compaction Phase 161.506ms
[408.079s][info][gc,phases,start] GC(1455) Post Compact
[408.082s][info][gc,phases      ] GC(1455) Post Compact 2.320ms
[408.082s][info][gc,heap        ] GC(1455) PSYoungGen: 111616K(222720K)->23255K(222720K) Eden: 111616K(111616K)->23255K(111616K) From: 0K(111104K)->0K(111104K)
[408.082s][info][gc,heap        ] GC(1455) ParOldGen: 667491K(667648K)->667488K(667648K)
[408.082s][info][gc,metaspace   ] GC(1455) Metaspace: 18839K(19008K)->18839K(19008K) NonClass: 17010K(17152K)->17010K(17152K) Class: 1829K(1856K)->1829K(1856K)
[408.082s][info][gc             ] GC(1455) Pause Full (Allocation Failure) 760M->674M(869M) 1170.790ms
[408.082s][info][gc,cpu         ] GC(1455) User=2.29s Sys=0.00s Real=1.17s
[408.209s][info][gc,start       ] GC(1456) Pause Full (Allocation Failure)
[408.209s][info][gc,phases,start] GC(1456) Marking Phase
[408.700s][info][gc,phases      ] GC(1456) Marking Phase 490.728ms
[408.700s][info][gc,phases,start] GC(1456) Summary Phase
[408.700s][info][gc,phases      ] GC(1456) Summary Phase 0.024ms
[408.700s][info][gc,phases,start] GC(1456) Forward
[408.719s][info][gc,phases      ] GC(1456) Forward 19.573ms
[408.719s][info][gc,phases,start] GC(1456) Adjust Pointers
[409.054s][info][gc,phases      ] GC(1456) Adjust Pointers 335.006ms
[409.054s][info][gc,phases,start] GC(1456) Compaction Phase
[409.190s][info][gc,phases      ] GC(1456) Compaction Phase 135.917ms
[409.191s][info][gc,phases,start] GC(1456) Post Compact
[409.193s][info][gc,phases      ] GC(1456) Post Compact 2.371ms
[409.193s][info][gc,heap        ] GC(1456) PSYoungGen: 111616K(222720K)->23504K(222720K) Eden: 111616K(111616K)->23504K(111616K) From: 0K(111104K)->0K(111104K)
[409.193s][info][gc,heap        ] GC(1456) ParOldGen: 667488K(667648K)->667439K(667648K)
[409.193s][info][gc,metaspace   ] GC(1456) Metaspace: 18839K(19008K)->18839K(19008K) NonClass: 17010K(17152K)->17010K(17152K) Class: 1829K(1856K)->1829K(1856K)
[409.193s][info][gc             ] GC(1456) Pause Full (Allocation Failure) 760M->674M(869M) 984.104ms
[409.193s][info][gc,cpu         ] GC(1456) User=1.92s Sys=0.00s Real=0.98s
[409.325s][info][gc,start       ] GC(1457) Pause Full (Allocation Failure)
[409.325s][info][gc,phases,start] GC(1457) Marking Phase
[409.821s][info][gc,phases      ] GC(1457) Marking Phase 496.076ms
[409.821s][info][gc,phases,start] GC(1457) Summary Phase
[409.821s][info][gc,phases      ] GC(1457) Summary Phase 0.027ms
[409.821s][info][gc,phases,start] GC(1457) Forward
[409.868s][info][gc,phases      ] GC(1457) Forward 47.171ms
[409.868s][info][gc,phases,start] GC(1457) Adjust Pointers
[410.207s][info][gc,phases      ] GC(1457) Adjust Pointers 338.773ms
[410.207s][info][gc,phases,start] GC(1457) Compaction Phase
[410.351s][info][gc,phases      ] GC(1457) Compaction Phase 144.103ms
[410.352s][info][gc,phases,start] GC(1457) Post Compact
[410.354s][info][gc,phases      ] GC(1457) Post Compact 2.311ms
[410.354s][info][gc,heap        ] GC(1457) PSYoungGen: 111616K(222720K)->23828K(222720K) Eden: 111616K(111616K)->23828K(111616K) From: 0K(111104K)->0K(111104K)
[410.354s][info][gc,heap        ] GC(1457) ParOldGen: 667439K(667648K)->667439K(667648K)
[410.354s][info][gc,metaspace   ] GC(1457) Metaspace: 18839K(19008K)->18839K(19008K) NonClass: 17010K(17152K)->17010K(17152K) Class: 1829K(1856K)->1829K(1856K)
[410.354s][info][gc             ] GC(1457) Pause Full (Allocation Failure) 760M->675M(869M) 1028.934ms
[410.354s][info][gc,cpu         ] GC(1457) User=2.01s Sys=0.01s Real=1.03s
[410.480s][info][gc,start       ] GC(1458) Pause Full (Allocation Failure)
[410.480s][info][gc,phases,start] GC(1458) Marking Phase
[410.973s][info][gc,phases      ] GC(1458) Marking Phase 493.289ms
[410.973s][info][gc,phases,start] GC(1458) Summary Phase
[410.973s][info][gc,phases      ] GC(1458) Summary Phase 0.026ms
[410.973s][info][gc,phases,start] GC(1458) Forward
[411.060s][info][gc,phases      ] GC(1458) Forward 87.156ms
[411.060s][info][gc,phases,start] GC(1458) Adjust Pointers
[411.424s][info][gc,phases      ] GC(1458) Adjust Pointers 363.714ms
[411.424s][info][gc,phases,start] GC(1458) Compaction Phase
[411.580s][info][gc,phases      ] GC(1458) Compaction Phase 155.472ms
[411.593s][info][gc,phases,start] GC(1458) Post Compact
[411.595s][info][gc,phases      ] GC(1458) Post Compact 2.336ms
[411.596s][info][gc,heap        ] GC(1458) PSYoungGen: 111616K(222720K)->24077K(222720K) Eden: 111616K(111616K)->24077K(111616K) From: 0K(111104K)->0K(111104K)
[411.596s][info][gc,heap        ] GC(1458) ParOldGen: 667439K(667648K)->667439K(667648K)
[411.596s][info][gc,metaspace   ] GC(1458) Metaspace: 18839K(19008K)->18839K(19008K) NonClass: 17010K(17152K)->17010K(17152K) Class: 1829K(1856K)->1829K(1856K)
[411.596s][info][gc             ] GC(1458) Pause Full (Allocation Failure) 760M->675M(869M) 1115.797ms
[411.596s][info][gc,cpu         ] GC(1458) User=2.18s Sys=0.00s Real=1.12s
[411.725s][info][gc,start       ] GC(1459) Pause Full (Allocation Failure)
[411.725s][info][gc,phases,start] GC(1459) Marking Phase
[412.222s][info][gc,phases      ] GC(1459) Marking Phase 497.229ms
[412.222s][info][gc,phases,start] GC(1459) Summary Phase
[412.222s][info][gc,phases      ] GC(1459) Summary Phase 0.025ms
[412.222s][info][gc,phases,start] GC(1459) Forward
[412.231s][info][gc,phases      ] GC(1459) Forward 8.639ms
[412.231s][info][gc,phases,start] GC(1459) Adjust Pointers
[412.565s][info][gc,phases      ] GC(1459) Adjust Pointers 333.856ms
[412.565s][info][gc,phases,start] GC(1459) Compaction Phase
[412.699s][info][gc,phases      ] GC(1459) Compaction Phase 133.657ms
[412.699s][info][gc,phases,start] GC(1459) Post Compact
[412.701s][info][gc,phases      ] GC(1459) Post Compact 2.300ms
[412.701s][info][gc,heap        ] GC(1459) PSYoungGen: 111616K(222720K)->24332K(222720K) Eden: 111616K(111616K)->24332K(111616K) From: 0K(111104K)->0K(111104K)
[412.701s][info][gc,heap        ] GC(1459) ParOldGen: 667439K(667648K)->667439K(667648K)
[412.701s][info][gc,metaspace   ] GC(1459) Metaspace: 18839K(19008K)->18839K(19008K) NonClass: 17010K(17152K)->17010K(17152K) Class: 1829K(1856K)->1829K(1856K)
[412.701s][info][gc             ] GC(1459) Pause Full (Allocation Failure) 760M->675M(869M) 976.152ms
[412.701s][info][gc,cpu         ] GC(1459) User=1.91s Sys=0.00s Real=0.97s
[412.771s][info][gc,start       ] GC(1460) Pause Full (Allocation Failure)
[412.772s][info][gc,phases,start] GC(1460) Marking Phase
[413.272s][info][gc,phases      ] GC(1460) Marking Phase 500.447ms
[413.272s][info][gc,phases,start] GC(1460) Summary Phase
[413.272s][info][gc,phases      ] GC(1460) Summary Phase 0.025ms
[413.272s][info][gc,phases,start] GC(1460) Forward
[413.282s][info][gc,phases      ] GC(1460) Forward 9.465ms
[413.282s][info][gc,phases,start] GC(1460) Adjust Pointers
[413.615s][info][gc,phases      ] GC(1460) Adjust Pointers 333.718ms
[413.615s][info][gc,phases,start] GC(1460) Compaction Phase
[413.749s][info][gc,phases      ] GC(1460) Compaction Phase 133.686ms
[413.749s][info][gc,phases,start] GC(1460) Post Compact
[413.751s][info][gc,phases      ] GC(1460) Post Compact 2.278ms
[413.752s][info][gc,heap        ] GC(1460) PSYoungGen: 111616K(222720K)->25438K(222720K) Eden: 111616K(111616K)->25438K(111616K) From: 0K(111104K)->0K(111104K)
[413.752s][info][gc,heap        ] GC(1460) ParOldGen: 667439K(667648K)->667439K(667648K)
[413.752s][info][gc,metaspace   ] GC(1460) Metaspace: 18840K(19008K)->18840K(19008K) NonClass: 17010K(17152K)->17010K(17152K) Class: 1829K(1856K)->1829K(1856K)
[413.752s][info][gc             ] GC(1460) Pause Full (Allocation Failure) 760M->676M(869M) 980.086ms
[413.752s][info][gc,cpu         ] GC(1460) User=1.92s Sys=0.00s Real=0.98s
[413.824s][info][gc,start       ] GC(1461) Pause Full (Allocation Failure)
[413.824s][info][gc,phases,start] GC(1461) Marking Phase
[414.320s][info][gc,phases      ] GC(1461) Marking Phase 495.507ms
[414.320s][info][gc,phases,start] GC(1461) Summary Phase
[414.320s][info][gc,phases      ] GC(1461) Summary Phase 0.025ms
[414.320s][info][gc,phases,start] GC(1461) Forward
[414.329s][info][gc,phases      ] GC(1461) Forward 9.297ms
[414.329s][info][gc,phases,start] GC(1461) Adjust Pointers
[414.662s][info][gc,phases      ] GC(1461) Adjust Pointers 332.695ms
[414.662s][info][gc,phases,start] GC(1461) Compaction Phase
[414.795s][info][gc,phases      ] GC(1461) Compaction Phase 132.768ms
[414.795s][info][gc,phases,start] GC(1461) Post Compact
[414.797s][info][gc,phases      ] GC(1461) Post Compact 2.345ms
[414.797s][info][gc,heap        ] GC(1461) PSYoungGen: 111616K(222720K)->26096K(222720K) Eden: 111616K(111616K)->26096K(111616K) From: 0K(111104K)->0K(111104K)
[414.797s][info][gc,heap        ] GC(1461) ParOldGen: 667439K(667648K)->667439K(667648K)
[414.797s][info][gc,metaspace   ] GC(1461) Metaspace: 18840K(19008K)->18840K(19008K) NonClass: 17010K(17152K)->17010K(17152K) Class: 1829K(1856K)->1829K(1856K)
[414.797s][info][gc             ] GC(1461) Pause Full (Allocation Failure) 760M->677M(869M) 973.085ms
[414.797s][info][gc,cpu         ] GC(1461) User=1.90s Sys=0.00s Real=0.97s
[414.865s][info][gc,start       ] GC(1462) Pause Full (Allocation Failure)
[414.865s][info][gc,phases,start] GC(1462) Marking Phase
[415.362s][info][gc,phases      ] GC(1462) Marking Phase 497.475ms
[415.362s][info][gc,phases,start] GC(1462) Summary Phase
[415.362s][info][gc,phases      ] GC(1462) Summary Phase 0.024ms
[415.362s][info][gc,phases,start] GC(1462) Forward
[415.372s][info][gc,phases      ] GC(1462) Forward 9.479ms
[415.372s][info][gc,phases,start] GC(1462) Adjust Pointers
[415.712s][info][gc,phases      ] GC(1462) Adjust Pointers 339.811ms
[415.712s][info][gc,phases,start] GC(1462) Compaction Phase
[415.846s][info][gc,phases      ] GC(1462) Compaction Phase 134.718ms
[415.847s][info][gc,phases,start] GC(1462) Post Compact
[415.849s][info][gc,phases      ] GC(1462) Post Compact 2.294ms
[415.849s][info][gc,heap        ] GC(1462) PSYoungGen: 111616K(222720K)->26912K(222720K) Eden: 111616K(111616K)->26912K(111616K) From: 0K(111104K)->0K(111104K)
[415.849s][info][gc,heap        ] GC(1462) ParOldGen: 667439K(667648K)->667439K(667648K)
[415.849s][info][gc,metaspace   ] GC(1462) Metaspace: 18840K(19008K)->18840K(19008K) NonClass: 17010K(17152K)->17010K(17152K) Class: 1829K(1856K)->1829K(1856K)
[415.849s][info][gc             ] GC(1462) Pause Full (Allocation Failure) 760M->678M(869M) 984.244ms
[415.849s][info][gc,cpu         ] GC(1462) User=1.92s Sys=0.00s Real=0.98s
[416.024s][info][gc,start       ] GC(1463) Pause Full (Allocation Failure)
[416.025s][info][gc,phases,start] GC(1463) Marking Phase
[416.533s][info][gc,phases      ] GC(1463) Marking Phase 508.038ms
[416.533s][info][gc,phases,start] GC(1463) Summary Phase
[416.533s][info][gc,phases      ] GC(1463) Summary Phase 0.028ms
[416.533s][info][gc,phases,start] GC(1463) Forward
[416.658s][info][gc,phases      ] GC(1463) Forward 124.999ms
[416.658s][info][gc,phases,start] GC(1463) Adjust Pointers
[417.047s][info][gc,phases      ] GC(1463) Adjust Pointers 389.468ms
[417.047s][info][gc,phases,start] GC(1463) Compaction Phase
[417.237s][info][gc,phases      ] GC(1463) Compaction Phase 190.051ms
[417.254s][info][gc,phases,start] GC(1463) Post Compact
[417.257s][info][gc,phases      ] GC(1463) Post Compact 2.346ms
[417.257s][info][gc,heap        ] GC(1463) PSYoungGen: 111616K(222720K)->39764K(222720K) Eden: 111616K(111616K)->39764K(111616K) From: 0K(111104K)->0K(111104K)
[417.257s][info][gc,heap        ] GC(1463) ParOldGen: 667439K(667648K)->667358K(667648K)
[417.257s][info][gc,metaspace   ] GC(1463) Metaspace: 18843K(19008K)->18843K(19008K) NonClass: 17013K(17152K)->17013K(17152K) Class: 1829K(1856K)->1829K(1856K)
[417.257s][info][gc             ] GC(1463) Pause Full (Allocation Failure) 760M->690M(869M) 1232.325ms
[417.257s][info][gc,cpu         ] GC(1463) User=2.40s Sys=0.01s Real=1.23s
[417.366s][info][gc,start       ] GC(1464) Pause Full (Allocation Failure)
[417.366s][info][gc,phases,start] GC(1464) Marking Phase
[417.891s][info][gc,phases      ] GC(1464) Marking Phase 525.756ms
[417.891s][info][gc,phases,start] GC(1464) Summary Phase
[417.891s][info][gc,phases      ] GC(1464) Summary Phase 0.024ms
[417.891s][info][gc,phases,start] GC(1464) Forward
[417.907s][info][gc,phases      ] GC(1464) Forward 15.895ms
[417.907s][info][gc,phases,start] GC(1464) Adjust Pointers
[418.262s][info][gc,phases      ] GC(1464) Adjust Pointers 354.747ms
[418.262s][info][gc,phases,start] GC(1464) Compaction Phase
[418.399s][info][gc,phases      ] GC(1464) Compaction Phase 136.910ms
[418.399s][info][gc,phases,start] GC(1464) Post Compact
[418.402s][info][gc,phases      ] GC(1464) Post Compact 2.299ms
[418.402s][info][gc,heap        ] GC(1464) PSYoungGen: 111616K(222720K)->43960K(222720K) Eden: 111616K(111616K)->43960K(111616K) From: 0K(111104K)->0K(111104K)
[418.402s][info][gc,heap        ] GC(1464) ParOldGen: 667358K(667648K)->667358K(667648K)
[418.402s][info][gc,metaspace   ] GC(1464) Metaspace: 18843K(19008K)->18843K(19008K) NonClass: 17013K(17152K)->17013K(17152K) Class: 1829K(1856K)->1829K(1856K)
[418.402s][info][gc             ] GC(1464) Pause Full (Allocation Failure) 760M->694M(869M) 1036.106ms
[418.402s][info][gc,cpu         ] GC(1464) User=2.02s Sys=0.00s Real=1.03s
[418.491s][info][gc,start       ] GC(1465) Pause Full (Allocation Failure)
[418.491s][info][gc,phases,start] GC(1465) Marking Phase
[419.023s][info][gc,phases      ] GC(1465) Marking Phase 531.456ms
[419.023s][info][gc,phases,start] GC(1465) Summary Phase
[419.023s][info][gc,phases      ] GC(1465) Summary Phase 0.024ms
[419.023s][info][gc,phases,start] GC(1465) Forward
[419.039s][info][gc,phases      ] GC(1465) Forward 15.573ms
[419.039s][info][gc,phases,start] GC(1465) Adjust Pointers
[419.391s][info][gc,phases      ] GC(1465) Adjust Pointers 352.547ms
[419.391s][info][gc,phases,start] GC(1465) Compaction Phase
[419.533s][info][gc,phases      ] GC(1465) Compaction Phase 141.592ms
[419.533s][info][gc,phases,start] GC(1465) Post Compact
[419.535s][info][gc,phases      ] GC(1465) Post Compact 2.292ms
[419.535s][info][gc,heap        ] GC(1465) PSYoungGen: 111616K(222720K)->50292K(222720K) Eden: 111616K(111616K)->50292K(111616K) From: 0K(111104K)->0K(111104K)
[419.535s][info][gc,heap        ] GC(1465) ParOldGen: 667358K(667648K)->667358K(667648K)
[419.535s][info][gc,metaspace   ] GC(1465) Metaspace: 18843K(19008K)->18843K(19008K) NonClass: 17013K(17152K)->17013K(17152K) Class: 1829K(1856K)->1829K(1856K)
[419.535s][info][gc             ] GC(1465) Pause Full (Allocation Failure) 760M->700M(869M) 1043.948ms
[419.535s][info][gc,cpu         ] GC(1465) User=2.03s Sys=0.00s Real=1.05s
[419.610s][info][gc,start       ] GC(1466) Pause Full (Allocation Failure)
[419.610s][info][gc,phases,start] GC(1466) Marking Phase
[420.138s][info][gc,phases      ] GC(1466) Marking Phase 528.620ms
[420.138s][info][gc,phases,start] GC(1466) Summary Phase
[420.138s][info][gc,phases      ] GC(1466) Summary Phase 0.024ms
[420.138s][info][gc,phases,start] GC(1466) Forward
[420.158s][info][gc,phases      ] GC(1466) Forward 19.582ms
[420.158s][info][gc,phases,start] GC(1466) Adjust Pointers
[420.516s][info][gc,phases      ] GC(1466) Adjust Pointers 357.883ms
[420.516s][info][gc,phases,start] GC(1466) Compaction Phase
[420.661s][info][gc,phases      ] GC(1466) Compaction Phase 144.637ms
[420.661s][info][gc,phases,start] GC(1466) Post Compact
[420.663s][info][gc,phases      ] GC(1466) Post Compact 2.290ms
[420.663s][info][gc,heap        ] GC(1466) PSYoungGen: 111616K(222720K)->57472K(222720K) Eden: 111616K(111616K)->57472K(111616K) From: 0K(111104K)->0K(111104K)
[420.663s][info][gc,heap        ] GC(1466) ParOldGen: 667358K(667648K)->667358K(667648K)
[420.663s][info][gc,metaspace   ] GC(1466) Metaspace: 18843K(19008K)->18843K(19008K) NonClass: 17013K(17152K)->17013K(17152K) Class: 1829K(1856K)->1829K(1856K)
[420.663s][info][gc             ] GC(1466) Pause Full (Allocation Failure) 760M->707M(869M) 1053.488ms
[420.663s][info][gc,cpu         ] GC(1466) User=2.05s Sys=0.01s Real=1.05s
[420.717s][info][gc,start       ] GC(1467) Pause Full (Allocation Failure)
[420.717s][info][gc,phases,start] GC(1467) Marking Phase
[421.254s][info][gc,phases      ] GC(1467) Marking Phase 537.506ms
[421.254s][info][gc,phases,start] GC(1467) Summary Phase
[421.254s][info][gc,phases      ] GC(1467) Summary Phase 0.026ms
[421.254s][info][gc,phases,start] GC(1467) Forward
[421.276s][info][gc,phases      ] GC(1467) Forward 21.249ms
[421.276s][info][gc,phases,start] GC(1467) Adjust Pointers
[421.640s][info][gc,phases      ] GC(1467) Adjust Pointers 364.841ms
[421.641s][info][gc,phases,start] GC(1467) Compaction Phase
[421.784s][info][gc,phases      ] GC(1467) Compaction Phase 143.567ms
[421.784s][info][gc,phases,start] GC(1467) Post Compact
[421.787s][info][gc,phases      ] GC(1467) Post Compact 2.332ms
[421.787s][info][gc,heap        ] GC(1467) PSYoungGen: 111616K(222720K)->68951K(222720K) Eden: 111616K(111616K)->68951K(111616K) From: 0K(111104K)->0K(111104K)
[421.787s][info][gc,heap        ] GC(1467) ParOldGen: 667358K(667648K)->667358K(667648K)
[421.787s][info][gc,metaspace   ] GC(1467) Metaspace: 18843K(19008K)->18843K(19008K) NonClass: 17013K(17152K)->17013K(17152K) Class: 1829K(1856K)->1829K(1856K)
[421.787s][info][gc             ] GC(1467) Pause Full (Allocation Failure) 760M->719M(869M) 1069.967ms
[421.787s][info][gc,cpu         ] GC(1467) User=2.09s Sys=0.00s Real=1.07s
[421.839s][info][gc,start       ] GC(1468) Pause Full (Allocation Failure)
[421.839s][info][gc,phases,start] GC(1468) Marking Phase
[422.261s][info][gc,phases      ] GC(1468) Marking Phase 422.029ms
[422.261s][info][gc,phases,start] GC(1468) Summary Phase
[422.261s][info][gc,phases      ] GC(1468) Summary Phase 0.029ms
[422.261s][info][gc,phases,start] GC(1468) Forward
[422.380s][info][gc,phases      ] GC(1468) Forward 118.992ms
[422.380s][info][gc,phases,start] GC(1468) Adjust Pointers
[422.701s][info][gc,phases      ] GC(1468) Adjust Pointers 320.668ms
[422.701s][info][gc,phases,start] GC(1468) Compaction Phase
[422.861s][info][gc,phases      ] GC(1468) Compaction Phase 160.418ms
[422.874s][info][gc,phases,start] GC(1468) Post Compact
[422.876s][info][gc,phases      ] GC(1468) Post Compact 2.345ms
[422.876s][info][gc,heap        ] GC(1468) PSYoungGen: 111616K(222720K)->0K(222720K) Eden: 111616K(111616K)->0K(111616K) From: 0K(111104K)->0K(111104K)
[422.876s][info][gc,heap        ] GC(1468) ParOldGen: 667358K(667648K)->600056K(667648K)
[422.876s][info][gc,metaspace   ] GC(1468) Metaspace: 18843K(19008K)->18843K(19008K) NonClass: 17013K(17152K)->17013K(17152K) Class: 1829K(1856K)->1829K(1856K)
[422.876s][info][gc             ] GC(1468) Pause Full (Allocation Failure) 760M->585M(869M) 1037.251ms
[422.876s][info][gc,cpu         ] GC(1468) User=1.99s Sys=0.00s Real=1.04s
[422.990s][info][gc,start       ] GC(1469) Pause Young (Allocation Failure)
[423.001s][info][gc,heap        ] GC(1469) PSYoungGen: 111616K(222720K)->5536K(222720K) Eden: 111616K(111616K)->0K(111616K) From: 0K(111104K)->5536K(111104K)
[423.001s][info][gc,heap        ] GC(1469) ParOldGen: 600056K(667648K)->600056K(667648K)
[423.001s][info][gc,metaspace   ] GC(1469) Metaspace: 18843K(19008K)->18843K(19008K) NonClass: 17013K(17152K)->17013K(17152K) Class: 1829K(1856K)->1829K(1856K)
[423.001s][info][gc             ] GC(1469) Pause Young (Allocation Failure) 694M->591M(869M) 10.419ms
[423.001s][info][gc,cpu         ] GC(1469) User=0.02s Sys=0.00s Real=0.01s
[423.123s][info][gc,start       ] GC(1470) Pause Young (Allocation Failure)
[423.137s][info][gc,heap        ] GC(1470) PSYoungGen: 117152K(222720K)->2560K(220672K) Eden: 111616K(111616K)->0K(111616K) From: 5536K(111104K)->2560K(109056K)
[423.137s][info][gc,heap        ] GC(1470) ParOldGen: 600056K(667648K)->605600K(667648K)
[423.137s][info][gc,metaspace   ] GC(1470) Metaspace: 18843K(19008K)->18843K(19008K) NonClass: 17013K(17152K)->17013K(17152K) Class: 1829K(1856K)->1829K(1856K)
[423.137s][info][gc             ] GC(1470) Pause Young (Allocation Failure) 700M->593M(867M) 14.211ms
[423.137s][info][gc,cpu         ] GC(1470) User=0.02s Sys=0.00s Real=0.02s
[423.295s][info][gc,start       ] GC(1471) Pause Young (Allocation Failure)
[423.307s][info][gc,heap        ] GC(1471) PSYoungGen: 114176K(220672K)->5696K(117760K) Eden: 111616K(111616K)->0K(111616K) From: 2560K(109056K)->5696K(6144K)
[423.307s][info][gc,heap        ] GC(1471) ParOldGen: 605600K(667648K)->605600K(667648K)
[423.307s][info][gc,metaspace   ] GC(1471) Metaspace: 18845K(19008K)->18845K(19008K) NonClass: 17016K(17152K)->17016K(17152K) Class: 1829K(1856K)->1829K(1856K)
[423.307s][info][gc             ] GC(1471) Pause Young (Allocation Failure) 702M->596M(767M) 12.183ms
[423.307s][info][gc,cpu         ] GC(1471) User=0.02s Sys=0.00s Real=0.01s
[423.400s][info][gc,start       ] GC(1472) Pause Young (Allocation Failure)
[423.409s][info][gc,heap        ] GC(1472) PSYoungGen: 117312K(117760K)->5792K(210432K) Eden: 111616K(111616K)->0K(114176K) From: 5696K(6144K)->5792K(96256K)
[423.409s][info][gc,heap        ] GC(1472) ParOldGen: 605600K(667648K)->605600K(667648K)
[423.409s][info][gc,metaspace   ] GC(1472) Metaspace: 18845K(19008K)->18845K(19008K) NonClass: 17016K(17152K)->17016K(17152K) Class: 1829K(1856K)->1829K(1856K)
[423.409s][info][gc             ] GC(1472) Pause Young (Allocation Failure) 705M->597M(857M) 8.723ms
[423.409s][info][gc,cpu         ] GC(1472) User=0.02s Sys=0.01s Real=0.01s
[423.460s][info][gc,start       ] GC(1473) Pause Young (Allocation Failure)
[423.484s][info][gc,heap        ] GC(1473) PSYoungGen: 119968K(210432K)->22304K(136704K) Eden: 114176K(114176K)->0K(114176K) From: 5792K(96256K)->22304K(22528K)
[423.484s][info][gc,heap        ] GC(1473) ParOldGen: 605600K(667648K)->605600K(667648K)
[423.484s][info][gc,metaspace   ] GC(1473) Metaspace: 18845K(19008K)->18845K(19008K) NonClass: 17016K(17152K)->17016K(17152K) Class: 1829K(1856K)->1829K(1856K)
[423.484s][info][gc             ] GC(1473) Pause Young (Allocation Failure) 708M->613M(785M) 24.349ms
[423.484s][info][gc,cpu         ] GC(1473) User=0.05s Sys=0.00s Real=0.03s
[423.543s][info][gc,start       ] GC(1474) Pause Young (Allocation Failure)
[423.573s][info][gc,heap        ] GC(1474) PSYoungGen: 136480K(136704K)->28608K(203264K) Eden: 114176K(114176K)->0K(118784K) From: 22304K(22528K)->28608K(84480K)
[423.573s][info][gc,heap        ] GC(1474) ParOldGen: 605600K(667648K)->605600K(667648K)
[423.573s][info][gc,metaspace   ] GC(1474) Metaspace: 18845K(19008K)->18845K(19008K) NonClass: 17016K(17152K)->17016K(17152K) Class: 1829K(1856K)->1829K(1856K)
[423.573s][info][gc             ] GC(1474) Pause Young (Allocation Failure) 724M->619M(850M) 30.651ms
[423.573s][info][gc,cpu         ] GC(1474) User=0.06s Sys=0.00s Real=0.03s
[423.689s][info][gc,start       ] GC(1475) Pause Young (Allocation Failure)
[423.725s][info][gc,heap        ] GC(1475) PSYoungGen: 147392K(203264K)->33792K(207360K) Eden: 118784K(118784K)->0K(118784K) From: 28608K(84480K)->33792K(88576K)
[423.725s][info][gc,heap        ] GC(1475) ParOldGen: 605600K(667648K)->605600K(667648K)
[423.725s][info][gc,metaspace   ] GC(1475) Metaspace: 18845K(19008K)->18845K(19008K) NonClass: 17016K(17152K)->17016K(17152K) Class: 1829K(1856K)->1829K(1856K)
[423.725s][info][gc             ] GC(1475) Pause Young (Allocation Failure) 735M->624M(854M) 36.277ms
[423.725s][info][gc,cpu         ] GC(1475) User=0.07s Sys=0.00s Real=0.04s
[423.827s][info][gc,start       ] GC(1476) Pause Young (Allocation Failure)
[423.865s][info][gc,heap        ] GC(1476) PSYoungGen: 152576K(207360K)->36528K(207360K) Eden: 118784K(118784K)->0K(124416K) From: 33792K(88576K)->36528K(82944K)
[423.865s][info][gc,heap        ] GC(1476) ParOldGen: 605600K(667648K)->605600K(667648K)
[423.865s][info][gc,metaspace   ] GC(1476) Metaspace: 18845K(19008K)->18845K(19008K) NonClass: 17016K(17152K)->17016K(17152K) Class: 1829K(1856K)->1829K(1856K)
[423.865s][info][gc             ] GC(1476) Pause Young (Allocation Failure) 740M->627M(854M) 38.490ms
[423.865s][info][gc,cpu         ] GC(1476) User=0.08s Sys=0.00s Real=0.04s
[423.967s][info][gc,start       ] GC(1477) Pause Young (Allocation Failure)
[424.005s][info][gc,heap        ] GC(1477) PSYoungGen: 160944K(207360K)->36624K(208384K) Eden: 124416K(124416K)->0K(124416K) From: 36528K(82944K)->36624K(83968K)
[424.005s][info][gc,heap        ] GC(1477) ParOldGen: 605600K(667648K)->605600K(667648K)
[424.005s][info][gc,metaspace   ] GC(1477) Metaspace: 18846K(19008K)->18846K(19008K) NonClass: 17017K(17152K)->17017K(17152K) Class: 1829K(1856K)->1829K(1856K)
[424.005s][info][gc             ] GC(1477) Pause Young (Allocation Failure) 748M->627M(855M) 38.458ms
[424.005s][info][gc,cpu         ] GC(1477) User=0.07s Sys=0.00s Real=0.04s
[424.160s][info][gc,start       ] GC(1478) Pause Young (Allocation Failure)
[424.198s][info][gc,heap        ] GC(1478) PSYoungGen: 161040K(208384K)->36640K(208384K) Eden: 124416K(124416K)->0K(130560K) From: 36624K(83968K)->36640K(77824K)
[424.198s][info][gc,heap        ] GC(1478) ParOldGen: 605600K(667648K)->605600K(667648K)
[424.198s][info][gc,metaspace   ] GC(1478) Metaspace: 18846K(19008K)->18846K(19008K) NonClass: 17017K(17152K)->17017K(17152K) Class: 1829K(1856K)->1829K(1856K)
[424.198s][info][gc             ] GC(1478) Pause Young (Allocation Failure) 748M->627M(855M) 38.073ms
[424.198s][info][gc,cpu         ] GC(1478) User=0.08s Sys=0.00s Real=0.04s
[424.772s][info][gc,start       ] GC(1479) Pause Young (Allocation Failure)
[424.809s][info][gc,heap        ] GC(1479) PSYoungGen: 167200K(208384K)->37300K(210432K) Eden: 130560K(130560K)->0K(130560K) From: 36640K(77824K)->37300K(79872K)
[424.809s][info][gc,heap        ] GC(1479) ParOldGen: 605600K(667648K)->605600K(667648K)
[424.809s][info][gc,metaspace   ] GC(1479) Metaspace: 18846K(19008K)->18846K(19008K) NonClass: 17017K(17152K)->17017K(17152K) Class: 1829K(1856K)->1829K(1856K)
[424.809s][info][gc             ] GC(1479) Pause Young (Allocation Failure) 754M->627M(857M) 37.433ms
[424.809s][info][gc,cpu         ] GC(1479) User=0.07s Sys=0.00s Real=0.04s
[426.489s][info][gc,start       ] GC(1480) Pause Young (Allocation Failure)
[426.528s][info][gc,heap        ] GC(1480) PSYoungGen: 167860K(210432K)->37364K(207872K) Eden: 130560K(130560K)->0K(134656K) From: 37300K(79872K)->37364K(73216K)
[426.528s][info][gc,heap        ] GC(1480) ParOldGen: 605600K(667648K)->605600K(667648K)
[426.528s][info][gc,metaspace   ] GC(1480) Metaspace: 18847K(19008K)->18847K(19008K) NonClass: 17018K(17152K)->17018K(17152K) Class: 1829K(1856K)->1829K(1856K)
[426.529s][info][gc             ] GC(1480) Pause Young (Allocation Failure) 755M->627M(855M) 39.429ms
[426.529s][info][gc,cpu         ] GC(1480) User=0.07s Sys=0.00s Real=0.04s
[427.132s][info][gc,start       ] GC(1481) Pause Young (Allocation Failure)
[427.172s][info][gc,heap        ] GC(1481) PSYoungGen: 172020K(207872K)->43247K(210944K) Eden: 134655K(134656K)->0K(134656K) From: 37364K(73216K)->43247K(76288K)
[427.172s][info][gc,heap        ] GC(1481) ParOldGen: 605600K(667648K)->605600K(667648K)
[427.172s][info][gc,metaspace   ] GC(1481) Metaspace: 18847K(19008K)->18847K(19008K) NonClass: 17018K(17152K)->17018K(17152K) Class: 1829K(1856K)->1829K(1856K)
[427.172s][info][gc             ] GC(1481) Pause Young (Allocation Failure) 759M->633M(858M) 40.388ms
[427.172s][info][gc,cpu         ] GC(1481) User=0.08s Sys=0.00s Real=0.04s
[427.735s][info][gc,start       ] GC(1482) Pause Young (Allocation Failure)
[427.774s][info][gc,heap        ] GC(1482) PSYoungGen: 177882K(210944K)->39374K(210944K) Eden: 134634K(134656K)->0K(137728K) From: 43247K(76288K)->39374K(73216K)
[427.774s][info][gc,heap        ] GC(1482) ParOldGen: 605600K(667648K)->605600K(667648K)
[427.774s][info][gc,metaspace   ] GC(1482) Metaspace: 18857K(19008K)->18857K(19008K) NonClass: 17028K(17152K)->17028K(17152K) Class: 1829K(1856K)->1829K(1856K)
[427.774s][info][gc             ] GC(1482) Pause Young (Allocation Failure) 765M->629M(858M) 39.232ms
[427.774s][info][gc,cpu         ] GC(1482) User=0.07s Sys=0.00s Real=0.04s
[428.096s][info][gc,start       ] GC(1483) Pause Young (Allocation Failure)
[428.135s][info][gc,heap        ] GC(1483) PSYoungGen: 177102K(210944K)->39421K(212992K) Eden: 137728K(137728K)->0K(137728K) From: 39374K(73216K)->39421K(75264K)
[428.135s][info][gc,heap        ] GC(1483) ParOldGen: 605600K(667648K)->605600K(667648K)
[428.135s][info][gc,metaspace   ] GC(1483) Metaspace: 18858K(19008K)->18858K(19008K) NonClass: 17028K(17152K)->17028K(17152K) Class: 1829K(1856K)->1829K(1856K)
[428.135s][info][gc             ] GC(1483) Pause Young (Allocation Failure) 764M->629M(860M) 39.389ms
[428.135s][info][gc,cpu         ] GC(1483) User=0.08s Sys=0.00s Real=0.04s
[428.466s][info][gc,start       ] GC(1484) Pause Young (Allocation Failure)
[428.507s][info][gc,heap        ] GC(1484) PSYoungGen: 177149K(212992K)->40957K(212480K) Eden: 137728K(137728K)->0K(140800K) From: 39421K(75264K)->40957K(71680K)
[428.507s][info][gc,heap        ] GC(1484) ParOldGen: 605600K(667648K)->605600K(667648K)
[428.507s][info][gc,metaspace   ] GC(1484) Metaspace: 18858K(19008K)->18858K(19008K) NonClass: 17029K(17152K)->17029K(17152K) Class: 1829K(1856K)->1829K(1856K)
[428.507s][info][gc             ] GC(1484) Pause Young (Allocation Failure) 764M->631M(859M) 40.790ms
[428.507s][info][gc,cpu         ] GC(1484) User=0.08s Sys=0.00s Real=0.04s
[428.598s][info][gc,start       ] GC(1485) Pause Young (Allocation Failure)
[428.687s][info][gc,heap        ] GC(1485) PSYoungGen: 181757K(212480K)->72701K(213504K) Eden: 140800K(140800K)->0K(140800K) From: 40957K(71680K)->72701K(72704K)
[428.687s][info][gc,heap        ] GC(1485) ParOldGen: 605600K(667648K)->636888K(667648K)
[428.687s][info][gc,metaspace   ] GC(1485) Metaspace: 18862K(19008K)->18862K(19008K) NonClass: 17033K(17152K)->17033K(17152K) Class: 1829K(1856K)->1829K(1856K)
[428.687s][info][gc             ] GC(1485) Pause Young (Allocation Failure) 768M->692M(860M) 89.811ms
[428.688s][info][gc,cpu         ] GC(1485) User=0.18s Sys=0.00s Real=0.09s
[428.786s][info][gc,start       ] GC(1486) Pause Full (Allocation Failure)
[428.786s][info][gc,phases,start] GC(1486) Marking Phase
[428.887s][info][gc,phases      ] GC(1486) Marking Phase 101.645ms
[428.887s][info][gc,phases,start] GC(1486) Summary Phase
[428.887s][info][gc,phases      ] GC(1486) Summary Phase 0.030ms
[428.887s][info][gc,phases,start] GC(1486) Forward
[428.918s][info][gc,phases      ] GC(1486) Forward 31.144ms
[428.919s][info][gc,phases,start] GC(1486) Adjust Pointers
[428.976s][info][gc,phases      ] GC(1486) Adjust Pointers 57.641ms
[428.976s][info][gc,phases,start] GC(1486) Compaction Phase
[429.011s][info][gc,phases      ] GC(1486) Compaction Phase 35.123ms
[429.012s][info][gc,phases,start] GC(1486) Post Compact
[429.015s][info][gc,phases      ] GC(1486) Post Compact 2.503ms
[429.036s][info][gc,heap        ] GC(1486) PSYoungGen: 213501K(213504K)->0K(239104K) Eden: 140800K(140800K)->0K(144384K) From: 72701K(72704K)->0K(94720K)
[429.036s][info][gc,heap        ] GC(1486) ParOldGen: 636888K(667648K)->156988K(428544K)
[429.036s][info][gc,metaspace   ] GC(1486) Metaspace: 18868K(19008K)->18868K(19008K) NonClass: 17038K(17152K)->17038K(17152K) Class: 1829K(1856K)->1829K(1856K)
[429.036s][info][gc             ] GC(1486) Pause Full (Allocation Failure) 830M->153M(652M) 250.793ms
[429.036s][info][gc,cpu         ] GC(1486) User=0.42s Sys=0.03s Real=0.25s
[429.217s][info][gc,start       ] GC(1487) Pause Young (Allocation Failure)
[429.252s][info][gc,heap        ] GC(1487) PSYoungGen: 144384K(239104K)->42816K(187392K) Eden: 144384K(144384K)->0K(144384K) From: 0K(94720K)->42816K(43008K)
[429.252s][info][gc,heap        ] GC(1487) ParOldGen: 156988K(428544K)->156988K(428544K)
[429.252s][info][gc,metaspace   ] GC(1487) Metaspace: 18868K(19008K)->18868K(19008K) NonClass: 17038K(17152K)->17038K(17152K) Class: 1829K(1856K)->1829K(1856K)
[429.252s][info][gc             ] GC(1487) Pause Young (Allocation Failure) 294M->195M(601M) 34.727ms
[429.252s][info][gc,cpu         ] GC(1487) User=0.07s Sys=0.00s Real=0.03s
[429.454s][info][gc,start       ] GC(1488) Pause Young (Allocation Failure)
[429.542s][info][gc,heap        ] GC(1488) PSYoungGen: 187200K(187392K)->77159K(225792K) Eden: 144384K(144384K)->0K(135680K) From: 42816K(43008K)->77159K(90112K)
[429.542s][info][gc,heap        ] GC(1488) ParOldGen: 156988K(428544K)->156996K(428544K)
[429.542s][info][gc,metaspace   ] GC(1488) Metaspace: 18881K(19008K)->18881K(19008K) NonClass: 17051K(17152K)->17051K(17152K) Class: 1829K(1856K)->1829K(1856K)
[429.542s][info][gc             ] GC(1488) Pause Young (Allocation Failure) 336M->228M(639M) 87.977ms
[429.542s][info][gc,cpu         ] GC(1488) User=0.16s Sys=0.02s Real=0.08s
[429.713s][info][gc,start       ] GC(1489) Pause Young (Allocation Failure)
[429.820s][info][gc,heap        ] GC(1489) PSYoungGen: 212839K(225792K)->98810K(234496K) Eden: 135680K(135680K)->0K(135680K) From: 77159K(90112K)->98810K(98816K)
[429.820s][info][gc,heap        ] GC(1489) ParOldGen: 156996K(428544K)->160348K(428544K)
[429.820s][info][gc,metaspace   ] GC(1489) Metaspace: 18881K(19008K)->18881K(19008K) NonClass: 17051K(17152K)->17051K(17152K) Class: 1829K(1856K)->1829K(1856K)
[429.820s][info][gc             ] GC(1489) Pause Young (Allocation Failure) 361M->253M(647M) 106.974ms
[429.820s][info][gc,cpu         ] GC(1489) User=0.21s Sys=0.00s Real=0.11s
[429.916s][info][gc,start       ] GC(1490) Pause Young (Allocation Failure)
[430.037s][info][gc,heap        ] GC(1490) PSYoungGen: 234490K(234496K)->99319K(210944K) Eden: 135680K(135680K)->0K(111616K) From: 98810K(98816K)->99319K(99328K)
[430.037s][info][gc,heap        ] GC(1490) ParOldGen: 160348K(428544K)->172033K(428544K)
[430.037s][info][gc,metaspace   ] GC(1490) Metaspace: 18881K(19008K)->18881K(19008K) NonClass: 17051K(17152K)->17051K(17152K) Class: 1829K(1856K)->1829K(1856K)
[430.037s][info][gc             ] GC(1490) Pause Young (Allocation Failure) 385M->264M(624M) 121.253ms
[430.037s][info][gc,cpu         ] GC(1490) User=0.22s Sys=0.01s Real=0.12s
[430.162s][info][gc,start       ] GC(1491) Pause Young (Allocation Failure)
[430.264s][info][gc,heap        ] GC(1491) PSYoungGen: 210935K(210944K)->104759K(222720K) Eden: 111616K(111616K)->0K(111616K) From: 99319K(99328K)->104759K(111104K)
[430.264s][info][gc,heap        ] GC(1491) ParOldGen: 172033K(428544K)->172033K(428544K)
[430.264s][info][gc,metaspace   ] GC(1491) Metaspace: 18881K(19008K)->18881K(19008K) NonClass: 17051K(17152K)->17051K(17152K) Class: 1829K(1856K)->1829K(1856K)
[430.264s][info][gc             ] GC(1491) Pause Young (Allocation Failure) 373M->270M(636M) 101.711ms
[430.264s][info][gc,cpu         ] GC(1491) User=0.20s Sys=0.00s Real=0.11s
[430.351s][info][gc,start       ] GC(1492) Pause Young (Allocation Failure)
[430.459s][info][gc,heap        ] GC(1492) PSYoungGen: 216375K(222720K)->111095K(222720K) Eden: 111616K(111616K)->0K(111616K) From: 104759K(111104K)->111095K(111104K)
[430.459s][info][gc,heap        ] GC(1492) ParOldGen: 172033K(428544K)->172033K(428544K)
[430.459s][info][gc,metaspace   ] GC(1492) Metaspace: 18881K(19008K)->18881K(19008K) NonClass: 17051K(17152K)->17051K(17152K) Class: 1829K(1856K)->1829K(1856K)
[430.459s][info][gc             ] GC(1492) Pause Young (Allocation Failure) 379M->276M(636M) 108.539ms
[430.459s][info][gc,cpu         ] GC(1492) User=0.21s Sys=0.00s Real=0.11s
[430.561s][info][gc,start       ] GC(1493) Pause Young (Allocation Failure)
[430.668s][info][gc,heap        ] GC(1493) PSYoungGen: 222711K(222720K)->111095K(222720K) Eden: 111616K(111616K)->0K(111616K) From: 111095K(111104K)->111095K(111104K)
[430.668s][info][gc,heap        ] GC(1493) ParOldGen: 172033K(428544K)->172073K(428544K)
[430.668s][info][gc,metaspace   ] GC(1493) Metaspace: 18881K(19008K)->18881K(19008K) NonClass: 17051K(17152K)->17051K(17152K) Class: 1829K(1856K)->1829K(1856K)
[430.668s][info][gc             ] GC(1493) Pause Young (Allocation Failure) 385M->276M(636M) 107.435ms
[430.668s][info][gc,cpu         ] GC(1493) User=0.22s Sys=0.00s Real=0.11s
[430.764s][info][gc,start       ] GC(1494) Pause Young (Allocation Failure)
[430.874s][info][gc,heap        ] GC(1494) PSYoungGen: 222711K(222720K)->111095K(222720K) Eden: 111616K(111616K)->0K(111616K) From: 111095K(111104K)->111095K(111104K)
[430.874s][info][gc,heap        ] GC(1494) ParOldGen: 172073K(428544K)->174297K(428544K)
[430.874s][info][gc,metaspace   ] GC(1494) Metaspace: 18881K(19008K)->18881K(19008K) NonClass: 17051K(17152K)->17051K(17152K) Class: 1829K(1856K)->1829K(1856K)
[430.874s][info][gc             ] GC(1494) Pause Young (Allocation Failure) 385M->278M(636M) 110.052ms
[430.874s][info][gc,cpu         ] GC(1494) User=0.22s Sys=0.00s Real=0.11s
[430.961s][info][gc,start       ] GC(1495) Pause Young (Allocation Failure)
[431.096s][info][gc,heap        ] GC(1495) PSYoungGen: 222711K(222720K)->111095K(222720K) Eden: 111616K(111616K)->0K(111616K) From: 111095K(111104K)->111095K(111104K)
[431.096s][info][gc,heap        ] GC(1495) ParOldGen: 174297K(428544K)->188627K(428544K)
[431.096s][info][gc,metaspace   ] GC(1495) Metaspace: 18881K(19008K)->18881K(19008K) NonClass: 17051K(17152K)->17051K(17152K) Class: 1829K(1856K)->1829K(1856K)
[431.096s][info][gc             ] GC(1495) Pause Young (Allocation Failure) 387M->292M(636M) 134.954ms
[431.096s][info][gc,cpu         ] GC(1495) User=0.27s Sys=0.00s Real=0.14s
[431.172s][info][gc,start       ] GC(1496) Pause Young (Allocation Failure)
[431.299s][info][gc,heap        ] GC(1496) PSYoungGen: 222711K(222720K)->64192K(222720K) Eden: 111616K(111616K)->0K(111616K) From: 111095K(111104K)->64192K(111104K)
[431.299s][info][gc,heap        ] GC(1496) ParOldGen: 188627K(428544K)->258885K(428544K)
[431.299s][info][gc,metaspace   ] GC(1496) Metaspace: 18881K(19008K)->18881K(19008K) NonClass: 17051K(17152K)->17051K(17152K) Class: 1829K(1856K)->1829K(1856K)
[431.299s][info][gc             ] GC(1496) Pause Young (Allocation Failure) 401M->315M(636M) 127.365ms
[431.299s][info][gc,cpu         ] GC(1496) User=0.25s Sys=0.00s Real=0.13s
[431.407s][info][gc,start       ] GC(1497) Pause Young (Allocation Failure)
[431.487s][info][gc,heap        ] GC(1497) PSYoungGen: 175808K(222720K)->69872K(222720K) Eden: 111616K(111616K)->0K(111616K) From: 64192K(111104K)->69872K(111104K)
[431.487s][info][gc,heap        ] GC(1497) ParOldGen: 258885K(428544K)->278493K(428544K)
[431.487s][info][gc,metaspace   ] GC(1497) Metaspace: 18881K(19008K)->18881K(19008K) NonClass: 17051K(17152K)->17051K(17152K) Class: 1829K(1856K)->1829K(1856K)
[431.487s][info][gc             ] GC(1497) Pause Young (Allocation Failure) 424M->340M(636M) 80.635ms
[431.487s][info][gc,cpu         ] GC(1497) User=0.16s Sys=0.00s Real=0.08s
[431.579s][info][gc,start       ] GC(1498) Pause Young (Allocation Failure)
[431.651s][info][gc,heap        ] GC(1498) PSYoungGen: 181488K(222720K)->78723K(222720K) Eden: 111616K(111616K)->0K(111616K) From: 69872K(111104K)->78723K(111104K)
[431.651s][info][gc,heap        ] GC(1498) ParOldGen: 278493K(428544K)->284773K(428544K)
[431.651s][info][gc,metaspace   ] GC(1498) Metaspace: 18881K(19008K)->18881K(19008K) NonClass: 17051K(17152K)->17051K(17152K) Class: 1829K(1856K)->1829K(1856K)
[431.651s][info][gc             ] GC(1498) Pause Young (Allocation Failure) 449M->354M(636M) 72.583ms
[431.651s][info][gc,cpu         ] GC(1498) User=0.14s Sys=0.00s Real=0.07s
[431.711s][info][gc,start       ] GC(1499) Pause Young (Allocation Failure)
[431.785s][info][gc,heap        ] GC(1499) PSYoungGen: 190339K(222720K)->83011K(222720K) Eden: 111616K(111616K)->0K(111616K) From: 78723K(111104K)->83011K(111104K)
[431.785s][info][gc,heap        ] GC(1499) ParOldGen: 284773K(428544K)->286261K(428544K)
[431.785s][info][gc,metaspace   ] GC(1499) Metaspace: 18881K(19008K)->18881K(19008K) NonClass: 17051K(17152K)->17051K(17152K) Class: 1829K(1856K)->1829K(1856K)
[431.785s][info][gc             ] GC(1499) Pause Young (Allocation Failure) 463M->360M(636M) 73.988ms
[431.785s][info][gc,cpu         ] GC(1499) User=0.15s Sys=0.00s Real=0.08s
[431.889s][info][gc,start       ] GC(1500) Pause Young (Allocation Failure)
[431.961s][info][gc,heap        ] GC(1500) PSYoungGen: 194627K(222720K)->47075K(222720K) Eden: 111616K(111616K)->0K(111616K) From: 83011K(111104K)->47075K(111104K)
[431.961s][info][gc,heap        ] GC(1500) ParOldGen: 286261K(428544K)->323316K(428544K)
[431.961s][info][gc,metaspace   ] GC(1500) Metaspace: 18881K(19008K)->18881K(19008K) NonClass: 17051K(17152K)->17051K(17152K) Class: 1829K(1856K)->1829K(1856K)
[431.961s][info][gc             ] GC(1500) Pause Young (Allocation Failure) 469M->361M(636M) 71.945ms
[431.961s][info][gc,cpu         ] GC(1500) User=0.15s Sys=0.00s Real=0.07s
[432.110s][info][gc,start       ] GC(1501) Pause Young (Allocation Failure)
[432.157s][info][gc,heap        ] GC(1501) PSYoungGen: 158691K(222720K)->8352K(222720K) Eden: 111616K(111616K)->0K(111616K) From: 47075K(111104K)->8352K(111104K)
[432.157s][info][gc,heap        ] GC(1501) ParOldGen: 323316K(428544K)->364038K(428544K)
[432.157s][info][gc,metaspace   ] GC(1501) Metaspace: 18881K(19008K)->18881K(19008K) NonClass: 17051K(17152K)->17051K(17152K) Class: 1829K(1856K)->1829K(1856K)
[432.157s][info][gc             ] GC(1501) Pause Young (Allocation Failure) 470M->363M(636M) 46.532ms
[432.157s][info][gc,cpu         ] GC(1501) User=0.10s Sys=0.00s Real=0.05s
[432.490s][info][gc,start       ] GC(1502) Pause Young (Allocation Failure)
[432.501s][info][gc,heap        ] GC(1502) PSYoungGen: 119968K(222720K)->2176K(222720K) Eden: 111616K(111616K)->0K(111616K) From: 8352K(111104K)->2176K(111104K)
[432.501s][info][gc,heap        ] GC(1502) ParOldGen: 364038K(428544K)->370766K(428544K)
[432.501s][info][gc,metaspace   ] GC(1502) Metaspace: 18881K(19008K)->18881K(19008K) NonClass: 17052K(17152K)->17052K(17152K) Class: 1829K(1856K)->1829K(1856K)
[432.501s][info][gc             ] GC(1502) Pause Young (Allocation Failure) 472M->364M(636M) 11.591ms
[432.501s][info][gc,cpu         ] GC(1502) User=0.02s Sys=0.00s Real=0.01s
[432.740s][info][gc,start       ] GC(1503) Pause Young (Allocation Failure)
[432.757s][info][gc,heap        ] GC(1503) PSYoungGen: 113792K(222720K)->13952K(222720K) Eden: 111616K(111616K)->0K(111616K) From: 2176K(111104K)->13952K(111104K)
[432.757s][info][gc,heap        ] GC(1503) ParOldGen: 370766K(428544K)->372675K(428544K)
[432.757s][info][gc,metaspace   ] GC(1503) Metaspace: 18881K(19008K)->18881K(19008K) NonClass: 17052K(17152K)->17052K(17152K) Class: 1829K(1856K)->1829K(1856K)
[432.757s][info][gc             ] GC(1503) Pause Young (Allocation Failure) 473M->377M(636M) 16.801ms
[432.757s][info][gc,cpu         ] GC(1503) User=0.04s Sys=0.00s Real=0.02s
[432.868s][info][gc,start       ] GC(1504) Pause Young (Allocation Failure)
[432.918s][info][gc,heap        ] GC(1504) PSYoungGen: 125568K(222720K)->44752K(222720K) Eden: 111616K(111616K)->0K(111616K) From: 13952K(111104K)->44752K(111104K)
[432.918s][info][gc,heap        ] GC(1504) ParOldGen: 372675K(428544K)->386616K(428544K)
[432.918s][info][gc,metaspace   ] GC(1504) Metaspace: 18882K(19008K)->18882K(19008K) NonClass: 17052K(17152K)->17052K(17152K) Class: 1829K(1856K)->1829K(1856K)
[432.918s][info][gc             ] GC(1504) Pause Young (Allocation Failure) 486M->421M(636M) 50.110ms
[432.918s][info][gc,cpu         ] GC(1504) User=0.10s Sys=0.00s Real=0.05s
[433.051s][info][gc,start       ] GC(1505) Pause Young (Allocation Failure)
[433.112s][info][gc,heap        ] GC(1505) PSYoungGen: 156368K(222720K)->22304K(222720K) Eden: 111616K(111616K)->0K(111616K) From: 44752K(111104K)->22304K(111104K)
[433.112s][info][gc,heap        ] GC(1505) ParOldGen: 386616K(428544K)->431549K(431616K)
[433.112s][info][gc,metaspace   ] GC(1505) Metaspace: 18883K(19008K)->18883K(19008K) NonClass: 17054K(17152K)->17054K(17152K) Class: 1829K(1856K)->1829K(1856K)
[433.113s][info][gc             ] GC(1505) Pause Young (Allocation Failure) 530M->443M(639M) 61.038ms
[433.113s][info][gc,cpu         ] GC(1505) User=0.12s Sys=0.01s Real=0.06s
[433.230s][info][gc,start       ] GC(1506) Pause Young (Allocation Failure)
[433.273s][info][gc,heap        ] GC(1506) PSYoungGen: 133920K(222720K)->6560K(222720K) Eden: 111616K(111616K)->0K(111616K) From: 22304K(111104K)->6560K(111104K)
[433.273s][info][gc,heap        ] GC(1506) ParOldGen: 431549K(431616K)->454041K(454144K)
[433.273s][info][gc,metaspace   ] GC(1506) Metaspace: 18883K(19008K)->18883K(19008K) NonClass: 17054K(17152K)->17054K(17152K) Class: 1829K(1856K)->1829K(1856K)
[433.273s][info][gc             ] GC(1506) Pause Young (Allocation Failure) 552M->449M(661M) 43.564ms
[433.273s][info][gc,cpu         ] GC(1506) User=0.07s Sys=0.01s Real=0.04s
[433.363s][info][gc,start       ] GC(1507) Pause Young (Allocation Failure)
[433.376s][info][gc,heap        ] GC(1507) PSYoungGen: 118176K(222720K)->1408K(222720K) Eden: 111616K(111616K)->0K(111616K) From: 6560K(111104K)->1408K(111104K)
[433.376s][info][gc,heap        ] GC(1507) ParOldGen: 454041K(454144K)->460609K(460800K)
[433.376s][info][gc,metaspace   ] GC(1507) Metaspace: 18883K(19008K)->18883K(19008K) NonClass: 17054K(17152K)->17054K(17152K) Class: 1829K(1856K)->1829K(1856K)
[433.376s][info][gc             ] GC(1507) Pause Young (Allocation Failure) 558M->451M(667M) 13.208ms
[433.376s][info][gc,cpu         ] GC(1507) User=0.02s Sys=0.01s Real=0.02s
[433.492s][info][gc,start       ] GC(1508) Pause Young (Allocation Failure)
[433.497s][info][gc,heap        ] GC(1508) PSYoungGen: 113024K(222720K)->1408K(222720K) Eden: 111616K(111616K)->0K(111616K) From: 1408K(111104K)->1408K(111104K)
[433.497s][info][gc,heap        ] GC(1508) ParOldGen: 460609K(460800K)->461473K(461824K)
[433.497s][info][gc,metaspace   ] GC(1508) Metaspace: 18884K(19008K)->18884K(19008K) NonClass: 17054K(17152K)->17054K(17152K) Class: 1829K(1856K)->1829K(1856K)
[433.497s][info][gc             ] GC(1508) Pause Young (Allocation Failure) 560M->452M(668M) 5.376ms
[433.497s][info][gc,cpu         ] GC(1508) User=0.01s Sys=0.00s Real=0.01s
[433.835s][info][gc,start       ] GC(1509) Pause Young (Allocation Failure)
[433.840s][info][gc,heap        ] GC(1509) PSYoungGen: 113024K(222720K)->224K(222720K) Eden: 111616K(111616K)->0K(111616K) From: 1408K(111104K)->224K(111104K)
[433.840s][info][gc,heap        ] GC(1509) ParOldGen: 461473K(461824K)->462841K(462848K)
[433.840s][info][gc,metaspace   ] GC(1509) Metaspace: 18885K(19008K)->18885K(19008K) NonClass: 17056K(17152K)->17056K(17152K) Class: 1829K(1856K)->1829K(1856K)
[433.840s][info][gc             ] GC(1509) Pause Young (Allocation Failure) 561M->452M(669M) 4.678ms
[433.840s][info][gc,cpu         ] GC(1509) User=0.01s Sys=0.00s Real=0.00s
[433.967s][info][gc,start       ] GC(1510) Pause Young (Allocation Failure)
[434.018s][info][gc,heap        ] GC(1510) PSYoungGen: 111840K(222720K)->55008K(222720K) Eden: 111616K(111616K)->0K(111616K) From: 224K(111104K)->55008K(111104K)
[434.018s][info][gc,heap        ] GC(1510) ParOldGen: 462841K(462848K)->463033K(463360K)
[434.018s][info][gc,metaspace   ] GC(1510) Metaspace: 18888K(19008K)->18888K(19008K) NonClass: 17059K(17152K)->17059K(17152K) Class: 1829K(1856K)->1829K(1856K)
[434.018s][info][gc             ] GC(1510) Pause Young (Allocation Failure) 561M->505M(670M) 50.536ms
[434.018s][info][gc,cpu         ] GC(1510) User=0.10s Sys=0.00s Real=0.05s
[434.157s][info][gc,start       ] GC(1511) Pause Young (Allocation Failure)
[434.274s][info][gc,heap        ] GC(1511) PSYoungGen: 166624K(222720K)->41600K(222720K) Eden: 111616K(111616K)->0K(111616K) From: 55008K(111104K)->41600K(111104K)
[434.274s][info][gc,heap        ] GC(1511) ParOldGen: 463033K(463360K)->518209K(518656K)
[434.274s][info][gc,metaspace   ] GC(1511) Metaspace: 18889K(19008K)->18889K(19008K) NonClass: 17059K(17152K)->17059K(17152K) Class: 1829K(1856K)->1829K(1856K)
[434.274s][info][gc             ] GC(1511) Pause Young (Allocation Failure) 614M->546M(724M) 116.343ms
[434.274s][info][gc,cpu         ] GC(1511) User=0.19s Sys=0.04s Real=0.12s
[434.370s][info][gc,start       ] GC(1512) Pause Young (Allocation Failure)
[434.480s][info][gc,heap        ] GC(1512) PSYoungGen: 153216K(222720K)->58659K(222720K) Eden: 111616K(111616K)->0K(111616K) From: 41600K(111104K)->58659K(111104K)
[434.480s][info][gc,heap        ] GC(1512) ParOldGen: 518209K(518656K)->559921K(560128K)
[434.480s][info][gc,metaspace   ] GC(1512) Metaspace: 18889K(19008K)->18889K(19008K) NonClass: 17059K(17152K)->17059K(17152K) Class: 1829K(1856K)->1829K(1856K)
[434.480s][info][gc             ] GC(1512) Pause Young (Allocation Failure) 655M->604M(764M) 109.631ms
[434.480s][info][gc,cpu         ] GC(1512) User=0.19s Sys=0.03s Real=0.11s
[434.579s][info][gc,start       ] GC(1513) Pause Young (Allocation Failure)
[434.679s][info][gc,heap        ] GC(1513) PSYoungGen: 170275K(222720K)->23428K(222720K) Eden: 111616K(111616K)->0K(111616K) From: 58659K(111104K)->23428K(111104K)
[434.679s][info][gc,heap        ] GC(1513) ParOldGen: 559921K(560128K)->618777K(619008K)
[434.679s][info][gc,metaspace   ] GC(1513) Metaspace: 18894K(19008K)->18894K(19008K) NonClass: 17065K(17152K)->17065K(17152K) Class: 1829K(1856K)->1829K(1856K)
[434.679s][info][gc             ] GC(1513) Pause Young (Allocation Failure) 713M->627M(822M) 99.470ms
[434.679s][info][gc,cpu         ] GC(1513) User=0.14s Sys=0.05s Real=0.10s
[434.765s][info][gc,start       ] GC(1514) Pause Full (Allocation Failure)
[434.765s][info][gc,phases,start] GC(1514) Marking Phase
[434.832s][info][gc,phases      ] GC(1514) Marking Phase 66.988ms
[434.832s][info][gc,phases,start] GC(1514) Summary Phase
[434.832s][info][gc,phases      ] GC(1514) Summary Phase 0.040ms
[434.832s][info][gc,phases,start] GC(1514) Forward
[434.848s][info][gc,phases      ] GC(1514) Forward 15.774ms
[434.848s][info][gc,phases,start] GC(1514) Adjust Pointers
[434.894s][info][gc,phases      ] GC(1514) Adjust Pointers 45.739ms
[434.894s][info][gc,phases,start] GC(1514) Compaction Phase
[434.917s][info][gc,phases      ] GC(1514) Compaction Phase 23.584ms
[434.920s][info][gc,phases,start] GC(1514) Post Compact
[434.922s][info][gc,phases      ] GC(1514) Post Compact 2.280ms
[434.938s][info][gc,heap        ] GC(1514) PSYoungGen: 135044K(222720K)->0K(222720K) Eden: 111616K(111616K)->0K(111616K) From: 23428K(111104K)->0K(111104K)
[434.938s][info][gc,heap        ] GC(1514) ParOldGen: 618777K(619008K)->110103K(422400K)
[434.938s][info][gc,metaspace   ] GC(1514) Metaspace: 18894K(19008K)->18894K(19008K) NonClass: 17065K(17152K)->17065K(17152K) Class: 1829K(1856K)->1829K(1856K)
[434.938s][info][gc             ] GC(1514) Pause Full (Allocation Failure) 736M->107M(630M) 172.851ms
[434.938s][info][gc,cpu         ] GC(1514) User=0.28s Sys=0.02s Real=0.17s
[434.997s][info][gc,start       ] GC(1515) Pause Young (Allocation Failure)
[435.001s][info][gc,heap        ] GC(1515) PSYoungGen: 111616K(222720K)->3040K(222720K) Eden: 111616K(111616K)->0K(111616K) From: 0K(111104K)->3040K(111104K)
[435.001s][info][gc,heap        ] GC(1515) ParOldGen: 110103K(422400K)->110103K(422400K)
[435.001s][info][gc,metaspace   ] GC(1515) Metaspace: 18894K(19008K)->18894K(19008K) NonClass: 17065K(17152K)->17065K(17152K) Class: 1829K(1856K)->1829K(1856K)
[435.001s][info][gc             ] GC(1515) Pause Young (Allocation Failure) 216M->110M(630M) 3.922ms
[435.001s][info][gc,cpu         ] GC(1515) User=0.01s Sys=0.00s Real=0.00s
[435.059s][info][gc,start       ] GC(1516) Pause Young (Allocation Failure)
[435.074s][info][gc,heap        ] GC(1516) PSYoungGen: 114656K(222720K)->16416K(221696K) Eden: 111616K(111616K)->0K(111616K) From: 3040K(111104K)->16416K(110080K)
[435.074s][info][gc,heap        ] GC(1516) ParOldGen: 110103K(422400K)->113159K(422400K)
[435.074s][info][gc,metaspace   ] GC(1516) Metaspace: 18894K(19008K)->18894K(19008K) NonClass: 17065K(17152K)->17065K(17152K) Class: 1829K(1856K)->1829K(1856K)
[435.074s][info][gc             ] GC(1516) Pause Young (Allocation Failure) 219M->126M(629M) 14.584ms
[435.074s][info][gc,cpu         ] GC(1516) User=0.03s Sys=0.00s Real=0.02s
[435.124s][info][gc,start       ] GC(1517) Pause Young (Allocation Failure)
[435.160s][info][gc,heap        ] GC(1517) PSYoungGen: 128032K(221696K)->54704K(222208K) Eden: 111616K(111616K)->0K(111616K) From: 16416K(110080K)->54704K(110592K)
[435.160s][info][gc,heap        ] GC(1517) ParOldGen: 113159K(422400K)->113159K(422400K)
[435.160s][info][gc,metaspace   ] GC(1517) Metaspace: 18894K(19008K)->18894K(19008K) NonClass: 17065K(17152K)->17065K(17152K) Class: 1829K(1856K)->1829K(1856K)
[435.160s][info][gc             ] GC(1517) Pause Young (Allocation Failure) 235M->163M(629M) 35.741ms
[435.160s][info][gc,cpu         ] GC(1517) User=0.07s Sys=0.00s Real=0.03s
[435.291s][info][gc,start       ] GC(1518) Pause Young (Allocation Failure)
[435.334s][info][gc,heap        ] GC(1518) PSYoungGen: 166320K(222208K)->72192K(222208K) Eden: 111616K(111616K)->0K(111616K) From: 54704K(110592K)->72192K(110592K)
[435.334s][info][gc,heap        ] GC(1518) ParOldGen: 113159K(422400K)->113159K(422400K)
[435.334s][info][gc,metaspace   ] GC(1518) Metaspace: 18895K(19008K)->18895K(19008K) NonClass: 17065K(17152K)->17065K(17152K) Class: 1829K(1856K)->1829K(1856K)
[435.335s][info][gc             ] GC(1518) Pause Young (Allocation Failure) 272M->181M(629M) 43.327ms
[435.335s][info][gc,cpu         ] GC(1518) User=0.08s Sys=0.00s Real=0.05s
[435.420s][info][gc,start       ] GC(1519) Pause Young (Allocation Failure)
[435.465s][info][gc,heap        ] GC(1519) PSYoungGen: 183808K(222208K)->19712K(222720K) Eden: 111616K(111616K)->0K(111616K) From: 72192K(110592K)->19712K(111104K)
[435.465s][info][gc,heap        ] GC(1519) ParOldGen: 113159K(422400K)->168495K(422400K)
[435.465s][info][gc,metaspace   ] GC(1519) Metaspace: 18895K(19008K)->18895K(19008K) NonClass: 17065K(17152K)->17065K(17152K) Class: 1829K(1856K)->1829K(1856K)
[435.465s][info][gc             ] GC(1519) Pause Young (Allocation Failure) 290M->183M(630M) 45.349ms
[435.465s][info][gc,cpu         ] GC(1519) User=0.09s Sys=0.00s Real=0.05s
[435.646s][info][gc,start       ] GC(1520) Pause Young (Allocation Failure)
[435.694s][info][gc,heap        ] GC(1520) PSYoungGen: 131328K(222720K)->18980K(216576K) Eden: 111616K(111616K)->0K(111616K) From: 19712K(111104K)->18980K(104960K)
[435.694s][info][gc,heap        ] GC(1520) ParOldGen: 168495K(422400K)->188359K(422400K)
[435.694s][info][gc,metaspace   ] GC(1520) Metaspace: 18895K(19008K)->18895K(19008K) NonClass: 17065K(17152K)->17065K(17152K) Class: 1829K(1856K)->1829K(1856K)
[435.694s][info][gc             ] GC(1520) Pause Young (Allocation Failure) 292M->202M(624M) 48.050ms
[435.694s][info][gc,cpu         ] GC(1520) User=0.09s Sys=0.00s Real=0.05s
[435.819s][info][gc,start       ] GC(1521) Pause Young (Allocation Failure)
[435.867s][info][gc,heap        ] GC(1521) PSYoungGen: 130596K(216576K)->39364K(219648K) Eden: 111616K(111616K)->0K(111616K) From: 18980K(104960K)->39364K(108032K)
[435.867s][info][gc,heap        ] GC(1521) ParOldGen: 188359K(422400K)->188359K(422400K)
[435.867s][info][gc,metaspace   ] GC(1521) Metaspace: 18895K(19008K)->18895K(19008K) NonClass: 17065K(17152K)->17065K(17152K) Class: 1829K(1856K)->1829K(1856K)
[435.867s][info][gc             ] GC(1521) Pause Young (Allocation Failure) 311M->222M(627M) 47.236ms
[435.867s][info][gc,cpu         ] GC(1521) User=0.09s Sys=0.00s Real=0.05s
[435.942s][info][gc,start       ] GC(1522) Pause Young (Allocation Failure)
[436.048s][info][gc,heap        ] GC(1522) PSYoungGen: 150980K(219648K)->102372K(212992K) Eden: 111616K(111616K)->0K(110592K) From: 39364K(108032K)->102372K(102400K)
[436.048s][info][gc,heap        ] GC(1522) ParOldGen: 188359K(422400K)->189223K(422400K)
[436.048s][info][gc,metaspace   ] GC(1522) Metaspace: 18895K(19008K)->18895K(19008K) NonClass: 17065K(17152K)->17065K(17152K) Class: 1829K(1856K)->1829K(1856K)
[436.048s][info][gc             ] GC(1522) Pause Young (Allocation Failure) 331M->284M(620M) 105.389ms
[436.048s][info][gc,cpu         ] GC(1522) User=0.21s Sys=0.00s Real=0.11s
[436.115s][info][gc,start       ] GC(1523) Pause Young (Allocation Failure)
[436.239s][info][gc,heap        ] GC(1523) PSYoungGen: 212964K(212992K)->91184K(221696K) Eden: 110592K(110592K)->0K(110592K) From: 102372K(102400K)->91184K(111104K)
[436.239s][info][gc,heap        ] GC(1523) ParOldGen: 189223K(422400K)->227783K(422400K)
[436.239s][info][gc,metaspace   ] GC(1523) Metaspace: 18895K(19008K)->18895K(19008K) NonClass: 17066K(17152K)->17066K(17152K) Class: 1829K(1856K)->1829K(1856K)
[436.239s][info][gc             ] GC(1523) Pause Young (Allocation Failure) 392M->311M(629M) 124.136ms
[436.239s][info][gc,cpu         ] GC(1523) User=0.24s Sys=0.00s Real=0.12s
[436.273s][info][gc,start       ] GC(1524) Pause Young (Allocation Failure)
[436.369s][info][gc,heap        ] GC(1524) PSYoungGen: 201776K(221696K)->26816K(222720K) Eden: 110592K(110592K)->0K(111616K) From: 91184K(111104K)->26816K(111104K)
[436.369s][info][gc,heap        ] GC(1524) ParOldGen: 227783K(422400K)->319487K(422400K)
[436.369s][info][gc,metaspace   ] GC(1524) Metaspace: 18895K(19008K)->18895K(19008K) NonClass: 17066K(17152K)->17066K(17152K) Class: 1829K(1856K)->1829K(1856K)
[436.369s][info][gc             ] GC(1524) Pause Young (Allocation Failure) 419M->338M(630M) 96.547ms
[436.369s][info][gc,cpu         ] GC(1524) User=0.19s Sys=0.01s Real=0.10s
[436.436s][info][gc,start       ] GC(1525) Pause Young (Allocation Failure)
[436.469s][info][gc,heap        ] GC(1525) PSYoungGen: 138432K(222720K)->21440K(222720K) Eden: 111616K(111616K)->0K(111616K) From: 26816K(111104K)->21440K(111104K)
[436.469s][info][gc,heap        ] GC(1525) ParOldGen: 319487K(422400K)->346639K(422400K)
[436.469s][info][gc,metaspace   ] GC(1525) Metaspace: 18895K(19008K)->18895K(19008K) NonClass: 17066K(17152K)->17066K(17152K) Class: 1829K(1856K)->1829K(1856K)
[436.469s][info][gc             ] GC(1525) Pause Young (Allocation Failure) 447M->359M(630M) 33.128ms
[436.469s][info][gc,cpu         ] GC(1525) User=0.06s Sys=0.00s Real=0.03s
[436.555s][info][gc,start       ] GC(1526) Pause Young (Allocation Failure)
[436.577s][info][gc,heap        ] GC(1526) PSYoungGen: 133056K(222720K)->1568K(222720K) Eden: 111616K(111616K)->0K(111616K) From: 21440K(111104K)->1568K(111104K)
[436.577s][info][gc,heap        ] GC(1526) ParOldGen: 346639K(422400K)->368327K(422400K)
[436.577s][info][gc,metaspace   ] GC(1526) Metaspace: 18895K(19008K)->18895K(19008K) NonClass: 17066K(17152K)->17066K(17152K) Class: 1829K(1856K)->1829K(1856K)
[436.577s][info][gc             ] GC(1526) Pause Young (Allocation Failure) 468M->361M(630M) 22.454ms
[436.577s][info][gc,cpu         ] GC(1526) User=0.05s Sys=0.00s Real=0.02s
[436.642s][info][gc,start       ] GC(1527) Pause Young (Allocation Failure)
[436.655s][info][gc,heap        ] GC(1527) PSYoungGen: 113184K(222720K)->5152K(222720K) Eden: 111616K(111616K)->0K(111616K) From: 1568K(111104K)->5152K(111104K)
[436.655s][info][gc,heap        ] GC(1527) ParOldGen: 368327K(422400K)->369871K(422400K)
[436.655s][info][gc,metaspace   ] GC(1527) Metaspace: 18895K(19008K)->18895K(19008K) NonClass: 17066K(17152K)->17066K(17152K) Class: 1829K(1856K)->1829K(1856K)
[436.655s][info][gc             ] GC(1527) Pause Young (Allocation Failure) 470M->366M(630M) 13.034ms
[436.655s][info][gc,cpu         ] GC(1527) User=0.02s Sys=0.00s Real=0.02s
[436.763s][info][gc,start       ] GC(1528) Pause Young (Allocation Failure)
[436.795s][info][gc,heap        ] GC(1528) PSYoungGen: 116768K(222720K)->12545K(222720K) Eden: 111616K(111616K)->0K(111616K) From: 5152K(111104K)->12545K(111104K)
[436.795s][info][gc,heap        ] GC(1528) ParOldGen: 369871K(422400K)->374983K(422400K)
[436.795s][info][gc,metaspace   ] GC(1528) Metaspace: 18895K(19008K)->18895K(19008K) NonClass: 17066K(17152K)->17066K(17152K) Class: 1829K(1856K)->1829K(1856K)
[436.795s][info][gc             ] GC(1528) Pause Young (Allocation Failure) 475M->378M(630M) 31.581ms
[436.795s][info][gc,cpu         ] GC(1528) User=0.06s Sys=0.00s Real=0.04s
[436.907s][info][gc,start       ] GC(1529) Pause Young (Allocation Failure)
[436.954s][info][gc,heap        ] GC(1529) PSYoungGen: 124161K(222720K)->25248K(137216K) Eden: 111616K(111616K)->0K(111616K) From: 12545K(111104K)->25248K(25600K)
[436.954s][info][gc,heap        ] GC(1529) ParOldGen: 374983K(422400K)->386988K(422400K)
[436.954s][info][gc,metaspace   ] GC(1529) Metaspace: 18895K(19008K)->18895K(19008K) NonClass: 17066K(17152K)->17066K(17152K) Class: 1829K(1856K)->1829K(1856K)
[436.954s][info][gc             ] GC(1529) Pause Young (Allocation Failure) 487M->402M(546M) 47.038ms
[436.954s][info][gc,cpu         ] GC(1529) User=0.09s Sys=0.00s Real=0.05s
[437.025s][info][gc,start       ] GC(1530) Pause Young (Allocation Failure)
[437.074s][info][gc,heap        ] GC(1530) PSYoungGen: 136864K(137216K)->46784K(221184K) Eden: 111616K(111616K)->0K(113664K) From: 25248K(25600K)->46784K(107520K)
[437.074s][info][gc,heap        ] GC(1530) ParOldGen: 386988K(422400K)->386988K(422400K)
[437.074s][info][gc,metaspace   ] GC(1530) Metaspace: 18895K(19008K)->18895K(19008K) NonClass: 17066K(17152K)->17066K(17152K) Class: 1829K(1856K)->1829K(1856K)
[437.074s][info][gc             ] GC(1530) Pause Young (Allocation Failure) 511M->423M(628M) 49.198ms
[437.074s][info][gc,cpu         ] GC(1530) User=0.10s Sys=0.00s Real=0.05s
[437.214s][info][gc,start       ] GC(1531) Pause Young (Allocation Failure)
[437.279s][info][gc,heap        ] GC(1531) PSYoungGen: 160448K(221184K)->63296K(219136K) Eden: 113664K(113664K)->0K(113664K) From: 46784K(107520K)->63296K(105472K)
[437.279s][info][gc,heap        ] GC(1531) ParOldGen: 386988K(422400K)->386988K(422400K)
[437.279s][info][gc,metaspace   ] GC(1531) Metaspace: 18895K(19008K)->18895K(19008K) NonClass: 17066K(17152K)->17066K(17152K) Class: 1829K(1856K)->1829K(1856K)
[437.279s][info][gc             ] GC(1531) Pause Young (Allocation Failure) 534M->439M(626M) 65.179ms
[437.279s][info][gc,cpu         ] GC(1531) User=0.13s Sys=0.00s Real=0.06s
[437.380s][info][gc,start       ] GC(1532) Pause Young (Allocation Failure)
[437.443s][info][gc,heap        ] GC(1532) PSYoungGen: 176960K(219136K)->65056K(220672K) Eden: 113664K(113664K)->0K(111616K) From: 63296K(105472K)->65056K(109056K)
[437.443s][info][gc,heap        ] GC(1532) ParOldGen: 386988K(422400K)->386988K(422400K)
[437.444s][info][gc,metaspace   ] GC(1532) Metaspace: 18895K(19008K)->18895K(19008K) NonClass: 17066K(17152K)->17066K(17152K) Class: 1829K(1856K)->1829K(1856K)
[437.444s][info][gc             ] GC(1532) Pause Young (Allocation Failure) 550M->441M(628M) 63.784ms
[437.444s][info][gc,cpu         ] GC(1532) User=0.12s Sys=0.00s Real=0.07s
[437.577s][info][gc,start       ] GC(1533) Pause Young (Allocation Failure)
[437.650s][info][gc,heap        ] GC(1533) PSYoungGen: 176672K(220672K)->19616K(131584K) Eden: 111616K(111616K)->0K(111616K) From: 65056K(109056K)->19616K(19968K)
[437.650s][info][gc,heap        ] GC(1533) ParOldGen: 386988K(422400K)->433898K(434176K)
[437.650s][info][gc,metaspace   ] GC(1533) Metaspace: 18895K(19008K)->18895K(19008K) NonClass: 17066K(17152K)->17066K(17152K) Class: 1829K(1856K)->1829K(1856K)
[437.650s][info][gc             ] GC(1533) Pause Young (Allocation Failure) 550M->442M(552M) 73.367ms
[437.650s][info][gc,cpu         ] GC(1533) User=0.14s Sys=0.01s Real=0.07s
[437.770s][info][gc,start       ] GC(1534) Pause Young (Allocation Failure)
[437.793s][info][gc,heap        ] GC(1534) PSYoungGen: 131232K(131584K)->21760K(223744K) Eden: 111616K(111616K)->0K(118272K) From: 19616K(19968K)->21760K(105472K)
[437.793s][info][gc,heap        ] GC(1534) ParOldGen: 433898K(434176K)->433898K(434176K)
[437.793s][info][gc,metaspace   ] GC(1534) Metaspace: 18895K(19008K)->18895K(19008K) NonClass: 17066K(17152K)->17066K(17152K) Class: 1829K(1856K)->1829K(1856K)
[437.793s][info][gc             ] GC(1534) Pause Young (Allocation Failure) 551M->444M(642M) 22.608ms
[437.793s][info][gc,cpu         ] GC(1534) User=0.05s Sys=0.00s Real=0.02s
[437.962s][info][gc,start       ] GC(1535) Pause Young (Allocation Failure)
[437.999s][info][gc,heap        ] GC(1535) PSYoungGen: 140032K(223744K)->37344K(222208K) Eden: 118272K(118272K)->0K(118272K) From: 21760K(105472K)->37344K(103936K)
[437.999s][info][gc,heap        ] GC(1535) ParOldGen: 433898K(434176K)->433898K(434176K)
[437.999s][info][gc,metaspace   ] GC(1535) Metaspace: 18895K(19008K)->18895K(19008K) NonClass: 17066K(17152K)->17066K(17152K) Class: 1829K(1856K)->1829K(1856K)
[437.999s][info][gc             ] GC(1535) Pause Young (Allocation Failure) 560M->460M(641M) 36.641ms
[437.999s][info][gc,cpu         ] GC(1535) User=0.08s Sys=0.00s Real=0.04s
[438.267s][info][gc,start       ] GC(1536) Pause Young (Allocation Failure)
[438.311s][info][gc,heap        ] GC(1536) PSYoungGen: 155616K(222208K)->44672K(219136K) Eden: 118272K(118272K)->0K(125952K) From: 37344K(103936K)->44672K(93184K)
[438.311s][info][gc,heap        ] GC(1536) ParOldGen: 433898K(434176K)->433898K(434176K)
[438.311s][info][gc,metaspace   ] GC(1536) Metaspace: 18895K(19008K)->18895K(19008K) NonClass: 17066K(17152K)->17066K(17152K) Class: 1829K(1856K)->1829K(1856K)
[438.311s][info][gc             ] GC(1536) Pause Young (Allocation Failure) 575M->467M(638M) 44.479ms
[438.311s][info][gc,cpu         ] GC(1536) User=0.09s Sys=0.00s Real=0.04s
[438.647s][info][gc,start       ] GC(1537) Pause Young (Allocation Failure)
[438.690s][info][gc,heap        ] GC(1537) PSYoungGen: 170624K(219136K)->44768K(220672K) Eden: 125952K(125952K)->0K(125952K) From: 44672K(93184K)->44768K(94720K)
[438.690s][info][gc,heap        ] GC(1537) ParOldGen: 433898K(434176K)->433898K(434176K)
[438.690s][info][gc,metaspace   ] GC(1537) Metaspace: 18895K(19008K)->18895K(19008K) NonClass: 17066K(17152K)->17066K(17152K) Class: 1829K(1856K)->1829K(1856K)
[438.690s][info][gc             ] GC(1537) Pause Young (Allocation Failure) 590M->467M(639M) 42.614ms
[438.690s][info][gc,cpu         ] GC(1537) User=0.09s Sys=0.00s Real=0.04s
[439.001s][info][gc,start       ] GC(1538) Pause Young (Allocation Failure)
[439.044s][info][gc,heap        ] GC(1538) PSYoungGen: 170720K(220672K)->44800K(218112K) Eden: 125952K(125952K)->0K(132608K) From: 44768K(94720K)->44800K(85504K)
[439.044s][info][gc,heap        ] GC(1538) ParOldGen: 433898K(434176K)->433898K(434176K)
[439.044s][info][gc,metaspace   ] GC(1538) Metaspace: 18896K(19008K)->18896K(19008K) NonClass: 17066K(17152K)->17066K(17152K) Class: 1829K(1856K)->1829K(1856K)
[439.044s][info][gc             ] GC(1538) Pause Young (Allocation Failure) 590M->467M(637M) 43.356ms
[439.044s][info][gc,cpu         ] GC(1538) User=0.08s Sys=0.00s Real=0.05s
[439.375s][info][gc,start       ] GC(1539) Pause Young (Allocation Failure)
[439.427s][info][gc,heap        ] GC(1539) PSYoungGen: 177408K(218112K)->44832K(221696K) Eden: 132608K(132608K)->0K(132608K) From: 44800K(85504K)->44832K(89088K)
[439.427s][info][gc,heap        ] GC(1539) ParOldGen: 433898K(434176K)->433898K(434176K)
[439.427s][info][gc,metaspace   ] GC(1539) Metaspace: 18896K(19008K)->18896K(19008K) NonClass: 17066K(17152K)->17066K(17152K) Class: 1829K(1856K)->1829K(1856K)
[439.427s][info][gc             ] GC(1539) Pause Young (Allocation Failure) 596M->467M(640M) 52.411ms
[439.427s][info][gc,cpu         ] GC(1539) User=0.10s Sys=0.00s Real=0.05s
[439.590s][info][gc,start       ] GC(1540) Pause Young (Allocation Failure)
[439.652s][info][gc,heap        ] GC(1540) PSYoungGen: 177440K(221696K)->72438K(218112K) Eden: 132608K(132608K)->0K(131584K) From: 44832K(89088K)->72438K(86528K)
[439.652s][info][gc,heap        ] GC(1540) ParOldGen: 433898K(434176K)->433898K(434176K)
[439.652s][info][gc,metaspace   ] GC(1540) Metaspace: 18896K(19008K)->18896K(19008K) NonClass: 17066K(17152K)->17066K(17152K) Class: 1829K(1856K)->1829K(1856K)
[439.652s][info][gc             ] GC(1540) Pause Young (Allocation Failure) 597M->494M(637M) 62.180ms
[439.652s][info][gc,cpu         ] GC(1540) User=0.12s Sys=0.00s Real=0.06s
[439.715s][info][gc,start       ] GC(1541) Pause Young (Allocation Failure)
[439.825s][info][gc,heap        ] GC(1541) PSYoungGen: 204022K(218112K)->94182K(225792K) Eden: 131584K(131584K)->0K(131584K) From: 72438K(86528K)->94182K(94208K)
[439.825s][info][gc,heap        ] GC(1541) ParOldGen: 433898K(434176K)->462138K(462336K)
[439.825s][info][gc,metaspace   ] GC(1541) Metaspace: 18896K(19008K)->18896K(19008K) NonClass: 17066K(17152K)->17066K(17152K) Class: 1829K(1856K)->1829K(1856K)
[439.825s][info][gc             ] GC(1541) Pause Young (Allocation Failure) 622M->543M(672M) 110.705ms
[439.825s][info][gc,cpu         ] GC(1541) User=0.20s Sys=0.02s Real=0.11s
[440.008s][info][gc,start       ] GC(1542) Pause Young (Allocation Failure)
[440.105s][info][gc,heap        ] GC(1542) PSYoungGen: 225766K(225792K)->79478K(219648K) Eden: 131584K(131584K)->0K(111616K) From: 94182K(94208K)->79478K(108032K)
[440.105s][info][gc,heap        ] GC(1542) ParOldGen: 462138K(462336K)->480450K(480768K)
[440.105s][info][gc,metaspace   ] GC(1542) Metaspace: 18896K(19008K)->18896K(19008K) NonClass: 17066K(17152K)->17066K(17152K) Class: 1829K(1856K)->1829K(1856K)
[440.105s][info][gc             ] GC(1542) Pause Young (Allocation Failure) 671M->546M(684M) 97.954ms
[440.106s][info][gc,cpu         ] GC(1542) User=0.18s Sys=0.01s Real=0.10s
[440.280s][info][gc,start       ] GC(1543) Pause Young (Allocation Failure)
[440.395s][info][gc,heap        ] GC(1543) PSYoungGen: 191094K(219648K)->95436K(222720K) Eden: 111616K(111616K)->0K(111616K) From: 79478K(108032K)->95436K(111104K)
[440.395s][info][gc,heap        ] GC(1543) ParOldGen: 480450K(480768K)->483946K(484352K)
[440.395s][info][gc,metaspace   ] GC(1543) Metaspace: 18896K(19008K)->18896K(19008K) NonClass: 17066K(17152K)->17066K(17152K) Class: 1829K(1856K)->1829K(1856K)
[440.395s][info][gc             ] GC(1543) Pause Young (Allocation Failure) 655M->565M(690M) 115.178ms
[440.395s][info][gc,cpu         ] GC(1543) User=0.23s Sys=0.00s Real=0.12s
[440.548s][info][gc,start       ] GC(1544) Pause Young (Allocation Failure)
[440.667s][info][gc,heap        ] GC(1544) PSYoungGen: 207052K(222720K)->84771K(222720K) Eden: 111616K(111616K)->0K(111616K) From: 95436K(111104K)->84771K(111104K)
[440.667s][info][gc,heap        ] GC(1544) ParOldGen: 483946K(484352K)->506936K(507392K)
[440.667s][info][gc,metaspace   ] GC(1544) Metaspace: 18896K(19008K)->18896K(19008K) NonClass: 17066K(17152K)->17066K(17152K) Class: 1829K(1856K)->1829K(1856K)
[440.667s][info][gc             ] GC(1544) Pause Young (Allocation Failure) 674M->577M(713M) 119.794ms
[440.667s][info][gc,cpu         ] GC(1544) User=0.22s Sys=0.02s Real=0.12s
[440.770s][info][gc,start       ] GC(1545) Pause Young (Allocation Failure)
[440.868s][info][gc,heap        ] GC(1545) PSYoungGen: 196387K(222720K)->101676K(222720K) Eden: 111616K(111616K)->0K(111616K) From: 84771K(111104K)->101676K(111104K)
[440.868s][info][gc,heap        ] GC(1545) ParOldGen: 506936K(507392K)->507072K(507392K)
[440.868s][info][gc,metaspace   ] GC(1545) Metaspace: 18896K(19008K)->18896K(19008K) NonClass: 17066K(17152K)->17066K(17152K) Class: 1829K(1856K)->1829K(1856K)
[440.868s][info][gc             ] GC(1545) Pause Young (Allocation Failure) 686M->594M(713M) 98.784ms
[440.868s][info][gc,cpu         ] GC(1545) User=0.19s Sys=0.00s Real=0.10s
[440.961s][info][gc,start       ] GC(1546) Pause Young (Allocation Failure)
[441.095s][info][gc,heap        ] GC(1546) PSYoungGen: 213292K(222720K)->95068K(222720K) Eden: 111616K(111616K)->0K(111616K) From: 101676K(111104K)->95068K(111104K)
[441.095s][info][gc,heap        ] GC(1546) ParOldGen: 507072K(507392K)->534994K(535040K)
[441.095s][info][gc,metaspace   ] GC(1546) Metaspace: 18896K(19008K)->18896K(19008K) NonClass: 17066K(17152K)->17066K(17152K) Class: 1829K(1856K)->1829K(1856K)
[441.095s][info][gc             ] GC(1546) Pause Young (Allocation Failure) 703M->615M(740M) 134.288ms
[441.095s][info][gc,cpu         ] GC(1546) User=0.24s Sys=0.02s Real=0.14s
[441.160s][info][gc,start       ] GC(1547) Pause Young (Allocation Failure)
[441.275s][info][gc,heap        ] GC(1547) PSYoungGen: 206684K(222720K)->73884K(222720K) Eden: 111616K(111616K)->0K(111616K) From: 95068K(111104K)->73884K(111104K)
[441.275s][info][gc,heap        ] GC(1547) ParOldGen: 534994K(535040K)->560490K(560640K)
[441.275s][info][gc,metaspace   ] GC(1547) Metaspace: 18896K(19008K)->18896K(19008K) NonClass: 17066K(17152K)->17066K(17152K) Class: 1829K(1856K)->1829K(1856K)
[441.275s][info][gc             ] GC(1547) Pause Young (Allocation Failure) 724M->619M(765M) 115.375ms
[441.275s][info][gc,cpu         ] GC(1547) User=0.20s Sys=0.03s Real=0.12s
[441.322s][info][gc,start       ] GC(1548) Pause Young (Allocation Failure)
[441.439s][info][gc,heap        ] GC(1548) PSYoungGen: 185500K(222720K)->73840K(222720K) Eden: 111616K(111616K)->0K(111616K) From: 73884K(111104K)->73840K(111104K)
[441.439s][info][gc,heap        ] GC(1548) ParOldGen: 560490K(560640K)->592317K(592384K)
[441.440s][info][gc,metaspace   ] GC(1548) Metaspace: 18896K(19008K)->18896K(19008K) NonClass: 17066K(17152K)->17066K(17152K) Class: 1829K(1856K)->1829K(1856K)
[441.440s][info][gc             ] GC(1548) Pause Young (Allocation Failure) 728M->650M(796M) 117.862ms
[441.440s][info][gc,cpu         ] GC(1548) User=0.21s Sys=0.03s Real=0.12s
[441.521s][info][gc,start       ] GC(1549) Pause Young (Allocation Failure)
[441.602s][info][gc,heap        ] GC(1549) PSYoungGen: 185456K(222720K)->39744K(222720K) Eden: 111616K(111616K)->0K(111616K) From: 73840K(111104K)->39744K(111104K)
[441.602s][info][gc,heap        ] GC(1549) ParOldGen: 592317K(592384K)->630496K(630784K)
[441.602s][info][gc,metaspace   ] GC(1549) Metaspace: 18896K(19008K)->18896K(19008K) NonClass: 17066K(17152K)->17066K(17152K) Class: 1829K(1856K)->1829K(1856K)
[441.602s][info][gc             ] GC(1549) Pause Young (Allocation Failure) 759M->654M(833M) 81.070ms
[441.602s][info][gc,cpu         ] GC(1549) User=0.14s Sys=0.02s Real=0.08s
[441.662s][info][gc,start       ] GC(1550) Pause Full (Allocation Failure)
[441.662s][info][gc,phases,start] GC(1550) Marking Phase
[441.915s][info][gc,phases      ] GC(1550) Marking Phase 252.626ms
[441.915s][info][gc,phases,start] GC(1550) Summary Phase
[441.915s][info][gc,phases      ] GC(1550) Summary Phase 0.028ms
[441.915s][info][gc,phases,start] GC(1550) Forward
[441.984s][info][gc,phases      ] GC(1550) Forward 69.298ms
[441.984s][info][gc,phases,start] GC(1550) Adjust Pointers
[442.181s][info][gc,phases      ] GC(1550) Adjust Pointers 196.161ms
[442.181s][info][gc,phases,start] GC(1550) Compaction Phase
[442.296s][info][gc,phases      ] GC(1550) Compaction Phase 115.206ms
[442.302s][info][gc,phases,start] GC(1550) Post Compact
[442.304s][info][gc,phases      ] GC(1550) Post Compact 2.346ms
[442.304s][info][gc,heap        ] GC(1550) PSYoungGen: 151360K(222720K)->0K(222720K) Eden: 111616K(111616K)->0K(111616K) From: 39744K(111104K)->0K(111104K)
[442.304s][info][gc,heap        ] GC(1550) ParOldGen: 630496K(630784K)->386343K(667648K)
[442.304s][info][gc,metaspace   ] GC(1550) Metaspace: 18896K(19008K)->18896K(19008K) NonClass: 17066K(17152K)->17066K(17152K) Class: 1829K(1856K)->1829K(1856K)
[442.304s][info][gc             ] GC(1550) Pause Full (Allocation Failure) 763M->377M(869M) 642.271ms
[442.305s][info][gc,cpu         ] GC(1550) User=1.23s Sys=0.00s Real=0.65s
[442.365s][info][gc,start       ] GC(1551) Pause Young (Allocation Failure)
[442.371s][info][gc,heap        ] GC(1551) PSYoungGen: 111616K(222720K)->3776K(222720K) Eden: 111616K(111616K)->0K(111616K) From: 0K(111104K)->3776K(111104K)
[442.371s][info][gc,heap        ] GC(1551) ParOldGen: 386343K(667648K)->386343K(667648K)
[442.371s][info][gc,metaspace   ] GC(1551) Metaspace: 18896K(19008K)->18896K(19008K) NonClass: 17066K(17152K)->17066K(17152K) Class: 1829K(1856K)->1829K(1856K)
[442.371s][info][gc             ] GC(1551) Pause Young (Allocation Failure) 486M->380M(869M) 6.683ms
[442.371s][info][gc,cpu         ] GC(1551) User=0.01s Sys=0.00s Real=0.00s
[442.473s][info][gc,start       ] GC(1552) Pause Young (Allocation Failure)
[442.495s][info][gc,heap        ] GC(1552) PSYoungGen: 115391K(222720K)->9824K(222720K) Eden: 111615K(111616K)->0K(111616K) From: 3776K(111104K)->9824K(111104K)
[442.495s][info][gc,heap        ] GC(1552) ParOldGen: 386343K(667648K)->390087K(667648K)
[442.495s][info][gc,metaspace   ] GC(1552) Metaspace: 18896K(19008K)->18896K(19008K) NonClass: 17066K(17152K)->17066K(17152K) Class: 1829K(1856K)->1829K(1856K)
[442.495s][info][gc             ] GC(1552) Pause Young (Allocation Failure) 489M->390M(869M) 22.200ms
[442.495s][info][gc,cpu         ] GC(1552) User=0.04s Sys=0.00s Real=0.03s
[442.588s][info][gc,start       ] GC(1553) Pause Young (Allocation Failure)
[442.624s][info][gc,heap        ] GC(1553) PSYoungGen: 121440K(222720K)->22848K(222720K) Eden: 111616K(111616K)->0K(111616K) From: 9824K(111104K)->22848K(111104K)
[442.624s][info][gc,heap        ] GC(1553) ParOldGen: 390087K(667648K)->399919K(667648K)
[442.624s][info][gc,metaspace   ] GC(1553) Metaspace: 18896K(19008K)->18896K(19008K) NonClass: 17066K(17152K)->17066K(17152K) Class: 1829K(1856K)->1829K(1856K)
[442.624s][info][gc             ] GC(1553) Pause Young (Allocation Failure) 499M->412M(869M) 36.820ms
[442.624s][info][gc,cpu         ] GC(1553) User=0.07s Sys=0.00s Real=0.04s
[442.693s][info][gc,start       ] GC(1554) Pause Young (Allocation Failure)
[442.732s][info][gc,heap        ] GC(1554) PSYoungGen: 134464K(222720K)->14176K(222720K) Eden: 111616K(111616K)->0K(111616K) From: 22848K(111104K)->14176K(111104K)
[442.732s][info][gc,heap        ] GC(1554) ParOldGen: 399919K(667648K)->422823K(667648K)
[442.732s][info][gc,metaspace   ] GC(1554) Metaspace: 18896K(19008K)->18896K(19008K) NonClass: 17066K(17152K)->17066K(17152K) Class: 1829K(1856K)->1829K(1856K)
[442.732s][info][gc             ] GC(1554) Pause Young (Allocation Failure) 521M->426M(869M) 38.490ms
[442.732s][info][gc,cpu         ] GC(1554) User=0.07s Sys=0.00s Real=0.04s
[442.831s][info][gc,start       ] GC(1555) Pause Young (Allocation Failure)
[442.855s][info][gc,heap        ] GC(1555) PSYoungGen: 125792K(222720K)->5056K(222720K) Eden: 111616K(111616K)->0K(111616K) From: 14176K(111104K)->5056K(111104K)
[442.855s][info][gc,heap        ] GC(1555) ParOldGen: 422823K(667648K)->437029K(667648K)
[442.855s][info][gc,metaspace   ] GC(1555) Metaspace: 18896K(19008K)->18896K(19008K) NonClass: 17066K(17152K)->17066K(17152K) Class: 1829K(1856K)->1829K(1856K)
[442.855s][info][gc             ] GC(1555) Pause Young (Allocation Failure) 535M->431M(869M) 24.109ms
[442.855s][info][gc,cpu         ] GC(1555) User=0.05s Sys=0.00s Real=0.03s
[443.140s][info][gc,start       ] GC(1556) Pause Young (Allocation Failure)
[443.155s][info][gc,heap        ] GC(1556) PSYoungGen: 116672K(222720K)->8192K(222720K) Eden: 111616K(111616K)->0K(111616K) From: 5056K(111104K)->8192K(111104K)
[443.155s][info][gc,heap        ] GC(1556) ParOldGen: 437029K(667648K)->442077K(667648K)
[443.155s][info][gc,metaspace   ] GC(1556) Metaspace: 18896K(19008K)->18896K(19008K) NonClass: 17066K(17152K)->17066K(17152K) Class: 1829K(1856K)->1829K(1856K)
[443.155s][info][gc             ] GC(1556) Pause Young (Allocation Failure) 540M->439M(869M) 15.043ms
[443.155s][info][gc,cpu         ] GC(1556) User=0.03s Sys=0.00s Real=0.02s
[443.439s][info][gc,start       ] GC(1557) Pause Young (Allocation Failure)
[443.449s][info][gc,heap        ] GC(1557) PSYoungGen: 119808K(222720K)->176K(222720K) Eden: 111616K(111616K)->0K(111616K) From: 8192K(111104K)->176K(111104K)
[443.449s][info][gc,heap        ] GC(1557) ParOldGen: 442077K(667648K)->450245K(667648K)
[443.449s][info][gc,metaspace   ] GC(1557) Metaspace: 18896K(19008K)->18896K(19008K) NonClass: 17067K(17152K)->17067K(17152K) Class: 1829K(1856K)->1829K(1856K)
[443.449s][info][gc             ] GC(1557) Pause Young (Allocation Failure) 548M->439M(869M) 9.994ms
[443.449s][info][gc,cpu         ] GC(1557) User=0.01s Sys=0.00s Real=0.01s
[443.714s][info][gc,start       ] GC(1558) Pause Young (Allocation Failure)
[443.727s][info][gc,heap        ] GC(1558) PSYoungGen: 111792K(222720K)->6864K(222720K) Eden: 111616K(111616K)->0K(111616K) From: 176K(111104K)->6864K(111104K)
[443.727s][info][gc,heap        ] GC(1558) ParOldGen: 450245K(667648K)->450402K(667648K)
[443.727s][info][gc,metaspace   ] GC(1558) Metaspace: 18897K(19008K)->18897K(19008K) NonClass: 17068K(17152K)->17068K(17152K) Class: 1829K(1856K)->1829K(1856K)
[443.727s][info][gc             ] GC(1558) Pause Young (Allocation Failure) 548M->446M(869M) 13.105ms
[443.727s][info][gc,cpu         ] GC(1558) User=0.03s Sys=0.00s Real=0.01s
[443.857s][info][gc,start       ] GC(1559) Pause Young (Allocation Failure)
[443.877s][info][gc,heap        ] GC(1559) PSYoungGen: 118480K(222720K)->13536K(222720K) Eden: 111616K(111616K)->0K(111616K) From: 6864K(111104K)->13536K(111104K)
[443.877s][info][gc,heap        ] GC(1559) ParOldGen: 450402K(667648K)->457282K(667648K)
[443.877s][info][gc,metaspace   ] GC(1559) Metaspace: 18897K(19008K)->18897K(19008K) NonClass: 17068K(17152K)->17068K(17152K) Class: 1829K(1856K)->1829K(1856K)
[443.877s][info][gc             ] GC(1559) Pause Young (Allocation Failure) 555M->459M(869M) 19.930ms
[443.877s][info][gc,cpu         ] GC(1559) User=0.04s Sys=0.00s Real=0.02s
[444.020s][info][gc,start       ] GC(1560) Pause Young (Allocation Failure)
[444.038s][info][gc,heap        ] GC(1560) PSYoungGen: 125152K(222720K)->3936K(222720K) Eden: 111616K(111616K)->0K(111616K) From: 13536K(111104K)->3936K(111104K)
[444.038s][info][gc,heap        ] GC(1560) ParOldGen: 457282K(667648K)->470874K(667648K)
[444.038s][info][gc,metaspace   ] GC(1560) Metaspace: 18897K(19008K)->18897K(19008K) NonClass: 17068K(17152K)->17068K(17152K) Class: 1829K(1856K)->1829K(1856K)
[444.038s][info][gc             ] GC(1560) Pause Young (Allocation Failure) 568M->463M(869M) 17.488ms
[444.038s][info][gc,cpu         ] GC(1560) User=0.03s Sys=0.00s Real=0.02s
[444.118s][info][gc,start       ] GC(1561) Pause Young (Allocation Failure)
[444.152s][info][gc,heap        ] GC(1561) PSYoungGen: 115552K(222720K)->37408K(149504K) Eden: 111616K(111616K)->0K(111616K) From: 3936K(111104K)->37408K(37888K)
[444.152s][info][gc,heap        ] GC(1561) ParOldGen: 470874K(667648K)->474778K(667648K)
[444.152s][info][gc,metaspace   ] GC(1561) Metaspace: 18897K(19008K)->18897K(19008K) NonClass: 17068K(17152K)->17068K(17152K) Class: 1829K(1856K)->1829K(1856K)
[444.152s][info][gc             ] GC(1561) Pause Young (Allocation Failure) 572M->500M(798M) 33.983ms
[444.152s][info][gc,cpu         ] GC(1561) User=0.06s Sys=0.00s Real=0.03s
[444.231s][info][gc,start       ] GC(1562) Pause Young (Allocation Failure)
[444.279s][info][gc,heap        ] GC(1562) PSYoungGen: 149024K(149504K)->76608K(216576K) Eden: 111616K(111616K)->0K(108544K) From: 37408K(37888K)->76608K(108032K)
[444.279s][info][gc,heap        ] GC(1562) ParOldGen: 474778K(667648K)->474778K(667648K)
[444.279s][info][gc,metaspace   ] GC(1562) Metaspace: 18897K(19008K)->18897K(19008K) NonClass: 17068K(17152K)->17068K(17152K) Class: 1829K(1856K)->1829K(1856K)
[444.279s][info][gc             ] GC(1562) Pause Young (Allocation Failure) 609M->538M(863M) 48.252ms
[444.279s][info][gc,cpu         ] GC(1562) User=0.09s Sys=0.00s Real=0.05s
[444.443s][info][gc,start       ] GC(1563) Pause Young (Allocation Failure)
[444.494s][info][gc,heap        ] GC(1563) PSYoungGen: 185152K(216576K)->3200K(219648K) Eden: 108544K(108544K)->0K(108544K) From: 76608K(108032K)->3200K(111104K)
[444.494s][info][gc,heap        ] GC(1563) ParOldGen: 474778K(667648K)->552275K(667648K)
[444.494s][info][gc,metaspace   ] GC(1563) Metaspace: 18897K(19008K)->18897K(19008K) NonClass: 17068K(17152K)->17068K(17152K) Class: 1829K(1856K)->1829K(1856K)
[444.494s][info][gc             ] GC(1563) Pause Young (Allocation Failure) 644M->542M(866M) 51.115ms
[444.494s][info][gc,cpu         ] GC(1563) User=0.10s Sys=0.00s Real=0.06s
[444.660s][info][gc,start       ] GC(1564) Pause Young (Allocation Failure)
[444.701s][info][gc,heap        ] GC(1564) PSYoungGen: 111744K(219648K)->20264K(216576K) Eden: 108544K(108544K)->0K(111616K) From: 3200K(111104K)->20264K(104960K)
[444.701s][info][gc,heap        ] GC(1564) ParOldGen: 552275K(667648K)->555483K(667648K)
[444.701s][info][gc,metaspace   ] GC(1564) Metaspace: 18897K(19008K)->18897K(19008K) NonClass: 17068K(17152K)->17068K(17152K) Class: 1829K(1856K)->1829K(1856K)
[444.701s][info][gc             ] GC(1564) Pause Young (Allocation Failure) 648M->562M(863M) 41.433ms
[444.701s][info][gc,cpu         ] GC(1564) User=0.08s Sys=0.00s Real=0.04s
[444.824s][info][gc,start       ] GC(1565) Pause Young (Allocation Failure)
[444.877s][info][gc,heap        ] GC(1565) PSYoungGen: 131880K(216576K)->42591K(219648K) Eden: 111616K(111616K)->0K(111616K) From: 20264K(104960K)->42591K(108032K)
[444.877s][info][gc,heap        ] GC(1565) ParOldGen: 555483K(667648K)->555483K(667648K)
[444.877s][info][gc,metaspace   ] GC(1565) Metaspace: 18897K(19008K)->18897K(19008K) NonClass: 17068K(17152K)->17068K(17152K) Class: 1829K(1856K)->1829K(1856K)
[444.877s][info][gc             ] GC(1565) Pause Young (Allocation Failure) 671M->584M(866M) 52.727ms
[444.877s][info][gc,cpu         ] GC(1565) User=0.11s Sys=0.00s Real=0.05s
[445.018s][info][gc,start       ] GC(1566) Pause Young (Allocation Failure)
[445.095s][info][gc,heap        ] GC(1566) PSYoungGen: 154207K(219648K)->59167K(221696K) Eden: 111616K(111616K)->0K(116736K) From: 42591K(108032K)->59167K(104960K)
[445.095s][info][gc,heap        ] GC(1566) ParOldGen: 555483K(667648K)->555483K(667648K)
[445.095s][info][gc,metaspace   ] GC(1566) Metaspace: 18897K(19008K)->18897K(19008K) NonClass: 17068K(17152K)->17068K(17152K) Class: 1829K(1856K)->1829K(1856K)
[445.095s][info][gc             ] GC(1566) Pause Young (Allocation Failure) 693M->600M(868M) 76.851ms
[445.095s][info][gc,cpu         ] GC(1566) User=0.15s Sys=0.00s Real=0.08s
[445.175s][info][gc,start       ] GC(1567) Pause Young (Allocation Failure)
[445.246s][info][gc,heap        ] GC(1567) PSYoungGen: 175903K(221696K)->62655K(179712K) Eden: 116736K(116736K)->0K(116736K) From: 59167K(104960K)->62655K(62976K)
[445.246s][info][gc,heap        ] GC(1567) ParOldGen: 555483K(667648K)->555483K(667648K)
[445.246s][info][gc,metaspace   ] GC(1567) Metaspace: 18897K(19008K)->18897K(19008K) NonClass: 17068K(17152K)->17068K(17152K) Class: 1829K(1856K)->1829K(1856K)
[445.247s][info][gc             ] GC(1567) Pause Young (Allocation Failure) 714M->603M(827M) 71.527ms
[445.247s][info][gc,cpu         ] GC(1567) User=0.14s Sys=0.00s Real=0.07s
[445.352s][info][gc,start       ] GC(1568) Pause Young (Allocation Failure)
[445.428s][info][gc,heap        ] GC(1568) PSYoungGen: 179391K(179712K)->68287K(222720K) Eden: 116736K(116736K)->0K(111616K) From: 62655K(62976K)->68287K(111104K)
[445.428s][info][gc,heap        ] GC(1568) ParOldGen: 555483K(667648K)->555483K(667648K)
[445.428s][info][gc,metaspace   ] GC(1568) Metaspace: 18897K(19008K)->18897K(19008K) NonClass: 17068K(17152K)->17068K(17152K) Class: 1829K(1856K)->1829K(1856K)
[445.428s][info][gc             ] GC(1568) Pause Young (Allocation Failure) 717M->609M(869M) 76.258ms
[445.428s][info][gc,cpu         ] GC(1568) User=0.15s Sys=0.00s Real=0.08s
[445.519s][info][gc,start       ] GC(1569) Pause Young (Allocation Failure)
[445.607s][info][gc,heap        ] GC(1569) PSYoungGen: 179903K(222720K)->39794K(151552K) Eden: 111616K(111616K)->0K(111616K) From: 68287K(111104K)->39794K(39936K)
[445.608s][info][gc,heap        ] GC(1569) ParOldGen: 555483K(667648K)->598161K(667648K)
[445.608s][info][gc,metaspace   ] GC(1569) Metaspace: 18897K(19008K)->18897K(19008K) NonClass: 17068K(17152K)->17068K(17152K) Class: 1829K(1856K)->1829K(1856K)
[445.608s][info][gc             ] GC(1569) Pause Young (Allocation Failure) 718M->623M(800M) 88.201ms
[445.608s][info][gc,cpu         ] GC(1569) User=0.18s Sys=0.00s Real=0.09s
[445.653s][info][gc,start       ] GC(1570) Pause Young (Allocation Failure)
[445.712s][info][gc,heap        ] GC(1570) PSYoungGen: 151410K(151552K)->75154K(216576K) Eden: 111616K(111616K)->0K(108544K) From: 39794K(39936K)->75154K(108032K)
[445.712s][info][gc,heap        ] GC(1570) ParOldGen: 598161K(667648K)->598161K(667648K)
[445.712s][info][gc,metaspace   ] GC(1570) Metaspace: 18897K(19008K)->18897K(19008K) NonClass: 17068K(17152K)->17068K(17152K) Class: 1829K(1856K)->1829K(1856K)
[445.712s][info][gc             ] GC(1570) Pause Young (Allocation Failure) 732M->657M(863M) 59.387ms
[445.712s][info][gc,cpu         ] GC(1570) User=0.12s Sys=0.00s Real=0.06s
[445.753s][info][gc,start       ] GC(1571) Pause Young (Allocation Failure)
[445.828s][info][gc,heap        ] GC(1571) PSYoungGen: 183698K(216576K)->85154K(219648K) Eden: 108544K(108544K)->0K(108544K) From: 75154K(108032K)->85154K(111104K)
[445.828s][info][gc,heap        ] GC(1571) ParOldGen: 598161K(667648K)->618305K(667648K)
[445.828s][info][gc,metaspace   ] GC(1571) Metaspace: 18897K(19008K)->18897K(19008K) NonClass: 17068K(17152K)->17068K(17152K) Class: 1829K(1856K)->1829K(1856K)
[445.828s][info][gc             ] GC(1571) Pause Young (Allocation Failure) 763M->686M(866M) 75.441ms
[445.828s][info][gc,cpu         ] GC(1571) User=0.15s Sys=0.00s Real=0.08s
[445.976s][info][gc,start       ] GC(1572) Pause Full (Allocation Failure)
[445.977s][info][gc,phases,start] GC(1572) Marking Phase
[446.285s][info][gc,phases      ] GC(1572) Marking Phase 308.243ms
[446.285s][info][gc,phases,start] GC(1572) Summary Phase
[446.285s][info][gc,phases      ] GC(1572) Summary Phase 0.029ms
[446.285s][info][gc,phases,start] GC(1572) Forward
[446.376s][info][gc,phases      ] GC(1572) Forward 91.631ms
[446.377s][info][gc,phases,start] GC(1572) Adjust Pointers
[446.616s][info][gc,phases      ] GC(1572) Adjust Pointers 239.070ms
[446.616s][info][gc,phases,start] GC(1572) Compaction Phase
[446.758s][info][gc,phases      ] GC(1572) Compaction Phase 142.201ms
[446.765s][info][gc,phases,start] GC(1572) Post Compact
[446.767s][info][gc,phases      ] GC(1572) Post Compact 2.424ms
[446.767s][info][gc,heap        ] GC(1572) PSYoungGen: 193698K(219648K)->0K(222720K) Eden: 108544K(108544K)->0K(111616K) From: 85154K(111104K)->0K(111104K)
[446.767s][info][gc,heap        ] GC(1572) ParOldGen: 618305K(667648K)->472573K(667648K)
[446.767s][info][gc,metaspace   ] GC(1572) Metaspace: 18897K(19008K)->18897K(19008K) NonClass: 17068K(17152K)->17068K(17152K) Class: 1829K(1856K)->1829K(1856K)
[446.767s][info][gc             ] GC(1572) Pause Full (Allocation Failure) 792M->461M(869M) 790.765ms
[446.767s][info][gc,cpu         ] GC(1572) User=1.52s Sys=0.00s Real=0.79s
[446.897s][info][gc,start       ] GC(1573) Pause Young (Allocation Failure)
[446.919s][info][gc,heap        ] GC(1573) PSYoungGen: 111616K(222720K)->8288K(222720K) Eden: 111616K(111616K)->0K(111616K) From: 0K(111104K)->8288K(111104K)
[446.919s][info][gc,heap        ] GC(1573) ParOldGen: 472573K(667648K)->472573K(667648K)
[446.919s][info][gc,metaspace   ] GC(1573) Metaspace: 18897K(19008K)->18897K(19008K) NonClass: 17068K(17152K)->17068K(17152K) Class: 1829K(1856K)->1829K(1856K)
[446.919s][info][gc             ] GC(1573) Pause Young (Allocation Failure) 570M->469M(869M) 21.289ms
[446.919s][info][gc,cpu         ] GC(1573) User=0.05s Sys=0.00s Real=0.02s
[447.038s][info][gc,start       ] GC(1574) Pause Young (Allocation Failure)
[447.098s][info][gc,heap        ] GC(1574) PSYoungGen: 119904K(222720K)->47696K(222720K) Eden: 111616K(111616K)->0K(111616K) From: 8288K(111104K)->47696K(111104K)
[447.098s][info][gc,heap        ] GC(1574) ParOldGen: 472573K(667648K)->472573K(667648K)
[447.098s][info][gc,metaspace   ] GC(1574) Metaspace: 18897K(19008K)->18897K(19008K) NonClass: 17068K(17152K)->17068K(17152K) Class: 1829K(1856K)->1829K(1856K)
[447.099s][info][gc             ] GC(1574) Pause Young (Allocation Failure) 578M->508M(869M) 60.739ms
[447.099s][info][gc,cpu         ] GC(1574) User=0.12s Sys=0.00s Real=0.06s
[447.230s][info][gc,start       ] GC(1575) Pause Young (Allocation Failure)
[447.309s][info][gc,heap        ] GC(1575) PSYoungGen: 159312K(222720K)->19712K(222720K) Eden: 111616K(111616K)->0K(111616K) From: 47696K(111104K)->19712K(111104K)
[447.309s][info][gc,heap        ] GC(1575) ParOldGen: 472573K(667648K)->520390K(667648K)
[447.309s][info][gc,metaspace   ] GC(1575) Metaspace: 18897K(19008K)->18897K(19008K) NonClass: 17068K(17152K)->17068K(17152K) Class: 1829K(1856K)->1829K(1856K)
[447.309s][info][gc             ] GC(1575) Pause Young (Allocation Failure) 617M->527M(869M) 79.029ms
[447.309s][info][gc,cpu         ] GC(1575) User=0.16s Sys=0.00s Real=0.08s
[447.456s][info][gc,start       ] GC(1576) Pause Young (Allocation Failure)
[447.491s][info][gc,heap        ] GC(1576) PSYoungGen: 131328K(222720K)->15232K(220672K) Eden: 111616K(111616K)->0K(111616K) From: 19712K(111104K)->15232K(109056K)
[447.491s][info][gc,heap        ] GC(1576) ParOldGen: 520390K(667648K)->540126K(667648K)
[447.491s][info][gc,metaspace   ] GC(1576) Metaspace: 18897K(19008K)->18897K(19008K) NonClass: 17068K(17152K)->17068K(17152K) Class: 1829K(1856K)->1829K(1856K)
[447.491s][info][gc             ] GC(1576) Pause Young (Allocation Failure) 636M->542M(867M) 35.267ms
[447.491s][info][gc,cpu         ] GC(1576) User=0.07s Sys=0.00s Real=0.03s
[447.599s][info][gc,start       ] GC(1577) Pause Young (Allocation Failure)
[447.619s][info][gc,heap        ] GC(1577) PSYoungGen: 126848K(220672K)->15904K(221696K) Eden: 111616K(111616K)->0K(111616K) From: 15232K(109056K)->15904K(110080K)
[447.619s][info][gc,heap        ] GC(1577) ParOldGen: 540126K(667648K)->540126K(667648K)
[447.619s][info][gc,metaspace   ] GC(1577) Metaspace: 18897K(19008K)->18897K(19008K) NonClass: 17068K(17152K)->17068K(17152K) Class: 1829K(1856K)->1829K(1856K)
[447.619s][info][gc             ] GC(1577) Pause Young (Allocation Failure) 651M->542M(868M) 19.597ms
[447.619s][info][gc,cpu         ] GC(1577) User=0.03s Sys=0.00s Real=0.02s
[447.737s][info][gc,start       ] GC(1578) Pause Young (Allocation Failure)
[447.758s][info][gc,heap        ] GC(1578) PSYoungGen: 127520K(221696K)->16320K(218624K) Eden: 111616K(111616K)->0K(116736K) From: 15904K(110080K)->16320K(101888K)
[447.758s][info][gc,heap        ] GC(1578) ParOldGen: 540126K(667648K)->540126K(667648K)
[447.758s][info][gc,metaspace   ] GC(1578) Metaspace: 18897K(19008K)->18897K(19008K) NonClass: 17068K(17152K)->17068K(17152K) Class: 1829K(1856K)->1829K(1856K)
[447.758s][info][gc             ] GC(1578) Pause Young (Allocation Failure) 651M->543M(865M) 20.819ms
[447.758s][info][gc,cpu         ] GC(1578) User=0.04s Sys=0.00s Real=0.02s
[447.890s][info][gc,start       ] GC(1579) Pause Young (Allocation Failure)
[447.913s][info][gc,heap        ] GC(1579) PSYoungGen: 133056K(218624K)->20256K(220160K) Eden: 116736K(116736K)->0K(116736K) From: 16320K(101888K)->20256K(103424K)
[447.913s][info][gc,heap        ] GC(1579) ParOldGen: 540126K(667648K)->540126K(667648K)
[447.913s][info][gc,metaspace   ] GC(1579) Metaspace: 18897K(19008K)->18897K(19008K) NonClass: 17068K(17152K)->17068K(17152K) Class: 1829K(1856K)->1829K(1856K)
[447.913s][info][gc             ] GC(1579) Pause Young (Allocation Failure) 657M->547M(867M) 22.915ms
[447.913s][info][gc,cpu         ] GC(1579) User=0.05s Sys=0.00s Real=0.02s
[448.155s][info][gc,start       ] GC(1580) Pause Young (Allocation Failure)
[448.191s][info][gc,heap        ] GC(1580) PSYoungGen: 136992K(220160K)->33520K(211456K) Eden: 116736K(116736K)->0K(125440K) From: 20256K(103424K)->33520K(86016K)
[448.191s][info][gc,heap        ] GC(1580) ParOldGen: 540126K(667648K)->540126K(667648K)
[448.191s][info][gc,metaspace   ] GC(1580) Metaspace: 18897K(19008K)->18897K(19008K) NonClass: 17068K(17152K)->17068K(17152K) Class: 1829K(1856K)->1829K(1856K)
[448.191s][info][gc             ] GC(1580) Pause Young (Allocation Failure) 661M->560M(858M) 35.929ms
[448.191s][info][gc,cpu         ] GC(1580) User=0.07s Sys=0.00s Real=0.03s
[448.389s][info][gc,start       ] GC(1581) Pause Young (Allocation Failure)
[448.440s][info][gc,heap        ] GC(1581) PSYoungGen: 158960K(211456K)->48832K(218112K) Eden: 125440K(125440K)->0K(125440K) From: 33520K(86016K)->48832K(92672K)
[448.440s][info][gc,heap        ] GC(1581) ParOldGen: 540126K(667648K)->540126K(667648K)
[448.440s][info][gc,metaspace   ] GC(1581) Metaspace: 18897K(19008K)->18897K(19008K) NonClass: 17068K(17152K)->17068K(17152K) Class: 1829K(1856K)->1829K(1856K)
[448.441s][info][gc             ] GC(1581) Pause Young (Allocation Failure) 682M->575M(865M) 51.835ms
[448.441s][info][gc,cpu         ] GC(1581) User=0.10s Sys=0.00s Real=0.05s
[448.854s][info][gc,start       ] GC(1582) Pause Young (Allocation Failure)
[448.901s][info][gc,heap        ] GC(1582) PSYoungGen: 174272K(218112K)->49104K(224768K) Eden: 125440K(125440K)->0K(133632K) From: 48832K(92672K)->49104K(91136K)
[448.901s][info][gc,heap        ] GC(1582) ParOldGen: 540126K(667648K)->540126K(667648K)
[448.901s][info][gc,metaspace   ] GC(1582) Metaspace: 18897K(19008K)->18897K(19008K) NonClass: 17068K(17152K)->17068K(17152K) Class: 1829K(1856K)->1829K(1856K)
[448.901s][info][gc             ] GC(1582) Pause Young (Allocation Failure) 697M->575M(871M) 46.714ms
[448.901s][info][gc,cpu         ] GC(1582) User=0.10s Sys=0.00s Real=0.04s
[449.257s][info][gc,start       ] GC(1583) Pause Young (Allocation Failure)
[449.303s][info][gc,heap        ] GC(1583) PSYoungGen: 182736K(224768K)->48880K(225792K) Eden: 133632K(133632K)->0K(133632K) From: 49104K(91136K)->48880K(92160K)
[449.303s][info][gc,heap        ] GC(1583) ParOldGen: 540126K(667648K)->540126K(667648K)
[449.303s][info][gc,metaspace   ] GC(1583) Metaspace: 18897K(19008K)->18897K(19008K) NonClass: 17068K(17152K)->17068K(17152K) Class: 1829K(1856K)->1829K(1856K)
[449.303s][info][gc             ] GC(1583) Pause Young (Allocation Failure) 705M->575M(872M) 46.883ms
[449.303s][info][gc,cpu         ] GC(1583) User=0.09s Sys=0.01s Real=0.05s
[449.624s][info][gc,start       ] GC(1584) Pause Young (Allocation Failure)
[449.675s][info][gc,heap        ] GC(1584) PSYoungGen: 182512K(225792K)->48880K(230400K) Eden: 133632K(133632K)->0K(141824K) From: 48880K(92160K)->48880K(88576K)
[449.675s][info][gc,heap        ] GC(1584) ParOldGen: 540126K(667648K)->540126K(667648K)
[449.675s][info][gc,metaspace   ] GC(1584) Metaspace: 18897K(19008K)->18897K(19008K) NonClass: 17068K(17152K)->17068K(17152K) Class: 1829K(1856K)->1829K(1856K)
[449.675s][info][gc             ] GC(1584) Pause Young (Allocation Failure) 705M->575M(877M) 50.270ms
[449.675s][info][gc,cpu         ] GC(1584) User=0.10s Sys=0.00s Real=0.05s
[450.023s][info][gc,start       ] GC(1585) Pause Young (Allocation Failure)
[450.069s][info][gc,heap        ] GC(1585) PSYoungGen: 190704K(230400K)->48864K(231936K) Eden: 141824K(141824K)->0K(141824K) From: 48880K(88576K)->48864K(90112K)
[450.070s][info][gc,heap        ] GC(1585) ParOldGen: 540126K(667648K)->540126K(667648K)
[450.070s][info][gc,metaspace   ] GC(1585) Metaspace: 18897K(19008K)->18897K(19008K) NonClass: 17068K(17152K)->17068K(17152K) Class: 1829K(1856K)->1829K(1856K)
[450.070s][info][gc             ] GC(1585) Pause Young (Allocation Failure) 713M->575M(878M) 46.473ms
[450.070s][info][gc,cpu         ] GC(1585) User=0.09s Sys=0.00s Real=0.05s
[450.395s][info][gc,start       ] GC(1586) Pause Young (Allocation Failure)
[450.451s][info][gc,heap        ] GC(1586) PSYoungGen: 190688K(231936K)->48896K(236544K) Eden: 141824K(141824K)->0K(150528K) From: 48864K(90112K)->48896K(86016K)
[450.451s][info][gc,heap        ] GC(1586) ParOldGen: 540126K(667648K)->540126K(667648K)
[450.451s][info][gc,metaspace   ] GC(1586) Metaspace: 18897K(19008K)->18897K(19008K) NonClass: 17068K(17152K)->17068K(17152K) Class: 1829K(1856K)->1829K(1856K)
[450.451s][info][gc             ] GC(1586) Pause Young (Allocation Failure) 713M->575M(883M) 56.019ms
[450.451s][info][gc,cpu         ] GC(1586) User=0.11s Sys=0.00s Real=0.05s
[450.787s][info][gc,start       ] GC(1587) Pause Young (Allocation Failure)
[450.834s][info][gc,heap        ] GC(1587) PSYoungGen: 199424K(236544K)->49424K(237568K) Eden: 150528K(150528K)->0K(150528K) From: 48896K(86016K)->49424K(87040K)
[450.834s][info][gc,heap        ] GC(1587) ParOldGen: 540126K(667648K)->540126K(667648K)
[450.834s][info][gc,metaspace   ] GC(1587) Metaspace: 18897K(19008K)->18897K(19008K) NonClass: 17068K(17152K)->17068K(17152K) Class: 1829K(1856K)->1829K(1856K)
[450.834s][info][gc             ] GC(1587) Pause Young (Allocation Failure) 722M->575M(884M) 47.299ms
[450.834s][info][gc,cpu         ] GC(1587) User=0.09s Sys=0.00s Real=0.05s
[450.928s][info][gc,start       ] GC(1588) Pause Young (Allocation Failure)
[451.023s][info][gc,heap        ] GC(1588) PSYoungGen: 199952K(237568K)->86000K(210944K) Eden: 150528K(150528K)->0K(124928K) From: 49424K(87040K)->86000K(86016K)
[451.023s][info][gc,heap        ] GC(1588) ParOldGen: 540126K(667648K)->557342K(667648K)
[451.024s][info][gc,metaspace   ] GC(1588) Metaspace: 18897K(19008K)->18897K(19008K) NonClass: 17068K(17152K)->17068K(17152K) Class: 1829K(1856K)->1829K(1856K)
[451.024s][info][gc             ] GC(1588) Pause Young (Allocation Failure) 722M->628M(858M) 95.091ms
[451.024s][info][gc,cpu         ] GC(1588) User=0.17s Sys=0.02s Real=0.10s
[451.200s][info][gc,start       ] GC(1589) Pause Young (Allocation Failure)
[451.289s][info][gc,heap        ] GC(1589) PSYoungGen: 210928K(210944K)->94512K(219648K) Eden: 124928K(124928K)->0K(124928K) From: 86000K(86016K)->94512K(94720K)
[451.289s][info][gc,heap        ] GC(1589) ParOldGen: 557342K(667648K)->573278K(667648K)
[451.289s][info][gc,metaspace   ] GC(1589) Metaspace: 18898K(19008K)->18898K(19008K) NonClass: 17068K(17152K)->17068K(17152K) Class: 1829K(1856K)->1829K(1856K)
[451.289s][info][gc             ] GC(1589) Pause Young (Allocation Failure) 750M->652M(866M) 89.552ms
[451.289s][info][gc,cpu         ] GC(1589) User=0.18s Sys=0.00s Real=0.09s
[451.445s][info][gc,start       ] GC(1590) Pause Young (Allocation Failure)
[451.531s][info][gc,heap        ] GC(1590) PSYoungGen: 219440K(219648K)->97616K(222720K) Eden: 124928K(124928K)->0K(111616K) From: 94512K(94720K)->97616K(111104K)
[451.532s][info][gc,heap        ] GC(1590) ParOldGen: 573278K(667648K)->577630K(667648K)
[451.532s][info][gc,metaspace   ] GC(1590) Metaspace: 18898K(19008K)->18898K(19008K) NonClass: 17068K(17152K)->17068K(17152K) Class: 1829K(1856K)->1829K(1856K)
[451.532s][info][gc             ] GC(1590) Pause Young (Allocation Failure) 774M->659M(869M) 86.624ms
[451.532s][info][gc,cpu         ] GC(1590) User=0.17s Sys=0.00s Real=0.08s
[451.673s][info][gc,start       ] GC(1591) Pause Young (Allocation Failure)
[451.797s][info][gc,heap        ] GC(1591) PSYoungGen: 209232K(222720K)->99872K(222720K) Eden: 111616K(111616K)->0K(111616K) From: 97616K(111104K)->99872K(111104K)
[451.797s][info][gc,heap        ] GC(1591) ParOldGen: 577630K(667648K)->606319K(667648K)
[451.797s][info][gc,metaspace   ] GC(1591) Metaspace: 18898K(19008K)->18898K(19008K) NonClass: 17068K(17152K)->17068K(17152K) Class: 1829K(1856K)->1829K(1856K)
[451.797s][info][gc             ] GC(1591) Pause Young (Allocation Failure) 768M->689M(869M) 123.880ms
[451.797s][info][gc,cpu         ] GC(1591) User=0.25s Sys=0.00s Real=0.12s
[451.907s][info][gc,start       ] GC(1592) Pause Young (Allocation Failure)
[452.023s][info][gc,heap        ] GC(1592) PSYoungGen: 211488K(222720K)->111088K(222720K) Eden: 111616K(111616K)->0K(111616K) From: 99872K(111104K)->111088K(111104K)
[452.023s][info][gc,heap        ] GC(1592) ParOldGen: 606319K(667648K)->616839K(667648K)
[452.023s][info][gc,metaspace   ] GC(1592) Metaspace: 18898K(19008K)->18898K(19008K) NonClass: 17068K(17152K)->17068K(17152K) Class: 1829K(1856K)->1829K(1856K)
[452.023s][info][gc             ] GC(1592) Pause Young (Allocation Failure) 798M->710M(869M) 116.002ms
[452.023s][info][gc,cpu         ] GC(1592) User=0.23s Sys=0.00s Real=0.12s
[452.122s][info][gc,start       ] GC(1593) Pause Young (Allocation Failure)
[452.238s][info][gc,heap        ] GC(1593) PSYoungGen: 222704K(222720K)->111072K(222720K) Eden: 111616K(111616K)->0K(111616K) From: 111088K(111104K)->111072K(111104K)
[452.238s][info][gc,heap        ] GC(1593) ParOldGen: 616839K(667648K)->621458K(667648K)
[452.238s][info][gc,metaspace   ] GC(1593) Metaspace: 18898K(19008K)->18898K(19008K) NonClass: 17068K(17152K)->17068K(17152K) Class: 1829K(1856K)->1829K(1856K)
[452.238s][info][gc             ] GC(1593) Pause Young (Allocation Failure) 819M->715M(869M) 116.336ms
[452.238s][info][gc,cpu         ] GC(1593) User=0.23s Sys=0.00s Real=0.12s
[452.322s][info][gc,start       ] GC(1594) Pause Young (Allocation Failure)
[452.437s][info][gc,heap        ] GC(1594) PSYoungGen: 222688K(222720K)->111088K(222720K) Eden: 111616K(111616K)->0K(111616K) From: 111072K(111104K)->111088K(111104K)
[452.437s][info][gc,heap        ] GC(1594) ParOldGen: 621458K(667648K)->626426K(667648K)
[452.437s][info][gc,metaspace   ] GC(1594) Metaspace: 18910K(19008K)->18910K(19008K) NonClass: 17081K(17152K)->17081K(17152K) Class: 1829K(1856K)->1829K(1856K)
[452.437s][info][gc             ] GC(1594) Pause Young (Allocation Failure) 824M->720M(869M) 115.129ms
[452.437s][info][gc,cpu         ] GC(1594) User=0.22s Sys=0.00s Real=0.12s
[452.527s][info][gc,start       ] GC(1595) Pause Full (Allocation Failure)
[452.527s][info][gc,phases,start] GC(1595) Marking Phase
[452.787s][info][gc,phases      ] GC(1595) Marking Phase 259.900ms
[452.787s][info][gc,phases,start] GC(1595) Summary Phase
[452.787s][info][gc,phases      ] GC(1595) Summary Phase 0.028ms
[452.787s][info][gc,phases,start] GC(1595) Forward
[452.850s][info][gc,phases      ] GC(1595) Forward 62.893ms
[452.850s][info][gc,phases,start] GC(1595) Adjust Pointers
[453.051s][info][gc,phases      ] GC(1595) Adjust Pointers 201.508ms
[453.051s][info][gc,phases,start] GC(1595) Compaction Phase
[453.168s][info][gc,phases      ] GC(1595) Compaction Phase 116.528ms
[453.177s][info][gc,phases,start] GC(1595) Post Compact
[453.180s][info][gc,phases      ] GC(1595) Post Compact 2.533ms
[453.180s][info][gc,heap        ] GC(1595) PSYoungGen: 222704K(222720K)->0K(222720K) Eden: 111616K(111616K)->0K(111616K) From: 111088K(111104K)->0K(111104K)
[453.180s][info][gc,heap        ] GC(1595) ParOldGen: 626426K(667648K)->383861K(660992K)
[453.180s][info][gc,metaspace   ] GC(1595) Metaspace: 18911K(19008K)->18911K(19008K) NonClass: 17081K(17152K)->17081K(17152K) Class: 1829K(1856K)->1829K(1856K)
[453.180s][info][gc             ] GC(1595) Pause Full (Allocation Failure) 829M->374M(863M) 653.285ms
[453.180s][info][gc,cpu         ] GC(1595) User=1.26s Sys=0.01s Real=0.65s
[453.269s][info][gc,start       ] GC(1596) Pause Young (Allocation Failure)
[453.284s][info][gc,heap        ] GC(1596) PSYoungGen: 111616K(222720K)->9232K(222720K) Eden: 111616K(111616K)->0K(111616K) From: 0K(111104K)->9232K(111104K)
[453.285s][info][gc,heap        ] GC(1596) ParOldGen: 383861K(660992K)->383861K(660992K)
[453.285s][info][gc,metaspace   ] GC(1596) Metaspace: 18913K(19008K)->18913K(19008K) NonClass: 17084K(17152K)->17084K(17152K) Class: 1829K(1856K)->1829K(1856K)
[453.285s][info][gc             ] GC(1596) Pause Young (Allocation Failure) 483M->383M(863M) 15.384ms
[453.285s][info][gc,cpu         ] GC(1596) User=0.03s Sys=0.00s Real=0.02s
[453.359s][info][gc,start       ] GC(1597) Pause Young (Allocation Failure)
[453.371s][info][gc,heap        ] GC(1597) PSYoungGen: 120848K(222720K)->11232K(222720K) Eden: 111616K(111616K)->0K(111616K) From: 9232K(111104K)->11232K(111104K)
[453.371s][info][gc,heap        ] GC(1597) ParOldGen: 383861K(660992K)->383861K(660992K)
[453.371s][info][gc,metaspace   ] GC(1597) Metaspace: 18913K(19008K)->18913K(19008K) NonClass: 17084K(17152K)->17084K(17152K) Class: 1829K(1856K)->1829K(1856K)
[453.371s][info][gc             ] GC(1597) Pause Young (Allocation Failure) 492M->385M(863M) 11.866ms
[453.371s][info][gc,cpu         ] GC(1597) User=0.02s Sys=0.00s Real=0.01s
[453.461s][info][gc,start       ] GC(1598) Pause Young (Allocation Failure)
[453.490s][info][gc,heap        ] GC(1598) PSYoungGen: 122848K(222720K)->34016K(222720K) Eden: 111616K(111616K)->0K(111616K) From: 11232K(111104K)->34016K(111104K)
[453.490s][info][gc,heap        ] GC(1598) ParOldGen: 383861K(660992K)->383861K(660992K)
[453.490s][info][gc,metaspace   ] GC(1598) Metaspace: 18913K(19008K)->18913K(19008K) NonClass: 17084K(17152K)->17084K(17152K) Class: 1829K(1856K)->1829K(1856K)
[453.490s][info][gc             ] GC(1598) Pause Young (Allocation Failure) 494M->408M(863M) 29.021ms
[453.490s][info][gc,cpu         ] GC(1598) User=0.05s Sys=0.00s Real=0.03s
[453.586s][info][gc,start       ] GC(1599) Pause Young (Allocation Failure)
[453.625s][info][gc,heap        ] GC(1599) PSYoungGen: 145632K(222720K)->34432K(222720K) Eden: 111616K(111616K)->0K(111616K) From: 34016K(111104K)->34432K(111104K)
[453.625s][info][gc,heap        ] GC(1599) ParOldGen: 383861K(660992K)->391293K(660992K)
[453.625s][info][gc,metaspace   ] GC(1599) Metaspace: 18913K(19008K)->18913K(19008K) NonClass: 17084K(17152K)->17084K(17152K) Class: 1829K(1856K)->1829K(1856K)
[453.625s][info][gc             ] GC(1599) Pause Young (Allocation Failure) 517M->415M(863M) 38.945ms
[453.625s][info][gc,cpu         ] GC(1599) User=0.08s Sys=0.00s Real=0.04s
[453.711s][info][gc,start       ] GC(1600) Pause Young (Allocation Failure)
[453.763s][info][gc,heap        ] GC(1600) PSYoungGen: 146048K(222720K)->36128K(222720K) Eden: 111616K(111616K)->0K(111616K) From: 34432K(111104K)->36128K(111104K)
[453.763s][info][gc,heap        ] GC(1600) ParOldGen: 391293K(660992K)->411837K(660992K)
[453.763s][info][gc,metaspace   ] GC(1600) Metaspace: 18913K(19008K)->18913K(19008K) NonClass: 17084K(17152K)->17084K(17152K) Class: 1829K(1856K)->1829K(1856K)
[453.763s][info][gc             ] GC(1600) Pause Young (Allocation Failure) 524M->437M(863M) 52.782ms
[453.763s][info][gc,cpu         ] GC(1600) User=0.11s Sys=0.00s Real=0.05s
[453.864s][info][gc,start       ] GC(1601) Pause Young (Allocation Failure)
[453.913s][info][gc,heap        ] GC(1601) PSYoungGen: 147744K(222720K)->8544K(222720K) Eden: 111616K(111616K)->0K(111616K) From: 36128K(111104K)->8544K(111104K)
[453.913s][info][gc,heap        ] GC(1601) ParOldGen: 411837K(660992K)->448038K(660992K)
[453.913s][info][gc,metaspace   ] GC(1601) Metaspace: 18913K(19008K)->18913K(19008K) NonClass: 17084K(17152K)->17084K(17152K) Class: 1829K(1856K)->1829K(1856K)
[453.913s][info][gc             ] GC(1601) Pause Young (Allocation Failure) 546M->445M(863M) 49.918ms
[453.914s][info][gc,cpu         ] GC(1601) User=0.10s Sys=0.00s Real=0.05s
[454.260s][info][gc,start       ] GC(1602) Pause Young (Allocation Failure)
[454.275s][info][gc,heap        ] GC(1602) PSYoungGen: 120160K(222720K)->3360K(222720K) Eden: 111616K(111616K)->0K(111616K) From: 8544K(111104K)->3360K(111104K)
[454.275s][info][gc,heap        ] GC(1602) ParOldGen: 448038K(660992K)->456566K(660992K)
[454.275s][info][gc,metaspace   ] GC(1602) Metaspace: 18913K(19008K)->18913K(19008K) NonClass: 17084K(17152K)->17084K(17152K) Class: 1829K(1856K)->1829K(1856K)
[454.275s][info][gc             ] GC(1602) Pause Young (Allocation Failure) 554M->449M(863M) 15.214ms
[454.275s][info][gc,cpu         ] GC(1602) User=0.03s Sys=0.00s Real=0.02s
[454.492s][info][gc,start       ] GC(1603) Pause Young (Allocation Failure)
[454.499s][info][gc,heap        ] GC(1603) PSYoungGen: 114976K(222720K)->2480K(222720K) Eden: 111616K(111616K)->0K(111616K) From: 3360K(111104K)->2480K(111104K)
[454.499s][info][gc,heap        ] GC(1603) ParOldGen: 456566K(660992K)->459886K(660992K)
[454.499s][info][gc,metaspace   ] GC(1603) Metaspace: 18914K(19008K)->18914K(19008K) NonClass: 17084K(17152K)->17084K(17152K) Class: 1829K(1856K)->1829K(1856K)
[454.499s][info][gc             ] GC(1603) Pause Young (Allocation Failure) 558M->451M(863M) 7.243ms
[454.499s][info][gc,cpu         ] GC(1603) User=0.01s Sys=0.00s Real=0.01s
[454.625s][info][gc,start       ] GC(1604) Pause Young (Allocation Failure)
[454.642s][info][gc,heap        ] GC(1604) PSYoungGen: 114096K(222720K)->14432K(222720K) Eden: 111616K(111616K)->0K(111616K) From: 2480K(111104K)->14432K(111104K)
[454.642s][info][gc,heap        ] GC(1604) ParOldGen: 459886K(660992K)->462339K(660992K)
[454.642s][info][gc,metaspace   ] GC(1604) Metaspace: 18914K(19008K)->18914K(19008K) NonClass: 17084K(17152K)->17084K(17152K) Class: 1829K(1856K)->1829K(1856K)
[454.642s][info][gc             ] GC(1604) Pause Young (Allocation Failure) 560M->465M(863M) 16.741ms
[454.642s][info][gc,cpu         ] GC(1604) User=0.04s Sys=0.00s Real=0.01s
[454.773s][info][gc,start       ] GC(1605) Pause Young (Allocation Failure)
[454.801s][info][gc,heap        ] GC(1605) PSYoungGen: 126048K(222720K)->21024K(222720K) Eden: 111616K(111616K)->0K(111616K) From: 14432K(111104K)->21024K(111104K)
[454.801s][info][gc,heap        ] GC(1605) ParOldGen: 462339K(660992K)->476811K(660992K)
[454.801s][info][gc,metaspace   ] GC(1605) Metaspace: 18914K(19008K)->18914K(19008K) NonClass: 17084K(17152K)->17084K(17152K) Class: 1829K(1856K)->1829K(1856K)
[454.801s][info][gc             ] GC(1605) Pause Young (Allocation Failure) 574M->486M(863M) 28.161ms
[454.801s][info][gc,cpu         ] GC(1605) User=0.06s Sys=0.00s Real=0.03s
[454.856s][info][gc,start       ] GC(1606) Pause Young (Allocation Failure)
[454.898s][info][gc,heap        ] GC(1606) PSYoungGen: 132640K(222720K)->43072K(222720K) Eden: 111616K(111616K)->0K(111616K) From: 21024K(111104K)->43072K(111104K)
[454.898s][info][gc,heap        ] GC(1606) ParOldGen: 476811K(660992K)->498035K(660992K)
[454.898s][info][gc,metaspace   ] GC(1606) Metaspace: 18914K(19008K)->18914K(19008K) NonClass: 17084K(17152K)->17084K(17152K) Class: 1829K(1856K)->1829K(1856K)
[454.898s][info][gc             ] GC(1606) Pause Young (Allocation Failure) 595M->528M(863M) 42.198ms
[454.898s][info][gc,cpu         ] GC(1606) User=0.08s Sys=0.00s Real=0.04s
[455.075s][info][gc,start       ] GC(1607) Pause Young (Allocation Failure)
[455.113s][info][gc,heap        ] GC(1607) PSYoungGen: 154688K(222720K)->14784K(222720K) Eden: 111616K(111616K)->0K(111616K) From: 43072K(111104K)->14784K(111104K)
[455.113s][info][gc,heap        ] GC(1607) ParOldGen: 498035K(660992K)->541659K(660992K)
[455.113s][info][gc,metaspace   ] GC(1607) Metaspace: 18914K(19008K)->18914K(19008K) NonClass: 17084K(17152K)->17084K(17152K) Class: 1829K(1856K)->1829K(1856K)
[455.113s][info][gc             ] GC(1607) Pause Young (Allocation Failure) 637M->543M(863M) 38.155ms
[455.113s][info][gc,cpu         ] GC(1607) User=0.08s Sys=0.00s Real=0.03s
[455.258s][info][gc,start       ] GC(1608) Pause Young (Allocation Failure)
[455.296s][info][gc,heap        ] GC(1608) PSYoungGen: 126400K(222720K)->8992K(222720K) Eden: 111616K(111616K)->0K(111616K) From: 14784K(111104K)->8992K(111104K)
[455.296s][info][gc,heap        ] GC(1608) ParOldGen: 541659K(660992K)->556591K(660992K)
[455.296s][info][gc,metaspace   ] GC(1608) Metaspace: 18914K(19008K)->18914K(19008K) NonClass: 17084K(17152K)->17084K(17152K) Class: 1829K(1856K)->1829K(1856K)
[455.296s][info][gc             ] GC(1608) Pause Young (Allocation Failure) 652M->552M(863M) 37.950ms
[455.296s][info][gc,cpu         ] GC(1608) User=0.07s Sys=0.00s Real=0.04s
[455.437s][info][gc,start       ] GC(1609) Pause Young (Allocation Failure)
[455.486s][info][gc,heap        ] GC(1609) PSYoungGen: 120608K(222720K)->29312K(141312K) Eden: 111616K(111616K)->0K(111616K) From: 8992K(111104K)->29312K(29696K)
[455.486s][info][gc,heap        ] GC(1609) ParOldGen: 556591K(660992K)->565063K(660992K)
[455.486s][info][gc,metaspace   ] GC(1609) Metaspace: 18914K(19008K)->18914K(19008K) NonClass: 17084K(17152K)->17084K(17152K) Class: 1829K(1856K)->1829K(1856K)
[455.486s][info][gc             ] GC(1609) Pause Young (Allocation Failure) 661M->580M(783M) 49.557ms
[455.486s][info][gc,cpu         ] GC(1609) User=0.10s Sys=0.00s Real=0.05s
[455.611s][info][gc,start       ] GC(1610) Pause Young (Allocation Failure)
[455.663s][info][gc,heap        ] GC(1610) PSYoungGen: 140928K(141312K)->50016K(222720K) Eden: 111616K(111616K)->0K(113152K) From: 29312K(29696K)->50016K(109568K)
[455.663s][info][gc,heap        ] GC(1610) ParOldGen: 565063K(660992K)->565063K(660992K)
[455.663s][info][gc,metaspace   ] GC(1610) Metaspace: 18914K(19008K)->18914K(19008K) NonClass: 17084K(17152K)->17084K(17152K) Class: 1829K(1856K)->1829K(1856K)
[455.663s][info][gc             ] GC(1610) Pause Young (Allocation Failure) 689M->600M(863M) 52.053ms
[455.663s][info][gc,cpu         ] GC(1610) User=0.11s Sys=0.00s Real=0.05s
[455.762s][info][gc,start       ] GC(1611) Pause Young (Allocation Failure)
[455.838s][info][gc,heap        ] GC(1611) PSYoungGen: 163168K(222720K)->54240K(221184K) Eden: 113152K(113152K)->0K(113152K) From: 50016K(109568K)->54240K(108032K)
[455.838s][info][gc,heap        ] GC(1611) ParOldGen: 565063K(660992K)->565063K(660992K)
[455.838s][info][gc,metaspace   ] GC(1611) Metaspace: 18914K(19008K)->18914K(19008K) NonClass: 17084K(17152K)->17084K(17152K) Class: 1829K(1856K)->1829K(1856K)
[455.838s][info][gc             ] GC(1611) Pause Young (Allocation Failure) 711M->604M(861M) 75.211ms
[455.838s][info][gc,cpu         ] GC(1611) User=0.12s Sys=0.00s Real=0.08s
[455.946s][info][gc,start       ] GC(1612) Pause Young (Allocation Failure)
[456.003s][info][gc,heap        ] GC(1612) PSYoungGen: 167392K(221184K)->25600K(217088K) Eden: 113152K(113152K)->0K(117760K) From: 54240K(108032K)->25600K(99328K)
[456.003s][info][gc,heap        ] GC(1612) ParOldGen: 565063K(660992K)->594447K(660992K)
[456.003s][info][gc,metaspace   ] GC(1612) Metaspace: 18914K(19008K)->18914K(19008K) NonClass: 17084K(17152K)->17084K(17152K) Class: 1829K(1856K)->1829K(1856K)
[456.003s][info][gc             ] GC(1612) Pause Young (Allocation Failure) 715M->605M(857M) 57.538ms
[456.003s][info][gc,cpu         ] GC(1612) User=0.11s Sys=0.00s Real=0.06s
[456.135s][info][gc,start       ] GC(1613) Pause Young (Allocation Failure)
[456.168s][info][gc,heap        ] GC(1613) PSYoungGen: 143360K(217088K)->9344K(220672K) Eden: 117760K(117760K)->0K(117760K) From: 25600K(99328K)->9344K(102912K)
[456.168s][info][gc,heap        ] GC(1613) ParOldGen: 594447K(660992K)->615207K(660992K)
[456.168s][info][gc,metaspace   ] GC(1613) Metaspace: 18914K(19008K)->18914K(19008K) NonClass: 17084K(17152K)->17084K(17152K) Class: 1829K(1856K)->1829K(1856K)
[456.168s][info][gc             ] GC(1613) Pause Young (Allocation Failure) 720M->609M(861M) 32.987ms
[456.168s][info][gc,cpu         ] GC(1613) User=0.06s Sys=0.00s Real=0.03s
[456.314s][info][gc,start       ] GC(1614) Pause Young (Allocation Failure)
[456.326s][info][gc,heap        ] GC(1614) PSYoungGen: 127104K(220672K)->5088K(222720K) Eden: 117760K(117760K)->0K(128000K) From: 9344K(102912K)->5088K(94720K)
[456.327s][info][gc,heap        ] GC(1614) ParOldGen: 615207K(660992K)->619471K(660992K)
[456.327s][info][gc,metaspace   ] GC(1614) Metaspace: 18914K(19008K)->18914K(19008K) NonClass: 17084K(17152K)->17084K(17152K) Class: 1829K(1856K)->1829K(1856K)
[456.327s][info][gc             ] GC(1614) Pause Young (Allocation Failure) 724M->609M(863M) 12.096ms
[456.327s][info][gc,cpu         ] GC(1614) User=0.03s Sys=0.00s Real=0.01s
[456.528s][info][gc,start       ] GC(1615) Pause Young (Allocation Failure)
[456.554s][info][gc,heap        ] GC(1615) PSYoungGen: 133088K(222720K)->25024K(226304K) Eden: 128000K(128000K)->0K(128000K) From: 5088K(94720K)->25024K(98304K)
[456.554s][info][gc,heap        ] GC(1615) ParOldGen: 619471K(660992K)->619471K(660992K)
[456.554s][info][gc,metaspace   ] GC(1615) Metaspace: 18914K(19008K)->18914K(19008K) NonClass: 17084K(17152K)->17084K(17152K) Class: 1829K(1856K)->1829K(1856K)
[456.554s][info][gc             ] GC(1615) Pause Young (Allocation Failure) 734M->629M(866M) 25.956ms
[456.554s][info][gc,cpu         ] GC(1615) User=0.05s Sys=0.00s Real=0.03s
[456.854s][info][gc,start       ] GC(1616) Pause Young (Allocation Failure)
[456.890s][info][gc,heap        ] GC(1616) PSYoungGen: 153024K(226304K)->33888K(220160K) Eden: 128000K(128000K)->0K(137728K) From: 25024K(98304K)->33888K(82432K)
[456.890s][info][gc,heap        ] GC(1616) ParOldGen: 619471K(660992K)->619471K(660992K)
[456.890s][info][gc,metaspace   ] GC(1616) Metaspace: 18914K(19008K)->18914K(19008K) NonClass: 17084K(17152K)->17084K(17152K) Class: 1829K(1856K)->1829K(1856K)
[456.890s][info][gc             ] GC(1616) Pause Young (Allocation Failure) 754M->638M(860M) 36.236ms
[456.890s][info][gc,cpu         ] GC(1616) User=0.07s Sys=0.00s Real=0.03s
[457.243s][info][gc,start       ] GC(1617) Pause Young (Allocation Failure)
[457.287s][info][gc,heap        ] GC(1617) PSYoungGen: 171616K(220160K)->33920K(225792K) Eden: 137728K(137728K)->0K(137728K) From: 33888K(82432K)->33920K(88064K)
[457.287s][info][gc,heap        ] GC(1617) ParOldGen: 619471K(660992K)->619471K(660992K)
[457.287s][info][gc,metaspace   ] GC(1617) Metaspace: 18914K(19008K)->18914K(19008K) NonClass: 17084K(17152K)->17084K(17152K) Class: 1829K(1856K)->1829K(1856K)
[457.287s][info][gc             ] GC(1617) Pause Young (Allocation Failure) 772M->638M(866M) 43.367ms
[457.287s][info][gc,cpu         ] GC(1617) User=0.09s Sys=0.00s Real=0.05s
[457.614s][info][gc,start       ] GC(1618) Pause Young (Allocation Failure)
[457.651s][info][gc,heap        ] GC(1618) PSYoungGen: 171648K(225792K)->38080K(225792K) Eden: 137728K(137728K)->0K(146944K) From: 33920K(88064K)->38080K(78848K)
[457.651s][info][gc,heap        ] GC(1618) ParOldGen: 619471K(660992K)->619471K(660992K)
[457.651s][info][gc,metaspace   ] GC(1618) Metaspace: 18914K(19008K)->18914K(19008K) NonClass: 17084K(17152K)->17084K(17152K) Class: 1829K(1856K)->1829K(1856K)
[457.651s][info][gc             ] GC(1618) Pause Young (Allocation Failure) 772M->642M(866M) 36.725ms
[457.651s][info][gc,cpu         ] GC(1618) User=0.07s Sys=0.00s Real=0.03s
[457.777s][info][gc,start       ] GC(1619) Pause Young (Allocation Failure)
[457.842s][info][gc,heap        ] GC(1619) PSYoungGen: 185024K(225792K)->76928K(228352K) Eden: 146944K(146944K)->0K(146944K) From: 38080K(78848K)->76928K(81408K)
[457.842s][info][gc,heap        ] GC(1619) ParOldGen: 619471K(660992K)->619471K(660992K)
[457.842s][info][gc,metaspace   ] GC(1619) Metaspace: 18914K(19008K)->18914K(19008K) NonClass: 17084K(17152K)->17084K(17152K) Class: 1829K(1856K)->1829K(1856K)
[457.842s][info][gc             ] GC(1619) Pause Young (Allocation Failure) 785M->680M(868M) 64.489ms
[457.842s][info][gc,cpu         ] GC(1619) User=0.13s Sys=0.00s Real=0.06s
[458.030s][info][gc,start       ] GC(1620) Pause Young (Allocation Failure)
[458.115s][info][gc,heap        ] GC(1620) PSYoungGen: 223872K(228352K)->88784K(212992K) Eden: 146944K(146944K)->0K(119808K) From: 76928K(81408K)->88784K(93184K)
[458.115s][info][gc,heap        ] GC(1620) ParOldGen: 619471K(660992K)->619471K(660992K)
[458.115s][info][gc,metaspace   ] GC(1620) Metaspace: 18914K(19008K)->18914K(19008K) NonClass: 17084K(17152K)->17084K(17152K) Class: 1829K(1856K)->1829K(1856K)
[458.115s][info][gc             ] GC(1620) Pause Young (Allocation Failure) 823M->691M(853M) 85.355ms
[458.115s][info][gc,cpu         ] GC(1620) User=0.16s Sys=0.02s Real=0.09s
[458.311s][info][gc,start       ] GC(1621) Pause Young (Allocation Failure)
[458.387s][info][gc,heap        ] GC(1621) PSYoungGen: 208592K(212992K)->88784K(208896K) Eden: 119808K(119808K)->0K(119808K) From: 88784K(93184K)->88784K(89088K)
[458.388s][info][gc,heap        ] GC(1621) ParOldGen: 619471K(660992K)->619471K(660992K)
[458.388s][info][gc,metaspace   ] GC(1621) Metaspace: 18914K(19008K)->18914K(19008K) NonClass: 17084K(17152K)->17084K(17152K) Class: 1829K(1856K)->1829K(1856K)
[458.388s][info][gc             ] GC(1621) Pause Young (Allocation Failure) 808M->691M(849M) 76.771ms
[458.388s][info][gc,cpu         ] GC(1621) User=0.15s Sys=0.00s Real=0.08s
[458.527s][info][gc,start       ] GC(1622) Pause Young (Allocation Failure)
[458.622s][info][gc,heap        ] GC(1622) PSYoungGen: 208592K(208896K)->103600K(222720K) Eden: 119808K(119808K)->0K(111616K) From: 88784K(89088K)->103600K(111104K)
[458.622s][info][gc,heap        ] GC(1622) ParOldGen: 619471K(660992K)->624567K(660992K)
[458.622s][info][gc,metaspace   ] GC(1622) Metaspace: 18914K(19008K)->18914K(19008K) NonClass: 17084K(17152K)->17084K(17152K) Class: 1829K(1856K)->1829K(1856K)
[458.622s][info][gc             ] GC(1622) Pause Young (Allocation Failure) 808M->711M(863M) 95.459ms
[458.622s][info][gc,cpu         ] GC(1622) User=0.19s Sys=0.00s Real=0.09s
[458.715s][info][gc,start       ] GC(1623) Pause Young (Allocation Failure)
[458.815s][info][gc,heap        ] GC(1623) PSYoungGen: 215216K(222720K)->87072K(222720K) Eden: 111616K(111616K)->0K(111616K) From: 103600K(111104K)->87072K(111104K)
[458.815s][info][gc,heap        ] GC(1623) ParOldGen: 624567K(660992K)->644536K(660992K)
[458.815s][info][gc,metaspace   ] GC(1623) Metaspace: 18914K(19008K)->18914K(19008K) NonClass: 17084K(17152K)->17084K(17152K) Class: 1829K(1856K)->1829K(1856K)
[458.815s][info][gc             ] GC(1623) Pause Young (Allocation Failure) 820M->714M(863M) 99.743ms
[458.815s][info][gc,cpu         ] GC(1623) User=0.20s Sys=0.00s Real=0.10s
[458.928s][info][gc,start       ] GC(1624) Pause Full (Allocation Failure)
[458.928s][info][gc,phases,start] GC(1624) Marking Phase
[459.259s][info][gc,phases      ] GC(1624) Marking Phase 331.000ms
[459.259s][info][gc,phases,start] GC(1624) Summary Phase
[459.259s][info][gc,phases      ] GC(1624) Summary Phase 0.029ms
[459.259s][info][gc,phases,start] GC(1624) Forward
[459.363s][info][gc,phases      ] GC(1624) Forward 104.493ms
[459.363s][info][gc,phases,start] GC(1624) Adjust Pointers
[459.623s][info][gc,phases      ] GC(1624) Adjust Pointers 259.751ms
[459.623s][info][gc,phases,start] GC(1624) Compaction Phase
[459.759s][info][gc,phases      ] GC(1624) Compaction Phase 136.029ms
[459.767s][info][gc,phases,start] GC(1624) Post Compact
[459.770s][info][gc,phases      ] GC(1624) Post Compact 2.503ms
[459.770s][info][gc,heap        ] GC(1624) PSYoungGen: 198688K(222720K)->0K(222720K) Eden: 111616K(111616K)->0K(111616K) From: 87072K(111104K)->0K(111104K)
[459.770s][info][gc,heap        ] GC(1624) ParOldGen: 644536K(660992K)->484195K(667648K)
[459.770s][info][gc,metaspace   ] GC(1624) Metaspace: 18914K(19008K)->18914K(19008K) NonClass: 17084K(17152K)->17084K(17152K) Class: 1829K(1856K)->1829K(1856K)
[459.770s][info][gc             ] GC(1624) Pause Full (Allocation Failure) 823M->472M(869M) 842.331ms
[459.770s][info][gc,cpu         ] GC(1624) User=1.60s Sys=0.01s Real=0.84s
[459.908s][info][gc,start       ] GC(1625) Pause Young (Allocation Failure)
[459.925s][info][gc,heap        ] GC(1625) PSYoungGen: 111616K(222720K)->15584K(222720K) Eden: 111616K(111616K)->0K(111616K) From: 0K(111104K)->15584K(111104K)
[459.925s][info][gc,heap        ] GC(1625) ParOldGen: 484195K(667648K)->484195K(667648K)
[459.925s][info][gc,metaspace   ] GC(1625) Metaspace: 18914K(19008K)->18914K(19008K) NonClass: 17084K(17152K)->17084K(17152K) Class: 1829K(1856K)->1829K(1856K)
[459.925s][info][gc             ] GC(1625) Pause Young (Allocation Failure) 581M->488M(869M) 17.347ms
[459.925s][info][gc,cpu         ] GC(1625) User=0.03s Sys=0.00s Real=0.02s
[460.242s][info][gc,start       ] GC(1626) Pause Young (Allocation Failure)
[460.260s][info][gc,heap        ] GC(1626) PSYoungGen: 127200K(222720K)->15616K(222720K) Eden: 111616K(111616K)->0K(111616K) From: 15584K(111104K)->15616K(111104K)
[460.260s][info][gc,heap        ] GC(1626) ParOldGen: 484195K(667648K)->484195K(667648K)
[460.260s][info][gc,metaspace   ] GC(1626) Metaspace: 18918K(19008K)->18918K(19008K) NonClass: 17089K(17152K)->17089K(17152K) Class: 1829K(1856K)->1829K(1856K)
[460.260s][info][gc             ] GC(1626) Pause Young (Allocation Failure) 597M->488M(869M) 17.302ms
[460.260s][info][gc,cpu         ] GC(1626) User=0.03s Sys=0.00s Real=0.02s
[460.526s][info][gc,start       ] GC(1627) Pause Young (Allocation Failure)
[460.542s][info][gc,heap        ] GC(1627) PSYoungGen: 127232K(222720K)->15648K(222720K) Eden: 111616K(111616K)->0K(111616K) From: 15616K(111104K)->15648K(111104K)
[460.542s][info][gc,heap        ] GC(1627) ParOldGen: 484195K(667648K)->484195K(667648K)
[460.542s][info][gc,metaspace   ] GC(1627) Metaspace: 18918K(19008K)->18918K(19008K) NonClass: 17089K(17152K)->17089K(17152K) Class: 1829K(1856K)->1829K(1856K)
[460.542s][info][gc             ] GC(1627) Pause Young (Allocation Failure) 597M->488M(869M) 16.658ms
[460.542s][info][gc,cpu         ] GC(1627) User=0.03s Sys=0.00s Real=0.01s
[460.824s][info][gc,start       ] GC(1628) Pause Young (Allocation Failure)
[460.850s][info][gc,heap        ] GC(1628) PSYoungGen: 127264K(222720K)->15648K(222720K) Eden: 111616K(111616K)->0K(111616K) From: 15648K(111104K)->15648K(111104K)
[460.850s][info][gc,heap        ] GC(1628) ParOldGen: 484195K(667648K)->484195K(667648K)
[460.850s][info][gc,metaspace   ] GC(1628) Metaspace: 18918K(19008K)->18918K(19008K) NonClass: 17089K(17152K)->17089K(17152K) Class: 1829K(1856K)->1829K(1856K)
[460.850s][info][gc             ] GC(1628) Pause Young (Allocation Failure) 597M->488M(869M) 25.831ms
[460.850s][info][gc,cpu         ] GC(1628) User=0.05s Sys=0.00s Real=0.02s
[461.052s][info][gc,start       ] GC(1629) Pause Young (Allocation Failure)
[461.070s][info][gc,heap        ] GC(1629) PSYoungGen: 127264K(222720K)->416K(222720K) Eden: 111616K(111616K)->0K(111616K) From: 15648K(111104K)->416K(111104K)
[461.070s][info][gc,heap        ] GC(1629) ParOldGen: 484195K(667648K)->499822K(667648K)
[461.070s][info][gc,metaspace   ] GC(1629) Metaspace: 18918K(19008K)->18918K(19008K) NonClass: 17089K(17152K)->17089K(17152K) Class: 1829K(1856K)->1829K(1856K)
[461.070s][info][gc             ] GC(1629) Pause Young (Allocation Failure) 597M->488M(869M) 17.734ms
[461.070s][info][gc,cpu         ] GC(1629) User=0.04s Sys=0.00s Real=0.02s
[461.201s][info][gc,start       ] GC(1630) Pause Young (Allocation Failure)
[461.231s][info][gc,heap        ] GC(1630) PSYoungGen: 112032K(222720K)->33049K(222720K) Eden: 111616K(111616K)->0K(111616K) From: 416K(111104K)->33049K(111104K)
[461.231s][info][gc,heap        ] GC(1630) ParOldGen: 499822K(667648K)->499889K(667648K)
[461.231s][info][gc,metaspace   ] GC(1630) Metaspace: 18918K(19008K)->18918K(19008K) NonClass: 17089K(17152K)->17089K(17152K) Class: 1829K(1856K)->1829K(1856K)
[461.231s][info][gc             ] GC(1630) Pause Young (Allocation Failure) 597M->520M(869M) 29.940ms
[461.231s][info][gc,cpu         ] GC(1630) User=0.06s Sys=0.00s Real=0.03s
[461.301s][info][gc,start       ] GC(1631) Pause Young (Allocation Failure)
[461.348s][info][gc,heap        ] GC(1631) PSYoungGen: 144665K(222720K)->39488K(151552K) Eden: 111616K(111616K)->0K(111616K) From: 33049K(111104K)->39488K(39936K)
[461.348s][info][gc,heap        ] GC(1631) ParOldGen: 499889K(667648K)->533354K(667648K)
[461.348s][info][gc,metaspace   ] GC(1631) Metaspace: 18918K(19008K)->18918K(19008K) NonClass: 17089K(17152K)->17089K(17152K) Class: 1829K(1856K)->1829K(1856K)
[461.348s][info][gc             ] GC(1631) Pause Young (Allocation Failure) 629M->559M(800M) 47.521ms
[461.349s][info][gc,cpu         ] GC(1631) User=0.10s Sys=0.00s Real=0.05s
[461.455s][info][gc,start       ] GC(1632) Pause Young (Allocation Failure)
[461.501s][info][gc,heap        ] GC(1632) PSYoungGen: 151104K(151552K)->70128K(220672K) Eden: 111616K(111616K)->0K(110592K) From: 39488K(39936K)->70128K(110080K)
[461.501s][info][gc,heap        ] GC(1632) ParOldGen: 533354K(667648K)->533354K(667648K)
[461.501s][info][gc,metaspace   ] GC(1632) Metaspace: 18918K(19008K)->18918K(19008K) NonClass: 17089K(17152K)->17089K(17152K) Class: 1829K(1856K)->1829K(1856K)
[461.501s][info][gc             ] GC(1632) Pause Young (Allocation Failure) 668M->589M(867M) 45.663ms
[461.501s][info][gc,cpu         ] GC(1632) User=0.09s Sys=0.00s Real=0.04s
[461.538s][info][gc,start       ] GC(1633) Pause Young (Allocation Failure)
[461.603s][info][gc,heap        ] GC(1633) PSYoungGen: 180720K(220672K)->29888K(221696K) Eden: 110592K(110592K)->0K(110592K) From: 70128K(110080K)->29888K(111104K)
[461.603s][info][gc,heap        ] GC(1633) ParOldGen: 533354K(667648K)->604308K(667648K)
[461.603s][info][gc,metaspace   ] GC(1633) Metaspace: 18918K(19008K)->18918K(19008K) NonClass: 17089K(17152K)->17089K(17152K) Class: 1829K(1856K)->1829K(1856K)
[461.603s][info][gc             ] GC(1633) Pause Young (Allocation Failure) 697M->619M(868M) 64.955ms
[461.603s][info][gc,cpu         ] GC(1633) User=0.13s Sys=0.00s Real=0.06s
[461.718s][info][gc,start       ] GC(1634) Pause Young (Allocation Failure)
[461.761s][info][gc,heap        ] GC(1634) PSYoungGen: 140480K(221696K)->16928K(217088K) Eden: 110592K(110592K)->0K(113152K) From: 29888K(111104K)->16928K(103936K)
[461.762s][info][gc,heap        ] GC(1634) ParOldGen: 604308K(667648K)->634516K(667648K)
[461.762s][info][gc,metaspace   ] GC(1634) Metaspace: 18918K(19008K)->18918K(19008K) NonClass: 17089K(17152K)->17089K(17152K) Class: 1829K(1856K)->1829K(1856K)
[461.762s][info][gc             ] GC(1634) Pause Young (Allocation Failure) 727M->636M(864M) 43.357ms
[461.762s][info][gc,cpu         ] GC(1634) User=0.08s Sys=0.01s Real=0.04s
[461.847s][info][gc,start       ] GC(1635) Pause Full (Allocation Failure)
[461.847s][info][gc,phases,start] GC(1635) Marking Phase
[462.165s][info][gc,phases      ] GC(1635) Marking Phase 317.784ms
[462.165s][info][gc,phases,start] GC(1635) Summary Phase
[462.165s][info][gc,phases      ] GC(1635) Summary Phase 0.027ms
[462.165s][info][gc,phases,start] GC(1635) Forward
[462.271s][info][gc,phases      ] GC(1635) Forward 105.846ms
[462.271s][info][gc,phases,start] GC(1635) Adjust Pointers
[462.522s][info][gc,phases      ] GC(1635) Adjust Pointers 251.325ms
[462.522s][info][gc,phases,start] GC(1635) Compaction Phase
[462.663s][info][gc,phases      ] GC(1635) Compaction Phase 140.668ms
[462.672s][info][gc,phases,start] GC(1635) Post Compact
[462.674s][info][gc,phases      ] GC(1635) Post Compact 2.366ms
[462.675s][info][gc,heap        ] GC(1635) PSYoungGen: 130080K(217088K)->0K(219648K) Eden: 113152K(113152K)->0K(113152K) From: 16928K(103936K)->0K(106496K)
[462.675s][info][gc,heap        ] GC(1635) ParOldGen: 634516K(667648K)->495049K(667648K)
[462.675s][info][gc,metaspace   ] GC(1635) Metaspace: 18918K(19008K)->18918K(19008K) NonClass: 17089K(17152K)->17089K(17152K) Class: 1829K(1856K)->1829K(1856K)
[462.675s][info][gc             ] GC(1635) Pause Full (Allocation Failure) 746M->483M(866M) 827.558ms
[462.675s][info][gc,cpu         ] GC(1635) User=1.56s Sys=0.00s Real=0.83s
[462.824s][info][gc,start       ] GC(1636) Pause Young (Allocation Failure)
[462.843s][info][gc,heap        ] GC(1636) PSYoungGen: 113152K(219648K)->5920K(224256K) Eden: 113152K(113152K)->0K(120832K) From: 0K(106496K)->5920K(103424K)
[462.843s][info][gc,heap        ] GC(1636) ParOldGen: 495049K(667648K)->495049K(667648K)
[462.843s][info][gc,metaspace   ] GC(1636) Metaspace: 18918K(19008K)->18918K(19008K) NonClass: 17089K(17152K)->17089K(17152K) Class: 1829K(1856K)->1829K(1856K)
[462.843s][info][gc             ] GC(1636) Pause Young (Allocation Failure) 593M->489M(871M) 19.196ms
[462.843s][info][gc,cpu         ] GC(1636) User=0.04s Sys=0.00s Real=0.02s
[462.981s][info][gc,start       ] GC(1637) Pause Young (Allocation Failure)
[463.013s][info][gc,heap        ] GC(1637) PSYoungGen: 126752K(224256K)->13792K(225792K) Eden: 120832K(120832K)->0K(120832K) From: 5920K(103424K)->13792K(104960K)
[463.013s][info][gc,heap        ] GC(1637) ParOldGen: 495049K(667648K)->500697K(667648K)
[463.013s][info][gc,metaspace   ] GC(1637) Metaspace: 18918K(19008K)->18918K(19008K) NonClass: 17089K(17152K)->17089K(17152K) Class: 1829K(1856K)->1829K(1856K)
[463.013s][info][gc             ] GC(1637) Pause Young (Allocation Failure) 607M->502M(872M) 32.144ms
[463.013s][info][gc,cpu         ] GC(1637) User=0.06s Sys=0.00s Real=0.03s
[463.157s][info][gc,start       ] GC(1638) Pause Young (Allocation Failure)
[463.176s][info][gc,heap        ] GC(1638) PSYoungGen: 134624K(225792K)->13760K(222720K) Eden: 120832K(120832K)->0K(127488K) From: 13792K(104960K)->13760K(95232K)
[463.177s][info][gc,heap        ] GC(1638) ParOldGen: 500697K(667648K)->500697K(667648K)
[463.177s][info][gc,metaspace   ] GC(1638) Metaspace: 18918K(19008K)->18918K(19008K) NonClass: 17089K(17152K)->17089K(17152K) Class: 1829K(1856K)->1829K(1856K)
[463.177s][info][gc             ] GC(1638) Pause Young (Allocation Failure) 620M->502M(869M) 19.446ms
[463.177s][info][gc,cpu         ] GC(1638) User=0.04s Sys=0.00s Real=0.02s
[463.329s][info][gc,start       ] GC(1639) Pause Young (Allocation Failure)
[463.347s][info][gc,heap        ] GC(1639) PSYoungGen: 141248K(222720K)->13792K(224768K) Eden: 127488K(127488K)->0K(127488K) From: 13760K(95232K)->13792K(97280K)
[463.347s][info][gc,heap        ] GC(1639) ParOldGen: 500697K(667648K)->500697K(667648K)
[463.347s][info][gc,metaspace   ] GC(1639) Metaspace: 18918K(19008K)->18918K(19008K) NonClass: 17089K(17152K)->17089K(17152K) Class: 1829K(1856K)->1829K(1856K)
[463.347s][info][gc             ] GC(1639) Pause Young (Allocation Failure) 626M->502M(871M) 18.112ms
[463.347s][info][gc,cpu         ] GC(1639) User=0.03s Sys=0.00s Real=0.02s
[463.495s][info][gc,start       ] GC(1640) Pause Young (Allocation Failure)
[463.514s][info][gc,heap        ] GC(1640) PSYoungGen: 141280K(224768K)->13792K(221696K) Eden: 127488K(127488K)->0K(137216K) From: 13792K(97280K)->13792K(84480K)
[463.514s][info][gc,heap        ] GC(1640) ParOldGen: 500697K(667648K)->500697K(667648K)
[463.514s][info][gc,metaspace   ] GC(1640) Metaspace: 18918K(19008K)->18918K(19008K) NonClass: 17089K(17152K)->17089K(17152K) Class: 1829K(1856K)->1829K(1856K)
[463.514s][info][gc             ] GC(1640) Pause Young (Allocation Failure) 626M->502M(868M) 18.725ms
[463.514s][info][gc,cpu         ] GC(1640) User=0.03s Sys=0.00s Real=0.02s
[463.678s][info][gc,start       ] GC(1641) Pause Young (Allocation Failure)
[463.697s][info][gc,heap        ] GC(1641) PSYoungGen: 151008K(221696K)->13792K(226816K) Eden: 137216K(137216K)->0K(137216K) From: 13792K(84480K)->13792K(89600K)
[463.697s][info][gc,heap        ] GC(1641) ParOldGen: 500697K(667648K)->500697K(667648K)
[463.697s][info][gc,metaspace   ] GC(1641) Metaspace: 18918K(19008K)->18918K(19008K) NonClass: 17089K(17152K)->17089K(17152K) Class: 1829K(1856K)->1829K(1856K)
[463.697s][info][gc             ] GC(1641) Pause Young (Allocation Failure) 636M->502M(873M) 19.405ms
[463.697s][info][gc,cpu         ] GC(1641) User=0.04s Sys=0.00s Real=0.02s
[463.854s][info][gc,start       ] GC(1642) Pause Young (Allocation Failure)
[463.873s][info][gc,heap        ] GC(1642) PSYoungGen: 151008K(226816K)->13792K(223744K) Eden: 137216K(137216K)->0K(146944K) From: 13792K(89600K)->13792K(76800K)
[463.873s][info][gc,heap        ] GC(1642) ParOldGen: 500697K(667648K)->500697K(667648K)
[463.873s][info][gc,metaspace   ] GC(1642) Metaspace: 18918K(19008K)->18918K(19008K) NonClass: 17089K(17152K)->17089K(17152K) Class: 1829K(1856K)->1829K(1856K)
[463.873s][info][gc             ] GC(1642) Pause Young (Allocation Failure) 636M->502M(870M) 18.794ms
[463.873s][info][gc,cpu         ] GC(1642) User=0.03s Sys=0.00s Real=0.01s
[464.043s][info][gc,start       ] GC(1643) Pause Young (Allocation Failure)
[464.061s][info][gc,heap        ] GC(1643) PSYoungGen: 160736K(223744K)->13792K(228352K) Eden: 146944K(146944K)->0K(146944K) From: 13792K(76800K)->13792K(81408K)
[464.061s][info][gc,heap        ] GC(1643) ParOldGen: 500697K(667648K)->500697K(667648K)
[464.061s][info][gc,metaspace   ] GC(1643) Metaspace: 18918K(19008K)->18918K(19008K) NonClass: 17089K(17152K)->17089K(17152K) Class: 1829K(1856K)->1829K(1856K)
[464.061s][info][gc             ] GC(1643) Pause Young (Allocation Failure) 645M->502M(875M) 18.091ms
[464.061s][info][gc,cpu         ] GC(1643) User=0.03s Sys=0.00s Real=0.02s
[464.229s][info][gc,start       ] GC(1644) Pause Young (Allocation Failure)
[464.247s][info][gc,heap        ] GC(1644) PSYoungGen: 160736K(228352K)->13792K(227328K) Eden: 146944K(146944K)->0K(156672K) From: 13792K(81408K)->13792K(70656K)
[464.247s][info][gc,heap        ] GC(1644) ParOldGen: 500697K(667648K)->500697K(667648K)
[464.247s][info][gc,metaspace   ] GC(1644) Metaspace: 18918K(19008K)->18918K(19008K) NonClass: 17089K(17152K)->17089K(17152K) Class: 1829K(1856K)->1829K(1856K)
[464.248s][info][gc             ] GC(1644) Pause Young (Allocation Failure) 645M->502M(874M) 18.660ms
[464.248s][info][gc,cpu         ] GC(1644) User=0.03s Sys=0.00s Real=0.02s
[464.428s][info][gc,start       ] GC(1645) Pause Young (Allocation Failure)
[464.446s][info][gc,heap        ] GC(1645) PSYoungGen: 170464K(227328K)->13760K(230912K) Eden: 156672K(156672K)->0K(156672K) From: 13792K(70656K)->13760K(74240K)
[464.446s][info][gc,heap        ] GC(1645) ParOldGen: 500697K(667648K)->500697K(667648K)
[464.446s][info][gc,metaspace   ] GC(1645) Metaspace: 18918K(19008K)->18918K(19008K) NonClass: 17089K(17152K)->17089K(17152K) Class: 1829K(1856K)->1829K(1856K)
[464.446s][info][gc             ] GC(1645) Pause Young (Allocation Failure) 655M->502M(877M) 17.927ms
[464.446s][info][gc,cpu         ] GC(1645) User=0.04s Sys=0.00s Real=0.02s
[464.609s][info][gc,start       ] GC(1646) Pause Young (Allocation Failure)
[464.642s][info][gc,heap        ] GC(1646) PSYoungGen: 170432K(230912K)->28704K(233472K) Eden: 156672K(156672K)->0K(166912K) From: 13760K(74240K)->28704K(66560K)
[464.642s][info][gc,heap        ] GC(1646) ParOldGen: 500697K(667648K)->500697K(667648K)
[464.642s][info][gc,metaspace   ] GC(1646) Metaspace: 18918K(19008K)->18918K(19008K) NonClass: 17089K(17152K)->17089K(17152K) Class: 1829K(1856K)->1829K(1856K)
[464.642s][info][gc             ] GC(1646) Pause Young (Allocation Failure) 655M->516M(880M) 32.806ms
[464.642s][info][gc,cpu         ] GC(1646) User=0.07s Sys=0.00s Real=0.03s
[464.800s][info][gc,start       ] GC(1647) Pause Young (Allocation Failure)
[464.851s][info][gc,heap        ] GC(1647) PSYoungGen: 195616K(233472K)->48608K(235008K) Eden: 166912K(166912K)->0K(166912K) From: 28704K(66560K)->48608K(68096K)
[464.851s][info][gc,heap        ] GC(1647) ParOldGen: 500697K(667648K)->500697K(667648K)
[464.851s][info][gc,metaspace   ] GC(1647) Metaspace: 18918K(19008K)->18918K(19008K) NonClass: 17089K(17152K)->17089K(17152K) Class: 1829K(1856K)->1829K(1856K)
[464.851s][info][gc             ] GC(1647) Pause Young (Allocation Failure) 679M->536M(881M) 50.625ms
[464.851s][info][gc,cpu         ] GC(1647) User=0.10s Sys=0.00s Real=0.05s
[464.962s][info][gc,start       ] GC(1648) Pause Young (Allocation Failure)
[465.017s][info][gc,heap        ] GC(1648) PSYoungGen: 215520K(235008K)->52864K(247296K) Eden: 166912K(166912K)->0K(174080K) From: 48608K(68096K)->52864K(73216K)
[465.017s][info][gc,heap        ] GC(1648) ParOldGen: 500697K(667648K)->500697K(667648K)
[465.017s][info][gc,metaspace   ] GC(1648) Metaspace: 18918K(19008K)->18918K(19008K) NonClass: 17089K(17152K)->17089K(17152K) Class: 1829K(1856K)->1829K(1856K)
[465.017s][info][gc             ] GC(1648) Pause Young (Allocation Failure) 699M->540M(893M) 54.856ms
[465.017s][info][gc,cpu         ] GC(1648) User=0.11s Sys=0.00s Real=0.06s
[465.170s][info][gc,start       ] GC(1649) Pause Young (Allocation Failure)
[465.228s][info][gc,heap        ] GC(1649) PSYoungGen: 226944K(247296K)->56576K(230912K) Eden: 174080K(174080K)->0K(174080K) From: 52864K(73216K)->56576K(56832K)
[465.228s][info][gc,heap        ] GC(1649) ParOldGen: 500697K(667648K)->500697K(667648K)
[465.228s][info][gc,metaspace   ] GC(1649) Metaspace: 18918K(19008K)->18918K(19008K) NonClass: 17089K(17152K)->17089K(17152K) Class: 1829K(1856K)->1829K(1856K)
[465.228s][info][gc             ] GC(1649) Pause Young (Allocation Failure) 710M->544M(877M) 57.432ms
[465.228s][info][gc,cpu         ] GC(1649) User=0.12s Sys=0.00s Real=0.06s
[465.343s][info][gc,start       ] GC(1650) Pause Young (Allocation Failure)
[465.429s][info][gc,heap        ] GC(1650) PSYoungGen: 230656K(230912K)->76384K(226816K) Eden: 174080K(174080K)->0K(142336K) From: 56576K(56832K)->76384K(84480K)
[465.429s][info][gc,heap        ] GC(1650) ParOldGen: 500697K(667648K)->500697K(667648K)
[465.429s][info][gc,metaspace   ] GC(1650) Metaspace: 18918K(19008K)->18918K(19008K) NonClass: 17089K(17152K)->17089K(17152K) Class: 1829K(1856K)->1829K(1856K)
[465.429s][info][gc             ] GC(1650) Pause Young (Allocation Failure) 714M->563M(873M) 85.451ms
[465.429s][info][gc,cpu         ] GC(1650) User=0.15s Sys=0.02s Real=0.09s
[465.535s][info][gc,start       ] GC(1651) Pause Young (Allocation Failure)
[465.632s][info][gc,heap        ] GC(1651) PSYoungGen: 218720K(226816K)->85472K(227840K) Eden: 142336K(142336K)->0K(142336K) From: 76384K(84480K)->85472K(85504K)
[465.632s][info][gc,heap        ] GC(1651) ParOldGen: 500697K(667648K)->514497K(667648K)
[465.632s][info][gc,metaspace   ] GC(1651) Metaspace: 18918K(19008K)->18918K(19008K) NonClass: 17089K(17152K)->17089K(17152K) Class: 1829K(1856K)->1829K(1856K)
[465.632s][info][gc             ] GC(1651) Pause Young (Allocation Failure) 702M->585M(874M) 97.164ms
[465.632s][info][gc,cpu         ] GC(1651) User=0.20s Sys=0.00s Real=0.09s
[465.730s][info][gc,start       ] GC(1652) Pause Young (Allocation Failure)
[465.818s][info][gc,heap        ] GC(1652) PSYoungGen: 227808K(227840K)->93152K(217600K) Eden: 142336K(142336K)->0K(111616K) From: 85472K(85504K)->93152K(105984K)
[465.818s][info][gc,heap        ] GC(1652) ParOldGen: 514497K(667648K)->514497K(667648K)
[465.818s][info][gc,metaspace   ] GC(1652) Metaspace: 18918K(19008K)->18918K(19008K) NonClass: 17089K(17152K)->17089K(17152K) Class: 1829K(1856K)->1829K(1856K)
[465.818s][info][gc             ] GC(1652) Pause Young (Allocation Failure) 724M->593M(864M) 87.793ms
[465.818s][info][gc,cpu         ] GC(1652) User=0.17s Sys=0.00s Real=0.09s
[465.883s][info][gc,start       ] GC(1653) Pause Young (Allocation Failure)
[465.983s][info][gc,heap        ] GC(1653) PSYoungGen: 204768K(217600K)->107168K(222720K) Eden: 111616K(111616K)->0K(111616K) From: 93152K(105984K)->107168K(111104K)
[465.983s][info][gc,heap        ] GC(1653) ParOldGen: 514497K(667648K)->514497K(667648K)
[465.983s][info][gc,metaspace   ] GC(1653) Metaspace: 18918K(19008K)->18918K(19008K) NonClass: 17089K(17152K)->17089K(17152K) Class: 1829K(1856K)->1829K(1856K)
[465.983s][info][gc             ] GC(1653) Pause Young (Allocation Failure) 702M->607M(869M) 100.398ms
[465.983s][info][gc,cpu         ] GC(1653) User=0.20s Sys=0.00s Real=0.10s
[466.098s][info][gc,start       ] GC(1654) Pause Young (Allocation Failure)
[466.202s][info][gc,heap        ] GC(1654) PSYoungGen: 218784K(222720K)->107664K(222720K) Eden: 111616K(111616K)->0K(111616K) From: 107168K(111104K)->107664K(111104K)
[466.202s][info][gc,heap        ] GC(1654) ParOldGen: 514497K(667648K)->514497K(667648K)
[466.202s][info][gc,metaspace   ] GC(1654) Metaspace: 18918K(19008K)->18918K(19008K) NonClass: 17089K(17152K)->17089K(17152K) Class: 1829K(1856K)->1829K(1856K)
[466.202s][info][gc             ] GC(1654) Pause Young (Allocation Failure) 716M->607M(869M) 104.146ms
[466.202s][info][gc,cpu         ] GC(1654) User=0.20s Sys=0.00s Real=0.10s
[466.333s][info][gc,start       ] GC(1655) Pause Young (Allocation Failure)
[466.435s][info][gc,heap        ] GC(1655) PSYoungGen: 219280K(222720K)->110960K(222720K) Eden: 111616K(111616K)->0K(111616K) From: 107664K(111104K)->110960K(111104K)
[466.435s][info][gc,heap        ] GC(1655) ParOldGen: 514497K(667648K)->514497K(667648K)
[466.435s][info][gc,metaspace   ] GC(1655) Metaspace: 18918K(19008K)->18918K(19008K) NonClass: 17089K(17152K)->17089K(17152K) Class: 1829K(1856K)->1829K(1856K)
[466.435s][info][gc             ] GC(1655) Pause Young (Allocation Failure) 716M->610M(869M) 102.171ms
[466.435s][info][gc,cpu         ] GC(1655) User=0.20s Sys=0.00s Real=0.11s
[466.587s][info][gc,start       ] GC(1656) Pause Young (Allocation Failure)
[466.698s][info][gc,heap        ] GC(1656) PSYoungGen: 222576K(222720K)->85360K(222720K) Eden: 111616K(111616K)->0K(111616K) From: 110960K(111104K)->85360K(111104K)
[466.698s][info][gc,heap        ] GC(1656) ParOldGen: 514497K(667648K)->549417K(667648K)
[466.698s][info][gc,metaspace   ] GC(1656) Metaspace: 18918K(19008K)->18918K(19008K) NonClass: 17089K(17152K)->17089K(17152K) Class: 1829K(1856K)->1829K(1856K)
[466.698s][info][gc             ] GC(1656) Pause Young (Allocation Failure) 719M->619M(869M) 111.252ms
[466.698s][info][gc,cpu         ] GC(1656) User=0.22s Sys=0.01s Real=0.11s
[466.814s][info][gc,start       ] GC(1657) Pause Young (Allocation Failure)
[466.911s][info][gc,heap        ] GC(1657) PSYoungGen: 196976K(222720K)->93424K(222720K) Eden: 111616K(111616K)->0K(111616K) From: 85360K(111104K)->93424K(111104K)
[466.911s][info][gc,heap        ] GC(1657) ParOldGen: 549417K(667648K)->557417K(667648K)
[466.911s][info][gc,metaspace   ] GC(1657) Metaspace: 18918K(19008K)->18918K(19008K) NonClass: 17089K(17152K)->17089K(17152K) Class: 1829K(1856K)->1829K(1856K)
[466.912s][info][gc             ] GC(1657) Pause Young (Allocation Failure) 728M->635M(869M) 97.213ms
[466.912s][info][gc,cpu         ] GC(1657) User=0.19s Sys=0.00s Real=0.09s
[467.319s][info][gc,start       ] GC(1658) Pause Young (Allocation Failure)
[467.406s][info][gc,heap        ] GC(1658) PSYoungGen: 205040K(222720K)->50752K(222720K) Eden: 111616K(111616K)->0K(111616K) From: 93424K(111104K)->50752K(111104K)
[467.406s][info][gc,heap        ] GC(1658) ParOldGen: 557417K(667648K)->600225K(667648K)
[467.406s][info][gc,metaspace   ] GC(1658) Metaspace: 18918K(19008K)->18918K(19008K) NonClass: 17089K(17152K)->17089K(17152K) Class: 1829K(1856K)->1829K(1856K)
[467.406s][info][gc             ] GC(1658) Pause Young (Allocation Failure) 744M->635M(869M) 86.902ms
[467.406s][info][gc,cpu         ] GC(1658) User=0.18s Sys=0.00s Real=0.09s
[467.673s][info][gc,start       ] GC(1659) Pause Young (Allocation Failure)
[467.723s][info][gc,heap        ] GC(1659) PSYoungGen: 162368K(222720K)->29104K(222720K) Eden: 111616K(111616K)->0K(111616K) From: 50752K(111104K)->29104K(111104K)
[467.723s][info][gc,heap        ] GC(1659) ParOldGen: 600225K(667648K)->621994K(667648K)
[467.723s][info][gc,metaspace   ] GC(1659) Metaspace: 18918K(19008K)->18918K(19008K) NonClass: 17089K(17152K)->17089K(17152K) Class: 1829K(1856K)->1829K(1856K)
[467.723s][info][gc             ] GC(1659) Pause Young (Allocation Failure) 744M->635M(869M) 50.705ms
[467.724s][info][gc,cpu         ] GC(1659) User=0.10s Sys=0.00s Real=0.06s
[468.014s][info][gc,start       ] GC(1660) Pause Full (Allocation Failure)
[468.014s][info][gc,phases,start] GC(1660) Marking Phase
[468.467s][info][gc,phases      ] GC(1660) Marking Phase 453.476ms
[468.467s][info][gc,phases,start] GC(1660) Summary Phase
[468.467s][info][gc,phases      ] GC(1660) Summary Phase 0.028ms
[468.467s][info][gc,phases,start] GC(1660) Forward
[468.483s][info][gc,phases      ] GC(1660) Forward 15.741ms
[468.483s][info][gc,phases,start] GC(1660) Adjust Pointers
[468.793s][info][gc,phases      ] GC(1660) Adjust Pointers 309.697ms
[468.793s][info][gc,phases,start] GC(1660) Compaction Phase
[468.927s][info][gc,phases      ] GC(1660) Compaction Phase 133.877ms
[468.927s][info][gc,phases,start] GC(1660) Post Compact
[468.929s][info][gc,phases      ] GC(1660) Post Compact 2.266ms
[468.929s][info][gc,heap        ] GC(1660) PSYoungGen: 140720K(222720K)->0K(222720K) Eden: 111616K(111616K)->0K(111616K) From: 29104K(111104K)->0K(111104K)
[468.929s][info][gc,heap        ] GC(1660) ParOldGen: 621994K(667648K)->650850K(667648K)
[468.929s][info][gc,metaspace   ] GC(1660) Metaspace: 18918K(19008K)->18918K(19008K) NonClass: 17089K(17152K)->17089K(17152K) Class: 1829K(1856K)->1829K(1856K)
[468.929s][info][gc             ] GC(1660) Pause Full (Allocation Failure) 744M->635M(869M) 915.577ms
[468.929s][info][gc,cpu         ] GC(1660) User=1.79s Sys=0.00s Real=0.91s
[469.199s][info][gc,start       ] GC(1661) Pause Full (Allocation Failure)
[469.199s][info][gc,phases,start] GC(1661) Marking Phase
[469.654s][info][gc,phases      ] GC(1661) Marking Phase 454.544ms
[469.654s][info][gc,phases,start] GC(1661) Summary Phase
[469.654s][info][gc,phases      ] GC(1661) Summary Phase 0.026ms
[469.654s][info][gc,phases,start] GC(1661) Forward
[469.654s][info][gc,phases      ] GC(1661) Forward 0.296ms
[469.654s][info][gc,phases,start] GC(1661) Adjust Pointers
[469.961s][info][gc,phases      ] GC(1661) Adjust Pointers 306.987ms
[469.961s][info][gc,phases,start] GC(1661) Compaction Phase
[470.088s][info][gc,phases      ] GC(1661) Compaction Phase 126.952ms
[470.088s][info][gc,phases,start] GC(1661) Post Compact
[470.090s][info][gc,phases      ] GC(1661) Post Compact 2.239ms
[470.090s][info][gc,heap        ] GC(1661) PSYoungGen: 111616K(222720K)->0K(222720K) Eden: 111616K(111616K)->0K(111616K) From: 0K(111104K)->0K(111104K)
[470.090s][info][gc,heap        ] GC(1661) ParOldGen: 650850K(667648K)->650854K(667648K)
[470.090s][info][gc,metaspace   ] GC(1661) Metaspace: 18918K(19008K)->18918K(19008K) NonClass: 17089K(17152K)->17089K(17152K) Class: 1829K(1856K)->1829K(1856K)
[470.090s][info][gc             ] GC(1661) Pause Full (Allocation Failure) 744M->635M(869M) 891.441ms
[470.090s][info][gc,cpu         ] GC(1661) User=1.74s Sys=0.00s Real=0.89s
[470.360s][info][gc,start       ] GC(1662) Pause Full (Allocation Failure)
[470.360s][info][gc,phases,start] GC(1662) Marking Phase
[470.812s][info][gc,phases      ] GC(1662) Marking Phase 452.422ms
[470.812s][info][gc,phases,start] GC(1662) Summary Phase
[470.812s][info][gc,phases      ] GC(1662) Summary Phase 0.025ms
[470.812s][info][gc,phases,start] GC(1662) Forward
[470.813s][info][gc,phases      ] GC(1662) Forward 0.320ms
[470.813s][info][gc,phases,start] GC(1662) Adjust Pointers
[471.117s][info][gc,phases      ] GC(1662) Adjust Pointers 304.562ms
[471.117s][info][gc,phases,start] GC(1662) Compaction Phase
[471.244s][info][gc,phases      ] GC(1662) Compaction Phase 126.301ms
[471.244s][info][gc,phases,start] GC(1662) Post Compact
[471.246s][info][gc,phases      ] GC(1662) Post Compact 2.255ms
[471.246s][info][gc,heap        ] GC(1662) PSYoungGen: 111616K(222720K)->0K(222720K) Eden: 111616K(111616K)->0K(111616K) From: 0K(111104K)->0K(111104K)
[471.246s][info][gc,heap        ] GC(1662) ParOldGen: 650854K(667648K)->650857K(667648K)
[471.246s][info][gc,metaspace   ] GC(1662) Metaspace: 18918K(19008K)->18918K(19008K) NonClass: 17089K(17152K)->17089K(17152K) Class: 1829K(1856K)->1829K(1856K)
[471.246s][info][gc             ] GC(1662) Pause Full (Allocation Failure) 744M->635M(869M) 886.298ms
[471.246s][info][gc,cpu         ] GC(1662) User=1.73s Sys=0.01s Real=0.89s
[471.514s][info][gc,start       ] GC(1663) Pause Full (Allocation Failure)
[471.514s][info][gc,phases,start] GC(1663) Marking Phase
[471.964s][info][gc,phases      ] GC(1663) Marking Phase 450.502ms
[471.964s][info][gc,phases,start] GC(1663) Summary Phase
[471.964s][info][gc,phases      ] GC(1663) Summary Phase 0.024ms
[471.964s][info][gc,phases,start] GC(1663) Forward
[471.965s][info][gc,phases      ] GC(1663) Forward 0.306ms
[471.965s][info][gc,phases,start] GC(1663) Adjust Pointers
[472.270s][info][gc,phases      ] GC(1663) Adjust Pointers 305.063ms
[472.270s][info][gc,phases,start] GC(1663) Compaction Phase
[472.396s][info][gc,phases      ] GC(1663) Compaction Phase 126.578ms
[472.397s][info][gc,phases,start] GC(1663) Post Compact
[472.399s][info][gc,phases      ] GC(1663) Post Compact 2.240ms
[472.399s][info][gc,heap        ] GC(1663) PSYoungGen: 111616K(222720K)->0K(222720K) Eden: 111616K(111616K)->0K(111616K) From: 0K(111104K)->0K(111104K)
[472.399s][info][gc,heap        ] GC(1663) ParOldGen: 650857K(667648K)->650859K(667648K)
[472.399s][info][gc,metaspace   ] GC(1663) Metaspace: 18918K(19008K)->18918K(19008K) NonClass: 17089K(17152K)->17089K(17152K) Class: 1829K(1856K)->1829K(1856K)
[472.399s][info][gc             ] GC(1663) Pause Full (Allocation Failure) 744M->635M(869M) 885.167ms
[472.399s][info][gc,cpu         ] GC(1663) User=1.73s Sys=0.00s Real=0.88s
[472.640s][info][gc,start       ] GC(1664) Pause Full (Allocation Failure)
[472.640s][info][gc,phases,start] GC(1664) Marking Phase
[473.089s][info][gc,phases      ] GC(1664) Marking Phase 449.199ms
[473.089s][info][gc,phases,start] GC(1664) Summary Phase
[473.089s][info][gc,phases      ] GC(1664) Summary Phase 0.025ms
[473.089s][info][gc,phases,start] GC(1664) Forward
[473.090s][info][gc,phases      ] GC(1664) Forward 0.360ms
[473.090s][info][gc,phases,start] GC(1664) Adjust Pointers
[473.396s][info][gc,phases      ] GC(1664) Adjust Pointers 306.023ms
[473.396s][info][gc,phases,start] GC(1664) Compaction Phase
[473.523s][info][gc,phases      ] GC(1664) Compaction Phase 127.192ms
[473.523s][info][gc,phases,start] GC(1664) Post Compact
[473.525s][info][gc,phases      ] GC(1664) Post Compact 2.253ms
[473.525s][info][gc,heap        ] GC(1664) PSYoungGen: 111616K(222720K)->0K(222720K) Eden: 111616K(111616K)->0K(111616K) From: 0K(111104K)->0K(111104K)
[473.525s][info][gc,heap        ] GC(1664) ParOldGen: 650859K(667648K)->650871K(667648K)
[473.525s][info][gc,metaspace   ] GC(1664) Metaspace: 18918K(19008K)->18918K(19008K) NonClass: 17089K(17152K)->17089K(17152K) Class: 1829K(1856K)->1829K(1856K)
[473.525s][info][gc             ] GC(1664) Pause Full (Allocation Failure) 744M->635M(869M) 885.445ms
[473.525s][info][gc,cpu         ] GC(1664) User=1.74s Sys=0.00s Real=0.89s
[473.844s][info][gc,start       ] GC(1665) Pause Full (Allocation Failure)
[473.844s][info][gc,phases,start] GC(1665) Marking Phase
[474.175s][info][gc,phases      ] GC(1665) Marking Phase 331.226ms
[474.175s][info][gc,phases,start] GC(1665) Summary Phase
[474.175s][info][gc,phases      ] GC(1665) Summary Phase 0.026ms
[474.175s][info][gc,phases,start] GC(1665) Forward
[474.282s][info][gc,phases      ] GC(1665) Forward 106.088ms
[474.282s][info][gc,phases,start] GC(1665) Adjust Pointers
[474.532s][info][gc,phases      ] GC(1665) Adjust Pointers 250.797ms
[474.533s][info][gc,phases,start] GC(1665) Compaction Phase
[474.680s][info][gc,phases      ] GC(1665) Compaction Phase 147.132ms
[474.689s][info][gc,phases,start] GC(1665) Post Compact
[474.691s][info][gc,phases      ] GC(1665) Post Compact 2.309ms
[474.691s][info][gc,heap        ] GC(1665) PSYoungGen: 111616K(222720K)->0K(222720K) Eden: 111616K(111616K)->0K(111616K) From: 0K(111104K)->0K(111104K)
[474.691s][info][gc,heap        ] GC(1665) ParOldGen: 650871K(667648K)->477252K(667648K)
[474.691s][info][gc,metaspace   ] GC(1665) Metaspace: 18918K(19008K)->18918K(19008K) NonClass: 17089K(17152K)->17089K(17152K) Class: 1829K(1856K)->1829K(1856K)
[474.691s][info][gc             ] GC(1665) Pause Full (Allocation Failure) 744M->466M(869M) 847.328ms
[474.691s][info][gc,cpu         ] GC(1665) User=1.59s Sys=0.00s Real=0.84s
[474.887s][info][gc,start       ] GC(1666) Pause Young (Allocation Failure)
[474.891s][info][gc,heap        ] GC(1666) PSYoungGen: 111616K(222720K)->3840K(222720K) Eden: 111616K(111616K)->0K(111616K) From: 0K(111104K)->3840K(111104K)
[474.892s][info][gc,heap        ] GC(1666) ParOldGen: 477252K(667648K)->477252K(667648K)
[474.892s][info][gc,metaspace   ] GC(1666) Metaspace: 18918K(19008K)->18918K(19008K) NonClass: 17089K(17152K)->17089K(17152K) Class: 1829K(1856K)->1829K(1856K)
[474.892s][info][gc             ] GC(1666) Pause Young (Allocation Failure) 575M->469M(869M) 4.909ms
[474.892s][info][gc,cpu         ] GC(1666) User=0.01s Sys=0.00s Real=0.00s
[474.950s][info][gc,start       ] GC(1667) Pause Young (Allocation Failure)
[474.983s][info][gc,heap        ] GC(1667) PSYoungGen: 115456K(222720K)->46416K(222720K) Eden: 111616K(111616K)->0K(111616K) From: 3840K(111104K)->46416K(111104K)
[474.983s][info][gc,heap        ] GC(1667) ParOldGen: 477252K(667648K)->477252K(667648K)
[474.983s][info][gc,metaspace   ] GC(1667) Metaspace: 18918K(19008K)->18918K(19008K) NonClass: 17089K(17152K)->17089K(17152K) Class: 1829K(1856K)->1829K(1856K)
[474.983s][info][gc             ] GC(1667) Pause Young (Allocation Failure) 578M->511M(869M) 33.268ms
[474.983s][info][gc,cpu         ] GC(1667) User=0.07s Sys=0.00s Real=0.03s
[475.141s][info][gc,start       ] GC(1668) Pause Young (Allocation Failure)
[475.189s][info][gc,heap        ] GC(1668) PSYoungGen: 158032K(222720K)->76272K(222720K) Eden: 111616K(111616K)->0K(111616K) From: 46416K(111104K)->76272K(111104K)
[475.189s][info][gc,heap        ] GC(1668) ParOldGen: 477252K(667648K)->477252K(667648K)
[475.189s][info][gc,metaspace   ] GC(1668) Metaspace: 18918K(19008K)->18918K(19008K) NonClass: 17089K(17152K)->17089K(17152K) Class: 1829K(1856K)->1829K(1856K)
[475.189s][info][gc             ] GC(1668) Pause Young (Allocation Failure) 620M->540M(869M) 47.914ms
[475.189s][info][gc,cpu         ] GC(1668) User=0.10s Sys=0.00s Real=0.05s
[475.266s][info][gc,start       ] GC(1669) Pause Young (Allocation Failure)
[475.317s][info][gc,heap        ] GC(1669) PSYoungGen: 187888K(222720K)->34240K(222720K) Eden: 111616K(111616K)->0K(111616K) From: 76272K(111104K)->34240K(111104K)
[475.317s][info][gc,heap        ] GC(1669) ParOldGen: 477252K(667648K)->524165K(667648K)
[475.317s][info][gc,metaspace   ] GC(1669) Metaspace: 18918K(19008K)->18918K(19008K) NonClass: 17089K(17152K)->17089K(17152K) Class: 1829K(1856K)->1829K(1856K)
[475.317s][info][gc             ] GC(1669) Pause Young (Allocation Failure) 649M->545M(869M) 50.752ms
[475.317s][info][gc,cpu         ] GC(1669) User=0.10s Sys=0.00s Real=0.05s
[475.458s][info][gc,start       ] GC(1670) Pause Young (Allocation Failure)
[475.521s][info][gc,heap        ] GC(1670) PSYoungGen: 145856K(222720K)->29344K(222720K) Eden: 111616K(111616K)->0K(111616K) From: 34240K(111104K)->29344K(111104K)
[475.521s][info][gc,heap        ] GC(1670) ParOldGen: 524165K(667648K)->558708K(667648K)
[475.521s][info][gc,metaspace   ] GC(1670) Metaspace: 18918K(19008K)->18918K(19008K) NonClass: 17089K(17152K)->17089K(17152K) Class: 1829K(1856K)->1829K(1856K)
[475.521s][info][gc             ] GC(1670) Pause Young (Allocation Failure) 654M->574M(869M) 63.610ms
[475.521s][info][gc,cpu         ] GC(1670) User=0.12s Sys=0.00s Real=0.06s
[475.569s][info][gc,start       ] GC(1671) Pause Young (Allocation Failure)
[475.631s][info][gc,heap        ] GC(1671) PSYoungGen: 140960K(222720K)->39808K(222720K) Eden: 111616K(111616K)->0K(111616K) From: 29344K(111104K)->39808K(111104K)
[475.631s][info][gc,heap        ] GC(1671) ParOldGen: 558708K(667648K)->588276K(667648K)
[475.631s][info][gc,metaspace   ] GC(1671) Metaspace: 18918K(19008K)->18918K(19008K) NonClass: 17089K(17152K)->17089K(17152K) Class: 1829K(1856K)->1829K(1856K)
[475.631s][info][gc             ] GC(1671) Pause Young (Allocation Failure) 683M->613M(869M) 61.898ms
[475.631s][info][gc,cpu         ] GC(1671) User=0.12s Sys=0.01s Real=0.06s
[475.726s][info][gc,start       ] GC(1672) Pause Young (Allocation Failure)
[475.774s][info][gc,heap        ] GC(1672) PSYoungGen: 151424K(222720K)->31424K(222720K) Eden: 111616K(111616K)->0K(111616K) From: 39808K(111104K)->31424K(111104K)
[475.774s][info][gc,heap        ] GC(1672) ParOldGen: 588276K(667648K)->628612K(667648K)
[475.774s][info][gc,metaspace   ] GC(1672) Metaspace: 18918K(19008K)->18918K(19008K) NonClass: 17089K(17152K)->17089K(17152K) Class: 1829K(1856K)->1829K(1856K)
[475.774s][info][gc             ] GC(1672) Pause Young (Allocation Failure) 722M->644M(869M) 48.732ms
[475.774s][info][gc,cpu         ] GC(1672) User=0.09s Sys=0.00s Real=0.05s
[475.910s][info][gc,start       ] GC(1673) Pause Full (Allocation Failure)
[475.910s][info][gc,phases,start] GC(1673) Marking Phase
[476.152s][info][gc,phases      ] GC(1673) Marking Phase 241.581ms
[476.152s][info][gc,phases,start] GC(1673) Summary Phase
[476.152s][info][gc,phases      ] GC(1673) Summary Phase 0.030ms
[476.152s][info][gc,phases,start] GC(1673) Forward
[476.229s][info][gc,phases      ] GC(1673) Forward 76.959ms
[476.229s][info][gc,phases,start] GC(1673) Adjust Pointers
[476.421s][info][gc,phases      ] GC(1673) Adjust Pointers 192.209ms
[476.421s][info][gc,phases,start] GC(1673) Compaction Phase
[476.527s][info][gc,phases      ] GC(1673) Compaction Phase 106.155ms
[476.533s][info][gc,phases,start] GC(1673) Post Compact
[476.535s][info][gc,phases      ] GC(1673) Post Compact 2.306ms
[476.535s][info][gc,heap        ] GC(1673) PSYoungGen: 143040K(222720K)->0K(222720K) Eden: 111616K(111616K)->0K(111616K) From: 31424K(111104K)->0K(111104K)
[476.535s][info][gc,heap        ] GC(1673) ParOldGen: 628612K(667648K)->400150K(667648K)
[476.535s][info][gc,metaspace   ] GC(1673) Metaspace: 18918K(19008K)->18918K(19008K) NonClass: 17089K(17152K)->17089K(17152K) Class: 1829K(1856K)->1829K(1856K)
[476.535s][info][gc             ] GC(1673) Pause Full (Allocation Failure) 753M->390M(869M) 625.476ms
[476.535s][info][gc,cpu         ] GC(1673) User=1.18s Sys=0.00s Real=0.63s
[476.650s][info][gc,start       ] GC(1674) Pause Young (Allocation Failure)
[476.651s][info][gc,heap        ] GC(1674) PSYoungGen: 111616K(222720K)->96K(222720K) Eden: 111616K(111616K)->0K(111616K) From: 0K(111104K)->96K(111104K)
[476.651s][info][gc,heap        ] GC(1674) ParOldGen: 400150K(667648K)->400150K(667648K)
[476.651s][info][gc,metaspace   ] GC(1674) Metaspace: 18918K(19008K)->18918K(19008K) NonClass: 17089K(17152K)->17089K(17152K) Class: 1829K(1856K)->1829K(1856K)
[476.651s][info][gc             ] GC(1674) Pause Young (Allocation Failure) 499M->390M(869M) 1.651ms
[476.651s][info][gc,cpu         ] GC(1674) User=0.01s Sys=0.00s Real=0.00s
[476.764s][info][gc,start       ] GC(1675) Pause Young (Allocation Failure)
[476.766s][info][gc,heap        ] GC(1675) PSYoungGen: 111712K(222720K)->160K(222720K) Eden: 111616K(111616K)->0K(111616K) From: 96K(111104K)->160K(111104K)
[476.766s][info][gc,heap        ] GC(1675) ParOldGen: 400150K(667648K)->400222K(667648K)
[476.766s][info][gc,metaspace   ] GC(1675) Metaspace: 18918K(19008K)->18918K(19008K) NonClass: 17089K(17152K)->17089K(17152K) Class: 1829K(1856K)->1829K(1856K)
[476.766s][info][gc             ] GC(1675) Pause Young (Allocation Failure) 499M->390M(869M) 1.864ms
[476.766s][info][gc,cpu         ] GC(1675) User=0.00s Sys=0.00s Real=0.00s
[476.879s][info][gc,start       ] GC(1676) Pause Young (Allocation Failure)
[476.881s][info][gc,heap        ] GC(1676) PSYoungGen: 111776K(222720K)->160K(222720K) Eden: 111616K(111616K)->0K(111616K) From: 160K(111104K)->160K(111104K)
[476.881s][info][gc,heap        ] GC(1676) ParOldGen: 400222K(667648K)->400334K(667648K)
[476.881s][info][gc,metaspace   ] GC(1676) Metaspace: 18918K(19008K)->18918K(19008K) NonClass: 17089K(17152K)->17089K(17152K) Class: 1829K(1856K)->1829K(1856K)
[476.881s][info][gc             ] GC(1676) Pause Young (Allocation Failure) 499M->391M(869M) 2.016ms
[476.881s][info][gc,cpu         ] GC(1676) User=0.00s Sys=0.00s Real=0.00s
[476.994s][info][gc,start       ] GC(1677) Pause Young (Allocation Failure)
[476.996s][info][gc,heap        ] GC(1677) PSYoungGen: 111776K(222720K)->96K(222720K) Eden: 111616K(111616K)->0K(111616K) From: 160K(111104K)->96K(111104K)
[476.996s][info][gc,heap        ] GC(1677) ParOldGen: 400334K(667648K)->400470K(667648K)
[476.996s][info][gc,metaspace   ] GC(1677) Metaspace: 18918K(19008K)->18918K(19008K) NonClass: 17089K(17152K)->17089K(17152K) Class: 1829K(1856K)->1829K(1856K)
[476.996s][info][gc             ] GC(1677) Pause Young (Allocation Failure) 500M->391M(869M) 1.780ms
[476.996s][info][gc,cpu         ] GC(1677) User=0.01s Sys=0.00s Real=0.00s
[477.109s][info][gc,start       ] GC(1678) Pause Young (Allocation Failure)
[477.111s][info][gc,heap        ] GC(1678) PSYoungGen: 111712K(222720K)->96K(222720K) Eden: 111616K(111616K)->0K(111616K) From: 96K(111104K)->96K(111104K)
[477.111s][info][gc,heap        ] GC(1678) ParOldGen: 400470K(667648K)->400550K(667648K)
[477.111s][info][gc,metaspace   ] GC(1678) Metaspace: 18918K(19008K)->18918K(19008K) NonClass: 17089K(17152K)->17089K(17152K) Class: 1829K(1856K)->1829K(1856K)
[477.111s][info][gc             ] GC(1678) Pause Young (Allocation Failure) 500M->391M(869M) 1.798ms
[477.111s][info][gc,cpu         ] GC(1678) User=0.01s Sys=0.00s Real=0.00s
[477.222s][info][gc,start       ] GC(1679) Pause Young (Allocation Failure)
[477.224s][info][gc,heap        ] GC(1679) PSYoungGen: 111712K(222720K)->128K(222720K) Eden: 111616K(111616K)->0K(111616K) From: 96K(111104K)->128K(111104K)
[477.224s][info][gc,heap        ] GC(1679) ParOldGen: 400550K(667648K)->400630K(667648K)
[477.224s][info][gc,metaspace   ] GC(1679) Metaspace: 18918K(19008K)->18918K(19008K) NonClass: 17089K(17152K)->17089K(17152K) Class: 1829K(1856K)->1829K(1856K)
[477.224s][info][gc             ] GC(1679) Pause Young (Allocation Failure) 500M->391M(869M) 1.888ms
[477.224s][info][gc,cpu         ] GC(1679) User=0.00s Sys=0.00s Real=0.01s
[477.335s][info][gc,start       ] GC(1680) Pause Young (Allocation Failure)
[477.337s][info][gc,heap        ] GC(1680) PSYoungGen: 111744K(222720K)->128K(218624K) Eden: 111616K(111616K)->0K(111616K) From: 128K(111104K)->128K(107008K)
[477.337s][info][gc,heap        ] GC(1680) ParOldGen: 400630K(667648K)->400734K(667648K)
[477.337s][info][gc,metaspace   ] GC(1680) Metaspace: 18918K(19008K)->18918K(19008K) NonClass: 17089K(17152K)->17089K(17152K) Class: 1829K(1856K)->1829K(1856K)
[477.337s][info][gc             ] GC(1680) Pause Young (Allocation Failure) 500M->391M(865M) 2.005ms
[477.337s][info][gc,cpu         ] GC(1680) User=0.00s Sys=0.00s Real=0.00s
[477.454s][info][gc,start       ] GC(1681) Pause Young (Allocation Failure)
[477.456s][info][gc,heap        ] GC(1681) PSYoungGen: 111744K(218624K)->192K(112128K) Eden: 111616K(111616K)->0K(111616K) From: 128K(107008K)->192K(512K)
[477.456s][info][gc,heap        ] GC(1681) ParOldGen: 400734K(667648K)->400734K(667648K)
[477.456s][info][gc,metaspace   ] GC(1681) Metaspace: 18918K(19008K)->18918K(19008K) NonClass: 17089K(17152K)->17089K(17152K) Class: 1829K(1856K)->1829K(1856K)
[477.456s][info][gc             ] GC(1681) Pause Young (Allocation Failure) 500M->391M(761M) 2.447ms
[477.456s][info][gc,cpu         ] GC(1681) User=0.00s Sys=0.00s Real=0.00s
[477.587s][info][gc,start       ] GC(1682) Pause Young (Allocation Failure)
[477.592s][info][gc,heap        ] GC(1682) PSYoungGen: 111808K(112128K)->1440K(208896K) Eden: 111616K(111616K)->0K(113664K) From: 192K(512K)->1440K(95232K)
[477.592s][info][gc,heap        ] GC(1682) ParOldGen: 400734K(667648K)->400734K(667648K)
[477.592s][info][gc,metaspace   ] GC(1682) Metaspace: 18918K(19008K)->18918K(19008K) NonClass: 17089K(17152K)->17089K(17152K) Class: 1829K(1856K)->1829K(1856K)
[477.592s][info][gc             ] GC(1682) Pause Young (Allocation Failure) 500M->392M(856M) 4.847ms
[477.592s][info][gc,cpu         ] GC(1682) User=0.01s Sys=0.00s Real=0.00s
[477.703s][info][gc,start       ] GC(1683) Pause Young (Allocation Failure)
[477.721s][info][gc,heap        ] GC(1683) PSYoungGen: 115104K(208896K)->4000K(117760K) Eden: 113664K(113664K)->0K(113664K) From: 1440K(95232K)->4000K(4096K)
[477.721s][info][gc,heap        ] GC(1683) ParOldGen: 400734K(667648K)->400734K(667648K)
[477.721s][info][gc,metaspace   ] GC(1683) Metaspace: 18918K(19008K)->18918K(19008K) NonClass: 17089K(17152K)->17089K(17152K) Class: 1829K(1856K)->1829K(1856K)
[477.721s][info][gc             ] GC(1683) Pause Young (Allocation Failure) 503M->395M(767M) 17.805ms
[477.721s][info][gc,cpu         ] GC(1683) User=0.03s Sys=0.00s Real=0.02s
[477.863s][info][gc,start       ] GC(1684) Pause Young (Allocation Failure)
[477.898s][info][gc,heap        ] GC(1684) PSYoungGen: 117664K(117760K)->21378K(200192K) Eden: 113664K(113664K)->0K(117248K) From: 4000K(4096K)->21378K(82944K)
[477.898s][info][gc,heap        ] GC(1684) ParOldGen: 400734K(667648K)->400734K(667648K)
[477.898s][info][gc,metaspace   ] GC(1684) Metaspace: 18918K(19008K)->18918K(19008K) NonClass: 17089K(17152K)->17089K(17152K) Class: 1829K(1856K)->1829K(1856K)
[477.898s][info][gc             ] GC(1684) Pause Young (Allocation Failure) 506M->412M(847M) 35.576ms
[477.898s][info][gc,cpu         ] GC(1684) User=0.07s Sys=0.00s Real=0.04s
[478.037s][info][gc,start       ] GC(1685) Pause Young (Allocation Failure)
[478.071s][info][gc,heap        ] GC(1685) PSYoungGen: 138626K(200192K)->21368K(138752K) Eden: 117248K(117248K)->0K(117248K) From: 21378K(82944K)->21368K(21504K)
[478.071s][info][gc,heap        ] GC(1685) ParOldGen: 400734K(667648K)->400734K(667648K)
[478.071s][info][gc,metaspace   ] GC(1685) Metaspace: 18918K(19008K)->18918K(19008K) NonClass: 17089K(17152K)->17089K(17152K) Class: 1829K(1856K)->1829K(1856K)
[478.071s][info][gc             ] GC(1685) Pause Young (Allocation Failure) 526M->412M(787M) 34.061ms
[478.071s][info][gc,cpu         ] GC(1685) User=0.06s Sys=0.00s Real=0.03s
[478.214s][info][gc,start       ] GC(1686) Pause Young (Allocation Failure)
[478.249s][info][gc,heap        ] GC(1686) PSYoungGen: 138616K(138752K)->21368K(194048K) Eden: 117248K(117248K)->0K(122368K) From: 21368K(21504K)->21368K(71680K)
[478.249s][info][gc,heap        ] GC(1686) ParOldGen: 400734K(667648K)->400734K(667648K)
[478.249s][info][gc,metaspace   ] GC(1686) Metaspace: 18918K(19008K)->18918K(19008K) NonClass: 17089K(17152K)->17089K(17152K) Class: 1829K(1856K)->1829K(1856K)
[478.249s][info][gc             ] GC(1686) Pause Young (Allocation Failure) 526M->412M(841M) 34.741ms
[478.249s][info][gc,cpu         ] GC(1686) User=0.07s Sys=0.01s Real=0.03s
[478.394s][info][gc,start       ] GC(1687) Pause Young (Allocation Failure)
[478.427s][info][gc,heap        ] GC(1687) PSYoungGen: 143736K(194048K)->21368K(199168K) Eden: 122368K(122368K)->0K(122368K) From: 21368K(71680K)->21368K(76800K)
[478.427s][info][gc,heap        ] GC(1687) ParOldGen: 400734K(667648K)->400734K(667648K)
[478.427s][info][gc,metaspace   ] GC(1687) Metaspace: 18918K(19008K)->18918K(19008K) NonClass: 17089K(17152K)->17089K(17152K) Class: 1829K(1856K)->1829K(1856K)
[478.427s][info][gc             ] GC(1687) Pause Young (Allocation Failure) 531M->412M(846M) 33.869ms
[478.428s][info][gc,cpu         ] GC(1687) User=0.07s Sys=0.00s Real=0.03s
[478.553s][info][gc,start       ] GC(1688) Pause Young (Allocation Failure)
[478.602s][info][gc,heap        ] GC(1688) PSYoungGen: 143736K(199168K)->34072K(200192K) Eden: 122368K(122368K)->0K(128000K) From: 21368K(76800K)->34072K(72192K)
[478.602s][info][gc,heap        ] GC(1688) ParOldGen: 400734K(667648K)->400734K(667648K)
[478.602s][info][gc,metaspace   ] GC(1688) Metaspace: 18918K(19008K)->18918K(19008K) NonClass: 17089K(17152K)->17089K(17152K) Class: 1829K(1856K)->1829K(1856K)
[478.602s][info][gc             ] GC(1688) Pause Young (Allocation Failure) 531M->424M(847M) 48.495ms
[478.602s][info][gc,cpu         ] GC(1688) User=0.10s Sys=0.00s Real=0.05s
[478.714s][info][gc,start       ] GC(1689) Pause Young (Allocation Failure)
[478.779s][info][gc,heap        ] GC(1689) PSYoungGen: 162072K(200192K)->54114K(200192K) Eden: 128000K(128000K)->0K(128000K) From: 34072K(72192K)->54114K(72192K)
[478.779s][info][gc,heap        ] GC(1689) ParOldGen: 400734K(667648K)->400734K(667648K)
[478.779s][info][gc,metaspace   ] GC(1689) Metaspace: 18918K(19008K)->18918K(19008K) NonClass: 17089K(17152K)->17089K(17152K) Class: 1829K(1856K)->1829K(1856K)
[478.779s][info][gc             ] GC(1689) Pause Young (Allocation Failure) 549M->444M(847M) 64.546ms
[478.779s][info][gc,cpu         ] GC(1689) User=0.13s Sys=0.00s Real=0.06s
[478.886s][info][gc,start       ] GC(1690) Pause Young (Allocation Failure)
[478.956s][info][gc,heap        ] GC(1690) PSYoungGen: 182114K(200192K)->59320K(208384K) Eden: 128000K(128000K)->0K(128512K) From: 54114K(72192K)->59320K(79872K)
[478.956s][info][gc,heap        ] GC(1690) ParOldGen: 400734K(667648K)->400734K(667648K)
[478.956s][info][gc,metaspace   ] GC(1690) Metaspace: 18918K(19008K)->18918K(19008K) NonClass: 17089K(17152K)->17089K(17152K) Class: 1829K(1856K)->1829K(1856K)
[478.957s][info][gc             ] GC(1690) Pause Young (Allocation Failure) 569M->449M(855M) 70.102ms
[478.957s][info][gc,cpu         ] GC(1690) User=0.13s Sys=0.00s Real=0.07s
[479.047s][info][gc,start       ] GC(1691) Pause Young (Allocation Failure)
[479.118s][info][gc,heap        ] GC(1691) PSYoungGen: 187832K(208384K)->60824K(215552K) Eden: 128512K(128512K)->0K(128512K) From: 59320K(79872K)->60824K(87040K)
[479.118s][info][gc,heap        ] GC(1691) ParOldGen: 400734K(667648K)->400734K(667648K)
[479.118s][info][gc,metaspace   ] GC(1691) Metaspace: 18918K(19008K)->18918K(19008K) NonClass: 17089K(17152K)->17089K(17152K) Class: 1829K(1856K)->1829K(1856K)
[479.118s][info][gc             ] GC(1691) Pause Young (Allocation Failure) 574M->450M(862M) 70.307ms
[479.118s][info][gc,cpu         ] GC(1691) User=0.14s Sys=0.00s Real=0.07s
[479.226s][info][gc,start       ] GC(1692) Pause Young (Allocation Failure)
[479.304s][info][gc,heap        ] GC(1692) PSYoungGen: 189336K(215552K)->60952K(227328K) Eden: 128512K(128512K)->0K(133632K) From: 60824K(87040K)->60952K(93696K)
[479.304s][info][gc,heap        ] GC(1692) ParOldGen: 400734K(667648K)->400734K(667648K)
[479.304s][info][gc,metaspace   ] GC(1692) Metaspace: 18918K(19008K)->18918K(19008K) NonClass: 17089K(17152K)->17089K(17152K) Class: 1829K(1856K)->1829K(1856K)
[479.304s][info][gc             ] GC(1692) Pause Young (Allocation Failure) 576M->450M(874M) 77.680ms
[479.304s][info][gc,cpu         ] GC(1692) User=0.13s Sys=0.02s Real=0.08s
[479.418s][info][gc,start       ] GC(1693) Pause Young (Allocation Failure)
[479.493s][info][gc,heap        ] GC(1693) PSYoungGen: 194584K(227328K)->64610K(198656K) Eden: 133632K(133632K)->0K(133632K) From: 60952K(93696K)->64610K(65024K)
[479.493s][info][gc,heap        ] GC(1693) ParOldGen: 400734K(667648K)->400734K(667648K)
[479.493s][info][gc,metaspace   ] GC(1693) Metaspace: 18920K(19072K)->18920K(19072K) NonClass: 17091K(17216K)->17091K(17216K) Class: 1829K(1856K)->1829K(1856K)
[479.493s][info][gc             ] GC(1693) Pause Young (Allocation Failure) 581M->454M(846M) 74.740ms
[479.493s][info][gc,cpu         ] GC(1693) User=0.15s Sys=0.00s Real=0.07s
[479.606s][info][gc,start       ] GC(1694) Pause Young (Allocation Failure)
[479.683s][info][gc,heap        ] GC(1694) PSYoungGen: 198242K(198656K)->64632K(223232K) Eden: 133632K(133632K)->0K(119808K) From: 64610K(65024K)->64632K(103424K)
[479.683s][info][gc,heap        ] GC(1694) ParOldGen: 400734K(667648K)->400734K(667648K)
[479.683s][info][gc,metaspace   ] GC(1694) Metaspace: 18920K(19072K)->18920K(19072K) NonClass: 17091K(17216K)->17091K(17216K) Class: 1829K(1856K)->1829K(1856K)
[479.683s][info][gc             ] GC(1694) Pause Young (Allocation Failure) 584M->454M(870M) 76.779ms
[479.683s][info][gc,cpu         ] GC(1694) User=0.15s Sys=0.00s Real=0.07s
[479.821s][info][gc,start       ] GC(1695) Pause Young (Allocation Failure)
[479.905s][info][gc,heap        ] GC(1695) PSYoungGen: 184440K(223232K)->76456K(196608K) Eden: 119808K(119808K)->0K(119808K) From: 64632K(103424K)->76456K(76800K)
[479.905s][info][gc,heap        ] GC(1695) ParOldGen: 400734K(667648K)->400822K(667648K)
[479.905s][info][gc,metaspace   ] GC(1695) Metaspace: 18920K(19072K)->18920K(19072K) NonClass: 17091K(17216K)->17091K(17216K) Class: 1829K(1856K)->1829K(1856K)
[479.905s][info][gc             ] GC(1695) Pause Young (Allocation Failure) 571M->466M(844M) 83.919ms
[479.905s][info][gc,cpu         ] GC(1695) User=0.17s Sys=0.00s Real=0.09s
[479.981s][info][gc,start       ] GC(1696) Pause Young (Allocation Failure)
[480.098s][info][gc,heap        ] GC(1696) PSYoungGen: 196264K(196608K)->98114K(222720K) Eden: 119808K(119808K)->0K(111616K) From: 76456K(76800K)->98114K(111104K)
[480.098s][info][gc,heap        ] GC(1696) ParOldGen: 400822K(667648K)->402142K(667648K)
[480.098s][info][gc,metaspace   ] GC(1696) Metaspace: 18920K(19072K)->18920K(19072K) NonClass: 17091K(17216K)->17091K(17216K) Class: 1829K(1856K)->1829K(1856K)
[480.098s][info][gc             ] GC(1696) Pause Young (Allocation Failure) 583M->488M(869M) 117.534ms
[480.098s][info][gc,cpu         ] GC(1696) User=0.22s Sys=0.02s Real=0.12s
[480.223s][info][gc,start       ] GC(1697) Pause Young (Allocation Failure)
[480.345s][info][gc,heap        ] GC(1697) PSYoungGen: 209730K(222720K)->96592K(222720K) Eden: 111616K(111616K)->0K(111616K) From: 98114K(111104K)->96592K(111104K)
[480.345s][info][gc,heap        ] GC(1697) ParOldGen: 402142K(667648K)->422159K(667648K)
[480.345s][info][gc,metaspace   ] GC(1697) Metaspace: 18920K(19072K)->18920K(19072K) NonClass: 17091K(17216K)->17091K(17216K) Class: 1829K(1856K)->1829K(1856K)
[480.345s][info][gc             ] GC(1697) Pause Young (Allocation Failure) 597M->506M(869M) 122.005ms
[480.345s][info][gc,cpu         ] GC(1697) User=0.24s Sys=0.00s Real=0.13s
[480.485s][info][gc,start       ] GC(1698) Pause Young (Allocation Failure)
[480.594s][info][gc,heap        ] GC(1698) PSYoungGen: 208208K(222720K)->111104K(222720K) Eden: 111616K(111616K)->0K(111616K) From: 96592K(111104K)->111104K(111104K)
[480.594s][info][gc,heap        ] GC(1698) ParOldGen: 422159K(667648K)->423623K(667648K)
[480.594s][info][gc,metaspace   ] GC(1698) Metaspace: 18920K(19072K)->18920K(19072K) NonClass: 17091K(17216K)->17091K(17216K) Class: 1829K(1856K)->1829K(1856K)
[480.594s][info][gc             ] GC(1698) Pause Young (Allocation Failure) 615M->522M(869M) 108.963ms
[480.594s][info][gc,cpu         ] GC(1698) User=0.21s Sys=0.01s Real=0.11s
[480.705s][info][gc,start       ] GC(1699) Pause Young (Allocation Failure)
[480.808s][info][gc,heap        ] GC(1699) PSYoungGen: 222720K(222720K)->99136K(222720K) Eden: 111616K(111616K)->0K(111616K) From: 111104K(111104K)->99136K(111104K)
[480.808s][info][gc,heap        ] GC(1699) ParOldGen: 423623K(667648K)->436367K(667648K)
[480.808s][info][gc,metaspace   ] GC(1699) Metaspace: 18920K(19072K)->18920K(19072K) NonClass: 17091K(17216K)->17091K(17216K) Class: 1829K(1856K)->1829K(1856K)
[480.808s][info][gc             ] GC(1699) Pause Young (Allocation Failure) 631M->522M(869M) 103.750ms
[480.808s][info][gc,cpu         ] GC(1699) User=0.20s Sys=0.00s Real=0.10s
[480.927s][info][gc,start       ] GC(1700) Pause Young (Allocation Failure)
[481.021s][info][gc,heap        ] GC(1700) PSYoungGen: 210752K(222720K)->75936K(222720K) Eden: 111616K(111616K)->0K(111616K) From: 99136K(111104K)->75936K(111104K)
[481.021s][info][gc,heap        ] GC(1700) ParOldGen: 436367K(667648K)->461679K(667648K)
[481.021s][info][gc,metaspace   ] GC(1700) Metaspace: 18920K(19072K)->18920K(19072K) NonClass: 17091K(17216K)->17091K(17216K) Class: 1829K(1856K)->1829K(1856K)
[481.021s][info][gc             ] GC(1700) Pause Young (Allocation Failure) 631M->525M(869M) 93.588ms
[481.021s][info][gc,cpu         ] GC(1700) User=0.19s Sys=0.00s Real=0.09s
[481.132s][info][gc,start       ] GC(1701) Pause Young (Allocation Failure)
[481.208s][info][gc,heap        ] GC(1701) PSYoungGen: 187552K(222720K)->78848K(222720K) Eden: 111616K(111616K)->0K(111616K) From: 75936K(111104K)->78848K(111104K)
[481.208s][info][gc,heap        ] GC(1701) ParOldGen: 461679K(667648K)->463311K(667648K)
[481.208s][info][gc,metaspace   ] GC(1701) Metaspace: 18920K(19072K)->18920K(19072K) NonClass: 17091K(17216K)->17091K(17216K) Class: 1829K(1856K)->1829K(1856K)
[481.208s][info][gc             ] GC(1701) Pause Young (Allocation Failure) 634M->529M(869M) 75.196ms
[481.208s][info][gc,cpu         ] GC(1701) User=0.15s Sys=0.00s Real=0.08s
[481.309s][info][gc,start       ] GC(1702) Pause Young (Allocation Failure)
[481.382s][info][gc,heap        ] GC(1702) PSYoungGen: 190464K(222720K)->75232K(222720K) Eden: 111616K(111616K)->0K(111616K) From: 78848K(111104K)->75232K(111104K)
[481.382s][info][gc,heap        ] GC(1702) ParOldGen: 463311K(667648K)->467007K(667648K)
[481.382s][info][gc,metaspace   ] GC(1702) Metaspace: 18920K(19072K)->18920K(19072K) NonClass: 17091K(17216K)->17091K(17216K) Class: 1829K(1856K)->1829K(1856K)
[481.382s][info][gc             ] GC(1702) Pause Young (Allocation Failure) 638M->529M(869M) 73.242ms
[481.382s][info][gc,cpu         ] GC(1702) User=0.14s Sys=0.00s Real=0.07s
[481.494s][info][gc,start       ] GC(1703) Pause Young (Allocation Failure)
[481.567s][info][gc,heap        ] GC(1703) PSYoungGen: 186848K(222720K)->43968K(222720K) Eden: 111616K(111616K)->0K(111616K) From: 75232K(111104K)->43968K(111104K)
[481.567s][info][gc,heap        ] GC(1703) ParOldGen: 467007K(667648K)->500935K(667648K)
[481.567s][info][gc,metaspace   ] GC(1703) Metaspace: 18920K(19072K)->18920K(19072K) NonClass: 17091K(17216K)->17091K(17216K) Class: 1829K(1856K)->1829K(1856K)
[481.567s][info][gc             ] GC(1703) Pause Young (Allocation Failure) 638M->532M(869M) 73.010ms
[481.567s][info][gc,cpu         ] GC(1703) User=0.14s Sys=0.00s Real=0.07s
[481.715s][info][gc,start       ] GC(1704) Pause Young (Allocation Failure)
[481.767s][info][gc,heap        ] GC(1704) PSYoungGen: 155584K(222720K)->20928K(222720K) Eden: 111616K(111616K)->0K(111616K) From: 43968K(111104K)->20928K(111104K)
[481.767s][info][gc,heap        ] GC(1704) ParOldGen: 500935K(667648K)->535119K(667648K)
[481.767s][info][gc,metaspace   ] GC(1704) Metaspace: 18920K(19072K)->18920K(19072K) NonClass: 17091K(17216K)->17091K(17216K) Class: 1829K(1856K)->1829K(1856K)
[481.767s][info][gc             ] GC(1704) Pause Young (Allocation Failure) 641M->543M(869M) 52.700ms
[481.767s][info][gc,cpu         ] GC(1704) User=0.11s Sys=0.00s Real=0.05s
[481.978s][info][gc,start       ] GC(1705) Pause Young (Allocation Failure)
[482.003s][info][gc,heap        ] GC(1705) PSYoungGen: 132544K(222720K)->21184K(222720K) Eden: 111616K(111616K)->0K(111616K) From: 20928K(111104K)->21184K(111104K)
[482.003s][info][gc,heap        ] GC(1705) ParOldGen: 535119K(667648K)->537791K(667648K)
[482.003s][info][gc,metaspace   ] GC(1705) Metaspace: 18920K(19072K)->18920K(19072K) NonClass: 17091K(17216K)->17091K(17216K) Class: 1829K(1856K)->1829K(1856K)
[482.003s][info][gc             ] GC(1705) Pause Young (Allocation Failure) 652M->545M(869M) 24.855ms
[482.003s][info][gc,cpu         ] GC(1705) User=0.05s Sys=0.00s Real=0.02s
[482.362s][info][gc,start       ] GC(1706) Pause Young (Allocation Failure)
[482.385s][info][gc,heap        ] GC(1706) PSYoungGen: 132800K(222720K)->16768K(222720K) Eden: 111616K(111616K)->0K(111616K) From: 21184K(111104K)->16768K(111104K)
[482.385s][info][gc,heap        ] GC(1706) ParOldGen: 537791K(667648K)->542463K(667648K)
[482.385s][info][gc,metaspace   ] GC(1706) Metaspace: 18921K(19072K)->18921K(19072K) NonClass: 17091K(17216K)->17091K(17216K) Class: 1829K(1856K)->1829K(1856K)
[482.385s][info][gc             ] GC(1706) Pause Young (Allocation Failure) 654M->546M(869M) 22.527ms
[482.385s][info][gc,cpu         ] GC(1706) User=0.04s Sys=0.00s Real=0.03s
[482.667s][info][gc,start       ] GC(1707) Pause Young (Allocation Failure)
[482.686s][info][gc,heap        ] GC(1707) PSYoungGen: 128384K(222720K)->3216K(222720K) Eden: 111616K(111616K)->0K(111616K) From: 16768K(111104K)->3216K(111104K)
[482.686s][info][gc,heap        ] GC(1707) ParOldGen: 542463K(667648K)->556095K(667648K)
[482.686s][info][gc,metaspace   ] GC(1707) Metaspace: 18921K(19072K)->18921K(19072K) NonClass: 17091K(17216K)->17091K(17216K) Class: 1829K(1856K)->1829K(1856K)
[482.686s][info][gc             ] GC(1707) Pause Young (Allocation Failure) 655M->546M(869M) 18.484ms
[482.686s][info][gc,cpu         ] GC(1707) User=0.04s Sys=0.00s Real=0.02s
[482.932s][info][gc,start       ] GC(1708) Pause Young (Allocation Failure)
[482.937s][info][gc,heap        ] GC(1708) PSYoungGen: 114832K(222720K)->272K(222720K) Eden: 111616K(111616K)->0K(111616K) From: 3216K(111104K)->272K(111104K)
[482.937s][info][gc,heap        ] GC(1708) ParOldGen: 556095K(667648K)->559063K(667648K)
[482.937s][info][gc,metaspace   ] GC(1708) Metaspace: 18921K(19072K)->18921K(19072K) NonClass: 17091K(17216K)->17091K(17216K) Class: 1829K(1856K)->1829K(1856K)
[482.937s][info][gc             ] GC(1708) Pause Young (Allocation Failure) 655M->546M(869M) 5.410ms
[482.937s][info][gc,cpu         ] GC(1708) User=0.01s Sys=0.00s Real=0.01s
[483.185s][info][gc,start       ] GC(1709) Pause Young (Allocation Failure)
[483.188s][info][gc,heap        ] GC(1709) PSYoungGen: 111888K(222720K)->64K(222720K) Eden: 111616K(111616K)->0K(111616K) From: 272K(111104K)->64K(111104K)
[483.188s][info][gc,heap        ] GC(1709) ParOldGen: 559063K(667648K)->559288K(667648K)
[483.188s][info][gc,metaspace   ] GC(1709) Metaspace: 18921K(19072K)->18921K(19072K) NonClass: 17091K(17216K)->17091K(17216K) Class: 1829K(1856K)->1829K(1856K)
[483.188s][info][gc             ] GC(1709) Pause Young (Allocation Failure) 655M->546M(869M) 2.918ms
[483.188s][info][gc,cpu         ] GC(1709) User=0.00s Sys=0.00s Real=0.00s
[483.453s][info][gc,start       ] GC(1710) Pause Young (Allocation Failure)
[483.455s][info][gc,heap        ] GC(1710) PSYoungGen: 111680K(222720K)->192K(222720K) Eden: 111616K(111616K)->0K(111616K) From: 64K(111104K)->192K(111104K)
[483.455s][info][gc,heap        ] GC(1710) ParOldGen: 559288K(667648K)->559320K(667648K)
[483.455s][info][gc,metaspace   ] GC(1710) Metaspace: 18921K(19072K)->18921K(19072K) NonClass: 17091K(17216K)->17091K(17216K) Class: 1829K(1856K)->1829K(1856K)
[483.455s][info][gc             ] GC(1710) Pause Young (Allocation Failure) 655M->546M(869M) 2.637ms
[483.455s][info][gc,cpu         ] GC(1710) User=0.00s Sys=0.00s Real=0.01s
[483.632s][info][gc,start       ] GC(1711) Pause Young (Allocation Failure)
[483.650s][info][gc,heap        ] GC(1711) PSYoungGen: 111808K(222720K)->20960K(222720K) Eden: 111616K(111616K)->0K(111616K) From: 192K(111104K)->20960K(111104K)
[483.650s][info][gc,heap        ] GC(1711) ParOldGen: 559320K(667648K)->559488K(667648K)
[483.650s][info][gc,metaspace   ] GC(1711) Metaspace: 18921K(19072K)->18921K(19072K) NonClass: 17091K(17216K)->17091K(17216K) Class: 1829K(1856K)->1829K(1856K)
[483.650s][info][gc             ] GC(1711) Pause Young (Allocation Failure) 655M->566M(869M) 18.038ms
[483.650s][info][gc,cpu         ] GC(1711) User=0.03s Sys=0.00s Real=0.02s
[483.708s][info][gc,start       ] GC(1712) Pause Young (Allocation Failure)
[483.755s][info][gc,heap        ] GC(1712) PSYoungGen: 132576K(222720K)->45184K(222720K) Eden: 111616K(111616K)->0K(111616K) From: 20960K(111104K)->45184K(111104K)
[483.755s][info][gc,heap        ] GC(1712) ParOldGen: 559488K(667648K)->580592K(667648K)
[483.755s][info][gc,metaspace   ] GC(1712) Metaspace: 18921K(19072K)->18921K(19072K) NonClass: 17091K(17216K)->17091K(17216K) Class: 1829K(1856K)->1829K(1856K)
[483.755s][info][gc             ] GC(1712) Pause Young (Allocation Failure) 675M->611M(869M) 47.329ms
[483.755s][info][gc,cpu         ] GC(1712) User=0.09s Sys=0.00s Real=0.05s
[483.813s][info][gc,start       ] GC(1713) Pause Young (Allocation Failure)
[483.870s][info][gc,heap        ] GC(1713) PSYoungGen: 156800K(222720K)->44448K(222720K) Eden: 111616K(111616K)->0K(111616K) From: 45184K(111104K)->44448K(111104K)
[483.870s][info][gc,heap        ] GC(1713) ParOldGen: 580592K(667648K)->626288K(667648K)
[483.870s][info][gc,metaspace   ] GC(1713) Metaspace: 18921K(19072K)->18921K(19072K) NonClass: 17091K(17216K)->17091K(17216K) Class: 1829K(1856K)->1829K(1856K)
[483.870s][info][gc             ] GC(1713) Pause Young (Allocation Failure) 720M->655M(869M) 57.285ms
[483.870s][info][gc,cpu         ] GC(1713) User=0.12s Sys=0.00s Real=0.06s
[483.993s][info][gc,start       ] GC(1714) Pause Full (Allocation Failure)
[483.993s][info][gc,phases,start] GC(1714) Marking Phase
[484.342s][info][gc,phases      ] GC(1714) Marking Phase 348.280ms
[484.342s][info][gc,phases,start] GC(1714) Summary Phase
[484.342s][info][gc,phases      ] GC(1714) Summary Phase 0.027ms
[484.342s][info][gc,phases,start] GC(1714) Forward
[484.455s][info][gc,phases      ] GC(1714) Forward 113.670ms
[484.455s][info][gc,phases,start] GC(1714) Adjust Pointers
[484.725s][info][gc,phases      ] GC(1714) Adjust Pointers 269.822ms
[484.725s][info][gc,phases,start] GC(1714) Compaction Phase
[484.889s][info][gc,phases      ] GC(1714) Compaction Phase 163.193ms
[484.896s][info][gc,phases,start] GC(1714) Post Compact
[484.898s][info][gc,phases      ] GC(1714) Post Compact 2.368ms
[484.898s][info][gc,heap        ] GC(1714) PSYoungGen: 156064K(222720K)->0K(222720K) Eden: 111616K(111616K)->0K(111616K) From: 44448K(111104K)->0K(111104K)
[484.899s][info][gc,heap        ] GC(1714) ParOldGen: 626288K(667648K)->539293K(667648K)
[484.899s][info][gc,metaspace   ] GC(1714) Metaspace: 18921K(19072K)->18921K(19072K) NonClass: 17091K(17216K)->17091K(17216K) Class: 1829K(1856K)->1829K(1856K)
[484.899s][info][gc             ] GC(1714) Pause Full (Allocation Failure) 764M->526M(869M) 905.237ms
[484.899s][info][gc,cpu         ] GC(1714) User=1.71s Sys=0.00s Real=0.91s
[485.088s][info][gc,start       ] GC(1715) Pause Young (Allocation Failure)
[485.113s][info][gc,heap        ] GC(1715) PSYoungGen: 111616K(222720K)->27685K(139776K) Eden: 111616K(111616K)->0K(111616K) From: 0K(111104K)->27685K(28160K)
[485.113s][info][gc,heap        ] GC(1715) ParOldGen: 539293K(667648K)->539293K(667648K)
[485.113s][info][gc,metaspace   ] GC(1715) Metaspace: 18921K(19072K)->18921K(19072K) NonClass: 17091K(17216K)->17091K(17216K) Class: 1829K(1856K)->1829K(1856K)
[485.113s][info][gc             ] GC(1715) Pause Young (Allocation Failure) 635M->553M(788M) 24.647ms
[485.113s][info][gc,cpu         ] GC(1715) User=0.04s Sys=0.00s Real=0.02s
[485.246s][info][gc,start       ] GC(1716) Pause Young (Allocation Failure)
[485.295s][info][gc,heap        ] GC(1716) PSYoungGen: 139301K(139776K)->67206K(216576K) Eden: 111616K(111616K)->0K(108544K) From: 27685K(28160K)->67206K(108032K)
[485.295s][info][gc,heap        ] GC(1716) ParOldGen: 539293K(667648K)->539293K(667648K)
[485.295s][info][gc,metaspace   ] GC(1716) Metaspace: 18921K(19072K)->18921K(19072K) NonClass: 17091K(17216K)->17091K(17216K) Class: 1829K(1856K)->1829K(1856K)
[485.295s][info][gc             ] GC(1716) Pause Young (Allocation Failure) 662M->592M(863M) 49.330ms
[485.295s][info][gc,cpu         ] GC(1716) User=0.09s Sys=0.00s Real=0.05s
[485.378s][info][gc,start       ] GC(1717) Pause Young (Allocation Failure)
[485.434s][info][gc,heap        ] GC(1717) PSYoungGen: 175750K(216576K)->5888K(219648K) Eden: 108544K(108544K)->0K(108544K) From: 67206K(108032K)->5888K(111104K)
[485.434s][info][gc,heap        ] GC(1717) ParOldGen: 539293K(667648K)->607167K(667648K)
[485.434s][info][gc,metaspace   ] GC(1717) Metaspace: 18921K(19072K)->18921K(19072K) NonClass: 17091K(17216K)->17091K(17216K) Class: 1829K(1856K)->1829K(1856K)
[485.434s][info][gc             ] GC(1717) Pause Young (Allocation Failure) 698M->598M(866M) 56.713ms
[485.434s][info][gc,cpu         ] GC(1717) User=0.11s Sys=0.00s Real=0.06s
[485.540s][info][gc,start       ] GC(1718) Pause Full (Allocation Failure)
[485.540s][info][gc,phases,start] GC(1718) Marking Phase
[485.832s][info][gc,phases      ] GC(1718) Marking Phase 291.912ms
[485.832s][info][gc,phases,start] GC(1718) Summary Phase
[485.832s][info][gc,phases      ] GC(1718) Summary Phase 0.029ms
[485.832s][info][gc,phases,start] GC(1718) Forward
[485.925s][info][gc,phases      ] GC(1718) Forward 93.436ms
[485.925s][info][gc,phases,start] GC(1718) Adjust Pointers
[486.146s][info][gc,phases      ] GC(1718) Adjust Pointers 220.731ms
[486.146s][info][gc,phases,start] GC(1718) Compaction Phase
[486.272s][info][gc,phases      ] GC(1718) Compaction Phase 126.146ms
[486.279s][info][gc,phases,start] GC(1718) Post Compact
[486.281s][info][gc,phases      ] GC(1718) Post Compact 2.170ms
[486.281s][info][gc,heap        ] GC(1718) PSYoungGen: 114432K(219648K)->0K(222208K) Eden: 108544K(108544K)->0K(112128K) From: 5888K(111104K)->0K(110080K)
[486.281s][info][gc,heap        ] GC(1718) ParOldGen: 607167K(667648K)->461024K(667648K)
[486.281s][info][gc,metaspace   ] GC(1718) Metaspace: 18921K(19072K)->18921K(19072K) NonClass: 17091K(17216K)->17091K(17216K) Class: 1829K(1856K)->1829K(1856K)
[486.281s][info][gc             ] GC(1718) Pause Full (Allocation Failure) 704M->450M(869M) 741.150ms
[486.281s][info][gc,cpu         ] GC(1718) User=1.38s Sys=0.00s Real=0.74s
[486.427s][info][gc,start       ] GC(1719) Pause Young (Allocation Failure)
[486.464s][info][gc,heap        ] GC(1719) PSYoungGen: 112128K(222208K)->24142K(136704K) Eden: 112128K(112128K)->0K(112128K) From: 0K(110080K)->24142K(24576K)
[486.464s][info][gc,heap        ] GC(1719) ParOldGen: 461024K(667648K)->461024K(667648K)
[486.464s][info][gc,metaspace   ] GC(1719) Metaspace: 18921K(19072K)->18921K(19072K) NonClass: 17091K(17216K)->17091K(17216K) Class: 1829K(1856K)->1829K(1856K)
[486.464s][info][gc             ] GC(1719) Pause Young (Allocation Failure) 559M->473M(785M) 37.065ms
[486.464s][info][gc,cpu         ] GC(1719) User=0.08s Sys=0.00s Real=0.04s
[486.603s][info][gc,start       ] GC(1720) Pause Young (Allocation Failure)
[486.652s][info][gc,heap        ] GC(1720) PSYoungGen: 136270K(136704K)->30158K(218112K) Eden: 112128K(112128K)->0K(119808K) From: 24142K(24576K)->30158K(98304K)
[486.652s][info][gc,heap        ] GC(1720) ParOldGen: 461024K(667648K)->461024K(667648K)
[486.652s][info][gc,metaspace   ] GC(1720) Metaspace: 18921K(19072K)->18921K(19072K) NonClass: 17091K(17216K)->17091K(17216K) Class: 1829K(1856K)->1829K(1856K)
[486.652s][info][gc             ] GC(1720) Pause Young (Allocation Failure) 583M->479M(865M) 48.695ms
[486.652s][info][gc,cpu         ] GC(1720) User=0.10s Sys=0.01s Real=0.05s
[486.797s][info][gc,start       ] GC(1721) Pause Young (Allocation Failure)
[486.841s][info][gc,heap        ] GC(1721) PSYoungGen: 149966K(218112K)->30158K(218112K) Eden: 119808K(119808K)->0K(119808K) From: 30158K(98304K)->30158K(98304K)
[486.841s][info][gc,heap        ] GC(1721) ParOldGen: 461024K(667648K)->461024K(667648K)
[486.841s][info][gc,metaspace   ] GC(1721) Metaspace: 18921K(19072K)->18921K(19072K) NonClass: 17091K(17216K)->17091K(17216K) Class: 1829K(1856K)->1829K(1856K)
[486.841s][info][gc             ] GC(1721) Pause Young (Allocation Failure) 596M->479M(865M) 44.063ms
[486.841s][info][gc,cpu         ] GC(1721) User=0.09s Sys=0.00s Real=0.04s
[486.987s][info][gc,start       ] GC(1722) Pause Young (Allocation Failure)
[487.031s][info][gc,heap        ] GC(1722) PSYoungGen: 149966K(218112K)->30158K(209920K) Eden: 119808K(119808K)->0K(128000K) From: 30158K(98304K)->30158K(81920K)
[487.031s][info][gc,heap        ] GC(1722) ParOldGen: 461024K(667648K)->461024K(667648K)
[487.031s][info][gc,metaspace   ] GC(1722) Metaspace: 18921K(19072K)->18921K(19072K) NonClass: 17091K(17216K)->17091K(17216K) Class: 1829K(1856K)->1829K(1856K)
[487.031s][info][gc             ] GC(1722) Pause Young (Allocation Failure) 596M->479M(857M) 44.580ms
[487.031s][info][gc,cpu         ] GC(1722) User=0.09s Sys=0.00s Real=0.04s
[487.188s][info][gc,start       ] GC(1723) Pause Young (Allocation Failure)
[487.233s][info][gc,heap        ] GC(1723) PSYoungGen: 158158K(209920K)->30158K(215040K) Eden: 128000K(128000K)->0K(128000K) From: 30158K(81920K)->30158K(87040K)
[487.233s][info][gc,heap        ] GC(1723) ParOldGen: 461024K(667648K)->461024K(667648K)
[487.233s][info][gc,metaspace   ] GC(1723) Metaspace: 18921K(19072K)->18921K(19072K) NonClass: 17091K(17216K)->17091K(17216K) Class: 1829K(1856K)->1829K(1856K)
[487.233s][info][gc             ] GC(1723) Pause Young (Allocation Failure) 604M->479M(862M) 45.163ms
[487.233s][info][gc,cpu         ] GC(1723) User=0.09s Sys=0.00s Real=0.04s
[487.388s][info][gc,start       ] GC(1724) Pause Young (Allocation Failure)
[487.434s][info][gc,heap        ] GC(1724) PSYoungGen: 158158K(215040K)->30158K(209408K) Eden: 128000K(128000K)->0K(136704K) From: 30158K(87040K)->30158K(72704K)
[487.434s][info][gc,heap        ] GC(1724) ParOldGen: 461024K(667648K)->461024K(667648K)
[487.434s][info][gc,metaspace   ] GC(1724) Metaspace: 18921K(19072K)->18921K(19072K) NonClass: 17091K(17216K)->17091K(17216K) Class: 1829K(1856K)->1829K(1856K)
[487.434s][info][gc             ] GC(1724) Pause Young (Allocation Failure) 604M->479M(856M) 46.034ms
[487.434s][info][gc,cpu         ] GC(1724) User=0.09s Sys=0.00s Real=0.05s
[487.601s][info][gc,start       ] GC(1725) Pause Young (Allocation Failure)
[487.645s][info][gc,heap        ] GC(1725) PSYoungGen: 166862K(209408K)->30158K(214016K) Eden: 136704K(136704K)->0K(136704K) From: 30158K(72704K)->30158K(77312K)
[487.645s][info][gc,heap        ] GC(1725) ParOldGen: 461024K(667648K)->461024K(667648K)
[487.645s][info][gc,metaspace   ] GC(1725) Metaspace: 18921K(19072K)->18921K(19072K) NonClass: 17091K(17216K)->17091K(17216K) Class: 1829K(1856K)->1829K(1856K)
[487.645s][info][gc             ] GC(1725) Pause Young (Allocation Failure) 613M->479M(861M) 44.532ms
[487.645s][info][gc,cpu         ] GC(1725) User=0.09s Sys=0.00s Real=0.05s
[487.813s][info][gc,start       ] GC(1726) Pause Young (Allocation Failure)
[487.858s][info][gc,heap        ] GC(1726) PSYoungGen: 166862K(214016K)->30158K(211968K) Eden: 136704K(136704K)->0K(145920K) From: 30158K(77312K)->30158K(66048K)
[487.858s][info][gc,heap        ] GC(1726) ParOldGen: 461024K(667648K)->461024K(667648K)
[487.858s][info][gc,metaspace   ] GC(1726) Metaspace: 18921K(19072K)->18921K(19072K) NonClass: 17091K(17216K)->17091K(17216K) Class: 1829K(1856K)->1829K(1856K)
[487.858s][info][gc             ] GC(1726) Pause Young (Allocation Failure) 613M->479M(859M) 45.069ms
[487.858s][info][gc,cpu         ] GC(1726) User=0.09s Sys=0.00s Real=0.05s
[488.035s][info][gc,start       ] GC(1727) Pause Young (Allocation Failure)
[488.085s][info][gc,heap        ] GC(1727) PSYoungGen: 176078K(211968K)->30158K(215552K) Eden: 145920K(145920K)->0K(145920K) From: 30158K(66048K)->30158K(69632K)
[488.085s][info][gc,heap        ] GC(1727) ParOldGen: 461024K(667648K)->461024K(667648K)
[488.085s][info][gc,metaspace   ] GC(1727) Metaspace: 18921K(19072K)->18921K(19072K) NonClass: 17091K(17216K)->17091K(17216K) Class: 1829K(1856K)->1829K(1856K)
[488.085s][info][gc             ] GC(1727) Pause Young (Allocation Failure) 622M->479M(862M) 50.175ms
[488.085s][info][gc,cpu         ] GC(1727) User=0.09s Sys=0.00s Real=0.05s
[488.238s][info][gc,start       ] GC(1728) Pause Young (Allocation Failure)
[488.298s][info][gc,heap        ] GC(1728) PSYoungGen: 176078K(215552K)->44398K(220160K) Eden: 145920K(145920K)->0K(154112K) From: 30158K(69632K)->44398K(66048K)
[488.298s][info][gc,heap        ] GC(1728) ParOldGen: 461024K(667648K)->461024K(667648K)
[488.298s][info][gc,metaspace   ] GC(1728) Metaspace: 18921K(19072K)->18921K(19072K) NonClass: 17091K(17216K)->17091K(17216K) Class: 1829K(1856K)->1829K(1856K)
[488.298s][info][gc             ] GC(1728) Pause Young (Allocation Failure) 622M->493M(867M) 60.572ms
[488.298s][info][gc,cpu         ] GC(1728) User=0.12s Sys=0.00s Real=0.06s
[488.436s][info][gc,start       ] GC(1729) Pause Young (Allocation Failure)
[488.511s][info][gc,heap        ] GC(1729) PSYoungGen: 198510K(220160K)->60366K(221696K) Eden: 154112K(154112K)->0K(154112K) From: 44398K(66048K)->60366K(67584K)
[488.511s][info][gc,heap        ] GC(1729) ParOldGen: 461024K(667648K)->461024K(667648K)
[488.511s][info][gc,metaspace   ] GC(1729) Metaspace: 18921K(19072K)->18921K(19072K) NonClass: 17091K(17216K)->17091K(17216K) Class: 1829K(1856K)->1829K(1856K)
[488.511s][info][gc             ] GC(1729) Pause Young (Allocation Failure) 644M->509M(868M) 75.106ms
[488.511s][info][gc,cpu         ] GC(1729) User=0.15s Sys=0.00s Real=0.07s
[488.633s][info][gc,start       ] GC(1730) Pause Young (Allocation Failure)
[488.716s][info][gc,heap        ] GC(1730) PSYoungGen: 214478K(221696K)->63502K(233472K) Eden: 154112K(154112K)->0K(159232K) From: 60366K(67584K)->63502K(74240K)
[488.716s][info][gc,heap        ] GC(1730) ParOldGen: 461024K(667648K)->461024K(667648K)
[488.716s][info][gc,metaspace   ] GC(1730) Metaspace: 18921K(19072K)->18921K(19072K) NonClass: 17091K(17216K)->17091K(17216K) Class: 1829K(1856K)->1829K(1856K)
[488.717s][info][gc             ] GC(1730) Pause Young (Allocation Failure) 659M->512M(880M) 83.694ms
[488.717s][info][gc,cpu         ] GC(1730) User=0.15s Sys=0.01s Real=0.09s
[488.844s][info][gc,start       ] GC(1731) Pause Young (Allocation Failure)
[488.921s][info][gc,heap        ] GC(1731) PSYoungGen: 222734K(233472K)->65399K(239616K) Eden: 159232K(159232K)->0K(159232K) From: 63502K(74240K)->65399K(80384K)
[488.921s][info][gc,heap        ] GC(1731) ParOldGen: 461024K(667648K)->461024K(667648K)
[488.921s][info][gc,metaspace   ] GC(1731) Metaspace: 18921K(19072K)->18921K(19072K) NonClass: 17091K(17216K)->17091K(17216K) Class: 1829K(1856K)->1829K(1856K)
[488.921s][info][gc             ] GC(1731) Pause Young (Allocation Failure) 667M->514M(886M) 76.824ms
[488.921s][info][gc,cpu         ] GC(1731) User=0.16s Sys=0.00s Real=0.07s
[489.088s][info][gc,start       ] GC(1732) Pause Young (Allocation Failure)
[489.178s][info][gc,heap        ] GC(1732) PSYoungGen: 224631K(239616K)->72526K(232960K) Eden: 159232K(159232K)->0K(146432K) From: 65399K(80384K)->72526K(86528K)
[489.178s][info][gc,heap        ] GC(1732) ParOldGen: 461024K(667648K)->461024K(667648K)
[489.178s][info][gc,metaspace   ] GC(1732) Metaspace: 18921K(19072K)->18921K(19072K) NonClass: 17091K(17216K)->17091K(17216K) Class: 1829K(1856K)->1829K(1856K)
[489.178s][info][gc             ] GC(1732) Pause Young (Allocation Failure) 669M->521M(879M) 89.823ms
[489.178s][info][gc,cpu         ] GC(1732) User=0.16s Sys=0.02s Real=0.09s
[489.416s][info][gc,start       ] GC(1733) Pause Young (Allocation Failure)
[489.502s][info][gc,heap        ] GC(1733) PSYoungGen: 218958K(232960K)->74126K(220672K) Eden: 146432K(146432K)->0K(146432K) From: 72526K(86528K)->74126K(74240K)
[489.502s][info][gc,heap        ] GC(1733) ParOldGen: 461024K(667648K)->461024K(667648K)
[489.502s][info][gc,metaspace   ] GC(1733) Metaspace: 18921K(19072K)->18921K(19072K) NonClass: 17091K(17216K)->17091K(17216K) Class: 1829K(1856K)->1829K(1856K)
[489.502s][info][gc             ] GC(1733) Pause Young (Allocation Failure) 664M->522M(867M) 85.375ms
[489.502s][info][gc,cpu         ] GC(1733) User=0.17s Sys=0.00s Real=0.08s
[489.779s][info][gc,start       ] GC(1734) Pause Young (Allocation Failure)
[489.866s][info][gc,heap        ] GC(1734) PSYoungGen: 220558K(220672K)->51168K(238080K) Eden: 146432K(146432K)->0K(138240K) From: 74126K(74240K)->51168K(99840K)
[489.866s][info][gc,heap        ] GC(1734) ParOldGen: 461024K(667648K)->484198K(667648K)
[489.866s][info][gc,metaspace   ] GC(1734) Metaspace: 18921K(19072K)->18921K(19072K) NonClass: 17091K(17216K)->17091K(17216K) Class: 1829K(1856K)->1829K(1856K)
[489.866s][info][gc             ] GC(1734) Pause Young (Allocation Failure) 665M->522M(884M) 86.812ms
[489.866s][info][gc,cpu         ] GC(1734) User=0.18s Sys=0.00s Real=0.09s
[490.121s][info][gc,start       ] GC(1735) Pause Young (Allocation Failure)
[490.176s][info][gc,heap        ] GC(1735) PSYoungGen: 189408K(238080K)->44128K(182784K) Eden: 138240K(138240K)->0K(138240K) From: 51168K(99840K)->44128K(44544K)
[490.176s][info][gc,heap        ] GC(1735) ParOldGen: 484198K(667648K)->491254K(667648K)
[490.176s][info][gc,metaspace   ] GC(1735) Metaspace: 18921K(19072K)->18921K(19072K) NonClass: 17091K(17216K)->17091K(17216K) Class: 1829K(1856K)->1829K(1856K)
[490.176s][info][gc             ] GC(1735) Pause Young (Allocation Failure) 657M->522M(830M) 54.436ms
[490.176s][info][gc,cpu         ] GC(1735) User=0.11s Sys=0.00s Real=0.06s
[490.399s][info][gc,start       ] GC(1736) Pause Young (Allocation Failure)
[490.444s][info][gc,heap        ] GC(1736) PSYoungGen: 182368K(182784K)->44160K(233984K) Eden: 138240K(138240K)->0K(142336K) From: 44128K(44544K)->44160K(91648K)
[490.444s][info][gc,heap        ] GC(1736) ParOldGen: 491254K(667648K)->491254K(667648K)
[490.444s][info][gc,metaspace   ] GC(1736) Metaspace: 18921K(19072K)->18921K(19072K) NonClass: 17091K(17216K)->17091K(17216K) Class: 1829K(1856K)->1829K(1856K)
[490.445s][info][gc             ] GC(1736) Pause Young (Allocation Failure) 657M->522M(880M) 45.046ms
[490.445s][info][gc,cpu         ] GC(1736) User=0.08s Sys=0.00s Real=0.05s
[490.699s][info][gc,start       ] GC(1737) Pause Young (Allocation Failure)
[490.746s][info][gc,heap        ] GC(1737) PSYoungGen: 186496K(233984K)->48448K(229888K) Eden: 142336K(142336K)->0K(142336K) From: 44160K(91648K)->48448K(87552K)
[490.746s][info][gc,heap        ] GC(1737) ParOldGen: 491254K(667648K)->491254K(667648K)
[490.746s][info][gc,metaspace   ] GC(1737) Metaspace: 18921K(19072K)->18921K(19072K) NonClass: 17091K(17216K)->17091K(17216K) Class: 1829K(1856K)->1829K(1856K)
[490.746s][info][gc             ] GC(1737) Pause Young (Allocation Failure) 661M->527M(876M) 47.157ms
[490.746s][info][gc,cpu         ] GC(1737) User=0.09s Sys=0.00s Real=0.05s
[490.892s][info][gc,start       ] GC(1738) Pause Young (Allocation Failure)
[490.949s][info][gc,heap        ] GC(1738) PSYoungGen: 190784K(229888K)->58144K(236032K) Eden: 142336K(142336K)->0K(151552K) From: 48448K(87552K)->58144K(84480K)
[490.949s][info][gc,heap        ] GC(1738) ParOldGen: 491254K(667648K)->491254K(667648K)
[490.949s][info][gc,metaspace   ] GC(1738) Metaspace: 18921K(19072K)->18921K(19072K) NonClass: 17091K(17216K)->17091K(17216K) Class: 1829K(1856K)->1829K(1856K)
[490.950s][info][gc             ] GC(1738) Pause Young (Allocation Failure) 666M->536M(882M) 57.228ms
[490.950s][info][gc,cpu         ] GC(1738) User=0.11s Sys=0.01s Real=0.06s
[491.091s][info][gc,start       ] GC(1739) Pause Young (Allocation Failure)
[491.161s][info][gc,heap        ] GC(1739) PSYoungGen: 209696K(236032K)->81664K(236032K) Eden: 151552K(151552K)->0K(151552K) From: 58144K(84480K)->81664K(84480K)
[491.161s][info][gc,heap        ] GC(1739) ParOldGen: 491254K(667648K)->491254K(667648K)
[491.161s][info][gc,metaspace   ] GC(1739) Metaspace: 18921K(19072K)->18921K(19072K) NonClass: 17092K(17216K)->17092K(17216K) Class: 1829K(1856K)->1829K(1856K)
[491.161s][info][gc             ] GC(1739) Pause Young (Allocation Failure) 684M->559M(882M) 70.157ms
[491.161s][info][gc,cpu         ] GC(1739) User=0.14s Sys=0.00s Real=0.07s
[491.312s][info][gc,start       ] GC(1740) Pause Young (Allocation Failure)
[491.415s][info][gc,heap        ] GC(1740) PSYoungGen: 233216K(236032K)->93152K(204800K) Eden: 151552K(151552K)->0K(111616K) From: 81664K(84480K)->93152K(93184K)
[491.415s][info][gc,heap        ] GC(1740) ParOldGen: 491254K(667648K)->513582K(667648K)
[491.415s][info][gc,metaspace   ] GC(1740) Metaspace: 18923K(19072K)->18923K(19072K) NonClass: 17093K(17216K)->17093K(17216K) Class: 1829K(1856K)->1829K(1856K)
[491.415s][info][gc             ] GC(1740) Pause Young (Allocation Failure) 707M->592M(852M) 103.002ms
[491.415s][info][gc,cpu         ] GC(1740) User=0.19s Sys=0.01s Real=0.11s
[491.577s][info][gc,start       ] GC(1741) Pause Young (Allocation Failure)
[491.684s][info][gc,heap        ] GC(1741) PSYoungGen: 204768K(204800K)->107792K(222720K) Eden: 111616K(111616K)->0K(111616K) From: 93152K(93184K)->107792K(111104K)
[491.684s][info][gc,heap        ] GC(1741) ParOldGen: 513582K(667648K)->513582K(667648K)
[491.684s][info][gc,metaspace   ] GC(1741) Metaspace: 18923K(19072K)->18923K(19072K) NonClass: 17093K(17216K)->17093K(17216K) Class: 1829K(1856K)->1829K(1856K)
[491.684s][info][gc             ] GC(1741) Pause Young (Allocation Failure) 701M->606M(869M) 107.241ms
[491.684s][info][gc,cpu         ] GC(1741) User=0.21s Sys=0.00s Real=0.11s
[491.826s][info][gc,start       ] GC(1742) Pause Young (Allocation Failure)
[491.932s][info][gc,heap        ] GC(1742) PSYoungGen: 219408K(222720K)->77568K(222720K) Eden: 111616K(111616K)->0K(111616K) From: 107792K(111104K)->77568K(111104K)
[491.932s][info][gc,heap        ] GC(1742) ParOldGen: 513582K(667648K)->543870K(667648K)
[491.932s][info][gc,metaspace   ] GC(1742) Metaspace: 18923K(19072K)->18923K(19072K) NonClass: 17093K(17216K)->17093K(17216K) Class: 1829K(1856K)->1829K(1856K)
[491.932s][info][gc             ] GC(1742) Pause Young (Allocation Failure) 715M->606M(869M) 106.423ms
[491.933s][info][gc,cpu         ] GC(1742) User=0.21s Sys=0.00s Real=0.10s
[492.076s][info][gc,start       ] GC(1743) Pause Young (Allocation Failure)
[492.155s][info][gc,heap        ] GC(1743) PSYoungGen: 189184K(222720K)->72544K(222720K) Eden: 111616K(111616K)->0K(111616K) From: 77568K(111104K)->72544K(111104K)
[492.155s][info][gc,heap        ] GC(1743) ParOldGen: 543870K(667648K)->548950K(667648K)
[492.156s][info][gc,metaspace   ] GC(1743) Metaspace: 18923K(19072K)->18923K(19072K) NonClass: 17093K(17216K)->17093K(17216K) Class: 1829K(1856K)->1829K(1856K)
[492.156s][info][gc             ] GC(1743) Pause Young (Allocation Failure) 715M->606M(869M) 79.771ms
[492.156s][info][gc,cpu         ] GC(1743) User=0.16s Sys=0.00s Real=0.08s
[492.300s][info][gc,start       ] GC(1744) Pause Young (Allocation Failure)
[492.375s][info][gc,heap        ] GC(1744) PSYoungGen: 184160K(222720K)->63840K(222720K) Eden: 111616K(111616K)->0K(111616K) From: 72544K(111104K)->63840K(111104K)
[492.375s][info][gc,heap        ] GC(1744) ParOldGen: 548950K(667648K)->557686K(667648K)
[492.375s][info][gc,metaspace   ] GC(1744) Metaspace: 18923K(19072K)->18923K(19072K) NonClass: 17093K(17216K)->17093K(17216K) Class: 1829K(1856K)->1829K(1856K)
[492.375s][info][gc             ] GC(1744) Pause Young (Allocation Failure) 715M->606M(869M) 75.118ms
[492.375s][info][gc,cpu         ] GC(1744) User=0.15s Sys=0.00s Real=0.08s
[492.525s][info][gc,start       ] GC(1745) Pause Young (Allocation Failure)
[492.592s][info][gc,heap        ] GC(1745) PSYoungGen: 175456K(222720K)->63648K(222720K) Eden: 111616K(111616K)->0K(111616K) From: 63840K(111104K)->63648K(111104K)
[492.592s][info][gc,heap        ] GC(1745) ParOldGen: 557686K(667648K)->557868K(667648K)
[492.592s][info][gc,metaspace   ] GC(1745) Metaspace: 18923K(19072K)->18923K(19072K) NonClass: 17093K(17216K)->17093K(17216K) Class: 1829K(1856K)->1829K(1856K)
[492.592s][info][gc             ] GC(1745) Pause Young (Allocation Failure) 715M->606M(869M) 67.258ms
[492.592s][info][gc,cpu         ] GC(1745) User=0.13s Sys=0.00s Real=0.06s
[492.741s][info][gc,start       ] GC(1746) Pause Young (Allocation Failure)
[492.808s][info][gc,heap        ] GC(1746) PSYoungGen: 175264K(222720K)->59360K(216576K) Eden: 111616K(111616K)->0K(111616K) From: 63648K(111104K)->59360K(104960K)
[492.808s][info][gc,heap        ] GC(1746) ParOldGen: 557868K(667648K)->562188K(667648K)
[492.808s][info][gc,metaspace   ] GC(1746) Metaspace: 18923K(19072K)->18923K(19072K) NonClass: 17093K(17216K)->17093K(17216K) Class: 1829K(1856K)->1829K(1856K)
[492.808s][info][gc             ] GC(1746) Pause Young (Allocation Failure) 715M->606M(863M) 66.803ms
[492.808s][info][gc,cpu         ] GC(1746) User=0.13s Sys=0.00s Real=0.07s
[492.953s][info][gc,start       ] GC(1747) Pause Young (Allocation Failure)
[493.010s][info][gc,heap        ] GC(1747) PSYoungGen: 170976K(216576K)->59360K(219648K) Eden: 111616K(111616K)->0K(111616K) From: 59360K(104960K)->59360K(108032K)
[493.010s][info][gc,heap        ] GC(1747) ParOldGen: 562188K(667648K)->562188K(667648K)
[493.010s][info][gc,metaspace   ] GC(1747) Metaspace: 18923K(19072K)->18923K(19072K) NonClass: 17093K(17216K)->17093K(17216K) Class: 1829K(1856K)->1829K(1856K)
[493.010s][info][gc             ] GC(1747) Pause Young (Allocation Failure) 715M->606M(866M) 56.650ms
[493.010s][info][gc,cpu         ] GC(1747) User=0.11s Sys=0.00s Real=0.05s
[493.154s][info][gc,start       ] GC(1748) Pause Young (Allocation Failure)
[493.215s][info][gc,heap        ] GC(1748) PSYoungGen: 170976K(219648K)->59360K(219136K) Eden: 111616K(111616K)->0K(120832K) From: 59360K(108032K)->59360K(98304K)
[493.215s][info][gc,heap        ] GC(1748) ParOldGen: 562188K(667648K)->562188K(667648K)
[493.215s][info][gc,metaspace   ] GC(1748) Metaspace: 18923K(19072K)->18923K(19072K) NonClass: 17093K(17216K)->17093K(17216K) Class: 1829K(1856K)->1829K(1856K)
[493.215s][info][gc             ] GC(1748) Pause Young (Allocation Failure) 715M->606M(866M) 61.282ms
[493.215s][info][gc,cpu         ] GC(1748) User=0.12s Sys=0.00s Real=0.06s
[493.370s][info][gc,start       ] GC(1749) Pause Young (Allocation Failure)
[493.428s][info][gc,heap        ] GC(1749) PSYoungGen: 180192K(219136K)->59360K(222208K) Eden: 120832K(120832K)->0K(120832K) From: 59360K(98304K)->59360K(101376K)
[493.428s][info][gc,heap        ] GC(1749) ParOldGen: 562188K(667648K)->562188K(667648K)
[493.428s][info][gc,metaspace   ] GC(1749) Metaspace: 18923K(19072K)->18923K(19072K) NonClass: 17093K(17216K)->17093K(17216K) Class: 1829K(1856K)->1829K(1856K)
[493.428s][info][gc             ] GC(1749) Pause Young (Allocation Failure) 724M->606M(869M) 57.858ms
[493.428s][info][gc,cpu         ] GC(1749) User=0.11s Sys=0.00s Real=0.06s
[493.587s][info][gc,start       ] GC(1750) Pause Young (Allocation Failure)
[493.646s][info][gc,heap        ] GC(1750) PSYoungGen: 180192K(222208K)->59328K(222720K) Eden: 120832K(120832K)->0K(130560K) From: 59360K(101376K)->59328K(92160K)
[493.646s][info][gc,heap        ] GC(1750) ParOldGen: 562188K(667648K)->562188K(667648K)
[493.646s][info][gc,metaspace   ] GC(1750) Metaspace: 18923K(19072K)->18923K(19072K) NonClass: 17093K(17216K)->17093K(17216K) Class: 1829K(1856K)->1829K(1856K)
[493.646s][info][gc             ] GC(1750) Pause Young (Allocation Failure) 724M->606M(869M) 58.295ms
[493.646s][info][gc,cpu         ] GC(1750) User=0.11s Sys=0.01s Real=0.06s
[493.769s][info][gc,start       ] GC(1751) Pause Young (Allocation Failure)
[493.855s][info][gc,heap        ] GC(1751) PSYoungGen: 189888K(222720K)->81472K(225792K) Eden: 130560K(130560K)->0K(130560K) From: 59328K(92160K)->81472K(95232K)
[493.855s][info][gc,heap        ] GC(1751) ParOldGen: 562188K(667648K)->562188K(667648K)
[493.855s][info][gc,metaspace   ] GC(1751) Metaspace: 18923K(19072K)->18923K(19072K) NonClass: 17093K(17216K)->17093K(17216K) Class: 1829K(1856K)->1829K(1856K)
[493.855s][info][gc             ] GC(1751) Pause Young (Allocation Failure) 734M->628M(872M) 86.460ms
[493.855s][info][gc,cpu         ] GC(1751) User=0.18s Sys=0.00s Real=0.09s
[493.958s][info][gc,start       ] GC(1752) Pause Young (Allocation Failure)
[494.076s][info][gc,heap        ] GC(1752) PSYoungGen: 212032K(225792K)->98784K(210432K) Eden: 130560K(130560K)->0K(111616K) From: 81472K(95232K)->98784K(98816K)
[494.076s][info][gc,heap        ] GC(1752) ParOldGen: 562188K(667648K)->572676K(667648K)
[494.077s][info][gc,metaspace   ] GC(1752) Metaspace: 18923K(19072K)->18923K(19072K) NonClass: 17093K(17216K)->17093K(17216K) Class: 1829K(1856K)->1829K(1856K)
[494.077s][info][gc             ] GC(1752) Pause Young (Allocation Failure) 756M->655M(857M) 118.786ms
[494.077s][info][gc,cpu         ] GC(1752) User=0.23s Sys=0.00s Real=0.12s
[494.133s][info][gc,start       ] GC(1753) Pause Young (Allocation Failure)
[494.246s][info][gc,heap        ] GC(1753) PSYoungGen: 210400K(210432K)->86656K(222720K) Eden: 111616K(111616K)->0K(111616K) From: 98784K(98816K)->86656K(111104K)
[494.247s][info][gc,heap        ] GC(1753) ParOldGen: 572676K(667648K)->598230K(667648K)
[494.247s][info][gc,metaspace   ] GC(1753) Metaspace: 18923K(19072K)->18923K(19072K) NonClass: 17093K(17216K)->17093K(17216K) Class: 1829K(1856K)->1829K(1856K)
[494.247s][info][gc             ] GC(1753) Pause Young (Allocation Failure) 764M->668M(869M) 113.786ms
[494.247s][info][gc,cpu         ] GC(1753) User=0.23s Sys=0.00s Real=0.12s
[494.318s][info][gc,start       ] GC(1754) Pause Young (Allocation Failure)
[494.419s][info][gc,heap        ] GC(1754) PSYoungGen: 198272K(222720K)->65344K(222720K) Eden: 111616K(111616K)->0K(111616K) From: 86656K(111104K)->65344K(111104K)
[494.419s][info][gc,heap        ] GC(1754) ParOldGen: 598230K(667648K)->631871K(667648K)
[494.419s][info][gc,metaspace   ] GC(1754) Metaspace: 18923K(19072K)->18923K(19072K) NonClass: 17093K(17216K)->17093K(17216K) Class: 1829K(1856K)->1829K(1856K)
[494.419s][info][gc             ] GC(1754) Pause Young (Allocation Failure) 777M->680M(869M) 101.094ms
[494.419s][info][gc,cpu         ] GC(1754) User=0.20s Sys=0.00s Real=0.10s
[494.497s][info][gc,start       ] GC(1755) Pause Full (Allocation Failure)
[494.497s][info][gc,phases,start] GC(1755) Marking Phase
[494.881s][info][gc,phases      ] GC(1755) Marking Phase 383.527ms
[494.881s][info][gc,phases,start] GC(1755) Summary Phase
[494.881s][info][gc,phases      ] GC(1755) Summary Phase 0.030ms
[494.881s][info][gc,phases,start] GC(1755) Forward
[494.993s][info][gc,phases      ] GC(1755) Forward 112.053ms
[494.993s][info][gc,phases,start] GC(1755) Adjust Pointers
[495.308s][info][gc,phases      ] GC(1755) Adjust Pointers 314.723ms
[495.308s][info][gc,phases,start] GC(1755) Compaction Phase
[495.473s][info][gc,phases      ] GC(1755) Compaction Phase 164.738ms
[495.487s][info][gc,phases,start] GC(1755) Post Compact
[495.489s][info][gc,phases      ] GC(1755) Post Compact 2.467ms
[495.489s][info][gc,heap        ] GC(1755) PSYoungGen: 176960K(222720K)->0K(222720K) Eden: 111616K(111616K)->0K(111616K) From: 65344K(111104K)->0K(111104K)
[495.489s][info][gc,heap        ] GC(1755) ParOldGen: 631871K(667648K)->580447K(667648K)
[495.489s][info][gc,metaspace   ] GC(1755) Metaspace: 18923K(19072K)->18923K(19072K) NonClass: 17093K(17216K)->17093K(17216K) Class: 1829K(1856K)->1829K(1856K)
[495.489s][info][gc             ] GC(1755) Pause Full (Allocation Failure) 789M->566M(869M) 991.985ms
[495.489s][info][gc,cpu         ] GC(1755) User=1.90s Sys=0.00s Real=0.99s
[495.580s][info][gc,start       ] GC(1756) Pause Young (Allocation Failure)
[495.590s][info][gc,heap        ] GC(1756) PSYoungGen: 111616K(222720K)->928K(222720K) Eden: 111616K(111616K)->0K(111616K) From: 0K(111104K)->928K(111104K)
[495.590s][info][gc,heap        ] GC(1756) ParOldGen: 580447K(667648K)->580447K(667648K)
[495.590s][info][gc,metaspace   ] GC(1756) Metaspace: 18923K(19072K)->18923K(19072K) NonClass: 17093K(17216K)->17093K(17216K) Class: 1829K(1856K)->1829K(1856K)
[495.590s][info][gc             ] GC(1756) Pause Young (Allocation Failure) 675M->567M(869M) 9.410ms
[495.590s][info][gc,cpu         ] GC(1756) User=0.02s Sys=0.00s Real=0.01s
[495.657s][info][gc,start       ] GC(1757) Pause Young (Allocation Failure)
[495.674s][info][gc,heap        ] GC(1757) PSYoungGen: 112544K(222720K)->13024K(222720K) Eden: 111616K(111616K)->0K(111616K) From: 928K(111104K)->13024K(111104K)
[495.674s][info][gc,heap        ] GC(1757) ParOldGen: 580447K(667648K)->580447K(667648K)
[495.674s][info][gc,metaspace   ] GC(1757) Metaspace: 18923K(19072K)->18923K(19072K) NonClass: 17093K(17216K)->17093K(17216K) Class: 1829K(1856K)->1829K(1856K)
[495.674s][info][gc             ] GC(1757) Pause Young (Allocation Failure) 676M->579M(869M) 16.284ms
[495.674s][info][gc,cpu         ] GC(1757) User=0.03s Sys=0.01s Real=0.02s
[495.730s][info][gc,start       ] GC(1758) Pause Young (Allocation Failure)
[495.753s][info][gc,heap        ] GC(1758) PSYoungGen: 124640K(222720K)->21472K(222720K) Eden: 111616K(111616K)->0K(111616K) From: 13024K(111104K)->21472K(111104K)
[495.753s][info][gc,heap        ] GC(1758) ParOldGen: 580447K(667648K)->580447K(667648K)
[495.753s][info][gc,metaspace   ] GC(1758) Metaspace: 18923K(19072K)->18923K(19072K) NonClass: 17093K(17216K)->17093K(17216K) Class: 1829K(1856K)->1829K(1856K)
[495.753s][info][gc             ] GC(1758) Pause Young (Allocation Failure) 688M->587M(869M) 22.990ms
[495.753s][info][gc,cpu         ] GC(1758) User=0.04s Sys=0.00s Real=0.02s
[495.808s][info][gc,start       ] GC(1759) Pause Young (Allocation Failure)
[495.838s][info][gc,heap        ] GC(1759) PSYoungGen: 133088K(222720K)->29056K(222720K) Eden: 111616K(111616K)->0K(111616K) From: 21472K(111104K)->29056K(111104K)
[495.838s][info][gc,heap        ] GC(1759) ParOldGen: 580447K(667648K)->580447K(667648K)
[495.838s][info][gc,metaspace   ] GC(1759) Metaspace: 18923K(19072K)->18923K(19072K) NonClass: 17093K(17216K)->17093K(17216K) Class: 1829K(1856K)->1829K(1856K)
[495.838s][info][gc             ] GC(1759) Pause Young (Allocation Failure) 696M->595M(869M) 30.521ms
[495.838s][info][gc,cpu         ] GC(1759) User=0.06s Sys=0.00s Real=0.03s
[495.958s][info][gc,start       ] GC(1760) Pause Young (Allocation Failure)
[495.992s][info][gc,heap        ] GC(1760) PSYoungGen: 140672K(222720K)->29184K(222720K) Eden: 111616K(111616K)->0K(111616K) From: 29056K(111104K)->29184K(111104K)
[495.992s][info][gc,heap        ] GC(1760) ParOldGen: 580447K(667648K)->580447K(667648K)
[495.992s][info][gc,metaspace   ] GC(1760) Metaspace: 18923K(19072K)->18923K(19072K) NonClass: 17093K(17216K)->17093K(17216K) Class: 1829K(1856K)->1829K(1856K)
[495.992s][info][gc             ] GC(1760) Pause Young (Allocation Failure) 704M->595M(869M) 34.801ms
[495.992s][info][gc,cpu         ] GC(1760) User=0.07s Sys=0.00s Real=0.03s
[496.130s][info][gc,start       ] GC(1761) Pause Young (Allocation Failure)
[496.167s][info][gc,heap        ] GC(1761) PSYoungGen: 140800K(222720K)->30496K(222720K) Eden: 111616K(111616K)->0K(111616K) From: 29184K(111104K)->30496K(111104K)
[496.167s][info][gc,heap        ] GC(1761) ParOldGen: 580447K(667648K)->580447K(667648K)
[496.167s][info][gc,metaspace   ] GC(1761) Metaspace: 18923K(19072K)->18923K(19072K) NonClass: 17093K(17216K)->17093K(17216K) Class: 1829K(1856K)->1829K(1856K)
[496.167s][info][gc             ] GC(1761) Pause Young (Allocation Failure) 704M->596M(869M) 36.413ms
[496.167s][info][gc,cpu         ] GC(1761) User=0.07s Sys=0.00s Real=0.04s
[496.295s][info][gc,start       ] GC(1762) Pause Young (Allocation Failure)
[496.335s][info][gc,heap        ] GC(1762) PSYoungGen: 142112K(222720K)->34080K(218624K) Eden: 111616K(111616K)->0K(111616K) From: 30496K(111104K)->34080K(107008K)
[496.335s][info][gc,heap        ] GC(1762) ParOldGen: 580447K(667648K)->580447K(667648K)
[496.335s][info][gc,metaspace   ] GC(1762) Metaspace: 18923K(19072K)->18923K(19072K) NonClass: 17093K(17216K)->17093K(17216K) Class: 1829K(1856K)->1829K(1856K)
[496.335s][info][gc             ] GC(1762) Pause Young (Allocation Failure) 705M->600M(865M) 39.794ms
[496.335s][info][gc,cpu         ] GC(1762) User=0.07s Sys=0.00s Real=0.04s
[496.430s][info][gc,start       ] GC(1763) Pause Young (Allocation Failure)
[496.467s][info][gc,heap        ] GC(1763) PSYoungGen: 145696K(218624K)->34208K(220672K) Eden: 111616K(111616K)->0K(111616K) From: 34080K(107008K)->34208K(109056K)
[496.467s][info][gc,heap        ] GC(1763) ParOldGen: 580447K(667648K)->580447K(667648K)
[496.467s][info][gc,metaspace   ] GC(1763) Metaspace: 18923K(19072K)->18923K(19072K) NonClass: 17093K(17216K)->17093K(17216K) Class: 1829K(1856K)->1829K(1856K)
[496.467s][info][gc             ] GC(1763) Pause Young (Allocation Failure) 709M->600M(867M) 36.844ms
[496.467s][info][gc,cpu         ] GC(1763) User=0.08s Sys=0.00s Real=0.04s
[496.596s][info][gc,start       ] GC(1764) Pause Young (Allocation Failure)
[496.631s][info][gc,heap        ] GC(1764) PSYoungGen: 145824K(220672K)->34272K(218624K) Eden: 111616K(111616K)->0K(119808K) From: 34208K(109056K)->34272K(98816K)
[496.631s][info][gc,heap        ] GC(1764) ParOldGen: 580447K(667648K)->580447K(667648K)
[496.631s][info][gc,metaspace   ] GC(1764) Metaspace: 18924K(19072K)->18924K(19072K) NonClass: 17094K(17216K)->17094K(17216K) Class: 1829K(1856K)->1829K(1856K)
[496.631s][info][gc             ] GC(1764) Pause Young (Allocation Failure) 709M->600M(865M) 35.793ms
[496.631s][info][gc,cpu         ] GC(1764) User=0.07s Sys=0.00s Real=0.03s
[496.802s][info][gc,start       ] GC(1765) Pause Young (Allocation Failure)
[496.852s][info][gc,heap        ] GC(1765) PSYoungGen: 154080K(218624K)->50240K(220672K) Eden: 119808K(119808K)->0K(119808K) From: 34272K(98816K)->50240K(100864K)
[496.852s][info][gc,heap        ] GC(1765) ParOldGen: 580447K(667648K)->580447K(667648K)
[496.852s][info][gc,metaspace   ] GC(1765) Metaspace: 18924K(19072K)->18924K(19072K) NonClass: 17094K(17216K)->17094K(17216K) Class: 1829K(1856K)->1829K(1856K)
[496.852s][info][gc             ] GC(1765) Pause Young (Allocation Failure) 717M->615M(867M) 49.622ms
[496.852s][info][gc,cpu         ] GC(1765) User=0.10s Sys=0.00s Real=0.05s
[497.231s][info][gc,start       ] GC(1766) Pause Young (Allocation Failure)
[497.293s][info][gc,heap        ] GC(1766) PSYoungGen: 170048K(220672K)->63672K(224768K) Eden: 119808K(119808K)->0K(127488K) From: 50240K(100864K)->63672K(97280K)
[497.293s][info][gc,heap        ] GC(1766) ParOldGen: 580447K(667648K)->580447K(667648K)
[497.293s][info][gc,metaspace   ] GC(1766) Metaspace: 18924K(19072K)->18924K(19072K) NonClass: 17094K(17216K)->17094K(17216K) Class: 1829K(1856K)->1829K(1856K)
[497.293s][info][gc             ] GC(1766) Pause Young (Allocation Failure) 732M->629M(871M) 62.046ms
[497.293s][info][gc,cpu         ] GC(1766) User=0.12s Sys=0.00s Real=0.06s
[497.398s][info][gc,start       ] GC(1767) Pause Young (Allocation Failure)
[497.482s][info][gc,heap        ] GC(1767) PSYoungGen: 191160K(224768K)->92576K(220160K) Eden: 127488K(127488K)->0K(127488K) From: 63672K(97280K)->92576K(92672K)
[497.483s][info][gc,heap        ] GC(1767) ParOldGen: 580447K(667648K)->580447K(667648K)
[497.483s][info][gc,metaspace   ] GC(1767) Metaspace: 18924K(19072K)->18924K(19072K) NonClass: 17095K(17216K)->17095K(17216K) Class: 1829K(1856K)->1829K(1856K)
[497.483s][info][gc             ] GC(1767) Pause Young (Allocation Failure) 753M->657M(867M) 84.406ms
[497.483s][info][gc,cpu         ] GC(1767) User=0.16s Sys=0.00s Real=0.08s
[497.535s][info][gc,start       ] GC(1768) Pause Young (Allocation Failure)
[497.650s][info][gc,heap        ] GC(1768) PSYoungGen: 220064K(220160K)->111072K(222720K) Eden: 127488K(127488K)->0K(111616K) From: 92576K(92672K)->111072K(111104K)
[497.650s][info][gc,heap        ] GC(1768) ParOldGen: 580447K(667648K)->603231K(667648K)
[497.650s][info][gc,metaspace   ] GC(1768) Metaspace: 18926K(19072K)->18926K(19072K) NonClass: 17097K(17216K)->17097K(17216K) Class: 1829K(1856K)->1829K(1856K)
[497.650s][info][gc             ] GC(1768) Pause Young (Allocation Failure) 781M->697M(869M) 115.191ms
[497.650s][info][gc,cpu         ] GC(1768) User=0.22s Sys=0.01s Real=0.11s
[497.779s][info][gc,start       ] GC(1769) Pause Young (Allocation Failure)
[497.888s][info][gc,heap        ] GC(1769) PSYoungGen: 222688K(222720K)->108376K(222720K) Eden: 111616K(111616K)->0K(111616K) From: 111072K(111104K)->108376K(111104K)
[497.888s][info][gc,heap        ] GC(1769) ParOldGen: 603231K(667648K)->616239K(667648K)
[497.888s][info][gc,metaspace   ] GC(1769) Metaspace: 18927K(19072K)->18927K(19072K) NonClass: 17097K(17216K)->17097K(17216K) Class: 1829K(1856K)->1829K(1856K)
[497.888s][info][gc             ] GC(1769) Pause Young (Allocation Failure) 806M->707M(869M) 109.739ms
[497.888s][info][gc,cpu         ] GC(1769) User=0.22s Sys=0.00s Real=0.11s
[498.026s][info][gc,start       ] GC(1770) Pause Young (Allocation Failure)
[498.121s][info][gc,heap        ] GC(1770) PSYoungGen: 219992K(222720K)->92432K(222720K) Eden: 111616K(111616K)->0K(111616K) From: 108376K(111104K)->92432K(111104K)
[498.121s][info][gc,heap        ] GC(1770) ParOldGen: 616239K(667648K)->632351K(667648K)
[498.121s][info][gc,metaspace   ] GC(1770) Metaspace: 18927K(19072K)->18927K(19072K) NonClass: 17097K(17216K)->17097K(17216K) Class: 1829K(1856K)->1829K(1856K)
[498.121s][info][gc             ] GC(1770) Pause Young (Allocation Failure) 816M->707M(869M) 94.732ms
[498.121s][info][gc,cpu         ] GC(1770) User=0.19s Sys=0.00s Real=0.09s
[498.291s][info][gc,start       ] GC(1771) Pause Full (Allocation Failure)
[498.291s][info][gc,phases,start] GC(1771) Marking Phase
[498.769s][info][gc,phases      ] GC(1771) Marking Phase 478.360ms
[498.769s][info][gc,phases,start] GC(1771) Summary Phase
[498.769s][info][gc,phases      ] GC(1771) Summary Phase 0.028ms
[498.769s][info][gc,phases,start] GC(1771) Forward
[498.896s][info][gc,phases      ] GC(1771) Forward 126.597ms
[498.896s][info][gc,phases,start] GC(1771) Adjust Pointers
[499.277s][info][gc,phases      ] GC(1771) Adjust Pointers 380.709ms
[499.277s][info][gc,phases,start] GC(1771) Compaction Phase
[499.458s][info][gc,phases      ] GC(1771) Compaction Phase 181.082ms
[499.471s][info][gc,phases,start] GC(1771) Post Compact
[499.473s][info][gc,phases      ] GC(1771) Post Compact 2.550ms
[499.473s][info][gc,heap        ] GC(1771) PSYoungGen: 204048K(222720K)->23706K(222720K) Eden: 111616K(111616K)->0K(111616K) From: 92432K(111104K)->23706K(111104K)
[499.473s][info][gc,heap        ] GC(1771) ParOldGen: 632351K(667648K)->667259K(667648K)
[499.473s][info][gc,metaspace   ] GC(1771) Metaspace: 18927K(19072K)->18927K(19072K) NonClass: 17097K(17216K)->17097K(17216K) Class: 1829K(1856K)->1829K(1856K)
[499.473s][info][gc             ] GC(1771) Pause Full (Allocation Failure) 816M->674M(869M) 1182.610ms
[499.473s][info][gc,cpu         ] GC(1771) User=2.31s Sys=0.01s Real=1.18s
[499.657s][info][gc,start       ] GC(1772) Pause Full (Allocation Failure)
[499.658s][info][gc,phases,start] GC(1772) Marking Phase
[500.139s][info][gc,phases      ] GC(1772) Marking Phase 481.713ms
[500.139s][info][gc,phases,start] GC(1772) Summary Phase
[500.139s][info][gc,phases      ] GC(1772) Summary Phase 0.025ms
[500.139s][info][gc,phases,start] GC(1772) Forward
[500.158s][info][gc,phases      ] GC(1772) Forward 18.999ms
[500.158s][info][gc,phases,start] GC(1772) Adjust Pointers
[500.495s][info][gc,phases      ] GC(1772) Adjust Pointers 336.252ms
[500.495s][info][gc,phases,start] GC(1772) Compaction Phase
[500.634s][info][gc,phases      ] GC(1772) Compaction Phase 139.254ms
[500.634s][info][gc,phases,start] GC(1772) Post Compact
[500.636s][info][gc,phases      ] GC(1772) Post Compact 2.396ms
[500.637s][info][gc,heap        ] GC(1772) PSYoungGen: 135322K(222720K)->23705K(222720K) Eden: 111616K(111616K)->0K(111616K) From: 23706K(111104K)->23705K(111104K)
[500.637s][info][gc,heap        ] GC(1772) ParOldGen: 667259K(667648K)->667525K(667648K)
[500.637s][info][gc,metaspace   ] GC(1772) Metaspace: 18927K(19072K)->18927K(19072K) NonClass: 17097K(17216K)->17097K(17216K) Class: 1829K(1856K)->1829K(1856K)
[500.637s][info][gc             ] GC(1772) Pause Full (Allocation Failure) 783M->675M(869M) 979.125ms
[500.637s][info][gc,cpu         ] GC(1772) User=1.92s Sys=0.00s Real=0.98s
[500.797s][info][gc,start       ] GC(1773) Pause Full (Allocation Failure)
[500.797s][info][gc,phases,start] GC(1773) Marking Phase
[501.293s][info][gc,phases      ] GC(1773) Marking Phase 496.432ms
[501.294s][info][gc,phases,start] GC(1773) Summary Phase
[501.294s][info][gc,phases      ] GC(1773) Summary Phase 0.027ms
[501.294s][info][gc,phases,start] GC(1773) Forward
[501.312s][info][gc,phases      ] GC(1773) Forward 18.048ms
[501.312s][info][gc,phases,start] GC(1773) Adjust Pointers
[501.654s][info][gc,phases      ] GC(1773) Adjust Pointers 342.007ms
[501.654s][info][gc,phases,start] GC(1773) Compaction Phase
[501.796s][info][gc,phases      ] GC(1773) Compaction Phase 142.612ms
[501.796s][info][gc,phases,start] GC(1773) Post Compact
[501.799s][info][gc,phases      ] GC(1773) Post Compact 2.339ms
[501.799s][info][gc,heap        ] GC(1773) PSYoungGen: 135321K(222720K)->24245K(222720K) Eden: 111616K(111616K)->24245K(111616K) From: 23705K(111104K)->0K(111104K)
[501.799s][info][gc,heap        ] GC(1773) ParOldGen: 667525K(667648K)->667646K(667648K)
[501.799s][info][gc,metaspace   ] GC(1773) Metaspace: 18928K(19072K)->18928K(19072K) NonClass: 17098K(17216K)->17098K(17216K) Class: 1829K(1856K)->1829K(1856K)
[501.799s][info][gc             ] GC(1773) Pause Full (Allocation Failure) 784M->675M(869M) 1001.922ms
[501.799s][info][gc,cpu         ] GC(1773) User=1.96s Sys=0.00s Real=1.00s
[501.869s][info][gc,start       ] GC(1774) Pause Full (Allocation Failure)
[501.869s][info][gc,phases,start] GC(1774) Marking Phase
[502.357s][info][gc,phases      ] GC(1774) Marking Phase 487.599ms
[502.357s][info][gc,phases,start] GC(1774) Summary Phase
[502.357s][info][gc,phases      ] GC(1774) Summary Phase 0.023ms
[502.357s][info][gc,phases,start] GC(1774) Forward
[502.365s][info][gc,phases      ] GC(1774) Forward 8.051ms
[502.365s][info][gc,phases,start] GC(1774) Adjust Pointers
[502.699s][info][gc,phases      ] GC(1774) Adjust Pointers 334.074ms
[502.699s][info][gc,phases,start] GC(1774) Compaction Phase
[502.832s][info][gc,phases      ] GC(1774) Compaction Phase 132.356ms
[502.832s][info][gc,phases,start] GC(1774) Post Compact
[502.834s][info][gc,phases      ] GC(1774) Post Compact 2.258ms
[502.834s][info][gc,heap        ] GC(1774) PSYoungGen: 111616K(222720K)->25215K(222720K) Eden: 111616K(111616K)->25215K(111616K) From: 0K(111104K)->0K(111104K)
[502.834s][info][gc,heap        ] GC(1774) ParOldGen: 667646K(667648K)->667646K(667648K)
[502.834s][info][gc,metaspace   ] GC(1774) Metaspace: 18928K(19072K)->18928K(19072K) NonClass: 17098K(17216K)->17098K(17216K) Class: 1829K(1856K)->1829K(1856K)
[502.834s][info][gc             ] GC(1774) Pause Full (Allocation Failure) 760M->676M(869M) 964.807ms
[502.834s][info][gc,cpu         ] GC(1774) User=1.89s Sys=0.00s Real=0.97s
[502.906s][info][gc,start       ] GC(1775) Pause Full (Allocation Failure)
[502.906s][info][gc,phases,start] GC(1775) Marking Phase
[503.402s][info][gc,phases      ] GC(1775) Marking Phase 496.372ms
[503.402s][info][gc,phases,start] GC(1775) Summary Phase
[503.402s][info][gc,phases      ] GC(1775) Summary Phase 0.034ms
[503.402s][info][gc,phases,start] GC(1775) Forward
[503.413s][info][gc,phases      ] GC(1775) Forward 10.616ms
[503.413s][info][gc,phases,start] GC(1775) Adjust Pointers
[503.748s][info][gc,phases      ] GC(1775) Adjust Pointers 334.484ms
[503.748s][info][gc,phases,start] GC(1775) Compaction Phase
[503.880s][info][gc,phases      ] GC(1775) Compaction Phase 132.815ms
[503.881s][info][gc,phases,start] GC(1775) Post Compact
[503.883s][info][gc,phases      ] GC(1775) Post Compact 2.307ms
[503.883s][info][gc,heap        ] GC(1775) PSYoungGen: 111616K(222720K)->25737K(222720K) Eden: 111616K(111616K)->25737K(111616K) From: 0K(111104K)->0K(111104K)
[503.883s][info][gc,heap        ] GC(1775) ParOldGen: 667646K(667648K)->667646K(667648K)
[503.883s][info][gc,metaspace   ] GC(1775) Metaspace: 18929K(19072K)->18929K(19072K) NonClass: 17099K(17216K)->17099K(17216K) Class: 1829K(1856K)->1829K(1856K)
[503.883s][info][gc             ] GC(1775) Pause Full (Allocation Failure) 760M->677M(869M) 977.111ms
[503.883s][info][gc,cpu         ] GC(1775) User=1.91s Sys=0.00s Real=0.97s
[504.015s][info][gc,start       ] GC(1776) Pause Full (Allocation Failure)
[504.015s][info][gc,phases,start] GC(1776) Marking Phase
[504.499s][info][gc,phases      ] GC(1776) Marking Phase 484.185ms
[504.499s][info][gc,phases,start] GC(1776) Summary Phase
[504.499s][info][gc,phases      ] GC(1776) Summary Phase 0.024ms
[504.499s][info][gc,phases,start] GC(1776) Forward
[504.512s][info][gc,phases      ] GC(1776) Forward 13.461ms
[504.512s][info][gc,phases,start] GC(1776) Adjust Pointers
[504.848s][info][gc,phases      ] GC(1776) Adjust Pointers 335.192ms
[504.848s][info][gc,phases,start] GC(1776) Compaction Phase
[504.981s][info][gc,phases      ] GC(1776) Compaction Phase 133.700ms
[504.982s][info][gc,phases,start] GC(1776) Post Compact
[504.984s][info][gc,phases      ] GC(1776) Post Compact 2.286ms
[504.984s][info][gc,heap        ] GC(1776) PSYoungGen: 111616K(222720K)->26822K(222720K) Eden: 111616K(111616K)->26822K(111616K) From: 0K(111104K)->0K(111104K)
[504.984s][info][gc,heap        ] GC(1776) ParOldGen: 667646K(667648K)->667622K(667648K)
[504.984s][info][gc,metaspace   ] GC(1776) Metaspace: 18929K(19072K)->18929K(19072K) NonClass: 17099K(17216K)->17099K(17216K) Class: 1829K(1856K)->1829K(1856K)
[504.984s][info][gc             ] GC(1776) Pause Full (Allocation Failure) 760M->678M(869M) 969.300ms
[504.984s][info][gc,cpu         ] GC(1776) User=1.89s Sys=0.00s Real=0.97s
[505.177s][info][gc,start       ] GC(1777) Pause Full (Allocation Failure)
[505.177s][info][gc,phases,start] GC(1777) Marking Phase
[505.678s][info][gc,phases      ] GC(1777) Marking Phase 501.200ms
[505.678s][info][gc,phases,start] GC(1777) Summary Phase
[505.678s][info][gc,phases      ] GC(1777) Summary Phase 0.036ms
[505.678s][info][gc,phases,start] GC(1777) Forward
[505.806s][info][gc,phases      ] GC(1777) Forward 128.399ms
[505.807s][info][gc,phases,start] GC(1777) Adjust Pointers
[506.200s][info][gc,phases      ] GC(1777) Adjust Pointers 393.102ms
[506.200s][info][gc,phases,start] GC(1777) Compaction Phase
[506.389s][info][gc,phases      ] GC(1777) Compaction Phase 188.830ms
[506.406s][info][gc,phases,start] GC(1777) Post Compact
[506.408s][info][gc,phases      ] GC(1777) Post Compact 2.365ms
[506.408s][info][gc,heap        ] GC(1777) PSYoungGen: 111616K(222720K)->43217K(222720K) Eden: 111616K(111616K)->43217K(111616K) From: 0K(111104K)->0K(111104K)
[506.408s][info][gc,heap        ] GC(1777) ParOldGen: 667622K(667648K)->667541K(667648K)
[506.408s][info][gc,metaspace   ] GC(1777) Metaspace: 18929K(19072K)->18929K(19072K) NonClass: 17099K(17216K)->17099K(17216K) Class: 1829K(1856K)->1829K(1856K)
[506.408s][info][gc             ] GC(1777) Pause Full (Allocation Failure) 760M->694M(869M) 1231.302ms
[506.408s][info][gc,cpu         ] GC(1777) User=2.40s Sys=0.01s Real=1.23s
[506.508s][info][gc,start       ] GC(1778) Pause Full (Allocation Failure)
[506.508s][info][gc,phases,start] GC(1778) Marking Phase
[507.019s][info][gc,phases      ] GC(1778) Marking Phase 511.435ms
[507.019s][info][gc,phases,start] GC(1778) Summary Phase
[507.019s][info][gc,phases      ] GC(1778) Summary Phase 0.026ms
[507.019s][info][gc,phases,start] GC(1778) Forward
[507.114s][info][gc,phases      ] GC(1778) Forward 94.984ms
[507.114s][info][gc,phases,start] GC(1778) Adjust Pointers
[507.508s][info][gc,phases      ] GC(1778) Adjust Pointers 393.280ms
[507.508s][info][gc,phases,start] GC(1778) Compaction Phase
[507.672s][info][gc,phases      ] GC(1778) Compaction Phase 164.077ms
[507.686s][info][gc,phases,start] GC(1778) Post Compact
[507.689s][info][gc,phases      ] GC(1778) Post Compact 2.393ms
[507.689s][info][gc,heap        ] GC(1778) PSYoungGen: 111616K(222720K)->54845K(222720K) Eden: 111616K(111616K)->54845K(111616K) From: 0K(111104K)->0K(111104K)
[507.689s][info][gc,heap        ] GC(1778) ParOldGen: 667541K(667648K)->667541K(667648K)
[507.689s][info][gc,metaspace   ] GC(1778) Metaspace: 18929K(19072K)->18929K(19072K) NonClass: 17099K(17216K)->17099K(17216K) Class: 1829K(1856K)->1829K(1856K)
[507.689s][info][gc             ] GC(1778) Pause Full (Allocation Failure) 760M->705M(869M) 1181.119ms
[507.689s][info][gc,cpu         ] GC(1778) User=2.31s Sys=0.00s Real=1.18s
[507.757s][info][gc,start       ] GC(1779) Pause Full (Allocation Failure)
[507.757s][info][gc,phases,start] GC(1779) Marking Phase
[508.282s][info][gc,phases      ] GC(1779) Marking Phase 524.868ms
[508.282s][info][gc,phases,start] GC(1779) Summary Phase
[508.282s][info][gc,phases      ] GC(1779) Summary Phase 0.023ms
[508.282s][info][gc,phases,start] GC(1779) Forward
[508.304s][info][gc,phases      ] GC(1779) Forward 22.114ms
[508.304s][info][gc,phases,start] GC(1779) Adjust Pointers
[508.668s][info][gc,phases      ] GC(1779) Adjust Pointers 363.050ms
[508.668s][info][gc,phases,start] GC(1779) Compaction Phase
[508.810s][info][gc,phases      ] GC(1779) Compaction Phase 142.642ms
[508.810s][info][gc,phases,start] GC(1779) Post Compact
[508.813s][info][gc,phases      ] GC(1779) Post Compact 2.295ms
[508.813s][info][gc,heap        ] GC(1779) PSYoungGen: 111616K(222720K)->62345K(222720K) Eden: 111616K(111616K)->62345K(111616K) From: 0K(111104K)->0K(111104K)
[508.813s][info][gc,heap        ] GC(1779) ParOldGen: 667541K(667648K)->667541K(667648K)
[508.813s][info][gc,metaspace   ] GC(1779) Metaspace: 18929K(19072K)->18929K(19072K) NonClass: 17099K(17216K)->17099K(17216K) Class: 1829K(1856K)->1829K(1856K)
[508.813s][info][gc             ] GC(1779) Pause Full (Allocation Failure) 760M->712M(869M) 1055.435ms
[508.813s][info][gc,cpu         ] GC(1779) User=2.06s Sys=0.00s Real=1.05s
[508.863s][info][gc,start       ] GC(1780) Pause Full (Allocation Failure)
[508.863s][info][gc,phases,start] GC(1780) Marking Phase
[509.390s][info][gc,phases      ] GC(1780) Marking Phase 526.695ms
[509.390s][info][gc,phases,start] GC(1780) Summary Phase
[509.390s][info][gc,phases      ] GC(1780) Summary Phase 0.024ms
[509.390s][info][gc,phases,start] GC(1780) Forward
[509.413s][info][gc,phases      ] GC(1780) Forward 22.412ms
[509.413s][info][gc,phases,start] GC(1780) Adjust Pointers
[509.776s][info][gc,phases      ] GC(1780) Adjust Pointers 363.222ms
[509.776s][info][gc,phases,start] GC(1780) Compaction Phase
[509.919s][info][gc,phases      ] GC(1780) Compaction Phase 143.186ms
[509.919s][info][gc,phases,start] GC(1780) Post Compact
[509.921s][info][gc,phases      ] GC(1780) Post Compact 2.314ms
[509.921s][info][gc,heap        ] GC(1780) PSYoungGen: 111616K(222720K)->69112K(222720K) Eden: 111616K(111616K)->69112K(111616K) From: 0K(111104K)->0K(111104K)
[509.921s][info][gc,heap        ] GC(1780) ParOldGen: 667541K(667648K)->667541K(667648K)
[509.922s][info][gc,metaspace   ] GC(1780) Metaspace: 18929K(19072K)->18929K(19072K) NonClass: 17099K(17216K)->17099K(17216K) Class: 1829K(1856K)->1829K(1856K)
[509.922s][info][gc             ] GC(1780) Pause Full (Allocation Failure) 760M->719M(869M) 1058.312ms
[509.922s][info][gc,cpu         ] GC(1780) User=2.06s Sys=0.00s Real=1.06s
[509.974s][info][gc,start       ] GC(1781) Pause Full (Allocation Failure)
[509.975s][info][gc,phases,start] GC(1781) Marking Phase
[510.507s][info][gc,phases      ] GC(1781) Marking Phase 532.110ms
[510.507s][info][gc,phases,start] GC(1781) Summary Phase
[510.507s][info][gc,phases      ] GC(1781) Summary Phase 0.025ms
[510.507s][info][gc,phases,start] GC(1781) Forward
[510.529s][info][gc,phases      ] GC(1781) Forward 22.518ms
[510.529s][info][gc,phases,start] GC(1781) Adjust Pointers
[510.896s][info][gc,phases      ] GC(1781) Adjust Pointers 366.501ms
[510.896s][info][gc,phases,start] GC(1781) Compaction Phase
[511.040s][info][gc,phases      ] GC(1781) Compaction Phase 144.084ms
[511.040s][info][gc,phases,start] GC(1781) Post Compact
[511.042s][info][gc,phases      ] GC(1781) Post Compact 2.303ms
[511.042s][info][gc,heap        ] GC(1781) PSYoungGen: 111616K(222720K)->76969K(222720K) Eden: 111616K(111616K)->76969K(111616K) From: 0K(111104K)->0K(111104K)
[511.042s][info][gc,heap        ] GC(1781) ParOldGen: 667541K(667648K)->667541K(667648K)
[511.042s][info][gc,metaspace   ] GC(1781) Metaspace: 18929K(19072K)->18929K(19072K) NonClass: 17099K(17216K)->17099K(17216K) Class: 1829K(1856K)->1829K(1856K)
[511.042s][info][gc             ] GC(1781) Pause Full (Allocation Failure) 760M->727M(869M) 1068.023ms
[511.042s][info][gc,cpu         ] GC(1781) User=2.08s Sys=0.00s Real=1.06s
[511.082s][info][gc,start       ] GC(1782) Pause Full (Allocation Failure)
[511.082s][info][gc,phases,start] GC(1782) Marking Phase
[511.622s][info][gc,phases      ] GC(1782) Marking Phase 540.284ms
[511.622s][info][gc,phases,start] GC(1782) Summary Phase
[511.622s][info][gc,phases      ] GC(1782) Summary Phase 0.025ms
[511.622s][info][gc,phases,start] GC(1782) Forward
[511.645s][info][gc,phases      ] GC(1782) Forward 22.515ms
[511.645s][info][gc,phases,start] GC(1782) Adjust Pointers
[512.011s][info][gc,phases      ] GC(1782) Adjust Pointers 366.183ms
[512.011s][info][gc,phases,start] GC(1782) Compaction Phase
[512.158s][info][gc,phases      ] GC(1782) Compaction Phase 147.296ms
[512.159s][info][gc,phases,start] GC(1782) Post Compact
[512.161s][info][gc,phases      ] GC(1782) Post Compact 2.348ms
[512.161s][info][gc,heap        ] GC(1782) PSYoungGen: 111616K(222720K)->77802K(222720K) Eden: 111616K(111616K)->77802K(111616K) From: 0K(111104K)->0K(111104K)
[512.161s][info][gc,heap        ] GC(1782) ParOldGen: 667541K(667648K)->667541K(667648K)
[512.161s][info][gc,metaspace   ] GC(1782) Metaspace: 18929K(19072K)->18929K(19072K) NonClass: 17099K(17216K)->17099K(17216K) Class: 1829K(1856K)->1829K(1856K)
[512.161s][info][gc             ] GC(1782) Pause Full (Allocation Failure) 760M->727M(869M) 1079.116ms
[512.161s][info][gc,cpu         ] GC(1782) User=2.10s Sys=0.00s Real=1.08s
[512.187s][info][gc,start       ] GC(1783) Pause Full (Allocation Failure)
[512.187s][info][gc,phases,start] GC(1783) Marking Phase
[512.723s][info][gc,phases      ] GC(1783) Marking Phase 535.538ms
[512.723s][info][gc,phases,start] GC(1783) Summary Phase
[512.723s][info][gc,phases      ] GC(1783) Summary Phase 0.023ms
[512.723s][info][gc,phases,start] GC(1783) Forward
[512.746s][info][gc,phases      ] GC(1783) Forward 22.396ms
[512.746s][info][gc,phases,start] GC(1783) Adjust Pointers
[513.114s][info][gc,phases      ] GC(1783) Adjust Pointers 368.184ms
[513.114s][info][gc,phases,start] GC(1783) Compaction Phase
[513.260s][info][gc,phases      ] GC(1783) Compaction Phase 145.963ms
[513.260s][info][gc,phases,start] GC(1783) Post Compact
[513.262s][info][gc,phases      ] GC(1783) Post Compact 2.322ms
[513.262s][info][gc,heap        ] GC(1783) PSYoungGen: 111616K(222720K)->80885K(222720K) Eden: 111616K(111616K)->80885K(111616K) From: 0K(111104K)->0K(111104K)
[513.262s][info][gc,heap        ] GC(1783) ParOldGen: 667541K(667648K)->667541K(667648K)
[513.262s][info][gc,metaspace   ] GC(1783) Metaspace: 18929K(19072K)->18929K(19072K) NonClass: 17099K(17216K)->17099K(17216K) Class: 1829K(1856K)->1829K(1856K)
[513.262s][info][gc             ] GC(1783) Pause Full (Allocation Failure) 760M->730M(869M) 1074.871ms
[513.262s][info][gc,cpu         ] GC(1783) User=2.10s Sys=0.00s Real=1.07s
[513.283s][info][gc,start       ] GC(1784) Pause Full (Allocation Failure)
[513.283s][info][gc,phases,start] GC(1784) Marking Phase
[513.820s][info][gc,phases      ] GC(1784) Marking Phase 537.284ms
[513.820s][info][gc,phases,start] GC(1784) Summary Phase
[513.820s][info][gc,phases      ] GC(1784) Summary Phase 0.025ms
[513.820s][info][gc,phases,start] GC(1784) Forward
[513.843s][info][gc,phases      ] GC(1784) Forward 22.518ms
[513.843s][info][gc,phases,start] GC(1784) Adjust Pointers
[514.211s][info][gc,phases      ] GC(1784) Adjust Pointers 367.838ms
[514.211s][info][gc,phases,start] GC(1784) Compaction Phase
[514.356s][info][gc,phases      ] GC(1784) Compaction Phase 145.276ms
[514.356s][info][gc,phases,start] GC(1784) Post Compact
[514.359s][info][gc,phases      ] GC(1784) Post Compact 2.319ms
[514.359s][info][gc,heap        ] GC(1784) PSYoungGen: 111616K(222720K)->80943K(222720K) Eden: 111616K(111616K)->80943K(111616K) From: 0K(111104K)->0K(111104K)
[514.359s][info][gc,heap        ] GC(1784) ParOldGen: 667541K(667648K)->667541K(667648K)
[514.359s][info][gc,metaspace   ] GC(1784) Metaspace: 18929K(19072K)->18929K(19072K) NonClass: 17099K(17216K)->17099K(17216K) Class: 1829K(1856K)->1829K(1856K)
[514.359s][info][gc             ] GC(1784) Pause Full (Allocation Failure) 760M->730M(869M) 1075.723ms
[514.359s][info][gc,cpu         ] GC(1784) User=2.10s Sys=0.00s Real=1.08s
[514.380s][info][gc,start       ] GC(1785) Pause Full (Allocation Failure)
[514.380s][info][gc,phases,start] GC(1785) Marking Phase
[514.917s][info][gc,phases      ] GC(1785) Marking Phase 536.455ms
[514.917s][info][gc,phases,start] GC(1785) Summary Phase
[514.917s][info][gc,phases      ] GC(1785) Summary Phase 0.023ms
[514.917s][info][gc,phases,start] GC(1785) Forward
[514.939s][info][gc,phases      ] GC(1785) Forward 22.486ms
[514.939s][info][gc,phases,start] GC(1785) Adjust Pointers
[515.306s][info][gc,phases      ] GC(1785) Adjust Pointers 367.074ms
[515.306s][info][gc,phases,start] GC(1785) Compaction Phase
[515.451s][info][gc,phases      ] GC(1785) Compaction Phase 144.336ms
[515.451s][info][gc,phases,start] GC(1785) Post Compact
[515.453s][info][gc,phases      ] GC(1785) Post Compact 2.319ms
[515.453s][info][gc,heap        ] GC(1785) PSYoungGen: 111616K(222720K)->81047K(222720K) Eden: 111616K(111616K)->81047K(111616K) From: 0K(111104K)->0K(111104K)
[515.453s][info][gc,heap        ] GC(1785) ParOldGen: 667541K(667648K)->667541K(667648K)
[515.453s][info][gc,metaspace   ] GC(1785) Metaspace: 18929K(19072K)->18929K(19072K) NonClass: 17099K(17216K)->17099K(17216K) Class: 1829K(1856K)->1829K(1856K)
[515.453s][info][gc             ] GC(1785) Pause Full (Allocation Failure) 760M->731M(869M) 1073.118ms
[515.453s][info][gc,cpu         ] GC(1785) User=2.10s Sys=0.01s Real=1.07s
[515.492s][info][gc,start       ] GC(1786) Pause Full (Allocation Failure)
[515.492s][info][gc,phases,start] GC(1786) Marking Phase
[516.031s][info][gc,phases      ] GC(1786) Marking Phase 539.463ms
[516.031s][info][gc,phases,start] GC(1786) Summary Phase
[516.031s][info][gc,phases      ] GC(1786) Summary Phase 0.036ms
[516.031s][info][gc,phases,start] GC(1786) Forward
[516.054s][info][gc,phases      ] GC(1786) Forward 22.305ms
[516.054s][info][gc,phases,start] GC(1786) Adjust Pointers
[516.422s][info][gc,phases      ] GC(1786) Adjust Pointers 368.403ms
[516.422s][info][gc,phases,start] GC(1786) Compaction Phase
[516.567s][info][gc,phases      ] GC(1786) Compaction Phase 144.489ms
[516.567s][info][gc,phases,start] GC(1786) Post Compact
[516.569s][info][gc,phases      ] GC(1786) Post Compact 2.321ms
[516.569s][info][gc,heap        ] GC(1786) PSYoungGen: 111616K(222720K)->82734K(222720K) Eden: 111616K(111616K)->82734K(111616K) From: 0K(111104K)->0K(111104K)
[516.569s][info][gc,heap        ] GC(1786) ParOldGen: 667541K(667648K)->667541K(667648K)
[516.569s][info][gc,metaspace   ] GC(1786) Metaspace: 18930K(19072K)->18930K(19072K) NonClass: 17100K(17216K)->17100K(17216K) Class: 1829K(1856K)->1829K(1856K)
[516.569s][info][gc             ] GC(1786) Pause Full (Allocation Failure) 760M->732M(869M) 1077.468ms
[516.569s][info][gc,cpu         ] GC(1786) User=2.11s Sys=0.00s Real=1.08s
[516.602s][info][gc,start       ] GC(1787) Pause Full (Allocation Failure)
[516.602s][info][gc,phases,start] GC(1787) Marking Phase
[517.143s][info][gc,phases      ] GC(1787) Marking Phase 540.678ms
[517.143s][info][gc,phases,start] GC(1787) Summary Phase
[517.143s][info][gc,phases      ] GC(1787) Summary Phase 0.026ms
[517.143s][info][gc,phases,start] GC(1787) Forward
[517.165s][info][gc,phases      ] GC(1787) Forward 22.649ms
[517.166s][info][gc,phases,start] GC(1787) Adjust Pointers
[517.538s][info][gc,phases      ] GC(1787) Adjust Pointers 372.654ms
[517.538s][info][gc,phases,start] GC(1787) Compaction Phase
[517.684s][info][gc,phases      ] GC(1787) Compaction Phase 145.397ms
[517.684s][info][gc,phases,start] GC(1787) Post Compact
[517.686s][info][gc,phases      ] GC(1787) Post Compact 2.346ms
[517.686s][info][gc,heap        ] GC(1787) PSYoungGen: 111616K(222720K)->83443K(222720K) Eden: 111616K(111616K)->83443K(111616K) From: 0K(111104K)->0K(111104K)
[517.686s][info][gc,heap        ] GC(1787) ParOldGen: 667541K(667648K)->667541K(667648K)
[517.686s][info][gc,metaspace   ] GC(1787) Metaspace: 18930K(19072K)->18930K(19072K) NonClass: 17100K(17216K)->17100K(17216K) Class: 1829K(1856K)->1829K(1856K)
[517.686s][info][gc             ] GC(1787) Pause Full (Allocation Failure) 760M->733M(869M) 1084.195ms
[517.686s][info][gc,cpu         ] GC(1787) User=2.12s Sys=0.00s Real=1.09s
[517.721s][info][gc,start       ] GC(1788) Pause Full (Allocation Failure)
[517.721s][info][gc,phases,start] GC(1788) Marking Phase
[518.262s][info][gc,phases      ] GC(1788) Marking Phase 541.806ms
[518.263s][info][gc,phases,start] GC(1788) Summary Phase
[518.263s][info][gc,phases      ] GC(1788) Summary Phase 0.023ms
[518.263s][info][gc,phases,start] GC(1788) Forward
[518.285s][info][gc,phases      ] GC(1788) Forward 22.532ms
[518.285s][info][gc,phases,start] GC(1788) Adjust Pointers
[518.655s][info][gc,phases      ] GC(1788) Adjust Pointers 369.764ms
[518.655s][info][gc,phases,start] GC(1788) Compaction Phase
[518.800s][info][gc,phases      ] GC(1788) Compaction Phase 145.444ms
[518.801s][info][gc,phases,start] GC(1788) Post Compact
[518.803s][info][gc,phases      ] GC(1788) Post Compact 2.311ms
[518.803s][info][gc,heap        ] GC(1788) PSYoungGen: 111616K(222720K)->83443K(222720K) Eden: 111616K(111616K)->83443K(111616K) From: 0K(111104K)->0K(111104K)
[518.803s][info][gc,heap        ] GC(1788) ParOldGen: 667541K(667648K)->667541K(667648K)
[518.803s][info][gc,metaspace   ] GC(1788) Metaspace: 18930K(19072K)->18930K(19072K) NonClass: 17100K(17216K)->17100K(17216K) Class: 1829K(1856K)->1829K(1856K)
[518.803s][info][gc             ] GC(1788) Pause Full (Allocation Failure) 760M->733M(869M) 1082.328ms
[518.803s][info][gc,cpu         ] GC(1788) User=2.11s Sys=0.00s Real=1.08s
[518.836s][info][gc,start       ] GC(1789) Pause Full (Allocation Failure)
[518.836s][info][gc,phases,start] GC(1789) Marking Phase
[519.377s][info][gc,phases      ] GC(1789) Marking Phase 540.500ms
[519.377s][info][gc,phases,start] GC(1789) Summary Phase
[519.377s][info][gc,phases      ] GC(1789) Summary Phase 0.034ms
[519.377s][info][gc,phases,start] GC(1789) Forward
[519.400s][info][gc,phases      ] GC(1789) Forward 22.644ms
[519.400s][info][gc,phases,start] GC(1789) Adjust Pointers
[519.772s][info][gc,phases      ] GC(1789) Adjust Pointers 371.843ms
[519.772s][info][gc,phases,start] GC(1789) Compaction Phase
[519.919s][info][gc,phases      ] GC(1789) Compaction Phase 147.153ms
[519.919s][info][gc,phases,start] GC(1789) Post Compact
[519.921s][info][gc,phases      ] GC(1789) Post Compact 2.369ms
[519.921s][info][gc,heap        ] GC(1789) PSYoungGen: 111616K(222720K)->83788K(222720K) Eden: 111616K(111616K)->83788K(111616K) From: 0K(111104K)->0K(111104K)
[519.921s][info][gc,heap        ] GC(1789) ParOldGen: 667541K(667648K)->667541K(667648K)
[519.921s][info][gc,metaspace   ] GC(1789) Metaspace: 18930K(19072K)->18930K(19072K) NonClass: 17100K(17216K)->17100K(17216K) Class: 1829K(1856K)->1829K(1856K)
[519.921s][info][gc             ] GC(1789) Pause Full (Allocation Failure) 760M->733M(869M) 1085.042ms
[519.921s][info][gc,cpu         ] GC(1789) User=2.12s Sys=0.00s Real=1.08s
[519.951s][info][gc,start       ] GC(1790) Pause Full (Allocation Failure)
[519.951s][info][gc,phases,start] GC(1790) Marking Phase
[520.492s][info][gc,phases      ] GC(1790) Marking Phase 541.574ms
[520.492s][info][gc,phases,start] GC(1790) Summary Phase
[520.492s][info][gc,phases      ] GC(1790) Summary Phase 0.025ms
[520.492s][info][gc,phases,start] GC(1790) Forward
[520.515s][info][gc,phases      ] GC(1790) Forward 22.360ms
[520.515s][info][gc,phases,start] GC(1790) Adjust Pointers
[520.886s][info][gc,phases      ] GC(1790) Adjust Pointers 371.483ms
[520.886s][info][gc,phases,start] GC(1790) Compaction Phase
[521.031s][info][gc,phases      ] GC(1790) Compaction Phase 144.476ms
[521.031s][info][gc,phases,start] GC(1790) Post Compact
[521.033s][info][gc,phases      ] GC(1790) Post Compact 2.360ms
[521.033s][info][gc,heap        ] GC(1790) PSYoungGen: 111616K(222720K)->83790K(222720K) Eden: 111616K(111616K)->83790K(111616K) From: 0K(111104K)->0K(111104K)
[521.033s][info][gc,heap        ] GC(1790) ParOldGen: 667541K(667648K)->667541K(667648K)
[521.033s][info][gc,metaspace   ] GC(1790) Metaspace: 18930K(19072K)->18930K(19072K) NonClass: 17100K(17216K)->17100K(17216K) Class: 1829K(1856K)->1829K(1856K)
[521.034s][info][gc             ] GC(1790) Pause Full (Allocation Failure) 760M->733M(869M) 1082.760ms
[521.034s][info][gc,cpu         ] GC(1790) User=2.11s Sys=0.00s Real=1.09s
[521.073s][info][gc,start       ] GC(1791) Pause Full (Allocation Failure)
[521.073s][info][gc,phases,start] GC(1791) Marking Phase
[521.627s][info][gc,phases      ] GC(1791) Marking Phase 554.018ms
[521.627s][info][gc,phases,start] GC(1791) Summary Phase
[521.627s][info][gc,phases      ] GC(1791) Summary Phase 0.024ms
[521.627s][info][gc,phases,start] GC(1791) Forward
[521.650s][info][gc,phases      ] GC(1791) Forward 22.587ms
[521.650s][info][gc,phases,start] GC(1791) Adjust Pointers
[522.023s][info][gc,phases      ] GC(1791) Adjust Pointers 373.252ms
[522.023s][info][gc,phases,start] GC(1791) Compaction Phase
[522.170s][info][gc,phases      ] GC(1791) Compaction Phase 146.575ms
[522.170s][info][gc,phases,start] GC(1791) Post Compact
[522.172s][info][gc,phases      ] GC(1791) Post Compact 2.407ms
[522.172s][info][gc,heap        ] GC(1791) PSYoungGen: 111616K(222720K)->86295K(222720K) Eden: 111616K(111616K)->86295K(111616K) From: 0K(111104K)->0K(111104K)
[522.172s][info][gc,heap        ] GC(1791) ParOldGen: 667541K(667648K)->667541K(667648K)
[522.172s][info][gc,metaspace   ] GC(1791) Metaspace: 18930K(19072K)->18930K(19072K) NonClass: 17100K(17216K)->17100K(17216K) Class: 1829K(1856K)->1829K(1856K)
[522.172s][info][gc             ] GC(1791) Pause Full (Allocation Failure) 760M->736M(869M) 1099.322ms
[522.172s][info][gc,cpu         ] GC(1791) User=2.15s Sys=0.00s Real=1.10s
[522.216s][info][gc,start       ] GC(1792) Pause Full (Allocation Failure)
[522.216s][info][gc,phases,start] GC(1792) Marking Phase
[522.769s][info][gc,phases      ] GC(1792) Marking Phase 552.944ms
[522.769s][info][gc,phases,start] GC(1792) Summary Phase
[522.769s][info][gc,phases      ] GC(1792) Summary Phase 0.036ms
[522.769s][info][gc,phases,start] GC(1792) Forward
[522.792s][info][gc,phases      ] GC(1792) Forward 22.548ms
[522.792s][info][gc,phases,start] GC(1792) Adjust Pointers
[523.173s][info][gc,phases      ] GC(1792) Adjust Pointers 381.342ms
[523.173s][info][gc,phases,start] GC(1792) Compaction Phase
[523.321s][info][gc,phases      ] GC(1792) Compaction Phase 148.149ms
[523.321s][info][gc,phases,start] GC(1792) Post Compact
[523.324s][info][gc,phases      ] GC(1792) Post Compact 2.314ms
[523.324s][info][gc,heap        ] GC(1792) PSYoungGen: 111616K(222720K)->86586K(222720K) Eden: 111616K(111616K)->86586K(111616K) From: 0K(111104K)->0K(111104K)
[523.324s][info][gc,heap        ] GC(1792) ParOldGen: 667541K(667648K)->667541K(667648K)
[523.324s][info][gc,metaspace   ] GC(1792) Metaspace: 18932K(19072K)->18932K(19072K) NonClass: 17103K(17216K)->17103K(17216K) Class: 1829K(1856K)->1829K(1856K)
[523.324s][info][gc             ] GC(1792) Pause Full (Allocation Failure) 760M->736M(869M) 1107.838ms
[523.324s][info][gc,cpu         ] GC(1792) User=2.17s Sys=0.00s Real=1.11s
[523.345s][info][gc,start       ] GC(1793) Pause Full (Allocation Failure)
[523.345s][info][gc,phases,start] GC(1793) Marking Phase
[523.906s][info][gc,phases      ] GC(1793) Marking Phase 561.428ms
[523.906s][info][gc,phases,start] GC(1793) Summary Phase
[523.906s][info][gc,phases      ] GC(1793) Summary Phase 0.026ms
[523.906s][info][gc,phases,start] GC(1793) Forward
[523.929s][info][gc,phases      ] GC(1793) Forward 22.559ms
[523.929s][info][gc,phases,start] GC(1793) Adjust Pointers
[524.307s][info][gc,phases      ] GC(1793) Adjust Pointers 377.926ms
[524.307s][info][gc,phases,start] GC(1793) Compaction Phase
[524.454s][info][gc,phases      ] GC(1793) Compaction Phase 146.772ms
[524.454s][info][gc,phases,start] GC(1793) Post Compact
[524.456s][info][gc,phases      ] GC(1793) Post Compact 2.320ms
[524.456s][info][gc,heap        ] GC(1793) PSYoungGen: 111616K(222720K)->86583K(222720K) Eden: 111616K(111616K)->86583K(111616K) From: 0K(111104K)->0K(111104K)
[524.456s][info][gc,heap        ] GC(1793) ParOldGen: 667541K(667648K)->667541K(667648K)
[524.456s][info][gc,metaspace   ] GC(1793) Metaspace: 18932K(19072K)->18932K(19072K) NonClass: 17103K(17216K)->17103K(17216K) Class: 1829K(1856K)->1829K(1856K)
[524.456s][info][gc             ] GC(1793) Pause Full (Allocation Failure) 760M->736M(869M) 1111.492ms
[524.456s][info][gc,cpu         ] GC(1793) User=2.18s Sys=0.01s Real=1.11s
[524.476s][info][gc,start       ] GC(1794) Pause Full (Allocation Failure)
[524.477s][info][gc,phases,start] GC(1794) Marking Phase
[525.032s][info][gc,phases      ] GC(1794) Marking Phase 555.197ms
[525.032s][info][gc,phases,start] GC(1794) Summary Phase
[525.032s][info][gc,phases      ] GC(1794) Summary Phase 0.025ms
[525.032s][info][gc,phases,start] GC(1794) Forward
[525.054s][info][gc,phases      ] GC(1794) Forward 22.513ms
[525.054s][info][gc,phases,start] GC(1794) Adjust Pointers
[525.428s][info][gc,phases      ] GC(1794) Adjust Pointers 373.340ms
[525.428s][info][gc,phases,start] GC(1794) Compaction Phase
[525.573s][info][gc,phases      ] GC(1794) Compaction Phase 145.225ms
[525.573s][info][gc,phases,start] GC(1794) Post Compact
[525.575s][info][gc,phases      ] GC(1794) Post Compact 2.318ms
[525.576s][info][gc,heap        ] GC(1794) PSYoungGen: 111616K(222720K)->86585K(222720K) Eden: 111616K(111616K)->86585K(111616K) From: 0K(111104K)->0K(111104K)
[525.576s][info][gc,heap        ] GC(1794) ParOldGen: 667541K(667648K)->667541K(667648K)
[525.576s][info][gc,metaspace   ] GC(1794) Metaspace: 18932K(19072K)->18932K(19072K) NonClass: 17103K(17216K)->17103K(17216K) Class: 1829K(1856K)->1829K(1856K)
[525.576s][info][gc             ] GC(1794) Pause Full (Allocation Failure) 760M->736M(869M) 1099.078ms
[525.576s][info][gc,cpu         ] GC(1794) User=2.15s Sys=0.00s Real=1.10s
[525.604s][info][gc,start       ] GC(1795) Pause Full (Allocation Failure)
[525.604s][info][gc,phases,start] GC(1795) Marking Phase
[526.149s][info][gc,phases      ] GC(1795) Marking Phase 545.110ms
[526.149s][info][gc,phases,start] GC(1795) Summary Phase
[526.149s][info][gc,phases      ] GC(1795) Summary Phase 0.024ms
[526.149s][info][gc,phases,start] GC(1795) Forward
[526.172s][info][gc,phases      ] GC(1795) Forward 22.468ms
[526.172s][info][gc,phases,start] GC(1795) Adjust Pointers
[526.550s][info][gc,phases      ] GC(1795) Adjust Pointers 378.254ms
[526.550s][info][gc,phases,start] GC(1795) Compaction Phase
[526.696s][info][gc,phases      ] GC(1795) Compaction Phase 145.607ms
[526.696s][info][gc,phases,start] GC(1795) Post Compact
[526.698s][info][gc,phases      ] GC(1795) Post Compact 2.317ms
[526.698s][info][gc,heap        ] GC(1795) PSYoungGen: 111616K(222720K)->86662K(222720K) Eden: 111616K(111616K)->86662K(111616K) From: 0K(111104K)->0K(111104K)
[526.698s][info][gc,heap        ] GC(1795) ParOldGen: 667541K(667648K)->667541K(667648K)
[526.698s][info][gc,metaspace   ] GC(1795) Metaspace: 18932K(19072K)->18932K(19072K) NonClass: 17103K(17216K)->17103K(17216K) Class: 1829K(1856K)->1829K(1856K)
[526.698s][info][gc             ] GC(1795) Pause Full (Allocation Failure) 760M->736M(869M) 1094.247ms
[526.698s][info][gc,cpu         ] GC(1795) User=2.14s Sys=0.00s Real=1.09s
[526.721s][info][gc,start       ] GC(1796) Pause Full (Allocation Failure)
[526.721s][info][gc,phases,start] GC(1796) Marking Phase
[527.282s][info][gc,phases      ] GC(1796) Marking Phase 561.666ms
[527.283s][info][gc,phases,start] GC(1796) Summary Phase
[527.283s][info][gc,phases      ] GC(1796) Summary Phase 0.027ms
[527.283s][info][gc,phases,start] GC(1796) Forward
[527.422s][info][gc,phases      ] GC(1796) Forward 139.782ms
[527.422s][info][gc,phases,start] GC(1796) Adjust Pointers
[527.854s][info][gc,phases      ] GC(1796) Adjust Pointers 432.034ms
[527.855s][info][gc,phases,start] GC(1796) Compaction Phase
[528.032s][info][gc,phases      ] GC(1796) Compaction Phase 177.693ms
[528.049s][info][gc,phases,start] GC(1796) Post Compact
[528.052s][info][gc,phases      ] GC(1796) Post Compact 2.391ms
[528.052s][info][gc,heap        ] GC(1796) PSYoungGen: 111616K(222720K)->86700K(222720K) Eden: 111616K(111616K)->86700K(111616K) From: 0K(111104K)->0K(111104K)
[528.052s][info][gc,heap        ] GC(1796) ParOldGen: 667541K(667648K)->667540K(667648K)
[528.052s][info][gc,metaspace   ] GC(1796) Metaspace: 18932K(19072K)->18932K(19072K) NonClass: 17103K(17216K)->17103K(17216K) Class: 1829K(1856K)->1829K(1856K)
[528.052s][info][gc             ] GC(1796) Pause Full (Allocation Failure) 760M->736M(869M) 1331.024ms
[528.052s][info][gc,cpu         ] GC(1796) User=2.59s Sys=0.00s Real=1.33s
[528.065s][info][gc,start       ] GC(1797) Pause Full (Allocation Failure)
[528.065s][info][gc,phases,start] GC(1797) Marking Phase
[528.612s][info][gc,phases      ] GC(1797) Marking Phase 547.374ms
[528.612s][info][gc,phases,start] GC(1797) Summary Phase
[528.613s][info][gc,phases      ] GC(1797) Summary Phase 0.025ms
[528.613s][info][gc,phases,start] GC(1797) Forward
[528.635s][info][gc,phases      ] GC(1797) Forward 22.633ms
[528.635s][info][gc,phases,start] GC(1797) Adjust Pointers
[529.007s][info][gc,phases      ] GC(1797) Adjust Pointers 371.651ms
[529.007s][info][gc,phases,start] GC(1797) Compaction Phase
[529.154s][info][gc,phases      ] GC(1797) Compaction Phase 147.103ms
[529.154s][info][gc,phases,start] GC(1797) Post Compact
[529.157s][info][gc,phases      ] GC(1797) Post Compact 2.575ms
[529.157s][info][gc,heap        ] GC(1797) PSYoungGen: 111616K(222720K)->86873K(222720K) Eden: 111616K(111616K)->86873K(111616K) From: 0K(111104K)->0K(111104K)
[529.157s][info][gc,heap        ] GC(1797) ParOldGen: 667540K(667648K)->667540K(667648K)
[529.157s][info][gc,metaspace   ] GC(1797) Metaspace: 18932K(19072K)->18932K(19072K) NonClass: 17103K(17216K)->17103K(17216K) Class: 1829K(1856K)->1829K(1856K)
[529.157s][info][gc             ] GC(1797) Pause Full (Allocation Failure) 760M->736M(869M) 1091.889ms
[529.157s][info][gc,cpu         ] GC(1797) User=2.14s Sys=0.01s Real=1.09s
[529.173s][info][gc,start       ] GC(1798) Pause Full (Allocation Failure)
[529.173s][info][gc,phases,start] GC(1798) Marking Phase
[529.724s][info][gc,phases      ] GC(1798) Marking Phase 551.384ms
[529.725s][info][gc,phases,start] GC(1798) Summary Phase
[529.725s][info][gc,phases      ] GC(1798) Summary Phase 0.028ms
[529.725s][info][gc,phases,start] GC(1798) Forward
[529.748s][info][gc,phases      ] GC(1798) Forward 23.198ms
[529.748s][info][gc,phases,start] GC(1798) Adjust Pointers
[530.125s][info][gc,phases      ] GC(1798) Adjust Pointers 377.050ms
[530.125s][info][gc,phases,start] GC(1798) Compaction Phase
[530.272s][info][gc,phases      ] GC(1798) Compaction Phase 146.875ms
[530.272s][info][gc,phases,start] GC(1798) Post Compact
[530.274s][info][gc,phases      ] GC(1798) Post Compact 2.318ms
[530.274s][info][gc,heap        ] GC(1798) PSYoungGen: 111616K(222720K)->87091K(222720K) Eden: 111616K(111616K)->87091K(111616K) From: 0K(111104K)->0K(111104K)
[530.274s][info][gc,heap        ] GC(1798) ParOldGen: 667540K(667648K)->667540K(667648K)
[530.274s][info][gc,metaspace   ] GC(1798) Metaspace: 18932K(19072K)->18932K(19072K) NonClass: 17103K(17216K)->17103K(17216K) Class: 1829K(1856K)->1829K(1856K)
[530.274s][info][gc             ] GC(1798) Pause Full (Allocation Failure) 760M->736M(869M) 1101.357ms
[530.274s][info][gc,cpu         ] GC(1798) User=2.15s Sys=0.00s Real=1.11s
[530.288s][info][gc,start       ] GC(1799) Pause Full (Allocation Failure)
[530.288s][info][gc,phases,start] GC(1799) Marking Phase
[530.836s][info][gc,phases      ] GC(1799) Marking Phase 548.054ms
[530.836s][info][gc,phases,start] GC(1799) Summary Phase
[530.836s][info][gc,phases      ] GC(1799) Summary Phase 0.024ms
[530.836s][info][gc,phases,start] GC(1799) Forward
[530.858s][info][gc,phases      ] GC(1799) Forward 22.581ms
[530.858s][info][gc,phases,start] GC(1799) Adjust Pointers
[531.231s][info][gc,phases      ] GC(1799) Adjust Pointers 372.962ms
[531.231s][info][gc,phases,start] GC(1799) Compaction Phase
[531.378s][info][gc,phases      ] GC(1799) Compaction Phase 146.065ms
[531.378s][info][gc,phases,start] GC(1799) Post Compact
[531.380s][info][gc,phases      ] GC(1799) Post Compact 2.307ms
[531.380s][info][gc,heap        ] GC(1799) PSYoungGen: 111616K(222720K)->87226K(222720K) Eden: 111616K(111616K)->87226K(111616K) From: 0K(111104K)->0K(111104K)
[531.380s][info][gc,heap        ] GC(1799) ParOldGen: 667540K(667648K)->667540K(667648K)
[531.380s][info][gc,metaspace   ] GC(1799) Metaspace: 18932K(19072K)->18932K(19072K) NonClass: 17103K(17216K)->17103K(17216K) Class: 1829K(1856K)->1829K(1856K)
[531.380s][info][gc             ] GC(1799) Pause Full (Allocation Failure) 760M->737M(869M) 1092.459ms
[531.380s][info][gc,cpu         ] GC(1799) User=2.13s Sys=0.00s Real=1.09s
[531.394s][info][gc,start       ] GC(1800) Pause Full (Allocation Failure)
[531.395s][info][gc,phases,start] GC(1800) Marking Phase
[531.943s][info][gc,phases      ] GC(1800) Marking Phase 547.976ms
[531.943s][info][gc,phases,start] GC(1800) Summary Phase
[531.943s][info][gc,phases      ] GC(1800) Summary Phase 0.024ms
[531.943s][info][gc,phases,start] GC(1800) Forward
[531.965s][info][gc,phases      ] GC(1800) Forward 22.672ms
[531.965s][info][gc,phases,start] GC(1800) Adjust Pointers
[532.338s][info][gc,phases      ] GC(1800) Adjust Pointers 372.998ms
[532.338s][info][gc,phases,start] GC(1800) Compaction Phase
[532.484s][info][gc,phases      ] GC(1800) Compaction Phase 145.595ms
[532.484s][info][gc,phases,start] GC(1800) Post Compact
[532.486s][info][gc,phases      ] GC(1800) Post Compact 2.334ms
[532.486s][info][gc,heap        ] GC(1800) PSYoungGen: 111616K(222720K)->86663K(222720K) Eden: 111616K(111616K)->86663K(111616K) From: 0K(111104K)->0K(111104K)
[532.486s][info][gc,heap        ] GC(1800) ParOldGen: 667540K(667648K)->667540K(667648K)
[532.486s][info][gc,metaspace   ] GC(1800) Metaspace: 18932K(19072K)->18932K(19072K) NonClass: 17103K(17216K)->17103K(17216K) Class: 1829K(1856K)->1829K(1856K)
[532.487s][info][gc             ] GC(1800) Pause Full (Allocation Failure) 760M->736M(869M) 1092.077ms
[532.487s][info][gc,cpu         ] GC(1800) User=2.14s Sys=0.00s Real=1.09s
[532.502s][info][gc,start       ] GC(1801) Pause Full (Allocation Failure)
[532.502s][info][gc,phases,start] GC(1801) Marking Phase
[533.059s][info][gc,phases      ] GC(1801) Marking Phase 557.317ms
[533.059s][info][gc,phases,start] GC(1801) Summary Phase
[533.059s][info][gc,phases      ] GC(1801) Summary Phase 0.027ms
[533.059s][info][gc,phases,start] GC(1801) Forward
[533.082s][info][gc,phases      ] GC(1801) Forward 22.723ms
[533.082s][info][gc,phases,start] GC(1801) Adjust Pointers
[533.468s][info][gc,phases      ] GC(1801) Adjust Pointers 386.275ms
[533.468s][info][gc,phases,start] GC(1801) Compaction Phase
[533.615s][info][gc,phases      ] GC(1801) Compaction Phase 146.624ms
[533.615s][info][gc,phases,start] GC(1801) Post Compact
[533.617s][info][gc,phases      ] GC(1801) Post Compact 2.316ms
[533.617s][info][gc,heap        ] GC(1801) PSYoungGen: 111616K(222720K)->86663K(222720K) Eden: 111616K(111616K)->86663K(111616K) From: 0K(111104K)->0K(111104K)
[533.617s][info][gc,heap        ] GC(1801) ParOldGen: 667540K(667648K)->667540K(667648K)
[533.617s][info][gc,metaspace   ] GC(1801) Metaspace: 18932K(19072K)->18932K(19072K) NonClass: 17103K(17216K)->17103K(17216K) Class: 1829K(1856K)->1829K(1856K)
[533.617s][info][gc             ] GC(1801) Pause Full (Allocation Failure) 760M->736M(869M) 1115.781ms
[533.617s][info][gc,cpu         ] GC(1801) User=2.18s Sys=0.00s Real=1.12s
[533.632s][info][gc,start       ] GC(1802) Pause Full (Allocation Failure)
[533.632s][info][gc,phases,start] GC(1802) Marking Phase
[534.179s][info][gc,phases      ] GC(1802) Marking Phase 546.963ms
[534.179s][info][gc,phases,start] GC(1802) Summary Phase
[534.179s][info][gc,phases      ] GC(1802) Summary Phase 0.023ms
[534.179s][info][gc,phases,start] GC(1802) Forward
[534.201s][info][gc,phases      ] GC(1802) Forward 22.471ms
[534.201s][info][gc,phases,start] GC(1802) Adjust Pointers
[534.573s][info][gc,phases      ] GC(1802) Adjust Pointers 371.503ms
[534.573s][info][gc,phases,start] GC(1802) Compaction Phase
[534.719s][info][gc,phases      ] GC(1802) Compaction Phase 146.131ms
[534.719s][info][gc,phases,start] GC(1802) Post Compact
[534.721s][info][gc,phases      ] GC(1802) Post Compact 2.335ms
[534.721s][info][gc,heap        ] GC(1802) PSYoungGen: 111616K(222720K)->86666K(222720K) Eden: 111616K(111616K)->86666K(111616K) From: 0K(111104K)->0K(111104K)
[534.721s][info][gc,heap        ] GC(1802) ParOldGen: 667540K(667648K)->667540K(667648K)
[534.722s][info][gc,metaspace   ] GC(1802) Metaspace: 18932K(19072K)->18932K(19072K) NonClass: 17103K(17216K)->17103K(17216K) Class: 1829K(1856K)->1829K(1856K)
[534.722s][info][gc             ] GC(1802) Pause Full (Allocation Failure) 760M->736M(869M) 1089.888ms
[534.722s][info][gc,cpu         ] GC(1802) User=2.13s Sys=0.00s Real=1.09s
[534.735s][info][gc,start       ] GC(1803) Pause Full (Allocation Failure)
[534.735s][info][gc,phases,start] GC(1803) Marking Phase
[535.284s][info][gc,phases      ] GC(1803) Marking Phase 549.373ms
[535.284s][info][gc,phases,start] GC(1803) Summary Phase
[535.284s][info][gc,phases      ] GC(1803) Summary Phase 0.025ms
[535.284s][info][gc,phases,start] GC(1803) Forward
[535.307s][info][gc,phases      ] GC(1803) Forward 22.677ms
[535.307s][info][gc,phases,start] GC(1803) Adjust Pointers
[535.683s][info][gc,phases      ] GC(1803) Adjust Pointers 376.607ms
[535.684s][info][gc,phases,start] GC(1803) Compaction Phase
[535.831s][info][gc,phases      ] GC(1803) Compaction Phase 147.747ms
[535.831s][info][gc,phases,start] GC(1803) Post Compact
[535.834s][info][gc,phases      ] GC(1803) Post Compact 2.344ms
[535.834s][info][gc,heap        ] GC(1803) PSYoungGen: 111616K(222720K)->86666K(222720K) Eden: 111616K(111616K)->86666K(111616K) From: 0K(111104K)->0K(111104K)
[535.834s][info][gc,heap        ] GC(1803) ParOldGen: 667540K(667648K)->667540K(667648K)
[535.834s][info][gc,metaspace   ] GC(1803) Metaspace: 18932K(19072K)->18932K(19072K) NonClass: 17103K(17216K)->17103K(17216K) Class: 1829K(1856K)->1829K(1856K)
[535.834s][info][gc             ] GC(1803) Pause Full (Allocation Failure) 760M->736M(869M) 1099.183ms
[535.834s][info][gc,cpu         ] GC(1803) User=2.14s Sys=0.00s Real=1.10s
[535.847s][info][gc,start       ] GC(1804) Pause Full (Allocation Failure)
[535.847s][info][gc,phases,start] GC(1804) Marking Phase
[536.394s][info][gc,phases      ] GC(1804) Marking Phase 546.402ms
[536.394s][info][gc,phases,start] GC(1804) Summary Phase
[536.394s][info][gc,phases      ] GC(1804) Summary Phase 0.024ms
[536.394s][info][gc,phases,start] GC(1804) Forward
[536.416s][info][gc,phases      ] GC(1804) Forward 22.539ms
[536.416s][info][gc,phases,start] GC(1804) Adjust Pointers
[536.789s][info][gc,phases      ] GC(1804) Adjust Pointers 372.455ms
[536.789s][info][gc,phases,start] GC(1804) Compaction Phase
[536.935s][info][gc,phases      ] GC(1804) Compaction Phase 146.492ms
[536.935s][info][gc,phases,start] GC(1804) Post Compact
[536.938s][info][gc,phases      ] GC(1804) Post Compact 2.373ms
[536.938s][info][gc,heap        ] GC(1804) PSYoungGen: 111616K(222720K)->86666K(222720K) Eden: 111616K(111616K)->86666K(111616K) From: 0K(111104K)->0K(111104K)
[536.938s][info][gc,heap        ] GC(1804) ParOldGen: 667540K(667648K)->667540K(667648K)
[536.938s][info][gc,metaspace   ] GC(1804) Metaspace: 18932K(19072K)->18932K(19072K) NonClass: 17103K(17216K)->17103K(17216K) Class: 1829K(1856K)->1829K(1856K)
[536.938s][info][gc             ] GC(1804) Pause Full (Allocation Failure) 760M->736M(869M) 1090.731ms
[536.938s][info][gc,cpu         ] GC(1804) User=2.14s Sys=0.00s Real=1.09s
[536.960s][info][gc,start       ] GC(1805) Pause Full (Allocation Failure)
[536.960s][info][gc,phases,start] GC(1805) Marking Phase
[537.511s][info][gc,phases      ] GC(1805) Marking Phase 551.697ms
[537.511s][info][gc,phases,start] GC(1805) Summary Phase
[537.511s][info][gc,phases      ] GC(1805) Summary Phase 0.025ms
[537.511s][info][gc,phases,start] GC(1805) Forward
[537.534s][info][gc,phases      ] GC(1805) Forward 22.346ms
[537.534s][info][gc,phases,start] GC(1805) Adjust Pointers
[537.909s][info][gc,phases      ] GC(1805) Adjust Pointers 374.779ms
[537.909s][info][gc,phases,start] GC(1805) Compaction Phase
[538.055s][info][gc,phases      ] GC(1805) Compaction Phase 145.981ms
[538.055s][info][gc,phases,start] GC(1805) Post Compact
[538.057s][info][gc,phases      ] GC(1805) Post Compact 2.326ms
[538.057s][info][gc,heap        ] GC(1805) PSYoungGen: 111616K(222720K)->86758K(222720K) Eden: 111616K(111616K)->86758K(111616K) From: 0K(111104K)->0K(111104K)
[538.057s][info][gc,heap        ] GC(1805) ParOldGen: 667540K(667648K)->667540K(667648K)
[538.057s][info][gc,metaspace   ] GC(1805) Metaspace: 18932K(19072K)->18932K(19072K) NonClass: 17103K(17216K)->17103K(17216K) Class: 1829K(1856K)->1829K(1856K)
[538.057s][info][gc             ] GC(1805) Pause Full (Allocation Failure) 760M->736M(869M) 1097.624ms
[538.057s][info][gc,cpu         ] GC(1805) User=2.15s Sys=0.00s Real=1.10s
[538.098s][info][gc,start       ] GC(1806) Pause Full (Allocation Failure)
[538.098s][info][gc,phases,start] GC(1806) Marking Phase
[538.654s][info][gc,phases      ] GC(1806) Marking Phase 555.576ms
[538.654s][info][gc,phases,start] GC(1806) Summary Phase
[538.654s][info][gc,phases      ] GC(1806) Summary Phase 0.025ms
[538.654s][info][gc,phases,start] GC(1806) Forward
[538.676s][info][gc,phases      ] GC(1806) Forward 22.784ms
[538.677s][info][gc,phases,start] GC(1806) Adjust Pointers
[539.052s][info][gc,phases      ] GC(1806) Adjust Pointers 375.100ms
[539.052s][info][gc,phases,start] GC(1806) Compaction Phase
[539.198s][info][gc,phases      ] GC(1806) Compaction Phase 146.192ms
[539.198s][info][gc,phases,start] GC(1806) Post Compact
[539.200s][info][gc,phases      ] GC(1806) Post Compact 2.315ms
[539.200s][info][gc,heap        ] GC(1806) PSYoungGen: 111616K(222720K)->88113K(222720K) Eden: 111616K(111616K)->88113K(111616K) From: 0K(111104K)->0K(111104K)
[539.200s][info][gc,heap        ] GC(1806) ParOldGen: 667540K(667648K)->667540K(667648K)
[539.200s][info][gc,metaspace   ] GC(1806) Metaspace: 18932K(19072K)->18932K(19072K) NonClass: 17103K(17216K)->17103K(17216K) Class: 1829K(1856K)->1829K(1856K)
[539.200s][info][gc             ] GC(1806) Pause Full (Allocation Failure) 760M->737M(869M) 1102.482ms
[539.200s][info][gc,cpu         ] GC(1806) User=2.15s Sys=0.00s Real=1.10s
[539.230s][info][gc,start       ] GC(1807) Pause Full (Allocation Failure)
[539.231s][info][gc,phases,start] GC(1807) Marking Phase
[539.789s][info][gc,phases      ] GC(1807) Marking Phase 558.690ms
[539.789s][info][gc,phases,start] GC(1807) Summary Phase
[539.789s][info][gc,phases      ] GC(1807) Summary Phase 0.024ms
[539.789s][info][gc,phases,start] GC(1807) Forward
[539.812s][info][gc,phases      ] GC(1807) Forward 22.557ms
[539.812s][info][gc,phases,start] GC(1807) Adjust Pointers
[540.187s][info][gc,phases      ] GC(1807) Adjust Pointers 375.160ms
[540.187s][info][gc,phases,start] GC(1807) Compaction Phase
[540.334s][info][gc,phases      ] GC(1807) Compaction Phase 147.062ms
[540.334s][info][gc,phases,start] GC(1807) Post Compact
[540.337s][info][gc,phases      ] GC(1807) Post Compact 2.352ms
[540.337s][info][gc,heap        ] GC(1807) PSYoungGen: 111616K(222720K)->91626K(222720K) Eden: 111616K(111616K)->91626K(111616K) From: 0K(111104K)->0K(111104K)
[540.337s][info][gc,heap        ] GC(1807) ParOldGen: 667540K(667648K)->667540K(667648K)
[540.337s][info][gc,metaspace   ] GC(1807) Metaspace: 18932K(19072K)->18932K(19072K) NonClass: 17103K(17216K)->17103K(17216K) Class: 1829K(1856K)->1829K(1856K)
[540.337s][info][gc             ] GC(1807) Pause Full (Allocation Failure) 760M->741M(869M) 1106.316ms
[540.337s][info][gc,cpu         ] GC(1807) User=2.17s Sys=0.00s Real=1.11s
[540.376s][info][gc,start       ] GC(1808) Pause Full (Allocation Failure)
[540.376s][info][gc,phases,start] GC(1808) Marking Phase
[540.927s][info][gc,phases      ] GC(1808) Marking Phase 550.368ms
[540.927s][info][gc,phases,start] GC(1808) Summary Phase
[540.927s][info][gc,phases      ] GC(1808) Summary Phase 0.025ms
[540.927s][info][gc,phases,start] GC(1808) Forward
[540.949s][info][gc,phases      ] GC(1808) Forward 22.439ms
[540.949s][info][gc,phases,start] GC(1808) Adjust Pointers
[541.323s][info][gc,phases      ] GC(1808) Adjust Pointers 373.549ms
[541.323s][info][gc,phases,start] GC(1808) Compaction Phase
[541.470s][info][gc,phases      ] GC(1808) Compaction Phase 147.086ms
[541.470s][info][gc,phases,start] GC(1808) Post Compact
[541.472s][info][gc,phases      ] GC(1808) Post Compact 2.341ms
[541.473s][info][gc,heap        ] GC(1808) PSYoungGen: 111616K(222720K)->91907K(222720K) Eden: 111616K(111616K)->91907K(111616K) From: 0K(111104K)->0K(111104K)
[541.473s][info][gc,heap        ] GC(1808) ParOldGen: 667540K(667648K)->667540K(667648K)
[541.473s][info][gc,metaspace   ] GC(1808) Metaspace: 18932K(19072K)->18932K(19072K) NonClass: 17103K(17216K)->17103K(17216K) Class: 1829K(1856K)->1829K(1856K)
[541.473s][info][gc             ] GC(1808) Pause Full (Allocation Failure) 760M->741M(869M) 1096.272ms
[541.473s][info][gc,cpu         ] GC(1808) User=2.14s Sys=0.01s Real=1.09s
[541.523s][info][gc,start       ] GC(1809) Pause Full (Allocation Failure)
[541.524s][info][gc,phases,start] GC(1809) Marking Phase
[542.074s][info][gc,phases      ] GC(1809) Marking Phase 550.923ms
[542.075s][info][gc,phases,start] GC(1809) Summary Phase
[542.075s][info][gc,phases      ] GC(1809) Summary Phase 0.024ms
[542.075s][info][gc,phases,start] GC(1809) Forward
[542.097s][info][gc,phases      ] GC(1809) Forward 22.612ms
[542.097s][info][gc,phases,start] GC(1809) Adjust Pointers
[542.472s][info][gc,phases      ] GC(1809) Adjust Pointers 374.769ms
[542.472s][info][gc,phases,start] GC(1809) Compaction Phase
[542.626s][info][gc,phases      ] GC(1809) Compaction Phase 153.730ms
[542.626s][info][gc,phases,start] GC(1809) Post Compact
[542.628s][info][gc,phases      ] GC(1809) Post Compact 2.317ms
[542.628s][info][gc,heap        ] GC(1809) PSYoungGen: 111616K(222720K)->92959K(222720K) Eden: 111616K(111616K)->92959K(111616K) From: 0K(111104K)->0K(111104K)
[542.628s][info][gc,heap        ] GC(1809) ParOldGen: 667540K(667648K)->667540K(667648K)
[542.628s][info][gc,metaspace   ] GC(1809) Metaspace: 18932K(19072K)->18932K(19072K) NonClass: 17103K(17216K)->17103K(17216K) Class: 1829K(1856K)->1829K(1856K)
[542.628s][info][gc             ] GC(1809) Pause Full (Allocation Failure) 760M->742M(869M) 1104.833ms
[542.628s][info][gc,cpu         ] GC(1809) User=2.17s Sys=0.00s Real=1.10s
[542.646s][info][gc,start       ] GC(1810) Pause Full (Allocation Failure)
[542.646s][info][gc,phases,start] GC(1810) Marking Phase
[543.078s][info][gc,phases      ] GC(1810) Marking Phase 431.261ms
[543.078s][info][gc,phases,start] GC(1810) Summary Phase
[543.078s][info][gc,phases      ] GC(1810) Summary Phase 0.028ms
[543.078s][info][gc,phases,start] GC(1810) Forward
[543.204s][info][gc,phases      ] GC(1810) Forward 126.399ms
[543.204s][info][gc,phases,start] GC(1810) Adjust Pointers
[543.537s][info][gc,phases      ] GC(1810) Adjust Pointers 332.264ms
[543.537s][info][gc,phases,start] GC(1810) Compaction Phase
[543.700s][info][gc,phases      ] GC(1810) Compaction Phase 163.069ms
[543.713s][info][gc,phases,start] GC(1810) Post Compact
[543.715s][info][gc,phases      ] GC(1810) Post Compact 2.388ms
[543.715s][info][gc,heap        ] GC(1810) PSYoungGen: 111616K(222720K)->0K(222720K) Eden: 111616K(111616K)->0K(111616K) From: 0K(111104K)->0K(111104K)
[543.715s][info][gc,heap        ] GC(1810) ParOldGen: 667540K(667648K)->618310K(667648K)
[543.715s][info][gc,metaspace   ] GC(1810) Metaspace: 18932K(19072K)->18932K(19072K) NonClass: 17103K(17216K)->17103K(17216K) Class: 1829K(1856K)->1829K(1856K)
[543.715s][info][gc             ] GC(1810) Pause Full (Allocation Failure) 760M->603M(869M) 1068.795ms
[543.715s][info][gc,cpu         ] GC(1810) User=2.04s Sys=0.00s Real=1.07s
[543.825s][info][gc,start       ] GC(1811) Pause Young (Allocation Failure)
[543.829s][info][gc,heap        ] GC(1811) PSYoungGen: 111616K(222720K)->1056K(222720K) Eden: 111616K(111616K)->0K(111616K) From: 0K(111104K)->1056K(111104K)
[543.829s][info][gc,heap        ] GC(1811) ParOldGen: 618310K(667648K)->618310K(667648K)
[543.829s][info][gc,metaspace   ] GC(1811) Metaspace: 18932K(19072K)->18932K(19072K) NonClass: 17103K(17216K)->17103K(17216K) Class: 1829K(1856K)->1829K(1856K)
[543.829s][info][gc             ] GC(1811) Pause Young (Allocation Failure) 712M->604M(869M) 3.871ms
[543.829s][info][gc,cpu         ] GC(1811) User=0.01s Sys=0.00s Real=0.00s
[544.198s][info][gc,start       ] GC(1812) Pause Young (Allocation Failure)
[544.201s][info][gc,heap        ] GC(1812) PSYoungGen: 112672K(222720K)->1184K(222720K) Eden: 111616K(111616K)->0K(111616K) From: 1056K(111104K)->1184K(111104K)
[544.202s][info][gc,heap        ] GC(1812) ParOldGen: 618310K(667648K)->618310K(667648K)
[544.202s][info][gc,metaspace   ] GC(1812) Metaspace: 18933K(19072K)->18933K(19072K) NonClass: 17104K(17216K)->17104K(17216K) Class: 1829K(1856K)->1829K(1856K)
[544.202s][info][gc             ] GC(1812) Pause Young (Allocation Failure) 713M->604M(869M) 3.263ms
[544.202s][info][gc,cpu         ] GC(1812) User=0.01s Sys=0.01s Real=0.00s
[544.347s][info][gc,start       ] GC(1813) Pause Young (Allocation Failure)
[544.371s][info][gc,heap        ] GC(1813) PSYoungGen: 112800K(222720K)->24064K(222720K) Eden: 111616K(111616K)->0K(111616K) From: 1184K(111104K)->24064K(111104K)
[544.371s][info][gc,heap        ] GC(1813) ParOldGen: 618310K(667648K)->618310K(667648K)
[544.371s][info][gc,metaspace   ] GC(1813) Metaspace: 18933K(19072K)->18933K(19072K) NonClass: 17104K(17216K)->17104K(17216K) Class: 1829K(1856K)->1829K(1856K)
[544.372s][info][gc             ] GC(1813) Pause Young (Allocation Failure) 713M->627M(869M) 24.350ms
[544.372s][info][gc,cpu         ] GC(1813) User=0.05s Sys=0.00s Real=0.02s
[544.496s][info][gc,start       ] GC(1814) Pause Young (Allocation Failure)
[544.522s][info][gc,heap        ] GC(1814) PSYoungGen: 135680K(222720K)->24088K(222720K) Eden: 111616K(111616K)->0K(111616K) From: 24064K(111104K)->24088K(111104K)
[544.522s][info][gc,heap        ] GC(1814) ParOldGen: 618310K(667648K)->618310K(667648K)
[544.522s][info][gc,metaspace   ] GC(1814) Metaspace: 18933K(19072K)->18933K(19072K) NonClass: 17104K(17216K)->17104K(17216K) Class: 1829K(1856K)->1829K(1856K)
[544.522s][info][gc             ] GC(1814) Pause Young (Allocation Failure) 736M->627M(869M) 25.294ms
[544.522s][info][gc,cpu         ] GC(1814) User=0.05s Sys=0.00s Real=0.02s
[544.669s][info][gc,start       ] GC(1815) Pause Young (Allocation Failure)
[544.694s][info][gc,heap        ] GC(1815) PSYoungGen: 135704K(222720K)->24088K(222720K) Eden: 111616K(111616K)->0K(111616K) From: 24088K(111104K)->24088K(111104K)
[544.694s][info][gc,heap        ] GC(1815) ParOldGen: 618310K(667648K)->618310K(667648K)
[544.694s][info][gc,metaspace   ] GC(1815) Metaspace: 18933K(19072K)->18933K(19072K) NonClass: 17104K(17216K)->17104K(17216K) Class: 1829K(1856K)->1829K(1856K)
[544.694s][info][gc             ] GC(1815) Pause Young (Allocation Failure) 736M->627M(869M) 25.922ms
[544.694s][info][gc,cpu         ] GC(1815) User=0.06s Sys=0.00s Real=0.03s
[544.877s][info][gc,start       ] GC(1816) Pause Young (Allocation Failure)
[544.902s][info][gc,heap        ] GC(1816) PSYoungGen: 135704K(222720K)->23096K(222720K) Eden: 111616K(111616K)->0K(111616K) From: 24088K(111104K)->23096K(111104K)
[544.902s][info][gc,heap        ] GC(1816) ParOldGen: 618310K(667648K)->619342K(667648K)
[544.902s][info][gc,metaspace   ] GC(1816) Metaspace: 18933K(19072K)->18933K(19072K) NonClass: 17104K(17216K)->17104K(17216K) Class: 1829K(1856K)->1829K(1856K)
[544.902s][info][gc             ] GC(1816) Pause Young (Allocation Failure) 736M->627M(869M) 25.762ms
[544.902s][info][gc,cpu         ] GC(1816) User=0.05s Sys=0.00s Real=0.02s
[546.095s][info][gc,start       ] GC(1817) Pause Young (Allocation Failure)
[546.119s][info][gc,heap        ] GC(1817) PSYoungGen: 134712K(222720K)->637K(222720K) Eden: 111616K(111616K)->0K(111616K) From: 23096K(111104K)->637K(111104K)
[546.120s][info][gc,heap        ] GC(1817) ParOldGen: 619342K(667648K)->642358K(667648K)
[546.120s][info][gc,metaspace   ] GC(1817) Metaspace: 18937K(19072K)->18937K(19072K) NonClass: 17107K(17216K)->17107K(17216K) Class: 1829K(1856K)->1829K(1856K)
[546.120s][info][gc             ] GC(1817) Pause Young (Allocation Failure) 736M->627M(869M) 24.979ms
[546.120s][info][gc,cpu         ] GC(1817) User=0.05s Sys=0.00s Real=0.02s
[546.697s][info][gc,start       ] GC(1818) Pause Full (Allocation Failure)
[546.697s][info][gc,phases,start] GC(1818) Marking Phase
[547.061s][info][gc,phases      ] GC(1818) Marking Phase 363.729ms
[547.061s][info][gc,phases,start] GC(1818) Summary Phase
[547.061s][info][gc,phases      ] GC(1818) Summary Phase 0.025ms
[547.061s][info][gc,phases,start] GC(1818) Forward
[547.130s][info][gc,phases      ] GC(1818) Forward 68.816ms
[547.130s][info][gc,phases,start] GC(1818) Adjust Pointers
[547.382s][info][gc,phases      ] GC(1818) Adjust Pointers 251.517ms
[547.382s][info][gc,phases,start] GC(1818) Compaction Phase
[547.510s][info][gc,phases      ] GC(1818) Compaction Phase 127.858ms
[547.513s][info][gc,phases,start] GC(1818) Post Compact
[547.515s][info][gc,phases      ] GC(1818) Post Compact 2.313ms
[547.515s][info][gc,heap        ] GC(1818) PSYoungGen: 112253K(222720K)->0K(222720K) Eden: 111616K(111616K)->0K(111616K) From: 637K(111104K)->0K(111104K)
[547.515s][info][gc,heap        ] GC(1818) ParOldGen: 642358K(667648K)->518223K(667648K)
[547.515s][info][gc,metaspace   ] GC(1818) Metaspace: 18937K(19072K)->18937K(19072K) NonClass: 17107K(17216K)->17107K(17216K) Class: 1829K(1856K)->1829K(1856K)
[547.515s][info][gc             ] GC(1818) Pause Full (Allocation Failure) 736M->506M(869M) 817.794ms
[547.515s][info][gc,cpu         ] GC(1818) User=1.57s Sys=0.00s Real=0.82s
[548.039s][info][gc,start       ] GC(1819) Pause Young (Allocation Failure)
[548.042s][info][gc,heap        ] GC(1819) PSYoungGen: 111616K(222720K)->1216K(222720K) Eden: 111616K(111616K)->0K(111616K) From: 0K(111104K)->1216K(111104K)
[548.042s][info][gc,heap        ] GC(1819) ParOldGen: 518223K(667648K)->518223K(667648K)
[548.042s][info][gc,metaspace   ] GC(1819) Metaspace: 18938K(19072K)->18938K(19072K) NonClass: 17109K(17216K)->17109K(17216K) Class: 1829K(1856K)->1829K(1856K)
[548.042s][info][gc             ] GC(1819) Pause Young (Allocation Failure) 615M->507M(869M) 3.343ms
[548.042s][info][gc,cpu         ] GC(1819) User=0.00s Sys=0.00s Real=0.00s
[548.339s][info][gc,start       ] GC(1820) Pause Young (Allocation Failure)
[548.343s][info][gc,heap        ] GC(1820) PSYoungGen: 112592K(222720K)->1866K(222720K) Eden: 111376K(111616K)->0K(111616K) From: 1216K(111104K)->1866K(111104K)
[548.343s][info][gc,heap        ] GC(1820) ParOldGen: 518223K(667648K)->518223K(667648K)
[548.343s][info][gc,metaspace   ] GC(1820) Metaspace: 18945K(19072K)->18945K(19072K) NonClass: 17115K(17216K)->17115K(17216K) Class: 1829K(1856K)->1829K(1856K)
[548.343s][info][gc             ] GC(1820) Pause Young (Allocation Failure) 616M->507M(869M) 3.495ms
[548.343s][info][gc,cpu         ] GC(1820) User=0.00s Sys=0.00s Real=0.00s
[548.598s][info][gc,start       ] GC(1821) Pause Young (Allocation Failure)
[548.602s][info][gc,heap        ] GC(1821) PSYoungGen: 113482K(222720K)->384K(222720K) Eden: 111616K(111616K)->0K(111616K) From: 1866K(111104K)->384K(111104K)
[548.602s][info][gc,heap        ] GC(1821) ParOldGen: 518223K(667648K)->519567K(667648K)
[548.602s][info][gc,metaspace   ] GC(1821) Metaspace: 18946K(19072K)->18946K(19072K) NonClass: 17116K(17216K)->17116K(17216K) Class: 1829K(1856K)->1829K(1856K)
[548.602s][info][gc             ] GC(1821) Pause Young (Allocation Failure) 616M->507M(869M) 3.452ms
[548.602s][info][gc,cpu         ] GC(1821) User=0.01s Sys=0.00s Real=0.00s
[548.861s][info][gc,start       ] GC(1822) Pause Young (Allocation Failure)
[548.863s][info][gc,heap        ] GC(1822) PSYoungGen: 112000K(222720K)->468K(222720K) Eden: 111616K(111616K)->0K(111616K) From: 384K(111104K)->468K(111104K)
[548.863s][info][gc,heap        ] GC(1822) ParOldGen: 519567K(667648K)->519687K(667648K)
[548.863s][info][gc,metaspace   ] GC(1822) Metaspace: 18946K(19072K)->18946K(19072K) NonClass: 17116K(17216K)->17116K(17216K) Class: 1829K(1856K)->1829K(1856K)
[548.863s][info][gc             ] GC(1822) Pause Young (Allocation Failure) 616M->507M(869M) 2.003ms
[548.863s][info][gc,cpu         ] GC(1822) User=0.01s Sys=0.00s Real=0.00s
[548.993s][info][gc,start       ] GC(1823) Pause Young (Allocation Failure)
[549.020s][info][gc,heap        ] GC(1823) PSYoungGen: 112084K(222720K)->34576K(222720K) Eden: 111616K(111616K)->0K(111616K) From: 468K(111104K)->34576K(111104K)
[549.020s][info][gc,heap        ] GC(1823) ParOldGen: 519687K(667648K)->519799K(667648K)
[549.020s][info][gc,metaspace   ] GC(1823) Metaspace: 18953K(19072K)->18953K(19072K) NonClass: 17123K(17216K)->17123K(17216K) Class: 1829K(1856K)->1829K(1856K)
[549.020s][info][gc             ] GC(1823) Pause Young (Allocation Failure) 616M->541M(869M) 27.708ms
[549.020s][info][gc,cpu         ] GC(1823) User=0.05s Sys=0.00s Real=0.03s
[549.107s][info][gc,start       ] GC(1824) Pause Young (Allocation Failure)
[549.167s][info][gc,heap        ] GC(1824) PSYoungGen: 146192K(222720K)->79920K(222720K) Eden: 111616K(111616K)->0K(111616K) From: 34576K(111104K)->79920K(111104K)
[549.167s][info][gc,heap        ] GC(1824) ParOldGen: 519799K(667648K)->519799K(667648K)
[549.167s][info][gc,metaspace   ] GC(1824) Metaspace: 18957K(19072K)->18957K(19072K) NonClass: 17127K(17216K)->17127K(17216K) Class: 1829K(1856K)->1829K(1856K)
[549.167s][info][gc             ] GC(1824) Pause Young (Allocation Failure) 650M->585M(869M) 60.156ms
[549.167s][info][gc,cpu         ] GC(1824) User=0.11s Sys=0.00s Real=0.06s
[549.266s][info][gc,start       ] GC(1825) Pause Young (Allocation Failure)
[549.342s][info][gc,heap        ] GC(1825) PSYoungGen: 191536K(222720K)->29440K(222720K) Eden: 111616K(111616K)->0K(111616K) From: 79920K(111104K)->29440K(111104K)
[549.342s][info][gc,heap        ] GC(1825) ParOldGen: 519799K(667648K)->600248K(667648K)
[549.342s][info][gc,metaspace   ] GC(1825) Metaspace: 18957K(19072K)->18957K(19072K) NonClass: 17127K(17216K)->17127K(17216K) Class: 1829K(1856K)->1829K(1856K)
[549.342s][info][gc             ] GC(1825) Pause Young (Allocation Failure) 694M->614M(869M) 76.745ms
[549.342s][info][gc,cpu         ] GC(1825) User=0.15s Sys=0.00s Real=0.07s
[549.494s][info][gc,start       ] GC(1826) Pause Young (Allocation Failure)
[549.546s][info][gc,heap        ] GC(1826) PSYoungGen: 141056K(222720K)->42896K(219648K) Eden: 111616K(111616K)->0K(111616K) From: 29440K(111104K)->42896K(108032K)
[549.547s][info][gc,heap        ] GC(1826) ParOldGen: 600248K(667648K)->629868K(667648K)
[549.547s][info][gc,metaspace   ] GC(1826) Metaspace: 18957K(19072K)->18957K(19072K) NonClass: 17127K(17216K)->17127K(17216K) Class: 1829K(1856K)->1829K(1856K)
[549.547s][info][gc             ] GC(1826) Pause Young (Allocation Failure) 723M->656M(866M) 52.481ms
[549.547s][info][gc,cpu         ] GC(1826) User=0.10s Sys=0.00s Real=0.05s
[549.784s][info][gc,start       ] GC(1827) Pause Full (Allocation Failure)
[549.784s][info][gc,phases,start] GC(1827) Marking Phase
[549.920s][info][gc,phases      ] GC(1827) Marking Phase 136.762ms
[549.921s][info][gc,phases,start] GC(1827) Summary Phase
[549.921s][info][gc,phases      ] GC(1827) Summary Phase 0.028ms
[549.921s][info][gc,phases,start] GC(1827) Forward
[549.969s][info][gc,phases      ] GC(1827) Forward 48.902ms
[549.970s][info][gc,phases,start] GC(1827) Adjust Pointers
[550.066s][info][gc,phases      ] GC(1827) Adjust Pointers 96.706ms
[550.066s][info][gc,phases,start] GC(1827) Compaction Phase
[550.126s][info][gc,phases      ] GC(1827) Compaction Phase 59.352ms
[550.127s][info][gc,phases,start] GC(1827) Post Compact
[550.130s][info][gc,phases      ] GC(1827) Post Compact 2.344ms
[550.142s][info][gc,heap        ] GC(1827) PSYoungGen: 154512K(219648K)->0K(221184K) Eden: 111616K(111616K)->0K(111616K) From: 42896K(108032K)->0K(109568K)
[550.142s][info][gc,heap        ] GC(1827) ParOldGen: 629868K(667648K)->229161K(525312K)
[550.142s][info][gc,metaspace   ] GC(1827) Metaspace: 18957K(19072K)->18957K(19072K) NonClass: 17127K(17216K)->17127K(17216K) Class: 1829K(1856K)->1829K(1856K)
[550.142s][info][gc             ] GC(1827) Pause Full (Allocation Failure) 765M->223M(729M) 358.092ms
[550.142s][info][gc,cpu         ] GC(1827) User=0.64s Sys=0.01s Real=0.35s
[550.267s][info][gc,start       ] GC(1828) Pause Young (Allocation Failure)
[550.289s][info][gc,heap        ] GC(1828) PSYoungGen: 111616K(221184K)->15867K(215040K) Eden: 111616K(111616K)->0K(114688K) From: 0K(109568K)->15867K(100352K)
[550.290s][info][gc,heap        ] GC(1828) ParOldGen: 229161K(525312K)->229161K(525312K)
[550.290s][info][gc,metaspace   ] GC(1828) Metaspace: 18959K(19072K)->18959K(19072K) NonClass: 17130K(17216K)->17130K(17216K) Class: 1829K(1856K)->1829K(1856K)
[550.290s][info][gc             ] GC(1828) Pause Young (Allocation Failure) 332M->239M(723M) 22.991ms
[550.290s][info][gc,cpu         ] GC(1828) User=0.04s Sys=0.00s Real=0.02s
[550.392s][info][gc,start       ] GC(1829) Pause Young (Allocation Failure)
[550.439s][info][gc,heap        ] GC(1829) PSYoungGen: 130555K(215040K)->33723K(148480K) Eden: 114688K(114688K)->0K(114688K) From: 15867K(100352K)->33723K(33792K)
[550.439s][info][gc,heap        ] GC(1829) ParOldGen: 229161K(525312K)->229161K(525312K)
[550.439s][info][gc,metaspace   ] GC(1829) Metaspace: 18959K(19072K)->18959K(19072K) NonClass: 17130K(17216K)->17130K(17216K) Class: 1829K(1856K)->1829K(1856K)
[550.439s][info][gc             ] GC(1829) Pause Young (Allocation Failure) 351M->256M(658M) 47.070ms
[550.439s][info][gc,cpu         ] GC(1829) User=0.10s Sys=0.00s Real=0.05s
[550.547s][info][gc,start       ] GC(1830) Pause Young (Allocation Failure)
[550.599s][info][gc,heap        ] GC(1830) PSYoungGen: 148411K(148480K)->42139K(215040K) Eden: 114688K(114688K)->0K(121344K) From: 33723K(33792K)->42139K(93696K)
[550.599s][info][gc,heap        ] GC(1830) ParOldGen: 229161K(525312K)->229161K(525312K)
[550.599s][info][gc,metaspace   ] GC(1830) Metaspace: 18959K(19072K)->18959K(19072K) NonClass: 17130K(17216K)->17130K(17216K) Class: 1829K(1856K)->1829K(1856K)
[550.599s][info][gc             ] GC(1830) Pause Young (Allocation Failure) 368M->264M(723M) 52.371ms
[550.599s][info][gc,cpu         ] GC(1830) User=0.11s Sys=0.00s Real=0.05s
[550.725s][info][gc,start       ] GC(1831) Pause Young (Allocation Failure)
[550.783s][info][gc,heap        ] GC(1831) PSYoungGen: 163483K(215040K)->49851K(217088K) Eden: 121344K(121344K)->0K(121344K) From: 42139K(93696K)->49851K(95744K)
[550.784s][info][gc,heap        ] GC(1831) ParOldGen: 229161K(525312K)->229161K(525312K)
[550.784s][info][gc,metaspace   ] GC(1831) Metaspace: 18959K(19072K)->18959K(19072K) NonClass: 17130K(17216K)->17130K(17216K) Class: 1829K(1856K)->1829K(1856K)
[550.784s][info][gc             ] GC(1831) Pause Young (Allocation Failure) 383M->272M(725M) 58.787ms
[550.784s][info][gc,cpu         ] GC(1831) User=0.12s Sys=0.00s Real=0.06s
[550.911s][info][gc,start       ] GC(1832) Pause Young (Allocation Failure)
[550.972s][info][gc,heap        ] GC(1832) PSYoungGen: 171195K(217088K)->53595K(223744K) Eden: 121344K(121344K)->0K(128000K) From: 49851K(95744K)->53595K(95744K)
[550.972s][info][gc,heap        ] GC(1832) ParOldGen: 229161K(525312K)->229161K(525312K)
[550.972s][info][gc,metaspace   ] GC(1832) Metaspace: 18959K(19072K)->18959K(19072K) NonClass: 17130K(17216K)->17130K(17216K) Class: 1829K(1856K)->1829K(1856K)
[550.972s][info][gc             ] GC(1832) Pause Young (Allocation Failure) 390M->276M(731M) 61.296ms
[550.972s][info][gc,cpu         ] GC(1832) User=0.12s Sys=0.00s Real=0.06s
[551.085s][info][gc,start       ] GC(1833) Pause Young (Allocation Failure)
[551.146s][info][gc,heap        ] GC(1833) PSYoungGen: 181595K(223744K)->53659K(224768K) Eden: 128000K(128000K)->0K(128000K) From: 53595K(95744K)->53659K(96768K)
[551.146s][info][gc,heap        ] GC(1833) ParOldGen: 229161K(525312K)->229161K(525312K)
[551.146s][info][gc,metaspace   ] GC(1833) Metaspace: 18959K(19072K)->18959K(19072K) NonClass: 17130K(17216K)->17130K(17216K) Class: 1829K(1856K)->1829K(1856K)
[551.146s][info][gc             ] GC(1833) Pause Young (Allocation Failure) 401M->276M(732M) 61.490ms
[551.146s][info][gc,cpu         ] GC(1833) User=0.13s Sys=0.00s Real=0.06s
[551.244s][info][gc,start       ] GC(1834) Pause Young (Allocation Failure)
[551.327s][info][gc,heap        ] GC(1834) PSYoungGen: 181659K(224768K)->77531K(219136K) Eden: 128000K(128000K)->0K(121856K) From: 53659K(96768K)->77531K(97280K)
[551.327s][info][gc,heap        ] GC(1834) ParOldGen: 229161K(525312K)->229161K(525312K)
[551.327s][info][gc,metaspace   ] GC(1834) Metaspace: 18959K(19072K)->18959K(19072K) NonClass: 17130K(17216K)->17130K(17216K) Class: 1829K(1856K)->1829K(1856K)
[551.327s][info][gc             ] GC(1834) Pause Young (Allocation Failure) 401M->299M(727M) 82.476ms
[551.327s][info][gc,cpu         ] GC(1834) User=0.16s Sys=0.00s Real=0.08s
[551.385s][info][gc,start       ] GC(1835) Pause Young (Allocation Failure)
[551.485s][info][gc,heap        ] GC(1835) PSYoungGen: 199387K(219136K)->101634K(223744K) Eden: 121856K(121856K)->0K(121856K) From: 77531K(97280K)->101634K(101888K)
[551.485s][info][gc,heap        ] GC(1835) ParOldGen: 229161K(525312K)->229161K(525312K)
[551.485s][info][gc,metaspace   ] GC(1835) Metaspace: 18963K(19072K)->18963K(19072K) NonClass: 17133K(17216K)->17133K(17216K) Class: 1829K(1856K)->1829K(1856K)
[551.485s][info][gc             ] GC(1835) Pause Young (Allocation Failure) 418M->323M(731M) 99.937ms
[551.485s][info][gc,cpu         ] GC(1835) User=0.20s Sys=0.00s Real=0.10s
[551.606s][info][gc,start       ] GC(1836) Pause Young (Allocation Failure)
[551.736s][info][gc,heap        ] GC(1836) PSYoungGen: 223490K(223744K)->108947K(221696K) Eden: 121856K(121856K)->0K(111616K) From: 101634K(101888K)->108947K(110080K)
[551.736s][info][gc,heap        ] GC(1836) ParOldGen: 229161K(525312K)->244504K(525312K)
[551.736s][info][gc,metaspace   ] GC(1836) Metaspace: 18963K(19072K)->18963K(19072K) NonClass: 17133K(17216K)->17133K(17216K) Class: 1829K(1856K)->1829K(1856K)
[551.736s][info][gc             ] GC(1836) Pause Young (Allocation Failure) 442M->345M(729M) 130.008ms
[551.736s][info][gc,cpu         ] GC(1836) User=0.24s Sys=0.01s Real=0.13s
[551.834s][info][gc,start       ] GC(1837) Pause Young (Allocation Failure)
[551.941s][info][gc,heap        ] GC(1837) PSYoungGen: 220563K(221696K)->90803K(222720K) Eden: 111616K(111616K)->0K(111616K) From: 108947K(110080K)->90803K(111104K)
[551.941s][info][gc,heap        ] GC(1837) ParOldGen: 244504K(525312K)->271392K(525312K)
[551.941s][info][gc,metaspace   ] GC(1837) Metaspace: 18963K(19072K)->18963K(19072K) NonClass: 17133K(17216K)->17133K(17216K) Class: 1829K(1856K)->1829K(1856K)
[551.941s][info][gc             ] GC(1837) Pause Young (Allocation Failure) 454M->353M(730M) 106.580ms
[551.941s][info][gc,cpu         ] GC(1837) User=0.21s Sys=0.00s Real=0.10s
[551.994s][info][gc,start       ] GC(1838) Pause Young (Allocation Failure)
[552.081s][info][gc,heap        ] GC(1838) PSYoungGen: 202419K(222720K)->84003K(222720K) Eden: 111616K(111616K)->0K(111616K) From: 90803K(111104K)->84003K(111104K)
[552.081s][info][gc,heap        ] GC(1838) ParOldGen: 271392K(525312K)->282876K(525312K)
[552.081s][info][gc,metaspace   ] GC(1838) Metaspace: 18963K(19072K)->18963K(19072K) NonClass: 17133K(17216K)->17133K(17216K) Class: 1829K(1856K)->1829K(1856K)
[552.081s][info][gc             ] GC(1838) Pause Young (Allocation Failure) 462M->358M(730M) 87.108ms
[552.081s][info][gc,cpu         ] GC(1838) User=0.18s Sys=0.00s Real=0.08s
[552.152s][info][gc,start       ] GC(1839) Pause Young (Allocation Failure)
[552.227s][info][gc,heap        ] GC(1839) PSYoungGen: 195619K(222720K)->62307K(222720K) Eden: 111616K(111616K)->0K(111616K) From: 84003K(111104K)->62307K(111104K)
[552.227s][info][gc,heap        ] GC(1839) ParOldGen: 282876K(525312K)->306924K(525312K)
[552.227s][info][gc,metaspace   ] GC(1839) Metaspace: 18963K(19072K)->18963K(19072K) NonClass: 17133K(17216K)->17133K(17216K) Class: 1829K(1856K)->1829K(1856K)
[552.227s][info][gc             ] GC(1839) Pause Young (Allocation Failure) 467M->360M(730M) 75.323ms
[552.227s][info][gc,cpu         ] GC(1839) User=0.15s Sys=0.01s Real=0.08s
[552.347s][info][gc,start       ] GC(1840) Pause Young (Allocation Failure)
[552.402s][info][gc,heap        ] GC(1840) PSYoungGen: 173923K(222720K)->17440K(222720K) Eden: 111616K(111616K)->0K(111616K) From: 62307K(111104K)->17440K(111104K)
[552.402s][info][gc,heap        ] GC(1840) ParOldGen: 306924K(525312K)->353911K(525312K)
[552.402s][info][gc,metaspace   ] GC(1840) Metaspace: 18963K(19072K)->18963K(19072K) NonClass: 17133K(17216K)->17133K(17216K) Class: 1829K(1856K)->1829K(1856K)
[552.402s][info][gc             ] GC(1840) Pause Young (Allocation Failure) 469M->362M(730M) 55.104ms
[552.402s][info][gc,cpu         ] GC(1840) User=0.11s Sys=0.00s Real=0.05s
[552.789s][info][gc,start       ] GC(1841) Pause Young (Allocation Failure)
[552.809s][info][gc,heap        ] GC(1841) PSYoungGen: 129056K(222720K)->4192K(222720K) Eden: 111616K(111616K)->0K(111616K) From: 17440K(111104K)->4192K(111104K)
[552.809s][info][gc,heap        ] GC(1841) ParOldGen: 353911K(525312K)->367535K(525312K)
[552.809s][info][gc,metaspace   ] GC(1841) Metaspace: 18964K(19072K)->18964K(19072K) NonClass: 17134K(17216K)->17134K(17216K) Class: 1829K(1856K)->1829K(1856K)
[552.809s][info][gc             ] GC(1841) Pause Young (Allocation Failure) 471M->363M(730M) 20.405ms
[552.809s][info][gc,cpu         ] GC(1841) User=0.04s Sys=0.00s Real=0.02s
[553.030s][info][gc,start       ] GC(1842) Pause Young (Allocation Failure)
[553.049s][info][gc,heap        ] GC(1842) PSYoungGen: 115808K(222720K)->14176K(222720K) Eden: 111616K(111616K)->0K(111616K) From: 4192K(111104K)->14176K(111104K)
[553.049s][info][gc,heap        ] GC(1842) ParOldGen: 367535K(525312K)->371375K(525312K)
[553.049s][info][gc,metaspace   ] GC(1842) Metaspace: 18964K(19072K)->18964K(19072K) NonClass: 17134K(17216K)->17134K(17216K) Class: 1829K(1856K)->1829K(1856K)
[553.049s][info][gc             ] GC(1842) Pause Young (Allocation Failure) 472M->376M(730M) 19.195ms
[553.049s][info][gc,cpu         ] GC(1842) User=0.03s Sys=0.00s Real=0.02s
[553.169s][info][gc,start       ] GC(1843) Pause Young (Allocation Failure)
[553.221s][info][gc,heap        ] GC(1843) PSYoungGen: 125792K(222720K)->42336K(222720K) Eden: 111616K(111616K)->0K(111616K) From: 14176K(111104K)->42336K(111104K)
[553.221s][info][gc,heap        ] GC(1843) ParOldGen: 371375K(525312K)->385553K(525312K)
[553.221s][info][gc,metaspace   ] GC(1843) Metaspace: 18966K(19072K)->18966K(19072K) NonClass: 17137K(17216K)->17137K(17216K) Class: 1829K(1856K)->1829K(1856K)
[553.221s][info][gc             ] GC(1843) Pause Young (Allocation Failure) 485M->417M(730M) 51.632ms
[553.221s][info][gc,cpu         ] GC(1843) User=0.10s Sys=0.00s Real=0.05s
[553.349s][info][gc,start       ] GC(1844) Pause Young (Allocation Failure)
[553.408s][info][gc,heap        ] GC(1844) PSYoungGen: 153952K(222720K)->23776K(222720K) Eden: 111616K(111616K)->0K(111616K) From: 42336K(111104K)->23776K(111104K)
[553.408s][info][gc,heap        ] GC(1844) ParOldGen: 385553K(525312K)->428094K(525312K)
[553.408s][info][gc,metaspace   ] GC(1844) Metaspace: 18966K(19072K)->18966K(19072K) NonClass: 17137K(17216K)->17137K(17216K) Class: 1829K(1856K)->1829K(1856K)
[553.408s][info][gc             ] GC(1844) Pause Young (Allocation Failure) 526M->441M(730M) 59.271ms
[553.408s][info][gc,cpu         ] GC(1844) User=0.12s Sys=0.00s Real=0.06s
[553.522s][info][gc,start       ] GC(1845) Pause Young (Allocation Failure)
[553.556s][info][gc,heap        ] GC(1845) PSYoungGen: 135392K(222720K)->7616K(222720K) Eden: 111616K(111616K)->0K(111616K) From: 23776K(111104K)->7616K(111104K)
[553.556s][info][gc,heap        ] GC(1845) ParOldGen: 428094K(525312K)->452058K(525312K)
[553.556s][info][gc,metaspace   ] GC(1845) Metaspace: 18966K(19072K)->18966K(19072K) NonClass: 17137K(17216K)->17137K(17216K) Class: 1829K(1856K)->1829K(1856K)
[553.556s][info][gc             ] GC(1845) Pause Young (Allocation Failure) 550M->448M(730M) 33.905ms
[553.556s][info][gc,cpu         ] GC(1845) User=0.07s Sys=0.00s Real=0.04s
[553.656s][info][gc,start       ] GC(1846) Pause Young (Allocation Failure)
[553.665s][info][gc,heap        ] GC(1846) PSYoungGen: 119232K(222720K)->896K(222720K) Eden: 111616K(111616K)->0K(111616K) From: 7616K(111104K)->896K(111104K)
[553.666s][info][gc,heap        ] GC(1846) ParOldGen: 452058K(525312K)->459682K(525312K)
[553.666s][info][gc,metaspace   ] GC(1846) Metaspace: 18966K(19072K)->18966K(19072K) NonClass: 17137K(17216K)->17137K(17216K) Class: 1829K(1856K)->1829K(1856K)
[553.666s][info][gc             ] GC(1846) Pause Young (Allocation Failure) 557M->449M(730M) 9.911ms
[553.666s][info][gc,cpu         ] GC(1846) User=0.02s Sys=0.00s Real=0.01s
[553.776s][info][gc,start       ] GC(1847) Pause Young (Allocation Failure)
[553.781s][info][gc,heap        ] GC(1847) PSYoungGen: 112512K(222720K)->1312K(222720K) Eden: 111616K(111616K)->0K(111616K) From: 896K(111104K)->1312K(111104K)
[553.781s][info][gc,heap        ] GC(1847) ParOldGen: 459682K(525312K)->460546K(525312K)
[553.781s][info][gc,metaspace   ] GC(1847) Metaspace: 18966K(19072K)->18966K(19072K) NonClass: 17137K(17216K)->17137K(17216K) Class: 1829K(1856K)->1829K(1856K)
[553.781s][info][gc             ] GC(1847) Pause Young (Allocation Failure) 558M->451M(730M) 4.713ms
[553.781s][info][gc,cpu         ] GC(1847) User=0.01s Sys=0.00s Real=0.00s
[554.099s][info][gc,start       ] GC(1848) Pause Young (Allocation Failure)
[554.103s][info][gc,heap        ] GC(1848) PSYoungGen: 112928K(222720K)->320K(222720K) Eden: 111616K(111616K)->0K(111616K) From: 1312K(111104K)->320K(111104K)
[554.103s][info][gc,heap        ] GC(1848) ParOldGen: 460546K(525312K)->461834K(525312K)
[554.103s][info][gc,metaspace   ] GC(1848) Metaspace: 18966K(19072K)->18966K(19072K) NonClass: 17137K(17216K)->17137K(17216K) Class: 1829K(1856K)->1829K(1856K)
[554.103s][info][gc             ] GC(1848) Pause Young (Allocation Failure) 560M->451M(730M) 4.051ms
[554.103s][info][gc,cpu         ] GC(1848) User=0.00s Sys=0.00s Real=0.00s
[554.248s][info][gc,start       ] GC(1849) Pause Young (Allocation Failure)
[554.287s][info][gc,heap        ] GC(1849) PSYoungGen: 111936K(222720K)->42208K(222720K) Eden: 111616K(111616K)->0K(111616K) From: 320K(111104K)->42208K(111104K)
[554.287s][info][gc,heap        ] GC(1849) ParOldGen: 461834K(525312K)->462098K(525312K)
[554.287s][info][gc,metaspace   ] GC(1849) Metaspace: 18966K(19072K)->18966K(19072K) NonClass: 17137K(17216K)->17137K(17216K) Class: 1829K(1856K)->1829K(1856K)
[554.287s][info][gc             ] GC(1849) Pause Young (Allocation Failure) 560M->492M(730M) 39.177ms
[554.287s][info][gc,cpu         ] GC(1849) User=0.08s Sys=0.00s Real=0.04s
[554.405s][info][gc,start       ] GC(1850) Pause Young (Allocation Failure)
[554.491s][info][gc,heap        ] GC(1850) PSYoungGen: 153824K(222720K)->96608K(222720K) Eden: 111616K(111616K)->0K(111616K) From: 42208K(111104K)->96608K(111104K)
[554.491s][info][gc,heap        ] GC(1850) ParOldGen: 462098K(525312K)->462098K(525312K)
[554.491s][info][gc,metaspace   ] GC(1850) Metaspace: 18966K(19072K)->18966K(19072K) NonClass: 17137K(17216K)->17137K(17216K) Class: 1829K(1856K)->1829K(1856K)
[554.491s][info][gc             ] GC(1850) Pause Young (Allocation Failure) 601M->545M(730M) 86.738ms
[554.491s][info][gc,cpu         ] GC(1850) User=0.17s Sys=0.00s Real=0.08s
[554.606s][info][gc,start       ] GC(1851) Pause Young (Allocation Failure)
[554.756s][info][gc,heap        ] GC(1851) PSYoungGen: 208224K(222720K)->50392K(222720K) Eden: 111616K(111616K)->0K(111616K) From: 96608K(111104K)->50392K(111104K)
[554.756s][info][gc,heap        ] GC(1851) ParOldGen: 462098K(525312K)->558986K(559104K)
[554.756s][info][gc,metaspace   ] GC(1851) Metaspace: 18970K(19072K)->18970K(19072K) NonClass: 17140K(17216K)->17140K(17216K) Class: 1829K(1856K)->1829K(1856K)
[554.756s][info][gc             ] GC(1851) Pause Young (Allocation Failure) 654M->595M(763M) 150.090ms
[554.756s][info][gc,cpu         ] GC(1851) User=0.27s Sys=0.03s Real=0.15s
[554.836s][info][gc,start       ] GC(1852) Pause Young (Allocation Failure)
[554.926s][info][gc,heap        ] GC(1852) PSYoungGen: 162008K(222720K)->32585K(222720K) Eden: 111616K(111616K)->0K(111616K) From: 50392K(111104K)->32585K(111104K)
[554.926s][info][gc,heap        ] GC(1852) ParOldGen: 558986K(559104K)->607833K(608256K)
[554.926s][info][gc,metaspace   ] GC(1852) Metaspace: 18971K(19072K)->18971K(19072K) NonClass: 17142K(17216K)->17142K(17216K) Class: 1829K(1856K)->1829K(1856K)
[554.926s][info][gc             ] GC(1852) Pause Young (Allocation Failure) 704M->625M(811M) 90.368ms
[554.926s][info][gc,cpu         ] GC(1852) User=0.14s Sys=0.05s Real=0.09s
[555.024s][info][gc,start       ] GC(1853) Pause Full (Allocation Failure)
[555.024s][info][gc,phases,start] GC(1853) Marking Phase
[555.090s][info][gc,phases      ] GC(1853) Marking Phase 65.977ms
[555.090s][info][gc,phases,start] GC(1853) Summary Phase
[555.090s][info][gc,phases      ] GC(1853) Summary Phase 0.029ms
[555.090s][info][gc,phases,start] GC(1853) Forward
[555.104s][info][gc,phases      ] GC(1853) Forward 13.710ms
[555.104s][info][gc,phases,start] GC(1853) Adjust Pointers
[555.149s][info][gc,phases      ] GC(1853) Adjust Pointers 44.993ms
[555.149s][info][gc,phases,start] GC(1853) Compaction Phase
[555.171s][info][gc,phases      ] GC(1853) Compaction Phase 22.438ms
[555.174s][info][gc,phases,start] GC(1853) Post Compact
[555.177s][info][gc,phases      ] GC(1853) Post Compact 2.296ms
[555.192s][info][gc,heap        ] GC(1853) PSYoungGen: 144201K(222720K)->0K(222720K) Eden: 111616K(111616K)->0K(111616K) From: 32585K(111104K)->0K(111104K)
[555.192s][info][gc,heap        ] GC(1853) ParOldGen: 607833K(608256K)->109685K(427520K)
[555.192s][info][gc,metaspace   ] GC(1853) Metaspace: 18975K(19072K)->18975K(19072K) NonClass: 17145K(17216K)->17145K(17216K) Class: 1829K(1856K)->1829K(1856K)
[555.192s][info][gc             ] GC(1853) Pause Full (Allocation Failure) 734M->107M(635M) 168.357ms
[555.192s][info][gc,cpu         ] GC(1853) User=0.28s Sys=0.02s Real=0.16s
[555.257s][info][gc,start       ] GC(1854) Pause Young (Allocation Failure)
[555.261s][info][gc,heap        ] GC(1854) PSYoungGen: 111616K(222720K)->2976K(222720K) Eden: 111616K(111616K)->0K(111616K) From: 0K(111104K)->2976K(111104K)
[555.261s][info][gc,heap        ] GC(1854) ParOldGen: 109685K(427520K)->109685K(427520K)
[555.261s][info][gc,metaspace   ] GC(1854) Metaspace: 18975K(19072K)->18975K(19072K) NonClass: 17145K(17216K)->17145K(17216K) Class: 1829K(1856K)->1829K(1856K)
[555.261s][info][gc             ] GC(1854) Pause Young (Allocation Failure) 216M->110M(635M) 3.914ms
[555.261s][info][gc,cpu         ] GC(1854) User=0.01s Sys=0.00s Real=0.00s
[555.315s][info][gc,start       ] GC(1855) Pause Young (Allocation Failure)
[555.330s][info][gc,heap        ] GC(1855) PSYoungGen: 114592K(222720K)->16304K(128000K) Eden: 111616K(111616K)->0K(111616K) From: 2976K(111104K)->16304K(16384K)
[555.330s][info][gc,heap        ] GC(1855) ParOldGen: 109685K(427520K)->112645K(427520K)
[555.330s][info][gc,metaspace   ] GC(1855) Metaspace: 18975K(19072K)->18975K(19072K) NonClass: 17145K(17216K)->17145K(17216K) Class: 1829K(1856K)->1829K(1856K)
[555.330s][info][gc             ] GC(1855) Pause Young (Allocation Failure) 219M->125M(542M) 14.852ms
[555.330s][info][gc,cpu         ] GC(1855) User=0.03s Sys=0.00s Real=0.01s
[555.377s][info][gc,start       ] GC(1856) Pause Young (Allocation Failure)
[555.411s][info][gc,heap        ] GC(1856) PSYoungGen: 127920K(128000K)->52608K(220672K) Eden: 111616K(111616K)->0K(111616K) From: 16304K(16384K)->52608K(109056K)
[555.411s][info][gc,heap        ] GC(1856) ParOldGen: 112645K(427520K)->112645K(427520K)
[555.411s][info][gc,metaspace   ] GC(1856) Metaspace: 18975K(19072K)->18975K(19072K) NonClass: 17145K(17216K)->17145K(17216K) Class: 1829K(1856K)->1829K(1856K)
[555.411s][info][gc             ] GC(1856) Pause Young (Allocation Failure) 234M->161M(633M) 34.337ms
[555.411s][info][gc,cpu         ] GC(1856) User=0.06s Sys=0.00s Real=0.03s
[555.508s][info][gc,start       ] GC(1857) Pause Young (Allocation Failure)
[555.551s][info][gc,heap        ] GC(1857) PSYoungGen: 164224K(220672K)->71728K(220672K) Eden: 111616K(111616K)->0K(111616K) From: 52608K(109056K)->71728K(109056K)
[555.551s][info][gc,heap        ] GC(1857) ParOldGen: 112645K(427520K)->112645K(427520K)
[555.551s][info][gc,metaspace   ] GC(1857) Metaspace: 18976K(19072K)->18976K(19072K) NonClass: 17147K(17216K)->17147K(17216K) Class: 1829K(1856K)->1829K(1856K)
[555.551s][info][gc             ] GC(1857) Pause Young (Allocation Failure) 270M->180M(633M) 42.445ms
[555.551s][info][gc,cpu         ] GC(1857) User=0.08s Sys=0.00s Real=0.04s
[555.664s][info][gc,start       ] GC(1858) Pause Young (Allocation Failure)
[555.710s][info][gc,heap        ] GC(1858) PSYoungGen: 183344K(220672K)->21632K(223232K) Eden: 111616K(111616K)->0K(112128K) From: 71728K(109056K)->21632K(111104K)
[555.710s][info][gc,heap        ] GC(1858) ParOldGen: 112645K(427520K)->165853K(427520K)
[555.710s][info][gc,metaspace   ] GC(1858) Metaspace: 18976K(19072K)->18976K(19072K) NonClass: 17147K(17216K)->17147K(17216K) Class: 1829K(1856K)->1829K(1856K)
[555.710s][info][gc             ] GC(1858) Pause Young (Allocation Failure) 289M->183M(635M) 45.804ms
[555.710s][info][gc,cpu         ] GC(1858) User=0.09s Sys=0.00s Real=0.04s
[555.879s][info][gc,start       ] GC(1859) Pause Young (Allocation Failure)
[555.927s][info][gc,heap        ] GC(1859) PSYoungGen: 133760K(223232K)->40740K(153088K) Eden: 112128K(112128K)->0K(112128K) From: 21632K(111104K)->40740K(40960K)
[555.927s][info][gc,heap        ] GC(1859) ParOldGen: 165853K(427520K)->165853K(427520K)
[555.927s][info][gc,metaspace   ] GC(1859) Metaspace: 18976K(19072K)->18976K(19072K) NonClass: 17147K(17216K)->17147K(17216K) Class: 1829K(1856K)->1829K(1856K)
[555.927s][info][gc             ] GC(1859) Pause Young (Allocation Failure) 292M->201M(567M) 48.393ms
[555.927s][info][gc,cpu         ] GC(1859) User=0.09s Sys=0.00s Real=0.05s
[556.059s][info][gc,start       ] GC(1860) Pause Young (Allocation Failure)
[556.119s][info][gc,heap        ] GC(1860) PSYoungGen: 152868K(153088K)->58148K(215552K) Eden: 112128K(112128K)->0K(111104K) From: 40740K(40960K)->58148K(104448K)
[556.119s][info][gc,heap        ] GC(1860) ParOldGen: 165853K(427520K)->165853K(427520K)
[556.119s][info][gc,metaspace   ] GC(1860) Metaspace: 18977K(19072K)->18977K(19072K) NonClass: 17148K(17216K)->17148K(17216K) Class: 1829K(1856K)->1829K(1856K)
[556.119s][info][gc             ] GC(1860) Pause Young (Allocation Failure) 311M->218M(628M) 60.279ms
[556.119s][info][gc,cpu         ] GC(1860) User=0.12s Sys=0.00s Real=0.06s
[556.199s][info][gc,start       ] GC(1861) Pause Young (Allocation Failure)
[556.317s][info][gc,heap        ] GC(1861) PSYoungGen: 169252K(215552K)->105444K(216576K) Eden: 111104K(111104K)->0K(111104K) From: 58148K(104448K)->105444K(105472K)
[556.317s][info][gc,heap        ] GC(1861) ParOldGen: 165853K(427520K)->178957K(427520K)
[556.317s][info][gc,metaspace   ] GC(1861) Metaspace: 18977K(19072K)->18977K(19072K) NonClass: 17148K(17216K)->17148K(17216K) Class: 1829K(1856K)->1829K(1856K)
[556.317s][info][gc             ] GC(1861) Pause Young (Allocation Failure) 327M->277M(629M) 118.484ms
[556.317s][info][gc,cpu         ] GC(1861) User=0.24s Sys=0.00s Real=0.12s
[556.390s][info][gc,start       ] GC(1862) Pause Young (Allocation Failure)
[556.522s][info][gc,heap        ] GC(1862) PSYoungGen: 216548K(216576K)->111092K(222720K) Eden: 111104K(111104K)->0K(111616K) From: 105444K(105472K)->111092K(111104K)
[556.522s][info][gc,heap        ] GC(1862) ParOldGen: 178957K(427520K)->205893K(427520K)
[556.522s][info][gc,metaspace   ] GC(1862) Metaspace: 18977K(19072K)->18977K(19072K) NonClass: 17148K(17216K)->17148K(17216K) Class: 1829K(1856K)->1829K(1856K)
[556.522s][info][gc             ] GC(1862) Pause Young (Allocation Failure) 386M->309M(635M) 132.129ms
[556.522s][info][gc,cpu         ] GC(1862) User=0.25s Sys=0.01s Real=0.13s
[556.557s][info][gc,start       ] GC(1863) Pause Young (Allocation Failure)
[556.682s][info][gc,heap        ] GC(1863) PSYoungGen: 222708K(222720K)->111088K(222720K) Eden: 111616K(111616K)->0K(111616K) From: 111092K(111104K)->111088K(111104K)
[556.682s][info][gc,heap        ] GC(1863) ParOldGen: 205893K(427520K)->234293K(427520K)
[556.682s][info][gc,metaspace   ] GC(1863) Metaspace: 18977K(19072K)->18977K(19072K) NonClass: 17148K(17216K)->17148K(17216K) Class: 1829K(1856K)->1829K(1856K)
[556.682s][info][gc             ] GC(1863) Pause Young (Allocation Failure) 418M->337M(635M) 124.846ms
[556.682s][info][gc,cpu         ] GC(1863) User=0.25s Sys=0.00s Real=0.12s
[556.742s][info][gc,start       ] GC(1864) Pause Young (Allocation Failure)
[556.847s][info][gc,heap        ] GC(1864) PSYoungGen: 222704K(222720K)->47872K(222720K) Eden: 111616K(111616K)->0K(111616K) From: 111088K(111104K)->47872K(111104K)
[556.847s][info][gc,heap        ] GC(1864) ParOldGen: 234293K(427520K)->319269K(427520K)
[556.847s][info][gc,metaspace   ] GC(1864) Metaspace: 18977K(19072K)->18977K(19072K) NonClass: 17148K(17216K)->17148K(17216K) Class: 1829K(1856K)->1829K(1856K)
[556.847s][info][gc             ] GC(1864) Pause Young (Allocation Failure) 446M->358M(635M) 105.162ms
[556.847s][info][gc,cpu         ] GC(1864) User=0.21s Sys=0.00s Real=0.11s
[556.937s][info][gc,start       ] GC(1865) Pause Young (Allocation Failure)
[556.975s][info][gc,heap        ] GC(1865) PSYoungGen: 159488K(222720K)->1632K(222720K) Eden: 111616K(111616K)->0K(111616K) From: 47872K(111104K)->1632K(111104K)
[556.975s][info][gc,heap        ] GC(1865) ParOldGen: 319269K(427520K)->367629K(427520K)
[556.975s][info][gc,metaspace   ] GC(1865) Metaspace: 18977K(19072K)->18977K(19072K) NonClass: 17148K(17216K)->17148K(17216K) Class: 1829K(1856K)->1829K(1856K)
[556.975s][info][gc             ] GC(1865) Pause Young (Allocation Failure) 467M->360M(635M) 38.485ms
[556.975s][info][gc,cpu         ] GC(1865) User=0.07s Sys=0.00s Real=0.04s
[557.039s][info][gc,start       ] GC(1866) Pause Young (Allocation Failure)
[557.053s][info][gc,heap        ] GC(1866) PSYoungGen: 113248K(222720K)->4928K(222720K) Eden: 111616K(111616K)->0K(111616K) From: 1632K(111104K)->4928K(111104K)
[557.053s][info][gc,heap        ] GC(1866) ParOldGen: 367629K(427520K)->369229K(427520K)
[557.053s][info][gc,metaspace   ] GC(1866) Metaspace: 18977K(19072K)->18977K(19072K) NonClass: 17148K(17216K)->17148K(17216K) Class: 1829K(1856K)->1829K(1856K)
[557.053s][info][gc             ] GC(1866) Pause Young (Allocation Failure) 469M->365M(635M) 13.606ms
[557.053s][info][gc,cpu         ] GC(1866) User=0.03s Sys=0.00s Real=0.01s
[557.153s][info][gc,start       ] GC(1867) Pause Young (Allocation Failure)
[557.180s][info][gc,heap        ] GC(1867) PSYoungGen: 116544K(222720K)->8705K(222720K) Eden: 111616K(111616K)->0K(111616K) From: 4928K(111104K)->8705K(111104K)
[557.180s][info][gc,heap        ] GC(1867) ParOldGen: 369229K(427520K)->374141K(427520K)
[557.180s][info][gc,metaspace   ] GC(1867) Metaspace: 18977K(19072K)->18977K(19072K) NonClass: 17148K(17216K)->17148K(17216K) Class: 1829K(1856K)->1829K(1856K)
[557.180s][info][gc             ] GC(1867) Pause Young (Allocation Failure) 474M->373M(635M) 27.653ms
[557.180s][info][gc,cpu         ] GC(1867) User=0.06s Sys=0.00s Real=0.03s
[557.293s][info][gc,start       ] GC(1868) Pause Young (Allocation Failure)
[557.336s][info][gc,heap        ] GC(1868) PSYoungGen: 120321K(222720K)->24608K(222720K) Eden: 111616K(111616K)->0K(111616K) From: 8705K(111104K)->24608K(111104K)
[557.336s][info][gc,heap        ] GC(1868) ParOldGen: 374141K(427520K)->382338K(427520K)
[557.336s][info][gc,metaspace   ] GC(1868) Metaspace: 18977K(19072K)->18977K(19072K) NonClass: 17148K(17216K)->17148K(17216K) Class: 1829K(1856K)->1829K(1856K)
[557.336s][info][gc             ] GC(1868) Pause Young (Allocation Failure) 482M->397M(635M) 43.112ms
[557.336s][info][gc,cpu         ] GC(1868) User=0.09s Sys=0.00s Real=0.05s
[557.411s][info][gc,start       ] GC(1869) Pause Young (Allocation Failure)
[557.463s][info][gc,heap        ] GC(1869) PSYoungGen: 136224K(222720K)->25344K(222720K) Eden: 111616K(111616K)->0K(111616K) From: 24608K(111104K)->25344K(111104K)
[557.463s][info][gc,heap        ] GC(1869) ParOldGen: 382338K(427520K)->406986K(427520K)
[557.463s][info][gc,metaspace   ] GC(1869) Metaspace: 18977K(19072K)->18977K(19072K) NonClass: 17148K(17216K)->17148K(17216K) Class: 1829K(1856K)->1829K(1856K)
[557.463s][info][gc             ] GC(1869) Pause Young (Allocation Failure) 506M->422M(635M) 52.104ms
[557.463s][info][gc,cpu         ] GC(1869) User=0.11s Sys=0.00s Real=0.05s
[557.595s][info][gc,start       ] GC(1870) Pause Young (Allocation Failure)
[557.640s][info][gc,heap        ] GC(1870) PSYoungGen: 136960K(222720K)->14624K(222720K) Eden: 111616K(111616K)->0K(111616K) From: 25344K(111104K)->14624K(111104K)
[557.640s][info][gc,heap        ] GC(1870) ParOldGen: 406986K(427520K)->432392K(432640K)
[557.640s][info][gc,metaspace   ] GC(1870) Metaspace: 18977K(19072K)->18977K(19072K) NonClass: 17148K(17216K)->17148K(17216K) Class: 1829K(1856K)->1829K(1856K)
[557.640s][info][gc             ] GC(1870) Pause Young (Allocation Failure) 531M->436M(640M) 44.719ms
[557.640s][info][gc,cpu         ] GC(1870) User=0.09s Sys=0.00s Real=0.04s
[557.736s][info][gc,start       ] GC(1871) Pause Young (Allocation Failure)
[557.764s][info][gc,heap        ] GC(1871) PSYoungGen: 126240K(222720K)->4192K(222720K) Eden: 111616K(111616K)->0K(111616K) From: 14624K(111104K)->4192K(111104K)
[557.764s][info][gc,heap        ] GC(1871) ParOldGen: 432392K(432640K)->447040K(447488K)
[557.764s][info][gc,metaspace   ] GC(1871) Metaspace: 18977K(19072K)->18977K(19072K) NonClass: 17148K(17216K)->17148K(17216K) Class: 1829K(1856K)->1829K(1856K)
[557.764s][info][gc             ] GC(1871) Pause Young (Allocation Failure) 545M->440M(654M) 27.532ms
[557.764s][info][gc,cpu         ] GC(1871) User=0.04s Sys=0.01s Real=0.03s
[557.903s][info][gc,start       ] GC(1872) Pause Young (Allocation Failure)
[557.915s][info][gc,heap        ] GC(1872) PSYoungGen: 115808K(222720K)->576K(222720K) Eden: 111616K(111616K)->0K(111616K) From: 4192K(111104K)->576K(111104K)
[557.915s][info][gc,heap        ] GC(1872) ParOldGen: 447040K(447488K)->451208K(451584K)
[557.915s][info][gc,metaspace   ] GC(1872) Metaspace: 18977K(19072K)->18977K(19072K) NonClass: 17148K(17216K)->17148K(17216K) Class: 1829K(1856K)->1829K(1856K)
[557.915s][info][gc             ] GC(1872) Pause Young (Allocation Failure) 549M->441M(658M) 12.482ms
[557.915s][info][gc,cpu         ] GC(1872) User=0.02s Sys=0.01s Real=0.02s
[558.032s][info][gc,start       ] GC(1873) Pause Young (Allocation Failure)
[558.040s][info][gc,heap        ] GC(1873) PSYoungGen: 112192K(222720K)->3456K(222720K) Eden: 111616K(111616K)->0K(111616K) From: 576K(111104K)->3456K(111104K)
[558.040s][info][gc,heap        ] GC(1873) ParOldGen: 451208K(451584K)->451744K(452096K)
[558.040s][info][gc,metaspace   ] GC(1873) Metaspace: 18977K(19072K)->18977K(19072K) NonClass: 17148K(17216K)->17148K(17216K) Class: 1829K(1856K)->1829K(1856K)
[558.040s][info][gc             ] GC(1873) Pause Young (Allocation Failure) 550M->444M(659M) 7.496ms
[558.040s][info][gc,cpu         ] GC(1873) User=0.01s Sys=0.00s Real=0.01s
[558.211s][info][gc,start       ] GC(1874) Pause Young (Allocation Failure)
[558.229s][info][gc,heap        ] GC(1874) PSYoungGen: 115072K(222720K)->10496K(222720K) Eden: 111616K(111616K)->0K(111616K) From: 3456K(111104K)->10496K(111104K)
[558.229s][info][gc,heap        ] GC(1874) ParOldGen: 451744K(452096K)->455136K(455168K)
[558.229s][info][gc,metaspace   ] GC(1874) Metaspace: 18977K(19072K)->18977K(19072K) NonClass: 17148K(17216K)->17148K(17216K) Class: 1829K(1856K)->1829K(1856K)
[558.229s][info][gc             ] GC(1874) Pause Young (Allocation Failure) 553M->454M(662M) 17.536ms
[558.229s][info][gc,cpu         ] GC(1874) User=0.03s Sys=0.01s Real=0.02s
[558.413s][info][gc,start       ] GC(1875) Pause Young (Allocation Failure)
[558.443s][info][gc,heap        ] GC(1875) PSYoungGen: 122112K(222720K)->12480K(222720K) Eden: 111616K(111616K)->0K(111616K) From: 10496K(111104K)->12480K(111104K)
[558.443s][info][gc,heap        ] GC(1875) ParOldGen: 455136K(455168K)->465646K(465920K)
[558.443s][info][gc,metaspace   ] GC(1875) Metaspace: 18977K(19072K)->18977K(19072K) NonClass: 17148K(17216K)->17148K(17216K) Class: 1829K(1856K)->1829K(1856K)
[558.443s][info][gc             ] GC(1875) Pause Young (Allocation Failure) 563M->466M(672M) 29.970ms
[558.443s][info][gc,cpu         ] GC(1875) User=0.05s Sys=0.00s Real=0.03s
[558.795s][info][gc,start       ] GC(1876) Pause Young (Allocation Failure)
[558.815s][info][gc,heap        ] GC(1876) PSYoungGen: 124096K(222720K)->160K(221696K) Eden: 111616K(111616K)->0K(111616K) From: 12480K(111104K)->160K(110080K)
[558.815s][info][gc,heap        ] GC(1876) ParOldGen: 465646K(465920K)->478134K(478208K)
[558.815s][info][gc,metaspace   ] GC(1876) Metaspace: 18977K(19072K)->18977K(19072K) NonClass: 17148K(17216K)->17148K(17216K) Class: 1829K(1856K)->1829K(1856K)
[558.815s][info][gc             ] GC(1876) Pause Young (Allocation Failure) 575M->467M(683M) 20.218ms
[558.815s][info][gc,cpu         ] GC(1876) User=0.03s Sys=0.01s Real=0.02s
[559.106s][info][gc,start       ] GC(1877) Pause Young (Allocation Failure)
[559.109s][info][gc,heap        ] GC(1877) PSYoungGen: 111776K(221696K)->160K(112128K) Eden: 111616K(111616K)->0K(111616K) From: 160K(110080K)->160K(512K)
[559.109s][info][gc,heap        ] GC(1877) ParOldGen: 478134K(478208K)->478134K(478208K)
[559.109s][info][gc,metaspace   ] GC(1877) Metaspace: 18977K(19072K)->18977K(19072K) NonClass: 17148K(17216K)->17148K(17216K) Class: 1829K(1856K)->1829K(1856K)
[559.109s][info][gc             ] GC(1877) Pause Young (Allocation Failure) 576M->467M(576M) 2.701ms
[559.109s][info][gc,cpu         ] GC(1877) User=0.00s Sys=0.00s Real=0.00s
[559.380s][info][gc,start       ] GC(1878) Pause Young (Allocation Failure)
[559.391s][info][gc,heap        ] GC(1878) PSYoungGen: 111776K(112128K)->160K(212992K) Eden: 111616K(111616K)->0K(115200K) From: 160K(512K)->160K(97792K)
[559.392s][info][gc,heap        ] GC(1878) ParOldGen: 478134K(478208K)->478134K(478208K)
[559.392s][info][gc,metaspace   ] GC(1878) Metaspace: 18977K(19072K)->18977K(19072K) NonClass: 17148K(17216K)->17148K(17216K) Class: 1829K(1856K)->1829K(1856K)
[559.392s][info][gc             ] GC(1878) Pause Young (Allocation Failure) 576M->467M(675M) 11.245ms
[559.392s][info][gc,cpu         ] GC(1878) User=0.02s Sys=0.00s Real=0.01s
[559.638s][info][gc,start       ] GC(1879) Pause Young (Allocation Failure)
[559.647s][info][gc,heap        ] GC(1879) PSYoungGen: 115360K(212992K)->5024K(120320K) Eden: 115200K(115200K)->0K(115200K) From: 160K(97792K)->5024K(5120K)
[559.647s][info][gc,heap        ] GC(1879) ParOldGen: 478134K(478208K)->478134K(478208K)
[559.647s][info][gc,metaspace   ] GC(1879) Metaspace: 18977K(19072K)->18977K(19072K) NonClass: 17148K(17216K)->17148K(17216K) Class: 1829K(1856K)->1829K(1856K)
[559.647s][info][gc             ] GC(1879) Pause Young (Allocation Failure) 579M->471M(584M) 8.679ms
[559.647s][info][gc,cpu         ] GC(1879) User=0.01s Sys=0.01s Real=0.01s
[559.758s][info][gc,start       ] GC(1880) Pause Young (Allocation Failure)
[559.787s][info][gc,heap        ] GC(1880) PSYoungGen: 120224K(120320K)->38902K(214016K) Eden: 115200K(115200K)->0K(118784K) From: 5024K(5120K)->38902K(95232K)
[559.787s][info][gc,heap        ] GC(1880) ParOldGen: 478134K(478208K)->478134K(478208K)
[559.787s][info][gc,metaspace   ] GC(1880) Metaspace: 18977K(19072K)->18977K(19072K) NonClass: 17148K(17216K)->17148K(17216K) Class: 1829K(1856K)->1829K(1856K)
[559.787s][info][gc             ] GC(1880) Pause Young (Allocation Failure) 584M->504M(676M) 29.501ms
[559.788s][info][gc,cpu         ] GC(1880) User=0.05s Sys=0.00s Real=0.03s
[559.895s][info][gc,start       ] GC(1881) Pause Young (Allocation Failure)
[559.946s][info][gc,heap        ] GC(1881) PSYoungGen: 157686K(214016K)->78486K(214016K) Eden: 118784K(118784K)->0K(118784K) From: 38902K(95232K)->78486K(95232K)
[559.946s][info][gc,heap        ] GC(1881) ParOldGen: 478134K(478208K)->478134K(478208K)
[559.946s][info][gc,metaspace   ] GC(1881) Metaspace: 18977K(19072K)->18977K(19072K) NonClass: 17148K(17216K)->17148K(17216K) Class: 1829K(1856K)->1829K(1856K)
[559.947s][info][gc             ] GC(1881) Pause Young (Allocation Failure) 620M->543M(676M) 51.960ms
[559.947s][info][gc,cpu         ] GC(1881) User=0.11s Sys=0.00s Real=0.05s
[560.074s][info][gc,start       ] GC(1882) Pause Young (Allocation Failure)
[560.125s][info][gc,heap        ] GC(1882) PSYoungGen: 197270K(214016K)->81174K(221184K) Eden: 118784K(118784K)->0K(111616K) From: 78486K(95232K)->81174K(109568K)
[560.125s][info][gc,heap        ] GC(1882) ParOldGen: 478134K(478208K)->478134K(478208K)
[560.125s][info][gc,metaspace   ] GC(1882) Metaspace: 18977K(19072K)->18977K(19072K) NonClass: 17148K(17216K)->17148K(17216K) Class: 1829K(1856K)->1829K(1856K)
[560.125s][info][gc             ] GC(1882) Pause Young (Allocation Failure) 659M->546M(683M) 51.143ms
[560.125s][info][gc,cpu         ] GC(1882) User=0.10s Sys=0.00s Real=0.05s
[560.298s][info][gc,start       ] GC(1883) Pause Young (Allocation Failure)
[560.386s][info][gc,heap        ] GC(1883) PSYoungGen: 192790K(221184K)->100908K(222720K) Eden: 111616K(111616K)->0K(111616K) From: 81174K(109568K)->100908K(111104K)
[560.387s][info][gc,heap        ] GC(1883) ParOldGen: 478134K(478208K)->478270K(478720K)
[560.387s][info][gc,metaspace   ] GC(1883) Metaspace: 18977K(19072K)->18977K(19072K) NonClass: 17148K(17216K)->17148K(17216K) Class: 1829K(1856K)->1829K(1856K)
[560.387s][info][gc             ] GC(1883) Pause Young (Allocation Failure) 655M->565M(685M) 88.305ms
[560.387s][info][gc,cpu         ] GC(1883) User=0.18s Sys=0.00s Real=0.09s
[560.546s][info][gc,start       ] GC(1884) Pause Young (Allocation Failure)
[560.660s][info][gc,heap        ] GC(1884) PSYoungGen: 212524K(222720K)->109180K(222720K) Eden: 111616K(111616K)->0K(111616K) From: 100908K(111104K)->109180K(111104K)
[560.660s][info][gc,heap        ] GC(1884) ParOldGen: 478270K(478720K)->483158K(483328K)
[560.660s][info][gc,metaspace   ] GC(1884) Metaspace: 18977K(19072K)->18977K(19072K) NonClass: 17148K(17216K)->17148K(17216K) Class: 1829K(1856K)->1829K(1856K)
[560.660s][info][gc             ] GC(1884) Pause Young (Allocation Failure) 674M->578M(689M) 113.893ms
[560.660s][info][gc,cpu         ] GC(1884) User=0.21s Sys=0.02s Real=0.11s
[560.769s][info][gc,start       ] GC(1885) Pause Young (Allocation Failure)
[560.919s][info][gc,heap        ] GC(1885) PSYoungGen: 220796K(222720K)->53324K(222720K) Eden: 111616K(111616K)->0K(111616K) From: 109180K(111104K)->53324K(111104K)
[560.919s][info][gc,heap        ] GC(1885) ParOldGen: 483158K(483328K)->557584K(558080K)
[560.919s][info][gc,metaspace   ] GC(1885) Metaspace: 18977K(19072K)->18977K(19072K) NonClass: 17148K(17216K)->17148K(17216K) Class: 1829K(1856K)->1829K(1856K)
[560.919s][info][gc             ] GC(1885) Pause Young (Allocation Failure) 687M->596M(762M) 149.381ms
[560.919s][info][gc,cpu         ] GC(1885) User=0.24s Sys=0.05s Real=0.15s
[561.020s][info][gc,start       ] GC(1886) Pause Young (Allocation Failure)
[561.110s][info][gc,heap        ] GC(1886) PSYoungGen: 164940K(222720K)->47744K(222720K) Eden: 111616K(111616K)->0K(111616K) From: 53324K(111104K)->47744K(111104K)
[561.110s][info][gc,heap        ] GC(1886) ParOldGen: 557584K(558080K)->580235K(580608K)
[561.110s][info][gc,metaspace   ] GC(1886) Metaspace: 18977K(19072K)->18977K(19072K) NonClass: 17148K(17216K)->17148K(17216K) Class: 1829K(1856K)->1829K(1856K)
[561.110s][info][gc             ] GC(1886) Pause Young (Allocation Failure) 705M->613M(784M) 90.026ms
[561.110s][info][gc,cpu         ] GC(1886) User=0.17s Sys=0.01s Real=0.09s
[561.160s][info][gc,start       ] GC(1887) Pause Young (Allocation Failure)
[561.226s][info][gc,heap        ] GC(1887) PSYoungGen: 159360K(222720K)->22512K(222720K) Eden: 111616K(111616K)->0K(111616K) From: 47744K(111104K)->22512K(111104K)
[561.226s][info][gc,heap        ] GC(1887) ParOldGen: 580235K(580608K)->611043K(611328K)
[561.226s][info][gc,metaspace   ] GC(1887) Metaspace: 18977K(19072K)->18977K(19072K) NonClass: 17148K(17216K)->17148K(17216K) Class: 1829K(1856K)->1829K(1856K)
[561.226s][info][gc             ] GC(1887) Pause Young (Allocation Failure) 722M->618M(814M) 66.026ms
[561.226s][info][gc,cpu         ] GC(1887) User=0.10s Sys=0.03s Real=0.07s
[561.307s][info][gc,start       ] GC(1888) Pause Full (Allocation Failure)
[561.307s][info][gc,phases,start] GC(1888) Marking Phase
[561.556s][info][gc,phases      ] GC(1888) Marking Phase 248.571ms
[561.556s][info][gc,phases,start] GC(1888) Summary Phase
[561.556s][info][gc,phases      ] GC(1888) Summary Phase 0.030ms
[561.556s][info][gc,phases,start] GC(1888) Forward
[561.621s][info][gc,phases      ] GC(1888) Forward 65.760ms
[561.621s][info][gc,phases,start] GC(1888) Adjust Pointers
[561.812s][info][gc,phases      ] GC(1888) Adjust Pointers 190.954ms
[561.813s][info][gc,phases,start] GC(1888) Compaction Phase
[561.918s][info][gc,phases      ] GC(1888) Compaction Phase 104.988ms
[561.923s][info][gc,phases,start] GC(1888) Post Compact
[561.926s][info][gc,phases      ] GC(1888) Post Compact 2.238ms
[561.926s][info][gc,heap        ] GC(1888) PSYoungGen: 134128K(222720K)->0K(222720K) Eden: 111616K(111616K)->0K(111616K) From: 22512K(111104K)->0K(111104K)
[561.926s][info][gc,heap        ] GC(1888) ParOldGen: 611043K(611328K)->365723K(664576K)
[561.926s][info][gc,metaspace   ] GC(1888) Metaspace: 18978K(19072K)->18978K(19072K) NonClass: 17149K(17216K)->17149K(17216K) Class: 1829K(1856K)->1829K(1856K)
[561.926s][info][gc             ] GC(1888) Pause Full (Allocation Failure) 727M->357M(866M) 618.944ms
[561.926s][info][gc,cpu         ] GC(1888) User=1.19s Sys=0.00s Real=0.62s
[562.002s][info][gc,start       ] GC(1889) Pause Young (Allocation Failure)
[562.020s][info][gc,heap        ] GC(1889) PSYoungGen: 111616K(222720K)->19520K(222720K) Eden: 111616K(111616K)->0K(111616K) From: 0K(111104K)->19520K(111104K)
[562.020s][info][gc,heap        ] GC(1889) ParOldGen: 365723K(664576K)->365723K(664576K)
[562.020s][info][gc,metaspace   ] GC(1889) Metaspace: 18978K(19072K)->18978K(19072K) NonClass: 17149K(17216K)->17149K(17216K) Class: 1829K(1856K)->1829K(1856K)
[562.020s][info][gc             ] GC(1889) Pause Young (Allocation Failure) 466M->376M(866M) 18.838ms
[562.020s][info][gc,cpu         ] GC(1889) User=0.03s Sys=0.00s Real=0.02s
[562.091s][info][gc,start       ] GC(1890) Pause Young (Allocation Failure)
[562.112s][info][gc,heap        ] GC(1890) PSYoungGen: 131136K(222720K)->3584K(222720K) Eden: 111616K(111616K)->0K(111616K) From: 19520K(111104K)->3584K(111104K)
[562.112s][info][gc,heap        ] GC(1890) ParOldGen: 365723K(664576K)->385443K(664576K)
[562.112s][info][gc,metaspace   ] GC(1890) Metaspace: 18978K(19072K)->18978K(19072K) NonClass: 17149K(17216K)->17149K(17216K) Class: 1829K(1856K)->1829K(1856K)
[562.112s][info][gc             ] GC(1890) Pause Young (Allocation Failure) 485M->379M(866M) 21.483ms
[562.112s][info][gc,cpu         ] GC(1890) User=0.05s Sys=0.00s Real=0.02s
[562.169s][info][gc,start       ] GC(1891) Pause Young (Allocation Failure)
[562.175s][info][gc,heap        ] GC(1891) PSYoungGen: 115200K(222720K)->416K(222720K) Eden: 111616K(111616K)->0K(111616K) From: 3584K(111104K)->416K(111104K)
[562.175s][info][gc,heap        ] GC(1891) ParOldGen: 385443K(664576K)->389003K(664576K)
[562.175s][info][gc,metaspace   ] GC(1891) Metaspace: 18978K(19072K)->18978K(19072K) NonClass: 17149K(17216K)->17149K(17216K) Class: 1829K(1856K)->1829K(1856K)
[562.175s][info][gc             ] GC(1891) Pause Young (Allocation Failure) 488M->380M(866M) 6.350ms
[562.175s][info][gc,cpu         ] GC(1891) User=0.01s Sys=0.00s Real=0.01s
[562.277s][info][gc,start       ] GC(1892) Pause Young (Allocation Failure)
[562.298s][info][gc,heap        ] GC(1892) PSYoungGen: 112032K(222720K)->11712K(222720K) Eden: 111616K(111616K)->0K(111616K) From: 416K(111104K)->11712K(111104K)
[562.298s][info][gc,heap        ] GC(1892) ParOldGen: 389003K(664576K)->389387K(664576K)
[562.298s][info][gc,metaspace   ] GC(1892) Metaspace: 18978K(19072K)->18978K(19072K) NonClass: 17149K(17216K)->17149K(17216K) Class: 1829K(1856K)->1829K(1856K)
[562.298s][info][gc             ] GC(1892) Pause Young (Allocation Failure) 489M->391M(866M) 21.221ms
[562.298s][info][gc,cpu         ] GC(1892) User=0.04s Sys=0.00s Real=0.02s
[562.404s][info][gc,start       ] GC(1893) Pause Young (Allocation Failure)
[562.442s][info][gc,heap        ] GC(1893) PSYoungGen: 123328K(222720K)->21504K(222720K) Eden: 111616K(111616K)->0K(111616K) From: 11712K(111104K)->21504K(111104K)
[562.442s][info][gc,heap        ] GC(1893) ParOldGen: 389387K(664576K)->401099K(664576K)
[562.442s][info][gc,metaspace   ] GC(1893) Metaspace: 18978K(19072K)->18978K(19072K) NonClass: 17149K(17216K)->17149K(17216K) Class: 1829K(1856K)->1829K(1856K)
[562.442s][info][gc             ] GC(1893) Pause Young (Allocation Failure) 500M->412M(866M) 37.784ms
[562.442s][info][gc,cpu         ] GC(1893) User=0.08s Sys=0.00s Real=0.03s
[562.517s][info][gc,start       ] GC(1894) Pause Young (Allocation Failure)
[562.556s][info][gc,heap        ] GC(1894) PSYoungGen: 133120K(222720K)->38368K(212480K) Eden: 111616K(111616K)->0K(111616K) From: 21504K(111104K)->38368K(100864K)
[562.557s][info][gc,heap        ] GC(1894) ParOldGen: 401099K(664576K)->401099K(664576K)
[562.557s][info][gc,metaspace   ] GC(1894) Metaspace: 18978K(19072K)->18978K(19072K) NonClass: 17149K(17216K)->17149K(17216K) Class: 1829K(1856K)->1829K(1856K)
[562.557s][info][gc             ] GC(1894) Pause Young (Allocation Failure) 521M->429M(856M) 39.395ms
[562.557s][info][gc,cpu         ] GC(1894) User=0.07s Sys=0.00s Real=0.04s
[562.673s][info][gc,start       ] GC(1895) Pause Young (Allocation Failure)
[562.714s][info][gc,heap        ] GC(1895) PSYoungGen: 149984K(212480K)->40480K(217600K) Eden: 111616K(111616K)->0K(111616K) From: 38368K(100864K)->40480K(105984K)
[562.714s][info][gc,heap        ] GC(1895) ParOldGen: 401099K(664576K)->401099K(664576K)
[562.714s][info][gc,metaspace   ] GC(1895) Metaspace: 18978K(19072K)->18978K(19072K) NonClass: 17149K(17216K)->17149K(17216K) Class: 1829K(1856K)->1829K(1856K)
[562.714s][info][gc             ] GC(1895) Pause Young (Allocation Failure) 538M->431M(861M) 40.747ms
[562.714s][info][gc,cpu         ] GC(1895) User=0.09s Sys=0.00s Real=0.05s
[562.986s][info][gc,start       ] GC(1896) Pause Young (Allocation Failure)
[563.033s][info][gc,heap        ] GC(1896) PSYoungGen: 152096K(217600K)->48608K(219136K) Eden: 111616K(111616K)->0K(120320K) From: 40480K(105984K)->48608K(98816K)
[563.033s][info][gc,heap        ] GC(1896) ParOldGen: 401099K(664576K)->401099K(664576K)
[563.033s][info][gc,metaspace   ] GC(1896) Metaspace: 18978K(19072K)->18978K(19072K) NonClass: 17149K(17216K)->17149K(17216K) Class: 1829K(1856K)->1829K(1856K)
[563.033s][info][gc             ] GC(1896) Pause Young (Allocation Failure) 540M->439M(863M) 47.092ms
[563.033s][info][gc,cpu         ] GC(1896) User=0.10s Sys=0.00s Real=0.04s
[563.352s][info][gc,start       ] GC(1897) Pause Young (Allocation Failure)
[563.401s][info][gc,heap        ] GC(1897) PSYoungGen: 168928K(219136K)->48736K(221184K) Eden: 120320K(120320K)->0K(120320K) From: 48608K(98816K)->48736K(100864K)
[563.401s][info][gc,heap        ] GC(1897) ParOldGen: 401099K(664576K)->401099K(664576K)
[563.401s][info][gc,metaspace   ] GC(1897) Metaspace: 18978K(19072K)->18978K(19072K) NonClass: 17149K(17216K)->17149K(17216K) Class: 1829K(1856K)->1829K(1856K)
[563.401s][info][gc             ] GC(1897) Pause Young (Allocation Failure) 556M->439M(865M) 49.417ms
[563.402s][info][gc,cpu         ] GC(1897) User=0.10s Sys=0.00s Real=0.05s
[563.689s][info][gc,start       ] GC(1898) Pause Young (Allocation Failure)
[563.743s][info][gc,heap        ] GC(1898) PSYoungGen: 169056K(221184K)->52944K(228864K) Eden: 120320K(120320K)->0K(129024K) From: 48736K(100864K)->52944K(99840K)
[563.743s][info][gc,heap        ] GC(1898) ParOldGen: 401099K(664576K)->401099K(664576K)
[563.743s][info][gc,metaspace   ] GC(1898) Metaspace: 18978K(19072K)->18978K(19072K) NonClass: 17149K(17216K)->17149K(17216K) Class: 1829K(1856K)->1829K(1856K)
[563.743s][info][gc             ] GC(1898) Pause Young (Allocation Failure) 556M->443M(872M) 53.961ms
[563.743s][info][gc,cpu         ] GC(1898) User=0.11s Sys=0.00s Real=0.05s
[563.890s][info][gc,start       ] GC(1899) Pause Young (Allocation Failure)
[563.955s][info][gc,heap        ] GC(1899) PSYoungGen: 181968K(228864K)->69376K(198656K) Eden: 129024K(129024K)->0K(129024K) From: 52944K(99840K)->69376K(69632K)
[563.955s][info][gc,heap        ] GC(1899) ParOldGen: 401099K(664576K)->401099K(664576K)
[563.955s][info][gc,metaspace   ] GC(1899) Metaspace: 18978K(19072K)->18978K(19072K) NonClass: 17149K(17216K)->17149K(17216K) Class: 1829K(1856K)->1829K(1856K)
[563.955s][info][gc             ] GC(1899) Pause Young (Allocation Failure) 569M->459M(843M) 65.262ms
[563.955s][info][gc,cpu         ] GC(1899) User=0.13s Sys=0.00s Real=0.07s
[564.119s][info][gc,start       ] GC(1900) Pause Young (Allocation Failure)
[564.194s][info][gc,heap        ] GC(1900) PSYoungGen: 198400K(198656K)->80656K(217088K) Eden: 129024K(129024K)->0K(111616K) From: 69376K(69632K)->80656K(105472K)
[564.194s][info][gc,heap        ] GC(1900) ParOldGen: 401099K(664576K)->401099K(664576K)
[564.194s][info][gc,metaspace   ] GC(1900) Metaspace: 18978K(19072K)->18978K(19072K) NonClass: 17149K(17216K)->17149K(17216K) Class: 1829K(1856K)->1829K(1856K)
[564.194s][info][gc             ] GC(1900) Pause Young (Allocation Failure) 585M->470M(861M) 75.575ms
[564.194s][info][gc,cpu         ] GC(1900) User=0.15s Sys=0.00s Real=0.08s
[564.249s][info][gc,start       ] GC(1901) Pause Young (Allocation Failure)
[564.349s][info][gc,heap        ] GC(1901) PSYoungGen: 192272K(217088K)->84256K(222720K) Eden: 111616K(111616K)->0K(111616K) From: 80656K(105472K)->84256K(111104K)
[564.349s][info][gc,heap        ] GC(1901) ParOldGen: 401099K(664576K)->439550K(664576K)
[564.349s][info][gc,metaspace   ] GC(1901) Metaspace: 18978K(19072K)->18978K(19072K) NonClass: 17149K(17216K)->17149K(17216K) Class: 1829K(1856K)->1829K(1856K)
[564.349s][info][gc             ] GC(1901) Pause Young (Allocation Failure) 579M->511M(866M) 100.793ms
[564.349s][info][gc,cpu         ] GC(1901) User=0.20s Sys=0.00s Real=0.10s
[564.507s][info][gc,start       ] GC(1902) Pause Young (Allocation Failure)
[564.587s][info][gc,heap        ] GC(1902) PSYoungGen: 195872K(222720K)->102032K(222720K) Eden: 111616K(111616K)->0K(111616K) From: 84256K(111104K)->102032K(111104K)
[564.587s][info][gc,heap        ] GC(1902) ParOldGen: 439550K(664576K)->449822K(664576K)
[564.587s][info][gc,metaspace   ] GC(1902) Metaspace: 18978K(19072K)->18978K(19072K) NonClass: 17149K(17216K)->17149K(17216K) Class: 1829K(1856K)->1829K(1856K)
[564.587s][info][gc             ] GC(1902) Pause Young (Allocation Failure) 620M->538M(866M) 80.238ms
[564.587s][info][gc,cpu         ] GC(1902) User=0.16s Sys=0.00s Real=0.08s
[564.699s][info][gc,start       ] GC(1903) Pause Young (Allocation Failure)
[564.768s][info][gc,heap        ] GC(1903) PSYoungGen: 213648K(222720K)->100624K(222720K) Eden: 111616K(111616K)->0K(111616K) From: 102032K(111104K)->100624K(111104K)
[564.768s][info][gc,heap        ] GC(1903) ParOldGen: 449822K(664576K)->454181K(664576K)
[564.768s][info][gc,metaspace   ] GC(1903) Metaspace: 18978K(19072K)->18978K(19072K) NonClass: 17149K(17216K)->17149K(17216K) Class: 1829K(1856K)->1829K(1856K)
[564.768s][info][gc             ] GC(1903) Pause Young (Allocation Failure) 647M->541M(866M) 69.358ms
[564.768s][info][gc,cpu         ] GC(1903) User=0.13s Sys=0.00s Real=0.07s
[564.927s][info][gc,start       ] GC(1904) Pause Young (Allocation Failure)
[565.038s][info][gc,heap        ] GC(1904) PSYoungGen: 212240K(222720K)->103951K(222720K) Eden: 111616K(111616K)->0K(111616K) From: 100624K(111104K)->103951K(111104K)
[565.038s][info][gc,heap        ] GC(1904) ParOldGen: 454181K(664576K)->482093K(664576K)
[565.038s][info][gc,metaspace   ] GC(1904) Metaspace: 18978K(19072K)->18978K(19072K) NonClass: 17149K(17216K)->17149K(17216K) Class: 1829K(1856K)->1829K(1856K)
[565.039s][info][gc             ] GC(1904) Pause Young (Allocation Failure) 650M->572M(866M) 111.200ms
[565.039s][info][gc,cpu         ] GC(1904) User=0.22s Sys=0.00s Real=0.11s
[565.173s][info][gc,start       ] GC(1905) Pause Young (Allocation Failure)
[565.288s][info][gc,heap        ] GC(1905) PSYoungGen: 215567K(222720K)->49503K(222720K) Eden: 111616K(111616K)->0K(111616K) From: 103951K(111104K)->49503K(111104K)
[565.288s][info][gc,heap        ] GC(1905) ParOldGen: 482093K(664576K)->552925K(664576K)
[565.289s][info][gc,metaspace   ] GC(1905) Metaspace: 18978K(19072K)->18978K(19072K) NonClass: 17149K(17216K)->17149K(17216K) Class: 1829K(1856K)->1829K(1856K)
[565.289s][info][gc             ] GC(1905) Pause Young (Allocation Failure) 681M->588M(866M) 115.135ms
[565.289s][info][gc,cpu         ] GC(1905) User=0.22s Sys=0.00s Real=0.11s
[565.410s][info][gc,start       ] GC(1906) Pause Young (Allocation Failure)
[565.486s][info][gc,heap        ] GC(1906) PSYoungGen: 161119K(222720K)->30592K(222720K) Eden: 111616K(111616K)->0K(111616K) From: 49503K(111104K)->30592K(111104K)
[565.486s][info][gc,heap        ] GC(1906) ParOldGen: 552925K(664576K)->587028K(664576K)
[565.486s][info][gc,metaspace   ] GC(1906) Metaspace: 18978K(19072K)->18978K(19072K) NonClass: 17149K(17216K)->17149K(17216K) Class: 1829K(1856K)->1829K(1856K)
[565.486s][info][gc             ] GC(1906) Pause Young (Allocation Failure) 697M->603M(866M) 76.141ms
[565.486s][info][gc,cpu         ] GC(1906) User=0.16s Sys=0.00s Real=0.08s
[565.559s][info][gc,start       ] GC(1907) Pause Young (Allocation Failure)
[565.599s][info][gc,heap        ] GC(1907) PSYoungGen: 142208K(222720K)->5344K(222720K) Eden: 111616K(111616K)->0K(111616K) From: 30592K(111104K)->5344K(111104K)
[565.600s][info][gc,heap        ] GC(1907) ParOldGen: 587028K(664576K)->617676K(664576K)
[565.600s][info][gc,metaspace   ] GC(1907) Metaspace: 18978K(19072K)->18978K(19072K) NonClass: 17149K(17216K)->17149K(17216K) Class: 1829K(1856K)->1829K(1856K)
[565.600s][info][gc             ] GC(1907) Pause Young (Allocation Failure) 712M->608M(866M) 40.364ms
[565.600s][info][gc,cpu         ] GC(1907) User=0.08s Sys=0.01s Real=0.04s
[565.712s][info][gc,start       ] GC(1908) Pause Full (Allocation Failure)
[565.712s][info][gc,phases,start] GC(1908) Marking Phase
[565.972s][info][gc,phases      ] GC(1908) Marking Phase 260.422ms
[565.972s][info][gc,phases,start] GC(1908) Summary Phase
[565.972s][info][gc,phases      ] GC(1908) Summary Phase 0.026ms
[565.972s][info][gc,phases,start] GC(1908) Forward
[566.048s][info][gc,phases      ] GC(1908) Forward 75.349ms
[566.048s][info][gc,phases,start] GC(1908) Adjust Pointers
[566.253s][info][gc,phases      ] GC(1908) Adjust Pointers 205.547ms
[566.253s][info][gc,phases,start] GC(1908) Compaction Phase
[566.362s][info][gc,phases      ] GC(1908) Compaction Phase 108.790ms
[566.369s][info][gc,phases,start] GC(1908) Post Compact
[566.371s][info][gc,phases      ] GC(1908) Post Compact 2.217ms
[566.371s][info][gc,heap        ] GC(1908) PSYoungGen: 116960K(222720K)->0K(222720K) Eden: 111616K(111616K)->0K(111616K) From: 5344K(111104K)->0K(111104K)
[566.371s][info][gc,heap        ] GC(1908) ParOldGen: 617676K(664576K)->382822K(667648K)
[566.371s][info][gc,metaspace   ] GC(1908) Metaspace: 18978K(19072K)->18978K(19072K) NonClass: 17149K(17216K)->17149K(17216K) Class: 1829K(1856K)->1829K(1856K)
[566.371s][info][gc             ] GC(1908) Pause Full (Allocation Failure) 717M->373M(869M) 659.475ms
[566.371s][info][gc,cpu         ] GC(1908) User=1.25s Sys=0.00s Real=0.66s
[566.414s][info][gc,start       ] GC(1909) Pause Young (Allocation Failure)
[566.439s][info][gc,heap        ] GC(1909) PSYoungGen: 111616K(222720K)->32736K(222720K) Eden: 111616K(111616K)->0K(111616K) From: 0K(111104K)->32736K(111104K)
[566.439s][info][gc,heap        ] GC(1909) ParOldGen: 382822K(667648K)->382822K(667648K)
[566.439s][info][gc,metaspace   ] GC(1909) Metaspace: 18978K(19072K)->18978K(19072K) NonClass: 17149K(17216K)->17149K(17216K) Class: 1829K(1856K)->1829K(1856K)
[566.439s][info][gc             ] GC(1909) Pause Young (Allocation Failure) 482M->405M(869M) 24.996ms
[566.439s][info][gc,cpu         ] GC(1909) User=0.05s Sys=0.00s Real=0.02s
[566.486s][info][gc,start       ] GC(1910) Pause Young (Allocation Failure)
[566.534s][info][gc,heap        ] GC(1910) PSYoungGen: 144352K(222720K)->40880K(222720K) Eden: 111616K(111616K)->0K(111616K) From: 32736K(111104K)->40880K(111104K)
[566.534s][info][gc,heap        ] GC(1910) ParOldGen: 382822K(667648K)->415902K(667648K)
[566.534s][info][gc,metaspace   ] GC(1910) Metaspace: 18978K(19072K)->18978K(19072K) NonClass: 17149K(17216K)->17149K(17216K) Class: 1829K(1856K)->1829K(1856K)
[566.534s][info][gc             ] GC(1910) Pause Young (Allocation Failure) 514M->446M(869M) 48.515ms
[566.535s][info][gc,cpu         ] GC(1910) User=0.10s Sys=0.00s Real=0.05s
[566.673s][info][gc,start       ] GC(1911) Pause Young (Allocation Failure)
[566.706s][info][gc,heap        ] GC(1911) PSYoungGen: 152496K(222720K)->5792K(222720K) Eden: 111616K(111616K)->0K(111616K) From: 40880K(111104K)->5792K(111104K)
[566.706s][info][gc,heap        ] GC(1911) ParOldGen: 415902K(667648K)->457263K(667648K)
[566.706s][info][gc,metaspace   ] GC(1911) Metaspace: 18978K(19072K)->18978K(19072K) NonClass: 17149K(17216K)->17149K(17216K) Class: 1829K(1856K)->1829K(1856K)
[566.706s][info][gc             ] GC(1911) Pause Young (Allocation Failure) 555M->452M(869M) 32.770ms
[566.706s][info][gc,cpu         ] GC(1911) User=0.07s Sys=0.00s Real=0.04s
[566.775s][info][gc,start       ] GC(1912) Pause Young (Allocation Failure)
[566.796s][info][gc,heap        ] GC(1912) PSYoungGen: 117408K(222720K)->12096K(222720K) Eden: 111616K(111616K)->0K(111616K) From: 5792K(111104K)->12096K(111104K)
[566.796s][info][gc,heap        ] GC(1912) ParOldGen: 457263K(667648K)->463119K(667648K)
[566.796s][info][gc,metaspace   ] GC(1912) Metaspace: 18978K(19072K)->18978K(19072K) NonClass: 17149K(17216K)->17149K(17216K) Class: 1829K(1856K)->1829K(1856K)
[566.797s][info][gc             ] GC(1912) Pause Young (Allocation Failure) 561M->464M(869M) 21.793ms
[566.797s][info][gc,cpu         ] GC(1912) User=0.05s Sys=0.00s Real=0.02s
[566.953s][info][gc,start       ] GC(1913) Pause Young (Allocation Failure)
[567.012s][info][gc,heap        ] GC(1913) PSYoungGen: 123712K(222720K)->31136K(222720K) Eden: 111616K(111616K)->0K(111616K) From: 12096K(111104K)->31136K(111104K)
[567.012s][info][gc,heap        ] GC(1913) ParOldGen: 463119K(667648K)->475223K(667648K)
[567.012s][info][gc,metaspace   ] GC(1913) Metaspace: 18978K(19072K)->18978K(19072K) NonClass: 17149K(17216K)->17149K(17216K) Class: 1829K(1856K)->1829K(1856K)
[567.012s][info][gc             ] GC(1913) Pause Young (Allocation Failure) 573M->494M(869M) 59.144ms
[567.012s][info][gc,cpu         ] GC(1913) User=0.11s Sys=0.00s Real=0.06s
[567.124s][info][gc,start       ] GC(1914) Pause Young (Allocation Failure)
[567.191s][info][gc,heap        ] GC(1914) PSYoungGen: 142752K(222720K)->25856K(222720K) Eden: 111616K(111616K)->0K(111616K) From: 31136K(111104K)->25856K(111104K)
[567.192s][info][gc,heap        ] GC(1914) ParOldGen: 475223K(667648K)->506415K(667648K)
[567.192s][info][gc,metaspace   ] GC(1914) Metaspace: 18978K(19072K)->18978K(19072K) NonClass: 17149K(17216K)->17149K(17216K) Class: 1829K(1856K)->1829K(1856K)
[567.192s][info][gc             ] GC(1914) Pause Young (Allocation Failure) 603M->519M(869M) 68.006ms
[567.192s][info][gc,cpu         ] GC(1914) User=0.14s Sys=0.00s Real=0.06s
[567.345s][info][gc,start       ] GC(1915) Pause Young (Allocation Failure)
[567.390s][info][gc,heap        ] GC(1915) PSYoungGen: 137472K(222720K)->19776K(222720K) Eden: 111616K(111616K)->0K(111616K) From: 25856K(111104K)->19776K(111104K)
[567.390s][info][gc,heap        ] GC(1915) ParOldGen: 506415K(667648K)->532335K(667648K)
[567.390s][info][gc,metaspace   ] GC(1915) Metaspace: 18978K(19072K)->18978K(19072K) NonClass: 17149K(17216K)->17149K(17216K) Class: 1829K(1856K)->1829K(1856K)
[567.390s][info][gc             ] GC(1915) Pause Young (Allocation Failure) 628M->539M(869M) 45.245ms
[567.390s][info][gc,cpu         ] GC(1915) User=0.09s Sys=0.00s Real=0.04s
[567.481s][info][gc,start       ] GC(1916) Pause Young (Allocation Failure)
[567.507s][info][gc,heap        ] GC(1916) PSYoungGen: 131392K(222720K)->4288K(219648K) Eden: 111616K(111616K)->0K(111616K) From: 19776K(111104K)->4288K(108032K)
[567.507s][info][gc,heap        ] GC(1916) ParOldGen: 532335K(667648K)->552151K(667648K)
[567.507s][info][gc,metaspace   ] GC(1916) Metaspace: 18978K(19072K)->18978K(19072K) NonClass: 17149K(17216K)->17149K(17216K) Class: 1829K(1856K)->1829K(1856K)
[567.507s][info][gc             ] GC(1916) Pause Young (Allocation Failure) 648M->543M(866M) 25.696ms
[567.507s][info][gc,cpu         ] GC(1916) User=0.05s Sys=0.00s Real=0.03s
[567.642s][info][gc,start       ] GC(1917) Pause Young (Allocation Failure)
[567.654s][info][gc,heap        ] GC(1917) PSYoungGen: 115904K(219648K)->5056K(221184K) Eden: 111616K(111616K)->0K(111616K) From: 4288K(108032K)->5056K(109568K)
[567.654s][info][gc,heap        ] GC(1917) ParOldGen: 552151K(667648K)->552151K(667648K)
[567.654s][info][gc,metaspace   ] GC(1917) Metaspace: 18978K(19072K)->18978K(19072K) NonClass: 17149K(17216K)->17149K(17216K) Class: 1829K(1856K)->1829K(1856K)
[567.654s][info][gc             ] GC(1917) Pause Young (Allocation Failure) 652M->544M(868M) 11.534ms
[567.654s][info][gc,cpu         ] GC(1917) User=0.02s Sys=0.00s Real=0.02s
[567.776s][info][gc,start       ] GC(1918) Pause Young (Allocation Failure)
[567.791s][info][gc,heap        ] GC(1918) PSYoungGen: 116672K(221184K)->9440K(218112K) Eden: 111616K(111616K)->0K(117248K) From: 5056K(109568K)->9440K(100864K)
[567.791s][info][gc,heap        ] GC(1918) ParOldGen: 552151K(667648K)->552151K(667648K)
[567.791s][info][gc,metaspace   ] GC(1918) Metaspace: 18978K(19072K)->18978K(19072K) NonClass: 17149K(17216K)->17149K(17216K) Class: 1829K(1856K)->1829K(1856K)
[567.791s][info][gc             ] GC(1918) Pause Young (Allocation Failure) 653M->548M(865M) 15.337ms
[567.791s][info][gc,cpu         ] GC(1918) User=0.02s Sys=0.00s Real=0.01s
[567.947s][info][gc,start       ] GC(1919) Pause Young (Allocation Failure)
[567.968s][info][gc,heap        ] GC(1919) PSYoungGen: 126688K(218112K)->19008K(220672K) Eden: 117248K(117248K)->0K(117248K) From: 9440K(100864K)->19008K(103424K)
[567.968s][info][gc,heap        ] GC(1919) ParOldGen: 552151K(667648K)->552151K(667648K)
[567.968s][info][gc,metaspace   ] GC(1919) Metaspace: 18978K(19072K)->18978K(19072K) NonClass: 17149K(17216K)->17149K(17216K) Class: 1829K(1856K)->1829K(1856K)
[567.968s][info][gc             ] GC(1919) Pause Young (Allocation Failure) 662M->557M(867M) 20.762ms
[567.968s][info][gc,cpu         ] GC(1919) User=0.04s Sys=0.00s Real=0.02s
[568.153s][info][gc,start       ] GC(1920) Pause Young (Allocation Failure)
[568.192s][info][gc,heap        ] GC(1920) PSYoungGen: 136256K(220672K)->37168K(216576K) Eden: 117248K(117248K)->0K(125952K) From: 19008K(103424K)->37168K(90624K)
[568.192s][info][gc,heap        ] GC(1920) ParOldGen: 552151K(667648K)->552151K(667648K)
[568.192s][info][gc,metaspace   ] GC(1920) Metaspace: 18978K(19072K)->18978K(19072K) NonClass: 17149K(17216K)->17149K(17216K) Class: 1829K(1856K)->1829K(1856K)
[568.192s][info][gc             ] GC(1920) Pause Young (Allocation Failure) 672M->575M(863M) 39.722ms
[568.192s][info][gc,cpu         ] GC(1920) User=0.08s Sys=0.00s Real=0.04s
[568.594s][info][gc,start       ] GC(1921) Pause Young (Allocation Failure)
[568.635s][info][gc,heap        ] GC(1921) PSYoungGen: 163120K(216576K)->37872K(220160K) Eden: 125952K(125952K)->0K(125952K) From: 37168K(90624K)->37872K(94208K)
[568.635s][info][gc,heap        ] GC(1921) ParOldGen: 552151K(667648K)->552151K(667648K)
[568.635s][info][gc,metaspace   ] GC(1921) Metaspace: 18978K(19072K)->18978K(19072K) NonClass: 17149K(17216K)->17149K(17216K) Class: 1829K(1856K)->1829K(1856K)
[568.635s][info][gc             ] GC(1921) Pause Young (Allocation Failure) 698M->576M(867M) 41.044ms
[568.635s][info][gc,cpu         ] GC(1921) User=0.08s Sys=0.00s Real=0.04s
[568.949s][info][gc,start       ] GC(1922) Pause Young (Allocation Failure)
[568.987s][info][gc,heap        ] GC(1922) PSYoungGen: 163824K(220160K)->37856K(217600K) Eden: 125952K(125952K)->0K(134144K) From: 37872K(94208K)->37856K(83456K)
[568.987s][info][gc,heap        ] GC(1922) ParOldGen: 552151K(667648K)->552151K(667648K)
[568.987s][info][gc,metaspace   ] GC(1922) Metaspace: 18978K(19072K)->18978K(19072K) NonClass: 17149K(17216K)->17149K(17216K) Class: 1829K(1856K)->1829K(1856K)
[568.987s][info][gc             ] GC(1922) Pause Young (Allocation Failure) 699M->576M(864M) 37.351ms
[568.987s][info][gc,cpu         ] GC(1922) User=0.08s Sys=0.00s Real=0.04s
[569.337s][info][gc,start       ] GC(1923) Pause Young (Allocation Failure)
[569.374s][info][gc,heap        ] GC(1923) PSYoungGen: 172000K(217600K)->37872K(221696K) Eden: 134144K(134144K)->0K(134144K) From: 37856K(83456K)->37872K(87552K)
[569.374s][info][gc,heap        ] GC(1923) ParOldGen: 552151K(667648K)->552151K(667648K)
[569.374s][info][gc,metaspace   ] GC(1923) Metaspace: 18978K(19072K)->18978K(19072K) NonClass: 17149K(17216K)->17149K(17216K) Class: 1829K(1856K)->1829K(1856K)
[569.374s][info][gc             ] GC(1923) Pause Young (Allocation Failure) 707M->576M(868M) 37.457ms
[569.374s][info][gc,cpu         ] GC(1923) User=0.07s Sys=0.00s Real=0.04s
[569.707s][info][gc,start       ] GC(1924) Pause Young (Allocation Failure)
[569.744s][info][gc,heap        ] GC(1924) PSYoungGen: 172016K(221696K)->37872K(220672K) Eden: 134144K(134144K)->0K(141824K) From: 37872K(87552K)->37872K(78848K)
[569.744s][info][gc,heap        ] GC(1924) ParOldGen: 552151K(667648K)->552151K(667648K)
[569.744s][info][gc,metaspace   ] GC(1924) Metaspace: 18978K(19072K)->18978K(19072K) NonClass: 17149K(17216K)->17149K(17216K) Class: 1829K(1856K)->1829K(1856K)
[569.744s][info][gc             ] GC(1924) Pause Young (Allocation Failure) 707M->576M(867M) 37.173ms
[569.744s][info][gc,cpu         ] GC(1924) User=0.07s Sys=0.00s Real=0.04s
[570.068s][info][gc,start       ] GC(1925) Pause Young (Allocation Failure)
[570.105s][info][gc,heap        ] GC(1925) PSYoungGen: 179696K(220672K)->37888K(223744K) Eden: 141824K(141824K)->0K(141824K) From: 37872K(78848K)->37888K(81920K)
[570.105s][info][gc,heap        ] GC(1925) ParOldGen: 552151K(667648K)->552151K(667648K)
[570.105s][info][gc,metaspace   ] GC(1925) Metaspace: 18978K(19072K)->18978K(19072K) NonClass: 17149K(17216K)->17149K(17216K) Class: 1829K(1856K)->1829K(1856K)
[570.105s][info][gc             ] GC(1925) Pause Young (Allocation Failure) 714M->576M(870M) 37.371ms
[570.105s][info][gc,cpu         ] GC(1925) User=0.07s Sys=0.00s Real=0.04s
[570.474s][info][gc,start       ] GC(1926) Pause Young (Allocation Failure)
[570.521s][info][gc,heap        ] GC(1926) PSYoungGen: 179712K(223744K)->37888K(222720K) Eden: 141824K(141824K)->0K(149504K) From: 37888K(81920K)->37888K(73216K)
[570.521s][info][gc,heap        ] GC(1926) ParOldGen: 552151K(667648K)->552151K(667648K)
[570.521s][info][gc,metaspace   ] GC(1926) Metaspace: 18978K(19072K)->18978K(19072K) NonClass: 17149K(17216K)->17149K(17216K) Class: 1829K(1856K)->1829K(1856K)
[570.521s][info][gc             ] GC(1926) Pause Young (Allocation Failure) 714M->576M(869M) 46.910ms
[570.521s][info][gc,cpu         ] GC(1926) User=0.09s Sys=0.00s Real=0.04s
[570.743s][info][gc,start       ] GC(1927) Pause Young (Allocation Failure)
[570.794s][info][gc,heap        ] GC(1927) PSYoungGen: 187392K(222720K)->60176K(225792K) Eden: 149504K(149504K)->0K(149504K) From: 37888K(73216K)->60176K(76288K)
[570.794s][info][gc,heap        ] GC(1927) ParOldGen: 552151K(667648K)->552151K(667648K)
[570.794s][info][gc,metaspace   ] GC(1927) Metaspace: 18979K(19072K)->18979K(19072K) NonClass: 17150K(17216K)->17150K(17216K) Class: 1829K(1856K)->1829K(1856K)
[570.794s][info][gc             ] GC(1927) Pause Young (Allocation Failure) 722M->597M(872M) 51.833ms
[570.794s][info][gc,cpu         ] GC(1927) User=0.10s Sys=0.01s Real=0.06s
[570.882s][info][gc,start       ] GC(1928) Pause Young (Allocation Failure)
[570.981s][info][gc,heap        ] GC(1928) PSYoungGen: 209680K(225792K)->81888K(202752K) Eden: 149504K(149504K)->0K(120832K) From: 60176K(76288K)->81888K(81920K)
[570.981s][info][gc,heap        ] GC(1928) ParOldGen: 552151K(667648K)->585295K(667648K)
[570.981s][info][gc,metaspace   ] GC(1928) Metaspace: 18979K(19072K)->18979K(19072K) NonClass: 17150K(17216K)->17150K(17216K) Class: 1829K(1856K)->1829K(1856K)
[570.981s][info][gc             ] GC(1928) Pause Young (Allocation Failure) 743M->651M(850M) 99.697ms
[570.981s][info][gc,cpu         ] GC(1928) User=0.18s Sys=0.02s Real=0.10s
[571.165s][info][gc,start       ] GC(1929) Pause Young (Allocation Failure)
[571.239s][info][gc,heap        ] GC(1929) PSYoungGen: 202720K(202752K)->80304K(201216K) Eden: 120832K(120832K)->0K(120832K) From: 81888K(81920K)->80304K(80384K)
[571.239s][info][gc,heap        ] GC(1929) ParOldGen: 585295K(667648K)->590351K(667648K)
[571.239s][info][gc,metaspace   ] GC(1929) Metaspace: 18979K(19072K)->18979K(19072K) NonClass: 17150K(17216K)->17150K(17216K) Class: 1829K(1856K)->1829K(1856K)
[571.239s][info][gc             ] GC(1929) Pause Young (Allocation Failure) 769M->654M(848M) 74.212ms
[571.239s][info][gc,cpu         ] GC(1929) User=0.15s Sys=0.00s Real=0.07s
[571.423s][info][gc,start       ] GC(1930) Pause Young (Allocation Failure)
[571.541s][info][gc,heap        ] GC(1930) PSYoungGen: 201136K(201216K)->91617K(222720K) Eden: 120832K(120832K)->0K(111616K) From: 80304K(80384K)->91617K(111104K)
[571.541s][info][gc,heap        ] GC(1930) ParOldGen: 590351K(667648K)->604335K(667648K)
[571.541s][info][gc,metaspace   ] GC(1930) Metaspace: 18979K(19072K)->18979K(19072K) NonClass: 17150K(17216K)->17150K(17216K) Class: 1829K(1856K)->1829K(1856K)
[571.541s][info][gc             ] GC(1930) Pause Young (Allocation Failure) 772M->679M(869M) 117.924ms
[571.541s][info][gc,cpu         ] GC(1930) User=0.24s Sys=0.00s Real=0.12s
[571.661s][info][gc,start       ] GC(1931) Pause Young (Allocation Failure)
[571.777s][info][gc,heap        ] GC(1931) PSYoungGen: 203233K(222720K)->94624K(222720K) Eden: 111616K(111616K)->0K(111616K) From: 91617K(111104K)->94624K(111104K)
[571.777s][info][gc,heap        ] GC(1931) ParOldGen: 604335K(667648K)->623248K(667648K)
[571.777s][info][gc,metaspace   ] GC(1931) Metaspace: 18979K(19072K)->18979K(19072K) NonClass: 17150K(17216K)->17150K(17216K) Class: 1829K(1856K)->1829K(1856K)
[571.777s][info][gc             ] GC(1931) Pause Young (Allocation Failure) 788M->701M(869M) 116.142ms
[571.777s][info][gc,cpu         ] GC(1931) User=0.22s Sys=0.00s Real=0.12s
[571.899s][info][gc,start       ] GC(1932) Pause Full (Allocation Failure)
[571.899s][info][gc,phases,start] GC(1932) Marking Phase
[572.274s][info][gc,phases      ] GC(1932) Marking Phase 374.376ms
[572.274s][info][gc,phases,start] GC(1932) Summary Phase
[572.274s][info][gc,phases      ] GC(1932) Summary Phase 0.029ms
[572.274s][info][gc,phases,start] GC(1932) Forward
[572.395s][info][gc,phases      ] GC(1932) Forward 121.208ms
[572.395s][info][gc,phases,start] GC(1932) Adjust Pointers
[572.687s][info][gc,phases      ] GC(1932) Adjust Pointers 291.990ms
[572.687s][info][gc,phases,start] GC(1932) Compaction Phase
[572.850s][info][gc,phases      ] GC(1932) Compaction Phase 163.108ms
[572.860s][info][gc,phases,start] GC(1932) Post Compact
[572.862s][info][gc,phases      ] GC(1932) Post Compact 2.457ms
[572.862s][info][gc,heap        ] GC(1932) PSYoungGen: 206240K(222720K)->0K(222720K) Eden: 111616K(111616K)->0K(111616K) From: 94624K(111104K)->0K(111104K)
[572.862s][info][gc,heap        ] GC(1932) ParOldGen: 623248K(667648K)->544425K(667648K)
[572.862s][info][gc,metaspace   ] GC(1932) Metaspace: 18979K(19072K)->18979K(19072K) NonClass: 17150K(17216K)->17150K(17216K) Class: 1829K(1856K)->1829K(1856K)
[572.862s][info][gc             ] GC(1932) Pause Full (Allocation Failure) 810M->531M(869M) 962.978ms
[572.862s][info][gc,cpu         ] GC(1932) User=1.82s Sys=0.00s Real=0.96s
[572.924s][info][gc,start       ] GC(1933) Pause Young (Allocation Failure)
[572.926s][info][gc,heap        ] GC(1933) PSYoungGen: 111616K(222720K)->192K(222720K) Eden: 111616K(111616K)->0K(111616K) From: 0K(111104K)->192K(111104K)
[572.926s][info][gc,heap        ] GC(1933) ParOldGen: 544425K(667648K)->544425K(667648K)
[572.926s][info][gc,metaspace   ] GC(1933) Metaspace: 18979K(19072K)->18979K(19072K) NonClass: 17150K(17216K)->17150K(17216K) Class: 1829K(1856K)->1829K(1856K)
[572.926s][info][gc             ] GC(1933) Pause Young (Allocation Failure) 640M->531M(869M) 2.086ms
[572.926s][info][gc,cpu         ] GC(1933) User=0.00s Sys=0.00s Real=0.00s
[573.042s][info][gc,start       ] GC(1934) Pause Young (Allocation Failure)
[573.054s][info][gc,heap        ] GC(1934) PSYoungGen: 111808K(222720K)->5003K(222720K) Eden: 111616K(111616K)->0K(111616K) From: 192K(111104K)->5003K(111104K)
[573.054s][info][gc,heap        ] GC(1934) ParOldGen: 544425K(667648K)->544425K(667648K)
[573.054s][info][gc,metaspace   ] GC(1934) Metaspace: 18979K(19072K)->18979K(19072K) NonClass: 17150K(17216K)->17150K(17216K) Class: 1829K(1856K)->1829K(1856K)
[573.054s][info][gc             ] GC(1934) Pause Young (Allocation Failure) 640M->536M(869M) 11.780ms
[573.054s][info][gc,cpu         ] GC(1934) User=0.03s Sys=0.00s Real=0.02s
[573.138s][info][gc,start       ] GC(1935) Pause Young (Allocation Failure)
[573.158s][info][gc,heap        ] GC(1935) PSYoungGen: 116619K(222720K)->15275K(222720K) Eden: 111616K(111616K)->0K(111616K) From: 5003K(111104K)->15275K(111104K)
[573.158s][info][gc,heap        ] GC(1935) ParOldGen: 544425K(667648K)->544425K(667648K)
[573.158s][info][gc,metaspace   ] GC(1935) Metaspace: 18980K(19136K)->18980K(19136K) NonClass: 17151K(17280K)->17151K(17280K) Class: 1829K(1856K)->1829K(1856K)
[573.158s][info][gc             ] GC(1935) Pause Young (Allocation Failure) 645M->546M(869M) 20.581ms
[573.158s][info][gc,cpu         ] GC(1935) User=0.04s Sys=0.00s Real=0.02s
[573.239s][info][gc,start       ] GC(1936) Pause Young (Allocation Failure)
[573.259s][info][gc,heap        ] GC(1936) PSYoungGen: 126891K(222720K)->19675K(222720K) Eden: 111616K(111616K)->0K(111616K) From: 15275K(111104K)->19675K(111104K)
[573.259s][info][gc,heap        ] GC(1936) ParOldGen: 544425K(667648K)->544425K(667648K)
[573.259s][info][gc,metaspace   ] GC(1936) Metaspace: 18980K(19136K)->18980K(19136K) NonClass: 17151K(17280K)->17151K(17280K) Class: 1829K(1856K)->1829K(1856K)
[573.259s][info][gc             ] GC(1936) Pause Young (Allocation Failure) 655M->550M(869M) 19.566ms
[573.259s][info][gc,cpu         ] GC(1936) User=0.04s Sys=0.00s Real=0.02s
[573.366s][info][gc,start       ] GC(1937) Pause Young (Allocation Failure)
[573.382s][info][gc,heap        ] GC(1937) PSYoungGen: 131291K(222720K)->15531K(222720K) Eden: 111616K(111616K)->0K(111616K) From: 19675K(111104K)->15531K(111104K)
[573.382s][info][gc,heap        ] GC(1937) ParOldGen: 544425K(667648K)->544425K(667648K)
[573.382s][info][gc,metaspace   ] GC(1937) Metaspace: 18985K(19136K)->18985K(19136K) NonClass: 17155K(17280K)->17155K(17280K) Class: 1829K(1856K)->1829K(1856K)
[573.382s][info][gc             ] GC(1937) Pause Young (Allocation Failure) 659M->546M(869M) 16.002ms
[573.382s][info][gc,cpu         ] GC(1937) User=0.03s Sys=0.00s Real=0.01s
[573.459s][info][gc,start       ] GC(1938) Pause Young (Allocation Failure)
[573.498s][info][gc,heap        ] GC(1938) PSYoungGen: 127147K(222720K)->40464K(222720K) Eden: 111616K(111616K)->0K(111616K) From: 15531K(111104K)->40464K(111104K)
[573.498s][info][gc,heap        ] GC(1938) ParOldGen: 544425K(667648K)->549413K(667648K)
[573.498s][info][gc,metaspace   ] GC(1938) Metaspace: 18985K(19136K)->18985K(19136K) NonClass: 17155K(17280K)->17155K(17280K) Class: 1829K(1856K)->1829K(1856K)
[573.498s][info][gc             ] GC(1938) Pause Young (Allocation Failure) 655M->576M(869M) 39.375ms
[573.498s][info][gc,cpu         ] GC(1938) User=0.07s Sys=0.00s Real=0.04s
[573.609s][info][gc,start       ] GC(1939) Pause Young (Allocation Failure)
[573.656s][info][gc,heap        ] GC(1939) PSYoungGen: 152080K(222720K)->46192K(158208K) Eden: 111616K(111616K)->0K(111616K) From: 40464K(111104K)->46192K(46592K)
[573.656s][info][gc,heap        ] GC(1939) ParOldGen: 549413K(667648K)->554253K(667648K)
[573.656s][info][gc,metaspace   ] GC(1939) Metaspace: 18985K(19136K)->18985K(19136K) NonClass: 17156K(17280K)->17156K(17280K) Class: 1829K(1856K)->1829K(1856K)
[573.656s][info][gc             ] GC(1939) Pause Young (Allocation Failure) 685M->586M(806M) 47.114ms
[573.656s][info][gc,cpu         ] GC(1939) User=0.09s Sys=0.00s Real=0.05s
[573.747s][info][gc,start       ] GC(1940) Pause Young (Allocation Failure)
[573.808s][info][gc,heap        ] GC(1940) PSYoungGen: 157808K(158208K)->64144K(218624K) Eden: 111616K(111616K)->0K(109568K) From: 46192K(46592K)->64144K(109056K)
[573.808s][info][gc,heap        ] GC(1940) ParOldGen: 554253K(667648K)->554253K(667648K)
[573.808s][info][gc,metaspace   ] GC(1940) Metaspace: 18985K(19136K)->18985K(19136K) NonClass: 17156K(17280K)->17156K(17280K) Class: 1829K(1856K)->1829K(1856K)
[573.808s][info][gc             ] GC(1940) Pause Young (Allocation Failure) 695M->603M(865M) 61.520ms
[573.808s][info][gc,cpu         ] GC(1940) User=0.12s Sys=0.00s Real=0.06s
[573.934s][info][gc,start       ] GC(1941) Pause Young (Allocation Failure)
[573.998s][info][gc,heap        ] GC(1941) PSYoungGen: 173712K(218624K)->38624K(148480K) Eden: 109568K(109568K)->0K(109568K) From: 64144K(109056K)->38624K(38912K)
[573.998s][info][gc,heap        ] GC(1941) ParOldGen: 554253K(667648K)->583821K(667648K)
[573.998s][info][gc,metaspace   ] GC(1941) Metaspace: 18985K(19136K)->18985K(19136K) NonClass: 17156K(17280K)->17156K(17280K) Class: 1829K(1856K)->1829K(1856K)
[573.998s][info][gc             ] GC(1941) Pause Young (Allocation Failure) 710M->607M(797M) 63.374ms
[573.998s][info][gc,cpu         ] GC(1941) User=0.12s Sys=0.00s Real=0.06s
[574.357s][info][gc,start       ] GC(1942) Pause Young (Allocation Failure)
[574.399s][info][gc,heap        ] GC(1942) PSYoungGen: 148192K(148480K)->22304K(221696K) Eden: 109568K(109568K)->0K(116736K) From: 38624K(38912K)->22304K(104960K)
[574.399s][info][gc,heap        ] GC(1942) ParOldGen: 583821K(667648K)->600741K(667648K)
[574.399s][info][gc,metaspace   ] GC(1942) Metaspace: 18985K(19136K)->18985K(19136K) NonClass: 17156K(17280K)->17156K(17280K) Class: 1829K(1856K)->1829K(1856K)
[574.399s][info][gc             ] GC(1942) Pause Young (Allocation Failure) 714M->608M(868M) 41.980ms
[574.399s][info][gc,cpu         ] GC(1942) User=0.08s Sys=0.01s Real=0.04s
[574.584s][info][gc,start       ] GC(1943) Pause Young (Allocation Failure)
[574.616s][info][gc,heap        ] GC(1943) PSYoungGen: 139040K(221696K)->34320K(218624K) Eden: 116736K(116736K)->0K(116736K) From: 22304K(104960K)->34320K(101888K)
[574.616s][info][gc,heap        ] GC(1943) ParOldGen: 600741K(667648K)->600741K(667648K)
[574.616s][info][gc,metaspace   ] GC(1943) Metaspace: 18986K(19136K)->18986K(19136K) NonClass: 17156K(17280K)->17156K(17280K) Class: 1829K(1856K)->1829K(1856K)
[574.616s][info][gc             ] GC(1943) Pause Young (Allocation Failure) 722M->620M(865M) 32.371ms
[574.616s][info][gc,cpu         ] GC(1943) User=0.06s Sys=0.00s Real=0.03s
[574.772s][info][gc,start       ] GC(1944) Pause Young (Allocation Failure)
[574.809s][info][gc,heap        ] GC(1944) PSYoungGen: 151056K(218624K)->38896K(211456K) Eden: 116736K(116736K)->0K(126976K) From: 34320K(101888K)->38896K(84480K)
[574.809s][info][gc,heap        ] GC(1944) ParOldGen: 600741K(667648K)->600741K(667648K)
[574.809s][info][gc,metaspace   ] GC(1944) Metaspace: 18986K(19136K)->18986K(19136K) NonClass: 17156K(17280K)->17156K(17280K) Class: 1829K(1856K)->1829K(1856K)
[574.809s][info][gc             ] GC(1944) Pause Young (Allocation Failure) 734M->624M(858M) 36.915ms
[574.809s][info][gc,cpu         ] GC(1944) User=0.07s Sys=0.00s Real=0.04s
[574.888s][info][gc,start       ] GC(1945) Pause Young (Allocation Failure)
[574.955s][info][gc,heap        ] GC(1945) PSYoungGen: 165872K(211456K)->83808K(217600K) Eden: 126976K(126976K)->0K(126976K) From: 38896K(84480K)->83808K(90624K)
[574.955s][info][gc,heap        ] GC(1945) ParOldGen: 600741K(667648K)->600741K(667648K)
[574.955s][info][gc,metaspace   ] GC(1945) Metaspace: 18986K(19136K)->18986K(19136K) NonClass: 17156K(17280K)->17156K(17280K) Class: 1829K(1856K)->1829K(1856K)
[574.955s][info][gc             ] GC(1945) Pause Young (Allocation Failure) 748M->668M(864M) 66.698ms
[574.955s][info][gc,cpu         ] GC(1945) User=0.13s Sys=0.00s Real=0.07s
[575.119s][info][gc,start       ] GC(1946) Pause Young (Allocation Failure)
[575.211s][info][gc,heap        ] GC(1946) PSYoungGen: 210784K(217600K)->98624K(214016K) Eden: 126976K(126976K)->0K(111616K) From: 83808K(90624K)->98624K(102400K)
[575.211s][info][gc,heap        ] GC(1946) ParOldGen: 600741K(667648K)->618741K(667648K)
[575.211s][info][gc,metaspace   ] GC(1946) Metaspace: 18986K(19136K)->18986K(19136K) NonClass: 17156K(17280K)->17156K(17280K) Class: 1829K(1856K)->1829K(1856K)
[575.212s][info][gc             ] GC(1946) Pause Young (Allocation Failure) 792M->700M(861M) 92.297ms
[575.212s][info][gc,cpu         ] GC(1946) User=0.17s Sys=0.01s Real=0.09s
[575.323s][info][gc,start       ] GC(1947) Pause Young (Allocation Failure)
[575.389s][info][gc,heap        ] GC(1947) PSYoungGen: 210240K(214016K)->97472K(222720K) Eden: 111616K(111616K)->0K(111616K) From: 98624K(102400K)->97472K(111104K)
[575.389s][info][gc,heap        ] GC(1947) ParOldGen: 618741K(667648K)->622861K(667648K)
[575.389s][info][gc,metaspace   ] GC(1947) Metaspace: 18986K(19136K)->18986K(19136K) NonClass: 17156K(17280K)->17156K(17280K) Class: 1829K(1856K)->1829K(1856K)
[575.389s][info][gc             ] GC(1947) Pause Young (Allocation Failure) 809M->703M(869M) 66.613ms
[575.389s][info][gc,cpu         ] GC(1947) User=0.13s Sys=0.00s Real=0.07s
[575.549s][info][gc,start       ] GC(1948) Pause Young (Allocation Failure)
[575.650s][info][gc,heap        ] GC(1948) PSYoungGen: 209088K(222720K)->111088K(222720K) Eden: 111616K(111616K)->0K(111616K) From: 97472K(111104K)->111088K(111104K)
[575.650s][info][gc,heap        ] GC(1948) ParOldGen: 622861K(667648K)->626434K(667648K)
[575.650s][info][gc,metaspace   ] GC(1948) Metaspace: 18986K(19136K)->18986K(19136K) NonClass: 17156K(17280K)->17156K(17280K) Class: 1829K(1856K)->1829K(1856K)
[575.650s][info][gc             ] GC(1948) Pause Young (Allocation Failure) 812M->720M(869M) 101.207ms
[575.650s][info][gc,cpu         ] GC(1948) User=0.19s Sys=0.01s Real=0.10s
[575.778s][info][gc,start       ] GC(1949) Pause Young (Allocation Failure)
[575.916s][info][gc,promotion   ] GC(1949) Promotion failed
[575.916s][info][gc,heap        ] GC(1949) PSYoungGen: 222704K(222720K)->222704K(222720K) Eden: 111616K(111616K)->111616K(111616K) From: 111088K(111104K)->111088K(111104K)
[575.916s][info][gc,heap        ] GC(1949) ParOldGen: 626434K(667648K)->667646K(667648K)
[575.916s][info][gc,metaspace   ] GC(1949) Metaspace: 18986K(19136K)->18986K(19136K) NonClass: 17156K(17280K)->17156K(17280K) Class: 1829K(1856K)->1829K(1856K)
[575.916s][info][gc             ] GC(1949) Pause Young (Allocation Failure) 829M->869M(869M) 138.320ms
[575.916s][info][gc,cpu         ] GC(1949) User=0.24s Sys=0.03s Real=0.14s
[575.916s][info][gc,start       ] GC(1950) Pause Full (Allocation Failure)
[575.916s][info][gc,phases,start] GC(1950) Marking Phase
[576.280s][info][gc,phases      ] GC(1950) Marking Phase 363.639ms
[576.280s][info][gc,phases,start] GC(1950) Summary Phase
[576.280s][info][gc,phases      ] GC(1950) Summary Phase 0.029ms
[576.280s][info][gc,phases,start] GC(1950) Forward
[576.366s][info][gc,phases      ] GC(1950) Forward 85.883ms
[576.366s][info][gc,phases,start] GC(1950) Adjust Pointers
[576.640s][info][gc,phases      ] GC(1950) Adjust Pointers 274.175ms
[576.640s][info][gc,phases,start] GC(1950) Compaction Phase
[576.772s][info][gc,phases      ] GC(1950) Compaction Phase 132.288ms
[576.780s][info][gc,phases,start] GC(1950) Post Compact
[576.783s][info][gc,phases      ] GC(1950) Post Compact 2.758ms
[576.783s][info][gc,heap        ] GC(1950) PSYoungGen: 222704K(222720K)->0K(222720K) Eden: 111616K(111616K)->0K(111616K) From: 111088K(111104K)->0K(111104K)
[576.783s][info][gc,heap        ] GC(1950) ParOldGen: 667646K(667648K)->535812K(667648K)
[576.783s][info][gc,metaspace   ] GC(1950) Metaspace: 18986K(19136K)->18986K(19136K) NonClass: 17156K(17280K)->17156K(17280K) Class: 1829K(1856K)->1829K(1856K)
[576.783s][info][gc             ] GC(1950) Pause Full (Allocation Failure) 869M->523M(869M) 867.345ms
[576.783s][info][gc,cpu         ] GC(1950) User=1.65s Sys=0.00s Real=0.86s
[576.900s][info][gc,start       ] GC(1951) Pause Young (Allocation Failure)
[576.915s][info][gc,heap        ] GC(1951) PSYoungGen: 111616K(222720K)->9248K(222720K) Eden: 111616K(111616K)->0K(111616K) From: 0K(111104K)->9248K(111104K)
[576.915s][info][gc,heap        ] GC(1951) ParOldGen: 535812K(667648K)->535812K(667648K)
[576.915s][info][gc,metaspace   ] GC(1951) Metaspace: 18986K(19136K)->18986K(19136K) NonClass: 17156K(17280K)->17156K(17280K) Class: 1829K(1856K)->1829K(1856K)
[576.915s][info][gc             ] GC(1951) Pause Young (Allocation Failure) 632M->532M(869M) 15.130ms
[576.915s][info][gc,cpu         ] GC(1951) User=0.03s Sys=0.00s Real=0.02s
[577.008s][info][gc,start       ] GC(1952) Pause Young (Allocation Failure)
[577.021s][info][gc,heap        ] GC(1952) PSYoungGen: 120864K(222720K)->9920K(222720K) Eden: 111616K(111616K)->0K(111616K) From: 9248K(111104K)->9920K(111104K)
[577.021s][info][gc,heap        ] GC(1952) ParOldGen: 535812K(667648K)->535812K(667648K)
[577.021s][info][gc,metaspace   ] GC(1952) Metaspace: 18986K(19136K)->18986K(19136K) NonClass: 17156K(17280K)->17156K(17280K) Class: 1829K(1856K)->1829K(1856K)
[577.021s][info][gc             ] GC(1952) Pause Young (Allocation Failure) 641M->532M(869M) 13.164ms
[577.021s][info][gc,cpu         ] GC(1952) User=0.03s Sys=0.00s Real=0.01s
[577.136s][info][gc,start       ] GC(1953) Pause Young (Allocation Failure)
[577.152s][info][gc,heap        ] GC(1953) PSYoungGen: 121536K(222720K)->192K(222720K) Eden: 111616K(111616K)->0K(111616K) From: 9920K(111104K)->192K(111104K)
[577.152s][info][gc,heap        ] GC(1953) ParOldGen: 535812K(667648K)->545740K(667648K)
[577.152s][info][gc,metaspace   ] GC(1953) Metaspace: 18986K(19136K)->18986K(19136K) NonClass: 17156K(17280K)->17156K(17280K) Class: 1829K(1856K)->1829K(1856K)
[577.152s][info][gc             ] GC(1953) Pause Young (Allocation Failure) 641M->533M(869M) 16.146ms
[577.152s][info][gc,cpu         ] GC(1953) User=0.03s Sys=0.00s Real=0.01s
[577.271s][info][gc,start       ] GC(1954) Pause Young (Allocation Failure)
[577.279s][info][gc,heap        ] GC(1954) PSYoungGen: 111808K(222720K)->4288K(222720K) Eden: 111616K(111616K)->0K(111616K) From: 192K(111104K)->4288K(111104K)
[577.279s][info][gc,heap        ] GC(1954) ParOldGen: 545740K(667648K)->545932K(667648K)
[577.279s][info][gc,metaspace   ] GC(1954) Metaspace: 18986K(19136K)->18986K(19136K) NonClass: 17156K(17280K)->17156K(17280K) Class: 1829K(1856K)->1829K(1856K)
[577.279s][info][gc             ] GC(1954) Pause Young (Allocation Failure) 642M->537M(869M) 8.126ms
[577.279s][info][gc,cpu         ] GC(1954) User=0.01s Sys=0.00s Real=0.01s
[577.451s][info][gc,start       ] GC(1955) Pause Young (Allocation Failure)
[577.468s][info][gc,heap        ] GC(1955) PSYoungGen: 115904K(222720K)->10400K(222720K) Eden: 111616K(111616K)->0K(111616K) From: 4288K(111104K)->10400K(111104K)
[577.468s][info][gc,heap        ] GC(1955) ParOldGen: 545932K(667648K)->550204K(667648K)
[577.468s][info][gc,metaspace   ] GC(1955) Metaspace: 18986K(19136K)->18986K(19136K) NonClass: 17156K(17280K)->17156K(17280K) Class: 1829K(1856K)->1829K(1856K)
[577.468s][info][gc             ] GC(1955) Pause Young (Allocation Failure) 646M->547M(869M) 16.941ms
[577.468s][info][gc,cpu         ] GC(1955) User=0.03s Sys=0.00s Real=0.02s
[577.624s][info][gc,start       ] GC(1956) Pause Young (Allocation Failure)
[577.656s][info][gc,heap        ] GC(1956) PSYoungGen: 122016K(222720K)->18448K(222720K) Eden: 111616K(111616K)->0K(111616K) From: 10400K(111104K)->18448K(111104K)
[577.656s][info][gc,heap        ] GC(1956) ParOldGen: 550204K(667648K)->560620K(667648K)
[577.656s][info][gc,metaspace   ] GC(1956) Metaspace: 18986K(19136K)->18986K(19136K) NonClass: 17156K(17280K)->17156K(17280K) Class: 1829K(1856K)->1829K(1856K)
[577.656s][info][gc             ] GC(1956) Pause Young (Allocation Failure) 656M->565M(869M) 31.208ms
[577.656s][info][gc,cpu         ] GC(1956) User=0.06s Sys=0.00s Real=0.03s
[578.010s][info][gc,start       ] GC(1957) Pause Young (Allocation Failure)
[578.030s][info][gc,heap        ] GC(1957) PSYoungGen: 130064K(222720K)->64K(222720K) Eden: 111616K(111616K)->0K(111616K) From: 18448K(111104K)->64K(111104K)
[578.030s][info][gc,heap        ] GC(1957) ParOldGen: 560620K(667648K)->579092K(667648K)
[578.030s][info][gc,metaspace   ] GC(1957) Metaspace: 18986K(19136K)->18986K(19136K) NonClass: 17156K(17280K)->17156K(17280K) Class: 1829K(1856K)->1829K(1856K)
[578.030s][info][gc             ] GC(1957) Pause Young (Allocation Failure) 674M->565M(869M) 20.164ms
[578.030s][info][gc,cpu         ] GC(1957) User=0.04s Sys=0.00s Real=0.02s
[578.306s][info][gc,start       ] GC(1958) Pause Young (Allocation Failure)
[578.318s][info][gc,heap        ] GC(1958) PSYoungGen: 111680K(222720K)->64K(222720K) Eden: 111616K(111616K)->0K(111616K) From: 64K(111104K)->64K(111104K)
[578.318s][info][gc,heap        ] GC(1958) ParOldGen: 579092K(667648K)->579140K(667648K)
[578.318s][info][gc,metaspace   ] GC(1958) Metaspace: 18986K(19136K)->18986K(19136K) NonClass: 17156K(17280K)->17156K(17280K) Class: 1829K(1856K)->1829K(1856K)
[578.318s][info][gc             ] GC(1958) Pause Young (Allocation Failure) 674M->565M(869M) 12.423ms
[578.318s][info][gc,cpu         ] GC(1958) User=0.02s Sys=0.00s Real=0.01s
[578.573s][info][gc,start       ] GC(1959) Pause Young (Allocation Failure)
[578.575s][info][gc,heap        ] GC(1959) PSYoungGen: 111680K(222720K)->480K(222720K) Eden: 111616K(111616K)->0K(111616K) From: 64K(111104K)->480K(111104K)
[578.575s][info][gc,heap        ] GC(1959) ParOldGen: 579140K(667648K)->579164K(667648K)
[578.575s][info][gc,metaspace   ] GC(1959) Metaspace: 18986K(19136K)->18986K(19136K) NonClass: 17156K(17280K)->17156K(17280K) Class: 1829K(1856K)->1829K(1856K)
[578.575s][info][gc             ] GC(1959) Pause Young (Allocation Failure) 674M->566M(869M) 2.435ms
[578.575s][info][gc,cpu         ] GC(1959) User=0.00s Sys=0.00s Real=0.01s
[578.668s][info][gc,start       ] GC(1960) Pause Young (Allocation Failure)
[578.696s][info][gc,heap        ] GC(1960) PSYoungGen: 112096K(222720K)->37344K(222720K) Eden: 111616K(111616K)->0K(111616K) From: 480K(111104K)->37344K(111104K)
[578.696s][info][gc,heap        ] GC(1960) ParOldGen: 579164K(667648K)->579596K(667648K)
[578.696s][info][gc,metaspace   ] GC(1960) Metaspace: 18992K(19136K)->18992K(19136K) NonClass: 17162K(17280K)->17162K(17280K) Class: 1829K(1856K)->1829K(1856K)
[578.696s][info][gc             ] GC(1960) Pause Young (Allocation Failure) 675M->602M(869M) 27.363ms
[578.696s][info][gc,cpu         ] GC(1960) User=0.06s Sys=0.00s Real=0.03s
[578.832s][info][gc,start       ] GC(1961) Pause Young (Allocation Failure)
[578.862s][info][gc,heap        ] GC(1961) PSYoungGen: 148960K(222720K)->6336K(215552K) Eden: 111616K(111616K)->0K(111616K) From: 37344K(111104K)->6336K(103936K)
[578.862s][info][gc,heap        ] GC(1961) ParOldGen: 579596K(667648K)->617370K(667648K)
[578.862s][info][gc,metaspace   ] GC(1961) Metaspace: 18992K(19136K)->18992K(19136K) NonClass: 17162K(17280K)->17162K(17280K) Class: 1829K(1856K)->1829K(1856K)
[578.862s][info][gc             ] GC(1961) Pause Young (Allocation Failure) 711M->609M(862M) 30.375ms
[578.862s][info][gc,cpu         ] GC(1961) User=0.06s Sys=0.00s Real=0.03s
[579.031s][info][gc,start       ] GC(1962) Pause Young (Allocation Failure)
[579.055s][info][gc,heap        ] GC(1962) PSYoungGen: 117952K(215552K)->17152K(219136K) Eden: 111616K(111616K)->0K(111616K) From: 6336K(103936K)->17152K(107520K)
[579.056s][info][gc,heap        ] GC(1962) ParOldGen: 617370K(667648K)->617370K(667648K)
[579.056s][info][gc,metaspace   ] GC(1962) Metaspace: 18992K(19136K)->18992K(19136K) NonClass: 17162K(17280K)->17162K(17280K) Class: 1829K(1856K)->1829K(1856K)
[579.056s][info][gc             ] GC(1962) Pause Young (Allocation Failure) 718M->619M(866M) 24.366ms
[579.056s][info][gc,cpu         ] GC(1962) User=0.05s Sys=0.01s Real=0.03s
[579.228s][info][gc,start       ] GC(1963) Pause Young (Allocation Failure)
[579.255s][info][gc,heap        ] GC(1963) PSYoungGen: 128768K(219136K)->20800K(206336K) Eden: 111616K(111616K)->0K(119296K) From: 17152K(107520K)->20800K(87040K)
[579.255s][info][gc,heap        ] GC(1963) ParOldGen: 617370K(667648K)->617370K(667648K)
[579.255s][info][gc,metaspace   ] GC(1963) Metaspace: 18992K(19136K)->18992K(19136K) NonClass: 17162K(17280K)->17162K(17280K) Class: 1829K(1856K)->1829K(1856K)
[579.255s][info][gc             ] GC(1963) Pause Young (Allocation Failure) 728M->623M(853M) 27.486ms
[579.255s][info][gc,cpu         ] GC(1963) User=0.05s Sys=0.00s Real=0.03s
[579.391s][info][gc,start       ] GC(1964) Pause Young (Allocation Failure)
[579.435s][info][gc,heap        ] GC(1964) PSYoungGen: 140096K(206336K)->39424K(212992K) Eden: 119296K(119296K)->0K(119296K) From: 20800K(87040K)->39424K(93696K)
[579.435s][info][gc,heap        ] GC(1964) ParOldGen: 617370K(667648K)->617370K(667648K)
[579.435s][info][gc,metaspace   ] GC(1964) Metaspace: 18992K(19136K)->18992K(19136K) NonClass: 17162K(17280K)->17162K(17280K) Class: 1829K(1856K)->1829K(1856K)
[579.435s][info][gc             ] GC(1964) Pause Young (Allocation Failure) 739M->641M(860M) 44.228ms
[579.435s][info][gc,cpu         ] GC(1964) User=0.09s Sys=0.00s Real=0.05s
[579.538s][info][gc,start       ] GC(1965) Pause Young (Allocation Failure)
[579.583s][info][gc,heap        ] GC(1965) PSYoungGen: 158720K(212992K)->40480K(221184K) Eden: 119296K(119296K)->0K(129536K) From: 39424K(93696K)->40480K(91648K)
[579.583s][info][gc,heap        ] GC(1965) ParOldGen: 617370K(667648K)->617370K(667648K)
[579.583s][info][gc,metaspace   ] GC(1965) Metaspace: 18992K(19136K)->18992K(19136K) NonClass: 17162K(17280K)->17162K(17280K) Class: 1829K(1856K)->1829K(1856K)
[579.583s][info][gc             ] GC(1965) Pause Young (Allocation Failure) 757M->642M(868M) 45.252ms
[579.583s][info][gc,cpu         ] GC(1965) User=0.09s Sys=0.00s Real=0.04s
[579.732s][info][gc,start       ] GC(1966) Pause Young (Allocation Failure)
[579.784s][info][gc,heap        ] GC(1966) PSYoungGen: 170016K(221184K)->48064K(220672K) Eden: 129536K(129536K)->0K(129536K) From: 40480K(91648K)->48064K(91136K)
[579.784s][info][gc,heap        ] GC(1966) ParOldGen: 617370K(667648K)->617370K(667648K)
[579.784s][info][gc,metaspace   ] GC(1966) Metaspace: 18992K(19136K)->18992K(19136K) NonClass: 17162K(17280K)->17162K(17280K) Class: 1829K(1856K)->1829K(1856K)
[579.784s][info][gc             ] GC(1966) Pause Young (Allocation Failure) 768M->649M(867M) 52.161ms
[579.784s][info][gc,cpu         ] GC(1966) User=0.10s Sys=0.00s Real=0.06s
[580.064s][info][gc,start       ] GC(1967) Pause Young (Allocation Failure)
[580.125s][info][gc,heap        ] GC(1967) PSYoungGen: 177600K(220672K)->58144K(229888K) Eden: 129536K(129536K)->0K(137216K) From: 48064K(91136K)->58144K(92672K)
[580.125s][info][gc,heap        ] GC(1967) ParOldGen: 617370K(667648K)->617370K(667648K)
[580.125s][info][gc,metaspace   ] GC(1967) Metaspace: 18992K(19136K)->18992K(19136K) NonClass: 17162K(17280K)->17162K(17280K) Class: 1829K(1856K)->1829K(1856K)
[580.125s][info][gc             ] GC(1967) Pause Young (Allocation Failure) 776M->659M(876M) 61.006ms
[580.125s][info][gc,cpu         ] GC(1967) User=0.12s Sys=0.00s Real=0.06s
[580.473s][info][gc,start       ] GC(1968) Pause Young (Allocation Failure)
[580.535s][info][gc,heap        ] GC(1968) PSYoungGen: 195360K(229888K)->58400K(196096K) Eden: 137216K(137216K)->0K(137216K) From: 58144K(92672K)->58400K(58880K)
[580.535s][info][gc,heap        ] GC(1968) ParOldGen: 617370K(667648K)->617370K(667648K)
[580.535s][info][gc,metaspace   ] GC(1968) Metaspace: 18992K(19136K)->18992K(19136K) NonClass: 17162K(17280K)->17162K(17280K) Class: 1829K(1856K)->1829K(1856K)
[580.535s][info][gc             ] GC(1968) Pause Young (Allocation Failure) 793M->659M(843M) 62.206ms
[580.535s][info][gc,cpu         ] GC(1968) User=0.12s Sys=0.00s Real=0.07s
[580.862s][info][gc,start       ] GC(1969) Pause Young (Allocation Failure)
[580.933s][info][gc,heap        ] GC(1969) PSYoungGen: 195616K(196096K)->58208K(229376K) Eden: 137216K(137216K)->0K(129024K) From: 58400K(58880K)->58208K(100352K)
[580.933s][info][gc,heap        ] GC(1969) ParOldGen: 617370K(667648K)->617370K(667648K)
[580.933s][info][gc,metaspace   ] GC(1969) Metaspace: 18992K(19136K)->18992K(19136K) NonClass: 17162K(17280K)->17162K(17280K) Class: 1829K(1856K)->1829K(1856K)
[580.933s][info][gc             ] GC(1969) Pause Young (Allocation Failure) 793M->659M(876M) 70.174ms
[580.933s][info][gc,cpu         ] GC(1969) User=0.14s Sys=0.00s Real=0.07s
[581.206s][info][gc,start       ] GC(1970) Pause Young (Allocation Failure)
[581.270s][info][gc,heap        ] GC(1970) PSYoungGen: 187232K(229376K)->58656K(187904K) Eden: 129024K(129024K)->0K(129024K) From: 58208K(100352K)->58656K(58880K)
[581.270s][info][gc,heap        ] GC(1970) ParOldGen: 617370K(667648K)->617370K(667648K)
[581.270s][info][gc,metaspace   ] GC(1970) Metaspace: 18992K(19136K)->18992K(19136K) NonClass: 17162K(17280K)->17162K(17280K) Class: 1829K(1856K)->1829K(1856K)
[581.270s][info][gc             ] GC(1970) Pause Young (Allocation Failure) 785M->660M(835M) 63.840ms
[581.270s][info][gc,cpu         ] GC(1970) User=0.13s Sys=0.00s Real=0.06s
[581.377s][info][gc,start       ] GC(1971) Pause Young (Allocation Failure)
[581.487s][info][gc,heap        ] GC(1971) PSYoungGen: 187680K(187904K)->103913K(215552K) Eden: 129024K(129024K)->0K(111616K) From: 58656K(58880K)->103913K(103936K)
[581.487s][info][gc,heap        ] GC(1971) ParOldGen: 617370K(667648K)->618698K(667648K)
[581.487s][info][gc,metaspace   ] GC(1971) Metaspace: 18993K(19136K)->18993K(19136K) NonClass: 17163K(17280K)->17163K(17280K) Class: 1829K(1856K)->1829K(1856K)
[581.487s][info][gc             ] GC(1971) Pause Young (Allocation Failure) 786M->705M(862M) 109.604ms
[581.487s][info][gc,cpu         ] GC(1971) User=0.20s Sys=0.02s Real=0.11s
[581.620s][info][gc,start       ] GC(1972) Pause Young (Allocation Failure)
[581.726s][info][gc,heap        ] GC(1972) PSYoungGen: 215529K(215552K)->111097K(222720K) Eden: 111616K(111616K)->0K(111616K) From: 103913K(103936K)->111097K(111104K)
[581.726s][info][gc,heap        ] GC(1972) ParOldGen: 618698K(667648K)->641010K(667648K)
[581.726s][info][gc,metaspace   ] GC(1972) Metaspace: 18994K(19136K)->18994K(19136K) NonClass: 17165K(17280K)->17165K(17280K) Class: 1829K(1856K)->1829K(1856K)
[581.726s][info][gc             ] GC(1972) Pause Young (Allocation Failure) 814M->734M(869M) 106.358ms
[581.726s][info][gc,cpu         ] GC(1972) User=0.21s Sys=0.00s Real=0.11s
[581.767s][info][gc,start       ] GC(1973) Pause Full (Allocation Failure)
[581.767s][info][gc,phases,start] GC(1973) Marking Phase
[582.047s][info][gc,phases      ] GC(1973) Marking Phase 279.877ms
[582.047s][info][gc,phases,start] GC(1973) Summary Phase
[582.047s][info][gc,phases      ] GC(1973) Summary Phase 0.031ms
[582.047s][info][gc,phases,start] GC(1973) Forward
[582.151s][info][gc,phases      ] GC(1973) Forward 104.003ms
[582.151s][info][gc,phases,start] GC(1973) Adjust Pointers
[582.356s][info][gc,phases      ] GC(1973) Adjust Pointers 205.017ms
[582.357s][info][gc,phases,start] GC(1973) Compaction Phase
[582.483s][info][gc,phases      ] GC(1973) Compaction Phase 126.290ms
[582.492s][info][gc,phases,start] GC(1973) Post Compact
[582.494s][info][gc,phases      ] GC(1973) Post Compact 2.634ms
[582.494s][info][gc,heap        ] GC(1973) PSYoungGen: 222713K(222720K)->0K(222720K) Eden: 111616K(111616K)->0K(111616K) From: 111097K(111104K)->0K(111104K)
[582.494s][info][gc,heap        ] GC(1973) ParOldGen: 641010K(667648K)->433971K(667648K)
[582.495s][info][gc,metaspace   ] GC(1973) Metaspace: 18994K(19136K)->18994K(19136K) NonClass: 17165K(17280K)->17165K(17280K) Class: 1829K(1856K)->1829K(1856K)
[582.495s][info][gc             ] GC(1973) Pause Full (Allocation Failure) 843M->423M(869M) 727.283ms
[582.495s][info][gc,cpu         ] GC(1973) User=1.34s Sys=0.00s Real=0.73s
[582.534s][info][gc,start       ] GC(1974) Pause Young (Allocation Failure)
[582.557s][info][gc,heap        ] GC(1974) PSYoungGen: 111616K(222720K)->29952K(222720K) Eden: 111616K(111616K)->0K(111616K) From: 0K(111104K)->29952K(111104K)
[582.557s][info][gc,heap        ] GC(1974) ParOldGen: 433971K(667648K)->433971K(667648K)
[582.557s][info][gc,metaspace   ] GC(1974) Metaspace: 18994K(19136K)->18994K(19136K) NonClass: 17165K(17280K)->17165K(17280K) Class: 1829K(1856K)->1829K(1856K)
[582.558s][info][gc             ] GC(1974) Pause Young (Allocation Failure) 532M->453M(869M) 23.491ms
[582.558s][info][gc,cpu         ] GC(1974) User=0.05s Sys=0.00s Real=0.02s
[582.699s][info][gc,start       ] GC(1975) Pause Young (Allocation Failure)
[582.757s][info][gc,heap        ] GC(1975) PSYoungGen: 141568K(222720K)->54240K(222720K) Eden: 111616K(111616K)->0K(111616K) From: 29952K(111104K)->54240K(111104K)
[582.757s][info][gc,heap        ] GC(1975) ParOldGen: 433971K(667648K)->433971K(667648K)
[582.757s][info][gc,metaspace   ] GC(1975) Metaspace: 18994K(19136K)->18994K(19136K) NonClass: 17165K(17280K)->17165K(17280K) Class: 1829K(1856K)->1829K(1856K)
[582.757s][info][gc             ] GC(1975) Pause Young (Allocation Failure) 562M->476M(869M) 57.909ms
[582.757s][info][gc,cpu         ] GC(1975) User=0.11s Sys=0.00s Real=0.06s
[582.838s][info][gc,start       ] GC(1976) Pause Young (Allocation Failure)
[582.896s][info][gc,heap        ] GC(1976) PSYoungGen: 165856K(222720K)->61984K(222720K) Eden: 111616K(111616K)->0K(111616K) From: 54240K(111104K)->61984K(111104K)
[582.896s][info][gc,heap        ] GC(1976) ParOldGen: 433971K(667648K)->433971K(667648K)
[582.896s][info][gc,metaspace   ] GC(1976) Metaspace: 18994K(19136K)->18994K(19136K) NonClass: 17165K(17280K)->17165K(17280K) Class: 1829K(1856K)->1829K(1856K)
[582.896s][info][gc             ] GC(1976) Pause Young (Allocation Failure) 585M->484M(869M) 58.150ms
[582.896s][info][gc,cpu         ] GC(1976) User=0.11s Sys=0.00s Real=0.06s
[583.048s][info][gc,start       ] GC(1977) Pause Young (Allocation Failure)
[583.135s][info][gc,heap        ] GC(1977) PSYoungGen: 173600K(222720K)->80800K(222720K) Eden: 111616K(111616K)->0K(111616K) From: 61984K(111104K)->80800K(111104K)
[583.135s][info][gc,heap        ] GC(1977) ParOldGen: 433971K(667648K)->433971K(667648K)
[583.135s][info][gc,metaspace   ] GC(1977) Metaspace: 18994K(19136K)->18994K(19136K) NonClass: 17165K(17280K)->17165K(17280K) Class: 1829K(1856K)->1829K(1856K)
[583.135s][info][gc             ] GC(1977) Pause Young (Allocation Failure) 593M->502M(869M) 87.699ms
[583.135s][info][gc,cpu         ] GC(1977) User=0.17s Sys=0.01s Real=0.09s
[583.297s][info][gc,start       ] GC(1978) Pause Young (Allocation Failure)
[583.393s][info][gc,heap        ] GC(1978) PSYoungGen: 192416K(222720K)->80832K(222720K) Eden: 111616K(111616K)->0K(111616K) From: 80800K(111104K)->80832K(111104K)
[583.393s][info][gc,heap        ] GC(1978) ParOldGen: 433971K(667648K)->433971K(667648K)
[583.393s][info][gc,metaspace   ] GC(1978) Metaspace: 18994K(19136K)->18994K(19136K) NonClass: 17165K(17280K)->17165K(17280K) Class: 1829K(1856K)->1829K(1856K)
[583.393s][info][gc             ] GC(1978) Pause Young (Allocation Failure) 611M->502M(869M) 96.378ms
[583.393s][info][gc,cpu         ] GC(1978) User=0.20s Sys=0.00s Real=0.09s
[583.553s][info][gc,start       ] GC(1979) Pause Young (Allocation Failure)
[583.651s][info][gc,heap        ] GC(1979) PSYoungGen: 192448K(222720K)->26624K(222720K) Eden: 111616K(111616K)->0K(111616K) From: 80832K(111104K)->26624K(111104K)
[583.651s][info][gc,heap        ] GC(1979) ParOldGen: 433971K(667648K)->488706K(667648K)
[583.651s][info][gc,metaspace   ] GC(1979) Metaspace: 18994K(19136K)->18994K(19136K) NonClass: 17165K(17280K)->17165K(17280K) Class: 1829K(1856K)->1829K(1856K)
[583.651s][info][gc             ] GC(1979) Pause Young (Allocation Failure) 611M->503M(869M) 98.745ms
[583.651s][info][gc,cpu         ] GC(1979) User=0.20s Sys=0.00s Real=0.10s
[583.797s][info][gc,start       ] GC(1980) Pause Young (Allocation Failure)
[583.839s][info][gc,heap        ] GC(1980) PSYoungGen: 138240K(222720K)->32K(222720K) Eden: 111616K(111616K)->0K(111616K) From: 26624K(111104K)->32K(111104K)
[583.839s][info][gc,heap        ] GC(1980) ParOldGen: 488706K(667648K)->515370K(667648K)
[583.839s][info][gc,metaspace   ] GC(1980) Metaspace: 18994K(19136K)->18994K(19136K) NonClass: 17165K(17280K)->17165K(17280K) Class: 1829K(1856K)->1829K(1856K)
[583.839s][info][gc             ] GC(1980) Pause Young (Allocation Failure) 612M->503M(869M) 41.830ms
[583.839s][info][gc,cpu         ] GC(1980) User=0.08s Sys=0.00s Real=0.04s
[583.987s][info][gc,start       ] GC(1981) Pause Young (Allocation Failure)
[583.989s][info][gc,heap        ] GC(1981) PSYoungGen: 111648K(222720K)->64K(222720K) Eden: 111616K(111616K)->0K(111616K) From: 32K(111104K)->64K(111104K)
[583.989s][info][gc,heap        ] GC(1981) ParOldGen: 515370K(667648K)->515370K(667648K)
[583.989s][info][gc,metaspace   ] GC(1981) Metaspace: 18994K(19136K)->18994K(19136K) NonClass: 17165K(17280K)->17165K(17280K) Class: 1829K(1856K)->1829K(1856K)
[583.989s][info][gc             ] GC(1981) Pause Young (Allocation Failure) 612M->503M(869M) 1.752ms
[583.989s][info][gc,cpu         ] GC(1981) User=0.01s Sys=0.00s Real=0.00s
[584.133s][info][gc,start       ] GC(1982) Pause Young (Allocation Failure)
[584.135s][info][gc,heap        ] GC(1982) PSYoungGen: 111680K(222720K)->64K(222720K) Eden: 111616K(111616K)->0K(111616K) From: 64K(111104K)->64K(111104K)
[584.135s][info][gc,heap        ] GC(1982) ParOldGen: 515370K(667648K)->515370K(667648K)
[584.135s][info][gc,metaspace   ] GC(1982) Metaspace: 18994K(19136K)->18994K(19136K) NonClass: 17165K(17280K)->17165K(17280K) Class: 1829K(1856K)->1829K(1856K)
[584.135s][info][gc             ] GC(1982) Pause Young (Allocation Failure) 612M->503M(869M) 1.719ms
[584.135s][info][gc,cpu         ] GC(1982) User=0.01s Sys=0.00s Real=0.01s
[584.278s][info][gc,start       ] GC(1983) Pause Young (Allocation Failure)
[584.280s][info][gc,heap        ] GC(1983) PSYoungGen: 111680K(222720K)->64K(222720K) Eden: 111616K(111616K)->0K(111616K) From: 64K(111104K)->64K(111104K)
[584.280s][info][gc,heap        ] GC(1983) ParOldGen: 515370K(667648K)->515370K(667648K)
[584.280s][info][gc,metaspace   ] GC(1983) Metaspace: 18994K(19136K)->18994K(19136K) NonClass: 17165K(17280K)->17165K(17280K) Class: 1829K(1856K)->1829K(1856K)
[584.280s][info][gc             ] GC(1983) Pause Young (Allocation Failure) 612M->503M(869M) 1.754ms
[584.280s][info][gc,cpu         ] GC(1983) User=0.00s Sys=0.00s Real=0.00s
[584.425s][info][gc,start       ] GC(1984) Pause Young (Allocation Failure)
[584.427s][info][gc,heap        ] GC(1984) PSYoungGen: 111680K(222720K)->64K(222720K) Eden: 111616K(111616K)->0K(111616K) From: 64K(111104K)->64K(111104K)
[584.427s][info][gc,heap        ] GC(1984) ParOldGen: 515370K(667648K)->515370K(667648K)
[584.427s][info][gc,metaspace   ] GC(1984) Metaspace: 18994K(19136K)->18994K(19136K) NonClass: 17165K(17280K)->17165K(17280K) Class: 1829K(1856K)->1829K(1856K)
[584.427s][info][gc             ] GC(1984) Pause Young (Allocation Failure) 612M->503M(869M) 1.757ms
[584.427s][info][gc,cpu         ] GC(1984) User=0.00s Sys=0.00s Real=0.00s
[584.572s][info][gc,start       ] GC(1985) Pause Young (Allocation Failure)
[584.574s][info][gc,heap        ] GC(1985) PSYoungGen: 111680K(222720K)->64K(222720K) Eden: 111616K(111616K)->0K(111616K) From: 64K(111104K)->64K(111104K)
[584.574s][info][gc,heap        ] GC(1985) ParOldGen: 515370K(667648K)->515370K(667648K)
[584.574s][info][gc,metaspace   ] GC(1985) Metaspace: 18994K(19136K)->18994K(19136K) NonClass: 17165K(17280K)->17165K(17280K) Class: 1829K(1856K)->1829K(1856K)
[584.574s][info][gc             ] GC(1985) Pause Young (Allocation Failure) 612M->503M(869M) 2.304ms
[584.574s][info][gc,cpu         ] GC(1985) User=0.00s Sys=0.00s Real=0.01s
[584.719s][info][gc,start       ] GC(1986) Pause Young (Allocation Failure)
[584.720s][info][gc,heap        ] GC(1986) PSYoungGen: 111680K(222720K)->64K(222720K) Eden: 111616K(111616K)->0K(111616K) From: 64K(111104K)->64K(111104K)
[584.720s][info][gc,heap        ] GC(1986) ParOldGen: 515370K(667648K)->515370K(667648K)
[584.720s][info][gc,metaspace   ] GC(1986) Metaspace: 18994K(19136K)->18994K(19136K) NonClass: 17165K(17280K)->17165K(17280K) Class: 1829K(1856K)->1829K(1856K)
[584.720s][info][gc             ] GC(1986) Pause Young (Allocation Failure) 612M->503M(869M) 1.751ms
[584.720s][info][gc,cpu         ] GC(1986) User=0.00s Sys=0.00s Real=0.00s
[584.866s][info][gc,start       ] GC(1987) Pause Young (Allocation Failure)
[584.868s][info][gc,heap        ] GC(1987) PSYoungGen: 111680K(222720K)->64K(222720K) Eden: 111616K(111616K)->0K(111616K) From: 64K(111104K)->64K(111104K)
[584.868s][info][gc,heap        ] GC(1987) ParOldGen: 515370K(667648K)->515370K(667648K)
[584.868s][info][gc,metaspace   ] GC(1987) Metaspace: 18994K(19136K)->18994K(19136K) NonClass: 17165K(17280K)->17165K(17280K) Class: 1829K(1856K)->1829K(1856K)
[584.868s][info][gc             ] GC(1987) Pause Young (Allocation Failure) 612M->503M(869M) 1.669ms
[584.868s][info][gc,cpu         ] GC(1987) User=0.01s Sys=0.00s Real=0.00s
[585.014s][info][gc,start       ] GC(1988) Pause Young (Allocation Failure)
[585.016s][info][gc,heap        ] GC(1988) PSYoungGen: 111680K(222720K)->64K(112128K) Eden: 111616K(111616K)->0K(111616K) From: 64K(111104K)->64K(512K)
[585.016s][info][gc,heap        ] GC(1988) ParOldGen: 515370K(667648K)->515370K(667648K)
[585.016s][info][gc,metaspace   ] GC(1988) Metaspace: 18994K(19136K)->18994K(19136K) NonClass: 17165K(17280K)->17165K(17280K) Class: 1829K(1856K)->1829K(1856K)
[585.016s][info][gc             ] GC(1988) Pause Young (Allocation Failure) 612M->503M(761M) 2.059ms
[585.016s][info][gc,cpu         ] GC(1988) User=0.00s Sys=0.00s Real=0.00s
[585.151s][info][gc,start       ] GC(1989) Pause Young (Allocation Failure)
[585.159s][info][gc,heap        ] GC(1989) PSYoungGen: 111680K(112128K)->4928K(215552K) Eden: 111616K(111616K)->0K(115200K) From: 64K(512K)->4928K(100352K)
[585.159s][info][gc,heap        ] GC(1989) ParOldGen: 515370K(667648K)->515370K(667648K)
[585.159s][info][gc,metaspace   ] GC(1989) Metaspace: 18994K(19136K)->18994K(19136K) NonClass: 17165K(17280K)->17165K(17280K) Class: 1829K(1856K)->1829K(1856K)
[585.159s][info][gc             ] GC(1989) Pause Young (Allocation Failure) 612M->508M(862M) 7.585ms
[585.159s][info][gc,cpu         ] GC(1989) User=0.01s Sys=0.00s Real=0.01s
[585.262s][info][gc,start       ] GC(1990) Pause Young (Allocation Failure)
[585.286s][info][gc,heap        ] GC(1990) PSYoungGen: 120128K(215552K)->22368K(137728K) Eden: 115200K(115200K)->0K(115200K) From: 4928K(100352K)->22368K(22528K)
[585.286s][info][gc,heap        ] GC(1990) ParOldGen: 515370K(667648K)->515370K(667648K)
[585.286s][info][gc,metaspace   ] GC(1990) Metaspace: 18994K(19136K)->18994K(19136K) NonClass: 17165K(17280K)->17165K(17280K) Class: 1829K(1856K)->1829K(1856K)
[585.286s][info][gc             ] GC(1990) Pause Young (Allocation Failure) 620M->525M(786M) 24.714ms
[585.286s][info][gc,cpu         ] GC(1990) User=0.05s Sys=0.00s Real=0.03s
[585.406s][info][gc,start       ] GC(1991) Pause Young (Allocation Failure)
[585.439s][info][gc,heap        ] GC(1991) PSYoungGen: 137568K(137728K)->33792K(215040K) Eden: 115200K(115200K)->0K(122880K) From: 22368K(22528K)->33792K(92160K)
[585.439s][info][gc,heap        ] GC(1991) ParOldGen: 515370K(667648K)->515370K(667648K)
[585.439s][info][gc,metaspace   ] GC(1991) Metaspace: 18994K(19136K)->18994K(19136K) NonClass: 17165K(17280K)->17165K(17280K) Class: 1829K(1856K)->1829K(1856K)
[585.439s][info][gc             ] GC(1991) Pause Young (Allocation Failure) 637M->536M(862M) 33.636ms
[585.439s][info][gc,cpu         ] GC(1991) User=0.07s Sys=0.00s Real=0.03s
[585.512s][info][gc,start       ] GC(1992) Pause Young (Allocation Failure)
[585.549s][info][gc,heap        ] GC(1992) PSYoungGen: 156672K(215040K)->37920K(216064K) Eden: 122880K(122880K)->0K(122880K) From: 33792K(92160K)->37920K(93184K)
[585.549s][info][gc,heap        ] GC(1992) ParOldGen: 515370K(667648K)->515370K(667648K)
[585.549s][info][gc,metaspace   ] GC(1992) Metaspace: 18994K(19136K)->18994K(19136K) NonClass: 17165K(17280K)->17165K(17280K) Class: 1829K(1856K)->1829K(1856K)
[585.549s][info][gc             ] GC(1992) Pause Young (Allocation Failure) 656M->540M(863M) 36.656ms
[585.549s][info][gc,cpu         ] GC(1992) User=0.07s Sys=0.00s Real=0.04s
[585.644s][info][gc,start       ] GC(1993) Pause Young (Allocation Failure)
[585.695s][info][gc,heap        ] GC(1993) PSYoungGen: 160800K(216064K)->50944K(222208K) Eden: 122880K(122880K)->0K(130048K) From: 37920K(93184K)->50944K(92160K)
[585.695s][info][gc,heap        ] GC(1993) ParOldGen: 515370K(667648K)->515370K(667648K)
[585.695s][info][gc,metaspace   ] GC(1993) Metaspace: 18994K(19136K)->18994K(19136K) NonClass: 17165K(17280K)->17165K(17280K) Class: 1829K(1856K)->1829K(1856K)
[585.695s][info][gc             ] GC(1993) Pause Young (Allocation Failure) 660M->553M(869M) 50.495ms
[585.695s][info][gc,cpu         ] GC(1993) User=0.10s Sys=0.00s Real=0.05s
[585.784s][info][gc,start       ] GC(1994) Pause Young (Allocation Failure)
[585.853s][info][gc,heap        ] GC(1994) PSYoungGen: 180992K(222208K)->64960K(225792K) Eden: 130048K(130048K)->0K(130048K) From: 50944K(92160K)->64960K(95744K)
[585.853s][info][gc,heap        ] GC(1994) ParOldGen: 515370K(667648K)->515370K(667648K)
[585.853s][info][gc,metaspace   ] GC(1994) Metaspace: 18994K(19136K)->18994K(19136K) NonClass: 17165K(17280K)->17165K(17280K) Class: 1829K(1856K)->1829K(1856K)
[585.853s][info][gc             ] GC(1994) Pause Young (Allocation Failure) 680M->566M(872M) 69.292ms
[585.853s][info][gc,cpu         ] GC(1994) User=0.13s Sys=0.00s Real=0.07s
[585.956s][info][gc,start       ] GC(1995) Pause Young (Allocation Failure)
[586.029s][info][gc,heap        ] GC(1995) PSYoungGen: 195008K(225792K)->54464K(226816K) Eden: 130048K(130048K)->0K(123904K) From: 64960K(95744K)->54464K(102912K)
[586.029s][info][gc,heap        ] GC(1995) ParOldGen: 515370K(667648K)->537794K(667648K)
[586.029s][info][gc,metaspace   ] GC(1995) Metaspace: 18994K(19136K)->18994K(19136K) NonClass: 17165K(17280K)->17165K(17280K) Class: 1829K(1856K)->1829K(1856K)
[586.029s][info][gc             ] GC(1995) Pause Young (Allocation Failure) 693M->578M(873M) 73.565ms
[586.029s][info][gc,cpu         ] GC(1995) User=0.15s Sys=0.00s Real=0.07s
[586.082s][info][gc,start       ] GC(1996) Pause Young (Allocation Failure)
[586.138s][info][gc,heap        ] GC(1996) PSYoungGen: 178368K(226816K)->42720K(166912K) Eden: 123904K(123904K)->0K(123904K) From: 54464K(102912K)->42720K(43008K)
[586.138s][info][gc,heap        ] GC(1996) ParOldGen: 537794K(667648K)->553410K(667648K)
[586.138s][info][gc,metaspace   ] GC(1996) Metaspace: 18994K(19136K)->18994K(19136K) NonClass: 17165K(17280K)->17165K(17280K) Class: 1829K(1856K)->1829K(1856K)
[586.138s][info][gc             ] GC(1996) Pause Young (Allocation Failure) 699M->582M(815M) 56.306ms
[586.138s][info][gc,cpu         ] GC(1996) User=0.11s Sys=0.00s Real=0.06s
[586.226s][info][gc,start       ] GC(1997) Pause Young (Allocation Failure)
[586.279s][info][gc,heap        ] GC(1997) PSYoungGen: 166624K(166912K)->25984K(232960K) Eden: 123904K(123904K)->0K(131584K) From: 42720K(43008K)->25984K(101376K)
[586.279s][info][gc,heap        ] GC(1997) ParOldGen: 553410K(667648K)->580514K(667648K)
[586.279s][info][gc,metaspace   ] GC(1997) Metaspace: 18994K(19136K)->18994K(19136K) NonClass: 17165K(17280K)->17165K(17280K) Class: 1829K(1856K)->1829K(1856K)
[586.279s][info][gc             ] GC(1997) Pause Young (Allocation Failure) 703M->592M(879M) 52.349ms
[586.279s][info][gc,cpu         ] GC(1997) User=0.10s Sys=0.00s Real=0.05s
[586.387s][info][gc,start       ] GC(1998) Pause Young (Allocation Failure)
[586.425s][info][gc,heap        ] GC(1998) PSYoungGen: 157568K(232960K)->18624K(227328K) Eden: 131584K(131584K)->0K(131584K) From: 25984K(101376K)->18624K(95744K)
[586.425s][info][gc,heap        ] GC(1998) ParOldGen: 580514K(667648K)->596250K(667648K)
[586.425s][info][gc,metaspace   ] GC(1998) Metaspace: 18994K(19136K)->18994K(19136K) NonClass: 17165K(17280K)->17165K(17280K) Class: 1829K(1856K)->1829K(1856K)
[586.425s][info][gc             ] GC(1998) Pause Young (Allocation Failure) 720M->600M(874M) 38.141ms
[586.425s][info][gc,cpu         ] GC(1998) User=0.07s Sys=0.00s Real=0.04s
[586.520s][info][gc,start       ] GC(1999) Pause Young (Allocation Failure)
[586.553s][info][gc,heap        ] GC(1999) PSYoungGen: 150208K(227328K)->11776K(231936K) Eden: 131584K(131584K)->0K(139776K) From: 18624K(95744K)->11776K(92160K)
[586.553s][info][gc,heap        ] GC(1999) ParOldGen: 596250K(667648K)->614899K(667648K)
[586.553s][info][gc,metaspace   ] GC(1999) Metaspace: 18994K(19136K)->18994K(19136K) NonClass: 17165K(17280K)->17165K(17280K) Class: 1829K(1856K)->1829K(1856K)
[586.553s][info][gc             ] GC(1999) Pause Young (Allocation Failure) 728M->611M(878M) 33.466ms
[586.553s][info][gc,cpu         ] GC(1999) User=0.07s Sys=0.00s Real=0.03s
[586.718s][info][gc,start       ] GC(2000) Pause Young (Allocation Failure)
[586.741s][info][gc,heap        ] GC(2000) PSYoungGen: 151552K(231936K)->8928K(228864K) Eden: 139776K(139776K)->0K(139776K) From: 11776K(92160K)->8928K(89088K)
[586.741s][info][gc,heap        ] GC(2000) ParOldGen: 614899K(667648K)->626691K(667648K)
[586.741s][info][gc,metaspace   ] GC(2000) Metaspace: 18994K(19136K)->18994K(19136K) NonClass: 17165K(17280K)->17165K(17280K) Class: 1829K(1856K)->1829K(1856K)
[586.741s][info][gc             ] GC(2000) Pause Young (Allocation Failure) 748M->620M(875M) 22.571ms
[586.741s][info][gc,cpu         ] GC(2000) User=0.05s Sys=0.01s Real=0.02s
[586.979s][info][gc,start       ] GC(2001) Pause Full (Allocation Failure)
[586.979s][info][gc,phases,start] GC(2001) Marking Phase
[587.439s][info][gc,phases      ] GC(2001) Marking Phase 459.961ms
[587.439s][info][gc,phases,start] GC(2001) Summary Phase
[587.439s][info][gc,phases      ] GC(2001) Summary Phase 0.026ms
[587.439s][info][gc,phases,start] GC(2001) Forward
[587.481s][info][gc,phases      ] GC(2001) Forward 41.763ms
[587.481s][info][gc,phases,start] GC(2001) Adjust Pointers
[587.809s][info][gc,phases      ] GC(2001) Adjust Pointers 328.499ms
[587.810s][info][gc,phases,start] GC(2001) Compaction Phase
[587.963s][info][gc,phases      ] GC(2001) Compaction Phase 153.308ms
[587.965s][info][gc,phases,start] GC(2001) Post Compact
[587.967s][info][gc,phases      ] GC(2001) Post Compact 2.297ms
[587.967s][info][gc,heap        ] GC(2001) PSYoungGen: 148704K(228864K)->0K(239104K) Eden: 139776K(139776K)->0K(152576K) From: 8928K(89088K)->0K(86528K)
[587.967s][info][gc,heap        ] GC(2001) ParOldGen: 626691K(667648K)->650773K(667648K)
[587.967s][info][gc,metaspace   ] GC(2001) Metaspace: 18994K(19136K)->18994K(19136K) NonClass: 17165K(17280K)->17165K(17280K) Class: 1829K(1856K)->1829K(1856K)
[587.967s][info][gc             ] GC(2001) Pause Full (Allocation Failure) 757M->635M(885M) 988.484ms
[587.967s][info][gc,cpu         ] GC(2001) User=1.93s Sys=0.00s Real=0.99s
[588.452s][info][gc,start       ] GC(2002) Pause Full (Allocation Failure)
[588.452s][info][gc,phases,start] GC(2002) Marking Phase
[588.903s][info][gc,phases      ] GC(2002) Marking Phase 450.676ms
[588.903s][info][gc,phases,start] GC(2002) Summary Phase
[588.903s][info][gc,phases      ] GC(2002) Summary Phase 0.028ms
[588.903s][info][gc,phases,start] GC(2002) Forward
[588.905s][info][gc,phases      ] GC(2002) Forward 2.471ms
[588.905s][info][gc,phases,start] GC(2002) Adjust Pointers
[589.214s][info][gc,phases      ] GC(2002) Adjust Pointers 308.010ms
[589.214s][info][gc,phases,start] GC(2002) Compaction Phase
[589.342s][info][gc,phases      ] GC(2002) Compaction Phase 128.312ms
[589.342s][info][gc,phases,start] GC(2002) Post Compact
[589.344s][info][gc,phases      ] GC(2002) Post Compact 2.410ms
[589.345s][info][gc,heap        ] GC(2002) PSYoungGen: 152576K(239104K)->0K(239104K) Eden: 152576K(152576K)->0K(152576K) From: 0K(86528K)->0K(86528K)
[589.345s][info][gc,heap        ] GC(2002) ParOldGen: 650773K(667648K)->650790K(667648K)
[589.345s][info][gc,metaspace   ] GC(2002) Metaspace: 18994K(19136K)->18994K(19136K) NonClass: 17165K(17280K)->17165K(17280K) Class: 1829K(1856K)->1829K(1856K)
[589.345s][info][gc             ] GC(2002) Pause Full (Allocation Failure) 784M->635M(885M) 892.472ms
[589.345s][info][gc,cpu         ] GC(2002) User=1.74s Sys=0.00s Real=0.90s
[589.750s][info][gc,start       ] GC(2003) Pause Full (Allocation Failure)
[589.750s][info][gc,phases,start] GC(2003) Marking Phase
[590.201s][info][gc,phases      ] GC(2003) Marking Phase 451.169ms
[590.201s][info][gc,phases,start] GC(2003) Summary Phase
[590.201s][info][gc,phases      ] GC(2003) Summary Phase 0.026ms
[590.201s][info][gc,phases,start] GC(2003) Forward
[590.213s][info][gc,phases      ] GC(2003) Forward 11.667ms
[590.213s][info][gc,phases,start] GC(2003) Adjust Pointers
[590.523s][info][gc,phases      ] GC(2003) Adjust Pointers 310.566ms
[590.523s][info][gc,phases,start] GC(2003) Compaction Phase
[590.647s][info][gc,phases      ] GC(2003) Compaction Phase 123.474ms
[590.647s][info][gc,phases,start] GC(2003) Post Compact
[590.649s][info][gc,phases      ] GC(2003) Post Compact 2.345ms
[590.649s][info][gc,heap        ] GC(2003) PSYoungGen: 152576K(239104K)->0K(247296K) Eden: 152576K(152576K)->0K(160768K) From: 0K(86528K)->0K(86528K)
[590.649s][info][gc,heap        ] GC(2003) ParOldGen: 650790K(667648K)->650852K(667648K)
[590.649s][info][gc,metaspace   ] GC(2003) Metaspace: 18994K(19136K)->18994K(19136K) NonClass: 17165K(17280K)->17165K(17280K) Class: 1829K(1856K)->1829K(1856K)
[590.649s][info][gc             ] GC(2003) Pause Full (Allocation Failure) 784M->635M(893M) 899.691ms
[590.649s][info][gc,cpu         ] GC(2003) User=1.76s Sys=0.00s Real=0.90s
[591.047s][info][gc,start       ] GC(2004) Pause Full (Allocation Failure)
[591.047s][info][gc,phases,start] GC(2004) Marking Phase
[591.498s][info][gc,phases      ] GC(2004) Marking Phase 450.626ms
[591.498s][info][gc,phases,start] GC(2004) Summary Phase
[591.498s][info][gc,phases      ] GC(2004) Summary Phase 0.027ms
[591.498s][info][gc,phases,start] GC(2004) Forward
[591.498s][info][gc,phases      ] GC(2004) Forward 0.375ms
[591.498s][info][gc,phases,start] GC(2004) Adjust Pointers
[591.807s][info][gc,phases      ] GC(2004) Adjust Pointers 308.890ms
[591.807s][info][gc,phases,start] GC(2004) Compaction Phase
[591.935s][info][gc,phases      ] GC(2004) Compaction Phase 128.009ms
[591.935s][info][gc,phases,start] GC(2004) Post Compact
[591.938s][info][gc,phases      ] GC(2004) Post Compact 2.363ms
[591.938s][info][gc,heap        ] GC(2004) PSYoungGen: 160768K(247296K)->0K(247296K) Eden: 160768K(160768K)->0K(160768K) From: 0K(86528K)->0K(86528K)
[591.938s][info][gc,heap        ] GC(2004) ParOldGen: 650852K(667648K)->650856K(667648K)
[591.938s][info][gc,metaspace   ] GC(2004) Metaspace: 18994K(19136K)->18994K(19136K) NonClass: 17165K(17280K)->17165K(17280K) Class: 1829K(1856K)->1829K(1856K)
[591.938s][info][gc             ] GC(2004) Pause Full (Allocation Failure) 792M->635M(893M) 890.736ms
[591.938s][info][gc,cpu         ] GC(2004) User=1.74s Sys=0.01s Real=0.89s
[592.338s][info][gc,start       ] GC(2005) Pause Full (Allocation Failure)
[592.338s][info][gc,phases,start] GC(2005) Marking Phase
[592.786s][info][gc,phases      ] GC(2005) Marking Phase 448.661ms
[592.786s][info][gc,phases,start] GC(2005) Summary Phase
[592.786s][info][gc,phases      ] GC(2005) Summary Phase 0.040ms
[592.786s][info][gc,phases,start] GC(2005) Forward
[592.787s][info][gc,phases      ] GC(2005) Forward 0.387ms
[592.787s][info][gc,phases,start] GC(2005) Adjust Pointers
[593.096s][info][gc,phases      ] GC(2005) Adjust Pointers 309.638ms
[593.097s][info][gc,phases,start] GC(2005) Compaction Phase
[593.226s][info][gc,phases      ] GC(2005) Compaction Phase 129.009ms
[593.226s][info][gc,phases,start] GC(2005) Post Compact
[593.228s][info][gc,phases      ] GC(2005) Post Compact 2.516ms
[593.228s][info][gc,heap        ] GC(2005) PSYoungGen: 160768K(247296K)->0K(247296K) Eden: 160768K(160768K)->0K(160768K) From: 0K(86528K)->0K(86528K)
[593.228s][info][gc,heap        ] GC(2005) ParOldGen: 650856K(667648K)->650860K(667648K)
[593.228s][info][gc,metaspace   ] GC(2005) Metaspace: 18994K(19136K)->18994K(19136K) NonClass: 17165K(17280K)->17165K(17280K) Class: 1829K(1856K)->1829K(1856K)
[593.228s][info][gc             ] GC(2005) Pause Full (Allocation Failure) 792M->635M(893M) 890.724ms
[593.228s][info][gc,cpu         ] GC(2005) User=1.74s Sys=0.00s Real=0.89s
[593.628s][info][gc,start       ] GC(2006) Pause Full (Allocation Failure)
[593.628s][info][gc,phases,start] GC(2006) Marking Phase
[594.082s][info][gc,phases      ] GC(2006) Marking Phase 454.403ms
[594.082s][info][gc,phases,start] GC(2006) Summary Phase
[594.082s][info][gc,phases      ] GC(2006) Summary Phase 0.025ms
[594.082s][info][gc,phases,start] GC(2006) Forward
[594.083s][info][gc,phases      ] GC(2006) Forward 0.400ms
[594.083s][info][gc,phases,start] GC(2006) Adjust Pointers
[594.388s][info][gc,phases      ] GC(2006) Adjust Pointers 305.429ms
[594.388s][info][gc,phases,start] GC(2006) Compaction Phase
[594.516s][info][gc,phases      ] GC(2006) Compaction Phase 127.863ms
[594.516s][info][gc,phases,start] GC(2006) Post Compact
[594.519s][info][gc,phases      ] GC(2006) Post Compact 2.381ms
[594.519s][info][gc,heap        ] GC(2006) PSYoungGen: 160768K(247296K)->0K(247296K) Eden: 160768K(160768K)->0K(160768K) From: 0K(86528K)->0K(86528K)
[594.519s][info][gc,heap        ] GC(2006) ParOldGen: 650860K(667648K)->650870K(667648K)
[594.519s][info][gc,metaspace   ] GC(2006) Metaspace: 18994K(19136K)->18994K(19136K) NonClass: 17165K(17280K)->17165K(17280K) Class: 1829K(1856K)->1829K(1856K)
[594.519s][info][gc             ] GC(2006) Pause Full (Allocation Failure) 792M->635M(893M) 890.917ms
[594.519s][info][gc,cpu         ] GC(2006) User=1.75s Sys=0.00s Real=0.89s
[594.894s][info][gc,start       ] GC(2007) Pause Full (Allocation Failure)
[594.894s][info][gc,phases,start] GC(2007) Marking Phase
[595.225s][info][gc,phases      ] GC(2007) Marking Phase 331.579ms
[595.225s][info][gc,phases,start] GC(2007) Summary Phase
[595.225s][info][gc,phases      ] GC(2007) Summary Phase 0.027ms
[595.225s][info][gc,phases,start] GC(2007) Forward
[595.335s][info][gc,phases      ] GC(2007) Forward 109.547ms
[595.335s][info][gc,phases,start] GC(2007) Adjust Pointers
[595.597s][info][gc,phases      ] GC(2007) Adjust Pointers 261.857ms
[595.597s][info][gc,phases,start] GC(2007) Compaction Phase
[595.736s][info][gc,phases      ] GC(2007) Compaction Phase 138.697ms
[595.744s][info][gc,phases,start] GC(2007) Post Compact
[595.746s][info][gc,phases      ] GC(2007) Post Compact 2.434ms
[595.746s][info][gc,heap        ] GC(2007) PSYoungGen: 160768K(247296K)->0K(247296K) Eden: 160768K(160768K)->0K(160768K) From: 0K(86528K)->0K(86528K)
[595.746s][info][gc,heap        ] GC(2007) ParOldGen: 650870K(667648K)->479576K(667648K)
[595.746s][info][gc,metaspace   ] GC(2007) Metaspace: 18994K(19136K)->18994K(19136K) NonClass: 17165K(17280K)->17165K(17280K) Class: 1829K(1856K)->1829K(1856K)
[595.746s][info][gc             ] GC(2007) Pause Full (Allocation Failure) 792M->468M(893M) 852.789ms
[595.746s][info][gc,cpu         ] GC(2007) User=1.60s Sys=0.00s Real=0.85s
[595.883s][info][gc,start       ] GC(2008) Pause Young (Allocation Failure)
[595.917s][info][gc,heap        ] GC(2008) PSYoungGen: 160768K(247296K)->48640K(209920K) Eden: 160768K(160768K)->0K(160768K) From: 0K(86528K)->48640K(49152K)
[595.917s][info][gc,heap        ] GC(2008) ParOldGen: 479576K(667648K)->479576K(667648K)
[595.917s][info][gc,metaspace   ] GC(2008) Metaspace: 18995K(19136K)->18995K(19136K) NonClass: 17165K(17280K)->17165K(17280K) Class: 1829K(1856K)->1829K(1856K)
[595.917s][info][gc             ] GC(2008) Pause Young (Allocation Failure) 625M->515M(857M) 34.548ms
[595.917s][info][gc,cpu         ] GC(2008) User=0.07s Sys=0.00s Real=0.04s
[596.119s][info][gc,start       ] GC(2009) Pause Young (Allocation Failure)
[596.173s][info][gc,heap        ] GC(2009) PSYoungGen: 209408K(209920K)->76048K(221696K) Eden: 160768K(160768K)->0K(133120K) From: 48640K(49152K)->76048K(88576K)
[596.173s][info][gc,heap        ] GC(2009) ParOldGen: 479576K(667648K)->479576K(667648K)
[596.173s][info][gc,metaspace   ] GC(2009) Metaspace: 18995K(19136K)->18995K(19136K) NonClass: 17165K(17280K)->17165K(17280K) Class: 1829K(1856K)->1829K(1856K)
[596.173s][info][gc             ] GC(2009) Pause Young (Allocation Failure) 672M->542M(868M) 53.991ms
[596.173s][info][gc,cpu         ] GC(2009) User=0.10s Sys=0.01s Real=0.05s
[596.349s][info][gc,start       ] GC(2010) Pause Young (Allocation Failure)
[596.427s][info][gc,heap        ] GC(2010) PSYoungGen: 209168K(221696K)->97248K(230400K) Eden: 133120K(133120K)->0K(133120K) From: 76048K(88576K)->97248K(97280K)
[596.427s][info][gc,heap        ] GC(2010) ParOldGen: 479576K(667648K)->479576K(667648K)
[596.427s][info][gc,metaspace   ] GC(2010) Metaspace: 18995K(19136K)->18995K(19136K) NonClass: 17165K(17280K)->17165K(17280K) Class: 1829K(1856K)->1829K(1856K)
[596.427s][info][gc             ] GC(2010) Pause Young (Allocation Failure) 672M->563M(877M) 78.534ms
[596.427s][info][gc,cpu         ] GC(2010) User=0.15s Sys=0.00s Real=0.08s
[596.558s][info][gc,start       ] GC(2011) Pause Young (Allocation Failure)
[596.654s][info][gc,heap        ] GC(2011) PSYoungGen: 230368K(230400K)->45744K(215040K) Eden: 133120K(133120K)->0K(111616K) From: 97248K(97280K)->45744K(103424K)
[596.654s][info][gc,heap        ] GC(2011) ParOldGen: 479576K(667648K)->556439K(667648K)
[596.654s][info][gc,metaspace   ] GC(2011) Metaspace: 18995K(19136K)->18995K(19136K) NonClass: 17165K(17280K)->17165K(17280K) Class: 1829K(1856K)->1829K(1856K)
[596.654s][info][gc             ] GC(2011) Pause Young (Allocation Failure) 693M->588M(862M) 95.967ms
[596.654s][info][gc,cpu         ] GC(2011) User=0.19s Sys=0.00s Real=0.10s
[596.704s][info][gc,start       ] GC(2012) Pause Young (Allocation Failure)
[596.773s][info][gc,heap        ] GC(2012) PSYoungGen: 157360K(215040K)->83264K(222720K) Eden: 111616K(111616K)->0K(111616K) From: 45744K(103424K)->83264K(111104K)
[596.774s][info][gc,heap        ] GC(2012) ParOldGen: 556439K(667648K)->556439K(667648K)
[596.774s][info][gc,metaspace   ] GC(2012) Metaspace: 18995K(19136K)->18995K(19136K) NonClass: 17165K(17280K)->17165K(17280K) Class: 1829K(1856K)->1829K(1856K)
[596.774s][info][gc             ] GC(2012) Pause Young (Allocation Failure) 697M->624M(869M) 69.571ms
[596.774s][info][gc,cpu         ] GC(2012) User=0.14s Sys=0.00s Real=0.07s
[596.883s][info][gc,start       ] GC(2013) Pause Young (Allocation Failure)
[596.964s][info][gc,heap        ] GC(2013) PSYoungGen: 194880K(222720K)->58624K(222720K) Eden: 111616K(111616K)->0K(111616K) From: 83264K(111104K)->58624K(111104K)
[596.964s][info][gc,heap        ] GC(2013) ParOldGen: 556439K(667648K)->602536K(667648K)
[596.964s][info][gc,metaspace   ] GC(2013) Metaspace: 18995K(19136K)->18995K(19136K) NonClass: 17166K(17280K)->17166K(17280K) Class: 1829K(1856K)->1829K(1856K)
[596.964s][info][gc             ] GC(2013) Pause Young (Allocation Failure) 733M->645M(869M) 80.360ms
[596.964s][info][gc,cpu         ] GC(2013) User=0.16s Sys=0.00s Real=0.09s
[597.078s][info][gc,start       ] GC(2014) Pause Full (Allocation Failure)
[597.078s][info][gc,phases,start] GC(2014) Marking Phase
[597.325s][info][gc,phases      ] GC(2014) Marking Phase 247.202ms
[597.325s][info][gc,phases,start] GC(2014) Summary Phase
[597.325s][info][gc,phases      ] GC(2014) Summary Phase 0.032ms
[597.325s][info][gc,phases,start] GC(2014) Forward
[597.402s][info][gc,phases      ] GC(2014) Forward 76.912ms
[597.402s][info][gc,phases,start] GC(2014) Adjust Pointers
[597.597s][info][gc,phases      ] GC(2014) Adjust Pointers 194.728ms
[597.597s][info][gc,phases,start] GC(2014) Compaction Phase
[597.717s][info][gc,phases      ] GC(2014) Compaction Phase 119.513ms
[597.722s][info][gc,phases,start] GC(2014) Post Compact
[597.725s][info][gc,phases      ] GC(2014) Post Compact 2.385ms
[597.725s][info][gc,heap        ] GC(2014) PSYoungGen: 170240K(222720K)->0K(222720K) Eden: 111616K(111616K)->0K(111616K) From: 58624K(111104K)->0K(111104K)
[597.725s][info][gc,heap        ] GC(2014) ParOldGen: 602536K(667648K)->400048K(667648K)
[597.725s][info][gc,metaspace   ] GC(2014) Metaspace: 18995K(19136K)->18995K(19136K) NonClass: 17166K(17280K)->17166K(17280K) Class: 1829K(1856K)->1829K(1856K)
[597.725s][info][gc             ] GC(2014) Pause Full (Allocation Failure) 754M->390M(869M) 646.977ms
[597.725s][info][gc,cpu         ] GC(2014) User=1.22s Sys=0.00s Real=0.65s
[597.841s][info][gc,start       ] GC(2015) Pause Young (Allocation Failure)
[597.843s][info][gc,heap        ] GC(2015) PSYoungGen: 111616K(222720K)->128K(222720K) Eden: 111616K(111616K)->0K(111616K) From: 0K(111104K)->128K(111104K)
[597.843s][info][gc,heap        ] GC(2015) ParOldGen: 400048K(667648K)->400048K(667648K)
[597.843s][info][gc,metaspace   ] GC(2015) Metaspace: 18995K(19136K)->18995K(19136K) NonClass: 17166K(17280K)->17166K(17280K) Class: 1829K(1856K)->1829K(1856K)
[597.843s][info][gc             ] GC(2015) Pause Young (Allocation Failure) 499M->390M(869M) 1.718ms
[597.843s][info][gc,cpu         ] GC(2015) User=0.00s Sys=0.01s Real=0.00s
[597.955s][info][gc,start       ] GC(2016) Pause Young (Allocation Failure)
[597.957s][info][gc,heap        ] GC(2016) PSYoungGen: 111744K(222720K)->160K(222720K) Eden: 111616K(111616K)->0K(111616K) From: 128K(111104K)->160K(111104K)
[597.957s][info][gc,heap        ] GC(2016) ParOldGen: 400048K(667648K)->400136K(667648K)
[597.957s][info][gc,metaspace   ] GC(2016) Metaspace: 18995K(19136K)->18995K(19136K) NonClass: 17166K(17280K)->17166K(17280K) Class: 1829K(1856K)->1829K(1856K)
[597.957s][info][gc             ] GC(2016) Pause Young (Allocation Failure) 499M->390M(869M) 1.933ms
[597.957s][info][gc,cpu         ] GC(2016) User=0.00s Sys=0.00s Real=0.00s
[598.070s][info][gc,start       ] GC(2017) Pause Young (Allocation Failure)
[598.072s][info][gc,heap        ] GC(2017) PSYoungGen: 111776K(222720K)->160K(222720K) Eden: 111616K(111616K)->0K(111616K) From: 160K(111104K)->160K(111104K)
[598.072s][info][gc,heap        ] GC(2017) ParOldGen: 400136K(667648K)->400264K(667648K)
[598.072s][info][gc,metaspace   ] GC(2017) Metaspace: 18995K(19136K)->18995K(19136K) NonClass: 17166K(17280K)->17166K(17280K) Class: 1829K(1856K)->1829K(1856K)
[598.072s][info][gc             ] GC(2017) Pause Young (Allocation Failure) 499M->391M(869M) 1.918ms
[598.072s][info][gc,cpu         ] GC(2017) User=0.01s Sys=0.00s Real=0.00s
[598.187s][info][gc,start       ] GC(2018) Pause Young (Allocation Failure)
[598.189s][info][gc,heap        ] GC(2018) PSYoungGen: 111776K(222720K)->128K(222720K) Eden: 111616K(111616K)->0K(111616K) From: 160K(111104K)->128K(111104K)
[598.189s][info][gc,heap        ] GC(2018) ParOldGen: 400264K(667648K)->400376K(667648K)
[598.189s][info][gc,metaspace   ] GC(2018) Metaspace: 18995K(19136K)->18995K(19136K) NonClass: 17166K(17280K)->17166K(17280K) Class: 1829K(1856K)->1829K(1856K)
[598.189s][info][gc             ] GC(2018) Pause Young (Allocation Failure) 500M->391M(869M) 1.964ms
[598.189s][info][gc,cpu         ] GC(2018) User=0.00s Sys=0.00s Real=0.00s
[598.314s][info][gc,start       ] GC(2019) Pause Young (Allocation Failure)
[598.316s][info][gc,heap        ] GC(2019) PSYoungGen: 111744K(222720K)->96K(221696K) Eden: 111616K(111616K)->0K(111616K) From: 128K(111104K)->96K(110080K)
[598.316s][info][gc,heap        ] GC(2019) ParOldGen: 400376K(667648K)->400456K(667648K)
[598.316s][info][gc,metaspace   ] GC(2019) Metaspace: 18995K(19136K)->18995K(19136K) NonClass: 17166K(17280K)->17166K(17280K) Class: 1829K(1856K)->1829K(1856K)
[598.316s][info][gc             ] GC(2019) Pause Young (Allocation Failure) 500M->391M(868M) 2.051ms
[598.316s][info][gc,cpu         ] GC(2019) User=0.00s Sys=0.00s Real=0.00s
[598.438s][info][gc,start       ] GC(2020) Pause Young (Allocation Failure)
[598.440s][info][gc,heap        ] GC(2020) PSYoungGen: 111712K(221696K)->192K(112128K) Eden: 111616K(111616K)->0K(111616K) From: 96K(110080K)->192K(512K)
[598.440s][info][gc,heap        ] GC(2020) ParOldGen: 400456K(667648K)->400456K(667648K)
[598.440s][info][gc,metaspace   ] GC(2020) Metaspace: 18995K(19136K)->18995K(19136K) NonClass: 17166K(17280K)->17166K(17280K) Class: 1829K(1856K)->1829K(1856K)
[598.440s][info][gc             ] GC(2020) Pause Young (Allocation Failure) 500M->391M(761M) 2.073ms
[598.440s][info][gc,cpu         ] GC(2020) User=0.00s Sys=0.00s Real=0.00s
[598.566s][info][gc,start       ] GC(2021) Pause Young (Allocation Failure)
[598.569s][info][gc,heap        ] GC(2021) PSYoungGen: 111808K(112128K)->320K(214016K) Eden: 111616K(111616K)->0K(114176K) From: 192K(512K)->320K(99840K)
[598.569s][info][gc,heap        ] GC(2021) ParOldGen: 400456K(667648K)->400456K(667648K)
[598.569s][info][gc,metaspace   ] GC(2021) Metaspace: 18995K(19136K)->18995K(19136K) NonClass: 17166K(17280K)->17166K(17280K) Class: 1829K(1856K)->1829K(1856K)
[598.569s][info][gc             ] GC(2021) Pause Young (Allocation Failure) 500M->391M(861M) 2.667ms
[598.569s][info][gc,cpu         ] GC(2021) User=0.01s Sys=0.00s Real=0.00s
[598.692s][info][gc,start       ] GC(2022) Pause Young (Allocation Failure)
[598.695s][info][gc,heap        ] GC(2022) PSYoungGen: 114496K(214016K)->352K(114688K) Eden: 114176K(114176K)->0K(114176K) From: 320K(99840K)->352K(512K)
[598.695s][info][gc,heap        ] GC(2022) ParOldGen: 400456K(667648K)->400456K(667648K)
[598.695s][info][gc,metaspace   ] GC(2022) Metaspace: 18995K(19136K)->18995K(19136K) NonClass: 17166K(17280K)->17166K(17280K) Class: 1829K(1856K)->1829K(1856K)
[598.695s][info][gc             ] GC(2022) Pause Young (Allocation Failure) 502M->391M(764M) 2.662ms
[598.695s][info][gc,cpu         ] GC(2022) User=0.00s Sys=0.00s Real=0.01s
[598.832s][info][gc,start       ] GC(2023) Pause Young (Allocation Failure)
[598.841s][info][gc,heap        ] GC(2023) PSYoungGen: 114528K(114688K)->3872K(205824K) Eden: 114176K(114176K)->0K(116736K) From: 352K(512K)->3872K(89088K)
[598.841s][info][gc,heap        ] GC(2023) ParOldGen: 400456K(667648K)->400456K(667648K)
[598.841s][info][gc,metaspace   ] GC(2023) Metaspace: 18995K(19136K)->18995K(19136K) NonClass: 17166K(17280K)->17166K(17280K) Class: 1829K(1856K)->1829K(1856K)
[598.842s][info][gc             ] GC(2023) Pause Young (Allocation Failure) 502M->394M(853M) 9.956ms
[598.842s][info][gc,cpu         ] GC(2023) User=0.02s Sys=0.00s Real=0.01s
[598.971s][info][gc,start       ] GC(2024) Pause Young (Allocation Failure)
[599.002s][info][gc,heap        ] GC(2024) PSYoungGen: 120608K(205824K)->16088K(133120K) Eden: 116736K(116736K)->0K(116736K) From: 3872K(89088K)->16088K(16384K)
[599.002s][info][gc,heap        ] GC(2024) ParOldGen: 400456K(667648K)->400456K(667648K)
[599.002s][info][gc,metaspace   ] GC(2024) Metaspace: 18995K(19136K)->18995K(19136K) NonClass: 17166K(17280K)->17166K(17280K) Class: 1829K(1856K)->1829K(1856K)
[599.002s][info][gc             ] GC(2024) Pause Young (Allocation Failure) 508M->406M(782M) 31.641ms
[599.002s][info][gc,cpu         ] GC(2024) User=0.06s Sys=0.00s Real=0.03s
[599.142s][info][gc,start       ] GC(2025) Pause Young (Allocation Failure)
[599.178s][info][gc,heap        ] GC(2025) PSYoungGen: 132824K(133120K)->21496K(197632K) Eden: 116736K(116736K)->0K(121344K) From: 16088K(16384K)->21496K(76288K)
[599.178s][info][gc,heap        ] GC(2025) ParOldGen: 400456K(667648K)->400456K(667648K)
[599.178s][info][gc,metaspace   ] GC(2025) Metaspace: 18995K(19136K)->18995K(19136K) NonClass: 17166K(17280K)->17166K(17280K) Class: 1829K(1856K)->1829K(1856K)
[599.178s][info][gc             ] GC(2025) Pause Young (Allocation Failure) 520M->412M(845M) 35.836ms
[599.178s][info][gc,cpu         ] GC(2025) User=0.07s Sys=0.00s Real=0.04s
[599.322s][info][gc,start       ] GC(2026) Pause Young (Allocation Failure)
[599.357s][info][gc,heap        ] GC(2026) PSYoungGen: 142840K(197632K)->21506K(202240K) Eden: 121344K(121344K)->0K(121344K) From: 21496K(76288K)->21506K(80896K)
[599.357s][info][gc,heap        ] GC(2026) ParOldGen: 400456K(667648K)->400456K(667648K)
[599.357s][info][gc,metaspace   ] GC(2026) Metaspace: 18995K(19136K)->18995K(19136K) NonClass: 17166K(17280K)->17166K(17280K) Class: 1829K(1856K)->1829K(1856K)
[599.357s][info][gc             ] GC(2026) Pause Young (Allocation Failure) 530M->412M(849M) 34.876ms
[599.357s][info][gc,cpu         ] GC(2026) User=0.07s Sys=0.00s Real=0.04s
[599.501s][info][gc,start       ] GC(2027) Pause Young (Allocation Failure)
[599.536s][info][gc,heap        ] GC(2027) PSYoungGen: 142850K(202240K)->21528K(194048K) Eden: 121344K(121344K)->0K(126976K) From: 21506K(80896K)->21528K(67072K)
[599.536s][info][gc,heap        ] GC(2027) ParOldGen: 400456K(667648K)->400456K(667648K)
[599.536s][info][gc,metaspace   ] GC(2027) Metaspace: 18995K(19136K)->18995K(19136K) NonClass: 17166K(17280K)->17166K(17280K) Class: 1829K(1856K)->1829K(1856K)
[599.536s][info][gc             ] GC(2027) Pause Young (Allocation Failure) 530M->412M(841M) 35.380ms
[599.536s][info][gc,cpu         ] GC(2027) User=0.06s Sys=0.00s Real=0.04s
[599.650s][info][gc,start       ] GC(2028) Pause Young (Allocation Failure)
[599.704s][info][gc,heap        ] GC(2028) PSYoungGen: 148504K(194048K)->40664K(198144K) Eden: 126976K(126976K)->0K(126976K) From: 21528K(67072K)->40664K(71168K)
[599.704s][info][gc,heap        ] GC(2028) ParOldGen: 400456K(667648K)->400456K(667648K)
[599.704s][info][gc,metaspace   ] GC(2028) Metaspace: 18995K(19136K)->18995K(19136K) NonClass: 17166K(17280K)->17166K(17280K) Class: 1829K(1856K)->1829K(1856K)
[599.704s][info][gc             ] GC(2028) Pause Young (Allocation Failure) 536M->430M(845M) 53.920ms
[599.704s][info][gc,cpu         ] GC(2028) User=0.11s Sys=0.00s Real=0.06s
[599.826s][info][gc,start       ] GC(2029) Pause Young (Allocation Failure)
[599.896s][info][gc,heap        ] GC(2029) PSYoungGen: 167640K(198144K)->55490K(200192K) Eden: 126976K(126976K)->0K(126464K) From: 40664K(71168K)->55490K(73728K)
[599.896s][info][gc,heap        ] GC(2029) ParOldGen: 400456K(667648K)->400456K(667648K)
[599.896s][info][gc,metaspace   ] GC(2029) Metaspace: 18995K(19136K)->18995K(19136K) NonClass: 17166K(17280K)->17166K(17280K) Class: 1829K(1856K)->1829K(1856K)
[599.896s][info][gc             ] GC(2029) Pause Young (Allocation Failure) 554M->445M(847M) 70.225ms
[599.896s][info][gc,cpu         ] GC(2029) User=0.14s Sys=0.00s Real=0.07s
[599.978s][info][gc,start       ] GC(2030) Pause Young (Allocation Failure)
[600.051s][info][gc,heap        ] GC(2030) PSYoungGen: 181954K(200192K)->59640K(207872K) Eden: 126464K(126464K)->0K(126464K) From: 55490K(73728K)->59640K(81408K)
[600.051s][info][gc,heap        ] GC(2030) ParOldGen: 400456K(667648K)->400456K(667648K)
[600.051s][info][gc,metaspace   ] GC(2030) Metaspace: 18996K(19136K)->18996K(19136K) NonClass: 17167K(17280K)->17167K(17280K) Class: 1829K(1856K)->1829K(1856K)
[600.051s][info][gc             ] GC(2030) Pause Young (Allocation Failure) 568M->449M(855M) 73.510ms
[600.051s][info][gc,cpu         ] GC(2030) User=0.15s Sys=0.00s Real=0.07s
[600.155s][info][gc,start       ] GC(2031) Pause Young (Allocation Failure)
[600.236s][info][gc,heap        ] GC(2031) PSYoungGen: 186104K(207872K)->60962K(218112K) Eden: 126464K(126464K)->0K(129536K) From: 59640K(81408K)->60962K(88576K)
[600.237s][info][gc,heap        ] GC(2031) ParOldGen: 400456K(667648K)->400456K(667648K)
[600.237s][info][gc,metaspace   ] GC(2031) Metaspace: 18996K(19136K)->18996K(19136K) NonClass: 17167K(17280K)->17167K(17280K) Class: 1829K(1856K)->1829K(1856K)
[600.237s][info][gc             ] GC(2031) Pause Young (Allocation Failure) 572M->450M(865M) 81.624ms
[600.237s][info][gc,cpu         ] GC(2031) User=0.15s Sys=0.02s Real=0.08s
[600.349s][info][gc,start       ] GC(2032) Pause Young (Allocation Failure)
[600.428s][info][gc,heap        ] GC(2032) PSYoungGen: 190498K(218112K)->64706K(224256K) Eden: 129536K(129536K)->0K(129536K) From: 60962K(88576K)->64706K(94720K)
[600.428s][info][gc,heap        ] GC(2032) ParOldGen: 400456K(667648K)->400456K(667648K)
[600.428s][info][gc,metaspace   ] GC(2032) Metaspace: 18996K(19136K)->18996K(19136K) NonClass: 17167K(17280K)->17167K(17280K) Class: 1829K(1856K)->1829K(1856K)
[600.428s][info][gc             ] GC(2032) Pause Young (Allocation Failure) 577M->454M(871M) 78.890ms
[600.428s][info][gc,cpu         ] GC(2032) User=0.15s Sys=0.00s Real=0.08s
[600.534s][info][gc,start       ] GC(2033) Pause Young (Allocation Failure)
[600.617s][info][gc,heap        ] GC(2033) PSYoungGen: 194242K(224256K)->64738K(224768K) Eden: 129536K(129536K)->0K(123904K) From: 64706K(94720K)->64738K(100864K)
[600.617s][info][gc,heap        ] GC(2033) ParOldGen: 400456K(667648K)->400456K(667648K)
[600.617s][info][gc,metaspace   ] GC(2033) Metaspace: 18996K(19136K)->18996K(19136K) NonClass: 17167K(17280K)->17167K(17280K) Class: 1829K(1856K)->1829K(1856K)
[600.617s][info][gc             ] GC(2033) Pause Young (Allocation Failure) 580M->454M(871M) 83.162ms
[600.617s][info][gc,cpu         ] GC(2033) User=0.16s Sys=0.00s Real=0.08s
[600.720s][info][gc,start       ] GC(2034) Pause Young (Allocation Failure)
[600.805s][info][gc,heap        ] GC(2034) PSYoungGen: 188642K(224768K)->72034K(196096K) Eden: 123904K(123904K)->0K(123904K) From: 64738K(100864K)->72034K(72192K)
[600.805s][info][gc,heap        ] GC(2034) ParOldGen: 400456K(667648K)->400528K(667648K)
[600.805s][info][gc,metaspace   ] GC(2034) Metaspace: 18996K(19136K)->18996K(19136K) NonClass: 17167K(17280K)->17167K(17280K) Class: 1829K(1856K)->1829K(1856K)
[600.805s][info][gc             ] GC(2034) Pause Young (Allocation Failure) 575M->461M(843M) 84.857ms
[600.805s][info][gc,cpu         ] GC(2034) User=0.17s Sys=0.00s Real=0.09s
[600.939s][info][gc,start       ] GC(2035) Pause Young (Allocation Failure)
[601.037s][info][gc,heap        ] GC(2035) PSYoungGen: 195938K(196096K)->82952K(222720K) Eden: 123904K(123904K)->0K(111616K) From: 72034K(72192K)->82952K(111104K)
[601.037s][info][gc,heap        ] GC(2035) ParOldGen: 400528K(667648K)->400640K(667648K)
[601.037s][info][gc,metaspace   ] GC(2035) Metaspace: 18996K(19136K)->18996K(19136K) NonClass: 17167K(17280K)->17167K(17280K) Class: 1829K(1856K)->1829K(1856K)
[601.037s][info][gc             ] GC(2035) Pause Young (Allocation Failure) 582M->472M(869M) 97.380ms
[601.037s][info][gc,cpu         ] GC(2035) User=0.18s Sys=0.01s Real=0.10s
[601.154s][info][gc,start       ] GC(2036) Pause Young (Allocation Failure)
[601.259s][info][gc,heap        ] GC(2036) PSYoungGen: 194568K(222720K)->89672K(222720K) Eden: 111616K(111616K)->0K(111616K) From: 82952K(111104K)->89672K(111104K)
[601.259s][info][gc,heap        ] GC(2036) ParOldGen: 400640K(667648K)->400800K(667648K)
[601.259s][info][gc,metaspace   ] GC(2036) Metaspace: 18996K(19136K)->18996K(19136K) NonClass: 17167K(17280K)->17167K(17280K) Class: 1829K(1856K)->1829K(1856K)
[601.259s][info][gc             ] GC(2036) Pause Young (Allocation Failure) 581M->478M(869M) 105.370ms
[601.259s][info][gc,cpu         ] GC(2036) User=0.21s Sys=0.00s Real=0.10s
[601.405s][info][gc,start       ] GC(2037) Pause Young (Allocation Failure)
[601.535s][info][gc,heap        ] GC(2037) PSYoungGen: 201288K(222720K)->95104K(222720K) Eden: 111616K(111616K)->0K(111616K) From: 89672K(111104K)->95104K(111104K)
[601.535s][info][gc,heap        ] GC(2037) ParOldGen: 400800K(667648K)->416088K(667648K)
[601.535s][info][gc,metaspace   ] GC(2037) Metaspace: 18996K(19136K)->18996K(19136K) NonClass: 17167K(17280K)->17167K(17280K) Class: 1829K(1856K)->1829K(1856K)
[601.535s][info][gc             ] GC(2037) Pause Young (Allocation Failure) 587M->499M(869M) 129.622ms
[601.535s][info][gc,cpu         ] GC(2037) User=0.25s Sys=0.01s Real=0.13s
[601.713s][info][gc,start       ] GC(2038) Pause Young (Allocation Failure)
[601.828s][info][gc,heap        ] GC(2038) PSYoungGen: 206720K(222720K)->109520K(222720K) Eden: 111616K(111616K)->0K(111616K) From: 95104K(111104K)->109520K(111104K)
[601.828s][info][gc,heap        ] GC(2038) ParOldGen: 416088K(667648K)->422040K(667648K)
[601.828s][info][gc,metaspace   ] GC(2038) Metaspace: 18996K(19136K)->18996K(19136K) NonClass: 17167K(17280K)->17167K(17280K) Class: 1829K(1856K)->1829K(1856K)
[601.828s][info][gc             ] GC(2038) Pause Young (Allocation Failure) 608M->519M(869M) 114.936ms
[601.828s][info][gc,cpu         ] GC(2038) User=0.23s Sys=0.00s Real=0.12s
[601.905s][info][gc,start       ] GC(2039) Pause Young (Allocation Failure)
[602.011s][info][gc,heap        ] GC(2039) PSYoungGen: 221136K(222720K)->94064K(222720K) Eden: 111616K(111616K)->0K(111616K) From: 109520K(111104K)->94064K(111104K)
[602.011s][info][gc,heap        ] GC(2039) ParOldGen: 422040K(667648K)->441264K(667648K)
[602.011s][info][gc,metaspace   ] GC(2039) Metaspace: 18996K(19136K)->18996K(19136K) NonClass: 17167K(17280K)->17167K(17280K) Class: 1829K(1856K)->1829K(1856K)
[602.011s][info][gc             ] GC(2039) Pause Young (Allocation Failure) 628M->522M(869M) 106.256ms
[602.011s][info][gc,cpu         ] GC(2039) User=0.21s Sys=0.00s Real=0.10s
[602.128s][info][gc,start       ] GC(2040) Pause Young (Allocation Failure)
[602.218s][info][gc,heap        ] GC(2040) PSYoungGen: 205680K(222720K)->75200K(222720K) Eden: 111616K(111616K)->0K(111616K) From: 94064K(111104K)->75200K(111104K)
[602.219s][info][gc,heap        ] GC(2040) ParOldGen: 441264K(667648K)->460312K(667648K)
[602.219s][info][gc,metaspace   ] GC(2040) Metaspace: 18996K(19136K)->18996K(19136K) NonClass: 17167K(17280K)->17167K(17280K) Class: 1829K(1856K)->1829K(1856K)
[602.219s][info][gc             ] GC(2040) Pause Young (Allocation Failure) 631M->522M(869M) 90.596ms
[602.219s][info][gc,cpu         ] GC(2040) User=0.18s Sys=0.00s Real=0.09s
[602.343s][info][gc,start       ] GC(2041) Pause Young (Allocation Failure)
[602.420s][info][gc,heap        ] GC(2041) PSYoungGen: 186816K(222720K)->76656K(222720K) Eden: 111616K(111616K)->0K(111616K) From: 75200K(111104K)->76656K(111104K)
[602.420s][info][gc,heap        ] GC(2041) ParOldGen: 460312K(667648K)->465376K(667648K)
[602.420s][info][gc,metaspace   ] GC(2041) Metaspace: 18996K(19136K)->18996K(19136K) NonClass: 17167K(17280K)->17167K(17280K) Class: 1829K(1856K)->1829K(1856K)
[602.420s][info][gc             ] GC(2041) Pause Young (Allocation Failure) 631M->529M(869M) 77.232ms
[602.420s][info][gc,cpu         ] GC(2041) User=0.15s Sys=0.00s Real=0.08s
[602.549s][info][gc,start       ] GC(2042) Pause Young (Allocation Failure)
[602.620s][info][gc,heap        ] GC(2042) PSYoungGen: 188272K(222720K)->69328K(222720K) Eden: 111616K(111616K)->0K(111616K) From: 76656K(111104K)->69328K(111104K)
[602.620s][info][gc,heap        ] GC(2042) ParOldGen: 465376K(667648K)->472832K(667648K)
[602.620s][info][gc,metaspace   ] GC(2042) Metaspace: 18996K(19136K)->18996K(19136K) NonClass: 17167K(17280K)->17167K(17280K) Class: 1829K(1856K)->1829K(1856K)
[602.620s][info][gc             ] GC(2042) Pause Young (Allocation Failure) 638M->529M(869M) 71.187ms
[602.620s][info][gc,cpu         ] GC(2042) User=0.14s Sys=0.00s Real=0.07s
[602.688s][info][gc,start       ] GC(2043) Pause Young (Allocation Failure)
[602.754s][info][gc,heap        ] GC(2043) PSYoungGen: 180944K(222720K)->51424K(222720K) Eden: 111616K(111616K)->0K(111616K) From: 69328K(111104K)->51424K(111104K)
[602.754s][info][gc,heap        ] GC(2043) ParOldGen: 472832K(667648K)->490793K(667648K)
[602.754s][info][gc,metaspace   ] GC(2043) Metaspace: 18996K(19136K)->18996K(19136K) NonClass: 17167K(17280K)->17167K(17280K) Class: 1829K(1856K)->1829K(1856K)
[602.754s][info][gc             ] GC(2043) Pause Young (Allocation Failure) 638M->529M(869M) 65.863ms
[602.754s][info][gc,cpu         ] GC(2043) User=0.13s Sys=0.00s Real=0.07s
[602.895s][info][gc,start       ] GC(2044) Pause Young (Allocation Failure)
[602.955s][info][gc,heap        ] GC(2044) PSYoungGen: 163040K(222720K)->17568K(222720K) Eden: 111616K(111616K)->0K(111616K) From: 51424K(111104K)->17568K(111104K)
[602.955s][info][gc,heap        ] GC(2044) ParOldGen: 490793K(667648K)->531921K(667648K)
[602.955s][info][gc,metaspace   ] GC(2044) Metaspace: 18996K(19136K)->18996K(19136K) NonClass: 17167K(17280K)->17167K(17280K) Class: 1829K(1856K)->1829K(1856K)
[602.955s][info][gc             ] GC(2044) Pause Young (Allocation Failure) 638M->536M(869M) 60.140ms
[602.955s][info][gc,cpu         ] GC(2044) User=0.12s Sys=0.00s Real=0.06s
[603.094s][info][gc,start       ] GC(2045) Pause Young (Allocation Failure)
[603.123s][info][gc,heap        ] GC(2045) PSYoungGen: 129184K(222720K)->23072K(222720K) Eden: 111616K(111616K)->0K(111616K) From: 17568K(111104K)->23072K(111104K)
[603.123s][info][gc,heap        ] GC(2045) ParOldGen: 531921K(667648K)->535761K(667648K)
[603.123s][info][gc,metaspace   ] GC(2045) Metaspace: 18996K(19136K)->18996K(19136K) NonClass: 17167K(17280K)->17167K(17280K) Class: 1829K(1856K)->1829K(1856K)
[603.123s][info][gc             ] GC(2045) Pause Young (Allocation Failure) 645M->545M(869M) 29.071ms
[603.123s][info][gc,cpu         ] GC(2045) User=0.06s Sys=0.00s Real=0.02s
[603.468s][info][gc,start       ] GC(2046) Pause Young (Allocation Failure)
[603.494s][info][gc,heap        ] GC(2046) PSYoungGen: 134688K(222720K)->16576K(222720K) Eden: 111616K(111616K)->0K(111616K) From: 23072K(111104K)->16576K(111104K)
[603.494s][info][gc,heap        ] GC(2046) ParOldGen: 535761K(667648K)->542361K(667648K)
[603.494s][info][gc,metaspace   ] GC(2046) Metaspace: 18996K(19136K)->18996K(19136K) NonClass: 17167K(17280K)->17167K(17280K) Class: 1829K(1856K)->1829K(1856K)
[603.494s][info][gc             ] GC(2046) Pause Young (Allocation Failure) 654M->545M(869M) 26.319ms
[603.494s][info][gc,cpu         ] GC(2046) User=0.06s Sys=0.00s Real=0.03s
[603.802s][info][gc,start       ] GC(2047) Pause Young (Allocation Failure)
[603.821s][info][gc,heap        ] GC(2047) PSYoungGen: 128192K(222720K)->9552K(222720K) Eden: 111616K(111616K)->0K(111616K) From: 16576K(111104K)->9552K(111104K)
[603.822s][info][gc,heap        ] GC(2047) ParOldGen: 542361K(667648K)->549545K(667648K)
[603.822s][info][gc,metaspace   ] GC(2047) Metaspace: 18996K(19136K)->18996K(19136K) NonClass: 17167K(17280K)->17167K(17280K) Class: 1829K(1856K)->1829K(1856K)
[603.822s][info][gc             ] GC(2047) Pause Young (Allocation Failure) 654M->545M(869M) 19.825ms
[603.822s][info][gc,cpu         ] GC(2047) User=0.04s Sys=0.00s Real=0.02s
[604.099s][info][gc,start       ] GC(2048) Pause Young (Allocation Failure)
[604.110s][info][gc,heap        ] GC(2048) PSYoungGen: 121168K(222720K)->304K(222720K) Eden: 111616K(111616K)->0K(111616K) From: 9552K(111104K)->304K(111104K)
[604.110s][info][gc,heap        ] GC(2048) ParOldGen: 549545K(667648K)->558937K(667648K)
[604.110s][info][gc,metaspace   ] GC(2048) Metaspace: 18996K(19136K)->18996K(19136K) NonClass: 17167K(17280K)->17167K(17280K) Class: 1829K(1856K)->1829K(1856K)
[604.110s][info][gc             ] GC(2048) Pause Young (Allocation Failure) 654M->546M(869M) 11.387ms
[604.110s][info][gc,cpu         ] GC(2048) User=0.02s Sys=0.00s Real=0.01s
[604.367s][info][gc,start       ] GC(2049) Pause Young (Allocation Failure)
[604.370s][info][gc,heap        ] GC(2049) PSYoungGen: 111920K(222720K)->448K(222720K) Eden: 111616K(111616K)->0K(111616K) From: 304K(111104K)->448K(111104K)
[604.370s][info][gc,heap        ] GC(2049) ParOldGen: 558937K(667648K)->559186K(667648K)
[604.370s][info][gc,metaspace   ] GC(2049) Metaspace: 18996K(19136K)->18996K(19136K) NonClass: 17167K(17280K)->17167K(17280K) Class: 1829K(1856K)->1829K(1856K)
[604.370s][info][gc             ] GC(2049) Pause Young (Allocation Failure) 655M->546M(869M) 2.925ms
[604.370s][info][gc,cpu         ] GC(2049) User=0.00s Sys=0.00s Real=0.00s
[604.612s][info][gc,start       ] GC(2050) Pause Young (Allocation Failure)
[604.614s][info][gc,heap        ] GC(2050) PSYoungGen: 112064K(222720K)->64K(222720K) Eden: 111616K(111616K)->0K(111616K) From: 448K(111104K)->64K(111104K)
[604.614s][info][gc,heap        ] GC(2050) ParOldGen: 559186K(667648K)->559210K(667648K)
[604.614s][info][gc,metaspace   ] GC(2050) Metaspace: 18996K(19136K)->18996K(19136K) NonClass: 17167K(17280K)->17167K(17280K) Class: 1829K(1856K)->1829K(1856K)
[604.614s][info][gc             ] GC(2050) Pause Young (Allocation Failure) 655M->546M(869M) 2.702ms
[604.614s][info][gc,cpu         ] GC(2050) User=0.01s Sys=0.00s Real=0.01s
[604.890s][info][gc,start       ] GC(2051) Pause Young (Allocation Failure)
[604.898s][info][gc,heap        ] GC(2051) PSYoungGen: 111680K(222720K)->5792K(222720K) Eden: 111616K(111616K)->0K(111616K) From: 64K(111104K)->5792K(111104K)
[604.898s][info][gc,heap        ] GC(2051) ParOldGen: 559210K(667648K)->559250K(667648K)
[604.898s][info][gc,metaspace   ] GC(2051) Metaspace: 18996K(19136K)->18996K(19136K) NonClass: 17167K(17280K)->17167K(17280K) Class: 1829K(1856K)->1829K(1856K)
[604.898s][info][gc             ] GC(2051) Pause Young (Allocation Failure) 655M->551M(869M) 7.709ms
[604.898s][info][gc,cpu         ] GC(2051) User=0.02s Sys=0.00s Real=0.01s
[605.041s][info][gc,start       ] GC(2052) Pause Young (Allocation Failure)
[605.065s][info][gc,heap        ] GC(2052) PSYoungGen: 117408K(222720K)->23936K(222720K) Eden: 111616K(111616K)->0K(111616K) From: 5792K(111104K)->23936K(111104K)
[605.066s][info][gc,heap        ] GC(2052) ParOldGen: 559250K(667648K)->565042K(667648K)
[605.066s][info][gc,metaspace   ] GC(2052) Metaspace: 19000K(19136K)->19000K(19136K) NonClass: 17170K(17280K)->17170K(17280K) Class: 1829K(1856K)->1829K(1856K)
[605.066s][info][gc             ] GC(2052) Pause Young (Allocation Failure) 660M->575M(869M) 24.459ms
[605.066s][info][gc,cpu         ] GC(2052) User=0.05s Sys=0.00s Real=0.03s
[605.116s][info][gc,start       ] GC(2053) Pause Young (Allocation Failure)
[605.160s][info][gc,heap        ] GC(2053) PSYoungGen: 135552K(222720K)->39680K(220672K) Eden: 111616K(111616K)->0K(111616K) From: 23936K(111104K)->39680K(109056K)
[605.160s][info][gc,heap        ] GC(2053) ParOldGen: 565042K(667648K)->589210K(667648K)
[605.160s][info][gc,metaspace   ] GC(2053) Metaspace: 19000K(19136K)->19000K(19136K) NonClass: 17170K(17280K)->17170K(17280K) Class: 1829K(1856K)->1829K(1856K)
[605.160s][info][gc             ] GC(2053) Pause Young (Allocation Failure) 684M->614M(867M) 44.010ms
[605.160s][info][gc,cpu         ] GC(2053) User=0.08s Sys=0.00s Real=0.04s
[605.215s][info][gc,start       ] GC(2054) Pause Young (Allocation Failure)
[605.267s][info][gc,heap        ] GC(2054) PSYoungGen: 151296K(220672K)->82336K(221696K) Eden: 111616K(111616K)->0K(111616K) From: 39680K(109056K)->82336K(110080K)
[605.267s][info][gc,heap        ] GC(2054) ParOldGen: 589210K(667648K)->589210K(667648K)
[605.267s][info][gc,metaspace   ] GC(2054) Metaspace: 19000K(19136K)->19000K(19136K) NonClass: 17170K(17280K)->17170K(17280K) Class: 1829K(1856K)->1829K(1856K)
[605.267s][info][gc             ] GC(2054) Pause Young (Allocation Failure) 723M->655M(868M) 52.225ms
[605.267s][info][gc,cpu         ] GC(2054) User=0.10s Sys=0.00s Real=0.05s
[605.318s][info][gc,start       ] GC(2055) Pause Young (Allocation Failure)
[605.399s][info][gc,promotion   ] GC(2055) Promotion failed
[605.399s][info][gc,heap        ] GC(2055) PSYoungGen: 193952K(221696K)->193952K(221696K) Eden: 111616K(111616K)->111616K(111616K) From: 82336K(110080K)->82336K(110080K)
[605.399s][info][gc,heap        ] GC(2055) ParOldGen: 589210K(667648K)->667647K(667648K)
[605.399s][info][gc,metaspace   ] GC(2055) Metaspace: 19000K(19136K)->19000K(19136K) NonClass: 17171K(17280K)->17171K(17280K) Class: 1829K(1856K)->1829K(1856K)
[605.399s][info][gc             ] GC(2055) Pause Young (Allocation Failure) 764M->841M(868M) 81.326ms
[605.399s][info][gc,cpu         ] GC(2055) User=0.16s Sys=0.00s Real=0.08s
[605.399s][info][gc,start       ] GC(2056) Pause Full (Allocation Failure)
[605.399s][info][gc,phases,start] GC(2056) Marking Phase
[605.749s][info][gc,phases      ] GC(2056) Marking Phase 349.504ms
[605.749s][info][gc,phases,start] GC(2056) Summary Phase
[605.749s][info][gc,phases      ] GC(2056) Summary Phase 0.031ms
[605.749s][info][gc,phases,start] GC(2056) Forward
[605.864s][info][gc,phases      ] GC(2056) Forward 114.947ms
[605.864s][info][gc,phases,start] GC(2056) Adjust Pointers
[606.134s][info][gc,phases      ] GC(2056) Adjust Pointers 269.682ms
[606.134s][info][gc,phases,start] GC(2056) Compaction Phase
[606.297s][info][gc,phases      ] GC(2056) Compaction Phase 162.997ms
[606.305s][info][gc,phases,start] GC(2056) Post Compact
[606.308s][info][gc,phases      ] GC(2056) Post Compact 2.733ms
[606.308s][info][gc,heap        ] GC(2056) PSYoungGen: 193952K(221696K)->0K(222720K) Eden: 111616K(111616K)->0K(111616K) From: 82336K(110080K)->0K(111104K)
[606.308s][info][gc,heap        ] GC(2056) ParOldGen: 667647K(667648K)->553602K(667648K)
[606.308s][info][gc,metaspace   ] GC(2056) Metaspace: 19000K(19136K)->19000K(19136K) NonClass: 17171K(17280K)->17171K(17280K) Class: 1829K(1856K)->1829K(1856K)
[606.308s][info][gc             ] GC(2056) Pause Full (Allocation Failure) 841M->540M(869M) 908.638ms
[606.308s][info][gc,cpu         ] GC(2056) User=1.72s Sys=0.00s Real=0.91s
[606.375s][info][gc,start       ] GC(2057) Pause Young (Allocation Failure)
[606.413s][info][gc,heap        ] GC(2057) PSYoungGen: 111616K(222720K)->47968K(222720K) Eden: 111616K(111616K)->0K(111616K) From: 0K(111104K)->47968K(111104K)
[606.413s][info][gc,heap        ] GC(2057) ParOldGen: 553602K(667648K)->553602K(667648K)
[606.413s][info][gc,metaspace   ] GC(2057) Metaspace: 19006K(19136K)->19006K(19136K) NonClass: 17176K(17280K)->17176K(17280K) Class: 1829K(1856K)->1829K(1856K)
[606.413s][info][gc             ] GC(2057) Pause Young (Allocation Failure) 649M->587M(869M) 38.353ms
[606.413s][info][gc,cpu         ] GC(2057) User=0.07s Sys=0.00s Real=0.04s
[606.650s][info][gc,start       ] GC(2058) Pause Young (Allocation Failure)
[606.716s][info][gc,heap        ] GC(2058) PSYoungGen: 159584K(222720K)->19648K(222720K) Eden: 111616K(111616K)->0K(111616K) From: 47968K(111104K)->19648K(111104K)
[606.716s][info][gc,heap        ] GC(2058) ParOldGen: 553602K(667648K)->602054K(667648K)
[606.716s][info][gc,metaspace   ] GC(2058) Metaspace: 19019K(19136K)->19019K(19136K) NonClass: 17189K(17280K)->17189K(17280K) Class: 1829K(1856K)->1829K(1856K)
[606.716s][info][gc             ] GC(2058) Pause Young (Allocation Failure) 696M->607M(869M) 66.457ms
[606.716s][info][gc,cpu         ] GC(2058) User=0.13s Sys=0.00s Real=0.07s
[606.852s][info][gc,start       ] GC(2059) Pause Young (Allocation Failure)
[606.889s][info][gc,heap        ] GC(2059) PSYoungGen: 131264K(222720K)->3264K(115200K) Eden: 111616K(111616K)->0K(111616K) From: 19648K(111104K)->3264K(3584K)
[606.889s][info][gc,heap        ] GC(2059) ParOldGen: 602054K(667648K)->621750K(667648K)
[606.889s][info][gc,metaspace   ] GC(2059) Metaspace: 19019K(19136K)->19019K(19136K) NonClass: 17189K(17280K)->17189K(17280K) Class: 1829K(1856K)->1829K(1856K)
[606.889s][info][gc             ] GC(2059) Pause Young (Allocation Failure) 716M->610M(764M) 37.657ms
[606.889s][info][gc,cpu         ] GC(2059) User=0.08s Sys=0.00s Real=0.04s
[606.991s][info][gc,start       ] GC(2060) Pause Young (Allocation Failure)
[607.012s][info][gc,heap        ] GC(2060) PSYoungGen: 114880K(115200K)->4992K(224768K) Eden: 111616K(111616K)->0K(114688K) From: 3264K(3584K)->4992K(110080K)
[607.012s][info][gc,heap        ] GC(2060) ParOldGen: 621750K(667648K)->621750K(667648K)
[607.012s][info][gc,metaspace   ] GC(2060) Metaspace: 19019K(19136K)->19019K(19136K) NonClass: 17189K(17280K)->17189K(17280K) Class: 1829K(1856K)->1829K(1856K)
[607.012s][info][gc             ] GC(2060) Pause Young (Allocation Failure) 719M->612M(871M) 21.195ms
[607.012s][info][gc,cpu         ] GC(2060) User=0.04s Sys=0.00s Real=0.02s
[607.158s][info][gc,start       ] GC(2061) Pause Young (Allocation Failure)
[607.210s][info][gc,heap        ] GC(2061) PSYoungGen: 118076K(224768K)->27214K(142336K) Eden: 113084K(114688K)->0K(114688K) From: 4992K(110080K)->27214K(27648K)
[607.210s][info][gc,heap        ] GC(2061) ParOldGen: 621750K(667648K)->621750K(667648K)
[607.210s][info][gc,metaspace   ] GC(2061) Metaspace: 19019K(19136K)->19019K(19136K) NonClass: 17189K(17280K)->17189K(17280K) Class: 1829K(1856K)->1829K(1856K)
[607.210s][info][gc             ] GC(2061) Pause Young (Allocation Failure) 722M->633M(791M) 51.470ms
[607.210s][info][gc,cpu         ] GC(2061) User=0.10s Sys=0.00s Real=0.05s
[607.359s][info][gc,start       ] GC(2062) Pause Young (Allocation Failure)
[607.420s][info][gc,heap        ] GC(2062) PSYoungGen: 141902K(142336K)->35278K(218624K) Eden: 114688K(114688K)->0K(121344K) From: 27214K(27648K)->35278K(97280K)
[607.420s][info][gc,heap        ] GC(2062) ParOldGen: 621750K(667648K)->621750K(667648K)
[607.420s][info][gc,metaspace   ] GC(2062) Metaspace: 19019K(19136K)->19019K(19136K) NonClass: 17189K(17280K)->17189K(17280K) Class: 1829K(1856K)->1829K(1856K)
[607.420s][info][gc             ] GC(2062) Pause Young (Allocation Failure) 745M->641M(865M) 61.228ms
[607.420s][info][gc,cpu         ] GC(2062) User=0.12s Sys=0.00s Real=0.06s
[607.578s][info][gc,start       ] GC(2063) Pause Young (Allocation Failure)
[607.637s][info][gc,heap        ] GC(2063) PSYoungGen: 156622K(218624K)->35278K(216576K) Eden: 121344K(121344K)->0K(121344K) From: 35278K(97280K)->35278K(95232K)
[607.637s][info][gc,heap        ] GC(2063) ParOldGen: 621750K(667648K)->621750K(667648K)
[607.637s][info][gc,metaspace   ] GC(2063) Metaspace: 19019K(19136K)->19019K(19136K) NonClass: 17189K(17280K)->17189K(17280K) Class: 1829K(1856K)->1829K(1856K)
[607.637s][info][gc             ] GC(2063) Pause Young (Allocation Failure) 760M->641M(863M) 59.792ms
[607.637s][info][gc,cpu         ] GC(2063) User=0.12s Sys=0.00s Real=0.06s
[607.795s][info][gc,start       ] GC(2064) Pause Young (Allocation Failure)
[607.856s][info][gc,heap        ] GC(2064) PSYoungGen: 156622K(216576K)->35278K(212992K) Eden: 121344K(121344K)->0K(131072K) From: 35278K(95232K)->35278K(81920K)
[607.856s][info][gc,heap        ] GC(2064) ParOldGen: 621750K(667648K)->621750K(667648K)
[607.856s][info][gc,metaspace   ] GC(2064) Metaspace: 19019K(19136K)->19019K(19136K) NonClass: 17189K(17280K)->17189K(17280K) Class: 1829K(1856K)->1829K(1856K)
[607.856s][info][gc             ] GC(2064) Pause Young (Allocation Failure) 760M->641M(860M) 60.820ms
[607.856s][info][gc,cpu         ] GC(2064) User=0.12s Sys=0.00s Real=0.06s
[608.026s][info][gc,start       ] GC(2065) Pause Young (Allocation Failure)
[608.086s][info][gc,heap        ] GC(2065) PSYoungGen: 166350K(212992K)->35278K(217088K) Eden: 131072K(131072K)->0K(131072K) From: 35278K(81920K)->35278K(86016K)
[608.086s][info][gc,heap        ] GC(2065) ParOldGen: 621750K(667648K)->621750K(667648K)
[608.086s][info][gc,metaspace   ] GC(2065) Metaspace: 19019K(19136K)->19019K(19136K) NonClass: 17189K(17280K)->17189K(17280K) Class: 1829K(1856K)->1829K(1856K)
[608.086s][info][gc             ] GC(2065) Pause Young (Allocation Failure) 769M->641M(864M) 59.593ms
[608.086s][info][gc,cpu         ] GC(2065) User=0.12s Sys=0.00s Real=0.06s
[608.256s][info][gc,start       ] GC(2066) Pause Young (Allocation Failure)
[608.316s][info][gc,heap        ] GC(2066) PSYoungGen: 166350K(217088K)->35287K(216064K) Eden: 131072K(131072K)->0K(141312K) From: 35278K(86016K)->35287K(74752K)
[608.316s][info][gc,heap        ] GC(2066) ParOldGen: 621750K(667648K)->621750K(667648K)
[608.317s][info][gc,metaspace   ] GC(2066) Metaspace: 19019K(19136K)->19019K(19136K) NonClass: 17189K(17280K)->17189K(17280K) Class: 1829K(1856K)->1829K(1856K)
[608.317s][info][gc             ] GC(2066) Pause Young (Allocation Failure) 769M->641M(863M) 60.438ms
[608.317s][info][gc,cpu         ] GC(2066) User=0.11s Sys=0.00s Real=0.06s
[608.501s][info][gc,start       ] GC(2067) Pause Young (Allocation Failure)
[608.561s][info][gc,heap        ] GC(2067) PSYoungGen: 176599K(216064K)->35287K(219648K) Eden: 141312K(141312K)->0K(141312K) From: 35287K(74752K)->35287K(78336K)
[608.561s][info][gc,heap        ] GC(2067) ParOldGen: 621750K(667648K)->621750K(667648K)
[608.561s][info][gc,metaspace   ] GC(2067) Metaspace: 19019K(19136K)->19019K(19136K) NonClass: 17189K(17280K)->17189K(17280K) Class: 1829K(1856K)->1829K(1856K)
[608.561s][info][gc             ] GC(2067) Pause Young (Allocation Failure) 779M->641M(866M) 59.821ms
[608.561s][info][gc,cpu         ] GC(2067) User=0.12s Sys=0.00s Real=0.06s
[608.744s][info][gc,start       ] GC(2068) Pause Young (Allocation Failure)
[608.804s][info][gc,heap        ] GC(2068) PSYoungGen: 176599K(219648K)->35287K(220672K) Eden: 141312K(141312K)->0K(152064K) From: 35287K(78336K)->35287K(68608K)
[608.804s][info][gc,heap        ] GC(2068) ParOldGen: 621750K(667648K)->621750K(667648K)
[608.804s][info][gc,metaspace   ] GC(2068) Metaspace: 19019K(19136K)->19019K(19136K) NonClass: 17189K(17280K)->17189K(17280K) Class: 1829K(1856K)->1829K(1856K)
[608.804s][info][gc             ] GC(2068) Pause Young (Allocation Failure) 779M->641M(867M) 59.905ms
[608.804s][info][gc,cpu         ] GC(2068) User=0.12s Sys=0.00s Real=0.06s
[608.982s][info][gc,start       ] GC(2069) Pause Young (Allocation Failure)
[609.051s][info][gc,heap        ] GC(2069) PSYoungGen: 187351K(220672K)->44951K(223744K) Eden: 152064K(152064K)->0K(152064K) From: 35287K(68608K)->44951K(71680K)
[609.052s][info][gc,heap        ] GC(2069) ParOldGen: 621750K(667648K)->621750K(667648K)
[609.052s][info][gc,metaspace   ] GC(2069) Metaspace: 19020K(19136K)->19020K(19136K) NonClass: 17190K(17280K)->17190K(17280K) Class: 1829K(1856K)->1829K(1856K)
[609.052s][info][gc             ] GC(2069) Pause Young (Allocation Failure) 790M->651M(870M) 69.904ms
[609.052s][info][gc,cpu         ] GC(2069) User=0.14s Sys=0.00s Real=0.07s
[609.197s][info][gc,start       ] GC(2070) Pause Young (Allocation Failure)
[609.282s][info][gc,heap        ] GC(2070) PSYoungGen: 197015K(223744K)->61230K(229376K) Eden: 152064K(152064K)->0K(157184K) From: 44951K(71680K)->61230K(72192K)
[609.282s][info][gc,heap        ] GC(2070) ParOldGen: 621750K(667648K)->621750K(667648K)
[609.282s][info][gc,metaspace   ] GC(2070) Metaspace: 19020K(19136K)->19020K(19136K) NonClass: 17190K(17280K)->17190K(17280K) Class: 1829K(1856K)->1829K(1856K)
[609.282s][info][gc             ] GC(2070) Pause Young (Allocation Failure) 799M->666M(876M) 84.821ms
[609.282s][info][gc,cpu         ] GC(2070) User=0.17s Sys=0.00s Real=0.08s
[609.394s][info][gc,start       ] GC(2071) Pause Young (Allocation Failure)
[609.485s][info][gc,heap        ] GC(2071) PSYoungGen: 218414K(229376K)->68590K(236032K) Eden: 157184K(157184K)->0K(157184K) From: 61230K(72192K)->68590K(78848K)
[609.485s][info][gc,heap        ] GC(2071) ParOldGen: 621750K(667648K)->621750K(667648K)
[609.485s][info][gc,metaspace   ] GC(2071) Metaspace: 19020K(19136K)->19020K(19136K) NonClass: 17190K(17280K)->17190K(17280K) Class: 1829K(1856K)->1829K(1856K)
[609.485s][info][gc             ] GC(2071) Pause Young (Allocation Failure) 820M->674M(882M) 91.014ms
[609.485s][info][gc,cpu         ] GC(2071) User=0.18s Sys=0.00s Real=0.09s
[609.619s][info][gc,start       ] GC(2072) Pause Young (Allocation Failure)
[609.720s][info][gc,heap        ] GC(2072) PSYoungGen: 225774K(236032K)->70510K(233984K) Eden: 157184K(157184K)->0K(147456K) From: 68590K(78848K)->70510K(86528K)
[609.720s][info][gc,heap        ] GC(2072) ParOldGen: 621750K(667648K)->621750K(667648K)
[609.720s][info][gc,metaspace   ] GC(2072) Metaspace: 19020K(19136K)->19020K(19136K) NonClass: 17190K(17280K)->17190K(17280K) Class: 1829K(1856K)->1829K(1856K)
[609.720s][info][gc             ] GC(2072) Pause Young (Allocation Failure) 827M->676M(880M) 100.711ms
[609.720s][info][gc,cpu         ] GC(2072) User=0.18s Sys=0.03s Real=0.10s
[609.862s][info][gc,start       ] GC(2073) Pause Young (Allocation Failure)
[609.963s][info][gc,heap        ] GC(2073) PSYoungGen: 217966K(233984K)->75511K(223232K) Eden: 147456K(147456K)->0K(147456K) From: 70510K(86528K)->75511K(75776K)
[609.963s][info][gc,heap        ] GC(2073) ParOldGen: 621750K(667648K)->621750K(667648K)
[609.963s][info][gc,metaspace   ] GC(2073) Metaspace: 19020K(19136K)->19020K(19136K) NonClass: 17191K(17280K)->17191K(17280K) Class: 1829K(1856K)->1829K(1856K)
[609.963s][info][gc             ] GC(2073) Pause Young (Allocation Failure) 820M->680M(870M) 101.436ms
[609.963s][info][gc,cpu         ] GC(2073) User=0.20s Sys=0.00s Real=0.10s
[610.138s][info][gc,start       ] GC(2074) Pause Young (Allocation Failure)
[610.238s][info][gc,heap        ] GC(2074) PSYoungGen: 222967K(223232K)->75991K(221696K) Eden: 147456K(147456K)->0K(121856K) From: 75511K(75776K)->75991K(99840K)
[610.238s][info][gc,heap        ] GC(2074) ParOldGen: 621750K(667648K)->624990K(667648K)
[610.238s][info][gc,metaspace   ] GC(2074) Metaspace: 19021K(19136K)->19021K(19136K) NonClass: 17192K(17280K)->17192K(17280K) Class: 1829K(1856K)->1829K(1856K)
[610.238s][info][gc             ] GC(2074) Pause Young (Allocation Failure) 824M->684M(868M) 99.944ms
[610.238s][info][gc,cpu         ] GC(2074) User=0.20s Sys=0.00s Real=0.10s
[610.489s][info][gc,start       ] GC(2075) Pause Young (Allocation Failure)
[610.585s][info][gc,heap        ] GC(2075) PSYoungGen: 197847K(221696K)->74318K(196608K) Eden: 121856K(121856K)->0K(121856K) From: 75991K(99840K)->74318K(74752K)
[610.585s][info][gc,heap        ] GC(2075) ParOldGen: 624990K(667648K)->626726K(667648K)
[610.585s][info][gc,metaspace   ] GC(2075) Metaspace: 19026K(19200K)->19026K(19200K) NonClass: 17196K(17344K)->17196K(17344K) Class: 1829K(1856K)->1829K(1856K)
[610.585s][info][gc             ] GC(2075) Pause Young (Allocation Failure) 803M->684M(844M) 96.312ms
[610.585s][info][gc,cpu         ] GC(2075) User=0.19s Sys=0.00s Real=0.10s
[610.802s][info][gc,start       ] GC(2076) Pause Young (Allocation Failure)
[610.891s][info][gc,heap        ] GC(2076) PSYoungGen: 196174K(196608K)->53216K(229376K) Eden: 121856K(121856K)->0K(119808K) From: 74318K(74752K)->53216K(109568K)
[610.891s][info][gc,heap        ] GC(2076) ParOldGen: 626726K(667648K)->648000K(667648K)
[610.891s][info][gc,metaspace   ] GC(2076) Metaspace: 19026K(19200K)->19026K(19200K) NonClass: 17197K(17344K)->17197K(17344K) Class: 1829K(1856K)->1829K(1856K)
[610.891s][info][gc             ] GC(2076) Pause Young (Allocation Failure) 803M->684M(876M) 89.354ms
[610.891s][info][gc,cpu         ] GC(2076) User=0.17s Sys=0.00s Real=0.09s
[611.092s][info][gc,start       ] GC(2077) Pause Full (Allocation Failure)
[611.092s][info][gc,phases,start] GC(2077) Marking Phase
[611.441s][info][gc,phases      ] GC(2077) Marking Phase 348.980ms
[611.441s][info][gc,phases,start] GC(2077) Summary Phase
[611.441s][info][gc,phases      ] GC(2077) Summary Phase 0.027ms
[611.441s][info][gc,phases,start] GC(2077) Forward
[611.551s][info][gc,phases      ] GC(2077) Forward 109.694ms
[611.551s][info][gc,phases,start] GC(2077) Adjust Pointers
[611.835s][info][gc,phases      ] GC(2077) Adjust Pointers 284.167ms
[611.835s][info][gc,phases,start] GC(2077) Compaction Phase
[611.991s][info][gc,phases      ] GC(2077) Compaction Phase 155.550ms
[612.007s][info][gc,phases,start] GC(2077) Post Compact
[612.009s][info][gc,phases      ] GC(2077) Post Compact 2.548ms
[612.009s][info][gc,heap        ] GC(2077) PSYoungGen: 173024K(229376K)->0K(224256K) Eden: 119808K(119808K)->0K(119808K) From: 53216K(109568K)->0K(104448K)
[612.009s][info][gc,heap        ] GC(2077) ParOldGen: 648000K(667648K)->535161K(667648K)
[612.009s][info][gc,metaspace   ] GC(2077) Metaspace: 19027K(19200K)->19027K(19200K) NonClass: 17197K(17344K)->17197K(17344K) Class: 1829K(1856K)->1829K(1856K)
[612.009s][info][gc             ] GC(2077) Pause Full (Allocation Failure) 801M->522M(871M) 917.195ms
[612.009s][info][gc,cpu         ] GC(2077) User=1.73s Sys=0.00s Real=0.92s
[612.221s][info][gc,start       ] GC(2078) Pause Young (Allocation Failure)
[612.223s][info][gc,heap        ] GC(2078) PSYoungGen: 119808K(224256K)->192K(220672K) Eden: 119808K(119808K)->0K(116224K) From: 0K(104448K)->192K(104448K)
[612.223s][info][gc,heap        ] GC(2078) ParOldGen: 535161K(667648K)->535161K(667648K)
[612.223s][info][gc,metaspace   ] GC(2078) Metaspace: 19029K(19200K)->19029K(19200K) NonClass: 17200K(17344K)->17200K(17344K) Class: 1829K(1856K)->1829K(1856K)
[612.223s][info][gc             ] GC(2078) Pause Young (Allocation Failure) 639M->522M(867M) 2.181ms
[612.223s][info][gc,cpu         ] GC(2078) User=0.00s Sys=0.00s Real=0.00s
[612.402s][info][gc,start       ] GC(2079) Pause Young (Allocation Failure)
[612.414s][info][gc,heap        ] GC(2079) PSYoungGen: 116416K(220672K)->10976K(224256K) Eden: 116224K(116224K)->0K(116224K) From: 192K(104448K)->10976K(108032K)
[612.414s][info][gc,heap        ] GC(2079) ParOldGen: 535161K(667648K)->535161K(667648K)
[612.414s][info][gc,metaspace   ] GC(2079) Metaspace: 19035K(19200K)->19035K(19200K) NonClass: 17206K(17344K)->17206K(17344K) Class: 1829K(1856K)->1829K(1856K)
[612.414s][info][gc             ] GC(2079) Pause Young (Allocation Failure) 636M->533M(871M) 12.185ms
[612.414s][info][gc,cpu         ] GC(2079) User=0.02s Sys=0.00s Real=0.02s
[612.540s][info][gc,start       ] GC(2080) Pause Young (Allocation Failure)
[612.556s][info][gc,heap        ] GC(2080) PSYoungGen: 127200K(224256K)->14208K(222720K) Eden: 116224K(116224K)->0K(117760K) From: 10976K(108032K)->14208K(104960K)
[612.556s][info][gc,heap        ] GC(2080) ParOldGen: 535161K(667648K)->535161K(667648K)
[612.556s][info][gc,metaspace   ] GC(2080) Metaspace: 19035K(19200K)->19035K(19200K) NonClass: 17206K(17344K)->17206K(17344K) Class: 1829K(1856K)->1829K(1856K)
[612.556s][info][gc             ] GC(2080) Pause Young (Allocation Failure) 646M->536M(869M) 16.131ms
[612.556s][info][gc,cpu         ] GC(2080) User=0.03s Sys=0.00s Real=0.02s
[612.689s][info][gc,start       ] GC(2081) Pause Young (Allocation Failure)
[612.712s][info][gc,heap        ] GC(2081) PSYoungGen: 131968K(222720K)->22208K(224256K) Eden: 117760K(117760K)->0K(117760K) From: 14208K(104960K)->22208K(106496K)
[612.712s][info][gc,heap        ] GC(2081) ParOldGen: 535161K(667648K)->535169K(667648K)
[612.712s][info][gc,metaspace   ] GC(2081) Metaspace: 19046K(19200K)->19046K(19200K) NonClass: 17216K(17344K)->17216K(17344K) Class: 1829K(1856K)->1829K(1856K)
[612.712s][info][gc             ] GC(2081) Pause Young (Allocation Failure) 651M->544M(871M) 23.078ms
[612.712s][info][gc,cpu         ] GC(2081) User=0.05s Sys=0.00s Real=0.02s
[612.779s][info][gc,start       ] GC(2082) Pause Young (Allocation Failure)
[612.825s][info][gc,heap        ] GC(2082) PSYoungGen: 139968K(224256K)->61232K(223232K) Eden: 117760K(117760K)->0K(120320K) From: 22208K(106496K)->61232K(102912K)
[612.825s][info][gc,heap        ] GC(2082) ParOldGen: 535169K(667648K)->535169K(667648K)
[612.825s][info][gc,metaspace   ] GC(2082) Metaspace: 19046K(19200K)->19046K(19200K) NonClass: 17216K(17344K)->17216K(17344K) Class: 1829K(1856K)->1829K(1856K)
[612.825s][info][gc             ] GC(2082) Pause Young (Allocation Failure) 659M->582M(870M) 46.214ms
[612.825s][info][gc,cpu         ] GC(2082) User=0.09s Sys=0.00s Real=0.05s
[612.997s][info][gc,start       ] GC(2083) Pause Young (Allocation Failure)
[613.047s][info][gc,heap        ] GC(2083) PSYoungGen: 181552K(223232K)->73168K(193536K) Eden: 120320K(120320K)->0K(120320K) From: 61232K(102912K)->73168K(73216K)
[613.047s][info][gc,heap        ] GC(2083) ParOldGen: 535169K(667648K)->535169K(667648K)
[613.047s][info][gc,metaspace   ] GC(2083) Metaspace: 19046K(19200K)->19046K(19200K) NonClass: 17216K(17344K)->17216K(17344K) Class: 1829K(1856K)->1829K(1856K)
[613.047s][info][gc             ] GC(2083) Pause Young (Allocation Failure) 699M->594M(841M) 50.537ms
[613.047s][info][gc,cpu         ] GC(2083) User=0.10s Sys=0.00s Real=0.05s
[613.213s][info][gc,start       ] GC(2084) Pause Young (Allocation Failure)
[613.284s][info][gc,heap        ] GC(2084) PSYoungGen: 193488K(193536K)->85840K(222208K) Eden: 120320K(120320K)->0K(111616K) From: 73168K(73216K)->85840K(110592K)
[613.284s][info][gc,heap        ] GC(2084) ParOldGen: 535169K(667648K)->535169K(667648K)
[613.284s][info][gc,metaspace   ] GC(2084) Metaspace: 19046K(19200K)->19046K(19200K) NonClass: 17216K(17344K)->17216K(17344K) Class: 1829K(1856K)->1829K(1856K)
[613.284s][info][gc             ] GC(2084) Pause Young (Allocation Failure) 711M->606M(869M) 70.776ms
[613.284s][info][gc,cpu         ] GC(2084) User=0.14s Sys=0.00s Real=0.08s
[613.429s][info][gc,start       ] GC(2085) Pause Young (Allocation Failure)
[613.499s][info][gc,heap        ] GC(2085) PSYoungGen: 197456K(222208K)->85872K(222720K) Eden: 111616K(111616K)->0K(111616K) From: 85840K(110592K)->85872K(111104K)
[613.499s][info][gc,heap        ] GC(2085) ParOldGen: 535169K(667648K)->535169K(667648K)
[613.499s][info][gc,metaspace   ] GC(2085) Metaspace: 19046K(19200K)->19046K(19200K) NonClass: 17216K(17344K)->17216K(17344K) Class: 1829K(1856K)->1829K(1856K)
[613.499s][info][gc             ] GC(2085) Pause Young (Allocation Failure) 715M->606M(869M) 70.056ms
[613.499s][info][gc,cpu         ] GC(2085) User=0.14s Sys=0.00s Real=0.07s
[613.649s][info][gc,start       ] GC(2086) Pause Young (Allocation Failure)
[613.720s][info][gc,heap        ] GC(2086) PSYoungGen: 197488K(222720K)->85872K(222720K) Eden: 111616K(111616K)->0K(111616K) From: 85872K(111104K)->85872K(111104K)
[613.720s][info][gc,heap        ] GC(2086) ParOldGen: 535169K(667648K)->535169K(667648K)
[613.720s][info][gc,metaspace   ] GC(2086) Metaspace: 19046K(19200K)->19046K(19200K) NonClass: 17216K(17344K)->17216K(17344K) Class: 1829K(1856K)->1829K(1856K)
[613.720s][info][gc             ] GC(2086) Pause Young (Allocation Failure) 715M->606M(869M) 71.649ms
[613.720s][info][gc,cpu         ] GC(2086) User=0.14s Sys=0.00s Real=0.07s
[613.869s][info][gc,start       ] GC(2087) Pause Young (Allocation Failure)
[613.940s][info][gc,heap        ] GC(2087) PSYoungGen: 197488K(222720K)->85872K(222720K) Eden: 111616K(111616K)->0K(111616K) From: 85872K(111104K)->85872K(111104K)
[613.940s][info][gc,heap        ] GC(2087) ParOldGen: 535169K(667648K)->535169K(667648K)
[613.940s][info][gc,metaspace   ] GC(2087) Metaspace: 19046K(19200K)->19046K(19200K) NonClass: 17216K(17344K)->17216K(17344K) Class: 1829K(1856K)->1829K(1856K)
[613.940s][info][gc             ] GC(2087) Pause Young (Allocation Failure) 715M->606M(869M) 71.349ms
[613.940s][info][gc,cpu         ] GC(2087) User=0.15s Sys=0.00s Real=0.07s
[614.084s][info][gc,start       ] GC(2088) Pause Young (Allocation Failure)
[614.156s][info][gc,heap        ] GC(2088) PSYoungGen: 197488K(222720K)->85872K(222720K) Eden: 111616K(111616K)->0K(111616K) From: 85872K(111104K)->85872K(111104K)
[614.156s][info][gc,heap        ] GC(2088) ParOldGen: 535169K(667648K)->535169K(667648K)
[614.156s][info][gc,metaspace   ] GC(2088) Metaspace: 19046K(19200K)->19046K(19200K) NonClass: 17216K(17344K)->17216K(17344K) Class: 1829K(1856K)->1829K(1856K)
[614.156s][info][gc             ] GC(2088) Pause Young (Allocation Failure) 715M->606M(869M) 71.610ms
[614.156s][info][gc,cpu         ] GC(2088) User=0.14s Sys=0.00s Real=0.07s
[614.303s][info][gc,start       ] GC(2089) Pause Young (Allocation Failure)
[614.374s][info][gc,heap        ] GC(2089) PSYoungGen: 197488K(222720K)->74928K(222720K) Eden: 111616K(111616K)->0K(111616K) From: 85872K(111104K)->74928K(111104K)
[614.374s][info][gc,heap        ] GC(2089) ParOldGen: 535169K(667648K)->546153K(667648K)
[614.374s][info][gc,metaspace   ] GC(2089) Metaspace: 19046K(19200K)->19046K(19200K) NonClass: 17216K(17344K)->17216K(17344K) Class: 1829K(1856K)->1829K(1856K)
[614.374s][info][gc             ] GC(2089) Pause Young (Allocation Failure) 715M->606M(869M) 70.801ms
[614.374s][info][gc,cpu         ] GC(2089) User=0.14s Sys=0.00s Real=0.07s
[614.521s][info][gc,start       ] GC(2090) Pause Young (Allocation Failure)
[614.581s][info][gc,heap        ] GC(2090) PSYoungGen: 186544K(222720K)->63680K(222720K) Eden: 111616K(111616K)->0K(111616K) From: 74928K(111104K)->63680K(111104K)
[614.581s][info][gc,heap        ] GC(2090) ParOldGen: 546153K(667648K)->557468K(667648K)
[614.581s][info][gc,metaspace   ] GC(2090) Metaspace: 19046K(19200K)->19046K(19200K) NonClass: 17216K(17344K)->17216K(17344K) Class: 1829K(1856K)->1829K(1856K)
[614.581s][info][gc             ] GC(2090) Pause Young (Allocation Failure) 715M->606M(869M) 59.837ms
[614.581s][info][gc,cpu         ] GC(2090) User=0.12s Sys=0.00s Real=0.06s
[614.725s][info][gc,start       ] GC(2091) Pause Young (Allocation Failure)
[614.779s][info][gc,heap        ] GC(2091) PSYoungGen: 175296K(222720K)->12704K(222720K) Eden: 111616K(111616K)->0K(111616K) From: 63680K(111104K)->12704K(111104K)
[614.779s][info][gc,heap        ] GC(2091) ParOldGen: 557468K(667648K)->608936K(667648K)
[614.779s][info][gc,metaspace   ] GC(2091) Metaspace: 19046K(19200K)->19046K(19200K) NonClass: 17216K(17344K)->17216K(17344K) Class: 1829K(1856K)->1829K(1856K)
[614.779s][info][gc             ] GC(2091) Pause Young (Allocation Failure) 715M->607M(869M) 54.413ms
[614.779s][info][gc,cpu         ] GC(2091) User=0.11s Sys=0.00s Real=0.05s
[614.923s][info][gc,start       ] GC(2092) Pause Young (Allocation Failure)
[614.945s][info][gc,heap        ] GC(2092) PSYoungGen: 124320K(222720K)->64K(222720K) Eden: 111616K(111616K)->0K(111616K) From: 12704K(111104K)->64K(111104K)
[614.945s][info][gc,heap        ] GC(2092) ParOldGen: 608936K(667648K)->621665K(667648K)
[614.945s][info][gc,metaspace   ] GC(2092) Metaspace: 19046K(19200K)->19046K(19200K) NonClass: 17216K(17344K)->17216K(17344K) Class: 1829K(1856K)->1829K(1856K)
[614.945s][info][gc             ] GC(2092) Pause Young (Allocation Failure) 716M->607M(869M) 22.467ms
[614.945s][info][gc,cpu         ] GC(2092) User=0.04s Sys=0.00s Real=0.03s
[615.088s][info][gc,start       ] GC(2093) Pause Young (Allocation Failure)
[615.090s][info][gc,heap        ] GC(2093) PSYoungGen: 111680K(222720K)->64K(222720K) Eden: 111616K(111616K)->0K(111616K) From: 64K(111104K)->64K(111104K)
[615.090s][info][gc,heap        ] GC(2093) ParOldGen: 621665K(667648K)->621665K(667648K)
[615.090s][info][gc,metaspace   ] GC(2093) Metaspace: 19046K(19200K)->19046K(19200K) NonClass: 17216K(17344K)->17216K(17344K) Class: 1829K(1856K)->1829K(1856K)
[615.090s][info][gc             ] GC(2093) Pause Young (Allocation Failure) 716M->607M(869M) 2.708ms
[615.090s][info][gc,cpu         ] GC(2093) User=0.01s Sys=0.00s Real=0.00s
[615.188s][info][gc,start       ] GC(2094) Pause Young (Allocation Failure)
[615.208s][info][gc,heap        ] GC(2094) PSYoungGen: 111680K(222720K)->17984K(222720K) Eden: 111616K(111616K)->0K(111616K) From: 64K(111104K)->17984K(111104K)
[615.208s][info][gc,heap        ] GC(2094) ParOldGen: 621665K(667648K)->621665K(667648K)
[615.208s][info][gc,metaspace   ] GC(2094) Metaspace: 19046K(19200K)->19046K(19200K) NonClass: 17216K(17344K)->17216K(17344K) Class: 1829K(1856K)->1829K(1856K)
[615.208s][info][gc             ] GC(2094) Pause Young (Allocation Failure) 716M->624M(869M) 19.993ms
[615.208s][info][gc,cpu         ] GC(2094) User=0.04s Sys=0.00s Real=0.02s
[615.296s][info][gc,start       ] GC(2095) Pause Young (Allocation Failure)
[615.342s][info][gc,heap        ] GC(2095) PSYoungGen: 129600K(222720K)->43360K(222720K) Eden: 111616K(111616K)->0K(111616K) From: 17984K(111104K)->43360K(111104K)
[615.342s][info][gc,heap        ] GC(2095) ParOldGen: 621665K(667648K)->621665K(667648K)
[615.342s][info][gc,metaspace   ] GC(2095) Metaspace: 19046K(19200K)->19046K(19200K) NonClass: 17216K(17344K)->17216K(17344K) Class: 1829K(1856K)->1829K(1856K)
[615.342s][info][gc             ] GC(2095) Pause Young (Allocation Failure) 733M->649M(869M) 46.109ms
[615.342s][info][gc,cpu         ] GC(2095) User=0.09s Sys=0.00s Real=0.04s
[615.411s][info][gc,start       ] GC(2096) Pause Young (Allocation Failure)
[615.461s][info][gc,heap        ] GC(2096) PSYoungGen: 154976K(222720K)->51936K(222720K) Eden: 111616K(111616K)->0K(111616K) From: 43360K(111104K)->51936K(111104K)
[615.461s][info][gc,heap        ] GC(2096) ParOldGen: 621665K(667648K)->621665K(667648K)
[615.461s][info][gc,metaspace   ] GC(2096) Metaspace: 19046K(19200K)->19046K(19200K) NonClass: 17216K(17344K)->17216K(17344K) Class: 1829K(1856K)->1829K(1856K)
[615.461s][info][gc             ] GC(2096) Pause Young (Allocation Failure) 758M->657M(869M) 50.551ms
[615.461s][info][gc,cpu         ] GC(2096) User=0.10s Sys=0.00s Real=0.05s
[615.533s][info][gc,start       ] GC(2097) Pause Young (Allocation Failure)
[615.598s][info][gc,heap        ] GC(2097) PSYoungGen: 163552K(222720K)->21984K(222720K) Eden: 111616K(111616K)->0K(111616K) From: 51936K(111104K)->21984K(111104K)
[615.598s][info][gc,heap        ] GC(2097) ParOldGen: 621665K(667648K)->665137K(667648K)
[615.598s][info][gc,metaspace   ] GC(2097) Metaspace: 19046K(19200K)->19046K(19200K) NonClass: 17216K(17344K)->17216K(17344K) Class: 1829K(1856K)->1829K(1856K)
[615.598s][info][gc             ] GC(2097) Pause Young (Allocation Failure) 766M->671M(869M) 65.586ms
[615.598s][info][gc,cpu         ] GC(2097) User=0.13s Sys=0.00s Real=0.07s
[615.672s][info][gc,start       ] GC(2098) Pause Full (Allocation Failure)
[615.672s][info][gc,phases,start] GC(2098) Marking Phase
[616.039s][info][gc,phases      ] GC(2098) Marking Phase 366.879ms
[616.039s][info][gc,phases,start] GC(2098) Summary Phase
[616.039s][info][gc,phases      ] GC(2098) Summary Phase 0.064ms
[616.039s][info][gc,phases,start] GC(2098) Forward
[616.092s][info][gc,phases      ] GC(2098) Forward 52.856ms
[616.092s][info][gc,phases,start] GC(2098) Adjust Pointers
[616.376s][info][gc,phases      ] GC(2098) Adjust Pointers 284.212ms
[616.376s][info][gc,phases,start] GC(2098) Compaction Phase
[616.516s][info][gc,phases      ] GC(2098) Compaction Phase 139.355ms
[616.520s][info][gc,phases,start] GC(2098) Post Compact
[616.523s][info][gc,phases      ] GC(2098) Post Compact 2.402ms
[616.523s][info][gc,heap        ] GC(2098) PSYoungGen: 133600K(222720K)->0K(222720K) Eden: 111616K(111616K)->0K(111616K) From: 21984K(111104K)->0K(111104K)
[616.523s][info][gc,heap        ] GC(2098) ParOldGen: 665137K(667648K)->562633K(667648K)
[616.523s][info][gc,metaspace   ] GC(2098) Metaspace: 19046K(19200K)->19046K(19200K) NonClass: 17216K(17344K)->17216K(17344K) Class: 1829K(1856K)->1829K(1856K)
[616.523s][info][gc             ] GC(2098) Pause Full (Allocation Failure) 780M->549M(869M) 850.781ms
[616.523s][info][gc,cpu         ] GC(2098) User=1.64s Sys=0.01s Real=0.85s
[616.598s][info][gc,start       ] GC(2099) Pause Young (Allocation Failure)
[616.621s][info][gc,heap        ] GC(2099) PSYoungGen: 111616K(222720K)->18752K(130560K) Eden: 111616K(111616K)->0K(111616K) From: 0K(111104K)->18752K(18944K)
[616.621s][info][gc,heap        ] GC(2099) ParOldGen: 562633K(667648K)->562633K(667648K)
[616.621s][info][gc,metaspace   ] GC(2099) Metaspace: 19046K(19200K)->19046K(19200K) NonClass: 17216K(17344K)->17216K(17344K) Class: 1829K(1856K)->1829K(1856K)
[616.621s][info][gc             ] GC(2099) Pause Young (Allocation Failure) 658M->567M(779M) 23.422ms
[616.621s][info][gc,cpu         ] GC(2099) User=0.04s Sys=0.00s Real=0.02s
[616.712s][info][gc,start       ] GC(2100) Pause Young (Allocation Failure)
[616.740s][info][gc,heap        ] GC(2100) PSYoungGen: 130368K(130560K)->22464K(225792K) Eden: 111616K(111616K)->0K(115712K) From: 18752K(18944K)->22464K(110080K)
[616.740s][info][gc,heap        ] GC(2100) ParOldGen: 562633K(667648K)->562633K(667648K)
[616.740s][info][gc,metaspace   ] GC(2100) Metaspace: 19046K(19200K)->19046K(19200K) NonClass: 17216K(17344K)->17216K(17344K) Class: 1829K(1856K)->1829K(1856K)
[616.740s][info][gc             ] GC(2100) Pause Young (Allocation Failure) 676M->571M(872M) 27.488ms
[616.740s][info][gc,cpu         ] GC(2100) User=0.06s Sys=0.00s Real=0.03s
[616.808s][info][gc,start       ] GC(2101) Pause Young (Allocation Failure)
[616.848s][info][gc,heap        ] GC(2101) PSYoungGen: 138176K(225792K)->41632K(157696K) Eden: 115712K(115712K)->0K(115712K) From: 22464K(110080K)->41632K(41984K)
[616.848s][info][gc,heap        ] GC(2101) ParOldGen: 562633K(667648K)->562633K(667648K)
[616.848s][info][gc,metaspace   ] GC(2101) Metaspace: 19046K(19200K)->19046K(19200K) NonClass: 17216K(17344K)->17216K(17344K) Class: 1829K(1856K)->1829K(1856K)
[616.848s][info][gc             ] GC(2101) Pause Young (Allocation Failure) 684M->590M(806M) 40.388ms
[616.848s][info][gc,cpu         ] GC(2101) User=0.08s Sys=0.00s Real=0.04s
[616.914s][info][gc,start       ] GC(2102) Pause Young (Allocation Failure)
[616.958s][info][gc,heap        ] GC(2102) PSYoungGen: 157344K(157696K)->45376K(222720K) Eden: 115712K(115712K)->0K(121856K) From: 41632K(41984K)->45376K(100864K)
[616.958s][info][gc,heap        ] GC(2102) ParOldGen: 562633K(667648K)->562633K(667648K)
[616.958s][info][gc,metaspace   ] GC(2102) Metaspace: 19046K(19200K)->19046K(19200K) NonClass: 17216K(17344K)->17216K(17344K) Class: 1829K(1856K)->1829K(1856K)
[616.958s][info][gc             ] GC(2102) Pause Young (Allocation Failure) 703M->593M(869M) 43.748ms
[616.958s][info][gc,cpu         ] GC(2102) User=0.09s Sys=0.00s Real=0.04s
[617.082s][info][gc,start       ] GC(2103) Pause Young (Allocation Failure)
[617.131s][info][gc,heap        ] GC(2103) PSYoungGen: 167232K(222720K)->28384K(218624K) Eden: 121856K(121856K)->0K(121856K) From: 45376K(100864K)->28384K(96768K)
[617.131s][info][gc,heap        ] GC(2103) ParOldGen: 562633K(667648K)->581409K(667648K)
[617.131s][info][gc,metaspace   ] GC(2103) Metaspace: 19046K(19200K)->19046K(19200K) NonClass: 17216K(17344K)->17216K(17344K) Class: 1829K(1856K)->1829K(1856K)
[617.131s][info][gc             ] GC(2103) Pause Young (Allocation Failure) 712M->595M(865M) 49.042ms
[617.131s][info][gc,cpu         ] GC(2103) User=0.10s Sys=0.00s Real=0.05s
[617.276s][info][gc,start       ] GC(2104) Pause Young (Allocation Failure)
[617.312s][info][gc,heap        ] GC(2104) PSYoungGen: 150240K(218624K)->25952K(219136K) Eden: 121856K(121856K)->0K(133632K) From: 28384K(96768K)->25952K(85504K)
[617.312s][info][gc,heap        ] GC(2104) ParOldGen: 581409K(667648K)->585161K(667648K)
[617.312s][info][gc,metaspace   ] GC(2104) Metaspace: 19046K(19200K)->19046K(19200K) NonClass: 17216K(17344K)->17216K(17344K) Class: 1829K(1856K)->1829K(1856K)
[617.312s][info][gc             ] GC(2104) Pause Young (Allocation Failure) 714M->596M(866M) 36.428ms
[617.312s][info][gc,cpu         ] GC(2104) User=0.07s Sys=0.00s Real=0.03s
[617.453s][info][gc,start       ] GC(2105) Pause Young (Allocation Failure)
[617.489s][info][gc,heap        ] GC(2105) PSYoungGen: 159584K(219136K)->29600K(223232K) Eden: 133632K(133632K)->0K(133632K) From: 25952K(85504K)->29600K(89600K)
[617.489s][info][gc,heap        ] GC(2105) ParOldGen: 585161K(667648K)->585161K(667648K)
[617.489s][info][gc,metaspace   ] GC(2105) Metaspace: 19046K(19200K)->19046K(19200K) NonClass: 17216K(17344K)->17216K(17344K) Class: 1829K(1856K)->1829K(1856K)
[617.489s][info][gc             ] GC(2105) Pause Young (Allocation Failure) 727M->600M(870M) 35.825ms
[617.489s][info][gc,cpu         ] GC(2105) User=0.07s Sys=0.00s Real=0.04s
[617.616s][info][gc,start       ] GC(2106) Pause Young (Allocation Failure)
[617.649s][info][gc,heap        ] GC(2106) PSYoungGen: 163232K(223232K)->29664K(223232K) Eden: 133632K(133632K)->0K(145408K) From: 29600K(89600K)->29664K(77824K)
[617.649s][info][gc,heap        ] GC(2106) ParOldGen: 585161K(667648K)->585161K(667648K)
[617.649s][info][gc,metaspace   ] GC(2106) Metaspace: 19046K(19200K)->19046K(19200K) NonClass: 17216K(17344K)->17216K(17344K) Class: 1829K(1856K)->1829K(1856K)
[617.649s][info][gc             ] GC(2106) Pause Young (Allocation Failure) 730M->600M(870M) 32.839ms
[617.649s][info][gc,cpu         ] GC(2106) User=0.07s Sys=0.00s Real=0.03s
[617.864s][info][gc,start       ] GC(2107) Pause Young (Allocation Failure)
[617.897s][info][gc,heap        ] GC(2107) PSYoungGen: 175072K(223232K)->30016K(227328K) Eden: 145408K(145408K)->0K(145408K) From: 29664K(77824K)->30016K(81920K)
[617.897s][info][gc,heap        ] GC(2107) ParOldGen: 585161K(667648K)->585161K(667648K)
[617.897s][info][gc,metaspace   ] GC(2107) Metaspace: 19046K(19200K)->19046K(19200K) NonClass: 17216K(17344K)->17216K(17344K) Class: 1829K(1856K)->1829K(1856K)
[617.897s][info][gc             ] GC(2107) Pause Young (Allocation Failure) 742M->600M(874M) 32.965ms
[617.897s][info][gc,cpu         ] GC(2107) User=0.07s Sys=0.00s Real=0.03s
[618.225s][info][gc,start       ] GC(2108) Pause Young (Allocation Failure)
[618.273s][info][gc,heap        ] GC(2108) PSYoungGen: 175424K(227328K)->47152K(233984K) Eden: 145408K(145408K)->0K(156672K) From: 30016K(81920K)->47152K(77312K)
[618.273s][info][gc,heap        ] GC(2108) ParOldGen: 585161K(667648K)->585161K(667648K)
[618.273s][info][gc,metaspace   ] GC(2108) Metaspace: 19046K(19200K)->19046K(19200K) NonClass: 17216K(17344K)->17216K(17344K) Class: 1829K(1856K)->1829K(1856K)
[618.273s][info][gc             ] GC(2108) Pause Young (Allocation Failure) 742M->617M(880M) 47.355ms
[618.273s][info][gc,cpu         ] GC(2108) User=0.10s Sys=0.00s Real=0.04s
[618.430s][info][gc,start       ] GC(2109) Pause Young (Allocation Failure)
[618.515s][info][gc,heap        ] GC(2109) PSYoungGen: 203824K(233984K)->78320K(235008K) Eden: 156672K(156672K)->0K(156672K) From: 47152K(77312K)->78320K(78336K)
[618.515s][info][gc,heap        ] GC(2109) ParOldGen: 585161K(667648K)->595161K(667648K)
[618.515s][info][gc,metaspace   ] GC(2109) Metaspace: 19046K(19200K)->19046K(19200K) NonClass: 17216K(17344K)->17216K(17344K) Class: 1829K(1856K)->1829K(1856K)
[618.515s][info][gc             ] GC(2109) Pause Young (Allocation Failure) 770M->657M(881M) 84.825ms
[618.515s][info][gc,cpu         ] GC(2109) User=0.16s Sys=0.00s Real=0.09s
[618.574s][info][gc,start       ] GC(2110) Pause Young (Allocation Failure)
[618.694s][info][gc,heap        ] GC(2110) PSYoungGen: 234992K(235008K)->93688K(205312K) Eden: 156672K(156672K)->0K(111616K) From: 78320K(78336K)->93688K(93696K)
[618.694s][info][gc,heap        ] GC(2110) ParOldGen: 595161K(667648K)->626761K(667648K)
[618.694s][info][gc,metaspace   ] GC(2110) Metaspace: 19046K(19200K)->19046K(19200K) NonClass: 17216K(17344K)->17216K(17344K) Class: 1829K(1856K)->1829K(1856K)
[618.694s][info][gc             ] GC(2110) Pause Young (Allocation Failure) 810M->703M(852M) 119.279ms
[618.694s][info][gc,cpu         ] GC(2110) User=0.22s Sys=0.02s Real=0.12s
[618.850s][info][gc,start       ] GC(2111) Pause Full (Allocation Failure)
[618.851s][info][gc,phases,start] GC(2111) Marking Phase
[619.344s][info][gc,phases      ] GC(2111) Marking Phase 493.224ms
[619.344s][info][gc,phases,start] GC(2111) Summary Phase
[619.344s][info][gc,phases      ] GC(2111) Summary Phase 0.031ms
[619.344s][info][gc,phases,start] GC(2111) Forward
[619.515s][info][gc,phases      ] GC(2111) Forward 171.386ms
[619.515s][info][gc,phases,start] GC(2111) Adjust Pointers
[619.919s][info][gc,phases      ] GC(2111) Adjust Pointers 404.064ms
[619.919s][info][gc,phases,start] GC(2111) Compaction Phase
[620.167s][info][gc,phases      ] GC(2111) Compaction Phase 247.565ms
[620.180s][info][gc,phases,start] GC(2111) Post Compact
[620.182s][info][gc,phases      ] GC(2111) Post Compact 2.616ms
[620.182s][info][gc,heap        ] GC(2111) PSYoungGen: 205304K(205312K)->22947K(205312K) Eden: 111616K(111616K)->0K(111616K) From: 93688K(93696K)->22947K(93696K)
[620.182s][info][gc,heap        ] GC(2111) ParOldGen: 626761K(667648K)->667543K(667648K)
[620.182s][info][gc,metaspace   ] GC(2111) Metaspace: 19046K(19200K)->19046K(19200K) NonClass: 17216K(17344K)->17216K(17344K) Class: 1829K(1856K)->1829K(1856K)
[620.182s][info][gc             ] GC(2111) Pause Full (Allocation Failure) 812M->674M(852M) 1331.820ms
[620.182s][info][gc,cpu         ] GC(2111) User=2.43s Sys=0.01s Real=1.33s
[620.324s][info][gc,start       ] GC(2112) Pause Full (Allocation Failure)
[620.324s][info][gc,phases,start] GC(2112) Marking Phase
[620.831s][info][gc,phases      ] GC(2112) Marking Phase 507.285ms
[620.831s][info][gc,phases,start] GC(2112) Summary Phase
[620.831s][info][gc,phases      ] GC(2112) Summary Phase 0.027ms
[620.831s][info][gc,phases,start] GC(2112) Forward
[620.850s][info][gc,phases      ] GC(2112) Forward 18.980ms
[620.850s][info][gc,phases,start] GC(2112) Adjust Pointers
[621.201s][info][gc,phases      ] GC(2112) Adjust Pointers 350.899ms
[621.201s][info][gc,phases,start] GC(2112) Compaction Phase
[621.353s][info][gc,phases      ] GC(2112) Compaction Phase 151.899ms
[621.353s][info][gc,phases,start] GC(2112) Post Compact
[621.356s][info][gc,phases      ] GC(2112) Post Compact 2.428ms
[621.356s][info][gc,heap        ] GC(2112) PSYoungGen: 134563K(205312K)->22955K(222720K) Eden: 111616K(111616K)->22955K(111616K) From: 22947K(93696K)->0K(111104K)
[621.356s][info][gc,heap        ] GC(2112) ParOldGen: 667543K(667648K)->667647K(667648K)
[621.356s][info][gc,metaspace   ] GC(2112) Metaspace: 19046K(19200K)->19046K(19200K) NonClass: 17216K(17344K)->17216K(17344K) Class: 1829K(1856K)->1829K(1856K)
[621.356s][info][gc             ] GC(2112) Pause Full (Allocation Failure) 783M->674M(869M) 1031.990ms
[621.356s][info][gc,cpu         ] GC(2112) User=2.01s Sys=0.00s Real=1.03s
[621.520s][info][gc,start       ] GC(2113) Pause Full (Allocation Failure)
[621.520s][info][gc,phases,start] GC(2113) Marking Phase
[622.003s][info][gc,phases      ] GC(2113) Marking Phase 482.700ms
[622.003s][info][gc,phases,start] GC(2113) Summary Phase
[622.003s][info][gc,phases      ] GC(2113) Summary Phase 0.024ms
[622.003s][info][gc,phases,start] GC(2113) Forward
[622.024s][info][gc,phases      ] GC(2113) Forward 21.080ms
[622.024s][info][gc,phases,start] GC(2113) Adjust Pointers
[622.360s][info][gc,phases      ] GC(2113) Adjust Pointers 336.399ms
[622.360s][info][gc,phases,start] GC(2113) Compaction Phase
[622.498s][info][gc,phases      ] GC(2113) Compaction Phase 137.787ms
[622.498s][info][gc,phases,start] GC(2113) Post Compact
[622.501s][info][gc,phases      ] GC(2113) Post Compact 2.291ms
[622.501s][info][gc,heap        ] GC(2113) PSYoungGen: 111616K(222720K)->23273K(205312K) Eden: 111616K(111616K)->23273K(111616K) From: 0K(111104K)->0K(93696K)
[622.501s][info][gc,heap        ] GC(2113) ParOldGen: 667647K(667648K)->667645K(667648K)
[622.501s][info][gc,metaspace   ] GC(2113) Metaspace: 19046K(19200K)->19046K(19200K) NonClass: 17216K(17344K)->17216K(17344K) Class: 1829K(1856K)->1829K(1856K)
[622.501s][info][gc             ] GC(2113) Pause Full (Allocation Failure) 760M->674M(852M) 980.776ms
[622.501s][info][gc,cpu         ] GC(2113) User=1.91s Sys=0.00s Real=0.98s
[622.645s][info][gc,start       ] GC(2114) Pause Full (Allocation Failure)
[622.645s][info][gc,phases,start] GC(2114) Marking Phase
[623.126s][info][gc,phases      ] GC(2114) Marking Phase 480.836ms
[623.126s][info][gc,phases,start] GC(2114) Summary Phase
[623.126s][info][gc,phases      ] GC(2114) Summary Phase 0.025ms
[623.126s][info][gc,phases,start] GC(2114) Forward
[623.149s][info][gc,phases      ] GC(2114) Forward 23.714ms
[623.149s][info][gc,phases,start] GC(2114) Adjust Pointers
[623.490s][info][gc,phases      ] GC(2114) Adjust Pointers 340.438ms
[623.490s][info][gc,phases,start] GC(2114) Compaction Phase
[623.627s][info][gc,phases      ] GC(2114) Compaction Phase 137.206ms
[623.627s][info][gc,phases,start] GC(2114) Post Compact
[623.630s][info][gc,phases      ] GC(2114) Post Compact 2.316ms
[623.630s][info][gc,heap        ] GC(2114) PSYoungGen: 111616K(205312K)->23560K(222720K) Eden: 111616K(111616K)->23560K(111616K) From: 0K(93696K)->0K(111104K)
[623.630s][info][gc,heap        ] GC(2114) ParOldGen: 667645K(667648K)->667644K(667648K)
[623.630s][info][gc,metaspace   ] GC(2114) Metaspace: 19046K(19200K)->19046K(19200K) NonClass: 17216K(17344K)->17216K(17344K) Class: 1829K(1856K)->1829K(1856K)
[623.630s][info][gc             ] GC(2114) Pause Full (Allocation Failure) 760M->675M(869M) 984.978ms
[623.630s][info][gc,cpu         ] GC(2114) User=1.92s Sys=0.00s Real=0.98s
[623.766s][info][gc,start       ] GC(2115) Pause Full (Allocation Failure)
[623.766s][info][gc,phases,start] GC(2115) Marking Phase
[624.249s][info][gc,phases      ] GC(2115) Marking Phase 483.157ms
[624.249s][info][gc,phases,start] GC(2115) Summary Phase
[624.249s][info][gc,phases      ] GC(2115) Summary Phase 0.023ms
[624.249s][info][gc,phases,start] GC(2115) Forward
[624.273s][info][gc,phases      ] GC(2115) Forward 23.975ms
[624.273s][info][gc,phases,start] GC(2115) Adjust Pointers
[624.610s][info][gc,phases      ] GC(2115) Adjust Pointers 337.007ms
[624.610s][info][gc,phases,start] GC(2115) Compaction Phase
[624.750s][info][gc,phases      ] GC(2115) Compaction Phase 139.992ms
[624.750s][info][gc,phases,start] GC(2115) Post Compact
[624.752s][info][gc,phases      ] GC(2115) Post Compact 2.330ms
[624.752s][info][gc,heap        ] GC(2115) PSYoungGen: 111616K(222720K)->23840K(205312K) Eden: 111616K(111616K)->23840K(111616K) From: 0K(111104K)->0K(93696K)
[624.752s][info][gc,heap        ] GC(2115) ParOldGen: 667644K(667648K)->667643K(667648K)
[624.752s][info][gc,metaspace   ] GC(2115) Metaspace: 19046K(19200K)->19046K(19200K) NonClass: 17216K(17344K)->17216K(17344K) Class: 1829K(1856K)->1829K(1856K)
[624.752s][info][gc             ] GC(2115) Pause Full (Allocation Failure) 760M->675M(852M) 986.931ms
[624.753s][info][gc,cpu         ] GC(2115) User=1.92s Sys=0.00s Real=0.98s
[624.832s][info][gc,start       ] GC(2116) Pause Full (Allocation Failure)
[624.832s][info][gc,phases,start] GC(2116) Marking Phase
[625.315s][info][gc,phases      ] GC(2116) Marking Phase 483.433ms
[625.315s][info][gc,phases,start] GC(2116) Summary Phase
[625.315s][info][gc,phases      ] GC(2116) Summary Phase 0.025ms
[625.315s][info][gc,phases,start] GC(2116) Forward
[625.339s][info][gc,phases      ] GC(2116) Forward 24.314ms
[625.340s][info][gc,phases,start] GC(2116) Adjust Pointers
[625.678s][info][gc,phases      ] GC(2116) Adjust Pointers 338.813ms
[625.678s][info][gc,phases,start] GC(2116) Compaction Phase
[625.816s][info][gc,phases      ] GC(2116) Compaction Phase 137.921ms
[625.816s][info][gc,phases,start] GC(2116) Post Compact
[625.819s][info][gc,phases      ] GC(2116) Post Compact 2.289ms
[625.819s][info][gc,heap        ] GC(2116) PSYoungGen: 111616K(205312K)->24961K(222720K) Eden: 111616K(111616K)->24961K(111616K) From: 0K(93696K)->0K(111104K)
[625.819s][info][gc,heap        ] GC(2116) ParOldGen: 667643K(667648K)->667642K(667648K)
[625.819s][info][gc,metaspace   ] GC(2116) Metaspace: 19046K(19200K)->19046K(19200K) NonClass: 17217K(17344K)->17217K(17344K) Class: 1829K(1856K)->1829K(1856K)
[625.819s][info][gc             ] GC(2116) Pause Full (Allocation Failure) 760M->676M(869M) 987.305ms
[625.819s][info][gc,cpu         ] GC(2116) User=1.92s Sys=0.00s Real=0.99s
[625.882s][info][gc,start       ] GC(2117) Pause Full (Allocation Failure)
[625.882s][info][gc,phases,start] GC(2117) Marking Phase
[626.367s][info][gc,phases      ] GC(2117) Marking Phase 484.601ms
[626.367s][info][gc,phases,start] GC(2117) Summary Phase
[626.367s][info][gc,phases      ] GC(2117) Summary Phase 0.024ms
[626.367s][info][gc,phases,start] GC(2117) Forward
[626.377s][info][gc,phases      ] GC(2117) Forward 10.507ms
[626.378s][info][gc,phases,start] GC(2117) Adjust Pointers
[626.713s][info][gc,phases      ] GC(2117) Adjust Pointers 335.059ms
[626.713s][info][gc,phases,start] GC(2117) Compaction Phase
[626.846s][info][gc,phases      ] GC(2117) Compaction Phase 133.822ms
[626.847s][info][gc,phases,start] GC(2117) Post Compact
[626.849s][info][gc,phases      ] GC(2117) Post Compact 2.299ms
[626.849s][info][gc,heap        ] GC(2117) PSYoungGen: 111616K(222720K)->25579K(205312K) Eden: 111616K(111616K)->25579K(111616K) From: 0K(111104K)->0K(93696K)
[626.849s][info][gc,heap        ] GC(2117) ParOldGen: 667642K(667648K)->667642K(667648K)
[626.849s][info][gc,metaspace   ] GC(2117) Metaspace: 19046K(19200K)->19046K(19200K) NonClass: 17217K(17344K)->17217K(17344K) Class: 1829K(1856K)->1829K(1856K)
[626.849s][info][gc             ] GC(2117) Pause Full (Allocation Failure) 760M->676M(852M) 966.728ms
[626.849s][info][gc,cpu         ] GC(2117) User=1.89s Sys=0.00s Real=0.97s
[626.912s][info][gc,start       ] GC(2118) Pause Full (Allocation Failure)
[626.912s][info][gc,phases,start] GC(2118) Marking Phase
[627.399s][info][gc,phases      ] GC(2118) Marking Phase 486.166ms
[627.399s][info][gc,phases,start] GC(2118) Summary Phase
[627.399s][info][gc,phases      ] GC(2118) Summary Phase 0.025ms
[627.399s][info][gc,phases,start] GC(2118) Forward
[627.410s][info][gc,phases      ] GC(2118) Forward 10.758ms
[627.410s][info][gc,phases,start] GC(2118) Adjust Pointers
[627.755s][info][gc,phases      ] GC(2118) Adjust Pointers 345.184ms
[627.755s][info][gc,phases,start] GC(2118) Compaction Phase
[627.889s][info][gc,phases      ] GC(2118) Compaction Phase 134.500ms
[627.889s][info][gc,phases,start] GC(2118) Post Compact
[627.892s][info][gc,phases      ] GC(2118) Post Compact 2.285ms
[627.892s][info][gc,heap        ] GC(2118) PSYoungGen: 111616K(205312K)->26415K(222720K) Eden: 111616K(111616K)->26415K(111616K) From: 0K(93696K)->0K(111104K)
[627.892s][info][gc,heap        ] GC(2118) ParOldGen: 667642K(667648K)->667642K(667648K)
[627.892s][info][gc,metaspace   ] GC(2118) Metaspace: 19046K(19200K)->19046K(19200K) NonClass: 17217K(17344K)->17217K(17344K) Class: 1829K(1856K)->1829K(1856K)
[627.892s][info][gc             ] GC(2118) Pause Full (Allocation Failure) 760M->677M(869M) 979.423ms
[627.892s][info][gc,cpu         ] GC(2118) User=1.91s Sys=0.01s Real=0.98s
[628.094s][info][gc,start       ] GC(2119) Pause Full (Allocation Failure)
[628.094s][info][gc,phases,start] GC(2119) Marking Phase
[628.607s][info][gc,phases      ] GC(2119) Marking Phase 512.952ms
[628.607s][info][gc,phases,start] GC(2119) Summary Phase
[628.607s][info][gc,phases      ] GC(2119) Summary Phase 0.030ms
[628.607s][info][gc,phases,start] GC(2119) Forward
[628.739s][info][gc,phases      ] GC(2119) Forward 131.893ms
[628.739s][info][gc,phases,start] GC(2119) Adjust Pointers
[629.143s][info][gc,phases      ] GC(2119) Adjust Pointers 403.631ms
[629.143s][info][gc,phases,start] GC(2119) Compaction Phase
[629.334s][info][gc,phases      ] GC(2119) Compaction Phase 191.065ms
[629.353s][info][gc,phases,start] GC(2119) Post Compact
[629.355s][info][gc,phases      ] GC(2119) Post Compact 2.345ms
[629.355s][info][gc,heap        ] GC(2119) PSYoungGen: 111616K(222720K)->43201K(205312K) Eden: 111616K(111616K)->43201K(111616K) From: 0K(111104K)->0K(93696K)
[629.355s][info][gc,heap        ] GC(2119) ParOldGen: 667642K(667648K)->667537K(667648K)
[629.355s][info][gc,metaspace   ] GC(2119) Metaspace: 19046K(19200K)->19046K(19200K) NonClass: 17217K(17344K)->17217K(17344K) Class: 1829K(1856K)->1829K(1856K)
[629.355s][info][gc             ] GC(2119) Pause Full (Allocation Failure) 760M->694M(852M) 1261.196ms
[629.355s][info][gc,cpu         ] GC(2119) User=2.45s Sys=0.00s Real=1.26s
[629.501s][info][gc,start       ] GC(2120) Pause Full (Allocation Failure)
[629.501s][info][gc,phases,start] GC(2120) Marking Phase
[630.004s][info][gc,phases      ] GC(2120) Marking Phase 502.791ms
[630.004s][info][gc,phases,start] GC(2120) Summary Phase
[630.004s][info][gc,phases      ] GC(2120) Summary Phase 0.027ms
[630.004s][info][gc,phases,start] GC(2120) Forward
[630.134s][info][gc,phases      ] GC(2120) Forward 129.958ms
[630.134s][info][gc,phases,start] GC(2120) Adjust Pointers
[630.537s][info][gc,phases      ] GC(2120) Adjust Pointers 403.021ms
[630.537s][info][gc,phases,start] GC(2120) Compaction Phase
[630.704s][info][gc,phases      ] GC(2120) Compaction Phase 166.132ms
[630.720s][info][gc,phases,start] GC(2120) Post Compact
[630.722s][info][gc,phases      ] GC(2120) Post Compact 2.356ms
[630.722s][info][gc,heap        ] GC(2120) PSYoungGen: 111616K(205312K)->43233K(222720K) Eden: 111616K(111616K)->43233K(111616K) From: 0K(93696K)->0K(111104K)
[630.722s][info][gc,heap        ] GC(2120) ParOldGen: 667537K(667648K)->667536K(667648K)
[630.722s][info][gc,metaspace   ] GC(2120) Metaspace: 19046K(19200K)->19046K(19200K) NonClass: 17217K(17344K)->17217K(17344K) Class: 1829K(1856K)->1829K(1856K)
[630.722s][info][gc             ] GC(2120) Pause Full (Allocation Failure) 760M->694M(869M) 1221.137ms
[630.722s][info][gc,cpu         ] GC(2120) User=2.38s Sys=0.01s Real=1.22s
[630.800s][info][gc,start       ] GC(2121) Pause Full (Allocation Failure)
[630.800s][info][gc,phases,start] GC(2121) Marking Phase
[631.317s][info][gc,phases      ] GC(2121) Marking Phase 517.297ms
[631.317s][info][gc,phases,start] GC(2121) Summary Phase
[631.317s][info][gc,phases      ] GC(2121) Summary Phase 0.025ms
[631.317s][info][gc,phases,start] GC(2121) Forward
[631.336s][info][gc,phases      ] GC(2121) Forward 19.351ms
[631.336s][info][gc,phases,start] GC(2121) Adjust Pointers
[631.696s][info][gc,phases      ] GC(2121) Adjust Pointers 359.890ms
[631.696s][info][gc,phases,start] GC(2121) Compaction Phase
[631.839s][info][gc,phases      ] GC(2121) Compaction Phase 142.810ms
[631.839s][info][gc,phases,start] GC(2121) Post Compact
[631.842s][info][gc,phases      ] GC(2121) Post Compact 2.317ms
[631.842s][info][gc,heap        ] GC(2121) PSYoungGen: 111616K(222720K)->56394K(205312K) Eden: 111616K(111616K)->56394K(111616K) From: 0K(111104K)->0K(93696K)
[631.842s][info][gc,heap        ] GC(2121) ParOldGen: 667536K(667648K)->667536K(667648K)
[631.842s][info][gc,metaspace   ] GC(2121) Metaspace: 19046K(19200K)->19046K(19200K) NonClass: 17217K(17344K)->17217K(17344K) Class: 1829K(1856K)->1829K(1856K)
[631.842s][info][gc             ] GC(2121) Pause Full (Allocation Failure) 760M->706M(852M) 1042.199ms
[631.842s][info][gc,cpu         ] GC(2121) User=2.03s Sys=0.00s Real=1.04s
[631.902s][info][gc,start       ] GC(2122) Pause Full (Allocation Failure)
[631.902s][info][gc,phases,start] GC(2122) Marking Phase
[632.428s][info][gc,phases      ] GC(2122) Marking Phase 525.690ms
[632.428s][info][gc,phases,start] GC(2122) Summary Phase
[632.428s][info][gc,phases      ] GC(2122) Summary Phase 0.024ms
[632.428s][info][gc,phases,start] GC(2122) Forward
[632.451s][info][gc,phases      ] GC(2122) Forward 23.334ms
[632.451s][info][gc,phases,start] GC(2122) Adjust Pointers
[632.817s][info][gc,phases      ] GC(2122) Adjust Pointers 365.439ms
[632.817s][info][gc,phases,start] GC(2122) Compaction Phase
[632.962s][info][gc,phases      ] GC(2122) Compaction Phase 145.237ms
[632.962s][info][gc,phases,start] GC(2122) Post Compact
[632.965s][info][gc,phases      ] GC(2122) Post Compact 2.316ms
[632.965s][info][gc,heap        ] GC(2122) PSYoungGen: 111616K(205312K)->68593K(222720K) Eden: 111616K(111616K)->68593K(111616K) From: 0K(93696K)->0K(111104K)
[632.965s][info][gc,heap        ] GC(2122) ParOldGen: 667536K(667648K)->667536K(667648K)
[632.965s][info][gc,metaspace   ] GC(2122) Metaspace: 19046K(19200K)->19046K(19200K) NonClass: 17217K(17344K)->17217K(17344K) Class: 1829K(1856K)->1829K(1856K)
[632.965s][info][gc             ] GC(2122) Pause Full (Allocation Failure) 760M->718M(869M) 1062.507ms
[632.965s][info][gc,cpu         ] GC(2122) User=2.07s Sys=0.00s Real=1.07s
[633.017s][info][gc,start       ] GC(2123) Pause Full (Allocation Failure)
[633.017s][info][gc,phases,start] GC(2123) Marking Phase
[633.549s][info][gc,phases      ] GC(2123) Marking Phase 531.916ms
[633.549s][info][gc,phases,start] GC(2123) Summary Phase
[633.549s][info][gc,phases      ] GC(2123) Summary Phase 0.023ms
[633.549s][info][gc,phases,start] GC(2123) Forward
[633.572s][info][gc,phases      ] GC(2123) Forward 23.137ms
[633.572s][info][gc,phases,start] GC(2123) Adjust Pointers
[633.937s][info][gc,phases      ] GC(2123) Adjust Pointers 365.129ms
[633.937s][info][gc,phases,start] GC(2123) Compaction Phase
[634.085s][info][gc,phases      ] GC(2123) Compaction Phase 147.784ms
[634.085s][info][gc,phases,start] GC(2123) Post Compact
[634.087s][info][gc,phases      ] GC(2123) Post Compact 2.316ms
[634.087s][info][gc,heap        ] GC(2123) PSYoungGen: 111616K(222720K)->72444K(205312K) Eden: 111616K(111616K)->72444K(111616K) From: 0K(111104K)->0K(93696K)
[634.087s][info][gc,heap        ] GC(2123) ParOldGen: 667536K(667648K)->667536K(667648K)
[634.087s][info][gc,metaspace   ] GC(2123) Metaspace: 19046K(19200K)->19046K(19200K) NonClass: 17217K(17344K)->17217K(17344K) Class: 1829K(1856K)->1829K(1856K)
[634.087s][info][gc             ] GC(2123) Pause Full (Allocation Failure) 760M->722M(852M) 1070.783ms
[634.087s][info][gc,cpu         ] GC(2123) User=2.08s Sys=0.00s Real=1.07s
[634.130s][info][gc,start       ] GC(2124) Pause Full (Allocation Failure)
[634.130s][info][gc,phases,start] GC(2124) Marking Phase
[634.669s][info][gc,phases      ] GC(2124) Marking Phase 538.044ms
[634.669s][info][gc,phases,start] GC(2124) Summary Phase
[634.669s][info][gc,phases      ] GC(2124) Summary Phase 0.027ms
[634.669s][info][gc,phases,start] GC(2124) Forward
[634.692s][info][gc,phases      ] GC(2124) Forward 22.903ms
[634.692s][info][gc,phases,start] GC(2124) Adjust Pointers
[635.061s][info][gc,phases      ] GC(2124) Adjust Pointers 369.146ms
[635.061s][info][gc,phases,start] GC(2124) Compaction Phase
[635.209s][info][gc,phases      ] GC(2124) Compaction Phase 147.895ms
[635.209s][info][gc,phases,start] GC(2124) Post Compact
[635.211s][info][gc,phases      ] GC(2124) Post Compact 2.312ms
[635.211s][info][gc,heap        ] GC(2124) PSYoungGen: 111616K(205312K)->77598K(222720K) Eden: 111616K(111616K)->77598K(111616K) From: 0K(93696K)->0K(111104K)
[635.211s][info][gc,heap        ] GC(2124) ParOldGen: 667536K(667648K)->667536K(667648K)
[635.211s][info][gc,metaspace   ] GC(2124) Metaspace: 19046K(19200K)->19046K(19200K) NonClass: 17217K(17344K)->17217K(17344K) Class: 1829K(1856K)->1829K(1856K)
[635.211s][info][gc             ] GC(2124) Pause Full (Allocation Failure) 760M->727M(869M) 1080.785ms
[635.211s][info][gc,cpu         ] GC(2124) User=2.11s Sys=0.00s Real=1.08s
[635.246s][info][gc,start       ] GC(2125) Pause Full (Allocation Failure)
[635.246s][info][gc,phases,start] GC(2125) Marking Phase
[635.787s][info][gc,phases      ] GC(2125) Marking Phase 540.711ms
[635.787s][info][gc,phases,start] GC(2125) Summary Phase
[635.787s][info][gc,phases      ] GC(2125) Summary Phase 0.024ms
[635.787s][info][gc,phases,start] GC(2125) Forward
[635.810s][info][gc,phases      ] GC(2125) Forward 22.592ms
[635.810s][info][gc,phases,start] GC(2125) Adjust Pointers
[636.182s][info][gc,phases      ] GC(2125) Adjust Pointers 372.395ms
[636.182s][info][gc,phases,start] GC(2125) Compaction Phase
[636.329s][info][gc,phases      ] GC(2125) Compaction Phase 146.640ms
[636.329s][info][gc,phases,start] GC(2125) Post Compact
[636.331s][info][gc,phases      ] GC(2125) Post Compact 2.328ms
[636.331s][info][gc,heap        ] GC(2125) PSYoungGen: 111616K(222720K)->80220K(205312K) Eden: 111616K(111616K)->80220K(111616K) From: 0K(111104K)->0K(93696K)
[636.331s][info][gc,heap        ] GC(2125) ParOldGen: 667536K(667648K)->667536K(667648K)
[636.331s][info][gc,metaspace   ] GC(2125) Metaspace: 19046K(19200K)->19046K(19200K) NonClass: 17217K(17344K)->17217K(17344K) Class: 1829K(1856K)->1829K(1856K)
[636.331s][info][gc             ] GC(2125) Pause Full (Allocation Failure) 760M->730M(852M) 1085.135ms
[636.331s][info][gc,cpu         ] GC(2125) User=2.11s Sys=0.00s Real=1.08s
[636.354s][info][gc,start       ] GC(2126) Pause Full (Allocation Failure)
[636.354s][info][gc,phases,start] GC(2126) Marking Phase
[636.899s][info][gc,phases      ] GC(2126) Marking Phase 544.732ms
[636.899s][info][gc,phases,start] GC(2126) Summary Phase
[636.899s][info][gc,phases      ] GC(2126) Summary Phase 0.025ms
[636.899s][info][gc,phases,start] GC(2126) Forward
[636.922s][info][gc,phases      ] GC(2126) Forward 22.802ms
[636.922s][info][gc,phases,start] GC(2126) Adjust Pointers
[637.299s][info][gc,phases      ] GC(2126) Adjust Pointers 377.098ms
[637.299s][info][gc,phases,start] GC(2126) Compaction Phase
[637.454s][info][gc,phases      ] GC(2126) Compaction Phase 154.171ms
[637.454s][info][gc,phases,start] GC(2126) Post Compact
[637.456s][info][gc,phases      ] GC(2126) Post Compact 2.327ms
[637.456s][info][gc,heap        ] GC(2126) PSYoungGen: 111616K(205312K)->80904K(222720K) Eden: 111616K(111616K)->80904K(111616K) From: 0K(93696K)->0K(111104K)
[637.456s][info][gc,heap        ] GC(2126) ParOldGen: 667536K(667648K)->667536K(667648K)
[637.456s][info][gc,metaspace   ] GC(2126) Metaspace: 19046K(19200K)->19046K(19200K) NonClass: 17217K(17344K)->17217K(17344K) Class: 1829K(1856K)->1829K(1856K)
[637.456s][info][gc             ] GC(2126) Pause Full (Allocation Failure) 760M->730M(869M) 1101.585ms
[637.456s][info][gc,cpu         ] GC(2126) User=2.15s Sys=0.00s Real=1.10s
[637.479s][info][gc,start       ] GC(2127) Pause Full (Allocation Failure)
[637.479s][info][gc,phases,start] GC(2127) Marking Phase
[638.020s][info][gc,phases      ] GC(2127) Marking Phase 541.607ms
[638.020s][info][gc,phases,start] GC(2127) Summary Phase
[638.020s][info][gc,phases      ] GC(2127) Summary Phase 0.025ms
[638.020s][info][gc,phases,start] GC(2127) Forward
[638.044s][info][gc,phases      ] GC(2127) Forward 23.179ms
[638.044s][info][gc,phases,start] GC(2127) Adjust Pointers
[638.417s][info][gc,phases      ] GC(2127) Adjust Pointers 373.133ms
[638.417s][info][gc,phases,start] GC(2127) Compaction Phase
[638.564s][info][gc,phases      ] GC(2127) Compaction Phase 147.342ms
[638.564s][info][gc,phases,start] GC(2127) Post Compact
[638.567s][info][gc,phases      ] GC(2127) Post Compact 2.269ms
[638.567s][info][gc,heap        ] GC(2127) PSYoungGen: 111616K(222720K)->80974K(205312K) Eden: 111616K(111616K)->80974K(111616K) From: 0K(111104K)->0K(93696K)
[638.567s][info][gc,heap        ] GC(2127) ParOldGen: 667536K(667648K)->667536K(667648K)
[638.567s][info][gc,metaspace   ] GC(2127) Metaspace: 19046K(19200K)->19046K(19200K) NonClass: 17217K(17344K)->17217K(17344K) Class: 1829K(1856K)->1829K(1856K)
[638.567s][info][gc             ] GC(2127) Pause Full (Allocation Failure) 760M->730M(852M) 1088.009ms
[638.567s][info][gc,cpu         ] GC(2127) User=2.13s Sys=0.00s Real=1.09s
[638.596s][info][gc,start       ] GC(2128) Pause Full (Allocation Failure)
[638.596s][info][gc,phases,start] GC(2128) Marking Phase
[639.139s][info][gc,phases      ] GC(2128) Marking Phase 542.954ms
[639.139s][info][gc,phases,start] GC(2128) Summary Phase
[639.139s][info][gc,phases      ] GC(2128) Summary Phase 0.027ms
[639.139s][info][gc,phases,start] GC(2128) Forward
[639.161s][info][gc,phases      ] GC(2128) Forward 22.637ms
[639.161s][info][gc,phases,start] GC(2128) Adjust Pointers
[639.533s][info][gc,phases      ] GC(2128) Adjust Pointers 371.783ms
[639.533s][info][gc,phases,start] GC(2128) Compaction Phase
[639.680s][info][gc,phases      ] GC(2128) Compaction Phase 146.614ms
[639.680s][info][gc,phases,start] GC(2128) Post Compact
[639.682s][info][gc,phases      ] GC(2128) Post Compact 2.329ms
[639.682s][info][gc,heap        ] GC(2128) PSYoungGen: 111616K(205312K)->81530K(222720K) Eden: 111616K(111616K)->81530K(111616K) From: 0K(93696K)->0K(111104K)
[639.682s][info][gc,heap        ] GC(2128) ParOldGen: 667536K(667648K)->667536K(667648K)
[639.682s][info][gc,metaspace   ] GC(2128) Metaspace: 19046K(19200K)->19046K(19200K) NonClass: 17217K(17344K)->17217K(17344K) Class: 1829K(1856K)->1829K(1856K)
[639.682s][info][gc             ] GC(2128) Pause Full (Allocation Failure) 760M->731M(869M) 1086.801ms
[639.682s][info][gc,cpu         ] GC(2128) User=2.12s Sys=0.00s Real=1.08s
[639.718s][info][gc,start       ] GC(2129) Pause Full (Allocation Failure)
[639.718s][info][gc,phases,start] GC(2129) Marking Phase
[640.260s][info][gc,phases      ] GC(2129) Marking Phase 541.479ms
[640.260s][info][gc,phases,start] GC(2129) Summary Phase
[640.260s][info][gc,phases      ] GC(2129) Summary Phase 0.024ms
[640.260s][info][gc,phases,start] GC(2129) Forward
[640.283s][info][gc,phases      ] GC(2129) Forward 22.975ms
[640.283s][info][gc,phases,start] GC(2129) Adjust Pointers
[640.653s][info][gc,phases      ] GC(2129) Adjust Pointers 370.371ms
[640.653s][info][gc,phases,start] GC(2129) Compaction Phase
[640.800s][info][gc,phases      ] GC(2129) Compaction Phase 147.037ms
[640.800s][info][gc,phases,start] GC(2129) Post Compact
[640.803s][info][gc,phases      ] GC(2129) Post Compact 2.319ms
[640.803s][info][gc,heap        ] GC(2129) PSYoungGen: 111616K(222720K)->83448K(205312K) Eden: 111616K(111616K)->83448K(111616K) From: 0K(111104K)->0K(93696K)
[640.803s][info][gc,heap        ] GC(2129) ParOldGen: 667536K(667648K)->667536K(667648K)
[640.803s][info][gc,metaspace   ] GC(2129) Metaspace: 19046K(19200K)->19046K(19200K) NonClass: 17217K(17344K)->17217K(17344K) Class: 1829K(1856K)->1829K(1856K)
[640.803s][info][gc             ] GC(2129) Pause Full (Allocation Failure) 760M->733M(852M) 1084.675ms
[640.803s][info][gc,cpu         ] GC(2129) User=2.12s Sys=0.00s Real=1.08s
[640.837s][info][gc,start       ] GC(2130) Pause Full (Allocation Failure)
[640.837s][info][gc,phases,start] GC(2130) Marking Phase
[641.379s][info][gc,phases      ] GC(2130) Marking Phase 542.393ms
[641.379s][info][gc,phases,start] GC(2130) Summary Phase
[641.379s][info][gc,phases      ] GC(2130) Summary Phase 0.025ms
[641.379s][info][gc,phases,start] GC(2130) Forward
[641.402s][info][gc,phases      ] GC(2130) Forward 22.830ms
[641.402s][info][gc,phases,start] GC(2130) Adjust Pointers
[641.772s][info][gc,phases      ] GC(2130) Adjust Pointers 370.380ms
[641.773s][info][gc,phases,start] GC(2130) Compaction Phase
[641.920s][info][gc,phases      ] GC(2130) Compaction Phase 147.497ms
[641.920s][info][gc,phases,start] GC(2130) Post Compact
[641.923s][info][gc,phases      ] GC(2130) Post Compact 2.406ms
[641.923s][info][gc,heap        ] GC(2130) PSYoungGen: 111616K(205312K)->83448K(222720K) Eden: 111616K(111616K)->83448K(111616K) From: 0K(93696K)->0K(111104K)
[641.923s][info][gc,heap        ] GC(2130) ParOldGen: 667536K(667648K)->667536K(667648K)
[641.923s][info][gc,metaspace   ] GC(2130) Metaspace: 19046K(19200K)->19046K(19200K) NonClass: 17217K(17344K)->17217K(17344K) Class: 1829K(1856K)->1829K(1856K)
[641.923s][info][gc             ] GC(2130) Pause Full (Allocation Failure) 760M->733M(869M) 1086.017ms
[641.923s][info][gc,cpu         ] GC(2130) User=2.12s Sys=0.00s Real=1.08s
[641.961s][info][gc,start       ] GC(2131) Pause Full (Allocation Failure)
[641.961s][info][gc,phases,start] GC(2131) Marking Phase
[642.526s][info][gc,phases      ] GC(2131) Marking Phase 565.357ms
[642.526s][info][gc,phases,start] GC(2131) Summary Phase
[642.526s][info][gc,phases      ] GC(2131) Summary Phase 0.024ms
[642.526s][info][gc,phases,start] GC(2131) Forward
[642.549s][info][gc,phases      ] GC(2131) Forward 23.107ms
[642.549s][info][gc,phases,start] GC(2131) Adjust Pointers
[642.923s][info][gc,phases      ] GC(2131) Adjust Pointers 373.188ms
[642.923s][info][gc,phases,start] GC(2131) Compaction Phase
[643.070s][info][gc,phases      ] GC(2131) Compaction Phase 146.884ms
[643.070s][info][gc,phases,start] GC(2131) Post Compact
[643.072s][info][gc,phases      ] GC(2131) Post Compact 2.286ms
[643.072s][info][gc,heap        ] GC(2131) PSYoungGen: 111616K(222720K)->83699K(205312K) Eden: 111616K(111616K)->83699K(111616K) From: 0K(111104K)->0K(93696K)
[643.072s][info][gc,heap        ] GC(2131) ParOldGen: 667536K(667648K)->667536K(667648K)
[643.072s][info][gc,metaspace   ] GC(2131) Metaspace: 19046K(19200K)->19046K(19200K) NonClass: 17217K(17344K)->17217K(17344K) Class: 1829K(1856K)->1829K(1856K)
[643.072s][info][gc             ] GC(2131) Pause Full (Allocation Failure) 760M->733M(852M) 1111.295ms
[643.072s][info][gc,cpu         ] GC(2131) User=2.17s Sys=0.00s Real=1.11s
[643.101s][info][gc,start       ] GC(2132) Pause Full (Allocation Failure)
[643.101s][info][gc,phases,start] GC(2132) Marking Phase
[643.657s][info][gc,phases      ] GC(2132) Marking Phase 555.785ms
[643.657s][info][gc,phases,start] GC(2132) Summary Phase
[643.657s][info][gc,phases      ] GC(2132) Summary Phase 0.023ms
[643.657s][info][gc,phases,start] GC(2132) Forward
[643.680s][info][gc,phases      ] GC(2132) Forward 22.609ms
[643.680s][info][gc,phases,start] GC(2132) Adjust Pointers
[644.059s][info][gc,phases      ] GC(2132) Adjust Pointers 379.630ms
[644.059s][info][gc,phases,start] GC(2132) Compaction Phase
[644.209s][info][gc,phases      ] GC(2132) Compaction Phase 149.421ms
[644.209s][info][gc,phases,start] GC(2132) Post Compact
[644.211s][info][gc,phases      ] GC(2132) Post Compact 2.290ms
[644.211s][info][gc,heap        ] GC(2132) PSYoungGen: 111616K(205312K)->83792K(222720K) Eden: 111616K(111616K)->83792K(111616K) From: 0K(93696K)->0K(111104K)
[644.211s][info][gc,heap        ] GC(2132) ParOldGen: 667536K(667648K)->667536K(667648K)
[644.211s][info][gc,metaspace   ] GC(2132) Metaspace: 19046K(19200K)->19046K(19200K) NonClass: 17217K(17344K)->17217K(17344K) Class: 1829K(1856K)->1829K(1856K)
[644.211s][info][gc             ] GC(2132) Pause Full (Allocation Failure) 760M->733M(869M) 1110.233ms
[644.211s][info][gc,cpu         ] GC(2132) User=2.17s Sys=0.00s Real=1.11s
[644.241s][info][gc,start       ] GC(2133) Pause Full (Allocation Failure)
[644.241s][info][gc,phases,start] GC(2133) Marking Phase
[644.785s][info][gc,phases      ] GC(2133) Marking Phase 543.943ms
[644.785s][info][gc,phases,start] GC(2133) Summary Phase
[644.785s][info][gc,phases      ] GC(2133) Summary Phase 0.024ms
[644.785s][info][gc,phases,start] GC(2133) Forward
[644.808s][info][gc,phases      ] GC(2133) Forward 23.154ms
[644.808s][info][gc,phases,start] GC(2133) Adjust Pointers
[645.181s][info][gc,phases      ] GC(2133) Adjust Pointers 373.213ms
[645.181s][info][gc,phases,start] GC(2133) Compaction Phase
[645.330s][info][gc,phases      ] GC(2133) Compaction Phase 148.270ms
[645.330s][info][gc,phases,start] GC(2133) Post Compact
[645.332s][info][gc,phases      ] GC(2133) Post Compact 2.296ms
[645.332s][info][gc,heap        ] GC(2133) PSYoungGen: 111616K(222720K)->83797K(205312K) Eden: 111616K(111616K)->83797K(111616K) From: 0K(111104K)->0K(93696K)
[645.332s][info][gc,heap        ] GC(2133) ParOldGen: 667536K(667648K)->667536K(667648K)
[645.332s][info][gc,metaspace   ] GC(2133) Metaspace: 19046K(19200K)->19046K(19200K) NonClass: 17217K(17344K)->17217K(17344K) Class: 1829K(1856K)->1829K(1856K)
[645.332s][info][gc             ] GC(2133) Pause Full (Allocation Failure) 760M->733M(852M) 1091.379ms
[645.332s][info][gc,cpu         ] GC(2133) User=2.14s Sys=0.01s Real=1.09s
[645.374s][info][gc,start       ] GC(2134) Pause Full (Allocation Failure)
[645.374s][info][gc,phases,start] GC(2134) Marking Phase
[645.926s][info][gc,phases      ] GC(2134) Marking Phase 551.945ms
[645.926s][info][gc,phases,start] GC(2134) Summary Phase
[645.926s][info][gc,phases      ] GC(2134) Summary Phase 0.026ms
[645.926s][info][gc,phases,start] GC(2134) Forward
[645.949s][info][gc,phases      ] GC(2134) Forward 22.718ms
[645.949s][info][gc,phases,start] GC(2134) Adjust Pointers
[646.324s][info][gc,phases      ] GC(2134) Adjust Pointers 375.638ms
[646.324s][info][gc,phases,start] GC(2134) Compaction Phase
[646.474s][info][gc,phases      ] GC(2134) Compaction Phase 149.193ms
[646.474s][info][gc,phases,start] GC(2134) Post Compact
[646.476s][info][gc,phases      ] GC(2134) Post Compact 2.282ms
[646.476s][info][gc,heap        ] GC(2134) PSYoungGen: 111616K(205312K)->86355K(222720K) Eden: 111616K(111616K)->86355K(111616K) From: 0K(93696K)->0K(111104K)
[646.476s][info][gc,heap        ] GC(2134) ParOldGen: 667536K(667648K)->667536K(667648K)
[646.476s][info][gc,metaspace   ] GC(2134) Metaspace: 19046K(19200K)->19046K(19200K) NonClass: 17217K(17344K)->17217K(17344K) Class: 1829K(1856K)->1829K(1856K)
[646.476s][info][gc             ] GC(2134) Pause Full (Allocation Failure) 760M->736M(869M) 1102.241ms
[646.476s][info][gc,cpu         ] GC(2134) User=2.15s Sys=0.00s Real=1.10s
[646.511s][info][gc,start       ] GC(2135) Pause Full (Allocation Failure)
[646.511s][info][gc,phases,start] GC(2135) Marking Phase
[647.061s][info][gc,phases      ] GC(2135) Marking Phase 549.247ms
[647.061s][info][gc,phases,start] GC(2135) Summary Phase
[647.061s][info][gc,phases      ] GC(2135) Summary Phase 0.023ms
[647.061s][info][gc,phases,start] GC(2135) Forward
[647.083s][info][gc,phases      ] GC(2135) Forward 22.901ms
[647.084s][info][gc,phases,start] GC(2135) Adjust Pointers
[647.459s][info][gc,phases      ] GC(2135) Adjust Pointers 375.636ms
[647.459s][info][gc,phases,start] GC(2135) Compaction Phase
[647.606s][info][gc,phases      ] GC(2135) Compaction Phase 146.543ms
[647.606s][info][gc,phases,start] GC(2135) Post Compact
[647.608s][info][gc,phases      ] GC(2135) Post Compact 2.289ms
[647.608s][info][gc,heap        ] GC(2135) PSYoungGen: 111616K(222720K)->86588K(205312K) Eden: 111616K(111616K)->86588K(111616K) From: 0K(111104K)->0K(93696K)
[647.608s][info][gc,heap        ] GC(2135) ParOldGen: 667536K(667648K)->667536K(667648K)
[647.608s][info][gc,metaspace   ] GC(2135) Metaspace: 19046K(19200K)->19046K(19200K) NonClass: 17217K(17344K)->17217K(17344K) Class: 1829K(1856K)->1829K(1856K)
[647.608s][info][gc             ] GC(2135) Pause Full (Allocation Failure) 760M->736M(852M) 1097.064ms
[647.608s][info][gc,cpu         ] GC(2135) User=2.15s Sys=0.00s Real=1.10s
[647.628s][info][gc,start       ] GC(2136) Pause Full (Allocation Failure)
[647.629s][info][gc,phases,start] GC(2136) Marking Phase
[648.173s][info][gc,phases      ] GC(2136) Marking Phase 544.560ms
[648.173s][info][gc,phases,start] GC(2136) Summary Phase
[648.173s][info][gc,phases      ] GC(2136) Summary Phase 0.025ms
[648.173s][info][gc,phases,start] GC(2136) Forward
[648.196s][info][gc,phases      ] GC(2136) Forward 22.662ms
[648.196s][info][gc,phases,start] GC(2136) Adjust Pointers
[648.571s][info][gc,phases      ] GC(2136) Adjust Pointers 374.643ms
[648.571s][info][gc,phases,start] GC(2136) Compaction Phase
[648.718s][info][gc,phases      ] GC(2136) Compaction Phase 147.224ms
[648.718s][info][gc,phases,start] GC(2136) Post Compact
[648.720s][info][gc,phases      ] GC(2136) Post Compact 2.297ms
[648.720s][info][gc,heap        ] GC(2136) PSYoungGen: 111616K(205312K)->86587K(222720K) Eden: 111616K(111616K)->86587K(111616K) From: 0K(93696K)->0K(111104K)
[648.720s][info][gc,heap        ] GC(2136) ParOldGen: 667536K(667648K)->667536K(667648K)
[648.720s][info][gc,metaspace   ] GC(2136) Metaspace: 19046K(19200K)->19046K(19200K) NonClass: 17217K(17344K)->17217K(17344K) Class: 1829K(1856K)->1829K(1856K)
[648.720s][info][gc             ] GC(2136) Pause Full (Allocation Failure) 760M->736M(869M) 1091.869ms
[648.720s][info][gc,cpu         ] GC(2136) User=2.13s Sys=0.00s Real=1.09s
[648.744s][info][gc,start       ] GC(2137) Pause Full (Allocation Failure)
[648.744s][info][gc,phases,start] GC(2137) Marking Phase
[649.293s][info][gc,phases      ] GC(2137) Marking Phase 549.268ms
[649.293s][info][gc,phases,start] GC(2137) Summary Phase
[649.293s][info][gc,phases      ] GC(2137) Summary Phase 0.024ms
[649.293s][info][gc,phases,start] GC(2137) Forward
[649.316s][info][gc,phases      ] GC(2137) Forward 23.289ms
[649.317s][info][gc,phases,start] GC(2137) Adjust Pointers
[649.694s][info][gc,phases      ] GC(2137) Adjust Pointers 377.092ms
[649.694s][info][gc,phases,start] GC(2137) Compaction Phase
[649.841s][info][gc,phases      ] GC(2137) Compaction Phase 147.593ms
[649.841s][info][gc,phases,start] GC(2137) Post Compact
[649.844s][info][gc,phases      ] GC(2137) Post Compact 2.328ms
[649.844s][info][gc,heap        ] GC(2137) PSYoungGen: 111616K(222720K)->86666K(205312K) Eden: 111616K(111616K)->86666K(111616K) From: 0K(111104K)->0K(93696K)
[649.844s][info][gc,heap        ] GC(2137) ParOldGen: 667536K(667648K)->667536K(667648K)
[649.844s][info][gc,metaspace   ] GC(2137) Metaspace: 19046K(19200K)->19046K(19200K) NonClass: 17217K(17344K)->17217K(17344K) Class: 1829K(1856K)->1829K(1856K)
[649.844s][info][gc             ] GC(2137) Pause Full (Allocation Failure) 760M->736M(852M) 1100.027ms
[649.844s][info][gc,cpu         ] GC(2137) User=2.14s Sys=0.01s Real=1.10s
[649.872s][info][gc,start       ] GC(2138) Pause Full (Allocation Failure)
[649.872s][info][gc,phases,start] GC(2138) Marking Phase
[650.434s][info][gc,phases      ] GC(2138) Marking Phase 562.223ms
[650.434s][info][gc,phases,start] GC(2138) Summary Phase
[650.434s][info][gc,phases      ] GC(2138) Summary Phase 0.026ms
[650.434s][info][gc,phases,start] GC(2138) Forward
[650.459s][info][gc,phases      ] GC(2138) Forward 24.253ms
[650.459s][info][gc,phases,start] GC(2138) Adjust Pointers
[650.831s][info][gc,phases      ] GC(2138) Adjust Pointers 372.630ms
[650.831s][info][gc,phases,start] GC(2138) Compaction Phase
[650.981s][info][gc,phases      ] GC(2138) Compaction Phase 149.285ms
[650.981s][info][gc,phases,start] GC(2138) Post Compact
[650.983s][info][gc,phases      ] GC(2138) Post Compact 2.294ms
[650.983s][info][gc,heap        ] GC(2138) PSYoungGen: 111616K(205312K)->86805K(222720K) Eden: 111616K(111616K)->86805K(111616K) From: 0K(93696K)->0K(111104K)
[650.983s][info][gc,heap        ] GC(2138) ParOldGen: 667536K(667648K)->667536K(667648K)
[650.983s][info][gc,metaspace   ] GC(2138) Metaspace: 19046K(19200K)->19046K(19200K) NonClass: 17217K(17344K)->17217K(17344K) Class: 1829K(1856K)->1829K(1856K)
[650.983s][info][gc             ] GC(2138) Pause Full (Allocation Failure) 760M->736M(869M) 1111.125ms
[650.983s][info][gc,cpu         ] GC(2138) User=2.17s Sys=0.00s Real=1.11s
[650.999s][info][gc,start       ] GC(2139) Pause Full (Allocation Failure)
[650.999s][info][gc,phases,start] GC(2139) Marking Phase
[651.549s][info][gc,phases      ] GC(2139) Marking Phase 550.109ms
[651.549s][info][gc,phases,start] GC(2139) Summary Phase
[651.549s][info][gc,phases      ] GC(2139) Summary Phase 0.028ms
[651.549s][info][gc,phases,start] GC(2139) Forward
[651.683s][info][gc,phases      ] GC(2139) Forward 133.730ms
[651.683s][info][gc,phases,start] GC(2139) Adjust Pointers
[652.112s][info][gc,phases      ] GC(2139) Adjust Pointers 428.411ms
[652.112s][info][gc,phases,start] GC(2139) Compaction Phase
[652.285s][info][gc,phases      ] GC(2139) Compaction Phase 172.852ms
[652.302s][info][gc,phases,start] GC(2139) Post Compact
[652.304s][info][gc,phases      ] GC(2139) Post Compact 2.331ms
[652.304s][info][gc,heap        ] GC(2139) PSYoungGen: 111616K(222720K)->87062K(205312K) Eden: 111616K(111616K)->87062K(111616K) From: 0K(111104K)->0K(93696K)
[652.304s][info][gc,heap        ] GC(2139) ParOldGen: 667536K(667648K)->667536K(667648K)
[652.304s][info][gc,metaspace   ] GC(2139) Metaspace: 19046K(19200K)->19046K(19200K) NonClass: 17217K(17344K)->17217K(17344K) Class: 1829K(1856K)->1829K(1856K)
[652.304s][info][gc             ] GC(2139) Pause Full (Allocation Failure) 760M->736M(852M) 1305.257ms
[652.304s][info][gc,cpu         ] GC(2139) User=2.55s Sys=0.00s Real=1.31s
[652.317s][info][gc,start       ] GC(2140) Pause Full (Allocation Failure)
[652.317s][info][gc,phases,start] GC(2140) Marking Phase
[652.862s][info][gc,phases      ] GC(2140) Marking Phase 544.387ms
[652.862s][info][gc,phases,start] GC(2140) Summary Phase
[652.862s][info][gc,phases      ] GC(2140) Summary Phase 0.026ms
[652.862s][info][gc,phases,start] GC(2140) Forward
[652.885s][info][gc,phases      ] GC(2140) Forward 22.635ms
[652.885s][info][gc,phases,start] GC(2140) Adjust Pointers
[653.283s][info][gc,phases      ] GC(2140) Adjust Pointers 398.659ms
[653.283s][info][gc,phases,start] GC(2140) Compaction Phase
[653.438s][info][gc,phases      ] GC(2140) Compaction Phase 154.289ms
[653.438s][info][gc,phases,start] GC(2140) Post Compact
[653.440s][info][gc,phases      ] GC(2140) Post Compact 2.310ms
[653.440s][info][gc,heap        ] GC(2140) PSYoungGen: 111616K(205312K)->87201K(222720K) Eden: 111616K(111616K)->87201K(111616K) From: 0K(93696K)->0K(111104K)
[653.440s][info][gc,heap        ] GC(2140) ParOldGen: 667536K(667648K)->667536K(667648K)
[653.440s][info][gc,metaspace   ] GC(2140) Metaspace: 19046K(19200K)->19046K(19200K) NonClass: 17217K(17344K)->17217K(17344K) Class: 1829K(1856K)->1829K(1856K)
[653.440s][info][gc             ] GC(2140) Pause Full (Allocation Failure) 760M->737M(869M) 1122.729ms
[653.440s][info][gc,cpu         ] GC(2140) User=2.19s Sys=0.00s Real=1.12s
[653.454s][info][gc,start       ] GC(2141) Pause Full (Allocation Failure)
[653.454s][info][gc,phases,start] GC(2141) Marking Phase
[654.004s][info][gc,phases      ] GC(2141) Marking Phase 550.052ms
[654.004s][info][gc,phases,start] GC(2141) Summary Phase
[654.004s][info][gc,phases      ] GC(2141) Summary Phase 0.025ms
[654.004s][info][gc,phases,start] GC(2141) Forward
[654.027s][info][gc,phases      ] GC(2141) Forward 22.661ms
[654.027s][info][gc,phases,start] GC(2141) Adjust Pointers
[654.404s][info][gc,phases      ] GC(2141) Adjust Pointers 376.671ms
[654.404s][info][gc,phases,start] GC(2141) Compaction Phase
[654.551s][info][gc,phases      ] GC(2141) Compaction Phase 147.711ms
[654.552s][info][gc,phases,start] GC(2141) Post Compact
[654.554s][info][gc,phases      ] GC(2141) Post Compact 2.418ms
[654.554s][info][gc,heap        ] GC(2141) PSYoungGen: 111616K(222720K)->86667K(205312K) Eden: 111616K(111616K)->86667K(111616K) From: 0K(111104K)->0K(93696K)
[654.554s][info][gc,heap        ] GC(2141) ParOldGen: 667536K(667648K)->667536K(667648K)
[654.554s][info][gc,metaspace   ] GC(2141) Metaspace: 19046K(19200K)->19046K(19200K) NonClass: 17217K(17344K)->17217K(17344K) Class: 1829K(1856K)->1829K(1856K)
[654.554s][info][gc             ] GC(2141) Pause Full (Allocation Failure) 760M->736M(852M) 1099.993ms
[654.554s][info][gc,cpu         ] GC(2141) User=2.15s Sys=0.01s Real=1.10s
[654.569s][info][gc,start       ] GC(2142) Pause Full (Allocation Failure)
[654.569s][info][gc,phases,start] GC(2142) Marking Phase
[655.117s][info][gc,phases      ] GC(2142) Marking Phase 548.154ms
[655.117s][info][gc,phases,start] GC(2142) Summary Phase
[655.117s][info][gc,phases      ] GC(2142) Summary Phase 0.024ms
[655.117s][info][gc,phases,start] GC(2142) Forward
[655.140s][info][gc,phases      ] GC(2142) Forward 22.899ms
[655.140s][info][gc,phases,start] GC(2142) Adjust Pointers
[655.516s][info][gc,phases      ] GC(2142) Adjust Pointers 376.205ms
[655.516s][info][gc,phases,start] GC(2142) Compaction Phase
[655.664s][info][gc,phases      ] GC(2142) Compaction Phase 147.606ms
[655.664s][info][gc,phases,start] GC(2142) Post Compact
[655.666s][info][gc,phases      ] GC(2142) Post Compact 2.297ms
[655.666s][info][gc,heap        ] GC(2142) PSYoungGen: 111616K(205312K)->86667K(222720K) Eden: 111616K(111616K)->86667K(111616K) From: 0K(93696K)->0K(111104K)
[655.667s][info][gc,heap        ] GC(2142) ParOldGen: 667536K(667648K)->667536K(667648K)
[655.667s][info][gc,metaspace   ] GC(2142) Metaspace: 19046K(19200K)->19046K(19200K) NonClass: 17217K(17344K)->17217K(17344K) Class: 1829K(1856K)->1829K(1856K)
[655.667s][info][gc             ] GC(2142) Pause Full (Allocation Failure) 760M->736M(869M) 1097.654ms
[655.667s][info][gc,cpu         ] GC(2142) User=2.14s Sys=0.00s Real=1.10s
[655.681s][info][gc,start       ] GC(2143) Pause Full (Allocation Failure)
[655.681s][info][gc,phases,start] GC(2143) Marking Phase
[656.228s][info][gc,phases      ] GC(2143) Marking Phase 546.445ms
[656.228s][info][gc,phases,start] GC(2143) Summary Phase
[656.228s][info][gc,phases      ] GC(2143) Summary Phase 0.024ms
[656.228s][info][gc,phases,start] GC(2143) Forward
[656.251s][info][gc,phases      ] GC(2143) Forward 23.077ms
[656.251s][info][gc,phases,start] GC(2143) Adjust Pointers
[656.622s][info][gc,phases      ] GC(2143) Adjust Pointers 371.270ms
[656.622s][info][gc,phases,start] GC(2143) Compaction Phase
[656.769s][info][gc,phases      ] GC(2143) Compaction Phase 146.837ms
[656.769s][info][gc,phases,start] GC(2143) Post Compact
[656.772s][info][gc,phases      ] GC(2143) Post Compact 2.332ms
[656.772s][info][gc,heap        ] GC(2143) PSYoungGen: 111616K(222720K)->86670K(205312K) Eden: 111616K(111616K)->86670K(111616K) From: 0K(111104K)->0K(93696K)
[656.772s][info][gc,heap        ] GC(2143) ParOldGen: 667536K(667648K)->667536K(667648K)
[656.772s][info][gc,metaspace   ] GC(2143) Metaspace: 19046K(19200K)->19046K(19200K) NonClass: 17217K(17344K)->17217K(17344K) Class: 1829K(1856K)->1829K(1856K)
[656.772s][info][gc             ] GC(2143) Pause Full (Allocation Failure) 760M->736M(852M) 1090.423ms
[656.772s][info][gc,cpu         ] GC(2143) User=2.13s Sys=0.00s Real=1.09s
[656.785s][info][gc,start       ] GC(2144) Pause Full (Allocation Failure)
[656.785s][info][gc,phases,start] GC(2144) Marking Phase
[657.326s][info][gc,phases      ] GC(2144) Marking Phase 541.119ms
[657.326s][info][gc,phases,start] GC(2144) Summary Phase
[657.326s][info][gc,phases      ] GC(2144) Summary Phase 0.023ms
[657.326s][info][gc,phases,start] GC(2144) Forward
[657.349s][info][gc,phases      ] GC(2144) Forward 22.696ms
[657.349s][info][gc,phases,start] GC(2144) Adjust Pointers
[657.723s][info][gc,phases      ] GC(2144) Adjust Pointers 374.146ms
[657.723s][info][gc,phases,start] GC(2144) Compaction Phase
[657.879s][info][gc,phases      ] GC(2144) Compaction Phase 156.506ms
[657.880s][info][gc,phases,start] GC(2144) Post Compact
[657.882s][info][gc,phases      ] GC(2144) Post Compact 2.394ms
[657.882s][info][gc,heap        ] GC(2144) PSYoungGen: 111616K(205312K)->86670K(222720K) Eden: 111616K(111616K)->86670K(111616K) From: 0K(93696K)->0K(111104K)
[657.882s][info][gc,heap        ] GC(2144) ParOldGen: 667536K(667648K)->667536K(667648K)
[657.882s][info][gc,metaspace   ] GC(2144) Metaspace: 19046K(19200K)->19046K(19200K) NonClass: 17217K(17344K)->17217K(17344K) Class: 1829K(1856K)->1829K(1856K)
[657.882s][info][gc             ] GC(2144) Pause Full (Allocation Failure) 760M->736M(869M) 1097.319ms
[657.882s][info][gc,cpu         ] GC(2144) User=2.14s Sys=0.00s Real=1.09s
[657.896s][info][gc,start       ] GC(2145) Pause Full (Allocation Failure)
[657.896s][info][gc,phases,start] GC(2145) Marking Phase
[658.457s][info][gc,phases      ] GC(2145) Marking Phase 560.978ms
[658.457s][info][gc,phases,start] GC(2145) Summary Phase
[658.457s][info][gc,phases      ] GC(2145) Summary Phase 0.024ms
[658.457s][info][gc,phases,start] GC(2145) Forward
[658.480s][info][gc,phases      ] GC(2145) Forward 22.755ms
[658.480s][info][gc,phases,start] GC(2145) Adjust Pointers
[658.859s][info][gc,phases      ] GC(2145) Adjust Pointers 378.407ms
[658.859s][info][gc,phases,start] GC(2145) Compaction Phase
[659.007s][info][gc,phases      ] GC(2145) Compaction Phase 148.800ms
[659.008s][info][gc,phases,start] GC(2145) Post Compact
[659.010s][info][gc,phases      ] GC(2145) Post Compact 2.346ms
[659.010s][info][gc,heap        ] GC(2145) PSYoungGen: 111616K(222720K)->86670K(205312K) Eden: 111616K(111616K)->86670K(111616K) From: 0K(111104K)->0K(93696K)
[659.010s][info][gc,heap        ] GC(2145) ParOldGen: 667536K(667648K)->667536K(667648K)
[659.010s][info][gc,metaspace   ] GC(2145) Metaspace: 19046K(19200K)->19046K(19200K) NonClass: 17217K(17344K)->17217K(17344K) Class: 1829K(1856K)->1829K(1856K)
[659.010s][info][gc             ] GC(2145) Pause Full (Allocation Failure) 760M->736M(852M) 1113.770ms
[659.010s][info][gc,cpu         ] GC(2145) User=2.18s Sys=0.00s Real=1.11s
[659.024s][info][gc,start       ] GC(2146) Pause Full (Allocation Failure)
[659.024s][info][gc,phases,start] GC(2146) Marking Phase
[659.571s][info][gc,phases      ] GC(2146) Marking Phase 547.214ms
[659.571s][info][gc,phases,start] GC(2146) Summary Phase
[659.571s][info][gc,phases      ] GC(2146) Summary Phase 0.023ms
[659.571s][info][gc,phases,start] GC(2146) Forward
[659.595s][info][gc,phases      ] GC(2146) Forward 24.132ms
[659.595s][info][gc,phases,start] GC(2146) Adjust Pointers
[659.967s][info][gc,phases      ] GC(2146) Adjust Pointers 371.620ms
[659.967s][info][gc,phases,start] GC(2146) Compaction Phase
[660.113s][info][gc,phases      ] GC(2146) Compaction Phase 146.041ms
[660.113s][info][gc,phases,start] GC(2146) Post Compact
[660.116s][info][gc,phases      ] GC(2146) Post Compact 2.318ms
[660.116s][info][gc,heap        ] GC(2146) PSYoungGen: 111616K(205312K)->86694K(222720K) Eden: 111616K(111616K)->86694K(111616K) From: 0K(93696K)->0K(111104K)
[660.116s][info][gc,heap        ] GC(2146) ParOldGen: 667536K(667648K)->667536K(667648K)
[660.116s][info][gc,metaspace   ] GC(2146) Metaspace: 19046K(19200K)->19046K(19200K) NonClass: 17217K(17344K)->17217K(17344K) Class: 1829K(1856K)->1829K(1856K)
[660.116s][info][gc             ] GC(2146) Pause Full (Allocation Failure) 760M->736M(869M) 1091.807ms
[660.116s][info][gc,cpu         ] GC(2146) User=2.14s Sys=0.00s Real=1.09s
[660.128s][info][gc,start       ] GC(2147) Pause Full (Allocation Failure)
[660.128s][info][gc,phases,start] GC(2147) Marking Phase
[660.664s][info][gc,phases      ] GC(2147) Marking Phase 535.793ms
[660.664s][info][gc,phases,start] GC(2147) Summary Phase
[660.664s][info][gc,phases      ] GC(2147) Summary Phase 0.039ms
[660.664s][info][gc,phases,start] GC(2147) Forward
[660.687s][info][gc,phases      ] GC(2147) Forward 22.830ms
[660.687s][info][gc,phases,start] GC(2147) Adjust Pointers
[661.055s][info][gc,phases      ] GC(2147) Adjust Pointers 367.876ms
[661.055s][info][gc,phases,start] GC(2147) Compaction Phase
[661.201s][info][gc,phases      ] GC(2147) Compaction Phase 146.160ms
[661.202s][info][gc,phases,start] GC(2147) Post Compact
[661.204s][info][gc,phases      ] GC(2147) Post Compact 2.325ms
[661.204s][info][gc,heap        ] GC(2147) PSYoungGen: 111616K(222720K)->86694K(205312K) Eden: 111616K(111616K)->86694K(111616K) From: 0K(111104K)->0K(93696K)
[661.204s][info][gc,heap        ] GC(2147) ParOldGen: 667536K(667648K)->667536K(667648K)
[661.204s][info][gc,metaspace   ] GC(2147) Metaspace: 19046K(19200K)->19046K(19200K) NonClass: 17217K(17344K)->17217K(17344K) Class: 1829K(1856K)->1829K(1856K)
[661.204s][info][gc             ] GC(2147) Pause Full (Allocation Failure) 760M->736M(852M) 1075.462ms
[661.204s][info][gc,cpu         ] GC(2147) User=2.10s Sys=0.00s Real=1.08s
[661.236s][info][gc,start       ] GC(2148) Pause Full (Allocation Failure)
[661.236s][info][gc,phases,start] GC(2148) Marking Phase
[661.770s][info][gc,phases      ] GC(2148) Marking Phase 534.284ms
[661.770s][info][gc,phases,start] GC(2148) Summary Phase
[661.770s][info][gc,phases      ] GC(2148) Summary Phase 0.025ms
[661.770s][info][gc,phases,start] GC(2148) Forward
[661.793s][info][gc,phases      ] GC(2148) Forward 22.795ms
[661.793s][info][gc,phases,start] GC(2148) Adjust Pointers
[662.161s][info][gc,phases      ] GC(2148) Adjust Pointers 367.174ms
[662.161s][info][gc,phases,start] GC(2148) Compaction Phase
[662.308s][info][gc,phases      ] GC(2148) Compaction Phase 147.010ms
[662.308s][info][gc,phases,start] GC(2148) Post Compact
[662.310s][info][gc,phases      ] GC(2148) Post Compact 2.313ms
[662.310s][info][gc,heap        ] GC(2148) PSYoungGen: 111616K(205312K)->86761K(222720K) Eden: 111616K(111616K)->86761K(111616K) From: 0K(93696K)->0K(111104K)
[662.310s][info][gc,heap        ] GC(2148) ParOldGen: 667536K(667648K)->667536K(667648K)
[662.310s][info][gc,metaspace   ] GC(2148) Metaspace: 19046K(19200K)->19046K(19200K) NonClass: 17217K(17344K)->17217K(17344K) Class: 1829K(1856K)->1829K(1856K)
[662.310s][info][gc             ] GC(2148) Pause Full (Allocation Failure) 760M->736M(869M) 1074.016ms
[662.310s][info][gc,cpu         ] GC(2148) User=2.10s Sys=0.00s Real=1.07s
[662.348s][info][gc,start       ] GC(2149) Pause Full (Allocation Failure)
[662.348s][info][gc,phases,start] GC(2149) Marking Phase
[662.887s][info][gc,phases      ] GC(2149) Marking Phase 539.092ms
[662.887s][info][gc,phases,start] GC(2149) Summary Phase
[662.887s][info][gc,phases      ] GC(2149) Summary Phase 0.023ms
[662.887s][info][gc,phases,start] GC(2149) Forward
[662.910s][info][gc,phases      ] GC(2149) Forward 22.591ms
[662.910s][info][gc,phases,start] GC(2149) Adjust Pointers
[663.283s][info][gc,phases      ] GC(2149) Adjust Pointers 373.185ms
[663.283s][info][gc,phases,start] GC(2149) Compaction Phase
[663.431s][info][gc,phases      ] GC(2149) Compaction Phase 148.373ms
[663.431s][info][gc,phases,start] GC(2149) Post Compact
[663.434s][info][gc,phases      ] GC(2149) Post Compact 2.318ms
[663.434s][info][gc,heap        ] GC(2149) PSYoungGen: 111616K(222720K)->91630K(205312K) Eden: 111616K(111616K)->91630K(111616K) From: 0K(111104K)->0K(93696K)
[663.434s][info][gc,heap        ] GC(2149) ParOldGen: 667536K(667648K)->667536K(667648K)
[663.434s][info][gc,metaspace   ] GC(2149) Metaspace: 19046K(19200K)->19046K(19200K) NonClass: 17217K(17344K)->17217K(17344K) Class: 1829K(1856K)->1829K(1856K)
[663.434s][info][gc             ] GC(2149) Pause Full (Allocation Failure) 760M->741M(852M) 1086.039ms
[663.434s][info][gc,cpu         ] GC(2149) User=2.13s Sys=0.00s Real=1.09s
[663.459s][info][gc,start       ] GC(2150) Pause Full (Allocation Failure)
[663.459s][info][gc,phases,start] GC(2150) Marking Phase
[664.004s][info][gc,phases      ] GC(2150) Marking Phase 544.979ms
[664.004s][info][gc,phases,start] GC(2150) Summary Phase
[664.004s][info][gc,phases      ] GC(2150) Summary Phase 0.032ms
[664.004s][info][gc,phases,start] GC(2150) Forward
[664.027s][info][gc,phases      ] GC(2150) Forward 22.713ms
[664.027s][info][gc,phases,start] GC(2150) Adjust Pointers
[664.399s][info][gc,phases      ] GC(2150) Adjust Pointers 372.424ms
[664.399s][info][gc,phases,start] GC(2150) Compaction Phase
[664.546s][info][gc,phases      ] GC(2150) Compaction Phase 147.058ms
[664.546s][info][gc,phases,start] GC(2150) Post Compact
[664.549s][info][gc,phases      ] GC(2150) Post Compact 2.298ms
[664.549s][info][gc,heap        ] GC(2150) PSYoungGen: 111616K(205312K)->91631K(222720K) Eden: 111616K(111616K)->91631K(111616K) From: 0K(93696K)->0K(111104K)
[664.549s][info][gc,heap        ] GC(2150) ParOldGen: 667536K(667648K)->667536K(667648K)
[664.549s][info][gc,metaspace   ] GC(2150) Metaspace: 19046K(19200K)->19046K(19200K) NonClass: 17217K(17344K)->17217K(17344K) Class: 1829K(1856K)->1829K(1856K)
[664.549s][info][gc             ] GC(2150) Pause Full (Allocation Failure) 760M->741M(869M) 1089.923ms
[664.549s][info][gc,cpu         ] GC(2150) User=2.14s Sys=0.00s Real=1.09s
[664.621s][info][gc,start       ] GC(2151) Pause Full (Allocation Failure)
[664.621s][info][gc,phases,start] GC(2151) Marking Phase
[665.049s][info][gc,phases      ] GC(2151) Marking Phase 428.755ms
[665.049s][info][gc,phases,start] GC(2151) Summary Phase
[665.049s][info][gc,phases      ] GC(2151) Summary Phase 0.028ms
[665.049s][info][gc,phases,start] GC(2151) Forward
[665.177s][info][gc,phases      ] GC(2151) Forward 127.545ms
[665.177s][info][gc,phases,start] GC(2151) Adjust Pointers
[665.508s][info][gc,phases      ] GC(2151) Adjust Pointers 331.300ms
[665.509s][info][gc,phases,start] GC(2151) Compaction Phase
[665.675s][info][gc,phases      ] GC(2151) Compaction Phase 166.549ms
[665.688s][info][gc,phases,start] GC(2151) Post Compact
[665.690s][info][gc,phases      ] GC(2151) Post Compact 2.329ms
[665.690s][info][gc,heap        ] GC(2151) PSYoungGen: 111616K(222720K)->0K(205312K) Eden: 111616K(111616K)->0K(111616K) From: 0K(111104K)->0K(93696K)
[665.690s][info][gc,heap        ] GC(2151) ParOldGen: 667536K(667648K)->616705K(667648K)
[665.690s][info][gc,metaspace   ] GC(2151) Metaspace: 19046K(19200K)->19046K(19200K) NonClass: 17217K(17344K)->17217K(17344K) Class: 1829K(1856K)->1829K(1856K)
[665.690s][info][gc             ] GC(2151) Pause Full (Allocation Failure) 760M->602M(852M) 1069.516ms
[665.690s][info][gc,cpu         ] GC(2151) User=2.04s Sys=0.01s Real=1.07s
[665.803s][info][gc,start       ] GC(2152) Pause Young (Allocation Failure)
[665.808s][info][gc,heap        ] GC(2152) PSYoungGen: 111616K(205312K)->2624K(222720K) Eden: 111616K(111616K)->0K(111616K) From: 0K(93696K)->2624K(111104K)
[665.808s][info][gc,heap        ] GC(2152) ParOldGen: 616705K(667648K)->616705K(667648K)
[665.808s][info][gc,metaspace   ] GC(2152) Metaspace: 19046K(19200K)->19046K(19200K) NonClass: 17217K(17344K)->17217K(17344K) Class: 1829K(1856K)->1829K(1856K)
[665.808s][info][gc             ] GC(2152) Pause Young (Allocation Failure) 711M->604M(869M) 4.783ms
[665.808s][info][gc,cpu         ] GC(2152) User=0.01s Sys=0.00s Real=0.01s
[666.095s][info][gc,start       ] GC(2153) Pause Young (Allocation Failure)
[666.100s][info][gc,heap        ] GC(2153) PSYoungGen: 114240K(222720K)->2720K(222720K) Eden: 111616K(111616K)->0K(111616K) From: 2624K(111104K)->2720K(111104K)
[666.100s][info][gc,heap        ] GC(2153) ParOldGen: 616705K(667648K)->616705K(667648K)
[666.100s][info][gc,metaspace   ] GC(2153) Metaspace: 19049K(19200K)->19049K(19200K) NonClass: 17219K(17344K)->17219K(17344K) Class: 1829K(1856K)->1829K(1856K)
[666.100s][info][gc             ] GC(2153) Pause Young (Allocation Failure) 713M->604M(869M) 5.359ms
[666.100s][info][gc,cpu         ] GC(2153) User=0.01s Sys=0.00s Real=0.00s
[666.298s][info][gc,start       ] GC(2154) Pause Young (Allocation Failure)
[666.324s][info][gc,heap        ] GC(2154) PSYoungGen: 114336K(222720K)->25600K(222720K) Eden: 111616K(111616K)->0K(111616K) From: 2720K(111104K)->25600K(111104K)
[666.324s][info][gc,heap        ] GC(2154) ParOldGen: 616705K(667648K)->616705K(667648K)
[666.324s][info][gc,metaspace   ] GC(2154) Metaspace: 19049K(19200K)->19049K(19200K) NonClass: 17220K(17344K)->17220K(17344K) Class: 1829K(1856K)->1829K(1856K)
[666.324s][info][gc             ] GC(2154) Pause Young (Allocation Failure) 713M->627M(869M) 25.984ms
[666.324s][info][gc,cpu         ] GC(2154) User=0.05s Sys=0.00s Real=0.03s
[666.447s][info][gc,start       ] GC(2155) Pause Young (Allocation Failure)
[666.474s][info][gc,heap        ] GC(2155) PSYoungGen: 137216K(222720K)->25600K(219648K) Eden: 111616K(111616K)->0K(111616K) From: 25600K(111104K)->25600K(108032K)
[666.474s][info][gc,heap        ] GC(2155) ParOldGen: 616705K(667648K)->616705K(667648K)
[666.475s][info][gc,metaspace   ] GC(2155) Metaspace: 19049K(19200K)->19049K(19200K) NonClass: 17220K(17344K)->17220K(17344K) Class: 1829K(1856K)->1829K(1856K)
[666.475s][info][gc             ] GC(2155) Pause Young (Allocation Failure) 736M->627M(866M) 27.954ms
[666.475s][info][gc,cpu         ] GC(2155) User=0.05s Sys=0.00s Real=0.03s
[666.615s][info][gc,start       ] GC(2156) Pause Young (Allocation Failure)
[666.642s][info][gc,heap        ] GC(2156) PSYoungGen: 137216K(219648K)->25656K(137728K) Eden: 111616K(111616K)->0K(111616K) From: 25600K(108032K)->25656K(26112K)
[666.642s][info][gc,heap        ] GC(2156) ParOldGen: 616705K(667648K)->616705K(667648K)
[666.642s][info][gc,metaspace   ] GC(2156) Metaspace: 19049K(19200K)->19049K(19200K) NonClass: 17220K(17344K)->17220K(17344K) Class: 1829K(1856K)->1829K(1856K)
[666.642s][info][gc             ] GC(2156) Pause Young (Allocation Failure) 736M->627M(786M) 27.093ms
[666.642s][info][gc,cpu         ] GC(2156) User=0.05s Sys=0.00s Real=0.02s
[666.818s][info][gc,start       ] GC(2157) Pause Young (Allocation Failure)
[666.846s][info][gc,heap        ] GC(2157) PSYoungGen: 137272K(137728K)->25656K(210944K) Eden: 111616K(111616K)->0K(115712K) From: 25656K(26112K)->25656K(95232K)
[666.846s][info][gc,heap        ] GC(2157) ParOldGen: 616705K(667648K)->616705K(667648K)
[666.846s][info][gc,metaspace   ] GC(2157) Metaspace: 19049K(19200K)->19049K(19200K) NonClass: 17220K(17344K)->17220K(17344K) Class: 1829K(1856K)->1829K(1856K)
[666.846s][info][gc             ] GC(2157) Pause Young (Allocation Failure) 736M->627M(858M) 28.368ms
[666.846s][info][gc,cpu         ] GC(2157) User=0.06s Sys=0.00s Real=0.03s
[667.967s][info][gc,start       ] GC(2158) Pause Young (Allocation Failure)
[667.994s][info][gc,heap        ] GC(2158) PSYoungGen: 141368K(210944K)->26205K(142336K) Eden: 115712K(115712K)->0K(115712K) From: 25656K(95232K)->26205K(26624K)
[667.994s][info][gc,heap        ] GC(2158) ParOldGen: 616705K(667648K)->616705K(667648K)
[667.994s][info][gc,metaspace   ] GC(2158) Metaspace: 19049K(19200K)->19049K(19200K) NonClass: 17220K(17344K)->17220K(17344K) Class: 1829K(1856K)->1829K(1856K)
[667.994s][info][gc             ] GC(2158) Pause Young (Allocation Failure) 740M->627M(791M) 27.263ms
[667.994s][info][gc,cpu         ] GC(2158) User=0.05s Sys=0.00s Real=0.03s
[668.680s][info][gc,start       ] GC(2159) Pause Young (Allocation Failure)
[668.710s][info][gc,heap        ] GC(2159) PSYoungGen: 141917K(142336K)->26557K(203264K) Eden: 115712K(115712K)->0K(118272K) From: 26205K(26624K)->26557K(84992K)
[668.710s][info][gc,heap        ] GC(2159) ParOldGen: 616705K(667648K)->616705K(667648K)
[668.710s][info][gc,metaspace   ] GC(2159) Metaspace: 19049K(19200K)->19049K(19200K) NonClass: 17220K(17344K)->17220K(17344K) Class: 1829K(1856K)->1829K(1856K)
[668.710s][info][gc             ] GC(2159) Pause Young (Allocation Failure) 740M->628M(850M) 30.144ms
[668.710s][info][gc,cpu         ] GC(2159) User=0.06s Sys=0.01s Real=0.03s
[669.196s][info][gc,start       ] GC(2160) Pause Young (Allocation Failure)
[669.225s][info][gc,heap        ] GC(2160) PSYoungGen: 144829K(203264K)->27757K(146432K) Eden: 118272K(118272K)->0K(118272K) From: 26557K(84992K)->27757K(28160K)
[669.225s][info][gc,heap        ] GC(2160) ParOldGen: 616705K(667648K)->616705K(667648K)
[669.225s][info][gc,metaspace   ] GC(2160) Metaspace: 19050K(19200K)->19050K(19200K) NonClass: 17221K(17344K)->17221K(17344K) Class: 1829K(1856K)->1829K(1856K)
[669.225s][info][gc             ] GC(2160) Pause Young (Allocation Failure) 743M->629M(795M) 29.162ms
[669.225s][info][gc,cpu         ] GC(2160) User=0.06s Sys=0.00s Real=0.03s
[669.611s][info][gc,start       ] GC(2161) Pause Young (Allocation Failure)
[669.640s][info][gc,heap        ] GC(2161) PSYoungGen: 146026K(146432K)->28285K(198144K) Eden: 118269K(118272K)->0K(120832K) From: 27757K(28160K)->28285K(77312K)
[669.640s][info][gc,heap        ] GC(2161) ParOldGen: 616705K(667648K)->616713K(667648K)
[669.640s][info][gc,metaspace   ] GC(2161) Metaspace: 19053K(19200K)->19053K(19200K) NonClass: 17224K(17344K)->17224K(17344K) Class: 1829K(1856K)->1829K(1856K)
[669.640s][info][gc             ] GC(2161) Pause Young (Allocation Failure) 744M->629M(845M) 29.656ms
[669.641s][info][gc,cpu         ] GC(2161) User=0.06s Sys=0.00s Real=0.03s
[669.924s][info][gc,start       ] GC(2162) Pause Young (Allocation Failure)
[669.954s][info][gc,heap        ] GC(2162) PSYoungGen: 149052K(198144K)->28358K(149504K) Eden: 120766K(120832K)->0K(120832K) From: 28285K(77312K)->28358K(28672K)
[669.954s][info][gc,heap        ] GC(2162) ParOldGen: 616713K(667648K)->616713K(667648K)
[669.954s][info][gc,metaspace   ] GC(2162) Metaspace: 19053K(19200K)->19053K(19200K) NonClass: 17224K(17344K)->17224K(17344K) Class: 1829K(1856K)->1829K(1856K)
[669.954s][info][gc             ] GC(2162) Pause Young (Allocation Failure) 747M->629M(798M) 30.038ms
[669.954s][info][gc,cpu         ] GC(2162) User=0.06s Sys=0.00s Real=0.03s
[670.241s][info][gc,start       ] GC(2163) Pause Young (Allocation Failure)
[670.271s][info][gc,heap        ] GC(2163) PSYoungGen: 149190K(149504K)->28822K(192512K) Eden: 120832K(120832K)->0K(123392K) From: 28358K(28672K)->28822K(69120K)
[670.272s][info][gc,heap        ] GC(2163) ParOldGen: 616713K(667648K)->616713K(667648K)
[670.272s][info][gc,metaspace   ] GC(2163) Metaspace: 19055K(19200K)->19055K(19200K) NonClass: 17226K(17344K)->17226K(17344K) Class: 1829K(1856K)->1829K(1856K)
[670.272s][info][gc             ] GC(2163) Pause Young (Allocation Failure) 747M->630M(840M) 30.071ms
[670.272s][info][gc,cpu         ] GC(2163) User=0.06s Sys=0.01s Real=0.03s
[670.397s][info][gc,start       ] GC(2164) Pause Young (Allocation Failure)
[670.467s][info][gc,heap        ] GC(2164) PSYoungGen: 152214K(192512K)->73213K(196608K) Eden: 123392K(123392K)->0K(123392K) From: 28822K(69120K)->73213K(73216K)
[670.467s][info][gc,heap        ] GC(2164) ParOldGen: 616713K(667648K)->617449K(667648K)
[670.467s][info][gc,metaspace   ] GC(2164) Metaspace: 19061K(19200K)->19061K(19200K) NonClass: 17231K(17344K)->17231K(17344K) Class: 1829K(1856K)->1829K(1856K)
[670.467s][info][gc             ] GC(2164) Pause Young (Allocation Failure) 750M->674M(844M) 69.846ms
[670.467s][info][gc,cpu         ] GC(2164) User=0.13s Sys=0.00s Real=0.07s
[670.548s][info][gc,start       ] GC(2165) Pause Young (Allocation Failure)
[670.651s][info][gc,heap        ] GC(2165) PSYoungGen: 196605K(196608K)->84989K(188928K) Eden: 123392K(123392K)->0K(103936K) From: 73213K(73216K)->84989K(84992K)
[670.651s][info][gc,heap        ] GC(2165) ParOldGen: 617449K(667648K)->645409K(667648K)
[670.651s][info][gc,metaspace   ] GC(2165) Metaspace: 19061K(19200K)->19061K(19200K) NonClass: 17231K(17344K)->17231K(17344K) Class: 1829K(1856K)->1829K(1856K)
[670.651s][info][gc             ] GC(2165) Pause Young (Allocation Failure) 794M->713M(836M) 102.585ms
[670.651s][info][gc,cpu         ] GC(2165) User=0.19s Sys=0.02s Real=0.10s
[670.729s][info][gc,start       ] GC(2166) Pause Full (Allocation Failure)
[670.729s][info][gc,phases,start] GC(2166) Marking Phase
[670.830s][info][gc,phases      ] GC(2166) Marking Phase 100.617ms
[670.830s][info][gc,phases,start] GC(2166) Summary Phase
[670.830s][info][gc,phases      ] GC(2166) Summary Phase 0.029ms
[670.830s][info][gc,phases,start] GC(2166) Forward
[670.862s][info][gc,phases      ] GC(2166) Forward 31.959ms
[670.862s][info][gc,phases,start] GC(2166) Adjust Pointers
[670.925s][info][gc,phases      ] GC(2166) Adjust Pointers 63.672ms
[670.926s][info][gc,phases,start] GC(2166) Compaction Phase
[670.964s][info][gc,phases      ] GC(2166) Compaction Phase 38.154ms
[670.964s][info][gc,phases,start] GC(2166) Post Compact
[670.967s][info][gc,phases      ] GC(2166) Post Compact 2.478ms
[670.987s][info][gc,heap        ] GC(2166) PSYoungGen: 188925K(188928K)->0K(212480K) Eden: 103936K(103936K)->0K(103936K) From: 84989K(84992K)->0K(108544K)
[670.987s][info][gc,heap        ] GC(2166) ParOldGen: 645409K(667648K)->170782K(447488K)
[670.987s][info][gc,metaspace   ] GC(2166) Metaspace: 19061K(19200K)->19061K(19200K) NonClass: 17231K(17344K)->17231K(17344K) Class: 1829K(1856K)->1829K(1856K)
[670.987s][info][gc             ] GC(2166) Pause Full (Allocation Failure) 814M->166M(644M) 258.040ms
[670.987s][info][gc,cpu         ] GC(2166) User=0.43s Sys=0.02s Real=0.26s
[671.143s][info][gc,start       ] GC(2167) Pause Young (Allocation Failure)
[671.173s][info][gc,heap        ] GC(2167) PSYoungGen: 103936K(212480K)->35648K(205824K) Eden: 103936K(103936K)->0K(108544K) From: 0K(108544K)->35648K(97280K)
[671.173s][info][gc,heap        ] GC(2167) ParOldGen: 170782K(447488K)->170782K(447488K)
[671.173s][info][gc,metaspace   ] GC(2167) Metaspace: 19061K(19200K)->19061K(19200K) NonClass: 17231K(17344K)->17231K(17344K) Class: 1829K(1856K)->1829K(1856K)
[671.173s][info][gc             ] GC(2167) Pause Young (Allocation Failure) 268M->201M(638M) 29.538ms
[671.173s][info][gc,cpu         ] GC(2167) User=0.06s Sys=0.00s Real=0.03s
[671.354s][info][gc,start       ] GC(2168) Pause Young (Allocation Failure)
[671.422s][info][gc,heap        ] GC(2168) PSYoungGen: 144192K(205824K)->60983K(211968K) Eden: 108544K(108544K)->0K(108544K) From: 35648K(97280K)->60983K(103424K)
[671.423s][info][gc,heap        ] GC(2168) ParOldGen: 170782K(447488K)->170782K(447488K)
[671.423s][info][gc,metaspace   ] GC(2168) Metaspace: 19062K(19200K)->19062K(19200K) NonClass: 17233K(17344K)->17233K(17344K) Class: 1829K(1856K)->1829K(1856K)
[671.423s][info][gc             ] GC(2168) Pause Young (Allocation Failure) 307M->226M(644M) 68.708ms
[671.423s][info][gc,cpu         ] GC(2168) User=0.13s Sys=0.00s Real=0.06s
[671.536s][info][gc,start       ] GC(2169) Pause Young (Allocation Failure)
[671.615s][info][gc,heap        ] GC(2169) PSYoungGen: 169527K(211968K)->73002K(212992K) Eden: 108544K(108544K)->0K(109056K) From: 60983K(103424K)->73002K(103936K)
[671.615s][info][gc,heap        ] GC(2169) ParOldGen: 170782K(447488K)->170790K(447488K)
[671.615s][info][gc,metaspace   ] GC(2169) Metaspace: 19067K(19200K)->19067K(19200K) NonClass: 17238K(17344K)->17238K(17344K) Class: 1829K(1856K)->1829K(1856K)
[671.615s][info][gc             ] GC(2169) Pause Young (Allocation Failure) 332M->238M(645M) 79.578ms
[671.615s][info][gc,cpu         ] GC(2169) User=0.16s Sys=0.00s Real=0.08s
[671.754s][info][gc,start       ] GC(2170) Pause Young (Allocation Failure)
[671.853s][info][gc,heap        ] GC(2170) PSYoungGen: 182058K(212992K)->88698K(217600K) Eden: 109056K(109056K)->0K(109056K) From: 73002K(103936K)->88698K(108544K)
[671.853s][info][gc,heap        ] GC(2170) ParOldGen: 170790K(447488K)->170790K(447488K)
[671.853s][info][gc,metaspace   ] GC(2170) Metaspace: 19067K(19200K)->19067K(19200K) NonClass: 17238K(17344K)->17238K(17344K) Class: 1829K(1856K)->1829K(1856K)
[671.853s][info][gc             ] GC(2170) Pause Young (Allocation Failure) 344M->253M(649M) 98.541ms
[671.853s][info][gc,cpu         ] GC(2170) User=0.20s Sys=0.00s Real=0.09s
[672.031s][info][gc,start       ] GC(2171) Pause Young (Allocation Failure)
[672.151s][info][gc,heap        ] GC(2171) PSYoungGen: 197754K(217600K)->100698K(222720K) Eden: 109056K(109056K)->0K(111616K) From: 88698K(108544K)->100698K(111104K)
[672.151s][info][gc,heap        ] GC(2171) ParOldGen: 170790K(447488K)->170790K(447488K)
[672.151s][info][gc,metaspace   ] GC(2171) Metaspace: 19067K(19200K)->19067K(19200K) NonClass: 17238K(17344K)->17238K(17344K) Class: 1829K(1856K)->1829K(1856K)
[672.151s][info][gc             ] GC(2171) Pause Young (Allocation Failure) 359M->265M(654M) 119.822ms
[672.151s][info][gc,cpu         ] GC(2171) User=0.22s Sys=0.02s Real=0.12s
[672.265s][info][gc,start       ] GC(2172) Pause Young (Allocation Failure)
[672.377s][info][gc,heap        ] GC(2172) PSYoungGen: 212314K(222720K)->105274K(222720K) Eden: 111616K(111616K)->0K(111616K) From: 100698K(111104K)->105274K(111104K)
[672.377s][info][gc,heap        ] GC(2172) ParOldGen: 170790K(447488K)->170790K(447488K)
[672.377s][info][gc,metaspace   ] GC(2172) Metaspace: 19067K(19200K)->19067K(19200K) NonClass: 17238K(17344K)->17238K(17344K) Class: 1829K(1856K)->1829K(1856K)
[672.377s][info][gc             ] GC(2172) Pause Young (Allocation Failure) 374M->269M(654M) 112.061ms
[672.377s][info][gc,cpu         ] GC(2172) User=0.22s Sys=0.00s Real=0.11s
[672.461s][info][gc,start       ] GC(2173) Pause Young (Allocation Failure)
[672.590s][info][gc,heap        ] GC(2173) PSYoungGen: 216890K(222720K)->111098K(222720K) Eden: 111616K(111616K)->0K(111616K) From: 105274K(111104K)->111098K(111104K)
[672.590s][info][gc,heap        ] GC(2173) ParOldGen: 170790K(447488K)->171902K(447488K)
[672.591s][info][gc,metaspace   ] GC(2173) Metaspace: 19067K(19200K)->19067K(19200K) NonClass: 17238K(17344K)->17238K(17344K) Class: 1829K(1856K)->1829K(1856K)
[672.591s][info][gc             ] GC(2173) Pause Young (Allocation Failure) 378M->276M(654M) 129.267ms
[672.591s][info][gc,cpu         ] GC(2173) User=0.25s Sys=0.01s Real=0.13s
[672.699s][info][gc,start       ] GC(2174) Pause Young (Allocation Failure)
[672.821s][info][gc,heap        ] GC(2174) PSYoungGen: 222714K(222720K)->111098K(222720K) Eden: 111616K(111616K)->0K(111616K) From: 111098K(111104K)->111098K(111104K)
[672.821s][info][gc,heap        ] GC(2174) ParOldGen: 171902K(447488K)->172038K(447488K)
[672.822s][info][gc,metaspace   ] GC(2174) Metaspace: 19067K(19200K)->19067K(19200K) NonClass: 17238K(17344K)->17238K(17344K) Class: 1829K(1856K)->1829K(1856K)
[672.822s][info][gc             ] GC(2174) Pause Young (Allocation Failure) 385M->276M(654M) 122.525ms
[672.822s][info][gc,cpu         ] GC(2174) User=0.24s Sys=0.00s Real=0.12s
[672.891s][info][gc,start       ] GC(2175) Pause Young (Allocation Failure)
[673.040s][info][gc,heap        ] GC(2175) PSYoungGen: 222714K(222720K)->111081K(222720K) Eden: 111616K(111616K)->0K(111616K) From: 111098K(111104K)->111081K(111104K)
[673.040s][info][gc,heap        ] GC(2175) ParOldGen: 172038K(447488K)->193804K(447488K)
[673.040s][info][gc,metaspace   ] GC(2175) Metaspace: 19067K(19200K)->19067K(19200K) NonClass: 17238K(17344K)->17238K(17344K) Class: 1829K(1856K)->1829K(1856K)
[673.040s][info][gc             ] GC(2175) Pause Young (Allocation Failure) 385M->297M(654M) 148.968ms
[673.040s][info][gc,cpu         ] GC(2175) User=0.30s Sys=0.00s Real=0.15s
[673.124s][info][gc,start       ] GC(2176) Pause Young (Allocation Failure)
[673.275s][info][gc,heap        ] GC(2176) PSYoungGen: 222697K(222720K)->93010K(222720K) Eden: 111616K(111616K)->0K(111616K) From: 111081K(111104K)->93010K(111104K)
[673.275s][info][gc,heap        ] GC(2176) ParOldGen: 193804K(447488K)->249547K(447488K)
[673.275s][info][gc,metaspace   ] GC(2176) Metaspace: 19071K(19200K)->19071K(19200K) NonClass: 17242K(17344K)->17242K(17344K) Class: 1829K(1856K)->1829K(1856K)
[673.275s][info][gc             ] GC(2176) Pause Young (Allocation Failure) 406M->334M(654M) 151.001ms
[673.275s][info][gc,cpu         ] GC(2176) User=0.30s Sys=0.00s Real=0.15s
[673.359s][info][gc,start       ] GC(2177) Pause Young (Allocation Failure)
[673.447s][info][gc,heap        ] GC(2177) PSYoungGen: 204626K(222720K)->81255K(222720K) Eden: 111616K(111616K)->0K(111616K) From: 93010K(111104K)->81255K(111104K)
[673.447s][info][gc,heap        ] GC(2177) ParOldGen: 249547K(447488K)->267170K(447488K)
[673.447s][info][gc,metaspace   ] GC(2177) Metaspace: 19071K(19200K)->19071K(19200K) NonClass: 17242K(17344K)->17242K(17344K) Class: 1829K(1856K)->1829K(1856K)
[673.447s][info][gc             ] GC(2177) Pause Young (Allocation Failure) 443M->340M(654M) 87.545ms
[673.447s][info][gc,cpu         ] GC(2177) User=0.17s Sys=0.00s Real=0.09s
[673.543s][info][gc,start       ] GC(2178) Pause Young (Allocation Failure)
[673.626s][info][gc,heap        ] GC(2178) PSYoungGen: 192871K(222720K)->82131K(222720K) Eden: 111616K(111616K)->0K(111616K) From: 81255K(111104K)->82131K(111104K)
[673.626s][info][gc,heap        ] GC(2178) ParOldGen: 267170K(447488K)->279147K(447488K)
[673.626s][info][gc,metaspace   ] GC(2178) Metaspace: 19071K(19200K)->19071K(19200K) NonClass: 17242K(17344K)->17242K(17344K) Class: 1829K(1856K)->1829K(1856K)
[673.626s][info][gc             ] GC(2178) Pause Young (Allocation Failure) 449M->352M(654M) 83.438ms
[673.626s][info][gc,cpu         ] GC(2178) User=0.17s Sys=0.00s Real=0.09s
[673.711s][info][gc,start       ] GC(2179) Pause Young (Allocation Failure)
[673.790s][info][gc,heap        ] GC(2179) PSYoungGen: 193747K(222720K)->80131K(222720K) Eden: 111616K(111616K)->0K(111616K) From: 82131K(111104K)->80131K(111104K)
[673.790s][info][gc,heap        ] GC(2179) ParOldGen: 279147K(447488K)->283955K(447488K)
[673.790s][info][gc,metaspace   ] GC(2179) Metaspace: 19071K(19200K)->19071K(19200K) NonClass: 17242K(17344K)->17242K(17344K) Class: 1829K(1856K)->1829K(1856K)
[673.790s][info][gc             ] GC(2179) Pause Young (Allocation Failure) 461M->355M(654M) 79.368ms
[673.790s][info][gc,cpu         ] GC(2179) User=0.16s Sys=0.00s Real=0.08s
[673.855s][info][gc,start       ] GC(2180) Pause Young (Allocation Failure)
[673.929s][info][gc,heap        ] GC(2180) PSYoungGen: 191747K(222720K)->24995K(222720K) Eden: 111616K(111616K)->0K(111616K) From: 80131K(111104K)->24995K(111104K)
[673.929s][info][gc,heap        ] GC(2180) ParOldGen: 283955K(447488K)->343015K(447488K)
[673.929s][info][gc,metaspace   ] GC(2180) Metaspace: 19071K(19200K)->19071K(19200K) NonClass: 17242K(17344K)->17242K(17344K) Class: 1829K(1856K)->1829K(1856K)
[673.929s][info][gc             ] GC(2180) Pause Young (Allocation Failure) 464M->359M(654M) 74.137ms
[673.929s][info][gc,cpu         ] GC(2180) User=0.15s Sys=0.00s Real=0.07s
[674.000s][info][gc,start       ] GC(2181) Pause Young (Allocation Failure)
[674.033s][info][gc,heap        ] GC(2181) PSYoungGen: 136611K(222720K)->8960K(222720K) Eden: 111616K(111616K)->0K(111616K) From: 24995K(111104K)->8960K(111104K)
[674.033s][info][gc,heap        ] GC(2181) ParOldGen: 343015K(447488K)->361779K(447488K)
[674.033s][info][gc,metaspace   ] GC(2181) Metaspace: 19071K(19200K)->19071K(19200K) NonClass: 17242K(17344K)->17242K(17344K) Class: 1829K(1856K)->1829K(1856K)
[674.033s][info][gc             ] GC(2181) Pause Young (Allocation Failure) 468M->362M(654M) 33.433ms
[674.033s][info][gc,cpu         ] GC(2181) User=0.06s Sys=0.00s Real=0.04s
[674.304s][info][gc,start       ] GC(2182) Pause Young (Allocation Failure)
[674.317s][info][gc,heap        ] GC(2182) PSYoungGen: 120576K(222720K)->4288K(222720K) Eden: 111616K(111616K)->0K(111616K) From: 8960K(111104K)->4288K(111104K)
[674.317s][info][gc,heap        ] GC(2182) ParOldGen: 361779K(447488K)->368123K(447488K)
[674.317s][info][gc,metaspace   ] GC(2182) Metaspace: 19071K(19200K)->19071K(19200K) NonClass: 17242K(17344K)->17242K(17344K) Class: 1829K(1856K)->1829K(1856K)
[674.317s][info][gc             ] GC(2182) Pause Young (Allocation Failure) 471M->363M(654M) 13.449ms
[674.317s][info][gc,cpu         ] GC(2182) User=0.03s Sys=0.00s Real=0.01s
[674.618s][info][gc,start       ] GC(2183) Pause Young (Allocation Failure)
[674.625s][info][gc,heap        ] GC(2183) PSYoungGen: 115904K(222720K)->416K(222720K) Eden: 111616K(111616K)->0K(111616K) From: 4288K(111104K)->416K(111104K)
[674.625s][info][gc,heap        ] GC(2183) ParOldGen: 368123K(447488K)->372299K(447488K)
[674.625s][info][gc,metaspace   ] GC(2183) Metaspace: 19071K(19200K)->19071K(19200K) NonClass: 17242K(17344K)->17242K(17344K) Class: 1829K(1856K)->1829K(1856K)
[674.626s][info][gc             ] GC(2183) Pause Young (Allocation Failure) 472M->363M(654M) 7.195ms
[674.626s][info][gc,cpu         ] GC(2183) User=0.02s Sys=0.01s Real=0.01s
[674.790s][info][gc,start       ] GC(2184) Pause Young (Allocation Failure)
[674.824s][info][gc,heap        ] GC(2184) PSYoungGen: 112032K(222720K)->36880K(222720K) Eden: 111616K(111616K)->0K(111616K) From: 416K(111104K)->36880K(111104K)
[674.824s][info][gc,heap        ] GC(2184) ParOldGen: 372299K(447488K)->372439K(447488K)
[674.825s][info][gc,metaspace   ] GC(2184) Metaspace: 19071K(19200K)->19071K(19200K) NonClass: 17242K(17344K)->17242K(17344K) Class: 1829K(1856K)->1829K(1856K)
[674.825s][info][gc             ] GC(2184) Pause Young (Allocation Failure) 472M->399M(654M) 34.577ms
[674.825s][info][gc,cpu         ] GC(2184) User=0.07s Sys=0.00s Real=0.04s
[674.971s][info][gc,start       ] GC(2185) Pause Young (Allocation Failure)
[675.035s][info][gc,heap        ] GC(2185) PSYoungGen: 148496K(222720K)->35904K(222720K) Eden: 111616K(111616K)->0K(111616K) From: 36880K(111104K)->35904K(111104K)
[675.035s][info][gc,heap        ] GC(2185) ParOldGen: 372439K(447488K)->409434K(447488K)
[675.035s][info][gc,metaspace   ] GC(2185) Metaspace: 19071K(19200K)->19071K(19200K) NonClass: 17242K(17344K)->17242K(17344K) Class: 1829K(1856K)->1829K(1856K)
[675.035s][info][gc             ] GC(2185) Pause Young (Allocation Failure) 508M->434M(654M) 64.354ms
[675.035s][info][gc,cpu         ] GC(2185) User=0.13s Sys=0.00s Real=0.07s
[675.137s][info][gc,start       ] GC(2186) Pause Young (Allocation Failure)
[675.180s][info][gc,heap        ] GC(2186) PSYoungGen: 147520K(222720K)->13056K(222720K) Eden: 111616K(111616K)->0K(111616K) From: 35904K(111104K)->13056K(111104K)
[675.180s][info][gc,heap        ] GC(2186) ParOldGen: 409434K(447488K)->445754K(447488K)
[675.180s][info][gc,metaspace   ] GC(2186) Metaspace: 19071K(19200K)->19071K(19200K) NonClass: 17242K(17344K)->17242K(17344K) Class: 1829K(1856K)->1829K(1856K)
[675.180s][info][gc             ] GC(2186) Pause Young (Allocation Failure) 543M->448M(654M) 43.168ms
[675.180s][info][gc,cpu         ] GC(2186) User=0.08s Sys=0.00s Real=0.04s
[675.270s][info][gc,start       ] GC(2187) Pause Young (Allocation Failure)
[675.293s][info][gc,heap        ] GC(2187) PSYoungGen: 124672K(222720K)->1888K(222720K) Eden: 111616K(111616K)->0K(111616K) From: 13056K(111104K)->1888K(111104K)
[675.293s][info][gc,heap        ] GC(2187) ParOldGen: 445754K(447488K)->458658K(458752K)
[675.293s][info][gc,metaspace   ] GC(2187) Metaspace: 19071K(19200K)->19071K(19200K) NonClass: 17242K(17344K)->17242K(17344K) Class: 1829K(1856K)->1829K(1856K)
[675.293s][info][gc             ] GC(2187) Pause Young (Allocation Failure) 557M->449M(665M) 23.592ms
[675.293s][info][gc,cpu         ] GC(2187) User=0.04s Sys=0.01s Real=0.03s
[675.420s][info][gc,start       ] GC(2188) Pause Young (Allocation Failure)
[675.427s][info][gc,heap        ] GC(2188) PSYoungGen: 113504K(222720K)->1376K(222720K) Eden: 111616K(111616K)->0K(111616K) From: 1888K(111104K)->1376K(111104K)
[675.427s][info][gc,heap        ] GC(2188) ParOldGen: 458658K(458752K)->460514K(460800K)
[675.427s][info][gc,metaspace   ] GC(2188) Metaspace: 19071K(19200K)->19071K(19200K) NonClass: 17242K(17344K)->17242K(17344K) Class: 1829K(1856K)->1829K(1856K)
[675.427s][info][gc             ] GC(2188) Pause Young (Allocation Failure) 558M->451M(667M) 6.954ms
[675.427s][info][gc,cpu         ] GC(2188) User=0.01s Sys=0.00s Real=0.01s
[675.649s][info][gc,start       ] GC(2189) Pause Young (Allocation Failure)
[675.655s][info][gc,heap        ] GC(2189) PSYoungGen: 112992K(222720K)->928K(222720K) Eden: 111616K(111616K)->0K(111616K) From: 1376K(111104K)->928K(111104K)
[675.655s][info][gc,heap        ] GC(2189) ParOldGen: 460514K(460800K)->461866K(462336K)
[675.655s][info][gc,metaspace   ] GC(2189) Metaspace: 19071K(19200K)->19071K(19200K) NonClass: 17242K(17344K)->17242K(17344K) Class: 1829K(1856K)->1829K(1856K)
[675.655s][info][gc             ] GC(2189) Pause Young (Allocation Failure) 560M->451M(669M) 5.809ms
[675.655s][info][gc,cpu         ] GC(2189) User=0.01s Sys=0.00s Real=0.01s
[675.952s][info][gc,start       ] GC(2190) Pause Young (Allocation Failure)
[675.956s][info][gc,heap        ] GC(2190) PSYoungGen: 112544K(222720K)->192K(222720K) Eden: 111616K(111616K)->0K(111616K) From: 928K(111104K)->192K(111104K)
[675.956s][info][gc,heap        ] GC(2190) ParOldGen: 461866K(462336K)->462730K(462848K)
[675.956s][info][gc,metaspace   ] GC(2190) Metaspace: 19071K(19200K)->19071K(19200K) NonClass: 17242K(17344K)->17242K(17344K) Class: 1829K(1856K)->1829K(1856K)
[675.956s][info][gc             ] GC(2190) Pause Young (Allocation Failure) 560M->452M(669M) 4.040ms
[675.956s][info][gc,cpu         ] GC(2190) User=0.01s Sys=0.00s Real=0.01s
[676.095s][info][gc,start       ] GC(2191) Pause Young (Allocation Failure)
[676.152s][info][gc,heap        ] GC(2191) PSYoungGen: 111808K(222720K)->60640K(222720K) Eden: 111616K(111616K)->0K(111616K) From: 192K(111104K)->60640K(111104K)
[676.152s][info][gc,heap        ] GC(2191) ParOldGen: 462730K(462848K)->462898K(463360K)
[676.152s][info][gc,metaspace   ] GC(2191) Metaspace: 19071K(19200K)->19071K(19200K) NonClass: 17242K(17344K)->17242K(17344K) Class: 1829K(1856K)->1829K(1856K)
[676.152s][info][gc             ] GC(2191) Pause Young (Allocation Failure) 561M->511M(670M) 57.212ms
[676.152s][info][gc,cpu         ] GC(2191) User=0.11s Sys=0.00s Real=0.05s
[676.269s][info][gc,start       ] GC(2192) Pause Young (Allocation Failure)
[676.416s][info][gc,heap        ] GC(2192) PSYoungGen: 172256K(222720K)->69936K(222720K) Eden: 111616K(111616K)->0K(111616K) From: 60640K(111104K)->69936K(111104K)
[676.416s][info][gc,heap        ] GC(2192) ParOldGen: 462898K(463360K)->523690K(523776K)
[676.416s][info][gc,metaspace   ] GC(2192) Metaspace: 19071K(19200K)->19071K(19200K) NonClass: 17242K(17344K)->17242K(17344K) Class: 1829K(1856K)->1829K(1856K)
[676.416s][info][gc             ] GC(2192) Pause Young (Allocation Failure) 620M->579M(729M) 146.898ms
[676.416s][info][gc,cpu         ] GC(2192) User=0.25s Sys=0.05s Real=0.15s
[676.527s][info][gc,start       ] GC(2193) Pause Young (Allocation Failure)
[676.662s][info][gc,heap        ] GC(2193) PSYoungGen: 181552K(222720K)->39868K(222720K) Eden: 111616K(111616K)->0K(111616K) From: 69936K(111104K)->39868K(111104K)
[676.662s][info][gc,heap        ] GC(2193) ParOldGen: 523690K(523776K)->593834K(593920K)
[676.662s][info][gc,metaspace   ] GC(2193) Metaspace: 19071K(19200K)->19071K(19200K) NonClass: 17242K(17344K)->17242K(17344K) Class: 1829K(1856K)->1829K(1856K)
[676.662s][info][gc             ] GC(2193) Pause Young (Allocation Failure) 688M->618M(797M) 135.426ms
[676.662s][info][gc,cpu         ] GC(2193) User=0.21s Sys=0.06s Real=0.13s
[676.757s][info][gc,start       ] GC(2194) Pause Full (Allocation Failure)
[676.757s][info][gc,phases,start] GC(2194) Marking Phase
[676.824s][info][gc,phases      ] GC(2194) Marking Phase 66.479ms
[676.824s][info][gc,phases,start] GC(2194) Summary Phase
[676.824s][info][gc,phases      ] GC(2194) Summary Phase 0.030ms
[676.824s][info][gc,phases,start] GC(2194) Forward
[676.838s][info][gc,phases      ] GC(2194) Forward 14.025ms
[676.838s][info][gc,phases,start] GC(2194) Adjust Pointers
[676.879s][info][gc,phases      ] GC(2194) Adjust Pointers 40.818ms
[676.879s][info][gc,phases,start] GC(2194) Compaction Phase
[676.900s][info][gc,phases      ] GC(2194) Compaction Phase 21.195ms
[676.902s][info][gc,phases,start] GC(2194) Post Compact
[676.904s][info][gc,phases      ] GC(2194) Post Compact 2.230ms
[676.920s][info][gc,heap        ] GC(2194) PSYoungGen: 151484K(222720K)->0K(222720K) Eden: 111616K(111616K)->0K(111616K) From: 39868K(111104K)->0K(111104K)
[676.920s][info][gc,heap        ] GC(2194) ParOldGen: 593834K(593920K)->100905K(415232K)
[676.920s][info][gc,metaspace   ] GC(2194) Metaspace: 19071K(19200K)->19071K(19200K) NonClass: 17242K(17344K)->17242K(17344K) Class: 1829K(1856K)->1829K(1856K)
[676.920s][info][gc             ] GC(2194) Pause Full (Allocation Failure) 727M->98M(623M) 162.614ms
[676.920s][info][gc,cpu         ] GC(2194) User=0.26s Sys=0.02s Real=0.16s
[676.990s][info][gc,start       ] GC(2195) Pause Young (Allocation Failure)
[676.996s][info][gc,heap        ] GC(2195) PSYoungGen: 111616K(222720K)->7520K(222720K) Eden: 111616K(111616K)->0K(111616K) From: 0K(111104K)->7520K(111104K)
[676.996s][info][gc,heap        ] GC(2195) ParOldGen: 100905K(415232K)->100905K(415232K)
[676.996s][info][gc,metaspace   ] GC(2195) Metaspace: 19071K(19200K)->19071K(19200K) NonClass: 17242K(17344K)->17242K(17344K) Class: 1829K(1856K)->1829K(1856K)
[676.996s][info][gc             ] GC(2195) Pause Young (Allocation Failure) 207M->105M(623M) 6.469ms
[676.996s][info][gc,cpu         ] GC(2195) User=0.01s Sys=0.00s Real=0.01s
[677.052s][info][gc,start       ] GC(2196) Pause Young (Allocation Failure)
[677.063s][info][gc,heap        ] GC(2196) PSYoungGen: 119136K(222720K)->4768K(222720K) Eden: 111616K(111616K)->0K(111616K) From: 7520K(111104K)->4768K(111104K)
[677.063s][info][gc,heap        ] GC(2196) ParOldGen: 100905K(415232K)->108441K(415232K)
[677.063s][info][gc,metaspace   ] GC(2196) Metaspace: 19071K(19200K)->19071K(19200K) NonClass: 17242K(17344K)->17242K(17344K) Class: 1829K(1856K)->1829K(1856K)
[677.063s][info][gc             ] GC(2196) Pause Young (Allocation Failure) 214M->110M(623M) 10.867ms
[677.063s][info][gc,cpu         ] GC(2196) User=0.03s Sys=0.00s Real=0.01s
[677.143s][info][gc,start       ] GC(2197) Pause Young (Allocation Failure)
[677.161s][info][gc,heap        ] GC(2197) PSYoungGen: 116384K(222720K)->17952K(222720K) Eden: 111616K(111616K)->0K(111616K) From: 4768K(111104K)->17952K(111104K)
[677.161s][info][gc,heap        ] GC(2197) ParOldGen: 108441K(415232K)->113217K(415232K)
[677.161s][info][gc,metaspace   ] GC(2197) Metaspace: 19071K(19200K)->19071K(19200K) NonClass: 17242K(17344K)->17242K(17344K) Class: 1829K(1856K)->1829K(1856K)
[677.161s][info][gc             ] GC(2197) Pause Young (Allocation Failure) 219M->128M(623M) 17.914ms
[677.161s][info][gc,cpu         ] GC(2197) User=0.04s Sys=0.00s Real=0.02s
[677.200s][info][gc,start       ] GC(2198) Pause Young (Allocation Failure)
[677.233s][info][gc,heap        ] GC(2198) PSYoungGen: 129568K(222720K)->31232K(142848K) Eden: 111616K(111616K)->0K(111616K) From: 17952K(111104K)->31232K(31232K)
[677.233s][info][gc,heap        ] GC(2198) ParOldGen: 113217K(415232K)->131369K(415232K)
[677.233s][info][gc,metaspace   ] GC(2198) Metaspace: 19071K(19200K)->19071K(19200K) NonClass: 17242K(17344K)->17242K(17344K) Class: 1829K(1856K)->1829K(1856K)
[677.233s][info][gc             ] GC(2198) Pause Young (Allocation Failure) 237M->158M(545M) 33.224ms
[677.233s][info][gc,cpu         ] GC(2198) User=0.06s Sys=0.00s Real=0.03s
[677.388s][info][gc,start       ] GC(2199) Pause Young (Allocation Failure)
[677.423s][info][gc,heap        ] GC(2199) PSYoungGen: 142848K(142848K)->55072K(214016K) Eden: 111616K(111616K)->0K(110080K) From: 31232K(31232K)->55072K(103936K)
[677.423s][info][gc,heap        ] GC(2199) ParOldGen: 131369K(415232K)->131369K(415232K)
[677.423s][info][gc,metaspace   ] GC(2199) Metaspace: 19071K(19200K)->19071K(19200K) NonClass: 17242K(17344K)->17242K(17344K) Class: 1829K(1856K)->1829K(1856K)
[677.423s][info][gc             ] GC(2199) Pause Young (Allocation Failure) 267M->182M(614M) 35.151ms
[677.423s][info][gc,cpu         ] GC(2199) User=0.07s Sys=0.00s Real=0.03s
[677.507s][info][gc,start       ] GC(2200) Pause Young (Allocation Failure)
[677.542s][info][gc,heap        ] GC(2200) PSYoungGen: 165152K(214016K)->57248K(215552K) Eden: 110080K(110080K)->0K(110080K) From: 55072K(103936K)->57248K(105472K)
[677.542s][info][gc,heap        ] GC(2200) ParOldGen: 131369K(415232K)->131369K(415232K)
[677.542s][info][gc,metaspace   ] GC(2200) Metaspace: 19071K(19200K)->19071K(19200K) NonClass: 17242K(17344K)->17242K(17344K) Class: 1829K(1856K)->1829K(1856K)
[677.542s][info][gc             ] GC(2200) Pause Young (Allocation Failure) 289M->184M(616M) 34.763ms
[677.542s][info][gc,cpu         ] GC(2200) User=0.07s Sys=0.00s Real=0.03s
[677.721s][info][gc,start       ] GC(2201) Pause Young (Allocation Failure)
[677.785s][info][gc,heap        ] GC(2201) PSYoungGen: 167328K(215552K)->75649K(219136K) Eden: 110080K(110080K)->0K(111616K) From: 57248K(105472K)->75649K(107520K)
[677.785s][info][gc,heap        ] GC(2201) ParOldGen: 131369K(415232K)->131369K(415232K)
[677.785s][info][gc,metaspace   ] GC(2201) Metaspace: 19071K(19200K)->19071K(19200K) NonClass: 17242K(17344K)->17242K(17344K) Class: 1829K(1856K)->1829K(1856K)
[677.785s][info][gc             ] GC(2201) Pause Young (Allocation Failure) 291M->202M(619M) 64.018ms
[677.785s][info][gc,cpu         ] GC(2201) User=0.12s Sys=0.00s Real=0.07s
[677.872s][info][gc,start       ] GC(2202) Pause Young (Allocation Failure)
[677.986s][info][gc,heap        ] GC(2202) PSYoungGen: 187265K(219136K)->73633K(222720K) Eden: 111616K(111616K)->0K(111616K) From: 75649K(107520K)->73633K(111104K)
[677.986s][info][gc,heap        ] GC(2202) ParOldGen: 131369K(415232K)->187081K(415232K)
[677.986s][info][gc,metaspace   ] GC(2202) Metaspace: 19071K(19200K)->19071K(19200K) NonClass: 17242K(17344K)->17242K(17344K) Class: 1829K(1856K)->1829K(1856K)
[677.986s][info][gc             ] GC(2202) Pause Young (Allocation Failure) 311M->254M(623M) 114.394ms
[677.986s][info][gc,cpu         ] GC(2202) User=0.22s Sys=0.00s Real=0.12s
[678.059s][info][gc,start       ] GC(2203) Pause Young (Allocation Failure)
[678.172s][info][gc,heap        ] GC(2203) PSYoungGen: 185249K(222720K)->90944K(222720K) Eden: 111616K(111616K)->0K(111616K) From: 73633K(111104K)->90944K(111104K)
[678.172s][info][gc,heap        ] GC(2203) ParOldGen: 187081K(415232K)->207758K(415232K)
[678.172s][info][gc,metaspace   ] GC(2203) Metaspace: 19071K(19200K)->19071K(19200K) NonClass: 17242K(17344K)->17242K(17344K) Class: 1829K(1856K)->1829K(1856K)
[678.172s][info][gc             ] GC(2203) Pause Young (Allocation Failure) 363M->291M(623M) 113.624ms
[678.172s][info][gc,cpu         ] GC(2203) User=0.22s Sys=0.00s Real=0.11s
[678.220s][info][gc,start       ] GC(2204) Pause Young (Allocation Failure)
[678.336s][info][gc,heap        ] GC(2204) PSYoungGen: 202560K(222720K)->42368K(222720K) Eden: 111616K(111616K)->0K(111616K) From: 90944K(111104K)->42368K(111104K)
[678.336s][info][gc,heap        ] GC(2204) ParOldGen: 207758K(415232K)->299086K(415232K)
[678.336s][info][gc,metaspace   ] GC(2204) Metaspace: 19071K(19200K)->19071K(19200K) NonClass: 17242K(17344K)->17242K(17344K) Class: 1829K(1856K)->1829K(1856K)
[678.336s][info][gc             ] GC(2204) Pause Young (Allocation Failure) 400M->333M(623M) 116.344ms
[678.336s][info][gc,cpu         ] GC(2204) User=0.23s Sys=0.00s Real=0.12s
[678.398s][info][gc,start       ] GC(2205) Pause Young (Allocation Failure)
[678.446s][info][gc,heap        ] GC(2205) PSYoungGen: 153984K(222720K)->25344K(222720K) Eden: 111616K(111616K)->0K(111616K) From: 42368K(111104K)->25344K(111104K)
[678.446s][info][gc,heap        ] GC(2205) ParOldGen: 299086K(415232K)->341942K(415232K)
[678.446s][info][gc,metaspace   ] GC(2205) Metaspace: 19071K(19200K)->19071K(19200K) NonClass: 17242K(17344K)->17242K(17344K) Class: 1829K(1856K)->1829K(1856K)
[678.446s][info][gc             ] GC(2205) Pause Young (Allocation Failure) 442M->358M(623M) 48.007ms
[678.446s][info][gc,cpu         ] GC(2205) User=0.09s Sys=0.00s Real=0.05s
[678.535s][info][gc,start       ] GC(2206) Pause Young (Allocation Failure)
[678.560s][info][gc,heap        ] GC(2206) PSYoungGen: 136960K(222720K)->2368K(222720K) Eden: 111616K(111616K)->0K(111616K) From: 25344K(111104K)->2368K(111104K)
[678.560s][info][gc,heap        ] GC(2206) ParOldGen: 341942K(415232K)->367526K(415232K)
[678.560s][info][gc,metaspace   ] GC(2206) Metaspace: 19071K(19200K)->19071K(19200K) NonClass: 17242K(17344K)->17242K(17344K) Class: 1829K(1856K)->1829K(1856K)
[678.560s][info][gc             ] GC(2206) Pause Young (Allocation Failure) 467M->361M(623M) 25.403ms
[678.560s][info][gc,cpu         ] GC(2206) User=0.05s Sys=0.00s Real=0.02s
[678.626s][info][gc,start       ] GC(2207) Pause Young (Allocation Failure)
[678.638s][info][gc,heap        ] GC(2207) PSYoungGen: 113984K(222720K)->1824K(222720K) Eden: 111616K(111616K)->0K(111616K) From: 2368K(111104K)->1824K(111104K)
[678.638s][info][gc,heap        ] GC(2207) ParOldGen: 367526K(415232K)->369846K(415232K)
[678.638s][info][gc,metaspace   ] GC(2207) Metaspace: 19071K(19200K)->19071K(19200K) NonClass: 17242K(17344K)->17242K(17344K) Class: 1829K(1856K)->1829K(1856K)
[678.638s][info][gc             ] GC(2207) Pause Young (Allocation Failure) 470M->362M(623M) 11.620ms
[678.638s][info][gc,cpu         ] GC(2207) User=0.02s Sys=0.00s Real=0.01s
[678.734s][info][gc,start       ] GC(2208) Pause Young (Allocation Failure)
[678.757s][info][gc,heap        ] GC(2208) PSYoungGen: 113440K(222720K)->5121K(222720K) Eden: 111616K(111616K)->0K(111616K) From: 1824K(111104K)->5121K(111104K)
[678.757s][info][gc,heap        ] GC(2208) ParOldGen: 369846K(415232K)->371654K(415232K)
[678.757s][info][gc,metaspace   ] GC(2208) Metaspace: 19071K(19200K)->19071K(19200K) NonClass: 17242K(17344K)->17242K(17344K) Class: 1829K(1856K)->1829K(1856K)
[678.757s][info][gc             ] GC(2208) Pause Young (Allocation Failure) 471M->367M(623M) 22.801ms
[678.757s][info][gc,cpu         ] GC(2208) User=0.05s Sys=0.00s Real=0.02s
[678.859s][info][gc,start       ] GC(2209) Pause Young (Allocation Failure)
[678.894s][info][gc,heap        ] GC(2209) PSYoungGen: 116737K(222720K)->17216K(219648K) Eden: 111616K(111616K)->0K(111616K) From: 5121K(111104K)->17216K(108032K)
[678.895s][info][gc,heap        ] GC(2209) ParOldGen: 371654K(415232K)->376700K(415232K)
[678.895s][info][gc,metaspace   ] GC(2209) Metaspace: 19071K(19200K)->19071K(19200K) NonClass: 17242K(17344K)->17242K(17344K) Class: 1829K(1856K)->1829K(1856K)
[678.895s][info][gc             ] GC(2209) Pause Young (Allocation Failure) 476M->384M(620M) 35.123ms
[678.895s][info][gc,cpu         ] GC(2209) User=0.07s Sys=0.00s Real=0.04s
[679.007s][info][gc,start       ] GC(2210) Pause Young (Allocation Failure)
[679.052s][info][gc,heap        ] GC(2210) PSYoungGen: 128832K(219648K)->39840K(221184K) Eden: 111616K(111616K)->0K(111616K) From: 17216K(108032K)->39840K(109568K)
[679.052s][info][gc,heap        ] GC(2210) ParOldGen: 376700K(415232K)->376700K(415232K)
[679.052s][info][gc,metaspace   ] GC(2210) Metaspace: 19071K(19200K)->19071K(19200K) NonClass: 17242K(17344K)->17242K(17344K) Class: 1829K(1856K)->1829K(1856K)
[679.052s][info][gc             ] GC(2210) Pause Young (Allocation Failure) 493M->406M(621M) 45.690ms
[679.052s][info][gc,cpu         ] GC(2210) User=0.09s Sys=0.00s Real=0.04s
[679.126s][info][gc,start       ] GC(2211) Pause Young (Allocation Failure)
[679.195s][info][gc,heap        ] GC(2211) PSYoungGen: 151456K(221184K)->62624K(217600K) Eden: 111616K(111616K)->0K(112640K) From: 39840K(109568K)->62624K(104960K)
[679.195s][info][gc,heap        ] GC(2211) ParOldGen: 376700K(415232K)->376700K(415232K)
[679.195s][info][gc,metaspace   ] GC(2211) Metaspace: 19071K(19200K)->19071K(19200K) NonClass: 17242K(17344K)->17242K(17344K) Class: 1829K(1856K)->1829K(1856K)
[679.195s][info][gc             ] GC(2211) Pause Young (Allocation Failure) 515M->429M(618M) 69.092ms
[679.195s][info][gc,cpu         ] GC(2211) User=0.14s Sys=0.00s Real=0.07s
[679.312s][info][gc,start       ] GC(2212) Pause Young (Allocation Failure)
[679.394s][info][gc,heap        ] GC(2212) PSYoungGen: 175264K(217600K)->74592K(221184K) Eden: 112640K(112640K)->0K(112640K) From: 62624K(104960K)->74592K(108544K)
[679.394s][info][gc,heap        ] GC(2212) ParOldGen: 376700K(415232K)->376700K(415232K)
[679.394s][info][gc,metaspace   ] GC(2212) Metaspace: 19071K(19200K)->19071K(19200K) NonClass: 17242K(17344K)->17242K(17344K) Class: 1829K(1856K)->1829K(1856K)
[679.394s][info][gc             ] GC(2212) Pause Young (Allocation Failure) 539M->440M(621M) 82.129ms
[679.394s][info][gc,cpu         ] GC(2212) User=0.16s Sys=0.00s Real=0.09s
[679.507s][info][gc,start       ] GC(2213) Pause Young (Allocation Failure)
[679.585s][info][gc,heap        ] GC(2213) PSYoungGen: 187232K(221184K)->35936K(223232K) Eden: 112640K(112640K)->0K(113664K) From: 74592K(108544K)->35936K(109568K)
[679.585s][info][gc,heap        ] GC(2213) ParOldGen: 376700K(415232K)->416633K(416768K)
[679.585s][info][gc,metaspace   ] GC(2213) Metaspace: 19071K(19200K)->19071K(19200K) NonClass: 17242K(17344K)->17242K(17344K) Class: 1829K(1856K)->1829K(1856K)
[679.585s][info][gc             ] GC(2213) Pause Young (Allocation Failure) 550M->441M(625M) 78.545ms
[679.585s][info][gc,cpu         ] GC(2213) User=0.16s Sys=0.01s Real=0.08s
[679.726s][info][gc,start       ] GC(2214) Pause Young (Allocation Failure)
[679.766s][info][gc,heap        ] GC(2214) PSYoungGen: 149600K(223232K)->39360K(153088K) Eden: 113664K(113664K)->0K(113664K) From: 35936K(109568K)->39360K(39424K)
[679.766s][info][gc,heap        ] GC(2214) ParOldGen: 416633K(416768K)->416633K(416768K)
[679.766s][info][gc,metaspace   ] GC(2214) Metaspace: 19071K(19200K)->19071K(19200K) NonClass: 17242K(17344K)->17242K(17344K) Class: 1829K(1856K)->1829K(1856K)
[679.766s][info][gc             ] GC(2214) Pause Young (Allocation Failure) 552M->445M(556M) 40.137ms
[679.766s][info][gc,cpu         ] GC(2214) User=0.08s Sys=0.00s Real=0.04s
[679.904s][info][gc,start       ] GC(2215) Pause Young (Allocation Failure)
[679.948s][info][gc,heap        ] GC(2215) PSYoungGen: 153024K(153088K)->44544K(220160K) Eden: 113664K(113664K)->0K(119296K) From: 39360K(39424K)->44544K(100864K)
[679.948s][info][gc,heap        ] GC(2215) ParOldGen: 416633K(416768K)->416633K(416768K)
[679.948s][info][gc,metaspace   ] GC(2215) Metaspace: 19071K(19200K)->19071K(19200K) NonClass: 17242K(17344K)->17242K(17344K) Class: 1829K(1856K)->1829K(1856K)
[679.948s][info][gc             ] GC(2215) Pause Young (Allocation Failure) 556M->450M(622M) 43.921ms
[679.948s][info][gc,cpu         ] GC(2215) User=0.09s Sys=0.00s Real=0.04s
[680.084s][info][gc,start       ] GC(2216) Pause Young (Allocation Failure)
[680.145s][info][gc,heap        ] GC(2216) PSYoungGen: 163840K(220160K)->62304K(217088K) Eden: 119296K(119296K)->0K(119296K) From: 44544K(100864K)->62304K(97792K)
[680.145s][info][gc,heap        ] GC(2216) ParOldGen: 416633K(416768K)->416633K(416768K)
[680.145s][info][gc,metaspace   ] GC(2216) Metaspace: 19071K(19200K)->19071K(19200K) NonClass: 17242K(17344K)->17242K(17344K) Class: 1829K(1856K)->1829K(1856K)
[680.145s][info][gc             ] GC(2216) Pause Young (Allocation Failure) 566M->467M(619M) 60.320ms
[680.145s][info][gc,cpu         ] GC(2216) User=0.12s Sys=0.00s Real=0.06s
[680.538s][info][gc,start       ] GC(2217) Pause Young (Allocation Failure)
[680.600s][info][gc,heap        ] GC(2217) PSYoungGen: 181600K(217088K)->62336K(226816K) Eden: 119296K(119296K)->0K(126464K) From: 62304K(97792K)->62336K(100352K)
[680.600s][info][gc,heap        ] GC(2217) ParOldGen: 416633K(416768K)->416633K(416768K)
[680.600s][info][gc,metaspace   ] GC(2217) Metaspace: 19071K(19200K)->19071K(19200K) NonClass: 17242K(17344K)->17242K(17344K) Class: 1829K(1856K)->1829K(1856K)
[680.600s][info][gc             ] GC(2217) Pause Young (Allocation Failure) 584M->467M(628M) 61.715ms
[680.600s][info][gc,cpu         ] GC(2217) User=0.12s Sys=0.00s Real=0.06s
[680.920s][info][gc,start       ] GC(2218) Pause Young (Allocation Failure)
[680.982s][info][gc,heap        ] GC(2218) PSYoungGen: 188800K(226816K)->62432K(228352K) Eden: 126464K(126464K)->0K(126464K) From: 62336K(100352K)->62432K(101888K)
[680.982s][info][gc,heap        ] GC(2218) ParOldGen: 416633K(416768K)->416633K(416768K)
[680.982s][info][gc,metaspace   ] GC(2218) Metaspace: 19071K(19200K)->19071K(19200K) NonClass: 17242K(17344K)->17242K(17344K) Class: 1829K(1856K)->1829K(1856K)
[680.982s][info][gc             ] GC(2218) Pause Young (Allocation Failure) 591M->467M(630M) 61.933ms
[680.982s][info][gc,cpu         ] GC(2218) User=0.13s Sys=0.00s Real=0.06s
[681.277s][info][gc,start       ] GC(2219) Pause Young (Allocation Failure)
[681.338s][info][gc,heap        ] GC(2219) PSYoungGen: 188896K(228352K)->62432K(229888K) Eden: 126464K(126464K)->0K(126976K) From: 62432K(101888K)->62432K(102912K)
[681.338s][info][gc,heap        ] GC(2219) ParOldGen: 416633K(416768K)->416633K(416768K)
[681.338s][info][gc,metaspace   ] GC(2219) Metaspace: 19071K(19200K)->19071K(19200K) NonClass: 17242K(17344K)->17242K(17344K) Class: 1829K(1856K)->1829K(1856K)
[681.338s][info][gc             ] GC(2219) Pause Young (Allocation Failure) 591M->467M(631M) 60.673ms
[681.338s][info][gc,cpu         ] GC(2219) User=0.12s Sys=0.00s Real=0.06s
[681.636s][info][gc,start       ] GC(2220) Pause Young (Allocation Failure)
[681.709s][info][gc,heap        ] GC(2220) PSYoungGen: 189408K(229888K)->67296K(194560K) Eden: 126976K(126976K)->0K(126976K) From: 62432K(102912K)->67296K(67584K)
[681.709s][info][gc,heap        ] GC(2220) ParOldGen: 416633K(416768K)->416633K(416768K)
[681.709s][info][gc,metaspace   ] GC(2220) Metaspace: 19071K(19200K)->19071K(19200K) NonClass: 17242K(17344K)->17242K(17344K) Class: 1829K(1856K)->1829K(1856K)
[681.709s][info][gc             ] GC(2220) Pause Young (Allocation Failure) 591M->472M(597M) 73.597ms
[681.709s][info][gc,cpu         ] GC(2220) User=0.15s Sys=0.00s Real=0.07s
[681.852s][info][gc,start       ] GC(2221) Pause Young (Allocation Failure)
[681.939s][info][gc,heap        ] GC(2221) PSYoungGen: 194272K(194560K)->96278K(216576K) Eden: 126976K(126976K)->0K(111616K) From: 67296K(67584K)->96278K(104960K)
[681.939s][info][gc,heap        ] GC(2221) ParOldGen: 416633K(416768K)->416633K(416768K)
[681.939s][info][gc,metaspace   ] GC(2221) Metaspace: 19071K(19200K)->19071K(19200K) NonClass: 17242K(17344K)->17242K(17344K) Class: 1829K(1856K)->1829K(1856K)
[681.939s][info][gc             ] GC(2221) Pause Young (Allocation Failure) 596M->500M(618M) 87.263ms
[681.939s][info][gc,cpu         ] GC(2221) User=0.17s Sys=0.00s Real=0.09s
[681.993s][info][gc,start       ] GC(2222) Pause Young (Allocation Failure)
[682.118s][info][gc,heap        ] GC(2222) PSYoungGen: 207894K(216576K)->103734K(222720K) Eden: 111616K(111616K)->0K(111616K) From: 96278K(104960K)->103734K(111104K)
[682.118s][info][gc,heap        ] GC(2222) ParOldGen: 416633K(416768K)->451489K(451584K)
[682.119s][info][gc,metaspace   ] GC(2222) Metaspace: 19071K(19200K)->19071K(19200K) NonClass: 17242K(17344K)->17242K(17344K) Class: 1829K(1856K)->1829K(1856K)
[682.119s][info][gc             ] GC(2222) Pause Young (Allocation Failure) 609M->542M(658M) 125.593ms
[682.119s][info][gc,cpu         ] GC(2222) User=0.22s Sys=0.03s Real=0.13s
[682.280s][info][gc,start       ] GC(2223) Pause Young (Allocation Failure)
[682.358s][info][gc,heap        ] GC(2223) PSYoungGen: 215350K(222720K)->103302K(222720K) Eden: 111616K(111616K)->0K(111616K) From: 103734K(111104K)->103302K(111104K)
[682.358s][info][gc,heap        ] GC(2223) ParOldGen: 451489K(451584K)->456105K(456192K)
[682.358s][info][gc,metaspace   ] GC(2223) Metaspace: 19071K(19200K)->19071K(19200K) NonClass: 17242K(17344K)->17242K(17344K) Class: 1829K(1856K)->1829K(1856K)
[682.358s][info][gc             ] GC(2223) Pause Young (Allocation Failure) 651M->546M(663M) 77.977ms
[682.358s][info][gc,cpu         ] GC(2223) User=0.15s Sys=0.00s Real=0.08s
[682.510s][info][gc,start       ] GC(2224) Pause Young (Allocation Failure)
[682.622s][info][gc,heap        ] GC(2224) PSYoungGen: 214918K(222720K)->91907K(222720K) Eden: 111616K(111616K)->0K(111616K) From: 103302K(111104K)->91907K(111104K)
[682.622s][info][gc,heap        ] GC(2224) ParOldGen: 456105K(456192K)->479095K(479232K)
[682.622s][info][gc,metaspace   ] GC(2224) Metaspace: 19071K(19200K)->19071K(19200K) NonClass: 17242K(17344K)->17242K(17344K) Class: 1829K(1856K)->1829K(1856K)
[682.622s][info][gc             ] GC(2224) Pause Young (Allocation Failure) 655M->557M(685M) 112.074ms
[682.622s][info][gc,cpu         ] GC(2224) User=0.20s Sys=0.02s Real=0.11s
[682.779s][info][gc,start       ] GC(2225) Pause Young (Allocation Failure)
[682.877s][info][gc,heap        ] GC(2225) PSYoungGen: 203523K(222720K)->111091K(222720K) Eden: 111616K(111616K)->0K(111616K) From: 91907K(111104K)->111091K(111104K)
[682.877s][info][gc,heap        ] GC(2225) ParOldGen: 479095K(479232K)->480047K(480256K)
[682.877s][info][gc,metaspace   ] GC(2225) Metaspace: 19071K(19200K)->19071K(19200K) NonClass: 17242K(17344K)->17242K(17344K) Class: 1829K(1856K)->1829K(1856K)
[682.877s][info][gc             ] GC(2225) Pause Young (Allocation Failure) 666M->577M(686M) 97.308ms
[682.877s][info][gc,cpu         ] GC(2225) User=0.19s Sys=0.01s Real=0.10s
[682.971s][info][gc,start       ] GC(2226) Pause Young (Allocation Failure)
[683.092s][info][gc,heap        ] GC(2226) PSYoungGen: 222707K(222720K)->111088K(222720K) Eden: 111616K(111616K)->0K(111616K) From: 111091K(111104K)->111088K(111104K)
[683.092s][info][gc,heap        ] GC(2226) ParOldGen: 480047K(480256K)->497042K(497152K)
[683.092s][info][gc,metaspace   ] GC(2226) Metaspace: 19071K(19200K)->19071K(19200K) NonClass: 17242K(17344K)->17242K(17344K) Class: 1829K(1856K)->1829K(1856K)
[683.092s][info][gc             ] GC(2226) Pause Young (Allocation Failure) 686M->593M(703M) 120.810ms
[683.092s][info][gc,cpu         ] GC(2226) User=0.23s Sys=0.01s Real=0.12s
[683.196s][info][gc,start       ] GC(2227) Pause Young (Allocation Failure)
[683.356s][info][gc,heap        ] GC(2227) PSYoungGen: 222704K(222720K)->59824K(222720K) Eden: 111616K(111616K)->0K(111616K) From: 111088K(111104K)->59824K(111104K)
[683.356s][info][gc,heap        ] GC(2227) ParOldGen: 497042K(497152K)->569013K(569344K)
[683.356s][info][gc,metaspace   ] GC(2227) Metaspace: 19071K(19200K)->19071K(19200K) NonClass: 17242K(17344K)->17242K(17344K) Class: 1829K(1856K)->1829K(1856K)
[683.356s][info][gc             ] GC(2227) Pause Young (Allocation Failure) 702M->614M(773M) 160.163ms
[683.356s][info][gc,cpu         ] GC(2227) User=0.27s Sys=0.04s Real=0.16s
[683.422s][info][gc,start       ] GC(2228) Pause Young (Allocation Failure)
[683.502s][info][gc,heap        ] GC(2228) PSYoungGen: 171440K(222720K)->53200K(222720K) Eden: 111616K(111616K)->0K(111616K) From: 59824K(111104K)->53200K(111104K)
[683.502s][info][gc,heap        ] GC(2228) ParOldGen: 569013K(569344K)->581420K(581632K)
[683.502s][info][gc,metaspace   ] GC(2228) Metaspace: 19071K(19200K)->19071K(19200K) NonClass: 17242K(17344K)->17242K(17344K) Class: 1829K(1856K)->1829K(1856K)
[683.502s][info][gc             ] GC(2228) Pause Young (Allocation Failure) 723M->619M(785M) 79.731ms
[683.502s][info][gc,cpu         ] GC(2228) User=0.15s Sys=0.01s Real=0.08s
[683.549s][info][gc,start       ] GC(2229) Pause Young (Allocation Failure)
[683.634s][info][gc,heap        ] GC(2229) PSYoungGen: 164816K(222720K)->53712K(222720K) Eden: 111616K(111616K)->0K(111616K) From: 53200K(111104K)->53712K(111104K)
[683.634s][info][gc,heap        ] GC(2229) ParOldGen: 581420K(581632K)->609204K(609280K)
[683.634s][info][gc,metaspace   ] GC(2229) Metaspace: 19071K(19200K)->19071K(19200K) NonClass: 17242K(17344K)->17242K(17344K) Class: 1829K(1856K)->1829K(1856K)
[683.634s][info][gc             ] GC(2229) Pause Young (Allocation Failure) 728M->647M(812M) 84.906ms
[683.634s][info][gc,cpu         ] GC(2229) User=0.16s Sys=0.02s Real=0.09s
[683.716s][info][gc,start       ] GC(2230) Pause Full (Allocation Failure)
[683.716s][info][gc,phases,start] GC(2230) Marking Phase
[683.972s][info][gc,phases      ] GC(2230) Marking Phase 255.368ms
[683.972s][info][gc,phases,start] GC(2230) Summary Phase
[683.972s][info][gc,phases      ] GC(2230) Summary Phase 0.028ms
[683.972s][info][gc,phases,start] GC(2230) Forward
[684.035s][info][gc,phases      ] GC(2230) Forward 63.579ms
[684.035s][info][gc,phases,start] GC(2230) Adjust Pointers
[684.232s][info][gc,phases      ] GC(2230) Adjust Pointers 196.628ms
[684.232s][info][gc,phases,start] GC(2230) Compaction Phase
[684.344s][info][gc,phases      ] GC(2230) Compaction Phase 111.708ms
[684.350s][info][gc,phases,start] GC(2230) Post Compact
[684.352s][info][gc,phases      ] GC(2230) Post Compact 2.307ms
[684.352s][info][gc,heap        ] GC(2230) PSYoungGen: 165328K(222720K)->0K(222720K) Eden: 111616K(111616K)->0K(111616K) From: 53712K(111104K)->0K(111104K)
[684.352s][info][gc,heap        ] GC(2230) ParOldGen: 609204K(609280K)->384816K(667648K)
[684.352s][info][gc,metaspace   ] GC(2230) Metaspace: 19071K(19200K)->19071K(19200K) NonClass: 17242K(17344K)->17242K(17344K) Class: 1829K(1856K)->1829K(1856K)
[684.352s][info][gc             ] GC(2230) Pause Full (Allocation Failure) 756M->375M(869M) 635.980ms
[684.352s][info][gc,cpu         ] GC(2230) User=1.23s Sys=0.00s Real=0.63s
[684.413s][info][gc,start       ] GC(2231) Pause Young (Allocation Failure)
[684.418s][info][gc,heap        ] GC(2231) PSYoungGen: 111616K(222720K)->128K(222720K) Eden: 111616K(111616K)->0K(111616K) From: 0K(111104K)->128K(111104K)
[684.418s][info][gc,heap        ] GC(2231) ParOldGen: 384816K(667648K)->384816K(667648K)
[684.418s][info][gc,metaspace   ] GC(2231) Metaspace: 19071K(19200K)->19071K(19200K) NonClass: 17242K(17344K)->17242K(17344K) Class: 1829K(1856K)->1829K(1856K)
[684.418s][info][gc             ] GC(2231) Pause Young (Allocation Failure) 484M->375M(869M) 5.135ms
[684.418s][info][gc,cpu         ] GC(2231) User=0.01s Sys=0.00s Real=0.01s
[684.478s][info][gc,start       ] GC(2232) Pause Young (Allocation Failure)
[684.485s][info][gc,heap        ] GC(2232) PSYoungGen: 111744K(222720K)->4064K(222720K) Eden: 111616K(111616K)->0K(111616K) From: 128K(111104K)->4064K(111104K)
[684.486s][info][gc,heap        ] GC(2232) ParOldGen: 384816K(667648K)->384920K(667648K)
[684.486s][info][gc,metaspace   ] GC(2232) Metaspace: 19071K(19200K)->19071K(19200K) NonClass: 17242K(17344K)->17242K(17344K) Class: 1829K(1856K)->1829K(1856K)
[684.486s][info][gc             ] GC(2232) Pause Young (Allocation Failure) 484M->379M(869M) 7.478ms
[684.486s][info][gc,cpu         ] GC(2232) User=0.01s Sys=0.00s Real=0.01s
[684.577s][info][gc,start       ] GC(2233) Pause Young (Allocation Failure)
[684.600s][info][gc,heap        ] GC(2233) PSYoungGen: 115680K(222720K)->9984K(222720K) Eden: 111616K(111616K)->0K(111616K) From: 4064K(111104K)->9984K(111104K)
[684.600s][info][gc,heap        ] GC(2233) ParOldGen: 384920K(667648K)->388960K(667648K)
[684.600s][info][gc,metaspace   ] GC(2233) Metaspace: 19071K(19200K)->19071K(19200K) NonClass: 17242K(17344K)->17242K(17344K) Class: 1829K(1856K)->1829K(1856K)
[684.600s][info][gc             ] GC(2233) Pause Young (Allocation Failure) 488M->389M(869M) 22.887ms
[684.600s][info][gc,cpu         ] GC(2233) User=0.05s Sys=0.00s Real=0.02s
[684.695s][info][gc,start       ] GC(2234) Pause Young (Allocation Failure)
[684.729s][info][gc,heap        ] GC(2234) PSYoungGen: 121600K(222720K)->19648K(222720K) Eden: 111616K(111616K)->0K(111616K) From: 9984K(111104K)->19648K(111104K)
[684.729s][info][gc,heap        ] GC(2234) ParOldGen: 388960K(667648K)->398960K(667648K)
[684.729s][info][gc,metaspace   ] GC(2234) Metaspace: 19071K(19200K)->19071K(19200K) NonClass: 17242K(17344K)->17242K(17344K) Class: 1829K(1856K)->1829K(1856K)
[684.729s][info][gc             ] GC(2234) Pause Young (Allocation Failure) 498M->408M(869M) 33.979ms
[684.729s][info][gc,cpu         ] GC(2234) User=0.07s Sys=0.00s Real=0.03s
[684.805s][info][gc,start       ] GC(2235) Pause Young (Allocation Failure)
[684.839s][info][gc,heap        ] GC(2235) PSYoungGen: 131264K(222720K)->15232K(222720K) Eden: 111616K(111616K)->0K(111616K) From: 19648K(111104K)->15232K(111104K)
[684.839s][info][gc,heap        ] GC(2235) ParOldGen: 398960K(667648K)->418664K(667648K)
[684.839s][info][gc,metaspace   ] GC(2235) Metaspace: 19071K(19200K)->19071K(19200K) NonClass: 17242K(17344K)->17242K(17344K) Class: 1829K(1856K)->1829K(1856K)
[684.839s][info][gc             ] GC(2235) Pause Young (Allocation Failure) 517M->423M(869M) 34.459ms
[684.839s][info][gc,cpu         ] GC(2235) User=0.06s Sys=0.00s Real=0.03s
[684.934s][info][gc,start       ] GC(2236) Pause Young (Allocation Failure)
[684.961s][info][gc,heap        ] GC(2236) PSYoungGen: 126848K(222720K)->7232K(222720K) Eden: 111616K(111616K)->0K(111616K) From: 15232K(111104K)->7232K(111104K)
[684.961s][info][gc,heap        ] GC(2236) ParOldGen: 418664K(667648K)->433902K(667648K)
[684.961s][info][gc,metaspace   ] GC(2236) Metaspace: 19071K(19200K)->19071K(19200K) NonClass: 17242K(17344K)->17242K(17344K) Class: 1829K(1856K)->1829K(1856K)
[684.961s][info][gc             ] GC(2236) Pause Young (Allocation Failure) 532M->430M(869M) 26.832ms
[684.961s][info][gc,cpu         ] GC(2236) User=0.06s Sys=0.00s Real=0.02s
[685.189s][info][gc,start       ] GC(2237) Pause Young (Allocation Failure)
[685.212s][info][gc,heap        ] GC(2237) PSYoungGen: 118848K(222720K)->8128K(222720K) Eden: 111616K(111616K)->0K(111616K) From: 7232K(111104K)->8128K(111104K)
[685.212s][info][gc,heap        ] GC(2237) ParOldGen: 433902K(667648K)->441118K(667648K)
[685.212s][info][gc,metaspace   ] GC(2237) Metaspace: 19071K(19200K)->19071K(19200K) NonClass: 17242K(17344K)->17242K(17344K) Class: 1829K(1856K)->1829K(1856K)
[685.212s][info][gc             ] GC(2237) Pause Young (Allocation Failure) 539M->438M(869M) 22.201ms
[685.212s][info][gc,cpu         ] GC(2237) User=0.03s Sys=0.00s Real=0.02s
[685.543s][info][gc,start       ] GC(2238) Pause Young (Allocation Failure)
[685.553s][info][gc,heap        ] GC(2238) PSYoungGen: 119744K(222720K)->208K(222720K) Eden: 111616K(111616K)->0K(111616K) From: 8128K(111104K)->208K(111104K)
[685.553s][info][gc,heap        ] GC(2238) ParOldGen: 441118K(667648K)->449254K(667648K)
[685.553s][info][gc,metaspace   ] GC(2238) Metaspace: 19071K(19200K)->19071K(19200K) NonClass: 17242K(17344K)->17242K(17344K) Class: 1829K(1856K)->1829K(1856K)
[685.553s][info][gc             ] GC(2238) Pause Young (Allocation Failure) 547M->438M(869M) 9.975ms
[685.553s][info][gc,cpu         ] GC(2238) User=0.02s Sys=0.00s Real=0.01s
[685.830s][info][gc,start       ] GC(2239) Pause Young (Allocation Failure)
[685.840s][info][gc,heap        ] GC(2239) PSYoungGen: 111824K(222720K)->4032K(222720K) Eden: 111616K(111616K)->0K(111616K) From: 208K(111104K)->4032K(111104K)
[685.840s][info][gc,heap        ] GC(2239) ParOldGen: 449254K(667648K)->449432K(667648K)
[685.840s][info][gc,metaspace   ] GC(2239) Metaspace: 19071K(19200K)->19071K(19200K) NonClass: 17242K(17344K)->17242K(17344K) Class: 1829K(1856K)->1829K(1856K)
[685.840s][info][gc             ] GC(2239) Pause Young (Allocation Failure) 547M->442M(869M) 9.330ms
[685.840s][info][gc,cpu         ] GC(2239) User=0.02s Sys=0.00s Real=0.01s
[685.976s][info][gc,start       ] GC(2240) Pause Young (Allocation Failure)
[685.996s][info][gc,heap        ] GC(2240) PSYoungGen: 115648K(222720K)->16320K(222720K) Eden: 111616K(111616K)->0K(111616K) From: 4032K(111104K)->16320K(111104K)
[685.996s][info][gc,heap        ] GC(2240) ParOldGen: 449432K(667648K)->453421K(667648K)
[685.996s][info][gc,metaspace   ] GC(2240) Metaspace: 19071K(19200K)->19071K(19200K) NonClass: 17242K(17344K)->17242K(17344K) Class: 1829K(1856K)->1829K(1856K)
[685.996s][info][gc             ] GC(2240) Pause Young (Allocation Failure) 551M->458M(869M) 20.471ms
[685.996s][info][gc,cpu         ] GC(2240) User=0.04s Sys=0.00s Real=0.02s
[686.132s][info][gc,start       ] GC(2241) Pause Young (Allocation Failure)
[686.151s][info][gc,heap        ] GC(2241) PSYoungGen: 127936K(222720K)->3936K(222720K) Eden: 111616K(111616K)->0K(111616K) From: 16320K(111104K)->3936K(111104K)
[686.151s][info][gc,heap        ] GC(2241) ParOldGen: 453421K(667648K)->469845K(667648K)
[686.151s][info][gc,metaspace   ] GC(2241) Metaspace: 19071K(19200K)->19071K(19200K) NonClass: 17242K(17344K)->17242K(17344K) Class: 1829K(1856K)->1829K(1856K)
[686.151s][info][gc             ] GC(2241) Pause Young (Allocation Failure) 567M->462M(869M) 18.637ms
[686.151s][info][gc,cpu         ] GC(2241) User=0.04s Sys=0.00s Real=0.02s
[686.231s][info][gc,start       ] GC(2242) Pause Young (Allocation Failure)
[686.261s][info][gc,heap        ] GC(2242) PSYoungGen: 115552K(222720K)->36128K(222720K) Eden: 111616K(111616K)->0K(111616K) From: 3936K(111104K)->36128K(111104K)
[686.261s][info][gc,heap        ] GC(2242) ParOldGen: 469845K(667648K)->473773K(667648K)
[686.262s][info][gc,metaspace   ] GC(2242) Metaspace: 19071K(19200K)->19071K(19200K) NonClass: 17242K(17344K)->17242K(17344K) Class: 1829K(1856K)->1829K(1856K)
[686.262s][info][gc             ] GC(2242) Pause Young (Allocation Failure) 571M->497M(869M) 30.361ms
[686.262s][info][gc,cpu         ] GC(2242) User=0.06s Sys=0.00s Real=0.03s
[686.329s][info][gc,start       ] GC(2243) Pause Young (Allocation Failure)
[686.377s][info][gc,heap        ] GC(2243) PSYoungGen: 147744K(222720K)->40448K(216576K) Eden: 111616K(111616K)->0K(111616K) From: 36128K(111104K)->40448K(104960K)
[686.377s][info][gc,heap        ] GC(2243) ParOldGen: 473773K(667648K)->510277K(667648K)
[686.377s][info][gc,metaspace   ] GC(2243) Metaspace: 19071K(19200K)->19071K(19200K) NonClass: 17242K(17344K)->17242K(17344K) Class: 1829K(1856K)->1829K(1856K)
[686.377s][info][gc             ] GC(2243) Pause Young (Allocation Failure) 606M->537M(863M) 48.853ms
[686.377s][info][gc,cpu         ] GC(2243) User=0.10s Sys=0.00s Real=0.05s
[686.552s][info][gc,start       ] GC(2244) Pause Young (Allocation Failure)
[686.581s][info][gc,heap        ] GC(2244) PSYoungGen: 152064K(216576K)->43824K(219648K) Eden: 111616K(111616K)->0K(111616K) From: 40448K(104960K)->43824K(108032K)
[686.581s][info][gc,heap        ] GC(2244) ParOldGen: 510277K(667648K)->510277K(667648K)
[686.581s][info][gc,metaspace   ] GC(2244) Metaspace: 19071K(19200K)->19071K(19200K) NonClass: 17242K(17344K)->17242K(17344K) Class: 1829K(1856K)->1829K(1856K)
[686.582s][info][gc             ] GC(2244) Pause Young (Allocation Failure) 646M->541M(866M) 29.235ms
[686.582s][info][gc,cpu         ] GC(2244) User=0.05s Sys=0.00s Real=0.03s
[686.755s][info][gc,start       ] GC(2245) Pause Young (Allocation Failure)
[686.816s][info][gc,heap        ] GC(2245) PSYoungGen: 155440K(219648K)->64089K(219136K) Eden: 111616K(111616K)->0K(113664K) From: 43824K(108032K)->64089K(105472K)
[686.816s][info][gc,heap        ] GC(2245) ParOldGen: 510277K(667648K)->510277K(667648K)
[686.816s][info][gc,metaspace   ] GC(2245) Metaspace: 19071K(19200K)->19071K(19200K) NonClass: 17242K(17344K)->17242K(17344K) Class: 1829K(1856K)->1829K(1856K)
[686.816s][info][gc             ] GC(2245) Pause Young (Allocation Failure) 650M->560M(866M) 61.308ms
[686.816s][info][gc,cpu         ] GC(2245) User=0.12s Sys=0.00s Real=0.06s
[686.926s][info][gc,start       ] GC(2246) Pause Young (Allocation Failure)
[687.007s][info][gc,heap        ] GC(2246) PSYoungGen: 177753K(219136K)->86959K(200704K) Eden: 113664K(113664K)->0K(113664K) From: 64089K(105472K)->86959K(87040K)
[687.007s][info][gc,heap        ] GC(2246) ParOldGen: 510277K(667648K)->510277K(667648K)
[687.007s][info][gc,metaspace   ] GC(2246) Metaspace: 19071K(19200K)->19071K(19200K) NonClass: 17242K(17344K)->17242K(17344K) Class: 1829K(1856K)->1829K(1856K)
[687.008s][info][gc             ] GC(2246) Pause Young (Allocation Failure) 671M->583M(848M) 81.781ms
[687.008s][info][gc,cpu         ] GC(2246) User=0.16s Sys=0.00s Real=0.08s
[687.150s][info][gc,start       ] GC(2247) Pause Young (Allocation Failure)
[687.261s][info][gc,heap        ] GC(2247) PSYoungGen: 200623K(200704K)->61055K(222720K) Eden: 113664K(113664K)->0K(111616K) From: 86959K(87040K)->61055K(111104K)
[687.261s][info][gc,heap        ] GC(2247) ParOldGen: 510277K(667648K)->554545K(667648K)
[687.261s][info][gc,metaspace   ] GC(2247) Metaspace: 19071K(19200K)->19071K(19200K) NonClass: 17242K(17344K)->17242K(17344K) Class: 1829K(1856K)->1829K(1856K)
[687.261s][info][gc             ] GC(2247) Pause Young (Allocation Failure) 694M->601M(869M) 110.478ms
[687.261s][info][gc,cpu         ] GC(2247) User=0.22s Sys=0.00s Real=0.11s
[687.337s][info][gc,start       ] GC(2248) Pause Young (Allocation Failure)
[687.410s][info][gc,heap        ] GC(2248) PSYoungGen: 172671K(222720K)->19456K(222720K) Eden: 111616K(111616K)->0K(111616K) From: 61055K(111104K)->19456K(111104K)
[687.410s][info][gc,heap        ] GC(2248) ParOldGen: 554545K(667648K)->597840K(667648K)
[687.410s][info][gc,metaspace   ] GC(2248) Metaspace: 19071K(19200K)->19071K(19200K) NonClass: 17242K(17344K)->17242K(17344K) Class: 1829K(1856K)->1829K(1856K)
[687.410s][info][gc             ] GC(2248) Pause Young (Allocation Failure) 710M->602M(869M) 73.017ms
[687.410s][info][gc,cpu         ] GC(2248) User=0.15s Sys=0.00s Real=0.07s
[687.535s][info][gc,start       ] GC(2249) Pause Young (Allocation Failure)
[687.563s][info][gc,heap        ] GC(2249) PSYoungGen: 131072K(222720K)->736K(222720K) Eden: 111616K(111616K)->0K(111616K) From: 19456K(111104K)->736K(111104K)
[687.563s][info][gc,heap        ] GC(2249) ParOldGen: 597840K(667648K)->617328K(667648K)
[687.563s][info][gc,metaspace   ] GC(2249) Metaspace: 19071K(19200K)->19071K(19200K) NonClass: 17242K(17344K)->17242K(17344K) Class: 1829K(1856K)->1829K(1856K)
[687.563s][info][gc             ] GC(2249) Pause Young (Allocation Failure) 711M->603M(869M) 28.546ms
[687.563s][info][gc,cpu         ] GC(2249) User=0.06s Sys=0.01s Real=0.02s
[687.664s][info][gc,start       ] GC(2250) Pause Full (Allocation Failure)
[687.664s][info][gc,phases,start] GC(2250) Marking Phase
[687.930s][info][gc,phases      ] GC(2250) Marking Phase 265.999ms
[687.930s][info][gc,phases,start] GC(2250) Summary Phase
[687.930s][info][gc,phases      ] GC(2250) Summary Phase 0.027ms
[687.930s][info][gc,phases,start] GC(2250) Forward
[688.007s][info][gc,phases      ] GC(2250) Forward 76.929ms
[688.007s][info][gc,phases,start] GC(2250) Adjust Pointers
[688.217s][info][gc,phases      ] GC(2250) Adjust Pointers 210.399ms
[688.217s][info][gc,phases,start] GC(2250) Compaction Phase
[688.327s][info][gc,phases      ] GC(2250) Compaction Phase 109.824ms
[688.334s][info][gc,phases,start] GC(2250) Post Compact
[688.336s][info][gc,phases      ] GC(2250) Post Compact 2.189ms
[688.336s][info][gc,heap        ] GC(2250) PSYoungGen: 112352K(222720K)->0K(222720K) Eden: 111616K(111616K)->0K(111616K) From: 736K(111104K)->0K(111104K)
[688.336s][info][gc,heap        ] GC(2250) ParOldGen: 617328K(667648K)->385001K(667648K)
[688.336s][info][gc,metaspace   ] GC(2250) Metaspace: 19071K(19200K)->19071K(19200K) NonClass: 17242K(17344K)->17242K(17344K) Class: 1829K(1856K)->1829K(1856K)
[688.336s][info][gc             ] GC(2250) Pause Full (Allocation Failure) 712M->375M(869M) 672.484ms
[688.336s][info][gc,cpu         ] GC(2250) User=1.28s Sys=0.00s Real=0.67s
[688.407s][info][gc,start       ] GC(2251) Pause Young (Allocation Failure)
[688.423s][info][gc,heap        ] GC(2251) PSYoungGen: 111616K(222720K)->22658K(221696K) Eden: 111616K(111616K)->0K(111616K) From: 0K(111104K)->22658K(110080K)
[688.423s][info][gc,heap        ] GC(2251) ParOldGen: 385001K(667648K)->385001K(667648K)
[688.423s][info][gc,metaspace   ] GC(2251) Metaspace: 19071K(19200K)->19071K(19200K) NonClass: 17242K(17344K)->17242K(17344K) Class: 1829K(1856K)->1829K(1856K)
[688.423s][info][gc             ] GC(2251) Pause Young (Allocation Failure) 484M->398M(868M) 16.127ms
[688.423s][info][gc,cpu         ] GC(2251) User=0.03s Sys=0.00s Real=0.01s
[688.474s][info][gc,start       ] GC(2252) Pause Young (Allocation Failure)
[688.512s][info][gc,heap        ] GC(2252) PSYoungGen: 134274K(221696K)->60770K(222208K) Eden: 111616K(111616K)->0K(111616K) From: 22658K(110080K)->60770K(110592K)
[688.512s][info][gc,heap        ] GC(2252) ParOldGen: 385001K(667648K)->385001K(667648K)
[688.512s][info][gc,metaspace   ] GC(2252) Metaspace: 19071K(19200K)->19071K(19200K) NonClass: 17242K(17344K)->17242K(17344K) Class: 1829K(1856K)->1829K(1856K)
[688.512s][info][gc             ] GC(2252) Pause Young (Allocation Failure) 507M->435M(869M) 38.901ms
[688.512s][info][gc,cpu         ] GC(2252) User=0.08s Sys=0.00s Real=0.03s
[688.661s][info][gc,start       ] GC(2253) Pause Young (Allocation Failure)
[688.717s][info][gc,heap        ] GC(2253) PSYoungGen: 172386K(222208K)->27104K(215552K) Eden: 111616K(111616K)->0K(112128K) From: 60770K(110592K)->27104K(103424K)
[688.717s][info][gc,heap        ] GC(2253) ParOldGen: 385001K(667648K)->446495K(667648K)
[688.717s][info][gc,metaspace   ] GC(2253) Metaspace: 19071K(19200K)->19071K(19200K) NonClass: 17242K(17344K)->17242K(17344K) Class: 1829K(1856K)->1829K(1856K)
[688.717s][info][gc             ] GC(2253) Pause Young (Allocation Failure) 544M->462M(862M) 56.704ms
[688.717s][info][gc,cpu         ] GC(2253) User=0.11s Sys=0.00s Real=0.06s
[688.791s][info][gc,start       ] GC(2254) Pause Young (Allocation Failure)
[688.829s][info][gc,heap        ] GC(2254) PSYoungGen: 139232K(215552K)->41504K(219136K) Eden: 112128K(112128K)->0K(112128K) From: 27104K(103424K)->41504K(107008K)
[688.829s][info][gc,heap        ] GC(2254) ParOldGen: 446495K(667648K)->446495K(667648K)
[688.829s][info][gc,metaspace   ] GC(2254) Metaspace: 19071K(19200K)->19071K(19200K) NonClass: 17242K(17344K)->17242K(17344K) Class: 1829K(1856K)->1829K(1856K)
[688.829s][info][gc             ] GC(2254) Pause Young (Allocation Failure) 571M->476M(866M) 38.307ms
[688.829s][info][gc,cpu         ] GC(2254) User=0.07s Sys=0.00s Real=0.04s
[688.994s][info][gc,start       ] GC(2255) Pause Young (Allocation Failure)
[689.069s][info][gc,heap        ] GC(2255) PSYoungGen: 153632K(219136K)->66800K(219648K) Eden: 112128K(112128K)->0K(117760K) From: 41504K(107008K)->66800K(101888K)
[689.069s][info][gc,heap        ] GC(2255) ParOldGen: 446495K(667648K)->446495K(667648K)
[689.069s][info][gc,metaspace   ] GC(2255) Metaspace: 19071K(19200K)->19071K(19200K) NonClass: 17242K(17344K)->17242K(17344K) Class: 1829K(1856K)->1829K(1856K)
[689.069s][info][gc             ] GC(2255) Pause Young (Allocation Failure) 586M->501M(866M) 75.325ms
[689.069s][info][gc,cpu         ] GC(2255) User=0.15s Sys=0.00s Real=0.07s
[689.225s][info][gc,start       ] GC(2256) Pause Young (Allocation Failure)
[689.319s][info][gc,heap        ] GC(2256) PSYoungGen: 184560K(219648K)->94400K(212480K) Eden: 117760K(117760K)->0K(117760K) From: 66800K(101888K)->94400K(94720K)
[689.319s][info][gc,heap        ] GC(2256) ParOldGen: 446495K(667648K)->446495K(667648K)
[689.319s][info][gc,metaspace   ] GC(2256) Metaspace: 19071K(19200K)->19071K(19200K) NonClass: 17242K(17344K)->17242K(17344K) Class: 1829K(1856K)->1829K(1856K)
[689.319s][info][gc             ] GC(2256) Pause Young (Allocation Failure) 616M->528M(859M) 94.829ms
[689.320s][info][gc,cpu         ] GC(2256) User=0.19s Sys=0.00s Real=0.09s
[689.460s][info][gc,start       ] GC(2257) Pause Young (Allocation Failure)
[689.571s][info][gc,heap        ] GC(2257) PSYoungGen: 212160K(212480K)->68160K(222720K) Eden: 117760K(117760K)->0K(111616K) From: 94400K(94720K)->68160K(111104K)
[689.571s][info][gc,heap        ] GC(2257) ParOldGen: 446495K(667648K)->488263K(667648K)
[689.571s][info][gc,metaspace   ] GC(2257) Metaspace: 19071K(19200K)->19071K(19200K) NonClass: 17242K(17344K)->17242K(17344K) Class: 1829K(1856K)->1829K(1856K)
[689.571s][info][gc             ] GC(2257) Pause Young (Allocation Failure) 643M->543M(869M) 111.077ms
[689.571s][info][gc,cpu         ] GC(2257) User=0.22s Sys=0.00s Real=0.11s
[689.656s][info][gc,start       ] GC(2258) Pause Young (Allocation Failure)
[689.734s][info][gc,heap        ] GC(2258) PSYoungGen: 179776K(222720K)->16224K(222720K) Eden: 111616K(111616K)->0K(111616K) From: 68160K(111104K)->16224K(111104K)
[689.734s][info][gc,heap        ] GC(2258) ParOldGen: 488263K(667648K)->541295K(667648K)
[689.734s][info][gc,metaspace   ] GC(2258) Metaspace: 19071K(19200K)->19071K(19200K) NonClass: 17242K(17344K)->17242K(17344K) Class: 1829K(1856K)->1829K(1856K)
[689.734s][info][gc             ] GC(2258) Pause Young (Allocation Failure) 652M->544M(869M) 78.167ms
[689.734s][info][gc,cpu         ] GC(2258) User=0.16s Sys=0.00s Real=0.08s
[689.848s][info][gc,start       ] GC(2259) Pause Young (Allocation Failure)
[689.870s][info][gc,heap        ] GC(2259) PSYoungGen: 127840K(222720K)->192K(222720K) Eden: 111616K(111616K)->0K(111616K) From: 16224K(111104K)->192K(111104K)
[689.870s][info][gc,heap        ] GC(2259) ParOldGen: 541295K(667648K)->557319K(667648K)
[689.870s][info][gc,metaspace   ] GC(2259) Metaspace: 19071K(19200K)->19071K(19200K) NonClass: 17242K(17344K)->17242K(17344K) Class: 1829K(1856K)->1829K(1856K)
[689.870s][info][gc             ] GC(2259) Pause Young (Allocation Failure) 653M->544M(869M) 21.867ms
[689.870s][info][gc,cpu         ] GC(2259) User=0.05s Sys=0.00s Real=0.02s
[689.992s][info][gc,start       ] GC(2260) Pause Young (Allocation Failure)
[690.001s][info][gc,heap        ] GC(2260) PSYoungGen: 111808K(222720K)->4192K(222720K) Eden: 111616K(111616K)->0K(111616K) From: 192K(111104K)->4192K(111104K)
[690.001s][info][gc,heap        ] GC(2260) ParOldGen: 557319K(667648K)->557503K(667648K)
[690.001s][info][gc,metaspace   ] GC(2260) Metaspace: 19071K(19200K)->19071K(19200K) NonClass: 17242K(17344K)->17242K(17344K) Class: 1829K(1856K)->1829K(1856K)
[690.001s][info][gc             ] GC(2260) Pause Young (Allocation Failure) 653M->548M(869M) 9.240ms
[690.001s][info][gc,cpu         ] GC(2260) User=0.02s Sys=0.00s Real=0.01s
[690.184s][info][gc,start       ] GC(2261) Pause Young (Allocation Failure)
[690.201s][info][gc,heap        ] GC(2261) PSYoungGen: 115808K(222720K)->10368K(222720K) Eden: 111616K(111616K)->0K(111616K) From: 4192K(111104K)->10368K(111104K)
[690.201s][info][gc,heap        ] GC(2261) ParOldGen: 557503K(667648K)->561679K(667648K)
[690.201s][info][gc,metaspace   ] GC(2261) Metaspace: 19071K(19200K)->19071K(19200K) NonClass: 17242K(17344K)->17242K(17344K) Class: 1829K(1856K)->1829K(1856K)
[690.201s][info][gc             ] GC(2261) Pause Young (Allocation Failure) 657M->558M(869M) 17.599ms
[690.201s][info][gc,cpu         ] GC(2261) User=0.03s Sys=0.00s Real=0.01s
[690.338s][info][gc,start       ] GC(2262) Pause Young (Allocation Failure)
[690.369s][info][gc,heap        ] GC(2262) PSYoungGen: 121984K(222720K)->18304K(130048K) Eden: 111616K(111616K)->0K(111616K) From: 10368K(111104K)->18304K(18432K)
[690.369s][info][gc,heap        ] GC(2262) ParOldGen: 561679K(667648K)->572055K(667648K)
[690.369s][info][gc,metaspace   ] GC(2262) Metaspace: 19071K(19200K)->19071K(19200K) NonClass: 17242K(17344K)->17242K(17344K) Class: 1829K(1856K)->1829K(1856K)
[690.369s][info][gc             ] GC(2262) Pause Young (Allocation Failure) 667M->576M(779M) 30.931ms
[690.369s][info][gc,cpu         ] GC(2262) User=0.06s Sys=0.00s Real=0.03s
[690.744s][info][gc,start       ] GC(2263) Pause Young (Allocation Failure)
[690.763s][info][gc,heap        ] GC(2263) PSYoungGen: 129920K(130048K)->18336K(221696K) Eden: 111616K(111616K)->0K(117248K) From: 18304K(18432K)->18336K(104448K)
[690.763s][info][gc,heap        ] GC(2263) ParOldGen: 572055K(667648K)->572055K(667648K)
[690.763s][info][gc,metaspace   ] GC(2263) Metaspace: 19071K(19200K)->19071K(19200K) NonClass: 17242K(17344K)->17242K(17344K) Class: 1829K(1856K)->1829K(1856K)
[690.763s][info][gc             ] GC(2263) Pause Young (Allocation Failure) 685M->576M(868M) 18.897ms
[690.763s][info][gc,cpu         ] GC(2263) User=0.04s Sys=0.00s Real=0.01s
[691.044s][info][gc,start       ] GC(2264) Pause Young (Allocation Failure)
[691.063s][info][gc,heap        ] GC(2264) PSYoungGen: 135584K(221696K)->18368K(220160K) Eden: 117248K(117248K)->0K(117248K) From: 18336K(104448K)->18368K(102912K)
[691.063s][info][gc,heap        ] GC(2264) ParOldGen: 572055K(667648K)->572055K(667648K)
[691.063s][info][gc,metaspace   ] GC(2264) Metaspace: 19071K(19200K)->19071K(19200K) NonClass: 17242K(17344K)->17242K(17344K) Class: 1829K(1856K)->1829K(1856K)
[691.063s][info][gc             ] GC(2264) Pause Young (Allocation Failure) 691M->576M(867M) 19.085ms
[691.063s][info][gc,cpu         ] GC(2264) User=0.04s Sys=0.00s Real=0.01s
[691.363s][info][gc,start       ] GC(2265) Pause Young (Allocation Failure)
[691.383s][info][gc,heap        ] GC(2265) PSYoungGen: 135616K(220160K)->18368K(211456K) Eden: 117248K(117248K)->0K(123392K) From: 18368K(102912K)->18368K(88064K)
[691.383s][info][gc,heap        ] GC(2265) ParOldGen: 572055K(667648K)->572055K(667648K)
[691.383s][info][gc,metaspace   ] GC(2265) Metaspace: 19071K(19200K)->19071K(19200K) NonClass: 17242K(17344K)->17242K(17344K) Class: 1829K(1856K)->1829K(1856K)
[691.383s][info][gc             ] GC(2265) Pause Young (Allocation Failure) 691M->576M(858M) 20.068ms
[691.383s][info][gc,cpu         ] GC(2265) User=0.03s Sys=0.01s Real=0.02s
[691.679s][info][gc,start       ] GC(2266) Pause Young (Allocation Failure)
[691.699s][info][gc,heap        ] GC(2266) PSYoungGen: 141760K(211456K)->18368K(216576K) Eden: 123392K(123392K)->0K(123392K) From: 18368K(88064K)->18368K(93184K)
[691.699s][info][gc,heap        ] GC(2266) ParOldGen: 572055K(667648K)->572055K(667648K)
[691.699s][info][gc,metaspace   ] GC(2266) Metaspace: 19071K(19200K)->19071K(19200K) NonClass: 17242K(17344K)->17242K(17344K) Class: 1829K(1856K)->1829K(1856K)
[691.699s][info][gc             ] GC(2266) Pause Young (Allocation Failure) 697M->576M(863M) 19.227ms
[691.699s][info][gc,cpu         ] GC(2266) User=0.04s Sys=0.00s Real=0.02s
[691.971s][info][gc,start       ] GC(2267) Pause Young (Allocation Failure)
[691.991s][info][gc,heap        ] GC(2267) PSYoungGen: 141760K(216576K)->18368K(208384K) Eden: 123392K(123392K)->0K(129024K) From: 18368K(93184K)->18368K(79360K)
[691.991s][info][gc,heap        ] GC(2267) ParOldGen: 572055K(667648K)->572055K(667648K)
[691.991s][info][gc,metaspace   ] GC(2267) Metaspace: 19071K(19200K)->19071K(19200K) NonClass: 17242K(17344K)->17242K(17344K) Class: 1829K(1856K)->1829K(1856K)
[691.991s][info][gc             ] GC(2267) Pause Young (Allocation Failure) 697M->576M(855M) 20.146ms
[691.991s][info][gc,cpu         ] GC(2267) User=0.04s Sys=0.00s Real=0.02s
[692.316s][info][gc,start       ] GC(2268) Pause Young (Allocation Failure)
[692.344s][info][gc,heap        ] GC(2268) PSYoungGen: 147392K(208384K)->18400K(212992K) Eden: 129024K(129024K)->0K(129024K) From: 18368K(79360K)->18400K(83968K)
[692.344s][info][gc,heap        ] GC(2268) ParOldGen: 572055K(667648K)->572055K(667648K)
[692.344s][info][gc,metaspace   ] GC(2268) Metaspace: 19071K(19200K)->19071K(19200K) NonClass: 17242K(17344K)->17242K(17344K) Class: 1829K(1856K)->1829K(1856K)
[692.344s][info][gc             ] GC(2268) Pause Young (Allocation Failure) 702M->576M(860M) 28.967ms
[692.345s][info][gc,cpu         ] GC(2268) User=0.06s Sys=0.00s Real=0.03s
[692.550s][info][gc,start       ] GC(2269) Pause Young (Allocation Failure)
[692.580s][info][gc,heap        ] GC(2269) PSYoungGen: 147424K(212992K)->34176K(209920K) Eden: 129024K(129024K)->0K(134656K) From: 18400K(83968K)->34176K(75264K)
[692.580s][info][gc,heap        ] GC(2269) ParOldGen: 572055K(667648K)->572055K(667648K)
[692.580s][info][gc,metaspace   ] GC(2269) Metaspace: 19071K(19200K)->19071K(19200K) NonClass: 17242K(17344K)->17242K(17344K) Class: 1829K(1856K)->1829K(1856K)
[692.580s][info][gc             ] GC(2269) Pause Young (Allocation Failure) 702M->592M(857M) 29.893ms
[692.580s][info][gc,cpu         ] GC(2269) User=0.06s Sys=0.00s Real=0.03s
[692.644s][info][gc,start       ] GC(2270) Pause Young (Allocation Failure)
[692.708s][info][gc,heap        ] GC(2270) PSYoungGen: 168832K(209920K)->77296K(211968K) Eden: 134656K(134656K)->0K(134656K) From: 34176K(75264K)->77296K(77312K)
[692.708s][info][gc,heap        ] GC(2270) ParOldGen: 572055K(667648K)->580183K(667648K)
[692.708s][info][gc,metaspace   ] GC(2270) Metaspace: 19071K(19200K)->19071K(19200K) NonClass: 17242K(17344K)->17242K(17344K) Class: 1829K(1856K)->1829K(1856K)
[692.708s][info][gc             ] GC(2270) Pause Young (Allocation Failure) 723M->642M(859M) 63.971ms
[692.708s][info][gc,cpu         ] GC(2270) User=0.12s Sys=0.00s Real=0.06s
[692.907s][info][gc,start       ] GC(2271) Pause Young (Allocation Failure)
[692.987s][info][gc,heap        ] GC(2271) PSYoungGen: 211952K(211968K)->71840K(223232K) Eden: 134656K(134656K)->0K(129024K) From: 77296K(77312K)->71840K(94208K)
[692.987s][info][gc,heap        ] GC(2271) ParOldGen: 580183K(667648K)->598560K(667648K)
[692.987s][info][gc,metaspace   ] GC(2271) Metaspace: 19071K(19200K)->19071K(19200K) NonClass: 17242K(17344K)->17242K(17344K) Class: 1829K(1856K)->1829K(1856K)
[692.987s][info][gc             ] GC(2271) Pause Young (Allocation Failure) 773M->654M(870M) 79.314ms
[692.987s][info][gc,cpu         ] GC(2271) User=0.14s Sys=0.02s Real=0.08s
[693.177s][info][gc,start       ] GC(2272) Pause Young (Allocation Failure)
[693.258s][info][gc,heap        ] GC(2272) PSYoungGen: 200864K(223232K)->92864K(222208K) Eden: 129024K(129024K)->0K(129024K) From: 71840K(94208K)->92864K(93184K)
[693.258s][info][gc,heap        ] GC(2272) ParOldGen: 598560K(667648K)->598560K(667648K)
[693.258s][info][gc,metaspace   ] GC(2272) Metaspace: 19071K(19200K)->19071K(19200K) NonClass: 17242K(17344K)->17242K(17344K) Class: 1829K(1856K)->1829K(1856K)
[693.258s][info][gc             ] GC(2272) Pause Young (Allocation Failure) 780M->675M(869M) 81.693ms
[693.258s][info][gc,cpu         ] GC(2272) User=0.16s Sys=0.00s Real=0.08s
[693.403s][info][gc,start       ] GC(2273) Pause Young (Allocation Failure)
[693.519s][info][gc,heap        ] GC(2273) PSYoungGen: 221888K(222208K)->111072K(222720K) Eden: 129024K(129024K)->0K(111616K) From: 92864K(93184K)->111072K(111104K)
[693.519s][info][gc,heap        ] GC(2273) ParOldGen: 598560K(667648K)->606816K(667648K)
[693.519s][info][gc,metaspace   ] GC(2273) Metaspace: 19071K(19200K)->19071K(19200K) NonClass: 17242K(17344K)->17242K(17344K) Class: 1829K(1856K)->1829K(1856K)
[693.519s][info][gc             ] GC(2273) Pause Young (Allocation Failure) 801M->701M(869M) 116.753ms
[693.519s][info][gc,cpu         ] GC(2273) User=0.22s Sys=0.02s Real=0.12s
[693.641s][info][gc,start       ] GC(2274) Pause Young (Allocation Failure)
[693.776s][info][gc,heap        ] GC(2274) PSYoungGen: 222688K(222720K)->111072K(222720K) Eden: 111616K(111616K)->0K(111616K) From: 111072K(111104K)->111072K(111104K)
[693.776s][info][gc,heap        ] GC(2274) ParOldGen: 606816K(667648K)->622072K(667648K)
[693.776s][info][gc,metaspace   ] GC(2274) Metaspace: 19071K(19200K)->19071K(19200K) NonClass: 17242K(17344K)->17242K(17344K) Class: 1829K(1856K)->1829K(1856K)
[693.776s][info][gc             ] GC(2274) Pause Young (Allocation Failure) 810M->715M(869M) 135.301ms
[693.776s][info][gc,cpu         ] GC(2274) User=0.26s Sys=0.00s Real=0.14s
[693.858s][info][gc,start       ] GC(2275) Pause Young (Allocation Failure)
[693.965s][info][gc,heap        ] GC(2275) PSYoungGen: 222688K(222720K)->95664K(222720K) Eden: 111616K(111616K)->0K(111616K) From: 111072K(111104K)->95664K(111104K)
[693.965s][info][gc,heap        ] GC(2275) ParOldGen: 622072K(667648K)->637880K(667648K)
[693.965s][info][gc,metaspace   ] GC(2275) Metaspace: 19071K(19200K)->19071K(19200K) NonClass: 17242K(17344K)->17242K(17344K) Class: 1829K(1856K)->1829K(1856K)
[693.966s][info][gc             ] GC(2275) Pause Young (Allocation Failure) 824M->716M(869M) 107.400ms
[693.966s][info][gc,cpu         ] GC(2275) User=0.19s Sys=0.02s Real=0.11s
[694.066s][info][gc,start       ] GC(2276) Pause Full (Allocation Failure)
[694.066s][info][gc,phases,start] GC(2276) Marking Phase
[694.440s][info][gc,phases      ] GC(2276) Marking Phase 373.459ms
[694.440s][info][gc,phases,start] GC(2276) Summary Phase
[694.440s][info][gc,phases      ] GC(2276) Summary Phase 0.027ms
[694.440s][info][gc,phases,start] GC(2276) Forward
[694.559s][info][gc,phases      ] GC(2276) Forward 119.762ms
[694.560s][info][gc,phases,start] GC(2276) Adjust Pointers
[694.846s][info][gc,phases      ] GC(2276) Adjust Pointers 286.709ms
[694.846s][info][gc,phases,start] GC(2276) Compaction Phase
[694.997s][info][gc,phases      ] GC(2276) Compaction Phase 150.442ms
[695.006s][info][gc,phases,start] GC(2276) Post Compact
[695.009s][info][gc,phases      ] GC(2276) Post Compact 2.558ms
[695.009s][info][gc,heap        ] GC(2276) PSYoungGen: 207280K(222720K)->0K(222720K) Eden: 111616K(111616K)->0K(111616K) From: 95664K(111104K)->0K(111104K)
[695.009s][info][gc,heap        ] GC(2276) ParOldGen: 637880K(667648K)->545362K(667648K)
[695.009s][info][gc,metaspace   ] GC(2276) Metaspace: 19071K(19200K)->19071K(19200K) NonClass: 17242K(17344K)->17242K(17344K) Class: 1829K(1856K)->1829K(1856K)
[695.009s][info][gc             ] GC(2276) Pause Full (Allocation Failure) 825M->532M(869M) 942.798ms
[695.009s][info][gc,cpu         ] GC(2276) User=1.79s Sys=0.00s Real=0.94s
[695.128s][info][gc,start       ] GC(2277) Pause Young (Allocation Failure)
[695.139s][info][gc,heap        ] GC(2277) PSYoungGen: 111616K(222720K)->6475K(222720K) Eden: 111616K(111616K)->0K(111616K) From: 0K(111104K)->6475K(111104K)
[695.139s][info][gc,heap        ] GC(2277) ParOldGen: 545362K(667648K)->545362K(667648K)
[695.139s][info][gc,metaspace   ] GC(2277) Metaspace: 19071K(19200K)->19071K(19200K) NonClass: 17242K(17344K)->17242K(17344K) Class: 1829K(1856K)->1829K(1856K)
[695.139s][info][gc             ] GC(2277) Pause Young (Allocation Failure) 641M->538M(869M) 11.873ms
[695.139s][info][gc,cpu         ] GC(2277) User=0.02s Sys=0.00s Real=0.01s
[695.236s][info][gc,start       ] GC(2278) Pause Young (Allocation Failure)
[695.252s][info][gc,heap        ] GC(2278) PSYoungGen: 118091K(222720K)->15163K(222720K) Eden: 111616K(111616K)->0K(111616K) From: 6475K(111104K)->15163K(111104K)
[695.252s][info][gc,heap        ] GC(2278) ParOldGen: 545362K(667648K)->545362K(667648K)
[695.252s][info][gc,metaspace   ] GC(2278) Metaspace: 19071K(19200K)->19071K(19200K) NonClass: 17242K(17344K)->17242K(17344K) Class: 1829K(1856K)->1829K(1856K)
[695.252s][info][gc             ] GC(2278) Pause Young (Allocation Failure) 647M->547M(869M) 16.070ms
[695.252s][info][gc,cpu         ] GC(2278) User=0.04s Sys=0.00s Real=0.01s
[695.344s][info][gc,start       ] GC(2279) Pause Young (Allocation Failure)
[695.375s][info][gc,heap        ] GC(2279) PSYoungGen: 126779K(222720K)->30091K(222720K) Eden: 111616K(111616K)->0K(111616K) From: 15163K(111104K)->30091K(111104K)
[695.375s][info][gc,heap        ] GC(2279) ParOldGen: 545362K(667648K)->545362K(667648K)
[695.375s][info][gc,metaspace   ] GC(2279) Metaspace: 19071K(19200K)->19071K(19200K) NonClass: 17242K(17344K)->17242K(17344K) Class: 1829K(1856K)->1829K(1856K)
[695.375s][info][gc             ] GC(2279) Pause Young (Allocation Failure) 656M->561M(869M) 30.251ms
[695.375s][info][gc,cpu         ] GC(2279) User=0.06s Sys=0.00s Real=0.03s
[695.485s][info][gc,start       ] GC(2280) Pause Young (Allocation Failure)
[695.516s][info][gc,heap        ] GC(2280) PSYoungGen: 141707K(222720K)->22720K(222720K) Eden: 111616K(111616K)->0K(111616K) From: 30091K(111104K)->22720K(111104K)
[695.516s][info][gc,heap        ] GC(2280) ParOldGen: 545362K(667648K)->554230K(667648K)
[695.516s][info][gc,metaspace   ] GC(2280) Metaspace: 19071K(19200K)->19071K(19200K) NonClass: 17242K(17344K)->17242K(17344K) Class: 1829K(1856K)->1829K(1856K)
[695.516s][info][gc             ] GC(2280) Pause Young (Allocation Failure) 670M->563M(869M) 31.452ms
[695.516s][info][gc,cpu         ] GC(2280) User=0.06s Sys=0.00s Real=0.03s
[695.592s][info][gc,start       ] GC(2281) Pause Young (Allocation Failure)
[695.643s][info][gc,heap        ] GC(2281) PSYoungGen: 134336K(222720K)->31456K(222720K) Eden: 111616K(111616K)->0K(111616K) From: 22720K(111104K)->31456K(111104K)
[695.643s][info][gc,heap        ] GC(2281) ParOldGen: 554230K(667648K)->577014K(667648K)
[695.644s][info][gc,metaspace   ] GC(2281) Metaspace: 19071K(19200K)->19071K(19200K) NonClass: 17242K(17344K)->17242K(17344K) Class: 1829K(1856K)->1829K(1856K)
[695.644s][info][gc             ] GC(2281) Pause Young (Allocation Failure) 672M->594M(869M) 51.651ms
[695.644s][info][gc,cpu         ] GC(2281) User=0.10s Sys=0.00s Real=0.06s
[695.767s][info][gc,start       ] GC(2282) Pause Young (Allocation Failure)
[695.807s][info][gc,heap        ] GC(2282) PSYoungGen: 143072K(222720K)->12384K(222720K) Eden: 111616K(111616K)->0K(111616K) From: 31456K(111104K)->12384K(111104K)
[695.808s][info][gc,heap        ] GC(2282) ParOldGen: 577014K(667648K)->608686K(667648K)
[695.808s][info][gc,metaspace   ] GC(2282) Metaspace: 19071K(19200K)->19071K(19200K) NonClass: 17242K(17344K)->17242K(17344K) Class: 1829K(1856K)->1829K(1856K)
[695.808s][info][gc             ] GC(2282) Pause Young (Allocation Failure) 703M->606M(869M) 40.821ms
[695.808s][info][gc,cpu         ] GC(2282) User=0.08s Sys=0.00s Real=0.04s
[695.955s][info][gc,start       ] GC(2283) Pause Young (Allocation Failure)
[695.977s][info][gc,heap        ] GC(2283) PSYoungGen: 124000K(222720K)->4832K(222720K) Eden: 111616K(111616K)->0K(111616K) From: 12384K(111104K)->4832K(111104K)
[695.977s][info][gc,heap        ] GC(2283) ParOldGen: 608686K(667648K)->621062K(667648K)
[695.977s][info][gc,metaspace   ] GC(2283) Metaspace: 19071K(19200K)->19071K(19200K) NonClass: 17242K(17344K)->17242K(17344K) Class: 1829K(1856K)->1829K(1856K)
[695.977s][info][gc             ] GC(2283) Pause Young (Allocation Failure) 715M->611M(869M) 21.848ms
[695.977s][info][gc,cpu         ] GC(2283) User=0.04s Sys=0.00s Real=0.02s
[696.239s][info][gc,start       ] GC(2284) Pause Young (Allocation Failure)
[696.250s][info][gc,heap        ] GC(2284) PSYoungGen: 116448K(222720K)->3328K(222720K) Eden: 111616K(111616K)->0K(111616K) From: 4832K(111104K)->3328K(111104K)
[696.250s][info][gc,heap        ] GC(2284) ParOldGen: 621062K(667648K)->625902K(667648K)
[696.250s][info][gc,metaspace   ] GC(2284) Metaspace: 19071K(19200K)->19071K(19200K) NonClass: 17242K(17344K)->17242K(17344K) Class: 1829K(1856K)->1829K(1856K)
[696.250s][info][gc             ] GC(2284) Pause Young (Allocation Failure) 720M->614M(869M) 10.758ms
[696.250s][info][gc,cpu         ] GC(2284) User=0.02s Sys=0.00s Real=0.01s
[696.539s][info][gc,start       ] GC(2285) Pause Young (Allocation Failure)
[696.547s][info][gc,heap        ] GC(2285) PSYoungGen: 114944K(222720K)->1376K(222720K) Eden: 111616K(111616K)->0K(111616K) From: 3328K(111104K)->1376K(111104K)
[696.547s][info][gc,heap        ] GC(2285) ParOldGen: 625902K(667648K)->629214K(667648K)
[696.547s][info][gc,metaspace   ] GC(2285) Metaspace: 19071K(19200K)->19071K(19200K) NonClass: 17242K(17344K)->17242K(17344K) Class: 1829K(1856K)->1829K(1856K)
[696.547s][info][gc             ] GC(2285) Pause Young (Allocation Failure) 723M->615M(869M) 7.461ms
[696.547s][info][gc,cpu         ] GC(2285) User=0.02s Sys=0.01s Real=0.01s
[696.669s][info][gc,start       ] GC(2286) Pause Full (Allocation Failure)
[696.669s][info][gc,phases,start] GC(2286) Marking Phase
[696.992s][info][gc,phases      ] GC(2286) Marking Phase 323.261ms
[696.992s][info][gc,phases,start] GC(2286) Summary Phase
[696.992s][info][gc,phases      ] GC(2286) Summary Phase 0.026ms
[696.992s][info][gc,phases,start] GC(2286) Forward
[697.067s][info][gc,phases      ] GC(2286) Forward 74.691ms
[697.067s][info][gc,phases,start] GC(2286) Adjust Pointers
[697.298s][info][gc,phases      ] GC(2286) Adjust Pointers 230.692ms
[697.298s][info][gc,phases,start] GC(2286) Compaction Phase
[697.419s][info][gc,phases      ] GC(2286) Compaction Phase 121.597ms
[697.426s][info][gc,phases,start] GC(2286) Post Compact
[697.429s][info][gc,phases      ] GC(2286) Post Compact 2.293ms
[697.429s][info][gc,heap        ] GC(2286) PSYoungGen: 112992K(222720K)->0K(222720K) Eden: 111616K(111616K)->0K(111616K) From: 1376K(111104K)->0K(111104K)
[697.429s][info][gc,heap        ] GC(2286) ParOldGen: 629214K(667648K)->458412K(667648K)
[697.429s][info][gc,metaspace   ] GC(2286) Metaspace: 19071K(19200K)->19071K(19200K) NonClass: 17242K(17344K)->17242K(17344K) Class: 1829K(1856K)->1829K(1856K)
[697.429s][info][gc             ] GC(2286) Pause Full (Allocation Failure) 724M->447M(869M) 760.075ms
[697.429s][info][gc,cpu         ] GC(2286) User=1.43s Sys=0.00s Real=0.76s
[697.585s][info][gc,start       ] GC(2287) Pause Young (Allocation Failure)
[697.592s][info][gc,heap        ] GC(2287) PSYoungGen: 111616K(222720K)->8368K(222720K) Eden: 111616K(111616K)->0K(111616K) From: 0K(111104K)->8368K(111104K)
[697.592s][info][gc,heap        ] GC(2287) ParOldGen: 458412K(667648K)->458412K(667648K)
[697.592s][info][gc,metaspace   ] GC(2287) Metaspace: 19071K(19200K)->19071K(19200K) NonClass: 17242K(17344K)->17242K(17344K) Class: 1829K(1856K)->1829K(1856K)
[697.593s][info][gc             ] GC(2287) Pause Young (Allocation Failure) 556M->455M(869M) 7.940ms
[697.593s][info][gc,cpu         ] GC(2287) User=0.02s Sys=0.00s Real=0.00s
[697.646s][info][gc,start       ] GC(2288) Pause Young (Allocation Failure)
[697.682s][info][gc,heap        ] GC(2288) PSYoungGen: 119984K(222720K)->42112K(222720K) Eden: 111616K(111616K)->0K(111616K) From: 8368K(111104K)->42112K(111104K)
[697.682s][info][gc,heap        ] GC(2288) ParOldGen: 458412K(667648K)->466812K(667648K)
[697.682s][info][gc,metaspace   ] GC(2288) Metaspace: 19071K(19200K)->19071K(19200K) NonClass: 17242K(17344K)->17242K(17344K) Class: 1829K(1856K)->1829K(1856K)
[697.682s][info][gc             ] GC(2288) Pause Young (Allocation Failure) 564M->496M(869M) 35.742ms
[697.682s][info][gc,cpu         ] GC(2288) User=0.08s Sys=0.00s Real=0.03s
[697.832s][info][gc,start       ] GC(2289) Pause Young (Allocation Failure)
[697.878s][info][gc,heap        ] GC(2289) PSYoungGen: 153728K(222720K)->29152K(213504K) Eden: 111616K(111616K)->0K(111616K) From: 42112K(111104K)->29152K(101888K)
[697.878s][info][gc,heap        ] GC(2289) ParOldGen: 466812K(667648K)->509364K(667648K)
[697.878s][info][gc,metaspace   ] GC(2289) Metaspace: 19071K(19200K)->19071K(19200K) NonClass: 17242K(17344K)->17242K(17344K) Class: 1829K(1856K)->1829K(1856K)
[697.878s][info][gc             ] GC(2289) Pause Young (Allocation Failure) 605M->525M(860M) 46.319ms
[697.878s][info][gc,cpu         ] GC(2289) User=0.09s Sys=0.00s Real=0.05s
[697.991s][info][gc,start       ] GC(2290) Pause Young (Allocation Failure)
[698.021s][info][gc,heap        ] GC(2290) PSYoungGen: 140768K(213504K)->32160K(218112K) Eden: 111616K(111616K)->0K(111616K) From: 29152K(101888K)->32160K(106496K)
[698.021s][info][gc,heap        ] GC(2290) ParOldGen: 509364K(667648K)->509364K(667648K)
[698.021s][info][gc,metaspace   ] GC(2290) Metaspace: 19071K(19200K)->19071K(19200K) NonClass: 17242K(17344K)->17242K(17344K) Class: 1829K(1856K)->1829K(1856K)
[698.021s][info][gc             ] GC(2290) Pause Young (Allocation Failure) 634M->528M(865M) 29.558ms
[698.021s][info][gc,cpu         ] GC(2290) User=0.05s Sys=0.00s Real=0.03s
[698.191s][info][gc,start       ] GC(2291) Pause Young (Allocation Failure)
[698.258s][info][gc,heap        ] GC(2291) PSYoungGen: 143776K(218112K)->64960K(214528K) Eden: 111616K(111616K)->0K(114688K) From: 32160K(106496K)->64960K(99840K)
[698.258s][info][gc,heap        ] GC(2291) ParOldGen: 509364K(667648K)->509364K(667648K)
[698.258s][info][gc,metaspace   ] GC(2291) Metaspace: 19071K(19200K)->19071K(19200K) NonClass: 17242K(17344K)->17242K(17344K) Class: 1829K(1856K)->1829K(1856K)
[698.259s][info][gc             ] GC(2291) Pause Young (Allocation Failure) 637M->560M(861M) 67.068ms
[698.259s][info][gc,cpu         ] GC(2291) User=0.13s Sys=0.00s Real=0.07s
[698.395s][info][gc,start       ] GC(2292) Pause Young (Allocation Failure)
[698.476s][info][gc,heap        ] GC(2292) PSYoungGen: 179648K(214528K)->78096K(220160K) Eden: 114688K(114688K)->0K(114688K) From: 64960K(99840K)->78096K(105472K)
[698.476s][info][gc,heap        ] GC(2292) ParOldGen: 509364K(667648K)->509364K(667648K)
[698.476s][info][gc,metaspace   ] GC(2292) Metaspace: 19071K(19200K)->19071K(19200K) NonClass: 17242K(17344K)->17242K(17344K) Class: 1829K(1856K)->1829K(1856K)
[698.476s][info][gc             ] GC(2292) Pause Young (Allocation Failure) 672M->573M(867M) 81.156ms
[698.476s][info][gc,cpu         ] GC(2292) User=0.16s Sys=0.00s Real=0.08s
[698.599s][info][gc,start       ] GC(2293) Pause Young (Allocation Failure)
[698.700s][info][gc,heap        ] GC(2293) PSYoungGen: 192784K(220160K)->60864K(222720K) Eden: 114688K(114688K)->0K(111616K) From: 78096K(105472K)->60864K(111104K)
[698.700s][info][gc,heap        ] GC(2293) ParOldGen: 509364K(667648K)->541808K(667648K)
[698.700s][info][gc,metaspace   ] GC(2293) Metaspace: 19071K(19200K)->19071K(19200K) NonClass: 17242K(17344K)->17242K(17344K) Class: 1829K(1856K)->1829K(1856K)
[698.700s][info][gc             ] GC(2293) Pause Young (Allocation Failure) 685M->588M(869M) 101.065ms
[698.700s][info][gc,cpu         ] GC(2293) User=0.20s Sys=0.00s Real=0.10s
[698.795s][info][gc,start       ] GC(2294) Pause Young (Allocation Failure)
[698.871s][info][gc,heap        ] GC(2294) PSYoungGen: 172480K(222720K)->15616K(222720K) Eden: 111616K(111616K)->0K(111616K) From: 60864K(111104K)->15616K(111104K)
[698.871s][info][gc,heap        ] GC(2294) ParOldGen: 541808K(667648K)->587864K(667648K)
[698.871s][info][gc,metaspace   ] GC(2294) Metaspace: 19071K(19200K)->19071K(19200K) NonClass: 17242K(17344K)->17242K(17344K) Class: 1829K(1856K)->1829K(1856K)
[698.871s][info][gc             ] GC(2294) Pause Young (Allocation Failure) 697M->589M(869M) 75.421ms
[698.871s][info][gc,cpu         ] GC(2294) User=0.15s Sys=0.00s Real=0.07s
[698.994s][info][gc,start       ] GC(2295) Pause Young (Allocation Failure)
[699.017s][info][gc,heap        ] GC(2295) PSYoungGen: 127232K(222720K)->224K(222720K) Eden: 111616K(111616K)->0K(111616K) From: 15616K(111104K)->224K(111104K)
[699.017s][info][gc,heap        ] GC(2295) ParOldGen: 587864K(667648K)->603528K(667648K)
[699.017s][info][gc,metaspace   ] GC(2295) Metaspace: 19071K(19200K)->19071K(19200K) NonClass: 17242K(17344K)->17242K(17344K) Class: 1829K(1856K)->1829K(1856K)
[699.017s][info][gc             ] GC(2295) Pause Young (Allocation Failure) 698M->589M(869M) 22.757ms
[699.017s][info][gc,cpu         ] GC(2295) User=0.05s Sys=0.00s Real=0.02s
[699.139s][info][gc,start       ] GC(2296) Pause Young (Allocation Failure)
[699.148s][info][gc,heap        ] GC(2296) PSYoungGen: 111840K(222720K)->4288K(116224K) Eden: 111616K(111616K)->0K(111616K) From: 224K(111104K)->4288K(4608K)
[699.148s][info][gc,heap        ] GC(2296) ParOldGen: 603528K(667648K)->603720K(667648K)
[699.148s][info][gc,metaspace   ] GC(2296) Metaspace: 19071K(19200K)->19071K(19200K) NonClass: 17242K(17344K)->17242K(17344K) Class: 1829K(1856K)->1829K(1856K)
[699.148s][info][gc             ] GC(2296) Pause Young (Allocation Failure) 698M->593M(765M) 9.286ms
[699.148s][info][gc,cpu         ] GC(2296) User=0.02s Sys=0.00s Real=0.01s
[699.310s][info][gc,start       ] GC(2297) Pause Young (Allocation Failure)
[699.326s][info][gc,heap        ] GC(2297) PSYoungGen: 115904K(116224K)->14144K(224768K) Eden: 111616K(111616K)->0K(116224K) From: 4288K(4608K)->14144K(108544K)
[699.326s][info][gc,heap        ] GC(2297) ParOldGen: 603720K(667648K)->603720K(667648K)
[699.327s][info][gc,metaspace   ] GC(2297) Metaspace: 19071K(19200K)->19071K(19200K) NonClass: 17242K(17344K)->17242K(17344K) Class: 1829K(1856K)->1829K(1856K)
[699.327s][info][gc             ] GC(2297) Pause Young (Allocation Failure) 702M->603M(871M) 16.998ms
[699.327s][info][gc,cpu         ] GC(2297) User=0.03s Sys=0.00s Real=0.02s
[699.502s][info][gc,start       ] GC(2298) Pause Young (Allocation Failure)
[699.538s][info][gc,heap        ] GC(2298) PSYoungGen: 130368K(224768K)->33584K(150016K) Eden: 116224K(116224K)->0K(116224K) From: 14144K(108544K)->33584K(33792K)
[699.538s][info][gc,heap        ] GC(2298) ParOldGen: 603720K(667648K)->603720K(667648K)
[699.538s][info][gc,metaspace   ] GC(2298) Metaspace: 19071K(19200K)->19071K(19200K) NonClass: 17242K(17344K)->17242K(17344K) Class: 1829K(1856K)->1829K(1856K)
[699.538s][info][gc             ] GC(2298) Pause Young (Allocation Failure) 716M->622M(798M) 35.935ms
[699.538s][info][gc,cpu         ] GC(2298) User=0.07s Sys=0.00s Real=0.04s
[699.931s][info][gc,start       ] GC(2299) Pause Young (Allocation Failure)
[699.977s][info][gc,heap        ] GC(2299) PSYoungGen: 149808K(150016K)->33104K(215040K) Eden: 116224K(116224K)->0K(124928K) From: 33584K(33792K)->33104K(90112K)
[699.977s][info][gc,heap        ] GC(2299) ParOldGen: 603720K(667648K)->603720K(667648K)
[699.977s][info][gc,metaspace   ] GC(2299) Metaspace: 19071K(19200K)->19071K(19200K) NonClass: 17242K(17344K)->17242K(17344K) Class: 1829K(1856K)->1829K(1856K)
[699.977s][info][gc             ] GC(2299) Pause Young (Allocation Failure) 735M->621M(862M) 45.487ms
[699.977s][info][gc,cpu         ] GC(2299) User=0.09s Sys=0.00s Real=0.05s
[700.215s][info][gc,start       ] GC(2300) Pause Young (Allocation Failure)
[700.252s][info][gc,heap        ] GC(2300) PSYoungGen: 158032K(215040K)->38656K(217088K) Eden: 124928K(124928K)->0K(124928K) From: 33104K(90112K)->38656K(92160K)
[700.252s][info][gc,heap        ] GC(2300) ParOldGen: 603720K(667648K)->603720K(667648K)
[700.252s][info][gc,metaspace   ] GC(2300) Metaspace: 19071K(19200K)->19071K(19200K) NonClass: 17242K(17344K)->17242K(17344K) Class: 1829K(1856K)->1829K(1856K)
[700.252s][info][gc             ] GC(2300) Pause Young (Allocation Failure) 743M->627M(864M) 36.980ms
[700.252s][info][gc,cpu         ] GC(2300) User=0.07s Sys=0.00s Real=0.03s
[700.366s][info][gc,start       ] GC(2301) Pause Young (Allocation Failure)
[700.429s][info][gc,heap        ] GC(2301) PSYoungGen: 163584K(217088K)->75872K(211968K) Eden: 124928K(124928K)->0K(122880K) From: 38656K(92160K)->75872K(89088K)
[700.429s][info][gc,heap        ] GC(2301) ParOldGen: 603720K(667648K)->603720K(667648K)
[700.429s][info][gc,metaspace   ] GC(2301) Metaspace: 19071K(19200K)->19071K(19200K) NonClass: 17242K(17344K)->17242K(17344K) Class: 1829K(1856K)->1829K(1856K)
[700.429s][info][gc             ] GC(2301) Pause Young (Allocation Failure) 749M->663M(859M) 62.865ms
[700.429s][info][gc,cpu         ] GC(2301) User=0.12s Sys=0.00s Real=0.06s
[700.606s][info][gc,start       ] GC(2302) Pause Young (Allocation Failure)
[700.682s][info][gc,heap        ] GC(2302) PSYoungGen: 198752K(211968K)->87952K(222720K) Eden: 122880K(122880K)->0K(122880K) From: 75872K(89088K)->87952K(99840K)
[700.682s][info][gc,heap        ] GC(2302) ParOldGen: 603720K(667648K)->603720K(667648K)
[700.682s][info][gc,metaspace   ] GC(2302) Metaspace: 19071K(19200K)->19071K(19200K) NonClass: 17242K(17344K)->17242K(17344K) Class: 1829K(1856K)->1829K(1856K)
[700.682s][info][gc             ] GC(2302) Pause Young (Allocation Failure) 783M->675M(869M) 76.446ms
[700.682s][info][gc,cpu         ] GC(2302) User=0.15s Sys=0.00s Real=0.07s
[700.876s][info][gc,start       ] GC(2303) Pause Young (Allocation Failure)
[700.953s][info][gc,heap        ] GC(2303) PSYoungGen: 210832K(222720K)->73856K(222720K) Eden: 122880K(122880K)->0K(111616K) From: 87952K(99840K)->73856K(111104K)
[700.953s][info][gc,heap        ] GC(2303) ParOldGen: 603720K(667648K)->617872K(667648K)
[700.953s][info][gc,metaspace   ] GC(2303) Metaspace: 19071K(19200K)->19071K(19200K) NonClass: 17242K(17344K)->17242K(17344K) Class: 1829K(1856K)->1829K(1856K)
[700.953s][info][gc             ] GC(2303) Pause Young (Allocation Failure) 795M->675M(869M) 77.040ms
[700.953s][info][gc,cpu         ] GC(2303) User=0.15s Sys=0.00s Real=0.07s
[701.090s][info][gc,start       ] GC(2304) Pause Young (Allocation Failure)
[701.164s][info][gc,heap        ] GC(2304) PSYoungGen: 185472K(222720K)->69584K(222720K) Eden: 111616K(111616K)->0K(111616K) From: 73856K(111104K)->69584K(111104K)
[701.164s][info][gc,heap        ] GC(2304) ParOldGen: 617872K(667648K)->636905K(667648K)
[701.164s][info][gc,metaspace   ] GC(2304) Metaspace: 19071K(19200K)->19071K(19200K) NonClass: 17242K(17344K)->17242K(17344K) Class: 1829K(1856K)->1829K(1856K)
[701.164s][info][gc             ] GC(2304) Pause Young (Allocation Failure) 784M->689M(869M) 74.436ms
[701.164s][info][gc,cpu         ] GC(2304) User=0.15s Sys=0.00s Real=0.08s
[701.262s][info][gc,start       ] GC(2305) Pause Full (Allocation Failure)
[701.262s][info][gc,phases,start] GC(2305) Marking Phase
[701.594s][info][gc,phases      ] GC(2305) Marking Phase 332.586ms
[701.594s][info][gc,phases,start] GC(2305) Summary Phase
[701.594s][info][gc,phases      ] GC(2305) Summary Phase 0.040ms
[701.594s][info][gc,phases,start] GC(2305) Forward
[701.691s][info][gc,phases      ] GC(2305) Forward 96.826ms
[701.691s][info][gc,phases,start] GC(2305) Adjust Pointers
[701.944s][info][gc,phases      ] GC(2305) Adjust Pointers 252.987ms
[701.944s][info][gc,phases,start] GC(2305) Compaction Phase
[702.079s][info][gc,phases      ] GC(2305) Compaction Phase 134.241ms
[702.087s][info][gc,phases,start] GC(2305) Post Compact
[702.089s][info][gc,phases      ] GC(2305) Post Compact 2.437ms
[702.089s][info][gc,heap        ] GC(2305) PSYoungGen: 181200K(222720K)->0K(222720K) Eden: 111616K(111616K)->0K(111616K) From: 69584K(111104K)->0K(111104K)
[702.089s][info][gc,heap        ] GC(2305) ParOldGen: 636905K(667648K)->481484K(667648K)
[702.089s][info][gc,metaspace   ] GC(2305) Metaspace: 19071K(19200K)->19071K(19200K) NonClass: 17242K(17344K)->17242K(17344K) Class: 1829K(1856K)->1829K(1856K)
[702.089s][info][gc             ] GC(2305) Pause Full (Allocation Failure) 798M->470M(869M) 827.519ms
[702.089s][info][gc,cpu         ] GC(2305) User=1.56s Sys=0.01s Real=0.83s
[702.203s][info][gc,start       ] GC(2306) Pause Young (Allocation Failure)
[702.210s][info][gc,heap        ] GC(2306) PSYoungGen: 111616K(222720K)->3040K(222720K) Eden: 111616K(111616K)->0K(111616K) From: 0K(111104K)->3040K(111104K)
[702.210s][info][gc,heap        ] GC(2306) ParOldGen: 481484K(667648K)->481484K(667648K)
[702.210s][info][gc,metaspace   ] GC(2306) Metaspace: 19071K(19200K)->19071K(19200K) NonClass: 17242K(17344K)->17242K(17344K) Class: 1829K(1856K)->1829K(1856K)
[702.210s][info][gc             ] GC(2306) Pause Young (Allocation Failure) 579M->473M(869M) 7.288ms
[702.210s][info][gc,cpu         ] GC(2306) User=0.01s Sys=0.00s Real=0.01s
[702.346s][info][gc,start       ] GC(2307) Pause Young (Allocation Failure)
[702.360s][info][gc,heap        ] GC(2307) PSYoungGen: 114656K(222720K)->13184K(222720K) Eden: 111616K(111616K)->0K(111616K) From: 3040K(111104K)->13184K(111104K)
[702.360s][info][gc,heap        ] GC(2307) ParOldGen: 481484K(667648K)->481484K(667648K)
[702.360s][info][gc,metaspace   ] GC(2307) Metaspace: 19071K(19200K)->19071K(19200K) NonClass: 17242K(17344K)->17242K(17344K) Class: 1829K(1856K)->1829K(1856K)
[702.360s][info][gc             ] GC(2307) Pause Young (Allocation Failure) 582M->483M(869M) 14.306ms
[702.360s][info][gc,cpu         ] GC(2307) User=0.03s Sys=0.00s Real=0.01s
[702.631s][info][gc,start       ] GC(2308) Pause Young (Allocation Failure)
[702.652s][info][gc,heap        ] GC(2308) PSYoungGen: 124800K(222720K)->15680K(222720K) Eden: 111616K(111616K)->0K(111616K) From: 13184K(111104K)->15680K(111104K)
[702.652s][info][gc,heap        ] GC(2308) ParOldGen: 481484K(667648K)->484492K(667648K)
[702.652s][info][gc,metaspace   ] GC(2308) Metaspace: 19071K(19200K)->19071K(19200K) NonClass: 17242K(17344K)->17242K(17344K) Class: 1829K(1856K)->1829K(1856K)
[702.652s][info][gc             ] GC(2308) Pause Young (Allocation Failure) 592M->488M(869M) 20.281ms
[702.652s][info][gc,cpu         ] GC(2308) User=0.04s Sys=0.00s Real=0.02s
[702.932s][info][gc,start       ] GC(2309) Pause Young (Allocation Failure)
[702.949s][info][gc,heap        ] GC(2309) PSYoungGen: 127296K(222720K)->64K(222720K) Eden: 111616K(111616K)->0K(111616K) From: 15680K(111104K)->64K(111104K)
[702.950s][info][gc,heap        ] GC(2309) ParOldGen: 484492K(667648K)->500119K(667648K)
[702.950s][info][gc,metaspace   ] GC(2309) Metaspace: 19071K(19200K)->19071K(19200K) NonClass: 17242K(17344K)->17242K(17344K) Class: 1829K(1856K)->1829K(1856K)
[702.950s][info][gc             ] GC(2309) Pause Young (Allocation Failure) 597M->488M(869M) 17.725ms
[702.950s][info][gc,cpu         ] GC(2309) User=0.03s Sys=0.00s Real=0.02s
[703.215s][info][gc,start       ] GC(2310) Pause Young (Allocation Failure)
[703.217s][info][gc,heap        ] GC(2310) PSYoungGen: 111680K(222720K)->64K(112128K) Eden: 111616K(111616K)->0K(111616K) From: 64K(111104K)->64K(512K)
[703.217s][info][gc,heap        ] GC(2310) ParOldGen: 500119K(667648K)->500162K(667648K)
[703.217s][info][gc,metaspace   ] GC(2310) Metaspace: 19071K(19200K)->19071K(19200K) NonClass: 17242K(17344K)->17242K(17344K) Class: 1829K(1856K)->1829K(1856K)
[703.217s][info][gc             ] GC(2310) Pause Young (Allocation Failure) 597M->488M(761M) 1.939ms
[703.217s][info][gc,cpu         ] GC(2310) User=0.00s Sys=0.00s Real=0.00s
[703.445s][info][gc,start       ] GC(2311) Pause Young (Allocation Failure)
[703.447s][info][gc,heap        ] GC(2311) PSYoungGen: 111680K(112128K)->64K(223744K) Eden: 111616K(111616K)->0K(114688K) From: 64K(512K)->64K(109056K)
[703.447s][info][gc,heap        ] GC(2311) ParOldGen: 500162K(667648K)->500162K(667648K)
[703.447s][info][gc,metaspace   ] GC(2311) Metaspace: 19071K(19200K)->19071K(19200K) NonClass: 17242K(17344K)->17242K(17344K) Class: 1829K(1856K)->1829K(1856K)
[703.447s][info][gc             ] GC(2311) Pause Young (Allocation Failure) 597M->488M(870M) 1.995ms
[703.447s][info][gc,cpu         ] GC(2311) User=0.01s Sys=0.00s Real=0.00s
[703.694s][info][gc,start       ] GC(2312) Pause Young (Allocation Failure)
[703.715s][info][gc,heap        ] GC(2312) PSYoungGen: 114752K(223744K)->6256K(121344K) Eden: 114688K(114688K)->0K(114688K) From: 64K(109056K)->6256K(6656K)
[703.715s][info][gc,heap        ] GC(2312) ParOldGen: 500162K(667648K)->500162K(667648K)
[703.715s][info][gc,metaspace   ] GC(2312) Metaspace: 19071K(19200K)->19071K(19200K) NonClass: 17242K(17344K)->17242K(17344K) Class: 1829K(1856K)->1829K(1856K)
[703.715s][info][gc             ] GC(2312) Pause Young (Allocation Failure) 600M->494M(770M) 20.893ms
[703.715s][info][gc,cpu         ] GC(2312) User=0.04s Sys=0.00s Real=0.02s
[703.774s][info][gc,start       ] GC(2313) Pause Young (Allocation Failure)
[703.810s][info][gc,heap        ] GC(2313) PSYoungGen: 120944K(121344K)->49888K(219136K) Eden: 114688K(114688K)->0K(116224K) From: 6256K(6656K)->49888K(102912K)
[703.810s][info][gc,heap        ] GC(2313) ParOldGen: 500162K(667648K)->500162K(667648K)
[703.810s][info][gc,metaspace   ] GC(2313) Metaspace: 19071K(19200K)->19071K(19200K) NonClass: 17242K(17344K)->17242K(17344K) Class: 1829K(1856K)->1829K(1856K)
[703.810s][info][gc             ] GC(2313) Pause Young (Allocation Failure) 606M->537M(866M) 35.366ms
[703.810s][info][gc,cpu         ] GC(2313) User=0.07s Sys=0.00s Real=0.03s
[703.948s][info][gc,start       ] GC(2314) Pause Young (Allocation Failure)
[703.993s][info][gc,heap        ] GC(2314) PSYoungGen: 166112K(219136K)->73664K(220672K) Eden: 116224K(116224K)->0K(116224K) From: 49888K(102912K)->73664K(104448K)
[703.993s][info][gc,heap        ] GC(2314) ParOldGen: 500162K(667648K)->500162K(667648K)
[703.993s][info][gc,metaspace   ] GC(2314) Metaspace: 19071K(19200K)->19071K(19200K) NonClass: 17242K(17344K)->17242K(17344K) Class: 1829K(1856K)->1829K(1856K)
[703.993s][info][gc             ] GC(2314) Pause Young (Allocation Failure) 650M->560M(867M) 45.313ms
[703.993s][info][gc,cpu         ] GC(2314) User=0.09s Sys=0.00s Real=0.04s
[704.096s][info][gc,start       ] GC(2315) Pause Young (Allocation Failure)
[704.144s][info][gc,heap        ] GC(2315) PSYoungGen: 189888K(220672K)->79257K(222720K) Eden: 116224K(116224K)->0K(111616K) From: 73664K(104448K)->79257K(111104K)
[704.144s][info][gc,heap        ] GC(2315) ParOldGen: 500162K(667648K)->500194K(667648K)
[704.144s][info][gc,metaspace   ] GC(2315) Metaspace: 19071K(19200K)->19071K(19200K) NonClass: 17242K(17344K)->17242K(17344K) Class: 1829K(1856K)->1829K(1856K)
[704.144s][info][gc             ] GC(2315) Pause Young (Allocation Failure) 673M->565M(869M) 47.487ms
[704.144s][info][gc,cpu         ] GC(2315) User=0.09s Sys=0.00s Real=0.05s
[704.200s][info][gc,start       ] GC(2316) Pause Young (Allocation Failure)
[704.276s][info][gc,heap        ] GC(2316) PSYoungGen: 190873K(222720K)->68697K(222720K) Eden: 111616K(111616K)->0K(111616K) From: 79257K(111104K)->68697K(111104K)
[704.276s][info][gc,heap        ] GC(2316) ParOldGen: 500194K(667648K)->550613K(667648K)
[704.276s][info][gc,metaspace   ] GC(2316) Metaspace: 19071K(19200K)->19071K(19200K) NonClass: 17242K(17344K)->17242K(17344K) Class: 1829K(1856K)->1829K(1856K)
[704.276s][info][gc             ] GC(2316) Pause Young (Allocation Failure) 674M->604M(869M) 75.856ms
[704.276s][info][gc,cpu         ] GC(2316) User=0.15s Sys=0.00s Real=0.08s
[704.368s][info][gc,start       ] GC(2317) Pause Young (Allocation Failure)
[704.463s][info][gc,heap        ] GC(2317) PSYoungGen: 180313K(222720K)->88576K(222720K) Eden: 111616K(111616K)->0K(111616K) From: 68697K(111104K)->88576K(111104K)
[704.463s][info][gc,heap        ] GC(2317) ParOldGen: 550613K(667648K)->580326K(667648K)
[704.463s][info][gc,metaspace   ] GC(2317) Metaspace: 19071K(19200K)->19071K(19200K) NonClass: 17242K(17344K)->17242K(17344K) Class: 1829K(1856K)->1829K(1856K)
[704.463s][info][gc             ] GC(2317) Pause Young (Allocation Failure) 713M->653M(869M) 94.965ms
[704.463s][info][gc,cpu         ] GC(2317) User=0.19s Sys=0.00s Real=0.09s
[704.569s][info][gc,start       ] GC(2318) Pause Young (Allocation Failure)
[704.655s][info][gc,promotion   ] GC(2318) Promotion failed
[704.655s][info][gc,heap        ] GC(2318) PSYoungGen: 200192K(222720K)->200192K(222720K) Eden: 111616K(111616K)->111616K(111616K) From: 88576K(111104K)->88576K(111104K)
[704.655s][info][gc,heap        ] GC(2318) ParOldGen: 580326K(667648K)->667645K(667648K)
[704.655s][info][gc,metaspace   ] GC(2318) Metaspace: 19071K(19200K)->19071K(19200K) NonClass: 17242K(17344K)->17242K(17344K) Class: 1829K(1856K)->1829K(1856K)
[704.655s][info][gc             ] GC(2318) Pause Young (Allocation Failure) 762M->847M(869M) 86.458ms
[704.655s][info][gc,cpu         ] GC(2318) User=0.15s Sys=0.02s Real=0.09s
[704.655s][info][gc,start       ] GC(2319) Pause Full (Allocation Failure)
[704.655s][info][gc,phases,start] GC(2319) Marking Phase
[704.971s][info][gc,phases      ] GC(2319) Marking Phase 315.567ms
[704.971s][info][gc,phases,start] GC(2319) Summary Phase
[704.971s][info][gc,phases      ] GC(2319) Summary Phase 0.030ms
[704.971s][info][gc,phases,start] GC(2319) Forward
[705.073s][info][gc,phases      ] GC(2319) Forward 102.297ms
[705.074s][info][gc,phases,start] GC(2319) Adjust Pointers
[705.325s][info][gc,phases      ] GC(2319) Adjust Pointers 251.143ms
[705.325s][info][gc,phases,start] GC(2319) Compaction Phase
[705.462s][info][gc,phases      ] GC(2319) Compaction Phase 136.883ms
[705.471s][info][gc,phases,start] GC(2319) Post Compact
[705.473s][info][gc,phases      ] GC(2319) Post Compact 2.577ms
[705.473s][info][gc,heap        ] GC(2319) PSYoungGen: 200192K(222720K)->0K(222720K) Eden: 111616K(111616K)->0K(111616K) From: 88576K(111104K)->0K(111104K)
[705.473s][info][gc,heap        ] GC(2319) ParOldGen: 667645K(667648K)->494535K(667648K)
[705.473s][info][gc,metaspace   ] GC(2319) Metaspace: 19071K(19200K)->19071K(19200K) NonClass: 17242K(17344K)->17242K(17344K) Class: 1829K(1856K)->1829K(1856K)
[705.473s][info][gc             ] GC(2319) Pause Full (Allocation Failure) 847M->482M(869M) 817.903ms
[705.473s][info][gc,cpu         ] GC(2319) User=1.54s Sys=0.01s Real=0.81s
[705.603s][info][gc,start       ] GC(2320) Pause Young (Allocation Failure)
[705.623s][info][gc,heap        ] GC(2320) PSYoungGen: 111616K(222720K)->5536K(222720K) Eden: 111616K(111616K)->0K(111616K) From: 0K(111104K)->5536K(111104K)
[705.623s][info][gc,heap        ] GC(2320) ParOldGen: 494535K(667648K)->494535K(667648K)
[705.623s][info][gc,metaspace   ] GC(2320) Metaspace: 19071K(19200K)->19071K(19200K) NonClass: 17242K(17344K)->17242K(17344K) Class: 1829K(1856K)->1829K(1856K)
[705.623s][info][gc             ] GC(2320) Pause Young (Allocation Failure) 591M->488M(869M) 20.086ms
[705.623s][info][gc,cpu         ] GC(2320) User=0.04s Sys=0.00s Real=0.02s
[705.757s][info][gc,start       ] GC(2321) Pause Young (Allocation Failure)
[705.788s][info][gc,heap        ] GC(2321) PSYoungGen: 117152K(222720K)->14816K(222720K) Eden: 111616K(111616K)->0K(111616K) From: 5536K(111104K)->14816K(111104K)
[705.789s][info][gc,heap        ] GC(2321) ParOldGen: 494535K(667648K)->499791K(667648K)
[705.789s][info][gc,metaspace   ] GC(2321) Metaspace: 19071K(19200K)->19071K(19200K) NonClass: 17242K(17344K)->17242K(17344K) Class: 1829K(1856K)->1829K(1856K)
[705.789s][info][gc             ] GC(2321) Pause Young (Allocation Failure) 597M->502M(869M) 31.676ms
[705.789s][info][gc,cpu         ] GC(2321) User=0.06s Sys=0.00s Real=0.03s
[705.930s][info][gc,start       ] GC(2322) Pause Young (Allocation Failure)
[705.949s][info][gc,heap        ] GC(2322) PSYoungGen: 126432K(222720K)->64K(222720K) Eden: 111616K(111616K)->0K(111616K) From: 14816K(111104K)->64K(111104K)
[705.949s][info][gc,heap        ] GC(2322) ParOldGen: 499791K(667648K)->514615K(667648K)
[705.949s][info][gc,metaspace   ] GC(2322) Metaspace: 19071K(19200K)->19071K(19200K) NonClass: 17242K(17344K)->17242K(17344K) Class: 1829K(1856K)->1829K(1856K)
[705.949s][info][gc             ] GC(2322) Pause Young (Allocation Failure) 611M->502M(869M) 19.899ms
[705.949s][info][gc,cpu         ] GC(2322) User=0.04s Sys=0.00s Real=0.02s
[706.089s][info][gc,start       ] GC(2323) Pause Young (Allocation Failure)
[706.091s][info][gc,heap        ] GC(2323) PSYoungGen: 111680K(222720K)->64K(222720K) Eden: 111616K(111616K)->0K(111616K) From: 64K(111104K)->64K(111104K)
[706.091s][info][gc,heap        ] GC(2323) ParOldGen: 514615K(667648K)->514615K(667648K)
[706.091s][info][gc,metaspace   ] GC(2323) Metaspace: 19071K(19200K)->19071K(19200K) NonClass: 17242K(17344K)->17242K(17344K) Class: 1829K(1856K)->1829K(1856K)
[706.091s][info][gc             ] GC(2323) Pause Young (Allocation Failure) 611M->502M(869M) 1.677ms
[706.091s][info][gc,cpu         ] GC(2323) User=0.00s Sys=0.00s Real=0.00s
[706.231s][info][gc,start       ] GC(2324) Pause Young (Allocation Failure)
[706.232s][info][gc,heap        ] GC(2324) PSYoungGen: 111680K(222720K)->64K(222720K) Eden: 111616K(111616K)->0K(111616K) From: 64K(111104K)->64K(111104K)
[706.232s][info][gc,heap        ] GC(2324) ParOldGen: 514615K(667648K)->514615K(667648K)
[706.232s][info][gc,metaspace   ] GC(2324) Metaspace: 19071K(19200K)->19071K(19200K) NonClass: 17242K(17344K)->17242K(17344K) Class: 1829K(1856K)->1829K(1856K)
[706.232s][info][gc             ] GC(2324) Pause Young (Allocation Failure) 611M->502M(869M) 1.662ms
[706.232s][info][gc,cpu         ] GC(2324) User=0.00s Sys=0.00s Real=0.00s
[706.375s][info][gc,start       ] GC(2325) Pause Young (Allocation Failure)
[706.376s][info][gc,heap        ] GC(2325) PSYoungGen: 111680K(222720K)->64K(222720K) Eden: 111616K(111616K)->0K(111616K) From: 64K(111104K)->64K(111104K)
[706.376s][info][gc,heap        ] GC(2325) ParOldGen: 514615K(667648K)->514615K(667648K)
[706.376s][info][gc,metaspace   ] GC(2325) Metaspace: 19071K(19200K)->19071K(19200K) NonClass: 17242K(17344K)->17242K(17344K) Class: 1829K(1856K)->1829K(1856K)
[706.376s][info][gc             ] GC(2325) Pause Young (Allocation Failure) 611M->502M(869M) 1.752ms
[706.376s][info][gc,cpu         ] GC(2325) User=0.01s Sys=0.00s Real=0.00s
[706.519s][info][gc,start       ] GC(2326) Pause Young (Allocation Failure)
[706.521s][info][gc,heap        ] GC(2326) PSYoungGen: 111680K(222720K)->64K(220672K) Eden: 111616K(111616K)->0K(111616K) From: 64K(111104K)->64K(109056K)
[706.521s][info][gc,heap        ] GC(2326) ParOldGen: 514615K(667648K)->514615K(667648K)
[706.521s][info][gc,metaspace   ] GC(2326) Metaspace: 19071K(19200K)->19071K(19200K) NonClass: 17242K(17344K)->17242K(17344K) Class: 1829K(1856K)->1829K(1856K)
[706.521s][info][gc             ] GC(2326) Pause Young (Allocation Failure) 611M->502M(867M) 1.852ms
[706.521s][info][gc,cpu         ] GC(2326) User=0.00s Sys=0.00s Real=0.00s
[706.663s][info][gc,start       ] GC(2327) Pause Young (Allocation Failure)
[706.665s][info][gc,heap        ] GC(2327) PSYoungGen: 111680K(220672K)->64K(112128K) Eden: 111616K(111616K)->0K(111616K) From: 64K(109056K)->64K(512K)
[706.665s][info][gc,heap        ] GC(2327) ParOldGen: 514615K(667648K)->514615K(667648K)
[706.665s][info][gc,metaspace   ] GC(2327) Metaspace: 19071K(19200K)->19071K(19200K) NonClass: 17242K(17344K)->17242K(17344K) Class: 1829K(1856K)->1829K(1856K)
[706.665s][info][gc             ] GC(2327) Pause Young (Allocation Failure) 611M->502M(761M) 1.770ms
[706.665s][info][gc,cpu         ] GC(2327) User=0.01s Sys=0.00s Real=0.01s
[706.805s][info][gc,start       ] GC(2328) Pause Young (Allocation Failure)
[706.807s][info][gc,heap        ] GC(2328) PSYoungGen: 111680K(112128K)->64K(210432K) Eden: 111616K(111616K)->0K(115200K) From: 64K(512K)->64K(95232K)
[706.807s][info][gc,heap        ] GC(2328) ParOldGen: 514615K(667648K)->514615K(667648K)
[706.807s][info][gc,metaspace   ] GC(2328) Metaspace: 19071K(19200K)->19071K(19200K) NonClass: 17242K(17344K)->17242K(17344K) Class: 1829K(1856K)->1829K(1856K)
[706.807s][info][gc             ] GC(2328) Pause Young (Allocation Failure) 611M->502M(857M) 1.706ms
[706.807s][info][gc,cpu         ] GC(2328) User=0.00s Sys=0.00s Real=0.00s
[706.959s][info][gc,start       ] GC(2329) Pause Young (Allocation Failure)
[706.961s][info][gc,heap        ] GC(2329) PSYoungGen: 115264K(210432K)->64K(115712K) Eden: 115200K(115200K)->0K(115200K) From: 64K(95232K)->64K(512K)
[706.961s][info][gc,heap        ] GC(2329) ParOldGen: 514615K(667648K)->514615K(667648K)
[706.961s][info][gc,metaspace   ] GC(2329) Metaspace: 19071K(19200K)->19071K(19200K) NonClass: 17242K(17344K)->17242K(17344K) Class: 1829K(1856K)->1829K(1856K)
[706.961s][info][gc             ] GC(2329) Pause Young (Allocation Failure) 615M->502M(765M) 1.992ms
[706.961s][info][gc,cpu         ] GC(2329) User=0.00s Sys=0.00s Real=0.00s
[707.110s][info][gc,start       ] GC(2330) Pause Young (Allocation Failure)
[707.113s][info][gc,heap        ] GC(2330) PSYoungGen: 115264K(115712K)->64K(202752K) Eden: 115200K(115200K)->0K(117760K) From: 64K(512K)->64K(84992K)
[707.113s][info][gc,heap        ] GC(2330) ParOldGen: 514615K(667648K)->514615K(667648K)
[707.113s][info][gc,metaspace   ] GC(2330) Metaspace: 19071K(19200K)->19071K(19200K) NonClass: 17242K(17344K)->17242K(17344K) Class: 1829K(1856K)->1829K(1856K)
[707.113s][info][gc             ] GC(2330) Pause Young (Allocation Failure) 615M->502M(850M) 2.705ms
[707.113s][info][gc,cpu         ] GC(2330) User=0.00s Sys=0.00s Real=0.00s
[707.265s][info][gc,start       ] GC(2331) Pause Young (Allocation Failure)
[707.267s][info][gc,heap        ] GC(2331) PSYoungGen: 117824K(202752K)->64K(118272K) Eden: 117760K(117760K)->0K(117760K) From: 64K(84992K)->64K(512K)
[707.267s][info][gc,heap        ] GC(2331) ParOldGen: 514615K(667648K)->514615K(667648K)
[707.267s][info][gc,metaspace   ] GC(2331) Metaspace: 19071K(19200K)->19071K(19200K) NonClass: 17242K(17344K)->17242K(17344K) Class: 1829K(1856K)->1829K(1856K)
[707.267s][info][gc             ] GC(2331) Pause Young (Allocation Failure) 617M->502M(767M) 2.425ms
[707.267s][info][gc,cpu         ] GC(2331) User=0.01s Sys=0.00s Real=0.00s
[707.410s][info][gc,start       ] GC(2332) Pause Young (Allocation Failure)
[707.421s][info][gc,heap        ] GC(2332) PSYoungGen: 117824K(118272K)->7520K(194048K) Eden: 117760K(117760K)->0K(120832K) From: 64K(512K)->7520K(73216K)
[707.421s][info][gc,heap        ] GC(2332) ParOldGen: 514615K(667648K)->514615K(667648K)
[707.421s][info][gc,metaspace   ] GC(2332) Metaspace: 19071K(19200K)->19071K(19200K) NonClass: 17242K(17344K)->17242K(17344K) Class: 1829K(1856K)->1829K(1856K)
[707.421s][info][gc             ] GC(2332) Pause Young (Allocation Failure) 617M->509M(841M) 10.816ms
[707.421s][info][gc,cpu         ] GC(2332) User=0.02s Sys=0.01s Real=0.01s
[707.534s][info][gc,start       ] GC(2333) Pause Young (Allocation Failure)
[707.560s][info][gc,heap        ] GC(2333) PSYoungGen: 128352K(194048K)->23488K(199680K) Eden: 120832K(120832K)->0K(120832K) From: 7520K(73216K)->23488K(78848K)
[707.560s][info][gc,heap        ] GC(2333) ParOldGen: 514615K(667648K)->514615K(667648K)
[707.560s][info][gc,metaspace   ] GC(2333) Metaspace: 19071K(19200K)->19071K(19200K) NonClass: 17242K(17344K)->17242K(17344K) Class: 1829K(1856K)->1829K(1856K)
[707.560s][info][gc             ] GC(2333) Pause Young (Allocation Failure) 627M->525M(847M) 26.248ms
[707.560s][info][gc,cpu         ] GC(2333) User=0.05s Sys=0.00s Real=0.02s
[707.683s][info][gc,start       ] GC(2334) Pause Young (Allocation Failure)
[707.721s][info][gc,heap        ] GC(2334) PSYoungGen: 144320K(199680K)->37536K(200192K) Eden: 120832K(120832K)->0K(123904K) From: 23488K(78848K)->37536K(76288K)
[707.721s][info][gc,heap        ] GC(2334) ParOldGen: 514615K(667648K)->514615K(667648K)
[707.721s][info][gc,metaspace   ] GC(2334) Metaspace: 19071K(19200K)->19071K(19200K) NonClass: 17242K(17344K)->17242K(17344K) Class: 1829K(1856K)->1829K(1856K)
[707.721s][info][gc             ] GC(2334) Pause Young (Allocation Failure) 643M->539M(847M) 38.105ms
[707.722s][info][gc,cpu         ] GC(2334) User=0.07s Sys=0.00s Real=0.04s
[707.800s][info][gc,start       ] GC(2335) Pause Young (Allocation Failure)
[707.837s][info][gc,heap        ] GC(2335) PSYoungGen: 161440K(200192K)->38016K(202752K) Eden: 123904K(123904K)->0K(123904K) From: 37536K(76288K)->38016K(78848K)
[707.837s][info][gc,heap        ] GC(2335) ParOldGen: 514615K(667648K)->514615K(667648K)
[707.837s][info][gc,metaspace   ] GC(2335) Metaspace: 19071K(19200K)->19071K(19200K) NonClass: 17242K(17344K)->17242K(17344K) Class: 1829K(1856K)->1829K(1856K)
[707.837s][info][gc             ] GC(2335) Pause Young (Allocation Failure) 660M->539M(850M) 37.486ms
[707.837s][info][gc,cpu         ] GC(2335) User=0.07s Sys=0.00s Real=0.04s
[707.937s][info][gc,start       ] GC(2336) Pause Young (Allocation Failure)
[707.989s][info][gc,heap        ] GC(2336) PSYoungGen: 161920K(202752K)->52320K(207360K) Eden: 123904K(123904K)->0K(126976K) From: 38016K(78848K)->52320K(80384K)
[707.989s][info][gc,heap        ] GC(2336) ParOldGen: 514615K(667648K)->514615K(667648K)
[707.989s][info][gc,metaspace   ] GC(2336) Metaspace: 19071K(19200K)->19071K(19200K) NonClass: 17242K(17344K)->17242K(17344K) Class: 1829K(1856K)->1829K(1856K)
[707.989s][info][gc             ] GC(2336) Pause Young (Allocation Failure) 660M->553M(854M) 52.517ms
[707.989s][info][gc,cpu         ] GC(2336) User=0.10s Sys=0.00s Real=0.05s
[708.079s][info][gc,start       ] GC(2337) Pause Young (Allocation Failure)
[708.145s][info][gc,heap        ] GC(2337) PSYoungGen: 179296K(207360K)->67296K(214016K) Eden: 126976K(126976K)->0K(126976K) From: 52320K(80384K)->67296K(87040K)
[708.145s][info][gc,heap        ] GC(2337) ParOldGen: 514615K(667648K)->514615K(667648K)
[708.145s][info][gc,metaspace   ] GC(2337) Metaspace: 19071K(19200K)->19071K(19200K) NonClass: 17242K(17344K)->17242K(17344K) Class: 1829K(1856K)->1829K(1856K)
[708.145s][info][gc             ] GC(2337) Pause Young (Allocation Failure) 677M->568M(861M) 65.560ms
[708.145s][info][gc,cpu         ] GC(2337) User=0.13s Sys=0.00s Real=0.07s
[708.238s][info][gc,start       ] GC(2338) Pause Young (Allocation Failure)
[708.330s][info][gc,heap        ] GC(2338) PSYoungGen: 194272K(214016K)->80480K(210944K) Eden: 126976K(126976K)->0K(113664K) From: 67296K(87040K)->80480K(97280K)
[708.330s][info][gc,heap        ] GC(2338) ParOldGen: 514615K(667648K)->514615K(667648K)
[708.330s][info][gc,metaspace   ] GC(2338) Metaspace: 19071K(19200K)->19071K(19200K) NonClass: 17242K(17344K)->17242K(17344K) Class: 1829K(1856K)->1829K(1856K)
[708.330s][info][gc             ] GC(2338) Pause Young (Allocation Failure) 692M->581M(858M) 92.631ms
[708.330s][info][gc,cpu         ] GC(2338) User=0.15s Sys=0.03s Real=0.09s
[708.374s][info][gc,start       ] GC(2339) Pause Young (Allocation Failure)
[708.453s][info][gc,heap        ] GC(2339) PSYoungGen: 194144K(210944K)->80704K(194560K) Eden: 113664K(113664K)->0K(113664K) From: 80480K(97280K)->80704K(80896K)
[708.453s][info][gc,heap        ] GC(2339) ParOldGen: 514615K(667648K)->514615K(667648K)
[708.453s][info][gc,metaspace   ] GC(2339) Metaspace: 19071K(19200K)->19071K(19200K) NonClass: 17242K(17344K)->17242K(17344K) Class: 1829K(1856K)->1829K(1856K)
[708.453s][info][gc             ] GC(2339) Pause Young (Allocation Failure) 692M->581M(842M) 78.816ms
[708.453s][info][gc,cpu         ] GC(2339) User=0.15s Sys=0.00s Real=0.07s
[708.536s][info][gc,start       ] GC(2340) Pause Young (Allocation Failure)
[708.621s][info][gc,heap        ] GC(2340) PSYoungGen: 194368K(194560K)->90912K(222720K) Eden: 113664K(113664K)->0K(111616K) From: 80704K(80896K)->90912K(111104K)
[708.621s][info][gc,heap        ] GC(2340) ParOldGen: 514615K(667648K)->514615K(667648K)
[708.621s][info][gc,metaspace   ] GC(2340) Metaspace: 19071K(19200K)->19071K(19200K) NonClass: 17242K(17344K)->17242K(17344K) Class: 1829K(1856K)->1829K(1856K)
[708.621s][info][gc             ] GC(2340) Pause Young (Allocation Failure) 692M->591M(869M) 85.288ms
[708.621s][info][gc,cpu         ] GC(2340) User=0.16s Sys=0.00s Real=0.08s
[708.723s][info][gc,start       ] GC(2341) Pause Young (Allocation Failure)
[708.812s][info][gc,heap        ] GC(2341) PSYoungGen: 202528K(222720K)->86416K(222720K) Eden: 111616K(111616K)->0K(111616K) From: 90912K(111104K)->86416K(111104K)
[708.812s][info][gc,heap        ] GC(2341) ParOldGen: 514615K(667648K)->522167K(667648K)
[708.812s][info][gc,metaspace   ] GC(2341) Metaspace: 19071K(19200K)->19071K(19200K) NonClass: 17242K(17344K)->17242K(17344K) Class: 1829K(1856K)->1829K(1856K)
[708.812s][info][gc             ] GC(2341) Pause Young (Allocation Failure) 700M->594M(869M) 89.154ms
[708.812s][info][gc,cpu         ] GC(2341) User=0.17s Sys=0.00s Real=0.09s
[708.881s][info][gc,start       ] GC(2342) Pause Young (Allocation Failure)
[708.980s][info][gc,heap        ] GC(2342) PSYoungGen: 198032K(222720K)->73376K(222720K) Eden: 111616K(111616K)->0K(111616K) From: 86416K(111104K)->73376K(111104K)
[708.980s][info][gc,heap        ] GC(2342) ParOldGen: 522167K(667648K)->552287K(667648K)
[708.980s][info][gc,metaspace   ] GC(2342) Metaspace: 19071K(19200K)->19071K(19200K) NonClass: 17242K(17344K)->17242K(17344K) Class: 1829K(1856K)->1829K(1856K)
[708.980s][info][gc             ] GC(2342) Pause Young (Allocation Failure) 703M->611M(869M) 98.421ms
[708.980s][info][gc,cpu         ] GC(2342) User=0.20s Sys=0.00s Real=0.10s
[709.075s][info][gc,start       ] GC(2343) Pause Young (Allocation Failure)
[709.146s][info][gc,heap        ] GC(2343) PSYoungGen: 184992K(222720K)->58640K(222720K) Eden: 111616K(111616K)->0K(111616K) From: 73376K(111104K)->58640K(111104K)
[709.146s][info][gc,heap        ] GC(2343) ParOldGen: 552287K(667648K)->567143K(667648K)
[709.146s][info][gc,metaspace   ] GC(2343) Metaspace: 19071K(19200K)->19071K(19200K) NonClass: 17242K(17344K)->17242K(17344K) Class: 1829K(1856K)->1829K(1856K)
[709.146s][info][gc             ] GC(2343) Pause Young (Allocation Failure) 720M->611M(869M) 70.872ms
[709.146s][info][gc,cpu         ] GC(2343) User=0.14s Sys=0.00s Real=0.07s
[709.340s][info][gc,start       ] GC(2344) Pause Young (Allocation Failure)
[709.414s][info][gc,heap        ] GC(2344) PSYoungGen: 170256K(222720K)->43808K(222720K) Eden: 111616K(111616K)->0K(111616K) From: 58640K(111104K)->43808K(111104K)
[709.414s][info][gc,heap        ] GC(2344) ParOldGen: 567143K(667648K)->595375K(667648K)
[709.414s][info][gc,metaspace   ] GC(2344) Metaspace: 19071K(19200K)->19071K(19200K) NonClass: 17242K(17344K)->17242K(17344K) Class: 1829K(1856K)->1829K(1856K)
[709.414s][info][gc             ] GC(2344) Pause Young (Allocation Failure) 720M->624M(869M) 74.293ms
[709.414s][info][gc,cpu         ] GC(2344) User=0.15s Sys=0.00s Real=0.08s
[709.604s][info][gc,start       ] GC(2345) Pause Young (Allocation Failure)
[709.660s][info][gc,heap        ] GC(2345) PSYoungGen: 155424K(222720K)->45264K(222720K) Eden: 111616K(111616K)->0K(111616K) From: 43808K(111104K)->45264K(111104K)
[709.660s][info][gc,heap        ] GC(2345) ParOldGen: 595375K(667648K)->605863K(667648K)
[709.660s][info][gc,metaspace   ] GC(2345) Metaspace: 19071K(19200K)->19071K(19200K) NonClass: 17242K(17344K)->17242K(17344K) Class: 1829K(1856K)->1829K(1856K)
[709.660s][info][gc             ] GC(2345) Pause Young (Allocation Failure) 733M->635M(869M) 55.603ms
[709.660s][info][gc,cpu         ] GC(2345) User=0.11s Sys=0.00s Real=0.05s
[710.048s][info][gc,start       ] GC(2346) Pause Young (Allocation Failure)
[710.093s][info][gc,heap        ] GC(2346) PSYoungGen: 156880K(222720K)->25424K(222720K) Eden: 111616K(111616K)->0K(111616K) From: 45264K(111104K)->25424K(111104K)
[710.094s][info][gc,heap        ] GC(2346) ParOldGen: 605863K(667648K)->625896K(667648K)
[710.094s][info][gc,metaspace   ] GC(2346) Metaspace: 19071K(19200K)->19071K(19200K) NonClass: 17242K(17344K)->17242K(17344K) Class: 1829K(1856K)->1829K(1856K)
[710.094s][info][gc             ] GC(2346) Pause Young (Allocation Failure) 744M->636M(869M) 45.227ms
[710.094s][info][gc,cpu         ] GC(2346) User=0.09s Sys=0.00s Real=0.05s
[710.396s][info][gc,start       ] GC(2347) Pause Full (Allocation Failure)
[710.396s][info][gc,phases,start] GC(2347) Marking Phase
[710.854s][info][gc,phases      ] GC(2347) Marking Phase 457.646ms
[710.854s][info][gc,phases,start] GC(2347) Summary Phase
[710.854s][info][gc,phases      ] GC(2347) Summary Phase 0.027ms
[710.854s][info][gc,phases,start] GC(2347) Forward
[710.877s][info][gc,phases      ] GC(2347) Forward 22.976ms
[710.877s][info][gc,phases,start] GC(2347) Adjust Pointers
[711.192s][info][gc,phases      ] GC(2347) Adjust Pointers 315.067ms
[711.192s][info][gc,phases,start] GC(2347) Compaction Phase
[711.326s][info][gc,phases      ] GC(2347) Compaction Phase 134.269ms
[711.327s][info][gc,phases,start] GC(2347) Post Compact
[711.329s][info][gc,phases      ] GC(2347) Post Compact 2.243ms
[711.329s][info][gc,heap        ] GC(2347) PSYoungGen: 137040K(222720K)->0K(222720K) Eden: 111616K(111616K)->0K(111616K) From: 25424K(111104K)->0K(111104K)
[711.329s][info][gc,heap        ] GC(2347) ParOldGen: 625896K(667648K)->650887K(667648K)
[711.329s][info][gc,metaspace   ] GC(2347) Metaspace: 19071K(19200K)->19071K(19200K) NonClass: 17242K(17344K)->17242K(17344K) Class: 1829K(1856K)->1829K(1856K)
[711.329s][info][gc             ] GC(2347) Pause Full (Allocation Failure) 745M->635M(869M) 932.692ms
[711.329s][info][gc,cpu         ] GC(2347) User=1.82s Sys=0.00s Real=0.93s
[711.610s][info][gc,start       ] GC(2348) Pause Full (Allocation Failure)
[711.610s][info][gc,phases,start] GC(2348) Marking Phase
[712.064s][info][gc,phases      ] GC(2348) Marking Phase 454.083ms
[712.064s][info][gc,phases,start] GC(2348) Summary Phase
[712.064s][info][gc,phases      ] GC(2348) Summary Phase 0.025ms
[712.064s][info][gc,phases,start] GC(2348) Forward
[712.064s][info][gc,phases      ] GC(2348) Forward 0.289ms
[712.064s][info][gc,phases,start] GC(2348) Adjust Pointers
[712.377s][info][gc,phases      ] GC(2348) Adjust Pointers 313.202ms
[712.377s][info][gc,phases,start] GC(2348) Compaction Phase
[712.508s][info][gc,phases      ] GC(2348) Compaction Phase 130.970ms
[712.508s][info][gc,phases,start] GC(2348) Post Compact
[712.511s][info][gc,phases      ] GC(2348) Post Compact 2.291ms
[712.511s][info][gc,heap        ] GC(2348) PSYoungGen: 111616K(222720K)->0K(222720K) Eden: 111616K(111616K)->0K(111616K) From: 0K(111104K)->0K(111104K)
[712.511s][info][gc,heap        ] GC(2348) ParOldGen: 650887K(667648K)->650890K(667648K)
[712.511s][info][gc,metaspace   ] GC(2348) Metaspace: 19071K(19200K)->19071K(19200K) NonClass: 17242K(17344K)->17242K(17344K) Class: 1829K(1856K)->1829K(1856K)
[712.511s][info][gc             ] GC(2348) Pause Full (Allocation Failure) 744M->635M(869M) 901.289ms
[712.511s][info][gc,cpu         ] GC(2348) User=1.76s Sys=0.00s Real=0.90s
[712.793s][info][gc,start       ] GC(2349) Pause Full (Allocation Failure)
[712.793s][info][gc,phases,start] GC(2349) Marking Phase
[713.243s][info][gc,phases      ] GC(2349) Marking Phase 449.333ms
[713.243s][info][gc,phases,start] GC(2349) Summary Phase
[713.243s][info][gc,phases      ] GC(2349) Summary Phase 0.025ms
[713.243s][info][gc,phases,start] GC(2349) Forward
[713.243s][info][gc,phases      ] GC(2349) Forward 0.331ms
[713.243s][info][gc,phases,start] GC(2349) Adjust Pointers
[713.558s][info][gc,phases      ] GC(2349) Adjust Pointers 315.170ms
[713.558s][info][gc,phases,start] GC(2349) Compaction Phase
[713.685s][info][gc,phases      ] GC(2349) Compaction Phase 126.099ms
[713.685s][info][gc,phases,start] GC(2349) Post Compact
[713.687s][info][gc,phases      ] GC(2349) Post Compact 2.256ms
[713.687s][info][gc,heap        ] GC(2349) PSYoungGen: 111616K(222720K)->0K(222720K) Eden: 111616K(111616K)->0K(111616K) From: 0K(111104K)->0K(111104K)
[713.687s][info][gc,heap        ] GC(2349) ParOldGen: 650890K(667648K)->650893K(667648K)
[713.687s][info][gc,metaspace   ] GC(2349) Metaspace: 19071K(19200K)->19071K(19200K) NonClass: 17242K(17344K)->17242K(17344K) Class: 1829K(1856K)->1829K(1856K)
[713.687s][info][gc             ] GC(2349) Pause Full (Allocation Failure) 744M->635M(869M) 893.733ms
[713.687s][info][gc,cpu         ] GC(2349) User=1.75s Sys=0.00s Real=0.90s
[713.963s][info][gc,start       ] GC(2350) Pause Full (Allocation Failure)
[713.963s][info][gc,phases,start] GC(2350) Marking Phase
[714.448s][info][gc,phases      ] GC(2350) Marking Phase 484.885ms
[714.448s][info][gc,phases,start] GC(2350) Summary Phase
[714.448s][info][gc,phases      ] GC(2350) Summary Phase 0.027ms
[714.448s][info][gc,phases,start] GC(2350) Forward
[714.448s][info][gc,phases      ] GC(2350) Forward 0.287ms
[714.448s][info][gc,phases,start] GC(2350) Adjust Pointers
[714.775s][info][gc,phases      ] GC(2350) Adjust Pointers 327.253ms
[714.775s][info][gc,phases,start] GC(2350) Compaction Phase
[714.912s][info][gc,phases      ] GC(2350) Compaction Phase 136.294ms
[714.912s][info][gc,phases,start] GC(2350) Post Compact
[714.914s][info][gc,phases      ] GC(2350) Post Compact 2.297ms
[714.914s][info][gc,heap        ] GC(2350) PSYoungGen: 111616K(222720K)->0K(222720K) Eden: 111616K(111616K)->0K(111616K) From: 0K(111104K)->0K(111104K)
[714.914s][info][gc,heap        ] GC(2350) ParOldGen: 650893K(667648K)->650895K(667648K)
[714.914s][info][gc,metaspace   ] GC(2350) Metaspace: 19071K(19200K)->19071K(19200K) NonClass: 17242K(17344K)->17242K(17344K) Class: 1829K(1856K)->1829K(1856K)
[714.914s][info][gc             ] GC(2350) Pause Full (Allocation Failure) 744M->635M(869M) 951.461ms
[714.914s][info][gc,cpu         ] GC(2350) User=1.86s Sys=0.00s Real=0.96s
[715.201s][info][gc,start       ] GC(2351) Pause Full (Allocation Failure)
[715.202s][info][gc,phases,start] GC(2351) Marking Phase
[715.689s][info][gc,phases      ] GC(2351) Marking Phase 487.167ms
[715.689s][info][gc,phases,start] GC(2351) Summary Phase
[715.689s][info][gc,phases      ] GC(2351) Summary Phase 0.027ms
[715.689s][info][gc,phases,start] GC(2351) Forward
[715.689s][info][gc,phases      ] GC(2351) Forward 0.309ms
[715.689s][info][gc,phases,start] GC(2351) Adjust Pointers
[716.009s][info][gc,phases      ] GC(2351) Adjust Pointers 320.216ms
[716.009s][info][gc,phases,start] GC(2351) Compaction Phase
[716.140s][info][gc,phases      ] GC(2351) Compaction Phase 130.834ms
[716.140s][info][gc,phases,start] GC(2351) Post Compact
[716.143s][info][gc,phases      ] GC(2351) Post Compact 2.291ms
[716.143s][info][gc,heap        ] GC(2351) PSYoungGen: 111616K(222720K)->0K(222720K) Eden: 111616K(111616K)->0K(111616K) From: 0K(111104K)->0K(111104K)
[716.143s][info][gc,heap        ] GC(2351) ParOldGen: 650895K(667648K)->650898K(667648K)
[716.143s][info][gc,metaspace   ] GC(2351) Metaspace: 19071K(19200K)->19071K(19200K) NonClass: 17242K(17344K)->17242K(17344K) Class: 1829K(1856K)->1829K(1856K)
[716.143s][info][gc             ] GC(2351) Pause Full (Allocation Failure) 744M->635M(869M) 941.299ms
[716.143s][info][gc,cpu         ] GC(2351) User=1.84s Sys=0.01s Real=0.94s
[716.411s][info][gc,start       ] GC(2352) Pause Full (Allocation Failure)
[716.411s][info][gc,phases,start] GC(2352) Marking Phase
[716.860s][info][gc,phases      ] GC(2352) Marking Phase 449.410ms
[716.860s][info][gc,phases,start] GC(2352) Summary Phase
[716.860s][info][gc,phases      ] GC(2352) Summary Phase 0.058ms
[716.860s][info][gc,phases,start] GC(2352) Forward
[716.861s][info][gc,phases      ] GC(2352) Forward 0.347ms
[716.861s][info][gc,phases,start] GC(2352) Adjust Pointers
[717.170s][info][gc,phases      ] GC(2352) Adjust Pointers 309.603ms
[717.170s][info][gc,phases,start] GC(2352) Compaction Phase
[717.297s][info][gc,phases      ] GC(2352) Compaction Phase 127.080ms
[717.298s][info][gc,phases,start] GC(2352) Post Compact
[717.300s][info][gc,phases      ] GC(2352) Post Compact 2.241ms
[717.300s][info][gc,heap        ] GC(2352) PSYoungGen: 111616K(222720K)->0K(222720K) Eden: 111616K(111616K)->0K(111616K) From: 0K(111104K)->0K(111104K)
[717.300s][info][gc,heap        ] GC(2352) ParOldGen: 650898K(667648K)->650903K(667648K)
[717.300s][info][gc,metaspace   ] GC(2352) Metaspace: 19071K(19200K)->19071K(19200K) NonClass: 17242K(17344K)->17242K(17344K) Class: 1829K(1856K)->1829K(1856K)
[717.300s][info][gc             ] GC(2352) Pause Full (Allocation Failure) 744M->635M(869M) 889.165ms
[717.300s][info][gc,cpu         ] GC(2352) User=1.74s Sys=0.00s Real=0.89s
[717.575s][info][gc,start       ] GC(2353) Pause Full (Allocation Failure)
[717.575s][info][gc,phases,start] GC(2353) Marking Phase
[717.973s][info][gc,phases      ] GC(2353) Marking Phase 397.982ms
[717.973s][info][gc,phases,start] GC(2353) Summary Phase
[717.974s][info][gc,phases      ] GC(2353) Summary Phase 0.027ms
[717.974s][info][gc,phases,start] GC(2353) Forward
[718.053s][info][gc,phases      ] GC(2353) Forward 79.045ms
[718.053s][info][gc,phases,start] GC(2353) Adjust Pointers
[718.343s][info][gc,phases      ] GC(2353) Adjust Pointers 290.753ms
[718.343s][info][gc,phases,start] GC(2353) Compaction Phase
[718.483s][info][gc,phases      ] GC(2353) Compaction Phase 139.682ms
[718.491s][info][gc,phases,start] GC(2353) Post Compact
[718.493s][info][gc,phases      ] GC(2353) Post Compact 2.274ms
[718.493s][info][gc,heap        ] GC(2353) PSYoungGen: 111616K(222720K)->0K(222720K) Eden: 111616K(111616K)->0K(111616K) From: 0K(111104K)->0K(111104K)
[718.493s][info][gc,heap        ] GC(2353) ParOldGen: 650903K(667648K)->555879K(667648K)
[718.493s][info][gc,metaspace   ] GC(2353) Metaspace: 19071K(19200K)->19071K(19200K) NonClass: 17242K(17344K)->17242K(17344K) Class: 1829K(1856K)->1829K(1856K)
[718.493s][info][gc             ] GC(2353) Pause Full (Allocation Failure) 744M->542M(869M) 917.932ms
[718.493s][info][gc,cpu         ] GC(2353) User=1.73s Sys=0.00s Real=0.91s
[718.747s][info][gc,start       ] GC(2354) Pause Young (Allocation Failure)
[718.751s][info][gc,heap        ] GC(2354) PSYoungGen: 111616K(222720K)->2496K(222720K) Eden: 111616K(111616K)->0K(111616K) From: 0K(111104K)->2496K(111104K)
[718.751s][info][gc,heap        ] GC(2354) ParOldGen: 555879K(667648K)->555879K(667648K)
[718.751s][info][gc,metaspace   ] GC(2354) Metaspace: 19071K(19200K)->19071K(19200K) NonClass: 17242K(17344K)->17242K(17344K) Class: 1829K(1856K)->1829K(1856K)
[718.751s][info][gc             ] GC(2354) Pause Young (Allocation Failure) 651M->545M(869M) 4.381ms
[718.751s][info][gc,cpu         ] GC(2354) User=0.00s Sys=0.00s Real=0.00s
[718.862s][info][gc,start       ] GC(2355) Pause Young (Allocation Failure)
[718.890s][info][gc,heap        ] GC(2355) PSYoungGen: 114112K(222720K)->37712K(222720K) Eden: 111616K(111616K)->0K(111616K) From: 2496K(111104K)->37712K(111104K)
[718.890s][info][gc,heap        ] GC(2355) ParOldGen: 555879K(667648K)->555879K(667648K)
[718.890s][info][gc,metaspace   ] GC(2355) Metaspace: 19071K(19200K)->19071K(19200K) NonClass: 17242K(17344K)->17242K(17344K) Class: 1829K(1856K)->1829K(1856K)
[718.890s][info][gc             ] GC(2355) Pause Young (Allocation Failure) 654M->579M(869M) 27.591ms
[718.890s][info][gc,cpu         ] GC(2355) User=0.06s Sys=0.01s Real=0.03s
[718.949s][info][gc,start       ] GC(2356) Pause Young (Allocation Failure)
[718.998s][info][gc,heap        ] GC(2356) PSYoungGen: 149328K(222720K)->77024K(222720K) Eden: 111616K(111616K)->0K(111616K) From: 37712K(111104K)->77024K(111104K)
[718.998s][info][gc,heap        ] GC(2356) ParOldGen: 555879K(667648K)->555879K(667648K)
[718.998s][info][gc,metaspace   ] GC(2356) Metaspace: 19071K(19200K)->19071K(19200K) NonClass: 17242K(17344K)->17242K(17344K) Class: 1829K(1856K)->1829K(1856K)
[718.998s][info][gc             ] GC(2356) Pause Young (Allocation Failure) 688M->618M(869M) 48.894ms
[718.998s][info][gc,cpu         ] GC(2356) User=0.09s Sys=0.00s Real=0.05s
[719.138s][info][gc,start       ] GC(2357) Pause Young (Allocation Failure)
[719.193s][info][gc,heap        ] GC(2357) PSYoungGen: 188640K(222720K)->52448K(222720K) Eden: 111616K(111616K)->0K(111616K) From: 77024K(111104K)->52448K(111104K)
[719.193s][info][gc,heap        ] GC(2357) ParOldGen: 555879K(667648K)->593983K(667648K)
[719.193s][info][gc,metaspace   ] GC(2357) Metaspace: 19071K(19200K)->19071K(19200K) NonClass: 17242K(17344K)->17242K(17344K) Class: 1829K(1856K)->1829K(1856K)
[719.193s][info][gc             ] GC(2357) Pause Young (Allocation Failure) 727M->631M(869M) 54.818ms
[719.193s][info][gc,cpu         ] GC(2357) User=0.11s Sys=0.00s Real=0.05s
[719.230s][info][gc,start       ] GC(2358) Pause Young (Allocation Failure)
[719.285s][info][gc,heap        ] GC(2358) PSYoungGen: 164064K(222720K)->28928K(218624K) Eden: 111616K(111616K)->0K(111616K) From: 52448K(111104K)->28928K(107008K)
[719.285s][info][gc,heap        ] GC(2358) ParOldGen: 593983K(667648K)->647015K(667648K)
[719.285s][info][gc,metaspace   ] GC(2358) Metaspace: 19071K(19200K)->19071K(19200K) NonClass: 17242K(17344K)->17242K(17344K) Class: 1829K(1856K)->1829K(1856K)
[719.285s][info][gc             ] GC(2358) Pause Young (Allocation Failure) 740M->660M(865M) 55.251ms
[719.285s][info][gc,cpu         ] GC(2358) User=0.11s Sys=0.00s Real=0.06s
[719.337s][info][gc,start       ] GC(2359) Pause Full (Allocation Failure)
[719.337s][info][gc,phases,start] GC(2359) Marking Phase
[719.689s][info][gc,phases      ] GC(2359) Marking Phase 351.649ms
[719.689s][info][gc,phases,start] GC(2359) Summary Phase
[719.689s][info][gc,phases      ] GC(2359) Summary Phase 0.028ms
[719.689s][info][gc,phases,start] GC(2359) Forward
[719.806s][info][gc,phases      ] GC(2359) Forward 117.583ms
[719.806s][info][gc,phases,start] GC(2359) Adjust Pointers
[720.072s][info][gc,phases      ] GC(2359) Adjust Pointers 264.994ms
[720.072s][info][gc,phases,start] GC(2359) Compaction Phase
[720.213s][info][gc,phases      ] GC(2359) Compaction Phase 141.335ms
[720.221s][info][gc,phases,start] GC(2359) Post Compact
[720.223s][info][gc,phases      ] GC(2359) Post Compact 2.367ms
[720.223s][info][gc,heap        ] GC(2359) PSYoungGen: 140544K(218624K)->0K(220672K) Eden: 111616K(111616K)->0K(111616K) From: 28928K(107008K)->0K(109056K)
[720.223s][info][gc,heap        ] GC(2359) ParOldGen: 647015K(667648K)->538300K(667648K)
[720.223s][info][gc,metaspace   ] GC(2359) Metaspace: 19071K(19200K)->19071K(19200K) NonClass: 17242K(17344K)->17242K(17344K) Class: 1829K(1856K)->1829K(1856K)
[720.223s][info][gc             ] GC(2359) Pause Full (Allocation Failure) 769M->525M(867M) 886.477ms
[720.223s][info][gc,cpu         ] GC(2359) User=1.67s Sys=0.00s Real=0.89s
[720.429s][info][gc,start       ] GC(2360) Pause Young (Allocation Failure)
[720.477s][info][gc,heap        ] GC(2360) PSYoungGen: 111616K(220672K)->25110K(218624K) Eden: 111616K(111616K)->0K(115712K) From: 0K(109056K)->25110K(102912K)
[720.477s][info][gc,heap        ] GC(2360) ParOldGen: 538300K(667648K)->538300K(667648K)
[720.477s][info][gc,metaspace   ] GC(2360) Metaspace: 19079K(19200K)->19079K(19200K) NonClass: 17249K(17344K)->17249K(17344K) Class: 1829K(1856K)->1829K(1856K)
[720.477s][info][gc             ] GC(2360) Pause Young (Allocation Failure) 634M->550M(865M) 47.314ms
[720.477s][info][gc,cpu         ] GC(2360) User=0.09s Sys=0.00s Real=0.05s
[720.596s][info][gc,start       ] GC(2361) Pause Young (Allocation Failure)
[720.627s][info][gc,heap        ] GC(2361) PSYoungGen: 140822K(218624K)->25174K(221696K) Eden: 115712K(115712K)->0K(115712K) From: 25110K(102912K)->25174K(105984K)
[720.627s][info][gc,heap        ] GC(2361) ParOldGen: 538300K(667648K)->538300K(667648K)
[720.627s][info][gc,metaspace   ] GC(2361) Metaspace: 19079K(19200K)->19079K(19200K) NonClass: 17249K(17344K)->17249K(17344K) Class: 1829K(1856K)->1829K(1856K)
[720.627s][info][gc             ] GC(2361) Pause Young (Allocation Failure) 663M->550M(868M) 31.235ms
[720.627s][info][gc,cpu         ] GC(2361) User=0.07s Sys=0.00s Real=0.03s
[720.742s][info][gc,start       ] GC(2362) Pause Young (Allocation Failure)
[720.774s][info][gc,heap        ] GC(2362) PSYoungGen: 140886K(221696K)->25270K(217088K) Eden: 115712K(115712K)->0K(122368K) From: 25174K(105984K)->25270K(94720K)
[720.774s][info][gc,heap        ] GC(2362) ParOldGen: 538300K(667648K)->538300K(667648K)
[720.774s][info][gc,metaspace   ] GC(2362) Metaspace: 19079K(19200K)->19079K(19200K) NonClass: 17249K(17344K)->17249K(17344K) Class: 1829K(1856K)->1829K(1856K)
[720.774s][info][gc             ] GC(2362) Pause Young (Allocation Failure) 663M->550M(864M) 31.617ms
[720.774s][info][gc,cpu         ] GC(2362) User=0.07s Sys=0.00s Real=0.04s
[720.891s][info][gc,start       ] GC(2363) Pause Young (Allocation Failure)
[720.923s][info][gc,heap        ] GC(2363) PSYoungGen: 147638K(217088K)->25398K(221184K) Eden: 122368K(122368K)->0K(122368K) From: 25270K(94720K)->25398K(98816K)
[720.923s][info][gc,heap        ] GC(2363) ParOldGen: 538300K(667648K)->538300K(667648K)
[720.923s][info][gc,metaspace   ] GC(2363) Metaspace: 19079K(19200K)->19079K(19200K) NonClass: 17249K(17344K)->17249K(17344K) Class: 1829K(1856K)->1829K(1856K)
[720.923s][info][gc             ] GC(2363) Pause Young (Allocation Failure) 669M->550M(868M) 31.885ms
[720.923s][info][gc,cpu         ] GC(2363) User=0.06s Sys=0.00s Real=0.04s
[721.047s][info][gc,start       ] GC(2364) Pause Young (Allocation Failure)
[721.080s][info][gc,heap        ] GC(2364) PSYoungGen: 147766K(221184K)->25472K(216576K) Eden: 122368K(122368K)->0K(129024K) From: 25398K(98816K)->25472K(87552K)
[721.080s][info][gc,heap        ] GC(2364) ParOldGen: 538300K(667648K)->538300K(667648K)
[721.080s][info][gc,metaspace   ] GC(2364) Metaspace: 19079K(19200K)->19079K(19200K) NonClass: 17249K(17344K)->17249K(17344K) Class: 1829K(1856K)->1829K(1856K)
[721.080s][info][gc             ] GC(2364) Pause Young (Allocation Failure) 669M->550M(863M) 32.655ms
[721.080s][info][gc,cpu         ] GC(2364) User=0.07s Sys=0.00s Real=0.03s
[721.207s][info][gc,start       ] GC(2365) Pause Young (Allocation Failure)
[721.239s][info][gc,heap        ] GC(2365) PSYoungGen: 154496K(216576K)->25558K(220672K) Eden: 129024K(129024K)->0K(129024K) From: 25472K(87552K)->25558K(91648K)
[721.239s][info][gc,heap        ] GC(2365) ParOldGen: 538300K(667648K)->538300K(667648K)
[721.239s][info][gc,metaspace   ] GC(2365) Metaspace: 19079K(19200K)->19079K(19200K) NonClass: 17249K(17344K)->17249K(17344K) Class: 1829K(1856K)->1829K(1856K)
[721.239s][info][gc             ] GC(2365) Pause Young (Allocation Failure) 676M->550M(867M) 32.155ms
[721.239s][info][gc,cpu         ] GC(2365) User=0.06s Sys=0.00s Real=0.03s
[721.365s][info][gc,start       ] GC(2366) Pause Young (Allocation Failure)
[721.398s][info][gc,heap        ] GC(2366) PSYoungGen: 154582K(220672K)->25696K(217088K) Eden: 129024K(129024K)->0K(136192K) From: 25558K(91648K)->25696K(80896K)
[721.398s][info][gc,heap        ] GC(2366) ParOldGen: 538300K(667648K)->538300K(667648K)
[721.398s][info][gc,metaspace   ] GC(2366) Metaspace: 19079K(19200K)->19079K(19200K) NonClass: 17249K(17344K)->17249K(17344K) Class: 1829K(1856K)->1829K(1856K)
[721.398s][info][gc             ] GC(2366) Pause Young (Allocation Failure) 676M->550M(864M) 33.429ms
[721.398s][info][gc,cpu         ] GC(2366) User=0.07s Sys=0.00s Real=0.03s
[721.532s][info][gc,start       ] GC(2367) Pause Young (Allocation Failure)
[721.565s][info][gc,heap        ] GC(2367) PSYoungGen: 161888K(217088K)->25782K(220672K) Eden: 136192K(136192K)->0K(136192K) From: 25696K(80896K)->25782K(84480K)
[721.565s][info][gc,heap        ] GC(2367) ParOldGen: 538300K(667648K)->538300K(667648K)
[721.565s][info][gc,metaspace   ] GC(2367) Metaspace: 19079K(19200K)->19079K(19200K) NonClass: 17249K(17344K)->17249K(17344K) Class: 1829K(1856K)->1829K(1856K)
[721.565s][info][gc             ] GC(2367) Pause Young (Allocation Failure) 683M->550M(867M) 32.986ms
[721.565s][info][gc,cpu         ] GC(2367) User=0.07s Sys=0.00s Real=0.04s
[721.707s][info][gc,start       ] GC(2368) Pause Young (Allocation Failure)
[721.740s][info][gc,heap        ] GC(2368) PSYoungGen: 161974K(220672K)->25910K(217088K) Eden: 136192K(136192K)->0K(143360K) From: 25782K(84480K)->25910K(73728K)
[721.740s][info][gc,heap        ] GC(2368) ParOldGen: 538300K(667648K)->538300K(667648K)
[721.740s][info][gc,metaspace   ] GC(2368) Metaspace: 19079K(19200K)->19079K(19200K) NonClass: 17249K(17344K)->17249K(17344K) Class: 1829K(1856K)->1829K(1856K)
[721.740s][info][gc             ] GC(2368) Pause Young (Allocation Failure) 683M->550M(864M) 33.776ms
[721.740s][info][gc,cpu         ] GC(2368) User=0.06s Sys=0.00s Real=0.03s
[721.879s][info][gc,start       ] GC(2369) Pause Young (Allocation Failure)
[721.924s][info][gc,heap        ] GC(2369) PSYoungGen: 169270K(217088K)->29536K(220672K) Eden: 143360K(143360K)->0K(143360K) From: 25910K(73728K)->29536K(77312K)
[721.924s][info][gc,heap        ] GC(2369) ParOldGen: 538300K(667648K)->538300K(667648K)
[721.924s][info][gc,metaspace   ] GC(2369) Metaspace: 19081K(19200K)->19081K(19200K) NonClass: 17252K(17344K)->17252K(17344K) Class: 1829K(1856K)->1829K(1856K)
[721.924s][info][gc             ] GC(2369) Pause Young (Allocation Failure) 690M->554M(867M) 45.243ms
[721.924s][info][gc,cpu         ] GC(2369) User=0.09s Sys=0.00s Real=0.05s
[722.105s][info][gc,start       ] GC(2370) Pause Young (Allocation Failure)
[722.170s][info][gc,heap        ] GC(2370) PSYoungGen: 172896K(220672K)->46946K(223744K) Eden: 143360K(143360K)->0K(150016K) From: 29536K(77312K)->46946K(73728K)
[722.170s][info][gc,heap        ] GC(2370) ParOldGen: 538300K(667648K)->538300K(667648K)
[722.170s][info][gc,metaspace   ] GC(2370) Metaspace: 19081K(19200K)->19081K(19200K) NonClass: 17252K(17344K)->17252K(17344K) Class: 1829K(1856K)->1829K(1856K)
[722.170s][info][gc             ] GC(2370) Pause Young (Allocation Failure) 694M->571M(870M) 64.646ms
[722.170s][info][gc,cpu         ] GC(2370) User=0.13s Sys=0.00s Real=0.06s
[722.348s][info][gc,start       ] GC(2371) Pause Young (Allocation Failure)
[722.412s][info][gc,heap        ] GC(2371) PSYoungGen: 196962K(223744K)->46946K(224768K) Eden: 150016K(150016K)->0K(150016K) From: 46946K(73728K)->46946K(74752K)
[722.412s][info][gc,heap        ] GC(2371) ParOldGen: 538300K(667648K)->538300K(667648K)
[722.412s][info][gc,metaspace   ] GC(2371) Metaspace: 19081K(19200K)->19081K(19200K) NonClass: 17252K(17344K)->17252K(17344K) Class: 1829K(1856K)->1829K(1856K)
[722.412s][info][gc             ] GC(2371) Pause Young (Allocation Failure) 718M->571M(871M) 63.885ms
[722.412s][info][gc,cpu         ] GC(2371) User=0.12s Sys=0.00s Real=0.06s
[722.591s][info][gc,start       ] GC(2372) Pause Young (Allocation Failure)
[722.655s][info][gc,heap        ] GC(2372) PSYoungGen: 196962K(224768K)->46946K(234496K) Eden: 150016K(150016K)->0K(158720K) From: 46946K(74752K)->46946K(75776K)
[722.655s][info][gc,heap        ] GC(2372) ParOldGen: 538300K(667648K)->538300K(667648K)
[722.655s][info][gc,metaspace   ] GC(2372) Metaspace: 19081K(19200K)->19081K(19200K) NonClass: 17252K(17344K)->17252K(17344K) Class: 1829K(1856K)->1829K(1856K)
[722.655s][info][gc             ] GC(2372) Pause Young (Allocation Failure) 718M->571M(881M) 63.667ms
[722.655s][info][gc,cpu         ] GC(2372) User=0.12s Sys=0.00s Real=0.07s
[722.847s][info][gc,start       ] GC(2373) Pause Young (Allocation Failure)
[722.911s][info][gc,heap        ] GC(2373) PSYoungGen: 205666K(234496K)->46978K(234496K) Eden: 158720K(158720K)->0K(158720K) From: 46946K(75776K)->46978K(75776K)
[722.911s][info][gc,heap        ] GC(2373) ParOldGen: 538300K(667648K)->538300K(667648K)
[722.911s][info][gc,metaspace   ] GC(2373) Metaspace: 19081K(19200K)->19081K(19200K) NonClass: 17252K(17344K)->17252K(17344K) Class: 1829K(1856K)->1829K(1856K)
[722.911s][info][gc             ] GC(2373) Pause Young (Allocation Failure) 726M->571M(881M) 64.143ms
[722.911s][info][gc,cpu         ] GC(2373) User=0.12s Sys=0.00s Real=0.06s
[723.067s][info][gc,start       ] GC(2374) Pause Young (Allocation Failure)
[723.152s][info][gc,heap        ] GC(2374) PSYoungGen: 205698K(234496K)->64194K(237568K) Eden: 158720K(158720K)->0K(161792K) From: 46978K(75776K)->64194K(75776K)
[723.152s][info][gc,heap        ] GC(2374) ParOldGen: 538300K(667648K)->538300K(667648K)
[723.152s][info][gc,metaspace   ] GC(2374) Metaspace: 19081K(19200K)->19081K(19200K) NonClass: 17252K(17344K)->17252K(17344K) Class: 1829K(1856K)->1829K(1856K)
[723.152s][info][gc             ] GC(2374) Pause Young (Allocation Failure) 726M->588M(884M) 84.245ms
[723.152s][info][gc,cpu         ] GC(2374) User=0.16s Sys=0.01s Real=0.08s
[723.302s][info][gc,start       ] GC(2375) Pause Young (Allocation Failure)
[723.401s][info][gc,heap        ] GC(2375) PSYoungGen: 225986K(237568K)->57355K(243712K) Eden: 161792K(161792K)->0K(161792K) From: 64194K(75776K)->57355K(81920K)
[723.401s][info][gc,heap        ] GC(2375) ParOldGen: 538300K(667648K)->563474K(667648K)
[723.401s][info][gc,metaspace   ] GC(2375) Metaspace: 19081K(19200K)->19081K(19200K) NonClass: 17252K(17344K)->17252K(17344K) Class: 1829K(1856K)->1829K(1856K)
[723.401s][info][gc             ] GC(2375) Pause Young (Allocation Failure) 746M->606M(890M) 99.507ms
[723.401s][info][gc,cpu         ] GC(2375) User=0.19s Sys=0.00s Real=0.10s
[723.504s][info][gc,start       ] GC(2376) Pause Young (Allocation Failure)
[723.576s][info][gc,heap        ] GC(2376) PSYoungGen: 219147K(243712K)->60907K(243712K) Eden: 161792K(161792K)->0K(159744K) From: 57355K(81920K)->60907K(83968K)
[723.576s][info][gc,heap        ] GC(2376) ParOldGen: 563474K(667648K)->563554K(667648K)
[723.576s][info][gc,metaspace   ] GC(2376) Metaspace: 19081K(19200K)->19081K(19200K) NonClass: 17252K(17344K)->17252K(17344K) Class: 1829K(1856K)->1829K(1856K)
[723.576s][info][gc             ] GC(2376) Pause Young (Allocation Failure) 764M->609M(890M) 72.433ms
[723.577s][info][gc,cpu         ] GC(2376) User=0.14s Sys=0.00s Real=0.07s
[723.711s][info][gc,start       ] GC(2377) Pause Young (Allocation Failure)
[723.784s][info][gc,heap        ] GC(2377) PSYoungGen: 220651K(243712K)->61323K(221184K) Eden: 159744K(159744K)->0K(159744K) From: 60907K(83968K)->61323K(61440K)
[723.784s][info][gc,heap        ] GC(2377) ParOldGen: 563554K(667648K)->563650K(667648K)
[723.784s][info][gc,metaspace   ] GC(2377) Metaspace: 19081K(19200K)->19081K(19200K) NonClass: 17252K(17344K)->17252K(17344K) Class: 1829K(1856K)->1829K(1856K)
[723.784s][info][gc             ] GC(2377) Pause Young (Allocation Failure) 765M->610M(868M) 72.843ms
[723.784s][info][gc,cpu         ] GC(2377) User=0.14s Sys=0.00s Real=0.08s
[723.917s][info][gc,start       ] GC(2378) Pause Young (Allocation Failure)
[723.992s][info][gc,heap        ] GC(2378) PSYoungGen: 221067K(221184K)->64843K(238592K) Eden: 159744K(159744K)->0K(149504K) From: 61323K(61440K)->64843K(89088K)
[723.992s][info][gc,heap        ] GC(2378) ParOldGen: 563650K(667648K)->563794K(667648K)
[723.992s][info][gc,metaspace   ] GC(2378) Metaspace: 19081K(19200K)->19081K(19200K) NonClass: 17252K(17344K)->17252K(17344K) Class: 1829K(1856K)->1829K(1856K)
[723.992s][info][gc             ] GC(2378) Pause Young (Allocation Failure) 766M->613M(885M) 74.849ms
[723.992s][info][gc,cpu         ] GC(2378) User=0.15s Sys=0.00s Real=0.07s
[724.114s][info][gc,start       ] GC(2379) Pause Young (Allocation Failure)
[724.201s][info][gc,heap        ] GC(2379) PSYoungGen: 214347K(238592K)->77643K(227328K) Eden: 149504K(149504K)->0K(149504K) From: 64843K(89088K)->77643K(77824K)
[724.201s][info][gc,heap        ] GC(2379) ParOldGen: 563794K(667648K)->563890K(667648K)
[724.201s][info][gc,metaspace   ] GC(2379) Metaspace: 19081K(19200K)->19081K(19200K) NonClass: 17252K(17344K)->17252K(17344K) Class: 1829K(1856K)->1829K(1856K)
[724.201s][info][gc             ] GC(2379) Pause Young (Allocation Failure) 759M->626M(874M) 87.345ms
[724.201s][info][gc,cpu         ] GC(2379) User=0.18s Sys=0.00s Real=0.08s
[724.323s][info][gc,start       ] GC(2380) Pause Young (Allocation Failure)
[724.458s][info][gc,heap        ] GC(2380) PSYoungGen: 227147K(227328K)->98812K(210432K) Eden: 149504K(149504K)->0K(111616K) From: 77643K(77824K)->98812K(98816K)
[724.458s][info][gc,heap        ] GC(2380) ParOldGen: 563890K(667648K)->576618K(667648K)
[724.458s][info][gc,metaspace   ] GC(2380) Metaspace: 19081K(19200K)->19081K(19200K) NonClass: 17252K(17344K)->17252K(17344K) Class: 1829K(1856K)->1829K(1856K)
[724.458s][info][gc             ] GC(2380) Pause Young (Allocation Failure) 772M->659M(857M) 134.599ms
[724.458s][info][gc,cpu         ] GC(2380) User=0.25s Sys=0.02s Real=0.14s
[724.555s][info][gc,start       ] GC(2381) Pause Young (Allocation Failure)
[724.677s][info][gc,heap        ] GC(2381) PSYoungGen: 210428K(210432K)->111072K(222720K) Eden: 111616K(111616K)->0K(111616K) From: 98812K(98816K)->111072K(111104K)
[724.677s][info][gc,heap        ] GC(2381) ParOldGen: 576618K(667648K)->579239K(667648K)
[724.677s][info][gc,metaspace   ] GC(2381) Metaspace: 19081K(19200K)->19081K(19200K) NonClass: 17252K(17344K)->17252K(17344K) Class: 1829K(1856K)->1829K(1856K)
[724.677s][info][gc             ] GC(2381) Pause Young (Allocation Failure) 768M->674M(869M) 121.528ms
[724.677s][info][gc,cpu         ] GC(2381) User=0.24s Sys=0.00s Real=0.12s
[724.783s][info][gc,start       ] GC(2382) Pause Young (Allocation Failure)
[724.913s][info][gc,heap        ] GC(2382) PSYoungGen: 222688K(222720K)->111072K(222720K) Eden: 111616K(111616K)->0K(111616K) From: 111072K(111104K)->111072K(111104K)
[724.913s][info][gc,heap        ] GC(2382) ParOldGen: 579239K(667648K)->586991K(667648K)
[724.913s][info][gc,metaspace   ] GC(2382) Metaspace: 19081K(19200K)->19081K(19200K) NonClass: 17252K(17344K)->17252K(17344K) Class: 1829K(1856K)->1829K(1856K)
[724.913s][info][gc             ] GC(2382) Pause Young (Allocation Failure) 783M->681M(869M) 129.767ms
[724.913s][info][gc,cpu         ] GC(2382) User=0.25s Sys=0.00s Real=0.13s
[725.038s][info][gc,start       ] GC(2383) Pause Young (Allocation Failure)
[725.153s][info][gc,heap        ] GC(2383) PSYoungGen: 222688K(222720K)->101856K(222720K) Eden: 111616K(111616K)->0K(111616K) From: 111072K(111104K)->101856K(111104K)
[725.153s][info][gc,heap        ] GC(2383) ParOldGen: 586991K(667648K)->596943K(667648K)
[725.153s][info][gc,metaspace   ] GC(2383) Metaspace: 19081K(19200K)->19081K(19200K) NonClass: 17252K(17344K)->17252K(17344K) Class: 1829K(1856K)->1829K(1856K)
[725.153s][info][gc             ] GC(2383) Pause Young (Allocation Failure) 790M->682M(869M) 115.729ms
[725.153s][info][gc,cpu         ] GC(2383) User=0.23s Sys=0.00s Real=0.12s
[725.279s][info][gc,start       ] GC(2384) Pause Young (Allocation Failure)
[725.379s][info][gc,heap        ] GC(2384) PSYoungGen: 213472K(222720K)->108384K(222720K) Eden: 111616K(111616K)->0K(111616K) From: 101856K(111104K)->108384K(111104K)
[725.379s][info][gc,heap        ] GC(2384) ParOldGen: 596943K(667648K)->596943K(667648K)
[725.379s][info][gc,metaspace   ] GC(2384) Metaspace: 19081K(19200K)->19081K(19200K) NonClass: 17252K(17344K)->17252K(17344K) Class: 1829K(1856K)->1829K(1856K)
[725.380s][info][gc             ] GC(2384) Pause Young (Allocation Failure) 791M->688M(869M) 100.460ms
[725.380s][info][gc,cpu         ] GC(2384) User=0.20s Sys=0.00s Real=0.10s
[725.498s][info][gc,start       ] GC(2385) Pause Young (Allocation Failure)
[725.600s][info][gc,heap        ] GC(2385) PSYoungGen: 220000K(222720K)->73888K(222720K) Eden: 111616K(111616K)->0K(111616K) From: 108384K(111104K)->73888K(111104K)
[725.600s][info][gc,heap        ] GC(2385) ParOldGen: 596943K(667648K)->631607K(667648K)
[725.600s][info][gc,metaspace   ] GC(2385) Metaspace: 19081K(19200K)->19081K(19200K) NonClass: 17252K(17344K)->17252K(17344K) Class: 1829K(1856K)->1829K(1856K)
[725.600s][info][gc             ] GC(2385) Pause Young (Allocation Failure) 797M->688M(869M) 101.967ms
[725.600s][info][gc,cpu         ] GC(2385) User=0.21s Sys=0.00s Real=0.10s
[725.674s][info][gc,start       ] GC(2386) Pause Full (Allocation Failure)
[725.674s][info][gc,phases,start] GC(2386) Marking Phase
[725.931s][info][gc,phases      ] GC(2386) Marking Phase 257.101ms
[725.932s][info][gc,phases,start] GC(2386) Summary Phase
[725.932s][info][gc,phases      ] GC(2386) Summary Phase 0.027ms
[725.932s][info][gc,phases,start] GC(2386) Forward
[726.029s][info][gc,phases      ] GC(2386) Forward 97.609ms
[726.029s][info][gc,phases,start] GC(2386) Adjust Pointers
[726.224s][info][gc,phases      ] GC(2386) Adjust Pointers 194.799ms
[726.224s][info][gc,phases,start] GC(2386) Compaction Phase
[726.334s][info][gc,phases      ] GC(2386) Compaction Phase 109.867ms
[726.346s][info][gc,phases,start] GC(2386) Post Compact
[726.348s][info][gc,phases      ] GC(2386) Post Compact 2.451ms
[726.349s][info][gc,heap        ] GC(2386) PSYoungGen: 185504K(222720K)->0K(222720K) Eden: 111616K(111616K)->0K(111616K) From: 73888K(111104K)->0K(111104K)
[726.349s][info][gc,heap        ] GC(2386) ParOldGen: 631607K(667648K)->377673K(654848K)
[726.349s][info][gc,metaspace   ] GC(2386) Metaspace: 19081K(19200K)->19081K(19200K) NonClass: 17252K(17344K)->17252K(17344K) Class: 1829K(1856K)->1829K(1856K)
[726.349s][info][gc             ] GC(2386) Pause Full (Allocation Failure) 797M->368M(857M) 675.185ms
[726.349s][info][gc,cpu         ] GC(2386) User=1.22s Sys=0.01s Real=0.67s
[726.478s][info][gc,start       ] GC(2387) Pause Young (Allocation Failure)
[726.487s][info][gc,heap        ] GC(2387) PSYoungGen: 111616K(222720K)->7072K(222720K) Eden: 111616K(111616K)->0K(111616K) From: 0K(111104K)->7072K(111104K)
[726.487s][info][gc,heap        ] GC(2387) ParOldGen: 377673K(654848K)->377673K(654848K)
[726.487s][info][gc,metaspace   ] GC(2387) Metaspace: 19081K(19200K)->19081K(19200K) NonClass: 17252K(17344K)->17252K(17344K) Class: 1829K(1856K)->1829K(1856K)
[726.487s][info][gc             ] GC(2387) Pause Young (Allocation Failure) 477M->375M(857M) 8.566ms
[726.487s][info][gc,cpu         ] GC(2387) User=0.02s Sys=0.00s Real=0.01s
[726.624s][info][gc,start       ] GC(2388) Pause Young (Allocation Failure)
[726.642s][info][gc,heap        ] GC(2388) PSYoungGen: 118688K(222720K)->16512K(222720K) Eden: 111616K(111616K)->0K(111616K) From: 7072K(111104K)->16512K(111104K)
[726.642s][info][gc,heap        ] GC(2388) ParOldGen: 377673K(654848K)->377673K(654848K)
[726.642s][info][gc,metaspace   ] GC(2388) Metaspace: 19081K(19200K)->19081K(19200K) NonClass: 17252K(17344K)->17252K(17344K) Class: 1829K(1856K)->1829K(1856K)
[726.642s][info][gc             ] GC(2388) Pause Young (Allocation Failure) 484M->384M(857M) 17.785ms
[726.642s][info][gc,cpu         ] GC(2388) User=0.03s Sys=0.00s Real=0.01s
[726.944s][info][gc,start       ] GC(2389) Pause Young (Allocation Failure)
[726.962s][info][gc,heap        ] GC(2389) PSYoungGen: 128128K(222720K)->16544K(222720K) Eden: 111616K(111616K)->0K(111616K) From: 16512K(111104K)->16544K(111104K)
[726.962s][info][gc,heap        ] GC(2389) ParOldGen: 377673K(654848K)->377673K(654848K)
[726.962s][info][gc,metaspace   ] GC(2389) Metaspace: 19081K(19200K)->19081K(19200K) NonClass: 17252K(17344K)->17252K(17344K) Class: 1829K(1856K)->1829K(1856K)
[726.962s][info][gc             ] GC(2389) Pause Young (Allocation Failure) 493M->384M(857M) 17.163ms
[726.962s][info][gc,cpu         ] GC(2389) User=0.04s Sys=0.00s Real=0.01s
[727.244s][info][gc,start       ] GC(2390) Pause Young (Allocation Failure)
[727.261s][info][gc,heap        ] GC(2390) PSYoungGen: 128160K(222720K)->16688K(222720K) Eden: 111616K(111616K)->0K(111616K) From: 16544K(111104K)->16688K(111104K)
[727.261s][info][gc,heap        ] GC(2390) ParOldGen: 377673K(654848K)->377673K(654848K)
[727.261s][info][gc,metaspace   ] GC(2390) Metaspace: 19081K(19200K)->19081K(19200K) NonClass: 17252K(17344K)->17252K(17344K) Class: 1829K(1856K)->1829K(1856K)
[727.261s][info][gc             ] GC(2390) Pause Young (Allocation Failure) 493M->385M(857M) 17.055ms
[727.261s][info][gc,cpu         ] GC(2390) User=0.03s Sys=0.00s Real=0.01s
[727.513s][info][gc,start       ] GC(2391) Pause Young (Allocation Failure)
[727.530s][info][gc,heap        ] GC(2391) PSYoungGen: 128304K(222720K)->16784K(222720K) Eden: 111616K(111616K)->0K(111616K) From: 16688K(111104K)->16784K(111104K)
[727.531s][info][gc,heap        ] GC(2391) ParOldGen: 377673K(654848K)->377673K(654848K)
[727.531s][info][gc,metaspace   ] GC(2391) Metaspace: 19081K(19200K)->19081K(19200K) NonClass: 17252K(17344K)->17252K(17344K) Class: 1829K(1856K)->1829K(1856K)
[727.531s][info][gc             ] GC(2391) Pause Young (Allocation Failure) 494M->385M(857M) 17.160ms
[727.531s][info][gc,cpu         ] GC(2391) User=0.03s Sys=0.00s Real=0.02s
[727.775s][info][gc,start       ] GC(2392) Pause Young (Allocation Failure)
[727.793s][info][gc,heap        ] GC(2392) PSYoungGen: 128400K(222720K)->752K(222720K) Eden: 111616K(111616K)->0K(111616K) From: 16784K(111104K)->752K(111104K)
[727.793s][info][gc,heap        ] GC(2392) ParOldGen: 377673K(654848K)->394185K(654848K)
[727.793s][info][gc,metaspace   ] GC(2392) Metaspace: 19081K(19200K)->19081K(19200K) NonClass: 17252K(17344K)->17252K(17344K) Class: 1829K(1856K)->1829K(1856K)
[727.793s][info][gc             ] GC(2392) Pause Young (Allocation Failure) 494M->385M(857M) 18.573ms
[727.793s][info][gc,cpu         ] GC(2392) User=0.04s Sys=0.00s Real=0.01s
[728.050s][info][gc,start       ] GC(2393) Pause Young (Allocation Failure)
[728.052s][info][gc,heap        ] GC(2393) PSYoungGen: 112368K(222720K)->160K(222720K) Eden: 111616K(111616K)->0K(111616K) From: 752K(111104K)->160K(111104K)
[728.052s][info][gc,heap        ] GC(2393) ParOldGen: 394185K(654848K)->394378K(654848K)
[728.052s][info][gc,metaspace   ] GC(2393) Metaspace: 19081K(19200K)->19081K(19200K) NonClass: 17252K(17344K)->17252K(17344K) Class: 1829K(1856K)->1829K(1856K)
[728.052s][info][gc             ] GC(2393) Pause Young (Allocation Failure) 494M->385M(857M) 2.602ms
[728.052s][info][gc,cpu         ] GC(2393) User=0.01s Sys=0.00s Real=0.00s
[728.271s][info][gc,start       ] GC(2394) Pause Young (Allocation Failure)
[728.278s][info][gc,heap        ] GC(2394) PSYoungGen: 111776K(222720K)->5664K(222720K) Eden: 111616K(111616K)->0K(111616K) From: 160K(111104K)->5664K(111104K)
[728.279s][info][gc,heap        ] GC(2394) ParOldGen: 394378K(654848K)->394506K(654848K)
[728.279s][info][gc,metaspace   ] GC(2394) Metaspace: 19081K(19200K)->19081K(19200K) NonClass: 17252K(17344K)->17252K(17344K) Class: 1829K(1856K)->1829K(1856K)
[728.279s][info][gc             ] GC(2394) Pause Young (Allocation Failure) 494M->390M(857M) 7.876ms
[728.279s][info][gc,cpu         ] GC(2394) User=0.02s Sys=0.00s Real=0.01s
[728.459s][info][gc,start       ] GC(2395) Pause Young (Allocation Failure)
[728.482s][info][gc,heap        ] GC(2395) PSYoungGen: 117280K(222720K)->22288K(222720K) Eden: 111616K(111616K)->0K(111616K) From: 5664K(111104K)->22288K(111104K)
[728.482s][info][gc,heap        ] GC(2395) ParOldGen: 394506K(654848K)->400178K(654848K)
[728.482s][info][gc,metaspace   ] GC(2395) Metaspace: 19081K(19200K)->19081K(19200K) NonClass: 17252K(17344K)->17252K(17344K) Class: 1829K(1856K)->1829K(1856K)
[728.482s][info][gc             ] GC(2395) Pause Young (Allocation Failure) 499M->412M(857M) 23.128ms
[728.482s][info][gc,cpu         ] GC(2395) User=0.05s Sys=0.00s Real=0.02s
[728.538s][info][gc,start       ] GC(2396) Pause Young (Allocation Failure)
[728.583s][info][gc,heap        ] GC(2396) PSYoungGen: 133904K(222720K)->44448K(222720K) Eden: 111616K(111616K)->0K(111616K) From: 22288K(111104K)->44448K(111104K)
[728.583s][info][gc,heap        ] GC(2396) ParOldGen: 400178K(654848K)->422674K(654848K)
[728.583s][info][gc,metaspace   ] GC(2396) Metaspace: 19081K(19200K)->19081K(19200K) NonClass: 17252K(17344K)->17252K(17344K) Class: 1829K(1856K)->1829K(1856K)
[728.583s][info][gc             ] GC(2396) Pause Young (Allocation Failure) 521M->456M(857M) 45.317ms
[728.583s][info][gc,cpu         ] GC(2396) User=0.09s Sys=0.01s Real=0.05s
[728.641s][info][gc,start       ] GC(2397) Pause Young (Allocation Failure)
[728.697s][info][gc,heap        ] GC(2397) PSYoungGen: 156064K(222720K)->43584K(222720K) Eden: 111616K(111616K)->0K(111616K) From: 44448K(111104K)->43584K(111104K)
[728.697s][info][gc,heap        ] GC(2397) ParOldGen: 422674K(654848K)->467610K(654848K)
[728.697s][info][gc,metaspace   ] GC(2397) Metaspace: 19081K(19200K)->19081K(19200K) NonClass: 17252K(17344K)->17252K(17344K) Class: 1829K(1856K)->1829K(1856K)
[728.697s][info][gc             ] GC(2397) Pause Young (Allocation Failure) 565M->499M(857M) 55.859ms
[728.697s][info][gc,cpu         ] GC(2397) User=0.11s Sys=0.00s Real=0.06s
[728.811s][info][gc,start       ] GC(2398) Pause Young (Allocation Failure)
[728.862s][info][gc,heap        ] GC(2398) PSYoungGen: 155200K(222720K)->32032K(222720K) Eden: 111616K(111616K)->0K(111616K) From: 43584K(111104K)->32032K(111104K)
[728.862s][info][gc,heap        ] GC(2398) ParOldGen: 467610K(654848K)->511711K(654848K)
[728.862s][info][gc,metaspace   ] GC(2398) Metaspace: 19081K(19200K)->19081K(19200K) NonClass: 17252K(17344K)->17252K(17344K) Class: 1829K(1856K)->1829K(1856K)
[728.862s][info][gc             ] GC(2398) Pause Young (Allocation Failure) 608M->530M(857M) 51.522ms
[728.862s][info][gc,cpu         ] GC(2398) User=0.10s Sys=0.00s Real=0.05s
[729.018s][info][gc,start       ] GC(2399) Pause Young (Allocation Failure)
[729.068s][info][gc,heap        ] GC(2399) PSYoungGen: 143648K(222720K)->34886K(146944K) Eden: 111616K(111616K)->0K(111616K) From: 32032K(111104K)->34886K(35328K)
[729.068s][info][gc,heap        ] GC(2399) ParOldGen: 511711K(654848K)->544083K(654848K)
[729.068s][info][gc,metaspace   ] GC(2399) Metaspace: 19081K(19200K)->19081K(19200K) NonClass: 17252K(17344K)->17252K(17344K) Class: 1829K(1856K)->1829K(1856K)
[729.068s][info][gc             ] GC(2399) Pause Young (Allocation Failure) 639M->565M(783M) 49.772ms
[729.068s][info][gc,cpu         ] GC(2399) User=0.09s Sys=0.00s Real=0.05s
[729.211s][info][gc,start       ] GC(2400) Pause Young (Allocation Failure)
[729.258s][info][gc,heap        ] GC(2400) PSYoungGen: 146502K(146944K)->66454K(211968K) Eden: 111616K(111616K)->0K(107520K) From: 34886K(35328K)->66454K(104448K)
[729.258s][info][gc,heap        ] GC(2400) ParOldGen: 544083K(654848K)->544083K(654848K)
[729.258s][info][gc,metaspace   ] GC(2400) Metaspace: 19081K(19200K)->19081K(19200K) NonClass: 17252K(17344K)->17252K(17344K) Class: 1829K(1856K)->1829K(1856K)
[729.258s][info][gc             ] GC(2400) Pause Young (Allocation Failure) 674M->596M(846M) 47.207ms
[729.258s][info][gc,cpu         ] GC(2400) User=0.09s Sys=0.00s Real=0.05s
[729.342s][info][gc,start       ] GC(2401) Pause Young (Allocation Failure)
[729.403s][info][gc,heap        ] GC(2401) PSYoungGen: 173974K(211968K)->76421K(216064K) Eden: 107520K(107520K)->0K(107520K) From: 66454K(104448K)->76421K(108544K)
[729.403s][info][gc,heap        ] GC(2401) ParOldGen: 544083K(654848K)->544083K(654848K)
[729.403s][info][gc,metaspace   ] GC(2401) Metaspace: 19081K(19200K)->19081K(19200K) NonClass: 17252K(17344K)->17252K(17344K) Class: 1829K(1856K)->1829K(1856K)
[729.403s][info][gc             ] GC(2401) Pause Young (Allocation Failure) 701M->605M(850M) 60.977ms
[729.403s][info][gc,cpu         ] GC(2401) User=0.12s Sys=0.00s Real=0.07s
[729.503s][info][gc,start       ] GC(2402) Pause Young (Allocation Failure)
[729.596s][info][gc,heap        ] GC(2402) PSYoungGen: 183941K(216064K)->18688K(222720K) Eden: 107520K(107520K)->0K(111616K) From: 76421K(108544K)->18688K(111104K)
[729.596s][info][gc,heap        ] GC(2402) ParOldGen: 544083K(654848K)->611149K(654848K)
[729.596s][info][gc,metaspace   ] GC(2402) Metaspace: 19081K(19200K)->19081K(19200K) NonClass: 17252K(17344K)->17252K(17344K) Class: 1829K(1856K)->1829K(1856K)
[729.596s][info][gc             ] GC(2402) Pause Young (Allocation Failure) 710M->615M(857M) 92.776ms
[729.596s][info][gc,cpu         ] GC(2402) User=0.19s Sys=0.00s Real=0.10s
[729.753s][info][gc,start       ] GC(2403) Pause Full (Allocation Failure)
[729.753s][info][gc,phases,start] GC(2403) Marking Phase
[730.064s][info][gc,phases      ] GC(2403) Marking Phase 311.026ms
[730.064s][info][gc,phases,start] GC(2403) Summary Phase
[730.064s][info][gc,phases      ] GC(2403) Summary Phase 0.028ms
[730.064s][info][gc,phases,start] GC(2403) Forward
[730.163s][info][gc,phases      ] GC(2403) Forward 98.942ms
[730.163s][info][gc,phases,start] GC(2403) Adjust Pointers
[730.404s][info][gc,phases      ] GC(2403) Adjust Pointers 241.153ms
[730.404s][info][gc,phases,start] GC(2403) Compaction Phase
[730.539s][info][gc,phases      ] GC(2403) Compaction Phase 134.895ms
[730.554s][info][gc,phases,start] GC(2403) Post Compact
[730.556s][info][gc,phases      ] GC(2403) Post Compact 2.327ms
[730.556s][info][gc,heap        ] GC(2403) PSYoungGen: 130304K(222720K)->0K(222720K) Eden: 111616K(111616K)->0K(111616K) From: 18688K(111104K)->0K(111104K)
[730.556s][info][gc,heap        ] GC(2403) ParOldGen: 611149K(654848K)->486712K(667648K)
[730.556s][info][gc,metaspace   ] GC(2403) Metaspace: 19081K(19200K)->19081K(19200K) NonClass: 17252K(17344K)->17252K(17344K) Class: 1829K(1856K)->1829K(1856K)
[730.556s][info][gc             ] GC(2403) Pause Full (Allocation Failure) 724M->475M(869M) 803.521ms
[730.556s][info][gc,cpu         ] GC(2403) User=1.51s Sys=0.00s Real=0.81s
[730.694s][info][gc,start       ] GC(2404) Pause Young (Allocation Failure)
[730.706s][info][gc,heap        ] GC(2404) PSYoungGen: 111616K(222720K)->3552K(222720K) Eden: 111616K(111616K)->0K(111616K) From: 0K(111104K)->3552K(111104K)
[730.706s][info][gc,heap        ] GC(2404) ParOldGen: 486712K(667648K)->486712K(667648K)
[730.706s][info][gc,metaspace   ] GC(2404) Metaspace: 19081K(19200K)->19081K(19200K) NonClass: 17252K(17344K)->17252K(17344K) Class: 1829K(1856K)->1829K(1856K)
[730.706s][info][gc             ] GC(2404) Pause Young (Allocation Failure) 584M->478M(869M) 12.344ms
[730.706s][info][gc,cpu         ] GC(2404) User=0.03s Sys=0.00s Real=0.01s
[730.844s][info][gc,start       ] GC(2405) Pause Young (Allocation Failure)
[730.853s][info][gc,heap        ] GC(2405) PSYoungGen: 115168K(222720K)->64K(112128K) Eden: 111616K(111616K)->0K(111616K) From: 3552K(111104K)->64K(512K)
[730.853s][info][gc,heap        ] GC(2405) ParOldGen: 486712K(667648K)->490264K(667648K)
[730.853s][info][gc,metaspace   ] GC(2405) Metaspace: 19081K(19200K)->19081K(19200K) NonClass: 17252K(17344K)->17252K(17344K) Class: 1829K(1856K)->1829K(1856K)
[730.853s][info][gc             ] GC(2405) Pause Young (Allocation Failure) 587M->478M(761M) 8.992ms
[730.853s][info][gc,cpu         ] GC(2405) User=0.01s Sys=0.00s Real=0.00s
[730.990s][info][gc,start       ] GC(2406) Pause Young (Allocation Failure)
[730.992s][info][gc,heap        ] GC(2406) PSYoungGen: 111680K(112128K)->64K(224256K) Eden: 111616K(111616K)->0K(113664K) From: 64K(512K)->64K(110592K)
[730.992s][info][gc,heap        ] GC(2406) ParOldGen: 490264K(667648K)->490264K(667648K)
[730.992s][info][gc,metaspace   ] GC(2406) Metaspace: 19081K(19200K)->19081K(19200K) NonClass: 17252K(17344K)->17252K(17344K) Class: 1829K(1856K)->1829K(1856K)
[730.992s][info][gc             ] GC(2406) Pause Young (Allocation Failure) 587M->478M(871M) 1.647ms
[730.992s][info][gc,cpu         ] GC(2406) User=0.01s Sys=0.00s Real=0.00s
[731.129s][info][gc,start       ] GC(2407) Pause Young (Allocation Failure)
[731.130s][info][gc,heap        ] GC(2407) PSYoungGen: 113728K(224256K)->64K(114176K) Eden: 113664K(113664K)->0K(113664K) From: 64K(110592K)->64K(512K)
[731.130s][info][gc,heap        ] GC(2407) ParOldGen: 490264K(667648K)->490264K(667648K)
[731.130s][info][gc,metaspace   ] GC(2407) Metaspace: 19081K(19200K)->19081K(19200K) NonClass: 17252K(17344K)->17252K(17344K) Class: 1829K(1856K)->1829K(1856K)
[731.130s][info][gc             ] GC(2407) Pause Young (Allocation Failure) 589M->478M(763M) 1.674ms
[731.130s][info][gc,cpu         ] GC(2407) User=0.00s Sys=0.00s Real=0.00s
[731.266s][info][gc,start       ] GC(2408) Pause Young (Allocation Failure)
[731.268s][info][gc,heap        ] GC(2408) PSYoungGen: 113728K(114176K)->64K(220672K) Eden: 113664K(113664K)->0K(118272K) From: 64K(512K)->64K(102400K)
[731.268s][info][gc,heap        ] GC(2408) ParOldGen: 490264K(667648K)->490264K(667648K)
[731.268s][info][gc,metaspace   ] GC(2408) Metaspace: 19081K(19200K)->19081K(19200K) NonClass: 17252K(17344K)->17252K(17344K) Class: 1829K(1856K)->1829K(1856K)
[731.268s][info][gc             ] GC(2408) Pause Young (Allocation Failure) 589M->478M(867M) 1.671ms
[731.268s][info][gc,cpu         ] GC(2408) User=0.00s Sys=0.00s Real=0.00s
[731.411s][info][gc,start       ] GC(2409) Pause Young (Allocation Failure)
[731.413s][info][gc,heap        ] GC(2409) PSYoungGen: 118336K(220672K)->64K(220672K) Eden: 118272K(118272K)->0K(118272K) From: 64K(102400K)->64K(102400K)
[731.413s][info][gc,heap        ] GC(2409) ParOldGen: 490264K(667648K)->490264K(667648K)
[731.413s][info][gc,metaspace   ] GC(2409) Metaspace: 19081K(19200K)->19081K(19200K) NonClass: 17252K(17344K)->17252K(17344K) Class: 1829K(1856K)->1829K(1856K)
[731.413s][info][gc             ] GC(2409) Pause Young (Allocation Failure) 594M->478M(867M) 1.746ms
[731.413s][info][gc,cpu         ] GC(2409) User=0.00s Sys=0.00s Real=0.00s
[731.555s][info][gc,start       ] GC(2410) Pause Young (Allocation Failure)
[731.557s][info][gc,heap        ] GC(2410) PSYoungGen: 118336K(220672K)->64K(211456K) Eden: 118272K(118272K)->0K(121344K) From: 64K(102400K)->64K(90112K)
[731.557s][info][gc,heap        ] GC(2410) ParOldGen: 490264K(667648K)->490264K(667648K)
[731.557s][info][gc,metaspace   ] GC(2410) Metaspace: 19081K(19200K)->19081K(19200K) NonClass: 17252K(17344K)->17252K(17344K) Class: 1829K(1856K)->1829K(1856K)
[731.557s][info][gc             ] GC(2410) Pause Young (Allocation Failure) 594M->478M(858M) 2.248ms
[731.557s][info][gc,cpu         ] GC(2410) User=0.01s Sys=0.00s Real=0.00s
[731.703s][info][gc,start       ] GC(2411) Pause Young (Allocation Failure)
[731.705s][info][gc,heap        ] GC(2411) PSYoungGen: 121408K(211456K)->64K(121856K) Eden: 121344K(121344K)->0K(121344K) From: 64K(90112K)->64K(512K)
[731.705s][info][gc,heap        ] GC(2411) ParOldGen: 490264K(667648K)->490264K(667648K)
[731.705s][info][gc,metaspace   ] GC(2411) Metaspace: 19081K(19200K)->19081K(19200K) NonClass: 17252K(17344K)->17252K(17344K) Class: 1829K(1856K)->1829K(1856K)
[731.705s][info][gc             ] GC(2411) Pause Young (Allocation Failure) 597M->478M(771M) 2.075ms
[731.705s][info][gc,cpu         ] GC(2411) User=0.00s Sys=0.00s Real=0.01s
[731.851s][info][gc,start       ] GC(2412) Pause Young (Allocation Failure)
[731.854s][info][gc,heap        ] GC(2412) PSYoungGen: 121408K(121856K)->64K(205312K) Eden: 121344K(121344K)->0K(123392K) From: 64K(512K)->64K(81920K)
[731.854s][info][gc,heap        ] GC(2412) ParOldGen: 490264K(667648K)->490264K(667648K)
[731.854s][info][gc,metaspace   ] GC(2412) Metaspace: 19081K(19200K)->19081K(19200K) NonClass: 17252K(17344K)->17252K(17344K) Class: 1829K(1856K)->1829K(1856K)
[731.854s][info][gc             ] GC(2412) Pause Young (Allocation Failure) 597M->478M(852M) 2.531ms
[731.854s][info][gc,cpu         ] GC(2412) User=0.00s Sys=0.00s Real=0.01s
[732.002s][info][gc,start       ] GC(2413) Pause Young (Allocation Failure)
[732.005s][info][gc,heap        ] GC(2413) PSYoungGen: 123456K(205312K)->64K(123904K) Eden: 123392K(123392K)->0K(123392K) From: 64K(81920K)->64K(512K)
[732.005s][info][gc,heap        ] GC(2413) ParOldGen: 490264K(667648K)->490264K(667648K)
[732.005s][info][gc,metaspace   ] GC(2413) Metaspace: 19081K(19200K)->19081K(19200K) NonClass: 17252K(17344K)->17252K(17344K) Class: 1829K(1856K)->1829K(1856K)
[732.005s][info][gc             ] GC(2413) Pause Young (Allocation Failure) 599M->478M(773M) 2.254ms
[732.005s][info][gc,cpu         ] GC(2413) User=0.00s Sys=0.00s Real=0.01s
[732.134s][info][gc,start       ] GC(2414) Pause Young (Allocation Failure)
[732.149s][info][gc,heap        ] GC(2414) PSYoungGen: 123456K(123904K)->10784K(196608K) Eden: 123392K(123392K)->0K(125952K) From: 64K(512K)->10784K(70656K)
[732.149s][info][gc,heap        ] GC(2414) ParOldGen: 490264K(667648K)->490264K(667648K)
[732.149s][info][gc,metaspace   ] GC(2414) Metaspace: 19081K(19200K)->19081K(19200K) NonClass: 17252K(17344K)->17252K(17344K) Class: 1829K(1856K)->1829K(1856K)
[732.149s][info][gc             ] GC(2414) Pause Young (Allocation Failure) 599M->489M(844M) 14.468ms
[732.149s][info][gc,cpu         ] GC(2414) User=0.02s Sys=0.00s Real=0.01s
[732.255s][info][gc,start       ] GC(2415) Pause Young (Allocation Failure)
[732.281s][info][gc,heap        ] GC(2415) PSYoungGen: 136736K(196608K)->25600K(202240K) Eden: 125952K(125952K)->0K(125952K) From: 10784K(70656K)->25600K(76288K)
[732.281s][info][gc,heap        ] GC(2415) ParOldGen: 490264K(667648K)->490264K(667648K)
[732.281s][info][gc,metaspace   ] GC(2415) Metaspace: 19081K(19200K)->19081K(19200K) NonClass: 17252K(17344K)->17252K(17344K) Class: 1829K(1856K)->1829K(1856K)
[732.281s][info][gc             ] GC(2415) Pause Young (Allocation Failure) 612M->503M(849M) 25.664ms
[732.281s][info][gc,cpu         ] GC(2415) User=0.05s Sys=0.00s Real=0.02s
[732.368s][info][gc,start       ] GC(2416) Pause Young (Allocation Failure)
[732.400s][info][gc,heap        ] GC(2416) PSYoungGen: 151552K(202240K)->33024K(204288K) Eden: 125952K(125952K)->0K(130048K) From: 25600K(76288K)->33024K(74240K)
[732.400s][info][gc,heap        ] GC(2416) ParOldGen: 490264K(667648K)->490264K(667648K)
[732.400s][info][gc,metaspace   ] GC(2416) Metaspace: 19081K(19200K)->19081K(19200K) NonClass: 17252K(17344K)->17252K(17344K) Class: 1829K(1856K)->1829K(1856K)
[732.400s][info][gc             ] GC(2416) Pause Young (Allocation Failure) 626M->511M(851M) 32.128ms
[732.400s][info][gc,cpu         ] GC(2416) User=0.06s Sys=0.00s Real=0.03s
[732.508s][info][gc,start       ] GC(2417) Pause Young (Allocation Failure)
[732.543s][info][gc,heap        ] GC(2417) PSYoungGen: 163072K(204288K)->33760K(204800K) Eden: 130048K(130048K)->0K(130048K) From: 33024K(74240K)->33760K(74752K)
[732.543s][info][gc,heap        ] GC(2417) ParOldGen: 490264K(667648K)->490264K(667648K)
[732.543s][info][gc,metaspace   ] GC(2417) Metaspace: 19081K(19200K)->19081K(19200K) NonClass: 17252K(17344K)->17252K(17344K) Class: 1829K(1856K)->1829K(1856K)
[732.543s][info][gc             ] GC(2417) Pause Young (Allocation Failure) 638M->511M(852M) 35.445ms
[732.543s][info][gc,cpu         ] GC(2417) User=0.07s Sys=0.00s Real=0.03s
[732.645s][info][gc,start       ] GC(2418) Pause Young (Allocation Failure)
[732.678s][info][gc,heap        ] GC(2418) PSYoungGen: 163808K(204800K)->35264K(211968K) Eden: 130048K(130048K)->0K(136704K) From: 33760K(74752K)->35264K(75264K)
[732.678s][info][gc,heap        ] GC(2418) ParOldGen: 490264K(667648K)->490264K(667648K)
[732.678s][info][gc,metaspace   ] GC(2418) Metaspace: 19081K(19200K)->19081K(19200K) NonClass: 17252K(17344K)->17252K(17344K) Class: 1829K(1856K)->1829K(1856K)
[732.678s][info][gc             ] GC(2418) Pause Young (Allocation Failure) 638M->513M(859M) 33.729ms
[732.678s][info][gc,cpu         ] GC(2418) User=0.06s Sys=0.00s Real=0.03s
[732.820s][info][gc,start       ] GC(2419) Pause Young (Allocation Failure)
[732.859s][info][gc,heap        ] GC(2419) PSYoungGen: 171968K(211968K)->40640K(212480K) Eden: 136704K(136704K)->0K(136704K) From: 35264K(75264K)->40640K(75776K)
[732.859s][info][gc,heap        ] GC(2419) ParOldGen: 490264K(667648K)->490264K(667648K)
[732.859s][info][gc,metaspace   ] GC(2419) Metaspace: 19081K(19200K)->19081K(19200K) NonClass: 17252K(17344K)->17252K(17344K) Class: 1829K(1856K)->1829K(1856K)
[732.859s][info][gc             ] GC(2419) Pause Young (Allocation Failure) 646M->518M(859M) 38.665ms
[732.859s][info][gc,cpu         ] GC(2419) User=0.08s Sys=0.00s Real=0.04s
[733.013s][info][gc,start       ] GC(2420) Pause Young (Allocation Failure)
[733.057s][info][gc,heap        ] GC(2420) PSYoungGen: 177344K(212480K)->43968K(220672K) Eden: 136704K(136704K)->0K(142848K) From: 40640K(75776K)->43968K(77824K)
[733.057s][info][gc,heap        ] GC(2420) ParOldGen: 490264K(667648K)->490264K(667648K)
[733.057s][info][gc,metaspace   ] GC(2420) Metaspace: 19081K(19200K)->19081K(19200K) NonClass: 17252K(17344K)->17252K(17344K) Class: 1829K(1856K)->1829K(1856K)
[733.057s][info][gc             ] GC(2420) Pause Young (Allocation Failure) 651M->521M(867M) 43.309ms
[733.057s][info][gc,cpu         ] GC(2420) User=0.08s Sys=0.00s Real=0.04s
[733.330s][info][gc,start       ] GC(2421) Pause Young (Allocation Failure)
[733.372s][info][gc,heap        ] GC(2421) PSYoungGen: 186816K(220672K)->44032K(223232K) Eden: 142848K(142848K)->0K(142848K) From: 43968K(77824K)->44032K(80384K)
[733.372s][info][gc,heap        ] GC(2421) ParOldGen: 490264K(667648K)->490264K(667648K)
[733.372s][info][gc,metaspace   ] GC(2421) Metaspace: 19081K(19200K)->19081K(19200K) NonClass: 17252K(17344K)->17252K(17344K) Class: 1829K(1856K)->1829K(1856K)
[733.372s][info][gc             ] GC(2421) Pause Young (Allocation Failure) 661M->521M(870M) 41.534ms
[733.372s][info][gc,cpu         ] GC(2421) User=0.09s Sys=0.00s Real=0.04s
[733.598s][info][gc,start       ] GC(2422) Pause Young (Allocation Failure)
[733.644s][info][gc,heap        ] GC(2422) PSYoungGen: 186880K(223232K)->44128K(232448K) Eden: 142848K(142848K)->0K(150528K) From: 44032K(80384K)->44128K(81920K)
[733.644s][info][gc,heap        ] GC(2422) ParOldGen: 490264K(667648K)->490272K(667648K)
[733.644s][info][gc,metaspace   ] GC(2422) Metaspace: 19081K(19200K)->19081K(19200K) NonClass: 17252K(17344K)->17252K(17344K) Class: 1829K(1856K)->1829K(1856K)
[733.644s][info][gc             ] GC(2422) Pause Young (Allocation Failure) 661M->521M(879M) 46.386ms
[733.644s][info][gc,cpu         ] GC(2422) User=0.09s Sys=0.00s Real=0.05s
[733.887s][info][gc,start       ] GC(2423) Pause Young (Allocation Failure)
[733.931s][info][gc,heap        ] GC(2423) PSYoungGen: 194656K(232448K)->44160K(233472K) Eden: 150528K(150528K)->0K(150528K) From: 44128K(81920K)->44160K(82944K)
[733.931s][info][gc,heap        ] GC(2423) ParOldGen: 490272K(667648K)->490272K(667648K)
[733.931s][info][gc,metaspace   ] GC(2423) Metaspace: 19081K(19200K)->19081K(19200K) NonClass: 17252K(17344K)->17252K(17344K) Class: 1829K(1856K)->1829K(1856K)
[733.931s][info][gc             ] GC(2423) Pause Young (Allocation Failure) 668M->521M(880M) 44.325ms
[733.931s][info][gc,cpu         ] GC(2423) User=0.09s Sys=0.00s Real=0.04s
[734.190s][info][gc,start       ] GC(2424) Pause Young (Allocation Failure)
[734.237s][info][gc,heap        ] GC(2424) PSYoungGen: 194688K(233472K)->44160K(242688K) Eden: 150528K(150528K)->0K(159232K) From: 44160K(82944K)->44160K(83456K)
[734.237s][info][gc,heap        ] GC(2424) ParOldGen: 490272K(667648K)->490272K(667648K)
[734.237s][info][gc,metaspace   ] GC(2424) Metaspace: 19081K(19200K)->19081K(19200K) NonClass: 17252K(17344K)->17252K(17344K) Class: 1829K(1856K)->1829K(1856K)
[734.237s][info][gc             ] GC(2424) Pause Young (Allocation Failure) 668M->521M(889M) 47.080ms
[734.237s][info][gc,cpu         ] GC(2424) User=0.09s Sys=0.01s Real=0.05s
[734.433s][info][gc,start       ] GC(2425) Pause Young (Allocation Failure)
[734.487s][info][gc,heap        ] GC(2425) PSYoungGen: 203392K(242688K)->58176K(242688K) Eden: 159232K(159232K)->0K(159232K) From: 44160K(83456K)->58176K(83456K)
[734.487s][info][gc,heap        ] GC(2425) ParOldGen: 490272K(667648K)->490272K(667648K)
[734.487s][info][gc,metaspace   ] GC(2425) Metaspace: 19081K(19200K)->19081K(19200K) NonClass: 17252K(17344K)->17252K(17344K) Class: 1829K(1856K)->1829K(1856K)
[734.487s][info][gc             ] GC(2425) Pause Young (Allocation Failure) 677M->535M(889M) 53.870ms
[734.487s][info][gc,cpu         ] GC(2425) User=0.11s Sys=0.00s Real=0.06s
[734.659s][info][gc,start       ] GC(2426) Pause Young (Allocation Failure)
[734.723s][info][gc,heap        ] GC(2426) PSYoungGen: 217408K(242688K)->60816K(236544K) Eden: 159232K(159232K)->0K(148480K) From: 58176K(83456K)->60816K(88064K)
[734.723s][info][gc,heap        ] GC(2426) ParOldGen: 490272K(667648K)->490272K(667648K)
[734.723s][info][gc,metaspace   ] GC(2426) Metaspace: 19081K(19200K)->19081K(19200K) NonClass: 17252K(17344K)->17252K(17344K) Class: 1829K(1856K)->1829K(1856K)
[734.723s][info][gc             ] GC(2426) Pause Young (Allocation Failure) 691M->538M(883M) 64.358ms
[734.723s][info][gc,cpu         ] GC(2426) User=0.11s Sys=0.01s Real=0.06s
[734.798s][info][gc,start       ] GC(2427) Pause Young (Allocation Failure)
[734.893s][info][gc,heap        ] GC(2427) PSYoungGen: 209296K(236544K)->92656K(241152K) Eden: 148480K(148480K)->0K(148480K) From: 60816K(88064K)->92656K(92672K)
[734.893s][info][gc,heap        ] GC(2427) ParOldGen: 490272K(667648K)->507232K(667648K)
[734.893s][info][gc,metaspace   ] GC(2427) Metaspace: 19081K(19200K)->19081K(19200K) NonClass: 17252K(17344K)->17252K(17344K) Class: 1829K(1856K)->1829K(1856K)
[734.894s][info][gc             ] GC(2427) Pause Young (Allocation Failure) 683M->585M(887M) 95.167ms
[734.894s][info][gc,cpu         ] GC(2427) User=0.19s Sys=0.00s Real=0.10s
[735.109s][info][gc,start       ] GC(2428) Pause Young (Allocation Failure)
[735.206s][info][gc,heap        ] GC(2428) PSYoungGen: 241136K(241152K)->90016K(204288K) Eden: 148480K(148480K)->0K(111616K) From: 92656K(92672K)->90016K(92672K)
[735.206s][info][gc,heap        ] GC(2428) ParOldGen: 507232K(667648K)->518008K(667648K)
[735.206s][info][gc,metaspace   ] GC(2428) Metaspace: 19081K(19200K)->19081K(19200K) NonClass: 17252K(17344K)->17252K(17344K) Class: 1829K(1856K)->1829K(1856K)
[735.206s][info][gc             ] GC(2428) Pause Young (Allocation Failure) 730M->593M(851M) 97.038ms
[735.206s][info][gc,cpu         ] GC(2428) User=0.18s Sys=0.02s Real=0.10s
[735.336s][info][gc,start       ] GC(2429) Pause Young (Allocation Failure)
[735.437s][info][gc,heap        ] GC(2429) PSYoungGen: 201632K(204288K)->80080K(222720K) Eden: 111616K(111616K)->0K(111616K) From: 90016K(92672K)->80080K(111104K)
[735.437s][info][gc,heap        ] GC(2429) ParOldGen: 518008K(667648K)->540360K(667648K)
[735.437s][info][gc,metaspace   ] GC(2429) Metaspace: 19081K(19200K)->19081K(19200K) NonClass: 17252K(17344K)->17252K(17344K) Class: 1829K(1856K)->1829K(1856K)
[735.437s][info][gc             ] GC(2429) Pause Young (Allocation Failure) 702M->605M(869M) 101.374ms
[735.437s][info][gc,cpu         ] GC(2429) User=0.20s Sys=0.00s Real=0.10s
[735.575s][info][gc,start       ] GC(2430) Pause Young (Allocation Failure)
[735.655s][info][gc,heap        ] GC(2430) PSYoungGen: 191696K(222720K)->77840K(222720K) Eden: 111616K(111616K)->0K(111616K) From: 80080K(111104K)->77840K(111104K)
[735.655s][info][gc,heap        ] GC(2430) ParOldGen: 540360K(667648K)->542608K(667648K)
[735.655s][info][gc,metaspace   ] GC(2430) Metaspace: 19081K(19200K)->19081K(19200K) NonClass: 17252K(17344K)->17252K(17344K) Class: 1829K(1856K)->1829K(1856K)
[735.655s][info][gc             ] GC(2430) Pause Young (Allocation Failure) 714M->605M(869M) 79.718ms
[735.655s][info][gc,cpu         ] GC(2430) User=0.16s Sys=0.00s Real=0.08s
[735.793s][info][gc,start       ] GC(2431) Pause Young (Allocation Failure)
[735.873s][info][gc,heap        ] GC(2431) PSYoungGen: 189456K(222720K)->69136K(222720K) Eden: 111616K(111616K)->0K(111616K) From: 77840K(111104K)->69136K(111104K)
[735.873s][info][gc,heap        ] GC(2431) ParOldGen: 542608K(667648K)->551328K(667648K)
[735.873s][info][gc,metaspace   ] GC(2431) Metaspace: 19081K(19200K)->19081K(19200K) NonClass: 17252K(17344K)->17252K(17344K) Class: 1829K(1856K)->1829K(1856K)
[735.873s][info][gc             ] GC(2431) Pause Young (Allocation Failure) 714M->605M(869M) 79.480ms
[735.873s][info][gc,cpu         ] GC(2431) User=0.15s Sys=0.00s Real=0.07s
[736.011s][info][gc,start       ] GC(2432) Pause Young (Allocation Failure)
[736.081s][info][gc,heap        ] GC(2432) PSYoungGen: 180752K(222720K)->68944K(222720K) Eden: 111616K(111616K)->0K(111616K) From: 69136K(111104K)->68944K(111104K)
[736.081s][info][gc,heap        ] GC(2432) ParOldGen: 551328K(667648K)->551518K(667648K)
[736.081s][info][gc,metaspace   ] GC(2432) Metaspace: 19081K(19200K)->19081K(19200K) NonClass: 17252K(17344K)->17252K(17344K) Class: 1829K(1856K)->1829K(1856K)
[736.081s][info][gc             ] GC(2432) Pause Young (Allocation Failure) 714M->605M(869M) 69.717ms
[736.081s][info][gc,cpu         ] GC(2432) User=0.13s Sys=0.00s Real=0.07s
[736.216s][info][gc,start       ] GC(2433) Pause Young (Allocation Failure)
[736.287s][info][gc,heap        ] GC(2433) PSYoungGen: 180560K(222720K)->68944K(222720K) Eden: 111616K(111616K)->0K(111616K) From: 68944K(111104K)->68944K(111104K)
[736.287s][info][gc,heap        ] GC(2433) ParOldGen: 551518K(667648K)->551566K(667648K)
[736.287s][info][gc,metaspace   ] GC(2433) Metaspace: 19081K(19200K)->19081K(19200K) NonClass: 17252K(17344K)->17252K(17344K) Class: 1829K(1856K)->1829K(1856K)
[736.287s][info][gc             ] GC(2433) Pause Young (Allocation Failure) 714M->605M(869M) 70.646ms
[736.287s][info][gc,cpu         ] GC(2433) User=0.14s Sys=0.00s Real=0.07s
[736.391s][info][gc,start       ] GC(2434) Pause Young (Allocation Failure)
[736.484s][info][gc,heap        ] GC(2434) PSYoungGen: 180560K(222720K)->75904K(222720K) Eden: 111616K(111616K)->0K(111616K) From: 68944K(111104K)->75904K(111104K)
[736.484s][info][gc,heap        ] GC(2434) ParOldGen: 551566K(667648K)->568265K(667648K)
[736.484s][info][gc,metaspace   ] GC(2434) Metaspace: 19081K(19200K)->19081K(19200K) NonClass: 17252K(17344K)->17252K(17344K) Class: 1829K(1856K)->1829K(1856K)
[736.484s][info][gc             ] GC(2434) Pause Young (Allocation Failure) 714M->629M(869M) 93.951ms
[736.485s][info][gc,cpu         ] GC(2434) User=0.18s Sys=0.00s Real=0.10s
[736.572s][info][gc,start       ] GC(2435) Pause Young (Allocation Failure)
[736.663s][info][gc,heap        ] GC(2435) PSYoungGen: 187520K(222720K)->53152K(222720K) Eden: 111616K(111616K)->0K(111616K) From: 75904K(111104K)->53152K(111104K)
[736.663s][info][gc,heap        ] GC(2435) ParOldGen: 568265K(667648K)->608613K(667648K)
[736.663s][info][gc,metaspace   ] GC(2435) Metaspace: 19081K(19200K)->19081K(19200K) NonClass: 17252K(17344K)->17252K(17344K) Class: 1829K(1856K)->1829K(1856K)
[736.663s][info][gc             ] GC(2435) Pause Young (Allocation Failure) 738M->646M(869M) 91.155ms
[736.663s][info][gc,cpu         ] GC(2435) User=0.18s Sys=0.00s Real=0.10s
[736.766s][info][gc,start       ] GC(2436) Pause Young (Allocation Failure)
[736.834s][info][gc,heap        ] GC(2436) PSYoungGen: 164768K(222720K)->51648K(222720K) Eden: 111616K(111616K)->0K(111616K) From: 53152K(111104K)->51648K(111104K)
[736.834s][info][gc,heap        ] GC(2436) ParOldGen: 608613K(667648K)->620998K(667648K)
[736.834s][info][gc,metaspace   ] GC(2436) Metaspace: 19081K(19200K)->19081K(19200K) NonClass: 17252K(17344K)->17252K(17344K) Class: 1829K(1856K)->1829K(1856K)
[736.834s][info][gc             ] GC(2436) Pause Young (Allocation Failure) 755M->656M(869M) 68.717ms
[736.834s][info][gc,cpu         ] GC(2436) User=0.14s Sys=0.00s Real=0.07s
[736.952s][info][gc,start       ] GC(2437) Pause Young (Allocation Failure)
[737.016s][info][gc,heap        ] GC(2437) PSYoungGen: 163264K(222720K)->66112K(222720K) Eden: 111616K(111616K)->0K(111616K) From: 51648K(111104K)->66112K(111104K)
[737.016s][info][gc,heap        ] GC(2437) ParOldGen: 620998K(667648K)->620998K(667648K)
[737.016s][info][gc,metaspace   ] GC(2437) Metaspace: 19081K(19200K)->19081K(19200K) NonClass: 17252K(17344K)->17252K(17344K) Class: 1829K(1856K)->1829K(1856K)
[737.016s][info][gc             ] GC(2437) Pause Young (Allocation Failure) 765M->671M(869M) 64.206ms
[737.016s][info][gc,cpu         ] GC(2437) User=0.13s Sys=0.00s Real=0.07s
[737.091s][info][gc,start       ] GC(2438) Pause Young (Allocation Failure)
[737.167s][info][gc,heap        ] GC(2438) PSYoungGen: 177728K(222720K)->78784K(222720K) Eden: 111616K(111616K)->0K(111616K) From: 66112K(111104K)->78784K(111104K)
[737.167s][info][gc,heap        ] GC(2438) ParOldGen: 620998K(667648K)->620998K(667648K)
[737.167s][info][gc,metaspace   ] GC(2438) Metaspace: 19081K(19200K)->19081K(19200K) NonClass: 17252K(17344K)->17252K(17344K) Class: 1829K(1856K)->1829K(1856K)
[737.167s][info][gc             ] GC(2438) Pause Young (Allocation Failure) 780M->683M(869M) 75.382ms
[737.167s][info][gc,cpu         ] GC(2438) User=0.15s Sys=0.00s Real=0.08s
[737.230s][info][gc,start       ] GC(2439) Pause Young (Allocation Failure)
[737.314s][info][gc,heap        ] GC(2439) PSYoungGen: 190400K(222720K)->41408K(222720K) Eden: 111616K(111616K)->0K(111616K) From: 78784K(111104K)->41408K(111104K)
[737.314s][info][gc,heap        ] GC(2439) ParOldGen: 620998K(667648K)->661886K(667648K)
[737.314s][info][gc,metaspace   ] GC(2439) Metaspace: 19081K(19200K)->19081K(19200K) NonClass: 17252K(17344K)->17252K(17344K) Class: 1829K(1856K)->1829K(1856K)
[737.314s][info][gc             ] GC(2439) Pause Young (Allocation Failure) 792M->686M(869M) 83.491ms
[737.314s][info][gc,cpu         ] GC(2439) User=0.16s Sys=0.01s Real=0.09s
[737.413s][info][gc,start       ] GC(2440) Pause Full (Allocation Failure)
[737.413s][info][gc,phases,start] GC(2440) Marking Phase
[737.792s][info][gc,phases      ] GC(2440) Marking Phase 378.384ms
[737.792s][info][gc,phases,start] GC(2440) Summary Phase
[737.792s][info][gc,phases      ] GC(2440) Summary Phase 0.028ms
[737.792s][info][gc,phases,start] GC(2440) Forward
[737.835s][info][gc,phases      ] GC(2440) Forward 43.677ms
[737.835s][info][gc,phases,start] GC(2440) Adjust Pointers
[738.109s][info][gc,phases      ] GC(2440) Adjust Pointers 273.219ms
[738.109s][info][gc,phases,start] GC(2440) Compaction Phase
[738.243s][info][gc,phases      ] GC(2440) Compaction Phase 133.777ms
[738.245s][info][gc,phases,start] GC(2440) Post Compact
[738.248s][info][gc,phases      ] GC(2440) Post Compact 2.407ms
[738.248s][info][gc,heap        ] GC(2440) PSYoungGen: 153024K(222720K)->0K(222720K) Eden: 111616K(111616K)->0K(111616K) From: 41408K(111104K)->0K(111104K)
[738.248s][info][gc,heap        ] GC(2440) ParOldGen: 661886K(667648K)->567009K(667648K)
[738.248s][info][gc,metaspace   ] GC(2440) Metaspace: 19081K(19200K)->19081K(19200K) NonClass: 17252K(17344K)->17252K(17344K) Class: 1829K(1856K)->1829K(1856K)
[738.248s][info][gc             ] GC(2440) Pause Full (Allocation Failure) 795M->553M(869M) 834.722ms
[738.248s][info][gc,cpu         ] GC(2440) User=1.62s Sys=0.00s Real=0.84s
[738.346s][info][gc,start       ] GC(2441) Pause Young (Allocation Failure)
[738.353s][info][gc,heap        ] GC(2441) PSYoungGen: 111616K(222720K)->64K(222720K) Eden: 111616K(111616K)->0K(111616K) From: 0K(111104K)->64K(111104K)
[738.353s][info][gc,heap        ] GC(2441) ParOldGen: 567009K(667648K)->567009K(667648K)
[738.353s][info][gc,metaspace   ] GC(2441) Metaspace: 19081K(19200K)->19081K(19200K) NonClass: 17252K(17344K)->17252K(17344K) Class: 1829K(1856K)->1829K(1856K)
[738.353s][info][gc             ] GC(2441) Pause Young (Allocation Failure) 662M->553M(869M) 6.584ms
[738.353s][info][gc,cpu         ] GC(2441) User=0.01s Sys=0.00s Real=0.00s
[738.428s][info][gc,start       ] GC(2442) Pause Young (Allocation Failure)
[738.448s][info][gc,heap        ] GC(2442) PSYoungGen: 111680K(222720K)->13728K(222720K) Eden: 111616K(111616K)->0K(111616K) From: 64K(111104K)->13728K(111104K)
[738.448s][info][gc,heap        ] GC(2442) ParOldGen: 567009K(667648K)->567009K(667648K)
[738.448s][info][gc,metaspace   ] GC(2442) Metaspace: 19081K(19200K)->19081K(19200K) NonClass: 17252K(17344K)->17252K(17344K) Class: 1829K(1856K)->1829K(1856K)
[738.448s][info][gc             ] GC(2442) Pause Young (Allocation Failure) 662M->567M(869M) 20.449ms
[738.448s][info][gc,cpu         ] GC(2442) User=0.04s Sys=0.00s Real=0.02s
[738.516s][info][gc,start       ] GC(2443) Pause Young (Allocation Failure)
[738.544s][info][gc,heap        ] GC(2443) PSYoungGen: 125344K(222720K)->24480K(222720K) Eden: 111616K(111616K)->0K(111616K) From: 13728K(111104K)->24480K(111104K)
[738.545s][info][gc,heap        ] GC(2443) ParOldGen: 567009K(667648K)->567017K(667648K)
[738.545s][info][gc,metaspace   ] GC(2443) Metaspace: 19081K(19200K)->19081K(19200K) NonClass: 17252K(17344K)->17252K(17344K) Class: 1829K(1856K)->1829K(1856K)
[738.545s][info][gc             ] GC(2443) Pause Young (Allocation Failure) 676M->577M(869M) 28.837ms
[738.545s][info][gc,cpu         ] GC(2443) User=0.06s Sys=0.00s Real=0.03s
[738.625s][info][gc,start       ] GC(2444) Pause Young (Allocation Failure)
[738.660s][info][gc,heap        ] GC(2444) PSYoungGen: 136096K(222720K)->8160K(222720K) Eden: 111616K(111616K)->0K(111616K) From: 24480K(111104K)->8160K(111104K)
[738.660s][info][gc,heap        ] GC(2444) ParOldGen: 567017K(667648K)->591521K(667648K)
[738.660s][info][gc,metaspace   ] GC(2444) Metaspace: 19081K(19200K)->19081K(19200K) NonClass: 17252K(17344K)->17252K(17344K) Class: 1829K(1856K)->1829K(1856K)
[738.661s][info][gc             ] GC(2444) Pause Young (Allocation Failure) 686M->585M(869M) 35.345ms
[738.661s][info][gc,cpu         ] GC(2444) User=0.07s Sys=0.00s Real=0.03s
[738.717s][info][gc,start       ] GC(2445) Pause Young (Allocation Failure)
[738.731s][info][gc,heap        ] GC(2445) PSYoungGen: 119776K(222720K)->608K(222720K) Eden: 111616K(111616K)->0K(111616K) From: 8160K(111104K)->608K(111104K)
[738.731s][info][gc,heap        ] GC(2445) ParOldGen: 591521K(667648K)->599665K(667648K)
[738.731s][info][gc,metaspace   ] GC(2445) Metaspace: 19081K(19200K)->19081K(19200K) NonClass: 17252K(17344K)->17252K(17344K) Class: 1829K(1856K)->1829K(1856K)
[738.731s][info][gc             ] GC(2445) Pause Young (Allocation Failure) 694M->586M(869M) 13.362ms
[738.731s][info][gc,cpu         ] GC(2445) User=0.02s Sys=0.00s Real=0.01s
[738.800s][info][gc,start       ] GC(2446) Pause Young (Allocation Failure)
[738.806s][info][gc,heap        ] GC(2446) PSYoungGen: 112224K(222720K)->704K(222720K) Eden: 111616K(111616K)->0K(111616K) From: 608K(111104K)->704K(111104K)
[738.806s][info][gc,heap        ] GC(2446) ParOldGen: 599665K(667648K)->600225K(667648K)
[738.806s][info][gc,metaspace   ] GC(2446) Metaspace: 19081K(19200K)->19081K(19200K) NonClass: 17252K(17344K)->17252K(17344K) Class: 1829K(1856K)->1829K(1856K)
[738.806s][info][gc             ] GC(2446) Pause Young (Allocation Failure) 695M->586M(869M) 5.743ms
[738.806s][info][gc,cpu         ] GC(2446) User=0.01s Sys=0.00s Real=0.01s
[738.888s][info][gc,start       ] GC(2447) Pause Young (Allocation Failure)
[738.896s][info][gc,heap        ] GC(2447) PSYoungGen: 112320K(222720K)->2848K(222720K) Eden: 111616K(111616K)->0K(111616K) From: 704K(111104K)->2848K(111104K)
[738.896s][info][gc,heap        ] GC(2447) ParOldGen: 600225K(667648K)->600889K(667648K)
[738.896s][info][gc,metaspace   ] GC(2447) Metaspace: 19081K(19200K)->19081K(19200K) NonClass: 17252K(17344K)->17252K(17344K) Class: 1829K(1856K)->1829K(1856K)
[738.896s][info][gc             ] GC(2447) Pause Young (Allocation Failure) 695M->589M(869M) 8.223ms
[738.896s][info][gc,cpu         ] GC(2447) User=0.01s Sys=0.00s Real=0.01s
[738.984s][info][gc,start       ] GC(2448) Pause Young (Allocation Failure)
[738.990s][info][gc,heap        ] GC(2448) PSYoungGen: 114464K(222720K)->2944K(216576K) Eden: 111616K(111616K)->0K(111616K) From: 2848K(111104K)->2944K(104960K)
[738.990s][info][gc,heap        ] GC(2448) ParOldGen: 600889K(667648K)->600889K(667648K)
[738.990s][info][gc,metaspace   ] GC(2448) Metaspace: 19081K(19200K)->19081K(19200K) NonClass: 17252K(17344K)->17252K(17344K) Class: 1829K(1856K)->1829K(1856K)
[738.990s][info][gc             ] GC(2448) Pause Young (Allocation Failure) 698M->589M(863M) 5.698ms
[738.990s][info][gc,cpu         ] GC(2448) User=0.01s Sys=0.00s Real=0.00s
[739.079s][info][gc,start       ] GC(2449) Pause Young (Allocation Failure)
[739.106s][info][gc,heap        ] GC(2449) PSYoungGen: 114560K(216576K)->24992K(219648K) Eden: 111616K(111616K)->0K(111616K) From: 2944K(104960K)->24992K(108032K)
[739.106s][info][gc,heap        ] GC(2449) ParOldGen: 600889K(667648K)->600889K(667648K)
[739.106s][info][gc,metaspace   ] GC(2449) Metaspace: 19081K(19200K)->19081K(19200K) NonClass: 17252K(17344K)->17252K(17344K) Class: 1829K(1856K)->1829K(1856K)
[739.106s][info][gc             ] GC(2449) Pause Young (Allocation Failure) 698M->611M(866M) 26.872ms
[739.106s][info][gc,cpu         ] GC(2449) User=0.06s Sys=0.00s Real=0.03s
[739.477s][info][gc,start       ] GC(2450) Pause Young (Allocation Failure)
[739.512s][info][gc,heap        ] GC(2450) PSYoungGen: 136608K(219648K)->31152K(206848K) Eden: 111616K(111616K)->0K(118784K) From: 24992K(108032K)->31152K(88064K)
[739.512s][info][gc,heap        ] GC(2450) ParOldGen: 600889K(667648K)->600889K(667648K)
[739.512s][info][gc,metaspace   ] GC(2450) Metaspace: 19081K(19200K)->19081K(19200K) NonClass: 17252K(17344K)->17252K(17344K) Class: 1829K(1856K)->1829K(1856K)
[739.512s][info][gc             ] GC(2450) Pause Young (Allocation Failure) 720M->617M(854M) 34.814ms
[739.512s][info][gc,cpu         ] GC(2450) User=0.07s Sys=0.01s Real=0.03s
[739.617s][info][gc,start       ] GC(2451) Pause Young (Allocation Failure)
[739.657s][info][gc,heap        ] GC(2451) PSYoungGen: 149936K(206848K)->39728K(213504K) Eden: 118784K(118784K)->0K(118784K) From: 31152K(88064K)->39728K(94720K)
[739.657s][info][gc,heap        ] GC(2451) ParOldGen: 600889K(667648K)->600889K(667648K)
[739.657s][info][gc,metaspace   ] GC(2451) Metaspace: 19081K(19200K)->19081K(19200K) NonClass: 17252K(17344K)->17252K(17344K) Class: 1829K(1856K)->1829K(1856K)
[739.657s][info][gc             ] GC(2451) Pause Young (Allocation Failure) 733M->625M(860M) 39.462ms
[739.657s][info][gc,cpu         ] GC(2451) User=0.08s Sys=0.00s Real=0.04s
[739.911s][info][gc,start       ] GC(2452) Pause Young (Allocation Failure)
[739.953s][info][gc,heap        ] GC(2452) PSYoungGen: 158512K(213504K)->40560K(213504K) Eden: 118784K(118784K)->0K(126976K) From: 39728K(94720K)->40560K(86528K)
[739.953s][info][gc,heap        ] GC(2452) ParOldGen: 600889K(667648K)->600889K(667648K)
[739.953s][info][gc,metaspace   ] GC(2452) Metaspace: 19081K(19200K)->19081K(19200K) NonClass: 17252K(17344K)->17252K(17344K) Class: 1829K(1856K)->1829K(1856K)
[739.953s][info][gc             ] GC(2452) Pause Young (Allocation Failure) 741M->626M(860M) 41.863ms
[739.953s][info][gc,cpu         ] GC(2452) User=0.08s Sys=0.00s Real=0.04s
[740.367s][info][gc,start       ] GC(2453) Pause Young (Allocation Failure)
[740.419s][info][gc,heap        ] GC(2453) PSYoungGen: 167536K(213504K)->52560K(216576K) Eden: 126976K(126976K)->0K(126976K) From: 40560K(86528K)->52560K(89600K)
[740.419s][info][gc,heap        ] GC(2453) ParOldGen: 600889K(667648K)->600889K(667648K)
[740.419s][info][gc,metaspace   ] GC(2453) Metaspace: 19081K(19200K)->19081K(19200K) NonClass: 17252K(17344K)->17252K(17344K) Class: 1829K(1856K)->1829K(1856K)
[740.419s][info][gc             ] GC(2453) Pause Young (Allocation Failure) 750M->638M(863M) 51.527ms
[740.419s][info][gc,cpu         ] GC(2453) User=0.11s Sys=0.00s Real=0.05s
[740.561s][info][gc,start       ] GC(2454) Pause Young (Allocation Failure)
[740.645s][info][gc,heap        ] GC(2454) PSYoungGen: 179536K(216576K)->88288K(211968K) Eden: 126976K(126976K)->0K(120320K) From: 52560K(89600K)->88288K(91648K)
[740.645s][info][gc,heap        ] GC(2454) ParOldGen: 600889K(667648K)->600889K(667648K)
[740.645s][info][gc,metaspace   ] GC(2454) Metaspace: 19081K(19200K)->19081K(19200K) NonClass: 17252K(17344K)->17252K(17344K) Class: 1829K(1856K)->1829K(1856K)
[740.645s][info][gc             ] GC(2454) Pause Young (Allocation Failure) 762M->673M(859M) 83.218ms
[740.645s][info][gc,cpu         ] GC(2454) User=0.16s Sys=0.00s Real=0.09s
[740.755s][info][gc,start       ] GC(2455) Pause Young (Allocation Failure)
[740.856s][info][gc,heap        ] GC(2455) PSYoungGen: 208608K(211968K)->106464K(226816K) Eden: 120320K(120320K)->0K(120320K) From: 88288K(91648K)->106464K(106496K)
[740.856s][info][gc,heap        ] GC(2455) ParOldGen: 600889K(667648K)->617969K(667648K)
[740.856s][info][gc,metaspace   ] GC(2455) Metaspace: 19081K(19200K)->19081K(19200K) NonClass: 17252K(17344K)->17252K(17344K) Class: 1829K(1856K)->1829K(1856K)
[740.856s][info][gc             ] GC(2455) Pause Young (Allocation Failure) 790M->707M(873M) 100.784ms
[740.856s][info][gc,cpu         ] GC(2455) User=0.20s Sys=0.00s Real=0.10s
[741.016s][info][gc,start       ] GC(2456) Pause Young (Allocation Failure)
[741.113s][info][gc,heap        ] GC(2456) PSYoungGen: 226784K(226816K)->103785K(218624K) Eden: 120320K(120320K)->0K(111616K) From: 106464K(106496K)->103785K(107008K)
[741.114s][info][gc,heap        ] GC(2456) ParOldGen: 617969K(667648K)->620889K(667648K)
[741.114s][info][gc,metaspace   ] GC(2456) Metaspace: 19081K(19200K)->19081K(19200K) NonClass: 17252K(17344K)->17252K(17344K) Class: 1829K(1856K)->1829K(1856K)
[741.114s][info][gc             ] GC(2456) Pause Young (Allocation Failure) 824M->707M(865M) 97.850ms
[741.114s][info][gc,cpu         ] GC(2456) User=0.19s Sys=0.01s Real=0.10s
[741.277s][info][gc,start       ] GC(2457) Pause Young (Allocation Failure)
[741.363s][info][gc,heap        ] GC(2457) PSYoungGen: 215401K(218624K)->76089K(222720K) Eden: 111616K(111616K)->0K(111616K) From: 103785K(107008K)->76089K(111104K)
[741.363s][info][gc,heap        ] GC(2457) ParOldGen: 620889K(667648K)->649121K(667648K)
[741.363s][info][gc,metaspace   ] GC(2457) Metaspace: 19081K(19200K)->19081K(19200K) NonClass: 17252K(17344K)->17252K(17344K) Class: 1829K(1856K)->1829K(1856K)
[741.363s][info][gc             ] GC(2457) Pause Young (Allocation Failure) 816M->708M(869M) 85.661ms
[741.363s][info][gc,cpu         ] GC(2457) User=0.17s Sys=0.00s Real=0.08s
[741.516s][info][gc,start       ] GC(2458) Pause Full (Allocation Failure)
[741.516s][info][gc,phases,start] GC(2458) Marking Phase
[742.014s][info][gc,phases      ] GC(2458) Marking Phase 497.962ms
[742.014s][info][gc,phases,start] GC(2458) Summary Phase
[742.014s][info][gc,phases      ] GC(2458) Summary Phase 0.030ms
[742.014s][info][gc,phases,start] GC(2458) Forward
[742.139s][info][gc,phases      ] GC(2458) Forward 125.598ms
[742.139s][info][gc,phases,start] GC(2458) Adjust Pointers
[742.515s][info][gc,phases      ] GC(2458) Adjust Pointers 375.754ms
[742.515s][info][gc,phases,start] GC(2458) Compaction Phase
[742.757s][info][gc,phases      ] GC(2458) Compaction Phase 241.696ms
[742.770s][info][gc,phases,start] GC(2458) Post Compact
[742.773s][info][gc,phases      ] GC(2458) Post Compact 2.489ms
[742.773s][info][gc,heap        ] GC(2458) PSYoungGen: 187705K(222720K)->24238K(222720K) Eden: 111616K(111616K)->0K(111616K) From: 76089K(111104K)->24238K(111104K)
[742.773s][info][gc,heap        ] GC(2458) ParOldGen: 649121K(667648K)->667172K(667648K)
[742.773s][info][gc,metaspace   ] GC(2458) Metaspace: 19081K(19200K)->19081K(19200K) NonClass: 17252K(17344K)->17252K(17344K) Class: 1829K(1856K)->1829K(1856K)
[742.773s][info][gc             ] GC(2458) Pause Full (Allocation Failure) 817M->675M(869M) 1257.207ms
[742.773s][info][gc,cpu         ] GC(2458) User=2.45s Sys=0.01s Real=1.25s
[742.933s][info][gc,start       ] GC(2459) Pause Full (Allocation Failure)
[742.933s][info][gc,phases,start] GC(2459) Marking Phase
[743.439s][info][gc,phases      ] GC(2459) Marking Phase 506.609ms
[743.439s][info][gc,phases,start] GC(2459) Summary Phase
[743.439s][info][gc,phases      ] GC(2459) Summary Phase 0.028ms
[743.439s][info][gc,phases,start] GC(2459) Forward
[743.455s][info][gc,phases      ] GC(2459) Forward 15.359ms
[743.455s][info][gc,phases,start] GC(2459) Adjust Pointers
[743.789s][info][gc,phases      ] GC(2459) Adjust Pointers 334.042ms
[743.789s][info][gc,phases,start] GC(2459) Compaction Phase
[743.925s][info][gc,phases      ] GC(2459) Compaction Phase 135.950ms
[743.925s][info][gc,phases,start] GC(2459) Post Compact
[743.927s][info][gc,phases      ] GC(2459) Post Compact 2.361ms
[743.927s][info][gc,heap        ] GC(2459) PSYoungGen: 135854K(222720K)->24236K(222720K) Eden: 111616K(111616K)->0K(111616K) From: 24238K(111104K)->24236K(111104K)
[743.927s][info][gc,heap        ] GC(2459) ParOldGen: 667172K(667648K)->667560K(667648K)
[743.927s][info][gc,metaspace   ] GC(2459) Metaspace: 19081K(19200K)->19081K(19200K) NonClass: 17252K(17344K)->17252K(17344K) Class: 1829K(1856K)->1829K(1856K)
[743.928s][info][gc             ] GC(2459) Pause Full (Allocation Failure) 784M->675M(869M) 994.856ms
[743.928s][info][gc,cpu         ] GC(2459) User=1.95s Sys=0.00s Real=1.00s
[744.028s][info][gc,start       ] GC(2460) Pause Full (Allocation Failure)
[744.028s][info][gc,phases,start] GC(2460) Marking Phase
[744.528s][info][gc,phases      ] GC(2460) Marking Phase 500.035ms
[744.528s][info][gc,phases,start] GC(2460) Summary Phase
[744.528s][info][gc,phases      ] GC(2460) Summary Phase 0.024ms
[744.528s][info][gc,phases,start] GC(2460) Forward
[744.550s][info][gc,phases      ] GC(2460) Forward 21.243ms
[744.550s][info][gc,phases,start] GC(2460) Adjust Pointers
[744.897s][info][gc,phases      ] GC(2460) Adjust Pointers 346.997ms
[744.897s][info][gc,phases,start] GC(2460) Compaction Phase
[745.037s][info][gc,phases      ] GC(2460) Compaction Phase 139.836ms
[745.037s][info][gc,phases,start] GC(2460) Post Compact
[745.039s][info][gc,phases      ] GC(2460) Post Compact 2.383ms
[745.039s][info][gc,heap        ] GC(2460) PSYoungGen: 135852K(222720K)->25241K(222720K) Eden: 111616K(111616K)->25241K(111616K) From: 24236K(111104K)->0K(111104K)
[745.039s][info][gc,heap        ] GC(2460) ParOldGen: 667560K(667648K)->667608K(667648K)
[745.039s][info][gc,metaspace   ] GC(2460) Metaspace: 19081K(19200K)->19081K(19200K) NonClass: 17252K(17344K)->17252K(17344K) Class: 1829K(1856K)->1829K(1856K)
[745.039s][info][gc             ] GC(2460) Pause Full (Allocation Failure) 784M->676M(869M) 1011.014ms
[745.039s][info][gc,cpu         ] GC(2460) User=1.97s Sys=0.01s Real=1.01s
[745.106s][info][gc,start       ] GC(2461) Pause Full (Allocation Failure)
[745.106s][info][gc,phases,start] GC(2461) Marking Phase
[745.611s][info][gc,phases      ] GC(2461) Marking Phase 505.132ms
[745.611s][info][gc,phases,start] GC(2461) Summary Phase
[745.611s][info][gc,phases      ] GC(2461) Summary Phase 0.024ms
[745.611s][info][gc,phases,start] GC(2461) Forward
[745.619s][info][gc,phases      ] GC(2461) Forward 8.263ms
[745.620s][info][gc,phases,start] GC(2461) Adjust Pointers
[745.952s][info][gc,phases      ] GC(2461) Adjust Pointers 332.267ms
[745.952s][info][gc,phases,start] GC(2461) Compaction Phase
[746.086s][info][gc,phases      ] GC(2461) Compaction Phase 134.406ms
[746.086s][info][gc,phases,start] GC(2461) Post Compact
[746.089s][info][gc,phases      ] GC(2461) Post Compact 2.438ms
[746.089s][info][gc,heap        ] GC(2461) PSYoungGen: 111616K(222720K)->25888K(222720K) Eden: 111616K(111616K)->25888K(111616K) From: 0K(111104K)->0K(111104K)
[746.089s][info][gc,heap        ] GC(2461) ParOldGen: 667608K(667648K)->667608K(667648K)
[746.089s][info][gc,metaspace   ] GC(2461) Metaspace: 19081K(19200K)->19081K(19200K) NonClass: 17252K(17344K)->17252K(17344K) Class: 1829K(1856K)->1829K(1856K)
[746.089s][info][gc             ] GC(2461) Pause Full (Allocation Failure) 760M->677M(869M) 983.003ms
[746.089s][info][gc,cpu         ] GC(2461) User=1.92s Sys=0.00s Real=0.98s
[746.158s][info][gc,start       ] GC(2462) Pause Full (Allocation Failure)
[746.158s][info][gc,phases,start] GC(2462) Marking Phase
[746.661s][info][gc,phases      ] GC(2462) Marking Phase 502.598ms
[746.661s][info][gc,phases,start] GC(2462) Summary Phase
[746.661s][info][gc,phases      ] GC(2462) Summary Phase 0.024ms
[746.661s][info][gc,phases,start] GC(2462) Forward
[746.670s][info][gc,phases      ] GC(2462) Forward 8.790ms
[746.670s][info][gc,phases,start] GC(2462) Adjust Pointers
[747.006s][info][gc,phases      ] GC(2462) Adjust Pointers 336.268ms
[747.006s][info][gc,phases,start] GC(2462) Compaction Phase
[747.139s][info][gc,phases      ] GC(2462) Compaction Phase 133.206ms
[747.139s][info][gc,phases,start] GC(2462) Post Compact
[747.142s][info][gc,phases      ] GC(2462) Post Compact 2.299ms
[747.142s][info][gc,heap        ] GC(2462) PSYoungGen: 111616K(222720K)->26777K(222720K) Eden: 111616K(111616K)->26777K(111616K) From: 0K(111104K)->0K(111104K)
[747.142s][info][gc,heap        ] GC(2462) ParOldGen: 667608K(667648K)->667608K(667648K)
[747.142s][info][gc,metaspace   ] GC(2462) Metaspace: 19081K(19200K)->19081K(19200K) NonClass: 17252K(17344K)->17252K(17344K) Class: 1829K(1856K)->1829K(1856K)
[747.142s][info][gc             ] GC(2462) Pause Full (Allocation Failure) 760M->678M(869M) 983.655ms
[747.142s][info][gc,cpu         ] GC(2462) User=1.92s Sys=0.00s Real=0.98s
[747.347s][info][gc,start       ] GC(2463) Pause Full (Allocation Failure)
[747.347s][info][gc,phases,start] GC(2463) Marking Phase
[747.882s][info][gc,phases      ] GC(2463) Marking Phase 534.168ms
[747.882s][info][gc,phases,start] GC(2463) Summary Phase
[747.882s][info][gc,phases      ] GC(2463) Summary Phase 0.027ms
[747.882s][info][gc,phases,start] GC(2463) Forward
[748.015s][info][gc,phases      ] GC(2463) Forward 133.053ms
[748.015s][info][gc,phases,start] GC(2463) Adjust Pointers
[748.417s][info][gc,phases      ] GC(2463) Adjust Pointers 401.875ms
[748.417s][info][gc,phases,start] GC(2463) Compaction Phase
[748.602s][info][gc,phases      ] GC(2463) Compaction Phase 185.680ms
[748.621s][info][gc,phases,start] GC(2463) Post Compact
[748.623s][info][gc,phases      ] GC(2463) Post Compact 2.352ms
[748.623s][info][gc,heap        ] GC(2463) PSYoungGen: 111616K(222720K)->40906K(222720K) Eden: 111616K(111616K)->40906K(111616K) From: 0K(111104K)->0K(111104K)
[748.623s][info][gc,heap        ] GC(2463) ParOldGen: 667608K(667648K)->667528K(667648K)
[748.623s][info][gc,metaspace   ] GC(2463) Metaspace: 19084K(19200K)->19084K(19200K) NonClass: 17254K(17344K)->17254K(17344K) Class: 1829K(1856K)->1829K(1856K)
[748.623s][info][gc             ] GC(2463) Pause Full (Allocation Failure) 760M->691M(869M) 1275.941ms
[748.623s][info][gc,cpu         ] GC(2463) User=2.49s Sys=0.01s Real=1.27s
[748.745s][info][gc,start       ] GC(2464) Pause Full (Allocation Failure)
[748.746s][info][gc,phases,start] GC(2464) Marking Phase
[749.273s][info][gc,phases      ] GC(2464) Marking Phase 526.951ms
[749.273s][info][gc,phases,start] GC(2464) Summary Phase
[749.273s][info][gc,phases      ] GC(2464) Summary Phase 0.026ms
[749.273s][info][gc,phases,start] GC(2464) Forward
[749.290s][info][gc,phases      ] GC(2464) Forward 16.986ms
[749.290s][info][gc,phases,start] GC(2464) Adjust Pointers
[749.643s][info][gc,phases      ] GC(2464) Adjust Pointers 353.051ms
[749.643s][info][gc,phases,start] GC(2464) Compaction Phase
[749.781s][info][gc,phases      ] GC(2464) Compaction Phase 137.923ms
[749.781s][info][gc,phases,start] GC(2464) Post Compact
[749.783s][info][gc,phases      ] GC(2464) Post Compact 2.295ms
[749.783s][info][gc,heap        ] GC(2464) PSYoungGen: 111616K(222720K)->43301K(222720K) Eden: 111616K(111616K)->43301K(111616K) From: 0K(111104K)->0K(111104K)
[749.783s][info][gc,heap        ] GC(2464) ParOldGen: 667528K(667648K)->667528K(667648K)
[749.783s][info][gc,metaspace   ] GC(2464) Metaspace: 19084K(19200K)->19084K(19200K) NonClass: 17254K(17344K)->17254K(17344K) Class: 1829K(1856K)->1829K(1856K)
[749.783s][info][gc             ] GC(2464) Pause Full (Allocation Failure) 760M->694M(869M) 1037.716ms
[749.783s][info][gc,cpu         ] GC(2464) User=2.02s Sys=0.00s Real=1.03s
[749.865s][info][gc,start       ] GC(2465) Pause Full (Allocation Failure)
[749.865s][info][gc,phases,start] GC(2465) Marking Phase
[750.406s][info][gc,phases      ] GC(2465) Marking Phase 540.225ms
[750.406s][info][gc,phases,start] GC(2465) Summary Phase
[750.406s][info][gc,phases      ] GC(2465) Summary Phase 0.025ms
[750.406s][info][gc,phases,start] GC(2465) Forward
[750.422s][info][gc,phases      ] GC(2465) Forward 16.717ms
[750.422s][info][gc,phases,start] GC(2465) Adjust Pointers
[750.774s][info][gc,phases      ] GC(2465) Adjust Pointers 351.800ms
[750.774s][info][gc,phases,start] GC(2465) Compaction Phase
[750.916s][info][gc,phases      ] GC(2465) Compaction Phase 141.951ms
[750.916s][info][gc,phases,start] GC(2465) Post Compact
[750.919s][info][gc,phases      ] GC(2465) Post Compact 2.290ms
[750.919s][info][gc,heap        ] GC(2465) PSYoungGen: 111616K(222720K)->50416K(222720K) Eden: 111616K(111616K)->50416K(111616K) From: 0K(111104K)->0K(111104K)
[750.919s][info][gc,heap        ] GC(2465) ParOldGen: 667528K(667648K)->667528K(667648K)
[750.919s][info][gc,metaspace   ] GC(2465) Metaspace: 19084K(19200K)->19084K(19200K) NonClass: 17254K(17344K)->17254K(17344K) Class: 1829K(1856K)->1829K(1856K)
[750.919s][info][gc             ] GC(2465) Pause Full (Allocation Failure) 760M->701M(869M) 1053.514ms
[750.919s][info][gc,cpu         ] GC(2465) User=2.03s Sys=0.00s Real=1.05s
[750.999s][info][gc,start       ] GC(2466) Pause Full (Allocation Failure)
[750.999s][info][gc,phases,start] GC(2466) Marking Phase
[751.533s][info][gc,phases      ] GC(2466) Marking Phase 533.955ms
[751.533s][info][gc,phases,start] GC(2466) Summary Phase
[751.533s][info][gc,phases      ] GC(2466) Summary Phase 0.035ms
[751.533s][info][gc,phases,start] GC(2466) Forward
[751.555s][info][gc,phases      ] GC(2466) Forward 22.216ms
[751.555s][info][gc,phases,start] GC(2466) Adjust Pointers
[751.917s][info][gc,phases      ] GC(2466) Adjust Pointers 361.153ms
[751.917s][info][gc,phases,start] GC(2466) Compaction Phase
[752.063s][info][gc,phases      ] GC(2466) Compaction Phase 146.411ms
[752.063s][info][gc,phases,start] GC(2466) Post Compact
[752.065s][info][gc,phases      ] GC(2466) Post Compact 2.316ms
[752.065s][info][gc,heap        ] GC(2466) PSYoungGen: 111616K(222720K)->58618K(222720K) Eden: 111616K(111616K)->58618K(111616K) From: 0K(111104K)->0K(111104K)
[752.065s][info][gc,heap        ] GC(2466) ParOldGen: 667528K(667648K)->667528K(667648K)
[752.065s][info][gc,metaspace   ] GC(2466) Metaspace: 19084K(19200K)->19084K(19200K) NonClass: 17254K(17344K)->17254K(17344K) Class: 1829K(1856K)->1829K(1856K)
[752.066s][info][gc             ] GC(2466) Pause Full (Allocation Failure) 760M->709M(869M) 1066.556ms
[752.066s][info][gc,cpu         ] GC(2466) User=2.08s Sys=0.00s Real=1.07s
[752.116s][info][gc,start       ] GC(2467) Pause Full (Allocation Failure)
[752.116s][info][gc,phases,start] GC(2467) Marking Phase
[752.535s][info][gc,phases      ] GC(2467) Marking Phase 418.598ms
[752.535s][info][gc,phases,start] GC(2467) Summary Phase
[752.535s][info][gc,phases      ] GC(2467) Summary Phase 0.027ms
[752.535s][info][gc,phases,start] GC(2467) Forward
[752.656s][info][gc,phases      ] GC(2467) Forward 120.818ms
[752.656s][info][gc,phases,start] GC(2467) Adjust Pointers
[752.978s][info][gc,phases      ] GC(2467) Adjust Pointers 322.079ms
[752.978s][info][gc,phases,start] GC(2467) Compaction Phase
[753.161s][info][gc,phases      ] GC(2467) Compaction Phase 182.573ms
[753.174s][info][gc,phases,start] GC(2467) Post Compact
[753.176s][info][gc,phases      ] GC(2467) Post Compact 2.318ms
[753.176s][info][gc,heap        ] GC(2467) PSYoungGen: 111616K(222720K)->0K(222720K) Eden: 111616K(111616K)->0K(111616K) From: 0K(111104K)->0K(111104K)
[753.176s][info][gc,heap        ] GC(2467) ParOldGen: 667528K(667648K)->593403K(667648K)
[753.176s][info][gc,metaspace   ] GC(2467) Metaspace: 19084K(19200K)->19084K(19200K) NonClass: 17254K(17344K)->17254K(17344K) Class: 1829K(1856K)->1829K(1856K)
[753.176s][info][gc             ] GC(2467) Pause Full (Allocation Failure) 760M->579M(869M) 1059.597ms
[753.176s][info][gc,cpu         ] GC(2467) User=2.02s Sys=0.00s Real=1.06s
[753.316s][info][gc,start       ] GC(2468) Pause Young (Allocation Failure)
[753.332s][info][gc,heap        ] GC(2468) PSYoungGen: 111616K(222720K)->12064K(222720K) Eden: 111616K(111616K)->0K(111616K) From: 0K(111104K)->12064K(111104K)
[753.332s][info][gc,heap        ] GC(2468) ParOldGen: 593403K(667648K)->593403K(667648K)
[753.332s][info][gc,metaspace   ] GC(2468) Metaspace: 19084K(19200K)->19084K(19200K) NonClass: 17254K(17344K)->17254K(17344K) Class: 1829K(1856K)->1829K(1856K)
[753.332s][info][gc             ] GC(2468) Pause Young (Allocation Failure) 688M->591M(869M) 16.760ms
[753.332s][info][gc,cpu         ] GC(2468) User=0.03s Sys=0.00s Real=0.01s
[753.442s][info][gc,start       ] GC(2469) Pause Young (Allocation Failure)
[753.461s][info][gc,heap        ] GC(2469) PSYoungGen: 123680K(222720K)->14656K(222720K) Eden: 111616K(111616K)->0K(111616K) From: 12064K(111104K)->14656K(111104K)
[753.461s][info][gc,heap        ] GC(2469) ParOldGen: 593403K(667648K)->593403K(667648K)
[753.461s][info][gc,metaspace   ] GC(2469) Metaspace: 19084K(19200K)->19084K(19200K) NonClass: 17254K(17344K)->17254K(17344K) Class: 1829K(1856K)->1829K(1856K)
[753.461s][info][gc             ] GC(2469) Pause Young (Allocation Failure) 700M->593M(869M) 19.109ms
[753.461s][info][gc,cpu         ] GC(2469) User=0.03s Sys=0.00s Real=0.02s
[753.586s][info][gc,start       ] GC(2470) Pause Young (Allocation Failure)
[753.607s][info][gc,heap        ] GC(2470) PSYoungGen: 126272K(222720K)->16544K(222720K) Eden: 111616K(111616K)->0K(111616K) From: 14656K(111104K)->16544K(111104K)
[753.607s][info][gc,heap        ] GC(2470) ParOldGen: 593403K(667648K)->593403K(667648K)
[753.607s][info][gc,metaspace   ] GC(2470) Metaspace: 19084K(19200K)->19084K(19200K) NonClass: 17254K(17344K)->17254K(17344K) Class: 1829K(1856K)->1829K(1856K)
[753.607s][info][gc             ] GC(2470) Pause Young (Allocation Failure) 702M->595M(869M) 21.267ms
[753.607s][info][gc,cpu         ] GC(2470) User=0.04s Sys=0.00s Real=0.02s
[753.762s][info][gc,start       ] GC(2471) Pause Young (Allocation Failure)
[753.781s][info][gc,heap        ] GC(2471) PSYoungGen: 128160K(222720K)->5888K(222720K) Eden: 111616K(111616K)->0K(111616K) From: 16544K(111104K)->5888K(111104K)
[753.781s][info][gc,heap        ] GC(2471) ParOldGen: 593403K(667648K)->605491K(667648K)
[753.781s][info][gc,metaspace   ] GC(2471) Metaspace: 19085K(19200K)->19085K(19200K) NonClass: 17255K(17344K)->17255K(17344K) Class: 1829K(1856K)->1829K(1856K)
[753.781s][info][gc             ] GC(2471) Pause Young (Allocation Failure) 704M->597M(869M) 19.652ms
[753.781s][info][gc,cpu         ] GC(2471) User=0.04s Sys=0.00s Real=0.02s
[753.833s][info][gc,start       ] GC(2472) Pause Young (Allocation Failure)
[753.852s][info][gc,heap        ] GC(2472) PSYoungGen: 117504K(222720K)->12544K(222720K) Eden: 111616K(111616K)->0K(111616K) From: 5888K(111104K)->12544K(111104K)
[753.853s][info][gc,heap        ] GC(2472) ParOldGen: 605491K(667648K)->610007K(667648K)
[753.853s][info][gc,metaspace   ] GC(2472) Metaspace: 19085K(19200K)->19085K(19200K) NonClass: 17255K(17344K)->17255K(17344K) Class: 1829K(1856K)->1829K(1856K)
[753.853s][info][gc             ] GC(2472) Pause Young (Allocation Failure) 706M->607M(869M) 19.094ms
[753.853s][info][gc,cpu         ] GC(2472) User=0.04s Sys=0.00s Real=0.01s
[753.904s][info][gc,start       ] GC(2473) Pause Young (Allocation Failure)
[753.930s][info][gc,heap        ] GC(2473) PSYoungGen: 124160K(222720K)->11648K(222720K) Eden: 111616K(111616K)->0K(111616K) From: 12544K(111104K)->11648K(111104K)
[753.930s][info][gc,heap        ] GC(2473) ParOldGen: 610007K(667648K)->622559K(667648K)
[753.930s][info][gc,metaspace   ] GC(2473) Metaspace: 19085K(19200K)->19085K(19200K) NonClass: 17255K(17344K)->17255K(17344K) Class: 1829K(1856K)->1829K(1856K)
[753.930s][info][gc             ] GC(2473) Pause Young (Allocation Failure) 716M->619M(869M) 25.523ms
[753.930s][info][gc,cpu         ] GC(2473) User=0.05s Sys=0.00s Real=0.02s
[754.015s][info][gc,start       ] GC(2474) Pause Young (Allocation Failure)
[754.033s][info][gc,heap        ] GC(2474) PSYoungGen: 123264K(222720K)->4960K(222720K) Eden: 111616K(111616K)->0K(111616K) From: 11648K(111104K)->4960K(111104K)
[754.033s][info][gc,heap        ] GC(2474) ParOldGen: 622559K(667648K)->634215K(667648K)
[754.033s][info][gc,metaspace   ] GC(2474) Metaspace: 19085K(19200K)->19085K(19200K) NonClass: 17255K(17344K)->17255K(17344K) Class: 1829K(1856K)->1829K(1856K)
[754.033s][info][gc             ] GC(2474) Pause Young (Allocation Failure) 728M->624M(869M) 18.265ms
[754.033s][info][gc,cpu         ] GC(2474) User=0.04s Sys=0.00s Real=0.01s
[754.155s][info][gc,start       ] GC(2475) Pause Full (Allocation Failure)
[754.155s][info][gc,phases,start] GC(2475) Marking Phase
[754.625s][info][gc,phases      ] GC(2475) Marking Phase 470.092ms
[754.625s][info][gc,phases,start] GC(2475) Summary Phase
[754.625s][info][gc,phases      ] GC(2475) Summary Phase 0.026ms
[754.625s][info][gc,phases,start] GC(2475) Forward
[754.628s][info][gc,phases      ] GC(2475) Forward 2.361ms
[754.628s][info][gc,phases,start] GC(2475) Adjust Pointers
[754.929s][info][gc,phases      ] GC(2475) Adjust Pointers 301.178ms
[754.929s][info][gc,phases,start] GC(2475) Compaction Phase
[755.061s][info][gc,phases      ] GC(2475) Compaction Phase 132.586ms
[755.061s][info][gc,phases,start] GC(2475) Post Compact
[755.064s][info][gc,phases      ] GC(2475) Post Compact 2.251ms
[755.064s][info][gc,heap        ] GC(2475) PSYoungGen: 116576K(222720K)->0K(222720K) Eden: 111616K(111616K)->0K(111616K) From: 4960K(111104K)->0K(111104K)
[755.064s][info][gc,heap        ] GC(2475) ParOldGen: 634215K(667648K)->641297K(667648K)
[755.064s][info][gc,metaspace   ] GC(2475) Metaspace: 19085K(19200K)->19085K(19200K) NonClass: 17255K(17344K)->17255K(17344K) Class: 1829K(1856K)->1829K(1856K)
[755.064s][info][gc             ] GC(2475) Pause Full (Allocation Failure) 733M->626M(869M) 908.930ms
[755.064s][info][gc,cpu         ] GC(2475) User=1.77s Sys=0.00s Real=0.91s
[755.143s][info][gc,start       ] GC(2476) Pause Full (Allocation Failure)
[755.144s][info][gc,phases,start] GC(2476) Marking Phase
[755.606s][info][gc,phases      ] GC(2476) Marking Phase 462.256ms
[755.606s][info][gc,phases,start] GC(2476) Summary Phase
[755.606s][info][gc,phases      ] GC(2476) Summary Phase 0.025ms
[755.606s][info][gc,phases,start] GC(2476) Forward
[755.607s][info][gc,phases      ] GC(2476) Forward 0.795ms
[755.607s][info][gc,phases,start] GC(2476) Adjust Pointers
[755.909s][info][gc,phases      ] GC(2476) Adjust Pointers 302.124ms
[755.909s][info][gc,phases,start] GC(2476) Compaction Phase
[756.044s][info][gc,phases      ] GC(2476) Compaction Phase 134.714ms
[756.044s][info][gc,phases,start] GC(2476) Post Compact
[756.046s][info][gc,phases      ] GC(2476) Post Compact 2.284ms
[756.046s][info][gc,heap        ] GC(2476) PSYoungGen: 111616K(222720K)->0K(222720K) Eden: 111616K(111616K)->0K(111616K) From: 0K(111104K)->0K(111104K)
[756.046s][info][gc,heap        ] GC(2476) ParOldGen: 641297K(667648K)->642248K(667648K)
[756.046s][info][gc,metaspace   ] GC(2476) Metaspace: 19085K(19200K)->19085K(19200K) NonClass: 17255K(17344K)->17255K(17344K) Class: 1829K(1856K)->1829K(1856K)
[756.046s][info][gc             ] GC(2476) Pause Full (Allocation Failure) 735M->627M(869M) 902.604ms
[756.046s][info][gc,cpu         ] GC(2476) User=1.76s Sys=0.00s Real=0.90s
[756.161s][info][gc,start       ] GC(2477) Pause Full (Allocation Failure)
[756.161s][info][gc,phases,start] GC(2477) Marking Phase
[756.626s][info][gc,phases      ] GC(2477) Marking Phase 464.985ms
[756.626s][info][gc,phases,start] GC(2477) Summary Phase
[756.626s][info][gc,phases      ] GC(2477) Summary Phase 0.025ms
[756.626s][info][gc,phases,start] GC(2477) Forward
[756.627s][info][gc,phases      ] GC(2477) Forward 0.326ms
[756.627s][info][gc,phases,start] GC(2477) Adjust Pointers
[756.928s][info][gc,phases      ] GC(2477) Adjust Pointers 301.799ms
[756.928s][info][gc,phases,start] GC(2477) Compaction Phase
[757.061s][info][gc,phases      ] GC(2477) Compaction Phase 132.488ms
[757.061s][info][gc,phases,start] GC(2477) Post Compact
[757.063s][info][gc,phases      ] GC(2477) Post Compact 2.371ms
[757.063s][info][gc,heap        ] GC(2477) PSYoungGen: 111616K(222720K)->0K(222720K) Eden: 111616K(111616K)->0K(111616K) From: 0K(111104K)->0K(111104K)
[757.064s][info][gc,heap        ] GC(2477) ParOldGen: 642248K(667648K)->642295K(667648K)
[757.064s][info][gc,metaspace   ] GC(2477) Metaspace: 19085K(19200K)->19085K(19200K) NonClass: 17255K(17344K)->17255K(17344K) Class: 1829K(1856K)->1829K(1856K)
[757.064s][info][gc             ] GC(2477) Pause Full (Allocation Failure) 736M->627M(869M) 902.434ms
[757.064s][info][gc,cpu         ] GC(2477) User=1.76s Sys=0.00s Real=0.91s
[757.247s][info][gc,start       ] GC(2478) Pause Full (Allocation Failure)
[757.247s][info][gc,phases,start] GC(2478) Marking Phase
[757.703s][info][gc,phases      ] GC(2478) Marking Phase 455.897ms
[757.703s][info][gc,phases,start] GC(2478) Summary Phase
[757.703s][info][gc,phases      ] GC(2478) Summary Phase 0.025ms
[757.703s][info][gc,phases,start] GC(2478) Forward
[757.704s][info][gc,phases      ] GC(2478) Forward 0.475ms
[757.704s][info][gc,phases,start] GC(2478) Adjust Pointers
[758.001s][info][gc,phases      ] GC(2478) Adjust Pointers 296.961ms
[758.001s][info][gc,phases,start] GC(2478) Compaction Phase
[758.131s][info][gc,phases      ] GC(2478) Compaction Phase 130.704ms
[758.131s][info][gc,phases,start] GC(2478) Post Compact
[758.134s][info][gc,phases      ] GC(2478) Post Compact 2.218ms
[758.134s][info][gc,heap        ] GC(2478) PSYoungGen: 111616K(222720K)->0K(222720K) Eden: 111616K(111616K)->0K(111616K) From: 0K(111104K)->0K(111104K)
[758.134s][info][gc,heap        ] GC(2478) ParOldGen: 642295K(667648K)->642373K(667648K)
[758.134s][info][gc,metaspace   ] GC(2478) Metaspace: 19085K(19200K)->19085K(19200K) NonClass: 17255K(17344K)->17255K(17344K) Class: 1829K(1856K)->1829K(1856K)
[758.134s][info][gc             ] GC(2478) Pause Full (Allocation Failure) 736M->627M(869M) 886.704ms
[758.134s][info][gc,cpu         ] GC(2478) User=1.73s Sys=0.00s Real=0.89s
[759.294s][info][gc,start       ] GC(2479) Pause Full (Allocation Failure)
[759.294s][info][gc,phases,start] GC(2479) Marking Phase
[759.756s][info][gc,phases      ] GC(2479) Marking Phase 461.796ms
[759.756s][info][gc,phases,start] GC(2479) Summary Phase
[759.756s][info][gc,phases      ] GC(2479) Summary Phase 0.026ms
[759.756s][info][gc,phases,start] GC(2479) Forward
[759.758s][info][gc,phases      ] GC(2479) Forward 2.040ms
[759.758s][info][gc,phases,start] GC(2479) Adjust Pointers
[760.058s][info][gc,phases      ] GC(2479) Adjust Pointers 299.493ms
[760.058s][info][gc,phases,start] GC(2479) Compaction Phase
[760.188s][info][gc,phases      ] GC(2479) Compaction Phase 130.410ms
[760.188s][info][gc,phases,start] GC(2479) Post Compact
[760.191s][info][gc,phases      ] GC(2479) Post Compact 2.263ms
[760.191s][info][gc,heap        ] GC(2479) PSYoungGen: 111616K(222720K)->0K(222720K) Eden: 111616K(111616K)->0K(111616K) From: 0K(111104K)->0K(111104K)
[760.191s][info][gc,heap        ] GC(2479) ParOldGen: 642373K(667648K)->643008K(667648K)
[760.191s][info][gc,metaspace   ] GC(2479) Metaspace: 19085K(19200K)->19085K(19200K) NonClass: 17255K(17344K)->17255K(17344K) Class: 1829K(1856K)->1829K(1856K)
[760.191s][info][gc             ] GC(2479) Pause Full (Allocation Failure) 736M->627M(869M) 896.426ms
[760.191s][info][gc,cpu         ] GC(2479) User=1.75s Sys=0.00s Real=0.89s
[761.126s][info][gc,start       ] GC(2480) Pause Full (Allocation Failure)
[761.126s][info][gc,phases,start] GC(2480) Marking Phase
[761.579s][info][gc,phases      ] GC(2480) Marking Phase 453.175ms
[761.579s][info][gc,phases,start] GC(2480) Summary Phase
[761.579s][info][gc,phases      ] GC(2480) Summary Phase 0.024ms
[761.579s][info][gc,phases,start] GC(2480) Forward
[761.580s][info][gc,phases      ] GC(2480) Forward 0.443ms
[761.580s][info][gc,phases,start] GC(2480) Adjust Pointers
[761.876s][info][gc,phases      ] GC(2480) Adjust Pointers 295.884ms
[761.876s][info][gc,phases,start] GC(2480) Compaction Phase
[762.006s][info][gc,phases      ] GC(2480) Compaction Phase 130.211ms
[762.006s][info][gc,phases,start] GC(2480) Post Compact
[762.008s][info][gc,phases      ] GC(2480) Post Compact 2.203ms
[762.008s][info][gc,heap        ] GC(2480) PSYoungGen: 111616K(222720K)->0K(222720K) Eden: 111616K(111616K)->0K(111616K) From: 0K(111104K)->0K(111104K)
[762.008s][info][gc,heap        ] GC(2480) ParOldGen: 643008K(667648K)->643033K(667648K)
[762.008s][info][gc,metaspace   ] GC(2480) Metaspace: 19085K(19200K)->19085K(19200K) NonClass: 17255K(17344K)->17255K(17344K) Class: 1829K(1856K)->1829K(1856K)
[762.008s][info][gc             ] GC(2480) Pause Full (Allocation Failure) 736M->627M(869M) 882.386ms
[762.008s][info][gc,cpu         ] GC(2480) User=1.73s Sys=0.00s Real=0.88s
[762.515s][info][gc,start       ] GC(2481) Pause Full (Allocation Failure)
[762.515s][info][gc,phases,start] GC(2481) Marking Phase
[762.923s][info][gc,phases      ] GC(2481) Marking Phase 408.236ms
[762.923s][info][gc,phases,start] GC(2481) Summary Phase
[762.923s][info][gc,phases      ] GC(2481) Summary Phase 0.030ms
[762.923s][info][gc,phases,start] GC(2481) Forward
[763.000s][info][gc,phases      ] GC(2481) Forward 76.813ms
[763.000s][info][gc,phases,start] GC(2481) Adjust Pointers
[763.285s][info][gc,phases      ] GC(2481) Adjust Pointers 285.370ms
[763.285s][info][gc,phases,start] GC(2481) Compaction Phase
[763.432s][info][gc,phases      ] GC(2481) Compaction Phase 146.580ms
[763.436s][info][gc,phases,start] GC(2481) Post Compact
[763.438s][info][gc,phases      ] GC(2481) Post Compact 2.342ms
[763.438s][info][gc,heap        ] GC(2481) PSYoungGen: 111616K(222720K)->0K(222720K) Eden: 111616K(111616K)->0K(111616K) From: 0K(111104K)->0K(111104K)
[763.438s][info][gc,heap        ] GC(2481) ParOldGen: 643033K(667648K)->518749K(667648K)
[763.438s][info][gc,metaspace   ] GC(2481) Metaspace: 19085K(19200K)->19085K(19200K) NonClass: 17255K(17344K)->17255K(17344K) Class: 1829K(1856K)->1829K(1856K)
[763.438s][info][gc             ] GC(2481) Pause Full (Allocation Failure) 736M->506M(869M) 923.537ms
[763.438s][info][gc,cpu         ] GC(2481) User=1.74s Sys=0.00s Real=0.92s
[764.038s][info][gc,start       ] GC(2482) Pause Young (Allocation Failure)
[764.041s][info][gc,heap        ] GC(2482) PSYoungGen: 111562K(222720K)->1125K(222720K) Eden: 111562K(111616K)->0K(111616K) From: 0K(111104K)->1125K(111104K)
[764.041s][info][gc,heap        ] GC(2482) ParOldGen: 518749K(667648K)->518757K(667648K)
[764.041s][info][gc,metaspace   ] GC(2482) Metaspace: 19090K(19200K)->19090K(19200K) NonClass: 17261K(17344K)->17261K(17344K) Class: 1829K(1856K)->1829K(1856K)
[764.042s][info][gc             ] GC(2482) Pause Young (Allocation Failure) 615M->507M(869M) 3.563ms
[764.042s][info][gc,cpu         ] GC(2482) User=0.00s Sys=0.00s Real=0.00s
[764.307s][info][gc,start       ] GC(2483) Pause Young (Allocation Failure)
[764.313s][info][gc,heap        ] GC(2483) PSYoungGen: 112741K(222720K)->838K(222720K) Eden: 111616K(111616K)->0K(111616K) From: 1125K(111104K)->838K(111104K)
[764.313s][info][gc,heap        ] GC(2483) ParOldGen: 518757K(667648K)->519485K(667648K)
[764.313s][info][gc,metaspace   ] GC(2483) Metaspace: 19090K(19200K)->19090K(19200K) NonClass: 17261K(17344K)->17261K(17344K) Class: 1829K(1856K)->1829K(1856K)
[764.313s][info][gc             ] GC(2483) Pause Young (Allocation Failure) 616M->508M(869M) 5.601ms
[764.313s][info][gc,cpu         ] GC(2483) User=0.01s Sys=0.00s Real=0.00s
[764.564s][info][gc,start       ] GC(2484) Pause Young (Allocation Failure)
[764.567s][info][gc,heap        ] GC(2484) PSYoungGen: 112297K(222720K)->650K(216576K) Eden: 111459K(111616K)->0K(111616K) From: 838K(111104K)->650K(104960K)
[764.567s][info][gc,heap        ] GC(2484) ParOldGen: 519485K(667648K)->519637K(667648K)
[764.567s][info][gc,metaspace   ] GC(2484) Metaspace: 19090K(19200K)->19090K(19200K) NonClass: 17261K(17344K)->17261K(17344K) Class: 1829K(1856K)->1829K(1856K)
[764.567s][info][gc             ] GC(2484) Pause Young (Allocation Failure) 616M->508M(863M) 2.921ms
[764.567s][info][gc,cpu         ] GC(2484) User=0.00s Sys=0.01s Real=0.00s
[764.809s][info][gc,start       ] GC(2485) Pause Young (Allocation Failure)
[764.815s][info][gc,heap        ] GC(2485) PSYoungGen: 112266K(216576K)->5312K(117248K) Eden: 111616K(111616K)->0K(111616K) From: 650K(104960K)->5312K(5632K)
[764.815s][info][gc,heap        ] GC(2485) ParOldGen: 519637K(667648K)->519645K(667648K)
[764.815s][info][gc,metaspace   ] GC(2485) Metaspace: 19092K(19200K)->19092K(19200K) NonClass: 17262K(17344K)->17262K(17344K) Class: 1829K(1856K)->1829K(1856K)
[764.815s][info][gc             ] GC(2485) Pause Young (Allocation Failure) 617M->512M(766M) 6.130ms
[764.815s][info][gc,cpu         ] GC(2485) User=0.01s Sys=0.00s Real=0.01s
[764.890s][info][gc,start       ] GC(2486) Pause Young (Allocation Failure)
[764.933s][info][gc,heap        ] GC(2486) PSYoungGen: 116928K(117248K)->53584K(212480K) Eden: 111616K(111616K)->0K(110080K) From: 5312K(5632K)->53584K(102400K)
[764.933s][info][gc,heap        ] GC(2486) ParOldGen: 519645K(667648K)->519645K(667648K)
[764.933s][info][gc,metaspace   ] GC(2486) Metaspace: 19092K(19200K)->19092K(19200K) NonClass: 17263K(17344K)->17263K(17344K) Class: 1829K(1856K)->1829K(1856K)
[764.933s][info][gc             ] GC(2486) Pause Young (Allocation Failure) 621M->559M(859M) 42.962ms
[764.933s][info][gc,cpu         ] GC(2486) User=0.08s Sys=0.00s Real=0.05s
[764.996s][info][gc,start       ] GC(2487) Pause Young (Allocation Failure)
[765.063s][info][gc,heap        ] GC(2487) PSYoungGen: 163664K(212480K)->95392K(216576K) Eden: 110080K(110080K)->0K(110080K) From: 53584K(102400K)->95392K(106496K)
[765.063s][info][gc,heap        ] GC(2487) ParOldGen: 519645K(667648K)->519645K(667648K)
[765.063s][info][gc,metaspace   ] GC(2487) Metaspace: 19092K(19200K)->19092K(19200K) NonClass: 17263K(17344K)->17263K(17344K) Class: 1829K(1856K)->1829K(1856K)
[765.063s][info][gc             ] GC(2487) Pause Young (Allocation Failure) 667M->600M(863M) 66.284ms
[765.063s][info][gc,cpu         ] GC(2487) User=0.14s Sys=0.00s Real=0.06s
[765.120s][info][gc,start       ] GC(2488) Pause Young (Allocation Failure)
[765.215s][info][gc,heap        ] GC(2488) PSYoungGen: 205472K(216576K)->111088K(222720K) Eden: 110080K(110080K)->0K(111616K) From: 95392K(106496K)->111088K(111104K)
[765.215s][info][gc,heap        ] GC(2488) ParOldGen: 519645K(667648K)->540465K(667648K)
[765.215s][info][gc,metaspace   ] GC(2488) Metaspace: 19092K(19200K)->19092K(19200K) NonClass: 17263K(17344K)->17263K(17344K) Class: 1829K(1856K)->1829K(1856K)
[765.215s][info][gc             ] GC(2488) Pause Young (Allocation Failure) 708M->636M(869M) 94.270ms
[765.215s][info][gc,cpu         ] GC(2488) User=0.18s Sys=0.01s Real=0.10s
[765.370s][info][gc,start       ] GC(2489) Pause Young (Allocation Failure)
[765.472s][info][gc,heap        ] GC(2489) PSYoungGen: 222704K(222720K)->56624K(222720K) Eden: 111616K(111616K)->0K(111616K) From: 111088K(111104K)->56624K(111104K)
[765.472s][info][gc,heap        ] GC(2489) ParOldGen: 540465K(667648K)->631153K(667648K)
[765.472s][info][gc,metaspace   ] GC(2489) Metaspace: 19096K(19200K)->19096K(19200K) NonClass: 17266K(17344K)->17266K(17344K) Class: 1829K(1856K)->1829K(1856K)
[765.472s][info][gc             ] GC(2489) Pause Young (Allocation Failure) 745M->671M(869M) 102.064ms
[765.472s][info][gc,cpu         ] GC(2489) User=0.20s Sys=0.00s Real=0.10s
[765.674s][info][gc,start       ] GC(2490) Pause Full (Allocation Failure)
[765.674s][info][gc,phases,start] GC(2490) Marking Phase
[765.816s][info][gc,phases      ] GC(2490) Marking Phase 141.854ms
[765.816s][info][gc,phases,start] GC(2490) Summary Phase
[765.816s][info][gc,phases      ] GC(2490) Summary Phase 0.027ms
[765.816s][info][gc,phases,start] GC(2490) Forward
[765.867s][info][gc,phases      ] GC(2490) Forward 50.986ms
[765.867s][info][gc,phases,start] GC(2490) Adjust Pointers
[765.969s][info][gc,phases      ] GC(2490) Adjust Pointers 101.715ms
[765.969s][info][gc,phases,start] GC(2490) Compaction Phase
[766.034s][info][gc,phases      ] GC(2490) Compaction Phase 64.423ms
[766.038s][info][gc,phases,start] GC(2490) Post Compact
[766.040s][info][gc,phases      ] GC(2490) Post Compact 2.424ms
[766.053s][info][gc,heap        ] GC(2490) PSYoungGen: 168240K(222720K)->0K(222720K) Eden: 111616K(111616K)->0K(111616K) From: 56624K(111104K)->0K(111104K)
[766.053s][info][gc,heap        ] GC(2490) ParOldGen: 631153K(667648K)->237236K(532992K)
[766.053s][info][gc,metaspace   ] GC(2490) Metaspace: 19097K(19200K)->19097K(19200K) NonClass: 17267K(17344K)->17267K(17344K) Class: 1829K(1856K)->1829K(1856K)
[766.053s][info][gc             ] GC(2490) Pause Full (Allocation Failure) 780M->231M(738M) 378.251ms
[766.053s][info][gc,cpu         ] GC(2490) User=0.66s Sys=0.01s Real=0.37s
[766.148s][info][gc,start       ] GC(2491) Pause Young (Allocation Failure)
[766.179s][info][gc,heap        ] GC(2491) PSYoungGen: 111616K(222720K)->19456K(222720K) Eden: 111616K(111616K)->0K(111616K) From: 0K(111104K)->19456K(111104K)
[766.179s][info][gc,heap        ] GC(2491) ParOldGen: 237236K(532992K)->237236K(532992K)
[766.179s][info][gc,metaspace   ] GC(2491) Metaspace: 19097K(19200K)->19097K(19200K) NonClass: 17267K(17344K)->17267K(17344K) Class: 1829K(1856K)->1829K(1856K)
[766.179s][info][gc             ] GC(2491) Pause Young (Allocation Failure) 340M->250M(738M) 30.840ms
[766.179s][info][gc,cpu         ] GC(2491) User=0.06s Sys=0.00s Real=0.03s
[766.266s][info][gc,start       ] GC(2492) Pause Young (Allocation Failure)
[766.306s][info][gc,heap        ] GC(2492) PSYoungGen: 131072K(222720K)->12768K(222720K) Eden: 111616K(111616K)->0K(111616K) From: 19456K(111104K)->12768K(111104K)
[766.306s][info][gc,heap        ] GC(2492) ParOldGen: 237236K(532992K)->256740K(532992K)
[766.306s][info][gc,metaspace   ] GC(2492) Metaspace: 19097K(19200K)->19097K(19200K) NonClass: 17267K(17344K)->17267K(17344K) Class: 1829K(1856K)->1829K(1856K)
[766.306s][info][gc             ] GC(2492) Pause Young (Allocation Failure) 359M->263M(738M) 39.526ms
[766.306s][info][gc,cpu         ] GC(2492) User=0.07s Sys=0.00s Real=0.04s
[766.388s][info][gc,start       ] GC(2493) Pause Young (Allocation Failure)
[766.406s][info][gc,heap        ] GC(2493) PSYoungGen: 124384K(222720K)->3232K(222720K) Eden: 111616K(111616K)->0K(111616K) From: 12768K(111104K)->3232K(111104K)
[766.406s][info][gc,heap        ] GC(2493) ParOldGen: 256740K(532992K)->269500K(532992K)
[766.406s][info][gc,metaspace   ] GC(2493) Metaspace: 19097K(19200K)->19097K(19200K) NonClass: 17267K(17344K)->17267K(17344K) Class: 1829K(1856K)->1829K(1856K)
[766.406s][info][gc             ] GC(2493) Pause Young (Allocation Failure) 372M->266M(738M) 17.344ms
[766.406s][info][gc,cpu         ] GC(2493) User=0.03s Sys=0.00s Real=0.02s
[766.513s][info][gc,start       ] GC(2494) Pause Young (Allocation Failure)
[766.528s][info][gc,heap        ] GC(2494) PSYoungGen: 114848K(222720K)->10048K(222720K) Eden: 111616K(111616K)->0K(111616K) From: 3232K(111104K)->10048K(111104K)
[766.528s][info][gc,heap        ] GC(2494) ParOldGen: 269500K(532992K)->272716K(532992K)
[766.528s][info][gc,metaspace   ] GC(2494) Metaspace: 19097K(19200K)->19097K(19200K) NonClass: 17267K(17344K)->17267K(17344K) Class: 1829K(1856K)->1829K(1856K)
[766.528s][info][gc             ] GC(2494) Pause Young (Allocation Failure) 375M->276M(738M) 15.129ms
[766.529s][info][gc,cpu         ] GC(2494) User=0.03s Sys=0.00s Real=0.02s
[766.630s][info][gc,start       ] GC(2495) Pause Young (Allocation Failure)
[766.643s][info][gc,heap        ] GC(2495) PSYoungGen: 121664K(222720K)->448K(222720K) Eden: 111616K(111616K)->0K(111616K) From: 10048K(111104K)->448K(111104K)
[766.643s][info][gc,heap        ] GC(2495) ParOldGen: 272716K(532992K)->282692K(532992K)
[766.643s][info][gc,metaspace   ] GC(2495) Metaspace: 19097K(19200K)->19097K(19200K) NonClass: 17267K(17344K)->17267K(17344K) Class: 1829K(1856K)->1829K(1856K)
[766.643s][info][gc             ] GC(2495) Pause Young (Allocation Failure) 385M->276M(738M) 13.449ms
[766.643s][info][gc,cpu         ] GC(2495) User=0.03s Sys=0.00s Real=0.01s
[766.738s][info][gc,start       ] GC(2496) Pause Young (Allocation Failure)
[766.741s][info][gc,heap        ] GC(2496) PSYoungGen: 112064K(222720K)->128K(222720K) Eden: 111616K(111616K)->0K(111616K) From: 448K(111104K)->128K(111104K)
[766.741s][info][gc,heap        ] GC(2496) ParOldGen: 282692K(532992K)->283129K(532992K)
[766.741s][info][gc,metaspace   ] GC(2496) Metaspace: 19097K(19200K)->19097K(19200K) NonClass: 17267K(17344K)->17267K(17344K) Class: 1829K(1856K)->1829K(1856K)
[766.741s][info][gc             ] GC(2496) Pause Young (Allocation Failure) 385M->276M(738M) 2.895ms
[766.741s][info][gc,cpu         ] GC(2496) User=0.00s Sys=0.00s Real=0.00s
[766.850s][info][gc,start       ] GC(2497) Pause Young (Allocation Failure)
[766.855s][info][gc,heap        ] GC(2497) PSYoungGen: 111744K(222720K)->2272K(222720K) Eden: 111616K(111616K)->0K(111616K) From: 128K(111104K)->2272K(111104K)
[766.855s][info][gc,heap        ] GC(2497) ParOldGen: 283129K(532992K)->283241K(532992K)
[766.855s][info][gc,metaspace   ] GC(2497) Metaspace: 19097K(19200K)->19097K(19200K) NonClass: 17267K(17344K)->17267K(17344K) Class: 1829K(1856K)->1829K(1856K)
[766.855s][info][gc             ] GC(2497) Pause Young (Allocation Failure) 385M->278M(738M) 5.379ms
[766.855s][info][gc,cpu         ] GC(2497) User=0.01s Sys=0.00s Real=0.01s
[766.920s][info][gc,start       ] GC(2498) Pause Young (Allocation Failure)
[766.945s][info][gc,heap        ] GC(2498) PSYoungGen: 113888K(222720K)->22464K(208384K) Eden: 111616K(111616K)->0K(111616K) From: 2272K(111104K)->22464K(96768K)
[766.945s][info][gc,heap        ] GC(2498) ParOldGen: 283241K(532992K)->285481K(532992K)
[766.945s][info][gc,metaspace   ] GC(2498) Metaspace: 19097K(19200K)->19097K(19200K) NonClass: 17267K(17344K)->17267K(17344K) Class: 1829K(1856K)->1829K(1856K)
[766.945s][info][gc             ] GC(2498) Pause Young (Allocation Failure) 387M->300M(724M) 25.573ms
[766.945s][info][gc,cpu         ] GC(2498) User=0.05s Sys=0.01s Real=0.03s
[767.014s][info][gc,start       ] GC(2499) Pause Young (Allocation Failure)
[767.069s][info][gc,heap        ] GC(2499) PSYoungGen: 134080K(208384K)->60848K(215552K) Eden: 111616K(111616K)->0K(111616K) From: 22464K(96768K)->60848K(103936K)
[767.069s][info][gc,heap        ] GC(2499) ParOldGen: 285481K(532992K)->285481K(532992K)
[767.069s][info][gc,metaspace   ] GC(2499) Metaspace: 19097K(19200K)->19097K(19200K) NonClass: 17267K(17344K)->17267K(17344K) Class: 1829K(1856K)->1829K(1856K)
[767.069s][info][gc             ] GC(2499) Pause Young (Allocation Failure) 409M->338M(731M) 55.810ms
[767.069s][info][gc,cpu         ] GC(2499) User=0.11s Sys=0.00s Real=0.05s
[767.216s][info][gc,start       ] GC(2500) Pause Young (Allocation Failure)
[767.279s][info][gc,heap        ] GC(2500) PSYoungGen: 172464K(215552K)->74963K(221184K) Eden: 111616K(111616K)->0K(111616K) From: 60848K(103936K)->74963K(109568K)
[767.279s][info][gc,heap        ] GC(2500) ParOldGen: 285481K(532992K)->285481K(532992K)
[767.279s][info][gc,metaspace   ] GC(2500) Metaspace: 19097K(19200K)->19097K(19200K) NonClass: 17267K(17344K)->17267K(17344K) Class: 1829K(1856K)->1829K(1856K)
[767.279s][info][gc             ] GC(2500) Pause Young (Allocation Failure) 447M->351M(736M) 63.288ms
[767.279s][info][gc,cpu         ] GC(2500) User=0.13s Sys=0.00s Real=0.06s
[767.340s][info][gc,start       ] GC(2501) Pause Young (Allocation Failure)
[767.411s][info][gc,heap        ] GC(2501) PSYoungGen: 186579K(221184K)->20259K(222720K) Eden: 111616K(111616K)->0K(111616K) From: 74963K(109568K)->20259K(111104K)
[767.411s][info][gc,heap        ] GC(2501) ParOldGen: 285481K(532992K)->346717K(532992K)
[767.411s][info][gc,metaspace   ] GC(2501) Metaspace: 19097K(19200K)->19097K(19200K) NonClass: 17267K(17344K)->17267K(17344K) Class: 1829K(1856K)->1829K(1856K)
[767.411s][info][gc             ] GC(2501) Pause Young (Allocation Failure) 460M->358M(738M) 71.344ms
[767.411s][info][gc,cpu         ] GC(2501) User=0.14s Sys=0.00s Real=0.07s
[767.472s][info][gc,start       ] GC(2502) Pause Young (Allocation Failure)
[767.502s][info][gc,heap        ] GC(2502) PSYoungGen: 131875K(222720K)->2016K(218624K) Eden: 111616K(111616K)->0K(111616K) From: 20259K(111104K)->2016K(107008K)
[767.502s][info][gc,heap        ] GC(2502) ParOldGen: 346717K(532992K)->367012K(532992K)
[767.502s][info][gc,metaspace   ] GC(2502) Metaspace: 19097K(19200K)->19097K(19200K) NonClass: 17267K(17344K)->17267K(17344K) Class: 1829K(1856K)->1829K(1856K)
[767.502s][info][gc             ] GC(2502) Pause Young (Allocation Failure) 467M->360M(734M) 29.912ms
[767.502s][info][gc,cpu         ] GC(2502) User=0.06s Sys=0.00s Real=0.03s
[767.630s][info][gc,start       ] GC(2503) Pause Young (Allocation Failure)
[767.636s][info][gc,heap        ] GC(2503) PSYoungGen: 113632K(218624K)->3360K(220672K) Eden: 111616K(111616K)->0K(111616K) From: 2016K(107008K)->3360K(109056K)
[767.636s][info][gc,heap        ] GC(2503) ParOldGen: 367012K(532992K)->367012K(532992K)
[767.636s][info][gc,metaspace   ] GC(2503) Metaspace: 19097K(19200K)->19097K(19200K) NonClass: 17267K(17344K)->17267K(17344K) Class: 1829K(1856K)->1829K(1856K)
[767.636s][info][gc             ] GC(2503) Pause Young (Allocation Failure) 469M->361M(736M) 5.358ms
[767.636s][info][gc,cpu         ] GC(2503) User=0.02s Sys=0.00s Real=0.01s
[767.955s][info][gc,start       ] GC(2504) Pause Young (Allocation Failure)
[767.962s][info][gc,heap        ] GC(2504) PSYoungGen: 114976K(220672K)->4800K(214016K) Eden: 111616K(111616K)->0K(117760K) From: 3360K(109056K)->4800K(96256K)
[767.962s][info][gc,heap        ] GC(2504) ParOldGen: 367012K(532992K)->367012K(532992K)
[767.962s][info][gc,metaspace   ] GC(2504) Metaspace: 19097K(19200K)->19097K(19200K) NonClass: 17267K(17344K)->17267K(17344K) Class: 1829K(1856K)->1829K(1856K)
[767.962s][info][gc             ] GC(2504) Pause Young (Allocation Failure) 470M->363M(729M) 7.285ms
[767.962s][info][gc,cpu         ] GC(2504) User=0.01s Sys=0.00s Real=0.00s
[768.231s][info][gc,start       ] GC(2505) Pause Young (Allocation Failure)
[768.239s][info][gc,heap        ] GC(2505) PSYoungGen: 122560K(214016K)->5216K(218624K) Eden: 117760K(117760K)->0K(117760K) From: 4800K(96256K)->5216K(100864K)
[768.239s][info][gc,heap        ] GC(2505) ParOldGen: 367012K(532992K)->367012K(532992K)
[768.239s][info][gc,metaspace   ] GC(2505) Metaspace: 19097K(19200K)->19097K(19200K) NonClass: 17267K(17344K)->17267K(17344K) Class: 1829K(1856K)->1829K(1856K)
[768.239s][info][gc             ] GC(2505) Pause Young (Allocation Failure) 478M->363M(734M) 8.305ms
[768.239s][info][gc,cpu         ] GC(2505) User=0.02s Sys=0.00s Real=0.01s
[768.403s][info][gc,start       ] GC(2506) Pause Young (Allocation Failure)
[768.446s][info][gc,heap        ] GC(2506) PSYoungGen: 122976K(218624K)->47408K(217600K) Eden: 117760K(117760K)->0K(121344K) From: 5216K(100864K)->47408K(96256K)
[768.446s][info][gc,heap        ] GC(2506) ParOldGen: 367012K(532992K)->367012K(532992K)
[768.446s][info][gc,metaspace   ] GC(2506) Metaspace: 19097K(19200K)->19097K(19200K) NonClass: 17267K(17344K)->17267K(17344K) Class: 1829K(1856K)->1829K(1856K)
[768.446s][info][gc             ] GC(2506) Pause Young (Allocation Failure) 478M->404M(733M) 43.143ms
[768.446s][info][gc,cpu         ] GC(2506) User=0.09s Sys=0.00s Real=0.05s
[768.550s][info][gc,start       ] GC(2507) Pause Young (Allocation Failure)
[768.615s][info][gc,heap        ] GC(2507) PSYoungGen: 168752K(217600K)->76880K(219648K) Eden: 121344K(121344K)->0K(121344K) From: 47408K(96256K)->76880K(98304K)
[768.615s][info][gc,heap        ] GC(2507) ParOldGen: 367012K(532992K)->367012K(532992K)
[768.615s][info][gc,metaspace   ] GC(2507) Metaspace: 19097K(19200K)->19097K(19200K) NonClass: 17267K(17344K)->17267K(17344K) Class: 1829K(1856K)->1829K(1856K)
[768.615s][info][gc             ] GC(2507) Pause Young (Allocation Failure) 523M->433M(735M) 65.207ms
[768.615s][info][gc,cpu         ] GC(2507) User=0.13s Sys=0.00s Real=0.07s
[768.761s][info][gc,start       ] GC(2508) Pause Young (Allocation Failure)
[768.844s][info][gc,heap        ] GC(2508) PSYoungGen: 198224K(219648K)->92128K(222208K) Eden: 121344K(121344K)->0K(111616K) From: 76880K(98304K)->92128K(110592K)
[768.844s][info][gc,heap        ] GC(2508) ParOldGen: 367012K(532992K)->367012K(532992K)
[768.844s][info][gc,metaspace   ] GC(2508) Metaspace: 19097K(19200K)->19097K(19200K) NonClass: 17267K(17344K)->17267K(17344K) Class: 1829K(1856K)->1829K(1856K)
[768.844s][info][gc             ] GC(2508) Pause Young (Allocation Failure) 551M->448M(737M) 82.993ms
[768.844s][info][gc,cpu         ] GC(2508) User=0.17s Sys=0.00s Real=0.09s
[768.940s][info][gc,start       ] GC(2509) Pause Young (Allocation Failure)
[769.024s][info][gc,heap        ] GC(2509) PSYoungGen: 203744K(222208K)->89824K(222720K) Eden: 111616K(111616K)->0K(111616K) From: 92128K(110592K)->89824K(111104K)
[769.024s][info][gc,heap        ] GC(2509) ParOldGen: 367012K(532992K)->370364K(532992K)
[769.024s][info][gc,metaspace   ] GC(2509) Metaspace: 19097K(19200K)->19097K(19200K) NonClass: 17267K(17344K)->17267K(17344K) Class: 1829K(1856K)->1829K(1856K)
[769.024s][info][gc             ] GC(2509) Pause Young (Allocation Failure) 557M->449M(738M) 84.590ms
[769.024s][info][gc,cpu         ] GC(2509) User=0.16s Sys=0.00s Real=0.09s
[769.130s][info][gc,start       ] GC(2510) Pause Young (Allocation Failure)
[769.210s][info][gc,heap        ] GC(2510) PSYoungGen: 201440K(222720K)->88800K(222720K) Eden: 111616K(111616K)->0K(111616K) From: 89824K(111104K)->88800K(111104K)
[769.210s][info][gc,heap        ] GC(2510) ParOldGen: 370364K(532992K)->372209K(532992K)
[769.210s][info][gc,metaspace   ] GC(2510) Metaspace: 19097K(19200K)->19097K(19200K) NonClass: 17267K(17344K)->17267K(17344K) Class: 1829K(1856K)->1829K(1856K)
[769.210s][info][gc             ] GC(2510) Pause Young (Allocation Failure) 558M->450M(738M) 80.227ms
[769.210s][info][gc,cpu         ] GC(2510) User=0.16s Sys=0.00s Real=0.08s
[769.493s][info][gc,start       ] GC(2511) Pause Young (Allocation Failure)
[769.574s][info][gc,heap        ] GC(2511) PSYoungGen: 200416K(222720K)->17728K(222720K) Eden: 111616K(111616K)->0K(111616K) From: 88800K(111104K)->17728K(111104K)
[769.574s][info][gc,heap        ] GC(2511) ParOldGen: 372209K(532992K)->444338K(532992K)
[769.574s][info][gc,metaspace   ] GC(2511) Metaspace: 19097K(19200K)->19097K(19200K) NonClass: 17267K(17344K)->17267K(17344K) Class: 1829K(1856K)->1829K(1856K)
[769.574s][info][gc             ] GC(2511) Pause Young (Allocation Failure) 559M->451M(738M) 80.524ms
[769.574s][info][gc,cpu         ] GC(2511) User=0.16s Sys=0.00s Real=0.08s
[769.746s][info][gc,start       ] GC(2512) Pause Young (Allocation Failure)
[769.803s][info][gc,heap        ] GC(2512) PSYoungGen: 129344K(222720K)->36480K(222720K) Eden: 111616K(111616K)->0K(111616K) From: 17728K(111104K)->36480K(111104K)
[769.803s][info][gc,heap        ] GC(2512) ParOldGen: 444338K(532992K)->460538K(532992K)
[769.803s][info][gc,metaspace   ] GC(2512) Metaspace: 19097K(19200K)->19097K(19200K) NonClass: 17267K(17344K)->17267K(17344K) Class: 1829K(1856K)->1829K(1856K)
[769.803s][info][gc             ] GC(2512) Pause Young (Allocation Failure) 560M->485M(738M) 56.674ms
[769.803s][info][gc,cpu         ] GC(2512) User=0.11s Sys=0.00s Real=0.05s
[769.916s][info][gc,start       ] GC(2513) Pause Young (Allocation Failure)
[770.007s][info][gc,heap        ] GC(2513) PSYoungGen: 148096K(222720K)->96608K(222720K) Eden: 111616K(111616K)->0K(111616K) From: 36480K(111104K)->96608K(111104K)
[770.007s][info][gc,heap        ] GC(2513) ParOldGen: 460538K(532992K)->462082K(532992K)
[770.007s][info][gc,metaspace   ] GC(2513) Metaspace: 19097K(19200K)->19097K(19200K) NonClass: 17267K(17344K)->17267K(17344K) Class: 1829K(1856K)->1829K(1856K)
[770.007s][info][gc             ] GC(2513) Pause Young (Allocation Failure) 594M->545M(738M) 91.047ms
[770.007s][info][gc,cpu         ] GC(2513) User=0.18s Sys=0.00s Real=0.09s
[770.124s][info][gc,start       ] GC(2514) Pause Young (Allocation Failure)
[770.269s][info][gc,heap        ] GC(2514) PSYoungGen: 208224K(222720K)->44536K(222720K) Eden: 111616K(111616K)->0K(111616K) From: 96608K(111104K)->44536K(111104K)
[770.269s][info][gc,heap        ] GC(2514) ParOldGen: 462082K(532992K)->558970K(559104K)
[770.269s][info][gc,metaspace   ] GC(2514) Metaspace: 19097K(19200K)->19097K(19200K) NonClass: 17267K(17344K)->17267K(17344K) Class: 1829K(1856K)->1829K(1856K)
[770.269s][info][gc             ] GC(2514) Pause Young (Allocation Failure) 654M->589M(763M) 144.437ms
[770.269s][info][gc,cpu         ] GC(2514) User=0.27s Sys=0.03s Real=0.14s
[770.339s][info][gc,start       ] GC(2515) Pause Young (Allocation Failure)
[770.430s][info][gc,heap        ] GC(2515) PSYoungGen: 156152K(222720K)->39576K(222720K) Eden: 111616K(111616K)->0K(111616K) From: 44536K(111104K)->39576K(111104K)
[770.430s][info][gc,heap        ] GC(2515) ParOldGen: 558970K(559104K)->600682K(601088K)
[770.431s][info][gc,metaspace   ] GC(2515) Metaspace: 19099K(19200K)->19099K(19200K) NonClass: 17269K(17344K)->17269K(17344K) Class: 1829K(1856K)->1829K(1856K)
[770.431s][info][gc             ] GC(2515) Pause Young (Allocation Failure) 698M->625M(804M) 91.973ms
[770.431s][info][gc,cpu         ] GC(2515) User=0.14s Sys=0.03s Real=0.09s
[770.536s][info][gc,start       ] GC(2516) Pause Full (Allocation Failure)
[770.536s][info][gc,phases,start] GC(2516) Marking Phase
[770.605s][info][gc,phases      ] GC(2516) Marking Phase 69.418ms
[770.606s][info][gc,phases,start] GC(2516) Summary Phase
[770.606s][info][gc,phases      ] GC(2516) Summary Phase 0.031ms
[770.606s][info][gc,phases,start] GC(2516) Forward
[770.621s][info][gc,phases      ] GC(2516) Forward 15.063ms
[770.621s][info][gc,phases,start] GC(2516) Adjust Pointers
[770.668s][info][gc,phases      ] GC(2516) Adjust Pointers 47.593ms
[770.668s][info][gc,phases,start] GC(2516) Compaction Phase
[770.694s][info][gc,phases      ] GC(2516) Compaction Phase 25.255ms
[770.696s][info][gc,phases,start] GC(2516) Post Compact
[770.698s][info][gc,phases      ] GC(2516) Post Compact 2.267ms
[770.713s][info][gc,heap        ] GC(2516) PSYoungGen: 151192K(222720K)->0K(222720K) Eden: 111616K(111616K)->0K(111616K) From: 39576K(111104K)->0K(111104K)
[770.713s][info][gc,heap        ] GC(2516) ParOldGen: 600682K(601088K)->110133K(431104K)
[770.713s][info][gc,metaspace   ] GC(2516) Metaspace: 19099K(19200K)->19099K(19200K) NonClass: 17270K(17344K)->17270K(17344K) Class: 1829K(1856K)->1829K(1856K)
[770.713s][info][gc             ] GC(2516) Pause Full (Allocation Failure) 734M->107M(638M) 177.023ms
[770.713s][info][gc,cpu         ] GC(2516) User=0.29s Sys=0.02s Real=0.17s
[770.782s][info][gc,start       ] GC(2517) Pause Young (Allocation Failure)
[770.785s][info][gc,heap        ] GC(2517) PSYoungGen: 111616K(222720K)->2016K(222720K) Eden: 111616K(111616K)->0K(111616K) From: 0K(111104K)->2016K(111104K)
[770.786s][info][gc,heap        ] GC(2517) ParOldGen: 110133K(431104K)->110133K(431104K)
[770.786s][info][gc,metaspace   ] GC(2517) Metaspace: 19099K(19200K)->19099K(19200K) NonClass: 17270K(17344K)->17270K(17344K) Class: 1829K(1856K)->1829K(1856K)
[770.786s][info][gc             ] GC(2517) Pause Young (Allocation Failure) 216M->109M(638M) 3.118ms
[770.786s][info][gc,cpu         ] GC(2517) User=0.00s Sys=0.00s Real=0.01s
[770.834s][info][gc,start       ] GC(2518) Pause Young (Allocation Failure)
[770.852s][info][gc,heap        ] GC(2518) PSYoungGen: 113632K(222720K)->22032K(222720K) Eden: 111616K(111616K)->0K(111616K) From: 2016K(111104K)->22032K(111104K)
[770.852s][info][gc,heap        ] GC(2518) ParOldGen: 110133K(431104K)->112133K(431104K)
[770.852s][info][gc,metaspace   ] GC(2518) Metaspace: 19099K(19200K)->19099K(19200K) NonClass: 17270K(17344K)->17270K(17344K) Class: 1829K(1856K)->1829K(1856K)
[770.852s][info][gc             ] GC(2518) Pause Young (Allocation Failure) 218M->131M(638M) 18.344ms
[770.852s][info][gc,cpu         ] GC(2518) User=0.04s Sys=0.00s Real=0.01s
[770.895s][info][gc,start       ] GC(2519) Pause Young (Allocation Failure)
[770.930s][info][gc,heap        ] GC(2519) PSYoungGen: 133648K(222720K)->31424K(222720K) Eden: 111616K(111616K)->0K(111616K) From: 22032K(111104K)->31424K(111104K)
[770.930s][info][gc,heap        ] GC(2519) ParOldGen: 112133K(431104K)->134437K(431104K)
[770.930s][info][gc,metaspace   ] GC(2519) Metaspace: 19099K(19200K)->19099K(19200K) NonClass: 17270K(17344K)->17270K(17344K) Class: 1829K(1856K)->1829K(1856K)
[770.930s][info][gc             ] GC(2519) Pause Young (Allocation Failure) 240M->161M(638M) 35.181ms
[770.930s][info][gc,cpu         ] GC(2519) User=0.07s Sys=0.00s Real=0.03s
[771.026s][info][gc,start       ] GC(2520) Pause Young (Allocation Failure)
[771.059s][info][gc,heap        ] GC(2520) PSYoungGen: 143040K(222720K)->18304K(221696K) Eden: 111616K(111616K)->0K(111616K) From: 31424K(111104K)->18304K(110080K)
[771.059s][info][gc,heap        ] GC(2520) ParOldGen: 134437K(431104K)->166229K(431104K)
[771.059s][info][gc,metaspace   ] GC(2520) Metaspace: 19099K(19200K)->19099K(19200K) NonClass: 17270K(17344K)->17270K(17344K) Class: 1829K(1856K)->1829K(1856K)
[771.059s][info][gc             ] GC(2520) Pause Young (Allocation Failure) 270M->180M(637M) 32.591ms
[771.059s][info][gc,cpu         ] GC(2520) User=0.07s Sys=0.00s Real=0.03s
[771.180s][info][gc,start       ] GC(2521) Pause Young (Allocation Failure)
[771.198s][info][gc,heap        ] GC(2521) PSYoungGen: 129920K(221696K)->20800K(132608K) Eden: 111616K(111616K)->0K(111616K) From: 18304K(110080K)->20800K(20992K)
[771.198s][info][gc,heap        ] GC(2521) ParOldGen: 166229K(431104K)->166229K(431104K)
[771.198s][info][gc,metaspace   ] GC(2521) Metaspace: 19099K(19200K)->19099K(19200K) NonClass: 17270K(17344K)->17270K(17344K) Class: 1829K(1856K)->1829K(1856K)
[771.199s][info][gc             ] GC(2521) Pause Young (Allocation Failure) 289M->182M(550M) 18.500ms
[771.199s][info][gc,cpu         ] GC(2521) User=0.04s Sys=0.00s Real=0.02s
[771.366s][info][gc,start       ] GC(2522) Pause Young (Allocation Failure)
[771.414s][info][gc,heap        ] GC(2522) PSYoungGen: 132416K(132608K)->39972K(221696K) Eden: 111616K(111616K)->0K(118272K) From: 20800K(20992K)->39972K(103424K)
[771.414s][info][gc,heap        ] GC(2522) ParOldGen: 166229K(431104K)->166237K(431104K)
[771.414s][info][gc,metaspace   ] GC(2522) Metaspace: 19102K(19200K)->19102K(19200K) NonClass: 17273K(17344K)->17273K(17344K) Class: 1829K(1856K)->1829K(1856K)
[771.414s][info][gc             ] GC(2522) Pause Young (Allocation Failure) 291M->201M(637M) 48.549ms
[771.414s][info][gc,cpu         ] GC(2522) User=0.09s Sys=0.00s Real=0.05s
[771.552s][info][gc,start       ] GC(2523) Pause Young (Allocation Failure)
[771.615s][info][gc,heap        ] GC(2523) PSYoungGen: 158244K(221696K)->58148K(219136K) Eden: 118272K(118272K)->0K(118272K) From: 39972K(103424K)->58148K(100864K)
[771.615s][info][gc,heap        ] GC(2523) ParOldGen: 166237K(431104K)->166237K(431104K)
[771.615s][info][gc,metaspace   ] GC(2523) Metaspace: 19102K(19200K)->19102K(19200K) NonClass: 17273K(17344K)->17273K(17344K) Class: 1829K(1856K)->1829K(1856K)
[771.615s][info][gc             ] GC(2523) Pause Young (Allocation Failure) 316M->219M(635M) 62.429ms
[771.615s][info][gc,cpu         ] GC(2523) User=0.12s Sys=0.00s Real=0.07s
[771.716s][info][gc,start       ] GC(2524) Pause Young (Allocation Failure)
[771.843s][info][gc,heap        ] GC(2524) PSYoungGen: 176420K(219136K)->102372K(214016K) Eden: 118272K(118272K)->0K(111616K) From: 58148K(100864K)->102372K(102400K)
[771.843s][info][gc,heap        ] GC(2524) ParOldGen: 166237K(431104K)->179973K(431104K)
[771.843s][info][gc,metaspace   ] GC(2524) Metaspace: 19102K(19200K)->19102K(19200K) NonClass: 17273K(17344K)->17273K(17344K) Class: 1829K(1856K)->1829K(1856K)
[771.843s][info][gc             ] GC(2524) Pause Young (Allocation Failure) 334M->275M(630M) 127.334ms
[771.843s][info][gc,cpu         ] GC(2524) User=0.24s Sys=0.01s Real=0.12s
[771.911s][info][gc,start       ] GC(2525) Pause Young (Allocation Failure)
[772.036s][info][gc,heap        ] GC(2525) PSYoungGen: 213988K(214016K)->111092K(222720K) Eden: 111616K(111616K)->0K(111616K) From: 102372K(102400K)->111092K(111104K)
[772.037s][info][gc,heap        ] GC(2525) ParOldGen: 179973K(431104K)->201189K(431104K)
[772.037s][info][gc,metaspace   ] GC(2525) Metaspace: 19102K(19200K)->19102K(19200K) NonClass: 17273K(17344K)->17273K(17344K) Class: 1829K(1856K)->1829K(1856K)
[772.037s][info][gc             ] GC(2525) Pause Young (Allocation Failure) 384M->304M(638M) 125.693ms
[772.037s][info][gc,cpu         ] GC(2525) User=0.25s Sys=0.00s Real=0.13s
[772.071s][info][gc,start       ] GC(2526) Pause Young (Allocation Failure)
[772.198s][info][gc,heap        ] GC(2526) PSYoungGen: 222708K(222720K)->110928K(222720K) Eden: 111616K(111616K)->0K(111616K) From: 111092K(111104K)->110928K(111104K)
[772.198s][info][gc,heap        ] GC(2526) ParOldGen: 201189K(431104K)->228589K(431104K)
[772.198s][info][gc,metaspace   ] GC(2526) Metaspace: 19102K(19200K)->19102K(19200K) NonClass: 17273K(17344K)->17273K(17344K) Class: 1829K(1856K)->1829K(1856K)
[772.198s][info][gc             ] GC(2526) Pause Young (Allocation Failure) 413M->331M(638M) 126.957ms
[772.198s][info][gc,cpu         ] GC(2526) User=0.26s Sys=0.00s Real=0.13s
[772.254s][info][gc,start       ] GC(2527) Pause Young (Allocation Failure)
[772.362s][info][gc,heap        ] GC(2527) PSYoungGen: 222544K(222720K)->53568K(222720K) Eden: 111616K(111616K)->0K(111616K) From: 110928K(111104K)->53568K(111104K)
[772.362s][info][gc,heap        ] GC(2527) ParOldGen: 228589K(431104K)->312805K(431104K)
[772.362s][info][gc,metaspace   ] GC(2527) Metaspace: 19102K(19200K)->19102K(19200K) NonClass: 17273K(17344K)->17273K(17344K) Class: 1829K(1856K)->1829K(1856K)
[772.362s][info][gc             ] GC(2527) Pause Young (Allocation Failure) 440M->357M(638M) 107.946ms
[772.362s][info][gc,cpu         ] GC(2527) User=0.21s Sys=0.00s Real=0.10s
[772.461s][info][gc,start       ] GC(2528) Pause Young (Allocation Failure)
[772.501s][info][gc,heap        ] GC(2528) PSYoungGen: 165184K(222720K)->1632K(222720K) Eden: 111616K(111616K)->0K(111616K) From: 53568K(111104K)->1632K(111104K)
[772.501s][info][gc,heap        ] GC(2528) ParOldGen: 312805K(431104K)->366965K(431104K)
[772.501s][info][gc,metaspace   ] GC(2528) Metaspace: 19102K(19200K)->19102K(19200K) NonClass: 17273K(17344K)->17273K(17344K) Class: 1829K(1856K)->1829K(1856K)
[772.501s][info][gc             ] GC(2528) Pause Young (Allocation Failure) 466M->359M(638M) 40.073ms
[772.501s][info][gc,cpu         ] GC(2528) User=0.08s Sys=0.00s Real=0.04s
[772.566s][info][gc,start       ] GC(2529) Pause Young (Allocation Failure)
[772.580s][info][gc,heap        ] GC(2529) PSYoungGen: 113248K(222720K)->5120K(222720K) Eden: 111616K(111616K)->0K(111616K) From: 1632K(111104K)->5120K(111104K)
[772.580s][info][gc,heap        ] GC(2529) ParOldGen: 366965K(431104K)->368549K(431104K)
[772.580s][info][gc,metaspace   ] GC(2529) Metaspace: 19102K(19200K)->19102K(19200K) NonClass: 17273K(17344K)->17273K(17344K) Class: 1829K(1856K)->1829K(1856K)
[772.580s][info][gc             ] GC(2529) Pause Young (Allocation Failure) 468M->364M(638M) 13.661ms
[772.580s][info][gc,cpu         ] GC(2529) User=0.02s Sys=0.00s Real=0.01s
[772.685s][info][gc,start       ] GC(2530) Pause Young (Allocation Failure)
[772.710s][info][gc,heap        ] GC(2530) PSYoungGen: 116736K(222720K)->6977K(222720K) Eden: 111616K(111616K)->0K(111616K) From: 5120K(111104K)->6977K(111104K)
[772.710s][info][gc,heap        ] GC(2530) ParOldGen: 368549K(431104K)->373637K(431104K)
[772.710s][info][gc,metaspace   ] GC(2530) Metaspace: 19102K(19200K)->19102K(19200K) NonClass: 17273K(17344K)->17273K(17344K) Class: 1829K(1856K)->1829K(1856K)
[772.710s][info][gc             ] GC(2530) Pause Young (Allocation Failure) 473M->371M(638M) 25.099ms
[772.710s][info][gc,cpu         ] GC(2530) User=0.05s Sys=0.00s Real=0.02s
[772.833s][info][gc,start       ] GC(2531) Pause Young (Allocation Failure)
[772.877s][info][gc,heap        ] GC(2531) PSYoungGen: 118593K(222720K)->27456K(222720K) Eden: 111616K(111616K)->0K(111616K) From: 6977K(111104K)->27456K(111104K)
[772.877s][info][gc,heap        ] GC(2531) ParOldGen: 373637K(431104K)->379842K(431104K)
[772.877s][info][gc,metaspace   ] GC(2531) Metaspace: 19102K(19200K)->19102K(19200K) NonClass: 17273K(17344K)->17273K(17344K) Class: 1829K(1856K)->1829K(1856K)
[772.877s][info][gc             ] GC(2531) Pause Young (Allocation Failure) 480M->397M(638M) 44.598ms
[772.877s][info][gc,cpu         ] GC(2531) User=0.09s Sys=0.00s Real=0.05s
[772.956s][info][gc,start       ] GC(2532) Pause Young (Allocation Failure)
[773.014s][info][gc,heap        ] GC(2532) PSYoungGen: 139072K(222720K)->23936K(222720K) Eden: 111616K(111616K)->0K(111616K) From: 27456K(111104K)->23936K(111104K)
[773.014s][info][gc,heap        ] GC(2532) ParOldGen: 379842K(431104K)->407376K(431104K)
[773.014s][info][gc,metaspace   ] GC(2532) Metaspace: 19102K(19200K)->19102K(19200K) NonClass: 17273K(17344K)->17273K(17344K) Class: 1829K(1856K)->1829K(1856K)
[773.014s][info][gc             ] GC(2532) Pause Young (Allocation Failure) 506M->421M(638M) 57.760ms
[773.014s][info][gc,cpu         ] GC(2532) User=0.11s Sys=0.00s Real=0.06s
[773.164s][info][gc,start       ] GC(2533) Pause Young (Allocation Failure)
[773.205s][info][gc,heap        ] GC(2533) PSYoungGen: 135552K(222720K)->15552K(222720K) Eden: 111616K(111616K)->0K(111616K) From: 23936K(111104K)->15552K(111104K)
[773.205s][info][gc,heap        ] GC(2533) ParOldGen: 407376K(431104K)->431336K(431616K)
[773.205s][info][gc,metaspace   ] GC(2533) Metaspace: 19102K(19200K)->19102K(19200K) NonClass: 17273K(17344K)->17273K(17344K) Class: 1829K(1856K)->1829K(1856K)
[773.205s][info][gc             ] GC(2533) Pause Young (Allocation Failure) 530M->436M(639M) 40.991ms
[773.205s][info][gc,cpu         ] GC(2533) User=0.08s Sys=0.00s Real=0.04s
[773.302s][info][gc,start       ] GC(2534) Pause Young (Allocation Failure)
[773.331s][info][gc,heap        ] GC(2534) PSYoungGen: 127168K(222720K)->3904K(222720K) Eden: 111616K(111616K)->0K(111616K) From: 15552K(111104K)->3904K(111104K)
[773.331s][info][gc,heap        ] GC(2534) ParOldGen: 431336K(431616K)->446936K(446976K)
[773.331s][info][gc,metaspace   ] GC(2534) Metaspace: 19102K(19200K)->19102K(19200K) NonClass: 17273K(17344K)->17273K(17344K) Class: 1829K(1856K)->1829K(1856K)
[773.331s][info][gc             ] GC(2534) Pause Young (Allocation Failure) 545M->440M(654M) 28.838ms
[773.331s][info][gc,cpu         ] GC(2534) User=0.04s Sys=0.01s Real=0.03s
[773.466s][info][gc,start       ] GC(2535) Pause Young (Allocation Failure)
[773.478s][info][gc,heap        ] GC(2535) PSYoungGen: 115520K(222720K)->576K(222720K) Eden: 111616K(111616K)->0K(111616K) From: 3904K(111104K)->576K(111104K)
[773.478s][info][gc,heap        ] GC(2535) ParOldGen: 446936K(446976K)->450840K(451072K)
[773.478s][info][gc,metaspace   ] GC(2535) Metaspace: 19102K(19200K)->19102K(19200K) NonClass: 17273K(17344K)->17273K(17344K) Class: 1829K(1856K)->1829K(1856K)
[773.478s][info][gc             ] GC(2535) Pause Young (Allocation Failure) 549M->440M(658M) 11.938ms
[773.478s][info][gc,cpu         ] GC(2535) User=0.02s Sys=0.00s Real=0.01s
[773.593s][info][gc,start       ] GC(2536) Pause Young (Allocation Failure)
[773.601s][info][gc,heap        ] GC(2536) PSYoungGen: 112192K(222720K)->3456K(222720K) Eden: 111616K(111616K)->0K(111616K) From: 576K(111104K)->3456K(111104K)
[773.601s][info][gc,heap        ] GC(2536) ParOldGen: 450840K(451072K)->451368K(451584K)
[773.601s][info][gc,metaspace   ] GC(2536) Metaspace: 19102K(19200K)->19102K(19200K) NonClass: 17273K(17344K)->17273K(17344K) Class: 1829K(1856K)->1829K(1856K)
[773.601s][info][gc             ] GC(2536) Pause Young (Allocation Failure) 549M->444M(658M) 7.795ms
[773.601s][info][gc,cpu         ] GC(2536) User=0.02s Sys=0.00s Real=0.01s
[773.784s][info][gc,start       ] GC(2537) Pause Young (Allocation Failure)
[773.801s][info][gc,heap        ] GC(2537) PSYoungGen: 115072K(222720K)->10144K(222720K) Eden: 111616K(111616K)->0K(111616K) From: 3456K(111104K)->10144K(111104K)
[773.801s][info][gc,heap        ] GC(2537) ParOldGen: 451368K(451584K)->454816K(455168K)
[773.801s][info][gc,metaspace   ] GC(2537) Metaspace: 19102K(19200K)->19102K(19200K) NonClass: 17273K(17344K)->17273K(17344K) Class: 1829K(1856K)->1829K(1856K)
[773.801s][info][gc             ] GC(2537) Pause Young (Allocation Failure) 553M->454M(662M) 17.476ms
[773.801s][info][gc,cpu         ] GC(2537) User=0.03s Sys=0.00s Real=0.01s
[773.972s][info][gc,start       ] GC(2538) Pause Young (Allocation Failure)
[774.003s][info][gc,heap        ] GC(2538) PSYoungGen: 121760K(222720K)->12832K(213504K) Eden: 111616K(111616K)->0K(111616K) From: 10144K(111104K)->12832K(101888K)
[774.003s][info][gc,heap        ] GC(2538) ParOldGen: 454816K(455168K)->464934K(465408K)
[774.003s][info][gc,metaspace   ] GC(2538) Metaspace: 19102K(19200K)->19102K(19200K) NonClass: 17273K(17344K)->17273K(17344K) Class: 1829K(1856K)->1829K(1856K)
[774.003s][info][gc             ] GC(2538) Pause Young (Allocation Failure) 563M->466M(663M) 30.803ms
[774.003s][info][gc,cpu         ] GC(2538) User=0.06s Sys=0.01s Real=0.03s
[774.350s][info][gc,start       ] GC(2539) Pause Young (Allocation Failure)
[774.365s][info][gc,heap        ] GC(2539) PSYoungGen: 124448K(213504K)->12896K(124928K) Eden: 111616K(111616K)->0K(111616K) From: 12832K(101888K)->12896K(13312K)
[774.365s][info][gc,heap        ] GC(2539) ParOldGen: 464934K(465408K)->464934K(465408K)
[774.365s][info][gc,metaspace   ] GC(2539) Metaspace: 19102K(19200K)->19102K(19200K) NonClass: 17273K(17344K)->17273K(17344K) Class: 1829K(1856K)->1829K(1856K)
[774.365s][info][gc             ] GC(2539) Pause Young (Allocation Failure) 575M->466M(576M) 14.558ms
[774.365s][info][gc,cpu         ] GC(2539) User=0.02s Sys=0.00s Real=0.02s
[774.647s][info][gc,start       ] GC(2540) Pause Young (Allocation Failure)
[774.663s][info][gc,heap        ] GC(2540) PSYoungGen: 124512K(124928K)->13312K(205312K) Eden: 111616K(111616K)->0K(116736K) From: 12896K(13312K)->13312K(88576K)
[774.663s][info][gc,heap        ] GC(2540) ParOldGen: 464934K(465408K)->464934K(465408K)
[774.663s][info][gc,metaspace   ] GC(2540) Metaspace: 19102K(19200K)->19102K(19200K) NonClass: 17273K(17344K)->17273K(17344K) Class: 1829K(1856K)->1829K(1856K)
[774.663s][info][gc             ] GC(2540) Pause Young (Allocation Failure) 575M->467M(655M) 16.062ms
[774.663s][info][gc,cpu         ] GC(2540) User=0.03s Sys=0.00s Real=0.01s
[774.959s][info][gc,start       ] GC(2541) Pause Young (Allocation Failure)
[774.983s][info][gc,heap        ] GC(2541) PSYoungGen: 130048K(205312K)->12960K(211456K) Eden: 116736K(116736K)->0K(116736K) From: 13312K(88576K)->12960K(94720K)
[774.983s][info][gc,heap        ] GC(2541) ParOldGen: 464934K(465408K)->464934K(465408K)
[774.983s][info][gc,metaspace   ] GC(2541) Metaspace: 19102K(19200K)->19102K(19200K) NonClass: 17273K(17344K)->17273K(17344K) Class: 1829K(1856K)->1829K(1856K)
[774.983s][info][gc             ] GC(2541) Pause Young (Allocation Failure) 581M->466M(661M) 24.333ms
[774.983s][info][gc,cpu         ] GC(2541) User=0.05s Sys=0.00s Real=0.03s
[775.225s][info][gc,start       ] GC(2542) Pause Young (Allocation Failure)
[775.246s][info][gc,heap        ] GC(2542) PSYoungGen: 129696K(211456K)->18982K(198144K) Eden: 116736K(116736K)->0K(121344K) From: 12960K(94720K)->18982K(76800K)
[775.246s][info][gc,heap        ] GC(2542) ParOldGen: 464934K(465408K)->464934K(465408K)
[775.246s][info][gc,metaspace   ] GC(2542) Metaspace: 19104K(19200K)->19104K(19200K) NonClass: 17274K(17344K)->17274K(17344K) Class: 1829K(1856K)->1829K(1856K)
[775.246s][info][gc             ] GC(2542) Pause Young (Allocation Failure) 580M->472M(648M) 20.806ms
[775.246s][info][gc,cpu         ] GC(2542) User=0.04s Sys=0.01s Real=0.02s
[775.307s][info][gc,start       ] GC(2543) Pause Young (Allocation Failure)
[775.360s][info][gc,heap        ] GC(2543) PSYoungGen: 140326K(198144K)->64982K(204800K) Eden: 121344K(121344K)->0K(121344K) From: 18982K(76800K)->64982K(83456K)
[775.360s][info][gc,heap        ] GC(2543) ParOldGen: 464934K(465408K)->464934K(465408K)
[775.360s][info][gc,metaspace   ] GC(2543) Metaspace: 19104K(19200K)->19104K(19200K) NonClass: 17274K(17344K)->17274K(17344K) Class: 1829K(1856K)->1829K(1856K)
[775.360s][info][gc             ] GC(2543) Pause Young (Allocation Failure) 591M->517M(654M) 52.740ms
[775.360s][info][gc,cpu         ] GC(2543) User=0.11s Sys=0.00s Real=0.05s
[775.520s][info][gc,start       ] GC(2544) Pause Young (Allocation Failure)
[775.600s][info][gc,heap        ] GC(2544) PSYoungGen: 186326K(204800K)->92310K(204288K) Eden: 121344K(121344K)->0K(111104K) From: 64982K(83456K)->92310K(93184K)
[775.600s][info][gc,heap        ] GC(2544) ParOldGen: 464934K(465408K)->464934K(465408K)
[775.600s][info][gc,metaspace   ] GC(2544) Metaspace: 19104K(19200K)->19104K(19200K) NonClass: 17274K(17344K)->17274K(17344K) Class: 1829K(1856K)->1829K(1856K)
[775.600s][info][gc             ] GC(2544) Pause Young (Allocation Failure) 635M->544M(654M) 80.381ms
[775.600s][info][gc,cpu         ] GC(2544) User=0.13s Sys=0.02s Real=0.08s
[775.688s][info][gc,start       ] GC(2545) Pause Young (Allocation Failure)
[775.753s][info][gc,heap        ] GC(2545) PSYoungGen: 203414K(204288K)->94614K(222208K) Eden: 111104K(111104K)->0K(111104K) From: 92310K(93184K)->94614K(111104K)
[775.753s][info][gc,heap        ] GC(2545) ParOldGen: 464934K(465408K)->464934K(465408K)
[775.753s][info][gc,metaspace   ] GC(2545) Metaspace: 19104K(19200K)->19104K(19200K) NonClass: 17274K(17344K)->17274K(17344K) Class: 1829K(1856K)->1829K(1856K)
[775.753s][info][gc             ] GC(2545) Pause Young (Allocation Failure) 652M->546M(671M) 65.447ms
[775.753s][info][gc,cpu         ] GC(2545) User=0.13s Sys=0.00s Real=0.06s
[775.935s][info][gc,start       ] GC(2546) Pause Young (Allocation Failure)
[776.044s][info][gc,heap        ] GC(2546) PSYoungGen: 205718K(222208K)->101059K(222720K) Eden: 111104K(111104K)->0K(111616K) From: 94614K(111104K)->101059K(111104K)
[776.044s][info][gc,heap        ] GC(2546) ParOldGen: 464934K(465408K)->477790K(478208K)
[776.044s][info][gc,metaspace   ] GC(2546) Metaspace: 19104K(19200K)->19104K(19200K) NonClass: 17274K(17344K)->17274K(17344K) Class: 1829K(1856K)->1829K(1856K)
[776.044s][info][gc             ] GC(2546) Pause Young (Allocation Failure) 654M->565M(684M) 109.174ms
[776.044s][info][gc,cpu         ] GC(2546) User=0.20s Sys=0.01s Real=0.11s
[776.190s][info][gc,start       ] GC(2547) Pause Young (Allocation Failure)
[776.309s][info][gc,heap        ] GC(2547) PSYoungGen: 212675K(222720K)->111075K(222720K) Eden: 111616K(111616K)->0K(111616K) From: 101059K(111104K)->111075K(111104K)
[776.309s][info][gc,heap        ] GC(2547) ParOldGen: 477790K(478208K)->485422K(485888K)
[776.309s][info][gc,metaspace   ] GC(2547) Metaspace: 19104K(19200K)->19104K(19200K) NonClass: 17274K(17344K)->17274K(17344K) Class: 1829K(1856K)->1829K(1856K)
[776.309s][info][gc             ] GC(2547) Pause Young (Allocation Failure) 674M->582M(692M) 118.841ms
[776.309s][info][gc,cpu         ] GC(2547) User=0.23s Sys=0.00s Real=0.12s
[776.441s][info][gc,start       ] GC(2548) Pause Young (Allocation Failure)
[776.591s][info][gc,heap        ] GC(2548) PSYoungGen: 222691K(222720K)->75180K(222720K) Eden: 111616K(111616K)->0K(111616K) From: 111075K(111104K)->75180K(111104K)
[776.591s][info][gc,heap        ] GC(2548) ParOldGen: 485422K(485888K)->538015K(538112K)
[776.591s][info][gc,metaspace   ] GC(2548) Metaspace: 19104K(19200K)->19104K(19200K) NonClass: 17274K(17344K)->17274K(17344K) Class: 1829K(1856K)->1829K(1856K)
[776.591s][info][gc             ] GC(2548) Pause Young (Allocation Failure) 691M->598M(743M) 150.383ms
[776.592s][info][gc,cpu         ] GC(2548) User=0.26s Sys=0.04s Real=0.15s
[776.660s][info][gc,start       ] GC(2549) Pause Young (Allocation Failure)
[776.762s][info][gc,heap        ] GC(2549) PSYoungGen: 186796K(222720K)->53516K(222720K) Eden: 111616K(111616K)->0K(111616K) From: 75180K(111104K)->53516K(111104K)
[776.762s][info][gc,heap        ] GC(2549) ParOldGen: 538015K(538112K)->567919K(568320K)
[776.762s][info][gc,metaspace   ] GC(2549) Metaspace: 19104K(19200K)->19104K(19200K) NonClass: 17274K(17344K)->17274K(17344K) Class: 1829K(1856K)->1829K(1856K)
[776.762s][info][gc             ] GC(2549) Pause Young (Allocation Failure) 707M->606M(772M) 101.792ms
[776.762s][info][gc,cpu         ] GC(2549) User=0.17s Sys=0.03s Real=0.10s
[776.866s][info][gc,start       ] GC(2550) Pause Young (Allocation Failure)
[776.951s][info][gc,heap        ] GC(2550) PSYoungGen: 165132K(222720K)->31376K(222720K) Eden: 111616K(111616K)->0K(111616K) From: 53516K(111104K)->31376K(111104K)
[776.951s][info][gc,heap        ] GC(2550) ParOldGen: 567919K(568320K)->597499K(597504K)
[776.951s][info][gc,metaspace   ] GC(2550) Metaspace: 19104K(19200K)->19104K(19200K) NonClass: 17274K(17344K)->17274K(17344K) Class: 1829K(1856K)->1829K(1856K)
[776.951s][info][gc             ] GC(2550) Pause Young (Allocation Failure) 715M->614M(801M) 85.384ms
[776.951s][info][gc,cpu         ] GC(2550) User=0.13s Sys=0.03s Real=0.08s
[777.026s][info][gc,start       ] GC(2551) Pause Young (Allocation Failure)
[777.077s][info][gc,heap        ] GC(2551) PSYoungGen: 142992K(222720K)->12656K(222720K) Eden: 111616K(111616K)->0K(111616K) From: 31376K(111104K)->12656K(111104K)
[777.077s][info][gc,heap        ] GC(2551) ParOldGen: 597499K(597504K)->621579K(622080K)
[777.077s][info][gc,metaspace   ] GC(2551) Metaspace: 19104K(19200K)->19104K(19200K) NonClass: 17274K(17344K)->17274K(17344K) Class: 1829K(1856K)->1829K(1856K)
[777.077s][info][gc             ] GC(2551) Pause Young (Allocation Failure) 723M->619M(825M) 51.212ms
[777.077s][info][gc,cpu         ] GC(2551) User=0.08s Sys=0.02s Real=0.05s
[777.144s][info][gc,start       ] GC(2552) Pause Full (Allocation Failure)
[777.145s][info][gc,phases,start] GC(2552) Marking Phase
[777.412s][info][gc,phases      ] GC(2552) Marking Phase 266.996ms
[777.412s][info][gc,phases,start] GC(2552) Summary Phase
[777.412s][info][gc,phases      ] GC(2552) Summary Phase 0.029ms
[777.412s][info][gc,phases,start] GC(2552) Forward
[777.483s][info][gc,phases      ] GC(2552) Forward 71.249ms
[777.483s][info][gc,phases,start] GC(2552) Adjust Pointers
[777.690s][info][gc,phases      ] GC(2552) Adjust Pointers 207.531ms
[777.691s][info][gc,phases,start] GC(2552) Compaction Phase
[777.807s][info][gc,phases      ] GC(2552) Compaction Phase 116.880ms
[777.813s][info][gc,phases,start] GC(2552) Post Compact
[777.815s][info][gc,phases      ] GC(2552) Post Compact 2.276ms
[777.816s][info][gc,heap        ] GC(2552) PSYoungGen: 124272K(222720K)->0K(222720K) Eden: 111616K(111616K)->0K(111616K) From: 12656K(111104K)->0K(111104K)
[777.816s][info][gc,heap        ] GC(2552) ParOldGen: 621579K(622080K)->380660K(667648K)
[777.816s][info][gc,metaspace   ] GC(2552) Metaspace: 19104K(19200K)->19104K(19200K) NonClass: 17274K(17344K)->17274K(17344K) Class: 1829K(1856K)->1829K(1856K)
[777.816s][info][gc             ] GC(2552) Pause Full (Allocation Failure) 728M->371M(869M) 671.241ms
[777.816s][info][gc,cpu         ] GC(2552) User=1.28s Sys=0.00s Real=0.67s
[777.897s][info][gc,start       ] GC(2553) Pause Young (Allocation Failure)
[777.907s][info][gc,heap        ] GC(2553) PSYoungGen: 111616K(222720K)->8608K(222720K) Eden: 111616K(111616K)->0K(111616K) From: 0K(111104K)->8608K(111104K)
[777.907s][info][gc,heap        ] GC(2553) ParOldGen: 380660K(667648K)->380660K(667648K)
[777.907s][info][gc,metaspace   ] GC(2553) Metaspace: 19104K(19200K)->19104K(19200K) NonClass: 17274K(17344K)->17274K(17344K) Class: 1829K(1856K)->1829K(1856K)
[777.907s][info][gc             ] GC(2553) Pause Young (Allocation Failure) 480M->380M(869M) 9.710ms
[777.907s][info][gc,cpu         ] GC(2553) User=0.02s Sys=0.00s Real=0.01s
[777.987s][info][gc,start       ] GC(2554) Pause Young (Allocation Failure)
[778.003s][info][gc,heap        ] GC(2554) PSYoungGen: 120224K(222720K)->7200K(222720K) Eden: 111616K(111616K)->0K(111616K) From: 8608K(111104K)->7200K(111104K)
[778.003s][info][gc,heap        ] GC(2554) ParOldGen: 380660K(667648K)->389308K(667648K)
[778.003s][info][gc,metaspace   ] GC(2554) Metaspace: 19104K(19200K)->19104K(19200K) NonClass: 17274K(17344K)->17274K(17344K) Class: 1829K(1856K)->1829K(1856K)
[778.003s][info][gc             ] GC(2554) Pause Young (Allocation Failure) 489M->387M(869M) 16.158ms
[778.003s][info][gc,cpu         ] GC(2554) User=0.03s Sys=0.00s Real=0.01s
[778.082s][info][gc,start       ] GC(2555) Pause Young (Allocation Failure)
[778.094s][info][gc,heap        ] GC(2555) PSYoungGen: 118816K(222720K)->2368K(222720K) Eden: 111616K(111616K)->0K(111616K) From: 7200K(111104K)->2368K(111104K)
[778.094s][info][gc,heap        ] GC(2555) ParOldGen: 389308K(667648K)->396524K(667648K)
[778.094s][info][gc,metaspace   ] GC(2555) Metaspace: 19104K(19200K)->19104K(19200K) NonClass: 17274K(17344K)->17274K(17344K) Class: 1829K(1856K)->1829K(1856K)
[778.094s][info][gc             ] GC(2555) Pause Young (Allocation Failure) 496M->389M(869M) 11.867ms
[778.094s][info][gc,cpu         ] GC(2555) User=0.02s Sys=0.00s Real=0.02s
[778.186s][info][gc,start       ] GC(2556) Pause Young (Allocation Failure)
[778.223s][info][gc,heap        ] GC(2556) PSYoungGen: 113984K(222720K)->25088K(222720K) Eden: 111616K(111616K)->0K(111616K) From: 2368K(111104K)->25088K(111104K)
[778.223s][info][gc,heap        ] GC(2556) ParOldGen: 396524K(667648K)->398842K(667648K)
[778.223s][info][gc,metaspace   ] GC(2556) Metaspace: 19104K(19200K)->19104K(19200K) NonClass: 17274K(17344K)->17274K(17344K) Class: 1829K(1856K)->1829K(1856K)
[778.223s][info][gc             ] GC(2556) Pause Young (Allocation Failure) 498M->413M(869M) 37.113ms
[778.223s][info][gc,cpu         ] GC(2556) User=0.07s Sys=0.00s Real=0.03s
[778.363s][info][gc,start       ] GC(2557) Pause Young (Allocation Failure)
[778.409s][info][gc,heap        ] GC(2557) PSYoungGen: 136704K(222720K)->15840K(222720K) Eden: 111616K(111616K)->0K(111616K) From: 25088K(111104K)->15840K(111104K)
[778.409s][info][gc,heap        ] GC(2557) ParOldGen: 398842K(667648K)->423978K(667648K)
[778.409s][info][gc,metaspace   ] GC(2557) Metaspace: 19104K(19200K)->19104K(19200K) NonClass: 17274K(17344K)->17274K(17344K) Class: 1829K(1856K)->1829K(1856K)
[778.409s][info][gc             ] GC(2557) Pause Young (Allocation Failure) 522M->429M(869M) 46.754ms
[778.409s][info][gc,cpu         ] GC(2557) User=0.09s Sys=0.00s Real=0.05s
[778.539s][info][gc,start       ] GC(2558) Pause Young (Allocation Failure)
[778.558s][info][gc,heap        ] GC(2558) PSYoungGen: 127456K(222720K)->2208K(222720K) Eden: 111616K(111616K)->0K(111616K) From: 15840K(111104K)->2208K(111104K)
[778.558s][info][gc,heap        ] GC(2558) ParOldGen: 423978K(667648K)->439834K(667648K)
[778.558s][info][gc,metaspace   ] GC(2558) Metaspace: 19104K(19200K)->19104K(19200K) NonClass: 17274K(17344K)->17274K(17344K) Class: 1829K(1856K)->1829K(1856K)
[778.558s][info][gc             ] GC(2558) Pause Young (Allocation Failure) 538M->431M(869M) 19.615ms
[778.558s][info][gc,cpu         ] GC(2558) User=0.04s Sys=0.00s Real=0.02s
[778.736s][info][gc,start       ] GC(2559) Pause Young (Allocation Failure)
[778.748s][info][gc,heap        ] GC(2559) PSYoungGen: 113824K(222720K)->8224K(120320K) Eden: 111616K(111616K)->0K(111616K) From: 2208K(111104K)->8224K(8704K)
[778.748s][info][gc,heap        ] GC(2559) ParOldGen: 439834K(667648K)->442018K(667648K)
[778.748s][info][gc,metaspace   ] GC(2559) Metaspace: 19104K(19200K)->19104K(19200K) NonClass: 17274K(17344K)->17274K(17344K) Class: 1829K(1856K)->1829K(1856K)
[778.748s][info][gc             ] GC(2559) Pause Young (Allocation Failure) 540M->439M(769M) 12.653ms
[778.748s][info][gc,cpu         ] GC(2559) User=0.03s Sys=0.01s Real=0.01s
[779.098s][info][gc,start       ] GC(2560) Pause Young (Allocation Failure)
[779.108s][info][gc,heap        ] GC(2560) PSYoungGen: 119840K(120320K)->8320K(224256K) Eden: 111616K(111616K)->0K(116736K) From: 8224K(8704K)->8320K(107520K)
[779.108s][info][gc,heap        ] GC(2560) ParOldGen: 442018K(667648K)->442018K(667648K)
[779.108s][info][gc,metaspace   ] GC(2560) Metaspace: 19104K(19200K)->19104K(19200K) NonClass: 17274K(17344K)->17274K(17344K) Class: 1829K(1856K)->1829K(1856K)
[779.108s][info][gc             ] GC(2560) Pause Young (Allocation Failure) 548M->439M(871M) 9.659ms
[779.108s][info][gc,cpu         ] GC(2560) User=0.02s Sys=0.00s Real=0.01s
[779.403s][info][gc,start       ] GC(2561) Pause Young (Allocation Failure)
[779.419s][info][gc,heap        ] GC(2561) PSYoungGen: 125056K(224256K)->9088K(125952K) Eden: 116736K(116736K)->0K(116736K) From: 8320K(107520K)->9088K(9216K)
[779.419s][info][gc,heap        ] GC(2561) ParOldGen: 442018K(667648K)->442018K(667648K)
[779.419s][info][gc,metaspace   ] GC(2561) Metaspace: 19104K(19200K)->19104K(19200K) NonClass: 17274K(17344K)->17274K(17344K) Class: 1829K(1856K)->1829K(1856K)
[779.419s][info][gc             ] GC(2561) Pause Young (Allocation Failure) 553M->440M(775M) 15.803ms
[779.419s][info][gc,cpu         ] GC(2561) User=0.03s Sys=0.00s Real=0.02s
[779.581s][info][gc,start       ] GC(2562) Pause Young (Allocation Failure)
[779.609s][info][gc,heap        ] GC(2562) PSYoungGen: 125824K(125952K)->25648K(212480K) Eden: 116736K(116736K)->0K(123392K) From: 9088K(9216K)->25648K(89088K)
[779.609s][info][gc,heap        ] GC(2562) ParOldGen: 442018K(667648K)->442018K(667648K)
[779.609s][info][gc,metaspace   ] GC(2562) Metaspace: 19104K(19200K)->19104K(19200K) NonClass: 17274K(17344K)->17274K(17344K) Class: 1829K(1856K)->1829K(1856K)
[779.609s][info][gc             ] GC(2562) Pause Young (Allocation Failure) 554M->456M(859M) 28.690ms
[779.609s][info][gc,cpu         ] GC(2562) User=0.05s Sys=0.00s Real=0.03s
[779.760s][info][gc,start       ] GC(2563) Pause Young (Allocation Failure)
[779.792s][info][gc,heap        ] GC(2563) PSYoungGen: 149040K(212480K)->32464K(217088K) Eden: 123392K(123392K)->0K(123392K) From: 25648K(89088K)->32464K(93696K)
[779.792s][info][gc,heap        ] GC(2563) ParOldGen: 442018K(667648K)->442018K(667648K)
[779.792s][info][gc,metaspace   ] GC(2563) Metaspace: 19104K(19200K)->19104K(19200K) NonClass: 17274K(17344K)->17274K(17344K) Class: 1829K(1856K)->1829K(1856K)
[779.792s][info][gc             ] GC(2563) Pause Young (Allocation Failure) 577M->463M(864M) 31.944ms
[779.792s][info][gc,cpu         ] GC(2563) User=0.06s Sys=0.00s Real=0.03s
[779.896s][info][gc,start       ] GC(2564) Pause Young (Allocation Failure)
[779.954s][info][gc,heap        ] GC(2564) PSYoungGen: 155856K(217088K)->68336K(211456K) Eden: 123392K(123392K)->0K(121856K) From: 32464K(93696K)->68336K(89600K)
[779.954s][info][gc,heap        ] GC(2564) ParOldGen: 442018K(667648K)->442018K(667648K)
[779.955s][info][gc,metaspace   ] GC(2564) Metaspace: 19104K(19200K)->19104K(19200K) NonClass: 17274K(17344K)->17274K(17344K) Class: 1829K(1856K)->1829K(1856K)
[779.955s][info][gc             ] GC(2564) Pause Young (Allocation Failure) 583M->498M(858M) 58.369ms
[779.955s][info][gc,cpu         ] GC(2564) User=0.12s Sys=0.00s Real=0.06s
[780.057s][info][gc,start       ] GC(2565) Pause Young (Allocation Failure)
[780.142s][info][gc,heap        ] GC(2565) PSYoungGen: 190192K(211456K)->98800K(220672K) Eden: 121856K(121856K)->0K(121856K) From: 68336K(89600K)->98800K(98816K)
[780.142s][info][gc,heap        ] GC(2565) ParOldGen: 442018K(667648K)->452770K(667648K)
[780.142s][info][gc,metaspace   ] GC(2565) Metaspace: 19104K(19200K)->19104K(19200K) NonClass: 17274K(17344K)->17274K(17344K) Class: 1829K(1856K)->1829K(1856K)
[780.142s][info][gc             ] GC(2565) Pause Young (Allocation Failure) 617M->538M(867M) 85.048ms
[780.142s][info][gc,cpu         ] GC(2565) User=0.17s Sys=0.00s Real=0.08s
[780.293s][info][gc,start       ] GC(2566) Pause Young (Allocation Failure)
[780.376s][info][gc,heap        ] GC(2566) PSYoungGen: 220656K(220672K)->93648K(222720K) Eden: 121856K(121856K)->0K(111616K) From: 98800K(98816K)->93648K(111104K)
[780.376s][info][gc,heap        ] GC(2566) ParOldGen: 452770K(667648K)->461082K(667648K)
[780.376s][info][gc,metaspace   ] GC(2566) Metaspace: 19104K(19200K)->19104K(19200K) NonClass: 17274K(17344K)->17274K(17344K) Class: 1829K(1856K)->1829K(1856K)
[780.376s][info][gc             ] GC(2566) Pause Young (Allocation Failure) 657M->541M(869M) 83.535ms
[780.377s][info][gc,cpu         ] GC(2566) User=0.16s Sys=0.00s Real=0.09s
[780.571s][info][gc,start       ] GC(2567) Pause Young (Allocation Failure)
[780.696s][info][gc,heap        ] GC(2567) PSYoungGen: 205264K(222720K)->103135K(222720K) Eden: 111616K(111616K)->0K(111616K) From: 93648K(111104K)->103135K(111104K)
[780.696s][info][gc,heap        ] GC(2567) ParOldGen: 461082K(667648K)->478527K(667648K)
[780.696s][info][gc,metaspace   ] GC(2567) Metaspace: 19104K(19200K)->19104K(19200K) NonClass: 17274K(17344K)->17274K(17344K) Class: 1829K(1856K)->1829K(1856K)
[780.696s][info][gc             ] GC(2567) Pause Young (Allocation Failure) 650M->568M(869M) 125.344ms
[780.696s][info][gc,cpu         ] GC(2567) User=0.25s Sys=0.00s Real=0.13s
[780.826s][info][gc,start       ] GC(2568) Pause Young (Allocation Failure)
[780.944s][info][gc,heap        ] GC(2568) PSYoungGen: 214751K(222720K)->86361K(222720K) Eden: 111616K(111616K)->0K(111616K) From: 103135K(111104K)->86361K(111104K)
[780.944s][info][gc,heap        ] GC(2568) ParOldGen: 478527K(667648K)->515799K(667648K)
[780.944s][info][gc,metaspace   ] GC(2568) Metaspace: 19104K(19200K)->19104K(19200K) NonClass: 17274K(17344K)->17274K(17344K) Class: 1829K(1856K)->1829K(1856K)
[780.944s][info][gc             ] GC(2568) Pause Young (Allocation Failure) 677M->588M(869M) 117.902ms
[780.944s][info][gc,cpu         ] GC(2568) User=0.23s Sys=0.00s Real=0.12s
[781.060s][info][gc,start       ] GC(2569) Pause Young (Allocation Failure)
[781.171s][info][gc,heap        ] GC(2569) PSYoungGen: 197977K(222720K)->65823K(222720K) Eden: 111616K(111616K)->0K(111616K) From: 86361K(111104K)->65823K(111104K)
[781.172s][info][gc,heap        ] GC(2569) ParOldGen: 515799K(667648K)->555603K(667648K)
[781.172s][info][gc,metaspace   ] GC(2569) Metaspace: 19104K(19200K)->19104K(19200K) NonClass: 17274K(17344K)->17274K(17344K) Class: 1829K(1856K)->1829K(1856K)
[781.172s][info][gc             ] GC(2569) Pause Young (Allocation Failure) 697M->606M(869M) 111.441ms
[781.172s][info][gc,cpu         ] GC(2569) User=0.22s Sys=0.00s Real=0.11s
[781.251s][info][gc,start       ] GC(2570) Pause Young (Allocation Failure)
[781.336s][info][gc,heap        ] GC(2570) PSYoungGen: 177439K(222720K)->21842K(222720K) Eden: 111616K(111616K)->0K(111616K) From: 65823K(111104K)->21842K(111104K)
[781.336s][info][gc,heap        ] GC(2570) ParOldGen: 555603K(667648K)->602682K(667648K)
[781.336s][info][gc,metaspace   ] GC(2570) Metaspace: 19104K(19200K)->19104K(19200K) NonClass: 17274K(17344K)->17274K(17344K) Class: 1829K(1856K)->1829K(1856K)
[781.336s][info][gc             ] GC(2570) Pause Young (Allocation Failure) 715M->609M(869M) 84.406ms
[781.336s][info][gc,cpu         ] GC(2570) User=0.17s Sys=0.00s Real=0.09s
[781.385s][info][gc,start       ] GC(2571) Pause Young (Allocation Failure)
[781.436s][info][gc,heap        ] GC(2571) PSYoungGen: 133458K(222720K)->33312K(222720K) Eden: 111616K(111616K)->0K(111616K) From: 21842K(111104K)->33312K(111104K)
[781.436s][info][gc,heap        ] GC(2571) ParOldGen: 602682K(667648K)->624575K(667648K)
[781.436s][info][gc,metaspace   ] GC(2571) Metaspace: 19104K(19200K)->19104K(19200K) NonClass: 17274K(17344K)->17274K(17344K) Class: 1829K(1856K)->1829K(1856K)
[781.436s][info][gc             ] GC(2571) Pause Young (Allocation Failure) 718M->642M(869M) 51.341ms
[781.436s][info][gc,cpu         ] GC(2571) User=0.10s Sys=0.00s Real=0.05s
[781.483s][info][gc,start       ] GC(2572) Pause Full (Allocation Failure)
[781.483s][info][gc,phases,start] GC(2572) Marking Phase
[781.802s][info][gc,phases      ] GC(2572) Marking Phase 319.429ms
[781.802s][info][gc,phases,start] GC(2572) Summary Phase
[781.803s][info][gc,phases      ] GC(2572) Summary Phase 0.029ms
[781.803s][info][gc,phases,start] GC(2572) Forward
[781.891s][info][gc,phases      ] GC(2572) Forward 88.197ms
[781.891s][info][gc,phases,start] GC(2572) Adjust Pointers
[782.127s][info][gc,phases      ] GC(2572) Adjust Pointers 236.559ms
[782.127s][info][gc,phases,start] GC(2572) Compaction Phase
[782.272s][info][gc,phases      ] GC(2572) Compaction Phase 144.629ms
[782.279s][info][gc,phases,start] GC(2572) Post Compact
[782.281s][info][gc,phases      ] GC(2572) Post Compact 2.362ms
[782.282s][info][gc,heap        ] GC(2572) PSYoungGen: 144928K(222720K)->0K(222720K) Eden: 111616K(111616K)->0K(111616K) From: 33312K(111104K)->0K(111104K)
[782.282s][info][gc,heap        ] GC(2572) ParOldGen: 624575K(667648K)->448206K(667648K)
[782.282s][info][gc,metaspace   ] GC(2572) Metaspace: 19104K(19200K)->19104K(19200K) NonClass: 17274K(17344K)->17274K(17344K) Class: 1829K(1856K)->1829K(1856K)
[782.282s][info][gc             ] GC(2572) Pause Full (Allocation Failure) 751M->437M(869M) 798.622ms
[782.282s][info][gc,cpu         ] GC(2572) User=1.53s Sys=0.00s Real=0.80s
[782.393s][info][gc,start       ] GC(2573) Pause Young (Allocation Failure)
[782.413s][info][gc,heap        ] GC(2573) PSYoungGen: 111616K(222720K)->12480K(222720K) Eden: 111616K(111616K)->0K(111616K) From: 0K(111104K)->12480K(111104K)
[782.414s][info][gc,heap        ] GC(2573) ParOldGen: 448206K(667648K)->448206K(667648K)
[782.414s][info][gc,metaspace   ] GC(2573) Metaspace: 19104K(19200K)->19104K(19200K) NonClass: 17274K(17344K)->17274K(17344K) Class: 1829K(1856K)->1829K(1856K)
[782.414s][info][gc             ] GC(2573) Pause Young (Allocation Failure) 546M->449M(869M) 20.552ms
[782.414s][info][gc,cpu         ] GC(2573) User=0.04s Sys=0.00s Real=0.03s
[782.497s][info][gc,start       ] GC(2574) Pause Young (Allocation Failure)
[782.518s][info][gc,heap        ] GC(2574) PSYoungGen: 124096K(222720K)->3264K(222720K) Eden: 111616K(111616K)->0K(111616K) From: 12480K(111104K)->3264K(111104K)
[782.518s][info][gc,heap        ] GC(2574) ParOldGen: 448206K(667648K)->460786K(667648K)
[782.518s][info][gc,metaspace   ] GC(2574) Metaspace: 19104K(19200K)->19104K(19200K) NonClass: 17274K(17344K)->17274K(17344K) Class: 1829K(1856K)->1829K(1856K)
[782.518s][info][gc             ] GC(2574) Pause Young (Allocation Failure) 558M->453M(869M) 20.788ms
[782.518s][info][gc,cpu         ] GC(2574) User=0.04s Sys=0.00s Real=0.02s
[782.644s][info][gc,start       ] GC(2575) Pause Young (Allocation Failure)
[782.675s][info][gc,heap        ] GC(2575) PSYoungGen: 114880K(222720K)->12864K(222720K) Eden: 111616K(111616K)->0K(111616K) From: 3264K(111104K)->12864K(111104K)
[782.676s][info][gc,heap        ] GC(2575) ParOldGen: 460786K(667648K)->464010K(667648K)
[782.676s][info][gc,metaspace   ] GC(2575) Metaspace: 19104K(19200K)->19104K(19200K) NonClass: 17274K(17344K)->17274K(17344K) Class: 1829K(1856K)->1829K(1856K)
[782.676s][info][gc             ] GC(2575) Pause Young (Allocation Failure) 562M->465M(869M) 31.269ms
[782.676s][info][gc,cpu         ] GC(2575) User=0.06s Sys=0.00s Real=0.03s
[782.812s][info][gc,start       ] GC(2576) Pause Young (Allocation Failure)
[782.874s][info][gc,heap        ] GC(2576) PSYoungGen: 124480K(222720K)->34544K(222720K) Eden: 111616K(111616K)->0K(111616K) From: 12864K(111104K)->34544K(111104K)
[782.874s][info][gc,heap        ] GC(2576) ParOldGen: 464010K(667648K)->476642K(667648K)
[782.874s][info][gc,metaspace   ] GC(2576) Metaspace: 19104K(19200K)->19104K(19200K) NonClass: 17274K(17344K)->17274K(17344K) Class: 1829K(1856K)->1829K(1856K)
[782.874s][info][gc             ] GC(2576) Pause Young (Allocation Failure) 574M->499M(869M) 62.511ms
[782.874s][info][gc,cpu         ] GC(2576) User=0.12s Sys=0.00s Real=0.07s
[782.954s][info][gc,start       ] GC(2577) Pause Young (Allocation Failure)
[783.042s][info][gc,heap        ] GC(2577) PSYoungGen: 146160K(222720K)->27744K(222720K) Eden: 111616K(111616K)->0K(111616K) From: 34544K(111104K)->27744K(111104K)
[783.042s][info][gc,heap        ] GC(2577) ParOldGen: 476642K(667648K)->511274K(667648K)
[783.042s][info][gc,metaspace   ] GC(2577) Metaspace: 19104K(19200K)->19104K(19200K) NonClass: 17274K(17344K)->17274K(17344K) Class: 1829K(1856K)->1829K(1856K)
[783.042s][info][gc             ] GC(2577) Pause Young (Allocation Failure) 608M->526M(869M) 87.882ms
[783.042s][info][gc,cpu         ] GC(2577) User=0.14s Sys=0.00s Real=0.08s
[783.179s][info][gc,start       ] GC(2578) Pause Young (Allocation Failure)
[783.230s][info][gc,heap        ] GC(2578) PSYoungGen: 139360K(222720K)->16448K(218624K) Eden: 111616K(111616K)->0K(111616K) From: 27744K(111104K)->16448K(107008K)
[783.230s][info][gc,heap        ] GC(2578) ParOldGen: 511274K(667648K)->539106K(667648K)
[783.230s][info][gc,metaspace   ] GC(2578) Metaspace: 19104K(19200K)->19104K(19200K) NonClass: 17274K(17344K)->17274K(17344K) Class: 1829K(1856K)->1829K(1856K)
[783.230s][info][gc             ] GC(2578) Pause Young (Allocation Failure) 635M->542M(865M) 50.958ms
[783.230s][info][gc,cpu         ] GC(2578) User=0.10s Sys=0.00s Real=0.05s
[783.322s][info][gc,start       ] GC(2579) Pause Young (Allocation Failure)
[783.341s][info][gc,heap        ] GC(2579) PSYoungGen: 128064K(218624K)->288K(220672K) Eden: 111616K(111616K)->0K(111616K) From: 16448K(107008K)->288K(109056K)
[783.341s][info][gc,heap        ] GC(2579) ParOldGen: 539106K(667648K)->555570K(667648K)
[783.341s][info][gc,metaspace   ] GC(2579) Metaspace: 19104K(19200K)->19104K(19200K) NonClass: 17274K(17344K)->17274K(17344K) Class: 1829K(1856K)->1829K(1856K)
[783.341s][info][gc             ] GC(2579) Pause Young (Allocation Failure) 651M->542M(867M) 19.628ms
[783.341s][info][gc,cpu         ] GC(2579) User=0.04s Sys=0.00s Real=0.02s
[783.503s][info][gc,start       ] GC(2580) Pause Young (Allocation Failure)
[783.510s][info][gc,heap        ] GC(2580) PSYoungGen: 111904K(220672K)->704K(218624K) Eden: 111616K(111616K)->0K(116736K) From: 288K(109056K)->704K(101888K)
[783.510s][info][gc,heap        ] GC(2580) ParOldGen: 555570K(667648K)->555810K(667648K)
[783.510s][info][gc,metaspace   ] GC(2580) Metaspace: 19104K(19200K)->19104K(19200K) NonClass: 17274K(17344K)->17274K(17344K) Class: 1829K(1856K)->1829K(1856K)
[783.510s][info][gc             ] GC(2580) Pause Young (Allocation Failure) 651M->543M(865M) 7.251ms
[783.510s][info][gc,cpu         ] GC(2580) User=0.02s Sys=0.00s Real=0.01s
[783.636s][info][gc,start       ] GC(2581) Pause Young (Allocation Failure)
[783.646s][info][gc,heap        ] GC(2581) PSYoungGen: 117440K(218624K)->5088K(222208K) Eden: 116736K(116736K)->0K(116736K) From: 704K(101888K)->5088K(105472K)
[783.646s][info][gc,heap        ] GC(2581) ParOldGen: 555810K(667648K)->555810K(667648K)
[783.646s][info][gc,metaspace   ] GC(2581) Metaspace: 19104K(19200K)->19104K(19200K) NonClass: 17274K(17344K)->17274K(17344K) Class: 1829K(1856K)->1829K(1856K)
[783.646s][info][gc             ] GC(2581) Pause Young (Allocation Failure) 657M->547M(869M) 9.678ms
[783.646s][info][gc,cpu         ] GC(2581) User=0.02s Sys=0.00s Real=0.01s
[783.824s][info][gc,start       ] GC(2582) Pause Young (Allocation Failure)
[783.842s][info][gc,heap        ] GC(2582) PSYoungGen: 121824K(222208K)->15104K(215552K) Eden: 116736K(116736K)->0K(125440K) From: 5088K(105472K)->15104K(90112K)
[783.842s][info][gc,heap        ] GC(2582) ParOldGen: 555810K(667648K)->555810K(667648K)
[783.842s][info][gc,metaspace   ] GC(2582) Metaspace: 19104K(19200K)->19104K(19200K) NonClass: 17274K(17344K)->17274K(17344K) Class: 1829K(1856K)->1829K(1856K)
[783.842s][info][gc             ] GC(2582) Pause Young (Allocation Failure) 661M->557M(862M) 18.653ms
[783.842s][info][gc,cpu         ] GC(2582) User=0.04s Sys=0.00s Real=0.01s
[784.067s][info][gc,start       ] GC(2583) Pause Young (Allocation Failure)
[784.106s][info][gc,heap        ] GC(2583) PSYoungGen: 140544K(215552K)->33488K(221696K) Eden: 125440K(125440K)->0K(125440K) From: 15104K(90112K)->33488K(96256K)
[784.106s][info][gc,heap        ] GC(2583) ParOldGen: 555810K(667648K)->555810K(667648K)
[784.106s][info][gc,metaspace   ] GC(2583) Metaspace: 19104K(19200K)->19104K(19200K) NonClass: 17274K(17344K)->17274K(17344K) Class: 1829K(1856K)->1829K(1856K)
[784.106s][info][gc             ] GC(2583) Pause Young (Allocation Failure) 680M->575M(868M) 38.929ms
[784.106s][info][gc,cpu         ] GC(2583) User=0.08s Sys=0.01s Real=0.04s
[784.502s][info][gc,start       ] GC(2584) Pause Young (Allocation Failure)
[784.539s][info][gc,heap        ] GC(2584) PSYoungGen: 158928K(221696K)->33744K(217600K) Eden: 125440K(125440K)->0K(133632K) From: 33488K(96256K)->33744K(83968K)
[784.539s][info][gc,heap        ] GC(2584) ParOldGen: 555810K(667648K)->555810K(667648K)
[784.539s][info][gc,metaspace   ] GC(2584) Metaspace: 19104K(19200K)->19104K(19200K) NonClass: 17274K(17344K)->17274K(17344K) Class: 1829K(1856K)->1829K(1856K)
[784.539s][info][gc             ] GC(2584) Pause Young (Allocation Failure) 697M->575M(864M) 36.891ms
[784.539s][info][gc,cpu         ] GC(2584) User=0.08s Sys=0.00s Real=0.04s
[784.891s][info][gc,start       ] GC(2585) Pause Young (Allocation Failure)
[784.928s][info][gc,heap        ] GC(2585) PSYoungGen: 167376K(217600K)->33520K(222208K) Eden: 133632K(133632K)->0K(133632K) From: 33744K(83968K)->33520K(88576K)
[784.928s][info][gc,heap        ] GC(2585) ParOldGen: 555810K(667648K)->555810K(667648K)
[784.928s][info][gc,metaspace   ] GC(2585) Metaspace: 19104K(19200K)->19104K(19200K) NonClass: 17274K(17344K)->17274K(17344K) Class: 1829K(1856K)->1829K(1856K)
[784.928s][info][gc             ] GC(2585) Pause Young (Allocation Failure) 706M->575M(869M) 36.520ms
[784.928s][info][gc,cpu         ] GC(2585) User=0.07s Sys=0.00s Real=0.04s
[785.260s][info][gc,start       ] GC(2586) Pause Young (Allocation Failure)
[785.298s][info][gc,heap        ] GC(2586) PSYoungGen: 167152K(222208K)->33536K(219136K) Eden: 133632K(133632K)->0K(141824K) From: 33520K(88576K)->33536K(77312K)
[785.299s][info][gc,heap        ] GC(2586) ParOldGen: 555810K(667648K)->555810K(667648K)
[785.299s][info][gc,metaspace   ] GC(2586) Metaspace: 19104K(19200K)->19104K(19200K) NonClass: 17274K(17344K)->17274K(17344K) Class: 1829K(1856K)->1829K(1856K)
[785.299s][info][gc             ] GC(2586) Pause Young (Allocation Failure) 706M->575M(866M) 38.640ms
[785.299s][info][gc,cpu         ] GC(2586) User=0.07s Sys=0.00s Real=0.04s
[785.659s][info][gc,start       ] GC(2587) Pause Young (Allocation Failure)
[785.697s][info][gc,heap        ] GC(2587) PSYoungGen: 175360K(219136K)->33536K(223232K) Eden: 141824K(141824K)->0K(141824K) From: 33536K(77312K)->33536K(81408K)
[785.697s][info][gc,heap        ] GC(2587) ParOldGen: 555810K(667648K)->555810K(667648K)
[785.697s][info][gc,metaspace   ] GC(2587) Metaspace: 19104K(19200K)->19104K(19200K) NonClass: 17274K(17344K)->17274K(17344K) Class: 1829K(1856K)->1829K(1856K)
[785.697s][info][gc             ] GC(2587) Pause Young (Allocation Failure) 714M->575M(870M) 37.882ms
[785.697s][info][gc,cpu         ] GC(2587) User=0.07s Sys=0.00s Real=0.04s
[786.029s][info][gc,start       ] GC(2588) Pause Young (Allocation Failure)
[786.066s][info][gc,heap        ] GC(2588) PSYoungGen: 175360K(223232K)->33552K(222208K) Eden: 141824K(141824K)->0K(150016K) From: 33536K(81408K)->33552K(72192K)
[786.066s][info][gc,heap        ] GC(2588) ParOldGen: 555810K(667648K)->555810K(667648K)
[786.066s][info][gc,metaspace   ] GC(2588) Metaspace: 19104K(19200K)->19104K(19200K) NonClass: 17274K(17344K)->17274K(17344K) Class: 1829K(1856K)->1829K(1856K)
[786.066s][info][gc             ] GC(2588) Pause Young (Allocation Failure) 714M->575M(869M) 37.196ms
[786.066s][info][gc,cpu         ] GC(2588) User=0.07s Sys=0.00s Real=0.04s
[786.439s][info][gc,start       ] GC(2589) Pause Young (Allocation Failure)
[786.486s][info][gc,heap        ] GC(2589) PSYoungGen: 183568K(222208K)->33664K(225280K) Eden: 150016K(150016K)->0K(150016K) From: 33552K(72192K)->33664K(75264K)
[786.486s][info][gc,heap        ] GC(2589) ParOldGen: 555810K(667648K)->555810K(667648K)
[786.486s][info][gc,metaspace   ] GC(2589) Metaspace: 19104K(19200K)->19104K(19200K) NonClass: 17274K(17344K)->17274K(17344K) Class: 1829K(1856K)->1829K(1856K)
[786.486s][info][gc             ] GC(2589) Pause Young (Allocation Failure) 722M->575M(872M) 46.742ms
[786.486s][info][gc,cpu         ] GC(2589) User=0.09s Sys=0.00s Real=0.05s
[786.703s][info][gc,start       ] GC(2590) Pause Young (Allocation Failure)
[786.760s][info][gc,heap        ] GC(2590) PSYoungGen: 183680K(225280K)->63296K(222720K) Eden: 150016K(150016K)->0K(150528K) From: 33664K(75264K)->63296K(72192K)
[786.761s][info][gc,heap        ] GC(2590) ParOldGen: 555810K(667648K)->555810K(667648K)
[786.761s][info][gc,metaspace   ] GC(2590) Metaspace: 19104K(19200K)->19104K(19200K) NonClass: 17274K(17344K)->17274K(17344K) Class: 1829K(1856K)->1829K(1856K)
[786.761s][info][gc             ] GC(2590) Pause Young (Allocation Failure) 722M->604M(869M) 57.975ms
[786.761s][info][gc,cpu         ] GC(2590) User=0.12s Sys=0.00s Real=0.06s
[786.888s][info][gc,start       ] GC(2591) Pause Young (Allocation Failure)
[786.981s][info][gc,heap        ] GC(2591) PSYoungGen: 213824K(222720K)->80352K(230912K) Eden: 150528K(150528K)->0K(150528K) From: 63296K(72192K)->80352K(80384K)
[786.982s][info][gc,heap        ] GC(2591) ParOldGen: 555810K(667648K)->586698K(667648K)
[786.982s][info][gc,metaspace   ] GC(2591) Metaspace: 19104K(19200K)->19104K(19200K) NonClass: 17274K(17344K)->17274K(17344K) Class: 1829K(1856K)->1829K(1856K)
[786.982s][info][gc             ] GC(2591) Pause Young (Allocation Failure) 751M->651M(877M) 93.113ms
[786.982s][info][gc,cpu         ] GC(2591) User=0.18s Sys=0.00s Real=0.09s
[787.191s][info][gc,start       ] GC(2592) Pause Young (Allocation Failure)
[787.285s][info][gc,heap        ] GC(2592) PSYoungGen: 230880K(230912K)->79280K(214528K) Eden: 150528K(150528K)->0K(111616K) From: 80352K(80384K)->79280K(102912K)
[787.285s][info][gc,heap        ] GC(2592) ParOldGen: 586698K(667648K)->591562K(667648K)
[787.285s][info][gc,metaspace   ] GC(2592) Metaspace: 19104K(19200K)->19104K(19200K) NonClass: 17274K(17344K)->17274K(17344K) Class: 1829K(1856K)->1829K(1856K)
[787.285s][info][gc             ] GC(2592) Pause Young (Allocation Failure) 798M->655M(861M) 93.308ms
[787.285s][info][gc,cpu         ] GC(2592) User=0.18s Sys=0.01s Real=0.10s
[787.454s][info][gc,start       ] GC(2593) Pause Young (Allocation Failure)
[787.581s][info][gc,heap        ] GC(2593) PSYoungGen: 190896K(214528K)->85616K(222720K) Eden: 111616K(111616K)->0K(111616K) From: 79280K(102912K)->85616K(111104K)
[787.581s][info][gc,heap        ] GC(2593) ParOldGen: 591562K(667648K)->620259K(667648K)
[787.581s][info][gc,metaspace   ] GC(2593) Metaspace: 19104K(19200K)->19104K(19200K) NonClass: 17274K(17344K)->17274K(17344K) Class: 1829K(1856K)->1829K(1856K)
[787.581s][info][gc             ] GC(2593) Pause Young (Allocation Failure) 764M->689M(869M) 126.691ms
[787.581s][info][gc,cpu         ] GC(2593) User=0.25s Sys=0.00s Real=0.12s
[787.690s][info][gc,start       ] GC(2594) Pause Young (Allocation Failure)
[787.798s][info][gc,heap        ] GC(2594) PSYoungGen: 197232K(222720K)->97360K(222720K) Eden: 111616K(111616K)->0K(111616K) From: 85616K(111104K)->97360K(111104K)
[787.798s][info][gc,heap        ] GC(2594) ParOldGen: 620259K(667648K)->620315K(667648K)
[787.798s][info][gc,metaspace   ] GC(2594) Metaspace: 19104K(19200K)->19104K(19200K) NonClass: 17274K(17344K)->17274K(17344K) Class: 1829K(1856K)->1829K(1856K)
[787.798s][info][gc             ] GC(2594) Pause Young (Allocation Failure) 798M->700M(869M) 108.325ms
[787.798s][info][gc,cpu         ] GC(2594) User=0.21s Sys=0.01s Real=0.11s
[787.924s][info][gc,start       ] GC(2595) Pause Young (Allocation Failure)
[788.049s][info][gc,heap        ] GC(2595) PSYoungGen: 208976K(222720K)->111099K(222720K) Eden: 111616K(111616K)->0K(111616K) From: 97360K(111104K)->111099K(111104K)
[788.049s][info][gc,heap        ] GC(2595) ParOldGen: 620315K(667648K)->625579K(667648K)
[788.049s][info][gc,metaspace   ] GC(2595) Metaspace: 19104K(19200K)->19104K(19200K) NonClass: 17274K(17344K)->17274K(17344K) Class: 1829K(1856K)->1829K(1856K)
[788.049s][info][gc             ] GC(2595) Pause Young (Allocation Failure) 809M->719M(869M) 125.477ms
[788.049s][info][gc,cpu         ] GC(2595) User=0.24s Sys=0.00s Real=0.12s
[788.111s][info][gc,start       ] GC(2596) Pause Young (Allocation Failure)
[788.243s][info][gc,heap        ] GC(2596) PSYoungGen: 222715K(222720K)->111072K(222720K) Eden: 111616K(111616K)->0K(111616K) From: 111099K(111104K)->111072K(111104K)
[788.243s][info][gc,heap        ] GC(2596) ParOldGen: 625579K(667648K)->631535K(667648K)
[788.243s][info][gc,metaspace   ] GC(2596) Metaspace: 19104K(19200K)->19104K(19200K) NonClass: 17274K(17344K)->17274K(17344K) Class: 1829K(1856K)->1829K(1856K)
[788.243s][info][gc             ] GC(2596) Pause Young (Allocation Failure) 828M->725M(869M) 131.774ms
[788.243s][info][gc,cpu         ] GC(2596) User=0.24s Sys=0.02s Real=0.13s
[788.328s][info][gc,start       ] GC(2597) Pause Full (Allocation Failure)
[788.328s][info][gc,phases,start] GC(2597) Marking Phase
[788.610s][info][gc,phases      ] GC(2597) Marking Phase 281.790ms
[788.610s][info][gc,phases,start] GC(2597) Summary Phase
[788.610s][info][gc,phases      ] GC(2597) Summary Phase 0.030ms
[788.610s][info][gc,phases,start] GC(2597) Forward
[788.678s][info][gc,phases      ] GC(2597) Forward 68.150ms
[788.678s][info][gc,phases,start] GC(2597) Adjust Pointers
[788.887s][info][gc,phases      ] GC(2597) Adjust Pointers 209.236ms
[788.887s][info][gc,phases,start] GC(2597) Compaction Phase
[789.010s][info][gc,phases      ] GC(2597) Compaction Phase 123.119ms
[789.019s][info][gc,phases,start] GC(2597) Post Compact
[789.022s][info][gc,phases      ] GC(2597) Post Compact 2.560ms
[789.022s][info][gc,heap        ] GC(2597) PSYoungGen: 222688K(222720K)->0K(222720K) Eden: 111616K(111616K)->0K(111616K) From: 111072K(111104K)->0K(111104K)
[789.022s][info][gc,heap        ] GC(2597) ParOldGen: 631535K(667648K)->385353K(659456K)
[789.022s][info][gc,metaspace   ] GC(2597) Metaspace: 19104K(19200K)->19104K(19200K) NonClass: 17274K(17344K)->17274K(17344K) Class: 1829K(1856K)->1829K(1856K)
[789.022s][info][gc             ] GC(2597) Pause Full (Allocation Failure) 834M->376M(861M) 694.441ms
[789.022s][info][gc,cpu         ] GC(2597) User=1.34s Sys=0.00s Real=0.69s
[789.108s][info][gc,start       ] GC(2598) Pause Young (Allocation Failure)
[789.124s][info][gc,heap        ] GC(2598) PSYoungGen: 111616K(222720K)->7408K(222720K) Eden: 111616K(111616K)->0K(111616K) From: 0K(111104K)->7408K(111104K)
[789.124s][info][gc,heap        ] GC(2598) ParOldGen: 385353K(659456K)->385353K(659456K)
[789.124s][info][gc,metaspace   ] GC(2598) Metaspace: 19104K(19200K)->19104K(19200K) NonClass: 17275K(17344K)->17275K(17344K) Class: 1829K(1856K)->1829K(1856K)
[789.124s][info][gc             ] GC(2598) Pause Young (Allocation Failure) 485M->383M(861M) 15.913ms
[789.124s][info][gc,cpu         ] GC(2598) User=0.03s Sys=0.00s Real=0.02s
[789.216s][info][gc,start       ] GC(2599) Pause Young (Allocation Failure)
[789.233s][info][gc,heap        ] GC(2599) PSYoungGen: 119024K(222720K)->13088K(222720K) Eden: 111616K(111616K)->0K(111616K) From: 7408K(111104K)->13088K(111104K)
[789.233s][info][gc,heap        ] GC(2599) ParOldGen: 385353K(659456K)->385353K(659456K)
[789.233s][info][gc,metaspace   ] GC(2599) Metaspace: 19104K(19200K)->19104K(19200K) NonClass: 17275K(17344K)->17275K(17344K) Class: 1829K(1856K)->1829K(1856K)
[789.233s][info][gc             ] GC(2599) Pause Young (Allocation Failure) 492M->389M(861M) 17.390ms
[789.233s][info][gc,cpu         ] GC(2599) User=0.04s Sys=0.00s Real=0.01s
[789.312s][info][gc,start       ] GC(2600) Pause Young (Allocation Failure)
[789.341s][info][gc,heap        ] GC(2600) PSYoungGen: 124704K(222720K)->31456K(222720K) Eden: 111616K(111616K)->0K(111616K) From: 13088K(111104K)->31456K(111104K)
[789.341s][info][gc,heap        ] GC(2600) ParOldGen: 385353K(659456K)->385353K(659456K)
[789.341s][info][gc,metaspace   ] GC(2600) Metaspace: 19104K(19200K)->19104K(19200K) NonClass: 17275K(17344K)->17275K(17344K) Class: 1829K(1856K)->1829K(1856K)
[789.341s][info][gc             ] GC(2600) Pause Young (Allocation Failure) 498M->407M(861M) 28.611ms
[789.341s][info][gc,cpu         ] GC(2600) User=0.06s Sys=0.00s Real=0.03s
[789.442s][info][gc,start       ] GC(2601) Pause Young (Allocation Failure)
[789.486s][info][gc,heap        ] GC(2601) PSYoungGen: 143072K(222720K)->42848K(222720K) Eden: 111616K(111616K)->0K(111616K) From: 31456K(111104K)->42848K(111104K)
[789.486s][info][gc,heap        ] GC(2601) ParOldGen: 385353K(659456K)->387137K(659456K)
[789.486s][info][gc,metaspace   ] GC(2601) Metaspace: 19104K(19200K)->19104K(19200K) NonClass: 17275K(17344K)->17275K(17344K) Class: 1829K(1856K)->1829K(1856K)
[789.486s][info][gc             ] GC(2601) Pause Young (Allocation Failure) 516M->419M(861M) 44.760ms
[789.486s][info][gc,cpu         ] GC(2601) User=0.09s Sys=0.00s Real=0.05s
[789.613s][info][gc,start       ] GC(2602) Pause Young (Allocation Failure)
[789.664s][info][gc,heap        ] GC(2602) PSYoungGen: 154464K(222720K)->28032K(222720K) Eden: 111616K(111616K)->0K(111616K) From: 42848K(111104K)->28032K(111104K)
[789.664s][info][gc,heap        ] GC(2602) ParOldGen: 387137K(659456K)->410729K(659456K)
[789.664s][info][gc,metaspace   ] GC(2602) Metaspace: 19104K(19200K)->19104K(19200K) NonClass: 17275K(17344K)->17275K(17344K) Class: 1829K(1856K)->1829K(1856K)
[789.665s][info][gc             ] GC(2602) Pause Young (Allocation Failure) 528M->428M(861M) 51.909ms
[789.665s][info][gc,cpu         ] GC(2602) User=0.10s Sys=0.00s Real=0.06s
[789.738s][info][gc,start       ] GC(2603) Pause Young (Allocation Failure)
[789.792s][info][gc,heap        ] GC(2603) PSYoungGen: 139648K(222720K)->19264K(222720K) Eden: 111616K(111616K)->0K(111616K) From: 28032K(111104K)->19264K(111104K)
[789.792s][info][gc,heap        ] GC(2603) ParOldGen: 410729K(659456K)->438834K(659456K)
[789.792s][info][gc,metaspace   ] GC(2603) Metaspace: 19104K(19200K)->19104K(19200K) NonClass: 17275K(17344K)->17275K(17344K) Class: 1829K(1856K)->1829K(1856K)
[789.792s][info][gc             ] GC(2603) Pause Young (Allocation Failure) 537M->447M(861M) 54.470ms
[789.792s][info][gc,cpu         ] GC(2603) User=0.11s Sys=0.00s Real=0.05s
[790.168s][info][gc,start       ] GC(2604) Pause Young (Allocation Failure)
[790.195s][info][gc,heap        ] GC(2604) PSYoungGen: 130880K(222720K)->1888K(222720K) Eden: 111616K(111616K)->0K(111616K) From: 19264K(111104K)->1888K(111104K)
[790.195s][info][gc,heap        ] GC(2604) ParOldGen: 438834K(659456K)->458138K(659456K)
[790.195s][info][gc,metaspace   ] GC(2604) Metaspace: 19104K(19200K)->19104K(19200K) NonClass: 17275K(17344K)->17275K(17344K) Class: 1829K(1856K)->1829K(1856K)
[790.195s][info][gc             ] GC(2604) Pause Young (Allocation Failure) 556M->449M(861M) 26.985ms
[790.195s][info][gc,cpu         ] GC(2604) User=0.05s Sys=0.00s Real=0.03s
[790.401s][info][gc,start       ] GC(2605) Pause Young (Allocation Failure)
[790.411s][info][gc,heap        ] GC(2605) PSYoungGen: 113504K(222720K)->8912K(222720K) Eden: 111616K(111616K)->0K(111616K) From: 1888K(111104K)->8912K(111104K)
[790.411s][info][gc,heap        ] GC(2605) ParOldGen: 458138K(659456K)->459906K(659456K)
[790.411s][info][gc,metaspace   ] GC(2605) Metaspace: 19104K(19200K)->19104K(19200K) NonClass: 17275K(17344K)->17275K(17344K) Class: 1829K(1856K)->1829K(1856K)
[790.411s][info][gc             ] GC(2605) Pause Young (Allocation Failure) 558M->457M(861M) 10.588ms
[790.411s][info][gc,cpu         ] GC(2605) User=0.02s Sys=0.00s Real=0.01s
[790.539s][info][gc,start       ] GC(2606) Pause Young (Allocation Failure)
[790.557s][info][gc,heap        ] GC(2606) PSYoungGen: 120528K(222720K)->8224K(222720K) Eden: 111616K(111616K)->0K(111616K) From: 8912K(111104K)->8224K(111104K)
[790.557s][info][gc,heap        ] GC(2606) ParOldGen: 459906K(659456K)->468647K(659456K)
[790.557s][info][gc,metaspace   ] GC(2606) Metaspace: 19104K(19200K)->19104K(19200K) NonClass: 17275K(17344K)->17275K(17344K) Class: 1829K(1856K)->1829K(1856K)
[790.557s][info][gc             ] GC(2606) Pause Young (Allocation Failure) 566M->465M(861M) 17.492ms
[790.557s][info][gc,cpu         ] GC(2606) User=0.04s Sys=0.00s Real=0.02s
[790.680s][info][gc,start       ] GC(2607) Pause Young (Allocation Failure)
[790.708s][info][gc,heap        ] GC(2607) PSYoungGen: 119840K(222720K)->25200K(222720K) Eden: 111616K(111616K)->0K(111616K) From: 8224K(111104K)->25200K(111104K)
[790.708s][info][gc,heap        ] GC(2607) ParOldGen: 468647K(659456K)->476847K(659456K)
[790.708s][info][gc,metaspace   ] GC(2607) Metaspace: 19104K(19200K)->19104K(19200K) NonClass: 17275K(17344K)->17275K(17344K) Class: 1829K(1856K)->1829K(1856K)
[790.708s][info][gc             ] GC(2607) Pause Young (Allocation Failure) 574M->490M(861M) 28.834ms
[790.709s][info][gc,cpu         ] GC(2607) User=0.06s Sys=0.00s Real=0.03s
[790.769s][info][gc,start       ] GC(2608) Pause Young (Allocation Failure)
[790.817s][info][gc,heap        ] GC(2608) PSYoungGen: 136816K(222720K)->43040K(222720K) Eden: 111616K(111616K)->0K(111616K) From: 25200K(111104K)->43040K(111104K)
[790.817s][info][gc,heap        ] GC(2608) ParOldGen: 476847K(659456K)->502279K(659456K)
[790.817s][info][gc,metaspace   ] GC(2608) Metaspace: 19105K(19200K)->19105K(19200K) NonClass: 17275K(17344K)->17275K(17344K) Class: 1829K(1856K)->1829K(1856K)
[790.817s][info][gc             ] GC(2608) Pause Young (Allocation Failure) 599M->532M(861M) 48.048ms
[790.817s][info][gc,cpu         ] GC(2608) User=0.09s Sys=0.00s Real=0.05s
[791.013s][info][gc,start       ] GC(2609) Pause Young (Allocation Failure)
[791.053s][info][gc,heap        ] GC(2609) PSYoungGen: 154656K(222720K)->10944K(122880K) Eden: 111616K(111616K)->0K(111616K) From: 43040K(111104K)->10944K(11264K)
[791.053s][info][gc,heap        ] GC(2609) ParOldGen: 502279K(659456K)->545847K(659456K)
[791.053s][info][gc,metaspace   ] GC(2609) Metaspace: 19105K(19200K)->19105K(19200K) NonClass: 17275K(17344K)->17275K(17344K) Class: 1829K(1856K)->1829K(1856K)
[791.053s][info][gc             ] GC(2609) Pause Young (Allocation Failure) 641M->543M(764M) 39.201ms
[791.053s][info][gc,cpu         ] GC(2609) User=0.08s Sys=0.00s Real=0.03s
[791.224s][info][gc,start       ] GC(2610) Pause Young (Allocation Failure)
[791.266s][info][gc,heap        ] GC(2610) PSYoungGen: 122560K(122880K)->15424K(226816K) Eden: 111616K(111616K)->0K(116736K) From: 10944K(11264K)->15424K(110080K)
[791.266s][info][gc,heap        ] GC(2610) ParOldGen: 545847K(659456K)->556867K(659456K)
[791.266s][info][gc,metaspace   ] GC(2610) Metaspace: 19105K(19200K)->19105K(19200K) NonClass: 17275K(17344K)->17275K(17344K) Class: 1829K(1856K)->1829K(1856K)
[791.266s][info][gc             ] GC(2610) Pause Young (Allocation Failure) 652M->558M(865M) 42.240ms
[791.266s][info][gc,cpu         ] GC(2610) User=0.08s Sys=0.00s Real=0.04s
[791.409s][info][gc,start       ] GC(2611) Pause Young (Allocation Failure)
[791.465s][info][gc,heap        ] GC(2611) PSYoungGen: 132160K(226816K)->40736K(157696K) Eden: 116736K(116736K)->0K(116736K) From: 15424K(110080K)->40736K(40960K)
[791.465s][info][gc,heap        ] GC(2611) ParOldGen: 556867K(659456K)->556867K(659456K)
[791.465s][info][gc,metaspace   ] GC(2611) Metaspace: 19105K(19200K)->19105K(19200K) NonClass: 17275K(17344K)->17275K(17344K) Class: 1829K(1856K)->1829K(1856K)
[791.465s][info][gc             ] GC(2611) Pause Young (Allocation Failure) 672M->583M(798M) 55.953ms
[791.465s][info][gc,cpu         ] GC(2611) User=0.11s Sys=0.00s Real=0.06s
[791.613s][info][gc,start       ] GC(2612) Pause Young (Allocation Failure)
[791.686s][info][gc,heap        ] GC(2612) PSYoungGen: 157472K(157696K)->42784K(223232K) Eden: 116736K(116736K)->0K(121856K) From: 40736K(40960K)->42784K(101376K)
[791.686s][info][gc,heap        ] GC(2612) ParOldGen: 556867K(659456K)->572339K(659456K)
[791.686s][info][gc,metaspace   ] GC(2612) Metaspace: 19105K(19200K)->19105K(19200K) NonClass: 17275K(17344K)->17275K(17344K) Class: 1829K(1856K)->1829K(1856K)
[791.686s][info][gc             ] GC(2612) Pause Young (Allocation Failure) 697M->600M(862M) 72.998ms
[791.686s][info][gc,cpu         ] GC(2612) User=0.15s Sys=0.00s Real=0.08s
[791.776s][info][gc,start       ] GC(2613) Pause Young (Allocation Failure)
[791.828s][info][gc,heap        ] GC(2613) PSYoungGen: 164640K(223232K)->21792K(220160K) Eden: 121856K(121856K)->0K(121856K) From: 42784K(101376K)->21792K(98304K)
[791.828s][info][gc,heap        ] GC(2613) ParOldGen: 572339K(659456K)->597715K(659456K)
[791.828s][info][gc,metaspace   ] GC(2613) Metaspace: 19105K(19200K)->19105K(19200K) NonClass: 17275K(17344K)->17275K(17344K) Class: 1829K(1856K)->1829K(1856K)
[791.828s][info][gc             ] GC(2613) Pause Young (Allocation Failure) 719M->604M(859M) 51.892ms
[791.828s][info][gc,cpu         ] GC(2613) User=0.10s Sys=0.00s Real=0.05s
[791.967s][info][gc,start       ] GC(2614) Pause Young (Allocation Failure)
[791.996s][info][gc,heap        ] GC(2614) PSYoungGen: 143648K(220160K)->768K(227840K) Eden: 121856K(121856K)->0K(134656K) From: 21792K(98304K)->768K(93184K)
[791.996s][info][gc,heap        ] GC(2614) ParOldGen: 597715K(659456K)->619555K(659456K)
[791.996s][info][gc,metaspace   ] GC(2614) Metaspace: 19105K(19200K)->19105K(19200K) NonClass: 17275K(17344K)->17275K(17344K) Class: 1829K(1856K)->1829K(1856K)
[791.996s][info][gc             ] GC(2614) Pause Young (Allocation Failure) 723M->605M(866M) 28.812ms
[791.996s][info][gc,cpu         ] GC(2614) User=0.05s Sys=0.00s Real=0.03s
[792.141s][info][gc,start       ] GC(2615) Pause Young (Allocation Failure)
[792.153s][info][gc,heap        ] GC(2615) PSYoungGen: 135424K(227840K)->4288K(227840K) Eden: 134656K(134656K)->0K(134656K) From: 768K(93184K)->4288K(93184K)
[792.153s][info][gc,heap        ] GC(2615) ParOldGen: 619555K(659456K)->620323K(659456K)
[792.153s][info][gc,metaspace   ] GC(2615) Metaspace: 19105K(19200K)->19105K(19200K) NonClass: 17275K(17344K)->17275K(17344K) Class: 1829K(1856K)->1829K(1856K)
[792.153s][info][gc             ] GC(2615) Pause Young (Allocation Failure) 737M->609M(866M) 12.125ms
[792.153s][info][gc,cpu         ] GC(2615) User=0.02s Sys=0.00s Real=0.01s
[792.360s][info][gc,start       ] GC(2616) Pause Young (Allocation Failure)
[792.378s][info][gc,heap        ] GC(2616) PSYoungGen: 138944K(227840K)->14656K(227840K) Eden: 134656K(134656K)->0K(146432K) From: 4288K(93184K)->14656K(81408K)
[792.378s][info][gc,heap        ] GC(2616) ParOldGen: 620323K(659456K)->620323K(659456K)
[792.378s][info][gc,metaspace   ] GC(2616) Metaspace: 19105K(19200K)->19105K(19200K) NonClass: 17275K(17344K)->17275K(17344K) Class: 1829K(1856K)->1829K(1856K)
[792.378s][info][gc             ] GC(2616) Pause Young (Allocation Failure) 741M->620M(866M) 17.981ms
[792.378s][info][gc,cpu         ] GC(2616) User=0.04s Sys=0.00s Real=0.02s
[792.634s][info][gc,start       ] GC(2617) Pause Young (Allocation Failure)
[792.672s][info][gc,heap        ] GC(2617) PSYoungGen: 161088K(227840K)->33072K(232960K) Eden: 146432K(146432K)->0K(146432K) From: 14656K(81408K)->33072K(86528K)
[792.672s][info][gc,heap        ] GC(2617) ParOldGen: 620323K(659456K)->620323K(659456K)
[792.672s][info][gc,metaspace   ] GC(2617) Metaspace: 19105K(19200K)->19105K(19200K) NonClass: 17275K(17344K)->17275K(17344K) Class: 1829K(1856K)->1829K(1856K)
[792.672s][info][gc             ] GC(2617) Pause Young (Allocation Failure) 763M->638M(871M) 37.896ms
[792.672s][info][gc,cpu         ] GC(2617) User=0.07s Sys=0.00s Real=0.03s
[793.127s][info][gc,start       ] GC(2618) Pause Young (Allocation Failure)
[793.164s][info][gc,heap        ] GC(2618) PSYoungGen: 179504K(232960K)->33328K(234496K) Eden: 146432K(146432K)->0K(157696K) From: 33072K(86528K)->33328K(76800K)
[793.164s][info][gc,heap        ] GC(2618) ParOldGen: 620323K(659456K)->620323K(659456K)
[793.164s][info][gc,metaspace   ] GC(2618) Metaspace: 19105K(19200K)->19105K(19200K) NonClass: 17275K(17344K)->17275K(17344K) Class: 1829K(1856K)->1829K(1856K)
[793.164s][info][gc             ] GC(2618) Pause Young (Allocation Failure) 781M->638M(873M) 36.479ms
[793.164s][info][gc,cpu         ] GC(2618) User=0.08s Sys=0.00s Real=0.04s
[793.525s][info][gc,start       ] GC(2619) Pause Young (Allocation Failure)
[793.568s][info][gc,heap        ] GC(2619) PSYoungGen: 191024K(234496K)->33440K(238080K) Eden: 157696K(157696K)->0K(157696K) From: 33328K(76800K)->33440K(80384K)
[793.568s][info][gc,heap        ] GC(2619) ParOldGen: 620323K(659456K)->620323K(659456K)
[793.568s][info][gc,metaspace   ] GC(2619) Metaspace: 19105K(19200K)->19105K(19200K) NonClass: 17275K(17344K)->17275K(17344K) Class: 1829K(1856K)->1829K(1856K)
[793.568s][info][gc             ] GC(2619) Pause Young (Allocation Failure) 792M->638M(876M) 42.879ms
[793.568s][info][gc,cpu         ] GC(2619) User=0.09s Sys=0.01s Real=0.04s
[793.763s][info][gc,start       ] GC(2620) Pause Young (Allocation Failure)
[793.832s][info][gc,heap        ] GC(2620) PSYoungGen: 191136K(238080K)->75696K(230912K) Eden: 157696K(157696K)->0K(153600K) From: 33440K(80384K)->75696K(77312K)
[793.832s][info][gc,heap        ] GC(2620) ParOldGen: 620323K(659456K)->620323K(659456K)
[793.832s][info][gc,metaspace   ] GC(2620) Metaspace: 19105K(19200K)->19105K(19200K) NonClass: 17275K(17344K)->17275K(17344K) Class: 1829K(1856K)->1829K(1856K)
[793.833s][info][gc             ] GC(2620) Pause Young (Allocation Failure) 792M->679M(869M) 69.314ms
[793.833s][info][gc,cpu         ] GC(2620) User=0.14s Sys=0.00s Real=0.07s
[794.039s][info][gc,start       ] GC(2621) Pause Young (Allocation Failure)
[794.120s][info][gc,heap        ] GC(2621) PSYoungGen: 229296K(230912K)->87936K(241664K) Eden: 153600K(153600K)->0K(153600K) From: 75696K(77312K)->87936K(88064K)
[794.120s][info][gc,heap        ] GC(2621) ParOldGen: 620323K(659456K)->620323K(659456K)
[794.120s][info][gc,metaspace   ] GC(2621) Metaspace: 19105K(19200K)->19105K(19200K) NonClass: 17275K(17344K)->17275K(17344K) Class: 1829K(1856K)->1829K(1856K)
[794.120s][info][gc             ] GC(2621) Pause Young (Allocation Failure) 829M->691M(880M) 80.673ms
[794.120s][info][gc,cpu         ] GC(2621) User=0.16s Sys=0.00s Real=0.08s
[794.356s][info][gc,start       ] GC(2622) Pause Young (Allocation Failure)
[794.444s][info][gc,heap        ] GC(2622) PSYoungGen: 241536K(241664K)->92144K(203776K) Eden: 153600K(153600K)->0K(111616K) From: 87936K(88064K)->92144K(92160K)
[794.444s][info][gc,heap        ] GC(2622) ParOldGen: 620323K(659456K)->622419K(659456K)
[794.444s][info][gc,metaspace   ] GC(2622) Metaspace: 19105K(19200K)->19105K(19200K) NonClass: 17275K(17344K)->17275K(17344K) Class: 1829K(1856K)->1829K(1856K)
[794.444s][info][gc             ] GC(2622) Pause Young (Allocation Failure) 841M->697M(843M) 88.013ms
[794.444s][info][gc,cpu         ] GC(2622) User=0.17s Sys=0.01s Real=0.09s
[794.574s][info][gc,start       ] GC(2623) Pause Young (Allocation Failure)
[794.675s][info][gc,heap        ] GC(2623) PSYoungGen: 203760K(203776K)->94464K(222720K) Eden: 111616K(111616K)->0K(111616K) From: 92144K(92160K)->94464K(111104K)
[794.675s][info][gc,heap        ] GC(2623) ParOldGen: 622419K(659456K)->636155K(659456K)
[794.675s][info][gc,metaspace   ] GC(2623) Metaspace: 19105K(19200K)->19105K(19200K) NonClass: 17275K(17344K)->17275K(17344K) Class: 1829K(1856K)->1829K(1856K)
[794.675s][info][gc             ] GC(2623) Pause Young (Allocation Failure) 806M->713M(861M) 100.606ms
[794.675s][info][gc,cpu         ] GC(2623) User=0.20s Sys=0.00s Real=0.10s
[794.771s][info][gc,start       ] GC(2624) Pause Full (Allocation Failure)
[794.771s][info][gc,phases,start] GC(2624) Marking Phase
[795.105s][info][gc,phases      ] GC(2624) Marking Phase 334.025ms
[795.105s][info][gc,phases,start] GC(2624) Summary Phase
[795.105s][info][gc,phases      ] GC(2624) Summary Phase 0.047ms
[795.105s][info][gc,phases,start] GC(2624) Forward
[795.212s][info][gc,phases      ] GC(2624) Forward 106.619ms
[795.212s][info][gc,phases,start] GC(2624) Adjust Pointers
[795.481s][info][gc,phases      ] GC(2624) Adjust Pointers 268.736ms
[795.481s][info][gc,phases,start] GC(2624) Compaction Phase
[795.635s][info][gc,phases      ] GC(2624) Compaction Phase 153.697ms
[795.643s][info][gc,phases,start] GC(2624) Post Compact
[795.646s][info][gc,phases      ] GC(2624) Post Compact 2.481ms
[795.646s][info][gc,heap        ] GC(2624) PSYoungGen: 206080K(222720K)->0K(222720K) Eden: 111616K(111616K)->0K(111616K) From: 94464K(111104K)->0K(111104K)
[795.646s][info][gc,heap        ] GC(2624) ParOldGen: 636155K(659456K)->482067K(667648K)
[795.646s][info][gc,metaspace   ] GC(2624) Metaspace: 19105K(19200K)->19105K(19200K) NonClass: 17275K(17344K)->17275K(17344K) Class: 1829K(1856K)->1829K(1856K)
[795.646s][info][gc             ] GC(2624) Pause Full (Allocation Failure) 822M->470M(869M) 874.724ms
[795.646s][info][gc,cpu         ] GC(2624) User=1.64s Sys=0.00s Real=0.88s
[795.768s][info][gc,start       ] GC(2625) Pause Young (Allocation Failure)
[795.774s][info][gc,heap        ] GC(2625) PSYoungGen: 111616K(222720K)->2176K(222720K) Eden: 111616K(111616K)->0K(111616K) From: 0K(111104K)->2176K(111104K)
[795.775s][info][gc,heap        ] GC(2625) ParOldGen: 482067K(667648K)->482067K(667648K)
[795.775s][info][gc,metaspace   ] GC(2625) Metaspace: 19105K(19200K)->19105K(19200K) NonClass: 17275K(17344K)->17275K(17344K) Class: 1829K(1856K)->1829K(1856K)
[795.775s][info][gc             ] GC(2625) Pause Young (Allocation Failure) 579M->472M(869M) 6.794ms
[795.775s][info][gc,cpu         ] GC(2625) User=0.02s Sys=0.00s Real=0.01s
[795.929s][info][gc,start       ] GC(2626) Pause Young (Allocation Failure)
[795.949s][info][gc,heap        ] GC(2626) PSYoungGen: 113792K(222720K)->17696K(222720K) Eden: 111616K(111616K)->0K(111616K) From: 2176K(111104K)->17696K(111104K)
[795.949s][info][gc,heap        ] GC(2626) ParOldGen: 482067K(667648K)->482067K(667648K)
[795.950s][info][gc,metaspace   ] GC(2626) Metaspace: 19105K(19200K)->19105K(19200K) NonClass: 17275K(17344K)->17275K(17344K) Class: 1829K(1856K)->1829K(1856K)
[795.950s][info][gc             ] GC(2626) Pause Young (Allocation Failure) 581M->488M(869M) 20.746ms
[795.950s][info][gc,cpu         ] GC(2626) User=0.04s Sys=0.00s Real=0.02s
[796.269s][info][gc,start       ] GC(2627) Pause Young (Allocation Failure)
[796.287s][info][gc,heap        ] GC(2627) PSYoungGen: 129312K(222720K)->17760K(222720K) Eden: 111616K(111616K)->0K(111616K) From: 17696K(111104K)->17760K(111104K)
[796.287s][info][gc,heap        ] GC(2627) ParOldGen: 482067K(667648K)->482067K(667648K)
[796.287s][info][gc,metaspace   ] GC(2627) Metaspace: 19105K(19200K)->19105K(19200K) NonClass: 17275K(17344K)->17275K(17344K) Class: 1829K(1856K)->1829K(1856K)
[796.287s][info][gc             ] GC(2627) Pause Young (Allocation Failure) 597M->488M(869M) 18.757ms
[796.287s][info][gc,cpu         ] GC(2627) User=0.04s Sys=0.00s Real=0.02s
[796.542s][info][gc,start       ] GC(2628) Pause Young (Allocation Failure)
[796.561s][info][gc,heap        ] GC(2628) PSYoungGen: 129376K(222720K)->15648K(222720K) Eden: 111616K(111616K)->0K(111616K) From: 17760K(111104K)->15648K(111104K)
[796.561s][info][gc,heap        ] GC(2628) ParOldGen: 482067K(667648K)->484219K(667648K)
[796.561s][info][gc,metaspace   ] GC(2628) Metaspace: 19105K(19200K)->19105K(19200K) NonClass: 17275K(17344K)->17275K(17344K) Class: 1829K(1856K)->1829K(1856K)
[796.561s][info][gc             ] GC(2628) Pause Young (Allocation Failure) 597M->488M(869M) 19.184ms
[796.561s][info][gc,cpu         ] GC(2628) User=0.04s Sys=0.00s Real=0.02s
[796.848s][info][gc,start       ] GC(2629) Pause Young (Allocation Failure)
[796.875s][info][gc,heap        ] GC(2629) PSYoungGen: 127264K(222720K)->64K(222720K) Eden: 111616K(111616K)->0K(111616K) From: 15648K(111104K)->64K(111104K)
[796.875s][info][gc,heap        ] GC(2629) ParOldGen: 484219K(667648K)->499864K(667648K)
[796.875s][info][gc,metaspace   ] GC(2629) Metaspace: 19105K(19200K)->19105K(19200K) NonClass: 17275K(17344K)->17275K(17344K) Class: 1829K(1856K)->1829K(1856K)
[796.875s][info][gc             ] GC(2629) Pause Young (Allocation Failure) 597M->488M(869M) 26.605ms
[796.875s][info][gc,cpu         ] GC(2629) User=0.05s Sys=0.00s Real=0.03s
[797.100s][info][gc,start       ] GC(2630) Pause Young (Allocation Failure)
[797.108s][info][gc,heap        ] GC(2630) PSYoungGen: 111680K(222720K)->1353K(222720K) Eden: 111616K(111616K)->0K(111616K) From: 64K(111104K)->1353K(111104K)
[797.108s][info][gc,heap        ] GC(2630) ParOldGen: 499864K(667648K)->499904K(667648K)
[797.108s][info][gc,metaspace   ] GC(2630) Metaspace: 19105K(19200K)->19105K(19200K) NonClass: 17275K(17344K)->17275K(17344K) Class: 1829K(1856K)->1829K(1856K)
[797.108s][info][gc             ] GC(2630) Pause Young (Allocation Failure) 597M->489M(869M) 8.468ms
[797.108s][info][gc,cpu         ] GC(2630) User=0.02s Sys=0.00s Real=0.01s
[797.164s][info][gc,start       ] GC(2631) Pause Young (Allocation Failure)
[797.195s][info][gc,heap        ] GC(2631) PSYoungGen: 112969K(222720K)->41312K(153088K) Eden: 111616K(111616K)->0K(111616K) From: 1353K(111104K)->41312K(41472K)
[797.195s][info][gc,heap        ] GC(2631) ParOldGen: 499904K(667648K)->501234K(667648K)
[797.195s][info][gc,metaspace   ] GC(2631) Metaspace: 19105K(19200K)->19105K(19200K) NonClass: 17275K(17344K)->17275K(17344K) Class: 1829K(1856K)->1829K(1856K)
[797.195s][info][gc             ] GC(2631) Pause Young (Allocation Failure) 598M->529M(801M) 30.944ms
[797.195s][info][gc,cpu         ] GC(2631) User=0.06s Sys=0.00s Real=0.03s
[797.301s][info][gc,start       ] GC(2632) Pause Young (Allocation Failure)
[797.346s][info][gc,heap        ] GC(2632) PSYoungGen: 152928K(153088K)->73216K(217600K) Eden: 111616K(111616K)->0K(109056K) From: 41312K(41472K)->73216K(108544K)
[797.346s][info][gc,heap        ] GC(2632) ParOldGen: 501234K(667648K)->501234K(667648K)
[797.346s][info][gc,metaspace   ] GC(2632) Metaspace: 19105K(19200K)->19105K(19200K) NonClass: 17275K(17344K)->17275K(17344K) Class: 1829K(1856K)->1829K(1856K)
[797.346s][info][gc             ] GC(2632) Pause Young (Allocation Failure) 638M->560M(864M) 45.291ms
[797.346s][info][gc,cpu         ] GC(2632) User=0.08s Sys=0.00s Real=0.05s
[797.397s][info][gc,start       ] GC(2633) Pause Young (Allocation Failure)
[797.467s][info][gc,heap        ] GC(2633) PSYoungGen: 182272K(217600K)->38464K(220160K) Eden: 109056K(109056K)->0K(109056K) From: 73216K(108544K)->38464K(111104K)
[797.467s][info][gc,heap        ] GC(2633) ParOldGen: 501234K(667648K)->575340K(667648K)
[797.467s][info][gc,metaspace   ] GC(2633) Metaspace: 19105K(19200K)->19105K(19200K) NonClass: 17275K(17344K)->17275K(17344K) Class: 1829K(1856K)->1829K(1856K)
[797.467s][info][gc             ] GC(2633) Pause Young (Allocation Failure) 667M->599M(867M) 70.108ms
[797.467s][info][gc,cpu         ] GC(2633) User=0.13s Sys=0.00s Real=0.07s
[797.504s][info][gc,start       ] GC(2634) Pause Young (Allocation Failure)
[797.552s][info][gc,heap        ] GC(2634) PSYoungGen: 147520K(220160K)->29504K(209408K) Eden: 109056K(109056K)->0K(113152K) From: 38464K(111104K)->29504K(96256K)
[797.552s][info][gc,heap        ] GC(2634) ParOldGen: 575340K(667648K)->614300K(667648K)
[797.552s][info][gc,metaspace   ] GC(2634) Metaspace: 19105K(19200K)->19105K(19200K) NonClass: 17275K(17344K)->17275K(17344K) Class: 1829K(1856K)->1829K(1856K)
[797.552s][info][gc             ] GC(2634) Pause Young (Allocation Failure) 705M->628M(856M) 48.075ms
[797.552s][info][gc,cpu         ] GC(2634) User=0.09s Sys=0.00s Real=0.04s
[797.689s][info][gc,start       ] GC(2635) Pause Full (Allocation Failure)
[797.689s][info][gc,phases,start] GC(2635) Marking Phase
[797.995s][info][gc,phases      ] GC(2635) Marking Phase 306.114ms
[797.995s][info][gc,phases,start] GC(2635) Summary Phase
[797.995s][info][gc,phases      ] GC(2635) Summary Phase 0.028ms
[797.995s][info][gc,phases,start] GC(2635) Forward
[798.101s][info][gc,phases      ] GC(2635) Forward 105.904ms
[798.101s][info][gc,phases,start] GC(2635) Adjust Pointers
[798.336s][info][gc,phases      ] GC(2635) Adjust Pointers 234.675ms
[798.336s][info][gc,phases,start] GC(2635) Compaction Phase
[798.472s][info][gc,phases      ] GC(2635) Compaction Phase 135.691ms
[798.478s][info][gc,phases,start] GC(2635) Post Compact
[798.480s][info][gc,phases      ] GC(2635) Post Compact 2.249ms
[798.480s][info][gc,heap        ] GC(2635) PSYoungGen: 142656K(209408K)->0K(216576K) Eden: 113152K(113152K)->0K(113152K) From: 29504K(96256K)->0K(103424K)
[798.480s][info][gc,heap        ] GC(2635) ParOldGen: 614300K(667648K)->479541K(667648K)
[798.480s][info][gc,metaspace   ] GC(2635) Metaspace: 19105K(19200K)->19105K(19200K) NonClass: 17275K(17344K)->17275K(17344K) Class: 1829K(1856K)->1829K(1856K)
[798.480s][info][gc             ] GC(2635) Pause Full (Allocation Failure) 739M->468M(863M) 790.969ms
[798.480s][info][gc,cpu         ] GC(2635) User=1.49s Sys=0.00s Real=0.79s
[798.560s][info][gc,start       ] GC(2636) Pause Young (Allocation Failure)
[798.585s][info][gc,heap        ] GC(2636) PSYoungGen: 113152K(216576K)->16352K(221184K) Eden: 113152K(113152K)->0K(125952K) From: 0K(103424K)->16352K(95232K)
[798.585s][info][gc,heap        ] GC(2636) ParOldGen: 479541K(667648K)->479541K(667648K)
[798.585s][info][gc,metaspace   ] GC(2636) Metaspace: 19105K(19200K)->19105K(19200K) NonClass: 17275K(17344K)->17275K(17344K) Class: 1829K(1856K)->1829K(1856K)
[798.585s][info][gc             ] GC(2636) Pause Young (Allocation Failure) 578M->484M(868M) 25.287ms
[798.585s][info][gc,cpu         ] GC(2636) User=0.05s Sys=0.00s Real=0.03s
[798.748s][info][gc,start       ] GC(2637) Pause Young (Allocation Failure)
[798.803s][info][gc,heap        ] GC(2637) PSYoungGen: 142304K(221184K)->18880K(225792K) Eden: 125952K(125952K)->0K(125952K) From: 16352K(95232K)->18880K(99840K)
[798.803s][info][gc,heap        ] GC(2637) ParOldGen: 479541K(667648K)->495917K(667648K)
[798.803s][info][gc,metaspace   ] GC(2637) Metaspace: 19105K(19200K)->19105K(19200K) NonClass: 17275K(17344K)->17275K(17344K) Class: 1829K(1856K)->1829K(1856K)
[798.803s][info][gc             ] GC(2637) Pause Young (Allocation Failure) 607M->502M(872M) 54.747ms
[798.803s][info][gc,cpu         ] GC(2637) User=0.11s Sys=0.00s Real=0.05s
[798.967s][info][gc,start       ] GC(2638) Pause Young (Allocation Failure)
[798.996s][info][gc,heap        ] GC(2638) PSYoungGen: 144832K(225792K)->64K(231936K) Eden: 125952K(125952K)->0K(138752K) From: 18880K(99840K)->64K(93184K)
[798.996s][info][gc,heap        ] GC(2638) ParOldGen: 495917K(667648K)->514805K(667648K)
[798.996s][info][gc,metaspace   ] GC(2638) Metaspace: 19105K(19200K)->19105K(19200K) NonClass: 17275K(17344K)->17275K(17344K) Class: 1829K(1856K)->1829K(1856K)
[798.996s][info][gc             ] GC(2638) Pause Young (Allocation Failure) 625M->502M(878M) 29.543ms
[798.996s][info][gc,cpu         ] GC(2638) User=0.05s Sys=0.00s Real=0.03s
[799.167s][info][gc,start       ] GC(2639) Pause Young (Allocation Failure)
[799.169s][info][gc,heap        ] GC(2639) PSYoungGen: 138816K(231936K)->64K(232960K) Eden: 138752K(138752K)->0K(138752K) From: 64K(93184K)->64K(94208K)
[799.169s][info][gc,heap        ] GC(2639) ParOldGen: 514805K(667648K)->514805K(667648K)
[799.169s][info][gc,metaspace   ] GC(2639) Metaspace: 19105K(19200K)->19105K(19200K) NonClass: 17275K(17344K)->17275K(17344K) Class: 1829K(1856K)->1829K(1856K)
[799.169s][info][gc             ] GC(2639) Pause Young (Allocation Failure) 638M->502M(879M) 1.723ms
[799.169s][info][gc,cpu         ] GC(2639) User=0.01s Sys=0.00s Real=0.00s
[799.340s][info][gc,start       ] GC(2640) Pause Young (Allocation Failure)
[799.341s][info][gc,heap        ] GC(2640) PSYoungGen: 138816K(232960K)->64K(235008K) Eden: 138752K(138752K)->0K(146944K) From: 64K(94208K)->64K(88064K)
[799.342s][info][gc,heap        ] GC(2640) ParOldGen: 514805K(667648K)->514805K(667648K)
[799.342s][info][gc,metaspace   ] GC(2640) Metaspace: 19105K(19200K)->19105K(19200K) NonClass: 17275K(17344K)->17275K(17344K) Class: 1829K(1856K)->1829K(1856K)
[799.342s][info][gc             ] GC(2640) Pause Young (Allocation Failure) 638M->502M(881M) 1.856ms
[799.342s][info][gc,cpu         ] GC(2640) User=0.00s Sys=0.00s Real=0.00s
[799.523s][info][gc,start       ] GC(2641) Pause Young (Allocation Failure)
[799.525s][info][gc,heap        ] GC(2641) PSYoungGen: 147008K(235008K)->64K(237056K) Eden: 146944K(146944K)->0K(146944K) From: 64K(88064K)->64K(90112K)
[799.525s][info][gc,heap        ] GC(2641) ParOldGen: 514805K(667648K)->514805K(667648K)
[799.525s][info][gc,metaspace   ] GC(2641) Metaspace: 19105K(19200K)->19105K(19200K) NonClass: 17275K(17344K)->17275K(17344K) Class: 1829K(1856K)->1829K(1856K)
[799.525s][info][gc             ] GC(2641) Pause Young (Allocation Failure) 646M->502M(883M) 1.711ms
[799.525s][info][gc,cpu         ] GC(2641) User=0.00s Sys=0.00s Real=0.01s
[799.706s][info][gc,start       ] GC(2642) Pause Young (Allocation Failure)
[799.708s][info][gc,heap        ] GC(2642) PSYoungGen: 147008K(237056K)->64K(236032K) Eden: 146944K(146944K)->0K(155136K) From: 64K(90112K)->64K(80896K)
[799.708s][info][gc,heap        ] GC(2642) ParOldGen: 514805K(667648K)->514805K(667648K)
[799.708s][info][gc,metaspace   ] GC(2642) Metaspace: 19105K(19200K)->19105K(19200K) NonClass: 17275K(17344K)->17275K(17344K) Class: 1829K(1856K)->1829K(1856K)
[799.708s][info][gc             ] GC(2642) Pause Young (Allocation Failure) 646M->502M(882M) 1.698ms
[799.708s][info][gc,cpu         ] GC(2642) User=0.01s Sys=0.00s Real=0.00s
[799.899s][info][gc,start       ] GC(2643) Pause Young (Allocation Failure)
[799.900s][info][gc,heap        ] GC(2643) PSYoungGen: 155200K(236032K)->64K(239616K) Eden: 155136K(155136K)->0K(155136K) From: 64K(80896K)->64K(84480K)
[799.900s][info][gc,heap        ] GC(2643) ParOldGen: 514805K(667648K)->514805K(667648K)
[799.900s][info][gc,metaspace   ] GC(2643) Metaspace: 19105K(19200K)->19105K(19200K) NonClass: 17275K(17344K)->17275K(17344K) Class: 1829K(1856K)->1829K(1856K)
[799.900s][info][gc             ] GC(2643) Pause Young (Allocation Failure) 654M->502M(886M) 1.680ms
[799.900s][info][gc,cpu         ] GC(2643) User=0.00s Sys=0.00s Real=0.00s
[800.091s][info][gc,start       ] GC(2644) Pause Young (Allocation Failure)
[800.093s][info][gc,heap        ] GC(2644) PSYoungGen: 155200K(239616K)->64K(232960K) Eden: 155136K(155136K)->0K(160768K) From: 64K(84480K)->64K(72192K)
[800.093s][info][gc,heap        ] GC(2644) ParOldGen: 514805K(667648K)->514805K(667648K)
[800.093s][info][gc,metaspace   ] GC(2644) Metaspace: 19105K(19200K)->19105K(19200K) NonClass: 17275K(17344K)->17275K(17344K) Class: 1829K(1856K)->1829K(1856K)
[800.093s][info][gc             ] GC(2644) Pause Young (Allocation Failure) 654M->502M(879M) 2.033ms
[800.093s][info][gc,cpu         ] GC(2644) User=0.00s Sys=0.00s Real=0.00s
[800.295s][info][gc,start       ] GC(2645) Pause Young (Allocation Failure)
[800.297s][info][gc,heap        ] GC(2645) PSYoungGen: 160832K(232960K)->64K(238080K) Eden: 160768K(160768K)->0K(160768K) From: 64K(72192K)->64K(77312K)
[800.297s][info][gc,heap        ] GC(2645) ParOldGen: 514805K(667648K)->514805K(667648K)
[800.297s][info][gc,metaspace   ] GC(2645) Metaspace: 19105K(19200K)->19105K(19200K) NonClass: 17275K(17344K)->17275K(17344K) Class: 1829K(1856K)->1829K(1856K)
[800.297s][info][gc             ] GC(2645) Pause Young (Allocation Failure) 659M->502M(884M) 1.918ms
[800.297s][info][gc,cpu         ] GC(2645) User=0.01s Sys=0.00s Real=0.00s
[800.496s][info][gc,start       ] GC(2646) Pause Young (Allocation Failure)
[800.499s][info][gc,heap        ] GC(2646) PSYoungGen: 160832K(238080K)->416K(230400K) Eden: 160768K(160768K)->0K(164864K) From: 64K(77312K)->416K(65536K)
[800.499s][info][gc,heap        ] GC(2646) ParOldGen: 514805K(667648K)->514805K(667648K)
[800.499s][info][gc,metaspace   ] GC(2646) Metaspace: 19105K(19200K)->19105K(19200K) NonClass: 17275K(17344K)->17275K(17344K) Class: 1829K(1856K)->1829K(1856K)
[800.499s][info][gc             ] GC(2646) Pause Young (Allocation Failure) 659M->503M(877M) 3.022ms
[800.499s][info][gc,cpu         ] GC(2646) User=0.01s Sys=0.01s Real=0.00s
[800.649s][info][gc,start       ] GC(2647) Pause Young (Allocation Failure)
[800.677s][info][gc,heap        ] GC(2647) PSYoungGen: 165280K(230400K)->23744K(235008K) Eden: 164864K(164864K)->0K(164864K) From: 416K(65536K)->23744K(70144K)
[800.677s][info][gc,heap        ] GC(2647) ParOldGen: 514805K(667648K)->514805K(667648K)
[800.677s][info][gc,metaspace   ] GC(2647) Metaspace: 19105K(19200K)->19105K(19200K) NonClass: 17275K(17344K)->17275K(17344K) Class: 1829K(1856K)->1829K(1856K)
[800.677s][info][gc             ] GC(2647) Pause Young (Allocation Failure) 664M->525M(881M) 27.623ms
[800.677s][info][gc,cpu         ] GC(2647) User=0.06s Sys=0.00s Real=0.03s
[800.809s][info][gc,start       ] GC(2648) Pause Young (Allocation Failure)
[800.846s][info][gc,heap        ] GC(2648) PSYoungGen: 188608K(235008K)->37664K(237056K) Eden: 164864K(164864K)->0K(168448K) From: 23744K(70144K)->37664K(68608K)
[800.846s][info][gc,heap        ] GC(2648) ParOldGen: 514805K(667648K)->514805K(667648K)
[800.846s][info][gc,metaspace   ] GC(2648) Metaspace: 19105K(19200K)->19105K(19200K) NonClass: 17275K(17344K)->17275K(17344K) Class: 1829K(1856K)->1829K(1856K)
[800.846s][info][gc             ] GC(2648) Pause Young (Allocation Failure) 686M->539M(883M) 37.539ms
[800.846s][info][gc,cpu         ] GC(2648) User=0.07s Sys=0.00s Real=0.04s
[800.970s][info][gc,start       ] GC(2649) Pause Young (Allocation Failure)
[801.024s][info][gc,heap        ] GC(2649) PSYoungGen: 206112K(237056K)->52000K(240640K) Eden: 168448K(168448K)->0K(168448K) From: 37664K(68608K)->52000K(72192K)
[801.024s][info][gc,heap        ] GC(2649) ParOldGen: 514805K(667648K)->514805K(667648K)
[801.024s][info][gc,metaspace   ] GC(2649) Metaspace: 19105K(19200K)->19105K(19200K) NonClass: 17275K(17344K)->17275K(17344K) Class: 1829K(1856K)->1829K(1856K)
[801.024s][info][gc             ] GC(2649) Pause Young (Allocation Failure) 704M->553M(887M) 54.016ms
[801.024s][info][gc,cpu         ] GC(2649) User=0.10s Sys=0.00s Real=0.06s
[801.142s][info][gc,start       ] GC(2650) Pause Young (Allocation Failure)
[801.228s][info][gc,heap        ] GC(2650) PSYoungGen: 220448K(240640K)->76576K(224256K) Eden: 168448K(168448K)->0K(144384K) From: 52000K(72192K)->76576K(79872K)
[801.228s][info][gc,heap        ] GC(2650) ParOldGen: 514805K(667648K)->514805K(667648K)
[801.228s][info][gc,metaspace   ] GC(2650) Metaspace: 19105K(19200K)->19105K(19200K) NonClass: 17275K(17344K)->17275K(17344K) Class: 1829K(1856K)->1829K(1856K)
[801.228s][info][gc             ] GC(2650) Pause Young (Allocation Failure) 718M->577M(871M) 85.508ms
[801.228s][info][gc,cpu         ] GC(2650) User=0.15s Sys=0.01s Real=0.09s
[801.316s][info][gc,start       ] GC(2651) Pause Young (Allocation Failure)
[801.393s][info][gc,heap        ] GC(2651) PSYoungGen: 220960K(224256K)->80608K(225280K) Eden: 144384K(144384K)->0K(144384K) From: 76576K(79872K)->80608K(80896K)
[801.393s][info][gc,heap        ] GC(2651) ParOldGen: 514805K(667648K)->514805K(667648K)
[801.393s][info][gc,metaspace   ] GC(2651) Metaspace: 19105K(19200K)->19105K(19200K) NonClass: 17275K(17344K)->17275K(17344K) Class: 1829K(1856K)->1829K(1856K)
[801.393s][info][gc             ] GC(2651) Pause Young (Allocation Failure) 718M->581M(872M) 77.258ms
[801.393s][info][gc,cpu         ] GC(2651) User=0.15s Sys=0.00s Real=0.07s
[801.476s][info][gc,start       ] GC(2652) Pause Young (Allocation Failure)
[801.556s][info][gc,heap        ] GC(2652) PSYoungGen: 224992K(225280K)->82080K(220160K) Eden: 144384K(144384K)->0K(111616K) From: 80608K(80896K)->82080K(108544K)
[801.556s][info][gc,heap        ] GC(2652) ParOldGen: 514805K(667648K)->514805K(667648K)
[801.556s][info][gc,metaspace   ] GC(2652) Metaspace: 19105K(19200K)->19105K(19200K) NonClass: 17275K(17344K)->17275K(17344K) Class: 1829K(1856K)->1829K(1856K)
[801.556s][info][gc             ] GC(2652) Pause Young (Allocation Failure) 722M->582M(867M) 80.132ms
[801.556s][info][gc,cpu         ] GC(2652) User=0.16s Sys=0.00s Real=0.08s
[801.648s][info][gc,start       ] GC(2653) Pause Young (Allocation Failure)
[801.735s][info][gc,heap        ] GC(2653) PSYoungGen: 193696K(220160K)->91616K(222720K) Eden: 111616K(111616K)->0K(111616K) From: 82080K(108544K)->91616K(111104K)
[801.735s][info][gc,heap        ] GC(2653) ParOldGen: 514805K(667648K)->514805K(667648K)
[801.735s][info][gc,metaspace   ] GC(2653) Metaspace: 19105K(19200K)->19105K(19200K) NonClass: 17275K(17344K)->17275K(17344K) Class: 1829K(1856K)->1829K(1856K)
[801.735s][info][gc             ] GC(2653) Pause Young (Allocation Failure) 691M->592M(869M) 86.937ms
[801.735s][info][gc,cpu         ] GC(2653) User=0.18s Sys=0.00s Real=0.09s
[801.814s][info][gc,start       ] GC(2654) Pause Young (Allocation Failure)
[801.919s][info][gc,heap        ] GC(2654) PSYoungGen: 203232K(222720K)->110880K(222720K) Eden: 111616K(111616K)->0K(111616K) From: 91616K(111104K)->110880K(111104K)
[801.919s][info][gc,heap        ] GC(2654) ParOldGen: 514805K(667648K)->514805K(667648K)
[801.919s][info][gc,metaspace   ] GC(2654) Metaspace: 19105K(19200K)->19105K(19200K) NonClass: 17275K(17344K)->17275K(17344K) Class: 1829K(1856K)->1829K(1856K)
[801.919s][info][gc             ] GC(2654) Pause Young (Allocation Failure) 701M->611M(869M) 104.879ms
[801.919s][info][gc,cpu         ] GC(2654) User=0.21s Sys=0.01s Real=0.10s
[802.021s][info][gc,start       ] GC(2655) Pause Young (Allocation Failure)
[802.126s][info][gc,heap        ] GC(2655) PSYoungGen: 222496K(222720K)->87264K(222720K) Eden: 111616K(111616K)->0K(111616K) From: 110880K(111104K)->87264K(111104K)
[802.126s][info][gc,heap        ] GC(2655) ParOldGen: 514805K(667648K)->538597K(667648K)
[802.126s][info][gc,metaspace   ] GC(2655) Metaspace: 19105K(19200K)->19105K(19200K) NonClass: 17275K(17344K)->17275K(17344K) Class: 1829K(1856K)->1829K(1856K)
[802.126s][info][gc             ] GC(2655) Pause Young (Allocation Failure) 720M->611M(869M) 105.228ms
[802.126s][info][gc,cpu         ] GC(2655) User=0.21s Sys=0.00s Real=0.11s
[802.254s][info][gc,start       ] GC(2656) Pause Young (Allocation Failure)
[802.345s][info][gc,heap        ] GC(2656) PSYoungGen: 198880K(222720K)->67840K(222720K) Eden: 111616K(111616K)->0K(111616K) From: 87264K(111104K)->67840K(111104K)
[802.345s][info][gc,heap        ] GC(2656) ParOldGen: 538597K(667648K)->566949K(667648K)
[802.345s][info][gc,metaspace   ] GC(2656) Metaspace: 19105K(19200K)->19105K(19200K) NonClass: 17275K(17344K)->17275K(17344K) Class: 1829K(1856K)->1829K(1856K)
[802.345s][info][gc             ] GC(2656) Pause Young (Allocation Failure) 720M->619M(869M) 90.754ms
[802.345s][info][gc,cpu         ] GC(2656) User=0.18s Sys=0.00s Real=0.09s
[802.515s][info][gc,start       ] GC(2657) Pause Young (Allocation Failure)
[802.598s][info][gc,heap        ] GC(2657) PSYoungGen: 179456K(222720K)->55568K(222720K) Eden: 111616K(111616K)->0K(111616K) From: 67840K(111104K)->55568K(111104K)
[802.598s][info][gc,heap        ] GC(2657) ParOldGen: 566949K(667648K)->595637K(667648K)
[802.598s][info][gc,metaspace   ] GC(2657) Metaspace: 19105K(19200K)->19105K(19200K) NonClass: 17275K(17344K)->17275K(17344K) Class: 1829K(1856K)->1829K(1856K)
[802.598s][info][gc             ] GC(2657) Pause Young (Allocation Failure) 728M->635M(869M) 83.284ms
[802.599s][info][gc,cpu         ] GC(2657) User=0.17s Sys=0.00s Real=0.08s
[802.981s][info][gc,start       ] GC(2658) Pause Young (Allocation Failure)
[803.035s][info][gc,heap        ] GC(2658) PSYoungGen: 167184K(222720K)->44656K(222720K) Eden: 111616K(111616K)->0K(111616K) From: 55568K(111104K)->44656K(111104K)
[803.035s][info][gc,heap        ] GC(2658) ParOldGen: 595637K(667648K)->606685K(667648K)
[803.035s][info][gc,metaspace   ] GC(2658) Metaspace: 19105K(19200K)->19105K(19200K) NonClass: 17275K(17344K)->17275K(17344K) Class: 1829K(1856K)->1829K(1856K)
[803.035s][info][gc             ] GC(2658) Pause Young (Allocation Failure) 744M->636M(869M) 54.079ms
[803.035s][info][gc,cpu         ] GC(2658) User=0.11s Sys=0.00s Real=0.06s
[803.314s][info][gc,start       ] GC(2659) Pause Young (Allocation Failure)
[803.363s][info][gc,heap        ] GC(2659) PSYoungGen: 156272K(222720K)->25328K(222720K) Eden: 111616K(111616K)->0K(111616K) From: 44656K(111104K)->25328K(111104K)
[803.363s][info][gc,heap        ] GC(2659) ParOldGen: 606685K(667648K)->626118K(667648K)
[803.363s][info][gc,metaspace   ] GC(2659) Metaspace: 19105K(19200K)->19105K(19200K) NonClass: 17275K(17344K)->17275K(17344K) Class: 1829K(1856K)->1829K(1856K)
[803.363s][info][gc             ] GC(2659) Pause Young (Allocation Failure) 745M->636M(869M) 48.968ms
[803.363s][info][gc,cpu         ] GC(2659) User=0.10s Sys=0.00s Real=0.05s
[803.651s][info][gc,start       ] GC(2660) Pause Full (Allocation Failure)
[803.651s][info][gc,phases,start] GC(2660) Marking Phase
[804.116s][info][gc,phases      ] GC(2660) Marking Phase 465.511ms
[804.116s][info][gc,phases,start] GC(2660) Summary Phase
[804.117s][info][gc,phases      ] GC(2660) Summary Phase 0.027ms
[804.117s][info][gc,phases,start] GC(2660) Forward
[804.147s][info][gc,phases      ] GC(2660) Forward 29.985ms
[804.147s][info][gc,phases,start] GC(2660) Adjust Pointers
[804.471s][info][gc,phases      ] GC(2660) Adjust Pointers 324.684ms
[804.471s][info][gc,phases,start] GC(2660) Compaction Phase
[804.624s][info][gc,phases      ] GC(2660) Compaction Phase 152.948ms
[804.624s][info][gc,phases,start] GC(2660) Post Compact
[804.627s][info][gc,phases      ] GC(2660) Post Compact 2.272ms
[804.627s][info][gc,heap        ] GC(2660) PSYoungGen: 136944K(222720K)->0K(222720K) Eden: 111616K(111616K)->0K(111616K) From: 25328K(111104K)->0K(111104K)
[804.627s][info][gc,heap        ] GC(2660) ParOldGen: 626118K(667648K)->650855K(667648K)
[804.627s][info][gc,metaspace   ] GC(2660) Metaspace: 19105K(19200K)->19105K(19200K) NonClass: 17275K(17344K)->17275K(17344K) Class: 1829K(1856K)->1829K(1856K)
[804.627s][info][gc             ] GC(2660) Pause Full (Allocation Failure) 745M->635M(869M) 975.901ms
[804.627s][info][gc,cpu         ] GC(2660) User=1.91s Sys=0.01s Real=0.98s
[804.892s][info][gc,start       ] GC(2661) Pause Full (Allocation Failure)
[804.892s][info][gc,phases,start] GC(2661) Marking Phase
[805.356s][info][gc,phases      ] GC(2661) Marking Phase 463.539ms
[805.356s][info][gc,phases,start] GC(2661) Summary Phase
[805.356s][info][gc,phases      ] GC(2661) Summary Phase 0.026ms
[805.356s][info][gc,phases,start] GC(2661) Forward
[805.362s][info][gc,phases      ] GC(2661) Forward 6.026ms
[805.362s][info][gc,phases,start] GC(2661) Adjust Pointers
[805.677s][info][gc,phases      ] GC(2661) Adjust Pointers 315.086ms
[805.677s][info][gc,phases,start] GC(2661) Compaction Phase
[805.799s][info][gc,phases      ] GC(2661) Compaction Phase 121.756ms
[805.799s][info][gc,phases,start] GC(2661) Post Compact
[805.801s][info][gc,phases      ] GC(2661) Post Compact 2.264ms
[805.801s][info][gc,heap        ] GC(2661) PSYoungGen: 111616K(222720K)->0K(222720K) Eden: 111616K(111616K)->0K(111616K) From: 0K(111104K)->0K(111104K)
[805.801s][info][gc,heap        ] GC(2661) ParOldGen: 650855K(667648K)->650858K(667648K)
[805.801s][info][gc,metaspace   ] GC(2661) Metaspace: 19105K(19200K)->19105K(19200K) NonClass: 17275K(17344K)->17275K(17344K) Class: 1829K(1856K)->1829K(1856K)
[805.801s][info][gc             ] GC(2661) Pause Full (Allocation Failure) 744M->635M(869M) 909.136ms
[805.801s][info][gc,cpu         ] GC(2661) User=1.78s Sys=0.00s Real=0.91s
[806.069s][info][gc,start       ] GC(2662) Pause Full (Allocation Failure)
[806.069s][info][gc,phases,start] GC(2662) Marking Phase
[806.527s][info][gc,phases      ] GC(2662) Marking Phase 458.318ms
[806.527s][info][gc,phases,start] GC(2662) Summary Phase
[806.527s][info][gc,phases      ] GC(2662) Summary Phase 0.025ms
[806.527s][info][gc,phases,start] GC(2662) Forward
[806.528s][info][gc,phases      ] GC(2662) Forward 0.293ms
[806.528s][info][gc,phases,start] GC(2662) Adjust Pointers
[806.841s][info][gc,phases      ] GC(2662) Adjust Pointers 313.703ms
[806.841s][info][gc,phases,start] GC(2662) Compaction Phase
[806.969s][info][gc,phases      ] GC(2662) Compaction Phase 127.692ms
[806.969s][info][gc,phases,start] GC(2662) Post Compact
[806.972s][info][gc,phases      ] GC(2662) Post Compact 2.297ms
[806.972s][info][gc,heap        ] GC(2662) PSYoungGen: 111616K(222720K)->0K(222720K) Eden: 111616K(111616K)->0K(111616K) From: 0K(111104K)->0K(111104K)
[806.972s][info][gc,heap        ] GC(2662) ParOldGen: 650858K(667648K)->650860K(667648K)
[806.972s][info][gc,metaspace   ] GC(2662) Metaspace: 19105K(19200K)->19105K(19200K) NonClass: 17275K(17344K)->17275K(17344K) Class: 1829K(1856K)->1829K(1856K)
[806.972s][info][gc             ] GC(2662) Pause Full (Allocation Failure) 744M->635M(869M) 902.781ms
[806.972s][info][gc,cpu         ] GC(2662) User=1.77s Sys=0.00s Real=0.90s
[807.236s][info][gc,start       ] GC(2663) Pause Full (Allocation Failure)
[807.236s][info][gc,phases,start] GC(2663) Marking Phase
[807.701s][info][gc,phases      ] GC(2663) Marking Phase 464.801ms
[807.701s][info][gc,phases,start] GC(2663) Summary Phase
[807.701s][info][gc,phases      ] GC(2663) Summary Phase 0.025ms
[807.701s][info][gc,phases,start] GC(2663) Forward
[807.701s][info][gc,phases      ] GC(2663) Forward 0.288ms
[807.701s][info][gc,phases,start] GC(2663) Adjust Pointers
[808.019s][info][gc,phases      ] GC(2663) Adjust Pointers 317.756ms
[808.019s][info][gc,phases,start] GC(2663) Compaction Phase
[808.147s][info][gc,phases      ] GC(2663) Compaction Phase 127.817ms
[808.147s][info][gc,phases,start] GC(2663) Post Compact
[808.149s][info][gc,phases      ] GC(2663) Post Compact 2.241ms
[808.149s][info][gc,heap        ] GC(2663) PSYoungGen: 111616K(222720K)->0K(222720K) Eden: 111616K(111616K)->0K(111616K) From: 0K(111104K)->0K(111104K)
[808.149s][info][gc,heap        ] GC(2663) ParOldGen: 650860K(667648K)->650863K(667648K)
[808.149s][info][gc,metaspace   ] GC(2663) Metaspace: 19105K(19200K)->19105K(19200K) NonClass: 17275K(17344K)->17275K(17344K) Class: 1829K(1856K)->1829K(1856K)
[808.149s][info][gc             ] GC(2663) Pause Full (Allocation Failure) 744M->635M(869M) 913.367ms
[808.149s][info][gc,cpu         ] GC(2663) User=1.78s Sys=0.00s Real=0.91s
[808.410s][info][gc,start       ] GC(2664) Pause Full (Allocation Failure)
[808.410s][info][gc,phases,start] GC(2664) Marking Phase
[808.879s][info][gc,phases      ] GC(2664) Marking Phase 469.444ms
[808.879s][info][gc,phases,start] GC(2664) Summary Phase
[808.879s][info][gc,phases      ] GC(2664) Summary Phase 0.025ms
[808.879s][info][gc,phases,start] GC(2664) Forward
[808.880s][info][gc,phases      ] GC(2664) Forward 0.934ms
[808.880s][info][gc,phases,start] GC(2664) Adjust Pointers
[809.194s][info][gc,phases      ] GC(2664) Adjust Pointers 314.246ms
[809.194s][info][gc,phases,start] GC(2664) Compaction Phase
[809.322s][info][gc,phases      ] GC(2664) Compaction Phase 127.517ms
[809.322s][info][gc,phases,start] GC(2664) Post Compact
[809.324s][info][gc,phases      ] GC(2664) Post Compact 2.246ms
[809.324s][info][gc,heap        ] GC(2664) PSYoungGen: 111616K(222720K)->0K(222720K) Eden: 111616K(111616K)->0K(111616K) From: 0K(111104K)->0K(111104K)
[809.324s][info][gc,heap        ] GC(2664) ParOldGen: 650863K(667648K)->651394K(667648K)
[809.324s][info][gc,metaspace   ] GC(2664) Metaspace: 19105K(19200K)->19105K(19200K) NonClass: 17275K(17344K)->17275K(17344K) Class: 1829K(1856K)->1829K(1856K)
[809.324s][info][gc             ] GC(2664) Pause Full (Allocation Failure) 744M->636M(869M) 914.856ms
[809.324s][info][gc,cpu         ] GC(2664) User=1.79s Sys=0.00s Real=0.92s
[809.609s][info][gc,start       ] GC(2665) Pause Full (Allocation Failure)
[809.609s][info][gc,phases,start] GC(2665) Marking Phase
[809.947s][info][gc,phases      ] GC(2665) Marking Phase 338.426ms
[809.947s][info][gc,phases,start] GC(2665) Summary Phase
[809.947s][info][gc,phases      ] GC(2665) Summary Phase 0.026ms
[809.947s][info][gc,phases,start] GC(2665) Forward
[810.061s][info][gc,phases      ] GC(2665) Forward 113.616ms
[810.061s][info][gc,phases,start] GC(2665) Adjust Pointers
[810.326s][info][gc,phases      ] GC(2665) Adjust Pointers 265.063ms
[810.326s][info][gc,phases,start] GC(2665) Compaction Phase
[810.467s][info][gc,phases      ] GC(2665) Compaction Phase 140.164ms
[810.477s][info][gc,phases,start] GC(2665) Post Compact
[810.480s][info][gc,phases      ] GC(2665) Post Compact 2.316ms
[810.480s][info][gc,heap        ] GC(2665) PSYoungGen: 111616K(222720K)->0K(222720K) Eden: 111616K(111616K)->0K(111616K) From: 0K(111104K)->0K(111104K)
[810.480s][info][gc,heap        ] GC(2665) ParOldGen: 651394K(667648K)->443987K(667648K)
[810.480s][info][gc,metaspace   ] GC(2665) Metaspace: 19105K(19200K)->19105K(19200K) NonClass: 17275K(17344K)->17275K(17344K) Class: 1829K(1856K)->1829K(1856K)
[810.480s][info][gc             ] GC(2665) Pause Full (Allocation Failure) 745M->433M(869M) 870.786ms
[810.480s][info][gc,cpu         ] GC(2665) User=1.63s Sys=0.00s Real=0.87s
[810.687s][info][gc,start       ] GC(2666) Pause Young (Allocation Failure)
[810.691s][info][gc,heap        ] GC(2666) PSYoungGen: 111616K(222720K)->2336K(222720K) Eden: 111616K(111616K)->0K(111616K) From: 0K(111104K)->2336K(111104K)
[810.691s][info][gc,heap        ] GC(2666) ParOldGen: 443987K(667648K)->443987K(667648K)
[810.691s][info][gc,metaspace   ] GC(2666) Metaspace: 19105K(19200K)->19105K(19200K) NonClass: 17275K(17344K)->17275K(17344K) Class: 1829K(1856K)->1829K(1856K)
[810.691s][info][gc             ] GC(2666) Pause Young (Allocation Failure) 542M->435M(869M) 3.925ms
[810.691s][info][gc,cpu         ] GC(2666) User=0.01s Sys=0.00s Real=0.00s
[810.824s][info][gc,start       ] GC(2667) Pause Young (Allocation Failure)
[810.849s][info][gc,heap        ] GC(2667) PSYoungGen: 113952K(222720K)->33232K(222720K) Eden: 111616K(111616K)->0K(111616K) From: 2336K(111104K)->33232K(111104K)
[810.849s][info][gc,heap        ] GC(2667) ParOldGen: 443987K(667648K)->443987K(667648K)
[810.849s][info][gc,metaspace   ] GC(2667) Metaspace: 19105K(19200K)->19105K(19200K) NonClass: 17275K(17344K)->17275K(17344K) Class: 1829K(1856K)->1829K(1856K)
[810.849s][info][gc             ] GC(2667) Pause Young (Allocation Failure) 544M->466M(869M) 25.055ms
[810.849s][info][gc,cpu         ] GC(2667) User=0.05s Sys=0.00s Real=0.02s
[810.914s][info][gc,start       ] GC(2668) Pause Young (Allocation Failure)
[810.964s][info][gc,heap        ] GC(2668) PSYoungGen: 144848K(222720K)->41664K(222720K) Eden: 111616K(111616K)->0K(111616K) From: 33232K(111104K)->41664K(111104K)
[810.964s][info][gc,heap        ] GC(2668) ParOldGen: 443987K(667648K)->477595K(667648K)
[810.964s][info][gc,metaspace   ] GC(2668) Metaspace: 19105K(19200K)->19105K(19200K) NonClass: 17275K(17344K)->17275K(17344K) Class: 1829K(1856K)->1829K(1856K)
[810.964s][info][gc             ] GC(2668) Pause Young (Allocation Failure) 575M->507M(869M) 49.563ms
[810.964s][info][gc,cpu         ] GC(2668) User=0.10s Sys=0.00s Real=0.05s
[811.113s][info][gc,start       ] GC(2669) Pause Young (Allocation Failure)
[811.147s][info][gc,heap        ] GC(2669) PSYoungGen: 153280K(222720K)->4960K(222720K) Eden: 111616K(111616K)->0K(111616K) From: 41664K(111104K)->4960K(111104K)
[811.147s][info][gc,heap        ] GC(2669) ParOldGen: 477595K(667648K)->519714K(667648K)
[811.147s][info][gc,metaspace   ] GC(2669) Metaspace: 19105K(19200K)->19105K(19200K) NonClass: 17275K(17344K)->17275K(17344K) Class: 1829K(1856K)->1829K(1856K)
[811.147s][info][gc             ] GC(2669) Pause Young (Allocation Failure) 616M->512M(869M) 33.620ms
[811.147s][info][gc,cpu         ] GC(2669) User=0.07s Sys=0.00s Real=0.04s
[811.250s][info][gc,start       ] GC(2670) Pause Young (Allocation Failure)
[811.279s][info][gc,heap        ] GC(2670) PSYoungGen: 116576K(222720K)->15712K(222720K) Eden: 111616K(111616K)->0K(111616K) From: 4960K(111104K)->15712K(111104K)
[811.279s][info][gc,heap        ] GC(2670) ParOldGen: 519714K(667648K)->524682K(667648K)
[811.280s][info][gc,metaspace   ] GC(2670) Metaspace: 19105K(19200K)->19105K(19200K) NonClass: 17275K(17344K)->17275K(17344K) Class: 1829K(1856K)->1829K(1856K)
[811.280s][info][gc             ] GC(2670) Pause Young (Allocation Failure) 621M->527M(869M) 30.009ms
[811.280s][info][gc,cpu         ] GC(2670) User=0.06s Sys=0.00s Real=0.03s
[811.333s][info][gc,start       ] GC(2671) Pause Young (Allocation Failure)
[811.387s][info][gc,heap        ] GC(2671) PSYoungGen: 127328K(222720K)->46624K(158720K) Eden: 111616K(111616K)->0K(111616K) From: 15712K(111104K)->46624K(47104K)
[811.387s][info][gc,heap        ] GC(2671) ParOldGen: 524682K(667648K)->540603K(667648K)
[811.387s][info][gc,metaspace   ] GC(2671) Metaspace: 19105K(19200K)->19105K(19200K) NonClass: 17275K(17344K)->17275K(17344K) Class: 1829K(1856K)->1829K(1856K)
[811.387s][info][gc             ] GC(2671) Pause Young (Allocation Failure) 636M->573M(807M) 54.487ms
[811.387s][info][gc,cpu         ] GC(2671) User=0.11s Sys=0.00s Real=0.06s
[811.482s][info][gc,start       ] GC(2672) Pause Young (Allocation Failure)
[811.552s][info][gc,heap        ] GC(2672) PSYoungGen: 158240K(158720K)->86592K(216576K) Eden: 111616K(111616K)->0K(108544K) From: 46624K(47104K)->86592K(108032K)
[811.552s][info][gc,heap        ] GC(2672) ParOldGen: 540603K(667648K)->540603K(667648K)
[811.552s][info][gc,metaspace   ] GC(2672) Metaspace: 19105K(19200K)->19105K(19200K) NonClass: 17275K(17344K)->17275K(17344K) Class: 1829K(1856K)->1829K(1856K)
[811.552s][info][gc             ] GC(2672) Pause Young (Allocation Failure) 682M->612M(863M) 69.867ms
[811.552s][info][gc,cpu         ] GC(2672) User=0.13s Sys=0.00s Real=0.07s
[811.669s][info][gc,start       ] GC(2673) Pause Young (Allocation Failure)
[811.735s][info][gc,heap        ] GC(2673) PSYoungGen: 195136K(216576K)->96K(219648K) Eden: 108544K(108544K)->0K(108544K) From: 86592K(108032K)->96K(111104K)
[811.735s][info][gc,heap        ] GC(2673) ParOldGen: 540603K(667648K)->628070K(667648K)
[811.735s][info][gc,metaspace   ] GC(2673) Metaspace: 19105K(19200K)->19105K(19200K) NonClass: 17275K(17344K)->17275K(17344K) Class: 1829K(1856K)->1829K(1856K)
[811.735s][info][gc             ] GC(2673) Pause Young (Allocation Failure) 718M->613M(866M) 65.869ms
[811.735s][info][gc,cpu         ] GC(2673) User=0.13s Sys=0.00s Real=0.07s
[811.848s][info][gc,start       ] GC(2674) Pause Full (Allocation Failure)
[811.848s][info][gc,phases,start] GC(2674) Marking Phase
[812.101s][info][gc,phases      ] GC(2674) Marking Phase 253.426ms
[812.102s][info][gc,phases,start] GC(2674) Summary Phase
[812.102s][info][gc,phases      ] GC(2674) Summary Phase 0.028ms
[812.102s][info][gc,phases,start] GC(2674) Forward
[812.188s][info][gc,phases      ] GC(2674) Forward 86.564ms
[812.188s][info][gc,phases,start] GC(2674) Adjust Pointers
[812.388s][info][gc,phases      ] GC(2674) Adjust Pointers 200.268ms
[812.389s][info][gc,phases,start] GC(2674) Compaction Phase
[812.505s][info][gc,phases      ] GC(2674) Compaction Phase 116.450ms
[812.511s][info][gc,phases,start] GC(2674) Post Compact
[812.513s][info][gc,phases      ] GC(2674) Post Compact 2.243ms
[812.513s][info][gc,heap        ] GC(2674) PSYoungGen: 108640K(219648K)->0K(222720K) Eden: 108544K(108544K)->0K(111616K) From: 96K(111104K)->0K(111104K)
[812.513s][info][gc,heap        ] GC(2674) ParOldGen: 628070K(667648K)->400001K(667648K)
[812.513s][info][gc,metaspace   ] GC(2674) Metaspace: 19105K(19200K)->19105K(19200K) NonClass: 17275K(17344K)->17275K(17344K) Class: 1829K(1856K)->1829K(1856K)
[812.513s][info][gc             ] GC(2674) Pause Full (Allocation Failure) 719M->390M(869M) 665.055ms
[812.513s][info][gc,cpu         ] GC(2674) User=1.24s Sys=0.01s Real=0.66s
[812.628s][info][gc,start       ] GC(2675) Pause Young (Allocation Failure)
[812.630s][info][gc,heap        ] GC(2675) PSYoungGen: 111616K(222720K)->160K(222720K) Eden: 111616K(111616K)->0K(111616K) From: 0K(111104K)->160K(111104K)
[812.630s][info][gc,heap        ] GC(2675) ParOldGen: 400001K(667648K)->400001K(667648K)
[812.630s][info][gc,metaspace   ] GC(2675) Metaspace: 19105K(19200K)->19105K(19200K) NonClass: 17275K(17344K)->17275K(17344K) Class: 1829K(1856K)->1829K(1856K)
[812.630s][info][gc             ] GC(2675) Pause Young (Allocation Failure) 499M->390M(869M) 1.889ms
[812.630s][info][gc,cpu         ] GC(2675) User=0.00s Sys=0.00s Real=0.00s
[812.743s][info][gc,start       ] GC(2676) Pause Young (Allocation Failure)
[812.745s][info][gc,heap        ] GC(2676) PSYoungGen: 111776K(222720K)->160K(222720K) Eden: 111616K(111616K)->0K(111616K) From: 160K(111104K)->160K(111104K)
[812.745s][info][gc,heap        ] GC(2676) ParOldGen: 400001K(667648K)->400121K(667648K)
[812.745s][info][gc,metaspace   ] GC(2676) Metaspace: 19105K(19200K)->19105K(19200K) NonClass: 17275K(17344K)->17275K(17344K) Class: 1829K(1856K)->1829K(1856K)
[812.745s][info][gc             ] GC(2676) Pause Young (Allocation Failure) 499M->390M(869M) 2.036ms
[812.745s][info][gc,cpu         ] GC(2676) User=0.01s Sys=0.00s Real=0.01s
[812.861s][info][gc,start       ] GC(2677) Pause Young (Allocation Failure)
[812.863s][info][gc,heap        ] GC(2677) PSYoungGen: 111776K(222720K)->128K(222720K) Eden: 111616K(111616K)->0K(111616K) From: 160K(111104K)->128K(111104K)
[812.863s][info][gc,heap        ] GC(2677) ParOldGen: 400121K(667648K)->400249K(667648K)
[812.863s][info][gc,metaspace   ] GC(2677) Metaspace: 19105K(19200K)->19105K(19200K) NonClass: 17275K(17344K)->17275K(17344K) Class: 1829K(1856K)->1829K(1856K)
[812.863s][info][gc             ] GC(2677) Pause Young (Allocation Failure) 499M->390M(869M) 1.894ms
[812.863s][info][gc,cpu         ] GC(2677) User=0.00s Sys=0.00s Real=0.00s
[812.978s][info][gc,start       ] GC(2678) Pause Young (Allocation Failure)
[812.980s][info][gc,heap        ] GC(2678) PSYoungGen: 111744K(222720K)->128K(217600K) Eden: 111616K(111616K)->0K(111616K) From: 128K(111104K)->128K(105984K)
[812.980s][info][gc,heap        ] GC(2678) ParOldGen: 400249K(667648K)->400337K(667648K)
[812.980s][info][gc,metaspace   ] GC(2678) Metaspace: 19105K(19200K)->19105K(19200K) NonClass: 17275K(17344K)->17275K(17344K) Class: 1829K(1856K)->1829K(1856K)
[812.980s][info][gc             ] GC(2678) Pause Young (Allocation Failure) 499M->391M(864M) 1.935ms
[812.980s][info][gc,cpu         ] GC(2678) User=0.00s Sys=0.00s Real=0.00s
[813.099s][info][gc,start       ] GC(2679) Pause Young (Allocation Failure)
[813.101s][info][gc,heap        ] GC(2679) PSYoungGen: 111744K(217600K)->192K(220160K) Eden: 111616K(111616K)->0K(111616K) From: 128K(105984K)->192K(108544K)
[813.101s][info][gc,heap        ] GC(2679) ParOldGen: 400337K(667648K)->400337K(667648K)
[813.101s][info][gc,metaspace   ] GC(2679) Metaspace: 19105K(19200K)->19105K(19200K) NonClass: 17275K(17344K)->17275K(17344K) Class: 1829K(1856K)->1829K(1856K)
[813.101s][info][gc             ] GC(2679) Pause Young (Allocation Failure) 500M->391M(867M) 2.408ms
[813.102s][info][gc,cpu         ] GC(2679) User=0.00s Sys=0.00s Real=0.00s
[813.218s][info][gc,start       ] GC(2680) Pause Young (Allocation Failure)
[813.221s][info][gc,heap        ] GC(2680) PSYoungGen: 111808K(220160K)->288K(209920K) Eden: 111616K(111616K)->0K(114688K) From: 192K(108544K)->288K(95232K)
[813.221s][info][gc,heap        ] GC(2680) ParOldGen: 400337K(667648K)->400337K(667648K)
[813.221s][info][gc,metaspace   ] GC(2680) Metaspace: 19105K(19200K)->19105K(19200K) NonClass: 17275K(17344K)->17275K(17344K) Class: 1829K(1856K)->1829K(1856K)
[813.221s][info][gc             ] GC(2680) Pause Young (Allocation Failure) 500M->391M(857M) 2.844ms
[813.221s][info][gc,cpu         ] GC(2680) User=0.01s Sys=0.00s Real=0.00s
[813.336s][info][gc,start       ] GC(2681) Pause Young (Allocation Failure)
[813.339s][info][gc,heap        ] GC(2681) PSYoungGen: 114976K(209920K)->320K(115200K) Eden: 114688K(114688K)->0K(114688K) From: 288K(95232K)->320K(512K)
[813.339s][info][gc,heap        ] GC(2681) ParOldGen: 400337K(667648K)->400337K(667648K)
[813.339s][info][gc,metaspace   ] GC(2681) Metaspace: 19105K(19200K)->19105K(19200K) NonClass: 17275K(17344K)->17275K(17344K) Class: 1829K(1856K)->1829K(1856K)
[813.339s][info][gc             ] GC(2681) Pause Young (Allocation Failure) 503M->391M(764M) 2.719ms
[813.339s][info][gc,cpu         ] GC(2681) User=0.00s Sys=0.00s Real=0.00s
[813.472s][info][gc,start       ] GC(2682) Pause Young (Allocation Failure)
[813.479s][info][gc,heap        ] GC(2682) PSYoungGen: 115008K(115200K)->2400K(203264K) Eden: 114688K(114688K)->0K(117248K) From: 320K(512K)->2400K(86016K)
[813.479s][info][gc,heap        ] GC(2682) ParOldGen: 400337K(667648K)->400337K(667648K)
[813.479s][info][gc,metaspace   ] GC(2682) Metaspace: 19105K(19200K)->19105K(19200K) NonClass: 17275K(17344K)->17275K(17344K) Class: 1829K(1856K)->1829K(1856K)
[813.479s][info][gc             ] GC(2682) Pause Young (Allocation Failure) 503M->393M(850M) 7.423ms
[813.479s][info][gc,cpu         ] GC(2682) User=0.01s Sys=0.00s Real=0.01s
[813.604s][info][gc,start       ] GC(2683) Pause Young (Allocation Failure)
[813.624s][info][gc,heap        ] GC(2683) PSYoungGen: 119648K(203264K)->5634K(123392K) Eden: 117248K(117248K)->0K(117248K) From: 2400K(86016K)->5634K(6144K)
[813.624s][info][gc,heap        ] GC(2683) ParOldGen: 400337K(667648K)->400337K(667648K)
[813.624s][info][gc,metaspace   ] GC(2683) Metaspace: 19105K(19200K)->19105K(19200K) NonClass: 17275K(17344K)->17275K(17344K) Class: 1829K(1856K)->1829K(1856K)
[813.625s][info][gc             ] GC(2683) Pause Young (Allocation Failure) 507M->396M(772M) 20.566ms
[813.625s][info][gc,cpu         ] GC(2683) User=0.04s Sys=0.00s Real=0.02s
[813.767s][info][gc,start       ] GC(2684) Pause Young (Allocation Failure)
[813.804s][info][gc,heap        ] GC(2684) PSYoungGen: 122882K(123392K)->21528K(198656K) Eden: 117248K(117248K)->0K(121344K) From: 5634K(6144K)->21528K(77312K)
[813.804s][info][gc,heap        ] GC(2684) ParOldGen: 400337K(667648K)->400337K(667648K)
[813.804s][info][gc,metaspace   ] GC(2684) Metaspace: 19105K(19200K)->19105K(19200K) NonClass: 17275K(17344K)->17275K(17344K) Class: 1829K(1856K)->1829K(1856K)
[813.804s][info][gc             ] GC(2684) Pause Young (Allocation Failure) 510M->411M(846M) 36.586ms
[813.804s][info][gc,cpu         ] GC(2684) User=0.07s Sys=0.00s Real=0.04s
[813.950s][info][gc,start       ] GC(2685) Pause Young (Allocation Failure)
[813.986s][info][gc,heap        ] GC(2685) PSYoungGen: 142872K(198656K)->21538K(202240K) Eden: 121344K(121344K)->0K(121344K) From: 21528K(77312K)->21538K(80896K)
[813.986s][info][gc,heap        ] GC(2685) ParOldGen: 400337K(667648K)->400337K(667648K)
[813.986s][info][gc,metaspace   ] GC(2685) Metaspace: 19105K(19200K)->19105K(19200K) NonClass: 17275K(17344K)->17275K(17344K) Class: 1829K(1856K)->1829K(1856K)
[813.986s][info][gc             ] GC(2685) Pause Young (Allocation Failure) 530M->411M(849M) 35.601ms
[813.986s][info][gc,cpu         ] GC(2685) User=0.07s Sys=0.01s Real=0.04s
[814.132s][info][gc,start       ] GC(2686) Pause Young (Allocation Failure)
[814.168s][info][gc,heap        ] GC(2686) PSYoungGen: 142882K(202240K)->21538K(195072K) Eden: 121344K(121344K)->0K(126464K) From: 21538K(80896K)->21538K(68608K)
[814.168s][info][gc,heap        ] GC(2686) ParOldGen: 400337K(667648K)->400337K(667648K)
[814.168s][info][gc,metaspace   ] GC(2686) Metaspace: 19105K(19200K)->19105K(19200K) NonClass: 17275K(17344K)->17275K(17344K) Class: 1829K(1856K)->1829K(1856K)
[814.168s][info][gc             ] GC(2686) Pause Young (Allocation Failure) 530M->411M(842M) 36.464ms
[814.169s][info][gc,cpu         ] GC(2686) User=0.08s Sys=0.00s Real=0.04s
[814.322s][info][gc,start       ] GC(2687) Pause Young (Allocation Failure)
[814.357s][info][gc,heap        ] GC(2687) PSYoungGen: 148002K(195072K)->21528K(198656K) Eden: 126464K(126464K)->0K(126464K) From: 21538K(68608K)->21528K(72192K)
[814.357s][info][gc,heap        ] GC(2687) ParOldGen: 400337K(667648K)->400337K(667648K)
[814.357s][info][gc,metaspace   ] GC(2687) Metaspace: 19105K(19200K)->19105K(19200K) NonClass: 17275K(17344K)->17275K(17344K) Class: 1829K(1856K)->1829K(1856K)
[814.357s][info][gc             ] GC(2687) Pause Young (Allocation Failure) 535M->411M(846M) 35.366ms
[814.357s][info][gc,cpu         ] GC(2687) User=0.07s Sys=0.00s Real=0.04s
[814.498s][info][gc,start       ] GC(2688) Pause Young (Allocation Failure)
[814.543s][info][gc,heap        ] GC(2688) PSYoungGen: 147992K(198656K)->31224K(200192K) Eden: 126464K(126464K)->0K(132096K) From: 21528K(72192K)->31224K(68096K)
[814.544s][info][gc,heap        ] GC(2688) ParOldGen: 400337K(667648K)->400337K(667648K)
[814.544s][info][gc,metaspace   ] GC(2688) Metaspace: 19105K(19200K)->19105K(19200K) NonClass: 17275K(17344K)->17275K(17344K) Class: 1829K(1856K)->1829K(1856K)
[814.544s][info][gc             ] GC(2688) Pause Young (Allocation Failure) 535M->421M(847M) 45.550ms
[814.544s][info][gc,cpu         ] GC(2688) User=0.09s Sys=0.00s Real=0.05s
[814.663s][info][gc,start       ] GC(2689) Pause Young (Allocation Failure)
[814.721s][info][gc,heap        ] GC(2689) PSYoungGen: 163320K(200192K)->45336K(200192K) Eden: 132096K(132096K)->0K(132096K) From: 31224K(68096K)->45336K(68096K)
[814.722s][info][gc,heap        ] GC(2689) ParOldGen: 400337K(667648K)->400337K(667648K)
[814.722s][info][gc,metaspace   ] GC(2689) Metaspace: 19105K(19200K)->19105K(19200K) NonClass: 17275K(17344K)->17275K(17344K) Class: 1829K(1856K)->1829K(1856K)
[814.722s][info][gc             ] GC(2689) Pause Young (Allocation Failure) 550M->435M(847M) 58.958ms
[814.722s][info][gc,cpu         ] GC(2689) User=0.12s Sys=0.00s Real=0.06s
[814.842s][info][gc,start       ] GC(2690) Pause Young (Allocation Failure)
[814.915s][info][gc,heap        ] GC(2690) PSYoungGen: 177432K(200192K)->59458K(203264K) Eden: 132096K(132096K)->0K(130560K) From: 45336K(68096K)->59458K(72704K)
[814.915s][info][gc,heap        ] GC(2690) ParOldGen: 400337K(667648K)->400337K(667648K)
[814.915s][info][gc,metaspace   ] GC(2690) Metaspace: 19105K(19200K)->19105K(19200K) NonClass: 17275K(17344K)->17275K(17344K) Class: 1829K(1856K)->1829K(1856K)
[814.915s][info][gc             ] GC(2690) Pause Young (Allocation Failure) 564M->449M(850M) 72.428ms
[814.915s][info][gc,cpu         ] GC(2690) User=0.14s Sys=0.00s Real=0.08s
[814.998s][info][gc,start       ] GC(2691) Pause Young (Allocation Failure)
[815.070s][info][gc,heap        ] GC(2691) PSYoungGen: 190018K(203264K)->60130K(212480K) Eden: 130560K(130560K)->0K(130560K) From: 59458K(72704K)->60130K(81920K)
[815.070s][info][gc,heap        ] GC(2691) ParOldGen: 400337K(667648K)->400337K(667648K)
[815.070s][info][gc,metaspace   ] GC(2691) Metaspace: 19105K(19200K)->19105K(19200K) NonClass: 17275K(17344K)->17275K(17344K) Class: 1829K(1856K)->1829K(1856K)
[815.070s][info][gc             ] GC(2691) Pause Young (Allocation Failure) 576M->449M(859M) 71.482ms
[815.070s][info][gc,cpu         ] GC(2691) User=0.14s Sys=0.00s Real=0.07s
[815.184s][info][gc,start       ] GC(2692) Pause Young (Allocation Failure)
[815.264s][info][gc,heap        ] GC(2692) PSYoungGen: 190690K(212480K)->61090K(223744K) Eden: 130560K(130560K)->0K(134656K) From: 60130K(81920K)->61090K(89088K)
[815.264s][info][gc,heap        ] GC(2692) ParOldGen: 400337K(667648K)->400337K(667648K)
[815.264s][info][gc,metaspace   ] GC(2692) Metaspace: 19105K(19200K)->19105K(19200K) NonClass: 17275K(17344K)->17275K(17344K) Class: 1829K(1856K)->1829K(1856K)
[815.264s][info][gc             ] GC(2692) Pause Young (Allocation Failure) 577M->450M(870M) 80.026ms
[815.264s][info][gc,cpu         ] GC(2692) User=0.14s Sys=0.01s Real=0.08s
[815.378s][info][gc,start       ] GC(2693) Pause Young (Allocation Failure)
[815.453s][info][gc,heap        ] GC(2693) PSYoungGen: 195746K(223744K)->64674K(229376K) Eden: 134656K(134656K)->0K(134656K) From: 61090K(89088K)->64674K(94720K)
[815.453s][info][gc,heap        ] GC(2693) ParOldGen: 400337K(667648K)->400417K(667648K)
[815.453s][info][gc,metaspace   ] GC(2693) Metaspace: 19105K(19200K)->19105K(19200K) NonClass: 17275K(17344K)->17275K(17344K) Class: 1829K(1856K)->1829K(1856K)
[815.453s][info][gc             ] GC(2693) Pause Young (Allocation Failure) 582M->454M(876M) 75.517ms
[815.453s][info][gc,cpu         ] GC(2693) User=0.15s Sys=0.00s Real=0.07s
[815.556s][info][gc,start       ] GC(2694) Pause Young (Allocation Failure)
[815.634s][info][gc,heap        ] GC(2694) PSYoungGen: 199330K(229376K)->64632K(224256K) Eden: 134656K(134656K)->0K(123904K) From: 64674K(94720K)->64632K(100352K)
[815.634s][info][gc,heap        ] GC(2694) ParOldGen: 400417K(667648K)->400521K(667648K)
[815.634s][info][gc,metaspace   ] GC(2694) Metaspace: 19105K(19200K)->19105K(19200K) NonClass: 17275K(17344K)->17275K(17344K) Class: 1829K(1856K)->1829K(1856K)
[815.634s][info][gc             ] GC(2694) Pause Young (Allocation Failure) 585M->454M(871M) 78.455ms
[815.634s][info][gc,cpu         ] GC(2694) User=0.15s Sys=0.01s Real=0.08s
[815.790s][info][gc,start       ] GC(2695) Pause Young (Allocation Failure)
[815.883s][info][gc,heap        ] GC(2695) PSYoungGen: 188536K(224256K)->83112K(207360K) Eden: 123904K(123904K)->0K(123904K) From: 64632K(100352K)->83112K(83456K)
[815.883s][info][gc,heap        ] GC(2695) ParOldGen: 400521K(667648K)->400617K(667648K)
[815.883s][info][gc,metaspace   ] GC(2695) Metaspace: 19105K(19200K)->19105K(19200K) NonClass: 17275K(17344K)->17275K(17344K) Class: 1829K(1856K)->1829K(1856K)
[815.883s][info][gc             ] GC(2695) Pause Young (Allocation Failure) 575M->472M(854M) 93.431ms
[815.883s][info][gc,cpu         ] GC(2695) User=0.18s Sys=0.00s Real=0.10s
[815.964s][info][gc,start       ] GC(2696) Pause Young (Allocation Failure)
[816.093s][info][gc,heap        ] GC(2696) PSYoungGen: 207016K(207360K)->104200K(222720K) Eden: 123904K(123904K)->0K(111616K) From: 83112K(83456K)->104200K(111104K)
[816.093s][info][gc,heap        ] GC(2696) ParOldGen: 400617K(667648K)->402721K(667648K)
[816.093s][info][gc,metaspace   ] GC(2696) Metaspace: 19105K(19200K)->19105K(19200K) NonClass: 17275K(17344K)->17275K(17344K) Class: 1829K(1856K)->1829K(1856K)
[816.093s][info][gc             ] GC(2696) Pause Young (Allocation Failure) 593M->495M(869M) 129.264ms
[816.093s][info][gc,cpu         ] GC(2696) User=0.23s Sys=0.03s Real=0.12s
[816.214s][info][gc,start       ] GC(2697) Pause Young (Allocation Failure)
[816.342s][info][gc,heap        ] GC(2697) PSYoungGen: 215816K(222720K)->104912K(222720K) Eden: 111616K(111616K)->0K(111616K) From: 104200K(111104K)->104912K(111104K)
[816.343s][info][gc,heap        ] GC(2697) ParOldGen: 402721K(667648K)->421929K(667648K)
[816.343s][info][gc,metaspace   ] GC(2697) Metaspace: 19105K(19200K)->19105K(19200K) NonClass: 17275K(17344K)->17275K(17344K) Class: 1829K(1856K)->1829K(1856K)
[816.343s][info][gc             ] GC(2697) Pause Young (Allocation Failure) 604M->514M(869M) 128.378ms
[816.343s][info][gc,cpu         ] GC(2697) User=0.25s Sys=0.00s Real=0.12s
[816.466s][info][gc,start       ] GC(2698) Pause Young (Allocation Failure)
[816.572s][info][gc,heap        ] GC(2698) PSYoungGen: 216528K(222720K)->111104K(222720K) Eden: 111616K(111616K)->0K(111616K) From: 104912K(111104K)->111104K(111104K)
[816.572s][info][gc,heap        ] GC(2698) ParOldGen: 421929K(667648K)->423434K(667648K)
[816.572s][info][gc,metaspace   ] GC(2698) Metaspace: 19105K(19200K)->19105K(19200K) NonClass: 17275K(17344K)->17275K(17344K) Class: 1829K(1856K)->1829K(1856K)
[816.572s][info][gc             ] GC(2698) Pause Young (Allocation Failure) 623M->522M(869M) 106.535ms
[816.572s][info][gc,cpu         ] GC(2698) User=0.21s Sys=0.00s Real=0.10s
[816.700s][info][gc,start       ] GC(2699) Pause Young (Allocation Failure)
[816.803s][info][gc,heap        ] GC(2699) PSYoungGen: 222720K(222720K)->102144K(222720K) Eden: 111616K(111616K)->0K(111616K) From: 111104K(111104K)->102144K(111104K)
[816.803s][info][gc,heap        ] GC(2699) ParOldGen: 423434K(667648K)->433194K(667648K)
[816.803s][info][gc,metaspace   ] GC(2699) Metaspace: 19105K(19200K)->19105K(19200K) NonClass: 17275K(17344K)->17275K(17344K) Class: 1829K(1856K)->1829K(1856K)
[816.803s][info][gc             ] GC(2699) Pause Young (Allocation Failure) 631M->522M(869M) 102.697ms
[816.803s][info][gc,cpu         ] GC(2699) User=0.20s Sys=0.00s Real=0.10s
[816.917s][info][gc,start       ] GC(2700) Pause Young (Allocation Failure)
[817.019s][info][gc,heap        ] GC(2700) PSYoungGen: 213760K(222720K)->78624K(222720K) Eden: 111616K(111616K)->0K(111616K) From: 102144K(111104K)->78624K(111104K)
[817.019s][info][gc,heap        ] GC(2700) ParOldGen: 433194K(667648K)->461506K(667648K)
[817.019s][info][gc,metaspace   ] GC(2700) Metaspace: 19105K(19200K)->19105K(19200K) NonClass: 17275K(17344K)->17275K(17344K) Class: 1829K(1856K)->1829K(1856K)
[817.019s][info][gc             ] GC(2700) Pause Young (Allocation Failure) 631M->527M(869M) 102.083ms
[817.019s][info][gc,cpu         ] GC(2700) User=0.20s Sys=0.00s Real=0.10s
[817.142s][info][gc,start       ] GC(2701) Pause Young (Allocation Failure)
[817.222s][info][gc,heap        ] GC(2701) PSYoungGen: 190240K(222720K)->78816K(222720K) Eden: 111616K(111616K)->0K(111616K) From: 78624K(111104K)->78816K(111104K)
[817.222s][info][gc,heap        ] GC(2701) ParOldGen: 461506K(667648K)->463170K(667648K)
[817.222s][info][gc,metaspace   ] GC(2701) Metaspace: 19105K(19200K)->19105K(19200K) NonClass: 17275K(17344K)->17275K(17344K) Class: 1829K(1856K)->1829K(1856K)
[817.222s][info][gc             ] GC(2701) Pause Young (Allocation Failure) 636M->529M(869M) 79.365ms
[817.222s][info][gc,cpu         ] GC(2701) User=0.16s Sys=0.00s Real=0.08s
[817.304s][info][gc,start       ] GC(2702) Pause Young (Allocation Failure)
[817.379s][info][gc,heap        ] GC(2702) PSYoungGen: 190432K(222720K)->75168K(222720K) Eden: 111616K(111616K)->0K(111616K) From: 78816K(111104K)->75168K(111104K)
[817.379s][info][gc,heap        ] GC(2702) ParOldGen: 463170K(667648K)->466866K(667648K)
[817.379s][info][gc,metaspace   ] GC(2702) Metaspace: 19105K(19200K)->19105K(19200K) NonClass: 17275K(17344K)->17275K(17344K) Class: 1829K(1856K)->1829K(1856K)
[817.379s][info][gc             ] GC(2702) Pause Young (Allocation Failure) 638M->529M(869M) 74.616ms
[817.379s][info][gc,cpu         ] GC(2702) User=0.15s Sys=0.00s Real=0.07s
[817.511s][info][gc,start       ] GC(2703) Pause Young (Allocation Failure)
[817.590s][info][gc,heap        ] GC(2703) PSYoungGen: 186784K(222720K)->41600K(222720K) Eden: 111616K(111616K)->0K(111616K) From: 75168K(111104K)->41600K(111104K)
[817.590s][info][gc,heap        ] GC(2703) ParOldGen: 466866K(667648K)->507570K(667648K)
[817.590s][info][gc,metaspace   ] GC(2703) Metaspace: 19105K(19200K)->19105K(19200K) NonClass: 17275K(17344K)->17275K(17344K) Class: 1829K(1856K)->1829K(1856K)
[817.590s][info][gc             ] GC(2703) Pause Young (Allocation Failure) 638M->536M(869M) 78.553ms
[817.590s][info][gc,cpu         ] GC(2703) User=0.16s Sys=0.00s Real=0.08s
[817.730s][info][gc,start       ] GC(2704) Pause Young (Allocation Failure)
[817.782s][info][gc,heap        ] GC(2704) PSYoungGen: 153216K(222720K)->23776K(222720K) Eden: 111616K(111616K)->0K(111616K) From: 41600K(111104K)->23776K(111104K)
[817.782s][info][gc,heap        ] GC(2704) ParOldGen: 507570K(667648K)->534962K(667648K)
[817.782s][info][gc,metaspace   ] GC(2704) Metaspace: 19105K(19200K)->19105K(19200K) NonClass: 17275K(17344K)->17275K(17344K) Class: 1829K(1856K)->1829K(1856K)
[817.782s][info][gc             ] GC(2704) Pause Young (Allocation Failure) 645M->545M(869M) 52.625ms
[817.782s][info][gc,cpu         ] GC(2704) User=0.10s Sys=0.00s Real=0.05s
[818.086s][info][gc,start       ] GC(2705) Pause Young (Allocation Failure)
[818.112s][info][gc,heap        ] GC(2705) PSYoungGen: 135392K(222720K)->18528K(222720K) Eden: 111616K(111616K)->0K(111616K) From: 23776K(111104K)->18528K(111104K)
[818.112s][info][gc,heap        ] GC(2705) ParOldGen: 534962K(667648K)->540266K(667648K)
[818.112s][info][gc,metaspace   ] GC(2705) Metaspace: 19105K(19200K)->19105K(19200K) NonClass: 17275K(17344K)->17275K(17344K) Class: 1829K(1856K)->1829K(1856K)
[818.112s][info][gc             ] GC(2705) Pause Young (Allocation Failure) 654M->545M(869M) 25.632ms
[818.112s][info][gc,cpu         ] GC(2705) User=0.05s Sys=0.00s Real=0.02s
[818.430s][info][gc,start       ] GC(2706) Pause Young (Allocation Failure)
[818.449s][info][gc,heap        ] GC(2706) PSYoungGen: 130144K(222720K)->16576K(222720K) Eden: 111616K(111616K)->0K(111616K) From: 18528K(111104K)->16576K(111104K)
[818.449s][info][gc,heap        ] GC(2706) ParOldGen: 540266K(667648K)->542266K(667648K)
[818.449s][info][gc,metaspace   ] GC(2706) Metaspace: 19105K(19200K)->19105K(19200K) NonClass: 17275K(17344K)->17275K(17344K) Class: 1829K(1856K)->1829K(1856K)
[818.449s][info][gc             ] GC(2706) Pause Young (Allocation Failure) 654M->545M(869M) 19.353ms
[818.449s][info][gc,cpu         ] GC(2706) User=0.03s Sys=0.00s Real=0.02s
[818.735s][info][gc,start       ] GC(2707) Pause Young (Allocation Failure)
[818.754s][info][gc,heap        ] GC(2707) PSYoungGen: 128192K(222720K)->480K(222720K) Eden: 111616K(111616K)->0K(111616K) From: 16576K(111104K)->480K(111104K)
[818.754s][info][gc,heap        ] GC(2707) ParOldGen: 542266K(667648K)->558778K(667648K)
[818.754s][info][gc,metaspace   ] GC(2707) Metaspace: 19105K(19200K)->19105K(19200K) NonClass: 17275K(17344K)->17275K(17344K) Class: 1829K(1856K)->1829K(1856K)
[818.754s][info][gc             ] GC(2707) Pause Young (Allocation Failure) 654M->546M(869M) 18.983ms
[818.754s][info][gc,cpu         ] GC(2707) User=0.04s Sys=0.00s Real=0.02s
[819.005s][info][gc,start       ] GC(2708) Pause Young (Allocation Failure)
[819.008s][info][gc,heap        ] GC(2708) PSYoungGen: 112096K(222720K)->352K(222720K) Eden: 111616K(111616K)->0K(111616K) From: 480K(111104K)->352K(111104K)
