[0.003s][info][metaspace]  - commit_granule_bytes: 65536.
[0.003s][info][metaspace]  - commit_granule_words: 8192.
[0.003s][info][metaspace]  - virtual_space_node_default_size: 8388608.
[0.003s][info][metaspace]  - enlarge_chunks_in_place: 1.
[0.005s][info][gc,init  ] CardTable entry size: 512
[0.005s][info][gc       ] Using Parallel
[0.006s][info][gc,init  ] Version: 24-internal-adhoc.root.jdk (release)
[0.006s][info][gc,init  ] CPUs: 2 total, 2 available
[0.006s][info][gc,init  ] Memory: 3908M
[0.006s][info][gc,init  ] Large Page Support: Disabled
[0.006s][info][gc,init  ] NUMA Support: Disabled
[0.006s][info][gc,init  ] Compressed Oops: Enabled (32-bit)
[0.006s][info][gc,init  ] Alignments: Space 512K, Generation 512K, Heap 2M
[0.006s][info][gc,init  ] Heap Min Capacity: 256M
[0.006s][info][gc,init  ] Heap Initial Capacity: 256M
[0.006s][info][gc,init  ] Heap Max Capacity: 978M
[0.006s][info][gc,init  ] Pre-touch: Disabled
[0.006s][info][gc,init  ] Parallel Workers: 2
[0.024s][info][gc,metaspace] CDS archive(s) mapped at: [0x00007f9945000000-0x00007f9945dc0000-0x00007f9945dc0000), size 14417920, SharedBaseAddress: 0x00007f9945000000, ArchiveRelocationMode: 1.
[0.024s][info][gc,metaspace] Compressed class space mapped at: 0x00007f9946000000-0x00007f9986000000, reserved size: 1073741824
[0.024s][info][gc,metaspace] UseCompressedClassPointers 1, UseCompactObjectHeaders 0
[0.024s][info][gc,metaspace] Narrow klass pointer bits 32, Max shift 3
[0.024s][info][gc,metaspace] Narrow klass base: 0x00007f9945000000, Narrow klass shift: 0
[0.024s][info][gc,metaspace] Encoding Range: [0x00007f9945000000 - 0x00007f9a45000000), (4294967296 bytes)
[0.024s][info][gc,metaspace] Klass Range:    [0x00007f9945000000 - 0x00007f9986000000), (1090519040 bytes)
[0.024s][info][gc,metaspace] Klass ID Range:  [8 - 1090519033) (1090519025)
[0.815s][info][gc,start    ] GC(0) Pause Young (Allocation Failure)
[0.827s][info][gc,heap     ] GC(0) PSYoungGen: 65536K(76288K)->3175K(76288K) Eden: 65536K(65536K)->0K(65536K) From: 0K(10752K)->3175K(10752K)
[0.827s][info][gc,heap     ] GC(0) ParOldGen: 1157K(175104K)->1229K(175104K)
[0.827s][info][gc,metaspace] GC(0) Metaspace: 6265K(6400K)->6265K(6400K) NonClass: 5730K(5824K)->5730K(5824K) Class: 534K(576K)->534K(576K)
[0.827s][info][gc          ] GC(0) Pause Young (Allocation Failure) 65M->4M(245M) 12.310ms
[0.827s][info][gc,cpu      ] GC(0) User=0.03s Sys=0.01s Real=0.01s
[1.248s][info][gc,start    ] GC(1) Pause Young (Allocation Failure)
[1.255s][info][gc,heap     ] GC(1) PSYoungGen: 68615K(76288K)->3670K(141824K) Eden: 65440K(65536K)->0K(131072K) From: 3175K(10752K)->3670K(10752K)
[1.255s][info][gc,heap     ] GC(1) ParOldGen: 1229K(175104K)->1245K(175104K)
[1.255s][info][gc,metaspace] GC(1) Metaspace: 6689K(6784K)->6689K(6784K) NonClass: 6092K(6144K)->6092K(6144K) Class: 597K(640K)->597K(640K)
[1.255s][info][gc          ] GC(1) Pause Young (Allocation Failure) 68M->4M(309M) 6.664ms
[1.255s][info][gc,cpu      ] GC(1) User=0.01s Sys=0.01s Real=0.01s
[1.848s][info][gc,start    ] GC(2) Pause Young (Allocation Failure)
[1.856s][info][gc,heap     ] GC(2) PSYoungGen: 134742K(141824K)->4247K(141824K) Eden: 131072K(131072K)->0K(131072K) From: 3670K(10752K)->4247K(10752K)
[1.856s][info][gc,heap     ] GC(2) ParOldGen: 1245K(175104K)->1253K(175104K)
[1.856s][info][gc,metaspace] GC(2) Metaspace: 7692K(7808K)->7692K(7808K) NonClass: 6865K(6912K)->6865K(6912K) Class: 827K(896K)->827K(896K)
[1.856s][info][gc          ] GC(2) Pause Young (Allocation Failure) 132M->5M(309M) 8.067ms
[1.856s][info][gc,cpu      ] GC(2) User=0.01s Sys=0.01s Real=0.01s
[2.308s][info][gc,start    ] GC(3) Pause Young (Allocation Failure)
[2.316s][info][gc,heap     ] GC(3) PSYoungGen: 135319K(141824K)->3777K(272896K) Eden: 131072K(131072K)->0K(262144K) From: 4247K(10752K)->3777K(10752K)
[2.316s][info][gc,heap     ] GC(3) ParOldGen: 1253K(175104K)->1261K(175104K)
[2.316s][info][gc,metaspace] GC(3) Metaspace: 8052K(8192K)->8052K(8192K) NonClass: 7110K(7168K)->7110K(7168K) Class: 942K(1024K)->942K(1024K)
[2.316s][info][gc          ] GC(3) Pause Young (Allocation Failure) 133M->4M(437M) 7.649ms
[2.316s][info][gc,cpu      ] GC(3) User=0.01s Sys=0.01s Real=0.01s
[3.595s][info][gc,start    ] GC(4) Pause Young (Allocation Failure)
[3.727s][info][gc,heap     ] GC(4) PSYoungGen: 265921K(272896K)->10727K(272896K) Eden: 262144K(262144K)->0K(262144K) From: 3777K(10752K)->10727K(10752K)
[3.727s][info][gc,heap     ] GC(4) ParOldGen: 1261K(175104K)->87127K(175104K)
[3.727s][info][gc,metaspace] GC(4) Metaspace: 14090K(14272K)->14090K(14272K) NonClass: 12459K(12544K)->12459K(12544K) Class: 1631K(1728K)->1631K(1728K)
[3.727s][info][gc          ] GC(4) Pause Young (Allocation Failure) 260M->95M(437M) 132.487ms
[3.727s][info][gc,cpu      ] GC(4) User=0.19s Sys=0.07s Real=0.13s
[5.577s][info][gc,start    ] GC(5) Pause Young (Allocation Failure)
[5.690s][info][gc,heap     ] GC(5) PSYoungGen: 272871K(272896K)->60920K(222720K) Eden: 262144K(262144K)->0K(161792K) From: 10727K(10752K)->60920K(60928K)
[5.691s][info][gc,heap     ] GC(5) ParOldGen: 87127K(175104K)->93755K(175104K)
[5.691s][info][gc,metaspace] GC(5) Metaspace: 16519K(16768K)->16519K(16768K) NonClass: 14742K(14912K)->14742K(14912K) Class: 1777K(1856K)->1777K(1856K)
[5.691s][info][gc          ] GC(5) Pause Young (Allocation Failure) 351M->151M(388M) 113.362ms
[5.691s][info][gc,cpu      ] GC(5) User=0.19s Sys=0.04s Real=0.11s
[6.215s][info][gc,start    ] GC(6) Pause Young (Allocation Failure)
[6.383s][info][gc,heap     ] GC(6) PSYoungGen: 222712K(222720K)->86012K(247808K) Eden: 161792K(161792K)->0K(161792K) From: 60920K(60928K)->86012K(86016K)
[6.383s][info][gc,heap     ] GC(6) ParOldGen: 93755K(175104K)->130482K(175104K)
[6.383s][info][gc,metaspace] GC(6) Metaspace: 16594K(16768K)->16594K(16768K) NonClass: 14816K(14912K)->14816K(14912K) Class: 1777K(1856K)->1777K(1856K)
[6.383s][info][gc          ] GC(6) Pause Young (Allocation Failure) 309M->211M(413M) 167.809ms
[6.383s][info][gc,cpu      ] GC(6) User=0.31s Sys=0.01s Real=0.16s
[6.728s][info][gc,start    ] GC(7) Pause Young (Allocation Failure)
[6.925s][info][gc,heap     ] GC(7) PSYoungGen: 247804K(247808K)->86000K(197632K) Eden: 161792K(161792K)->0K(111616K) From: 86012K(86016K)->86000K(86016K)
[6.925s][info][gc,heap     ] GC(7) ParOldGen: 130482K(175104K)->146223K(175104K)
[6.925s][info][gc,metaspace] GC(7) Metaspace: 16628K(16832K)->16628K(16832K) NonClass: 14850K(14976K)->14850K(14976K) Class: 1777K(1856K)->1777K(1856K)
[6.925s][info][gc          ] GC(7) Pause Young (Allocation Failure) 369M->226M(364M) 197.091ms
[6.925s][info][gc,cpu      ] GC(7) User=0.37s Sys=0.02s Real=0.20s
[7.091s][info][gc,start    ] GC(8) Pause Young (Allocation Failure)
[7.270s][info][gc,heap     ] GC(8) PSYoungGen: 197616K(197632K)->37120K(222720K) Eden: 111616K(111616K)->0K(111616K) From: 86000K(86016K)->37120K(111104K)
[7.270s][info][gc,heap     ] GC(8) ParOldGen: 146223K(175104K)->200800K(201216K)
[7.270s][info][gc,metaspace] GC(8) Metaspace: 16641K(16832K)->16641K(16832K) NonClass: 14863K(14976K)->14863K(14976K) Class: 1777K(1856K)->1777K(1856K)
[7.270s][info][gc          ] GC(8) Pause Young (Allocation Failure) 335M->232M(414M) 179.331ms
[7.270s][info][gc,cpu      ] GC(8) User=0.32s Sys=0.03s Real=0.18s
[7.464s][info][gc,start    ] GC(9) Pause Young (Allocation Failure)
[7.560s][info][gc,heap     ] GC(9) PSYoungGen: 148736K(222720K)->11616K(222720K) Eden: 111616K(111616K)->0K(111616K) From: 37120K(111104K)->11616K(111104K)
[7.560s][info][gc,heap     ] GC(9) ParOldGen: 200800K(201216K)->233124K(233472K)
[7.560s][info][gc,metaspace] GC(9) Metaspace: 16655K(16832K)->16655K(16832K) NonClass: 14878K(14976K)->14878K(14976K) Class: 1777K(1856K)->1777K(1856K)
[7.560s][info][gc          ] GC(9) Pause Young (Allocation Failure) 341M->239M(445M) 95.815ms
[7.560s][info][gc,cpu      ] GC(9) User=0.17s Sys=0.02s Real=0.10s
[7.734s][info][gc,start    ] GC(10) Pause Young (Allocation Failure)
[7.774s][info][gc,heap     ] GC(10) PSYoungGen: 123232K(222720K)->1024K(222720K) Eden: 111616K(111616K)->0K(111616K) From: 11616K(111104K)->1024K(111104K)
[7.774s][info][gc,heap     ] GC(10) ParOldGen: 233124K(233472K)->244732K(244736K)
[7.774s][info][gc,metaspace] GC(10) Metaspace: 16681K(16832K)->16681K(16832K) NonClass: 14904K(14976K)->14904K(14976K) Class: 1777K(1856K)->1777K(1856K)
[7.774s][info][gc          ] GC(10) Pause Young (Allocation Failure) 348M->239M(456M) 39.538ms
[7.774s][info][gc,cpu      ] GC(10) User=0.06s Sys=0.01s Real=0.04s
[7.978s][info][gc,start    ] GC(11) Pause Young (Allocation Failure)
[7.985s][info][gc,heap     ] GC(11) PSYoungGen: 112640K(222720K)->1472K(222720K) Eden: 111616K(111616K)->0K(111616K) From: 1024K(111104K)->1472K(111104K)
[7.985s][info][gc,heap     ] GC(11) ParOldGen: 244732K(244736K)->245724K(245760K)
[7.985s][info][gc,metaspace] GC(11) Metaspace: 16748K(16896K)->16748K(16896K) NonClass: 14971K(15040K)->14971K(15040K) Class: 1777K(1856K)->1777K(1856K)
[7.985s][info][gc          ] GC(11) Pause Young (Allocation Failure) 348M->241M(457M) 6.942ms
[7.985s][info][gc,cpu      ] GC(11) User=0.01s Sys=0.01s Real=0.01s
[8.192s][info][gc,start    ] GC(12) Pause Young (Allocation Failure)
[8.200s][info][gc,heap     ] GC(12) PSYoungGen: 113088K(222720K)->2304K(222720K) Eden: 111616K(111616K)->0K(111616K) From: 1472K(111104K)->2304K(111104K)
[8.200s][info][gc,heap     ] GC(12) ParOldGen: 245724K(245760K)->247148K(247296K)
[8.200s][info][gc,metaspace] GC(12) Metaspace: 16785K(17024K)->16785K(17024K) NonClass: 15007K(15168K)->15007K(15168K) Class: 1778K(1856K)->1778K(1856K)
[8.200s][info][gc          ] GC(12) Pause Young (Allocation Failure) 350M->243M(459M) 7.800ms
[8.200s][info][gc,cpu      ] GC(12) User=0.01s Sys=0.00s Real=0.01s
[8.438s][info][gc,start    ] GC(13) Pause Young (Allocation Failure)
[8.445s][info][gc,heap     ] GC(13) PSYoungGen: 113920K(222720K)->192K(222720K) Eden: 111616K(111616K)->0K(111616K) From: 2304K(111104K)->192K(111104K)
[8.445s][info][gc,heap     ] GC(13) ParOldGen: 247148K(247296K)->249436K(249856K)
[8.445s][info][gc,metaspace] GC(13) Metaspace: 16816K(17024K)->16816K(17024K) NonClass: 15037K(15168K)->15037K(15168K) Class: 1778K(1856K)->1778K(1856K)
[8.445s][info][gc          ] GC(13) Pause Young (Allocation Failure) 352M->243M(461M) 6.818ms
[8.445s][info][gc,cpu      ] GC(13) User=0.01s Sys=0.00s Real=0.01s
[8.739s][info][gc,start    ] GC(14) Pause Young (Allocation Failure)
[8.743s][info][gc,heap     ] GC(14) PSYoungGen: 111808K(222720K)->1760K(222720K) Eden: 111616K(111616K)->0K(111616K) From: 192K(111104K)->1760K(111104K)
[8.743s][info][gc,heap     ] GC(14) ParOldGen: 249436K(249856K)->249548K(249856K)
[8.743s][info][gc,metaspace] GC(14) Metaspace: 16872K(17088K)->16872K(17088K) NonClass: 15093K(15232K)->15093K(15232K) Class: 1779K(1856K)->1779K(1856K)
[8.743s][info][gc          ] GC(14) Pause Young (Allocation Failure) 352M->245M(461M) 4.296ms
[8.743s][info][gc,cpu      ] GC(14) User=0.01s Sys=0.00s Real=0.00s
[8.898s][info][gc,start    ] GC(15) Pause Young (Allocation Failure)
[8.906s][info][gc,heap     ] GC(15) PSYoungGen: 113376K(222720K)->3936K(222720K) Eden: 111616K(111616K)->0K(111616K) From: 1760K(111104K)->3936K(111104K)
[8.906s][info][gc,heap     ] GC(15) ParOldGen: 249548K(249856K)->251276K(251392K)
[8.906s][info][gc,metaspace] GC(15) Metaspace: 16917K(17152K)->16917K(17152K) NonClass: 15138K(15296K)->15138K(15296K) Class: 1779K(1856K)->1779K(1856K)
[8.906s][info][gc          ] GC(15) Pause Young (Allocation Failure) 354M->249M(463M) 8.323ms
[8.906s][info][gc,cpu      ] GC(15) User=0.02s Sys=0.01s Real=0.01s
[9.106s][info][gc,start    ] GC(16) Pause Young (Allocation Failure)
[9.154s][info][gc,heap     ] GC(16) PSYoungGen: 115552K(222720K)->45888K(157696K) Eden: 111616K(111616K)->0K(111616K) From: 3936K(111104K)->45888K(46080K)
[9.154s][info][gc,heap     ] GC(16) ParOldGen: 251276K(251392K)->255172K(255488K)
[9.154s][info][gc,metaspace] GC(16) Metaspace: 16942K(17152K)->16942K(17152K) NonClass: 15160K(15296K)->15160K(15296K) Class: 1781K(1856K)->1781K(1856K)
[9.154s][info][gc          ] GC(16) Pause Young (Allocation Failure) 358M->294M(403M) 47.793ms
[9.154s][info][gc,cpu      ] GC(16) User=0.09s Sys=0.00s Real=0.04s
[9.578s][info][gc,start    ] GC(17) Pause Young (Allocation Failure)
[9.673s][info][gc,heap     ] GC(17) PSYoungGen: 157504K(157696K)->28035K(230400K) Eden: 111616K(111616K)->0K(119808K) From: 45888K(46080K)->28035K(110592K)
[9.673s][info][gc,heap     ] GC(17) ParOldGen: 255172K(255488K)->301276K(301568K)
[9.673s][info][gc,metaspace] GC(17) Metaspace: 16968K(17152K)->16968K(17152K) NonClass: 15185K(15296K)->15185K(15296K) Class: 1782K(1856K)->1782K(1856K)
[9.673s][info][gc          ] GC(17) Pause Young (Allocation Failure) 403M->321M(519M) 94.486ms
[9.673s][info][gc,cpu      ] GC(17) User=0.15s Sys=0.03s Real=0.09s
[9.888s][info][gc,start    ] GC(18) Pause Young (Allocation Failure)
[9.974s][info][gc,heap     ] GC(18) PSYoungGen: 147843K(230400K)->3808K(123904K) Eden: 119808K(119808K)->0K(119808K) From: 28035K(110592K)->3808K(4096K)
[9.974s][info][gc,heap     ] GC(18) ParOldGen: 301276K(301568K)->329522K(329728K)
[9.974s][info][gc,metaspace] GC(18) Metaspace: 16972K(17152K)->16972K(17152K) NonClass: 15190K(15296K)->15190K(15296K) Class: 1782K(1856K)->1782K(1856K)
[9.974s][info][gc          ] GC(18) Pause Young (Allocation Failure) 438M->325M(443M) 85.969ms
[9.974s][info][gc,cpu      ] GC(18) User=0.15s Sys=0.02s Real=0.08s
[10.236s][info][gc,start    ] GC(19) Pause Young (Allocation Failure)
[10.246s][info][gc,heap     ] GC(19) PSYoungGen: 123616K(123904K)->1184K(222720K) Eden: 119808K(119808K)->0K(123904K) From: 3808K(4096K)->1184K(98816K)
[10.246s][info][gc,heap     ] GC(19) ParOldGen: 329522K(329728K)->333330K(333824K)
[10.246s][info][gc,metaspace] GC(19) Metaspace: 16972K(17152K)->16972K(17152K) NonClass: 15190K(15296K)->15190K(15296K) Class: 1782K(1856K)->1782K(1856K)
[10.246s][info][gc          ] GC(19) Pause Young (Allocation Failure) 442M->326M(543M) 9.869ms
[10.246s][info][gc,cpu      ] GC(19) User=0.01s Sys=0.01s Real=0.01s
[10.649s][info][gc,start    ] GC(20) Pause Young (Allocation Failure)
[10.655s][info][gc,heap     ] GC(20) PSYoungGen: 125088K(222720K)->2112K(219648K) Eden: 123904K(123904K)->0K(123904K) From: 1184K(98816K)->2112K(95744K)
[10.655s][info][gc,heap     ] GC(20) ParOldGen: 333330K(333824K)->334250K(334336K)
[10.655s][info][gc,metaspace] GC(20) Metaspace: 16982K(17152K)->16982K(17152K) NonClass: 15200K(15296K)->15200K(15296K) Class: 1782K(1856K)->1782K(1856K)
[10.656s][info][gc          ] GC(20) Pause Young (Allocation Failure) 447M->328M(541M) 6.284ms
[10.656s][info][gc,cpu      ] GC(20) User=0.01s Sys=0.00s Real=0.01s
[11.033s][info][gc,start    ] GC(21) Pause Young (Allocation Failure)
[11.038s][info][gc,heap     ] GC(21) PSYoungGen: 126016K(219648K)->192K(234496K) Eden: 123904K(123904K)->0K(142848K) From: 2112K(95744K)->192K(91648K)
[11.038s][info][gc,heap     ] GC(21) ParOldGen: 334250K(334336K)->336328K(336384K)
[11.038s][info][gc,metaspace] GC(21) Metaspace: 16986K(17152K)->16986K(17152K) NonClass: 15203K(15296K)->15203K(15296K) Class: 1782K(1856K)->1782K(1856K)
[11.039s][info][gc          ] GC(21) Pause Young (Allocation Failure) 449M->328M(557M) 5.423ms
[11.039s][info][gc,cpu      ] GC(21) User=0.01s Sys=0.00s Real=0.01s
[11.427s][info][gc,start    ] GC(22) Pause Young (Allocation Failure)
[11.461s][info][gc,heap     ] GC(22) PSYoungGen: 143040K(234496K)->31904K(230912K) Eden: 142848K(142848K)->0K(142848K) From: 192K(91648K)->31904K(88064K)
[11.461s][info][gc,heap     ] GC(22) ParOldGen: 336328K(336384K)->336457K(336896K)
[11.461s][info][gc,metaspace] GC(22) Metaspace: 16993K(17152K)->16993K(17152K) NonClass: 15211K(15296K)->15211K(15296K) Class: 1782K(1856K)->1782K(1856K)
[11.461s][info][gc          ] GC(22) Pause Young (Allocation Failure) 468M->359M(554M) 33.923ms
[11.461s][info][gc,cpu      ] GC(22) User=0.07s Sys=0.00s Real=0.03s
[11.826s][info][gc,start    ] GC(23) Pause Young (Allocation Failure)
[11.905s][info][gc,heap     ] GC(23) PSYoungGen: 174752K(230912K)->40608K(239104K) Eden: 142848K(142848K)->0K(153088K) From: 31904K(88064K)->40608K(86016K)
[11.905s][info][gc,heap     ] GC(23) ParOldGen: 336457K(336896K)->368033K(368128K)
[11.905s][info][gc,metaspace] GC(23) Metaspace: 17000K(17152K)->17000K(17152K) NonClass: 15218K(15296K)->15218K(15296K) Class: 1782K(1856K)->1782K(1856K)
[11.905s][info][gc          ] GC(23) Pause Young (Allocation Failure) 499M->399M(593M) 79.000ms
[11.905s][info][gc,cpu      ] GC(23) User=0.13s Sys=0.02s Real=0.08s
[12.196s][info][gc,start    ] GC(24) Pause Young (Allocation Failure)
[12.267s][info][gc,heap     ] GC(24) PSYoungGen: 193696K(239104K)->15072K(240128K) Eden: 153088K(153088K)->0K(153088K) From: 40608K(86016K)->15072K(87040K)
[12.267s][info][gc,heap     ] GC(24) ParOldGen: 368033K(368128K)->409181K(409600K)
[12.267s][info][gc,metaspace] GC(24) Metaspace: 17002K(17152K)->17002K(17152K) NonClass: 15220K(15296K)->15220K(15296K) Class: 1782K(1856K)->1782K(1856K)
[12.267s][info][gc          ] GC(24) Pause Young (Allocation Failure) 548M->414M(634M) 71.286ms
[12.267s][info][gc,cpu      ] GC(24) User=0.11s Sys=0.04s Real=0.07s
[12.494s][info][gc,start    ] GC(25) Pause Young (Allocation Failure)
[12.523s][info][gc,heap     ] GC(25) PSYoungGen: 168160K(240128K)->1920K(243712K) Eden: 153088K(153088K)->0K(163840K) From: 15072K(87040K)->1920K(79872K)
[12.523s][info][gc,heap     ] GC(25) ParOldGen: 409181K(409600K)->424269K(424448K)
[12.523s][info][gc,metaspace] GC(25) Metaspace: 17005K(17216K)->17005K(17216K) NonClass: 15222K(15360K)->15222K(15360K) Class: 1782K(1856K)->1782K(1856K)
[12.523s][info][gc          ] GC(25) Pause Young (Allocation Failure) 563M->416M(652M) 29.423ms
[12.523s][info][gc,cpu      ] GC(25) User=0.04s Sys=0.01s Real=0.03s
[12.769s][info][gc,start    ] GC(26) Pause Young (Allocation Failure)
[12.875s][info][gc,heap     ] GC(26) PSYoungGen: 165760K(243712K)->78848K(242688K) Eden: 163840K(163840K)->0K(163840K) From: 1920K(79872K)->78848K(78848K)
[12.875s][info][gc,heap     ] GC(26) ParOldGen: 424269K(424448K)->444165K(444416K)
[12.875s][info][gc,metaspace] GC(26) Metaspace: 17006K(17216K)->17006K(17216K) NonClass: 15224K(15360K)->15224K(15360K) Class: 1782K(1856K)->1782K(1856K)
[12.875s][info][gc          ] GC(26) Pause Young (Allocation Failure) 576M->510M(671M) 105.941ms
[12.875s][info][gc,cpu      ] GC(26) User=0.19s Sys=0.02s Real=0.11s
[13.318s][info][gc,start    ] GC(27) Pause Young (Allocation Failure)
[13.463s][info][gc,heap     ] GC(27) PSYoungGen: 242688K(242688K)->25523K(234496K) Eden: 163840K(163840K)->0K(143360K) From: 78848K(78848K)->25523K(91136K)
[13.463s][info][gc,heap     ] GC(27) ParOldGen: 444165K(444416K)->523285K(523776K)
[13.463s][info][gc,metaspace] GC(27) Metaspace: 17015K(17216K)->17015K(17216K) NonClass: 15232K(15360K)->15232K(15360K) Class: 1782K(1856K)->1782K(1856K)
[13.463s][info][gc          ] GC(27) Pause Young (Allocation Failure) 670M->535M(740M) 145.670ms
[13.463s][info][gc,cpu      ] GC(27) User=0.22s Sys=0.07s Real=0.14s
[13.720s][info][gc,start    ] GC(28) Pause Young (Allocation Failure)
[13.837s][info][gc,heap     ] GC(28) PSYoungGen: 168883K(234496K)->56607K(200192K) Eden: 143360K(143360K)->0K(143360K) From: 25523K(91136K)->56607K(56832K)
[13.837s][info][gc,heap     ] GC(28) ParOldGen: 523285K(523776K)->548905K(549376K)
[13.837s][info][gc,metaspace] GC(28) Metaspace: 17025K(17216K)->17025K(17216K) NonClass: 15243K(15360K)->15243K(15360K) Class: 1782K(1856K)->1782K(1856K)
[13.837s][info][gc          ] GC(28) Pause Young (Allocation Failure) 675M->591M(732M) 117.204ms
[13.837s][info][gc,cpu      ] GC(28) User=0.20s Sys=0.02s Real=0.12s
[13.999s][info][gc,start    ] GC(29) Pause Young (Allocation Failure)
[14.093s][info][gc,heap     ] GC(29) PSYoungGen: 199967K(200192K)->4196K(237056K) Eden: 143360K(143360K)->0K(137728K) From: 56607K(56832K)->4196K(99328K)
[14.093s][info][gc,heap     ] GC(29) ParOldGen: 548905K(549376K)->605883K(606208K)
[14.093s][info][gc,metaspace] GC(29) Metaspace: 17056K(17216K)->17056K(17216K) NonClass: 15271K(15360K)->15271K(15360K) Class: 1785K(1856K)->1785K(1856K)
[14.093s][info][gc          ] GC(29) Pause Young (Allocation Failure) 731M->595M(823M) 93.630ms
[14.093s][info][gc,cpu      ] GC(29) User=0.15s Sys=0.04s Real=0.09s
[14.264s][info][gc,start    ] GC(30) Pause Full (Allocation Failure)
[14.264s][info][gc,phases,start] GC(30) Marking Phase
[14.346s][info][gc,phases      ] GC(30) Marking Phase 82.151ms
[14.346s][info][gc,phases,start] GC(30) Summary Phase
[14.346s][info][gc,phases      ] GC(30) Summary Phase 0.036ms
[14.346s][info][gc,phases,start] GC(30) Forward
[14.374s][info][gc,phases      ] GC(30) Forward 27.704ms
[14.374s][info][gc,phases,start] GC(30) Adjust Pointers
[14.419s][info][gc,phases      ] GC(30) Adjust Pointers 45.318ms
[14.419s][info][gc,phases,start] GC(30) Compaction Phase
[14.442s][info][gc,phases      ] GC(30) Compaction Phase 22.855ms
[14.445s][info][gc,phases,start] GC(30) Post Compact
[14.459s][info][gc,phases      ] GC(30) Post Compact 13.688ms
[14.487s][info][gc,heap        ] GC(30) PSYoungGen: 141924K(237056K)->0K(234496K) Eden: 137728K(137728K)->0K(137728K) From: 4196K(99328K)->0K(96768K)
[14.487s][info][gc,heap        ] GC(30) ParOldGen: 605883K(606208K)->97418K(244736K)
[14.487s][info][gc,metaspace   ] GC(30) Metaspace: 17100K(17280K)->17100K(17280K) NonClass: 15311K(15424K)->15311K(15424K) Class: 1789K(1856K)->1789K(1856K)
[14.487s][info][gc             ] GC(30) Pause Full (Allocation Failure) 730M->95M(468M) 223.084ms
[14.487s][info][gc,cpu         ] GC(30) User=0.32s Sys=0.05s Real=0.23s
[14.675s][info][gc,start       ] GC(31) Pause Young (Allocation Failure)
[14.686s][info][gc,heap        ] GC(31) PSYoungGen: 137728K(234496K)->11248K(231424K) Eden: 137728K(137728K)->0K(140288K) From: 0K(96768K)->11248K(91136K)
[14.686s][info][gc,heap        ] GC(31) ParOldGen: 97418K(244736K)->97418K(244736K)
[14.686s][info][gc,metaspace   ] GC(31) Metaspace: 17106K(17280K)->17106K(17280K) NonClass: 15315K(15424K)->15315K(15424K) Class: 1791K(1856K)->1791K(1856K)
[14.686s][info][gc             ] GC(31) Pause Young (Allocation Failure) 229M->106M(465M) 11.663ms
[14.686s][info][gc,cpu         ] GC(31) User=0.02s Sys=0.00s Real=0.01s
[14.923s][info][gc,start       ] GC(32) Pause Young (Allocation Failure)
[14.995s][info][gc,heap        ] GC(32) PSYoungGen: 151536K(231424K)->45648K(232960K) Eden: 140288K(140288K)->0K(140288K) From: 11248K(91136K)->45648K(92672K)
[14.995s][info][gc,heap        ] GC(32) ParOldGen: 97418K(244736K)->108714K(244736K)
[14.995s][info][gc,metaspace   ] GC(32) Metaspace: 17120K(17280K)->17120K(17280K) NonClass: 15328K(15424K)->15328K(15424K) Class: 1792K(1856K)->1792K(1856K)
[14.995s][info][gc             ] GC(32) Pause Young (Allocation Failure) 243M->150M(466M) 71.974ms
[14.995s][info][gc,cpu         ] GC(32) User=0.14s Sys=0.01s Real=0.08s
[15.399s][info][gc,start       ] GC(33) Pause Young (Allocation Failure)
[15.453s][info][gc,heap        ] GC(33) PSYoungGen: 185936K(232960K)->26016K(229376K) Eden: 140288K(140288K)->0K(147968K) From: 45648K(92672K)->26016K(81408K)
[15.453s][info][gc,heap        ] GC(33) ParOldGen: 108714K(244736K)->154867K(244736K)
[15.453s][info][gc,metaspace   ] GC(33) Metaspace: 17125K(17280K)->17125K(17280K) NonClass: 15333K(15424K)->15333K(15424K) Class: 1792K(1856K)->1792K(1856K)
[15.453s][info][gc             ] GC(33) Pause Young (Allocation Failure) 287M->176M(463M) 54.224ms
[15.453s][info][gc,cpu         ] GC(33) User=0.11s Sys=0.00s Real=0.05s
[15.575s][info][gc,start       ] GC(34) Pause Young (Allocation Failure)
[15.638s][info][gc,heap        ] GC(34) PSYoungGen: 173984K(229376K)->44416K(235008K) Eden: 147968K(147968K)->0K(147968K) From: 26016K(81408K)->44416K(87040K)
[15.638s][info][gc,heap        ] GC(34) ParOldGen: 154867K(244736K)->181163K(244736K)
[15.638s][info][gc,metaspace   ] GC(34) Metaspace: 17125K(17280K)->17125K(17280K) NonClass: 15333K(15424K)->15333K(15424K) Class: 1792K(1856K)->1792K(1856K)
[15.638s][info][gc             ] GC(34) Pause Young (Allocation Failure) 321M->220M(468M) 62.916ms
[15.638s][info][gc,cpu         ] GC(34) User=0.12s Sys=0.00s Real=0.06s
[15.856s][info][gc,start       ] GC(35) Pause Young (Allocation Failure)
[15.954s][info][gc,heap        ] GC(35) PSYoungGen: 192384K(235008K)->52176K(241152K) Eden: 147968K(147968K)->0K(153600K) From: 44416K(87040K)->52176K(87552K)
[15.954s][info][gc,heap        ] GC(35) ParOldGen: 181163K(244736K)->225715K(244736K)
[15.954s][info][gc,metaspace   ] GC(35) Metaspace: 17130K(17344K)->17130K(17344K) NonClass: 15337K(15488K)->15337K(15488K) Class: 1792K(1856K)->1792K(1856K)
[15.954s][info][gc             ] GC(35) Pause Young (Allocation Failure) 364M->271M(474M) 98.576ms
[15.954s][info][gc,cpu         ] GC(35) User=0.20s Sys=0.00s Real=0.09s
[16.282s][info][gc,start       ] GC(36) Pause Young (Allocation Failure)
[16.426s][info][gc,heap        ] GC(36) PSYoungGen: 205776K(241152K)->50084K(203776K) Eden: 153600K(153600K)->0K(153600K) From: 52176K(87552K)->50084K(50176K)
[16.426s][info][gc,heap        ] GC(36) ParOldGen: 225715K(244736K)->278331K(278528K)
[16.426s][info][gc,metaspace   ] GC(36) Metaspace: 17134K(17344K)->17134K(17344K) NonClass: 15340K(15488K)->15340K(15488K) Class: 1793K(1856K)->1793K(1856K)
[16.426s][info][gc             ] GC(36) Pause Young (Allocation Failure) 421M->320M(471M) 144.904ms
[16.426s][info][gc,cpu         ] GC(36) User=0.25s Sys=0.03s Real=0.15s
[16.602s][info][gc,start       ] GC(37) Pause Young (Allocation Failure)
[16.698s][info][gc,heap        ] GC(37) PSYoungGen: 203684K(203776K)->17600K(245760K) Eden: 153600K(153600K)->0K(154624K) From: 50084K(50176K)->17600K(91136K)
[16.698s][info][gc,heap        ] GC(37) ParOldGen: 278331K(278528K)->328787K(329216K)
[16.698s][info][gc,metaspace   ] GC(37) Metaspace: 17134K(17344K)->17134K(17344K) NonClass: 15341K(15488K)->15341K(15488K) Class: 1793K(1856K)->1793K(1856K)
[16.698s][info][gc             ] GC(37) Pause Young (Allocation Failure) 470M->338M(561M) 96.003ms
[16.698s][info][gc,cpu         ] GC(37) User=0.15s Sys=0.04s Real=0.10s
[16.922s][info][gc,start       ] GC(38) Pause Young (Allocation Failure)
[17.023s][info][gc,heap        ] GC(38) PSYoungGen: 172224K(245760K)->31585K(186368K) Eden: 154624K(154624K)->0K(154624K) From: 17600K(91136K)->31585K(31744K)
[17.023s][info][gc,heap        ] GC(38) ParOldGen: 328787K(329216K)->346387K(346624K)
[17.023s][info][gc,metaspace   ] GC(38) Metaspace: 17134K(17344K)->17134K(17344K) NonClass: 15341K(15488K)->15341K(15488K) Class: 1793K(1856K)->1793K(1856K)
[17.023s][info][gc             ] GC(38) Pause Young (Allocation Failure) 489M->369M(520M) 100.906ms
[17.023s][info][gc,cpu         ] GC(38) User=0.18s Sys=0.02s Real=0.10s
[17.194s][info][gc,start       ] GC(39) Pause Young (Allocation Failure)
[17.289s][info][gc,heap        ] GC(39) PSYoungGen: 186209K(186368K)->18176K(239616K) Eden: 154624K(154624K)->0K(157184K) From: 31585K(31744K)->18176K(82432K)
[17.289s][info][gc,heap        ] GC(39) ParOldGen: 346387K(346624K)->377496K(377856K)
[17.289s][info][gc,metaspace   ] GC(39) Metaspace: 17134K(17344K)->17134K(17344K) NonClass: 15341K(15488K)->15341K(15488K) Class: 1793K(1856K)->1793K(1856K)
[17.289s][info][gc             ] GC(39) Pause Young (Allocation Failure) 520M->386M(603M) 95.009ms
[17.289s][info][gc,cpu         ] GC(39) User=0.17s Sys=0.01s Real=0.10s
[17.470s][info][gc,start       ] GC(40) Pause Young (Allocation Failure)
[17.537s][info][gc,heap        ] GC(40) PSYoungGen: 175360K(239616K)->12352K(237056K) Eden: 157184K(157184K)->0K(157184K) From: 18176K(82432K)->12352K(79872K)
[17.537s][info][gc,heap        ] GC(40) ParOldGen: 377496K(377856K)->395696K(395776K)
[17.537s][info][gc,metaspace   ] GC(40) Metaspace: 17137K(17344K)->17137K(17344K) NonClass: 15344K(15488K)->15344K(15488K) Class: 1793K(1856K)->1793K(1856K)
[17.537s][info][gc             ] GC(40) Pause Young (Allocation Failure) 539M->398M(618M) 67.099ms
[17.537s][info][gc,cpu         ] GC(40) User=0.12s Sys=0.01s Real=0.07s
[17.696s][info][gc,start       ] GC(41) Pause Young (Allocation Failure)
[17.739s][info][gc,heap        ] GC(41) PSYoungGen: 169536K(237056K)->15552K(251392K) Eden: 157184K(157184K)->0K(174080K) From: 12352K(79872K)->15552K(77312K)
[17.739s][info][gc,heap        ] GC(41) ParOldGen: 395696K(395776K)->408072K(408576K)
[17.739s][info][gc,metaspace   ] GC(41) Metaspace: 17146K(17344K)->17146K(17344K) NonClass: 15348K(15488K)->15348K(15488K) Class: 1798K(1856K)->1798K(1856K)
[17.739s][info][gc             ] GC(41) Pause Young (Allocation Failure) 551M->413M(644M) 42.830ms
[17.739s][info][gc,cpu         ] GC(41) User=0.08s Sys=0.01s Real=0.04s
[17.964s][info][gc,start       ] GC(42) Pause Young (Allocation Failure)
[18.005s][info][gc,heap        ] GC(42) PSYoungGen: 189632K(251392K)->928K(249344K) Eden: 174080K(174080K)->0K(174080K) From: 15552K(77312K)->928K(75264K)
[18.005s][info][gc,heap        ] GC(42) ParOldGen: 408072K(408576K)->423664K(423936K)
[18.005s][info][gc,metaspace   ] GC(42) Metaspace: 17148K(17344K)->17148K(17344K) NonClass: 15350K(15488K)->15350K(15488K) Class: 1798K(1856K)->1798K(1856K)
[18.005s][info][gc             ] GC(42) Pause Young (Allocation Failure) 583M->414M(657M) 41.311ms
[18.005s][info][gc,cpu         ] GC(42) User=0.08s Sys=0.01s Real=0.05s
[18.263s][info][gc,start       ] GC(43) Pause Young (Allocation Failure)
[18.288s][info][gc,heap        ] GC(43) PSYoungGen: 175008K(249344K)->16384K(253952K) Eden: 174080K(174080K)->0K(183808K) From: 928K(75264K)->16384K(70144K)
[18.288s][info][gc,heap        ] GC(43) ParOldGen: 423664K(423936K)->424560K(424960K)
[18.288s][info][gc,metaspace   ] GC(43) Metaspace: 17150K(17344K)->17150K(17344K) NonClass: 15352K(15488K)->15352K(15488K) Class: 1798K(1856K)->1798K(1856K)
[18.288s][info][gc             ] GC(43) Pause Young (Allocation Failure) 584M->430M(663M) 25.002ms
[18.288s][info][gc,cpu         ] GC(43) User=0.05s Sys=0.00s Real=0.03s
[18.628s][info][gc,start       ] GC(44) Pause Young (Allocation Failure)
[18.676s][info][gc,heap        ] GC(44) PSYoungGen: 200192K(253952K)->18016K(254976K) Eden: 183808K(183808K)->0K(183808K) From: 16384K(70144K)->18016K(71168K)
[18.676s][info][gc,heap        ] GC(44) ParOldGen: 424560K(424960K)->440958K(441344K)
[18.676s][info][gc,metaspace   ] GC(44) Metaspace: 17151K(17344K)->17151K(17344K) NonClass: 15353K(15488K)->15353K(15488K) Class: 1798K(1856K)->1798K(1856K)
[18.676s][info][gc             ] GC(44) Pause Young (Allocation Failure) 610M->448M(680M) 47.929ms
[18.676s][info][gc,cpu         ] GC(44) User=0.08s Sys=0.01s Real=0.05s
[19.476s][info][gc,start       ] GC(45) Pause Young (Allocation Failure)
[19.523s][info][gc,heap        ] GC(45) PSYoungGen: 201824K(254976K)->15008K(259072K) Eden: 183808K(183808K)->0K(195072K) From: 18016K(71168K)->15008K(64000K)
[19.523s][info][gc,heap        ] GC(45) ParOldGen: 440958K(441344K)->459020K(459264K)
[19.523s][info][gc,metaspace   ] GC(45) Metaspace: 17176K(17344K)->17176K(17344K) NonClass: 15378K(15488K)->15378K(15488K) Class: 1798K(1856K)->1798K(1856K)
[19.523s][info][gc             ] GC(45) Pause Young (Allocation Failure) 627M->462M(701M) 46.895ms
[19.523s][info][gc,cpu         ] GC(45) User=0.08s Sys=0.01s Real=0.04s
[20.299s][info][gc,start       ] GC(46) Pause Young (Allocation Failure)
[20.334s][info][gc,heap        ] GC(46) PSYoungGen: 210080K(259072K)->128K(259584K) Eden: 195072K(195072K)->0K(195072K) From: 15008K(64000K)->128K(64512K)
[20.334s][info][gc,heap        ] GC(46) ParOldGen: 459020K(459264K)->474052K(474112K)
[20.334s][info][gc,metaspace   ] GC(46) Metaspace: 17183K(17344K)->17183K(17344K) NonClass: 15385K(15488K)->15385K(15488K) Class: 1798K(1856K)->1798K(1856K)
[20.334s][info][gc             ] GC(46) Pause Young (Allocation Failure) 653M->463M(716M) 35.105ms
[20.334s][info][gc,cpu         ] GC(46) User=0.06s Sys=0.01s Real=0.03s
[20.961s][info][gc,start       ] GC(47) Pause Young (Allocation Failure)
[20.964s][info][gc,heap        ] GC(47) PSYoungGen: 195200K(259584K)->64K(268288K) Eden: 195072K(195072K)->0K(205312K) From: 128K(64512K)->64K(62976K)
[20.964s][info][gc,heap        ] GC(47) ParOldGen: 474052K(474112K)->474164K(474624K)
[20.964s][info][gc,metaspace   ] GC(47) Metaspace: 17184K(17344K)->17184K(17344K) NonClass: 15386K(15488K)->15386K(15488K) Class: 1798K(1856K)->1798K(1856K)
[20.964s][info][gc             ] GC(47) Pause Young (Allocation Failure) 653M->463M(725M) 2.775ms
[20.964s][info][gc,cpu         ] GC(47) User=0.00s Sys=0.00s Real=0.00s
[21.599s][info][gc,start       ] GC(48) Pause Young (Allocation Failure)
[21.621s][info][gc,heap        ] GC(48) PSYoungGen: 205376K(268288K)->9430K(215040K) Eden: 205312K(205312K)->0K(205312K) From: 64K(62976K)->9430K(9728K)
[21.621s][info][gc,heap        ] GC(48) ParOldGen: 474164K(474624K)->474180K(474624K)
[21.621s][info][gc,metaspace   ] GC(48) Metaspace: 17190K(17344K)->17190K(17344K) NonClass: 15391K(15488K)->15391K(15488K) Class: 1798K(1856K)->1798K(1856K)
[21.621s][info][gc             ] GC(48) Pause Young (Allocation Failure) 663M->472M(673M) 22.032ms
[21.621s][info][gc,cpu         ] GC(48) User=0.05s Sys=0.00s Real=0.02s
[21.921s][info][gc,start       ] GC(49) Pause Young (Allocation Failure)
[22.005s][info][gc,heap        ] GC(49) PSYoungGen: 214742K(215040K)->60416K(236544K) Eden: 205312K(205312K)->0K(176128K) From: 9430K(9728K)->60416K(60416K)
[22.005s][info][gc,heap        ] GC(49) ParOldGen: 474180K(474624K)->492437K(492544K)
[22.005s][info][gc,metaspace   ] GC(49) Metaspace: 17193K(17344K)->17193K(17344K) NonClass: 15395K(15488K)->15395K(15488K) Class: 1798K(1856K)->1798K(1856K)
[22.005s][info][gc             ] GC(49) Pause Young (Allocation Failure) 672M->539M(712M) 84.582ms
[22.005s][info][gc,cpu         ] GC(49) User=0.14s Sys=0.03s Real=0.09s
[22.332s][info][gc,start       ] GC(50) Pause Young (Allocation Failure)
[22.418s][info][gc,heap        ] GC(50) PSYoungGen: 236544K(236544K)->8288K(254976K) Eden: 176128K(176128K)->0K(176128K) From: 60416K(60416K)->8288K(78848K)
[22.418s][info][gc,heap        ] GC(50) ParOldGen: 492437K(492544K)->553613K(553984K)
[22.418s][info][gc,metaspace   ] GC(50) Metaspace: 17194K(17344K)->17194K(17344K) NonClass: 15396K(15488K)->15396K(15488K) Class: 1798K(1856K)->1798K(1856K)
[22.418s][info][gc             ] GC(50) Pause Young (Allocation Failure) 711M->548M(790M) 86.259ms
[22.418s][info][gc,cpu         ] GC(50) User=0.12s Sys=0.05s Real=0.09s
[22.764s][info][gc,start       ] GC(51) Pause Young (Allocation Failure)
[22.839s][info][gc,heap        ] GC(51) PSYoungGen: 184416K(254976K)->39116K(253952K) Eden: 176128K(176128K)->0K(179200K) From: 8288K(78848K)->39116K(74752K)
[22.839s][info][gc,heap        ] GC(51) ParOldGen: 553613K(553984K)->561920K(562176K)
[22.839s][info][gc,metaspace   ] GC(51) Metaspace: 17217K(17408K)->17217K(17408K) NonClass: 15418K(15552K)->15418K(15552K) Class: 1798K(1856K)->1798K(1856K)
[22.839s][info][gc             ] GC(51) Pause Young (Allocation Failure) 720M->586M(797M) 74.959ms
[22.839s][info][gc,cpu         ] GC(51) User=0.14s Sys=0.00s Real=0.08s
[23.076s][info][gc,start       ] GC(52) Pause Young (Allocation Failure)
[23.213s][info][gc,heap        ] GC(52) PSYoungGen: 218316K(253952K)->40288K(256000K) Eden: 179200K(179200K)->0K(179200K) From: 39116K(74752K)->40288K(76800K)
[23.213s][info][gc,heap        ] GC(52) ParOldGen: 561920K(562176K)->601220K(601600K)
[23.213s][info][gc,metaspace   ] GC(52) Metaspace: 17217K(17408K)->17217K(17408K) NonClass: 15419K(15552K)->15419K(15552K) Class: 1798K(1856K)->1798K(1856K)
[23.213s][info][gc             ] GC(52) Pause Young (Allocation Failure) 761M->626M(837M) 136.636ms
[23.213s][info][gc,cpu         ] GC(52) User=0.23s Sys=0.04s Real=0.13s
[23.408s][info][gc,start       ] GC(53) Pause Full (Allocation Failure)
[23.408s][info][gc,phases,start] GC(53) Marking Phase
[23.671s][info][gc,phases      ] GC(53) Marking Phase 263.393ms
[23.671s][info][gc,phases,start] GC(53) Summary Phase
[23.671s][info][gc,phases      ] GC(53) Summary Phase 0.031ms
[23.671s][info][gc,phases,start] GC(53) Forward
[23.759s][info][gc,phases      ] GC(53) Forward 87.706ms
[23.759s][info][gc,phases,start] GC(53) Adjust Pointers
[23.964s][info][gc,phases      ] GC(53) Adjust Pointers 205.118ms
[23.964s][info][gc,phases,start] GC(53) Compaction Phase
[24.081s][info][gc,phases      ] GC(53) Compaction Phase 116.803ms
[24.087s][info][gc,phases,start] GC(53) Post Compact
[24.090s][info][gc,phases      ] GC(53) Post Compact 2.730ms
[24.096s][info][gc,heap        ] GC(53) PSYoungGen: 219488K(256000K)->0K(256000K) Eden: 179200K(179200K)->0K(178176K) From: 40288K(76800K)->0K(77824K)
[24.096s][info][gc,heap        ] GC(53) ParOldGen: 601220K(601600K)->367302K(516096K)
[24.096s][info][gc,metaspace   ] GC(53) Metaspace: 17217K(17408K)->17217K(17408K) NonClass: 15419K(15552K)->15419K(15552K) Class: 1798K(1856K)->1798K(1856K)
[24.096s][info][gc             ] GC(53) Pause Full (Allocation Failure) 801M->358M(754M) 688.394ms
[24.096s][info][gc,cpu         ] GC(53) User=1.28s Sys=0.02s Real=0.69s
[24.340s][info][gc,start       ] GC(54) Pause Young (Allocation Failure)
[24.410s][info][gc,heap        ] GC(54) PSYoungGen: 178176K(256000K)->29920K(208384K) Eden: 178176K(178176K)->0K(178176K) From: 0K(77824K)->29920K(30208K)
[24.410s][info][gc,heap        ] GC(54) ParOldGen: 367302K(516096K)->367302K(516096K)
[24.410s][info][gc,metaspace   ] GC(54) Metaspace: 17222K(17408K)->17222K(17408K) NonClass: 15423K(15552K)->15423K(15552K) Class: 1798K(1856K)->1798K(1856K)
[24.410s][info][gc             ] GC(54) Pause Young (Allocation Failure) 532M->387M(707M) 70.045ms
[24.410s][info][gc,cpu         ] GC(54) User=0.13s Sys=0.00s Real=0.07s
[24.568s][info][gc,start       ] GC(55) Pause Young (Allocation Failure)
[24.619s][info][gc,heap        ] GC(55) PSYoungGen: 208096K(208384K)->9408K(254464K) Eden: 178176K(178176K)->0K(180224K) From: 29920K(30208K)->9408K(74240K)
[24.619s][info][gc,heap        ] GC(55) ParOldGen: 367302K(516096K)->397270K(516096K)
[24.619s][info][gc,metaspace   ] GC(55) Metaspace: 17222K(17408K)->17222K(17408K) NonClass: 15423K(15552K)->15423K(15552K) Class: 1798K(1856K)->1798K(1856K)
[24.619s][info][gc             ] GC(55) Pause Young (Allocation Failure) 561M->397M(752M) 50.830ms
[24.619s][info][gc,cpu         ] GC(55) User=0.10s Sys=0.00s Real=0.05s
[24.790s][info][gc,start       ] GC(56) Pause Young (Allocation Failure)
[24.831s][info][gc,heap        ] GC(56) PSYoungGen: 189632K(254464K)->4960K(252416K) Eden: 180224K(180224K)->0K(180224K) From: 9408K(74240K)->4960K(72192K)
[24.831s][info][gc,heap        ] GC(56) ParOldGen: 397270K(516096K)->406678K(516096K)
[24.831s][info][gc,metaspace   ] GC(56) Metaspace: 17222K(17408K)->17222K(17408K) NonClass: 15423K(15552K)->15423K(15552K) Class: 1798K(1856K)->1798K(1856K)
[24.831s][info][gc             ] GC(56) Pause Young (Allocation Failure) 573M->401M(750M) 41.536ms
[24.831s][info][gc,cpu         ] GC(56) User=0.08s Sys=0.00s Real=0.04s
[25.055s][info][gc,start       ] GC(57) Pause Young (Allocation Failure)
[25.092s][info][gc,heap        ] GC(57) PSYoungGen: 185184K(252416K)->9120K(259072K) Eden: 180224K(180224K)->0K(189952K) From: 4960K(72192K)->9120K(69120K)
[25.092s][info][gc,heap        ] GC(57) ParOldGen: 406678K(516096K)->411622K(516096K)
[25.092s][info][gc,metaspace   ] GC(57) Metaspace: 17242K(17408K)->17242K(17408K) NonClass: 15443K(15552K)->15443K(15552K) Class: 1798K(1856K)->1798K(1856K)
[25.092s][info][gc             ] GC(57) Pause Young (Allocation Failure) 577M->410M(757M) 37.293ms
[25.092s][info][gc,cpu         ] GC(57) User=0.07s Sys=0.00s Real=0.03s
[25.576s][info][gc,start       ] GC(58) Pause Young (Allocation Failure)
[25.638s][info][gc,heap        ] GC(58) PSYoungGen: 199072K(259072K)->24704K(258048K) Eden: 189952K(189952K)->0K(189952K) From: 9120K(69120K)->24704K(68096K)
[25.638s][info][gc,heap        ] GC(58) ParOldGen: 411622K(516096K)->420734K(516096K)
[25.638s][info][gc,metaspace   ] GC(58) Metaspace: 17248K(17408K)->17248K(17408K) NonClass: 15449K(15552K)->15449K(15552K) Class: 1798K(1856K)->1798K(1856K)
[25.638s][info][gc             ] GC(58) Pause Young (Allocation Failure) 596M->434M(756M) 62.176ms
[25.638s][info][gc,cpu         ] GC(58) User=0.12s Sys=0.00s Real=0.06s
[26.437s][info][gc,start       ] GC(59) Pause Young (Allocation Failure)
[26.500s][info][gc,heap        ] GC(59) PSYoungGen: 214656K(258048K)->13504K(263168K) Eden: 189952K(189952K)->0K(199168K) From: 24704K(68096K)->13504K(64000K)
[26.500s][info][gc,heap        ] GC(59) ParOldGen: 420734K(516096K)->445473K(516096K)
[26.500s][info][gc,metaspace   ] GC(59) Metaspace: 17260K(17472K)->17260K(17472K) NonClass: 15461K(15616K)->15461K(15616K) Class: 1798K(1856K)->1798K(1856K)
[26.500s][info][gc             ] GC(59) Pause Young (Allocation Failure) 620M->448M(761M) 63.479ms
[26.500s][info][gc,cpu         ] GC(59) User=0.13s Sys=0.00s Real=0.06s
[27.016s][info][gc,start       ] GC(60) Pause Young (Allocation Failure)
[27.054s][info][gc,heap        ] GC(60) PSYoungGen: 212672K(263168K)->12016K(261120K) Eden: 199168K(199168K)->0K(199168K) From: 13504K(64000K)->12016K(61952K)
[27.054s][info][gc,heap        ] GC(60) ParOldGen: 445473K(516096K)->459041K(516096K)
[27.054s][info][gc,metaspace   ] GC(60) Metaspace: 17274K(17472K)->17274K(17472K) NonClass: 15475K(15616K)->15475K(15616K) Class: 1799K(1856K)->1799K(1856K)
[27.054s][info][gc             ] GC(60) Pause Young (Allocation Failure) 642M->460M(759M) 37.782ms
[27.054s][info][gc,cpu         ] GC(60) User=0.07s Sys=0.00s Real=0.03s
[27.257s][info][gc,start       ] GC(61) Pause Young (Allocation Failure)
[27.326s][info][gc,heap        ] GC(61) PSYoungGen: 211184K(261120K)->58880K(235008K) Eden: 199168K(199168K)->0K(176128K) From: 12016K(61952K)->58880K(58880K)
[27.326s][info][gc,heap        ] GC(61) ParOldGen: 459041K(516096K)->484153K(516096K)
[27.326s][info][gc,metaspace   ] GC(61) Metaspace: 17293K(17472K)->17293K(17472K) NonClass: 15494K(15616K)->15494K(15616K) Class: 1799K(1856K)->1799K(1856K)
[27.326s][info][gc             ] GC(61) Pause Young (Allocation Failure) 654M->530M(733M) 69.284ms
[27.326s][info][gc,cpu         ] GC(61) User=0.14s Sys=0.01s Real=0.07s
[27.761s][info][gc,start       ] GC(62) Pause Young (Allocation Failure)
[27.853s][info][gc,heap        ] GC(62) PSYoungGen: 235008K(235008K)->7968K(254976K) Eden: 176128K(176128K)->0K(176128K) From: 58880K(58880K)->7968K(78848K)
[27.853s][info][gc,heap        ] GC(62) ParOldGen: 484153K(516096K)->543746K(544256K)
[27.853s][info][gc,metaspace   ] GC(62) Metaspace: 17297K(17472K)->17297K(17472K) NonClass: 15497K(15616K)->15497K(15616K) Class: 1799K(1856K)->1799K(1856K)
[27.853s][info][gc             ] GC(62) Pause Young (Allocation Failure) 702M->538M(780M) 92.017ms
[27.853s][info][gc,cpu         ] GC(62) User=0.16s Sys=0.02s Real=0.09s
[28.251s][info][gc,start       ] GC(63) Pause Young (Allocation Failure)
[28.323s][info][gc,heap        ] GC(63) PSYoungGen: 184096K(254976K)->37215K(251904K) Eden: 176128K(176128K)->0K(178176K) From: 7968K(78848K)->37215K(73728K)
[28.323s][info][gc,heap        ] GC(63) ParOldGen: 543746K(544256K)->551734K(551936K)
[28.323s][info][gc,metaspace   ] GC(63) Metaspace: 17297K(17472K)->17297K(17472K) NonClass: 15498K(15616K)->15498K(15616K) Class: 1799K(1856K)->1799K(1856K)
[28.323s][info][gc             ] GC(63) Pause Young (Allocation Failure) 710M->575M(785M) 71.355ms
[28.323s][info][gc,cpu         ] GC(63) User=0.13s Sys=0.00s Real=0.07s
[28.556s][info][gc,start       ] GC(64) Pause Young (Allocation Failure)
[28.662s][info][gc,heap        ] GC(64) PSYoungGen: 215391K(251904K)->25184K(254464K) Eden: 178176K(178176K)->0K(178176K) From: 37215K(73728K)->25184K(76288K)
[28.662s][info][gc,heap        ] GC(64) ParOldGen: 551734K(551936K)->589028K(589312K)
[28.662s][info][gc,metaspace   ] GC(64) Metaspace: 17297K(17472K)->17297K(17472K) NonClass: 15498K(15616K)->15498K(15616K) Class: 1799K(1856K)->1799K(1856K)
[28.662s][info][gc             ] GC(64) Pause Young (Allocation Failure) 749M->599M(824M) 106.759ms
[28.662s][info][gc,cpu         ] GC(64) User=0.18s Sys=0.04s Real=0.10s
[28.875s][info][gc,start       ] GC(65) Pause Young (Allocation Failure)
[28.921s][info][gc,heap        ] GC(65) PSYoungGen: 203360K(254464K)->736K(254976K) Eden: 178176K(178176K)->0K(183808K) From: 25184K(76288K)->736K(71168K)
[28.921s][info][gc,heap        ] GC(65) ParOldGen: 589028K(589312K)->614220K(614400K)
[28.921s][info][gc,metaspace   ] GC(65) Metaspace: 17297K(17472K)->17297K(17472K) NonClass: 15498K(15616K)->15498K(15616K) Class: 1799K(1856K)->1799K(1856K)
[28.921s][info][gc             ] GC(65) Pause Young (Allocation Failure) 773M->600M(849M) 46.144ms
[28.921s][info][gc,cpu         ] GC(65) User=0.07s Sys=0.02s Real=0.04s
[29.185s][info][gc,start       ] GC(66) Pause Full (Allocation Failure)
[29.185s][info][gc,phases,start] GC(66) Marking Phase
[29.463s][info][gc,phases      ] GC(66) Marking Phase 278.537ms
[29.463s][info][gc,phases,start] GC(66) Summary Phase
[29.463s][info][gc,phases      ] GC(66) Summary Phase 0.034ms
[29.464s][info][gc,phases,start] GC(66) Forward
[29.557s][info][gc,phases      ] GC(66) Forward 93.244ms
[29.557s][info][gc,phases,start] GC(66) Adjust Pointers
[29.772s][info][gc,phases      ] GC(66) Adjust Pointers 214.949ms
[29.772s][info][gc,phases,start] GC(66) Compaction Phase
[29.896s][info][gc,phases      ] GC(66) Compaction Phase 124.181ms
[29.902s][info][gc,phases,start] GC(66) Post Compact
[29.905s][info][gc,phases      ] GC(66) Post Compact 2.420ms
[29.911s][info][gc,heap        ] GC(66) PSYoungGen: 184544K(254976K)->0K(254976K) Eden: 183808K(183808K)->0K(183808K) From: 736K(71168K)->0K(71168K)
[29.911s][info][gc,heap        ] GC(66) ParOldGen: 614220K(614400K)->374137K(530432K)
[29.911s][info][gc,metaspace   ] GC(66) Metaspace: 17297K(17472K)->17297K(17472K) NonClass: 15498K(15616K)->15498K(15616K) Class: 1799K(1856K)->1799K(1856K)
[29.911s][info][gc             ] GC(66) Pause Full (Allocation Failure) 780M->365M(767M) 726.428ms
[29.911s][info][gc,cpu         ] GC(66) User=1.35s Sys=0.00s Real=0.72s
[30.420s][info][gc,start       ] GC(67) Pause Young (Allocation Failure)
[30.460s][info][gc,heap        ] GC(67) PSYoungGen: 183808K(254976K)->29330K(257536K) Eden: 183808K(183808K)->0K(191488K) From: 0K(71168K)->29330K(66048K)
[30.460s][info][gc,heap        ] GC(67) ParOldGen: 374137K(530432K)->374145K(530432K)
[30.460s][info][gc,metaspace   ] GC(67) Metaspace: 17303K(17472K)->17303K(17472K) NonClass: 15504K(15616K)->15504K(15616K) Class: 1799K(1856K)->1799K(1856K)
[30.460s][info][gc             ] GC(67) Pause Young (Allocation Failure) 544M->394M(769M) 40.106ms
[30.460s][info][gc,cpu         ] GC(67) User=0.08s Sys=0.00s Real=0.04s
[30.682s][info][gc,start       ] GC(68) Pause Young (Allocation Failure)
[30.765s][info][gc,heap        ] GC(68) PSYoungGen: 220818K(257536K)->60240K(251904K) Eden: 191488K(191488K)->0K(191488K) From: 29330K(66048K)->60240K(60416K)
[30.765s][info][gc,heap        ] GC(68) ParOldGen: 374145K(530432K)->403583K(530432K)
[30.765s][info][gc,metaspace   ] GC(68) Metaspace: 17303K(17472K)->17303K(17472K) NonClass: 15504K(15616K)->15504K(15616K) Class: 1799K(1856K)->1799K(1856K)
[30.765s][info][gc             ] GC(68) Pause Young (Allocation Failure) 581M->452M(764M) 82.963ms
[30.765s][info][gc,cpu         ] GC(68) User=0.16s Sys=0.00s Real=0.09s
[31.306s][info][gc,start       ] GC(69) Pause Young (Allocation Failure)
[31.385s][info][gc,heap        ] GC(69) PSYoungGen: 251728K(251904K)->31136K(259584K) Eden: 191488K(191488K)->0K(181760K) From: 60240K(60416K)->31136K(77824K)
[31.385s][info][gc,heap        ] GC(69) ParOldGen: 403583K(530432K)->464431K(530432K)
[31.385s][info][gc,metaspace   ] GC(69) Metaspace: 17309K(17472K)->17309K(17472K) NonClass: 15509K(15616K)->15509K(15616K) Class: 1799K(1856K)->1799K(1856K)
[31.385s][info][gc             ] GC(69) Pause Young (Allocation Failure) 639M->483M(771M) 79.407ms
[31.385s][info][gc,cpu         ] GC(69) User=0.16s Sys=0.00s Real=0.08s
[31.767s][info][gc,start       ] GC(70) Pause Young (Allocation Failure)
[31.849s][info][gc,heap        ] GC(70) PSYoungGen: 212896K(259584K)->40160K(256000K) Eden: 181760K(181760K)->0K(181760K) From: 31136K(77824K)->40160K(74240K)
[31.849s][info][gc,heap        ] GC(70) ParOldGen: 464431K(530432K)->495295K(530432K)
[31.849s][info][gc,metaspace   ] GC(70) Metaspace: 17322K(17472K)->17322K(17472K) NonClass: 15522K(15616K)->15522K(15616K) Class: 1799K(1856K)->1799K(1856K)
[31.849s][info][gc             ] GC(70) Pause Young (Allocation Failure) 661M->522M(768M) 81.770ms
[31.849s][info][gc,cpu         ] GC(70) User=0.16s Sys=0.00s Real=0.08s
[32.177s][info][gc,start       ] GC(71) Pause Young (Allocation Failure)
[32.244s][info][gc,heap        ] GC(71) PSYoungGen: 221920K(256000K)->15456K(257024K) Eden: 181760K(181760K)->0K(184320K) From: 40160K(74240K)->15456K(72704K)
[32.244s][info][gc,heap        ] GC(71) ParOldGen: 495295K(530432K)->535527K(535552K)
[32.244s][info][gc,metaspace   ] GC(71) Metaspace: 17322K(17472K)->17322K(17472K) NonClass: 15522K(15616K)->15522K(15616K) Class: 1799K(1856K)->1799K(1856K)
[32.244s][info][gc             ] GC(71) Pause Young (Allocation Failure) 700M->538M(774M) 67.195ms
[32.244s][info][gc,cpu         ] GC(71) User=0.12s Sys=0.00s Real=0.06s
[32.486s][info][gc,start       ] GC(72) Pause Young (Allocation Failure)
[32.519s][info][gc,heap        ] GC(72) PSYoungGen: 199776K(257024K)->832K(256000K) Eden: 184320K(184320K)->0K(184320K) From: 15456K(72704K)->832K(71680K)
[32.519s][info][gc,heap        ] GC(72) ParOldGen: 535527K(535552K)->551023K(551424K)
[32.519s][info][gc,metaspace   ] GC(72) Metaspace: 17322K(17472K)->17322K(17472K) NonClass: 15522K(15616K)->15522K(15616K) Class: 1799K(1856K)->1799K(1856K)
[32.519s][info][gc             ] GC(72) Pause Young (Allocation Failure) 718M->538M(788M) 32.652ms
[32.519s][info][gc,cpu         ] GC(72) User=0.05s Sys=0.02s Real=0.03s
[32.767s][info][gc,start       ] GC(73) Pause Young (Allocation Failure)
[32.787s][info][gc,heap        ] GC(73) PSYoungGen: 185152K(256000K)->13984K(256512K) Eden: 184320K(184320K)->0K(189952K) From: 832K(71680K)->13984K(66560K)
[32.787s][info][gc,heap        ] GC(73) ParOldGen: 551023K(551424K)->551815K(551936K)
[32.787s][info][gc,metaspace   ] GC(73) Metaspace: 17322K(17472K)->17322K(17472K) NonClass: 15523K(15616K)->15523K(15616K) Class: 1799K(1856K)->1799K(1856K)
[32.787s][info][gc             ] GC(73) Pause Young (Allocation Failure) 718M->552M(789M) 19.992ms
[32.787s][info][gc,cpu         ] GC(73) User=0.04s Sys=0.00s Real=0.02s
[33.273s][info][gc,start       ] GC(74) Pause Young (Allocation Failure)
[33.319s][info][gc,heap        ] GC(74) PSYoungGen: 203936K(256512K)->18880K(259072K) Eden: 189952K(189952K)->0K(189952K) From: 13984K(66560K)->18880K(69120K)
[33.319s][info][gc,heap        ] GC(74) ParOldGen: 551815K(551936K)->565799K(566272K)
[33.319s][info][gc,metaspace   ] GC(74) Metaspace: 17323K(17472K)->17323K(17472K) NonClass: 15524K(15616K)->15524K(15616K) Class: 1799K(1856K)->1799K(1856K)
[33.319s][info][gc             ] GC(74) Pause Young (Allocation Failure) 738M->570M(806M) 46.476ms
[33.319s][info][gc,cpu         ] GC(74) User=0.08s Sys=0.01s Real=0.05s
[34.123s][info][gc,start       ] GC(75) Pause Young (Allocation Failure)
[34.155s][info][gc,heap        ] GC(75) PSYoungGen: 208832K(259072K)->64K(263680K) Eden: 189952K(189952K)->0K(198144K) From: 18880K(69120K)->64K(65536K)
[34.155s][info][gc,heap        ] GC(75) ParOldGen: 565799K(566272K)->584680K(584704K)
[34.155s][info][gc,metaspace   ] GC(75) Metaspace: 17324K(17472K)->17324K(17472K) NonClass: 15525K(15616K)->15525K(15616K) Class: 1799K(1856K)->1799K(1856K)
[34.155s][info][gc             ] GC(75) Pause Young (Allocation Failure) 756M->571M(828M) 32.524ms
[34.155s][info][gc,cpu         ] GC(75) User=0.05s Sys=0.01s Real=0.04s
[34.765s][info][gc,start       ] GC(76) Pause Young (Allocation Failure)
[34.768s][info][gc,heap        ] GC(76) PSYoungGen: 198208K(263680K)->64K(263680K) Eden: 198144K(198144K)->0K(198144K) From: 64K(65536K)->64K(65536K)
[34.768s][info][gc,heap        ] GC(76) ParOldGen: 584680K(584704K)->584720K(585216K)
[34.768s][info][gc,metaspace   ] GC(76) Metaspace: 17324K(17472K)->17324K(17472K) NonClass: 15525K(15616K)->15525K(15616K) Class: 1799K(1856K)->1799K(1856K)
[34.768s][info][gc             ] GC(76) Pause Young (Allocation Failure) 764M->571M(829M) 2.694ms
[34.768s][info][gc,cpu         ] GC(76) User=0.01s Sys=0.00s Real=0.00s
[35.362s][info][gc,start       ] GC(77) Pause Young (Allocation Failure)
[35.389s][info][gc,heap        ] GC(77) PSYoungGen: 198208K(263680K)->672K(266240K) Eden: 198144K(198144K)->0K(203776K) From: 64K(65536K)->672K(62464K)
[35.389s][info][gc,heap        ] GC(77) ParOldGen: 584720K(585216K)->584752K(585216K)
[35.389s][info][gc,metaspace   ] GC(77) Metaspace: 17325K(17472K)->17325K(17472K) NonClass: 15526K(15616K)->15526K(15616K) Class: 1799K(1856K)->1799K(1856K)
[35.389s][info][gc             ] GC(77) Pause Young (Allocation Failure) 764M->571M(831M) 27.101ms
[35.389s][info][gc,cpu         ] GC(77) User=0.06s Sys=0.00s Real=0.03s
[35.747s][info][gc,start       ] GC(78) Pause Young (Allocation Failure)
[35.793s][info][gc,heap        ] GC(78) PSYoungGen: 204448K(266240K)->54608K(258560K) Eden: 203776K(203776K)->0K(203776K) From: 672K(62464K)->54608K(54784K)
[35.793s][info][gc,heap        ] GC(78) ParOldGen: 584752K(585216K)->585400K(585728K)
[35.793s][info][gc,metaspace   ] GC(78) Metaspace: 17327K(17472K)->17327K(17472K) NonClass: 15527K(15616K)->15527K(15616K) Class: 1799K(1856K)->1799K(1856K)
[35.793s][info][gc             ] GC(78) Pause Young (Allocation Failure) 770M->625M(824M) 46.404ms
[35.793s][info][gc,cpu         ] GC(78) User=0.09s Sys=0.00s Real=0.04s
[36.227s][info][gc,start       ] GC(79) Pause Young (Allocation Failure)
[36.334s][info][gc,heap        ] GC(79) PSYoungGen: 258384K(258560K)->25888K(264704K) Eden: 203776K(203776K)->0K(192512K) From: 54608K(54784K)->25888K(72192K)
[36.334s][info][gc,heap        ] GC(79) ParOldGen: 585400K(585728K)->640664K(641024K)
[36.334s][info][gc,metaspace   ] GC(79) Metaspace: 17327K(17472K)->17327K(17472K) NonClass: 15527K(15616K)->15527K(15616K) Class: 1799K(1856K)->1799K(1856K)
[36.334s][info][gc             ] GC(79) Pause Young (Allocation Failure) 824M->650M(884M) 107.410ms
[36.334s][info][gc,cpu         ] GC(79) User=0.16s Sys=0.04s Real=0.10s
[36.803s][info][gc,start       ] GC(80) Pause Full (Allocation Failure)
[36.803s][info][gc,phases,start] GC(80) Marking Phase
[37.312s][info][gc,phases      ] GC(80) Marking Phase 508.189ms
[37.312s][info][gc,phases,start] GC(80) Summary Phase
[37.312s][info][gc,phases      ] GC(80) Summary Phase 0.033ms
[37.312s][info][gc,phases,start] GC(80) Forward
[37.454s][info][gc,phases      ] GC(80) Forward 142.603ms
[37.454s][info][gc,phases,start] GC(80) Adjust Pointers
[37.850s][info][gc,phases      ] GC(80) Adjust Pointers 395.435ms
[37.850s][info][gc,phases,start] GC(80) Compaction Phase
[38.080s][info][gc,phases      ] GC(80) Compaction Phase 229.721ms
[38.092s][info][gc,phases,start] GC(80) Post Compact
[38.095s][info][gc,phases      ] GC(80) Post Compact 2.557ms
[38.095s][info][gc,heap        ] GC(80) PSYoungGen: 218400K(264704K)->13553K(261632K) Eden: 192512K(192512K)->0K(192512K) From: 25888K(72192K)->13553K(69120K)
[38.095s][info][gc,heap        ] GC(80) ParOldGen: 640664K(641024K)->640639K(667648K)
[38.095s][info][gc,metaspace   ] GC(80) Metaspace: 17327K(17472K)->17327K(17472K) NonClass: 15528K(15616K)->15528K(15616K) Class: 1799K(1856K)->1799K(1856K)
[38.095s][info][gc             ] GC(80) Pause Full (Allocation Failure) 838M->638M(907M) 1291.740ms
[38.095s][info][gc,cpu         ] GC(80) User=2.51s Sys=0.01s Real=1.30s
[38.294s][info][gc,start       ] GC(81) Pause Full (Allocation Failure)
[38.294s][info][gc,phases,start] GC(81) Marking Phase
[38.812s][info][gc,phases      ] GC(81) Marking Phase 518.181ms
[38.812s][info][gc,phases,start] GC(81) Summary Phase
[38.812s][info][gc,phases      ] GC(81) Summary Phase 0.026ms
[38.812s][info][gc,phases,start] GC(81) Forward
[38.842s][info][gc,phases      ] GC(81) Forward 30.048ms
[38.842s][info][gc,phases,start] GC(81) Adjust Pointers
[39.199s][info][gc,phases      ] GC(81) Adjust Pointers 356.509ms
[39.199s][info][gc,phases,start] GC(81) Compaction Phase
[39.357s][info][gc,phases      ] GC(81) Compaction Phase 158.471ms
[39.362s][info][gc,phases,start] GC(81) Post Compact
[39.365s][info][gc,phases      ] GC(81) Post Compact 2.569ms
[39.365s][info][gc,heap        ] GC(81) PSYoungGen: 206065K(261632K)->5873K(261632K) Eden: 192512K(192512K)->0K(192512K) From: 13553K(69120K)->5873K(69120K)
[39.365s][info][gc,heap        ] GC(81) ParOldGen: 640639K(667648K)->667619K(667648K)
[39.365s][info][gc,metaspace   ] GC(81) Metaspace: 17328K(17472K)->17328K(17472K) NonClass: 15529K(15616K)->15529K(15616K) Class: 1799K(1856K)->1799K(1856K)
[39.365s][info][gc             ] GC(81) Pause Full (Allocation Failure) 826M->657M(907M) 1071.040ms
[39.365s][info][gc,cpu         ] GC(81) User=2.09s Sys=0.01s Real=1.08s
[39.575s][info][gc,start       ] GC(82) Pause Full (Allocation Failure)
[39.575s][info][gc,phases,start] GC(82) Marking Phase
[39.973s][info][gc,phases      ] GC(82) Marking Phase 397.277ms
[39.973s][info][gc,phases,start] GC(82) Summary Phase
[39.973s][info][gc,phases      ] GC(82) Summary Phase 0.040ms
[39.973s][info][gc,phases,start] GC(82) Forward
[40.090s][info][gc,phases      ] GC(82) Forward 117.427ms
[40.090s][info][gc,phases,start] GC(82) Adjust Pointers
[40.388s][info][gc,phases      ] GC(82) Adjust Pointers 297.623ms
[40.388s][info][gc,phases,start] GC(82) Compaction Phase
[40.528s][info][gc,phases      ] GC(82) Compaction Phase 139.787ms
[40.538s][info][gc,phases,start] GC(82) Post Compact
[40.541s][info][gc,phases      ] GC(82) Post Compact 2.531ms
[40.541s][info][gc,heap        ] GC(82) PSYoungGen: 198385K(261632K)->0K(261632K) Eden: 192512K(192512K)->0K(192512K) From: 5873K(69120K)->0K(69120K)
[40.541s][info][gc,heap        ] GC(82) ParOldGen: 667619K(667648K)->542166K(667648K)
[40.541s][info][gc,metaspace   ] GC(82) Metaspace: 17328K(17472K)->17328K(17472K) NonClass: 15529K(15616K)->15529K(15616K) Class: 1799K(1856K)->1799K(1856K)
[40.541s][info][gc             ] GC(82) Pause Full (Allocation Failure) 845M->529M(907M) 965.919ms
[40.541s][info][gc,cpu         ] GC(82) User=1.84s Sys=0.01s Real=0.96s
[40.799s][info][gc,start       ] GC(83) Pause Young (Allocation Failure)
[40.809s][info][gc,heap        ] GC(83) PSYoungGen: 192512K(261632K)->4731K(260608K) Eden: 192512K(192512K)->0K(195584K) From: 0K(69120K)->4731K(65024K)
[40.809s][info][gc,heap        ] GC(83) ParOldGen: 542166K(667648K)->542166K(667648K)
[40.809s][info][gc,metaspace   ] GC(83) Metaspace: 17328K(17472K)->17328K(17472K) NonClass: 15529K(15616K)->15529K(15616K) Class: 1799K(1856K)->1799K(1856K)
[40.809s][info][gc             ] GC(83) Pause Young (Allocation Failure) 717M->534M(906M) 9.395ms
[40.809s][info][gc,cpu         ] GC(83) User=0.01s Sys=0.00s Real=0.01s
[41.140s][info][gc,start       ] GC(84) Pause Young (Allocation Failure)
[41.187s][info][gc,heap        ] GC(84) PSYoungGen: 200315K(260608K)->44220K(240128K) Eden: 195584K(195584K)->0K(195584K) From: 4731K(65024K)->44220K(44544K)
[41.187s][info][gc,heap        ] GC(84) ParOldGen: 542166K(667648K)->542166K(667648K)
[41.187s][info][gc,metaspace   ] GC(84) Metaspace: 17345K(17472K)->17345K(17472K) NonClass: 15545K(15616K)->15545K(15616K) Class: 1800K(1856K)->1800K(1856K)
[41.187s][info][gc             ] GC(84) Pause Young (Allocation Failure) 725M->572M(886M) 46.926ms
[41.187s][info][gc,cpu         ] GC(84) User=0.09s Sys=0.00s Real=0.05s
[41.546s][info][gc,start       ] GC(85) Pause Young (Allocation Failure)
[41.599s][info][gc,heap        ] GC(85) PSYoungGen: 239804K(240128K)->51867K(249856K) Eden: 195584K(195584K)->0K(178176K) From: 44220K(44544K)->51867K(71680K)
[41.599s][info][gc,heap        ] GC(85) ParOldGen: 542166K(667648K)->542166K(667648K)
[41.600s][info][gc,metaspace   ] GC(85) Metaspace: 17375K(17600K)->17375K(17600K) NonClass: 15573K(15744K)->15573K(15744K) Class: 1801K(1856K)->1801K(1856K)
[41.600s][info][gc             ] GC(85) Pause Young (Allocation Failure) 763M->580M(896M) 53.949ms
[41.600s][info][gc,cpu         ] GC(85) User=0.10s Sys=0.00s Real=0.05s
[42.041s][info][gc,start       ] GC(86) Pause Young (Allocation Failure)
[42.117s][info][gc,heap        ] GC(86) PSYoungGen: 230043K(249856K)->70555K(248832K) Eden: 178176K(178176K)->0K(178176K) From: 51867K(71680K)->70555K(70656K)
[42.117s][info][gc,heap        ] GC(86) ParOldGen: 542166K(667648K)->542166K(667648K)
[42.117s][info][gc,metaspace   ] GC(86) Metaspace: 17407K(17600K)->17407K(17600K) NonClass: 15602K(15744K)->15602K(15744K) Class: 1805K(1856K)->1805K(1856K)
[42.117s][info][gc             ] GC(86) Pause Young (Allocation Failure) 754M->598M(895M) 76.161ms
[42.117s][info][gc,cpu         ] GC(86) User=0.15s Sys=0.00s Real=0.08s
[42.393s][info][gc,start       ] GC(87) Pause Young (Allocation Failure)
[42.473s][info][gc,heap        ] GC(87) PSYoungGen: 248731K(248832K)->77676K(217088K) Eden: 178176K(178176K)->0K(132096K) From: 70555K(70656K)->77676K(84992K)
[42.473s][info][gc,heap        ] GC(87) ParOldGen: 542166K(667648K)->542166K(667648K)
[42.473s][info][gc,metaspace   ] GC(87) Metaspace: 17415K(17600K)->17415K(17600K) NonClass: 15610K(15744K)->15610K(15744K) Class: 1805K(1856K)->1805K(1856K)
[42.473s][info][gc             ] GC(87) Pause Young (Allocation Failure) 772M->605M(864M) 80.077ms
[42.473s][info][gc,cpu         ] GC(87) User=0.16s Sys=0.00s Real=0.08s
[42.975s][info][gc,start       ] GC(88) Pause Young (Allocation Failure)
[43.055s][info][gc,heap        ] GC(88) PSYoungGen: 209772K(217088K)->77772K(209920K) Eden: 132096K(132096K)->0K(132096K) From: 77676K(84992K)->77772K(77824K)
[43.055s][info][gc,heap        ] GC(88) ParOldGen: 542166K(667648K)->542166K(667648K)
[43.055s][info][gc,metaspace   ] GC(88) Metaspace: 17444K(17600K)->17444K(17600K) NonClass: 15638K(15744K)->15638K(15744K) Class: 1805K(1856K)->1805K(1856K)
[43.055s][info][gc             ] GC(88) Pause Young (Allocation Failure) 734M->605M(857M) 80.190ms
[43.055s][info][gc,cpu         ] GC(88) User=0.15s Sys=0.00s Real=0.08s
[43.307s][info][gc,start       ] GC(89) Pause Young (Allocation Failure)
[43.405s][info][gc,heap        ] GC(89) PSYoungGen: 209868K(209920K)->91932K(222208K) Eden: 132096K(132096K)->0K(111616K) From: 77772K(77824K)->91932K(110592K)
[43.405s][info][gc,heap        ] GC(89) ParOldGen: 542166K(667648K)->542166K(667648K)
[43.405s][info][gc,metaspace   ] GC(89) Metaspace: 17446K(17600K)->17446K(17600K) NonClass: 15641K(15744K)->15641K(15744K) Class: 1805K(1856K)->1805K(1856K)
[43.405s][info][gc             ] GC(89) Pause Young (Allocation Failure) 734M->619M(869M) 98.438ms
[43.405s][info][gc,cpu         ] GC(89) User=0.19s Sys=0.00s Real=0.10s
[43.645s][info][gc,start       ] GC(90) Pause Young (Allocation Failure)
[43.738s][info][gc,heap        ] GC(90) PSYoungGen: 203548K(222208K)->57424K(222720K) Eden: 111616K(111616K)->0K(111616K) From: 91932K(110592K)->57424K(111104K)
[43.739s][info][gc,heap        ] GC(90) ParOldGen: 542166K(667648K)->580170K(667648K)
[43.739s][info][gc,metaspace   ] GC(90) Metaspace: 17447K(17600K)->17447K(17600K) NonClass: 15642K(15744K)->15642K(15744K) Class: 1805K(1856K)->1805K(1856K)
[43.739s][info][gc             ] GC(90) Pause Young (Allocation Failure) 728M->622M(869M) 93.342ms
[43.739s][info][gc,cpu         ] GC(90) User=0.19s Sys=0.00s Real=0.09s
[43.912s][info][gc,start       ] GC(91) Pause Young (Allocation Failure)
[44.002s][info][gc,heap        ] GC(91) PSYoungGen: 169040K(222720K)->59680K(222720K) Eden: 111616K(111616K)->0K(111616K) From: 57424K(111104K)->59680K(111104K)
[44.002s][info][gc,heap        ] GC(91) ParOldGen: 580170K(667648K)->612802K(667648K)
[44.002s][info][gc,metaspace   ] GC(91) Metaspace: 17447K(17600K)->17447K(17600K) NonClass: 15642K(15744K)->15642K(15744K) Class: 1805K(1856K)->1805K(1856K)
[44.002s][info][gc             ] GC(91) Pause Young (Allocation Failure) 731M->656M(869M) 90.010ms
[44.002s][info][gc,cpu         ] GC(91) User=0.17s Sys=0.00s Real=0.09s
[44.127s][info][gc,start       ] GC(92) Pause Full (Allocation Failure)
[44.127s][info][gc,phases,start] GC(92) Marking Phase
[44.480s][info][gc,phases      ] GC(92) Marking Phase 352.524ms
[44.480s][info][gc,phases,start] GC(92) Summary Phase
[44.480s][info][gc,phases      ] GC(92) Summary Phase 0.028ms
[44.480s][info][gc,phases,start] GC(92) Forward
[44.558s][info][gc,phases      ] GC(92) Forward 77.796ms
[44.558s][info][gc,phases,start] GC(92) Adjust Pointers
[44.812s][info][gc,phases      ] GC(92) Adjust Pointers 254.343ms
[44.812s][info][gc,phases,start] GC(92) Compaction Phase
[44.954s][info][gc,phases      ] GC(92) Compaction Phase 141.409ms
[44.959s][info][gc,phases,start] GC(92) Post Compact
[44.962s][info][gc,phases      ] GC(92) Post Compact 2.361ms
[44.962s][info][gc,heap        ] GC(92) PSYoungGen: 171296K(222720K)->0K(222720K) Eden: 111616K(111616K)->0K(111616K) From: 59680K(111104K)->0K(111104K)
[44.962s][info][gc,heap        ] GC(92) ParOldGen: 612802K(667648K)->490279K(667648K)
[44.962s][info][gc,metaspace   ] GC(92) Metaspace: 17447K(17600K)->17447K(17600K) NonClass: 15642K(15744K)->15642K(15744K) Class: 1805K(1856K)->1805K(1856K)
[44.962s][info][gc             ] GC(92) Pause Full (Allocation Failure) 765M->478M(869M) 834.553ms
[44.962s][info][gc,cpu         ] GC(92) User=1.58s Sys=0.00s Real=0.83s
[45.255s][info][gc,start       ] GC(93) Pause Young (Allocation Failure)
[45.274s][info][gc,heap        ] GC(93) PSYoungGen: 111616K(222720K)->5728K(222720K) Eden: 111616K(111616K)->0K(111616K) From: 0K(111104K)->5728K(111104K)
[45.274s][info][gc,heap        ] GC(93) ParOldGen: 490279K(667648K)->490279K(667648K)
[45.274s][info][gc,metaspace   ] GC(93) Metaspace: 17447K(17600K)->17447K(17600K) NonClass: 15642K(15744K)->15642K(15744K) Class: 1805K(1856K)->1805K(1856K)
[45.274s][info][gc             ] GC(93) Pause Young (Allocation Failure) 587M->484M(869M) 19.276ms
[45.274s][info][gc,cpu         ] GC(93) User=0.04s Sys=0.00s Real=0.02s
[45.514s][info][gc,start       ] GC(94) Pause Young (Allocation Failure)
[45.537s][info][gc,heap        ] GC(94) PSYoungGen: 117344K(222720K)->9280K(222720K) Eden: 111616K(111616K)->0K(111616K) From: 5728K(111104K)->9280K(111104K)
[45.537s][info][gc,heap        ] GC(94) ParOldGen: 490279K(667648K)->490279K(667648K)
[45.537s][info][gc,metaspace   ] GC(94) Metaspace: 17448K(17600K)->17448K(17600K) NonClass: 15643K(15744K)->15643K(15744K) Class: 1805K(1856K)->1805K(1856K)
[45.537s][info][gc             ] GC(94) Pause Young (Allocation Failure) 593M->487M(869M) 22.632ms
[45.537s][info][gc,cpu         ] GC(94) User=0.04s Sys=0.00s Real=0.03s
[45.734s][info][gc,start       ] GC(95) Pause Young (Allocation Failure)
[45.796s][info][gc,heap        ] GC(95) PSYoungGen: 120896K(222720K)->34912K(218624K) Eden: 111616K(111616K)->0K(111616K) From: 9280K(111104K)->34912K(107008K)
[45.796s][info][gc,heap        ] GC(95) ParOldGen: 490279K(667648K)->496023K(667648K)
[45.796s][info][gc,metaspace   ] GC(95) Metaspace: 17448K(17600K)->17448K(17600K) NonClass: 15643K(15744K)->15643K(15744K) Class: 1805K(1856K)->1805K(1856K)
[45.796s][info][gc             ] GC(95) Pause Young (Allocation Failure) 596M->518M(865M) 61.858ms
[45.796s][info][gc,cpu         ] GC(95) User=0.12s Sys=0.00s Real=0.07s
[45.943s][info][gc,start       ] GC(96) Pause Young (Allocation Failure)
[46.013s][info][gc,heap        ] GC(96) PSYoungGen: 146528K(218624K)->54400K(220672K) Eden: 111616K(111616K)->0K(111616K) From: 34912K(107008K)->54400K(109056K)
[46.013s][info][gc,heap        ] GC(96) ParOldGen: 496023K(667648K)->496023K(667648K)
[46.013s][info][gc,metaspace   ] GC(96) Metaspace: 17448K(17600K)->17448K(17600K) NonClass: 15643K(15744K)->15643K(15744K) Class: 1805K(1856K)->1805K(1856K)
[46.013s][info][gc             ] GC(96) Pause Young (Allocation Failure) 627M->537M(867M) 70.262ms
[46.013s][info][gc,cpu         ] GC(96) User=0.14s Sys=0.00s Real=0.07s
[46.150s][info][gc,start       ] GC(97) Pause Young (Allocation Failure)
[46.232s][info][gc,heap        ] GC(97) PSYoungGen: 166016K(220672K)->62528K(223744K) Eden: 111616K(111616K)->0K(115712K) From: 54400K(109056K)->62528K(108032K)
[46.232s][info][gc,heap        ] GC(97) ParOldGen: 496023K(667648K)->496023K(667648K)
[46.232s][info][gc,metaspace   ] GC(97) Metaspace: 17448K(17600K)->17448K(17600K) NonClass: 15643K(15744K)->15643K(15744K) Class: 1805K(1856K)->1805K(1856K)
[46.232s][info][gc             ] GC(97) Pause Young (Allocation Failure) 646M->545M(870M) 82.313ms
[46.232s][info][gc,cpu         ] GC(97) User=0.17s Sys=0.00s Real=0.08s
[46.328s][info][gc,start       ] GC(98) Pause Young (Allocation Failure)
[46.409s][info][gc,heap        ] GC(98) PSYoungGen: 178240K(223744K)->63200K(179200K) Eden: 115712K(115712K)->0K(115712K) From: 62528K(108032K)->63200K(63488K)
[46.409s][info][gc,heap        ] GC(98) ParOldGen: 496023K(667648K)->496023K(667648K)
[46.409s][info][gc,metaspace   ] GC(98) Metaspace: 17448K(17600K)->17448K(17600K) NonClass: 15643K(15744K)->15643K(15744K) Class: 1805K(1856K)->1805K(1856K)
[46.409s][info][gc             ] GC(98) Pause Young (Allocation Failure) 658M->546M(827M) 80.286ms
[46.409s][info][gc,cpu         ] GC(98) User=0.16s Sys=0.00s Real=0.08s
[46.539s][info][gc,start       ] GC(99) Pause Young (Allocation Failure)
[46.628s][info][gc,heap        ] GC(99) PSYoungGen: 178912K(179200K)->63424K(222720K) Eden: 115712K(115712K)->0K(112640K) From: 63200K(63488K)->63424K(110080K)
[46.628s][info][gc,heap        ] GC(99) ParOldGen: 496023K(667648K)->496023K(667648K)
[46.628s][info][gc,metaspace   ] GC(99) Metaspace: 17448K(17600K)->17448K(17600K) NonClass: 15643K(15744K)->15643K(15744K) Class: 1805K(1856K)->1805K(1856K)
[46.628s][info][gc             ] GC(99) Pause Young (Allocation Failure) 659M->546M(869M) 89.330ms
[46.628s][info][gc,cpu         ] GC(99) User=0.17s Sys=0.00s Real=0.09s
[46.766s][info][gc,start       ] GC(100) Pause Young (Allocation Failure)
[46.853s][info][gc,heap        ] GC(100) PSYoungGen: 176064K(222720K)->64256K(223232K) Eden: 112640K(112640K)->0K(112640K) From: 63424K(110080K)->64256K(110592K)
[46.853s][info][gc,heap        ] GC(100) ParOldGen: 496023K(667648K)->499455K(667648K)
[46.853s][info][gc,metaspace   ] GC(100) Metaspace: 17449K(17600K)->17449K(17600K) NonClass: 15644K(15744K)->15644K(15744K) Class: 1805K(1856K)->1805K(1856K)
[46.853s][info][gc             ] GC(100) Pause Young (Allocation Failure) 656M->550M(870M) 86.719ms
[46.853s][info][gc,cpu         ] GC(100) User=0.17s Sys=0.00s Real=0.08s
[47.005s][info][gc,start       ] GC(101) Pause Young (Allocation Failure)
[47.093s][info][gc,heap        ] GC(101) PSYoungGen: 176896K(223232K)->43200K(212992K) Eden: 112640K(112640K)->0K(112640K) From: 64256K(110592K)->43200K(100352K)
[47.093s][info][gc,heap        ] GC(101) ParOldGen: 499455K(667648K)->531023K(667648K)
[47.093s][info][gc,metaspace   ] GC(101) Metaspace: 17449K(17600K)->17449K(17600K) NonClass: 15644K(15744K)->15644K(15744K) Class: 1805K(1856K)->1805K(1856K)
[47.093s][info][gc             ] GC(101) Pause Young (Allocation Failure) 660M->560M(860M) 87.481ms
[47.093s][info][gc,cpu         ] GC(101) User=0.17s Sys=0.00s Real=0.08s
[47.334s][info][gc,start       ] GC(102) Pause Young (Allocation Failure)
[47.403s][info][gc,heap        ] GC(102) PSYoungGen: 155840K(212992K)->43152K(218112K) Eden: 112640K(112640K)->0K(112640K) From: 43200K(100352K)->43152K(105472K)
[47.403s][info][gc,heap        ] GC(102) ParOldGen: 531023K(667648K)->550559K(667648K)
[47.403s][info][gc,metaspace   ] GC(102) Metaspace: 17449K(17600K)->17449K(17600K) NonClass: 15644K(15744K)->15644K(15744K) Class: 1805K(1856K)->1805K(1856K)
[47.403s][info][gc             ] GC(102) Pause Young (Allocation Failure) 670M->579M(865M) 69.338ms
[47.403s][info][gc,cpu         ] GC(102) User=0.13s Sys=0.00s Real=0.07s
[47.591s][info][gc,start       ] GC(103) Pause Young (Allocation Failure)
[47.669s][info][gc,heap        ] GC(103) PSYoungGen: 155792K(218112K)->80944K(216576K) Eden: 112640K(112640K)->0K(116224K) From: 43152K(105472K)->80944K(100352K)
[47.669s][info][gc,heap        ] GC(103) ParOldGen: 550559K(667648K)->550559K(667648K)
[47.669s][info][gc,metaspace   ] GC(103) Metaspace: 17449K(17600K)->17449K(17600K) NonClass: 15644K(15744K)->15644K(15744K) Class: 1805K(1856K)->1805K(1856K)
[47.669s][info][gc             ] GC(103) Pause Young (Allocation Failure) 689M->616M(863M) 78.006ms
[47.669s][info][gc,cpu         ] GC(103) User=0.16s Sys=0.00s Real=0.08s
[47.970s][info][gc,start       ] GC(104) Pause Young (Allocation Failure)
[48.063s][info][gc,heap        ] GC(104) PSYoungGen: 197168K(216576K)->95408K(211968K) Eden: 116224K(116224K)->0K(116224K) From: 80944K(100352K)->95408K(95744K)
[48.063s][info][gc,heap        ] GC(104) ParOldGen: 550559K(667648K)->550559K(667648K)
[48.064s][info][gc,metaspace   ] GC(104) Metaspace: 17450K(17600K)->17450K(17600K) NonClass: 15644K(15744K)->15644K(15744K) Class: 1805K(1856K)->1805K(1856K)
[48.064s][info][gc             ] GC(104) Pause Young (Allocation Failure) 730M->630M(859M) 93.386ms
[48.064s][info][gc,cpu         ] GC(104) User=0.19s Sys=0.00s Real=0.09s
[48.250s][info][gc,start       ] GC(105) Pause Young (Allocation Failure)
[48.343s][info][gc,heap        ] GC(105) PSYoungGen: 211632K(211968K)->88208K(222720K) Eden: 116224K(116224K)->0K(111616K) From: 95408K(95744K)->88208K(111104K)
[48.343s][info][gc,heap        ] GC(105) ParOldGen: 550559K(667648K)->559415K(667648K)
[48.343s][info][gc,metaspace   ] GC(105) Metaspace: 17450K(17600K)->17450K(17600K) NonClass: 15644K(15744K)->15644K(15744K) Class: 1805K(1856K)->1805K(1856K)
[48.343s][info][gc             ] GC(105) Pause Young (Allocation Failure) 744M->632M(869M) 92.999ms
[48.343s][info][gc,cpu         ] GC(105) User=0.18s Sys=0.00s Real=0.09s
[48.556s][info][gc,start       ] GC(106) Pause Young (Allocation Failure)
[48.646s][info][gc,heap        ] GC(106) PSYoungGen: 199824K(222720K)->90336K(222720K) Eden: 111616K(111616K)->0K(111616K) From: 88208K(111104K)->90336K(111104K)
[48.647s][info][gc,heap        ] GC(106) ParOldGen: 559415K(667648K)->563895K(667648K)
[48.647s][info][gc,metaspace   ] GC(106) Metaspace: 17450K(17600K)->17450K(17600K) NonClass: 15644K(15744K)->15644K(15744K) Class: 1805K(1856K)->1805K(1856K)
[48.647s][info][gc             ] GC(106) Pause Young (Allocation Failure) 741M->638M(869M) 90.586ms
[48.647s][info][gc,cpu         ] GC(106) User=0.17s Sys=0.00s Real=0.09s
[48.783s][info][gc,start       ] GC(107) Pause Young (Allocation Failure)
[48.886s][info][gc,heap        ] GC(107) PSYoungGen: 201952K(222720K)->76224K(222720K) Eden: 111616K(111616K)->0K(111616K) From: 90336K(111104K)->76224K(111104K)
[48.886s][info][gc,heap        ] GC(107) ParOldGen: 563895K(667648K)->593824K(667648K)
[48.886s][info][gc,metaspace   ] GC(107) Metaspace: 17450K(17600K)->17450K(17600K) NonClass: 15644K(15744K)->15644K(15744K) Class: 1805K(1856K)->1805K(1856K)
[48.886s][info][gc             ] GC(107) Pause Young (Allocation Failure) 747M->654M(869M) 102.679ms
[48.886s][info][gc,cpu         ] GC(107) User=0.20s Sys=0.00s Real=0.11s
[48.993s][info][gc,start       ] GC(108) Pause Young (Allocation Failure)
[49.069s][info][gc,heap        ] GC(108) PSYoungGen: 187840K(222720K)->24960K(222720K) Eden: 111616K(111616K)->0K(111616K) From: 76224K(111104K)->24960K(111104K)
[49.069s][info][gc,heap        ] GC(108) ParOldGen: 593824K(667648K)->646637K(667648K)
[49.069s][info][gc,metaspace   ] GC(108) Metaspace: 17450K(17600K)->17450K(17600K) NonClass: 15644K(15744K)->15644K(15744K) Class: 1805K(1856K)->1805K(1856K)
[49.069s][info][gc             ] GC(108) Pause Young (Allocation Failure) 763M->655M(869M) 75.613ms
[49.069s][info][gc,cpu         ] GC(108) User=0.15s Sys=0.00s Real=0.08s
[49.221s][info][gc,start       ] GC(109) Pause Full (Allocation Failure)
[49.221s][info][gc,phases,start] GC(109) Marking Phase
[49.582s][info][gc,phases      ] GC(109) Marking Phase 361.504ms
[49.582s][info][gc,phases,start] GC(109) Summary Phase
[49.582s][info][gc,phases      ] GC(109) Summary Phase 0.030ms
[49.582s][info][gc,phases,start] GC(109) Forward
[49.699s][info][gc,phases      ] GC(109) Forward 116.361ms
[49.699s][info][gc,phases,start] GC(109) Adjust Pointers
[49.975s][info][gc,phases      ] GC(109) Adjust Pointers 276.445ms
[49.975s][info][gc,phases,start] GC(109) Compaction Phase
[50.139s][info][gc,phases      ] GC(109) Compaction Phase 163.312ms
[50.149s][info][gc,phases,start] GC(109) Post Compact
[50.151s][info][gc,phases      ] GC(109) Post Compact 2.422ms
[50.151s][info][gc,heap        ] GC(109) PSYoungGen: 136576K(222720K)->0K(222720K) Eden: 111616K(111616K)->0K(111616K) From: 24960K(111104K)->0K(111104K)
[50.151s][info][gc,heap        ] GC(109) ParOldGen: 646637K(667648K)->482050K(667648K)
[50.151s][info][gc,metaspace   ] GC(109) Metaspace: 17450K(17600K)->17450K(17600K) NonClass: 15644K(15744K)->15644K(15744K) Class: 1805K(1856K)->1805K(1856K)
[50.151s][info][gc             ] GC(109) Pause Full (Allocation Failure) 764M->470M(869M) 930.590ms
[50.151s][info][gc,cpu         ] GC(109) User=1.75s Sys=0.00s Real=0.93s
[50.375s][info][gc,start       ] GC(110) Pause Young (Allocation Failure)
[50.395s][info][gc,heap        ] GC(110) PSYoungGen: 111616K(222720K)->15584K(222720K) Eden: 111616K(111616K)->0K(111616K) From: 0K(111104K)->15584K(111104K)
[50.395s][info][gc,heap        ] GC(110) ParOldGen: 482050K(667648K)->482050K(667648K)
[50.395s][info][gc,metaspace   ] GC(110) Metaspace: 17450K(17600K)->17450K(17600K) NonClass: 15644K(15744K)->15644K(15744K) Class: 1805K(1856K)->1805K(1856K)
[50.395s][info][gc             ] GC(110) Pause Young (Allocation Failure) 579M->485M(869M) 19.738ms
[50.395s][info][gc,cpu         ] GC(110) User=0.04s Sys=0.00s Real=0.02s
[50.734s][info][gc,start       ] GC(111) Pause Young (Allocation Failure)
[50.751s][info][gc,heap        ] GC(111) PSYoungGen: 127200K(222720K)->15616K(222720K) Eden: 111616K(111616K)->0K(111616K) From: 15584K(111104K)->15616K(111104K)
[50.751s][info][gc,heap        ] GC(111) ParOldGen: 482050K(667648K)->482050K(667648K)
[50.751s][info][gc,metaspace   ] GC(111) Metaspace: 17451K(17600K)->17451K(17600K) NonClass: 15646K(15744K)->15646K(15744K) Class: 1805K(1856K)->1805K(1856K)
[50.751s][info][gc             ] GC(111) Pause Young (Allocation Failure) 594M->486M(869M) 17.321ms
[50.751s][info][gc,cpu         ] GC(111) User=0.03s Sys=0.00s Real=0.02s
[51.043s][info][gc,start       ] GC(112) Pause Young (Allocation Failure)
[51.062s][info][gc,heap        ] GC(112) PSYoungGen: 127232K(222720K)->64K(222720K) Eden: 111616K(111616K)->0K(111616K) From: 15616K(111104K)->64K(111104K)
[51.062s][info][gc,heap        ] GC(112) ParOldGen: 482050K(667648K)->497696K(667648K)
[51.062s][info][gc,metaspace   ] GC(112) Metaspace: 17451K(17600K)->17451K(17600K) NonClass: 15646K(15744K)->15646K(15744K) Class: 1805K(1856K)->1805K(1856K)
[51.062s][info][gc             ] GC(112) Pause Young (Allocation Failure) 595M->486M(869M) 18.429ms
[51.062s][info][gc,cpu         ] GC(112) User=0.03s Sys=0.00s Real=0.02s
[51.345s][info][gc,start       ] GC(113) Pause Young (Allocation Failure)
[51.347s][info][gc,heap        ] GC(113) PSYoungGen: 111680K(222720K)->64K(222720K) Eden: 111616K(111616K)->0K(111616K) From: 64K(111104K)->64K(111104K)
[51.347s][info][gc,heap        ] GC(113) ParOldGen: 497696K(667648K)->497712K(667648K)
[51.347s][info][gc,metaspace   ] GC(113) Metaspace: 17451K(17600K)->17451K(17600K) NonClass: 15646K(15744K)->15646K(15744K) Class: 1805K(1856K)->1805K(1856K)
[51.347s][info][gc             ] GC(113) Pause Young (Allocation Failure) 595M->486M(869M) 1.849ms
[51.347s][info][gc,cpu         ] GC(113) User=0.00s Sys=0.00s Real=0.00s
[51.644s][info][gc,start       ] GC(114) Pause Young (Allocation Failure)
[51.652s][info][gc,heap        ] GC(114) PSYoungGen: 111680K(222720K)->96K(222720K) Eden: 111616K(111616K)->0K(111616K) From: 64K(111104K)->96K(111104K)
[51.652s][info][gc,heap        ] GC(114) ParOldGen: 497712K(667648K)->497728K(667648K)
[51.652s][info][gc,metaspace   ] GC(114) Metaspace: 17452K(17600K)->17452K(17600K) NonClass: 15646K(15744K)->15646K(15744K) Class: 1805K(1856K)->1805K(1856K)
[51.652s][info][gc             ] GC(114) Pause Young (Allocation Failure) 595M->486M(869M) 8.186ms
[51.652s][info][gc,cpu         ] GC(114) User=0.02s Sys=0.00s Real=0.01s
[51.794s][info][gc,start       ] GC(115) Pause Young (Allocation Failure)
[51.810s][info][gc,heap        ] GC(115) PSYoungGen: 111712K(222720K)->19232K(222720K) Eden: 111616K(111616K)->0K(111616K) From: 96K(111104K)->19232K(111104K)
[51.810s][info][gc,heap        ] GC(115) ParOldGen: 497728K(667648K)->497824K(667648K)
[51.810s][info][gc,metaspace   ] GC(115) Metaspace: 17452K(17600K)->17452K(17600K) NonClass: 15646K(15744K)->15646K(15744K) Class: 1805K(1856K)->1805K(1856K)
[51.810s][info][gc             ] GC(115) Pause Young (Allocation Failure) 595M->504M(869M) 16.363ms
[51.810s][info][gc,cpu         ] GC(115) User=0.03s Sys=0.00s Real=0.02s
[51.992s][info][gc,start       ] GC(116) Pause Young (Allocation Failure)
[52.042s][info][gc,heap        ] GC(116) PSYoungGen: 130848K(222720K)->38592K(222720K) Eden: 111616K(111616K)->0K(111616K) From: 19232K(111104K)->38592K(111104K)
[52.042s][info][gc,heap        ] GC(116) ParOldGen: 497824K(667648K)->517235K(667648K)
[52.042s][info][gc,metaspace   ] GC(116) Metaspace: 17453K(17600K)->17453K(17600K) NonClass: 15648K(15744K)->15648K(15744K) Class: 1805K(1856K)->1805K(1856K)
[52.042s][info][gc             ] GC(116) Pause Young (Allocation Failure) 613M->542M(869M) 50.214ms
[52.042s][info][gc,cpu         ] GC(116) User=0.10s Sys=0.00s Real=0.05s
[52.335s][info][gc,start       ] GC(117) Pause Young (Allocation Failure)
[52.384s][info][gc,heap        ] GC(117) PSYoungGen: 150208K(222720K)->16320K(218624K) Eden: 111616K(111616K)->0K(111616K) From: 38592K(111104K)->16320K(107008K)
[52.384s][info][gc,heap        ] GC(117) ParOldGen: 517235K(667648K)->556267K(667648K)
[52.384s][info][gc,metaspace   ] GC(117) Metaspace: 17453K(17600K)->17453K(17600K) NonClass: 15648K(15744K)->15648K(15744K) Class: 1805K(1856K)->1805K(1856K)
[52.384s][info][gc             ] GC(117) Pause Young (Allocation Failure) 651M->559M(865M) 49.152ms
[52.384s][info][gc,cpu         ] GC(117) User=0.10s Sys=0.00s Real=0.04s
[52.503s][info][gc,start       ] GC(118) Pause Young (Allocation Failure)
[52.540s][info][gc,heap        ] GC(118) PSYoungGen: 127936K(218624K)->18720K(220672K) Eden: 111616K(111616K)->0K(111616K) From: 16320K(107008K)->18720K(109056K)
[52.540s][info][gc,heap        ] GC(118) ParOldGen: 556267K(667648K)->556267K(667648K)
[52.540s][info][gc,metaspace   ] GC(118) Metaspace: 17455K(17600K)->17455K(17600K) NonClass: 15649K(15744K)->15649K(15744K) Class: 1805K(1856K)->1805K(1856K)
[52.540s][info][gc             ] GC(118) Pause Young (Allocation Failure) 668M->561M(867M) 37.002ms
[52.540s][info][gc,cpu         ] GC(118) User=0.06s Sys=0.00s Real=0.04s
[52.760s][info][gc,start       ] GC(119) Pause Young (Allocation Failure)
[52.815s][info][gc,heap        ] GC(119) PSYoungGen: 130336K(220672K)->44329K(220160K) Eden: 111616K(111616K)->0K(119808K) From: 18720K(109056K)->44329K(100352K)
[52.815s][info][gc,heap        ] GC(119) ParOldGen: 556267K(667648K)->556267K(667648K)
[52.815s][info][gc,metaspace   ] GC(119) Metaspace: 17462K(17600K)->17462K(17600K) NonClass: 15656K(15744K)->15656K(15744K) Class: 1805K(1856K)->1805K(1856K)
[52.815s][info][gc             ] GC(119) Pause Young (Allocation Failure) 670M->586M(867M) 54.930ms
[52.815s][info][gc,cpu         ] GC(119) User=0.11s Sys=0.00s Real=0.06s
[52.886s][info][gc,start       ] GC(120) Pause Young (Allocation Failure)
[52.968s][info][gc,heap        ] GC(120) PSYoungGen: 164137K(220160K)->87225K(221184K) Eden: 119808K(119808K)->0K(119808K) From: 44329K(100352K)->87225K(101376K)
[52.968s][info][gc,heap        ] GC(120) ParOldGen: 556267K(667648K)->556267K(667648K)
[52.968s][info][gc,metaspace   ] GC(120) Metaspace: 17468K(17600K)->17468K(17600K) NonClass: 15662K(15744K)->15662K(15744K) Class: 1805K(1856K)->1805K(1856K)
[52.968s][info][gc             ] GC(120) Pause Young (Allocation Failure) 703M->628M(868M) 82.791ms
[52.968s][info][gc,cpu         ] GC(120) User=0.16s Sys=0.00s Real=0.08s
[53.178s][info][gc,start       ] GC(121) Pause Young (Allocation Failure)
[53.274s][info][gc,heap        ] GC(121) PSYoungGen: 207033K(221184K)->92297K(222720K) Eden: 119808K(119808K)->0K(111616K) From: 87225K(101376K)->92297K(111104K)
[53.274s][info][gc,heap        ] GC(121) ParOldGen: 556267K(667648K)->575083K(667648K)
[53.274s][info][gc,metaspace   ] GC(121) Metaspace: 17472K(17600K)->17472K(17600K) NonClass: 15666K(15744K)->15666K(15744K) Class: 1805K(1856K)->1805K(1856K)
[53.274s][info][gc             ] GC(121) Pause Young (Allocation Failure) 745M->651M(869M) 96.150ms
[53.274s][info][gc,cpu         ] GC(121) User=0.20s Sys=0.00s Real=0.09s
[53.363s][info][gc,start       ] GC(122) Pause Young (Allocation Failure)
[53.443s][info][gc,heap        ] GC(122) PSYoungGen: 203913K(222720K)->26016K(222720K) Eden: 111616K(111616K)->0K(111616K) From: 92297K(111104K)->26016K(111104K)
[53.443s][info][gc,heap        ] GC(122) ParOldGen: 575083K(667648K)->644285K(667648K)
[53.443s][info][gc,metaspace   ] GC(122) Metaspace: 17472K(17600K)->17472K(17600K) NonClass: 15667K(15744K)->15667K(15744K) Class: 1805K(1856K)->1805K(1856K)
[53.443s][info][gc             ] GC(122) Pause Young (Allocation Failure) 760M->654M(869M) 79.586ms
[53.443s][info][gc,cpu         ] GC(122) User=0.16s Sys=0.00s Real=0.08s
[53.631s][info][gc,start       ] GC(123) Pause Full (Allocation Failure)
[53.631s][info][gc,phases,start] GC(123) Marking Phase
[54.004s][info][gc,phases      ] GC(123) Marking Phase 372.748ms
[54.004s][info][gc,phases,start] GC(123) Summary Phase
[54.004s][info][gc,phases      ] GC(123) Summary Phase 0.030ms
[54.004s][info][gc,phases,start] GC(123) Forward
[54.126s][info][gc,phases      ] GC(123) Forward 122.745ms
[54.126s][info][gc,phases,start] GC(123) Adjust Pointers
[54.411s][info][gc,phases      ] GC(123) Adjust Pointers 284.754ms
[54.411s][info][gc,phases,start] GC(123) Compaction Phase
[54.557s][info][gc,phases      ] GC(123) Compaction Phase 145.297ms
[54.571s][info][gc,phases,start] GC(123) Post Compact
[54.573s][info][gc,phases      ] GC(123) Post Compact 2.356ms
[54.573s][info][gc,heap        ] GC(123) PSYoungGen: 137632K(222720K)->0K(222720K) Eden: 111616K(111616K)->0K(111616K) From: 26016K(111104K)->0K(111104K)
[54.573s][info][gc,heap        ] GC(123) ParOldGen: 644285K(667648K)->512470K(667648K)
[54.573s][info][gc,metaspace   ] GC(123) Metaspace: 17473K(17600K)->17473K(17600K) NonClass: 15668K(15744K)->15668K(15744K) Class: 1805K(1856K)->1805K(1856K)
[54.573s][info][gc             ] GC(123) Pause Full (Allocation Failure) 763M->500M(869M) 942.283ms
[54.573s][info][gc,cpu         ] GC(123) User=1.77s Sys=0.01s Real=0.94s
[54.725s][info][gc,start       ] GC(124) Pause Young (Allocation Failure)
[54.727s][info][gc,heap        ] GC(124) PSYoungGen: 111616K(222720K)->32K(222720K) Eden: 111616K(111616K)->0K(111616K) From: 0K(111104K)->32K(111104K)
[54.728s][info][gc,heap        ] GC(124) ParOldGen: 512470K(667648K)->512470K(667648K)
[54.728s][info][gc,metaspace   ] GC(124) Metaspace: 17473K(17600K)->17473K(17600K) NonClass: 15668K(15744K)->15668K(15744K) Class: 1805K(1856K)->1805K(1856K)
[54.728s][info][gc             ] GC(124) Pause Young (Allocation Failure) 609M->500M(869M) 2.410ms
[54.728s][info][gc,cpu         ] GC(124) User=0.00s Sys=0.00s Real=0.00s
[54.892s][info][gc,start       ] GC(125) Pause Young (Allocation Failure)
[54.894s][info][gc,heap        ] GC(125) PSYoungGen: 111648K(222720K)->64K(222720K) Eden: 111616K(111616K)->0K(111616K) From: 32K(111104K)->64K(111104K)
[54.894s][info][gc,heap        ] GC(125) ParOldGen: 512470K(667648K)->512486K(667648K)
[54.894s][info][gc,metaspace   ] GC(125) Metaspace: 17473K(17600K)->17473K(17600K) NonClass: 15668K(15744K)->15668K(15744K) Class: 1805K(1856K)->1805K(1856K)
[54.894s][info][gc             ] GC(125) Pause Young (Allocation Failure) 609M->500M(869M) 1.816ms
[54.894s][info][gc,cpu         ] GC(125) User=0.00s Sys=0.00s Real=0.00s
[55.037s][info][gc,start       ] GC(126) Pause Young (Allocation Failure)
[55.039s][info][gc,heap        ] GC(126) PSYoungGen: 111680K(222720K)->64K(222720K) Eden: 111616K(111616K)->0K(111616K) From: 64K(111104K)->64K(111104K)
[55.039s][info][gc,heap        ] GC(126) ParOldGen: 512486K(667648K)->512486K(667648K)
[55.039s][info][gc,metaspace   ] GC(126) Metaspace: 17473K(17600K)->17473K(17600K) NonClass: 15668K(15744K)->15668K(15744K) Class: 1805K(1856K)->1805K(1856K)
[55.039s][info][gc             ] GC(126) Pause Young (Allocation Failure) 609M->500M(869M) 1.860ms
[55.039s][info][gc,cpu         ] GC(126) User=0.01s Sys=0.00s Real=0.00s
[55.221s][info][gc,start       ] GC(127) Pause Young (Allocation Failure)
[55.224s][info][gc,heap        ] GC(127) PSYoungGen: 111680K(222720K)->32K(222720K) Eden: 111616K(111616K)->0K(111616K) From: 64K(111104K)->32K(111104K)
[55.224s][info][gc,heap        ] GC(127) ParOldGen: 512486K(667648K)->512486K(667648K)
[55.224s][info][gc,metaspace   ] GC(127) Metaspace: 17473K(17600K)->17473K(17600K) NonClass: 15668K(15744K)->15668K(15744K) Class: 1805K(1856K)->1805K(1856K)
[55.224s][info][gc             ] GC(127) Pause Young (Allocation Failure) 609M->500M(869M) 2.761ms
[55.224s][info][gc,cpu         ] GC(127) User=0.00s Sys=0.00s Real=0.00s
[55.415s][info][gc,start       ] GC(128) Pause Young (Allocation Failure)
[55.417s][info][gc,heap        ] GC(128) PSYoungGen: 111648K(222720K)->64K(112128K) Eden: 111616K(111616K)->0K(111616K) From: 32K(111104K)->64K(512K)
[55.417s][info][gc,heap        ] GC(128) ParOldGen: 512486K(667648K)->512486K(667648K)
[55.417s][info][gc,metaspace   ] GC(128) Metaspace: 17473K(17600K)->17473K(17600K) NonClass: 15668K(15744K)->15668K(15744K) Class: 1805K(1856K)->1805K(1856K)
[55.417s][info][gc             ] GC(128) Pause Young (Allocation Failure) 609M->500M(761M) 1.879ms
[55.417s][info][gc,cpu         ] GC(128) User=0.01s Sys=0.00s Real=0.00s
[55.558s][info][gc,start       ] GC(129) Pause Young (Allocation Failure)
[55.560s][info][gc,heap        ] GC(129) PSYoungGen: 111680K(112128K)->64K(221696K) Eden: 111616K(111616K)->0K(115712K) From: 64K(512K)->64K(105984K)
[55.560s][info][gc,heap        ] GC(129) ParOldGen: 512486K(667648K)->512486K(667648K)
[55.560s][info][gc,metaspace   ] GC(129) Metaspace: 17473K(17600K)->17473K(17600K) NonClass: 15668K(15744K)->15668K(15744K) Class: 1805K(1856K)->1805K(1856K)
[55.560s][info][gc             ] GC(129) Pause Young (Allocation Failure) 609M->500M(868M) 1.856ms
[55.560s][info][gc,cpu         ] GC(129) User=0.00s Sys=0.00s Real=0.00s
[55.708s][info][gc,start       ] GC(130) Pause Young (Allocation Failure)
[55.710s][info][gc,heap        ] GC(130) PSYoungGen: 115776K(221696K)->64K(116224K) Eden: 115712K(115712K)->0K(115712K) From: 64K(105984K)->64K(512K)
[55.710s][info][gc,heap        ] GC(130) ParOldGen: 512486K(667648K)->512486K(667648K)
[55.710s][info][gc,metaspace   ] GC(130) Metaspace: 17473K(17600K)->17473K(17600K) NonClass: 15668K(15744K)->15668K(15744K) Class: 1805K(1856K)->1805K(1856K)
[55.710s][info][gc             ] GC(130) Pause Young (Allocation Failure) 613M->500M(765M) 1.982ms
[55.710s][info][gc,cpu         ] GC(130) User=0.00s Sys=0.00s Real=0.00s
[55.857s][info][gc,start       ] GC(131) Pause Young (Allocation Failure)
[55.859s][info][gc,heap        ] GC(131) PSYoungGen: 115776K(116224K)->64K(209408K) Eden: 115712K(115712K)->0K(118784K) From: 64K(512K)->64K(90624K)
[55.860s][info][gc,heap        ] GC(131) ParOldGen: 512486K(667648K)->512486K(667648K)
[55.860s][info][gc,metaspace   ] GC(131) Metaspace: 17473K(17600K)->17473K(17600K) NonClass: 15668K(15744K)->15668K(15744K) Class: 1805K(1856K)->1805K(1856K)
[55.860s][info][gc             ] GC(131) Pause Young (Allocation Failure) 613M->500M(856M) 2.540ms
[55.860s][info][gc,cpu         ] GC(131) User=0.00s Sys=0.00s Real=0.00s
[56.017s][info][gc,start       ] GC(132) Pause Young (Allocation Failure)
[56.020s][info][gc,heap        ] GC(132) PSYoungGen: 118848K(209408K)->64K(119296K) Eden: 118784K(118784K)->0K(118784K) From: 64K(90624K)->64K(512K)
[56.020s][info][gc,heap        ] GC(132) ParOldGen: 512486K(667648K)->512486K(667648K)
[56.020s][info][gc,metaspace   ] GC(132) Metaspace: 17475K(17600K)->17475K(17600K) NonClass: 15669K(15744K)->15669K(15744K) Class: 1805K(1856K)->1805K(1856K)
[56.020s][info][gc             ] GC(132) Pause Young (Allocation Failure) 616M->500M(768M) 2.375ms
[56.020s][info][gc,cpu         ] GC(132) User=0.00s Sys=0.00s Real=0.00s
[56.170s][info][gc,start       ] GC(133) Pause Young (Allocation Failure)
[56.172s][info][gc,heap        ] GC(133) PSYoungGen: 118848K(119296K)->64K(203776K) Eden: 118784K(118784K)->0K(121344K) From: 64K(512K)->64K(82432K)
[56.172s][info][gc,heap        ] GC(133) ParOldGen: 512486K(667648K)->512486K(667648K)
[56.172s][info][gc,metaspace   ] GC(133) Metaspace: 17475K(17600K)->17475K(17600K) NonClass: 15669K(15744K)->15669K(15744K) Class: 1805K(1856K)->1805K(1856K)
[56.172s][info][gc             ] GC(133) Pause Young (Allocation Failure) 616M->500M(851M) 2.510ms
[56.172s][info][gc,cpu         ] GC(133) User=0.00s Sys=0.00s Real=0.00s
[56.326s][info][gc,start       ] GC(134) Pause Young (Allocation Failure)
[56.329s][info][gc,heap        ] GC(134) PSYoungGen: 121408K(203776K)->64K(121856K) Eden: 121344K(121344K)->0K(121344K) From: 64K(82432K)->64K(512K)
[56.329s][info][gc,heap        ] GC(134) ParOldGen: 512486K(667648K)->512486K(667648K)
[56.329s][info][gc,metaspace   ] GC(134) Metaspace: 17475K(17600K)->17475K(17600K) NonClass: 15669K(15744K)->15669K(15744K) Class: 1805K(1856K)->1805K(1856K)
[56.329s][info][gc             ] GC(134) Pause Young (Allocation Failure) 619M->500M(771M) 2.592ms
[56.329s][info][gc,cpu         ] GC(134) User=0.00s Sys=0.00s Real=0.00s
[56.459s][info][gc,start       ] GC(135) Pause Young (Allocation Failure)
[56.477s][info][gc,heap        ] GC(135) PSYoungGen: 121408K(121856K)->12768K(194560K) Eden: 121344K(121344K)->0K(124928K) From: 64K(512K)->12768K(69632K)
[56.477s][info][gc,heap        ] GC(135) ParOldGen: 512486K(667648K)->512486K(667648K)
[56.477s][info][gc,metaspace   ] GC(135) Metaspace: 17475K(17600K)->17475K(17600K) NonClass: 15669K(15744K)->15669K(15744K) Class: 1805K(1856K)->1805K(1856K)
[56.477s][info][gc             ] GC(135) Pause Young (Allocation Failure) 619M->512M(842M) 17.747ms
[56.477s][info][gc,cpu         ] GC(135) User=0.03s Sys=0.01s Real=0.02s
[56.587s][info][gc,start       ] GC(136) Pause Young (Allocation Failure)
[56.623s][info][gc,heap        ] GC(136) PSYoungGen: 137696K(194560K)->33664K(200192K) Eden: 124928K(124928K)->0K(124928K) From: 12768K(69632K)->33664K(75264K)
[56.624s][info][gc,heap        ] GC(136) ParOldGen: 512486K(667648K)->512486K(667648K)
[56.624s][info][gc,metaspace   ] GC(136) Metaspace: 17475K(17600K)->17475K(17600K) NonClass: 15670K(15744K)->15670K(15744K) Class: 1805K(1856K)->1805K(1856K)
[56.624s][info][gc             ] GC(136) Pause Young (Allocation Failure) 634M->533M(847M) 36.601ms
[56.624s][info][gc,cpu         ] GC(136) User=0.07s Sys=0.00s Real=0.03s
[56.720s][info][gc,start       ] GC(137) Pause Young (Allocation Failure)
[56.778s][info][gc,heap        ] GC(137) PSYoungGen: 158592K(200192K)->53376K(200192K) Eden: 124928K(124928K)->0K(123392K) From: 33664K(75264K)->53376K(76800K)
[56.778s][info][gc,heap        ] GC(137) ParOldGen: 512486K(667648K)->512486K(667648K)
[56.778s][info][gc,metaspace   ] GC(137) Metaspace: 17475K(17600K)->17475K(17600K) NonClass: 15670K(15744K)->15670K(15744K) Class: 1805K(1856K)->1805K(1856K)
[56.778s][info][gc             ] GC(137) Pause Young (Allocation Failure) 655M->552M(847M) 57.845ms
[56.778s][info][gc,cpu         ] GC(137) User=0.12s Sys=0.00s Real=0.06s
[56.847s][info][gc,start       ] GC(138) Pause Young (Allocation Failure)
[56.913s][info][gc,heap        ] GC(138) PSYoungGen: 176768K(200192K)->61760K(208384K) Eden: 123392K(123392K)->0K(123392K) From: 53376K(76800K)->61760K(84992K)
[56.913s][info][gc,heap        ] GC(138) ParOldGen: 512486K(667648K)->512486K(667648K)
[56.913s][info][gc,metaspace   ] GC(138) Metaspace: 17475K(17600K)->17475K(17600K) NonClass: 15670K(15744K)->15670K(15744K) Class: 1805K(1856K)->1805K(1856K)
[56.913s][info][gc             ] GC(138) Pause Young (Allocation Failure) 673M->560M(855M) 65.955ms
[56.913s][info][gc,cpu         ] GC(138) User=0.13s Sys=0.00s Real=0.06s
[57.016s][info][gc,start       ] GC(139) Pause Young (Allocation Failure)
[57.112s][info][gc,heap        ] GC(139) PSYoungGen: 185152K(208384K)->76192K(215040K) Eden: 123392K(123392K)->0K(120832K) From: 61760K(84992K)->76192K(94208K)
[57.112s][info][gc,heap        ] GC(139) ParOldGen: 512486K(667648K)->512486K(667648K)
[57.112s][info][gc,metaspace   ] GC(139) Metaspace: 17475K(17600K)->17475K(17600K) NonClass: 15670K(15744K)->15670K(15744K) Class: 1805K(1856K)->1805K(1856K)
[57.112s][info][gc             ] GC(139) Pause Young (Allocation Failure) 681M->574M(862M) 95.561ms
[57.112s][info][gc,cpu         ] GC(139) User=0.16s Sys=0.03s Real=0.09s
[57.171s][info][gc,start       ] GC(140) Pause Young (Allocation Failure)
[57.254s][info][gc,heap        ] GC(140) PSYoungGen: 197024K(215040K)->77152K(198144K) Eden: 120832K(120832K)->0K(120832K) From: 76192K(94208K)->77152K(77312K)
[57.254s][info][gc,heap        ] GC(140) ParOldGen: 512486K(667648K)->512486K(667648K)
[57.254s][info][gc,metaspace   ] GC(140) Metaspace: 17475K(17600K)->17475K(17600K) NonClass: 15670K(15744K)->15670K(15744K) Class: 1805K(1856K)->1805K(1856K)
[57.254s][info][gc             ] GC(140) Pause Young (Allocation Failure) 692M->575M(845M) 82.409ms
[57.254s][info][gc,cpu         ] GC(140) User=0.17s Sys=0.00s Real=0.08s
[57.344s][info][gc,start       ] GC(141) Pause Young (Allocation Failure)
[57.434s][info][gc,heap        ] GC(141) PSYoungGen: 197984K(198144K)->82016K(222720K) Eden: 120832K(120832K)->0K(111616K) From: 77152K(77312K)->82016K(111104K)
[57.434s][info][gc,heap        ] GC(141) ParOldGen: 512486K(667648K)->512486K(667648K)
[57.434s][info][gc,metaspace   ] GC(141) Metaspace: 17478K(17600K)->17478K(17600K) NonClass: 15672K(15744K)->15672K(15744K) Class: 1805K(1856K)->1805K(1856K)
[57.434s][info][gc             ] GC(141) Pause Young (Allocation Failure) 693M->580M(869M) 90.477ms
[57.434s][info][gc,cpu         ] GC(141) User=0.18s Sys=0.00s Real=0.09s
[57.511s][info][gc,start       ] GC(142) Pause Young (Allocation Failure)
[57.598s][info][gc,heap        ] GC(142) PSYoungGen: 193632K(222720K)->82176K(222720K) Eden: 111616K(111616K)->0K(111616K) From: 82016K(111104K)->82176K(111104K)
[57.598s][info][gc,heap        ] GC(142) ParOldGen: 512486K(667648K)->512486K(667648K)
[57.598s][info][gc,metaspace   ] GC(142) Metaspace: 17478K(17600K)->17478K(17600K) NonClass: 15672K(15744K)->15672K(15744K) Class: 1805K(1856K)->1805K(1856K)
[57.598s][info][gc             ] GC(142) Pause Young (Allocation Failure) 689M->580M(869M) 86.662ms
[57.598s][info][gc,cpu         ] GC(142) User=0.17s Sys=0.00s Real=0.09s
[57.703s][info][gc,start       ] GC(143) Pause Young (Allocation Failure)
[57.794s][info][gc,heap        ] GC(143) PSYoungGen: 193792K(222720K)->86816K(222720K) Eden: 111616K(111616K)->0K(111616K) From: 82176K(111104K)->86816K(111104K)
[57.794s][info][gc,heap        ] GC(143) ParOldGen: 512486K(667648K)->512486K(667648K)
[57.794s][info][gc,metaspace   ] GC(143) Metaspace: 17497K(17728K)->17497K(17728K) NonClass: 15692K(15872K)->15692K(15872K) Class: 1805K(1856K)->1805K(1856K)
[57.795s][info][gc             ] GC(143) Pause Young (Allocation Failure) 689M->585M(869M) 91.144ms
[57.795s][info][gc,cpu         ] GC(143) User=0.18s Sys=0.01s Real=0.09s
[57.878s][info][gc,start       ] GC(144) Pause Young (Allocation Failure)
[57.977s][info][gc,heap        ] GC(144) PSYoungGen: 198432K(222720K)->61504K(222720K) Eden: 111616K(111616K)->0K(111616K) From: 86816K(111104K)->61504K(111104K)
[57.977s][info][gc,heap        ] GC(144) ParOldGen: 512486K(667648K)->546254K(667648K)
[57.977s][info][gc,metaspace   ] GC(144) Metaspace: 17497K(17728K)->17497K(17728K) NonClass: 15692K(15872K)->15692K(15872K) Class: 1805K(1856K)->1805K(1856K)
[57.978s][info][gc             ] GC(144) Pause Young (Allocation Failure) 694M->593M(869M) 99.901ms
[57.978s][info][gc,cpu         ] GC(144) User=0.20s Sys=0.00s Real=0.10s
[58.066s][info][gc,start       ] GC(145) Pause Young (Allocation Failure)
[58.149s][info][gc,heap        ] GC(145) PSYoungGen: 173120K(222720K)->49872K(222720K) Eden: 111616K(111616K)->0K(111616K) From: 61504K(111104K)->49872K(111104K)
[58.149s][info][gc,heap        ] GC(145) ParOldGen: 546254K(667648K)->574430K(667648K)
[58.149s][info][gc,metaspace   ] GC(145) Metaspace: 17497K(17728K)->17497K(17728K) NonClass: 15692K(15872K)->15692K(15872K) Class: 1805K(1856K)->1805K(1856K)
[58.149s][info][gc             ] GC(145) Pause Young (Allocation Failure) 702M->609M(869M) 82.867ms
[58.149s][info][gc,cpu         ] GC(145) User=0.17s Sys=0.00s Real=0.08s
[58.289s][info][gc,start       ] GC(146) Pause Young (Allocation Failure)
[58.360s][info][gc,heap        ] GC(146) PSYoungGen: 161488K(222720K)->49376K(222720K) Eden: 111616K(111616K)->0K(111616K) From: 49872K(111104K)->49376K(111104K)
[58.360s][info][gc,heap        ] GC(146) ParOldGen: 574430K(667648K)->589886K(667648K)
[58.360s][info][gc,metaspace   ] GC(146) Metaspace: 17497K(17728K)->17497K(17728K) NonClass: 15692K(15872K)->15692K(15872K) Class: 1805K(1856K)->1805K(1856K)
[58.360s][info][gc             ] GC(146) Pause Young (Allocation Failure) 718M->624M(869M) 70.502ms
[58.360s][info][gc,cpu         ] GC(146) User=0.14s Sys=0.00s Real=0.07s
[58.659s][info][gc,start       ] GC(147) Pause Young (Allocation Failure)
[58.723s][info][gc,heap        ] GC(147) PSYoungGen: 160992K(222720K)->53936K(222720K) Eden: 111616K(111616K)->0K(111616K) From: 49376K(111104K)->53936K(111104K)
[58.723s][info][gc,heap        ] GC(147) ParOldGen: 589886K(667648K)->594942K(667648K)
[58.723s][info][gc,metaspace   ] GC(147) Metaspace: 17499K(17728K)->17499K(17728K) NonClass: 15693K(15872K)->15693K(15872K) Class: 1805K(1856K)->1805K(1856K)
[58.723s][info][gc             ] GC(147) Pause Young (Allocation Failure) 733M->633M(869M) 64.689ms
[58.723s][info][gc,cpu         ] GC(147) User=0.13s Sys=0.00s Real=0.06s
[59.169s][info][gc,start       ] GC(148) Pause Young (Allocation Failure)
[59.227s][info][gc,heap        ] GC(148) PSYoungGen: 165552K(222720K)->41168K(153088K) Eden: 111616K(111616K)->0K(111616K) From: 53936K(111104K)->41168K(41472K)
[59.227s][info][gc,heap        ] GC(148) ParOldGen: 594942K(667648K)->607958K(667648K)
[59.227s][info][gc,metaspace   ] GC(148) Metaspace: 17504K(17728K)->17504K(17728K) NonClass: 15698K(15872K)->15698K(15872K) Class: 1805K(1856K)->1805K(1856K)
[59.227s][info][gc             ] GC(148) Pause Young (Allocation Failure) 742M->633M(801M) 57.776ms
[59.227s][info][gc,cpu         ] GC(148) User=0.12s Sys=0.00s Real=0.06s
[59.637s][info][gc,start       ] GC(149) Pause Young (Allocation Failure)
[59.682s][info][gc,heap        ] GC(149) PSYoungGen: 152784K(153088K)->24704K(224768K) Eden: 111616K(111616K)->0K(114176K) From: 41168K(41472K)->24704K(110592K)
[59.683s][info][gc,heap        ] GC(149) ParOldGen: 607958K(667648K)->624463K(667648K)
[59.683s][info][gc,metaspace   ] GC(149) Metaspace: 17504K(17728K)->17504K(17728K) NonClass: 15698K(15872K)->15698K(15872K) Class: 1805K(1856K)->1805K(1856K)
[59.683s][info][gc             ] GC(149) Pause Young (Allocation Failure) 742M->633M(871M) 45.154ms
[59.683s][info][gc,cpu         ] GC(149) User=0.08s Sys=0.00s Real=0.04s
[59.988s][info][gc,start       ] GC(150) Pause Full (Allocation Failure)
[59.988s][info][gc,phases,start] GC(150) Marking Phase
[60.492s][info][gc,phases      ] GC(150) Marking Phase 504.326ms
[60.493s][info][gc,phases,start] GC(150) Summary Phase
[60.493s][info][gc,phases      ] GC(150) Summary Phase 0.027ms
[60.493s][info][gc,phases,start] GC(150) Forward
[60.519s][info][gc,phases      ] GC(150) Forward 26.565ms
[60.519s][info][gc,phases,start] GC(150) Adjust Pointers
[60.860s][info][gc,phases      ] GC(150) Adjust Pointers 340.832ms
[60.860s][info][gc,phases,start] GC(150) Compaction Phase
[61.014s][info][gc,phases      ] GC(150) Compaction Phase 154.173ms
[61.014s][info][gc,phases,start] GC(150) Post Compact
[61.017s][info][gc,phases      ] GC(150) Post Compact 2.356ms
[61.017s][info][gc,heap        ] GC(150) PSYoungGen: 138880K(224768K)->0K(222208K) Eden: 114176K(114176K)->0K(114176K) From: 24704K(110592K)->0K(108032K)
[61.017s][info][gc,heap        ] GC(150) ParOldGen: 624463K(667648K)->648664K(667648K)
[61.017s][info][gc,metaspace   ] GC(150) Metaspace: 17504K(17728K)->17504K(17728K) NonClass: 15698K(15872K)->15698K(15872K) Class: 1805K(1856K)->1805K(1856K)
[61.017s][info][gc             ] GC(150) Pause Full (Allocation Failure) 745M->633M(869M) 1028.840ms
[61.017s][info][gc,cpu         ] GC(150) User=2.02s Sys=0.00s Real=1.03s
[61.321s][info][gc,start       ] GC(151) Pause Full (Allocation Failure)
[61.321s][info][gc,phases,start] GC(151) Marking Phase
[61.808s][info][gc,phases      ] GC(151) Marking Phase 486.837ms
[61.808s][info][gc,phases,start] GC(151) Summary Phase
[61.808s][info][gc,phases      ] GC(151) Summary Phase 0.026ms
[61.808s][info][gc,phases,start] GC(151) Forward
[61.809s][info][gc,phases      ] GC(151) Forward 0.458ms
[61.809s][info][gc,phases,start] GC(151) Adjust Pointers
[62.144s][info][gc,phases      ] GC(151) Adjust Pointers 335.684ms
[62.145s][info][gc,phases,start] GC(151) Compaction Phase
[62.281s][info][gc,phases      ] GC(151) Compaction Phase 136.537ms
[62.281s][info][gc,phases,start] GC(151) Post Compact
[62.283s][info][gc,phases      ] GC(151) Post Compact 2.276ms
[62.284s][info][gc,heap        ] GC(151) PSYoungGen: 114176K(222208K)->0K(223232K) Eden: 114176K(114176K)->0K(115200K) From: 0K(108032K)->0K(108032K)
[62.284s][info][gc,heap        ] GC(151) ParOldGen: 648664K(667648K)->648668K(667648K)
[62.284s][info][gc,metaspace   ] GC(151) Metaspace: 17504K(17728K)->17504K(17728K) NonClass: 15698K(15872K)->15698K(15872K) Class: 1805K(1856K)->1805K(1856K)
[62.284s][info][gc             ] GC(151) Pause Full (Allocation Failure) 744M->633M(870M) 962.387ms
[62.284s][info][gc,cpu         ] GC(151) User=1.89s Sys=0.00s Real=0.96s
[62.568s][info][gc,start       ] GC(152) Pause Full (Allocation Failure)
[62.568s][info][gc,phases,start] GC(152) Marking Phase
[63.061s][info][gc,phases      ] GC(152) Marking Phase 492.938ms
[63.061s][info][gc,phases,start] GC(152) Summary Phase
[63.061s][info][gc,phases      ] GC(152) Summary Phase 0.027ms
[63.061s][info][gc,phases,start] GC(152) Forward
[63.061s][info][gc,phases      ] GC(152) Forward 0.434ms
[63.061s][info][gc,phases,start] GC(152) Adjust Pointers
[63.385s][info][gc,phases      ] GC(152) Adjust Pointers 323.420ms
[63.385s][info][gc,phases,start] GC(152) Compaction Phase
[63.521s][info][gc,phases      ] GC(152) Compaction Phase 136.439ms
[63.521s][info][gc,phases,start] GC(152) Post Compact
[63.523s][info][gc,phases      ] GC(152) Post Compact 2.273ms
[63.523s][info][gc,heap        ] GC(152) PSYoungGen: 115200K(223232K)->0K(223232K) Eden: 115200K(115200K)->0K(115200K) From: 0K(108032K)->0K(108032K)
[63.524s][info][gc,heap        ] GC(152) ParOldGen: 648668K(667648K)->648670K(667648K)
[63.524s][info][gc,metaspace   ] GC(152) Metaspace: 17504K(17728K)->17504K(17728K) NonClass: 15698K(15872K)->15698K(15872K) Class: 1805K(1856K)->1805K(1856K)
[63.524s][info][gc             ] GC(152) Pause Full (Allocation Failure) 745M->633M(870M) 956.039ms
[63.524s][info][gc,cpu         ] GC(152) User=1.87s Sys=0.00s Real=0.95s
[63.828s][info][gc,start       ] GC(153) Pause Full (Allocation Failure)
[63.828s][info][gc,phases,start] GC(153) Marking Phase
[64.319s][info][gc,phases      ] GC(153) Marking Phase 491.436ms
[64.319s][info][gc,phases,start] GC(153) Summary Phase
[64.319s][info][gc,phases      ] GC(153) Summary Phase 0.032ms
[64.319s][info][gc,phases,start] GC(153) Forward
[64.320s][info][gc,phases      ] GC(153) Forward 0.672ms
[64.320s][info][gc,phases,start] GC(153) Adjust Pointers
[64.643s][info][gc,phases      ] GC(153) Adjust Pointers 322.909ms
[64.643s][info][gc,phases,start] GC(153) Compaction Phase
[64.780s][info][gc,phases      ] GC(153) Compaction Phase 136.528ms
[64.780s][info][gc,phases,start] GC(153) Post Compact
[64.782s][info][gc,phases      ] GC(153) Post Compact 2.255ms
[64.782s][info][gc,heap        ] GC(153) PSYoungGen: 115200K(223232K)->0K(225792K) Eden: 115200K(115200K)->0K(117760K) From: 0K(108032K)->0K(108032K)
[64.782s][info][gc,heap        ] GC(153) ParOldGen: 648670K(667648K)->648673K(667648K)
[64.782s][info][gc,metaspace   ] GC(153) Metaspace: 17507K(17728K)->17507K(17728K) NonClass: 15701K(15872K)->15701K(15872K) Class: 1805K(1856K)->1805K(1856K)
[64.782s][info][gc             ] GC(153) Pause Full (Allocation Failure) 745M->633M(872M) 954.365ms
[64.782s][info][gc,cpu         ] GC(153) User=1.87s Sys=0.00s Real=0.95s
[65.051s][info][gc,start       ] GC(154) Pause Full (Allocation Failure)
[65.051s][info][gc,phases,start] GC(154) Marking Phase
[65.559s][info][gc,phases      ] GC(154) Marking Phase 507.300ms
[65.559s][info][gc,phases,start] GC(154) Summary Phase
[65.559s][info][gc,phases      ] GC(154) Summary Phase 0.029ms
[65.559s][info][gc,phases,start] GC(154) Forward
[65.559s][info][gc,phases      ] GC(154) Forward 0.420ms
[65.559s][info][gc,phases,start] GC(154) Adjust Pointers
[65.883s][info][gc,phases      ] GC(154) Adjust Pointers 323.451ms
[65.883s][info][gc,phases,start] GC(154) Compaction Phase
[66.024s][info][gc,phases      ] GC(154) Compaction Phase 140.953ms
[66.024s][info][gc,phases,start] GC(154) Post Compact
[66.026s][info][gc,phases      ] GC(154) Post Compact 2.250ms
[66.026s][info][gc,heap        ] GC(154) PSYoungGen: 117760K(225792K)->0K(225792K) Eden: 117760K(117760K)->0K(117760K) From: 0K(108032K)->0K(108032K)
[66.026s][info][gc,heap        ] GC(154) ParOldGen: 648673K(667648K)->648686K(667648K)
[66.026s][info][gc,metaspace   ] GC(154) Metaspace: 17507K(17728K)->17507K(17728K) NonClass: 15701K(15872K)->15701K(15872K) Class: 1805K(1856K)->1805K(1856K)
[66.026s][info][gc             ] GC(154) Pause Full (Allocation Failure) 748M->633M(872M) 974.942ms
[66.026s][info][gc,cpu         ] GC(154) User=1.92s Sys=0.01s Real=0.98s
[66.364s][info][gc,start       ] GC(155) Pause Full (Allocation Failure)
[66.364s][info][gc,phases,start] GC(155) Marking Phase
[66.780s][info][gc,phases      ] GC(155) Marking Phase 416.480ms
[66.780s][info][gc,phases,start] GC(155) Summary Phase
[66.780s][info][gc,phases      ] GC(155) Summary Phase 0.029ms
[66.780s][info][gc,phases,start] GC(155) Forward
[66.871s][info][gc,phases      ] GC(155) Forward 90.936ms
[66.871s][info][gc,phases,start] GC(155) Adjust Pointers
[67.190s][info][gc,phases      ] GC(155) Adjust Pointers 318.664ms
[67.190s][info][gc,phases,start] GC(155) Compaction Phase
[67.359s][info][gc,phases      ] GC(155) Compaction Phase 168.783ms
[67.365s][info][gc,phases,start] GC(155) Post Compact
[67.367s][info][gc,phases      ] GC(155) Post Compact 2.305ms
[67.367s][info][gc,heap        ] GC(155) PSYoungGen: 117760K(225792K)->0K(225792K) Eden: 117760K(117760K)->0K(117760K) From: 0K(108032K)->0K(108032K)
[67.367s][info][gc,heap        ] GC(155) ParOldGen: 648686K(667648K)->553867K(667648K)
[67.367s][info][gc,metaspace   ] GC(155) Metaspace: 17507K(17728K)->17507K(17728K) NonClass: 15702K(15872K)->15702K(15872K) Class: 1805K(1856K)->1805K(1856K)
[67.367s][info][gc             ] GC(155) Pause Full (Allocation Failure) 748M->540M(872M) 1003.296ms
[67.367s][info][gc,cpu         ] GC(155) User=1.92s Sys=0.00s Real=1.01s
[67.716s][info][gc,start       ] GC(156) Pause Young (Allocation Failure)
[67.721s][info][gc,heap        ] GC(156) PSYoungGen: 117760K(225792K)->2528K(120320K) Eden: 117760K(117760K)->0K(117760K) From: 0K(108032K)->2528K(2560K)
[67.721s][info][gc,heap        ] GC(156) ParOldGen: 553867K(667648K)->553867K(667648K)
[67.721s][info][gc,metaspace   ] GC(156) Metaspace: 17509K(17728K)->17509K(17728K) NonClass: 15703K(15872K)->15703K(15872K) Class: 1805K(1856K)->1805K(1856K)
[67.721s][info][gc             ] GC(156) Pause Young (Allocation Failure) 655M->543M(769M) 5.147ms
[67.721s][info][gc,cpu         ] GC(156) User=0.01s Sys=0.00s Real=0.00s
[67.833s][info][gc,start       ] GC(157) Pause Young (Allocation Failure)
[67.863s][info][gc,heap        ] GC(157) PSYoungGen: 120288K(120320K)->36448K(226816K) Eden: 117760K(117760K)->0K(120832K) From: 2528K(2560K)->36448K(105984K)
[67.863s][info][gc,heap        ] GC(157) ParOldGen: 553867K(667648K)->553867K(667648K)
[67.863s][info][gc,metaspace   ] GC(157) Metaspace: 17510K(17728K)->17510K(17728K) NonClass: 15704K(15872K)->15704K(15872K) Class: 1805K(1856K)->1805K(1856K)
[67.863s][info][gc             ] GC(157) Pause Young (Allocation Failure) 658M->576M(873M) 29.782ms
[67.863s][info][gc,cpu         ] GC(157) User=0.06s Sys=0.00s Real=0.03s
[67.968s][info][gc,start       ] GC(158) Pause Young (Allocation Failure)
[68.025s][info][gc,heap        ] GC(158) PSYoungGen: 157280K(226816K)->80048K(201216K) Eden: 120831K(120832K)->0K(120832K) From: 36448K(105984K)->80048K(80384K)
[68.025s][info][gc,heap        ] GC(158) ParOldGen: 553867K(667648K)->553867K(667648K)
[68.025s][info][gc,metaspace   ] GC(158) Metaspace: 17512K(17728K)->17512K(17728K) NonClass: 15706K(15872K)->15706K(15872K) Class: 1805K(1856K)->1805K(1856K)
[68.025s][info][gc             ] GC(158) Pause Young (Allocation Failure) 694M->619M(848M) 57.075ms
[68.025s][info][gc,cpu         ] GC(158) User=0.12s Sys=0.00s Real=0.06s
[68.106s][info][gc,start       ] GC(159) Pause Young (Allocation Failure)
[68.207s][info][gc,heap        ] GC(159) PSYoungGen: 200880K(201216K)->111072K(222720K) Eden: 120832K(120832K)->0K(111616K) From: 80048K(80384K)->111072K(111104K)
[68.207s][info][gc,heap        ] GC(159) ParOldGen: 553867K(667648K)->571763K(667648K)
[68.207s][info][gc,metaspace   ] GC(159) Metaspace: 17512K(17728K)->17512K(17728K) NonClass: 15706K(15872K)->15706K(15872K) Class: 1805K(1856K)->1805K(1856K)
[68.207s][info][gc             ] GC(159) Pause Young (Allocation Failure) 737M->666M(869M) 100.945ms
[68.207s][info][gc,cpu         ] GC(159) User=0.18s Sys=0.01s Real=0.10s
[68.389s][info][gc,start       ] GC(160) Pause Young (Allocation Failure)
[68.499s][info][gc,heap        ] GC(160) PSYoungGen: 222688K(222720K)->111072K(222720K) Eden: 111616K(111616K)->0K(111616K) From: 111072K(111104K)->111072K(111104K)
[68.499s][info][gc,heap        ] GC(160) ParOldGen: 571763K(667648K)->604123K(667648K)
[68.499s][info][gc,metaspace   ] GC(160) Metaspace: 17512K(17728K)->17512K(17728K) NonClass: 15706K(15872K)->15706K(15872K) Class: 1805K(1856K)->1805K(1856K)
[68.499s][info][gc             ] GC(160) Pause Young (Allocation Failure) 775M->698M(869M) 109.896ms
[68.499s][info][gc,cpu         ] GC(160) User=0.22s Sys=0.00s Real=0.11s
[68.633s][info][gc,start       ] GC(161) Pause Young (Allocation Failure)
[68.728s][info][gc,heap        ] GC(161) PSYoungGen: 222688K(222720K)->77568K(222720K) Eden: 111616K(111616K)->0K(111616K) From: 111072K(111104K)->77568K(111104K)
[68.728s][info][gc,heap        ] GC(161) ParOldGen: 604123K(667648K)->640339K(667648K)
[68.728s][info][gc,metaspace   ] GC(161) Metaspace: 17513K(17728K)->17513K(17728K) NonClass: 15708K(15872K)->15708K(15872K) Class: 1805K(1856K)->1805K(1856K)
[68.728s][info][gc             ] GC(161) Pause Young (Allocation Failure) 807M->701M(869M) 94.995ms
[68.728s][info][gc,cpu         ] GC(161) User=0.19s Sys=0.00s Real=0.10s
[68.983s][info][gc,start       ] GC(162) Pause Full (Allocation Failure)
[68.983s][info][gc,phases,start] GC(162) Marking Phase
[69.248s][info][gc,phases      ] GC(162) Marking Phase 265.467ms
[69.248s][info][gc,phases,start] GC(162) Summary Phase
[69.248s][info][gc,phases      ] GC(162) Summary Phase 0.033ms
[69.248s][info][gc,phases,start] GC(162) Forward
[69.349s][info][gc,phases      ] GC(162) Forward 100.740ms
[69.349s][info][gc,phases,start] GC(162) Adjust Pointers
[69.540s][info][gc,phases      ] GC(162) Adjust Pointers 190.796ms
[69.540s][info][gc,phases,start] GC(162) Compaction Phase
[69.657s][info][gc,phases      ] GC(162) Compaction Phase 117.315ms
[69.667s][info][gc,phases,start] GC(162) Post Compact
[69.669s][info][gc,phases      ] GC(162) Post Compact 2.503ms
[69.670s][info][gc,heap        ] GC(162) PSYoungGen: 189184K(222720K)->0K(222720K) Eden: 111616K(111616K)->0K(111616K) From: 77568K(111104K)->0K(111104K)
[69.670s][info][gc,heap        ] GC(162) ParOldGen: 640339K(667648K)->395598K(667648K)
[69.670s][info][gc,metaspace   ] GC(162) Metaspace: 17518K(17728K)->17518K(17728K) NonClass: 15712K(15872K)->15712K(15872K) Class: 1805K(1856K)->1805K(1856K)
[69.670s][info][gc             ] GC(162) Pause Full (Allocation Failure) 810M->386M(869M) 686.872ms
[69.670s][info][gc,cpu         ] GC(162) User=1.26s Sys=0.00s Real=0.69s
[69.882s][info][gc,start       ] GC(163) Pause Young (Allocation Failure)
[69.887s][info][gc,heap        ] GC(163) PSYoungGen: 111616K(222720K)->2528K(222720K) Eden: 111616K(111616K)->0K(111616K) From: 0K(111104K)->2528K(111104K)
[69.887s][info][gc,heap        ] GC(163) ParOldGen: 395598K(667648K)->395598K(667648K)
[69.887s][info][gc,metaspace   ] GC(163) Metaspace: 17518K(17728K)->17518K(17728K) NonClass: 15712K(15872K)->15712K(15872K) Class: 1805K(1856K)->1805K(1856K)
[69.887s][info][gc             ] GC(163) Pause Young (Allocation Failure) 495M->388M(869M) 5.237ms
[69.887s][info][gc,cpu         ] GC(163) User=0.01s Sys=0.00s Real=0.01s
[70.086s][info][gc,start       ] GC(164) Pause Young (Allocation Failure)
[70.091s][info][gc,heap        ] GC(164) PSYoungGen: 114144K(222720K)->2656K(222720K) Eden: 111616K(111616K)->0K(111616K) From: 2528K(111104K)->2656K(111104K)
[70.091s][info][gc,heap        ] GC(164) ParOldGen: 395598K(667648K)->395598K(667648K)
[70.091s][info][gc,metaspace   ] GC(164) Metaspace: 17518K(17728K)->17518K(17728K) NonClass: 15712K(15872K)->15712K(15872K) Class: 1805K(1856K)->1805K(1856K)
[70.091s][info][gc             ] GC(164) Pause Young (Allocation Failure) 497M->388M(869M) 4.576ms
[70.091s][info][gc,cpu         ] GC(164) User=0.01s Sys=0.00s Real=0.00s
[70.237s][info][gc,start       ] GC(165) Pause Young (Allocation Failure)
[70.241s][info][gc,heap        ] GC(165) PSYoungGen: 114272K(222720K)->128K(222720K) Eden: 111616K(111616K)->0K(111616K) From: 2656K(111104K)->128K(111104K)
[70.241s][info][gc,heap        ] GC(165) ParOldGen: 395598K(667648K)->398206K(667648K)
[70.241s][info][gc,metaspace   ] GC(165) Metaspace: 17518K(17728K)->17518K(17728K) NonClass: 15712K(15872K)->15712K(15872K) Class: 1805K(1856K)->1805K(1856K)
[70.241s][info][gc             ] GC(165) Pause Young (Allocation Failure) 497M->388M(869M) 4.930ms
[70.241s][info][gc,cpu         ] GC(165) User=0.01s Sys=0.00s Real=0.00s
[70.364s][info][gc,start       ] GC(166) Pause Young (Allocation Failure)
[70.365s][info][gc,heap        ] GC(166) PSYoungGen: 111744K(222720K)->128K(222720K) Eden: 111616K(111616K)->0K(111616K) From: 128K(111104K)->128K(111104K)
[70.365s][info][gc,heap        ] GC(166) ParOldGen: 398206K(667648K)->398318K(667648K)
[70.366s][info][gc,metaspace   ] GC(166) Metaspace: 17518K(17728K)->17518K(17728K) NonClass: 15712K(15872K)->15712K(15872K) Class: 1805K(1856K)->1805K(1856K)
[70.366s][info][gc             ] GC(166) Pause Young (Allocation Failure) 497M->389M(869M) 2.004ms
[70.366s][info][gc,cpu         ] GC(166) User=0.00s Sys=0.00s Real=0.01s
[70.486s][info][gc,start       ] GC(167) Pause Young (Allocation Failure)
[70.488s][info][gc,heap        ] GC(167) PSYoungGen: 111744K(222720K)->128K(222720K) Eden: 111616K(111616K)->0K(111616K) From: 128K(111104K)->128K(111104K)
[70.488s][info][gc,heap        ] GC(167) ParOldGen: 398318K(667648K)->398398K(667648K)
[70.488s][info][gc,metaspace   ] GC(167) Metaspace: 17518K(17728K)->17518K(17728K) NonClass: 15712K(15872K)->15712K(15872K) Class: 1805K(1856K)->1805K(1856K)
[70.488s][info][gc             ] GC(167) Pause Young (Allocation Failure) 498M->389M(869M) 1.998ms
[70.488s][info][gc,cpu         ] GC(167) User=0.01s Sys=0.00s Real=0.00s
[70.606s][info][gc,start       ] GC(168) Pause Young (Allocation Failure)
[70.608s][info][gc,heap        ] GC(168) PSYoungGen: 111744K(222720K)->128K(222720K) Eden: 111616K(111616K)->0K(111616K) From: 128K(111104K)->128K(111104K)
[70.608s][info][gc,heap        ] GC(168) ParOldGen: 398398K(667648K)->398470K(667648K)
[70.608s][info][gc,metaspace   ] GC(168) Metaspace: 17518K(17728K)->17518K(17728K) NonClass: 15712K(15872K)->15712K(15872K) Class: 1805K(1856K)->1805K(1856K)
[70.608s][info][gc             ] GC(168) Pause Young (Allocation Failure) 498M->389M(869M) 2.069ms
[70.608s][info][gc,cpu         ] GC(168) User=0.00s Sys=0.00s Real=0.00s
[70.743s][info][gc,start       ] GC(169) Pause Young (Allocation Failure)
[70.745s][info][gc,heap        ] GC(169) PSYoungGen: 111744K(222720K)->128K(222720K) Eden: 111616K(111616K)->0K(111616K) From: 128K(111104K)->128K(111104K)
[70.745s][info][gc,heap        ] GC(169) ParOldGen: 398470K(667648K)->398558K(667648K)
[70.745s][info][gc,metaspace   ] GC(169) Metaspace: 17518K(17728K)->17518K(17728K) NonClass: 15712K(15872K)->15712K(15872K) Class: 1805K(1856K)->1805K(1856K)
[70.745s][info][gc             ] GC(169) Pause Young (Allocation Failure) 498M->389M(869M) 2.179ms
[70.745s][info][gc,cpu         ] GC(169) User=0.00s Sys=0.00s Real=0.01s
[70.865s][info][gc,start       ] GC(170) Pause Young (Allocation Failure)
[70.867s][info][gc,heap        ] GC(170) PSYoungGen: 111744K(222720K)->128K(222720K) Eden: 111616K(111616K)->0K(111616K) From: 128K(111104K)->128K(111104K)
[70.867s][info][gc,heap        ] GC(170) ParOldGen: 398558K(667648K)->398670K(667648K)
[70.867s][info][gc,metaspace   ] GC(170) Metaspace: 17518K(17728K)->17518K(17728K) NonClass: 15712K(15872K)->15712K(15872K) Class: 1805K(1856K)->1805K(1856K)
[70.867s][info][gc             ] GC(170) Pause Young (Allocation Failure) 498M->389M(869M) 2.014ms
[70.867s][info][gc,cpu         ] GC(170) User=0.01s Sys=0.00s Real=0.00s
[70.998s][info][gc,start       ] GC(171) Pause Young (Allocation Failure)
[71.001s][info][gc,heap        ] GC(171) PSYoungGen: 111744K(222720K)->128K(222720K) Eden: 111616K(111616K)->0K(111616K) From: 128K(111104K)->128K(111104K)
[71.001s][info][gc,heap        ] GC(171) ParOldGen: 398670K(667648K)->398750K(667648K)
[71.001s][info][gc,metaspace   ] GC(171) Metaspace: 17518K(17728K)->17518K(17728K) NonClass: 15712K(15872K)->15712K(15872K) Class: 1805K(1856K)->1805K(1856K)
[71.001s][info][gc             ] GC(171) Pause Young (Allocation Failure) 498M->389M(869M) 2.189ms
[71.001s][info][gc,cpu         ] GC(171) User=0.00s Sys=0.00s Real=0.00s
[71.150s][info][gc,start       ] GC(172) Pause Young (Allocation Failure)
[71.163s][info][gc,heap        ] GC(172) PSYoungGen: 111744K(222720K)->3680K(222720K) Eden: 111616K(111616K)->0K(111616K) From: 128K(111104K)->3680K(111104K)
[71.163s][info][gc,heap        ] GC(172) ParOldGen: 398750K(667648K)->398862K(667648K)
[71.163s][info][gc,metaspace   ] GC(172) Metaspace: 17518K(17728K)->17518K(17728K) NonClass: 15712K(15872K)->15712K(15872K) Class: 1805K(1856K)->1805K(1856K)
[71.163s][info][gc             ] GC(172) Pause Young (Allocation Failure) 498M->393M(869M) 13.040ms
[71.163s][info][gc,cpu         ] GC(172) User=0.03s Sys=0.00s Real=0.01s
[71.381s][info][gc,start       ] GC(173) Pause Young (Allocation Failure)
[71.413s][info][gc,heap        ] GC(173) PSYoungGen: 115296K(222720K)->10955K(222720K) Eden: 111616K(111616K)->0K(111616K) From: 3680K(111104K)->10955K(111104K)
[71.413s][info][gc,heap        ] GC(173) ParOldGen: 398862K(667648K)->402518K(667648K)
[71.413s][info][gc,metaspace   ] GC(173) Metaspace: 17518K(17728K)->17518K(17728K) NonClass: 15712K(15872K)->15712K(15872K) Class: 1805K(1856K)->1805K(1856K)
[71.413s][info][gc             ] GC(173) Pause Young (Allocation Failure) 502M->403M(869M) 31.517ms
[71.413s][info][gc,cpu         ] GC(173) User=0.06s Sys=0.00s Real=0.03s
[71.549s][info][gc,start       ] GC(174) Pause Young (Allocation Failure)
[71.582s][info][gc,heap        ] GC(174) PSYoungGen: 122571K(222720K)->7360K(119296K) Eden: 111616K(111616K)->0K(111616K) From: 10955K(111104K)->7360K(7680K)
[71.582s][info][gc,heap        ] GC(174) ParOldGen: 402518K(667648K)->412957K(667648K)
[71.582s][info][gc,metaspace   ] GC(174) Metaspace: 17518K(17728K)->17518K(17728K) NonClass: 15712K(15872K)->15712K(15872K) Class: 1805K(1856K)->1805K(1856K)
[71.582s][info][gc             ] GC(174) Pause Young (Allocation Failure) 512M->410M(768M) 32.837ms
[71.582s][info][gc,cpu         ] GC(174) User=0.07s Sys=0.01s Real=0.03s
[71.721s][info][gc,start       ] GC(175) Pause Young (Allocation Failure)
[71.733s][info][gc,heap        ] GC(175) PSYoungGen: 118976K(119296K)->7392K(212480K) Eden: 111616K(111616K)->0K(115200K) From: 7360K(7680K)->7392K(97280K)
[71.733s][info][gc,heap        ] GC(175) ParOldGen: 412957K(667648K)->412957K(667648K)
[71.733s][info][gc,metaspace   ] GC(175) Metaspace: 17518K(17728K)->17518K(17728K) NonClass: 15712K(15872K)->15712K(15872K) Class: 1805K(1856K)->1805K(1856K)
[71.734s][info][gc             ] GC(175) Pause Young (Allocation Failure) 519M->410M(859M) 12.738ms
[71.734s][info][gc,cpu         ] GC(175) User=0.03s Sys=0.00s Real=0.01s
[71.874s][info][gc,start       ] GC(176) Pause Young (Allocation Failure)
[71.887s][info][gc,heap        ] GC(176) PSYoungGen: 122592K(212480K)->7392K(122880K) Eden: 115200K(115200K)->0K(115200K) From: 7392K(97280K)->7392K(7680K)
[71.887s][info][gc,heap        ] GC(176) ParOldGen: 412957K(667648K)->412957K(667648K)
[71.887s][info][gc,metaspace   ] GC(176) Metaspace: 17518K(17728K)->17518K(17728K) NonClass: 15712K(15872K)->15712K(15872K) Class: 1805K(1856K)->1805K(1856K)
[71.887s][info][gc             ] GC(176) Pause Young (Allocation Failure) 522M->410M(772M) 12.598ms
[71.887s][info][gc,cpu         ] GC(176) User=0.02s Sys=0.00s Real=0.02s
[72.030s][info][gc,start       ] GC(177) Pause Young (Allocation Failure)
[72.043s][info][gc,heap        ] GC(177) PSYoungGen: 122592K(122880K)->7392K(201728K) Eden: 115200K(115200K)->0K(118784K) From: 7392K(7680K)->7392K(82944K)
[72.043s][info][gc,heap        ] GC(177) ParOldGen: 412957K(667648K)->412957K(667648K)
[72.043s][info][gc,metaspace   ] GC(177) Metaspace: 17518K(17728K)->17518K(17728K) NonClass: 15712K(15872K)->15712K(15872K) Class: 1805K(1856K)->1805K(1856K)
[72.043s][info][gc             ] GC(177) Pause Young (Allocation Failure) 522M->410M(849M) 12.968ms
[72.043s][info][gc,cpu         ] GC(177) User=0.03s Sys=0.00s Real=0.01s
[72.163s][info][gc,start       ] GC(178) Pause Young (Allocation Failure)
[72.196s][info][gc,heap        ] GC(178) PSYoungGen: 126176K(201728K)->26880K(207360K) Eden: 118784K(118784K)->0K(118784K) From: 7392K(82944K)->26880K(88576K)
[72.196s][info][gc,heap        ] GC(178) ParOldGen: 412957K(667648K)->412957K(667648K)
[72.196s][info][gc,metaspace   ] GC(178) Metaspace: 17518K(17728K)->17518K(17728K) NonClass: 15712K(15872K)->15712K(15872K) Class: 1805K(1856K)->1805K(1856K)
[72.196s][info][gc             ] GC(178) Pause Young (Allocation Failure) 526M->429M(854M) 33.095ms
[72.196s][info][gc,cpu         ] GC(178) User=0.06s Sys=0.00s Real=0.04s
[72.331s][info][gc,start       ] GC(179) Pause Young (Allocation Failure)
[72.378s][info][gc,heap        ] GC(179) PSYoungGen: 145664K(207360K)->41344K(206336K) Eden: 118784K(118784K)->0K(121344K) From: 26880K(88576K)->41344K(84992K)
[72.378s][info][gc,heap        ] GC(179) ParOldGen: 412957K(667648K)->412957K(667648K)
[72.378s][info][gc,metaspace   ] GC(179) Metaspace: 17521K(17728K)->17521K(17728K) NonClass: 15715K(15872K)->15715K(15872K) Class: 1805K(1856K)->1805K(1856K)
[72.378s][info][gc             ] GC(179) Pause Young (Allocation Failure) 545M->443M(853M) 47.121ms
[72.378s][info][gc,cpu         ] GC(179) User=0.09s Sys=0.00s Real=0.05s
[72.487s][info][gc,start       ] GC(180) Pause Young (Allocation Failure)
[72.537s][info][gc,heap        ] GC(180) PSYoungGen: 162688K(206336K)->45344K(208384K) Eden: 121344K(121344K)->0K(121344K) From: 41344K(84992K)->45344K(87040K)
[72.537s][info][gc,heap        ] GC(180) ParOldGen: 412957K(667648K)->412957K(667648K)
[72.537s][info][gc,metaspace   ] GC(180) Metaspace: 17521K(17728K)->17521K(17728K) NonClass: 15715K(15872K)->15715K(15872K) Class: 1805K(1856K)->1805K(1856K)
[72.538s][info][gc             ] GC(180) Pause Young (Allocation Failure) 562M->447M(855M) 50.323ms
[72.538s][info][gc,cpu         ] GC(180) User=0.10s Sys=0.00s Real=0.05s
[72.652s][info][gc,start       ] GC(181) Pause Young (Allocation Failure)
[72.716s][info][gc,heap        ] GC(181) PSYoungGen: 166688K(208384K)->46816K(215040K) Eden: 121344K(121344K)->0K(125440K) From: 45344K(87040K)->46816K(89600K)
[72.716s][info][gc,heap        ] GC(181) ParOldGen: 412957K(667648K)->412957K(667648K)
[72.716s][info][gc,metaspace   ] GC(181) Metaspace: 17521K(17728K)->17521K(17728K) NonClass: 15715K(15872K)->15715K(15872K) Class: 1805K(1856K)->1805K(1856K)
[72.716s][info][gc             ] GC(181) Pause Young (Allocation Failure) 566M->448M(862M) 63.468ms
[72.716s][info][gc,cpu         ] GC(181) User=0.12s Sys=0.00s Real=0.07s
[72.832s][info][gc,start       ] GC(182) Pause Young (Allocation Failure)
[72.885s][info][gc,heap        ] GC(182) PSYoungGen: 172256K(215040K)->46944K(217600K) Eden: 125440K(125440K)->0K(125440K) From: 46816K(89600K)->46944K(92160K)
[72.885s][info][gc,heap        ] GC(182) ParOldGen: 412957K(667648K)->412957K(667648K)
[72.885s][info][gc,metaspace   ] GC(182) Metaspace: 17521K(17728K)->17521K(17728K) NonClass: 15715K(15872K)->15715K(15872K) Class: 1805K(1856K)->1805K(1856K)
[72.885s][info][gc             ] GC(182) Pause Young (Allocation Failure) 571M->449M(864M) 52.731ms
[72.885s][info][gc,cpu         ] GC(182) User=0.10s Sys=0.00s Real=0.06s
[72.997s][info][gc,start       ] GC(183) Pause Young (Allocation Failure)
[73.053s][info][gc,heap        ] GC(183) PSYoungGen: 172384K(217600K)->50656K(224768K) Eden: 125440K(125440K)->0K(131584K) From: 46944K(92160K)->50656K(93184K)
[73.053s][info][gc,heap        ] GC(183) ParOldGen: 412957K(667648K)->412957K(667648K)
[73.053s][info][gc,metaspace   ] GC(183) Metaspace: 17521K(17728K)->17521K(17728K) NonClass: 15715K(15872K)->15715K(15872K) Class: 1805K(1856K)->1805K(1856K)
[73.053s][info][gc             ] GC(183) Pause Young (Allocation Failure) 571M->452M(871M) 55.833ms
[73.053s][info][gc,cpu         ] GC(183) User=0.11s Sys=0.00s Real=0.05s
[73.168s][info][gc,start       ] GC(184) Pause Young (Allocation Failure)
[73.224s][info][gc,heap        ] GC(184) PSYoungGen: 182240K(224768K)->50656K(226816K) Eden: 131584K(131584K)->0K(131584K) From: 50656K(93184K)->50656K(95232K)
[73.224s][info][gc,heap        ] GC(184) ParOldGen: 412957K(667648K)->412957K(667648K)
[73.224s][info][gc,metaspace   ] GC(184) Metaspace: 17521K(17728K)->17521K(17728K) NonClass: 15715K(15872K)->15715K(15872K) Class: 1805K(1856K)->1805K(1856K)
[73.224s][info][gc             ] GC(184) Pause Young (Allocation Failure) 581M->452M(873M) 56.246ms
[73.224s][info][gc,cpu         ] GC(184) User=0.12s Sys=0.00s Real=0.05s
[73.386s][info][gc,start       ] GC(185) Pause Young (Allocation Failure)
[73.458s][info][gc,heap        ] GC(185) PSYoungGen: 182240K(226816K)->64576K(225792K) Eden: 131584K(131584K)->0K(129024K) From: 50656K(95232K)->64576K(96768K)
[73.458s][info][gc,heap        ] GC(185) ParOldGen: 412957K(667648K)->412957K(667648K)
[73.458s][info][gc,metaspace   ] GC(185) Metaspace: 17521K(17728K)->17521K(17728K) NonClass: 15715K(15872K)->15715K(15872K) Class: 1805K(1856K)->1805K(1856K)
[73.458s][info][gc             ] GC(185) Pause Young (Allocation Failure) 581M->466M(872M) 72.371ms
[73.458s][info][gc,cpu         ] GC(185) User=0.13s Sys=0.00s Real=0.07s
[73.561s][info][gc,start       ] GC(186) Pause Young (Allocation Failure)
[73.657s][info][gc,heap        ] GC(186) PSYoungGen: 193600K(225792K)->85504K(215040K) Eden: 129024K(129024K)->0K(129024K) From: 64576K(96768K)->85504K(86016K)
[73.657s][info][gc,heap        ] GC(186) ParOldGen: 412957K(667648K)->412957K(667648K)
[73.657s][info][gc,metaspace   ] GC(186) Metaspace: 17521K(17728K)->17521K(17728K) NonClass: 15715K(15872K)->15715K(15872K) Class: 1805K(1856K)->1805K(1856K)
[73.657s][info][gc             ] GC(186) Pause Young (Allocation Failure) 592M->486M(862M) 95.941ms
[73.657s][info][gc,cpu         ] GC(186) User=0.19s Sys=0.00s Real=0.10s
[73.827s][info][gc,start       ] GC(187) Pause Young (Allocation Failure)
[73.948s][info][gc,heap        ] GC(187) PSYoungGen: 214528K(215040K)->99504K(222720K) Eden: 129024K(129024K)->0K(111616K) From: 85504K(86016K)->99504K(111104K)
[73.948s][info][gc,heap        ] GC(187) ParOldGen: 412957K(667648K)->420341K(667648K)
[73.948s][info][gc,metaspace   ] GC(187) Metaspace: 17521K(17728K)->17521K(17728K) NonClass: 15715K(15872K)->15715K(15872K) Class: 1805K(1856K)->1805K(1856K)
[73.948s][info][gc             ] GC(187) Pause Young (Allocation Failure) 612M->507M(869M) 121.258ms
[73.948s][info][gc,cpu         ] GC(187) User=0.23s Sys=0.02s Real=0.12s
[74.169s][info][gc,start       ] GC(188) Pause Young (Allocation Failure)
[74.293s][info][gc,heap        ] GC(188) PSYoungGen: 211120K(222720K)->111088K(222720K) Eden: 111616K(111616K)->0K(111616K) From: 99504K(111104K)->111088K(111104K)
[74.293s][info][gc,heap        ] GC(188) ParOldGen: 420341K(667648K)->421869K(667648K)
[74.293s][info][gc,metaspace   ] GC(188) Metaspace: 17522K(17728K)->17522K(17728K) NonClass: 15717K(15872K)->15717K(15872K) Class: 1805K(1856K)->1805K(1856K)
[74.293s][info][gc             ] GC(188) Pause Young (Allocation Failure) 616M->520M(869M) 123.506ms
[74.293s][info][gc,cpu         ] GC(188) User=0.24s Sys=0.00s Real=0.12s
[74.410s][info][gc,start       ] GC(189) Pause Young (Allocation Failure)
[74.532s][info][gc,heap        ] GC(189) PSYoungGen: 222704K(222720K)->77920K(222720K) Eden: 111616K(111616K)->0K(111616K) From: 111088K(111104K)->77920K(111104K)
[74.532s][info][gc,heap        ] GC(189) ParOldGen: 421869K(667648K)->455941K(667648K)
[74.532s][info][gc,metaspace   ] GC(189) Metaspace: 17522K(17728K)->17522K(17728K) NonClass: 15717K(15872K)->15717K(15872K) Class: 1805K(1856K)->1805K(1856K)
[74.532s][info][gc             ] GC(189) Pause Young (Allocation Failure) 629M->521M(869M) 122.469ms
[74.532s][info][gc,cpu         ] GC(189) User=0.24s Sys=0.00s Real=0.12s
[74.674s][info][gc,start       ] GC(190) Pause Young (Allocation Failure)
[74.762s][info][gc,heap        ] GC(190) PSYoungGen: 189536K(222720K)->74304K(222720K) Eden: 111616K(111616K)->0K(111616K) From: 77920K(111104K)->74304K(111104K)
[74.763s][info][gc,heap        ] GC(190) ParOldGen: 455941K(667648K)->461461K(667648K)
[74.763s][info][gc,metaspace   ] GC(190) Metaspace: 17522K(17728K)->17522K(17728K) NonClass: 15717K(15872K)->15717K(15872K) Class: 1805K(1856K)->1805K(1856K)
[74.763s][info][gc             ] GC(190) Pause Young (Allocation Failure) 630M->523M(869M) 88.196ms
[74.763s][info][gc,cpu         ] GC(190) User=0.17s Sys=0.00s Real=0.09s
[74.908s][info][gc,start       ] GC(191) Pause Young (Allocation Failure)
[74.995s][info][gc,heap        ] GC(191) PSYoungGen: 185920K(222720K)->75136K(222720K) Eden: 111616K(111616K)->0K(111616K) From: 74304K(111104K)->75136K(111104K)
[74.995s][info][gc,heap        ] GC(191) ParOldGen: 461461K(667648K)->465269K(667648K)
[74.995s][info][gc,metaspace   ] GC(191) Metaspace: 17523K(17728K)->17523K(17728K) NonClass: 15718K(15872K)->15718K(15872K) Class: 1805K(1856K)->1805K(1856K)
[74.995s][info][gc             ] GC(191) Pause Young (Allocation Failure) 632M->527M(869M) 86.866ms
[74.995s][info][gc,cpu         ] GC(191) User=0.17s Sys=0.00s Real=0.09s
[75.114s][info][gc,start       ] GC(192) Pause Young (Allocation Failure)
[75.196s][info][gc,heap        ] GC(192) PSYoungGen: 186752K(222720K)->61216K(222720K) Eden: 111616K(111616K)->0K(111616K) From: 75136K(111104K)->61216K(111104K)
[75.196s][info][gc,heap        ] GC(192) ParOldGen: 465269K(667648K)->479254K(667648K)
[75.196s][info][gc,metaspace   ] GC(192) Metaspace: 17525K(17728K)->17525K(17728K) NonClass: 15720K(15872K)->15720K(15872K) Class: 1805K(1856K)->1805K(1856K)
[75.196s][info][gc             ] GC(192) Pause Young (Allocation Failure) 636M->527M(869M) 81.956ms
[75.196s][info][gc,cpu         ] GC(192) User=0.17s Sys=0.00s Real=0.09s
[75.294s][info][gc,start       ] GC(193) Pause Young (Allocation Failure)
[75.363s][info][gc,heap        ] GC(193) PSYoungGen: 172832K(222720K)->19584K(222720K) Eden: 111616K(111616K)->0K(111616K) From: 61216K(111104K)->19584K(111104K)
[75.363s][info][gc,heap        ] GC(193) ParOldGen: 479254K(667648K)->521014K(667648K)
[75.363s][info][gc,metaspace   ] GC(193) Metaspace: 17529K(17728K)->17529K(17728K) NonClass: 15723K(15872K)->15723K(15872K) Class: 1805K(1856K)->1805K(1856K)
[75.363s][info][gc             ] GC(193) Pause Young (Allocation Failure) 636M->527M(869M) 68.748ms
[75.363s][info][gc,cpu         ] GC(193) User=0.14s Sys=0.00s Real=0.07s
[75.560s][info][gc,start       ] GC(194) Pause Young (Allocation Failure)
[75.595s][info][gc,heap        ] GC(194) PSYoungGen: 131200K(222720K)->16544K(222720K) Eden: 111616K(111616K)->0K(111616K) From: 19584K(111104K)->16544K(111104K)
[75.595s][info][gc,heap        ] GC(194) ParOldGen: 521014K(667648K)->534030K(667648K)
[75.595s][info][gc,metaspace   ] GC(194) Metaspace: 17529K(17728K)->17529K(17728K) NonClass: 15723K(15872K)->15723K(15872K) Class: 1805K(1856K)->1805K(1856K)
[75.595s][info][gc             ] GC(194) Pause Young (Allocation Failure) 636M->537M(869M) 35.745ms
[75.595s][info][gc,cpu         ] GC(194) User=0.07s Sys=0.00s Real=0.04s
[75.797s][info][gc,start       ] GC(195) Pause Young (Allocation Failure)
[75.825s][info][gc,heap        ] GC(195) PSYoungGen: 128160K(222720K)->16544K(222720K) Eden: 111616K(111616K)->0K(111616K) From: 16544K(111104K)->16544K(111104K)
[75.825s][info][gc,heap        ] GC(195) ParOldGen: 534030K(667648K)->540606K(667648K)
[75.825s][info][gc,metaspace   ] GC(195) Metaspace: 17529K(17728K)->17529K(17728K) NonClass: 15723K(15872K)->15723K(15872K) Class: 1805K(1856K)->1805K(1856K)
[75.825s][info][gc             ] GC(195) Pause Young (Allocation Failure) 646M->544M(869M) 28.241ms
[75.825s][info][gc,cpu         ] GC(195) User=0.05s Sys=0.00s Real=0.03s
[76.221s][info][gc,start       ] GC(196) Pause Young (Allocation Failure)
[76.241s][info][gc,heap        ] GC(196) PSYoungGen: 128160K(222720K)->16544K(222720K) Eden: 111616K(111616K)->0K(111616K) From: 16544K(111104K)->16544K(111104K)
[76.241s][info][gc,heap        ] GC(196) ParOldGen: 540606K(667648K)->540662K(667648K)
[76.241s][info][gc,metaspace   ] GC(196) Metaspace: 17529K(17728K)->17529K(17728K) NonClass: 15723K(15872K)->15723K(15872K) Class: 1805K(1856K)->1805K(1856K)
[76.241s][info][gc             ] GC(196) Pause Young (Allocation Failure) 653M->544M(869M) 20.139ms
[76.241s][info][gc,cpu         ] GC(196) User=0.04s Sys=0.00s Real=0.02s
[76.523s][info][gc,start       ] GC(197) Pause Young (Allocation Failure)
[76.544s][info][gc,heap        ] GC(197) PSYoungGen: 128160K(222720K)->320K(222720K) Eden: 111616K(111616K)->0K(111616K) From: 16544K(111104K)->320K(111104K)
[76.544s][info][gc,heap        ] GC(197) ParOldGen: 540662K(667648K)->557150K(667648K)
[76.544s][info][gc,metaspace   ] GC(197) Metaspace: 17529K(17728K)->17529K(17728K) NonClass: 15723K(15872K)->15723K(15872K) Class: 1805K(1856K)->1805K(1856K)
[76.544s][info][gc             ] GC(197) Pause Young (Allocation Failure) 653M->544M(869M) 21.372ms
[76.544s][info][gc,cpu         ] GC(197) User=0.04s Sys=0.00s Real=0.02s
[76.868s][info][gc,start       ] GC(198) Pause Young (Allocation Failure)
[76.871s][info][gc,heap        ] GC(198) PSYoungGen: 111936K(222720K)->64K(222720K) Eden: 111616K(111616K)->0K(111616K) From: 320K(111104K)->64K(111104K)
[76.871s][info][gc,heap        ] GC(198) ParOldGen: 557150K(667648K)->557431K(667648K)
[76.871s][info][gc,metaspace   ] GC(198) Metaspace: 17529K(17728K)->17529K(17728K) NonClass: 15723K(15872K)->15723K(15872K) Class: 1805K(1856K)->1805K(1856K)
[76.871s][info][gc             ] GC(198) Pause Young (Allocation Failure) 653M->544M(869M) 2.913ms
[76.871s][info][gc,cpu         ] GC(198) User=0.00s Sys=0.00s Real=0.00s
[77.123s][info][gc,start       ] GC(199) Pause Young (Allocation Failure)
[77.126s][info][gc,heap        ] GC(199) PSYoungGen: 111680K(222720K)->448K(222720K) Eden: 111616K(111616K)->0K(111616K) From: 64K(111104K)->448K(111104K)
[77.126s][info][gc,heap        ] GC(199) ParOldGen: 557431K(667648K)->557463K(667648K)
[77.127s][info][gc,metaspace   ] GC(199) Metaspace: 17533K(17728K)->17533K(17728K) NonClass: 15727K(15872K)->15727K(15872K) Class: 1805K(1856K)->1805K(1856K)
[77.127s][info][gc             ] GC(199) Pause Young (Allocation Failure) 653M->544M(869M) 3.422ms
[77.127s][info][gc,cpu         ] GC(199) User=0.00s Sys=0.00s Real=0.01s
[77.501s][info][gc,start       ] GC(200) Pause Young (Allocation Failure)
[77.504s][info][gc,heap        ] GC(200) PSYoungGen: 112064K(222720K)->224K(222720K) Eden: 111616K(111616K)->0K(111616K) From: 448K(111104K)->224K(111104K)
[77.504s][info][gc,heap        ] GC(200) ParOldGen: 557463K(667648K)->557479K(667648K)
[77.504s][info][gc,metaspace   ] GC(200) Metaspace: 17533K(17728K)->17533K(17728K) NonClass: 15727K(15872K)->15727K(15872K) Class: 1805K(1856K)->1805K(1856K)
[77.504s][info][gc             ] GC(200) Pause Young (Allocation Failure) 653M->544M(869M) 3.000ms
[77.504s][info][gc,cpu         ] GC(200) User=0.01s Sys=0.00s Real=0.00s
[77.747s][info][gc,start       ] GC(201) Pause Young (Allocation Failure)
[77.758s][info][gc,heap        ] GC(201) PSYoungGen: 111840K(222720K)->8080K(222720K) Eden: 111616K(111616K)->0K(111616K) From: 224K(111104K)->8080K(111104K)
[77.758s][info][gc,heap        ] GC(201) ParOldGen: 557479K(667648K)->557663K(667648K)
[77.758s][info][gc,metaspace   ] GC(201) Metaspace: 17533K(17728K)->17533K(17728K) NonClass: 15727K(15872K)->15727K(15872K) Class: 1805K(1856K)->1805K(1856K)
[77.758s][info][gc             ] GC(201) Pause Young (Allocation Failure) 653M->552M(869M) 11.452ms
[77.758s][info][gc,cpu         ] GC(201) User=0.02s Sys=0.00s Real=0.01s
[77.873s][info][gc,start       ] GC(202) Pause Young (Allocation Failure)
[77.911s][info][gc,heap        ] GC(202) PSYoungGen: 119696K(222720K)->33984K(145920K) Eden: 111616K(111616K)->0K(111616K) From: 8080K(111104K)->33984K(34304K)
[77.911s][info][gc,heap        ] GC(202) ParOldGen: 557663K(667648K)->565759K(667648K)
[77.911s][info][gc,metaspace   ] GC(202) Metaspace: 17534K(17728K)->17534K(17728K) NonClass: 15729K(15872K)->15729K(15872K) Class: 1805K(1856K)->1805K(1856K)
[77.911s][info][gc             ] GC(202) Pause Young (Allocation Failure) 661M->585M(794M) 37.793ms
[77.911s][info][gc,cpu         ] GC(202) User=0.07s Sys=0.00s Real=0.04s
[78.034s][info][gc,start       ] GC(203) Pause Young (Allocation Failure)
[78.101s][info][gc,heap        ] GC(203) PSYoungGen: 145600K(145920K)->82069K(214528K) Eden: 111616K(111616K)->0K(107520K) From: 33984K(34304K)->82069K(107008K)
[78.101s][info][gc,heap        ] GC(203) ParOldGen: 565759K(667648K)->565759K(667648K)
[78.101s][info][gc,metaspace   ] GC(203) Metaspace: 17534K(17728K)->17534K(17728K) NonClass: 15729K(15872K)->15729K(15872K) Class: 1805K(1856K)->1805K(1856K)
[78.101s][info][gc             ] GC(203) Pause Young (Allocation Failure) 694M->632M(861M) 67.275ms
[78.101s][info][gc,cpu         ] GC(203) User=0.14s Sys=0.00s Real=0.07s
[78.199s][info][gc,start       ] GC(204) Pause Young (Allocation Failure)
[78.288s][info][gc,heap        ] GC(204) PSYoungGen: 189589K(214528K)->47904K(218624K) Eden: 107520K(107520K)->0K(107520K) From: 82069K(107008K)->47904K(111104K)
[78.288s][info][gc,heap        ] GC(204) ParOldGen: 565759K(667648K)->648757K(667648K)
[78.288s][info][gc,metaspace   ] GC(204) Metaspace: 17536K(17728K)->17536K(17728K) NonClass: 15730K(15872K)->15730K(15872K) Class: 1805K(1856K)->1805K(1856K)
[78.288s][info][gc             ] GC(204) Pause Young (Allocation Failure) 737M->680M(865M) 89.355ms
[78.289s][info][gc,cpu         ] GC(204) User=0.18s Sys=0.00s Real=0.09s
[78.340s][info][gc,start       ] GC(205) Pause Full (Allocation Failure)
[78.340s][info][gc,phases,start] GC(205) Marking Phase
[78.736s][info][gc,phases      ] GC(205) Marking Phase 395.913ms
[78.736s][info][gc,phases,start] GC(205) Summary Phase
[78.736s][info][gc,phases      ] GC(205) Summary Phase 0.030ms
[78.736s][info][gc,phases,start] GC(205) Forward
[78.867s][info][gc,phases      ] GC(205) Forward 131.150ms
[78.867s][info][gc,phases,start] GC(205) Adjust Pointers
[79.154s][info][gc,phases      ] GC(205) Adjust Pointers 287.239ms
[79.154s][info][gc,phases,start] GC(205) Compaction Phase
[79.329s][info][gc,phases      ] GC(205) Compaction Phase 174.572ms
[79.337s][info][gc,phases,start] GC(205) Post Compact
[79.339s][info][gc,phases      ] GC(205) Post Compact 2.412ms
[79.339s][info][gc,heap        ] GC(205) PSYoungGen: 155424K(218624K)->0K(222720K) Eden: 107520K(107520K)->0K(111616K) From: 47904K(111104K)->0K(111104K)
[79.339s][info][gc,heap        ] GC(205) ParOldGen: 648757K(667648K)->574964K(667648K)
[79.339s][info][gc,metaspace   ] GC(205) Metaspace: 17536K(17728K)->17536K(17728K) NonClass: 15730K(15872K)->15730K(15872K) Class: 1805K(1856K)->1805K(1856K)
[79.339s][info][gc             ] GC(205) Pause Full (Allocation Failure) 785M->561M(869M) 999.769ms
[79.340s][info][gc,cpu         ] GC(205) User=1.89s Sys=0.00s Real=1.00s
[79.596s][info][gc,start       ] GC(206) Pause Young (Allocation Failure)
[79.629s][info][gc,heap        ] GC(206) PSYoungGen: 111615K(222720K)->30144K(141824K) Eden: 111615K(111616K)->0K(111616K) From: 0K(111104K)->30144K(30208K)
[79.629s][info][gc,heap        ] GC(206) ParOldGen: 574964K(667648K)->574964K(667648K)
[79.629s][info][gc,metaspace   ] GC(206) Metaspace: 17540K(17728K)->17540K(17728K) NonClass: 15734K(15872K)->15734K(15872K) Class: 1805K(1856K)->1805K(1856K)
[79.629s][info][gc             ] GC(206) Pause Young (Allocation Failure) 670M->590M(790M) 33.554ms
[79.629s][info][gc,cpu         ] GC(206) User=0.06s Sys=0.00s Real=0.03s
[79.899s][info][gc,start       ] GC(207) Pause Young (Allocation Failure)
[79.956s][info][gc,heap        ] GC(207) PSYoungGen: 141760K(141824K)->44480K(223744K) Eden: 111616K(111616K)->0K(115712K) From: 30144K(30208K)->44480K(108032K)
[79.956s][info][gc,heap        ] GC(207) ParOldGen: 574964K(667648K)->574964K(667648K)
[79.956s][info][gc,metaspace   ] GC(207) Metaspace: 17540K(17728K)->17540K(17728K) NonClass: 15734K(15872K)->15734K(15872K) Class: 1805K(1856K)->1805K(1856K)
[79.956s][info][gc             ] GC(207) Pause Young (Allocation Failure) 699M->604M(870M) 57.260ms
[79.956s][info][gc,cpu         ] GC(207) User=0.11s Sys=0.00s Real=0.06s
[80.103s][info][gc,start       ] GC(208) Pause Young (Allocation Failure)
[80.162s][info][gc,heap        ] GC(208) PSYoungGen: 160192K(223744K)->48096K(220672K) Eden: 115712K(115712K)->0K(115712K) From: 44480K(108032K)->48096K(104960K)
[80.162s][info][gc,heap        ] GC(208) ParOldGen: 574964K(667648K)->574964K(667648K)
[80.162s][info][gc,metaspace   ] GC(208) Metaspace: 17540K(17728K)->17540K(17728K) NonClass: 15734K(15872K)->15734K(15872K) Class: 1805K(1856K)->1805K(1856K)
[80.162s][info][gc             ] GC(208) Pause Young (Allocation Failure) 717M->608M(867M) 58.692ms
[80.162s][info][gc,cpu         ] GC(208) User=0.12s Sys=0.00s Real=0.06s
[80.348s][info][gc,start       ] GC(209) Pause Young (Allocation Failure)
[80.416s][info][gc,heap        ] GC(209) PSYoungGen: 163808K(220672K)->49344K(224768K) Eden: 115712K(115712K)->0K(122880K) From: 48096K(104960K)->49344K(101888K)
[80.416s][info][gc,heap        ] GC(209) ParOldGen: 574964K(667648K)->574964K(667648K)
[80.416s][info][gc,metaspace   ] GC(209) Metaspace: 17540K(17728K)->17540K(17728K) NonClass: 15734K(15872K)->15734K(15872K) Class: 1805K(1856K)->1805K(1856K)
[80.416s][info][gc             ] GC(209) Pause Young (Allocation Failure) 721M->609M(871M) 67.895ms
[80.416s][info][gc,cpu         ] GC(209) User=0.14s Sys=0.00s Real=0.07s
[80.611s][info][gc,start       ] GC(210) Pause Young (Allocation Failure)
[80.722s][info][gc,heap        ] GC(210) PSYoungGen: 172224K(224768K)->66903K(223744K) Eden: 122880K(122880K)->0K(122880K) From: 49344K(101888K)->66903K(100864K)
[80.722s][info][gc,heap        ] GC(210) ParOldGen: 574964K(667648K)->574964K(667648K)
[80.722s][info][gc,metaspace   ] GC(210) Metaspace: 17541K(17728K)->17541K(17728K) NonClass: 15735K(15872K)->15735K(15872K) Class: 1805K(1856K)->1805K(1856K)
[80.722s][info][gc             ] GC(210) Pause Young (Allocation Failure) 729M->626M(870M) 111.321ms
[80.722s][info][gc,cpu         ] GC(210) User=0.22s Sys=0.01s Real=0.11s
[80.914s][info][gc,start       ] GC(211) Pause Young (Allocation Failure)
[81.037s][info][gc,heap        ] GC(211) PSYoungGen: 189783K(223744K)->79726K(217088K) Eden: 122880K(122880K)->0K(111616K) From: 66903K(100864K)->79726K(105472K)
[81.037s][info][gc,heap        ] GC(211) ParOldGen: 574964K(667648K)->574964K(667648K)
[81.037s][info][gc,metaspace   ] GC(211) Metaspace: 17541K(17728K)->17541K(17728K) NonClass: 15735K(15872K)->15735K(15872K) Class: 1805K(1856K)->1805K(1856K)
[81.037s][info][gc             ] GC(211) Pause Young (Allocation Failure) 746M->639M(864M) 123.449ms
[81.037s][info][gc,cpu         ] GC(211) User=0.24s Sys=0.00s Real=0.13s
[81.203s][info][gc,start       ] GC(212) Pause Young (Allocation Failure)
[81.327s][info][gc,heap        ] GC(212) PSYoungGen: 191342K(217088K)->35300K(222720K) Eden: 111616K(111616K)->0K(111616K) From: 79726K(105472K)->35300K(111104K)
[81.327s][info][gc,heap        ] GC(212) ParOldGen: 574964K(667648K)->619752K(667648K)
[81.327s][info][gc,metaspace   ] GC(212) Metaspace: 17541K(17728K)->17541K(17728K) NonClass: 15735K(15872K)->15735K(15872K) Class: 1805K(1856K)->1805K(1856K)
[81.327s][info][gc             ] GC(212) Pause Young (Allocation Failure) 748M->639M(869M) 123.245ms
[81.327s][info][gc,cpu         ] GC(212) User=0.25s Sys=0.00s Real=0.13s
[81.504s][info][gc,start       ] GC(213) Pause Full (Allocation Failure)
[81.504s][info][gc,phases,start] GC(213) Marking Phase
[81.853s][info][gc,phases      ] GC(213) Marking Phase 348.144ms
[81.853s][info][gc,phases,start] GC(213) Summary Phase
[81.853s][info][gc,phases      ] GC(213) Summary Phase 0.030ms
[81.853s][info][gc,phases,start] GC(213) Forward
[81.962s][info][gc,phases      ] GC(213) Forward 109.801ms
[81.962s][info][gc,phases,start] GC(213) Adjust Pointers
[82.244s][info][gc,phases      ] GC(213) Adjust Pointers 281.629ms
[82.244s][info][gc,phases,start] GC(213) Compaction Phase
[82.405s][info][gc,phases      ] GC(213) Compaction Phase 160.828ms
[82.420s][info][gc,phases,start] GC(213) Post Compact
[82.423s][info][gc,phases      ] GC(213) Post Compact 2.357ms
[82.423s][info][gc,heap        ] GC(213) PSYoungGen: 146916K(222720K)->0K(220160K) Eden: 111616K(111616K)->0K(114688K) From: 35300K(111104K)->0K(105472K)
[82.423s][info][gc,heap        ] GC(213) ParOldGen: 619752K(667648K)->489291K(667648K)
[82.423s][info][gc,metaspace   ] GC(213) Metaspace: 17541K(17728K)->17541K(17728K) NonClass: 15735K(15872K)->15735K(15872K) Class: 1805K(1856K)->1805K(1856K)
[82.423s][info][gc             ] GC(213) Pause Full (Allocation Failure) 748M->477M(867M) 918.673ms
[82.423s][info][gc,cpu         ] GC(213) User=1.73s Sys=0.00s Real=0.92s
[82.592s][info][gc,start       ] GC(214) Pause Young (Allocation Failure)
[82.594s][info][gc,heap        ] GC(214) PSYoungGen: 114688K(220160K)->64K(222720K) Eden: 114688K(114688K)->0K(114688K) From: 0K(105472K)->64K(108032K)
[82.594s][info][gc,heap        ] GC(214) ParOldGen: 489291K(667648K)->489291K(667648K)
[82.594s][info][gc,metaspace   ] GC(214) Metaspace: 17541K(17728K)->17541K(17728K) NonClass: 15735K(15872K)->15735K(15872K) Class: 1805K(1856K)->1805K(1856K)
[82.594s][info][gc             ] GC(214) Pause Young (Allocation Failure) 589M->477M(869M) 1.836ms
[82.594s][info][gc,cpu         ] GC(214) User=0.01s Sys=0.00s Real=0.00s
[82.769s][info][gc,start       ] GC(215) Pause Young (Allocation Failure)
[82.771s][info][gc,heap        ] GC(215) PSYoungGen: 114752K(222720K)->64K(224768K) Eden: 114688K(114688K)->0K(115712K) From: 64K(108032K)->64K(109056K)
[82.771s][info][gc,heap        ] GC(215) ParOldGen: 489291K(667648K)->489291K(667648K)
[82.771s][info][gc,metaspace   ] GC(215) Metaspace: 17541K(17728K)->17541K(17728K) NonClass: 15735K(15872K)->15735K(15872K) Class: 1805K(1856K)->1805K(1856K)
[82.771s][info][gc             ] GC(215) Pause Young (Allocation Failure) 589M->477M(871M) 1.801ms
[82.771s][info][gc,cpu         ] GC(215) User=0.01s Sys=0.00s Real=0.00s
[82.943s][info][gc,start       ] GC(216) Pause Young (Allocation Failure)
[82.945s][info][gc,heap        ] GC(216) PSYoungGen: 115776K(224768K)->64K(116224K) Eden: 115712K(115712K)->0K(115712K) From: 64K(109056K)->64K(512K)
[82.945s][info][gc,heap        ] GC(216) ParOldGen: 489291K(667648K)->489291K(667648K)
[82.945s][info][gc,metaspace   ] GC(216) Metaspace: 17541K(17728K)->17541K(17728K) NonClass: 15735K(15872K)->15735K(15872K) Class: 1805K(1856K)->1805K(1856K)
[82.945s][info][gc             ] GC(216) Pause Young (Allocation Failure) 590M->477M(765M) 1.890ms
[82.945s][info][gc,cpu         ] GC(216) User=0.00s Sys=0.00s Real=0.01s
[83.111s][info][gc,start       ] GC(217) Pause Young (Allocation Failure)
[83.113s][info][gc,heap        ] GC(217) PSYoungGen: 115776K(116224K)->64K(225280K) Eden: 115712K(115712K)->0K(117760K) From: 64K(512K)->64K(107520K)
[83.113s][info][gc,heap        ] GC(217) ParOldGen: 489291K(667648K)->489291K(667648K)
[83.113s][info][gc,metaspace   ] GC(217) Metaspace: 17541K(17728K)->17541K(17728K) NonClass: 15735K(15872K)->15735K(15872K) Class: 1805K(1856K)->1805K(1856K)
[83.113s][info][gc             ] GC(217) Pause Young (Allocation Failure) 590M->477M(872M) 1.786ms
[83.113s][info][gc,cpu         ] GC(217) User=0.00s Sys=0.00s Real=0.00s
[83.243s][info][gc,start       ] GC(218) Pause Young (Allocation Failure)
[83.262s][info][gc,heap        ] GC(218) PSYoungGen: 117824K(225280K)->14656K(132608K) Eden: 117760K(117760K)->0K(117760K) From: 64K(107520K)->14656K(14848K)
[83.262s][info][gc,heap        ] GC(218) ParOldGen: 489291K(667648K)->489291K(667648K)
[83.262s][info][gc,metaspace   ] GC(218) Metaspace: 17541K(17728K)->17541K(17728K) NonClass: 15736K(15872K)->15736K(15872K) Class: 1805K(1856K)->1805K(1856K)
[83.262s][info][gc             ] GC(218) Pause Young (Allocation Failure) 592M->492M(781M) 18.537ms
[83.262s][info][gc,cpu         ] GC(218) User=0.04s Sys=0.00s Real=0.02s
[83.380s][info][gc,start       ] GC(219) Pause Young (Allocation Failure)
[83.412s][info][gc,heap        ] GC(219) PSYoungGen: 132416K(132608K)->28096K(212992K) Eden: 117760K(117760K)->0K(123904K) From: 14656K(14848K)->28096K(89088K)
[83.412s][info][gc,heap        ] GC(219) ParOldGen: 489291K(667648K)->489291K(667648K)
[83.412s][info][gc,metaspace   ] GC(219) Metaspace: 17541K(17728K)->17541K(17728K) NonClass: 15736K(15872K)->15736K(15872K) Class: 1805K(1856K)->1805K(1856K)
[83.412s][info][gc             ] GC(219) Pause Young (Allocation Failure) 607M->505M(860M) 31.580ms
[83.412s][info][gc,cpu         ] GC(219) User=0.06s Sys=0.01s Real=0.03s
[83.506s][info][gc,start       ] GC(220) Pause Young (Allocation Failure)
[83.541s][info][gc,heap        ] GC(220) PSYoungGen: 152000K(212992K)->33344K(217088K) Eden: 123904K(123904K)->0K(123904K) From: 28096K(89088K)->33344K(93184K)
[83.541s][info][gc,heap        ] GC(220) ParOldGen: 489291K(667648K)->489291K(667648K)
[83.541s][info][gc,metaspace   ] GC(220) Metaspace: 17541K(17728K)->17541K(17728K) NonClass: 15736K(15872K)->15736K(15872K) Class: 1805K(1856K)->1805K(1856K)
[83.541s][info][gc             ] GC(220) Pause Young (Allocation Failure) 626M->510M(864M) 35.508ms
[83.541s][info][gc,cpu         ] GC(220) User=0.07s Sys=0.00s Real=0.03s
[83.651s][info][gc,start       ] GC(221) Pause Young (Allocation Failure)
[83.688s][info][gc,heap        ] GC(221) PSYoungGen: 157248K(217088K)->33760K(213504K) Eden: 123904K(123904K)->0K(132096K) From: 33344K(93184K)->33760K(81408K)
[83.688s][info][gc,heap        ] GC(221) ParOldGen: 489291K(667648K)->489291K(667648K)
[83.688s][info][gc,metaspace   ] GC(221) Metaspace: 17541K(17728K)->17541K(17728K) NonClass: 15736K(15872K)->15736K(15872K) Class: 1805K(1856K)->1805K(1856K)
[83.688s][info][gc             ] GC(221) Pause Young (Allocation Failure) 631M->510M(860M) 36.443ms
[83.688s][info][gc,cpu         ] GC(221) User=0.07s Sys=0.00s Real=0.04s
[83.809s][info][gc,start       ] GC(222) Pause Young (Allocation Failure)
[83.847s][info][gc,heap        ] GC(222) PSYoungGen: 165856K(213504K)->35296K(217088K) Eden: 132096K(132096K)->0K(132096K) From: 33760K(81408K)->35296K(84992K)
[83.847s][info][gc,heap        ] GC(222) ParOldGen: 489291K(667648K)->489291K(667648K)
[83.847s][info][gc,metaspace   ] GC(222) Metaspace: 17541K(17728K)->17541K(17728K) NonClass: 15736K(15872K)->15736K(15872K) Class: 1805K(1856K)->1805K(1856K)
[83.847s][info][gc             ] GC(222) Pause Young (Allocation Failure) 639M->512M(864M) 37.327ms
[83.847s][info][gc,cpu         ] GC(222) User=0.07s Sys=0.00s Real=0.04s
[84.011s][info][gc,start       ] GC(223) Pause Young (Allocation Failure)
[84.055s][info][gc,heap        ] GC(223) PSYoungGen: 167392K(217088K)->42816K(222208K) Eden: 132096K(132096K)->0K(141312K) From: 35296K(84992K)->42816K(80896K)
[84.055s][info][gc,heap        ] GC(223) ParOldGen: 489291K(667648K)->489291K(667648K)
[84.055s][info][gc,metaspace   ] GC(223) Metaspace: 17541K(17728K)->17541K(17728K) NonClass: 15736K(15872K)->15736K(15872K) Class: 1805K(1856K)->1805K(1856K)
[84.055s][info][gc             ] GC(223) Pause Young (Allocation Failure) 641M->519M(869M) 44.407ms
[84.055s][info][gc,cpu         ] GC(223) User=0.08s Sys=0.00s Real=0.05s
[84.312s][info][gc,start       ] GC(224) Pause Young (Allocation Failure)
[84.357s][info][gc,heap        ] GC(224) PSYoungGen: 184128K(222208K)->44000K(222720K) Eden: 141312K(141312K)->0K(141312K) From: 42816K(80896K)->44000K(81408K)
[84.358s][info][gc,heap        ] GC(224) ParOldGen: 489291K(667648K)->489291K(667648K)
[84.358s][info][gc,metaspace   ] GC(224) Metaspace: 17542K(17728K)->17542K(17728K) NonClass: 15736K(15872K)->15736K(15872K) Class: 1805K(1856K)->1805K(1856K)
[84.358s][info][gc             ] GC(224) Pause Young (Allocation Failure) 657M->520M(869M) 45.868ms
[84.358s][info][gc,cpu         ] GC(224) User=0.10s Sys=0.00s Real=0.05s
[84.642s][info][gc,start       ] GC(225) Pause Young (Allocation Failure)
[84.687s][info][gc,heap        ] GC(225) PSYoungGen: 185312K(222720K)->44128K(229888K) Eden: 141312K(141312K)->0K(150016K) From: 44000K(81408K)->44128K(79872K)
[84.687s][info][gc,heap        ] GC(225) ParOldGen: 489291K(667648K)->489291K(667648K)
[84.687s][info][gc,metaspace   ] GC(225) Metaspace: 17542K(17728K)->17542K(17728K) NonClass: 15736K(15872K)->15736K(15872K) Class: 1805K(1856K)->1805K(1856K)
[84.688s][info][gc             ] GC(225) Pause Young (Allocation Failure) 658M->520M(876M) 45.836ms
[84.688s][info][gc,cpu         ] GC(225) User=0.09s Sys=0.00s Real=0.05s
[85.061s][info][gc,start       ] GC(226) Pause Young (Allocation Failure)
[85.107s][info][gc,heap        ] GC(226) PSYoungGen: 194144K(229888K)->44160K(230912K) Eden: 150016K(150016K)->0K(150016K) From: 44128K(79872K)->44160K(80896K)
[85.107s][info][gc,heap        ] GC(226) ParOldGen: 489291K(667648K)->489291K(667648K)
[85.107s][info][gc,metaspace   ] GC(226) Metaspace: 17542K(17728K)->17542K(17728K) NonClass: 15736K(15872K)->15736K(15872K) Class: 1805K(1856K)->1805K(1856K)
[85.107s][info][gc             ] GC(226) Pause Young (Allocation Failure) 667M->520M(877M) 45.936ms
[85.107s][info][gc,cpu         ] GC(226) User=0.09s Sys=0.00s Real=0.05s
[85.394s][info][gc,start       ] GC(227) Pause Young (Allocation Failure)
[85.442s][info][gc,heap        ] GC(227) PSYoungGen: 194176K(230912K)->44160K(237056K) Eden: 150016K(150016K)->0K(158720K) From: 44160K(80896K)->44160K(78336K)
[85.442s][info][gc,heap        ] GC(227) ParOldGen: 489291K(667648K)->489291K(667648K)
[85.442s][info][gc,metaspace   ] GC(227) Metaspace: 17542K(17728K)->17542K(17728K) NonClass: 15736K(15872K)->15736K(15872K) Class: 1805K(1856K)->1805K(1856K)
[85.442s][info][gc             ] GC(227) Pause Young (Allocation Failure) 667M->520M(883M) 48.634ms
[85.442s][info][gc,cpu         ] GC(227) User=0.09s Sys=0.00s Real=0.05s
[85.688s][info][gc,start       ] GC(228) Pause Young (Allocation Failure)
[85.752s][info][gc,heap        ] GC(228) PSYoungGen: 202880K(237056K)->58144K(238080K) Eden: 158720K(158720K)->0K(158720K) From: 44160K(78336K)->58144K(79360K)
[85.752s][info][gc,heap        ] GC(228) ParOldGen: 489291K(667648K)->489291K(667648K)
[85.752s][info][gc,metaspace   ] GC(228) Metaspace: 17542K(17728K)->17542K(17728K) NonClass: 15736K(15872K)->15736K(15872K) Class: 1805K(1856K)->1805K(1856K)
[85.752s][info][gc             ] GC(228) Pause Young (Allocation Failure) 675M->534M(884M) 64.438ms
[85.752s][info][gc,cpu         ] GC(228) User=0.13s Sys=0.00s Real=0.06s
[85.961s][info][gc,start       ] GC(229) Pause Young (Allocation Failure)
[86.055s][info][gc,heap        ] GC(229) PSYoungGen: 216864K(238080K)->83424K(222720K) Eden: 158720K(158720K)->0K(139264K) From: 58144K(79360K)->83424K(83456K)
[86.055s][info][gc,heap        ] GC(229) ParOldGen: 489291K(667648K)->492859K(667648K)
[86.055s][info][gc,metaspace   ] GC(229) Metaspace: 17542K(17728K)->17542K(17728K) NonClass: 15736K(15872K)->15736K(15872K) Class: 1805K(1856K)->1805K(1856K)
[86.055s][info][gc             ] GC(229) Pause Young (Allocation Failure) 689M->562M(869M) 94.715ms
[86.055s][info][gc,cpu         ] GC(229) User=0.17s Sys=0.02s Real=0.10s
[86.325s][info][gc,start       ] GC(230) Pause Young (Allocation Failure)
[86.423s][info][gc,heap        ] GC(230) PSYoungGen: 222688K(222720K)->97280K(236544K) Eden: 139264K(139264K)->0K(139264K) From: 83424K(83456K)->97280K(97280K)
[86.423s][info][gc,heap        ] GC(230) ParOldGen: 492859K(667648K)->507412K(667648K)
[86.423s][info][gc,metaspace   ] GC(230) Metaspace: 17550K(17728K)->17550K(17728K) NonClass: 15744K(15872K)->15744K(15872K) Class: 1805K(1856K)->1805K(1856K)
[86.424s][info][gc             ] GC(230) Pause Young (Allocation Failure) 698M->590M(883M) 98.079ms
[86.424s][info][gc,cpu         ] GC(230) User=0.19s Sys=0.00s Real=0.09s
[86.711s][info][gc,start       ] GC(231) Pause Young (Allocation Failure)
[86.826s][info][gc,heap        ] GC(231) PSYoungGen: 236544K(236544K)->95456K(208896K) Eden: 139264K(139264K)->0K(111616K) From: 97280K(97280K)->95456K(97280K)
[86.826s][info][gc,heap        ] GC(231) ParOldGen: 507412K(667648K)->522076K(667648K)
[86.826s][info][gc,metaspace   ] GC(231) Metaspace: 17573K(17728K)->17573K(17728K) NonClass: 15765K(15872K)->15765K(15872K) Class: 1808K(1856K)->1808K(1856K)
[86.826s][info][gc             ] GC(231) Pause Young (Allocation Failure) 726M->603M(856M) 115.178ms
[86.826s][info][gc,cpu         ] GC(231) User=0.23s Sys=0.00s Real=0.12s
[86.995s][info][gc,start       ] GC(232) Pause Young (Allocation Failure)
[87.105s][info][gc,heap        ] GC(232) PSYoungGen: 207072K(208896K)->79424K(222720K) Eden: 111616K(111616K)->0K(111616K) From: 95456K(97280K)->79424K(111104K)
[87.105s][info][gc,heap        ] GC(232) ParOldGen: 522076K(667648K)->540852K(667648K)
[87.105s][info][gc,metaspace   ] GC(232) Metaspace: 17573K(17728K)->17573K(17728K) NonClass: 15765K(15872K)->15765K(15872K) Class: 1808K(1856K)->1808K(1856K)
[87.105s][info][gc             ] GC(232) Pause Young (Allocation Failure) 712M->605M(869M) 110.500ms
[87.105s][info][gc,cpu         ] GC(232) User=0.22s Sys=0.00s Real=0.11s
[87.262s][info][gc,start       ] GC(233) Pause Young (Allocation Failure)
[87.350s][info][gc,heap        ] GC(233) PSYoungGen: 191040K(222720K)->77504K(222720K) Eden: 111616K(111616K)->0K(111616K) From: 79424K(111104K)->77504K(111104K)
[87.350s][info][gc,heap        ] GC(233) ParOldGen: 540852K(667648K)->542788K(667648K)
[87.350s][info][gc,metaspace   ] GC(233) Metaspace: 17573K(17728K)->17573K(17728K) NonClass: 15765K(15872K)->15765K(15872K) Class: 1808K(1856K)->1808K(1856K)
[87.350s][info][gc             ] GC(233) Pause Young (Allocation Failure) 714M->605M(869M) 87.421ms
[87.350s][info][gc,cpu         ] GC(233) User=0.17s Sys=0.00s Real=0.09s
[87.508s][info][gc,start       ] GC(234) Pause Young (Allocation Failure)
[87.593s][info][gc,heap        ] GC(234) PSYoungGen: 189120K(222720K)->68896K(222720K) Eden: 111616K(111616K)->0K(111616K) From: 77504K(111104K)->68896K(111104K)
[87.593s][info][gc,heap        ] GC(234) ParOldGen: 542788K(667648K)->551436K(667648K)
[87.593s][info][gc,metaspace   ] GC(234) Metaspace: 17573K(17728K)->17573K(17728K) NonClass: 15765K(15872K)->15765K(15872K) Class: 1808K(1856K)->1808K(1856K)
[87.594s][info][gc             ] GC(234) Pause Young (Allocation Failure) 714M->605M(869M) 85.051ms
[87.594s][info][gc,cpu         ] GC(234) User=0.17s Sys=0.00s Real=0.08s
[87.758s][info][gc,start       ] GC(235) Pause Young (Allocation Failure)
[87.836s][info][gc,heap        ] GC(235) PSYoungGen: 180512K(222720K)->68768K(222720K) Eden: 111616K(111616K)->0K(111616K) From: 68896K(111104K)->68768K(111104K)
[87.836s][info][gc,heap        ] GC(235) ParOldGen: 551436K(667648K)->551564K(667648K)
[87.836s][info][gc,metaspace   ] GC(235) Metaspace: 17573K(17728K)->17573K(17728K) NonClass: 15765K(15872K)->15765K(15872K) Class: 1808K(1856K)->1808K(1856K)
[87.836s][info][gc             ] GC(235) Pause Young (Allocation Failure) 714M->605M(869M) 77.730ms
[87.836s][info][gc,cpu         ] GC(235) User=0.16s Sys=0.00s Real=0.08s
[87.993s][info][gc,start       ] GC(236) Pause Young (Allocation Failure)
[88.069s][info][gc,heap        ] GC(236) PSYoungGen: 180384K(222720K)->54752K(222720K) Eden: 111616K(111616K)->0K(111616K) From: 68768K(111104K)->54752K(111104K)
[88.069s][info][gc,heap        ] GC(236) ParOldGen: 551564K(667648K)->565636K(667648K)
[88.069s][info][gc,metaspace   ] GC(236) Metaspace: 17573K(17728K)->17573K(17728K) NonClass: 15765K(15872K)->15765K(15872K) Class: 1808K(1856K)->1808K(1856K)
[88.069s][info][gc             ] GC(236) Pause Young (Allocation Failure) 714M->605M(869M) 75.664ms
[88.069s][info][gc,cpu         ] GC(236) User=0.15s Sys=0.00s Real=0.08s
[88.225s][info][gc,start       ] GC(237) Pause Young (Allocation Failure)
[88.281s][info][gc,heap        ] GC(237) PSYoungGen: 166368K(222720K)->15456K(222720K) Eden: 111616K(111616K)->0K(111616K) From: 54752K(111104K)->15456K(111104K)
[88.282s][info][gc,heap        ] GC(237) ParOldGen: 565636K(667648K)->605324K(667648K)
[88.282s][info][gc,metaspace   ] GC(237) Metaspace: 17573K(17728K)->17573K(17728K) NonClass: 15765K(15872K)->15765K(15872K) Class: 1808K(1856K)->1808K(1856K)
[88.282s][info][gc             ] GC(237) Pause Young (Allocation Failure) 714M->606M(869M) 57.101ms
[88.282s][info][gc,cpu         ] GC(237) User=0.11s Sys=0.00s Real=0.06s
[88.439s][info][gc,start       ] GC(238) Pause Young (Allocation Failure)
[88.468s][info][gc,heap        ] GC(238) PSYoungGen: 127072K(222720K)->32K(222720K) Eden: 111616K(111616K)->0K(111616K) From: 15456K(111104K)->32K(111104K)
[88.468s][info][gc,heap        ] GC(238) ParOldGen: 605324K(667648K)->620804K(667648K)
[88.468s][info][gc,metaspace   ] GC(238) Metaspace: 17573K(17728K)->17573K(17728K) NonClass: 15765K(15872K)->15765K(15872K) Class: 1808K(1856K)->1808K(1856K)
[88.468s][info][gc             ] GC(238) Pause Young (Allocation Failure) 715M->606M(869M) 28.809ms
[88.468s][info][gc,cpu         ] GC(238) User=0.05s Sys=0.00s Real=0.03s
[88.625s][info][gc,start       ] GC(239) Pause Young (Allocation Failure)
[88.627s][info][gc,heap        ] GC(239) PSYoungGen: 111648K(222720K)->64K(222720K) Eden: 111616K(111616K)->0K(111616K) From: 32K(111104K)->64K(111104K)
[88.627s][info][gc,heap        ] GC(239) ParOldGen: 620804K(667648K)->620804K(667648K)
[88.627s][info][gc,metaspace   ] GC(239) Metaspace: 17573K(17728K)->17573K(17728K) NonClass: 15765K(15872K)->15765K(15872K) Class: 1808K(1856K)->1808K(1856K)
[88.628s][info][gc             ] GC(239) Pause Young (Allocation Failure) 715M->606M(869M) 2.077ms
[88.628s][info][gc,cpu         ] GC(239) User=0.01s Sys=0.00s Real=0.00s
[88.785s][info][gc,start       ] GC(240) Pause Young (Allocation Failure)
[88.787s][info][gc,heap        ] GC(240) PSYoungGen: 111680K(222720K)->64K(222720K) Eden: 111616K(111616K)->0K(111616K) From: 64K(111104K)->64K(111104K)
[88.787s][info][gc,heap        ] GC(240) ParOldGen: 620804K(667648K)->620804K(667648K)
[88.787s][info][gc,metaspace   ] GC(240) Metaspace: 17573K(17728K)->17573K(17728K) NonClass: 15765K(15872K)->15765K(15872K) Class: 1808K(1856K)->1808K(1856K)
[88.787s][info][gc             ] GC(240) Pause Young (Allocation Failure) 715M->606M(869M) 2.158ms
[88.787s][info][gc,cpu         ] GC(240) User=0.01s Sys=0.00s Real=0.00s
[88.926s][info][gc,start       ] GC(241) Pause Young (Allocation Failure)
[88.940s][info][gc,heap        ] GC(241) PSYoungGen: 111680K(222720K)->9344K(222720K) Eden: 111616K(111616K)->0K(111616K) From: 64K(111104K)->9344K(111104K)
[88.940s][info][gc,heap        ] GC(241) ParOldGen: 620804K(667648K)->620804K(667648K)
[88.940s][info][gc,metaspace   ] GC(241) Metaspace: 17573K(17728K)->17573K(17728K) NonClass: 15765K(15872K)->15765K(15872K) Class: 1808K(1856K)->1808K(1856K)
[88.940s][info][gc             ] GC(241) Pause Young (Allocation Failure) 715M->615M(869M) 13.753ms
[88.940s][info][gc,cpu         ] GC(241) User=0.03s Sys=0.00s Real=0.01s
[89.054s][info][gc,start       ] GC(242) Pause Young (Allocation Failure)
[89.080s][info][gc,heap        ] GC(242) PSYoungGen: 120960K(222720K)->23232K(222720K) Eden: 111616K(111616K)->0K(111616K) From: 9344K(111104K)->23232K(111104K)
[89.080s][info][gc,heap        ] GC(242) ParOldGen: 620804K(667648K)->620804K(667648K)
[89.080s][info][gc,metaspace   ] GC(242) Metaspace: 17573K(17728K)->17573K(17728K) NonClass: 15765K(15872K)->15765K(15872K) Class: 1808K(1856K)->1808K(1856K)
[89.080s][info][gc             ] GC(242) Pause Young (Allocation Failure) 724M->628M(869M) 26.234ms
[89.081s][info][gc,cpu         ] GC(242) User=0.06s Sys=0.00s Real=0.03s
[89.183s][info][gc,start       ] GC(243) Pause Young (Allocation Failure)
[89.216s][info][gc,heap        ] GC(243) PSYoungGen: 134848K(222720K)->4992K(222720K) Eden: 111616K(111616K)->0K(111616K) From: 23232K(111104K)->4992K(111104K)
[89.216s][info][gc,heap        ] GC(243) ParOldGen: 620804K(667648K)->644084K(667648K)
[89.216s][info][gc,metaspace   ] GC(243) Metaspace: 17573K(17728K)->17573K(17728K) NonClass: 15765K(15872K)->15765K(15872K) Class: 1808K(1856K)->1808K(1856K)
[89.216s][info][gc             ] GC(243) Pause Young (Allocation Failure) 737M->633M(869M) 33.422ms
[89.216s][info][gc,cpu         ] GC(243) User=0.06s Sys=0.01s Real=0.04s
[89.354s][info][gc,start       ] GC(244) Pause Full (Allocation Failure)
[89.354s][info][gc,phases,start] GC(244) Marking Phase
[89.580s][info][gc,phases      ] GC(244) Marking Phase 225.290ms
[89.580s][info][gc,phases,start] GC(244) Summary Phase
[89.580s][info][gc,phases      ] GC(244) Summary Phase 0.058ms
[89.580s][info][gc,phases,start] GC(244) Forward
[89.650s][info][gc,phases      ] GC(244) Forward 69.911ms
[89.650s][info][gc,phases,start] GC(244) Adjust Pointers
[89.843s][info][gc,phases      ] GC(244) Adjust Pointers 192.836ms
[89.843s][info][gc,phases,start] GC(244) Compaction Phase
[89.942s][info][gc,phases      ] GC(244) Compaction Phase 99.274ms
[89.949s][info][gc,phases,start] GC(244) Post Compact
[89.952s][info][gc,phases      ] GC(244) Post Compact 2.332ms
[89.958s][info][gc,heap        ] GC(244) PSYoungGen: 116608K(222720K)->0K(222720K) Eden: 111616K(111616K)->0K(111616K) From: 4992K(111104K)->0K(111104K)
[89.958s][info][gc,heap        ] GC(244) ParOldGen: 644084K(667648K)->336413K(595456K)
[89.958s][info][gc,metaspace   ] GC(244) Metaspace: 17573K(17728K)->17573K(17728K) NonClass: 15765K(15872K)->15765K(15872K) Class: 1808K(1856K)->1808K(1856K)
[89.958s][info][gc             ] GC(244) Pause Full (Allocation Failure) 742M->328M(799M) 603.859ms
[89.958s][info][gc,cpu         ] GC(244) User=1.12s Sys=0.01s Real=0.61s
[90.068s][info][gc,start       ] GC(245) Pause Young (Allocation Failure)
[90.077s][info][gc,heap        ] GC(245) PSYoungGen: 111616K(222720K)->2816K(219648K) Eden: 111616K(111616K)->0K(111616K) From: 0K(111104K)->2816K(108032K)
[90.077s][info][gc,heap        ] GC(245) ParOldGen: 336413K(595456K)->336413K(595456K)
[90.077s][info][gc,metaspace   ] GC(245) Metaspace: 17573K(17728K)->17573K(17728K) NonClass: 15765K(15872K)->15765K(15872K) Class: 1808K(1856K)->1808K(1856K)
[90.077s][info][gc             ] GC(245) Pause Young (Allocation Failure) 437M->331M(796M) 8.751ms
[90.077s][info][gc,cpu         ] GC(245) User=0.01s Sys=0.00s Real=0.01s
[90.191s][info][gc,start       ] GC(246) Pause Young (Allocation Failure)
[90.197s][info][gc,heap        ] GC(246) PSYoungGen: 114432K(219648K)->2944K(221184K) Eden: 111616K(111616K)->0K(111616K) From: 2816K(108032K)->2944K(109568K)
[90.197s][info][gc,heap        ] GC(246) ParOldGen: 336413K(595456K)->336413K(595456K)
[90.197s][info][gc,metaspace   ] GC(246) Metaspace: 17573K(17728K)->17573K(17728K) NonClass: 15765K(15872K)->15765K(15872K) Class: 1808K(1856K)->1808K(1856K)
[90.197s][info][gc             ] GC(246) Pause Young (Allocation Failure) 440M->331M(797M) 5.907ms
[90.197s][info][gc,cpu         ] GC(246) User=0.01s Sys=0.00s Real=0.01s
[90.317s][info][gc,start       ] GC(247) Pause Young (Allocation Failure)
[90.355s][info][gc,heap        ] GC(247) PSYoungGen: 114560K(221184K)->26752K(209408K) Eden: 111616K(111616K)->0K(117760K) From: 2944K(109568K)->26752K(91648K)
[90.355s][info][gc,heap        ] GC(247) ParOldGen: 336413K(595456K)->336413K(595456K)
[90.355s][info][gc,metaspace   ] GC(247) Metaspace: 17596K(17728K)->17596K(17728K) NonClass: 15788K(15872K)->15788K(15872K) Class: 1808K(1856K)->1808K(1856K)
[90.355s][info][gc             ] GC(247) Pause Young (Allocation Failure) 440M->354M(786M) 37.825ms
[90.355s][info][gc,cpu         ] GC(247) User=0.07s Sys=0.00s Real=0.04s
[90.456s][info][gc,start       ] GC(248) Pause Young (Allocation Failure)
[90.505s][info][gc,heap        ] GC(248) PSYoungGen: 144512K(209408K)->43904K(216064K) Eden: 117760K(117760K)->0K(117760K) From: 26752K(91648K)->43904K(98304K)
[90.505s][info][gc,heap        ] GC(248) ParOldGen: 336413K(595456K)->336413K(595456K)
[90.505s][info][gc,metaspace   ] GC(248) Metaspace: 17596K(17728K)->17596K(17728K) NonClass: 15788K(15872K)->15788K(15872K) Class: 1808K(1856K)->1808K(1856K)
[90.505s][info][gc             ] GC(248) Pause Young (Allocation Failure) 469M->371M(792M) 48.937ms
[90.505s][info][gc,cpu         ] GC(248) User=0.10s Sys=0.00s Real=0.05s
[90.638s][info][gc,start       ] GC(249) Pause Young (Allocation Failure)
[90.705s][info][gc,heap        ] GC(249) PSYoungGen: 161664K(216064K)->60448K(219648K) Eden: 117760K(117760K)->0K(121856K) From: 43904K(98304K)->60448K(97792K)
[90.705s][info][gc,heap        ] GC(249) ParOldGen: 336413K(595456K)->336413K(595456K)
[90.705s][info][gc,metaspace   ] GC(249) Metaspace: 17596K(17728K)->17596K(17728K) NonClass: 15788K(15872K)->15788K(15872K) Class: 1808K(1856K)->1808K(1856K)
[90.705s][info][gc             ] GC(249) Pause Young (Allocation Failure) 486M->387M(796M) 66.948ms
[90.705s][info][gc,cpu         ] GC(249) User=0.13s Sys=0.00s Real=0.07s
[90.899s][info][gc,start       ] GC(250) Pause Young (Allocation Failure)
[90.994s][info][gc,heap        ] GC(250) PSYoungGen: 182304K(219648K)->87040K(208896K) Eden: 121856K(121856K)->0K(121856K) From: 60448K(97792K)->87040K(87040K)
[90.994s][info][gc,heap        ] GC(250) ParOldGen: 336413K(595456K)->336413K(595456K)
[90.994s][info][gc,metaspace   ] GC(250) Metaspace: 17596K(17728K)->17596K(17728K) NonClass: 15788K(15872K)->15788K(15872K) Class: 1808K(1856K)->1808K(1856K)
[90.994s][info][gc             ] GC(250) Pause Young (Allocation Failure) 506M->413M(785M) 95.179ms
[90.994s][info][gc,cpu         ] GC(250) User=0.19s Sys=0.00s Real=0.09s
[91.086s][info][gc,start       ] GC(251) Pause Young (Allocation Failure)
[91.181s][info][gc,heap        ] GC(251) PSYoungGen: 208896K(208896K)->90912K(222720K) Eden: 121856K(121856K)->0K(111616K) From: 87040K(87040K)->90912K(111104K)
[91.181s][info][gc,heap        ] GC(251) ParOldGen: 336413K(595456K)->339309K(595456K)
[91.181s][info][gc,metaspace   ] GC(251) Metaspace: 17597K(17728K)->17597K(17728K) NonClass: 15788K(15872K)->15788K(15872K) Class: 1808K(1856K)->1808K(1856K)
[91.181s][info][gc             ] GC(251) Pause Young (Allocation Failure) 532M->420M(799M) 94.627ms
[91.181s][info][gc,cpu         ] GC(251) User=0.19s Sys=0.00s Real=0.09s
[91.283s][info][gc,start       ] GC(252) Pause Young (Allocation Failure)
[91.380s][info][gc,heap        ] GC(252) PSYoungGen: 202528K(222720K)->52544K(222720K) Eden: 111616K(111616K)->0K(111616K) From: 90912K(111104K)->52544K(111104K)
[91.380s][info][gc,heap        ] GC(252) ParOldGen: 339309K(595456K)->380413K(595456K)
[91.380s][info][gc,metaspace   ] GC(252) Metaspace: 17597K(17728K)->17597K(17728K) NonClass: 15788K(15872K)->15788K(15872K) Class: 1808K(1856K)->1808K(1856K)
[91.380s][info][gc             ] GC(252) Pause Young (Allocation Failure) 529M->422M(799M) 96.614ms
[91.380s][info][gc,cpu         ] GC(252) User=0.19s Sys=0.00s Real=0.10s
[91.522s][info][gc,start       ] GC(253) Pause Young (Allocation Failure)
[91.582s][info][gc,heap        ] GC(253) PSYoungGen: 164160K(222720K)->9504K(222720K) Eden: 111616K(111616K)->0K(111616K) From: 52544K(111104K)->9504K(111104K)
[91.582s][info][gc,heap        ] GC(253) ParOldGen: 380413K(595456K)->423685K(595456K)
[91.582s][info][gc,metaspace   ] GC(253) Metaspace: 17597K(17728K)->17597K(17728K) NonClass: 15788K(15872K)->15788K(15872K) Class: 1808K(1856K)->1808K(1856K)
[91.582s][info][gc             ] GC(253) Pause Young (Allocation Failure) 531M->423M(799M) 60.029ms
[91.582s][info][gc,cpu         ] GC(253) User=0.12s Sys=0.00s Real=0.06s
[91.694s][info][gc,start       ] GC(254) Pause Young (Allocation Failure)
[91.713s][info][gc,heap        ] GC(254) PSYoungGen: 121120K(222720K)->1376K(222720K) Eden: 111616K(111616K)->0K(111616K) From: 9504K(111104K)->1376K(111104K)
[91.713s][info][gc,heap        ] GC(254) ParOldGen: 423685K(595456K)->433115K(595456K)
[91.713s][info][gc,metaspace   ] GC(254) Metaspace: 17597K(17728K)->17597K(17728K) NonClass: 15788K(15872K)->15788K(15872K) Class: 1808K(1856K)->1808K(1856K)
[91.713s][info][gc             ] GC(254) Pause Young (Allocation Failure) 532M->424M(799M) 19.851ms
[91.713s][info][gc,cpu         ] GC(254) User=0.04s Sys=0.00s Real=0.02s
[91.846s][info][gc,start       ] GC(255) Pause Young (Allocation Failure)
[91.858s][info][gc,heap        ] GC(255) PSYoungGen: 112992K(222720K)->3552K(222720K) Eden: 111616K(111616K)->0K(111616K) From: 1376K(111104K)->3552K(111104K)
[91.858s][info][gc,heap        ] GC(255) ParOldGen: 433115K(595456K)->434467K(595456K)
[91.858s][info][gc,metaspace   ] GC(255) Metaspace: 17598K(17728K)->17598K(17728K) NonClass: 15789K(15872K)->15789K(15872K) Class: 1808K(1856K)->1808K(1856K)
[91.858s][info][gc             ] GC(255) Pause Young (Allocation Failure) 533M->427M(799M) 11.533ms
[91.858s][info][gc,cpu         ] GC(255) User=0.03s Sys=0.00s Real=0.01s
[91.979s][info][gc,start       ] GC(256) Pause Young (Allocation Failure)
[91.986s][info][gc,heap        ] GC(256) PSYoungGen: 115168K(222720K)->64K(222720K) Eden: 111616K(111616K)->0K(111616K) From: 3552K(111104K)->64K(111104K)
[91.986s][info][gc,heap        ] GC(256) ParOldGen: 434467K(595456K)->438003K(595456K)
[91.986s][info][gc,metaspace   ] GC(256) Metaspace: 17598K(17728K)->17598K(17728K) NonClass: 15789K(15872K)->15789K(15872K) Class: 1808K(1856K)->1808K(1856K)
[91.986s][info][gc             ] GC(256) Pause Young (Allocation Failure) 536M->427M(799M) 6.706ms
[91.986s][info][gc,cpu         ] GC(256) User=0.01s Sys=0.00s Real=0.01s
[92.197s][info][gc,start       ] GC(257) Pause Young (Allocation Failure)
[92.199s][info][gc,heap        ] GC(257) PSYoungGen: 111680K(222720K)->224K(221696K) Eden: 111616K(111616K)->0K(111616K) From: 64K(111104K)->224K(110080K)
[92.199s][info][gc,heap        ] GC(257) ParOldGen: 438003K(595456K)->438035K(595456K)
[92.199s][info][gc,metaspace   ] GC(257) Metaspace: 17598K(17728K)->17598K(17728K) NonClass: 15789K(15872K)->15789K(15872K) Class: 1808K(1856K)->1808K(1856K)
[92.199s][info][gc             ] GC(257) Pause Young (Allocation Failure) 536M->427M(798M) 2.334ms
[92.199s][info][gc,cpu         ] GC(257) User=0.01s Sys=0.00s Real=0.00s
[92.332s][info][gc,start       ] GC(258) Pause Young (Allocation Failure)
[92.362s][info][gc,heap        ] GC(258) PSYoungGen: 111840K(221696K)->28000K(139776K) Eden: 111616K(111616K)->0K(111616K) From: 224K(110080K)->28000K(28160K)
[92.362s][info][gc,heap        ] GC(258) ParOldGen: 438035K(595456K)->438035K(595456K)
[92.362s][info][gc,metaspace   ] GC(258) Metaspace: 17598K(17728K)->17598K(17728K) NonClass: 15789K(15872K)->15789K(15872K) Class: 1808K(1856K)->1808K(1856K)
[92.362s][info][gc             ] GC(258) Pause Young (Allocation Failure) 536M->455M(718M) 30.488ms
[92.362s][info][gc,cpu         ] GC(258) User=0.06s Sys=0.00s Real=0.03s
[92.579s][info][gc,start       ] GC(259) Pause Young (Allocation Failure)
[92.659s][info][gc,heap        ] GC(259) PSYoungGen: 139616K(139776K)->62336K(210944K) Eden: 111616K(111616K)->0K(108032K) From: 28000K(28160K)->62336K(102912K)
[92.659s][info][gc,heap        ] GC(259) ParOldGen: 438035K(595456K)->438035K(595456K)
[92.659s][info][gc,metaspace   ] GC(259) Metaspace: 17613K(17792K)->17613K(17792K) NonClass: 15801K(15936K)->15801K(15936K) Class: 1811K(1856K)->1811K(1856K)
[92.659s][info][gc             ] GC(259) Pause Young (Allocation Failure) 564M->488M(787M) 80.678ms
[92.659s][info][gc,cpu         ] GC(259) User=0.16s Sys=0.00s Real=0.08s
[92.919s][info][gc,start       ] GC(260) Pause Young (Allocation Failure)
[93.017s][info][gc,heap        ] GC(260) PSYoungGen: 170368K(210944K)->100192K(216064K) Eden: 108032K(108032K)->0K(108032K) From: 62336K(102912K)->100192K(108032K)
[93.017s][info][gc,heap        ] GC(260) ParOldGen: 438035K(595456K)->438035K(595456K)
[93.017s][info][gc,metaspace   ] GC(260) Metaspace: 17625K(17792K)->17625K(17792K) NonClass: 15813K(15936K)->15813K(15936K) Class: 1811K(1856K)->1811K(1856K)
[93.017s][info][gc             ] GC(260) Pause Young (Allocation Failure) 594M->525M(792M) 97.649ms
[93.017s][info][gc,cpu         ] GC(260) User=0.19s Sys=0.00s Real=0.10s
[93.151s][info][gc,start       ] GC(261) Pause Young (Allocation Failure)
[93.246s][info][gc,heap        ] GC(261) PSYoungGen: 208224K(216064K)->79848K(222720K) Eden: 108032K(108032K)->0K(111616K) From: 100192K(108032K)->79848K(111104K)
[93.246s][info][gc,heap        ] GC(261) ParOldGen: 438035K(595456K)->466107K(595456K)
[93.246s][info][gc,metaspace   ] GC(261) Metaspace: 17625K(17792K)->17625K(17792K) NonClass: 15813K(15936K)->15813K(15936K) Class: 1811K(1856K)->1811K(1856K)
[93.246s][info][gc             ] GC(261) Pause Young (Allocation Failure) 631M->533M(799M) 94.713ms
[93.246s][info][gc,cpu         ] GC(261) User=0.19s Sys=0.00s Real=0.10s
[93.482s][info][gc,start       ] GC(262) Pause Young (Allocation Failure)
[93.545s][info][gc,heap        ] GC(262) PSYoungGen: 191464K(222720K)->9536K(222720K) Eden: 111616K(111616K)->0K(111616K) From: 79848K(111104K)->9536K(111104K)
[93.546s][info][gc,heap        ] GC(262) ParOldGen: 466107K(595456K)->539142K(595456K)
[93.546s][info][gc,metaspace   ] GC(262) Metaspace: 17625K(17792K)->17625K(17792K) NonClass: 15813K(15936K)->15813K(15936K) Class: 1811K(1856K)->1811K(1856K)
[93.546s][info][gc             ] GC(262) Pause Young (Allocation Failure) 642M->535M(799M) 63.436ms
[93.546s][info][gc,cpu         ] GC(262) User=0.13s Sys=0.00s Real=0.07s
[93.765s][info][gc,start       ] GC(263) Pause Young (Allocation Failure)
[93.778s][info][gc,heap        ] GC(263) PSYoungGen: 121152K(222720K)->128K(222720K) Eden: 111616K(111616K)->0K(111616K) From: 9536K(111104K)->128K(111104K)
[93.778s][info][gc,heap        ] GC(263) ParOldGen: 539142K(595456K)->548702K(595456K)
[93.778s][info][gc,metaspace   ] GC(263) Metaspace: 17625K(17792K)->17625K(17792K) NonClass: 15813K(15936K)->15813K(15936K) Class: 1811K(1856K)->1811K(1856K)
[93.778s][info][gc             ] GC(263) Pause Young (Allocation Failure) 644M->535M(799M) 12.943ms
[93.778s][info][gc,cpu         ] GC(263) User=0.02s Sys=0.00s Real=0.01s
[94.098s][info][gc,start       ] GC(264) Pause Young (Allocation Failure)
[94.107s][info][gc,heap        ] GC(264) PSYoungGen: 111744K(222720K)->416K(222720K) Eden: 111616K(111616K)->0K(111616K) From: 128K(111104K)->416K(111104K)
[94.107s][info][gc,heap        ] GC(264) ParOldGen: 548702K(595456K)->548822K(595456K)
[94.107s][info][gc,metaspace   ] GC(264) Metaspace: 17626K(17792K)->17626K(17792K) NonClass: 15814K(15936K)->15814K(15936K) Class: 1811K(1856K)->1811K(1856K)
[94.107s][info][gc             ] GC(264) Pause Young (Allocation Failure) 644M->536M(799M) 9.214ms
[94.107s][info][gc,cpu         ] GC(264) User=0.01s Sys=0.00s Real=0.01s
[94.354s][info][gc,start       ] GC(265) Pause Young (Allocation Failure)
[94.361s][info][gc,heap        ] GC(265) PSYoungGen: 112032K(222720K)->384K(222720K) Eden: 111616K(111616K)->0K(111616K) From: 416K(111104K)->384K(111104K)
[94.361s][info][gc,heap        ] GC(265) ParOldGen: 548822K(595456K)->549230K(595456K)
[94.361s][info][gc,metaspace   ] GC(265) Metaspace: 17626K(17792K)->17626K(17792K) NonClass: 15814K(15936K)->15814K(15936K) Class: 1811K(1856K)->1811K(1856K)
[94.361s][info][gc             ] GC(265) Pause Young (Allocation Failure) 645M->536M(799M) 7.002ms
[94.361s][info][gc,cpu         ] GC(265) User=0.01s Sys=0.00s Real=0.01s
[94.610s][info][gc,start       ] GC(266) Pause Young (Allocation Failure)
[94.615s][info][gc,heap        ] GC(266) PSYoungGen: 112000K(222720K)->704K(222720K) Eden: 111616K(111616K)->0K(111616K) From: 384K(111104K)->704K(111104K)
[94.615s][info][gc,heap        ] GC(266) ParOldGen: 549230K(595456K)->549566K(595456K)
[94.615s][info][gc,metaspace   ] GC(266) Metaspace: 17626K(17792K)->17626K(17792K) NonClass: 15814K(15936K)->15814K(15936K) Class: 1811K(1856K)->1811K(1856K)
[94.615s][info][gc             ] GC(266) Pause Young (Allocation Failure) 645M->537M(799M) 5.291ms
[94.615s][info][gc,cpu         ] GC(266) User=0.02s Sys=0.00s Real=0.01s
[94.790s][info][gc,start       ] GC(267) Pause Young (Allocation Failure)
[94.796s][info][gc,heap        ] GC(267) PSYoungGen: 112320K(222720K)->1225K(220672K) Eden: 111616K(111616K)->0K(111616K) From: 704K(111104K)->1225K(109056K)
[94.796s][info][gc,heap        ] GC(267) ParOldGen: 549566K(595456K)->550262K(595456K)
[94.796s][info][gc,metaspace   ] GC(267) Metaspace: 17628K(17792K)->17628K(17792K) NonClass: 15816K(15936K)->15816K(15936K) Class: 1811K(1856K)->1811K(1856K)
[94.796s][info][gc             ] GC(267) Pause Young (Allocation Failure) 646M->538M(797M) 6.050ms
[94.796s][info][gc,cpu         ] GC(267) User=0.02s Sys=0.00s Real=0.01s
[94.929s][info][gc,start       ] GC(268) Pause Young (Allocation Failure)
[94.937s][info][gc,heap        ] GC(268) PSYoungGen: 112841K(220672K)->2985K(114688K) Eden: 111616K(111616K)->0K(111616K) From: 1225K(109056K)->2985K(3072K)
[94.937s][info][gc,heap        ] GC(268) ParOldGen: 550262K(595456K)->550262K(595456K)
[94.937s][info][gc,metaspace   ] GC(268) Metaspace: 17630K(17792K)->17630K(17792K) NonClass: 15818K(15936K)->15818K(15936K) Class: 1811K(1856K)->1811K(1856K)
[94.937s][info][gc             ] GC(268) Pause Young (Allocation Failure) 647M->540M(693M) 8.572ms
[94.937s][info][gc,cpu         ] GC(268) User=0.02s Sys=0.00s Real=0.01s
[95.281s][info][gc,start       ] GC(269) Pause Young (Allocation Failure)
[95.310s][info][gc,heap        ] GC(269) PSYoungGen: 114601K(114688K)->4169K(211456K) Eden: 111616K(111616K)->0K(116224K) From: 2985K(3072K)->4169K(95232K)
[95.310s][info][gc,heap        ] GC(269) ParOldGen: 550262K(595456K)->550262K(595456K)
[95.310s][info][gc,metaspace   ] GC(269) Metaspace: 17651K(17792K)->17651K(17792K) NonClass: 15837K(15936K)->15837K(15936K) Class: 1814K(1856K)->1814K(1856K)
[95.310s][info][gc             ] GC(269) Pause Young (Allocation Failure) 649M->541M(788M) 29.172ms
[95.310s][info][gc,cpu         ] GC(269) User=0.06s Sys=0.00s Real=0.03s
[95.573s][info][gc,start       ] GC(270) Pause Young (Allocation Failure)
[95.611s][info][gc,heap        ] GC(270) PSYoungGen: 120393K(211456K)->20330K(136704K) Eden: 116224K(116224K)->0K(116224K) From: 4169K(95232K)->20330K(20480K)
[95.611s][info][gc,heap        ] GC(270) ParOldGen: 550262K(595456K)->550262K(595456K)
[95.611s][info][gc,metaspace   ] GC(270) Metaspace: 17656K(17792K)->17656K(17792K) NonClass: 15842K(15936K)->15842K(15936K) Class: 1814K(1856K)->1814K(1856K)
[95.611s][info][gc             ] GC(270) Pause Young (Allocation Failure) 654M->557M(715M) 38.344ms
[95.611s][info][gc,cpu         ] GC(270) User=0.07s Sys=0.00s Real=0.04s
[95.817s][info][gc,start       ] GC(271) Pause Young (Allocation Failure)
[95.870s][info][gc,heap        ] GC(271) PSYoungGen: 136554K(136704K)->36842K(213504K) Eden: 116224K(116224K)->0K(121856K) From: 20330K(20480K)->36842K(91648K)
[95.870s][info][gc,heap        ] GC(271) ParOldGen: 550262K(595456K)->550262K(595456K)
[95.870s][info][gc,metaspace   ] GC(271) Metaspace: 17656K(17792K)->17656K(17792K) NonClass: 15842K(15936K)->15842K(15936K) Class: 1814K(1856K)->1814K(1856K)
[95.870s][info][gc             ] GC(271) Pause Young (Allocation Failure) 670M->573M(790M) 52.849ms
[95.870s][info][gc,cpu         ] GC(271) User=0.10s Sys=0.00s Real=0.05s
[96.023s][info][gc,start       ] GC(272) Pause Young (Allocation Failure)
[96.094s][info][gc,heap        ] GC(272) PSYoungGen: 158698K(213504K)->54154K(212992K) Eden: 121856K(121856K)->0K(121856K) From: 36842K(91648K)->54154K(91136K)
[96.095s][info][gc,heap        ] GC(272) ParOldGen: 550262K(595456K)->550262K(595456K)
[96.095s][info][gc,metaspace   ] GC(272) Metaspace: 17657K(17792K)->17657K(17792K) NonClass: 15842K(15936K)->15842K(15936K) Class: 1814K(1856K)->1814K(1856K)
[96.095s][info][gc             ] GC(272) Pause Young (Allocation Failure) 692M->590M(789M) 71.366ms
[96.095s][info][gc,cpu         ] GC(272) User=0.15s Sys=0.00s Real=0.07s
[96.210s][info][gc,start       ] GC(273) Pause Young (Allocation Failure)
[96.285s][info][gc,heap        ] GC(273) PSYoungGen: 176010K(212992K)->58154K(221184K) Eden: 121856K(121856K)->0K(124928K) From: 54154K(91136K)->58154K(96256K)
[96.285s][info][gc,heap        ] GC(273) ParOldGen: 550262K(595456K)->550262K(595456K)
[96.285s][info][gc,metaspace   ] GC(273) Metaspace: 17663K(17792K)->17663K(17792K) NonClass: 15848K(15936K)->15848K(15936K) Class: 1814K(1856K)->1814K(1856K)
[96.285s][info][gc             ] GC(273) Pause Young (Allocation Failure) 709M->594M(797M) 74.481ms
[96.285s][info][gc,cpu         ] GC(273) User=0.15s Sys=0.00s Real=0.07s
[96.451s][info][gc,start       ] GC(274) Pause Young (Allocation Failure)
[96.528s][info][gc,heap        ] GC(274) PSYoungGen: 183082K(221184K)->60938K(226816K) Eden: 124928K(124928K)->0K(124928K) From: 58154K(96256K)->60938K(101888K)
[96.528s][info][gc,heap        ] GC(274) ParOldGen: 550262K(595456K)->550262K(595456K)
[96.528s][info][gc,metaspace   ] GC(274) Metaspace: 17667K(17792K)->17667K(17792K) NonClass: 15853K(15936K)->15853K(15936K) Class: 1814K(1856K)->1814K(1856K)
[96.528s][info][gc             ] GC(274) Pause Young (Allocation Failure) 716M->596M(803M) 77.251ms
[96.528s][info][gc,cpu         ] GC(274) User=0.16s Sys=0.00s Real=0.08s
[96.722s][info][gc,start       ] GC(275) Pause Young (Allocation Failure)
[96.807s][info][gc,heap        ] GC(275) PSYoungGen: 185866K(226816K)->63754K(218112K) Eden: 124928K(124928K)->0K(111616K) From: 60938K(101888K)->63754K(106496K)
[96.807s][info][gc,heap        ] GC(275) ParOldGen: 550262K(595456K)->550262K(595456K)
[96.807s][info][gc,metaspace   ] GC(275) Metaspace: 17669K(17792K)->17669K(17792K) NonClass: 15854K(15936K)->15854K(15936K) Class: 1814K(1856K)->1814K(1856K)
[96.807s][info][gc             ] GC(275) Pause Young (Allocation Failure) 718M->599M(794M) 85.544ms
[96.807s][info][gc,cpu         ] GC(275) User=0.17s Sys=0.00s Real=0.09s
[96.929s][info][gc,start       ] GC(276) Pause Young (Allocation Failure)
[97.013s][info][gc,heap        ] GC(276) PSYoungGen: 175370K(218112K)->63818K(222720K) Eden: 111616K(111616K)->0K(111616K) From: 63754K(106496K)->63818K(111104K)
[97.013s][info][gc,heap        ] GC(276) ParOldGen: 550262K(595456K)->550262K(595456K)
[97.013s][info][gc,metaspace   ] GC(276) Metaspace: 17670K(17792K)->17670K(17792K) NonClass: 15855K(15936K)->15855K(15936K) Class: 1814K(1856K)->1814K(1856K)
[97.013s][info][gc             ] GC(276) Pause Young (Allocation Failure) 708M->599M(799M) 84.105ms
[97.013s][info][gc,cpu         ] GC(276) User=0.16s Sys=0.00s Real=0.08s
[97.098s][info][gc,start       ] GC(277) Pause Young (Allocation Failure)
[97.184s][info][gc,heap        ] GC(277) PSYoungGen: 175434K(222720K)->60897K(222720K) Eden: 111616K(111616K)->0K(111616K) From: 63818K(111104K)->60897K(111104K)
[97.184s][info][gc,heap        ] GC(277) ParOldGen: 550262K(595456K)->553216K(595456K)
[97.184s][info][gc,metaspace   ] GC(277) Metaspace: 17670K(17792K)->17670K(17792K) NonClass: 15855K(15936K)->15855K(15936K) Class: 1814K(1856K)->1814K(1856K)
[97.184s][info][gc             ] GC(277) Pause Young (Allocation Failure) 708M->599M(799M) 86.060ms
[97.184s][info][gc,cpu         ] GC(277) User=0.17s Sys=0.00s Real=0.08s
[97.421s][info][gc,start       ] GC(278) Pause Young (Allocation Failure)
[97.516s][info][gc,heap        ] GC(278) PSYoungGen: 172513K(222720K)->49664K(222720K) Eden: 111616K(111616K)->0K(111616K) From: 60897K(111104K)->49664K(111104K)
[97.516s][info][gc,heap        ] GC(278) ParOldGen: 553216K(595456K)->570644K(595456K)
[97.516s][info][gc,metaspace   ] GC(278) Metaspace: 17679K(17792K)->17679K(17792K) NonClass: 15861K(15936K)->15861K(15936K) Class: 1818K(1856K)->1818K(1856K)
[97.516s][info][gc             ] GC(278) Pause Young (Allocation Failure) 708M->605M(799M) 94.906ms
[97.516s][info][gc,cpu         ] GC(278) User=0.18s Sys=0.00s Real=0.10s
[97.625s][info][gc,start       ] GC(279) Pause Young (Allocation Failure)
[97.701s][info][gc,heap        ] GC(279) PSYoungGen: 161280K(222720K)->28672K(213504K) Eden: 111616K(111616K)->0K(111616K) From: 49664K(111104K)->28672K(101888K)
[97.701s][info][gc,heap        ] GC(279) ParOldGen: 570644K(595456K)->604476K(604672K)
[97.701s][info][gc,metaspace   ] GC(279) Metaspace: 17679K(17792K)->17679K(17792K) NonClass: 15861K(15936K)->15861K(15936K) Class: 1818K(1856K)->1818K(1856K)
[97.701s][info][gc             ] GC(279) Pause Young (Allocation Failure) 714M->618M(799M) 75.521ms
[97.701s][info][gc,cpu         ] GC(279) User=0.15s Sys=0.01s Real=0.07s
[97.835s][info][gc,start       ] GC(280) Pause Young (Allocation Failure)
[97.888s][info][gc,heap        ] GC(280) PSYoungGen: 140288K(213504K)->36576K(218112K) Eden: 111616K(111616K)->0K(111616K) From: 28672K(101888K)->36576K(106496K)
[97.888s][info][gc,heap        ] GC(280) ParOldGen: 604476K(604672K)->608596K(608768K)
[97.888s][info][gc,metaspace   ] GC(280) Metaspace: 17682K(17792K)->17682K(17792K) NonClass: 15864K(15936K)->15864K(15936K) Class: 1818K(1856K)->1818K(1856K)
[97.888s][info][gc             ] GC(280) Pause Young (Allocation Failure) 727M->630M(807M) 52.929ms
[97.888s][info][gc,cpu         ] GC(280) User=0.11s Sys=0.00s Real=0.05s
[98.107s][info][gc,start       ] GC(281) Pause Young (Allocation Failure)
[98.153s][info][gc,heap        ] GC(281) PSYoungGen: 148192K(218112K)->33824K(211456K) Eden: 111616K(111616K)->0K(122368K) From: 36576K(106496K)->33824K(89088K)
[98.153s][info][gc,heap        ] GC(281) ParOldGen: 608596K(608768K)->611380K(611840K)
[98.153s][info][gc,metaspace   ] GC(281) Metaspace: 17684K(17792K)->17684K(17792K) NonClass: 15865K(15936K)->15865K(15936K) Class: 1818K(1856K)->1818K(1856K)
[98.153s][info][gc             ] GC(281) Pause Young (Allocation Failure) 739M->630M(804M) 45.649ms
[98.153s][info][gc,cpu         ] GC(281) User=0.08s Sys=0.00s Real=0.04s
[98.435s][info][gc,start       ] GC(282) Pause Young (Allocation Failure)
[98.473s][info][gc,heap        ] GC(282) PSYoungGen: 156192K(211456K)->33920K(217600K) Eden: 122368K(122368K)->0K(122368K) From: 33824K(89088K)->33920K(95232K)
[98.473s][info][gc,heap        ] GC(282) ParOldGen: 611380K(611840K)->611380K(611840K)
[98.473s][info][gc,metaspace   ] GC(282) Metaspace: 17690K(17792K)->17690K(17792K) NonClass: 15872K(15936K)->15872K(15936K) Class: 1818K(1856K)->1818K(1856K)
[98.473s][info][gc             ] GC(282) Pause Young (Allocation Failure) 749M->630M(810M) 37.181ms
[98.473s][info][gc,cpu         ] GC(282) User=0.07s Sys=0.00s Real=0.03s
[98.697s][info][gc,start       ] GC(283) Pause Young (Allocation Failure)
[98.734s][info][gc,heap        ] GC(283) PSYoungGen: 156288K(217600K)->34112K(214016K) Eden: 122368K(122368K)->0K(132608K) From: 33920K(95232K)->34112K(81408K)
[98.734s][info][gc,heap        ] GC(283) ParOldGen: 611380K(611840K)->611380K(611840K)
[98.734s][info][gc,metaspace   ] GC(283) Metaspace: 17697K(17856K)->17697K(17856K) NonClass: 15879K(16000K)->15879K(16000K) Class: 1818K(1856K)->1818K(1856K)
[98.734s][info][gc             ] GC(283) Pause Young (Allocation Failure) 749M->630M(806M) 37.641ms
[98.734s][info][gc,cpu         ] GC(283) User=0.07s Sys=0.00s Real=0.03s
[100.572s][info][gc,start       ] GC(284) Pause Young (Allocation Failure)
[100.610s][info][gc,heap        ] GC(284) PSYoungGen: 166720K(214016K)->34516K(218624K) Eden: 132608K(132608K)->0K(132608K) From: 34112K(81408K)->34516K(86016K)
[100.610s][info][gc,heap        ] GC(284) ParOldGen: 611380K(611840K)->611380K(611840K)
[100.610s][info][gc,metaspace   ] GC(284) Metaspace: 17698K(17856K)->17698K(17856K) NonClass: 15880K(16000K)->15880K(16000K) Class: 1818K(1856K)->1818K(1856K)
[100.610s][info][gc             ] GC(284) Pause Young (Allocation Failure) 759M->630M(811M) 38.091ms
[100.610s][info][gc,cpu         ] GC(284) User=0.07s Sys=0.00s Real=0.04s
[101.358s][info][gc,start       ] GC(285) Pause Young (Allocation Failure)
[101.398s][info][gc,heap        ] GC(285) PSYoungGen: 167124K(218624K)->35028K(214016K) Eden: 132608K(132608K)->0K(140800K) From: 34516K(86016K)->35028K(73216K)
[101.398s][info][gc,heap        ] GC(285) ParOldGen: 611380K(611840K)->611380K(611840K)
[101.398s][info][gc,metaspace   ] GC(285) Metaspace: 17707K(17856K)->17707K(17856K) NonClass: 15889K(16000K)->15889K(16000K) Class: 1818K(1856K)->1818K(1856K)
[101.398s][info][gc             ] GC(285) Pause Young (Allocation Failure) 760M->631M(806M) 40.338ms
[101.398s][info][gc,cpu         ] GC(285) User=0.08s Sys=0.00s Real=0.04s
[102.366s][info][gc,start       ] GC(286) Pause Young (Allocation Failure)
[102.406s][info][gc,heap        ] GC(286) PSYoungGen: 175610K(214016K)->36860K(218624K) Eden: 140581K(140800K)->0K(140800K) From: 35028K(73216K)->36860K(77824K)
[102.406s][info][gc,heap        ] GC(286) ParOldGen: 611380K(611840K)->611388K(611840K)
[102.406s][info][gc,metaspace   ] GC(286) Metaspace: 17855K(17984K)->17855K(17984K) NonClass: 16028K(16128K)->16028K(16128K) Class: 1827K(1856K)->1827K(1856K)
[102.407s][info][gc             ] GC(286) Pause Young (Allocation Failure) 768M->633M(811M) 40.611ms
[102.407s][info][gc,cpu         ] GC(286) User=0.08s Sys=0.00s Real=0.04s
[102.837s][info][gc,start       ] GC(287) Pause Young (Allocation Failure)
[102.878s][info][gc,heap        ] GC(287) PSYoungGen: 177631K(218624K)->36693K(214016K) Eden: 140770K(140800K)->0K(147968K) From: 36860K(77824K)->36693K(66048K)
[102.878s][info][gc,heap        ] GC(287) ParOldGen: 611388K(611840K)->611396K(611840K)
[102.878s][info][gc,metaspace   ] GC(287) Metaspace: 17951K(18112K)->17951K(18112K) NonClass: 16122K(16256K)->16122K(16256K) Class: 1828K(1856K)->1828K(1856K)
[102.878s][info][gc             ] GC(287) Pause Young (Allocation Failure) 770M->632M(806M) 40.991ms
[102.878s][info][gc,cpu         ] GC(287) User=0.08s Sys=0.00s Real=0.04s
[103.294s][info][gc,start       ] GC(288) Pause Young (Allocation Failure)
[103.334s][info][gc,heap        ] GC(288) PSYoungGen: 184661K(214016K)->36785K(218112K) Eden: 147968K(147968K)->0K(147968K) From: 36693K(66048K)->36785K(70144K)
[103.334s][info][gc,heap        ] GC(288) ParOldGen: 611396K(611840K)->611404K(611840K)
[103.334s][info][gc,metaspace   ] GC(288) Metaspace: 17974K(18112K)->17974K(18112K) NonClass: 16146K(16256K)->16146K(16256K) Class: 1828K(1856K)->1828K(1856K)
[103.334s][info][gc             ] GC(288) Pause Young (Allocation Failure) 777M->632M(810M) 40.436ms
[103.334s][info][gc,cpu         ] GC(288) User=0.08s Sys=0.00s Real=0.04s
[103.617s][info][gc,start       ] GC(289) Pause Young (Allocation Failure)
[103.700s][info][gc,heap        ] GC(289) PSYoungGen: 184753K(218112K)->67069K(209920K) Eden: 147968K(147968K)->0K(142848K) From: 36785K(70144K)->67069K(67072K)
[103.700s][info][gc,heap        ] GC(289) ParOldGen: 611404K(611840K)->622660K(623104K)
[103.700s][info][gc,metaspace   ] GC(289) Metaspace: 17989K(18112K)->17989K(18112K) NonClass: 16161K(16256K)->16161K(16256K) Class: 1828K(1856K)->1828K(1856K)
[103.700s][info][gc             ] GC(289) Pause Young (Allocation Failure) 777M->673M(813M) 82.511ms
[103.700s][info][gc,cpu         ] GC(289) User=0.15s Sys=0.01s Real=0.08s
[103.970s][info][gc,start       ] GC(290) Pause Young (Allocation Failure)
[104.110s][info][gc,promotion   ] GC(290) Promotion failed
[104.110s][info][gc,heap        ] GC(290) PSYoungGen: 209917K(209920K)->209917K(209920K) Eden: 142848K(142848K)->142848K(142848K) From: 67069K(67072K)->67069K(67072K)
[104.110s][info][gc,heap        ] GC(290) ParOldGen: 622660K(623104K)->667643K(667648K)
[104.110s][info][gc,metaspace   ] GC(290) Metaspace: 18103K(18240K)->18103K(18240K) NonClass: 16274K(16384K)->16274K(16384K) Class: 1828K(1856K)->1828K(1856K)
[104.110s][info][gc             ] GC(290) Pause Young (Allocation Failure) 813M->856M(857M) 140.118ms
[104.110s][info][gc,cpu         ] GC(290) User=0.25s Sys=0.03s Real=0.14s
[104.110s][info][gc,start       ] GC(291) Pause Full (Allocation Failure)
[104.110s][info][gc,phases,start] GC(291) Marking Phase
[104.194s][info][gc,phases      ] GC(291) Marking Phase 84.057ms
[104.194s][info][gc,phases,start] GC(291) Summary Phase
[104.194s][info][gc,phases      ] GC(291) Summary Phase 0.037ms
[104.195s][info][gc,phases,start] GC(291) Forward
[104.229s][info][gc,phases      ] GC(291) Forward 33.984ms
[104.229s][info][gc,phases,start] GC(291) Adjust Pointers
[104.285s][info][gc,phases      ] GC(291) Adjust Pointers 56.556ms
[104.285s][info][gc,phases,start] GC(291) Compaction Phase
[104.325s][info][gc,phases      ] GC(291) Compaction Phase 39.710ms
[104.326s][info][gc,phases,start] GC(291) Post Compact
[104.329s][info][gc,phases      ] GC(291) Post Compact 2.857ms
[104.354s][info][gc,heap        ] GC(291) PSYoungGen: 209917K(209920K)->0K(222208K) Eden: 142848K(142848K)->0K(142848K) From: 67069K(67072K)->0K(79360K)
[104.354s][info][gc,heap        ] GC(291) ParOldGen: 667643K(667648K)->145383K(392704K)
[104.354s][info][gc,metaspace   ] GC(291) Metaspace: 18103K(18240K)->18103K(18240K) NonClass: 16274K(16384K)->16274K(16384K) Class: 1828K(1856K)->1828K(1856K)
[104.354s][info][gc             ] GC(291) Pause Full (Allocation Failure) 856M->141M(600M) 243.390ms
[104.354s][info][gc,cpu         ] GC(291) User=0.38s Sys=0.03s Real=0.24s
[104.592s][info][gc,start       ] GC(292) Pause Young (Allocation Failure)
[104.625s][info][gc,heap        ] GC(292) PSYoungGen: 142848K(222208K)->35440K(226304K) Eden: 142848K(142848K)->0K(154112K) From: 0K(79360K)->35440K(72192K)
[104.625s][info][gc,heap        ] GC(292) ParOldGen: 145383K(392704K)->145383K(392704K)
[104.625s][info][gc,metaspace   ] GC(292) Metaspace: 18103K(18240K)->18103K(18240K) NonClass: 16274K(16384K)->16274K(16384K) Class: 1828K(1856K)->1828K(1856K)
[104.625s][info][gc             ] GC(292) Pause Young (Allocation Failure) 281M->176M(604M) 33.492ms
[104.625s][info][gc,cpu         ] GC(292) User=0.07s Sys=0.00s Real=0.04s
[104.889s][info][gc,start       ] GC(293) Pause Young (Allocation Failure)
[104.974s][info][gc,heap        ] GC(293) PSYoungGen: 189552K(226304K)->76263K(230400K) Eden: 154112K(154112K)->0K(154112K) From: 35440K(72192K)->76263K(76288K)
[104.974s][info][gc,heap        ] GC(293) ParOldGen: 145383K(392704K)->154112K(392704K)
[104.974s][info][gc,metaspace   ] GC(293) Metaspace: 18106K(18240K)->18106K(18240K) NonClass: 16278K(16384K)->16278K(16384K) Class: 1828K(1856K)->1828K(1856K)
[104.974s][info][gc             ] GC(293) Pause Young (Allocation Failure) 327M->224M(608M) 84.431ms
[104.974s][info][gc,cpu         ] GC(293) User=0.17s Sys=0.00s Real=0.08s
[105.189s][info][gc,start       ] GC(294) Pause Young (Allocation Failure)
[105.294s][info][gc,heap        ] GC(294) PSYoungGen: 230375K(230400K)->86666K(222208K) Eden: 154112K(154112K)->0K(133120K) From: 76263K(76288K)->86666K(89088K)
[105.294s][info][gc,heap        ] GC(294) ParOldGen: 154112K(392704K)->154112K(392704K)
[105.294s][info][gc,metaspace   ] GC(294) Metaspace: 18150K(18304K)->18150K(18304K) NonClass: 16322K(16448K)->16322K(16448K) Class: 1828K(1856K)->1828K(1856K)
[105.294s][info][gc             ] GC(294) Pause Young (Allocation Failure) 375M->235M(600M) 105.372ms
[105.295s][info][gc,cpu         ] GC(294) User=0.18s Sys=0.03s Real=0.10s
[105.510s][info][gc,start       ] GC(295) Pause Young (Allocation Failure)
[105.677s][info][gc,heap        ] GC(295) PSYoungGen: 219786K(222208K)->100330K(233472K) Eden: 133120K(133120K)->0K(133120K) From: 86666K(89088K)->100330K(100352K)
[105.677s][info][gc,heap        ] GC(295) ParOldGen: 154112K(392704K)->171224K(392704K)
[105.677s][info][gc,metaspace   ] GC(295) Metaspace: 18150K(18304K)->18150K(18304K) NonClass: 16322K(16448K)->16322K(16448K) Class: 1828K(1856K)->1828K(1856K)
[105.677s][info][gc             ] GC(295) Pause Young (Allocation Failure) 365M->265M(611M) 167.407ms
[105.677s][info][gc,cpu         ] GC(295) User=0.33s Sys=0.00s Real=0.17s
[105.889s][info][gc,start       ] GC(296) Pause Young (Allocation Failure)
[106.011s][info][gc,heap        ] GC(296) PSYoungGen: 233450K(233472K)->100330K(211968K) Eden: 133120K(133120K)->0K(111616K) From: 100330K(100352K)->100330K(100352K)
[106.011s][info][gc,heap        ] GC(296) ParOldGen: 171224K(392704K)->176488K(392704K)
[106.011s][info][gc,metaspace   ] GC(296) Metaspace: 18163K(18304K)->18163K(18304K) NonClass: 16334K(16448K)->16334K(16448K) Class: 1828K(1856K)->1828K(1856K)
[106.011s][info][gc             ] GC(296) Pause Young (Allocation Failure) 395M->270M(590M) 121.407ms
[106.011s][info][gc,cpu         ] GC(296) User=0.23s Sys=0.00s Real=0.12s
[106.129s][info][gc,start       ] GC(297) Pause Young (Allocation Failure)
[106.246s][info][gc,heap        ] GC(297) PSYoungGen: 211946K(211968K)->107130K(222720K) Eden: 111616K(111616K)->0K(111616K) From: 100330K(100352K)->107130K(111104K)
[106.246s][info][gc,heap        ] GC(297) ParOldGen: 176488K(392704K)->176488K(392704K)
[106.246s][info][gc,metaspace   ] GC(297) Metaspace: 18163K(18304K)->18163K(18304K) NonClass: 16334K(16448K)->16334K(16448K) Class: 1828K(1856K)->1828K(1856K)
[106.246s][info][gc             ] GC(297) Pause Young (Allocation Failure) 379M->276M(601M) 117.297ms
[106.246s][info][gc,cpu         ] GC(297) User=0.24s Sys=0.00s Real=0.12s
[106.355s][info][gc,start       ] GC(298) Pause Young (Allocation Failure)
[106.474s][info][gc,heap        ] GC(298) PSYoungGen: 218746K(222720K)->107241K(222720K) Eden: 111616K(111616K)->0K(111616K) From: 107130K(111104K)->107241K(111104K)
[106.474s][info][gc,heap        ] GC(298) ParOldGen: 176488K(392704K)->176488K(392704K)
[106.474s][info][gc,metaspace   ] GC(298) Metaspace: 18163K(18304K)->18163K(18304K) NonClass: 16334K(16448K)->16334K(16448K) Class: 1828K(1856K)->1828K(1856K)
[106.474s][info][gc             ] GC(298) Pause Young (Allocation Failure) 385M->277M(601M) 118.591ms
[106.474s][info][gc,cpu         ] GC(298) User=0.24s Sys=0.00s Real=0.11s
[106.580s][info][gc,start       ] GC(299) Pause Young (Allocation Failure)
[106.700s][info][gc,heap        ] GC(299) PSYoungGen: 218857K(222720K)->109427K(222720K) Eden: 111616K(111616K)->0K(111616K) From: 107241K(111104K)->109427K(111104K)
[106.700s][info][gc,heap        ] GC(299) ParOldGen: 176488K(392704K)->176488K(392704K)
[106.700s][info][gc,metaspace   ] GC(299) Metaspace: 18163K(18304K)->18163K(18304K) NonClass: 16334K(16448K)->16334K(16448K) Class: 1828K(1856K)->1828K(1856K)
[106.700s][info][gc             ] GC(299) Pause Young (Allocation Failure) 386M->279M(601M) 120.024ms
[106.700s][info][gc,cpu         ] GC(299) User=0.24s Sys=0.00s Real=0.12s
[106.800s][info][gc,start       ] GC(300) Pause Young (Allocation Failure)
[106.929s][info][gc,heap        ] GC(300) PSYoungGen: 221043K(222720K)->111082K(222720K) Eden: 111616K(111616K)->0K(111616K) From: 109427K(111104K)->111082K(111104K)
[106.929s][info][gc,heap        ] GC(300) ParOldGen: 176488K(392704K)->184120K(392704K)
[106.929s][info][gc,metaspace   ] GC(300) Metaspace: 18163K(18304K)->18163K(18304K) NonClass: 16334K(16448K)->16334K(16448K) Class: 1828K(1856K)->1828K(1856K)
[106.929s][info][gc             ] GC(300) Pause Young (Allocation Failure) 388M->288M(601M) 129.839ms
[106.929s][info][gc,cpu         ] GC(300) User=0.26s Sys=0.00s Real=0.13s
[107.017s][info][gc,start       ] GC(301) Pause Young (Allocation Failure)
[107.158s][info][gc,heap        ] GC(301) PSYoungGen: 222698K(222720K)->103785K(222720K) Eden: 111616K(111616K)->0K(111616K) From: 111082K(111104K)->103785K(111104K)
[107.158s][info][gc,heap        ] GC(301) ParOldGen: 184120K(392704K)->217249K(392704K)
[107.158s][info][gc,metaspace   ] GC(301) Metaspace: 18163K(18304K)->18163K(18304K) NonClass: 16334K(16448K)->16334K(16448K) Class: 1828K(1856K)->1828K(1856K)
[107.159s][info][gc             ] GC(301) Pause Young (Allocation Failure) 397M->313M(601M) 141.409ms
[107.159s][info][gc,cpu         ] GC(301) User=0.28s Sys=0.00s Real=0.14s
[107.313s][info][gc,start       ] GC(302) Pause Young (Allocation Failure)
[107.456s][info][gc,heap        ] GC(302) PSYoungGen: 215401K(222720K)->82227K(222720K) Eden: 111616K(111616K)->0K(111616K) From: 103785K(111104K)->82227K(111104K)
[107.456s][info][gc,heap        ] GC(302) ParOldGen: 217249K(392704K)->268554K(392704K)
[107.456s][info][gc,metaspace   ] GC(302) Metaspace: 18163K(18304K)->18163K(18304K) NonClass: 16334K(16448K)->16334K(16448K) Class: 1828K(1856K)->1828K(1856K)
[107.456s][info][gc             ] GC(302) Pause Young (Allocation Failure) 422M->342M(601M) 142.983ms
[107.456s][info][gc,cpu         ] GC(302) User=0.28s Sys=0.00s Real=0.15s
[107.609s][info][gc,start       ] GC(303) Pause Young (Allocation Failure)
[107.699s][info][gc,heap        ] GC(303) PSYoungGen: 193843K(222720K)->82179K(222720K) Eden: 111616K(111616K)->0K(111616K) From: 82227K(111104K)->82179K(111104K)
[107.699s][info][gc,heap        ] GC(303) ParOldGen: 268554K(392704K)->281546K(392704K)
[107.699s][info][gc,metaspace   ] GC(303) Metaspace: 18163K(18304K)->18163K(18304K) NonClass: 16334K(16448K)->16334K(16448K) Class: 1828K(1856K)->1828K(1856K)
[107.699s][info][gc             ] GC(303) Pause Young (Allocation Failure) 451M->355M(601M) 89.990ms
[107.699s][info][gc,cpu         ] GC(303) User=0.18s Sys=0.00s Real=0.09s
[107.761s][info][gc,start       ] GC(304) Pause Young (Allocation Failure)
[107.843s][info][gc,heap        ] GC(304) PSYoungGen: 193795K(222720K)->84355K(222720K) Eden: 111616K(111616K)->0K(111616K) From: 82179K(111104K)->84355K(111104K)
[107.843s][info][gc,heap        ] GC(304) ParOldGen: 281546K(392704K)->285223K(392704K)
[107.843s][info][gc,metaspace   ] GC(304) Metaspace: 18163K(18304K)->18163K(18304K) NonClass: 16334K(16448K)->16334K(16448K) Class: 1828K(1856K)->1828K(1856K)
[107.843s][info][gc             ] GC(304) Pause Young (Allocation Failure) 464M->360M(601M) 82.769ms
[107.843s][info][gc,cpu         ] GC(304) User=0.16s Sys=0.00s Real=0.08s
[107.950s][info][gc,start       ] GC(305) Pause Young (Allocation Failure)
[108.028s][info][gc,heap        ] GC(305) PSYoungGen: 195971K(222720K)->74691K(222720K) Eden: 111616K(111616K)->0K(111616K) From: 84355K(111104K)->74691K(111104K)
[108.028s][info][gc,heap        ] GC(305) ParOldGen: 285223K(392704K)->295855K(392704K)
[108.029s][info][gc,metaspace   ] GC(305) Metaspace: 18163K(18304K)->18163K(18304K) NonClass: 16334K(16448K)->16334K(16448K) Class: 1828K(1856K)->1828K(1856K)
[108.029s][info][gc             ] GC(305) Pause Young (Allocation Failure) 469M->361M(601M) 78.327ms
[108.029s][info][gc,cpu         ] GC(305) User=0.15s Sys=0.00s Real=0.08s
[108.186s][info][gc,start       ] GC(306) Pause Young (Allocation Failure)
[108.257s][info][gc,heap        ] GC(306) PSYoungGen: 186307K(222720K)->21440K(222720K) Eden: 111616K(111616K)->0K(111616K) From: 74691K(111104K)->21440K(111104K)
[108.257s][info][gc,heap        ] GC(306) ParOldGen: 295855K(392704K)->351289K(392704K)
[108.257s][info][gc,metaspace   ] GC(306) Metaspace: 18163K(18304K)->18163K(18304K) NonClass: 16334K(16448K)->16334K(16448K) Class: 1828K(1856K)->1828K(1856K)
[108.257s][info][gc             ] GC(306) Pause Young (Allocation Failure) 470M->363M(601M) 71.381ms
[108.257s][info][gc,cpu         ] GC(306) User=0.14s Sys=0.00s Real=0.07s
[108.665s][info][gc,start       ] GC(307) Pause Young (Allocation Failure)
[108.693s][info][gc,heap        ] GC(307) PSYoungGen: 133056K(222720K)->3072K(222720K) Eden: 111616K(111616K)->0K(111616K) From: 21440K(111104K)->3072K(111104K)
[108.693s][info][gc,heap        ] GC(307) ParOldGen: 351289K(392704K)->370241K(392704K)
[108.693s][info][gc,metaspace   ] GC(307) Metaspace: 18163K(18304K)->18163K(18304K) NonClass: 16335K(16448K)->16335K(16448K) Class: 1828K(1856K)->1828K(1856K)
[108.693s][info][gc             ] GC(307) Pause Young (Allocation Failure) 472M->364M(601M) 28.556ms
[108.693s][info][gc,cpu         ] GC(307) User=0.06s Sys=0.00s Real=0.02s
[109.034s][info][gc,start       ] GC(308) Pause Young (Allocation Failure)
[109.058s][info][gc,heap        ] GC(308) PSYoungGen: 114688K(222720K)->18752K(222720K) Eden: 111616K(111616K)->0K(111616K) From: 3072K(111104K)->18752K(111104K)
[109.058s][info][gc,heap        ] GC(308) ParOldGen: 370241K(392704K)->372777K(392704K)
[109.058s][info][gc,metaspace   ] GC(308) Metaspace: 18163K(18304K)->18163K(18304K) NonClass: 16335K(16448K)->16335K(16448K) Class: 1828K(1856K)->1828K(1856K)
[109.058s][info][gc             ] GC(308) Pause Young (Allocation Failure) 473M->382M(601M) 24.126ms
[109.058s][info][gc,cpu         ] GC(308) User=0.05s Sys=0.00s Real=0.03s
[109.185s][info][gc,start       ] GC(309) Pause Young (Allocation Failure)
[109.242s][info][gc,heap        ] GC(309) PSYoungGen: 130368K(222720K)->42624K(222720K) Eden: 111616K(111616K)->0K(111616K) From: 18752K(111104K)->42624K(111104K)
[109.242s][info][gc,heap        ] GC(309) ParOldGen: 372777K(392704K)->391523K(392704K)
[109.242s][info][gc,metaspace   ] GC(309) Metaspace: 18163K(18304K)->18163K(18304K) NonClass: 16335K(16448K)->16335K(16448K) Class: 1828K(1856K)->1828K(1856K)
[109.242s][info][gc             ] GC(309) Pause Young (Allocation Failure) 491M->423M(601M) 57.118ms
[109.242s][info][gc,cpu         ] GC(309) User=0.11s Sys=0.00s Real=0.06s
[109.479s][info][gc,start       ] GC(310) Pause Young (Allocation Failure)
[109.559s][info][gc,heap        ] GC(310) PSYoungGen: 154240K(222720K)->19520K(222720K) Eden: 111616K(111616K)->0K(111616K) From: 42624K(111104K)->19520K(111104K)
[109.559s][info][gc,heap        ] GC(310) ParOldGen: 391523K(392704K)->434404K(434688K)
[109.559s][info][gc,metaspace   ] GC(310) Metaspace: 18164K(18304K)->18164K(18304K) NonClass: 16336K(16448K)->16336K(16448K) Class: 1828K(1856K)->1828K(1856K)
[109.559s][info][gc             ] GC(310) Pause Young (Allocation Failure) 532M->443M(642M) 79.893ms
[109.559s][info][gc,cpu         ] GC(310) User=0.12s Sys=0.04s Real=0.08s
[109.674s][info][gc,start       ] GC(311) Pause Young (Allocation Failure)
[109.717s][info][gc,heap        ] GC(311) PSYoungGen: 131136K(222720K)->6912K(222720K) Eden: 111616K(111616K)->0K(111616K) From: 19520K(111104K)->6912K(111104K)
[109.717s][info][gc,heap        ] GC(311) ParOldGen: 434404K(434688K)->454088K(454144K)
[109.717s][info][gc,metaspace   ] GC(311) Metaspace: 18164K(18304K)->18164K(18304K) NonClass: 16336K(16448K)->16336K(16448K) Class: 1828K(1856K)->1828K(1856K)
[109.717s][info][gc             ] GC(311) Pause Young (Allocation Failure) 552M->450M(661M) 42.533ms
[109.717s][info][gc,cpu         ] GC(311) User=0.06s Sys=0.01s Real=0.05s
[109.814s][info][gc,start       ] GC(312) Pause Young (Allocation Failure)
[109.827s][info][gc,heap        ] GC(312) PSYoungGen: 118528K(222720K)->896K(222720K) Eden: 111616K(111616K)->0K(111616K) From: 6912K(111104K)->896K(111104K)
[109.827s][info][gc,heap        ] GC(312) ParOldGen: 454088K(454144K)->460992K(461312K)
[109.827s][info][gc,metaspace   ] GC(312) Metaspace: 18164K(18304K)->18164K(18304K) NonClass: 16336K(16448K)->16336K(16448K) Class: 1828K(1856K)->1828K(1856K)
[109.827s][info][gc             ] GC(312) Pause Young (Allocation Failure) 559M->451M(668M) 13.094ms
[109.827s][info][gc,cpu         ] GC(312) User=0.02s Sys=0.01s Real=0.02s
[109.956s][info][gc,start       ] GC(313) Pause Young (Allocation Failure)
[109.961s][info][gc,heap        ] GC(313) PSYoungGen: 112512K(222720K)->1376K(222720K) Eden: 111616K(111616K)->0K(111616K) From: 896K(111104K)->1376K(111104K)
[109.961s][info][gc,heap        ] GC(313) ParOldGen: 460992K(461312K)->461848K(462336K)
[109.961s][info][gc,metaspace   ] GC(313) Metaspace: 18164K(18304K)->18164K(18304K) NonClass: 16336K(16448K)->16336K(16448K) Class: 1828K(1856K)->1828K(1856K)
[109.961s][info][gc             ] GC(313) Pause Young (Allocation Failure) 560M->452M(669M) 5.675ms
[109.961s][info][gc,cpu         ] GC(313) User=0.01s Sys=0.00s Real=0.00s
[110.270s][info][gc,start       ] GC(314) Pause Young (Allocation Failure)
[110.275s][info][gc,heap        ] GC(314) PSYoungGen: 112992K(222720K)->224K(222720K) Eden: 111616K(111616K)->0K(111616K) From: 1376K(111104K)->224K(111104K)
[110.275s][info][gc,heap        ] GC(314) ParOldGen: 461848K(462336K)->463216K(463360K)
[110.275s][info][gc,metaspace   ] GC(314) Metaspace: 18164K(18304K)->18164K(18304K) NonClass: 16336K(16448K)->16336K(16448K) Class: 1828K(1856K)->1828K(1856K)
[110.275s][info][gc             ] GC(314) Pause Young (Allocation Failure) 561M->452M(670M) 4.998ms
[110.275s][info][gc,cpu         ] GC(314) User=0.01s Sys=0.00s Real=0.01s
[110.455s][info][gc,start       ] GC(315) Pause Young (Allocation Failure)
[110.493s][info][gc,heap        ] GC(315) PSYoungGen: 111840K(222720K)->37152K(222720K) Eden: 111616K(111616K)->0K(111616K) From: 224K(111104K)->37152K(111104K)
[110.493s][info][gc,heap        ] GC(315) ParOldGen: 463216K(463360K)->463416K(463872K)
[110.493s][info][gc,metaspace   ] GC(315) Metaspace: 18164K(18304K)->18164K(18304K) NonClass: 16336K(16448K)->16336K(16448K) Class: 1828K(1856K)->1828K(1856K)
[110.493s][info][gc             ] GC(315) Pause Young (Allocation Failure) 561M->488M(670M) 38.195ms
[110.493s][info][gc,cpu         ] GC(315) User=0.07s Sys=0.00s Real=0.04s
[110.607s][info][gc,start       ] GC(316) Pause Young (Allocation Failure)
[110.748s][info][gc,heap        ] GC(316) PSYoungGen: 148768K(222720K)->86688K(222720K) Eden: 111616K(111616K)->0K(111616K) From: 37152K(111104K)->86688K(111104K)
[110.748s][info][gc,heap        ] GC(316) ParOldGen: 463416K(463872K)->500648K(500736K)
[110.748s][info][gc,metaspace   ] GC(316) Metaspace: 18164K(18304K)->18164K(18304K) NonClass: 16336K(16448K)->16336K(16448K) Class: 1828K(1856K)->1828K(1856K)
[110.748s][info][gc             ] GC(316) Pause Young (Allocation Failure) 597M->573M(706M) 141.150ms
[110.748s][info][gc,cpu         ] GC(316) User=0.25s Sys=0.03s Real=0.14s
[110.878s][info][gc,start       ] GC(317) Pause Young (Allocation Failure)
[111.043s][info][gc,heap        ] GC(317) PSYoungGen: 198304K(222720K)->38563K(222720K) Eden: 111616K(111616K)->0K(111616K) From: 86688K(111104K)->38563K(111104K)
[111.043s][info][gc,heap        ] GC(317) ParOldGen: 500648K(500736K)->587600K(587776K)
[111.043s][info][gc,metaspace   ] GC(317) Metaspace: 18164K(18304K)->18164K(18304K) NonClass: 16336K(16448K)->16336K(16448K) Class: 1828K(1856K)->1828K(1856K)
[111.043s][info][gc             ] GC(317) Pause Young (Allocation Failure) 682M->611M(791M) 165.855ms
[111.043s][info][gc,cpu         ] GC(317) User=0.25s Sys=0.07s Real=0.16s
[111.194s][info][gc,start       ] GC(318) Pause Young (Allocation Failure)
[111.270s][info][gc,heap        ] GC(318) PSYoungGen: 150179K(222720K)->19896K(222720K) Eden: 111616K(111616K)->0K(111616K) From: 38563K(111104K)->19896K(111104K)
[111.270s][info][gc,heap        ] GC(318) ParOldGen: 587600K(587776K)->626314K(626688K)
[111.270s][info][gc,metaspace   ] GC(318) Metaspace: 18168K(18304K)->18168K(18304K) NonClass: 16340K(16448K)->16340K(16448K) Class: 1828K(1856K)->1828K(1856K)
[111.270s][info][gc             ] GC(318) Pause Young (Allocation Failure) 720M->631M(829M) 76.211ms
[111.270s][info][gc,cpu         ] GC(318) User=0.13s Sys=0.03s Real=0.08s
[111.345s][info][gc,start       ] GC(319) Pause Full (Allocation Failure)
[111.346s][info][gc,phases,start] GC(319) Marking Phase
[111.416s][info][gc,phases      ] GC(319) Marking Phase 70.553ms
[111.416s][info][gc,phases,start] GC(319) Summary Phase
[111.416s][info][gc,phases      ] GC(319) Summary Phase 0.031ms
[111.416s][info][gc,phases,start] GC(319) Forward
[111.432s][info][gc,phases      ] GC(319) Forward 15.510ms
[111.432s][info][gc,phases,start] GC(319) Adjust Pointers
[111.478s][info][gc,phases      ] GC(319) Adjust Pointers 46.143ms
[111.478s][info][gc,phases,start] GC(319) Compaction Phase
[111.502s][info][gc,phases      ] GC(319) Compaction Phase 24.143ms
[111.504s][info][gc,phases,start] GC(319) Post Compact
[111.507s][info][gc,phases      ] GC(319) Post Compact 2.376ms
[111.524s][info][gc,heap        ] GC(319) PSYoungGen: 131512K(222720K)->0K(222720K) Eden: 111616K(111616K)->0K(111616K) From: 19896K(111104K)->0K(111104K)
[111.524s][info][gc,heap        ] GC(319) ParOldGen: 626314K(626688K)->104131K(411136K)
[111.524s][info][gc,metaspace   ] GC(319) Metaspace: 18168K(18304K)->18168K(18304K) NonClass: 16340K(16448K)->16340K(16448K) Class: 1828K(1856K)->1828K(1856K)
[111.524s][info][gc             ] GC(319) Pause Full (Allocation Failure) 740M->101M(619M) 178.493ms
[111.524s][info][gc,cpu         ] GC(319) User=0.29s Sys=0.02s Real=0.17s
[111.598s][info][gc,start       ] GC(320) Pause Young (Allocation Failure)
[111.607s][info][gc,heap        ] GC(320) PSYoungGen: 111616K(222720K)->9296K(222720K) Eden: 111616K(111616K)->0K(111616K) From: 0K(111104K)->9296K(111104K)
[111.607s][info][gc,heap        ] GC(320) ParOldGen: 104131K(411136K)->104131K(411136K)
[111.607s][info][gc,metaspace   ] GC(320) Metaspace: 18168K(18304K)->18168K(18304K) NonClass: 16340K(16448K)->16340K(16448K) Class: 1828K(1856K)->1828K(1856K)
[111.607s][info][gc             ] GC(320) Pause Young (Allocation Failure) 210M->110M(619M) 9.517ms
[111.607s][info][gc,cpu         ] GC(320) User=0.02s Sys=0.00s Real=0.01s
[111.708s][info][gc,start       ] GC(321) Pause Young (Allocation Failure)
[111.721s][info][gc,heap        ] GC(321) PSYoungGen: 120912K(222720K)->3680K(222720K) Eden: 111616K(111616K)->0K(111616K) From: 9296K(111104K)->3680K(111104K)
[111.721s][info][gc,heap        ] GC(321) ParOldGen: 104131K(411136K)->113451K(411136K)
[111.721s][info][gc,metaspace   ] GC(321) Metaspace: 18168K(18304K)->18168K(18304K) NonClass: 16340K(16448K)->16340K(16448K) Class: 1828K(1856K)->1828K(1856K)
[111.721s][info][gc             ] GC(321) Pause Young (Allocation Failure) 219M->114M(619M) 13.024ms
[111.721s][info][gc,cpu         ] GC(321) User=0.02s Sys=0.00s Real=0.01s
[111.796s][info][gc,start       ] GC(322) Pause Young (Allocation Failure)
[111.824s][info][gc,heap        ] GC(322) PSYoungGen: 115296K(222720K)->32224K(219648K) Eden: 111616K(111616K)->0K(111616K) From: 3680K(111104K)->32224K(108032K)
[111.824s][info][gc,heap        ] GC(322) ParOldGen: 113451K(411136K)->117099K(411136K)
[111.824s][info][gc,metaspace   ] GC(322) Metaspace: 18169K(18304K)->18169K(18304K) NonClass: 16340K(16448K)->16340K(16448K) Class: 1828K(1856K)->1828K(1856K)
[111.824s][info][gc             ] GC(322) Pause Young (Allocation Failure) 223M->145M(616M) 28.119ms
[111.824s][info][gc,cpu         ] GC(322) User=0.06s Sys=0.00s Real=0.02s
[112.000s][info][gc,start       ] GC(323) Pause Young (Allocation Failure)
[112.049s][info][gc,heap        ] GC(323) PSYoungGen: 143840K(219648K)->38336K(150016K) Eden: 111616K(111616K)->0K(111616K) From: 32224K(108032K)->38336K(38400K)
[112.049s][info][gc,heap        ] GC(323) ParOldGen: 117099K(411136K)->149683K(411136K)
[112.049s][info][gc,metaspace   ] GC(323) Metaspace: 18175K(18304K)->18175K(18304K) NonClass: 16346K(16448K)->16346K(16448K) Class: 1828K(1856K)->1828K(1856K)
[112.049s][info][gc             ] GC(323) Pause Young (Allocation Failure) 254M->183M(548M) 49.581ms
[112.049s][info][gc,cpu         ] GC(323) User=0.10s Sys=0.00s Real=0.05s
[112.156s][info][gc,start       ] GC(324) Pause Young (Allocation Failure)
[112.187s][info][gc,heap        ] GC(324) PSYoungGen: 149952K(150016K)->2240K(221696K) Eden: 111616K(111616K)->0K(117760K) From: 38336K(38400K)->2240K(103936K)
[112.187s][info][gc,heap        ] GC(324) ParOldGen: 149683K(411136K)->188459K(411136K)
[112.187s][info][gc,metaspace   ] GC(324) Metaspace: 18175K(18304K)->18175K(18304K) NonClass: 16346K(16448K)->16346K(16448K) Class: 1828K(1856K)->1828K(1856K)
[112.187s][info][gc             ] GC(324) Pause Young (Allocation Failure) 292M->186M(618M) 30.887ms
[112.187s][info][gc,cpu         ] GC(324) User=0.06s Sys=0.00s Real=0.03s
[112.385s][info][gc,start       ] GC(325) Pause Young (Allocation Failure)
[112.424s][info][gc,heap        ] GC(325) PSYoungGen: 120000K(221696K)->18977K(220160K) Eden: 117760K(117760K)->0K(117760K) From: 2240K(103936K)->18977K(102400K)
[112.424s][info][gc,heap        ] GC(325) ParOldGen: 188459K(411136K)->190659K(411136K)
[112.424s][info][gc,metaspace   ] GC(325) Metaspace: 18175K(18304K)->18175K(18304K) NonClass: 16347K(16448K)->16347K(16448K) Class: 1828K(1856K)->1828K(1856K)
[112.424s][info][gc             ] GC(325) Pause Young (Allocation Failure) 301M->204M(616M) 39.731ms
[112.424s][info][gc,cpu         ] GC(325) User=0.08s Sys=0.00s Real=0.04s
[112.560s][info][gc,start       ] GC(326) Pause Young (Allocation Failure)
[112.626s][info][gc,heap        ] GC(326) PSYoungGen: 136737K(220160K)->35200K(222720K) Eden: 117760K(117760K)->0K(131072K) From: 18977K(102400K)->35200K(91648K)
[112.626s][info][gc,heap        ] GC(326) ParOldGen: 190659K(411136K)->209616K(411136K)
[112.626s][info][gc,metaspace   ] GC(326) Metaspace: 18175K(18304K)->18175K(18304K) NonClass: 16347K(16448K)->16347K(16448K) Class: 1828K(1856K)->1828K(1856K)
[112.626s][info][gc             ] GC(326) Pause Young (Allocation Failure) 319M->239M(619M) 66.634ms
[112.626s][info][gc,cpu         ] GC(326) User=0.13s Sys=0.00s Real=0.07s
[112.725s][info][gc,start       ] GC(327) Pause Young (Allocation Failure)
[112.814s][info][gc,heap        ] GC(327) PSYoungGen: 166272K(222720K)->55968K(223744K) Eden: 131072K(131072K)->0K(131072K) From: 35200K(91648K)->55968K(92672K)
[112.814s][info][gc,heap        ] GC(327) ParOldGen: 209616K(411136K)->244880K(411136K)
[112.814s][info][gc,metaspace   ] GC(327) Metaspace: 18175K(18304K)->18175K(18304K) NonClass: 16347K(16448K)->16347K(16448K) Class: 1828K(1856K)->1828K(1856K)
[112.814s][info][gc             ] GC(327) Pause Young (Allocation Failure) 367M->293M(620M) 89.292ms
[112.814s][info][gc,cpu         ] GC(327) User=0.17s Sys=0.01s Real=0.09s
[112.884s][info][gc,start       ] GC(328) Pause Young (Allocation Failure)
[112.979s][info][gc,heap        ] GC(328) PSYoungGen: 187040K(223744K)->45120K(239616K) Eden: 131072K(131072K)->0K(143872K) From: 55968K(92672K)->45120K(95744K)
[112.979s][info][gc,heap        ] GC(328) ParOldGen: 244880K(411136K)->301040K(411136K)
[112.979s][info][gc,metaspace   ] GC(328) Metaspace: 18175K(18304K)->18175K(18304K) NonClass: 16347K(16448K)->16347K(16448K) Class: 1828K(1856K)->1828K(1856K)
[112.979s][info][gc             ] GC(328) Pause Young (Allocation Failure) 421M->338M(635M) 94.767ms
[112.979s][info][gc,cpu         ] GC(328) User=0.18s Sys=0.00s Real=0.10s
[113.085s][info][gc,start       ] GC(329) Pause Young (Allocation Failure)
[113.133s][info][gc,heap        ] GC(329) PSYoungGen: 188992K(239616K)->23424K(167424K) Eden: 143872K(143872K)->0K(143872K) From: 45120K(95744K)->23424K(23552K)
[113.133s][info][gc,heap        ] GC(329) ParOldGen: 301040K(411136K)->346712K(411136K)
[113.133s][info][gc,metaspace   ] GC(329) Metaspace: 18175K(18304K)->18175K(18304K) NonClass: 16347K(16448K)->16347K(16448K) Class: 1828K(1856K)->1828K(1856K)
[113.133s][info][gc             ] GC(329) Pause Young (Allocation Failure) 478M->361M(565M) 48.110ms
[113.133s][info][gc,cpu         ] GC(329) User=0.09s Sys=0.00s Real=0.04s
[113.244s][info][gc,start       ] GC(330) Pause Young (Allocation Failure)
[113.271s][info][gc,heap        ] GC(330) PSYoungGen: 167296K(167424K)->2688K(234496K) Eden: 143872K(143872K)->0K(144384K) From: 23424K(23552K)->2688K(90112K)
[113.271s][info][gc,heap        ] GC(330) ParOldGen: 346712K(411136K)->370360K(411136K)
[113.271s][info][gc,metaspace   ] GC(330) Metaspace: 18175K(18304K)->18175K(18304K) NonClass: 16347K(16448K)->16347K(16448K) Class: 1828K(1856K)->1828K(1856K)
[113.271s][info][gc             ] GC(330) Pause Young (Allocation Failure) 501M->364M(630M) 27.086ms
[113.271s][info][gc,cpu         ] GC(330) User=0.06s Sys=0.00s Real=0.03s
[113.391s][info][gc,start       ] GC(331) Pause Young (Allocation Failure)
[113.417s][info][gc,heap        ] GC(331) PSYoungGen: 147072K(234496K)->6177K(233984K) Eden: 144384K(144384K)->0K(144384K) From: 2688K(90112K)->6177K(89600K)
[113.417s][info][gc,heap        ] GC(331) ParOldGen: 370360K(411136K)->373048K(411136K)
[113.417s][info][gc,metaspace   ] GC(331) Metaspace: 18180K(18304K)->18180K(18304K) NonClass: 16352K(16448K)->16352K(16448K) Class: 1828K(1856K)->1828K(1856K)
[113.417s][info][gc             ] GC(331) Pause Young (Allocation Failure) 505M->370M(630M) 26.123ms
[113.417s][info][gc,cpu         ] GC(331) User=0.06s Sys=0.00s Real=0.03s
[113.557s][info][gc,start       ] GC(332) Pause Young (Allocation Failure)
[113.603s][info][gc,heap        ] GC(332) PSYoungGen: 150561K(233984K)->26048K(235520K) Eden: 144384K(144384K)->0K(156672K) From: 6177K(89600K)->26048K(78848K)
[113.603s][info][gc,heap        ] GC(332) ParOldGen: 373048K(411136K)->379125K(411136K)
[113.603s][info][gc,metaspace   ] GC(332) Metaspace: 18181K(18304K)->18181K(18304K) NonClass: 16353K(16448K)->16353K(16448K) Class: 1828K(1856K)->1828K(1856K)
[113.603s][info][gc             ] GC(332) Pause Young (Allocation Failure) 511M->395M(631M) 45.979ms
[113.603s][info][gc,cpu         ] GC(332) User=0.09s Sys=0.00s Real=0.04s
[113.767s][info][gc,start       ] GC(333) Pause Young (Allocation Failure)
[113.857s][info][gc,heap        ] GC(333) PSYoungGen: 182720K(235520K)->30912K(238592K) Eden: 156672K(156672K)->0K(156672K) From: 26048K(78848K)->30912K(81920K)
[113.857s][info][gc,heap        ] GC(333) ParOldGen: 379125K(411136K)->405253K(411136K)
[113.857s][info][gc,metaspace   ] GC(333) Metaspace: 18186K(18304K)->18186K(18304K) NonClass: 16357K(16448K)->16357K(16448K) Class: 1828K(1856K)->1828K(1856K)
[113.857s][info][gc             ] GC(333) Pause Young (Allocation Failure) 548M->425M(634M) 89.758ms
[113.857s][info][gc,cpu         ] GC(333) User=0.18s Sys=0.00s Real=0.09s
[114.021s][info][gc,start       ] GC(334) Pause Young (Allocation Failure)
[114.092s][info][gc,heap        ] GC(334) PSYoungGen: 187584K(238592K)->17376K(245760K) Eden: 156672K(156672K)->0K(174080K) From: 30912K(81920K)->17376K(71680K)
[114.092s][info][gc,heap        ] GC(334) ParOldGen: 405253K(411136K)->436235K(436736K)
[114.092s][info][gc,metaspace   ] GC(334) Metaspace: 18187K(18304K)->18187K(18304K) NonClass: 16358K(16448K)->16358K(16448K) Class: 1828K(1856K)->1828K(1856K)
[114.092s][info][gc             ] GC(334) Pause Young (Allocation Failure) 578M->442M(666M) 70.962ms
[114.092s][info][gc,cpu         ] GC(334) User=0.11s Sys=0.03s Real=0.07s
[114.293s][info][gc,start       ] GC(335) Pause Young (Allocation Failure)
[114.330s][info][gc,heap        ] GC(335) PSYoungGen: 191456K(245760K)->3008K(248320K) Eden: 174080K(174080K)->0K(174080K) From: 17376K(71680K)->3008K(74240K)
[114.330s][info][gc,heap        ] GC(335) ParOldGen: 436235K(436736K)->453643K(454144K)
[114.330s][info][gc,metaspace   ] GC(335) Metaspace: 18187K(18304K)->18187K(18304K) NonClass: 16359K(16448K)->16359K(16448K) Class: 1828K(1856K)->1828K(1856K)
[114.330s][info][gc             ] GC(335) Pause Young (Allocation Failure) 612M->445M(686M) 37.035ms
[114.330s][info][gc,cpu         ] GC(335) User=0.05s Sys=0.02s Real=0.04s
[114.571s][info][gc,start       ] GC(336) Pause Young (Allocation Failure)
[114.588s][info][gc,heap        ] GC(336) PSYoungGen: 177088K(248320K)->9152K(253952K) Eden: 174080K(174080K)->0K(185856K) From: 3008K(74240K)->9152K(68096K)
[114.588s][info][gc,heap        ] GC(336) ParOldGen: 453643K(454144K)->456635K(456704K)
[114.588s][info][gc,metaspace   ] GC(336) Metaspace: 18189K(18304K)->18189K(18304K) NonClass: 16361K(16448K)->16361K(16448K) Class: 1828K(1856K)->1828K(1856K)
[114.588s][info][gc             ] GC(336) Pause Young (Allocation Failure) 615M->454M(694M) 17.225ms
[114.588s][info][gc,cpu         ] GC(336) User=0.03s Sys=0.00s Real=0.02s
[115.048s][info][gc,start       ] GC(337) Pause Young (Allocation Failure)
[115.082s][info][gc,heap        ] GC(337) PSYoungGen: 195008K(253952K)->15232K(257024K) Eden: 185856K(185856K)->0K(185856K) From: 9152K(68096K)->15232K(71168K)
[115.082s][info][gc,heap        ] GC(337) ParOldGen: 456635K(456704K)->465747K(465920K)
[115.082s][info][gc,metaspace   ] GC(337) Metaspace: 18203K(18304K)->18203K(18304K) NonClass: 16375K(16448K)->16375K(16448K) Class: 1828K(1856K)->1828K(1856K)
[115.082s][info][gc             ] GC(337) Pause Young (Allocation Failure) 636M->469M(706M) 34.041ms
[115.082s][info][gc,cpu         ] GC(337) User=0.06s Sys=0.01s Real=0.03s
[115.567s][info][gc,start       ] GC(338) Pause Young (Allocation Failure)
[115.593s][info][gc,heap        ] GC(338) PSYoungGen: 201088K(257024K)->128K(260608K) Eden: 185856K(185856K)->0K(194560K) From: 15232K(71168K)->128K(66048K)
[115.593s][info][gc,heap        ] GC(338) ParOldGen: 465747K(465920K)->480977K(481280K)
[115.593s][info][gc,metaspace   ] GC(338) Metaspace: 18203K(18304K)->18203K(18304K) NonClass: 16375K(16448K)->16375K(16448K) Class: 1828K(1856K)->1828K(1856K)
[115.593s][info][gc             ] GC(338) Pause Young (Allocation Failure) 651M->469M(724M) 26.295ms
[115.593s][info][gc,cpu         ] GC(338) User=0.04s Sys=0.01s Real=0.02s
[116.058s][info][gc,start       ] GC(339) Pause Young (Allocation Failure)
[116.069s][info][gc,heap        ] GC(339) PSYoungGen: 194688K(260608K)->160K(261632K) Eden: 194560K(194560K)->0K(194560K) From: 128K(66048K)->160K(67072K)
[116.069s][info][gc,heap        ] GC(339) ParOldGen: 480977K(481280K)->480977K(481280K)
[116.070s][info][gc,metaspace   ] GC(339) Metaspace: 18207K(18368K)->18207K(18368K) NonClass: 16379K(16512K)->16379K(16512K) Class: 1828K(1856K)->1828K(1856K)
[116.070s][info][gc             ] GC(339) Pause Young (Allocation Failure) 659M->469M(725M) 11.382ms
[116.070s][info][gc,cpu         ] GC(339) User=0.02s Sys=0.00s Real=0.01s
[116.388s][info][gc,start       ] GC(340) Pause Young (Allocation Failure)
[116.412s][info][gc,heap        ] GC(340) PSYoungGen: 194720K(261632K)->28166K(265216K) Eden: 194560K(194560K)->0K(201216K) From: 160K(67072K)->28166K(64000K)
[116.412s][info][gc,heap        ] GC(340) ParOldGen: 480977K(481280K)->480977K(481280K)
[116.412s][info][gc,metaspace   ] GC(340) Metaspace: 18209K(18368K)->18209K(18368K) NonClass: 16380K(16512K)->16380K(16512K) Class: 1828K(1856K)->1828K(1856K)
[116.412s][info][gc             ] GC(340) Pause Young (Allocation Failure) 659M->497M(729M) 24.134ms
[116.412s][info][gc,cpu         ] GC(340) User=0.05s Sys=0.00s Real=0.02s
[116.664s][info][gc,start       ] GC(341) Pause Young (Allocation Failure)
[116.743s][info][gc,heap        ] GC(341) PSYoungGen: 229382K(265216K)->64502K(265728K) Eden: 201216K(201216K)->0K(201216K) From: 28166K(64000K)->64502K(64512K)
[116.743s][info][gc,heap        ] GC(341) ParOldGen: 480977K(481280K)->496297K(496640K)
[116.743s][info][gc,metaspace   ] GC(341) Metaspace: 18209K(18368K)->18209K(18368K) NonClass: 16380K(16512K)->16380K(16512K) Class: 1828K(1856K)->1828K(1856K)
[116.743s][info][gc             ] GC(341) Pause Young (Allocation Failure) 693M->547M(744M) 79.594ms
[116.744s][info][gc,cpu         ] GC(341) User=0.15s Sys=0.01s Real=0.08s
[117.009s][info][gc,start       ] GC(342) Pause Young (Allocation Failure)
[117.123s][info][gc,heap        ] GC(342) PSYoungGen: 265718K(265728K)->68064K(199168K) Eden: 201216K(201216K)->0K(131072K) From: 64502K(64512K)->68064K(68096K)
[117.123s][info][gc,heap        ] GC(342) ParOldGen: 496297K(496640K)->519545K(519680K)
[117.123s][info][gc,metaspace   ] GC(342) Metaspace: 18209K(18368K)->18209K(18368K) NonClass: 16381K(16512K)->16381K(16512K) Class: 1828K(1856K)->1828K(1856K)
[117.123s][info][gc             ] GC(342) Pause Young (Allocation Failure) 744M->573M(702M) 114.051ms
[117.123s][info][gc,cpu         ] GC(342) User=0.19s Sys=0.03s Real=0.11s
[117.243s][info][gc,start       ] GC(343) Pause Young (Allocation Failure)
[117.363s][info][gc,heap        ] GC(343) PSYoungGen: 199136K(199168K)->32528K(232448K) Eden: 131072K(131072K)->0K(131072K) From: 68064K(68096K)->32528K(101376K)
[117.363s][info][gc,heap        ] GC(343) ParOldGen: 519545K(519680K)->579137K(579584K)
[117.363s][info][gc,metaspace   ] GC(343) Metaspace: 18213K(18368K)->18213K(18368K) NonClass: 16385K(16512K)->16385K(16512K) Class: 1828K(1856K)->1828K(1856K)
[117.363s][info][gc             ] GC(343) Pause Young (Allocation Failure) 701M->597M(793M) 120.289ms
[117.363s][info][gc,cpu         ] GC(343) User=0.20s Sys=0.04s Real=0.12s
[117.455s][info][gc,start       ] GC(344) Pause Young (Allocation Failure)
[117.548s][info][gc,heap        ] GC(344) PSYoungGen: 163600K(232448K)->36240K(216576K) Eden: 131072K(131072K)->0K(137728K) From: 32528K(101376K)->36240K(78848K)
[117.548s][info][gc,heap        ] GC(344) ParOldGen: 579137K(579584K)->611765K(611840K)
[117.548s][info][gc,metaspace   ] GC(344) Metaspace: 18213K(18368K)->18213K(18368K) NonClass: 16385K(16512K)->16385K(16512K) Class: 1828K(1856K)->1828K(1856K)
[117.548s][info][gc             ] GC(344) Pause Young (Allocation Failure) 725M->632M(809M) 93.063ms
[117.548s][info][gc,cpu         ] GC(344) User=0.15s Sys=0.03s Real=0.09s
[117.671s][info][gc,start       ] GC(345) Pause Full (Allocation Failure)
[117.671s][info][gc,phases,start] GC(345) Marking Phase
[117.944s][info][gc,phases      ] GC(345) Marking Phase 272.846ms
[117.944s][info][gc,phases,start] GC(345) Summary Phase
[117.944s][info][gc,phases      ] GC(345) Summary Phase 0.035ms
[117.944s][info][gc,phases,start] GC(345) Forward
[118.015s][info][gc,phases      ] GC(345) Forward 70.853ms
[118.015s][info][gc,phases,start] GC(345) Adjust Pointers
[118.224s][info][gc,phases      ] GC(345) Adjust Pointers 209.189ms
[118.224s][info][gc,phases,start] GC(345) Compaction Phase
[118.344s][info][gc,phases      ] GC(345) Compaction Phase 119.903ms
[118.350s][info][gc,phases,start] GC(345) Post Compact
[118.353s][info][gc,phases      ] GC(345) Post Compact 2.337ms
[118.353s][info][gc,heap        ] GC(345) PSYoungGen: 173968K(216576K)->0K(227840K) Eden: 137728K(137728K)->0K(137728K) From: 36240K(78848K)->0K(90112K)
[118.353s][info][gc,heap        ] GC(345) ParOldGen: 611765K(611840K)->381615K(667648K)
[118.353s][info][gc,metaspace   ] GC(345) Metaspace: 18213K(18368K)->18213K(18368K) NonClass: 16385K(16512K)->16385K(16512K) Class: 1828K(1856K)->1828K(1856K)
[118.353s][info][gc             ] GC(345) Pause Full (Allocation Failure) 767M->372M(874M) 681.962ms
[118.353s][info][gc,cpu         ] GC(345) User=1.32s Sys=0.00s Real=0.68s
[118.417s][info][gc,start       ] GC(346) Pause Young (Allocation Failure)
[118.423s][info][gc,heap        ] GC(346) PSYoungGen: 137728K(227840K)->2880K(242688K) Eden: 137728K(137728K)->0K(153600K) From: 0K(90112K)->2880K(89088K)
[118.423s][info][gc,heap        ] GC(346) ParOldGen: 381615K(667648K)->381615K(667648K)
[118.423s][info][gc,metaspace   ] GC(346) Metaspace: 18213K(18368K)->18213K(18368K) NonClass: 16385K(16512K)->16385K(16512K) Class: 1828K(1856K)->1828K(1856K)
[118.423s][info][gc             ] GC(346) Pause Young (Allocation Failure) 507M->375M(889M) 5.248ms
[118.423s][info][gc,cpu         ] GC(346) User=0.01s Sys=0.01s Real=0.00s
[118.509s][info][gc,start       ] GC(347) Pause Young (Allocation Failure)
[118.520s][info][gc,heap        ] GC(347) PSYoungGen: 156480K(242688K)->1728K(243200K) Eden: 153600K(153600K)->0K(153600K) From: 2880K(89088K)->1728K(89600K)
[118.520s][info][gc,heap        ] GC(347) ParOldGen: 381615K(667648K)->384463K(667648K)
[118.520s][info][gc,metaspace   ] GC(347) Metaspace: 18213K(18368K)->18213K(18368K) NonClass: 16385K(16512K)->16385K(16512K) Class: 1828K(1856K)->1828K(1856K)
[118.520s][info][gc             ] GC(347) Pause Young (Allocation Failure) 525M->377M(889M) 11.602ms
[118.520s][info][gc,cpu         ] GC(347) User=0.02s Sys=0.00s Real=0.01s
[118.647s][info][gc,start       ] GC(348) Pause Young (Allocation Failure)
[118.682s][info][gc,heap        ] GC(348) PSYoungGen: 155328K(243200K)->19840K(235008K) Eden: 153600K(153600K)->0K(156160K) From: 1728K(89600K)->19840K(78848K)
[118.682s][info][gc,heap        ] GC(348) ParOldGen: 384463K(667648K)->386175K(667648K)
[118.682s][info][gc,metaspace   ] GC(348) Metaspace: 18213K(18368K)->18213K(18368K) NonClass: 16385K(16512K)->16385K(16512K) Class: 1828K(1856K)->1828K(1856K)
[118.682s][info][gc             ] GC(348) Pause Young (Allocation Failure) 527M->396M(881M) 34.843ms
[118.682s][info][gc,cpu         ] GC(348) User=0.07s Sys=0.00s Real=0.03s
[118.793s][info][gc,start       ] GC(349) Pause Young (Allocation Failure)
[118.830s][info][gc,heap        ] GC(349) PSYoungGen: 176000K(235008K)->9344K(239104K) Eden: 156160K(156160K)->0K(156160K) From: 19840K(78848K)->9344K(82944K)
[118.830s][info][gc,heap        ] GC(349) ParOldGen: 386175K(667648K)->406055K(667648K)
[118.830s][info][gc,metaspace   ] GC(349) Metaspace: 18224K(18368K)->18224K(18368K) NonClass: 16396K(16512K)->16396K(16512K) Class: 1828K(1856K)->1828K(1856K)
[118.830s][info][gc             ] GC(349) Pause Young (Allocation Failure) 548M->405M(885M) 36.883ms
[118.830s][info][gc,cpu         ] GC(349) User=0.07s Sys=0.00s Real=0.04s
[118.954s][info][gc,start       ] GC(350) Pause Young (Allocation Failure)
[118.977s][info][gc,heap        ] GC(350) PSYoungGen: 165504K(239104K)->9920K(243200K) Eden: 156160K(156160K)->0K(170496K) From: 9344K(82944K)->9920K(72704K)
[118.977s][info][gc,heap        ] GC(350) ParOldGen: 406055K(667648K)->415415K(667648K)
[118.977s][info][gc,metaspace   ] GC(350) Metaspace: 18227K(18368K)->18227K(18368K) NonClass: 16399K(16512K)->16399K(16512K) Class: 1828K(1856K)->1828K(1856K)
[118.977s][info][gc             ] GC(350) Pause Young (Allocation Failure) 558M->415M(889M) 23.345ms
[118.977s][info][gc,cpu         ] GC(350) User=0.05s Sys=0.00s Real=0.03s
[119.183s][info][gc,start       ] GC(351) Pause Young (Allocation Failure)
[119.223s][info][gc,heap        ] GC(351) PSYoungGen: 180416K(243200K)->24256K(247808K) Eden: 170496K(170496K)->0K(170496K) From: 9920K(72704K)->24256K(77312K)
[119.223s][info][gc,heap        ] GC(351) ParOldGen: 415415K(667648K)->425335K(667648K)
[119.223s][info][gc,metaspace   ] GC(351) Metaspace: 18229K(18368K)->18229K(18368K) NonClass: 16401K(16512K)->16401K(16512K) Class: 1828K(1856K)->1828K(1856K)
[119.223s][info][gc             ] GC(351) Pause Young (Allocation Failure) 581M->439M(894M) 39.756ms
[119.223s][info][gc,cpu         ] GC(351) User=0.08s Sys=0.00s Real=0.04s
[119.715s][info][gc,start       ] GC(352) Pause Young (Allocation Failure)
[119.747s][info][gc,heap        ] GC(352) PSYoungGen: 194752K(247808K)->192K(254976K) Eden: 170496K(170496K)->0K(184320K) From: 24256K(77312K)->192K(70656K)
[119.747s][info][gc,heap        ] GC(352) ParOldGen: 425335K(667648K)->449612K(667648K)
[119.747s][info][gc,metaspace   ] GC(352) Metaspace: 18236K(18368K)->18236K(18368K) NonClass: 16408K(16512K)->16408K(16512K) Class: 1828K(1856K)->1828K(1856K)
[119.747s][info][gc             ] GC(352) Pause Young (Allocation Failure) 605M->439M(901M) 32.150ms
[119.747s][info][gc,cpu         ] GC(352) User=0.06s Sys=0.00s Real=0.03s
[120.006s][info][gc,start       ] GC(353) Pause Young (Allocation Failure)
[120.029s][info][gc,heap        ] GC(353) PSYoungGen: 184512K(254976K)->21312K(255488K) Eden: 184320K(184320K)->0K(184320K) From: 192K(70656K)->21312K(71168K)
[120.029s][info][gc,heap        ] GC(353) ParOldGen: 449612K(667648K)->449777K(667648K)
[120.029s][info][gc,metaspace   ] GC(353) Metaspace: 18240K(18368K)->18240K(18368K) NonClass: 16412K(16512K)->16412K(16512K) Class: 1828K(1856K)->1828K(1856K)
[120.029s][info][gc             ] GC(353) Pause Young (Allocation Failure) 619M->460M(901M) 22.674ms
[120.029s][info][gc,cpu         ] GC(353) User=0.05s Sys=0.00s Real=0.02s
[120.237s][info][gc,start       ] GC(354) Pause Young (Allocation Failure)
[120.292s][info][gc,heap        ] GC(354) PSYoungGen: 205632K(255488K)->63152K(245760K) Eden: 184320K(184320K)->0K(179200K) From: 21312K(71168K)->63152K(66560K)
[120.292s][info][gc,heap        ] GC(354) ParOldGen: 449777K(667648K)->449777K(667648K)
[120.292s][info][gc,metaspace   ] GC(354) Metaspace: 18242K(18368K)->18242K(18368K) NonClass: 16414K(16512K)->16414K(16512K) Class: 1828K(1856K)->1828K(1856K)
[120.292s][info][gc             ] GC(354) Pause Young (Allocation Failure) 640M->500M(892M) 55.284ms
[120.292s][info][gc,cpu         ] GC(354) User=0.10s Sys=0.01s Real=0.05s
[120.614s][info][gc,start       ] GC(355) Pause Young (Allocation Failure)
[120.692s][info][gc,heap        ] GC(355) PSYoungGen: 242352K(245760K)->77280K(256512K) Eden: 179200K(179200K)->0K(179200K) From: 63152K(66560K)->77280K(77312K)
[120.692s][info][gc,heap        ] GC(355) ParOldGen: 449777K(667648K)->475322K(667648K)
[120.692s][info][gc,metaspace   ] GC(355) Metaspace: 18242K(18368K)->18242K(18368K) NonClass: 16414K(16512K)->16414K(16512K) Class: 1828K(1856K)->1828K(1856K)
[120.692s][info][gc             ] GC(355) Pause Young (Allocation Failure) 675M->539M(902M) 78.506ms
[120.692s][info][gc,cpu         ] GC(355) User=0.15s Sys=0.00s Real=0.08s
[120.939s][info][gc,start       ] GC(356) Pause Young (Allocation Failure)
[121.038s][info][gc,heap        ] GC(356) PSYoungGen: 256480K(256512K)->26943K(220672K) Eden: 179200K(179200K)->0K(143360K) From: 77280K(77312K)->26943K(77312K)
[121.038s][info][gc,heap        ] GC(356) ParOldGen: 475322K(667648K)->553494K(667648K)
[121.038s][info][gc,metaspace   ] GC(356) Metaspace: 18242K(18368K)->18242K(18368K) NonClass: 16414K(16512K)->16414K(16512K) Class: 1828K(1856K)->1828K(1856K)
[121.038s][info][gc             ] GC(356) Pause Young (Allocation Failure) 714M->566M(867M) 99.340ms
[121.038s][info][gc,cpu         ] GC(356) User=0.20s Sys=0.00s Real=0.10s
[121.200s][info][gc,start       ] GC(357) Pause Young (Allocation Failure)
[121.266s][info][gc,heap        ] GC(357) PSYoungGen: 170303K(220672K)->23936K(238592K) Eden: 143360K(143360K)->0K(143360K) From: 26943K(77312K)->23936K(95232K)
[121.266s][info][gc,heap        ] GC(357) ParOldGen: 553494K(667648K)->580484K(667648K)
[121.266s][info][gc,metaspace   ] GC(357) Metaspace: 18243K(18368K)->18243K(18368K) NonClass: 16414K(16512K)->16414K(16512K) Class: 1828K(1856K)->1828K(1856K)
[121.266s][info][gc             ] GC(357) Pause Young (Allocation Failure) 706M->590M(885M) 66.572ms
[121.266s][info][gc,cpu         ] GC(357) User=0.13s Sys=0.00s Real=0.07s
[121.406s][info][gc,start       ] GC(358) Pause Young (Allocation Failure)
[121.447s][info][gc,heap        ] GC(358) PSYoungGen: 167296K(238592K)->13056K(227840K) Eden: 143360K(143360K)->0K(147968K) From: 23936K(95232K)->13056K(79872K)
[121.447s][info][gc,heap        ] GC(358) ParOldGen: 580484K(667648K)->604436K(667648K)
[121.447s][info][gc,metaspace   ] GC(358) Metaspace: 18243K(18368K)->18243K(18368K) NonClass: 16414K(16512K)->16414K(16512K) Class: 1828K(1856K)->1828K(1856K)
[121.447s][info][gc             ] GC(358) Pause Young (Allocation Failure) 730M->603M(874M) 40.987ms
[121.447s][info][gc,cpu         ] GC(358) User=0.08s Sys=0.00s Real=0.04s
[121.603s][info][gc,start       ] GC(359) Pause Young (Allocation Failure)
[121.637s][info][gc,heap        ] GC(359) PSYoungGen: 161024K(227840K)->864K(235520K) Eden: 147968K(147968K)->0K(147968K) From: 13056K(79872K)->864K(87552K)
[121.637s][info][gc,heap        ] GC(359) ParOldGen: 604436K(667648K)->617492K(667648K)
[121.637s][info][gc,metaspace   ] GC(359) Metaspace: 18243K(18368K)->18243K(18368K) NonClass: 16414K(16512K)->16414K(16512K) Class: 1828K(1856K)->1828K(1856K)
[121.637s][info][gc             ] GC(359) Pause Young (Allocation Failure) 747M->603M(882M) 34.201ms
[121.637s][info][gc,cpu         ] GC(359) User=0.06s Sys=0.00s Real=0.04s
[121.786s][info][gc,start       ] GC(360) Pause Full (Allocation Failure)
[121.786s][info][gc,phases,start] GC(360) Marking Phase
[122.067s][info][gc,phases      ] GC(360) Marking Phase 281.628ms
[122.067s][info][gc,phases,start] GC(360) Summary Phase
[122.068s][info][gc,phases      ] GC(360) Summary Phase 0.035ms
[122.068s][info][gc,phases,start] GC(360) Forward
[122.158s][info][gc,phases      ] GC(360) Forward 90.452ms
[122.158s][info][gc,phases,start] GC(360) Adjust Pointers
[122.376s][info][gc,phases      ] GC(360) Adjust Pointers 217.551ms
[122.376s][info][gc,phases,start] GC(360) Compaction Phase
[122.499s][info][gc,phases      ] GC(360) Compaction Phase 123.396ms
[122.506s][info][gc,phases,start] GC(360) Post Compact
[122.508s][info][gc,phases      ] GC(360) Post Compact 2.300ms
[122.508s][info][gc,heap        ] GC(360) PSYoungGen: 148832K(235520K)->0K(245248K) Eden: 147968K(147968K)->0K(159744K) From: 864K(87552K)->0K(85504K)
[122.508s][info][gc,heap        ] GC(360) ParOldGen: 617492K(667648K)->384983K(667648K)
[122.508s][info][gc,metaspace   ] GC(360) Metaspace: 18243K(18368K)->18243K(18368K) NonClass: 16414K(16512K)->16414K(16512K) Class: 1828K(1856K)->1828K(1856K)
[122.508s][info][gc             ] GC(360) Pause Full (Allocation Failure) 748M->375M(891M) 722.647ms
[122.508s][info][gc,cpu         ] GC(360) User=1.37s Sys=0.00s Real=0.72s
[122.677s][info][gc,start       ] GC(361) Pause Young (Allocation Failure)
[122.707s][info][gc,heap        ] GC(361) PSYoungGen: 159744K(245248K)->34946K(195072K) Eden: 159744K(159744K)->0K(159744K) From: 0K(85504K)->34946K(35328K)
[122.707s][info][gc,heap        ] GC(361) ParOldGen: 384983K(667648K)->384983K(667648K)
[122.707s][info][gc,metaspace   ] GC(361) Metaspace: 18243K(18368K)->18243K(18368K) NonClass: 16414K(16512K)->16414K(16512K) Class: 1828K(1856K)->1828K(1856K)
[122.707s][info][gc             ] GC(361) Pause Young (Allocation Failure) 531M->410M(842M) 29.375ms
[122.707s][info][gc,cpu         ] GC(361) User=0.06s Sys=0.00s Real=0.03s
[122.862s][info][gc,start       ] GC(362) Pause Young (Allocation Failure)
[122.927s][info][gc,heap        ] GC(362) PSYoungGen: 194690K(195072K)->52480K(242176K) Eden: 159744K(159744K)->0K(158208K) From: 34946K(35328K)->52480K(83968K)
[122.927s][info][gc,heap        ] GC(362) ParOldGen: 384983K(667648K)->420245K(667648K)
[122.927s][info][gc,metaspace   ] GC(362) Metaspace: 18243K(18368K)->18243K(18368K) NonClass: 16414K(16512K)->16414K(16512K) Class: 1828K(1856K)->1828K(1856K)
[122.928s][info][gc             ] GC(362) Pause Young (Allocation Failure) 566M->461M(888M) 65.129ms
[122.928s][info][gc,cpu         ] GC(362) User=0.13s Sys=0.00s Real=0.07s
[123.072s][info][gc,start       ] GC(363) Pause Young (Allocation Failure)
[123.134s][info][gc,heap        ] GC(363) PSYoungGen: 210688K(242176K)->21024K(245760K) Eden: 158208K(158208K)->0K(158208K) From: 52480K(83968K)->21024K(87552K)
[123.134s][info][gc,heap        ] GC(363) ParOldGen: 420245K(667648K)->473350K(667648K)
[123.134s][info][gc,metaspace   ] GC(363) Metaspace: 18243K(18368K)->18243K(18368K) NonClass: 16414K(16512K)->16414K(16512K) Class: 1828K(1856K)->1828K(1856K)
[123.134s][info][gc             ] GC(363) Pause Young (Allocation Failure) 616M->482M(892M) 61.845ms
[123.134s][info][gc,cpu         ] GC(363) User=0.13s Sys=0.00s Real=0.06s
[123.410s][info][gc,start       ] GC(364) Pause Young (Allocation Failure)
[123.492s][info][gc,heap        ] GC(364) PSYoungGen: 179232K(245760K)->39264K(242688K) Eden: 158208K(158208K)->0K(162816K) From: 21024K(87552K)->39264K(79872K)
[123.492s][info][gc,heap        ] GC(364) ParOldGen: 473350K(667648K)->494390K(667648K)
[123.492s][info][gc,metaspace   ] GC(364) Metaspace: 18243K(18368K)->18243K(18368K) NonClass: 16414K(16512K)->16414K(16512K) Class: 1828K(1856K)->1828K(1856K)
[123.492s][info][gc             ] GC(364) Pause Young (Allocation Failure) 637M->521M(889M) 82.221ms
[123.492s][info][gc,cpu         ] GC(364) User=0.17s Sys=0.00s Real=0.08s
[123.688s][info][gc,start       ] GC(365) Pause Young (Allocation Failure)
[123.766s][info][gc,heap        ] GC(365) PSYoungGen: 202080K(242688K)->23072K(244224K) Eden: 162816K(162816K)->0K(162816K) From: 39264K(79872K)->23072K(81408K)
[123.766s][info][gc,heap        ] GC(365) ParOldGen: 494390K(667648K)->533750K(667648K)
[123.766s][info][gc,metaspace   ] GC(365) Metaspace: 18243K(18368K)->18243K(18368K) NonClass: 16414K(16512K)->16414K(16512K) Class: 1828K(1856K)->1828K(1856K)
[123.766s][info][gc             ] GC(365) Pause Young (Allocation Failure) 680M->543M(890M) 78.113ms
[123.766s][info][gc,cpu         ] GC(365) User=0.16s Sys=0.00s Real=0.08s
[123.915s][info][gc,start       ] GC(366) Pause Young (Allocation Failure)
[123.945s][info][gc,heap        ] GC(366) PSYoungGen: 185888K(244224K)->736K(250368K) Eden: 162816K(162816K)->0K(172544K) From: 23072K(81408K)->736K(77824K)
[123.945s][info][gc,heap        ] GC(366) ParOldGen: 533750K(667648K)->556646K(667648K)
[123.945s][info][gc,metaspace   ] GC(366) Metaspace: 18245K(18368K)->18245K(18368K) NonClass: 16417K(16512K)->16417K(16512K) Class: 1828K(1856K)->1828K(1856K)
[123.945s][info][gc             ] GC(366) Pause Young (Allocation Failure) 702M->544M(896M) 30.044ms
[123.945s][info][gc,cpu         ] GC(366) User=0.06s Sys=0.00s Real=0.04s
[124.143s][info][gc,start       ] GC(367) Pause Young (Allocation Failure)
[124.156s][info][gc,heap        ] GC(367) PSYoungGen: 173280K(250368K)->4352K(250368K) Eden: 172544K(172544K)->0K(172544K) From: 736K(77824K)->4352K(77824K)
[124.156s][info][gc,heap        ] GC(367) ParOldGen: 556646K(667648K)->557358K(667648K)
[124.156s][info][gc,metaspace   ] GC(367) Metaspace: 18246K(18368K)->18246K(18368K) NonClass: 16418K(16512K)->16418K(16512K) Class: 1828K(1856K)->1828K(1856K)
[124.156s][info][gc             ] GC(367) Pause Young (Allocation Failure) 712M->548M(896M) 13.298ms
[124.156s][info][gc,cpu         ] GC(367) User=0.02s Sys=0.00s Real=0.02s
[124.466s][info][gc,start       ] GC(368) Pause Young (Allocation Failure)
[124.491s][info][gc,heap        ] GC(368) PSYoungGen: 176896K(250368K)->16560K(250368K) Eden: 172544K(172544K)->0K(179712K) From: 4352K(77824K)->16560K(70656K)
[124.491s][info][gc,heap        ] GC(368) ParOldGen: 557358K(667648K)->561710K(667648K)
[124.491s][info][gc,metaspace   ] GC(368) Metaspace: 18246K(18368K)->18246K(18368K) NonClass: 16418K(16512K)->16418K(16512K) Class: 1828K(1856K)->1828K(1856K)
[124.491s][info][gc             ] GC(368) Pause Young (Allocation Failure) 717M->564M(896M) 25.272ms
[124.491s][info][gc,cpu         ] GC(368) User=0.05s Sys=0.00s Real=0.02s
[124.960s][info][gc,start       ] GC(369) Pause Young (Allocation Failure)
[124.993s][info][gc,heap        ] GC(369) PSYoungGen: 196272K(250368K)->12128K(252416K) Eden: 179712K(179712K)->0K(179712K) From: 16560K(70656K)->12128K(72704K)
[124.993s][info][gc,heap        ] GC(369) ParOldGen: 561710K(667648K)->578310K(667648K)
[124.993s][info][gc,metaspace   ] GC(369) Metaspace: 18247K(18368K)->18247K(18368K) NonClass: 16418K(16512K)->16418K(16512K) Class: 1828K(1856K)->1828K(1856K)
[124.993s][info][gc             ] GC(369) Pause Young (Allocation Failure) 740M->576M(898M) 33.759ms
[124.993s][info][gc,cpu         ] GC(369) User=0.06s Sys=0.00s Real=0.03s
[125.467s][info][gc,start       ] GC(370) Pause Young (Allocation Failure)
[125.481s][info][gc,heap        ] GC(370) PSYoungGen: 191840K(252416K)->12128K(256000K) Eden: 179712K(179712K)->0K(191488K) From: 12128K(72704K)->12128K(64512K)
[125.481s][info][gc,heap        ] GC(370) ParOldGen: 578310K(667648K)->578310K(667648K)
[125.481s][info][gc,metaspace   ] GC(370) Metaspace: 18247K(18368K)->18247K(18368K) NonClass: 16418K(16512K)->16418K(16512K) Class: 1828K(1856K)->1828K(1856K)
[125.481s][info][gc             ] GC(370) Pause Young (Allocation Failure) 752M->576M(902M) 14.877ms
[125.481s][info][gc,cpu         ] GC(370) User=0.03s Sys=0.00s Real=0.01s
[125.961s][info][gc,start       ] GC(371) Pause Young (Allocation Failure)
[125.977s][info][gc,heap        ] GC(371) PSYoungGen: 203616K(256000K)->12544K(258048K) Eden: 191488K(191488K)->0K(191488K) From: 12128K(64512K)->12544K(66560K)
[125.977s][info][gc,heap        ] GC(371) ParOldGen: 578310K(667648K)->578310K(667648K)
[125.977s][info][gc,metaspace   ] GC(371) Metaspace: 18251K(18432K)->18251K(18432K) NonClass: 16423K(16576K)->16423K(16576K) Class: 1828K(1856K)->1828K(1856K)
[125.977s][info][gc             ] GC(371) Pause Young (Allocation Failure) 763M->577M(904M) 15.562ms
[125.977s][info][gc,cpu         ] GC(371) User=0.03s Sys=0.00s Real=0.02s
[126.440s][info][gc,start       ] GC(372) Pause Young (Allocation Failure)
[126.465s][info][gc,heap        ] GC(372) PSYoungGen: 204032K(258048K)->12160K(263168K) Eden: 191488K(191488K)->0K(203776K) From: 12544K(66560K)->12160K(59392K)
[126.465s][info][gc,heap        ] GC(372) ParOldGen: 578310K(667648K)->578310K(667648K)
[126.465s][info][gc,metaspace   ] GC(372) Metaspace: 18251K(18432K)->18251K(18432K) NonClass: 16423K(16576K)->16423K(16576K) Class: 1828K(1856K)->1828K(1856K)
[126.465s][info][gc             ] GC(372) Pause Young (Allocation Failure) 764M->576M(909M) 24.924ms
[126.465s][info][gc,cpu         ] GC(372) User=0.05s Sys=0.00s Real=0.03s
[126.744s][info][gc,start       ] GC(373) Pause Young (Allocation Failure)
[126.791s][info][gc,heap        ] GC(373) PSYoungGen: 215935K(263168K)->57040K(261120K) Eden: 203775K(203776K)->0K(203776K) From: 12160K(59392K)->57040K(57344K)
[126.791s][info][gc,heap        ] GC(373) ParOldGen: 578310K(667648K)->578310K(667648K)
[126.791s][info][gc,metaspace   ] GC(373) Metaspace: 18251K(18432K)->18251K(18432K) NonClass: 16423K(16576K)->16423K(16576K) Class: 1828K(1856K)->1828K(1856K)
[126.791s][info][gc             ] GC(373) Pause Young (Allocation Failure) 775M->620M(907M) 47.695ms
[126.791s][info][gc,cpu         ] GC(373) User=0.09s Sys=0.00s Real=0.05s
[127.084s][info][gc,start       ] GC(374) Pause Young (Allocation Failure)
[127.163s][info][gc,heap        ] GC(374) PSYoungGen: 260816K(261120K)->70624K(222208K) Eden: 203776K(203776K)->0K(151552K) From: 57040K(57344K)->70624K(70656K)
[127.163s][info][gc,heap        ] GC(374) ParOldGen: 578310K(667648K)->599838K(667648K)
[127.163s][info][gc,metaspace   ] GC(374) Metaspace: 18251K(18432K)->18251K(18432K) NonClass: 16423K(16576K)->16423K(16576K) Class: 1828K(1856K)->1828K(1856K)
[127.163s][info][gc             ] GC(374) Pause Young (Allocation Failure) 819M->654M(869M) 78.962ms
[127.163s][info][gc,cpu         ] GC(374) User=0.15s Sys=0.01s Real=0.08s
[127.395s][info][gc,start       ] GC(375) Pause Young (Allocation Failure)
[127.505s][info][gc,heap        ] GC(375) PSYoungGen: 222176K(222208K)->91104K(242688K) Eden: 151552K(151552K)->0K(151552K) From: 70624K(70656K)->91104K(91136K)
[127.505s][info][gc,heap        ] GC(375) ParOldGen: 599838K(667648K)->614998K(667648K)
[127.505s][info][gc,metaspace   ] GC(375) Metaspace: 18251K(18432K)->18251K(18432K) NonClass: 16423K(16576K)->16423K(16576K) Class: 1828K(1856K)->1828K(1856K)
[127.505s][info][gc             ] GC(375) Pause Young (Allocation Failure) 802M->689M(889M) 109.850ms
[127.505s][info][gc,cpu         ] GC(375) User=0.22s Sys=0.00s Real=0.11s
[127.686s][info][gc,start       ] GC(376) Pause Young (Allocation Failure)
[127.819s][info][gc,heap        ] GC(376) PSYoungGen: 242656K(242688K)->91120K(202752K) Eden: 151552K(151552K)->0K(111616K) From: 91104K(91136K)->91120K(91136K)
[127.820s][info][gc,heap        ] GC(376) ParOldGen: 614998K(667648K)->637950K(667648K)
[127.820s][info][gc,metaspace   ] GC(376) Metaspace: 18251K(18432K)->18251K(18432K) NonClass: 16423K(16576K)->16423K(16576K) Class: 1828K(1856K)->1828K(1856K)
[127.820s][info][gc             ] GC(376) Pause Young (Allocation Failure) 837M->711M(850M) 133.653ms
[127.820s][info][gc,cpu         ] GC(376) User=0.25s Sys=0.02s Real=0.13s
[127.923s][info][gc,start       ] GC(377) Pause Full (Allocation Failure)
[127.923s][info][gc,phases,start] GC(377) Marking Phase
[128.327s][info][gc,phases      ] GC(377) Marking Phase 403.819ms
[128.327s][info][gc,phases,start] GC(377) Summary Phase
[128.327s][info][gc,phases      ] GC(377) Summary Phase 0.032ms
[128.327s][info][gc,phases,start] GC(377) Forward
[128.458s][info][gc,phases      ] GC(377) Forward 131.278ms
[128.458s][info][gc,phases,start] GC(377) Adjust Pointers
[128.767s][info][gc,phases      ] GC(377) Adjust Pointers 308.097ms
[128.767s][info][gc,phases,start] GC(377) Compaction Phase
[128.960s][info][gc,phases      ] GC(377) Compaction Phase 193.330ms
[128.970s][info][gc,phases,start] GC(377) Post Compact
[128.972s][info][gc,phases      ] GC(377) Post Compact 2.449ms
[128.972s][info][gc,heap        ] GC(377) PSYoungGen: 202736K(202752K)->0K(222720K) Eden: 111616K(111616K)->0K(111616K) From: 91120K(91136K)->0K(111104K)
[128.972s][info][gc,heap        ] GC(377) ParOldGen: 637950K(667648K)->544248K(667648K)
[128.972s][info][gc,metaspace   ] GC(377) Metaspace: 18251K(18432K)->18251K(18432K) NonClass: 16423K(16576K)->16423K(16576K) Class: 1828K(1856K)->1828K(1856K)
[128.972s][info][gc             ] GC(377) Pause Full (Allocation Failure) 820M->531M(869M) 1049.001ms
[128.972s][info][gc,cpu         ] GC(377) User=1.99s Sys=0.00s Real=1.05s
[129.086s][info][gc,start       ] GC(378) Pause Young (Allocation Failure)
[129.093s][info][gc,heap        ] GC(378) PSYoungGen: 111616K(222720K)->704K(222720K) Eden: 111616K(111616K)->0K(111616K) From: 0K(111104K)->704K(111104K)
[129.093s][info][gc,heap        ] GC(378) ParOldGen: 544248K(667648K)->544248K(667648K)
[129.093s][info][gc,metaspace   ] GC(378) Metaspace: 18251K(18432K)->18251K(18432K) NonClass: 16423K(16576K)->16423K(16576K) Class: 1828K(1856K)->1828K(1856K)
[129.093s][info][gc             ] GC(378) Pause Young (Allocation Failure) 640M->532M(869M) 7.290ms
[129.093s][info][gc,cpu         ] GC(378) User=0.02s Sys=0.01s Real=0.00s
[129.197s][info][gc,start       ] GC(379) Pause Young (Allocation Failure)
[129.205s][info][gc,heap        ] GC(379) PSYoungGen: 112320K(222720K)->1184K(222720K) Eden: 111616K(111616K)->0K(111616K) From: 704K(111104K)->1184K(111104K)
[129.205s][info][gc,heap        ] GC(379) ParOldGen: 544248K(667648K)->544248K(667648K)
[129.205s][info][gc,metaspace   ] GC(379) Metaspace: 18251K(18432K)->18251K(18432K) NonClass: 16423K(16576K)->16423K(16576K) Class: 1828K(1856K)->1828K(1856K)
[129.205s][info][gc             ] GC(379) Pause Young (Allocation Failure) 641M->532M(869M) 8.446ms
[129.205s][info][gc,cpu         ] GC(379) User=0.02s Sys=0.00s Real=0.01s
[129.334s][info][gc,start       ] GC(380) Pause Young (Allocation Failure)
[129.343s][info][gc,heap        ] GC(380) PSYoungGen: 112800K(222720K)->4523K(222720K) Eden: 111616K(111616K)->0K(111616K) From: 1184K(111104K)->4523K(111104K)
[129.343s][info][gc,heap        ] GC(380) ParOldGen: 544248K(667648K)->545400K(667648K)
[129.343s][info][gc,metaspace   ] GC(380) Metaspace: 18251K(18432K)->18251K(18432K) NonClass: 16423K(16576K)->16423K(16576K) Class: 1828K(1856K)->1828K(1856K)
[129.343s][info][gc             ] GC(380) Pause Young (Allocation Failure) 641M->537M(869M) 9.307ms
[129.343s][info][gc,cpu         ] GC(380) User=0.02s Sys=0.00s Real=0.01s
[129.470s][info][gc,start       ] GC(381) Pause Young (Allocation Failure)
[129.496s][info][gc,heap        ] GC(381) PSYoungGen: 116139K(222720K)->19104K(222720K) Eden: 111616K(111616K)->0K(111616K) From: 4523K(111104K)->19104K(111104K)
[129.496s][info][gc,heap        ] GC(381) ParOldGen: 545400K(667648K)->549916K(667648K)
[129.496s][info][gc,metaspace   ] GC(381) Metaspace: 18254K(18432K)->18254K(18432K) NonClass: 16425K(16576K)->16425K(16576K) Class: 1828K(1856K)->1828K(1856K)
[129.496s][info][gc             ] GC(381) Pause Young (Allocation Failure) 646M->555M(869M) 26.041ms
[129.496s][info][gc,cpu         ] GC(381) User=0.05s Sys=0.00s Real=0.03s
[129.644s][info][gc,start       ] GC(382) Pause Young (Allocation Failure)
[129.686s][info][gc,heap        ] GC(382) PSYoungGen: 130720K(222720K)->14624K(222720K) Eden: 111616K(111616K)->0K(111616K) From: 19104K(111104K)->14624K(111104K)
[129.686s][info][gc,heap        ] GC(382) ParOldGen: 549916K(667648K)->569116K(667648K)
[129.686s][info][gc,metaspace   ] GC(382) Metaspace: 18254K(18432K)->18254K(18432K) NonClass: 16426K(16576K)->16426K(16576K) Class: 1828K(1856K)->1828K(1856K)
[129.686s][info][gc             ] GC(382) Pause Young (Allocation Failure) 664M->570M(869M) 42.007ms
[129.686s][info][gc,cpu         ] GC(382) User=0.09s Sys=0.00s Real=0.05s
[129.808s][info][gc,start       ] GC(383) Pause Young (Allocation Failure)
[129.847s][info][gc,heap        ] GC(383) PSYoungGen: 126240K(222720K)->14992K(126976K) Eden: 111616K(111616K)->0K(111616K) From: 14624K(111104K)->14992K(15360K)
[129.847s][info][gc,heap        ] GC(383) ParOldGen: 569116K(667648K)->583789K(667648K)
[129.847s][info][gc,metaspace   ] GC(383) Metaspace: 18254K(18432K)->18254K(18432K) NonClass: 16426K(16576K)->16426K(16576K) Class: 1828K(1856K)->1828K(1856K)
[129.847s][info][gc             ] GC(383) Pause Young (Allocation Failure) 679M->584M(776M) 38.934ms
[129.847s][info][gc,cpu         ] GC(383) User=0.07s Sys=0.00s Real=0.04s
[129.998s][info][gc,start       ] GC(384) Pause Young (Allocation Failure)
[130.032s][info][gc,heap        ] GC(384) PSYoungGen: 126608K(126976K)->21168K(225280K) Eden: 111616K(111616K)->0K(118272K) From: 14992K(15360K)->21168K(107008K)
[130.032s][info][gc,heap        ] GC(384) ParOldGen: 583789K(667648K)->598821K(667648K)
[130.032s][info][gc,metaspace   ] GC(384) Metaspace: 18254K(18432K)->18254K(18432K) NonClass: 16426K(16576K)->16426K(16576K) Class: 1828K(1856K)->1828K(1856K)
[130.032s][info][gc             ] GC(384) Pause Young (Allocation Failure) 693M->605M(872M) 34.404ms
[130.032s][info][gc,cpu         ] GC(384) User=0.07s Sys=0.00s Real=0.03s
[130.309s][info][gc,start       ] GC(385) Pause Young (Allocation Failure)
[130.347s][info][gc,heap        ] GC(385) PSYoungGen: 139440K(225280K)->15808K(220160K) Eden: 118272K(118272K)->0K(118272K) From: 21168K(107008K)->15808K(101888K)
[130.347s][info][gc,heap        ] GC(385) ParOldGen: 598821K(667648K)->620173K(667648K)
[130.347s][info][gc,metaspace   ] GC(385) Metaspace: 18255K(18432K)->18255K(18432K) NonClass: 16426K(16576K)->16426K(16576K) Class: 1828K(1856K)->1828K(1856K)
[130.347s][info][gc             ] GC(385) Pause Young (Allocation Failure) 720M->621M(867M) 38.168ms
[130.347s][info][gc,cpu         ] GC(385) User=0.07s Sys=0.00s Real=0.04s
[130.484s][info][gc,start       ] GC(386) Pause Young (Allocation Failure)
[130.509s][info][gc,heap        ] GC(386) PSYoungGen: 134080K(220160K)->3232K(224256K) Eden: 118272K(118272K)->0K(128000K) From: 15808K(101888K)->3232K(96256K)
[130.509s][info][gc,heap        ] GC(386) ParOldGen: 620173K(667648K)->636021K(667648K)
[130.509s][info][gc,metaspace   ] GC(386) Metaspace: 18256K(18432K)->18256K(18432K) NonClass: 16427K(16576K)->16427K(16576K) Class: 1828K(1856K)->1828K(1856K)
[130.509s][info][gc             ] GC(386) Pause Young (Allocation Failure) 736M->624M(871M) 25.521ms
[130.509s][info][gc,cpu         ] GC(386) User=0.06s Sys=0.00s Real=0.03s
[130.832s][info][gc,start       ] GC(387) Pause Full (Allocation Failure)
[130.833s][info][gc,phases,start] GC(387) Marking Phase
[131.163s][info][gc,phases      ] GC(387) Marking Phase 330.563ms
[131.163s][info][gc,phases,start] GC(387) Summary Phase
[131.163s][info][gc,phases      ] GC(387) Summary Phase 0.032ms
[131.163s][info][gc,phases,start] GC(387) Forward
[131.240s][info][gc,phases      ] GC(387) Forward 76.319ms
[131.240s][info][gc,phases,start] GC(387) Adjust Pointers
[131.475s][info][gc,phases      ] GC(387) Adjust Pointers 234.908ms
[131.475s][info][gc,phases,start] GC(387) Compaction Phase
[131.585s][info][gc,phases      ] GC(387) Compaction Phase 110.046ms
[131.591s][info][gc,phases,start] GC(387) Post Compact
[131.593s][info][gc,phases      ] GC(387) Post Compact 2.297ms
[131.593s][info][gc,heap        ] GC(387) PSYoungGen: 131232K(224256K)->0K(221696K) Eden: 128000K(128000K)->0K(128000K) From: 3232K(96256K)->0K(93696K)
[131.593s][info][gc,heap        ] GC(387) ParOldGen: 636021K(667648K)->443674K(667648K)
[131.593s][info][gc,metaspace   ] GC(387) Metaspace: 18257K(18432K)->18257K(18432K) NonClass: 16429K(16576K)->16429K(16576K) Class: 1828K(1856K)->1828K(1856K)
[131.593s][info][gc             ] GC(387) Pause Full (Allocation Failure) 749M->433M(868M) 760.494ms
[131.593s][info][gc,cpu         ] GC(387) User=1.42s Sys=0.00s Real=0.76s
[131.839s][info][gc,start       ] GC(388) Pause Young (Allocation Failure)
[131.854s][info][gc,heap        ] GC(388) PSYoungGen: 128000K(221696K)->12624K(221184K) Eden: 128000K(128000K)->0K(138240K) From: 0K(93696K)->12624K(82944K)
[131.854s][info][gc,heap        ] GC(388) ParOldGen: 443674K(667648K)->443674K(667648K)
[131.854s][info][gc,metaspace   ] GC(388) Metaspace: 18258K(18432K)->18258K(18432K) NonClass: 16430K(16576K)->16430K(16576K) Class: 1828K(1856K)->1828K(1856K)
[131.854s][info][gc             ] GC(388) Pause Young (Allocation Failure) 558M->445M(868M) 15.076ms
[131.854s][info][gc,cpu         ] GC(388) User=0.02s Sys=0.01s Real=0.01s
[132.049s][info][gc,start       ] GC(389) Pause Young (Allocation Failure)
[132.068s][info][gc,heap        ] GC(389) PSYoungGen: 150864K(221184K)->17584K(227328K) Eden: 138240K(138240K)->0K(138240K) From: 12624K(82944K)->17584K(89088K)
[132.068s][info][gc,heap        ] GC(389) ParOldGen: 443674K(667648K)->443674K(667648K)
[132.068s][info][gc,metaspace   ] GC(389) Metaspace: 18258K(18432K)->18258K(18432K) NonClass: 16430K(16576K)->16430K(16576K) Class: 1828K(1856K)->1828K(1856K)
[132.068s][info][gc             ] GC(389) Pause Young (Allocation Failure) 580M->450M(874M) 19.036ms
[132.068s][info][gc,cpu         ] GC(389) User=0.04s Sys=0.00s Real=0.02s
[132.165s][info][gc,start       ] GC(390) Pause Young (Allocation Failure)
[132.220s][info][gc,heap        ] GC(390) PSYoungGen: 155824K(227328K)->66848K(221696K) Eden: 138240K(138240K)->0K(138240K) From: 17584K(89088K)->66848K(83456K)
[132.220s][info][gc,heap        ] GC(390) ParOldGen: 443674K(667648K)->443674K(667648K)
[132.220s][info][gc,metaspace   ] GC(390) Metaspace: 18260K(18432K)->18260K(18432K) NonClass: 16431K(16576K)->16431K(16576K) Class: 1828K(1856K)->1828K(1856K)
[132.220s][info][gc             ] GC(390) Pause Young (Allocation Failure) 585M->498M(868M) 55.043ms
[132.220s][info][gc,cpu         ] GC(390) User=0.10s Sys=0.00s Real=0.05s
[132.445s][info][gc,start       ] GC(391) Pause Young (Allocation Failure)
[132.514s][info][gc,heap        ] GC(391) PSYoungGen: 205088K(221696K)->93664K(231936K) Eden: 138240K(138240K)->0K(138240K) From: 66848K(83456K)->93664K(93696K)
[132.514s][info][gc,heap        ] GC(391) ParOldGen: 443674K(667648K)->445202K(667648K)
[132.514s][info][gc,metaspace   ] GC(391) Metaspace: 18260K(18432K)->18260K(18432K) NonClass: 16432K(16576K)->16432K(16576K) Class: 1828K(1856K)->1828K(1856K)
[132.514s][info][gc             ] GC(391) Pause Young (Allocation Failure) 633M->526M(878M) 69.026ms
[132.514s][info][gc,cpu         ] GC(391) User=0.14s Sys=0.00s Real=0.06s
[132.731s][info][gc,start       ] GC(392) Pause Young (Allocation Failure)
[132.819s][info][gc,heap        ] GC(392) PSYoungGen: 231904K(231936K)->86816K(213504K) Eden: 138240K(138240K)->0K(111616K) From: 93664K(93696K)->86816K(101888K)
[132.819s][info][gc,heap        ] GC(392) ParOldGen: 445202K(667648K)->446854K(667648K)
[132.819s][info][gc,metaspace   ] GC(392) Metaspace: 18260K(18432K)->18260K(18432K) NonClass: 16432K(16576K)->16432K(16576K) Class: 1828K(1856K)->1828K(1856K)
[132.820s][info][gc             ] GC(392) Pause Young (Allocation Failure) 661M->521M(860M) 88.663ms
[132.820s][info][gc,cpu         ] GC(392) User=0.16s Sys=0.00s Real=0.09s
[132.966s][info][gc,start       ] GC(393) Pause Young (Allocation Failure)
[133.074s][info][gc,heap        ] GC(393) PSYoungGen: 198432K(213504K)->38624K(222720K) Eden: 111616K(111616K)->0K(111616K) From: 86816K(101888K)->38624K(111104K)
[133.074s][info][gc,heap        ] GC(393) ParOldGen: 446854K(667648K)->523851K(667648K)
[133.074s][info][gc,metaspace   ] GC(393) Metaspace: 18260K(18432K)->18260K(18432K) NonClass: 16432K(16576K)->16432K(16576K) Class: 1828K(1856K)->1828K(1856K)
[133.074s][info][gc             ] GC(393) Pause Young (Allocation Failure) 630M->549M(869M) 108.268ms
[133.074s][info][gc,cpu         ] GC(393) User=0.21s Sys=0.00s Real=0.10s
[133.207s][info][gc,start       ] GC(394) Pause Young (Allocation Failure)
[133.283s][info][gc,heap        ] GC(394) PSYoungGen: 150240K(222720K)->20288K(222720K) Eden: 111616K(111616K)->0K(111616K) From: 38624K(111104K)->20288K(111104K)
[133.283s][info][gc,heap        ] GC(394) ParOldGen: 523851K(667648K)->562563K(667648K)
[133.283s][info][gc,metaspace   ] GC(394) Metaspace: 18260K(18432K)->18260K(18432K) NonClass: 16432K(16576K)->16432K(16576K) Class: 1828K(1856K)->1828K(1856K)
[133.283s][info][gc             ] GC(394) Pause Young (Allocation Failure) 658M->569M(869M) 75.472ms
[133.283s][info][gc,cpu         ] GC(394) User=0.15s Sys=0.00s Real=0.07s
[133.389s][info][gc,start       ] GC(395) Pause Young (Allocation Failure)
[133.426s][info][gc,heap        ] GC(395) PSYoungGen: 131904K(222720K)->4256K(116224K) Eden: 111616K(111616K)->0K(111616K) From: 20288K(111104K)->4256K(4608K)
[133.426s][info][gc,heap        ] GC(395) ParOldGen: 562563K(667648K)->582891K(667648K)
[133.426s][info][gc,metaspace   ] GC(395) Metaspace: 18260K(18432K)->18260K(18432K) NonClass: 16432K(16576K)->16432K(16576K) Class: 1828K(1856K)->1828K(1856K)
[133.426s][info][gc             ] GC(395) Pause Young (Allocation Failure) 678M->573M(765M) 37.221ms
[133.426s][info][gc,cpu         ] GC(395) User=0.07s Sys=0.00s Real=0.04s
[133.566s][info][gc,start       ] GC(396) Pause Young (Allocation Failure)
[133.576s][info][gc,heap        ] GC(396) PSYoungGen: 115872K(116224K)->672K(223232K) Eden: 111616K(111616K)->0K(113664K) From: 4256K(4608K)->672K(109568K)
[133.577s][info][gc,heap        ] GC(396) ParOldGen: 582891K(667648K)->587155K(667648K)
[133.577s][info][gc,metaspace   ] GC(396) Metaspace: 18260K(18432K)->18260K(18432K) NonClass: 16432K(16576K)->16432K(16576K) Class: 1828K(1856K)->1828K(1856K)
[133.577s][info][gc             ] GC(396) Pause Young (Allocation Failure) 682M->574M(870M) 10.995ms
[133.577s][info][gc,cpu         ] GC(396) User=0.02s Sys=0.00s Real=0.01s
[133.700s][info][gc,start       ] GC(397) Pause Young (Allocation Failure)
[133.712s][info][gc,heap        ] GC(397) PSYoungGen: 114336K(223232K)->3968K(221184K) Eden: 113664K(113664K)->0K(113664K) From: 672K(109568K)->3968K(107520K)
[133.712s][info][gc,heap        ] GC(397) ParOldGen: 587155K(667648K)->587811K(667648K)
[133.712s][info][gc,metaspace   ] GC(397) Metaspace: 18260K(18432K)->18260K(18432K) NonClass: 16432K(16576K)->16432K(16576K) Class: 1828K(1856K)->1828K(1856K)
[133.713s][info][gc             ] GC(397) Pause Young (Allocation Failure) 685M->577M(868M) 12.530ms
[133.713s][info][gc,cpu         ] GC(397) User=0.03s Sys=0.00s Real=0.01s
[133.864s][info][gc,start       ] GC(398) Pause Young (Allocation Failure)
[133.872s][info][gc,heap        ] GC(398) PSYoungGen: 117632K(221184K)->544K(223232K) Eden: 113664K(113664K)->0K(119808K) From: 3968K(107520K)->544K(103424K)
[133.872s][info][gc,heap        ] GC(398) ParOldGen: 587811K(667648K)->591763K(667648K)
[133.872s][info][gc,metaspace   ] GC(398) Metaspace: 18260K(18432K)->18260K(18432K) NonClass: 16432K(16576K)->16432K(16576K) Class: 1828K(1856K)->1828K(1856K)
[133.872s][info][gc             ] GC(398) Pause Young (Allocation Failure) 688M->578M(870M) 7.876ms
[133.872s][info][gc,cpu         ] GC(398) User=0.01s Sys=0.00s Real=0.01s
[134.099s][info][gc,start       ] GC(399) Pause Young (Allocation Failure)
[134.114s][info][gc,heap        ] GC(399) PSYoungGen: 120352K(223232K)->12240K(221184K) Eden: 119808K(119808K)->0K(119808K) From: 544K(103424K)->12240K(101376K)
[134.114s][info][gc,heap        ] GC(399) ParOldGen: 591763K(667648K)->591763K(667648K)
[134.114s][info][gc,metaspace   ] GC(399) Metaspace: 18260K(18432K)->18260K(18432K) NonClass: 16432K(16576K)->16432K(16576K) Class: 1828K(1856K)->1828K(1856K)
[134.114s][info][gc             ] GC(399) Pause Young (Allocation Failure) 695M->589M(868M) 15.419ms
[134.114s][info][gc,cpu         ] GC(399) User=0.03s Sys=0.00s Real=0.01s
[134.306s][info][gc,start       ] GC(400) Pause Young (Allocation Failure)
[134.363s][info][gc,heap        ] GC(400) PSYoungGen: 132048K(221184K)->29328K(218112K) Eden: 119808K(119808K)->0K(130560K) From: 12240K(101376K)->29328K(87552K)
[134.364s][info][gc,heap        ] GC(400) ParOldGen: 591763K(667648K)->591763K(667648K)
[134.364s][info][gc,metaspace   ] GC(400) Metaspace: 18260K(18432K)->18260K(18432K) NonClass: 16432K(16576K)->16432K(16576K) Class: 1828K(1856K)->1828K(1856K)
[134.364s][info][gc             ] GC(400) Pause Young (Allocation Failure) 706M->606M(865M) 57.729ms
[134.364s][info][gc,cpu         ] GC(400) User=0.12s Sys=0.00s Real=0.05s
[134.732s][info][gc,start       ] GC(401) Pause Young (Allocation Failure)
[134.774s][info][gc,heap        ] GC(401) PSYoungGen: 159888K(218112K)->42288K(221696K) Eden: 130560K(130560K)->0K(130560K) From: 29328K(87552K)->42288K(91136K)
[134.774s][info][gc,heap        ] GC(401) ParOldGen: 591763K(667648K)->591763K(667648K)
[134.774s][info][gc,metaspace   ] GC(401) Metaspace: 18265K(18432K)->18265K(18432K) NonClass: 16436K(16576K)->16436K(16576K) Class: 1828K(1856K)->1828K(1856K)
[134.774s][info][gc             ] GC(401) Pause Young (Allocation Failure) 734M->619M(868M) 41.734ms
[134.774s][info][gc,cpu         ] GC(401) User=0.09s Sys=0.00s Real=0.04s
[134.907s][info][gc,start       ] GC(402) Pause Young (Allocation Failure)
[134.973s][info][gc,heap        ] GC(402) PSYoungGen: 172848K(221696K)->72688K(222208K) Eden: 130560K(130560K)->0K(131072K) From: 42288K(91136K)->72688K(91136K)
[134.973s][info][gc,heap        ] GC(402) ParOldGen: 591763K(667648K)->591763K(667648K)
[134.973s][info][gc,metaspace   ] GC(402) Metaspace: 18265K(18432K)->18265K(18432K) NonClass: 16437K(16576K)->16437K(16576K) Class: 1828K(1856K)->1828K(1856K)
[134.973s][info][gc             ] GC(402) Pause Young (Allocation Failure) 746M->648M(869M) 65.871ms
[134.973s][info][gc,cpu         ] GC(402) User=0.13s Sys=0.00s Real=0.06s
[135.170s][info][gc,start       ] GC(403) Pause Young (Allocation Failure)
[135.254s][info][gc,heap        ] GC(403) PSYoungGen: 203760K(222208K)->83648K(215040K) Eden: 131072K(131072K)->0K(131072K) From: 72688K(91136K)->83648K(83968K)
[135.254s][info][gc,heap        ] GC(403) ParOldGen: 591763K(667648K)->592275K(667648K)
[135.254s][info][gc,metaspace   ] GC(403) Metaspace: 18267K(18432K)->18267K(18432K) NonClass: 16439K(16576K)->16439K(16576K) Class: 1828K(1856K)->1828K(1856K)
[135.254s][info][gc             ] GC(403) Pause Young (Allocation Failure) 776M->660M(862M) 83.392ms
[135.254s][info][gc,cpu         ] GC(403) User=0.17s Sys=0.01s Real=0.08s
[135.525s][info][gc,start       ] GC(404) Pause Young (Allocation Failure)
[135.605s][info][gc,heap        ] GC(404) PSYoungGen: 214720K(215040K)->54896K(222720K) Eden: 131072K(131072K)->0K(111616K) From: 83648K(83968K)->54896K(111104K)
[135.605s][info][gc,heap        ] GC(404) ParOldGen: 592275K(667648K)->621155K(667648K)
[135.605s][info][gc,metaspace   ] GC(404) Metaspace: 18267K(18432K)->18267K(18432K) NonClass: 16439K(16576K)->16439K(16576K) Class: 1828K(1856K)->1828K(1856K)
[135.605s][info][gc             ] GC(404) Pause Young (Allocation Failure) 788M->660M(869M) 79.460ms
[135.605s][info][gc,cpu         ] GC(404) User=0.15s Sys=0.00s Real=0.08s
[135.736s][info][gc,start       ] GC(405) Pause Full (Allocation Failure)
[135.736s][info][gc,phases,start] GC(405) Marking Phase
[136.105s][info][gc,phases      ] GC(405) Marking Phase 368.073ms
[136.105s][info][gc,phases,start] GC(405) Summary Phase
[136.105s][info][gc,phases      ] GC(405) Summary Phase 0.039ms
[136.105s][info][gc,phases,start] GC(405) Forward
[136.224s][info][gc,phases      ] GC(405) Forward 119.340ms
[136.224s][info][gc,phases,start] GC(405) Adjust Pointers
[136.496s][info][gc,phases      ] GC(405) Adjust Pointers 271.479ms
[136.496s][info][gc,phases,start] GC(405) Compaction Phase
[136.657s][info][gc,phases      ] GC(405) Compaction Phase 161.226ms
[136.667s][info][gc,phases,start] GC(405) Post Compact
[136.669s][info][gc,phases      ] GC(405) Post Compact 2.374ms
[136.670s][info][gc,heap        ] GC(405) PSYoungGen: 166512K(222720K)->0K(222720K) Eden: 111616K(111616K)->0K(111616K) From: 54896K(111104K)->0K(111104K)
[136.670s][info][gc,heap        ] GC(405) ParOldGen: 621155K(667648K)->446060K(667648K)
[136.670s][info][gc,metaspace   ] GC(405) Metaspace: 18267K(18432K)->18267K(18432K) NonClass: 16439K(16576K)->16439K(16576K) Class: 1828K(1856K)->1828K(1856K)
[136.670s][info][gc             ] GC(405) Pause Full (Allocation Failure) 769M->435M(869M) 933.201ms
[136.670s][info][gc,cpu         ] GC(405) User=1.75s Sys=0.00s Real=0.93s
[136.778s][info][gc,start       ] GC(406) Pause Young (Allocation Failure)
[136.785s][info][gc,heap        ] GC(406) PSYoungGen: 111616K(222720K)->3424K(222720K) Eden: 111616K(111616K)->0K(111616K) From: 0K(111104K)->3424K(111104K)
[136.785s][info][gc,heap        ] GC(406) ParOldGen: 446060K(667648K)->446060K(667648K)
[136.785s][info][gc,metaspace   ] GC(406) Metaspace: 18267K(18432K)->18267K(18432K) NonClass: 16439K(16576K)->16439K(16576K) Class: 1828K(1856K)->1828K(1856K)
[136.785s][info][gc             ] GC(406) Pause Young (Allocation Failure) 544M->438M(869M) 6.837ms
[136.785s][info][gc,cpu         ] GC(406) User=0.01s Sys=0.00s Real=0.01s
[136.903s][info][gc,start       ] GC(407) Pause Young (Allocation Failure)
[136.913s][info][gc,heap        ] GC(407) PSYoungGen: 115040K(222720K)->5568K(117248K) Eden: 111616K(111616K)->0K(111616K) From: 3424K(111104K)->5568K(5632K)
[136.913s][info][gc,heap        ] GC(407) ParOldGen: 446060K(667648K)->446060K(667648K)
[136.913s][info][gc,metaspace   ] GC(407) Metaspace: 18267K(18432K)->18267K(18432K) NonClass: 16439K(16576K)->16439K(16576K) Class: 1828K(1856K)->1828K(1856K)
[136.913s][info][gc             ] GC(407) Pause Young (Allocation Failure) 547M->441M(766M) 9.931ms
[136.913s][info][gc,cpu         ] GC(407) User=0.02s Sys=0.00s Real=0.01s
[137.060s][info][gc,start       ] GC(408) Pause Young (Allocation Failure)
[137.082s][info][gc,heap        ] GC(408) PSYoungGen: 117184K(117248K)->19424K(224768K) Eden: 111616K(111616K)->0K(117248K) From: 5568K(5632K)->19424K(107520K)
[137.082s][info][gc,heap        ] GC(408) ParOldGen: 446060K(667648K)->446060K(667648K)
[137.082s][info][gc,metaspace   ] GC(408) Metaspace: 18267K(18432K)->18267K(18432K) NonClass: 16439K(16576K)->16439K(16576K) Class: 1828K(1856K)->1828K(1856K)
[137.082s][info][gc             ] GC(408) Pause Young (Allocation Failure) 550M->454M(871M) 21.871ms
[137.082s][info][gc,cpu         ] GC(408) User=0.04s Sys=0.00s Real=0.02s
[137.400s][info][gc,start       ] GC(409) Pause Young (Allocation Failure)
[137.425s][info][gc,heap        ] GC(409) PSYoungGen: 136672K(224768K)->21120K(220672K) Eden: 117248K(117248K)->0K(117248K) From: 19424K(107520K)->21120K(103424K)
[137.425s][info][gc,heap        ] GC(409) ParOldGen: 446060K(667648K)->446060K(667648K)
[137.425s][info][gc,metaspace   ] GC(409) Metaspace: 18267K(18432K)->18267K(18432K) NonClass: 16439K(16576K)->16439K(16576K) Class: 1828K(1856K)->1828K(1856K)
[137.425s][info][gc             ] GC(409) Pause Young (Allocation Failure) 569M->456M(867M) 24.574ms
[137.425s][info][gc,cpu         ] GC(409) User=0.05s Sys=0.00s Real=0.03s
[137.729s][info][gc,start       ] GC(410) Pause Young (Allocation Failure)
[137.753s][info][gc,heap        ] GC(410) PSYoungGen: 138368K(220672K)->21152K(215552K) Eden: 117248K(117248K)->0K(125952K) From: 21120K(103424K)->21152K(89600K)
[137.753s][info][gc,heap        ] GC(410) ParOldGen: 446060K(667648K)->446060K(667648K)
[137.753s][info][gc,metaspace   ] GC(410) Metaspace: 18267K(18432K)->18267K(18432K) NonClass: 16439K(16576K)->16439K(16576K) Class: 1828K(1856K)->1828K(1856K)
[137.753s][info][gc             ] GC(410) Pause Young (Allocation Failure) 570M->456M(862M) 24.024ms
[137.753s][info][gc,cpu         ] GC(410) User=0.05s Sys=0.00s Real=0.02s
[138.054s][info][gc,start       ] GC(411) Pause Young (Allocation Failure)
[138.077s][info][gc,heap        ] GC(411) PSYoungGen: 147104K(215552K)->21152K(218112K) Eden: 125952K(125952K)->0K(125952K) From: 21152K(89600K)->21152K(92160K)
[138.077s][info][gc,heap        ] GC(411) ParOldGen: 446060K(667648K)->446060K(667648K)
[138.077s][info][gc,metaspace   ] GC(411) Metaspace: 18267K(18432K)->18267K(18432K) NonClass: 16439K(16576K)->16439K(16576K) Class: 1828K(1856K)->1828K(1856K)
[138.077s][info][gc             ] GC(411) Pause Young (Allocation Failure) 579M->456M(865M) 23.519ms
[138.077s][info][gc,cpu         ] GC(411) User=0.05s Sys=0.00s Real=0.03s
[138.365s][info][gc,start       ] GC(412) Pause Young (Allocation Failure)
[138.393s][info][gc,heap        ] GC(412) PSYoungGen: 147104K(218112K)->21184K(212480K) Eden: 125952K(125952K)->0K(134656K) From: 21152K(92160K)->21184K(77824K)
[138.394s][info][gc,heap        ] GC(412) ParOldGen: 446060K(667648K)->446060K(667648K)
[138.394s][info][gc,metaspace   ] GC(412) Metaspace: 18267K(18432K)->18267K(18432K) NonClass: 16439K(16576K)->16439K(16576K) Class: 1828K(1856K)->1828K(1856K)
[138.394s][info][gc             ] GC(412) Pause Young (Allocation Failure) 579M->456M(859M) 28.252ms
[138.394s][info][gc,cpu         ] GC(412) User=0.05s Sys=0.00s Real=0.02s
[138.540s][info][gc,start       ] GC(413) Pause Young (Allocation Failure)
[138.597s][info][gc,heap        ] GC(413) PSYoungGen: 155840K(212480K)->53728K(217088K) Eden: 134656K(134656K)->0K(134656K) From: 21184K(77824K)->53728K(82432K)
[138.597s][info][gc,heap        ] GC(413) ParOldGen: 446060K(667648K)->446060K(667648K)
[138.597s][info][gc,metaspace   ] GC(413) Metaspace: 18270K(18432K)->18270K(18432K) NonClass: 16441K(16576K)->16441K(16576K) Class: 1828K(1856K)->1828K(1856K)
[138.597s][info][gc             ] GC(413) Pause Young (Allocation Failure) 587M->488M(864M) 56.881ms
[138.597s][info][gc,cpu         ] GC(413) User=0.12s Sys=0.00s Real=0.06s
[138.737s][info][gc,start       ] GC(414) Pause Young (Allocation Failure)
[138.816s][info][gc,heap        ] GC(414) PSYoungGen: 188384K(217088K)->86496K(210432K) Eden: 134656K(134656K)->0K(123904K) From: 53728K(82432K)->86496K(86528K)
[138.816s][info][gc,heap        ] GC(414) ParOldGen: 446060K(667648K)->453636K(667648K)
[138.816s][info][gc,metaspace   ] GC(414) Metaspace: 18270K(18432K)->18270K(18432K) NonClass: 16441K(16576K)->16441K(16576K) Class: 1828K(1856K)->1828K(1856K)
[138.816s][info][gc             ] GC(414) Pause Young (Allocation Failure) 619M->527M(857M) 78.977ms
[138.816s][info][gc,cpu         ] GC(414) User=0.14s Sys=0.01s Real=0.08s
[138.928s][info][gc,start       ] GC(415) Pause Young (Allocation Failure)
[138.995s][info][gc,heap        ] GC(415) PSYoungGen: 210400K(210432K)->84089K(208384K) Eden: 123904K(123904K)->0K(123904K) From: 86496K(86528K)->84089K(84480K)
[138.995s][info][gc,heap        ] GC(415) ParOldGen: 453636K(667648K)->459180K(667648K)
[138.995s][info][gc,metaspace   ] GC(415) Metaspace: 18270K(18432K)->18270K(18432K) NonClass: 16441K(16576K)->16441K(16576K) Class: 1828K(1856K)->1828K(1856K)
[138.995s][info][gc             ] GC(415) Pause Young (Allocation Failure) 648M->530M(855M) 66.921ms
[138.995s][info][gc,cpu         ] GC(415) User=0.13s Sys=0.00s Real=0.07s
[139.125s][info][gc,start       ] GC(416) Pause Young (Allocation Failure)
[139.231s][info][gc,heap        ] GC(416) PSYoungGen: 207993K(208384K)->108153K(222720K) Eden: 123904K(123904K)->0K(111616K) From: 84089K(84480K)->108153K(111104K)
[139.231s][info][gc,heap        ] GC(416) ParOldGen: 459180K(667648K)->474807K(667648K)
[139.231s][info][gc,metaspace   ] GC(416) Metaspace: 18276K(18432K)->18276K(18432K) NonClass: 16448K(16576K)->16448K(16576K) Class: 1828K(1856K)->1828K(1856K)
[139.231s][info][gc             ] GC(416) Pause Young (Allocation Failure) 651M->569M(869M) 105.368ms
[139.231s][info][gc,cpu         ] GC(416) User=0.20s Sys=0.01s Real=0.10s
[139.286s][info][gc,start       ] GC(417) Pause Young (Allocation Failure)
[139.406s][info][gc,heap        ] GC(417) PSYoungGen: 219769K(222720K)->111072K(222720K) Eden: 111616K(111616K)->0K(111616K) From: 108153K(111104K)->111072K(111104K)
[139.406s][info][gc,heap        ] GC(417) ParOldGen: 474807K(667648K)->518179K(667648K)
[139.406s][info][gc,metaspace   ] GC(417) Metaspace: 18276K(18432K)->18276K(18432K) NonClass: 16448K(16576K)->16448K(16576K) Class: 1828K(1856K)->1828K(1856K)
[139.406s][info][gc             ] GC(417) Pause Young (Allocation Failure) 678M->614M(869M) 120.138ms
[139.406s][info][gc,cpu         ] GC(417) User=0.24s Sys=0.00s Real=0.12s
[139.564s][info][gc,start       ] GC(418) Pause Young (Allocation Failure)
[139.672s][info][gc,heap        ] GC(418) PSYoungGen: 222688K(222720K)->87104K(222720K) Eden: 111616K(111616K)->0K(111616K) From: 111072K(111104K)->87104K(111104K)
[139.672s][info][gc,heap        ] GC(418) ParOldGen: 518179K(667648K)->550630K(667648K)
[139.672s][info][gc,metaspace   ] GC(418) Metaspace: 18276K(18432K)->18276K(18432K) NonClass: 16448K(16576K)->16448K(16576K) Class: 1828K(1856K)->1828K(1856K)
[139.672s][info][gc             ] GC(418) Pause Young (Allocation Failure) 723M->622M(869M) 108.027ms
[139.672s][info][gc,cpu         ] GC(418) User=0.22s Sys=0.00s Real=0.11s
[139.762s][info][gc,start       ] GC(419) Pause Young (Allocation Failure)
[139.864s][info][gc,heap        ] GC(419) PSYoungGen: 198720K(222720K)->53184K(222720K) Eden: 111616K(111616K)->0K(111616K) From: 87104K(111104K)->53184K(111104K)
[139.864s][info][gc,heap        ] GC(419) ParOldGen: 550630K(667648K)->586925K(667648K)
[139.864s][info][gc,metaspace   ] GC(419) Metaspace: 18276K(18432K)->18276K(18432K) NonClass: 16448K(16576K)->16448K(16576K) Class: 1828K(1856K)->1828K(1856K)
[139.864s][info][gc             ] GC(419) Pause Young (Allocation Failure) 731M->625M(869M) 101.854ms
[139.864s][info][gc,cpu         ] GC(419) User=0.21s Sys=0.00s Real=0.10s
[140.017s][info][gc,start       ] GC(420) Pause Young (Allocation Failure)
[140.108s][info][gc,heap        ] GC(420) PSYoungGen: 164800K(222720K)->28864K(222720K) Eden: 111616K(111616K)->0K(111616K) From: 53184K(111104K)->28864K(111104K)
[140.108s][info][gc,heap        ] GC(420) ParOldGen: 586925K(667648K)->630333K(667648K)
[140.108s][info][gc,metaspace   ] GC(420) Metaspace: 18276K(18432K)->18276K(18432K) NonClass: 16448K(16576K)->16448K(16576K) Class: 1828K(1856K)->1828K(1856K)
[140.108s][info][gc             ] GC(420) Pause Young (Allocation Failure) 734M->643M(869M) 90.783ms
[140.108s][info][gc,cpu         ] GC(420) User=0.18s Sys=0.00s Real=0.09s
[140.257s][info][gc,start       ] GC(421) Pause Full (Allocation Failure)
[140.257s][info][gc,phases,start] GC(421) Marking Phase
[140.598s][info][gc,phases      ] GC(421) Marking Phase 341.470ms
[140.598s][info][gc,phases,start] GC(421) Summary Phase
[140.599s][info][gc,phases      ] GC(421) Summary Phase 0.026ms
[140.599s][info][gc,phases,start] GC(421) Forward
[140.705s][info][gc,phases      ] GC(421) Forward 106.409ms
[140.705s][info][gc,phases,start] GC(421) Adjust Pointers
[140.986s][info][gc,phases      ] GC(421) Adjust Pointers 280.607ms
[140.986s][info][gc,phases,start] GC(421) Compaction Phase
[141.125s][info][gc,phases      ] GC(421) Compaction Phase 139.476ms
[141.139s][info][gc,phases,start] GC(421) Post Compact
[141.141s][info][gc,phases      ] GC(421) Post Compact 2.356ms
[141.141s][info][gc,heap        ] GC(421) PSYoungGen: 140480K(222720K)->0K(222720K) Eden: 111616K(111616K)->0K(111616K) From: 28864K(111104K)->0K(111104K)
[141.141s][info][gc,heap        ] GC(421) ParOldGen: 630333K(667648K)->514657K(667648K)
[141.141s][info][gc,metaspace   ] GC(421) Metaspace: 18276K(18432K)->18276K(18432K) NonClass: 16448K(16576K)->16448K(16576K) Class: 1828K(1856K)->1828K(1856K)
[141.141s][info][gc             ] GC(421) Pause Full (Allocation Failure) 752M->502M(869M) 884.392ms
[141.141s][info][gc,cpu         ] GC(421) User=1.67s Sys=0.00s Real=0.88s
[141.288s][info][gc,start       ] GC(422) Pause Young (Allocation Failure)
[141.289s][info][gc,heap        ] GC(422) PSYoungGen: 111616K(222720K)->64K(222720K) Eden: 111616K(111616K)->0K(111616K) From: 0K(111104K)->64K(111104K)
[141.289s][info][gc,heap        ] GC(422) ParOldGen: 514657K(667648K)->514657K(667648K)
[141.289s][info][gc,metaspace   ] GC(422) Metaspace: 18276K(18432K)->18276K(18432K) NonClass: 16448K(16576K)->16448K(16576K) Class: 1828K(1856K)->1828K(1856K)
[141.289s][info][gc             ] GC(422) Pause Young (Allocation Failure) 611M->502M(869M) 1.715ms
[141.289s][info][gc,cpu         ] GC(422) User=0.01s Sys=0.00s Real=0.00s
[141.440s][info][gc,start       ] GC(423) Pause Young (Allocation Failure)
[141.442s][info][gc,heap        ] GC(423) PSYoungGen: 111680K(222720K)->64K(222720K) Eden: 111616K(111616K)->0K(111616K) From: 64K(111104K)->64K(111104K)
[141.442s][info][gc,heap        ] GC(423) ParOldGen: 514657K(667648K)->514673K(667648K)
[141.442s][info][gc,metaspace   ] GC(423) Metaspace: 18276K(18432K)->18276K(18432K) NonClass: 16448K(16576K)->16448K(16576K) Class: 1828K(1856K)->1828K(1856K)
[141.442s][info][gc             ] GC(423) Pause Young (Allocation Failure) 611M->502M(869M) 1.800ms
[141.442s][info][gc,cpu         ] GC(423) User=0.00s Sys=0.00s Real=0.00s
[141.589s][info][gc,start       ] GC(424) Pause Young (Allocation Failure)
[141.591s][info][gc,heap        ] GC(424) PSYoungGen: 111680K(222720K)->64K(222720K) Eden: 111616K(111616K)->0K(111616K) From: 64K(111104K)->64K(111104K)
[141.591s][info][gc,heap        ] GC(424) ParOldGen: 514673K(667648K)->514673K(667648K)
[141.591s][info][gc,metaspace   ] GC(424) Metaspace: 18276K(18432K)->18276K(18432K) NonClass: 16448K(16576K)->16448K(16576K) Class: 1828K(1856K)->1828K(1856K)
[141.591s][info][gc             ] GC(424) Pause Young (Allocation Failure) 611M->502M(869M) 1.830ms
[141.591s][info][gc,cpu         ] GC(424) User=0.00s Sys=0.00s Real=0.00s
[141.730s][info][gc,start       ] GC(425) Pause Young (Allocation Failure)
[141.731s][info][gc,heap        ] GC(425) PSYoungGen: 111680K(222720K)->64K(222720K) Eden: 111616K(111616K)->0K(111616K) From: 64K(111104K)->64K(111104K)
[141.731s][info][gc,heap        ] GC(425) ParOldGen: 514673K(667648K)->514673K(667648K)
[141.731s][info][gc,metaspace   ] GC(425) Metaspace: 18276K(18432K)->18276K(18432K) NonClass: 16448K(16576K)->16448K(16576K) Class: 1828K(1856K)->1828K(1856K)
[141.731s][info][gc             ] GC(425) Pause Young (Allocation Failure) 611M->502M(869M) 1.655ms
[141.731s][info][gc,cpu         ] GC(425) User=0.00s Sys=0.00s Real=0.00s
[141.869s][info][gc,start       ] GC(426) Pause Young (Allocation Failure)
[141.871s][info][gc,heap        ] GC(426) PSYoungGen: 111680K(222720K)->64K(222720K) Eden: 111616K(111616K)->0K(111616K) From: 64K(111104K)->64K(111104K)
[141.871s][info][gc,heap        ] GC(426) ParOldGen: 514673K(667648K)->514673K(667648K)
[141.871s][info][gc,metaspace   ] GC(426) Metaspace: 18276K(18432K)->18276K(18432K) NonClass: 16448K(16576K)->16448K(16576K) Class: 1828K(1856K)->1828K(1856K)
[141.871s][info][gc             ] GC(426) Pause Young (Allocation Failure) 611M->502M(869M) 1.796ms
[141.871s][info][gc,cpu         ] GC(426) User=0.01s Sys=0.00s Real=0.00s
[142.009s][info][gc,start       ] GC(427) Pause Young (Allocation Failure)
[142.010s][info][gc,heap        ] GC(427) PSYoungGen: 111680K(222720K)->64K(222720K) Eden: 111616K(111616K)->0K(111616K) From: 64K(111104K)->64K(111104K)
[142.010s][info][gc,heap        ] GC(427) ParOldGen: 514673K(667648K)->514673K(667648K)
[142.010s][info][gc,metaspace   ] GC(427) Metaspace: 18276K(18432K)->18276K(18432K) NonClass: 16448K(16576K)->16448K(16576K) Class: 1828K(1856K)->1828K(1856K)
[142.010s][info][gc             ] GC(427) Pause Young (Allocation Failure) 611M->502M(869M) 1.696ms
[142.010s][info][gc,cpu         ] GC(427) User=0.00s Sys=0.00s Real=0.00s
[142.149s][info][gc,start       ] GC(428) Pause Young (Allocation Failure)
[142.151s][info][gc,heap        ] GC(428) PSYoungGen: 111680K(222720K)->64K(222720K) Eden: 111616K(111616K)->0K(111616K) From: 64K(111104K)->64K(111104K)
[142.151s][info][gc,heap        ] GC(428) ParOldGen: 514673K(667648K)->514673K(667648K)
[142.151s][info][gc,metaspace   ] GC(428) Metaspace: 18276K(18432K)->18276K(18432K) NonClass: 16448K(16576K)->16448K(16576K) Class: 1828K(1856K)->1828K(1856K)
[142.151s][info][gc             ] GC(428) Pause Young (Allocation Failure) 611M->502M(869M) 1.671ms
[142.151s][info][gc,cpu         ] GC(428) User=0.00s Sys=0.00s Real=0.00s
[142.288s][info][gc,start       ] GC(429) Pause Young (Allocation Failure)
[142.290s][info][gc,heap        ] GC(429) PSYoungGen: 111680K(222720K)->64K(222720K) Eden: 111616K(111616K)->0K(111616K) From: 64K(111104K)->64K(111104K)
[142.290s][info][gc,heap        ] GC(429) ParOldGen: 514673K(667648K)->514673K(667648K)
[142.290s][info][gc,metaspace   ] GC(429) Metaspace: 18276K(18432K)->18276K(18432K) NonClass: 16448K(16576K)->16448K(16576K) Class: 1828K(1856K)->1828K(1856K)
[142.290s][info][gc             ] GC(429) Pause Young (Allocation Failure) 611M->502M(869M) 1.682ms
[142.290s][info][gc,cpu         ] GC(429) User=0.01s Sys=0.00s Real=0.00s
[142.427s][info][gc,start       ] GC(430) Pause Young (Allocation Failure)
[142.429s][info][gc,heap        ] GC(430) PSYoungGen: 111680K(222720K)->64K(222720K) Eden: 111616K(111616K)->0K(111616K) From: 64K(111104K)->64K(111104K)
[142.429s][info][gc,heap        ] GC(430) ParOldGen: 514673K(667648K)->514673K(667648K)
[142.429s][info][gc,metaspace   ] GC(430) Metaspace: 18276K(18432K)->18276K(18432K) NonClass: 16448K(16576K)->16448K(16576K) Class: 1828K(1856K)->1828K(1856K)
[142.429s][info][gc             ] GC(430) Pause Young (Allocation Failure) 611M->502M(869M) 1.673ms
[142.429s][info][gc,cpu         ] GC(430) User=0.00s Sys=0.00s Real=0.00s
[142.552s][info][gc,start       ] GC(431) Pause Young (Allocation Failure)
[142.565s][info][gc,heap        ] GC(431) PSYoungGen: 111680K(222720K)->10592K(222720K) Eden: 111616K(111616K)->0K(111616K) From: 64K(111104K)->10592K(111104K)
[142.565s][info][gc,heap        ] GC(431) ParOldGen: 514673K(667648K)->514673K(667648K)
[142.565s][info][gc,metaspace   ] GC(431) Metaspace: 18276K(18432K)->18276K(18432K) NonClass: 16448K(16576K)->16448K(16576K) Class: 1828K(1856K)->1828K(1856K)
[142.565s][info][gc             ] GC(431) Pause Young (Allocation Failure) 611M->512M(869M) 13.248ms
[142.565s][info][gc,cpu         ] GC(431) User=0.02s Sys=0.00s Real=0.02s
[142.665s][info][gc,start       ] GC(432) Pause Young (Allocation Failure)
[142.691s][info][gc,heap        ] GC(432) PSYoungGen: 122208K(222720K)->23520K(206336K) Eden: 111616K(111616K)->0K(111616K) From: 10592K(111104K)->23520K(94720K)
[142.691s][info][gc,heap        ] GC(432) ParOldGen: 514673K(667648K)->514673K(667648K)
[142.691s][info][gc,metaspace   ] GC(432) Metaspace: 18276K(18432K)->18276K(18432K) NonClass: 16448K(16576K)->16448K(16576K) Class: 1828K(1856K)->1828K(1856K)
[142.691s][info][gc             ] GC(432) Pause Young (Allocation Failure) 621M->525M(853M) 26.191ms
[142.691s][info][gc,cpu         ] GC(432) User=0.05s Sys=0.00s Real=0.02s
[142.803s][info][gc,start       ] GC(433) Pause Young (Allocation Failure)
[142.839s][info][gc,heap        ] GC(433) PSYoungGen: 135136K(206336K)->36192K(214528K) Eden: 111616K(111616K)->0K(111616K) From: 23520K(94720K)->36192K(102912K)
[142.839s][info][gc,heap        ] GC(433) ParOldGen: 514673K(667648K)->514673K(667648K)
[142.839s][info][gc,metaspace   ] GC(433) Metaspace: 18276K(18432K)->18276K(18432K) NonClass: 16448K(16576K)->16448K(16576K) Class: 1828K(1856K)->1828K(1856K)
[142.839s][info][gc             ] GC(433) Pause Young (Allocation Failure) 634M->537M(861M) 35.914ms
[142.839s][info][gc,cpu         ] GC(433) User=0.07s Sys=0.00s Real=0.04s
[142.903s][info][gc,start       ] GC(434) Pause Young (Allocation Failure)
[142.940s][info][gc,heap        ] GC(434) PSYoungGen: 147808K(214528K)->37920K(221184K) Eden: 111616K(111616K)->0K(122880K) From: 36192K(102912K)->37920K(98304K)
[142.940s][info][gc,heap        ] GC(434) ParOldGen: 514673K(667648K)->514673K(667648K)
[142.940s][info][gc,metaspace   ] GC(434) Metaspace: 18276K(18432K)->18276K(18432K) NonClass: 16448K(16576K)->16448K(16576K) Class: 1828K(1856K)->1828K(1856K)
[142.940s][info][gc             ] GC(434) Pause Young (Allocation Failure) 646M->539M(868M) 36.943ms
[142.940s][info][gc,cpu         ] GC(434) User=0.07s Sys=0.00s Real=0.04s
[143.049s][info][gc,start       ] GC(435) Pause Young (Allocation Failure)
[143.088s][info][gc,heap        ] GC(435) PSYoungGen: 160800K(221184K)->28608K(221184K) Eden: 122880K(122880K)->0K(122880K) From: 37920K(98304K)->28608K(98304K)
[143.088s][info][gc,heap        ] GC(435) ParOldGen: 514673K(667648K)->525305K(667648K)
[143.088s][info][gc,metaspace   ] GC(435) Metaspace: 18276K(18432K)->18276K(18432K) NonClass: 16448K(16576K)->16448K(16576K) Class: 1828K(1856K)->1828K(1856K)
[143.088s][info][gc             ] GC(435) Pause Young (Allocation Failure) 659M->540M(868M) 38.457ms
[143.088s][info][gc,cpu         ] GC(435) User=0.07s Sys=0.00s Real=0.04s
[143.191s][info][gc,start       ] GC(436) Pause Young (Allocation Failure)
[143.236s][info][gc,heap        ] GC(436) PSYoungGen: 151488K(221184K)->30464K(219136K) Eden: 122880K(122880K)->0K(136192K) From: 28608K(98304K)->30464K(82944K)
[143.236s][info][gc,heap        ] GC(436) ParOldGen: 525305K(667648K)->538265K(667648K)
[143.236s][info][gc,metaspace   ] GC(436) Metaspace: 18276K(18432K)->18276K(18432K) NonClass: 16448K(16576K)->16448K(16576K) Class: 1828K(1856K)->1828K(1856K)
[143.236s][info][gc             ] GC(436) Pause Young (Allocation Failure) 660M->555M(866M) 45.574ms
[143.237s][info][gc,cpu         ] GC(436) User=0.09s Sys=0.00s Real=0.05s
[143.327s][info][gc,start       ] GC(437) Pause Young (Allocation Failure)
[143.371s][info][gc,heap        ] GC(437) PSYoungGen: 166656K(219136K)->28640K(223744K) Eden: 136192K(136192K)->0K(136192K) From: 30464K(82944K)->28640K(87552K)
[143.371s][info][gc,heap        ] GC(437) ParOldGen: 538265K(667648K)->552737K(667648K)
[143.371s][info][gc,metaspace   ] GC(437) Metaspace: 18280K(18432K)->18280K(18432K) NonClass: 16452K(16576K)->16452K(16576K) Class: 1828K(1856K)->1828K(1856K)
[143.371s][info][gc             ] GC(437) Pause Young (Allocation Failure) 688M->567M(870M) 43.869ms
[143.371s][info][gc,cpu         ] GC(437) User=0.08s Sys=0.00s Real=0.04s
[143.470s][info][gc,start       ] GC(438) Pause Young (Allocation Failure)
[143.514s][info][gc,heap        ] GC(438) PSYoungGen: 164832K(223744K)->25024K(224768K) Eden: 136192K(136192K)->0K(152576K) From: 28640K(87552K)->25024K(72192K)
[143.514s][info][gc,heap        ] GC(438) ParOldGen: 552737K(667648K)->568841K(667648K)
[143.514s][info][gc,metaspace   ] GC(438) Metaspace: 18280K(18432K)->18280K(18432K) NonClass: 16452K(16576K)->16452K(16576K) Class: 1828K(1856K)->1828K(1856K)
[143.514s][info][gc             ] GC(438) Pause Young (Allocation Failure) 700M->579M(871M) 44.780ms
[143.514s][info][gc,cpu         ] GC(438) User=0.09s Sys=0.00s Real=0.04s
[143.610s][info][gc,start       ] GC(439) Pause Young (Allocation Failure)
[143.647s][info][gc,heap        ] GC(439) PSYoungGen: 177600K(224768K)->11552K(229888K) Eden: 152576K(152576K)->0K(152576K) From: 25024K(72192K)->11552K(77312K)
[143.647s][info][gc,heap        ] GC(439) ParOldGen: 568841K(667648K)->593889K(667648K)
[143.647s][info][gc,metaspace   ] GC(439) Metaspace: 18280K(18432K)->18280K(18432K) NonClass: 16452K(16576K)->16452K(16576K) Class: 1828K(1856K)->1828K(1856K)
[143.647s][info][gc             ] GC(439) Pause Young (Allocation Failure) 728M->591M(876M) 37.533ms
[143.647s][info][gc,cpu         ] GC(439) User=0.07s Sys=0.00s Real=0.04s
[143.745s][info][gc,start       ] GC(440) Pause Young (Allocation Failure)
[143.779s][info][gc,heap        ] GC(440) PSYoungGen: 164128K(229888K)->16928K(237568K) Eden: 152576K(152576K)->0K(170496K) From: 11552K(77312K)->16928K(67072K)
[143.779s][info][gc,heap        ] GC(440) ParOldGen: 593889K(667648K)->605441K(667648K)
[143.779s][info][gc,metaspace   ] GC(440) Metaspace: 18280K(18432K)->18280K(18432K) NonClass: 16452K(16576K)->16452K(16576K) Class: 1828K(1856K)->1828K(1856K)
[143.779s][info][gc             ] GC(440) Pause Young (Allocation Failure) 740M->607M(884M) 34.895ms
[143.779s][info][gc,cpu         ] GC(440) User=0.07s Sys=0.00s Real=0.04s
[143.971s][info][gc,start       ] GC(441) Pause Young (Allocation Failure)
[143.997s][info][gc,heap        ] GC(441) PSYoungGen: 187424K(237568K)->3744K(241152K) Eden: 170496K(170496K)->0K(170496K) From: 16928K(67072K)->3744K(70656K)
[143.998s][info][gc,heap        ] GC(441) ParOldGen: 605441K(667648K)->622386K(667648K)
[143.998s][info][gc,metaspace   ] GC(441) Metaspace: 18281K(18432K)->18281K(18432K) NonClass: 16452K(16576K)->16452K(16576K) Class: 1828K(1856K)->1828K(1856K)
[143.998s][info][gc             ] GC(441) Pause Young (Allocation Failure) 774M->611M(887M) 26.998ms
[143.998s][info][gc,cpu         ] GC(441) User=0.05s Sys=0.00s Real=0.03s
[144.235s][info][gc,start       ] GC(442) Pause Young (Allocation Failure)
[144.263s][info][gc,heap        ] GC(442) PSYoungGen: 174240K(241152K)->19600K(247296K) Eden: 170496K(170496K)->0K(187904K) From: 3744K(70656K)->19600K(59392K)
[144.263s][info][gc,heap        ] GC(442) ParOldGen: 622386K(667648K)->626074K(667648K)
[144.263s][info][gc,metaspace   ] GC(442) Metaspace: 18281K(18432K)->18281K(18432K) NonClass: 16453K(16576K)->16453K(16576K) Class: 1828K(1856K)->1828K(1856K)
[144.263s][info][gc             ] GC(442) Pause Young (Allocation Failure) 777M->630M(893M) 27.825ms
[144.263s][info][gc,cpu         ] GC(442) User=0.05s Sys=0.00s Real=0.02s
[144.744s][info][gc,start       ] GC(443) Pause Full (Allocation Failure)
[144.744s][info][gc,phases,start] GC(443) Marking Phase
[145.201s][info][gc,phases      ] GC(443) Marking Phase 457.347ms
[145.201s][info][gc,phases,start] GC(443) Summary Phase
[145.201s][info][gc,phases      ] GC(443) Summary Phase 0.029ms
[145.201s][info][gc,phases,start] GC(443) Forward
[145.221s][info][gc,phases      ] GC(443) Forward 19.874ms
[145.221s][info][gc,phases,start] GC(443) Adjust Pointers
[145.538s][info][gc,phases      ] GC(443) Adjust Pointers 317.007ms
[145.538s][info][gc,phases,start] GC(443) Compaction Phase
[145.676s][info][gc,phases      ] GC(443) Compaction Phase 137.635ms
[145.676s][info][gc,phases,start] GC(443) Post Compact
[145.678s][info][gc,phases      ] GC(443) Post Compact 2.340ms
[145.678s][info][gc,heap        ] GC(443) PSYoungGen: 207504K(247296K)->0K(252928K) Eden: 187904K(187904K)->0K(187904K) From: 19600K(59392K)->0K(65024K)
[145.678s][info][gc,heap        ] GC(443) ParOldGen: 626074K(667648K)->651086K(667648K)
[145.678s][info][gc,metaspace   ] GC(443) Metaspace: 18282K(18432K)->18282K(18432K) NonClass: 16454K(16576K)->16454K(16576K) Class: 1828K(1856K)->1828K(1856K)
[145.678s][info][gc             ] GC(443) Pause Full (Allocation Failure) 814M->635M(899M) 934.727ms
[145.678s][info][gc,cpu         ] GC(443) User=1.83s Sys=0.01s Real=0.94s
[146.164s][info][gc,start       ] GC(444) Pause Full (Allocation Failure)
[146.164s][info][gc,phases,start] GC(444) Marking Phase
[146.629s][info][gc,phases      ] GC(444) Marking Phase 464.793ms
[146.629s][info][gc,phases,start] GC(444) Summary Phase
[146.629s][info][gc,phases      ] GC(444) Summary Phase 0.026ms
[146.629s][info][gc,phases,start] GC(444) Forward
[146.634s][info][gc,phases      ] GC(444) Forward 4.646ms
[146.634s][info][gc,phases,start] GC(444) Adjust Pointers
[146.947s][info][gc,phases      ] GC(444) Adjust Pointers 312.963ms
[146.947s][info][gc,phases,start] GC(444) Compaction Phase
[147.076s][info][gc,phases      ] GC(444) Compaction Phase 128.867ms
[147.076s][info][gc,phases,start] GC(444) Post Compact
[147.078s][info][gc,phases      ] GC(444) Post Compact 2.365ms
[147.078s][info][gc,heap        ] GC(444) PSYoungGen: 187904K(252928K)->0K(266752K) Eden: 187904K(187904K)->0K(202752K) From: 0K(65024K)->0K(64000K)
[147.078s][info][gc,heap        ] GC(444) ParOldGen: 651086K(667648K)->651072K(667648K)
[147.078s][info][gc,metaspace   ] GC(444) Metaspace: 18282K(18432K)->18282K(18432K) NonClass: 16454K(16576K)->16454K(16576K) Class: 1828K(1856K)->1828K(1856K)
[147.078s][info][gc             ] GC(444) Pause Full (Allocation Failure) 819M->635M(912M) 914.150ms
[147.078s][info][gc,cpu         ] GC(444) User=1.79s Sys=0.00s Real=0.92s
[147.585s][info][gc,start       ] GC(445) Pause Full (Allocation Failure)
[147.585s][info][gc,phases,start] GC(445) Marking Phase
[148.072s][info][gc,phases      ] GC(445) Marking Phase 486.996ms
[148.072s][info][gc,phases,start] GC(445) Summary Phase
[148.072s][info][gc,phases      ] GC(445) Summary Phase 0.028ms
[148.072s][info][gc,phases,start] GC(445) Forward
[148.072s][info][gc,phases      ] GC(445) Forward 0.443ms
[148.072s][info][gc,phases,start] GC(445) Adjust Pointers
[148.397s][info][gc,phases      ] GC(445) Adjust Pointers 324.970ms
[148.397s][info][gc,phases,start] GC(445) Compaction Phase
[148.534s][info][gc,phases      ] GC(445) Compaction Phase 137.022ms
[148.534s][info][gc,phases,start] GC(445) Post Compact
[148.537s][info][gc,phases      ] GC(445) Post Compact 2.480ms
[148.537s][info][gc,heap        ] GC(445) PSYoungGen: 202752K(266752K)->0K(267776K) Eden: 202752K(202752K)->0K(202752K) From: 0K(64000K)->0K(65024K)
[148.537s][info][gc,heap        ] GC(445) ParOldGen: 651072K(667648K)->651077K(667648K)
[148.537s][info][gc,metaspace   ] GC(445) Metaspace: 18282K(18432K)->18282K(18432K) NonClass: 16454K(16576K)->16454K(16576K) Class: 1828K(1856K)->1828K(1856K)
[148.537s][info][gc             ] GC(445) Pause Full (Allocation Failure) 833M->635M(913M) 952.413ms
[148.537s][info][gc,cpu         ] GC(445) User=1.87s Sys=0.01s Real=0.96s
[149.036s][info][gc,start       ] GC(446) Pause Full (Allocation Failure)
[149.036s][info][gc,phases,start] GC(446) Marking Phase
[149.504s][info][gc,phases      ] GC(446) Marking Phase 468.385ms
[149.505s][info][gc,phases,start] GC(446) Summary Phase
[149.505s][info][gc,phases      ] GC(446) Summary Phase 0.031ms
[149.505s][info][gc,phases,start] GC(446) Forward
[149.505s][info][gc,phases      ] GC(446) Forward 0.810ms
[149.505s][info][gc,phases,start] GC(446) Adjust Pointers
[149.828s][info][gc,phases      ] GC(446) Adjust Pointers 322.363ms
[149.828s][info][gc,phases,start] GC(446) Compaction Phase
[149.963s][info][gc,phases      ] GC(446) Compaction Phase 135.334ms
[149.963s][info][gc,phases,start] GC(446) Post Compact
[149.966s][info][gc,phases      ] GC(446) Post Compact 2.445ms
[149.966s][info][gc,heap        ] GC(446) PSYoungGen: 202752K(267776K)->0K(268800K) Eden: 202752K(202752K)->0K(203776K) From: 0K(65024K)->0K(65024K)
[149.966s][info][gc,heap        ] GC(446) ParOldGen: 651077K(667648K)->651401K(667648K)
[149.966s][info][gc,metaspace   ] GC(446) Metaspace: 18282K(18432K)->18282K(18432K) NonClass: 16454K(16576K)->16454K(16576K) Class: 1828K(1856K)->1828K(1856K)
[149.966s][info][gc             ] GC(446) Pause Full (Allocation Failure) 833M->636M(914M) 929.814ms
[149.966s][info][gc,cpu         ] GC(446) User=1.83s Sys=0.00s Real=0.93s
[150.463s][info][gc,start       ] GC(447) Pause Full (Allocation Failure)
[150.463s][info][gc,phases,start] GC(447) Marking Phase
[150.868s][info][gc,phases      ] GC(447) Marking Phase 405.551ms
[150.868s][info][gc,phases,start] GC(447) Summary Phase
[150.868s][info][gc,phases      ] GC(447) Summary Phase 0.028ms
[150.868s][info][gc,phases,start] GC(447) Forward
[150.953s][info][gc,phases      ] GC(447) Forward 84.634ms
[150.953s][info][gc,phases,start] GC(447) Adjust Pointers
[151.252s][info][gc,phases      ] GC(447) Adjust Pointers 298.526ms
[151.252s][info][gc,phases,start] GC(447) Compaction Phase
[151.418s][info][gc,phases      ] GC(447) Compaction Phase 166.695ms
[151.428s][info][gc,phases,start] GC(447) Post Compact
[151.430s][info][gc,phases      ] GC(447) Post Compact 2.435ms
[151.430s][info][gc,heap        ] GC(447) PSYoungGen: 203776K(268800K)->0K(268800K) Eden: 203776K(203776K)->0K(203776K) From: 0K(65024K)->0K(65024K)
[151.430s][info][gc,heap        ] GC(447) ParOldGen: 651401K(667648K)->558243K(667648K)
[151.430s][info][gc,metaspace   ] GC(447) Metaspace: 18282K(18432K)->18282K(18432K) NonClass: 16454K(16576K)->16454K(16576K) Class: 1828K(1856K)->1828K(1856K)
[151.430s][info][gc             ] GC(447) Pause Full (Allocation Failure) 835M->545M(914M) 967.576ms
[151.430s][info][gc,cpu         ] GC(447) User=1.85s Sys=0.00s Real=0.97s
[151.638s][info][gc,start       ] GC(448) Pause Young (Allocation Failure)
[151.686s][info][gc,heap        ] GC(448) PSYoungGen: 203776K(268800K)->54352K(253440K) Eden: 203776K(203776K)->0K(188416K) From: 0K(65024K)->54352K(65024K)
[151.686s][info][gc,heap        ] GC(448) ParOldGen: 558243K(667648K)->558243K(667648K)
[151.686s][info][gc,metaspace   ] GC(448) Metaspace: 18282K(18432K)->18282K(18432K) NonClass: 16454K(16576K)->16454K(16576K) Class: 1828K(1856K)->1828K(1856K)
[151.686s][info][gc             ] GC(448) Pause Young (Allocation Failure) 744M->598M(899M) 47.566ms
[151.686s][info][gc,cpu         ] GC(448) User=0.09s Sys=0.01s Real=0.05s
[151.929s][info][gc,start       ] GC(449) Pause Young (Allocation Failure)
[151.982s][info][gc,heap        ] GC(449) PSYoungGen: 242768K(253440K)->72672K(261120K) Eden: 188416K(188416K)->0K(188416K) From: 54352K(65024K)->72672K(72704K)
[151.982s][info][gc,heap        ] GC(449) ParOldGen: 558243K(667648K)->562483K(667648K)
[151.982s][info][gc,metaspace   ] GC(449) Metaspace: 18282K(18432K)->18282K(18432K) NonClass: 16454K(16576K)->16454K(16576K) Class: 1828K(1856K)->1828K(1856K)
[151.982s][info][gc             ] GC(449) Pause Young (Allocation Failure) 782M->620M(907M) 52.595ms
[151.982s][info][gc,cpu         ] GC(449) User=0.11s Sys=0.00s Real=0.05s
[152.233s][info][gc,start       ] GC(450) Pause Young (Allocation Failure)
[152.331s][info][gc,heap        ] GC(450) PSYoungGen: 261088K(261120K)->38150K(237568K) Eden: 188416K(188416K)->0K(164864K) From: 72672K(72704K)->38150K(72704K)
[152.331s][info][gc,heap        ] GC(450) ParOldGen: 562483K(667648K)->635891K(667648K)
[152.331s][info][gc,metaspace   ] GC(450) Metaspace: 18282K(18432K)->18282K(18432K) NonClass: 16454K(16576K)->16454K(16576K) Class: 1828K(1856K)->1828K(1856K)
[152.331s][info][gc             ] GC(450) Pause Young (Allocation Failure) 804M->658M(884M) 98.343ms
[152.331s][info][gc,cpu         ] GC(450) User=0.19s Sys=0.00s Real=0.10s
[152.429s][info][gc,start       ] GC(451) Pause Full (Allocation Failure)
[152.429s][info][gc,phases,start] GC(451) Marking Phase
[152.689s][info][gc,phases      ] GC(451) Marking Phase 260.208ms
[152.689s][info][gc,phases,start] GC(451) Summary Phase
[152.689s][info][gc,phases      ] GC(451) Summary Phase 0.029ms
[152.689s][info][gc,phases,start] GC(451) Forward
[152.783s][info][gc,phases      ] GC(451) Forward 94.023ms
[152.783s][info][gc,phases,start] GC(451) Adjust Pointers
[152.984s][info][gc,phases      ] GC(451) Adjust Pointers 200.984ms
[152.984s][info][gc,phases,start] GC(451) Compaction Phase
[153.102s][info][gc,phases      ] GC(451) Compaction Phase 117.355ms
[153.109s][info][gc,phases,start] GC(451) Post Compact
[153.112s][info][gc,phases      ] GC(451) Post Compact 2.426ms
[153.112s][info][gc,heap        ] GC(451) PSYoungGen: 203014K(237568K)->0K(249344K) Eden: 164864K(164864K)->0K(164864K) From: 38150K(72704K)->0K(84480K)
[153.112s][info][gc,heap        ] GC(451) ParOldGen: 635891K(667648K)->395759K(667648K)
[153.112s][info][gc,metaspace   ] GC(451) Metaspace: 18282K(18432K)->18282K(18432K) NonClass: 16454K(16576K)->16454K(16576K) Class: 1828K(1856K)->1828K(1856K)
[153.112s][info][gc             ] GC(451) Pause Full (Allocation Failure) 819M->386M(895M) 683.027ms
[153.112s][info][gc,cpu         ] GC(451) User=1.27s Sys=0.00s Real=0.68s
[153.392s][info][gc,start       ] GC(452) Pause Young (Allocation Failure)
[153.401s][info][gc,heap        ] GC(452) PSYoungGen: 164864K(249344K)->4416K(248320K) Eden: 164864K(164864K)->0K(164864K) From: 0K(84480K)->4416K(83456K)
[153.401s][info][gc,heap        ] GC(452) ParOldGen: 395759K(667648K)->395759K(667648K)
[153.401s][info][gc,metaspace   ] GC(452) Metaspace: 18282K(18432K)->18282K(18432K) NonClass: 16454K(16576K)->16454K(16576K) Class: 1828K(1856K)->1828K(1856K)
[153.401s][info][gc             ] GC(452) Pause Young (Allocation Failure) 547M->390M(894M) 9.426ms
[153.401s][info][gc,cpu         ] GC(452) User=0.02s Sys=0.00s Real=0.01s
[153.572s][info][gc,start       ] GC(453) Pause Young (Allocation Failure)
[153.579s][info][gc,heap        ] GC(453) PSYoungGen: 169280K(248320K)->4576K(248832K) Eden: 164864K(164864K)->0K(164864K) From: 4416K(83456K)->4576K(83968K)
[153.579s][info][gc,heap        ] GC(453) ParOldGen: 395759K(667648K)->395759K(667648K)
[153.579s][info][gc,metaspace   ] GC(453) Metaspace: 18282K(18432K)->18282K(18432K) NonClass: 16454K(16576K)->16454K(16576K) Class: 1828K(1856K)->1828K(1856K)
[153.579s][info][gc             ] GC(453) Pause Young (Allocation Failure) 551M->390M(895M) 6.606ms
[153.579s][info][gc,cpu         ] GC(453) User=0.01s Sys=0.00s Real=0.01s
[153.746s][info][gc,start       ] GC(454) Pause Young (Allocation Failure)
[153.753s][info][gc,heap        ] GC(454) PSYoungGen: 169440K(248832K)->4736K(246784K) Eden: 164864K(164864K)->0K(167424K) From: 4576K(83968K)->4736K(79360K)
[153.753s][info][gc,heap        ] GC(454) ParOldGen: 395759K(667648K)->395759K(667648K)
[153.753s][info][gc,metaspace   ] GC(454) Metaspace: 18282K(18432K)->18282K(18432K) NonClass: 16454K(16576K)->16454K(16576K) Class: 1828K(1856K)->1828K(1856K)
[153.753s][info][gc             ] GC(454) Pause Young (Allocation Failure) 551M->391M(893M) 7.063ms
[153.753s][info][gc,cpu         ] GC(454) User=0.02s Sys=0.00s Real=0.00s
[153.933s][info][gc,start       ] GC(455) Pause Young (Allocation Failure)
[153.941s][info][gc,heap        ] GC(455) PSYoungGen: 172160K(246784K)->4832K(247808K) Eden: 167424K(167424K)->0K(167424K) From: 4736K(79360K)->4832K(80384K)
[153.941s][info][gc,heap        ] GC(455) ParOldGen: 395759K(667648K)->395759K(667648K)
[153.941s][info][gc,metaspace   ] GC(455) Metaspace: 18282K(18432K)->18282K(18432K) NonClass: 16454K(16576K)->16454K(16576K) Class: 1828K(1856K)->1828K(1856K)
[153.941s][info][gc             ] GC(455) Pause Young (Allocation Failure) 554M->391M(894M) 8.018ms
[153.941s][info][gc,cpu         ] GC(455) User=0.02s Sys=0.00s Real=0.01s
[154.121s][info][gc,start       ] GC(456) Pause Young (Allocation Failure)
[154.130s][info][gc,heap        ] GC(456) PSYoungGen: 172256K(247808K)->4992K(243200K) Eden: 167424K(167424K)->0K(172032K) From: 4832K(80384K)->4992K(71168K)
[154.130s][info][gc,heap        ] GC(456) ParOldGen: 395759K(667648K)->395759K(667648K)
[154.130s][info][gc,metaspace   ] GC(456) Metaspace: 18282K(18432K)->18282K(18432K) NonClass: 16454K(16576K)->16454K(16576K) Class: 1828K(1856K)->1828K(1856K)
[154.130s][info][gc             ] GC(456) Pause Young (Allocation Failure) 554M->391M(889M) 8.696ms
[154.130s][info][gc,cpu         ] GC(456) User=0.01s Sys=0.00s Real=0.01s
[154.307s][info][gc,start       ] GC(457) Pause Young (Allocation Failure)
[154.316s][info][gc,heap        ] GC(457) PSYoungGen: 177024K(243200K)->5088K(246784K) Eden: 172032K(172032K)->0K(172032K) From: 4992K(71168K)->5088K(74752K)
[154.316s][info][gc,heap        ] GC(457) ParOldGen: 395759K(667648K)->395759K(667648K)
[154.316s][info][gc,metaspace   ] GC(457) Metaspace: 18282K(18432K)->18282K(18432K) NonClass: 16454K(16576K)->16454K(16576K) Class: 1828K(1856K)->1828K(1856K)
[154.316s][info][gc             ] GC(457) Pause Young (Allocation Failure) 559M->391M(893M) 8.792ms
[154.316s][info][gc,cpu         ] GC(457) User=0.02s Sys=0.00s Real=0.01s
[154.507s][info][gc,start       ] GC(458) Pause Young (Allocation Failure)
[154.526s][info][gc,heap        ] GC(458) PSYoungGen: 177120K(246784K)->8672K(241664K) Eden: 172032K(172032K)->0K(176640K) From: 5088K(74752K)->8672K(65024K)
[154.526s][info][gc,heap        ] GC(458) ParOldGen: 395759K(667648K)->395759K(667648K)
[154.526s][info][gc,metaspace   ] GC(458) Metaspace: 18282K(18432K)->18282K(18432K) NonClass: 16454K(16576K)->16454K(16576K) Class: 1828K(1856K)->1828K(1856K)
[154.526s][info][gc             ] GC(458) Pause Young (Allocation Failure) 559M->394M(888M) 19.065ms
[154.526s][info][gc,cpu         ] GC(458) User=0.04s Sys=0.00s Real=0.02s
[154.757s][info][gc,start       ] GC(459) Pause Young (Allocation Failure)
[154.799s][info][gc,heap        ] GC(459) PSYoungGen: 185312K(241664K)->26219K(245248K) Eden: 176640K(176640K)->0K(176640K) From: 8672K(65024K)->26219K(68608K)
[154.799s][info][gc,heap        ] GC(459) ParOldGen: 395759K(667648K)->395759K(667648K)
[154.799s][info][gc,metaspace   ] GC(459) Metaspace: 18282K(18432K)->18282K(18432K) NonClass: 16454K(16576K)->16454K(16576K) Class: 1828K(1856K)->1828K(1856K)
[154.799s][info][gc             ] GC(459) Pause Young (Allocation Failure) 567M->412M(891M) 42.644ms
[154.799s][info][gc,cpu         ] GC(459) User=0.08s Sys=0.00s Real=0.04s
[155.025s][info][gc,start       ] GC(460) Pause Young (Allocation Failure)
[155.065s][info][gc,heap        ] GC(460) PSYoungGen: 202859K(245248K)->26219K(246272K) Eden: 176640K(176640K)->0K(183296K) From: 26219K(68608K)->26219K(62976K)
[155.065s][info][gc,heap        ] GC(460) ParOldGen: 395759K(667648K)->395759K(667648K)
[155.065s][info][gc,metaspace   ] GC(460) Metaspace: 18282K(18432K)->18282K(18432K) NonClass: 16454K(16576K)->16454K(16576K) Class: 1828K(1856K)->1828K(1856K)
[155.065s][info][gc             ] GC(460) Pause Young (Allocation Failure) 584M->412M(892M) 39.956ms
[155.065s][info][gc,cpu         ] GC(460) User=0.08s Sys=0.00s Real=0.04s
[155.293s][info][gc,start       ] GC(461) Pause Young (Allocation Failure)
[155.334s][info][gc,heap        ] GC(461) PSYoungGen: 209515K(246272K)->26219K(247808K) Eden: 183296K(183296K)->0K(183296K) From: 26219K(62976K)->26219K(64512K)
[155.334s][info][gc,heap        ] GC(461) ParOldGen: 395759K(667648K)->395759K(667648K)
[155.334s][info][gc,metaspace   ] GC(461) Metaspace: 18282K(18432K)->18282K(18432K) NonClass: 16454K(16576K)->16454K(16576K) Class: 1828K(1856K)->1828K(1856K)
[155.334s][info][gc             ] GC(461) Pause Young (Allocation Failure) 591M->412M(894M) 40.415ms
[155.334s][info][gc,cpu         ] GC(461) User=0.08s Sys=0.00s Real=0.04s
[155.533s][info][gc,start       ] GC(462) Pause Young (Allocation Failure)
[155.599s][info][gc,heap        ] GC(462) PSYoungGen: 209515K(247808K)->43371K(249856K) Eden: 183296K(183296K)->0K(186880K) From: 26219K(64512K)->43371K(62976K)
[155.599s][info][gc,heap        ] GC(462) ParOldGen: 395759K(667648K)->395759K(667648K)
[155.599s][info][gc,metaspace   ] GC(462) Metaspace: 18282K(18432K)->18282K(18432K) NonClass: 16454K(16576K)->16454K(16576K) Class: 1828K(1856K)->1828K(1856K)
[155.599s][info][gc             ] GC(462) Pause Young (Allocation Failure) 591M->428M(896M) 66.200ms
[155.599s][info][gc,cpu         ] GC(462) User=0.13s Sys=0.00s Real=0.07s
[155.779s][info][gc,start       ] GC(463) Pause Young (Allocation Failure)
[155.859s][info][gc,heap        ] GC(463) PSYoungGen: 230251K(249856K)->64107K(253952K) Eden: 186880K(186880K)->0K(186880K) From: 43371K(62976K)->64107K(67072K)
[155.859s][info][gc,heap        ] GC(463) ParOldGen: 395759K(667648K)->395759K(667648K)
[155.859s][info][gc,metaspace   ] GC(463) Metaspace: 18282K(18432K)->18282K(18432K) NonClass: 16454K(16576K)->16454K(16576K) Class: 1828K(1856K)->1828K(1856K)
[155.859s][info][gc             ] GC(463) Pause Young (Allocation Failure) 611M->449M(900M) 79.928ms
[155.859s][info][gc,cpu         ] GC(463) User=0.16s Sys=0.00s Real=0.08s
[155.996s][info][gc,start       ] GC(464) Pause Young (Allocation Failure)
[156.080s][info][gc,heap        ] GC(464) PSYoungGen: 250987K(253952K)->65675K(237056K) Eden: 186880K(186880K)->0K(158720K) From: 64107K(67072K)->65675K(78336K)
[156.080s][info][gc,heap        ] GC(464) ParOldGen: 395759K(667648K)->395759K(667648K)
[156.080s][info][gc,metaspace   ] GC(464) Metaspace: 18282K(18432K)->18282K(18432K) NonClass: 16454K(16576K)->16454K(16576K) Class: 1828K(1856K)->1828K(1856K)
[156.080s][info][gc             ] GC(464) Pause Young (Allocation Failure) 631M->450M(883M) 83.382ms
[156.080s][info][gc,cpu         ] GC(464) User=0.15s Sys=0.01s Real=0.08s
[156.228s][info][gc,start       ] GC(465) Pause Young (Allocation Failure)
[156.311s][info][gc,heap        ] GC(465) PSYoungGen: 224395K(237056K)->69387K(228352K) Eden: 158720K(158720K)->0K(158720K) From: 65675K(78336K)->69387K(69632K)
[156.312s][info][gc,heap        ] GC(465) ParOldGen: 395759K(667648K)->395759K(667648K)
[156.312s][info][gc,metaspace   ] GC(465) Metaspace: 18282K(18432K)->18282K(18432K) NonClass: 16454K(16576K)->16454K(16576K) Class: 1828K(1856K)->1828K(1856K)
[156.312s][info][gc             ] GC(465) Pause Young (Allocation Failure) 605M->454M(875M) 83.787ms
[156.312s][info][gc,cpu         ] GC(465) User=0.16s Sys=0.00s Real=0.08s
[156.448s][info][gc,start       ] GC(466) Pause Young (Allocation Failure)
[156.532s][info][gc,heap        ] GC(466) PSYoungGen: 228107K(228352K)->69451K(224256K) Eden: 158720K(158720K)->0K(128000K) From: 69387K(69632K)->69451K(96256K)
[156.532s][info][gc,heap        ] GC(466) ParOldGen: 395759K(667648K)->395759K(667648K)
[156.532s][info][gc,metaspace   ] GC(466) Metaspace: 18282K(18432K)->18282K(18432K) NonClass: 16454K(16576K)->16454K(16576K) Class: 1828K(1856K)->1828K(1856K)
[156.532s][info][gc             ] GC(466) Pause Young (Allocation Failure) 609M->454M(871M) 83.705ms
[156.532s][info][gc,cpu         ] GC(466) User=0.16s Sys=0.00s Real=0.08s
[156.672s][info][gc,start       ] GC(467) Pause Young (Allocation Failure)
[156.766s][info][gc,heap        ] GC(467) PSYoungGen: 197451K(224256K)->74379K(202752K) Eden: 128000K(128000K)->0K(128000K) From: 69451K(96256K)->74379K(74752K)
[156.766s][info][gc,heap        ] GC(467) ParOldGen: 395759K(667648K)->400187K(667648K)
[156.766s][info][gc,metaspace   ] GC(467) Metaspace: 18282K(18432K)->18282K(18432K) NonClass: 16454K(16576K)->16454K(16576K) Class: 1828K(1856K)->1828K(1856K)
[156.766s][info][gc             ] GC(467) Pause Young (Allocation Failure) 579M->463M(850M) 93.833ms
[156.766s][info][gc,cpu         ] GC(467) User=0.19s Sys=0.00s Real=0.10s
[156.869s][info][gc,start       ] GC(468) Pause Young (Allocation Failure)
[156.988s][info][gc,heap        ] GC(468) PSYoungGen: 202379K(202752K)->103979K(221696K) Eden: 128000K(128000K)->0K(111616K) From: 74379K(74752K)->103979K(110080K)
[156.988s][info][gc,heap        ] GC(468) ParOldGen: 400187K(667648K)->400339K(667648K)
[156.988s][info][gc,metaspace   ] GC(468) Metaspace: 18282K(18432K)->18282K(18432K) NonClass: 16454K(16576K)->16454K(16576K) Class: 1828K(1856K)->1828K(1856K)
[156.988s][info][gc             ] GC(468) Pause Young (Allocation Failure) 588M->492M(868M) 118.852ms
[156.988s][info][gc,cpu         ] GC(468) User=0.23s Sys=0.00s Real=0.12s
[157.097s][info][gc,start       ] GC(469) Pause Young (Allocation Failure)
[157.232s][info][gc,heap        ] GC(469) PSYoungGen: 215595K(221696K)->111084K(222720K) Eden: 111616K(111616K)->0K(111616K) From: 103979K(110080K)->111084K(111104K)
[157.232s][info][gc,heap        ] GC(469) ParOldGen: 400339K(667648K)->407923K(667648K)
[157.232s][info][gc,metaspace   ] GC(469) Metaspace: 18282K(18432K)->18282K(18432K) NonClass: 16454K(16576K)->16454K(16576K) Class: 1828K(1856K)->1828K(1856K)
[157.233s][info][gc             ] GC(469) Pause Young (Allocation Failure) 601M->506M(869M) 135.360ms
[157.233s][info][gc,cpu         ] GC(469) User=0.26s Sys=0.00s Real=0.13s
[157.366s][info][gc,start       ] GC(470) Pause Young (Allocation Failure)
[157.512s][info][gc,heap        ] GC(470) PSYoungGen: 222700K(222720K)->111083K(222720K) Eden: 111616K(111616K)->0K(111616K) From: 111084K(111104K)->111083K(111104K)
[157.512s][info][gc,heap        ] GC(470) ParOldGen: 407923K(667648K)->423547K(667648K)
[157.512s][info][gc,metaspace   ] GC(470) Metaspace: 18282K(18432K)->18282K(18432K) NonClass: 16454K(16576K)->16454K(16576K) Class: 1828K(1856K)->1828K(1856K)
[157.512s][info][gc             ] GC(470) Pause Young (Allocation Failure) 615M->522M(869M) 145.997ms
[157.512s][info][gc,cpu         ] GC(470) User=0.29s Sys=0.00s Real=0.14s
[157.630s][info][gc,start       ] GC(471) Pause Young (Allocation Failure)
[157.753s][info][gc,heap        ] GC(471) PSYoungGen: 222699K(222720K)->96464K(222720K) Eden: 111616K(111616K)->0K(111616K) From: 111083K(111104K)->96464K(111104K)
[157.753s][info][gc,heap        ] GC(471) ParOldGen: 423547K(667648K)->438975K(667648K)
[157.753s][info][gc,metaspace   ] GC(471) Metaspace: 18282K(18432K)->18282K(18432K) NonClass: 16454K(16576K)->16454K(16576K) Class: 1828K(1856K)->1828K(1856K)
[157.753s][info][gc             ] GC(471) Pause Young (Allocation Failure) 631M->522M(869M) 123.074ms
[157.753s][info][gc,cpu         ] GC(471) User=0.25s Sys=0.00s Real=0.12s
[157.878s][info][gc,start       ] GC(472) Pause Young (Allocation Failure)
[157.972s][info][gc,heap        ] GC(472) PSYoungGen: 208080K(222720K)->98352K(222720K) Eden: 111616K(111616K)->0K(111616K) From: 96464K(111104K)->98352K(111104K)
[157.972s][info][gc,heap        ] GC(472) ParOldGen: 438975K(667648K)->438975K(667648K)
[157.973s][info][gc,metaspace   ] GC(472) Metaspace: 18283K(18432K)->18283K(18432K) NonClass: 16454K(16576K)->16454K(16576K) Class: 1828K(1856K)->1828K(1856K)
[157.973s][info][gc             ] GC(472) Pause Young (Allocation Failure) 631M->524M(869M) 94.115ms
[157.973s][info][gc,cpu         ] GC(472) User=0.18s Sys=0.00s Real=0.09s
[158.086s][info][gc,start       ] GC(473) Pause Young (Allocation Failure)
[158.184s][info][gc,heap        ] GC(473) PSYoungGen: 209968K(222720K)->73328K(222720K) Eden: 111616K(111616K)->0K(111616K) From: 98352K(111104K)->73328K(111104K)
[158.184s][info][gc,heap        ] GC(473) ParOldGen: 438975K(667648K)->468727K(667648K)
[158.184s][info][gc,metaspace   ] GC(473) Metaspace: 18283K(18432K)->18283K(18432K) NonClass: 16454K(16576K)->16454K(16576K) Class: 1828K(1856K)->1828K(1856K)
[158.184s][info][gc             ] GC(473) Pause Young (Allocation Failure) 633M->529M(869M) 97.688ms
[158.184s][info][gc,cpu         ] GC(473) User=0.19s Sys=0.00s Real=0.09s
[158.285s][info][gc,start       ] GC(474) Pause Young (Allocation Failure)
[158.355s][info][gc,heap        ] GC(474) PSYoungGen: 184944K(222720K)->69360K(222720K) Eden: 111616K(111616K)->0K(111616K) From: 73328K(111104K)->69360K(111104K)
[158.355s][info][gc,heap        ] GC(474) ParOldGen: 468727K(667648K)->472767K(667648K)
[158.355s][info][gc,metaspace   ] GC(474) Metaspace: 18283K(18432K)->18283K(18432K) NonClass: 16454K(16576K)->16454K(16576K) Class: 1828K(1856K)->1828K(1856K)
[158.355s][info][gc             ] GC(474) Pause Young (Allocation Failure) 638M->529M(869M) 69.843ms
[158.355s][info][gc,cpu         ] GC(474) User=0.14s Sys=0.00s Real=0.07s
[158.472s][info][gc,start       ] GC(475) Pause Young (Allocation Failure)
[158.543s][info][gc,heap        ] GC(475) PSYoungGen: 180976K(222720K)->67792K(222720K) Eden: 111616K(111616K)->0K(111616K) From: 69360K(111104K)->67792K(111104K)
[158.543s][info][gc,heap        ] GC(475) ParOldGen: 472767K(667648K)->480263K(667648K)
[158.543s][info][gc,metaspace   ] GC(475) Metaspace: 18283K(18432K)->18283K(18432K) NonClass: 16454K(16576K)->16454K(16576K) Class: 1828K(1856K)->1828K(1856K)
[158.543s][info][gc             ] GC(475) Pause Young (Allocation Failure) 638M->535M(869M) 70.810ms
[158.543s][info][gc,cpu         ] GC(475) User=0.14s Sys=0.00s Real=0.07s
[158.694s][info][gc,start       ] GC(476) Pause Young (Allocation Failure)
[158.768s][info][gc,heap        ] GC(476) PSYoungGen: 179408K(222720K)->38752K(222720K) Eden: 111616K(111616K)->0K(111616K) From: 67792K(111104K)->38752K(111104K)
[158.768s][info][gc,heap        ] GC(476) ParOldGen: 480263K(667648K)->519839K(667648K)
[158.768s][info][gc,metaspace   ] GC(476) Metaspace: 18283K(18432K)->18283K(18432K) NonClass: 16454K(16576K)->16454K(16576K) Class: 1828K(1856K)->1828K(1856K)
[158.769s][info][gc             ] GC(476) Pause Young (Allocation Failure) 644M->545M(869M) 74.336ms
[158.769s][info][gc,cpu         ] GC(476) User=0.15s Sys=0.00s Real=0.08s
[159.050s][info][gc,start       ] GC(477) Pause Young (Allocation Failure)
[159.100s][info][gc,heap        ] GC(477) PSYoungGen: 150368K(222720K)->23200K(222720K) Eden: 111616K(111616K)->0K(111616K) From: 38752K(111104K)->23200K(111104K)
[159.100s][info][gc,heap        ] GC(477) ParOldGen: 519839K(667648K)->535727K(667648K)
[159.100s][info][gc,metaspace   ] GC(477) Metaspace: 18283K(18432K)->18283K(18432K) NonClass: 16454K(16576K)->16454K(16576K) Class: 1828K(1856K)->1828K(1856K)
[159.100s][info][gc             ] GC(477) Pause Young (Allocation Failure) 654M->545M(869M) 49.663ms
[159.100s][info][gc,cpu         ] GC(477) User=0.10s Sys=0.00s Real=0.05s
[159.447s][info][gc,start       ] GC(478) Pause Young (Allocation Failure)
[159.472s][info][gc,heap        ] GC(478) PSYoungGen: 134816K(222720K)->16768K(222720K) Eden: 111616K(111616K)->0K(111616K) From: 23200K(111104K)->16768K(111104K)
[159.472s][info][gc,heap        ] GC(478) ParOldGen: 535727K(667648K)->542303K(667648K)
[159.472s][info][gc,metaspace   ] GC(478) Metaspace: 18285K(18432K)->18285K(18432K) NonClass: 16457K(16576K)->16457K(16576K) Class: 1828K(1856K)->1828K(1856K)
[159.472s][info][gc             ] GC(478) Pause Young (Allocation Failure) 654M->545M(869M) 24.746ms
[159.472s][info][gc,cpu         ] GC(478) User=0.04s Sys=0.00s Real=0.02s
[159.767s][info][gc,start       ] GC(479) Pause Young (Allocation Failure)
[159.785s][info][gc,heap        ] GC(479) PSYoungGen: 128384K(222720K)->11008K(222720K) Eden: 111616K(111616K)->0K(111616K) From: 16768K(111104K)->11008K(111104K)
[159.785s][info][gc,heap        ] GC(479) ParOldGen: 542303K(667648K)->548239K(667648K)
[159.785s][info][gc,metaspace   ] GC(479) Metaspace: 18285K(18432K)->18285K(18432K) NonClass: 16457K(16576K)->16457K(16576K) Class: 1828K(1856K)->1828K(1856K)
[159.785s][info][gc             ] GC(479) Pause Young (Allocation Failure) 654M->546M(869M) 18.002ms
[159.785s][info][gc,cpu         ] GC(479) User=0.04s Sys=0.00s Real=0.02s
[160.031s][info][gc,start       ] GC(480) Pause Young (Allocation Failure)
[160.044s][info][gc,heap        ] GC(480) PSYoungGen: 122624K(222720K)->304K(222720K) Eden: 111616K(111616K)->0K(111616K) From: 11008K(111104K)->304K(111104K)
[160.044s][info][gc,heap        ] GC(480) ParOldGen: 548239K(667648K)->558895K(667648K)
[160.044s][info][gc,metaspace   ] GC(480) Metaspace: 18285K(18432K)->18285K(18432K) NonClass: 16457K(16576K)->16457K(16576K) Class: 1828K(1856K)->1828K(1856K)
[160.044s][info][gc             ] GC(480) Pause Young (Allocation Failure) 655M->546M(869M) 13.246ms
[160.044s][info][gc,cpu         ] GC(480) User=0.02s Sys=0.00s Real=0.01s
[160.315s][info][gc,start       ] GC(481) Pause Young (Allocation Failure)
[160.318s][info][gc,heap        ] GC(481) PSYoungGen: 111920K(222720K)->64K(222720K) Eden: 111616K(111616K)->0K(111616K) From: 304K(111104K)->64K(111104K)
[160.318s][info][gc,heap        ] GC(481) ParOldGen: 558895K(667648K)->559152K(667648K)
[160.318s][info][gc,metaspace   ] GC(481) Metaspace: 18285K(18432K)->18285K(18432K) NonClass: 16457K(16576K)->16457K(16576K) Class: 1828K(1856K)->1828K(1856K)
[160.318s][info][gc             ] GC(481) Pause Young (Allocation Failure) 655M->546M(869M) 3.062ms
[160.318s][info][gc,cpu         ] GC(481) User=0.00s Sys=0.00s Real=0.00s
[160.591s][info][gc,start       ] GC(482) Pause Young (Allocation Failure)
[160.594s][info][gc,heap        ] GC(482) PSYoungGen: 111680K(222720K)->192K(222720K) Eden: 111616K(111616K)->0K(111616K) From: 64K(111104K)->192K(111104K)
[160.594s][info][gc,heap        ] GC(482) ParOldGen: 559152K(667648K)->559216K(667648K)
[160.594s][info][gc,metaspace   ] GC(482) Metaspace: 18285K(18432K)->18285K(18432K) NonClass: 16457K(16576K)->16457K(16576K) Class: 1828K(1856K)->1828K(1856K)
[160.594s][info][gc             ] GC(482) Pause Young (Allocation Failure) 655M->546M(869M) 3.059ms
[160.594s][info][gc,cpu         ] GC(482) User=0.00s Sys=0.00s Real=0.00s
[160.776s][info][gc,start       ] GC(483) Pause Young (Allocation Failure)
[160.795s][info][gc,heap        ] GC(483) PSYoungGen: 111808K(222720K)->21968K(222720K) Eden: 111616K(111616K)->0K(111616K) From: 192K(111104K)->21968K(111104K)
[160.795s][info][gc,heap        ] GC(483) ParOldGen: 559216K(667648K)->559392K(667648K)
[160.795s][info][gc,metaspace   ] GC(483) Metaspace: 18287K(18432K)->18287K(18432K) NonClass: 16458K(16576K)->16458K(16576K) Class: 1828K(1856K)->1828K(1856K)
[160.795s][info][gc             ] GC(483) Pause Young (Allocation Failure) 655M->567M(869M) 18.582ms
[160.795s][info][gc,cpu         ] GC(483) User=0.04s Sys=0.00s Real=0.01s
[160.863s][info][gc,start       ] GC(484) Pause Young (Allocation Failure)
[160.912s][info][gc,heap        ] GC(484) PSYoungGen: 133584K(222720K)->44704K(222720K) Eden: 111616K(111616K)->0K(111616K) From: 21968K(111104K)->44704K(111104K)
[160.912s][info][gc,heap        ] GC(484) ParOldGen: 559392K(667648K)->581544K(667648K)
[160.912s][info][gc,metaspace   ] GC(484) Metaspace: 18287K(18432K)->18287K(18432K) NonClass: 16458K(16576K)->16458K(16576K) Class: 1828K(1856K)->1828K(1856K)
[160.912s][info][gc             ] GC(484) Pause Young (Allocation Failure) 676M->611M(869M) 48.547ms
[160.912s][info][gc,cpu         ] GC(484) User=0.10s Sys=0.00s Real=0.05s
[160.981s][info][gc,start       ] GC(485) Pause Young (Allocation Failure)
[161.038s][info][gc,heap        ] GC(485) PSYoungGen: 156320K(222720K)->43904K(222720K) Eden: 111616K(111616K)->0K(111616K) From: 44704K(111104K)->43904K(111104K)
[161.038s][info][gc,heap        ] GC(485) ParOldGen: 581544K(667648K)->626736K(667648K)
[161.038s][info][gc,metaspace   ] GC(485) Metaspace: 18287K(18432K)->18287K(18432K) NonClass: 16458K(16576K)->16458K(16576K) Class: 1828K(1856K)->1828K(1856K)
[161.038s][info][gc             ] GC(485) Pause Young (Allocation Failure) 720M->654M(869M) 57.365ms
[161.038s][info][gc,cpu         ] GC(485) User=0.12s Sys=0.00s Real=0.06s
[161.182s][info][gc,start       ] GC(486) Pause Full (Allocation Failure)
[161.182s][info][gc,phases,start] GC(486) Marking Phase
[161.551s][info][gc,phases      ] GC(486) Marking Phase 369.388ms
[161.551s][info][gc,phases,start] GC(486) Summary Phase
[161.551s][info][gc,phases      ] GC(486) Summary Phase 0.028ms
[161.551s][info][gc,phases,start] GC(486) Forward
[161.672s][info][gc,phases      ] GC(486) Forward 120.575ms
[161.672s][info][gc,phases,start] GC(486) Adjust Pointers
[161.946s][info][gc,phases      ] GC(486) Adjust Pointers 273.632ms
[161.946s][info][gc,phases,start] GC(486) Compaction Phase
[162.110s][info][gc,phases      ] GC(486) Compaction Phase 164.348ms
[162.119s][info][gc,phases,start] GC(486) Post Compact
[162.122s][info][gc,phases      ] GC(486) Post Compact 2.295ms
[162.122s][info][gc,heap        ] GC(486) PSYoungGen: 155520K(222720K)->0K(222720K) Eden: 111616K(111616K)->0K(111616K) From: 43904K(111104K)->0K(111104K)
[162.122s][info][gc,heap        ] GC(486) ParOldGen: 626736K(667648K)->538676K(667648K)
[162.122s][info][gc,metaspace   ] GC(486) Metaspace: 18287K(18432K)->18287K(18432K) NonClass: 16459K(16576K)->16459K(16576K) Class: 1828K(1856K)->1828K(1856K)
[162.122s][info][gc             ] GC(486) Pause Full (Allocation Failure) 763M->526M(869M) 939.706ms
[162.122s][info][gc,cpu         ] GC(486) User=1.78s Sys=0.00s Real=0.94s
[162.383s][info][gc,start       ] GC(487) Pause Young (Allocation Failure)
[162.417s][info][gc,heap        ] GC(487) PSYoungGen: 111616K(222720K)->29029K(140800K) Eden: 111616K(111616K)->0K(111616K) From: 0K(111104K)->29029K(29184K)
[162.417s][info][gc,heap        ] GC(487) ParOldGen: 538676K(667648K)->538676K(667648K)
[162.417s][info][gc,metaspace   ] GC(487) Metaspace: 18287K(18432K)->18287K(18432K) NonClass: 16459K(16576K)->16459K(16576K) Class: 1828K(1856K)->1828K(1856K)
[162.418s][info][gc             ] GC(487) Pause Young (Allocation Failure) 635M->554M(789M) 34.723ms
[162.418s][info][gc,cpu         ] GC(487) User=0.07s Sys=0.00s Real=0.04s
[162.594s][info][gc,start       ] GC(488) Pause Young (Allocation Failure)
[162.649s][info][gc,heap        ] GC(488) PSYoungGen: 140645K(140800K)->67925K(221696K) Eden: 111616K(111616K)->0K(111104K) From: 29029K(29184K)->67925K(110592K)
[162.649s][info][gc,heap        ] GC(488) ParOldGen: 538676K(667648K)->538676K(667648K)
[162.649s][info][gc,metaspace   ] GC(488) Metaspace: 18287K(18432K)->18287K(18432K) NonClass: 16459K(16576K)->16459K(16576K) Class: 1828K(1856K)->1828K(1856K)
[162.649s][info][gc             ] GC(488) Pause Young (Allocation Failure) 663M->592M(868M) 54.458ms
[162.649s][info][gc,cpu         ] GC(488) User=0.10s Sys=0.00s Real=0.06s
[162.794s][info][gc,start       ] GC(489) Pause Young (Allocation Failure)
[162.853s][info][gc,heap        ] GC(489) PSYoungGen: 179029K(221696K)->5856K(222208K) Eden: 111104K(111104K)->0K(111104K) From: 67925K(110592K)->5856K(111104K)
[162.853s][info][gc,heap        ] GC(489) ParOldGen: 538676K(667648K)->607278K(667648K)
[162.853s][info][gc,metaspace   ] GC(489) Metaspace: 18287K(18432K)->18287K(18432K) NonClass: 16459K(16576K)->16459K(16576K) Class: 1828K(1856K)->1828K(1856K)
[162.853s][info][gc             ] GC(489) Pause Young (Allocation Failure) 700M->598M(869M) 59.062ms
[162.853s][info][gc,cpu         ] GC(489) User=0.12s Sys=0.00s Real=0.06s
[162.961s][info][gc,start       ] GC(490) Pause Full (Allocation Failure)
[162.961s][info][gc,phases,start] GC(490) Marking Phase
[163.256s][info][gc,phases      ] GC(490) Marking Phase 294.746ms
[163.256s][info][gc,phases,start] GC(490) Summary Phase
[163.256s][info][gc,phases      ] GC(490) Summary Phase 0.028ms
[163.256s][info][gc,phases,start] GC(490) Forward
[163.348s][info][gc,phases      ] GC(490) Forward 91.805ms
[163.348s][info][gc,phases,start] GC(490) Adjust Pointers
[163.565s][info][gc,phases      ] GC(490) Adjust Pointers 217.020ms
[163.565s][info][gc,phases,start] GC(490) Compaction Phase
[163.710s][info][gc,phases      ] GC(490) Compaction Phase 145.000ms
[163.716s][info][gc,phases,start] GC(490) Post Compact
[163.718s][info][gc,phases      ] GC(490) Post Compact 2.173ms
[163.718s][info][gc,heap        ] GC(490) PSYoungGen: 116960K(222208K)->0K(222720K) Eden: 111104K(111104K)->0K(111616K) From: 5856K(111104K)->0K(111104K)
[163.718s][info][gc,heap        ] GC(490) ParOldGen: 607278K(667648K)->461321K(667648K)
[163.718s][info][gc,metaspace   ] GC(490) Metaspace: 18287K(18432K)->18287K(18432K) NonClass: 16459K(16576K)->16459K(16576K) Class: 1828K(1856K)->1828K(1856K)
[163.718s][info][gc             ] GC(490) Pause Full (Allocation Failure) 707M->450M(869M) 757.260ms
[163.718s][info][gc,cpu         ] GC(490) User=1.44s Sys=0.00s Real=0.76s
[163.866s][info][gc,start       ] GC(491) Pause Young (Allocation Failure)
[163.904s][info][gc,heap        ] GC(491) PSYoungGen: 111616K(222720K)->23438K(135168K) Eden: 111616K(111616K)->0K(111616K) From: 0K(111104K)->23438K(23552K)
[163.904s][info][gc,heap        ] GC(491) ParOldGen: 461321K(667648K)->461321K(667648K)
[163.904s][info][gc,metaspace   ] GC(491) Metaspace: 18287K(18432K)->18287K(18432K) NonClass: 16459K(16576K)->16459K(16576K) Class: 1828K(1856K)->1828K(1856K)
[163.904s][info][gc             ] GC(491) Pause Young (Allocation Failure) 559M->473M(784M) 38.041ms
[163.904s][info][gc,cpu         ] GC(491) User=0.08s Sys=0.00s Real=0.03s
[164.046s][info][gc,start       ] GC(492) Pause Young (Allocation Failure)
[164.094s][info][gc,heap        ] GC(492) PSYoungGen: 135054K(135168K)->30158K(220672K) Eden: 111616K(111616K)->0K(118272K) From: 23438K(23552K)->30158K(102400K)
[164.094s][info][gc,heap        ] GC(492) ParOldGen: 461321K(667648K)->461321K(667648K)
[164.094s][info][gc,metaspace   ] GC(492) Metaspace: 18287K(18432K)->18287K(18432K) NonClass: 16459K(16576K)->16459K(16576K) Class: 1828K(1856K)->1828K(1856K)
[164.094s][info][gc             ] GC(492) Pause Young (Allocation Failure) 582M->479M(867M) 48.061ms
[164.094s][info][gc,cpu         ] GC(492) User=0.09s Sys=0.00s Real=0.04s
[164.240s][info][gc,start       ] GC(493) Pause Young (Allocation Failure)
[164.285s][info][gc,heap        ] GC(493) PSYoungGen: 148430K(220672K)->30158K(219648K) Eden: 118272K(118272K)->0K(118272K) From: 30158K(102400K)->30158K(101376K)
[164.285s][info][gc,heap        ] GC(493) ParOldGen: 461321K(667648K)->461321K(667648K)
[164.285s][info][gc,metaspace   ] GC(493) Metaspace: 18287K(18432K)->18287K(18432K) NonClass: 16459K(16576K)->16459K(16576K) Class: 1828K(1856K)->1828K(1856K)
[164.285s][info][gc             ] GC(493) Pause Young (Allocation Failure) 595M->479M(866M) 45.053ms
[164.285s][info][gc,cpu         ] GC(493) User=0.09s Sys=0.00s Real=0.05s
[164.430s][info][gc,start       ] GC(494) Pause Young (Allocation Failure)
[164.476s][info][gc,heap        ] GC(494) PSYoungGen: 148430K(219648K)->30158K(211968K) Eden: 118272K(118272K)->0K(126976K) From: 30158K(101376K)->30158K(84992K)
[164.476s][info][gc,heap        ] GC(494) ParOldGen: 461321K(667648K)->461321K(667648K)
[164.476s][info][gc,metaspace   ] GC(494) Metaspace: 18287K(18432K)->18287K(18432K) NonClass: 16459K(16576K)->16459K(16576K) Class: 1828K(1856K)->1828K(1856K)
[164.476s][info][gc             ] GC(494) Pause Young (Allocation Failure) 595M->479M(859M) 46.248ms
[164.476s][info][gc,cpu         ] GC(494) User=0.09s Sys=0.00s Real=0.05s
[164.637s][info][gc,start       ] GC(495) Pause Young (Allocation Failure)
[164.682s][info][gc,heap        ] GC(495) PSYoungGen: 157134K(211968K)->30167K(217088K) Eden: 126976K(126976K)->0K(126976K) From: 30158K(84992K)->30167K(90112K)
[164.682s][info][gc,heap        ] GC(495) ParOldGen: 461321K(667648K)->461321K(667648K)
[164.682s][info][gc,metaspace   ] GC(495) Metaspace: 18287K(18432K)->18287K(18432K) NonClass: 16459K(16576K)->16459K(16576K) Class: 1828K(1856K)->1828K(1856K)
[164.682s][info][gc             ] GC(495) Pause Young (Allocation Failure) 603M->479M(864M) 45.198ms
[164.682s][info][gc,cpu         ] GC(495) User=0.09s Sys=0.00s Real=0.04s
[164.845s][info][gc,start       ] GC(496) Pause Young (Allocation Failure)
[164.892s][info][gc,heap        ] GC(496) PSYoungGen: 157143K(217088K)->30158K(212480K) Eden: 126976K(126976K)->0K(136192K) From: 30167K(90112K)->30158K(76288K)
[164.892s][info][gc,heap        ] GC(496) ParOldGen: 461321K(667648K)->461321K(667648K)
[164.892s][info][gc,metaspace   ] GC(496) Metaspace: 18287K(18432K)->18287K(18432K) NonClass: 16459K(16576K)->16459K(16576K) Class: 1828K(1856K)->1828K(1856K)
[164.892s][info][gc             ] GC(496) Pause Young (Allocation Failure) 603M->479M(859M) 47.139ms
[164.892s][info][gc,cpu         ] GC(496) User=0.09s Sys=0.00s Real=0.04s
[165.066s][info][gc,start       ] GC(497) Pause Young (Allocation Failure)
[165.109s][info][gc,heap        ] GC(497) PSYoungGen: 166350K(212480K)->30167K(217088K) Eden: 136192K(136192K)->0K(136192K) From: 30158K(76288K)->30167K(80896K)
[165.109s][info][gc,heap        ] GC(497) ParOldGen: 461321K(667648K)->461321K(667648K)
[165.109s][info][gc,metaspace   ] GC(497) Metaspace: 18287K(18432K)->18287K(18432K) NonClass: 16459K(16576K)->16459K(16576K) Class: 1828K(1856K)->1828K(1856K)
[165.109s][info][gc             ] GC(497) Pause Young (Allocation Failure) 612M->479M(864M) 43.726ms
[165.109s][info][gc,cpu         ] GC(497) User=0.09s Sys=0.00s Real=0.04s
[165.277s][info][gc,start       ] GC(498) Pause Young (Allocation Failure)
[165.322s][info][gc,heap        ] GC(498) PSYoungGen: 166359K(217088K)->30167K(214528K) Eden: 136192K(136192K)->0K(145920K) From: 30167K(80896K)->30167K(68608K)
[165.322s][info][gc,heap        ] GC(498) ParOldGen: 461321K(667648K)->461321K(667648K)
[165.322s][info][gc,metaspace   ] GC(498) Metaspace: 18287K(18432K)->18287K(18432K) NonClass: 16459K(16576K)->16459K(16576K) Class: 1828K(1856K)->1828K(1856K)
[165.322s][info][gc             ] GC(498) Pause Young (Allocation Failure) 612M->479M(861M) 44.954ms
[165.322s][info][gc,cpu         ] GC(498) User=0.09s Sys=0.01s Real=0.04s
[165.507s][info][gc,start       ] GC(499) Pause Young (Allocation Failure)
[165.551s][info][gc,heap        ] GC(499) PSYoungGen: 176087K(214528K)->30167K(218624K) Eden: 145920K(145920K)->0K(145920K) From: 30167K(68608K)->30167K(72704K)
[165.551s][info][gc,heap        ] GC(499) ParOldGen: 461321K(667648K)->461321K(667648K)
[165.551s][info][gc,metaspace   ] GC(499) Metaspace: 18287K(18432K)->18287K(18432K) NonClass: 16459K(16576K)->16459K(16576K) Class: 1828K(1856K)->1828K(1856K)
[165.551s][info][gc             ] GC(499) Pause Young (Allocation Failure) 622M->479M(865M) 43.958ms
[165.551s][info][gc,cpu         ] GC(499) User=0.08s Sys=0.00s Real=0.04s
[165.696s][info][gc,start       ] GC(500) Pause Young (Allocation Failure)
[165.760s][info][gc,heap        ] GC(500) PSYoungGen: 176087K(218624K)->46158K(223744K) Eden: 145920K(145920K)->0K(154624K) From: 30167K(72704K)->46158K(69120K)
[165.760s][info][gc,heap        ] GC(500) ParOldGen: 461321K(667648K)->461321K(667648K)
[165.760s][info][gc,metaspace   ] GC(500) Metaspace: 18287K(18432K)->18287K(18432K) NonClass: 16459K(16576K)->16459K(16576K) Class: 1828K(1856K)->1828K(1856K)
[165.760s][info][gc             ] GC(500) Pause Young (Allocation Failure) 622M->495M(870M) 63.526ms
[165.760s][info][gc,cpu         ] GC(500) User=0.13s Sys=0.00s Real=0.06s
[165.892s][info][gc,start       ] GC(501) Pause Young (Allocation Failure)
[165.968s][info][gc,heap        ] GC(501) PSYoungGen: 200782K(223744K)->61582K(225280K) Eden: 154624K(154624K)->0K(154624K) From: 46158K(69120K)->61582K(70656K)
[165.968s][info][gc,heap        ] GC(501) ParOldGen: 461321K(667648K)->461321K(667648K)
[165.968s][info][gc,metaspace   ] GC(501) Metaspace: 18287K(18432K)->18287K(18432K) NonClass: 16459K(16576K)->16459K(16576K) Class: 1828K(1856K)->1828K(1856K)
[165.968s][info][gc             ] GC(501) Pause Young (Allocation Failure) 646M->510M(872M) 75.986ms
[165.968s][info][gc,cpu         ] GC(501) User=0.15s Sys=0.00s Real=0.08s
[166.092s][info][gc,start       ] GC(502) Pause Young (Allocation Failure)
[166.179s][info][gc,heap        ] GC(502) PSYoungGen: 216206K(225280K)->63886K(238080K) Eden: 154624K(154624K)->0K(160768K) From: 61582K(70656K)->63886K(77312K)
[166.179s][info][gc,heap        ] GC(502) ParOldGen: 461321K(667648K)->461321K(667648K)
[166.179s][info][gc,metaspace   ] GC(502) Metaspace: 18287K(18432K)->18287K(18432K) NonClass: 16459K(16576K)->16459K(16576K) Class: 1828K(1856K)->1828K(1856K)
[166.179s][info][gc             ] GC(502) Pause Young (Allocation Failure) 661M->512M(884M) 86.802ms
[166.179s][info][gc,cpu         ] GC(502) User=0.16s Sys=0.01s Real=0.09s
[166.311s][info][gc,start       ] GC(503) Pause Young (Allocation Failure)
[166.391s][info][gc,heap        ] GC(503) PSYoungGen: 224654K(238080K)->65390K(244224K) Eden: 160768K(160768K)->0K(160768K) From: 63886K(77312K)->65390K(83456K)
[166.391s][info][gc,heap        ] GC(503) ParOldGen: 461321K(667648K)->461321K(667648K)
[166.391s][info][gc,metaspace   ] GC(503) Metaspace: 18287K(18432K)->18287K(18432K) NonClass: 16459K(16576K)->16459K(16576K) Class: 1828K(1856K)->1828K(1856K)
[166.391s][info][gc             ] GC(503) Pause Young (Allocation Failure) 669M->514M(890M) 80.025ms
[166.391s][info][gc,cpu         ] GC(503) User=0.16s Sys=0.00s Real=0.08s
[166.554s][info][gc,start       ] GC(504) Pause Young (Allocation Failure)
[166.647s][info][gc,heap        ] GC(504) PSYoungGen: 226158K(244224K)->73998K(230912K) Eden: 160768K(160768K)->0K(142336K) From: 65390K(83456K)->73998K(88576K)
[166.647s][info][gc,heap        ] GC(504) ParOldGen: 461321K(667648K)->461321K(667648K)
[166.647s][info][gc,metaspace   ] GC(504) Metaspace: 18287K(18432K)->18287K(18432K) NonClass: 16459K(16576K)->16459K(16576K) Class: 1828K(1856K)->1828K(1856K)
[166.647s][info][gc             ] GC(504) Pause Young (Allocation Failure) 671M->522M(877M) 93.293ms
[166.647s][info][gc,cpu         ] GC(504) User=0.18s Sys=0.01s Real=0.10s
[166.937s][info][gc,start       ] GC(505) Pause Young (Allocation Failure)
[167.025s][info][gc,heap        ] GC(505) PSYoungGen: 216334K(230912K)->74158K(216576K) Eden: 142336K(142336K)->0K(142336K) From: 73998K(88576K)->74158K(74240K)
[167.026s][info][gc,heap        ] GC(505) ParOldGen: 461321K(667648K)->461321K(667648K)
[167.026s][info][gc,metaspace   ] GC(505) Metaspace: 18287K(18432K)->18287K(18432K) NonClass: 16459K(16576K)->16459K(16576K) Class: 1828K(1856K)->1828K(1856K)
[167.026s][info][gc             ] GC(505) Pause Young (Allocation Failure) 661M->522M(863M) 88.807ms
[167.026s][info][gc,cpu         ] GC(505) User=0.17s Sys=0.00s Real=0.09s
[167.281s][info][gc,start       ] GC(506) Pause Young (Allocation Failure)
[167.372s][info][gc,heap        ] GC(506) PSYoungGen: 216494K(216576K)->50880K(236544K) Eden: 142336K(142336K)->0K(135168K) From: 74158K(74240K)->50880K(101376K)
[167.372s][info][gc,heap        ] GC(506) ParOldGen: 461321K(667648K)->484800K(667648K)
[167.372s][info][gc,metaspace   ] GC(506) Metaspace: 18287K(18432K)->18287K(18432K) NonClass: 16459K(16576K)->16459K(16576K) Class: 1828K(1856K)->1828K(1856K)
[167.372s][info][gc             ] GC(506) Pause Young (Allocation Failure) 661M->523M(883M) 90.697ms
[167.372s][info][gc,cpu         ] GC(506) User=0.18s Sys=0.00s Real=0.09s
[167.610s][info][gc,start       ] GC(507) Pause Young (Allocation Failure)
[167.668s][info][gc,heap        ] GC(507) PSYoungGen: 186048K(236544K)->44448K(179712K) Eden: 135168K(135168K)->0K(135168K) From: 50880K(101376K)->44448K(44544K)
[167.668s][info][gc,heap        ] GC(507) ParOldGen: 484800K(667648K)->491544K(667648K)
[167.668s][info][gc,metaspace   ] GC(507) Metaspace: 18287K(18432K)->18287K(18432K) NonClass: 16459K(16576K)->16459K(16576K) Class: 1828K(1856K)->1828K(1856K)
[167.668s][info][gc             ] GC(507) Pause Young (Allocation Failure) 655M->523M(827M) 57.617ms
[167.668s][info][gc,cpu         ] GC(507) User=0.11s Sys=0.00s Real=0.06s
[167.924s][info][gc,start       ] GC(508) Pause Young (Allocation Failure)
[167.970s][info][gc,heap        ] GC(508) PSYoungGen: 179616K(179712K)->44160K(232448K) Eden: 135168K(135168K)->0K(139264K) From: 44448K(44544K)->44160K(93184K)
[167.970s][info][gc,heap        ] GC(508) ParOldGen: 491544K(667648K)->491544K(667648K)
[167.970s][info][gc,metaspace   ] GC(508) Metaspace: 18287K(18432K)->18287K(18432K) NonClass: 16459K(16576K)->16459K(16576K) Class: 1828K(1856K)->1828K(1856K)
[167.970s][info][gc             ] GC(508) Pause Young (Allocation Failure) 655M->523M(879M) 46.215ms
[167.970s][info][gc,cpu         ] GC(508) User=0.09s Sys=0.00s Real=0.05s
[168.161s][info][gc,start       ] GC(509) Pause Young (Allocation Failure)
[168.220s][info][gc,heap        ] GC(509) PSYoungGen: 183424K(232448K)->58176K(228352K) Eden: 139264K(139264K)->0K(139264K) From: 44160K(93184K)->58176K(89088K)
[168.220s][info][gc,heap        ] GC(509) ParOldGen: 491544K(667648K)->491552K(667648K)
[168.220s][info][gc,metaspace   ] GC(509) Metaspace: 18287K(18432K)->18287K(18432K) NonClass: 16459K(16576K)->16459K(16576K) Class: 1828K(1856K)->1828K(1856K)
[168.220s][info][gc             ] GC(509) Pause Young (Allocation Failure) 659M->536M(875M) 59.015ms
[168.220s][info][gc,cpu         ] GC(509) User=0.11s Sys=0.00s Real=0.06s
[168.403s][info][gc,start       ] GC(510) Pause Young (Allocation Failure)
[168.463s][info][gc,heap        ] GC(510) PSYoungGen: 197440K(228352K)->58144K(238080K) Eden: 139264K(139264K)->0K(150016K) From: 58176K(89088K)->58144K(88064K)
[168.463s][info][gc,heap        ] GC(510) ParOldGen: 491552K(667648K)->491552K(667648K)
[168.463s][info][gc,metaspace   ] GC(510) Metaspace: 18287K(18432K)->18287K(18432K) NonClass: 16459K(16576K)->16459K(16576K) Class: 1828K(1856K)->1828K(1856K)
[168.463s][info][gc             ] GC(510) Pause Young (Allocation Failure) 672M->536M(884M) 59.579ms
[168.463s][info][gc,cpu         ] GC(510) User=0.12s Sys=0.00s Real=0.06s
[168.597s][info][gc,start       ] GC(511) Pause Young (Allocation Failure)
[168.686s][info][gc,heap        ] GC(511) PSYoungGen: 208160K(238080K)->88560K(238592K) Eden: 150016K(150016K)->0K(150016K) From: 58144K(88064K)->88560K(88576K)
[168.686s][info][gc,heap        ] GC(511) ParOldGen: 491552K(667648K)->501720K(667648K)
[168.686s][info][gc,metaspace   ] GC(511) Metaspace: 18287K(18432K)->18287K(18432K) NonClass: 16459K(16576K)->16459K(16576K) Class: 1828K(1856K)->1828K(1856K)
[168.686s][info][gc             ] GC(511) Pause Young (Allocation Failure) 683M->576M(885M) 89.220ms
[168.686s][info][gc,cpu         ] GC(511) User=0.18s Sys=0.00s Real=0.09s
[168.906s][info][gc,start       ] GC(512) Pause Young (Allocation Failure)
[169.014s][info][gc,heap        ] GC(512) PSYoungGen: 238576K(238592K)->95200K(206848K) Eden: 150016K(150016K)->0K(111616K) From: 88560K(88576K)->95200K(95232K)
[169.014s][info][gc,heap        ] GC(512) ParOldGen: 501720K(667648K)->513848K(667648K)
[169.014s][info][gc,metaspace   ] GC(512) Metaspace: 18287K(18432K)->18287K(18432K) NonClass: 16459K(16576K)->16459K(16576K) Class: 1828K(1856K)->1828K(1856K)
[169.014s][info][gc             ] GC(512) Pause Young (Allocation Failure) 722M->594M(854M) 108.243ms
[169.014s][info][gc,cpu         ] GC(512) User=0.20s Sys=0.02s Real=0.10s
[169.171s][info][gc,start       ] GC(513) Pause Young (Allocation Failure)
[169.285s][info][gc,heap        ] GC(513) PSYoungGen: 206816K(206848K)->91824K(222720K) Eden: 111616K(111616K)->0K(111616K) From: 95200K(95232K)->91824K(111104K)
[169.285s][info][gc,heap        ] GC(513) ParOldGen: 513848K(667648K)->529904K(667648K)
[169.285s][info][gc,metaspace   ] GC(513) Metaspace: 18288K(18432K)->18288K(18432K) NonClass: 16459K(16576K)->16459K(16576K) Class: 1828K(1856K)->1828K(1856K)
[169.285s][info][gc             ] GC(513) Pause Young (Allocation Failure) 703M->607M(869M) 114.025ms
[169.285s][info][gc,cpu         ] GC(513) User=0.22s Sys=0.00s Real=0.12s
[169.443s][info][gc,start       ] GC(514) Pause Young (Allocation Failure)
[169.543s][info][gc,heap        ] GC(514) PSYoungGen: 203440K(222720K)->74064K(222720K) Eden: 111616K(111616K)->0K(111616K) From: 91824K(111104K)->74064K(111104K)
[169.543s][info][gc,heap        ] GC(514) ParOldGen: 529904K(667648K)->547696K(667648K)
[169.543s][info][gc,metaspace   ] GC(514) Metaspace: 18288K(18432K)->18288K(18432K) NonClass: 16459K(16576K)->16459K(16576K) Class: 1828K(1856K)->1828K(1856K)
[169.543s][info][gc             ] GC(514) Pause Young (Allocation Failure) 716M->607M(869M) 99.793ms
[169.543s][info][gc,cpu         ] GC(514) User=0.20s Sys=0.00s Real=0.10s
[169.699s][info][gc,start       ] GC(515) Pause Young (Allocation Failure)
[169.782s][info][gc,heap        ] GC(515) PSYoungGen: 185680K(222720K)->64016K(222720K) Eden: 111616K(111616K)->0K(111616K) From: 74064K(111104K)->64016K(111104K)
[169.782s][info][gc,heap        ] GC(515) ParOldGen: 547696K(667648K)->557808K(667648K)
[169.782s][info][gc,metaspace   ] GC(515) Metaspace: 18288K(18432K)->18288K(18432K) NonClass: 16459K(16576K)->16459K(16576K) Class: 1828K(1856K)->1828K(1856K)
[169.782s][info][gc             ] GC(515) Pause Young (Allocation Failure) 716M->607M(869M) 83.635ms
[169.782s][info][gc,cpu         ] GC(515) User=0.16s Sys=0.00s Real=0.08s
[169.939s][info][gc,start       ] GC(516) Pause Young (Allocation Failure)
[170.012s][info][gc,heap        ] GC(516) PSYoungGen: 175632K(222720K)->63696K(222720K) Eden: 111616K(111616K)->0K(111616K) From: 64016K(111104K)->63696K(111104K)
[170.012s][info][gc,heap        ] GC(516) ParOldGen: 557808K(667648K)->558117K(667648K)
[170.012s][info][gc,metaspace   ] GC(516) Metaspace: 18288K(18432K)->18288K(18432K) NonClass: 16459K(16576K)->16459K(16576K) Class: 1828K(1856K)->1828K(1856K)
[170.012s][info][gc             ] GC(516) Pause Young (Allocation Failure) 716M->607M(869M) 73.075ms
[170.012s][info][gc,cpu         ] GC(516) User=0.15s Sys=0.00s Real=0.07s
[170.170s][info][gc,start       ] GC(517) Pause Young (Allocation Failure)
[170.243s][info][gc,heap        ] GC(517) PSYoungGen: 175312K(222720K)->63696K(175616K) Eden: 111616K(111616K)->0K(111616K) From: 63696K(111104K)->63696K(64000K)
[170.243s][info][gc,heap        ] GC(517) ParOldGen: 558117K(667648K)->558117K(667648K)
[170.243s][info][gc,metaspace   ] GC(517) Metaspace: 18288K(18432K)->18288K(18432K) NonClass: 16459K(16576K)->16459K(16576K) Class: 1828K(1856K)->1828K(1856K)
[170.243s][info][gc             ] GC(517) Pause Young (Allocation Failure) 716M->607M(823M) 73.040ms
[170.243s][info][gc,cpu         ] GC(517) User=0.15s Sys=0.00s Real=0.07s
[170.401s][info][gc,start       ] GC(518) Pause Young (Allocation Failure)
[170.473s][info][gc,heap        ] GC(518) PSYoungGen: 175312K(175616K)->63728K(222720K) Eden: 111616K(111616K)->0K(116224K) From: 63696K(64000K)->63728K(106496K)
[170.473s][info][gc,heap        ] GC(518) ParOldGen: 558117K(667648K)->558117K(667648K)
[170.473s][info][gc,metaspace   ] GC(518) Metaspace: 18288K(18432K)->18288K(18432K) NonClass: 16459K(16576K)->16459K(16576K) Class: 1828K(1856K)->1828K(1856K)
[170.473s][info][gc             ] GC(518) Pause Young (Allocation Failure) 716M->607M(869M) 71.765ms
[170.473s][info][gc,cpu         ] GC(518) User=0.14s Sys=0.00s Real=0.07s
[170.637s][info][gc,start       ] GC(519) Pause Young (Allocation Failure)
[170.710s][info][gc,heap        ] GC(519) PSYoungGen: 179952K(222720K)->63696K(218112K) Eden: 116224K(116224K)->0K(116224K) From: 63728K(106496K)->63696K(101888K)
[170.710s][info][gc,heap        ] GC(519) ParOldGen: 558117K(667648K)->558117K(667648K)
[170.710s][info][gc,metaspace   ] GC(519) Metaspace: 18288K(18432K)->18288K(18432K) NonClass: 16459K(16576K)->16459K(16576K) Class: 1828K(1856K)->1828K(1856K)
[170.710s][info][gc             ] GC(519) Pause Young (Allocation Failure) 720M->607M(865M) 72.428ms
[170.710s][info][gc,cpu         ] GC(519) User=0.14s Sys=0.00s Real=0.07s
[170.872s][info][gc,start       ] GC(520) Pause Young (Allocation Failure)
[170.945s][info][gc,heap        ] GC(520) PSYoungGen: 179920K(218112K)->63728K(220672K) Eden: 116224K(116224K)->0K(126976K) From: 63696K(101888K)->63728K(93696K)
[170.945s][info][gc,heap        ] GC(520) ParOldGen: 558117K(667648K)->558117K(667648K)
[170.945s][info][gc,metaspace   ] GC(520) Metaspace: 18288K(18432K)->18288K(18432K) NonClass: 16459K(16576K)->16459K(16576K) Class: 1828K(1856K)->1828K(1856K)
[170.945s][info][gc             ] GC(520) Pause Young (Allocation Failure) 720M->607M(867M) 72.497ms
[170.945s][info][gc,cpu         ] GC(520) User=0.15s Sys=0.00s Real=0.08s
[171.121s][info][gc,start       ] GC(521) Pause Young (Allocation Failure)
[171.193s][info][gc,heap        ] GC(521) PSYoungGen: 190704K(220672K)->63696K(222208K) Eden: 126976K(126976K)->0K(126976K) From: 63728K(93696K)->63696K(95232K)
[171.193s][info][gc,heap        ] GC(521) ParOldGen: 558117K(667648K)->558117K(667648K)
[171.193s][info][gc,metaspace   ] GC(521) Metaspace: 18288K(18432K)->18288K(18432K) NonClass: 16459K(16576K)->16459K(16576K) Class: 1828K(1856K)->1828K(1856K)
[171.193s][info][gc             ] GC(521) Pause Young (Allocation Failure) 731M->607M(869M) 71.790ms
[171.193s][info][gc,cpu         ] GC(521) User=0.14s Sys=0.00s Real=0.07s
[171.350s][info][gc,start       ] GC(522) Pause Young (Allocation Failure)
[171.428s][info][gc,heap        ] GC(522) PSYoungGen: 190672K(222208K)->73072K(229888K) Eden: 126976K(126976K)->0K(137728K) From: 63696K(95232K)->73072K(92160K)
[171.428s][info][gc,heap        ] GC(522) ParOldGen: 558117K(667648K)->558133K(667648K)
[171.428s][info][gc,metaspace   ] GC(522) Metaspace: 18288K(18432K)->18288K(18432K) NonClass: 16459K(16576K)->16459K(16576K) Class: 1828K(1856K)->1828K(1856K)
[171.428s][info][gc             ] GC(522) Pause Young (Allocation Failure) 731M->616M(876M) 78.360ms
[171.428s][info][gc,cpu         ] GC(522) User=0.16s Sys=0.00s Real=0.08s
[171.568s][info][gc,start       ] GC(523) Pause Young (Allocation Failure)
[171.655s][info][gc,heap        ] GC(523) PSYoungGen: 210800K(229888K)->87888K(230400K) Eden: 137728K(137728K)->0K(137728K) From: 73072K(92160K)->87888K(92672K)
[171.655s][info][gc,heap        ] GC(523) ParOldGen: 558133K(667648K)->558165K(667648K)
[171.655s][info][gc,metaspace   ] GC(523) Metaspace: 18288K(18432K)->18288K(18432K) NonClass: 16459K(16576K)->16459K(16576K) Class: 1828K(1856K)->1828K(1856K)
[171.655s][info][gc             ] GC(523) Pause Young (Allocation Failure) 750M->630M(877M) 86.794ms
[171.655s][info][gc,cpu         ] GC(523) User=0.18s Sys=0.00s Real=0.09s
[171.751s][info][gc,start       ] GC(524) Pause Young (Allocation Failure)
[171.852s][info][gc,heap        ] GC(524) PSYoungGen: 225616K(230400K)->80592K(231424K) Eden: 137728K(137728K)->0K(133120K) From: 87888K(92672K)->80592K(98304K)
[171.852s][info][gc,heap        ] GC(524) ParOldGen: 558165K(667648K)->572205K(667648K)
[171.852s][info][gc,metaspace   ] GC(524) Metaspace: 18288K(18432K)->18288K(18432K) NonClass: 16459K(16576K)->16459K(16576K) Class: 1828K(1856K)->1828K(1856K)
[171.852s][info][gc             ] GC(524) Pause Young (Allocation Failure) 765M->637M(878M) 100.663ms
[171.852s][info][gc,cpu         ] GC(524) User=0.20s Sys=0.00s Real=0.10s
[171.940s][info][gc,start       ] GC(525) Pause Young (Allocation Failure)
[172.050s][info][gc,heap        ] GC(525) PSYoungGen: 213712K(231424K)->100336K(233472K) Eden: 133120K(133120K)->0K(133120K) From: 80592K(98304K)->100336K(100352K)
[172.050s][info][gc,heap        ] GC(525) ParOldGen: 572205K(667648K)->574045K(667648K)
[172.050s][info][gc,metaspace   ] GC(525) Metaspace: 18288K(18432K)->18288K(18432K) NonClass: 16459K(16576K)->16459K(16576K) Class: 1828K(1856K)->1828K(1856K)
[172.050s][info][gc             ] GC(525) Pause Young (Allocation Failure) 767M->658M(880M) 109.720ms
[172.050s][info][gc,cpu         ] GC(525) User=0.22s Sys=0.00s Real=0.11s
[172.138s][info][gc,start       ] GC(526) Pause Young (Allocation Failure)
[172.263s][info][gc,heap        ] GC(526) PSYoungGen: 233456K(233472K)->80512K(216064K) Eden: 133120K(133120K)->0K(115712K) From: 100336K(100352K)->80512K(100352K)
[172.263s][info][gc,heap        ] GC(526) ParOldGen: 574045K(667648K)->611456K(667648K)
[172.263s][info][gc,metaspace   ] GC(526) Metaspace: 18288K(18432K)->18288K(18432K) NonClass: 16459K(16576K)->16459K(16576K) Class: 1828K(1856K)->1828K(1856K)
[172.263s][info][gc             ] GC(526) Pause Young (Allocation Failure) 788M->675M(863M) 125.137ms
[172.263s][info][gc,cpu         ] GC(526) User=0.25s Sys=0.00s Real=0.12s
[172.332s][info][gc,start       ] GC(527) Pause Young (Allocation Failure)
[172.429s][info][gc,heap        ] GC(527) PSYoungGen: 196224K(216064K)->76576K(224768K) Eden: 115712K(115712K)->0K(115712K) From: 80512K(100352K)->76576K(109056K)
[172.429s][info][gc,heap        ] GC(527) ParOldGen: 611456K(667648K)->624009K(667648K)
[172.429s][info][gc,metaspace   ] GC(527) Metaspace: 18288K(18432K)->18288K(18432K) NonClass: 16459K(16576K)->16459K(16576K) Class: 1828K(1856K)->1828K(1856K)
[172.429s][info][gc             ] GC(527) Pause Young (Allocation Failure) 788M->684M(871M) 97.208ms
[172.429s][info][gc,cpu         ] GC(527) User=0.20s Sys=0.00s Real=0.10s
[172.527s][info][gc,start       ] GC(528) Pause Young (Allocation Failure)
[172.630s][info][gc,heap        ] GC(528) PSYoungGen: 192288K(224768K)->100448K(218624K) Eden: 115712K(115712K)->0K(111616K) From: 76576K(109056K)->100448K(107008K)
[172.630s][info][gc,heap        ] GC(528) ParOldGen: 624009K(667648K)->624009K(667648K)
[172.630s][info][gc,metaspace   ] GC(528) Metaspace: 18288K(18432K)->18288K(18432K) NonClass: 16459K(16576K)->16459K(16576K) Class: 1828K(1856K)->1828K(1856K)
[172.630s][info][gc             ] GC(528) Pause Young (Allocation Failure) 797M->707M(865M) 103.356ms
[172.630s][info][gc,cpu         ] GC(528) User=0.20s Sys=0.01s Real=0.10s
[172.731s][info][gc,start       ] GC(529) Pause Young (Allocation Failure)
[172.841s][info][gc,heap        ] GC(529) PSYoungGen: 212064K(218624K)->111104K(222720K) Eden: 111616K(111616K)->0K(111616K) From: 100448K(107008K)->111104K(111104K)
[172.842s][info][gc,heap        ] GC(529) ParOldGen: 624009K(667648K)->625233K(667648K)
[172.842s][info][gc,metaspace   ] GC(529) Metaspace: 18288K(18432K)->18288K(18432K) NonClass: 16459K(16576K)->16459K(16576K) Class: 1828K(1856K)->1828K(1856K)
[172.842s][info][gc             ] GC(529) Pause Young (Allocation Failure) 816M->719M(869M) 110.111ms
[172.842s][info][gc,cpu         ] GC(529) User=0.22s Sys=0.00s Real=0.11s
[172.920s][info][gc,start       ] GC(530) Pause Young (Allocation Failure)
[173.039s][info][gc,heap        ] GC(530) PSYoungGen: 222720K(222720K)->111104K(222720K) Eden: 111616K(111616K)->0K(111616K) From: 111104K(111104K)->111104K(111104K)
[173.039s][info][gc,heap        ] GC(530) ParOldGen: 625233K(667648K)->633113K(667648K)
[173.039s][info][gc,metaspace   ] GC(530) Metaspace: 18288K(18432K)->18288K(18432K) NonClass: 16459K(16576K)->16459K(16576K) Class: 1828K(1856K)->1828K(1856K)
[173.039s][info][gc             ] GC(530) Pause Young (Allocation Failure) 828M->726M(869M) 119.032ms
[173.039s][info][gc,cpu         ] GC(530) User=0.24s Sys=0.00s Real=0.12s
[173.150s][info][gc,start       ] GC(531) Pause Young (Allocation Failure)
[173.259s][info][gc,heap        ] GC(531) PSYoungGen: 222720K(222720K)->106816K(222720K) Eden: 111616K(111616K)->0K(111616K) From: 111104K(111104K)->106816K(111104K)
[173.259s][info][gc,heap        ] GC(531) ParOldGen: 633113K(667648K)->640697K(667648K)
[173.260s][info][gc,metaspace   ] GC(531) Metaspace: 18289K(18432K)->18289K(18432K) NonClass: 16460K(16576K)->16460K(16576K) Class: 1828K(1856K)->1828K(1856K)
[173.260s][info][gc             ] GC(531) Pause Young (Allocation Failure) 835M->729M(869M) 109.728ms
[173.260s][info][gc,cpu         ] GC(531) User=0.22s Sys=0.00s Real=0.11s
[173.383s][info][gc,start       ] GC(532) Pause Full (Allocation Failure)
[173.383s][info][gc,phases,start] GC(532) Marking Phase
[173.804s][info][gc,phases      ] GC(532) Marking Phase 420.966ms
[173.804s][info][gc,phases,start] GC(532) Summary Phase
[173.804s][info][gc,phases      ] GC(532) Summary Phase 0.029ms
[173.804s][info][gc,phases,start] GC(532) Forward
[173.926s][info][gc,phases      ] GC(532) Forward 121.482ms
[173.926s][info][gc,phases,start] GC(532) Adjust Pointers
[174.249s][info][gc,phases      ] GC(532) Adjust Pointers 323.694ms
[174.249s][info][gc,phases,start] GC(532) Compaction Phase
[174.424s][info][gc,phases      ] GC(532) Compaction Phase 174.311ms
[174.438s][info][gc,phases,start] GC(532) Post Compact
[174.441s][info][gc,phases      ] GC(532) Post Compact 2.446ms
[174.441s][info][gc,heap        ] GC(532) PSYoungGen: 218432K(222720K)->0K(222720K) Eden: 111616K(111616K)->0K(111616K) From: 106816K(111104K)->0K(111104K)
[174.441s][info][gc,heap        ] GC(532) ParOldGen: 640697K(667648K)->609912K(667648K)
[174.441s][info][gc,metaspace   ] GC(532) Metaspace: 18289K(18432K)->18289K(18432K) NonClass: 16460K(16576K)->16460K(16576K) Class: 1828K(1856K)->1828K(1856K)
[174.441s][info][gc             ] GC(532) Pause Full (Allocation Failure) 838M->595M(869M) 1057.641ms
[174.441s][info][gc,cpu         ] GC(532) User=2.02s Sys=0.01s Real=1.06s
[174.549s][info][gc,start       ] GC(533) Pause Young (Allocation Failure)
[174.558s][info][gc,heap        ] GC(533) PSYoungGen: 111616K(222720K)->1536K(222720K) Eden: 111616K(111616K)->0K(111616K) From: 0K(111104K)->1536K(111104K)
[174.559s][info][gc,heap        ] GC(533) ParOldGen: 609912K(667648K)->609912K(667648K)
[174.559s][info][gc,metaspace   ] GC(533) Metaspace: 18289K(18432K)->18289K(18432K) NonClass: 16460K(16576K)->16460K(16576K) Class: 1828K(1856K)->1828K(1856K)
[174.559s][info][gc             ] GC(533) Pause Young (Allocation Failure) 704M->597M(869M) 9.151ms
[174.559s][info][gc,cpu         ] GC(533) User=0.01s Sys=0.00s Real=0.01s
[174.685s][info][gc,start       ] GC(534) Pause Young (Allocation Failure)
[174.697s][info][gc,heap        ] GC(534) PSYoungGen: 113152K(222720K)->5056K(222720K) Eden: 111616K(111616K)->0K(111616K) From: 1536K(111104K)->5056K(111104K)
[174.697s][info][gc,heap        ] GC(534) ParOldGen: 609912K(667648K)->609912K(667648K)
[174.697s][info][gc,metaspace   ] GC(534) Metaspace: 18289K(18432K)->18289K(18432K) NonClass: 16461K(16576K)->16461K(16576K) Class: 1828K(1856K)->1828K(1856K)
[174.697s][info][gc             ] GC(534) Pause Young (Allocation Failure) 706M->600M(869M) 11.424ms
[174.697s][info][gc,cpu         ] GC(534) User=0.03s Sys=0.00s Real=0.01s
[174.792s][info][gc,start       ] GC(535) Pause Young (Allocation Failure)
[174.800s][info][gc,heap        ] GC(535) PSYoungGen: 116672K(222720K)->5056K(222720K) Eden: 111616K(111616K)->0K(111616K) From: 5056K(111104K)->5056K(111104K)
[174.800s][info][gc,heap        ] GC(535) ParOldGen: 609912K(667648K)->609912K(667648K)
[174.800s][info][gc,metaspace   ] GC(535) Metaspace: 18289K(18432K)->18289K(18432K) NonClass: 16461K(16576K)->16461K(16576K) Class: 1828K(1856K)->1828K(1856K)
[174.800s][info][gc             ] GC(535) Pause Young (Allocation Failure) 709M->600M(869M) 8.065ms
[174.800s][info][gc,cpu         ] GC(535) User=0.01s Sys=0.00s Real=0.01s
[174.936s][info][gc,start       ] GC(536) Pause Young (Allocation Failure)
[174.945s][info][gc,heap        ] GC(536) PSYoungGen: 116672K(222720K)->5088K(222720K) Eden: 111616K(111616K)->0K(111616K) From: 5056K(111104K)->5088K(111104K)
[174.945s][info][gc,heap        ] GC(536) ParOldGen: 609912K(667648K)->609912K(667648K)
[174.945s][info][gc,metaspace   ] GC(536) Metaspace: 18289K(18432K)->18289K(18432K) NonClass: 16461K(16576K)->16461K(16576K) Class: 1828K(1856K)->1828K(1856K)
[174.945s][info][gc             ] GC(536) Pause Young (Allocation Failure) 709M->600M(869M) 8.839ms
[174.945s][info][gc,cpu         ] GC(536) User=0.02s Sys=0.00s Real=0.01s
[175.103s][info][gc,start       ] GC(537) Pause Young (Allocation Failure)
[175.128s][info][gc,heap        ] GC(537) PSYoungGen: 116704K(222720K)->19808K(222720K) Eden: 111616K(111616K)->0K(111616K) From: 5088K(111104K)->19808K(111104K)
[175.128s][info][gc,heap        ] GC(537) ParOldGen: 609912K(667648K)->611413K(667648K)
[175.128s][info][gc,metaspace   ] GC(537) Metaspace: 18289K(18432K)->18289K(18432K) NonClass: 16461K(16576K)->16461K(16576K) Class: 1828K(1856K)->1828K(1856K)
[175.128s][info][gc             ] GC(537) Pause Young (Allocation Failure) 709M->616M(869M) 24.385ms
[175.128s][info][gc,cpu         ] GC(537) User=0.05s Sys=0.00s Real=0.03s
[175.380s][info][gc,start       ] GC(538) Pause Young (Allocation Failure)
[175.424s][info][gc,heap        ] GC(538) PSYoungGen: 131424K(222720K)->42704K(222720K) Eden: 111616K(111616K)->0K(111616K) From: 19808K(111104K)->42704K(111104K)
[175.424s][info][gc,heap        ] GC(538) ParOldGen: 611413K(667648K)->614965K(667648K)
[175.424s][info][gc,metaspace   ] GC(538) Metaspace: 18292K(18432K)->18292K(18432K) NonClass: 16463K(16576K)->16463K(16576K) Class: 1828K(1856K)->1828K(1856K)
[175.424s][info][gc             ] GC(538) Pause Young (Allocation Failure) 725M->642M(869M) 44.691ms
[175.424s][info][gc,cpu         ] GC(538) User=0.09s Sys=0.00s Real=0.04s
[175.512s][info][gc,start       ] GC(539) Pause Young (Allocation Failure)
[175.580s][info][gc,heap        ] GC(539) PSYoungGen: 154320K(222720K)->65264K(222720K) Eden: 111616K(111616K)->0K(111616K) From: 42704K(111104K)->65264K(111104K)
[175.580s][info][gc,heap        ] GC(539) ParOldGen: 614965K(667648K)->631277K(667648K)
[175.580s][info][gc,metaspace   ] GC(539) Metaspace: 18296K(18432K)->18296K(18432K) NonClass: 16467K(16576K)->16467K(16576K) Class: 1828K(1856K)->1828K(1856K)
[175.580s][info][gc             ] GC(539) Pause Young (Allocation Failure) 751M->680M(869M) 68.308ms
[175.580s][info][gc,cpu         ] GC(539) User=0.14s Sys=0.00s Real=0.07s
[175.648s][info][gc,start       ] GC(540) Pause Young (Allocation Failure)
[175.728s][info][gc,promotion   ] GC(540) Promotion failed
[175.728s][info][gc,heap        ] GC(540) PSYoungGen: 176880K(222720K)->176880K(222720K) Eden: 111616K(111616K)->111616K(111616K) From: 65264K(111104K)->65264K(111104K)
[175.728s][info][gc,heap        ] GC(540) ParOldGen: 631277K(667648K)->667641K(667648K)
[175.728s][info][gc,metaspace   ] GC(540) Metaspace: 18301K(18432K)->18301K(18432K) NonClass: 16473K(16576K)->16473K(16576K) Class: 1828K(1856K)->1828K(1856K)
[175.728s][info][gc             ] GC(540) Pause Young (Allocation Failure) 789M->824M(869M) 79.508ms
[175.728s][info][gc,cpu         ] GC(540) User=0.15s Sys=0.01s Real=0.08s
[175.728s][info][gc,start       ] GC(541) Pause Full (Allocation Failure)
[175.728s][info][gc,phases,start] GC(541) Marking Phase
[176.236s][info][gc,phases      ] GC(541) Marking Phase 507.759ms
[176.236s][info][gc,phases,start] GC(541) Summary Phase
[176.236s][info][gc,phases      ] GC(541) Summary Phase 0.042ms
[176.236s][info][gc,phases,start] GC(541) Forward
[176.372s][info][gc,phases      ] GC(541) Forward 136.124ms
[176.372s][info][gc,phases,start] GC(541) Adjust Pointers
[176.758s][info][gc,phases      ] GC(541) Adjust Pointers 386.303ms
[176.758s][info][gc,phases,start] GC(541) Compaction Phase
[176.945s][info][gc,phases      ] GC(541) Compaction Phase 186.929ms
[176.959s][info][gc,phases,start] GC(541) Post Compact
[176.962s][info][gc,phases      ] GC(541) Post Compact 2.556ms
[176.962s][info][gc,heap        ] GC(541) PSYoungGen: 176880K(222720K)->22009K(222720K) Eden: 111616K(111616K)->0K(111616K) From: 65264K(111104K)->22009K(111104K)
[176.962s][info][gc,heap        ] GC(541) ParOldGen: 667641K(667648K)->667291K(667648K)
[176.962s][info][gc,metaspace   ] GC(541) Metaspace: 18301K(18432K)->18301K(18432K) NonClass: 16473K(16576K)->16473K(16576K) Class: 1828K(1856K)->1828K(1856K)
[176.962s][info][gc             ] GC(541) Pause Full (Allocation Failure) 824M->673M(869M) 1233.841ms
[176.962s][info][gc,cpu         ] GC(541) User=2.40s Sys=0.01s Real=1.23s
[177.074s][info][gc,start       ] GC(542) Pause Full (Allocation Failure)
[177.074s][info][gc,phases,start] GC(542) Marking Phase
[177.586s][info][gc,phases      ] GC(542) Marking Phase 512.149ms
[177.586s][info][gc,phases,start] GC(542) Summary Phase
[177.586s][info][gc,phases      ] GC(542) Summary Phase 0.029ms
[177.586s][info][gc,phases,start] GC(542) Forward
[177.592s][info][gc,phases      ] GC(542) Forward 5.374ms
[177.592s][info][gc,phases,start] GC(542) Adjust Pointers
[177.935s][info][gc,phases      ] GC(542) Adjust Pointers 343.461ms
[177.935s][info][gc,phases,start] GC(542) Compaction Phase
[178.077s][info][gc,phases      ] GC(542) Compaction Phase 141.930ms
[178.077s][info][gc,phases,start] GC(542) Post Compact
[178.080s][info][gc,phases      ] GC(542) Post Compact 2.379ms
[178.080s][info][gc,heap        ] GC(542) PSYoungGen: 133625K(222720K)->23062K(222720K) Eden: 111616K(111616K)->23062K(111616K) From: 22009K(111104K)->0K(111104K)
[178.080s][info][gc,heap        ] GC(542) ParOldGen: 667291K(667648K)->667635K(667648K)
[178.080s][info][gc,metaspace   ] GC(542) Metaspace: 18301K(18432K)->18301K(18432K) NonClass: 16473K(16576K)->16473K(16576K) Class: 1828K(1856K)->1828K(1856K)
[178.080s][info][gc             ] GC(542) Pause Full (Allocation Failure) 782M->674M(869M) 1005.779ms
[178.080s][info][gc,cpu         ] GC(542) User=1.97s Sys=0.00s Real=1.01s
[178.201s][info][gc,start       ] GC(543) Pause Full (Allocation Failure)
[178.201s][info][gc,phases,start] GC(543) Marking Phase
[178.713s][info][gc,phases      ] GC(543) Marking Phase 511.916ms
[178.713s][info][gc,phases,start] GC(543) Summary Phase
[178.713s][info][gc,phases      ] GC(543) Summary Phase 0.024ms
[178.713s][info][gc,phases,start] GC(543) Forward
[178.721s][info][gc,phases      ] GC(543) Forward 8.011ms
[178.721s][info][gc,phases,start] GC(543) Adjust Pointers
[179.066s][info][gc,phases      ] GC(543) Adjust Pointers 345.453ms
[179.066s][info][gc,phases,start] GC(543) Compaction Phase
[179.205s][info][gc,phases      ] GC(543) Compaction Phase 138.605ms
[179.205s][info][gc,phases,start] GC(543) Post Compact
[179.208s][info][gc,phases      ] GC(543) Post Compact 2.307ms
[179.208s][info][gc,heap        ] GC(543) PSYoungGen: 111616K(222720K)->23169K(222720K) Eden: 111616K(111616K)->23169K(111616K) From: 0K(111104K)->0K(111104K)
[179.208s][info][gc,heap        ] GC(543) ParOldGen: 667635K(667648K)->667635K(667648K)
[179.208s][info][gc,metaspace   ] GC(543) Metaspace: 18301K(18432K)->18301K(18432K) NonClass: 16473K(16576K)->16473K(16576K) Class: 1828K(1856K)->1828K(1856K)
[179.208s][info][gc             ] GC(543) Pause Full (Allocation Failure) 760M->674M(869M) 1006.781ms
[179.208s][info][gc,cpu         ] GC(543) User=1.97s Sys=0.00s Real=1.01s
[179.325s][info][gc,start       ] GC(544) Pause Full (Allocation Failure)
[179.326s][info][gc,phases,start] GC(544) Marking Phase
[179.837s][info][gc,phases      ] GC(544) Marking Phase 511.355ms
[179.837s][info][gc,phases,start] GC(544) Summary Phase
[179.837s][info][gc,phases      ] GC(544) Summary Phase 0.024ms
[179.837s][info][gc,phases,start] GC(544) Forward
[179.845s][info][gc,phases      ] GC(544) Forward 8.177ms
[179.845s][info][gc,phases,start] GC(544) Adjust Pointers
[180.192s][info][gc,phases      ] GC(544) Adjust Pointers 346.466ms
[180.192s][info][gc,phases,start] GC(544) Compaction Phase
[180.332s][info][gc,phases      ] GC(544) Compaction Phase 140.072ms
[180.332s][info][gc,phases,start] GC(544) Post Compact
[180.334s][info][gc,phases      ] GC(544) Post Compact 2.283ms
[180.334s][info][gc,heap        ] GC(544) PSYoungGen: 111616K(222720K)->23336K(222720K) Eden: 111616K(111616K)->23336K(111616K) From: 0K(111104K)->0K(111104K)
[180.334s][info][gc,heap        ] GC(544) ParOldGen: 667635K(667648K)->667635K(667648K)
[180.334s][info][gc,metaspace   ] GC(544) Metaspace: 18301K(18432K)->18301K(18432K) NonClass: 16473K(16576K)->16473K(16576K) Class: 1828K(1856K)->1828K(1856K)
[180.334s][info][gc             ] GC(544) Pause Full (Allocation Failure) 760M->674M(869M) 1008.834ms
[180.334s][info][gc,cpu         ] GC(544) User=1.97s Sys=0.00s Real=1.00s
[180.492s][info][gc,start       ] GC(545) Pause Full (Allocation Failure)
[180.492s][info][gc,phases,start] GC(545) Marking Phase
[181.005s][info][gc,phases      ] GC(545) Marking Phase 512.910ms
[181.005s][info][gc,phases,start] GC(545) Summary Phase
[181.005s][info][gc,phases      ] GC(545) Summary Phase 0.025ms
[181.005s][info][gc,phases,start] GC(545) Forward
[181.013s][info][gc,phases      ] GC(545) Forward 8.299ms
[181.013s][info][gc,phases,start] GC(545) Adjust Pointers
[181.356s][info][gc,phases      ] GC(545) Adjust Pointers 343.192ms
[181.356s][info][gc,phases,start] GC(545) Compaction Phase
[181.495s][info][gc,phases      ] GC(545) Compaction Phase 138.691ms
[181.495s][info][gc,phases,start] GC(545) Post Compact
[181.497s][info][gc,phases      ] GC(545) Post Compact 2.281ms
[181.497s][info][gc,heap        ] GC(545) PSYoungGen: 111616K(222720K)->23613K(222720K) Eden: 111616K(111616K)->23613K(111616K) From: 0K(111104K)->0K(111104K)
[181.497s][info][gc,heap        ] GC(545) ParOldGen: 667635K(667648K)->667635K(667648K)
[181.497s][info][gc,metaspace   ] GC(545) Metaspace: 18301K(18432K)->18301K(18432K) NonClass: 16473K(16576K)->16473K(16576K) Class: 1828K(1856K)->1828K(1856K)
[181.497s][info][gc             ] GC(545) Pause Full (Allocation Failure) 760M->675M(869M) 1005.880ms
[181.498s][info][gc,cpu         ] GC(545) User=1.97s Sys=0.00s Real=1.01s
[181.657s][info][gc,start       ] GC(546) Pause Full (Allocation Failure)
[181.657s][info][gc,phases,start] GC(546) Marking Phase
[182.172s][info][gc,phases      ] GC(546) Marking Phase 515.074ms
[182.172s][info][gc,phases,start] GC(546) Summary Phase
[182.172s][info][gc,phases      ] GC(546) Summary Phase 0.024ms
[182.172s][info][gc,phases,start] GC(546) Forward
[182.181s][info][gc,phases      ] GC(546) Forward 8.550ms
[182.181s][info][gc,phases,start] GC(546) Adjust Pointers
[182.526s][info][gc,phases      ] GC(546) Adjust Pointers 345.173ms
[182.526s][info][gc,phases,start] GC(546) Compaction Phase
[182.664s][info][gc,phases      ] GC(546) Compaction Phase 137.891ms
[182.664s][info][gc,phases,start] GC(546) Post Compact
[182.666s][info][gc,phases      ] GC(546) Post Compact 2.317ms
[182.666s][info][gc,heap        ] GC(546) PSYoungGen: 111616K(222720K)->23922K(222720K) Eden: 111616K(111616K)->23922K(111616K) From: 0K(111104K)->0K(111104K)
[182.666s][info][gc,heap        ] GC(546) ParOldGen: 667635K(667648K)->667634K(667648K)
[182.666s][info][gc,metaspace   ] GC(546) Metaspace: 18301K(18432K)->18301K(18432K) NonClass: 16473K(16576K)->16473K(16576K) Class: 1828K(1856K)->1828K(1856K)
[182.666s][info][gc             ] GC(546) Pause Full (Allocation Failure) 760M->675M(869M) 1009.447ms
[182.666s][info][gc,cpu         ] GC(546) User=1.97s Sys=0.00s Real=1.01s
[182.778s][info][gc,start       ] GC(547) Pause Full (Allocation Failure)
[182.778s][info][gc,phases,start] GC(547) Marking Phase
[183.295s][info][gc,phases      ] GC(547) Marking Phase 516.755ms
[183.295s][info][gc,phases,start] GC(547) Summary Phase
[183.295s][info][gc,phases      ] GC(547) Summary Phase 0.030ms
[183.295s][info][gc,phases,start] GC(547) Forward
[183.304s][info][gc,phases      ] GC(547) Forward 8.851ms
[183.304s][info][gc,phases,start] GC(547) Adjust Pointers
[183.649s][info][gc,phases      ] GC(547) Adjust Pointers 345.133ms
[183.649s][info][gc,phases,start] GC(547) Compaction Phase
[183.789s][info][gc,phases      ] GC(547) Compaction Phase 139.795ms
[183.789s][info][gc,phases,start] GC(547) Post Compact
[183.791s][info][gc,phases      ] GC(547) Post Compact 2.323ms
[183.791s][info][gc,heap        ] GC(547) PSYoungGen: 111616K(222720K)->24818K(222720K) Eden: 111616K(111616K)->24818K(111616K) From: 0K(111104K)->0K(111104K)
[183.791s][info][gc,heap        ] GC(547) ParOldGen: 667634K(667648K)->667634K(667648K)
[183.791s][info][gc,metaspace   ] GC(547) Metaspace: 18302K(18432K)->18302K(18432K) NonClass: 16473K(16576K)->16473K(16576K) Class: 1828K(1856K)->1828K(1856K)
[183.791s][info][gc             ] GC(547) Pause Full (Allocation Failure) 760M->676M(869M) 1013.439ms
[183.791s][info][gc,cpu         ] GC(547) User=1.97s Sys=0.01s Real=1.01s
[183.862s][info][gc,start       ] GC(548) Pause Full (Allocation Failure)
[183.862s][info][gc,phases,start] GC(548) Marking Phase
[184.378s][info][gc,phases      ] GC(548) Marking Phase 515.581ms
[184.378s][info][gc,phases,start] GC(548) Summary Phase
[184.378s][info][gc,phases      ] GC(548) Summary Phase 0.024ms
[184.378s][info][gc,phases,start] GC(548) Forward
[184.388s][info][gc,phases      ] GC(548) Forward 10.824ms
[184.388s][info][gc,phases,start] GC(548) Adjust Pointers
[184.735s][info][gc,phases      ] GC(548) Adjust Pointers 346.282ms
[184.735s][info][gc,phases,start] GC(548) Compaction Phase
[184.873s][info][gc,phases      ] GC(548) Compaction Phase 138.625ms
[184.874s][info][gc,phases,start] GC(548) Post Compact
[184.876s][info][gc,phases      ] GC(548) Post Compact 2.363ms
[184.876s][info][gc,heap        ] GC(548) PSYoungGen: 111616K(222720K)->25423K(222720K) Eden: 111616K(111616K)->25423K(111616K) From: 0K(111104K)->0K(111104K)
[184.876s][info][gc,heap        ] GC(548) ParOldGen: 667634K(667648K)->667634K(667648K)
[184.876s][info][gc,metaspace   ] GC(548) Metaspace: 18302K(18432K)->18302K(18432K) NonClass: 16473K(16576K)->16473K(16576K) Class: 1828K(1856K)->1828K(1856K)
[184.876s][info][gc             ] GC(548) Pause Full (Allocation Failure) 760M->676M(869M) 1014.143ms
[184.876s][info][gc,cpu         ] GC(548) User=1.99s Sys=0.00s Real=1.02s
[184.943s][info][gc,start       ] GC(549) Pause Full (Allocation Failure)
[184.943s][info][gc,phases,start] GC(549) Marking Phase
[185.458s][info][gc,phases      ] GC(549) Marking Phase 514.865ms
[185.458s][info][gc,phases,start] GC(549) Summary Phase
[185.458s][info][gc,phases      ] GC(549) Summary Phase 0.024ms
[185.458s][info][gc,phases,start] GC(549) Forward
[185.470s][info][gc,phases      ] GC(549) Forward 11.662ms
[185.470s][info][gc,phases,start] GC(549) Adjust Pointers
[185.816s][info][gc,phases      ] GC(549) Adjust Pointers 346.536ms
[185.816s][info][gc,phases,start] GC(549) Compaction Phase
[185.955s][info][gc,phases      ] GC(549) Compaction Phase 138.800ms
[185.955s][info][gc,phases,start] GC(549) Post Compact
[185.957s][info][gc,phases      ] GC(549) Post Compact 2.298ms
[185.957s][info][gc,heap        ] GC(549) PSYoungGen: 111616K(222720K)->26235K(222720K) Eden: 111616K(111616K)->26235K(111616K) From: 0K(111104K)->0K(111104K)
[185.957s][info][gc,heap        ] GC(549) ParOldGen: 667634K(667648K)->667634K(667648K)
[185.957s][info][gc,metaspace   ] GC(549) Metaspace: 18302K(18432K)->18302K(18432K) NonClass: 16473K(16576K)->16473K(16576K) Class: 1828K(1856K)->1828K(1856K)
[185.957s][info][gc             ] GC(549) Pause Full (Allocation Failure) 760M->677M(869M) 1014.610ms
[185.957s][info][gc,cpu         ] GC(549) User=1.98s Sys=0.00s Real=1.02s
[186.118s][info][gc,start       ] GC(550) Pause Full (Allocation Failure)
[186.118s][info][gc,phases,start] GC(550) Marking Phase
[186.637s][info][gc,phases      ] GC(550) Marking Phase 519.074ms
[186.637s][info][gc,phases,start] GC(550) Summary Phase
[186.637s][info][gc,phases      ] GC(550) Summary Phase 0.026ms
[186.637s][info][gc,phases,start] GC(550) Forward
[186.769s][info][gc,phases      ] GC(550) Forward 131.791ms
[186.769s][info][gc,phases,start] GC(550) Adjust Pointers
[187.175s][info][gc,phases      ] GC(550) Adjust Pointers 405.672ms
[187.175s][info][gc,phases,start] GC(550) Compaction Phase
[187.361s][info][gc,phases      ] GC(550) Compaction Phase 186.053ms
[187.377s][info][gc,phases,start] GC(550) Post Compact
[187.380s][info][gc,phases      ] GC(550) Post Compact 2.385ms
[187.380s][info][gc,heap        ] GC(550) PSYoungGen: 111616K(222720K)->27178K(222720K) Eden: 111616K(111616K)->27178K(111616K) From: 0K(111104K)->0K(111104K)
[187.380s][info][gc,heap        ] GC(550) ParOldGen: 667634K(667648K)->667555K(667648K)
[187.380s][info][gc,metaspace   ] GC(550) Metaspace: 18308K(18432K)->18308K(18432K) NonClass: 16480K(16576K)->16480K(16576K) Class: 1828K(1856K)->1828K(1856K)
[187.380s][info][gc             ] GC(550) Pause Full (Allocation Failure) 760M->678M(869M) 1262.128ms
[187.380s][info][gc,cpu         ] GC(550) User=2.47s Sys=0.00s Real=1.26s
[187.587s][info][gc,start       ] GC(551) Pause Full (Allocation Failure)
[187.587s][info][gc,phases,start] GC(551) Marking Phase
[188.132s][info][gc,phases      ] GC(551) Marking Phase 544.706ms
[188.132s][info][gc,phases,start] GC(551) Summary Phase
[188.132s][info][gc,phases      ] GC(551) Summary Phase 0.028ms
[188.132s][info][gc,phases,start] GC(551) Forward
[188.270s][info][gc,phases      ] GC(551) Forward 137.995ms
[188.270s][info][gc,phases,start] GC(551) Adjust Pointers
[188.687s][info][gc,phases      ] GC(551) Adjust Pointers 416.783ms
[188.687s][info][gc,phases,start] GC(551) Compaction Phase
[188.879s][info][gc,phases      ] GC(551) Compaction Phase 192.310ms
[188.896s][info][gc,phases,start] GC(551) Post Compact
[188.899s][info][gc,phases      ] GC(551) Post Compact 2.360ms
[188.899s][info][gc,heap        ] GC(551) PSYoungGen: 111616K(222720K)->43469K(222720K) Eden: 111616K(111616K)->43469K(111616K) From: 0K(111104K)->0K(111104K)
[188.899s][info][gc,heap        ] GC(551) ParOldGen: 667555K(667648K)->667505K(667648K)
[188.899s][info][gc,metaspace   ] GC(551) Metaspace: 18308K(18432K)->18308K(18432K) NonClass: 16480K(16576K)->16480K(16576K) Class: 1828K(1856K)->1828K(1856K)
[188.899s][info][gc             ] GC(551) Pause Full (Allocation Failure) 760M->694M(869M) 1311.678ms
[188.899s][info][gc,cpu         ] GC(551) User=2.56s Sys=0.00s Real=1.31s
[188.990s][info][gc,start       ] GC(552) Pause Full (Allocation Failure)
[188.990s][info][gc,phases,start] GC(552) Marking Phase
[189.546s][info][gc,phases      ] GC(552) Marking Phase 556.216ms
[189.546s][info][gc,phases,start] GC(552) Summary Phase
[189.546s][info][gc,phases      ] GC(552) Summary Phase 0.028ms
[189.546s][info][gc,phases,start] GC(552) Forward
[189.564s][info][gc,phases      ] GC(552) Forward 18.205ms
[189.564s][info][gc,phases,start] GC(552) Adjust Pointers
[189.940s][info][gc,phases      ] GC(552) Adjust Pointers 375.603ms
[189.940s][info][gc,phases,start] GC(552) Compaction Phase
[190.093s][info][gc,phases      ] GC(552) Compaction Phase 153.174ms
[190.093s][info][gc,phases,start] GC(552) Post Compact
[190.096s][info][gc,phases      ] GC(552) Post Compact 2.278ms
[190.096s][info][gc,heap        ] GC(552) PSYoungGen: 111616K(222720K)->55479K(222720K) Eden: 111616K(111616K)->55479K(111616K) From: 0K(111104K)->0K(111104K)
[190.096s][info][gc,heap        ] GC(552) ParOldGen: 667505K(667648K)->667505K(667648K)
[190.096s][info][gc,metaspace   ] GC(552) Metaspace: 18308K(18432K)->18308K(18432K) NonClass: 16480K(16576K)->16480K(16576K) Class: 1828K(1856K)->1828K(1856K)
[190.096s][info][gc             ] GC(552) Pause Full (Allocation Failure) 760M->706M(869M) 1105.968ms
[190.096s][info][gc,cpu         ] GC(552) User=2.16s Sys=0.00s Real=1.11s
[190.164s][info][gc,start       ] GC(553) Pause Full (Allocation Failure)
[190.164s][info][gc,phases,start] GC(553) Marking Phase
[190.733s][info][gc,phases      ] GC(553) Marking Phase 568.828ms
[190.733s][info][gc,phases,start] GC(553) Summary Phase
[190.733s][info][gc,phases      ] GC(553) Summary Phase 0.026ms
[190.733s][info][gc,phases,start] GC(553) Forward
[190.757s][info][gc,phases      ] GC(553) Forward 24.178ms
[190.757s][info][gc,phases,start] GC(553) Adjust Pointers
[191.137s][info][gc,phases      ] GC(553) Adjust Pointers 379.673ms
[191.137s][info][gc,phases,start] GC(553) Compaction Phase
[191.289s][info][gc,phases      ] GC(553) Compaction Phase 152.135ms
[191.289s][info][gc,phases,start] GC(553) Post Compact
[191.291s][info][gc,phases      ] GC(553) Post Compact 2.308ms
[191.291s][info][gc,heap        ] GC(553) PSYoungGen: 111616K(222720K)->65236K(222720K) Eden: 111616K(111616K)->65236K(111616K) From: 0K(111104K)->0K(111104K)
[191.291s][info][gc,heap        ] GC(553) ParOldGen: 667505K(667648K)->667505K(667648K)
[191.291s][info][gc,metaspace   ] GC(553) Metaspace: 18308K(18432K)->18308K(18432K) NonClass: 16480K(16576K)->16480K(16576K) Class: 1828K(1856K)->1828K(1856K)
[191.291s][info][gc             ] GC(553) Pause Full (Allocation Failure) 760M->715M(869M) 1127.609ms
[191.291s][info][gc,cpu         ] GC(553) User=2.20s Sys=0.00s Real=1.13s
[191.347s][info][gc,start       ] GC(554) Pause Full (Allocation Failure)
[191.347s][info][gc,phases,start] GC(554) Marking Phase
[191.914s][info][gc,phases      ] GC(554) Marking Phase 566.900ms
[191.914s][info][gc,phases,start] GC(554) Summary Phase
[191.914s][info][gc,phases      ] GC(554) Summary Phase 0.026ms
[191.914s][info][gc,phases,start] GC(554) Forward
[191.938s][info][gc,phases      ] GC(554) Forward 23.897ms
[191.938s][info][gc,phases,start] GC(554) Adjust Pointers
[192.320s][info][gc,phases      ] GC(554) Adjust Pointers 381.952ms
[192.320s][info][gc,phases,start] GC(554) Compaction Phase
[192.474s][info][gc,phases      ] GC(554) Compaction Phase 153.881ms
[192.474s][info][gc,phases,start] GC(554) Post Compact
[192.477s][info][gc,phases      ] GC(554) Post Compact 2.282ms
[192.477s][info][gc,heap        ] GC(554) PSYoungGen: 111616K(222720K)->69366K(222720K) Eden: 111616K(111616K)->69366K(111616K) From: 0K(111104K)->0K(111104K)
[192.477s][info][gc,heap        ] GC(554) ParOldGen: 667505K(667648K)->667505K(667648K)
[192.477s][info][gc,metaspace   ] GC(554) Metaspace: 18312K(18432K)->18312K(18432K) NonClass: 16483K(16576K)->16483K(16576K) Class: 1828K(1856K)->1828K(1856K)
[192.477s][info][gc             ] GC(554) Pause Full (Allocation Failure) 760M->719M(869M) 1129.446ms
[192.477s][info][gc,cpu         ] GC(554) User=2.20s Sys=0.00s Real=1.13s
[192.532s][info][gc,start       ] GC(555) Pause Full (Allocation Failure)
[192.532s][info][gc,phases,start] GC(555) Marking Phase
[193.112s][info][gc,phases      ] GC(555) Marking Phase 579.435ms
[193.112s][info][gc,phases,start] GC(555) Summary Phase
[193.112s][info][gc,phases      ] GC(555) Summary Phase 0.024ms
[193.112s][info][gc,phases,start] GC(555) Forward
[193.136s][info][gc,phases      ] GC(555) Forward 24.301ms
[193.136s][info][gc,phases,start] GC(555) Adjust Pointers
[193.520s][info][gc,phases      ] GC(555) Adjust Pointers 383.614ms
[193.520s][info][gc,phases,start] GC(555) Compaction Phase
[193.675s][info][gc,phases      ] GC(555) Compaction Phase 155.105ms
[193.675s][info][gc,phases,start] GC(555) Post Compact
[193.677s][info][gc,phases      ] GC(555) Post Compact 2.278ms
[193.678s][info][gc,heap        ] GC(555) PSYoungGen: 111616K(222720K)->77239K(222720K) Eden: 111616K(111616K)->77239K(111616K) From: 0K(111104K)->0K(111104K)
[193.678s][info][gc,heap        ] GC(555) ParOldGen: 667505K(667648K)->667505K(667648K)
[193.678s][info][gc,metaspace   ] GC(555) Metaspace: 18312K(18432K)->18312K(18432K) NonClass: 16483K(16576K)->16483K(16576K) Class: 1828K(1856K)->1828K(1856K)
[193.678s][info][gc             ] GC(555) Pause Full (Allocation Failure) 760M->727M(869M) 1145.202ms
[193.678s][info][gc,cpu         ] GC(555) User=2.24s Sys=0.00s Real=1.15s
[193.716s][info][gc,start       ] GC(556) Pause Full (Allocation Failure)
[193.716s][info][gc,phases,start] GC(556) Marking Phase
[194.300s][info][gc,phases      ] GC(556) Marking Phase 584.143ms
[194.300s][info][gc,phases,start] GC(556) Summary Phase
[194.300s][info][gc,phases      ] GC(556) Summary Phase 0.025ms
[194.300s][info][gc,phases,start] GC(556) Forward
[194.325s][info][gc,phases      ] GC(556) Forward 24.425ms
[194.325s][info][gc,phases,start] GC(556) Adjust Pointers
[194.711s][info][gc,phases      ] GC(556) Adjust Pointers 386.043ms
[194.711s][info][gc,phases,start] GC(556) Compaction Phase
[194.868s][info][gc,phases      ] GC(556) Compaction Phase 156.640ms
[194.868s][info][gc,phases,start] GC(556) Post Compact
[194.870s][info][gc,phases      ] GC(556) Post Compact 2.304ms
[194.870s][info][gc,heap        ] GC(556) PSYoungGen: 111616K(222720K)->80082K(222720K) Eden: 111616K(111616K)->80082K(111616K) From: 0K(111104K)->0K(111104K)
[194.870s][info][gc,heap        ] GC(556) ParOldGen: 667505K(667648K)->667505K(667648K)
[194.870s][info][gc,metaspace   ] GC(556) Metaspace: 18313K(18432K)->18313K(18432K) NonClass: 16485K(16576K)->16485K(16576K) Class: 1828K(1856K)->1828K(1856K)
[194.870s][info][gc             ] GC(556) Pause Full (Allocation Failure) 760M->730M(869M) 1154.083ms
[194.870s][info][gc,cpu         ] GC(556) User=2.25s Sys=0.00s Real=1.15s
[194.892s][info][gc,start       ] GC(557) Pause Full (Allocation Failure)
[194.893s][info][gc,phases,start] GC(557) Marking Phase
[195.475s][info][gc,phases      ] GC(557) Marking Phase 582.200ms
[195.475s][info][gc,phases,start] GC(557) Summary Phase
[195.475s][info][gc,phases      ] GC(557) Summary Phase 0.027ms
[195.475s][info][gc,phases,start] GC(557) Forward
[195.499s][info][gc,phases      ] GC(557) Forward 24.272ms
[195.499s][info][gc,phases,start] GC(557) Adjust Pointers
[195.885s][info][gc,phases      ] GC(557) Adjust Pointers 385.975ms
[195.885s][info][gc,phases,start] GC(557) Compaction Phase
[196.040s][info][gc,phases      ] GC(557) Compaction Phase 155.074ms
[196.040s][info][gc,phases,start] GC(557) Post Compact
[196.043s][info][gc,phases      ] GC(557) Post Compact 2.318ms
[196.043s][info][gc,heap        ] GC(557) PSYoungGen: 111616K(222720K)->81137K(222720K) Eden: 111616K(111616K)->81137K(111616K) From: 0K(111104K)->0K(111104K)
[196.043s][info][gc,heap        ] GC(557) ParOldGen: 667505K(667648K)->667505K(667648K)
[196.043s][info][gc,metaspace   ] GC(557) Metaspace: 18313K(18432K)->18313K(18432K) NonClass: 16485K(16576K)->16485K(16576K) Class: 1828K(1856K)->1828K(1856K)
[196.043s][info][gc             ] GC(557) Pause Full (Allocation Failure) 760M->731M(869M) 1150.315ms
[196.043s][info][gc,cpu         ] GC(557) User=2.25s Sys=0.00s Real=1.15s
[196.064s][info][gc,start       ] GC(558) Pause Full (Allocation Failure)
[196.064s][info][gc,phases,start] GC(558) Marking Phase
[196.647s][info][gc,phases      ] GC(558) Marking Phase 582.396ms
[196.647s][info][gc,phases,start] GC(558) Summary Phase
[196.647s][info][gc,phases      ] GC(558) Summary Phase 0.024ms
[196.647s][info][gc,phases,start] GC(558) Forward
[196.671s][info][gc,phases      ] GC(558) Forward 24.197ms
[196.671s][info][gc,phases,start] GC(558) Adjust Pointers
[197.055s][info][gc,phases      ] GC(558) Adjust Pointers 383.763ms
[197.055s][info][gc,phases,start] GC(558) Compaction Phase
[197.211s][info][gc,phases      ] GC(558) Compaction Phase 155.635ms
[197.211s][info][gc,phases,start] GC(558) Post Compact
[197.213s][info][gc,phases      ] GC(558) Post Compact 2.353ms
[197.213s][info][gc,heap        ] GC(558) PSYoungGen: 111616K(222720K)->81247K(222720K) Eden: 111616K(111616K)->81247K(111616K) From: 0K(111104K)->0K(111104K)
[197.213s][info][gc,heap        ] GC(558) ParOldGen: 667505K(667648K)->667505K(667648K)
[197.213s][info][gc,metaspace   ] GC(558) Metaspace: 18313K(18432K)->18313K(18432K) NonClass: 16485K(16576K)->16485K(16576K) Class: 1828K(1856K)->1828K(1856K)
[197.213s][info][gc             ] GC(558) Pause Full (Allocation Failure) 760M->731M(869M) 1148.793ms
[197.213s][info][gc,cpu         ] GC(558) User=2.24s Sys=0.00s Real=1.15s
[197.244s][info][gc,start       ] GC(559) Pause Full (Allocation Failure)
[197.244s][info][gc,phases,start] GC(559) Marking Phase
[197.826s][info][gc,phases      ] GC(559) Marking Phase 581.936ms
[197.826s][info][gc,phases,start] GC(559) Summary Phase
[197.826s][info][gc,phases      ] GC(559) Summary Phase 0.025ms
[197.826s][info][gc,phases,start] GC(559) Forward
[197.850s][info][gc,phases      ] GC(559) Forward 24.159ms
[197.850s][info][gc,phases,start] GC(559) Adjust Pointers
[198.235s][info][gc,phases      ] GC(559) Adjust Pointers 384.720ms
[198.235s][info][gc,phases,start] GC(559) Compaction Phase
[198.390s][info][gc,phases      ] GC(559) Compaction Phase 154.984ms
[198.390s][info][gc,phases,start] GC(559) Post Compact
[198.393s][info][gc,phases      ] GC(559) Post Compact 2.278ms
[198.393s][info][gc,heap        ] GC(559) PSYoungGen: 111616K(222720K)->81777K(222720K) Eden: 111616K(111616K)->81777K(111616K) From: 0K(111104K)->0K(111104K)
[198.393s][info][gc,heap        ] GC(559) ParOldGen: 667505K(667648K)->667505K(667648K)
[198.393s][info][gc,metaspace   ] GC(559) Metaspace: 18316K(18496K)->18316K(18496K) NonClass: 16488K(16640K)->16488K(16640K) Class: 1828K(1856K)->1828K(1856K)
[198.393s][info][gc             ] GC(559) Pause Full (Allocation Failure) 760M->731M(869M) 1148.588ms
[198.393s][info][gc,cpu         ] GC(559) User=2.25s Sys=0.00s Real=1.15s
[198.433s][info][gc,start       ] GC(560) Pause Full (Allocation Failure)
[198.433s][info][gc,phases,start] GC(560) Marking Phase
[199.023s][info][gc,phases      ] GC(560) Marking Phase 590.592ms
[199.023s][info][gc,phases,start] GC(560) Summary Phase
[199.023s][info][gc,phases      ] GC(560) Summary Phase 0.024ms
[199.023s][info][gc,phases,start] GC(560) Forward
[199.048s][info][gc,phases      ] GC(560) Forward 24.308ms
[199.048s][info][gc,phases,start] GC(560) Adjust Pointers
[199.435s][info][gc,phases      ] GC(560) Adjust Pointers 387.589ms
[199.435s][info][gc,phases,start] GC(560) Compaction Phase
[199.590s][info][gc,phases      ] GC(560) Compaction Phase 154.970ms
[199.590s][info][gc,phases,start] GC(560) Post Compact
[199.593s][info][gc,phases      ] GC(560) Post Compact 2.325ms
[199.593s][info][gc,heap        ] GC(560) PSYoungGen: 111616K(222720K)->83636K(222720K) Eden: 111616K(111616K)->83636K(111616K) From: 0K(111104K)->0K(111104K)
[199.593s][info][gc,heap        ] GC(560) ParOldGen: 667505K(667648K)->667505K(667648K)
[199.593s][info][gc,metaspace   ] GC(560) Metaspace: 18316K(18496K)->18316K(18496K) NonClass: 16488K(16640K)->16488K(16640K) Class: 1828K(1856K)->1828K(1856K)
[199.593s][info][gc             ] GC(560) Pause Full (Allocation Failure) 760M->733M(869M) 1160.245ms
[199.593s][info][gc,cpu         ] GC(560) User=2.27s Sys=0.00s Real=1.16s
[199.625s][info][gc,start       ] GC(561) Pause Full (Allocation Failure)
[199.626s][info][gc,phases,start] GC(561) Marking Phase
[200.209s][info][gc,phases      ] GC(561) Marking Phase 583.764ms
[200.209s][info][gc,phases,start] GC(561) Summary Phase
[200.209s][info][gc,phases      ] GC(561) Summary Phase 0.025ms
[200.209s][info][gc,phases,start] GC(561) Forward
[200.234s][info][gc,phases      ] GC(561) Forward 24.380ms
[200.234s][info][gc,phases,start] GC(561) Adjust Pointers
[200.626s][info][gc,phases      ] GC(561) Adjust Pointers 392.432ms
[200.626s][info][gc,phases,start] GC(561) Compaction Phase
[200.782s][info][gc,phases      ] GC(561) Compaction Phase 155.298ms
[200.782s][info][gc,phases,start] GC(561) Post Compact
[200.784s][info][gc,phases      ] GC(561) Post Compact 2.240ms
[200.784s][info][gc,heap        ] GC(561) PSYoungGen: 111616K(222720K)->83695K(222720K) Eden: 111616K(111616K)->83695K(111616K) From: 0K(111104K)->0K(111104K)
[200.784s][info][gc,heap        ] GC(561) ParOldGen: 667505K(667648K)->667505K(667648K)
[200.784s][info][gc,metaspace   ] GC(561) Metaspace: 18316K(18496K)->18316K(18496K) NonClass: 16488K(16640K)->16488K(16640K) Class: 1828K(1856K)->1828K(1856K)
[200.784s][info][gc             ] GC(561) Pause Full (Allocation Failure) 760M->733M(869M) 1158.619ms
[200.784s][info][gc,cpu         ] GC(561) User=2.26s Sys=0.00s Real=1.15s
[200.819s][info][gc,start       ] GC(562) Pause Full (Allocation Failure)
[200.819s][info][gc,phases,start] GC(562) Marking Phase
[201.406s][info][gc,phases      ] GC(562) Marking Phase 586.716ms
[201.406s][info][gc,phases,start] GC(562) Summary Phase
[201.406s][info][gc,phases      ] GC(562) Summary Phase 0.025ms
[201.406s][info][gc,phases,start] GC(562) Forward
[201.430s][info][gc,phases      ] GC(562) Forward 24.101ms
[201.430s][info][gc,phases,start] GC(562) Adjust Pointers
[201.817s][info][gc,phases      ] GC(562) Adjust Pointers 386.700ms
[201.817s][info][gc,phases,start] GC(562) Compaction Phase
[201.972s][info][gc,phases      ] GC(562) Compaction Phase 155.066ms
[201.972s][info][gc,phases,start] GC(562) Post Compact
[201.974s][info][gc,phases      ] GC(562) Post Compact 2.259ms
[201.974s][info][gc,heap        ] GC(562) PSYoungGen: 111616K(222720K)->83695K(222720K) Eden: 111616K(111616K)->83695K(111616K) From: 0K(111104K)->0K(111104K)
[201.974s][info][gc,heap        ] GC(562) ParOldGen: 667505K(667648K)->667505K(667648K)
[201.974s][info][gc,metaspace   ] GC(562) Metaspace: 18316K(18496K)->18316K(18496K) NonClass: 16488K(16640K)->16488K(16640K) Class: 1828K(1856K)->1828K(1856K)
[201.975s][info][gc             ] GC(562) Pause Full (Allocation Failure) 760M->733M(869M) 1155.309ms
[201.975s][info][gc,cpu         ] GC(562) User=2.26s Sys=0.00s Real=1.15s
[202.010s][info][gc,start       ] GC(563) Pause Full (Allocation Failure)
[202.010s][info][gc,phases,start] GC(563) Marking Phase
[202.597s][info][gc,phases      ] GC(563) Marking Phase 586.836ms
[202.597s][info][gc,phases,start] GC(563) Summary Phase
[202.597s][info][gc,phases      ] GC(563) Summary Phase 0.025ms
[202.597s][info][gc,phases,start] GC(563) Forward
[202.621s][info][gc,phases      ] GC(563) Forward 24.081ms
[202.621s][info][gc,phases,start] GC(563) Adjust Pointers
[203.007s][info][gc,phases      ] GC(563) Adjust Pointers 386.121ms
[203.007s][info][gc,phases,start] GC(563) Compaction Phase
[203.163s][info][gc,phases      ] GC(563) Compaction Phase 155.902ms
[203.163s][info][gc,phases,start] GC(563) Post Compact
[203.165s][info][gc,phases      ] GC(563) Post Compact 2.273ms
[203.165s][info][gc,heap        ] GC(563) PSYoungGen: 111616K(222720K)->84039K(222720K) Eden: 111616K(111616K)->84039K(111616K) From: 0K(111104K)->0K(111104K)
[203.165s][info][gc,heap        ] GC(563) ParOldGen: 667505K(667648K)->667505K(667648K)
[203.165s][info][gc,metaspace   ] GC(563) Metaspace: 18316K(18496K)->18316K(18496K) NonClass: 16488K(16640K)->16488K(16640K) Class: 1828K(1856K)->1828K(1856K)
[203.165s][info][gc             ] GC(563) Pause Full (Allocation Failure) 760M->733M(869M) 1155.675ms
[203.165s][info][gc,cpu         ] GC(563) User=2.26s Sys=0.00s Real=1.16s
[203.196s][info][gc,start       ] GC(564) Pause Full (Allocation Failure)
[203.196s][info][gc,phases,start] GC(564) Marking Phase
[203.782s][info][gc,phases      ] GC(564) Marking Phase 586.070ms
[203.782s][info][gc,phases,start] GC(564) Summary Phase
[203.782s][info][gc,phases      ] GC(564) Summary Phase 0.026ms
[203.782s][info][gc,phases,start] GC(564) Forward
[203.806s][info][gc,phases      ] GC(564) Forward 24.107ms
[203.806s][info][gc,phases,start] GC(564) Adjust Pointers
[204.193s][info][gc,phases      ] GC(564) Adjust Pointers 387.038ms
[204.193s][info][gc,phases,start] GC(564) Compaction Phase
[204.348s][info][gc,phases      ] GC(564) Compaction Phase 154.741ms
[204.348s][info][gc,phases,start] GC(564) Post Compact
[204.350s][info][gc,phases      ] GC(564) Post Compact 2.293ms
[204.350s][info][gc,heap        ] GC(564) PSYoungGen: 111616K(222720K)->84044K(222720K) Eden: 111616K(111616K)->84044K(111616K) From: 0K(111104K)->0K(111104K)
[204.350s][info][gc,heap        ] GC(564) ParOldGen: 667505K(667648K)->667505K(667648K)
[204.350s][info][gc,metaspace   ] GC(564) Metaspace: 18316K(18496K)->18316K(18496K) NonClass: 16488K(16640K)->16488K(16640K) Class: 1828K(1856K)->1828K(1856K)
[204.350s][info][gc             ] GC(564) Pause Full (Allocation Failure) 760M->733M(869M) 1154.770ms
[204.350s][info][gc,cpu         ] GC(564) User=2.25s Sys=0.00s Real=1.15s
[204.392s][info][gc,start       ] GC(565) Pause Full (Allocation Failure)
[204.392s][info][gc,phases,start] GC(565) Marking Phase
[204.981s][info][gc,phases      ] GC(565) Marking Phase 589.160ms
[204.981s][info][gc,phases,start] GC(565) Summary Phase
[204.981s][info][gc,phases      ] GC(565) Summary Phase 0.025ms
[204.981s][info][gc,phases,start] GC(565) Forward
[205.005s][info][gc,phases      ] GC(565) Forward 24.221ms
[205.005s][info][gc,phases,start] GC(565) Adjust Pointers
[205.394s][info][gc,phases      ] GC(565) Adjust Pointers 389.215ms
[205.394s][info][gc,phases,start] GC(565) Compaction Phase
[205.551s][info][gc,phases      ] GC(565) Compaction Phase 156.638ms
[205.551s][info][gc,phases,start] GC(565) Post Compact
[205.554s][info][gc,phases      ] GC(565) Post Compact 2.297ms
[205.554s][info][gc,heap        ] GC(565) PSYoungGen: 111616K(222720K)->86547K(222720K) Eden: 111616K(111616K)->86547K(111616K) From: 0K(111104K)->0K(111104K)
[205.554s][info][gc,heap        ] GC(565) ParOldGen: 667505K(667648K)->667505K(667648K)
[205.554s][info][gc,metaspace   ] GC(565) Metaspace: 18318K(18496K)->18318K(18496K) NonClass: 16490K(16640K)->16490K(16640K) Class: 1828K(1856K)->1828K(1856K)
[205.554s][info][gc             ] GC(565) Pause Full (Allocation Failure) 760M->736M(869M) 1162.052ms
[205.554s][info][gc,cpu         ] GC(565) User=2.27s Sys=0.00s Real=1.16s
[205.596s][info][gc,start       ] GC(566) Pause Full (Allocation Failure)
[205.596s][info][gc,phases,start] GC(566) Marking Phase
[206.180s][info][gc,phases      ] GC(566) Marking Phase 584.578ms
[206.180s][info][gc,phases,start] GC(566) Summary Phase
[206.180s][info][gc,phases      ] GC(566) Summary Phase 0.027ms
[206.180s][info][gc,phases,start] GC(566) Forward
[206.204s][info][gc,phases      ] GC(566) Forward 23.991ms
[206.204s][info][gc,phases,start] GC(566) Adjust Pointers
[206.588s][info][gc,phases      ] GC(566) Adjust Pointers 383.682ms
[206.588s][info][gc,phases,start] GC(566) Compaction Phase
[206.742s][info][gc,phases      ] GC(566) Compaction Phase 153.766ms
[206.742s][info][gc,phases,start] GC(566) Post Compact
[206.744s][info][gc,phases      ] GC(566) Post Compact 2.270ms
[206.744s][info][gc,heap        ] GC(566) PSYoungGen: 111616K(222720K)->86838K(222720K) Eden: 111616K(111616K)->86838K(111616K) From: 0K(111104K)->0K(111104K)
[206.744s][info][gc,heap        ] GC(566) ParOldGen: 667505K(667648K)->667505K(667648K)
[206.744s][info][gc,metaspace   ] GC(566) Metaspace: 18318K(18496K)->18318K(18496K) NonClass: 16490K(16640K)->16490K(16640K) Class: 1828K(1856K)->1828K(1856K)
[206.744s][info][gc             ] GC(566) Pause Full (Allocation Failure) 760M->736M(869M) 1148.777ms
[206.744s][info][gc,cpu         ] GC(566) User=2.25s Sys=0.00s Real=1.14s
[206.765s][info][gc,start       ] GC(567) Pause Full (Allocation Failure)
[206.765s][info][gc,phases,start] GC(567) Marking Phase
[207.355s][info][gc,phases      ] GC(567) Marking Phase 590.339ms
[207.355s][info][gc,phases,start] GC(567) Summary Phase
[207.355s][info][gc,phases      ] GC(567) Summary Phase 0.024ms
[207.355s][info][gc,phases,start] GC(567) Forward
[207.380s][info][gc,phases      ] GC(567) Forward 24.456ms
[207.380s][info][gc,phases,start] GC(567) Adjust Pointers
[207.769s][info][gc,phases      ] GC(567) Adjust Pointers 388.743ms
[207.769s][info][gc,phases,start] GC(567) Compaction Phase
[207.924s][info][gc,phases      ] GC(567) Compaction Phase 155.497ms
[207.924s][info][gc,phases,start] GC(567) Post Compact
[207.927s][info][gc,phases      ] GC(567) Post Compact 2.265ms
[207.927s][info][gc,heap        ] GC(567) PSYoungGen: 111616K(222720K)->86836K(222720K) Eden: 111616K(111616K)->86836K(111616K) From: 0K(111104K)->0K(111104K)
[207.927s][info][gc,heap        ] GC(567) ParOldGen: 667505K(667648K)->667505K(667648K)
[207.927s][info][gc,metaspace   ] GC(567) Metaspace: 18318K(18496K)->18318K(18496K) NonClass: 16490K(16640K)->16490K(16640K) Class: 1828K(1856K)->1828K(1856K)
[207.927s][info][gc             ] GC(567) Pause Full (Allocation Failure) 760M->736M(869M) 1161.798ms
[207.927s][info][gc,cpu         ] GC(567) User=2.27s Sys=0.00s Real=1.16s
[207.948s][info][gc,start       ] GC(568) Pause Full (Allocation Failure)
[207.948s][info][gc,phases,start] GC(568) Marking Phase
[208.537s][info][gc,phases      ] GC(568) Marking Phase 589.196ms
[208.537s][info][gc,phases,start] GC(568) Summary Phase
[208.537s][info][gc,phases      ] GC(568) Summary Phase 0.025ms
[208.537s][info][gc,phases,start] GC(568) Forward
[208.561s][info][gc,phases      ] GC(568) Forward 24.317ms
[208.562s][info][gc,phases,start] GC(568) Adjust Pointers
[208.951s][info][gc,phases      ] GC(568) Adjust Pointers 389.032ms
[208.951s][info][gc,phases,start] GC(568) Compaction Phase
[209.107s][info][gc,phases      ] GC(568) Compaction Phase 156.115ms
[209.107s][info][gc,phases,start] GC(568) Post Compact
[209.109s][info][gc,phases      ] GC(568) Post Compact 2.321ms
[209.109s][info][gc,heap        ] GC(568) PSYoungGen: 111616K(222720K)->86836K(222720K) Eden: 111616K(111616K)->86836K(111616K) From: 0K(111104K)->0K(111104K)
[209.109s][info][gc,heap        ] GC(568) ParOldGen: 667505K(667648K)->667505K(667648K)
[209.109s][info][gc,metaspace   ] GC(568) Metaspace: 18318K(18496K)->18318K(18496K) NonClass: 16490K(16640K)->16490K(16640K) Class: 1828K(1856K)->1828K(1856K)
[209.109s][info][gc             ] GC(568) Pause Full (Allocation Failure) 760M->736M(869M) 1161.481ms
[209.109s][info][gc,cpu         ] GC(568) User=2.27s Sys=0.00s Real=1.16s
[209.139s][info][gc,start       ] GC(569) Pause Full (Allocation Failure)
[209.139s][info][gc,phases,start] GC(569) Marking Phase
[209.729s][info][gc,phases      ] GC(569) Marking Phase 589.809ms
[209.729s][info][gc,phases,start] GC(569) Summary Phase
[209.729s][info][gc,phases      ] GC(569) Summary Phase 0.024ms
[209.729s][info][gc,phases,start] GC(569) Forward
[209.753s][info][gc,phases      ] GC(569) Forward 24.317ms
[209.753s][info][gc,phases,start] GC(569) Adjust Pointers
[210.142s][info][gc,phases      ] GC(569) Adjust Pointers 388.414ms
[210.142s][info][gc,phases,start] GC(569) Compaction Phase
[210.298s][info][gc,phases      ] GC(569) Compaction Phase 155.971ms
[210.298s][info][gc,phases,start] GC(569) Post Compact
[210.300s][info][gc,phases      ] GC(569) Post Compact 2.343ms
[210.300s][info][gc,heap        ] GC(569) PSYoungGen: 111616K(222720K)->86914K(222720K) Eden: 111616K(111616K)->86914K(111616K) From: 0K(111104K)->0K(111104K)
[210.300s][info][gc,heap        ] GC(569) ParOldGen: 667505K(667648K)->667505K(667648K)
[210.300s][info][gc,metaspace   ] GC(569) Metaspace: 18321K(18496K)->18321K(18496K) NonClass: 16493K(16640K)->16493K(16640K) Class: 1828K(1856K)->1828K(1856K)
[210.300s][info][gc             ] GC(569) Pause Full (Allocation Failure) 760M->736M(869M) 1161.318ms
[210.300s][info][gc,cpu         ] GC(569) User=2.28s Sys=0.01s Real=1.16s
[210.326s][info][gc,start       ] GC(570) Pause Full (Allocation Failure)
[210.326s][info][gc,phases,start] GC(570) Marking Phase
[210.913s][info][gc,phases      ] GC(570) Marking Phase 587.261ms
[210.913s][info][gc,phases,start] GC(570) Summary Phase
[210.913s][info][gc,phases      ] GC(570) Summary Phase 0.028ms
[210.913s][info][gc,phases,start] GC(570) Forward
[211.056s][info][gc,phases      ] GC(570) Forward 142.720ms
[211.056s][info][gc,phases,start] GC(570) Adjust Pointers
[211.497s][info][gc,phases      ] GC(570) Adjust Pointers 440.646ms
[211.497s][info][gc,phases,start] GC(570) Compaction Phase
[211.683s][info][gc,phases      ] GC(570) Compaction Phase 186.440ms
[211.700s][info][gc,phases,start] GC(570) Post Compact
[211.703s][info][gc,phases      ] GC(570) Post Compact 2.319ms
[211.703s][info][gc,heap        ] GC(570) PSYoungGen: 111616K(222720K)->87038K(222720K) Eden: 111616K(111616K)->87038K(111616K) From: 0K(111104K)->0K(111104K)
[211.703s][info][gc,heap        ] GC(570) ParOldGen: 667505K(667648K)->667504K(667648K)
[211.703s][info][gc,metaspace   ] GC(570) Metaspace: 18321K(18496K)->18321K(18496K) NonClass: 16493K(16640K)->16493K(16640K) Class: 1828K(1856K)->1828K(1856K)
[211.703s][info][gc             ] GC(570) Pause Full (Allocation Failure) 760M->736M(869M) 1376.775ms
[211.703s][info][gc,cpu         ] GC(570) User=2.69s Sys=0.00s Real=1.37s
[211.717s][info][gc,start       ] GC(571) Pause Full (Allocation Failure)
[211.717s][info][gc,phases,start] GC(571) Marking Phase
[212.298s][info][gc,phases      ] GC(571) Marking Phase 580.881ms
[212.298s][info][gc,phases,start] GC(571) Summary Phase
[212.298s][info][gc,phases      ] GC(571) Summary Phase 0.023ms
[212.298s][info][gc,phases,start] GC(571) Forward
[212.322s][info][gc,phases      ] GC(571) Forward 23.992ms
[212.322s][info][gc,phases,start] GC(571) Adjust Pointers
[212.709s][info][gc,phases      ] GC(571) Adjust Pointers 386.954ms
[212.709s][info][gc,phases,start] GC(571) Compaction Phase
[212.865s][info][gc,phases      ] GC(571) Compaction Phase 156.042ms
[212.865s][info][gc,phases,start] GC(571) Post Compact
[212.867s][info][gc,phases      ] GC(571) Post Compact 2.331ms
[212.867s][info][gc,heap        ] GC(571) PSYoungGen: 111616K(222720K)->87267K(222720K) Eden: 111616K(111616K)->87267K(111616K) From: 0K(111104K)->0K(111104K)
[212.867s][info][gc,heap        ] GC(571) ParOldGen: 667504K(667648K)->667504K(667648K)
[212.867s][info][gc,metaspace   ] GC(571) Metaspace: 18321K(18496K)->18321K(18496K) NonClass: 16493K(16640K)->16493K(16640K) Class: 1828K(1856K)->1828K(1856K)
[212.867s][info][gc             ] GC(571) Pause Full (Allocation Failure) 760M->737M(869M) 1150.722ms
[212.867s][info][gc,cpu         ] GC(571) User=2.25s Sys=0.00s Real=1.15s
[212.881s][info][gc,start       ] GC(572) Pause Full (Allocation Failure)
[212.881s][info][gc,phases,start] GC(572) Marking Phase
[213.468s][info][gc,phases      ] GC(572) Marking Phase 586.341ms
[213.468s][info][gc,phases,start] GC(572) Summary Phase
[213.468s][info][gc,phases      ] GC(572) Summary Phase 0.024ms
[213.468s][info][gc,phases,start] GC(572) Forward
[213.492s][info][gc,phases      ] GC(572) Forward 24.189ms
[213.492s][info][gc,phases,start] GC(572) Adjust Pointers
[213.881s][info][gc,phases      ] GC(572) Adjust Pointers 389.061ms
[213.881s][info][gc,phases,start] GC(572) Compaction Phase
[214.037s][info][gc,phases      ] GC(572) Compaction Phase 155.575ms
[214.037s][info][gc,phases,start] GC(572) Post Compact
[214.039s][info][gc,phases      ] GC(572) Post Compact 2.305ms
[214.039s][info][gc,heap        ] GC(572) PSYoungGen: 111616K(222720K)->87419K(222720K) Eden: 111616K(111616K)->87419K(111616K) From: 0K(111104K)->0K(111104K)
[214.039s][info][gc,heap        ] GC(572) ParOldGen: 667504K(667648K)->667504K(667648K)
[214.039s][info][gc,metaspace   ] GC(572) Metaspace: 18321K(18496K)->18321K(18496K) NonClass: 16493K(16640K)->16493K(16640K) Class: 1828K(1856K)->1828K(1856K)
[214.039s][info][gc             ] GC(572) Pause Full (Allocation Failure) 760M->737M(869M) 1157.916ms
[214.039s][info][gc,cpu         ] GC(572) User=2.27s Sys=0.00s Real=1.16s
[214.059s][info][gc,start       ] GC(573) Pause Full (Allocation Failure)
[214.059s][info][gc,phases,start] GC(573) Marking Phase
[214.648s][info][gc,phases      ] GC(573) Marking Phase 588.624ms
[214.648s][info][gc,phases,start] GC(573) Summary Phase
[214.648s][info][gc,phases      ] GC(573) Summary Phase 0.026ms
[214.648s][info][gc,phases,start] GC(573) Forward
[214.675s][info][gc,phases      ] GC(573) Forward 26.810ms
[214.675s][info][gc,phases,start] GC(573) Adjust Pointers
[215.063s][info][gc,phases      ] GC(573) Adjust Pointers 387.865ms
[215.063s][info][gc,phases,start] GC(573) Compaction Phase
[215.222s][info][gc,phases      ] GC(573) Compaction Phase 159.509ms
[215.222s][info][gc,phases,start] GC(573) Post Compact
[215.225s][info][gc,phases      ] GC(573) Post Compact 2.375ms
[215.225s][info][gc,heap        ] GC(573) PSYoungGen: 111616K(222720K)->86915K(222720K) Eden: 111616K(111616K)->86915K(111616K) From: 0K(111104K)->0K(111104K)
[215.225s][info][gc,heap        ] GC(573) ParOldGen: 667504K(667648K)->667504K(667648K)
[215.225s][info][gc,metaspace   ] GC(573) Metaspace: 18321K(18496K)->18321K(18496K) NonClass: 16493K(16640K)->16493K(16640K) Class: 1828K(1856K)->1828K(1856K)
[215.225s][info][gc             ] GC(573) Pause Full (Allocation Failure) 760M->736M(869M) 1165.641ms
[215.225s][info][gc,cpu         ] GC(573) User=2.28s Sys=0.00s Real=1.17s
[215.242s][info][gc,start       ] GC(574) Pause Full (Allocation Failure)
[215.242s][info][gc,phases,start] GC(574) Marking Phase
[215.831s][info][gc,phases      ] GC(574) Marking Phase 588.534ms
[215.831s][info][gc,phases,start] GC(574) Summary Phase
[215.831s][info][gc,phases      ] GC(574) Summary Phase 0.025ms
[215.831s][info][gc,phases,start] GC(574) Forward
[215.855s][info][gc,phases      ] GC(574) Forward 24.275ms
[215.855s][info][gc,phases,start] GC(574) Adjust Pointers
[216.241s][info][gc,phases      ] GC(574) Adjust Pointers 386.324ms
[216.241s][info][gc,phases,start] GC(574) Compaction Phase
[216.397s][info][gc,phases      ] GC(574) Compaction Phase 155.790ms
[216.397s][info][gc,phases,start] GC(574) Post Compact
[216.400s][info][gc,phases      ] GC(574) Post Compact 2.273ms
[216.400s][info][gc,heap        ] GC(574) PSYoungGen: 111616K(222720K)->86915K(222720K) Eden: 111616K(111616K)->86915K(111616K) From: 0K(111104K)->0K(111104K)
[216.400s][info][gc,heap        ] GC(574) ParOldGen: 667504K(667648K)->667504K(667648K)
[216.400s][info][gc,metaspace   ] GC(574) Metaspace: 18321K(18496K)->18321K(18496K) NonClass: 16493K(16640K)->16493K(16640K) Class: 1828K(1856K)->1828K(1856K)
[216.400s][info][gc             ] GC(574) Pause Full (Allocation Failure) 760M->736M(869M) 1157.728ms
[216.400s][info][gc,cpu         ] GC(574) User=2.27s Sys=0.01s Real=1.16s
[216.434s][info][gc,start       ] GC(575) Pause Full (Allocation Failure)
[216.434s][info][gc,phases,start] GC(575) Marking Phase
[217.021s][info][gc,phases      ] GC(575) Marking Phase 587.189ms
[217.021s][info][gc,phases,start] GC(575) Summary Phase
[217.021s][info][gc,phases      ] GC(575) Summary Phase 0.022ms
[217.021s][info][gc,phases,start] GC(575) Forward
[217.045s][info][gc,phases      ] GC(575) Forward 23.853ms
[217.045s][info][gc,phases,start] GC(575) Adjust Pointers
[217.429s][info][gc,phases      ] GC(575) Adjust Pointers 383.787ms
[217.429s][info][gc,phases,start] GC(575) Compaction Phase
[217.582s][info][gc,phases      ] GC(575) Compaction Phase 152.564ms
[217.582s][info][gc,phases,start] GC(575) Post Compact
[217.584s][info][gc,phases      ] GC(575) Post Compact 2.291ms
[217.584s][info][gc,heap        ] GC(575) PSYoungGen: 111616K(222720K)->86918K(222720K) Eden: 111616K(111616K)->86918K(111616K) From: 0K(111104K)->0K(111104K)
[217.584s][info][gc,heap        ] GC(575) ParOldGen: 667504K(667648K)->667504K(667648K)
[217.584s][info][gc,metaspace   ] GC(575) Metaspace: 18321K(18496K)->18321K(18496K) NonClass: 16493K(16640K)->16493K(16640K) Class: 1828K(1856K)->1828K(1856K)
[217.584s][info][gc             ] GC(575) Pause Full (Allocation Failure) 760M->736M(869M) 1150.149ms
[217.584s][info][gc,cpu         ] GC(575) User=2.26s Sys=0.00s Real=1.15s
[217.603s][info][gc,start       ] GC(576) Pause Full (Allocation Failure)
[217.603s][info][gc,phases,start] GC(576) Marking Phase
[218.183s][info][gc,phases      ] GC(576) Marking Phase 580.574ms
[218.184s][info][gc,phases,start] GC(576) Summary Phase
[218.184s][info][gc,phases      ] GC(576) Summary Phase 0.025ms
[218.184s][info][gc,phases,start] GC(576) Forward
[218.208s][info][gc,phases      ] GC(576) Forward 24.456ms
[218.208s][info][gc,phases,start] GC(576) Adjust Pointers
[218.599s][info][gc,phases      ] GC(576) Adjust Pointers 391.407ms
[218.600s][info][gc,phases,start] GC(576) Compaction Phase
[218.756s][info][gc,phases      ] GC(576) Compaction Phase 156.119ms
[218.756s][info][gc,phases,start] GC(576) Post Compact
[218.758s][info][gc,phases      ] GC(576) Post Compact 2.264ms
[218.758s][info][gc,heap        ] GC(576) PSYoungGen: 111616K(222720K)->86918K(222720K) Eden: 111616K(111616K)->86918K(111616K) From: 0K(111104K)->0K(111104K)
[218.758s][info][gc,heap        ] GC(576) ParOldGen: 667504K(667648K)->667504K(667648K)
[218.758s][info][gc,metaspace   ] GC(576) Metaspace: 18321K(18496K)->18321K(18496K) NonClass: 16493K(16640K)->16493K(16640K) Class: 1828K(1856K)->1828K(1856K)
[218.758s][info][gc             ] GC(576) Pause Full (Allocation Failure) 760M->736M(869M) 1155.275ms
[218.758s][info][gc,cpu         ] GC(576) User=2.26s Sys=0.00s Real=1.16s
[218.773s][info][gc,start       ] GC(577) Pause Full (Allocation Failure)
[218.773s][info][gc,phases,start] GC(577) Marking Phase
[219.367s][info][gc,phases      ] GC(577) Marking Phase 594.194ms
[219.367s][info][gc,phases,start] GC(577) Summary Phase
[219.367s][info][gc,phases      ] GC(577) Summary Phase 0.026ms
[219.367s][info][gc,phases,start] GC(577) Forward
[219.392s][info][gc,phases      ] GC(577) Forward 24.539ms
[219.392s][info][gc,phases,start] GC(577) Adjust Pointers
[219.779s][info][gc,phases      ] GC(577) Adjust Pointers 387.337ms
[219.779s][info][gc,phases,start] GC(577) Compaction Phase
[219.935s][info][gc,phases      ] GC(577) Compaction Phase 155.395ms
[219.935s][info][gc,phases,start] GC(577) Post Compact
[219.937s][info][gc,phases      ] GC(577) Post Compact 2.281ms
[219.937s][info][gc,heap        ] GC(577) PSYoungGen: 111616K(222720K)->86919K(222720K) Eden: 111616K(111616K)->86919K(111616K) From: 0K(111104K)->0K(111104K)
[219.937s][info][gc,heap        ] GC(577) ParOldGen: 667504K(667648K)->667504K(667648K)
[219.937s][info][gc,metaspace   ] GC(577) Metaspace: 18321K(18496K)->18321K(18496K) NonClass: 16493K(16640K)->16493K(16640K) Class: 1828K(1856K)->1828K(1856K)
[219.937s][info][gc             ] GC(577) Pause Full (Allocation Failure) 760M->736M(869M) 1164.254ms
[219.937s][info][gc,cpu         ] GC(577) User=2.28s Sys=0.00s Real=1.17s
[219.952s][info][gc,start       ] GC(578) Pause Full (Allocation Failure)
[219.952s][info][gc,phases,start] GC(578) Marking Phase
[220.542s][info][gc,phases      ] GC(578) Marking Phase 590.314ms
[220.542s][info][gc,phases,start] GC(578) Summary Phase
[220.543s][info][gc,phases      ] GC(578) Summary Phase 0.023ms
[220.543s][info][gc,phases,start] GC(578) Forward
[220.566s][info][gc,phases      ] GC(578) Forward 23.876ms
[220.566s][info][gc,phases,start] GC(578) Adjust Pointers
[220.953s][info][gc,phases      ] GC(578) Adjust Pointers 386.871ms
[220.953s][info][gc,phases,start] GC(578) Compaction Phase
[221.109s][info][gc,phases      ] GC(578) Compaction Phase 155.432ms
[221.109s][info][gc,phases,start] GC(578) Post Compact
[221.111s][info][gc,phases      ] GC(578) Post Compact 2.295ms
[221.111s][info][gc,heap        ] GC(578) PSYoungGen: 111616K(222720K)->86942K(222720K) Eden: 111616K(111616K)->86942K(111616K) From: 0K(111104K)->0K(111104K)
[221.111s][info][gc,heap        ] GC(578) ParOldGen: 667504K(667648K)->667504K(667648K)
[221.111s][info][gc,metaspace   ] GC(578) Metaspace: 18321K(18496K)->18321K(18496K) NonClass: 16493K(16640K)->16493K(16640K) Class: 1828K(1856K)->1828K(1856K)
[221.111s][info][gc             ] GC(578) Pause Full (Allocation Failure) 760M->736M(869M) 1159.261ms
[221.111s][info][gc,cpu         ] GC(578) User=2.27s Sys=0.00s Real=1.16s
[221.128s][info][gc,start       ] GC(579) Pause Full (Allocation Failure)
[221.128s][info][gc,phases,start] GC(579) Marking Phase
[221.719s][info][gc,phases      ] GC(579) Marking Phase 591.501ms
[221.719s][info][gc,phases,start] GC(579) Summary Phase
[221.719s][info][gc,phases      ] GC(579) Summary Phase 0.023ms
[221.719s][info][gc,phases,start] GC(579) Forward
[221.743s][info][gc,phases      ] GC(579) Forward 24.255ms
[221.744s][info][gc,phases,start] GC(579) Adjust Pointers
[222.132s][info][gc,phases      ] GC(579) Adjust Pointers 388.476ms
[222.132s][info][gc,phases,start] GC(579) Compaction Phase
[222.292s][info][gc,phases      ] GC(579) Compaction Phase 159.557ms
[222.292s][info][gc,phases,start] GC(579) Post Compact
[222.294s][info][gc,phases      ] GC(579) Post Compact 2.324ms
[222.294s][info][gc,heap        ] GC(579) PSYoungGen: 111616K(222720K)->87010K(222720K) Eden: 111616K(111616K)->87010K(111616K) From: 0K(111104K)->0K(111104K)
[222.294s][info][gc,heap        ] GC(579) ParOldGen: 667504K(667648K)->667504K(667648K)
[222.294s][info][gc,metaspace   ] GC(579) Metaspace: 18321K(18496K)->18321K(18496K) NonClass: 16493K(16640K)->16493K(16640K) Class: 1828K(1856K)->1828K(1856K)
[222.294s][info][gc             ] GC(579) Pause Full (Allocation Failure) 760M->736M(869M) 1166.613ms
[222.294s][info][gc,cpu         ] GC(579) User=2.28s Sys=0.00s Real=1.16s
[222.341s][info][gc,start       ] GC(580) Pause Full (Allocation Failure)
[222.341s][info][gc,phases,start] GC(580) Marking Phase
[222.929s][info][gc,phases      ] GC(580) Marking Phase 588.575ms
[222.929s][info][gc,phases,start] GC(580) Summary Phase
[222.929s][info][gc,phases      ] GC(580) Summary Phase 0.023ms
[222.929s][info][gc,phases,start] GC(580) Forward
[222.954s][info][gc,phases      ] GC(580) Forward 24.244ms
[222.954s][info][gc,phases,start] GC(580) Adjust Pointers
[223.336s][info][gc,phases      ] GC(580) Adjust Pointers 382.769ms
[223.337s][info][gc,phases,start] GC(580) Compaction Phase
[223.490s][info][gc,phases      ] GC(580) Compaction Phase 153.484ms
[223.490s][info][gc,phases,start] GC(580) Post Compact
[223.492s][info][gc,phases      ] GC(580) Post Compact 2.254ms
[223.492s][info][gc,heap        ] GC(580) PSYoungGen: 111616K(222720K)->87133K(222720K) Eden: 111616K(111616K)->87133K(111616K) From: 0K(111104K)->0K(111104K)
[223.492s][info][gc,heap        ] GC(580) ParOldGen: 667504K(667648K)->667504K(667648K)
[223.492s][info][gc,metaspace   ] GC(580) Metaspace: 18321K(18496K)->18321K(18496K) NonClass: 16493K(16640K)->16493K(16640K) Class: 1828K(1856K)->1828K(1856K)
[223.492s][info][gc             ] GC(580) Pause Full (Allocation Failure) 760M->736M(869M) 1151.852ms
[223.493s][info][gc,cpu         ] GC(580) User=2.26s Sys=0.00s Real=1.15s
[223.524s][info][gc,start       ] GC(581) Pause Full (Allocation Failure)
[223.524s][info][gc,phases,start] GC(581) Marking Phase
[224.117s][info][gc,phases      ] GC(581) Marking Phase 593.009ms
[224.117s][info][gc,phases,start] GC(581) Summary Phase
[224.117s][info][gc,phases      ] GC(581) Summary Phase 0.025ms
[224.117s][info][gc,phases,start] GC(581) Forward
[224.142s][info][gc,phases      ] GC(581) Forward 24.209ms
[224.142s][info][gc,phases,start] GC(581) Adjust Pointers
[224.532s][info][gc,phases      ] GC(581) Adjust Pointers 390.660ms
[224.532s][info][gc,phases,start] GC(581) Compaction Phase
[224.690s][info][gc,phases      ] GC(581) Compaction Phase 157.830ms
[224.690s][info][gc,phases,start] GC(581) Post Compact
[224.693s][info][gc,phases      ] GC(581) Post Compact 2.310ms
[224.693s][info][gc,heap        ] GC(581) PSYoungGen: 111616K(222720K)->91878K(222720K) Eden: 111616K(111616K)->91878K(111616K) From: 0K(111104K)->0K(111104K)
[224.693s][info][gc,heap        ] GC(581) ParOldGen: 667504K(667648K)->667504K(667648K)
[224.693s][info][gc,metaspace   ] GC(581) Metaspace: 18321K(18496K)->18321K(18496K) NonClass: 16493K(16640K)->16493K(16640K) Class: 1828K(1856K)->1828K(1856K)
[224.693s][info][gc             ] GC(581) Pause Full (Allocation Failure) 760M->741M(869M) 1168.489ms
[224.693s][info][gc,cpu         ] GC(581) User=2.29s Sys=0.00s Real=1.17s
[224.727s][info][gc,start       ] GC(582) Pause Full (Allocation Failure)
[224.727s][info][gc,phases,start] GC(582) Marking Phase
[225.322s][info][gc,phases      ] GC(582) Marking Phase 594.958ms
[225.322s][info][gc,phases,start] GC(582) Summary Phase
[225.322s][info][gc,phases      ] GC(582) Summary Phase 0.028ms
[225.322s][info][gc,phases,start] GC(582) Forward
[225.402s][info][gc,phases      ] GC(582) Forward 80.210ms
[225.402s][info][gc,phases,start] GC(582) Adjust Pointers
[225.833s][info][gc,phases      ] GC(582) Adjust Pointers 430.467ms
[225.833s][info][gc,phases,start] GC(582) Compaction Phase
[226.011s][info][gc,phases      ] GC(582) Compaction Phase 178.037ms
[226.015s][info][gc,phases,start] GC(582) Post Compact
[226.018s][info][gc,phases      ] GC(582) Post Compact 2.325ms
[226.018s][info][gc,heap        ] GC(582) PSYoungGen: 111616K(222720K)->92052K(222720K) Eden: 111616K(111616K)->92052K(111616K) From: 0K(111104K)->0K(111104K)
[226.018s][info][gc,heap        ] GC(582) ParOldGen: 667504K(667648K)->667504K(667648K)
[226.018s][info][gc,metaspace   ] GC(582) Metaspace: 18321K(18496K)->18321K(18496K) NonClass: 16493K(16640K)->16493K(16640K) Class: 1828K(1856K)->1828K(1856K)
[226.018s][info][gc             ] GC(582) Pause Full (Allocation Failure) 760M->741M(869M) 1290.794ms
[226.018s][info][gc,cpu         ] GC(582) User=2.53s Sys=0.00s Real=1.29s
[226.089s][info][gc,start       ] GC(583) Pause Full (Allocation Failure)
[226.089s][info][gc,phases,start] GC(583) Marking Phase
[226.562s][info][gc,phases      ] GC(583) Marking Phase 472.828ms
[226.562s][info][gc,phases,start] GC(583) Summary Phase
[226.562s][info][gc,phases      ] GC(583) Summary Phase 0.032ms
[226.562s][info][gc,phases,start] GC(583) Forward
[226.701s][info][gc,phases      ] GC(583) Forward 139.627ms
[226.701s][info][gc,phases,start] GC(583) Adjust Pointers
[227.042s][info][gc,phases      ] GC(583) Adjust Pointers 340.232ms
[227.042s][info][gc,phases,start] GC(583) Compaction Phase
[227.233s][info][gc,phases      ] GC(583) Compaction Phase 191.623ms
[227.246s][info][gc,phases,start] GC(583) Post Compact
[227.248s][info][gc,phases      ] GC(583) Post Compact 2.318ms
[227.248s][info][gc,heap        ] GC(583) PSYoungGen: 111616K(222720K)->0K(222720K) Eden: 111616K(111616K)->0K(111616K) From: 0K(111104K)->0K(111104K)
[227.248s][info][gc,heap        ] GC(583) ParOldGen: 667504K(667648K)->617216K(667648K)
[227.248s][info][gc,metaspace   ] GC(583) Metaspace: 18321K(18496K)->18321K(18496K) NonClass: 16493K(16640K)->16493K(16640K) Class: 1828K(1856K)->1828K(1856K)
[227.248s][info][gc             ] GC(583) Pause Full (Allocation Failure) 760M->602M(869M) 1159.372ms
[227.248s][info][gc,cpu         ] GC(583) User=2.21s Sys=0.01s Real=1.16s
[227.374s][info][gc,start       ] GC(584) Pause Young (Allocation Failure)
[227.379s][info][gc,heap        ] GC(584) PSYoungGen: 111616K(222720K)->2304K(222720K) Eden: 111616K(111616K)->0K(111616K) From: 0K(111104K)->2304K(111104K)
[227.379s][info][gc,heap        ] GC(584) ParOldGen: 617216K(667648K)->617216K(667648K)
[227.379s][info][gc,metaspace   ] GC(584) Metaspace: 18325K(18496K)->18325K(18496K) NonClass: 16497K(16640K)->16497K(16640K) Class: 1828K(1856K)->1828K(1856K)
[227.379s][info][gc             ] GC(584) Pause Young (Allocation Failure) 711M->605M(869M) 4.926ms
[227.379s][info][gc,cpu         ] GC(584) User=0.01s Sys=0.00s Real=0.01s
[227.708s][info][gc,start       ] GC(585) Pause Young (Allocation Failure)
[227.714s][info][gc,heap        ] GC(585) PSYoungGen: 113920K(222720K)->160K(222720K) Eden: 111616K(111616K)->0K(111616K) From: 2304K(111104K)->160K(111104K)
[227.714s][info][gc,heap        ] GC(585) ParOldGen: 617216K(667648K)->619504K(667648K)
[227.714s][info][gc,metaspace   ] GC(585) Metaspace: 18326K(18496K)->18326K(18496K) NonClass: 16497K(16640K)->16497K(16640K) Class: 1828K(1856K)->1828K(1856K)
[227.714s][info][gc             ] GC(585) Pause Young (Allocation Failure) 714M->605M(869M) 5.613ms
[227.714s][info][gc,cpu         ] GC(585) User=0.00s Sys=0.00s Real=0.00s
[227.930s][info][gc,start       ] GC(586) Pause Young (Allocation Failure)
[227.957s][info][gc,heap        ] GC(586) PSYoungGen: 111776K(222720K)->22912K(222720K) Eden: 111616K(111616K)->0K(111616K) From: 160K(111104K)->22912K(111104K)
[227.957s][info][gc,heap        ] GC(586) ParOldGen: 619504K(667648K)->619624K(667648K)
[227.957s][info][gc,metaspace   ] GC(586) Metaspace: 18328K(18496K)->18328K(18496K) NonClass: 16500K(16640K)->16500K(16640K) Class: 1828K(1856K)->1828K(1856K)
[227.957s][info][gc             ] GC(586) Pause Young (Allocation Failure) 714M->627M(869M) 26.587ms
[227.957s][info][gc,cpu         ] GC(586) User=0.06s Sys=0.00s Real=0.03s
[228.110s][info][gc,start       ] GC(587) Pause Young (Allocation Failure)
[228.140s][info][gc,heap        ] GC(587) PSYoungGen: 134528K(222720K)->120K(222720K) Eden: 111616K(111616K)->0K(111616K) From: 22912K(111104K)->120K(111104K)
[228.140s][info][gc,heap        ] GC(587) ParOldGen: 619624K(667648K)->642536K(667648K)
[228.140s][info][gc,metaspace   ] GC(587) Metaspace: 18330K(18496K)->18330K(18496K) NonClass: 16502K(16640K)->16502K(16640K) Class: 1828K(1856K)->1828K(1856K)
[228.140s][info][gc             ] GC(587) Pause Young (Allocation Failure) 736M->627M(869M) 29.984ms
[228.140s][info][gc,cpu         ] GC(587) User=0.06s Sys=0.00s Real=0.03s
[228.324s][info][gc,start       ] GC(588) Pause Full (Allocation Failure)
[228.324s][info][gc,phases,start] GC(588) Marking Phase
[228.820s][info][gc,phases      ] GC(588) Marking Phase 495.912ms
[228.820s][info][gc,phases,start] GC(588) Summary Phase
[228.820s][info][gc,phases      ] GC(588) Summary Phase 0.026ms
[228.820s][info][gc,phases,start] GC(588) Forward
[228.821s][info][gc,phases      ] GC(588) Forward 0.483ms
[228.821s][info][gc,phases,start] GC(588) Adjust Pointers
[229.135s][info][gc,phases      ] GC(588) Adjust Pointers 314.027ms
[229.135s][info][gc,phases,start] GC(588) Compaction Phase
[229.276s][info][gc,phases      ] GC(588) Compaction Phase 141.295ms
[229.276s][info][gc,phases,start] GC(588) Post Compact
[229.279s][info][gc,phases      ] GC(588) Post Compact 2.185ms
[229.279s][info][gc,heap        ] GC(588) PSYoungGen: 111736K(222720K)->0K(222720K) Eden: 111616K(111616K)->0K(111616K) From: 120K(111104K)->0K(111104K)
[229.279s][info][gc,heap        ] GC(588) ParOldGen: 642536K(667648K)->642638K(667648K)
[229.279s][info][gc,metaspace   ] GC(588) Metaspace: 18330K(18496K)->18330K(18496K) NonClass: 16502K(16640K)->16502K(16640K) Class: 1828K(1856K)->1828K(1856K)
[229.279s][info][gc             ] GC(588) Pause Full (Allocation Failure) 736M->627M(869M) 954.345ms
[229.279s][info][gc,cpu         ] GC(588) User=1.88s Sys=0.00s Real=0.96s
[229.490s][info][gc,start       ] GC(589) Pause Full (Allocation Failure)
[229.490s][info][gc,phases,start] GC(589) Marking Phase
[229.988s][info][gc,phases      ] GC(589) Marking Phase 497.407ms
[229.988s][info][gc,phases,start] GC(589) Summary Phase
[229.988s][info][gc,phases      ] GC(589) Summary Phase 0.024ms
[229.988s][info][gc,phases,start] GC(589) Forward
[229.988s][info][gc,phases      ] GC(589) Forward 0.305ms
[229.988s][info][gc,phases,start] GC(589) Adjust Pointers
[230.302s][info][gc,phases      ] GC(589) Adjust Pointers 313.718ms
[230.302s][info][gc,phases,start] GC(589) Compaction Phase
[230.444s][info][gc,phases      ] GC(589) Compaction Phase 141.934ms
[230.444s][info][gc,phases,start] GC(589) Post Compact
[230.446s][info][gc,phases      ] GC(589) Post Compact 2.194ms
[230.446s][info][gc,heap        ] GC(589) PSYoungGen: 111616K(222720K)->0K(222720K) Eden: 111616K(111616K)->0K(111616K) From: 0K(111104K)->0K(111104K)
[230.446s][info][gc,heap        ] GC(589) ParOldGen: 642638K(667648K)->642644K(667648K)
[230.446s][info][gc,metaspace   ] GC(589) Metaspace: 18330K(18496K)->18330K(18496K) NonClass: 16502K(16640K)->16502K(16640K) Class: 1828K(1856K)->1828K(1856K)
[230.446s][info][gc             ] GC(589) Pause Full (Allocation Failure) 736M->627M(869M) 955.970ms
[230.446s][info][gc,cpu         ] GC(589) User=1.88s Sys=0.00s Real=0.96s
[231.569s][info][gc,start       ] GC(590) Pause Full (Allocation Failure)
[231.569s][info][gc,phases,start] GC(590) Marking Phase
[232.051s][info][gc,phases      ] GC(590) Marking Phase 481.400ms
[232.051s][info][gc,phases,start] GC(590) Summary Phase
[232.051s][info][gc,phases      ] GC(590) Summary Phase 0.027ms
[232.051s][info][gc,phases,start] GC(590) Forward
[232.052s][info][gc,phases      ] GC(590) Forward 1.439ms
[232.052s][info][gc,phases,start] GC(590) Adjust Pointers
[232.368s][info][gc,phases      ] GC(590) Adjust Pointers 315.678ms
[232.368s][info][gc,phases,start] GC(590) Compaction Phase
[232.510s][info][gc,phases      ] GC(590) Compaction Phase 141.537ms
[232.510s][info][gc,phases,start] GC(590) Post Compact
[232.512s][info][gc,phases      ] GC(590) Post Compact 2.219ms
[232.512s][info][gc,heap        ] GC(590) PSYoungGen: 111616K(222720K)->0K(222720K) Eden: 111616K(111616K)->0K(111616K) From: 0K(111104K)->0K(111104K)
[232.512s][info][gc,heap        ] GC(590) ParOldGen: 642644K(667648K)->643164K(667648K)
[232.512s][info][gc,metaspace   ] GC(590) Metaspace: 18330K(18496K)->18330K(18496K) NonClass: 16502K(16640K)->16502K(16640K) Class: 1828K(1856K)->1828K(1856K)
[232.512s][info][gc             ] GC(590) Pause Full (Allocation Failure) 736M->628M(869M) 942.735ms
[232.512s][info][gc,cpu         ] GC(590) User=1.84s Sys=0.00s Real=0.94s
[233.168s][info][gc,start       ] GC(591) Pause Full (Allocation Failure)
[233.168s][info][gc,phases,start] GC(591) Marking Phase
[233.557s][info][gc,phases      ] GC(591) Marking Phase 389.013ms
[233.557s][info][gc,phases,start] GC(591) Summary Phase
[233.558s][info][gc,phases      ] GC(591) Summary Phase 0.030ms
[233.558s][info][gc,phases,start] GC(591) Forward
[233.631s][info][gc,phases      ] GC(591) Forward 73.281ms
[233.631s][info][gc,phases,start] GC(591) Adjust Pointers
[233.897s][info][gc,phases      ] GC(591) Adjust Pointers 265.837ms
[233.897s][info][gc,phases,start] GC(591) Compaction Phase
[234.037s][info][gc,phases      ] GC(591) Compaction Phase 140.049ms
[234.042s][info][gc,phases,start] GC(591) Post Compact
[234.045s][info][gc,phases      ] GC(591) Post Compact 2.289ms
[234.045s][info][gc,heap        ] GC(591) PSYoungGen: 111616K(222720K)->0K(222720K) Eden: 111616K(111616K)->0K(111616K) From: 0K(111104K)->0K(111104K)
[234.045s][info][gc,heap        ] GC(591) ParOldGen: 643164K(667648K)->518201K(667648K)
[234.045s][info][gc,metaspace   ] GC(591) Metaspace: 18331K(18496K)->18331K(18496K) NonClass: 16503K(16640K)->16503K(16640K) Class: 1828K(1856K)->1828K(1856K)
[234.045s][info][gc             ] GC(591) Pause Full (Allocation Failure) 737M->506M(869M) 876.282ms
[234.045s][info][gc,cpu         ] GC(591) User=1.68s Sys=0.00s Real=0.87s
[234.562s][info][gc,start       ] GC(592) Pause Young (Allocation Failure)
[234.565s][info][gc,heap        ] GC(592) PSYoungGen: 111615K(222720K)->1216K(222720K) Eden: 111615K(111616K)->0K(111616K) From: 0K(111104K)->1216K(111104K)
[234.565s][info][gc,heap        ] GC(592) ParOldGen: 518201K(667648K)->518201K(667648K)
[234.565s][info][gc,metaspace   ] GC(592) Metaspace: 18335K(18496K)->18335K(18496K) NonClass: 16506K(16640K)->16506K(16640K) Class: 1828K(1856K)->1828K(1856K)
[234.565s][info][gc             ] GC(592) Pause Young (Allocation Failure) 615M->507M(869M) 3.724ms
[234.565s][info][gc,cpu         ] GC(592) User=0.01s Sys=0.00s Real=0.01s
[235.109s][info][gc,start       ] GC(593) Pause Young (Allocation Failure)
[235.113s][info][gc,heap        ] GC(593) PSYoungGen: 112824K(222720K)->550K(222720K) Eden: 111608K(111616K)->0K(111616K) From: 1216K(111104K)->550K(111104K)
[235.113s][info][gc,heap        ] GC(593) ParOldGen: 518201K(667648K)->519386K(667648K)
[235.113s][info][gc,metaspace   ] GC(593) Metaspace: 18363K(18496K)->18363K(18496K) NonClass: 16534K(16640K)->16534K(16640K) Class: 1828K(1856K)->1828K(1856K)
[235.113s][info][gc             ] GC(593) Pause Young (Allocation Failure) 616M->507M(869M) 3.858ms
[235.113s][info][gc,cpu         ] GC(593) User=0.00s Sys=0.00s Real=0.00s
[235.418s][info][gc,start       ] GC(594) Pause Young (Allocation Failure)
[235.423s][info][gc,heap        ] GC(594) PSYoungGen: 112166K(222720K)->352K(222720K) Eden: 111616K(111616K)->0K(111616K) From: 550K(111104K)->352K(111104K)
[235.423s][info][gc,heap        ] GC(594) ParOldGen: 519386K(667648K)->519546K(667648K)
[235.423s][info][gc,metaspace   ] GC(594) Metaspace: 18437K(18560K)->18437K(18560K) NonClass: 16609K(16704K)->16609K(16704K) Class: 1828K(1856K)->1828K(1856K)
[235.423s][info][gc             ] GC(594) Pause Young (Allocation Failure) 616M->507M(869M) 4.889ms
[235.423s][info][gc,cpu         ] GC(594) User=0.01s Sys=0.00s Real=0.00s
[235.726s][info][gc,start       ] GC(595) Pause Young (Allocation Failure)
[235.730s][info][gc,heap        ] GC(595) PSYoungGen: 111968K(222720K)->416K(222720K) Eden: 111616K(111616K)->0K(111616K) From: 352K(111104K)->416K(111104K)
[235.730s][info][gc,heap        ] GC(595) ParOldGen: 519546K(667648K)->519674K(667648K)
[235.730s][info][gc,metaspace   ] GC(595) Metaspace: 18451K(18560K)->18451K(18560K) NonClass: 16623K(16704K)->16623K(16704K) Class: 1828K(1856K)->1828K(1856K)
[235.730s][info][gc             ] GC(595) Pause Young (Allocation Failure) 616M->507M(869M) 4.225ms
[235.730s][info][gc,cpu         ] GC(595) User=0.01s Sys=0.00s Real=0.00s
[235.951s][info][gc,start       ] GC(596) Pause Young (Allocation Failure)
[235.979s][info][gc,heap        ] GC(596) PSYoungGen: 112032K(222720K)->22816K(134656K) Eden: 111616K(111616K)->0K(111616K) From: 416K(111104K)->22816K(23040K)
[235.979s][info][gc,heap        ] GC(596) ParOldGen: 519674K(667648K)->519786K(667648K)
[235.979s][info][gc,metaspace   ] GC(596) Metaspace: 18465K(18624K)->18465K(18624K) NonClass: 16637K(16768K)->16637K(16768K) Class: 1828K(1856K)->1828K(1856K)
[235.979s][info][gc             ] GC(596) Pause Young (Allocation Failure) 616M->529M(783M) 28.183ms
[235.979s][info][gc,cpu         ] GC(596) User=0.05s Sys=0.00s Real=0.03s
[236.104s][info][gc,start       ] GC(597) Pause Young (Allocation Failure)
[236.155s][info][gc,heap        ] GC(597) PSYoungGen: 134432K(134656K)->60448K(214528K) Eden: 111616K(111616K)->0K(107520K) From: 22816K(23040K)->60448K(107008K)
[236.155s][info][gc,heap        ] GC(597) ParOldGen: 519786K(667648K)->519786K(667648K)
[236.155s][info][gc,metaspace   ] GC(597) Metaspace: 18504K(18688K)->18504K(18688K) NonClass: 16676K(16832K)->16676K(16832K) Class: 1828K(1856K)->1828K(1856K)
[236.155s][info][gc             ] GC(597) Pause Young (Allocation Failure) 638M->566M(861M) 50.592ms
[236.155s][info][gc,cpu         ] GC(597) User=0.10s Sys=0.00s Real=0.06s
[236.299s][info][gc,start       ] GC(598) Pause Young (Allocation Failure)
[236.375s][info][gc,heap        ] GC(598) PSYoungGen: 167968K(214528K)->35552K(218624K) Eden: 107520K(107520K)->0K(107520K) From: 60448K(107008K)->35552K(111104K)
[236.375s][info][gc,heap        ] GC(598) ParOldGen: 519786K(667648K)->580606K(667648K)
[236.375s][info][gc,metaspace   ] GC(598) Metaspace: 18504K(18688K)->18504K(18688K) NonClass: 16676K(16832K)->16676K(16832K) Class: 1828K(1856K)->1828K(1856K)
[236.375s][info][gc             ] GC(598) Pause Young (Allocation Failure) 671M->601M(865M) 76.162ms
[236.375s][info][gc,cpu         ] GC(598) User=0.15s Sys=0.00s Real=0.08s
[236.455s][info][gc,start       ] GC(599) Pause Young (Allocation Failure)
[236.513s][info][gc,heap        ] GC(599) PSYoungGen: 143072K(218624K)->77904K(214016K) Eden: 107520K(107520K)->0K(107520K) From: 35552K(111104K)->77904K(106496K)
[236.513s][info][gc,heap        ] GC(599) ParOldGen: 580606K(667648K)->580606K(667648K)
[236.513s][info][gc,metaspace   ] GC(599) Metaspace: 18504K(18688K)->18504K(18688K) NonClass: 16676K(16832K)->16676K(16832K) Class: 1828K(1856K)->1828K(1856K)
[236.513s][info][gc             ] GC(599) Pause Young (Allocation Failure) 706M->643M(861M) 58.862ms
[236.513s][info][gc,cpu         ] GC(599) User=0.12s Sys=0.00s Real=0.06s
[236.700s][info][gc,start       ] GC(600) Pause Young (Allocation Failure)
[236.797s][info][gc,heap        ] GC(600) PSYoungGen: 185424K(214016K)->42103K(218624K) Eden: 107520K(107520K)->0K(107520K) From: 77904K(106496K)->42103K(111104K)
[236.797s][info][gc,heap        ] GC(600) ParOldGen: 580606K(667648K)->659062K(667648K)
[236.797s][info][gc,metaspace   ] GC(600) Metaspace: 18504K(18688K)->18504K(18688K) NonClass: 16676K(16832K)->16676K(16832K) Class: 1828K(1856K)->1828K(1856K)
[236.798s][info][gc             ] GC(600) Pause Young (Allocation Failure) 748M->684M(865M) 97.122ms
[236.798s][info][gc,cpu         ] GC(600) User=0.20s Sys=0.00s Real=0.10s
[236.918s][info][gc,start       ] GC(601) Pause Full (Allocation Failure)
[236.918s][info][gc,phases,start] GC(601) Marking Phase
[237.068s][info][gc,phases      ] GC(601) Marking Phase 149.338ms
[237.068s][info][gc,phases,start] GC(601) Summary Phase
[237.068s][info][gc,phases      ] GC(601) Summary Phase 0.029ms
[237.068s][info][gc,phases,start] GC(601) Forward
[237.124s][info][gc,phases      ] GC(601) Forward 56.550ms
[237.125s][info][gc,phases,start] GC(601) Adjust Pointers
[237.227s][info][gc,phases      ] GC(601) Adjust Pointers 102.561ms
[237.227s][info][gc,phases,start] GC(601) Compaction Phase
[237.290s][info][gc,phases      ] GC(601) Compaction Phase 62.607ms
[237.292s][info][gc,phases,start] GC(601) Post Compact
[237.294s][info][gc,phases      ] GC(601) Post Compact 2.383ms
[237.306s][info][gc,heap        ] GC(601) PSYoungGen: 149623K(218624K)->0K(222720K) Eden: 107520K(107520K)->0K(111616K) From: 42103K(111104K)->0K(111104K)
[237.306s][info][gc,heap        ] GC(601) ParOldGen: 659062K(667648K)->233414K(539648K)
[237.306s][info][gc,metaspace   ] GC(601) Metaspace: 18504K(18688K)->18504K(18688K) NonClass: 16676K(16832K)->16676K(16832K) Class: 1828K(1856K)->1828K(1856K)
[237.306s][info][gc             ] GC(601) Pause Full (Allocation Failure) 789M->227M(744M) 387.411ms
[237.306s][info][gc,cpu         ] GC(601) User=0.67s Sys=0.01s Real=0.39s
[237.478s][info][gc,start       ] GC(602) Pause Young (Allocation Failure)
[237.487s][info][gc,heap        ] GC(602) PSYoungGen: 111616K(222720K)->3744K(115712K) Eden: 111616K(111616K)->0K(111616K) From: 0K(111104K)->3744K(4096K)
[237.487s][info][gc,heap        ] GC(602) ParOldGen: 233414K(539648K)->233422K(539648K)
[237.487s][info][gc,metaspace   ] GC(602) Metaspace: 18531K(18688K)->18531K(18688K) NonClass: 16702K(16832K)->16702K(16832K) Class: 1828K(1856K)->1828K(1856K)
[237.487s][info][gc             ] GC(602) Pause Young (Allocation Failure) 336M->231M(640M) 9.459ms
[237.487s][info][gc,cpu         ] GC(602) User=0.02s Sys=0.00s Real=0.01s
[237.671s][info][gc,start       ] GC(603) Pause Young (Allocation Failure)
[237.725s][info][gc,heap        ] GC(603) PSYoungGen: 115360K(115712K)->37394K(221696K) Eden: 111616K(111616K)->0K(117248K) From: 3744K(4096K)->37394K(104448K)
[237.725s][info][gc,heap        ] GC(603) ParOldGen: 233422K(539648K)->233422K(539648K)
[237.725s][info][gc,metaspace   ] GC(603) Metaspace: 18531K(18688K)->18531K(18688K) NonClass: 16702K(16832K)->16702K(16832K) Class: 1828K(1856K)->1828K(1856K)
[237.725s][info][gc             ] GC(603) Pause Young (Allocation Failure) 340M->264M(743M) 54.495ms
[237.725s][info][gc,cpu         ] GC(603) User=0.11s Sys=0.00s Real=0.06s
[237.874s][info][gc,start       ] GC(604) Pause Young (Allocation Failure)
[237.928s][info][gc,heap        ] GC(604) PSYoungGen: 154642K(221696K)->40786K(220672K) Eden: 117248K(117248K)->0K(117248K) From: 37394K(104448K)->40786K(103424K)
[237.928s][info][gc,heap        ] GC(604) ParOldGen: 233422K(539648K)->233422K(539648K)
[237.928s][info][gc,metaspace   ] GC(604) Metaspace: 18531K(18688K)->18531K(18688K) NonClass: 16702K(16832K)->16702K(16832K) Class: 1828K(1856K)->1828K(1856K)
[237.928s][info][gc             ] GC(604) Pause Young (Allocation Failure) 378M->267M(742M) 54.693ms
[237.928s][info][gc,cpu         ] GC(604) User=0.11s Sys=0.00s Real=0.06s
[238.038s][info][gc,start       ] GC(605) Pause Young (Allocation Failure)
[238.102s][info][gc,heap        ] GC(605) PSYoungGen: 158034K(220672K)->49362K(223232K) Eden: 117248K(117248K)->0K(124928K) From: 40786K(103424K)->49362K(98304K)
[238.102s][info][gc,heap        ] GC(605) ParOldGen: 233422K(539648K)->233422K(539648K)
[238.102s][info][gc,metaspace   ] GC(605) Metaspace: 18531K(18688K)->18531K(18688K) NonClass: 16703K(16832K)->16703K(16832K) Class: 1828K(1856K)->1828K(1856K)
[238.102s][info][gc             ] GC(605) Pause Young (Allocation Failure) 382M->276M(745M) 63.497ms
[238.102s][info][gc,cpu         ] GC(605) User=0.13s Sys=0.00s Real=0.06s
[238.225s][info][gc,start       ] GC(606) Pause Young (Allocation Failure)
[238.289s][info][gc,heap        ] GC(606) PSYoungGen: 174290K(223232K)->49458K(223744K) Eden: 124928K(124928K)->0K(124928K) From: 49362K(98304K)->49458K(98816K)
[238.289s][info][gc,heap        ] GC(606) ParOldGen: 233422K(539648K)->233422K(539648K)
[238.289s][info][gc,metaspace   ] GC(606) Metaspace: 18531K(18688K)->18531K(18688K) NonClass: 16703K(16832K)->16703K(16832K) Class: 1828K(1856K)->1828K(1856K)
[238.289s][info][gc             ] GC(606) Pause Young (Allocation Failure) 398M->276M(745M) 63.495ms
[238.289s][info][gc,cpu         ] GC(606) User=0.13s Sys=0.00s Real=0.06s
[238.397s][info][gc,start       ] GC(607) Pause Young (Allocation Failure)
[238.472s][info][gc,heap        ] GC(607) PSYoungGen: 174386K(223744K)->59634K(229888K) Eden: 124928K(124928K)->0K(131584K) From: 49458K(98816K)->59634K(98304K)
[238.472s][info][gc,heap        ] GC(607) ParOldGen: 233422K(539648K)->233422K(539648K)
[238.472s][info][gc,metaspace   ] GC(607) Metaspace: 18531K(18688K)->18531K(18688K) NonClass: 16703K(16832K)->16703K(16832K) Class: 1828K(1856K)->1828K(1856K)
[238.472s][info][gc             ] GC(607) Pause Young (Allocation Failure) 398M->286M(751M) 74.604ms
[238.472s][info][gc,cpu         ] GC(607) User=0.15s Sys=0.00s Real=0.07s
[238.564s][info][gc,start       ] GC(608) Pause Young (Allocation Failure)
[238.663s][info][gc,heap        ] GC(608) PSYoungGen: 191218K(229888K)->88194K(220160K) Eden: 131584K(131584K)->0K(131584K) From: 59634K(98304K)->88194K(88576K)
[238.663s][info][gc,heap        ] GC(608) ParOldGen: 233422K(539648K)->233422K(539648K)
[238.663s][info][gc,metaspace   ] GC(608) Metaspace: 18531K(18688K)->18531K(18688K) NonClass: 16703K(16832K)->16703K(16832K) Class: 1828K(1856K)->1828K(1856K)
[238.663s][info][gc             ] GC(608) Pause Young (Allocation Failure) 414M->314M(742M) 98.734ms
[238.663s][info][gc,cpu         ] GC(608) User=0.20s Sys=0.00s Real=0.10s
[238.769s][info][gc,start       ] GC(609) Pause Young (Allocation Failure)
[238.886s][info][gc,heap        ] GC(609) PSYoungGen: 219778K(220160K)->75840K(222720K) Eden: 131584K(131584K)->0K(111616K) From: 88194K(88576K)->75840K(111104K)
[238.886s][info][gc,heap        ] GC(609) ParOldGen: 233422K(539648K)->270883K(539648K)
[238.886s][info][gc,metaspace   ] GC(609) Metaspace: 18531K(18688K)->18531K(18688K) NonClass: 16703K(16832K)->16703K(16832K) Class: 1828K(1856K)->1828K(1856K)
[238.886s][info][gc             ] GC(609) Pause Young (Allocation Failure) 442M->338M(744M) 117.206ms
[238.886s][info][gc,cpu         ] GC(609) User=0.23s Sys=0.00s Real=0.12s
[239.072s][info][gc,start       ] GC(610) Pause Young (Allocation Failure)
[239.162s][info][gc,heap        ] GC(610) PSYoungGen: 187456K(222720K)->77539K(222720K) Eden: 111616K(111616K)->0K(111616K) From: 75840K(111104K)->77539K(111104K)
[239.162s][info][gc,heap        ] GC(610) ParOldGen: 270883K(539648K)->282880K(539648K)
[239.162s][info][gc,metaspace   ] GC(610) Metaspace: 18531K(18688K)->18531K(18688K) NonClass: 16703K(16832K)->16703K(16832K) Class: 1828K(1856K)->1828K(1856K)
[239.162s][info][gc             ] GC(610) Pause Young (Allocation Failure) 447M->351M(744M) 90.750ms
[239.162s][info][gc,cpu         ] GC(610) User=0.17s Sys=0.00s Real=0.09s
[239.258s][info][gc,start       ] GC(611) Pause Young (Allocation Failure)
[239.353s][info][gc,heap        ] GC(611) PSYoungGen: 189155K(222720K)->71763K(222720K) Eden: 111616K(111616K)->0K(111616K) From: 77539K(111104K)->71763K(111104K)
[239.353s][info][gc,heap        ] GC(611) ParOldGen: 282880K(539648K)->293224K(539648K)
[239.353s][info][gc,metaspace   ] GC(611) Metaspace: 18531K(18688K)->18531K(18688K) NonClass: 16703K(16832K)->16703K(16832K) Class: 1828K(1856K)->1828K(1856K)
[239.354s][info][gc             ] GC(611) Pause Young (Allocation Failure) 460M->356M(744M) 95.758ms
[239.354s][info][gc,cpu         ] GC(611) User=0.19s Sys=0.00s Real=0.09s
[239.470s][info][gc,start       ] GC(612) Pause Young (Allocation Failure)
[239.545s][info][gc,heap        ] GC(612) PSYoungGen: 183379K(222720K)->21539K(222720K) Eden: 111616K(111616K)->0K(111616K) From: 71763K(111104K)->21539K(111104K)
[239.545s][info][gc,heap        ] GC(612) ParOldGen: 293224K(539648K)->347127K(539648K)
[239.545s][info][gc,metaspace   ] GC(612) Metaspace: 18531K(18688K)->18531K(18688K) NonClass: 16703K(16832K)->16703K(16832K) Class: 1828K(1856K)->1828K(1856K)
[239.545s][info][gc             ] GC(612) Pause Young (Allocation Failure) 465M->360M(744M) 74.905ms
[239.545s][info][gc,cpu         ] GC(612) User=0.14s Sys=0.00s Real=0.08s
[239.665s][info][gc,start       ] GC(613) Pause Young (Allocation Failure)
[239.698s][info][gc,heap        ] GC(613) PSYoungGen: 133155K(222720K)->4224K(222720K) Eden: 111616K(111616K)->0K(111616K) From: 21539K(111104K)->4224K(111104K)
[239.698s][info][gc,heap        ] GC(613) ParOldGen: 347127K(539648K)->365402K(539648K)
[239.698s][info][gc,metaspace   ] GC(613) Metaspace: 18531K(18688K)->18531K(18688K) NonClass: 16703K(16832K)->16703K(16832K) Class: 1828K(1856K)->1828K(1856K)
[239.698s][info][gc             ] GC(613) Pause Young (Allocation Failure) 469M->360M(744M) 33.016ms
[239.698s][info][gc,cpu         ] GC(613) User=0.07s Sys=0.00s Real=0.04s
[240.049s][info][gc,start       ] GC(614) Pause Young (Allocation Failure)
[240.059s][info][gc,heap        ] GC(614) PSYoungGen: 115840K(222720K)->1920K(222720K) Eden: 111616K(111616K)->0K(111616K) From: 4224K(111104K)->1920K(111104K)
[240.059s][info][gc,heap        ] GC(614) ParOldGen: 365402K(539648K)->369634K(539648K)
[240.059s][info][gc,metaspace   ] GC(614) Metaspace: 18531K(18688K)->18531K(18688K) NonClass: 16703K(16832K)->16703K(16832K) Class: 1828K(1856K)->1828K(1856K)
[240.059s][info][gc             ] GC(614) Pause Young (Allocation Failure) 469M->362M(744M) 9.816ms
[240.059s][info][gc,cpu         ] GC(614) User=0.02s Sys=0.00s Real=0.01s
[240.323s][info][gc,start       ] GC(615) Pause Young (Allocation Failure)
[240.329s][info][gc,heap        ] GC(615) PSYoungGen: 113536K(222720K)->608K(222720K) Eden: 111616K(111616K)->0K(111616K) From: 1920K(111104K)->608K(111104K)
[240.329s][info][gc,heap        ] GC(615) ParOldGen: 369634K(539648K)->371354K(539648K)
[240.329s][info][gc,metaspace   ] GC(615) Metaspace: 18531K(18688K)->18531K(18688K) NonClass: 16703K(16832K)->16703K(16832K) Class: 1828K(1856K)->1828K(1856K)
[240.329s][info][gc             ] GC(615) Pause Young (Allocation Failure) 471M->363M(744M) 5.592ms
[240.329s][info][gc,cpu         ] GC(615) User=0.01s Sys=0.00s Real=0.01s
[240.549s][info][gc,start       ] GC(616) Pause Young (Allocation Failure)
[240.582s][info][gc,heap        ] GC(616) PSYoungGen: 112224K(222720K)->31488K(222720K) Eden: 111616K(111616K)->0K(111616K) From: 608K(111104K)->31488K(111104K)
[240.582s][info][gc,heap        ] GC(616) ParOldGen: 371354K(539648K)->371925K(539648K)
[240.582s][info][gc,metaspace   ] GC(616) Metaspace: 18531K(18688K)->18531K(18688K) NonClass: 16703K(16832K)->16703K(16832K) Class: 1828K(1856K)->1828K(1856K)
[240.582s][info][gc             ] GC(616) Pause Young (Allocation Failure) 472M->393M(744M) 33.582ms
[240.582s][info][gc,cpu         ] GC(616) User=0.06s Sys=0.00s Real=0.03s
[240.655s][info][gc,start       ] GC(617) Pause Young (Allocation Failure)
[240.715s][info][gc,heap        ] GC(617) PSYoungGen: 143104K(222720K)->30624K(211456K) Eden: 111616K(111616K)->0K(111616K) From: 31488K(111104K)->30624K(99840K)
[240.715s][info][gc,heap        ] GC(617) ParOldGen: 371925K(539648K)->403340K(539648K)
[240.715s][info][gc,metaspace   ] GC(617) Metaspace: 18533K(18688K)->18533K(18688K) NonClass: 16704K(16832K)->16704K(16832K) Class: 1828K(1856K)->1828K(1856K)
[240.715s][info][gc             ] GC(617) Pause Young (Allocation Failure) 502M->423M(733M) 60.036ms
[240.715s][info][gc,cpu         ] GC(617) User=0.11s Sys=0.00s Real=0.06s
[240.921s][info][gc,start       ] GC(618) Pause Young (Allocation Failure)
[240.971s][info][gc,heap        ] GC(618) PSYoungGen: 142240K(211456K)->52448K(217088K) Eden: 111616K(111616K)->0K(111616K) From: 30624K(99840K)->52448K(105472K)
[240.971s][info][gc,heap        ] GC(618) ParOldGen: 403340K(539648K)->403340K(539648K)
[240.971s][info][gc,metaspace   ] GC(618) Metaspace: 18533K(18688K)->18533K(18688K) NonClass: 16705K(16832K)->16705K(16832K) Class: 1828K(1856K)->1828K(1856K)
[240.971s][info][gc             ] GC(618) Pause Young (Allocation Failure) 532M->445M(739M) 50.024ms
[240.971s][info][gc,cpu         ] GC(618) User=0.10s Sys=0.00s Real=0.05s
[241.071s][info][gc,start       ] GC(619) Pause Young (Allocation Failure)
[241.122s][info][gc,heap        ] GC(619) PSYoungGen: 164064K(217088K)->55744K(223744K) Eden: 111616K(111616K)->0K(118784K) From: 52448K(105472K)->55744K(104960K)
[241.122s][info][gc,heap        ] GC(619) ParOldGen: 403340K(539648K)->403340K(539648K)
[241.122s][info][gc,metaspace   ] GC(619) Metaspace: 18533K(18688K)->18533K(18688K) NonClass: 16705K(16832K)->16705K(16832K) Class: 1828K(1856K)->1828K(1856K)
[241.122s][info][gc             ] GC(619) Pause Young (Allocation Failure) 554M->448M(745M) 51.097ms
[241.122s][info][gc,cpu         ] GC(619) User=0.10s Sys=0.00s Real=0.05s
[241.240s][info][gc,start       ] GC(620) Pause Young (Allocation Failure)
[241.292s][info][gc,heap        ] GC(620) PSYoungGen: 174528K(223744K)->56576K(223744K) Eden: 118784K(118784K)->0K(118784K) From: 55744K(104960K)->56576K(104960K)
[241.292s][info][gc,heap        ] GC(620) ParOldGen: 403340K(539648K)->403340K(539648K)
[241.292s][info][gc,metaspace   ] GC(620) Metaspace: 18533K(18688K)->18533K(18688K) NonClass: 16705K(16832K)->16705K(16832K) Class: 1828K(1856K)->1828K(1856K)
[241.292s][info][gc             ] GC(620) Pause Young (Allocation Failure) 564M->449M(745M) 52.125ms
[241.292s][info][gc,cpu         ] GC(620) User=0.10s Sys=0.00s Real=0.05s
[241.566s][info][gc,start       ] GC(621) Pause Young (Allocation Failure)
[241.619s][info][gc,heap        ] GC(621) PSYoungGen: 175360K(223744K)->58000K(228864K) Eden: 118784K(118784K)->0K(123904K) From: 56576K(104960K)->58000K(104960K)
[241.619s][info][gc,heap        ] GC(621) ParOldGen: 403340K(539648K)->403340K(539648K)
[241.619s][info][gc,metaspace   ] GC(621) Metaspace: 18533K(18688K)->18533K(18688K) NonClass: 16705K(16832K)->16705K(16832K) Class: 1828K(1856K)->1828K(1856K)
[241.619s][info][gc             ] GC(621) Pause Young (Allocation Failure) 565M->450M(750M) 53.409ms
[241.619s][info][gc,cpu         ] GC(621) User=0.10s Sys=0.00s Real=0.05s
[241.814s][info][gc,start       ] GC(622) Pause Young (Allocation Failure)
[241.914s][info][gc,heap        ] GC(622) PSYoungGen: 181904K(228864K)->104944K(228864K) Eden: 123904K(123904K)->0K(123904K) From: 58000K(104960K)->104944K(104960K)
[241.914s][info][gc,heap        ] GC(622) ParOldGen: 403340K(539648K)->403340K(539648K)
[241.914s][info][gc,metaspace   ] GC(622) Metaspace: 18533K(18688K)->18533K(18688K) NonClass: 16705K(16832K)->16705K(16832K) Class: 1828K(1856K)->1828K(1856K)
[241.914s][info][gc             ] GC(622) Pause Young (Allocation Failure) 571M->496M(750M) 99.351ms
[241.914s][info][gc,cpu         ] GC(622) User=0.20s Sys=0.00s Real=0.10s
[242.056s][info][gc,start       ] GC(623) Pause Young (Allocation Failure)
[242.211s][info][gc,heap        ] GC(623) PSYoungGen: 228848K(228864K)->102144K(216576K) Eden: 123904K(123904K)->0K(111616K) From: 104944K(104960K)->102144K(104960K)
[242.211s][info][gc,heap        ] GC(623) ParOldGen: 403340K(539648K)->456361K(539648K)
[242.211s][info][gc,metaspace   ] GC(623) Metaspace: 18533K(18688K)->18533K(18688K) NonClass: 16705K(16832K)->16705K(16832K) Class: 1828K(1856K)->1828K(1856K)
[242.211s][info][gc             ] GC(623) Pause Young (Allocation Failure) 617M->545M(738M) 154.914ms
[242.211s][info][gc,cpu         ] GC(623) User=0.30s Sys=0.00s Real=0.15s
[242.334s][info][gc,start       ] GC(624) Pause Young (Allocation Failure)
[242.487s][info][gc,heap        ] GC(624) PSYoungGen: 213760K(216576K)->111104K(222720K) Eden: 111616K(111616K)->0K(111616K) From: 102144K(104960K)->111104K(111104K)
[242.487s][info][gc,heap        ] GC(624) ParOldGen: 456361K(539648K)->502766K(539648K)
[242.487s][info][gc,metaspace   ] GC(624) Metaspace: 18533K(18688K)->18533K(18688K) NonClass: 16705K(16832K)->16705K(16832K) Class: 1828K(1856K)->1828K(1856K)
[242.487s][info][gc             ] GC(624) Pause Young (Allocation Failure) 654M->599M(744M) 153.650ms
[242.487s][info][gc,cpu         ] GC(624) User=0.31s Sys=0.00s Real=0.16s
[242.611s][info][gc,start       ] GC(625) Pause Young (Allocation Failure)
[242.756s][info][gc,heap        ] GC(625) PSYoungGen: 222720K(222720K)->89636K(222720K) Eden: 111616K(111616K)->0K(111616K) From: 111104K(111104K)->89636K(111104K)
[242.756s][info][gc,heap        ] GC(625) ParOldGen: 502766K(539648K)->550230K(550400K)
[242.756s][info][gc,metaspace   ] GC(625) Metaspace: 18534K(18688K)->18534K(18688K) NonClass: 16705K(16832K)->16705K(16832K) Class: 1828K(1856K)->1828K(1856K)
[242.756s][info][gc             ] GC(625) Pause Young (Allocation Failure) 708M->624M(755M) 144.531ms
[242.756s][info][gc,cpu         ] GC(625) User=0.28s Sys=0.01s Real=0.15s
[242.854s][info][gc,start       ] GC(626) Pause Young (Allocation Failure)
[242.989s][info][gc,heap        ] GC(626) PSYoungGen: 201252K(222720K)->37539K(222720K) Eden: 111616K(111616K)->0K(111616K) From: 89636K(111104K)->37539K(111104K)
[242.989s][info][gc,heap        ] GC(626) ParOldGen: 550230K(550400K)->614257K(614400K)
[242.989s][info][gc,metaspace   ] GC(626) Metaspace: 18534K(18688K)->18534K(18688K) NonClass: 16705K(16832K)->16705K(16832K) Class: 1828K(1856K)->1828K(1856K)
[242.989s][info][gc             ] GC(626) Pause Young (Allocation Failure) 733M->636M(817M) 135.719ms
[242.989s][info][gc,cpu         ] GC(626) User=0.22s Sys=0.04s Real=0.14s
[243.055s][info][gc,start       ] GC(627) Pause Full (Allocation Failure)
[243.055s][info][gc,phases,start] GC(627) Marking Phase
[243.130s][info][gc,phases      ] GC(627) Marking Phase 74.532ms
[243.130s][info][gc,phases,start] GC(627) Summary Phase
[243.130s][info][gc,phases      ] GC(627) Summary Phase 0.029ms
[243.130s][info][gc,phases,start] GC(627) Forward
[243.146s][info][gc,phases      ] GC(627) Forward 15.875ms
[243.146s][info][gc,phases,start] GC(627) Adjust Pointers
[243.196s][info][gc,phases      ] GC(627) Adjust Pointers 50.691ms
[243.197s][info][gc,phases,start] GC(627) Compaction Phase
[243.224s][info][gc,phases      ] GC(627) Compaction Phase 27.282ms
[243.226s][info][gc,phases,start] GC(627) Post Compact
[243.228s][info][gc,phases      ] GC(627) Post Compact 2.259ms
[243.243s][info][gc,heap        ] GC(627) PSYoungGen: 149155K(222720K)->0K(222720K) Eden: 111616K(111616K)->0K(111616K) From: 37539K(111104K)->0K(111104K)
[243.243s][info][gc,heap        ] GC(627) ParOldGen: 614257K(614400K)->111825K(442368K)
[243.243s][info][gc,metaspace   ] GC(627) Metaspace: 18534K(18688K)->18534K(18688K) NonClass: 16705K(16832K)->16705K(16832K) Class: 1828K(1856K)->1828K(1856K)
[243.243s][info][gc             ] GC(627) Pause Full (Allocation Failure) 745M->109M(649M) 187.963ms
[243.243s][info][gc,cpu         ] GC(627) User=0.32s Sys=0.02s Real=0.18s
[243.330s][info][gc,start       ] GC(628) Pause Young (Allocation Failure)
[243.338s][info][gc,heap        ] GC(628) PSYoungGen: 111616K(222720K)->8523K(222720K) Eden: 111616K(111616K)->0K(111616K) From: 0K(111104K)->8523K(111104K)
[243.338s][info][gc,heap        ] GC(628) ParOldGen: 111825K(442368K)->111825K(442368K)
[243.338s][info][gc,metaspace   ] GC(628) Metaspace: 18534K(18688K)->18534K(18688K) NonClass: 16705K(16832K)->16705K(16832K) Class: 1828K(1856K)->1828K(1856K)
[243.338s][info][gc             ] GC(628) Pause Young (Allocation Failure) 218M->117M(649M) 7.732ms
[243.338s][info][gc,cpu         ] GC(628) User=0.02s Sys=0.00s Real=0.01s
[243.390s][info][gc,start       ] GC(629) Pause Young (Allocation Failure)
[243.422s][info][gc,heap        ] GC(629) PSYoungGen: 120139K(222720K)->34624K(222720K) Eden: 111616K(111616K)->0K(111616K) From: 8523K(111104K)->34624K(111104K)
[243.422s][info][gc,heap        ] GC(629) ParOldGen: 111825K(442368K)->120273K(442368K)
[243.422s][info][gc,metaspace   ] GC(629) Metaspace: 18534K(18688K)->18534K(18688K) NonClass: 16705K(16832K)->16705K(16832K) Class: 1828K(1856K)->1828K(1856K)
[243.422s][info][gc             ] GC(629) Pause Young (Allocation Failure) 226M->151M(649M) 31.762ms
[243.422s][info][gc,cpu         ] GC(629) User=0.06s Sys=0.00s Real=0.03s
[243.531s][info][gc,start       ] GC(630) Pause Young (Allocation Failure)
[243.599s][info][gc,heap        ] GC(630) PSYoungGen: 146240K(222720K)->29920K(222720K) Eden: 111616K(111616K)->0K(111616K) From: 34624K(111104K)->29920K(111104K)
[243.599s][info][gc,heap        ] GC(630) ParOldGen: 120273K(442368K)->155337K(442368K)
[243.599s][info][gc,metaspace   ] GC(630) Metaspace: 18534K(18688K)->18534K(18688K) NonClass: 16706K(16832K)->16706K(16832K) Class: 1828K(1856K)->1828K(1856K)
[243.599s][info][gc             ] GC(630) Pause Young (Allocation Failure) 260M->180M(649M) 67.508ms
[243.599s][info][gc,cpu         ] GC(630) User=0.09s Sys=0.00s Real=0.07s
[243.733s][info][gc,start       ] GC(631) Pause Young (Allocation Failure)
[243.759s][info][gc,heap        ] GC(631) PSYoungGen: 141536K(222720K)->2656K(222720K) Eden: 111616K(111616K)->0K(111616K) From: 29920K(111104K)->2656K(111104K)
[243.759s][info][gc,heap        ] GC(631) ParOldGen: 155337K(442368K)->185585K(442368K)
[243.759s][info][gc,metaspace   ] GC(631) Metaspace: 18534K(18688K)->18534K(18688K) NonClass: 16706K(16832K)->16706K(16832K) Class: 1828K(1856K)->1828K(1856K)
[243.759s][info][gc             ] GC(631) Pause Young (Allocation Failure) 289M->183M(649M) 25.901ms
[243.759s][info][gc,cpu         ] GC(631) User=0.05s Sys=0.00s Real=0.03s
[243.936s][info][gc,start       ] GC(632) Pause Young (Allocation Failure)
[243.976s][info][gc,heap        ] GC(632) PSYoungGen: 114272K(222720K)->19204K(222720K) Eden: 111616K(111616K)->0K(111616K) From: 2656K(111104K)->19204K(111104K)
[243.976s][info][gc,heap        ] GC(632) ParOldGen: 185585K(442368K)->188193K(442368K)
[243.976s][info][gc,metaspace   ] GC(632) Metaspace: 18534K(18688K)->18534K(18688K) NonClass: 16706K(16832K)->16706K(16832K) Class: 1828K(1856K)->1828K(1856K)
[243.976s][info][gc             ] GC(632) Pause Young (Allocation Failure) 292M->202M(649M) 39.554ms
[243.976s][info][gc,cpu         ] GC(632) User=0.08s Sys=0.00s Real=0.04s
[244.119s][info][gc,start       ] GC(633) Pause Young (Allocation Failure)
[244.169s][info][gc,heap        ] GC(633) PSYoungGen: 130820K(222720K)->17664K(222720K) Eden: 111616K(111616K)->0K(111616K) From: 19204K(111104K)->17664K(111104K)
[244.169s][info][gc,heap        ] GC(633) ParOldGen: 188193K(442368K)->207403K(442368K)
[244.169s][info][gc,metaspace   ] GC(633) Metaspace: 18534K(18688K)->18534K(18688K) NonClass: 16706K(16832K)->16706K(16832K) Class: 1828K(1856K)->1828K(1856K)
[244.169s][info][gc             ] GC(633) Pause Young (Allocation Failure) 311M->219M(649M) 49.695ms
[244.169s][info][gc,cpu         ] GC(633) User=0.10s Sys=0.00s Real=0.05s
[244.272s][info][gc,start       ] GC(634) Pause Young (Allocation Failure)
[244.340s][info][gc,heap        ] GC(634) PSYoungGen: 129280K(222720K)->51968K(222720K) Eden: 111616K(111616K)->0K(111616K) From: 17664K(111104K)->51968K(111104K)
[244.340s][info][gc,heap        ] GC(634) ParOldGen: 207403K(442368K)->225091K(442368K)
[244.340s][info][gc,metaspace   ] GC(634) Metaspace: 18534K(18688K)->18534K(18688K) NonClass: 16706K(16832K)->16706K(16832K) Class: 1828K(1856K)->1828K(1856K)
[244.340s][info][gc             ] GC(634) Pause Young (Allocation Failure) 328M->270M(649M) 68.800ms
[244.340s][info][gc,cpu         ] GC(634) User=0.14s Sys=0.00s Real=0.07s
[244.418s][info][gc,start       ] GC(635) Pause Young (Allocation Failure)
[244.499s][info][gc,heap        ] GC(635) PSYoungGen: 163584K(222720K)->30992K(222720K) Eden: 111616K(111616K)->0K(111616K) From: 51968K(111104K)->30992K(111104K)
[244.499s][info][gc,heap        ] GC(635) ParOldGen: 225091K(442368K)->277195K(442368K)
[244.499s][info][gc,metaspace   ] GC(635) Metaspace: 18535K(18688K)->18535K(18688K) NonClass: 16707K(16832K)->16707K(16832K) Class: 1828K(1856K)->1828K(1856K)
[244.499s][info][gc             ] GC(635) Pause Young (Allocation Failure) 379M->300M(649M) 81.201ms
[244.499s][info][gc,cpu         ] GC(635) User=0.16s Sys=0.00s Real=0.08s
[244.537s][info][gc,start       ] GC(636) Pause Young (Allocation Failure)
[244.585s][info][gc,heap        ] GC(636) PSYoungGen: 142608K(222720K)->25920K(222720K) Eden: 111616K(111616K)->0K(111616K) From: 30992K(111104K)->25920K(111104K)
[244.585s][info][gc,heap        ] GC(636) ParOldGen: 277195K(442368K)->308395K(442368K)
[244.585s][info][gc,metaspace   ] GC(636) Metaspace: 18535K(18688K)->18535K(18688K) NonClass: 16707K(16832K)->16707K(16832K) Class: 1828K(1856K)->1828K(1856K)
[244.585s][info][gc             ] GC(636) Pause Young (Allocation Failure) 409M->326M(649M) 47.282ms
[244.585s][info][gc,cpu         ] GC(636) User=0.09s Sys=0.00s Real=0.05s
[244.633s][info][gc,start       ] GC(637) Pause Young (Allocation Failure)
[244.673s][info][gc,heap        ] GC(637) PSYoungGen: 137536K(222720K)->31072K(222720K) Eden: 111616K(111616K)->0K(111616K) From: 25920K(111104K)->31072K(111104K)
[244.673s][info][gc,heap        ] GC(637) ParOldGen: 308395K(442368K)->334643K(442368K)
[244.673s][info][gc,metaspace   ] GC(637) Metaspace: 18535K(18688K)->18535K(18688K) NonClass: 16707K(16832K)->16707K(16832K) Class: 1828K(1856K)->1828K(1856K)
[244.673s][info][gc             ] GC(637) Pause Young (Allocation Failure) 435M->357M(649M) 39.793ms
[244.673s][info][gc,cpu         ] GC(637) User=0.08s Sys=0.00s Real=0.04s
[244.797s][info][gc,start       ] GC(638) Pause Young (Allocation Failure)
[244.827s][info][gc,heap        ] GC(638) PSYoungGen: 142688K(222720K)->3232K(222720K) Eden: 111616K(111616K)->0K(111616K) From: 31072K(111104K)->3232K(111104K)
[244.827s][info][gc,heap        ] GC(638) ParOldGen: 334643K(442368K)->366035K(442368K)
[244.827s][info][gc,metaspace   ] GC(638) Metaspace: 18540K(18688K)->18540K(18688K) NonClass: 16711K(16832K)->16711K(16832K) Class: 1828K(1856K)->1828K(1856K)
[244.828s][info][gc             ] GC(638) Pause Young (Allocation Failure) 466M->360M(649M) 30.338ms
[244.828s][info][gc,cpu         ] GC(638) User=0.06s Sys=0.00s Real=0.03s
[244.895s][info][gc,start       ] GC(639) Pause Young (Allocation Failure)
[244.910s][info][gc,heap        ] GC(639) PSYoungGen: 114848K(222720K)->4960K(219648K) Eden: 111616K(111616K)->0K(111616K) From: 3232K(111104K)->4960K(108032K)
[244.910s][info][gc,heap        ] GC(639) ParOldGen: 366035K(442368K)->369267K(442368K)
[244.910s][info][gc,metaspace   ] GC(639) Metaspace: 18540K(18688K)->18540K(18688K) NonClass: 16711K(16832K)->16711K(16832K) Class: 1828K(1856K)->1828K(1856K)
[244.910s][info][gc             ] GC(639) Pause Young (Allocation Failure) 469M->365M(646M) 15.125ms
[244.910s][info][gc,cpu         ] GC(639) User=0.03s Sys=0.00s Real=0.02s
[245.009s][info][gc,start       ] GC(640) Pause Young (Allocation Failure)
[245.029s][info][gc,heap        ] GC(640) PSYoungGen: 116576K(219648K)->6209K(221184K) Eden: 111616K(111616K)->0K(111616K) From: 4960K(108032K)->6209K(109568K)
[245.029s][info][gc,heap        ] GC(640) ParOldGen: 369267K(442368K)->369267K(442368K)
[245.029s][info][gc,metaspace   ] GC(640) Metaspace: 18540K(18688K)->18540K(18688K) NonClass: 16712K(16832K)->16712K(16832K) Class: 1828K(1856K)->1828K(1856K)
[245.029s][info][gc             ] GC(640) Pause Young (Allocation Failure) 474M->366M(648M) 19.988ms
[245.029s][info][gc,cpu         ] GC(640) User=0.04s Sys=0.00s Real=0.02s
[245.165s][info][gc,start       ] GC(641) Pause Young (Allocation Failure)
[245.216s][info][gc,heap        ] GC(641) PSYoungGen: 117825K(221184K)->35137K(214528K) Eden: 111616K(111616K)->0K(117760K) From: 6209K(109568K)->35137K(96768K)
[245.216s][info][gc,heap        ] GC(641) ParOldGen: 369267K(442368K)->369267K(442368K)
[245.216s][info][gc,metaspace   ] GC(641) Metaspace: 18540K(18688K)->18540K(18688K) NonClass: 16712K(16832K)->16712K(16832K) Class: 1828K(1856K)->1828K(1856K)
[245.216s][info][gc             ] GC(641) Pause Young (Allocation Failure) 475M->394M(641M) 51.088ms
[245.216s][info][gc,cpu         ] GC(641) User=0.10s Sys=0.00s Real=0.06s
[245.305s][info][gc,start       ] GC(642) Pause Young (Allocation Failure)
[245.383s][info][gc,heap        ] GC(642) PSYoungGen: 152897K(214528K)->61825K(218624K) Eden: 117760K(117760K)->0K(117760K) From: 35137K(96768K)->61825K(100864K)
[245.383s][info][gc,heap        ] GC(642) ParOldGen: 369267K(442368K)->369267K(442368K)
[245.383s][info][gc,metaspace   ] GC(642) Metaspace: 18540K(18688K)->18540K(18688K) NonClass: 16712K(16832K)->16712K(16832K) Class: 1828K(1856K)->1828K(1856K)
[245.383s][info][gc             ] GC(642) Pause Young (Allocation Failure) 509M->420M(645M) 77.620ms
[245.383s][info][gc,cpu         ] GC(642) User=0.15s Sys=0.00s Real=0.07s
[245.541s][info][gc,start       ] GC(643) Pause Young (Allocation Failure)
[245.635s][info][gc,heap        ] GC(643) PSYoungGen: 179585K(218624K)->79297K(217088K) Eden: 117760K(117760K)->0K(111616K) From: 61825K(100864K)->79297K(105472K)
[245.635s][info][gc,heap        ] GC(643) ParOldGen: 369267K(442368K)->369267K(442368K)
[245.635s][info][gc,metaspace   ] GC(643) Metaspace: 18540K(18688K)->18540K(18688K) NonClass: 16712K(16832K)->16712K(16832K) Class: 1828K(1856K)->1828K(1856K)
[245.635s][info][gc             ] GC(643) Pause Young (Allocation Failure) 535M->438M(644M) 94.359ms
[245.635s][info][gc,cpu         ] GC(643) User=0.19s Sys=0.00s Real=0.10s
[245.738s][info][gc,start       ] GC(644) Pause Young (Allocation Failure)
[245.836s][info][gc,heap        ] GC(644) PSYoungGen: 190913K(217088K)->76225K(222720K) Eden: 111616K(111616K)->0K(111616K) From: 79297K(105472K)->76225K(111104K)
[245.836s][info][gc,heap        ] GC(644) ParOldGen: 369267K(442368K)->375387K(442368K)
[245.836s][info][gc,metaspace   ] GC(644) Metaspace: 18540K(18688K)->18540K(18688K) NonClass: 16712K(16832K)->16712K(16832K) Class: 1828K(1856K)->1828K(1856K)
[245.836s][info][gc             ] GC(644) Pause Young (Allocation Failure) 547M->441M(649M) 97.532ms
[245.836s][info][gc,cpu         ] GC(644) User=0.20s Sys=0.00s Real=0.10s
[245.965s][info][gc,start       ] GC(645) Pause Young (Allocation Failure)
[246.053s][info][gc,heap        ] GC(645) PSYoungGen: 187841K(222720K)->21024K(222720K) Eden: 111616K(111616K)->0K(111616K) From: 76225K(111104K)->21024K(111104K)
[246.053s][info][gc,heap        ] GC(645) ParOldGen: 375387K(442368K)->431262K(442368K)
[246.053s][info][gc,metaspace   ] GC(645) Metaspace: 18540K(18688K)->18540K(18688K) NonClass: 16712K(16832K)->16712K(16832K) Class: 1828K(1856K)->1828K(1856K)
[246.053s][info][gc             ] GC(645) Pause Young (Allocation Failure) 550M->441M(649M) 87.963ms
[246.053s][info][gc,cpu         ] GC(645) User=0.18s Sys=0.00s Real=0.08s
[246.173s][info][gc,start       ] GC(646) Pause Young (Allocation Failure)
[246.208s][info][gc,heap        ] GC(646) PSYoungGen: 132640K(222720K)->4000K(222720K) Eden: 111616K(111616K)->0K(111616K) From: 21024K(111104K)->4000K(111104K)
[246.208s][info][gc,heap        ] GC(646) ParOldGen: 431262K(442368K)->451806K(452096K)
[246.208s][info][gc,metaspace   ] GC(646) Metaspace: 18540K(18688K)->18540K(18688K) NonClass: 16712K(16832K)->16712K(16832K) Class: 1828K(1856K)->1828K(1856K)
[246.208s][info][gc             ] GC(646) Pause Young (Allocation Failure) 550M->445M(659M) 34.659ms
[246.208s][info][gc,cpu         ] GC(646) User=0.06s Sys=0.01s Real=0.04s
[246.445s][info][gc,start       ] GC(647) Pause Young (Allocation Failure)
[246.464s][info][gc,heap        ] GC(647) PSYoungGen: 115616K(222720K)->8864K(222720K) Eden: 111616K(111616K)->0K(111616K) From: 4000K(111104K)->8864K(111104K)
[246.464s][info][gc,heap        ] GC(647) ParOldGen: 451806K(452096K)->455790K(456192K)
[246.464s][info][gc,metaspace   ] GC(647) Metaspace: 18540K(18688K)->18540K(18688K) NonClass: 16712K(16832K)->16712K(16832K) Class: 1828K(1856K)->1828K(1856K)
[246.464s][info][gc             ] GC(647) Pause Young (Allocation Failure) 554M->453M(663M) 18.577ms
[246.464s][info][gc,cpu         ] GC(647) User=0.03s Sys=0.00s Real=0.01s
[246.632s][info][gc,start       ] GC(648) Pause Young (Allocation Failure)
[246.665s][info][gc,heap        ] GC(648) PSYoungGen: 120480K(222720K)->14048K(125952K) Eden: 111616K(111616K)->0K(111616K) From: 8864K(111104K)->14048K(14336K)
[246.665s][info][gc,heap        ] GC(648) ParOldGen: 455790K(456192K)->464659K(464896K)
[246.665s][info][gc,metaspace   ] GC(648) Metaspace: 18540K(18688K)->18540K(18688K) NonClass: 16712K(16832K)->16712K(16832K) Class: 1828K(1856K)->1828K(1856K)
[246.665s][info][gc             ] GC(648) Pause Young (Allocation Failure) 562M->467M(577M) 32.340ms
[246.665s][info][gc,cpu         ] GC(648) User=0.05s Sys=0.01s Real=0.04s
[247.019s][info][gc,start       ] GC(649) Pause Young (Allocation Failure)
[247.035s][info][gc,heap        ] GC(649) PSYoungGen: 125664K(125952K)->14112K(222208K) Eden: 111616K(111616K)->0K(116224K) From: 14048K(14336K)->14112K(105984K)
[247.035s][info][gc,heap        ] GC(649) ParOldGen: 464659K(464896K)->464659K(464896K)
[247.035s][info][gc,metaspace   ] GC(649) Metaspace: 18540K(18688K)->18540K(18688K) NonClass: 16712K(16832K)->16712K(16832K) Class: 1828K(1856K)->1828K(1856K)
[247.035s][info][gc             ] GC(649) Pause Young (Allocation Failure) 576M->467M(671M) 16.461ms
[247.035s][info][gc,cpu         ] GC(649) User=0.03s Sys=0.00s Real=0.02s
[247.357s][info][gc,start       ] GC(650) Pause Young (Allocation Failure)
[247.374s][info][gc,heap        ] GC(650) PSYoungGen: 130336K(222208K)->14208K(219648K) Eden: 116224K(116224K)->0K(116224K) From: 14112K(105984K)->14208K(103424K)
[247.374s][info][gc,heap        ] GC(650) ParOldGen: 464659K(464896K)->464659K(464896K)
[247.374s][info][gc,metaspace   ] GC(650) Metaspace: 18540K(18688K)->18540K(18688K) NonClass: 16712K(16832K)->16712K(16832K) Class: 1828K(1856K)->1828K(1856K)
[247.374s][info][gc             ] GC(650) Pause Young (Allocation Failure) 581M->467M(668M) 16.727ms
[247.374s][info][gc,cpu         ] GC(650) User=0.03s Sys=0.00s Real=0.01s
[247.673s][info][gc,start       ] GC(651) Pause Young (Allocation Failure)
[247.699s][info][gc,heap        ] GC(651) PSYoungGen: 130432K(219648K)->14208K(211456K) Eden: 116224K(116224K)->0K(122368K) From: 14208K(103424K)->14208K(89088K)
[247.699s][info][gc,heap        ] GC(651) ParOldGen: 464659K(464896K)->464659K(464896K)
[247.699s][info][gc,metaspace   ] GC(651) Metaspace: 18541K(18688K)->18541K(18688K) NonClass: 16712K(16832K)->16712K(16832K) Class: 1828K(1856K)->1828K(1856K)
[247.699s][info][gc             ] GC(651) Pause Young (Allocation Failure) 581M->467M(660M) 26.349ms
[247.699s][info][gc,cpu         ] GC(651) User=0.05s Sys=0.00s Real=0.03s
[247.933s][info][gc,start       ] GC(652) Pause Young (Allocation Failure)
[247.959s][info][gc,heap        ] GC(652) PSYoungGen: 136576K(211456K)->24374K(216576K) Eden: 122368K(122368K)->0K(122368K) From: 14208K(89088K)->24374K(94208K)
[247.959s][info][gc,heap        ] GC(652) ParOldGen: 464659K(464896K)->464659K(464896K)
[247.959s][info][gc,metaspace   ] GC(652) Metaspace: 18541K(18688K)->18541K(18688K) NonClass: 16712K(16832K)->16712K(16832K) Class: 1828K(1856K)->1828K(1856K)
[247.959s][info][gc             ] GC(652) Pause Young (Allocation Failure) 587M->477M(665M) 25.896ms
[247.959s][info][gc,cpu         ] GC(652) User=0.05s Sys=0.00s Real=0.03s
[248.027s][info][gc,start       ] GC(653) Pause Young (Allocation Failure)
[248.086s][info][gc,heap        ] GC(653) PSYoungGen: 146742K(216576K)->69430K(207360K) Eden: 122368K(122368K)->0K(119296K) From: 24374K(94208K)->69430K(88064K)
[248.086s][info][gc,heap        ] GC(653) ParOldGen: 464659K(464896K)->464659K(464896K)
[248.086s][info][gc,metaspace   ] GC(653) Metaspace: 18541K(18688K)->18541K(18688K) NonClass: 16712K(16832K)->16712K(16832K) Class: 1828K(1856K)->1828K(1856K)
[248.086s][info][gc             ] GC(653) Pause Young (Allocation Failure) 597M->521M(656M) 58.770ms
[248.086s][info][gc,cpu         ] GC(653) User=0.12s Sys=0.00s Real=0.06s
[248.265s][info][gc,start       ] GC(654) Pause Young (Allocation Failure)
[248.336s][info][gc,heap        ] GC(654) PSYoungGen: 188726K(207360K)->93542K(216576K) Eden: 119296K(119296K)->0K(119296K) From: 69430K(88064K)->93542K(97280K)
[248.336s][info][gc,heap        ] GC(654) ParOldGen: 464659K(464896K)->464659K(464896K)
[248.336s][info][gc,metaspace   ] GC(654) Metaspace: 18541K(18688K)->18541K(18688K) NonClass: 16712K(16832K)->16712K(16832K) Class: 1828K(1856K)->1828K(1856K)
[248.336s][info][gc             ] GC(654) Pause Young (Allocation Failure) 638M->545M(665M) 71.323ms
[248.336s][info][gc,cpu         ] GC(654) User=0.15s Sys=0.00s Real=0.07s
[248.439s][info][gc,start       ] GC(655) Pause Young (Allocation Failure)
[248.519s][info][gc,heap        ] GC(655) PSYoungGen: 212838K(216576K)->81846K(222720K) Eden: 119296K(119296K)->0K(111616K) From: 93542K(97280K)->81846K(111104K)
[248.519s][info][gc,heap        ] GC(655) ParOldGen: 464659K(464896K)->478755K(479232K)
[248.519s][info][gc,metaspace   ] GC(655) Metaspace: 18541K(18688K)->18541K(18688K) NonClass: 16712K(16832K)->16712K(16832K) Class: 1828K(1856K)->1828K(1856K)
[248.519s][info][gc             ] GC(655) Pause Young (Allocation Failure) 661M->547M(685M) 79.679ms
[248.519s][info][gc,cpu         ] GC(655) User=0.15s Sys=0.01s Real=0.08s
[248.715s][info][gc,start       ] GC(656) Pause Young (Allocation Failure)
[248.814s][info][gc,heap        ] GC(656) PSYoungGen: 193462K(222720K)->100931K(222720K) Eden: 111616K(111616K)->0K(111616K) From: 81846K(111104K)->100931K(111104K)
[248.814s][info][gc,heap        ] GC(656) ParOldGen: 478755K(479232K)->478899K(479232K)
[248.814s][info][gc,metaspace   ] GC(656) Metaspace: 18541K(18688K)->18541K(18688K) NonClass: 16712K(16832K)->16712K(16832K) Class: 1828K(1856K)->1828K(1856K)
[248.814s][info][gc             ] GC(656) Pause Young (Allocation Failure) 656M->566M(685M) 98.601ms
[248.814s][info][gc,cpu         ] GC(656) User=0.19s Sys=0.00s Real=0.09s
[248.961s][info][gc,start       ] GC(657) Pause Young (Allocation Failure)
[249.102s][info][gc,heap        ] GC(657) PSYoungGen: 212547K(222720K)->64437K(222720K) Eden: 111616K(111616K)->0K(111616K) From: 100931K(111104K)->64437K(111104K)
[249.102s][info][gc,heap        ] GC(657) ParOldGen: 478899K(479232K)->534749K(535040K)
[249.103s][info][gc,metaspace   ] GC(657) Metaspace: 18541K(18688K)->18541K(18688K) NonClass: 16712K(16832K)->16712K(16832K) Class: 1828K(1856K)->1828K(1856K)
[249.103s][info][gc             ] GC(657) Pause Young (Allocation Failure) 675M->585M(740M) 141.611ms
[249.103s][info][gc,cpu         ] GC(657) User=0.24s Sys=0.04s Real=0.14s
[249.215s][info][gc,start       ] GC(658) Pause Young (Allocation Failure)
[249.323s][info][gc,heap        ] GC(658) PSYoungGen: 176053K(222720K)->56876K(222720K) Eden: 111616K(111616K)->0K(111616K) From: 64437K(111104K)->56876K(111104K)
[249.323s][info][gc,heap        ] GC(658) ParOldGen: 534749K(535040K)->561477K(561664K)
[249.323s][info][gc,metaspace   ] GC(658) Metaspace: 18541K(18688K)->18541K(18688K) NonClass: 16712K(16832K)->16712K(16832K) Class: 1828K(1856K)->1828K(1856K)
[249.323s][info][gc             ] GC(658) Pause Young (Allocation Failure) 694M->603M(766M) 107.750ms
[249.323s][info][gc,cpu         ] GC(658) User=0.20s Sys=0.02s Real=0.10s
[249.417s][info][gc,start       ] GC(659) Pause Young (Allocation Failure)
[249.517s][info][gc,heap        ] GC(659) PSYoungGen: 168492K(222720K)->27856K(222720K) Eden: 111616K(111616K)->0K(111616K) From: 56876K(111104K)->27856K(111104K)
[249.517s][info][gc,heap        ] GC(659) ParOldGen: 561477K(561664K)->599513K(599552K)
[249.517s][info][gc,metaspace   ] GC(659) Metaspace: 18543K(18688K)->18543K(18688K) NonClass: 16714K(16832K)->16714K(16832K) Class: 1828K(1856K)->1828K(1856K)
[249.517s][info][gc             ] GC(659) Pause Young (Allocation Failure) 712M->612M(803M) 99.925ms
[249.517s][info][gc,cpu         ] GC(659) User=0.15s Sys=0.04s Real=0.10s
[249.583s][info][gc,start       ] GC(660) Pause Young (Allocation Failure)
[249.638s][info][gc,heap        ] GC(660) PSYoungGen: 139472K(222720K)->8416K(222720K) Eden: 111616K(111616K)->0K(111616K) From: 27856K(111104K)->8416K(111104K)
[249.638s][info][gc,heap        ] GC(660) ParOldGen: 599513K(599552K)->626779K(627200K)
[249.638s][info][gc,metaspace   ] GC(660) Metaspace: 18543K(18688K)->18543K(18688K) NonClass: 16714K(16832K)->16714K(16832K) Class: 1828K(1856K)->1828K(1856K)
[249.638s][info][gc             ] GC(660) Pause Young (Allocation Failure) 721M->620M(830M) 54.957ms
[249.638s][info][gc,cpu         ] GC(660) User=0.09s Sys=0.02s Real=0.06s
[249.726s][info][gc,start       ] GC(661) Pause Full (Allocation Failure)
[249.726s][info][gc,phases,start] GC(661) Marking Phase
[249.991s][info][gc,phases      ] GC(661) Marking Phase 265.189ms
[249.991s][info][gc,phases,start] GC(661) Summary Phase
[249.991s][info][gc,phases      ] GC(661) Summary Phase 0.028ms
[249.991s][info][gc,phases,start] GC(661) Forward
[250.065s][info][gc,phases      ] GC(661) Forward 73.322ms
[250.065s][info][gc,phases,start] GC(661) Adjust Pointers
[250.271s][info][gc,phases      ] GC(661) Adjust Pointers 205.797ms
[250.271s][info][gc,phases,start] GC(661) Compaction Phase
[250.389s][info][gc,phases      ] GC(661) Compaction Phase 118.286ms
[250.395s][info][gc,phases,start] GC(661) Post Compact
[250.397s][info][gc,phases      ] GC(661) Post Compact 2.230ms
[250.397s][info][gc,heap        ] GC(661) PSYoungGen: 120032K(222720K)->0K(222720K) Eden: 111616K(111616K)->0K(111616K) From: 8416K(111104K)->0K(111104K)
[250.397s][info][gc,heap        ] GC(661) ParOldGen: 626779K(627200K)->364707K(667648K)
[250.397s][info][gc,metaspace   ] GC(661) Metaspace: 18543K(18688K)->18543K(18688K) NonClass: 16714K(16832K)->16714K(16832K) Class: 1828K(1856K)->1828K(1856K)
[250.397s][info][gc             ] GC(661) Pause Full (Allocation Failure) 729M->356M(869M) 671.251ms
[250.397s][info][gc,cpu         ] GC(661) User=1.28s Sys=0.00s Real=0.67s
[250.481s][info][gc,start       ] GC(662) Pause Young (Allocation Failure)
[250.511s][info][gc,heap        ] GC(662) PSYoungGen: 111616K(222720K)->24640K(222720K) Eden: 111616K(111616K)->0K(111616K) From: 0K(111104K)->24640K(111104K)
[250.511s][info][gc,heap        ] GC(662) ParOldGen: 364707K(667648K)->364707K(667648K)
[250.511s][info][gc,metaspace   ] GC(662) Metaspace: 18543K(18688K)->18543K(18688K) NonClass: 16714K(16832K)->16714K(16832K) Class: 1828K(1856K)->1828K(1856K)
[250.511s][info][gc             ] GC(662) Pause Young (Allocation Failure) 465M->380M(869M) 29.859ms
[250.511s][info][gc,cpu         ] GC(662) User=0.05s Sys=0.00s Real=0.03s
[250.576s][info][gc,start       ] GC(663) Pause Young (Allocation Failure)
[250.597s][info][gc,heap        ] GC(663) PSYoungGen: 136256K(222720K)->192K(222720K) Eden: 111616K(111616K)->0K(111616K) From: 24640K(111104K)->192K(111104K)
[250.597s][info][gc,heap        ] GC(663) ParOldGen: 364707K(667648K)->389563K(667648K)
[250.597s][info][gc,metaspace   ] GC(663) Metaspace: 18543K(18688K)->18543K(18688K) NonClass: 16714K(16832K)->16714K(16832K) Class: 1828K(1856K)->1828K(1856K)
[250.597s][info][gc             ] GC(663) Pause Young (Allocation Failure) 489M->380M(869M) 20.752ms
[250.597s][info][gc,cpu         ] GC(663) User=0.04s Sys=0.00s Real=0.02s
[250.679s][info][gc,start       ] GC(664) Pause Young (Allocation Failure)
[250.681s][info][gc,heap        ] GC(664) PSYoungGen: 111808K(222720K)->416K(222720K) Eden: 111616K(111616K)->0K(111616K) From: 192K(111104K)->416K(111104K)
[250.681s][info][gc,heap        ] GC(664) ParOldGen: 389563K(667648K)->389739K(667648K)
[250.681s][info][gc,metaspace   ] GC(664) Metaspace: 18543K(18688K)->18543K(18688K) NonClass: 16714K(16832K)->16714K(16832K) Class: 1828K(1856K)->1828K(1856K)
[250.681s][info][gc             ] GC(664) Pause Young (Allocation Failure) 489M->381M(869M) 2.823ms
[250.681s][info][gc,cpu         ] GC(664) User=0.01s Sys=0.00s Real=0.00s
[250.782s][info][gc,start       ] GC(665) Pause Young (Allocation Failure)
[250.806s][info][gc,heap        ] GC(665) PSYoungGen: 112032K(222720K)->14560K(222720K) Eden: 111616K(111616K)->0K(111616K) From: 416K(111104K)->14560K(111104K)
[250.806s][info][gc,heap        ] GC(665) ParOldGen: 389739K(667648K)->390115K(667648K)
[250.806s][info][gc,metaspace   ] GC(665) Metaspace: 18543K(18688K)->18543K(18688K) NonClass: 16714K(16832K)->16714K(16832K) Class: 1828K(1856K)->1828K(1856K)
[250.806s][info][gc             ] GC(665) Pause Young (Allocation Failure) 490M->395M(869M) 24.220ms
[250.806s][info][gc,cpu         ] GC(665) User=0.05s Sys=0.00s Real=0.03s
[250.891s][info][gc,start       ] GC(666) Pause Young (Allocation Failure)
[250.940s][info][gc,heap        ] GC(666) PSYoungGen: 126176K(222720K)->26272K(138240K) Eden: 111616K(111616K)->0K(111616K) From: 14560K(111104K)->26272K(26624K)
[250.940s][info][gc,heap        ] GC(666) ParOldGen: 390115K(667648K)->404414K(667648K)
[250.940s][info][gc,metaspace   ] GC(666) Metaspace: 18543K(18688K)->18543K(18688K) NonClass: 16714K(16832K)->16714K(16832K) Class: 1828K(1856K)->1828K(1856K)
[250.940s][info][gc             ] GC(666) Pause Young (Allocation Failure) 504M->420M(787M) 48.821ms
[250.940s][info][gc,cpu         ] GC(666) User=0.10s Sys=0.00s Real=0.05s
[251.064s][info][gc,start       ] GC(667) Pause Young (Allocation Failure)
[251.104s][info][gc,heap        ] GC(667) PSYoungGen: 137888K(138240K)->36000K(220672K) Eden: 111616K(111616K)->0K(117248K) From: 26272K(26624K)->36000K(103424K)
[251.104s][info][gc,heap        ] GC(667) ParOldGen: 404414K(667648K)->404414K(667648K)
[251.104s][info][gc,metaspace   ] GC(667) Metaspace: 18543K(18688K)->18543K(18688K) NonClass: 16714K(16832K)->16714K(16832K) Class: 1828K(1856K)->1828K(1856K)
[251.104s][info][gc             ] GC(667) Pause Young (Allocation Failure) 529M->430M(867M) 40.793ms
[251.104s][info][gc,cpu         ] GC(667) User=0.08s Sys=0.00s Real=0.04s
[251.257s][info][gc,start       ] GC(668) Pause Young (Allocation Failure)
[251.299s][info][gc,heap        ] GC(668) PSYoungGen: 153248K(220672K)->37984K(216576K) Eden: 117248K(117248K)->0K(117248K) From: 36000K(103424K)->37984K(99328K)
[251.299s][info][gc,heap        ] GC(668) ParOldGen: 404414K(667648K)->404414K(667648K)
[251.299s][info][gc,metaspace   ] GC(668) Metaspace: 18543K(18688K)->18543K(18688K) NonClass: 16714K(16832K)->16714K(16832K) Class: 1828K(1856K)->1828K(1856K)
[251.299s][info][gc             ] GC(668) Pause Young (Allocation Failure) 544M->432M(863M) 41.399ms
[251.299s][info][gc,cpu         ] GC(668) User=0.08s Sys=0.00s Real=0.04s
[251.591s][info][gc,start       ] GC(669) Pause Young (Allocation Failure)
[251.641s][info][gc,heap        ] GC(669) PSYoungGen: 155232K(216576K)->46048K(218112K) Eden: 117248K(117248K)->0K(126976K) From: 37984K(99328K)->46048K(91136K)
[251.641s][info][gc,heap        ] GC(669) ParOldGen: 404414K(667648K)->404414K(667648K)
[251.641s][info][gc,metaspace   ] GC(669) Metaspace: 18543K(18688K)->18543K(18688K) NonClass: 16714K(16832K)->16714K(16832K) Class: 1828K(1856K)->1828K(1856K)
[251.641s][info][gc             ] GC(669) Pause Young (Allocation Failure) 546M->439M(865M) 49.353ms
[251.641s][info][gc,cpu         ] GC(669) User=0.10s Sys=0.00s Real=0.05s
[251.990s][info][gc,start       ] GC(670) Pause Young (Allocation Failure)
[252.039s][info][gc,heap        ] GC(670) PSYoungGen: 173024K(218112K)->46208K(220160K) Eden: 126976K(126976K)->0K(126976K) From: 46048K(91136K)->46208K(93184K)
[252.040s][info][gc,heap        ] GC(670) ParOldGen: 404414K(667648K)->404414K(667648K)
[252.040s][info][gc,metaspace   ] GC(670) Metaspace: 18543K(18688K)->18543K(18688K) NonClass: 16714K(16832K)->16714K(16832K) Class: 1828K(1856K)->1828K(1856K)
[252.040s][info][gc             ] GC(670) Pause Young (Allocation Failure) 563M->440M(867M) 49.067ms
[252.040s][info][gc,cpu         ] GC(670) User=0.09s Sys=0.00s Real=0.05s
[252.290s][info][gc,start       ] GC(671) Pause Young (Allocation Failure)
[252.354s][info][gc,heap        ] GC(671) PSYoungGen: 173184K(220160K)->59472K(225792K) Eden: 126976K(126976K)->0K(133632K) From: 46208K(93184K)->59472K(92160K)
[252.354s][info][gc,heap        ] GC(671) ParOldGen: 404414K(667648K)->404414K(667648K)
[252.354s][info][gc,metaspace   ] GC(671) Metaspace: 18543K(18688K)->18543K(18688K) NonClass: 16714K(16832K)->16714K(16832K) Class: 1828K(1856K)->1828K(1856K)
[252.354s][info][gc             ] GC(671) Pause Young (Allocation Failure) 564M->453M(872M) 63.614ms
[252.354s][info][gc,cpu         ] GC(671) User=0.12s Sys=0.00s Real=0.06s
[252.522s][info][gc,start       ] GC(672) Pause Young (Allocation Failure)
[252.591s][info][gc,heap        ] GC(672) PSYoungGen: 193104K(225792K)->68240K(228864K) Eden: 133632K(133632K)->0K(133632K) From: 59472K(92160K)->68240K(95232K)
[252.592s][info][gc,heap        ] GC(672) ParOldGen: 404414K(667648K)->404414K(667648K)
[252.592s][info][gc,metaspace   ] GC(672) Metaspace: 18543K(18688K)->18543K(18688K) NonClass: 16714K(16832K)->16714K(16832K) Class: 1828K(1856K)->1828K(1856K)
[252.592s][info][gc             ] GC(672) Pause Young (Allocation Failure) 583M->461M(875M) 69.487ms
[252.592s][info][gc,cpu         ] GC(672) User=0.13s Sys=0.00s Real=0.07s
[252.770s][info][gc,start       ] GC(673) Pause Young (Allocation Failure)
[252.866s][info][gc,heap        ] GC(673) PSYoungGen: 201872K(228864K)->91776K(212480K) Eden: 133632K(133632K)->0K(111616K) From: 68240K(95232K)->91776K(100864K)
[252.866s][info][gc,heap        ] GC(673) ParOldGen: 404414K(667648K)->404414K(667648K)
[252.866s][info][gc,metaspace   ] GC(673) Metaspace: 18543K(18688K)->18543K(18688K) NonClass: 16714K(16832K)->16714K(16832K) Class: 1828K(1856K)->1828K(1856K)
[252.867s][info][gc             ] GC(673) Pause Young (Allocation Failure) 592M->484M(859M) 96.221ms
[252.867s][info][gc,cpu         ] GC(673) User=0.18s Sys=0.02s Real=0.10s
[252.929s][info][gc,start       ] GC(674) Pause Young (Allocation Failure)
[253.043s][info][gc,heap        ] GC(674) PSYoungGen: 203392K(212480K)->96688K(222720K) Eden: 111616K(111616K)->0K(111616K) From: 91776K(100864K)->96688K(111104K)
[253.043s][info][gc,heap        ] GC(674) ParOldGen: 404414K(667648K)->440497K(667648K)
[253.043s][info][gc,metaspace   ] GC(674) Metaspace: 18543K(18688K)->18543K(18688K) NonClass: 16714K(16832K)->16714K(16832K) Class: 1828K(1856K)->1828K(1856K)
[253.043s][info][gc             ] GC(674) Pause Young (Allocation Failure) 593M->524M(869M) 114.567ms
[253.043s][info][gc,cpu         ] GC(674) User=0.23s Sys=0.00s Real=0.11s
[253.237s][info][gc,start       ] GC(675) Pause Young (Allocation Failure)
[253.322s][info][gc,heap        ] GC(675) PSYoungGen: 208304K(222720K)->102736K(222720K) Eden: 111616K(111616K)->0K(111616K) From: 96688K(111104K)->102736K(111104K)
[253.322s][info][gc,heap        ] GC(675) ParOldGen: 440497K(667648K)->450577K(667648K)
[253.322s][info][gc,metaspace   ] GC(675) Metaspace: 18543K(18688K)->18543K(18688K) NonClass: 16714K(16832K)->16714K(16832K) Class: 1828K(1856K)->1828K(1856K)
[253.322s][info][gc             ] GC(675) Pause Young (Allocation Failure) 633M->540M(869M) 85.224ms
[253.322s][info][gc,cpu         ] GC(675) User=0.17s Sys=0.00s Real=0.08s
[253.471s][info][gc,start       ] GC(676) Pause Young (Allocation Failure)
[253.549s][info][gc,heap        ] GC(676) PSYoungGen: 214352K(222720K)->91807K(222720K) Eden: 111616K(111616K)->0K(111616K) From: 102736K(111104K)->91807K(111104K)
[253.550s][info][gc,heap        ] GC(676) ParOldGen: 450577K(667648K)->464118K(667648K)
[253.550s][info][gc,metaspace   ] GC(676) Metaspace: 18543K(18688K)->18543K(18688K) NonClass: 16714K(16832K)->16714K(16832K) Class: 1828K(1856K)->1828K(1856K)
[253.550s][info][gc             ] GC(676) Pause Young (Allocation Failure) 649M->542M(869M) 79.018ms
[253.550s][info][gc,cpu         ] GC(676) User=0.16s Sys=0.00s Real=0.08s
[253.710s][info][gc,start       ] GC(677) Pause Young (Allocation Failure)
[253.838s][info][gc,heap        ] GC(677) PSYoungGen: 203423K(222720K)->94639K(222720K) Eden: 111616K(111616K)->0K(111616K) From: 91807K(111104K)->94639K(111104K)
[253.838s][info][gc,heap        ] GC(677) ParOldGen: 464118K(667648K)->496662K(667648K)
[253.838s][info][gc,metaspace   ] GC(677) Metaspace: 18543K(18688K)->18543K(18688K) NonClass: 16714K(16832K)->16714K(16832K) Class: 1828K(1856K)->1828K(1856K)
[253.838s][info][gc             ] GC(677) Pause Young (Allocation Failure) 651M->577M(869M) 127.810ms
[253.838s][info][gc,cpu         ] GC(677) User=0.26s Sys=0.00s Real=0.13s
[253.950s][info][gc,start       ] GC(678) Pause Young (Allocation Failure)
[254.069s][info][gc,heap        ] GC(678) PSYoungGen: 206255K(222720K)->62463K(222720K) Eden: 111616K(111616K)->0K(111616K) From: 94639K(111104K)->62463K(111104K)
[254.069s][info][gc,heap        ] GC(678) ParOldGen: 496662K(667648K)->554370K(667648K)
[254.069s][info][gc,metaspace   ] GC(678) Metaspace: 18543K(18688K)->18543K(18688K) NonClass: 16714K(16832K)->16714K(16832K) Class: 1828K(1856K)->1828K(1856K)
[254.069s][info][gc             ] GC(678) Pause Young (Allocation Failure) 686M->602M(869M) 118.779ms
[254.069s][info][gc,cpu         ] GC(678) User=0.24s Sys=0.00s Real=0.12s
[254.189s][info][gc,start       ] GC(679) Pause Young (Allocation Failure)
[254.275s][info][gc,heap        ] GC(679) PSYoungGen: 174079K(222720K)->31602K(222720K) Eden: 111616K(111616K)->0K(111616K) From: 62463K(111104K)->31602K(111104K)
[254.275s][info][gc,heap        ] GC(679) ParOldGen: 554370K(667648K)->592113K(667648K)
[254.275s][info][gc,metaspace   ] GC(679) Metaspace: 18543K(18688K)->18543K(18688K) NonClass: 16714K(16832K)->16714K(16832K) Class: 1828K(1856K)->1828K(1856K)
[254.276s][info][gc             ] GC(679) Pause Young (Allocation Failure) 711M->609M(869M) 87.000ms
[254.276s][info][gc,cpu         ] GC(679) User=0.18s Sys=0.00s Real=0.09s
[254.321s][info][gc,start       ] GC(680) Pause Young (Allocation Failure)
[254.377s][info][gc,heap        ] GC(680) PSYoungGen: 143218K(222720K)->27408K(222720K) Eden: 111616K(111616K)->0K(111616K) From: 31602K(111104K)->27408K(111104K)
[254.377s][info][gc,heap        ] GC(680) ParOldGen: 592113K(667648K)->623814K(667648K)
[254.377s][info][gc,metaspace   ] GC(680) Metaspace: 18543K(18688K)->18543K(18688K) NonClass: 16714K(16832K)->16714K(16832K) Class: 1828K(1856K)->1828K(1856K)
[254.377s][info][gc             ] GC(680) Pause Young (Allocation Failure) 718M->635M(869M) 55.964ms
[254.377s][info][gc,cpu         ] GC(680) User=0.11s Sys=0.00s Real=0.06s
[254.423s][info][gc,start       ] GC(681) Pause Full (Allocation Failure)
[254.423s][info][gc,phases,start] GC(681) Marking Phase
[254.737s][info][gc,phases      ] GC(681) Marking Phase 313.756ms
[254.737s][info][gc,phases,start] GC(681) Summary Phase
[254.737s][info][gc,phases      ] GC(681) Summary Phase 0.030ms
[254.737s][info][gc,phases,start] GC(681) Forward
[254.828s][info][gc,phases      ] GC(681) Forward 90.795ms
[254.828s][info][gc,phases,start] GC(681) Adjust Pointers
[255.069s][info][gc,phases      ] GC(681) Adjust Pointers 240.379ms
[255.069s][info][gc,phases,start] GC(681) Compaction Phase
[255.206s][info][gc,phases      ] GC(681) Compaction Phase 137.688ms
[255.213s][info][gc,phases,start] GC(681) Post Compact
[255.215s][info][gc,phases      ] GC(681) Post Compact 2.271ms
[255.215s][info][gc,heap        ] GC(681) PSYoungGen: 139024K(222720K)->0K(222720K) Eden: 111616K(111616K)->0K(111616K) From: 27408K(111104K)->0K(111104K)
[255.215s][info][gc,heap        ] GC(681) ParOldGen: 623814K(667648K)->438566K(667648K)
[255.215s][info][gc,metaspace   ] GC(681) Metaspace: 18543K(18688K)->18543K(18688K) NonClass: 16714K(16832K)->16714K(16832K) Class: 1828K(1856K)->1828K(1856K)
[255.215s][info][gc             ] GC(681) Pause Full (Allocation Failure) 744M->428M(869M) 792.026ms
[255.215s][info][gc,cpu         ] GC(681) User=1.52s Sys=0.00s Real=0.80s
[255.312s][info][gc,start       ] GC(682) Pause Young (Allocation Failure)
[255.334s][info][gc,heap        ] GC(682) PSYoungGen: 111616K(222720K)->18944K(222720K) Eden: 111616K(111616K)->0K(111616K) From: 0K(111104K)->18944K(111104K)
[255.334s][info][gc,heap        ] GC(682) ParOldGen: 438566K(667648K)->438566K(667648K)
[255.334s][info][gc,metaspace   ] GC(682) Metaspace: 18543K(18688K)->18543K(18688K) NonClass: 16714K(16832K)->16714K(16832K) Class: 1828K(1856K)->1828K(1856K)
[255.334s][info][gc             ] GC(682) Pause Young (Allocation Failure) 537M->446M(869M) 21.846ms
[255.334s][info][gc,cpu         ] GC(682) User=0.04s Sys=0.00s Real=0.02s
[255.436s][info][gc,start       ] GC(683) Pause Young (Allocation Failure)
[255.465s][info][gc,heap        ] GC(683) PSYoungGen: 130560K(222720K)->6112K(222720K) Eden: 111616K(111616K)->0K(111616K) From: 18944K(111104K)->6112K(111104K)
[255.465s][info][gc,heap        ] GC(683) ParOldGen: 438566K(667648K)->457706K(667648K)
[255.465s][info][gc,metaspace   ] GC(683) Metaspace: 18543K(18688K)->18543K(18688K) NonClass: 16714K(16832K)->16714K(16832K) Class: 1828K(1856K)->1828K(1856K)
[255.465s][info][gc             ] GC(683) Pause Young (Allocation Failure) 555M->452M(869M) 29.481ms
[255.465s][info][gc,cpu         ] GC(683) User=0.05s Sys=0.00s Real=0.03s
[255.539s][info][gc,start       ] GC(684) Pause Young (Allocation Failure)
[255.556s][info][gc,heap        ] GC(684) PSYoungGen: 117728K(222720K)->1632K(222720K) Eden: 111616K(111616K)->0K(111616K) From: 6112K(111104K)->1632K(111104K)
[255.556s][info][gc,heap        ] GC(684) ParOldGen: 457706K(667648K)->463794K(667648K)
[255.556s][info][gc,metaspace   ] GC(684) Metaspace: 18543K(18688K)->18543K(18688K) NonClass: 16714K(16832K)->16714K(16832K) Class: 1828K(1856K)->1828K(1856K)
[255.556s][info][gc             ] GC(684) Pause Young (Allocation Failure) 561M->454M(869M) 17.401ms
[255.556s][info][gc,cpu         ] GC(684) User=0.03s Sys=0.00s Real=0.02s
[255.699s][info][gc,start       ] GC(685) Pause Young (Allocation Failure)
[255.748s][info][gc,heap        ] GC(685) PSYoungGen: 113248K(222720K)->29056K(222720K) Eden: 111616K(111616K)->0K(111616K) From: 1632K(111104K)->29056K(111104K)
[255.748s][info][gc,heap        ] GC(685) ParOldGen: 463794K(667648K)->465426K(667648K)
[255.748s][info][gc,metaspace   ] GC(685) Metaspace: 18543K(18688K)->18543K(18688K) NonClass: 16714K(16832K)->16714K(16832K) Class: 1828K(1856K)->1828K(1856K)
[255.748s][info][gc             ] GC(685) Pause Young (Allocation Failure) 563M->482M(869M) 48.781ms
[255.748s][info][gc,cpu         ] GC(685) User=0.09s Sys=0.00s Real=0.05s
[255.870s][info][gc,start       ] GC(686) Pause Young (Allocation Failure)
[255.939s][info][gc,heap        ] GC(686) PSYoungGen: 140672K(222720K)->27024K(222720K) Eden: 111616K(111616K)->0K(111616K) From: 29056K(111104K)->27024K(111104K)
[255.939s][info][gc,heap        ] GC(686) ParOldGen: 465426K(667648K)->494570K(667648K)
[255.939s][info][gc,metaspace   ] GC(686) Metaspace: 18543K(18688K)->18543K(18688K) NonClass: 16714K(16832K)->16714K(16832K) Class: 1828K(1856K)->1828K(1856K)
[255.939s][info][gc             ] GC(686) Pause Young (Allocation Failure) 591M->509M(869M) 69.506ms
[255.939s][info][gc,cpu         ] GC(686) User=0.13s Sys=0.00s Real=0.07s
[256.014s][info][gc,start       ] GC(687) Pause Young (Allocation Failure)
[256.076s][info][gc,heap        ] GC(687) PSYoungGen: 138640K(222720K)->29824K(222720K) Eden: 111616K(111616K)->0K(111616K) From: 27024K(111104K)->29824K(111104K)
[256.076s][info][gc,heap        ] GC(687) ParOldGen: 494570K(667648K)->521651K(667648K)
[256.076s][info][gc,metaspace   ] GC(687) Metaspace: 18543K(18688K)->18543K(18688K) NonClass: 16714K(16832K)->16714K(16832K) Class: 1828K(1856K)->1828K(1856K)
[256.077s][info][gc             ] GC(687) Pause Young (Allocation Failure) 618M->538M(869M) 62.339ms
[256.077s][info][gc,cpu         ] GC(687) User=0.12s Sys=0.00s Real=0.07s
[256.195s][info][gc,start       ] GC(688) Pause Young (Allocation Failure)
[256.235s][info][gc,heap        ] GC(688) PSYoungGen: 141440K(222720K)->4224K(222720K) Eden: 111616K(111616K)->0K(111616K) From: 29824K(111104K)->4224K(111104K)
[256.235s][info][gc,heap        ] GC(688) ParOldGen: 521651K(667648K)->551547K(667648K)
[256.236s][info][gc,metaspace   ] GC(688) Metaspace: 18543K(18688K)->18543K(18688K) NonClass: 16714K(16832K)->16714K(16832K) Class: 1828K(1856K)->1828K(1856K)
[256.236s][info][gc             ] GC(688) Pause Young (Allocation Failure) 647M->542M(869M) 40.121ms
[256.236s][info][gc,cpu         ] GC(688) User=0.08s Sys=0.00s Real=0.04s
[256.362s][info][gc,start       ] GC(689) Pause Young (Allocation Failure)
[256.374s][info][gc,heap        ] GC(689) PSYoungGen: 115840K(222720K)->704K(222720K) Eden: 111616K(111616K)->0K(111616K) From: 4224K(111104K)->704K(111104K)
[256.374s][info][gc,heap        ] GC(689) ParOldGen: 551547K(667648K)->555763K(667648K)
[256.374s][info][gc,metaspace   ] GC(689) Metaspace: 18543K(18688K)->18543K(18688K) NonClass: 16714K(16832K)->16714K(16832K) Class: 1828K(1856K)->1828K(1856K)
[256.374s][info][gc             ] GC(689) Pause Young (Allocation Failure) 651M->543M(869M) 12.347ms
[256.374s][info][gc,cpu         ] GC(689) User=0.03s Sys=0.00s Real=0.01s
[256.526s][info][gc,start       ] GC(690) Pause Young (Allocation Failure)
[256.539s][info][gc,heap        ] GC(690) PSYoungGen: 112320K(222720K)->5056K(116736K) Eden: 111616K(111616K)->0K(111616K) From: 704K(111104K)->5056K(5120K)
[256.539s][info][gc,heap        ] GC(690) ParOldGen: 555763K(667648K)->555763K(667648K)
[256.539s][info][gc,metaspace   ] GC(690) Metaspace: 18543K(18688K)->18543K(18688K) NonClass: 16714K(16832K)->16714K(16832K) Class: 1828K(1856K)->1828K(1856K)
[256.539s][info][gc             ] GC(690) Pause Young (Allocation Failure) 652M->547M(766M) 13.059ms
[256.539s][info][gc,cpu         ] GC(690) User=0.02s Sys=0.00s Real=0.01s
[256.687s][info][gc,start       ] GC(691) Pause Young (Allocation Failure)
[256.695s][info][gc,heap        ] GC(691) PSYoungGen: 116672K(116736K)->5312K(223232K) Eden: 111616K(111616K)->0K(115200K) From: 5056K(5120K)->5312K(108032K)
[256.695s][info][gc,heap        ] GC(691) ParOldGen: 555763K(667648K)->555763K(667648K)
[256.695s][info][gc,metaspace   ] GC(691) Metaspace: 18543K(18688K)->18543K(18688K) NonClass: 16714K(16832K)->16714K(16832K) Class: 1828K(1856K)->1828K(1856K)
[256.695s][info][gc             ] GC(691) Pause Young (Allocation Failure) 656M->547M(870M) 8.512ms
[256.695s][info][gc,cpu         ] GC(691) User=0.02s Sys=0.00s Real=0.01s
[256.902s][info][gc,start       ] GC(692) Pause Young (Allocation Failure)
[256.929s][info][gc,heap        ] GC(692) PSYoungGen: 120512K(223232K)->23120K(138752K) Eden: 115200K(115200K)->0K(115200K) From: 5312K(108032K)->23120K(23552K)
[256.929s][info][gc,heap        ] GC(692) ParOldGen: 555763K(667648K)->555763K(667648K)
[256.929s][info][gc,metaspace   ] GC(692) Metaspace: 18543K(18688K)->18543K(18688K) NonClass: 16714K(16832K)->16714K(16832K) Class: 1828K(1856K)->1828K(1856K)
[256.929s][info][gc             ] GC(692) Pause Young (Allocation Failure) 660M->565M(787M) 27.470ms
[256.929s][info][gc,cpu         ] GC(692) User=0.05s Sys=0.00s Real=0.03s
[257.179s][info][gc,start       ] GC(693) Pause Young (Allocation Failure)
[257.221s][info][gc,heap        ] GC(693) PSYoungGen: 138320K(138752K)->33664K(213504K) Eden: 115200K(115200K)->0K(123392K) From: 23120K(23552K)->33664K(90112K)
[257.221s][info][gc,heap        ] GC(693) ParOldGen: 555763K(667648K)->555763K(667648K)
[257.221s][info][gc,metaspace   ] GC(693) Metaspace: 18543K(18688K)->18543K(18688K) NonClass: 16714K(16832K)->16714K(16832K) Class: 1828K(1856K)->1828K(1856K)
[257.221s][info][gc             ] GC(693) Pause Young (Allocation Failure) 677M->575M(860M) 41.296ms
[257.221s][info][gc,cpu         ] GC(693) User=0.08s Sys=0.00s Real=0.04s
[257.597s][info][gc,start       ] GC(694) Pause Young (Allocation Failure)
[257.633s][info][gc,heap        ] GC(694) PSYoungGen: 157056K(213504K)->33680K(216064K) Eden: 123392K(123392K)->0K(123392K) From: 33664K(90112K)->33680K(92672K)
[257.633s][info][gc,heap        ] GC(694) ParOldGen: 555763K(667648K)->555763K(667648K)
[257.633s][info][gc,metaspace   ] GC(694) Metaspace: 18543K(18688K)->18543K(18688K) NonClass: 16714K(16832K)->16714K(16832K) Class: 1828K(1856K)->1828K(1856K)
[257.633s][info][gc             ] GC(694) Pause Young (Allocation Failure) 696M->575M(863M) 36.440ms
[257.634s][info][gc,cpu         ] GC(694) User=0.08s Sys=0.00s Real=0.03s
[257.965s][info][gc,start       ] GC(695) Pause Young (Allocation Failure)
[258.002s][info][gc,heap        ] GC(695) PSYoungGen: 157072K(216064K)->33696K(210944K) Eden: 123392K(123392K)->0K(131072K) From: 33680K(92672K)->33696K(79872K)
[258.002s][info][gc,heap        ] GC(695) ParOldGen: 555763K(667648K)->555763K(667648K)
[258.002s][info][gc,metaspace   ] GC(695) Metaspace: 18543K(18688K)->18543K(18688K) NonClass: 16714K(16832K)->16714K(16832K) Class: 1828K(1856K)->1828K(1856K)
[258.002s][info][gc             ] GC(695) Pause Young (Allocation Failure) 696M->575M(858M) 37.266ms
[258.002s][info][gc,cpu         ] GC(695) User=0.08s Sys=0.00s Real=0.03s
[258.325s][info][gc,start       ] GC(696) Pause Young (Allocation Failure)
[258.364s][info][gc,heap        ] GC(696) PSYoungGen: 164768K(210944K)->33712K(215552K) Eden: 131072K(131072K)->0K(131072K) From: 33696K(79872K)->33712K(84480K)
[258.364s][info][gc,heap        ] GC(696) ParOldGen: 555763K(667648K)->555763K(667648K)
[258.364s][info][gc,metaspace   ] GC(696) Metaspace: 18543K(18688K)->18543K(18688K) NonClass: 16714K(16832K)->16714K(16832K) Class: 1828K(1856K)->1828K(1856K)
[258.365s][info][gc             ] GC(696) Pause Young (Allocation Failure) 703M->575M(862M) 39.038ms
[258.365s][info][gc,cpu         ] GC(696) User=0.08s Sys=0.00s Real=0.03s
[258.697s][info][gc,start       ] GC(697) Pause Young (Allocation Failure)
[258.736s][info][gc,heap        ] GC(697) PSYoungGen: 164784K(215552K)->33712K(211968K) Eden: 131072K(131072K)->0K(138752K) From: 33712K(84480K)->33712K(73216K)
[258.736s][info][gc,heap        ] GC(697) ParOldGen: 555763K(667648K)->555763K(667648K)
[258.736s][info][gc,metaspace   ] GC(697) Metaspace: 18543K(18688K)->18543K(18688K) NonClass: 16714K(16832K)->16714K(16832K) Class: 1828K(1856K)->1828K(1856K)
[258.736s][info][gc             ] GC(697) Pause Young (Allocation Failure) 703M->575M(859M) 38.466ms
[258.736s][info][gc,cpu         ] GC(697) User=0.07s Sys=0.01s Real=0.04s
[259.067s][info][gc,start       ] GC(698) Pause Young (Allocation Failure)
[259.104s][info][gc,heap        ] GC(698) PSYoungGen: 172464K(211968K)->33728K(216064K) Eden: 138752K(138752K)->0K(138752K) From: 33712K(73216K)->33728K(77312K)
[259.104s][info][gc,heap        ] GC(698) ParOldGen: 555763K(667648K)->555763K(667648K)
[259.104s][info][gc,metaspace   ] GC(698) Metaspace: 18543K(18688K)->18543K(18688K) NonClass: 16714K(16832K)->16714K(16832K) Class: 1828K(1856K)->1828K(1856K)
[259.104s][info][gc             ] GC(698) Pause Young (Allocation Failure) 711M->575M(863M) 36.635ms
[259.104s][info][gc,cpu         ] GC(698) User=0.07s Sys=0.00s Real=0.03s
[259.442s][info][gc,start       ] GC(699) Pause Young (Allocation Failure)
[259.492s][info][gc,heap        ] GC(699) PSYoungGen: 172480K(216064K)->34032K(215040K) Eden: 138752K(138752K)->0K(146944K) From: 33728K(77312K)->34032K(68096K)
[259.492s][info][gc,heap        ] GC(699) ParOldGen: 555763K(667648K)->555763K(667648K)
[259.492s][info][gc,metaspace   ] GC(699) Metaspace: 18543K(18688K)->18543K(18688K) NonClass: 16714K(16832K)->16714K(16832K) Class: 1828K(1856K)->1828K(1856K)
[259.492s][info][gc             ] GC(699) Pause Young (Allocation Failure) 711M->575M(862M) 50.000ms
[259.492s][info][gc,cpu         ] GC(699) User=0.10s Sys=0.00s Real=0.05s
[259.755s][info][gc,start       ] GC(700) Pause Young (Allocation Failure)
[259.817s][info][gc,heap        ] GC(700) PSYoungGen: 180976K(215040K)->60912K(218112K) Eden: 146944K(146944K)->0K(146944K) From: 34032K(68096K)->60912K(71168K)
[259.817s][info][gc,heap        ] GC(700) ParOldGen: 555763K(667648K)->555763K(667648K)
[259.817s][info][gc,metaspace   ] GC(700) Metaspace: 18543K(18688K)->18543K(18688K) NonClass: 16714K(16832K)->16714K(16832K) Class: 1828K(1856K)->1828K(1856K)
[259.817s][info][gc             ] GC(700) Pause Young (Allocation Failure) 719M->602M(865M) 62.332ms
[259.818s][info][gc,cpu         ] GC(700) User=0.12s Sys=0.00s Real=0.06s
[259.957s][info][gc,start       ] GC(701) Pause Young (Allocation Failure)
[260.077s][info][gc,heap        ] GC(701) PSYoungGen: 207856K(218112K)->78304K(208384K) Eden: 146944K(146944K)->0K(130048K) From: 60912K(71168K)->78304K(78336K)
[260.077s][info][gc,heap        ] GC(701) ParOldGen: 555763K(667648K)->586931K(667648K)
[260.077s][info][gc,metaspace   ] GC(701) Metaspace: 18543K(18688K)->18543K(18688K) NonClass: 16714K(16832K)->16714K(16832K) Class: 1828K(1856K)->1828K(1856K)
[260.077s][info][gc             ] GC(701) Pause Young (Allocation Failure) 745M->649M(855M) 120.316ms
[260.077s][info][gc,cpu         ] GC(701) User=0.22s Sys=0.02s Real=0.12s
[260.318s][info][gc,start       ] GC(702) Pause Young (Allocation Failure)
[260.407s][info][gc,heap        ] GC(702) PSYoungGen: 208352K(208384K)->78033K(208384K) Eden: 130048K(130048K)->0K(130048K) From: 78304K(78336K)->78033K(78336K)
[260.407s][info][gc,heap        ] GC(702) ParOldGen: 586931K(667648K)->591963K(667648K)
[260.407s][info][gc,metaspace   ] GC(702) Metaspace: 18543K(18688K)->18543K(18688K) NonClass: 16714K(16832K)->16714K(16832K) Class: 1828K(1856K)->1828K(1856K)
[260.407s][info][gc             ] GC(702) Pause Young (Allocation Failure) 776M->654M(855M) 88.832ms
[260.407s][info][gc,cpu         ] GC(702) User=0.18s Sys=0.00s Real=0.09s
[260.637s][info][gc,start       ] GC(703) Pause Young (Allocation Failure)
[260.755s][info][gc,heap        ] GC(703) PSYoungGen: 208081K(208384K)->99792K(221184K) Eden: 130048K(130048K)->0K(111616K) From: 78033K(78336K)->99792K(109568K)
[260.756s][info][gc,heap        ] GC(703) ParOldGen: 591963K(667648K)->591963K(667648K)
[260.756s][info][gc,metaspace   ] GC(703) Metaspace: 18543K(18688K)->18543K(18688K) NonClass: 16714K(16832K)->16714K(16832K) Class: 1828K(1856K)->1828K(1856K)
[260.756s][info][gc             ] GC(703) Pause Young (Allocation Failure) 781M->675M(868M) 118.676ms
[260.756s][info][gc,cpu         ] GC(703) User=0.22s Sys=0.01s Real=0.12s
[260.872s][info][gc,start       ] GC(704) Pause Young (Allocation Failure)
[261.001s][info][gc,heap        ] GC(704) PSYoungGen: 211408K(221184K)->105180K(222720K) Eden: 111616K(111616K)->0K(111616K) From: 99792K(109568K)->105180K(111104K)
[261.001s][info][gc,heap        ] GC(704) ParOldGen: 591963K(667648K)->610083K(667648K)
[261.001s][info][gc,metaspace   ] GC(704) Metaspace: 18543K(18688K)->18543K(18688K) NonClass: 16714K(16832K)->16714K(16832K) Class: 1828K(1856K)->1828K(1856K)
[261.001s][info][gc             ] GC(704) Pause Young (Allocation Failure) 784M->698M(869M) 128.874ms
[261.001s][info][gc,cpu         ] GC(704) User=0.26s Sys=0.00s Real=0.13s
[261.111s][info][gc,start       ] GC(705) Pause Young (Allocation Failure)
[261.254s][info][gc,heap        ] GC(705) PSYoungGen: 216796K(222720K)->111083K(222720K) Eden: 111616K(111616K)->0K(111616K) From: 105180K(111104K)->111083K(111104K)
[261.255s][info][gc,heap        ] GC(705) ParOldGen: 610083K(667648K)->627267K(667648K)
[261.255s][info][gc,metaspace   ] GC(705) Metaspace: 18543K(18688K)->18543K(18688K) NonClass: 16715K(16832K)->16715K(16832K) Class: 1828K(1856K)->1828K(1856K)
[261.255s][info][gc             ] GC(705) Pause Young (Allocation Failure) 807M->721M(869M) 143.407ms
[261.255s][info][gc,cpu         ] GC(705) User=0.27s Sys=0.01s Real=0.14s
[261.329s][info][gc,start       ] GC(706) Pause Full (Allocation Failure)
[261.329s][info][gc,phases,start] GC(706) Marking Phase
[261.611s][info][gc,phases      ] GC(706) Marking Phase 281.297ms
[261.611s][info][gc,phases,start] GC(706) Summary Phase
[261.611s][info][gc,phases      ] GC(706) Summary Phase 0.036ms
[261.611s][info][gc,phases,start] GC(706) Forward
[261.679s][info][gc,phases      ] GC(706) Forward 67.840ms
[261.679s][info][gc,phases,start] GC(706) Adjust Pointers
[261.894s][info][gc,phases      ] GC(706) Adjust Pointers 215.139ms
[261.894s][info][gc,phases,start] GC(706) Compaction Phase
[262.018s][info][gc,phases      ] GC(706) Compaction Phase 123.656ms
[262.026s][info][gc,phases,start] GC(706) Post Compact
[262.029s][info][gc,phases      ] GC(706) Post Compact 2.555ms
[262.029s][info][gc,heap        ] GC(706) PSYoungGen: 222699K(222720K)->0K(222720K) Eden: 111616K(111616K)->0K(111616K) From: 111083K(111104K)->0K(111104K)
[262.029s][info][gc,heap        ] GC(706) ParOldGen: 627267K(667648K)->384620K(667648K)
[262.029s][info][gc,metaspace   ] GC(706) Metaspace: 18543K(18688K)->18543K(18688K) NonClass: 16715K(16832K)->16715K(16832K) Class: 1828K(1856K)->1828K(1856K)
[262.029s][info][gc             ] GC(706) Pause Full (Allocation Failure) 830M->375M(869M) 699.617ms
[262.029s][info][gc,cpu         ] GC(706) User=1.35s Sys=0.00s Real=0.70s
[262.106s][info][gc,start       ] GC(707) Pause Young (Allocation Failure)
[262.113s][info][gc,heap        ] GC(707) PSYoungGen: 111616K(222720K)->6160K(222720K) Eden: 111616K(111616K)->0K(111616K) From: 0K(111104K)->6160K(111104K)
[262.113s][info][gc,heap        ] GC(707) ParOldGen: 384620K(667648K)->384620K(667648K)
[262.113s][info][gc,metaspace   ] GC(707) Metaspace: 18543K(18688K)->18543K(18688K) NonClass: 16715K(16832K)->16715K(16832K) Class: 1828K(1856K)->1828K(1856K)
[262.113s][info][gc             ] GC(707) Pause Young (Allocation Failure) 484M->381M(869M) 7.764ms
[262.113s][info][gc,cpu         ] GC(707) User=0.02s Sys=0.01s Real=0.00s
[262.196s][info][gc,start       ] GC(708) Pause Young (Allocation Failure)
[262.210s][info][gc,heap        ] GC(708) PSYoungGen: 117776K(222720K)->6800K(222720K) Eden: 111616K(111616K)->0K(111616K) From: 6160K(111104K)->6800K(111104K)
[262.210s][info][gc,heap        ] GC(708) ParOldGen: 384620K(667648K)->384620K(667648K)
[262.210s][info][gc,metaspace   ] GC(708) Metaspace: 18543K(18688K)->18543K(18688K) NonClass: 16715K(16832K)->16715K(16832K) Class: 1828K(1856K)->1828K(1856K)
[262.210s][info][gc             ] GC(708) Pause Young (Allocation Failure) 490M->382M(869M) 14.041ms
[262.210s][info][gc,cpu         ] GC(708) User=0.03s Sys=0.00s Real=0.01s
[262.280s][info][gc,start       ] GC(709) Pause Young (Allocation Failure)
[262.308s][info][gc,heap        ] GC(709) PSYoungGen: 118416K(222720K)->27696K(222720K) Eden: 111616K(111616K)->0K(111616K) From: 6800K(111104K)->27696K(111104K)
[262.308s][info][gc,heap        ] GC(709) ParOldGen: 384620K(667648K)->384620K(667648K)
[262.308s][info][gc,metaspace   ] GC(709) Metaspace: 18548K(18688K)->18548K(18688K) NonClass: 16719K(16832K)->16719K(16832K) Class: 1828K(1856K)->1828K(1856K)
[262.308s][info][gc             ] GC(709) Pause Young (Allocation Failure) 491M->402M(869M) 28.135ms
[262.308s][info][gc,cpu         ] GC(709) User=0.06s Sys=0.00s Real=0.03s
[262.394s][info][gc,start       ] GC(710) Pause Young (Allocation Failure)
[262.424s][info][gc,heap        ] GC(710) PSYoungGen: 139312K(222720K)->32720K(222720K) Eden: 111616K(111616K)->0K(111616K) From: 27696K(111104K)->32720K(111104K)
[262.424s][info][gc,heap        ] GC(710) ParOldGen: 384620K(667648K)->384620K(667648K)
[262.424s][info][gc,metaspace   ] GC(710) Metaspace: 18548K(18688K)->18548K(18688K) NonClass: 16719K(16832K)->16719K(16832K) Class: 1828K(1856K)->1828K(1856K)
[262.424s][info][gc             ] GC(710) Pause Young (Allocation Failure) 511M->407M(869M) 29.634ms
[262.424s][info][gc,cpu         ] GC(710) User=0.06s Sys=0.00s Real=0.03s
[262.527s][info][gc,start       ] GC(711) Pause Young (Allocation Failure)
[262.567s][info][gc,heap        ] GC(711) PSYoungGen: 144336K(222720K)->40176K(222720K) Eden: 111616K(111616K)->0K(111616K) From: 32720K(111104K)->40176K(111104K)
[262.567s][info][gc,heap        ] GC(711) ParOldGen: 384620K(667648K)->384620K(667648K)
[262.567s][info][gc,metaspace   ] GC(711) Metaspace: 18548K(18688K)->18548K(18688K) NonClass: 16719K(16832K)->16719K(16832K) Class: 1828K(1856K)->1828K(1856K)
[262.567s][info][gc             ] GC(711) Pause Young (Allocation Failure) 516M->414M(869M) 40.337ms
[262.567s][info][gc,cpu         ] GC(711) User=0.08s Sys=0.00s Real=0.04s
[262.651s][info][gc,start       ] GC(712) Pause Young (Allocation Failure)
[262.704s][info][gc,heap        ] GC(712) PSYoungGen: 151792K(222720K)->50896K(222720K) Eden: 111616K(111616K)->0K(111616K) From: 40176K(111104K)->50896K(111104K)
[262.704s][info][gc,heap        ] GC(712) ParOldGen: 384620K(667648K)->386452K(667648K)
[262.704s][info][gc,metaspace   ] GC(712) Metaspace: 18548K(18688K)->18548K(18688K) NonClass: 16719K(16832K)->16719K(16832K) Class: 1828K(1856K)->1828K(1856K)
[262.704s][info][gc             ] GC(712) Pause Young (Allocation Failure) 523M->427M(869M) 53.255ms
[262.704s][info][gc,cpu         ] GC(712) User=0.10s Sys=0.00s Real=0.05s
[262.845s][info][gc,start       ] GC(713) Pause Young (Allocation Failure)
[262.911s][info][gc,heap        ] GC(713) PSYoungGen: 162512K(222720K)->43344K(222720K) Eden: 111616K(111616K)->0K(111616K) From: 50896K(111104K)->43344K(111104K)
[262.911s][info][gc,heap        ] GC(713) ParOldGen: 386452K(667648K)->406236K(667648K)
[262.911s][info][gc,metaspace   ] GC(713) Metaspace: 18550K(18688K)->18550K(18688K) NonClass: 16722K(16832K)->16722K(16832K) Class: 1828K(1856K)->1828K(1856K)
[262.911s][info][gc             ] GC(713) Pause Young (Allocation Failure) 536M->439M(869M) 65.734ms
[262.911s][info][gc,cpu         ] GC(713) User=0.13s Sys=0.00s Real=0.06s
[263.248s][info][gc,start       ] GC(714) Pause Young (Allocation Failure)
[263.312s][info][gc,heap        ] GC(714) PSYoungGen: 154960K(222720K)->34720K(222720K) Eden: 111616K(111616K)->0K(111616K) From: 43344K(111104K)->34720K(111104K)
[263.312s][info][gc,heap        ] GC(714) ParOldGen: 406236K(667648K)->425068K(667648K)
[263.312s][info][gc,metaspace   ] GC(714) Metaspace: 18551K(18688K)->18551K(18688K) NonClass: 16723K(16832K)->16723K(16832K) Class: 1828K(1856K)->1828K(1856K)
[263.312s][info][gc             ] GC(714) Pause Young (Allocation Failure) 548M->449M(869M) 63.723ms
[263.312s][info][gc,cpu         ] GC(714) User=0.13s Sys=0.00s Real=0.06s
[263.597s][info][gc,start       ] GC(715) Pause Young (Allocation Failure)
[263.638s][info][gc,heap        ] GC(715) PSYoungGen: 146336K(222720K)->13520K(222720K) Eden: 111616K(111616K)->0K(111616K) From: 34720K(111104K)->13520K(111104K)
[263.638s][info][gc,heap        ] GC(715) ParOldGen: 425068K(667648K)->449653K(667648K)
[263.638s][info][gc,metaspace   ] GC(715) Metaspace: 18554K(18688K)->18554K(18688K) NonClass: 16725K(16832K)->16725K(16832K) Class: 1828K(1856K)->1828K(1856K)
[263.638s][info][gc             ] GC(715) Pause Young (Allocation Failure) 558M->452M(869M) 41.714ms
[263.638s][info][gc,cpu         ] GC(715) User=0.08s Sys=0.00s Real=0.04s
[263.764s][info][gc,start       ] GC(716) Pause Young (Allocation Failure)
[263.794s][info][gc,heap        ] GC(716) PSYoungGen: 125136K(222720K)->13824K(222720K) Eden: 111616K(111616K)->0K(111616K) From: 13520K(111104K)->13824K(111104K)
[263.794s][info][gc,heap        ] GC(716) ParOldGen: 449653K(667648K)->462925K(667648K)
[263.794s][info][gc,metaspace   ] GC(716) Metaspace: 18554K(18688K)->18554K(18688K) NonClass: 16725K(16832K)->16725K(16832K) Class: 1828K(1856K)->1828K(1856K)
[263.794s][info][gc             ] GC(716) Pause Young (Allocation Failure) 561M->465M(869M) 29.749ms
[263.794s][info][gc,cpu         ] GC(716) User=0.06s Sys=0.00s Real=0.03s
[263.957s][info][gc,start       ] GC(717) Pause Young (Allocation Failure)
[263.985s][info][gc,heap        ] GC(717) PSYoungGen: 125440K(222720K)->30576K(211456K) Eden: 111616K(111616K)->0K(111616K) From: 13824K(111104K)->30576K(99840K)
[263.985s][info][gc,heap        ] GC(717) ParOldGen: 462925K(667648K)->462925K(667648K)
[263.985s][info][gc,metaspace   ] GC(717) Metaspace: 18554K(18688K)->18554K(18688K) NonClass: 16725K(16832K)->16725K(16832K) Class: 1828K(1856K)->1828K(1856K)
[263.985s][info][gc             ] GC(717) Pause Young (Allocation Failure) 574M->481M(858M) 27.977ms
[263.985s][info][gc,cpu         ] GC(717) User=0.06s Sys=0.00s Real=0.03s
[264.074s][info][gc,start       ] GC(718) Pause Young (Allocation Failure)
[264.128s][info][gc,heap        ] GC(718) PSYoungGen: 142192K(211456K)->71184K(217088K) Eden: 111616K(111616K)->0K(111616K) From: 30576K(99840K)->71184K(105472K)
[264.128s][info][gc,heap        ] GC(718) ParOldGen: 462925K(667648K)->462925K(667648K)
[264.128s][info][gc,metaspace   ] GC(718) Metaspace: 18554K(18688K)->18554K(18688K) NonClass: 16725K(16832K)->16725K(16832K) Class: 1828K(1856K)->1828K(1856K)
[264.128s][info][gc             ] GC(718) Pause Young (Allocation Failure) 590M->521M(864M) 54.121ms
[264.128s][info][gc,cpu         ] GC(718) User=0.11s Sys=0.00s Real=0.06s
[264.324s][info][gc,start       ] GC(719) Pause Young (Allocation Failure)
[264.389s][info][gc,heap        ] GC(719) PSYoungGen: 182800K(217088K)->78096K(222208K) Eden: 111616K(111616K)->0K(111616K) From: 71184K(105472K)->78096K(110592K)
[264.389s][info][gc,heap        ] GC(719) ParOldGen: 462925K(667648K)->476805K(667648K)
[264.389s][info][gc,metaspace   ] GC(719) Metaspace: 18554K(18688K)->18554K(18688K) NonClass: 16725K(16832K)->16725K(16832K) Class: 1828K(1856K)->1828K(1856K)
[264.389s][info][gc             ] GC(719) Pause Young (Allocation Failure) 630M->541M(869M) 64.709ms
[264.389s][info][gc,cpu         ] GC(719) User=0.13s Sys=0.00s Real=0.07s
[264.519s][info][gc,start       ] GC(720) Pause Young (Allocation Failure)
[264.574s][info][gc,heap        ] GC(720) PSYoungGen: 189712K(222208K)->23424K(222720K) Eden: 111616K(111616K)->0K(111616K) From: 78096K(110592K)->23424K(111104K)
[264.574s][info][gc,heap        ] GC(720) ParOldGen: 476805K(667648K)->534845K(667648K)
[264.574s][info][gc,metaspace   ] GC(720) Metaspace: 18554K(18688K)->18554K(18688K) NonClass: 16725K(16832K)->16725K(16832K) Class: 1828K(1856K)->1828K(1856K)
[264.574s][info][gc             ] GC(720) Pause Young (Allocation Failure) 650M->545M(869M) 54.678ms
[264.574s][info][gc,cpu         ] GC(720) User=0.11s Sys=0.00s Real=0.05s
[264.738s][info][gc,start       ] GC(721) Pause Young (Allocation Failure)
[264.806s][info][gc,heap        ] GC(721) PSYoungGen: 135040K(222720K)->33088K(217600K) Eden: 111616K(111616K)->0K(111616K) From: 23424K(111104K)->33088K(105984K)
[264.806s][info][gc,heap        ] GC(721) ParOldGen: 534845K(667648K)->558465K(667648K)
[264.806s][info][gc,metaspace   ] GC(721) Metaspace: 18554K(18688K)->18554K(18688K) NonClass: 16725K(16832K)->16725K(16832K) Class: 1828K(1856K)->1828K(1856K)
[264.806s][info][gc             ] GC(721) Pause Young (Allocation Failure) 654M->577M(864M) 68.118ms
[264.806s][info][gc,cpu         ] GC(721) User=0.13s Sys=0.00s Real=0.07s
[264.937s][info][gc,start       ] GC(722) Pause Young (Allocation Failure)
[265.001s][info][gc,heap        ] GC(722) PSYoungGen: 144704K(217600K)->19616K(220160K) Eden: 111616K(111616K)->0K(111616K) From: 33088K(105984K)->19616K(108544K)
[265.001s][info][gc,heap        ] GC(722) ParOldGen: 558465K(667648K)->591641K(667648K)
[265.001s][info][gc,metaspace   ] GC(722) Metaspace: 18554K(18688K)->18554K(18688K) NonClass: 16725K(16832K)->16725K(16832K) Class: 1828K(1856K)->1828K(1856K)
[265.001s][info][gc             ] GC(722) Pause Young (Allocation Failure) 686M->596M(867M) 64.209ms
[265.001s][info][gc,cpu         ] GC(722) User=0.13s Sys=0.00s Real=0.06s
[265.122s][info][gc,start       ] GC(723) Pause Young (Allocation Failure)
[265.154s][info][gc,heap        ] GC(723) PSYoungGen: 131232K(220160K)->8096K(223232K) Eden: 111616K(111616K)->0K(119296K) From: 19616K(108544K)->8096K(103936K)
[265.155s][info][gc,heap        ] GC(723) ParOldGen: 591641K(667648K)->611281K(667648K)
[265.155s][info][gc,metaspace   ] GC(723) Metaspace: 18554K(18688K)->18554K(18688K) NonClass: 16725K(16832K)->16725K(16832K) Class: 1828K(1856K)->1828K(1856K)
[265.155s][info][gc             ] GC(723) Pause Young (Allocation Failure) 705M->604M(870M) 32.211ms
[265.155s][info][gc,cpu         ] GC(723) User=0.06s Sys=0.00s Real=0.03s
[265.262s][info][gc,start       ] GC(724) Pause Young (Allocation Failure)
[265.276s][info][gc,heap        ] GC(724) PSYoungGen: 127392K(223232K)->704K(224256K) Eden: 119296K(119296K)->0K(119296K) From: 8096K(103936K)->704K(104960K)
[265.276s][info][gc,heap        ] GC(724) ParOldGen: 611281K(667648K)->619369K(667648K)
[265.276s][info][gc,metaspace   ] GC(724) Metaspace: 18554K(18688K)->18554K(18688K) NonClass: 16725K(16832K)->16725K(16832K) Class: 1828K(1856K)->1828K(1856K)
[265.277s][info][gc             ] GC(724) Pause Young (Allocation Failure) 721M->605M(871M) 14.739ms
[265.277s][info][gc,cpu         ] GC(724) User=0.03s Sys=0.00s Real=0.02s
[265.407s][info][gc,start       ] GC(725) Pause Full (Allocation Failure)
[265.407s][info][gc,phases,start] GC(725) Marking Phase
[265.815s][info][gc,phases      ] GC(725) Marking Phase 407.776ms
[265.815s][info][gc,phases,start] GC(725) Summary Phase
[265.815s][info][gc,phases      ] GC(725) Summary Phase 0.028ms
[265.815s][info][gc,phases,start] GC(725) Forward
[265.874s][info][gc,phases      ] GC(725) Forward 59.105ms
[265.874s][info][gc,phases,start] GC(725) Adjust Pointers
[266.176s][info][gc,phases      ] GC(725) Adjust Pointers 302.229ms
[266.176s][info][gc,phases,start] GC(725) Compaction Phase
[266.327s][info][gc,phases      ] GC(725) Compaction Phase 150.913ms
[266.333s][info][gc,phases,start] GC(725) Post Compact
[266.335s][info][gc,phases      ] GC(725) Post Compact 2.232ms
[266.335s][info][gc,heap        ] GC(725) PSYoungGen: 120000K(224256K)->0K(228352K) Eden: 119296K(119296K)->0K(124416K) From: 704K(104960K)->0K(103936K)
[266.335s][info][gc,heap        ] GC(725) ParOldGen: 619369K(667648K)->547136K(667648K)
[266.335s][info][gc,metaspace   ] GC(725) Metaspace: 18554K(18688K)->18554K(18688K) NonClass: 16725K(16832K)->16725K(16832K) Class: 1828K(1856K)->1828K(1856K)
[266.335s][info][gc             ] GC(725) Pause Full (Allocation Failure) 722M->534M(875M) 928.730ms
[266.335s][info][gc,cpu         ] GC(725) User=1.81s Sys=0.00s Real=0.93s
[266.494s][info][gc,start       ] GC(726) Pause Young (Allocation Failure)
[266.500s][info][gc,heap        ] GC(726) PSYoungGen: 124416K(228352K)->3104K(128000K) Eden: 124416K(124416K)->0K(124416K) From: 0K(103936K)->3104K(3584K)
[266.500s][info][gc,heap        ] GC(726) ParOldGen: 547136K(667648K)->547136K(667648K)
[266.500s][info][gc,metaspace   ] GC(726) Metaspace: 18554K(18688K)->18554K(18688K) NonClass: 16725K(16832K)->16725K(16832K) Class: 1828K(1856K)->1828K(1856K)
[266.500s][info][gc             ] GC(726) Pause Young (Allocation Failure) 655M->537M(777M) 6.281ms
[266.500s][info][gc,cpu         ] GC(726) User=0.01s Sys=0.00s Real=0.01s
[266.732s][info][gc,start       ] GC(727) Pause Young (Allocation Failure)
[266.753s][info][gc,heap        ] GC(727) PSYoungGen: 127520K(128000K)->18064K(231424K) Eden: 124416K(124416K)->0K(130560K) From: 3104K(3584K)->18064K(100864K)
[266.753s][info][gc,heap        ] GC(727) ParOldGen: 547136K(667648K)->547136K(667648K)
[266.753s][info][gc,metaspace   ] GC(727) Metaspace: 18554K(18688K)->18554K(18688K) NonClass: 16725K(16832K)->16725K(16832K) Class: 1828K(1856K)->1828K(1856K)
[266.753s][info][gc             ] GC(727) Pause Young (Allocation Failure) 658M->551M(878M) 21.499ms
[266.753s][info][gc,cpu         ] GC(727) User=0.05s Sys=0.00s Real=0.02s
[266.997s][info][gc,start       ] GC(728) Pause Young (Allocation Failure)
[267.034s][info][gc,heap        ] GC(728) PSYoungGen: 148624K(231424K)->31888K(162816K) Eden: 130560K(130560K)->0K(130560K) From: 18064K(100864K)->31888K(32256K)
[267.034s][info][gc,heap        ] GC(728) ParOldGen: 547136K(667648K)->547136K(667648K)
[267.034s][info][gc,metaspace   ] GC(728) Metaspace: 18554K(18688K)->18554K(18688K) NonClass: 16725K(16832K)->16725K(16832K) Class: 1828K(1856K)->1828K(1856K)
[267.034s][info][gc             ] GC(728) Pause Young (Allocation Failure) 679M->565M(811M) 37.090ms
[267.034s][info][gc,cpu         ] GC(728) User=0.07s Sys=0.00s Real=0.03s
[267.436s][info][gc,start       ] GC(729) Pause Young (Allocation Failure)
[267.481s][info][gc,heap        ] GC(729) PSYoungGen: 162448K(162816K)->31936K(225280K) Eden: 130560K(130560K)->0K(140288K) From: 31888K(32256K)->31936K(84992K)
[267.481s][info][gc,heap        ] GC(729) ParOldGen: 547136K(667648K)->547136K(667648K)
[267.481s][info][gc,metaspace   ] GC(729) Metaspace: 18554K(18688K)->18554K(18688K) NonClass: 16725K(16832K)->16725K(16832K) Class: 1828K(1856K)->1828K(1856K)
[267.481s][info][gc             ] GC(729) Pause Young (Allocation Failure) 692M->565M(872M) 45.655ms
[267.481s][info][gc,cpu         ] GC(729) User=0.08s Sys=0.00s Real=0.04s
[267.820s][info][gc,start       ] GC(730) Pause Young (Allocation Failure)
[267.859s][info][gc,heap        ] GC(730) PSYoungGen: 172224K(225280K)->36592K(226304K) Eden: 140288K(140288K)->0K(140288K) From: 31936K(84992K)->36592K(86016K)
[267.859s][info][gc,heap        ] GC(730) ParOldGen: 547136K(667648K)->547136K(667648K)
[267.859s][info][gc,metaspace   ] GC(730) Metaspace: 18554K(18688K)->18554K(18688K) NonClass: 16725K(16832K)->16725K(16832K) Class: 1828K(1856K)->1828K(1856K)
[267.859s][info][gc             ] GC(730) Pause Young (Allocation Failure) 702M->570M(873M) 38.796ms
[267.859s][info][gc,cpu         ] GC(730) User=0.08s Sys=0.00s Real=0.04s
[267.999s][info][gc,start       ] GC(731) Pause Young (Allocation Failure)
[268.068s][info][gc,heap        ] GC(731) PSYoungGen: 176880K(226304K)->74800K(221696K) Eden: 140288K(140288K)->0K(138752K) From: 36592K(86016K)->74800K(82944K)
[268.068s][info][gc,heap        ] GC(731) ParOldGen: 547136K(667648K)->547136K(667648K)
[268.068s][info][gc,metaspace   ] GC(731) Metaspace: 18554K(18688K)->18554K(18688K) NonClass: 16725K(16832K)->16725K(16832K) Class: 1828K(1856K)->1828K(1856K)
[268.068s][info][gc             ] GC(731) Pause Young (Allocation Failure) 707M->607M(868M) 68.447ms
[268.068s][info][gc,cpu         ] GC(731) User=0.13s Sys=0.01s Real=0.07s
[268.262s][info][gc,start       ] GC(732) Pause Young (Allocation Failure)
[268.345s][info][gc,heap        ] GC(732) PSYoungGen: 213552K(221696K)->86736K(225792K) Eden: 138752K(138752K)->0K(138752K) From: 74800K(82944K)->86736K(87040K)
[268.345s][info][gc,heap        ] GC(732) ParOldGen: 547136K(667648K)->547136K(667648K)
[268.345s][info][gc,metaspace   ] GC(732) Metaspace: 18554K(18688K)->18554K(18688K) NonClass: 16726K(16832K)->16726K(16832K) Class: 1828K(1856K)->1828K(1856K)
[268.345s][info][gc             ] GC(732) Pause Young (Allocation Failure) 742M->619M(872M) 83.092ms
[268.345s][info][gc,cpu         ] GC(732) User=0.17s Sys=0.00s Real=0.09s
[268.588s][info][gc,start       ] GC(733) Pause Young (Allocation Failure)
[268.671s][info][gc,heap        ] GC(733) PSYoungGen: 225488K(225792K)->86784K(219136K) Eden: 138752K(138752K)->0K(111616K) From: 86736K(87040K)->86784K(107520K)
[268.672s][info][gc,heap        ] GC(733) ParOldGen: 547136K(667648K)->547136K(667648K)
[268.672s][info][gc,metaspace   ] GC(733) Metaspace: 18554K(18688K)->18554K(18688K) NonClass: 16726K(16832K)->16726K(16832K) Class: 1828K(1856K)->1828K(1856K)
[268.672s][info][gc             ] GC(733) Pause Young (Allocation Failure) 754M->619M(866M) 83.679ms
[268.672s][info][gc,cpu         ] GC(733) User=0.16s Sys=0.00s Real=0.08s
[268.808s][info][gc,start       ] GC(734) Pause Young (Allocation Failure)
[268.911s][info][gc,heap        ] GC(734) PSYoungGen: 198400K(219136K)->88592K(222720K) Eden: 111616K(111616K)->0K(111616K) From: 86784K(107520K)->88592K(111104K)
[268.911s][info][gc,heap        ] GC(734) ParOldGen: 547136K(667648K)->565224K(667648K)
[268.911s][info][gc,metaspace   ] GC(734) Metaspace: 18554K(18688K)->18554K(18688K) NonClass: 16726K(16832K)->16726K(16832K) Class: 1828K(1856K)->1828K(1856K)
[268.912s][info][gc             ] GC(734) Pause Young (Allocation Failure) 728M->638M(869M) 103.475ms
[268.912s][info][gc,cpu         ] GC(734) User=0.21s Sys=0.00s Real=0.10s
[269.020s][info][gc,start       ] GC(735) Pause Young (Allocation Failure)
[269.109s][info][gc,heap        ] GC(735) PSYoungGen: 200208K(222720K)->78128K(222720K) Eden: 111616K(111616K)->0K(111616K) From: 88592K(111104K)->78128K(111104K)
[269.109s][info][gc,heap        ] GC(735) ParOldGen: 565224K(667648K)->579128K(667648K)
[269.109s][info][gc,metaspace   ] GC(735) Metaspace: 18554K(18688K)->18554K(18688K) NonClass: 16726K(16832K)->16726K(16832K) Class: 1828K(1856K)->1828K(1856K)
[269.109s][info][gc             ] GC(735) Pause Young (Allocation Failure) 747M->641M(869M) 89.245ms
[269.109s][info][gc,cpu         ] GC(735) User=0.18s Sys=0.00s Real=0.09s
[269.230s][info][gc,start       ] GC(736) Pause Young (Allocation Failure)
[269.306s][info][gc,heap        ] GC(736) PSYoungGen: 189744K(222720K)->37408K(222720K) Eden: 111616K(111616K)->0K(111616K) From: 78128K(111104K)->37408K(111104K)
[269.306s][info][gc,heap        ] GC(736) ParOldGen: 579128K(667648K)->622517K(667648K)
[269.306s][info][gc,metaspace   ] GC(736) Metaspace: 18554K(18688K)->18554K(18688K) NonClass: 16726K(16832K)->16726K(16832K) Class: 1828K(1856K)->1828K(1856K)
[269.306s][info][gc             ] GC(736) Pause Young (Allocation Failure) 750M->644M(869M) 76.133ms
[269.306s][info][gc,cpu         ] GC(736) User=0.15s Sys=0.00s Real=0.08s
[269.459s][info][gc,start       ] GC(737) Pause Full (Allocation Failure)
[269.460s][info][gc,phases,start] GC(737) Marking Phase
[269.831s][info][gc,phases      ] GC(737) Marking Phase 371.844ms
[269.831s][info][gc,phases,start] GC(737) Summary Phase
[269.831s][info][gc,phases      ] GC(737) Summary Phase 0.041ms
[269.831s][info][gc,phases,start] GC(737) Forward
[269.953s][info][gc,phases      ] GC(737) Forward 121.499ms
[269.953s][info][gc,phases,start] GC(737) Adjust Pointers
[270.239s][info][gc,phases      ] GC(737) Adjust Pointers 286.145ms
[270.239s][info][gc,phases,start] GC(737) Compaction Phase
[270.408s][info][gc,phases      ] GC(737) Compaction Phase 168.954ms
[270.417s][info][gc,phases,start] GC(737) Post Compact
[270.420s][info][gc,phases      ] GC(737) Post Compact 2.374ms
[270.420s][info][gc,heap        ] GC(737) PSYoungGen: 149024K(222720K)->0K(222720K) Eden: 111616K(111616K)->0K(111616K) From: 37408K(111104K)->0K(111104K)
[270.420s][info][gc,heap        ] GC(737) ParOldGen: 622517K(667648K)->497794K(667648K)
[270.420s][info][gc,metaspace   ] GC(737) Metaspace: 18554K(18688K)->18554K(18688K) NonClass: 16726K(16832K)->16726K(16832K) Class: 1828K(1856K)->1828K(1856K)
[270.420s][info][gc             ] GC(737) Pause Full (Allocation Failure) 753M->486M(869M) 960.433ms
[270.420s][info][gc,cpu         ] GC(737) User=1.82s Sys=0.00s Real=0.96s
[270.735s][info][gc,start       ] GC(738) Pause Young (Allocation Failure)
[270.741s][info][gc,heap        ] GC(738) PSYoungGen: 111616K(222720K)->2592K(222720K) Eden: 111616K(111616K)->0K(111616K) From: 0K(111104K)->2592K(111104K)
[270.741s][info][gc,heap        ] GC(738) ParOldGen: 497794K(667648K)->497794K(667648K)
[270.741s][info][gc,metaspace   ] GC(738) Metaspace: 18554K(18688K)->18554K(18688K) NonClass: 16726K(16832K)->16726K(16832K) Class: 1828K(1856K)->1828K(1856K)
[270.741s][info][gc             ] GC(738) Pause Young (Allocation Failure) 595M->488M(869M) 5.790ms
[270.741s][info][gc,cpu         ] GC(738) User=0.01s Sys=0.00s Real=0.00s
[271.026s][info][gc,start       ] GC(739) Pause Young (Allocation Failure)
[271.030s][info][gc,heap        ] GC(739) PSYoungGen: 114208K(222720K)->2560K(222720K) Eden: 111616K(111616K)->0K(111616K) From: 2592K(111104K)->2560K(111104K)
[271.030s][info][gc,heap        ] GC(739) ParOldGen: 497794K(667648K)->497794K(667648K)
[271.030s][info][gc,metaspace   ] GC(739) Metaspace: 18555K(18688K)->18555K(18688K) NonClass: 16726K(16832K)->16726K(16832K) Class: 1828K(1856K)->1828K(1856K)
[271.030s][info][gc             ] GC(739) Pause Young (Allocation Failure) 597M->488M(869M) 4.861ms
[271.030s][info][gc,cpu         ] GC(739) User=0.01s Sys=0.00s Real=0.00s
[271.315s][info][gc,start       ] GC(740) Pause Young (Allocation Failure)
[271.329s][info][gc,heap        ] GC(740) PSYoungGen: 114176K(222720K)->96K(222720K) Eden: 111616K(111616K)->0K(111616K) From: 2560K(111104K)->96K(111104K)
[271.329s][info][gc,heap        ] GC(740) ParOldGen: 497794K(667648K)->500301K(667648K)
[271.329s][info][gc,metaspace   ] GC(740) Metaspace: 18555K(18688K)->18555K(18688K) NonClass: 16726K(16832K)->16726K(16832K) Class: 1828K(1856K)->1828K(1856K)
[271.329s][info][gc             ] GC(740) Pause Young (Allocation Failure) 597M->488M(869M) 14.734ms
[271.329s][info][gc,cpu         ] GC(740) User=0.03s Sys=0.00s Real=0.01s
[271.560s][info][gc,start       ] GC(741) Pause Young (Allocation Failure)
[271.562s][info][gc,heap        ] GC(741) PSYoungGen: 111712K(222720K)->352K(222720K) Eden: 111616K(111616K)->0K(111616K) From: 96K(111104K)->352K(111104K)
[271.562s][info][gc,heap        ] GC(741) ParOldGen: 500301K(667648K)->500368K(667648K)
[271.562s][info][gc,metaspace   ] GC(741) Metaspace: 18555K(18688K)->18555K(18688K) NonClass: 16726K(16832K)->16726K(16832K) Class: 1828K(1856K)->1828K(1856K)
[271.562s][info][gc             ] GC(741) Pause Young (Allocation Failure) 597M->488M(869M) 2.459ms
[271.562s][info][gc,cpu         ] GC(741) User=0.01s Sys=0.00s Real=0.00s
[271.711s][info][gc,start       ] GC(742) Pause Young (Allocation Failure)
[271.741s][info][gc,heap        ] GC(742) PSYoungGen: 111968K(222720K)->30793K(222720K) Eden: 111616K(111616K)->0K(111616K) From: 352K(111104K)->30793K(111104K)
[271.741s][info][gc,heap        ] GC(742) ParOldGen: 500368K(667648K)->500696K(667648K)
[271.741s][info][gc,metaspace   ] GC(742) Metaspace: 18566K(18752K)->18566K(18752K) NonClass: 16737K(16896K)->16737K(16896K) Class: 1828K(1856K)->1828K(1856K)
[271.741s][info][gc             ] GC(742) Pause Young (Allocation Failure) 597M->519M(869M) 30.624ms
[271.741s][info][gc,cpu         ] GC(742) User=0.06s Sys=0.00s Real=0.03s
[271.823s][info][gc,start       ] GC(743) Pause Young (Allocation Failure)
[271.874s][info][gc,heap        ] GC(743) PSYoungGen: 142409K(222720K)->41152K(216576K) Eden: 111616K(111616K)->0K(111616K) From: 30793K(111104K)->41152K(104960K)
[271.874s][info][gc,heap        ] GC(743) ParOldGen: 500696K(667648K)->531866K(667648K)
[271.874s][info][gc,metaspace   ] GC(743) Metaspace: 18566K(18752K)->18566K(18752K) NonClass: 16737K(16896K)->16737K(16896K) Class: 1828K(1856K)->1828K(1856K)
[271.874s][info][gc             ] GC(743) Pause Young (Allocation Failure) 628M->559M(863M) 50.749ms
[271.874s][info][gc,cpu         ] GC(743) User=0.10s Sys=0.00s Real=0.05s
[272.015s][info][gc,start       ] GC(744) Pause Young (Allocation Failure)
[272.059s][info][gc,heap        ] GC(744) PSYoungGen: 152768K(216576K)->62320K(219648K) Eden: 111616K(111616K)->0K(111616K) From: 41152K(104960K)->62320K(108032K)
[272.059s][info][gc,heap        ] GC(744) ParOldGen: 531866K(667648K)->531866K(667648K)
[272.059s][info][gc,metaspace   ] GC(744) Metaspace: 18567K(18752K)->18567K(18752K) NonClass: 16739K(16896K)->16739K(16896K) Class: 1828K(1856K)->1828K(1856K)
[272.059s][info][gc             ] GC(744) Pause Young (Allocation Failure) 668M->580M(866M) 43.828ms
[272.059s][info][gc,cpu         ] GC(744) User=0.09s Sys=0.00s Real=0.04s
[272.103s][info][gc,start       ] GC(745) Pause Young (Allocation Failure)
[272.167s][info][gc,heap        ] GC(745) PSYoungGen: 173936K(219648K)->91232K(222720K) Eden: 111616K(111616K)->0K(111616K) From: 62320K(108032K)->91232K(111104K)
[272.167s][info][gc,heap        ] GC(745) ParOldGen: 531866K(667648K)->531866K(667648K)
[272.167s][info][gc,metaspace   ] GC(745) Metaspace: 18567K(18752K)->18567K(18752K) NonClass: 16739K(16896K)->16739K(16896K) Class: 1828K(1856K)->1828K(1856K)
[272.167s][info][gc             ] GC(745) Pause Young (Allocation Failure) 689M->608M(869M) 63.369ms
[272.167s][info][gc,cpu         ] GC(745) User=0.13s Sys=0.00s Real=0.07s
[272.271s][info][gc,start       ] GC(746) Pause Young (Allocation Failure)
[272.356s][info][gc,heap        ] GC(746) PSYoungGen: 202848K(222720K)->56064K(222720K) Eden: 111616K(111616K)->0K(111616K) From: 91232K(111104K)->56064K(111104K)
[272.356s][info][gc,heap        ] GC(746) ParOldGen: 531866K(667648K)->594852K(667648K)
[272.356s][info][gc,metaspace   ] GC(746) Metaspace: 18568K(18752K)->18568K(18752K) NonClass: 16740K(16896K)->16740K(16896K) Class: 1828K(1856K)->1828K(1856K)
[272.356s][info][gc             ] GC(746) Pause Young (Allocation Failure) 717M->635M(869M) 85.330ms
[272.356s][info][gc,cpu         ] GC(746) User=0.17s Sys=0.00s Real=0.09s
[272.474s][info][gc,start       ] GC(747) Pause Young (Allocation Failure)
[272.558s][info][gc,heap        ] GC(747) PSYoungGen: 167680K(222720K)->20672K(222720K) Eden: 111616K(111616K)->0K(111616K) From: 56064K(111104K)->20672K(111104K)
[272.558s][info][gc,heap        ] GC(747) ParOldGen: 594852K(667648K)->651548K(667648K)
[272.558s][info][gc,metaspace   ] GC(747) Metaspace: 18568K(18752K)->18568K(18752K) NonClass: 16740K(16896K)->16740K(16896K) Class: 1828K(1856K)->1828K(1856K)
[272.559s][info][gc             ] GC(747) Pause Young (Allocation Failure) 744M->656M(869M) 84.044ms
[272.559s][info][gc,cpu         ] GC(747) User=0.15s Sys=0.01s Real=0.09s
[272.696s][info][gc,start       ] GC(748) Pause Full (Allocation Failure)
[272.696s][info][gc,phases,start] GC(748) Marking Phase
[273.044s][info][gc,phases      ] GC(748) Marking Phase 348.108ms
[273.044s][info][gc,phases,start] GC(748) Summary Phase
[273.044s][info][gc,phases      ] GC(748) Summary Phase 0.032ms
[273.044s][info][gc,phases,start] GC(748) Forward
[273.158s][info][gc,phases      ] GC(748) Forward 114.023ms
[273.158s][info][gc,phases,start] GC(748) Adjust Pointers
[273.433s][info][gc,phases      ] GC(748) Adjust Pointers 274.892ms
[273.433s][info][gc,phases,start] GC(748) Compaction Phase
[273.585s][info][gc,phases      ] GC(748) Compaction Phase 152.148ms
[273.595s][info][gc,phases,start] GC(748) Post Compact
[273.598s][info][gc,phases      ] GC(748) Post Compact 2.392ms
[273.598s][info][gc,heap        ] GC(748) PSYoungGen: 132288K(222720K)->0K(222720K) Eden: 111616K(111616K)->0K(111616K) From: 20672K(111104K)->0K(111104K)
[273.598s][info][gc,heap        ] GC(748) ParOldGen: 651548K(667648K)->499835K(667648K)
[273.598s][info][gc,metaspace   ] GC(748) Metaspace: 18570K(18752K)->18570K(18752K) NonClass: 16742K(16896K)->16742K(16896K) Class: 1828K(1856K)->1828K(1856K)
[273.598s][info][gc             ] GC(748) Pause Full (Allocation Failure) 765M->488M(869M) 902.057ms
[273.598s][info][gc,cpu         ] GC(748) User=1.70s Sys=0.00s Real=0.90s
[273.745s][info][gc,start       ] GC(749) Pause Young (Allocation Failure)
[273.768s][info][gc,heap        ] GC(749) PSYoungGen: 111616K(222720K)->15360K(222720K) Eden: 111616K(111616K)->0K(111616K) From: 0K(111104K)->15360K(111104K)
[273.769s][info][gc,heap        ] GC(749) ParOldGen: 499835K(667648K)->499835K(667648K)
[273.769s][info][gc,metaspace   ] GC(749) Metaspace: 18570K(18752K)->18570K(18752K) NonClass: 16742K(16896K)->16742K(16896K) Class: 1828K(1856K)->1828K(1856K)
[273.769s][info][gc             ] GC(749) Pause Young (Allocation Failure) 597M->503M(869M) 23.515ms
[273.769s][info][gc,cpu         ] GC(749) User=0.05s Sys=0.00s Real=0.02s
[273.920s][info][gc,start       ] GC(750) Pause Young (Allocation Failure)
[273.943s][info][gc,heap        ] GC(750) PSYoungGen: 126976K(222720K)->32K(222720K) Eden: 111616K(111616K)->0K(111616K) From: 15360K(111104K)->32K(111104K)
[273.943s][info][gc,heap        ] GC(750) ParOldGen: 499835K(667648K)->515235K(667648K)
[273.943s][info][gc,metaspace   ] GC(750) Metaspace: 18570K(18752K)->18570K(18752K) NonClass: 16742K(16896K)->16742K(16896K) Class: 1828K(1856K)->1828K(1856K)
[273.943s][info][gc             ] GC(750) Pause Young (Allocation Failure) 612M->503M(869M) 22.911ms
[273.943s][info][gc,cpu         ] GC(750) User=0.04s Sys=0.00s Real=0.02s
[274.097s][info][gc,start       ] GC(751) Pause Young (Allocation Failure)
[274.099s][info][gc,heap        ] GC(751) PSYoungGen: 111648K(222720K)->64K(222720K) Eden: 111616K(111616K)->0K(111616K) From: 32K(111104K)->64K(111104K)
[274.099s][info][gc,heap        ] GC(751) ParOldGen: 515235K(667648K)->515235K(667648K)
[274.099s][info][gc,metaspace   ] GC(751) Metaspace: 18570K(18752K)->18570K(18752K) NonClass: 16742K(16896K)->16742K(16896K) Class: 1828K(1856K)->1828K(1856K)
[274.099s][info][gc             ] GC(751) Pause Young (Allocation Failure) 612M->503M(869M) 1.816ms
[274.099s][info][gc,cpu         ] GC(751) User=0.00s Sys=0.00s Real=0.00s
[274.252s][info][gc,start       ] GC(752) Pause Young (Allocation Failure)
[274.254s][info][gc,heap        ] GC(752) PSYoungGen: 111680K(222720K)->64K(112128K) Eden: 111616K(111616K)->0K(111616K) From: 64K(111104K)->64K(512K)
[274.254s][info][gc,heap        ] GC(752) ParOldGen: 515235K(667648K)->515235K(667648K)
[274.254s][info][gc,metaspace   ] GC(752) Metaspace: 18570K(18752K)->18570K(18752K) NonClass: 16742K(16896K)->16742K(16896K) Class: 1828K(1856K)->1828K(1856K)
[274.254s][info][gc             ] GC(752) Pause Young (Allocation Failure) 612M->503M(761M) 1.943ms
[274.254s][info][gc,cpu         ] GC(752) User=0.01s Sys=0.00s Real=0.00s
[274.406s][info][gc,start       ] GC(753) Pause Young (Allocation Failure)
[274.408s][info][gc,heap        ] GC(753) PSYoungGen: 111680K(112128K)->64K(223232K) Eden: 111616K(111616K)->0K(114688K) From: 64K(512K)->64K(108544K)
[274.408s][info][gc,heap        ] GC(753) ParOldGen: 515235K(667648K)->515235K(667648K)
[274.408s][info][gc,metaspace   ] GC(753) Metaspace: 18570K(18752K)->18570K(18752K) NonClass: 16742K(16896K)->16742K(16896K) Class: 1828K(1856K)->1828K(1856K)
[274.408s][info][gc             ] GC(753) Pause Young (Allocation Failure) 612M->503M(870M) 1.863ms
[274.408s][info][gc,cpu         ] GC(753) User=0.00s Sys=0.00s Real=0.00s
[274.564s][info][gc,start       ] GC(754) Pause Young (Allocation Failure)
[274.566s][info][gc,heap        ] GC(754) PSYoungGen: 114752K(223232K)->64K(220160K) Eden: 114688K(114688K)->0K(114688K) From: 64K(108544K)->64K(105472K)
[274.566s][info][gc,heap        ] GC(754) ParOldGen: 515235K(667648K)->515235K(667648K)
[274.566s][info][gc,metaspace   ] GC(754) Metaspace: 18570K(18752K)->18570K(18752K) NonClass: 16742K(16896K)->16742K(16896K) Class: 1828K(1856K)->1828K(1856K)
[274.566s][info][gc             ] GC(754) Pause Young (Allocation Failure) 615M->503M(867M) 1.880ms
[274.566s][info][gc,cpu         ] GC(754) User=0.01s Sys=0.00s Real=0.01s
[274.723s][info][gc,start       ] GC(755) Pause Young (Allocation Failure)
[274.725s][info][gc,heap        ] GC(755) PSYoungGen: 114752K(220160K)->64K(213504K) Eden: 114688K(114688K)->0K(119808K) From: 64K(105472K)->64K(93696K)
[274.725s][info][gc,heap        ] GC(755) ParOldGen: 515235K(667648K)->515235K(667648K)
[274.725s][info][gc,metaspace   ] GC(755) Metaspace: 18570K(18752K)->18570K(18752K) NonClass: 16742K(16896K)->16742K(16896K) Class: 1828K(1856K)->1828K(1856K)
[274.725s][info][gc             ] GC(755) Pause Young (Allocation Failure) 615M->503M(860M) 1.847ms
[274.725s][info][gc,cpu         ] GC(755) User=0.00s Sys=0.00s Real=0.01s
[274.888s][info][gc,start       ] GC(756) Pause Young (Allocation Failure)
[274.890s][info][gc,heap        ] GC(756) PSYoungGen: 119872K(213504K)->64K(217600K) Eden: 119808K(119808K)->0K(119808K) From: 64K(93696K)->64K(97792K)
[274.891s][info][gc,heap        ] GC(756) ParOldGen: 515235K(667648K)->515235K(667648K)
[274.891s][info][gc,metaspace   ] GC(756) Metaspace: 18570K(18752K)->18570K(18752K) NonClass: 16742K(16896K)->16742K(16896K) Class: 1828K(1856K)->1828K(1856K)
[274.891s][info][gc             ] GC(756) Pause Young (Allocation Failure) 620M->503M(864M) 2.112ms
[274.891s][info][gc,cpu         ] GC(756) User=0.00s Sys=0.00s Real=0.00s
[275.054s][info][gc,start       ] GC(757) Pause Young (Allocation Failure)
[275.057s][info][gc,heap        ] GC(757) PSYoungGen: 119872K(217600K)->64K(207360K) Eden: 119808K(119808K)->0K(123392K) From: 64K(97792K)->64K(83968K)
[275.057s][info][gc,heap        ] GC(757) ParOldGen: 515235K(667648K)->515235K(667648K)
[275.057s][info][gc,metaspace   ] GC(757) Metaspace: 18570K(18752K)->18570K(18752K) NonClass: 16742K(16896K)->16742K(16896K) Class: 1828K(1856K)->1828K(1856K)
[275.057s][info][gc             ] GC(757) Pause Young (Allocation Failure) 620M->503M(854M) 2.586ms
[275.057s][info][gc,cpu         ] GC(757) User=0.01s Sys=0.00s Real=0.01s
[275.225s][info][gc,start       ] GC(758) Pause Young (Allocation Failure)
[275.227s][info][gc,heap        ] GC(758) PSYoungGen: 123456K(207360K)->64K(123904K) Eden: 123392K(123392K)->0K(123392K) From: 64K(83968K)->64K(512K)
[275.227s][info][gc,heap        ] GC(758) ParOldGen: 515235K(667648K)->515235K(667648K)
[275.227s][info][gc,metaspace   ] GC(758) Metaspace: 18570K(18752K)->18570K(18752K) NonClass: 16742K(16896K)->16742K(16896K) Class: 1828K(1856K)->1828K(1856K)
[275.227s][info][gc             ] GC(758) Pause Young (Allocation Failure) 623M->503M(773M) 2.279ms
[275.227s][info][gc,cpu         ] GC(758) User=0.01s Sys=0.00s Real=0.00s
[275.395s][info][gc,start       ] GC(759) Pause Young (Allocation Failure)
[275.398s][info][gc,heap        ] GC(759) PSYoungGen: 123456K(123904K)->64K(201216K) Eden: 123392K(123392K)->0K(125952K) From: 64K(512K)->64K(75264K)
[275.398s][info][gc,heap        ] GC(759) ParOldGen: 515235K(667648K)->515235K(667648K)
[275.398s][info][gc,metaspace   ] GC(759) Metaspace: 18570K(18752K)->18570K(18752K) NonClass: 16742K(16896K)->16742K(16896K) Class: 1828K(1856K)->1828K(1856K)
[275.398s][info][gc             ] GC(759) Pause Young (Allocation Failure) 623M->503M(848M) 2.641ms
[275.398s][info][gc,cpu         ] GC(759) User=0.00s Sys=0.00s Real=0.00s
[275.569s][info][gc,start       ] GC(760) Pause Young (Allocation Failure)
[275.571s][info][gc,heap        ] GC(760) PSYoungGen: 126016K(201216K)->64K(126464K) Eden: 125952K(125952K)->0K(125952K) From: 64K(75264K)->64K(512K)
[275.572s][info][gc,heap        ] GC(760) ParOldGen: 515235K(667648K)->515235K(667648K)
[275.572s][info][gc,metaspace   ] GC(760) Metaspace: 18570K(18752K)->18570K(18752K) NonClass: 16742K(16896K)->16742K(16896K) Class: 1828K(1856K)->1828K(1856K)
[275.572s][info][gc             ] GC(760) Pause Young (Allocation Failure) 626M->503M(775M) 2.381ms
[275.572s][info][gc,cpu         ] GC(760) User=0.01s Sys=0.00s Real=0.00s
[275.696s][info][gc,start       ] GC(761) Pause Young (Allocation Failure)
[275.721s][info][gc,heap        ] GC(761) PSYoungGen: 126016K(126464K)->19584K(201728K) Eden: 125952K(125952K)->0K(131072K) From: 64K(512K)->19584K(70656K)
[275.721s][info][gc,heap        ] GC(761) ParOldGen: 515235K(667648K)->515235K(667648K)
[275.721s][info][gc,metaspace   ] GC(761) Metaspace: 18570K(18752K)->18570K(18752K) NonClass: 16742K(16896K)->16742K(16896K) Class: 1828K(1856K)->1828K(1856K)
[275.721s][info][gc             ] GC(761) Pause Young (Allocation Failure) 626M->522M(849M) 24.543ms
[275.721s][info][gc,cpu         ] GC(761) User=0.05s Sys=0.00s Real=0.02s
[275.860s][info][gc,start       ] GC(762) Pause Young (Allocation Failure)
[275.897s][info][gc,heap        ] GC(762) PSYoungGen: 150656K(201728K)->33792K(203264K) Eden: 131072K(131072K)->0K(131072K) From: 19584K(70656K)->33792K(72192K)
[275.897s][info][gc,heap        ] GC(762) ParOldGen: 515235K(667648K)->515235K(667648K)
[275.897s][info][gc,metaspace   ] GC(762) Metaspace: 18570K(18752K)->18570K(18752K) NonClass: 16742K(16896K)->16742K(16896K) Class: 1828K(1856K)->1828K(1856K)
[275.897s][info][gc             ] GC(762) Pause Young (Allocation Failure) 650M->536M(850M) 37.041ms
[275.897s][info][gc,cpu         ] GC(762) User=0.08s Sys=0.00s Real=0.04s
[275.970s][info][gc,start       ] GC(763) Pause Young (Allocation Failure)
[276.024s][info][gc,heap        ] GC(763) PSYoungGen: 164864K(203264K)->49024K(206336K) Eden: 131072K(131072K)->0K(132096K) From: 33792K(72192K)->49024K(74240K)
[276.024s][info][gc,heap        ] GC(763) ParOldGen: 515235K(667648K)->515235K(667648K)
[276.024s][info][gc,metaspace   ] GC(763) Metaspace: 18570K(18752K)->18570K(18752K) NonClass: 16742K(16896K)->16742K(16896K) Class: 1828K(1856K)->1828K(1856K)
[276.024s][info][gc             ] GC(763) Pause Young (Allocation Failure) 664M->551M(853M) 53.514ms
[276.024s][info][gc,cpu         ] GC(763) User=0.11s Sys=0.00s Real=0.05s
[276.120s][info][gc,start       ] GC(764) Pause Young (Allocation Failure)
[276.188s][info][gc,heap        ] GC(764) PSYoungGen: 181120K(206336K)->62720K(212992K) Eden: 132096K(132096K)->0K(132096K) From: 49024K(74240K)->62720K(80896K)
[276.188s][info][gc,heap        ] GC(764) ParOldGen: 515235K(667648K)->515235K(667648K)
[276.188s][info][gc,metaspace   ] GC(764) Metaspace: 18570K(18752K)->18570K(18752K) NonClass: 16742K(16896K)->16742K(16896K) Class: 1828K(1856K)->1828K(1856K)
[276.188s][info][gc             ] GC(764) Pause Young (Allocation Failure) 680M->564M(860M) 67.392ms
[276.188s][info][gc,cpu         ] GC(764) User=0.13s Sys=0.00s Real=0.07s
[276.308s][info][gc,start       ] GC(765) Pause Young (Allocation Failure)
[276.405s][info][gc,heap        ] GC(765) PSYoungGen: 194816K(212992K)->76576K(217088K) Eden: 132096K(132096K)->0K(125952K) From: 62720K(80896K)->76576K(91136K)
[276.406s][info][gc,heap        ] GC(765) ParOldGen: 515235K(667648K)->515235K(667648K)
[276.406s][info][gc,metaspace   ] GC(765) Metaspace: 18570K(18752K)->18570K(18752K) NonClass: 16742K(16896K)->16742K(16896K) Class: 1828K(1856K)->1828K(1856K)
[276.406s][info][gc             ] GC(765) Pause Young (Allocation Failure) 693M->577M(864M) 97.237ms
[276.406s][info][gc,cpu         ] GC(765) User=0.17s Sys=0.03s Real=0.10s
[276.472s][info][gc,start       ] GC(766) Pause Young (Allocation Failure)
[276.555s][info][gc,heap        ] GC(766) PSYoungGen: 202528K(217088K)->80640K(206848K) Eden: 125952K(125952K)->0K(125952K) From: 76576K(91136K)->80640K(80896K)
[276.555s][info][gc,heap        ] GC(766) ParOldGen: 515235K(667648K)->515235K(667648K)
[276.555s][info][gc,metaspace   ] GC(766) Metaspace: 18570K(18752K)->18570K(18752K) NonClass: 16742K(16896K)->16742K(16896K) Class: 1828K(1856K)->1828K(1856K)
[276.555s][info][gc             ] GC(766) Pause Young (Allocation Failure) 700M->581M(854M) 83.400ms
[276.555s][info][gc,cpu         ] GC(766) User=0.17s Sys=0.00s Real=0.09s
[276.627s][info][gc,start       ] GC(767) Pause Young (Allocation Failure)
[276.712s][info][gc,heap        ] GC(767) PSYoungGen: 206592K(206848K)->82080K(222720K) Eden: 125952K(125952K)->0K(111616K) From: 80640K(80896K)->82080K(111104K)
[276.712s][info][gc,heap        ] GC(767) ParOldGen: 515235K(667648K)->515235K(667648K)
[276.712s][info][gc,metaspace   ] GC(767) Metaspace: 18570K(18752K)->18570K(18752K) NonClass: 16742K(16896K)->16742K(16896K) Class: 1828K(1856K)->1828K(1856K)
[276.712s][info][gc             ] GC(767) Pause Young (Allocation Failure) 704M->583M(869M) 85.074ms
[276.712s][info][gc,cpu         ] GC(767) User=0.16s Sys=0.00s Real=0.08s
[276.802s][info][gc,start       ] GC(768) Pause Young (Allocation Failure)
[276.895s][info][gc,heap        ] GC(768) PSYoungGen: 193696K(222720K)->91040K(222720K) Eden: 111616K(111616K)->0K(111616K) From: 82080K(111104K)->91040K(111104K)
[276.895s][info][gc,heap        ] GC(768) ParOldGen: 515235K(667648K)->515235K(667648K)
[276.895s][info][gc,metaspace   ] GC(768) Metaspace: 18570K(18752K)->18570K(18752K) NonClass: 16742K(16896K)->16742K(16896K) Class: 1828K(1856K)->1828K(1856K)
[276.895s][info][gc             ] GC(768) Pause Young (Allocation Failure) 692M->592M(869M) 93.333ms
[276.895s][info][gc,cpu         ] GC(768) User=0.19s Sys=0.00s Real=0.10s
[277.003s][info][gc,start       ] GC(769) Pause Young (Allocation Failure)
[277.107s][info][gc,heap        ] GC(769) PSYoungGen: 202656K(222720K)->98320K(222720K) Eden: 111616K(111616K)->0K(111616K) From: 91040K(111104K)->98320K(111104K)
[277.107s][info][gc,heap        ] GC(769) ParOldGen: 515235K(667648K)->515235K(667648K)
[277.107s][info][gc,metaspace   ] GC(769) Metaspace: 18570K(18752K)->18570K(18752K) NonClass: 16742K(16896K)->16742K(16896K) Class: 1828K(1856K)->1828K(1856K)
[277.107s][info][gc             ] GC(769) Pause Young (Allocation Failure) 701M->599M(869M) 104.045ms
[277.107s][info][gc,cpu         ] GC(769) User=0.21s Sys=0.00s Real=0.11s
[277.177s][info][gc,start       ] GC(770) Pause Young (Allocation Failure)
[277.292s][info][gc,heap        ] GC(770) PSYoungGen: 209936K(222720K)->91408K(222720K) Eden: 111616K(111616K)->0K(111616K) From: 98320K(111104K)->91408K(111104K)
[277.292s][info][gc,heap        ] GC(770) ParOldGen: 515235K(667648K)->534851K(667648K)
[277.292s][info][gc,metaspace   ] GC(770) Metaspace: 18573K(18752K)->18573K(18752K) NonClass: 16744K(16896K)->16744K(16896K) Class: 1828K(1856K)->1828K(1856K)
[277.292s][info][gc             ] GC(770) Pause Young (Allocation Failure) 708M->611M(869M) 115.166ms
[277.292s][info][gc,cpu         ] GC(770) User=0.23s Sys=0.00s Real=0.11s
[277.408s][info][gc,start       ] GC(771) Pause Young (Allocation Failure)
[277.508s][info][gc,heap        ] GC(771) PSYoungGen: 203024K(222720K)->67792K(222720K) Eden: 111616K(111616K)->0K(111616K) From: 91408K(111104K)->67792K(111104K)
[277.508s][info][gc,heap        ] GC(771) ParOldGen: 534851K(667648K)->564403K(667648K)
[277.508s][info][gc,metaspace   ] GC(771) Metaspace: 18573K(18752K)->18573K(18752K) NonClass: 16744K(16896K)->16744K(16896K) Class: 1828K(1856K)->1828K(1856K)
[277.508s][info][gc             ] GC(771) Pause Young (Allocation Failure) 720M->617M(869M) 100.671ms
[277.508s][info][gc,cpu         ] GC(771) User=0.19s Sys=0.00s Real=0.10s
[277.683s][info][gc,start       ] GC(772) Pause Young (Allocation Failure)
[277.773s][info][gc,heap        ] GC(772) PSYoungGen: 179408K(222720K)->59536K(222720K) Eden: 111616K(111616K)->0K(111616K) From: 67792K(111104K)->59536K(111104K)
[277.773s][info][gc,heap        ] GC(772) ParOldGen: 564403K(667648K)->592059K(667648K)
[277.773s][info][gc,metaspace   ] GC(772) Metaspace: 18573K(18752K)->18573K(18752K) NonClass: 16744K(16896K)->16744K(16896K) Class: 1828K(1856K)->1828K(1856K)
[277.773s][info][gc             ] GC(772) Pause Young (Allocation Failure) 726M->636M(869M) 90.182ms
[277.773s][info][gc,cpu         ] GC(772) User=0.18s Sys=0.00s Real=0.09s
[278.168s][info][gc,start       ] GC(773) Pause Young (Allocation Failure)
[278.233s][info][gc,heap        ] GC(773) PSYoungGen: 171152K(222720K)->54112K(222720K) Eden: 111616K(111616K)->0K(111616K) From: 59536K(111104K)->54112K(111104K)
[278.233s][info][gc,heap        ] GC(773) ParOldGen: 592059K(667648K)->597595K(667648K)
[278.233s][info][gc,metaspace   ] GC(773) Metaspace: 18573K(18752K)->18573K(18752K) NonClass: 16745K(16896K)->16745K(16896K) Class: 1828K(1856K)->1828K(1856K)
[278.233s][info][gc             ] GC(773) Pause Young (Allocation Failure) 745M->636M(869M) 64.753ms
[278.233s][info][gc,cpu         ] GC(773) User=0.13s Sys=0.00s Real=0.06s
[278.543s][info][gc,start       ] GC(774) Pause Young (Allocation Failure)
[278.601s][info][gc,heap        ] GC(774) PSYoungGen: 165728K(222720K)->37936K(222720K) Eden: 111616K(111616K)->0K(111616K) From: 54112K(111104K)->37936K(111104K)
[278.601s][info][gc,heap        ] GC(774) ParOldGen: 597595K(667648K)->613908K(667648K)
[278.601s][info][gc,metaspace   ] GC(774) Metaspace: 18573K(18752K)->18573K(18752K) NonClass: 16745K(16896K)->16745K(16896K) Class: 1828K(1856K)->1828K(1856K)
[278.601s][info][gc             ] GC(774) Pause Young (Allocation Failure) 745M->636M(869M) 57.792ms
[278.601s][info][gc,cpu         ] GC(774) User=0.11s Sys=0.00s Real=0.06s
[278.909s][info][gc,start       ] GC(775) Pause Full (Allocation Failure)
[278.909s][info][gc,phases,start] GC(775) Marking Phase
[279.404s][info][gc,phases      ] GC(775) Marking Phase 494.961ms
[279.404s][info][gc,phases,start] GC(775) Summary Phase
[279.404s][info][gc,phases      ] GC(775) Summary Phase 0.028ms
[279.404s][info][gc,phases,start] GC(775) Forward
[279.444s][info][gc,phases      ] GC(775) Forward 39.822ms
[279.444s][info][gc,phases,start] GC(775) Adjust Pointers
[279.784s][info][gc,phases      ] GC(775) Adjust Pointers 340.237ms
[279.784s][info][gc,phases,start] GC(775) Compaction Phase
[279.951s][info][gc,phases      ] GC(775) Compaction Phase 167.325ms
[279.952s][info][gc,phases,start] GC(775) Post Compact
[279.954s][info][gc,phases      ] GC(775) Post Compact 2.208ms
[279.954s][info][gc,heap        ] GC(775) PSYoungGen: 149552K(222720K)->0K(222720K) Eden: 111616K(111616K)->0K(111616K) From: 37936K(111104K)->0K(111104K)
[279.954s][info][gc,heap        ] GC(775) ParOldGen: 613908K(667648K)->650995K(667648K)
[279.954s][info][gc,metaspace   ] GC(775) Metaspace: 18573K(18752K)->18573K(18752K) NonClass: 16745K(16896K)->16745K(16896K) Class: 1828K(1856K)->1828K(1856K)
[279.954s][info][gc             ] GC(775) Pause Full (Allocation Failure) 745M->635M(869M) 1045.109ms
[279.954s][info][gc,cpu         ] GC(775) User=2.05s Sys=0.00s Real=1.04s
[280.234s][info][gc,start       ] GC(776) Pause Full (Allocation Failure)
[280.234s][info][gc,phases,start] GC(776) Marking Phase
[280.726s][info][gc,phases      ] GC(776) Marking Phase 491.910ms
[280.726s][info][gc,phases,start] GC(776) Summary Phase
[280.726s][info][gc,phases      ] GC(776) Summary Phase 0.027ms
[280.726s][info][gc,phases,start] GC(776) Forward
[280.727s][info][gc,phases      ] GC(776) Forward 0.331ms
[280.727s][info][gc,phases,start] GC(776) Adjust Pointers
[281.054s][info][gc,phases      ] GC(776) Adjust Pointers 327.649ms
[281.054s][info][gc,phases,start] GC(776) Compaction Phase
[281.192s][info][gc,phases      ] GC(776) Compaction Phase 137.567ms
[281.192s][info][gc,phases,start] GC(776) Post Compact
[281.194s][info][gc,phases      ] GC(776) Post Compact 2.194ms
[281.194s][info][gc,heap        ] GC(776) PSYoungGen: 111616K(222720K)->0K(222720K) Eden: 111616K(111616K)->0K(111616K) From: 0K(111104K)->0K(111104K)
[281.194s][info][gc,heap        ] GC(776) ParOldGen: 650995K(667648K)->650998K(667648K)
[281.194s][info][gc,metaspace   ] GC(776) Metaspace: 18573K(18752K)->18573K(18752K) NonClass: 16745K(16896K)->16745K(16896K) Class: 1828K(1856K)->1828K(1856K)
[281.194s][info][gc             ] GC(776) Pause Full (Allocation Failure) 744M->635M(869M) 960.106ms
[281.194s][info][gc,cpu         ] GC(776) User=1.88s Sys=0.00s Real=0.96s
[281.473s][info][gc,start       ] GC(777) Pause Full (Allocation Failure)
[281.473s][info][gc,phases,start] GC(777) Marking Phase
[281.968s][info][gc,phases      ] GC(777) Marking Phase 495.282ms
[281.968s][info][gc,phases,start] GC(777) Summary Phase
[281.968s][info][gc,phases      ] GC(777) Summary Phase 0.027ms
[281.968s][info][gc,phases,start] GC(777) Forward
[281.969s][info][gc,phases      ] GC(777) Forward 0.369ms
[281.969s][info][gc,phases,start] GC(777) Adjust Pointers
[282.299s][info][gc,phases      ] GC(777) Adjust Pointers 329.919ms
[282.299s][info][gc,phases,start] GC(777) Compaction Phase
[282.436s][info][gc,phases      ] GC(777) Compaction Phase 137.599ms
[282.436s][info][gc,phases,start] GC(777) Post Compact
[282.439s][info][gc,phases      ] GC(777) Post Compact 2.226ms
[282.439s][info][gc,heap        ] GC(777) PSYoungGen: 111616K(222720K)->0K(222720K) Eden: 111616K(111616K)->0K(111616K) From: 0K(111104K)->0K(111104K)
[282.439s][info][gc,heap        ] GC(777) ParOldGen: 650998K(667648K)->651001K(667648K)
[282.439s][info][gc,metaspace   ] GC(777) Metaspace: 18573K(18752K)->18573K(18752K) NonClass: 16745K(16896K)->16745K(16896K) Class: 1828K(1856K)->1828K(1856K)
[282.439s][info][gc             ] GC(777) Pause Full (Allocation Failure) 744M->635M(869M) 965.864ms
[282.439s][info][gc,cpu         ] GC(777) User=1.89s Sys=0.00s Real=0.97s
[282.718s][info][gc,start       ] GC(778) Pause Full (Allocation Failure)
[282.718s][info][gc,phases,start] GC(778) Marking Phase
[283.225s][info][gc,phases      ] GC(778) Marking Phase 506.805ms
[283.225s][info][gc,phases,start] GC(778) Summary Phase
[283.225s][info][gc,phases      ] GC(778) Summary Phase 0.027ms
[283.225s][info][gc,phases,start] GC(778) Forward
[283.225s][info][gc,phases      ] GC(778) Forward 0.312ms
[283.225s][info][gc,phases,start] GC(778) Adjust Pointers
[283.566s][info][gc,phases      ] GC(778) Adjust Pointers 341.179ms
[283.566s][info][gc,phases,start] GC(778) Compaction Phase
[283.707s][info][gc,phases      ] GC(778) Compaction Phase 140.384ms
[283.707s][info][gc,phases,start] GC(778) Post Compact
[283.709s][info][gc,phases      ] GC(778) Post Compact 2.204ms
[283.709s][info][gc,heap        ] GC(778) PSYoungGen: 111616K(222720K)->0K(222720K) Eden: 111616K(111616K)->0K(111616K) From: 0K(111104K)->0K(111104K)
[283.709s][info][gc,heap        ] GC(778) ParOldGen: 651001K(667648K)->651004K(667648K)
[283.709s][info][gc,metaspace   ] GC(778) Metaspace: 18573K(18752K)->18573K(18752K) NonClass: 16745K(16896K)->16745K(16896K) Class: 1828K(1856K)->1828K(1856K)
[283.709s][info][gc             ] GC(778) Pause Full (Allocation Failure) 744M->635M(869M) 991.348ms
[283.709s][info][gc,cpu         ] GC(778) User=1.94s Sys=0.00s Real=0.99s
[283.994s][info][gc,start       ] GC(779) Pause Full (Allocation Failure)
[283.994s][info][gc,phases,start] GC(779) Marking Phase
[284.487s][info][gc,phases      ] GC(779) Marking Phase 492.930ms
[284.487s][info][gc,phases,start] GC(779) Summary Phase
[284.487s][info][gc,phases      ] GC(779) Summary Phase 0.028ms
[284.487s][info][gc,phases,start] GC(779) Forward
[284.487s][info][gc,phases      ] GC(779) Forward 0.311ms
[284.487s][info][gc,phases,start] GC(779) Adjust Pointers
[284.815s][info][gc,phases      ] GC(779) Adjust Pointers 327.602ms
[284.815s][info][gc,phases,start] GC(779) Compaction Phase
[284.952s][info][gc,phases      ] GC(779) Compaction Phase 137.414ms
[284.953s][info][gc,phases,start] GC(779) Post Compact
[284.955s][info][gc,phases      ] GC(779) Post Compact 2.243ms
[284.955s][info][gc,heap        ] GC(779) PSYoungGen: 111616K(222720K)->0K(222720K) Eden: 111616K(111616K)->0K(111616K) From: 0K(111104K)->0K(111104K)
[284.955s][info][gc,heap        ] GC(779) ParOldGen: 651004K(667648K)->651006K(667648K)
[284.955s][info][gc,metaspace   ] GC(779) Metaspace: 18573K(18752K)->18573K(18752K) NonClass: 16745K(16896K)->16745K(16896K) Class: 1828K(1856K)->1828K(1856K)
[284.955s][info][gc             ] GC(779) Pause Full (Allocation Failure) 744M->635M(869M) 960.983ms
[284.955s][info][gc,cpu         ] GC(779) User=1.88s Sys=0.00s Real=0.97s
[285.215s][info][gc,start       ] GC(780) Pause Full (Allocation Failure)
[285.215s][info][gc,phases,start] GC(780) Marking Phase
[285.711s][info][gc,phases      ] GC(780) Marking Phase 495.913ms
[285.711s][info][gc,phases,start] GC(780) Summary Phase
[285.711s][info][gc,phases      ] GC(780) Summary Phase 0.027ms
[285.711s][info][gc,phases,start] GC(780) Forward
[285.712s][info][gc,phases      ] GC(780) Forward 0.331ms
[285.712s][info][gc,phases,start] GC(780) Adjust Pointers
[286.051s][info][gc,phases      ] GC(780) Adjust Pointers 339.014ms
[286.051s][info][gc,phases,start] GC(780) Compaction Phase
[286.191s][info][gc,phases      ] GC(780) Compaction Phase 140.200ms
[286.191s][info][gc,phases,start] GC(780) Post Compact
[286.193s][info][gc,phases      ] GC(780) Post Compact 2.256ms
[286.193s][info][gc,heap        ] GC(780) PSYoungGen: 111616K(222720K)->0K(222720K) Eden: 111616K(111616K)->0K(111616K) From: 0K(111104K)->0K(111104K)
[286.193s][info][gc,heap        ] GC(780) ParOldGen: 651006K(667648K)->651017K(667648K)
[286.193s][info][gc,metaspace   ] GC(780) Metaspace: 18573K(18752K)->18573K(18752K) NonClass: 16745K(16896K)->16745K(16896K) Class: 1828K(1856K)->1828K(1856K)
[286.193s][info][gc             ] GC(780) Pause Full (Allocation Failure) 744M->635M(869M) 978.183ms
[286.193s][info][gc,cpu         ] GC(780) User=1.92s Sys=0.00s Real=0.97s
[286.511s][info][gc,start       ] GC(781) Pause Full (Allocation Failure)
[286.511s][info][gc,phases,start] GC(781) Marking Phase
[286.802s][info][gc,phases      ] GC(781) Marking Phase 291.521ms
[286.802s][info][gc,phases,start] GC(781) Summary Phase
[286.802s][info][gc,phases      ] GC(781) Summary Phase 0.029ms
[286.802s][info][gc,phases,start] GC(781) Forward
[286.918s][info][gc,phases      ] GC(781) Forward 115.827ms
[286.918s][info][gc,phases,start] GC(781) Adjust Pointers
[287.145s][info][gc,phases      ] GC(781) Adjust Pointers 227.240ms
[287.145s][info][gc,phases,start] GC(781) Compaction Phase
[287.263s][info][gc,phases      ] GC(781) Compaction Phase 117.796ms
[287.272s][info][gc,phases,start] GC(781) Post Compact
[287.275s][info][gc,phases      ] GC(781) Post Compact 2.346ms
[287.275s][info][gc,heap        ] GC(781) PSYoungGen: 111616K(222720K)->0K(222720K) Eden: 111616K(111616K)->0K(111616K) From: 0K(111104K)->0K(111104K)
[287.275s][info][gc,heap        ] GC(781) ParOldGen: 651017K(667648K)->382794K(667648K)
[287.275s][info][gc,metaspace   ] GC(781) Metaspace: 18573K(18752K)->18573K(18752K) NonClass: 16745K(16896K)->16745K(16896K) Class: 1828K(1856K)->1828K(1856K)
[287.275s][info][gc             ] GC(781) Pause Full (Allocation Failure) 744M->373M(869M) 764.171ms
[287.275s][info][gc,cpu         ] GC(781) User=1.37s Sys=0.00s Real=0.77s
[287.511s][info][gc,start       ] GC(782) Pause Young (Allocation Failure)
[287.519s][info][gc,heap        ] GC(782) PSYoungGen: 111616K(222720K)->7888K(222720K) Eden: 111616K(111616K)->0K(111616K) From: 0K(111104K)->7888K(111104K)
[287.519s][info][gc,heap        ] GC(782) ParOldGen: 382794K(667648K)->382794K(667648K)
[287.519s][info][gc,metaspace   ] GC(782) Metaspace: 18573K(18752K)->18573K(18752K) NonClass: 16745K(16896K)->16745K(16896K) Class: 1828K(1856K)->1828K(1856K)
[287.519s][info][gc             ] GC(782) Pause Young (Allocation Failure) 482M->381M(869M) 8.279ms
[287.519s][info][gc,cpu         ] GC(782) User=0.02s Sys=0.00s Real=0.01s
[287.580s][info][gc,start       ] GC(783) Pause Young (Allocation Failure)
[287.616s][info][gc,heap        ] GC(783) PSYoungGen: 119504K(222720K)->45264K(222720K) Eden: 111616K(111616K)->0K(111616K) From: 7888K(111104K)->45264K(111104K)
[287.616s][info][gc,heap        ] GC(783) ParOldGen: 382794K(667648K)->382794K(667648K)
[287.616s][info][gc,metaspace   ] GC(783) Metaspace: 18573K(18752K)->18573K(18752K) NonClass: 16745K(16896K)->16745K(16896K) Class: 1828K(1856K)->1828K(1856K)
[287.616s][info][gc             ] GC(783) Pause Young (Allocation Failure) 490M->418M(869M) 36.016ms
[287.616s][info][gc,cpu         ] GC(783) User=0.07s Sys=0.00s Real=0.04s
[287.734s][info][gc,start       ] GC(784) Pause Young (Allocation Failure)
[287.792s][info][gc,heap        ] GC(784) PSYoungGen: 156880K(222720K)->74160K(222720K) Eden: 111616K(111616K)->0K(111616K) From: 45264K(111104K)->74160K(111104K)
[287.792s][info][gc,heap        ] GC(784) ParOldGen: 382794K(667648K)->390738K(667648K)
[287.792s][info][gc,metaspace   ] GC(784) Metaspace: 18573K(18752K)->18573K(18752K) NonClass: 16745K(16896K)->16745K(16896K) Class: 1828K(1856K)->1828K(1856K)
[287.792s][info][gc             ] GC(784) Pause Young (Allocation Failure) 527M->454M(869M) 57.755ms
[287.792s][info][gc,cpu         ] GC(784) User=0.12s Sys=0.00s Real=0.06s
[287.856s][info][gc,start       ] GC(785) Pause Young (Allocation Failure)
[287.934s][info][gc,heap        ] GC(785) PSYoungGen: 185776K(222720K)->40960K(222720K) Eden: 111616K(111616K)->0K(111616K) From: 74160K(111104K)->40960K(111104K)
[287.934s][info][gc,heap        ] GC(785) ParOldGen: 390738K(667648K)->465778K(667648K)
[287.934s][info][gc,metaspace   ] GC(785) Metaspace: 18573K(18752K)->18573K(18752K) NonClass: 16745K(16896K)->16745K(16896K) Class: 1828K(1856K)->1828K(1856K)
[287.934s][info][gc             ] GC(785) Pause Young (Allocation Failure) 563M->494M(869M) 78.127ms
[287.934s][info][gc,cpu         ] GC(785) User=0.16s Sys=0.00s Real=0.07s
[287.984s][info][gc,start       ] GC(786) Pause Young (Allocation Failure)
[288.036s][info][gc,heap        ] GC(786) PSYoungGen: 152576K(222720K)->31328K(222720K) Eden: 111616K(111616K)->0K(111616K) From: 40960K(111104K)->31328K(111104K)
[288.036s][info][gc,heap        ] GC(786) ParOldGen: 465778K(667648K)->507354K(667648K)
[288.036s][info][gc,metaspace   ] GC(786) Metaspace: 18574K(18752K)->18574K(18752K) NonClass: 16745K(16896K)->16745K(16896K) Class: 1828K(1856K)->1828K(1856K)
[288.036s][info][gc             ] GC(786) Pause Young (Allocation Failure) 603M->526M(869M) 52.873ms
[288.036s][info][gc,cpu         ] GC(786) User=0.11s Sys=0.00s Real=0.06s
[288.150s][info][gc,start       ] GC(787) Pause Young (Allocation Failure)
[288.194s][info][gc,heap        ] GC(787) PSYoungGen: 142944K(222720K)->8928K(222720K) Eden: 111616K(111616K)->0K(111616K) From: 31328K(111104K)->8928K(111104K)
[288.194s][info][gc,heap        ] GC(787) ParOldGen: 507354K(667648K)->539030K(667648K)
[288.194s][info][gc,metaspace   ] GC(787) Metaspace: 18574K(18752K)->18574K(18752K) NonClass: 16746K(16896K)->16746K(16896K) Class: 1828K(1856K)->1828K(1856K)
[288.194s][info][gc             ] GC(787) Pause Young (Allocation Failure) 635M->535M(869M) 44.724ms
[288.194s][info][gc,cpu         ] GC(787) User=0.09s Sys=0.00s Real=0.04s
[288.318s][info][gc,start       ] GC(788) Pause Young (Allocation Failure)
[288.359s][info][gc,heap        ] GC(788) PSYoungGen: 120544K(222720K)->18784K(222720K) Eden: 111616K(111616K)->0K(111616K) From: 8928K(111104K)->18784K(111104K)
[288.359s][info][gc,heap        ] GC(788) ParOldGen: 539030K(667648K)->548018K(667648K)
[288.359s][info][gc,metaspace   ] GC(788) Metaspace: 18574K(18752K)->18574K(18752K) NonClass: 16746K(16896K)->16746K(16896K) Class: 1828K(1856K)->1828K(1856K)
[288.359s][info][gc             ] GC(788) Pause Young (Allocation Failure) 644M->553M(869M) 40.303ms
[288.359s][info][gc,cpu         ] GC(788) User=0.08s Sys=0.00s Real=0.04s
[288.481s][info][gc,start       ] GC(789) Pause Young (Allocation Failure)
[288.510s][info][gc,heap        ] GC(789) PSYoungGen: 130400K(222720K)->128K(222720K) Eden: 111616K(111616K)->0K(111616K) From: 18784K(111104K)->128K(111104K)
[288.510s][info][gc,heap        ] GC(789) ParOldGen: 548018K(667648K)->566842K(667648K)
[288.510s][info][gc,metaspace   ] GC(789) Metaspace: 18574K(18752K)->18574K(18752K) NonClass: 16746K(16896K)->16746K(16896K) Class: 1828K(1856K)->1828K(1856K)
[288.510s][info][gc             ] GC(789) Pause Young (Allocation Failure) 662M->553M(869M) 28.513ms
[288.510s][info][gc,cpu         ] GC(789) User=0.05s Sys=0.00s Real=0.03s
[288.633s][info][gc,start       ] GC(790) Pause Young (Allocation Failure)
[288.635s][info][gc,heap        ] GC(790) PSYoungGen: 111744K(222720K)->160K(112128K) Eden: 111616K(111616K)->0K(111616K) From: 128K(111104K)->160K(512K)
[288.635s][info][gc,heap        ] GC(790) ParOldGen: 566842K(667648K)->566930K(667648K)
[288.635s][info][gc,metaspace   ] GC(790) Metaspace: 18574K(18752K)->18574K(18752K) NonClass: 16746K(16896K)->16746K(16896K) Class: 1828K(1856K)->1828K(1856K)
[288.635s][info][gc             ] GC(790) Pause Young (Allocation Failure) 662M->553M(761M) 2.605ms
[288.635s][info][gc,cpu         ] GC(790) User=0.00s Sys=0.00s Real=0.01s
[288.759s][info][gc,start       ] GC(791) Pause Young (Allocation Failure)
[288.762s][info][gc,heap        ] GC(791) PSYoungGen: 111776K(112128K)->224K(224256K) Eden: 111616K(111616K)->0K(113664K) From: 160K(512K)->224K(110592K)
[288.762s][info][gc,heap        ] GC(791) ParOldGen: 566930K(667648K)->566930K(667648K)
[288.762s][info][gc,metaspace   ] GC(791) Metaspace: 18574K(18752K)->18574K(18752K) NonClass: 16746K(16896K)->16746K(16896K) Class: 1828K(1856K)->1828K(1856K)
[288.762s][info][gc             ] GC(791) Pause Young (Allocation Failure) 662M->553M(871M) 2.494ms
[288.762s][info][gc,cpu         ] GC(791) User=0.00s Sys=0.00s Real=0.00s
[288.888s][info][gc,start       ] GC(792) Pause Young (Allocation Failure)
[288.891s][info][gc,heap        ] GC(792) PSYoungGen: 113888K(224256K)->320K(114176K) Eden: 113664K(113664K)->0K(113664K) From: 224K(110592K)->320K(512K)
[288.891s][info][gc,heap        ] GC(792) ParOldGen: 566930K(667648K)->566930K(667648K)
[288.891s][info][gc,metaspace   ] GC(792) Metaspace: 18574K(18752K)->18574K(18752K) NonClass: 16746K(16896K)->16746K(16896K) Class: 1828K(1856K)->1828K(1856K)
[288.891s][info][gc             ] GC(792) Pause Young (Allocation Failure) 664M->553M(763M) 2.764ms
[288.891s][info][gc,cpu         ] GC(792) User=0.01s Sys=0.00s Real=0.00s
[289.017s][info][gc,start       ] GC(793) Pause Young (Allocation Failure)
[289.020s][info][gc,heap        ] GC(793) PSYoungGen: 113984K(114176K)->384K(219648K) Eden: 113664K(113664K)->0K(117248K) From: 320K(512K)->384K(102400K)
[289.020s][info][gc,heap        ] GC(793) ParOldGen: 566930K(667648K)->566930K(667648K)
[289.020s][info][gc,metaspace   ] GC(793) Metaspace: 18574K(18752K)->18574K(18752K) NonClass: 16746K(16896K)->16746K(16896K) Class: 1828K(1856K)->1828K(1856K)
[289.020s][info][gc             ] GC(793) Pause Young (Allocation Failure) 664M->554M(866M) 2.713ms
[289.020s][info][gc,cpu         ] GC(793) User=0.00s Sys=0.00s Real=0.00s
[289.149s][info][gc,start       ] GC(794) Pause Young (Allocation Failure)
[289.153s][info][gc,heap        ] GC(794) PSYoungGen: 117632K(219648K)->512K(117760K) Eden: 117248K(117248K)->0K(117248K) From: 384K(102400K)->512K(512K)
[289.153s][info][gc,heap        ] GC(794) ParOldGen: 566930K(667648K)->566930K(667648K)
[289.153s][info][gc,metaspace   ] GC(794) Metaspace: 18574K(18752K)->18574K(18752K) NonClass: 16746K(16896K)->16746K(16896K) Class: 1828K(1856K)->1828K(1856K)
[289.153s][info][gc             ] GC(794) Pause Young (Allocation Failure) 668M->554M(767M) 3.793ms
[289.153s][info][gc,cpu         ] GC(794) User=0.00s Sys=0.00s Real=0.00s
[289.283s][info][gc,start       ] GC(795) Pause Young (Allocation Failure)
[289.286s][info][gc,heap        ] GC(795) PSYoungGen: 117760K(117760K)->576K(210432K) Eden: 117248K(117248K)->0K(119808K) From: 512K(512K)->576K(90624K)
[289.286s][info][gc,heap        ] GC(795) ParOldGen: 566930K(667648K)->566930K(667648K)
[289.286s][info][gc,metaspace   ] GC(795) Metaspace: 18574K(18752K)->18574K(18752K) NonClass: 16746K(16896K)->16746K(16896K) Class: 1828K(1856K)->1828K(1856K)
[289.286s][info][gc             ] GC(795) Pause Young (Allocation Failure) 668M->554M(857M) 3.525ms
[289.286s][info][gc,cpu         ] GC(795) User=0.01s Sys=0.00s Real=0.01s
[289.439s][info][gc,start       ] GC(796) Pause Young (Allocation Failure)
[289.444s][info][gc,heap        ] GC(796) PSYoungGen: 120384K(210432K)->1152K(121344K) Eden: 119808K(119808K)->0K(119808K) From: 576K(90624K)->1152K(1536K)
[289.444s][info][gc,heap        ] GC(796) ParOldGen: 566930K(667648K)->566930K(667648K)
[289.444s][info][gc,metaspace   ] GC(796) Metaspace: 18574K(18752K)->18574K(18752K) NonClass: 16746K(16896K)->16746K(16896K) Class: 1828K(1856K)->1828K(1856K)
[289.444s][info][gc             ] GC(796) Pause Young (Allocation Failure) 671M->554M(770M) 4.794ms
[289.444s][info][gc,cpu         ] GC(796) User=0.01s Sys=0.00s Real=0.00s
[289.562s][info][gc,start       ] GC(797) Pause Young (Allocation Failure)
[289.581s][info][gc,heap        ] GC(797) PSYoungGen: 120960K(121344K)->4320K(203776K) Eden: 119808K(119808K)->0K(122368K) From: 1152K(1536K)->4320K(81408K)
[289.581s][info][gc,heap        ] GC(797) ParOldGen: 566930K(667648K)->566930K(667648K)
[289.581s][info][gc,metaspace   ] GC(797) Metaspace: 18578K(18752K)->18578K(18752K) NonClass: 16749K(16896K)->16749K(16896K) Class: 1828K(1856K)->1828K(1856K)
[289.581s][info][gc             ] GC(797) Pause Young (Allocation Failure) 671M->557M(851M) 19.169ms
[289.581s][info][gc,cpu         ] GC(797) User=0.04s Sys=0.01s Real=0.02s
[289.749s][info][gc,start       ] GC(798) Pause Young (Allocation Failure)
[289.789s][info][gc,heap        ] GC(798) PSYoungGen: 126688K(203776K)->21784K(144384K) Eden: 122368K(122368K)->0K(122368K) From: 4320K(81408K)->21784K(22016K)
[289.789s][info][gc,heap        ] GC(798) ParOldGen: 566930K(667648K)->566930K(667648K)
[289.789s][info][gc,metaspace   ] GC(798) Metaspace: 18578K(18752K)->18578K(18752K) NonClass: 16749K(16896K)->16749K(16896K) Class: 1828K(1856K)->1828K(1856K)
[289.789s][info][gc             ] GC(798) Pause Young (Allocation Failure) 677M->574M(793M) 40.183ms
[289.789s][info][gc,cpu         ] GC(798) User=0.08s Sys=0.00s Real=0.04s
[289.949s][info][gc,start       ] GC(799) Pause Young (Allocation Failure)
[289.989s][info][gc,heap        ] GC(799) PSYoungGen: 144152K(144384K)->21784K(198656K) Eden: 122368K(122368K)->0K(126464K) From: 21784K(22016K)->21784K(72192K)
[289.989s][info][gc,heap        ] GC(799) ParOldGen: 566930K(667648K)->566930K(667648K)
[289.989s][info][gc,metaspace   ] GC(799) Metaspace: 18578K(18752K)->18578K(18752K) NonClass: 16749K(16896K)->16749K(16896K) Class: 1828K(1856K)->1828K(1856K)
[289.989s][info][gc             ] GC(799) Pause Young (Allocation Failure) 694M->574M(846M) 39.176ms
[289.989s][info][gc,cpu         ] GC(799) User=0.08s Sys=0.00s Real=0.04s
[290.154s][info][gc,start       ] GC(800) Pause Young (Allocation Failure)
[290.192s][info][gc,heap        ] GC(800) PSYoungGen: 148248K(198656K)->21784K(202752K) Eden: 126464K(126464K)->0K(126464K) From: 21784K(72192K)->21784K(76288K)
[290.192s][info][gc,heap        ] GC(800) ParOldGen: 566930K(667648K)->566930K(667648K)
[290.192s][info][gc,metaspace   ] GC(800) Metaspace: 18578K(18752K)->18578K(18752K) NonClass: 16749K(16896K)->16749K(16896K) Class: 1828K(1856K)->1828K(1856K)
[290.193s][info][gc             ] GC(800) Pause Young (Allocation Failure) 698M->574M(850M) 38.169ms
[290.193s][info][gc,cpu         ] GC(800) User=0.07s Sys=0.00s Real=0.04s
[290.357s][info][gc,start       ] GC(801) Pause Young (Allocation Failure)
[290.396s][info][gc,heap        ] GC(801) PSYoungGen: 148248K(202752K)->21784K(196096K) Eden: 126464K(126464K)->0K(131584K) From: 21784K(76288K)->21784K(64512K)
[290.396s][info][gc,heap        ] GC(801) ParOldGen: 566930K(667648K)->566930K(667648K)
[290.396s][info][gc,metaspace   ] GC(801) Metaspace: 18578K(18752K)->18578K(18752K) NonClass: 16749K(16896K)->16749K(16896K) Class: 1828K(1856K)->1828K(1856K)
[290.396s][info][gc             ] GC(801) Pause Young (Allocation Failure) 698M->574M(843M) 38.710ms
[290.396s][info][gc,cpu         ] GC(801) User=0.07s Sys=0.00s Real=0.04s
[290.568s][info][gc,start       ] GC(802) Pause Young (Allocation Failure)
[290.606s][info][gc,heap        ] GC(802) PSYoungGen: 153368K(196096K)->21794K(199680K) Eden: 131584K(131584K)->0K(131584K) From: 21784K(64512K)->21794K(68096K)
[290.606s][info][gc,heap        ] GC(802) ParOldGen: 566930K(667648K)->566930K(667648K)
[290.606s][info][gc,metaspace   ] GC(802) Metaspace: 18578K(18752K)->18578K(18752K) NonClass: 16749K(16896K)->16749K(16896K) Class: 1828K(1856K)->1828K(1856K)
[290.606s][info][gc             ] GC(802) Pause Young (Allocation Failure) 703M->574M(847M) 38.002ms
[290.606s][info][gc,cpu         ] GC(802) User=0.08s Sys=0.00s Real=0.04s
[290.779s][info][gc,start       ] GC(803) Pause Young (Allocation Failure)
[290.818s][info][gc,heap        ] GC(803) PSYoungGen: 153378K(199680K)->21784K(195072K) Eden: 131584K(131584K)->0K(137216K) From: 21794K(68096K)->21784K(57856K)
[290.818s][info][gc,heap        ] GC(803) ParOldGen: 566930K(667648K)->566930K(667648K)
[290.818s][info][gc,metaspace   ] GC(803) Metaspace: 18578K(18752K)->18578K(18752K) NonClass: 16749K(16896K)->16749K(16896K) Class: 1828K(1856K)->1828K(1856K)
[290.818s][info][gc             ] GC(803) Pause Young (Allocation Failure) 703M->574M(842M) 38.833ms
[290.818s][info][gc,cpu         ] GC(803) User=0.08s Sys=0.00s Real=0.04s
[290.963s][info][gc,start       ] GC(804) Pause Young (Allocation Failure)
[291.020s][info][gc,heap        ] GC(804) PSYoungGen: 159000K(195072K)->38072K(198144K) Eden: 137216K(137216K)->0K(137216K) From: 21784K(57856K)->38072K(60928K)
[291.020s][info][gc,heap        ] GC(804) ParOldGen: 566930K(667648K)->566930K(667648K)
[291.020s][info][gc,metaspace   ] GC(804) Metaspace: 18578K(18752K)->18578K(18752K) NonClass: 16749K(16896K)->16749K(16896K) Class: 1828K(1856K)->1828K(1856K)
[291.020s][info][gc             ] GC(804) Pause Young (Allocation Failure) 708M->590M(845M) 56.366ms
[291.020s][info][gc,cpu         ] GC(804) User=0.11s Sys=0.00s Real=0.06s
[291.158s][info][gc,start       ] GC(805) Pause Young (Allocation Failure)
[291.233s][info][gc,heap        ] GC(805) PSYoungGen: 175288K(198144K)->55640K(198656K) Eden: 137216K(137216K)->0K(135168K) From: 38072K(60928K)->55640K(63488K)
[291.233s][info][gc,heap        ] GC(805) ParOldGen: 566930K(667648K)->567058K(667648K)
[291.233s][info][gc,metaspace   ] GC(805) Metaspace: 18578K(18752K)->18578K(18752K) NonClass: 16749K(16896K)->16749K(16896K) Class: 1828K(1856K)->1828K(1856K)
[291.233s][info][gc             ] GC(805) Pause Young (Allocation Failure) 724M->608M(846M) 75.006ms
[291.233s][info][gc,cpu         ] GC(805) User=0.14s Sys=0.00s Real=0.07s
[291.327s][info][gc,start       ] GC(806) Pause Young (Allocation Failure)
[291.404s][info][gc,heap        ] GC(806) PSYoungGen: 190808K(198656K)->59736K(207360K) Eden: 135168K(135168K)->0K(135168K) From: 55640K(63488K)->59736K(72192K)
[291.404s][info][gc,heap        ] GC(806) ParOldGen: 567058K(667648K)->567154K(667648K)
[291.404s][info][gc,metaspace   ] GC(806) Metaspace: 18578K(18752K)->18578K(18752K) NonClass: 16749K(16896K)->16749K(16896K) Class: 1828K(1856K)->1828K(1856K)
[291.404s][info][gc             ] GC(806) Pause Young (Allocation Failure) 740M->612M(854M) 76.426ms
[291.404s][info][gc,cpu         ] GC(806) User=0.15s Sys=0.00s Real=0.07s
[291.526s][info][gc,start       ] GC(807) Pause Young (Allocation Failure)
[291.614s][info][gc,heap        ] GC(807) PSYoungGen: 194904K(207360K)->60962K(216576K) Eden: 135168K(135168K)->0K(136192K) From: 59736K(72192K)->60962K(80384K)
[291.614s][info][gc,heap        ] GC(807) ParOldGen: 567154K(667648K)->567242K(667648K)
[291.614s][info][gc,metaspace   ] GC(807) Metaspace: 18578K(18752K)->18578K(18752K) NonClass: 16749K(16896K)->16749K(16896K) Class: 1828K(1856K)->1828K(1856K)
[291.614s][info][gc             ] GC(807) Pause Young (Allocation Failure) 744M->613M(863M) 88.351ms
[291.614s][info][gc,cpu         ] GC(807) User=0.16s Sys=0.01s Real=0.08s
[291.740s][info][gc,start       ] GC(808) Pause Young (Allocation Failure)
[291.821s][info][gc,heap        ] GC(808) PSYoungGen: 197154K(216576K)->64568K(223744K) Eden: 136192K(136192K)->0K(136192K) From: 60962K(80384K)->64568K(87552K)
[291.821s][info][gc,heap        ] GC(808) ParOldGen: 567242K(667648K)->567330K(667648K)
[291.821s][info][gc,metaspace   ] GC(808) Metaspace: 18578K(18752K)->18578K(18752K) NonClass: 16749K(16896K)->16749K(16896K) Class: 1828K(1856K)->1828K(1856K)
[291.821s][info][gc             ] GC(808) Pause Young (Allocation Failure) 746M->617M(870M) 81.530ms
[291.821s][info][gc,cpu         ] GC(808) User=0.16s Sys=0.00s Real=0.08s
[291.915s][info][gc,start       ] GC(809) Pause Young (Allocation Failure)
[292.028s][info][gc,heap        ] GC(809) PSYoungGen: 200760K(223744K)->78072K(219136K) Eden: 136192K(136192K)->0K(124928K) From: 64568K(87552K)->78072K(94208K)
[292.028s][info][gc,heap        ] GC(809) ParOldGen: 567330K(667648K)->567442K(667648K)
[292.028s][info][gc,metaspace   ] GC(809) Metaspace: 18578K(18752K)->18578K(18752K) NonClass: 16749K(16896K)->16749K(16896K) Class: 1828K(1856K)->1828K(1856K)
[292.028s][info][gc             ] GC(809) Pause Young (Allocation Failure) 750M->630M(866M) 112.171ms
[292.028s][info][gc,cpu         ] GC(809) User=0.20s Sys=0.02s Real=0.11s
[292.120s][info][gc,start       ] GC(810) Pause Young (Allocation Failure)
[292.233s][info][gc,heap        ] GC(810) PSYoungGen: 203000K(219136K)->96472K(221696K) Eden: 124928K(124928K)->0K(124928K) From: 78072K(94208K)->96472K(96768K)
[292.233s][info][gc,heap        ] GC(810) ParOldGen: 567442K(667648K)->567530K(667648K)
[292.233s][info][gc,metaspace   ] GC(810) Metaspace: 18578K(18752K)->18578K(18752K) NonClass: 16749K(16896K)->16749K(16896K) Class: 1828K(1856K)->1828K(1856K)
[292.233s][info][gc             ] GC(810) Pause Young (Allocation Failure) 752M->648M(868M) 113.518ms
[292.234s][info][gc,cpu         ] GC(810) User=0.22s Sys=0.00s Real=0.11s
[292.368s][info][gc,start       ] GC(811) Pause Young (Allocation Failure)
[292.517s][info][gc,heap        ] GC(811) PSYoungGen: 221400K(221696K)->111080K(222720K) Eden: 124928K(124928K)->0K(111616K) From: 96472K(96768K)->111080K(111104K)
[292.517s][info][gc,heap        ] GC(811) ParOldGen: 567530K(667648K)->576138K(667648K)
[292.517s][info][gc,metaspace   ] GC(811) Metaspace: 18578K(18752K)->18578K(18752K) NonClass: 16749K(16896K)->16749K(16896K) Class: 1828K(1856K)->1828K(1856K)
[292.517s][info][gc             ] GC(811) Pause Young (Allocation Failure) 770M->671M(869M) 149.103ms
[292.517s][info][gc,cpu         ] GC(811) User=0.28s Sys=0.01s Real=0.15s
[292.572s][info][gc,start       ] GC(812) Pause Young (Allocation Failure)
[292.702s][info][gc,heap        ] GC(812) PSYoungGen: 222696K(222720K)->111104K(222720K) Eden: 111616K(111616K)->0K(111616K) From: 111080K(111104K)->111104K(111104K)
[292.702s][info][gc,heap        ] GC(812) ParOldGen: 576138K(667648K)->590283K(667648K)
[292.702s][info][gc,metaspace   ] GC(812) Metaspace: 18578K(18752K)->18578K(18752K) NonClass: 16749K(16896K)->16749K(16896K) Class: 1828K(1856K)->1828K(1856K)
[292.702s][info][gc             ] GC(812) Pause Young (Allocation Failure) 780M->684M(869M) 130.779ms
[292.702s][info][gc,cpu         ] GC(812) User=0.26s Sys=0.00s Real=0.13s
[292.794s][info][gc,start       ] GC(813) Pause Young (Allocation Failure)
[292.907s][info][gc,heap        ] GC(813) PSYoungGen: 222720K(222720K)->111104K(222720K) Eden: 111616K(111616K)->0K(111616K) From: 111104K(111104K)->111104K(111104K)
[292.907s][info][gc,heap        ] GC(813) ParOldGen: 590283K(667648K)->590963K(667648K)
[292.907s][info][gc,metaspace   ] GC(813) Metaspace: 18578K(18752K)->18578K(18752K) NonClass: 16749K(16896K)->16749K(16896K) Class: 1828K(1856K)->1828K(1856K)
[292.907s][info][gc             ] GC(813) Pause Young (Allocation Failure) 793M->685M(869M) 113.107ms
[292.907s][info][gc,cpu         ] GC(813) User=0.22s Sys=0.00s Real=0.12s
[293.040s][info][gc,start       ] GC(814) Pause Young (Allocation Failure)
[293.153s][info][gc,heap        ] GC(814) PSYoungGen: 222720K(222720K)->111104K(222720K) Eden: 111616K(111616K)->0K(111616K) From: 111104K(111104K)->111104K(111104K)
[293.153s][info][gc,heap        ] GC(814) ParOldGen: 590963K(667648K)->592923K(667648K)
[293.153s][info][gc,metaspace   ] GC(814) Metaspace: 18578K(18752K)->18578K(18752K) NonClass: 16749K(16896K)->16749K(16896K) Class: 1828K(1856K)->1828K(1856K)
[293.153s][info][gc             ] GC(814) Pause Young (Allocation Failure) 794M->687M(869M) 113.458ms
[293.153s][info][gc,cpu         ] GC(814) User=0.22s Sys=0.01s Real=0.11s
[293.307s][info][gc,start       ] GC(815) Pause Young (Allocation Failure)
[293.424s][info][gc,heap        ] GC(815) PSYoungGen: 222720K(222720K)->81952K(222720K) Eden: 111616K(111616K)->0K(111616K) From: 111104K(111104K)->81952K(111104K)
[293.424s][info][gc,heap        ] GC(815) ParOldGen: 592923K(667648K)->626875K(667648K)
[293.424s][info][gc,metaspace   ] GC(815) Metaspace: 18579K(18752K)->18579K(18752K) NonClass: 16751K(16896K)->16751K(16896K) Class: 1828K(1856K)->1828K(1856K)
[293.424s][info][gc             ] GC(815) Pause Young (Allocation Failure) 796M->692M(869M) 117.160ms
[293.424s][info][gc,cpu         ] GC(815) User=0.24s Sys=0.00s Real=0.11s
[293.515s][info][gc,start       ] GC(816) Pause Young (Allocation Failure)
[293.599s][info][gc,heap        ] GC(816) PSYoungGen: 193568K(222720K)->76480K(222720K) Eden: 111616K(111616K)->0K(111616K) From: 81952K(111104K)->76480K(111104K)
[293.600s][info][gc,heap        ] GC(816) ParOldGen: 626875K(667648K)->632355K(667648K)
[293.600s][info][gc,metaspace   ] GC(816) Metaspace: 18579K(18752K)->18579K(18752K) NonClass: 16751K(16896K)->16751K(16896K) Class: 1828K(1856K)->1828K(1856K)
[293.600s][info][gc             ] GC(816) Pause Young (Allocation Failure) 801M->692M(869M) 84.603ms
[293.600s][info][gc,cpu         ] GC(816) User=0.17s Sys=0.00s Real=0.08s
[293.718s][info][gc,start       ] GC(817) Pause Young (Allocation Failure)
[293.804s][info][gc,heap        ] GC(817) PSYoungGen: 188096K(222720K)->67200K(222720K) Eden: 111616K(111616K)->0K(111616K) From: 76480K(111104K)->67200K(111104K)
[293.804s][info][gc,heap        ] GC(817) ParOldGen: 632355K(667648K)->648747K(667648K)
[293.804s][info][gc,metaspace   ] GC(817) Metaspace: 18579K(18752K)->18579K(18752K) NonClass: 16751K(16896K)->16751K(16896K) Class: 1828K(1856K)->1828K(1856K)
[293.804s][info][gc             ] GC(817) Pause Young (Allocation Failure) 801M->699M(869M) 85.744ms
[293.804s][info][gc,cpu         ] GC(817) User=0.17s Sys=0.00s Real=0.08s
[293.959s][info][gc,start       ] GC(818) Pause Full (Allocation Failure)
[293.959s][info][gc,phases,start] GC(818) Marking Phase
[294.249s][info][gc,phases      ] GC(818) Marking Phase 289.928ms
[294.249s][info][gc,phases,start] GC(818) Summary Phase
[294.249s][info][gc,phases      ] GC(818) Summary Phase 0.032ms
[294.249s][info][gc,phases,start] GC(818) Forward
[294.362s][info][gc,phases      ] GC(818) Forward 113.451ms
[294.363s][info][gc,phases,start] GC(818) Adjust Pointers
[294.587s][info][gc,phases      ] GC(818) Adjust Pointers 224.007ms
[294.587s][info][gc,phases,start] GC(818) Compaction Phase
[294.713s][info][gc,phases      ] GC(818) Compaction Phase 125.880ms
[294.724s][info][gc,phases,start] GC(818) Post Compact
[294.727s][info][gc,phases      ] GC(818) Post Compact 2.446ms
[294.728s][info][gc,heap        ] GC(818) PSYoungGen: 178816K(222720K)->0K(222720K) Eden: 111616K(111616K)->0K(111616K) From: 67200K(111104K)->0K(111104K)
[294.728s][info][gc,heap        ] GC(818) ParOldGen: 648747K(667648K)->360776K(637952K)
[294.728s][info][gc,metaspace   ] GC(818) Metaspace: 18579K(18752K)->18579K(18752K) NonClass: 16751K(16896K)->16751K(16896K) Class: 1828K(1856K)->1828K(1856K)
[294.728s][info][gc             ] GC(818) Pause Full (Allocation Failure) 808M->352M(840M) 768.998ms
[294.728s][info][gc,cpu         ] GC(818) User=1.41s Sys=0.00s Real=0.77s
[295.019s][info][gc,start       ] GC(819) Pause Young (Allocation Failure)
[295.022s][info][gc,heap        ] GC(819) PSYoungGen: 111616K(222720K)->416K(222720K) Eden: 111616K(111616K)->0K(111616K) From: 0K(111104K)->416K(111104K)
[295.022s][info][gc,heap        ] GC(819) ParOldGen: 360776K(637952K)->360776K(637952K)
[295.022s][info][gc,metaspace   ] GC(819) Metaspace: 18579K(18752K)->18579K(18752K) NonClass: 16751K(16896K)->16751K(16896K) Class: 1828K(1856K)->1828K(1856K)
[295.022s][info][gc             ] GC(819) Pause Young (Allocation Failure) 461M->352M(840M) 3.219ms
[295.022s][info][gc,cpu         ] GC(819) User=0.01s Sys=0.00s Real=0.00s
[295.368s][info][gc,start       ] GC(820) Pause Young (Allocation Failure)
[295.371s][info][gc,heap        ] GC(820) PSYoungGen: 112032K(222720K)->544K(222720K) Eden: 111616K(111616K)->0K(111616K) From: 416K(111104K)->544K(111104K)
[295.371s][info][gc,heap        ] GC(820) ParOldGen: 360776K(637952K)->360776K(637952K)
[295.371s][info][gc,metaspace   ] GC(820) Metaspace: 18579K(18752K)->18579K(18752K) NonClass: 16751K(16896K)->16751K(16896K) Class: 1828K(1856K)->1828K(1856K)
[295.371s][info][gc             ] GC(820) Pause Young (Allocation Failure) 461M->352M(840M) 2.662ms
[295.371s][info][gc,cpu         ] GC(820) User=0.00s Sys=0.00s Real=0.00s
[295.664s][info][gc,start       ] GC(821) Pause Young (Allocation Failure)
[295.667s][info][gc,heap        ] GC(821) PSYoungGen: 112160K(222720K)->592K(222720K) Eden: 111616K(111616K)->0K(111616K) From: 544K(111104K)->592K(111104K)
[295.667s][info][gc,heap        ] GC(821) ParOldGen: 360776K(637952K)->360776K(637952K)
[295.667s][info][gc,metaspace   ] GC(821) Metaspace: 18579K(18752K)->18579K(18752K) NonClass: 16751K(16896K)->16751K(16896K) Class: 1828K(1856K)->1828K(1856K)
[295.667s][info][gc             ] GC(821) Pause Young (Allocation Failure) 461M->352M(840M) 2.762ms
[295.667s][info][gc,cpu         ] GC(821) User=0.01s Sys=0.00s Real=0.01s
[295.920s][info][gc,start       ] GC(822) Pause Young (Allocation Failure)
[295.923s][info][gc,heap        ] GC(822) PSYoungGen: 112208K(222720K)->624K(222720K) Eden: 111616K(111616K)->0K(111616K) From: 592K(111104K)->624K(111104K)
[295.923s][info][gc,heap        ] GC(822) ParOldGen: 360776K(637952K)->360776K(637952K)
[295.923s][info][gc,metaspace   ] GC(822) Metaspace: 18579K(18752K)->18579K(18752K) NonClass: 16751K(16896K)->16751K(16896K) Class: 1828K(1856K)->1828K(1856K)
[295.923s][info][gc             ] GC(822) Pause Young (Allocation Failure) 461M->352M(840M) 2.679ms
[295.923s][info][gc,cpu         ] GC(822) User=0.00s Sys=0.00s Real=0.00s
[296.162s][info][gc,start       ] GC(823) Pause Young (Allocation Failure)
[296.165s][info][gc,heap        ] GC(823) PSYoungGen: 112240K(222720K)->272K(222720K) Eden: 111616K(111616K)->0K(111616K) From: 624K(111104K)->272K(111104K)
[296.165s][info][gc,heap        ] GC(823) ParOldGen: 360776K(637952K)->361144K(637952K)
[296.165s][info][gc,metaspace   ] GC(823) Metaspace: 18579K(18752K)->18579K(18752K) NonClass: 16751K(16896K)->16751K(16896K) Class: 1828K(1856K)->1828K(1856K)
[296.165s][info][gc             ] GC(823) Pause Young (Allocation Failure) 461M->352M(840M) 3.187ms
[296.165s][info][gc,cpu         ] GC(823) User=0.01s Sys=0.00s Real=0.01s
[296.453s][info][gc,start       ] GC(824) Pause Young (Allocation Failure)
[296.456s][info][gc,heap        ] GC(824) PSYoungGen: 111888K(222720K)->96K(222720K) Eden: 111616K(111616K)->0K(111616K) From: 272K(111104K)->96K(111104K)
[296.456s][info][gc,heap        ] GC(824) ParOldGen: 361144K(637952K)->361377K(637952K)
[296.456s][info][gc,metaspace   ] GC(824) Metaspace: 18579K(18752K)->18579K(18752K) NonClass: 16751K(16896K)->16751K(16896K) Class: 1828K(1856K)->1828K(1856K)
[296.456s][info][gc             ] GC(824) Pause Young (Allocation Failure) 461M->353M(840M) 2.573ms
[296.456s][info][gc,cpu         ] GC(824) User=0.00s Sys=0.00s Real=0.01s
[296.655s][info][gc,start       ] GC(825) Pause Young (Allocation Failure)
[296.667s][info][gc,heap        ] GC(825) PSYoungGen: 111712K(222720K)->10976K(222720K) Eden: 111616K(111616K)->0K(111616K) From: 96K(111104K)->10976K(111104K)
[296.667s][info][gc,heap        ] GC(825) ParOldGen: 361377K(637952K)->361473K(637952K)
[296.667s][info][gc,metaspace   ] GC(825) Metaspace: 18579K(18752K)->18579K(18752K) NonClass: 16751K(16896K)->16751K(16896K) Class: 1828K(1856K)->1828K(1856K)
[296.667s][info][gc             ] GC(825) Pause Young (Allocation Failure) 462M->363M(840M) 11.834ms
[296.667s][info][gc,cpu         ] GC(825) User=0.02s Sys=0.00s Real=0.01s
[296.743s][info][gc,start       ] GC(826) Pause Young (Allocation Failure)
[296.788s][info][gc,heap        ] GC(826) PSYoungGen: 122592K(222720K)->44608K(222720K) Eden: 111616K(111616K)->0K(111616K) From: 10976K(111104K)->44608K(111104K)
[296.788s][info][gc,heap        ] GC(826) ParOldGen: 361473K(637952K)->372481K(637952K)
[296.788s][info][gc,metaspace   ] GC(826) Metaspace: 18587K(18752K)->18587K(18752K) NonClass: 16759K(16896K)->16759K(16896K) Class: 1828K(1856K)->1828K(1856K)
[296.788s][info][gc             ] GC(826) Pause Young (Allocation Failure) 472M->407M(840M) 44.442ms
[296.788s][info][gc,cpu         ] GC(826) User=0.09s Sys=0.00s Real=0.05s
[296.856s][info][gc,start       ] GC(827) Pause Young (Allocation Failure)
[296.916s][info][gc,heap        ] GC(827) PSYoungGen: 156224K(222720K)->44384K(222720K) Eden: 111616K(111616K)->0K(111616K) From: 44608K(111104K)->44384K(111104K)
[296.916s][info][gc,heap        ] GC(827) ParOldGen: 372481K(637952K)->417585K(637952K)
[296.916s][info][gc,metaspace   ] GC(827) Metaspace: 18587K(18752K)->18587K(18752K) NonClass: 16759K(16896K)->16759K(16896K) Class: 1828K(1856K)->1828K(1856K)
[296.916s][info][gc             ] GC(827) Pause Young (Allocation Failure) 516M->451M(840M) 60.525ms
[296.916s][info][gc,cpu         ] GC(827) User=0.12s Sys=0.00s Real=0.06s
[297.015s][info][gc,start       ] GC(828) Pause Young (Allocation Failure)
[297.072s][info][gc,heap        ] GC(828) PSYoungGen: 156000K(222720K)->39296K(222720K) Eden: 111616K(111616K)->0K(111616K) From: 44384K(111104K)->39296K(111104K)
[297.072s][info][gc,heap        ] GC(828) ParOldGen: 417585K(637952K)->462473K(637952K)
[297.072s][info][gc,metaspace   ] GC(828) Metaspace: 18587K(18752K)->18587K(18752K) NonClass: 16759K(16896K)->16759K(16896K) Class: 1828K(1856K)->1828K(1856K)
[297.072s][info][gc             ] GC(828) Pause Young (Allocation Failure) 560M->490M(840M) 57.405ms
[297.072s][info][gc,cpu         ] GC(828) User=0.11s Sys=0.00s Real=0.05s
[297.315s][info][gc,start       ] GC(829) Pause Young (Allocation Failure)
[297.362s][info][gc,heap        ] GC(829) PSYoungGen: 150912K(222720K)->22661K(222720K) Eden: 111616K(111616K)->0K(111616K) From: 39296K(111104K)->22661K(111104K)
[297.362s][info][gc,heap        ] GC(829) ParOldGen: 462473K(637952K)->502225K(637952K)
[297.362s][info][gc,metaspace   ] GC(829) Metaspace: 18587K(18752K)->18587K(18752K) NonClass: 16759K(16896K)->16759K(16896K) Class: 1828K(1856K)->1828K(1856K)
[297.362s][info][gc             ] GC(829) Pause Young (Allocation Failure) 599M->512M(840M) 46.991ms
[297.362s][info][gc,cpu         ] GC(829) User=0.10s Sys=0.00s Real=0.04s
[297.467s][info][gc,start       ] GC(830) Pause Young (Allocation Failure)
[297.523s][info][gc,heap        ] GC(830) PSYoungGen: 134277K(222720K)->45568K(157184K) Eden: 111616K(111616K)->0K(111616K) From: 22661K(111104K)->45568K(45568K)
[297.523s][info][gc,heap        ] GC(830) ParOldGen: 502225K(637952K)->525080K(637952K)
[297.523s][info][gc,metaspace   ] GC(830) Metaspace: 18587K(18752K)->18587K(18752K) NonClass: 16759K(16896K)->16759K(16896K) Class: 1828K(1856K)->1828K(1856K)
[297.523s][info][gc             ] GC(830) Pause Young (Allocation Failure) 621M->557M(776M) 55.943ms
[297.523s][info][gc,cpu         ] GC(830) User=0.10s Sys=0.00s Real=0.05s
[297.699s][info][gc,start       ] GC(831) Pause Young (Allocation Failure)
[297.744s][info][gc,heap        ] GC(831) PSYoungGen: 157184K(157184K)->55040K(222208K) Eden: 111616K(111616K)->0K(112128K) From: 45568K(45568K)->55040K(110080K)
[297.744s][info][gc,heap        ] GC(831) ParOldGen: 525080K(637952K)->525080K(637952K)
[297.744s][info][gc,metaspace   ] GC(831) Metaspace: 18588K(18752K)->18588K(18752K) NonClass: 16760K(16896K)->16760K(16896K) Class: 1828K(1856K)->1828K(1856K)
[297.744s][info][gc             ] GC(831) Pause Young (Allocation Failure) 666M->566M(840M) 44.592ms
[297.744s][info][gc,cpu         ] GC(831) User=0.09s Sys=0.00s Real=0.04s
[297.850s][info][gc,start       ] GC(832) Pause Young (Allocation Failure)
[297.928s][info][gc,heap        ] GC(832) PSYoungGen: 167168K(222208K)->70848K(221696K) Eden: 112128K(112128K)->0K(112128K) From: 55040K(110080K)->70848K(109568K)
[297.928s][info][gc,heap        ] GC(832) ParOldGen: 525080K(637952K)->525080K(637952K)
[297.928s][info][gc,metaspace   ] GC(832) Metaspace: 18588K(18752K)->18588K(18752K) NonClass: 16760K(16896K)->16760K(16896K) Class: 1828K(1856K)->1828K(1856K)
[297.928s][info][gc             ] GC(832) Pause Young (Allocation Failure) 676M->581M(839M) 77.960ms
[297.928s][info][gc,cpu         ] GC(832) User=0.16s Sys=0.00s Real=0.08s
[298.078s][info][gc,start       ] GC(833) Pause Young (Allocation Failure)
[298.180s][info][gc,heap        ] GC(833) PSYoungGen: 182976K(221696K)->27246K(222720K) Eden: 112128K(112128K)->0K(113152K) From: 70848K(109568K)->27246K(109568K)
[298.180s][info][gc,heap        ] GC(833) ParOldGen: 525080K(637952K)->580648K(637952K)
[298.180s][info][gc,metaspace   ] GC(833) Metaspace: 18588K(18752K)->18588K(18752K) NonClass: 16760K(16896K)->16760K(16896K) Class: 1828K(1856K)->1828K(1856K)
[298.180s][info][gc             ] GC(833) Pause Young (Allocation Failure) 691M->593M(840M) 102.370ms
[298.180s][info][gc,cpu         ] GC(833) User=0.21s Sys=0.00s Real=0.10s
[298.344s][info][gc,start       ] GC(834) Pause Young (Allocation Failure)
[298.425s][info][gc,heap        ] GC(834) PSYoungGen: 140398K(222720K)->46254K(159744K) Eden: 113152K(113152K)->0K(113152K) From: 27246K(109568K)->46254K(46592K)
[298.425s][info][gc,heap        ] GC(834) ParOldGen: 580648K(637952K)->580648K(637952K)
[298.425s][info][gc,metaspace   ] GC(834) Metaspace: 18588K(18752K)->18588K(18752K) NonClass: 16760K(16896K)->16760K(16896K) Class: 1828K(1856K)->1828K(1856K)
[298.425s][info][gc             ] GC(834) Pause Young (Allocation Failure) 704M->612M(779M) 81.858ms
[298.425s][info][gc,cpu         ] GC(834) User=0.16s Sys=0.01s Real=0.09s
[298.589s][info][gc,start       ] GC(835) Pause Young (Allocation Failure)
[298.669s][info][gc,heap        ] GC(835) PSYoungGen: 159406K(159744K)->46286K(223232K) Eden: 113152K(113152K)->0K(118784K) From: 46254K(46592K)->46286K(104448K)
[298.669s][info][gc,heap        ] GC(835) ParOldGen: 580648K(637952K)->580648K(637952K)
[298.669s][info][gc,metaspace   ] GC(835) Metaspace: 18588K(18752K)->18588K(18752K) NonClass: 16760K(16896K)->16760K(16896K) Class: 1828K(1856K)->1828K(1856K)
[298.669s][info][gc             ] GC(835) Pause Young (Allocation Failure) 722M->612M(841M) 80.200ms
[298.669s][info][gc,cpu         ] GC(835) User=0.16s Sys=0.00s Real=0.08s
[298.841s][info][gc,start       ] GC(836) Pause Young (Allocation Failure)
[298.921s][info][gc,heap        ] GC(836) PSYoungGen: 165070K(223232K)->46295K(219648K) Eden: 118784K(118784K)->0K(118784K) From: 46286K(104448K)->46295K(100864K)
[298.921s][info][gc,heap        ] GC(836) ParOldGen: 580648K(637952K)->580648K(637952K)
[298.921s][info][gc,metaspace   ] GC(836) Metaspace: 18588K(18752K)->18588K(18752K) NonClass: 16760K(16896K)->16760K(16896K) Class: 1828K(1856K)->1828K(1856K)
[298.921s][info][gc             ] GC(836) Pause Young (Allocation Failure) 728M->612M(837M) 80.080ms
[298.921s][info][gc,cpu         ] GC(836) User=0.15s Sys=0.00s Real=0.08s
[299.091s][info][gc,start       ] GC(837) Pause Young (Allocation Failure)
[299.172s][info][gc,heap        ] GC(837) PSYoungGen: 165079K(219648K)->46263K(216576K) Eden: 118784K(118784K)->0K(128000K) From: 46295K(100864K)->46263K(88576K)
[299.172s][info][gc,heap        ] GC(837) ParOldGen: 580648K(637952K)->580648K(637952K)
[299.172s][info][gc,metaspace   ] GC(837) Metaspace: 18588K(18752K)->18588K(18752K) NonClass: 16760K(16896K)->16760K(16896K) Class: 1828K(1856K)->1828K(1856K)
[299.172s][info][gc             ] GC(837) Pause Young (Allocation Failure) 728M->612M(834M) 80.657ms
[299.172s][info][gc,cpu         ] GC(837) User=0.16s Sys=0.00s Real=0.08s
[299.355s][info][gc,start       ] GC(838) Pause Young (Allocation Failure)
[299.435s][info][gc,heap        ] GC(838) PSYoungGen: 174263K(216576K)->46286K(220672K) Eden: 128000K(128000K)->0K(128000K) From: 46263K(88576K)->46286K(92672K)
[299.435s][info][gc,heap        ] GC(838) ParOldGen: 580648K(637952K)->580648K(637952K)
[299.435s][info][gc,metaspace   ] GC(838) Metaspace: 18588K(18752K)->18588K(18752K) NonClass: 16760K(16896K)->16760K(16896K) Class: 1828K(1856K)->1828K(1856K)
[299.435s][info][gc             ] GC(838) Pause Young (Allocation Failure) 737M->612M(838M) 79.996ms
[299.435s][info][gc,cpu         ] GC(838) User=0.16s Sys=0.00s Real=0.08s
[299.620s][info][gc,start       ] GC(839) Pause Young (Allocation Failure)
[299.701s][info][gc,heap        ] GC(839) PSYoungGen: 174286K(220672K)->46286K(220672K) Eden: 128000K(128000K)->0K(137728K) From: 46286K(92672K)->46286K(82944K)
[299.701s][info][gc,heap        ] GC(839) ParOldGen: 580648K(637952K)->580648K(637952K)
[299.701s][info][gc,metaspace   ] GC(839) Metaspace: 18588K(18752K)->18588K(18752K) NonClass: 16760K(16896K)->16760K(16896K) Class: 1828K(1856K)->1828K(1856K)
[299.701s][info][gc             ] GC(839) Pause Young (Allocation Failure) 737M->612M(838M) 81.183ms
[299.701s][info][gc,cpu         ] GC(839) User=0.16s Sys=0.00s Real=0.08s
[299.900s][info][gc,start       ] GC(840) Pause Young (Allocation Failure)
[299.980s][info][gc,heap        ] GC(840) PSYoungGen: 184014K(220672K)->46286K(223744K) Eden: 137728K(137728K)->0K(137728K) From: 46286K(82944K)->46286K(86016K)
[299.980s][info][gc,heap        ] GC(840) ParOldGen: 580648K(637952K)->580648K(637952K)
[299.980s][info][gc,metaspace   ] GC(840) Metaspace: 18588K(18752K)->18588K(18752K) NonClass: 16760K(16896K)->16760K(16896K) Class: 1828K(1856K)->1828K(1856K)
[299.980s][info][gc             ] GC(840) Pause Young (Allocation Failure) 746M->612M(841M) 80.199ms
[299.980s][info][gc,cpu         ] GC(840) User=0.15s Sys=0.00s Real=0.08s
[300.178s][info][gc,start       ] GC(841) Pause Young (Allocation Failure)
[300.258s][info][gc,heap        ] GC(841) PSYoungGen: 184014K(223744K)->46286K(224768K) Eden: 137728K(137728K)->0K(147968K) From: 46286K(86016K)->46286K(76800K)
[300.259s][info][gc,heap        ] GC(841) ParOldGen: 580648K(637952K)->580648K(637952K)
[300.259s][info][gc,metaspace   ] GC(841) Metaspace: 18588K(18752K)->18588K(18752K) NonClass: 16760K(16896K)->16760K(16896K) Class: 1828K(1856K)->1828K(1856K)
[300.259s][info][gc             ] GC(841) Pause Young (Allocation Failure) 746M->612M(842M) 80.536ms
[300.259s][info][gc,cpu         ] GC(841) User=0.16s Sys=0.00s Real=0.08s
[300.472s][info][gc,start       ] GC(842) Pause Young (Allocation Failure)
[300.552s][info][gc,heap        ] GC(842) PSYoungGen: 194254K(224768K)->46286K(227840K) Eden: 147968K(147968K)->0K(147968K) From: 46286K(76800K)->46286K(79872K)
[300.552s][info][gc,heap        ] GC(842) ParOldGen: 580648K(637952K)->580648K(637952K)
[300.552s][info][gc,metaspace   ] GC(842) Metaspace: 18588K(18752K)->18588K(18752K) NonClass: 16760K(16896K)->16760K(16896K) Class: 1828K(1856K)->1828K(1856K)
[300.552s][info][gc             ] GC(842) Pause Young (Allocation Failure) 756M->612M(845M) 80.150ms
[300.552s][info][gc,cpu         ] GC(842) User=0.16s Sys=0.00s Real=0.08s
[300.710s][info][gc,start       ] GC(843) Pause Young (Allocation Failure)
[300.808s][info][gc,heap        ] GC(843) PSYoungGen: 194254K(227840K)->63854K(231936K) Eden: 147968K(147968K)->0K(154624K) From: 46286K(79872K)->63854K(77312K)
[300.808s][info][gc,heap        ] GC(843) ParOldGen: 580648K(637952K)->580648K(637952K)
[300.808s][info][gc,metaspace   ] GC(843) Metaspace: 18588K(18752K)->18588K(18752K) NonClass: 16760K(16896K)->16760K(16896K) Class: 1828K(1856K)->1828K(1856K)
[300.808s][info][gc             ] GC(843) Pause Young (Allocation Failure) 756M->629M(849M) 97.913ms
[300.808s][info][gc,cpu         ] GC(843) User=0.20s Sys=0.00s Real=0.10s
[300.947s][info][gc,start       ] GC(844) Pause Young (Allocation Failure)
[301.059s][info][gc,heap        ] GC(844) PSYoungGen: 218478K(231936K)->78254K(236032K) Eden: 154624K(154624K)->0K(154624K) From: 63854K(77312K)->78254K(81408K)
[301.059s][info][gc,heap        ] GC(844) ParOldGen: 580648K(637952K)->580648K(637952K)
[301.059s][info][gc,metaspace   ] GC(844) Metaspace: 18588K(18752K)->18588K(18752K) NonClass: 16760K(16896K)->16760K(16896K) Class: 1828K(1856K)->1828K(1856K)
[301.059s][info][gc             ] GC(844) Pause Young (Allocation Failure) 780M->643M(853M) 112.184ms
[301.059s][info][gc,cpu         ] GC(844) User=0.23s Sys=0.00s Real=0.11s
[301.194s][info][gc,start       ] GC(845) Pause Young (Allocation Failure)
[301.315s][info][gc,heap        ] GC(845) PSYoungGen: 232878K(236032K)->80014K(228864K) Eden: 154624K(154624K)->0K(139264K) From: 78254K(81408K)->80014K(89600K)
[301.316s][info][gc,heap        ] GC(845) ParOldGen: 580648K(637952K)->580648K(637952K)
[301.316s][info][gc,metaspace   ] GC(845) Metaspace: 18588K(18752K)->18588K(18752K) NonClass: 16760K(16896K)->16760K(16896K) Class: 1828K(1856K)->1828K(1856K)
[301.316s][info][gc             ] GC(845) Pause Young (Allocation Failure) 794M->645M(846M) 122.033ms
[301.316s][info][gc,cpu         ] GC(845) User=0.23s Sys=0.02s Real=0.13s
[301.437s][info][gc,start       ] GC(846) Pause Young (Allocation Failure)
[301.552s][info][gc,heap        ] GC(846) PSYoungGen: 219278K(228864K)->81527K(221184K) Eden: 139264K(139264K)->0K(139264K) From: 80014K(89600K)->81527K(81920K)
[301.552s][info][gc,heap        ] GC(846) ParOldGen: 580648K(637952K)->580648K(637952K)
[301.552s][info][gc,metaspace   ] GC(846) Metaspace: 18588K(18752K)->18588K(18752K) NonClass: 16760K(16896K)->16760K(16896K) Class: 1828K(1856K)->1828K(1856K)
[301.552s][info][gc             ] GC(846) Pause Young (Allocation Failure) 781M->646M(839M) 115.179ms
[301.552s][info][gc,cpu         ] GC(846) User=0.23s Sys=0.00s Real=0.11s
[301.717s][info][gc,start       ] GC(847) Pause Young (Allocation Failure)
[301.841s][info][gc,heap        ] GC(847) PSYoungGen: 220791K(221184K)->72590K(227328K) Eden: 139264K(139264K)->0K(123904K) From: 81527K(81920K)->72590K(103424K)
[301.841s][info][gc,heap        ] GC(847) ParOldGen: 580648K(637952K)->596504K(637952K)
[301.841s][info][gc,metaspace   ] GC(847) Metaspace: 18592K(18752K)->18592K(18752K) NonClass: 16763K(16896K)->16763K(16896K) Class: 1828K(1856K)->1828K(1856K)
[301.841s][info][gc             ] GC(847) Pause Young (Allocation Failure) 782M->653M(845M) 123.470ms
[301.841s][info][gc,cpu         ] GC(847) User=0.25s Sys=0.00s Real=0.12s
[302.029s][info][gc,start       ] GC(848) Pause Young (Allocation Failure)
[302.127s][info][gc,heap        ] GC(848) PSYoungGen: 196494K(227328K)->63520K(187904K) Eden: 123904K(123904K)->0K(123904K) From: 72590K(103424K)->63520K(64000K)
[302.127s][info][gc,heap        ] GC(848) ParOldGen: 596504K(637952K)->607466K(637952K)
[302.127s][info][gc,metaspace   ] GC(848) Metaspace: 18592K(18752K)->18592K(18752K) NonClass: 16763K(16896K)->16763K(16896K) Class: 1828K(1856K)->1828K(1856K)
[302.127s][info][gc             ] GC(848) Pause Young (Allocation Failure) 774M->655M(806M) 98.166ms
[302.127s][info][gc,cpu         ] GC(848) User=0.20s Sys=0.00s Real=0.10s
[302.396s][info][gc,start       ] GC(849) Pause Young (Allocation Failure)
[302.470s][info][gc,heap        ] GC(849) PSYoungGen: 187424K(187904K)->44064K(230912K) Eden: 123904K(123904K)->0K(128000K) From: 63520K(64000K)->44064K(102912K)
[302.470s][info][gc,heap        ] GC(849) ParOldGen: 607466K(637952K)->627058K(637952K)
[302.470s][info][gc,metaspace   ] GC(849) Metaspace: 18592K(18752K)->18592K(18752K) NonClass: 16763K(16896K)->16763K(16896K) Class: 1828K(1856K)->1828K(1856K)
[302.470s][info][gc             ] GC(849) Pause Young (Allocation Failure) 776M->655M(848M) 73.407ms
[302.470s][info][gc,cpu         ] GC(849) User=0.15s Sys=0.00s Real=0.07s
[302.712s][info][gc,start       ] GC(850) Pause Full (Allocation Failure)
[302.712s][info][gc,phases,start] GC(850) Marking Phase
[303.084s][info][gc,phases      ] GC(850) Marking Phase 371.997ms
[303.084s][info][gc,phases,start] GC(850) Summary Phase
[303.085s][info][gc,phases      ] GC(850) Summary Phase 0.041ms
[303.085s][info][gc,phases,start] GC(850) Forward
[303.194s][info][gc,phases      ] GC(850) Forward 109.785ms
[303.194s][info][gc,phases,start] GC(850) Adjust Pointers
[303.512s][info][gc,phases      ] GC(850) Adjust Pointers 317.327ms
[303.512s][info][gc,phases,start] GC(850) Compaction Phase
[303.682s][info][gc,phases      ] GC(850) Compaction Phase 169.780ms
[303.697s][info][gc,phases,start] GC(850) Post Compact
[303.699s][info][gc,phases      ] GC(850) Post Compact 2.374ms
[303.700s][info][gc,heap        ] GC(850) PSYoungGen: 172064K(230912K)->0K(228352K) Eden: 128000K(128000K)->0K(128000K) From: 44064K(102912K)->0K(100352K)
[303.700s][info][gc,heap        ] GC(850) ParOldGen: 627058K(637952K)->533400K(667648K)
[303.700s][info][gc,metaspace   ] GC(850) Metaspace: 18592K(18752K)->18592K(18752K) NonClass: 16763K(16896K)->16763K(16896K) Class: 1828K(1856K)->1828K(1856K)
[303.700s][info][gc             ] GC(850) Pause Full (Allocation Failure) 780M->520M(875M) 987.249ms
[303.700s][info][gc,cpu         ] GC(850) User=1.88s Sys=0.00s Real=0.99s
[303.931s][info][gc,start       ] GC(851) Pause Young (Allocation Failure)
[303.933s][info][gc,heap        ] GC(851) PSYoungGen: 128000K(228352K)->64K(223232K) Eden: 128000K(128000K)->0K(122880K) From: 0K(100352K)->64K(100352K)
[303.933s][info][gc,heap        ] GC(851) ParOldGen: 533400K(667648K)->533400K(667648K)
[303.933s][info][gc,metaspace   ] GC(851) Metaspace: 18592K(18752K)->18592K(18752K) NonClass: 16763K(16896K)->16763K(16896K) Class: 1828K(1856K)->1828K(1856K)
[303.933s][info][gc             ] GC(851) Pause Young (Allocation Failure) 645M->520M(870M) 2.833ms
[303.933s][info][gc,cpu         ] GC(851) User=0.01s Sys=0.00s Real=0.00s
[304.182s][info][gc,start       ] GC(852) Pause Young (Allocation Failure)
[304.184s][info][gc,heap        ] GC(852) PSYoungGen: 122944K(223232K)->64K(123392K) Eden: 122880K(122880K)->0K(122880K) From: 64K(100352K)->64K(512K)
[304.184s][info][gc,heap        ] GC(852) ParOldGen: 533400K(667648K)->533400K(667648K)
[304.184s][info][gc,metaspace   ] GC(852) Metaspace: 18592K(18752K)->18592K(18752K) NonClass: 16763K(16896K)->16763K(16896K) Class: 1828K(1856K)->1828K(1856K)
[304.184s][info][gc             ] GC(852) Pause Young (Allocation Failure) 640M->520M(772M) 2.198ms
[304.184s][info][gc,cpu         ] GC(852) User=0.01s Sys=0.00s Real=0.00s
[304.329s][info][gc,start       ] GC(853) Pause Young (Allocation Failure)
[304.345s][info][gc,heap        ] GC(853) PSYoungGen: 122944K(123392K)->14048K(225792K) Eden: 122880K(122880K)->0K(116736K) From: 64K(512K)->14048K(109056K)
[304.345s][info][gc,heap        ] GC(853) ParOldGen: 533400K(667648K)->533400K(667648K)
[304.345s][info][gc,metaspace   ] GC(853) Metaspace: 18592K(18752K)->18592K(18752K) NonClass: 16763K(16896K)->16763K(16896K) Class: 1828K(1856K)->1828K(1856K)
[304.346s][info][gc             ] GC(853) Pause Young (Allocation Failure) 640M->534M(872M) 16.677ms
[304.346s][info][gc,cpu         ] GC(853) User=0.04s Sys=0.00s Real=0.02s
[304.487s][info][gc,start       ] GC(854) Pause Young (Allocation Failure)
[304.504s][info][gc,heap        ] GC(854) PSYoungGen: 130784K(225792K)->14112K(131072K) Eden: 116736K(116736K)->0K(116736K) From: 14048K(109056K)->14112K(14336K)
[304.504s][info][gc,heap        ] GC(854) ParOldGen: 533400K(667648K)->533400K(667648K)
[304.504s][info][gc,metaspace   ] GC(854) Metaspace: 18592K(18752K)->18592K(18752K) NonClass: 16763K(16896K)->16763K(16896K) Class: 1828K(1856K)->1828K(1856K)
[304.504s][info][gc             ] GC(854) Pause Young (Allocation Failure) 648M->534M(780M) 16.689ms
[304.504s][info][gc,cpu         ] GC(854) User=0.03s Sys=0.00s Real=0.01s
[304.593s][info][gc,start       ] GC(855) Pause Young (Allocation Failure)
[304.637s][info][gc,heap        ] GC(855) PSYoungGen: 130848K(131072K)->50784K(224768K) Eden: 116736K(116736K)->0K(118784K) From: 14112K(14336K)->50784K(105984K)
[304.637s][info][gc,heap        ] GC(855) ParOldGen: 533400K(667648K)->533400K(667648K)
[304.637s][info][gc,metaspace   ] GC(855) Metaspace: 18592K(18752K)->18592K(18752K) NonClass: 16763K(16896K)->16763K(16896K) Class: 1828K(1856K)->1828K(1856K)
[304.637s][info][gc             ] GC(855) Pause Young (Allocation Failure) 648M->570M(871M) 43.791ms
[304.637s][info][gc,cpu         ] GC(855) User=0.08s Sys=0.00s Real=0.05s
[304.804s][info][gc,start       ] GC(856) Pause Young (Allocation Failure)
[304.859s][info][gc,heap        ] GC(856) PSYoungGen: 169568K(224768K)->71136K(222720K) Eden: 118784K(118784K)->0K(118784K) From: 50784K(105984K)->71136K(103936K)
[304.859s][info][gc,heap        ] GC(856) ParOldGen: 533400K(667648K)->533400K(667648K)
[304.859s][info][gc,metaspace   ] GC(856) Metaspace: 18603K(18752K)->18603K(18752K) NonClass: 16774K(16896K)->16774K(16896K) Class: 1828K(1856K)->1828K(1856K)
[304.859s][info][gc             ] GC(856) Pause Young (Allocation Failure) 686M->590M(869M) 54.660ms
[304.859s][info][gc,cpu         ] GC(856) User=0.11s Sys=0.00s Real=0.06s
[305.039s][info][gc,start       ] GC(857) Pause Young (Allocation Failure)
[305.116s][info][gc,heap        ] GC(857) PSYoungGen: 189920K(222720K)->85712K(220160K) Eden: 118784K(118784K)->0K(111616K) From: 71136K(103936K)->85712K(108544K)
[305.116s][info][gc,heap        ] GC(857) ParOldGen: 533400K(667648K)->533400K(667648K)
[305.116s][info][gc,metaspace   ] GC(857) Metaspace: 18603K(18752K)->18603K(18752K) NonClass: 16774K(16896K)->16774K(16896K) Class: 1828K(1856K)->1828K(1856K)
[305.116s][info][gc             ] GC(857) Pause Young (Allocation Failure) 706M->604M(867M) 77.324ms
[305.116s][info][gc,cpu         ] GC(857) User=0.15s Sys=0.00s Real=0.08s
[305.274s][info][gc,start       ] GC(858) Pause Young (Allocation Failure)
[305.351s][info][gc,heap        ] GC(858) PSYoungGen: 197328K(220160K)->85712K(222720K) Eden: 111616K(111616K)->0K(111616K) From: 85712K(108544K)->85712K(111104K)
[305.351s][info][gc,heap        ] GC(858) ParOldGen: 533400K(667648K)->533400K(667648K)
[305.351s][info][gc,metaspace   ] GC(858) Metaspace: 18603K(18752K)->18603K(18752K) NonClass: 16774K(16896K)->16774K(16896K) Class: 1828K(1856K)->1828K(1856K)
[305.351s][info][gc             ] GC(858) Pause Young (Allocation Failure) 713M->604M(869M) 77.401ms
[305.351s][info][gc,cpu         ] GC(858) User=0.15s Sys=0.00s Real=0.08s
[305.510s][info][gc,start       ] GC(859) Pause Young (Allocation Failure)
[305.589s][info][gc,heap        ] GC(859) PSYoungGen: 197328K(222720K)->85680K(222720K) Eden: 111616K(111616K)->0K(111616K) From: 85712K(111104K)->85680K(111104K)
[305.589s][info][gc,heap        ] GC(859) ParOldGen: 533400K(667648K)->533400K(667648K)
[305.589s][info][gc,metaspace   ] GC(859) Metaspace: 18603K(18752K)->18603K(18752K) NonClass: 16774K(16896K)->16774K(16896K) Class: 1828K(1856K)->1828K(1856K)
[305.589s][info][gc             ] GC(859) Pause Young (Allocation Failure) 713M->604M(869M) 78.513ms
[305.589s][info][gc,cpu         ] GC(859) User=0.15s Sys=0.01s Real=0.08s
[305.749s][info][gc,start       ] GC(860) Pause Young (Allocation Failure)
[305.827s][info][gc,heap        ] GC(860) PSYoungGen: 197296K(222720K)->85712K(222720K) Eden: 111616K(111616K)->0K(111616K) From: 85680K(111104K)->85712K(111104K)
[305.827s][info][gc,heap        ] GC(860) ParOldGen: 533400K(667648K)->533400K(667648K)
[305.827s][info][gc,metaspace   ] GC(860) Metaspace: 18603K(18752K)->18603K(18752K) NonClass: 16774K(16896K)->16774K(16896K) Class: 1828K(1856K)->1828K(1856K)
[305.827s][info][gc             ] GC(860) Pause Young (Allocation Failure) 713M->604M(869M) 78.210ms
[305.827s][info][gc,cpu         ] GC(860) User=0.15s Sys=0.00s Real=0.08s
[305.986s][info][gc,start       ] GC(861) Pause Young (Allocation Failure)
[306.064s][info][gc,heap        ] GC(861) PSYoungGen: 197328K(222720K)->85712K(222720K) Eden: 111616K(111616K)->0K(111616K) From: 85712K(111104K)->85712K(111104K)
[306.064s][info][gc,heap        ] GC(861) ParOldGen: 533400K(667648K)->533400K(667648K)
[306.064s][info][gc,metaspace   ] GC(861) Metaspace: 18603K(18752K)->18603K(18752K) NonClass: 16774K(16896K)->16774K(16896K) Class: 1828K(1856K)->1828K(1856K)
[306.065s][info][gc             ] GC(861) Pause Young (Allocation Failure) 713M->604M(869M) 78.641ms
[306.065s][info][gc,cpu         ] GC(861) User=0.15s Sys=0.00s Real=0.07s
[306.225s][info][gc,start       ] GC(862) Pause Young (Allocation Failure)
[306.302s][info][gc,heap        ] GC(862) PSYoungGen: 197328K(222720K)->85680K(222720K) Eden: 111616K(111616K)->0K(111616K) From: 85712K(111104K)->85680K(111104K)
[306.302s][info][gc,heap        ] GC(862) ParOldGen: 533400K(667648K)->533432K(667648K)
[306.302s][info][gc,metaspace   ] GC(862) Metaspace: 18603K(18752K)->18603K(18752K) NonClass: 16774K(16896K)->16774K(16896K) Class: 1828K(1856K)->1828K(1856K)
[306.302s][info][gc             ] GC(862) Pause Young (Allocation Failure) 713M->604M(869M) 77.357ms
[306.302s][info][gc,cpu         ] GC(862) User=0.15s Sys=0.00s Real=0.08s
[306.462s][info][gc,start       ] GC(863) Pause Young (Allocation Failure)
[306.540s][info][gc,heap        ] GC(863) PSYoungGen: 197296K(222720K)->71632K(222720K) Eden: 111616K(111616K)->0K(111616K) From: 85680K(111104K)->71632K(111104K)
[306.540s][info][gc,heap        ] GC(863) ParOldGen: 533432K(667648K)->547536K(667648K)
[306.540s][info][gc,metaspace   ] GC(863) Metaspace: 18603K(18752K)->18603K(18752K) NonClass: 16774K(16896K)->16774K(16896K) Class: 1828K(1856K)->1828K(1856K)
[306.540s][info][gc             ] GC(863) Pause Young (Allocation Failure) 713M->604M(869M) 77.398ms
[306.540s][info][gc,cpu         ] GC(863) User=0.16s Sys=0.00s Real=0.08s
[306.700s][info][gc,start       ] GC(864) Pause Young (Allocation Failure)
[306.763s][info][gc,heap        ] GC(864) PSYoungGen: 183248K(222720K)->14592K(222720K) Eden: 111616K(111616K)->0K(111616K) From: 71632K(111104K)->14592K(111104K)
[306.763s][info][gc,heap        ] GC(864) ParOldGen: 547536K(667648K)->605167K(667648K)
[306.763s][info][gc,metaspace   ] GC(864) Metaspace: 18603K(18752K)->18603K(18752K) NonClass: 16774K(16896K)->16774K(16896K) Class: 1828K(1856K)->1828K(1856K)
[306.763s][info][gc             ] GC(864) Pause Young (Allocation Failure) 713M->605M(869M) 63.518ms
[306.763s][info][gc,cpu         ] GC(864) User=0.13s Sys=0.00s Real=0.06s
[306.922s][info][gc,start       ] GC(865) Pause Young (Allocation Failure)
[306.950s][info][gc,heap        ] GC(865) PSYoungGen: 126208K(222720K)->64K(222720K) Eden: 111616K(111616K)->0K(111616K) From: 14592K(111104K)->64K(111104K)
[306.950s][info][gc,heap        ] GC(865) ParOldGen: 605167K(667648K)->619784K(667648K)
[306.950s][info][gc,metaspace   ] GC(865) Metaspace: 18603K(18752K)->18603K(18752K) NonClass: 16774K(16896K)->16774K(16896K) Class: 1828K(1856K)->1828K(1856K)
[306.950s][info][gc             ] GC(865) Pause Young (Allocation Failure) 714M->605M(869M) 27.950ms
[306.950s][info][gc,cpu         ] GC(865) User=0.06s Sys=0.00s Real=0.03s
[307.108s][info][gc,start       ] GC(866) Pause Full (Allocation Failure)
[307.108s][info][gc,phases,start] GC(866) Marking Phase
[307.436s][info][gc,phases      ] GC(866) Marking Phase 328.128ms
[307.436s][info][gc,phases,start] GC(866) Summary Phase
[307.436s][info][gc,phases      ] GC(866) Summary Phase 0.028ms
[307.436s][info][gc,phases,start] GC(866) Forward
[307.460s][info][gc,phases      ] GC(866) Forward 24.340ms
[307.460s][info][gc,phases,start] GC(866) Adjust Pointers
[307.711s][info][gc,phases      ] GC(866) Adjust Pointers 250.571ms
[307.711s][info][gc,phases,start] GC(866) Compaction Phase
[307.818s][info][gc,phases      ] GC(866) Compaction Phase 106.744ms
[307.822s][info][gc,phases,start] GC(866) Post Compact
[307.824s][info][gc,phases      ] GC(866) Post Compact 2.165ms
[307.824s][info][gc,heap        ] GC(866) PSYoungGen: 111680K(222720K)->0K(222720K) Eden: 111616K(111616K)->0K(111616K) From: 64K(111104K)->0K(111104K)
[307.824s][info][gc,heap        ] GC(866) ParOldGen: 619784K(667648K)->484533K(667648K)
[307.824s][info][gc,metaspace   ] GC(866) Metaspace: 18603K(18752K)->18603K(18752K) NonClass: 16774K(16896K)->16774K(16896K) Class: 1828K(1856K)->1828K(1856K)
[307.824s][info][gc             ] GC(866) Pause Full (Allocation Failure) 714M->473M(869M) 716.605ms
[307.824s][info][gc,cpu         ] GC(866) User=1.38s Sys=0.00s Real=0.71s
[307.955s][info][gc,start       ] GC(867) Pause Young (Allocation Failure)
[307.973s][info][gc,heap        ] GC(867) PSYoungGen: 111616K(222720K)->12480K(222720K) Eden: 111616K(111616K)->0K(111616K) From: 0K(111104K)->12480K(111104K)
[307.973s][info][gc,heap        ] GC(867) ParOldGen: 484533K(667648K)->484533K(667648K)
[307.973s][info][gc,metaspace   ] GC(867) Metaspace: 18604K(18752K)->18604K(18752K) NonClass: 16775K(16896K)->16775K(16896K) Class: 1828K(1856K)->1828K(1856K)
[307.973s][info][gc             ] GC(867) Pause Young (Allocation Failure) 582M->485M(869M) 18.341ms
[307.973s][info][gc,cpu         ] GC(867) User=0.04s Sys=0.00s Real=0.01s
[308.055s][info][gc,start       ] GC(868) Pause Young (Allocation Failure)
[308.104s][info][gc,heap        ] GC(868) PSYoungGen: 124096K(222720K)->44672K(222720K) Eden: 111616K(111616K)->0K(111616K) From: 12480K(111104K)->44672K(111104K)
[308.104s][info][gc,heap        ] GC(868) ParOldGen: 484533K(667648K)->484533K(667648K)
[308.104s][info][gc,metaspace   ] GC(868) Metaspace: 18605K(18752K)->18605K(18752K) NonClass: 16777K(16896K)->16777K(16896K) Class: 1828K(1856K)->1828K(1856K)
[308.105s][info][gc             ] GC(868) Pause Young (Allocation Failure) 594M->516M(869M) 49.553ms
[308.105s][info][gc,cpu         ] GC(868) User=0.10s Sys=0.00s Real=0.04s
[308.186s][info][gc,start       ] GC(869) Pause Young (Allocation Failure)
[308.248s][info][gc,heap        ] GC(869) PSYoungGen: 156288K(222720K)->58528K(222720K) Eden: 111616K(111616K)->0K(111616K) From: 44672K(111104K)->58528K(111104K)
[308.248s][info][gc,heap        ] GC(869) ParOldGen: 484533K(667648K)->484533K(667648K)
[308.248s][info][gc,metaspace   ] GC(869) Metaspace: 18605K(18752K)->18605K(18752K) NonClass: 16777K(16896K)->16777K(16896K) Class: 1828K(1856K)->1828K(1856K)
[308.248s][info][gc             ] GC(869) Pause Young (Allocation Failure) 625M->530M(869M) 61.860ms
[308.248s][info][gc,cpu         ] GC(869) User=0.12s Sys=0.00s Real=0.06s
[308.314s][info][gc,start       ] GC(870) Pause Young (Allocation Failure)
[308.390s][info][gc,heap        ] GC(870) PSYoungGen: 170144K(222720K)->59392K(222720K) Eden: 111616K(111616K)->0K(111616K) From: 58528K(111104K)->59392K(111104K)
[308.390s][info][gc,heap        ] GC(870) ParOldGen: 484533K(667648K)->497013K(667648K)
[308.390s][info][gc,metaspace   ] GC(870) Metaspace: 18605K(18752K)->18605K(18752K) NonClass: 16777K(16896K)->16777K(16896K) Class: 1828K(1856K)->1828K(1856K)
[308.390s][info][gc             ] GC(870) Pause Young (Allocation Failure) 639M->543M(869M) 75.976ms
[308.390s][info][gc,cpu         ] GC(870) User=0.16s Sys=0.00s Real=0.08s
[308.476s][info][gc,start       ] GC(871) Pause Young (Allocation Failure)
[308.547s][info][gc,heap        ] GC(871) PSYoungGen: 171008K(222720K)->17664K(222720K) Eden: 111616K(111616K)->0K(111616K) From: 59392K(111104K)->17664K(111104K)
[308.547s][info][gc,heap        ] GC(871) ParOldGen: 497013K(667648K)->543213K(667648K)
[308.547s][info][gc,metaspace   ] GC(871) Metaspace: 18605K(18752K)->18605K(18752K) NonClass: 16777K(16896K)->16777K(16896K) Class: 1828K(1856K)->1828K(1856K)
[308.547s][info][gc             ] GC(871) Pause Young (Allocation Failure) 652M->547M(869M) 71.073ms
[308.547s][info][gc,cpu         ] GC(871) User=0.15s Sys=0.00s Real=0.07s
[308.628s][info][gc,start       ] GC(872) Pause Young (Allocation Failure)
[308.673s][info][gc,heap        ] GC(872) PSYoungGen: 129280K(222720K)->20672K(222720K) Eden: 111616K(111616K)->0K(111616K) From: 17664K(111104K)->20672K(111104K)
[308.673s][info][gc,heap        ] GC(872) ParOldGen: 543213K(667648K)->560981K(667648K)
[308.673s][info][gc,metaspace   ] GC(872) Metaspace: 18608K(18752K)->18608K(18752K) NonClass: 16779K(16896K)->16779K(16896K) Class: 1828K(1856K)->1828K(1856K)
[308.673s][info][gc             ] GC(872) Pause Young (Allocation Failure) 656M->568M(869M) 45.485ms
[308.673s][info][gc,cpu         ] GC(872) User=0.09s Sys=0.00s Real=0.04s
[308.754s][info][gc,start       ] GC(873) Pause Young (Allocation Failure)
[308.789s][info][gc,heap        ] GC(873) PSYoungGen: 132288K(222720K)->9408K(222720K) Eden: 111616K(111616K)->0K(111616K) From: 20672K(111104K)->9408K(111104K)
[308.789s][info][gc,heap        ] GC(873) ParOldGen: 560981K(667648K)->581701K(667648K)
[308.789s][info][gc,metaspace   ] GC(873) Metaspace: 18608K(18752K)->18608K(18752K) NonClass: 16779K(16896K)->16779K(16896K) Class: 1828K(1856K)->1828K(1856K)
[308.789s][info][gc             ] GC(873) Pause Young (Allocation Failure) 677M->577M(869M) 34.610ms
[308.789s][info][gc,cpu         ] GC(873) User=0.07s Sys=0.00s Real=0.04s
[308.865s][info][gc,start       ] GC(874) Pause Young (Allocation Failure)
[308.887s][info][gc,heap        ] GC(874) PSYoungGen: 121024K(222720K)->8224K(222720K) Eden: 111616K(111616K)->0K(111616K) From: 9408K(111104K)->8224K(111104K)
[308.887s][info][gc,heap        ] GC(874) ParOldGen: 581701K(667648K)->591109K(667648K)
[308.887s][info][gc,metaspace   ] GC(874) Metaspace: 18610K(18752K)->18610K(18752K) NonClass: 16781K(16896K)->16781K(16896K) Class: 1828K(1856K)->1828K(1856K)
[308.887s][info][gc             ] GC(874) Pause Young (Allocation Failure) 686M->585M(869M) 22.327ms
[308.887s][info][gc,cpu         ] GC(874) User=0.04s Sys=0.00s Real=0.02s
[308.945s][info][gc,start       ] GC(875) Pause Young (Allocation Failure)
[308.964s][info][gc,heap        ] GC(875) PSYoungGen: 119840K(222720K)->7744K(222720K) Eden: 111616K(111616K)->0K(111616K) From: 8224K(111104K)->7744K(111104K)
[308.965s][info][gc,heap        ] GC(875) ParOldGen: 591109K(667648K)->599333K(667648K)
[308.965s][info][gc,metaspace   ] GC(875) Metaspace: 18610K(18752K)->18610K(18752K) NonClass: 16781K(16896K)->16781K(16896K) Class: 1828K(1856K)->1828K(1856K)
[308.965s][info][gc             ] GC(875) Pause Young (Allocation Failure) 694M->592M(869M) 19.927ms
[308.965s][info][gc,cpu         ] GC(875) User=0.04s Sys=0.00s Real=0.02s
[309.062s][info][gc,start       ] GC(876) Pause Young (Allocation Failure)
[309.079s][info][gc,heap        ] GC(876) PSYoungGen: 119360K(222720K)->10784K(122880K) Eden: 111616K(111616K)->0K(111616K) From: 7744K(111104K)->10784K(11264K)
[309.079s][info][gc,heap        ] GC(876) ParOldGen: 599333K(667648K)->599333K(667648K)
[309.079s][info][gc,metaspace   ] GC(876) Metaspace: 18611K(18752K)->18611K(18752K) NonClass: 16783K(16896K)->16783K(16896K) Class: 1828K(1856K)->1828K(1856K)
[309.079s][info][gc             ] GC(876) Pause Young (Allocation Failure) 701M->595M(772M) 16.802ms
[309.079s][info][gc,cpu         ] GC(876) User=0.04s Sys=0.00s Real=0.02s
[309.215s][info][gc,start       ] GC(877) Pause Young (Allocation Failure)
[309.235s][info][gc,heap        ] GC(877) PSYoungGen: 122400K(122880K)->12128K(223232K) Eden: 111616K(111616K)->0K(115712K) From: 10784K(11264K)->12128K(107520K)
[309.235s][info][gc,heap        ] GC(877) ParOldGen: 599333K(667648K)->599333K(667648K)
[309.235s][info][gc,metaspace   ] GC(877) Metaspace: 18613K(18752K)->18613K(18752K) NonClass: 16785K(16896K)->16785K(16896K) Class: 1828K(1856K)->1828K(1856K)
[309.235s][info][gc             ] GC(877) Pause Young (Allocation Failure) 704M->597M(870M) 20.137ms
[309.235s][info][gc,cpu         ] GC(877) User=0.03s Sys=0.00s Real=0.03s
[309.366s][info][gc,start       ] GC(878) Pause Young (Allocation Failure)
[309.388s][info][gc,heap        ] GC(878) PSYoungGen: 127840K(223232K)->12128K(219136K) Eden: 115712K(115712K)->0K(115712K) From: 12128K(107520K)->12128K(103424K)
[309.388s][info][gc,heap        ] GC(878) ParOldGen: 599333K(667648K)->599333K(667648K)
[309.388s][info][gc,metaspace   ] GC(878) Metaspace: 18617K(18752K)->18617K(18752K) NonClass: 16789K(16896K)->16789K(16896K) Class: 1828K(1856K)->1828K(1856K)
[309.388s][info][gc             ] GC(878) Pause Young (Allocation Failure) 710M->597M(866M) 22.089ms
[309.388s][info][gc,cpu         ] GC(878) User=0.05s Sys=0.01s Real=0.02s
[309.516s][info][gc,start       ] GC(879) Pause Young (Allocation Failure)
[309.537s][info][gc,heap        ] GC(879) PSYoungGen: 127840K(219136K)->15712K(215040K) Eden: 115712K(115712K)->0K(123904K) From: 12128K(103424K)->15712K(91136K)
[309.537s][info][gc,heap        ] GC(879) ParOldGen: 599333K(667648K)->599333K(667648K)
[309.537s][info][gc,metaspace   ] GC(879) Metaspace: 18617K(18752K)->18617K(18752K) NonClass: 16789K(16896K)->16789K(16896K) Class: 1828K(1856K)->1828K(1856K)
[309.537s][info][gc             ] GC(879) Pause Young (Allocation Failure) 710M->600M(862M) 21.248ms
[309.537s][info][gc,cpu         ] GC(879) User=0.04s Sys=0.00s Real=0.02s
[309.684s][info][gc,start       ] GC(880) Pause Young (Allocation Failure)
[309.705s][info][gc,heap        ] GC(880) PSYoungGen: 139616K(215040K)->15840K(218624K) Eden: 123904K(123904K)->0K(123904K) From: 15712K(91136K)->15840K(94720K)
[309.705s][info][gc,heap        ] GC(880) ParOldGen: 599333K(667648K)->599333K(667648K)
[309.705s][info][gc,metaspace   ] GC(880) Metaspace: 18623K(18752K)->18623K(18752K) NonClass: 16795K(16896K)->16795K(16896K) Class: 1828K(1856K)->1828K(1856K)
[309.705s][info][gc             ] GC(880) Pause Young (Allocation Failure) 721M->600M(865M) 20.524ms
[309.705s][info][gc,cpu         ] GC(880) User=0.04s Sys=0.00s Real=0.02s
[309.888s][info][gc,start       ] GC(881) Pause Young (Allocation Failure)
[309.925s][info][gc,heap        ] GC(881) PSYoungGen: 139744K(218624K)->31840K(213504K) Eden: 123904K(123904K)->0K(132096K) From: 15840K(94720K)->31840K(81408K)
[309.925s][info][gc,heap        ] GC(881) ParOldGen: 599333K(667648K)->599333K(667648K)
[309.925s][info][gc,metaspace   ] GC(881) Metaspace: 18636K(18816K)->18636K(18816K) NonClass: 16808K(16960K)->16808K(16960K) Class: 1828K(1856K)->1828K(1856K)
[309.925s][info][gc             ] GC(881) Pause Young (Allocation Failure) 721M->616M(860M) 36.889ms
[309.925s][info][gc,cpu         ] GC(881) User=0.08s Sys=0.00s Real=0.03s
[310.353s][info][gc,start       ] GC(882) Pause Young (Allocation Failure)
[310.400s][info][gc,heap        ] GC(882) PSYoungGen: 163936K(213504K)->41392K(217600K) Eden: 132096K(132096K)->0K(132096K) From: 31840K(81408K)->41392K(85504K)
[310.400s][info][gc,heap        ] GC(882) ParOldGen: 599333K(667648K)->599333K(667648K)
[310.400s][info][gc,metaspace   ] GC(882) Metaspace: 18643K(18816K)->18643K(18816K) NonClass: 16814K(16960K)->16814K(16960K) Class: 1828K(1856K)->1828K(1856K)
[310.400s][info][gc             ] GC(882) Pause Young (Allocation Failure) 745M->625M(864M) 47.068ms
[310.400s][info][gc,cpu         ] GC(882) User=0.10s Sys=0.00s Real=0.05s
[310.517s][info][gc,start       ] GC(883) Pause Young (Allocation Failure)
[310.577s][info][gc,heap        ] GC(883) PSYoungGen: 173488K(217600K)->56848K(220160K) Eden: 132096K(132096K)->0K(135168K) From: 41392K(85504K)->56848K(84992K)
[310.577s][info][gc,heap        ] GC(883) ParOldGen: 599333K(667648K)->599333K(667648K)
[310.577s][info][gc,metaspace   ] GC(883) Metaspace: 18644K(18816K)->18644K(18816K) NonClass: 16815K(16960K)->16815K(16960K) Class: 1828K(1856K)->1828K(1856K)
[310.577s][info][gc             ] GC(883) Pause Young (Allocation Failure) 754M->640M(867M) 59.325ms
[310.577s][info][gc,cpu         ] GC(883) User=0.11s Sys=0.00s Real=0.06s
[310.647s][info][gc,start       ] GC(884) Pause Young (Allocation Failure)
[310.742s][info][gc,heap        ] GC(884) PSYoungGen: 192016K(220160K)->90104K(225280K) Eden: 135168K(135168K)->0K(135168K) From: 56848K(84992K)->90104K(90112K)
[310.742s][info][gc,heap        ] GC(884) ParOldGen: 599333K(667648K)->610085K(667648K)
[310.742s][info][gc,metaspace   ] GC(884) Metaspace: 18645K(18816K)->18645K(18816K) NonClass: 16816K(16960K)->16816K(16960K) Class: 1828K(1856K)->1828K(1856K)
[310.742s][info][gc             ] GC(884) Pause Young (Allocation Failure) 772M->683M(872M) 94.643ms
[310.742s][info][gc,cpu         ] GC(884) User=0.19s Sys=0.00s Real=0.09s
[310.917s][info][gc,start       ] GC(885) Pause Young (Allocation Failure)
[311.033s][info][gc,heap        ] GC(885) PSYoungGen: 225272K(225280K)->104096K(220160K) Eden: 135168K(135168K)->0K(111616K) From: 90104K(90112K)->104096K(108544K)
[311.033s][info][gc,heap        ] GC(885) ParOldGen: 610085K(667648K)->620853K(667648K)
[311.033s][info][gc,metaspace   ] GC(885) Metaspace: 18645K(18816K)->18645K(18816K) NonClass: 16817K(16960K)->16817K(16960K) Class: 1828K(1856K)->1828K(1856K)
[311.033s][info][gc             ] GC(885) Pause Young (Allocation Failure) 815M->707M(867M) 116.638ms
[311.033s][info][gc,cpu         ] GC(885) User=0.21s Sys=0.02s Real=0.11s
[311.196s][info][gc,start       ] GC(886) Pause Young (Allocation Failure)
[311.287s][info][gc,heap        ] GC(886) PSYoungGen: 215712K(220160K)->102872K(222720K) Eden: 111616K(111616K)->0K(111616K) From: 104096K(108544K)->102872K(111104K)
[311.287s][info][gc,heap        ] GC(886) ParOldGen: 620853K(667648K)->622221K(667648K)
[311.287s][info][gc,metaspace   ] GC(886) Metaspace: 18645K(18816K)->18645K(18816K) NonClass: 16817K(16960K)->16817K(16960K) Class: 1828K(1856K)->1828K(1856K)
[311.287s][info][gc             ] GC(886) Pause Young (Allocation Failure) 816M->708M(869M) 90.499ms
[311.287s][info][gc,cpu         ] GC(886) User=0.18s Sys=0.00s Real=0.09s
[311.491s][info][gc,start       ] GC(887) Pause Young (Allocation Failure)
[311.581s][info][gc,heap        ] GC(887) PSYoungGen: 214488K(222720K)->99480K(222720K) Eden: 111616K(111616K)->0K(111616K) From: 102872K(111104K)->99480K(111104K)
[311.581s][info][gc,heap        ] GC(887) ParOldGen: 622221K(667648K)->625954K(667648K)
[311.581s][info][gc,metaspace   ] GC(887) Metaspace: 18645K(18816K)->18645K(18816K) NonClass: 16817K(16960K)->16817K(16960K) Class: 1828K(1856K)->1828K(1856K)
[311.581s][info][gc             ] GC(887) Pause Young (Allocation Failure) 817M->708M(869M) 89.700ms
[311.581s][info][gc,cpu         ] GC(887) User=0.17s Sys=0.00s Real=0.09s
[311.765s][info][gc,start       ] GC(888) Pause Young (Allocation Failure)
[311.857s][info][gc,heap        ] GC(888) PSYoungGen: 211096K(222720K)->74256K(222720K) Eden: 111616K(111616K)->0K(111616K) From: 99480K(111104K)->74256K(111104K)
[311.857s][info][gc,heap        ] GC(888) ParOldGen: 625954K(667648K)->651635K(667648K)
[311.857s][info][gc,metaspace   ] GC(888) Metaspace: 18645K(18816K)->18645K(18816K) NonClass: 16817K(16960K)->16817K(16960K) Class: 1828K(1856K)->1828K(1856K)
[311.857s][info][gc             ] GC(888) Pause Young (Allocation Failure) 817M->708M(869M) 92.868ms
[311.858s][info][gc,cpu         ] GC(888) User=0.18s Sys=0.01s Real=0.10s
[312.003s][info][gc,start       ] GC(889) Pause Full (Allocation Failure)
[312.003s][info][gc,phases,start] GC(889) Marking Phase
[312.533s][info][gc,phases      ] GC(889) Marking Phase 530.278ms
[312.533s][info][gc,phases,start] GC(889) Summary Phase
[312.533s][info][gc,phases      ] GC(889) Summary Phase 0.033ms
[312.533s][info][gc,phases,start] GC(889) Forward
[312.672s][info][gc,phases      ] GC(889) Forward 139.195ms
[312.672s][info][gc,phases,start] GC(889) Adjust Pointers
[313.075s][info][gc,phases      ] GC(889) Adjust Pointers 402.902ms
[313.075s][info][gc,phases,start] GC(889) Compaction Phase
[313.323s][info][gc,phases      ] GC(889) Compaction Phase 247.742ms
[313.337s][info][gc,phases,start] GC(889) Post Compact
[313.339s][info][gc,phases      ] GC(889) Post Compact 2.490ms
[313.339s][info][gc,heap        ] GC(889) PSYoungGen: 185872K(222720K)->24466K(222720K) Eden: 111616K(111616K)->0K(111616K) From: 74256K(111104K)->24466K(111104K)
[313.339s][info][gc,heap        ] GC(889) ParOldGen: 651635K(667648K)->667530K(667648K)
[313.339s][info][gc,metaspace   ] GC(889) Metaspace: 18645K(18816K)->18645K(18816K) NonClass: 16817K(16960K)->16817K(16960K) Class: 1828K(1856K)->1828K(1856K)
[313.340s][info][gc             ] GC(889) Pause Full (Allocation Failure) 817M->675M(869M) 1336.938ms
[313.340s][info][gc,cpu         ] GC(889) User=2.60s Sys=0.01s Real=1.34s
[313.434s][info][gc,start       ] GC(890) Pause Full (Allocation Failure)
[313.434s][info][gc,phases,start] GC(890) Marking Phase
[313.970s][info][gc,phases      ] GC(890) Marking Phase 536.294ms
[313.970s][info][gc,phases,start] GC(890) Summary Phase
[313.970s][info][gc,phases      ] GC(890) Summary Phase 0.030ms
[313.970s][info][gc,phases,start] GC(890) Forward
[314.107s][info][gc,phases      ] GC(890) Forward 137.082ms
[314.107s][info][gc,phases,start] GC(890) Adjust Pointers
[314.525s][info][gc,phases      ] GC(890) Adjust Pointers 417.107ms
[314.525s][info][gc,phases,start] GC(890) Compaction Phase
[314.772s][info][gc,phases      ] GC(890) Compaction Phase 247.838ms
[314.789s][info][gc,phases,start] GC(890) Post Compact
[314.792s][info][metaspace      ] ChkMgr @0x00007f99a403aa80 (non-class-space): : reclaiming memory...
[314.792s][info][metaspace      ] ChkMgr @0x00007f99a403aa80 (non-class-space): nothing reclaimed.
[314.792s][info][metaspace      ] ChkMgr @0x00007f99a403a890 (class-space): : reclaiming memory...
[314.792s][info][metaspace      ] ChkMgr @0x00007f99a403a890 (class-space): nothing reclaimed.
[314.792s][info][gc,phases      ] GC(890) Post Compact 2.529ms
[314.792s][info][gc,heap        ] GC(890) PSYoungGen: 136082K(222720K)->25310K(222720K) Eden: 111616K(111616K)->25310K(111616K) From: 24466K(111104K)->0K(111104K)
[314.792s][info][gc,heap        ] GC(890) ParOldGen: 667530K(667648K)->667635K(667648K)
[314.792s][info][gc,metaspace   ] GC(890) Metaspace: 18645K(18816K)->18623K(18816K) NonClass: 16817K(16960K)->16794K(16960K) Class: 1828K(1856K)->1828K(1856K)
[314.792s][info][gc             ] GC(890) Pause Full (Allocation Failure) 784M->676M(869M) 1357.928ms
[314.792s][info][gc,cpu         ] GC(890) User=2.64s Sys=0.00s Real=1.36s
[314.872s][info][gc,start       ] GC(891) Pause Full (Allocation Failure)
[314.872s][info][gc,phases,start] GC(891) Marking Phase
[315.404s][info][gc,phases      ] GC(891) Marking Phase 532.668ms
[315.404s][info][gc,phases,start] GC(891) Summary Phase
[315.405s][info][gc,phases      ] GC(891) Summary Phase 0.027ms
[315.405s][info][gc,phases,start] GC(891) Forward
[315.424s][info][gc,phases      ] GC(891) Forward 19.867ms
[315.424s][info][gc,phases,start] GC(891) Adjust Pointers
[315.787s][info][gc,phases      ] GC(891) Adjust Pointers 362.591ms
[315.787s][info][gc,phases,start] GC(891) Compaction Phase
[315.936s][info][gc,phases      ] GC(891) Compaction Phase 148.432ms
[315.936s][info][gc,phases,start] GC(891) Post Compact
[315.938s][info][gc,phases      ] GC(891) Post Compact 2.279ms
[315.938s][info][gc,heap        ] GC(891) PSYoungGen: 111616K(222720K)->26339K(222720K) Eden: 111616K(111616K)->26339K(111616K) From: 0K(111104K)->0K(111104K)
[315.938s][info][gc,heap        ] GC(891) ParOldGen: 667635K(667648K)->667485K(667648K)
[315.938s][info][gc,metaspace   ] GC(891) Metaspace: 18623K(18816K)->18623K(18816K) NonClass: 16794K(16960K)->16794K(16960K) Class: 1828K(1856K)->1828K(1856K)
[315.938s][info][gc             ] GC(891) Pause Full (Allocation Failure) 760M->677M(869M) 1066.366ms
[315.938s][info][gc,cpu         ] GC(891) User=2.08s Sys=0.00s Real=1.07s
[316.139s][info][gc,start       ] GC(892) Pause Full (Allocation Failure)
[316.139s][info][gc,phases,start] GC(892) Marking Phase
[316.689s][info][gc,phases      ] GC(892) Marking Phase 549.819ms
[316.689s][info][gc,phases,start] GC(892) Summary Phase
[316.689s][info][gc,phases      ] GC(892) Summary Phase 0.029ms
[316.689s][info][gc,phases,start] GC(892) Forward
[316.828s][info][gc,phases      ] GC(892) Forward 139.027ms
[316.828s][info][gc,phases,start] GC(892) Adjust Pointers
[317.253s][info][gc,phases      ] GC(892) Adjust Pointers 425.431ms
[317.254s][info][gc,phases,start] GC(892) Compaction Phase
[317.461s][info][gc,phases      ] GC(892) Compaction Phase 207.708ms
[317.478s][info][gc,phases,start] GC(892) Post Compact
[317.480s][info][gc,phases      ] GC(892) Post Compact 2.294ms
[317.480s][info][gc,heap        ] GC(892) PSYoungGen: 111616K(222720K)->40852K(222720K) Eden: 111616K(111616K)->40852K(111616K) From: 0K(111104K)->0K(111104K)
[317.480s][info][gc,heap        ] GC(892) ParOldGen: 667485K(667648K)->667404K(667648K)
[317.480s][info][gc,metaspace   ] GC(892) Metaspace: 18623K(18816K)->18623K(18816K) NonClass: 16794K(16960K)->16794K(16960K) Class: 1828K(1856K)->1828K(1856K)
[317.480s][info][gc             ] GC(892) Pause Full (Allocation Failure) 760M->691M(869M) 1341.238ms
[317.480s][info][gc,cpu         ] GC(892) User=2.61s Sys=0.01s Real=1.34s
[317.633s][info][gc,start       ] GC(893) Pause Full (Allocation Failure)
[317.633s][info][gc,phases,start] GC(893) Marking Phase
[318.184s][info][gc,phases      ] GC(893) Marking Phase 550.735ms
[318.184s][info][gc,phases,start] GC(893) Summary Phase
[318.184s][info][gc,phases      ] GC(893) Summary Phase 0.032ms
[318.184s][info][gc,phases,start] GC(893) Forward
[318.323s][info][gc,phases      ] GC(893) Forward 138.965ms
[318.323s][info][gc,phases,start] GC(893) Adjust Pointers
[318.752s][info][gc,phases      ] GC(893) Adjust Pointers 428.866ms
[318.752s][info][gc,phases,start] GC(893) Compaction Phase
[318.935s][info][gc,phases      ] GC(893) Compaction Phase 182.763ms
[318.951s][info][gc,phases,start] GC(893) Post Compact
[318.953s][info][gc,phases      ] GC(893) Post Compact 2.302ms
[318.953s][info][gc,heap        ] GC(893) PSYoungGen: 111616K(222720K)->43369K(222720K) Eden: 111616K(111616K)->43369K(111616K) From: 0K(111104K)->0K(111104K)
[318.953s][info][gc,heap        ] GC(893) ParOldGen: 667404K(667648K)->667399K(667648K)
[318.953s][info][gc,metaspace   ] GC(893) Metaspace: 18623K(18816K)->18623K(18816K) NonClass: 16794K(16960K)->16794K(16960K) Class: 1828K(1856K)->1828K(1856K)
[318.953s][info][gc             ] GC(893) Pause Full (Allocation Failure) 760M->694M(869M) 1320.578ms
[318.953s][info][gc,cpu         ] GC(893) User=2.59s Sys=0.00s Real=1.32s
[319.052s][info][gc,start       ] GC(894) Pause Full (Allocation Failure)
[319.052s][info][gc,phases,start] GC(894) Marking Phase
[319.611s][info][gc,phases      ] GC(894) Marking Phase 558.830ms
[319.611s][info][gc,phases,start] GC(894) Summary Phase
[319.611s][info][gc,phases      ] GC(894) Summary Phase 0.026ms
[319.611s][info][gc,phases,start] GC(894) Forward
[319.629s][info][gc,phases      ] GC(894) Forward 17.761ms
[319.629s][info][gc,phases,start] GC(894) Adjust Pointers
[320.012s][info][gc,phases      ] GC(894) Adjust Pointers 383.704ms
[320.012s][info][gc,phases,start] GC(894) Compaction Phase
[320.166s][info][gc,phases      ] GC(894) Compaction Phase 153.671ms
[320.166s][info][gc,phases,start] GC(894) Post Compact
[320.168s][info][gc,phases      ] GC(894) Post Compact 2.276ms
[320.168s][info][gc,heap        ] GC(894) PSYoungGen: 111616K(222720K)->55365K(222720K) Eden: 111616K(111616K)->55365K(111616K) From: 0K(111104K)->0K(111104K)
[320.168s][info][gc,heap        ] GC(894) ParOldGen: 667399K(667648K)->667399K(667648K)
[320.168s][info][gc,metaspace   ] GC(894) Metaspace: 18623K(18816K)->18623K(18816K) NonClass: 16794K(16960K)->16794K(16960K) Class: 1828K(1856K)->1828K(1856K)
[320.169s][info][gc             ] GC(894) Pause Full (Allocation Failure) 760M->705M(869M) 1116.794ms
[320.169s][info][gc,cpu         ] GC(894) User=2.19s Sys=0.00s Real=1.12s
[320.233s][info][gc,start       ] GC(895) Pause Full (Allocation Failure)
[320.233s][info][gc,phases,start] GC(895) Marking Phase
[320.800s][info][gc,phases      ] GC(895) Marking Phase 567.389ms
[320.800s][info][gc,phases,start] GC(895) Summary Phase
[320.800s][info][gc,phases      ] GC(895) Summary Phase 0.030ms
[320.800s][info][gc,phases,start] GC(895) Forward
[320.945s][info][gc,phases      ] GC(895) Forward 145.190ms
[320.946s][info][gc,phases,start] GC(895) Adjust Pointers
[321.386s][info][gc,phases      ] GC(895) Adjust Pointers 440.881ms
[321.387s][info][gc,phases,start] GC(895) Compaction Phase
[321.576s][info][gc,phases      ] GC(895) Compaction Phase 189.187ms
[321.593s][info][gc,phases,start] GC(895) Post Compact
[321.595s][info][gc,phases      ] GC(895) Post Compact 2.333ms
[321.595s][info][gc,heap        ] GC(895) PSYoungGen: 111616K(222720K)->63243K(222720K) Eden: 111616K(111616K)->63243K(111616K) From: 0K(111104K)->0K(111104K)
[321.595s][info][gc,heap        ] GC(895) ParOldGen: 667399K(667648K)->667397K(667648K)
[321.595s][info][gc,metaspace   ] GC(895) Metaspace: 18623K(18816K)->18623K(18816K) NonClass: 16794K(16960K)->16794K(16960K) Class: 1828K(1856K)->1828K(1856K)
[321.595s][info][gc             ] GC(895) Pause Full (Allocation Failure) 760M->713M(869M) 1362.217ms
[321.595s][info][gc,cpu         ] GC(895) User=2.66s Sys=0.00s Real=1.37s
[321.639s][info][gc,start       ] GC(896) Pause Full (Allocation Failure)
[321.639s][info][gc,phases,start] GC(896) Marking Phase
[322.214s][info][gc,phases      ] GC(896) Marking Phase 574.515ms
[322.214s][info][gc,phases,start] GC(896) Summary Phase
[322.214s][info][gc,phases      ] GC(896) Summary Phase 0.028ms
[322.214s][info][gc,phases,start] GC(896) Forward
[322.238s][info][gc,phases      ] GC(896) Forward 23.894ms
[322.238s][info][gc,phases,start] GC(896) Adjust Pointers
[322.629s][info][gc,phases      ] GC(896) Adjust Pointers 390.922ms
[322.629s][info][gc,phases,start] GC(896) Compaction Phase
[322.786s][info][gc,phases      ] GC(896) Compaction Phase 157.525ms
[322.786s][info][gc,phases,start] GC(896) Post Compact
[322.789s][info][gc,phases      ] GC(896) Post Compact 2.276ms
[322.789s][info][gc,heap        ] GC(896) PSYoungGen: 111616K(222720K)->69306K(222720K) Eden: 111616K(111616K)->69306K(111616K) From: 0K(111104K)->0K(111104K)
[322.789s][info][gc,heap        ] GC(896) ParOldGen: 667397K(667648K)->667397K(667648K)
[322.789s][info][gc,metaspace   ] GC(896) Metaspace: 18627K(18816K)->18627K(18816K) NonClass: 16798K(16960K)->16798K(16960K) Class: 1828K(1856K)->1828K(1856K)
[322.789s][info][gc             ] GC(896) Pause Full (Allocation Failure) 760M->719M(869M) 1149.630ms
[322.789s][info][gc,cpu         ] GC(896) User=2.24s Sys=0.01s Real=1.15s
[322.842s][info][gc,start       ] GC(897) Pause Full (Allocation Failure)
[322.843s][info][gc,phases,start] GC(897) Marking Phase
[323.427s][info][gc,phases      ] GC(897) Marking Phase 584.173ms
[323.427s][info][gc,phases,start] GC(897) Summary Phase
[323.427s][info][gc,phases      ] GC(897) Summary Phase 0.026ms
[323.427s][info][gc,phases,start] GC(897) Forward
[323.451s][info][gc,phases      ] GC(897) Forward 23.884ms
[323.451s][info][gc,phases,start] GC(897) Adjust Pointers
[323.840s][info][gc,phases      ] GC(897) Adjust Pointers 389.395ms
[323.840s][info][gc,phases,start] GC(897) Compaction Phase
[324.001s][info][gc,phases      ] GC(897) Compaction Phase 160.469ms
[324.001s][info][gc,phases,start] GC(897) Post Compact
[324.003s][info][gc,phases      ] GC(897) Post Compact 2.304ms
[324.003s][info][gc,heap        ] GC(897) PSYoungGen: 111616K(222720K)->77085K(222720K) Eden: 111616K(111616K)->77085K(111616K) From: 0K(111104K)->0K(111104K)
[324.003s][info][gc,heap        ] GC(897) ParOldGen: 667397K(667648K)->667397K(667648K)
[324.003s][info][gc,metaspace   ] GC(897) Metaspace: 18627K(18816K)->18627K(18816K) NonClass: 16798K(16960K)->16798K(16960K) Class: 1828K(1856K)->1828K(1856K)
[324.003s][info][gc             ] GC(897) Pause Full (Allocation Failure) 760M->727M(869M) 1160.728ms
[324.003s][info][gc,cpu         ] GC(897) User=2.27s Sys=0.00s Real=1.16s
[324.057s][info][gc,start       ] GC(898) Pause Full (Allocation Failure)
[324.057s][info][gc,phases,start] GC(898) Marking Phase
[324.642s][info][gc,phases      ] GC(898) Marking Phase 584.553ms
[324.642s][info][gc,phases,start] GC(898) Summary Phase
[324.642s][info][gc,phases      ] GC(898) Summary Phase 0.028ms
[324.642s][info][gc,phases,start] GC(898) Forward
[324.666s][info][gc,phases      ] GC(898) Forward 23.774ms
[324.666s][info][gc,phases,start] GC(898) Adjust Pointers
[325.059s][info][gc,phases      ] GC(898) Adjust Pointers 392.875ms
[325.059s][info][gc,phases,start] GC(898) Compaction Phase
[325.217s][info][gc,phases      ] GC(898) Compaction Phase 158.021ms
[325.217s][info][gc,phases,start] GC(898) Post Compact
[325.219s][info][gc,phases      ] GC(898) Post Compact 2.254ms
[325.219s][info][gc,heap        ] GC(898) PSYoungGen: 111616K(222720K)->77989K(222720K) Eden: 111616K(111616K)->77989K(111616K) From: 0K(111104K)->0K(111104K)
[325.219s][info][gc,heap        ] GC(898) ParOldGen: 667397K(667648K)->667397K(667648K)
[325.219s][info][gc,metaspace   ] GC(898) Metaspace: 18627K(18816K)->18627K(18816K) NonClass: 16798K(16960K)->16798K(16960K) Class: 1828K(1856K)->1828K(1856K)
[325.219s][info][gc             ] GC(898) Pause Full (Allocation Failure) 760M->727M(869M) 1161.996ms
[325.219s][info][gc,cpu         ] GC(898) User=2.27s Sys=0.00s Real=1.16s
[325.248s][info][gc,start       ] GC(899) Pause Full (Allocation Failure)
[325.248s][info][gc,phases,start] GC(899) Marking Phase
[325.834s][info][gc,phases      ] GC(899) Marking Phase 585.777ms
[325.834s][info][gc,phases,start] GC(899) Summary Phase
[325.834s][info][gc,phases      ] GC(899) Summary Phase 0.025ms
[325.834s][info][gc,phases,start] GC(899) Forward
[325.858s][info][gc,phases      ] GC(899) Forward 23.751ms
[325.858s][info][gc,phases,start] GC(899) Adjust Pointers
[326.251s][info][gc,phases      ] GC(899) Adjust Pointers 393.174ms
[326.251s][info][gc,phases,start] GC(899) Compaction Phase
[326.409s][info][gc,phases      ] GC(899) Compaction Phase 158.278ms
[326.409s][info][gc,phases,start] GC(899) Post Compact
[326.412s][info][gc,phases      ] GC(899) Post Compact 2.270ms
[326.412s][info][gc,heap        ] GC(899) PSYoungGen: 111616K(222720K)->81016K(222720K) Eden: 111616K(111616K)->81016K(111616K) From: 0K(111104K)->0K(111104K)
[326.412s][info][gc,heap        ] GC(899) ParOldGen: 667397K(667648K)->667397K(667648K)
[326.412s][info][gc,metaspace   ] GC(899) Metaspace: 18627K(18816K)->18627K(18816K) NonClass: 16798K(16960K)->16798K(16960K) Class: 1828K(1856K)->1828K(1856K)
[326.412s][info][gc             ] GC(899) Pause Full (Allocation Failure) 760M->730M(869M) 1163.756ms
[326.412s][info][gc,cpu         ] GC(899) User=2.28s Sys=0.00s Real=1.16s
[326.434s][info][gc,start       ] GC(900) Pause Full (Allocation Failure)
[326.434s][info][gc,phases,start] GC(900) Marking Phase
[327.020s][info][gc,phases      ] GC(900) Marking Phase 586.274ms
[327.021s][info][gc,phases,start] GC(900) Summary Phase
[327.021s][info][gc,phases      ] GC(900) Summary Phase 0.026ms
[327.021s][info][gc,phases,start] GC(900) Forward
[327.045s][info][gc,phases      ] GC(900) Forward 23.937ms
[327.045s][info][gc,phases,start] GC(900) Adjust Pointers
[327.440s][info][gc,phases      ] GC(900) Adjust Pointers 395.504ms
[327.440s][info][gc,phases,start] GC(900) Compaction Phase
[327.598s][info][gc,phases      ] GC(900) Compaction Phase 157.964ms
[327.598s][info][gc,phases,start] GC(900) Post Compact
[327.601s][info][gc,phases      ] GC(900) Post Compact 2.270ms
[327.601s][info][gc,heap        ] GC(900) PSYoungGen: 111616K(222720K)->81101K(222720K) Eden: 111616K(111616K)->81101K(111616K) From: 0K(111104K)->0K(111104K)
[327.601s][info][gc,heap        ] GC(900) ParOldGen: 667397K(667648K)->667397K(667648K)
[327.601s][info][gc,metaspace   ] GC(900) Metaspace: 18627K(18816K)->18627K(18816K) NonClass: 16798K(16960K)->16798K(16960K) Class: 1828K(1856K)->1828K(1856K)
[327.601s][info][gc             ] GC(900) Pause Full (Allocation Failure) 760M->730M(869M) 1166.477ms
[327.601s][info][gc,cpu         ] GC(900) User=2.28s Sys=0.00s Real=1.17s
[327.627s][info][gc,start       ] GC(901) Pause Full (Allocation Failure)
[327.627s][info][gc,phases,start] GC(901) Marking Phase
[328.228s][info][gc,phases      ] GC(901) Marking Phase 601.006ms
[328.228s][info][gc,phases,start] GC(901) Summary Phase
[328.228s][info][gc,phases      ] GC(901) Summary Phase 0.027ms
[328.228s][info][gc,phases,start] GC(901) Forward
[328.252s][info][gc,phases      ] GC(901) Forward 23.718ms
[328.252s][info][gc,phases,start] GC(901) Adjust Pointers
[328.644s][info][gc,phases      ] GC(901) Adjust Pointers 392.099ms
[328.644s][info][gc,phases,start] GC(901) Compaction Phase
[328.802s][info][gc,phases      ] GC(901) Compaction Phase 157.666ms
[328.802s][info][gc,phases,start] GC(901) Post Compact
[328.804s][info][gc,phases      ] GC(901) Post Compact 2.253ms
[328.804s][info][gc,heap        ] GC(901) PSYoungGen: 111616K(222720K)->81664K(222720K) Eden: 111616K(111616K)->81664K(111616K) From: 0K(111104K)->0K(111104K)
[328.804s][info][gc,heap        ] GC(901) ParOldGen: 667397K(667648K)->667397K(667648K)
[328.804s][info][gc,metaspace   ] GC(901) Metaspace: 18627K(18816K)->18627K(18816K) NonClass: 16798K(16960K)->16798K(16960K) Class: 1828K(1856K)->1828K(1856K)
[328.804s][info][gc             ] GC(901) Pause Full (Allocation Failure) 760M->731M(869M) 1177.254ms
[328.804s][info][gc,cpu         ] GC(901) User=2.30s Sys=0.00s Real=1.17s
[328.844s][info][gc,start       ] GC(902) Pause Full (Allocation Failure)
[328.844s][info][gc,phases,start] GC(902) Marking Phase
[329.435s][info][gc,phases      ] GC(902) Marking Phase 591.349ms
[329.435s][info][gc,phases,start] GC(902) Summary Phase
[329.435s][info][gc,phases      ] GC(902) Summary Phase 0.027ms
[329.435s][info][gc,phases,start] GC(902) Forward
[329.459s][info][gc,phases      ] GC(902) Forward 23.954ms
[329.459s][info][gc,phases,start] GC(902) Adjust Pointers
[329.854s][info][gc,phases      ] GC(902) Adjust Pointers 394.639ms
[329.854s][info][gc,phases,start] GC(902) Compaction Phase
[330.012s][info][gc,phases      ] GC(902) Compaction Phase 158.550ms
[330.012s][info][gc,phases,start] GC(902) Post Compact
[330.015s][info][gc,phases      ] GC(902) Post Compact 2.314ms
[330.015s][info][gc,heap        ] GC(902) PSYoungGen: 111616K(222720K)->83581K(222720K) Eden: 111616K(111616K)->83581K(111616K) From: 0K(111104K)->0K(111104K)
[330.015s][info][gc,heap        ] GC(902) ParOldGen: 667397K(667648K)->667397K(667648K)
[330.015s][info][gc,metaspace   ] GC(902) Metaspace: 18627K(18816K)->18627K(18816K) NonClass: 16798K(16960K)->16798K(16960K) Class: 1828K(1856K)->1828K(1856K)
[330.015s][info][gc             ] GC(902) Pause Full (Allocation Failure) 760M->733M(869M) 1171.277ms
[330.015s][info][gc,cpu         ] GC(902) User=2.29s Sys=0.00s Real=1.18s
[330.048s][info][gc,start       ] GC(903) Pause Full (Allocation Failure)
[330.048s][info][gc,phases,start] GC(903) Marking Phase
[330.637s][info][gc,phases      ] GC(903) Marking Phase 589.725ms
[330.637s][info][gc,phases,start] GC(903) Summary Phase
[330.637s][info][gc,phases      ] GC(903) Summary Phase 0.026ms
[330.637s][info][gc,phases,start] GC(903) Forward
[330.661s][info][gc,phases      ] GC(903) Forward 23.984ms
[330.662s][info][gc,phases,start] GC(903) Adjust Pointers
[331.056s][info][gc,phases      ] GC(903) Adjust Pointers 394.660ms
[331.056s][info][gc,phases,start] GC(903) Compaction Phase
[331.215s][info][gc,phases      ] GC(903) Compaction Phase 158.409ms
[331.215s][info][gc,phases,start] GC(903) Post Compact
[331.217s][info][gc,phases      ] GC(903) Post Compact 2.294ms
[331.217s][info][gc,heap        ] GC(903) PSYoungGen: 111616K(222720K)->83583K(222720K) Eden: 111616K(111616K)->83583K(111616K) From: 0K(111104K)->0K(111104K)
[331.217s][info][gc,heap        ] GC(903) ParOldGen: 667397K(667648K)->667397K(667648K)
[331.217s][info][gc,metaspace   ] GC(903) Metaspace: 18627K(18816K)->18627K(18816K) NonClass: 16798K(16960K)->16798K(16960K) Class: 1828K(1856K)->1828K(1856K)
[331.217s][info][gc             ] GC(903) Pause Full (Allocation Failure) 760M->733M(869M) 1169.605ms
[331.217s][info][gc,cpu         ] GC(903) User=2.29s Sys=0.01s Real=1.17s
[331.245s][info][gc,start       ] GC(904) Pause Full (Allocation Failure)
[331.245s][info][gc,phases,start] GC(904) Marking Phase
[331.834s][info][gc,phases      ] GC(904) Marking Phase 588.879ms
[331.834s][info][gc,phases,start] GC(904) Summary Phase
[331.834s][info][gc,phases      ] GC(904) Summary Phase 0.025ms
[331.834s][info][gc,phases,start] GC(904) Forward
[331.858s][info][gc,phases      ] GC(904) Forward 23.573ms
[331.858s][info][gc,phases,start] GC(904) Adjust Pointers
[332.250s][info][gc,phases      ] GC(904) Adjust Pointers 392.334ms
[332.250s][info][gc,phases,start] GC(904) Compaction Phase
[332.411s][info][gc,phases      ] GC(904) Compaction Phase 160.153ms
[332.411s][info][gc,phases,start] GC(904) Post Compact
[332.413s][info][gc,phases      ] GC(904) Post Compact 2.260ms
[332.413s][info][gc,heap        ] GC(904) PSYoungGen: 111616K(222720K)->83583K(222720K) Eden: 111616K(111616K)->83583K(111616K) From: 0K(111104K)->0K(111104K)
[332.413s][info][gc,heap        ] GC(904) ParOldGen: 667397K(667648K)->667397K(667648K)
[332.413s][info][gc,metaspace   ] GC(904) Metaspace: 18627K(18816K)->18627K(18816K) NonClass: 16798K(16960K)->16798K(16960K) Class: 1828K(1856K)->1828K(1856K)
[332.413s][info][gc             ] GC(904) Pause Full (Allocation Failure) 760M->733M(869M) 1167.682ms
[332.413s][info][gc,cpu         ] GC(904) User=2.28s Sys=0.00s Real=1.16s
[332.443s][info][gc,start       ] GC(905) Pause Full (Allocation Failure)
[332.444s][info][gc,phases,start] GC(905) Marking Phase
[333.035s][info][gc,phases      ] GC(905) Marking Phase 591.593ms
[333.035s][info][gc,phases,start] GC(905) Summary Phase
[333.035s][info][gc,phases      ] GC(905) Summary Phase 0.026ms
[333.035s][info][gc,phases,start] GC(905) Forward
[333.059s][info][gc,phases      ] GC(905) Forward 23.847ms
[333.059s][info][gc,phases,start] GC(905) Adjust Pointers
[333.454s][info][gc,phases      ] GC(905) Adjust Pointers 394.585ms
[333.454s][info][gc,phases,start] GC(905) Compaction Phase
[333.612s][info][gc,phases      ] GC(905) Compaction Phase 158.595ms
[333.613s][info][gc,phases,start] GC(905) Post Compact
[333.615s][info][gc,phases      ] GC(905) Post Compact 2.271ms
[333.615s][info][gc,heap        ] GC(905) PSYoungGen: 111616K(222720K)->83926K(222720K) Eden: 111616K(111616K)->83926K(111616K) From: 0K(111104K)->0K(111104K)
[333.615s][info][gc,heap        ] GC(905) ParOldGen: 667397K(667648K)->667397K(667648K)
[333.615s][info][gc,metaspace   ] GC(905) Metaspace: 18627K(18816K)->18627K(18816K) NonClass: 16798K(16960K)->16798K(16960K) Class: 1828K(1856K)->1828K(1856K)
[333.615s][info][gc             ] GC(905) Pause Full (Allocation Failure) 760M->733M(869M) 1171.439ms
[333.615s][info][gc,cpu         ] GC(905) User=2.29s Sys=0.00s Real=1.18s
[333.641s][info][gc,start       ] GC(906) Pause Full (Allocation Failure)
[333.641s][info][gc,phases,start] GC(906) Marking Phase
[334.234s][info][gc,phases      ] GC(906) Marking Phase 592.238ms
[334.234s][info][gc,phases,start] GC(906) Summary Phase
[334.234s][info][gc,phases      ] GC(906) Summary Phase 0.026ms
[334.234s][info][gc,phases,start] GC(906) Forward
[334.258s][info][gc,phases      ] GC(906) Forward 23.822ms
[334.258s][info][gc,phases,start] GC(906) Adjust Pointers
[334.652s][info][gc,phases      ] GC(906) Adjust Pointers 394.176ms
[334.652s][info][gc,phases,start] GC(906) Compaction Phase
[334.810s][info][gc,phases      ] GC(906) Compaction Phase 158.367ms
[334.810s][info][gc,phases,start] GC(906) Post Compact
[334.813s][info][gc,phases      ] GC(906) Post Compact 2.267ms
[334.813s][info][gc,heap        ] GC(906) PSYoungGen: 111616K(222720K)->83925K(222720K) Eden: 111616K(111616K)->83925K(111616K) From: 0K(111104K)->0K(111104K)
[334.813s][info][gc,heap        ] GC(906) ParOldGen: 667397K(667648K)->667397K(667648K)
[334.813s][info][gc,metaspace   ] GC(906) Metaspace: 18627K(18816K)->18627K(18816K) NonClass: 16798K(16960K)->16798K(16960K) Class: 1828K(1856K)->1828K(1856K)
[334.813s][info][gc             ] GC(906) Pause Full (Allocation Failure) 760M->733M(869M) 1171.353ms
[334.813s][info][gc,cpu         ] GC(906) User=2.29s Sys=0.00s Real=1.17s
[334.841s][info][gc,start       ] GC(907) Pause Full (Allocation Failure)
[334.841s][info][gc,phases,start] GC(907) Marking Phase
[335.432s][info][gc,phases      ] GC(907) Marking Phase 591.164ms
[335.432s][info][gc,phases,start] GC(907) Summary Phase
[335.432s][info][gc,phases      ] GC(907) Summary Phase 0.030ms
[335.432s][info][gc,phases,start] GC(907) Forward
[335.579s][info][gc,phases      ] GC(907) Forward 146.721ms
[335.579s][info][gc,phases,start] GC(907) Adjust Pointers
[336.035s][info][gc,phases      ] GC(907) Adjust Pointers 455.801ms
[336.035s][info][gc,phases,start] GC(907) Compaction Phase
[336.225s][info][gc,phases      ] GC(907) Compaction Phase 190.039ms
[336.241s][info][gc,phases,start] GC(907) Post Compact
[336.243s][info][gc,phases      ] GC(907) Post Compact 2.305ms
[336.244s][info][gc,heap        ] GC(907) PSYoungGen: 111616K(222720K)->83981K(222720K) Eden: 111616K(111616K)->83981K(111616K) From: 0K(111104K)->0K(111104K)
[336.244s][info][gc,heap        ] GC(907) ParOldGen: 667397K(667648K)->667396K(667648K)
[336.244s][info][gc,metaspace   ] GC(907) Metaspace: 18627K(18816K)->18627K(18816K) NonClass: 16798K(16960K)->16798K(16960K) Class: 1828K(1856K)->1828K(1856K)
[336.244s][info][gc             ] GC(907) Pause Full (Allocation Failure) 760M->733M(869M) 1403.013ms
[336.244s][info][gc,cpu         ] GC(907) User=2.75s Sys=0.01s Real=1.40s
[336.282s][info][gc,start       ] GC(908) Pause Full (Allocation Failure)
[336.282s][info][gc,phases,start] GC(908) Marking Phase
[336.878s][info][gc,phases      ] GC(908) Marking Phase 596.217ms
[336.878s][info][gc,phases,start] GC(908) Summary Phase
[336.878s][info][gc,phases      ] GC(908) Summary Phase 0.028ms
[336.878s][info][gc,phases,start] GC(908) Forward
[337.029s][info][gc,phases      ] GC(908) Forward 151.191ms
[337.029s][info][gc,phases,start] GC(908) Adjust Pointers
[337.485s][info][gc,phases      ] GC(908) Adjust Pointers 455.217ms
[337.485s][info][gc,phases,start] GC(908) Compaction Phase
[337.677s][info][gc,phases      ] GC(908) Compaction Phase 192.511ms
[337.694s][info][gc,phases,start] GC(908) Post Compact
[337.696s][info][gc,phases      ] GC(908) Post Compact 2.292ms
[337.696s][info][gc,heap        ] GC(908) PSYoungGen: 111616K(222720K)->86967K(222720K) Eden: 111616K(111616K)->86967K(111616K) From: 0K(111104K)->0K(111104K)
[337.696s][info][gc,heap        ] GC(908) ParOldGen: 667396K(667648K)->667395K(667648K)
[337.696s][info][gc,metaspace   ] GC(908) Metaspace: 18629K(18816K)->18629K(18816K) NonClass: 16801K(16960K)->16801K(16960K) Class: 1828K(1856K)->1828K(1856K)
[337.696s][info][gc             ] GC(908) Pause Full (Allocation Failure) 760M->736M(869M) 1414.137ms
[337.696s][info][gc,cpu         ] GC(908) User=2.77s Sys=0.00s Real=1.42s
[337.735s][info][gc,start       ] GC(909) Pause Full (Allocation Failure)
[337.735s][info][gc,phases,start] GC(909) Marking Phase
[338.327s][info][gc,phases      ] GC(909) Marking Phase 591.985ms
[338.327s][info][gc,phases,start] GC(909) Summary Phase
[338.327s][info][gc,phases      ] GC(909) Summary Phase 0.026ms
[338.327s][info][gc,phases,start] GC(909) Forward
[338.351s][info][gc,phases      ] GC(909) Forward 23.964ms
[338.351s][info][gc,phases,start] GC(909) Adjust Pointers
[338.747s][info][gc,phases      ] GC(909) Adjust Pointers 396.154ms
[338.747s][info][gc,phases,start] GC(909) Compaction Phase
[338.907s][info][gc,phases      ] GC(909) Compaction Phase 159.305ms
[338.907s][info][gc,phases,start] GC(909) Post Compact
[338.909s][info][gc,phases      ] GC(909) Post Compact 2.262ms
[338.909s][info][gc,heap        ] GC(909) PSYoungGen: 111616K(222720K)->86722K(222720K) Eden: 111616K(111616K)->86722K(111616K) From: 0K(111104K)->0K(111104K)
[338.909s][info][gc,heap        ] GC(909) ParOldGen: 667395K(667648K)->667395K(667648K)
[338.909s][info][gc,metaspace   ] GC(909) Metaspace: 18631K(18816K)->18631K(18816K) NonClass: 16803K(16960K)->16803K(16960K) Class: 1828K(1856K)->1828K(1856K)
[338.909s][info][gc             ] GC(909) Pause Full (Allocation Failure) 760M->736M(869M) 1174.184ms
[338.909s][info][gc,cpu         ] GC(909) User=2.30s Sys=0.00s Real=1.17s
[338.930s][info][gc,start       ] GC(910) Pause Full (Allocation Failure)
[338.930s][info][gc,phases,start] GC(910) Marking Phase
[339.520s][info][gc,phases      ] GC(910) Marking Phase 590.708ms
[339.521s][info][gc,phases,start] GC(910) Summary Phase
[339.521s][info][gc,phases      ] GC(910) Summary Phase 0.029ms
[339.521s][info][gc,phases,start] GC(910) Forward
[339.670s][info][gc,phases      ] GC(910) Forward 149.494ms
[339.670s][info][gc,phases,start] GC(910) Adjust Pointers
[340.127s][info][gc,phases      ] GC(910) Adjust Pointers 456.789ms
[340.127s][info][gc,phases,start] GC(910) Compaction Phase
[340.318s][info][gc,phases      ] GC(910) Compaction Phase 191.301ms
[340.335s][info][gc,phases,start] GC(910) Post Compact
[340.337s][info][gc,phases      ] GC(910) Post Compact 2.329ms
[340.337s][info][gc,heap        ] GC(910) PSYoungGen: 111616K(222720K)->86725K(222720K) Eden: 111616K(111616K)->86725K(111616K) From: 0K(111104K)->0K(111104K)
[340.337s][info][gc,heap        ] GC(910) ParOldGen: 667395K(667648K)->667393K(667648K)
[340.337s][info][gc,metaspace   ] GC(910) Metaspace: 18631K(18816K)->18631K(18816K) NonClass: 16803K(16960K)->16803K(16960K) Class: 1828K(1856K)->1828K(1856K)
[340.337s][info][gc             ] GC(910) Pause Full (Allocation Failure) 760M->736M(869M) 1407.594ms
[340.337s][info][gc,cpu         ] GC(910) User=2.75s Sys=0.01s Real=1.41s
[340.361s][info][gc,start       ] GC(911) Pause Full (Allocation Failure)
[340.361s][info][gc,phases,start] GC(911) Marking Phase
[340.949s][info][gc,phases      ] GC(911) Marking Phase 587.838ms
[340.949s][info][gc,phases,start] GC(911) Summary Phase
[340.949s][info][gc,phases      ] GC(911) Summary Phase 0.028ms
[340.949s][info][gc,phases,start] GC(911) Forward
[340.973s][info][gc,phases      ] GC(911) Forward 23.926ms
[340.973s][info][gc,phases,start] GC(911) Adjust Pointers
[341.365s][info][gc,phases      ] GC(911) Adjust Pointers 392.468ms
[341.365s][info][gc,phases,start] GC(911) Compaction Phase
[341.524s][info][gc,phases      ] GC(911) Compaction Phase 159.201ms
[341.525s][info][gc,phases,start] GC(911) Post Compact
[341.527s][info][gc,phases      ] GC(911) Post Compact 2.325ms
[341.527s][info][gc,heap        ] GC(911) PSYoungGen: 111616K(222720K)->86804K(222720K) Eden: 111616K(111616K)->86804K(111616K) From: 0K(111104K)->0K(111104K)
[341.527s][info][gc,heap        ] GC(911) ParOldGen: 667393K(667648K)->667393K(667648K)
[341.527s][info][gc,metaspace   ] GC(911) Metaspace: 18632K(18816K)->18632K(18816K) NonClass: 16804K(16960K)->16804K(16960K) Class: 1828K(1856K)->1828K(1856K)
[341.527s][info][gc             ] GC(911) Pause Full (Allocation Failure) 760M->736M(869M) 1166.301ms
[341.527s][info][gc,cpu         ] GC(911) User=2.28s Sys=0.00s Real=1.17s
[341.556s][info][gc,start       ] GC(912) Pause Full (Allocation Failure)
[341.556s][info][gc,phases,start] GC(912) Marking Phase
[342.152s][info][gc,phases      ] GC(912) Marking Phase 596.088ms
[342.152s][info][gc,phases,start] GC(912) Summary Phase
[342.152s][info][gc,phases      ] GC(912) Summary Phase 0.024ms
[342.152s][info][gc,phases,start] GC(912) Forward
[342.176s][info][gc,phases      ] GC(912) Forward 23.909ms
[342.176s][info][gc,phases,start] GC(912) Adjust Pointers
[342.575s][info][gc,phases      ] GC(912) Adjust Pointers 398.602ms
[342.575s][info][gc,phases,start] GC(912) Compaction Phase
[342.734s][info][gc,phases      ] GC(912) Compaction Phase 159.181ms
[342.734s][info][gc,phases,start] GC(912) Post Compact
[342.736s][info][gc,phases      ] GC(912) Post Compact 2.287ms
[342.736s][info][gc,heap        ] GC(912) PSYoungGen: 111616K(222720K)->86828K(222720K) Eden: 111616K(111616K)->86828K(111616K) From: 0K(111104K)->0K(111104K)
[342.736s][info][gc,heap        ] GC(912) ParOldGen: 667393K(667648K)->667393K(667648K)
[342.737s][info][gc,metaspace   ] GC(912) Metaspace: 18632K(18816K)->18632K(18816K) NonClass: 16804K(16960K)->16804K(16960K) Class: 1828K(1856K)->1828K(1856K)
[342.737s][info][gc             ] GC(912) Pause Full (Allocation Failure) 760M->736M(869M) 1180.577ms
[342.737s][info][gc,cpu         ] GC(912) User=2.31s Sys=0.00s Real=1.18s
[342.755s][info][gc,start       ] GC(913) Pause Full (Allocation Failure)
[342.755s][info][gc,phases,start] GC(913) Marking Phase
[343.350s][info][gc,phases      ] GC(913) Marking Phase 594.361ms
[343.350s][info][gc,phases,start] GC(913) Summary Phase
[343.350s][info][gc,phases      ] GC(913) Summary Phase 0.030ms
[343.350s][info][gc,phases,start] GC(913) Forward
[343.495s][info][gc,phases      ] GC(913) Forward 144.938ms
[343.495s][info][gc,phases,start] GC(913) Adjust Pointers
[343.945s][info][gc,phases      ] GC(913) Adjust Pointers 449.663ms
[343.945s][info][gc,phases,start] GC(913) Compaction Phase
[344.135s][info][gc,phases      ] GC(913) Compaction Phase 190.000ms
[344.151s][info][gc,phases,start] GC(913) Post Compact
[344.154s][info][gc,phases      ] GC(913) Post Compact 2.302ms
[344.154s][info][gc,heap        ] GC(913) PSYoungGen: 111616K(222720K)->86826K(222720K) Eden: 111616K(111616K)->86826K(111616K) From: 0K(111104K)->0K(111104K)
[344.154s][info][gc,heap        ] GC(913) ParOldGen: 667393K(667648K)->667393K(667648K)
[344.154s][info][gc,metaspace   ] GC(913) Metaspace: 18632K(18816K)->18632K(18816K) NonClass: 16804K(16960K)->16804K(16960K) Class: 1828K(1856K)->1828K(1856K)
[344.154s][info][gc             ] GC(913) Pause Full (Allocation Failure) 760M->736M(869M) 1398.375ms
[344.154s][info][gc,cpu         ] GC(913) User=2.73s Sys=0.01s Real=1.39s
[344.170s][info][gc,start       ] GC(914) Pause Full (Allocation Failure)
[344.170s][info][gc,phases,start] GC(914) Marking Phase
[344.762s][info][gc,phases      ] GC(914) Marking Phase 591.982ms
[344.762s][info][gc,phases,start] GC(914) Summary Phase
[344.762s][info][gc,phases      ] GC(914) Summary Phase 0.026ms
[344.762s][info][gc,phases,start] GC(914) Forward
[344.910s][info][gc,phases      ] GC(914) Forward 148.362ms
[344.910s][info][gc,phases,start] GC(914) Adjust Pointers
[345.362s][info][gc,phases      ] GC(914) Adjust Pointers 451.761ms
[345.362s][info][gc,phases,start] GC(914) Compaction Phase
[345.553s][info][gc,phases      ] GC(914) Compaction Phase 190.511ms
[345.569s][info][gc,phases,start] GC(914) Post Compact
[345.571s][info][gc,phases      ] GC(914) Post Compact 2.308ms
[345.571s][info][gc,heap        ] GC(914) PSYoungGen: 111616K(222720K)->86828K(222720K) Eden: 111616K(111616K)->86828K(111616K) From: 0K(111104K)->0K(111104K)
[345.571s][info][gc,heap        ] GC(914) ParOldGen: 667393K(667648K)->667390K(667648K)
[345.571s][info][gc,metaspace   ] GC(914) Metaspace: 18632K(18816K)->18632K(18816K) NonClass: 16804K(16960K)->16804K(16960K) Class: 1828K(1856K)->1828K(1856K)
[345.571s][info][gc             ] GC(914) Pause Full (Allocation Failure) 760M->736M(869M) 1401.532ms
[345.571s][info][gc,cpu         ] GC(914) User=2.74s Sys=0.01s Real=1.40s
[345.587s][info][gc,start       ] GC(915) Pause Full (Allocation Failure)
[345.587s][info][gc,phases,start] GC(915) Marking Phase
[346.179s][info][gc,phases      ] GC(915) Marking Phase 591.728ms
[346.179s][info][gc,phases,start] GC(915) Summary Phase
[346.179s][info][gc,phases      ] GC(915) Summary Phase 0.025ms
[346.179s][info][gc,phases,start] GC(915) Forward
[346.202s][info][gc,phases      ] GC(915) Forward 23.615ms
[346.202s][info][gc,phases,start] GC(915) Adjust Pointers
[346.598s][info][gc,phases      ] GC(915) Adjust Pointers 395.265ms
[346.598s][info][gc,phases,start] GC(915) Compaction Phase
[346.757s][info][gc,phases      ] GC(915) Compaction Phase 158.880ms
[346.757s][info][gc,phases,start] GC(915) Post Compact
[346.759s][info][gc,phases      ] GC(915) Post Compact 2.302ms
[346.759s][info][gc,heap        ] GC(915) PSYoungGen: 111616K(222720K)->86829K(222720K) Eden: 111616K(111616K)->86829K(111616K) From: 0K(111104K)->0K(111104K)
[346.759s][info][gc,heap        ] GC(915) ParOldGen: 667390K(667648K)->667390K(667648K)
[346.759s][info][gc,metaspace   ] GC(915) Metaspace: 18632K(18816K)->18632K(18816K) NonClass: 16804K(16960K)->16804K(16960K) Class: 1828K(1856K)->1828K(1856K)
[346.759s][info][gc             ] GC(915) Pause Full (Allocation Failure) 760M->736M(869M) 1172.269ms
[346.759s][info][gc,cpu         ] GC(915) User=2.30s Sys=0.00s Real=1.17s
[346.775s][info][gc,start       ] GC(916) Pause Full (Allocation Failure)
[346.775s][info][gc,phases,start] GC(916) Marking Phase
[347.368s][info][gc,phases      ] GC(916) Marking Phase 592.363ms
[347.368s][info][gc,phases,start] GC(916) Summary Phase
[347.368s][info][gc,phases      ] GC(916) Summary Phase 0.024ms
[347.368s][info][gc,phases,start] GC(916) Forward
[347.391s][info][gc,phases      ] GC(916) Forward 23.631ms
[347.391s][info][gc,phases,start] GC(916) Adjust Pointers
[347.784s][info][gc,phases      ] GC(916) Adjust Pointers 392.958ms
[347.784s][info][gc,phases,start] GC(916) Compaction Phase
[347.944s][info][gc,phases      ] GC(916) Compaction Phase 159.551ms
[347.944s][info][gc,phases,start] GC(916) Post Compact
[347.946s][info][gc,phases      ] GC(916) Post Compact 2.259ms
[347.946s][info][gc,heap        ] GC(916) PSYoungGen: 111616K(222720K)->86826K(222720K) Eden: 111616K(111616K)->86826K(111616K) From: 0K(111104K)->0K(111104K)
[347.946s][info][gc,heap        ] GC(916) ParOldGen: 667390K(667648K)->667390K(667648K)
[347.946s][info][gc,metaspace   ] GC(916) Metaspace: 18632K(18816K)->18632K(18816K) NonClass: 16804K(16960K)->16804K(16960K) Class: 1828K(1856K)->1828K(1856K)
[347.946s][info][gc             ] GC(916) Pause Full (Allocation Failure) 760M->736M(869M) 1171.245ms
[347.946s][info][gc,cpu         ] GC(916) User=2.29s Sys=0.00s Real=1.17s
[347.963s][info][gc,start       ] GC(917) Pause Full (Allocation Failure)
[347.963s][info][gc,phases,start] GC(917) Marking Phase
[348.553s][info][gc,phases      ] GC(917) Marking Phase 589.982ms
[348.553s][info][gc,phases,start] GC(917) Summary Phase
[348.553s][info][gc,phases      ] GC(917) Summary Phase 0.027ms
[348.553s][info][gc,phases,start] GC(917) Forward
[348.577s][info][gc,phases      ] GC(917) Forward 23.836ms
[348.577s][info][gc,phases,start] GC(917) Adjust Pointers
[348.971s][info][gc,phases      ] GC(917) Adjust Pointers 393.443ms
[348.971s][info][gc,phases,start] GC(917) Compaction Phase
[349.130s][info][gc,phases      ] GC(917) Compaction Phase 158.967ms
[349.130s][info][gc,phases,start] GC(917) Post Compact
[349.132s][info][gc,phases      ] GC(917) Post Compact 2.270ms
[349.132s][info][gc,heap        ] GC(917) PSYoungGen: 111616K(222720K)->86826K(222720K) Eden: 111616K(111616K)->86826K(111616K) From: 0K(111104K)->0K(111104K)
[349.132s][info][gc,heap        ] GC(917) ParOldGen: 667390K(667648K)->667390K(667648K)
[349.132s][info][gc,metaspace   ] GC(917) Metaspace: 18632K(18816K)->18632K(18816K) NonClass: 16804K(16960K)->16804K(16960K) Class: 1828K(1856K)->1828K(1856K)
[349.132s][info][gc             ] GC(917) Pause Full (Allocation Failure) 760M->736M(869M) 1169.033ms
[349.132s][info][gc,cpu         ] GC(917) User=2.28s Sys=0.00s Real=1.17s
[349.148s][info][gc,start       ] GC(918) Pause Full (Allocation Failure)
[349.148s][info][gc,phases,start] GC(918) Marking Phase
[349.741s][info][gc,phases      ] GC(918) Marking Phase 592.378ms
[349.741s][info][gc,phases,start] GC(918) Summary Phase
[349.741s][info][gc,phases      ] GC(918) Summary Phase 0.026ms
[349.741s][info][gc,phases,start] GC(918) Forward
[349.765s][info][gc,phases      ] GC(918) Forward 23.903ms
[349.765s][info][gc,phases,start] GC(918) Adjust Pointers
[350.155s][info][gc,phases      ] GC(918) Adjust Pointers 389.774ms
[350.155s][info][gc,phases,start] GC(918) Compaction Phase
[350.314s][info][gc,phases      ] GC(918) Compaction Phase 158.931ms
[350.314s][info][gc,phases,start] GC(918) Post Compact
[350.316s][info][gc,phases      ] GC(918) Post Compact 2.283ms
[350.316s][info][gc,heap        ] GC(918) PSYoungGen: 111616K(222720K)->86826K(222720K) Eden: 111616K(111616K)->86826K(111616K) From: 0K(111104K)->0K(111104K)
[350.316s][info][gc,heap        ] GC(918) ParOldGen: 667390K(667648K)->667390K(667648K)
[350.316s][info][gc,metaspace   ] GC(918) Metaspace: 18632K(18816K)->18632K(18816K) NonClass: 16804K(16960K)->16804K(16960K) Class: 1828K(1856K)->1828K(1856K)
[350.316s][info][gc             ] GC(918) Pause Full (Allocation Failure) 760M->736M(869M) 1167.777ms
[350.316s][info][gc,cpu         ] GC(918) User=2.29s Sys=0.00s Real=1.17s
[350.333s][info][gc,start       ] GC(919) Pause Full (Allocation Failure)
[350.333s][info][gc,phases,start] GC(919) Marking Phase
[350.926s][info][gc,phases      ] GC(919) Marking Phase 592.533ms
[350.926s][info][gc,phases,start] GC(919) Summary Phase
[350.926s][info][gc,phases      ] GC(919) Summary Phase 0.024ms
[350.926s][info][gc,phases,start] GC(919) Forward
[350.950s][info][gc,phases      ] GC(919) Forward 23.823ms
[350.950s][info][gc,phases,start] GC(919) Adjust Pointers
[351.343s][info][gc,phases      ] GC(919) Adjust Pointers 392.941ms
[351.343s][info][gc,phases,start] GC(919) Compaction Phase
[351.502s][info][gc,phases      ] GC(919) Compaction Phase 159.168ms
[351.502s][info][gc,phases,start] GC(919) Post Compact
[351.504s][info][gc,phases      ] GC(919) Post Compact 2.297ms
[351.504s][info][gc,heap        ] GC(919) PSYoungGen: 111616K(222720K)->86826K(222720K) Eden: 111616K(111616K)->86826K(111616K) From: 0K(111104K)->0K(111104K)
[351.504s][info][gc,heap        ] GC(919) ParOldGen: 667390K(667648K)->667390K(667648K)
[351.504s][info][gc,metaspace   ] GC(919) Metaspace: 18632K(18816K)->18632K(18816K) NonClass: 16804K(16960K)->16804K(16960K) Class: 1828K(1856K)->1828K(1856K)
[351.504s][info][gc             ] GC(919) Pause Full (Allocation Failure) 760M->736M(869M) 1171.318ms
[351.504s][info][gc,cpu         ] GC(919) User=2.29s Sys=0.00s Real=1.17s
[351.521s][info][gc,start       ] GC(920) Pause Full (Allocation Failure)
[351.521s][info][gc,phases,start] GC(920) Marking Phase
[352.113s][info][gc,phases      ] GC(920) Marking Phase 592.626ms
[352.113s][info][gc,phases,start] GC(920) Summary Phase
[352.114s][info][gc,phases      ] GC(920) Summary Phase 0.034ms
[352.114s][info][gc,phases,start] GC(920) Forward
[352.137s][info][gc,phases      ] GC(920) Forward 23.811ms
[352.137s][info][gc,phases,start] GC(920) Adjust Pointers
[352.529s][info][gc,phases      ] GC(920) Adjust Pointers 391.951ms
[352.529s][info][gc,phases,start] GC(920) Compaction Phase
[352.689s][info][gc,phases      ] GC(920) Compaction Phase 159.044ms
[352.689s][info][gc,phases,start] GC(920) Post Compact
[352.691s][info][gc,phases      ] GC(920) Post Compact 2.268ms
[352.691s][info][gc,heap        ] GC(920) PSYoungGen: 111616K(222720K)->86826K(222720K) Eden: 111616K(111616K)->86826K(111616K) From: 0K(111104K)->0K(111104K)
[352.691s][info][gc,heap        ] GC(920) ParOldGen: 667390K(667648K)->667390K(667648K)
[352.691s][info][gc,metaspace   ] GC(920) Metaspace: 18632K(18816K)->18632K(18816K) NonClass: 16804K(16960K)->16804K(16960K) Class: 1828K(1856K)->1828K(1856K)
[352.691s][info][gc             ] GC(920) Pause Full (Allocation Failure) 760M->736M(869M) 1170.206ms
[352.691s][info][gc,cpu         ] GC(920) User=2.29s Sys=0.00s Real=1.17s
[352.714s][info][gc,start       ] GC(921) Pause Full (Allocation Failure)
[352.714s][info][gc,phases,start] GC(921) Marking Phase
[353.304s][info][gc,phases      ] GC(921) Marking Phase 589.402ms
[353.304s][info][gc,phases,start] GC(921) Summary Phase
[353.304s][info][gc,phases      ] GC(921) Summary Phase 0.026ms
[353.304s][info][gc,phases,start] GC(921) Forward
[353.327s][info][gc,phases      ] GC(921) Forward 23.623ms
[353.327s][info][gc,phases,start] GC(921) Adjust Pointers
[353.722s][info][gc,phases      ] GC(921) Adjust Pointers 394.222ms
[353.722s][info][gc,phases,start] GC(921) Compaction Phase
[353.881s][info][gc,phases      ] GC(921) Compaction Phase 159.263ms
[353.881s][info][gc,phases,start] GC(921) Post Compact
[353.883s][info][gc,phases      ] GC(921) Post Compact 2.318ms
[353.883s][info][gc,heap        ] GC(921) PSYoungGen: 111616K(222720K)->86895K(222720K) Eden: 111616K(111616K)->86895K(111616K) From: 0K(111104K)->0K(111104K)
[353.883s][info][gc,heap        ] GC(921) ParOldGen: 667390K(667648K)->667390K(667648K)
[353.883s][info][gc,metaspace   ] GC(921) Metaspace: 18632K(18816K)->18632K(18816K) NonClass: 16804K(16960K)->16804K(16960K) Class: 1828K(1856K)->1828K(1856K)
[353.884s][info][gc             ] GC(921) Pause Full (Allocation Failure) 760M->736M(869M) 1169.400ms
[353.884s][info][gc,cpu         ] GC(921) User=2.29s Sys=0.00s Real=1.17s
[353.933s][info][gc,start       ] GC(922) Pause Full (Allocation Failure)
[353.933s][info][gc,phases,start] GC(922) Marking Phase
[354.396s][info][gc,phases      ] GC(922) Marking Phase 462.878ms
[354.396s][info][gc,phases,start] GC(922) Summary Phase
[354.396s][info][gc,phases      ] GC(922) Summary Phase 0.029ms
[354.396s][info][gc,phases,start] GC(922) Forward
[354.536s][info][gc,phases      ] GC(922) Forward 139.700ms
[354.536s][info][gc,phases,start] GC(922) Adjust Pointers
[354.885s][info][gc,phases      ] GC(922) Adjust Pointers 348.721ms
[354.885s][info][gc,phases,start] GC(922) Compaction Phase
[355.066s][info][gc,phases      ] GC(922) Compaction Phase 180.900ms
[355.079s][info][gc,phases,start] GC(922) Post Compact
[355.081s][info][gc,phases      ] GC(922) Post Compact 2.325ms
[355.081s][info][gc,heap        ] GC(922) PSYoungGen: 111616K(222720K)->0K(222720K) Eden: 111616K(111616K)->0K(111616K) From: 0K(111104K)->0K(111104K)
[355.081s][info][gc,heap        ] GC(922) ParOldGen: 667390K(667648K)->614380K(667648K)
[355.081s][info][gc,metaspace   ] GC(922) Metaspace: 18632K(18816K)->18632K(18816K) NonClass: 16804K(16960K)->16804K(16960K) Class: 1828K(1856K)->1828K(1856K)
[355.081s][info][gc             ] GC(922) Pause Full (Allocation Failure) 760M->599M(869M) 1148.039ms
[355.081s][info][gc,cpu         ] GC(922) User=2.18s Sys=0.00s Real=1.15s
[355.275s][info][gc,start       ] GC(923) Pause Young (Allocation Failure)
[355.284s][info][gc,heap        ] GC(923) PSYoungGen: 111616K(222720K)->4912K(222720K) Eden: 111616K(111616K)->0K(111616K) From: 0K(111104K)->4912K(111104K)
[355.284s][info][gc,heap        ] GC(923) ParOldGen: 614380K(667648K)->614388K(667648K)
[355.284s][info][gc,metaspace   ] GC(923) Metaspace: 18635K(18816K)->18635K(18816K) NonClass: 16807K(16960K)->16807K(16960K) Class: 1828K(1856K)->1828K(1856K)
[355.284s][info][gc             ] GC(923) Pause Young (Allocation Failure) 708M->604M(869M) 8.118ms
[355.284s][info][gc,cpu         ] GC(923) User=0.01s Sys=0.00s Real=0.00s
[355.469s][info][gc,start       ] GC(924) Pause Young (Allocation Failure)
[355.477s][info][gc,heap        ] GC(924) PSYoungGen: 116528K(222720K)->5040K(222720K) Eden: 111616K(111616K)->0K(111616K) From: 4912K(111104K)->5040K(111104K)
[355.477s][info][gc,heap        ] GC(924) ParOldGen: 614388K(667648K)->614388K(667648K)
[355.477s][info][gc,metaspace   ] GC(924) Metaspace: 18635K(18816K)->18635K(18816K) NonClass: 16807K(16960K)->16807K(16960K) Class: 1828K(1856K)->1828K(1856K)
[355.477s][info][gc             ] GC(924) Pause Young (Allocation Failure) 713M->604M(869M) 8.055ms
[355.477s][info][gc,cpu         ] GC(924) User=0.01s Sys=0.00s Real=0.01s
[355.684s][info][gc,start       ] GC(925) Pause Young (Allocation Failure)
[355.715s][info][gc,heap        ] GC(925) PSYoungGen: 116656K(222720K)->27872K(222720K) Eden: 111616K(111616K)->0K(111616K) From: 5040K(111104K)->27872K(111104K)
[355.715s][info][gc,heap        ] GC(925) ParOldGen: 614388K(667648K)->614388K(667648K)
[355.715s][info][gc,metaspace   ] GC(925) Metaspace: 18636K(18816K)->18636K(18816K) NonClass: 16807K(16960K)->16807K(16960K) Class: 1828K(1856K)->1828K(1856K)
[355.715s][info][gc             ] GC(925) Pause Young (Allocation Failure) 713M->627M(869M) 30.429ms
[355.715s][info][gc,cpu         ] GC(925) User=0.06s Sys=0.00s Real=0.03s
[355.917s][info][gc,start       ] GC(926) Pause Young (Allocation Failure)
[355.949s][info][gc,heap        ] GC(926) PSYoungGen: 139488K(222720K)->22944K(222720K) Eden: 111616K(111616K)->0K(111616K) From: 27872K(111104K)->22944K(111104K)
[355.949s][info][gc,heap        ] GC(926) ParOldGen: 614388K(667648K)->619413K(667648K)
[355.949s][info][gc,metaspace   ] GC(926) Metaspace: 18638K(18816K)->18638K(18816K) NonClass: 16810K(16960K)->16810K(16960K) Class: 1828K(1856K)->1828K(1856K)
[355.949s][info][gc             ] GC(926) Pause Young (Allocation Failure) 736M->627M(869M) 32.030ms
[355.949s][info][gc,cpu         ] GC(926) User=0.06s Sys=0.00s Real=0.03s
[356.100s][info][gc,start       ] GC(927) Pause Young (Allocation Failure)
[356.126s][info][gc,heap        ] GC(927) PSYoungGen: 134560K(222720K)->64K(222720K) Eden: 111616K(111616K)->0K(111616K) From: 22944K(111104K)->64K(111104K)
[356.127s][info][gc,heap        ] GC(927) ParOldGen: 619413K(667648K)->642389K(667648K)
[356.127s][info][gc,metaspace   ] GC(927) Metaspace: 18638K(18816K)->18638K(18816K) NonClass: 16810K(16960K)->16810K(16960K) Class: 1828K(1856K)->1828K(1856K)
[356.127s][info][gc             ] GC(927) Pause Young (Allocation Failure) 736M->627M(869M) 26.658ms
[356.127s][info][gc,cpu         ] GC(927) User=0.05s Sys=0.00s Real=0.03s
[356.271s][info][gc,start       ] GC(928) Pause Full (Allocation Failure)
[356.271s][info][gc,phases,start] GC(928) Marking Phase
[356.761s][info][gc,phases      ] GC(928) Marking Phase 490.280ms
[356.761s][info][gc,phases,start] GC(928) Summary Phase
[356.761s][info][gc,phases      ] GC(928) Summary Phase 0.027ms
[356.761s][info][gc,phases,start] GC(928) Forward
[356.762s][info][gc,phases      ] GC(928) Forward 0.428ms
[356.762s][info][gc,phases,start] GC(928) Adjust Pointers
[357.086s][info][gc,phases      ] GC(928) Adjust Pointers 323.756ms
[357.086s][info][gc,phases,start] GC(928) Compaction Phase
[357.230s][info][gc,phases      ] GC(928) Compaction Phase 144.437ms
[357.230s][info][gc,phases,start] GC(928) Post Compact
[357.232s][info][gc,phases      ] GC(928) Post Compact 2.185ms
[357.233s][info][gc,heap        ] GC(928) PSYoungGen: 111680K(222720K)->0K(222720K) Eden: 111616K(111616K)->0K(111616K) From: 64K(111104K)->0K(111104K)
[357.233s][info][gc,heap        ] GC(928) ParOldGen: 642389K(667648K)->642485K(667648K)
[357.233s][info][gc,metaspace   ] GC(928) Metaspace: 18638K(18816K)->18638K(18816K) NonClass: 16810K(16960K)->16810K(16960K) Class: 1828K(1856K)->1828K(1856K)
[357.233s][info][gc             ] GC(928) Pause Full (Allocation Failure) 736M->627M(869M) 961.530ms
[357.233s][info][gc,cpu         ] GC(928) User=1.88s Sys=0.00s Real=0.96s
[358.542s][info][gc,start       ] GC(929) Pause Full (Allocation Failure)
[358.543s][info][gc,phases,start] GC(929) Marking Phase
[359.035s][info][gc,phases      ] GC(929) Marking Phase 492.627ms
[359.035s][info][gc,phases,start] GC(929) Summary Phase
[359.035s][info][gc,phases      ] GC(929) Summary Phase 0.027ms
[359.035s][info][gc,phases,start] GC(929) Forward
[359.037s][info][gc,phases      ] GC(929) Forward 1.460ms
[359.037s][info][gc,phases,start] GC(929) Adjust Pointers
[359.362s][info][gc,phases      ] GC(929) Adjust Pointers 325.239ms
[359.362s][info][gc,phases,start] GC(929) Compaction Phase
[359.507s][info][gc,phases      ] GC(929) Compaction Phase 144.528ms
[359.507s][info][gc,phases,start] GC(929) Post Compact
[359.509s][info][gc,phases      ] GC(929) Post Compact 2.179ms
[359.509s][info][gc,heap        ] GC(929) PSYoungGen: 111616K(222720K)->0K(222720K) Eden: 111616K(111616K)->0K(111616K) From: 0K(111104K)->0K(111104K)
[359.509s][info][gc,heap        ] GC(929) ParOldGen: 642485K(667648K)->642982K(667648K)
[359.509s][info][gc,metaspace   ] GC(929) Metaspace: 18639K(18816K)->18639K(18816K) NonClass: 16810K(16960K)->16810K(16960K) Class: 1828K(1856K)->1828K(1856K)
[359.509s][info][gc             ] GC(929) Pause Full (Allocation Failure) 736M->627M(869M) 966.536ms
[359.509s][info][gc,cpu         ] GC(929) User=1.89s Sys=0.00s Real=0.97s
[360.210s][info][gc,start       ] GC(930) Pause Full (Allocation Failure)
[360.210s][info][gc,phases,start] GC(930) Marking Phase
[360.600s][info][gc,phases      ] GC(930) Marking Phase 390.161ms
[360.600s][info][gc,phases,start] GC(930) Summary Phase
[360.600s][info][gc,phases      ] GC(930) Summary Phase 0.029ms
[360.600s][info][gc,phases,start] GC(930) Forward
[360.678s][info][gc,phases      ] GC(930) Forward 77.472ms
[360.678s][info][gc,phases,start] GC(930) Adjust Pointers
[360.952s][info][gc,phases      ] GC(930) Adjust Pointers 274.164ms
[360.952s][info][gc,phases,start] GC(930) Compaction Phase
[361.092s][info][gc,phases      ] GC(930) Compaction Phase 140.200ms
[361.096s][info][gc,phases,start] GC(930) Post Compact
[361.099s][info][gc,phases      ] GC(930) Post Compact 2.269ms
[361.099s][info][gc,heap        ] GC(930) PSYoungGen: 111616K(222720K)->0K(222720K) Eden: 111616K(111616K)->0K(111616K) From: 0K(111104K)->0K(111104K)
[361.099s][info][gc,heap        ] GC(930) ParOldGen: 642982K(667648K)->517866K(667648K)
[361.099s][info][gc,metaspace   ] GC(930) Metaspace: 18649K(18816K)->18649K(18816K) NonClass: 16821K(16960K)->16821K(16960K) Class: 1828K(1856K)->1828K(1856K)
[361.099s][info][gc             ] GC(930) Pause Full (Allocation Failure) 736M->505M(869M) 888.988ms
[361.099s][info][gc,cpu         ] GC(930) User=1.70s Sys=0.00s Real=0.89s
[361.524s][info][gc,start       ] GC(931) Pause Young (Allocation Failure)
[361.528s][info][gc,heap        ] GC(931) PSYoungGen: 111616K(222720K)->1344K(222720K) Eden: 111616K(111616K)->0K(111616K) From: 0K(111104K)->1344K(111104K)
[361.528s][info][gc,heap        ] GC(931) ParOldGen: 517866K(667648K)->517866K(667648K)
[361.528s][info][gc,metaspace   ] GC(931) Metaspace: 18650K(18816K)->18650K(18816K) NonClass: 16822K(16960K)->16822K(16960K) Class: 1828K(1856K)->1828K(1856K)
[361.528s][info][gc             ] GC(931) Pause Young (Allocation Failure) 614M->507M(869M) 3.860ms
[361.528s][info][gc,cpu         ] GC(931) User=0.01s Sys=0.00s Real=0.01s
[362.190s][info][gc,start       ] GC(932) Pause Young (Allocation Failure)
[362.195s][info][gc,heap        ] GC(932) PSYoungGen: 112960K(222720K)->592K(222720K) Eden: 111616K(111616K)->0K(111616K) From: 1344K(111104K)->592K(111104K)
[362.195s][info][gc,heap        ] GC(932) ParOldGen: 517866K(667648K)->519194K(667648K)
[362.195s][info][gc,metaspace   ] GC(932) Metaspace: 18666K(18816K)->18666K(18816K) NonClass: 16838K(16960K)->16838K(16960K) Class: 1828K(1856K)->1828K(1856K)
[362.195s][info][gc             ] GC(932) Pause Young (Allocation Failure) 616M->507M(869M) 4.245ms
[362.195s][info][gc,cpu         ] GC(932) User=0.00s Sys=0.00s Real=0.01s
[362.491s][info][gc,start       ] GC(933) Pause Young (Allocation Failure)
[362.494s][info][gc,heap        ] GC(933) PSYoungGen: 112199K(222720K)->528K(222720K) Eden: 111606K(111616K)->0K(111616K) From: 592K(111104K)->528K(111104K)
[362.494s][info][gc,heap        ] GC(933) ParOldGen: 519194K(667648K)->519546K(667648K)
[362.494s][info][gc,metaspace   ] GC(933) Metaspace: 18668K(18816K)->18668K(18816K) NonClass: 16839K(16960K)->16839K(16960K) Class: 1828K(1856K)->1828K(1856K)
[362.494s][info][gc             ] GC(933) Pause Young (Allocation Failure) 616M->507M(869M) 2.517ms
[362.494s][info][gc,cpu         ] GC(933) User=0.00s Sys=0.00s Real=0.00s
[362.783s][info][gc,start       ] GC(934) Pause Young (Allocation Failure)
[362.785s][info][gc,heap        ] GC(934) PSYoungGen: 112144K(222720K)->520K(222720K) Eden: 111616K(111616K)->0K(111616K) From: 528K(111104K)->520K(111104K)
[362.785s][info][gc,heap        ] GC(934) ParOldGen: 519546K(667648K)->519690K(667648K)
[362.785s][info][gc,metaspace   ] GC(934) Metaspace: 18668K(18816K)->18668K(18816K) NonClass: 16840K(16960K)->16840K(16960K) Class: 1828K(1856K)->1828K(1856K)
[362.785s][info][gc             ] GC(934) Pause Young (Allocation Failure) 616M->508M(869M) 2.177ms
[362.786s][info][gc,cpu         ] GC(934) User=0.00s Sys=0.00s Real=0.01s
[363.042s][info][gc,start       ] GC(935) Pause Young (Allocation Failure)
[363.055s][info][gc,heap        ] GC(935) PSYoungGen: 112136K(222720K)->11856K(123904K) Eden: 111616K(111616K)->0K(111616K) From: 520K(111104K)->11856K(12288K)
[363.055s][info][gc,heap        ] GC(935) ParOldGen: 519690K(667648K)->519810K(667648K)
[363.055s][info][gc,metaspace   ] GC(935) Metaspace: 18674K(18816K)->18674K(18816K) NonClass: 16845K(16960K)->16845K(16960K) Class: 1828K(1856K)->1828K(1856K)
[363.055s][info][gc             ] GC(935) Pause Young (Allocation Failure) 617M->519M(773M) 13.581ms
[363.055s][info][gc,cpu         ] GC(935) User=0.03s Sys=0.00s Real=0.02s
[363.150s][info][gc,start       ] GC(936) Pause Young (Allocation Failure)
[363.198s][info][gc,heap        ] GC(936) PSYoungGen: 123472K(123904K)->61120K(220672K) Eden: 111616K(111616K)->0K(110592K) From: 11856K(12288K)->61120K(110080K)
[363.198s][info][gc,heap        ] GC(936) ParOldGen: 519810K(667648K)->519810K(667648K)
[363.198s][info][gc,metaspace   ] GC(936) Metaspace: 18681K(18816K)->18681K(18816K) NonClass: 16852K(16960K)->16852K(16960K) Class: 1828K(1856K)->1828K(1856K)
[363.198s][info][gc             ] GC(936) Pause Young (Allocation Failure) 628M->567M(867M) 48.426ms
[363.198s][info][gc,cpu         ] GC(936) User=0.10s Sys=0.00s Real=0.05s
[363.324s][info][gc,start       ] GC(937) Pause Young (Allocation Failure)
[363.403s][info][gc,heap        ] GC(937) PSYoungGen: 171712K(220672K)->43904K(221696K) Eden: 110592K(110592K)->0K(110592K) From: 61120K(110080K)->43904K(111104K)
[363.403s][info][gc,heap        ] GC(937) ParOldGen: 519810K(667648K)->581330K(667648K)
[363.403s][info][gc,metaspace   ] GC(937) Metaspace: 18697K(18816K)->18697K(18816K) NonClass: 16868K(16960K)->16868K(16960K) Class: 1828K(1856K)->1828K(1856K)
[363.404s][info][gc             ] GC(937) Pause Young (Allocation Failure) 675M->610M(868M) 79.122ms
[363.404s][info][gc,cpu         ] GC(937) User=0.15s Sys=0.00s Real=0.08s
[363.584s][info][gc,start       ] GC(938) Pause Young (Allocation Failure)
[363.657s][info][gc,heap        ] GC(938) PSYoungGen: 154496K(221696K)->28256K(209408K) Eden: 110592K(110592K)->0K(111616K) From: 43904K(111104K)->28256K(97792K)
[363.657s][info][gc,heap        ] GC(938) ParOldGen: 581330K(667648K)->625507K(667648K)
[363.657s][info][gc,metaspace   ] GC(938) Metaspace: 18697K(18816K)->18697K(18816K) NonClass: 16868K(16960K)->16868K(16960K) Class: 1828K(1856K)->1828K(1856K)
[363.657s][info][gc             ] GC(938) Pause Young (Allocation Failure) 718M->638M(856M) 73.870ms
[363.657s][info][gc,cpu         ] GC(938) User=0.14s Sys=0.01s Real=0.08s
[363.855s][info][gc,start       ] GC(939) Pause Full (Allocation Failure)
[363.855s][info][gc,phases,start] GC(939) Marking Phase
[364.021s][info][gc,phases      ] GC(939) Marking Phase 166.381ms
[364.021s][info][gc,phases,start] GC(939) Summary Phase
[364.021s][info][gc,phases      ] GC(939) Summary Phase 0.030ms
[364.021s][info][gc,phases,start] GC(939) Forward
[364.073s][info][gc,phases      ] GC(939) Forward 51.886ms
[364.073s][info][gc,phases,start] GC(939) Adjust Pointers
[364.157s][info][gc,phases      ] GC(939) Adjust Pointers 83.233ms
[364.157s][info][gc,phases,start] GC(939) Compaction Phase
[364.213s][info][gc,phases      ] GC(939) Compaction Phase 56.345ms
[364.214s][info][gc,phases,start] GC(939) Post Compact
[364.216s][info][gc,phases      ] GC(939) Post Compact 2.227ms
[364.230s][info][gc,heap        ] GC(939) PSYoungGen: 139872K(209408K)->0K(216064K) Eden: 111616K(111616K)->0K(111616K) From: 28256K(97792K)->0K(104448K)
[364.230s][info][gc,heap        ] GC(939) ParOldGen: 625507K(667648K)->214362K(513024K)
[364.230s][info][gc,metaspace   ] GC(939) Metaspace: 18701K(18816K)->18701K(18816K) NonClass: 16872K(16960K)->16872K(16960K) Class: 1828K(1856K)->1828K(1856K)
[364.230s][info][gc             ] GC(939) Pause Full (Allocation Failure) 747M->209M(712M) 375.357ms
[364.230s][info][gc,cpu         ] GC(939) User=0.65s Sys=0.02s Real=0.37s
[364.461s][info][gc,start       ] GC(940) Pause Young (Allocation Failure)
[364.516s][info][gc,heap        ] GC(940) PSYoungGen: 111616K(216064K)->23945K(207360K) Eden: 111616K(111616K)->0K(117248K) From: 0K(104448K)->23945K(90112K)
[364.516s][info][gc,heap        ] GC(940) ParOldGen: 214362K(513024K)->214370K(513024K)
[364.516s][info][gc,metaspace   ] GC(940) Metaspace: 18712K(18816K)->18712K(18816K) NonClass: 16883K(16960K)->16883K(16960K) Class: 1828K(1856K)->1828K(1856K)
[364.516s][info][gc             ] GC(940) Pause Young (Allocation Failure) 318M->232M(703M) 54.978ms
[364.516s][info][gc,cpu         ] GC(940) User=0.11s Sys=0.00s Real=0.06s
[364.674s][info][gc,start       ] GC(941) Pause Young (Allocation Failure)
[364.744s][info][gc,heap        ] GC(941) PSYoungGen: 141193K(207360K)->42985K(215040K) Eden: 117248K(117248K)->0K(117248K) From: 23945K(90112K)->42985K(97792K)
[364.744s][info][gc,heap        ] GC(941) ParOldGen: 214370K(513024K)->214370K(513024K)
[364.744s][info][gc,metaspace   ] GC(941) Metaspace: 18712K(18816K)->18712K(18816K) NonClass: 16883K(16960K)->16883K(16960K) Class: 1828K(1856K)->1828K(1856K)
[364.744s][info][gc             ] GC(941) Pause Young (Allocation Failure) 347M->251M(711M) 70.198ms
[364.744s][info][gc,cpu         ] GC(941) User=0.13s Sys=0.00s Real=0.07s
[364.850s][info][gc,start       ] GC(942) Pause Young (Allocation Failure)
[364.932s][info][gc,heap        ] GC(942) PSYoungGen: 160233K(215040K)->55891K(217088K) Eden: 117248K(117248K)->0K(120832K) From: 42985K(97792K)->55891K(96256K)
[364.933s][info][gc,heap        ] GC(942) ParOldGen: 214370K(513024K)->214370K(513024K)
[364.933s][info][gc,metaspace   ] GC(942) Metaspace: 18712K(18816K)->18712K(18816K) NonClass: 16883K(16960K)->16883K(16960K) Class: 1828K(1856K)->1828K(1856K)
[364.933s][info][gc             ] GC(942) Pause Young (Allocation Failure) 365M->263M(713M) 82.302ms
[364.933s][info][gc,cpu         ] GC(942) User=0.16s Sys=0.00s Real=0.08s
[365.072s][info][gc,start       ] GC(943) Pause Young (Allocation Failure)
[365.158s][info][gc,heap        ] GC(943) PSYoungGen: 176723K(217088K)->60531K(220160K) Eden: 120832K(120832K)->0K(120832K) From: 55891K(96256K)->60531K(99328K)
[365.158s][info][gc,heap        ] GC(943) ParOldGen: 214370K(513024K)->214370K(513024K)
[365.158s][info][gc,metaspace   ] GC(943) Metaspace: 18712K(18816K)->18712K(18816K) NonClass: 16883K(16960K)->16883K(16960K) Class: 1828K(1856K)->1828K(1856K)
[365.158s][info][gc             ] GC(943) Pause Young (Allocation Failure) 381M->268M(716M) 86.110ms
[365.158s][info][gc,cpu         ] GC(943) User=0.17s Sys=0.00s Real=0.09s
[365.263s][info][gc,start       ] GC(944) Pause Young (Allocation Failure)
[365.358s][info][gc,heap        ] GC(944) PSYoungGen: 181363K(220160K)->68435K(220672K) Eden: 120832K(120832K)->0K(117760K) From: 60531K(99328K)->68435K(102912K)
[365.358s][info][gc,heap        ] GC(944) ParOldGen: 214370K(513024K)->214370K(513024K)
[365.358s][info][gc,metaspace   ] GC(944) Metaspace: 18712K(18816K)->18712K(18816K) NonClass: 16883K(16960K)->16883K(16960K) Class: 1828K(1856K)->1828K(1856K)
[365.358s][info][gc             ] GC(944) Pause Young (Allocation Failure) 386M->276M(716M) 94.616ms
[365.358s][info][gc,cpu         ] GC(944) User=0.18s Sys=0.00s Real=0.10s
[365.482s][info][gc,start       ] GC(945) Pause Young (Allocation Failure)
[365.576s][info][gc,heap        ] GC(945) PSYoungGen: 186195K(220672K)->68563K(186368K) Eden: 117760K(117760K)->0K(117760K) From: 68435K(102912K)->68563K(68608K)
[365.576s][info][gc,heap        ] GC(945) ParOldGen: 214370K(513024K)->214370K(513024K)
[365.576s][info][gc,metaspace   ] GC(945) Metaspace: 18712K(18816K)->18712K(18816K) NonClass: 16883K(16960K)->16883K(16960K) Class: 1828K(1856K)->1828K(1856K)
[365.576s][info][gc             ] GC(945) Pause Young (Allocation Failure) 391M->276M(683M) 94.266ms
[365.576s][info][gc,cpu         ] GC(945) User=0.19s Sys=0.00s Real=0.10s
[365.699s][info][gc,start       ] GC(946) Pause Young (Allocation Failure)
[365.796s][info][gc,heap        ] GC(946) PSYoungGen: 186323K(186368K)->47104K(226816K) Eden: 117760K(117760K)->0K(115712K) From: 68563K(68608K)->47104K(111104K)
[365.796s][info][gc,heap        ] GC(946) ParOldGen: 214370K(513024K)->238116K(513024K)
[365.796s][info][gc,metaspace   ] GC(946) Metaspace: 18712K(18816K)->18712K(18816K) NonClass: 16883K(16960K)->16883K(16960K) Class: 1828K(1856K)->1828K(1856K)
[365.796s][info][gc             ] GC(946) Pause Young (Allocation Failure) 391M->278M(722M) 97.152ms
[365.796s][info][gc,cpu         ] GC(946) User=0.19s Sys=0.00s Real=0.10s
[365.893s][info][gc,start       ] GC(947) Pause Young (Allocation Failure)
[365.948s][info][gc,heap        ] GC(947) PSYoungGen: 162816K(226816K)->47136K(163328K) Eden: 115712K(115712K)->0K(115712K) From: 47104K(111104K)->47136K(47616K)
[365.948s][info][gc,heap        ] GC(947) ParOldGen: 238116K(513024K)->238116K(513024K)
[365.948s][info][gc,metaspace   ] GC(947) Metaspace: 18712K(18816K)->18712K(18816K) NonClass: 16883K(16960K)->16883K(16960K) Class: 1828K(1856K)->1828K(1856K)
[365.948s][info][gc             ] GC(947) Pause Young (Allocation Failure) 391M->278M(660M) 55.217ms
[365.948s][info][gc,cpu         ] GC(947) User=0.11s Sys=0.00s Real=0.06s
[366.071s][info][gc,start       ] GC(948) Pause Young (Allocation Failure)
[366.152s][info][gc,heap        ] GC(948) PSYoungGen: 162848K(163328K)->73776K(212480K) Eden: 115712K(115712K)->0K(110080K) From: 47136K(47616K)->73776K(102400K)
[366.152s][info][gc,heap        ] GC(948) ParOldGen: 238116K(513024K)->238116K(513024K)
[366.152s][info][gc,metaspace   ] GC(948) Metaspace: 18712K(18816K)->18712K(18816K) NonClass: 16883K(16960K)->16883K(16960K) Class: 1828K(1856K)->1828K(1856K)
[366.152s][info][gc             ] GC(948) Pause Young (Allocation Failure) 391M->304M(708M) 80.724ms
[366.152s][info][gc,cpu         ] GC(948) User=0.16s Sys=0.00s Real=0.08s
[366.239s][info][gc,start       ] GC(949) Pause Young (Allocation Failure)
[366.347s][info][gc,heap        ] GC(949) PSYoungGen: 183856K(212480K)->108016K(218112K) Eden: 110080K(110080K)->0K(110080K) From: 73776K(102400K)->108016K(108032K)
[366.347s][info][gc,heap        ] GC(949) ParOldGen: 238116K(513024K)->239436K(513024K)
[366.347s][info][gc,metaspace   ] GC(949) Metaspace: 18712K(18816K)->18712K(18816K) NonClass: 16883K(16960K)->16883K(16960K) Class: 1828K(1856K)->1828K(1856K)
[366.347s][info][gc             ] GC(949) Pause Young (Allocation Failure) 412M->339M(714M) 107.624ms
[366.347s][info][gc,cpu         ] GC(949) User=0.21s Sys=0.00s Real=0.11s
[366.443s][info][gc,start       ] GC(950) Pause Young (Allocation Failure)
[366.565s][info][gc,heap        ] GC(950) PSYoungGen: 218096K(218112K)->87811K(222720K) Eden: 110080K(110080K)->0K(111616K) From: 108016K(108032K)->87811K(111104K)
[366.565s][info][gc,heap        ] GC(950) ParOldGen: 239436K(513024K)->271764K(513024K)
[366.565s][info][gc,metaspace   ] GC(950) Metaspace: 18712K(18816K)->18712K(18816K) NonClass: 16883K(16960K)->16883K(16960K) Class: 1828K(1856K)->1828K(1856K)
[366.565s][info][gc             ] GC(950) Pause Young (Allocation Failure) 446M->351M(718M) 121.537ms
[366.565s][info][gc,cpu         ] GC(950) User=0.25s Sys=0.00s Real=0.13s
[366.674s][info][gc,start       ] GC(951) Pause Young (Allocation Failure)
[366.768s][info][gc,heap        ] GC(951) PSYoungGen: 199427K(222720K)->83811K(222720K) Eden: 111616K(111616K)->0K(111616K) From: 87811K(111104K)->83811K(111104K)
[366.768s][info][gc,heap        ] GC(951) ParOldGen: 271764K(513024K)->284348K(513024K)
[366.768s][info][gc,metaspace   ] GC(951) Metaspace: 18712K(18816K)->18712K(18816K) NonClass: 16883K(16960K)->16883K(16960K) Class: 1828K(1856K)->1828K(1856K)
[366.768s][info][gc             ] GC(951) Pause Young (Allocation Failure) 460M->359M(718M) 94.082ms
[366.768s][info][gc,cpu         ] GC(951) User=0.19s Sys=0.00s Real=0.10s
[366.880s][info][gc,start       ] GC(952) Pause Young (Allocation Failure)
[366.961s][info][gc,heap        ] GC(952) PSYoungGen: 195427K(222720K)->82659K(222720K) Eden: 111616K(111616K)->0K(111616K) From: 83811K(111104K)->82659K(111104K)
[366.961s][info][gc,heap        ] GC(952) ParOldGen: 284348K(513024K)->286692K(513024K)
[366.961s][info][gc,metaspace   ] GC(952) Metaspace: 18712K(18816K)->18712K(18816K) NonClass: 16883K(16960K)->16883K(16960K) Class: 1828K(1856K)->1828K(1856K)
[366.962s][info][gc             ] GC(952) Pause Young (Allocation Failure) 468M->360M(718M) 81.915ms
[366.962s][info][gc,cpu         ] GC(952) User=0.16s Sys=0.00s Real=0.08s
[367.140s][info][gc,start       ] GC(953) Pause Young (Allocation Failure)
[367.220s][info][gc,heap        ] GC(953) PSYoungGen: 194275K(222720K)->57667K(222720K) Eden: 111616K(111616K)->0K(111616K) From: 82659K(111104K)->57667K(111104K)
[367.220s][info][gc,heap        ] GC(953) ParOldGen: 286692K(513024K)->313448K(513024K)
[367.220s][info][gc,metaspace   ] GC(953) Metaspace: 18713K(18816K)->18713K(18816K) NonClass: 16884K(16960K)->16884K(16960K) Class: 1828K(1856K)->1828K(1856K)
[367.220s][info][gc             ] GC(953) Pause Young (Allocation Failure) 469M->362M(718M) 79.407ms
[367.220s][info][gc,cpu         ] GC(953) User=0.15s Sys=0.00s Real=0.08s
[367.554s][info][gc,start       ] GC(954) Pause Young (Allocation Failure)
[367.611s][info][gc,heap        ] GC(954) PSYoungGen: 169283K(222720K)->12032K(222720K) Eden: 111616K(111616K)->0K(111616K) From: 57667K(111104K)->12032K(111104K)
[367.611s][info][gc,heap        ] GC(954) ParOldGen: 313448K(513024K)->360183K(513024K)
[367.611s][info][gc,metaspace   ] GC(954) Metaspace: 18713K(18816K)->18713K(18816K) NonClass: 16884K(16960K)->16884K(16960K) Class: 1828K(1856K)->1828K(1856K)
[367.612s][info][gc             ] GC(954) Pause Young (Allocation Failure) 471M->363M(718M) 57.944ms
[367.612s][info][gc,cpu         ] GC(954) User=0.11s Sys=0.00s Real=0.06s
[367.874s][info][gc,start       ] GC(955) Pause Young (Allocation Failure)
[367.889s][info][gc,heap        ] GC(955) PSYoungGen: 123648K(222720K)->2528K(222720K) Eden: 111616K(111616K)->0K(111616K) From: 12032K(111104K)->2528K(111104K)
[367.889s][info][gc,heap        ] GC(955) ParOldGen: 360183K(513024K)->369927K(513024K)
[367.889s][info][gc,metaspace   ] GC(955) Metaspace: 18713K(18816K)->18713K(18816K) NonClass: 16884K(16960K)->16884K(16960K) Class: 1828K(1856K)->1828K(1856K)
[367.889s][info][gc             ] GC(955) Pause Young (Allocation Failure) 472M->363M(718M) 15.055ms
[367.889s][info][gc,cpu         ] GC(955) User=0.03s Sys=0.00s Real=0.02s
[368.009s][info][gc,start       ] GC(956) Pause Young (Allocation Failure)
[368.045s][info][gc,heap        ] GC(956) PSYoungGen: 114144K(222720K)->31616K(222720K) Eden: 111616K(111616K)->0K(111616K) From: 2528K(111104K)->31616K(111104K)
[368.045s][info][gc,heap        ] GC(956) ParOldGen: 369927K(513024K)->372149K(513024K)
[368.045s][info][gc,metaspace   ] GC(956) Metaspace: 18713K(18816K)->18713K(18816K) NonClass: 16884K(16960K)->16884K(16960K) Class: 1828K(1856K)->1828K(1856K)
[368.045s][info][gc             ] GC(956) Pause Young (Allocation Failure) 472M->394M(718M) 35.401ms
[368.045s][info][gc,cpu         ] GC(956) User=0.07s Sys=0.00s Real=0.04s
[368.173s][info][gc,start       ] GC(957) Pause Young (Allocation Failure)
[368.240s][info][gc,heap        ] GC(957) PSYoungGen: 143232K(222720K)->39872K(222720K) Eden: 111616K(111616K)->0K(111616K) From: 31616K(111104K)->39872K(111104K)
[368.240s][info][gc,heap        ] GC(957) ParOldGen: 372149K(513024K)->403852K(513024K)
[368.240s][info][gc,metaspace   ] GC(957) Metaspace: 18714K(18816K)->18714K(18816K) NonClass: 16885K(16960K)->16885K(16960K) Class: 1828K(1856K)->1828K(1856K)
[368.240s][info][gc             ] GC(957) Pause Young (Allocation Failure) 503M->433M(718M) 66.494ms
[368.240s][info][gc,cpu         ] GC(957) User=0.13s Sys=0.00s Real=0.07s
[368.386s][info][gc,start       ] GC(958) Pause Young (Allocation Failure)
[368.436s][info][gc,heap        ] GC(958) PSYoungGen: 151488K(222720K)->13120K(222720K) Eden: 111616K(111616K)->0K(111616K) From: 39872K(111104K)->13120K(111104K)
[368.436s][info][gc,heap        ] GC(958) ParOldGen: 403852K(513024K)->444004K(513024K)
[368.436s][info][gc,metaspace   ] GC(958) Metaspace: 18714K(18816K)->18714K(18816K) NonClass: 16885K(16960K)->16885K(16960K) Class: 1828K(1856K)->1828K(1856K)
[368.436s][info][gc             ] GC(958) Pause Young (Allocation Failure) 542M->446M(718M) 49.862ms
[368.436s][info][gc,cpu         ] GC(958) User=0.10s Sys=0.00s Real=0.05s
[368.537s][info][gc,start       ] GC(959) Pause Young (Allocation Failure)
[368.563s][info][gc,heap        ] GC(959) PSYoungGen: 124736K(222720K)->2656K(222720K) Eden: 111616K(111616K)->0K(111616K) From: 13120K(111104K)->2656K(111104K)
[368.563s][info][gc,heap        ] GC(959) ParOldGen: 444004K(513024K)->457148K(513024K)
[368.563s][info][gc,metaspace   ] GC(959) Metaspace: 18714K(18816K)->18714K(18816K) NonClass: 16885K(16960K)->16885K(16960K) Class: 1828K(1856K)->1828K(1856K)
[368.563s][info][gc             ] GC(959) Pause Young (Allocation Failure) 555M->449M(718M) 25.998ms
[368.563s][info][gc,cpu         ] GC(959) User=0.05s Sys=0.00s Real=0.02s
[368.700s][info][gc,start       ] GC(960) Pause Young (Allocation Failure)
[368.706s][info][gc,heap        ] GC(960) PSYoungGen: 114272K(222720K)->1504K(222720K) Eden: 111616K(111616K)->0K(111616K) From: 2656K(111104K)->1504K(111104K)
[368.706s][info][gc,heap        ] GC(960) ParOldGen: 457148K(513024K)->459780K(513024K)
[368.706s][info][gc,metaspace   ] GC(960) Metaspace: 18714K(18816K)->18714K(18816K) NonClass: 16885K(16960K)->16885K(16960K) Class: 1828K(1856K)->1828K(1856K)
[368.706s][info][gc             ] GC(960) Pause Young (Allocation Failure) 558M->450M(718M) 6.713ms
[368.706s][info][gc,cpu         ] GC(960) User=0.02s Sys=0.00s Real=0.01s
[368.938s][info][gc,start       ] GC(961) Pause Young (Allocation Failure)
[368.958s][info][gc,heap        ] GC(961) PSYoungGen: 113120K(222720K)->16672K(222720K) Eden: 111616K(111616K)->0K(111616K) From: 1504K(111104K)->16672K(111104K)
[368.958s][info][gc,heap        ] GC(961) ParOldGen: 459780K(513024K)->461260K(513024K)
[368.958s][info][gc,metaspace   ] GC(961) Metaspace: 18714K(18816K)->18714K(18816K) NonClass: 16885K(16960K)->16885K(16960K) Class: 1828K(1856K)->1828K(1856K)
[368.958s][info][gc             ] GC(961) Pause Young (Allocation Failure) 559M->466M(718M) 19.982ms
[368.958s][info][gc,cpu         ] GC(961) User=0.04s Sys=0.00s Real=0.02s
[369.043s][info][gc,start       ] GC(962) Pause Young (Allocation Failure)
[369.134s][info][gc,heap        ] GC(962) PSYoungGen: 128288K(222720K)->75872K(222720K) Eden: 111616K(111616K)->0K(111616K) From: 16672K(111104K)->75872K(111104K)
[369.134s][info][gc,heap        ] GC(962) ParOldGen: 461260K(513024K)->477892K(513024K)
[369.134s][info][gc,metaspace   ] GC(962) Metaspace: 18714K(18816K)->18714K(18816K) NonClass: 16885K(16960K)->16885K(16960K) Class: 1828K(1856K)->1828K(1856K)
[369.134s][info][gc             ] GC(962) Pause Young (Allocation Failure) 575M->540M(718M) 91.781ms
[369.134s][info][gc,cpu         ] GC(962) User=0.19s Sys=0.00s Real=0.09s
[369.327s][info][gc,start       ] GC(963) Pause Young (Allocation Failure)
[369.440s][info][gc,heap        ] GC(963) PSYoungGen: 187488K(222720K)->14424K(222720K) Eden: 111616K(111616K)->0K(111616K) From: 75872K(111104K)->14424K(111104K)
[369.440s][info][gc,heap        ] GC(963) ParOldGen: 477892K(513024K)->553988K(554496K)
[369.440s][info][gc,metaspace   ] GC(963) Metaspace: 18714K(18816K)->18714K(18816K) NonClass: 16885K(16960K)->16885K(16960K) Class: 1828K(1856K)->1828K(1856K)
[369.440s][info][gc             ] GC(963) Pause Young (Allocation Failure) 649M->555M(759M) 112.923ms
[369.440s][info][gc,cpu         ] GC(963) User=0.18s Sys=0.03s Real=0.11s
[369.588s][info][gc,start       ] GC(964) Pause Young (Allocation Failure)
[369.651s][info][gc,heap        ] GC(964) PSYoungGen: 126040K(222720K)->45923K(222720K) Eden: 111616K(111616K)->0K(111616K) From: 14424K(111104K)->45923K(111104K)
[369.651s][info][gc,heap        ] GC(964) ParOldGen: 553988K(554496K)->568436K(568832K)
[369.651s][info][gc,metaspace   ] GC(964) Metaspace: 18714K(18816K)->18714K(18816K) NonClass: 16885K(16960K)->16885K(16960K) Class: 1828K(1856K)->1828K(1856K)
[369.651s][info][gc             ] GC(964) Pause Young (Allocation Failure) 664M->599M(773M) 62.544ms
[369.651s][info][gc,cpu         ] GC(964) User=0.10s Sys=0.02s Real=0.06s
[369.753s][info][gc,start       ] GC(965) Pause Young (Allocation Failure)
[369.852s][info][gc,heap        ] GC(965) PSYoungGen: 157539K(222720K)->29711K(141824K) Eden: 111616K(111616K)->0K(111616K) From: 45923K(111104K)->29711K(30208K)
[369.852s][info][gc,heap        ] GC(965) ParOldGen: 568436K(568832K)->614849K(614912K)
[369.852s][info][gc,metaspace   ] GC(965) Metaspace: 18717K(18816K)->18717K(18816K) NonClass: 16889K(16960K)->16889K(16960K) Class: 1828K(1856K)->1828K(1856K)
[369.852s][info][gc             ] GC(965) Pause Young (Allocation Failure) 708M->629M(739M) 98.942ms
[369.852s][info][gc,cpu         ] GC(965) User=0.16s Sys=0.04s Real=0.10s
[369.925s][info][gc,start       ] GC(966) Pause Full (Allocation Failure)
[369.925s][info][gc,phases,start] GC(966) Marking Phase
[369.991s][info][gc,phases      ] GC(966) Marking Phase 65.986ms
[369.991s][info][gc,phases,start] GC(966) Summary Phase
[369.991s][info][gc,phases      ] GC(966) Summary Phase 0.032ms
[369.991s][info][gc,phases,start] GC(966) Forward
[370.011s][info][gc,phases      ] GC(966) Forward 20.098ms
[370.011s][info][gc,phases,start] GC(966) Adjust Pointers
[370.057s][info][gc,phases      ] GC(966) Adjust Pointers 45.957ms
[370.057s][info][gc,phases,start] GC(966) Compaction Phase
[370.079s][info][gc,phases      ] GC(966) Compaction Phase 21.293ms
[370.082s][info][gc,phases,start] GC(966) Post Compact
[370.084s][info][gc,phases      ] GC(966) Post Compact 2.222ms
[370.103s][info][gc,heap        ] GC(966) PSYoungGen: 141327K(141824K)->0K(217088K) Eden: 111616K(111616K)->0K(111616K) From: 29711K(30208K)->0K(105472K)
[370.103s][info][gc,heap        ] GC(966) ParOldGen: 614849K(614912K)->100548K(414720K)
[370.103s][info][gc,metaspace   ] GC(966) Metaspace: 18721K(18816K)->18721K(18816K) NonClass: 16892K(16960K)->16892K(16960K) Class: 1828K(1856K)->1828K(1856K)
[370.103s][info][gc             ] GC(966) Pause Full (Allocation Failure) 738M->98M(617M) 177.577ms
[370.103s][info][gc,cpu         ] GC(966) User=0.27s Sys=0.02s Real=0.17s
[370.191s][info][gc,start       ] GC(967) Pause Young (Allocation Failure)
[370.200s][info][gc,heap        ] GC(967) PSYoungGen: 111616K(217088K)->8834K(217088K) Eden: 111616K(111616K)->0K(111616K) From: 0K(105472K)->8834K(105472K)
[370.200s][info][gc,heap        ] GC(967) ParOldGen: 100548K(414720K)->100548K(414720K)
[370.200s][info][gc,metaspace   ] GC(967) Metaspace: 18721K(18816K)->18721K(18816K) NonClass: 16892K(16960K)->16892K(16960K) Class: 1828K(1856K)->1828K(1856K)
[370.200s][info][gc             ] GC(967) Pause Young (Allocation Failure) 207M->106M(617M) 9.011ms
[370.200s][info][gc,cpu         ] GC(967) User=0.02s Sys=0.00s Real=0.01s
[370.290s][info][gc,start       ] GC(968) Pause Young (Allocation Failure)
[370.304s][info][gc,heap        ] GC(968) PSYoungGen: 120450K(217088K)->14672K(215552K) Eden: 111616K(111616K)->0K(119808K) From: 8834K(105472K)->14672K(95744K)
[370.304s][info][gc,heap        ] GC(968) ParOldGen: 100548K(414720K)->100548K(414720K)
[370.304s][info][gc,metaspace   ] GC(968) Metaspace: 18721K(18816K)->18721K(18816K) NonClass: 16892K(16960K)->16892K(16960K) Class: 1828K(1856K)->1828K(1856K)
[370.304s][info][gc             ] GC(968) Pause Young (Allocation Failure) 215M->112M(615M) 14.441ms
[370.304s][info][gc,cpu         ] GC(968) User=0.02s Sys=0.00s Real=0.01s
[370.402s][info][gc,start       ] GC(969) Pause Young (Allocation Failure)
[370.443s][info][gc,heap        ] GC(969) PSYoungGen: 134480K(215552K)->50736K(219648K) Eden: 119808K(119808K)->0K(119808K) From: 14672K(95744K)->50736K(99840K)
[370.443s][info][gc,heap        ] GC(969) ParOldGen: 100548K(414720K)->100548K(414720K)
[370.443s][info][gc,metaspace   ] GC(969) Metaspace: 18721K(18816K)->18721K(18816K) NonClass: 16892K(16960K)->16892K(16960K) Class: 1828K(1856K)->1828K(1856K)
[370.443s][info][gc             ] GC(969) Pause Young (Allocation Failure) 229M->147M(619M) 40.558ms
[370.443s][info][gc,cpu         ] GC(969) User=0.08s Sys=0.00s Real=0.04s
[370.603s][info][gc,start       ] GC(970) Pause Young (Allocation Failure)
[370.668s][info][gc,heap        ] GC(970) PSYoungGen: 170544K(219648K)->86080K(211456K) Eden: 119808K(119808K)->0K(111616K) From: 50736K(99840K)->86080K(99840K)
[370.668s][info][gc,heap        ] GC(970) ParOldGen: 100548K(414720K)->100548K(414720K)
[370.668s][info][gc,metaspace   ] GC(970) Metaspace: 18721K(18816K)->18721K(18816K) NonClass: 16892K(16960K)->16892K(16960K) Class: 1828K(1856K)->1828K(1856K)
[370.668s][info][gc             ] GC(970) Pause Young (Allocation Failure) 264M->182M(611M) 64.638ms
[370.668s][info][gc,cpu         ] GC(970) User=0.13s Sys=0.00s Real=0.07s
[370.764s][info][gc,start       ] GC(971) Pause Young (Allocation Failure)
[370.825s][info][gc,heap        ] GC(971) PSYoungGen: 197696K(211456K)->79456K(222720K) Eden: 111616K(111616K)->0K(111616K) From: 86080K(99840K)->79456K(111104K)
[370.825s][info][gc,heap        ] GC(971) ParOldGen: 100548K(414720K)->109340K(414720K)
[370.825s][info][gc,metaspace   ] GC(971) Metaspace: 18721K(18816K)->18721K(18816K) NonClass: 16892K(16960K)->16892K(16960K) Class: 1828K(1856K)->1828K(1856K)
[370.825s][info][gc             ] GC(971) Pause Young (Allocation Failure) 291M->184M(622M) 60.949ms
[370.825s][info][gc,cpu         ] GC(971) User=0.12s Sys=0.00s Real=0.07s
[371.020s][info][gc,start       ] GC(972) Pause Young (Allocation Failure)
[371.110s][info][gc,heap        ] GC(972) PSYoungGen: 191072K(222720K)->56644K(222720K) Eden: 111616K(111616K)->0K(111616K) From: 79456K(111104K)->56644K(111104K)
[371.110s][info][gc,heap        ] GC(972) ParOldGen: 109340K(414720K)->151772K(414720K)
[371.110s][info][gc,metaspace   ] GC(972) Metaspace: 18721K(18816K)->18721K(18816K) NonClass: 16892K(16960K)->16892K(16960K) Class: 1828K(1856K)->1828K(1856K)
[371.110s][info][gc             ] GC(972) Pause Young (Allocation Failure) 293M->203M(622M) 90.243ms
[371.110s][info][gc,cpu         ] GC(972) User=0.18s Sys=0.00s Real=0.09s
[371.213s][info][gc,start       ] GC(973) Pause Young (Allocation Failure)
[371.322s][info][gc,heap        ] GC(973) PSYoungGen: 168260K(222720K)->70948K(222720K) Eden: 111616K(111616K)->0K(111616K) From: 56644K(111104K)->70948K(111104K)
[371.322s][info][gc,heap        ] GC(973) ParOldGen: 151772K(414720K)->189604K(414720K)
[371.322s][info][gc,metaspace   ] GC(973) Metaspace: 18721K(18816K)->18721K(18816K) NonClass: 16892K(16960K)->16892K(16960K) Class: 1828K(1856K)->1828K(1856K)
[371.322s][info][gc             ] GC(973) Pause Young (Allocation Failure) 312M->254M(622M) 109.512ms
[371.322s][info][gc,cpu         ] GC(973) User=0.22s Sys=0.00s Real=0.11s
[371.404s][info][gc,start       ] GC(974) Pause Young (Allocation Failure)
[371.522s][info][gc,heap        ] GC(974) PSYoungGen: 182564K(222720K)->36368K(222720K) Eden: 111616K(111616K)->0K(111616K) From: 70948K(111104K)->36368K(111104K)
[371.522s][info][gc,heap        ] GC(974) ParOldGen: 189604K(414720K)->260717K(414720K)
[371.522s][info][gc,metaspace   ] GC(974) Metaspace: 18721K(18816K)->18721K(18816K) NonClass: 16892K(16960K)->16892K(16960K) Class: 1828K(1856K)->1828K(1856K)
[371.522s][info][gc             ] GC(974) Pause Young (Allocation Failure) 363M->290M(622M) 117.902ms
[371.522s][info][gc,cpu         ] GC(974) User=0.23s Sys=0.00s Real=0.12s
[371.573s][info][gc,start       ] GC(975) Pause Young (Allocation Failure)
[371.641s][info][gc,heap        ] GC(975) PSYoungGen: 147984K(222720K)->41888K(153600K) Eden: 111616K(111616K)->0K(111616K) From: 36368K(111104K)->41888K(41984K)
[371.641s][info][gc,heap        ] GC(975) ParOldGen: 260717K(414720K)->297341K(414720K)
[371.641s][info][gc,metaspace   ] GC(975) Metaspace: 18721K(18816K)->18721K(18816K) NonClass: 16892K(16960K)->16892K(16960K) Class: 1828K(1856K)->1828K(1856K)
[371.641s][info][gc             ] GC(975) Pause Young (Allocation Failure) 399M->331M(555M) 67.668ms
[371.641s][info][gc,cpu         ] GC(975) User=0.14s Sys=0.00s Real=0.07s
[371.706s][info][gc,start       ] GC(976) Pause Young (Allocation Failure)
[371.757s][info][gc,heap        ] GC(976) PSYoungGen: 153504K(153600K)->28352K(223232K) Eden: 111616K(111616K)->0K(114688K) From: 41888K(41984K)->28352K(108544K)
[371.758s][info][gc,heap        ] GC(976) ParOldGen: 297341K(414720K)->339685K(414720K)
[371.758s][info][gc,metaspace   ] GC(976) Metaspace: 18721K(18816K)->18721K(18816K) NonClass: 16892K(16960K)->16892K(16960K) Class: 1828K(1856K)->1828K(1856K)
[371.758s][info][gc             ] GC(976) Pause Young (Allocation Failure) 440M->359M(623M) 51.778ms
[371.758s][info][gc,cpu         ] GC(976) User=0.11s Sys=0.00s Real=0.05s
[371.852s][info][gc,start       ] GC(977) Pause Young (Allocation Failure)
[371.880s][info][gc,heap        ] GC(977) PSYoungGen: 143040K(223232K)->2496K(220160K) Eden: 114688K(114688K)->0K(114688K) From: 28352K(108544K)->2496K(105472K)
[371.880s][info][gc,heap        ] GC(977) ParOldGen: 339685K(414720K)->368301K(414720K)
[371.880s][info][gc,metaspace   ] GC(977) Metaspace: 18721K(18816K)->18721K(18816K) NonClass: 16892K(16960K)->16892K(16960K) Class: 1828K(1856K)->1828K(1856K)
[371.880s][info][gc             ] GC(977) Pause Young (Allocation Failure) 471M->362M(620M) 28.238ms
[371.880s][info][gc,cpu         ] GC(977) User=0.06s Sys=0.00s Real=0.03s
[371.949s][info][gc,start       ] GC(978) Pause Young (Allocation Failure)
[371.961s][info][gc,heap        ] GC(978) PSYoungGen: 117184K(220160K)->1824K(225792K) Eden: 114688K(114688K)->0K(119808K) From: 2496K(105472K)->1824K(105984K)
[371.961s][info][gc,heap        ] GC(978) ParOldGen: 368301K(414720K)->370773K(414720K)
[371.961s][info][gc,metaspace   ] GC(978) Metaspace: 18721K(18816K)->18721K(18816K) NonClass: 16892K(16960K)->16892K(16960K) Class: 1828K(1856K)->1828K(1856K)
[371.961s][info][gc             ] GC(978) Pause Young (Allocation Failure) 474M->363M(625M) 12.319ms
[371.961s][info][gc,cpu         ] GC(978) User=0.02s Sys=0.00s Real=0.01s
[372.066s][info][gc,start       ] GC(979) Pause Young (Allocation Failure)
[372.092s][info][gc,heap        ] GC(979) PSYoungGen: 121632K(225792K)->8897K(129024K) Eden: 119808K(119808K)->0K(119808K) From: 1824K(105984K)->8897K(9216K)
[372.092s][info][gc,heap        ] GC(979) ParOldGen: 370773K(414720K)->370773K(414720K)
[372.092s][info][gc,metaspace   ] GC(979) Metaspace: 18721K(18816K)->18721K(18816K) NonClass: 16892K(16960K)->16892K(16960K) Class: 1828K(1856K)->1828K(1856K)
[372.092s][info][gc             ] GC(979) Pause Young (Allocation Failure) 480M->370M(531M) 25.540ms
[372.092s][info][gc,cpu         ] GC(979) User=0.05s Sys=0.00s Real=0.02s
[372.209s][info][gc,start       ] GC(980) Pause Young (Allocation Failure)
[372.248s][info][gc,heap        ] GC(980) PSYoungGen: 128705K(129024K)->24161K(227840K) Eden: 119808K(119808K)->0K(126976K) From: 8897K(9216K)->24161K(100864K)
[372.248s][info][gc,heap        ] GC(980) ParOldGen: 370773K(414720K)->370773K(414720K)
[372.248s][info][gc,metaspace   ] GC(980) Metaspace: 18721K(18816K)->18721K(18816K) NonClass: 16892K(16960K)->16892K(16960K) Class: 1828K(1856K)->1828K(1856K)
[372.248s][info][gc             ] GC(980) Pause Young (Allocation Failure) 487M->385M(627M) 38.664ms
[372.248s][info][gc,cpu         ] GC(980) User=0.08s Sys=0.00s Real=0.04s
[372.365s][info][gc,start       ] GC(981) Pause Young (Allocation Failure)
[372.433s][info][gc,heap        ] GC(981) PSYoungGen: 151137K(227840K)->52993K(225280K) Eden: 126976K(126976K)->0K(126976K) From: 24161K(100864K)->52993K(98304K)
[372.433s][info][gc,heap        ] GC(981) ParOldGen: 370773K(414720K)->370773K(414720K)
[372.433s][info][gc,metaspace   ] GC(981) Metaspace: 18723K(18816K)->18723K(18816K) NonClass: 16894K(16960K)->16894K(16960K) Class: 1828K(1856K)->1828K(1856K)
[372.433s][info][gc             ] GC(981) Pause Young (Allocation Failure) 509M->413M(625M) 67.479ms
[372.433s][info][gc,cpu         ] GC(981) User=0.13s Sys=0.00s Real=0.06s
[372.534s][info][gc,start       ] GC(982) Pause Young (Allocation Failure)
[372.628s][info][gc,heap        ] GC(982) PSYoungGen: 179969K(225280K)->78049K(215040K) Eden: 126976K(126976K)->0K(115712K) From: 52993K(98304K)->78049K(99328K)
[372.628s][info][gc,heap        ] GC(982) ParOldGen: 370773K(414720K)->370773K(414720K)
[372.628s][info][gc,metaspace   ] GC(982) Metaspace: 18723K(18816K)->18723K(18816K) NonClass: 16894K(16960K)->16894K(16960K) Class: 1828K(1856K)->1828K(1856K)
[372.628s][info][gc             ] GC(982) Pause Young (Allocation Failure) 537M->438M(615M) 94.782ms
[372.628s][info][gc,cpu         ] GC(982) User=0.19s Sys=0.00s Real=0.10s
[372.724s][info][gc,start       ] GC(983) Pause Young (Allocation Failure)
[372.824s][info][gc,heap        ] GC(983) PSYoungGen: 193761K(215040K)->82145K(198144K) Eden: 115712K(115712K)->0K(115712K) From: 78049K(99328K)->82145K(82432K)
[372.825s][info][gc,heap        ] GC(983) ParOldGen: 370773K(414720K)->370773K(414720K)
[372.825s][info][gc,metaspace   ] GC(983) Metaspace: 18723K(18816K)->18723K(18816K) NonClass: 16894K(16960K)->16894K(16960K) Class: 1828K(1856K)->1828K(1856K)
[372.825s][info][gc             ] GC(983) Pause Young (Allocation Failure) 551M->442M(598M) 100.282ms
[372.825s][info][gc,cpu         ] GC(983) User=0.20s Sys=0.00s Real=0.10s
[372.976s][info][gc,start       ] GC(984) Pause Young (Allocation Failure)
[373.074s][info][gc,heap        ] GC(984) PSYoungGen: 197857K(198144K)->73984K(222720K) Eden: 115712K(115712K)->0K(111616K) From: 82145K(82432K)->73984K(111104K)
[373.074s][info][gc,heap        ] GC(984) ParOldGen: 370773K(414720K)->379522K(414720K)
[373.074s][info][gc,metaspace   ] GC(984) Metaspace: 18723K(18816K)->18723K(18816K) NonClass: 16894K(16960K)->16894K(16960K) Class: 1828K(1856K)->1828K(1856K)
[373.074s][info][gc             ] GC(984) Pause Young (Allocation Failure) 555M->442M(622M) 98.342ms
[373.074s][info][gc,cpu         ] GC(984) User=0.19s Sys=0.00s Real=0.09s
[373.212s][info][gc,start       ] GC(985) Pause Young (Allocation Failure)
[373.303s][info][gc,heap        ] GC(985) PSYoungGen: 185600K(222720K)->33152K(222720K) Eden: 111616K(111616K)->0K(111616K) From: 73984K(111104K)->33152K(111104K)
[373.303s][info][gc,heap        ] GC(985) ParOldGen: 379522K(414720K)->423904K(423936K)
[373.303s][info][gc,metaspace   ] GC(985) Metaspace: 18723K(18816K)->18723K(18816K) NonClass: 16894K(16960K)->16894K(16960K) Class: 1828K(1856K)->1828K(1856K)
[373.303s][info][gc             ] GC(985) Pause Young (Allocation Failure) 551M->446M(631M) 90.532ms
[373.303s][info][gc,cpu         ] GC(985) User=0.17s Sys=0.01s Real=0.09s
[373.478s][info][gc,start       ] GC(986) Pause Young (Allocation Failure)
[373.541s][info][gc,heap        ] GC(986) PSYoungGen: 144768K(222720K)->13952K(222720K) Eden: 111616K(111616K)->0K(111616K) From: 33152K(111104K)->13952K(111104K)
[373.541s][info][gc,heap        ] GC(986) ParOldGen: 423904K(423936K)->453128K(453632K)
[373.541s][info][gc,metaspace   ] GC(986) Metaspace: 18723K(18816K)->18723K(18816K) NonClass: 16894K(16960K)->16894K(16960K) Class: 1828K(1856K)->1828K(1856K)
[373.541s][info][gc             ] GC(986) Pause Young (Allocation Failure) 555M->456M(660M) 63.172ms
[373.541s][info][gc,cpu         ] GC(986) User=0.11s Sys=0.01s Real=0.06s
[373.726s][info][gc,start       ] GC(987) Pause Young (Allocation Failure)
[373.760s][info][gc,heap        ] GC(987) PSYoungGen: 125568K(222720K)->22976K(134656K) Eden: 111616K(111616K)->0K(111616K) From: 13952K(111104K)->22976K(23040K)
[373.760s][info][gc,heap        ] GC(987) ParOldGen: 453128K(453632K)->457136K(457216K)
[373.760s][info][gc,metaspace   ] GC(987) Metaspace: 18723K(18816K)->18723K(18816K) NonClass: 16894K(16960K)->16894K(16960K) Class: 1828K(1856K)->1828K(1856K)
[373.760s][info][gc             ] GC(987) Pause Young (Allocation Failure) 565M->468M(578M) 34.127ms
[373.760s][info][gc,cpu         ] GC(987) User=0.06s Sys=0.01s Real=0.03s
[374.131s][info][gc,start       ] GC(988) Pause Young (Allocation Failure)
[374.157s][info][gc,heap        ] GC(988) PSYoungGen: 134592K(134656K)->23040K(226304K) Eden: 111616K(111616K)->0K(115712K) From: 22976K(23040K)->23040K(110592K)
[374.157s][info][gc,heap        ] GC(988) ParOldGen: 457136K(457216K)->457136K(457216K)
[374.157s][info][gc,metaspace   ] GC(988) Metaspace: 18723K(18816K)->18723K(18816K) NonClass: 16894K(16960K)->16894K(16960K) Class: 1828K(1856K)->1828K(1856K)
[374.157s][info][gc             ] GC(988) Pause Young (Allocation Failure) 577M->468M(667M) 25.773ms
[374.157s][info][gc,cpu         ] GC(988) User=0.05s Sys=0.00s Real=0.03s
[374.470s][info][gc,start       ] GC(989) Pause Young (Allocation Failure)
[374.496s][info][gc,heap        ] GC(989) PSYoungGen: 138752K(226304K)->23072K(139264K) Eden: 115712K(115712K)->0K(115712K) From: 23040K(110592K)->23072K(23552K)
[374.496s][info][gc,heap        ] GC(989) ParOldGen: 457136K(457216K)->457136K(457216K)
[374.496s][info][gc,metaspace   ] GC(989) Metaspace: 18723K(18816K)->18723K(18816K) NonClass: 16894K(16960K)->16894K(16960K) Class: 1828K(1856K)->1828K(1856K)
[374.496s][info][gc             ] GC(989) Pause Young (Allocation Failure) 581M->468M(582M) 25.519ms
[374.496s][info][gc,cpu         ] GC(989) User=0.05s Sys=0.00s Real=0.03s
[374.764s][info][gc,start       ] GC(990) Pause Young (Allocation Failure)
[374.790s][info][gc,heap        ] GC(990) PSYoungGen: 138784K(139264K)->23072K(220672K) Eden: 115712K(115712K)->0K(121344K) From: 23072K(23552K)->23072K(99328K)
[374.790s][info][gc,heap        ] GC(990) ParOldGen: 457136K(457216K)->457136K(457216K)
[374.790s][info][gc,metaspace   ] GC(990) Metaspace: 18723K(18816K)->18723K(18816K) NonClass: 16894K(16960K)->16894K(16960K) Class: 1828K(1856K)->1828K(1856K)
[374.790s][info][gc             ] GC(990) Pause Young (Allocation Failure) 581M->468M(662M) 25.757ms
[374.790s][info][gc,cpu         ] GC(990) User=0.06s Sys=0.00s Real=0.03s
[375.151s][info][gc,start       ] GC(991) Pause Young (Allocation Failure)
[375.186s][info][gc,heap        ] GC(991) PSYoungGen: 144416K(220672K)->23104K(219136K) Eden: 121344K(121344K)->0K(121344K) From: 23072K(99328K)->23104K(97792K)
[375.186s][info][gc,heap        ] GC(991) ParOldGen: 457136K(457216K)->457136K(457216K)
[375.186s][info][gc,metaspace   ] GC(991) Metaspace: 18723K(18816K)->18723K(18816K) NonClass: 16894K(16960K)->16894K(16960K) Class: 1828K(1856K)->1828K(1856K)
[375.186s][info][gc             ] GC(991) Pause Young (Allocation Failure) 587M->468M(660M) 34.776ms
[375.186s][info][gc,cpu         ] GC(991) User=0.07s Sys=0.00s Real=0.04s
[375.366s][info][gc,start       ] GC(992) Pause Young (Allocation Failure)
[375.406s][info][gc,heap        ] GC(992) PSYoungGen: 144448K(219136K)->40582K(215552K) Eden: 121344K(121344K)->0K(128512K) From: 23104K(97792K)->40582K(87040K)
[375.406s][info][gc,heap        ] GC(992) ParOldGen: 457136K(457216K)->457136K(457216K)
[375.406s][info][gc,metaspace   ] GC(992) Metaspace: 18724K(18816K)->18724K(18816K) NonClass: 16895K(16960K)->16895K(16960K) Class: 1828K(1856K)->1828K(1856K)
[375.406s][info][gc             ] GC(992) Pause Young (Allocation Failure) 587M->486M(657M) 39.946ms
[375.406s][info][gc,cpu         ] GC(992) User=0.08s Sys=0.00s Real=0.04s
[375.476s][info][gc,start       ] GC(993) Pause Young (Allocation Failure)
[375.552s][info][gc,heap        ] GC(993) PSYoungGen: 169094K(215552K)->86758K(218624K) Eden: 128512K(128512K)->0K(128512K) From: 40582K(87040K)->86758K(90112K)
[375.552s][info][gc,heap        ] GC(993) ParOldGen: 457136K(457216K)->457136K(457216K)
[375.552s][info][gc,metaspace   ] GC(993) Metaspace: 18724K(18816K)->18724K(18816K) NonClass: 16895K(16960K)->16895K(16960K) Class: 1828K(1856K)->1828K(1856K)
[375.552s][info][gc             ] GC(993) Pause Young (Allocation Failure) 611M->531M(660M) 76.070ms
[375.552s][info][gc,cpu         ] GC(993) User=0.15s Sys=0.00s Real=0.07s
[375.759s][info][gc,start       ] GC(994) Pause Young (Allocation Failure)
[375.859s][info][gc,heap        ] GC(994) PSYoungGen: 215270K(218624K)->103238K(215552K) Eden: 128512K(128512K)->0K(111616K) From: 86758K(90112K)->103238K(103936K)
[375.859s][info][gc,heap        ] GC(994) ParOldGen: 457136K(457216K)->457136K(457216K)
[375.859s][info][gc,metaspace   ] GC(994) Metaspace: 18724K(18816K)->18724K(18816K) NonClass: 16895K(16960K)->16895K(16960K) Class: 1828K(1856K)->1828K(1856K)
[375.859s][info][gc             ] GC(994) Pause Young (Allocation Failure) 656M->547M(657M) 100.365ms
[375.860s][info][gc,cpu         ] GC(994) User=0.19s Sys=0.02s Real=0.10s
[375.992s][info][gc,start       ] GC(995) Pause Young (Allocation Failure)
[376.091s][info][gc,heap        ] GC(995) PSYoungGen: 214854K(215552K)->85542K(222720K) Eden: 111616K(111616K)->0K(111616K) From: 103238K(103936K)->85542K(111104K)
[376.091s][info][gc,heap        ] GC(995) ParOldGen: 457136K(457216K)->480125K(480256K)
[376.091s][info][gc,metaspace   ] GC(995) Metaspace: 18724K(18816K)->18724K(18816K) NonClass: 16895K(16960K)->16895K(16960K) Class: 1828K(1856K)->1828K(1856K)
[376.091s][info][gc             ] GC(995) Pause Young (Allocation Failure) 656M->552M(686M) 98.315ms
[376.091s][info][gc,cpu         ] GC(995) User=0.17s Sys=0.02s Real=0.10s
[376.238s][info][gc,start       ] GC(996) Pause Young (Allocation Failure)
[376.341s][info][gc,heap        ] GC(996) PSYoungGen: 197158K(222720K)->111084K(222720K) Eden: 111616K(111616K)->0K(111616K) From: 85542K(111104K)->111084K(111104K)
[376.341s][info][gc,heap        ] GC(996) ParOldGen: 480125K(480256K)->481389K(481792K)
[376.341s][info][gc,metaspace   ] GC(996) Metaspace: 18724K(18816K)->18724K(18816K) NonClass: 16895K(16960K)->16895K(16960K) Class: 1828K(1856K)->1828K(1856K)
[376.341s][info][gc             ] GC(996) Pause Young (Allocation Failure) 661M->578M(688M) 102.756ms
[376.341s][info][gc,cpu         ] GC(996) User=0.20s Sys=0.00s Real=0.10s
[376.432s][info][gc,start       ] GC(997) Pause Young (Allocation Failure)
[376.562s][info][gc,heap        ] GC(997) PSYoungGen: 222700K(222720K)->111094K(222720K) Eden: 111616K(111616K)->0K(111616K) From: 111084K(111104K)->111094K(111104K)
[376.562s][info][gc,heap        ] GC(997) ParOldGen: 481389K(481792K)->499025K(499200K)
[376.562s][info][gc,metaspace   ] GC(997) Metaspace: 18724K(18816K)->18724K(18816K) NonClass: 16895K(16960K)->16895K(16960K) Class: 1828K(1856K)->1828K(1856K)
[376.562s][info][gc             ] GC(997) Pause Young (Allocation Failure) 687M->595M(705M) 130.342ms
[376.562s][info][gc,cpu         ] GC(997) User=0.24s Sys=0.02s Real=0.13s
[376.631s][info][gc,start       ] GC(998) Pause Young (Allocation Failure)
[376.792s][info][gc,heap        ] GC(998) PSYoungGen: 222710K(222720K)->84560K(222720K) Eden: 111616K(111616K)->0K(111616K) From: 111094K(111104K)->84560K(111104K)
[376.792s][info][gc,heap        ] GC(998) ParOldGen: 499025K(499200K)->561284K(561664K)
[376.792s][info][gc,metaspace   ] GC(998) Metaspace: 18724K(18816K)->18724K(18816K) NonClass: 16895K(16960K)->16895K(16960K) Class: 1828K(1856K)->1828K(1856K)
[376.792s][info][gc             ] GC(998) Pause Young (Allocation Failure) 704M->630M(766M) 161.386ms
[376.792s][info][gc,cpu         ] GC(998) User=0.27s Sys=0.04s Real=0.16s
[376.883s][info][gc,start       ] GC(999) Pause Young (Allocation Failure)
[376.996s][info][gc,heap        ] GC(999) PSYoungGen: 196176K(222720K)->85072K(222720K) Eden: 111616K(111616K)->0K(111616K) From: 84560K(111104K)->85072K(111104K)
[376.996s][info][gc,heap        ] GC(999) ParOldGen: 561284K(561664K)->581360K(581632K)
[376.996s][info][gc,metaspace   ] GC(999) Metaspace: 18724K(18816K)->18724K(18816K) NonClass: 16895K(16960K)->16895K(16960K) Class: 1828K(1856K)->1828K(1856K)
[376.996s][info][gc             ] GC(999) Pause Young (Allocation Failure) 739M->650M(785M) 113.205ms
[376.996s][info][gc,cpu         ] GC(999) User=0.22s Sys=0.01s Real=0.12s
[377.065s][info][gc,start       ] GC(1000) Pause Young (Allocation Failure)
[377.163s][info][gc,heap        ] GC(1000) PSYoungGen: 196688K(222720K)->59040K(222720K) Eden: 111616K(111616K)->0K(111616K) From: 85072K(111104K)->59040K(111104K)
[377.163s][info][gc,heap        ] GC(1000) ParOldGen: 581360K(581632K)->611161K(611328K)
[377.163s][info][gc,metaspace   ] GC(1000) Metaspace: 18724K(18816K)->18724K(18816K) NonClass: 16895K(16960K)->16895K(16960K) Class: 1828K(1856K)->1828K(1856K)
[377.163s][info][gc             ] GC(1000) Pause Young (Allocation Failure) 759M->654M(814M) 98.837ms
[377.163s][info][gc,cpu         ] GC(1000) User=0.16s Sys=0.03s Real=0.10s
[377.211s][info][gc,start       ] GC(1001) Pause Full (Allocation Failure)
[377.211s][info][gc,phases,start] GC(1001) Marking Phase
[377.487s][info][gc,phases      ] GC(1001) Marking Phase 275.708ms
[377.487s][info][gc,phases,start] GC(1001) Summary Phase
[377.487s][info][gc,phases      ] GC(1001) Summary Phase 0.048ms
[377.487s][info][gc,phases,start] GC(1001) Forward
[377.556s][info][gc,phases      ] GC(1001) Forward 69.364ms
[377.556s][info][gc,phases,start] GC(1001) Adjust Pointers
[377.776s][info][gc,phases      ] GC(1001) Adjust Pointers 219.817ms
[377.776s][info][gc,phases,start] GC(1001) Compaction Phase
[377.906s][info][gc,phases      ] GC(1001) Compaction Phase 130.131ms
[377.912s][info][gc,phases,start] GC(1001) Post Compact
[377.915s][info][gc,phases      ] GC(1001) Post Compact 2.327ms
[377.915s][info][gc,heap        ] GC(1001) PSYoungGen: 170656K(222720K)->0K(222720K) Eden: 111616K(111616K)->0K(111616K) From: 59040K(111104K)->0K(111104K)
[377.915s][info][gc,heap        ] GC(1001) ParOldGen: 611161K(611328K)->384635K(667648K)
[377.915s][info][gc,metaspace   ] GC(1001) Metaspace: 18724K(18816K)->18724K(18816K) NonClass: 16895K(16960K)->16895K(16960K) Class: 1828K(1856K)->1828K(1856K)
[377.915s][info][gc             ] GC(1001) Pause Full (Allocation Failure) 763M->375M(869M) 704.318ms
[377.915s][info][gc,cpu         ] GC(1001) User=1.36s Sys=0.00s Real=0.71s
[378.002s][info][gc,start       ] GC(1002) Pause Young (Allocation Failure)
[378.019s][info][gc,heap        ] GC(1002) PSYoungGen: 111616K(222720K)->5312K(222720K) Eden: 111616K(111616K)->0K(111616K) From: 0K(111104K)->5312K(111104K)
[378.019s][info][gc,heap        ] GC(1002) ParOldGen: 384635K(667648K)->384635K(667648K)
[378.019s][info][gc,metaspace   ] GC(1002) Metaspace: 18724K(18816K)->18724K(18816K) NonClass: 16895K(16960K)->16895K(16960K) Class: 1828K(1856K)->1828K(1856K)
[378.019s][info][gc             ] GC(1002) Pause Young (Allocation Failure) 484M->380M(869M) 17.055ms
[378.019s][info][gc,cpu         ] GC(1002) User=0.03s Sys=0.00s Real=0.02s
[378.107s][info][gc,start       ] GC(1003) Pause Young (Allocation Failure)
[378.135s][info][gc,heap        ] GC(1003) PSYoungGen: 116928K(222720K)->12416K(222720K) Eden: 111616K(111616K)->0K(111616K) From: 5312K(111104K)->12416K(111104K)
[378.135s][info][gc,heap        ] GC(1003) ParOldGen: 384635K(667648K)->389691K(667648K)
[378.135s][info][gc,metaspace   ] GC(1003) Metaspace: 18724K(18816K)->18724K(18816K) NonClass: 16895K(16960K)->16895K(16960K) Class: 1828K(1856K)->1828K(1856K)
[378.135s][info][gc             ] GC(1003) Pause Young (Allocation Failure) 489M->392M(869M) 28.144ms
[378.135s][info][gc,cpu         ] GC(1003) User=0.05s Sys=0.00s Real=0.03s
[378.224s][info][gc,start       ] GC(1004) Pause Young (Allocation Failure)
[378.254s][info][gc,heap        ] GC(1004) PSYoungGen: 124032K(222720K)->11936K(222720K) Eden: 111616K(111616K)->0K(111616K) From: 12416K(111104K)->11936K(111104K)
[378.254s][info][gc,heap        ] GC(1004) ParOldGen: 389691K(667648K)->402099K(667648K)
[378.254s][info][gc,metaspace   ] GC(1004) Metaspace: 18724K(18816K)->18724K(18816K) NonClass: 16895K(16960K)->16895K(16960K) Class: 1828K(1856K)->1828K(1856K)
[378.254s][info][gc             ] GC(1004) Pause Young (Allocation Failure) 501M->404M(869M) 30.346ms
[378.254s][info][gc,cpu         ] GC(1004) User=0.06s Sys=0.00s Real=0.03s
[378.325s][info][gc,start       ] GC(1005) Pause Young (Allocation Failure)
[378.343s][info][gc,heap        ] GC(1005) PSYoungGen: 123552K(222720K)->1344K(222720K) Eden: 111616K(111616K)->0K(111616K) From: 11936K(111104K)->1344K(111104K)
[378.343s][info][gc,heap        ] GC(1005) ParOldGen: 402099K(667648K)->414027K(667648K)
[378.343s][info][gc,metaspace   ] GC(1005) Metaspace: 18724K(18816K)->18724K(18816K) NonClass: 16895K(16960K)->16895K(16960K) Class: 1828K(1856K)->1828K(1856K)
[378.343s][info][gc             ] GC(1005) Pause Young (Allocation Failure) 513M->405M(869M) 17.368ms
[378.343s][info][gc,cpu         ] GC(1005) User=0.03s Sys=0.00s Real=0.01s
[378.435s][info][gc,start       ] GC(1006) Pause Young (Allocation Failure)
[378.451s][info][gc,heap        ] GC(1006) PSYoungGen: 112960K(222720K)->9568K(222720K) Eden: 111616K(111616K)->0K(111616K) From: 1344K(111104K)->9568K(111104K)
[378.451s][info][gc,heap        ] GC(1006) ParOldGen: 414027K(667648K)->415363K(667648K)
[378.451s][info][gc,metaspace   ] GC(1006) Metaspace: 18724K(18816K)->18724K(18816K) NonClass: 16895K(16960K)->16895K(16960K) Class: 1828K(1856K)->1828K(1856K)
[378.451s][info][gc             ] GC(1006) Pause Young (Allocation Failure) 514M->414M(869M) 15.607ms
[378.451s][info][gc,cpu         ] GC(1006) User=0.03s Sys=0.00s Real=0.01s
[378.550s][info][gc,start       ] GC(1007) Pause Young (Allocation Failure)
[378.580s][info][gc,heap        ] GC(1007) PSYoungGen: 121184K(222720K)->17536K(222720K) Eden: 111616K(111616K)->0K(111616K) From: 9568K(111104K)->17536K(111104K)
[378.580s][info][gc,heap        ] GC(1007) ParOldGen: 415363K(667648K)->424947K(667648K)
[378.580s][info][gc,metaspace   ] GC(1007) Metaspace: 18724K(18816K)->18724K(18816K) NonClass: 16895K(16960K)->16895K(16960K) Class: 1828K(1856K)->1828K(1856K)
[378.580s][info][gc             ] GC(1007) Pause Young (Allocation Failure) 523M->432M(869M) 30.218ms
[378.580s][info][gc,cpu         ] GC(1007) User=0.06s Sys=0.00s Real=0.03s
[378.888s][info][gc,start       ] GC(1008) Pause Young (Allocation Failure)
[378.916s][info][gc,heap        ] GC(1008) PSYoungGen: 129152K(222720K)->6752K(222720K) Eden: 111616K(111616K)->0K(111616K) From: 17536K(111104K)->6752K(111104K)
[378.916s][info][gc,heap        ] GC(1008) ParOldGen: 424947K(667648K)->442496K(667648K)
[378.916s][info][gc,metaspace   ] GC(1008) Metaspace: 18724K(18816K)->18724K(18816K) NonClass: 16895K(16960K)->16895K(16960K) Class: 1828K(1856K)->1828K(1856K)
[378.916s][info][gc             ] GC(1008) Pause Young (Allocation Failure) 541M->438M(869M) 28.172ms
[378.916s][info][gc,cpu         ] GC(1008) User=0.06s Sys=0.00s Real=0.03s
[379.227s][info][gc,start       ] GC(1009) Pause Young (Allocation Failure)
[379.241s][info][gc,heap        ] GC(1009) PSYoungGen: 118368K(222720K)->192K(222720K) Eden: 111616K(111616K)->0K(111616K) From: 6752K(111104K)->192K(111104K)
[379.241s][info][gc,heap        ] GC(1009) ParOldGen: 442496K(667648K)->449232K(667648K)
[379.241s][info][gc,metaspace   ] GC(1009) Metaspace: 18724K(18816K)->18724K(18816K) NonClass: 16895K(16960K)->16895K(16960K) Class: 1828K(1856K)->1828K(1856K)
[379.241s][info][gc             ] GC(1009) Pause Young (Allocation Failure) 547M->438M(869M) 13.688ms
[379.241s][info][gc,cpu         ] GC(1009) User=0.02s Sys=0.00s Real=0.01s
[379.434s][info][gc,start       ] GC(1010) Pause Young (Allocation Failure)
[379.451s][info][gc,heap        ] GC(1010) PSYoungGen: 111808K(222720K)->15808K(222720K) Eden: 111616K(111616K)->0K(111616K) From: 192K(111104K)->15808K(111104K)
[379.451s][info][gc,heap        ] GC(1010) ParOldGen: 449232K(667648K)->449393K(667648K)
[379.451s][info][gc,metaspace   ] GC(1010) Metaspace: 18735K(18816K)->18735K(18816K) NonClass: 16906K(16960K)->16906K(16960K) Class: 1828K(1856K)->1828K(1856K)
[379.451s][info][gc             ] GC(1010) Pause Young (Allocation Failure) 547M->454M(869M) 16.952ms
[379.451s][info][gc,cpu         ] GC(1010) User=0.03s Sys=0.00s Real=0.02s
[379.581s][info][gc,start       ] GC(1011) Pause Young (Allocation Failure)
[379.606s][info][gc,heap        ] GC(1011) PSYoungGen: 127424K(222720K)->8416K(222720K) Eden: 111616K(111616K)->0K(111616K) From: 15808K(111104K)->8416K(111104K)
[379.606s][info][gc,heap        ] GC(1011) ParOldGen: 449393K(667648K)->465265K(667648K)
[379.606s][info][gc,metaspace   ] GC(1011) Metaspace: 18735K(18816K)->18735K(18816K) NonClass: 16906K(16960K)->16906K(16960K) Class: 1828K(1856K)->1828K(1856K)
[379.606s][info][gc             ] GC(1011) Pause Young (Allocation Failure) 563M->462M(869M) 24.916ms
[379.606s][info][gc,cpu         ] GC(1011) User=0.05s Sys=0.00s Real=0.03s
[379.753s][info][gc,start       ] GC(1012) Pause Young (Allocation Failure)
[379.779s][info][gc,heap        ] GC(1012) PSYoungGen: 120032K(222720K)->20560K(222720K) Eden: 111616K(111616K)->0K(111616K) From: 8416K(111104K)->20560K(111104K)
[379.779s][info][gc,heap        ] GC(1012) ParOldGen: 465265K(667648K)->473657K(667648K)
[379.779s][info][gc,metaspace   ] GC(1012) Metaspace: 18739K(18880K)->18739K(18880K) NonClass: 16910K(17024K)->16910K(17024K) Class: 1828K(1856K)->1828K(1856K)
[379.779s][info][gc             ] GC(1012) Pause Young (Allocation Failure) 571M->482M(869M) 26.465ms
[379.779s][info][gc,cpu         ] GC(1012) User=0.05s Sys=0.00s Real=0.03s
[379.841s][info][gc,start       ] GC(1013) Pause Young (Allocation Failure)
[379.884s][info][gc,heap        ] GC(1013) PSYoungGen: 132176K(222720K)->61696K(222720K) Eden: 111616K(111616K)->0K(111616K) From: 20560K(111104K)->61696K(111104K)
[379.885s][info][gc,heap        ] GC(1013) ParOldGen: 473657K(667648K)->473657K(667648K)
[379.885s][info][gc,metaspace   ] GC(1013) Metaspace: 18739K(18880K)->18739K(18880K) NonClass: 16910K(17024K)->16910K(17024K) Class: 1828K(1856K)->1828K(1856K)
[379.885s][info][gc             ] GC(1013) Pause Young (Allocation Failure) 591M->522M(869M) 43.182ms
[379.885s][info][gc,cpu         ] GC(1013) User=0.09s Sys=0.00s Real=0.04s
[380.080s][info][gc,start       ] GC(1014) Pause Young (Allocation Failure)
[380.135s][info][gc,heap        ] GC(1014) PSYoungGen: 173312K(222720K)->17024K(219648K) Eden: 111616K(111616K)->0K(111616K) From: 61696K(111104K)->17024K(108032K)
[380.135s][info][gc,heap        ] GC(1014) ParOldGen: 473657K(667648K)->536089K(667648K)
[380.135s][info][gc,metaspace   ] GC(1014) Metaspace: 18739K(18880K)->18739K(18880K) NonClass: 16910K(17024K)->16910K(17024K) Class: 1828K(1856K)->1828K(1856K)
[380.135s][info][gc             ] GC(1014) Pause Young (Allocation Failure) 631M->540M(866M) 54.459ms
[380.135s][info][gc,cpu         ] GC(1014) User=0.10s Sys=0.00s Real=0.06s
[380.282s][info][gc,start       ] GC(1015) Pause Young (Allocation Failure)
[380.309s][info][gc,heap        ] GC(1015) PSYoungGen: 128640K(219648K)->20200K(132096K) Eden: 111616K(111616K)->0K(111616K) From: 17024K(108032K)->20200K(20480K)
[380.310s][info][gc,heap        ] GC(1015) ParOldGen: 536089K(667648K)->536089K(667648K)
[380.310s][info][gc,metaspace   ] GC(1015) Metaspace: 18739K(18880K)->18739K(18880K) NonClass: 16910K(17024K)->16910K(17024K) Class: 1828K(1856K)->1828K(1856K)
[380.310s][info][gc             ] GC(1015) Pause Young (Allocation Failure) 649M->543M(781M) 27.695ms
[380.310s][info][gc,cpu         ] GC(1015) User=0.05s Sys=0.00s Real=0.03s
[380.460s][info][gc,start       ] GC(1016) Pause Young (Allocation Failure)
[380.525s][info][gc,heap        ] GC(1016) PSYoungGen: 131816K(132096K)->54376K(218112K) Eden: 111616K(111616K)->0K(114688K) From: 20200K(20480K)->54376K(103424K)
[380.526s][info][gc,heap        ] GC(1016) ParOldGen: 536089K(667648K)->536089K(667648K)
[380.526s][info][gc,metaspace   ] GC(1016) Metaspace: 18739K(18880K)->18739K(18880K) NonClass: 16910K(17024K)->16910K(17024K) Class: 1828K(1856K)->1828K(1856K)
[380.526s][info][gc             ] GC(1016) Pause Young (Allocation Failure) 652M->576M(865M) 65.728ms
[380.526s][info][gc,cpu         ] GC(1016) User=0.13s Sys=0.00s Real=0.07s
[380.651s][info][gc,start       ] GC(1017) Pause Young (Allocation Failure)
[380.739s][info][gc,heap        ] GC(1017) PSYoungGen: 169064K(218112K)->76383K(219648K) Eden: 114688K(114688K)->0K(114688K) From: 54376K(103424K)->76383K(104960K)
[380.739s][info][gc,heap        ] GC(1017) ParOldGen: 536089K(667648K)->536089K(667648K)
[380.739s][info][gc,metaspace   ] GC(1017) Metaspace: 18743K(18880K)->18743K(18880K) NonClass: 16914K(17024K)->16914K(17024K) Class: 1828K(1856K)->1828K(1856K)
[380.739s][info][gc             ] GC(1017) Pause Young (Allocation Failure) 688M->598M(866M) 88.289ms
[380.739s][info][gc,cpu         ] GC(1017) User=0.17s Sys=0.00s Real=0.09s
[380.860s][info][gc,start       ] GC(1018) Pause Young (Allocation Failure)
[380.953s][info][gc,heap        ] GC(1018) PSYoungGen: 191071K(219648K)->60512K(222720K) Eden: 114688K(114688K)->0K(111616K) From: 76383K(104960K)->60512K(111104K)
[380.953s][info][gc,heap        ] GC(1018) ParOldGen: 536089K(667648K)->556376K(667648K)
[380.953s][info][gc,metaspace   ] GC(1018) Metaspace: 18743K(18880K)->18743K(18880K) NonClass: 16914K(17024K)->16914K(17024K) Class: 1828K(1856K)->1828K(1856K)
[380.953s][info][gc             ] GC(1018) Pause Young (Allocation Failure) 710M->602M(869M) 93.815ms
[380.953s][info][gc,cpu         ] GC(1018) User=0.19s Sys=0.00s Real=0.09s
[381.060s][info][gc,start       ] GC(1019) Pause Young (Allocation Failure)
[381.143s][info][gc,heap        ] GC(1019) PSYoungGen: 172128K(222720K)->4896K(222720K) Eden: 111616K(111616K)->0K(111616K) From: 60512K(111104K)->4896K(111104K)
[381.143s][info][gc,heap        ] GC(1019) ParOldGen: 556376K(667648K)->612808K(667648K)
[381.143s][info][gc,metaspace   ] GC(1019) Metaspace: 18743K(18880K)->18743K(18880K) NonClass: 16914K(17024K)->16914K(17024K) Class: 1828K(1856K)->1828K(1856K)
[381.143s][info][gc             ] GC(1019) Pause Young (Allocation Failure) 711M->603M(869M) 82.575ms
[381.143s][info][gc,cpu         ] GC(1019) User=0.16s Sys=0.00s Real=0.08s
[381.295s][info][gc,start       ] GC(1020) Pause Full (Allocation Failure)
[381.295s][info][gc,phases,start] GC(1020) Marking Phase
[381.585s][info][gc,phases      ] GC(1020) Marking Phase 290.313ms
[381.585s][info][gc,phases,start] GC(1020) Summary Phase
[381.585s][info][gc,phases      ] GC(1020) Summary Phase 0.028ms
[381.585s][info][gc,phases,start] GC(1020) Forward
[381.667s][info][gc,phases      ] GC(1020) Forward 81.752ms
[381.667s][info][gc,phases,start] GC(1020) Adjust Pointers
[381.881s][info][gc,phases      ] GC(1020) Adjust Pointers 214.295ms
[381.882s][info][gc,phases,start] GC(1020) Compaction Phase
[382.008s][info][gc,phases      ] GC(1020) Compaction Phase 126.276ms
[382.015s][info][gc,phases,start] GC(1020) Post Compact
[382.017s][info][gc,phases      ] GC(1020) Post Compact 2.223ms
[382.017s][info][gc,heap        ] GC(1020) PSYoungGen: 116512K(222720K)->0K(222720K) Eden: 111616K(111616K)->0K(111616K) From: 4896K(111104K)->0K(111104K)
[382.017s][info][gc,heap        ] GC(1020) ParOldGen: 612808K(667648K)->377339K(667648K)
[382.017s][info][gc,metaspace   ] GC(1020) Metaspace: 18743K(18880K)->18743K(18880K) NonClass: 16914K(17024K)->16914K(17024K) Class: 1828K(1856K)->1828K(1856K)
[382.017s][info][gc             ] GC(1020) Pause Full (Allocation Failure) 712M->368M(869M) 722.139ms
[382.017s][info][gc,cpu         ] GC(1020) User=1.37s Sys=0.00s Real=0.72s
[382.132s][info][gc,start       ] GC(1021) Pause Young (Allocation Failure)
[382.142s][info][gc,heap        ] GC(1021) PSYoungGen: 111616K(222720K)->7456K(119296K) Eden: 111616K(111616K)->0K(111616K) From: 0K(111104K)->7456K(7680K)
[382.142s][info][gc,heap        ] GC(1021) ParOldGen: 377339K(667648K)->377339K(667648K)
[382.142s][info][gc,metaspace   ] GC(1021) Metaspace: 18743K(18880K)->18743K(18880K) NonClass: 16914K(17024K)->16914K(17024K) Class: 1828K(1856K)->1828K(1856K)
[382.142s][info][gc             ] GC(1021) Pause Young (Allocation Failure) 477M->375M(768M) 9.755ms
[382.142s][info][gc,cpu         ] GC(1021) User=0.02s Sys=0.00s Real=0.01s
[382.274s][info][gc,start       ] GC(1022) Pause Young (Allocation Failure)
[382.300s][info][gc,heap        ] GC(1022) PSYoungGen: 119072K(119296K)->27426K(225280K) Eden: 111616K(111616K)->0K(118784K) From: 7456K(7680K)->27426K(106496K)
[382.301s][info][gc,heap        ] GC(1022) ParOldGen: 377339K(667648K)->377339K(667648K)
[382.301s][info][gc,metaspace   ] GC(1022) Metaspace: 18749K(18944K)->18749K(18944K) NonClass: 16920K(17088K)->16920K(17088K) Class: 1828K(1856K)->1828K(1856K)
[382.301s][info][gc             ] GC(1022) Pause Young (Allocation Failure) 484M->395M(872M) 26.915ms
[382.301s][info][gc,cpu         ] GC(1022) User=0.05s Sys=0.00s Real=0.03s
[382.369s][info][gc,start       ] GC(1023) Pause Young (Allocation Failure)
[382.427s][info][gc,heap        ] GC(1023) PSYoungGen: 146210K(225280K)->71410K(222208K) Eden: 118784K(118784K)->0K(118784K) From: 27426K(106496K)->71410K(103424K)
[382.427s][info][gc,heap        ] GC(1023) ParOldGen: 377339K(667648K)->377339K(667648K)
[382.427s][info][gc,metaspace   ] GC(1023) Metaspace: 18749K(18944K)->18749K(18944K) NonClass: 16920K(17088K)->16920K(17088K) Class: 1828K(1856K)->1828K(1856K)
[382.427s][info][gc             ] GC(1023) Pause Young (Allocation Failure) 511M->438M(869M) 58.306ms
[382.427s][info][gc,cpu         ] GC(1023) User=0.12s Sys=0.00s Real=0.06s
[382.517s][info][gc,start       ] GC(1024) Pause Young (Allocation Failure)
[382.604s][info][gc,heap        ] GC(1024) PSYoungGen: 190194K(222208K)->104034K(222720K) Eden: 118784K(118784K)->0K(111616K) From: 71410K(103424K)->104034K(111104K)
[382.604s][info][gc,heap        ] GC(1024) ParOldGen: 377339K(667648K)->384787K(667648K)
[382.604s][info][gc,metaspace   ] GC(1024) Metaspace: 18749K(18944K)->18749K(18944K) NonClass: 16920K(17088K)->16920K(17088K) Class: 1828K(1856K)->1828K(1856K)
[382.604s][info][gc             ] GC(1024) Pause Young (Allocation Failure) 554M->477M(869M) 87.614ms
[382.604s][info][gc,cpu         ] GC(1024) User=0.17s Sys=0.01s Real=0.08s
[382.753s][info][gc,start       ] GC(1025) Pause Young (Allocation Failure)
[382.837s][info][gc,heap        ] GC(1025) PSYoungGen: 215650K(222720K)->44304K(222720K) Eden: 111616K(111616K)->0K(111616K) From: 104034K(111104K)->44304K(111104K)
[382.838s][info][gc,heap        ] GC(1025) ParOldGen: 384787K(667648K)->449449K(667648K)
[382.838s][info][gc,metaspace   ] GC(1025) Metaspace: 18749K(18944K)->18749K(18944K) NonClass: 16920K(17088K)->16920K(17088K) Class: 1828K(1856K)->1828K(1856K)
[382.838s][info][gc             ] GC(1025) Pause Young (Allocation Failure) 586M->482M(869M) 84.451ms
[382.838s][info][gc,cpu         ] GC(1025) User=0.17s Sys=0.00s Real=0.09s
[383.062s][info][gc,start       ] GC(1026) Pause Young (Allocation Failure)
[383.155s][info][gc,heap        ] GC(1026) PSYoungGen: 155920K(222720K)->34432K(222720K) Eden: 111616K(111616K)->0K(111616K) From: 44304K(111104K)->34432K(111104K)
[383.155s][info][gc,heap        ] GC(1026) ParOldGen: 449449K(667648K)->494065K(667648K)
[383.155s][info][gc,metaspace   ] GC(1026) Metaspace: 18749K(18944K)->18749K(18944K) NonClass: 16920K(17088K)->16920K(17088K) Class: 1828K(1856K)->1828K(1856K)
[383.155s][info][gc             ] GC(1026) Pause Young (Allocation Failure) 591M->516M(869M) 93.497ms
[383.155s][info][gc,cpu         ] GC(1026) User=0.18s Sys=0.00s Real=0.10s
[383.295s][info][gc,start       ] GC(1027) Pause Young (Allocation Failure)
[383.362s][info][gc,heap        ] GC(1027) PSYoungGen: 146048K(222720K)->16320K(222720K) Eden: 111616K(111616K)->0K(111616K) From: 34432K(111104K)->16320K(111104K)
[383.363s][info][gc,heap        ] GC(1027) ParOldGen: 494065K(667648K)->528593K(667648K)
[383.363s][info][gc,metaspace   ] GC(1027) Metaspace: 18749K(18944K)->18749K(18944K) NonClass: 16920K(17088K)->16920K(17088K) Class: 1828K(1856K)->1828K(1856K)
[383.363s][info][gc             ] GC(1027) Pause Young (Allocation Failure) 625M->532M(869M) 67.470ms
[383.363s][info][gc,cpu         ] GC(1027) User=0.13s Sys=0.00s Real=0.06s
[383.482s][info][gc,start       ] GC(1028) Pause Young (Allocation Failure)
[383.514s][info][gc,heap        ] GC(1028) PSYoungGen: 127936K(222720K)->11680K(218624K) Eden: 111616K(111616K)->0K(111616K) From: 16320K(111104K)->11680K(107008K)
[383.514s][info][gc,heap        ] GC(1028) ParOldGen: 528593K(667648K)->544729K(667648K)
[383.514s][info][gc,metaspace   ] GC(1028) Metaspace: 18749K(18944K)->18749K(18944K) NonClass: 16920K(17088K)->16920K(17088K) Class: 1828K(1856K)->1828K(1856K)
[383.514s][info][gc             ] GC(1028) Pause Young (Allocation Failure) 641M->543M(865M) 32.081ms
[383.514s][info][gc,cpu         ] GC(1028) User=0.06s Sys=0.00s Real=0.03s
[383.611s][info][gc,start       ] GC(1029) Pause Young (Allocation Failure)
[383.628s][info][gc,heap        ] GC(1029) PSYoungGen: 123296K(218624K)->736K(220672K) Eden: 111616K(111616K)->0K(111616K) From: 11680K(107008K)->736K(109056K)
[383.628s][info][gc,heap        ] GC(1029) ParOldGen: 544729K(667648K)->556425K(667648K)
[383.628s][info][gc,metaspace   ] GC(1029) Metaspace: 18749K(18944K)->18749K(18944K) NonClass: 16920K(17088K)->16920K(17088K) Class: 1828K(1856K)->1828K(1856K)
[383.628s][info][gc             ] GC(1029) Pause Young (Allocation Failure) 652M->544M(867M) 16.607ms
[383.628s][info][gc,cpu         ] GC(1029) User=0.04s Sys=0.00s Real=0.02s
[383.760s][info][gc,start       ] GC(1030) Pause Young (Allocation Failure)
[383.767s][info][gc,heap        ] GC(1030) PSYoungGen: 112352K(220672K)->896K(219648K) Eden: 111616K(111616K)->0K(116736K) From: 736K(109056K)->896K(102912K)
[383.767s][info][gc,heap        ] GC(1030) ParOldGen: 556425K(667648K)->556425K(667648K)
[383.767s][info][gc,metaspace   ] GC(1030) Metaspace: 18749K(18944K)->18749K(18944K) NonClass: 16920K(17088K)->16920K(17088K) Class: 1828K(1856K)->1828K(1856K)
[383.767s][info][gc             ] GC(1030) Pause Young (Allocation Failure) 653M->544M(866M) 7.340ms
[383.767s][info][gc,cpu         ] GC(1030) User=0.01s Sys=0.00s Real=0.01s
[383.907s][info][gc,start       ] GC(1031) Pause Young (Allocation Failure)
[383.917s][info][gc,heap        ] GC(1031) PSYoungGen: 117632K(219648K)->5056K(222720K) Eden: 116736K(116736K)->0K(116736K) From: 896K(102912K)->5056K(105984K)
[383.917s][info][gc,heap        ] GC(1031) ParOldGen: 556425K(667648K)->556425K(667648K)
[383.917s][info][gc,metaspace   ] GC(1031) Metaspace: 18749K(18944K)->18749K(18944K) NonClass: 16920K(17088K)->16920K(17088K) Class: 1828K(1856K)->1828K(1856K)
[383.917s][info][gc             ] GC(1031) Pause Young (Allocation Failure) 658M->548M(869M) 9.662ms
[383.917s][info][gc,cpu         ] GC(1031) User=0.02s Sys=0.00s Real=0.01s
[384.109s][info][gc,start       ] GC(1032) Pause Young (Allocation Failure)
[384.129s][info][gc,heap        ] GC(1032) PSYoungGen: 121792K(222720K)->15488K(216576K) Eden: 116736K(116736K)->0K(124928K) From: 5056K(105984K)->15488K(91648K)
[384.129s][info][gc,heap        ] GC(1032) ParOldGen: 556425K(667648K)->556425K(667648K)
[384.129s][info][gc,metaspace   ] GC(1032) Metaspace: 18749K(18944K)->18749K(18944K) NonClass: 16920K(17088K)->16920K(17088K) Class: 1828K(1856K)->1828K(1856K)
[384.129s][info][gc             ] GC(1032) Pause Young (Allocation Failure) 662M->558M(863M) 20.074ms
[384.129s][info][gc,cpu         ] GC(1032) User=0.04s Sys=0.00s Real=0.02s
[384.324s][info][gc,start       ] GC(1033) Pause Young (Allocation Failure)
[384.364s][info][gc,heap        ] GC(1033) PSYoungGen: 140416K(216576K)->33664K(222208K) Eden: 124928K(124928K)->0K(124928K) From: 15488K(91648K)->33664K(97280K)
[384.364s][info][gc,heap        ] GC(1033) ParOldGen: 556425K(667648K)->556425K(667648K)
[384.364s][info][gc,metaspace   ] GC(1033) Metaspace: 18749K(18944K)->18749K(18944K) NonClass: 16920K(17088K)->16920K(17088K) Class: 1828K(1856K)->1828K(1856K)
[384.364s][info][gc             ] GC(1033) Pause Young (Allocation Failure) 680M->576M(869M) 39.292ms
[384.364s][info][gc,cpu         ] GC(1033) User=0.08s Sys=0.00s Real=0.04s
[384.778s][info][gc,start       ] GC(1034) Pause Young (Allocation Failure)
[384.816s][info][gc,heap        ] GC(1034) PSYoungGen: 158592K(222208K)->33904K(218112K) Eden: 124928K(124928K)->0K(133120K) From: 33664K(97280K)->33904K(84992K)
[384.816s][info][gc,heap        ] GC(1034) ParOldGen: 556425K(667648K)->556425K(667648K)
[384.816s][info][gc,metaspace   ] GC(1034) Metaspace: 18749K(18944K)->18749K(18944K) NonClass: 16920K(17088K)->16920K(17088K) Class: 1828K(1856K)->1828K(1856K)
[384.816s][info][gc             ] GC(1034) Pause Young (Allocation Failure) 698M->576M(865M) 37.917ms
[384.816s][info][gc,cpu         ] GC(1034) User=0.08s Sys=0.00s Real=0.04s
[385.164s][info][gc,start       ] GC(1035) Pause Young (Allocation Failure)
[385.201s][info][gc,heap        ] GC(1035) PSYoungGen: 167024K(218112K)->33712K(222208K) Eden: 133120K(133120K)->0K(133120K) From: 33904K(84992K)->33712K(89088K)
[385.201s][info][gc,heap        ] GC(1035) ParOldGen: 556425K(667648K)->556425K(667648K)
[385.201s][info][gc,metaspace   ] GC(1035) Metaspace: 18749K(18944K)->18749K(18944K) NonClass: 16920K(17088K)->16920K(17088K) Class: 1828K(1856K)->1828K(1856K)
[385.201s][info][gc             ] GC(1035) Pause Young (Allocation Failure) 706M->576M(869M) 36.899ms
[385.201s][info][gc,cpu         ] GC(1035) User=0.07s Sys=0.00s Real=0.04s
[385.550s][info][gc,start       ] GC(1036) Pause Young (Allocation Failure)
[385.587s][info][gc,heap        ] GC(1036) PSYoungGen: 166832K(222208K)->33712K(218112K) Eden: 133120K(133120K)->0K(140800K) From: 33712K(89088K)->33712K(77312K)
[385.588s][info][gc,heap        ] GC(1036) ParOldGen: 556425K(667648K)->556425K(667648K)
[385.588s][info][gc,metaspace   ] GC(1036) Metaspace: 18749K(18944K)->18749K(18944K) NonClass: 16920K(17088K)->16920K(17088K) Class: 1828K(1856K)->1828K(1856K)
[385.588s][info][gc             ] GC(1036) Pause Young (Allocation Failure) 706M->576M(865M) 37.762ms
[385.588s][info][gc,cpu         ] GC(1036) User=0.08s Sys=0.00s Real=0.04s
[385.928s][info][gc,start       ] GC(1037) Pause Young (Allocation Failure)
[385.972s][info][gc,heap        ] GC(1037) PSYoungGen: 174512K(218112K)->33696K(222208K) Eden: 140800K(140800K)->0K(140800K) From: 33712K(77312K)->33696K(81408K)
[385.972s][info][gc,heap        ] GC(1037) ParOldGen: 556425K(667648K)->556425K(667648K)
[385.972s][info][gc,metaspace   ] GC(1037) Metaspace: 18749K(18944K)->18749K(18944K) NonClass: 16920K(17088K)->16920K(17088K) Class: 1828K(1856K)->1828K(1856K)
[385.972s][info][gc             ] GC(1037) Pause Young (Allocation Failure) 713M->576M(869M) 44.785ms
[385.972s][info][gc,cpu         ] GC(1037) User=0.09s Sys=0.00s Real=0.04s
[386.321s][info][gc,start       ] GC(1038) Pause Young (Allocation Failure)
[386.361s][info][gc,heap        ] GC(1038) PSYoungGen: 174496K(222208K)->34080K(220672K) Eden: 140800K(140800K)->0K(148992K) From: 33696K(81408K)->34080K(71680K)
[386.362s][info][gc,heap        ] GC(1038) ParOldGen: 556425K(667648K)->556425K(667648K)
[386.362s][info][gc,metaspace   ] GC(1038) Metaspace: 18749K(18944K)->18749K(18944K) NonClass: 16920K(17088K)->16920K(17088K) Class: 1828K(1856K)->1828K(1856K)
[386.362s][info][gc             ] GC(1038) Pause Young (Allocation Failure) 713M->576M(867M) 40.129ms
[386.362s][info][gc,cpu         ] GC(1038) User=0.08s Sys=0.00s Real=0.04s
[386.508s][info][gc,start       ] GC(1039) Pause Young (Allocation Failure)
[386.581s][info][gc,heap        ] GC(1039) PSYoungGen: 183072K(220672K)->74736K(223744K) Eden: 148992K(148992K)->0K(148992K) From: 34080K(71680K)->74736K(74752K)
[386.581s][info][gc,heap        ] GC(1039) ParOldGen: 556425K(667648K)->565265K(667648K)
[386.581s][info][gc,metaspace   ] GC(1039) Metaspace: 18749K(18944K)->18749K(18944K) NonClass: 16920K(17088K)->16920K(17088K) Class: 1828K(1856K)->1828K(1856K)
[386.581s][info][gc             ] GC(1039) Pause Young (Allocation Failure) 722M->625M(870M) 73.639ms
[386.581s][info][gc,cpu         ] GC(1039) User=0.14s Sys=0.00s Real=0.07s
[386.810s][info][gc,start       ] GC(1040) Pause Young (Allocation Failure)
[386.915s][info][gc,heap        ] GC(1040) PSYoungGen: 223728K(223744K)->90096K(202752K) Eden: 148992K(148992K)->0K(112640K) From: 74736K(74752K)->90096K(90112K)
[386.915s][info][gc,heap        ] GC(1040) ParOldGen: 565265K(667648K)->579289K(667648K)
[386.915s][info][gc,metaspace   ] GC(1040) Metaspace: 18749K(18944K)->18749K(18944K) NonClass: 16920K(17088K)->16920K(17088K) Class: 1828K(1856K)->1828K(1856K)
[386.915s][info][gc             ] GC(1040) Pause Young (Allocation Failure) 770M->653M(850M) 104.706ms
[386.915s][info][gc,cpu         ] GC(1040) User=0.18s Sys=0.02s Real=0.11s
[387.074s][info][gc,start       ] GC(1041) Pause Young (Allocation Failure)
[387.168s][info][gc,heap        ] GC(1041) PSYoungGen: 202736K(202752K)->84816K(197632K) Eden: 112640K(112640K)->0K(112640K) From: 90096K(90112K)->84816K(84992K)
[387.168s][info][gc,heap        ] GC(1041) ParOldGen: 579289K(667648K)->593881K(667648K)
[387.168s][info][gc,metaspace   ] GC(1041) Metaspace: 18749K(18944K)->18749K(18944K) NonClass: 16920K(17088K)->16920K(17088K) Class: 1828K(1856K)->1828K(1856K)
[387.168s][info][gc             ] GC(1041) Pause Young (Allocation Failure) 763M->662M(845M) 93.923ms
[387.168s][info][gc,cpu         ] GC(1041) User=0.19s Sys=0.00s Real=0.10s
[387.319s][info][gc,start       ] GC(1042) Pause Young (Allocation Failure)
[387.435s][info][gc,heap        ] GC(1042) PSYoungGen: 197456K(197632K)->95936K(222720K) Eden: 112640K(112640K)->0K(111616K) From: 84816K(84992K)->95936K(111104K)
[387.435s][info][gc,heap        ] GC(1042) ParOldGen: 593881K(667648K)->612178K(667648K)
[387.435s][info][gc,metaspace   ] GC(1042) Metaspace: 18749K(18944K)->18749K(18944K) NonClass: 16920K(17088K)->16920K(17088K) Class: 1828K(1856K)->1828K(1856K)
[387.435s][info][gc             ] GC(1042) Pause Young (Allocation Failure) 772M->691M(869M) 115.754ms
[387.435s][info][gc,cpu         ] GC(1042) User=0.23s Sys=0.00s Real=0.11s
[387.565s][info][gc,start       ] GC(1043) Pause Young (Allocation Failure)
[387.690s][info][gc,heap        ] GC(1043) PSYoungGen: 207552K(222720K)->111088K(222720K) Eden: 111616K(111616K)->0K(111616K) From: 95936K(111104K)->111088K(111104K)
[387.690s][info][gc,heap        ] GC(1043) ParOldGen: 612178K(667648K)->618146K(667648K)
[387.690s][info][gc,metaspace   ] GC(1043) Metaspace: 18749K(18944K)->18749K(18944K) NonClass: 16920K(17088K)->16920K(17088K) Class: 1828K(1856K)->1828K(1856K)
[387.690s][info][gc             ] GC(1043) Pause Young (Allocation Failure) 800M->712M(869M) 125.096ms
[387.690s][info][gc,cpu         ] GC(1043) User=0.24s Sys=0.01s Real=0.12s
[387.794s][info][gc,start       ] GC(1044) Pause Young (Allocation Failure)
[387.925s][info][gc,heap        ] GC(1044) PSYoungGen: 222704K(222720K)->111088K(222720K) Eden: 111616K(111616K)->0K(111616K) From: 111088K(111104K)->111088K(111104K)
[387.925s][info][gc,heap        ] GC(1044) ParOldGen: 618146K(667648K)->622002K(667648K)
[387.925s][info][gc,metaspace   ] GC(1044) Metaspace: 18749K(18944K)->18749K(18944K) NonClass: 16920K(17088K)->16920K(17088K) Class: 1828K(1856K)->1828K(1856K)
[387.925s][info][gc             ] GC(1044) Pause Young (Allocation Failure) 821M->715M(869M) 130.283ms
[387.925s][info][gc,cpu         ] GC(1044) User=0.25s Sys=0.01s Real=0.14s
[388.039s][info][gc,start       ] GC(1045) Pause Young (Allocation Failure)
[388.186s][info][gc,promotion   ] GC(1045) Promotion failed
[388.186s][info][gc,heap        ] GC(1045) PSYoungGen: 222704K(222720K)->222704K(222720K) Eden: 111616K(111616K)->111616K(111616K) From: 111088K(111104K)->111088K(111104K)
[388.186s][info][gc,heap        ] GC(1045) ParOldGen: 622002K(667648K)->667647K(667648K)
[388.187s][info][gc,metaspace   ] GC(1045) Metaspace: 18749K(18944K)->18749K(18944K) NonClass: 16920K(17088K)->16920K(17088K) Class: 1828K(1856K)->1828K(1856K)
[388.187s][info][gc             ] GC(1045) Pause Young (Allocation Failure) 824M->869M(869M) 147.425ms
[388.187s][info][gc,cpu         ] GC(1045) User=0.25s Sys=0.03s Real=0.15s
[388.187s][info][gc,start       ] GC(1046) Pause Full (Allocation Failure)
[388.187s][info][gc,phases,start] GC(1046) Marking Phase
[388.718s][info][gc,phases      ] GC(1046) Marking Phase 531.278ms
[388.718s][info][gc,phases,start] GC(1046) Summary Phase
[388.718s][info][gc,phases      ] GC(1046) Summary Phase 0.032ms
[388.718s][info][gc,phases,start] GC(1046) Forward
[388.862s][info][gc,phases      ] GC(1046) Forward 143.924ms
[388.862s][info][gc,phases,start] GC(1046) Adjust Pointers
[389.281s][info][gc,phases      ] GC(1046) Adjust Pointers 419.265ms
[389.281s][info][gc,phases,start] GC(1046) Compaction Phase
[389.529s][info][gc,phases      ] GC(1046) Compaction Phase 247.286ms
[389.541s][info][gc,phases,start] GC(1046) Post Compact
[389.543s][info][gc,phases      ] GC(1046) Post Compact 2.746ms
[389.543s][info][gc,heap        ] GC(1046) PSYoungGen: 222704K(222720K)->9545K(222720K) Eden: 111616K(111616K)->0K(111616K) From: 111088K(111104K)->9545K(111104K)
[389.543s][info][gc,heap        ] GC(1046) ParOldGen: 667647K(667648K)->667365K(667648K)
[389.543s][info][gc,metaspace   ] GC(1046) Metaspace: 18749K(18944K)->18749K(18944K) NonClass: 16920K(17088K)->16920K(17088K) Class: 1828K(1856K)->1828K(1856K)
[389.543s][info][gc             ] GC(1046) Pause Full (Allocation Failure) 869M->661M(869M) 1356.770ms
[389.543s][info][gc,cpu         ] GC(1046) User=2.63s Sys=0.01s Real=1.35s
[389.662s][info][gc,start       ] GC(1047) Pause Full (Allocation Failure)
[389.662s][info][gc,phases,start] GC(1047) Marking Phase
[390.071s][info][gc,phases      ] GC(1047) Marking Phase 408.400ms
[390.071s][info][gc,phases,start] GC(1047) Summary Phase
[390.071s][info][gc,phases      ] GC(1047) Summary Phase 0.028ms
[390.071s][info][gc,phases,start] GC(1047) Forward
[390.187s][info][gc,phases      ] GC(1047) Forward 116.623ms
[390.187s][info][gc,phases,start] GC(1047) Adjust Pointers
[390.499s][info][gc,phases      ] GC(1047) Adjust Pointers 311.318ms
[390.499s][info][gc,phases,start] GC(1047) Compaction Phase
[390.665s][info][gc,phases      ] GC(1047) Compaction Phase 166.443ms
[390.676s][info][gc,phases,start] GC(1047) Post Compact
[390.679s][info][gc,phases      ] GC(1047) Post Compact 2.374ms
[390.679s][info][gc,heap        ] GC(1047) PSYoungGen: 121161K(222720K)->0K(222720K) Eden: 111616K(111616K)->0K(111616K) From: 9545K(111104K)->0K(111104K)
[390.679s][info][gc,heap        ] GC(1047) ParOldGen: 667365K(667648K)->545880K(667648K)
[390.679s][info][gc,metaspace   ] GC(1047) Metaspace: 18749K(18944K)->18749K(18944K) NonClass: 16920K(17088K)->16920K(17088K) Class: 1828K(1856K)->1828K(1856K)
[390.679s][info][gc             ] GC(1047) Pause Full (Allocation Failure) 770M->533M(869M) 1016.678ms
[390.679s][info][gc,cpu         ] GC(1047) User=1.94s Sys=0.00s Real=1.02s
[390.810s][info][gc,start       ] GC(1048) Pause Young (Allocation Failure)
[390.816s][info][gc,heap        ] GC(1048) PSYoungGen: 111616K(222720K)->3104K(222720K) Eden: 111616K(111616K)->0K(111616K) From: 0K(111104K)->3104K(111104K)
[390.816s][info][gc,heap        ] GC(1048) ParOldGen: 545880K(667648K)->545880K(667648K)
[390.816s][info][gc,metaspace   ] GC(1048) Metaspace: 18749K(18944K)->18749K(18944K) NonClass: 16920K(17088K)->16920K(17088K) Class: 1828K(1856K)->1828K(1856K)
[390.816s][info][gc             ] GC(1048) Pause Young (Allocation Failure) 642M->536M(869M) 6.194ms
[390.816s][info][gc,cpu         ] GC(1048) User=0.01s Sys=0.00s Real=0.01s
[390.953s][info][gc,start       ] GC(1049) Pause Young (Allocation Failure)
[390.970s][info][gc,heap        ] GC(1049) PSYoungGen: 114720K(222720K)->13659K(222720K) Eden: 111616K(111616K)->0K(111616K) From: 3104K(111104K)->13659K(111104K)
[390.970s][info][gc,heap        ] GC(1049) ParOldGen: 545880K(667648K)->545880K(667648K)
[390.970s][info][gc,metaspace   ] GC(1049) Metaspace: 18749K(18944K)->18749K(18944K) NonClass: 16920K(17088K)->16920K(17088K) Class: 1828K(1856K)->1828K(1856K)
[390.970s][info][gc             ] GC(1049) Pause Young (Allocation Failure) 645M->546M(869M) 16.967ms
[390.970s][info][gc,cpu         ] GC(1049) User=0.03s Sys=0.00s Real=0.02s
[391.109s][info][gc,start       ] GC(1050) Pause Young (Allocation Failure)
[391.150s][info][gc,heap        ] GC(1050) PSYoungGen: 125275K(222720K)->39467K(222720K) Eden: 111616K(111616K)->0K(111616K) From: 13659K(111104K)->39467K(111104K)
[391.150s][info][gc,heap        ] GC(1050) ParOldGen: 545880K(667648K)->545880K(667648K)
[391.150s][info][gc,metaspace   ] GC(1050) Metaspace: 18749K(18944K)->18749K(18944K) NonClass: 16920K(17088K)->16920K(17088K) Class: 1828K(1856K)->1828K(1856K)
[391.150s][info][gc             ] GC(1050) Pause Young (Allocation Failure) 655M->571M(869M) 41.321ms
[391.150s][info][gc,cpu         ] GC(1050) User=0.08s Sys=0.00s Real=0.04s
[391.288s][info][gc,start       ] GC(1051) Pause Young (Allocation Failure)
[391.342s][info][gc,heap        ] GC(1051) PSYoungGen: 151083K(222720K)->37056K(222720K) Eden: 111616K(111616K)->0K(111616K) From: 39467K(111104K)->37056K(111104K)
[391.342s][info][gc,heap        ] GC(1051) ParOldGen: 545880K(667648K)->559556K(667648K)
[391.342s][info][gc,metaspace   ] GC(1051) Metaspace: 18749K(18944K)->18749K(18944K) NonClass: 16920K(17088K)->16920K(17088K) Class: 1828K(1856K)->1828K(1856K)
[391.342s][info][gc             ] GC(1051) Pause Young (Allocation Failure) 680M->582M(869M) 54.107ms
[391.342s][info][gc,cpu         ] GC(1051) User=0.11s Sys=0.00s Real=0.05s
[391.485s][info][gc,start       ] GC(1052) Pause Young (Allocation Failure)
[391.524s][info][gc,heap        ] GC(1052) PSYoungGen: 148672K(222720K)->16496K(222720K) Eden: 111616K(111616K)->0K(111616K) From: 37056K(111104K)->16496K(111104K)
[391.524s][info][gc,heap        ] GC(1052) ParOldGen: 559556K(667648K)->582757K(667648K)
[391.524s][info][gc,metaspace   ] GC(1052) Metaspace: 18751K(18944K)->18751K(18944K) NonClass: 16922K(17088K)->16922K(17088K) Class: 1828K(1856K)->1828K(1856K)
[391.524s][info][gc             ] GC(1052) Pause Young (Allocation Failure) 691M->585M(869M) 39.357ms
[391.524s][info][gc,cpu         ] GC(1052) User=0.08s Sys=0.00s Real=0.03s
[391.689s][info][gc,start       ] GC(1053) Pause Young (Allocation Failure)
[391.718s][info][gc,heap        ] GC(1053) PSYoungGen: 128112K(222720K)->18016K(222720K) Eden: 111616K(111616K)->0K(111616K) From: 16496K(111104K)->18016K(111104K)
[391.718s][info][gc,heap        ] GC(1053) ParOldGen: 582757K(667648K)->593021K(667648K)
[391.718s][info][gc,metaspace   ] GC(1053) Metaspace: 18751K(18944K)->18751K(18944K) NonClass: 16922K(17088K)->16922K(17088K) Class: 1828K(1856K)->1828K(1856K)
[391.718s][info][gc             ] GC(1053) Pause Young (Allocation Failure) 694M->596M(869M) 29.243ms
[391.718s][info][gc,cpu         ] GC(1053) User=0.06s Sys=0.00s Real=0.03s
[391.845s][info][gc,start       ] GC(1054) Pause Young (Allocation Failure)
[391.874s][info][gc,heap        ] GC(1054) PSYoungGen: 129632K(222720K)->7776K(222720K) Eden: 111616K(111616K)->0K(111616K) From: 18016K(111104K)->7776K(111104K)
[391.874s][info][gc,heap        ] GC(1054) ParOldGen: 593021K(667648K)->611109K(667648K)
[391.874s][info][gc,metaspace   ] GC(1054) Metaspace: 18751K(18944K)->18751K(18944K) NonClass: 16922K(17088K)->16922K(17088K) Class: 1828K(1856K)->1828K(1856K)
[391.875s][info][gc             ] GC(1054) Pause Young (Allocation Failure) 705M->604M(869M) 29.563ms
[391.875s][info][gc,cpu         ] GC(1054) User=0.06s Sys=0.00s Real=0.02s
[392.025s][info][gc,start       ] GC(1055) Pause Young (Allocation Failure)
[392.039s][info][gc,heap        ] GC(1055) PSYoungGen: 119392K(222720K)->3968K(222720K) Eden: 111616K(111616K)->0K(111616K) From: 7776K(111104K)->3968K(111104K)
[392.039s][info][gc,heap        ] GC(1055) ParOldGen: 611109K(667648K)->618621K(667648K)
[392.039s][info][gc,metaspace   ] GC(1055) Metaspace: 18754K(18944K)->18754K(18944K) NonClass: 16925K(17088K)->16925K(17088K) Class: 1828K(1856K)->1828K(1856K)
[392.039s][info][gc             ] GC(1055) Pause Young (Allocation Failure) 713M->607M(869M) 14.618ms
[392.039s][info][gc,cpu         ] GC(1055) User=0.03s Sys=0.00s Real=0.01s
[392.376s][info][gc,start       ] GC(1056) Pause Young (Allocation Failure)
[392.383s][info][gc,heap        ] GC(1056) PSYoungGen: 115584K(222720K)->256K(222720K) Eden: 111616K(111616K)->0K(111616K) From: 3968K(111104K)->256K(111104K)
[392.384s][info][gc,heap        ] GC(1056) ParOldGen: 618621K(667648K)->622557K(667648K)
[392.384s][info][gc,metaspace   ] GC(1056) Metaspace: 18754K(18944K)->18754K(18944K) NonClass: 16925K(17088K)->16925K(17088K) Class: 1828K(1856K)->1828K(1856K)
[392.384s][info][gc             ] GC(1056) Pause Young (Allocation Failure) 716M->608M(869M) 7.358ms
[392.384s][info][gc,cpu         ] GC(1056) User=0.02s Sys=0.00s Real=0.00s
[392.593s][info][gc,start       ] GC(1057) Pause Young (Allocation Failure)
[392.602s][info][gc,heap        ] GC(1057) PSYoungGen: 111872K(222720K)->8608K(222720K) Eden: 111616K(111616K)->0K(111616K) From: 256K(111104K)->8608K(111104K)
[392.602s][info][gc,heap        ] GC(1057) ParOldGen: 622557K(667648K)->622653K(667648K)
[392.602s][info][gc,metaspace   ] GC(1057) Metaspace: 18754K(18944K)->18754K(18944K) NonClass: 16925K(17088K)->16925K(17088K) Class: 1828K(1856K)->1828K(1856K)
[392.602s][info][gc             ] GC(1057) Pause Young (Allocation Failure) 717M->616M(869M) 9.304ms
[392.602s][info][gc,cpu         ] GC(1057) User=0.02s Sys=0.00s Real=0.01s
[392.733s][info][gc,start       ] GC(1058) Pause Young (Allocation Failure)
[392.751s][info][gc,heap        ] GC(1058) PSYoungGen: 120224K(222720K)->8224K(222720K) Eden: 111616K(111616K)->0K(111616K) From: 8608K(111104K)->8224K(111104K)
[392.751s][info][gc,heap        ] GC(1058) ParOldGen: 622653K(667648K)->631346K(667648K)
[392.751s][info][gc,metaspace   ] GC(1058) Metaspace: 18754K(18944K)->18754K(18944K) NonClass: 16925K(17088K)->16925K(17088K) Class: 1828K(1856K)->1828K(1856K)
[392.751s][info][gc             ] GC(1058) Pause Young (Allocation Failure) 725M->624M(869M) 18.215ms
[392.751s][info][gc,cpu         ] GC(1058) User=0.04s Sys=0.00s Real=0.02s
[392.880s][info][gc,start       ] GC(1059) Pause Young (Allocation Failure)
[392.908s][info][gc,heap        ] GC(1059) PSYoungGen: 119840K(222720K)->22096K(216576K) Eden: 111616K(111616K)->0K(111616K) From: 8224K(111104K)->22096K(104960K)
[392.908s][info][gc,heap        ] GC(1059) ParOldGen: 631346K(667648K)->639594K(667648K)
[392.908s][info][gc,metaspace   ] GC(1059) Metaspace: 18754K(18944K)->18754K(18944K) NonClass: 16925K(17088K)->16925K(17088K) Class: 1828K(1856K)->1828K(1856K)
[392.908s][info][gc             ] GC(1059) Pause Young (Allocation Failure) 733M->646M(863M) 27.904ms
[392.908s][info][gc,cpu         ] GC(1059) User=0.06s Sys=0.00s Real=0.03s
[392.971s][info][gc,start       ] GC(1060) Pause Full (Allocation Failure)
[392.971s][info][gc,phases,start] GC(1060) Marking Phase
[393.322s][info][gc,phases      ] GC(1060) Marking Phase 351.246ms
[393.322s][info][gc,phases,start] GC(1060) Summary Phase
[393.322s][info][gc,phases      ] GC(1060) Summary Phase 0.028ms
[393.322s][info][gc,phases,start] GC(1060) Forward
[393.399s][info][gc,phases      ] GC(1060) Forward 76.570ms
[393.399s][info][gc,phases,start] GC(1060) Adjust Pointers
[393.648s][info][gc,phases      ] GC(1060) Adjust Pointers 249.086ms
[393.648s][info][gc,phases,start] GC(1060) Compaction Phase
[393.774s][info][gc,phases      ] GC(1060) Compaction Phase 125.486ms
[393.778s][info][gc,phases,start] GC(1060) Post Compact
[393.781s][info][gc,phases      ] GC(1060) Post Compact 2.362ms
[393.781s][info][gc,heap        ] GC(1060) PSYoungGen: 133712K(216576K)->0K(219648K) Eden: 111616K(111616K)->0K(111616K) From: 22096K(104960K)->0K(108032K)
[393.781s][info][gc,heap        ] GC(1060) ParOldGen: 639594K(667648K)->482919K(667648K)
[393.781s][info][gc,metaspace   ] GC(1060) Metaspace: 18754K(18944K)->18754K(18944K) NonClass: 16925K(17088K)->16925K(17088K) Class: 1828K(1856K)->1828K(1856K)
[393.781s][info][gc             ] GC(1060) Pause Full (Allocation Failure) 755M->471M(866M) 809.930ms
[393.781s][info][gc,cpu         ] GC(1060) User=1.54s Sys=0.00s Real=0.81s
[393.969s][info][gc,start       ] GC(1061) Pause Young (Allocation Failure)
[393.988s][info][gc,heap        ] GC(1061) PSYoungGen: 111616K(219648K)->15552K(211456K) Eden: 111616K(111616K)->0K(116736K) From: 0K(108032K)->15552K(94720K)
[393.988s][info][gc,heap        ] GC(1061) ParOldGen: 482919K(667648K)->482919K(667648K)
[393.988s][info][gc,metaspace   ] GC(1061) Metaspace: 18754K(18944K)->18754K(18944K) NonClass: 16925K(17088K)->16925K(17088K) Class: 1828K(1856K)->1828K(1856K)
[393.988s][info][gc             ] GC(1061) Pause Young (Allocation Failure) 580M->486M(858M) 19.494ms
[393.988s][info][gc,cpu         ] GC(1061) User=0.04s Sys=0.00s Real=0.02s
[394.154s][info][gc,start       ] GC(1062) Pause Young (Allocation Failure)
[394.192s][info][gc,heap        ] GC(1062) PSYoungGen: 132288K(211456K)->27136K(144384K) Eden: 116736K(116736K)->0K(116736K) From: 15552K(94720K)->27136K(27648K)
[394.192s][info][gc,heap        ] GC(1062) ParOldGen: 482919K(667648K)->482919K(667648K)
[394.192s][info][gc,metaspace   ] GC(1062) Metaspace: 18754K(18944K)->18754K(18944K) NonClass: 16925K(17088K)->16925K(17088K) Class: 1828K(1856K)->1828K(1856K)
[394.192s][info][gc             ] GC(1062) Pause Young (Allocation Failure) 600M->498M(793M) 38.676ms
[394.192s][info][gc,cpu         ] GC(1062) User=0.08s Sys=0.00s Real=0.04s
[394.340s][info][gc,start       ] GC(1063) Pause Young (Allocation Failure)
[394.414s][info][gc,heap        ] GC(1063) PSYoungGen: 143872K(144384K)->55072K(214016K) Eden: 116736K(116736K)->0K(119296K) From: 27136K(27648K)->55072K(94720K)
[394.414s][info][gc,heap        ] GC(1063) ParOldGen: 482919K(667648K)->482919K(667648K)
[394.414s][info][gc,metaspace   ] GC(1063) Metaspace: 18754K(18944K)->18754K(18944K) NonClass: 16925K(17088K)->16925K(17088K) Class: 1828K(1856K)->1828K(1856K)
[394.414s][info][gc             ] GC(1063) Pause Young (Allocation Failure) 612M->525M(861M) 73.434ms
[394.414s][info][gc,cpu         ] GC(1063) User=0.14s Sys=0.00s Real=0.07s
[394.564s][info][gc,start       ] GC(1064) Pause Young (Allocation Failure)
[394.649s][info][gc,heap        ] GC(1064) PSYoungGen: 174368K(214016K)->73920K(217600K) Eden: 119296K(119296K)->0K(119296K) From: 55072K(94720K)->73920K(98304K)
[394.649s][info][gc,heap        ] GC(1064) ParOldGen: 482919K(667648K)->482919K(667648K)
[394.649s][info][gc,metaspace   ] GC(1064) Metaspace: 18754K(18944K)->18754K(18944K) NonClass: 16925K(17088K)->16925K(17088K) Class: 1828K(1856K)->1828K(1856K)
[394.649s][info][gc             ] GC(1064) Pause Young (Allocation Failure) 641M->543M(864M) 85.600ms
[394.649s][info][gc,cpu         ] GC(1064) User=0.17s Sys=0.00s Real=0.09s
[394.742s][info][gc,start       ] GC(1065) Pause Young (Allocation Failure)
[394.833s][info][gc,heap        ] GC(1065) PSYoungGen: 193216K(217600K)->78208K(219648K) Eden: 119296K(119296K)->0K(111616K) From: 73920K(98304K)->78208K(108032K)
[394.833s][info][gc,heap        ] GC(1065) ParOldGen: 482919K(667648K)->482919K(667648K)
[394.833s][info][gc,metaspace   ] GC(1065) Metaspace: 18754K(18944K)->18754K(18944K) NonClass: 16925K(17088K)->16925K(17088K) Class: 1828K(1856K)->1828K(1856K)
[394.833s][info][gc             ] GC(1065) Pause Young (Allocation Failure) 660M->547M(866M) 91.423ms
[394.833s][info][gc,cpu         ] GC(1065) User=0.18s Sys=0.00s Real=0.09s
[394.956s][info][gc,start       ] GC(1066) Pause Young (Allocation Failure)
[395.048s][info][gc,heap        ] GC(1066) PSYoungGen: 189824K(219648K)->63328K(222720K) Eden: 111616K(111616K)->0K(111616K) From: 78208K(108032K)->63328K(111104K)
[395.048s][info][gc,heap        ] GC(1066) ParOldGen: 482919K(667648K)->498591K(667648K)
[395.048s][info][gc,metaspace   ] GC(1066) Metaspace: 18754K(18944K)->18754K(18944K) NonClass: 16925K(17088K)->16925K(17088K) Class: 1828K(1856K)->1828K(1856K)
[395.048s][info][gc             ] GC(1066) Pause Young (Allocation Failure) 656M->548M(869M) 91.984ms
[395.048s][info][gc,cpu         ] GC(1066) User=0.18s Sys=0.00s Real=0.09s
[395.176s][info][gc,start       ] GC(1067) Pause Young (Allocation Failure)
[395.261s][info][gc,heap        ] GC(1067) PSYoungGen: 174944K(222720K)->28224K(222720K) Eden: 111616K(111616K)->0K(111616K) From: 63328K(111104K)->28224K(111104K)
[395.261s][info][gc,heap        ] GC(1067) ParOldGen: 498591K(667648K)->538255K(667648K)
[395.261s][info][gc,metaspace   ] GC(1067) Metaspace: 18754K(18944K)->18754K(18944K) NonClass: 16925K(17088K)->16925K(17088K) Class: 1828K(1856K)->1828K(1856K)
[395.261s][info][gc             ] GC(1067) Pause Young (Allocation Failure) 657M->553M(869M) 84.906ms
[395.261s][info][gc,cpu         ] GC(1067) User=0.17s Sys=0.00s Real=0.08s
[395.399s][info][gc,start       ] GC(1068) Pause Young (Allocation Failure)
[395.431s][info][gc,heap        ] GC(1068) PSYoungGen: 139840K(222720K)->5056K(222720K) Eden: 111616K(111616K)->0K(111616K) From: 28224K(111104K)->5056K(111104K)
[395.431s][info][gc,heap        ] GC(1068) ParOldGen: 538255K(667648K)->561511K(667648K)
[395.431s][info][gc,metaspace   ] GC(1068) Metaspace: 18754K(18944K)->18754K(18944K) NonClass: 16925K(17088K)->16925K(17088K) Class: 1828K(1856K)->1828K(1856K)
[395.431s][info][gc             ] GC(1068) Pause Young (Allocation Failure) 662M->553M(869M) 32.884ms
[395.431s][info][gc,cpu         ] GC(1068) User=0.06s Sys=0.00s Real=0.03s
[395.638s][info][gc,start       ] GC(1069) Pause Young (Allocation Failure)
[395.672s][info][gc,heap        ] GC(1069) PSYoungGen: 116672K(222720K)->20064K(213504K) Eden: 111616K(111616K)->0K(111616K) From: 5056K(111104K)->20064K(101888K)
[395.672s][info][gc,heap        ] GC(1069) ParOldGen: 561511K(667648K)->561511K(667648K)
[395.672s][info][gc,metaspace   ] GC(1069) Metaspace: 18754K(18944K)->18754K(18944K) NonClass: 16925K(17088K)->16925K(17088K) Class: 1828K(1856K)->1828K(1856K)
[395.672s][info][gc             ] GC(1069) Pause Young (Allocation Failure) 662M->567M(860M) 34.212ms
[395.672s][info][gc,cpu         ] GC(1069) User=0.07s Sys=0.00s Real=0.03s
[395.858s][info][gc,start       ] GC(1070) Pause Young (Allocation Failure)
[395.898s][info][gc,heap        ] GC(1070) PSYoungGen: 131680K(213504K)->33856K(218112K) Eden: 111616K(111616K)->0K(111616K) From: 20064K(101888K)->33856K(106496K)
[395.898s][info][gc,heap        ] GC(1070) ParOldGen: 561511K(667648K)->561511K(667648K)
[395.898s][info][gc,metaspace   ] GC(1070) Metaspace: 18754K(18944K)->18754K(18944K) NonClass: 16925K(17088K)->16925K(17088K) Class: 1828K(1856K)->1828K(1856K)
[395.898s][info][gc             ] GC(1070) Pause Young (Allocation Failure) 676M->581M(865M) 39.619ms
[395.898s][info][gc,cpu         ] GC(1070) User=0.08s Sys=0.01s Real=0.04s
[396.134s][info][gc,start       ] GC(1071) Pause Young (Allocation Failure)
[396.188s][info][gc,heap        ] GC(1071) PSYoungGen: 145472K(218112K)->57616K(218112K) Eden: 111616K(111616K)->0K(118784K) From: 33856K(106496K)->57616K(99328K)
[396.188s][info][gc,heap        ] GC(1071) ParOldGen: 561511K(667648K)->561511K(667648K)
[396.188s][info][gc,metaspace   ] GC(1071) Metaspace: 18756K(18944K)->18756K(18944K) NonClass: 16927K(17088K)->16927K(17088K) Class: 1828K(1856K)->1828K(1856K)
[396.188s][info][gc             ] GC(1071) Pause Young (Allocation Failure) 690M->604M(865M) 53.865ms
[396.188s][info][gc,cpu         ] GC(1071) User=0.11s Sys=0.00s Real=0.06s
[396.319s][info][gc,start       ] GC(1072) Pause Young (Allocation Failure)
[396.386s][info][gc,heap        ] GC(1072) PSYoungGen: 176400K(218112K)->77632K(220160K) Eden: 118784K(118784K)->0K(118784K) From: 57616K(99328K)->77632K(101376K)
[396.386s][info][gc,heap        ] GC(1072) ParOldGen: 561511K(667648K)->561511K(667648K)
[396.386s][info][gc,metaspace   ] GC(1072) Metaspace: 18756K(18944K)->18756K(18944K) NonClass: 16927K(17088K)->16927K(17088K) Class: 1828K(1856K)->1828K(1856K)
[396.386s][info][gc             ] GC(1072) Pause Young (Allocation Failure) 720M->624M(867M) 66.917ms
[396.386s][info][gc,cpu         ] GC(1072) User=0.13s Sys=0.00s Real=0.07s
[396.568s][info][gc,start       ] GC(1073) Pause Young (Allocation Failure)
[396.651s][info][gc,heap        ] GC(1073) PSYoungGen: 196416K(220160K)->88672K(221696K) Eden: 118784K(118784K)->0K(111616K) From: 77632K(101376K)->88672K(110080K)
[396.651s][info][gc,heap        ] GC(1073) ParOldGen: 561511K(667648K)->561511K(667648K)
[396.651s][info][gc,metaspace   ] GC(1073) Metaspace: 18756K(18944K)->18756K(18944K) NonClass: 16927K(17088K)->16927K(17088K) Class: 1828K(1856K)->1828K(1856K)
[396.651s][info][gc             ] GC(1073) Pause Young (Allocation Failure) 740M->634M(868M) 83.405ms
[396.651s][info][gc,cpu         ] GC(1073) User=0.17s Sys=0.00s Real=0.08s
[396.860s][info][gc,start       ] GC(1074) Pause Young (Allocation Failure)
[396.945s][info][gc,heap        ] GC(1074) PSYoungGen: 200288K(221696K)->83680K(222720K) Eden: 111616K(111616K)->0K(111616K) From: 88672K(110080K)->83680K(111104K)
[396.945s][info][gc,heap        ] GC(1074) ParOldGen: 561511K(667648K)->566543K(667648K)
[396.945s][info][gc,metaspace   ] GC(1074) Metaspace: 18756K(18944K)->18756K(18944K) NonClass: 16927K(17088K)->16927K(17088K) Class: 1828K(1856K)->1828K(1856K)
[396.945s][info][gc             ] GC(1074) Pause Young (Allocation Failure) 743M->634M(869M) 85.030ms
[396.945s][info][gc,cpu         ] GC(1074) User=0.17s Sys=0.00s Real=0.09s
[397.082s][info][gc,start       ] GC(1075) Pause Young (Allocation Failure)
[397.181s][info][gc,heap        ] GC(1075) PSYoungGen: 195296K(222720K)->88544K(222720K) Eden: 111616K(111616K)->0K(111616K) From: 83680K(111104K)->88544K(111104K)
[397.181s][info][gc,heap        ] GC(1075) ParOldGen: 566543K(667648K)->581639K(667648K)
[397.181s][info][gc,metaspace   ] GC(1075) Metaspace: 18756K(18944K)->18756K(18944K) NonClass: 16927K(17088K)->16927K(17088K) Class: 1828K(1856K)->1828K(1856K)
[397.181s][info][gc             ] GC(1075) Pause Young (Allocation Failure) 743M->654M(869M) 99.217ms
[397.181s][info][gc,cpu         ] GC(1075) User=0.20s Sys=0.00s Real=0.10s
[397.288s][info][gc,start       ] GC(1076) Pause Young (Allocation Failure)
[397.378s][info][gc,heap        ] GC(1076) PSYoungGen: 200160K(222720K)->54400K(222720K) Eden: 111616K(111616K)->0K(111616K) From: 88544K(111104K)->54400K(111104K)
[397.378s][info][gc,heap        ] GC(1076) ParOldGen: 581639K(667648K)->619504K(667648K)
[397.378s][info][gc,metaspace   ] GC(1076) Metaspace: 18756K(18944K)->18756K(18944K) NonClass: 16927K(17088K)->16927K(17088K) Class: 1828K(1856K)->1828K(1856K)
[397.378s][info][gc             ] GC(1076) Pause Young (Allocation Failure) 763M->658M(869M) 89.902ms
[397.378s][info][gc,cpu         ] GC(1076) User=0.18s Sys=0.00s Real=0.09s
[397.501s][info][gc,start       ] GC(1077) Pause Young (Allocation Failure)
[397.562s][info][gc,heap        ] GC(1077) PSYoungGen: 166016K(222720K)->25440K(222720K) Eden: 111616K(111616K)->0K(111616K) From: 54400K(111104K)->25440K(111104K)
[397.562s][info][gc,heap        ] GC(1077) ParOldGen: 619504K(667648K)->650853K(667648K)
[397.562s][info][gc,metaspace   ] GC(1077) Metaspace: 18756K(18944K)->18756K(18944K) NonClass: 16927K(17088K)->16927K(17088K) Class: 1828K(1856K)->1828K(1856K)
[397.562s][info][gc             ] GC(1077) Pause Young (Allocation Failure) 767M->660M(869M) 61.559ms
[397.562s][info][gc,cpu         ] GC(1077) User=0.12s Sys=0.00s Real=0.06s
[397.711s][info][gc,start       ] GC(1078) Pause Full (Allocation Failure)
[397.711s][info][gc,phases,start] GC(1078) Marking Phase
[398.089s][info][gc,phases      ] GC(1078) Marking Phase 377.446ms
[398.089s][info][gc,phases,start] GC(1078) Summary Phase
[398.089s][info][gc,phases      ] GC(1078) Summary Phase 0.030ms
[398.089s][info][gc,phases,start] GC(1078) Forward
[398.206s][info][gc,phases      ] GC(1078) Forward 117.219ms
[398.206s][info][gc,phases,start] GC(1078) Adjust Pointers
[398.490s][info][gc,phases      ] GC(1078) Adjust Pointers 283.663ms
[398.490s][info][gc,phases,start] GC(1078) Compaction Phase
[398.665s][info][gc,phases      ] GC(1078) Compaction Phase 174.768ms
[398.674s][info][gc,phases,start] GC(1078) Post Compact
[398.677s][info][gc,phases      ] GC(1078) Post Compact 2.352ms
[398.677s][info][gc,heap        ] GC(1078) PSYoungGen: 137056K(222720K)->0K(222720K) Eden: 111616K(111616K)->0K(111616K) From: 25440K(111104K)->0K(111104K)
[398.677s][info][gc,heap        ] GC(1078) ParOldGen: 650853K(667648K)->497042K(667648K)
[398.677s][info][gc,metaspace   ] GC(1078) Metaspace: 18756K(18944K)->18756K(18944K) NonClass: 16927K(17088K)->16927K(17088K) Class: 1828K(1856K)->1828K(1856K)
[398.677s][info][gc             ] GC(1078) Pause Full (Allocation Failure) 769M->485M(869M) 965.410ms
[398.677s][info][gc,cpu         ] GC(1078) User=1.83s Sys=0.00s Real=0.97s
[398.989s][info][gc,start       ] GC(1079) Pause Young (Allocation Failure)
[398.996s][info][gc,heap        ] GC(1079) PSYoungGen: 111616K(222720K)->3072K(222720K) Eden: 111616K(111616K)->0K(111616K) From: 0K(111104K)->3072K(111104K)
[398.996s][info][gc,heap        ] GC(1079) ParOldGen: 497042K(667648K)->497042K(667648K)
[398.996s][info][gc,metaspace   ] GC(1079) Metaspace: 18756K(18944K)->18756K(18944K) NonClass: 16927K(17088K)->16927K(17088K) Class: 1828K(1856K)->1828K(1856K)
[398.996s][info][gc             ] GC(1079) Pause Young (Allocation Failure) 594M->488M(869M) 6.239ms
[398.996s][info][gc,cpu         ] GC(1079) User=0.01s Sys=0.00s Real=0.01s
[399.295s][info][gc,start       ] GC(1080) Pause Young (Allocation Failure)
[399.300s][info][gc,heap        ] GC(1080) PSYoungGen: 114688K(222720K)->3040K(222720K) Eden: 111616K(111616K)->0K(111616K) From: 3072K(111104K)->3040K(111104K)
[399.300s][info][gc,heap        ] GC(1080) ParOldGen: 497042K(667648K)->497042K(667648K)
[399.300s][info][gc,metaspace   ] GC(1080) Metaspace: 18756K(18944K)->18756K(18944K) NonClass: 16927K(17088K)->16927K(17088K) Class: 1828K(1856K)->1828K(1856K)
[399.300s][info][gc             ] GC(1080) Pause Young (Allocation Failure) 597M->488M(869M) 5.307ms
[399.301s][info][gc,cpu         ] GC(1080) User=0.01s Sys=0.00s Real=0.00s
[399.588s][info][gc,start       ] GC(1081) Pause Young (Allocation Failure)
[399.593s][info][gc,heap        ] GC(1081) PSYoungGen: 114656K(222720K)->64K(222720K) Eden: 111616K(111616K)->0K(111616K) From: 3040K(111104K)->64K(111104K)
[399.593s][info][gc,heap        ] GC(1081) ParOldGen: 497042K(667648K)->500064K(667648K)
[399.593s][info][gc,metaspace   ] GC(1081) Metaspace: 18756K(18944K)->18756K(18944K) NonClass: 16927K(17088K)->16927K(17088K) Class: 1828K(1856K)->1828K(1856K)
[399.593s][info][gc             ] GC(1081) Pause Young (Allocation Failure) 597M->488M(869M) 5.142ms
[399.593s][info][gc,cpu         ] GC(1081) User=0.01s Sys=0.00s Real=0.00s
[399.868s][info][gc,start       ] GC(1082) Pause Young (Allocation Failure)
[399.870s][info][gc,heap        ] GC(1082) PSYoungGen: 111680K(222720K)->64K(222720K) Eden: 111616K(111616K)->0K(111616K) From: 64K(111104K)->64K(111104K)
[399.870s][info][gc,heap        ] GC(1082) ParOldGen: 500064K(667648K)->500080K(667648K)
[399.871s][info][gc,metaspace   ] GC(1082) Metaspace: 18756K(18944K)->18756K(18944K) NonClass: 16927K(17088K)->16927K(17088K) Class: 1828K(1856K)->1828K(1856K)
[399.871s][info][gc             ] GC(1082) Pause Young (Allocation Failure) 597M->488M(869M) 2.179ms
[399.871s][info][gc,cpu         ] GC(1082) User=0.00s Sys=0.00s Real=0.00s
[400.098s][info][gc,start       ] GC(1083) Pause Young (Allocation Failure)
[400.109s][info][gc,heap        ] GC(1083) PSYoungGen: 111680K(222720K)->4640K(222720K) Eden: 111616K(111616K)->0K(111616K) From: 64K(111104K)->4640K(111104K)
[400.109s][info][gc,heap        ] GC(1083) ParOldGen: 500080K(667648K)->500096K(667648K)
[400.109s][info][gc,metaspace   ] GC(1083) Metaspace: 18756K(18944K)->18756K(18944K) NonClass: 16927K(17088K)->16927K(17088K) Class: 1828K(1856K)->1828K(1856K)
[400.109s][info][gc             ] GC(1083) Pause Young (Allocation Failure) 597M->492M(869M) 11.054ms
[400.109s][info][gc,cpu         ] GC(1083) User=0.03s Sys=0.00s Real=0.01s
[400.184s][info][gc,start       ] GC(1084) Pause Young (Allocation Failure)
[400.226s][info][gc,heap        ] GC(1084) PSYoungGen: 116256K(222720K)->38464K(222720K) Eden: 111616K(111616K)->0K(111616K) From: 4640K(111104K)->38464K(111104K)
[400.226s][info][gc,heap        ] GC(1084) ParOldGen: 500096K(667648K)->504739K(667648K)
[400.226s][info][gc,metaspace   ] GC(1084) Metaspace: 18756K(18944K)->18756K(18944K) NonClass: 16927K(17088K)->16927K(17088K) Class: 1828K(1856K)->1828K(1856K)
[400.226s][info][gc             ] GC(1084) Pause Young (Allocation Failure) 601M->530M(869M) 42.061ms
[400.226s][info][gc,cpu         ] GC(1084) User=0.08s Sys=0.00s Real=0.05s
[400.397s][info][gc,start       ] GC(1085) Pause Young (Allocation Failure)
[400.444s][info][gc,heap        ] GC(1085) PSYoungGen: 150080K(222720K)->30304K(207360K) Eden: 111616K(111616K)->0K(111616K) From: 38464K(111104K)->30304K(95744K)
[400.444s][info][gc,heap        ] GC(1085) ParOldGen: 504739K(667648K)->543643K(667648K)
[400.444s][info][gc,metaspace   ] GC(1085) Metaspace: 18756K(18944K)->18756K(18944K) NonClass: 16927K(17088K)->16927K(17088K) Class: 1828K(1856K)->1828K(1856K)
[400.444s][info][gc             ] GC(1085) Pause Young (Allocation Failure) 639M->560M(854M) 47.456ms
[400.444s][info][gc,cpu         ] GC(1085) User=0.10s Sys=0.00s Real=0.04s
[400.527s][info][gc,start       ] GC(1086) Pause Young (Allocation Failure)
[400.553s][info][gc,heap        ] GC(1086) PSYoungGen: 141920K(207360K)->32768K(215040K) Eden: 111616K(111616K)->0K(111616K) From: 30304K(95744K)->32768K(103424K)
[400.553s][info][gc,heap        ] GC(1086) ParOldGen: 543643K(667648K)->543643K(667648K)
[400.553s][info][gc,metaspace   ] GC(1086) Metaspace: 18756K(18944K)->18756K(18944K) NonClass: 16927K(17088K)->16927K(17088K) Class: 1828K(1856K)->1828K(1856K)
[400.553s][info][gc             ] GC(1086) Pause Young (Allocation Failure) 669M->562M(862M) 25.636ms
[400.553s][info][gc,cpu         ] GC(1086) User=0.05s Sys=0.00s Real=0.02s
[400.704s][info][gc,start       ] GC(1087) Pause Young (Allocation Failure)
[400.769s][info][gc,heap        ] GC(1087) PSYoungGen: 144384K(215040K)->62473K(211456K) Eden: 111616K(111616K)->0K(114688K) From: 32768K(103424K)->62473K(96768K)
[400.769s][info][gc,heap        ] GC(1087) ParOldGen: 543643K(667648K)->543643K(667648K)
[400.769s][info][gc,metaspace   ] GC(1087) Metaspace: 18756K(18944K)->18756K(18944K) NonClass: 16927K(17088K)->16927K(17088K) Class: 1828K(1856K)->1828K(1856K)
[400.770s][info][gc             ] GC(1087) Pause Young (Allocation Failure) 671M->591M(858M) 65.479ms
[400.770s][info][gc,cpu         ] GC(1087) User=0.13s Sys=0.00s Real=0.07s
[400.826s][info][gc,start       ] GC(1088) Pause Young (Allocation Failure)
[400.917s][info][gc,heap        ] GC(1088) PSYoungGen: 177161K(211456K)->101881K(216576K) Eden: 114688K(114688K)->0K(114688K) From: 62473K(96768K)->101881K(101888K)
[400.917s][info][gc,heap        ] GC(1088) ParOldGen: 543643K(667648K)->544939K(667648K)
[400.917s][info][gc,metaspace   ] GC(1088) Metaspace: 18756K(18944K)->18756K(18944K) NonClass: 16927K(17088K)->16927K(17088K) Class: 1828K(1856K)->1828K(1856K)
[400.918s][info][gc             ] GC(1088) Pause Young (Allocation Failure) 703M->631M(863M) 91.127ms
[400.918s][info][gc,cpu         ] GC(1088) User=0.18s Sys=0.00s Real=0.09s
[401.059s][info][gc,start       ] GC(1089) Pause Young (Allocation Failure)
[401.165s][info][gc,heap        ] GC(1089) PSYoungGen: 216569K(216576K)->91417K(222720K) Eden: 114688K(114688K)->0K(111616K) From: 101881K(101888K)->91417K(111104K)
[401.165s][info][gc,heap        ] GC(1089) ParOldGen: 544939K(667648K)->577986K(667648K)
[401.165s][info][gc,metaspace   ] GC(1089) Metaspace: 18756K(18944K)->18756K(18944K) NonClass: 16927K(17088K)->16927K(17088K) Class: 1828K(1856K)->1828K(1856K)
[401.165s][info][gc             ] GC(1089) Pause Young (Allocation Failure) 743M->653M(869M) 105.509ms
[401.165s][info][gc,cpu         ] GC(1089) User=0.20s Sys=0.00s Real=0.11s
[401.256s][info][gc,start       ] GC(1090) Pause Young (Allocation Failure)
[401.338s][info][gc,heap        ] GC(1090) PSYoungGen: 203033K(222720K)->24512K(222720K) Eden: 111616K(111616K)->0K(111616K) From: 91417K(111104K)->24512K(111104K)
[401.338s][info][gc,heap        ] GC(1090) ParOldGen: 577986K(667648K)->647820K(667648K)
[401.338s][info][gc,metaspace   ] GC(1090) Metaspace: 18756K(18944K)->18756K(18944K) NonClass: 16927K(17088K)->16927K(17088K) Class: 1828K(1856K)->1828K(1856K)
[401.338s][info][gc             ] GC(1090) Pause Young (Allocation Failure) 762M->656M(869M) 81.457ms
[401.338s][info][gc,cpu         ] GC(1090) User=0.17s Sys=0.00s Real=0.08s
[401.490s][info][gc,start       ] GC(1091) Pause Full (Allocation Failure)
[401.490s][info][gc,phases,start] GC(1091) Marking Phase
[401.853s][info][gc,phases      ] GC(1091) Marking Phase 362.212ms
[401.853s][info][gc,phases,start] GC(1091) Summary Phase
[401.853s][info][gc,phases      ] GC(1091) Summary Phase 0.029ms
[401.853s][info][gc,phases,start] GC(1091) Forward
[401.969s][info][gc,phases      ] GC(1091) Forward 116.254ms
[401.969s][info][gc,phases,start] GC(1091) Adjust Pointers
[402.250s][info][gc,phases      ] GC(1091) Adjust Pointers 280.894ms
[402.250s][info][gc,phases,start] GC(1091) Compaction Phase
[402.418s][info][gc,phases      ] GC(1091) Compaction Phase 167.943ms
[402.432s][info][gc,phases,start] GC(1091) Post Compact
[402.434s][info][gc,phases      ] GC(1091) Post Compact 2.358ms
[402.434s][info][gc,heap        ] GC(1091) PSYoungGen: 136128K(222720K)->0K(222720K) Eden: 111616K(111616K)->0K(111616K) From: 24512K(111104K)->0K(111104K)
[402.434s][info][gc,heap        ] GC(1091) ParOldGen: 647820K(667648K)->510646K(667648K)
[402.434s][info][gc,metaspace   ] GC(1091) Metaspace: 18756K(18944K)->18756K(18944K) NonClass: 16927K(17088K)->16927K(17088K) Class: 1828K(1856K)->1828K(1856K)
[402.434s][info][gc             ] GC(1091) Pause Full (Allocation Failure) 765M->498M(869M) 944.051ms
[402.434s][info][gc,cpu         ] GC(1091) User=1.77s Sys=0.00s Real=0.94s
[402.574s][info][gc,start       ] GC(1092) Pause Young (Allocation Failure)
[402.582s][info][gc,heap        ] GC(1092) PSYoungGen: 111616K(222720K)->3904K(222720K) Eden: 111616K(111616K)->0K(111616K) From: 0K(111104K)->3904K(111104K)
[402.582s][info][gc,heap        ] GC(1092) ParOldGen: 510646K(667648K)->510646K(667648K)
[402.582s][info][gc,metaspace   ] GC(1092) Metaspace: 18756K(18944K)->18756K(18944K) NonClass: 16927K(17088K)->16927K(17088K) Class: 1828K(1856K)->1828K(1856K)
[402.582s][info][gc             ] GC(1092) Pause Young (Allocation Failure) 607M->502M(869M) 8.017ms
[402.582s][info][gc,cpu         ] GC(1092) User=0.02s Sys=0.00s Real=0.01s
[402.725s][info][gc,start       ] GC(1093) Pause Young (Allocation Failure)
[402.732s][info][gc,heap        ] GC(1093) PSYoungGen: 115520K(222720K)->64K(222720K) Eden: 111616K(111616K)->0K(111616K) From: 3904K(111104K)->64K(111104K)
[402.732s][info][gc,heap        ] GC(1093) ParOldGen: 510646K(667648K)->514502K(667648K)
[402.732s][info][gc,metaspace   ] GC(1093) Metaspace: 18756K(18944K)->18756K(18944K) NonClass: 16927K(17088K)->16927K(17088K) Class: 1828K(1856K)->1828K(1856K)
[402.732s][info][gc             ] GC(1093) Pause Young (Allocation Failure) 611M->502M(869M) 7.341ms
[402.732s][info][gc,cpu         ] GC(1093) User=0.01s Sys=0.00s Real=0.01s
[402.876s][info][gc,start       ] GC(1094) Pause Young (Allocation Failure)
[402.878s][info][gc,heap        ] GC(1094) PSYoungGen: 111680K(222720K)->64K(222720K) Eden: 111616K(111616K)->0K(111616K) From: 64K(111104K)->64K(111104K)
[402.878s][info][gc,heap        ] GC(1094) ParOldGen: 514502K(667648K)->514502K(667648K)
[402.878s][info][gc,metaspace   ] GC(1094) Metaspace: 18756K(18944K)->18756K(18944K) NonClass: 16927K(17088K)->16927K(17088K) Class: 1828K(1856K)->1828K(1856K)
[402.878s][info][gc             ] GC(1094) Pause Young (Allocation Failure) 611M->502M(869M) 1.836ms
[402.878s][info][gc,cpu         ] GC(1094) User=0.00s Sys=0.00s Real=0.00s
[403.021s][info][gc,start       ] GC(1095) Pause Young (Allocation Failure)
[403.023s][info][gc,heap        ] GC(1095) PSYoungGen: 111680K(222720K)->64K(222720K) Eden: 111616K(111616K)->0K(111616K) From: 64K(111104K)->64K(111104K)
[403.023s][info][gc,heap        ] GC(1095) ParOldGen: 514502K(667648K)->514502K(667648K)
[403.023s][info][gc,metaspace   ] GC(1095) Metaspace: 18756K(18944K)->18756K(18944K) NonClass: 16927K(17088K)->16927K(17088K) Class: 1828K(1856K)->1828K(1856K)
[403.023s][info][gc             ] GC(1095) Pause Young (Allocation Failure) 611M->502M(869M) 1.847ms
[403.023s][info][gc,cpu         ] GC(1095) User=0.00s Sys=0.00s Real=0.00s
[403.160s][info][gc,start       ] GC(1096) Pause Young (Allocation Failure)
[403.162s][info][gc,heap        ] GC(1096) PSYoungGen: 111680K(222720K)->64K(222720K) Eden: 111616K(111616K)->0K(111616K) From: 64K(111104K)->64K(111104K)
[403.162s][info][gc,heap        ] GC(1096) ParOldGen: 514502K(667648K)->514502K(667648K)
[403.162s][info][gc,metaspace   ] GC(1096) Metaspace: 18756K(18944K)->18756K(18944K) NonClass: 16927K(17088K)->16927K(17088K) Class: 1828K(1856K)->1828K(1856K)
[403.162s][info][gc             ] GC(1096) Pause Young (Allocation Failure) 611M->502M(869M) 1.856ms
[403.162s][info][gc,cpu         ] GC(1096) User=0.01s Sys=0.00s Real=0.00s
[403.294s][info][gc,start       ] GC(1097) Pause Young (Allocation Failure)
[403.295s][info][gc,heap        ] GC(1097) PSYoungGen: 111680K(222720K)->64K(219648K) Eden: 111616K(111616K)->0K(111616K) From: 64K(111104K)->64K(108032K)
[403.295s][info][gc,heap        ] GC(1097) ParOldGen: 514502K(667648K)->514502K(667648K)
[403.295s][info][gc,metaspace   ] GC(1097) Metaspace: 18756K(18944K)->18756K(18944K) NonClass: 16927K(17088K)->16927K(17088K) Class: 1828K(1856K)->1828K(1856K)
[403.296s][info][gc             ] GC(1097) Pause Young (Allocation Failure) 611M->502M(866M) 1.829ms
[403.296s][info][gc,cpu         ] GC(1097) User=0.00s Sys=0.00s Real=0.01s
[403.427s][info][gc,start       ] GC(1098) Pause Young (Allocation Failure)
[403.429s][info][gc,heap        ] GC(1098) PSYoungGen: 111680K(219648K)->64K(112128K) Eden: 111616K(111616K)->0K(111616K) From: 64K(108032K)->64K(512K)
[403.429s][info][gc,heap        ] GC(1098) ParOldGen: 514502K(667648K)->514502K(667648K)
[403.429s][info][gc,metaspace   ] GC(1098) Metaspace: 18756K(18944K)->18756K(18944K) NonClass: 16927K(17088K)->16927K(17088K) Class: 1828K(1856K)->1828K(1856K)
[403.429s][info][gc             ] GC(1098) Pause Young (Allocation Failure) 611M->502M(761M) 1.786ms
[403.429s][info][gc,cpu         ] GC(1098) User=0.01s Sys=0.00s Real=0.00s
[403.561s][info][gc,start       ] GC(1099) Pause Young (Allocation Failure)
[403.563s][info][gc,heap        ] GC(1099) PSYoungGen: 111680K(112128K)->64K(209408K) Eden: 111616K(111616K)->0K(114688K) From: 64K(512K)->64K(94720K)
[403.563s][info][gc,heap        ] GC(1099) ParOldGen: 514502K(667648K)->514502K(667648K)
[403.563s][info][gc,metaspace   ] GC(1099) Metaspace: 18756K(18944K)->18756K(18944K) NonClass: 16927K(17088K)->16927K(17088K) Class: 1828K(1856K)->1828K(1856K)
[403.563s][info][gc             ] GC(1099) Pause Young (Allocation Failure) 611M->502M(856M) 1.766ms
[403.563s][info][gc,cpu         ] GC(1099) User=0.00s Sys=0.00s Real=0.00s
[403.699s][info][gc,start       ] GC(1100) Pause Young (Allocation Failure)
[403.701s][info][gc,heap        ] GC(1100) PSYoungGen: 114752K(209408K)->64K(115200K) Eden: 114688K(114688K)->0K(114688K) From: 64K(94720K)->64K(512K)
[403.701s][info][gc,heap        ] GC(1100) ParOldGen: 514502K(667648K)->514502K(667648K)
[403.701s][info][gc,metaspace   ] GC(1100) Metaspace: 18756K(18944K)->18756K(18944K) NonClass: 16927K(17088K)->16927K(17088K) Class: 1828K(1856K)->1828K(1856K)
[403.702s][info][gc             ] GC(1100) Pause Young (Allocation Failure) 614M->502M(764M) 2.238ms
[403.702s][info][gc,cpu         ] GC(1100) User=0.01s Sys=0.00s Real=0.00s
[403.837s][info][gc,start       ] GC(1101) Pause Young (Allocation Failure)
[403.839s][info][gc,heap        ] GC(1101) PSYoungGen: 114752K(115200K)->64K(202240K) Eden: 114688K(114688K)->0K(117248K) From: 64K(512K)->64K(84992K)
[403.840s][info][gc,heap        ] GC(1101) ParOldGen: 514502K(667648K)->514502K(667648K)
[403.840s][info][gc,metaspace   ] GC(1101) Metaspace: 18756K(18944K)->18756K(18944K) NonClass: 16927K(17088K)->16927K(17088K) Class: 1828K(1856K)->1828K(1856K)
[403.840s][info][gc             ] GC(1101) Pause Young (Allocation Failure) 614M->502M(849M) 3.038ms
[403.840s][info][gc,cpu         ] GC(1101) User=0.00s Sys=0.00s Real=0.00s
[403.982s][info][gc,start       ] GC(1102) Pause Young (Allocation Failure)
[403.984s][info][gc,heap        ] GC(1102) PSYoungGen: 117312K(202240K)->64K(117760K) Eden: 117248K(117248K)->0K(117248K) From: 64K(84992K)->64K(512K)
[403.984s][info][gc,heap        ] GC(1102) ParOldGen: 514502K(667648K)->514502K(667648K)
[403.984s][info][gc,metaspace   ] GC(1102) Metaspace: 18756K(18944K)->18756K(18944K) NonClass: 16927K(17088K)->16927K(17088K) Class: 1828K(1856K)->1828K(1856K)
[403.984s][info][gc             ] GC(1102) Pause Young (Allocation Failure) 617M->502M(767M) 2.445ms
[403.984s][info][gc,cpu         ] GC(1102) User=0.00s Sys=0.01s Real=0.00s
[404.115s][info][gc,start       ] GC(1103) Pause Young (Allocation Failure)
[404.130s][info][gc,heap        ] GC(1103) PSYoungGen: 117312K(117760K)->10272K(194048K) Eden: 117248K(117248K)->0K(120320K) From: 64K(512K)->10272K(73728K)
[404.130s][info][gc,heap        ] GC(1103) ParOldGen: 514502K(667648K)->514502K(667648K)
[404.130s][info][gc,metaspace   ] GC(1103) Metaspace: 18756K(18944K)->18756K(18944K) NonClass: 16927K(17088K)->16927K(17088K) Class: 1828K(1856K)->1828K(1856K)
[404.130s][info][gc             ] GC(1103) Pause Young (Allocation Failure) 617M->512M(841M) 14.640ms
[404.130s][info][gc,cpu         ] GC(1103) User=0.03s Sys=0.00s Real=0.01s
[404.241s][info][gc,start       ] GC(1104) Pause Young (Allocation Failure)
[404.268s][info][gc,heap        ] GC(1104) PSYoungGen: 130592K(194048K)->23520K(199680K) Eden: 120320K(120320K)->0K(120320K) From: 10272K(73728K)->23520K(79360K)
[404.268s][info][gc,heap        ] GC(1104) ParOldGen: 514502K(667648K)->514502K(667648K)
[404.268s][info][gc,metaspace   ] GC(1104) Metaspace: 18756K(18944K)->18756K(18944K) NonClass: 16927K(17088K)->16927K(17088K) Class: 1828K(1856K)->1828K(1856K)
[404.268s][info][gc             ] GC(1104) Pause Young (Allocation Failure) 629M->525M(847M) 27.388ms
[404.268s][info][gc,cpu         ] GC(1104) User=0.05s Sys=0.00s Real=0.03s
[404.376s][info][gc,start       ] GC(1105) Pause Young (Allocation Failure)
[404.425s][info][gc,heap        ] GC(1105) PSYoungGen: 143840K(199680K)->44992K(196608K) Eden: 120320K(120320K)->0K(120320K) From: 23520K(79360K)->44992K(76288K)
[404.425s][info][gc,heap        ] GC(1105) ParOldGen: 514502K(667648K)->514502K(667648K)
[404.425s][info][gc,metaspace   ] GC(1105) Metaspace: 18756K(18944K)->18756K(18944K) NonClass: 16927K(17088K)->16927K(17088K) Class: 1828K(1856K)->1828K(1856K)
[404.425s][info][gc             ] GC(1105) Pause Young (Allocation Failure) 642M->546M(844M) 49.764ms
[404.425s][info][gc,cpu         ] GC(1105) User=0.10s Sys=0.00s Real=0.05s
[404.491s][info][gc,start       ] GC(1106) Pause Young (Allocation Failure)
[404.554s][info][gc,heap        ] GC(1106) PSYoungGen: 165312K(196608K)->58976K(201728K) Eden: 120320K(120320K)->0K(120320K) From: 44992K(76288K)->58976K(81408K)
[404.554s][info][gc,heap        ] GC(1106) ParOldGen: 514502K(667648K)->514502K(667648K)
[404.554s][info][gc,metaspace   ] GC(1106) Metaspace: 18756K(18944K)->18756K(18944K) NonClass: 16927K(17088K)->16927K(17088K) Class: 1828K(1856K)->1828K(1856K)
[404.554s][info][gc             ] GC(1106) Pause Young (Allocation Failure) 663M->560M(849M) 62.561ms
[404.554s][info][gc,cpu         ] GC(1106) User=0.12s Sys=0.00s Real=0.06s
[404.640s][info][gc,start       ] GC(1107) Pause Young (Allocation Failure)
[404.724s][info][gc,heap        ] GC(1107) PSYoungGen: 179296K(201728K)->72864K(209408K) Eden: 120320K(120320K)->0K(118784K) From: 58976K(81408K)->72864K(90624K)
[404.724s][info][gc,heap        ] GC(1107) ParOldGen: 514502K(667648K)->514502K(667648K)
[404.724s][info][gc,metaspace   ] GC(1107) Metaspace: 18756K(18944K)->18756K(18944K) NonClass: 16927K(17088K)->16927K(17088K) Class: 1828K(1856K)->1828K(1856K)
[404.724s][info][gc             ] GC(1107) Pause Young (Allocation Failure) 677M->573M(856M) 83.707ms
[404.724s][info][gc,cpu         ] GC(1107) User=0.15s Sys=0.01s Real=0.08s
[404.804s][info][gc,start       ] GC(1108) Pause Young (Allocation Failure)
[404.883s][info][gc,heap        ] GC(1108) PSYoungGen: 191648K(209408K)->76928K(221184K) Eden: 118784K(118784K)->0K(118784K) From: 72864K(90624K)->76928K(102400K)
[404.883s][info][gc,heap        ] GC(1108) ParOldGen: 514502K(667648K)->514502K(667648K)
[404.883s][info][gc,metaspace   ] GC(1108) Metaspace: 18756K(18944K)->18756K(18944K) NonClass: 16927K(17088K)->16927K(17088K) Class: 1828K(1856K)->1828K(1856K)
[404.883s][info][gc             ] GC(1108) Pause Young (Allocation Failure) 689M->577M(868M) 79.562ms
[404.883s][info][gc,cpu         ] GC(1108) User=0.16s Sys=0.00s Real=0.08s
[404.956s][info][gc,start       ] GC(1109) Pause Young (Allocation Failure)
[405.044s][info][gc,heap        ] GC(1109) PSYoungGen: 195712K(221184K)->81120K(222720K) Eden: 118784K(118784K)->0K(111616K) From: 76928K(102400K)->81120K(111104K)
[405.044s][info][gc,heap        ] GC(1109) ParOldGen: 514502K(667648K)->514502K(667648K)
[405.044s][info][gc,metaspace   ] GC(1109) Metaspace: 18756K(18944K)->18756K(18944K) NonClass: 16927K(17088K)->16927K(17088K) Class: 1828K(1856K)->1828K(1856K)
[405.044s][info][gc             ] GC(1109) Pause Young (Allocation Failure) 693M->581M(869M) 88.687ms
[405.044s][info][gc,cpu         ] GC(1109) User=0.17s Sys=0.01s Real=0.08s
[405.119s][info][gc,start       ] GC(1110) Pause Young (Allocation Failure)
[405.205s][info][gc,heap        ] GC(1110) PSYoungGen: 192736K(222720K)->82080K(222720K) Eden: 111616K(111616K)->0K(111616K) From: 81120K(111104K)->82080K(111104K)
[405.205s][info][gc,heap        ] GC(1110) ParOldGen: 514502K(667648K)->514502K(667648K)
[405.205s][info][gc,metaspace   ] GC(1110) Metaspace: 18756K(18944K)->18756K(18944K) NonClass: 16927K(17088K)->16927K(17088K) Class: 1828K(1856K)->1828K(1856K)
[405.205s][info][gc             ] GC(1110) Pause Young (Allocation Failure) 690M->582M(869M) 86.140ms
[405.205s][info][gc,cpu         ] GC(1110) User=0.17s Sys=0.00s Real=0.09s
[405.266s][info][gc,start       ] GC(1111) Pause Young (Allocation Failure)
[405.351s][info][gc,heap        ] GC(1111) PSYoungGen: 193696K(222720K)->71968K(222720K) Eden: 111616K(111616K)->0K(111616K) From: 82080K(111104K)->71968K(111104K)
[405.351s][info][gc,heap        ] GC(1111) ParOldGen: 514502K(667648K)->524814K(667648K)
[405.351s][info][gc,metaspace   ] GC(1111) Metaspace: 18756K(18944K)->18756K(18944K) NonClass: 16927K(17088K)->16927K(17088K) Class: 1828K(1856K)->1828K(1856K)
[405.351s][info][gc             ] GC(1111) Pause Young (Allocation Failure) 691M->582M(869M) 85.384ms
[405.351s][info][gc,cpu         ] GC(1111) User=0.17s Sys=0.00s Real=0.08s
[405.441s][info][gc,start       ] GC(1112) Pause Young (Allocation Failure)
[405.529s][info][gc,heap        ] GC(1112) PSYoungGen: 183584K(222720K)->49696K(222720K) Eden: 111616K(111616K)->0K(111616K) From: 71968K(111104K)->49696K(111104K)
[405.529s][info][gc,heap        ] GC(1112) ParOldGen: 524814K(667648K)->559702K(667648K)
[405.529s][info][gc,metaspace   ] GC(1112) Metaspace: 18756K(18944K)->18756K(18944K) NonClass: 16927K(17088K)->16927K(17088K) Class: 1828K(1856K)->1828K(1856K)
[405.529s][info][gc             ] GC(1112) Pause Young (Allocation Failure) 691M->595M(869M) 87.983ms
[405.529s][info][gc,cpu         ] GC(1112) User=0.17s Sys=0.00s Real=0.09s
[405.631s][info][gc,start       ] GC(1113) Pause Young (Allocation Failure)
[405.687s][info][gc,heap        ] GC(1113) PSYoungGen: 161312K(222720K)->22592K(222720K) Eden: 111616K(111616K)->0K(111616K) From: 49696K(111104K)->22592K(111104K)
[405.687s][info][gc,heap        ] GC(1113) ParOldGen: 559702K(667648K)->587654K(667648K)
[405.687s][info][gc,metaspace   ] GC(1113) Metaspace: 18756K(18944K)->18756K(18944K) NonClass: 16927K(17088K)->16927K(17088K) Class: 1828K(1856K)->1828K(1856K)
[405.687s][info][gc             ] GC(1113) Pause Young (Allocation Failure) 704M->595M(869M) 55.863ms
[405.687s][info][gc,cpu         ] GC(1113) User=0.11s Sys=0.00s Real=0.06s
[405.814s][info][gc,start       ] GC(1114) Pause Young (Allocation Failure)
[405.865s][info][gc,heap        ] GC(1114) PSYoungGen: 134208K(222720K)->38704K(222720K) Eden: 111616K(111616K)->0K(111616K) From: 22592K(111104K)->38704K(111104K)
[405.865s][info][gc,heap        ] GC(1114) ParOldGen: 587654K(667648K)->595918K(667648K)
[405.865s][info][gc,metaspace   ] GC(1114) Metaspace: 18756K(18944K)->18756K(18944K) NonClass: 16927K(17088K)->16927K(17088K) Class: 1828K(1856K)->1828K(1856K)
[405.865s][info][gc             ] GC(1114) Pause Young (Allocation Failure) 704M->619M(869M) 51.232ms
[405.865s][info][gc,cpu         ] GC(1114) User=0.10s Sys=0.00s Real=0.06s
[406.003s][info][gc,start       ] GC(1115) Pause Young (Allocation Failure)
[406.061s][info][gc,heap        ] GC(1115) PSYoungGen: 150320K(222720K)->53600K(222720K) Eden: 111616K(111616K)->0K(111616K) From: 38704K(111104K)->53600K(111104K)
[406.061s][info][gc,heap        ] GC(1115) ParOldGen: 595918K(667648K)->597022K(667648K)
[406.061s][info][gc,metaspace   ] GC(1115) Metaspace: 18756K(18944K)->18756K(18944K) NonClass: 16927K(17088K)->16927K(17088K) Class: 1828K(1856K)->1828K(1856K)
[406.061s][info][gc             ] GC(1115) Pause Young (Allocation Failure) 728M->635M(869M) 58.674ms
[406.061s][info][gc,cpu         ] GC(1115) User=0.12s Sys=0.00s Real=0.06s
[406.486s][info][gc,start       ] GC(1116) Pause Young (Allocation Failure)
[406.545s][info][gc,heap        ] GC(1116) PSYoungGen: 165216K(222720K)->40752K(152576K) Eden: 111616K(111616K)->0K(111616K) From: 53600K(111104K)->40752K(40960K)
[406.545s][info][gc,heap        ] GC(1116) ParOldGen: 597022K(667648K)->610311K(667648K)
[406.545s][info][gc,metaspace   ] GC(1116) Metaspace: 18756K(18944K)->18756K(18944K) NonClass: 16927K(17088K)->16927K(17088K) Class: 1828K(1856K)->1828K(1856K)
[406.545s][info][gc             ] GC(1116) Pause Young (Allocation Failure) 744M->635M(801M) 59.053ms
[406.545s][info][gc,cpu         ] GC(1116) User=0.12s Sys=0.00s Real=0.06s
[406.858s][info][gc,start       ] GC(1117) Pause Young (Allocation Failure)
[406.903s][info][gc,heap        ] GC(1117) PSYoungGen: 152368K(152576K)->16480K(219648K) Eden: 111616K(111616K)->0K(113664K) From: 40752K(40960K)->16480K(105984K)
[406.903s][info][gc,heap        ] GC(1117) ParOldGen: 610311K(667648K)->634783K(667648K)
[406.903s][info][gc,metaspace   ] GC(1117) Metaspace: 18756K(18944K)->18756K(18944K) NonClass: 16927K(17088K)->16927K(17088K) Class: 1828K(1856K)->1828K(1856K)
[406.903s][info][gc             ] GC(1117) Pause Young (Allocation Failure) 744M->636M(866M) 45.048ms
[406.903s][info][gc,cpu         ] GC(1117) User=0.09s Sys=0.00s Real=0.04s
[407.203s][info][gc,start       ] GC(1118) Pause Full (Allocation Failure)
[407.203s][info][gc,phases,start] GC(1118) Marking Phase
[407.701s][info][gc,phases      ] GC(1118) Marking Phase 497.246ms
[407.701s][info][gc,phases,start] GC(1118) Summary Phase
[407.701s][info][gc,phases      ] GC(1118) Summary Phase 0.038ms
[407.701s][info][gc,phases,start] GC(1118) Forward
[407.723s][info][gc,phases      ] GC(1118) Forward 22.073ms
[407.723s][info][gc,phases,start] GC(1118) Adjust Pointers
[408.051s][info][gc,phases      ] GC(1118) Adjust Pointers 328.145ms
[408.051s][info][gc,phases,start] GC(1118) Compaction Phase
[408.198s][info][gc,phases      ] GC(1118) Compaction Phase 147.048ms
[408.198s][info][gc,phases,start] GC(1118) Post Compact
[408.200s][info][gc,phases      ] GC(1118) Post Compact 2.285ms
[408.201s][info][gc,heap        ] GC(1118) PSYoungGen: 130144K(219648K)->0K(217600K) Eden: 113664K(113664K)->0K(113664K) From: 16480K(105984K)->0K(103936K)
[408.201s][info][gc,heap        ] GC(1118) ParOldGen: 634783K(667648K)->650842K(667648K)
[408.201s][info][gc,metaspace   ] GC(1118) Metaspace: 18756K(18944K)->18756K(18944K) NonClass: 16927K(17088K)->16927K(17088K) Class: 1828K(1856K)->1828K(1856K)
[408.201s][info][gc             ] GC(1118) Pause Full (Allocation Failure) 747M->635M(864M) 997.368ms
[408.201s][info][gc,cpu         ] GC(1118) User=1.95s Sys=0.00s Real=1.00s
[408.489s][info][gc,start       ] GC(1119) Pause Full (Allocation Failure)
[408.489s][info][gc,phases,start] GC(1119) Marking Phase
[408.975s][info][gc,phases      ] GC(1119) Marking Phase 486.287ms
[408.976s][info][gc,phases,start] GC(1119) Summary Phase
[408.976s][info][gc,phases      ] GC(1119) Summary Phase 0.027ms
[408.976s][info][gc,phases,start] GC(1119) Forward
[408.976s][info][gc,phases      ] GC(1119) Forward 0.296ms
[408.976s][info][gc,phases,start] GC(1119) Adjust Pointers
[409.285s][info][gc,phases      ] GC(1119) Adjust Pointers 308.762ms
[409.285s][info][gc,phases,start] GC(1119) Compaction Phase
[409.415s][info][gc,phases      ] GC(1119) Compaction Phase 130.064ms
[409.415s][info][gc,phases,start] GC(1119) Post Compact
[409.417s][info][gc,phases      ] GC(1119) Post Compact 2.174ms
[409.417s][info][gc,heap        ] GC(1119) PSYoungGen: 113664K(217600K)->0K(225792K) Eden: 113664K(113664K)->0K(122880K) From: 0K(103936K)->0K(102912K)
[409.417s][info][gc,heap        ] GC(1119) ParOldGen: 650842K(667648K)->650846K(667648K)
[409.417s][info][gc,metaspace   ] GC(1119) Metaspace: 18756K(18944K)->18756K(18944K) NonClass: 16927K(17088K)->16927K(17088K) Class: 1828K(1856K)->1828K(1856K)
[409.417s][info][gc             ] GC(1119) Pause Full (Allocation Failure) 746M->635M(872M) 928.102ms
[409.417s][info][gc,cpu         ] GC(1119) User=1.82s Sys=0.00s Real=0.93s
[409.719s][info][gc,start       ] GC(1120) Pause Full (Allocation Failure)
[409.719s][info][gc,phases,start] GC(1120) Marking Phase
[410.212s][info][gc,phases      ] GC(1120) Marking Phase 492.983ms
[410.212s][info][gc,phases,start] GC(1120) Summary Phase
[410.212s][info][gc,phases      ] GC(1120) Summary Phase 0.026ms
[410.212s][info][gc,phases,start] GC(1120) Forward
[410.213s][info][gc,phases      ] GC(1120) Forward 0.352ms
[410.213s][info][gc,phases,start] GC(1120) Adjust Pointers
[410.538s][info][gc,phases      ] GC(1120) Adjust Pointers 325.627ms
[410.538s][info][gc,phases,start] GC(1120) Compaction Phase
[410.677s][info][gc,phases      ] GC(1120) Compaction Phase 138.788ms
[410.677s][info][gc,phases,start] GC(1120) Post Compact
[410.679s][info][gc,phases      ] GC(1120) Post Compact 2.233ms
[410.680s][info][gc,heap        ] GC(1120) PSYoungGen: 122880K(225792K)->0K(226816K) Eden: 122880K(122880K)->0K(122880K) From: 0K(102912K)->0K(103936K)
[410.680s][info][gc,heap        ] GC(1120) ParOldGen: 650846K(667648K)->650849K(667648K)
[410.680s][info][gc,metaspace   ] GC(1120) Metaspace: 18756K(18944K)->18756K(18944K) NonClass: 16927K(17088K)->16927K(17088K) Class: 1828K(1856K)->1828K(1856K)
[410.680s][info][gc             ] GC(1120) Pause Full (Allocation Failure) 755M->635M(873M) 960.490ms
[410.680s][info][gc,cpu         ] GC(1120) User=1.88s Sys=0.01s Real=0.96s
[410.985s][info][gc,start       ] GC(1121) Pause Full (Allocation Failure)
[410.985s][info][gc,phases,start] GC(1121) Marking Phase
[411.481s][info][gc,phases      ] GC(1121) Marking Phase 496.105ms
[411.481s][info][gc,phases,start] GC(1121) Summary Phase
[411.481s][info][gc,phases      ] GC(1121) Summary Phase 0.027ms
[411.481s][info][gc,phases,start] GC(1121) Forward
[411.481s][info][gc,phases      ] GC(1121) Forward 0.307ms
[411.481s][info][gc,phases,start] GC(1121) Adjust Pointers
[411.805s][info][gc,phases      ] GC(1121) Adjust Pointers 323.167ms
[411.805s][info][gc,phases,start] GC(1121) Compaction Phase
[411.944s][info][gc,phases      ] GC(1121) Compaction Phase 139.182ms
[411.944s][info][gc,phases,start] GC(1121) Post Compact
[411.946s][info][gc,phases      ] GC(1121) Post Compact 2.230ms
[411.946s][info][gc,heap        ] GC(1121) PSYoungGen: 122880K(226816K)->0K(229888K) Eden: 122880K(122880K)->0K(125952K) From: 0K(103936K)->0K(103936K)
[411.946s][info][gc,heap        ] GC(1121) ParOldGen: 650849K(667648K)->650852K(667648K)
[411.946s][info][gc,metaspace   ] GC(1121) Metaspace: 18756K(18944K)->18756K(18944K) NonClass: 16927K(17088K)->16927K(17088K) Class: 1828K(1856K)->1828K(1856K)
[411.946s][info][gc             ] GC(1121) Pause Full (Allocation Failure) 755M->635M(876M) 961.454ms
[411.946s][info][gc,cpu         ] GC(1121) User=1.88s Sys=0.00s Real=0.96s
[412.265s][info][gc,start       ] GC(1122) Pause Full (Allocation Failure)
[412.265s][info][gc,phases,start] GC(1122) Marking Phase
[412.764s][info][gc,phases      ] GC(1122) Marking Phase 499.464ms
[412.764s][info][gc,phases,start] GC(1122) Summary Phase
[412.764s][info][gc,phases      ] GC(1122) Summary Phase 0.026ms
[412.764s][info][gc,phases,start] GC(1122) Forward
[412.765s][info][gc,phases      ] GC(1122) Forward 0.575ms
[412.765s][info][gc,phases,start] GC(1122) Adjust Pointers
[413.091s][info][gc,phases      ] GC(1122) Adjust Pointers 325.869ms
[413.091s][info][gc,phases,start] GC(1122) Compaction Phase
[413.230s][info][gc,phases      ] GC(1122) Compaction Phase 138.932ms
[413.230s][info][gc,phases,start] GC(1122) Post Compact
[413.232s][info][gc,phases      ] GC(1122) Post Compact 2.256ms
[413.232s][info][gc,heap        ] GC(1122) PSYoungGen: 125952K(229888K)->0K(229888K) Eden: 125952K(125952K)->0K(125952K) From: 0K(103936K)->0K(103936K)
[413.232s][info][gc,heap        ] GC(1122) ParOldGen: 650852K(667648K)->650855K(667648K)
[413.232s][info][gc,metaspace   ] GC(1122) Metaspace: 18756K(18944K)->18756K(18944K) NonClass: 16927K(17088K)->16927K(17088K) Class: 1828K(1856K)->1828K(1856K)
[413.232s][info][gc             ] GC(1122) Pause Full (Allocation Failure) 758M->635M(876M) 967.579ms
[413.232s][info][gc,cpu         ] GC(1122) User=1.90s Sys=0.00s Real=0.97s
[413.528s][info][gc,start       ] GC(1123) Pause Full (Allocation Failure)
[413.528s][info][gc,phases,start] GC(1123) Marking Phase
[413.955s][info][gc,phases      ] GC(1123) Marking Phase 426.572ms
[413.955s][info][gc,phases,start] GC(1123) Summary Phase
[413.955s][info][gc,phases      ] GC(1123) Summary Phase 0.028ms
[413.955s][info][gc,phases,start] GC(1123) Forward
[414.043s][info][gc,phases      ] GC(1123) Forward 87.496ms
[414.043s][info][gc,phases,start] GC(1123) Adjust Pointers
[414.347s][info][gc,phases      ] GC(1123) Adjust Pointers 304.567ms
[414.347s][info][gc,phases,start] GC(1123) Compaction Phase
[414.507s][info][gc,phases      ] GC(1123) Compaction Phase 159.150ms
[414.515s][info][gc,phases,start] GC(1123) Post Compact
[414.517s][info][gc,phases      ] GC(1123) Post Compact 2.321ms
[414.517s][info][gc,heap        ] GC(1123) PSYoungGen: 125952K(229888K)->0K(229888K) Eden: 125952K(125952K)->0K(125952K) From: 0K(103936K)->0K(103936K)
[414.517s][info][gc,heap        ] GC(1123) ParOldGen: 650855K(667648K)->555800K(667648K)
[414.517s][info][gc,metaspace   ] GC(1123) Metaspace: 18756K(18944K)->18756K(18944K) NonClass: 16927K(17088K)->16927K(17088K) Class: 1828K(1856K)->1828K(1856K)
[414.517s][info][gc             ] GC(1123) Pause Full (Allocation Failure) 758M->542M(876M) 988.722ms
[414.517s][info][gc,cpu         ] GC(1123) User=1.88s Sys=0.01s Real=0.99s
[414.819s][info][gc,start       ] GC(1124) Pause Young (Allocation Failure)
[414.823s][info][gc,heap        ] GC(1124) PSYoungGen: 125952K(229888K)->2496K(128512K) Eden: 125952K(125952K)->0K(125952K) From: 0K(103936K)->2496K(2560K)
[414.823s][info][gc,heap        ] GC(1124) ParOldGen: 555800K(667648K)->555800K(667648K)
[414.823s][info][gc,metaspace   ] GC(1124) Metaspace: 18756K(18944K)->18756K(18944K) NonClass: 16927K(17088K)->16927K(17088K) Class: 1828K(1856K)->1828K(1856K)
[414.823s][info][gc             ] GC(1124) Pause Young (Allocation Failure) 665M->545M(777M) 4.338ms
[414.823s][info][gc,cpu         ] GC(1124) User=0.00s Sys=0.00s Real=0.00s
[414.958s][info][gc,start       ] GC(1125) Pause Young (Allocation Failure)
[414.984s][info][gc,heap        ] GC(1125) PSYoungGen: 128448K(128512K)->31536K(230400K) Eden: 125952K(125952K)->0K(131072K) From: 2496K(2560K)->31536K(99328K)
[414.984s][info][gc,heap        ] GC(1125) ParOldGen: 555800K(667648K)->555800K(667648K)
[414.984s][info][gc,metaspace   ] GC(1125) Metaspace: 18756K(18944K)->18756K(18944K) NonClass: 16927K(17088K)->16927K(17088K) Class: 1828K(1856K)->1828K(1856K)
[414.984s][info][gc             ] GC(1125) Pause Young (Allocation Failure) 668M->573M(877M) 25.540ms
[414.984s][info][gc,cpu         ] GC(1125) User=0.05s Sys=0.00s Real=0.02s
[415.050s][info][gc,start       ] GC(1126) Pause Young (Allocation Failure)
[415.103s][info][gc,heap        ] GC(1126) PSYoungGen: 162608K(230400K)->76688K(207872K) Eden: 131072K(131072K)->0K(131072K) From: 31536K(99328K)->76688K(76800K)
[415.103s][info][gc,heap        ] GC(1126) ParOldGen: 555800K(667648K)->555800K(667648K)
[415.103s][info][gc,metaspace   ] GC(1126) Metaspace: 18756K(18944K)->18756K(18944K) NonClass: 16927K(17088K)->16927K(17088K) Class: 1828K(1856K)->1828K(1856K)
[415.103s][info][gc             ] GC(1126) Pause Young (Allocation Failure) 701M->617M(855M) 53.180ms
[415.103s][info][gc,cpu         ] GC(1126) User=0.11s Sys=0.00s Real=0.05s
[415.214s][info][gc,start       ] GC(1127) Pause Young (Allocation Failure)
[415.311s][info][gc,heap        ] GC(1127) PSYoungGen: 207760K(207872K)->106976K(218624K) Eden: 131072K(131072K)->0K(111616K) From: 76688K(76800K)->106976K(107008K)
[415.311s][info][gc,heap        ] GC(1127) ParOldGen: 555800K(667648K)->575005K(667648K)
[415.311s][info][gc,metaspace   ] GC(1127) Metaspace: 18756K(18944K)->18756K(18944K) NonClass: 16927K(17088K)->16927K(17088K) Class: 1828K(1856K)->1828K(1856K)
[415.311s][info][gc             ] GC(1127) Pause Young (Allocation Failure) 745M->665M(865M) 96.624ms
[415.311s][info][gc,cpu         ] GC(1127) User=0.17s Sys=0.03s Real=0.10s
[415.361s][info][gc,start       ] GC(1128) Pause Young (Allocation Failure)
[415.454s][info][gc,heap        ] GC(1128) PSYoungGen: 218592K(218624K)->111104K(222720K) Eden: 111616K(111616K)->0K(111616K) From: 106976K(107008K)->111104K(111104K)
[415.454s][info][gc,heap        ] GC(1128) ParOldGen: 575005K(667648K)->603748K(667648K)
[415.454s][info][gc,metaspace   ] GC(1128) Metaspace: 18756K(18944K)->18756K(18944K) NonClass: 16927K(17088K)->16927K(17088K) Class: 1828K(1856K)->1828K(1856K)
[415.454s][info][gc             ] GC(1128) Pause Young (Allocation Failure) 774M->698M(869M) 93.043ms
[415.454s][info][gc,cpu         ] GC(1128) User=0.18s Sys=0.00s Real=0.09s
[415.581s][info][gc,start       ] GC(1129) Pause Young (Allocation Failure)
[415.670s][info][gc,heap        ] GC(1129) PSYoungGen: 222720K(222720K)->111104K(222720K) Eden: 111616K(111616K)->0K(111616K) From: 111104K(111104K)->111104K(111104K)
[415.670s][info][gc,heap        ] GC(1129) ParOldGen: 603748K(667648K)->608736K(667648K)
[415.670s][info][gc,metaspace   ] GC(1129) Metaspace: 18756K(18944K)->18756K(18944K) NonClass: 16927K(17088K)->16927K(17088K) Class: 1828K(1856K)->1828K(1856K)
[415.670s][info][gc             ] GC(1129) Pause Young (Allocation Failure) 807M->702M(869M) 89.623ms
[415.670s][info][gc,cpu         ] GC(1129) User=0.18s Sys=0.00s Real=0.09s
[415.794s][info][gc,start       ] GC(1130) Pause Young (Allocation Failure)
[415.921s][info][gc,heap        ] GC(1130) PSYoungGen: 222720K(222720K)->75670K(222720K) Eden: 111616K(111616K)->0K(111616K) From: 111104K(111104K)->75670K(111104K)
[415.921s][info][gc,heap        ] GC(1130) ParOldGen: 608736K(667648K)->663616K(667648K)
[415.921s][info][gc,metaspace   ] GC(1130) Metaspace: 18756K(18944K)->18756K(18944K) NonClass: 16927K(17088K)->16927K(17088K) Class: 1828K(1856K)->1828K(1856K)
[415.921s][info][gc             ] GC(1130) Pause Young (Allocation Failure) 811M->721M(869M) 126.724ms
[415.921s][info][gc,cpu         ] GC(1130) User=0.25s Sys=0.00s Real=0.13s
[416.045s][info][gc,start       ] GC(1131) Pause Full (Allocation Failure)
[416.046s][info][gc,phases,start] GC(1131) Marking Phase
[416.312s][info][gc,phases      ] GC(1131) Marking Phase 266.905ms
[416.313s][info][gc,phases,start] GC(1131) Summary Phase
[416.313s][info][gc,phases      ] GC(1131) Summary Phase 0.032ms
[416.313s][info][gc,phases,start] GC(1131) Forward
[416.402s][info][gc,phases      ] GC(1131) Forward 89.717ms
[416.402s][info][gc,phases,start] GC(1131) Adjust Pointers
[416.605s][info][gc,phases      ] GC(1131) Adjust Pointers 202.431ms
[416.605s][info][gc,phases,start] GC(1131) Compaction Phase
[416.718s][info][gc,phases      ] GC(1131) Compaction Phase 112.627ms
[416.725s][info][gc,phases,start] GC(1131) Post Compact
[416.727s][info][gc,phases      ] GC(1131) Post Compact 2.505ms
[416.728s][info][gc,heap        ] GC(1131) PSYoungGen: 187286K(222720K)->0K(222720K) Eden: 111616K(111616K)->0K(111616K) From: 75670K(111104K)->0K(111104K)
[416.728s][info][gc,heap        ] GC(1131) ParOldGen: 663616K(667648K)->400087K(667648K)
[416.728s][info][gc,metaspace   ] GC(1131) Metaspace: 18756K(18944K)->18756K(18944K) NonClass: 16927K(17088K)->16927K(17088K) Class: 1828K(1856K)->1828K(1856K)
[416.728s][info][gc             ] GC(1131) Pause Full (Allocation Failure) 830M->390M(869M) 682.104ms
[416.728s][info][gc,cpu         ] GC(1131) User=1.27s Sys=0.00s Real=0.68s
[416.850s][info][gc,start       ] GC(1132) Pause Young (Allocation Failure)
[416.852s][info][gc,heap        ] GC(1132) PSYoungGen: 111616K(222720K)->128K(222720K) Eden: 111616K(111616K)->0K(111616K) From: 0K(111104K)->128K(111104K)
[416.852s][info][gc,heap        ] GC(1132) ParOldGen: 400087K(667648K)->400087K(667648K)
[416.852s][info][gc,metaspace   ] GC(1132) Metaspace: 18756K(18944K)->18756K(18944K) NonClass: 16927K(17088K)->16927K(17088K) Class: 1828K(1856K)->1828K(1856K)
[416.852s][info][gc             ] GC(1132) Pause Young (Allocation Failure) 499M->390M(869M) 1.992ms
[416.852s][info][gc,cpu         ] GC(1132) User=0.00s Sys=0.00s Real=0.00s
[416.976s][info][gc,start       ] GC(1133) Pause Young (Allocation Failure)
[416.978s][info][gc,heap        ] GC(1133) PSYoungGen: 111744K(222720K)->256K(222720K) Eden: 111616K(111616K)->0K(111616K) From: 128K(111104K)->256K(111104K)
[416.978s][info][gc,heap        ] GC(1133) ParOldGen: 400087K(667648K)->400087K(667648K)
[416.978s][info][gc,metaspace   ] GC(1133) Metaspace: 18756K(18944K)->18756K(18944K) NonClass: 16927K(17088K)->16927K(17088K) Class: 1828K(1856K)->1828K(1856K)
[416.978s][info][gc             ] GC(1133) Pause Young (Allocation Failure) 499M->390M(869M) 2.048ms
[416.978s][info][gc,cpu         ] GC(1133) User=0.00s Sys=0.00s Real=0.00s
[417.103s][info][gc,start       ] GC(1134) Pause Young (Allocation Failure)
[417.105s][info][gc,heap        ] GC(1134) PSYoungGen: 111872K(222720K)->128K(222720K) Eden: 111616K(111616K)->0K(111616K) From: 256K(111104K)->128K(111104K)
[417.105s][info][gc,heap        ] GC(1134) ParOldGen: 400087K(667648K)->400311K(667648K)
[417.105s][info][gc,metaspace   ] GC(1134) Metaspace: 18756K(18944K)->18756K(18944K) NonClass: 16927K(17088K)->16927K(17088K) Class: 1828K(1856K)->1828K(1856K)
[417.105s][info][gc             ] GC(1134) Pause Young (Allocation Failure) 499M->391M(869M) 2.157ms
[417.105s][info][gc,cpu         ] GC(1134) User=0.00s Sys=0.00s Real=0.01s
[417.230s][info][gc,start       ] GC(1135) Pause Young (Allocation Failure)
[417.232s][info][gc,heap        ] GC(1135) PSYoungGen: 111744K(222720K)->128K(222720K) Eden: 111616K(111616K)->0K(111616K) From: 128K(111104K)->128K(111104K)
[417.232s][info][gc,heap        ] GC(1135) ParOldGen: 400311K(667648K)->400399K(667648K)
[417.232s][info][gc,metaspace   ] GC(1135) Metaspace: 18756K(18944K)->18756K(18944K) NonClass: 16927K(17088K)->16927K(17088K) Class: 1828K(1856K)->1828K(1856K)
[417.232s][info][gc             ] GC(1135) Pause Young (Allocation Failure) 500M->391M(869M) 2.031ms
[417.232s][info][gc,cpu         ] GC(1135) User=0.01s Sys=0.00s Real=0.00s
[417.355s][info][gc,start       ] GC(1136) Pause Young (Allocation Failure)
[417.357s][info][gc,heap        ] GC(1136) PSYoungGen: 111744K(222720K)->160K(222720K) Eden: 111616K(111616K)->0K(111616K) From: 128K(111104K)->160K(111104K)
[417.357s][info][gc,heap        ] GC(1136) ParOldGen: 400399K(667648K)->400479K(667648K)
[417.357s][info][gc,metaspace   ] GC(1136) Metaspace: 18756K(18944K)->18756K(18944K) NonClass: 16927K(17088K)->16927K(17088K) Class: 1828K(1856K)->1828K(1856K)
[417.357s][info][gc             ] GC(1136) Pause Young (Allocation Failure) 500M->391M(869M) 2.127ms
[417.357s][info][gc,cpu         ] GC(1136) User=0.00s Sys=0.00s Real=0.00s
[417.483s][info][gc,start       ] GC(1137) Pause Young (Allocation Failure)
[417.485s][info][gc,heap        ] GC(1137) PSYoungGen: 111776K(222720K)->128K(222720K) Eden: 111616K(111616K)->0K(111616K) From: 160K(111104K)->128K(111104K)
[417.485s][info][gc,heap        ] GC(1137) ParOldGen: 400479K(667648K)->400591K(667648K)
[417.485s][info][gc,metaspace   ] GC(1137) Metaspace: 18756K(18944K)->18756K(18944K) NonClass: 16927K(17088K)->16927K(17088K) Class: 1828K(1856K)->1828K(1856K)
[417.485s][info][gc             ] GC(1137) Pause Young (Allocation Failure) 500M->391M(869M) 2.073ms
[417.485s][info][gc,cpu         ] GC(1137) User=0.00s Sys=0.00s Real=0.01s
[417.614s][info][gc,start       ] GC(1138) Pause Young (Allocation Failure)
[417.617s][info][gc,heap        ] GC(1138) PSYoungGen: 111744K(222720K)->128K(222720K) Eden: 111616K(111616K)->0K(111616K) From: 128K(111104K)->128K(111104K)
[417.617s][info][gc,heap        ] GC(1138) ParOldGen: 400591K(667648K)->400679K(667648K)
[417.617s][info][gc,metaspace   ] GC(1138) Metaspace: 18756K(18944K)->18756K(18944K) NonClass: 16927K(17088K)->16927K(17088K) Class: 1828K(1856K)->1828K(1856K)
[417.617s][info][gc             ] GC(1138) Pause Young (Allocation Failure) 500M->391M(869M) 2.119ms
[417.617s][info][gc,cpu         ] GC(1138) User=0.00s Sys=0.00s Real=0.01s
[417.736s][info][gc,start       ] GC(1139) Pause Young (Allocation Failure)
[417.748s][info][gc,heap        ] GC(1139) PSYoungGen: 111744K(222720K)->3520K(222720K) Eden: 111616K(111616K)->0K(111616K) From: 128K(111104K)->3520K(111104K)
[417.748s][info][gc,heap        ] GC(1139) ParOldGen: 400679K(667648K)->400783K(667648K)
[417.748s][info][gc,metaspace   ] GC(1139) Metaspace: 18756K(18944K)->18756K(18944K) NonClass: 16927K(17088K)->16927K(17088K) Class: 1828K(1856K)->1828K(1856K)
[417.748s][info][gc             ] GC(1139) Pause Young (Allocation Failure) 500M->394M(869M) 11.622ms
[417.748s][info][gc,cpu         ] GC(1139) User=0.02s Sys=0.00s Real=0.01s
[417.897s][info][gc,start       ] GC(1140) Pause Young (Allocation Failure)
[417.938s][info][gc,heap        ] GC(1140) PSYoungGen: 115136K(222720K)->17611K(222720K) Eden: 111616K(111616K)->0K(111616K) From: 3520K(111104K)->17611K(111104K)
[417.938s][info][gc,heap        ] GC(1140) ParOldGen: 400783K(667648K)->404303K(667648K)
[417.938s][info][gc,metaspace   ] GC(1140) Metaspace: 18756K(18944K)->18756K(18944K) NonClass: 16927K(17088K)->16927K(17088K) Class: 1828K(1856K)->1828K(1856K)
[417.938s][info][gc             ] GC(1140) Pause Young (Allocation Failure) 503M->412M(869M) 40.585ms
[417.938s][info][gc,cpu         ] GC(1140) User=0.08s Sys=0.00s Real=0.04s
[418.085s][info][gc,start       ] GC(1141) Pause Young (Allocation Failure)
[418.116s][info][gc,heap        ] GC(1141) PSYoungGen: 129227K(222720K)->32K(222720K) Eden: 111616K(111616K)->0K(111616K) From: 17611K(111104K)->32K(111104K)
[418.116s][info][gc,heap        ] GC(1141) ParOldGen: 404303K(667648K)->421947K(667648K)
[418.116s][info][gc,metaspace   ] GC(1141) Metaspace: 18756K(18944K)->18756K(18944K) NonClass: 16927K(17088K)->16927K(17088K) Class: 1828K(1856K)->1828K(1856K)
[418.116s][info][gc             ] GC(1141) Pause Young (Allocation Failure) 521M->412M(869M) 31.024ms
[418.116s][info][gc,cpu         ] GC(1141) User=0.06s Sys=0.00s Real=0.03s
[418.265s][info][gc,start       ] GC(1142) Pause Young (Allocation Failure)
[418.267s][info][gc,heap        ] GC(1142) PSYoungGen: 111648K(222720K)->64K(222720K) Eden: 111616K(111616K)->0K(111616K) From: 32K(111104K)->64K(111104K)
[418.267s][info][gc,heap        ] GC(1142) ParOldGen: 421947K(667648K)->421947K(667648K)
[418.267s][info][gc,metaspace   ] GC(1142) Metaspace: 18756K(18944K)->18756K(18944K) NonClass: 16927K(17088K)->16927K(17088K) Class: 1828K(1856K)->1828K(1856K)
[418.267s][info][gc             ] GC(1142) Pause Young (Allocation Failure) 521M->412M(869M) 1.589ms
[418.267s][info][gc,cpu         ] GC(1142) User=0.00s Sys=0.00s Real=0.00s
[418.414s][info][gc,start       ] GC(1143) Pause Young (Allocation Failure)
[418.416s][info][gc,heap        ] GC(1143) PSYoungGen: 111680K(222720K)->64K(222720K) Eden: 111616K(111616K)->0K(111616K) From: 64K(111104K)->64K(111104K)
[418.416s][info][gc,heap        ] GC(1143) ParOldGen: 421947K(667648K)->421947K(667648K)
[418.416s][info][gc,metaspace   ] GC(1143) Metaspace: 18756K(18944K)->18756K(18944K) NonClass: 16927K(17088K)->16927K(17088K) Class: 1828K(1856K)->1828K(1856K)
[418.416s][info][gc             ] GC(1143) Pause Young (Allocation Failure) 521M->412M(869M) 1.545ms
[418.416s][info][gc,cpu         ] GC(1143) User=0.01s Sys=0.00s Real=0.01s
[418.561s][info][gc,start       ] GC(1144) Pause Young (Allocation Failure)
[418.564s][info][gc,heap        ] GC(1144) PSYoungGen: 111680K(222720K)->64K(112128K) Eden: 111616K(111616K)->0K(111616K) From: 64K(111104K)->64K(512K)
[418.564s][info][gc,heap        ] GC(1144) ParOldGen: 421947K(667648K)->421947K(667648K)
[418.564s][info][gc,metaspace   ] GC(1144) Metaspace: 18756K(18944K)->18756K(18944K) NonClass: 16927K(17088K)->16927K(17088K) Class: 1828K(1856K)->1828K(1856K)
[418.564s][info][gc             ] GC(1144) Pause Young (Allocation Failure) 521M->412M(761M) 2.517ms
[418.564s][info][gc,cpu         ] GC(1144) User=0.00s Sys=0.00s Real=0.00s
[418.711s][info][gc,start       ] GC(1145) Pause Young (Allocation Failure)
[418.713s][info][gc,heap        ] GC(1145) PSYoungGen: 111680K(112128K)->64K(209920K) Eden: 111616K(111616K)->0K(113664K) From: 64K(512K)->64K(96256K)
[418.713s][info][gc,heap        ] GC(1145) ParOldGen: 421947K(667648K)->421947K(667648K)
[418.713s][info][gc,metaspace   ] GC(1145) Metaspace: 18756K(18944K)->18756K(18944K) NonClass: 16927K(17088K)->16927K(17088K) Class: 1828K(1856K)->1828K(1856K)
[418.713s][info][gc             ] GC(1145) Pause Young (Allocation Failure) 521M->412M(857M) 2.345ms
[418.714s][info][gc,cpu         ] GC(1145) User=0.00s Sys=0.00s Real=0.00s
[418.864s][info][gc,start       ] GC(1146) Pause Young (Allocation Failure)
[418.866s][info][gc,heap        ] GC(1146) PSYoungGen: 113728K(209920K)->64K(114176K) Eden: 113664K(113664K)->0K(113664K) From: 64K(96256K)->64K(512K)
[418.866s][info][gc,heap        ] GC(1146) ParOldGen: 421947K(667648K)->421947K(667648K)
[418.866s][info][gc,metaspace   ] GC(1146) Metaspace: 18756K(18944K)->18756K(18944K) NonClass: 16927K(17088K)->16927K(17088K) Class: 1828K(1856K)->1828K(1856K)
[418.866s][info][gc             ] GC(1146) Pause Young (Allocation Failure) 523M->412M(763M) 2.431ms
[418.866s][info][gc,cpu         ] GC(1146) User=0.01s Sys=0.01s Real=0.01s
[418.986s][info][gc,start       ] GC(1147) Pause Young (Allocation Failure)
[419.006s][info][gc,heap        ] GC(1147) PSYoungGen: 113728K(114176K)->14624K(195072K) Eden: 113664K(113664K)->0K(116224K) From: 64K(512K)->14624K(78848K)
[419.006s][info][gc,heap        ] GC(1147) ParOldGen: 421947K(667648K)->421947K(667648K)
[419.006s][info][gc,metaspace   ] GC(1147) Metaspace: 18756K(18944K)->18756K(18944K) NonClass: 16927K(17088K)->16927K(17088K) Class: 1828K(1856K)->1828K(1856K)
[419.006s][info][gc             ] GC(1147) Pause Young (Allocation Failure) 523M->426M(842M) 19.555ms
[419.006s][info][gc,cpu         ] GC(1147) User=0.04s Sys=0.00s Real=0.02s
[419.111s][info][gc,start       ] GC(1148) Pause Young (Allocation Failure)
[419.148s][info][gc,heap        ] GC(1148) PSYoungGen: 130848K(195072K)->34016K(202240K) Eden: 116224K(116224K)->0K(116224K) From: 14624K(78848K)->34016K(86016K)
[419.148s][info][gc,heap        ] GC(1148) ParOldGen: 421947K(667648K)->421947K(667648K)
[419.148s][info][gc,metaspace   ] GC(1148) Metaspace: 18756K(18944K)->18756K(18944K) NonClass: 16927K(17088K)->16927K(17088K) Class: 1828K(1856K)->1828K(1856K)
[419.148s][info][gc             ] GC(1148) Pause Young (Allocation Failure) 539M->445M(849M) 36.702ms
[419.148s][info][gc,cpu         ] GC(1148) User=0.07s Sys=0.00s Real=0.04s
[419.252s][info][gc,start       ] GC(1149) Pause Young (Allocation Failure)
[419.292s][info][gc,heap        ] GC(1149) PSYoungGen: 150240K(202240K)->37984K(205824K) Eden: 116224K(116224K)->0K(119296K) From: 34016K(86016K)->37984K(86528K)
[419.292s][info][gc,heap        ] GC(1149) ParOldGen: 421947K(667648K)->421947K(667648K)
[419.292s][info][gc,metaspace   ] GC(1149) Metaspace: 18756K(18944K)->18756K(18944K) NonClass: 16927K(17088K)->16927K(17088K) Class: 1828K(1856K)->1828K(1856K)
[419.292s][info][gc             ] GC(1149) Pause Young (Allocation Failure) 558M->449M(853M) 40.304ms
[419.292s][info][gc,cpu         ] GC(1149) User=0.08s Sys=0.00s Real=0.04s
[419.382s][info][gc,start       ] GC(1150) Pause Young (Allocation Failure)
[419.424s][info][gc,heap        ] GC(1150) PSYoungGen: 157280K(205824K)->39488K(206848K) Eden: 119296K(119296K)->0K(119296K) From: 37984K(86528K)->39488K(87552K)
[419.424s][info][gc,heap        ] GC(1150) ParOldGen: 421947K(667648K)->421947K(667648K)
[419.424s][info][gc,metaspace   ] GC(1150) Metaspace: 18756K(18944K)->18756K(18944K) NonClass: 16927K(17088K)->16927K(17088K) Class: 1828K(1856K)->1828K(1856K)
[419.424s][info][gc             ] GC(1150) Pause Young (Allocation Failure) 565M->450M(854M) 41.915ms
[419.424s][info][gc,cpu         ] GC(1150) User=0.09s Sys=0.00s Real=0.04s
[419.533s][info][gc,start       ] GC(1151) Pause Young (Allocation Failure)
[419.576s][info][gc,heap        ] GC(1151) PSYoungGen: 158784K(206848K)->39616K(212992K) Eden: 119296K(119296K)->0K(124928K) From: 39488K(87552K)->39616K(88064K)
[419.576s][info][gc,heap        ] GC(1151) ParOldGen: 421947K(667648K)->421947K(667648K)
[419.576s][info][gc,metaspace   ] GC(1151) Metaspace: 18756K(18944K)->18756K(18944K) NonClass: 16927K(17088K)->16927K(17088K) Class: 1828K(1856K)->1828K(1856K)
[419.576s][info][gc             ] GC(1151) Pause Young (Allocation Failure) 567M->450M(860M) 42.102ms
[419.576s][info][gc,cpu         ] GC(1151) User=0.08s Sys=0.00s Real=0.05s
[419.692s][info][gc,start       ] GC(1152) Pause Young (Allocation Failure)
[419.737s][info][gc,heap        ] GC(1152) PSYoungGen: 164544K(212992K)->43264K(213504K) Eden: 124928K(124928K)->0K(124928K) From: 39616K(88064K)->43264K(88576K)
[419.737s][info][gc,heap        ] GC(1152) ParOldGen: 421947K(667648K)->421947K(667648K)
[419.737s][info][gc,metaspace   ] GC(1152) Metaspace: 18756K(18944K)->18756K(18944K) NonClass: 16927K(17088K)->16927K(17088K) Class: 1828K(1856K)->1828K(1856K)
[419.737s][info][gc             ] GC(1152) Pause Young (Allocation Failure) 572M->454M(860M) 45.418ms
[419.737s][info][gc,cpu         ] GC(1152) User=0.09s Sys=0.00s Real=0.05s
[419.832s][info][gc,start       ] GC(1153) Pause Young (Allocation Failure)
[419.895s][info][gc,heap        ] GC(1153) PSYoungGen: 168192K(213504K)->52928K(218112K) Eden: 124928K(124928K)->0K(128512K) From: 43264K(88576K)->52928K(89600K)
[419.895s][info][gc,heap        ] GC(1153) ParOldGen: 421947K(667648K)->421947K(667648K)
[419.895s][info][gc,metaspace   ] GC(1153) Metaspace: 18756K(18944K)->18756K(18944K) NonClass: 16927K(17088K)->16927K(17088K) Class: 1828K(1856K)->1828K(1856K)
[419.895s][info][gc             ] GC(1153) Pause Young (Allocation Failure) 576M->463M(865M) 63.018ms
[419.896s][info][gc,cpu         ] GC(1153) User=0.13s Sys=0.00s Real=0.07s
[420.000s][info][gc,start       ] GC(1154) Pause Young (Allocation Failure)
[420.083s][info][gc,heap        ] GC(1154) PSYoungGen: 181440K(218112K)->80224K(222208K) Eden: 128512K(128512K)->0K(128512K) From: 52928K(89600K)->80224K(93696K)
[420.083s][info][gc,heap        ] GC(1154) ParOldGen: 421947K(667648K)->421947K(667648K)
[420.083s][info][gc,metaspace   ] GC(1154) Metaspace: 18756K(18944K)->18756K(18944K) NonClass: 16927K(17088K)->16927K(17088K) Class: 1828K(1856K)->1828K(1856K)
[420.083s][info][gc             ] GC(1154) Pause Young (Allocation Failure) 589M->490M(869M) 83.441ms
[420.083s][info][gc,cpu         ] GC(1154) User=0.17s Sys=0.00s Real=0.08s
[420.211s][info][gc,start       ] GC(1155) Pause Young (Allocation Failure)
[420.328s][info][gc,heap        ] GC(1155) PSYoungGen: 208736K(222208K)->103328K(218112K) Eden: 128512K(128512K)->0K(111616K) From: 80224K(93696K)->103328K(106496K)
[420.328s][info][gc,heap        ] GC(1155) ParOldGen: 421947K(667648K)->421947K(667648K)
[420.328s][info][gc,metaspace   ] GC(1155) Metaspace: 18756K(18944K)->18756K(18944K) NonClass: 16927K(17088K)->16927K(17088K) Class: 1828K(1856K)->1828K(1856K)
[420.328s][info][gc             ] GC(1155) Pause Young (Allocation Failure) 615M->512M(865M) 116.976ms
[420.328s][info][gc,cpu         ] GC(1155) User=0.21s Sys=0.02s Real=0.12s
[420.384s][info][gc,start       ] GC(1156) Pause Young (Allocation Failure)
[420.494s][info][gc,heap        ] GC(1156) PSYoungGen: 214944K(218112K)->111088K(222720K) Eden: 111616K(111616K)->0K(111616K) From: 103328K(106496K)->111088K(111104K)
[420.494s][info][gc,heap        ] GC(1156) ParOldGen: 421947K(667648K)->423459K(667648K)
[420.494s][info][gc,metaspace   ] GC(1156) Metaspace: 18756K(18944K)->18756K(18944K) NonClass: 16927K(17088K)->16927K(17088K) Class: 1828K(1856K)->1828K(1856K)
[420.494s][info][gc             ] GC(1156) Pause Young (Allocation Failure) 621M->522M(869M) 109.445ms
[420.494s][info][gc,cpu         ] GC(1156) User=0.22s Sys=0.00s Real=0.11s
[420.600s][info][gc,start       ] GC(1157) Pause Young (Allocation Failure)
[420.711s][info][gc,heap        ] GC(1157) PSYoungGen: 222704K(222720K)->111104K(222720K) Eden: 111616K(111616K)->0K(111616K) From: 111088K(111104K)->111104K(111104K)
[420.711s][info][gc,heap        ] GC(1157) ParOldGen: 423459K(667648K)->424115K(667648K)
[420.711s][info][gc,metaspace   ] GC(1157) Metaspace: 18756K(18944K)->18756K(18944K) NonClass: 16927K(17088K)->16927K(17088K) Class: 1828K(1856K)->1828K(1856K)
[420.711s][info][gc             ] GC(1157) Pause Young (Allocation Failure) 631M->522M(869M) 110.760ms
[420.711s][info][gc,cpu         ] GC(1157) User=0.22s Sys=0.01s Real=0.11s
[420.843s][info][gc,start       ] GC(1158) Pause Young (Allocation Failure)
[420.950s][info][gc,heap        ] GC(1158) PSYoungGen: 222720K(222720K)->79456K(222720K) Eden: 111616K(111616K)->0K(111616K) From: 111104K(111104K)->79456K(111104K)
[420.950s][info][gc,heap        ] GC(1158) ParOldGen: 424115K(667648K)->458155K(667648K)
[420.950s][info][gc,metaspace   ] GC(1158) Metaspace: 18756K(18944K)->18756K(18944K) NonClass: 16927K(17088K)->16927K(17088K) Class: 1828K(1856K)->1828K(1856K)
[420.950s][info][gc             ] GC(1158) Pause Young (Allocation Failure) 631M->525M(869M) 107.634ms
[420.950s][info][gc,cpu         ] GC(1158) User=0.21s Sys=0.00s Real=0.11s
[421.097s][info][gc,start       ] GC(1159) Pause Young (Allocation Failure)
[421.179s][info][gc,heap        ] GC(1159) PSYoungGen: 191072K(222720K)->78272K(222720K) Eden: 111616K(111616K)->0K(111616K) From: 79456K(111104K)->78272K(111104K)
[421.179s][info][gc,heap        ] GC(1159) ParOldGen: 458155K(667648K)->463667K(667648K)
[421.179s][info][gc,metaspace   ] GC(1159) Metaspace: 18756K(18944K)->18756K(18944K) NonClass: 16927K(17088K)->16927K(17088K) Class: 1828K(1856K)->1828K(1856K)
[421.179s][info][gc             ] GC(1159) Pause Young (Allocation Failure) 634M->529M(869M) 81.793ms
[421.179s][info][gc,cpu         ] GC(1159) User=0.17s Sys=0.00s Real=0.08s
[421.249s][info][gc,start       ] GC(1160) Pause Young (Allocation Failure)
[421.330s][info][gc,heap        ] GC(1160) PSYoungGen: 189888K(222720K)->74576K(222720K) Eden: 111616K(111616K)->0K(111616K) From: 78272K(111104K)->74576K(111104K)
[421.330s][info][gc,heap        ] GC(1160) ParOldGen: 463667K(667648K)->467475K(667648K)
[421.330s][info][gc,metaspace   ] GC(1160) Metaspace: 18756K(18944K)->18756K(18944K) NonClass: 16927K(17088K)->16927K(17088K) Class: 1828K(1856K)->1828K(1856K)
[421.330s][info][gc             ] GC(1160) Pause Young (Allocation Failure) 638M->529M(869M) 80.344ms
[421.330s][info][gc,cpu         ] GC(1160) User=0.16s Sys=0.00s Real=0.08s
[421.456s][info][gc,start       ] GC(1161) Pause Young (Allocation Failure)
[421.540s][info][gc,heap        ] GC(1161) PSYoungGen: 186192K(222720K)->46272K(222720K) Eden: 111616K(111616K)->0K(111616K) From: 74576K(111104K)->46272K(111104K)
[421.540s][info][gc,heap        ] GC(1161) ParOldGen: 467475K(667648K)->502891K(667648K)
[421.540s][info][gc,metaspace   ] GC(1161) Metaspace: 18756K(18944K)->18756K(18944K) NonClass: 16927K(17088K)->16927K(17088K) Class: 1828K(1856K)->1828K(1856K)
[421.540s][info][gc             ] GC(1161) Pause Young (Allocation Failure) 638M->536M(869M) 83.894ms
[421.540s][info][gc,cpu         ] GC(1161) User=0.16s Sys=0.00s Real=0.08s
[421.691s][info][gc,start       ] GC(1162) Pause Young (Allocation Failure)
[421.751s][info][gc,heap        ] GC(1162) PSYoungGen: 157888K(222720K)->23744K(222720K) Eden: 111616K(111616K)->0K(111616K) From: 46272K(111104K)->23744K(111104K)
[421.751s][info][gc,heap        ] GC(1162) ParOldGen: 502891K(667648K)->534963K(667648K)
[421.751s][info][gc,metaspace   ] GC(1162) Metaspace: 18756K(18944K)->18756K(18944K) NonClass: 16927K(17088K)->16927K(17088K) Class: 1828K(1856K)->1828K(1856K)
[421.751s][info][gc             ] GC(1162) Pause Young (Allocation Failure) 645M->545M(869M) 60.007ms
[421.751s][info][gc,cpu         ] GC(1162) User=0.12s Sys=0.00s Real=0.06s
[422.092s][info][gc,start       ] GC(1163) Pause Young (Allocation Failure)
[422.119s][info][gc,heap        ] GC(1163) PSYoungGen: 135360K(222720K)->20992K(222720K) Eden: 111616K(111616K)->0K(111616K) From: 23744K(111104K)->20992K(111104K)
[422.119s][info][gc,heap        ] GC(1163) ParOldGen: 534963K(667648K)->537859K(667648K)
[422.119s][info][gc,metaspace   ] GC(1163) Metaspace: 18756K(18944K)->18756K(18944K) NonClass: 16927K(17088K)->16927K(17088K) Class: 1828K(1856K)->1828K(1856K)
[422.119s][info][gc             ] GC(1163) Pause Young (Allocation Failure) 654M->545M(869M) 27.855ms
[422.119s][info][gc,cpu         ] GC(1163) User=0.05s Sys=0.00s Real=0.03s
[422.414s][info][gc,start       ] GC(1164) Pause Young (Allocation Failure)
[422.438s][info][gc,heap        ] GC(1164) PSYoungGen: 132608K(222720K)->16768K(222720K) Eden: 111616K(111616K)->0K(111616K) From: 20992K(111104K)->16768K(111104K)
[422.438s][info][gc,heap        ] GC(1164) ParOldGen: 537859K(667648K)->542211K(667648K)
[422.438s][info][gc,metaspace   ] GC(1164) Metaspace: 18756K(18944K)->18756K(18944K) NonClass: 16927K(17088K)->16927K(17088K) Class: 1828K(1856K)->1828K(1856K)
[422.438s][info][gc             ] GC(1164) Pause Young (Allocation Failure) 654M->545M(869M) 24.198ms
[422.438s][info][gc,cpu         ] GC(1164) User=0.05s Sys=0.00s Real=0.03s
[422.712s][info][gc,start       ] GC(1165) Pause Young (Allocation Failure)
[422.732s][info][gc,heap        ] GC(1165) PSYoungGen: 128384K(222720K)->352K(222720K) Eden: 111616K(111616K)->0K(111616K) From: 16768K(111104K)->352K(111104K)
[422.732s][info][gc,heap        ] GC(1165) ParOldGen: 542211K(667648K)->558763K(667648K)
[422.732s][info][gc,metaspace   ] GC(1165) Metaspace: 18756K(18944K)->18756K(18944K) NonClass: 16927K(17088K)->16927K(17088K) Class: 1828K(1856K)->1828K(1856K)
[422.733s][info][gc             ] GC(1165) Pause Young (Allocation Failure) 654M->546M(869M) 20.066ms
[422.733s][info][gc,cpu         ] GC(1165) User=0.04s Sys=0.00s Real=0.02s
[422.985s][info][gc,start       ] GC(1166) Pause Young (Allocation Failure)
[422.987s][info][gc,heap        ] GC(1166) PSYoungGen: 111968K(222720K)->96K(222720K) Eden: 111616K(111616K)->0K(111616K) From: 352K(111104K)->96K(111104K)
[422.987s][info][gc,heap        ] GC(1166) ParOldGen: 558763K(667648K)->559012K(667648K)
[422.987s][info][gc,metaspace   ] GC(1166) Metaspace: 18756K(18944K)->18756K(18944K) NonClass: 16928K(17088K)->16928K(17088K) Class: 1828K(1856K)->1828K(1856K)
[422.987s][info][gc             ] GC(1166) Pause Young (Allocation Failure) 655M->546M(869M) 2.910ms
[422.988s][info][gc,cpu         ] GC(1166) User=0.01s Sys=0.00s Real=0.01s
[423.273s][info][gc,start       ] GC(1167) Pause Young (Allocation Failure)
[423.276s][info][gc,heap        ] GC(1167) PSYoungGen: 111712K(222720K)->96K(222720K) Eden: 111616K(111616K)->0K(111616K) From: 96K(111104K)->96K(111104K)
[423.276s][info][gc,heap        ] GC(1167) ParOldGen: 559012K(667648K)->559092K(667648K)
[423.276s][info][gc,metaspace   ] GC(1167) Metaspace: 18756K(18944K)->18756K(18944K) NonClass: 16928K(17088K)->16928K(17088K) Class: 1828K(1856K)->1828K(1856K)
[423.276s][info][gc             ] GC(1167) Pause Young (Allocation Failure) 655M->546M(869M) 3.003ms
[423.276s][info][gc,cpu         ] GC(1167) User=0.00s Sys=0.00s Real=0.01s
[423.499s][info][gc,start       ] GC(1168) Pause Young (Allocation Failure)
[423.508s][info][gc,heap        ] GC(1168) PSYoungGen: 111712K(222720K)->5632K(222720K) Eden: 111616K(111616K)->0K(111616K) From: 96K(111104K)->5632K(111104K)
[423.508s][info][gc,heap        ] GC(1168) ParOldGen: 559092K(667648K)->559180K(667648K)
[423.508s][info][gc,metaspace   ] GC(1168) Metaspace: 18756K(18944K)->18756K(18944K) NonClass: 16928K(17088K)->16928K(17088K) Class: 1828K(1856K)->1828K(1856K)
[423.508s][info][gc             ] GC(1168) Pause Young (Allocation Failure) 655M->551M(869M) 8.296ms
[423.508s][info][gc,cpu         ] GC(1168) User=0.01s Sys=0.00s Real=0.01s
[423.657s][info][gc,start       ] GC(1169) Pause Young (Allocation Failure)
[423.685s][info][gc,heap        ] GC(1169) PSYoungGen: 117248K(222720K)->26368K(222720K) Eden: 111616K(111616K)->0K(111616K) From: 5632K(111104K)->26368K(111104K)
[423.685s][info][gc,heap        ] GC(1169) ParOldGen: 559180K(667648K)->564788K(667648K)
[423.685s][info][gc,metaspace   ] GC(1169) Metaspace: 18756K(18944K)->18756K(18944K) NonClass: 16928K(17088K)->16928K(17088K) Class: 1828K(1856K)->1828K(1856K)
[423.685s][info][gc             ] GC(1169) Pause Young (Allocation Failure) 660M->577M(869M) 27.846ms
[423.685s][info][gc,cpu         ] GC(1169) User=0.05s Sys=0.00s Real=0.03s
[423.746s][info][gc,start       ] GC(1170) Pause Young (Allocation Failure)
[423.794s][info][gc,heap        ] GC(1170) PSYoungGen: 137984K(222720K)->40288K(222720K) Eden: 111616K(111616K)->0K(111616K) From: 26368K(111104K)->40288K(111104K)
[423.794s][info][gc,heap        ] GC(1170) ParOldGen: 564788K(667648K)->591460K(667648K)
[423.794s][info][gc,metaspace   ] GC(1170) Metaspace: 18756K(18944K)->18756K(18944K) NonClass: 16928K(17088K)->16928K(17088K) Class: 1828K(1856K)->1828K(1856K)
[423.794s][info][gc             ] GC(1170) Pause Young (Allocation Failure) 686M->616M(869M) 48.196ms
[423.794s][info][gc,cpu         ] GC(1170) User=0.10s Sys=0.00s Real=0.04s
[423.863s][info][gc,start       ] GC(1171) Pause Young (Allocation Failure)
[423.921s][info][gc,heap        ] GC(1171) PSYoungGen: 151904K(222720K)->43936K(218624K) Eden: 111616K(111616K)->0K(111616K) From: 40288K(111104K)->43936K(107008K)
[423.921s][info][gc,heap        ] GC(1171) ParOldGen: 591460K(667648K)->632212K(667648K)
[423.921s][info][gc,metaspace   ] GC(1171) Metaspace: 18756K(18944K)->18756K(18944K) NonClass: 16928K(17088K)->16928K(17088K) Class: 1828K(1856K)->1828K(1856K)
[423.921s][info][gc             ] GC(1171) Pause Young (Allocation Failure) 725M->660M(865M) 58.005ms
[423.921s][info][gc,cpu         ] GC(1171) User=0.12s Sys=0.00s Real=0.06s
[424.158s][info][gc,start       ] GC(1172) Pause Full (Allocation Failure)
[424.158s][info][gc,phases,start] GC(1172) Marking Phase
[424.531s][info][gc,phases      ] GC(1172) Marking Phase 372.920ms
[424.531s][info][gc,phases,start] GC(1172) Summary Phase
[424.531s][info][gc,phases      ] GC(1172) Summary Phase 0.028ms
[424.531s][info][gc,phases,start] GC(1172) Forward
[424.650s][info][gc,phases      ] GC(1172) Forward 119.002ms
[424.651s][info][gc,phases,start] GC(1172) Adjust Pointers
[424.933s][info][gc,phases      ] GC(1172) Adjust Pointers 282.887ms
[424.934s][info][gc,phases,start] GC(1172) Compaction Phase
[425.102s][info][gc,phases      ] GC(1172) Compaction Phase 168.668ms
[425.110s][info][gc,phases,start] GC(1172) Post Compact
[425.113s][info][gc,phases      ] GC(1172) Post Compact 2.343ms
[425.113s][info][gc,heap        ] GC(1172) PSYoungGen: 155552K(218624K)->0K(220672K) Eden: 111616K(111616K)->0K(111616K) From: 43936K(107008K)->0K(109056K)
[425.113s][info][gc,heap        ] GC(1172) ParOldGen: 632212K(667648K)->539661K(667648K)
[425.113s][info][gc,metaspace   ] GC(1172) Metaspace: 18756K(18944K)->18756K(18944K) NonClass: 16928K(17088K)->16928K(17088K) Class: 1828K(1856K)->1828K(1856K)
[425.113s][info][gc             ] GC(1172) Pause Full (Allocation Failure) 769M->527M(867M) 954.537ms
[425.113s][info][gc,cpu         ] GC(1172) User=1.81s Sys=0.00s Real=0.95s
[425.375s][info][gc,start       ] GC(1173) Pause Young (Allocation Failure)
[425.393s][info][gc,heap        ] GC(1173) PSYoungGen: 111616K(220672K)->16342K(215552K) Eden: 111616K(111616K)->0K(115712K) From: 0K(109056K)->16342K(99840K)
[425.393s][info][gc,heap        ] GC(1173) ParOldGen: 539661K(667648K)->539661K(667648K)
[425.393s][info][gc,metaspace   ] GC(1173) Metaspace: 18756K(18944K)->18756K(18944K) NonClass: 16928K(17088K)->16928K(17088K) Class: 1828K(1856K)->1828K(1856K)
[425.393s][info][gc             ] GC(1173) Pause Young (Allocation Failure) 636M->542M(862M) 17.935ms
[425.393s][info][gc,cpu         ] GC(1173) User=0.04s Sys=0.00s Real=0.01s
[425.448s][info][gc,start       ] GC(1174) Pause Young (Allocation Failure)
[425.492s][info][gc,heap        ] GC(1174) PSYoungGen: 132054K(215552K)->52902K(220160K) Eden: 115712K(115712K)->0K(115712K) From: 16342K(99840K)->52902K(104448K)
[425.492s][info][gc,heap        ] GC(1174) ParOldGen: 539661K(667648K)->539661K(667648K)
[425.492s][info][gc,metaspace   ] GC(1174) Metaspace: 18756K(18944K)->18756K(18944K) NonClass: 16928K(17088K)->16928K(17088K) Class: 1828K(1856K)->1828K(1856K)
[425.492s][info][gc             ] GC(1174) Pause Young (Allocation Failure) 655M->578M(867M) 44.018ms
[425.492s][info][gc,cpu         ] GC(1174) User=0.08s Sys=0.00s Real=0.04s
[425.590s][info][gc,start       ] GC(1175) Pause Young (Allocation Failure)
[425.655s][info][gc,heap        ] GC(1175) PSYoungGen: 168614K(220160K)->71317K(216576K) Eden: 115712K(115712K)->0K(111616K) From: 52902K(104448K)->71317K(104960K)
[425.655s][info][gc,heap        ] GC(1175) ParOldGen: 539661K(667648K)->539661K(667648K)
[425.655s][info][gc,metaspace   ] GC(1175) Metaspace: 18756K(18944K)->18756K(18944K) NonClass: 16928K(17088K)->16928K(17088K) Class: 1828K(1856K)->1828K(1856K)
[425.655s][info][gc             ] GC(1175) Pause Young (Allocation Failure) 691M->596M(863M) 64.976ms
[425.655s][info][gc,cpu         ] GC(1175) User=0.12s Sys=0.00s Real=0.07s
[425.777s][info][gc,start       ] GC(1176) Pause Young (Allocation Failure)
[425.857s][info][gc,heap        ] GC(1176) PSYoungGen: 182933K(216576K)->62422K(222720K) Eden: 111616K(111616K)->0K(111616K) From: 71317K(104960K)->62422K(111104K)
[425.857s][info][gc,heap        ] GC(1176) ParOldGen: 539661K(667648K)->556107K(667648K)
[425.857s][info][gc,metaspace   ] GC(1176) Metaspace: 18756K(18944K)->18756K(18944K) NonClass: 16928K(17088K)->16928K(17088K) Class: 1828K(1856K)->1828K(1856K)
[425.857s][info][gc             ] GC(1176) Pause Young (Allocation Failure) 705M->604M(869M) 80.086ms
[425.857s][info][gc,cpu         ] GC(1176) User=0.16s Sys=0.00s Real=0.08s
[426.021s][info][gc,start       ] GC(1177) Pause Young (Allocation Failure)
[426.147s][info][gc,heap        ] GC(1177) PSYoungGen: 174038K(222720K)->46349K(217600K) Eden: 111616K(111616K)->0K(111616K) From: 62422K(111104K)->46349K(105984K)
[426.147s][info][gc,heap        ] GC(1177) ParOldGen: 556107K(667648K)->611643K(667648K)
[426.147s][info][gc,metaspace   ] GC(1177) Metaspace: 18756K(18944K)->18756K(18944K) NonClass: 16928K(17088K)->16928K(17088K) Class: 1828K(1856K)->1828K(1856K)
[426.147s][info][gc             ] GC(1177) Pause Young (Allocation Failure) 713M->642M(864M) 125.527ms
[426.147s][info][gc,cpu         ] GC(1177) User=0.24s Sys=0.00s Real=0.13s
[426.295s][info][gc,start       ] GC(1178) Pause Full (Allocation Failure)
[426.295s][info][gc,phases,start] GC(1178) Marking Phase
[426.609s][info][gc,phases      ] GC(1178) Marking Phase 314.017ms
[426.609s][info][gc,phases,start] GC(1178) Summary Phase
[426.609s][info][gc,phases      ] GC(1178) Summary Phase 0.029ms
[426.609s][info][gc,phases,start] GC(1178) Forward
[426.704s][info][gc,phases      ] GC(1178) Forward 94.882ms
[426.704s][info][gc,phases,start] GC(1178) Adjust Pointers
[426.963s][info][gc,phases      ] GC(1178) Adjust Pointers 259.313ms
[426.963s][info][gc,phases,start] GC(1178) Compaction Phase
[427.116s][info][gc,phases      ] GC(1178) Compaction Phase 153.045ms
[427.132s][info][gc,phases,start] GC(1178) Post Compact
[427.134s][info][gc,phases      ] GC(1178) Post Compact 2.317ms
[427.135s][info][gc,heap        ] GC(1178) PSYoungGen: 157965K(217600K)->0K(220160K) Eden: 111616K(111616K)->0K(111616K) From: 46349K(105984K)->0K(108544K)
[427.135s][info][gc,heap        ] GC(1178) ParOldGen: 611643K(667648K)->490791K(667648K)
[427.135s][info][gc,metaspace   ] GC(1178) Metaspace: 18756K(18944K)->18756K(18944K) NonClass: 16928K(17088K)->16928K(17088K) Class: 1828K(1856K)->1828K(1856K)
[427.135s][info][gc             ] GC(1178) Pause Full (Allocation Failure) 751M->479M(867M) 839.697ms
[427.135s][info][gc,cpu         ] GC(1178) User=1.59s Sys=0.00s Real=0.83s
[427.296s][info][gc,start       ] GC(1179) Pause Young (Allocation Failure)
[427.298s][info][gc,heap        ] GC(1179) PSYoungGen: 111616K(220160K)->64K(225280K) Eden: 111616K(111616K)->0K(116736K) From: 0K(108544K)->64K(108544K)
[427.298s][info][gc,heap        ] GC(1179) ParOldGen: 490791K(667648K)->490791K(667648K)
[427.298s][info][gc,metaspace   ] GC(1179) Metaspace: 18756K(18944K)->18756K(18944K) NonClass: 16928K(17088K)->16928K(17088K) Class: 1828K(1856K)->1828K(1856K)
[427.298s][info][gc             ] GC(1179) Pause Young (Allocation Failure) 588M->479M(872M) 1.783ms
[427.298s][info][gc,cpu         ] GC(1179) User=0.01s Sys=0.00s Real=0.00s
[427.468s][info][gc,start       ] GC(1180) Pause Young (Allocation Failure)
[427.469s][info][gc,heap        ] GC(1180) PSYoungGen: 116800K(225280K)->64K(117248K) Eden: 116736K(116736K)->0K(116736K) From: 64K(108544K)->64K(512K)
[427.469s][info][gc,heap        ] GC(1180) ParOldGen: 490791K(667648K)->490791K(667648K)
[427.469s][info][gc,metaspace   ] GC(1180) Metaspace: 18756K(18944K)->18756K(18944K) NonClass: 16928K(17088K)->16928K(17088K) Class: 1828K(1856K)->1828K(1856K)
[427.469s][info][gc             ] GC(1180) Pause Young (Allocation Failure) 593M->479M(766M) 1.841ms
[427.470s][info][gc,cpu         ] GC(1180) User=0.00s Sys=0.00s Real=0.00s
[427.637s][info][gc,start       ] GC(1181) Pause Young (Allocation Failure)
[427.639s][info][gc,heap        ] GC(1181) PSYoungGen: 116800K(117248K)->64K(225792K) Eden: 116736K(116736K)->0K(118272K) From: 64K(512K)->64K(107520K)
[427.639s][info][gc,heap        ] GC(1181) ParOldGen: 490791K(667648K)->490791K(667648K)
[427.639s][info][gc,metaspace   ] GC(1181) Metaspace: 18756K(18944K)->18756K(18944K) NonClass: 16928K(17088K)->16928K(17088K) Class: 1828K(1856K)->1828K(1856K)
[427.639s][info][gc             ] GC(1181) Pause Young (Allocation Failure) 593M->479M(872M) 1.723ms
[427.639s][info][gc,cpu         ] GC(1181) User=0.00s Sys=0.00s Real=0.00s
[427.809s][info][gc,start       ] GC(1182) Pause Young (Allocation Failure)
[427.811s][info][gc,heap        ] GC(1182) PSYoungGen: 118336K(225792K)->64K(118784K) Eden: 118272K(118272K)->0K(118272K) From: 64K(107520K)->64K(512K)
[427.811s][info][gc,heap        ] GC(1182) ParOldGen: 490791K(667648K)->490791K(667648K)
[427.811s][info][gc,metaspace   ] GC(1182) Metaspace: 18756K(18944K)->18756K(18944K) NonClass: 16928K(17088K)->16928K(17088K) Class: 1828K(1856K)->1828K(1856K)
[427.811s][info][gc             ] GC(1182) Pause Young (Allocation Failure) 594M->479M(768M) 1.844ms
[427.811s][info][gc,cpu         ] GC(1182) User=0.00s Sys=0.00s Real=0.00s
[427.982s][info][gc,start       ] GC(1183) Pause Young (Allocation Failure)
[427.984s][info][gc,heap        ] GC(1183) PSYoungGen: 118336K(118784K)->64K(221696K) Eden: 118272K(118272K)->0K(122368K) From: 64K(512K)->64K(99328K)
[427.984s][info][gc,heap        ] GC(1183) ParOldGen: 490791K(667648K)->490791K(667648K)
[427.984s][info][gc,metaspace   ] GC(1183) Metaspace: 18756K(18944K)->18756K(18944K) NonClass: 16928K(17088K)->16928K(17088K) Class: 1828K(1856K)->1828K(1856K)
[427.984s][info][gc             ] GC(1183) Pause Young (Allocation Failure) 594M->479M(868M) 1.942ms
[427.984s][info][gc,cpu         ] GC(1183) User=0.00s Sys=0.00s Real=0.00s
[428.160s][info][gc,start       ] GC(1184) Pause Young (Allocation Failure)
[428.162s][info][gc,heap        ] GC(1184) PSYoungGen: 122432K(221696K)->64K(222720K) Eden: 122368K(122368K)->0K(122368K) From: 64K(99328K)->64K(100352K)
[428.162s][info][gc,heap        ] GC(1184) ParOldGen: 490791K(667648K)->490791K(667648K)
[428.162s][info][gc,metaspace   ] GC(1184) Metaspace: 18756K(18944K)->18756K(18944K) NonClass: 16928K(17088K)->16928K(17088K) Class: 1828K(1856K)->1828K(1856K)
[428.163s][info][gc             ] GC(1184) Pause Young (Allocation Failure) 598M->479M(869M) 2.082ms
[428.163s][info][gc,cpu         ] GC(1184) User=0.01s Sys=0.00s Real=0.00s
[428.338s][info][gc,start       ] GC(1185) Pause Young (Allocation Failure)
[428.340s][info][gc,heap        ] GC(1185) PSYoungGen: 122432K(222720K)->64K(214528K) Eden: 122368K(122368K)->0K(125440K) From: 64K(100352K)->64K(89088K)
[428.340s][info][gc,heap        ] GC(1185) ParOldGen: 490791K(667648K)->490791K(667648K)
[428.340s][info][gc,metaspace   ] GC(1185) Metaspace: 18756K(18944K)->18756K(18944K) NonClass: 16928K(17088K)->16928K(17088K) Class: 1828K(1856K)->1828K(1856K)
[428.340s][info][gc             ] GC(1185) Pause Young (Allocation Failure) 598M->479M(861M) 2.381ms
[428.340s][info][gc,cpu         ] GC(1185) User=0.00s Sys=0.00s Real=0.00s
[428.522s][info][gc,start       ] GC(1186) Pause Young (Allocation Failure)
[428.524s][info][gc,heap        ] GC(1186) PSYoungGen: 125504K(214528K)->64K(125952K) Eden: 125440K(125440K)->0K(125440K) From: 64K(89088K)->64K(512K)
[428.525s][info][gc,heap        ] GC(1186) ParOldGen: 490791K(667648K)->490791K(667648K)
[428.525s][info][gc,metaspace   ] GC(1186) Metaspace: 18756K(18944K)->18756K(18944K) NonClass: 16928K(17088K)->16928K(17088K) Class: 1828K(1856K)->1828K(1856K)
[428.525s][info][gc             ] GC(1186) Pause Young (Allocation Failure) 601M->479M(775M) 2.271ms
[428.525s][info][gc,cpu         ] GC(1186) User=0.00s Sys=0.00s Real=0.00s
[428.706s][info][gc,start       ] GC(1187) Pause Young (Allocation Failure)
[428.709s][info][gc,heap        ] GC(1187) PSYoungGen: 125504K(125952K)->64K(207872K) Eden: 125440K(125440K)->0K(127488K) From: 64K(512K)->64K(80384K)
[428.709s][info][gc,heap        ] GC(1187) ParOldGen: 490791K(667648K)->490791K(667648K)
[428.709s][info][gc,metaspace   ] GC(1187) Metaspace: 18756K(18944K)->18756K(18944K) NonClass: 16928K(17088K)->16928K(17088K) Class: 1828K(1856K)->1828K(1856K)
[428.709s][info][gc             ] GC(1187) Pause Young (Allocation Failure) 601M->479M(855M) 2.775ms
[428.709s][info][gc,cpu         ] GC(1187) User=0.01s Sys=0.00s Real=0.00s
[428.857s][info][gc,start       ] GC(1188) Pause Young (Allocation Failure)
[428.876s][info][gc,heap        ] GC(1188) PSYoungGen: 127552K(207872K)->14016K(141824K) Eden: 127488K(127488K)->0K(127488K) From: 64K(80384K)->14016K(14336K)
[428.876s][info][gc,heap        ] GC(1188) ParOldGen: 490791K(667648K)->490791K(667648K)
[428.876s][info][gc,metaspace   ] GC(1188) Metaspace: 18756K(18944K)->18756K(18944K) NonClass: 16928K(17088K)->16928K(17088K) Class: 1828K(1856K)->1828K(1856K)
[428.876s][info][gc             ] GC(1188) Pause Young (Allocation Failure) 603M->492M(790M) 19.185ms
[428.876s][info][gc,cpu         ] GC(1188) User=0.04s Sys=0.00s Real=0.02s
[429.005s][info][gc,start       ] GC(1189) Pause Young (Allocation Failure)
[429.037s][info][gc,heap        ] GC(1189) PSYoungGen: 141504K(141824K)->28704K(208896K) Eden: 127488K(127488K)->0K(132096K) From: 14016K(14336K)->28704K(76800K)
[429.037s][info][gc,heap        ] GC(1189) ParOldGen: 490791K(667648K)->490791K(667648K)
[429.037s][info][gc,metaspace   ] GC(1189) Metaspace: 18756K(18944K)->18756K(18944K) NonClass: 16928K(17088K)->16928K(17088K) Class: 1828K(1856K)->1828K(1856K)
[429.037s][info][gc             ] GC(1189) Pause Young (Allocation Failure) 617M->507M(856M) 31.547ms
[429.037s][info][gc,cpu         ] GC(1189) User=0.07s Sys=0.00s Real=0.03s
[429.138s][info][gc,start       ] GC(1190) Pause Young (Allocation Failure)
[429.173s][info][gc,heap        ] GC(1190) PSYoungGen: 160800K(208896K)->33344K(208896K) Eden: 132096K(132096K)->0K(132096K) From: 28704K(76800K)->33344K(76800K)
[429.173s][info][gc,heap        ] GC(1190) ParOldGen: 490791K(667648K)->490791K(667648K)
[429.173s][info][gc,metaspace   ] GC(1190) Metaspace: 18756K(18944K)->18756K(18944K) NonClass: 16928K(17088K)->16928K(17088K) Class: 1828K(1856K)->1828K(1856K)
[429.173s][info][gc             ] GC(1190) Pause Young (Allocation Failure) 636M->511M(856M) 35.196ms
[429.173s][info][gc,cpu         ] GC(1190) User=0.07s Sys=0.00s Real=0.03s
[429.292s][info][gc,start       ] GC(1191) Pause Young (Allocation Failure)
[429.329s][info][gc,heap        ] GC(1191) PSYoungGen: 165440K(208896K)->34304K(215040K) Eden: 132096K(132096K)->0K(138240K) From: 33344K(76800K)->34304K(76800K)
[429.329s][info][gc,heap        ] GC(1191) ParOldGen: 490791K(667648K)->490791K(667648K)
[429.329s][info][gc,metaspace   ] GC(1191) Metaspace: 18756K(18944K)->18756K(18944K) NonClass: 16928K(17088K)->16928K(17088K) Class: 1828K(1856K)->1828K(1856K)
[429.329s][info][gc             ] GC(1191) Pause Young (Allocation Failure) 640M->512M(862M) 36.464ms
[429.329s][info][gc,cpu         ] GC(1191) User=0.07s Sys=0.00s Real=0.04s
[429.469s][info][gc,start       ] GC(1192) Pause Young (Allocation Failure)
[429.506s][info][gc,heap        ] GC(1192) PSYoungGen: 172544K(215040K)->35264K(215040K) Eden: 138240K(138240K)->0K(138240K) From: 34304K(76800K)->35264K(76800K)
[429.506s][info][gc,heap        ] GC(1192) ParOldGen: 490791K(667648K)->490791K(667648K)
[429.506s][info][gc,metaspace   ] GC(1192) Metaspace: 18756K(18944K)->18756K(18944K) NonClass: 16928K(17088K)->16928K(17088K) Class: 1828K(1856K)->1828K(1856K)
[429.506s][info][gc             ] GC(1192) Pause Young (Allocation Failure) 647M->513M(862M) 37.130ms
[429.506s][info][gc,cpu         ] GC(1192) User=0.08s Sys=0.00s Real=0.04s
[429.648s][info][gc,start       ] GC(1193) Pause Young (Allocation Failure)
[429.693s][info][gc,heap        ] GC(1193) PSYoungGen: 173504K(215040K)->43968K(219648K) Eden: 138240K(138240K)->0K(142848K) From: 35264K(76800K)->43968K(76800K)
[429.693s][info][gc,heap        ] GC(1193) ParOldGen: 490791K(667648K)->490791K(667648K)
[429.693s][info][gc,metaspace   ] GC(1193) Metaspace: 18756K(18944K)->18756K(18944K) NonClass: 16928K(17088K)->16928K(17088K) Class: 1828K(1856K)->1828K(1856K)
[429.693s][info][gc             ] GC(1193) Pause Young (Allocation Failure) 648M->522M(866M) 45.329ms
[429.693s][info][gc,cpu         ] GC(1193) User=0.08s Sys=0.00s Real=0.04s
[430.009s][info][gc,start       ] GC(1194) Pause Young (Allocation Failure)
[430.055s][info][gc,heap        ] GC(1194) PSYoungGen: 186816K(219648K)->44032K(222720K) Eden: 142848K(142848K)->0K(142848K) From: 43968K(76800K)->44032K(79872K)
[430.055s][info][gc,heap        ] GC(1194) ParOldGen: 490791K(667648K)->490799K(667648K)
[430.055s][info][gc,metaspace   ] GC(1194) Metaspace: 18756K(18944K)->18756K(18944K) NonClass: 16928K(17088K)->16928K(17088K) Class: 1828K(1856K)->1828K(1856K)
[430.055s][info][gc             ] GC(1194) Pause Young (Allocation Failure) 661M->522M(869M) 45.488ms
[430.055s][info][gc,cpu         ] GC(1194) User=0.09s Sys=0.00s Real=0.04s
[430.327s][info][gc,start       ] GC(1195) Pause Young (Allocation Failure)
[430.374s][info][gc,heap        ] GC(1195) PSYoungGen: 186880K(222720K)->44160K(230912K) Eden: 142848K(142848K)->0K(149504K) From: 44032K(79872K)->44160K(81408K)
[430.375s][info][gc,heap        ] GC(1195) ParOldGen: 490799K(667648K)->490799K(667648K)
[430.375s][info][gc,metaspace   ] GC(1195) Metaspace: 18756K(18944K)->18756K(18944K) NonClass: 16928K(17088K)->16928K(17088K) Class: 1828K(1856K)->1828K(1856K)
[430.375s][info][gc             ] GC(1195) Pause Young (Allocation Failure) 661M->522M(877M) 47.083ms
[430.375s][info][gc,cpu         ] GC(1195) User=0.09s Sys=0.00s Real=0.04s
[430.645s][info][gc,start       ] GC(1196) Pause Young (Allocation Failure)
[430.691s][info][gc,heap        ] GC(1196) PSYoungGen: 193664K(230912K)->44160K(232448K) Eden: 149504K(149504K)->0K(149504K) From: 44160K(81408K)->44160K(82944K)
[430.691s][info][gc,heap        ] GC(1196) ParOldGen: 490799K(667648K)->490799K(667648K)
[430.691s][info][gc,metaspace   ] GC(1196) Metaspace: 18756K(18944K)->18756K(18944K) NonClass: 16928K(17088K)->16928K(17088K) Class: 1828K(1856K)->1828K(1856K)
[430.691s][info][gc             ] GC(1196) Pause Young (Allocation Failure) 668M->522M(879M) 45.911ms
[430.691s][info][gc,cpu         ] GC(1196) User=0.09s Sys=0.00s Real=0.04s
[430.984s][info][gc,start       ] GC(1197) Pause Young (Allocation Failure)
[431.029s][info][gc,heap        ] GC(1197) PSYoungGen: 193664K(232448K)->44192K(241152K) Eden: 149504K(149504K)->0K(157696K) From: 44160K(82944K)->44192K(83456K)
[431.029s][info][gc,heap        ] GC(1197) ParOldGen: 490799K(667648K)->490799K(667648K)
[431.029s][info][gc,metaspace   ] GC(1197) Metaspace: 18756K(18944K)->18756K(18944K) NonClass: 16928K(17088K)->16928K(17088K) Class: 1828K(1856K)->1828K(1856K)
[431.029s][info][gc             ] GC(1197) Pause Young (Allocation Failure) 668M->522M(887M) 45.024ms
[431.029s][info][gc,cpu         ] GC(1197) User=0.09s Sys=0.00s Real=0.05s
[431.218s][info][gc,start       ] GC(1198) Pause Young (Allocation Failure)
[431.276s][info][gc,heap        ] GC(1198) PSYoungGen: 201888K(241152K)->58176K(241152K) Eden: 157696K(157696K)->0K(157696K) From: 44192K(83456K)->58176K(83456K)
[431.277s][info][gc,heap        ] GC(1198) ParOldGen: 490799K(667648K)->490799K(667648K)
[431.277s][info][gc,metaspace   ] GC(1198) Metaspace: 18756K(18944K)->18756K(18944K) NonClass: 16928K(17088K)->16928K(17088K) Class: 1828K(1856K)->1828K(1856K)
[431.277s][info][gc             ] GC(1198) Pause Young (Allocation Failure) 676M->536M(887M) 58.278ms
[431.277s][info][gc,cpu         ] GC(1198) User=0.11s Sys=0.00s Real=0.06s
[431.449s][info][gc,start       ] GC(1199) Pause Young (Allocation Failure)
[431.537s][info][gc,heap        ] GC(1199) PSYoungGen: 215872K(241152K)->75280K(225280K) Eden: 157696K(157696K)->0K(137216K) From: 58176K(83456K)->75280K(88064K)
[431.537s][info][gc,heap        ] GC(1199) ParOldGen: 490799K(667648K)->490799K(667648K)
[431.537s][info][gc,metaspace   ] GC(1199) Metaspace: 18756K(18944K)->18756K(18944K) NonClass: 16928K(17088K)->16928K(17088K) Class: 1828K(1856K)->1828K(1856K)
[431.537s][info][gc             ] GC(1199) Pause Young (Allocation Failure) 690M->552M(872M) 87.318ms
[431.537s][info][gc,cpu         ] GC(1199) User=0.14s Sys=0.03s Real=0.09s
[431.654s][info][gc,start       ] GC(1200) Pause Young (Allocation Failure)
[431.756s][info][gc,heap        ] GC(1200) PSYoungGen: 212496K(225280K)->98288K(235520K) Eden: 137216K(137216K)->0K(137216K) From: 75280K(88064K)->98288K(98304K)
[431.756s][info][gc,heap        ] GC(1200) ParOldGen: 490799K(667648K)->507787K(667648K)
[431.756s][info][gc,metaspace   ] GC(1200) Metaspace: 18757K(18944K)->18757K(18944K) NonClass: 16928K(17088K)->16928K(17088K) Class: 1829K(1856K)->1829K(1856K)
[431.756s][info][gc             ] GC(1200) Pause Young (Allocation Failure) 686M->591M(882M) 101.601ms
[431.756s][info][gc,cpu         ] GC(1200) User=0.20s Sys=0.00s Real=0.11s
[431.987s][info][gc,start       ] GC(1201) Pause Young (Allocation Failure)
[432.109s][info][gc,heap        ] GC(1201) PSYoungGen: 235504K(235520K)->98272K(209920K) Eden: 137216K(137216K)->0K(111616K) From: 98288K(98304K)->98272K(98304K)
[432.109s][info][gc,heap        ] GC(1201) ParOldGen: 507787K(667648K)->522421K(667648K)
[432.109s][info][gc,metaspace   ] GC(1201) Metaspace: 18757K(18944K)->18757K(18944K) NonClass: 16928K(17088K)->16928K(17088K) Class: 1829K(1856K)->1829K(1856K)
[432.109s][info][gc             ] GC(1201) Pause Young (Allocation Failure) 725M->606M(857M) 122.370ms
[432.109s][info][gc,cpu         ] GC(1201) User=0.24s Sys=0.00s Real=0.12s
[432.266s][info][gc,start       ] GC(1202) Pause Young (Allocation Failure)
[432.370s][info][gc,heap        ] GC(1202) PSYoungGen: 209888K(209920K)->76800K(222720K) Eden: 111616K(111616K)->0K(111616K) From: 98272K(98304K)->76800K(111104K)
[432.370s][info][gc,heap        ] GC(1202) ParOldGen: 522421K(667648K)->544133K(667648K)
[432.370s][info][gc,metaspace   ] GC(1202) Metaspace: 18757K(18944K)->18757K(18944K) NonClass: 16928K(17088K)->16928K(17088K) Class: 1829K(1856K)->1829K(1856K)
[432.370s][info][gc             ] GC(1202) Pause Young (Allocation Failure) 715M->606M(869M) 103.670ms
[432.370s][info][gc,cpu         ] GC(1202) User=0.20s Sys=0.00s Real=0.10s
[432.529s][info][gc,start       ] GC(1203) Pause Young (Allocation Failure)
[432.612s][info][gc,heap        ] GC(1203) PSYoungGen: 188416K(222720K)->72544K(222720K) Eden: 111616K(111616K)->0K(111616K) From: 76800K(111104K)->72544K(111104K)
[432.612s][info][gc,heap        ] GC(1203) ParOldGen: 544133K(667648K)->548413K(667648K)
[432.612s][info][gc,metaspace   ] GC(1203) Metaspace: 18757K(18944K)->18757K(18944K) NonClass: 16928K(17088K)->16928K(17088K) Class: 1829K(1856K)->1829K(1856K)
[432.612s][info][gc             ] GC(1203) Pause Young (Allocation Failure) 715M->606M(869M) 82.485ms
[432.612s][info][gc,cpu         ] GC(1203) User=0.16s Sys=0.00s Real=0.08s
[432.771s][info][gc,start       ] GC(1204) Pause Young (Allocation Failure)
[432.849s][info][gc,heap        ] GC(1204) PSYoungGen: 184160K(222720K)->65216K(222720K) Eden: 111616K(111616K)->0K(111616K) From: 72544K(111104K)->65216K(111104K)
[432.849s][info][gc,heap        ] GC(1204) ParOldGen: 548413K(667648K)->555765K(667648K)
[432.849s][info][gc,metaspace   ] GC(1204) Metaspace: 18757K(18944K)->18757K(18944K) NonClass: 16928K(17088K)->16928K(17088K) Class: 1829K(1856K)->1829K(1856K)
[432.849s][info][gc             ] GC(1204) Pause Young (Allocation Failure) 715M->606M(869M) 78.546ms
[432.849s][info][gc,cpu         ] GC(1204) User=0.15s Sys=0.00s Real=0.08s
[433.007s][info][gc,start       ] GC(1205) Pause Young (Allocation Failure)
[433.077s][info][gc,heap        ] GC(1205) PSYoungGen: 176832K(222720K)->65024K(222720K) Eden: 111616K(111616K)->0K(111616K) From: 65216K(111104K)->65024K(111104K)
[433.077s][info][gc,heap        ] GC(1205) ParOldGen: 555765K(667648K)->555955K(667648K)
[433.077s][info][gc,metaspace   ] GC(1205) Metaspace: 18757K(18944K)->18757K(18944K) NonClass: 16928K(17088K)->16928K(17088K) Class: 1829K(1856K)->1829K(1856K)
[433.077s][info][gc             ] GC(1205) Pause Young (Allocation Failure) 715M->606M(869M) 70.441ms
[433.077s][info][gc,cpu         ] GC(1205) User=0.14s Sys=0.00s Real=0.07s
[433.237s][info][gc,start       ] GC(1206) Pause Young (Allocation Failure)
[433.307s][info][gc,heap        ] GC(1206) PSYoungGen: 176640K(222720K)->64992K(222720K) Eden: 111616K(111616K)->0K(111616K) From: 65024K(111104K)->64992K(111104K)
[433.307s][info][gc,heap        ] GC(1206) ParOldGen: 555955K(667648K)->555995K(667648K)
[433.307s][info][gc,metaspace   ] GC(1206) Metaspace: 18757K(18944K)->18757K(18944K) NonClass: 16928K(17088K)->16928K(17088K) Class: 1829K(1856K)->1829K(1856K)
[433.307s][info][gc             ] GC(1206) Pause Young (Allocation Failure) 715M->606M(869M) 70.465ms
[433.307s][info][gc,cpu         ] GC(1206) User=0.14s Sys=0.00s Real=0.07s
[433.467s][info][gc,start       ] GC(1207) Pause Young (Allocation Failure)
[433.535s][info][gc,heap        ] GC(1207) PSYoungGen: 176608K(222720K)->41344K(222720K) Eden: 111616K(111616K)->0K(111616K) From: 64992K(111104K)->41344K(111104K)
[433.535s][info][gc,heap        ] GC(1207) ParOldGen: 555995K(667648K)->579843K(667648K)
[433.535s][info][gc,metaspace   ] GC(1207) Metaspace: 18757K(18944K)->18757K(18944K) NonClass: 16928K(17088K)->16928K(17088K) Class: 1829K(1856K)->1829K(1856K)
[433.535s][info][gc             ] GC(1207) Pause Young (Allocation Failure) 715M->606M(869M) 68.614ms
[433.535s][info][gc,cpu         ] GC(1207) User=0.13s Sys=0.00s Real=0.07s
[433.694s][info][gc,start       ] GC(1208) Pause Young (Allocation Failure)
[433.742s][info][gc,heap        ] GC(1208) PSYoungGen: 152960K(222720K)->160K(222720K) Eden: 111616K(111616K)->0K(111616K) From: 41344K(111104K)->160K(111104K)
[433.742s][info][gc,heap        ] GC(1208) ParOldGen: 579843K(667648K)->621347K(667648K)
[433.742s][info][gc,metaspace   ] GC(1208) Metaspace: 18757K(18944K)->18757K(18944K) NonClass: 16928K(17088K)->16928K(17088K) Class: 1829K(1856K)->1829K(1856K)
[433.742s][info][gc             ] GC(1208) Pause Young (Allocation Failure) 715M->606M(869M) 47.621ms
[433.742s][info][gc,cpu         ] GC(1208) User=0.09s Sys=0.00s Real=0.05s
[433.898s][info][gc,start       ] GC(1209) Pause Full (Allocation Failure)
[433.898s][info][gc,phases,start] GC(1209) Marking Phase
[434.228s][info][gc,phases      ] GC(1209) Marking Phase 329.922ms
[434.228s][info][gc,phases,start] GC(1209) Summary Phase
[434.228s][info][gc,phases      ] GC(1209) Summary Phase 0.029ms
[434.228s][info][gc,phases,start] GC(1209) Forward
[434.251s][info][gc,phases      ] GC(1209) Forward 22.416ms
[434.251s][info][gc,phases,start] GC(1209) Adjust Pointers
[434.501s][info][gc,phases      ] GC(1209) Adjust Pointers 250.655ms
[434.501s][info][gc,phases,start] GC(1209) Compaction Phase
[434.605s][info][gc,phases      ] GC(1209) Compaction Phase 103.343ms
[434.608s][info][gc,phases,start] GC(1209) Post Compact
[434.611s][info][gc,phases      ] GC(1209) Post Compact 2.204ms
[434.611s][info][gc,heap        ] GC(1209) PSYoungGen: 111776K(222720K)->0K(222720K) Eden: 111616K(111616K)->0K(111616K) From: 160K(111104K)->0K(111104K)
[434.611s][info][gc,heap        ] GC(1209) ParOldGen: 621347K(667648K)->484551K(667648K)
[434.611s][info][gc,metaspace   ] GC(1209) Metaspace: 18757K(18944K)->18757K(18944K) NonClass: 16928K(17088K)->16928K(17088K) Class: 1829K(1856K)->1829K(1856K)
[434.611s][info][gc             ] GC(1209) Pause Full (Allocation Failure) 715M->473M(869M) 712.631ms
[434.611s][info][gc,cpu         ] GC(1209) User=1.39s Sys=0.00s Real=0.71s
[434.722s][info][gc,start       ] GC(1210) Pause Young (Allocation Failure)
[434.750s][info][gc,heap        ] GC(1210) PSYoungGen: 111616K(222720K)->23648K(222720K) Eden: 111616K(111616K)->0K(111616K) From: 0K(111104K)->23648K(111104K)
[434.750s][info][gc,heap        ] GC(1210) ParOldGen: 484551K(667648K)->484551K(667648K)
[434.750s][info][gc,metaspace   ] GC(1210) Metaspace: 18757K(18944K)->18757K(18944K) NonClass: 16928K(17088K)->16928K(17088K) Class: 1829K(1856K)->1829K(1856K)
[434.750s][info][gc             ] GC(1210) Pause Young (Allocation Failure) 582M->496M(869M) 28.066ms
[434.750s][info][gc,cpu         ] GC(1210) User=0.05s Sys=0.00s Real=0.03s
[434.846s][info][gc,start       ] GC(1211) Pause Young (Allocation Failure)
[434.891s][info][gc,heap        ] GC(1211) PSYoungGen: 135264K(222720K)->41056K(222720K) Eden: 111616K(111616K)->0K(111616K) From: 23648K(111104K)->41056K(111104K)
[434.891s][info][gc,heap        ] GC(1211) ParOldGen: 484551K(667648K)->484551K(667648K)
[434.891s][info][gc,metaspace   ] GC(1211) Metaspace: 18757K(18944K)->18757K(18944K) NonClass: 16928K(17088K)->16928K(17088K) Class: 1829K(1856K)->1829K(1856K)
[434.891s][info][gc             ] GC(1211) Pause Young (Allocation Failure) 605M->513M(869M) 44.743ms
[434.891s][info][gc,cpu         ] GC(1211) User=0.09s Sys=0.00s Real=0.04s
[434.986s][info][gc,start       ] GC(1212) Pause Young (Allocation Failure)
[435.049s][info][gc,heap        ] GC(1212) PSYoungGen: 152672K(222720K)->56608K(222720K) Eden: 111616K(111616K)->0K(111616K) From: 41056K(111104K)->56608K(111104K)
[435.049s][info][gc,heap        ] GC(1212) ParOldGen: 484551K(667648K)->484551K(667648K)
[435.049s][info][gc,metaspace   ] GC(1212) Metaspace: 18757K(18944K)->18757K(18944K) NonClass: 16928K(17088K)->16928K(17088K) Class: 1829K(1856K)->1829K(1856K)
[435.049s][info][gc             ] GC(1212) Pause Young (Allocation Failure) 622M->528M(869M) 62.858ms
[435.049s][info][gc,cpu         ] GC(1212) User=0.12s Sys=0.00s Real=0.06s
[435.133s][info][gc,start       ] GC(1213) Pause Young (Allocation Failure)
[435.221s][info][gc,heap        ] GC(1213) PSYoungGen: 168224K(222720K)->60704K(219648K) Eden: 111616K(111616K)->0K(111616K) From: 56608K(111104K)->60704K(108032K)
[435.221s][info][gc,heap        ] GC(1213) ParOldGen: 484551K(667648K)->508223K(667648K)
[435.221s][info][gc,metaspace   ] GC(1213) Metaspace: 18757K(18944K)->18757K(18944K) NonClass: 16928K(17088K)->16928K(17088K) Class: 1829K(1856K)->1829K(1856K)
[435.221s][info][gc             ] GC(1213) Pause Young (Allocation Failure) 637M->555M(866M) 88.094ms
[435.221s][info][gc,cpu         ] GC(1213) User=0.18s Sys=0.00s Real=0.09s
[435.308s][info][gc,start       ] GC(1214) Pause Young (Allocation Failure)
[435.390s][info][gc,heap        ] GC(1214) PSYoungGen: 172320K(219648K)->60992K(221184K) Eden: 111616K(111616K)->0K(111616K) From: 60704K(108032K)->60992K(109568K)
[435.390s][info][gc,heap        ] GC(1214) ParOldGen: 508223K(667648K)->525775K(667648K)
[435.390s][info][gc,metaspace   ] GC(1214) Metaspace: 18757K(18944K)->18757K(18944K) NonClass: 16928K(17088K)->16928K(17088K) Class: 1829K(1856K)->1829K(1856K)
[435.390s][info][gc             ] GC(1214) Pause Young (Allocation Failure) 664M->573M(868M) 81.956ms
[435.390s][info][gc,cpu         ] GC(1214) User=0.16s Sys=0.00s Real=0.08s
[435.443s][info][gc,start       ] GC(1215) Pause Young (Allocation Failure)
[435.513s][info][gc,heap        ] GC(1215) PSYoungGen: 172608K(221184K)->50688K(214528K) Eden: 111616K(111616K)->0K(116736K) From: 60992K(109568K)->50688K(97792K)
[435.513s][info][gc,heap        ] GC(1215) ParOldGen: 525775K(667648K)->541407K(667648K)
[435.513s][info][gc,metaspace   ] GC(1215) Metaspace: 18757K(18944K)->18757K(18944K) NonClass: 16928K(17088K)->16928K(17088K) Class: 1829K(1856K)->1829K(1856K)
[435.513s][info][gc             ] GC(1215) Pause Young (Allocation Failure) 682M->578M(861M) 69.974ms
[435.513s][info][gc,cpu         ] GC(1215) User=0.13s Sys=0.00s Real=0.07s
[435.572s][info][gc,start       ] GC(1216) Pause Young (Allocation Failure)
[435.633s][info][gc,heap        ] GC(1216) PSYoungGen: 167424K(214528K)->8384K(219136K) Eden: 116736K(116736K)->0K(116736K) From: 50688K(97792K)->8384K(102400K)
[435.633s][info][gc,heap        ] GC(1216) ParOldGen: 541407K(667648K)->586959K(667648K)
[435.633s][info][gc,metaspace   ] GC(1216) Metaspace: 18757K(18944K)->18757K(18944K) NonClass: 16928K(17088K)->16928K(17088K) Class: 1829K(1856K)->1829K(1856K)
[435.633s][info][gc             ] GC(1216) Pause Young (Allocation Failure) 692M->581M(866M) 60.655ms
[435.633s][info][gc,cpu         ] GC(1216) User=0.12s Sys=0.00s Real=0.06s
[435.711s][info][gc,start       ] GC(1217) Pause Young (Allocation Failure)
[435.731s][info][gc,heap        ] GC(1217) PSYoungGen: 125120K(219136K)->3904K(226304K) Eden: 116736K(116736K)->0K(121856K) From: 8384K(102400K)->3904K(104448K)
[435.731s][info][gc,heap        ] GC(1217) ParOldGen: 586959K(667648K)->595319K(667648K)
[435.731s][info][gc,metaspace   ] GC(1217) Metaspace: 18757K(18944K)->18757K(18944K) NonClass: 16928K(17088K)->16928K(17088K) Class: 1829K(1856K)->1829K(1856K)
[435.731s][info][gc             ] GC(1217) Pause Young (Allocation Failure) 695M->585M(873M) 20.467ms
[435.731s][info][gc,cpu         ] GC(1217) User=0.04s Sys=0.00s Real=0.02s
[435.819s][info][gc,start       ] GC(1218) Pause Young (Allocation Failure)
[435.831s][info][gc,heap        ] GC(1218) PSYoungGen: 125760K(226304K)->384K(122368K) Eden: 121856K(121856K)->0K(121856K) From: 3904K(104448K)->384K(512K)
[435.831s][info][gc,heap        ] GC(1218) ParOldGen: 595319K(667648K)->599207K(667648K)
[435.831s][info][gc,metaspace   ] GC(1218) Metaspace: 18757K(18944K)->18757K(18944K) NonClass: 16928K(17088K)->16928K(17088K) Class: 1829K(1856K)->1829K(1856K)
[435.831s][info][gc             ] GC(1218) Pause Young (Allocation Failure) 704M->585M(771M) 12.242ms
[435.831s][info][gc,cpu         ] GC(1218) User=0.02s Sys=0.00s Real=0.01s
[435.910s][info][gc,start       ] GC(1219) Pause Young (Allocation Failure)
[435.916s][info][gc,heap        ] GC(1219) PSYoungGen: 122240K(122368K)->1696K(227840K) Eden: 121856K(121856K)->0K(121344K) From: 384K(512K)->1696K(106496K)
[435.916s][info][gc,heap        ] GC(1219) ParOldGen: 599207K(667648K)->599207K(667648K)
[435.916s][info][gc,metaspace   ] GC(1219) Metaspace: 18757K(18944K)->18757K(18944K) NonClass: 16928K(17088K)->16928K(17088K) Class: 1829K(1856K)->1829K(1856K)
[435.916s][info][gc             ] GC(1219) Pause Young (Allocation Failure) 704M->586M(874M) 6.517ms
[435.916s][info][gc,cpu         ] GC(1219) User=0.01s Sys=0.00s Real=0.01s
[436.003s][info][gc,start       ] GC(1220) Pause Young (Allocation Failure)
[436.020s][info][gc,heap        ] GC(1220) PSYoungGen: 123040K(227840K)->9248K(131072K) Eden: 121344K(121344K)->0K(121344K) From: 1696K(106496K)->9248K(9728K)
[436.020s][info][gc,heap        ] GC(1220) ParOldGen: 599207K(667648K)->599207K(667648K)
[436.020s][info][gc,metaspace   ] GC(1220) Metaspace: 18757K(18944K)->18757K(18944K) NonClass: 16928K(17088K)->16928K(17088K) Class: 1829K(1856K)->1829K(1856K)
[436.020s][info][gc             ] GC(1220) Pause Young (Allocation Failure) 705M->594M(780M) 16.388ms
[436.020s][info][gc,cpu         ] GC(1220) User=0.03s Sys=0.00s Real=0.02s
[436.136s][info][gc,start       ] GC(1221) Pause Young (Allocation Failure)
[436.158s][info][gc,heap        ] GC(1221) PSYoungGen: 130592K(131072K)->15744K(229376K) Eden: 121344K(121344K)->0K(125952K) From: 9248K(9728K)->15744K(103424K)
[436.158s][info][gc,heap        ] GC(1221) ParOldGen: 599207K(667648K)->599207K(667648K)
[436.158s][info][gc,metaspace   ] GC(1221) Metaspace: 18757K(18944K)->18757K(18944K) NonClass: 16928K(17088K)->16928K(17088K) Class: 1829K(1856K)->1829K(1856K)
[436.158s][info][gc             ] GC(1221) Pause Young (Allocation Failure) 712M->600M(876M) 22.250ms
[436.158s][info][gc,cpu         ] GC(1221) User=0.05s Sys=0.00s Real=0.02s
[436.287s][info][gc,start       ] GC(1222) Pause Young (Allocation Failure)
[436.306s][info][gc,heap        ] GC(1222) PSYoungGen: 141696K(229376K)->15776K(224768K) Eden: 125952K(125952K)->0K(125952K) From: 15744K(103424K)->15776K(98816K)
[436.306s][info][gc,heap        ] GC(1222) ParOldGen: 599207K(667648K)->599207K(667648K)
[436.306s][info][gc,metaspace   ] GC(1222) Metaspace: 18760K(18944K)->18760K(18944K) NonClass: 16931K(17088K)->16931K(17088K) Class: 1829K(1856K)->1829K(1856K)
[436.306s][info][gc             ] GC(1222) Pause Young (Allocation Failure) 723M->600M(871M) 19.417ms
[436.306s][info][gc,cpu         ] GC(1222) User=0.04s Sys=0.00s Real=0.02s
[436.508s][info][gc,start       ] GC(1223) Pause Young (Allocation Failure)
[436.541s][info][gc,heap        ] GC(1223) PSYoungGen: 141728K(224768K)->27808K(219136K) Eden: 125952K(125952K)->0K(134656K) From: 15776K(98816K)->27808K(84480K)
[436.541s][info][gc,heap        ] GC(1223) ParOldGen: 599207K(667648K)->599207K(667648K)
[436.541s][info][gc,metaspace   ] GC(1223) Metaspace: 18760K(18944K)->18760K(18944K) NonClass: 16931K(17088K)->16931K(17088K) Class: 1829K(1856K)->1829K(1856K)
[436.541s][info][gc             ] GC(1223) Pause Young (Allocation Failure) 723M->612M(866M) 32.947ms
[436.541s][info][gc,cpu         ] GC(1223) User=0.07s Sys=0.00s Real=0.03s
[436.912s][info][gc,start       ] GC(1224) Pause Young (Allocation Failure)
[436.949s][info][gc,heap        ] GC(1224) PSYoungGen: 162464K(219136K)->33592K(222720K) Eden: 134656K(134656K)->0K(134656K) From: 27808K(84480K)->33592K(88064K)
[436.949s][info][gc,heap        ] GC(1224) ParOldGen: 599207K(667648K)->599207K(667648K)
[436.949s][info][gc,metaspace   ] GC(1224) Metaspace: 18760K(18944K)->18760K(18944K) NonClass: 16931K(17088K)->16931K(17088K) Class: 1829K(1856K)->1829K(1856K)
[436.949s][info][gc             ] GC(1224) Pause Young (Allocation Failure) 743M->617M(869M) 37.799ms
[436.949s][info][gc,cpu         ] GC(1224) User=0.08s Sys=0.00s Real=0.04s
[437.121s][info][gc,start       ] GC(1225) Pause Young (Allocation Failure)
[437.167s][info][gc,heap        ] GC(1225) PSYoungGen: 168248K(222720K)->42296K(227328K) Eden: 134656K(134656K)->0K(143872K) From: 33592K(88064K)->42296K(83456K)
[437.167s][info][gc,heap        ] GC(1225) ParOldGen: 599207K(667648K)->599207K(667648K)
[437.167s][info][gc,metaspace   ] GC(1225) Metaspace: 18760K(18944K)->18760K(18944K) NonClass: 16931K(17088K)->16931K(17088K) Class: 1829K(1856K)->1829K(1856K)
[437.167s][info][gc             ] GC(1225) Pause Young (Allocation Failure) 749M->626M(874M) 45.907ms
[437.167s][info][gc,cpu         ] GC(1225) User=0.09s Sys=0.00s Real=0.05s
[437.442s][info][gc,start       ] GC(1226) Pause Young (Allocation Failure)
[437.503s][info][gc,heap        ] GC(1226) PSYoungGen: 186168K(227328K)->54776K(227328K) Eden: 143872K(143872K)->0K(143872K) From: 42296K(83456K)->54776K(83456K)
[437.503s][info][gc,heap        ] GC(1226) ParOldGen: 599207K(667648K)->599207K(667648K)
[437.503s][info][gc,metaspace   ] GC(1226) Metaspace: 18760K(18944K)->18760K(18944K) NonClass: 16931K(17088K)->16931K(17088K) Class: 1829K(1856K)->1829K(1856K)
[437.503s][info][gc             ] GC(1226) Pause Young (Allocation Failure) 766M->638M(874M) 60.297ms
[437.503s][info][gc,cpu         ] GC(1226) User=0.12s Sys=0.00s Real=0.06s
[437.643s][info][gc,start       ] GC(1227) Pause Young (Allocation Failure)
[437.751s][info][gc,heap        ] GC(1227) PSYoungGen: 198648K(227328K)->87016K(201728K) Eden: 143872K(143872K)->0K(114688K) From: 54776K(83456K)->87016K(87040K)
[437.751s][info][gc,heap        ] GC(1227) ParOldGen: 599207K(667648K)->620703K(667648K)
[437.751s][info][gc,metaspace   ] GC(1227) Metaspace: 18760K(18944K)->18760K(18944K) NonClass: 16931K(17088K)->16931K(17088K) Class: 1829K(1856K)->1829K(1856K)
[437.751s][info][gc             ] GC(1227) Pause Young (Allocation Failure) 779M->691M(849M) 108.151ms
[437.751s][info][gc,cpu         ] GC(1227) User=0.20s Sys=0.01s Real=0.11s
[437.946s][info][gc,start       ] GC(1228) Pause Young (Allocation Failure)
[438.049s][info][gc,heap        ] GC(1228) PSYoungGen: 201704K(201728K)->102768K(217600K) Eden: 114688K(114688K)->0K(114688K) From: 87016K(87040K)->102768K(102912K)
[438.049s][info][gc,heap        ] GC(1228) ParOldGen: 620703K(667648K)->622367K(667648K)
[438.049s][info][gc,metaspace   ] GC(1228) Metaspace: 18760K(18944K)->18760K(18944K) NonClass: 16931K(17088K)->16931K(17088K) Class: 1829K(1856K)->1829K(1856K)
[438.049s][info][gc             ] GC(1228) Pause Young (Allocation Failure) 803M->708M(864M) 102.724ms
[438.049s][info][gc,cpu         ] GC(1228) User=0.21s Sys=0.00s Real=0.10s
[438.244s][info][gc,start       ] GC(1229) Pause Young (Allocation Failure)
[438.342s][info][gc,heap        ] GC(1229) PSYoungGen: 217456K(217600K)->88928K(222720K) Eden: 114688K(114688K)->0K(111616K) From: 102768K(102912K)->88928K(111104K)
[438.343s][info][gc,heap        ] GC(1229) ParOldGen: 622367K(667648K)->636463K(667648K)
[438.343s][info][gc,metaspace   ] GC(1229) Metaspace: 18760K(18944K)->18760K(18944K) NonClass: 16931K(17088K)->16931K(17088K) Class: 1829K(1856K)->1829K(1856K)
[438.343s][info][gc             ] GC(1229) Pause Young (Allocation Failure) 820M->708M(869M) 98.778ms
[438.343s][info][gc,cpu         ] GC(1229) User=0.20s Sys=0.00s Real=0.10s
[438.496s][info][gc,start       ] GC(1230) Pause Full (Allocation Failure)
[438.496s][info][gc,phases,start] GC(1230) Marking Phase
[439.019s][info][gc,phases      ] GC(1230) Marking Phase 523.377ms
[439.020s][info][gc,phases,start] GC(1230) Summary Phase
[439.020s][info][gc,phases      ] GC(1230) Summary Phase 0.032ms
[439.020s][info][gc,phases,start] GC(1230) Forward
[439.158s][info][gc,phases      ] GC(1230) Forward 138.193ms
[439.158s][info][gc,phases,start] GC(1230) Adjust Pointers
[439.569s][info][gc,phases      ] GC(1230) Adjust Pointers 411.553ms
[439.569s][info][gc,phases,start] GC(1230) Compaction Phase
[439.789s][info][gc,phases      ] GC(1230) Compaction Phase 219.527ms
[439.802s][info][gc,phases,start] GC(1230) Post Compact
[439.805s][info][gc,phases      ] GC(1230) Post Compact 2.388ms
[439.805s][info][gc,heap        ] GC(1230) PSYoungGen: 200544K(222720K)->23793K(222720K) Eden: 111616K(111616K)->0K(111616K) From: 88928K(111104K)->23793K(111104K)
[439.805s][info][gc,heap        ] GC(1230) ParOldGen: 636463K(667648K)->667526K(667648K)
[439.805s][info][gc,metaspace   ] GC(1230) Metaspace: 18760K(18944K)->18760K(18944K) NonClass: 16931K(17088K)->16931K(17088K) Class: 1829K(1856K)->1829K(1856K)
[439.805s][info][gc             ] GC(1230) Pause Full (Allocation Failure) 817M->675M(869M) 1308.574ms
[439.805s][info][gc,cpu         ] GC(1230) User=2.56s Sys=0.00s Real=1.30s
[439.964s][info][gc,start       ] GC(1231) Pause Full (Allocation Failure)
[439.964s][info][gc,phases,start] GC(1231) Marking Phase
[440.487s][info][gc,phases      ] GC(1231) Marking Phase 523.178ms
[440.487s][info][gc,phases,start] GC(1231) Summary Phase
[440.487s][info][gc,phases      ] GC(1231) Summary Phase 0.028ms
[440.487s][info][gc,phases,start] GC(1231) Forward
[440.506s][info][gc,phases      ] GC(1231) Forward 18.772ms
[440.506s][info][gc,phases,start] GC(1231) Adjust Pointers
[440.868s][info][gc,phases      ] GC(1231) Adjust Pointers 361.703ms
[440.868s][info][gc,phases,start] GC(1231) Compaction Phase
[441.021s][info][gc,phases      ] GC(1231) Compaction Phase 152.744ms
[441.021s][info][gc,phases,start] GC(1231) Post Compact
[441.023s][info][gc,phases      ] GC(1231) Post Compact 2.316ms
[441.023s][info][gc,heap        ] GC(1231) PSYoungGen: 135409K(222720K)->23942K(222720K) Eden: 111616K(111616K)->23942K(111616K) From: 23793K(111104K)->0K(111104K)
[441.023s][info][gc,heap        ] GC(1231) ParOldGen: 667526K(667648K)->667644K(667648K)
[441.023s][info][gc,metaspace   ] GC(1231) Metaspace: 18760K(18944K)->18760K(18944K) NonClass: 16931K(17088K)->16931K(17088K) Class: 1829K(1856K)->1829K(1856K)
[441.023s][info][gc             ] GC(1231) Pause Full (Allocation Failure) 784M->675M(869M) 1059.241ms
[441.023s][info][gc,cpu         ] GC(1231) User=2.08s Sys=0.00s Real=1.06s
[441.170s][info][gc,start       ] GC(1232) Pause Full (Allocation Failure)
[441.170s][info][gc,phases,start] GC(1232) Marking Phase
[441.695s][info][gc,phases      ] GC(1232) Marking Phase 525.341ms
[441.695s][info][gc,phases,start] GC(1232) Summary Phase
[441.695s][info][gc,phases      ] GC(1232) Summary Phase 0.025ms
[441.695s][info][gc,phases,start] GC(1232) Forward
[441.723s][info][gc,phases      ] GC(1232) Forward 28.320ms
[441.723s][info][gc,phases,start] GC(1232) Adjust Pointers
[442.073s][info][gc,phases      ] GC(1232) Adjust Pointers 349.106ms
[442.073s][info][gc,phases,start] GC(1232) Compaction Phase
[442.214s][info][gc,phases      ] GC(1232) Compaction Phase 141.174ms
[442.214s][info][gc,phases,start] GC(1232) Post Compact
[442.216s][info][gc,phases      ] GC(1232) Post Compact 2.219ms
[442.216s][info][gc,heap        ] GC(1232) PSYoungGen: 111616K(222720K)->24585K(222720K) Eden: 111616K(111616K)->24585K(111616K) From: 0K(111104K)->0K(111104K)
[442.216s][info][gc,heap        ] GC(1232) ParOldGen: 667644K(667648K)->667617K(667648K)
[442.216s][info][gc,metaspace   ] GC(1232) Metaspace: 18760K(18944K)->18760K(18944K) NonClass: 16931K(17088K)->16931K(17088K) Class: 1829K(1856K)->1829K(1856K)
[442.216s][info][gc             ] GC(1232) Pause Full (Allocation Failure) 760M->675M(869M) 1046.657ms
[442.216s][info][gc,cpu         ] GC(1232) User=2.04s Sys=0.00s Real=1.05s
[442.291s][info][gc,start       ] GC(1233) Pause Full (Allocation Failure)
[442.291s][info][gc,phases,start] GC(1233) Marking Phase
[442.794s][info][gc,phases      ] GC(1233) Marking Phase 503.505ms
[442.794s][info][gc,phases,start] GC(1233) Summary Phase
[442.794s][info][gc,phases      ] GC(1233) Summary Phase 0.035ms
[442.794s][info][gc,phases,start] GC(1233) Forward
[442.895s][info][gc,phases      ] GC(1233) Forward 100.677ms
[442.895s][info][gc,phases,start] GC(1233) Adjust Pointers
[443.293s][info][gc,phases      ] GC(1233) Adjust Pointers 397.659ms
[443.293s][info][gc,phases,start] GC(1233) Compaction Phase
[443.460s][info][gc,phases      ] GC(1233) Compaction Phase 167.077ms
[443.475s][info][gc,phases,start] GC(1233) Post Compact
[443.477s][info][gc,phases      ] GC(1233) Post Compact 2.298ms
[443.477s][info][gc,heap        ] GC(1233) PSYoungGen: 111616K(222720K)->25603K(222720K) Eden: 111616K(111616K)->25603K(111616K) From: 0K(111104K)->0K(111104K)
[443.477s][info][gc,heap        ] GC(1233) ParOldGen: 667617K(667648K)->667617K(667648K)
[443.477s][info][gc,metaspace   ] GC(1233) Metaspace: 18761K(18944K)->18761K(18944K) NonClass: 16931K(17088K)->16931K(17088K) Class: 1829K(1856K)->1829K(1856K)
[443.477s][info][gc             ] GC(1233) Pause Full (Allocation Failure) 760M->676M(869M) 1186.681ms
[443.477s][info][gc,cpu         ] GC(1233) User=2.31s Sys=0.01s Real=1.19s
[443.550s][info][gc,start       ] GC(1234) Pause Full (Allocation Failure)
[443.550s][info][gc,phases,start] GC(1234) Marking Phase
[444.077s][info][gc,phases      ] GC(1234) Marking Phase 526.862ms
[444.077s][info][gc,phases,start] GC(1234) Summary Phase
[444.077s][info][gc,phases      ] GC(1234) Summary Phase 0.023ms
[444.077s][info][gc,phases,start] GC(1234) Forward
[444.088s][info][gc,phases      ] GC(1234) Forward 10.732ms
[444.088s][info][gc,phases,start] GC(1234) Adjust Pointers
[444.447s][info][gc,phases      ] GC(1234) Adjust Pointers 358.718ms
[444.447s][info][gc,phases,start] GC(1234) Compaction Phase
[444.592s][info][gc,phases      ] GC(1234) Compaction Phase 144.842ms
[444.592s][info][gc,phases,start] GC(1234) Post Compact
[444.594s][info][gc,phases      ] GC(1234) Post Compact 2.266ms
[444.594s][info][gc,heap        ] GC(1234) PSYoungGen: 111616K(222720K)->26256K(222720K) Eden: 111616K(111616K)->26256K(111616K) From: 0K(111104K)->0K(111104K)
[444.594s][info][gc,heap        ] GC(1234) ParOldGen: 667617K(667648K)->667617K(667648K)
[444.594s][info][gc,metaspace   ] GC(1234) Metaspace: 18761K(18944K)->18761K(18944K) NonClass: 16931K(17088K)->16931K(17088K) Class: 1829K(1856K)->1829K(1856K)
[444.594s][info][gc             ] GC(1234) Pause Full (Allocation Failure) 760M->677M(869M) 1043.920ms
[444.594s][info][gc,cpu         ] GC(1234) User=2.04s Sys=0.00s Real=1.04s
[444.721s][info][gc,start       ] GC(1235) Pause Full (Allocation Failure)
[444.721s][info][gc,phases,start] GC(1235) Marking Phase
[445.249s][info][gc,phases      ] GC(1235) Marking Phase 528.450ms
[445.249s][info][gc,phases,start] GC(1235) Summary Phase
[445.249s][info][gc,phases      ] GC(1235) Summary Phase 0.026ms
[445.249s][info][gc,phases,start] GC(1235) Forward
[445.260s][info][gc,phases      ] GC(1235) Forward 11.195ms
[445.260s][info][gc,phases,start] GC(1235) Adjust Pointers
[445.621s][info][gc,phases      ] GC(1235) Adjust Pointers 360.167ms
[445.621s][info][gc,phases,start] GC(1235) Compaction Phase
[445.767s][info][gc,phases      ] GC(1235) Compaction Phase 146.199ms
[445.767s][info][gc,phases,start] GC(1235) Post Compact
[445.769s][info][gc,phases      ] GC(1235) Post Compact 2.286ms
[445.769s][info][gc,heap        ] GC(1235) PSYoungGen: 111616K(222720K)->27246K(222720K) Eden: 111616K(111616K)->27246K(111616K) From: 0K(111104K)->0K(111104K)
[445.769s][info][gc,heap        ] GC(1235) ParOldGen: 667617K(667648K)->667617K(667648K)
[445.769s][info][gc,metaspace   ] GC(1235) Metaspace: 18761K(18944K)->18761K(18944K) NonClass: 16931K(17088K)->16931K(17088K) Class: 1829K(1856K)->1829K(1856K)
[445.769s][info][gc             ] GC(1235) Pause Full (Allocation Failure) 760M->678M(869M) 1048.838ms
[445.769s][info][gc,cpu         ] GC(1235) User=2.05s Sys=0.00s Real=1.05s
[445.925s][info][gc,start       ] GC(1236) Pause Full (Allocation Failure)
[445.925s][info][gc,phases,start] GC(1236) Marking Phase
[446.474s][info][gc,phases      ] GC(1236) Marking Phase 548.240ms
[446.474s][info][gc,phases,start] GC(1236) Summary Phase
[446.474s][info][gc,phases      ] GC(1236) Summary Phase 0.028ms
[446.474s][info][gc,phases,start] GC(1236) Forward
[446.611s][info][gc,phases      ] GC(1236) Forward 136.967ms
[446.611s][info][gc,phases,start] GC(1236) Adjust Pointers
[447.041s][info][gc,phases      ] GC(1236) Adjust Pointers 429.754ms
[447.041s][info][gc,phases,start] GC(1236) Compaction Phase
[447.248s][info][gc,phases      ] GC(1236) Compaction Phase 207.506ms
[447.265s][info][gc,phases,start] GC(1236) Post Compact
[447.267s][info][gc,phases      ] GC(1236) Post Compact 2.276ms
[447.267s][info][gc,heap        ] GC(1236) PSYoungGen: 111616K(222720K)->43536K(222720K) Eden: 111616K(111616K)->43536K(111616K) From: 0K(111104K)->0K(111104K)
[447.267s][info][gc,heap        ] GC(1236) ParOldGen: 667617K(667648K)->667536K(667648K)
[447.267s][info][gc,metaspace   ] GC(1236) Metaspace: 18767K(18944K)->18767K(18944K) NonClass: 16938K(17088K)->16938K(17088K) Class: 1829K(1856K)->1829K(1856K)
[447.267s][info][gc             ] GC(1236) Pause Full (Allocation Failure) 760M->694M(869M) 1342.204ms
[447.268s][info][gc,cpu         ] GC(1236) User=2.62s Sys=0.00s Real=1.34s
[447.413s][info][gc,start       ] GC(1237) Pause Full (Allocation Failure)
[447.413s][info][gc,phases,start] GC(1237) Marking Phase
[447.931s][info][gc,phases      ] GC(1237) Marking Phase 517.476ms
[447.931s][info][gc,phases,start] GC(1237) Summary Phase
[447.931s][info][gc,phases      ] GC(1237) Summary Phase 0.024ms
[447.931s][info][gc,phases,start] GC(1237) Forward
[447.948s][info][gc,phases      ] GC(1237) Forward 16.983ms
[447.948s][info][gc,phases,start] GC(1237) Adjust Pointers
[448.310s][info][gc,phases      ] GC(1237) Adjust Pointers 361.679ms
[448.310s][info][gc,phases,start] GC(1237) Compaction Phase
[448.454s][info][gc,phases      ] GC(1237) Compaction Phase 144.136ms
[448.454s][info][gc,phases,start] GC(1237) Post Compact
[448.456s][info][gc,phases      ] GC(1237) Post Compact 2.293ms
[448.456s][info][gc,heap        ] GC(1237) PSYoungGen: 111616K(222720K)->44611K(222720K) Eden: 111616K(111616K)->44611K(111616K) From: 0K(111104K)->0K(111104K)
[448.456s][info][gc,heap        ] GC(1237) ParOldGen: 667536K(667648K)->667536K(667648K)
[448.456s][info][gc,metaspace   ] GC(1237) Metaspace: 18767K(18944K)->18767K(18944K) NonClass: 16938K(17088K)->16938K(17088K) Class: 1829K(1856K)->1829K(1856K)
[448.456s][info][gc             ] GC(1237) Pause Full (Allocation Failure) 760M->695M(869M) 1043.061ms
[448.456s][info][gc,cpu         ] GC(1237) User=2.03s Sys=0.00s Real=1.05s
[448.543s][info][gc,start       ] GC(1238) Pause Full (Allocation Failure)
[448.543s][info][gc,phases,start] GC(1238) Marking Phase
[449.106s][info][gc,phases      ] GC(1238) Marking Phase 562.702ms
[449.106s][info][gc,phases,start] GC(1238) Summary Phase
[449.106s][info][gc,phases      ] GC(1238) Summary Phase 0.024ms
[449.106s][info][gc,phases,start] GC(1238) Forward
[449.127s][info][gc,phases      ] GC(1238) Forward 20.805ms
[449.127s][info][gc,phases,start] GC(1238) Adjust Pointers
[449.512s][info][gc,phases      ] GC(1238) Adjust Pointers 385.061ms
[449.512s][info][gc,phases,start] GC(1238) Compaction Phase
[449.667s][info][gc,phases      ] GC(1238) Compaction Phase 154.668ms
[449.667s][info][gc,phases,start] GC(1238) Post Compact
[449.669s][info][gc,phases      ] GC(1238) Post Compact 2.321ms
[449.669s][info][gc,heap        ] GC(1238) PSYoungGen: 111616K(222720K)->57391K(222720K) Eden: 111616K(111616K)->57391K(111616K) From: 0K(111104K)->0K(111104K)
[449.669s][info][gc,heap        ] GC(1238) ParOldGen: 667536K(667648K)->667536K(667648K)
[449.669s][info][gc,metaspace   ] GC(1238) Metaspace: 18767K(18944K)->18767K(18944K) NonClass: 16938K(17088K)->16938K(17088K) Class: 1829K(1856K)->1829K(1856K)
[449.669s][info][gc             ] GC(1238) Pause Full (Allocation Failure) 760M->707M(869M) 1126.060ms
[449.669s][info][gc,cpu         ] GC(1238) User=2.20s Sys=0.00s Real=1.13s
[449.717s][info][gc,start       ] GC(1239) Pause Full (Allocation Failure)
[449.717s][info][gc,phases,start] GC(1239) Marking Phase
[450.290s][info][gc,phases      ] GC(1239) Marking Phase 573.563ms
[450.290s][info][gc,phases,start] GC(1239) Summary Phase
[450.290s][info][gc,phases      ] GC(1239) Summary Phase 0.025ms
[450.290s][info][gc,phases,start] GC(1239) Forward
[450.314s][info][gc,phases      ] GC(1239) Forward 23.709ms
[450.314s][info][gc,phases,start] GC(1239) Adjust Pointers
[450.705s][info][gc,phases      ] GC(1239) Adjust Pointers 390.741ms
[450.705s][info][gc,phases,start] GC(1239) Compaction Phase
[450.861s][info][gc,phases      ] GC(1239) Compaction Phase 156.051ms
[450.861s][info][gc,phases,start] GC(1239) Post Compact
[450.863s][info][gc,phases      ] GC(1239) Post Compact 2.268ms
[450.863s][info][gc,heap        ] GC(1239) PSYoungGen: 111616K(222720K)->68428K(222720K) Eden: 111616K(111616K)->68428K(111616K) From: 0K(111104K)->0K(111104K)
[450.863s][info][gc,heap        ] GC(1239) ParOldGen: 667536K(667648K)->667536K(667648K)
[450.863s][info][gc,metaspace   ] GC(1239) Metaspace: 18767K(18944K)->18767K(18944K) NonClass: 16938K(17088K)->16938K(17088K) Class: 1829K(1856K)->1829K(1856K)
[450.863s][info][gc             ] GC(1239) Pause Full (Allocation Failure) 760M->718M(869M) 1146.753ms
[450.863s][info][gc,cpu         ] GC(1239) User=2.24s Sys=0.00s Real=1.14s
[450.910s][info][gc,start       ] GC(1240) Pause Full (Allocation Failure)
[450.910s][info][gc,phases,start] GC(1240) Marking Phase
[451.489s][info][gc,phases      ] GC(1240) Marking Phase 578.483ms
[451.489s][info][gc,phases,start] GC(1240) Summary Phase
[451.489s][info][gc,phases      ] GC(1240) Summary Phase 0.023ms
[451.489s][info][gc,phases,start] GC(1240) Forward
[451.512s][info][gc,phases      ] GC(1240) Forward 23.279ms
[451.512s][info][gc,phases,start] GC(1240) Adjust Pointers
[451.900s][info][gc,phases      ] GC(1240) Adjust Pointers 388.184ms
[451.900s][info][gc,phases,start] GC(1240) Compaction Phase
[452.055s][info][gc,phases      ] GC(1240) Compaction Phase 154.679ms
[452.055s][info][gc,phases,start] GC(1240) Post Compact
[452.057s][info][gc,phases      ] GC(1240) Post Compact 2.279ms
[452.057s][info][gc,heap        ] GC(1240) PSYoungGen: 111616K(222720K)->69432K(222720K) Eden: 111616K(111616K)->69432K(111616K) From: 0K(111104K)->0K(111104K)
[452.057s][info][gc,heap        ] GC(1240) ParOldGen: 667536K(667648K)->667536K(667648K)
[452.057s][info][gc,metaspace   ] GC(1240) Metaspace: 18767K(18944K)->18767K(18944K) NonClass: 16938K(17088K)->16938K(17088K) Class: 1829K(1856K)->1829K(1856K)
[452.058s][info][gc             ] GC(1240) Pause Full (Allocation Failure) 760M->719M(869M) 1147.396ms
[452.058s][info][gc,cpu         ] GC(1240) User=2.24s Sys=0.01s Real=1.15s
[452.104s][info][gc,start       ] GC(1241) Pause Full (Allocation Failure)
[452.104s][info][gc,phases,start] GC(1241) Marking Phase
[452.688s][info][gc,phases      ] GC(1241) Marking Phase 583.875ms
[452.688s][info][gc,phases,start] GC(1241) Summary Phase
[452.688s][info][gc,phases      ] GC(1241) Summary Phase 0.025ms
[452.688s][info][gc,phases,start] GC(1241) Forward
[452.712s][info][gc,phases      ] GC(1241) Forward 23.822ms
[452.712s][info][gc,phases,start] GC(1241) Adjust Pointers
[453.104s][info][gc,phases      ] GC(1241) Adjust Pointers 391.939ms
[453.104s][info][gc,phases,start] GC(1241) Compaction Phase
[453.255s][info][gc,phases      ] GC(1241) Compaction Phase 151.046ms
[453.255s][info][gc,phases,start] GC(1241) Post Compact
[453.257s][info][gc,phases      ] GC(1241) Post Compact 2.289ms
[453.257s][info][gc,heap        ] GC(1241) PSYoungGen: 111616K(222720K)->77386K(222720K) Eden: 111616K(111616K)->77386K(111616K) From: 0K(111104K)->0K(111104K)
[453.257s][info][gc,heap        ] GC(1241) ParOldGen: 667536K(667648K)->667536K(667648K)
[453.257s][info][gc,metaspace   ] GC(1241) Metaspace: 18767K(18944K)->18767K(18944K) NonClass: 16938K(17088K)->16938K(17088K) Class: 1829K(1856K)->1829K(1856K)
[453.257s][info][gc             ] GC(1241) Pause Full (Allocation Failure) 760M->727M(869M) 1153.470ms
[453.257s][info][gc,cpu         ] GC(1241) User=2.25s Sys=0.00s Real=1.16s
[453.299s][info][gc,start       ] GC(1242) Pause Full (Allocation Failure)
[453.299s][info][gc,phases,start] GC(1242) Marking Phase
[453.846s][info][gc,phases      ] GC(1242) Marking Phase 547.556ms
[453.847s][info][gc,phases,start] GC(1242) Summary Phase
[453.847s][info][gc,phases      ] GC(1242) Summary Phase 0.024ms
[453.847s][info][gc,phases,start] GC(1242) Forward
[453.869s][info][gc,phases      ] GC(1242) Forward 22.707ms
[453.869s][info][gc,phases,start] GC(1242) Adjust Pointers
[454.252s][info][gc,phases      ] GC(1242) Adjust Pointers 383.091ms
[454.252s][info][gc,phases,start] GC(1242) Compaction Phase
[454.410s][info][gc,phases      ] GC(1242) Compaction Phase 157.631ms
[454.410s][info][gc,phases,start] GC(1242) Post Compact
[454.413s][info][gc,phases      ] GC(1242) Post Compact 2.267ms
[454.413s][info][gc,heap        ] GC(1242) PSYoungGen: 111616K(222720K)->79271K(222720K) Eden: 111616K(111616K)->79271K(111616K) From: 0K(111104K)->0K(111104K)
[454.413s][info][gc,heap        ] GC(1242) ParOldGen: 667536K(667648K)->667536K(667648K)
[454.413s][info][gc,metaspace   ] GC(1242) Metaspace: 18767K(18944K)->18767K(18944K) NonClass: 16938K(17088K)->16938K(17088K) Class: 1829K(1856K)->1829K(1856K)
[454.413s][info][gc             ] GC(1242) Pause Full (Allocation Failure) 760M->729M(869M) 1113.754ms
[454.413s][info][gc,cpu         ] GC(1242) User=2.18s Sys=0.00s Real=1.11s
[454.440s][info][gc,start       ] GC(1243) Pause Full (Allocation Failure)
[454.440s][info][gc,phases,start] GC(1243) Marking Phase
[455.024s][info][gc,phases      ] GC(1243) Marking Phase 583.997ms
[455.024s][info][gc,phases,start] GC(1243) Summary Phase
[455.024s][info][gc,phases      ] GC(1243) Summary Phase 0.026ms
[455.024s][info][gc,phases,start] GC(1243) Forward
[455.048s][info][gc,phases      ] GC(1243) Forward 24.011ms
[455.048s][info][gc,phases,start] GC(1243) Adjust Pointers
[455.437s][info][gc,phases      ] GC(1243) Adjust Pointers 389.041ms
[455.437s][info][gc,phases,start] GC(1243) Compaction Phase
[455.594s][info][gc,phases      ] GC(1243) Compaction Phase 157.190ms
[455.594s][info][gc,phases,start] GC(1243) Post Compact
[455.596s][info][gc,phases      ] GC(1243) Post Compact 2.253ms
[455.597s][info][gc,heap        ] GC(1243) PSYoungGen: 111616K(222720K)->81181K(222720K) Eden: 111616K(111616K)->81181K(111616K) From: 0K(111104K)->0K(111104K)
[455.597s][info][gc,heap        ] GC(1243) ParOldGen: 667536K(667648K)->667536K(667648K)
[455.597s][info][gc,metaspace   ] GC(1243) Metaspace: 18767K(18944K)->18767K(18944K) NonClass: 16938K(17088K)->16938K(17088K) Class: 1829K(1856K)->1829K(1856K)
[455.597s][info][gc             ] GC(1243) Pause Full (Allocation Failure) 760M->731M(869M) 1157.026ms
[455.597s][info][gc,cpu         ] GC(1243) User=2.26s Sys=0.00s Real=1.16s
[455.616s][info][gc,start       ] GC(1244) Pause Full (Allocation Failure)
[455.616s][info][gc,phases,start] GC(1244) Marking Phase
[456.199s][info][gc,phases      ] GC(1244) Marking Phase 582.733ms
[456.199s][info][gc,phases,start] GC(1244) Summary Phase
[456.199s][info][gc,phases      ] GC(1244) Summary Phase 0.027ms
[456.199s][info][gc,phases,start] GC(1244) Forward
[456.223s][info][gc,phases      ] GC(1244) Forward 23.648ms
[456.223s][info][gc,phases,start] GC(1244) Adjust Pointers
[456.613s][info][gc,phases      ] GC(1244) Adjust Pointers 389.975ms
[456.613s][info][gc,phases,start] GC(1244) Compaction Phase
[456.770s][info][gc,phases      ] GC(1244) Compaction Phase 157.261ms
[456.770s][info][gc,phases,start] GC(1244) Post Compact
[456.772s][info][gc,phases      ] GC(1244) Post Compact 2.256ms
[456.772s][info][gc,heap        ] GC(1244) PSYoungGen: 111616K(222720K)->81249K(222720K) Eden: 111616K(111616K)->81249K(111616K) From: 0K(111104K)->0K(111104K)
[456.772s][info][gc,heap        ] GC(1244) ParOldGen: 667536K(667648K)->667536K(667648K)
[456.772s][info][gc,metaspace   ] GC(1244) Metaspace: 18767K(18944K)->18767K(18944K) NonClass: 16938K(17088K)->16938K(17088K) Class: 1829K(1856K)->1829K(1856K)
[456.773s][info][gc             ] GC(1244) Pause Full (Allocation Failure) 760M->731M(869M) 1156.376ms
[456.773s][info][gc,cpu         ] GC(1244) User=2.26s Sys=0.00s Real=1.15s
[456.792s][info][gc,start       ] GC(1245) Pause Full (Allocation Failure)
[456.793s][info][gc,phases,start] GC(1245) Marking Phase
[457.380s][info][gc,phases      ] GC(1245) Marking Phase 587.585ms
[457.380s][info][gc,phases,start] GC(1245) Summary Phase
[457.380s][info][gc,phases      ] GC(1245) Summary Phase 0.027ms
[457.380s][info][gc,phases,start] GC(1245) Forward
[457.404s][info][gc,phases      ] GC(1245) Forward 23.809ms
[457.404s][info][gc,phases,start] GC(1245) Adjust Pointers
[457.797s][info][gc,phases      ] GC(1245) Adjust Pointers 393.289ms
[457.797s][info][gc,phases,start] GC(1245) Compaction Phase
[457.954s][info][gc,phases      ] GC(1245) Compaction Phase 156.709ms
[457.954s][info][gc,phases,start] GC(1245) Post Compact
[457.957s][info][gc,phases      ] GC(1245) Post Compact 2.262ms
[457.957s][info][gc,heap        ] GC(1245) PSYoungGen: 111616K(222720K)->81347K(222720K) Eden: 111616K(111616K)->81347K(111616K) From: 0K(111104K)->0K(111104K)
[457.957s][info][gc,heap        ] GC(1245) ParOldGen: 667536K(667648K)->667536K(667648K)
[457.957s][info][gc,metaspace   ] GC(1245) Metaspace: 18767K(18944K)->18767K(18944K) NonClass: 16938K(17088K)->16938K(17088K) Class: 1829K(1856K)->1829K(1856K)
[457.957s][info][gc             ] GC(1245) Pause Full (Allocation Failure) 760M->731M(869M) 1164.136ms
[457.957s][info][gc,cpu         ] GC(1245) User=2.27s Sys=0.00s Real=1.17s
[457.989s][info][gc,start       ] GC(1246) Pause Full (Allocation Failure)
[457.989s][info][gc,phases,start] GC(1246) Marking Phase
[458.577s][info][gc,phases      ] GC(1246) Marking Phase 588.650ms
[458.577s][info][gc,phases,start] GC(1246) Summary Phase
[458.577s][info][gc,phases      ] GC(1246) Summary Phase 0.026ms
[458.577s][info][gc,phases,start] GC(1246) Forward
[458.601s][info][gc,phases      ] GC(1246) Forward 23.456ms
[458.601s][info][gc,phases,start] GC(1246) Adjust Pointers
[458.987s][info][gc,phases      ] GC(1246) Adjust Pointers 385.840ms
[458.987s][info][gc,phases,start] GC(1246) Compaction Phase
[459.134s][info][gc,phases      ] GC(1246) Compaction Phase 146.730ms
[459.134s][info][gc,phases,start] GC(1246) Post Compact
[459.136s][info][gc,phases      ] GC(1246) Post Compact 2.214ms
[459.136s][info][gc,heap        ] GC(1246) PSYoungGen: 111616K(222720K)->81834K(222720K) Eden: 111616K(111616K)->81834K(111616K) From: 0K(111104K)->0K(111104K)
[459.136s][info][gc,heap        ] GC(1246) ParOldGen: 667536K(667648K)->667536K(667648K)
[459.136s][info][gc,metaspace   ] GC(1246) Metaspace: 18767K(18944K)->18767K(18944K) NonClass: 16938K(17088K)->16938K(17088K) Class: 1829K(1856K)->1829K(1856K)
[459.136s][info][gc             ] GC(1246) Pause Full (Allocation Failure) 760M->731M(869M) 1147.421ms
[459.136s][info][gc,cpu         ] GC(1246) User=2.24s Sys=0.00s Real=1.15s
[459.166s][info][gc,start       ] GC(1247) Pause Full (Allocation Failure)
[459.166s][info][gc,phases,start] GC(1247) Marking Phase
[459.713s][info][gc,phases      ] GC(1247) Marking Phase 547.115ms
[459.713s][info][gc,phases,start] GC(1247) Summary Phase
[459.713s][info][gc,phases      ] GC(1247) Summary Phase 0.024ms
[459.713s][info][gc,phases,start] GC(1247) Forward
[459.736s][info][gc,phases      ] GC(1247) Forward 22.287ms
[459.736s][info][gc,phases,start] GC(1247) Adjust Pointers
[460.125s][info][gc,phases      ] GC(1247) Adjust Pointers 389.425ms
[460.125s][info][gc,phases,start] GC(1247) Compaction Phase
[460.283s][info][gc,phases      ] GC(1247) Compaction Phase 157.970ms
[460.283s][info][gc,phases,start] GC(1247) Post Compact
[460.286s][info][gc,phases      ] GC(1247) Post Compact 2.260ms
[460.286s][info][gc,heap        ] GC(1247) PSYoungGen: 111616K(222720K)->83751K(222720K) Eden: 111616K(111616K)->83751K(111616K) From: 0K(111104K)->0K(111104K)
[460.286s][info][gc,heap        ] GC(1247) ParOldGen: 667536K(667648K)->667536K(667648K)
[460.286s][info][gc,metaspace   ] GC(1247) Metaspace: 18767K(18944K)->18767K(18944K) NonClass: 16938K(17088K)->16938K(17088K) Class: 1829K(1856K)->1829K(1856K)
[460.286s][info][gc             ] GC(1247) Pause Full (Allocation Failure) 760M->733M(869M) 1119.584ms
[460.286s][info][gc,cpu         ] GC(1247) User=2.19s Sys=0.01s Real=1.12s
[460.319s][info][gc,start       ] GC(1248) Pause Full (Allocation Failure)
[460.319s][info][gc,phases,start] GC(1248) Marking Phase
[460.909s][info][gc,phases      ] GC(1248) Marking Phase 589.330ms
[460.909s][info][gc,phases,start] GC(1248) Summary Phase
[460.909s][info][gc,phases      ] GC(1248) Summary Phase 0.025ms
[460.909s][info][gc,phases,start] GC(1248) Forward
[460.933s][info][gc,phases      ] GC(1248) Forward 23.829ms
[460.933s][info][gc,phases,start] GC(1248) Adjust Pointers
[461.311s][info][gc,phases      ] GC(1248) Adjust Pointers 378.407ms
[461.311s][info][gc,phases,start] GC(1248) Compaction Phase
[461.464s][info][gc,phases      ] GC(1248) Compaction Phase 153.056ms
[461.464s][info][gc,phases,start] GC(1248) Post Compact
[461.466s][info][gc,phases      ] GC(1248) Post Compact 2.207ms
[461.466s][info][gc,heap        ] GC(1248) PSYoungGen: 111616K(222720K)->83749K(222720K) Eden: 111616K(111616K)->83749K(111616K) From: 0K(111104K)->0K(111104K)
[461.466s][info][gc,heap        ] GC(1248) ParOldGen: 667536K(667648K)->667536K(667648K)
[461.466s][info][gc,metaspace   ] GC(1248) Metaspace: 18767K(18944K)->18767K(18944K) NonClass: 16938K(17088K)->16938K(17088K) Class: 1829K(1856K)->1829K(1856K)
[461.467s][info][gc             ] GC(1248) Pause Full (Allocation Failure) 760M->733M(869M) 1147.304ms
[461.467s][info][gc,cpu         ] GC(1248) User=2.23s Sys=0.00s Real=1.15s
[461.504s][info][gc,start       ] GC(1249) Pause Full (Allocation Failure)
[461.504s][info][gc,phases,start] GC(1249) Marking Phase
[462.048s][info][gc,phases      ] GC(1249) Marking Phase 543.842ms
[462.048s][info][gc,phases,start] GC(1249) Summary Phase
[462.048s][info][gc,phases      ] GC(1249) Summary Phase 0.022ms
[462.048s][info][gc,phases,start] GC(1249) Forward
[462.071s][info][gc,phases      ] GC(1249) Forward 22.217ms
[462.071s][info][gc,phases,start] GC(1249) Adjust Pointers
[462.440s][info][gc,phases      ] GC(1249) Adjust Pointers 369.773ms
[462.440s][info][gc,phases,start] GC(1249) Compaction Phase
[462.587s][info][gc,phases      ] GC(1249) Compaction Phase 146.594ms
[462.587s][info][gc,phases,start] GC(1249) Post Compact
[462.589s][info][gc,phases      ] GC(1249) Post Compact 2.230ms
[462.589s][info][gc,heap        ] GC(1249) PSYoungGen: 111616K(222720K)->84094K(222720K) Eden: 111616K(111616K)->84094K(111616K) From: 0K(111104K)->0K(111104K)
[462.589s][info][gc,heap        ] GC(1249) ParOldGen: 667536K(667648K)->667536K(667648K)
[462.589s][info][gc,metaspace   ] GC(1249) Metaspace: 18767K(18944K)->18767K(18944K) NonClass: 16938K(17088K)->16938K(17088K) Class: 1829K(1856K)->1829K(1856K)
[462.589s][info][gc             ] GC(1249) Pause Full (Allocation Failure) 760M->734M(869M) 1085.112ms
[462.589s][info][gc,cpu         ] GC(1249) User=2.12s Sys=0.00s Real=1.09s
[462.618s][info][gc,start       ] GC(1250) Pause Full (Allocation Failure)
[462.618s][info][gc,phases,start] GC(1250) Marking Phase
[463.167s][info][gc,phases      ] GC(1250) Marking Phase 548.940ms
[463.167s][info][gc,phases,start] GC(1250) Summary Phase
[463.167s][info][gc,phases      ] GC(1250) Summary Phase 0.024ms
[463.167s][info][gc,phases,start] GC(1250) Forward
[463.189s][info][gc,phases      ] GC(1250) Forward 22.188ms
[463.189s][info][gc,phases,start] GC(1250) Adjust Pointers
[463.558s][info][gc,phases      ] GC(1250) Adjust Pointers 368.481ms
[463.558s][info][gc,phases,start] GC(1250) Compaction Phase
[463.706s][info][gc,phases      ] GC(1250) Compaction Phase 148.373ms
[463.706s][info][gc,phases,start] GC(1250) Post Compact
[463.708s][info][gc,phases      ] GC(1250) Post Compact 2.209ms
[463.708s][info][gc,heap        ] GC(1250) PSYoungGen: 111616K(222720K)->84094K(222720K) Eden: 111616K(111616K)->84094K(111616K) From: 0K(111104K)->0K(111104K)
[463.708s][info][gc,heap        ] GC(1250) ParOldGen: 667536K(667648K)->667536K(667648K)
[463.708s][info][gc,metaspace   ] GC(1250) Metaspace: 18767K(18944K)->18767K(18944K) NonClass: 16938K(17088K)->16938K(17088K) Class: 1829K(1856K)->1829K(1856K)
[463.709s][info][gc             ] GC(1250) Pause Full (Allocation Failure) 760M->734M(869M) 1090.645ms
[463.709s][info][gc,cpu         ] GC(1250) User=2.13s Sys=0.00s Real=1.09s
[463.748s][info][gc,start       ] GC(1251) Pause Full (Allocation Failure)
[463.748s][info][gc,phases,start] GC(1251) Marking Phase
[464.178s][info][gc,phases      ] GC(1251) Marking Phase 430.436ms
[464.178s][info][gc,phases,start] GC(1251) Summary Phase
[464.178s][info][gc,phases      ] GC(1251) Summary Phase 0.026ms
[464.178s][info][gc,phases,start] GC(1251) Forward
[464.304s][info][gc,phases      ] GC(1251) Forward 125.689ms
[464.304s][info][gc,phases,start] GC(1251) Adjust Pointers
[464.621s][info][gc,phases      ] GC(1251) Adjust Pointers 317.163ms
[464.621s][info][gc,phases,start] GC(1251) Compaction Phase
[464.824s][info][gc,phases      ] GC(1251) Compaction Phase 202.870ms
[464.837s][info][gc,phases,start] GC(1251) Post Compact
[464.839s][info][gc,phases      ] GC(1251) Post Compact 2.234ms
[464.839s][info][gc,heap        ] GC(1251) PSYoungGen: 111616K(222720K)->0K(222720K) Eden: 111616K(111616K)->0K(111616K) From: 0K(111104K)->0K(111104K)
[464.839s][info][gc,heap        ] GC(1251) ParOldGen: 667536K(667648K)->609970K(667648K)
[464.839s][info][gc,metaspace   ] GC(1251) Metaspace: 18768K(18944K)->18768K(18944K) NonClass: 16939K(17088K)->16939K(17088K) Class: 1829K(1856K)->1829K(1856K)
[464.839s][info][gc             ] GC(1251) Pause Full (Allocation Failure) 760M->595M(869M) 1091.609ms
[464.839s][info][gc,cpu         ] GC(1251) User=2.08s Sys=0.00s Real=1.09s
[464.994s][info][gc,start       ] GC(1252) Pause Young (Allocation Failure)
[464.998s][info][gc,heap        ] GC(1252) PSYoungGen: 111616K(222720K)->1824K(222720K) Eden: 111616K(111616K)->0K(111616K) From: 0K(111104K)->1824K(111104K)
[464.998s][info][gc,heap        ] GC(1252) ParOldGen: 609970K(667648K)->609970K(667648K)
[464.999s][info][gc,metaspace   ] GC(1252) Metaspace: 18768K(18944K)->18768K(18944K) NonClass: 16939K(17088K)->16939K(17088K) Class: 1829K(1856K)->1829K(1856K)
[464.999s][info][gc             ] GC(1252) Pause Young (Allocation Failure) 704M->597M(869M) 4.144ms
[464.999s][info][gc,cpu         ] GC(1252) User=0.01s Sys=0.00s Real=0.01s
[465.064s][info][gc,start       ] GC(1253) Pause Young (Allocation Failure)
[465.068s][info][gc,heap        ] GC(1253) PSYoungGen: 113440K(222720K)->1824K(222720K) Eden: 111616K(111616K)->0K(111616K) From: 1824K(111104K)->1824K(111104K)
[465.068s][info][gc,heap        ] GC(1253) ParOldGen: 609970K(667648K)->609970K(667648K)
[465.068s][info][gc,metaspace   ] GC(1253) Metaspace: 18768K(18944K)->18768K(18944K) NonClass: 16939K(17088K)->16939K(17088K) Class: 1829K(1856K)->1829K(1856K)
[465.068s][info][gc             ] GC(1253) Pause Young (Allocation Failure) 706M->597M(869M) 3.858ms
[465.068s][info][gc,cpu         ] GC(1253) User=0.00s Sys=0.00s Real=0.01s
[465.164s][info][gc,start       ] GC(1254) Pause Young (Allocation Failure)
[465.168s][info][gc,heap        ] GC(1254) PSYoungGen: 113440K(222720K)->1920K(222720K) Eden: 111616K(111616K)->0K(111616K) From: 1824K(111104K)->1920K(111104K)
[465.168s][info][gc,heap        ] GC(1254) ParOldGen: 609970K(667648K)->609970K(667648K)
[465.168s][info][gc,metaspace   ] GC(1254) Metaspace: 18768K(18944K)->18768K(18944K) NonClass: 16939K(17088K)->16939K(17088K) Class: 1829K(1856K)->1829K(1856K)
[465.168s][info][gc             ] GC(1254) Pause Young (Allocation Failure) 706M->597M(869M) 4.019ms
[465.168s][info][gc,cpu         ] GC(1254) User=0.01s Sys=0.00s Real=0.01s
[465.332s][info][gc,start       ] GC(1255) Pause Young (Allocation Failure)
[465.344s][info][gc,heap        ] GC(1255) PSYoungGen: 113536K(222720K)->9808K(222720K) Eden: 111616K(111616K)->0K(111616K) From: 1920K(111104K)->9808K(111104K)
[465.344s][info][gc,heap        ] GC(1255) ParOldGen: 609970K(667648K)->609970K(667648K)
[465.344s][info][gc,metaspace   ] GC(1255) Metaspace: 18768K(18944K)->18768K(18944K) NonClass: 16939K(17088K)->16939K(17088K) Class: 1829K(1856K)->1829K(1856K)
[465.344s][info][gc             ] GC(1255) Pause Young (Allocation Failure) 706M->605M(869M) 12.251ms
[465.344s][info][gc,cpu         ] GC(1255) User=0.02s Sys=0.00s Real=0.01s
[465.425s][info][gc,start       ] GC(1256) Pause Young (Allocation Failure)
[465.450s][info][gc,heap        ] GC(1256) PSYoungGen: 121424K(222720K)->21776K(222720K) Eden: 111616K(111616K)->0K(111616K) From: 9808K(111104K)->21776K(111104K)
[465.450s][info][gc,heap        ] GC(1256) ParOldGen: 609970K(667648K)->611762K(667648K)
[465.450s][info][gc,metaspace   ] GC(1256) Metaspace: 18768K(18944K)->18768K(18944K) NonClass: 16939K(17088K)->16939K(17088K) Class: 1829K(1856K)->1829K(1856K)
[465.450s][info][gc             ] GC(1256) Pause Young (Allocation Failure) 714M->618M(869M) 25.024ms
[465.450s][info][gc,cpu         ] GC(1256) User=0.05s Sys=0.00s Real=0.02s
[465.577s][info][gc,start       ] GC(1257) Pause Young (Allocation Failure)
[465.609s][info][gc,heap        ] GC(1257) PSYoungGen: 133392K(222720K)->22944K(222720K) Eden: 111616K(111616K)->0K(111616K) From: 21776K(111104K)->22944K(111104K)
[465.609s][info][gc,heap        ] GC(1257) ParOldGen: 611762K(667648K)->619786K(667648K)
[465.609s][info][gc,metaspace   ] GC(1257) Metaspace: 18768K(18944K)->18768K(18944K) NonClass: 16939K(17088K)->16939K(17088K) Class: 1829K(1856K)->1829K(1856K)
[465.609s][info][gc             ] GC(1257) Pause Young (Allocation Failure) 727M->627M(869M) 32.184ms
[465.609s][info][gc,cpu         ] GC(1257) User=0.07s Sys=0.00s Real=0.03s
[465.796s][info][gc,start       ] GC(1258) Pause Young (Allocation Failure)
[465.823s][info][gc,heap        ] GC(1258) PSYoungGen: 134560K(222720K)->96K(219648K) Eden: 111616K(111616K)->0K(111616K) From: 22944K(111104K)->96K(108032K)
[465.823s][info][gc,heap        ] GC(1258) ParOldGen: 619786K(667648K)->642770K(667648K)
[465.823s][info][gc,metaspace   ] GC(1258) Metaspace: 18768K(18944K)->18768K(18944K) NonClass: 16939K(17088K)->16939K(17088K) Class: 1829K(1856K)->1829K(1856K)
[465.823s][info][gc             ] GC(1258) Pause Young (Allocation Failure) 736M->627M(866M) 26.855ms
[465.823s][info][gc,cpu         ] GC(1258) User=0.05s Sys=0.00s Real=0.02s
[465.997s][info][gc,start       ] GC(1259) Pause Full (Allocation Failure)
[465.998s][info][gc,phases,start] GC(1259) Marking Phase
[466.483s][info][gc,phases      ] GC(1259) Marking Phase 485.250ms
[466.483s][info][gc,phases,start] GC(1259) Summary Phase
[466.483s][info][gc,phases      ] GC(1259) Summary Phase 0.027ms
[466.483s][info][gc,phases,start] GC(1259) Forward
[466.483s][info][gc,phases      ] GC(1259) Forward 0.481ms
[466.483s][info][gc,phases,start] GC(1259) Adjust Pointers
[466.808s][info][gc,phases      ] GC(1259) Adjust Pointers 324.501ms
[466.808s][info][gc,phases,start] GC(1259) Compaction Phase
[466.952s][info][gc,phases      ] GC(1259) Compaction Phase 144.340ms
[466.952s][info][gc,phases,start] GC(1259) Post Compact
[466.955s][info][gc,phases      ] GC(1259) Post Compact 2.210ms
[466.955s][info][gc,heap        ] GC(1259) PSYoungGen: 111712K(219648K)->0K(221184K) Eden: 111616K(111616K)->0K(111616K) From: 96K(108032K)->0K(109568K)
[466.955s][info][gc,heap        ] GC(1259) ParOldGen: 642770K(667648K)->642933K(667648K)
[466.955s][info][gc,metaspace   ] GC(1259) Metaspace: 18768K(18944K)->18768K(18944K) NonClass: 16939K(17088K)->16939K(17088K) Class: 1829K(1856K)->1829K(1856K)
[466.955s][info][gc             ] GC(1259) Pause Full (Allocation Failure) 736M->627M(868M) 957.373ms
[466.955s][info][gc,cpu         ] GC(1259) User=1.87s Sys=0.01s Real=0.96s
[467.105s][info][gc,start       ] GC(1260) Pause Full (Allocation Failure)
[467.105s][info][gc,phases,start] GC(1260) Marking Phase
[467.594s][info][gc,phases      ] GC(1260) Marking Phase 488.693ms
[467.594s][info][gc,phases,start] GC(1260) Summary Phase
[467.594s][info][gc,phases      ] GC(1260) Summary Phase 0.026ms
[467.594s][info][gc,phases,start] GC(1260) Forward
[467.594s][info][gc,phases      ] GC(1260) Forward 0.435ms
[467.595s][info][gc,phases,start] GC(1260) Adjust Pointers
[467.918s][info][gc,phases      ] GC(1260) Adjust Pointers 323.725ms
[467.918s][info][gc,phases,start] GC(1260) Compaction Phase
[468.063s][info][gc,phases      ] GC(1260) Compaction Phase 144.230ms
[468.063s][info][gc,phases,start] GC(1260) Post Compact
[468.065s][info][gc,phases      ] GC(1260) Post Compact 2.222ms
[468.065s][info][gc,heap        ] GC(1260) PSYoungGen: 111616K(221184K)->0K(224256K) Eden: 111616K(111616K)->0K(114688K) From: 0K(109568K)->0K(109568K)
[468.065s][info][gc,heap        ] GC(1260) ParOldGen: 642933K(667648K)->643009K(667648K)
[468.065s][info][gc,metaspace   ] GC(1260) Metaspace: 18768K(18944K)->18768K(18944K) NonClass: 16939K(17088K)->16939K(17088K) Class: 1829K(1856K)->1829K(1856K)
[468.065s][info][gc             ] GC(1260) Pause Full (Allocation Failure) 736M->627M(871M) 959.831ms
[468.065s][info][gc,cpu         ] GC(1260) User=1.87s Sys=0.00s Real=0.96s
[469.623s][info][gc,start       ] GC(1261) Pause Full (Allocation Failure)
[469.623s][info][gc,phases,start] GC(1261) Marking Phase
[470.110s][info][gc,phases      ] GC(1261) Marking Phase 486.890ms
[470.110s][info][gc,phases,start] GC(1261) Summary Phase
[470.110s][info][gc,phases      ] GC(1261) Summary Phase 0.027ms
[470.110s][info][gc,phases,start] GC(1261) Forward
[470.111s][info][gc,phases      ] GC(1261) Forward 1.530ms
[470.112s][info][gc,phases,start] GC(1261) Adjust Pointers
[470.434s][info][gc,phases      ] GC(1261) Adjust Pointers 322.618ms
[470.434s][info][gc,phases,start] GC(1261) Compaction Phase
[470.579s][info][gc,phases      ] GC(1261) Compaction Phase 144.326ms
[470.579s][info][gc,phases,start] GC(1261) Post Compact
[470.581s][info][gc,phases      ] GC(1261) Post Compact 2.228ms
[470.581s][info][gc,heap        ] GC(1261) PSYoungGen: 114688K(224256K)->0K(224256K) Eden: 114688K(114688K)->0K(114688K) From: 0K(109568K)->0K(109568K)
[470.581s][info][gc,heap        ] GC(1261) ParOldGen: 643009K(667648K)->643495K(667648K)
[470.581s][info][gc,metaspace   ] GC(1261) Metaspace: 18768K(18944K)->18768K(18944K) NonClass: 16939K(17088K)->16939K(17088K) Class: 1829K(1856K)->1829K(1856K)
[470.581s][info][gc             ] GC(1261) Pause Full (Allocation Failure) 739M->628M(871M) 958.131ms
[470.581s][info][gc,cpu         ] GC(1261) User=1.87s Sys=0.00s Real=0.96s
[471.227s][info][gc,start       ] GC(1262) Pause Full (Allocation Failure)
[471.228s][info][gc,phases,start] GC(1262) Marking Phase
[471.621s][info][gc,phases      ] GC(1262) Marking Phase 393.540ms
[471.621s][info][gc,phases,start] GC(1262) Summary Phase
[471.621s][info][gc,phases      ] GC(1262) Summary Phase 0.028ms
[471.621s][info][gc,phases,start] GC(1262) Forward
[471.696s][info][gc,phases      ] GC(1262) Forward 74.309ms
[471.696s][info][gc,phases,start] GC(1262) Adjust Pointers
[471.970s][info][gc,phases      ] GC(1262) Adjust Pointers 273.973ms
[471.970s][info][gc,phases,start] GC(1262) Compaction Phase
[472.117s][info][gc,phases      ] GC(1262) Compaction Phase 146.997ms
[472.120s][info][gc,phases,start] GC(1262) Post Compact
[472.123s][info][gc,phases      ] GC(1262) Post Compact 2.335ms
[472.123s][info][gc,heap        ] GC(1262) PSYoungGen: 114688K(224256K)->0K(224256K) Eden: 114688K(114688K)->0K(114688K) From: 0K(109568K)->0K(109568K)
[472.123s][info][gc,heap        ] GC(1262) ParOldGen: 643495K(667648K)->518709K(667648K)
[472.123s][info][gc,metaspace   ] GC(1262) Metaspace: 18768K(18944K)->18768K(18944K) NonClass: 16939K(17088K)->16939K(17088K) Class: 1829K(1856K)->1829K(1856K)
[472.123s][info][gc             ] GC(1262) Pause Full (Allocation Failure) 740M->506M(871M) 895.307ms
[472.123s][info][gc,cpu         ] GC(1262) User=1.71s Sys=0.01s Real=0.89s
[472.763s][info][gc,start       ] GC(1263) Pause Young (Allocation Failure)
[472.767s][info][gc,heap        ] GC(1263) PSYoungGen: 114688K(224256K)->1264K(116224K) Eden: 114688K(114688K)->0K(114688K) From: 0K(109568K)->1264K(1536K)
[472.767s][info][gc,heap        ] GC(1263) ParOldGen: 518709K(667648K)->518709K(667648K)
[472.767s][info][gc,metaspace   ] GC(1263) Metaspace: 18771K(18944K)->18771K(18944K) NonClass: 16942K(17088K)->16942K(17088K) Class: 1829K(1856K)->1829K(1856K)
[472.767s][info][gc             ] GC(1263) Pause Young (Allocation Failure) 618M->507M(765M) 3.783ms
[472.767s][info][gc,cpu         ] GC(1263) User=0.00s Sys=0.00s Real=0.01s
[473.128s][info][gc,start       ] GC(1264) Pause Young (Allocation Failure)
[473.132s][info][gc,heap        ] GC(1264) PSYoungGen: 115941K(116224K)->1675K(220160K) Eden: 114677K(114688K)->0K(117760K) From: 1264K(1536K)->1675K(102400K)
[473.132s][info][gc,heap        ] GC(1264) ParOldGen: 518709K(667648K)->518717K(667648K)
[473.132s][info][gc,metaspace   ] GC(1264) Metaspace: 18783K(18944K)->18783K(18944K) NonClass: 16954K(17088K)->16954K(17088K) Class: 1829K(1856K)->1829K(1856K)
[473.132s][info][gc             ] GC(1264) Pause Young (Allocation Failure) 619M->508M(867M) 4.135ms
[473.132s][info][gc,cpu         ] GC(1264) User=0.01s Sys=0.00s Real=0.00s
[473.424s][info][gc,start       ] GC(1265) Pause Young (Allocation Failure)
[473.429s][info][gc,heap        ] GC(1265) PSYoungGen: 119435K(220160K)->1696K(119808K) Eden: 117760K(117760K)->0K(117760K) From: 1675K(102400K)->1696K(2048K)
[473.429s][info][gc,heap        ] GC(1265) ParOldGen: 518717K(667648K)->518725K(667648K)
[473.429s][info][gc,metaspace   ] GC(1265) Metaspace: 18795K(18944K)->18795K(18944K) NonClass: 16965K(17088K)->16965K(17088K) Class: 1829K(1856K)->1829K(1856K)
[473.429s][info][gc             ] GC(1265) Pause Young (Allocation Failure) 623M->508M(769M) 4.272ms
[473.429s][info][gc,cpu         ] GC(1265) User=0.01s Sys=0.00s Real=0.01s
[473.720s][info][gc,start       ] GC(1266) Pause Young (Allocation Failure)
[473.724s][info][gc,heap        ] GC(1266) PSYoungGen: 119456K(119808K)->1924K(208896K) Eden: 117760K(117760K)->0K(119808K) From: 1696K(2048K)->1924K(89088K)
[473.724s][info][gc,heap        ] GC(1266) ParOldGen: 518725K(667648K)->518725K(667648K)
[473.724s][info][gc,metaspace   ] GC(1266) Metaspace: 18795K(18944K)->18795K(18944K) NonClass: 16965K(17088K)->16965K(17088K) Class: 1829K(1856K)->1829K(1856K)
[473.724s][info][gc             ] GC(1266) Pause Young (Allocation Failure) 623M->508M(856M) 4.733ms
[473.724s][info][gc,cpu         ] GC(1266) User=0.01s Sys=0.01s Real=0.00s
[473.871s][info][gc,start       ] GC(1267) Pause Young (Allocation Failure)
[473.909s][info][gc,heap        ] GC(1267) PSYoungGen: 121732K(208896K)->44560K(214016K) Eden: 119808K(119808K)->0K(119808K) From: 1924K(89088K)->44560K(94208K)
[473.909s][info][gc,heap        ] GC(1267) ParOldGen: 518725K(667648K)->518733K(667648K)
[473.909s][info][gc,metaspace   ] GC(1267) Metaspace: 18802K(18944K)->18802K(18944K) NonClass: 16972K(17088K)->16972K(17088K) Class: 1829K(1856K)->1829K(1856K)
[473.909s][info][gc             ] GC(1267) Pause Young (Allocation Failure) 625M->550M(861M) 38.551ms
[473.909s][info][gc,cpu         ] GC(1267) User=0.07s Sys=0.00s Real=0.04s
[474.014s][info][gc,start       ] GC(1268) Pause Young (Allocation Failure)
[474.092s][info][gc,heap        ] GC(1268) PSYoungGen: 164368K(214016K)->96224K(204288K) Eden: 119808K(119808K)->0K(108032K) From: 44560K(94208K)->96224K(96256K)
[474.092s][info][gc,heap        ] GC(1268) ParOldGen: 518733K(667648K)->519485K(667648K)
[474.092s][info][gc,metaspace   ] GC(1268) Metaspace: 18806K(18944K)->18806K(18944K) NonClass: 16977K(17088K)->16977K(17088K) Class: 1829K(1856K)->1829K(1856K)
[474.092s][info][gc             ] GC(1268) Pause Young (Allocation Failure) 667M->601M(851M) 78.401ms
[474.092s][info][gc,cpu         ] GC(1268) User=0.15s Sys=0.01s Real=0.08s
[474.199s][info][gc,start       ] GC(1269) Pause Young (Allocation Failure)
[474.290s][info][gc,heap        ] GC(1269) PSYoungGen: 204256K(204288K)->111088K(219136K) Eden: 108032K(108032K)->0K(108032K) From: 96224K(96256K)->111088K(111104K)
[474.290s][info][gc,heap        ] GC(1269) ParOldGen: 519485K(667648K)->533309K(667648K)
[474.290s][info][gc,metaspace   ] GC(1269) Metaspace: 18806K(18944K)->18806K(18944K) NonClass: 16977K(17088K)->16977K(17088K) Class: 1829K(1856K)->1829K(1856K)
[474.290s][info][gc             ] GC(1269) Pause Young (Allocation Failure) 706M->629M(866M) 91.783ms
[474.290s][info][gc,cpu         ] GC(1269) User=0.18s Sys=0.00s Real=0.09s
[474.465s][info][gc,start       ] GC(1270) Pause Young (Allocation Failure)
[474.584s][info][gc,heap        ] GC(1270) PSYoungGen: 219120K(219136K)->111088K(222720K) Eden: 108032K(108032K)->0K(111616K) From: 111088K(111104K)->111088K(111104K)
[474.584s][info][gc,heap        ] GC(1270) ParOldGen: 533309K(667648K)->568889K(667648K)
[474.584s][info][gc,metaspace   ] GC(1270) Metaspace: 18806K(18944K)->18806K(18944K) NonClass: 16977K(17088K)->16977K(17088K) Class: 1829K(1856K)->1829K(1856K)
[474.584s][info][gc             ] GC(1270) Pause Young (Allocation Failure) 734M->664M(869M) 118.957ms
[474.584s][info][gc,cpu         ] GC(1270) User=0.23s Sys=0.01s Real=0.11s
[474.783s][info][gc,start       ] GC(1271) Pause Young (Allocation Failure)
[474.900s][info][gc,heap        ] GC(1271) PSYoungGen: 222704K(222720K)->101950K(222720K) Eden: 111616K(111616K)->0K(111616K) From: 111088K(111104K)->101950K(111104K)
[474.900s][info][gc,heap        ] GC(1271) ParOldGen: 568889K(667648K)->607289K(667648K)
[474.900s][info][gc,metaspace   ] GC(1271) Metaspace: 18809K(19008K)->18809K(19008K) NonClass: 16980K(17152K)->16980K(17152K) Class: 1829K(1856K)->1829K(1856K)
[474.900s][info][gc             ] GC(1271) Pause Young (Allocation Failure) 773M->692M(869M) 117.520ms
[474.900s][info][gc,cpu         ] GC(1271) User=0.23s Sys=0.00s Real=0.12s
[475.052s][info][gc,start       ] GC(1272) Pause Young (Allocation Failure)
[475.173s][info][gc,promotion   ] GC(1272) Promotion failed
[475.173s][info][gc,heap        ] GC(1272) PSYoungGen: 213566K(222720K)->213566K(222720K) Eden: 111616K(111616K)->111616K(111616K) From: 101950K(111104K)->101950K(111104K)
[475.173s][info][gc,heap        ] GC(1272) ParOldGen: 607289K(667648K)->667641K(667648K)
[475.173s][info][gc,metaspace   ] GC(1272) Metaspace: 18809K(19008K)->18809K(19008K) NonClass: 16980K(17152K)->16980K(17152K) Class: 1829K(1856K)->1829K(1856K)
[475.173s][info][gc             ] GC(1272) Pause Young (Allocation Failure) 801M->860M(869M) 121.106ms
[475.173s][info][gc,cpu         ] GC(1272) User=0.24s Sys=0.01s Real=0.12s
[475.173s][info][gc,start       ] GC(1273) Pause Full (Allocation Failure)
[475.173s][info][gc,phases,start] GC(1273) Marking Phase
[475.333s][info][gc,phases      ] GC(1273) Marking Phase 159.701ms
[475.333s][info][gc,phases,start] GC(1273) Summary Phase
[475.333s][info][gc,phases      ] GC(1273) Summary Phase 0.030ms
[475.333s][info][gc,phases,start] GC(1273) Forward
[475.392s][info][gc,phases      ] GC(1273) Forward 59.475ms
[475.392s][info][gc,phases,start] GC(1273) Adjust Pointers
[475.516s][info][gc,phases      ] GC(1273) Adjust Pointers 124.190ms
[475.517s][info][gc,phases,start] GC(1273) Compaction Phase
[475.589s][info][gc,phases      ] GC(1273) Compaction Phase 72.436ms
[475.596s][info][gc,phases,start] GC(1273) Post Compact
[475.599s][info][gc,phases      ] GC(1273) Post Compact 2.741ms
[475.610s][info][gc,heap        ] GC(1273) PSYoungGen: 213566K(222720K)->0K(222720K) Eden: 111616K(111616K)->0K(111616K) From: 101950K(111104K)->0K(111104K)
[475.610s][info][gc,heap        ] GC(1273) ParOldGen: 667641K(667648K)->250637K(540160K)
[475.610s][info][gc,metaspace   ] GC(1273) Metaspace: 18809K(19008K)->18809K(19008K) NonClass: 16980K(17152K)->16980K(17152K) Class: 1829K(1856K)->1829K(1856K)
[475.610s][info][gc             ] GC(1273) Pause Full (Allocation Failure) 860M->244M(745M) 437.344ms
[475.610s][info][gc,cpu         ] GC(1273) User=0.76s Sys=0.01s Real=0.44s
[475.726s][info][gc,start       ] GC(1274) Pause Young (Allocation Failure)
[475.753s][info][gc,heap        ] GC(1274) PSYoungGen: 111616K(222720K)->16288K(222720K) Eden: 111616K(111616K)->0K(111616K) From: 0K(111104K)->16288K(111104K)
[475.753s][info][gc,heap        ] GC(1274) ParOldGen: 250637K(540160K)->250637K(540160K)
[475.753s][info][gc,metaspace   ] GC(1274) Metaspace: 18809K(19008K)->18809K(19008K) NonClass: 16980K(17152K)->16980K(17152K) Class: 1829K(1856K)->1829K(1856K)
[475.753s][info][gc             ] GC(1274) Pause Young (Allocation Failure) 353M->260M(745M) 26.825ms
[475.753s][info][gc,cpu         ] GC(1274) User=0.05s Sys=0.00s Real=0.02s
[475.849s][info][gc,start       ] GC(1275) Pause Young (Allocation Failure)
[475.876s][info][gc,heap        ] GC(1275) PSYoungGen: 127904K(222720K)->20960K(222720K) Eden: 111616K(111616K)->0K(111616K) From: 16288K(111104K)->20960K(111104K)
[475.876s][info][gc,heap        ] GC(1275) ParOldGen: 250637K(540160K)->250637K(540160K)
[475.876s][info][gc,metaspace   ] GC(1275) Metaspace: 18809K(19008K)->18809K(19008K) NonClass: 16980K(17152K)->16980K(17152K) Class: 1829K(1856K)->1829K(1856K)
[475.876s][info][gc             ] GC(1275) Pause Young (Allocation Failure) 369M->265M(745M) 26.925ms
[475.876s][info][gc,cpu         ] GC(1275) User=0.05s Sys=0.00s Real=0.03s
[476.032s][info][gc,start       ] GC(1276) Pause Young (Allocation Failure)
[476.068s][info][gc,heap        ] GC(1276) PSYoungGen: 132576K(222720K)->7776K(222720K) Eden: 111616K(111616K)->0K(111616K) From: 20960K(111104K)->7776K(111104K)
[476.068s][info][gc,heap        ] GC(1276) ParOldGen: 250637K(540160K)->271629K(540160K)
[476.068s][info][gc,metaspace   ] GC(1276) Metaspace: 18809K(19008K)->18809K(19008K) NonClass: 16980K(17152K)->16980K(17152K) Class: 1829K(1856K)->1829K(1856K)
[476.068s][info][gc             ] GC(1276) Pause Young (Allocation Failure) 374M->272M(745M) 36.348ms
[476.069s][info][gc,cpu         ] GC(1276) User=0.07s Sys=0.00s Real=0.04s
[476.172s][info][gc,start       ] GC(1277) Pause Young (Allocation Failure)
[476.187s][info][gc,heap        ] GC(1277) PSYoungGen: 119392K(222720K)->3392K(222720K) Eden: 111616K(111616K)->0K(111616K) From: 7776K(111104K)->3392K(111104K)
[476.187s][info][gc,heap        ] GC(1277) ParOldGen: 271629K(540160K)->279399K(540160K)
[476.187s][info][gc,metaspace   ] GC(1277) Metaspace: 18809K(19008K)->18809K(19008K) NonClass: 16980K(17152K)->16980K(17152K) Class: 1829K(1856K)->1829K(1856K)
[476.187s][info][gc             ] GC(1277) Pause Young (Allocation Failure) 381M->276M(745M) 15.380ms
[476.187s][info][gc,cpu         ] GC(1277) User=0.03s Sys=0.00s Real=0.02s
[476.294s][info][gc,start       ] GC(1278) Pause Young (Allocation Failure)
[476.301s][info][gc,heap        ] GC(1278) PSYoungGen: 115008K(222720K)->128K(222720K) Eden: 111616K(111616K)->0K(111616K) From: 3392K(111104K)->128K(111104K)
[476.301s][info][gc,heap        ] GC(1278) ParOldGen: 279399K(540160K)->282791K(540160K)
[476.301s][info][gc,metaspace   ] GC(1278) Metaspace: 18809K(19008K)->18809K(19008K) NonClass: 16980K(17152K)->16980K(17152K) Class: 1829K(1856K)->1829K(1856K)
[476.301s][info][gc             ] GC(1278) Pause Young (Allocation Failure) 385M->276M(745M) 7.402ms
[476.301s][info][gc,cpu         ] GC(1278) User=0.01s Sys=0.00s Real=0.01s
[476.414s][info][gc,start       ] GC(1279) Pause Young (Allocation Failure)
[476.426s][info][gc,heap        ] GC(1279) PSYoungGen: 111744K(222720K)->9504K(222720K) Eden: 111616K(111616K)->0K(111616K) From: 128K(111104K)->9504K(111104K)
[476.426s][info][gc,heap        ] GC(1279) ParOldGen: 282791K(540160K)->282903K(540160K)
[476.426s][info][gc,metaspace   ] GC(1279) Metaspace: 18809K(19008K)->18809K(19008K) NonClass: 16980K(17152K)->16980K(17152K) Class: 1829K(1856K)->1829K(1856K)
[476.426s][info][gc             ] GC(1279) Pause Young (Allocation Failure) 385M->285M(745M) 12.890ms
[476.427s][info][gc,cpu         ] GC(1279) User=0.03s Sys=0.00s Real=0.02s
[476.495s][info][gc,start       ] GC(1280) Pause Young (Allocation Failure)
[476.523s][info][gc,heap        ] GC(1280) PSYoungGen: 121120K(222720K)->17376K(222720K) Eden: 111616K(111616K)->0K(111616K) From: 9504K(111104K)->17376K(111104K)
[476.523s][info][gc,heap        ] GC(1280) ParOldGen: 282903K(540160K)->292391K(540160K)
[476.523s][info][gc,metaspace   ] GC(1280) Metaspace: 18809K(19008K)->18809K(19008K) NonClass: 16980K(17152K)->16980K(17152K) Class: 1829K(1856K)->1829K(1856K)
[476.523s][info][gc             ] GC(1280) Pause Young (Allocation Failure) 394M->302M(745M) 27.919ms
[476.523s][info][gc,cpu         ] GC(1280) User=0.06s Sys=0.00s Real=0.02s
[476.587s][info][gc,start       ] GC(1281) Pause Young (Allocation Failure)
[476.631s][info][gc,heap        ] GC(1281) PSYoungGen: 128992K(222720K)->33664K(222720K) Eden: 111616K(111616K)->0K(111616K) From: 17376K(111104K)->33664K(111104K)
[476.631s][info][gc,heap        ] GC(1281) ParOldGen: 292391K(540160K)->309790K(540160K)
[476.631s][info][gc,metaspace   ] GC(1281) Metaspace: 18809K(19008K)->18809K(19008K) NonClass: 16980K(17152K)->16980K(17152K) Class: 1829K(1856K)->1829K(1856K)
[476.631s][info][gc             ] GC(1281) Pause Young (Allocation Failure) 411M->335M(745M) 44.104ms
[476.631s][info][gc,cpu         ] GC(1281) User=0.09s Sys=0.00s Real=0.04s
[476.779s][info][gc,start       ] GC(1282) Pause Young (Allocation Failure)
[476.826s][info][gc,heap        ] GC(1282) PSYoungGen: 145280K(222720K)->15843K(222720K) Eden: 111616K(111616K)->0K(111616K) From: 33664K(111104K)->15843K(111104K)
[476.826s][info][gc,heap        ] GC(1282) ParOldGen: 309790K(540160K)->343669K(540160K)
[476.826s][info][gc,metaspace   ] GC(1282) Metaspace: 18809K(19008K)->18809K(19008K) NonClass: 16980K(17152K)->16980K(17152K) Class: 1829K(1856K)->1829K(1856K)
[476.826s][info][gc             ] GC(1282) Pause Young (Allocation Failure) 444M->351M(745M) 46.918ms
[476.826s][info][gc,cpu         ] GC(1282) User=0.09s Sys=0.00s Real=0.05s
[476.901s][info][gc,start       ] GC(1283) Pause Young (Allocation Failure)
[476.931s][info][gc,heap        ] GC(1283) PSYoungGen: 127459K(222720K)->5856K(222720K) Eden: 111616K(111616K)->0K(111616K) From: 15843K(111104K)->5856K(111104K)
[476.931s][info][gc,heap        ] GC(1283) ParOldGen: 343669K(540160K)->359593K(540160K)
[476.931s][info][gc,metaspace   ] GC(1283) Metaspace: 18815K(19008K)->18815K(19008K) NonClass: 16986K(17152K)->16986K(17152K) Class: 1829K(1856K)->1829K(1856K)
[476.931s][info][gc             ] GC(1283) Pause Young (Allocation Failure) 460M->356M(745M) 30.369ms
[476.931s][info][gc,cpu         ] GC(1283) User=0.06s Sys=0.00s Real=0.03s
[476.997s][info][gc,start       ] GC(1284) Pause Young (Allocation Failure)
[477.008s][info][gc,heap        ] GC(1284) PSYoungGen: 117472K(222720K)->3264K(115200K) Eden: 111616K(111616K)->0K(111616K) From: 5856K(111104K)->3264K(3584K)
[477.008s][info][gc,heap        ] GC(1284) ParOldGen: 359593K(540160K)->365417K(540160K)
[477.008s][info][gc,metaspace   ] GC(1284) Metaspace: 18817K(19008K)->18817K(19008K) NonClass: 16988K(17152K)->16988K(17152K) Class: 1829K(1856K)->1829K(1856K)
[477.008s][info][gc             ] GC(1284) Pause Young (Allocation Failure) 465M->360M(640M) 11.764ms
[477.008s][info][gc,cpu         ] GC(1284) User=0.03s Sys=0.00s Real=0.01s
[477.127s][info][gc,start       ] GC(1285) Pause Young (Allocation Failure)
[477.134s][info][gc,heap        ] GC(1285) PSYoungGen: 114880K(115200K)->4160K(223744K) Eden: 111616K(111616K)->0K(116224K) From: 3264K(3584K)->4160K(107520K)
[477.134s][info][gc,heap        ] GC(1285) ParOldGen: 365417K(540160K)->365417K(540160K)
[477.134s][info][gc,metaspace   ] GC(1285) Metaspace: 18817K(19008K)->18817K(19008K) NonClass: 16988K(17152K)->16988K(17152K) Class: 1829K(1856K)->1829K(1856K)
[477.134s][info][gc             ] GC(1285) Pause Young (Allocation Failure) 469M->360M(746M) 7.268ms
[477.134s][info][gc,cpu         ] GC(1285) User=0.02s Sys=0.00s Real=0.00s
[477.463s][info][gc,start       ] GC(1286) Pause Young (Allocation Failure)
[477.473s][info][gc,heap        ] GC(1286) PSYoungGen: 120384K(223744K)->6016K(122368K) Eden: 116224K(116224K)->0K(116224K) From: 4160K(107520K)->6016K(6144K)
[477.474s][info][gc,heap        ] GC(1286) ParOldGen: 365417K(540160K)->365417K(540160K)
[477.474s][info][gc,metaspace   ] GC(1286) Metaspace: 18817K(19008K)->18817K(19008K) NonClass: 16988K(17152K)->16988K(17152K) Class: 1829K(1856K)->1829K(1856K)
[477.474s][info][gc             ] GC(1286) Pause Young (Allocation Failure) 474M->362M(647M) 10.107ms
[477.474s][info][gc,cpu         ] GC(1286) User=0.02s Sys=0.01s Real=0.01s
[477.737s][info][gc,start       ] GC(1287) Pause Young (Allocation Failure)
[477.748s][info][gc,heap        ] GC(1287) PSYoungGen: 122240K(122368K)->6336K(210944K) Eden: 116224K(116224K)->0K(120832K) From: 6016K(6144K)->6336K(90112K)
[477.748s][info][gc,heap        ] GC(1287) ParOldGen: 365417K(540160K)->365417K(540160K)
[477.748s][info][gc,metaspace   ] GC(1287) Metaspace: 18817K(19008K)->18817K(19008K) NonClass: 16988K(17152K)->16988K(17152K) Class: 1829K(1856K)->1829K(1856K)
[477.748s][info][gc             ] GC(1287) Pause Young (Allocation Failure) 476M->363M(733M) 10.717ms
[477.748s][info][gc,cpu         ] GC(1287) User=0.02s Sys=0.00s Real=0.01s
[477.968s][info][gc,start       ] GC(1288) Pause Young (Allocation Failure)
[478.009s][info][gc,heap        ] GC(1288) PSYoungGen: 127168K(210944K)->40448K(216064K) Eden: 120832K(120832K)->0K(120832K) From: 6336K(90112K)->40448K(95232K)
[478.009s][info][gc,heap        ] GC(1288) ParOldGen: 365417K(540160K)->365417K(540160K)
[478.009s][info][gc,metaspace   ] GC(1288) Metaspace: 18817K(19008K)->18817K(19008K) NonClass: 16988K(17152K)->16988K(17152K) Class: 1829K(1856K)->1829K(1856K)
[478.009s][info][gc             ] GC(1288) Pause Young (Allocation Failure) 481M->396M(738M) 41.473ms
[478.009s][info][gc,cpu         ] GC(1288) User=0.08s Sys=0.00s Real=0.04s
[478.101s][info][gc,start       ] GC(1289) Pause Young (Allocation Failure)
[478.174s][info][gc,heap        ] GC(1289) PSYoungGen: 161280K(216064K)->77504K(207872K) Eden: 120832K(120832K)->0K(112640K) From: 40448K(95232K)->77504K(95232K)
[478.174s][info][gc,heap        ] GC(1289) ParOldGen: 365417K(540160K)->365417K(540160K)
[478.174s][info][gc,metaspace   ] GC(1289) Metaspace: 18817K(19008K)->18817K(19008K) NonClass: 16988K(17152K)->16988K(17152K) Class: 1829K(1856K)->1829K(1856K)
[478.174s][info][gc             ] GC(1289) Pause Young (Allocation Failure) 514M->432M(730M) 72.793ms
[478.174s][info][gc,cpu         ] GC(1289) User=0.15s Sys=0.00s Real=0.07s
[478.343s][info][gc,start       ] GC(1290) Pause Young (Allocation Failure)
[478.431s][info][gc,heap        ] GC(1290) PSYoungGen: 190144K(207872K)->90944K(221184K) Eden: 112640K(112640K)->0K(112640K) From: 77504K(95232K)->90944K(108544K)
[478.431s][info][gc,heap        ] GC(1290) ParOldGen: 365417K(540160K)->365417K(540160K)
[478.431s][info][gc,metaspace   ] GC(1290) Metaspace: 18817K(19008K)->18817K(19008K) NonClass: 16988K(17152K)->16988K(17152K) Class: 1829K(1856K)->1829K(1856K)
[478.431s][info][gc             ] GC(1290) Pause Young (Allocation Failure) 542M->445M(743M) 87.334ms
[478.431s][info][gc,cpu         ] GC(1290) User=0.18s Sys=0.00s Real=0.09s
[478.527s][info][gc,start       ] GC(1291) Pause Young (Allocation Failure)
[478.618s][info][gc,heap        ] GC(1291) PSYoungGen: 203584K(221184K)->89392K(222720K) Eden: 112640K(112640K)->0K(111616K) From: 90944K(108544K)->89392K(111104K)
[478.618s][info][gc,heap        ] GC(1291) ParOldGen: 365417K(540160K)->369585K(540160K)
[478.618s][info][gc,metaspace   ] GC(1291) Metaspace: 18817K(19008K)->18817K(19008K) NonClass: 16988K(17152K)->16988K(17152K) Class: 1829K(1856K)->1829K(1856K)
[478.618s][info][gc             ] GC(1291) Pause Young (Allocation Failure) 555M->448M(745M) 91.309ms
[478.618s][info][gc,cpu         ] GC(1291) User=0.18s Sys=0.00s Real=0.09s
[478.737s][info][gc,start       ] GC(1292) Pause Young (Allocation Failure)
[478.824s][info][gc,heap        ] GC(1292) PSYoungGen: 201008K(222720K)->88208K(222720K) Eden: 111616K(111616K)->0K(111616K) From: 89392K(111104K)->88208K(111104K)
[478.824s][info][gc,heap        ] GC(1292) ParOldGen: 369585K(540160K)->371761K(540160K)
[478.824s][info][gc,metaspace   ] GC(1292) Metaspace: 18817K(19008K)->18817K(19008K) NonClass: 16988K(17152K)->16988K(17152K) Class: 1829K(1856K)->1829K(1856K)
[478.824s][info][gc             ] GC(1292) Pause Young (Allocation Failure) 557M->449M(745M) 86.929ms
[478.824s][info][gc,cpu         ] GC(1292) User=0.18s Sys=0.00s Real=0.08s
[479.081s][info][gc,start       ] GC(1293) Pause Young (Allocation Failure)
[479.169s][info][gc,heap        ] GC(1293) PSYoungGen: 199824K(222720K)->18432K(222720K) Eden: 111616K(111616K)->0K(111616K) From: 88208K(111104K)->18432K(111104K)
[479.169s][info][gc,heap        ] GC(1293) ParOldGen: 371761K(540160K)->443174K(540160K)
[479.169s][info][gc,metaspace   ] GC(1293) Metaspace: 18817K(19008K)->18817K(19008K) NonClass: 16988K(17152K)->16988K(17152K) Class: 1829K(1856K)->1829K(1856K)
[479.169s][info][gc             ] GC(1293) Pause Young (Allocation Failure) 558M->450M(745M) 88.113ms
[479.169s][info][gc,cpu         ] GC(1293) User=0.17s Sys=0.00s Real=0.09s
[479.373s][info][gc,start       ] GC(1294) Pause Young (Allocation Failure)
[479.426s][info][gc,heap        ] GC(1294) PSYoungGen: 130048K(222720K)->25824K(222720K) Eden: 111616K(111616K)->0K(111616K) From: 18432K(111104K)->25824K(111104K)
[479.426s][info][gc,heap        ] GC(1294) ParOldGen: 443174K(540160K)->459390K(540160K)
[479.426s][info][gc,metaspace   ] GC(1294) Metaspace: 18817K(19008K)->18817K(19008K) NonClass: 16988K(17152K)->16988K(17152K) Class: 1829K(1856K)->1829K(1856K)
[479.426s][info][gc             ] GC(1294) Pause Young (Allocation Failure) 559M->473M(745M) 52.810ms
[479.426s][info][gc,cpu         ] GC(1294) User=0.10s Sys=0.00s Real=0.06s
[479.519s][info][gc,start       ] GC(1295) Pause Young (Allocation Failure)
[479.621s][info][gc,heap        ] GC(1295) PSYoungGen: 137440K(222720K)->96672K(222720K) Eden: 111616K(111616K)->0K(111616K) From: 25824K(111104K)->96672K(111104K)
[479.621s][info][gc,heap        ] GC(1295) ParOldGen: 459390K(540160K)->461646K(540160K)
[479.621s][info][gc,metaspace   ] GC(1295) Metaspace: 18817K(19008K)->18817K(19008K) NonClass: 16988K(17152K)->16988K(17152K) Class: 1829K(1856K)->1829K(1856K)
[479.621s][info][gc             ] GC(1295) Pause Young (Allocation Failure) 582M->545M(745M) 102.239ms
[479.621s][info][gc,cpu         ] GC(1295) User=0.20s Sys=0.00s Real=0.10s
[479.774s][info][gc,start       ] GC(1296) Pause Young (Allocation Failure)
[479.918s][info][gc,heap        ] GC(1296) PSYoungGen: 208288K(222720K)->35864K(222720K) Eden: 111616K(111616K)->0K(111616K) From: 96672K(111104K)->35864K(111104K)
[479.919s][info][gc,heap        ] GC(1296) ParOldGen: 461646K(540160K)->558590K(558592K)
[479.919s][info][gc,metaspace   ] GC(1296) Metaspace: 18818K(19008K)->18818K(19008K) NonClass: 16988K(17152K)->16988K(17152K) Class: 1829K(1856K)->1829K(1856K)
[479.919s][info][gc             ] GC(1296) Pause Young (Allocation Failure) 654M->580M(763M) 144.141ms
[479.919s][info][gc,cpu         ] GC(1296) User=0.27s Sys=0.02s Real=0.15s
[479.996s][info][gc,start       ] GC(1297) Pause Young (Allocation Failure)
[480.085s][info][gc,heap        ] GC(1297) PSYoungGen: 147480K(222720K)->39144K(222720K) Eden: 111616K(111616K)->0K(111616K) From: 35864K(111104K)->39144K(111104K)
[480.085s][info][gc,heap        ] GC(1297) ParOldGen: 558590K(558592K)->594529K(594944K)
[480.085s][info][gc,metaspace   ] GC(1297) Metaspace: 18818K(19008K)->18818K(19008K) NonClass: 16988K(17152K)->16988K(17152K) Class: 1829K(1856K)->1829K(1856K)
[480.085s][info][gc             ] GC(1297) Pause Young (Allocation Failure) 689M->618M(798M) 88.758ms
[480.085s][info][gc,cpu         ] GC(1297) User=0.15s Sys=0.02s Real=0.09s
[480.205s][info][gc,start       ] GC(1298) Pause Full (Allocation Failure)
[480.206s][info][gc,phases,start] GC(1298) Marking Phase
[480.281s][info][gc,phases      ] GC(1298) Marking Phase 75.444ms
[480.281s][info][gc,phases,start] GC(1298) Summary Phase
[480.281s][info][gc,phases      ] GC(1298) Summary Phase 0.030ms
[480.281s][info][gc,phases,start] GC(1298) Forward
[480.296s][info][gc,phases      ] GC(1298) Forward 14.757ms
[480.296s][info][gc,phases,start] GC(1298) Adjust Pointers
[480.343s][info][gc,phases      ] GC(1298) Adjust Pointers 47.529ms
[480.344s][info][gc,phases,start] GC(1298) Compaction Phase
[480.371s][info][gc,phases      ] GC(1298) Compaction Phase 26.983ms
[480.373s][info][gc,phases,start] GC(1298) Post Compact
[480.375s][info][gc,phases      ] GC(1298) Post Compact 2.247ms
[480.390s][info][gc,heap        ] GC(1298) PSYoungGen: 150760K(222720K)->0K(222720K) Eden: 111616K(111616K)->0K(111616K) From: 39144K(111104K)->0K(111104K)
[480.390s][info][gc,heap        ] GC(1298) ParOldGen: 594529K(594944K)->107778K(426496K)
[480.390s][info][gc,metaspace   ] GC(1298) Metaspace: 18818K(19008K)->18818K(19008K) NonClass: 16988K(17152K)->16988K(17152K) Class: 1829K(1856K)->1829K(1856K)
[480.390s][info][gc             ] GC(1298) Pause Full (Allocation Failure) 727M->105M(634M) 184.798ms
[480.390s][info][gc,cpu         ] GC(1298) User=0.31s Sys=0.02s Real=0.18s
[480.460s][info][gc,start       ] GC(1299) Pause Young (Allocation Failure)
[480.465s][info][gc,heap        ] GC(1299) PSYoungGen: 111616K(222720K)->4384K(222720K) Eden: 111616K(111616K)->0K(111616K) From: 0K(111104K)->4384K(111104K)
[480.465s][info][gc,heap        ] GC(1299) ParOldGen: 107778K(426496K)->107778K(426496K)
[480.465s][info][gc,metaspace   ] GC(1299) Metaspace: 18818K(19008K)->18818K(19008K) NonClass: 16988K(17152K)->16988K(17152K) Class: 1829K(1856K)->1829K(1856K)
[480.465s][info][gc             ] GC(1299) Pause Young (Allocation Failure) 214M->109M(634M) 5.481ms
[480.465s][info][gc,cpu         ] GC(1299) User=0.01s Sys=0.00s Real=0.01s
[480.529s][info][gc,start       ] GC(1300) Pause Young (Allocation Failure)
[480.546s][info][gc,heap        ] GC(1300) PSYoungGen: 116000K(222720K)->15584K(222720K) Eden: 111616K(111616K)->0K(111616K) From: 4384K(111104K)->15584K(111104K)
[480.546s][info][gc,heap        ] GC(1300) ParOldGen: 107778K(426496K)->112130K(426496K)
[480.546s][info][gc,metaspace   ] GC(1300) Metaspace: 18818K(19008K)->18818K(19008K) NonClass: 16988K(17152K)->16988K(17152K) Class: 1829K(1856K)->1829K(1856K)
[480.546s][info][gc             ] GC(1300) Pause Young (Allocation Failure) 218M->124M(634M) 16.818ms
[480.546s][info][gc,cpu         ] GC(1300) User=0.03s Sys=0.00s Real=0.02s
[480.590s][info][gc,start       ] GC(1301) Pause Young (Allocation Failure)
[480.620s][info][gc,heap        ] GC(1301) PSYoungGen: 127200K(222720K)->28384K(222720K) Eden: 111616K(111616K)->0K(111616K) From: 15584K(111104K)->28384K(111104K)
[480.621s][info][gc,heap        ] GC(1301) ParOldGen: 112130K(426496K)->127874K(426496K)
[480.621s][info][gc,metaspace   ] GC(1301) Metaspace: 18818K(19008K)->18818K(19008K) NonClass: 16988K(17152K)->16988K(17152K) Class: 1829K(1856K)->1829K(1856K)
[480.621s][info][gc             ] GC(1301) Pause Young (Allocation Failure) 233M->152M(634M) 30.745ms
[480.621s][info][gc,cpu         ] GC(1301) User=0.06s Sys=0.00s Real=0.03s
[480.702s][info][gc,start       ] GC(1302) Pause Young (Allocation Failure)
[480.739s][info][gc,heap        ] GC(1302) PSYoungGen: 140000K(222720K)->27168K(139264K) Eden: 111616K(111616K)->0K(111616K) From: 28384K(111104K)->27168K(27648K)
[480.739s][info][gc,heap        ] GC(1302) ParOldGen: 127874K(426496K)->156602K(426496K)
[480.739s][info][gc,metaspace   ] GC(1302) Metaspace: 18818K(19008K)->18818K(19008K) NonClass: 16988K(17152K)->16988K(17152K) Class: 1829K(1856K)->1829K(1856K)
[480.739s][info][gc             ] GC(1302) Pause Young (Allocation Failure) 261M->179M(552M) 37.389ms
[480.739s][info][gc,cpu         ] GC(1302) User=0.07s Sys=0.00s Real=0.04s
[480.877s][info][gc,start       ] GC(1303) Pause Young (Allocation Failure)
[480.900s][info][gc,heap        ] GC(1303) PSYoungGen: 138784K(139264K)->29920K(223232K) Eden: 111616K(111616K)->0K(117760K) From: 27168K(27648K)->29920K(105472K)
[480.900s][info][gc,heap        ] GC(1303) ParOldGen: 156602K(426496K)->156602K(426496K)
[480.900s][info][gc,metaspace   ] GC(1303) Metaspace: 18818K(19008K)->18818K(19008K) NonClass: 16988K(17152K)->16988K(17152K) Class: 1829K(1856K)->1829K(1856K)
[480.900s][info][gc             ] GC(1303) Pause Young (Allocation Failure) 288M->182M(634M) 23.590ms
[480.900s][info][gc,cpu         ] GC(1303) User=0.05s Sys=0.00s Real=0.02s
[481.071s][info][gc,start       ] GC(1304) Pause Young (Allocation Failure)
[481.126s][info][gc,heap        ] GC(1304) PSYoungGen: 147680K(223232K)->47588K(220160K) Eden: 117760K(117760K)->0K(117760K) From: 29920K(105472K)->47588K(102400K)
[481.126s][info][gc,heap        ] GC(1304) ParOldGen: 156602K(426496K)->156602K(426496K)
[481.126s][info][gc,metaspace   ] GC(1304) Metaspace: 18818K(19008K)->18818K(19008K) NonClass: 16988K(17152K)->16988K(17152K) Class: 1829K(1856K)->1829K(1856K)
[481.126s][info][gc             ] GC(1304) Pause Young (Allocation Failure) 297M->199M(631M) 54.585ms
[481.126s][info][gc,cpu         ] GC(1304) User=0.11s Sys=0.00s Real=0.06s
[481.286s][info][gc,start       ] GC(1305) Pause Young (Allocation Failure)
[481.355s][info][gc,heap        ] GC(1305) PSYoungGen: 165348K(220160K)->63940K(222720K) Eden: 117760K(117760K)->0K(122368K) From: 47588K(102400K)->63940K(100352K)
[481.356s][info][gc,heap        ] GC(1305) ParOldGen: 156602K(426496K)->156602K(426496K)
[481.356s][info][gc,metaspace   ] GC(1305) Metaspace: 18818K(19008K)->18818K(19008K) NonClass: 16988K(17152K)->16988K(17152K) Class: 1829K(1856K)->1829K(1856K)
[481.356s][info][gc             ] GC(1305) Pause Young (Allocation Failure) 314M->215M(634M) 69.532ms
[481.356s][info][gc,cpu         ] GC(1305) User=0.14s Sys=0.00s Real=0.07s
[481.478s][info][gc,start       ] GC(1306) Pause Young (Allocation Failure)
[481.598s][info][gc,heap        ] GC(1306) PSYoungGen: 186308K(222720K)->103908K(226304K) Eden: 122368K(122368K)->0K(122368K) From: 63940K(100352K)->103908K(103936K)
[481.598s][info][gc,heap        ] GC(1306) ParOldGen: 156602K(426496K)->164682K(426496K)
[481.598s][info][gc,metaspace   ] GC(1306) Metaspace: 18818K(19008K)->18818K(19008K) NonClass: 16988K(17152K)->16988K(17152K) Class: 1829K(1856K)->1829K(1856K)
[481.598s][info][gc             ] GC(1306) Pause Young (Allocation Failure) 334M->262M(637M) 120.364ms
[481.598s][info][gc,cpu         ] GC(1306) User=0.24s Sys=0.00s Real=0.12s
[481.678s][info][gc,start       ] GC(1307) Pause Young (Allocation Failure)
[481.828s][info][gc,heap        ] GC(1307) PSYoungGen: 226276K(226304K)->107508K(219136K) Eden: 122368K(122368K)->0K(111616K) From: 103908K(103936K)->107508K(107520K)
[481.828s][info][gc,heap        ] GC(1307) ParOldGen: 164682K(426496K)->198922K(426496K)
[481.828s][info][gc,metaspace   ] GC(1307) Metaspace: 18818K(19008K)->18818K(19008K) NonClass: 16988K(17152K)->16988K(17152K) Class: 1829K(1856K)->1829K(1856K)
[481.828s][info][gc             ] GC(1307) Pause Young (Allocation Failure) 381M->299M(630M) 149.160ms
[481.828s][info][gc,cpu         ] GC(1307) User=0.28s Sys=0.01s Real=0.15s
[481.867s][info][gc,start       ] GC(1308) Pause Young (Allocation Failure)
[482.000s][info][gc,heap        ] GC(1308) PSYoungGen: 219124K(219136K)->106176K(222720K) Eden: 111616K(111616K)->0K(111616K) From: 107508K(107520K)->106176K(111104K)
[482.000s][info][gc,heap        ] GC(1308) ParOldGen: 198922K(426496K)->226498K(426496K)
[482.000s][info][gc,metaspace   ] GC(1308) Metaspace: 18818K(19008K)->18818K(19008K) NonClass: 16988K(17152K)->16988K(17152K) Class: 1829K(1856K)->1829K(1856K)
[482.000s][info][gc             ] GC(1308) Pause Young (Allocation Failure) 408M->324M(634M) 133.259ms
[482.000s][info][gc,cpu         ] GC(1308) User=0.27s Sys=0.00s Real=0.13s
[482.049s][info][gc,start       ] GC(1309) Pause Young (Allocation Failure)
[482.170s][info][gc,heap        ] GC(1309) PSYoungGen: 217792K(222720K)->58432K(222720K) Eden: 111616K(111616K)->0K(111616K) From: 106176K(111104K)->58432K(111104K)
[482.170s][info][gc,heap        ] GC(1309) ParOldGen: 226498K(426496K)->306818K(426496K)
[482.170s][info][gc,metaspace   ] GC(1309) Metaspace: 18818K(19008K)->18818K(19008K) NonClass: 16988K(17152K)->16988K(17152K) Class: 1829K(1856K)->1829K(1856K)
[482.170s][info][gc             ] GC(1309) Pause Young (Allocation Failure) 433M->356M(634M) 121.130ms
[482.170s][info][gc,cpu         ] GC(1309) User=0.24s Sys=0.01s Real=0.12s
[482.295s][info][gc,start       ] GC(1310) Pause Young (Allocation Failure)
[482.341s][info][gc,heap        ] GC(1310) PSYoungGen: 170048K(222720K)->2368K(222720K) Eden: 111616K(111616K)->0K(111616K) From: 58432K(111104K)->2368K(111104K)
[482.341s][info][gc,heap        ] GC(1310) ParOldGen: 306818K(426496K)->365874K(426496K)
[482.341s][info][gc,metaspace   ] GC(1310) Metaspace: 18818K(19008K)->18818K(19008K) NonClass: 16988K(17152K)->16988K(17152K) Class: 1829K(1856K)->1829K(1856K)
[482.341s][info][gc             ] GC(1310) Pause Young (Allocation Failure) 465M->359M(634M) 46.473ms
[482.341s][info][gc,cpu         ] GC(1310) User=0.09s Sys=0.00s Real=0.04s
[482.411s][info][gc,start       ] GC(1311) Pause Young (Allocation Failure)
[482.426s][info][gc,heap        ] GC(1311) PSYoungGen: 113984K(222720K)->5024K(222720K) Eden: 111616K(111616K)->0K(111616K) From: 2368K(111104K)->5024K(111104K)
[482.426s][info][gc,heap        ] GC(1311) ParOldGen: 365874K(426496K)->368226K(426496K)
[482.426s][info][gc,metaspace   ] GC(1311) Metaspace: 18818K(19008K)->18818K(19008K) NonClass: 16988K(17152K)->16988K(17152K) Class: 1829K(1856K)->1829K(1856K)
[482.426s][info][gc             ] GC(1311) Pause Young (Allocation Failure) 468M->364M(634M) 14.532ms
[482.426s][info][gc,cpu         ] GC(1311) User=0.02s Sys=0.00s Real=0.02s
[482.531s][info][gc,start       ] GC(1312) Pause Young (Allocation Failure)
[482.551s][info][gc,heap        ] GC(1312) PSYoungGen: 116640K(222720K)->1729K(222720K) Eden: 111616K(111616K)->0K(111616K) From: 5024K(111104K)->1729K(111104K)
[482.551s][info][gc,heap        ] GC(1312) ParOldGen: 368226K(426496K)->373242K(426496K)
[482.551s][info][gc,metaspace   ] GC(1312) Metaspace: 18818K(19008K)->18818K(19008K) NonClass: 16988K(17152K)->16988K(17152K) Class: 1829K(1856K)->1829K(1856K)
[482.551s][info][gc             ] GC(1312) Pause Young (Allocation Failure) 473M->366M(634M) 20.436ms
[482.551s][info][gc,cpu         ] GC(1312) User=0.04s Sys=0.00s Real=0.02s
[482.684s][info][gc,start       ] GC(1313) Pause Young (Allocation Failure)
[482.729s][info][gc,heap        ] GC(1313) PSYoungGen: 113345K(222720K)->28992K(222720K) Eden: 111616K(111616K)->0K(111616K) From: 1729K(111104K)->28992K(111104K)
[482.729s][info][gc,heap        ] GC(1313) ParOldGen: 373242K(426496K)->374920K(426496K)
[482.729s][info][gc,metaspace   ] GC(1313) Metaspace: 18818K(19008K)->18818K(19008K) NonClass: 16988K(17152K)->16988K(17152K) Class: 1829K(1856K)->1829K(1856K)
[482.729s][info][gc             ] GC(1313) Pause Young (Allocation Failure) 475M->394M(634M) 44.409ms
[482.729s][info][gc,cpu         ] GC(1313) User=0.08s Sys=0.00s Real=0.05s
[482.812s][info][gc,start       ] GC(1314) Pause Young (Allocation Failure)
[482.877s][info][gc,heap        ] GC(1314) PSYoungGen: 140608K(222720K)->25952K(222720K) Eden: 111616K(111616K)->0K(111616K) From: 28992K(111104K)->25952K(111104K)
[482.877s][info][gc,heap        ] GC(1314) ParOldGen: 374920K(426496K)->403957K(426496K)
[482.877s][info][gc,metaspace   ] GC(1314) Metaspace: 18818K(19008K)->18818K(19008K) NonClass: 16988K(17152K)->16988K(17152K) Class: 1829K(1856K)->1829K(1856K)
[482.877s][info][gc             ] GC(1314) Pause Young (Allocation Failure) 503M->419M(634M) 64.926ms
[482.877s][info][gc,cpu         ] GC(1314) User=0.13s Sys=0.00s Real=0.07s
[483.024s][info][gc,start       ] GC(1315) Pause Young (Allocation Failure)
[483.072s][info][gc,heap        ] GC(1315) PSYoungGen: 137568K(222720K)->16576K(222720K) Eden: 111616K(111616K)->0K(111616K) From: 25952K(111104K)->16576K(111104K)
[483.072s][info][gc,heap        ] GC(1315) ParOldGen: 403957K(426496K)->429973K(430080K)
[483.072s][info][gc,metaspace   ] GC(1315) Metaspace: 18818K(19008K)->18818K(19008K) NonClass: 16988K(17152K)->16988K(17152K) Class: 1829K(1856K)->1829K(1856K)
[483.072s][info][gc             ] GC(1315) Pause Young (Allocation Failure) 528M->436M(637M) 48.636ms
[483.072s][info][gc,cpu         ] GC(1315) User=0.09s Sys=0.00s Real=0.05s
[483.172s][info][gc,start       ] GC(1316) Pause Young (Allocation Failure)
[483.205s][info][gc,heap        ] GC(1316) PSYoungGen: 128192K(222720K)->4160K(222720K) Eden: 111616K(111616K)->0K(111616K) From: 16576K(111104K)->4160K(111104K)
[483.205s][info][gc,heap        ] GC(1316) ParOldGen: 429973K(430080K)->446581K(446976K)
[483.205s][info][gc,metaspace   ] GC(1316) Metaspace: 18818K(19008K)->18818K(19008K) NonClass: 16988K(17152K)->16988K(17152K) Class: 1829K(1856K)->1829K(1856K)
[483.205s][info][gc             ] GC(1316) Pause Young (Allocation Failure) 545M->440M(654M) 33.127ms
[483.205s][info][gc,cpu         ] GC(1316) User=0.05s Sys=0.02s Real=0.04s
[483.345s][info][gc,start       ] GC(1317) Pause Young (Allocation Failure)
[483.358s][info][gc,heap        ] GC(1317) PSYoungGen: 115776K(222720K)->544K(222720K) Eden: 111616K(111616K)->0K(111616K) From: 4160K(111104K)->544K(111104K)
[483.358s][info][gc,heap        ] GC(1317) ParOldGen: 446581K(446976K)->450741K(451072K)
[483.358s][info][gc,metaspace   ] GC(1317) Metaspace: 18818K(19008K)->18818K(19008K) NonClass: 16988K(17152K)->16988K(17152K) Class: 1829K(1856K)->1829K(1856K)
[483.358s][info][gc             ] GC(1317) Pause Young (Allocation Failure) 549M->440M(658M) 13.509ms
[483.358s][info][gc,cpu         ] GC(1317) User=0.02s Sys=0.00s Real=0.02s
[483.476s][info][gc,start       ] GC(1318) Pause Young (Allocation Failure)
[483.484s][info][gc,heap        ] GC(1318) PSYoungGen: 112160K(222720K)->3424K(222720K) Eden: 111616K(111616K)->0K(111616K) From: 544K(111104K)->3424K(111104K)
[483.484s][info][gc,heap        ] GC(1318) ParOldGen: 450741K(451072K)->451277K(451584K)
[483.484s][info][gc,metaspace   ] GC(1318) Metaspace: 18818K(19008K)->18818K(19008K) NonClass: 16988K(17152K)->16988K(17152K) Class: 1829K(1856K)->1829K(1856K)
[483.484s][info][gc             ] GC(1318) Pause Young (Allocation Failure) 549M->444M(658M) 8.377ms
[483.484s][info][gc,cpu         ] GC(1318) User=0.02s Sys=0.00s Real=0.00s
[483.671s][info][gc,start       ] GC(1319) Pause Young (Allocation Failure)
[483.689s][info][gc,heap        ] GC(1319) PSYoungGen: 115040K(222720K)->9440K(222720K) Eden: 111616K(111616K)->0K(111616K) From: 3424K(111104K)->9440K(111104K)
[483.689s][info][gc,heap        ] GC(1319) ParOldGen: 451277K(451584K)->454693K(455168K)
[483.689s][info][gc,metaspace   ] GC(1319) Metaspace: 18818K(19008K)->18818K(19008K) NonClass: 16988K(17152K)->16988K(17152K) Class: 1829K(1856K)->1829K(1856K)
[483.689s][info][gc             ] GC(1319) Pause Young (Allocation Failure) 553M->453M(662M) 18.056ms
[483.689s][info][gc,cpu         ] GC(1319) User=0.03s Sys=0.00s Real=0.02s
[483.868s][info][gc,start       ] GC(1320) Pause Young (Allocation Failure)
[483.901s][info][gc,heap        ] GC(1320) PSYoungGen: 121056K(222720K)->13504K(125440K) Eden: 111616K(111616K)->0K(111616K) From: 9440K(111104K)->13504K(13824K)
[483.901s][info][gc,heap        ] GC(1320) ParOldGen: 454693K(455168K)->464139K(464384K)
[483.901s][info][gc,metaspace   ] GC(1320) Metaspace: 18818K(19008K)->18818K(19008K) NonClass: 16988K(17152K)->16988K(17152K) Class: 1829K(1856K)->1829K(1856K)
[483.901s][info][gc             ] GC(1320) Pause Young (Allocation Failure) 562M->466M(576M) 32.791ms
[483.901s][info][gc,cpu         ] GC(1320) User=0.05s Sys=0.01s Real=0.03s
[484.257s][info][gc,start       ] GC(1321) Pause Young (Allocation Failure)
[484.273s][info][gc,heap        ] GC(1321) PSYoungGen: 125120K(125440K)->13600K(218112K) Eden: 111616K(111616K)->0K(117248K) From: 13504K(13824K)->13600K(100864K)
[484.273s][info][gc,heap        ] GC(1321) ParOldGen: 464139K(464384K)->464139K(464384K)
[484.273s][info][gc,metaspace   ] GC(1321) Metaspace: 18818K(19008K)->18818K(19008K) NonClass: 16988K(17152K)->16988K(17152K) Class: 1829K(1856K)->1829K(1856K)
[484.273s][info][gc             ] GC(1321) Pause Young (Allocation Failure) 575M->466M(666M) 16.446ms
[484.273s][info][gc,cpu         ] GC(1321) User=0.03s Sys=0.00s Real=0.01s
[484.587s][info][gc,start       ] GC(1322) Pause Young (Allocation Failure)
[484.603s][info][gc,heap        ] GC(1322) PSYoungGen: 130848K(218112K)->13632K(131072K) Eden: 117248K(117248K)->0K(117248K) From: 13600K(100864K)->13632K(13824K)
[484.604s][info][gc,heap        ] GC(1322) ParOldGen: 464139K(464384K)->464139K(464384K)
[484.604s][info][gc,metaspace   ] GC(1322) Metaspace: 18818K(19008K)->18818K(19008K) NonClass: 16988K(17152K)->16988K(17152K) Class: 1829K(1856K)->1829K(1856K)
[484.604s][info][gc             ] GC(1322) Pause Young (Allocation Failure) 581M->466M(581M) 16.590ms
[484.604s][info][gc,cpu         ] GC(1322) User=0.04s Sys=0.00s Real=0.01s
[484.900s][info][gc,start       ] GC(1323) Pause Young (Allocation Failure)
[484.926s][info][gc,heap        ] GC(1323) PSYoungGen: 130880K(131072K)->13664K(206848K) Eden: 117248K(117248K)->0K(122368K) From: 13632K(13824K)->13664K(84480K)
[484.926s][info][gc,heap        ] GC(1323) ParOldGen: 464139K(464384K)->464139K(464384K)
[484.926s][info][gc,metaspace   ] GC(1323) Metaspace: 18818K(19008K)->18818K(19008K) NonClass: 16988K(17152K)->16988K(17152K) Class: 1829K(1856K)->1829K(1856K)
[484.926s][info][gc             ] GC(1323) Pause Young (Allocation Failure) 581M->466M(655M) 26.156ms
[484.926s][info][gc,cpu         ] GC(1323) User=0.05s Sys=0.00s Real=0.03s
[485.188s][info][gc,start       ] GC(1324) Pause Young (Allocation Failure)
[485.210s][info][gc,heap        ] GC(1324) PSYoungGen: 136032K(206848K)->18560K(141312K) Eden: 122368K(122368K)->0K(122368K) From: 13664K(84480K)->18560K(18944K)
[485.210s][info][gc,heap        ] GC(1324) ParOldGen: 464139K(464384K)->464139K(464384K)
[485.210s][info][gc,metaspace   ] GC(1324) Metaspace: 18818K(19008K)->18818K(19008K) NonClass: 16988K(17152K)->16988K(17152K) Class: 1829K(1856K)->1829K(1856K)
[485.210s][info][gc             ] GC(1324) Pause Young (Allocation Failure) 586M->471M(591M) 22.499ms
[485.210s][info][gc,cpu         ] GC(1324) User=0.04s Sys=0.00s Real=0.02s
[485.302s][info][gc,start       ] GC(1325) Pause Young (Allocation Failure)
[485.354s][info][gc,heap        ] GC(1325) PSYoungGen: 140928K(141312K)->61830K(202752K) Eden: 122368K(122368K)->0K(118784K) From: 18560K(18944K)->61830K(83968K)
[485.354s][info][gc,heap        ] GC(1325) ParOldGen: 464139K(464384K)->464139K(464384K)
[485.354s][info][gc,metaspace   ] GC(1325) Metaspace: 18818K(19008K)->18818K(19008K) NonClass: 16988K(17152K)->16988K(17152K) Class: 1829K(1856K)->1829K(1856K)
[485.354s][info][gc             ] GC(1325) Pause Young (Allocation Failure) 590M->513M(651M) 52.024ms
[485.354s][info][gc,cpu         ] GC(1325) User=0.10s Sys=0.00s Real=0.05s
[485.530s][info][gc,start       ] GC(1326) Pause Young (Allocation Failure)
[485.601s][info][gc,heap        ] GC(1326) PSYoungGen: 180614K(202752K)->92582K(211456K) Eden: 118784K(118784K)->0K(118784K) From: 61830K(83968K)->92582K(92672K)
[485.601s][info][gc,heap        ] GC(1326) ParOldGen: 464139K(464384K)->464139K(464384K)
[485.601s][info][gc,metaspace   ] GC(1326) Metaspace: 18818K(19008K)->18818K(19008K) NonClass: 16989K(17152K)->16989K(17152K) Class: 1829K(1856K)->1829K(1856K)
[485.601s][info][gc             ] GC(1326) Pause Young (Allocation Failure) 629M->543M(660M) 71.385ms
[485.601s][info][gc,cpu         ] GC(1326) User=0.14s Sys=0.00s Real=0.07s
[485.704s][info][gc,start       ] GC(1327) Pause Young (Allocation Failure)
[485.786s][info][gc,heap        ] GC(1327) PSYoungGen: 211366K(211456K)->94758K(222208K) Eden: 118784K(118784K)->0K(111616K) From: 92582K(92672K)->94758K(110592K)
[485.786s][info][gc,heap        ] GC(1327) ParOldGen: 464139K(464384K)->464139K(464384K)
[485.786s][info][gc,metaspace   ] GC(1327) Metaspace: 18818K(19008K)->18818K(19008K) NonClass: 16989K(17152K)->16989K(17152K) Class: 1829K(1856K)->1829K(1856K)
[485.786s][info][gc             ] GC(1327) Pause Young (Allocation Failure) 659M->545M(670M) 81.864ms
[485.786s][info][gc,cpu         ] GC(1327) User=0.15s Sys=0.01s Real=0.09s
[485.980s][info][gc,start       ] GC(1328) Pause Young (Allocation Failure)
[486.104s][info][gc,heap        ] GC(1328) PSYoungGen: 206374K(222208K)->101059K(222720K) Eden: 111616K(111616K)->0K(111616K) From: 94758K(110592K)->101059K(111104K)
[486.104s][info][gc,heap        ] GC(1328) ParOldGen: 464139K(464384K)->477691K(477696K)
[486.104s][info][gc,metaspace   ] GC(1328) Metaspace: 18818K(19008K)->18818K(19008K) NonClass: 16989K(17152K)->16989K(17152K) Class: 1829K(1856K)->1829K(1856K)
[486.104s][info][gc             ] GC(1328) Pause Young (Allocation Failure) 654M->565M(684M) 123.996ms
[486.104s][info][gc,cpu         ] GC(1328) User=0.24s Sys=0.01s Real=0.12s
[486.257s][info][gc,start       ] GC(1329) Pause Young (Allocation Failure)
[486.377s][info][gc,heap        ] GC(1329) PSYoungGen: 212675K(222720K)->111084K(222720K) Eden: 111616K(111616K)->0K(111616K) From: 101059K(111104K)->111084K(111104K)
[486.377s][info][gc,heap        ] GC(1329) ParOldGen: 477691K(477696K)->482571K(482816K)
[486.377s][info][gc,metaspace   ] GC(1329) Metaspace: 18818K(19008K)->18818K(19008K) NonClass: 16989K(17152K)->16989K(17152K) Class: 1829K(1856K)->1829K(1856K)
[486.377s][info][gc             ] GC(1329) Pause Young (Allocation Failure) 674M->579M(689M) 120.721ms
[486.377s][info][gc,cpu         ] GC(1329) User=0.23s Sys=0.02s Real=0.12s
[486.483s][info][gc,start       ] GC(1330) Pause Young (Allocation Failure)
[486.643s][info][gc,heap        ] GC(1330) PSYoungGen: 222700K(222720K)->84620K(222720K) Eden: 111616K(111616K)->0K(111616K) From: 111084K(111104K)->84620K(111104K)
[486.643s][info][gc,heap        ] GC(1330) ParOldGen: 482571K(482816K)->531293K(531456K)
[486.643s][info][gc,metaspace   ] GC(1330) Metaspace: 18818K(19008K)->18818K(19008K) NonClass: 16989K(17152K)->16989K(17152K) Class: 1829K(1856K)->1829K(1856K)
[486.643s][info][gc             ] GC(1330) Pause Young (Allocation Failure) 688M->601M(736M) 160.037ms
[486.643s][info][gc,cpu         ] GC(1330) User=0.28s Sys=0.03s Real=0.16s
[486.736s][info][gc,start       ] GC(1331) Pause Young (Allocation Failure)
[486.857s][info][gc,heap        ] GC(1331) PSYoungGen: 196236K(222720K)->66524K(222720K) Eden: 111616K(111616K)->0K(111616K) From: 84620K(111104K)->66524K(111104K)
[486.857s][info][gc,heap        ] GC(1331) ParOldGen: 531293K(531456K)->564545K(564736K)
[486.857s][info][gc,metaspace   ] GC(1331) Metaspace: 18820K(19008K)->18820K(19008K) NonClass: 16990K(17152K)->16990K(17152K) Class: 1829K(1856K)->1829K(1856K)
[486.857s][info][gc             ] GC(1331) Pause Young (Allocation Failure) 710M->616M(769M) 121.262ms
[486.857s][info][gc,cpu         ] GC(1331) User=0.21s Sys=0.03s Real=0.12s
[486.926s][info][gc,start       ] GC(1332) Pause Young (Allocation Failure)
[487.020s][info][gc,heap        ] GC(1332) PSYoungGen: 178140K(222720K)->38960K(222720K) Eden: 111616K(111616K)->0K(111616K) From: 66524K(111104K)->38960K(111104K)
[487.020s][info][gc,heap        ] GC(1332) ParOldGen: 564545K(564736K)->594636K(594944K)
[487.020s][info][gc,metaspace   ] GC(1332) Metaspace: 18820K(19008K)->18820K(19008K) NonClass: 16990K(17152K)->16990K(17152K) Class: 1829K(1856K)->1829K(1856K)
[487.020s][info][gc             ] GC(1332) Pause Young (Allocation Failure) 725M->618M(798M) 93.978ms
[487.020s][info][gc,cpu         ] GC(1332) User=0.17s Sys=0.02s Real=0.09s
[487.077s][info][gc,start       ] GC(1333) Pause Young (Allocation Failure)
[487.160s][info][gc,heap        ] GC(1333) PSYoungGen: 150576K(222720K)->34944K(222720K) Eden: 111616K(111616K)->0K(111616K) From: 38960K(111104K)->34944K(111104K)
[487.160s][info][gc,heap        ] GC(1333) ParOldGen: 594636K(594944K)->631279K(631296K)
[487.160s][info][gc,metaspace   ] GC(1333) Metaspace: 18820K(19008K)->18820K(19008K) NonClass: 16991K(17152K)->16991K(17152K) Class: 1829K(1856K)->1829K(1856K)
[487.160s][info][gc             ] GC(1333) Pause Young (Allocation Failure) 727M->650M(834M) 83.324ms
[487.160s][info][gc,cpu         ] GC(1333) User=0.14s Sys=0.02s Real=0.08s
[487.248s][info][gc,start       ] GC(1334) Pause Full (Allocation Failure)
[487.248s][info][gc,phases,start] GC(1334) Marking Phase
[487.528s][info][gc,phases      ] GC(1334) Marking Phase 279.844ms
[487.528s][info][gc,phases,start] GC(1334) Summary Phase
[487.528s][info][gc,phases      ] GC(1334) Summary Phase 0.033ms
[487.528s][info][gc,phases,start] GC(1334) Forward
[487.602s][info][gc,phases      ] GC(1334) Forward 73.469ms
[487.602s][info][gc,phases,start] GC(1334) Adjust Pointers
[487.816s][info][gc,phases      ] GC(1334) Adjust Pointers 213.734ms
[487.816s][info][gc,phases,start] GC(1334) Compaction Phase
[487.939s][info][gc,phases      ] GC(1334) Compaction Phase 123.717ms
[487.946s][info][gc,phases,start] GC(1334) Post Compact
[487.948s][info][gc,phases      ] GC(1334) Post Compact 2.290ms
[487.948s][info][gc,heap        ] GC(1334) PSYoungGen: 146560K(222720K)->0K(222720K) Eden: 111616K(111616K)->0K(111616K) From: 34944K(111104K)->0K(111104K)
[487.948s][info][gc,heap        ] GC(1334) ParOldGen: 631279K(631296K)->386233K(667648K)
[487.948s][info][gc,metaspace   ] GC(1334) Metaspace: 18820K(19008K)->18820K(19008K) NonClass: 16991K(17152K)->16991K(17152K) Class: 1829K(1856K)->1829K(1856K)
[487.948s][info][gc             ] GC(1334) Pause Full (Allocation Failure) 759M->377M(869M) 699.648ms
[487.948s][info][gc,cpu         ] GC(1334) User=1.35s Sys=0.00s Real=0.70s
[488.020s][info][gc,start       ] GC(1335) Pause Young (Allocation Failure)
[488.028s][info][gc,heap        ] GC(1335) PSYoungGen: 111616K(222720K)->3712K(222720K) Eden: 111616K(111616K)->0K(111616K) From: 0K(111104K)->3712K(111104K)
[488.028s][info][gc,heap        ] GC(1335) ParOldGen: 386233K(667648K)->386233K(667648K)
[488.028s][info][gc,metaspace   ] GC(1335) Metaspace: 18821K(19008K)->18821K(19008K) NonClass: 16992K(17152K)->16992K(17152K) Class: 1829K(1856K)->1829K(1856K)
[488.028s][info][gc             ] GC(1335) Pause Young (Allocation Failure) 486M->380M(869M) 8.684ms
[488.028s][info][gc,cpu         ] GC(1335) User=0.01s Sys=0.00s Real=0.01s
[488.083s][info][gc,start       ] GC(1336) Pause Young (Allocation Failure)
[488.090s][info][gc,heap        ] GC(1336) PSYoungGen: 115328K(222720K)->480K(222720K) Eden: 111616K(111616K)->0K(111616K) From: 3712K(111104K)->480K(111104K)
[488.090s][info][gc,heap        ] GC(1336) ParOldGen: 386233K(667648K)->389897K(667648K)
[488.090s][info][gc,metaspace   ] GC(1336) Metaspace: 18821K(19008K)->18821K(19008K) NonClass: 16992K(17152K)->16992K(17152K) Class: 1829K(1856K)->1829K(1856K)
[488.090s][info][gc             ] GC(1336) Pause Young (Allocation Failure) 489M->381M(869M) 7.213ms
[488.090s][info][gc,cpu         ] GC(1336) User=0.02s Sys=0.00s Real=0.01s
[488.215s][info][gc,start       ] GC(1337) Pause Young (Allocation Failure)
[488.241s][info][gc,heap        ] GC(1337) PSYoungGen: 112096K(222720K)->15200K(222720K) Eden: 111616K(111616K)->0K(111616K) From: 480K(111104K)->15200K(111104K)
[488.241s][info][gc,heap        ] GC(1337) ParOldGen: 389897K(667648K)->390369K(667648K)
[488.241s][info][gc,metaspace   ] GC(1337) Metaspace: 18822K(19008K)->18822K(19008K) NonClass: 16992K(17152K)->16992K(17152K) Class: 1829K(1856K)->1829K(1856K)
[488.241s][info][gc             ] GC(1337) Pause Young (Allocation Failure) 490M->396M(869M) 25.724ms
[488.241s][info][gc,cpu         ] GC(1337) User=0.05s Sys=0.01s Real=0.02s
[488.344s][info][gc,start       ] GC(1338) Pause Young (Allocation Failure)
[488.388s][info][gc,heap        ] GC(1338) PSYoungGen: 126816K(222720K)->21344K(222720K) Eden: 111616K(111616K)->0K(111616K) From: 15200K(111104K)->21344K(111104K)
[488.388s][info][gc,heap        ] GC(1338) ParOldGen: 390369K(667648K)->405585K(667648K)
[488.388s][info][gc,metaspace   ] GC(1338) Metaspace: 18822K(19008K)->18822K(19008K) NonClass: 16992K(17152K)->16992K(17152K) Class: 1829K(1856K)->1829K(1856K)
[488.388s][info][gc             ] GC(1338) Pause Young (Allocation Failure) 505M->416M(869M) 44.164ms
[488.388s][info][gc,cpu         ] GC(1338) User=0.08s Sys=0.00s Real=0.05s
[488.448s][info][gc,start       ] GC(1339) Pause Young (Allocation Failure)
[488.488s][info][gc,heap        ] GC(1339) PSYoungGen: 132960K(222720K)->13952K(222720K) Eden: 111616K(111616K)->0K(111616K) From: 21344K(111104K)->13952K(111104K)
[488.488s][info][gc,heap        ] GC(1339) ParOldGen: 405585K(667648K)->426967K(667648K)
[488.488s][info][gc,metaspace   ] GC(1339) Metaspace: 18822K(19008K)->18822K(19008K) NonClass: 16992K(17152K)->16992K(17152K) Class: 1829K(1856K)->1829K(1856K)
[488.488s][info][gc             ] GC(1339) Pause Young (Allocation Failure) 525M->430M(869M) 39.291ms
[488.488s][info][gc,cpu         ] GC(1339) User=0.08s Sys=0.00s Real=0.04s
[488.617s][info][gc,start       ] GC(1340) Pause Young (Allocation Failure)
[488.640s][info][gc,heap        ] GC(1340) PSYoungGen: 125568K(222720K)->1632K(222720K) Eden: 111616K(111616K)->0K(111616K) From: 13952K(111104K)->1632K(111104K)
[488.640s][info][gc,heap        ] GC(1340) ParOldGen: 426967K(667648K)->440927K(667648K)
[488.640s][info][gc,metaspace   ] GC(1340) Metaspace: 18822K(19008K)->18822K(19008K) NonClass: 16992K(17152K)->16992K(17152K) Class: 1829K(1856K)->1829K(1856K)
[488.640s][info][gc             ] GC(1340) Pause Young (Allocation Failure) 539M->432M(869M) 22.441ms
[488.640s][info][gc,cpu         ] GC(1340) User=0.04s Sys=0.00s Real=0.02s
[488.955s][info][gc,start       ] GC(1341) Pause Young (Allocation Failure)
[488.968s][info][gc,heap        ] GC(1341) PSYoungGen: 113248K(222720K)->8128K(222720K) Eden: 111616K(111616K)->0K(111616K) From: 1632K(111104K)->8128K(111104K)
[488.968s][info][gc,heap        ] GC(1341) ParOldGen: 440927K(667648K)->442535K(667648K)
[488.968s][info][gc,metaspace   ] GC(1341) Metaspace: 18822K(19008K)->18822K(19008K) NonClass: 16992K(17152K)->16992K(17152K) Class: 1829K(1856K)->1829K(1856K)
[488.968s][info][gc             ] GC(1341) Pause Young (Allocation Failure) 541M->440M(869M) 12.751ms
[488.968s][info][gc,cpu         ] GC(1341) User=0.03s Sys=0.00s Real=0.01s
[489.267s][info][gc,start       ] GC(1342) Pause Young (Allocation Failure)
[489.278s][info][gc,heap        ] GC(1342) PSYoungGen: 119744K(222720K)->176K(222720K) Eden: 111616K(111616K)->0K(111616K) From: 8128K(111104K)->176K(111104K)
[489.278s][info][gc,heap        ] GC(1342) ParOldGen: 442535K(667648K)->450647K(667648K)
[489.278s][info][gc,metaspace   ] GC(1342) Metaspace: 18839K(19008K)->18839K(19008K) NonClass: 17009K(17152K)->17009K(17152K) Class: 1829K(1856K)->1829K(1856K)
[489.278s][info][gc             ] GC(1342) Pause Young (Allocation Failure) 549M->440M(869M) 10.886ms
[489.278s][info][gc,cpu         ] GC(1342) User=0.02s Sys=0.00s Real=0.01s
[489.518s][info][gc,start       ] GC(1343) Pause Young (Allocation Failure)
[489.533s][info][gc,heap        ] GC(1343) PSYoungGen: 111792K(222720K)->9984K(213504K) Eden: 111616K(111616K)->0K(111616K) From: 176K(111104K)->9984K(101888K)
[489.533s][info][gc,heap        ] GC(1343) ParOldGen: 450647K(667648K)->450796K(667648K)
[489.533s][info][gc,metaspace   ] GC(1343) Metaspace: 18839K(19008K)->18839K(19008K) NonClass: 17009K(17152K)->17009K(17152K) Class: 1829K(1856K)->1829K(1856K)
[489.533s][info][gc             ] GC(1343) Pause Young (Allocation Failure) 549M->449M(860M) 14.958ms
[489.533s][info][gc,cpu         ] GC(1343) User=0.02s Sys=0.00s Real=0.01s
[489.677s][info][gc,start       ] GC(1344) Pause Young (Allocation Failure)
[489.699s][info][gc,heap        ] GC(1344) PSYoungGen: 121600K(213504K)->20480K(132608K) Eden: 111616K(111616K)->0K(111616K) From: 9984K(101888K)->20480K(20992K)
[489.699s][info][gc,heap        ] GC(1344) ParOldGen: 450796K(667648K)->450796K(667648K)
[489.699s][info][gc,metaspace   ] GC(1344) Metaspace: 18839K(19008K)->18839K(19008K) NonClass: 17009K(17152K)->17009K(17152K) Class: 1829K(1856K)->1829K(1856K)
[489.699s][info][gc             ] GC(1344) Pause Young (Allocation Failure) 558M->460M(781M) 21.754ms
[489.699s][info][gc,cpu         ] GC(1344) User=0.04s Sys=0.00s Real=0.02s
[489.870s][info][gc,start       ] GC(1345) Pause Young (Allocation Failure)
[489.896s][info][gc,heap        ] GC(1345) PSYoungGen: 132096K(132608K)->24480K(203264K) Eden: 111616K(111616K)->0K(118272K) From: 20480K(20992K)->24480K(84992K)
[489.896s][info][gc,heap        ] GC(1345) ParOldGen: 450796K(667648K)->450796K(667648K)
[489.896s][info][gc,metaspace   ] GC(1345) Metaspace: 18841K(19008K)->18841K(19008K) NonClass: 17011K(17152K)->17011K(17152K) Class: 1829K(1856K)->1829K(1856K)
[489.896s][info][gc             ] GC(1345) Pause Young (Allocation Failure) 569M->464M(850M) 26.103ms
[489.896s][info][gc,cpu         ] GC(1345) User=0.05s Sys=0.01s Real=0.03s
[489.973s][info][gc,start       ] GC(1346) Pause Young (Allocation Failure)
[490.027s][info][gc,heap        ] GC(1346) PSYoungGen: 142752K(203264K)->66016K(210432K) Eden: 118272K(118272K)->0K(118272K) From: 24480K(84992K)->66016K(92160K)
[490.027s][info][gc,heap        ] GC(1346) ParOldGen: 450796K(667648K)->450796K(667648K)
[490.027s][info][gc,metaspace   ] GC(1346) Metaspace: 18841K(19008K)->18841K(19008K) NonClass: 17011K(17152K)->17011K(17152K) Class: 1829K(1856K)->1829K(1856K)
[490.027s][info][gc             ] GC(1346) Pause Young (Allocation Failure) 579M->504M(857M) 54.507ms
[490.027s][info][gc,cpu         ] GC(1346) User=0.11s Sys=0.00s Real=0.06s
[490.161s][info][gc,start       ] GC(1347) Pause Young (Allocation Failure)
[490.248s][info][gc,heap        ] GC(1347) PSYoungGen: 184288K(210432K)->100336K(211968K) Eden: 118272K(118272K)->0K(111616K) From: 66016K(92160K)->100336K(100352K)
[490.249s][info][gc,heap        ] GC(1347) ParOldGen: 450796K(667648K)->451812K(667648K)
[490.249s][info][gc,metaspace   ] GC(1347) Metaspace: 18841K(19008K)->18841K(19008K) NonClass: 17012K(17152K)->17012K(17152K) Class: 1829K(1856K)->1829K(1856K)
[490.249s][info][gc             ] GC(1347) Pause Young (Allocation Failure) 620M->539M(859M) 87.124ms
[490.249s][info][gc,cpu         ] GC(1347) User=0.15s Sys=0.01s Real=0.09s
[490.388s][info][gc,start       ] GC(1348) Pause Young (Allocation Failure)
[490.464s][info][gc,heap        ] GC(1348) PSYoungGen: 211952K(211968K)->82992K(222720K) Eden: 111616K(111616K)->0K(111616K) From: 100336K(100352K)->82992K(111104K)
[490.464s][info][gc,heap        ] GC(1348) ParOldGen: 451812K(667648K)->472377K(667648K)
[490.464s][info][gc,metaspace   ] GC(1348) Metaspace: 18841K(19008K)->18841K(19008K) NonClass: 17012K(17152K)->17012K(17152K) Class: 1829K(1856K)->1829K(1856K)
[490.464s][info][gc             ] GC(1348) Pause Young (Allocation Failure) 648M->542M(869M) 75.930ms
[490.464s][info][gc,cpu         ] GC(1348) User=0.15s Sys=0.00s Real=0.07s
[490.646s][info][gc,start       ] GC(1349) Pause Young (Allocation Failure)
[490.744s][info][gc,heap        ] GC(1349) PSYoungGen: 194608K(222720K)->62063K(222720K) Eden: 111616K(111616K)->0K(111616K) From: 82992K(111104K)->62063K(111104K)
[490.744s][info][gc,heap        ] GC(1349) ParOldGen: 472377K(667648K)->517433K(667648K)
[490.744s][info][gc,metaspace   ] GC(1349) Metaspace: 18841K(19008K)->18841K(19008K) NonClass: 17012K(17152K)->17012K(17152K) Class: 1829K(1856K)->1829K(1856K)
[490.744s][info][gc             ] GC(1349) Pause Young (Allocation Failure) 651M->565M(869M) 97.642ms
[490.744s][info][gc,cpu         ] GC(1349) User=0.19s Sys=0.01s Real=0.09s
[490.871s][info][gc,start       ] GC(1350) Pause Young (Allocation Failure)
[490.972s][info][gc,heap        ] GC(1350) PSYoungGen: 173679K(222720K)->46632K(222720K) Eden: 111616K(111616K)->0K(111616K) From: 62063K(111104K)->46632K(111104K)
[490.972s][info][gc,heap        ] GC(1350) ParOldGen: 517433K(667648K)->556241K(667648K)
[490.972s][info][gc,metaspace   ] GC(1350) Metaspace: 18841K(19008K)->18841K(19008K) NonClass: 17012K(17152K)->17012K(17152K) Class: 1829K(1856K)->1829K(1856K)
[490.972s][info][gc             ] GC(1350) Pause Young (Allocation Failure) 674M->588M(869M) 100.751ms
[490.972s][info][gc,cpu         ] GC(1350) User=0.20s Sys=0.00s Real=0.10s
[491.116s][info][gc,start       ] GC(1351) Pause Young (Allocation Failure)
[491.195s][info][gc,heap        ] GC(1351) PSYoungGen: 158248K(222720K)->15392K(222720K) Eden: 111616K(111616K)->0K(111616K) From: 46632K(111104K)->15392K(111104K)
[491.195s][info][gc,heap        ] GC(1351) ParOldGen: 556241K(667648K)->602983K(667648K)
[491.195s][info][gc,metaspace   ] GC(1351) Metaspace: 18841K(19008K)->18841K(19008K) NonClass: 17012K(17152K)->17012K(17152K) Class: 1829K(1856K)->1829K(1856K)
[491.195s][info][gc             ] GC(1351) Pause Young (Allocation Failure) 697M->603M(869M) 79.022ms
[491.195s][info][gc,cpu         ] GC(1351) User=0.15s Sys=0.00s Real=0.08s
[491.260s][info][gc,start       ] GC(1352) Pause Young (Allocation Failure)
[491.283s][info][gc,heap        ] GC(1352) PSYoungGen: 127008K(222720K)->5376K(222720K) Eden: 111616K(111616K)->0K(111616K) From: 15392K(111104K)->5376K(111104K)
[491.283s][info][gc,heap        ] GC(1352) ParOldGen: 602983K(667648K)->618407K(667648K)
[491.283s][info][gc,metaspace   ] GC(1352) Metaspace: 18841K(19008K)->18841K(19008K) NonClass: 17012K(17152K)->17012K(17152K) Class: 1829K(1856K)->1829K(1856K)
[491.283s][info][gc             ] GC(1352) Pause Young (Allocation Failure) 712M->609M(869M) 23.764ms
[491.283s][info][gc,cpu         ] GC(1352) User=0.05s Sys=0.00s Real=0.02s
[491.399s][info][gc,start       ] GC(1353) Pause Full (Allocation Failure)
[491.399s][info][gc,phases,start] GC(1353) Marking Phase
[491.679s][info][gc,phases      ] GC(1353) Marking Phase 280.283ms
[491.679s][info][gc,phases,start] GC(1353) Summary Phase
[491.679s][info][gc,phases      ] GC(1353) Summary Phase 0.028ms
[491.679s][info][gc,phases,start] GC(1353) Forward
[491.764s][info][gc,phases      ] GC(1353) Forward 84.872ms
[491.764s][info][gc,phases,start] GC(1353) Adjust Pointers
[491.984s][info][gc,phases      ] GC(1353) Adjust Pointers 219.642ms
[491.984s][info][gc,phases,start] GC(1353) Compaction Phase
[492.115s][info][gc,phases      ] GC(1353) Compaction Phase 131.024ms
[492.122s][info][gc,phases,start] GC(1353) Post Compact
[492.124s][info][gc,phases      ] GC(1353) Post Compact 2.197ms
[492.124s][info][gc,heap        ] GC(1353) PSYoungGen: 116992K(222720K)->0K(222720K) Eden: 111616K(111616K)->0K(111616K) From: 5376K(111104K)->0K(111104K)
[492.124s][info][gc,heap        ] GC(1353) ParOldGen: 618407K(667648K)->384947K(667648K)
[492.124s][info][gc,metaspace   ] GC(1353) Metaspace: 18841K(19008K)->18841K(19008K) NonClass: 17012K(17152K)->17012K(17152K) Class: 1829K(1856K)->1829K(1856K)
[492.124s][info][gc             ] GC(1353) Pause Full (Allocation Failure) 718M->375M(869M) 725.172ms
[492.124s][info][gc,cpu         ] GC(1353) User=1.37s Sys=0.00s Real=0.72s
[492.174s][info][gc,start       ] GC(1354) Pause Young (Allocation Failure)
[492.200s][info][gc,heap        ] GC(1354) PSYoungGen: 111616K(222720K)->31328K(143360K) Eden: 111616K(111616K)->0K(111616K) From: 0K(111104K)->31328K(31744K)
[492.200s][info][gc,heap        ] GC(1354) ParOldGen: 384947K(667648K)->384947K(667648K)
[492.200s][info][gc,metaspace   ] GC(1354) Metaspace: 18841K(19008K)->18841K(19008K) NonClass: 17012K(17152K)->17012K(17152K) Class: 1829K(1856K)->1829K(1856K)
[492.200s][info][gc             ] GC(1354) Pause Young (Allocation Failure) 484M->406M(792M) 26.443ms
[492.200s][info][gc,cpu         ] GC(1354) User=0.05s Sys=0.00s Real=0.03s
[492.248s][info][gc,start       ] GC(1355) Pause Young (Allocation Failure)
[492.297s][info][gc,heap        ] GC(1355) PSYoungGen: 142944K(143360K)->67248K(219648K) Eden: 111616K(111616K)->0K(110080K) From: 31328K(31744K)->67248K(109568K)
[492.297s][info][gc,heap        ] GC(1355) ParOldGen: 384947K(667648K)->384947K(667648K)
[492.297s][info][gc,metaspace   ] GC(1355) Metaspace: 18841K(19008K)->18841K(19008K) NonClass: 17012K(17152K)->17012K(17152K) Class: 1829K(1856K)->1829K(1856K)
[492.297s][info][gc             ] GC(1355) Pause Young (Allocation Failure) 515M->441M(866M) 49.178ms
[492.297s][info][gc,cpu         ] GC(1355) User=0.10s Sys=0.00s Real=0.05s
[492.420s][info][gc,start       ] GC(1356) Pause Young (Allocation Failure)
[492.473s][info][gc,heap        ] GC(1356) PSYoungGen: 177328K(219648K)->9952K(221184K) Eden: 110080K(110080K)->0K(110080K) From: 67248K(109568K)->9952K(111104K)
[492.473s][info][gc,heap        ] GC(1356) ParOldGen: 384947K(667648K)->453011K(667648K)
[492.473s][info][gc,metaspace   ] GC(1356) Metaspace: 18841K(19008K)->18841K(19008K) NonClass: 17012K(17152K)->17012K(17152K) Class: 1829K(1856K)->1829K(1856K)
[492.473s][info][gc             ] GC(1356) Pause Young (Allocation Failure) 549M->452M(868M) 53.323ms
[492.473s][info][gc,cpu         ] GC(1356) User=0.10s Sys=0.00s Real=0.05s
[492.577s][info][gc,start       ] GC(1357) Pause Young (Allocation Failure)
[492.602s][info][gc,heap        ] GC(1357) PSYoungGen: 120032K(221184K)->12128K(216576K) Eden: 110080K(110080K)->0K(111616K) From: 9952K(111104K)->12128K(104960K)
[492.602s][info][gc,heap        ] GC(1357) ParOldGen: 453011K(667648K)->463031K(667648K)
[492.602s][info][gc,metaspace   ] GC(1357) Metaspace: 18841K(19008K)->18841K(19008K) NonClass: 17012K(17152K)->17012K(17152K) Class: 1829K(1856K)->1829K(1856K)
[492.602s][info][gc             ] GC(1357) Pause Young (Allocation Failure) 559M->464M(863M) 25.882ms
[492.602s][info][gc,cpu         ] GC(1357) User=0.05s Sys=0.00s Real=0.02s
[492.760s][info][gc,start       ] GC(1358) Pause Young (Allocation Failure)
[492.816s][info][gc,heap        ] GC(1358) PSYoungGen: 123744K(216576K)->23744K(219648K) Eden: 111616K(111616K)->0K(111616K) From: 12128K(104960K)->23744K(108032K)
[492.816s][info][gc,heap        ] GC(1358) ParOldGen: 463031K(667648K)->475159K(667648K)
[492.816s][info][gc,metaspace   ] GC(1358) Metaspace: 18841K(19008K)->18841K(19008K) NonClass: 17012K(17152K)->17012K(17152K) Class: 1829K(1856K)->1829K(1856K)
[492.816s][info][gc             ] GC(1358) Pause Young (Allocation Failure) 573M->487M(866M) 56.336ms
[492.816s][info][gc,cpu         ] GC(1358) User=0.11s Sys=0.00s Real=0.06s
[492.923s][info][gc,start       ] GC(1359) Pause Young (Allocation Failure)
[492.996s][info][gc,heap        ] GC(1359) PSYoungGen: 135360K(219648K)->30720K(215040K) Eden: 111616K(111616K)->0K(123392K) From: 23744K(108032K)->30720K(91648K)
[492.996s][info][gc,heap        ] GC(1359) ParOldGen: 475159K(667648K)->498952K(667648K)
[492.996s][info][gc,metaspace   ] GC(1359) Metaspace: 18841K(19008K)->18841K(19008K) NonClass: 17012K(17152K)->17012K(17152K) Class: 1829K(1856K)->1829K(1856K)
[492.996s][info][gc             ] GC(1359) Pause Young (Allocation Failure) 596M->517M(862M) 73.055ms
[492.996s][info][gc,cpu         ] GC(1359) User=0.14s Sys=0.01s Real=0.08s
[493.168s][info][gc,start       ] GC(1360) Pause Young (Allocation Failure)
[493.228s][info][gc,heap        ] GC(1360) PSYoungGen: 154112K(215040K)->22624K(219136K) Eden: 123392K(123392K)->0K(123392K) From: 30720K(91648K)->22624K(95744K)
[493.228s][info][gc,heap        ] GC(1360) ParOldGen: 498952K(667648K)->529760K(667648K)
[493.228s][info][gc,metaspace   ] GC(1360) Metaspace: 18841K(19008K)->18841K(19008K) NonClass: 17012K(17152K)->17012K(17152K) Class: 1829K(1856K)->1829K(1856K)
[493.228s][info][gc             ] GC(1360) Pause Young (Allocation Failure) 637M->539M(866M) 60.751ms
[493.228s][info][gc,cpu         ] GC(1360) User=0.12s Sys=0.00s Real=0.06s
[493.348s][info][gc,start       ] GC(1361) Pause Young (Allocation Failure)
[493.378s][info][gc,heap        ] GC(1361) PSYoungGen: 146016K(219136K)->4320K(224256K) Eden: 123392K(123392K)->0K(135680K) From: 22624K(95744K)->4320K(88576K)
[493.378s][info][gc,heap        ] GC(1361) ParOldGen: 529760K(667648K)->552456K(667648K)
[493.378s][info][gc,metaspace   ] GC(1361) Metaspace: 18841K(19008K)->18841K(19008K) NonClass: 17012K(17152K)->17012K(17152K) Class: 1829K(1856K)->1829K(1856K)
[493.378s][info][gc             ] GC(1361) Pause Young (Allocation Failure) 659M->543M(871M) 30.606ms
[493.378s][info][gc,cpu         ] GC(1361) User=0.06s Sys=0.00s Real=0.03s
[493.538s][info][gc,start       ] GC(1362) Pause Young (Allocation Failure)
[493.550s][info][gc,heap        ] GC(1362) PSYoungGen: 140000K(224256K)->1024K(225792K) Eden: 135680K(135680K)->0K(135680K) From: 4320K(88576K)->1024K(90112K)
[493.551s][info][gc,heap        ] GC(1362) ParOldGen: 552456K(667648K)->556768K(667648K)
[493.551s][info][gc,metaspace   ] GC(1362) Metaspace: 18841K(19008K)->18841K(19008K) NonClass: 17012K(17152K)->17012K(17152K) Class: 1829K(1856K)->1829K(1856K)
[493.551s][info][gc             ] GC(1362) Pause Young (Allocation Failure) 676M->544M(872M) 13.041ms
[493.551s][info][gc,cpu         ] GC(1362) User=0.03s Sys=0.00s Real=0.01s
[493.699s][info][gc,start       ] GC(1363) Pause Young (Allocation Failure)
[493.709s][info][gc,heap        ] GC(1363) PSYoungGen: 136704K(225792K)->4960K(228864K) Eden: 135680K(135680K)->0K(146432K) From: 1024K(90112K)->4960K(82432K)
[493.709s][info][gc,heap        ] GC(1363) ParOldGen: 556768K(667648K)->556768K(667648K)
[493.709s][info][gc,metaspace   ] GC(1363) Metaspace: 18841K(19008K)->18841K(19008K) NonClass: 17012K(17152K)->17012K(17152K) Class: 1829K(1856K)->1829K(1856K)
[493.709s][info][gc             ] GC(1363) Pause Young (Allocation Failure) 677M->548M(875M) 10.466ms
[493.709s][info][gc,cpu         ] GC(1363) User=0.02s Sys=0.00s Real=0.01s
[494.002s][info][gc,start       ] GC(1364) Pause Young (Allocation Failure)
[494.027s][info][gc,heap        ] GC(1364) PSYoungGen: 151392K(228864K)->20480K(232448K) Eden: 146432K(146432K)->0K(146432K) From: 4960K(82432K)->20480K(86016K)
[494.027s][info][gc,heap        ] GC(1364) ParOldGen: 556768K(667648K)->556768K(667648K)
[494.027s][info][gc,metaspace   ] GC(1364) Metaspace: 18841K(19008K)->18841K(19008K) NonClass: 17012K(17152K)->17012K(17152K) Class: 1829K(1856K)->1829K(1856K)
[494.027s][info][gc             ] GC(1364) Pause Young (Allocation Failure) 691M->563M(879M) 24.416ms
[494.027s][info][gc,cpu         ] GC(1364) User=0.05s Sys=0.00s Real=0.03s
[494.346s][info][gc,start       ] GC(1365) Pause Young (Allocation Failure)
[494.385s][info][gc,heap        ] GC(1365) PSYoungGen: 166912K(232448K)->33568K(231936K) Eden: 146432K(146432K)->0K(156160K) From: 20480K(86016K)->33568K(75776K)
[494.385s][info][gc,heap        ] GC(1365) ParOldGen: 556768K(667648K)->556768K(667648K)
[494.385s][info][gc,metaspace   ] GC(1365) Metaspace: 18841K(19008K)->18841K(19008K) NonClass: 17012K(17152K)->17012K(17152K) Class: 1829K(1856K)->1829K(1856K)
[494.385s][info][gc             ] GC(1365) Pause Young (Allocation Failure) 706M->576M(878M) 38.729ms
[494.385s][info][gc,cpu         ] GC(1365) User=0.07s Sys=0.00s Real=0.04s
[494.842s][info][gc,start       ] GC(1366) Pause Young (Allocation Failure)
[494.878s][info][gc,heap        ] GC(1366) PSYoungGen: 189728K(231936K)->33584K(234496K) Eden: 156160K(156160K)->0K(156160K) From: 33568K(75776K)->33584K(78336K)
[494.878s][info][gc,heap        ] GC(1366) ParOldGen: 556768K(667648K)->556768K(667648K)
[494.878s][info][gc,metaspace   ] GC(1366) Metaspace: 18841K(19008K)->18841K(19008K) NonClass: 17012K(17152K)->17012K(17152K) Class: 1829K(1856K)->1829K(1856K)
[494.878s][info][gc             ] GC(1366) Pause Young (Allocation Failure) 729M->576M(881M) 36.422ms
[494.878s][info][gc,cpu         ] GC(1366) User=0.07s Sys=0.00s Real=0.04s
[495.298s][info][gc,start       ] GC(1367) Pause Young (Allocation Failure)
[495.335s][info][gc,heap        ] GC(1367) PSYoungGen: 189744K(234496K)->33568K(236032K) Eden: 156160K(156160K)->0K(164864K) From: 33584K(78336K)->33568K(71168K)
[495.335s][info][gc,heap        ] GC(1367) ParOldGen: 556768K(667648K)->556768K(667648K)
[495.335s][info][gc,metaspace   ] GC(1367) Metaspace: 18841K(19008K)->18841K(19008K) NonClass: 17012K(17152K)->17012K(17152K) Class: 1829K(1856K)->1829K(1856K)
[495.335s][info][gc             ] GC(1367) Pause Young (Allocation Failure) 729M->576M(882M) 36.581ms
[495.335s][info][gc,cpu         ] GC(1367) User=0.07s Sys=0.00s Real=0.04s
[495.751s][info][gc,start       ] GC(1368) Pause Young (Allocation Failure)
[495.788s][info][gc,heap        ] GC(1368) PSYoungGen: 198432K(236032K)->33952K(239104K) Eden: 164864K(164864K)->0K(164864K) From: 33568K(71168K)->33952K(74240K)
[495.788s][info][gc,heap        ] GC(1368) ParOldGen: 556768K(667648K)->556768K(667648K)
[495.788s][info][gc,metaspace   ] GC(1368) Metaspace: 18841K(19008K)->18841K(19008K) NonClass: 17012K(17152K)->17012K(17152K) Class: 1829K(1856K)->1829K(1856K)
[495.788s][info][gc             ] GC(1368) Pause Young (Allocation Failure) 737M->576M(885M) 36.853ms
[495.788s][info][gc,cpu         ] GC(1368) User=0.08s Sys=0.00s Real=0.04s
[496.208s][info][gc,start       ] GC(1369) Pause Young (Allocation Failure)
[496.255s][info][gc,heap        ] GC(1369) PSYoungGen: 198816K(239104K)->33616K(241152K) Eden: 164864K(164864K)->0K(173568K) From: 33952K(74240K)->33616K(67584K)
[496.255s][info][gc,heap        ] GC(1369) ParOldGen: 556768K(667648K)->556768K(667648K)
[496.255s][info][gc,metaspace   ] GC(1369) Metaspace: 18841K(19008K)->18841K(19008K) NonClass: 17012K(17152K)->17012K(17152K) Class: 1829K(1856K)->1829K(1856K)
[496.255s][info][gc             ] GC(1369) Pause Young (Allocation Failure) 737M->576M(887M) 46.670ms
[496.255s][info][gc,cpu         ] GC(1369) User=0.09s Sys=0.00s Real=0.05s
[496.563s][info][gc,start       ] GC(1370) Pause Young (Allocation Failure)
[496.623s][info][gc,heap        ] GC(1370) PSYoungGen: 207184K(241152K)->57488K(243712K) Eden: 173568K(173568K)->0K(173568K) From: 33616K(67584K)->57488K(70144K)
[496.623s][info][gc,heap        ] GC(1370) ParOldGen: 556768K(667648K)->556768K(667648K)
[496.623s][info][gc,metaspace   ] GC(1370) Metaspace: 18841K(19008K)->18841K(19008K) NonClass: 17012K(17152K)->17012K(17152K) Class: 1829K(1856K)->1829K(1856K)
[496.623s][info][gc             ] GC(1370) Pause Young (Allocation Failure) 746M->599M(890M) 60.170ms
[496.623s][info][gc,cpu         ] GC(1370) User=0.12s Sys=0.00s Real=0.06s
[496.818s][info][gc,start       ] GC(1371) Pause Young (Allocation Failure)
[496.922s][info][gc,heap        ] GC(1371) PSYoungGen: 231056K(243712K)->76768K(205824K) Eden: 173568K(173568K)->0K(129024K) From: 57488K(70144K)->76768K(76800K)
[496.922s][info][gc,heap        ] GC(1371) ParOldGen: 556768K(667648K)->591668K(667648K)
[496.922s][info][gc,metaspace   ] GC(1371) Metaspace: 18841K(19008K)->18841K(19008K) NonClass: 17012K(17152K)->17012K(17152K) Class: 1829K(1856K)->1829K(1856K)
[496.922s][info][gc             ] GC(1371) Pause Young (Allocation Failure) 769M->652M(853M) 104.023ms
[496.922s][info][gc,cpu         ] GC(1371) User=0.19s Sys=0.01s Real=0.10s
[497.087s][info][gc,start       ] GC(1372) Pause Young (Allocation Failure)
[497.165s][info][gc,heap        ] GC(1372) PSYoungGen: 205792K(205824K)->75232K(204288K) Eden: 129024K(129024K)->0K(129024K) From: 76768K(76800K)->75232K(75264K)
[497.165s][info][gc,heap        ] GC(1372) ParOldGen: 591668K(667648K)->596604K(667648K)
[497.165s][info][gc,metaspace   ] GC(1372) Metaspace: 18841K(19008K)->18841K(19008K) NonClass: 17012K(17152K)->17012K(17152K) Class: 1829K(1856K)->1829K(1856K)
[497.165s][info][gc             ] GC(1372) Pause Young (Allocation Failure) 778M->656M(851M) 77.852ms
[497.165s][info][gc,cpu         ] GC(1372) User=0.15s Sys=0.00s Real=0.08s
[497.339s][info][gc,start       ] GC(1373) Pause Young (Allocation Failure)
[497.462s][info][gc,heap        ] GC(1373) PSYoungGen: 204256K(204288K)->109536K(221184K) Eden: 129024K(129024K)->0K(111616K) From: 75232K(75264K)->109536K(109568K)
[497.462s][info][gc,heap        ] GC(1373) ParOldGen: 596604K(667648K)->596764K(667648K)
[497.462s][info][gc,metaspace   ] GC(1373) Metaspace: 18841K(19008K)->18841K(19008K) NonClass: 17012K(17152K)->17012K(17152K) Class: 1829K(1856K)->1829K(1856K)
[497.462s][info][gc             ] GC(1373) Pause Young (Allocation Failure) 782M->689M(868M) 123.011ms
[497.462s][info][gc,cpu         ] GC(1373) User=0.24s Sys=0.00s Real=0.12s
[497.593s][info][gc,start       ] GC(1374) Pause Young (Allocation Failure)
[497.752s][info][gc,heap        ] GC(1374) PSYoungGen: 221152K(221184K)->103488K(222720K) Eden: 111616K(111616K)->0K(111616K) From: 109536K(109568K)->103488K(111104K)
[497.752s][info][gc,heap        ] GC(1374) ParOldGen: 596764K(667648K)->625460K(667648K)
[497.752s][info][gc,metaspace   ] GC(1374) Metaspace: 18841K(19008K)->18841K(19008K) NonClass: 17012K(17152K)->17012K(17152K) Class: 1829K(1856K)->1829K(1856K)
[497.752s][info][gc             ] GC(1374) Pause Young (Allocation Failure) 798M->711M(869M) 158.835ms
[497.752s][info][gc,cpu         ] GC(1374) User=0.31s Sys=0.00s Real=0.16s
[497.877s][info][gc,start       ] GC(1375) Pause Full (Allocation Failure)
[497.877s][info][gc,phases,start] GC(1375) Marking Phase
[498.284s][info][gc,phases      ] GC(1375) Marking Phase 406.820ms
[498.284s][info][gc,phases,start] GC(1375) Summary Phase
[498.284s][info][gc,phases      ] GC(1375) Summary Phase 0.031ms
[498.284s][info][gc,phases,start] GC(1375) Forward
[498.418s][info][gc,phases      ] GC(1375) Forward 134.348ms
[498.418s][info][gc,phases,start] GC(1375) Adjust Pointers
[498.733s][info][gc,phases      ] GC(1375) Adjust Pointers 314.687ms
[498.733s][info][gc,phases,start] GC(1375) Compaction Phase
[498.918s][info][gc,phases      ] GC(1375) Compaction Phase 184.718ms
[498.927s][info][gc,phases,start] GC(1375) Post Compact
[498.929s][info][gc,phases      ] GC(1375) Post Compact 2.440ms
[498.929s][info][gc,heap        ] GC(1375) PSYoungGen: 215104K(222720K)->0K(222720K) Eden: 111616K(111616K)->0K(111616K) From: 103488K(111104K)->0K(111104K)
[498.929s][info][gc,heap        ] GC(1375) ParOldGen: 625460K(667648K)->544442K(667648K)
[498.929s][info][gc,metaspace   ] GC(1375) Metaspace: 18841K(19008K)->18841K(19008K) NonClass: 17012K(17152K)->17012K(17152K) Class: 1829K(1856K)->1829K(1856K)
[498.929s][info][gc             ] GC(1375) Pause Full (Allocation Failure) 820M->531M(869M) 1052.647ms
[498.929s][info][gc,cpu         ] GC(1375) User=1.99s Sys=0.00s Real=1.05s
[499.027s][info][gc,start       ] GC(1376) Pause Young (Allocation Failure)
[499.032s][info][gc,heap        ] GC(1376) PSYoungGen: 111616K(222720K)->704K(222720K) Eden: 111616K(111616K)->0K(111616K) From: 0K(111104K)->704K(111104K)
[499.032s][info][gc,heap        ] GC(1376) ParOldGen: 544442K(667648K)->544442K(667648K)
[499.032s][info][gc,metaspace   ] GC(1376) Metaspace: 18841K(19008K)->18841K(19008K) NonClass: 17012K(17152K)->17012K(17152K) Class: 1829K(1856K)->1829K(1856K)
[499.032s][info][gc             ] GC(1376) Pause Young (Allocation Failure) 640M->532M(869M) 5.246ms
[499.032s][info][gc,cpu         ] GC(1376) User=0.01s Sys=0.00s Real=0.00s
[499.134s][info][gc,start       ] GC(1377) Pause Young (Allocation Failure)
[499.142s][info][gc,heap        ] GC(1377) PSYoungGen: 112320K(222720K)->1184K(222720K) Eden: 111616K(111616K)->0K(111616K) From: 704K(111104K)->1184K(111104K)
[499.143s][info][gc,heap        ] GC(1377) ParOldGen: 544442K(667648K)->544442K(667648K)
[499.143s][info][gc,metaspace   ] GC(1377) Metaspace: 18841K(19008K)->18841K(19008K) NonClass: 17012K(17152K)->17012K(17152K) Class: 1829K(1856K)->1829K(1856K)
[499.143s][info][gc             ] GC(1377) Pause Young (Allocation Failure) 641M->532M(869M) 8.524ms
[499.143s][info][gc,cpu         ] GC(1377) User=0.01s Sys=0.00s Real=0.01s
[499.258s][info][gc,start       ] GC(1378) Pause Young (Allocation Failure)
[499.273s][info][gc,heap        ] GC(1378) PSYoungGen: 112800K(222720K)->9867K(222720K) Eden: 111616K(111616K)->0K(111616K) From: 1184K(111104K)->9867K(111104K)
[499.273s][info][gc,heap        ] GC(1378) ParOldGen: 544442K(667648K)->544442K(667648K)
[499.273s][info][gc,metaspace   ] GC(1378) Metaspace: 18842K(19008K)->18842K(19008K) NonClass: 17013K(17152K)->17013K(17152K) Class: 1829K(1856K)->1829K(1856K)
[499.274s][info][gc             ] GC(1378) Pause Young (Allocation Failure) 641M->541M(869M) 15.057ms
[499.274s][info][gc,cpu         ] GC(1378) User=0.03s Sys=0.00s Real=0.01s
[499.389s][info][gc,start       ] GC(1379) Pause Young (Allocation Failure)
[499.411s][info][gc,heap        ] GC(1379) PSYoungGen: 121483K(222720K)->19483K(222720K) Eden: 111616K(111616K)->0K(111616K) From: 9867K(111104K)->19483K(111104K)
[499.411s][info][gc,heap        ] GC(1379) ParOldGen: 544442K(667648K)->544442K(667648K)
[499.411s][info][gc,metaspace   ] GC(1379) Metaspace: 18843K(19008K)->18843K(19008K) NonClass: 17014K(17152K)->17014K(17152K) Class: 1829K(1856K)->1829K(1856K)
[499.411s][info][gc             ] GC(1379) Pause Young (Allocation Failure) 650M->550M(869M) 22.050ms
[499.411s][info][gc,cpu         ] GC(1379) User=0.04s Sys=0.00s Real=0.02s
[499.522s][info][gc,start       ] GC(1380) Pause Young (Allocation Failure)
[499.561s][info][gc,heap        ] GC(1380) PSYoungGen: 131099K(222720K)->36507K(222720K) Eden: 111616K(111616K)->0K(111616K) From: 19483K(111104K)->36507K(111104K)
[499.561s][info][gc,heap        ] GC(1380) ParOldGen: 544442K(667648K)->545138K(667648K)
[499.561s][info][gc,metaspace   ] GC(1380) Metaspace: 18845K(19008K)->18845K(19008K) NonClass: 17015K(17152K)->17015K(17152K) Class: 1829K(1856K)->1829K(1856K)
[499.561s][info][gc             ] GC(1380) Pause Young (Allocation Failure) 659M->568M(869M) 38.864ms
[499.561s][info][gc,cpu         ] GC(1380) User=0.08s Sys=0.00s Real=0.04s
[499.660s][info][gc,start       ] GC(1381) Pause Young (Allocation Failure)
[499.706s][info][gc,heap        ] GC(1381) PSYoungGen: 148123K(222720K)->32880K(222720K) Eden: 111616K(111616K)->0K(111616K) From: 36507K(111104K)->32880K(111104K)
[499.706s][info][gc,heap        ] GC(1381) ParOldGen: 545138K(667648K)->554342K(667648K)
[499.706s][info][gc,metaspace   ] GC(1381) Metaspace: 18845K(19008K)->18845K(19008K) NonClass: 17015K(17152K)->17015K(17152K) Class: 1829K(1856K)->1829K(1856K)
[499.706s][info][gc             ] GC(1381) Pause Young (Allocation Failure) 677M->573M(869M) 46.087ms
[499.706s][info][gc,cpu         ] GC(1381) User=0.10s Sys=0.00s Real=0.05s
[499.854s][info][gc,start       ] GC(1382) Pause Young (Allocation Failure)
[499.908s][info][gc,heap        ] GC(1382) PSYoungGen: 144496K(222720K)->43968K(155648K) Eden: 111616K(111616K)->0K(111616K) From: 32880K(111104K)->43968K(44032K)
[499.908s][info][gc,heap        ] GC(1382) ParOldGen: 554342K(667648K)->565022K(667648K)
[499.908s][info][gc,metaspace   ] GC(1382) Metaspace: 18845K(19008K)->18845K(19008K) NonClass: 17015K(17152K)->17015K(17152K) Class: 1829K(1856K)->1829K(1856K)
[499.908s][info][gc             ] GC(1382) Pause Young (Allocation Failure) 682M->594M(804M) 54.836ms
[499.908s][info][gc,cpu         ] GC(1382) User=0.11s Sys=0.00s Real=0.06s
[500.055s][info][gc,start       ] GC(1383) Pause Young (Allocation Failure)
[500.109s][info][gc,heap        ] GC(1383) PSYoungGen: 155584K(155648K)->53296K(222720K) Eden: 111616K(111616K)->0K(113664K) From: 43968K(44032K)->53296K(109056K)
[500.109s][info][gc,heap        ] GC(1383) ParOldGen: 565022K(667648K)->565022K(667648K)
[500.109s][info][gc,metaspace   ] GC(1383) Metaspace: 18845K(19008K)->18845K(19008K) NonClass: 17015K(17152K)->17015K(17152K) Class: 1829K(1856K)->1829K(1856K)
[500.109s][info][gc             ] GC(1383) Pause Young (Allocation Failure) 703M->603M(869M) 54.021ms
[500.109s][info][gc,cpu         ] GC(1383) User=0.11s Sys=0.00s Real=0.05s
[500.267s][info][gc,start       ] GC(1384) Pause Young (Allocation Failure)
[500.325s][info][gc,heap        ] GC(1384) PSYoungGen: 166960K(222720K)->41344K(155136K) Eden: 113664K(113664K)->0K(113664K) From: 53296K(109056K)->41344K(41472K)
[500.326s][info][gc,heap        ] GC(1384) ParOldGen: 565022K(667648K)->581455K(667648K)
[500.326s][info][gc,metaspace   ] GC(1384) Metaspace: 18845K(19008K)->18845K(19008K) NonClass: 17015K(17152K)->17015K(17152K) Class: 1829K(1856K)->1829K(1856K)
[500.326s][info][gc             ] GC(1384) Pause Young (Allocation Failure) 714M->608M(803M) 58.825ms
[500.326s][info][gc,cpu         ] GC(1384) User=0.11s Sys=0.00s Real=0.06s
[500.645s][info][gc,start       ] GC(1385) Pause Young (Allocation Failure)
[500.689s][info][gc,heap        ] GC(1385) PSYoungGen: 155008K(155136K)->20192K(221184K) Eden: 113664K(113664K)->0K(120320K) From: 41344K(41472K)->20192K(100864K)
[500.689s][info][gc,heap        ] GC(1385) ParOldGen: 581455K(667648K)->602927K(667648K)
[500.689s][info][gc,metaspace   ] GC(1385) Metaspace: 18845K(19008K)->18845K(19008K) NonClass: 17015K(17152K)->17015K(17152K) Class: 1829K(1856K)->1829K(1856K)
[500.689s][info][gc             ] GC(1385) Pause Young (Allocation Failure) 719M->608M(868M) 43.399ms
[500.689s][info][gc,cpu         ] GC(1385) User=0.08s Sys=0.00s Real=0.04s
[500.956s][info][gc,start       ] GC(1386) Pause Young (Allocation Failure)
[500.987s][info][gc,heap        ] GC(1386) PSYoungGen: 140512K(221184K)->25472K(218624K) Eden: 120320K(120320K)->0K(120320K) From: 20192K(100864K)->25472K(98304K)
[500.987s][info][gc,heap        ] GC(1386) ParOldGen: 602927K(667648K)->602927K(667648K)
[500.987s][info][gc,metaspace   ] GC(1386) Metaspace: 18845K(19008K)->18845K(19008K) NonClass: 17015K(17152K)->17015K(17152K) Class: 1829K(1856K)->1829K(1856K)
[500.987s][info][gc             ] GC(1386) Pause Young (Allocation Failure) 726M->613M(865M) 30.738ms
[500.987s][info][gc,cpu         ] GC(1386) User=0.06s Sys=0.00s Real=0.03s
[501.124s][info][gc,start       ] GC(1387) Pause Young (Allocation Failure)
[501.167s][info][gc,heap        ] GC(1387) PSYoungGen: 145792K(218624K)->36976K(214016K) Eden: 120320K(120320K)->0K(131072K) From: 25472K(98304K)->36976K(82944K)
[501.167s][info][gc,heap        ] GC(1387) ParOldGen: 602927K(667648K)->602927K(667648K)
[501.167s][info][gc,metaspace   ] GC(1387) Metaspace: 18845K(19008K)->18845K(19008K) NonClass: 17015K(17152K)->17015K(17152K) Class: 1829K(1856K)->1829K(1856K)
[501.167s][info][gc             ] GC(1387) Pause Young (Allocation Failure) 731M->624M(861M) 42.934ms
[501.167s][info][gc,cpu         ] GC(1387) User=0.09s Sys=0.00s Real=0.05s
[501.314s][info][gc,start       ] GC(1388) Pause Young (Allocation Failure)
[501.376s][info][gc,heap        ] GC(1388) PSYoungGen: 168048K(214016K)->65104K(219648K) Eden: 131072K(131072K)->0K(131072K) From: 36976K(82944K)->65104K(88576K)
[501.376s][info][gc,heap        ] GC(1388) ParOldGen: 602927K(667648K)->602927K(667648K)
[501.376s][info][gc,metaspace   ] GC(1388) Metaspace: 18845K(19008K)->18845K(19008K) NonClass: 17015K(17152K)->17015K(17152K) Class: 1829K(1856K)->1829K(1856K)
[501.376s][info][gc             ] GC(1388) Pause Young (Allocation Failure) 752M->652M(866M) 61.952ms
[501.376s][info][gc,cpu         ] GC(1388) User=0.12s Sys=0.00s Real=0.07s
[501.457s][info][gc,start       ] GC(1389) Pause Young (Allocation Failure)
[501.562s][info][gc,heap        ] GC(1389) PSYoungGen: 196176K(219648K)->94192K(205824K) Eden: 131072K(131072K)->0K(111616K) From: 65104K(88576K)->94192K(94208K)
[501.562s][info][gc,heap        ] GC(1389) ParOldGen: 602927K(667648K)->622247K(667648K)
[501.562s][info][gc,metaspace   ] GC(1389) Metaspace: 18845K(19008K)->18845K(19008K) NonClass: 17015K(17152K)->17015K(17152K) Class: 1829K(1856K)->1829K(1856K)
[501.562s][info][gc             ] GC(1389) Pause Young (Allocation Failure) 780M->699M(853M) 105.680ms
[501.562s][info][gc,cpu         ] GC(1389) User=0.19s Sys=0.02s Real=0.10s
[501.783s][info][gc,start       ] GC(1390) Pause Young (Allocation Failure)
[501.872s][info][gc,heap        ] GC(1390) PSYoungGen: 205808K(205824K)->77408K(222720K) Eden: 111616K(111616K)->0K(111616K) From: 94192K(94208K)->77408K(111104K)
[501.872s][info][gc,heap        ] GC(1390) ParOldGen: 622247K(667648K)->642351K(667648K)
[501.872s][info][gc,metaspace   ] GC(1390) Metaspace: 18845K(19008K)->18845K(19008K) NonClass: 17015K(17152K)->17015K(17152K) Class: 1829K(1856K)->1829K(1856K)
[501.872s][info][gc             ] GC(1390) Pause Young (Allocation Failure) 808M->702M(869M) 89.931ms
[501.872s][info][gc,cpu         ] GC(1390) User=0.18s Sys=0.01s Real=0.09s
[502.055s][info][gc,start       ] GC(1391) Pause Full (Allocation Failure)
[502.055s][info][gc,phases,start] GC(1391) Marking Phase
[502.426s][info][gc,phases      ] GC(1391) Marking Phase 370.489ms
[502.426s][info][gc,phases,start] GC(1391) Summary Phase
[502.426s][info][gc,phases      ] GC(1391) Summary Phase 0.032ms
[502.426s][info][gc,phases,start] GC(1391) Forward
[502.510s][info][gc,phases      ] GC(1391) Forward 84.505ms
[502.510s][info][gc,phases,start] GC(1391) Adjust Pointers
[502.781s][info][gc,phases      ] GC(1391) Adjust Pointers 270.160ms
[502.781s][info][gc,phases,start] GC(1391) Compaction Phase
[502.922s][info][gc,phases      ] GC(1391) Compaction Phase 141.399ms
[502.930s][info][gc,phases,start] GC(1391) Post Compact
[502.932s][info][gc,phases      ] GC(1391) Post Compact 2.443ms
[502.932s][info][gc,heap        ] GC(1391) PSYoungGen: 189024K(222720K)->0K(222720K) Eden: 111616K(111616K)->0K(111616K) From: 77408K(111104K)->0K(111104K)
[502.932s][info][gc,heap        ] GC(1391) ParOldGen: 642351K(667648K)->503487K(667648K)
[502.932s][info][gc,metaspace   ] GC(1391) Metaspace: 18845K(19008K)->18845K(19008K) NonClass: 17015K(17152K)->17015K(17152K) Class: 1829K(1856K)->1829K(1856K)
[502.932s][info][gc             ] GC(1391) Pause Full (Allocation Failure) 811M->491M(869M) 877.270ms
[502.932s][info][gc,cpu         ] GC(1391) User=1.66s Sys=0.00s Real=0.87s
[503.058s][info][gc,start       ] GC(1392) Pause Young (Allocation Failure)
[503.084s][info][gc,heap        ] GC(1392) PSYoungGen: 111616K(222720K)->22336K(222720K) Eden: 111616K(111616K)->0K(111616K) From: 0K(111104K)->22336K(111104K)
[503.084s][info][gc,heap        ] GC(1392) ParOldGen: 503487K(667648K)->503487K(667648K)
[503.084s][info][gc,metaspace   ] GC(1392) Metaspace: 18845K(19008K)->18845K(19008K) NonClass: 17015K(17152K)->17015K(17152K) Class: 1829K(1856K)->1829K(1856K)
[503.084s][info][gc             ] GC(1392) Pause Young (Allocation Failure) 600M->513M(869M) 26.677ms
[503.085s][info][gc,cpu         ] GC(1392) User=0.05s Sys=0.00s Real=0.02s
[503.225s][info][gc,start       ] GC(1393) Pause Young (Allocation Failure)
[503.265s][info][gc,heap        ] GC(1393) PSYoungGen: 133952K(222720K)->38016K(222720K) Eden: 111616K(111616K)->0K(111616K) From: 22336K(111104K)->38016K(111104K)
[503.265s][info][gc,heap        ] GC(1393) ParOldGen: 503487K(667648K)->503487K(667648K)
[503.265s][info][gc,metaspace   ] GC(1393) Metaspace: 18845K(19008K)->18845K(19008K) NonClass: 17015K(17152K)->17015K(17152K) Class: 1829K(1856K)->1829K(1856K)
[503.265s][info][gc             ] GC(1393) Pause Young (Allocation Failure) 622M->528M(869M) 40.937ms
[503.265s][info][gc,cpu         ] GC(1393) User=0.08s Sys=0.00s Real=0.05s
[503.344s][info][gc,start       ] GC(1394) Pause Young (Allocation Failure)
[503.389s][info][gc,heap        ] GC(1394) PSYoungGen: 149632K(222720K)->41760K(153600K) Eden: 111616K(111616K)->0K(111616K) From: 38016K(111104K)->41760K(41984K)
[503.389s][info][gc,heap        ] GC(1394) ParOldGen: 503487K(667648K)->503487K(667648K)
[503.389s][info][gc,metaspace   ] GC(1394) Metaspace: 18845K(19008K)->18845K(19008K) NonClass: 17015K(17152K)->17015K(17152K) Class: 1829K(1856K)->1829K(1856K)
[503.389s][info][gc             ] GC(1394) Pause Young (Allocation Failure) 637M->532M(802M) 45.005ms
[503.389s][info][gc,cpu         ] GC(1394) User=0.09s Sys=0.00s Real=0.05s
[503.524s][info][gc,start       ] GC(1395) Pause Young (Allocation Failure)
[503.570s][info][gc,heap        ] GC(1395) PSYoungGen: 153376K(153600K)->20064K(220672K) Eden: 111616K(111616K)->0K(113664K) From: 41760K(41984K)->20064K(107008K)
[503.570s][info][gc,heap        ] GC(1395) ParOldGen: 503487K(667648K)->525855K(667648K)
[503.570s][info][gc,metaspace   ] GC(1395) Metaspace: 18845K(19008K)->18845K(19008K) NonClass: 17015K(17152K)->17015K(17152K) Class: 1829K(1856K)->1829K(1856K)
[503.570s][info][gc             ] GC(1395) Pause Young (Allocation Failure) 641M->533M(867M) 46.257ms
[503.570s][info][gc,cpu         ] GC(1395) User=0.09s Sys=0.00s Real=0.05s
[503.695s][info][gc,start       ] GC(1396) Pause Young (Allocation Failure)
[503.727s][info][gc,heap        ] GC(1396) PSYoungGen: 133728K(220672K)->8800K(218624K) Eden: 113664K(113664K)->0K(113664K) From: 20064K(107008K)->8800K(104960K)
[503.727s][info][gc,heap        ] GC(1396) ParOldGen: 525855K(667648K)->541591K(667648K)
[503.727s][info][gc,metaspace   ] GC(1396) Metaspace: 18845K(19008K)->18845K(19008K) NonClass: 17015K(17152K)->17015K(17152K) Class: 1829K(1856K)->1829K(1856K)
[503.727s][info][gc             ] GC(1396) Pause Young (Allocation Failure) 644M->537M(865M) 31.575ms
[503.727s][info][gc,cpu         ] GC(1396) User=0.07s Sys=0.00s Real=0.03s
[503.878s][info][gc,start       ] GC(1397) Pause Young (Allocation Failure)
[503.897s][info][gc,heap        ] GC(1397) PSYoungGen: 122464K(218624K)->11552K(227328K) Eden: 113664K(113664K)->0K(123392K) From: 8800K(104960K)->11552K(103936K)
[503.897s][info][gc,heap        ] GC(1397) ParOldGen: 541591K(667648K)->545359K(667648K)
[503.897s][info][gc,metaspace   ] GC(1397) Metaspace: 18845K(19008K)->18845K(19008K) NonClass: 17015K(17152K)->17015K(17152K) Class: 1829K(1856K)->1829K(1856K)
[503.897s][info][gc             ] GC(1397) Pause Young (Allocation Failure) 648M->543M(874M) 18.833ms
[503.897s][info][gc,cpu         ] GC(1397) User=0.03s Sys=0.00s Real=0.02s
[504.088s][info][gc,start       ] GC(1398) Pause Young (Allocation Failure)
[504.118s][info][gc,heap        ] GC(1398) PSYoungGen: 134944K(227328K)->25520K(148992K) Eden: 123392K(123392K)->0K(123392K) From: 11552K(103936K)->25520K(25600K)
[504.118s][info][gc,heap        ] GC(1398) ParOldGen: 545359K(667648K)->545359K(667648K)
[504.118s][info][gc,metaspace   ] GC(1398) Metaspace: 18845K(19008K)->18845K(19008K) NonClass: 17015K(17152K)->17015K(17152K) Class: 1829K(1856K)->1829K(1856K)
[504.118s][info][gc             ] GC(1398) Pause Young (Allocation Failure) 664M->557M(797M) 29.371ms
[504.118s][info][gc,cpu         ] GC(1398) User=0.06s Sys=0.00s Real=0.03s
[504.440s][info][gc,start       ] GC(1399) Pause Young (Allocation Failure)
[504.490s][info][gc,heap        ] GC(1399) PSYoungGen: 148912K(148992K)->33840K(226816K) Eden: 123392K(123392K)->0K(132608K) From: 25520K(25600K)->33840K(94208K)
[504.490s][info][gc,heap        ] GC(1399) ParOldGen: 545359K(667648K)->545359K(667648K)
[504.490s][info][gc,metaspace   ] GC(1399) Metaspace: 18845K(19008K)->18845K(19008K) NonClass: 17015K(17152K)->17015K(17152K) Class: 1829K(1856K)->1829K(1856K)
[504.490s][info][gc             ] GC(1399) Pause Young (Allocation Failure) 677M->565M(873M) 49.829ms
[504.490s][info][gc,cpu         ] GC(1399) User=0.10s Sys=0.00s Real=0.05s
[504.751s][info][gc,start       ] GC(1400) Pause Young (Allocation Failure)
[504.800s][info][gc,heap        ] GC(1400) PSYoungGen: 166448K(226816K)->49744K(225280K) Eden: 132608K(132608K)->0K(132608K) From: 33840K(94208K)->49744K(92672K)
[504.800s][info][gc,heap        ] GC(1400) ParOldGen: 545359K(667648K)->545359K(667648K)
[504.800s][info][gc,metaspace   ] GC(1400) Metaspace: 18845K(19008K)->18845K(19008K) NonClass: 17015K(17152K)->17015K(17152K) Class: 1829K(1856K)->1829K(1856K)
[504.800s][info][gc             ] GC(1400) Pause Young (Allocation Failure) 695M->581M(872M) 48.603ms
[504.800s][info][gc,cpu         ] GC(1400) User=0.09s Sys=0.00s Real=0.05s
[504.938s][info][gc,start       ] GC(1401) Pause Young (Allocation Failure)
[505.008s][info][gc,heap        ] GC(1401) PSYoungGen: 182352K(225280K)->77264K(223232K) Eden: 132608K(132608K)->0K(131072K) From: 49744K(92672K)->77264K(92160K)
[505.008s][info][gc,heap        ] GC(1401) ParOldGen: 545359K(667648K)->545359K(667648K)
[505.008s][info][gc,metaspace   ] GC(1401) Metaspace: 18845K(19008K)->18845K(19008K) NonClass: 17015K(17152K)->17015K(17152K) Class: 1829K(1856K)->1829K(1856K)
[505.008s][info][gc             ] GC(1401) Pause Young (Allocation Failure) 710M->608M(870M) 69.922ms
[505.008s][info][gc,cpu         ] GC(1401) User=0.13s Sys=0.00s Real=0.07s
[505.218s][info][gc,start       ] GC(1402) Pause Young (Allocation Failure)
[505.303s][info][gc,heap        ] GC(1402) PSYoungGen: 208336K(223232K)->88688K(220160K) Eden: 131072K(131072K)->0K(131072K) From: 77264K(92160K)->88688K(89088K)
[505.303s][info][gc,heap        ] GC(1402) ParOldGen: 545359K(667648K)->545359K(667648K)
[505.303s][info][gc,metaspace   ] GC(1402) Metaspace: 18845K(19008K)->18845K(19008K) NonClass: 17015K(17152K)->17015K(17152K) Class: 1829K(1856K)->1829K(1856K)
[505.303s][info][gc             ] GC(1402) Pause Young (Allocation Failure) 736M->619M(867M) 85.134ms
[505.303s][info][gc,cpu         ] GC(1402) User=0.17s Sys=0.00s Real=0.08s
[505.523s][info][gc,start       ] GC(1403) Pause Young (Allocation Failure)
[505.608s][info][gc,heap        ] GC(1403) PSYoungGen: 219760K(220160K)->85312K(222720K) Eden: 131072K(131072K)->0K(111616K) From: 88688K(89088K)->85312K(111104K)
[505.608s][info][gc,heap        ] GC(1403) ParOldGen: 545359K(667648K)->550391K(667648K)
[505.608s][info][gc,metaspace   ] GC(1403) Metaspace: 18845K(19008K)->18845K(19008K) NonClass: 17015K(17152K)->17015K(17152K) Class: 1829K(1856K)->1829K(1856K)
[505.608s][info][gc             ] GC(1403) Pause Young (Allocation Failure) 747M->620M(869M) 85.251ms
[505.608s][info][gc,cpu         ] GC(1403) User=0.17s Sys=0.00s Real=0.09s
[505.745s][info][gc,start       ] GC(1404) Pause Young (Allocation Failure)
[505.843s][info][gc,heap        ] GC(1404) PSYoungGen: 196928K(222720K)->83152K(222720K) Eden: 111616K(111616K)->0K(111616K) From: 85312K(111104K)->83152K(111104K)
[505.844s][info][gc,heap        ] GC(1404) ParOldGen: 550391K(667648K)->570919K(667648K)
[505.844s][info][gc,metaspace   ] GC(1404) Metaspace: 18845K(19008K)->18845K(19008K) NonClass: 17015K(17152K)->17015K(17152K) Class: 1829K(1856K)->1829K(1856K)
[505.844s][info][gc             ] GC(1404) Pause Young (Allocation Failure) 729M->638M(869M) 98.426ms
[505.844s][info][gc,cpu         ] GC(1404) User=0.19s Sys=0.00s Real=0.09s
[505.944s][info][gc,start       ] GC(1405) Pause Young (Allocation Failure)
[506.027s][info][gc,heap        ] GC(1405) PSYoungGen: 194768K(222720K)->62528K(222720K) Eden: 111616K(111616K)->0K(111616K) From: 83152K(111104K)->62528K(111104K)
[506.027s][info][gc,heap        ] GC(1405) ParOldGen: 570919K(667648K)->595144K(667648K)
[506.027s][info][gc,metaspace   ] GC(1405) Metaspace: 18845K(19008K)->18845K(19008K) NonClass: 17015K(17152K)->17015K(17152K) Class: 1829K(1856K)->1829K(1856K)
[506.027s][info][gc             ] GC(1405) Pause Young (Allocation Failure) 747M->642M(869M) 82.841ms
[506.027s][info][gc,cpu         ] GC(1405) User=0.17s Sys=0.01s Real=0.09s
[506.150s][info][gc,start       ] GC(1406) Pause Young (Allocation Failure)
[506.217s][info][gc,heap        ] GC(1406) PSYoungGen: 174144K(222720K)->25440K(222720K) Eden: 111616K(111616K)->0K(111616K) From: 62528K(111104K)->25440K(111104K)
[506.217s][info][gc,heap        ] GC(1406) ParOldGen: 595144K(667648K)->634696K(667648K)
[506.217s][info][gc,metaspace   ] GC(1406) Metaspace: 18845K(19008K)->18845K(19008K) NonClass: 17015K(17152K)->17015K(17152K) Class: 1829K(1856K)->1829K(1856K)
[506.217s][info][gc             ] GC(1406) Pause Young (Allocation Failure) 751M->644M(869M) 67.150ms
[506.217s][info][gc,cpu         ] GC(1406) User=0.13s Sys=0.00s Real=0.07s
[506.359s][info][gc,start       ] GC(1407) Pause Full (Allocation Failure)
[506.359s][info][gc,phases,start] GC(1407) Marking Phase
[506.737s][info][gc,phases      ] GC(1407) Marking Phase 377.403ms
[506.737s][info][gc,phases,start] GC(1407) Summary Phase
[506.737s][info][gc,phases      ] GC(1407) Summary Phase 0.031ms
[506.737s][info][gc,phases,start] GC(1407) Forward
[506.862s][info][gc,phases      ] GC(1407) Forward 125.468ms
[506.862s][info][gc,phases,start] GC(1407) Adjust Pointers
[507.144s][info][gc,phases      ] GC(1407) Adjust Pointers 281.918ms
[507.144s][info][gc,phases,start] GC(1407) Compaction Phase
[507.312s][info][gc,phases      ] GC(1407) Compaction Phase 167.702ms
[507.321s][info][gc,phases,start] GC(1407) Post Compact
[507.324s][info][gc,phases      ] GC(1407) Post Compact 2.305ms
[507.324s][info][gc,heap        ] GC(1407) PSYoungGen: 137056K(222720K)->0K(222720K) Eden: 111616K(111616K)->0K(111616K) From: 25440K(111104K)->0K(111104K)
[507.324s][info][gc,heap        ] GC(1407) ParOldGen: 634696K(667648K)->500239K(667648K)
[507.324s][info][gc,metaspace   ] GC(1407) Metaspace: 18845K(19008K)->18845K(19008K) NonClass: 17015K(17152K)->17015K(17152K) Class: 1829K(1856K)->1829K(1856K)
[507.324s][info][gc             ] GC(1407) Pause Full (Allocation Failure) 753M->488M(869M) 964.469ms
[507.324s][info][gc,cpu         ] GC(1407) User=1.81s Sys=0.00s Real=0.96s
[507.658s][info][gc,start       ] GC(1408) Pause Young (Allocation Failure)
[507.661s][info][gc,heap        ] GC(1408) PSYoungGen: 111616K(222720K)->64K(222720K) Eden: 111616K(111616K)->0K(111616K) From: 0K(111104K)->64K(111104K)
[507.661s][info][gc,heap        ] GC(1408) ParOldGen: 500239K(667648K)->500239K(667648K)
[507.661s][info][gc,metaspace   ] GC(1408) Metaspace: 18845K(19008K)->18845K(19008K) NonClass: 17015K(17152K)->17015K(17152K) Class: 1829K(1856K)->1829K(1856K)
[507.661s][info][gc             ] GC(1408) Pause Young (Allocation Failure) 597M->488M(869M) 3.117ms
[507.661s][info][gc,cpu         ] GC(1408) User=0.01s Sys=0.00s Real=0.00s
[507.959s][info][gc,start       ] GC(1409) Pause Young (Allocation Failure)
[507.961s][info][gc,heap        ] GC(1409) PSYoungGen: 111680K(222720K)->96K(222720K) Eden: 111616K(111616K)->0K(111616K) From: 64K(111104K)->96K(111104K)
[507.961s][info][gc,heap        ] GC(1409) ParOldGen: 500239K(667648K)->500239K(667648K)
[507.961s][info][gc,metaspace   ] GC(1409) Metaspace: 18845K(19008K)->18845K(19008K) NonClass: 17015K(17152K)->17015K(17152K) Class: 1829K(1856K)->1829K(1856K)
[507.961s][info][gc             ] GC(1409) Pause Young (Allocation Failure) 597M->488M(869M) 2.295ms
[507.961s][info][gc,cpu         ] GC(1409) User=0.00s Sys=0.00s Real=0.00s
[508.241s][info][gc,start       ] GC(1410) Pause Young (Allocation Failure)
[508.243s][info][gc,heap        ] GC(1410) PSYoungGen: 111712K(222720K)->128K(222720K) Eden: 111616K(111616K)->0K(111616K) From: 96K(111104K)->128K(111104K)
[508.243s][info][gc,heap        ] GC(1410) ParOldGen: 500239K(667648K)->500317K(667648K)
[508.243s][info][gc,metaspace   ] GC(1410) Metaspace: 18845K(19008K)->18845K(19008K) NonClass: 17015K(17152K)->17015K(17152K) Class: 1829K(1856K)->1829K(1856K)
[508.243s][info][gc             ] GC(1410) Pause Young (Allocation Failure) 597M->488M(869M) 2.106ms
[508.243s][info][gc,cpu         ] GC(1410) User=0.00s Sys=0.00s Real=0.00s
[508.493s][info][gc,start       ] GC(1411) Pause Young (Allocation Failure)
[508.502s][info][gc,heap        ] GC(1411) PSYoungGen: 111744K(222720K)->64K(222720K) Eden: 111616K(111616K)->0K(111616K) From: 128K(111104K)->64K(111104K)
[508.502s][info][gc,heap        ] GC(1411) ParOldGen: 500317K(667648K)->500333K(667648K)
[508.502s][info][gc,metaspace   ] GC(1411) Metaspace: 18845K(19008K)->18845K(19008K) NonClass: 17015K(17152K)->17015K(17152K) Class: 1829K(1856K)->1829K(1856K)
[508.503s][info][gc             ] GC(1411) Pause Young (Allocation Failure) 597M->488M(869M) 9.412ms
[508.503s][info][gc,cpu         ] GC(1411) User=0.02s Sys=0.00s Real=0.01s
[508.745s][info][gc,start       ] GC(1412) Pause Young (Allocation Failure)
[508.757s][info][gc,heap        ] GC(1412) PSYoungGen: 111680K(222720K)->1920K(222720K) Eden: 111616K(111616K)->0K(111616K) From: 64K(111104K)->1920K(111104K)
[508.757s][info][gc,heap        ] GC(1412) ParOldGen: 500333K(667648K)->500357K(667648K)
[508.757s][info][gc,metaspace   ] GC(1412) Metaspace: 18845K(19008K)->18845K(19008K) NonClass: 17015K(17152K)->17015K(17152K) Class: 1829K(1856K)->1829K(1856K)
[508.757s][info][gc             ] GC(1412) Pause Young (Allocation Failure) 597M->490M(869M) 12.362ms
[508.757s][info][gc,cpu         ] GC(1412) User=0.02s Sys=0.00s Real=0.01s
[508.811s][info][gc,start       ] GC(1413) Pause Young (Allocation Failure)
[508.840s][info][gc,heap        ] GC(1413) PSYoungGen: 113536K(222720K)->34976K(219648K) Eden: 111616K(111616K)->0K(111616K) From: 1920K(111104K)->34976K(108032K)
[508.840s][info][gc,heap        ] GC(1413) ParOldGen: 500357K(667648K)->502248K(667648K)
[508.840s][info][gc,metaspace   ] GC(1413) Metaspace: 18845K(19008K)->18845K(19008K) NonClass: 17015K(17152K)->17015K(17152K) Class: 1829K(1856K)->1829K(1856K)
[508.840s][info][gc             ] GC(1413) Pause Young (Allocation Failure) 599M->524M(866M) 28.478ms
[508.840s][info][gc,cpu         ] GC(1413) User=0.05s Sys=0.00s Real=0.03s
[508.947s][info][gc,start       ] GC(1414) Pause Young (Allocation Failure)
[508.999s][info][gc,heap        ] GC(1414) PSYoungGen: 146592K(219648K)->78057K(221184K) Eden: 111616K(111616K)->0K(111616K) From: 34976K(108032K)->78057K(109568K)
[508.999s][info][gc,heap        ] GC(1414) ParOldGen: 502248K(667648K)->502248K(667648K)
[508.999s][info][gc,metaspace   ] GC(1414) Metaspace: 18845K(19008K)->18845K(19008K) NonClass: 17015K(17152K)->17015K(17152K) Class: 1829K(1856K)->1829K(1856K)
[508.999s][info][gc             ] GC(1414) Pause Young (Allocation Failure) 633M->566M(868M) 51.907ms
[508.999s][info][gc,cpu         ] GC(1414) User=0.11s Sys=0.00s Real=0.05s
[509.063s][info][gc,start       ] GC(1415) Pause Young (Allocation Failure)
[509.143s][info][gc,heap        ] GC(1415) PSYoungGen: 189673K(221184K)->41856K(222720K) Eden: 111616K(111616K)->0K(111616K) From: 78057K(109568K)->41856K(111104K)
[509.143s][info][gc,heap        ] GC(1415) ParOldGen: 502248K(667648K)->581281K(667648K)
[509.143s][info][gc,metaspace   ] GC(1415) Metaspace: 18845K(19008K)->18845K(19008K) NonClass: 17015K(17152K)->17015K(17152K) Class: 1829K(1856K)->1829K(1856K)
[509.143s][info][gc             ] GC(1415) Pause Young (Allocation Failure) 675M->608M(869M) 80.017ms
[509.143s][info][gc,cpu         ] GC(1415) User=0.16s Sys=0.00s Real=0.08s
[509.198s][info][gc,start       ] GC(1416) Pause Young (Allocation Failure)
[509.245s][info][gc,heap        ] GC(1416) PSYoungGen: 153472K(222720K)->25280K(137216K) Eden: 111616K(111616K)->0K(111616K) From: 41856K(111104K)->25280K(25600K)
[509.245s][info][gc,heap        ] GC(1416) ParOldGen: 581281K(667648K)->623673K(667648K)
[509.245s][info][gc,metaspace   ] GC(1416) Metaspace: 18845K(19008K)->18845K(19008K) NonClass: 17015K(17152K)->17015K(17152K) Class: 1829K(1856K)->1829K(1856K)
[509.245s][info][gc             ] GC(1416) Pause Young (Allocation Failure) 717M->633M(786M) 47.360ms
[509.245s][info][gc,cpu         ] GC(1416) User=0.09s Sys=0.00s Real=0.05s
[509.392s][info][gc,start       ] GC(1417) Pause Full (Allocation Failure)
[509.392s][info][gc,phases,start] GC(1417) Marking Phase
[509.724s][info][gc,phases      ] GC(1417) Marking Phase 332.110ms
[509.724s][info][gc,phases,start] GC(1417) Summary Phase
[509.724s][info][gc,phases      ] GC(1417) Summary Phase 0.029ms
[509.724s][info][gc,phases,start] GC(1417) Forward
[509.837s][info][gc,phases      ] GC(1417) Forward 113.173ms
[509.837s][info][gc,phases,start] GC(1417) Adjust Pointers
[510.083s][info][gc,phases      ] GC(1417) Adjust Pointers 245.472ms
[510.083s][info][gc,phases,start] GC(1417) Compaction Phase
[510.242s][info][gc,phases      ] GC(1417) Compaction Phase 158.855ms
[510.248s][info][gc,phases,start] GC(1417) Post Compact
[510.250s][info][gc,phases      ] GC(1417) Post Compact 2.245ms
[510.250s][info][gc,heap        ] GC(1417) PSYoungGen: 136896K(137216K)->0K(218624K) Eden: 111616K(111616K)->0K(111616K) From: 25280K(25600K)->0K(107008K)
[510.250s][info][gc,heap        ] GC(1417) ParOldGen: 623673K(667648K)->481459K(667648K)
[510.250s][info][gc,metaspace   ] GC(1417) Metaspace: 18845K(19008K)->18845K(19008K) NonClass: 17016K(17152K)->17016K(17152K) Class: 1829K(1856K)->1829K(1856K)
[510.250s][info][gc             ] GC(1417) Pause Full (Allocation Failure) 742M->470M(865M) 858.351ms
[510.250s][info][gc,cpu         ] GC(1417) User=1.61s Sys=0.00s Real=0.86s
[510.348s][info][gc,start       ] GC(1418) Pause Young (Allocation Failure)
[510.377s][info][gc,heap        ] GC(1418) PSYoungGen: 111616K(218624K)->15136K(218624K) Eden: 111616K(111616K)->0K(111616K) From: 0K(107008K)->15136K(107008K)
[510.377s][info][gc,heap        ] GC(1418) ParOldGen: 481459K(667648K)->481459K(667648K)
[510.377s][info][gc,metaspace   ] GC(1418) Metaspace: 18845K(19008K)->18845K(19008K) NonClass: 17016K(17152K)->17016K(17152K) Class: 1829K(1856K)->1829K(1856K)
[510.378s][info][gc             ] GC(1418) Pause Young (Allocation Failure) 579M->484M(865M) 29.832ms
[510.378s][info][gc,cpu         ] GC(1418) User=0.06s Sys=0.00s Real=0.03s
[510.533s][info][gc,start       ] GC(1419) Pause Young (Allocation Failure)
[510.590s][info][gc,heap        ] GC(1419) PSYoungGen: 126752K(218624K)->18784K(221184K) Eden: 111616K(111616K)->0K(123392K) From: 15136K(107008K)->18784K(97792K)
[510.590s][info][gc,heap        ] GC(1419) ParOldGen: 481459K(667648K)->496595K(667648K)
[510.590s][info][gc,metaspace   ] GC(1419) Metaspace: 18845K(19008K)->18845K(19008K) NonClass: 17016K(17152K)->17016K(17152K) Class: 1829K(1856K)->1829K(1856K)
[510.590s][info][gc             ] GC(1419) Pause Young (Allocation Failure) 593M->503M(868M) 56.334ms
[510.590s][info][gc,cpu         ] GC(1419) User=0.11s Sys=0.00s Real=0.06s
[510.759s][info][gc,start       ] GC(1420) Pause Young (Allocation Failure)
[510.790s][info][gc,heap        ] GC(1420) PSYoungGen: 142176K(221184K)->64K(222208K) Eden: 123392K(123392K)->0K(123392K) From: 18784K(97792K)->64K(98816K)
[510.790s][info][gc,heap        ] GC(1420) ParOldGen: 496595K(667648K)->515403K(667648K)
[510.790s][info][gc,metaspace   ] GC(1420) Metaspace: 18845K(19008K)->18845K(19008K) NonClass: 17016K(17152K)->17016K(17152K) Class: 1829K(1856K)->1829K(1856K)
[510.790s][info][gc             ] GC(1420) Pause Young (Allocation Failure) 623M->503M(869M) 31.076ms
[510.790s][info][gc,cpu         ] GC(1420) User=0.06s Sys=0.01s Real=0.03s
[510.958s][info][gc,start       ] GC(1421) Pause Young (Allocation Failure)
[510.960s][info][gc,heap        ] GC(1421) PSYoungGen: 123456K(222208K)->64K(226304K) Eden: 123392K(123392K)->0K(134144K) From: 64K(98816K)->64K(92160K)
[510.960s][info][gc,heap        ] GC(1421) ParOldGen: 515403K(667648K)->515403K(667648K)
[510.960s][info][gc,metaspace   ] GC(1421) Metaspace: 18845K(19008K)->18845K(19008K) NonClass: 17016K(17152K)->17016K(17152K) Class: 1829K(1856K)->1829K(1856K)
[510.960s][info][gc             ] GC(1421) Pause Young (Allocation Failure) 623M->503M(873M) 1.877ms
[510.960s][info][gc,cpu         ] GC(1421) User=0.00s Sys=0.00s Real=0.00s
[511.143s][info][gc,start       ] GC(1422) Pause Young (Allocation Failure)
[511.144s][info][gc,heap        ] GC(1422) PSYoungGen: 134208K(226304K)->64K(229888K) Eden: 134144K(134144K)->0K(134144K) From: 64K(92160K)->64K(95744K)
[511.144s][info][gc,heap        ] GC(1422) ParOldGen: 515403K(667648K)->515403K(667648K)
[511.144s][info][gc,metaspace   ] GC(1422) Metaspace: 18845K(19008K)->18845K(19008K) NonClass: 17016K(17152K)->17016K(17152K) Class: 1829K(1856K)->1829K(1856K)
[511.144s][info][gc             ] GC(1422) Pause Young (Allocation Failure) 634M->503M(876M) 1.887ms
[511.144s][info][gc,cpu         ] GC(1422) User=0.00s Sys=0.00s Real=0.00s
[511.328s][info][gc,start       ] GC(1423) Pause Young (Allocation Failure)
[511.330s][info][gc,heap        ] GC(1423) PSYoungGen: 134208K(229888K)->64K(227840K) Eden: 134144K(134144K)->0K(142336K) From: 64K(95744K)->64K(85504K)
[511.330s][info][gc,heap        ] GC(1423) ParOldGen: 515403K(667648K)->515403K(667648K)
[511.330s][info][gc,metaspace   ] GC(1423) Metaspace: 18845K(19008K)->18845K(19008K) NonClass: 17016K(17152K)->17016K(17152K) Class: 1829K(1856K)->1829K(1856K)
[511.330s][info][gc             ] GC(1423) Pause Young (Allocation Failure) 634M->503M(874M) 1.943ms
[511.330s][info][gc,cpu         ] GC(1423) User=0.00s Sys=0.00s Real=0.00s
[511.525s][info][gc,start       ] GC(1424) Pause Young (Allocation Failure)
[511.527s][info][gc,heap        ] GC(1424) PSYoungGen: 142400K(227840K)->64K(232448K) Eden: 142336K(142336K)->0K(142336K) From: 64K(85504K)->64K(90112K)
[511.527s][info][gc,heap        ] GC(1424) ParOldGen: 515403K(667648K)->515403K(667648K)
[511.527s][info][gc,metaspace   ] GC(1424) Metaspace: 18845K(19008K)->18845K(19008K) NonClass: 17016K(17152K)->17016K(17152K) Class: 1829K(1856K)->1829K(1856K)
[511.527s][info][gc             ] GC(1424) Pause Young (Allocation Failure) 642M->503M(879M) 1.876ms
[511.527s][info][gc,cpu         ] GC(1424) User=0.00s Sys=0.00s Real=0.00s
[511.720s][info][gc,start       ] GC(1425) Pause Young (Allocation Failure)
[511.723s][info][gc,heap        ] GC(1425) PSYoungGen: 142400K(232448K)->64K(225792K) Eden: 142336K(142336K)->0K(147968K) From: 64K(90112K)->64K(77824K)
[511.723s][info][gc,heap        ] GC(1425) ParOldGen: 515403K(667648K)->515403K(667648K)
[511.723s][info][gc,metaspace   ] GC(1425) Metaspace: 18845K(19008K)->18845K(19008K) NonClass: 17016K(17152K)->17016K(17152K) Class: 1829K(1856K)->1829K(1856K)
[511.723s][info][gc             ] GC(1425) Pause Young (Allocation Failure) 642M->503M(872M) 2.299ms
[511.723s][info][gc,cpu         ] GC(1425) User=0.00s Sys=0.00s Real=0.00s
[511.924s][info][gc,start       ] GC(1426) Pause Young (Allocation Failure)
[511.926s][info][gc,heap        ] GC(1426) PSYoungGen: 148032K(225792K)->64K(230912K) Eden: 147968K(147968K)->0K(147968K) From: 64K(77824K)->64K(82944K)
[511.926s][info][gc,heap        ] GC(1426) ParOldGen: 515403K(667648K)->515403K(667648K)
[511.926s][info][gc,metaspace   ] GC(1426) Metaspace: 18845K(19008K)->18845K(19008K) NonClass: 17016K(17152K)->17016K(17152K) Class: 1829K(1856K)->1829K(1856K)
[511.926s][info][gc             ] GC(1426) Pause Young (Allocation Failure) 647M->503M(877M) 2.071ms
[511.926s][info][gc,cpu         ] GC(1426) User=0.00s Sys=0.00s Real=0.01s
[512.131s][info][gc,start       ] GC(1427) Pause Young (Allocation Failure)
[512.134s][info][gc,heap        ] GC(1427) PSYoungGen: 148032K(230912K)->64K(222208K) Eden: 147968K(147968K)->0K(152064K) From: 64K(82944K)->64K(70144K)
[512.134s][info][gc,heap        ] GC(1427) ParOldGen: 515403K(667648K)->515403K(667648K)
[512.134s][info][gc,metaspace   ] GC(1427) Metaspace: 18845K(19008K)->18845K(19008K) NonClass: 17016K(17152K)->17016K(17152K) Class: 1829K(1856K)->1829K(1856K)
[512.134s][info][gc             ] GC(1427) Pause Young (Allocation Failure) 647M->503M(869M) 2.951ms
[512.134s][info][gc,cpu         ] GC(1427) User=0.00s Sys=0.00s Real=0.00s
[512.346s][info][gc,start       ] GC(1428) Pause Young (Allocation Failure)
[512.348s][info][gc,heap        ] GC(1428) PSYoungGen: 152128K(222208K)->64K(227328K) Eden: 152064K(152064K)->0K(152064K) From: 64K(70144K)->64K(75264K)
[512.348s][info][gc,heap        ] GC(1428) ParOldGen: 515403K(667648K)->515403K(667648K)
[512.348s][info][gc,metaspace   ] GC(1428) Metaspace: 18845K(19008K)->18845K(19008K) NonClass: 17016K(17152K)->17016K(17152K) Class: 1829K(1856K)->1829K(1856K)
[512.348s][info][gc             ] GC(1428) Pause Young (Allocation Failure) 651M->503M(874M) 2.158ms
[512.349s][info][gc,cpu         ] GC(1428) User=0.01s Sys=0.00s Real=0.00s
[512.535s][info][gc,start       ] GC(1429) Pause Young (Allocation Failure)
[512.552s][info][gc,heap        ] GC(1429) PSYoungGen: 152128K(227328K)->12576K(218112K) Eden: 152064K(152064K)->0K(156672K) From: 64K(75264K)->12576K(61440K)
[512.552s][info][gc,heap        ] GC(1429) ParOldGen: 515403K(667648K)->515403K(667648K)
[512.552s][info][gc,metaspace   ] GC(1429) Metaspace: 18845K(19008K)->18845K(19008K) NonClass: 17016K(17152K)->17016K(17152K) Class: 1829K(1856K)->1829K(1856K)
[512.552s][info][gc             ] GC(1429) Pause Young (Allocation Failure) 651M->515M(865M) 17.505ms
[512.552s][info][gc,cpu         ] GC(1429) User=0.04s Sys=0.00s Real=0.01s
[512.715s][info][gc,start       ] GC(1430) Pause Young (Allocation Failure)
[512.752s][info][gc,heap        ] GC(1430) PSYoungGen: 169248K(218112K)->33696K(222720K) Eden: 156672K(156672K)->0K(156672K) From: 12576K(61440K)->33696K(66048K)
[512.753s][info][gc,heap        ] GC(1430) ParOldGen: 515403K(667648K)->515403K(667648K)
[512.753s][info][gc,metaspace   ] GC(1430) Metaspace: 18845K(19008K)->18845K(19008K) NonClass: 17016K(17152K)->17016K(17152K) Class: 1829K(1856K)->1829K(1856K)
[512.753s][info][gc             ] GC(1430) Pause Young (Allocation Failure) 668M->536M(869M) 37.858ms
[512.753s][info][gc,cpu         ] GC(1430) User=0.07s Sys=0.00s Real=0.03s
[512.873s][info][gc,start       ] GC(1431) Pause Young (Allocation Failure)
[512.913s][info][gc,heap        ] GC(1431) PSYoungGen: 190368K(222720K)->38016K(229888K) Eden: 156672K(156672K)->0K(161280K) From: 33696K(66048K)->38016K(68608K)
[512.913s][info][gc,heap        ] GC(1431) ParOldGen: 515403K(667648K)->515403K(667648K)
[512.913s][info][gc,metaspace   ] GC(1431) Metaspace: 18845K(19008K)->18845K(19008K) NonClass: 17016K(17152K)->17016K(17152K) Class: 1829K(1856K)->1829K(1856K)
[512.913s][info][gc             ] GC(1431) Pause Young (Allocation Failure) 689M->540M(876M) 40.748ms
[512.913s][info][gc,cpu         ] GC(1431) User=0.08s Sys=0.01s Real=0.04s
[513.034s][info][gc,start       ] GC(1432) Pause Young (Allocation Failure)
[513.100s][info][gc,heap        ] GC(1432) PSYoungGen: 199296K(229888K)->60000K(232960K) Eden: 161280K(161280K)->0K(161280K) From: 38016K(68608K)->60000K(71680K)
[513.100s][info][gc,heap        ] GC(1432) ParOldGen: 515403K(667648K)->515403K(667648K)
[513.100s][info][gc,metaspace   ] GC(1432) Metaspace: 18845K(19008K)->18845K(19008K) NonClass: 17016K(17152K)->17016K(17152K) Class: 1829K(1856K)->1829K(1856K)
[513.100s][info][gc             ] GC(1432) Pause Young (Allocation Failure) 697M->561M(879M) 65.760ms
[513.100s][info][gc,cpu         ] GC(1432) User=0.13s Sys=0.00s Real=0.07s
[513.228s][info][gc,start       ] GC(1433) Pause Young (Allocation Failure)
[513.327s][info][gc,heap        ] GC(1433) PSYoungGen: 221280K(232960K)->76608K(222720K) Eden: 161280K(161280K)->0K(140288K) From: 60000K(71680K)->76608K(82432K)
[513.327s][info][gc,heap        ] GC(1433) ParOldGen: 515403K(667648K)->515403K(667648K)
[513.327s][info][gc,metaspace   ] GC(1433) Metaspace: 18845K(19008K)->18845K(19008K) NonClass: 17016K(17152K)->17016K(17152K) Class: 1829K(1856K)->1829K(1856K)
[513.327s][info][gc             ] GC(1433) Pause Young (Allocation Failure) 719M->578M(869M) 98.694ms
[513.327s][info][gc,cpu         ] GC(1433) User=0.15s Sys=0.04s Real=0.10s
[513.401s][info][gc,start       ] GC(1434) Pause Young (Allocation Failure)
[513.486s][info][gc,heap        ] GC(1434) PSYoungGen: 216896K(222720K)->80736K(221184K) Eden: 140288K(140288K)->0K(140288K) From: 76608K(82432K)->80736K(80896K)
[513.486s][info][gc,heap        ] GC(1434) ParOldGen: 515403K(667648K)->515403K(667648K)
[513.486s][info][gc,metaspace   ] GC(1434) Metaspace: 18845K(19008K)->18845K(19008K) NonClass: 17016K(17152K)->17016K(17152K) Class: 1829K(1856K)->1829K(1856K)
[513.486s][info][gc             ] GC(1434) Pause Young (Allocation Failure) 715M->582M(868M) 84.542ms
[513.486s][info][gc,cpu         ] GC(1434) User=0.16s Sys=0.00s Real=0.09s
[513.581s][info][gc,start       ] GC(1435) Pause Young (Allocation Failure)
[513.672s][info][gc,heap        ] GC(1435) PSYoungGen: 221024K(221184K)->87872K(221184K) Eden: 140288K(140288K)->0K(111616K) From: 80736K(80896K)->87872K(109568K)
[513.672s][info][gc,heap        ] GC(1435) ParOldGen: 515403K(667648K)->515403K(667648K)
[513.672s][info][gc,metaspace   ] GC(1435) Metaspace: 18845K(19008K)->18845K(19008K) NonClass: 17016K(17152K)->17016K(17152K) Class: 1829K(1856K)->1829K(1856K)
[513.672s][info][gc             ] GC(1435) Pause Young (Allocation Failure) 719M->589M(868M) 90.904ms
[513.672s][info][gc,cpu         ] GC(1435) User=0.18s Sys=0.00s Real=0.09s
[513.778s][info][gc,start       ] GC(1436) Pause Young (Allocation Failure)
[513.874s][info][gc,heap        ] GC(1436) PSYoungGen: 199488K(221184K)->91744K(222720K) Eden: 111616K(111616K)->0K(111616K) From: 87872K(109568K)->91744K(111104K)
[513.874s][info][gc,heap        ] GC(1436) ParOldGen: 515403K(667648K)->515403K(667648K)
[513.874s][info][gc,metaspace   ] GC(1436) Metaspace: 18845K(19008K)->18845K(19008K) NonClass: 17016K(17152K)->17016K(17152K) Class: 1829K(1856K)->1829K(1856K)
[513.874s][info][gc             ] GC(1436) Pause Young (Allocation Failure) 698M->592M(869M) 96.146ms
[513.874s][info][gc,cpu         ] GC(1436) User=0.19s Sys=0.00s Real=0.09s
[513.947s][info][gc,start       ] GC(1437) Pause Young (Allocation Failure)
[514.064s][info][gc,heap        ] GC(1437) PSYoungGen: 203360K(222720K)->110864K(222720K) Eden: 111616K(111616K)->0K(111616K) From: 91744K(111104K)->110864K(111104K)
[514.064s][info][gc,heap        ] GC(1437) ParOldGen: 515403K(667648K)->515403K(667648K)
[514.064s][info][gc,metaspace   ] GC(1437) Metaspace: 18845K(19008K)->18845K(19008K) NonClass: 17016K(17152K)->17016K(17152K) Class: 1829K(1856K)->1829K(1856K)
[514.064s][info][gc             ] GC(1437) Pause Young (Allocation Failure) 701M->611M(869M) 116.761ms
[514.064s][info][gc,cpu         ] GC(1437) User=0.23s Sys=0.00s Real=0.11s
[514.159s][info][gc,start       ] GC(1438) Pause Young (Allocation Failure)
[514.274s][info][gc,heap        ] GC(1438) PSYoungGen: 222480K(222720K)->110928K(222720K) Eden: 111616K(111616K)->0K(111616K) From: 110864K(111104K)->110928K(111104K)
[514.274s][info][gc,heap        ] GC(1438) ParOldGen: 515403K(667648K)->515403K(667648K)
[514.274s][info][gc,metaspace   ] GC(1438) Metaspace: 18845K(19008K)->18845K(19008K) NonClass: 17016K(17152K)->17016K(17152K) Class: 1829K(1856K)->1829K(1856K)
[514.274s][info][gc             ] GC(1438) Pause Young (Allocation Failure) 720M->611M(869M) 114.624ms
[514.274s][info][gc,cpu         ] GC(1438) User=0.23s Sys=0.00s Real=0.11s
[514.482s][info][gc,start       ] GC(1439) Pause Young (Allocation Failure)
[514.608s][info][gc,heap        ] GC(1439) PSYoungGen: 222544K(222720K)->90176K(222720K) Eden: 111616K(111616K)->0K(111616K) From: 110928K(111104K)->90176K(111104K)
[514.608s][info][gc,heap        ] GC(1439) ParOldGen: 515403K(667648K)->549171K(667648K)
[514.608s][info][gc,metaspace   ] GC(1439) Metaspace: 18845K(19008K)->18845K(19008K) NonClass: 17016K(17152K)->17016K(17152K) Class: 1829K(1856K)->1829K(1856K)
[514.608s][info][gc             ] GC(1439) Pause Young (Allocation Failure) 720M->624M(869M) 125.772ms
[514.608s][info][gc,cpu         ] GC(1439) User=0.25s Sys=0.00s Real=0.13s
[514.788s][info][gc,start       ] GC(1440) Pause Young (Allocation Failure)
[514.895s][info][gc,heap        ] GC(1440) PSYoungGen: 201792K(222720K)->76208K(222720K) Eden: 111616K(111616K)->0K(111616K) From: 90176K(111104K)->76208K(111104K)
[514.895s][info][gc,heap        ] GC(1440) ParOldGen: 549171K(667648K)->575547K(667648K)
[514.895s][info][gc,metaspace   ] GC(1440) Metaspace: 18845K(19008K)->18845K(19008K) NonClass: 17016K(17152K)->17016K(17152K) Class: 1829K(1856K)->1829K(1856K)
[514.895s][info][gc             ] GC(1440) Pause Young (Allocation Failure) 733M->636M(869M) 106.940ms
[514.895s][info][gc,cpu         ] GC(1440) User=0.22s Sys=0.00s Real=0.11s
[515.295s][info][gc,start       ] GC(1441) Pause Young (Allocation Failure)
[515.375s][info][gc,heap        ] GC(1441) PSYoungGen: 187824K(222720K)->55584K(222720K) Eden: 111616K(111616K)->0K(111616K) From: 76208K(111104K)->55584K(111104K)
[515.375s][info][gc,heap        ] GC(1441) ParOldGen: 575547K(667648K)->596371K(667648K)
[515.375s][info][gc,metaspace   ] GC(1441) Metaspace: 18845K(19008K)->18845K(19008K) NonClass: 17016K(17152K)->17016K(17152K) Class: 1829K(1856K)->1829K(1856K)
[515.375s][info][gc             ] GC(1441) Pause Young (Allocation Failure) 745M->636M(869M) 79.680ms
[515.375s][info][gc,cpu         ] GC(1441) User=0.16s Sys=0.00s Real=0.08s
[515.670s][info][gc,start       ] GC(1442) Pause Young (Allocation Failure)
[515.730s][info][gc,heap        ] GC(1442) PSYoungGen: 167200K(222720K)->44592K(222720K) Eden: 111616K(111616K)->0K(111616K) From: 55584K(111104K)->44592K(111104K)
[515.730s][info][gc,heap        ] GC(1442) ParOldGen: 596371K(667648K)->607403K(667648K)
[515.730s][info][gc,metaspace   ] GC(1442) Metaspace: 18845K(19008K)->18845K(19008K) NonClass: 17016K(17152K)->17016K(17152K) Class: 1829K(1856K)->1829K(1856K)
[515.730s][info][gc             ] GC(1442) Pause Young (Allocation Failure) 745M->636M(869M) 60.303ms
[515.730s][info][gc,cpu         ] GC(1442) User=0.12s Sys=0.00s Real=0.06s
[516.017s][info][gc,start       ] GC(1443) Pause Young (Allocation Failure)
[516.066s][info][gc,heap        ] GC(1443) PSYoungGen: 156208K(222720K)->25344K(222720K) Eden: 111616K(111616K)->0K(111616K) From: 44592K(111104K)->25344K(111104K)
[516.066s][info][gc,heap        ] GC(1443) ParOldGen: 607403K(667648K)->626708K(667648K)
[516.066s][info][gc,metaspace   ] GC(1443) Metaspace: 18845K(19008K)->18845K(19008K) NonClass: 17016K(17152K)->17016K(17152K) Class: 1829K(1856K)->1829K(1856K)
[516.066s][info][gc             ] GC(1443) Pause Young (Allocation Failure) 745M->636M(869M) 49.037ms
[516.066s][info][gc,cpu         ] GC(1443) User=0.10s Sys=0.00s Real=0.05s
[516.350s][info][gc,start       ] GC(1444) Pause Full (Allocation Failure)
[516.350s][info][gc,phases,start] GC(1444) Marking Phase
[516.846s][info][gc,phases      ] GC(1444) Marking Phase 496.175ms
[516.846s][info][gc,phases,start] GC(1444) Summary Phase
[516.846s][info][gc,phases      ] GC(1444) Summary Phase 0.028ms
[516.846s][info][gc,phases,start] GC(1444) Forward
[516.894s][info][gc,phases      ] GC(1444) Forward 47.388ms
[516.894s][info][gc,phases,start] GC(1444) Adjust Pointers
[517.235s][info][gc,phases      ] GC(1444) Adjust Pointers 341.252ms
[517.235s][info][gc,phases,start] GC(1444) Compaction Phase
[517.401s][info][gc,phases      ] GC(1444) Compaction Phase 166.161ms
[517.403s][info][gc,phases,start] GC(1444) Post Compact
[517.405s][info][gc,phases      ] GC(1444) Post Compact 2.240ms
[517.405s][info][gc,heap        ] GC(1444) PSYoungGen: 136960K(222720K)->0K(222720K) Eden: 111616K(111616K)->0K(111616K) From: 25344K(111104K)->0K(111104K)
[517.405s][info][gc,heap        ] GC(1444) ParOldGen: 626708K(667648K)->650836K(667648K)
[517.405s][info][gc,metaspace   ] GC(1444) Metaspace: 18845K(19008K)->18845K(19008K) NonClass: 17016K(17152K)->17016K(17152K) Class: 1829K(1856K)->1829K(1856K)
[517.405s][info][gc             ] GC(1444) Pause Full (Allocation Failure) 745M->635M(869M) 1055.581ms
[517.405s][info][gc,cpu         ] GC(1444) User=2.06s Sys=0.00s Real=1.06s
[517.686s][info][gc,start       ] GC(1445) Pause Full (Allocation Failure)
[517.686s][info][gc,phases,start] GC(1445) Marking Phase
[518.181s][info][gc,phases      ] GC(1445) Marking Phase 495.245ms
[518.182s][info][gc,phases,start] GC(1445) Summary Phase
[518.182s][info][gc,phases      ] GC(1445) Summary Phase 0.029ms
[518.182s][info][gc,phases,start] GC(1445) Forward
[518.182s][info][gc,phases      ] GC(1445) Forward 0.280ms
[518.182s][info][gc,phases,start] GC(1445) Adjust Pointers
[518.507s][info][gc,phases      ] GC(1445) Adjust Pointers 325.259ms
[518.507s][info][gc,phases,start] GC(1445) Compaction Phase
[518.645s][info][gc,phases      ] GC(1445) Compaction Phase 137.539ms
[518.645s][info][gc,phases,start] GC(1445) Post Compact
[518.647s][info][gc,phases      ] GC(1445) Post Compact 2.250ms
[518.647s][info][gc,heap        ] GC(1445) PSYoungGen: 111616K(222720K)->0K(222720K) Eden: 111616K(111616K)->0K(111616K) From: 0K(111104K)->0K(111104K)
[518.647s][info][gc,heap        ] GC(1445) ParOldGen: 650836K(667648K)->650840K(667648K)
[518.647s][info][gc,metaspace   ] GC(1445) Metaspace: 18845K(19008K)->18845K(19008K) NonClass: 17016K(17152K)->17016K(17152K) Class: 1829K(1856K)->1829K(1856K)
[518.647s][info][gc             ] GC(1445) Pause Full (Allocation Failure) 744M->635M(869M) 961.058ms
[518.647s][info][gc,cpu         ] GC(1445) User=1.89s Sys=0.00s Real=0.96s
[518.923s][info][gc,start       ] GC(1446) Pause Full (Allocation Failure)
[518.924s][info][gc,phases,start] GC(1446) Marking Phase
[519.418s][info][gc,phases      ] GC(1446) Marking Phase 494.557ms
[519.418s][info][gc,phases,start] GC(1446) Summary Phase
[519.418s][info][gc,phases      ] GC(1446) Summary Phase 0.027ms
[519.418s][info][gc,phases,start] GC(1446) Forward
[519.419s][info][gc,phases      ] GC(1446) Forward 0.307ms
[519.419s][info][gc,phases,start] GC(1446) Adjust Pointers
[519.739s][info][gc,phases      ] GC(1446) Adjust Pointers 320.323ms
[519.739s][info][gc,phases,start] GC(1446) Compaction Phase
[519.876s][info][gc,phases      ] GC(1446) Compaction Phase 136.923ms
[519.876s][info][gc,phases,start] GC(1446) Post Compact
[519.878s][info][gc,phases      ] GC(1446) Post Compact 2.235ms
[519.878s][info][gc,heap        ] GC(1446) PSYoungGen: 111616K(222720K)->0K(222720K) Eden: 111616K(111616K)->0K(111616K) From: 0K(111104K)->0K(111104K)
[519.878s][info][gc,heap        ] GC(1446) ParOldGen: 650840K(667648K)->650842K(667648K)
[519.878s][info][gc,metaspace   ] GC(1446) Metaspace: 18845K(19008K)->18845K(19008K) NonClass: 17016K(17152K)->17016K(17152K) Class: 1829K(1856K)->1829K(1856K)
[519.878s][info][gc             ] GC(1446) Pause Full (Allocation Failure) 744M->635M(869M) 954.832ms
[519.878s][info][gc,cpu         ] GC(1446) User=1.88s Sys=0.00s Real=0.96s
[520.126s][info][gc,start       ] GC(1447) Pause Full (Allocation Failure)
[520.126s][info][gc,phases,start] GC(1447) Marking Phase
[520.614s][info][gc,phases      ] GC(1447) Marking Phase 488.566ms
[520.614s][info][gc,phases,start] GC(1447) Summary Phase
[520.614s][info][gc,phases      ] GC(1447) Summary Phase 0.025ms
[520.614s][info][gc,phases,start] GC(1447) Forward
[520.615s][info][gc,phases      ] GC(1447) Forward 0.341ms
[520.615s][info][gc,phases,start] GC(1447) Adjust Pointers
[520.936s][info][gc,phases      ] GC(1447) Adjust Pointers 321.244ms
[520.936s][info][gc,phases,start] GC(1447) Compaction Phase
[521.073s][info][gc,phases      ] GC(1447) Compaction Phase 137.087ms
[521.073s][info][gc,phases,start] GC(1447) Post Compact
[521.075s][info][gc,phases      ] GC(1447) Post Compact 2.210ms
[521.075s][info][gc,heap        ] GC(1447) PSYoungGen: 111616K(222720K)->0K(222720K) Eden: 111616K(111616K)->0K(111616K) From: 0K(111104K)->0K(111104K)
[521.075s][info][gc,heap        ] GC(1447) ParOldGen: 650842K(667648K)->650852K(667648K)
[521.075s][info][gc,metaspace   ] GC(1447) Metaspace: 18845K(19008K)->18845K(19008K) NonClass: 17016K(17152K)->17016K(17152K) Class: 1829K(1856K)->1829K(1856K)
[521.075s][info][gc             ] GC(1447) Pause Full (Allocation Failure) 744M->635M(869M) 949.921ms
[521.076s][info][gc,cpu         ] GC(1447) User=1.86s Sys=0.00s Real=0.95s
[521.384s][info][gc,start       ] GC(1448) Pause Full (Allocation Failure)
[521.384s][info][gc,phases,start] GC(1448) Marking Phase
[521.802s][info][gc,phases      ] GC(1448) Marking Phase 417.643ms
[521.802s][info][gc,phases,start] GC(1448) Summary Phase
[521.802s][info][gc,phases      ] GC(1448) Summary Phase 0.025ms
[521.802s][info][gc,phases,start] GC(1448) Forward
[521.888s][info][gc,phases      ] GC(1448) Forward 86.291ms
[521.888s][info][gc,phases,start] GC(1448) Adjust Pointers
[522.188s][info][gc,phases      ] GC(1448) Adjust Pointers 299.895ms
[522.188s][info][gc,phases,start] GC(1448) Compaction Phase
[522.335s][info][gc,phases      ] GC(1448) Compaction Phase 146.981ms
[522.344s][info][gc,phases,start] GC(1448) Post Compact
[522.346s][info][gc,phases      ] GC(1448) Post Compact 2.270ms
[522.346s][info][gc,heap        ] GC(1448) PSYoungGen: 111616K(222720K)->0K(222720K) Eden: 111616K(111616K)->0K(111616K) From: 0K(111104K)->0K(111104K)
[522.346s][info][gc,heap        ] GC(1448) ParOldGen: 650852K(667648K)->556232K(667648K)
[522.346s][info][gc,metaspace   ] GC(1448) Metaspace: 18845K(19008K)->18845K(19008K) NonClass: 17016K(17152K)->17016K(17152K) Class: 1829K(1856K)->1829K(1856K)
[522.346s][info][gc             ] GC(1448) Pause Full (Allocation Failure) 744M->543M(869M) 961.764ms
[522.346s][info][gc,cpu         ] GC(1448) User=1.84s Sys=0.01s Real=0.97s
[522.565s][info][gc,start       ] GC(1449) Pause Young (Allocation Failure)
[522.573s][info][gc,heap        ] GC(1449) PSYoungGen: 111616K(222720K)->5968K(222720K) Eden: 111616K(111616K)->0K(111616K) From: 0K(111104K)->5968K(111104K)
[522.573s][info][gc,heap        ] GC(1449) ParOldGen: 556232K(667648K)->556232K(667648K)
[522.573s][info][gc,metaspace   ] GC(1449) Metaspace: 18845K(19008K)->18845K(19008K) NonClass: 17016K(17152K)->17016K(17152K) Class: 1829K(1856K)->1829K(1856K)
[522.573s][info][gc             ] GC(1449) Pause Young (Allocation Failure) 652M->549M(869M) 7.200ms
[522.573s][info][gc,cpu         ] GC(1449) User=0.02s Sys=0.00s Real=0.00s
[522.637s][info][gc,start       ] GC(1450) Pause Young (Allocation Failure)
[522.673s][info][gc,heap        ] GC(1450) PSYoungGen: 117584K(222720K)->47856K(222720K) Eden: 111616K(111616K)->0K(111616K) From: 5968K(111104K)->47856K(111104K)
[522.673s][info][gc,heap        ] GC(1450) ParOldGen: 556232K(667648K)->556232K(667648K)
[522.673s][info][gc,metaspace   ] GC(1450) Metaspace: 18845K(19008K)->18845K(19008K) NonClass: 17016K(17152K)->17016K(17152K) Class: 1829K(1856K)->1829K(1856K)
[522.673s][info][gc             ] GC(1450) Pause Young (Allocation Failure) 658M->589M(869M) 36.524ms
[522.673s][info][gc,cpu         ] GC(1450) User=0.07s Sys=0.00s Real=0.03s
[522.830s][info][gc,start       ] GC(1451) Pause Young (Allocation Failure)
[522.882s][info][gc,heap        ] GC(1451) PSYoungGen: 159472K(222720K)->70656K(222720K) Eden: 111616K(111616K)->0K(111616K) From: 47856K(111104K)->70656K(111104K)
[522.883s][info][gc,heap        ] GC(1451) ParOldGen: 556232K(667648K)->562200K(667648K)
[522.883s][info][gc,metaspace   ] GC(1451) Metaspace: 18845K(19008K)->18845K(19008K) NonClass: 17016K(17152K)->17016K(17152K) Class: 1829K(1856K)->1829K(1856K)
[522.883s][info][gc             ] GC(1451) Pause Young (Allocation Failure) 698M->618M(869M) 52.488ms
[522.883s][info][gc,cpu         ] GC(1451) User=0.11s Sys=0.00s Real=0.05s
[522.971s][info][gc,start       ] GC(1452) Pause Young (Allocation Failure)
[523.021s][info][gc,heap        ] GC(1452) PSYoungGen: 182272K(222720K)->4352K(222720K) Eden: 111616K(111616K)->0K(111616K) From: 70656K(111104K)->4352K(111104K)
[523.021s][info][gc,heap        ] GC(1452) ParOldGen: 562200K(667648K)->633704K(667648K)
[523.021s][info][gc,metaspace   ] GC(1452) Metaspace: 18845K(19008K)->18845K(19008K) NonClass: 17016K(17152K)->17016K(17152K) Class: 1829K(1856K)->1829K(1856K)
[523.021s][info][gc             ] GC(1452) Pause Young (Allocation Failure) 727M->623M(869M) 50.707ms
[523.021s][info][gc,cpu         ] GC(1452) User=0.10s Sys=0.00s Real=0.05s
[523.139s][info][gc,start       ] GC(1453) Pause Full (Allocation Failure)
[523.139s][info][gc,phases,start] GC(1453) Marking Phase
[523.358s][info][gc,phases      ] GC(1453) Marking Phase 218.689ms
[523.358s][info][gc,phases,start] GC(1453) Summary Phase
[523.358s][info][gc,phases      ] GC(1453) Summary Phase 0.027ms
[523.358s][info][gc,phases,start] GC(1453) Forward
[523.438s][info][gc,phases      ] GC(1453) Forward 79.760ms
[523.438s][info][gc,phases,start] GC(1453) Adjust Pointers
[523.601s][info][gc,phases      ] GC(1453) Adjust Pointers 163.446ms
[523.601s][info][gc,phases,start] GC(1453) Compaction Phase
[523.701s][info][gc,phases      ] GC(1453) Compaction Phase 100.269ms
[523.705s][info][gc,phases,start] GC(1453) Post Compact
[523.707s][info][gc,phases      ] GC(1453) Post Compact 2.205ms
[523.709s][info][gc,heap        ] GC(1453) PSYoungGen: 115968K(222720K)->0K(222720K) Eden: 111616K(111616K)->0K(111616K) From: 4352K(111104K)->0K(111104K)
[523.709s][info][gc,heap        ] GC(1453) ParOldGen: 633704K(667648K)->324875K(632832K)
[523.709s][info][gc,metaspace   ] GC(1453) Metaspace: 18845K(19008K)->18845K(19008K) NonClass: 17016K(17152K)->17016K(17152K) Class: 1829K(1856K)->1829K(1856K)
[523.709s][info][gc             ] GC(1453) Pause Full (Allocation Failure) 732M->317M(835M) 569.804ms
[523.709s][info][gc,cpu         ] GC(1453) User=1.05s Sys=0.00s Real=0.57s
[523.768s][info][gc,start       ] GC(1454) Pause Young (Allocation Failure)
[523.815s][info][gc,heap        ] GC(1454) PSYoungGen: 111616K(222720K)->52160K(222720K) Eden: 111616K(111616K)->0K(111616K) From: 0K(111104K)->52160K(111104K)
[523.815s][info][gc,heap        ] GC(1454) ParOldGen: 324875K(632832K)->324875K(632832K)
[523.815s][info][gc,metaspace   ] GC(1454) Metaspace: 18845K(19008K)->18845K(19008K) NonClass: 17016K(17152K)->17016K(17152K) Class: 1829K(1856K)->1829K(1856K)
[523.815s][info][gc             ] GC(1454) Pause Young (Allocation Failure) 426M->368M(835M) 47.248ms
[523.815s][info][gc,cpu         ] GC(1454) User=0.09s Sys=0.00s Real=0.05s
[523.932s][info][gc,start       ] GC(1455) Pause Young (Allocation Failure)
[523.992s][info][gc,heap        ] GC(1455) PSYoungGen: 163776K(222720K)->23616K(222720K) Eden: 111616K(111616K)->0K(111616K) From: 52160K(111104K)->23616K(111104K)
[523.992s][info][gc,heap        ] GC(1455) ParOldGen: 324875K(632832K)->377523K(632832K)
[523.992s][info][gc,metaspace   ] GC(1455) Metaspace: 18845K(19008K)->18845K(19008K) NonClass: 17016K(17152K)->17016K(17152K) Class: 1829K(1856K)->1829K(1856K)
[523.992s][info][gc             ] GC(1455) Pause Young (Allocation Failure) 477M->391M(835M) 60.467ms
[523.992s][info][gc,cpu         ] GC(1455) User=0.12s Sys=0.00s Real=0.06s
[524.116s][info][gc,start       ] GC(1456) Pause Young (Allocation Failure)
[524.135s][info][gc,heap        ] GC(1456) PSYoungGen: 135232K(222720K)->96K(222720K) Eden: 111616K(111616K)->0K(111616K) From: 23616K(111104K)->96K(111104K)
[524.135s][info][gc,heap        ] GC(1456) ParOldGen: 377523K(632832K)->401363K(632832K)
[524.135s][info][gc,metaspace   ] GC(1456) Metaspace: 18845K(19008K)->18845K(19008K) NonClass: 17016K(17152K)->17016K(17152K) Class: 1829K(1856K)->1829K(1856K)
[524.135s][info][gc             ] GC(1456) Pause Young (Allocation Failure) 500M->392M(835M) 18.225ms
[524.135s][info][gc,cpu         ] GC(1456) User=0.03s Sys=0.00s Real=0.02s
[524.256s][info][gc,start       ] GC(1457) Pause Young (Allocation Failure)
[524.258s][info][gc,heap        ] GC(1457) PSYoungGen: 111712K(222720K)->128K(222720K) Eden: 111616K(111616K)->0K(111616K) From: 96K(111104K)->128K(111104K)
[524.258s][info][gc,heap        ] GC(1457) ParOldGen: 401363K(632832K)->401435K(632832K)
[524.258s][info][gc,metaspace   ] GC(1457) Metaspace: 18845K(19008K)->18845K(19008K) NonClass: 17016K(17152K)->17016K(17152K) Class: 1829K(1856K)->1829K(1856K)
[524.258s][info][gc             ] GC(1457) Pause Young (Allocation Failure) 501M->392M(835M) 1.890ms
[524.258s][info][gc,cpu         ] GC(1457) User=0.01s Sys=0.00s Real=0.00s
[524.376s][info][gc,start       ] GC(1458) Pause Young (Allocation Failure)
[524.378s][info][gc,heap        ] GC(1458) PSYoungGen: 111744K(222720K)->160K(222720K) Eden: 111616K(111616K)->0K(111616K) From: 128K(111104K)->160K(111104K)
[524.378s][info][gc,heap        ] GC(1458) ParOldGen: 401435K(632832K)->401515K(632832K)
[524.378s][info][gc,metaspace   ] GC(1458) Metaspace: 18845K(19008K)->18845K(19008K) NonClass: 17016K(17152K)->17016K(17152K) Class: 1829K(1856K)->1829K(1856K)
[524.378s][info][gc             ] GC(1458) Pause Young (Allocation Failure) 501M->392M(835M) 1.999ms
[524.378s][info][gc,cpu         ] GC(1458) User=0.00s Sys=0.00s Real=0.00s
[524.496s][info][gc,start       ] GC(1459) Pause Young (Allocation Failure)
[524.498s][info][gc,heap        ] GC(1459) PSYoungGen: 111776K(222720K)->160K(222720K) Eden: 111616K(111616K)->0K(111616K) From: 160K(111104K)->160K(111104K)
[524.498s][info][gc,heap        ] GC(1459) ParOldGen: 401515K(632832K)->401643K(632832K)
[524.498s][info][gc,metaspace   ] GC(1459) Metaspace: 18845K(19008K)->18845K(19008K) NonClass: 17016K(17152K)->17016K(17152K) Class: 1829K(1856K)->1829K(1856K)
[524.498s][info][gc             ] GC(1459) Pause Young (Allocation Failure) 501M->392M(835M) 2.041ms
[524.498s][info][gc,cpu         ] GC(1459) User=0.00s Sys=0.00s Real=0.00s
[524.618s][info][gc,start       ] GC(1460) Pause Young (Allocation Failure)
[524.620s][info][gc,heap        ] GC(1460) PSYoungGen: 111776K(222720K)->96K(222720K) Eden: 111616K(111616K)->0K(111616K) From: 160K(111104K)->96K(111104K)
[524.620s][info][gc,heap        ] GC(1460) ParOldGen: 401643K(632832K)->401763K(632832K)
[524.620s][info][gc,metaspace   ] GC(1460) Metaspace: 18845K(19008K)->18845K(19008K) NonClass: 17016K(17152K)->17016K(17152K) Class: 1829K(1856K)->1829K(1856K)
[524.620s][info][gc             ] GC(1460) Pause Young (Allocation Failure) 501M->392M(835M) 1.907ms
[524.620s][info][gc,cpu         ] GC(1460) User=0.00s Sys=0.00s Real=0.00s
[524.741s][info][gc,start       ] GC(1461) Pause Young (Allocation Failure)
[524.743s][info][gc,heap        ] GC(1461) PSYoungGen: 111712K(222720K)->128K(217600K) Eden: 111616K(111616K)->0K(111616K) From: 96K(111104K)->128K(105984K)
[524.744s][info][gc,heap        ] GC(1461) ParOldGen: 401763K(632832K)->401851K(632832K)
[524.744s][info][gc,metaspace   ] GC(1461) Metaspace: 18845K(19008K)->18845K(19008K) NonClass: 17016K(17152K)->17016K(17152K) Class: 1829K(1856K)->1829K(1856K)
[524.744s][info][gc             ] GC(1461) Pause Young (Allocation Failure) 501M->392M(830M) 2.394ms
[524.744s][info][gc,cpu         ] GC(1461) User=0.00s Sys=0.00s Real=0.00s
[524.860s][info][gc,start       ] GC(1462) Pause Young (Allocation Failure)
[524.863s][info][gc,heap        ] GC(1462) PSYoungGen: 111744K(217600K)->192K(112128K) Eden: 111616K(111616K)->0K(111616K) From: 128K(105984K)->192K(512K)
[524.863s][info][gc,heap        ] GC(1462) ParOldGen: 401851K(632832K)->401851K(632832K)
[524.863s][info][gc,metaspace   ] GC(1462) Metaspace: 18845K(19008K)->18845K(19008K) NonClass: 17016K(17152K)->17016K(17152K) Class: 1829K(1856K)->1829K(1856K)
[524.863s][info][gc             ] GC(1462) Pause Young (Allocation Failure) 501M->392M(727M) 2.660ms
[524.863s][info][gc,cpu         ] GC(1462) User=0.01s Sys=0.00s Real=0.00s
[524.982s][info][gc,start       ] GC(1463) Pause Young (Allocation Failure)
[524.985s][info][gc,heap        ] GC(1463) PSYoungGen: 111808K(112128K)->288K(208896K) Eden: 111616K(111616K)->0K(113664K) From: 192K(512K)->288K(95232K)
[524.985s][info][gc,heap        ] GC(1463) ParOldGen: 401851K(632832K)->401851K(632832K)
[524.985s][info][gc,metaspace   ] GC(1463) Metaspace: 18845K(19008K)->18845K(19008K) NonClass: 17016K(17152K)->17016K(17152K) Class: 1829K(1856K)->1829K(1856K)
[524.985s][info][gc             ] GC(1463) Pause Young (Allocation Failure) 501M->392M(822M) 3.108ms
[524.985s][info][gc,cpu         ] GC(1463) User=0.01s Sys=0.00s Real=0.01s
[525.104s][info][gc,start       ] GC(1464) Pause Young (Allocation Failure)
[525.107s][info][gc,heap        ] GC(1464) PSYoungGen: 113952K(208896K)->352K(114176K) Eden: 113664K(113664K)->0K(113664K) From: 288K(95232K)->352K(512K)
[525.107s][info][gc,heap        ] GC(1464) ParOldGen: 401851K(632832K)->401851K(632832K)
[525.107s][info][gc,metaspace   ] GC(1464) Metaspace: 18845K(19008K)->18845K(19008K) NonClass: 17016K(17152K)->17016K(17152K) Class: 1829K(1856K)->1829K(1856K)
[525.107s][info][gc             ] GC(1464) Pause Young (Allocation Failure) 503M->392M(729M) 3.170ms
[525.107s][info][gc,cpu         ] GC(1464) User=0.01s Sys=0.00s Real=0.01s
[525.242s][info][gc,start       ] GC(1465) Pause Young (Allocation Failure)
[525.254s][info][gc,heap        ] GC(1465) PSYoungGen: 114016K(114176K)->3872K(200192K) Eden: 113664K(113664K)->0K(115712K) From: 352K(512K)->3872K(84480K)
[525.254s][info][gc,heap        ] GC(1465) ParOldGen: 401851K(632832K)->401851K(632832K)
[525.254s][info][gc,metaspace   ] GC(1465) Metaspace: 18846K(19008K)->18846K(19008K) NonClass: 17017K(17152K)->17017K(17152K) Class: 1829K(1856K)->1829K(1856K)
[525.254s][info][gc             ] GC(1465) Pause Young (Allocation Failure) 503M->396M(813M) 11.933ms
[525.254s][info][gc,cpu         ] GC(1465) User=0.02s Sys=0.00s Real=0.01s
[525.391s][info][gc,start       ] GC(1466) Pause Young (Allocation Failure)
[525.431s][info][gc,heap        ] GC(1466) PSYoungGen: 119584K(200192K)->19947K(135680K) Eden: 115712K(115712K)->0K(115712K) From: 3872K(84480K)->19947K(19968K)
[525.431s][info][gc,heap        ] GC(1466) ParOldGen: 401851K(632832K)->401851K(632832K)
[525.431s][info][gc,metaspace   ] GC(1466) Metaspace: 18846K(19008K)->18846K(19008K) NonClass: 17017K(17152K)->17017K(17152K) Class: 1829K(1856K)->1829K(1856K)
[525.431s][info][gc             ] GC(1466) Pause Young (Allocation Failure) 509M->411M(750M) 40.100ms
[525.431s][info][gc,cpu         ] GC(1466) User=0.08s Sys=0.00s Real=0.04s
[525.579s][info][gc,start       ] GC(1467) Pause Young (Allocation Failure)
[525.617s][info][gc,heap        ] GC(1467) PSYoungGen: 135659K(135680K)->21483K(194048K) Eden: 115712K(115712K)->0K(119808K) From: 19947K(19968K)->21483K(74240K)
[525.617s][info][gc,heap        ] GC(1467) ParOldGen: 401851K(632832K)->401851K(632832K)
[525.617s][info][gc,metaspace   ] GC(1467) Metaspace: 18846K(19008K)->18846K(19008K) NonClass: 17017K(17152K)->17017K(17152K) Class: 1829K(1856K)->1829K(1856K)
[525.617s][info][gc             ] GC(1467) Pause Young (Allocation Failure) 524M->413M(807M) 37.844ms
[525.617s][info][gc,cpu         ] GC(1467) User=0.07s Sys=0.01s Real=0.04s
[525.773s][info][gc,start       ] GC(1468) Pause Young (Allocation Failure)
[525.809s][info][gc,heap        ] GC(1468) PSYoungGen: 141291K(194048K)->21483K(198656K) Eden: 119808K(119808K)->0K(119808K) From: 21483K(74240K)->21483K(78848K)
[525.809s][info][gc,heap        ] GC(1468) ParOldGen: 401851K(632832K)->401851K(632832K)
[525.809s][info][gc,metaspace   ] GC(1468) Metaspace: 18846K(19008K)->18846K(19008K) NonClass: 17017K(17152K)->17017K(17152K) Class: 1829K(1856K)->1829K(1856K)
[525.810s][info][gc             ] GC(1468) Pause Young (Allocation Failure) 530M->413M(812M) 36.942ms
[525.810s][info][gc,cpu         ] GC(1468) User=0.07s Sys=0.00s Real=0.04s
[525.964s][info][gc,start       ] GC(1469) Pause Young (Allocation Failure)
[526.002s][info][gc,heap        ] GC(1469) PSYoungGen: 141291K(198656K)->21483K(190976K) Eden: 119808K(119808K)->0K(124928K) From: 21483K(78848K)->21483K(66048K)
[526.002s][info][gc,heap        ] GC(1469) ParOldGen: 401851K(632832K)->401851K(632832K)
[526.002s][info][gc,metaspace   ] GC(1469) Metaspace: 18846K(19008K)->18846K(19008K) NonClass: 17017K(17152K)->17017K(17152K) Class: 1829K(1856K)->1829K(1856K)
[526.002s][info][gc             ] GC(1469) Pause Young (Allocation Failure) 530M->413M(804M) 37.605ms
[526.002s][info][gc,cpu         ] GC(1469) User=0.07s Sys=0.00s Real=0.04s
[526.163s][info][gc,start       ] GC(1470) Pause Young (Allocation Failure)
[526.199s][info][gc,heap        ] GC(1470) PSYoungGen: 146411K(190976K)->21483K(195072K) Eden: 124928K(124928K)->0K(124928K) From: 21483K(66048K)->21483K(70144K)
[526.199s][info][gc,heap        ] GC(1470) ParOldGen: 401851K(632832K)->401851K(632832K)
[526.199s][info][gc,metaspace   ] GC(1470) Metaspace: 18846K(19008K)->18846K(19008K) NonClass: 17017K(17152K)->17017K(17152K) Class: 1829K(1856K)->1829K(1856K)
[526.199s][info][gc             ] GC(1470) Pause Young (Allocation Failure) 535M->413M(808M) 36.403ms
[526.199s][info][gc,cpu         ] GC(1470) User=0.07s Sys=0.00s Real=0.04s
[526.336s][info][gc,start       ] GC(1471) Pause Young (Allocation Failure)
[526.388s][info][gc,heap        ] GC(1471) PSYoungGen: 146411K(195072K)->34411K(195072K) Eden: 124928K(124928K)->0K(129024K) From: 21483K(70144K)->34411K(66048K)
[526.388s][info][gc,heap        ] GC(1471) ParOldGen: 401851K(632832K)->401851K(632832K)
[526.388s][info][gc,metaspace   ] GC(1471) Metaspace: 18846K(19008K)->18846K(19008K) NonClass: 17017K(17152K)->17017K(17152K) Class: 1829K(1856K)->1829K(1856K)
[526.388s][info][gc             ] GC(1471) Pause Young (Allocation Failure) 535M->426M(808M) 51.800ms
[526.388s][info][gc,cpu         ] GC(1471) User=0.11s Sys=0.00s Real=0.05s
[526.503s][info][gc,start       ] GC(1472) Pause Young (Allocation Failure)
[526.574s][info][gc,heap        ] GC(1472) PSYoungGen: 163435K(195072K)->55435K(196608K) Eden: 129024K(129024K)->0K(129024K) From: 34411K(66048K)->55435K(67584K)
[526.574s][info][gc,heap        ] GC(1472) ParOldGen: 401851K(632832K)->401851K(632832K)
[526.575s][info][gc,metaspace   ] GC(1472) Metaspace: 18846K(19008K)->18846K(19008K) NonClass: 17017K(17152K)->17017K(17152K) Class: 1829K(1856K)->1829K(1856K)
[526.575s][info][gc             ] GC(1472) Pause Young (Allocation Failure) 552M->446M(810M) 71.545ms
[526.575s][info][gc,cpu         ] GC(1472) User=0.15s Sys=0.00s Real=0.07s
[526.683s][info][gc,start       ] GC(1473) Pause Young (Allocation Failure)
[526.764s][info][gc,heap        ] GC(1473) PSYoungGen: 184459K(196608K)->59467K(204800K) Eden: 129024K(129024K)->0K(129024K) From: 55435K(67584K)->59467K(75776K)
[526.764s][info][gc,heap        ] GC(1473) ParOldGen: 401851K(632832K)->401851K(632832K)
[526.764s][info][gc,metaspace   ] GC(1473) Metaspace: 18846K(19008K)->18846K(19008K) NonClass: 17017K(17152K)->17017K(17152K) Class: 1829K(1856K)->1829K(1856K)
[526.764s][info][gc             ] GC(1473) Pause Young (Allocation Failure) 572M->450M(818M) 80.885ms
[526.764s][info][gc,cpu         ] GC(1473) User=0.15s Sys=0.01s Real=0.08s
[526.867s][info][gc,start       ] GC(1474) Pause Young (Allocation Failure)
[526.944s][info][gc,heap        ] GC(1474) PSYoungGen: 188491K(204800K)->60939K(212992K) Eden: 129024K(129024K)->0K(129024K) From: 59467K(75776K)->60939K(83968K)
[526.944s][info][gc,heap        ] GC(1474) ParOldGen: 401851K(632832K)->401851K(632832K)
[526.944s][info][gc,metaspace   ] GC(1474) Metaspace: 18846K(19008K)->18846K(19008K) NonClass: 17017K(17152K)->17017K(17152K) Class: 1829K(1856K)->1829K(1856K)
[526.944s][info][gc             ] GC(1474) Pause Young (Allocation Failure) 576M->451M(826M) 77.303ms
[526.944s][info][gc,cpu         ] GC(1474) User=0.15s Sys=0.00s Real=0.07s
[527.059s][info][gc,start       ] GC(1475) Pause Young (Allocation Failure)
[527.149s][info][gc,heap        ] GC(1475) PSYoungGen: 189963K(212992K)->62059K(223744K) Eden: 129024K(129024K)->0K(133120K) From: 60939K(83968K)->62059K(90624K)
[527.149s][info][gc,heap        ] GC(1475) ParOldGen: 401851K(632832K)->401851K(632832K)
[527.149s][info][gc,metaspace   ] GC(1475) Metaspace: 18846K(19008K)->18846K(19008K) NonClass: 17017K(17152K)->17017K(17152K) Class: 1829K(1856K)->1829K(1856K)
[527.149s][info][gc             ] GC(1475) Pause Young (Allocation Failure) 577M->453M(836M) 89.698ms
[527.149s][info][gc,cpu         ] GC(1475) User=0.15s Sys=0.02s Real=0.09s
[527.285s][info][gc,start       ] GC(1476) Pause Young (Allocation Failure)
[527.366s][info][gc,heap        ] GC(1476) PSYoungGen: 195179K(223744K)->64651K(229376K) Eden: 133120K(133120K)->0K(133120K) From: 62059K(90624K)->64651K(96256K)
[527.366s][info][gc,heap        ] GC(1476) ParOldGen: 401851K(632832K)->401931K(632832K)
[527.366s][info][gc,metaspace   ] GC(1476) Metaspace: 18846K(19008K)->18846K(19008K) NonClass: 17017K(17152K)->17017K(17152K) Class: 1829K(1856K)->1829K(1856K)
[527.366s][info][gc             ] GC(1476) Pause Young (Allocation Failure) 583M->455M(842M) 80.943ms
[527.366s][info][gc,cpu         ] GC(1476) User=0.16s Sys=0.00s Real=0.08s
[527.483s][info][gc,start       ] GC(1477) Pause Young (Allocation Failure)
[527.573s][info][gc,heap        ] GC(1477) PSYoungGen: 197771K(229376K)->69291K(221184K) Eden: 133120K(133120K)->0K(119808K) From: 64651K(96256K)->69291K(101376K)
[527.573s][info][gc,heap        ] GC(1477) ParOldGen: 401931K(632832K)->402035K(632832K)
[527.573s][info][gc,metaspace   ] GC(1477) Metaspace: 18847K(19008K)->18847K(19008K) NonClass: 17018K(17152K)->17018K(17152K) Class: 1829K(1856K)->1829K(1856K)
[527.573s][info][gc             ] GC(1477) Pause Young (Allocation Failure) 585M->460M(834M) 90.187ms
[527.573s][info][gc,cpu         ] GC(1477) User=0.18s Sys=0.01s Real=0.09s
[527.709s][info][gc,start       ] GC(1478) Pause Young (Allocation Failure)
[527.810s][info][gc,heap        ] GC(1478) PSYoungGen: 189099K(221184K)->84972K(204800K) Eden: 119808K(119808K)->0K(119808K) From: 69291K(101376K)->84972K(84992K)
[527.810s][info][gc,heap        ] GC(1478) ParOldGen: 402035K(632832K)->402131K(632832K)
[527.811s][info][gc,metaspace   ] GC(1478) Metaspace: 18847K(19008K)->18847K(19008K) NonClass: 17018K(17152K)->17018K(17152K) Class: 1829K(1856K)->1829K(1856K)
[527.811s][info][gc             ] GC(1478) Pause Young (Allocation Failure) 577M->475M(818M) 101.330ms
[527.811s][info][gc,cpu         ] GC(1478) User=0.21s Sys=0.00s Real=0.10s
[527.897s][info][gc,start       ] GC(1479) Pause Young (Allocation Failure)
[528.031s][info][gc,heap        ] GC(1479) PSYoungGen: 204780K(204800K)->102332K(222720K) Eden: 119808K(119808K)->0K(111616K) From: 84972K(84992K)->102332K(111104K)
[528.031s][info][gc,heap        ] GC(1479) ParOldGen: 402131K(632832K)->405747K(632832K)
[528.031s][info][gc,metaspace   ] GC(1479) Metaspace: 18847K(19008K)->18847K(19008K) NonClass: 17018K(17152K)->17018K(17152K) Class: 1829K(1856K)->1829K(1856K)
[528.031s][info][gc             ] GC(1479) Pause Young (Allocation Failure) 592M->496M(835M) 133.388ms
[528.031s][info][gc,cpu         ] GC(1479) User=0.25s Sys=0.01s Real=0.13s
[528.155s][info][gc,start       ] GC(1480) Pause Young (Allocation Failure)
[528.290s][info][gc,heap        ] GC(1480) PSYoungGen: 213948K(222720K)->104912K(222720K) Eden: 111616K(111616K)->0K(111616K) From: 102332K(111104K)->104912K(111104K)
[528.290s][info][gc,heap        ] GC(1480) ParOldGen: 405747K(632832K)->423411K(632832K)
[528.290s][info][gc,metaspace   ] GC(1480) Metaspace: 18847K(19008K)->18847K(19008K) NonClass: 17018K(17152K)->17018K(17152K) Class: 1829K(1856K)->1829K(1856K)
[528.290s][info][gc             ] GC(1480) Pause Young (Allocation Failure) 605M->515M(835M) 134.966ms
[528.290s][info][gc,cpu         ] GC(1480) User=0.27s Sys=0.00s Real=0.13s
[528.419s][info][gc,start       ] GC(1481) Pause Young (Allocation Failure)
[528.535s][info][gc,heap        ] GC(1481) PSYoungGen: 216528K(222720K)->111104K(222720K) Eden: 111616K(111616K)->0K(111616K) From: 104912K(111104K)->111104K(111104K)
[528.535s][info][gc,heap        ] GC(1481) ParOldGen: 423411K(632832K)->424915K(632832K)
[528.535s][info][gc,metaspace   ] GC(1481) Metaspace: 18847K(19008K)->18847K(19008K) NonClass: 17018K(17152K)->17018K(17152K) Class: 1829K(1856K)->1829K(1856K)
[528.535s][info][gc             ] GC(1481) Pause Young (Allocation Failure) 624M->523M(835M) 116.637ms
[528.535s][info][gc,cpu         ] GC(1481) User=0.22s Sys=0.00s Real=0.12s
[528.667s][info][gc,start       ] GC(1482) Pause Young (Allocation Failure)
[528.779s][info][gc,heap        ] GC(1482) PSYoungGen: 222720K(222720K)->98928K(222720K) Eden: 111616K(111616K)->0K(111616K) From: 111104K(111104K)->98928K(111104K)
[528.780s][info][gc,heap        ] GC(1482) ParOldGen: 424915K(632832K)->437851K(632832K)
[528.780s][info][gc,metaspace   ] GC(1482) Metaspace: 18847K(19008K)->18847K(19008K) NonClass: 17018K(17152K)->17018K(17152K) Class: 1829K(1856K)->1829K(1856K)
[528.780s][info][gc             ] GC(1482) Pause Young (Allocation Failure) 632M->524M(835M) 112.489ms
[528.780s][info][gc,cpu         ] GC(1482) User=0.22s Sys=0.00s Real=0.11s
[528.895s][info][gc,start       ] GC(1483) Pause Young (Allocation Failure)
[529.002s][info][gc,heap        ] GC(1483) PSYoungGen: 210544K(222720K)->79440K(222720K) Eden: 111616K(111616K)->0K(111616K) From: 98928K(111104K)->79440K(111104K)
[529.002s][info][gc,heap        ] GC(1483) ParOldGen: 437851K(632832K)->463003K(632832K)
[529.002s][info][gc,metaspace   ] GC(1483) Metaspace: 18847K(19008K)->18847K(19008K) NonClass: 17018K(17152K)->17018K(17152K) Class: 1829K(1856K)->1829K(1856K)
[529.002s][info][gc             ] GC(1483) Pause Young (Allocation Failure) 633M->529M(835M) 107.164ms
[529.002s][info][gc,cpu         ] GC(1483) User=0.21s Sys=0.00s Real=0.10s
[529.132s][info][gc,start       ] GC(1484) Pause Young (Allocation Failure)
[529.214s][info][gc,heap        ] GC(1484) PSYoungGen: 191056K(222720K)->77840K(222720K) Eden: 111616K(111616K)->0K(111616K) From: 79440K(111104K)->77840K(111104K)
[529.214s][info][gc,heap        ] GC(1484) ParOldGen: 463003K(632832K)->465627K(632832K)
[529.214s][info][gc,metaspace   ] GC(1484) Metaspace: 18847K(19008K)->18847K(19008K) NonClass: 17018K(17152K)->17018K(17152K) Class: 1829K(1856K)->1829K(1856K)
[529.214s][info][gc             ] GC(1484) Pause Young (Allocation Failure) 638M->530M(835M) 82.324ms
[529.214s][info][gc,cpu         ] GC(1484) User=0.16s Sys=0.00s Real=0.08s
[529.297s][info][gc,start       ] GC(1485) Pause Young (Allocation Failure)
[529.377s][info][gc,heap        ] GC(1485) PSYoungGen: 189456K(222720K)->70464K(222720K) Eden: 111616K(111616K)->0K(111616K) From: 77840K(111104K)->70464K(111104K)
[529.377s][info][gc,heap        ] GC(1485) ParOldGen: 465627K(632832K)->473043K(632832K)
[529.377s][info][gc,metaspace   ] GC(1485) Metaspace: 18847K(19008K)->18847K(19008K) NonClass: 17018K(17152K)->17018K(17152K) Class: 1829K(1856K)->1829K(1856K)
[529.377s][info][gc             ] GC(1485) Pause Young (Allocation Failure) 639M->530M(835M) 79.559ms
[529.377s][info][gc,cpu         ] GC(1485) User=0.16s Sys=0.00s Real=0.08s
[529.511s][info][gc,start       ] GC(1486) Pause Young (Allocation Failure)
[529.591s][info][gc,heap        ] GC(1486) PSYoungGen: 182080K(222720K)->41824K(222720K) Eden: 111616K(111616K)->0K(111616K) From: 70464K(111104K)->41824K(111104K)
[529.591s][info][gc,heap        ] GC(1486) ParOldGen: 473043K(632832K)->508771K(632832K)
[529.591s][info][gc,metaspace   ] GC(1486) Metaspace: 18847K(19008K)->18847K(19008K) NonClass: 17018K(17152K)->17018K(17152K) Class: 1829K(1856K)->1829K(1856K)
[529.591s][info][gc             ] GC(1486) Pause Young (Allocation Failure) 639M->537M(835M) 79.864ms
[529.591s][info][gc,cpu         ] GC(1486) User=0.16s Sys=0.00s Real=0.08s
[529.735s][info][gc,start       ] GC(1487) Pause Young (Allocation Failure)
[529.790s][info][gc,heap        ] GC(1487) PSYoungGen: 153440K(222720K)->23776K(222720K) Eden: 111616K(111616K)->0K(111616K) From: 41824K(111104K)->23776K(111104K)
[529.790s][info][gc,heap        ] GC(1487) ParOldGen: 508771K(632832K)->536387K(632832K)
[529.790s][info][gc,metaspace   ] GC(1487) Metaspace: 18847K(19008K)->18847K(19008K) NonClass: 17018K(17152K)->17018K(17152K) Class: 1829K(1856K)->1829K(1856K)
[529.790s][info][gc             ] GC(1487) Pause Young (Allocation Failure) 646M->547M(835M) 55.116ms
[529.790s][info][gc,cpu         ] GC(1487) User=0.11s Sys=0.00s Real=0.05s
[530.100s][info][gc,start       ] GC(1488) Pause Young (Allocation Failure)
[530.128s][info][gc,heap        ] GC(1488) PSYoungGen: 135392K(222720K)->17632K(222720K) Eden: 111616K(111616K)->0K(111616K) From: 23776K(111104K)->17632K(111104K)
[530.128s][info][gc,heap        ] GC(1488) ParOldGen: 536387K(632832K)->542579K(632832K)
[530.128s][info][gc,metaspace   ] GC(1488) Metaspace: 18847K(19008K)->18847K(19008K) NonClass: 17018K(17152K)->17018K(17152K) Class: 1829K(1856K)->1829K(1856K)
[530.128s][info][gc             ] GC(1488) Pause Young (Allocation Failure) 656M->547M(835M) 27.587ms
[530.128s][info][gc,cpu         ] GC(1488) User=0.05s Sys=0.00s Real=0.03s
[530.438s][info][gc,start       ] GC(1489) Pause Young (Allocation Failure)
[530.458s][info][gc,heap        ] GC(1489) PSYoungGen: 129248K(222720K)->16640K(222720K) Eden: 111616K(111616K)->0K(111616K) From: 17632K(111104K)->16640K(111104K)
[530.458s][info][gc,heap        ] GC(1489) ParOldGen: 542579K(632832K)->543691K(632832K)
[530.458s][info][gc,metaspace   ] GC(1489) Metaspace: 18847K(19008K)->18847K(19008K) NonClass: 17018K(17152K)->17018K(17152K) Class: 1829K(1856K)->1829K(1856K)
[530.458s][info][gc             ] GC(1489) Pause Young (Allocation Failure) 656M->547M(835M) 20.194ms
[530.458s][info][gc,cpu         ] GC(1489) User=0.04s Sys=0.00s Real=0.02s
[530.729s][info][gc,start       ] GC(1490) Pause Young (Allocation Failure)
[530.749s][info][gc,heap        ] GC(1490) PSYoungGen: 128256K(222720K)->464K(222720K) Eden: 111616K(111616K)->0K(111616K) From: 16640K(111104K)->464K(111104K)
[530.749s][info][gc,heap        ] GC(1490) ParOldGen: 543691K(632832K)->560195K(632832K)
[530.749s][info][gc,metaspace   ] GC(1490) Metaspace: 18847K(19008K)->18847K(19008K) NonClass: 17018K(17152K)->17018K(17152K) Class: 1829K(1856K)->1829K(1856K)
[530.749s][info][gc             ] GC(1490) Pause Young (Allocation Failure) 656M->547M(835M) 20.102ms
[530.749s][info][gc,cpu         ] GC(1490) User=0.04s Sys=0.00s Real=0.02s
[531.002s][info][gc,start       ] GC(1491) Pause Young (Allocation Failure)
[531.005s][info][gc,heap        ] GC(1491) PSYoungGen: 112080K(222720K)->576K(222720K) Eden: 111616K(111616K)->0K(111616K) From: 464K(111104K)->576K(111104K)
[531.005s][info][gc,heap        ] GC(1491) ParOldGen: 560195K(632832K)->560388K(632832K)
[531.005s][info][gc,metaspace   ] GC(1491) Metaspace: 18847K(19008K)->18847K(19008K) NonClass: 17018K(17152K)->17018K(17152K) Class: 1829K(1856K)->1829K(1856K)
[531.005s][info][gc             ] GC(1491) Pause Young (Allocation Failure) 656M->547M(835M) 3.058ms
[531.005s][info][gc,cpu         ] GC(1491) User=0.00s Sys=0.00s Real=0.01s
[531.259s][info][gc,start       ] GC(1492) Pause Young (Allocation Failure)
[531.262s][info][gc,heap        ] GC(1492) PSYoungGen: 112192K(222720K)->64K(222720K) Eden: 111616K(111616K)->0K(111616K) From: 576K(111104K)->64K(111104K)
[531.262s][info][gc,heap        ] GC(1492) ParOldGen: 560388K(632832K)->560516K(632832K)
[531.262s][info][gc,metaspace   ] GC(1492) Metaspace: 18847K(19008K)->18847K(19008K) NonClass: 17018K(17152K)->17018K(17152K) Class: 1829K(1856K)->1829K(1856K)
[531.262s][info][gc             ] GC(1492) Pause Young (Allocation Failure) 656M->547M(835M) 2.834ms
[531.262s][info][gc,cpu         ] GC(1492) User=0.00s Sys=0.00s Real=0.00s
[531.496s][info][gc,start       ] GC(1493) Pause Young (Allocation Failure)
[531.504s][info][gc,heap        ] GC(1493) PSYoungGen: 111680K(222720K)->5664K(222720K) Eden: 111616K(111616K)->0K(111616K) From: 64K(111104K)->5664K(111104K)
[531.504s][info][gc,heap        ] GC(1493) ParOldGen: 560516K(632832K)->560548K(632832K)
[531.504s][info][gc,metaspace   ] GC(1493) Metaspace: 18847K(19008K)->18847K(19008K) NonClass: 17018K(17152K)->17018K(17152K) Class: 1829K(1856K)->1829K(1856K)
[531.504s][info][gc             ] GC(1493) Pause Young (Allocation Failure) 656M->552M(835M) 8.091ms
[531.504s][info][gc,cpu         ] GC(1493) User=0.01s Sys=0.00s Real=0.00s
[531.695s][info][gc,start       ] GC(1494) Pause Young (Allocation Failure)
[531.719s][info][gc,heap        ] GC(1494) PSYoungGen: 117280K(222720K)->21504K(222720K) Eden: 111616K(111616K)->0K(111616K) From: 5664K(111104K)->21504K(111104K)
[531.719s][info][gc,heap        ] GC(1494) ParOldGen: 560548K(632832K)->566188K(632832K)
[531.719s][info][gc,metaspace   ] GC(1494) Metaspace: 18847K(19008K)->18847K(19008K) NonClass: 17018K(17152K)->17018K(17152K) Class: 1829K(1856K)->1829K(1856K)
[531.719s][info][gc             ] GC(1494) Pause Young (Allocation Failure) 661M->573M(835M) 24.024ms
[531.719s][info][gc,cpu         ] GC(1494) User=0.04s Sys=0.00s Real=0.02s
[531.783s][info][gc,start       ] GC(1495) Pause Young (Allocation Failure)
[531.829s][info][gc,heap        ] GC(1495) PSYoungGen: 133120K(222720K)->41984K(222720K) Eden: 111616K(111616K)->0K(111616K) From: 21504K(111104K)->41984K(111104K)
[531.829s][info][gc,heap        ] GC(1495) ParOldGen: 566188K(632832K)->587916K(632832K)
[531.829s][info][gc,metaspace   ] GC(1495) Metaspace: 18847K(19008K)->18847K(19008K) NonClass: 17018K(17152K)->17018K(17152K) Class: 1829K(1856K)->1829K(1856K)
[531.829s][info][gc             ] GC(1495) Pause Young (Allocation Failure) 682M->615M(835M) 45.903ms
[531.829s][info][gc,cpu         ] GC(1495) User=0.09s Sys=0.00s Real=0.05s
[531.889s][info][gc,start       ] GC(1496) Pause Young (Allocation Failure)
[531.947s][info][gc,heap        ] GC(1496) PSYoungGen: 153600K(222720K)->40800K(222720K) Eden: 111616K(111616K)->0K(111616K) From: 41984K(111104K)->40800K(111104K)
[531.947s][info][gc,heap        ] GC(1496) ParOldGen: 587916K(632832K)->630364K(632832K)
[531.947s][info][gc,metaspace   ] GC(1496) Metaspace: 18847K(19008K)->18847K(19008K) NonClass: 17018K(17152K)->17018K(17152K) Class: 1829K(1856K)->1829K(1856K)
[531.947s][info][gc             ] GC(1496) Pause Young (Allocation Failure) 724M->655M(835M) 57.411ms
[531.947s][info][gc,cpu         ] GC(1496) User=0.12s Sys=0.00s Real=0.06s
[532.009s][info][gc,start       ] GC(1497) Pause Full (Allocation Failure)
[532.009s][info][gc,phases,start] GC(1497) Marking Phase
[532.384s][info][gc,phases      ] GC(1497) Marking Phase 375.475ms
[532.384s][info][gc,phases,start] GC(1497) Summary Phase
[532.384s][info][gc,phases      ] GC(1497) Summary Phase 0.030ms
[532.384s][info][gc,phases,start] GC(1497) Forward
[532.512s][info][gc,phases      ] GC(1497) Forward 127.719ms
[532.512s][info][gc,phases,start] GC(1497) Adjust Pointers
[532.796s][info][gc,phases      ] GC(1497) Adjust Pointers 283.265ms
[532.796s][info][gc,phases,start] GC(1497) Compaction Phase
[532.971s][info][gc,phases      ] GC(1497) Compaction Phase 174.935ms
[532.978s][info][gc,phases,start] GC(1497) Post Compact
[532.980s][info][gc,phases      ] GC(1497) Post Compact 2.259ms
[532.980s][info][gc,heap        ] GC(1497) PSYoungGen: 152416K(222720K)->0K(222720K) Eden: 111616K(111616K)->0K(111616K) From: 40800K(111104K)->0K(111104K)
[532.980s][info][gc,heap        ] GC(1497) ParOldGen: 630364K(632832K)->538718K(667648K)
[532.980s][info][gc,metaspace   ] GC(1497) Metaspace: 18847K(19008K)->18847K(19008K) NonClass: 17018K(17152K)->17018K(17152K) Class: 1829K(1856K)->1829K(1856K)
[532.980s][info][gc             ] GC(1497) Pause Full (Allocation Failure) 764M->526M(869M) 971.574ms
[532.980s][info][gc,cpu         ] GC(1497) User=1.82s Sys=0.00s Real=0.97s
[533.126s][info][gc,start       ] GC(1498) Pause Young (Allocation Failure)
[533.165s][info][gc,heap        ] GC(1498) PSYoungGen: 111616K(222720K)->44389K(156160K) Eden: 111616K(111616K)->0K(111616K) From: 0K(111104K)->44389K(44544K)
[533.165s][info][gc,heap        ] GC(1498) ParOldGen: 538718K(667648K)->538718K(667648K)
[533.165s][info][gc,metaspace   ] GC(1498) Metaspace: 18847K(19008K)->18847K(19008K) NonClass: 17018K(17152K)->17018K(17152K) Class: 1829K(1856K)->1829K(1856K)
[533.165s][info][gc             ] GC(1498) Pause Young (Allocation Failure) 635M->569M(804M) 39.182ms
[533.165s][info][gc,cpu         ] GC(1498) User=0.08s Sys=0.00s Real=0.04s
[533.356s][info][gc,start       ] GC(1499) Pause Young (Allocation Failure)
[533.410s][info][gc,heap        ] GC(1499) PSYoungGen: 156005K(156160K)->67893K(216576K) Eden: 111616K(111616K)->0K(108544K) From: 44389K(44544K)->67893K(108032K)
[533.410s][info][gc,heap        ] GC(1499) ParOldGen: 538718K(667648K)->538718K(667648K)
[533.410s][info][gc,metaspace   ] GC(1499) Metaspace: 18847K(19008K)->18847K(19008K) NonClass: 17018K(17152K)->17018K(17152K) Class: 1829K(1856K)->1829K(1856K)
[533.410s][info][gc             ] GC(1499) Pause Young (Allocation Failure) 678M->592M(863M) 53.489ms
[533.410s][info][gc,cpu         ] GC(1499) User=0.10s Sys=0.00s Real=0.05s
[533.554s][info][gc,start       ] GC(1500) Pause Young (Allocation Failure)
[533.638s][info][gc,heap        ] GC(1500) PSYoungGen: 176437K(216576K)->16160K(219648K) Eden: 108544K(108544K)->0K(108544K) From: 67893K(108032K)->16160K(111104K)
[533.638s][info][gc,heap        ] GC(1500) ParOldGen: 538718K(667648K)->607280K(667648K)
[533.638s][info][gc,metaspace   ] GC(1500) Metaspace: 18847K(19008K)->18847K(19008K) NonClass: 17018K(17152K)->17018K(17152K) Class: 1829K(1856K)->1829K(1856K)
[533.638s][info][gc             ] GC(1500) Pause Young (Allocation Failure) 698M->608M(866M) 84.336ms
[533.638s][info][gc,cpu         ] GC(1500) User=0.17s Sys=0.00s Real=0.09s
[533.741s][info][gc,start       ] GC(1501) Pause Full (Allocation Failure)
[533.742s][info][gc,phases,start] GC(1501) Marking Phase
[534.050s][info][gc,phases      ] GC(1501) Marking Phase 308.755ms
[534.050s][info][gc,phases,start] GC(1501) Summary Phase
[534.050s][info][gc,phases      ] GC(1501) Summary Phase 0.027ms
[534.050s][info][gc,phases,start] GC(1501) Forward
[534.152s][info][gc,phases      ] GC(1501) Forward 101.558ms
[534.152s][info][gc,phases,start] GC(1501) Adjust Pointers
[534.383s][info][gc,phases      ] GC(1501) Adjust Pointers 231.149ms
[534.383s][info][gc,phases,start] GC(1501) Compaction Phase
[534.518s][info][gc,phases      ] GC(1501) Compaction Phase 135.129ms
[534.525s][info][gc,phases,start] GC(1501) Post Compact
[534.527s][info][gc,phases      ] GC(1501) Post Compact 2.196ms
[534.527s][info][gc,heap        ] GC(1501) PSYoungGen: 124704K(219648K)->0K(221696K) Eden: 108544K(108544K)->0K(113664K) From: 16160K(111104K)->0K(108032K)
[534.527s][info][gc,heap        ] GC(1501) ParOldGen: 607280K(667648K)->427572K(667648K)
[534.527s][info][gc,metaspace   ] GC(1501) Metaspace: 18847K(19008K)->18847K(19008K) NonClass: 17018K(17152K)->17018K(17152K) Class: 1829K(1856K)->1829K(1856K)
[534.527s][info][gc             ] GC(1501) Pause Full (Allocation Failure) 714M->417M(868M) 785.513ms
[534.527s][info][gc,cpu         ] GC(1501) User=1.48s Sys=0.00s Real=0.79s
[534.678s][info][gc,start       ] GC(1502) Pause Young (Allocation Failure)
[534.716s][info][gc,heap        ] GC(1502) PSYoungGen: 113664K(221696K)->19373K(133120K) Eden: 113664K(113664K)->0K(113664K) From: 0K(108032K)->19373K(19456K)
[534.716s][info][gc,heap        ] GC(1502) ParOldGen: 427572K(667648K)->427572K(667648K)
[534.716s][info][gc,metaspace   ] GC(1502) Metaspace: 18847K(19008K)->18847K(19008K) NonClass: 17018K(17152K)->17018K(17152K) Class: 1829K(1856K)->1829K(1856K)
[534.716s][info][gc             ] GC(1502) Pause Young (Allocation Failure) 528M->436M(782M) 38.280ms
[534.716s][info][gc,cpu         ] GC(1502) User=0.08s Sys=0.00s Real=0.04s
[534.878s][info][gc,start       ] GC(1503) Pause Young (Allocation Failure)
[534.932s][info][gc,heap        ] GC(1503) PSYoungGen: 133037K(133120K)->30893K(217600K) Eden: 113664K(113664K)->0K(120832K) From: 19373K(19456K)->30893K(96768K)
[534.932s][info][gc,heap        ] GC(1503) ParOldGen: 427572K(667648K)->427572K(667648K)
[534.932s][info][gc,metaspace   ] GC(1503) Metaspace: 18847K(19008K)->18847K(19008K) NonClass: 17018K(17152K)->17018K(17152K) Class: 1829K(1856K)->1829K(1856K)
[534.932s][info][gc             ] GC(1503) Pause Young (Allocation Failure) 547M->447M(864M) 54.056ms
[534.932s][info][gc,cpu         ] GC(1503) User=0.10s Sys=0.00s Real=0.05s
[535.105s][info][gc,start       ] GC(1504) Pause Young (Allocation Failure)
[535.156s][info][gc,heap        ] GC(1504) PSYoungGen: 151725K(217600K)->30893K(219648K) Eden: 120832K(120832K)->0K(120832K) From: 30893K(96768K)->30893K(98816K)
[535.156s][info][gc,heap        ] GC(1504) ParOldGen: 427572K(667648K)->427572K(667648K)
[535.156s][info][gc,metaspace   ] GC(1504) Metaspace: 18847K(19008K)->18847K(19008K) NonClass: 17018K(17152K)->17018K(17152K) Class: 1829K(1856K)->1829K(1856K)
[535.156s][info][gc             ] GC(1504) Pause Young (Allocation Failure) 565M->447M(866M) 51.354ms
[535.156s][info][gc,cpu         ] GC(1504) User=0.10s Sys=0.00s Real=0.05s
[535.329s][info][gc,start       ] GC(1505) Pause Young (Allocation Failure)
[535.381s][info][gc,heap        ] GC(1505) PSYoungGen: 151725K(219648K)->30893K(211968K) Eden: 120832K(120832K)->0K(129024K) From: 30893K(98816K)->30893K(82944K)
[535.381s][info][gc,heap        ] GC(1505) ParOldGen: 427572K(667648K)->427572K(667648K)
[535.381s][info][gc,metaspace   ] GC(1505) Metaspace: 18847K(19008K)->18847K(19008K) NonClass: 17018K(17152K)->17018K(17152K) Class: 1829K(1856K)->1829K(1856K)
[535.381s][info][gc             ] GC(1505) Pause Young (Allocation Failure) 565M->447M(859M) 51.799ms
[535.381s][info][gc,cpu         ] GC(1505) User=0.10s Sys=0.01s Real=0.05s
[535.564s][info][gc,start       ] GC(1506) Pause Young (Allocation Failure)
[535.615s][info][gc,heap        ] GC(1506) PSYoungGen: 159917K(211968K)->30925K(217088K) Eden: 129024K(129024K)->0K(129024K) From: 30893K(82944K)->30925K(88064K)
[535.615s][info][gc,heap        ] GC(1506) ParOldGen: 427572K(667648K)->427572K(667648K)
[535.615s][info][gc,metaspace   ] GC(1506) Metaspace: 18847K(19008K)->18847K(19008K) NonClass: 17018K(17152K)->17018K(17152K) Class: 1829K(1856K)->1829K(1856K)
[535.615s][info][gc             ] GC(1506) Pause Young (Allocation Failure) 573M->447M(864M) 51.126ms
[535.615s][info][gc,cpu         ] GC(1506) User=0.10s Sys=0.00s Real=0.06s
[535.802s][info][gc,start       ] GC(1507) Pause Young (Allocation Failure)
[535.854s][info][gc,heap        ] GC(1507) PSYoungGen: 159949K(217088K)->30893K(212480K) Eden: 129024K(129024K)->0K(137728K) From: 30925K(88064K)->30893K(74752K)
[535.854s][info][gc,heap        ] GC(1507) ParOldGen: 427572K(667648K)->427572K(667648K)
[535.854s][info][gc,metaspace   ] GC(1507) Metaspace: 18847K(19008K)->18847K(19008K) NonClass: 17018K(17152K)->17018K(17152K) Class: 1829K(1856K)->1829K(1856K)
[535.854s][info][gc             ] GC(1507) Pause Young (Allocation Failure) 573M->447M(859M) 51.808ms
[535.854s][info][gc,cpu         ] GC(1507) User=0.10s Sys=0.00s Real=0.05s
[536.050s][info][gc,start       ] GC(1508) Pause Young (Allocation Failure)
[536.102s][info][gc,heap        ] GC(1508) PSYoungGen: 168621K(212480K)->30902K(216576K) Eden: 137728K(137728K)->0K(137728K) From: 30893K(74752K)->30902K(78848K)
[536.102s][info][gc,heap        ] GC(1508) ParOldGen: 427572K(667648K)->427572K(667648K)
[536.102s][info][gc,metaspace   ] GC(1508) Metaspace: 18847K(19008K)->18847K(19008K) NonClass: 17018K(17152K)->17018K(17152K) Class: 1829K(1856K)->1829K(1856K)
[536.102s][info][gc             ] GC(1508) Pause Young (Allocation Failure) 582M->447M(863M) 51.421ms
[536.102s][info][gc,cpu         ] GC(1508) User=0.10s Sys=0.00s Real=0.05s
[536.301s][info][gc,start       ] GC(1509) Pause Young (Allocation Failure)
[536.352s][info][gc,heap        ] GC(1509) PSYoungGen: 168630K(216576K)->30902K(212480K) Eden: 137728K(137728K)->0K(146432K) From: 30902K(78848K)->30902K(66048K)
[536.352s][info][gc,heap        ] GC(1509) ParOldGen: 427572K(667648K)->427572K(667648K)
[536.352s][info][gc,metaspace   ] GC(1509) Metaspace: 18847K(19008K)->18847K(19008K) NonClass: 17018K(17152K)->17018K(17152K) Class: 1829K(1856K)->1829K(1856K)
[536.352s][info][gc             ] GC(1509) Pause Young (Allocation Failure) 582M->447M(859M) 51.409ms
[536.352s][info][gc,cpu         ] GC(1509) User=0.10s Sys=0.00s Real=0.05s
[536.559s][info][gc,start       ] GC(1510) Pause Young (Allocation Failure)
[536.609s][info][gc,heap        ] GC(1510) PSYoungGen: 177334K(212480K)->30893K(217088K) Eden: 146432K(146432K)->0K(146432K) From: 30902K(66048K)->30893K(70656K)
[536.609s][info][gc,heap        ] GC(1510) ParOldGen: 427572K(667648K)->427572K(667648K)
[536.609s][info][gc,metaspace   ] GC(1510) Metaspace: 18847K(19008K)->18847K(19008K) NonClass: 17018K(17152K)->17018K(17152K) Class: 1829K(1856K)->1829K(1856K)
[536.609s][info][gc             ] GC(1510) Pause Young (Allocation Failure) 590M->447M(864M) 50.446ms
[536.609s][info][gc,cpu         ] GC(1510) User=0.10s Sys=0.00s Real=0.05s
[536.774s][info][gc,start       ] GC(1511) Pause Young (Allocation Failure)
[536.842s][info][gc,heap        ] GC(1511) PSYoungGen: 177325K(217088K)->46765K(221696K) Eden: 146432K(146432K)->0K(154112K) From: 30893K(70656K)->46765K(67584K)
[536.842s][info][gc,heap        ] GC(1511) ParOldGen: 427572K(667648K)->427572K(667648K)
[536.842s][info][gc,metaspace   ] GC(1511) Metaspace: 18847K(19008K)->18847K(19008K) NonClass: 17018K(17152K)->17018K(17152K) Class: 1829K(1856K)->1829K(1856K)
[536.842s][info][gc             ] GC(1511) Pause Young (Allocation Failure) 590M->463M(868M) 68.524ms
[536.842s][info][gc,cpu         ] GC(1511) User=0.13s Sys=0.00s Real=0.07s
[536.982s][info][gc,start       ] GC(1512) Pause Young (Allocation Failure)
[537.064s][info][gc,heap        ] GC(1512) PSYoungGen: 200877K(221696K)->62221K(223232K) Eden: 154112K(154112K)->0K(154112K) From: 46765K(67584K)->62221K(69120K)
[537.064s][info][gc,heap        ] GC(1512) ParOldGen: 427572K(667648K)->427572K(667648K)
[537.064s][info][gc,metaspace   ] GC(1512) Metaspace: 18847K(19008K)->18847K(19008K) NonClass: 17018K(17152K)->17018K(17152K) Class: 1829K(1856K)->1829K(1856K)
[537.064s][info][gc             ] GC(1512) Pause Young (Allocation Failure) 613M->478M(870M) 82.389ms
[537.064s][info][gc,cpu         ] GC(1512) User=0.16s Sys=0.00s Real=0.08s
[537.195s][info][gc,start       ] GC(1513) Pause Young (Allocation Failure)
[537.288s][info][gc,heap        ] GC(1513) PSYoungGen: 216333K(223232K)->64653K(236032K) Eden: 154112K(154112K)->0K(159744K) From: 62221K(69120K)->64653K(76288K)
[537.288s][info][gc,heap        ] GC(1513) ParOldGen: 427572K(667648K)->427572K(667648K)
[537.288s][info][gc,metaspace   ] GC(1513) Metaspace: 18847K(19008K)->18847K(19008K) NonClass: 17018K(17152K)->17018K(17152K) Class: 1829K(1856K)->1829K(1856K)
[537.288s][info][gc             ] GC(1513) Pause Young (Allocation Failure) 628M->480M(882M) 93.325ms
[537.288s][info][gc,cpu         ] GC(1513) User=0.17s Sys=0.01s Real=0.09s
[537.425s][info][gc,start       ] GC(1514) Pause Young (Allocation Failure)
[537.512s][info][gc,heap        ] GC(1514) PSYoungGen: 224397K(236032K)->66157K(242176K) Eden: 159744K(159744K)->0K(159744K) From: 64653K(76288K)->66157K(82432K)
[537.512s][info][gc,heap        ] GC(1514) ParOldGen: 427572K(667648K)->427572K(667648K)
[537.512s][info][gc,metaspace   ] GC(1514) Metaspace: 18847K(19008K)->18847K(19008K) NonClass: 17018K(17152K)->17018K(17152K) Class: 1829K(1856K)->1829K(1856K)
[537.512s][info][gc             ] GC(1514) Pause Young (Allocation Failure) 636M->482M(888M) 87.367ms
[537.512s][info][gc,cpu         ] GC(1514) User=0.17s Sys=0.00s Real=0.08s
[537.684s][info][gc,start       ] GC(1515) Pause Young (Allocation Failure)
[537.784s][info][gc,heap        ] GC(1515) PSYoungGen: 225901K(242176K)->74445K(231424K) Eden: 159744K(159744K)->0K(143360K) From: 66157K(82432K)->74445K(88064K)
[537.784s][info][gc,heap        ] GC(1515) ParOldGen: 427572K(667648K)->427572K(667648K)
[537.784s][info][gc,metaspace   ] GC(1515) Metaspace: 18847K(19008K)->18847K(19008K) NonClass: 17018K(17152K)->17018K(17152K) Class: 1829K(1856K)->1829K(1856K)
[537.784s][info][gc             ] GC(1515) Pause Young (Allocation Failure) 638M->490M(878M) 100.005ms
[537.784s][info][gc,cpu         ] GC(1515) User=0.19s Sys=0.01s Real=0.10s
[538.075s][info][gc,start       ] GC(1516) Pause Young (Allocation Failure)
[538.169s][info][gc,heap        ] GC(1516) PSYoungGen: 217805K(231424K)->74861K(218624K) Eden: 143360K(143360K)->0K(143360K) From: 74445K(88064K)->74861K(75264K)
[538.169s][info][gc,heap        ] GC(1516) ParOldGen: 427572K(667648K)->427572K(667648K)
[538.169s][info][gc,metaspace   ] GC(1516) Metaspace: 18847K(19008K)->18847K(19008K) NonClass: 17018K(17152K)->17018K(17152K) Class: 1829K(1856K)->1829K(1856K)
[538.169s][info][gc             ] GC(1516) Pause Young (Allocation Failure) 630M->490M(865M) 94.230ms
[538.169s][info][gc,cpu         ] GC(1516) User=0.19s Sys=0.00s Real=0.09s
[538.431s][info][gc,start       ] GC(1517) Pause Young (Allocation Failure)
[538.525s][info][gc,heap        ] GC(1517) PSYoungGen: 218221K(218624K)->56704K(235008K) Eden: 143360K(143360K)->0K(133632K) From: 74861K(75264K)->56704K(101376K)
[538.525s][info][gc,heap        ] GC(1517) ParOldGen: 427572K(667648K)->445934K(667648K)
[538.525s][info][gc,metaspace   ] GC(1517) Metaspace: 18847K(19008K)->18847K(19008K) NonClass: 17018K(17152K)->17018K(17152K) Class: 1829K(1856K)->1829K(1856K)
[538.525s][info][gc             ] GC(1517) Pause Young (Allocation Failure) 630M->490M(881M) 94.429ms
[538.525s][info][gc,cpu         ] GC(1517) User=0.19s Sys=0.00s Real=0.10s
[538.770s][info][gc,start       ] GC(1518) Pause Young (Allocation Failure)
[538.834s][info][gc,heap        ] GC(1518) PSYoungGen: 190336K(235008K)->44384K(178176K) Eden: 133632K(133632K)->0K(133632K) From: 56704K(101376K)->44384K(44544K)
[538.834s][info][gc,heap        ] GC(1518) ParOldGen: 445934K(667648K)->458550K(667648K)
[538.834s][info][gc,metaspace   ] GC(1518) Metaspace: 18847K(19008K)->18847K(19008K) NonClass: 17018K(17152K)->17018K(17152K) Class: 1829K(1856K)->1829K(1856K)
[538.834s][info][gc             ] GC(1518) Pause Young (Allocation Failure) 621M->491M(826M) 63.770ms
[538.834s][info][gc,cpu         ] GC(1518) User=0.12s Sys=0.00s Real=0.06s
[539.089s][info][gc,start       ] GC(1519) Pause Young (Allocation Failure)
[539.134s][info][gc,heap        ] GC(1519) PSYoungGen: 178016K(178176K)->44192K(231936K) Eden: 133632K(133632K)->0K(137216K) From: 44384K(44544K)->44192K(94720K)
[539.134s][info][gc,heap        ] GC(1519) ParOldGen: 458550K(667648K)->458550K(667648K)
[539.134s][info][gc,metaspace   ] GC(1519) Metaspace: 18847K(19008K)->18847K(19008K) NonClass: 17018K(17152K)->17018K(17152K) Class: 1829K(1856K)->1829K(1856K)
[539.134s][info][gc             ] GC(1519) Pause Young (Allocation Failure) 621M->490M(878M) 45.249ms
[539.134s][info][gc,cpu         ] GC(1519) User=0.09s Sys=0.00s Real=0.04s
[539.325s][info][gc,start       ] GC(1520) Pause Young (Allocation Failure)
[539.381s][info][gc,heap        ] GC(1520) PSYoungGen: 181408K(231936K)->58176K(228352K) Eden: 137216K(137216K)->0K(137216K) From: 44192K(94720K)->58176K(91136K)
[539.381s][info][gc,heap        ] GC(1520) ParOldGen: 458550K(667648K)->458550K(667648K)
[539.381s][info][gc,metaspace   ] GC(1520) Metaspace: 18847K(19008K)->18847K(19008K) NonClass: 17018K(17152K)->17018K(17152K) Class: 1829K(1856K)->1829K(1856K)
[539.381s][info][gc             ] GC(1520) Pause Young (Allocation Failure) 624M->504M(875M) 55.776ms
[539.381s][info][gc,cpu         ] GC(1520) User=0.11s Sys=0.00s Real=0.05s
[539.534s][info][gc,start       ] GC(1521) Pause Young (Allocation Failure)
[539.590s][info][gc,heap        ] GC(1521) PSYoungGen: 195392K(228352K)->58208K(235520K) Eden: 137216K(137216K)->0K(146944K) From: 58176K(91136K)->58208K(88576K)
[539.590s][info][gc,heap        ] GC(1521) ParOldGen: 458550K(667648K)->458550K(667648K)
[539.590s][info][gc,metaspace   ] GC(1521) Metaspace: 18847K(19008K)->18847K(19008K) NonClass: 17018K(17152K)->17018K(17152K) Class: 1829K(1856K)->1829K(1856K)
[539.590s][info][gc             ] GC(1521) Pause Young (Allocation Failure) 638M->504M(882M) 56.563ms
[539.590s][info][gc,cpu         ] GC(1521) User=0.12s Sys=0.00s Real=0.06s
[539.712s][info][gc,start       ] GC(1522) Pause Young (Allocation Failure)
[539.799s][info][gc,heap        ] GC(1522) PSYoungGen: 205152K(235520K)->89568K(236544K) Eden: 146944K(146944K)->0K(146944K) From: 58208K(88576K)->89568K(89600K)
[539.799s][info][gc,heap        ] GC(1522) ParOldGen: 458550K(667648K)->468190K(667648K)
[539.799s][info][gc,metaspace   ] GC(1522) Metaspace: 18847K(19008K)->18847K(19008K) NonClass: 17018K(17152K)->17018K(17152K) Class: 1829K(1856K)->1829K(1856K)
[539.800s][info][gc             ] GC(1522) Pause Young (Allocation Failure) 648M->544M(883M) 87.376ms
[539.800s][info][gc,cpu         ] GC(1522) User=0.17s Sys=0.00s Real=0.09s
[540.006s][info][gc,start       ] GC(1523) Pause Young (Allocation Failure)
[540.104s][info][gc,heap        ] GC(1523) PSYoungGen: 236512K(236544K)->97280K(208896K) Eden: 146944K(146944K)->0K(111616K) From: 89568K(89600K)->97280K(97280K)
[540.104s][info][gc,heap        ] GC(1523) ParOldGen: 468190K(667648K)->478721K(667648K)
[540.104s][info][gc,metaspace   ] GC(1523) Metaspace: 18847K(19008K)->18847K(19008K) NonClass: 17018K(17152K)->17018K(17152K) Class: 1829K(1856K)->1829K(1856K)
[540.104s][info][gc             ] GC(1523) Pause Young (Allocation Failure) 688M->562M(856M) 97.584ms
[540.104s][info][gc,cpu         ] GC(1523) User=0.19s Sys=0.00s Real=0.09s
[540.256s][info][gc,start       ] GC(1524) Pause Young (Allocation Failure)
[540.363s][info][gc,heap        ] GC(1524) PSYoungGen: 208896K(208896K)->94048K(222720K) Eden: 111616K(111616K)->0K(111616K) From: 97280K(97280K)->94048K(111104K)
[540.363s][info][gc,heap        ] GC(1524) ParOldGen: 478721K(667648K)->494641K(667648K)
[540.363s][info][gc,metaspace   ] GC(1524) Metaspace: 18847K(19008K)->18847K(19008K) NonClass: 17018K(17152K)->17018K(17152K) Class: 1829K(1856K)->1829K(1856K)
[540.363s][info][gc             ] GC(1524) Pause Young (Allocation Failure) 671M->574M(869M) 107.762ms
[540.363s][info][gc,cpu         ] GC(1524) User=0.21s Sys=0.00s Real=0.10s
[540.512s][info][gc,start       ] GC(1525) Pause Young (Allocation Failure)
[540.606s][info][gc,heap        ] GC(1525) PSYoungGen: 205664K(222720K)->76160K(222720K) Eden: 111616K(111616K)->0K(111616K) From: 94048K(111104K)->76160K(111104K)
[540.606s][info][gc,heap        ] GC(1525) ParOldGen: 494641K(667648K)->512577K(667648K)
[540.606s][info][gc,metaspace   ] GC(1525) Metaspace: 18847K(19008K)->18847K(19008K) NonClass: 17018K(17152K)->17018K(17152K) Class: 1829K(1856K)->1829K(1856K)
[540.606s][info][gc             ] GC(1525) Pause Young (Allocation Failure) 683M->574M(869M) 93.491ms
[540.606s][info][gc,cpu         ] GC(1525) User=0.18s Sys=0.00s Real=0.10s
[540.758s][info][gc,start       ] GC(1526) Pause Young (Allocation Failure)
[540.837s][info][gc,heap        ] GC(1526) PSYoungGen: 187776K(222720K)->66368K(222720K) Eden: 111616K(111616K)->0K(111616K) From: 76160K(111104K)->66368K(111104K)
[540.837s][info][gc,heap        ] GC(1526) ParOldGen: 512577K(667648K)->522401K(667648K)
[540.837s][info][gc,metaspace   ] GC(1526) Metaspace: 18847K(19008K)->18847K(19008K) NonClass: 17018K(17152K)->17018K(17152K) Class: 1829K(1856K)->1829K(1856K)
[540.837s][info][gc             ] GC(1526) Pause Young (Allocation Failure) 683M->574M(869M) 79.633ms
[540.837s][info][gc,cpu         ] GC(1526) User=0.16s Sys=0.01s Real=0.08s
[540.987s][info][gc,start       ] GC(1527) Pause Young (Allocation Failure)
[541.055s][info][gc,heap        ] GC(1527) PSYoungGen: 177984K(222720K)->65792K(222720K) Eden: 111616K(111616K)->0K(111616K) From: 66368K(111104K)->65792K(111104K)
[541.056s][info][gc,heap        ] GC(1527) ParOldGen: 522401K(667648K)->522998K(667648K)
[541.056s][info][gc,metaspace   ] GC(1527) Metaspace: 18847K(19008K)->18847K(19008K) NonClass: 17018K(17152K)->17018K(17152K) Class: 1829K(1856K)->1829K(1856K)
[541.056s][info][gc             ] GC(1527) Pause Young (Allocation Failure) 683M->574M(869M) 68.138ms
[541.056s][info][gc,cpu         ] GC(1527) User=0.13s Sys=0.00s Real=0.07s
[541.206s][info][gc,start       ] GC(1528) Pause Young (Allocation Failure)
[541.274s][info][gc,heap        ] GC(1528) PSYoungGen: 177408K(222720K)->65760K(177664K) Eden: 111616K(111616K)->0K(111616K) From: 65792K(111104K)->65760K(66048K)
[541.274s][info][gc,heap        ] GC(1528) ParOldGen: 522998K(667648K)->523046K(667648K)
[541.274s][info][gc,metaspace   ] GC(1528) Metaspace: 18847K(19008K)->18847K(19008K) NonClass: 17018K(17152K)->17018K(17152K) Class: 1829K(1856K)->1829K(1856K)
[541.274s][info][gc             ] GC(1528) Pause Young (Allocation Failure) 683M->575M(825M) 68.052ms
[541.274s][info][gc,cpu         ] GC(1528) User=0.14s Sys=0.00s Real=0.06s
[541.425s][info][gc,start       ] GC(1529) Pause Young (Allocation Failure)
[541.492s][info][gc,heap        ] GC(1529) PSYoungGen: 177376K(177664K)->65760K(224256K) Eden: 111616K(111616K)->0K(115712K) From: 65760K(66048K)->65760K(108544K)
[541.492s][info][gc,heap        ] GC(1529) ParOldGen: 523046K(667648K)->523046K(667648K)
[541.492s][info][gc,metaspace   ] GC(1529) Metaspace: 18847K(19008K)->18847K(19008K) NonClass: 17018K(17152K)->17018K(17152K) Class: 1829K(1856K)->1829K(1856K)
[541.492s][info][gc             ] GC(1529) Pause Young (Allocation Failure) 684M->575M(871M) 67.924ms
[541.492s][info][gc,cpu         ] GC(1529) User=0.14s Sys=0.00s Real=0.07s
[541.651s][info][gc,start       ] GC(1530) Pause Young (Allocation Failure)
[541.718s][info][gc,heap        ] GC(1530) PSYoungGen: 181472K(224256K)->65760K(220160K) Eden: 115712K(115712K)->0K(115712K) From: 65760K(108544K)->65760K(104448K)
[541.718s][info][gc,heap        ] GC(1530) ParOldGen: 523046K(667648K)->523046K(667648K)
[541.718s][info][gc,metaspace   ] GC(1530) Metaspace: 18847K(19008K)->18847K(19008K) NonClass: 17018K(17152K)->17018K(17152K) Class: 1829K(1856K)->1829K(1856K)
[541.718s][info][gc             ] GC(1530) Pause Young (Allocation Failure) 688M->575M(867M) 67.393ms
[541.718s][info][gc,cpu         ] GC(1530) User=0.13s Sys=0.00s Real=0.07s
[541.880s][info][gc,start       ] GC(1531) Pause Young (Allocation Failure)
[541.947s][info][gc,heap        ] GC(1531) PSYoungGen: 181472K(220160K)->65760K(222720K) Eden: 115712K(115712K)->0K(124416K) From: 65760K(104448K)->65760K(98304K)
[541.947s][info][gc,heap        ] GC(1531) ParOldGen: 523046K(667648K)->523046K(667648K)
[541.947s][info][gc,metaspace   ] GC(1531) Metaspace: 18847K(19008K)->18847K(19008K) NonClass: 17018K(17152K)->17018K(17152K) Class: 1829K(1856K)->1829K(1856K)
[541.947s][info][gc             ] GC(1531) Pause Young (Allocation Failure) 688M->575M(869M) 67.663ms
[541.947s][info][gc,cpu         ] GC(1531) User=0.13s Sys=0.00s Real=0.07s
[542.112s][info][gc,start       ] GC(1532) Pause Young (Allocation Failure)
[542.177s][info][gc,heap        ] GC(1532) PSYoungGen: 190176K(222720K)->65728K(221696K) Eden: 124416K(124416K)->0K(124416K) From: 65760K(98304K)->65728K(97280K)
[542.177s][info][gc,heap        ] GC(1532) ParOldGen: 523046K(667648K)->523046K(667648K)
[542.177s][info][gc,metaspace   ] GC(1532) Metaspace: 18847K(19008K)->18847K(19008K) NonClass: 17018K(17152K)->17018K(17152K) Class: 1829K(1856K)->1829K(1856K)
[542.177s][info][gc             ] GC(1532) Pause Young (Allocation Failure) 696M->574M(868M) 64.681ms
[542.177s][info][gc,cpu         ] GC(1532) User=0.13s Sys=0.00s Real=0.07s
[542.321s][info][gc,start       ] GC(1533) Pause Young (Allocation Failure)
[542.395s][info][gc,heap        ] GC(1533) PSYoungGen: 190144K(221696K)->75104K(227840K) Eden: 124416K(124416K)->0K(133632K) From: 65728K(97280K)->75104K(94208K)
[542.395s][info][gc,heap        ] GC(1533) ParOldGen: 523046K(667648K)->523046K(667648K)
[542.395s][info][gc,metaspace   ] GC(1533) Metaspace: 18847K(19008K)->18847K(19008K) NonClass: 17018K(17152K)->17018K(17152K) Class: 1829K(1856K)->1829K(1856K)
[542.395s][info][gc             ] GC(1533) Pause Young (Allocation Failure) 696M->584M(874M) 73.514ms
[542.395s][info][gc,cpu         ] GC(1533) User=0.14s Sys=0.00s Real=0.08s
[542.522s][info][gc,start       ] GC(1534) Pause Young (Allocation Failure)
[542.613s][info][gc,heap        ] GC(1534) PSYoungGen: 208736K(227840K)->88960K(228864K) Eden: 133632K(133632K)->0K(133632K) From: 75104K(94208K)->88960K(95232K)
[542.613s][info][gc,heap        ] GC(1534) ParOldGen: 523046K(667648K)->523046K(667648K)
[542.613s][info][gc,metaspace   ] GC(1534) Metaspace: 18847K(19008K)->18847K(19008K) NonClass: 17018K(17152K)->17018K(17152K) Class: 1829K(1856K)->1829K(1856K)
[542.613s][info][gc             ] GC(1534) Pause Young (Allocation Failure) 714M->597M(875M) 90.959ms
[542.613s][info][gc,cpu         ] GC(1534) User=0.18s Sys=0.01s Real=0.09s
[542.686s][info][gc,start       ] GC(1535) Pause Young (Allocation Failure)
[542.808s][info][gc,heap        ] GC(1535) PSYoungGen: 222592K(228864K)->99584K(216064K) Eden: 133632K(133632K)->0K(115712K) From: 88960K(95232K)->99584K(100352K)
[542.808s][info][gc,heap        ] GC(1535) ParOldGen: 523046K(667648K)->537086K(667648K)
[542.808s][info][gc,metaspace   ] GC(1535) Metaspace: 18847K(19008K)->18847K(19008K) NonClass: 17018K(17152K)->17018K(17152K) Class: 1829K(1856K)->1829K(1856K)
[542.808s][info][gc             ] GC(1535) Pause Young (Allocation Failure) 728M->621M(863M) 122.052ms
[542.808s][info][gc,cpu         ] GC(1535) User=0.24s Sys=0.00s Real=0.12s
[542.888s][info][gc,start       ] GC(1536) Pause Young (Allocation Failure)
[543.000s][info][gc,heap        ] GC(1536) PSYoungGen: 215296K(216064K)->109024K(224768K) Eden: 115712K(115712K)->0K(115712K) From: 99584K(100352K)->109024K(109056K)
[543.000s][info][gc,heap        ] GC(1536) ParOldGen: 537086K(667648K)->539630K(667648K)
[543.000s][info][gc,metaspace   ] GC(1536) Metaspace: 18847K(19008K)->18847K(19008K) NonClass: 17018K(17152K)->17018K(17152K) Class: 1829K(1856K)->1829K(1856K)
[543.000s][info][gc             ] GC(1536) Pause Young (Allocation Failure) 734M->633M(871M) 111.891ms
[543.000s][info][gc,cpu         ] GC(1536) User=0.22s Sys=0.00s Real=0.11s
[543.067s][info][gc,start       ] GC(1537) Pause Young (Allocation Failure)
[543.200s][info][gc,heap        ] GC(1537) PSYoungGen: 224736K(224768K)->85984K(220672K) Eden: 115712K(115712K)->0K(111616K) From: 109024K(109056K)->85984K(109056K)
[543.200s][info][gc,heap        ] GC(1537) ParOldGen: 539630K(667648K)->579162K(667648K)
[543.200s][info][gc,metaspace   ] GC(1537) Metaspace: 18847K(19008K)->18847K(19008K) NonClass: 17018K(17152K)->17018K(17152K) Class: 1829K(1856K)->1829K(1856K)
[543.200s][info][gc             ] GC(1537) Pause Young (Allocation Failure) 746M->649M(867M) 132.491ms
[543.200s][info][gc,cpu         ] GC(1537) User=0.27s Sys=0.00s Real=0.13s
[543.282s][info][gc,start       ] GC(1538) Pause Young (Allocation Failure)
[543.384s][info][gc,heap        ] GC(1538) PSYoungGen: 197600K(220672K)->83008K(222720K) Eden: 111616K(111616K)->0K(111616K) From: 85984K(109056K)->83008K(111104K)
[543.384s][info][gc,heap        ] GC(1538) ParOldGen: 579162K(667648K)->591730K(667648K)
[543.384s][info][gc,metaspace   ] GC(1538) Metaspace: 18847K(19008K)->18847K(19008K) NonClass: 17018K(17152K)->17018K(17152K) Class: 1829K(1856K)->1829K(1856K)
[543.384s][info][gc             ] GC(1538) Pause Young (Allocation Failure) 758M->658M(869M) 101.946ms
[543.384s][info][gc,cpu         ] GC(1538) User=0.20s Sys=0.00s Real=0.10s
[543.456s][info][gc,start       ] GC(1539) Pause Young (Allocation Failure)
[543.549s][info][gc,heap        ] GC(1539) PSYoungGen: 194624K(222720K)->94432K(222720K) Eden: 111616K(111616K)->0K(111616K) From: 83008K(111104K)->94432K(111104K)
[543.549s][info][gc,heap        ] GC(1539) ParOldGen: 591730K(667648K)->591730K(667648K)
[543.549s][info][gc,metaspace   ] GC(1539) Metaspace: 18847K(19008K)->18847K(19008K) NonClass: 17018K(17152K)->17018K(17152K) Class: 1829K(1856K)->1829K(1856K)
[543.549s][info][gc             ] GC(1539) Pause Young (Allocation Failure) 767M->670M(869M) 93.099ms
[543.549s][info][gc,cpu         ] GC(1539) User=0.19s Sys=0.00s Real=0.09s
[543.643s][info][gc,start       ] GC(1540) Pause Young (Allocation Failure)
[543.753s][info][gc,heap        ] GC(1540) PSYoungGen: 206048K(222720K)->111104K(222720K) Eden: 111616K(111616K)->0K(111616K) From: 94432K(111104K)->111104K(111104K)
[543.753s][info][gc,heap        ] GC(1540) ParOldGen: 591730K(667648K)->593986K(667648K)
[543.753s][info][gc,metaspace   ] GC(1540) Metaspace: 18847K(19008K)->18847K(19008K) NonClass: 17018K(17152K)->17018K(17152K) Class: 1829K(1856K)->1829K(1856K)
[543.753s][info][gc             ] GC(1540) Pause Young (Allocation Failure) 779M->688M(869M) 110.813ms
[543.753s][info][gc,cpu         ] GC(1540) User=0.22s Sys=0.00s Real=0.11s
[543.812s][info][gc,start       ] GC(1541) Pause Young (Allocation Failure)
[543.928s][info][gc,heap        ] GC(1541) PSYoungGen: 222720K(222720K)->111104K(222720K) Eden: 111616K(111616K)->0K(111616K) From: 111104K(111104K)->111104K(111104K)
[543.928s][info][gc,heap        ] GC(1541) ParOldGen: 593986K(667648K)->600098K(667648K)
[543.928s][info][gc,metaspace   ] GC(1541) Metaspace: 18847K(19008K)->18847K(19008K) NonClass: 17018K(17152K)->17018K(17152K) Class: 1829K(1856K)->1829K(1856K)
[543.928s][info][gc             ] GC(1541) Pause Young (Allocation Failure) 797M->694M(869M) 116.272ms
[543.928s][info][gc,cpu         ] GC(1541) User=0.23s Sys=0.01s Real=0.12s
[544.018s][info][gc,start       ] GC(1542) Pause Young (Allocation Failure)
[544.127s][info][gc,heap        ] GC(1542) PSYoungGen: 222720K(222720K)->106560K(222720K) Eden: 111616K(111616K)->0K(111616K) From: 111104K(111104K)->106560K(111104K)
[544.127s][info][gc,heap        ] GC(1542) ParOldGen: 600098K(667648K)->607818K(667648K)
[544.127s][info][gc,metaspace   ] GC(1542) Metaspace: 18847K(19008K)->18847K(19008K) NonClass: 17018K(17152K)->17018K(17152K) Class: 1829K(1856K)->1829K(1856K)
[544.127s][info][gc             ] GC(1542) Pause Young (Allocation Failure) 803M->697M(869M) 108.971ms
[544.127s][info][gc,cpu         ] GC(1542) User=0.21s Sys=0.00s Real=0.11s
[544.272s][info][gc,start       ] GC(1543) Pause Young (Allocation Failure)
[544.379s][info][gc,heap        ] GC(1543) PSYoungGen: 218176K(222720K)->74112K(222720K) Eden: 111616K(111616K)->0K(111616K) From: 106560K(111104K)->74112K(111104K)
[544.379s][info][gc,heap        ] GC(1543) ParOldGen: 607818K(667648K)->640554K(667648K)
[544.379s][info][gc,metaspace   ] GC(1543) Metaspace: 18847K(19008K)->18847K(19008K) NonClass: 17018K(17152K)->17018K(17152K) Class: 1829K(1856K)->1829K(1856K)
[544.379s][info][gc             ] GC(1543) Pause Young (Allocation Failure) 806M->697M(869M) 106.695ms
[544.379s][info][gc,cpu         ] GC(1543) User=0.21s Sys=0.00s Real=0.11s
[544.488s][info][gc,start       ] GC(1544) Pause Full (Allocation Failure)
[544.488s][info][gc,phases,start] GC(1544) Marking Phase
[544.917s][info][gc,phases      ] GC(1544) Marking Phase 428.861ms
[544.917s][info][gc,phases,start] GC(1544) Summary Phase
[544.917s][info][gc,phases      ] GC(1544) Summary Phase 0.026ms
[544.917s][info][gc,phases,start] GC(1544) Forward
[544.972s][info][gc,phases      ] GC(1544) Forward 54.910ms
[544.972s][info][gc,phases,start] GC(1544) Adjust Pointers
[545.281s][info][gc,phases      ] GC(1544) Adjust Pointers 308.640ms
[545.281s][info][gc,phases,start] GC(1544) Compaction Phase
[545.436s][info][gc,phases      ] GC(1544) Compaction Phase 155.005ms
[545.438s][info][gc,phases,start] GC(1544) Post Compact
[545.441s][info][gc,phases      ] GC(1544) Post Compact 2.399ms
[545.441s][info][gc,heap        ] GC(1544) PSYoungGen: 185728K(222720K)->0K(222720K) Eden: 111616K(111616K)->0K(111616K) From: 74112K(111104K)->0K(111104K)
[545.441s][info][gc,heap        ] GC(1544) ParOldGen: 640554K(667648K)->610820K(667648K)
[545.441s][info][gc,metaspace   ] GC(1544) Metaspace: 18847K(19008K)->18847K(19008K) NonClass: 17018K(17152K)->17018K(17152K) Class: 1829K(1856K)->1829K(1856K)
[545.441s][info][gc             ] GC(1544) Pause Full (Allocation Failure) 806M->596M(869M) 952.903ms
[545.441s][info][gc,cpu         ] GC(1544) User=1.85s Sys=0.00s Real=0.95s
[545.573s][info][gc,start       ] GC(1545) Pause Young (Allocation Failure)
[545.583s][info][gc,heap        ] GC(1545) PSYoungGen: 111616K(222720K)->3776K(222720K) Eden: 111616K(111616K)->0K(111616K) From: 0K(111104K)->3776K(111104K)
[545.583s][info][gc,heap        ] GC(1545) ParOldGen: 610820K(667648K)->610820K(667648K)
[545.583s][info][gc,metaspace   ] GC(1545) Metaspace: 18847K(19008K)->18847K(19008K) NonClass: 17018K(17152K)->17018K(17152K) Class: 1829K(1856K)->1829K(1856K)
[545.583s][info][gc             ] GC(1545) Pause Young (Allocation Failure) 705M->600M(869M) 10.107ms
[545.583s][info][gc,cpu         ] GC(1545) User=0.01s Sys=0.00s Real=0.01s
[545.679s][info][gc,start       ] GC(1546) Pause Young (Allocation Failure)
[545.686s][info][gc,heap        ] GC(1546) PSYoungGen: 115392K(222720K)->3840K(222720K) Eden: 111616K(111616K)->0K(111616K) From: 3776K(111104K)->3840K(111104K)
[545.686s][info][gc,heap        ] GC(1546) ParOldGen: 610820K(667648K)->610820K(667648K)
[545.686s][info][gc,metaspace   ] GC(1546) Metaspace: 18847K(19008K)->18847K(19008K) NonClass: 17018K(17152K)->17018K(17152K) Class: 1829K(1856K)->1829K(1856K)
[545.686s][info][gc             ] GC(1546) Pause Young (Allocation Failure) 709M->600M(869M) 6.946ms
[545.686s][info][gc,cpu         ] GC(1546) User=0.01s Sys=0.00s Real=0.01s
[545.842s][info][gc,start       ] GC(1547) Pause Young (Allocation Failure)
[545.849s][info][gc,heap        ] GC(1547) PSYoungGen: 115456K(222720K)->3808K(222720K) Eden: 111616K(111616K)->0K(111616K) From: 3840K(111104K)->3808K(111104K)
[545.849s][info][gc,heap        ] GC(1547) ParOldGen: 610820K(667648K)->610820K(667648K)
[545.849s][info][gc,metaspace   ] GC(1547) Metaspace: 18847K(19008K)->18847K(19008K) NonClass: 17018K(17152K)->17018K(17152K) Class: 1829K(1856K)->1829K(1856K)
[545.849s][info][gc             ] GC(1547) Pause Young (Allocation Failure) 709M->600M(869M) 7.231ms
[545.849s][info][gc,cpu         ] GC(1547) User=0.01s Sys=0.00s Real=0.01s
[545.979s][info][gc,start       ] GC(1548) Pause Young (Allocation Failure)
[546.002s][info][gc,heap        ] GC(1548) PSYoungGen: 115424K(222720K)->19904K(222720K) Eden: 111616K(111616K)->0K(111616K) From: 3808K(111104K)->19904K(111104K)
[546.002s][info][gc,heap        ] GC(1548) ParOldGen: 610820K(667648K)->610820K(667648K)
[546.002s][info][gc,metaspace   ] GC(1548) Metaspace: 18847K(19008K)->18847K(19008K) NonClass: 17018K(17152K)->17018K(17152K) Class: 1829K(1856K)->1829K(1856K)
[546.002s][info][gc             ] GC(1548) Pause Young (Allocation Failure) 709M->615M(869M) 22.903ms
[546.002s][info][gc,cpu         ] GC(1548) User=0.04s Sys=0.00s Real=0.02s
[546.347s][info][gc,start       ] GC(1549) Pause Young (Allocation Failure)
[546.382s][info][gc,heap        ] GC(1549) PSYoungGen: 131520K(222720K)->29944K(222720K) Eden: 111616K(111616K)->0K(111616K) From: 19904K(111104K)->29944K(111104K)
[546.382s][info][gc,heap        ] GC(1549) ParOldGen: 610820K(667648K)->614594K(667648K)
[546.382s][info][gc,metaspace   ] GC(1549) Metaspace: 18847K(19008K)->18847K(19008K) NonClass: 17018K(17152K)->17018K(17152K) Class: 1829K(1856K)->1829K(1856K)
[546.382s][info][gc             ] GC(1549) Pause Young (Allocation Failure) 724M->629M(869M) 35.640ms
[546.382s][info][gc,cpu         ] GC(1549) User=0.07s Sys=0.00s Real=0.03s
[546.443s][info][gc,start       ] GC(1550) Pause Young (Allocation Failure)
[546.497s][info][gc,heap        ] GC(1550) PSYoungGen: 141560K(222720K)->42056K(222720K) Eden: 111616K(111616K)->0K(111616K) From: 29944K(111104K)->42056K(111104K)
[546.497s][info][gc,heap        ] GC(1550) ParOldGen: 614594K(667648K)->630794K(667648K)
[546.497s][info][gc,metaspace   ] GC(1550) Metaspace: 18847K(19008K)->18847K(19008K) NonClass: 17018K(17152K)->17018K(17152K) Class: 1829K(1856K)->1829K(1856K)
[546.497s][info][gc             ] GC(1550) Pause Young (Allocation Failure) 738M->657M(869M) 54.129ms
[546.497s][info][gc,cpu         ] GC(1550) User=0.10s Sys=0.00s Real=0.06s
[546.542s][info][gc,start       ] GC(1551) Pause Young (Allocation Failure)
[546.612s][info][gc,promotion   ] GC(1551) Promotion failed
[546.612s][info][gc,heap        ] GC(1551) PSYoungGen: 153672K(222720K)->153672K(222720K) Eden: 111616K(111616K)->111616K(111616K) From: 42056K(111104K)->42056K(111104K)
[546.612s][info][gc,heap        ] GC(1551) ParOldGen: 630794K(667648K)->667646K(667648K)
[546.612s][info][gc,metaspace   ] GC(1551) Metaspace: 18847K(19008K)->18847K(19008K) NonClass: 17018K(17152K)->17018K(17152K) Class: 1829K(1856K)->1829K(1856K)
[546.612s][info][gc             ] GC(1551) Pause Young (Allocation Failure) 766M->802M(869M) 70.151ms
[546.612s][info][gc,cpu         ] GC(1551) User=0.12s Sys=0.02s Real=0.07s
[546.612s][info][gc,start       ] GC(1552) Pause Full (Allocation Failure)
[546.612s][info][gc,phases,start] GC(1552) Marking Phase
[547.102s][info][gc,phases      ] GC(1552) Marking Phase 489.396ms
[547.102s][info][gc,phases,start] GC(1552) Summary Phase
[547.102s][info][gc,phases      ] GC(1552) Summary Phase 0.027ms
[547.102s][info][gc,phases,start] GC(1552) Forward
[547.221s][info][gc,phases      ] GC(1552) Forward 119.328ms
[547.221s][info][gc,phases,start] GC(1552) Adjust Pointers
[547.603s][info][gc,phases      ] GC(1552) Adjust Pointers 381.505ms
[547.603s][info][gc,phases,start] GC(1552) Compaction Phase
[547.839s][info][gc,phases      ] GC(1552) Compaction Phase 236.029ms
[547.855s][info][gc,phases,start] GC(1552) Post Compact
[547.858s][info][gc,phases      ] GC(1552) Post Compact 2.445ms
[547.858s][info][gc,heap        ] GC(1552) PSYoungGen: 153672K(222720K)->3976K(222720K) Eden: 111616K(111616K)->0K(111616K) From: 42056K(111104K)->3976K(111104K)
[547.858s][info][gc,heap        ] GC(1552) ParOldGen: 667646K(667648K)->667536K(667648K)
[547.858s][info][gc,metaspace   ] GC(1552) Metaspace: 18847K(19008K)->18847K(19008K) NonClass: 17018K(17152K)->17018K(17152K) Class: 1829K(1856K)->1829K(1856K)
[547.858s][info][gc             ] GC(1552) Pause Full (Allocation Failure) 802M->655M(869M) 1245.596ms
[547.858s][info][gc,cpu         ] GC(1552) User=2.44s Sys=0.00s Real=1.25s
[547.997s][info][gc,start       ] GC(1553) Pause Full (Allocation Failure)
[547.998s][info][gc,phases,start] GC(1553) Marking Phase
[548.503s][info][gc,phases      ] GC(1553) Marking Phase 505.570ms
[548.503s][info][gc,phases,start] GC(1553) Summary Phase
[548.503s][info][gc,phases      ] GC(1553) Summary Phase 0.027ms
[548.503s][info][gc,phases,start] GC(1553) Forward
[548.632s][info][gc,phases      ] GC(1553) Forward 128.697ms
[548.632s][info][gc,phases,start] GC(1553) Adjust Pointers
[549.013s][info][gc,phases      ] GC(1553) Adjust Pointers 380.804ms
[549.013s][info][gc,phases,start] GC(1553) Compaction Phase
[549.182s][info][gc,phases      ] GC(1553) Compaction Phase 169.357ms
[549.199s][info][gc,phases,start] GC(1553) Post Compact
[549.202s][info][gc,phases      ] GC(1553) Post Compact 2.242ms
[549.202s][info][gc,heap        ] GC(1553) PSYoungGen: 115592K(222720K)->23199K(222720K) Eden: 111616K(111616K)->23199K(111616K) From: 3976K(111104K)->0K(111104K)
[549.202s][info][gc,heap        ] GC(1553) ParOldGen: 667536K(667648K)->667526K(667648K)
[549.202s][info][gc,metaspace   ] GC(1553) Metaspace: 18847K(19008K)->18847K(19008K) NonClass: 17018K(17152K)->17018K(17152K) Class: 1829K(1856K)->1829K(1856K)
[549.202s][info][gc             ] GC(1553) Pause Full (Allocation Failure) 764M->674M(869M) 1204.144ms
[549.202s][info][gc,cpu         ] GC(1553) User=2.35s Sys=0.01s Real=1.20s
[549.310s][info][gc,start       ] GC(1554) Pause Full (Allocation Failure)
[549.310s][info][gc,phases,start] GC(1554) Marking Phase
[549.817s][info][gc,phases      ] GC(1554) Marking Phase 506.951ms
[549.817s][info][gc,phases,start] GC(1554) Summary Phase
[549.817s][info][gc,phases      ] GC(1554) Summary Phase 0.036ms
[549.817s][info][gc,phases,start] GC(1554) Forward
[549.824s][info][gc,phases      ] GC(1554) Forward 7.728ms
[549.824s][info][gc,phases,start] GC(1554) Adjust Pointers
[550.163s][info][gc,phases      ] GC(1554) Adjust Pointers 338.048ms
[550.163s][info][gc,phases,start] GC(1554) Compaction Phase
[550.297s][info][gc,phases      ] GC(1554) Compaction Phase 134.517ms
[550.297s][info][gc,phases,start] GC(1554) Post Compact
[550.299s][info][gc,phases      ] GC(1554) Post Compact 2.232ms
[550.299s][info][gc,heap        ] GC(1554) PSYoungGen: 111616K(222720K)->23293K(222720K) Eden: 111616K(111616K)->23293K(111616K) From: 0K(111104K)->0K(111104K)
[550.299s][info][gc,heap        ] GC(1554) ParOldGen: 667526K(667648K)->667526K(667648K)
[550.299s][info][gc,metaspace   ] GC(1554) Metaspace: 18847K(19008K)->18847K(19008K) NonClass: 17018K(17152K)->17018K(17152K) Class: 1829K(1856K)->1829K(1856K)
[550.300s][info][gc             ] GC(1554) Pause Full (Allocation Failure) 760M->674M(869M) 989.947ms
[550.300s][info][gc,cpu         ] GC(1554) User=1.94s Sys=0.00s Real=0.99s
[550.428s][info][gc,start       ] GC(1555) Pause Full (Allocation Failure)
[550.428s][info][gc,phases,start] GC(1555) Marking Phase
[550.927s][info][gc,phases      ] GC(1555) Marking Phase 498.881ms
[550.927s][info][gc,phases,start] GC(1555) Summary Phase
[550.927s][info][gc,phases      ] GC(1555) Summary Phase 0.023ms
[550.927s][info][gc,phases,start] GC(1555) Forward
[550.935s][info][gc,phases      ] GC(1555) Forward 7.837ms
[550.935s][info][gc,phases,start] GC(1555) Adjust Pointers
[551.273s][info][gc,phases      ] GC(1555) Adjust Pointers 337.284ms
[551.273s][info][gc,phases,start] GC(1555) Compaction Phase
[551.408s][info][gc,phases      ] GC(1555) Compaction Phase 135.185ms
[551.408s][info][gc,phases,start] GC(1555) Post Compact
[551.410s][info][gc,phases      ] GC(1555) Post Compact 2.285ms
[551.410s][info][gc,heap        ] GC(1555) PSYoungGen: 111616K(222720K)->23400K(222720K) Eden: 111616K(111616K)->23400K(111616K) From: 0K(111104K)->0K(111104K)
[551.410s][info][gc,heap        ] GC(1555) ParOldGen: 667526K(667648K)->667526K(667648K)
[551.410s][info][gc,metaspace   ] GC(1555) Metaspace: 18847K(19008K)->18847K(19008K) NonClass: 17018K(17152K)->17018K(17152K) Class: 1829K(1856K)->1829K(1856K)
[551.410s][info][gc             ] GC(1555) Pause Full (Allocation Failure) 760M->674M(869M) 981.959ms
[551.410s][info][gc,cpu         ] GC(1555) User=1.92s Sys=0.00s Real=0.98s
[551.565s][info][gc,start       ] GC(1556) Pause Full (Allocation Failure)
[551.565s][info][gc,phases,start] GC(1556) Marking Phase
[552.067s][info][gc,phases      ] GC(1556) Marking Phase 502.187ms
[552.067s][info][gc,phases,start] GC(1556) Summary Phase
[552.067s][info][gc,phases      ] GC(1556) Summary Phase 0.024ms
[552.067s][info][gc,phases,start] GC(1556) Forward
[552.075s][info][gc,phases      ] GC(1556) Forward 8.238ms
[552.075s][info][gc,phases,start] GC(1556) Adjust Pointers
[552.414s][info][gc,phases      ] GC(1556) Adjust Pointers 338.611ms
[552.414s][info][gc,phases,start] GC(1556) Compaction Phase
[552.554s][info][gc,phases      ] GC(1556) Compaction Phase 139.967ms
[552.554s][info][gc,phases,start] GC(1556) Post Compact
[552.556s][info][gc,phases      ] GC(1556) Post Compact 2.267ms
[552.556s][info][gc,heap        ] GC(1556) PSYoungGen: 111616K(222720K)->23713K(222720K) Eden: 111616K(111616K)->23713K(111616K) From: 0K(111104K)->0K(111104K)
[552.556s][info][gc,heap        ] GC(1556) ParOldGen: 667526K(667648K)->667526K(667648K)
[552.556s][info][gc,metaspace   ] GC(1556) Metaspace: 18847K(19008K)->18847K(19008K) NonClass: 17018K(17152K)->17018K(17152K) Class: 1829K(1856K)->1829K(1856K)
[552.556s][info][gc             ] GC(1556) Pause Full (Allocation Failure) 760M->675M(869M) 991.692ms
[552.556s][info][gc,cpu         ] GC(1556) User=1.93s Sys=0.00s Real=0.99s
[552.709s][info][gc,start       ] GC(1557) Pause Full (Allocation Failure)
[552.709s][info][gc,phases,start] GC(1557) Marking Phase
[553.222s][info][gc,phases      ] GC(1557) Marking Phase 513.237ms
[553.222s][info][gc,phases,start] GC(1557) Summary Phase
[553.222s][info][gc,phases      ] GC(1557) Summary Phase 0.024ms
[553.222s][info][gc,phases,start] GC(1557) Forward
[553.231s][info][gc,phases      ] GC(1557) Forward 8.473ms
[553.231s][info][gc,phases,start] GC(1557) Adjust Pointers
[553.570s][info][gc,phases      ] GC(1557) Adjust Pointers 339.372ms
[553.570s][info][gc,phases,start] GC(1557) Compaction Phase
[553.708s][info][gc,phases      ] GC(1557) Compaction Phase 137.555ms
[553.708s][info][gc,phases,start] GC(1557) Post Compact
[553.710s][info][gc,phases      ] GC(1557) Post Compact 2.243ms
[553.710s][info][gc,heap        ] GC(1557) PSYoungGen: 111616K(222720K)->24033K(222720K) Eden: 111616K(111616K)->24033K(111616K) From: 0K(111104K)->0K(111104K)
[553.710s][info][gc,heap        ] GC(1557) ParOldGen: 667526K(667648K)->667526K(667648K)
[553.710s][info][gc,metaspace   ] GC(1557) Metaspace: 18847K(19008K)->18847K(19008K) NonClass: 17018K(17152K)->17018K(17152K) Class: 1829K(1856K)->1829K(1856K)
[553.710s][info][gc             ] GC(1557) Pause Full (Allocation Failure) 760M->675M(869M) 1001.334ms
[553.710s][info][gc,cpu         ] GC(1557) User=1.95s Sys=0.00s Real=1.00s
[553.834s][info][gc,start       ] GC(1558) Pause Full (Allocation Failure)
[553.834s][info][gc,phases,start] GC(1558) Marking Phase
[554.343s][info][gc,phases      ] GC(1558) Marking Phase 509.032ms
[554.343s][info][gc,phases,start] GC(1558) Summary Phase
[554.343s][info][gc,phases      ] GC(1558) Summary Phase 0.023ms
[554.343s][info][gc,phases,start] GC(1558) Forward
[554.351s][info][gc,phases      ] GC(1558) Forward 8.415ms
[554.351s][info][gc,phases,start] GC(1558) Adjust Pointers
[554.687s][info][gc,phases      ] GC(1558) Adjust Pointers 336.158ms
[554.687s][info][gc,phases,start] GC(1558) Compaction Phase
[554.821s][info][gc,phases      ] GC(1558) Compaction Phase 133.786ms
[554.821s][info][gc,phases,start] GC(1558) Post Compact
[554.824s][info][gc,phases      ] GC(1558) Post Compact 2.198ms
[554.824s][info][gc,heap        ] GC(1558) PSYoungGen: 111616K(222720K)->24423K(222720K) Eden: 111616K(111616K)->24423K(111616K) From: 0K(111104K)->0K(111104K)
[554.824s][info][gc,heap        ] GC(1558) ParOldGen: 667526K(667648K)->667526K(667648K)
[554.824s][info][gc,metaspace   ] GC(1558) Metaspace: 18847K(19008K)->18847K(19008K) NonClass: 17018K(17152K)->17018K(17152K) Class: 1829K(1856K)->1829K(1856K)
[554.824s][info][gc             ] GC(1558) Pause Full (Allocation Failure) 760M->675M(869M) 990.067ms
[554.824s][info][gc,cpu         ] GC(1558) User=1.93s Sys=0.00s Real=0.99s
[554.891s][info][gc,start       ] GC(1559) Pause Full (Allocation Failure)
[554.891s][info][gc,phases,start] GC(1559) Marking Phase
[555.383s][info][gc,phases      ] GC(1559) Marking Phase 491.847ms
[555.383s][info][gc,phases,start] GC(1559) Summary Phase
[555.383s][info][gc,phases      ] GC(1559) Summary Phase 0.022ms
[555.383s][info][gc,phases,start] GC(1559) Forward
[555.392s][info][gc,phases      ] GC(1559) Forward 9.278ms
[555.392s][info][gc,phases,start] GC(1559) Adjust Pointers
[555.729s][info][gc,phases      ] GC(1559) Adjust Pointers 336.624ms
[555.729s][info][gc,phases,start] GC(1559) Compaction Phase
[555.863s][info][gc,phases      ] GC(1559) Compaction Phase 134.187ms
[555.863s][info][gc,phases,start] GC(1559) Post Compact
[555.865s][info][gc,phases      ] GC(1559) Post Compact 2.223ms
[555.865s][info][gc,heap        ] GC(1559) PSYoungGen: 111616K(222720K)->25415K(222720K) Eden: 111616K(111616K)->25415K(111616K) From: 0K(111104K)->0K(111104K)
[555.865s][info][gc,heap        ] GC(1559) ParOldGen: 667526K(667648K)->667526K(667648K)
[555.865s][info][gc,metaspace   ] GC(1559) Metaspace: 18847K(19008K)->18847K(19008K) NonClass: 17018K(17152K)->17018K(17152K) Class: 1829K(1856K)->1829K(1856K)
[555.865s][info][gc             ] GC(1559) Pause Full (Allocation Failure) 760M->676M(869M) 974.624ms
[555.865s][info][gc,cpu         ] GC(1559) User=1.91s Sys=0.00s Real=0.98s
[555.935s][info][gc,start       ] GC(1560) Pause Full (Allocation Failure)
[555.935s][info][gc,phases,start] GC(1560) Marking Phase
[556.438s][info][gc,phases      ] GC(1560) Marking Phase 502.467ms
[556.438s][info][gc,phases,start] GC(1560) Summary Phase
[556.438s][info][gc,phases      ] GC(1560) Summary Phase 0.022ms
[556.438s][info][gc,phases,start] GC(1560) Forward
[556.447s][info][gc,phases      ] GC(1560) Forward 9.362ms
[556.447s][info][gc,phases,start] GC(1560) Adjust Pointers
[556.778s][info][gc,phases      ] GC(1560) Adjust Pointers 330.859ms
[556.778s][info][gc,phases,start] GC(1560) Compaction Phase
[556.910s][info][gc,phases      ] GC(1560) Compaction Phase 131.605ms
[556.910s][info][gc,phases,start] GC(1560) Post Compact
[556.912s][info][gc,phases      ] GC(1560) Post Compact 2.202ms
[556.912s][info][gc,heap        ] GC(1560) PSYoungGen: 111616K(222720K)->26112K(222720K) Eden: 111616K(111616K)->26112K(111616K) From: 0K(111104K)->0K(111104K)
[556.912s][info][gc,heap        ] GC(1560) ParOldGen: 667526K(667648K)->667526K(667648K)
[556.912s][info][gc,metaspace   ] GC(1560) Metaspace: 18847K(19008K)->18847K(19008K) NonClass: 17018K(17152K)->17018K(17152K) Class: 1829K(1856K)->1829K(1856K)
[556.912s][info][gc             ] GC(1560) Pause Full (Allocation Failure) 760M->677M(869M) 976.989ms
[556.912s][info][gc,cpu         ] GC(1560) User=1.91s Sys=0.00s Real=0.97s
[557.005s][info][gc,start       ] GC(1561) Pause Full (Allocation Failure)
[557.005s][info][gc,phases,start] GC(1561) Marking Phase
[557.496s][info][gc,phases      ] GC(1561) Marking Phase 491.589ms
[557.496s][info][gc,phases,start] GC(1561) Summary Phase
[557.496s][info][gc,phases      ] GC(1561) Summary Phase 0.026ms
[557.496s][info][gc,phases,start] GC(1561) Forward
[557.514s][info][gc,phases      ] GC(1561) Forward 17.852ms
[557.514s][info][gc,phases,start] GC(1561) Adjust Pointers
[557.862s][info][gc,phases      ] GC(1561) Adjust Pointers 348.119ms
[557.862s][info][gc,phases,start] GC(1561) Compaction Phase
[558.002s][info][gc,phases      ] GC(1561) Compaction Phase 139.300ms
[558.002s][info][gc,phases,start] GC(1561) Post Compact
[558.004s][info][gc,phases      ] GC(1561) Post Compact 2.257ms
[558.004s][info][gc,heap        ] GC(1561) PSYoungGen: 111616K(222720K)->27141K(222720K) Eden: 111616K(111616K)->27141K(111616K) From: 0K(111104K)->0K(111104K)
[558.004s][info][gc,heap        ] GC(1561) ParOldGen: 667526K(667648K)->667477K(667648K)
[558.004s][info][gc,metaspace   ] GC(1561) Metaspace: 18848K(19008K)->18848K(19008K) NonClass: 17019K(17152K)->17019K(17152K) Class: 1829K(1856K)->1829K(1856K)
[558.004s][info][gc             ] GC(1561) Pause Full (Allocation Failure) 760M->678M(869M) 999.592ms
[558.004s][info][gc,cpu         ] GC(1561) User=1.95s Sys=0.00s Real=1.00s
[558.218s][info][gc,start       ] GC(1562) Pause Full (Allocation Failure)
[558.218s][info][gc,phases,start] GC(1562) Marking Phase
[558.745s][info][gc,phases      ] GC(1562) Marking Phase 526.873ms
[558.745s][info][gc,phases,start] GC(1562) Summary Phase
[558.745s][info][gc,phases      ] GC(1562) Summary Phase 0.029ms
[558.745s][info][gc,phases,start] GC(1562) Forward
[558.873s][info][gc,phases      ] GC(1562) Forward 127.483ms
[558.873s][info][gc,phases,start] GC(1562) Adjust Pointers
[559.268s][info][gc,phases      ] GC(1562) Adjust Pointers 395.545ms
[559.268s][info][gc,phases,start] GC(1562) Compaction Phase
[559.463s][info][gc,phases      ] GC(1562) Compaction Phase 195.100ms
[559.481s][info][gc,phases,start] GC(1562) Post Compact
[559.483s][info][gc,phases      ] GC(1562) Post Compact 2.320ms
[559.483s][info][gc,heap        ] GC(1562) PSYoungGen: 111616K(222720K)->43642K(222720K) Eden: 111616K(111616K)->43642K(111616K) From: 0K(111104K)->0K(111104K)
[559.483s][info][gc,heap        ] GC(1562) ParOldGen: 667477K(667648K)->667396K(667648K)
[559.483s][info][gc,metaspace   ] GC(1562) Metaspace: 18851K(19008K)->18851K(19008K) NonClass: 17021K(17152K)->17021K(17152K) Class: 1829K(1856K)->1829K(1856K)
[559.483s][info][gc             ] GC(1562) Pause Full (Allocation Failure) 760M->694M(869M) 1264.894ms
[559.483s][info][gc,cpu         ] GC(1562) User=2.47s Sys=0.01s Real=1.26s
[559.606s][info][gc,start       ] GC(1563) Pause Full (Allocation Failure)
[559.606s][info][gc,phases,start] GC(1563) Marking Phase
[560.127s][info][gc,phases      ] GC(1563) Marking Phase 521.175ms
[560.127s][info][gc,phases,start] GC(1563) Summary Phase
[560.127s][info][gc,phases      ] GC(1563) Summary Phase 0.023ms
[560.127s][info][gc,phases,start] GC(1563) Forward
[560.144s][info][gc,phases      ] GC(1563) Forward 16.477ms
[560.144s][info][gc,phases,start] GC(1563) Adjust Pointers
[560.498s][info][gc,phases      ] GC(1563) Adjust Pointers 354.525ms
[560.498s][info][gc,phases,start] GC(1563) Compaction Phase
[560.639s][info][gc,phases      ] GC(1563) Compaction Phase 140.635ms
[560.639s][info][gc,phases,start] GC(1563) Post Compact
[560.641s][info][gc,phases      ] GC(1563) Post Compact 2.216ms
[560.641s][info][gc,heap        ] GC(1563) PSYoungGen: 111616K(222720K)->49785K(222720K) Eden: 111616K(111616K)->49785K(111616K) From: 0K(111104K)->0K(111104K)
[560.641s][info][gc,heap        ] GC(1563) ParOldGen: 667396K(667648K)->667396K(667648K)
[560.641s][info][gc,metaspace   ] GC(1563) Metaspace: 18851K(19008K)->18851K(19008K) NonClass: 17021K(17152K)->17021K(17152K) Class: 1829K(1856K)->1829K(1856K)
[560.641s][info][gc             ] GC(1563) Pause Full (Allocation Failure) 760M->700M(869M) 1035.516ms
[560.641s][info][gc,cpu         ] GC(1563) User=2.02s Sys=0.00s Real=1.03s
[560.718s][info][gc,start       ] GC(1564) Pause Full (Allocation Failure)
[560.719s][info][gc,phases,start] GC(1564) Marking Phase
[561.251s][info][gc,phases      ] GC(1564) Marking Phase 532.058ms
[561.251s][info][gc,phases,start] GC(1564) Summary Phase
[561.251s][info][gc,phases      ] GC(1564) Summary Phase 0.023ms
[561.251s][info][gc,phases,start] GC(1564) Forward
[561.270s][info][gc,phases      ] GC(1564) Forward 19.683ms
[561.270s][info][gc,phases,start] GC(1564) Adjust Pointers
[561.636s][info][gc,phases      ] GC(1564) Adjust Pointers 365.823ms
[561.636s][info][gc,phases,start] GC(1564) Compaction Phase
[561.785s][info][gc,phases      ] GC(1564) Compaction Phase 148.192ms
[561.785s][info][gc,phases,start] GC(1564) Post Compact
[561.787s][info][gc,phases      ] GC(1564) Post Compact 2.269ms
[561.787s][info][gc,heap        ] GC(1564) PSYoungGen: 111616K(222720K)->58963K(222720K) Eden: 111616K(111616K)->58963K(111616K) From: 0K(111104K)->0K(111104K)
[561.787s][info][gc,heap        ] GC(1564) ParOldGen: 667396K(667648K)->667396K(667648K)
[561.787s][info][gc,metaspace   ] GC(1564) Metaspace: 18851K(19008K)->18851K(19008K) NonClass: 17021K(17152K)->17021K(17152K) Class: 1829K(1856K)->1829K(1856K)
[561.787s][info][gc             ] GC(1564) Pause Full (Allocation Failure) 760M->709M(869M) 1068.506ms
[561.787s][info][gc,cpu         ] GC(1564) User=2.09s Sys=0.00s Real=1.07s
[561.837s][info][gc,start       ] GC(1565) Pause Full (Allocation Failure)
[561.837s][info][gc,phases,start] GC(1565) Marking Phase
[562.372s][info][gc,phases      ] GC(1565) Marking Phase 535.216ms
[562.372s][info][gc,phases,start] GC(1565) Summary Phase
[562.372s][info][gc,phases      ] GC(1565) Summary Phase 0.023ms
[562.372s][info][gc,phases,start] GC(1565) Forward
[562.393s][info][gc,phases      ] GC(1565) Forward 21.277ms
[562.393s][info][gc,phases,start] GC(1565) Adjust Pointers
[562.752s][info][gc,phases      ] GC(1565) Adjust Pointers 358.555ms
[562.752s][info][gc,phases,start] GC(1565) Compaction Phase
[562.895s][info][gc,phases      ] GC(1565) Compaction Phase 143.038ms
[562.895s][info][gc,phases,start] GC(1565) Post Compact
[562.897s][info][gc,phases      ] GC(1565) Post Compact 2.223ms
[562.897s][info][gc,heap        ] GC(1565) PSYoungGen: 111616K(222720K)->69310K(222720K) Eden: 111616K(111616K)->69310K(111616K) From: 0K(111104K)->0K(111104K)
[562.897s][info][gc,heap        ] GC(1565) ParOldGen: 667396K(667648K)->667396K(667648K)
[562.897s][info][gc,metaspace   ] GC(1565) Metaspace: 18851K(19008K)->18851K(19008K) NonClass: 17021K(17152K)->17021K(17152K) Class: 1829K(1856K)->1829K(1856K)
[562.897s][info][gc             ] GC(1565) Pause Full (Allocation Failure) 760M->719M(869M) 1060.765ms
[562.897s][info][gc,cpu         ] GC(1565) User=2.07s Sys=0.00s Real=1.06s
[562.936s][info][gc,start       ] GC(1566) Pause Full (Allocation Failure)
[562.937s][info][gc,phases,start] GC(1566) Marking Phase
[563.490s][info][gc,phases      ] GC(1566) Marking Phase 553.435ms
[563.490s][info][gc,phases,start] GC(1566) Summary Phase
[563.490s][info][gc,phases      ] GC(1566) Summary Phase 0.024ms
[563.490s][info][gc,phases,start] GC(1566) Forward
[563.512s][info][gc,phases      ] GC(1566) Forward 21.602ms
[563.512s][info][gc,phases,start] GC(1566) Adjust Pointers
[563.881s][info][gc,phases      ] GC(1566) Adjust Pointers 369.510ms
[563.881s][info][gc,phases,start] GC(1566) Compaction Phase
[564.027s][info][gc,phases      ] GC(1566) Compaction Phase 145.779ms
[564.027s][info][gc,phases,start] GC(1566) Post Compact
[564.029s][info][gc,phases      ] GC(1566) Post Compact 2.266ms
[564.029s][info][gc,heap        ] GC(1566) PSYoungGen: 111616K(222720K)->70983K(222720K) Eden: 111616K(111616K)->70983K(111616K) From: 0K(111104K)->0K(111104K)
[564.029s][info][gc,heap        ] GC(1566) ParOldGen: 667396K(667648K)->667396K(667648K)
[564.030s][info][gc,metaspace   ] GC(1566) Metaspace: 18851K(19008K)->18851K(19008K) NonClass: 17021K(17152K)->17021K(17152K) Class: 1829K(1856K)->1829K(1856K)
[564.030s][info][gc             ] GC(1566) Pause Full (Allocation Failure) 760M->721M(869M) 1093.076ms
[564.030s][info][gc,cpu         ] GC(1566) User=2.13s Sys=0.00s Real=1.09s
[564.080s][info][gc,start       ] GC(1567) Pause Full (Allocation Failure)
[564.080s][info][gc,phases,start] GC(1567) Marking Phase
[564.630s][info][gc,phases      ] GC(1567) Marking Phase 550.110ms
[564.630s][info][gc,phases,start] GC(1567) Summary Phase
[564.630s][info][gc,phases      ] GC(1567) Summary Phase 0.024ms
[564.630s][info][gc,phases,start] GC(1567) Forward
[564.652s][info][gc,phases      ] GC(1567) Forward 22.104ms
[564.652s][info][gc,phases,start] GC(1567) Adjust Pointers
[565.028s][info][gc,phases      ] GC(1567) Adjust Pointers 375.094ms
[565.028s][info][gc,phases,start] GC(1567) Compaction Phase
[565.177s][info][gc,phases      ] GC(1567) Compaction Phase 149.577ms
[565.177s][info][gc,phases,start] GC(1567) Post Compact
[565.180s][info][gc,phases      ] GC(1567) Post Compact 2.217ms
[565.180s][info][gc,heap        ] GC(1567) PSYoungGen: 111616K(222720K)->77942K(222720K) Eden: 111616K(111616K)->77942K(111616K) From: 0K(111104K)->0K(111104K)
[565.180s][info][gc,heap        ] GC(1567) ParOldGen: 667396K(667648K)->667396K(667648K)
[565.180s][info][gc,metaspace   ] GC(1567) Metaspace: 18851K(19008K)->18851K(19008K) NonClass: 17021K(17152K)->17021K(17152K) Class: 1829K(1856K)->1829K(1856K)
[565.180s][info][gc             ] GC(1567) Pause Full (Allocation Failure) 760M->727M(869M) 1099.577ms
[565.180s][info][gc,cpu         ] GC(1567) User=2.15s Sys=0.01s Real=1.10s
[565.217s][info][gc,start       ] GC(1568) Pause Full (Allocation Failure)
[565.217s][info][gc,phases,start] GC(1568) Marking Phase
[565.775s][info][gc,phases      ] GC(1568) Marking Phase 557.565ms
[565.775s][info][gc,phases,start] GC(1568) Summary Phase
[565.775s][info][gc,phases      ] GC(1568) Summary Phase 0.023ms
[565.775s][info][gc,phases,start] GC(1568) Forward
[565.797s][info][gc,phases      ] GC(1568) Forward 21.830ms
[565.797s][info][gc,phases,start] GC(1568) Adjust Pointers
[566.166s][info][gc,phases      ] GC(1568) Adjust Pointers 368.637ms
[566.166s][info][gc,phases,start] GC(1568) Compaction Phase
[566.312s][info][gc,phases      ] GC(1568) Compaction Phase 146.643ms
[566.312s][info][gc,phases,start] GC(1568) Post Compact
[566.315s][info][gc,phases      ] GC(1568) Post Compact 2.271ms
[566.315s][info][gc,heap        ] GC(1568) PSYoungGen: 111616K(222720K)->81276K(222720K) Eden: 111616K(111616K)->81276K(111616K) From: 0K(111104K)->0K(111104K)
[566.315s][info][gc,heap        ] GC(1568) ParOldGen: 667396K(667648K)->667396K(667648K)
[566.315s][info][gc,metaspace   ] GC(1568) Metaspace: 18851K(19008K)->18851K(19008K) NonClass: 17022K(17152K)->17022K(17152K) Class: 1829K(1856K)->1829K(1856K)
[566.315s][info][gc             ] GC(1568) Pause Full (Allocation Failure) 760M->731M(869M) 1097.443ms
[566.315s][info][gc,cpu         ] GC(1568) User=2.15s Sys=0.00s Real=1.10s
[566.335s][info][gc,start       ] GC(1569) Pause Full (Allocation Failure)
[566.335s][info][gc,phases,start] GC(1569) Marking Phase
[566.887s][info][gc,phases      ] GC(1569) Marking Phase 552.123ms
[566.887s][info][gc,phases,start] GC(1569) Summary Phase
[566.887s][info][gc,phases      ] GC(1569) Summary Phase 0.024ms
[566.887s][info][gc,phases,start] GC(1569) Forward
[566.909s][info][gc,phases      ] GC(1569) Forward 21.787ms
[566.909s][info][gc,phases,start] GC(1569) Adjust Pointers
[567.284s][info][gc,phases      ] GC(1569) Adjust Pointers 375.379ms
[567.285s][info][gc,phases,start] GC(1569) Compaction Phase
[567.429s][info][gc,phases      ] GC(1569) Compaction Phase 144.890ms
[567.430s][info][gc,phases,start] GC(1569) Post Compact
[567.432s][info][gc,phases      ] GC(1569) Post Compact 2.293ms
[567.432s][info][gc,heap        ] GC(1569) PSYoungGen: 111616K(222720K)->81351K(222720K) Eden: 111616K(111616K)->81351K(111616K) From: 0K(111104K)->0K(111104K)
[567.432s][info][gc,heap        ] GC(1569) ParOldGen: 667396K(667648K)->667396K(667648K)
[567.432s][info][gc,metaspace   ] GC(1569) Metaspace: 18851K(19008K)->18851K(19008K) NonClass: 17022K(17152K)->17022K(17152K) Class: 1829K(1856K)->1829K(1856K)
[567.432s][info][gc             ] GC(1569) Pause Full (Allocation Failure) 760M->731M(869M) 1096.987ms
[567.432s][info][gc,cpu         ] GC(1569) User=2.15s Sys=0.00s Real=1.09s
[567.452s][info][gc,start       ] GC(1570) Pause Full (Allocation Failure)
[567.452s][info][gc,phases,start] GC(1570) Marking Phase
[567.998s][info][gc,phases      ] GC(1570) Marking Phase 545.983ms
[567.998s][info][gc,phases,start] GC(1570) Summary Phase
[567.998s][info][gc,phases      ] GC(1570) Summary Phase 0.026ms
[567.998s][info][gc,phases,start] GC(1570) Forward
[568.019s][info][gc,phases      ] GC(1570) Forward 21.178ms
[568.020s][info][gc,phases,start] GC(1570) Adjust Pointers
[568.389s][info][gc,phases      ] GC(1570) Adjust Pointers 369.769ms
[568.389s][info][gc,phases,start] GC(1570) Compaction Phase
[568.539s][info][gc,phases      ] GC(1570) Compaction Phase 149.620ms
[568.539s][info][gc,phases,start] GC(1570) Post Compact
[568.541s][info][gc,phases      ] GC(1570) Post Compact 2.234ms
[568.541s][info][gc,heap        ] GC(1570) PSYoungGen: 111616K(222720K)->81421K(222720K) Eden: 111616K(111616K)->81421K(111616K) From: 0K(111104K)->0K(111104K)
[568.541s][info][gc,heap        ] GC(1570) ParOldGen: 667396K(667648K)->667396K(667648K)
[568.541s][info][gc,metaspace   ] GC(1570) Metaspace: 18851K(19008K)->18851K(19008K) NonClass: 17022K(17152K)->17022K(17152K) Class: 1829K(1856K)->1829K(1856K)
[568.541s][info][gc             ] GC(1570) Pause Full (Allocation Failure) 760M->731M(869M) 1089.249ms
[568.541s][info][gc,cpu         ] GC(1570) User=2.13s Sys=0.00s Real=1.09s
[568.575s][info][gc,start       ] GC(1571) Pause Full (Allocation Failure)
[568.575s][info][gc,phases,start] GC(1571) Marking Phase
[569.147s][info][gc,phases      ] GC(1571) Marking Phase 572.102ms
[569.147s][info][gc,phases,start] GC(1571) Summary Phase
[569.147s][info][gc,phases      ] GC(1571) Summary Phase 0.028ms
[569.147s][info][gc,phases,start] GC(1571) Forward
[569.169s][info][gc,phases      ] GC(1571) Forward 22.099ms
[569.170s][info][gc,phases,start] GC(1571) Adjust Pointers
[569.540s][info][gc,phases      ] GC(1571) Adjust Pointers 370.910ms
[569.541s][info][gc,phases,start] GC(1571) Compaction Phase
[569.687s][info][gc,phases      ] GC(1571) Compaction Phase 146.833ms
[569.687s][info][gc,phases,start] GC(1571) Post Compact
[569.690s][info][gc,phases      ] GC(1571) Post Compact 2.229ms
[569.690s][info][gc,heap        ] GC(1571) PSYoungGen: 111616K(222720K)->81949K(222720K) Eden: 111616K(111616K)->81949K(111616K) From: 0K(111104K)->0K(111104K)
[569.690s][info][gc,heap        ] GC(1571) ParOldGen: 667396K(667648K)->667396K(667648K)
[569.690s][info][gc,metaspace   ] GC(1571) Metaspace: 18851K(19008K)->18851K(19008K) NonClass: 17022K(17152K)->17022K(17152K) Class: 1829K(1856K)->1829K(1856K)
[569.690s][info][gc             ] GC(1571) Pause Full (Allocation Failure) 760M->731M(869M) 1114.668ms
[569.690s][info][gc,cpu         ] GC(1571) User=2.18s Sys=0.00s Real=1.11s
[569.724s][info][gc,start       ] GC(1572) Pause Full (Allocation Failure)
[569.724s][info][gc,phases,start] GC(1572) Marking Phase
[570.284s][info][gc,phases      ] GC(1572) Marking Phase 560.178ms
[570.284s][info][gc,phases,start] GC(1572) Summary Phase
[570.284s][info][gc,phases      ] GC(1572) Summary Phase 0.026ms
[570.284s][info][gc,phases,start] GC(1572) Forward
[570.307s][info][gc,phases      ] GC(1572) Forward 22.292ms
[570.307s][info][gc,phases,start] GC(1572) Adjust Pointers
[570.679s][info][gc,phases      ] GC(1572) Adjust Pointers 371.959ms
[570.679s][info][gc,phases,start] GC(1572) Compaction Phase
[570.829s][info][gc,phases      ] GC(1572) Compaction Phase 150.018ms
[570.829s][info][gc,phases,start] GC(1572) Post Compact
[570.831s][info][gc,phases      ] GC(1572) Post Compact 2.220ms
[570.831s][info][gc,heap        ] GC(1572) PSYoungGen: 111616K(222720K)->83866K(222720K) Eden: 111616K(111616K)->83866K(111616K) From: 0K(111104K)->0K(111104K)
[570.831s][info][gc,heap        ] GC(1572) ParOldGen: 667396K(667648K)->667396K(667648K)
[570.831s][info][gc,metaspace   ] GC(1572) Metaspace: 18851K(19008K)->18851K(19008K) NonClass: 17022K(17152K)->17022K(17152K) Class: 1829K(1856K)->1829K(1856K)
[570.831s][info][gc             ] GC(1572) Pause Full (Allocation Failure) 760M->733M(869M) 1107.162ms
[570.831s][info][gc,cpu         ] GC(1572) User=2.17s Sys=0.00s Real=1.11s
[570.865s][info][gc,start       ] GC(1573) Pause Full (Allocation Failure)
[570.865s][info][gc,phases,start] GC(1573) Marking Phase
[571.419s][info][gc,phases      ] GC(1573) Marking Phase 553.486ms
[571.419s][info][gc,phases,start] GC(1573) Summary Phase
[571.419s][info][gc,phases      ] GC(1573) Summary Phase 0.024ms
[571.419s][info][gc,phases,start] GC(1573) Forward
[571.440s][info][gc,phases      ] GC(1573) Forward 21.300ms
[571.440s][info][gc,phases,start] GC(1573) Adjust Pointers
[571.810s][info][gc,phases      ] GC(1573) Adjust Pointers 370.140ms
[571.810s][info][gc,phases,start] GC(1573) Compaction Phase
[571.959s][info][gc,phases      ] GC(1573) Compaction Phase 148.735ms
[571.959s][info][gc,phases,start] GC(1573) Post Compact
[571.961s][info][gc,phases      ] GC(1573) Post Compact 2.277ms
[571.961s][info][gc,heap        ] GC(1573) PSYoungGen: 111616K(222720K)->83867K(222720K) Eden: 111616K(111616K)->83867K(111616K) From: 0K(111104K)->0K(111104K)
[571.961s][info][gc,heap        ] GC(1573) ParOldGen: 667396K(667648K)->667396K(667648K)
[571.961s][info][gc,metaspace   ] GC(1573) Metaspace: 18851K(19008K)->18851K(19008K) NonClass: 17022K(17152K)->17022K(17152K) Class: 1829K(1856K)->1829K(1856K)
[571.961s][info][gc             ] GC(1573) Pause Full (Allocation Failure) 760M->733M(869M) 1096.431ms
[571.961s][info][gc,cpu         ] GC(1573) User=2.14s Sys=0.00s Real=1.09s
[571.995s][info][gc,start       ] GC(1574) Pause Full (Allocation Failure)
[571.995s][info][gc,phases,start] GC(1574) Marking Phase
[572.559s][info][gc,phases      ] GC(1574) Marking Phase 563.964ms
[572.559s][info][gc,phases,start] GC(1574) Summary Phase
[572.559s][info][gc,phases      ] GC(1574) Summary Phase 0.023ms
[572.559s][info][gc,phases,start] GC(1574) Forward
[572.581s][info][gc,phases      ] GC(1574) Forward 21.536ms
[572.581s][info][gc,phases,start] GC(1574) Adjust Pointers
[572.947s][info][gc,phases      ] GC(1574) Adjust Pointers 366.039ms
[572.947s][info][gc,phases,start] GC(1574) Compaction Phase
[573.092s][info][gc,phases      ] GC(1574) Compaction Phase 145.224ms
[573.092s][info][gc,phases,start] GC(1574) Post Compact
[573.095s][info][gc,phases      ] GC(1574) Post Compact 2.217ms
[573.095s][info][gc,heap        ] GC(1574) PSYoungGen: 111616K(222720K)->84211K(222720K) Eden: 111616K(111616K)->84211K(111616K) From: 0K(111104K)->0K(111104K)
[573.095s][info][gc,heap        ] GC(1574) ParOldGen: 667396K(667648K)->667396K(667648K)
[573.095s][info][gc,metaspace   ] GC(1574) Metaspace: 18851K(19008K)->18851K(19008K) NonClass: 17022K(17152K)->17022K(17152K) Class: 1829K(1856K)->1829K(1856K)
[573.095s][info][gc             ] GC(1574) Pause Full (Allocation Failure) 760M->733M(869M) 1099.437ms
[573.095s][info][gc,cpu         ] GC(1574) User=2.15s Sys=0.00s Real=1.09s
[573.120s][info][gc,start       ] GC(1575) Pause Full (Allocation Failure)
[573.120s][info][gc,phases,start] GC(1575) Marking Phase
[573.665s][info][gc,phases      ] GC(1575) Marking Phase 544.503ms
[573.665s][info][gc,phases,start] GC(1575) Summary Phase
[573.665s][info][gc,phases      ] GC(1575) Summary Phase 0.024ms
[573.665s][info][gc,phases,start] GC(1575) Forward
[573.687s][info][gc,phases      ] GC(1575) Forward 21.844ms
[573.687s][info][gc,phases,start] GC(1575) Adjust Pointers
[574.061s][info][gc,phases      ] GC(1575) Adjust Pointers 374.173ms
[574.061s][info][gc,phases,start] GC(1575) Compaction Phase
[574.212s][info][gc,phases      ] GC(1575) Compaction Phase 151.145ms
[574.212s][info][gc,phases,start] GC(1575) Post Compact
[574.214s][info][gc,phases      ] GC(1575) Post Compact 2.276ms
[574.214s][info][gc,heap        ] GC(1575) PSYoungGen: 111616K(222720K)->84213K(222720K) Eden: 111616K(111616K)->84213K(111616K) From: 0K(111104K)->0K(111104K)
[574.214s][info][gc,heap        ] GC(1575) ParOldGen: 667396K(667648K)->667396K(667648K)
[574.214s][info][gc,metaspace   ] GC(1575) Metaspace: 18851K(19008K)->18851K(19008K) NonClass: 17022K(17152K)->17022K(17152K) Class: 1829K(1856K)->1829K(1856K)
[574.214s][info][gc             ] GC(1575) Pause Full (Allocation Failure) 760M->733M(869M) 1094.397ms
[574.214s][info][gc,cpu         ] GC(1575) User=2.13s Sys=0.00s Real=1.09s
[574.240s][info][gc,start       ] GC(1576) Pause Full (Allocation Failure)
[574.240s][info][gc,phases,start] GC(1576) Marking Phase
[574.802s][info][gc,phases      ] GC(1576) Marking Phase 561.598ms
[574.802s][info][gc,phases,start] GC(1576) Summary Phase
[574.802s][info][gc,phases      ] GC(1576) Summary Phase 0.025ms
[574.802s][info][gc,phases,start] GC(1576) Forward
[574.823s][info][gc,phases      ] GC(1576) Forward 21.412ms
[574.823s][info][gc,phases,start] GC(1576) Adjust Pointers
[575.192s][info][gc,phases      ] GC(1576) Adjust Pointers 368.664ms
[575.192s][info][gc,phases,start] GC(1576) Compaction Phase
[575.340s][info][gc,phases      ] GC(1576) Compaction Phase 148.123ms
[575.340s][info][gc,phases,start] GC(1576) Post Compact
[575.342s][info][gc,phases      ] GC(1576) Post Compact 2.228ms
[575.342s][info][gc,heap        ] GC(1576) PSYoungGen: 111616K(222720K)->84266K(222720K) Eden: 111616K(111616K)->84266K(111616K) From: 0K(111104K)->0K(111104K)
[575.342s][info][gc,heap        ] GC(1576) ParOldGen: 667396K(667648K)->667396K(667648K)
[575.342s][info][gc,metaspace   ] GC(1576) Metaspace: 18851K(19008K)->18851K(19008K) NonClass: 17022K(17152K)->17022K(17152K) Class: 1829K(1856K)->1829K(1856K)
[575.342s][info][gc             ] GC(1576) Pause Full (Allocation Failure) 760M->734M(869M) 1102.520ms
[575.342s][info][gc,cpu         ] GC(1576) User=2.16s Sys=0.01s Real=1.10s
[575.385s][info][gc,start       ] GC(1577) Pause Full (Allocation Failure)
[575.385s][info][gc,phases,start] GC(1577) Marking Phase
[575.952s][info][gc,phases      ] GC(1577) Marking Phase 566.895ms
[575.952s][info][gc,phases,start] GC(1577) Summary Phase
[575.952s][info][gc,phases      ] GC(1577) Summary Phase 0.023ms
[575.952s][info][gc,phases,start] GC(1577) Forward
[575.973s][info][gc,phases      ] GC(1577) Forward 21.387ms
[575.973s][info][gc,phases,start] GC(1577) Adjust Pointers
[576.344s][info][gc,phases      ] GC(1577) Adjust Pointers 370.285ms
[576.344s][info][gc,phases,start] GC(1577) Compaction Phase
[576.491s][info][gc,phases      ] GC(1577) Compaction Phase 146.900ms
[576.491s][info][gc,phases,start] GC(1577) Post Compact
[576.493s][info][gc,phases      ] GC(1577) Post Compact 2.187ms
[576.493s][info][gc,heap        ] GC(1577) PSYoungGen: 111616K(222720K)->86775K(222720K) Eden: 111616K(111616K)->86775K(111616K) From: 0K(111104K)->0K(111104K)
[576.493s][info][gc,heap        ] GC(1577) ParOldGen: 667396K(667648K)->667396K(667648K)
[576.493s][info][gc,metaspace   ] GC(1577) Metaspace: 18854K(19008K)->18854K(19008K) NonClass: 17025K(17152K)->17025K(17152K) Class: 1829K(1856K)->1829K(1856K)
[576.493s][info][gc             ] GC(1577) Pause Full (Allocation Failure) 760M->736M(869M) 1108.122ms
[576.493s][info][gc,cpu         ] GC(1577) User=2.18s Sys=0.00s Real=1.10s
[576.525s][info][gc,start       ] GC(1578) Pause Full (Allocation Failure)
[576.525s][info][gc,phases,start] GC(1578) Marking Phase
[577.081s][info][gc,phases      ] GC(1578) Marking Phase 555.980ms
[577.081s][info][gc,phases,start] GC(1578) Summary Phase
[577.081s][info][gc,phases      ] GC(1578) Summary Phase 0.023ms
[577.081s][info][gc,phases,start] GC(1578) Forward
[577.103s][info][gc,phases      ] GC(1578) Forward 21.298ms
[577.103s][info][gc,phases,start] GC(1578) Adjust Pointers
[577.477s][info][gc,phases      ] GC(1578) Adjust Pointers 373.888ms
[577.477s][info][gc,phases,start] GC(1578) Compaction Phase
[577.624s][info][gc,phases      ] GC(1578) Compaction Phase 147.452ms
[577.624s][info][gc,phases,start] GC(1578) Post Compact
[577.626s][info][gc,phases      ] GC(1578) Post Compact 2.240ms
[577.626s][info][gc,heap        ] GC(1578) PSYoungGen: 111616K(222720K)->87006K(222720K) Eden: 111616K(111616K)->87006K(111616K) From: 0K(111104K)->0K(111104K)
[577.626s][info][gc,heap        ] GC(1578) ParOldGen: 667396K(667648K)->667396K(667648K)
[577.626s][info][gc,metaspace   ] GC(1578) Metaspace: 18854K(19008K)->18854K(19008K) NonClass: 17025K(17152K)->17025K(17152K) Class: 1829K(1856K)->1829K(1856K)
[577.626s][info][gc             ] GC(1578) Pause Full (Allocation Failure) 760M->736M(869M) 1101.352ms
[577.626s][info][gc,cpu         ] GC(1578) User=2.15s Sys=0.00s Real=1.10s
[577.646s][info][gc,start       ] GC(1579) Pause Full (Allocation Failure)
[577.647s][info][gc,phases,start] GC(1579) Marking Phase
[578.208s][info][gc,phases      ] GC(1579) Marking Phase 561.046ms
[578.208s][info][gc,phases,start] GC(1579) Summary Phase
[578.208s][info][gc,phases      ] GC(1579) Summary Phase 0.022ms
[578.208s][info][gc,phases,start] GC(1579) Forward
[578.229s][info][gc,phases      ] GC(1579) Forward 21.054ms
[578.229s][info][gc,phases,start] GC(1579) Adjust Pointers
[578.595s][info][gc,phases      ] GC(1579) Adjust Pointers 366.059ms
[578.595s][info][gc,phases,start] GC(1579) Compaction Phase
[578.741s][info][gc,phases      ] GC(1579) Compaction Phase 146.152ms
[578.741s][info][gc,phases,start] GC(1579) Post Compact
[578.744s][info][gc,phases      ] GC(1579) Post Compact 2.367ms
[578.744s][info][gc,heap        ] GC(1579) PSYoungGen: 111616K(222720K)->87072K(222720K) Eden: 111616K(111616K)->87072K(111616K) From: 0K(111104K)->0K(111104K)
[578.744s][info][gc,heap        ] GC(1579) ParOldGen: 667396K(667648K)->667396K(667648K)
[578.744s][info][gc,metaspace   ] GC(1579) Metaspace: 18854K(19008K)->18854K(19008K) NonClass: 17025K(17152K)->17025K(17152K) Class: 1829K(1856K)->1829K(1856K)
[578.744s][info][gc             ] GC(1579) Pause Full (Allocation Failure) 760M->736M(869M) 1097.147ms
[578.744s][info][gc,cpu         ] GC(1579) User=2.15s Sys=0.00s Real=1.09s
[578.766s][info][gc,start       ] GC(1580) Pause Full (Allocation Failure)
[578.766s][info][gc,phases,start] GC(1580) Marking Phase
[579.328s][info][gc,phases      ] GC(1580) Marking Phase 562.385ms
[579.328s][info][gc,phases,start] GC(1580) Summary Phase
[579.328s][info][gc,phases      ] GC(1580) Summary Phase 0.025ms
[579.328s][info][gc,phases,start] GC(1580) Forward
[579.351s][info][gc,phases      ] GC(1580) Forward 22.330ms
[579.351s][info][gc,phases,start] GC(1580) Adjust Pointers
[579.732s][info][gc,phases      ] GC(1580) Adjust Pointers 381.116ms
[579.732s][info][gc,phases,start] GC(1580) Compaction Phase
[579.884s][info][gc,phases      ] GC(1580) Compaction Phase 152.597ms
[579.884s][info][gc,phases,start] GC(1580) Post Compact
[579.887s][info][gc,phases      ] GC(1580) Post Compact 2.228ms
[579.887s][info][gc,heap        ] GC(1580) PSYoungGen: 111616K(222720K)->87493K(222720K) Eden: 111616K(111616K)->87493K(111616K) From: 0K(111104K)->0K(111104K)
[579.887s][info][gc,heap        ] GC(1580) ParOldGen: 667396K(667648K)->667396K(667648K)
[579.887s][info][gc,metaspace   ] GC(1580) Metaspace: 18854K(19008K)->18854K(19008K) NonClass: 17025K(17152K)->17025K(17152K) Class: 1829K(1856K)->1829K(1856K)
[579.887s][info][gc             ] GC(1580) Pause Full (Allocation Failure) 760M->737M(869M) 1121.079ms
[579.887s][info][gc,cpu         ] GC(1580) User=2.20s Sys=0.00s Real=1.12s
[579.916s][info][gc,start       ] GC(1581) Pause Full (Allocation Failure)
[579.916s][info][gc,phases,start] GC(1581) Marking Phase
[580.486s][info][gc,phases      ] GC(1581) Marking Phase 569.599ms
[580.486s][info][gc,phases,start] GC(1581) Summary Phase
[580.486s][info][gc,phases      ] GC(1581) Summary Phase 0.023ms
[580.486s][info][gc,phases,start] GC(1581) Forward
[580.508s][info][gc,phases      ] GC(1581) Forward 21.848ms
[580.508s][info][gc,phases,start] GC(1581) Adjust Pointers
[580.888s][info][gc,phases      ] GC(1581) Adjust Pointers 379.571ms
[580.888s][info][gc,phases,start] GC(1581) Compaction Phase
[581.039s][info][gc,phases      ] GC(1581) Compaction Phase 151.722ms
[581.039s][info][gc,phases,start] GC(1581) Post Compact
[581.042s][info][gc,phases      ] GC(1581) Post Compact 2.259ms
[581.042s][info][gc,heap        ] GC(1581) PSYoungGen: 111616K(222720K)->87085K(222720K) Eden: 111616K(111616K)->87085K(111616K) From: 0K(111104K)->0K(111104K)
[581.042s][info][gc,heap        ] GC(1581) ParOldGen: 667396K(667648K)->667396K(667648K)
[581.042s][info][gc,metaspace   ] GC(1581) Metaspace: 18854K(19008K)->18854K(19008K) NonClass: 17025K(17152K)->17025K(17152K) Class: 1829K(1856K)->1829K(1856K)
[581.042s][info][gc             ] GC(1581) Pause Full (Allocation Failure) 760M->736M(869M) 1125.448ms
[581.042s][info][gc,cpu         ] GC(1581) User=2.20s Sys=0.00s Real=1.12s
[581.064s][info][gc,start       ] GC(1582) Pause Full (Allocation Failure)
[581.064s][info][gc,phases,start] GC(1582) Marking Phase
[581.631s][info][gc,phases      ] GC(1582) Marking Phase 567.642ms
[581.631s][info][gc,phases,start] GC(1582) Summary Phase
[581.631s][info][gc,phases      ] GC(1582) Summary Phase 0.027ms
[581.631s][info][gc,phases,start] GC(1582) Forward
[581.769s][info][gc,phases      ] GC(1582) Forward 138.122ms
[581.770s][info][gc,phases,start] GC(1582) Adjust Pointers
[582.188s][info][gc,phases      ] GC(1582) Adjust Pointers 418.147ms
[582.188s][info][gc,phases,start] GC(1582) Compaction Phase
[582.362s][info][gc,phases      ] GC(1582) Compaction Phase 174.604ms
[582.380s][info][gc,phases,start] GC(1582) Post Compact
[582.382s][info][gc,phases      ] GC(1582) Post Compact 2.267ms
[582.382s][info][gc,heap        ] GC(1582) PSYoungGen: 111616K(222720K)->87089K(222720K) Eden: 111616K(111616K)->87089K(111616K) From: 0K(111104K)->0K(111104K)
[582.382s][info][gc,heap        ] GC(1582) ParOldGen: 667396K(667648K)->667396K(667648K)
[582.382s][info][gc,metaspace   ] GC(1582) Metaspace: 18854K(19008K)->18854K(19008K) NonClass: 17025K(17152K)->17025K(17152K) Class: 1829K(1856K)->1829K(1856K)
[582.382s][info][gc             ] GC(1582) Pause Full (Allocation Failure) 760M->736M(869M) 1318.269ms
[582.382s][info][gc,cpu         ] GC(1582) User=2.58s Sys=0.01s Real=1.32s
[582.395s][info][gc,start       ] GC(1583) Pause Full (Allocation Failure)
[582.395s][info][gc,phases,start] GC(1583) Marking Phase
[582.956s][info][gc,phases      ] GC(1583) Marking Phase 560.455ms
[582.956s][info][gc,phases,start] GC(1583) Summary Phase
[582.956s][info][gc,phases      ] GC(1583) Summary Phase 0.023ms
[582.956s][info][gc,phases,start] GC(1583) Forward
[582.977s][info][gc,phases      ] GC(1583) Forward 21.508ms
[582.977s][info][gc,phases,start] GC(1583) Adjust Pointers
[583.356s][info][gc,phases      ] GC(1583) Adjust Pointers 378.513ms
[583.356s][info][gc,phases,start] GC(1583) Compaction Phase
[583.505s][info][gc,phases      ] GC(1583) Compaction Phase 148.636ms
[583.505s][info][gc,phases,start] GC(1583) Post Compact
[583.507s][info][gc,phases      ] GC(1583) Post Compact 2.201ms
[583.507s][info][gc,heap        ] GC(1583) PSYoungGen: 111616K(222720K)->87089K(222720K) Eden: 111616K(111616K)->87089K(111616K) From: 0K(111104K)->0K(111104K)
[583.507s][info][gc,heap        ] GC(1583) ParOldGen: 667396K(667648K)->667396K(667648K)
[583.507s][info][gc,metaspace   ] GC(1583) Metaspace: 18854K(19008K)->18854K(19008K) NonClass: 17025K(17152K)->17025K(17152K) Class: 1829K(1856K)->1829K(1856K)
[583.507s][info][gc             ] GC(1583) Pause Full (Allocation Failure) 760M->736M(869M) 1111.788ms
[583.507s][info][gc,cpu         ] GC(1583) User=2.17s Sys=0.00s Real=1.11s
[583.520s][info][gc,start       ] GC(1584) Pause Full (Allocation Failure)
[583.520s][info][gc,phases,start] GC(1584) Marking Phase
[584.098s][info][gc,phases      ] GC(1584) Marking Phase 578.490ms
[584.098s][info][gc,phases,start] GC(1584) Summary Phase
[584.099s][info][gc,phases      ] GC(1584) Summary Phase 0.025ms
[584.099s][info][gc,phases,start] GC(1584) Forward
[584.121s][info][gc,phases      ] GC(1584) Forward 22.702ms
[584.121s][info][gc,phases,start] GC(1584) Adjust Pointers
[584.504s][info][gc,phases      ] GC(1584) Adjust Pointers 383.054ms
[584.504s][info][gc,phases,start] GC(1584) Compaction Phase
[584.652s][info][gc,phases      ] GC(1584) Compaction Phase 147.647ms
[584.652s][info][gc,phases,start] GC(1584) Post Compact
[584.654s][info][gc,phases      ] GC(1584) Post Compact 2.234ms
[584.654s][info][gc,heap        ] GC(1584) PSYoungGen: 111616K(222720K)->87090K(222720K) Eden: 111616K(111616K)->87090K(111616K) From: 0K(111104K)->0K(111104K)
[584.654s][info][gc,heap        ] GC(1584) ParOldGen: 667396K(667648K)->667396K(667648K)
[584.654s][info][gc,metaspace   ] GC(1584) Metaspace: 18854K(19008K)->18854K(19008K) NonClass: 17025K(17152K)->17025K(17152K) Class: 1829K(1856K)->1829K(1856K)
[584.655s][info][gc             ] GC(1584) Pause Full (Allocation Failure) 760M->736M(869M) 1134.605ms
[584.655s][info][gc,cpu         ] GC(1584) User=2.22s Sys=0.01s Real=1.13s
[584.668s][info][gc,start       ] GC(1585) Pause Full (Allocation Failure)
[584.668s][info][gc,phases,start] GC(1585) Marking Phase
[585.229s][info][gc,phases      ] GC(1585) Marking Phase 560.729ms
[585.229s][info][gc,phases,start] GC(1585) Summary Phase
[585.229s][info][gc,phases      ] GC(1585) Summary Phase 0.022ms
[585.229s][info][gc,phases,start] GC(1585) Forward
[585.251s][info][gc,phases      ] GC(1585) Forward 22.430ms
[585.251s][info][gc,phases,start] GC(1585) Adjust Pointers
[585.630s][info][gc,phases      ] GC(1585) Adjust Pointers 378.557ms
[585.630s][info][gc,phases,start] GC(1585) Compaction Phase
[585.780s][info][gc,phases      ] GC(1585) Compaction Phase 150.254ms
[585.780s][info][gc,phases,start] GC(1585) Post Compact
[585.782s][info][gc,phases      ] GC(1585) Post Compact 2.218ms
[585.783s][info][gc,heap        ] GC(1585) PSYoungGen: 111616K(222720K)->87093K(222720K) Eden: 111616K(111616K)->87093K(111616K) From: 0K(111104K)->0K(111104K)
[585.783s][info][gc,heap        ] GC(1585) ParOldGen: 667396K(667648K)->667396K(667648K)
[585.783s][info][gc,metaspace   ] GC(1585) Metaspace: 18854K(19008K)->18854K(19008K) NonClass: 17025K(17152K)->17025K(17152K) Class: 1829K(1856K)->1829K(1856K)
[585.783s][info][gc             ] GC(1585) Pause Full (Allocation Failure) 760M->736M(869M) 1114.630ms
[585.783s][info][gc,cpu         ] GC(1585) User=2.18s Sys=0.00s Real=1.11s
[585.796s][info][gc,start       ] GC(1586) Pause Full (Allocation Failure)
[585.796s][info][gc,phases,start] GC(1586) Marking Phase
[586.361s][info][gc,phases      ] GC(1586) Marking Phase 564.137ms
[586.361s][info][gc,phases,start] GC(1586) Summary Phase
[586.361s][info][gc,phases      ] GC(1586) Summary Phase 0.024ms
[586.361s][info][gc,phases,start] GC(1586) Forward
[586.382s][info][gc,phases      ] GC(1586) Forward 21.631ms
[586.382s][info][gc,phases,start] GC(1586) Adjust Pointers
[586.756s][info][gc,phases      ] GC(1586) Adjust Pointers 373.388ms
[586.756s][info][gc,phases,start] GC(1586) Compaction Phase
[586.904s][info][gc,phases      ] GC(1586) Compaction Phase 147.630ms
[586.904s][info][gc,phases,start] GC(1586) Post Compact
[586.906s][info][gc,phases      ] GC(1586) Post Compact 2.259ms
[586.906s][info][gc,heap        ] GC(1586) PSYoungGen: 111616K(222720K)->87113K(222720K) Eden: 111616K(111616K)->87113K(111616K) From: 0K(111104K)->0K(111104K)
[586.906s][info][gc,heap        ] GC(1586) ParOldGen: 667396K(667648K)->667396K(667648K)
[586.906s][info][gc,metaspace   ] GC(1586) Metaspace: 18854K(19008K)->18854K(19008K) NonClass: 17025K(17152K)->17025K(17152K) Class: 1829K(1856K)->1829K(1856K)
[586.906s][info][gc             ] GC(1586) Pause Full (Allocation Failure) 760M->736M(869M) 1109.536ms
[586.906s][info][gc,cpu         ] GC(1586) User=2.17s Sys=0.00s Real=1.11s
[586.919s][info][gc,start       ] GC(1587) Pause Full (Allocation Failure)
[586.919s][info][gc,phases,start] GC(1587) Marking Phase
[587.476s][info][gc,phases      ] GC(1587) Marking Phase 556.505ms
[587.476s][info][gc,phases,start] GC(1587) Summary Phase
[587.476s][info][gc,phases      ] GC(1587) Summary Phase 0.023ms
[587.476s][info][gc,phases,start] GC(1587) Forward
[587.499s][info][gc,phases      ] GC(1587) Forward 23.125ms
[587.499s][info][gc,phases,start] GC(1587) Adjust Pointers
[587.879s][info][gc,phases      ] GC(1587) Adjust Pointers 380.150ms
[587.879s][info][gc,phases,start] GC(1587) Compaction Phase
[588.029s][info][gc,phases      ] GC(1587) Compaction Phase 149.928ms
[588.029s][info][gc,phases,start] GC(1587) Post Compact
[588.032s][info][gc,phases      ] GC(1587) Post Compact 2.307ms
[588.032s][info][gc,heap        ] GC(1587) PSYoungGen: 111616K(222720K)->87113K(222720K) Eden: 111616K(111616K)->87113K(111616K) From: 0K(111104K)->0K(111104K)
[588.032s][info][gc,heap        ] GC(1587) ParOldGen: 667396K(667648K)->667396K(667648K)
[588.032s][info][gc,metaspace   ] GC(1587) Metaspace: 18854K(19008K)->18854K(19008K) NonClass: 17025K(17152K)->17025K(17152K) Class: 1829K(1856K)->1829K(1856K)
[588.032s][info][gc             ] GC(1587) Pause Full (Allocation Failure) 760M->736M(869M) 1112.471ms
[588.032s][info][gc,cpu         ] GC(1587) User=2.18s Sys=0.00s Real=1.11s
[588.046s][info][gc,start       ] GC(1588) Pause Full (Allocation Failure)
[588.046s][info][gc,phases,start] GC(1588) Marking Phase
[588.617s][info][gc,phases      ] GC(1588) Marking Phase 571.418ms
[588.617s][info][gc,phases,start] GC(1588) Summary Phase
[588.617s][info][gc,phases      ] GC(1588) Summary Phase 0.024ms
[588.617s][info][gc,phases,start] GC(1588) Forward
[588.639s][info][gc,phases      ] GC(1588) Forward 22.090ms
[588.639s][info][gc,phases,start] GC(1588) Adjust Pointers
[589.021s][info][gc,phases      ] GC(1588) Adjust Pointers 381.515ms
[589.021s][info][gc,phases,start] GC(1588) Compaction Phase
[589.170s][info][gc,phases      ] GC(1588) Compaction Phase 149.304ms
[589.170s][info][gc,phases,start] GC(1588) Post Compact
[589.173s][info][gc,phases      ] GC(1588) Post Compact 2.218ms
[589.173s][info][gc,heap        ] GC(1588) PSYoungGen: 111616K(222720K)->87111K(222720K) Eden: 111616K(111616K)->87111K(111616K) From: 0K(111104K)->0K(111104K)
[589.173s][info][gc,heap        ] GC(1588) ParOldGen: 667396K(667648K)->667396K(667648K)
[589.173s][info][gc,metaspace   ] GC(1588) Metaspace: 18854K(19008K)->18854K(19008K) NonClass: 17025K(17152K)->17025K(17152K) Class: 1829K(1856K)->1829K(1856K)
[589.173s][info][gc             ] GC(1588) Pause Full (Allocation Failure) 760M->736M(869M) 1126.994ms
[589.173s][info][gc,cpu         ] GC(1588) User=2.21s Sys=0.00s Real=1.12s
[589.188s][info][gc,start       ] GC(1589) Pause Full (Allocation Failure)
[589.188s][info][gc,phases,start] GC(1589) Marking Phase
[589.754s][info][gc,phases      ] GC(1589) Marking Phase 565.681ms
[589.754s][info][gc,phases,start] GC(1589) Summary Phase
[589.754s][info][gc,phases      ] GC(1589) Summary Phase 0.025ms
[589.754s][info][gc,phases,start] GC(1589) Forward
[589.775s][info][gc,phases      ] GC(1589) Forward 21.855ms
[589.776s][info][gc,phases,start] GC(1589) Adjust Pointers
[590.169s][info][gc,phases      ] GC(1589) Adjust Pointers 393.191ms
[590.169s][info][gc,phases,start] GC(1589) Compaction Phase
[590.321s][info][gc,phases      ] GC(1589) Compaction Phase 151.696ms
[590.321s][info][gc,phases,start] GC(1589) Post Compact
[590.323s][info][gc,phases      ] GC(1589) Post Compact 2.308ms
[590.323s][info][gc,heap        ] GC(1589) PSYoungGen: 111616K(222720K)->87113K(222720K) Eden: 111616K(111616K)->87113K(111616K) From: 0K(111104K)->0K(111104K)
[590.323s][info][gc,heap        ] GC(1589) ParOldGen: 667396K(667648K)->667396K(667648K)
[590.323s][info][gc,metaspace   ] GC(1589) Metaspace: 18854K(19008K)->18854K(19008K) NonClass: 17025K(17152K)->17025K(17152K) Class: 1829K(1856K)->1829K(1856K)
[590.323s][info][gc             ] GC(1589) Pause Full (Allocation Failure) 760M->736M(869M) 1135.225ms
[590.323s][info][gc,cpu         ] GC(1589) User=2.23s Sys=0.00s Real=1.13s
[590.338s][info][gc,start       ] GC(1590) Pause Full (Allocation Failure)
[590.338s][info][gc,phases,start] GC(1590) Marking Phase
[590.939s][info][gc,phases      ] GC(1590) Marking Phase 600.211ms
[590.939s][info][gc,phases,start] GC(1590) Summary Phase
[590.939s][info][gc,phases      ] GC(1590) Summary Phase 0.053ms
[590.939s][info][gc,phases,start] GC(1590) Forward
[590.962s][info][gc,phases      ] GC(1590) Forward 23.397ms
[590.962s][info][gc,phases,start] GC(1590) Adjust Pointers
[591.371s][info][gc,phases      ] GC(1590) Adjust Pointers 408.309ms
[591.371s][info][gc,phases,start] GC(1590) Compaction Phase
[591.529s][info][gc,phases      ] GC(1590) Compaction Phase 158.184ms
[591.529s][info][gc,phases,start] GC(1590) Post Compact
[591.531s][info][gc,phases      ] GC(1590) Post Compact 2.271ms
[591.531s][info][gc,heap        ] GC(1590) PSYoungGen: 111615K(222720K)->87114K(222720K) Eden: 111615K(111616K)->87114K(111616K) From: 0K(111104K)->0K(111104K)
[591.531s][info][gc,heap        ] GC(1590) ParOldGen: 667396K(667648K)->667396K(667648K)
[591.531s][info][gc,metaspace   ] GC(1590) Metaspace: 18854K(19008K)->18854K(19008K) NonClass: 17025K(17152K)->17025K(17152K) Class: 1829K(1856K)->1829K(1856K)
[591.531s][info][gc             ] GC(1590) Pause Full (Allocation Failure) 760M->736M(869M) 1192.891ms
[591.531s][info][gc,cpu         ] GC(1590) User=2.33s Sys=0.00s Real=1.19s
[591.569s][info][gc,start       ] GC(1591) Pause Full (Allocation Failure)
[591.569s][info][gc,phases,start] GC(1591) Marking Phase
[592.186s][info][gc,phases      ] GC(1591) Marking Phase 617.062ms
[592.186s][info][gc,phases,start] GC(1591) Summary Phase
[592.186s][info][gc,phases      ] GC(1591) Summary Phase 0.025ms
[592.186s][info][gc,phases,start] GC(1591) Forward
[592.209s][info][gc,phases      ] GC(1591) Forward 23.113ms
[592.209s][info][gc,phases,start] GC(1591) Adjust Pointers
[592.606s][info][gc,phases      ] GC(1591) Adjust Pointers 396.872ms
[592.606s][info][gc,phases,start] GC(1591) Compaction Phase
[592.764s][info][gc,phases      ] GC(1591) Compaction Phase 157.556ms
[592.764s][info][gc,phases,start] GC(1591) Post Compact
[592.766s][info][gc,phases      ] GC(1591) Post Compact 2.282ms
[592.766s][info][gc,heap        ] GC(1591) PSYoungGen: 111616K(222720K)->87179K(222720K) Eden: 111616K(111616K)->87179K(111616K) From: 0K(111104K)->0K(111104K)
[592.766s][info][gc,heap        ] GC(1591) ParOldGen: 667396K(667648K)->667396K(667648K)
[592.766s][info][gc,metaspace   ] GC(1591) Metaspace: 18854K(19008K)->18854K(19008K) NonClass: 17025K(17152K)->17025K(17152K) Class: 1829K(1856K)->1829K(1856K)
[592.766s][info][gc             ] GC(1591) Pause Full (Allocation Failure) 760M->736M(869M) 1197.356ms
[592.766s][info][gc,cpu         ] GC(1591) User=2.34s Sys=0.00s Real=1.20s
[592.807s][info][gc,start       ] GC(1592) Pause Full (Allocation Failure)
[592.807s][info][gc,phases,start] GC(1592) Marking Phase
[593.393s][info][gc,phases      ] GC(1592) Marking Phase 585.657ms
[593.393s][info][gc,phases,start] GC(1592) Summary Phase
[593.393s][info][gc,phases      ] GC(1592) Summary Phase 0.024ms
[593.393s][info][gc,phases,start] GC(1592) Forward
[593.414s][info][gc,phases      ] GC(1592) Forward 21.478ms
[593.415s][info][gc,phases,start] GC(1592) Adjust Pointers
[593.788s][info][gc,phases      ] GC(1592) Adjust Pointers 373.458ms
[593.788s][info][gc,phases,start] GC(1592) Compaction Phase
[593.943s][info][gc,phases      ] GC(1592) Compaction Phase 154.761ms
[593.943s][info][gc,phases,start] GC(1592) Post Compact
[593.945s][info][gc,phases      ] GC(1592) Post Compact 2.260ms
[593.945s][info][gc,heap        ] GC(1592) PSYoungGen: 111616K(222720K)->92049K(222720K) Eden: 111616K(111616K)->92049K(111616K) From: 0K(111104K)->0K(111104K)
[593.945s][info][gc,heap        ] GC(1592) ParOldGen: 667396K(667648K)->667396K(667648K)
[593.945s][info][gc,metaspace   ] GC(1592) Metaspace: 18854K(19008K)->18854K(19008K) NonClass: 17025K(17152K)->17025K(17152K) Class: 1829K(1856K)->1829K(1856K)
[593.945s][info][gc             ] GC(1592) Pause Full (Allocation Failure) 760M->741M(869M) 1138.062ms
[593.945s][info][gc,cpu         ] GC(1592) User=2.23s Sys=0.01s Real=1.14s
[593.970s][info][gc,start       ] GC(1593) Pause Full (Allocation Failure)
[593.970s][info][gc,phases,start] GC(1593) Marking Phase
[594.614s][info][gc,phases      ] GC(1593) Marking Phase 643.475ms
[594.614s][info][gc,phases,start] GC(1593) Summary Phase
[594.614s][info][gc,phases      ] GC(1593) Summary Phase 0.035ms
[594.614s][info][gc,phases,start] GC(1593) Forward
[594.639s][info][gc,phases      ] GC(1593) Forward 24.487ms
[594.639s][info][gc,phases,start] GC(1593) Adjust Pointers
[595.020s][info][gc,phases      ] GC(1593) Adjust Pointers 381.661ms
[595.020s][info][gc,phases,start] GC(1593) Compaction Phase
[595.175s][info][gc,phases      ] GC(1593) Compaction Phase 154.212ms
[595.175s][info][gc,phases,start] GC(1593) Post Compact
[595.177s][info][gc,phases      ] GC(1593) Post Compact 2.262ms
[595.177s][info][gc,heap        ] GC(1593) PSYoungGen: 111616K(222720K)->92052K(222720K) Eden: 111616K(111616K)->92052K(111616K) From: 0K(111104K)->0K(111104K)
[595.177s][info][gc,heap        ] GC(1593) ParOldGen: 667396K(667648K)->667396K(667648K)
[595.177s][info][gc,metaspace   ] GC(1593) Metaspace: 18854K(19008K)->18854K(19008K) NonClass: 17025K(17152K)->17025K(17152K) Class: 1829K(1856K)->1829K(1856K)
[595.177s][info][gc             ] GC(1593) Pause Full (Allocation Failure) 760M->741M(869M) 1206.657ms
[595.177s][info][gc,cpu         ] GC(1593) User=2.36s Sys=0.00s Real=1.21s
[595.255s][info][gc,start       ] GC(1594) Pause Full (Allocation Failure)
[595.255s][info][gc,phases,start] GC(1594) Marking Phase
[595.713s][info][gc,phases      ] GC(1594) Marking Phase 458.201ms
[595.713s][info][gc,phases,start] GC(1594) Summary Phase
[595.713s][info][gc,phases      ] GC(1594) Summary Phase 0.026ms
[595.713s][info][gc,phases,start] GC(1594) Forward
[595.846s][info][gc,phases      ] GC(1594) Forward 132.682ms
[595.846s][info][gc,phases,start] GC(1594) Adjust Pointers
[596.181s][info][gc,phases      ] GC(1594) Adjust Pointers 335.077ms
[596.181s][info][gc,phases,start] GC(1594) Compaction Phase
[596.412s][info][gc,phases      ] GC(1594) Compaction Phase 230.624ms
[596.424s][info][gc,phases,start] GC(1594) Post Compact
[596.427s][info][gc,phases      ] GC(1594) Post Compact 2.230ms
[596.427s][info][gc,heap        ] GC(1594) PSYoungGen: 111616K(222720K)->0K(222720K) Eden: 111616K(111616K)->0K(111616K) From: 0K(111104K)->0K(111104K)
[596.427s][info][gc,heap        ] GC(1594) ParOldGen: 667396K(667648K)->617208K(667648K)
[596.427s][info][gc,metaspace   ] GC(1594) Metaspace: 18854K(19008K)->18854K(19008K) NonClass: 17025K(17152K)->17025K(17152K) Class: 1829K(1856K)->1829K(1856K)
[596.427s][info][gc             ] GC(1594) Pause Full (Allocation Failure) 760M->602M(869M) 1171.950ms
[596.427s][info][gc,cpu         ] GC(1594) User=2.24s Sys=0.00s Real=1.17s
[596.547s][info][gc,start       ] GC(1595) Pause Young (Allocation Failure)
[596.552s][info][gc,heap        ] GC(1595) PSYoungGen: 111616K(222720K)->2624K(222720K) Eden: 111616K(111616K)->0K(111616K) From: 0K(111104K)->2624K(111104K)
[596.552s][info][gc,heap        ] GC(1595) ParOldGen: 617208K(667648K)->617208K(667648K)
[596.552s][info][gc,metaspace   ] GC(1595) Metaspace: 18855K(19008K)->18855K(19008K) NonClass: 17025K(17152K)->17025K(17152K) Class: 1829K(1856K)->1829K(1856K)
[596.552s][info][gc             ] GC(1595) Pause Young (Allocation Failure) 711M->605M(869M) 5.122ms
[596.552s][info][gc,cpu         ] GC(1595) User=0.01s Sys=0.00s Real=0.00s
[596.837s][info][gc,start       ] GC(1596) Pause Young (Allocation Failure)
[596.842s][info][gc,heap        ] GC(1596) PSYoungGen: 114240K(222720K)->160K(222720K) Eden: 111616K(111616K)->0K(111616K) From: 2624K(111104K)->160K(111104K)
[596.842s][info][gc,heap        ] GC(1596) ParOldGen: 617208K(667648K)->619792K(667648K)
[596.842s][info][gc,metaspace   ] GC(1596) Metaspace: 18855K(19008K)->18855K(19008K) NonClass: 17025K(17152K)->17025K(17152K) Class: 1829K(1856K)->1829K(1856K)
[596.842s][info][gc             ] GC(1596) Pause Young (Allocation Failure) 714M->605M(869M) 5.920ms
[596.842s][info][gc,cpu         ] GC(1596) User=0.01s Sys=0.00s Real=0.00s
[597.042s][info][gc,start       ] GC(1597) Pause Young (Allocation Failure)
[597.068s][info][gc,heap        ] GC(1597) PSYoungGen: 111776K(222720K)->22912K(222720K) Eden: 111616K(111616K)->0K(111616K) From: 160K(111104K)->22912K(111104K)
[597.068s][info][gc,heap        ] GC(1597) ParOldGen: 619792K(667648K)->619928K(667648K)
[597.068s][info][gc,metaspace   ] GC(1597) Metaspace: 18855K(19008K)->18855K(19008K) NonClass: 17025K(17152K)->17025K(17152K) Class: 1829K(1856K)->1829K(1856K)
[597.068s][info][gc             ] GC(1597) Pause Young (Allocation Failure) 714M->627M(869M) 25.678ms
[597.068s][info][gc,cpu         ] GC(1597) User=0.05s Sys=0.00s Real=0.03s
[597.206s][info][gc,start       ] GC(1598) Pause Young (Allocation Failure)
[597.233s][info][gc,heap        ] GC(1598) PSYoungGen: 134528K(222720K)->64K(222720K) Eden: 111616K(111616K)->0K(111616K) From: 22912K(111104K)->64K(111104K)
[597.233s][info][gc,heap        ] GC(1598) ParOldGen: 619928K(667648K)->642864K(667648K)
[597.233s][info][gc,metaspace   ] GC(1598) Metaspace: 18855K(19008K)->18855K(19008K) NonClass: 17025K(17152K)->17025K(17152K) Class: 1829K(1856K)->1829K(1856K)
[597.233s][info][gc             ] GC(1598) Pause Young (Allocation Failure) 736M->627M(869M) 26.956ms
[597.233s][info][gc,cpu         ] GC(1598) User=0.05s Sys=0.00s Real=0.02s
[597.389s][info][gc,start       ] GC(1599) Pause Full (Allocation Failure)
[597.390s][info][gc,phases,start] GC(1599) Marking Phase
[597.878s][info][gc,phases      ] GC(1599) Marking Phase 488.850ms
[597.878s][info][gc,phases,start] GC(1599) Summary Phase
[597.878s][info][gc,phases      ] GC(1599) Summary Phase 0.027ms
[597.878s][info][gc,phases,start] GC(1599) Forward
[597.879s][info][gc,phases      ] GC(1599) Forward 0.437ms
[597.879s][info][gc,phases,start] GC(1599) Adjust Pointers
[598.193s][info][gc,phases      ] GC(1599) Adjust Pointers 313.964ms
[598.193s][info][gc,phases,start] GC(1599) Compaction Phase
[598.336s][info][gc,phases      ] GC(1599) Compaction Phase 142.945ms
[598.336s][info][gc,phases,start] GC(1599) Post Compact
[598.338s][info][gc,phases      ] GC(1599) Post Compact 2.200ms
[598.338s][info][gc,heap        ] GC(1599) PSYoungGen: 111680K(222720K)->0K(222720K) Eden: 111616K(111616K)->0K(111616K) From: 64K(111104K)->0K(111104K)
[598.338s][info][gc,heap        ] GC(1599) ParOldGen: 642864K(667648K)->642964K(667648K)
[598.338s][info][gc,metaspace   ] GC(1599) Metaspace: 18855K(19008K)->18855K(19008K) NonClass: 17025K(17152K)->17025K(17152K) Class: 1829K(1856K)->1829K(1856K)
[598.338s][info][gc             ] GC(1599) Pause Full (Allocation Failure) 736M->627M(869M) 948.831ms
[598.338s][info][gc,cpu         ] GC(1599) User=1.86s Sys=0.00s Real=0.95s
[598.533s][info][gc,start       ] GC(1600) Pause Full (Allocation Failure)
[598.533s][info][gc,phases,start] GC(1600) Marking Phase
[599.018s][info][gc,phases      ] GC(1600) Marking Phase 485.637ms
[599.018s][info][gc,phases,start] GC(1600) Summary Phase
[599.018s][info][gc,phases      ] GC(1600) Summary Phase 0.026ms
[599.019s][info][gc,phases,start] GC(1600) Forward
[599.019s][info][gc,phases      ] GC(1600) Forward 0.401ms
[599.019s][info][gc,phases,start] GC(1600) Adjust Pointers
[599.333s][info][gc,phases      ] GC(1600) Adjust Pointers 314.089ms
[599.333s][info][gc,phases,start] GC(1600) Compaction Phase
[599.476s][info][gc,phases      ] GC(1600) Compaction Phase 142.694ms
[599.476s][info][gc,phases,start] GC(1600) Post Compact
[599.478s][info][gc,phases      ] GC(1600) Post Compact 2.217ms
[599.478s][info][gc,heap        ] GC(1600) PSYoungGen: 111616K(222720K)->0K(222720K) Eden: 111616K(111616K)->0K(111616K) From: 0K(111104K)->0K(111104K)
[599.478s][info][gc,heap        ] GC(1600) ParOldGen: 642964K(667648K)->642965K(667648K)
[599.478s][info][gc,metaspace   ] GC(1600) Metaspace: 18855K(19008K)->18855K(19008K) NonClass: 17025K(17152K)->17025K(17152K) Class: 1829K(1856K)->1829K(1856K)
[599.478s][info][gc             ] GC(1600) Pause Full (Allocation Failure) 736M->627M(869M) 945.487ms
[599.478s][info][gc,cpu         ] GC(1600) User=1.85s Sys=0.01s Real=0.95s
[600.704s][info][gc,start       ] GC(1601) Pause Full (Allocation Failure)
[600.704s][info][gc,phases,start] GC(1601) Marking Phase
[601.183s][info][gc,phases      ] GC(1601) Marking Phase 479.736ms
[601.183s][info][gc,phases,start] GC(1601) Summary Phase
[601.184s][info][gc,phases      ] GC(1601) Summary Phase 0.025ms
[601.184s][info][gc,phases,start] GC(1601) Forward
[601.185s][info][gc,phases      ] GC(1601) Forward 1.333ms
[601.185s][info][gc,phases,start] GC(1601) Adjust Pointers
[601.497s][info][gc,phases      ] GC(1601) Adjust Pointers 312.108ms
[601.497s][info][gc,phases,start] GC(1601) Compaction Phase
[601.637s][info][gc,phases      ] GC(1601) Compaction Phase 140.057ms
[601.637s][info][gc,phases,start] GC(1601) Post Compact
[601.639s][info][gc,phases      ] GC(1601) Post Compact 2.165ms
[601.639s][info][gc,heap        ] GC(1601) PSYoungGen: 111616K(222720K)->0K(222720K) Eden: 111616K(111616K)->0K(111616K) From: 0K(111104K)->0K(111104K)
[601.639s][info][gc,heap        ] GC(1601) ParOldGen: 642965K(667648K)->643500K(667648K)
[601.639s][info][gc,metaspace   ] GC(1601) Metaspace: 18855K(19008K)->18855K(19008K) NonClass: 17025K(17152K)->17025K(17152K) Class: 1829K(1856K)->1829K(1856K)
[601.639s][info][gc             ] GC(1601) Pause Full (Allocation Failure) 736M->628M(869M) 935.885ms
[601.639s][info][gc,cpu         ] GC(1601) User=1.84s Sys=0.00s Real=0.94s
[602.273s][info][gc,start       ] GC(1602) Pause Full (Allocation Failure)
[602.273s][info][gc,phases,start] GC(1602) Marking Phase
[602.664s][info][gc,phases      ] GC(1602) Marking Phase 390.996ms
[602.664s][info][gc,phases,start] GC(1602) Summary Phase
[602.665s][info][gc,phases      ] GC(1602) Summary Phase 0.027ms
[602.665s][info][gc,phases,start] GC(1602) Forward
[602.738s][info][gc,phases      ] GC(1602) Forward 73.325ms
[602.738s][info][gc,phases,start] GC(1602) Adjust Pointers
[603.001s][info][gc,phases      ] GC(1602) Adjust Pointers 263.044ms
[603.001s][info][gc,phases,start] GC(1602) Compaction Phase
[603.141s][info][gc,phases      ] GC(1602) Compaction Phase 139.953ms
[603.146s][info][gc,phases,start] GC(1602) Post Compact
[603.148s][info][gc,phases      ] GC(1602) Post Compact 2.235ms
[603.148s][info][gc,heap        ] GC(1602) PSYoungGen: 111616K(222720K)->0K(222720K) Eden: 111616K(111616K)->0K(111616K) From: 0K(111104K)->0K(111104K)
[603.148s][info][gc,heap        ] GC(1602) ParOldGen: 643500K(667648K)->518701K(667648K)
[603.148s][info][gc,metaspace   ] GC(1602) Metaspace: 18855K(19008K)->18855K(19008K) NonClass: 17025K(17152K)->17025K(17152K) Class: 1829K(1856K)->1829K(1856K)
[603.148s][info][gc             ] GC(1602) Pause Full (Allocation Failure) 737M->506M(869M) 875.035ms
[603.148s][info][gc,cpu         ] GC(1602) User=1.67s Sys=0.00s Real=0.88s
[603.590s][info][gc,start       ] GC(1603) Pause Young (Allocation Failure)
[603.593s][info][gc,heap        ] GC(1603) PSYoungGen: 111616K(222720K)->1232K(222720K) Eden: 111616K(111616K)->0K(111616K) From: 0K(111104K)->1232K(111104K)
[603.593s][info][gc,heap        ] GC(1603) ParOldGen: 518701K(667648K)->518701K(667648K)
[603.593s][info][gc,metaspace   ] GC(1603) Metaspace: 18862K(19008K)->18862K(19008K) NonClass: 17033K(17152K)->17033K(17152K) Class: 1829K(1856K)->1829K(1856K)
[603.593s][info][gc             ] GC(1603) Pause Young (Allocation Failure) 615M->507M(869M) 3.698ms
[603.593s][info][gc,cpu         ] GC(1603) User=0.01s Sys=0.00s Real=0.00s
[604.028s][info][gc,start       ] GC(1604) Pause Young (Allocation Failure)
[604.031s][info][gc,heap        ] GC(1604) PSYoungGen: 112848K(222720K)->694K(222720K) Eden: 111616K(111616K)->0K(111616K) From: 1232K(111104K)->694K(111104K)
[604.031s][info][gc,heap        ] GC(1604) ParOldGen: 518701K(667648K)->519886K(667648K)
[604.031s][info][gc,metaspace   ] GC(1604) Metaspace: 18872K(19008K)->18872K(19008K) NonClass: 17043K(17152K)->17043K(17152K) Class: 1829K(1856K)->1829K(1856K)
[604.031s][info][gc             ] GC(1604) Pause Young (Allocation Failure) 616M->508M(869M) 3.762ms
[604.031s][info][gc,cpu         ] GC(1604) User=0.01s Sys=0.01s Real=0.00s
[604.293s][info][gc,start       ] GC(1605) Pause Young (Allocation Failure)
[604.295s][info][gc,heap        ] GC(1605) PSYoungGen: 112096K(222720K)->682K(222720K) Eden: 111401K(111616K)->0K(111616K) From: 694K(111104K)->682K(111104K)
[604.295s][info][gc,heap        ] GC(1605) ParOldGen: 519886K(667648K)->520038K(667648K)
[604.295s][info][gc,metaspace   ] GC(1605) Metaspace: 18873K(19008K)->18873K(19008K) NonClass: 17043K(17152K)->17043K(17152K) Class: 1829K(1856K)->1829K(1856K)
[604.295s][info][gc             ] GC(1605) Pause Young (Allocation Failure) 617M->508M(869M) 2.353ms
[604.295s][info][gc,cpu         ] GC(1605) User=0.01s Sys=0.00s Real=0.01s
[604.575s][info][gc,start       ] GC(1606) Pause Young (Allocation Failure)
[604.578s][info][gc,heap        ] GC(1606) PSYoungGen: 112263K(222720K)->488K(222720K) Eden: 111581K(111616K)->0K(111616K) From: 682K(111104K)->488K(111104K)
[604.578s][info][gc,heap        ] GC(1606) ParOldGen: 520038K(667648K)->520166K(667648K)
[604.578s][info][gc,metaspace   ] GC(1606) Metaspace: 18873K(19008K)->18873K(19008K) NonClass: 17043K(17152K)->17043K(17152K) Class: 1829K(1856K)->1829K(1856K)
[604.578s][info][gc             ] GC(1606) Pause Young (Allocation Failure) 617M->508M(869M) 2.996ms
[604.578s][info][gc,cpu         ] GC(1606) User=0.01s Sys=0.00s Real=0.00s
[604.775s][info][gc,start       ] GC(1607) Pause Young (Allocation Failure)
[604.799s][info][gc,heap        ] GC(1607) PSYoungGen: 112104K(222720K)->23792K(135680K) Eden: 111616K(111616K)->0K(111616K) From: 488K(111104K)->23792K(24064K)
[604.799s][info][gc,heap        ] GC(1607) ParOldGen: 520166K(667648K)->520286K(667648K)
[604.799s][info][gc,metaspace   ] GC(1607) Metaspace: 18880K(19008K)->18880K(19008K) NonClass: 17051K(17152K)->17051K(17152K) Class: 1829K(1856K)->1829K(1856K)
[604.799s][info][gc             ] GC(1607) Pause Young (Allocation Failure) 617M->531M(784M) 24.114ms
[604.799s][info][gc,cpu         ] GC(1607) User=0.05s Sys=0.00s Real=0.02s
[604.913s][info][gc,start       ] GC(1608) Pause Young (Allocation Failure)
[604.970s][info][gc,heap        ] GC(1608) PSYoungGen: 135408K(135680K)->72512K(218624K) Eden: 111616K(111616K)->0K(109568K) From: 23792K(24064K)->72512K(109056K)
[604.970s][info][gc,heap        ] GC(1608) ParOldGen: 520286K(667648K)->520286K(667648K)
[604.970s][info][gc,metaspace   ] GC(1608) Metaspace: 18884K(19008K)->18884K(19008K) NonClass: 17055K(17152K)->17055K(17152K) Class: 1829K(1856K)->1829K(1856K)
[604.970s][info][gc             ] GC(1608) Pause Young (Allocation Failure) 640M->578M(865M) 57.496ms
[604.970s][info][gc,cpu         ] GC(1608) User=0.11s Sys=0.00s Real=0.06s
[605.034s][info][gc,start       ] GC(1609) Pause Young (Allocation Failure)
[605.111s][info][gc,heap        ] GC(1609) PSYoungGen: 182080K(218624K)->30304K(220672K) Eden: 109568K(109568K)->0K(109568K) From: 72512K(109056K)->30304K(111104K)
[605.111s][info][gc,heap        ] GC(1609) ParOldGen: 520286K(667648K)->593263K(667648K)
[605.111s][info][gc,metaspace   ] GC(1609) Metaspace: 18884K(19008K)->18884K(19008K) NonClass: 17055K(17152K)->17055K(17152K) Class: 1829K(1856K)->1829K(1856K)
[605.111s][info][gc             ] GC(1609) Pause Young (Allocation Failure) 685M->608M(867M) 77.080ms
[605.111s][info][gc,cpu         ] GC(1609) User=0.15s Sys=0.00s Real=0.08s
[605.242s][info][gc,start       ] GC(1610) Pause Young (Allocation Failure)
[605.294s][info][gc,heap        ] GC(1610) PSYoungGen: 139872K(220672K)->68096K(221184K) Eden: 109568K(109568K)->0K(111616K) From: 30304K(111104K)->68096K(109568K)
[605.294s][info][gc,heap        ] GC(1610) ParOldGen: 593263K(667648K)->593263K(667648K)
[605.294s][info][gc,metaspace   ] GC(1610) Metaspace: 18884K(19008K)->18884K(19008K) NonClass: 17055K(17152K)->17055K(17152K) Class: 1829K(1856K)->1829K(1856K)
[605.294s][info][gc             ] GC(1610) Pause Young (Allocation Failure) 715M->645M(868M) 52.229ms
[605.294s][info][gc,cpu         ] GC(1610) User=0.10s Sys=0.00s Real=0.05s
[605.458s][info][gc,start       ] GC(1611) Pause Young (Allocation Failure)
[605.549s][info][gc,heap        ] GC(1611) PSYoungGen: 179712K(221184K)->42391K(222720K) Eden: 111616K(111616K)->0K(111616K) From: 68096K(109568K)->42391K(111104K)
[605.549s][info][gc,heap        ] GC(1611) ParOldGen: 593263K(667648K)->661867K(667648K)
[605.549s][info][gc,metaspace   ] GC(1611) Metaspace: 18884K(19008K)->18884K(19008K) NonClass: 17055K(17152K)->17055K(17152K) Class: 1829K(1856K)->1829K(1856K)
[605.549s][info][gc             ] GC(1611) Pause Young (Allocation Failure) 754M->687M(869M) 90.704ms
[605.549s][info][gc,cpu         ] GC(1611) User=0.18s Sys=0.00s Real=0.09s
[605.678s][info][gc,start       ] GC(1612) Pause Full (Allocation Failure)
[605.679s][info][gc,phases,start] GC(1612) Marking Phase
[605.819s][info][gc,phases      ] GC(1612) Marking Phase 140.471ms
[605.819s][info][gc,phases,start] GC(1612) Summary Phase
[605.819s][info][gc,phases      ] GC(1612) Summary Phase 0.026ms
[605.819s][info][gc,phases,start] GC(1612) Forward
[605.874s][info][gc,phases      ] GC(1612) Forward 54.909ms
[605.874s][info][gc,phases,start] GC(1612) Adjust Pointers
[605.971s][info][gc,phases      ] GC(1612) Adjust Pointers 97.267ms
[605.971s][info][gc,phases,start] GC(1612) Compaction Phase
[606.036s][info][gc,phases      ] GC(1612) Compaction Phase 64.870ms
[606.038s][info][gc,phases,start] GC(1612) Post Compact
[606.040s][info][gc,phases      ] GC(1612) Post Compact 2.358ms
[606.051s][info][gc,heap        ] GC(1612) PSYoungGen: 154007K(222720K)->0K(222208K) Eden: 111616K(111616K)->0K(112128K) From: 42391K(111104K)->0K(110080K)
[606.051s][info][gc,heap        ] GC(1612) ParOldGen: 661867K(667648K)->234978K(544256K)
[606.051s][info][gc,metaspace   ] GC(1612) Metaspace: 18893K(19008K)->18893K(19008K) NonClass: 17064K(17152K)->17064K(17152K) Class: 1829K(1856K)->1829K(1856K)
[606.051s][info][gc             ] GC(1612) Pause Full (Allocation Failure) 796M->229M(748M) 372.392ms
[606.051s][info][gc,cpu         ] GC(1612) User=0.65s Sys=0.01s Real=0.37s
[606.174s][info][gc,start       ] GC(1613) Pause Young (Allocation Failure)
[606.208s][info][gc,heap        ] GC(1613) PSYoungGen: 112128K(222208K)->22290K(134656K) Eden: 112128K(112128K)->0K(112128K) From: 0K(110080K)->22290K(22528K)
[606.208s][info][gc,heap        ] GC(1613) ParOldGen: 234978K(544256K)->234978K(544256K)
[606.208s][info][gc,metaspace   ] GC(1613) Metaspace: 18893K(19008K)->18893K(19008K) NonClass: 17064K(17152K)->17064K(17152K) Class: 1829K(1856K)->1829K(1856K)
[606.209s][info][gc             ] GC(1613) Pause Young (Allocation Failure) 338M->251M(663M) 34.299ms
[606.209s][info][gc,cpu         ] GC(1613) User=0.07s Sys=0.00s Real=0.04s
[606.313s][info][gc,start       ] GC(1614) Pause Young (Allocation Failure)
[606.358s][info][gc,heap        ] GC(1614) PSYoungGen: 134418K(134656K)->35922K(218112K) Eden: 112128K(112128K)->0K(119296K) From: 22290K(22528K)->35922K(98816K)
[606.358s][info][gc,heap        ] GC(1614) ParOldGen: 234978K(544256K)->234978K(544256K)
[606.358s][info][gc,metaspace   ] GC(1614) Metaspace: 18893K(19008K)->18893K(19008K) NonClass: 17064K(17152K)->17064K(17152K) Class: 1829K(1856K)->1829K(1856K)
[606.358s][info][gc             ] GC(1614) Pause Young (Allocation Failure) 360M->264M(744M) 45.066ms
[606.358s][info][gc,cpu         ] GC(1614) User=0.08s Sys=0.00s Real=0.05s
[606.488s][info][gc,start       ] GC(1615) Pause Young (Allocation Failure)
[606.536s][info][gc,heap        ] GC(1615) PSYoungGen: 155218K(218112K)->40018K(218112K) Eden: 119296K(119296K)->0K(119296K) From: 35922K(98816K)->40018K(98816K)
[606.536s][info][gc,heap        ] GC(1615) ParOldGen: 234978K(544256K)->234978K(544256K)
[606.536s][info][gc,metaspace   ] GC(1615) Metaspace: 18893K(19008K)->18893K(19008K) NonClass: 17064K(17152K)->17064K(17152K) Class: 1829K(1856K)->1829K(1856K)
[606.536s][info][gc             ] GC(1615) Pause Young (Allocation Failure) 381M->268M(744M) 48.250ms
[606.536s][info][gc,cpu         ] GC(1615) User=0.10s Sys=0.00s Real=0.05s
[606.633s][info][gc,start       ] GC(1616) Pause Young (Allocation Failure)
[606.690s][info][gc,heap        ] GC(1616) PSYoungGen: 159314K(218112K)->47762K(220672K) Eden: 119296K(119296K)->0K(127488K) From: 40018K(98816K)->47762K(93184K)
[606.690s][info][gc,heap        ] GC(1616) ParOldGen: 234978K(544256K)->234978K(544256K)
[606.690s][info][gc,metaspace   ] GC(1616) Metaspace: 18893K(19008K)->18893K(19008K) NonClass: 17064K(17152K)->17064K(17152K) Class: 1829K(1856K)->1829K(1856K)
[606.690s][info][gc             ] GC(1616) Pause Young (Allocation Failure) 385M->276M(747M) 56.762ms
[606.690s][info][gc,cpu         ] GC(1616) User=0.11s Sys=0.00s Real=0.06s
[606.813s][info][gc,start       ] GC(1617) Pause Young (Allocation Failure)
[606.869s][info][gc,heap        ] GC(1617) PSYoungGen: 175250K(220672K)->47890K(221184K) Eden: 127488K(127488K)->0K(127488K) From: 47762K(93184K)->47890K(93696K)
[606.869s][info][gc,heap        ] GC(1617) ParOldGen: 234978K(544256K)->234978K(544256K)
[606.869s][info][gc,metaspace   ] GC(1617) Metaspace: 18893K(19008K)->18893K(19008K) NonClass: 17064K(17152K)->17064K(17152K) Class: 1829K(1856K)->1829K(1856K)
[606.869s][info][gc             ] GC(1617) Pause Young (Allocation Failure) 400M->276M(747M) 56.510ms
[606.870s][info][gc,cpu         ] GC(1617) User=0.11s Sys=0.00s Real=0.06s
[606.958s][info][gc,start       ] GC(1618) Pause Young (Allocation Failure)
[607.034s][info][gc,heap        ] GC(1618) PSYoungGen: 175378K(221184K)->69842K(222208K) Eden: 127488K(127488K)->0K(129536K) From: 47890K(93696K)->69842K(92672K)
[607.034s][info][gc,heap        ] GC(1618) ParOldGen: 234978K(544256K)->234978K(544256K)
[607.034s][info][gc,metaspace   ] GC(1618) Metaspace: 18893K(19008K)->18893K(19008K) NonClass: 17064K(17152K)->17064K(17152K) Class: 1829K(1856K)->1829K(1856K)
[607.034s][info][gc             ] GC(1618) Pause Young (Allocation Failure) 400M->297M(748M) 76.483ms
[607.034s][info][gc,cpu         ] GC(1618) User=0.15s Sys=0.00s Real=0.07s
[607.110s][info][gc,start       ] GC(1619) Pause Young (Allocation Failure)
[607.214s][info][gc,heap        ] GC(1619) PSYoungGen: 199378K(222208K)->99314K(228864K) Eden: 129536K(129536K)->0K(129536K) From: 69842K(92672K)->99314K(99328K)
[607.214s][info][gc,heap        ] GC(1619) ParOldGen: 234978K(544256K)->238034K(544256K)
[607.214s][info][gc,metaspace   ] GC(1619) Metaspace: 18893K(19008K)->18893K(19008K) NonClass: 17064K(17152K)->17064K(17152K) Class: 1829K(1856K)->1829K(1856K)
[607.214s][info][gc             ] GC(1619) Pause Young (Allocation Failure) 424M->329M(755M) 104.194ms
[607.214s][info][gc,cpu         ] GC(1619) User=0.20s Sys=0.00s Real=0.10s
[607.338s][info][gc,start       ] GC(1620) Pause Young (Allocation Failure)
[607.458s][info][gc,heap        ] GC(1620) PSYoungGen: 228850K(228864K)->97571K(216576K) Eden: 129536K(129536K)->0K(111616K) From: 99314K(99328K)->97571K(104960K)
[607.458s][info][gc,heap        ] GC(1620) ParOldGen: 238034K(544256K)->257303K(544256K)
[607.458s][info][gc,metaspace   ] GC(1620) Metaspace: 18893K(19008K)->18893K(19008K) NonClass: 17064K(17152K)->17064K(17152K) Class: 1829K(1856K)->1829K(1856K)
[607.458s][info][gc             ] GC(1620) Pause Young (Allocation Failure) 455M->346M(743M) 120.025ms
[607.458s][info][gc,cpu         ] GC(1620) User=0.23s Sys=0.01s Real=0.12s
[607.552s][info][gc,start       ] GC(1621) Pause Young (Allocation Failure)
[607.647s][info][gc,heap        ] GC(1621) PSYoungGen: 209187K(216576K)->86211K(222720K) Eden: 111616K(111616K)->0K(111616K) From: 97571K(104960K)->86211K(111104K)
[607.647s][info][gc,heap        ] GC(1621) ParOldGen: 257303K(544256K)->275100K(544256K)
[607.647s][info][gc,metaspace   ] GC(1621) Metaspace: 18893K(19008K)->18893K(19008K) NonClass: 17064K(17152K)->17064K(17152K) Class: 1829K(1856K)->1829K(1856K)
[607.647s][info][gc             ] GC(1621) Pause Young (Allocation Failure) 455M->352M(749M) 94.298ms
[607.647s][info][gc,cpu         ] GC(1621) User=0.19s Sys=0.00s Real=0.10s
[607.717s][info][gc,start       ] GC(1622) Pause Young (Allocation Failure)
[607.800s][info][gc,heap        ] GC(1622) PSYoungGen: 197827K(222720K)->82547K(222720K) Eden: 111616K(111616K)->0K(111616K) From: 86211K(111104K)->82547K(111104K)
[607.800s][info][gc,heap        ] GC(1622) ParOldGen: 275100K(544256K)->283020K(544256K)
[607.800s][info][gc,metaspace   ] GC(1622) Metaspace: 18893K(19008K)->18893K(19008K) NonClass: 17064K(17152K)->17064K(17152K) Class: 1829K(1856K)->1829K(1856K)
[607.800s][info][gc             ] GC(1622) Pause Young (Allocation Failure) 461M->356M(749M) 83.032ms
[607.800s][info][gc,cpu         ] GC(1622) User=0.17s Sys=0.00s Real=0.08s
[607.857s][info][gc,start       ] GC(1623) Pause Young (Allocation Failure)
[607.935s][info][gc,heap        ] GC(1623) PSYoungGen: 194163K(222720K)->31267K(222720K) Eden: 111616K(111616K)->0K(111616K) From: 82547K(111104K)->31267K(111104K)
[607.935s][info][gc,heap        ] GC(1623) ParOldGen: 283020K(544256K)->337807K(544256K)
[607.935s][info][gc,metaspace   ] GC(1623) Metaspace: 18893K(19008K)->18893K(19008K) NonClass: 17064K(17152K)->17064K(17152K) Class: 1829K(1856K)->1829K(1856K)
[607.935s][info][gc             ] GC(1623) Pause Young (Allocation Failure) 465M->360M(749M) 78.267ms
[607.935s][info][gc,cpu         ] GC(1623) User=0.15s Sys=0.00s Real=0.08s
[608.043s][info][gc,start       ] GC(1624) Pause Young (Allocation Failure)
[608.081s][info][gc,heap        ] GC(1624) PSYoungGen: 142883K(222720K)->9440K(222720K) Eden: 111616K(111616K)->0K(111616K) From: 31267K(111104K)->9440K(111104K)
[608.081s][info][gc,heap        ] GC(1624) ParOldGen: 337807K(544256K)->361815K(544256K)
[608.081s][info][gc,metaspace   ] GC(1624) Metaspace: 18893K(19008K)->18893K(19008K) NonClass: 17064K(17152K)->17064K(17152K) Class: 1829K(1856K)->1829K(1856K)
[608.081s][info][gc             ] GC(1624) Pause Young (Allocation Failure) 469M->362M(749M) 37.996ms
[608.081s][info][gc,cpu         ] GC(1624) User=0.07s Sys=0.00s Real=0.04s
[608.408s][info][gc,start       ] GC(1625) Pause Young (Allocation Failure)
[608.421s][info][gc,heap        ] GC(1625) PSYoungGen: 121056K(222720K)->2400K(222720K) Eden: 111616K(111616K)->0K(111616K) From: 9440K(111104K)->2400K(111104K)
[608.421s][info][gc,heap        ] GC(1625) ParOldGen: 361815K(544256K)->369223K(544256K)
[608.421s][info][gc,metaspace   ] GC(1625) Metaspace: 18894K(19008K)->18894K(19008K) NonClass: 17065K(17152K)->17065K(17152K) Class: 1829K(1856K)->1829K(1856K)
[608.421s][info][gc             ] GC(1625) Pause Young (Allocation Failure) 471M->362M(749M) 12.972ms
[608.421s][info][gc,cpu         ] GC(1625) User=0.03s Sys=0.00s Real=0.01s
[608.636s][info][gc,start       ] GC(1626) Pause Young (Allocation Failure)
[608.659s][info][gc,heap        ] GC(1626) PSYoungGen: 114016K(222720K)->18752K(222720K) Eden: 111616K(111616K)->0K(111616K) From: 2400K(111104K)->18752K(111104K)
[608.659s][info][gc,heap        ] GC(1626) ParOldGen: 369223K(544256K)->371571K(544256K)
[608.659s][info][gc,metaspace   ] GC(1626) Metaspace: 18894K(19008K)->18894K(19008K) NonClass: 17065K(17152K)->17065K(17152K) Class: 1829K(1856K)->1829K(1856K)
[608.659s][info][gc             ] GC(1626) Pause Young (Allocation Failure) 471M->381M(749M) 23.188ms
[608.659s][info][gc,cpu         ] GC(1626) User=0.04s Sys=0.01s Real=0.02s
[608.777s][info][gc,start       ] GC(1627) Pause Young (Allocation Failure)
[608.832s][info][gc,heap        ] GC(1627) PSYoungGen: 130368K(222720K)->41200K(222720K) Eden: 111616K(111616K)->0K(111616K) From: 18752K(111104K)->41200K(111104K)
[608.832s][info][gc,heap        ] GC(1627) ParOldGen: 371571K(544256K)->390107K(544256K)
[608.832s][info][gc,metaspace   ] GC(1627) Metaspace: 18895K(19008K)->18895K(19008K) NonClass: 17066K(17152K)->17066K(17152K) Class: 1829K(1856K)->1829K(1856K)
[608.832s][info][gc             ] GC(1627) Pause Young (Allocation Failure) 490M->421M(749M) 54.980ms
[608.832s][info][gc,cpu         ] GC(1627) User=0.11s Sys=0.00s Real=0.05s
[609.007s][info][gc,start       ] GC(1628) Pause Young (Allocation Failure)
[609.067s][info][gc,heap        ] GC(1628) PSYoungGen: 152816K(222720K)->24192K(222720K) Eden: 111616K(111616K)->0K(111616K) From: 41200K(111104K)->24192K(111104K)
[609.067s][info][gc,heap        ] GC(1628) ParOldGen: 390107K(544256K)->431534K(544256K)
[609.067s][info][gc,metaspace   ] GC(1628) Metaspace: 18896K(19008K)->18896K(19008K) NonClass: 17067K(17152K)->17067K(17152K) Class: 1829K(1856K)->1829K(1856K)
[609.067s][info][gc             ] GC(1628) Pause Young (Allocation Failure) 530M->445M(749M) 60.289ms
[609.067s][info][gc,cpu         ] GC(1628) User=0.12s Sys=0.00s Real=0.06s
[609.143s][info][gc,start       ] GC(1629) Pause Young (Allocation Failure)
[609.176s][info][gc,heap        ] GC(1629) PSYoungGen: 135808K(222720K)->3648K(222720K) Eden: 111616K(111616K)->0K(111616K) From: 24192K(111104K)->3648K(111104K)
[609.176s][info][gc,heap        ] GC(1629) ParOldGen: 431534K(544256K)->455874K(544256K)
[609.176s][info][gc,metaspace   ] GC(1629) Metaspace: 18896K(19008K)->18896K(19008K) NonClass: 17067K(17152K)->17067K(17152K) Class: 1829K(1856K)->1829K(1856K)
[609.176s][info][gc             ] GC(1629) Pause Young (Allocation Failure) 554M->448M(749M) 33.192ms
[609.176s][info][gc,cpu         ] GC(1629) User=0.07s Sys=0.00s Real=0.04s
[609.274s][info][gc,start       ] GC(1630) Pause Young (Allocation Failure)
[609.282s][info][gc,heap        ] GC(1630) PSYoungGen: 115264K(222720K)->896K(222720K) Eden: 111616K(111616K)->0K(111616K) From: 3648K(111104K)->896K(111104K)
[609.282s][info][gc,heap        ] GC(1630) ParOldGen: 455874K(544256K)->459466K(544256K)
[609.282s][info][gc,metaspace   ] GC(1630) Metaspace: 18896K(19008K)->18896K(19008K) NonClass: 17067K(17152K)->17067K(17152K) Class: 1829K(1856K)->1829K(1856K)
[609.282s][info][gc             ] GC(1630) Pause Young (Allocation Failure) 557M->449M(749M) 7.807ms
[609.282s][info][gc,cpu         ] GC(1630) User=0.02s Sys=0.00s Real=0.01s
[609.436s][info][gc,start       ] GC(1631) Pause Young (Allocation Failure)
[609.441s][info][gc,heap        ] GC(1631) PSYoungGen: 112512K(222720K)->1504K(113152K) Eden: 111616K(111616K)->0K(111616K) From: 896K(111104K)->1504K(1536K)
[609.441s][info][gc,heap        ] GC(1631) ParOldGen: 459466K(544256K)->460346K(544256K)
[609.441s][info][gc,metaspace   ] GC(1631) Metaspace: 18897K(19008K)->18897K(19008K) NonClass: 17067K(17152K)->17067K(17152K) Class: 1829K(1856K)->1829K(1856K)
[609.441s][info][gc             ] GC(1631) Pause Young (Allocation Failure) 558M->451M(642M) 5.139ms
[609.441s][info][gc,cpu         ] GC(1631) User=0.01s Sys=0.00s Real=0.00s
[609.702s][info][gc,start       ] GC(1632) Pause Young (Allocation Failure)
[609.706s][info][gc,heap        ] GC(1632) PSYoungGen: 113120K(113152K)->1568K(223744K) Eden: 111616K(111616K)->0K(114688K) From: 1504K(1536K)->1568K(109056K)
[609.706s][info][gc,heap        ] GC(1632) ParOldGen: 460346K(544256K)->460346K(544256K)
[609.706s][info][gc,metaspace   ] GC(1632) Metaspace: 18898K(19008K)->18898K(19008K) NonClass: 17069K(17152K)->17069K(17152K) Class: 1829K(1856K)->1829K(1856K)
[609.706s][info][gc             ] GC(1632) Pause Young (Allocation Failure) 560M->451M(750M) 4.209ms
[609.706s][info][gc,cpu         ] GC(1632) User=0.01s Sys=0.00s Real=0.01s
[609.939s][info][gc,start       ] GC(1633) Pause Young (Allocation Failure)
[609.966s][info][gc,heap        ] GC(1633) PSYoungGen: 116256K(223744K)->23680K(138752K) Eden: 114688K(114688K)->0K(114688K) From: 1568K(109056K)->23680K(24064K)
[609.966s][info][gc,heap        ] GC(1633) ParOldGen: 460346K(544256K)->460346K(544256K)
[609.966s][info][gc,metaspace   ] GC(1633) Metaspace: 18903K(19008K)->18903K(19008K) NonClass: 17073K(17152K)->17073K(17152K) Class: 1829K(1856K)->1829K(1856K)
[609.966s][info][gc             ] GC(1633) Pause Young (Allocation Failure) 563M->472M(667M) 26.295ms
[609.966s][info][gc,cpu         ] GC(1633) User=0.05s Sys=0.00s Real=0.03s
[610.067s][info][gc,start       ] GC(1634) Pause Young (Allocation Failure)
[610.153s][info][gc,heap        ] GC(1634) PSYoungGen: 138368K(138752K)->88448K(206848K) Eden: 114688K(114688K)->0K(106496K) From: 23680K(24064K)->88448K(100352K)
[610.153s][info][gc,heap        ] GC(1634) ParOldGen: 460346K(544256K)->460346K(544256K)
[610.153s][info][gc,metaspace   ] GC(1634) Metaspace: 18903K(19008K)->18903K(19008K) NonClass: 17073K(17152K)->17073K(17152K) Class: 1829K(1856K)->1829K(1856K)
[610.153s][info][gc             ] GC(1634) Pause Young (Allocation Failure) 584M->535M(733M) 85.653ms
[610.153s][info][gc,cpu         ] GC(1634) User=0.17s Sys=0.00s Real=0.08s
[610.204s][info][gc,start       ] GC(1635) Pause Young (Allocation Failure)
[610.354s][info][gc,heap        ] GC(1635) PSYoungGen: 194944K(206848K)->111104K(217600K) Eden: 106496K(106496K)->0K(106496K) From: 88448K(100352K)->111104K(111104K)
[610.354s][info][gc,heap        ] GC(1635) ParOldGen: 460346K(544256K)->509467K(544256K)
[610.354s][info][gc,metaspace   ] GC(1635) Metaspace: 18903K(19008K)->18903K(19008K) NonClass: 17073K(17152K)->17073K(17152K) Class: 1829K(1856K)->1829K(1856K)
[610.354s][info][gc             ] GC(1635) Pause Young (Allocation Failure) 639M->606M(744M) 150.193ms
[610.354s][info][gc,cpu         ] GC(1635) User=0.30s Sys=0.00s Real=0.15s
[610.482s][info][gc,start       ] GC(1636) Pause Young (Allocation Failure)
[610.639s][info][gc,heap        ] GC(1636) PSYoungGen: 217600K(217600K)->66324K(222720K) Eden: 106496K(106496K)->0K(111616K) From: 111104K(111104K)->66324K(111104K)
[610.639s][info][gc,heap        ] GC(1636) ParOldGen: 509467K(544256K)->574707K(574976K)
[610.639s][info][gc,metaspace   ] GC(1636) Metaspace: 18903K(19008K)->18903K(19008K) NonClass: 17073K(17152K)->17073K(17152K) Class: 1829K(1856K)->1829K(1856K)
[610.639s][info][gc             ] GC(1636) Pause Young (Allocation Failure) 710M->626M(779M) 157.089ms
[610.639s][info][gc,cpu         ] GC(1636) User=0.29s Sys=0.03s Real=0.16s
[610.734s][info][gc,start       ] GC(1637) Pause Young (Allocation Failure)
[610.851s][info][gc,heap        ] GC(1637) PSYoungGen: 177940K(222720K)->3880K(222720K) Eden: 111616K(111616K)->0K(111616K) From: 66324K(111104K)->3880K(111104K)
[610.851s][info][gc,heap        ] GC(1637) ParOldGen: 574707K(574976K)->641233K(641536K)
[610.851s][info][gc,metaspace   ] GC(1637) Metaspace: 18907K(19008K)->18907K(19008K) NonClass: 17078K(17152K)->17078K(17152K) Class: 1829K(1856K)->1829K(1856K)
[610.851s][info][gc             ] GC(1637) Pause Young (Allocation Failure) 735M->629M(844M) 116.903ms
[610.851s][info][gc,cpu         ] GC(1637) User=0.17s Sys=0.05s Real=0.12s
[610.928s][info][gc,start       ] GC(1638) Pause Full (Allocation Failure)
[610.928s][info][gc,phases,start] GC(1638) Marking Phase
[610.991s][info][gc,phases      ] GC(1638) Marking Phase 63.278ms
[610.991s][info][gc,phases,start] GC(1638) Summary Phase
[610.991s][info][gc,phases      ] GC(1638) Summary Phase 0.030ms
[610.991s][info][gc,phases,start] GC(1638) Forward
[611.010s][info][gc,phases      ] GC(1638) Forward 18.945ms
[611.011s][info][gc,phases,start] GC(1638) Adjust Pointers
[611.056s][info][gc,phases      ] GC(1638) Adjust Pointers 45.010ms
[611.056s][info][gc,phases,start] GC(1638) Compaction Phase
[611.078s][info][gc,phases      ] GC(1638) Compaction Phase 22.653ms
[611.081s][info][gc,phases,start] GC(1638) Post Compact
[611.083s][info][gc,phases      ] GC(1638) Post Compact 2.223ms
[611.101s][info][gc,heap        ] GC(1638) PSYoungGen: 115496K(222720K)->0K(222720K) Eden: 111616K(111616K)->0K(111616K) From: 3880K(111104K)->0K(111104K)
[611.101s][info][gc,heap        ] GC(1638) ParOldGen: 641233K(641536K)->103578K(433664K)
[611.101s][info][gc,metaspace   ] GC(1638) Metaspace: 18909K(19008K)->18909K(19008K) NonClass: 17079K(17152K)->17079K(17152K) Class: 1829K(1856K)->1829K(1856K)
[611.101s][info][gc             ] GC(1638) Pause Full (Allocation Failure) 738M->101M(641M) 173.419ms
[611.102s][info][gc,cpu         ] GC(1638) User=0.26s Sys=0.02s Real=0.17s
[611.195s][info][gc,start       ] GC(1639) Pause Young (Allocation Failure)
[611.203s][info][gc,heap        ] GC(1639) PSYoungGen: 111616K(222720K)->8880K(222720K) Eden: 111616K(111616K)->0K(111616K) From: 0K(111104K)->8880K(111104K)
[611.203s][info][gc,heap        ] GC(1639) ParOldGen: 103578K(433664K)->103578K(433664K)
[611.203s][info][gc,metaspace   ] GC(1639) Metaspace: 18910K(19008K)->18910K(19008K) NonClass: 17080K(17152K)->17080K(17152K) Class: 1829K(1856K)->1829K(1856K)
[611.203s][info][gc             ] GC(1639) Pause Young (Allocation Failure) 210M->109M(641M) 8.784ms
[611.203s][info][gc,cpu         ] GC(1639) User=0.01s Sys=0.00s Real=0.01s
[611.328s][info][gc,start       ] GC(1640) Pause Young (Allocation Failure)
[611.352s][info][gc,heap        ] GC(1640) PSYoungGen: 120496K(222720K)->18752K(222720K) Eden: 111616K(111616K)->0K(111616K) From: 8880K(111104K)->18752K(111104K)
[611.352s][info][gc,heap        ] GC(1640) ParOldGen: 103578K(433664K)->112466K(433664K)
[611.352s][info][gc,metaspace   ] GC(1640) Metaspace: 18910K(19008K)->18910K(19008K) NonClass: 17080K(17152K)->17080K(17152K) Class: 1829K(1856K)->1829K(1856K)
[611.352s][info][gc             ] GC(1640) Pause Young (Allocation Failure) 218M->128M(641M) 23.794ms
[611.352s][info][gc,cpu         ] GC(1640) User=0.05s Sys=0.00s Real=0.02s
[611.413s][info][gc,start       ] GC(1641) Pause Young (Allocation Failure)
[611.455s][info][gc,heap        ] GC(1641) PSYoungGen: 130368K(222720K)->40064K(222720K) Eden: 111616K(111616K)->0K(111616K) From: 18752K(111104K)->40064K(111104K)
[611.456s][info][gc,heap        ] GC(1641) ParOldGen: 112466K(433664K)->131402K(433664K)
[611.456s][info][gc,metaspace   ] GC(1641) Metaspace: 18910K(19008K)->18910K(19008K) NonClass: 17080K(17152K)->17080K(17152K) Class: 1829K(1856K)->1829K(1856K)
[611.456s][info][gc             ] GC(1641) Pause Young (Allocation Failure) 237M->167M(641M) 42.845ms
[611.456s][info][gc,cpu         ] GC(1641) User=0.08s Sys=0.00s Real=0.05s
[611.612s][info][gc,start       ] GC(1642) Pause Young (Allocation Failure)
[611.652s][info][gc,heap        ] GC(1642) PSYoungGen: 151680K(222720K)->17024K(222720K) Eden: 111616K(111616K)->0K(111616K) From: 40064K(111104K)->17024K(111104K)
[611.652s][info][gc,heap        ] GC(1642) ParOldGen: 131402K(433664K)->171890K(433664K)
[611.652s][info][gc,metaspace   ] GC(1642) Metaspace: 18910K(19008K)->18910K(19008K) NonClass: 17080K(17152K)->17080K(17152K) Class: 1829K(1856K)->1829K(1856K)
[611.652s][info][gc             ] GC(1642) Pause Young (Allocation Failure) 276M->184M(641M) 40.201ms
[611.652s][info][gc,cpu         ] GC(1642) User=0.08s Sys=0.00s Real=0.04s
[611.756s][info][gc,start       ] GC(1643) Pause Young (Allocation Failure)
[611.778s][info][gc,heap        ] GC(1643) PSYoungGen: 128640K(222720K)->2272K(222720K) Eden: 111616K(111616K)->0K(111616K) From: 17024K(111104K)->2272K(111104K)
[611.778s][info][gc,heap        ] GC(1643) ParOldGen: 171890K(433664K)->189082K(433664K)
[611.778s][info][gc,metaspace   ] GC(1643) Metaspace: 18910K(19008K)->18910K(19008K) NonClass: 17080K(17152K)->17080K(17152K) Class: 1829K(1856K)->1829K(1856K)
[611.778s][info][gc             ] GC(1643) Pause Young (Allocation Failure) 293M->186M(641M) 22.378ms
[611.778s][info][gc,cpu         ] GC(1643) User=0.04s Sys=0.00s Real=0.02s
[611.898s][info][gc,start       ] GC(1644) Pause Young (Allocation Failure)
[611.982s][info][gc,heap        ] GC(1644) PSYoungGen: 113888K(222720K)->70177K(222720K) Eden: 111616K(111616K)->0K(111616K) From: 2272K(111104K)->70177K(111104K)
[611.982s][info][gc,heap        ] GC(1644) ParOldGen: 189082K(433664K)->191346K(433664K)
[611.982s][info][gc,metaspace   ] GC(1644) Metaspace: 18910K(19008K)->18910K(19008K) NonClass: 17080K(17152K)->17080K(17152K) Class: 1829K(1856K)->1829K(1856K)
[611.982s][info][gc             ] GC(1644) Pause Young (Allocation Failure) 295M->255M(641M) 83.746ms
[611.982s][info][gc,cpu         ] GC(1644) User=0.17s Sys=0.00s Real=0.08s
[612.046s][info][gc,start       ] GC(1645) Pause Young (Allocation Failure)
[612.153s][info][gc,heap        ] GC(1645) PSYoungGen: 181793K(222720K)->37424K(222720K) Eden: 111616K(111616K)->0K(111616K) From: 70177K(111104K)->37424K(111104K)
[612.153s][info][gc,heap        ] GC(1645) ParOldGen: 191346K(433664K)->261711K(433664K)
[612.153s][info][gc,metaspace   ] GC(1645) Metaspace: 18910K(19008K)->18910K(19008K) NonClass: 17081K(17152K)->17081K(17152K) Class: 1829K(1856K)->1829K(1856K)
[612.153s][info][gc             ] GC(1645) Pause Young (Allocation Failure) 364M->292M(641M) 107.290ms
[612.153s][info][gc,cpu         ] GC(1645) User=0.22s Sys=0.00s Real=0.10s
[612.203s][info][gc,start       ] GC(1646) Pause Young (Allocation Failure)
[612.263s][info][gc,heap        ] GC(1646) PSYoungGen: 149040K(222720K)->43680K(222720K) Eden: 111616K(111616K)->0K(111616K) From: 37424K(111104K)->43680K(111104K)
[612.263s][info][gc,heap        ] GC(1646) ParOldGen: 261711K(433664K)->299583K(433664K)
[612.263s][info][gc,metaspace   ] GC(1646) Metaspace: 18910K(19008K)->18910K(19008K) NonClass: 17081K(17152K)->17081K(17152K) Class: 1829K(1856K)->1829K(1856K)
[612.263s][info][gc             ] GC(1646) Pause Young (Allocation Failure) 401M->335M(641M) 60.343ms
[612.263s][info][gc,cpu         ] GC(1646) User=0.11s Sys=0.00s Real=0.06s
[612.391s][info][gc,start       ] GC(1647) Pause Young (Allocation Failure)
[612.445s][info][gc,heap        ] GC(1647) PSYoungGen: 155296K(222720K)->18176K(130048K) Eden: 111616K(111616K)->0K(111616K) From: 43680K(111104K)->18176K(18432K)
[612.445s][info][gc,heap        ] GC(1647) ParOldGen: 299583K(433664K)->343671K(433664K)
[612.445s][info][gc,metaspace   ] GC(1647) Metaspace: 18910K(19008K)->18910K(19008K) NonClass: 17081K(17152K)->17081K(17152K) Class: 1829K(1856K)->1829K(1856K)
[612.445s][info][gc             ] GC(1647) Pause Young (Allocation Failure) 444M->353M(550M) 53.909ms
[612.445s][info][gc,cpu         ] GC(1647) User=0.10s Sys=0.00s Real=0.05s
[612.519s][info][gc,start       ] GC(1648) Pause Young (Allocation Failure)
[612.552s][info][gc,heap        ] GC(1648) PSYoungGen: 129792K(130048K)->8672K(221184K) Eden: 111616K(111616K)->0K(114176K) From: 18176K(18432K)->8672K(107008K)
[612.552s][info][gc,heap        ] GC(1648) ParOldGen: 343671K(433664K)->361887K(433664K)
[612.552s][info][gc,metaspace   ] GC(1648) Metaspace: 18910K(19008K)->18910K(19008K) NonClass: 17081K(17152K)->17081K(17152K) Class: 1829K(1856K)->1829K(1856K)
[612.552s][info][gc             ] GC(1648) Pause Young (Allocation Failure) 462M->361M(639M) 33.198ms
[612.552s][info][gc,cpu         ] GC(1648) User=0.06s Sys=0.00s Real=0.03s
[612.615s][info][gc,start       ] GC(1649) Pause Young (Allocation Failure)
[612.637s][info][gc,heap        ] GC(1649) PSYoungGen: 122848K(221184K)->11712K(218624K) Eden: 114176K(114176K)->0K(114176K) From: 8672K(107008K)->11712K(104448K)
[612.637s][info][gc,heap        ] GC(1649) ParOldGen: 361887K(433664K)->361887K(433664K)
[612.637s][info][gc,metaspace   ] GC(1649) Metaspace: 18910K(19008K)->18910K(19008K) NonClass: 17081K(17152K)->17081K(17152K) Class: 1829K(1856K)->1829K(1856K)
[612.637s][info][gc             ] GC(1649) Pause Young (Allocation Failure) 473M->364M(637M) 21.927ms
[612.637s][info][gc,cpu         ] GC(1649) User=0.05s Sys=0.01s Real=0.02s
[612.740s][info][gc,start       ] GC(1650) Pause Young (Allocation Failure)
[612.789s][info][gc,heap        ] GC(1650) PSYoungGen: 125888K(218624K)->30529K(212992K) Eden: 114176K(114176K)->0K(124416K) From: 11712K(104448K)->30529K(88576K)
[612.789s][info][gc,heap        ] GC(1650) ParOldGen: 361887K(433664K)->361887K(433664K)
[612.789s][info][gc,metaspace   ] GC(1650) Metaspace: 18910K(19008K)->18910K(19008K) NonClass: 17081K(17152K)->17081K(17152K) Class: 1829K(1856K)->1829K(1856K)
[612.789s][info][gc             ] GC(1650) Pause Young (Allocation Failure) 476M->383M(631M) 48.316ms
[612.789s][info][gc,cpu         ] GC(1650) User=0.10s Sys=0.00s Real=0.05s
[612.889s][info][gc,start       ] GC(1651) Pause Young (Allocation Failure)
[612.951s][info][gc,heap        ] GC(1651) PSYoungGen: 154945K(212992K)->44769K(218112K) Eden: 124416K(124416K)->0K(124416K) From: 30529K(88576K)->44769K(93696K)
[612.951s][info][gc,heap        ] GC(1651) ParOldGen: 361887K(433664K)->361887K(433664K)
[612.951s][info][gc,metaspace   ] GC(1651) Metaspace: 18910K(19008K)->18910K(19008K) NonClass: 17081K(17152K)->17081K(17152K) Class: 1829K(1856K)->1829K(1856K)
[612.951s][info][gc             ] GC(1651) Pause Young (Allocation Failure) 504M->397M(636M) 61.984ms
[612.951s][info][gc,cpu         ] GC(1651) User=0.12s Sys=0.00s Real=0.06s
[613.036s][info][gc,start       ] GC(1652) Pause Young (Allocation Failure)
[613.106s][info][gc,heap        ] GC(1652) PSYoungGen: 169185K(218112K)->56289K(225280K) Eden: 124416K(124416K)->0K(132608K) From: 44769K(93696K)->56289K(92672K)
[613.106s][info][gc,heap        ] GC(1652) ParOldGen: 361887K(433664K)->361887K(433664K)
[613.106s][info][gc,metaspace   ] GC(1652) Metaspace: 18910K(19008K)->18910K(19008K) NonClass: 17081K(17152K)->17081K(17152K) Class: 1829K(1856K)->1829K(1856K)
[613.106s][info][gc             ] GC(1652) Pause Young (Allocation Failure) 518M->408M(643M) 70.421ms
[613.106s][info][gc,cpu         ] GC(1652) User=0.14s Sys=0.00s Real=0.07s
[613.220s][info][gc,start       ] GC(1653) Pause Young (Allocation Failure)
[613.310s][info][gc,heap        ] GC(1653) PSYoungGen: 188897K(225280K)->75841K(228352K) Eden: 132608K(132608K)->0K(132608K) From: 56289K(92672K)->75841K(95744K)
[613.310s][info][gc,heap        ] GC(1653) ParOldGen: 361887K(433664K)->361887K(433664K)
[613.310s][info][gc,metaspace   ] GC(1653) Metaspace: 18910K(19008K)->18910K(19008K) NonClass: 17081K(17152K)->17081K(17152K) Class: 1829K(1856K)->1829K(1856K)
[613.310s][info][gc             ] GC(1653) Pause Young (Allocation Failure) 537M->427M(646M) 90.103ms
[613.310s][info][gc,cpu         ] GC(1653) User=0.18s Sys=0.00s Real=0.09s
[613.388s][info][gc,start       ] GC(1654) Pause Young (Allocation Failure)
[613.489s][info][gc,heap        ] GC(1654) PSYoungGen: 208449K(228352K)->77601K(216576K) Eden: 132608K(132608K)->0K(111616K) From: 75841K(95744K)->77601K(104960K)
[613.489s][info][gc,heap        ] GC(1654) ParOldGen: 361887K(433664K)->370567K(433664K)
[613.489s][info][gc,metaspace   ] GC(1654) Metaspace: 18910K(19008K)->18910K(19008K) NonClass: 17081K(17152K)->17081K(17152K) Class: 1829K(1856K)->1829K(1856K)
[613.489s][info][gc             ] GC(1654) Pause Young (Allocation Failure) 556M->437M(635M) 100.691ms
[613.489s][info][gc,cpu         ] GC(1654) User=0.20s Sys=0.00s Real=0.10s
[613.594s][info][gc,start       ] GC(1655) Pause Young (Allocation Failure)
[613.694s][info][gc,heap        ] GC(1655) PSYoungGen: 189217K(216576K)->62048K(222720K) Eden: 111616K(111616K)->0K(111616K) From: 77601K(104960K)->62048K(111104K)
[613.694s][info][gc,heap        ] GC(1655) ParOldGen: 370567K(433664K)->392468K(433664K)
[613.694s][info][gc,metaspace   ] GC(1655) Metaspace: 18910K(19008K)->18910K(19008K) NonClass: 17081K(17152K)->17081K(17152K) Class: 1829K(1856K)->1829K(1856K)
[613.694s][info][gc             ] GC(1655) Pause Young (Allocation Failure) 546M->443M(641M) 99.587ms
[613.694s][info][gc,cpu         ] GC(1655) User=0.20s Sys=0.00s Real=0.10s
[613.818s][info][gc,start       ] GC(1656) Pause Young (Allocation Failure)
[613.886s][info][gc,heap        ] GC(1656) PSYoungGen: 173664K(222720K)->39680K(214528K) Eden: 111616K(111616K)->0K(111616K) From: 62048K(111104K)->39680K(102912K)
[613.886s][info][gc,heap        ] GC(1656) ParOldGen: 392468K(433664K)->418332K(433664K)
[613.886s][info][gc,metaspace   ] GC(1656) Metaspace: 18910K(19008K)->18910K(19008K) NonClass: 17081K(17152K)->17081K(17152K) Class: 1829K(1856K)->1829K(1856K)
[613.886s][info][gc             ] GC(1656) Pause Young (Allocation Failure) 552M->447M(633M) 68.015ms
[613.886s][info][gc,cpu         ] GC(1656) User=0.13s Sys=0.00s Real=0.07s
[614.087s][info][gc,start       ] GC(1657) Pause Young (Allocation Failure)
[614.140s][info][gc,heap        ] GC(1657) PSYoungGen: 151296K(214528K)->28672K(218624K) Eden: 111616K(111616K)->0K(111616K) From: 39680K(102912K)->28672K(107008K)
[614.140s][info][gc,heap        ] GC(1657) ParOldGen: 418332K(433664K)->437940K(438272K)
[614.140s][info][gc,metaspace   ] GC(1657) Metaspace: 18910K(19008K)->18910K(19008K) NonClass: 17081K(17152K)->17081K(17152K) Class: 1829K(1856K)->1829K(1856K)
[614.140s][info][gc             ] GC(1657) Pause Young (Allocation Failure) 556M->455M(641M) 53.153ms
[614.140s][info][gc,cpu         ] GC(1657) User=0.10s Sys=0.00s Real=0.05s
[614.290s][info][gc,start       ] GC(1658) Pause Young (Allocation Failure)
[614.338s][info][gc,heap        ] GC(1658) PSYoungGen: 140288K(218624K)->43072K(212480K) Eden: 111616K(111616K)->0K(121856K) From: 28672K(107008K)->43072K(90624K)
[614.338s][info][gc,heap        ] GC(1658) ParOldGen: 437940K(438272K)->437940K(438272K)
[614.338s][info][gc,metaspace   ] GC(1658) Metaspace: 18910K(19008K)->18910K(19008K) NonClass: 17081K(17152K)->17081K(17152K) Class: 1829K(1856K)->1829K(1856K)
[614.338s][info][gc             ] GC(1658) Pause Young (Allocation Failure) 564M->469M(635M) 48.233ms
[614.338s][info][gc,cpu         ] GC(1658) User=0.09s Sys=0.00s Real=0.05s
[614.734s][info][gc,start       ] GC(1659) Pause Young (Allocation Failure)
[614.780s][info][gc,heap        ] GC(1659) PSYoungGen: 164928K(212480K)->43168K(219136K) Eden: 121856K(121856K)->0K(121856K) From: 43072K(90624K)->43168K(97280K)
[614.780s][info][gc,heap        ] GC(1659) ParOldGen: 437940K(438272K)->437940K(438272K)
[614.780s][info][gc,metaspace   ] GC(1659) Metaspace: 18910K(19008K)->18910K(19008K) NonClass: 17081K(17152K)->17081K(17152K) Class: 1829K(1856K)->1829K(1856K)
[614.780s][info][gc             ] GC(1659) Pause Young (Allocation Failure) 588M->469M(642M) 45.526ms
[614.780s][info][gc,cpu         ] GC(1659) User=0.09s Sys=0.00s Real=0.05s
[615.106s][info][gc,start       ] GC(1660) Pause Young (Allocation Failure)
[615.152s][info][gc,heap        ] GC(1660) PSYoungGen: 165024K(219136K)->43200K(213504K) Eden: 121856K(121856K)->0K(131072K) From: 43168K(97280K)->43200K(82432K)
[615.152s][info][gc,heap        ] GC(1660) ParOldGen: 437940K(438272K)->437940K(438272K)
[615.152s][info][gc,metaspace   ] GC(1660) Metaspace: 18910K(19008K)->18910K(19008K) NonClass: 17081K(17152K)->17081K(17152K) Class: 1829K(1856K)->1829K(1856K)
[615.152s][info][gc             ] GC(1660) Pause Young (Allocation Failure) 588M->469M(636M) 46.918ms
[615.152s][info][gc,cpu         ] GC(1660) User=0.09s Sys=0.01s Real=0.04s
[615.460s][info][gc,start       ] GC(1661) Pause Young (Allocation Failure)
[615.507s][info][gc,heap        ] GC(1661) PSYoungGen: 174272K(213504K)->43776K(218624K) Eden: 131072K(131072K)->0K(131072K) From: 43200K(82432K)->43776K(87552K)
[615.507s][info][gc,heap        ] GC(1661) ParOldGen: 437940K(438272K)->437940K(438272K)
[615.508s][info][gc,metaspace   ] GC(1661) Metaspace: 18910K(19008K)->18910K(19008K) NonClass: 17081K(17152K)->17081K(17152K) Class: 1829K(1856K)->1829K(1856K)
[615.508s][info][gc             ] GC(1661) Pause Young (Allocation Failure) 597M->470M(641M) 47.648ms
[615.508s][info][gc,cpu         ] GC(1661) User=0.09s Sys=0.00s Real=0.05s
[615.830s][info][gc,start       ] GC(1662) Pause Young (Allocation Failure)
[615.886s][info][gc,heap        ] GC(1662) PSYoungGen: 174848K(218624K)->43264K(215552K) Eden: 131072K(131072K)->0K(139776K) From: 43776K(87552K)->43264K(75776K)
[615.886s][info][gc,heap        ] GC(1662) ParOldGen: 437940K(438272K)->437940K(438272K)
[615.886s][info][gc,metaspace   ] GC(1662) Metaspace: 18910K(19008K)->18910K(19008K) NonClass: 17081K(17152K)->17081K(17152K) Class: 1829K(1856K)->1829K(1856K)
[615.886s][info][gc             ] GC(1662) Pause Young (Allocation Failure) 598M->469M(638M) 56.163ms
[615.886s][info][gc,cpu         ] GC(1662) User=0.11s Sys=0.00s Real=0.06s
[616.117s][info][gc,start       ] GC(1663) Pause Young (Allocation Failure)
[616.180s][info][gc,heap        ] GC(1663) PSYoungGen: 183040K(215552K)->58454K(219648K) Eden: 139776K(139776K)->0K(139776K) From: 43264K(75776K)->58454K(79872K)
[616.180s][info][gc,heap        ] GC(1663) ParOldGen: 437940K(438272K)->437940K(438272K)
[616.180s][info][gc,metaspace   ] GC(1663) Metaspace: 18910K(19008K)->18910K(19008K) NonClass: 17081K(17152K)->17081K(17152K) Class: 1829K(1856K)->1829K(1856K)
[616.180s][info][gc             ] GC(1663) Pause Young (Allocation Failure) 606M->484M(642M) 63.232ms
[616.180s][info][gc,cpu         ] GC(1663) User=0.12s Sys=0.00s Real=0.06s
[616.260s][info][gc,start       ] GC(1664) Pause Young (Allocation Failure)
[616.389s][info][gc,heap        ] GC(1664) PSYoungGen: 198230K(219648K)->81894K(208896K) Eden: 139776K(139776K)->0K(126976K) From: 58454K(79872K)->81894K(81920K)
[616.389s][info][gc,heap        ] GC(1664) ParOldGen: 437940K(438272K)->468380K(468480K)
[616.389s][info][gc,metaspace   ] GC(1664) Metaspace: 18910K(19008K)->18910K(19008K) NonClass: 17081K(17152K)->17081K(17152K) Class: 1829K(1856K)->1829K(1856K)
[616.389s][info][gc             ] GC(1664) Pause Young (Allocation Failure) 621M->537M(661M) 128.335ms
[616.389s][info][gc,cpu         ] GC(1664) User=0.22s Sys=0.04s Real=0.13s
[616.583s][info][gc,start       ] GC(1665) Pause Young (Allocation Failure)
[616.688s][info][gc,heap        ] GC(1665) PSYoungGen: 208870K(208896K)->76854K(204288K) Eden: 126976K(126976K)->0K(126976K) From: 81894K(81920K)->76854K(77312K)
[616.688s][info][gc,heap        ] GC(1665) ParOldGen: 468380K(468480K)->485154K(485376K)
[616.688s][info][gc,metaspace   ] GC(1665) Metaspace: 18910K(19008K)->18910K(19008K) NonClass: 17081K(17152K)->17081K(17152K) Class: 1829K(1856K)->1829K(1856K)
[616.689s][info][gc             ] GC(1665) Pause Young (Allocation Failure) 661M->548M(673M) 105.990ms
[616.689s][info][gc,cpu         ] GC(1665) User=0.20s Sys=0.01s Real=0.11s
[616.837s][info][gc,start       ] GC(1666) Pause Young (Allocation Failure)
[616.926s][info][gc,heap        ] GC(1666) PSYoungGen: 203830K(204288K)->88835K(219136K) Eden: 126976K(126976K)->0K(111616K) From: 76854K(77312K)->88835K(107520K)
[616.926s][info][gc,heap        ] GC(1666) ParOldGen: 485154K(485376K)->485154K(485376K)
[616.926s][info][gc,metaspace   ] GC(1666) Metaspace: 18910K(19008K)->18910K(19008K) NonClass: 17081K(17152K)->17081K(17152K) Class: 1829K(1856K)->1829K(1856K)
[616.927s][info][gc             ] GC(1666) Pause Young (Allocation Failure) 672M->560M(688M) 89.969ms
[616.927s][info][gc,cpu         ] GC(1666) User=0.17s Sys=0.00s Real=0.09s
[617.024s][info][gc,start       ] GC(1667) Pause Young (Allocation Failure)
[617.158s][info][gc,heap        ] GC(1667) PSYoungGen: 200451K(219136K)->102124K(222720K) Eden: 111616K(111616K)->0K(111616K) From: 88835K(107520K)->102124K(111104K)
[617.158s][info][gc,heap        ] GC(1667) ParOldGen: 485154K(485376K)->497079K(497152K)
[617.158s][info][gc,metaspace   ] GC(1667) Metaspace: 18910K(19008K)->18910K(19008K) NonClass: 17081K(17152K)->17081K(17152K) Class: 1829K(1856K)->1829K(1856K)
[617.158s][info][gc             ] GC(1667) Pause Young (Allocation Failure) 669M->585M(703M) 134.336ms
[617.158s][info][gc,cpu         ] GC(1667) User=0.26s Sys=0.01s Real=0.14s
[617.240s][info][gc,start       ] GC(1668) Pause Young (Allocation Failure)
[617.401s][info][gc,heap        ] GC(1668) PSYoungGen: 213740K(222720K)->111103K(222720K) Eden: 111616K(111616K)->0K(111616K) From: 102124K(111104K)->111103K(111104K)
[617.402s][info][gc,heap        ] GC(1668) ParOldGen: 497079K(497152K)->520702K(520704K)
[617.402s][info][gc,metaspace   ] GC(1668) Metaspace: 18910K(19008K)->18910K(19008K) NonClass: 17081K(17152K)->17081K(17152K) Class: 1829K(1856K)->1829K(1856K)
[617.402s][info][gc             ] GC(1668) Pause Young (Allocation Failure) 694M->616M(726M) 162.092ms
[617.402s][info][gc,cpu         ] GC(1668) User=0.29s Sys=0.04s Real=0.16s
[617.489s][info][gc,start       ] GC(1669) Pause Young (Allocation Failure)
[617.635s][info][gc,heap        ] GC(1669) PSYoungGen: 222719K(222720K)->111103K(222720K) Eden: 111616K(111616K)->0K(111616K) From: 111103K(111104K)->111103K(111104K)
[617.635s][info][gc,heap        ] GC(1669) ParOldGen: 520702K(520704K)->541246K(541696K)
[617.635s][info][gc,metaspace   ] GC(1669) Metaspace: 18910K(19008K)->18910K(19008K) NonClass: 17081K(17152K)->17081K(17152K) Class: 1829K(1856K)->1829K(1856K)
[617.635s][info][gc             ] GC(1669) Pause Young (Allocation Failure) 725M->637M(746M) 145.411ms
[617.635s][info][gc,cpu         ] GC(1669) User=0.27s Sys=0.02s Real=0.14s
[617.705s][info][gc,start       ] GC(1670) Pause Young (Allocation Failure)
[617.844s][info][gc,heap        ] GC(1670) PSYoungGen: 222719K(222720K)->105372K(222720K) Eden: 111616K(111616K)->0K(111616K) From: 111103K(111104K)->105372K(111104K)
[617.844s][info][gc,heap        ] GC(1670) ParOldGen: 541246K(541696K)->554177K(554496K)
[617.844s][info][gc,metaspace   ] GC(1670) Metaspace: 18910K(19008K)->18910K(19008K) NonClass: 17081K(17152K)->17081K(17152K) Class: 1829K(1856K)->1829K(1856K)
[617.844s][info][gc             ] GC(1670) Pause Young (Allocation Failure) 746M->644M(759M) 139.718ms
[617.844s][info][gc,cpu         ] GC(1670) User=0.27s Sys=0.01s Real=0.13s
[617.917s][info][gc,start       ] GC(1671) Pause Young (Allocation Failure)
[618.061s][info][gc,heap        ] GC(1671) PSYoungGen: 216988K(222720K)->79077K(222720K) Eden: 111616K(111616K)->0K(111616K) From: 105372K(111104K)->79077K(111104K)
[618.061s][info][gc,heap        ] GC(1671) ParOldGen: 554177K(554496K)->589301K(589312K)
[618.061s][info][gc,metaspace   ] GC(1671) Metaspace: 18910K(19008K)->18910K(19008K) NonClass: 17081K(17152K)->17081K(17152K) Class: 1829K(1856K)->1829K(1856K)
[618.061s][info][gc             ] GC(1671) Pause Young (Allocation Failure) 753M->652M(793M) 144.008ms
[618.061s][info][gc,cpu         ] GC(1671) User=0.25s Sys=0.03s Real=0.14s
[618.134s][info][gc,start       ] GC(1672) Pause Young (Allocation Failure)
[618.244s][info][gc,heap        ] GC(1672) PSYoungGen: 190693K(222720K)->65696K(222720K) Eden: 111616K(111616K)->0K(111616K) From: 79077K(111104K)->65696K(111104K)
[618.244s][info][gc,heap        ] GC(1672) ParOldGen: 589301K(589312K)->604300K(604672K)
[618.244s][info][gc,metaspace   ] GC(1672) Metaspace: 18910K(19008K)->18910K(19008K) NonClass: 17081K(17152K)->17081K(17152K) Class: 1829K(1856K)->1829K(1856K)
[618.244s][info][gc             ] GC(1672) Pause Young (Allocation Failure) 761M->654M(808M) 109.416ms
[618.244s][info][gc,cpu         ] GC(1672) User=0.21s Sys=0.01s Real=0.11s
[618.326s][info][gc,start       ] GC(1673) Pause Young (Allocation Failure)
[618.426s][info][gc,heap        ] GC(1673) PSYoungGen: 177312K(222720K)->37600K(222720K) Eden: 111616K(111616K)->0K(111616K) From: 65696K(111104K)->37600K(111104K)
[618.426s][info][gc,heap        ] GC(1673) ParOldGen: 604300K(604672K)->640900K(641024K)
[618.426s][info][gc,metaspace   ] GC(1673) Metaspace: 18910K(19008K)->18910K(19008K) NonClass: 17081K(17152K)->17081K(17152K) Class: 1829K(1856K)->1829K(1856K)
[618.426s][info][gc             ] GC(1673) Pause Young (Allocation Failure) 763M->662M(843M) 99.912ms
[618.426s][info][gc,cpu         ] GC(1673) User=0.16s Sys=0.04s Real=0.10s
[618.507s][info][gc,start       ] GC(1674) Pause Full (Allocation Failure)
[618.507s][info][gc,phases,start] GC(1674) Marking Phase
[618.795s][info][gc,phases      ] GC(1674) Marking Phase 288.106ms
[618.795s][info][gc,phases,start] GC(1674) Summary Phase
[618.795s][info][gc,phases      ] GC(1674) Summary Phase 0.031ms
[618.795s][info][gc,phases,start] GC(1674) Forward
[618.888s][info][gc,phases      ] GC(1674) Forward 92.124ms
[618.888s][info][gc,phases,start] GC(1674) Adjust Pointers
[619.119s][info][gc,phases      ] GC(1674) Adjust Pointers 230.905ms
[619.119s][info][gc,phases,start] GC(1674) Compaction Phase
[619.258s][info][gc,phases      ] GC(1674) Compaction Phase 139.416ms
[619.266s][info][gc,phases,start] GC(1674) Post Compact
[619.269s][info][gc,phases      ] GC(1674) Post Compact 2.364ms
[619.269s][info][gc,heap        ] GC(1674) PSYoungGen: 149216K(222720K)->0K(222720K) Eden: 111616K(111616K)->0K(111616K) From: 37600K(111104K)->0K(111104K)
[619.269s][info][gc,heap        ] GC(1674) ParOldGen: 640900K(641024K)->400638K(667648K)
[619.269s][info][gc,metaspace   ] GC(1674) Metaspace: 18910K(19008K)->18910K(19008K) NonClass: 17081K(17152K)->17081K(17152K) Class: 1829K(1856K)->1829K(1856K)
[619.269s][info][gc             ] GC(1674) Pause Full (Allocation Failure) 771M->391M(869M) 761.905ms
[619.269s][info][gc,cpu         ] GC(1674) User=1.44s Sys=0.00s Real=0.76s
[619.346s][info][gc,start       ] GC(1675) Pause Young (Allocation Failure)
[619.357s][info][gc,heap        ] GC(1675) PSYoungGen: 111616K(222720K)->4192K(222720K) Eden: 111616K(111616K)->0K(111616K) From: 0K(111104K)->4192K(111104K)
[619.357s][info][gc,heap        ] GC(1675) ParOldGen: 400638K(667648K)->400638K(667648K)
[619.357s][info][gc,metaspace   ] GC(1675) Metaspace: 18910K(19008K)->18910K(19008K) NonClass: 17081K(17152K)->17081K(17152K) Class: 1829K(1856K)->1829K(1856K)
[619.357s][info][gc             ] GC(1675) Pause Young (Allocation Failure) 500M->395M(869M) 11.302ms
[619.357s][info][gc,cpu         ] GC(1675) User=0.03s Sys=0.00s Real=0.01s
[619.426s][info][gc,start       ] GC(1676) Pause Young (Allocation Failure)
[619.437s][info][gc,heap        ] GC(1676) PSYoungGen: 115808K(222720K)->5728K(222720K) Eden: 111616K(111616K)->0K(111616K) From: 4192K(111104K)->5728K(111104K)
[619.437s][info][gc,heap        ] GC(1676) ParOldGen: 400638K(667648K)->400638K(667648K)
[619.437s][info][gc,metaspace   ] GC(1676) Metaspace: 18910K(19008K)->18910K(19008K) NonClass: 17081K(17152K)->17081K(17152K) Class: 1829K(1856K)->1829K(1856K)
[619.437s][info][gc             ] GC(1676) Pause Young (Allocation Failure) 504M->396M(869M) 10.796ms
[619.437s][info][gc,cpu         ] GC(1676) User=0.02s Sys=0.00s Real=0.01s
[619.545s][info][gc,start       ] GC(1677) Pause Young (Allocation Failure)
[619.565s][info][gc,heap        ] GC(1677) PSYoungGen: 117344K(222720K)->10592K(222720K) Eden: 111616K(111616K)->0K(111616K) From: 5728K(111104K)->10592K(111104K)
[619.565s][info][gc,heap        ] GC(1677) ParOldGen: 400638K(667648K)->406350K(667648K)
[619.565s][info][gc,metaspace   ] GC(1677) Metaspace: 18910K(19008K)->18910K(19008K) NonClass: 17081K(17152K)->17081K(17152K) Class: 1829K(1856K)->1829K(1856K)
[619.565s][info][gc             ] GC(1677) Pause Young (Allocation Failure) 505M->407M(869M) 20.147ms
[619.565s][info][gc,cpu         ] GC(1677) User=0.04s Sys=0.00s Real=0.02s
[619.719s][info][gc,start       ] GC(1678) Pause Young (Allocation Failure)
[619.754s][info][gc,heap        ] GC(1678) PSYoungGen: 122208K(222720K)->20576K(222720K) Eden: 111616K(111616K)->0K(111616K) From: 10592K(111104K)->20576K(111104K)
[619.754s][info][gc,heap        ] GC(1678) ParOldGen: 406350K(667648K)->416942K(667648K)
[619.754s][info][gc,metaspace   ] GC(1678) Metaspace: 18910K(19008K)->18910K(19008K) NonClass: 17081K(17152K)->17081K(17152K) Class: 1829K(1856K)->1829K(1856K)
[619.754s][info][gc             ] GC(1678) Pause Young (Allocation Failure) 516M->427M(869M) 34.445ms
[619.754s][info][gc,cpu         ] GC(1678) User=0.07s Sys=0.00s Real=0.03s
[620.072s][info][gc,start       ] GC(1679) Pause Young (Allocation Failure)
[620.099s][info][gc,heap        ] GC(1679) PSYoungGen: 132192K(222720K)->1120K(222720K) Eden: 111616K(111616K)->0K(111616K) From: 20576K(111104K)->1120K(111104K)
[620.099s][info][gc,heap        ] GC(1679) ParOldGen: 416942K(667648K)->437547K(667648K)
[620.099s][info][gc,metaspace   ] GC(1679) Metaspace: 18911K(19008K)->18911K(19008K) NonClass: 17082K(17152K)->17082K(17152K) Class: 1829K(1856K)->1829K(1856K)
[620.099s][info][gc             ] GC(1679) Pause Young (Allocation Failure) 536M->428M(869M) 26.615ms
[620.099s][info][gc,cpu         ] GC(1679) User=0.05s Sys=0.00s Real=0.03s
[620.343s][info][gc,start       ] GC(1680) Pause Young (Allocation Failure)
[620.359s][info][gc,heap        ] GC(1680) PSYoungGen: 112736K(222720K)->11376K(222720K) Eden: 111616K(111616K)->0K(111616K) From: 1120K(111104K)->11376K(111104K)
[620.359s][info][gc,heap        ] GC(1680) ParOldGen: 437547K(667648K)->438669K(667648K)
[620.359s][info][gc,metaspace   ] GC(1680) Metaspace: 18911K(19008K)->18911K(19008K) NonClass: 17082K(17152K)->17082K(17152K) Class: 1829K(1856K)->1829K(1856K)
[620.359s][info][gc             ] GC(1680) Pause Young (Allocation Failure) 537M->439M(869M) 16.397ms
[620.359s][info][gc,cpu         ] GC(1680) User=0.03s Sys=0.00s Real=0.02s
[620.506s][info][gc,start       ] GC(1681) Pause Young (Allocation Failure)
[620.527s][info][gc,heap        ] GC(1681) PSYoungGen: 122992K(222720K)->9456K(222720K) Eden: 111616K(111616K)->0K(111616K) From: 11376K(111104K)->9456K(111104K)
[620.527s][info][gc,heap        ] GC(1681) ParOldGen: 438669K(667648K)->450082K(667648K)
[620.527s][info][gc,metaspace   ] GC(1681) Metaspace: 18911K(19008K)->18911K(19008K) NonClass: 17082K(17152K)->17082K(17152K) Class: 1829K(1856K)->1829K(1856K)
[620.527s][info][gc             ] GC(1681) Pause Young (Allocation Failure) 548M->448M(869M) 21.057ms
[620.527s][info][gc,cpu         ] GC(1681) User=0.04s Sys=0.00s Real=0.02s
[620.697s][info][gc,start       ] GC(1682) Pause Young (Allocation Failure)
[620.721s][info][gc,heap        ] GC(1682) PSYoungGen: 121072K(222720K)->9200K(222720K) Eden: 111616K(111616K)->0K(111616K) From: 9456K(111104K)->9200K(111104K)
[620.721s][info][gc,heap        ] GC(1682) ParOldGen: 450082K(667648K)->459538K(667648K)
[620.721s][info][gc,metaspace   ] GC(1682) Metaspace: 18911K(19008K)->18911K(19008K) NonClass: 17082K(17152K)->17082K(17152K) Class: 1829K(1856K)->1829K(1856K)
[620.722s][info][gc             ] GC(1682) Pause Young (Allocation Failure) 557M->457M(869M) 24.279ms
[620.722s][info][gc,cpu         ] GC(1682) User=0.04s Sys=0.00s Real=0.02s
[620.787s][info][gc,start       ] GC(1683) Pause Young (Allocation Failure)
[620.826s][info][gc,heap        ] GC(1683) PSYoungGen: 120816K(222720K)->42048K(222720K) Eden: 111616K(111616K)->0K(111616K) From: 9200K(111104K)->42048K(111104K)
[620.826s][info][gc,heap        ] GC(1683) ParOldGen: 459538K(667648K)->468746K(667648K)
[620.826s][info][gc,metaspace   ] GC(1683) Metaspace: 18911K(19008K)->18911K(19008K) NonClass: 17082K(17152K)->17082K(17152K) Class: 1829K(1856K)->1829K(1856K)
[620.826s][info][gc             ] GC(1683) Pause Young (Allocation Failure) 566M->498M(869M) 38.951ms
[620.826s][info][gc,cpu         ] GC(1683) User=0.07s Sys=0.00s Real=0.04s
[620.973s][info][gc,start       ] GC(1684) Pause Young (Allocation Failure)
[621.021s][info][gc,heap        ] GC(1684) PSYoungGen: 153664K(222720K)->29792K(222720K) Eden: 111616K(111616K)->0K(111616K) From: 42048K(111104K)->29792K(111104K)
[621.021s][info][gc,heap        ] GC(1684) ParOldGen: 468746K(667648K)->511266K(667648K)
[621.021s][info][gc,metaspace   ] GC(1684) Metaspace: 18911K(19008K)->18911K(19008K) NonClass: 17082K(17152K)->17082K(17152K) Class: 1829K(1856K)->1829K(1856K)
[621.021s][info][gc             ] GC(1684) Pause Young (Allocation Failure) 607M->528M(869M) 47.629ms
[621.021s][info][gc,cpu         ] GC(1684) User=0.10s Sys=0.00s Real=0.05s
[621.150s][info][gc,start       ] GC(1685) Pause Young (Allocation Failure)
[621.179s][info][gc,heap        ] GC(1685) PSYoungGen: 141408K(222720K)->3072K(222720K) Eden: 111616K(111616K)->0K(111616K) From: 29792K(111104K)->3072K(111104K)
[621.179s][info][gc,heap        ] GC(1685) ParOldGen: 511266K(667648K)->541431K(667648K)
[621.179s][info][gc,metaspace   ] GC(1685) Metaspace: 18911K(19008K)->18911K(19008K) NonClass: 17082K(17152K)->17082K(17152K) Class: 1829K(1856K)->1829K(1856K)
[621.179s][info][gc             ] GC(1685) Pause Young (Allocation Failure) 637M->531M(869M) 28.781ms
[621.179s][info][gc,cpu         ] GC(1685) User=0.06s Sys=0.00s Real=0.03s
[621.363s][info][gc,start       ] GC(1686) Pause Young (Allocation Failure)
[621.416s][info][gc,heap        ] GC(1686) PSYoungGen: 114688K(222720K)->29096K(219648K) Eden: 111616K(111616K)->0K(111616K) From: 3072K(111104K)->29096K(108032K)
[621.416s][info][gc,heap        ] GC(1686) ParOldGen: 541431K(667648K)->544503K(667648K)
[621.416s][info][gc,metaspace   ] GC(1686) Metaspace: 18911K(19008K)->18911K(19008K) NonClass: 17082K(17152K)->17082K(17152K) Class: 1829K(1856K)->1829K(1856K)
[621.416s][info][gc             ] GC(1686) Pause Young (Allocation Failure) 640M->560M(866M) 52.789ms
[621.416s][info][gc,cpu         ] GC(1686) User=0.10s Sys=0.00s Real=0.06s
[621.544s][info][gc,start       ] GC(1687) Pause Young (Allocation Failure)
[621.604s][info][gc,heap        ] GC(1687) PSYoungGen: 140712K(219648K)->46623K(221184K) Eden: 111616K(111616K)->0K(111616K) From: 29096K(108032K)->46623K(109568K)
[621.604s][info][gc,heap        ] GC(1687) ParOldGen: 544503K(667648K)->544503K(667648K)
[621.604s][info][gc,metaspace   ] GC(1687) Metaspace: 18911K(19008K)->18911K(19008K) NonClass: 17082K(17152K)->17082K(17152K) Class: 1829K(1856K)->1829K(1856K)
[621.604s][info][gc             ] GC(1687) Pause Young (Allocation Failure) 669M->577M(868M) 60.609ms
[621.604s][info][gc,cpu         ] GC(1687) User=0.12s Sys=0.00s Real=0.06s
[621.736s][info][gc,start       ] GC(1688) Pause Young (Allocation Failure)
[621.813s][info][gc,heap        ] GC(1688) PSYoungGen: 158239K(221184K)->61791K(220160K) Eden: 111616K(111616K)->0K(113152K) From: 46623K(109568K)->61791K(107008K)
[621.813s][info][gc,heap        ] GC(1688) ParOldGen: 544503K(667648K)->544503K(667648K)
[621.813s][info][gc,metaspace   ] GC(1688) Metaspace: 18911K(19008K)->18911K(19008K) NonClass: 17082K(17152K)->17082K(17152K) Class: 1829K(1856K)->1829K(1856K)
[621.813s][info][gc             ] GC(1688) Pause Young (Allocation Failure) 686M->592M(867M) 76.624ms
[621.813s][info][gc,cpu         ] GC(1688) User=0.16s Sys=0.00s Real=0.07s
[621.896s][info][gc,start       ] GC(1689) Pause Young (Allocation Failure)
[621.970s][info][gc,heap        ] GC(1689) PSYoungGen: 174943K(220160K)->62015K(175616K) Eden: 113152K(113152K)->0K(113152K) From: 61791K(107008K)->62015K(62464K)
[621.970s][info][gc,heap        ] GC(1689) ParOldGen: 544503K(667648K)->544503K(667648K)
[621.970s][info][gc,metaspace   ] GC(1689) Metaspace: 18911K(19008K)->18911K(19008K) NonClass: 17082K(17152K)->17082K(17152K) Class: 1829K(1856K)->1829K(1856K)
[621.970s][info][gc             ] GC(1689) Pause Young (Allocation Failure) 702M->592M(823M) 73.905ms
[621.970s][info][gc,cpu         ] GC(1689) User=0.15s Sys=0.00s Real=0.07s
[622.094s][info][gc,start       ] GC(1690) Pause Young (Allocation Failure)
[622.173s][info][gc,heap        ] GC(1690) PSYoungGen: 175167K(175616K)->16128K(224768K) Eden: 113152K(113152K)->0K(113664K) From: 62015K(62464K)->16128K(111104K)
[622.173s][info][gc,heap        ] GC(1690) ParOldGen: 544503K(667648K)->591229K(667648K)
[622.173s][info][gc,metaspace   ] GC(1690) Metaspace: 18911K(19008K)->18911K(19008K) NonClass: 17082K(17152K)->17082K(17152K) Class: 1829K(1856K)->1829K(1856K)
[622.173s][info][gc             ] GC(1690) Pause Young (Allocation Failure) 702M->593M(871M) 78.957ms
[622.173s][info][gc,cpu         ] GC(1690) User=0.16s Sys=0.00s Real=0.08s
[622.299s][info][gc,start       ] GC(1691) Pause Young (Allocation Failure)
[622.336s][info][gc,heap        ] GC(1691) PSYoungGen: 129792K(224768K)->5088K(118784K) Eden: 113664K(113664K)->0K(113664K) From: 16128K(111104K)->5088K(5120K)
[622.336s][info][gc,heap        ] GC(1691) ParOldGen: 591229K(667648K)->606485K(667648K)
[622.336s][info][gc,metaspace   ] GC(1691) Metaspace: 18911K(19008K)->18911K(19008K) NonClass: 17082K(17152K)->17082K(17152K) Class: 1829K(1856K)->1829K(1856K)
[622.336s][info][gc             ] GC(1691) Pause Young (Allocation Failure) 704M->597M(768M) 36.736ms
[622.336s][info][gc,cpu         ] GC(1691) User=0.07s Sys=0.00s Real=0.04s
[622.493s][info][gc,start       ] GC(1692) Pause Young (Allocation Failure)
[622.513s][info][gc,heap        ] GC(1692) PSYoungGen: 118752K(118784K)->15008K(224768K) Eden: 113664K(113664K)->0K(117760K) From: 5088K(5120K)->15008K(107008K)
[622.513s][info][gc,heap        ] GC(1692) ParOldGen: 606485K(667648K)->606485K(667648K)
[622.513s][info][gc,metaspace   ] GC(1692) Metaspace: 18911K(19008K)->18911K(19008K) NonClass: 17082K(17152K)->17082K(17152K) Class: 1829K(1856K)->1829K(1856K)
[622.513s][info][gc             ] GC(1692) Pause Young (Allocation Failure) 708M->606M(871M) 20.142ms
[622.513s][info][gc,cpu         ] GC(1692) User=0.04s Sys=0.00s Real=0.02s
[622.671s][info][gc,start       ] GC(1693) Pause Young (Allocation Failure)
[622.711s][info][gc,heap        ] GC(1693) PSYoungGen: 132768K(224768K)->37090K(220672K) Eden: 117760K(117760K)->0K(117760K) From: 15008K(107008K)->37090K(102912K)
[622.711s][info][gc,heap        ] GC(1693) ParOldGen: 606485K(667648K)->606485K(667648K)
[622.711s][info][gc,metaspace   ] GC(1693) Metaspace: 18911K(19008K)->18911K(19008K) NonClass: 17082K(17152K)->17082K(17152K) Class: 1829K(1856K)->1829K(1856K)
[622.711s][info][gc             ] GC(1693) Pause Young (Allocation Failure) 721M->628M(867M) 40.024ms
[622.711s][info][gc,cpu         ] GC(1693) User=0.08s Sys=0.00s Real=0.04s
[622.764s][info][gc,start       ] GC(1694) Pause Young (Allocation Failure)
[622.836s][info][gc,heap        ] GC(1694) PSYoungGen: 154850K(220672K)->78546K(210944K) Eden: 117760K(117760K)->0K(113152K) From: 37090K(102912K)->78546K(97792K)
[622.836s][info][gc,heap        ] GC(1694) ParOldGen: 606485K(667648K)->606485K(667648K)
[622.836s][info][gc,metaspace   ] GC(1694) Metaspace: 18911K(19008K)->18911K(19008K) NonClass: 17082K(17152K)->17082K(17152K) Class: 1829K(1856K)->1829K(1856K)
[622.836s][info][gc             ] GC(1694) Pause Young (Allocation Failure) 743M->668M(858M) 72.162ms
[622.836s][info][gc,cpu         ] GC(1694) User=0.15s Sys=0.00s Real=0.08s
[622.951s][info][gc,start       ] GC(1695) Pause Young (Allocation Failure)
[623.043s][info][gc,heap        ] GC(1695) PSYoungGen: 191698K(210944K)->108514K(221696K) Eden: 113152K(113152K)->0K(113152K) From: 78546K(97792K)->108514K(108544K)
[623.043s][info][gc,heap        ] GC(1695) ParOldGen: 606485K(667648K)->613625K(667648K)
[623.043s][info][gc,metaspace   ] GC(1695) Metaspace: 18911K(19008K)->18911K(19008K) NonClass: 17082K(17152K)->17082K(17152K) Class: 1829K(1856K)->1829K(1856K)
[623.043s][info][gc             ] GC(1695) Pause Young (Allocation Failure) 779M->705M(868M) 92.807ms
[623.043s][info][gc,cpu         ] GC(1695) User=0.19s Sys=0.00s Real=0.09s
[623.249s][info][gc,start       ] GC(1696) Pause Young (Allocation Failure)
[623.346s][info][gc,heap        ] GC(1696) PSYoungGen: 221666K(221696K)->107410K(222720K) Eden: 113152K(113152K)->0K(111616K) From: 108514K(108544K)->107410K(111104K)
[623.346s][info][gc,heap        ] GC(1696) ParOldGen: 613625K(667648K)->618481K(667648K)
[623.346s][info][gc,metaspace   ] GC(1696) Metaspace: 18911K(19008K)->18911K(19008K) NonClass: 17082K(17152K)->17082K(17152K) Class: 1829K(1856K)->1829K(1856K)
[623.347s][info][gc             ] GC(1696) Pause Young (Allocation Failure) 815M->708M(869M) 97.361ms
[623.347s][info][gc,cpu         ] GC(1696) User=0.19s Sys=0.01s Real=0.10s
[623.509s][info][gc,start       ] GC(1697) Pause Young (Allocation Failure)
[623.649s][info][gc,heap        ] GC(1697) PSYoungGen: 219026K(222720K)->109200K(222720K) Eden: 111616K(111616K)->0K(111616K) From: 107410K(111104K)->109200K(111104K)
[623.649s][info][gc,heap        ] GC(1697) ParOldGen: 618481K(667648K)->650639K(667648K)
[623.649s][info][gc,metaspace   ] GC(1697) Metaspace: 18911K(19008K)->18911K(19008K) NonClass: 17082K(17152K)->17082K(17152K) Class: 1829K(1856K)->1829K(1856K)
[623.649s][info][gc             ] GC(1697) Pause Young (Allocation Failure) 817M->742M(869M) 139.751ms
[623.649s][info][gc,cpu         ] GC(1697) User=0.27s Sys=0.00s Real=0.14s
[623.775s][info][gc,start       ] GC(1698) Pause Full (Allocation Failure)
[623.775s][info][gc,phases,start] GC(1698) Marking Phase
[624.174s][info][gc,phases      ] GC(1698) Marking Phase 399.083ms
[624.174s][info][gc,phases,start] GC(1698) Summary Phase
[624.174s][info][gc,phases      ] GC(1698) Summary Phase 0.032ms
[624.174s][info][gc,phases,start] GC(1698) Forward
[624.302s][info][gc,phases      ] GC(1698) Forward 128.007ms
[624.302s][info][gc,phases,start] GC(1698) Adjust Pointers
[624.611s][info][gc,phases      ] GC(1698) Adjust Pointers 308.307ms
[624.611s][info][gc,phases,start] GC(1698) Compaction Phase
[624.798s][info][gc,phases      ] GC(1698) Compaction Phase 187.550ms
[624.807s][info][gc,phases,start] GC(1698) Post Compact
[624.810s][info][gc,phases      ] GC(1698) Post Compact 2.522ms
[624.810s][info][gc,heap        ] GC(1698) PSYoungGen: 220816K(222720K)->0K(222720K) Eden: 111616K(111616K)->0K(111616K) From: 109200K(111104K)->0K(111104K)
[624.810s][info][gc,heap        ] GC(1698) ParOldGen: 650639K(667648K)->545669K(667648K)
[624.810s][info][gc,metaspace   ] GC(1698) Metaspace: 18911K(19008K)->18911K(19008K) NonClass: 17082K(17152K)->17082K(17152K) Class: 1829K(1856K)->1829K(1856K)
[624.810s][info][gc             ] GC(1698) Pause Full (Allocation Failure) 851M->532M(869M) 1035.199ms
[624.810s][info][gc,cpu         ] GC(1698) User=1.97s Sys=0.01s Real=1.03s
[624.930s][info][gc,start       ] GC(1699) Pause Young (Allocation Failure)
[624.945s][info][gc,heap        ] GC(1699) PSYoungGen: 111616K(222720K)->9152K(222720K) Eden: 111616K(111616K)->0K(111616K) From: 0K(111104K)->9152K(111104K)
[624.945s][info][gc,heap        ] GC(1699) ParOldGen: 545669K(667648K)->545669K(667648K)
[624.945s][info][gc,metaspace   ] GC(1699) Metaspace: 18911K(19008K)->18911K(19008K) NonClass: 17082K(17152K)->17082K(17152K) Class: 1829K(1856K)->1829K(1856K)
[624.945s][info][gc             ] GC(1699) Pause Young (Allocation Failure) 641M->541M(869M) 14.907ms
[624.945s][info][gc,cpu         ] GC(1699) User=0.03s Sys=0.00s Real=0.02s
[625.047s][info][gc,start       ] GC(1700) Pause Young (Allocation Failure)
[625.061s][info][gc,heap        ] GC(1700) PSYoungGen: 120768K(222720K)->9856K(222720K) Eden: 111616K(111616K)->0K(111616K) From: 9152K(111104K)->9856K(111104K)
[625.062s][info][gc,heap        ] GC(1700) ParOldGen: 545669K(667648K)->545669K(667648K)
[625.062s][info][gc,metaspace   ] GC(1700) Metaspace: 18911K(19008K)->18911K(19008K) NonClass: 17082K(17152K)->17082K(17152K) Class: 1829K(1856K)->1829K(1856K)
[625.062s][info][gc             ] GC(1700) Pause Young (Allocation Failure) 650M->542M(869M) 14.496ms
[625.062s][info][gc,cpu         ] GC(1700) User=0.03s Sys=0.00s Real=0.01s
[625.180s][info][gc,start       ] GC(1701) Pause Young (Allocation Failure)
[625.197s][info][gc,heap        ] GC(1701) PSYoungGen: 121472K(222720K)->192K(222720K) Eden: 111616K(111616K)->0K(111616K) From: 9856K(111104K)->192K(111104K)
[625.197s][info][gc,heap        ] GC(1701) ParOldGen: 545669K(667648K)->555525K(667648K)
[625.197s][info][gc,metaspace   ] GC(1701) Metaspace: 18911K(19008K)->18911K(19008K) NonClass: 17082K(17152K)->17082K(17152K) Class: 1829K(1856K)->1829K(1856K)
[625.197s][info][gc             ] GC(1701) Pause Young (Allocation Failure) 651M->542M(869M) 17.004ms
[625.197s][info][gc,cpu         ] GC(1701) User=0.03s Sys=0.00s Real=0.02s
[625.316s][info][gc,start       ] GC(1702) Pause Young (Allocation Failure)
[625.324s][info][gc,heap        ] GC(1702) PSYoungGen: 111808K(222720K)->4160K(222720K) Eden: 111616K(111616K)->0K(111616K) From: 192K(111104K)->4160K(111104K)
[625.324s][info][gc,heap        ] GC(1702) ParOldGen: 555525K(667648K)->555701K(667648K)
[625.324s][info][gc,metaspace   ] GC(1702) Metaspace: 18911K(19008K)->18911K(19008K) NonClass: 17082K(17152K)->17082K(17152K) Class: 1829K(1856K)->1829K(1856K)
[625.324s][info][gc             ] GC(1702) Pause Young (Allocation Failure) 651M->546M(869M) 8.160ms
[625.324s][info][gc,cpu         ] GC(1702) User=0.02s Sys=0.00s Real=0.00s
[625.486s][info][gc,start       ] GC(1703) Pause Young (Allocation Failure)
[625.503s][info][gc,heap        ] GC(1703) PSYoungGen: 115776K(222720K)->10208K(222720K) Eden: 111616K(111616K)->0K(111616K) From: 4160K(111104K)->10208K(111104K)
[625.503s][info][gc,heap        ] GC(1703) ParOldGen: 555701K(667648K)->559877K(667648K)
[625.503s][info][gc,metaspace   ] GC(1703) Metaspace: 18911K(19008K)->18911K(19008K) NonClass: 17082K(17152K)->17082K(17152K) Class: 1829K(1856K)->1829K(1856K)
[625.503s][info][gc             ] GC(1703) Pause Young (Allocation Failure) 655M->556M(869M) 17.627ms
[625.503s][info][gc,cpu         ] GC(1703) User=0.04s Sys=0.00s Real=0.01s
[625.662s][info][gc,start       ] GC(1704) Pause Young (Allocation Failure)
[625.696s][info][gc,heap        ] GC(1704) PSYoungGen: 121824K(222720K)->18464K(222720K) Eden: 111616K(111616K)->0K(111616K) From: 10208K(111104K)->18464K(111104K)
[625.696s][info][gc,heap        ] GC(1704) ParOldGen: 559877K(667648K)->570101K(667648K)
[625.696s][info][gc,metaspace   ] GC(1704) Metaspace: 18911K(19008K)->18911K(19008K) NonClass: 17082K(17152K)->17082K(17152K) Class: 1829K(1856K)->1829K(1856K)
[625.696s][info][gc             ] GC(1704) Pause Young (Allocation Failure) 665M->574M(869M) 33.409ms
[625.696s][info][gc,cpu         ] GC(1704) User=0.07s Sys=0.00s Real=0.04s
[626.067s][info][gc,start       ] GC(1705) Pause Young (Allocation Failure)
[626.088s][info][gc,heap        ] GC(1705) PSYoungGen: 130080K(222720K)->64K(222720K) Eden: 111616K(111616K)->0K(111616K) From: 18464K(111104K)->64K(111104K)
[626.088s][info][gc,heap        ] GC(1705) ParOldGen: 570101K(667648K)->588582K(667648K)
[626.088s][info][gc,metaspace   ] GC(1705) Metaspace: 18911K(19008K)->18911K(19008K) NonClass: 17082K(17152K)->17082K(17152K) Class: 1829K(1856K)->1829K(1856K)
[626.088s][info][gc             ] GC(1705) Pause Young (Allocation Failure) 683M->574M(869M) 21.832ms
[626.088s][info][gc,cpu         ] GC(1705) User=0.05s Sys=0.00s Real=0.02s
[626.350s][info][gc,start       ] GC(1706) Pause Young (Allocation Failure)
[626.352s][info][gc,heap        ] GC(1706) PSYoungGen: 111680K(222720K)->64K(222720K) Eden: 111616K(111616K)->0K(111616K) From: 64K(111104K)->64K(111104K)
[626.352s][info][gc,heap        ] GC(1706) ParOldGen: 588582K(667648K)->588622K(667648K)
[626.352s][info][gc,metaspace   ] GC(1706) Metaspace: 18911K(19008K)->18911K(19008K) NonClass: 17082K(17152K)->17082K(17152K) Class: 1829K(1856K)->1829K(1856K)
[626.352s][info][gc             ] GC(1706) Pause Young (Allocation Failure) 683M->574M(869M) 2.193ms
[626.352s][info][gc,cpu         ] GC(1706) User=0.01s Sys=0.00s Real=0.00s
[626.647s][info][gc,start       ] GC(1707) Pause Young (Allocation Failure)
[626.649s][info][gc,heap        ] GC(1707) PSYoungGen: 111680K(222720K)->64K(222720K) Eden: 111616K(111616K)->0K(111616K) From: 64K(111104K)->64K(111104K)
[626.649s][info][gc,heap        ] GC(1707) ParOldGen: 588622K(667648K)->588638K(667648K)
[626.649s][info][gc,metaspace   ] GC(1707) Metaspace: 18911K(19008K)->18911K(19008K) NonClass: 17082K(17152K)->17082K(17152K) Class: 1829K(1856K)->1829K(1856K)
[626.649s][info][gc             ] GC(1707) Pause Young (Allocation Failure) 683M->574M(869M) 2.288ms
[626.649s][info][gc,cpu         ] GC(1707) User=0.01s Sys=0.00s Real=0.00s
[626.894s][info][gc,start       ] GC(1708) Pause Young (Allocation Failure)
[626.896s][info][gc,heap        ] GC(1708) PSYoungGen: 111680K(222720K)->64K(222720K) Eden: 111616K(111616K)->0K(111616K) From: 64K(111104K)->64K(111104K)
[626.896s][info][gc,heap        ] GC(1708) ParOldGen: 588638K(667648K)->588654K(667648K)
[626.896s][info][gc,metaspace   ] GC(1708) Metaspace: 18911K(19008K)->18911K(19008K) NonClass: 17082K(17152K)->17082K(17152K) Class: 1829K(1856K)->1829K(1856K)
[626.896s][info][gc             ] GC(1708) Pause Young (Allocation Failure) 683M->574M(869M) 2.454ms
[626.896s][info][gc,cpu         ] GC(1708) User=0.01s Sys=0.00s Real=0.01s
[627.182s][info][gc,start       ] GC(1709) Pause Young (Allocation Failure)
[627.194s][info][gc,heap        ] GC(1709) PSYoungGen: 111680K(222720K)->64K(112128K) Eden: 111616K(111616K)->0K(111616K) From: 64K(111104K)->64K(512K)
[627.194s][info][gc,heap        ] GC(1709) ParOldGen: 588654K(667648K)->588670K(667648K)
[627.194s][info][gc,metaspace   ] GC(1709) Metaspace: 18911K(19008K)->18911K(19008K) NonClass: 17082K(17152K)->17082K(17152K) Class: 1829K(1856K)->1829K(1856K)
[627.194s][info][gc             ] GC(1709) Pause Young (Allocation Failure) 683M->574M(761M) 12.019ms
[627.194s][info][gc,cpu         ] GC(1709) User=0.03s Sys=0.00s Real=0.01s
[627.422s][info][gc,start       ] GC(1710) Pause Young (Allocation Failure)
[627.427s][info][gc,heap        ] GC(1710) PSYoungGen: 111680K(112128K)->4080K(214528K) Eden: 111616K(111616K)->0K(114688K) From: 64K(512K)->4080K(99840K)
[627.427s][info][gc,heap        ] GC(1710) ParOldGen: 588670K(667648K)->588670K(667648K)
[627.427s][info][gc,metaspace   ] GC(1710) Metaspace: 18911K(19008K)->18911K(19008K) NonClass: 17082K(17152K)->17082K(17152K) Class: 1829K(1856K)->1829K(1856K)
[627.427s][info][gc             ] GC(1710) Pause Young (Allocation Failure) 683M->578M(861M) 5.669ms
[627.427s][info][gc,cpu         ] GC(1710) User=0.01s Sys=0.00s Real=0.01s
[627.491s][info][gc,start       ] GC(1711) Pause Young (Allocation Failure)
[627.527s][info][gc,heap        ] GC(1711) PSYoungGen: 118768K(214528K)->46016K(217600K) Eden: 114688K(114688K)->0K(114688K) From: 4080K(99840K)->46016K(102912K)
[627.527s][info][gc,heap        ] GC(1711) ParOldGen: 588670K(667648K)->588670K(667648K)
[627.527s][info][gc,metaspace   ] GC(1711) Metaspace: 18911K(19008K)->18911K(19008K) NonClass: 17082K(17152K)->17082K(17152K) Class: 1829K(1856K)->1829K(1856K)
[627.527s][info][gc             ] GC(1711) Pause Young (Allocation Failure) 690M->619M(864M) 36.013ms
[627.527s][info][gc,cpu         ] GC(1711) User=0.06s Sys=0.00s Real=0.04s
[627.676s][info][gc,start       ] GC(1712) Pause Young (Allocation Failure)
[627.728s][info][gc,heap        ] GC(1712) PSYoungGen: 160704K(217600K)->77568K(216576K) Eden: 114688K(114688K)->0K(111616K) From: 46016K(102912K)->77568K(104960K)
[627.728s][info][gc,heap        ] GC(1712) ParOldGen: 588670K(667648K)->588670K(667648K)
[627.728s][info][gc,metaspace   ] GC(1712) Metaspace: 18911K(19008K)->18911K(19008K) NonClass: 17082K(17152K)->17082K(17152K) Class: 1829K(1856K)->1829K(1856K)
[627.728s][info][gc             ] GC(1712) Pause Young (Allocation Failure) 731M->650M(863M) 51.873ms
[627.728s][info][gc,cpu         ] GC(1712) User=0.10s Sys=0.00s Real=0.05s
[627.853s][info][gc,start       ] GC(1713) Pause Young (Allocation Failure)
[627.905s][info][gc,heap        ] GC(1713) PSYoungGen: 189184K(216576K)->76608K(222720K) Eden: 111616K(111616K)->0K(111616K) From: 77568K(104960K)->76608K(111104K)
[627.905s][info][gc,heap        ] GC(1713) ParOldGen: 588670K(667648K)->592798K(667648K)
[627.905s][info][gc,metaspace   ] GC(1713) Metaspace: 18912K(19008K)->18912K(19008K) NonClass: 17082K(17152K)->17082K(17152K) Class: 1829K(1856K)->1829K(1856K)
[627.905s][info][gc             ] GC(1713) Pause Young (Allocation Failure) 759M->653M(869M) 52.570ms
[627.905s][info][gc,cpu         ] GC(1713) User=0.10s Sys=0.00s Real=0.06s
[628.091s][info][gc,start       ] GC(1714) Pause Young (Allocation Failure)
[628.199s][info][gc,heap        ] GC(1714) PSYoungGen: 188224K(222720K)->33184K(222720K) Eden: 111616K(111616K)->0K(111616K) From: 76608K(111104K)->33184K(111104K)
[628.199s][info][gc,heap        ] GC(1714) ParOldGen: 592798K(667648K)->667163K(667648K)
[628.199s][info][gc,metaspace   ] GC(1714) Metaspace: 18912K(19008K)->18912K(19008K) NonClass: 17082K(17152K)->17082K(17152K) Class: 1829K(1856K)->1829K(1856K)
[628.199s][info][gc             ] GC(1714) Pause Young (Allocation Failure) 762M->683M(869M) 108.387ms
[628.199s][info][gc,cpu         ] GC(1714) User=0.20s Sys=0.02s Real=0.11s
[628.327s][info][gc,start       ] GC(1715) Pause Full (Allocation Failure)
[628.328s][info][gc,phases,start] GC(1715) Marking Phase
[628.835s][info][gc,phases      ] GC(1715) Marking Phase 507.865ms
[628.835s][info][gc,phases,start] GC(1715) Summary Phase
[628.835s][info][gc,phases      ] GC(1715) Summary Phase 0.030ms
[628.835s][info][gc,phases,start] GC(1715) Forward
[628.934s][info][gc,phases      ] GC(1715) Forward 98.632ms
[628.934s][info][gc,phases,start] GC(1715) Adjust Pointers
[629.329s][info][gc,phases      ] GC(1715) Adjust Pointers 394.603ms
[629.329s][info][gc,phases,start] GC(1715) Compaction Phase
[629.521s][info][gc,phases      ] GC(1715) Compaction Phase 192.387ms
[629.532s][info][gc,phases,start] GC(1715) Post Compact
[629.534s][info][gc,phases      ] GC(1715) Post Compact 2.387ms
[629.535s][info][gc,heap        ] GC(1715) PSYoungGen: 144800K(222720K)->26975K(222720K) Eden: 111616K(111616K)->0K(111616K) From: 33184K(111104K)->26975K(111104K)
[629.535s][info][gc,heap        ] GC(1715) ParOldGen: 667163K(667648K)->667180K(667648K)
[629.535s][info][gc,metaspace   ] GC(1715) Metaspace: 18912K(19008K)->18912K(19008K) NonClass: 17082K(17152K)->17082K(17152K) Class: 1829K(1856K)->1829K(1856K)
[629.535s][info][gc             ] GC(1715) Pause Full (Allocation Failure) 792M->677M(869M) 1207.169ms
[629.535s][info][gc,cpu         ] GC(1715) User=2.36s Sys=0.00s Real=1.20s
[629.661s][info][gc,start       ] GC(1716) Pause Full (Allocation Failure)
[629.661s][info][gc,phases,start] GC(1716) Marking Phase
[630.187s][info][gc,phases      ] GC(1716) Marking Phase 526.020ms
[630.187s][info][gc,phases,start] GC(1716) Summary Phase
[630.187s][info][gc,phases      ] GC(1716) Summary Phase 0.032ms
[630.187s][info][gc,phases,start] GC(1716) Forward
[630.322s][info][gc,phases      ] GC(1716) Forward 135.290ms
[630.322s][info][gc,phases,start] GC(1716) Adjust Pointers
[630.729s][info][gc,phases      ] GC(1716) Adjust Pointers 406.786ms
[630.729s][info][gc,phases,start] GC(1716) Compaction Phase
[630.988s][info][gc,phases      ] GC(1716) Compaction Phase 258.968ms
[631.000s][info][gc,phases,start] GC(1716) Post Compact
[631.002s][info][gc,phases      ] GC(1716) Post Compact 2.340ms
[631.002s][info][gc,heap        ] GC(1716) PSYoungGen: 138591K(222720K)->9055K(222720K) Eden: 111616K(111616K)->0K(111616K) From: 26975K(111104K)->9055K(111104K)
[631.002s][info][gc,heap        ] GC(1716) ParOldGen: 667180K(667648K)->667348K(667648K)
[631.002s][info][gc,metaspace   ] GC(1716) Metaspace: 18912K(19008K)->18912K(19008K) NonClass: 17082K(17152K)->17082K(17152K) Class: 1829K(1856K)->1829K(1856K)
[631.002s][info][gc             ] GC(1716) Pause Full (Allocation Failure) 786M->660M(869M) 1341.380ms
[631.002s][info][gc,cpu         ] GC(1716) User=2.63s Sys=0.00s Real=1.34s
[631.100s][info][gc,start       ] GC(1717) Pause Full (Allocation Failure)
[631.100s][info][gc,phases,start] GC(1717) Marking Phase
[631.644s][info][gc,phases      ] GC(1717) Marking Phase 543.922ms
[631.644s][info][gc,phases,start] GC(1717) Summary Phase
[631.644s][info][gc,phases      ] GC(1717) Summary Phase 0.025ms
[631.644s][info][gc,phases,start] GC(1717) Forward
[631.650s][info][gc,phases      ] GC(1717) Forward 6.166ms
[631.650s][info][gc,phases,start] GC(1717) Adjust Pointers
[632.027s][info][gc,phases      ] GC(1717) Adjust Pointers 377.260ms
[632.027s][info][gc,phases,start] GC(1717) Compaction Phase
[632.174s][info][gc,phases      ] GC(1717) Compaction Phase 146.575ms
[632.174s][info][gc,phases,start] GC(1717) Post Compact
[632.176s][info][gc,phases      ] GC(1717) Post Compact 2.268ms
[632.176s][info][gc,heap        ] GC(1717) PSYoungGen: 120671K(222720K)->9055K(222720K) Eden: 111616K(111616K)->0K(111616K) From: 9055K(111104K)->9055K(111104K)
[632.176s][info][gc,heap        ] GC(1717) ParOldGen: 667348K(667648K)->667398K(667648K)
[632.176s][info][gc,metaspace   ] GC(1717) Metaspace: 18912K(19008K)->18912K(19008K) NonClass: 17082K(17152K)->17082K(17152K) Class: 1829K(1856K)->1829K(1856K)
[632.176s][info][gc             ] GC(1717) Pause Full (Allocation Failure) 769M->660M(869M) 1076.696ms
[632.176s][info][gc,cpu         ] GC(1717) User=2.11s Sys=0.01s Real=1.08s
[632.307s][info][gc,start       ] GC(1718) Pause Full (Allocation Failure)
[632.307s][info][gc,phases,start] GC(1718) Marking Phase
[632.707s][info][gc,phases      ] GC(1718) Marking Phase 400.728ms
[632.707s][info][gc,phases,start] GC(1718) Summary Phase
[632.708s][info][gc,phases      ] GC(1718) Summary Phase 0.026ms
[632.708s][info][gc,phases,start] GC(1718) Forward
[632.826s][info][gc,phases      ] GC(1718) Forward 117.971ms
[632.826s][info][gc,phases,start] GC(1718) Adjust Pointers
[633.132s][info][gc,phases      ] GC(1718) Adjust Pointers 306.577ms
[633.132s][info][gc,phases,start] GC(1718) Compaction Phase
[633.297s][info][gc,phases      ] GC(1718) Compaction Phase 165.038ms
[633.308s][info][gc,phases,start] GC(1718) Post Compact
[633.311s][info][gc,phases      ] GC(1718) Post Compact 2.347ms
[633.311s][info][gc,heap        ] GC(1718) PSYoungGen: 120671K(222720K)->0K(222720K) Eden: 111616K(111616K)->0K(111616K) From: 9055K(111104K)->0K(111104K)
[633.311s][info][gc,heap        ] GC(1718) ParOldGen: 667398K(667648K)->544993K(667648K)
[633.311s][info][gc,metaspace   ] GC(1718) Metaspace: 18912K(19008K)->18912K(19008K) NonClass: 17082K(17152K)->17082K(17152K) Class: 1829K(1856K)->1829K(1856K)
[633.311s][info][gc             ] GC(1718) Pause Full (Allocation Failure) 769M->532M(869M) 1004.016ms
[633.311s][info][gc,cpu         ] GC(1718) User=1.92s Sys=0.00s Real=1.00s
[633.432s][info][gc,start       ] GC(1719) Pause Young (Allocation Failure)
[633.449s][info][gc,heap        ] GC(1719) PSYoungGen: 111616K(222720K)->4192K(222720K) Eden: 111616K(111616K)->0K(111616K) From: 0K(111104K)->4192K(111104K)
[633.449s][info][gc,heap        ] GC(1719) ParOldGen: 544993K(667648K)->544993K(667648K)
[633.449s][info][gc,metaspace   ] GC(1719) Metaspace: 18912K(19008K)->18912K(19008K) NonClass: 17082K(17152K)->17082K(17152K) Class: 1829K(1856K)->1829K(1856K)
[633.449s][info][gc             ] GC(1719) Pause Young (Allocation Failure) 641M->536M(869M) 16.594ms
[633.449s][info][gc,cpu         ] GC(1719) User=0.03s Sys=0.00s Real=0.02s
[633.590s][info][gc,start       ] GC(1720) Pause Young (Allocation Failure)
[633.603s][info][gc,heap        ] GC(1720) PSYoungGen: 115808K(222720K)->5760K(117760K) Eden: 111616K(111616K)->0K(111616K) From: 4192K(111104K)->5760K(6144K)
[633.603s][info][gc,heap        ] GC(1720) ParOldGen: 544993K(667648K)->549193K(667648K)
[633.603s][info][gc,metaspace   ] GC(1720) Metaspace: 18912K(19008K)->18912K(19008K) NonClass: 17082K(17152K)->17082K(17152K) Class: 1829K(1856K)->1829K(1856K)
[633.603s][info][gc             ] GC(1720) Pause Young (Allocation Failure) 645M->541M(767M) 12.970ms
[633.603s][info][gc,cpu         ] GC(1720) User=0.02s Sys=0.00s Real=0.01s
[633.781s][info][gc,start       ] GC(1721) Pause Young (Allocation Failure)
[633.803s][info][gc,heap        ] GC(1721) PSYoungGen: 117376K(117760K)->20476K(216064K) Eden: 111616K(111616K)->0K(116224K) From: 5760K(6144K)->20476K(99840K)
[633.803s][info][gc,heap        ] GC(1721) ParOldGen: 549193K(667648K)->549193K(667648K)
[633.803s][info][gc,metaspace   ] GC(1721) Metaspace: 18924K(19008K)->18924K(19008K) NonClass: 17094K(17152K)->17094K(17152K) Class: 1829K(1856K)->1829K(1856K)
[633.803s][info][gc             ] GC(1721) Pause Young (Allocation Failure) 650M->556M(863M) 22.650ms
[633.803s][info][gc,cpu         ] GC(1721) User=0.05s Sys=0.00s Real=0.02s
[633.907s][info][gc,start       ] GC(1722) Pause Young (Allocation Failure)
[633.953s][info][gc,heap        ] GC(1722) PSYoungGen: 136700K(216064K)->42012K(218624K) Eden: 116224K(116224K)->0K(116224K) From: 20476K(99840K)->42012K(102400K)
[633.953s][info][gc,heap        ] GC(1722) ParOldGen: 549193K(667648K)->549193K(667648K)
[633.953s][info][gc,metaspace   ] GC(1722) Metaspace: 18925K(19008K)->18925K(19008K) NonClass: 17095K(17152K)->17095K(17152K) Class: 1829K(1856K)->1829K(1856K)
[633.953s][info][gc             ] GC(1722) Pause Young (Allocation Failure) 669M->577M(865M) 45.485ms
[633.953s][info][gc,cpu         ] GC(1722) User=0.09s Sys=0.00s Real=0.04s
[634.113s][info][gc,start       ] GC(1723) Pause Young (Allocation Failure)
[634.151s][info][gc,heap        ] GC(1723) PSYoungGen: 158236K(218624K)->36508K(214016K) Eden: 116224K(116224K)->0K(121856K) From: 42012K(102400K)->36508K(92160K)
[634.151s][info][gc,heap        ] GC(1723) ParOldGen: 549193K(667648K)->549193K(667648K)
[634.151s][info][gc,metaspace   ] GC(1723) Metaspace: 18927K(19008K)->18927K(19008K) NonClass: 17097K(17152K)->17097K(17152K) Class: 1829K(1856K)->1829K(1856K)
[634.151s][info][gc             ] GC(1723) Pause Young (Allocation Failure) 690M->571M(861M) 37.907ms
[634.151s][info][gc,cpu         ] GC(1723) User=0.07s Sys=0.00s Real=0.04s
[634.309s][info][gc,start       ] GC(1724) Pause Young (Allocation Failure)
[634.365s][info][gc,heap        ] GC(1724) PSYoungGen: 158364K(214016K)->59467K(218112K) Eden: 121856K(121856K)->0K(121856K) From: 36508K(92160K)->59467K(96256K)
[634.365s][info][gc,heap        ] GC(1724) ParOldGen: 549193K(667648K)->549193K(667648K)
[634.365s][info][gc,metaspace   ] GC(1724) Metaspace: 18927K(19008K)->18927K(19008K) NonClass: 17097K(17152K)->17097K(17152K) Class: 1829K(1856K)->1829K(1856K)
[634.365s][info][gc             ] GC(1724) Pause Young (Allocation Failure) 690M->594M(865M) 56.218ms
[634.365s][info][gc,cpu         ] GC(1724) User=0.11s Sys=0.00s Real=0.06s
[634.496s][info][gc,start       ] GC(1725) Pause Young (Allocation Failure)
[634.565s][info][gc,heap        ] GC(1725) PSYoungGen: 181323K(218112K)->69084K(218624K) Eden: 121856K(121856K)->0K(117760K) From: 59467K(96256K)->69084K(100864K)
[634.565s][info][gc,heap        ] GC(1725) ParOldGen: 549193K(667648K)->549193K(667648K)
[634.565s][info][gc,metaspace   ] GC(1725) Metaspace: 18927K(19008K)->18927K(19008K) NonClass: 17097K(17152K)->17097K(17152K) Class: 1829K(1856K)->1829K(1856K)
[634.565s][info][gc             ] GC(1725) Pause Young (Allocation Failure) 713M->603M(865M) 68.699ms
[634.565s][info][gc,cpu         ] GC(1725) User=0.13s Sys=0.00s Real=0.07s
[634.687s][info][gc,start       ] GC(1726) Pause Young (Allocation Failure)
[634.759s][info][gc,heap        ] GC(1726) PSYoungGen: 186844K(218624K)->72476K(190464K) Eden: 117760K(117760K)->0K(117760K) From: 69084K(100864K)->72476K(72704K)
[634.759s][info][gc,heap        ] GC(1726) ParOldGen: 549193K(667648K)->549193K(667648K)
[634.759s][info][gc,metaspace   ] GC(1726) Metaspace: 18927K(19008K)->18927K(19008K) NonClass: 17097K(17152K)->17097K(17152K) Class: 1829K(1856K)->1829K(1856K)
[634.759s][info][gc             ] GC(1726) Pause Young (Allocation Failure) 718M->607M(838M) 72.300ms
[634.759s][info][gc,cpu         ] GC(1726) User=0.14s Sys=0.00s Real=0.07s
[635.068s][info][gc,start       ] GC(1727) Pause Young (Allocation Failure)
[635.141s][info][gc,heap        ] GC(1727) PSYoungGen: 190236K(190464K)->52832K(222720K) Eden: 117760K(117760K)->0K(111616K) From: 72476K(72704K)->52832K(111104K)
[635.141s][info][gc,heap        ] GC(1727) ParOldGen: 549193K(667648K)->569726K(667648K)
[635.141s][info][gc,metaspace   ] GC(1727) Metaspace: 18927K(19008K)->18927K(19008K) NonClass: 17098K(17152K)->17098K(17152K) Class: 1829K(1856K)->1829K(1856K)
[635.141s][info][gc             ] GC(1727) Pause Young (Allocation Failure) 722M->607M(869M) 72.811ms
[635.141s][info][gc,cpu         ] GC(1727) User=0.15s Sys=0.00s Real=0.07s
[635.324s][info][gc,start       ] GC(1728) Pause Young (Allocation Failure)
[635.384s][info][gc,heap        ] GC(1728) PSYoungGen: 164448K(222720K)->48400K(160256K) Eden: 111616K(111616K)->0K(111616K) From: 52832K(111104K)->48400K(48640K)
[635.384s][info][gc,heap        ] GC(1728) ParOldGen: 569726K(667648K)->583006K(667648K)
[635.384s][info][gc,metaspace   ] GC(1728) Metaspace: 18928K(19008K)->18928K(19008K) NonClass: 17098K(17152K)->17098K(17152K) Class: 1829K(1856K)->1829K(1856K)
[635.384s][info][gc             ] GC(1728) Pause Young (Allocation Failure) 716M->616M(808M) 59.802ms
[635.384s][info][gc,cpu         ] GC(1728) User=0.12s Sys=0.00s Real=0.06s
[635.515s][info][gc,start       ] GC(1729) Pause Young (Allocation Failure)
[635.568s][info][gc,heap        ] GC(1729) PSYoungGen: 160016K(160256K)->56400K(220160K) Eden: 111616K(111616K)->0K(112640K) From: 48400K(48640K)->56400K(107520K)
[635.568s][info][gc,heap        ] GC(1729) ParOldGen: 583006K(667648K)->583006K(667648K)
[635.568s][info][gc,metaspace   ] GC(1729) Metaspace: 18928K(19008K)->18928K(19008K) NonClass: 17098K(17152K)->17098K(17152K) Class: 1829K(1856K)->1829K(1856K)
[635.568s][info][gc             ] GC(1729) Pause Young (Allocation Failure) 725M->624M(867M) 53.411ms
[635.568s][info][gc,cpu         ] GC(1729) User=0.11s Sys=0.00s Real=0.05s
[635.681s][info][gc,start       ] GC(1730) Pause Young (Allocation Failure)
[635.717s][info][gc,heap        ] GC(1730) PSYoungGen: 169040K(220160K)->42736K(219136K) Eden: 112640K(112640K)->0K(112640K) From: 56400K(107520K)->42736K(106496K)
[635.717s][info][gc,heap        ] GC(1730) ParOldGen: 583006K(667648K)->583006K(667648K)
[635.717s][info][gc,metaspace   ] GC(1730) Metaspace: 18928K(19008K)->18928K(19008K) NonClass: 17098K(17152K)->17098K(17152K) Class: 1829K(1856K)->1829K(1856K)
[635.717s][info][gc             ] GC(1730) Pause Young (Allocation Failure) 734M->611M(866M) 35.379ms
[635.717s][info][gc,cpu         ] GC(1730) User=0.07s Sys=0.00s Real=0.04s
[635.780s][info][gc,start       ] GC(1731) Pause Young (Allocation Failure)
[635.842s][info][gc,heap        ] GC(1731) PSYoungGen: 155376K(219136K)->84560K(209920K) Eden: 112640K(112640K)->0K(109568K) From: 42736K(106496K)->84560K(100352K)
[635.842s][info][gc,heap        ] GC(1731) ParOldGen: 583006K(667648K)->583006K(667648K)
[635.842s][info][gc,metaspace   ] GC(1731) Metaspace: 18928K(19008K)->18928K(19008K) NonClass: 17098K(17152K)->17098K(17152K) Class: 1829K(1856K)->1829K(1856K)
[635.842s][info][gc             ] GC(1731) Pause Young (Allocation Failure) 721M->651M(857M) 62.416ms
[635.842s][info][gc,cpu         ] GC(1731) User=0.13s Sys=0.00s Real=0.06s
[636.065s][info][gc,start       ] GC(1732) Pause Young (Allocation Failure)
[636.132s][info][gc,heap        ] GC(1732) PSYoungGen: 194128K(209920K)->94576K(219648K) Eden: 109568K(109568K)->0K(109568K) From: 84560K(100352K)->94576K(110080K)
[636.132s][info][gc,heap        ] GC(1732) ParOldGen: 583006K(667648K)->583006K(667648K)
[636.132s][info][gc,metaspace   ] GC(1732) Metaspace: 18928K(19008K)->18928K(19008K) NonClass: 17098K(17152K)->17098K(17152K) Class: 1829K(1856K)->1829K(1856K)
[636.132s][info][gc             ] GC(1732) Pause Young (Allocation Failure) 758M->661M(866M) 66.654ms
[636.132s][info][gc,cpu         ] GC(1732) User=0.13s Sys=0.00s Real=0.06s
[636.297s][info][gc,start       ] GC(1733) Pause Young (Allocation Failure)
[636.371s][info][gc,heap        ] GC(1733) PSYoungGen: 204144K(219648K)->90976K(222720K) Eden: 109568K(109568K)->0K(111616K) From: 94576K(110080K)->90976K(111104K)
[636.371s][info][gc,heap        ] GC(1733) ParOldGen: 583006K(667648K)->583094K(667648K)
[636.371s][info][gc,metaspace   ] GC(1733) Metaspace: 18928K(19008K)->18928K(19008K) NonClass: 17098K(17152K)->17098K(17152K) Class: 1829K(1856K)->1829K(1856K)
[636.371s][info][gc             ] GC(1733) Pause Young (Allocation Failure) 768M->658M(869M) 73.478ms
[636.371s][info][gc,cpu         ] GC(1733) User=0.14s Sys=0.00s Real=0.07s
[636.508s][info][gc,start       ] GC(1734) Pause Young (Allocation Failure)
[636.617s][info][gc,heap        ] GC(1734) PSYoungGen: 202592K(222720K)->111072K(222720K) Eden: 111616K(111616K)->0K(111616K) From: 90976K(111104K)->111072K(111104K)
[636.617s][info][gc,heap        ] GC(1734) ParOldGen: 583094K(667648K)->589502K(667648K)
[636.617s][info][gc,metaspace   ] GC(1734) Metaspace: 18928K(19008K)->18928K(19008K) NonClass: 17098K(17152K)->17098K(17152K) Class: 1829K(1856K)->1829K(1856K)
[636.617s][info][gc             ] GC(1734) Pause Young (Allocation Failure) 767M->684M(869M) 109.282ms
[636.617s][info][gc,cpu         ] GC(1734) User=0.22s Sys=0.00s Real=0.11s
[636.752s][info][gc,start       ] GC(1735) Pause Young (Allocation Failure)
[636.890s][info][gc,heap        ] GC(1735) PSYoungGen: 222688K(222720K)->111072K(222720K) Eden: 111616K(111616K)->0K(111616K) From: 111072K(111104K)->111072K(111104K)
[636.890s][info][gc,heap        ] GC(1735) ParOldGen: 589502K(667648K)->608875K(667648K)
[636.890s][info][gc,metaspace   ] GC(1735) Metaspace: 18928K(19008K)->18928K(19008K) NonClass: 17098K(17152K)->17098K(17152K) Class: 1829K(1856K)->1829K(1856K)
[636.890s][info][gc             ] GC(1735) Pause Young (Allocation Failure) 793M->703M(869M) 138.157ms
[636.890s][info][gc,cpu         ] GC(1735) User=0.25s Sys=0.02s Real=0.14s
[636.985s][info][gc,start       ] GC(1736) Pause Young (Allocation Failure)
[637.099s][info][gc,promotion   ] GC(1736) Promotion failed
[637.099s][info][gc,heap        ] GC(1736) PSYoungGen: 222688K(222720K)->222688K(222720K) Eden: 111616K(111616K)->111616K(111616K) From: 111072K(111104K)->111072K(111104K)
[637.099s][info][gc,heap        ] GC(1736) ParOldGen: 608875K(667648K)->667643K(667648K)
[637.099s][info][gc,metaspace   ] GC(1736) Metaspace: 18928K(19008K)->18928K(19008K) NonClass: 17098K(17152K)->17098K(17152K) Class: 1829K(1856K)->1829K(1856K)
[637.099s][info][gc             ] GC(1736) Pause Young (Allocation Failure) 812M->869M(869M) 114.149ms
[637.099s][info][gc,cpu         ] GC(1736) User=0.22s Sys=0.00s Real=0.12s
[637.099s][info][gc,start       ] GC(1737) Pause Full (Allocation Failure)
[637.099s][info][gc,phases,start] GC(1737) Marking Phase
[637.503s][info][gc,phases      ] GC(1737) Marking Phase 404.167ms
[637.503s][info][gc,phases,start] GC(1737) Summary Phase
[637.503s][info][gc,phases      ] GC(1737) Summary Phase 0.030ms
[637.503s][info][gc,phases,start] GC(1737) Forward
[637.633s][info][gc,phases      ] GC(1737) Forward 129.876ms
[637.633s][info][gc,phases,start] GC(1737) Adjust Pointers
[637.932s][info][gc,phases      ] GC(1737) Adjust Pointers 298.716ms
[637.932s][info][gc,phases,start] GC(1737) Compaction Phase
[638.078s][info][gc,phases      ] GC(1737) Compaction Phase 145.799ms
[638.087s][info][gc,phases,start] GC(1737) Post Compact
[638.090s][info][gc,phases      ] GC(1737) Post Compact 2.759ms
[638.090s][info][gc,heap        ] GC(1737) PSYoungGen: 222688K(222720K)->0K(222720K) Eden: 111616K(111616K)->0K(111616K) From: 111072K(111104K)->0K(111104K)
[638.090s][info][gc,heap        ] GC(1737) ParOldGen: 667643K(667648K)->544837K(667648K)
[638.090s][info][gc,metaspace   ] GC(1737) Metaspace: 18928K(19008K)->18928K(19008K) NonClass: 17098K(17152K)->17098K(17152K) Class: 1829K(1856K)->1829K(1856K)
[638.090s][info][gc             ] GC(1737) Pause Full (Allocation Failure) 869M->532M(869M) 991.029ms
[638.090s][info][gc,cpu         ] GC(1737) User=1.84s Sys=0.00s Real=0.99s
[638.205s][info][gc,start       ] GC(1738) Pause Young (Allocation Failure)
[638.213s][info][gc,heap        ] GC(1738) PSYoungGen: 111616K(222720K)->640K(222720K) Eden: 111616K(111616K)->0K(111616K) From: 0K(111104K)->640K(111104K)
[638.213s][info][gc,heap        ] GC(1738) ParOldGen: 544837K(667648K)->544837K(667648K)
[638.213s][info][gc,metaspace   ] GC(1738) Metaspace: 18928K(19008K)->18928K(19008K) NonClass: 17098K(17152K)->17098K(17152K) Class: 1829K(1856K)->1829K(1856K)
[638.213s][info][gc             ] GC(1738) Pause Young (Allocation Failure) 641M->532M(869M) 7.755ms
[638.213s][info][gc,cpu         ] GC(1738) User=0.02s Sys=0.00s Real=0.00s
[638.343s][info][gc,start       ] GC(1739) Pause Young (Allocation Failure)
[638.356s][info][gc,heap        ] GC(1739) PSYoungGen: 112256K(222720K)->5120K(222720K) Eden: 111616K(111616K)->0K(111616K) From: 640K(111104K)->5120K(111104K)
[638.356s][info][gc,heap        ] GC(1739) ParOldGen: 544837K(667648K)->544837K(667648K)
[638.356s][info][gc,metaspace   ] GC(1739) Metaspace: 18928K(19008K)->18928K(19008K) NonClass: 17098K(17152K)->17098K(17152K) Class: 1829K(1856K)->1829K(1856K)
[638.356s][info][gc             ] GC(1739) Pause Young (Allocation Failure) 641M->537M(869M) 13.057ms
[638.356s][info][gc,cpu         ] GC(1739) User=0.02s Sys=0.00s Real=0.02s
[638.492s][info][gc,start       ] GC(1740) Pause Young (Allocation Failure)
[638.500s][info][gc,heap        ] GC(1740) PSYoungGen: 116736K(222720K)->5088K(222720K) Eden: 111616K(111616K)->0K(111616K) From: 5120K(111104K)->5088K(111104K)
[638.500s][info][gc,heap        ] GC(1740) ParOldGen: 544837K(667648K)->544837K(667648K)
[638.500s][info][gc,metaspace   ] GC(1740) Metaspace: 18928K(19008K)->18928K(19008K) NonClass: 17098K(17152K)->17098K(17152K) Class: 1829K(1856K)->1829K(1856K)
[638.500s][info][gc             ] GC(1740) Pause Young (Allocation Failure) 646M->537M(869M) 8.085ms
[638.500s][info][gc,cpu         ] GC(1740) User=0.02s Sys=0.00s Real=0.01s
[638.699s][info][gc,start       ] GC(1741) Pause Young (Allocation Failure)
[638.719s][info][gc,heap        ] GC(1741) PSYoungGen: 116704K(222720K)->11312K(222720K) Eden: 111616K(111616K)->0K(111616K) From: 5088K(111104K)->11312K(111104K)
[638.719s][info][gc,heap        ] GC(1741) ParOldGen: 544837K(667648K)->549925K(667648K)
[638.719s][info][gc,metaspace   ] GC(1741) Metaspace: 18928K(19008K)->18928K(19008K) NonClass: 17098K(17152K)->17098K(17152K) Class: 1829K(1856K)->1829K(1856K)
[638.719s][info][gc             ] GC(1741) Pause Young (Allocation Failure) 646M->548M(869M) 20.079ms
[638.719s][info][gc,cpu         ] GC(1741) User=0.04s Sys=0.00s Real=0.02s
[638.877s][info][gc,start       ] GC(1742) Pause Young (Allocation Failure)
[638.918s][info][gc,heap        ] GC(1742) PSYoungGen: 122928K(222720K)->17568K(222720K) Eden: 111616K(111616K)->0K(111616K) From: 11312K(111104K)->17568K(111104K)
[638.918s][info][gc,heap        ] GC(1742) ParOldGen: 549925K(667648K)->561261K(667648K)
[638.918s][info][gc,metaspace   ] GC(1742) Metaspace: 18928K(19008K)->18928K(19008K) NonClass: 17098K(17152K)->17098K(17152K) Class: 1829K(1856K)->1829K(1856K)
[638.918s][info][gc             ] GC(1742) Pause Young (Allocation Failure) 657M->565M(869M) 40.562ms
[638.918s][info][gc,cpu         ] GC(1742) User=0.08s Sys=0.00s Real=0.04s
[639.237s][info][gc,start       ] GC(1743) Pause Young (Allocation Failure)
[639.261s][info][gc,heap        ] GC(1743) PSYoungGen: 129184K(222720K)->416K(222720K) Eden: 111616K(111616K)->0K(111616K) From: 17568K(111104K)->416K(111104K)
[639.261s][info][gc,heap        ] GC(1743) ParOldGen: 561261K(667648K)->578829K(667648K)
[639.261s][info][gc,metaspace   ] GC(1743) Metaspace: 18928K(19008K)->18928K(19008K) NonClass: 17098K(17152K)->17098K(17152K) Class: 1829K(1856K)->1829K(1856K)
[639.261s][info][gc             ] GC(1743) Pause Young (Allocation Failure) 674M->565M(869M) 24.793ms
[639.261s][info][gc,cpu         ] GC(1743) User=0.04s Sys=0.00s Real=0.02s
[639.394s][info][gc,start       ] GC(1744) Pause Young (Allocation Failure)
[639.420s][info][gc,heap        ] GC(1744) PSYoungGen: 112032K(222720K)->33312K(222720K) Eden: 111616K(111616K)->0K(111616K) From: 416K(111104K)->33312K(111104K)
[639.420s][info][gc,heap        ] GC(1744) ParOldGen: 578829K(667648K)->579197K(667648K)
[639.420s][info][gc,metaspace   ] GC(1744) Metaspace: 18928K(19008K)->18928K(19008K) NonClass: 17098K(17152K)->17098K(17152K) Class: 1829K(1856K)->1829K(1856K)
[639.420s][info][gc             ] GC(1744) Pause Young (Allocation Failure) 674M->598M(869M) 26.301ms
[639.420s][info][gc,cpu         ] GC(1744) User=0.06s Sys=0.00s Real=0.03s
[639.548s][info][gc,start       ] GC(1745) Pause Young (Allocation Failure)
[639.580s][info][gc,heap        ] GC(1745) PSYoungGen: 144928K(222720K)->10464K(222720K) Eden: 111616K(111616K)->0K(111616K) From: 33312K(111104K)->10464K(111104K)
[639.580s][info][gc,heap        ] GC(1745) ParOldGen: 579197K(667648K)->612635K(667648K)
[639.580s][info][gc,metaspace   ] GC(1745) Metaspace: 18928K(19008K)->18928K(19008K) NonClass: 17098K(17152K)->17098K(17152K) Class: 1829K(1856K)->1829K(1856K)
[639.580s][info][gc             ] GC(1745) Pause Young (Allocation Failure) 707M->608M(869M) 31.676ms
[639.580s][info][gc,cpu         ] GC(1745) User=0.06s Sys=0.00s Real=0.03s
[639.777s][info][gc,start       ] GC(1746) Pause Young (Allocation Failure)
[639.808s][info][gc,heap        ] GC(1746) PSYoungGen: 122080K(222720K)->11136K(222720K) Eden: 111616K(111616K)->0K(111616K) From: 10464K(111104K)->11136K(111104K)
[639.808s][info][gc,heap        ] GC(1746) ParOldGen: 612635K(667648K)->623163K(667648K)
[639.808s][info][gc,metaspace   ] GC(1746) Metaspace: 18928K(19008K)->18928K(19008K) NonClass: 17098K(17152K)->17098K(17152K) Class: 1829K(1856K)->1829K(1856K)
[639.808s][info][gc             ] GC(1746) Pause Young (Allocation Failure) 717M->619M(869M) 30.462ms
[639.808s][info][gc,cpu         ] GC(1746) User=0.06s Sys=0.00s Real=0.03s
[639.995s][info][gc,start       ] GC(1747) Pause Young (Allocation Failure)
[640.014s][info][gc,heap        ] GC(1747) PSYoungGen: 122752K(222720K)->64K(222720K) Eden: 111616K(111616K)->0K(111616K) From: 11136K(111104K)->64K(111104K)
[640.014s][info][gc,heap        ] GC(1747) ParOldGen: 623163K(667648K)->634299K(667648K)
[640.014s][info][gc,metaspace   ] GC(1747) Metaspace: 18928K(19008K)->18928K(19008K) NonClass: 17098K(17152K)->17098K(17152K) Class: 1829K(1856K)->1829K(1856K)
[640.014s][info][gc             ] GC(1747) Pause Young (Allocation Failure) 728M->619M(869M) 19.181ms
[640.014s][info][gc,cpu         ] GC(1747) User=0.04s Sys=0.00s Real=0.01s
[640.148s][info][gc,start       ] GC(1748) Pause Full (Allocation Failure)
[640.148s][info][gc,phases,start] GC(1748) Marking Phase
[640.503s][info][gc,phases      ] GC(1748) Marking Phase 354.950ms
[640.503s][info][gc,phases,start] GC(1748) Summary Phase
[640.503s][info][gc,phases      ] GC(1748) Summary Phase 0.030ms
[640.503s][info][gc,phases,start] GC(1748) Forward
[640.620s][info][gc,phases      ] GC(1748) Forward 117.282ms
[640.621s][info][gc,phases,start] GC(1748) Adjust Pointers
[640.892s][info][gc,phases      ] GC(1748) Adjust Pointers 271.115ms
[640.892s][info][gc,phases,start] GC(1748) Compaction Phase
[641.035s][info][gc,phases      ] GC(1748) Compaction Phase 143.230ms
[641.044s][info][gc,phases,start] GC(1748) Post Compact
[641.046s][info][gc,phases      ] GC(1748) Post Compact 2.218ms
[641.046s][info][gc,heap        ] GC(1748) PSYoungGen: 111680K(222720K)->0K(222720K) Eden: 111616K(111616K)->0K(111616K) From: 64K(111104K)->0K(111104K)
[641.046s][info][gc,heap        ] GC(1748) ParOldGen: 634299K(667648K)->478937K(667648K)
[641.046s][info][gc,metaspace   ] GC(1748) Metaspace: 18928K(19008K)->18928K(19008K) NonClass: 17098K(17152K)->17098K(17152K) Class: 1829K(1856K)->1829K(1856K)
[641.046s][info][gc             ] GC(1748) Pause Full (Allocation Failure) 728M->467M(869M) 898.240ms
[641.046s][info][gc,cpu         ] GC(1748) User=1.69s Sys=0.00s Real=0.90s
[641.143s][info][gc,start       ] GC(1749) Pause Young (Allocation Failure)
[641.150s][info][gc,heap        ] GC(1749) PSYoungGen: 111616K(222720K)->3392K(222720K) Eden: 111616K(111616K)->0K(111616K) From: 0K(111104K)->3392K(111104K)
[641.150s][info][gc,heap        ] GC(1749) ParOldGen: 478937K(667648K)->478937K(667648K)
[641.150s][info][gc,metaspace   ] GC(1749) Metaspace: 18928K(19008K)->18928K(19008K) NonClass: 17098K(17152K)->17098K(17152K) Class: 1829K(1856K)->1829K(1856K)
[641.150s][info][gc             ] GC(1749) Pause Young (Allocation Failure) 576M->471M(869M) 7.032ms
[641.150s][info][gc,cpu         ] GC(1749) User=0.01s Sys=0.00s Real=0.01s
[641.269s][info][gc,start       ] GC(1750) Pause Young (Allocation Failure)
[641.279s][info][gc,heap        ] GC(1750) PSYoungGen: 115008K(222720K)->2176K(222720K) Eden: 111616K(111616K)->0K(111616K) From: 3392K(111104K)->2176K(111104K)
[641.279s][info][gc,heap        ] GC(1750) ParOldGen: 478937K(667648K)->482321K(667648K)
[641.279s][info][gc,metaspace   ] GC(1750) Metaspace: 18928K(19008K)->18928K(19008K) NonClass: 17098K(17152K)->17098K(17152K) Class: 1829K(1856K)->1829K(1856K)
[641.279s][info][gc             ] GC(1750) Pause Young (Allocation Failure) 580M->473M(869M) 9.972ms
[641.279s][info][gc,cpu         ] GC(1750) User=0.02s Sys=0.00s Real=0.01s
[641.423s][info][gc,start       ] GC(1751) Pause Young (Allocation Failure)
[641.443s][info][gc,heap        ] GC(1751) PSYoungGen: 113792K(222720K)->14944K(126976K) Eden: 111616K(111616K)->0K(111616K) From: 2176K(111104K)->14944K(15360K)
[641.443s][info][gc,heap        ] GC(1751) ParOldGen: 482321K(667648K)->484473K(667648K)
[641.443s][info][gc,metaspace   ] GC(1751) Metaspace: 18928K(19008K)->18928K(19008K) NonClass: 17098K(17152K)->17098K(17152K) Class: 1829K(1856K)->1829K(1856K)
[641.443s][info][gc             ] GC(1751) Pause Young (Allocation Failure) 582M->487M(776M) 19.907ms
[641.443s][info][gc,cpu         ] GC(1751) User=0.03s Sys=0.00s Real=0.02s
[641.751s][info][gc,start       ] GC(1752) Pause Young (Allocation Failure)
[641.770s][info][gc,heap        ] GC(1752) PSYoungGen: 126560K(126976K)->15616K(214016K) Eden: 111616K(111616K)->0K(115712K) From: 14944K(15360K)->15616K(98304K)
[641.770s][info][gc,heap        ] GC(1752) ParOldGen: 484473K(667648K)->484473K(667648K)
[641.770s][info][gc,metaspace   ] GC(1752) Metaspace: 18932K(19072K)->18932K(19072K) NonClass: 17103K(17216K)->17103K(17216K) Class: 1829K(1856K)->1829K(1856K)
[641.770s][info][gc             ] GC(1752) Pause Young (Allocation Failure) 596M->488M(861M) 19.345ms
[641.770s][info][gc,cpu         ] GC(1752) User=0.04s Sys=0.00s Real=0.02s
[642.070s][info][gc,start       ] GC(1753) Pause Young (Allocation Failure)
[642.089s][info][gc,heap        ] GC(1753) PSYoungGen: 131328K(214016K)->15648K(131584K) Eden: 115712K(115712K)->0K(115712K) From: 15616K(98304K)->15648K(15872K)
[642.089s][info][gc,heap        ] GC(1753) ParOldGen: 484473K(667648K)->484473K(667648K)
[642.089s][info][gc,metaspace   ] GC(1753) Metaspace: 18932K(19072K)->18932K(19072K) NonClass: 17103K(17216K)->17103K(17216K) Class: 1829K(1856K)->1829K(1856K)
[642.089s][info][gc             ] GC(1753) Pause Young (Allocation Failure) 601M->488M(780M) 18.484ms
[642.089s][info][gc,cpu         ] GC(1753) User=0.03s Sys=0.00s Real=0.02s
[642.379s][info][gc,start       ] GC(1754) Pause Young (Allocation Failure)
[642.398s][info][gc,heap        ] GC(1754) PSYoungGen: 131360K(131584K)->15616K(201216K) Eden: 115712K(115712K)->0K(119296K) From: 15648K(15872K)->15616K(81920K)
[642.398s][info][gc,heap        ] GC(1754) ParOldGen: 484473K(667648K)->484473K(667648K)
[642.398s][info][gc,metaspace   ] GC(1754) Metaspace: 18932K(19072K)->18932K(19072K) NonClass: 17103K(17216K)->17103K(17216K) Class: 1829K(1856K)->1829K(1856K)
[642.398s][info][gc             ] GC(1754) Pause Young (Allocation Failure) 601M->488M(848M) 18.984ms
[642.398s][info][gc,cpu         ] GC(1754) User=0.03s Sys=0.00s Real=0.02s
[642.671s][info][gc,start       ] GC(1755) Pause Young (Allocation Failure)
[642.697s][info][gc,heap        ] GC(1755) PSYoungGen: 134912K(201216K)->15648K(135168K) Eden: 119296K(119296K)->0K(119296K) From: 15616K(81920K)->15648K(15872K)
[642.697s][info][gc,heap        ] GC(1755) ParOldGen: 484473K(667648K)->484473K(667648K)
[642.697s][info][gc,metaspace   ] GC(1755) Metaspace: 18932K(19072K)->18932K(19072K) NonClass: 17103K(17216K)->17103K(17216K) Class: 1829K(1856K)->1829K(1856K)
[642.697s][info][gc             ] GC(1755) Pause Young (Allocation Failure) 604M->488M(784M) 25.787ms
[642.697s][info][gc,cpu         ] GC(1755) User=0.05s Sys=0.00s Real=0.03s
[642.907s][info][gc,start       ] GC(1756) Pause Young (Allocation Failure)
[642.944s][info][gc,heap        ] GC(1756) PSYoungGen: 134944K(135168K)->30704K(201216K) Eden: 119296K(119296K)->0K(123392K) From: 15648K(15872K)->30704K(77824K)
[642.944s][info][gc,heap        ] GC(1756) ParOldGen: 484473K(667648K)->484473K(667648K)
[642.944s][info][gc,metaspace   ] GC(1756) Metaspace: 18932K(19072K)->18932K(19072K) NonClass: 17103K(17216K)->17103K(17216K) Class: 1829K(1856K)->1829K(1856K)
[642.944s][info][gc             ] GC(1756) Pause Young (Allocation Failure) 604M->503M(848M) 36.787ms
[642.944s][info][gc,cpu         ] GC(1756) User=0.07s Sys=0.00s Real=0.03s
[643.007s][info][gc,start       ] GC(1757) Pause Young (Allocation Failure)
[643.063s][info][gc,heap        ] GC(1757) PSYoungGen: 154096K(201216K)->72048K(203264K) Eden: 123392K(123392K)->0K(123392K) From: 30704K(77824K)->72048K(79872K)
[643.063s][info][gc,heap        ] GC(1757) ParOldGen: 484473K(667648K)->484473K(667648K)
[643.063s][info][gc,metaspace   ] GC(1757) Metaspace: 18932K(19072K)->18932K(19072K) NonClass: 17103K(17216K)->17103K(17216K) Class: 1829K(1856K)->1829K(1856K)
[643.063s][info][gc             ] GC(1757) Pause Young (Allocation Failure) 623M->543M(850M) 56.788ms
[643.064s][info][gc,cpu         ] GC(1757) User=0.11s Sys=0.00s Real=0.05s
[643.236s][info][gc,start       ] GC(1758) Pause Young (Allocation Failure)
[643.324s][info][gc,heap        ] GC(1758) PSYoungGen: 195440K(203264K)->92649K(204288K) Eden: 123392K(123392K)->0K(111616K) From: 72048K(79872K)->92649K(92672K)
[643.325s][info][gc,heap        ] GC(1758) ParOldGen: 484473K(667648K)->490009K(667648K)
[643.325s][info][gc,metaspace   ] GC(1758) Metaspace: 18932K(19072K)->18932K(19072K) NonClass: 17103K(17216K)->17103K(17216K) Class: 1829K(1856K)->1829K(1856K)
[643.325s][info][gc             ] GC(1758) Pause Young (Allocation Failure) 663M->569M(851M) 88.877ms
[643.325s][info][gc,cpu         ] GC(1758) User=0.16s Sys=0.02s Real=0.08s
[643.368s][info][gc,start       ] GC(1759) Pause Young (Allocation Failure)
[643.456s][info][gc,heap        ] GC(1759) PSYoungGen: 204265K(204288K)->106089K(222720K) Eden: 111616K(111616K)->0K(111616K) From: 92649K(92672K)->106089K(111104K)
[643.456s][info][gc,heap        ] GC(1759) ParOldGen: 490009K(667648K)->505628K(667648K)
[643.456s][info][gc,metaspace   ] GC(1759) Metaspace: 18932K(19072K)->18932K(19072K) NonClass: 17103K(17216K)->17103K(17216K) Class: 1829K(1856K)->1829K(1856K)
[643.456s][info][gc             ] GC(1759) Pause Young (Allocation Failure) 678M->597M(869M) 88.544ms
[643.456s][info][gc,cpu         ] GC(1759) User=0.17s Sys=0.00s Real=0.09s
[643.504s][info][gc,start       ] GC(1760) Pause Young (Allocation Failure)
[643.607s][info][gc,heap        ] GC(1760) PSYoungGen: 217705K(222720K)->111081K(222720K) Eden: 111616K(111616K)->0K(111616K) From: 106089K(111104K)->111081K(111104K)
[643.607s][info][gc,heap        ] GC(1760) ParOldGen: 505628K(667648K)->533087K(667648K)
[643.607s][info][gc,metaspace   ] GC(1760) Metaspace: 18932K(19072K)->18932K(19072K) NonClass: 17103K(17216K)->17103K(17216K) Class: 1829K(1856K)->1829K(1856K)
[643.607s][info][gc             ] GC(1760) Pause Young (Allocation Failure) 706M->629M(869M) 102.793ms
[643.607s][info][gc,cpu         ] GC(1760) User=0.18s Sys=0.02s Real=0.11s
[643.776s][info][gc,start       ] GC(1761) Pause Young (Allocation Failure)
[643.902s][info][gc,heap        ] GC(1761) PSYoungGen: 222697K(222720K)->111072K(222720K) Eden: 111616K(111616K)->0K(111616K) From: 111081K(111104K)->111072K(111104K)
[643.902s][info][gc,heap        ] GC(1761) ParOldGen: 533087K(667648K)->559307K(667648K)
[643.902s][info][gc,metaspace   ] GC(1761) Metaspace: 18932K(19072K)->18932K(19072K) NonClass: 17103K(17216K)->17103K(17216K) Class: 1829K(1856K)->1829K(1856K)
[643.902s][info][gc             ] GC(1761) Pause Young (Allocation Failure) 738M->654M(869M) 126.206ms
[643.902s][info][gc,cpu         ] GC(1761) User=0.25s Sys=0.00s Real=0.12s
[644.004s][info][gc,start       ] GC(1762) Pause Young (Allocation Failure)
[644.114s][info][gc,heap        ] GC(1762) PSYoungGen: 222688K(222720K)->57760K(222720K) Eden: 111616K(111616K)->0K(111616K) From: 111072K(111104K)->57760K(111104K)
[644.114s][info][gc,heap        ] GC(1762) ParOldGen: 559307K(667648K)->615162K(667648K)
[644.114s][info][gc,metaspace   ] GC(1762) Metaspace: 18932K(19072K)->18932K(19072K) NonClass: 17103K(17216K)->17103K(17216K) Class: 1829K(1856K)->1829K(1856K)
[644.114s][info][gc             ] GC(1762) Pause Young (Allocation Failure) 763M->657M(869M) 109.821ms
[644.114s][info][gc,cpu         ] GC(1762) User=0.22s Sys=0.00s Real=0.11s
[644.269s][info][gc,start       ] GC(1763) Pause Full (Allocation Failure)
[644.269s][info][gc,phases,start] GC(1763) Marking Phase
[644.631s][info][gc,phases      ] GC(1763) Marking Phase 361.820ms
[644.631s][info][gc,phases,start] GC(1763) Summary Phase
[644.631s][info][gc,phases      ] GC(1763) Summary Phase 0.030ms
[644.631s][info][gc,phases,start] GC(1763) Forward
[644.751s][info][gc,phases      ] GC(1763) Forward 119.589ms
[644.751s][info][gc,phases,start] GC(1763) Adjust Pointers
[645.032s][info][gc,phases      ] GC(1763) Adjust Pointers 281.201ms
[645.032s][info][gc,phases,start] GC(1763) Compaction Phase
[645.200s][info][gc,phases      ] GC(1763) Compaction Phase 168.118ms
[645.214s][info][gc,phases,start] GC(1763) Post Compact
[645.216s][info][gc,phases      ] GC(1763) Post Compact 2.324ms
[645.216s][info][gc,heap        ] GC(1763) PSYoungGen: 169376K(222720K)->0K(222720K) Eden: 111616K(111616K)->0K(111616K) From: 57760K(111104K)->0K(111104K)
[645.216s][info][gc,heap        ] GC(1763) ParOldGen: 615162K(667648K)->514492K(667648K)
[645.216s][info][gc,metaspace   ] GC(1763) Metaspace: 18932K(19072K)->18932K(19072K) NonClass: 17103K(17216K)->17103K(17216K) Class: 1829K(1856K)->1829K(1856K)
[645.216s][info][gc             ] GC(1763) Pause Full (Allocation Failure) 766M->502M(869M) 946.839ms
[645.216s][info][gc,cpu         ] GC(1763) User=1.79s Sys=0.00s Real=0.95s
[645.360s][info][gc,start       ] GC(1764) Pause Young (Allocation Failure)
[645.361s][info][gc,heap        ] GC(1764) PSYoungGen: 111616K(222720K)->64K(222720K) Eden: 111616K(111616K)->0K(111616K) From: 0K(111104K)->64K(111104K)
[645.361s][info][gc,heap        ] GC(1764) ParOldGen: 514492K(667648K)->514492K(667648K)
[645.361s][info][gc,metaspace   ] GC(1764) Metaspace: 18932K(19072K)->18932K(19072K) NonClass: 17103K(17216K)->17103K(17216K) Class: 1829K(1856K)->1829K(1856K)
[645.361s][info][gc             ] GC(1764) Pause Young (Allocation Failure) 611M->502M(869M) 1.836ms
[645.361s][info][gc,cpu         ] GC(1764) User=0.00s Sys=0.00s Real=0.00s
[645.504s][info][gc,start       ] GC(1765) Pause Young (Allocation Failure)
[645.506s][info][gc,heap        ] GC(1765) PSYoungGen: 111680K(222720K)->64K(222720K) Eden: 111616K(111616K)->0K(111616K) From: 64K(111104K)->64K(111104K)
[645.506s][info][gc,heap        ] GC(1765) ParOldGen: 514492K(667648K)->514492K(667648K)
[645.506s][info][gc,metaspace   ] GC(1765) Metaspace: 18932K(19072K)->18932K(19072K) NonClass: 17103K(17216K)->17103K(17216K) Class: 1829K(1856K)->1829K(1856K)
[645.506s][info][gc             ] GC(1765) Pause Young (Allocation Failure) 611M->502M(869M) 1.823ms
[645.506s][info][gc,cpu         ] GC(1765) User=0.00s Sys=0.00s Real=0.01s
[645.646s][info][gc,start       ] GC(1766) Pause Young (Allocation Failure)
[645.648s][info][gc,heap        ] GC(1766) PSYoungGen: 111680K(222720K)->64K(222720K) Eden: 111616K(111616K)->0K(111616K) From: 64K(111104K)->64K(111104K)
[645.648s][info][gc,heap        ] GC(1766) ParOldGen: 514492K(667648K)->514500K(667648K)
[645.648s][info][gc,metaspace   ] GC(1766) Metaspace: 18932K(19072K)->18932K(19072K) NonClass: 17103K(17216K)->17103K(17216K) Class: 1829K(1856K)->1829K(1856K)
[645.648s][info][gc             ] GC(1766) Pause Young (Allocation Failure) 611M->502M(869M) 1.790ms
[645.648s][info][gc,cpu         ] GC(1766) User=0.00s Sys=0.00s Real=0.00s
[645.790s][info][gc,start       ] GC(1767) Pause Young (Allocation Failure)
[645.792s][info][gc,heap        ] GC(1767) PSYoungGen: 111680K(222720K)->64K(222720K) Eden: 111616K(111616K)->0K(111616K) From: 64K(111104K)->64K(111104K)
[645.792s][info][gc,heap        ] GC(1767) ParOldGen: 514500K(667648K)->514500K(667648K)
[645.792s][info][gc,metaspace   ] GC(1767) Metaspace: 18932K(19072K)->18932K(19072K) NonClass: 17103K(17216K)->17103K(17216K) Class: 1829K(1856K)->1829K(1856K)
[645.792s][info][gc             ] GC(1767) Pause Young (Allocation Failure) 611M->502M(869M) 1.744ms
[645.792s][info][gc,cpu         ] GC(1767) User=0.01s Sys=0.00s Real=0.00s
[645.935s][info][gc,start       ] GC(1768) Pause Young (Allocation Failure)
[645.937s][info][gc,heap        ] GC(1768) PSYoungGen: 111680K(222720K)->64K(222720K) Eden: 111616K(111616K)->0K(111616K) From: 64K(111104K)->64K(111104K)
[645.937s][info][gc,heap        ] GC(1768) ParOldGen: 514500K(667648K)->514500K(667648K)
[645.937s][info][gc,metaspace   ] GC(1768) Metaspace: 18932K(19072K)->18932K(19072K) NonClass: 17103K(17216K)->17103K(17216K) Class: 1829K(1856K)->1829K(1856K)
[645.937s][info][gc             ] GC(1768) Pause Young (Allocation Failure) 611M->502M(869M) 1.762ms
[645.937s][info][gc,cpu         ] GC(1768) User=0.00s Sys=0.00s Real=0.00s
[646.076s][info][gc,start       ] GC(1769) Pause Young (Allocation Failure)
[646.078s][info][gc,heap        ] GC(1769) PSYoungGen: 111680K(222720K)->64K(222720K) Eden: 111616K(111616K)->0K(111616K) From: 64K(111104K)->64K(111104K)
[646.078s][info][gc,heap        ] GC(1769) ParOldGen: 514500K(667648K)->514500K(667648K)
[646.078s][info][gc,metaspace   ] GC(1769) Metaspace: 18932K(19072K)->18932K(19072K) NonClass: 17103K(17216K)->17103K(17216K) Class: 1829K(1856K)->1829K(1856K)
[646.078s][info][gc             ] GC(1769) Pause Young (Allocation Failure) 611M->502M(869M) 1.762ms
[646.078s][info][gc,cpu         ] GC(1769) User=0.00s Sys=0.00s Real=0.00s
[646.217s][info][gc,start       ] GC(1770) Pause Young (Allocation Failure)
[646.220s][info][gc,heap        ] GC(1770) PSYoungGen: 111680K(222720K)->64K(222720K) Eden: 111616K(111616K)->0K(111616K) From: 64K(111104K)->64K(111104K)
[646.220s][info][gc,heap        ] GC(1770) ParOldGen: 514500K(667648K)->514500K(667648K)
[646.220s][info][gc,metaspace   ] GC(1770) Metaspace: 18932K(19072K)->18932K(19072K) NonClass: 17103K(17216K)->17103K(17216K) Class: 1829K(1856K)->1829K(1856K)
[646.220s][info][gc             ] GC(1770) Pause Young (Allocation Failure) 611M->502M(869M) 2.622ms
[646.220s][info][gc,cpu         ] GC(1770) User=0.00s Sys=0.00s Real=0.00s
[646.362s][info][gc,start       ] GC(1771) Pause Young (Allocation Failure)
[646.364s][info][gc,heap        ] GC(1771) PSYoungGen: 111680K(222720K)->64K(222720K) Eden: 111616K(111616K)->0K(111616K) From: 64K(111104K)->64K(111104K)
[646.364s][info][gc,heap        ] GC(1771) ParOldGen: 514500K(667648K)->514500K(667648K)
[646.364s][info][gc,metaspace   ] GC(1771) Metaspace: 18932K(19072K)->18932K(19072K) NonClass: 17103K(17216K)->17103K(17216K) Class: 1829K(1856K)->1829K(1856K)
[646.364s][info][gc             ] GC(1771) Pause Young (Allocation Failure) 611M->502M(869M) 1.732ms
[646.364s][info][gc,cpu         ] GC(1771) User=0.01s Sys=0.00s Real=0.00s
[646.506s][info][gc,start       ] GC(1772) Pause Young (Allocation Failure)
[646.509s][info][gc,heap        ] GC(1772) PSYoungGen: 111680K(222720K)->32K(222720K) Eden: 111616K(111616K)->0K(111616K) From: 64K(111104K)->32K(111104K)
[646.509s][info][gc,heap        ] GC(1772) ParOldGen: 514500K(667648K)->514500K(667648K)
[646.509s][info][gc,metaspace   ] GC(1772) Metaspace: 18932K(19072K)->18932K(19072K) NonClass: 17103K(17216K)->17103K(17216K) Class: 1829K(1856K)->1829K(1856K)
[646.509s][info][gc             ] GC(1772) Pause Young (Allocation Failure) 611M->502M(869M) 3.377ms
[646.509s][info][gc,cpu         ] GC(1772) User=0.00s Sys=0.00s Real=0.00s
[646.655s][info][gc,start       ] GC(1773) Pause Young (Allocation Failure)
[646.657s][info][gc,heap        ] GC(1773) PSYoungGen: 111648K(222720K)->64K(222720K) Eden: 111616K(111616K)->0K(111616K) From: 32K(111104K)->64K(111104K)
[646.657s][info][gc,heap        ] GC(1773) ParOldGen: 514500K(667648K)->514500K(667648K)
[646.657s][info][gc,metaspace   ] GC(1773) Metaspace: 18932K(19072K)->18932K(19072K) NonClass: 17103K(17216K)->17103K(17216K) Class: 1829K(1856K)->1829K(1856K)
[646.657s][info][gc             ] GC(1773) Pause Young (Allocation Failure) 611M->502M(869M) 1.812ms
[646.657s][info][gc,cpu         ] GC(1773) User=0.00s Sys=0.00s Real=0.00s
[646.799s][info][gc,start       ] GC(1774) Pause Young (Allocation Failure)
[646.801s][info][gc,heap        ] GC(1774) PSYoungGen: 111680K(222720K)->64K(222720K) Eden: 111616K(111616K)->0K(111616K) From: 64K(111104K)->64K(111104K)
[646.801s][info][gc,heap        ] GC(1774) ParOldGen: 514500K(667648K)->514500K(667648K)
[646.801s][info][gc,metaspace   ] GC(1774) Metaspace: 18932K(19072K)->18932K(19072K) NonClass: 17103K(17216K)->17103K(17216K) Class: 1829K(1856K)->1829K(1856K)
[646.801s][info][gc             ] GC(1774) Pause Young (Allocation Failure) 611M->502M(869M) 1.774ms
[646.801s][info][gc,cpu         ] GC(1774) User=0.01s Sys=0.00s Real=0.00s
[646.943s][info][gc,start       ] GC(1775) Pause Young (Allocation Failure)
[646.945s][info][gc,heap        ] GC(1775) PSYoungGen: 111680K(222720K)->64K(112128K) Eden: 111616K(111616K)->0K(111616K) From: 64K(111104K)->64K(512K)
[646.945s][info][gc,heap        ] GC(1775) ParOldGen: 514500K(667648K)->514500K(667648K)
[646.945s][info][gc,metaspace   ] GC(1775) Metaspace: 18932K(19072K)->18932K(19072K) NonClass: 17103K(17216K)->17103K(17216K) Class: 1829K(1856K)->1829K(1856K)
[646.945s][info][gc             ] GC(1775) Pause Young (Allocation Failure) 611M->502M(761M) 2.272ms
[646.945s][info][gc,cpu         ] GC(1775) User=0.00s Sys=0.00s Real=0.01s
[647.069s][info][gc,start       ] GC(1776) Pause Young (Allocation Failure)
[647.084s][info][gc,heap        ] GC(1776) PSYoungGen: 111680K(112128K)->11008K(208384K) Eden: 111616K(111616K)->0K(114176K) From: 64K(512K)->11008K(94208K)
[647.084s][info][gc,heap        ] GC(1776) ParOldGen: 514500K(667648K)->514500K(667648K)
[647.084s][info][gc,metaspace   ] GC(1776) Metaspace: 18932K(19072K)->18932K(19072K) NonClass: 17103K(17216K)->17103K(17216K) Class: 1829K(1856K)->1829K(1856K)
[647.084s][info][gc             ] GC(1776) Pause Young (Allocation Failure) 611M->513M(855M) 15.608ms
[647.084s][info][gc,cpu         ] GC(1776) User=0.03s Sys=0.00s Real=0.01s
[647.174s][info][gc,start       ] GC(1777) Pause Young (Allocation Failure)
[647.215s][info][gc,heap        ] GC(1777) PSYoungGen: 125184K(208384K)->36448K(214016K) Eden: 114176K(114176K)->0K(114176K) From: 11008K(94208K)->36448K(99840K)
[647.215s][info][gc,heap        ] GC(1777) ParOldGen: 514500K(667648K)->514500K(667648K)
[647.215s][info][gc,metaspace   ] GC(1777) Metaspace: 18932K(19072K)->18932K(19072K) NonClass: 17103K(17216K)->17103K(17216K) Class: 1829K(1856K)->1829K(1856K)
[647.215s][info][gc             ] GC(1777) Pause Young (Allocation Failure) 624M->538M(861M) 41.404ms
[647.215s][info][gc,cpu         ] GC(1777) User=0.09s Sys=0.00s Real=0.05s
[647.307s][info][gc,start       ] GC(1778) Pause Young (Allocation Failure)
[647.369s][info][gc,heap        ] GC(1778) PSYoungGen: 150624K(214016K)->58560K(211968K) Eden: 114176K(114176K)->0K(112640K) From: 36448K(99840K)->58560K(99328K)
[647.369s][info][gc,heap        ] GC(1778) ParOldGen: 514500K(667648K)->514500K(667648K)
[647.369s][info][gc,metaspace   ] GC(1778) Metaspace: 18932K(19072K)->18932K(19072K) NonClass: 17103K(17216K)->17103K(17216K) Class: 1829K(1856K)->1829K(1856K)
[647.369s][info][gc             ] GC(1778) Pause Young (Allocation Failure) 649M->559M(859M) 62.404ms
[647.369s][info][gc,cpu         ] GC(1778) User=0.12s Sys=0.00s Real=0.06s
[647.446s][info][gc,start       ] GC(1779) Pause Young (Allocation Failure)
[647.520s][info][gc,heap        ] GC(1779) PSYoungGen: 171200K(211968K)->71520K(218624K) Eden: 112640K(112640K)->0K(112640K) From: 58560K(99328K)->71520K(105984K)
[647.520s][info][gc,heap        ] GC(1779) ParOldGen: 514500K(667648K)->514500K(667648K)
[647.520s][info][gc,metaspace   ] GC(1779) Metaspace: 18932K(19072K)->18932K(19072K) NonClass: 17103K(17216K)->17103K(17216K) Class: 1829K(1856K)->1829K(1856K)
[647.520s][info][gc             ] GC(1779) Pause Young (Allocation Failure) 669M->572M(865M) 74.168ms
[647.520s][info][gc,cpu         ] GC(1779) User=0.15s Sys=0.00s Real=0.07s
[647.571s][info][gc,start       ] GC(1780) Pause Young (Allocation Failure)
[647.649s][info][gc,heap        ] GC(1780) PSYoungGen: 184160K(218624K)->64768K(222720K) Eden: 112640K(112640K)->0K(111616K) From: 71520K(105984K)->64768K(111104K)
[647.649s][info][gc,heap        ] GC(1780) ParOldGen: 514500K(667648K)->525556K(667648K)
[647.649s][info][gc,metaspace   ] GC(1780) Metaspace: 18932K(19072K)->18932K(19072K) NonClass: 17103K(17216K)->17103K(17216K) Class: 1829K(1856K)->1829K(1856K)
[647.649s][info][gc             ] GC(1780) Pause Young (Allocation Failure) 682M->576M(869M) 78.630ms
[647.649s][info][gc,cpu         ] GC(1780) User=0.15s Sys=0.00s Real=0.08s
[647.718s][info][gc,start       ] GC(1781) Pause Young (Allocation Failure)
[647.789s][info][gc,heap        ] GC(1781) PSYoungGen: 176384K(222720K)->19808K(222720K) Eden: 111616K(111616K)->0K(111616K) From: 64768K(111104K)->19808K(111104K)
[647.789s][info][gc,heap        ] GC(1781) ParOldGen: 525556K(667648K)->573260K(667648K)
[647.789s][info][gc,metaspace   ] GC(1781) Metaspace: 18932K(19072K)->18932K(19072K) NonClass: 17103K(17216K)->17103K(17216K) Class: 1829K(1856K)->1829K(1856K)
[647.789s][info][gc             ] GC(1781) Pause Young (Allocation Failure) 685M->579M(869M) 70.477ms
[647.789s][info][gc,cpu         ] GC(1781) User=0.14s Sys=0.00s Real=0.07s
[647.867s][info][gc,start       ] GC(1782) Pause Young (Allocation Failure)
[647.897s][info][gc,heap        ] GC(1782) PSYoungGen: 131424K(222720K)->2848K(220672K) Eden: 111616K(111616K)->0K(111616K) From: 19808K(111104K)->2848K(109056K)
[647.897s][info][gc,heap        ] GC(1782) ParOldGen: 573260K(667648K)->590516K(667648K)
[647.897s][info][gc,metaspace   ] GC(1782) Metaspace: 18932K(19072K)->18932K(19072K) NonClass: 17103K(17216K)->17103K(17216K) Class: 1829K(1856K)->1829K(1856K)
[647.897s][info][gc             ] GC(1782) Pause Young (Allocation Failure) 688M->579M(867M) 30.586ms
[647.897s][info][gc,cpu         ] GC(1782) User=0.06s Sys=0.00s Real=0.03s
[647.975s][info][gc,start       ] GC(1783) Pause Young (Allocation Failure)
[647.993s][info][gc,heap        ] GC(1783) PSYoungGen: 114464K(220672K)->10016K(121856K) Eden: 111616K(111616K)->0K(111616K) From: 2848K(109056K)->10016K(10240K)
[647.993s][info][gc,heap        ] GC(1783) ParOldGen: 590516K(667648K)->590516K(667648K)
[647.993s][info][gc,metaspace   ] GC(1783) Metaspace: 18932K(19072K)->18932K(19072K) NonClass: 17103K(17216K)->17103K(17216K) Class: 1829K(1856K)->1829K(1856K)
[647.993s][info][gc             ] GC(1783) Pause Young (Allocation Failure) 688M->586M(771M) 18.111ms
[647.993s][info][gc,cpu         ] GC(1783) User=0.03s Sys=0.00s Real=0.01s
[648.064s][info][gc,start       ] GC(1784) Pause Young (Allocation Failure)
[648.078s][info][gc,heap        ] GC(1784) PSYoungGen: 121632K(121856K)->10176K(220160K) Eden: 111616K(111616K)->0K(120320K) From: 10016K(10240K)->10176K(99840K)
[648.078s][info][gc,heap        ] GC(1784) ParOldGen: 590516K(667648K)->590516K(667648K)
[648.078s][info][gc,metaspace   ] GC(1784) Metaspace: 18932K(19072K)->18932K(19072K) NonClass: 17103K(17216K)->17103K(17216K) Class: 1829K(1856K)->1829K(1856K)
[648.078s][info][gc             ] GC(1784) Pause Young (Allocation Failure) 695M->586M(867M) 13.910ms
[648.078s][info][gc,cpu         ] GC(1784) User=0.03s Sys=0.00s Real=0.02s
[648.141s][info][gc,start       ] GC(1785) Pause Young (Allocation Failure)
[648.154s][info][gc,heap        ] GC(1785) PSYoungGen: 130496K(220160K)->10176K(219648K) Eden: 120320K(120320K)->0K(120320K) From: 10176K(99840K)->10176K(99328K)
[648.155s][info][gc,heap        ] GC(1785) ParOldGen: 590516K(667648K)->590516K(667648K)
[648.155s][info][gc,metaspace   ] GC(1785) Metaspace: 18932K(19072K)->18932K(19072K) NonClass: 17103K(17216K)->17103K(17216K) Class: 1829K(1856K)->1829K(1856K)
[648.155s][info][gc             ] GC(1785) Pause Young (Allocation Failure) 704M->586M(866M) 13.860ms
[648.155s][info][gc,cpu         ] GC(1785) User=0.03s Sys=0.00s Real=0.01s
[648.272s][info][gc,start       ] GC(1786) Pause Young (Allocation Failure)
[648.304s][info][gc,heap        ] GC(1786) PSYoungGen: 130496K(219648K)->28352K(213504K) Eden: 120320K(120320K)->0K(129536K) From: 10176K(99328K)->28352K(83968K)
[648.304s][info][gc,heap        ] GC(1786) ParOldGen: 590516K(667648K)->590516K(667648K)
[648.304s][info][gc,metaspace   ] GC(1786) Metaspace: 18932K(19072K)->18932K(19072K) NonClass: 17103K(17216K)->17103K(17216K) Class: 1829K(1856K)->1829K(1856K)
[648.304s][info][gc             ] GC(1786) Pause Young (Allocation Failure) 704M->604M(860M) 31.741ms
[648.304s][info][gc,cpu         ] GC(1786) User=0.06s Sys=0.00s Real=0.03s
[648.410s][info][gc,start       ] GC(1787) Pause Young (Allocation Failure)
[648.468s][info][gc,heap        ] GC(1787) PSYoungGen: 157888K(213504K)->55616K(218624K) Eden: 129536K(129536K)->0K(129536K) From: 28352K(83968K)->55616K(89088K)
[648.468s][info][gc,heap        ] GC(1787) ParOldGen: 590516K(667648K)->590516K(667648K)
[648.468s][info][gc,metaspace   ] GC(1787) Metaspace: 18932K(19072K)->18932K(19072K) NonClass: 17103K(17216K)->17103K(17216K) Class: 1829K(1856K)->1829K(1856K)
[648.468s][info][gc             ] GC(1787) Pause Young (Allocation Failure) 730M->630M(865M) 57.985ms
[648.468s][info][gc,cpu         ] GC(1787) User=0.11s Sys=0.00s Real=0.06s
[648.886s][info][gc,start       ] GC(1788) Pause Young (Allocation Failure)
[648.950s][info][gc,heap        ] GC(1788) PSYoungGen: 185152K(218624K)->60432K(227840K) Eden: 129536K(129536K)->0K(133120K) From: 55616K(89088K)->60432K(94720K)
[648.950s][info][gc,heap        ] GC(1788) ParOldGen: 590516K(667648K)->590516K(667648K)
[648.950s][info][gc,metaspace   ] GC(1788) Metaspace: 18932K(19072K)->18932K(19072K) NonClass: 17103K(17216K)->17103K(17216K) Class: 1829K(1856K)->1829K(1856K)
[648.950s][info][gc             ] GC(1788) Pause Young (Allocation Failure) 757M->635M(874M) 64.230ms
[648.950s][info][gc,cpu         ] GC(1788) User=0.13s Sys=0.00s Real=0.06s
[649.299s][info][gc,start       ] GC(1789) Pause Young (Allocation Failure)
[649.361s][info][gc,heap        ] GC(1789) PSYoungGen: 193552K(227840K)->60544K(194048K) Eden: 133120K(133120K)->0K(133120K) From: 60432K(94720K)->60544K(60928K)
[649.361s][info][gc,heap        ] GC(1789) ParOldGen: 590516K(667648K)->590516K(667648K)
[649.361s][info][gc,metaspace   ] GC(1789) Metaspace: 18932K(19072K)->18932K(19072K) NonClass: 17103K(17216K)->17103K(17216K) Class: 1829K(1856K)->1829K(1856K)
[649.361s][info][gc             ] GC(1789) Pause Young (Allocation Failure) 765M->635M(841M) 61.692ms
[649.361s][info][gc,cpu         ] GC(1789) User=0.12s Sys=0.01s Real=0.06s
[649.700s][info][gc,start       ] GC(1790) Pause Young (Allocation Failure)
[649.763s][info][gc,heap        ] GC(1790) PSYoungGen: 193664K(194048K)->60560K(222720K) Eden: 133120K(133120K)->0K(117760K) From: 60544K(60928K)->60560K(104960K)
[649.763s][info][gc,heap        ] GC(1790) ParOldGen: 590516K(667648K)->590516K(667648K)
[649.763s][info][gc,metaspace   ] GC(1790) Metaspace: 18932K(19072K)->18932K(19072K) NonClass: 17103K(17216K)->17103K(17216K) Class: 1829K(1856K)->1829K(1856K)
[649.763s][info][gc             ] GC(1790) Pause Young (Allocation Failure) 765M->635M(869M) 62.812ms
[649.763s][info][gc,cpu         ] GC(1790) User=0.12s Sys=0.00s Real=0.06s
[650.053s][info][gc,start       ] GC(1791) Pause Young (Allocation Failure)
[650.115s][info][gc,heap        ] GC(1791) PSYoungGen: 178320K(222720K)->60576K(178688K) Eden: 117760K(117760K)->0K(117760K) From: 60560K(104960K)->60576K(60928K)
[650.115s][info][gc,heap        ] GC(1791) ParOldGen: 590516K(667648K)->590516K(667648K)
[650.115s][info][gc,metaspace   ] GC(1791) Metaspace: 18932K(19072K)->18932K(19072K) NonClass: 17103K(17216K)->17103K(17216K) Class: 1829K(1856K)->1829K(1856K)
[650.115s][info][gc             ] GC(1791) Pause Young (Allocation Failure) 750M->635M(826M) 61.588ms
[650.115s][info][gc,cpu         ] GC(1791) User=0.12s Sys=0.00s Real=0.07s
[650.404s][info][gc,start       ] GC(1792) Pause Young (Allocation Failure)
[650.466s][info][gc,heap        ] GC(1792) PSYoungGen: 178336K(178688K)->60560K(221696K) Eden: 117760K(117760K)->0K(111616K) From: 60576K(60928K)->60560K(110080K)
[650.466s][info][gc,heap        ] GC(1792) ParOldGen: 590516K(667648K)->590516K(667648K)
[650.466s][info][gc,metaspace   ] GC(1792) Metaspace: 18932K(19072K)->18932K(19072K) NonClass: 17103K(17216K)->17103K(17216K) Class: 1829K(1856K)->1829K(1856K)
[650.466s][info][gc             ] GC(1792) Pause Young (Allocation Failure) 750M->635M(868M) 61.972ms
[650.466s][info][gc,cpu         ] GC(1792) User=0.13s Sys=0.00s Real=0.07s
[650.737s][info][gc,start       ] GC(1793) Pause Young (Allocation Failure)
[650.800s][info][gc,heap        ] GC(1793) PSYoungGen: 172176K(221696K)->60576K(222720K) Eden: 111616K(111616K)->0K(111616K) From: 60560K(110080K)->60576K(111104K)
[650.800s][info][gc,heap        ] GC(1793) ParOldGen: 590516K(667648K)->590516K(667648K)
[650.800s][info][gc,metaspace   ] GC(1793) Metaspace: 18932K(19072K)->18932K(19072K) NonClass: 17103K(17216K)->17103K(17216K) Class: 1829K(1856K)->1829K(1856K)
[650.800s][info][gc             ] GC(1793) Pause Young (Allocation Failure) 744M->635M(869M) 63.218ms
[650.800s][info][gc,cpu         ] GC(1793) User=0.12s Sys=0.00s Real=0.06s
[651.072s][info][gc,start       ] GC(1794) Pause Young (Allocation Failure)
[651.135s][info][gc,heap        ] GC(1794) PSYoungGen: 172192K(222720K)->57744K(220672K) Eden: 111616K(111616K)->0K(111616K) From: 60576K(111104K)->57744K(109056K)
[651.135s][info][gc,heap        ] GC(1794) ParOldGen: 590516K(667648K)->593340K(667648K)
[651.135s][info][gc,metaspace   ] GC(1794) Metaspace: 18932K(19072K)->18932K(19072K) NonClass: 17103K(17216K)->17103K(17216K) Class: 1829K(1856K)->1829K(1856K)
[651.135s][info][gc             ] GC(1794) Pause Young (Allocation Failure) 744M->635M(867M) 62.844ms
[651.135s][info][gc,cpu         ] GC(1794) User=0.13s Sys=0.00s Real=0.07s
[651.375s][info][gc,start       ] GC(1795) Pause Young (Allocation Failure)
[651.437s][info][gc,heap        ] GC(1795) PSYoungGen: 169360K(220672K)->57760K(221696K) Eden: 111616K(111616K)->0K(111616K) From: 57744K(109056K)->57760K(110080K)
[651.437s][info][gc,heap        ] GC(1795) ParOldGen: 593340K(667648K)->593340K(667648K)
[651.437s][info][gc,metaspace   ] GC(1795) Metaspace: 18932K(19072K)->18932K(19072K) NonClass: 17103K(17216K)->17103K(17216K) Class: 1829K(1856K)->1829K(1856K)
[651.437s][info][gc             ] GC(1795) Pause Young (Allocation Failure) 744M->635M(868M) 62.634ms
[651.437s][info][gc,cpu         ] GC(1795) User=0.13s Sys=0.00s Real=0.06s
[651.764s][info][gc,start       ] GC(1796) Pause Young (Allocation Failure)
[651.828s][info][gc,heap        ] GC(1796) PSYoungGen: 169376K(221696K)->58080K(221184K) Eden: 111616K(111616K)->0K(115200K) From: 57760K(110080K)->58080K(105984K)
[651.828s][info][gc,heap        ] GC(1796) ParOldGen: 593340K(667648K)->593340K(667648K)
[651.828s][info][gc,metaspace   ] GC(1796) Metaspace: 18932K(19072K)->18932K(19072K) NonClass: 17103K(17216K)->17103K(17216K) Class: 1829K(1856K)->1829K(1856K)
[651.828s][info][gc             ] GC(1796) Pause Young (Allocation Failure) 744M->636M(868M) 64.019ms
[651.828s][info][gc,cpu         ] GC(1796) User=0.13s Sys=0.00s Real=0.07s
[652.005s][info][gc,start       ] GC(1797) Pause Young (Allocation Failure)
[652.070s][info][gc,heap        ] GC(1797) PSYoungGen: 173280K(221184K)->62592K(222208K) Eden: 115200K(115200K)->0K(115200K) From: 58080K(105984K)->62592K(107008K)
[652.070s][info][gc,heap        ] GC(1797) ParOldGen: 593340K(667648K)->593340K(667648K)
[652.070s][info][gc,metaspace   ] GC(1797) Metaspace: 18932K(19072K)->18932K(19072K) NonClass: 17103K(17216K)->17103K(17216K) Class: 1829K(1856K)->1829K(1856K)
[652.070s][info][gc             ] GC(1797) Pause Young (Allocation Failure) 748M->640M(869M) 65.506ms
[652.070s][info][gc,cpu         ] GC(1797) User=0.13s Sys=0.00s Real=0.07s
[652.162s][info][gc,start       ] GC(1798) Pause Young (Allocation Failure)
[652.266s][info][gc,heap        ] GC(1798) PSYoungGen: 177792K(222208K)->98176K(218624K) Eden: 115200K(115200K)->0K(111616K) From: 62592K(107008K)->98176K(107008K)
[652.266s][info][gc,heap        ] GC(1798) ParOldGen: 593340K(667648K)->600540K(667648K)
[652.266s][info][gc,metaspace   ] GC(1798) Metaspace: 18932K(19072K)->18932K(19072K) NonClass: 17103K(17216K)->17103K(17216K) Class: 1829K(1856K)->1829K(1856K)
[652.266s][info][gc             ] GC(1798) Pause Young (Allocation Failure) 753M->682M(865M) 104.167ms
[652.266s][info][gc,cpu         ] GC(1798) User=0.19s Sys=0.02s Real=0.11s
[652.302s][info][gc,start       ] GC(1799) Pause Young (Allocation Failure)
[652.418s][info][gc,heap        ] GC(1799) PSYoungGen: 209792K(218624K)->111089K(222720K) Eden: 111616K(111616K)->0K(111616K) From: 98176K(107008K)->111089K(111104K)
[652.418s][info][gc,heap        ] GC(1799) ParOldGen: 600540K(667648K)->633820K(667648K)
[652.418s][info][gc,metaspace   ] GC(1799) Metaspace: 18932K(19072K)->18932K(19072K) NonClass: 17103K(17216K)->17103K(17216K) Class: 1829K(1856K)->1829K(1856K)
[652.418s][info][gc             ] GC(1799) Pause Young (Allocation Failure) 791M->727M(869M) 115.421ms
[652.418s][info][gc,cpu         ] GC(1799) User=0.23s Sys=0.00s Real=0.12s
[652.481s][info][gc,start       ] GC(1800) Pause Full (Allocation Failure)
[652.481s][info][gc,phases,start] GC(1800) Marking Phase
[652.835s][info][gc,phases      ] GC(1800) Marking Phase 354.511ms
[652.835s][info][gc,phases,start] GC(1800) Summary Phase
[652.835s][info][gc,phases      ] GC(1800) Summary Phase 0.029ms
[652.835s][info][gc,phases,start] GC(1800) Forward
[652.971s][info][gc,phases      ] GC(1800) Forward 136.180ms
[652.972s][info][gc,phases,start] GC(1800) Adjust Pointers
[653.225s][info][gc,phases      ] GC(1800) Adjust Pointers 253.848ms
[653.226s][info][gc,phases,start] GC(1800) Compaction Phase
[653.391s][info][gc,phases      ] GC(1800) Compaction Phase 165.293ms
[653.400s][info][gc,phases,start] GC(1800) Post Compact
[653.403s][info][gc,phases      ] GC(1800) Post Compact 2.493ms
[653.403s][info][gc,heap        ] GC(1800) PSYoungGen: 222705K(222720K)->0K(222720K) Eden: 111616K(111616K)->0K(111616K) From: 111089K(111104K)->0K(111104K)
[653.403s][info][gc,heap        ] GC(1800) ParOldGen: 633820K(667648K)->520327K(667648K)
[653.403s][info][gc,metaspace   ] GC(1800) Metaspace: 18933K(19072K)->18933K(19072K) NonClass: 17103K(17216K)->17103K(17216K) Class: 1829K(1856K)->1829K(1856K)
[653.403s][info][gc             ] GC(1800) Pause Full (Allocation Failure) 836M->508M(869M) 922.162ms
[653.403s][info][gc,cpu         ] GC(1800) User=1.70s Sys=0.00s Real=0.92s
[653.535s][info][gc,start       ] GC(1801) Pause Young (Allocation Failure)
[653.559s][info][gc,heap        ] GC(1801) PSYoungGen: 111616K(222720K)->22784K(222720K) Eden: 111616K(111616K)->0K(111616K) From: 0K(111104K)->22784K(111104K)
[653.559s][info][gc,heap        ] GC(1801) ParOldGen: 520327K(667648K)->520327K(667648K)
[653.559s][info][gc,metaspace   ] GC(1801) Metaspace: 18933K(19072K)->18933K(19072K) NonClass: 17103K(17216K)->17103K(17216K) Class: 1829K(1856K)->1829K(1856K)
[653.559s][info][gc             ] GC(1801) Pause Young (Allocation Failure) 617M->530M(869M) 24.357ms
[653.559s][info][gc,cpu         ] GC(1801) User=0.05s Sys=0.01s Real=0.03s
[653.644s][info][gc,start       ] GC(1802) Pause Young (Allocation Failure)
[653.671s][info][gc,heap        ] GC(1802) PSYoungGen: 134400K(222720K)->24448K(222720K) Eden: 111616K(111616K)->0K(111616K) From: 22784K(111104K)->24448K(111104K)
[653.671s][info][gc,heap        ] GC(1802) ParOldGen: 520327K(667648K)->520327K(667648K)
[653.671s][info][gc,metaspace   ] GC(1802) Metaspace: 18933K(19072K)->18933K(19072K) NonClass: 17103K(17216K)->17103K(17216K) Class: 1829K(1856K)->1829K(1856K)
[653.671s][info][gc             ] GC(1802) Pause Young (Allocation Failure) 639M->532M(869M) 26.762ms
[653.671s][info][gc,cpu         ] GC(1802) User=0.05s Sys=0.00s Real=0.03s
[653.795s][info][gc,start       ] GC(1803) Pause Young (Allocation Failure)
[653.846s][info][gc,heap        ] GC(1803) PSYoungGen: 136064K(222720K)->43360K(222720K) Eden: 111616K(111616K)->0K(111616K) From: 24448K(111104K)->43360K(111104K)
[653.846s][info][gc,heap        ] GC(1803) ParOldGen: 520327K(667648K)->520327K(667648K)
[653.846s][info][gc,metaspace   ] GC(1803) Metaspace: 18933K(19072K)->18933K(19072K) NonClass: 17103K(17216K)->17103K(17216K) Class: 1829K(1856K)->1829K(1856K)
[653.847s][info][gc             ] GC(1803) Pause Young (Allocation Failure) 641M->550M(869M) 51.897ms
[653.847s][info][gc,cpu         ] GC(1803) User=0.10s Sys=0.00s Real=0.06s
[653.963s][info][gc,start       ] GC(1804) Pause Young (Allocation Failure)
[654.014s][info][gc,heap        ] GC(1804) PSYoungGen: 154976K(222720K)->43456K(222720K) Eden: 111616K(111616K)->0K(111616K) From: 43360K(111104K)->43456K(111104K)
[654.014s][info][gc,heap        ] GC(1804) ParOldGen: 520327K(667648K)->520327K(667648K)
[654.014s][info][gc,metaspace   ] GC(1804) Metaspace: 18933K(19072K)->18933K(19072K) NonClass: 17103K(17216K)->17103K(17216K) Class: 1829K(1856K)->1829K(1856K)
[654.014s][info][gc             ] GC(1804) Pause Young (Allocation Failure) 659M->550M(869M) 50.360ms
[654.014s][info][gc,cpu         ] GC(1804) User=0.10s Sys=0.00s Real=0.05s
[654.131s][info][gc,start       ] GC(1805) Pause Young (Allocation Failure)
[654.181s][info][gc,heap        ] GC(1805) PSYoungGen: 155072K(222720K)->43584K(222720K) Eden: 111616K(111616K)->0K(111616K) From: 43456K(111104K)->43584K(111104K)
[654.181s][info][gc,heap        ] GC(1805) ParOldGen: 520327K(667648K)->520327K(667648K)
[654.181s][info][gc,metaspace   ] GC(1805) Metaspace: 18933K(19072K)->18933K(19072K) NonClass: 17103K(17216K)->17103K(17216K) Class: 1829K(1856K)->1829K(1856K)
[654.181s][info][gc             ] GC(1805) Pause Young (Allocation Failure) 659M->550M(869M) 49.760ms
[654.181s][info][gc,cpu         ] GC(1805) User=0.10s Sys=0.00s Real=0.05s
[654.303s][info][gc,start       ] GC(1806) Pause Young (Allocation Failure)
[654.354s][info][gc,heap        ] GC(1806) PSYoungGen: 155200K(222720K)->43680K(222720K) Eden: 111616K(111616K)->0K(111616K) From: 43584K(111104K)->43680K(111104K)
[654.354s][info][gc,heap        ] GC(1806) ParOldGen: 520327K(667648K)->520327K(667648K)
[654.354s][info][gc,metaspace   ] GC(1806) Metaspace: 18933K(19072K)->18933K(19072K) NonClass: 17103K(17216K)->17103K(17216K) Class: 1829K(1856K)->1829K(1856K)
[654.354s][info][gc             ] GC(1806) Pause Young (Allocation Failure) 659M->550M(869M) 50.658ms
[654.354s][info][gc,cpu         ] GC(1806) User=0.10s Sys=0.00s Real=0.05s
[654.476s][info][gc,start       ] GC(1807) Pause Young (Allocation Failure)
[654.525s][info][gc,heap        ] GC(1807) PSYoungGen: 155296K(222720K)->43712K(222720K) Eden: 111616K(111616K)->0K(111616K) From: 43680K(111104K)->43712K(111104K)
[654.526s][info][gc,heap        ] GC(1807) ParOldGen: 520327K(667648K)->520327K(667648K)
[654.526s][info][gc,metaspace   ] GC(1807) Metaspace: 18933K(19072K)->18933K(19072K) NonClass: 17103K(17216K)->17103K(17216K) Class: 1829K(1856K)->1829K(1856K)
[654.526s][info][gc             ] GC(1807) Pause Young (Allocation Failure) 659M->550M(869M) 49.466ms
[654.526s][info][gc,cpu         ] GC(1807) User=0.10s Sys=0.00s Real=0.05s
[654.644s][info][gc,start       ] GC(1808) Pause Young (Allocation Failure)
[654.696s][info][gc,heap        ] GC(1808) PSYoungGen: 155328K(222720K)->19392K(222720K) Eden: 111616K(111616K)->0K(111616K) From: 43712K(111104K)->19392K(111104K)
[654.696s][info][gc,heap        ] GC(1808) ParOldGen: 520327K(667648K)->544980K(667648K)
[654.696s][info][gc,metaspace   ] GC(1808) Metaspace: 18933K(19072K)->18933K(19072K) NonClass: 17103K(17216K)->17103K(17216K) Class: 1829K(1856K)->1829K(1856K)
[654.696s][info][gc             ] GC(1808) Pause Young (Allocation Failure) 659M->551M(869M) 51.918ms
[654.696s][info][gc,cpu         ] GC(1808) User=0.10s Sys=0.00s Real=0.06s
[654.814s][info][gc,start       ] GC(1809) Pause Young (Allocation Failure)
[654.845s][info][gc,heap        ] GC(1809) PSYoungGen: 131008K(222720K)->19488K(131584K) Eden: 111616K(111616K)->0K(111616K) From: 19392K(111104K)->19488K(19968K)
[654.845s][info][gc,heap        ] GC(1809) ParOldGen: 544980K(667648K)->544980K(667648K)
[654.845s][info][gc,metaspace   ] GC(1809) Metaspace: 18933K(19072K)->18933K(19072K) NonClass: 17103K(17216K)->17103K(17216K) Class: 1829K(1856K)->1829K(1856K)
[654.845s][info][gc             ] GC(1809) Pause Young (Allocation Failure) 660M->551M(780M) 30.561ms
[654.845s][info][gc,cpu         ] GC(1809) User=0.06s Sys=0.00s Real=0.04s
[654.964s][info][gc,start       ] GC(1810) Pause Young (Allocation Failure)
[654.994s][info][gc,heap        ] GC(1810) PSYoungGen: 131104K(131584K)->19552K(223744K) Eden: 111616K(111616K)->0K(114176K) From: 19488K(19968K)->19552K(109568K)
[654.994s][info][gc,heap        ] GC(1810) ParOldGen: 544980K(667648K)->544980K(667648K)
[654.994s][info][gc,metaspace   ] GC(1810) Metaspace: 18933K(19072K)->18933K(19072K) NonClass: 17103K(17216K)->17103K(17216K) Class: 1829K(1856K)->1829K(1856K)
[654.994s][info][gc             ] GC(1810) Pause Young (Allocation Failure) 660M->551M(870M) 30.475ms
[654.994s][info][gc,cpu         ] GC(1810) User=0.06s Sys=0.00s Real=0.03s
[655.132s][info][gc,start       ] GC(1811) Pause Young (Allocation Failure)
[655.168s][info][gc,heap        ] GC(1811) PSYoungGen: 133728K(223744K)->22272K(221184K) Eden: 114176K(114176K)->0K(114176K) From: 19552K(109568K)->22272K(107008K)
[655.168s][info][gc,heap        ] GC(1811) ParOldGen: 544980K(667648K)->544980K(667648K)
[655.168s][info][gc,metaspace   ] GC(1811) Metaspace: 18933K(19072K)->18933K(19072K) NonClass: 17103K(17216K)->17103K(17216K) Class: 1829K(1856K)->1829K(1856K)
[655.168s][info][gc             ] GC(1811) Pause Young (Allocation Failure) 662M->553M(868M) 36.657ms
[655.169s][info][gc,cpu         ] GC(1811) User=0.07s Sys=0.00s Real=0.04s
[655.300s][info][gc,start       ] GC(1812) Pause Young (Allocation Failure)
[655.356s][info][gc,heap        ] GC(1812) PSYoungGen: 136448K(221184K)->30872K(222208K) Eden: 114176K(114176K)->0K(121856K) From: 22272K(107008K)->30872K(100352K)
[655.356s][info][gc,heap        ] GC(1812) ParOldGen: 544980K(667648K)->544980K(667648K)
[655.356s][info][gc,metaspace   ] GC(1812) Metaspace: 18933K(19072K)->18933K(19072K) NonClass: 17103K(17216K)->17103K(17216K) Class: 1829K(1856K)->1829K(1856K)
[655.356s][info][gc             ] GC(1812) Pause Young (Allocation Failure) 665M->562M(869M) 56.104ms
[655.356s][info][gc,cpu         ] GC(1812) User=0.11s Sys=0.00s Real=0.06s
[655.509s][info][gc,start       ] GC(1813) Pause Young (Allocation Failure)
[655.574s][info][gc,heap        ] GC(1813) PSYoungGen: 152728K(222208K)->40760K(221184K) Eden: 121856K(121856K)->0K(121856K) From: 30872K(100352K)->40760K(99328K)
[655.574s][info][gc,heap        ] GC(1813) ParOldGen: 544980K(667648K)->544980K(667648K)
[655.574s][info][gc,metaspace   ] GC(1813) Metaspace: 18933K(19072K)->18933K(19072K) NonClass: 17103K(17216K)->17103K(17216K) Class: 1829K(1856K)->1829K(1856K)
[655.574s][info][gc             ] GC(1813) Pause Young (Allocation Failure) 681M->572M(868M) 64.623ms
[655.574s][info][gc,cpu         ] GC(1813) User=0.13s Sys=0.00s Real=0.06s
[655.729s][info][gc,start       ] GC(1814) Pause Young (Allocation Failure)
[655.793s][info][gc,heap        ] GC(1814) PSYoungGen: 162616K(221184K)->40738K(217600K) Eden: 121856K(121856K)->0K(133120K) From: 40760K(99328K)->40738K(84480K)
[655.793s][info][gc,heap        ] GC(1814) ParOldGen: 544980K(667648K)->544980K(667648K)
[655.793s][info][gc,metaspace   ] GC(1814) Metaspace: 18933K(19072K)->18933K(19072K) NonClass: 17103K(17216K)->17103K(17216K) Class: 1829K(1856K)->1829K(1856K)
[655.793s][info][gc             ] GC(1814) Pause Young (Allocation Failure) 691M->571M(864M) 64.055ms
[655.793s][info][gc,cpu         ] GC(1814) User=0.12s Sys=0.00s Real=0.06s
[655.963s][info][gc,start       ] GC(1815) Pause Young (Allocation Failure)
[656.026s][info][gc,heap        ] GC(1815) PSYoungGen: 173858K(217600K)->40770K(222208K) Eden: 133120K(133120K)->0K(133120K) From: 40738K(84480K)->40770K(89088K)
[656.026s][info][gc,heap        ] GC(1815) ParOldGen: 544980K(667648K)->544980K(667648K)
[656.026s][info][gc,metaspace   ] GC(1815) Metaspace: 18933K(19072K)->18933K(19072K) NonClass: 17103K(17216K)->17103K(17216K) Class: 1829K(1856K)->1829K(1856K)
[656.026s][info][gc             ] GC(1815) Pause Young (Allocation Failure) 701M->572M(869M) 63.516ms
[656.027s][info][gc,cpu         ] GC(1815) User=0.13s Sys=0.00s Real=0.07s
[656.196s][info][gc,start       ] GC(1816) Pause Young (Allocation Failure)
[656.260s][info][gc,heap        ] GC(1816) PSYoungGen: 173890K(222208K)->40728K(221696K) Eden: 133120K(133120K)->0K(145408K) From: 40770K(89088K)->40728K(76288K)
[656.260s][info][gc,heap        ] GC(1816) ParOldGen: 544980K(667648K)->544980K(667648K)
[656.260s][info][gc,metaspace   ] GC(1816) Metaspace: 18933K(19072K)->18933K(19072K) NonClass: 17103K(17216K)->17103K(17216K) Class: 1829K(1856K)->1829K(1856K)
[656.260s][info][gc             ] GC(1816) Pause Young (Allocation Failure) 702M->571M(868M) 64.270ms
[656.260s][info][gc,cpu         ] GC(1816) User=0.13s Sys=0.00s Real=0.06s
[656.444s][info][gc,start       ] GC(1817) Pause Young (Allocation Failure)
[656.507s][info][gc,heap        ] GC(1817) PSYoungGen: 186136K(221696K)->40738K(225792K) Eden: 145408K(145408K)->0K(145408K) From: 40728K(76288K)->40738K(80384K)
[656.507s][info][gc,heap        ] GC(1817) ParOldGen: 544980K(667648K)->544980K(667648K)
[656.507s][info][gc,metaspace   ] GC(1817) Metaspace: 18933K(19072K)->18933K(19072K) NonClass: 17103K(17216K)->17103K(17216K) Class: 1829K(1856K)->1829K(1856K)
[656.507s][info][gc             ] GC(1817) Pause Young (Allocation Failure) 713M->571M(872M) 63.056ms
[656.507s][info][gc,cpu         ] GC(1817) User=0.12s Sys=0.00s Real=0.07s
[656.692s][info][gc,start       ] GC(1818) Pause Young (Allocation Failure)
[656.755s][info][gc,heap        ] GC(1818) PSYoungGen: 186146K(225792K)->21858K(233472K) Eden: 145408K(145408K)->0K(158208K) From: 40738K(80384K)->21858K(75264K)
[656.755s][info][gc,heap        ] GC(1818) ParOldGen: 544980K(667648K)->563948K(667648K)
[656.755s][info][gc,metaspace   ] GC(1818) Metaspace: 18933K(19072K)->18933K(19072K) NonClass: 17103K(17216K)->17103K(17216K) Class: 1829K(1856K)->1829K(1856K)
[656.755s][info][gc             ] GC(1818) Pause Young (Allocation Failure) 713M->572M(880M) 63.254ms
[656.755s][info][gc,cpu         ] GC(1818) User=0.12s Sys=0.00s Real=0.07s
[656.913s][info][gc,start       ] GC(1819) Pause Young (Allocation Failure)
[656.970s][info][gc,heap        ] GC(1819) PSYoungGen: 180066K(233472K)->40802K(234496K) Eden: 158208K(158208K)->0K(158208K) From: 21858K(75264K)->40802K(76288K)
[656.970s][info][gc,heap        ] GC(1819) ParOldGen: 563948K(667648K)->564076K(667648K)
[656.970s][info][gc,metaspace   ] GC(1819) Metaspace: 18933K(19072K)->18933K(19072K) NonClass: 17103K(17216K)->17103K(17216K) Class: 1829K(1856K)->1829K(1856K)
[656.970s][info][gc             ] GC(1819) Pause Young (Allocation Failure) 726M->590M(881M) 57.318ms
[656.970s][info][gc,cpu         ] GC(1819) User=0.11s Sys=0.00s Real=0.06s
[657.120s][info][gc,start       ] GC(1820) Pause Young (Allocation Failure)
[657.197s][info][gc,heap        ] GC(1820) PSYoungGen: 199010K(234496K)->59448K(241152K) Eden: 158208K(158208K)->0K(167936K) From: 40802K(76288K)->59448K(73216K)
[657.197s][info][gc,heap        ] GC(1820) ParOldGen: 564076K(667648K)->564204K(667648K)
[657.197s][info][gc,metaspace   ] GC(1820) Metaspace: 18933K(19072K)->18933K(19072K) NonClass: 17103K(17216K)->17103K(17216K) Class: 1829K(1856K)->1829K(1856K)
[657.197s][info][gc             ] GC(1820) Pause Young (Allocation Failure) 745M->609M(887M) 77.346ms
[657.197s][info][gc,cpu         ] GC(1820) User=0.15s Sys=0.00s Real=0.08s
[657.314s][info][gc,start       ] GC(1821) Pause Young (Allocation Failure)
[657.393s][info][gc,heap        ] GC(1821) PSYoungGen: 227384K(241152K)->61016K(245760K) Eden: 167936K(167936K)->0K(167936K) From: 59448K(73216K)->61016K(77824K)
[657.393s][info][gc,heap        ] GC(1821) ParOldGen: 564204K(667648K)->564284K(667648K)
[657.393s][info][gc,metaspace   ] GC(1821) Metaspace: 18933K(19072K)->18933K(19072K) NonClass: 17103K(17216K)->17103K(17216K) Class: 1829K(1856K)->1829K(1856K)
[657.393s][info][gc             ] GC(1821) Pause Young (Allocation Failure) 773M->610M(892M) 79.047ms
[657.393s][info][gc,cpu         ] GC(1821) User=0.16s Sys=0.00s Real=0.08s
[657.530s][info][gc,start       ] GC(1822) Pause Young (Allocation Failure)
[657.627s][info][gc,heap        ] GC(1822) PSYoungGen: 228952K(245760K)->72248K(237568K) Eden: 167936K(167936K)->0K(155648K) From: 61016K(77824K)->72248K(81920K)
[657.628s][info][gc,heap        ] GC(1822) ParOldGen: 564284K(667648K)->564364K(667648K)
[657.628s][info][gc,metaspace   ] GC(1822) Metaspace: 18933K(19072K)->18933K(19072K) NonClass: 17103K(17216K)->17103K(17216K) Class: 1829K(1856K)->1829K(1856K)
[657.628s][info][gc             ] GC(1822) Pause Young (Allocation Failure) 774M->621M(884M) 97.775ms
[657.628s][info][gc,cpu         ] GC(1822) User=0.17s Sys=0.02s Real=0.10s
[657.738s][info][gc,start       ] GC(1823) Pause Young (Allocation Failure)
[657.846s][info][gc,heap        ] GC(1823) PSYoungGen: 227896K(237568K)->89058K(244736K) Eden: 155648K(155648K)->0K(155648K) From: 72248K(81920K)->89058K(89088K)
[657.846s][info][gc,heap        ] GC(1823) ParOldGen: 564364K(667648K)->567292K(667648K)
[657.846s][info][gc,metaspace   ] GC(1823) Metaspace: 18935K(19072K)->18935K(19072K) NonClass: 17105K(17216K)->17105K(17216K) Class: 1829K(1856K)->1829K(1856K)
[657.846s][info][gc             ] GC(1823) Pause Young (Allocation Failure) 773M->640M(891M) 107.339ms
[657.846s][info][gc,cpu         ] GC(1823) User=0.21s Sys=0.00s Real=0.11s
[657.965s][info][gc,start       ] GC(1824) Pause Young (Allocation Failure)
[658.089s][info][gc,heap        ] GC(1824) PSYoungGen: 244706K(244736K)->89080K(200704K) Eden: 155648K(155648K)->0K(111616K) From: 89058K(89088K)->89080K(89088K)
[658.089s][info][gc,heap        ] GC(1824) ParOldGen: 567292K(667648K)->581276K(667648K)
[658.089s][info][gc,metaspace   ] GC(1824) Metaspace: 18935K(19072K)->18935K(19072K) NonClass: 17105K(17216K)->17105K(17216K) Class: 1829K(1856K)->1829K(1856K)
[658.089s][info][gc             ] GC(1824) Pause Young (Allocation Failure) 792M->654M(848M) 124.279ms
[658.089s][info][gc,cpu         ] GC(1824) User=0.24s Sys=0.01s Real=0.12s
[658.165s][info][gc,start       ] GC(1825) Pause Young (Allocation Failure)
[658.281s][info][gc,heap        ] GC(1825) PSYoungGen: 200696K(200704K)->91040K(222720K) Eden: 111616K(111616K)->0K(111616K) From: 89080K(89088K)->91040K(111104K)
[658.281s][info][gc,heap        ] GC(1825) ParOldGen: 581276K(667648K)->591648K(667648K)
[658.281s][info][gc,metaspace   ] GC(1825) Metaspace: 18935K(19072K)->18935K(19072K) NonClass: 17105K(17216K)->17105K(17216K) Class: 1829K(1856K)->1829K(1856K)
[658.281s][info][gc             ] GC(1825) Pause Young (Allocation Failure) 763M->666M(869M) 116.285ms
[658.281s][info][gc,cpu         ] GC(1825) User=0.23s Sys=0.00s Real=0.11s
[658.350s][info][gc,start       ] GC(1826) Pause Young (Allocation Failure)
[658.456s][info][gc,heap        ] GC(1826) PSYoungGen: 202656K(222720K)->93456K(222720K) Eden: 111616K(111616K)->0K(111616K) From: 91040K(111104K)->93456K(111104K)
[658.456s][info][gc,heap        ] GC(1826) ParOldGen: 591648K(667648K)->601384K(667648K)
[658.456s][info][gc,metaspace   ] GC(1826) Metaspace: 18935K(19072K)->18935K(19072K) NonClass: 17105K(17216K)->17105K(17216K) Class: 1829K(1856K)->1829K(1856K)
[658.456s][info][gc             ] GC(1826) Pause Young (Allocation Failure) 775M->678M(869M) 106.182ms
[658.456s][info][gc,cpu         ] GC(1826) User=0.21s Sys=0.00s Real=0.11s
[658.548s][info][gc,start       ] GC(1827) Pause Young (Allocation Failure)
[658.653s][info][gc,heap        ] GC(1827) PSYoungGen: 205072K(222720K)->99664K(222720K) Eden: 111616K(111616K)->0K(111616K) From: 93456K(111104K)->99664K(111104K)
[658.653s][info][gc,heap        ] GC(1827) ParOldGen: 601384K(667648K)->601384K(667648K)
[658.653s][info][gc,metaspace   ] GC(1827) Metaspace: 18935K(19072K)->18935K(19072K) NonClass: 17105K(17216K)->17105K(17216K) Class: 1829K(1856K)->1829K(1856K)
[658.653s][info][gc             ] GC(1827) Pause Young (Allocation Failure) 787M->684M(869M) 104.904ms
[658.653s][info][gc,cpu         ] GC(1827) User=0.21s Sys=0.00s Real=0.10s
[658.783s][info][gc,start       ] GC(1828) Pause Young (Allocation Failure)
[658.887s][info][gc,heap        ] GC(1828) PSYoungGen: 211280K(222720K)->104352K(222720K) Eden: 111616K(111616K)->0K(111616K) From: 99664K(111104K)->104352K(111104K)
[658.887s][info][gc,heap        ] GC(1828) ParOldGen: 601384K(667648K)->601384K(667648K)
[658.887s][info][gc,metaspace   ] GC(1828) Metaspace: 18935K(19072K)->18935K(19072K) NonClass: 17105K(17216K)->17105K(17216K) Class: 1829K(1856K)->1829K(1856K)
[658.887s][info][gc             ] GC(1828) Pause Young (Allocation Failure) 793M->689M(869M) 104.288ms
[658.887s][info][gc,cpu         ] GC(1828) User=0.20s Sys=0.00s Real=0.11s
[659.019s][info][gc,start       ] GC(1829) Pause Young (Allocation Failure)
[659.124s][info][gc,heap        ] GC(1829) PSYoungGen: 215968K(222720K)->79360K(222720K) Eden: 111616K(111616K)->0K(111616K) From: 104352K(111104K)->79360K(111104K)
[659.124s][info][gc,heap        ] GC(1829) ParOldGen: 601384K(667648K)->626512K(667648K)
[659.124s][info][gc,metaspace   ] GC(1829) Metaspace: 18935K(19072K)->18935K(19072K) NonClass: 17105K(17216K)->17105K(17216K) Class: 1829K(1856K)->1829K(1856K)
[659.124s][info][gc             ] GC(1829) Pause Young (Allocation Failure) 798M->689M(869M) 104.987ms
[659.124s][info][gc,cpu         ] GC(1829) User=0.21s Sys=0.00s Real=0.10s
[659.201s][info][gc,start       ] GC(1830) Pause Young (Allocation Failure)
[659.282s][info][gc,heap        ] GC(1830) PSYoungGen: 190976K(222720K)->67184K(222720K) Eden: 111616K(111616K)->0K(111616K) From: 79360K(111104K)->67184K(111104K)
[659.282s][info][gc,heap        ] GC(1830) ParOldGen: 626512K(667648K)->638744K(667648K)
[659.282s][info][gc,metaspace   ] GC(1830) Metaspace: 18935K(19072K)->18935K(19072K) NonClass: 17105K(17216K)->17105K(17216K) Class: 1829K(1856K)->1829K(1856K)
[659.282s][info][gc             ] GC(1830) Pause Young (Allocation Failure) 798M->689M(869M) 80.827ms
[659.282s][info][gc,cpu         ] GC(1830) User=0.16s Sys=0.00s Real=0.08s
[659.460s][info][gc,start       ] GC(1831) Pause Full (Allocation Failure)
[659.460s][info][gc,phases,start] GC(1831) Marking Phase
[659.743s][info][gc,phases      ] GC(1831) Marking Phase 282.134ms
[659.743s][info][gc,phases,start] GC(1831) Summary Phase
[659.743s][info][gc,phases      ] GC(1831) Summary Phase 0.029ms
[659.743s][info][gc,phases,start] GC(1831) Forward
[659.845s][info][gc,phases      ] GC(1831) Forward 102.088ms
[659.845s][info][gc,phases,start] GC(1831) Adjust Pointers
[660.059s][info][gc,phases      ] GC(1831) Adjust Pointers 214.692ms
[660.060s][info][gc,phases,start] GC(1831) Compaction Phase
[660.181s][info][gc,phases      ] GC(1831) Compaction Phase 121.739ms
[660.191s][info][gc,phases,start] GC(1831) Post Compact
[660.194s][info][gc,phases      ] GC(1831) Post Compact 2.420ms
[660.194s][info][gc,heap        ] GC(1831) PSYoungGen: 178800K(222720K)->0K(222720K) Eden: 111616K(111616K)->0K(111616K) From: 67184K(111104K)->0K(111104K)
[660.194s][info][gc,heap        ] GC(1831) ParOldGen: 638744K(667648K)->387175K(664576K)
[660.194s][info][gc,metaspace   ] GC(1831) Metaspace: 18935K(19072K)->18935K(19072K) NonClass: 17105K(17216K)->17105K(17216K) Class: 1829K(1856K)->1829K(1856K)
[660.194s][info][gc             ] GC(1831) Pause Full (Allocation Failure) 798M->378M(866M) 733.993ms
[660.194s][info][gc,cpu         ] GC(1831) User=1.34s Sys=0.00s Real=0.73s
[660.363s][info][gc,start       ] GC(1832) Pause Young (Allocation Failure)
[660.372s][info][gc,heap        ] GC(1832) PSYoungGen: 111616K(222720K)->7104K(222720K) Eden: 111616K(111616K)->0K(111616K) From: 0K(111104K)->7104K(111104K)
[660.372s][info][gc,heap        ] GC(1832) ParOldGen: 387175K(664576K)->387175K(664576K)
[660.372s][info][gc,metaspace   ] GC(1832) Metaspace: 18935K(19072K)->18935K(19072K) NonClass: 17105K(17216K)->17105K(17216K) Class: 1829K(1856K)->1829K(1856K)
[660.372s][info][gc             ] GC(1832) Pause Young (Allocation Failure) 487M->385M(866M) 9.074ms
[660.372s][info][gc,cpu         ] GC(1832) User=0.01s Sys=0.00s Real=0.01s
[660.735s][info][gc,start       ] GC(1833) Pause Young (Allocation Failure)
[660.745s][info][gc,heap        ] GC(1833) PSYoungGen: 118720K(222720K)->7168K(222720K) Eden: 111616K(111616K)->0K(111616K) From: 7104K(111104K)->7168K(111104K)
[660.745s][info][gc,heap        ] GC(1833) ParOldGen: 387175K(664576K)->387175K(664576K)
[660.745s][info][gc,metaspace   ] GC(1833) Metaspace: 18935K(19072K)->18935K(19072K) NonClass: 17105K(17216K)->17105K(17216K) Class: 1829K(1856K)->1829K(1856K)
[660.745s][info][gc             ] GC(1833) Pause Young (Allocation Failure) 494M->385M(866M) 9.609ms
[660.745s][info][gc,cpu         ] GC(1833) User=0.01s Sys=0.00s Real=0.01s
[661.023s][info][gc,start       ] GC(1834) Pause Young (Allocation Failure)
[661.033s][info][gc,heap        ] GC(1834) PSYoungGen: 118784K(222720K)->7360K(222720K) Eden: 111616K(111616K)->0K(111616K) From: 7168K(111104K)->7360K(111104K)
[661.033s][info][gc,heap        ] GC(1834) ParOldGen: 387175K(664576K)->387175K(664576K)
[661.033s][info][gc,metaspace   ] GC(1834) Metaspace: 18935K(19072K)->18935K(19072K) NonClass: 17105K(17216K)->17105K(17216K) Class: 1829K(1856K)->1829K(1856K)
[661.033s][info][gc             ] GC(1834) Pause Young (Allocation Failure) 494M->385M(866M) 9.482ms
[661.033s][info][gc,cpu         ] GC(1834) User=0.02s Sys=0.00s Real=0.01s
[661.301s][info][gc,start       ] GC(1835) Pause Young (Allocation Failure)
[661.310s][info][gc,heap        ] GC(1835) PSYoungGen: 118976K(222720K)->7392K(222720K) Eden: 111616K(111616K)->0K(111616K) From: 7360K(111104K)->7392K(111104K)
[661.310s][info][gc,heap        ] GC(1835) ParOldGen: 387175K(664576K)->387175K(664576K)
[661.310s][info][gc,metaspace   ] GC(1835) Metaspace: 18935K(19072K)->18935K(19072K) NonClass: 17105K(17216K)->17105K(17216K) Class: 1829K(1856K)->1829K(1856K)
[661.310s][info][gc             ] GC(1835) Pause Young (Allocation Failure) 494M->385M(866M) 9.434ms
[661.310s][info][gc,cpu         ] GC(1835) User=0.01s Sys=0.00s Real=0.01s
[661.526s][info][gc,start       ] GC(1836) Pause Young (Allocation Failure)
[661.536s][info][gc,heap        ] GC(1836) PSYoungGen: 119008K(222720K)->288K(222720K) Eden: 111616K(111616K)->0K(111616K) From: 7392K(111104K)->288K(111104K)
[661.536s][info][gc,heap        ] GC(1836) ParOldGen: 387175K(664576K)->394343K(664576K)
[661.536s][info][gc,metaspace   ] GC(1836) Metaspace: 18935K(19072K)->18935K(19072K) NonClass: 17105K(17216K)->17105K(17216K) Class: 1829K(1856K)->1829K(1856K)
[661.536s][info][gc             ] GC(1836) Pause Young (Allocation Failure) 494M->385M(866M) 10.115ms
[661.536s][info][gc,cpu         ] GC(1836) User=0.02s Sys=0.00s Real=0.01s
[661.865s][info][gc,start       ] GC(1837) Pause Young (Allocation Failure)
[661.868s][info][gc,heap        ] GC(1837) PSYoungGen: 111904K(222720K)->96K(222720K) Eden: 111616K(111616K)->0K(111616K) From: 288K(111104K)->96K(111104K)
[661.868s][info][gc,heap        ] GC(1837) ParOldGen: 394343K(664576K)->394568K(664576K)
[661.868s][info][gc,metaspace   ] GC(1837) Metaspace: 18935K(19072K)->18935K(19072K) NonClass: 17105K(17216K)->17105K(17216K) Class: 1829K(1856K)->1829K(1856K)
[661.868s][info][gc             ] GC(1837) Pause Young (Allocation Failure) 494M->385M(866M) 2.587ms
[661.868s][info][gc,cpu         ] GC(1837) User=0.01s Sys=0.00s Real=0.00s
[662.067s][info][gc,start       ] GC(1838) Pause Young (Allocation Failure)
[662.074s][info][gc,heap        ] GC(1838) PSYoungGen: 111712K(222720K)->5600K(222720K) Eden: 111616K(111616K)->0K(111616K) From: 96K(111104K)->5600K(111104K)
[662.074s][info][gc,heap        ] GC(1838) ParOldGen: 394568K(664576K)->394648K(664576K)
[662.074s][info][gc,metaspace   ] GC(1838) Metaspace: 18935K(19072K)->18935K(19072K) NonClass: 17105K(17216K)->17105K(17216K) Class: 1829K(1856K)->1829K(1856K)
[662.074s][info][gc             ] GC(1838) Pause Young (Allocation Failure) 494M->390M(866M) 7.572ms
[662.074s][info][gc,cpu         ] GC(1838) User=0.02s Sys=0.00s Real=0.00s
[662.200s][info][gc,start       ] GC(1839) Pause Young (Allocation Failure)
[662.231s][info][gc,heap        ] GC(1839) PSYoungGen: 117216K(222720K)->32896K(222720K) Eden: 111616K(111616K)->0K(111616K) From: 5600K(111104K)->32896K(111104K)
[662.231s][info][gc,heap        ] GC(1839) ParOldGen: 394648K(664576K)->400264K(664576K)
[662.231s][info][gc,metaspace   ] GC(1839) Metaspace: 18935K(19072K)->18935K(19072K) NonClass: 17105K(17216K)->17105K(17216K) Class: 1829K(1856K)->1829K(1856K)
[662.231s][info][gc             ] GC(1839) Pause Young (Allocation Failure) 499M->423M(866M) 31.750ms
[662.231s][info][gc,cpu         ] GC(1839) User=0.07s Sys=0.00s Real=0.03s
[662.294s][info][gc,start       ] GC(1840) Pause Young (Allocation Failure)
[662.346s][info][gc,heap        ] GC(1840) PSYoungGen: 144512K(222720K)->42720K(222720K) Eden: 111616K(111616K)->0K(111616K) From: 32896K(111104K)->42720K(111104K)
[662.346s][info][gc,heap        ] GC(1840) ParOldGen: 400264K(664576K)->433504K(664576K)
[662.346s][info][gc,metaspace   ] GC(1840) Metaspace: 18935K(19072K)->18935K(19072K) NonClass: 17105K(17216K)->17105K(17216K) Class: 1829K(1856K)->1829K(1856K)
[662.346s][info][gc             ] GC(1840) Pause Young (Allocation Failure) 532M->465M(866M) 52.427ms
[662.346s][info][gc,cpu         ] GC(1840) User=0.10s Sys=0.00s Real=0.06s
[662.416s][info][gc,start       ] GC(1841) Pause Young (Allocation Failure)
[662.474s][info][gc,heap        ] GC(1841) PSYoungGen: 154336K(222720K)->43968K(222720K) Eden: 111616K(111616K)->0K(111616K) From: 42720K(111104K)->43968K(111104K)
[662.474s][info][gc,heap        ] GC(1841) ParOldGen: 433504K(664576K)->476720K(664576K)
[662.474s][info][gc,metaspace   ] GC(1841) Metaspace: 18935K(19072K)->18935K(19072K) NonClass: 17105K(17216K)->17105K(17216K) Class: 1829K(1856K)->1829K(1856K)
[662.474s][info][gc             ] GC(1841) Pause Young (Allocation Failure) 574M->508M(866M) 58.534ms
[662.474s][info][gc,cpu         ] GC(1841) User=0.12s Sys=0.00s Real=0.05s
[662.732s][info][gc,start       ] GC(1842) Pause Young (Allocation Failure)
[662.780s][info][gc,heap        ] GC(1842) PSYoungGen: 155584K(222720K)->21056K(215552K) Eden: 111616K(111616K)->0K(111616K) From: 43968K(111104K)->21056K(103936K)
[662.780s][info][gc,heap        ] GC(1842) ParOldGen: 476720K(664576K)->521224K(664576K)
[662.780s][info][gc,metaspace   ] GC(1842) Metaspace: 18935K(19072K)->18935K(19072K) NonClass: 17105K(17216K)->17105K(17216K) Class: 1829K(1856K)->1829K(1856K)
[662.780s][info][gc             ] GC(1842) Pause Young (Allocation Failure) 617M->529M(859M) 48.484ms
[662.780s][info][gc,cpu         ] GC(1842) User=0.10s Sys=0.00s Real=0.05s
[662.976s][info][gc,start       ] GC(1843) Pause Young (Allocation Failure)
[663.018s][info][gc,heap        ] GC(1843) PSYoungGen: 132672K(215552K)->50581K(219136K) Eden: 111616K(111616K)->0K(111616K) From: 21056K(103936K)->50581K(107520K)
[663.018s][info][gc,heap        ] GC(1843) ParOldGen: 521224K(664576K)->521224K(664576K)
[663.018s][info][gc,metaspace   ] GC(1843) Metaspace: 18935K(19072K)->18935K(19072K) NonClass: 17105K(17216K)->17105K(17216K) Class: 1829K(1856K)->1829K(1856K)
[663.018s][info][gc             ] GC(1843) Pause Young (Allocation Failure) 638M->558M(863M) 42.155ms
[663.018s][info][gc,cpu         ] GC(1843) User=0.08s Sys=0.00s Real=0.04s
[663.087s][info][gc,start       ] GC(1844) Pause Young (Allocation Failure)
[663.154s][info][gc,heap        ] GC(1844) PSYoungGen: 162197K(219136K)->87878K(217600K) Eden: 111616K(111616K)->0K(111616K) From: 50581K(107520K)->87878K(105984K)
[663.154s][info][gc,heap        ] GC(1844) ParOldGen: 521224K(664576K)->521224K(664576K)
[663.154s][info][gc,metaspace   ] GC(1844) Metaspace: 18935K(19072K)->18935K(19072K) NonClass: 17105K(17216K)->17105K(17216K) Class: 1829K(1856K)->1829K(1856K)
[663.154s][info][gc             ] GC(1844) Pause Young (Allocation Failure) 667M->594M(861M) 66.419ms
[663.154s][info][gc,cpu         ] GC(1844) User=0.13s Sys=0.00s Real=0.06s
[663.262s][info][gc,start       ] GC(1845) Pause Young (Allocation Failure)
[663.338s][info][gc,heap        ] GC(1845) PSYoungGen: 199494K(217600K)->43168K(222720K) Eden: 111616K(111616K)->0K(111616K) From: 87878K(105984K)->43168K(111104K)
[663.338s][info][gc,heap        ] GC(1845) ParOldGen: 521224K(664576K)->572302K(664576K)
[663.338s][info][gc,metaspace   ] GC(1845) Metaspace: 18935K(19072K)->18935K(19072K) NonClass: 17105K(17216K)->17105K(17216K) Class: 1829K(1856K)->1829K(1856K)
[663.338s][info][gc             ] GC(1845) Pause Young (Allocation Failure) 703M->601M(866M) 75.767ms
[663.338s][info][gc,cpu         ] GC(1845) User=0.15s Sys=0.00s Real=0.08s
[663.463s][info][gc,start       ] GC(1846) Pause Young (Allocation Failure)
[663.547s][info][gc,heap        ] GC(1846) PSYoungGen: 154784K(222720K)->17389K(217088K) Eden: 111616K(111616K)->0K(112128K) From: 43168K(111104K)->17389K(104960K)
[663.547s][info][gc,heap        ] GC(1846) ParOldGen: 572302K(664576K)->615854K(664576K)
[663.547s][info][gc,metaspace   ] GC(1846) Metaspace: 18935K(19072K)->18935K(19072K) NonClass: 17105K(17216K)->17105K(17216K) Class: 1829K(1856K)->1829K(1856K)
[663.547s][info][gc             ] GC(1846) Pause Young (Allocation Failure) 710M->618M(861M) 83.486ms
[663.547s][info][gc,cpu         ] GC(1846) User=0.17s Sys=0.00s Real=0.09s
[663.710s][info][gc,start       ] GC(1847) Pause Full (Allocation Failure)
[663.710s][info][gc,phases,start] GC(1847) Marking Phase
[664.044s][info][gc,phases      ] GC(1847) Marking Phase 333.732ms
[664.044s][info][gc,phases,start] GC(1847) Summary Phase
[664.044s][info][gc,phases      ] GC(1847) Summary Phase 0.030ms
[664.044s][info][gc,phases,start] GC(1847) Forward
[664.143s][info][gc,phases      ] GC(1847) Forward 99.240ms
[664.143s][info][gc,phases,start] GC(1847) Adjust Pointers
[664.404s][info][gc,phases      ] GC(1847) Adjust Pointers 260.822ms
[664.404s][info][gc,phases,start] GC(1847) Compaction Phase
[664.555s][info][gc,phases      ] GC(1847) Compaction Phase 151.000ms
[664.571s][info][gc,phases,start] GC(1847) Post Compact
[664.573s][info][gc,phases      ] GC(1847) Post Compact 2.234ms
[664.573s][info][gc,heap        ] GC(1847) PSYoungGen: 129517K(217088K)->0K(220160K) Eden: 112128K(112128K)->0K(112128K) From: 17389K(104960K)->0K(108032K)
[664.573s][info][gc,heap        ] GC(1847) ParOldGen: 615854K(664576K)->490947K(667648K)
[664.573s][info][gc,metaspace   ] GC(1847) Metaspace: 18935K(19072K)->18935K(19072K) NonClass: 17105K(17216K)->17105K(17216K) Class: 1829K(1856K)->1829K(1856K)
[664.573s][info][gc             ] GC(1847) Pause Full (Allocation Failure) 727M->479M(867M) 863.153ms
[664.573s][info][gc,cpu         ] GC(1847) User=1.64s Sys=0.00s Real=0.86s
[664.724s][info][gc,start       ] GC(1848) Pause Young (Allocation Failure)
[664.726s][info][gc,heap        ] GC(1848) PSYoungGen: 112128K(220160K)->64K(225792K) Eden: 112128K(112128K)->0K(117760K) From: 0K(108032K)->64K(108032K)
[664.726s][info][gc,heap        ] GC(1848) ParOldGen: 490947K(667648K)->490947K(667648K)
[664.726s][info][gc,metaspace   ] GC(1848) Metaspace: 18935K(19072K)->18935K(19072K) NonClass: 17105K(17216K)->17105K(17216K) Class: 1829K(1856K)->1829K(1856K)
[664.726s][info][gc             ] GC(1848) Pause Young (Allocation Failure) 588M->479M(872M) 1.744ms
[664.726s][info][gc,cpu         ] GC(1848) User=0.00s Sys=0.00s Real=0.01s
[664.884s][info][gc,start       ] GC(1849) Pause Young (Allocation Failure)
[664.886s][info][gc,heap        ] GC(1849) PSYoungGen: 117824K(225792K)->64K(118272K) Eden: 117760K(117760K)->0K(117760K) From: 64K(108032K)->64K(512K)
[664.886s][info][gc,heap        ] GC(1849) ParOldGen: 490947K(667648K)->490955K(667648K)
[664.886s][info][gc,metaspace   ] GC(1849) Metaspace: 18935K(19072K)->18935K(19072K) NonClass: 17105K(17216K)->17105K(17216K) Class: 1829K(1856K)->1829K(1856K)
[664.886s][info][gc             ] GC(1849) Pause Young (Allocation Failure) 594M->479M(767M) 1.803ms
[664.886s][info][gc,cpu         ] GC(1849) User=0.00s Sys=0.00s Real=0.01s
[665.043s][info][gc,start       ] GC(1850) Pause Young (Allocation Failure)
[665.045s][info][gc,heap        ] GC(1850) PSYoungGen: 117824K(118272K)->64K(226816K) Eden: 117760K(117760K)->0K(119808K) From: 64K(512K)->64K(107008K)
[665.045s][info][gc,heap        ] GC(1850) ParOldGen: 490955K(667648K)->490955K(667648K)
[665.045s][info][gc,metaspace   ] GC(1850) Metaspace: 18935K(19072K)->18935K(19072K) NonClass: 17105K(17216K)->17105K(17216K) Class: 1829K(1856K)->1829K(1856K)
[665.045s][info][gc             ] GC(1850) Pause Young (Allocation Failure) 594M->479M(873M) 1.768ms
[665.045s][info][gc,cpu         ] GC(1850) User=0.01s Sys=0.00s Real=0.01s
[665.205s][info][gc,start       ] GC(1851) Pause Young (Allocation Failure)
[665.207s][info][gc,heap        ] GC(1851) PSYoungGen: 119872K(226816K)->64K(120320K) Eden: 119808K(119808K)->0K(119808K) From: 64K(107008K)->64K(512K)
[665.207s][info][gc,heap        ] GC(1851) ParOldGen: 490955K(667648K)->490955K(667648K)
[665.207s][info][gc,metaspace   ] GC(1851) Metaspace: 18935K(19072K)->18935K(19072K) NonClass: 17105K(17216K)->17105K(17216K) Class: 1829K(1856K)->1829K(1856K)
[665.207s][info][gc             ] GC(1851) Pause Young (Allocation Failure) 596M->479M(769M) 1.887ms
[665.207s][info][gc,cpu         ] GC(1851) User=0.01s Sys=0.00s Real=0.00s
[665.367s][info][gc,start       ] GC(1852) Pause Young (Allocation Failure)
[665.369s][info][gc,heap        ] GC(1852) PSYoungGen: 119872K(120320K)->64K(225280K) Eden: 119808K(119808K)->0K(124928K) From: 64K(512K)->64K(100352K)
[665.369s][info][gc,heap        ] GC(1852) ParOldGen: 490955K(667648K)->490955K(667648K)
[665.369s][info][gc,metaspace   ] GC(1852) Metaspace: 18935K(19072K)->18935K(19072K) NonClass: 17105K(17216K)->17105K(17216K) Class: 1829K(1856K)->1829K(1856K)
[665.369s][info][gc             ] GC(1852) Pause Young (Allocation Failure) 596M->479M(872M) 1.973ms
[665.369s][info][gc,cpu         ] GC(1852) User=0.00s Sys=0.00s Real=0.00s
[665.537s][info][gc,start       ] GC(1853) Pause Young (Allocation Failure)
[665.539s][info][gc,heap        ] GC(1853) PSYoungGen: 124992K(225280K)->64K(224256K) Eden: 124928K(124928K)->0K(124928K) From: 64K(100352K)->64K(99328K)
[665.539s][info][gc,heap        ] GC(1853) ParOldGen: 490955K(667648K)->490955K(667648K)
[665.539s][info][gc,metaspace   ] GC(1853) Metaspace: 18935K(19072K)->18935K(19072K) NonClass: 17105K(17216K)->17105K(17216K) Class: 1829K(1856K)->1829K(1856K)
[665.539s][info][gc             ] GC(1853) Pause Young (Allocation Failure) 601M->479M(871M) 2.027ms
[665.539s][info][gc,cpu         ] GC(1853) User=0.00s Sys=0.00s Real=0.00s
[665.707s][info][gc,start       ] GC(1854) Pause Young (Allocation Failure)
[665.709s][info][gc,heap        ] GC(1854) PSYoungGen: 124992K(224256K)->64K(216064K) Eden: 124928K(124928K)->0K(129536K) From: 64K(99328K)->64K(86528K)
[665.709s][info][gc,heap        ] GC(1854) ParOldGen: 490955K(667648K)->490955K(667648K)
[665.709s][info][gc,metaspace   ] GC(1854) Metaspace: 18935K(19072K)->18935K(19072K) NonClass: 17105K(17216K)->17105K(17216K) Class: 1829K(1856K)->1829K(1856K)
[665.709s][info][gc             ] GC(1854) Pause Young (Allocation Failure) 601M->479M(863M) 2.568ms
[665.709s][info][gc,cpu         ] GC(1854) User=0.00s Sys=0.01s Real=0.00s
[665.882s][info][gc,start       ] GC(1855) Pause Young (Allocation Failure)
[665.884s][info][gc,heap        ] GC(1855) PSYoungGen: 129600K(216064K)->64K(221184K) Eden: 129536K(129536K)->0K(129536K) From: 64K(86528K)->64K(91648K)
[665.884s][info][gc,heap        ] GC(1855) ParOldGen: 490955K(667648K)->490955K(667648K)
[665.884s][info][gc,metaspace   ] GC(1855) Metaspace: 18935K(19072K)->18935K(19072K) NonClass: 17105K(17216K)->17105K(17216K) Class: 1829K(1856K)->1829K(1856K)
[665.884s][info][gc             ] GC(1855) Pause Young (Allocation Failure) 606M->479M(868M) 2.091ms
[665.884s][info][gc,cpu         ] GC(1855) User=0.00s Sys=0.00s Real=0.00s
[666.054s][info][gc,start       ] GC(1856) Pause Young (Allocation Failure)
[666.057s][info][gc,heap        ] GC(1856) PSYoungGen: 129600K(221184K)->64K(210432K) Eden: 129536K(129536K)->0K(132608K) From: 64K(91648K)->64K(77824K)
[666.057s][info][gc,heap        ] GC(1856) ParOldGen: 490955K(667648K)->490955K(667648K)
[666.057s][info][gc,metaspace   ] GC(1856) Metaspace: 18935K(19072K)->18935K(19072K) NonClass: 17105K(17216K)->17105K(17216K) Class: 1829K(1856K)->1829K(1856K)
[666.057s][info][gc             ] GC(1856) Pause Young (Allocation Failure) 606M->479M(857M) 2.829ms
[666.057s][info][gc,cpu         ] GC(1856) User=0.01s Sys=0.00s Real=0.01s
[666.231s][info][gc,start       ] GC(1857) Pause Young (Allocation Failure)
[666.234s][info][gc,heap        ] GC(1857) PSYoungGen: 132672K(210432K)->64K(133120K) Eden: 132608K(132608K)->0K(132608K) From: 64K(77824K)->64K(512K)
[666.234s][info][gc,heap        ] GC(1857) ParOldGen: 490955K(667648K)->490955K(667648K)
[666.234s][info][gc,metaspace   ] GC(1857) Metaspace: 18935K(19072K)->18935K(19072K) NonClass: 17105K(17216K)->17105K(17216K) Class: 1829K(1856K)->1829K(1856K)
[666.234s][info][gc             ] GC(1857) Pause Young (Allocation Failure) 609M->479M(782M) 2.372ms
[666.234s][info][gc,cpu         ] GC(1857) User=0.01s Sys=0.00s Real=0.00s
[666.373s][info][gc,start       ] GC(1858) Pause Young (Allocation Failure)
[666.391s][info][gc,heap        ] GC(1858) PSYoungGen: 132672K(133120K)->14304K(205824K) Eden: 132608K(132608K)->0K(137216K) From: 64K(512K)->14304K(68608K)
[666.391s][info][gc,heap        ] GC(1858) ParOldGen: 490955K(667648K)->490955K(667648K)
[666.391s][info][gc,metaspace   ] GC(1858) Metaspace: 18935K(19072K)->18935K(19072K) NonClass: 17105K(17216K)->17105K(17216K) Class: 1829K(1856K)->1829K(1856K)
[666.391s][info][gc             ] GC(1858) Pause Young (Allocation Failure) 609M->493M(853M) 18.727ms
[666.391s][info][gc,cpu         ] GC(1858) User=0.04s Sys=0.00s Real=0.02s
[666.519s][info][gc,start       ] GC(1859) Pause Young (Allocation Failure)
[666.550s][info][gc,heap        ] GC(1859) PSYoungGen: 151520K(205824K)->29280K(210432K) Eden: 137216K(137216K)->0K(137216K) From: 14304K(68608K)->29280K(73216K)
[666.550s][info][gc,heap        ] GC(1859) ParOldGen: 490955K(667648K)->490955K(667648K)
[666.550s][info][gc,metaspace   ] GC(1859) Metaspace: 18935K(19072K)->18935K(19072K) NonClass: 17105K(17216K)->17105K(17216K) Class: 1829K(1856K)->1829K(1856K)
[666.550s][info][gc             ] GC(1859) Pause Young (Allocation Failure) 627M->508M(857M) 31.626ms
[666.550s][info][gc,cpu         ] GC(1859) User=0.06s Sys=0.00s Real=0.03s
[666.650s][info][gc,start       ] GC(1860) Pause Young (Allocation Failure)
[666.686s][info][gc,heap        ] GC(1860) PSYoungGen: 166496K(210432K)->33376K(216064K) Eden: 137216K(137216K)->0K(143360K) From: 29280K(73216K)->33376K(72704K)
[666.686s][info][gc,heap        ] GC(1860) ParOldGen: 490955K(667648K)->490955K(667648K)
[666.686s][info][gc,metaspace   ] GC(1860) Metaspace: 18935K(19072K)->18935K(19072K) NonClass: 17105K(17216K)->17105K(17216K) Class: 1829K(1856K)->1829K(1856K)
[666.686s][info][gc             ] GC(1860) Pause Young (Allocation Failure) 642M->512M(863M) 35.136ms
[666.686s][info][gc,cpu         ] GC(1860) User=0.07s Sys=0.00s Real=0.04s
[666.812s][info][gc,start       ] GC(1861) Pause Young (Allocation Failure)
[666.849s][info][gc,heap        ] GC(1861) PSYoungGen: 176736K(216064K)->35296K(217088K) Eden: 143360K(143360K)->0K(143360K) From: 33376K(72704K)->35296K(73728K)
[666.849s][info][gc,heap        ] GC(1861) ParOldGen: 490955K(667648K)->490955K(667648K)
[666.849s][info][gc,metaspace   ] GC(1861) Metaspace: 18935K(19072K)->18935K(19072K) NonClass: 17105K(17216K)->17105K(17216K) Class: 1829K(1856K)->1829K(1856K)
[666.849s][info][gc             ] GC(1861) Pause Young (Allocation Failure) 652M->513M(864M) 37.022ms
[666.849s][info][gc,cpu         ] GC(1861) User=0.07s Sys=0.00s Real=0.04s
[666.987s][info][gc,start       ] GC(1862) Pause Young (Allocation Failure)
[667.025s][info][gc,heap        ] GC(1862) PSYoungGen: 178656K(217088K)->35264K(228352K) Eden: 143360K(143360K)->0K(153600K) From: 35296K(73728K)->35264K(74752K)
[667.025s][info][gc,heap        ] GC(1862) ParOldGen: 490955K(667648K)->490955K(667648K)
[667.025s][info][gc,metaspace   ] GC(1862) Metaspace: 18935K(19072K)->18935K(19072K) NonClass: 17105K(17216K)->17105K(17216K) Class: 1829K(1856K)->1829K(1856K)
[667.025s][info][gc             ] GC(1862) Pause Young (Allocation Failure) 653M->513M(875M) 37.973ms
[667.025s][info][gc,cpu         ] GC(1862) User=0.08s Sys=0.01s Real=0.04s
[667.183s][info][gc,start       ] GC(1863) Pause Young (Allocation Failure)
[667.229s][info][gc,heap        ] GC(1863) PSYoungGen: 188864K(228352K)->44000K(228864K) Eden: 153600K(153600K)->0K(153600K) From: 35264K(74752K)->44000K(75264K)
[667.229s][info][gc,heap        ] GC(1863) ParOldGen: 490955K(667648K)->490955K(667648K)
[667.229s][info][gc,metaspace   ] GC(1863) Metaspace: 18935K(19072K)->18935K(19072K) NonClass: 17105K(17216K)->17105K(17216K) Class: 1829K(1856K)->1829K(1856K)
[667.229s][info][gc             ] GC(1863) Pause Young (Allocation Failure) 663M->522M(875M) 45.587ms
[667.229s][info][gc,cpu         ] GC(1863) User=0.09s Sys=0.00s Real=0.05s
[667.526s][info][gc,start       ] GC(1864) Pause Young (Allocation Failure)
[667.575s][info][gc,heap        ] GC(1864) PSYoungGen: 197600K(228864K)->44032K(242176K) Eden: 153600K(153600K)->0K(163840K) From: 44000K(75264K)->44032K(78336K)
[667.575s][info][gc,heap        ] GC(1864) ParOldGen: 490955K(667648K)->490955K(667648K)
[667.575s][info][gc,metaspace   ] GC(1864) Metaspace: 18935K(19072K)->18935K(19072K) NonClass: 17105K(17216K)->17105K(17216K) Class: 1829K(1856K)->1829K(1856K)
[667.575s][info][gc             ] GC(1864) Pause Young (Allocation Failure) 672M->522M(888M) 48.942ms
[667.575s][info][gc,cpu         ] GC(1864) User=0.09s Sys=0.00s Real=0.05s
[667.854s][info][gc,start       ] GC(1865) Pause Young (Allocation Failure)
[667.899s][info][gc,heap        ] GC(1865) PSYoungGen: 207872K(242176K)->44160K(244736K) Eden: 163840K(163840K)->0K(163840K) From: 44032K(78336K)->44160K(80896K)
[667.899s][info][gc,heap        ] GC(1865) ParOldGen: 490955K(667648K)->490955K(667648K)
[667.899s][info][gc,metaspace   ] GC(1865) Metaspace: 18935K(19072K)->18935K(19072K) NonClass: 17105K(17216K)->17105K(17216K) Class: 1829K(1856K)->1829K(1856K)
[667.899s][info][gc             ] GC(1865) Pause Young (Allocation Failure) 682M->522M(891M) 45.168ms
[667.899s][info][gc,cpu         ] GC(1865) User=0.09s Sys=0.00s Real=0.05s
[668.162s][info][gc,start       ] GC(1866) Pause Young (Allocation Failure)
[668.210s][info][gc,heap        ] GC(1866) PSYoungGen: 208000K(244736K)->44192K(250368K) Eden: 163840K(163840K)->0K(167936K) From: 44160K(80896K)->44192K(82432K)
[668.210s][info][gc,heap        ] GC(1866) ParOldGen: 490955K(667648K)->490955K(667648K)
[668.210s][info][gc,metaspace   ] GC(1866) Metaspace: 18935K(19072K)->18935K(19072K) NonClass: 17105K(17216K)->17105K(17216K) Class: 1829K(1856K)->1829K(1856K)
[668.210s][info][gc             ] GC(1866) Pause Young (Allocation Failure) 682M->522M(896M) 48.805ms
[668.210s][info][gc,cpu         ] GC(1866) User=0.09s Sys=0.01s Real=0.05s
[668.478s][info][gc,start       ] GC(1867) Pause Young (Allocation Failure)
[668.531s][info][gc,heap        ] GC(1867) PSYoungGen: 212128K(250368K)->53504K(221696K) Eden: 167936K(167936K)->0K(167936K) From: 44192K(82432K)->53504K(53760K)
[668.531s][info][gc,heap        ] GC(1867) ParOldGen: 490955K(667648K)->490955K(667648K)
[668.531s][info][gc,metaspace   ] GC(1867) Metaspace: 18935K(19072K)->18935K(19072K) NonClass: 17105K(17216K)->17105K(17216K) Class: 1829K(1856K)->1829K(1856K)
[668.531s][info][gc             ] GC(1867) Pause Young (Allocation Failure) 686M->531M(868M) 52.968ms
[668.531s][info][gc,cpu         ] GC(1867) User=0.10s Sys=0.00s Real=0.05s
[668.709s][info][gc,start       ] GC(1868) Pause Young (Allocation Failure)
[668.771s][info][gc,heap        ] GC(1868) PSYoungGen: 221440K(221696K)->58176K(238592K) Eden: 167936K(167936K)->0K(151552K) From: 53504K(53760K)->58176K(87040K)
[668.771s][info][gc,heap        ] GC(1868) ParOldGen: 490955K(667648K)->490955K(667648K)
[668.771s][info][gc,metaspace   ] GC(1868) Metaspace: 18935K(19072K)->18935K(19072K) NonClass: 17105K(17216K)->17105K(17216K) Class: 1829K(1856K)->1829K(1856K)
[668.771s][info][gc             ] GC(1868) Pause Young (Allocation Failure) 695M->536M(885M) 61.668ms
[668.771s][info][gc,cpu         ] GC(1868) User=0.11s Sys=0.01s Real=0.06s
[668.912s][info][gc,start       ] GC(1869) Pause Young (Allocation Failure)
[668.990s][info][gc,heap        ] GC(1869) PSYoungGen: 209728K(238592K)->87008K(238592K) Eden: 151552K(151552K)->0K(151552K) From: 58176K(87040K)->87008K(87040K)
[668.990s][info][gc,heap        ] GC(1869) ParOldGen: 490955K(667648K)->490955K(667648K)
[668.990s][info][gc,metaspace   ] GC(1869) Metaspace: 18935K(19072K)->18935K(19072K) NonClass: 17106K(17216K)->17106K(17216K) Class: 1829K(1856K)->1829K(1856K)
[668.990s][info][gc             ] GC(1869) Pause Young (Allocation Failure) 684M->564M(885M) 78.642ms
[668.990s][info][gc,cpu         ] GC(1869) User=0.15s Sys=0.00s Real=0.08s
[669.176s][info][gc,start       ] GC(1870) Pause Young (Allocation Failure)
[669.289s][info][gc,heap        ] GC(1870) PSYoungGen: 238560K(238592K)->95216K(206848K) Eden: 151552K(151552K)->0K(111616K) From: 87008K(87040K)->95216K(95232K)
[669.289s][info][gc,heap        ] GC(1870) ParOldGen: 490955K(667648K)->511243K(667648K)
[669.289s][info][gc,metaspace   ] GC(1870) Metaspace: 18937K(19072K)->18937K(19072K) NonClass: 17108K(17216K)->17108K(17216K) Class: 1829K(1856K)->1829K(1856K)
[669.289s][info][gc             ] GC(1870) Pause Young (Allocation Failure) 712M->592M(854M) 113.862ms
[669.289s][info][gc,cpu         ] GC(1870) User=0.20s Sys=0.02s Real=0.11s
[669.437s][info][gc,start       ] GC(1871) Pause Young (Allocation Failure)
[669.550s][info][gc,heap        ] GC(1871) PSYoungGen: 206832K(206848K)->109744K(222720K) Eden: 111616K(111616K)->0K(111616K) From: 95216K(95232K)->109744K(111104K)
[669.550s][info][gc,heap        ] GC(1871) ParOldGen: 511243K(667648K)->511251K(667648K)
[669.550s][info][gc,metaspace   ] GC(1871) Metaspace: 18937K(19072K)->18937K(19072K) NonClass: 17108K(17216K)->17108K(17216K) Class: 1829K(1856K)->1829K(1856K)
[669.550s][info][gc             ] GC(1871) Pause Young (Allocation Failure) 701M->606M(869M) 113.089ms
[669.550s][info][gc,cpu         ] GC(1871) User=0.22s Sys=0.00s Real=0.11s
[669.697s][info][gc,start       ] GC(1872) Pause Young (Allocation Failure)
[669.811s][info][gc,heap        ] GC(1872) PSYoungGen: 221360K(222720K)->80512K(222720K) Eden: 111616K(111616K)->0K(111616K) From: 109744K(111104K)->80512K(111104K)
[669.811s][info][gc,heap        ] GC(1872) ParOldGen: 511251K(667648K)->540595K(667648K)
[669.811s][info][gc,metaspace   ] GC(1872) Metaspace: 18937K(19072K)->18937K(19072K) NonClass: 17108K(17216K)->17108K(17216K) Class: 1829K(1856K)->1829K(1856K)
[669.811s][info][gc             ] GC(1872) Pause Young (Allocation Failure) 715M->606M(869M) 113.989ms
[669.811s][info][gc,cpu         ] GC(1872) User=0.23s Sys=0.00s Real=0.11s
[669.957s][info][gc,start       ] GC(1873) Pause Young (Allocation Failure)
[670.045s][info][gc,heap        ] GC(1873) PSYoungGen: 192128K(222720K)->74528K(222720K) Eden: 111616K(111616K)->0K(111616K) From: 80512K(111104K)->74528K(111104K)
[670.045s][info][gc,heap        ] GC(1873) ParOldGen: 540595K(667648K)->546611K(667648K)
[670.045s][info][gc,metaspace   ] GC(1873) Metaspace: 18937K(19072K)->18937K(19072K) NonClass: 17108K(17216K)->17108K(17216K) Class: 1829K(1856K)->1829K(1856K)
[670.045s][info][gc             ] GC(1873) Pause Young (Allocation Failure) 715M->606M(869M) 88.383ms
[670.045s][info][gc,cpu         ] GC(1873) User=0.17s Sys=0.00s Real=0.09s
[670.189s][info][gc,start       ] GC(1874) Pause Young (Allocation Failure)
[670.271s][info][gc,heap        ] GC(1874) PSYoungGen: 186144K(222720K)->65824K(222720K) Eden: 111616K(111616K)->0K(111616K) From: 74528K(111104K)->65824K(111104K)
[670.271s][info][gc,heap        ] GC(1874) ParOldGen: 546611K(667648K)->555339K(667648K)
[670.271s][info][gc,metaspace   ] GC(1874) Metaspace: 18937K(19072K)->18937K(19072K) NonClass: 17108K(17216K)->17108K(17216K) Class: 1829K(1856K)->1829K(1856K)
[670.271s][info][gc             ] GC(1874) Pause Young (Allocation Failure) 715M->606M(869M) 82.081ms
[670.271s][info][gc,cpu         ] GC(1874) User=0.16s Sys=0.00s Real=0.08s
[670.416s][info][gc,start       ] GC(1875) Pause Young (Allocation Failure)
[670.488s][info][gc,heap        ] GC(1875) PSYoungGen: 177440K(222720K)->65664K(222720K) Eden: 111616K(111616K)->0K(111616K) From: 65824K(111104K)->65664K(111104K)
[670.488s][info][gc,heap        ] GC(1875) ParOldGen: 555339K(667648K)->555529K(667648K)
[670.488s][info][gc,metaspace   ] GC(1875) Metaspace: 18937K(19072K)->18937K(19072K) NonClass: 17108K(17216K)->17108K(17216K) Class: 1829K(1856K)->1829K(1856K)
[670.488s][info][gc             ] GC(1875) Pause Young (Allocation Failure) 715M->606M(869M) 72.288ms
[670.488s][info][gc,cpu         ] GC(1875) User=0.14s Sys=0.00s Real=0.07s
[670.620s][info][gc,start       ] GC(1876) Pause Young (Allocation Failure)
[670.703s][info][gc,heap        ] GC(1876) PSYoungGen: 177280K(222720K)->62976K(222720K) Eden: 111616K(111616K)->0K(111616K) From: 65664K(111104K)->62976K(111104K)
[670.703s][info][gc,heap        ] GC(1876) ParOldGen: 555529K(667648K)->564929K(667648K)
[670.703s][info][gc,metaspace   ] GC(1876) Metaspace: 18937K(19072K)->18937K(19072K) NonClass: 17108K(17216K)->17108K(17216K) Class: 1829K(1856K)->1829K(1856K)
[670.703s][info][gc             ] GC(1876) Pause Young (Allocation Failure) 715M->613M(869M) 82.423ms
[670.703s][info][gc,cpu         ] GC(1876) User=0.17s Sys=0.00s Real=0.08s
[670.812s][info][gc,start       ] GC(1877) Pause Young (Allocation Failure)
[670.903s][info][gc,heap        ] GC(1877) PSYoungGen: 174592K(222720K)->61568K(222720K) Eden: 111616K(111616K)->0K(111616K) From: 62976K(111104K)->61568K(111104K)
[670.904s][info][gc,heap        ] GC(1877) ParOldGen: 564929K(667648K)->585412K(667648K)
[670.904s][info][gc,metaspace   ] GC(1877) Metaspace: 18937K(19072K)->18937K(19072K) NonClass: 17108K(17216K)->17108K(17216K) Class: 1829K(1856K)->1829K(1856K)
[670.904s][info][gc             ] GC(1877) Pause Young (Allocation Failure) 722M->631M(869M) 91.584ms
[670.904s][info][gc,cpu         ] GC(1877) User=0.19s Sys=0.00s Real=0.09s
[670.990s][info][gc,start       ] GC(1878) Pause Young (Allocation Failure)
[671.078s][info][gc,heap        ] GC(1878) PSYoungGen: 173184K(222720K)->43712K(222720K) Eden: 111616K(111616K)->0K(111616K) From: 61568K(111104K)->43712K(111104K)
[671.078s][info][gc,heap        ] GC(1878) ParOldGen: 585412K(667648K)->621620K(667648K)
[671.078s][info][gc,metaspace   ] GC(1878) Metaspace: 18937K(19072K)->18937K(19072K) NonClass: 17108K(17216K)->17108K(17216K) Class: 1829K(1856K)->1829K(1856K)
[671.078s][info][gc             ] GC(1878) Pause Young (Allocation Failure) 740M->649M(869M) 88.091ms
[671.078s][info][gc,cpu         ] GC(1878) User=0.17s Sys=0.00s Real=0.09s
[671.179s][info][gc,start       ] GC(1879) Pause Full (Allocation Failure)
[671.179s][info][gc,phases,start] GC(1879) Marking Phase
[671.563s][info][gc,phases      ] GC(1879) Marking Phase 384.250ms
[671.563s][info][gc,phases,start] GC(1879) Summary Phase
[671.563s][info][gc,phases      ] GC(1879) Summary Phase 0.026ms
[671.563s][info][gc,phases,start] GC(1879) Forward
[671.603s][info][gc,phases      ] GC(1879) Forward 40.066ms
[671.603s][info][gc,phases,start] GC(1879) Adjust Pointers
[671.871s][info][gc,phases      ] GC(1879) Adjust Pointers 268.165ms
[671.871s][info][gc,phases,start] GC(1879) Compaction Phase
[672.003s][info][gc,phases      ] GC(1879) Compaction Phase 132.018ms
[672.007s][info][gc,phases,start] GC(1879) Post Compact
[672.009s][info][gc,phases      ] GC(1879) Post Compact 2.300ms
[672.009s][info][gc,heap        ] GC(1879) PSYoungGen: 155328K(222720K)->0K(222720K) Eden: 111616K(111616K)->0K(111616K) From: 43712K(111104K)->0K(111104K)
[672.009s][info][gc,heap        ] GC(1879) ParOldGen: 621620K(667648K)->549448K(667648K)
[672.009s][info][gc,metaspace   ] GC(1879) Metaspace: 18937K(19072K)->18937K(19072K) NonClass: 17108K(17216K)->17108K(17216K) Class: 1829K(1856K)->1829K(1856K)
[672.009s][info][gc             ] GC(1879) Pause Full (Allocation Failure) 758M->536M(869M) 830.668ms
[672.009s][info][gc,cpu         ] GC(1879) User=1.60s Sys=0.00s Real=0.83s
[672.131s][info][gc,start       ] GC(1880) Pause Young (Allocation Failure)
[672.147s][info][gc,heap        ] GC(1880) PSYoungGen: 111616K(222720K)->6464K(222720K) Eden: 111616K(111616K)->0K(111616K) From: 0K(111104K)->6464K(111104K)
[672.147s][info][gc,heap        ] GC(1880) ParOldGen: 549448K(667648K)->549448K(667648K)
[672.147s][info][gc,metaspace   ] GC(1880) Metaspace: 18937K(19072K)->18937K(19072K) NonClass: 17108K(17216K)->17108K(17216K) Class: 1829K(1856K)->1829K(1856K)
[672.147s][info][gc             ] GC(1880) Pause Young (Allocation Failure) 645M->542M(869M) 16.373ms
[672.147s][info][gc,cpu         ] GC(1880) User=0.03s Sys=0.00s Real=0.02s
[672.220s][info][gc,start       ] GC(1881) Pause Young (Allocation Failure)
[672.238s][info][gc,heap        ] GC(1881) PSYoungGen: 118080K(222720K)->14464K(222720K) Eden: 111616K(111616K)->0K(111616K) From: 6464K(111104K)->14464K(111104K)
[672.238s][info][gc,heap        ] GC(1881) ParOldGen: 549448K(667648K)->549448K(667648K)
[672.238s][info][gc,metaspace   ] GC(1881) Metaspace: 18937K(19072K)->18937K(19072K) NonClass: 17108K(17216K)->17108K(17216K) Class: 1829K(1856K)->1829K(1856K)
[672.238s][info][gc             ] GC(1881) Pause Young (Allocation Failure) 651M->550M(869M) 17.738ms
[672.238s][info][gc,cpu         ] GC(1881) User=0.04s Sys=0.00s Real=0.02s
[672.310s][info][gc,start       ] GC(1882) Pause Young (Allocation Failure)
[672.331s][info][gc,heap        ] GC(1882) PSYoungGen: 126080K(222720K)->17728K(222720K) Eden: 111616K(111616K)->0K(111616K) From: 14464K(111104K)->17728K(111104K)
[672.331s][info][gc,heap        ] GC(1882) ParOldGen: 549448K(667648K)->549448K(667648K)
[672.331s][info][gc,metaspace   ] GC(1882) Metaspace: 18937K(19072K)->18937K(19072K) NonClass: 17108K(17216K)->17108K(17216K) Class: 1829K(1856K)->1829K(1856K)
[672.331s][info][gc             ] GC(1882) Pause Young (Allocation Failure) 659M->553M(869M) 21.241ms
[672.331s][info][gc,cpu         ] GC(1882) User=0.04s Sys=0.00s Real=0.02s
[672.429s][info][gc,start       ] GC(1883) Pause Young (Allocation Failure)
[672.455s][info][gc,heap        ] GC(1883) PSYoungGen: 129344K(222720K)->11392K(222720K) Eden: 111616K(111616K)->0K(111616K) From: 17728K(111104K)->11392K(111104K)
[672.455s][info][gc,heap        ] GC(1883) ParOldGen: 549448K(667648K)->555888K(667648K)
[672.455s][info][gc,metaspace   ] GC(1883) Metaspace: 18937K(19072K)->18937K(19072K) NonClass: 17108K(17216K)->17108K(17216K) Class: 1829K(1856K)->1829K(1856K)
[672.455s][info][gc             ] GC(1883) Pause Young (Allocation Failure) 662M->553M(869M) 26.097ms
[672.455s][info][gc,cpu         ] GC(1883) User=0.05s Sys=0.00s Real=0.03s
[672.553s][info][gc,start       ] GC(1884) Pause Young (Allocation Failure)
[672.575s][info][gc,heap        ] GC(1884) PSYoungGen: 123008K(222720K)->2592K(222720K) Eden: 111616K(111616K)->0K(111616K) From: 11392K(111104K)->2592K(111104K)
[672.575s][info][gc,heap        ] GC(1884) ParOldGen: 555888K(667648K)->567200K(667648K)
[672.575s][info][gc,metaspace   ] GC(1884) Metaspace: 18937K(19072K)->18937K(19072K) NonClass: 17108K(17216K)->17108K(17216K) Class: 1829K(1856K)->1829K(1856K)
[672.575s][info][gc             ] GC(1884) Pause Young (Allocation Failure) 662M->556M(869M) 22.086ms
[672.575s][info][gc,cpu         ] GC(1884) User=0.04s Sys=0.00s Real=0.03s
[672.646s][info][gc,start       ] GC(1885) Pause Young (Allocation Failure)
[672.668s][info][gc,heap        ] GC(1885) PSYoungGen: 114208K(222720K)->12736K(222720K) Eden: 111616K(111616K)->0K(111616K) From: 2592K(111104K)->12736K(111104K)
[672.668s][info][gc,heap        ] GC(1885) ParOldGen: 567200K(667648K)->569760K(667648K)
[672.668s][info][gc,metaspace   ] GC(1885) Metaspace: 18937K(19072K)->18937K(19072K) NonClass: 17108K(17216K)->17108K(17216K) Class: 1829K(1856K)->1829K(1856K)
[672.668s][info][gc             ] GC(1885) Pause Young (Allocation Failure) 665M->568M(869M) 22.332ms
[672.668s][info][gc,cpu         ] GC(1885) User=0.05s Sys=0.00s Real=0.02s
[672.748s][info][gc,start       ] GC(1886) Pause Young (Allocation Failure)
[672.780s][info][gc,heap        ] GC(1886) PSYoungGen: 124352K(222720K)->12864K(218624K) Eden: 111616K(111616K)->0K(111616K) From: 12736K(111104K)->12864K(107008K)
[672.780s][info][gc,heap        ] GC(1886) ParOldGen: 569760K(667648K)->582504K(667648K)
[672.780s][info][gc,metaspace   ] GC(1886) Metaspace: 18937K(19072K)->18937K(19072K) NonClass: 17108K(17216K)->17108K(17216K) Class: 1829K(1856K)->1829K(1856K)
[672.780s][info][gc             ] GC(1886) Pause Young (Allocation Failure) 677M->581M(865M) 32.391ms
[672.780s][info][gc,cpu         ] GC(1886) User=0.06s Sys=0.00s Real=0.03s
[672.847s][info][gc,start       ] GC(1887) Pause Young (Allocation Failure)
[672.868s][info][gc,heap        ] GC(1887) PSYoungGen: 124480K(218624K)->4608K(220672K) Eden: 111616K(111616K)->0K(111616K) From: 12864K(107008K)->4608K(109056K)
[672.868s][info][gc,heap        ] GC(1887) ParOldGen: 582504K(667648K)->595392K(667648K)
[672.868s][info][gc,metaspace   ] GC(1887) Metaspace: 18937K(19072K)->18937K(19072K) NonClass: 17108K(17216K)->17108K(17216K) Class: 1829K(1856K)->1829K(1856K)
[672.868s][info][gc             ] GC(1887) Pause Young (Allocation Failure) 690M->585M(867M) 21.191ms
[672.868s][info][gc,cpu         ] GC(1887) User=0.04s Sys=0.00s Real=0.02s
[672.928s][info][gc,start       ] GC(1888) Pause Young (Allocation Failure)
[672.938s][info][gc,heap        ] GC(1888) PSYoungGen: 116224K(220672K)->544K(220160K) Eden: 111616K(111616K)->0K(118272K) From: 4608K(109056K)->544K(101888K)
[672.938s][info][gc,heap        ] GC(1888) ParOldGen: 595392K(667648K)->600000K(667648K)
[672.938s][info][gc,metaspace   ] GC(1888) Metaspace: 18937K(19072K)->18937K(19072K) NonClass: 17108K(17216K)->17108K(17216K) Class: 1829K(1856K)->1829K(1856K)
[672.938s][info][gc             ] GC(1888) Pause Young (Allocation Failure) 694M->586M(867M) 9.915ms
[672.938s][info][gc,cpu         ] GC(1888) User=0.02s Sys=0.00s Real=0.01s
[673.027s][info][gc,start       ] GC(1889) Pause Young (Allocation Failure)
[673.034s][info][gc,heap        ] GC(1889) PSYoungGen: 118816K(220160K)->704K(222208K) Eden: 118272K(118272K)->0K(118272K) From: 544K(101888K)->704K(103936K)
[673.034s][info][gc,heap        ] GC(1889) ParOldGen: 600000K(667648K)->600528K(667648K)
[673.034s][info][gc,metaspace   ] GC(1889) Metaspace: 18937K(19072K)->18937K(19072K) NonClass: 17108K(17216K)->17108K(17216K) Class: 1829K(1856K)->1829K(1856K)
[673.034s][info][gc             ] GC(1889) Pause Young (Allocation Failure) 701M->587M(869M) 6.172ms
[673.034s][info][gc,cpu         ] GC(1889) User=0.01s Sys=0.00s Real=0.00s
[673.139s][info][gc,start       ] GC(1890) Pause Young (Allocation Failure)
[673.147s][info][gc,heap        ] GC(1890) PSYoungGen: 118976K(222208K)->3584K(220672K) Eden: 118272K(118272K)->0K(128000K) From: 704K(103936K)->3584K(92672K)
[673.147s][info][gc,heap        ] GC(1890) ParOldGen: 600528K(667648K)->600528K(667648K)
[673.147s][info][gc,metaspace   ] GC(1890) Metaspace: 18937K(19072K)->18937K(19072K) NonClass: 17108K(17216K)->17108K(17216K) Class: 1829K(1856K)->1829K(1856K)
[673.147s][info][gc             ] GC(1890) Pause Young (Allocation Failure) 702M->589M(867M) 8.073ms
[673.147s][info][gc,cpu         ] GC(1890) User=0.01s Sys=0.00s Real=0.01s
[673.236s][info][gc,start       ] GC(1891) Pause Young (Allocation Failure)
[673.259s][info][gc,heap        ] GC(1891) PSYoungGen: 131584K(220672K)->19584K(224768K) Eden: 128000K(128000K)->0K(128000K) From: 3584K(92672K)->19584K(96768K)
[673.259s][info][gc,heap        ] GC(1891) ParOldGen: 600528K(667648K)->600528K(667648K)
[673.259s][info][gc,metaspace   ] GC(1891) Metaspace: 18937K(19072K)->18937K(19072K) NonClass: 17108K(17216K)->17108K(17216K) Class: 1829K(1856K)->1829K(1856K)
[673.259s][info][gc             ] GC(1891) Pause Young (Allocation Failure) 714M->605M(871M) 23.133ms
[673.259s][info][gc,cpu         ] GC(1891) User=0.04s Sys=0.00s Real=0.02s
[673.444s][info][gc,start       ] GC(1892) Pause Young (Allocation Failure)
[673.480s][info][gc,heap        ] GC(1892) PSYoungGen: 147584K(224768K)->31280K(222208K) Eden: 128000K(128000K)->0K(139264K) From: 19584K(96768K)->31280K(82944K)
[673.480s][info][gc,heap        ] GC(1892) ParOldGen: 600528K(667648K)->600528K(667648K)
[673.480s][info][gc,metaspace   ] GC(1892) Metaspace: 18937K(19072K)->18937K(19072K) NonClass: 17108K(17216K)->17108K(17216K) Class: 1829K(1856K)->1829K(1856K)
[673.480s][info][gc             ] GC(1892) Pause Young (Allocation Failure) 730M->617M(869M) 36.456ms
[673.480s][info][gc,cpu         ] GC(1892) User=0.07s Sys=0.00s Real=0.04s
[673.725s][info][gc,start       ] GC(1893) Pause Young (Allocation Failure)
[673.768s][info][gc,heap        ] GC(1893) PSYoungGen: 170544K(222208K)->40920K(225792K) Eden: 139264K(139264K)->0K(139264K) From: 31280K(82944K)->40920K(86528K)
[673.768s][info][gc,heap        ] GC(1893) ParOldGen: 600528K(667648K)->600528K(667648K)
[673.768s][info][gc,metaspace   ] GC(1893) Metaspace: 18937K(19072K)->18937K(19072K) NonClass: 17108K(17216K)->17108K(17216K) Class: 1829K(1856K)->1829K(1856K)
[673.768s][info][gc             ] GC(1893) Pause Young (Allocation Failure) 753M->626M(872M) 43.159ms
[673.768s][info][gc,cpu         ] GC(1893) User=0.08s Sys=0.00s Real=0.04s
[674.099s][info][gc,start       ] GC(1894) Pause Young (Allocation Failure)
[674.145s][info][gc,heap        ] GC(1894) PSYoungGen: 180184K(225792K)->41272K(237056K) Eden: 139264K(139264K)->0K(151040K) From: 40920K(86528K)->41272K(86016K)
[674.145s][info][gc,heap        ] GC(1894) ParOldGen: 600528K(667648K)->600528K(667648K)
[674.145s][info][gc,metaspace   ] GC(1894) Metaspace: 18937K(19072K)->18937K(19072K) NonClass: 17108K(17216K)->17108K(17216K) Class: 1829K(1856K)->1829K(1856K)
[674.145s][info][gc             ] GC(1894) Pause Young (Allocation Failure) 762M->626M(883M) 45.464ms
[674.145s][info][gc,cpu         ] GC(1894) User=0.09s Sys=0.00s Real=0.05s
[674.621s][info][gc,start       ] GC(1895) Pause Young (Allocation Failure)
[674.676s][info][gc,heap        ] GC(1895) PSYoungGen: 192312K(237056K)->53264K(237568K) Eden: 151040K(151040K)->0K(151040K) From: 41272K(86016K)->53264K(86528K)
[674.676s][info][gc,heap        ] GC(1895) ParOldGen: 600528K(667648K)->600528K(667648K)
[674.676s][info][gc,metaspace   ] GC(1895) Metaspace: 18938K(19072K)->18938K(19072K) NonClass: 17108K(17216K)->17108K(17216K) Class: 1829K(1856K)->1829K(1856K)
[674.676s][info][gc             ] GC(1895) Pause Young (Allocation Failure) 774M->638M(884M) 55.107ms
[674.676s][info][gc,cpu         ] GC(1895) User=0.11s Sys=0.00s Real=0.06s
[674.834s][info][gc,start       ] GC(1896) Pause Young (Allocation Failure)
[674.936s][info][gc,heap        ] GC(1896) PSYoungGen: 204304K(237568K)->90600K(205312K) Eden: 151040K(151040K)->0K(114688K) From: 53264K(86528K)->90600K(90624K)
[674.936s][info][gc,heap        ] GC(1896) ParOldGen: 600528K(667648K)->607616K(667648K)
[674.936s][info][gc,metaspace   ] GC(1896) Metaspace: 18940K(19072K)->18940K(19072K) NonClass: 17111K(17216K)->17111K(17216K) Class: 1829K(1856K)->1829K(1856K)
[674.936s][info][gc             ] GC(1896) Pause Young (Allocation Failure) 785M->681M(852M) 102.086ms
[674.936s][info][gc,cpu         ] GC(1896) User=0.19s Sys=0.02s Real=0.11s
[675.080s][info][gc,start       ] GC(1897) Pause Young (Allocation Failure)
[675.183s][info][gc,heap        ] GC(1897) PSYoungGen: 205288K(205312K)->109540K(224256K) Eden: 114688K(114688K)->0K(114688K) From: 90600K(90624K)->109540K(109568K)
[675.183s][info][gc,heap        ] GC(1897) ParOldGen: 607616K(667648K)->615308K(667648K)
[675.183s][info][gc,metaspace   ] GC(1897) Metaspace: 18941K(19072K)->18941K(19072K) NonClass: 17111K(17216K)->17111K(17216K) Class: 1829K(1856K)->1829K(1856K)
[675.183s][info][gc             ] GC(1897) Pause Young (Allocation Failure) 793M->707M(871M) 103.385ms
[675.183s][info][gc,cpu         ] GC(1897) User=0.21s Sys=0.00s Real=0.10s
[675.353s][info][gc,start       ] GC(1898) Pause Young (Allocation Failure)
[675.448s][info][gc,heap        ] GC(1898) PSYoungGen: 224228K(224256K)->82180K(221184K) Eden: 114688K(114688K)->0K(111616K) From: 109540K(109568K)->82180K(109568K)
[675.448s][info][gc,heap        ] GC(1898) ParOldGen: 615308K(667648K)->643076K(667648K)
[675.448s][info][gc,metaspace   ] GC(1898) Metaspace: 18941K(19072K)->18941K(19072K) NonClass: 17111K(17216K)->17111K(17216K) Class: 1829K(1856K)->1829K(1856K)
[675.448s][info][gc             ] GC(1898) Pause Young (Allocation Failure) 819M->708M(868M) 95.084ms
[675.448s][info][gc,cpu         ] GC(1898) User=0.18s Sys=0.00s Real=0.10s
[675.604s][info][gc,start       ] GC(1899) Pause Full (Allocation Failure)
[675.604s][info][gc,phases,start] GC(1899) Marking Phase
[676.123s][info][gc,phases      ] GC(1899) Marking Phase 518.924ms
[676.123s][info][gc,phases,start] GC(1899) Summary Phase
[676.123s][info][gc,phases      ] GC(1899) Summary Phase 0.028ms
[676.123s][info][gc,phases,start] GC(1899) Forward
[676.260s][info][gc,phases      ] GC(1899) Forward 136.139ms
[676.260s][info][gc,phases,start] GC(1899) Adjust Pointers
[676.642s][info][gc,phases      ] GC(1899) Adjust Pointers 382.295ms
[676.642s][info][gc,phases,start] GC(1899) Compaction Phase
[676.874s][info][gc,phases      ] GC(1899) Compaction Phase 231.795ms
[676.887s][info][gc,phases,start] GC(1899) Post Compact
[676.889s][info][gc,phases      ] GC(1899) Post Compact 2.387ms
[676.889s][info][gc,heap        ] GC(1899) PSYoungGen: 193796K(221184K)->24209K(221184K) Eden: 111616K(111616K)->0K(111616K) From: 82180K(109568K)->24209K(109568K)
[676.889s][info][gc,heap        ] GC(1899) ParOldGen: 643076K(667648K)->667277K(667648K)
[676.889s][info][gc,metaspace   ] GC(1899) Metaspace: 18941K(19072K)->18941K(19072K) NonClass: 17111K(17216K)->17111K(17216K) Class: 1829K(1856K)->1829K(1856K)
[676.889s][info][gc             ] GC(1899) Pause Full (Allocation Failure) 817M->675M(868M) 1285.014ms
[676.889s][info][gc,cpu         ] GC(1899) User=2.50s Sys=0.01s Real=1.29s
[677.030s][info][gc,start       ] GC(1900) Pause Full (Allocation Failure)
[677.030s][info][gc,phases,start] GC(1900) Marking Phase
[677.546s][info][gc,phases      ] GC(1900) Marking Phase 516.466ms
[677.546s][info][gc,phases,start] GC(1900) Summary Phase
[677.546s][info][gc,phases      ] GC(1900) Summary Phase 0.025ms
[677.546s][info][gc,phases,start] GC(1900) Forward
[677.570s][info][gc,phases      ] GC(1900) Forward 23.476ms
[677.570s][info][gc,phases,start] GC(1900) Adjust Pointers
[677.912s][info][gc,phases      ] GC(1900) Adjust Pointers 341.889ms
[677.912s][info][gc,phases,start] GC(1900) Compaction Phase
[678.058s][info][gc,phases      ] GC(1900) Compaction Phase 146.467ms
[678.058s][info][gc,phases,start] GC(1900) Post Compact
[678.061s][info][gc,phases      ] GC(1900) Post Compact 2.284ms
[678.061s][info][gc,heap        ] GC(1900) PSYoungGen: 135825K(221184K)->24208K(221184K) Eden: 111616K(111616K)->0K(111616K) From: 24209K(109568K)->24208K(109568K)
[678.061s][info][gc,heap        ] GC(1900) ParOldGen: 667277K(667648K)->667570K(667648K)
[678.061s][info][gc,metaspace   ] GC(1900) Metaspace: 18941K(19072K)->18941K(19072K) NonClass: 17111K(17216K)->17111K(17216K) Class: 1829K(1856K)->1829K(1856K)
[678.061s][info][gc             ] GC(1900) Pause Full (Allocation Failure) 784M->675M(868M) 1031.106ms
[678.061s][info][gc,cpu         ] GC(1900) User=2.02s Sys=0.00s Real=1.03s
[678.223s][info][gc,start       ] GC(1901) Pause Full (Allocation Failure)
[678.223s][info][gc,phases,start] GC(1901) Marking Phase
[678.735s][info][gc,phases      ] GC(1901) Marking Phase 512.398ms
[678.735s][info][gc,phases,start] GC(1901) Summary Phase
[678.735s][info][gc,phases      ] GC(1901) Summary Phase 0.025ms
[678.735s][info][gc,phases,start] GC(1901) Forward
[678.758s][info][gc,phases      ] GC(1901) Forward 22.541ms
[678.758s][info][gc,phases,start] GC(1901) Adjust Pointers
[679.096s][info][gc,phases      ] GC(1901) Adjust Pointers 338.650ms
[679.097s][info][gc,phases,start] GC(1901) Compaction Phase
[679.247s][info][gc,phases      ] GC(1901) Compaction Phase 150.652ms
[679.247s][info][gc,phases,start] GC(1901) Post Compact
[679.250s][info][gc,phases      ] GC(1901) Post Compact 2.337ms
[679.250s][info][gc,heap        ] GC(1901) PSYoungGen: 135824K(221184K)->24383K(222720K) Eden: 111616K(111616K)->24383K(111616K) From: 24208K(109568K)->0K(111104K)
[679.250s][info][gc,heap        ] GC(1901) ParOldGen: 667570K(667648K)->667644K(667648K)
[679.250s][info][gc,metaspace   ] GC(1901) Metaspace: 18941K(19072K)->18941K(19072K) NonClass: 17111K(17216K)->17111K(17216K) Class: 1829K(1856K)->1829K(1856K)
[679.250s][info][gc             ] GC(1901) Pause Full (Allocation Failure) 784M->675M(869M) 1027.159ms
[679.250s][info][gc,cpu         ] GC(1901) User=2.01s Sys=0.00s Real=1.03s
[679.348s][info][gc,start       ] GC(1902) Pause Full (Allocation Failure)
[679.348s][info][gc,phases,start] GC(1902) Marking Phase
[679.880s][info][gc,phases      ] GC(1902) Marking Phase 531.820ms
[679.880s][info][gc,phases,start] GC(1902) Summary Phase
[679.880s][info][gc,phases      ] GC(1902) Summary Phase 0.033ms
[679.880s][info][gc,phases,start] GC(1902) Forward
[679.901s][info][gc,phases      ] GC(1902) Forward 20.475ms
[679.901s][info][gc,phases,start] GC(1902) Adjust Pointers
[680.239s][info][gc,phases      ] GC(1902) Adjust Pointers 338.452ms
[680.239s][info][gc,phases,start] GC(1902) Compaction Phase
[680.383s][info][gc,phases      ] GC(1902) Compaction Phase 143.842ms
[680.383s][info][gc,phases,start] GC(1902) Post Compact
[680.385s][info][gc,phases      ] GC(1902) Post Compact 2.242ms
[680.385s][info][gc,heap        ] GC(1902) PSYoungGen: 111616K(222720K)->25220K(221184K) Eden: 111616K(111616K)->25220K(111616K) From: 0K(111104K)->0K(109568K)
[680.385s][info][gc,heap        ] GC(1902) ParOldGen: 667644K(667648K)->667643K(667648K)
[680.385s][info][gc,metaspace   ] GC(1902) Metaspace: 18941K(19072K)->18941K(19072K) NonClass: 17112K(17216K)->17112K(17216K) Class: 1829K(1856K)->1829K(1856K)
[680.385s][info][gc             ] GC(1902) Pause Full (Allocation Failure) 760M->676M(868M) 1037.376ms
[680.385s][info][gc,cpu         ] GC(1902) User=2.02s Sys=0.00s Real=1.04s
[680.450s][info][gc,start       ] GC(1903) Pause Full (Allocation Failure)
[680.450s][info][gc,phases,start] GC(1903) Marking Phase
[680.965s][info][gc,phases      ] GC(1903) Marking Phase 515.139ms
[680.965s][info][gc,phases,start] GC(1903) Summary Phase
[680.965s][info][gc,phases      ] GC(1903) Summary Phase 0.024ms
[680.965s][info][gc,phases,start] GC(1903) Forward
[680.975s][info][gc,phases      ] GC(1903) Forward 10.425ms
[680.975s][info][gc,phases,start] GC(1903) Adjust Pointers
[681.313s][info][gc,phases      ] GC(1903) Adjust Pointers 337.308ms
[681.313s][info][gc,phases,start] GC(1903) Compaction Phase
[681.453s][info][gc,phases      ] GC(1903) Compaction Phase 139.987ms
[681.453s][info][gc,phases,start] GC(1903) Post Compact
[681.455s][info][gc,phases      ] GC(1903) Post Compact 2.277ms
[681.455s][info][gc,heap        ] GC(1903) PSYoungGen: 111616K(221184K)->25856K(222720K) Eden: 111616K(111616K)->25856K(111616K) From: 0K(109568K)->0K(111104K)
[681.455s][info][gc,heap        ] GC(1903) ParOldGen: 667643K(667648K)->667643K(667648K)
[681.455s][info][gc,metaspace   ] GC(1903) Metaspace: 18941K(19072K)->18941K(19072K) NonClass: 17112K(17216K)->17112K(17216K) Class: 1829K(1856K)->1829K(1856K)
[681.455s][info][gc             ] GC(1903) Pause Full (Allocation Failure) 760M->677M(869M) 1005.625ms
[681.455s][info][gc,cpu         ] GC(1903) User=1.97s Sys=0.00s Real=1.01s
[681.519s][info][gc,start       ] GC(1904) Pause Full (Allocation Failure)
[681.519s][info][gc,phases,start] GC(1904) Marking Phase
[682.039s][info][gc,phases      ] GC(1904) Marking Phase 519.674ms
[682.039s][info][gc,phases,start] GC(1904) Summary Phase
[682.039s][info][gc,phases      ] GC(1904) Summary Phase 0.023ms
[682.039s][info][gc,phases,start] GC(1904) Forward
[682.050s][info][gc,phases      ] GC(1904) Forward 10.995ms
[682.050s][info][gc,phases,start] GC(1904) Adjust Pointers
[682.393s][info][gc,phases      ] GC(1904) Adjust Pointers 343.343ms
[682.393s][info][gc,phases,start] GC(1904) Compaction Phase
[682.535s][info][gc,phases      ] GC(1904) Compaction Phase 141.683ms
[682.535s][info][gc,phases,start] GC(1904) Post Compact
[682.538s][info][gc,phases      ] GC(1904) Post Compact 2.237ms
[682.538s][info][gc,heap        ] GC(1904) PSYoungGen: 111616K(222720K)->26837K(221184K) Eden: 111616K(111616K)->26837K(111616K) From: 0K(111104K)->0K(109568K)
[682.538s][info][gc,heap        ] GC(1904) ParOldGen: 667643K(667648K)->667643K(667648K)
[682.538s][info][gc,metaspace   ] GC(1904) Metaspace: 18943K(19072K)->18943K(19072K) NonClass: 17113K(17216K)->17113K(17216K) Class: 1829K(1856K)->1829K(1856K)
[682.538s][info][gc             ] GC(1904) Pause Full (Allocation Failure) 760M->678M(868M) 1018.378ms
[682.538s][info][gc,cpu         ] GC(1904) User=1.98s Sys=0.01s Real=1.02s
[682.647s][info][gc,start       ] GC(1905) Pause Full (Allocation Failure)
[682.647s][info][gc,phases,start] GC(1905) Marking Phase
[683.181s][info][gc,phases      ] GC(1905) Marking Phase 534.459ms
[683.181s][info][gc,phases,start] GC(1905) Summary Phase
[683.182s][info][gc,phases      ] GC(1905) Summary Phase 0.026ms
[683.182s][info][gc,phases,start] GC(1905) Forward
[683.193s][info][gc,phases      ] GC(1905) Forward 11.577ms
[683.193s][info][gc,phases,start] GC(1905) Adjust Pointers
[683.544s][info][gc,phases      ] GC(1905) Adjust Pointers 350.650ms
[683.544s][info][gc,phases,start] GC(1905) Compaction Phase
[683.689s][info][gc,phases      ] GC(1905) Compaction Phase 144.641ms
[683.689s][info][gc,phases,start] GC(1905) Post Compact
[683.691s][info][gc,phases      ] GC(1905) Post Compact 2.247ms
[683.691s][info][gc,heap        ] GC(1905) PSYoungGen: 111616K(221184K)->27302K(222720K) Eden: 111616K(111616K)->27302K(111616K) From: 0K(109568K)->0K(111104K)
[683.691s][info][gc,heap        ] GC(1905) ParOldGen: 667643K(667648K)->667643K(667648K)
[683.691s][info][gc,metaspace   ] GC(1905) Metaspace: 18943K(19072K)->18943K(19072K) NonClass: 17113K(17216K)->17113K(17216K) Class: 1829K(1856K)->1829K(1856K)
[683.691s][info][gc             ] GC(1905) Pause Full (Allocation Failure) 760M->678M(869M) 1044.038ms
[683.691s][info][gc,cpu         ] GC(1905) User=2.04s Sys=0.00s Real=1.04s
[683.872s][info][gc,start       ] GC(1906) Pause Full (Allocation Failure)
[683.872s][info][gc,phases,start] GC(1906) Marking Phase
[684.296s][info][gc,phases      ] GC(1906) Marking Phase 424.548ms
[684.297s][info][gc,phases,start] GC(1906) Summary Phase
[684.297s][info][gc,phases      ] GC(1906) Summary Phase 0.041ms
[684.297s][info][gc,phases,start] GC(1906) Forward
[684.425s][info][gc,phases      ] GC(1906) Forward 128.102ms
[684.425s][info][gc,phases,start] GC(1906) Adjust Pointers
[684.735s][info][gc,phases      ] GC(1906) Adjust Pointers 309.916ms
[684.735s][info][gc,phases,start] GC(1906) Compaction Phase
[684.942s][info][gc,phases      ] GC(1906) Compaction Phase 207.116ms
[684.955s][info][gc,phases,start] GC(1906) Post Compact
[684.958s][info][gc,phases      ] GC(1906) Post Compact 2.364ms
[684.958s][info][gc,heap        ] GC(1906) PSYoungGen: 111616K(222720K)->0K(221184K) Eden: 111616K(111616K)->0K(111616K) From: 0K(111104K)->0K(109568K)
[684.958s][info][gc,heap        ] GC(1906) ParOldGen: 667643K(667648K)->568518K(667648K)
[684.958s][info][gc,metaspace   ] GC(1906) Metaspace: 18943K(19072K)->18943K(19072K) NonClass: 17113K(17216K)->17113K(17216K) Class: 1829K(1856K)->1829K(1856K)
[684.958s][info][gc             ] GC(1906) Pause Full (Allocation Failure) 760M->555M(868M) 1086.012ms
[684.958s][info][gc,cpu         ] GC(1906) User=2.06s Sys=0.00s Real=1.09s
[685.152s][info][gc,start       ] GC(1907) Pause Young (Allocation Failure)
[685.170s][info][gc,heap        ] GC(1907) PSYoungGen: 111616K(221184K)->13024K(222720K) Eden: 111616K(111616K)->0K(111616K) From: 0K(109568K)->13024K(111104K)
[685.170s][info][gc,heap        ] GC(1907) ParOldGen: 568518K(667648K)->568518K(667648K)
[685.170s][info][gc,metaspace   ] GC(1907) Metaspace: 18943K(19072K)->18943K(19072K) NonClass: 17113K(17216K)->17113K(17216K) Class: 1829K(1856K)->1829K(1856K)
[685.170s][info][gc             ] GC(1907) Pause Young (Allocation Failure) 664M->567M(869M) 17.777ms
[685.170s][info][gc,cpu         ] GC(1907) User=0.03s Sys=0.00s Real=0.02s
[685.301s][info][gc,start       ] GC(1908) Pause Young (Allocation Failure)
[685.336s][info][gc,heap        ] GC(1908) PSYoungGen: 124640K(222720K)->31616K(222720K) Eden: 111616K(111616K)->0K(111616K) From: 13024K(111104K)->31616K(111104K)
[685.336s][info][gc,heap        ] GC(1908) ParOldGen: 568518K(667648K)->568518K(667648K)
[685.336s][info][gc,metaspace   ] GC(1908) Metaspace: 18943K(19072K)->18943K(19072K) NonClass: 17113K(17216K)->17113K(17216K) Class: 1829K(1856K)->1829K(1856K)
[685.336s][info][gc             ] GC(1908) Pause Young (Allocation Failure) 676M->586M(869M) 34.914ms
[685.336s][info][gc,cpu         ] GC(1908) User=0.07s Sys=0.00s Real=0.04s
[685.456s][info][gc,start       ] GC(1909) Pause Young (Allocation Failure)
[685.497s][info][gc,heap        ] GC(1909) PSYoungGen: 143232K(222720K)->37824K(222720K) Eden: 111616K(111616K)->0K(111616K) From: 31616K(111104K)->37824K(111104K)
[685.497s][info][gc,heap        ] GC(1909) ParOldGen: 568518K(667648K)->568518K(667648K)
[685.497s][info][gc,metaspace   ] GC(1909) Metaspace: 18943K(19072K)->18943K(19072K) NonClass: 17113K(17216K)->17113K(17216K) Class: 1829K(1856K)->1829K(1856K)
[685.497s][info][gc             ] GC(1909) Pause Young (Allocation Failure) 695M->592M(869M) 41.285ms
[685.497s][info][gc,cpu         ] GC(1909) User=0.08s Sys=0.00s Real=0.04s
[685.597s][info][gc,start       ] GC(1910) Pause Young (Allocation Failure)
[685.646s][info][gc,heap        ] GC(1910) PSYoungGen: 149440K(222720K)->12480K(222720K) Eden: 111616K(111616K)->0K(111616K) From: 37824K(111104K)->12480K(111104K)
[685.646s][info][gc,heap        ] GC(1910) ParOldGen: 568518K(667648K)->600190K(667648K)
[685.646s][info][gc,metaspace   ] GC(1910) Metaspace: 18944K(19072K)->18944K(19072K) NonClass: 17114K(17216K)->17114K(17216K) Class: 1829K(1856K)->1829K(1856K)
[685.646s][info][gc             ] GC(1910) Pause Young (Allocation Failure) 701M->598M(869M) 49.151ms
[685.646s][info][gc,cpu         ] GC(1910) User=0.09s Sys=0.00s Real=0.05s
[685.734s][info][gc,start       ] GC(1911) Pause Young (Allocation Failure)
[685.775s][info][gc,heap        ] GC(1911) PSYoungGen: 124096K(222720K)->19392K(222720K) Eden: 111616K(111616K)->0K(111616K) From: 12480K(111104K)->19392K(111104K)
[685.775s][info][gc,heap        ] GC(1911) ParOldGen: 600190K(667648K)->612678K(667648K)
[685.775s][info][gc,metaspace   ] GC(1911) Metaspace: 18944K(19072K)->18944K(19072K) NonClass: 17114K(17216K)->17114K(17216K) Class: 1829K(1856K)->1829K(1856K)
[685.775s][info][gc             ] GC(1911) Pause Young (Allocation Failure) 707M->617M(869M) 40.385ms
[685.775s][info][gc,cpu         ] GC(1911) User=0.08s Sys=0.00s Real=0.05s
[685.878s][info][gc,start       ] GC(1912) Pause Young (Allocation Failure)
[685.906s][info][gc,heap        ] GC(1912) PSYoungGen: 131008K(222720K)->2848K(222720K) Eden: 111616K(111616K)->0K(111616K) From: 19392K(111104K)->2848K(111104K)
[685.906s][info][gc,heap        ] GC(1912) ParOldGen: 612678K(667648K)->632107K(667648K)
[685.906s][info][gc,metaspace   ] GC(1912) Metaspace: 18946K(19072K)->18946K(19072K) NonClass: 17117K(17216K)->17117K(17216K) Class: 1829K(1856K)->1829K(1856K)
[685.907s][info][gc             ] GC(1912) Pause Young (Allocation Failure) 726M->620M(869M) 28.328ms
[685.907s][info][gc,cpu         ] GC(1912) User=0.05s Sys=0.00s Real=0.03s
[685.995s][info][gc,start       ] GC(1913) Pause Full (Allocation Failure)
[685.995s][info][gc,phases,start] GC(1913) Marking Phase
[686.479s][info][gc,phases      ] GC(1913) Marking Phase 484.240ms
[686.479s][info][gc,phases,start] GC(1913) Summary Phase
[686.479s][info][gc,phases      ] GC(1913) Summary Phase 0.027ms
[686.479s][info][gc,phases,start] GC(1913) Forward
[686.490s][info][gc,phases      ] GC(1913) Forward 10.515ms
[686.490s][info][gc,phases,start] GC(1913) Adjust Pointers
[686.802s][info][gc,phases      ] GC(1913) Adjust Pointers 312.416ms
[686.802s][info][gc,phases,start] GC(1913) Compaction Phase
[686.934s][info][gc,phases      ] GC(1913) Compaction Phase 131.981ms
[686.934s][info][gc,phases,start] GC(1913) Post Compact
[686.937s][info][gc,phases      ] GC(1913) Post Compact 2.186ms
[686.937s][info][gc,heap        ] GC(1913) PSYoungGen: 114463K(222720K)->0K(222720K) Eden: 111615K(111616K)->0K(111616K) From: 2848K(111104K)->0K(111104K)
[686.937s][info][gc,heap        ] GC(1913) ParOldGen: 632107K(667648K)->634800K(667648K)
[686.937s][info][gc,metaspace   ] GC(1913) Metaspace: 18946K(19072K)->18946K(19072K) NonClass: 17117K(17216K)->17117K(17216K) Class: 1829K(1856K)->1829K(1856K)
[686.937s][info][gc             ] GC(1913) Pause Full (Allocation Failure) 729M->619M(869M) 941.866ms
[686.937s][info][gc,cpu         ] GC(1913) User=1.84s Sys=0.00s Real=0.94s
[686.994s][info][gc,start       ] GC(1914) Pause Full (Allocation Failure)
[686.994s][info][gc,phases,start] GC(1914) Marking Phase
[687.478s][info][gc,phases      ] GC(1914) Marking Phase 483.914ms
[687.478s][info][gc,phases,start] GC(1914) Summary Phase
[687.478s][info][gc,phases      ] GC(1914) Summary Phase 0.026ms
[687.478s][info][gc,phases,start] GC(1914) Forward
[687.479s][info][gc,phases      ] GC(1914) Forward 1.001ms
[687.479s][info][gc,phases,start] GC(1914) Adjust Pointers
[687.792s][info][gc,phases      ] GC(1914) Adjust Pointers 313.329ms
[687.792s][info][gc,phases,start] GC(1914) Compaction Phase
[687.933s][info][gc,phases      ] GC(1914) Compaction Phase 141.367ms
[687.934s][info][gc,phases,start] GC(1914) Post Compact
[687.936s][info][gc,phases      ] GC(1914) Post Compact 2.169ms
[687.936s][info][gc,heap        ] GC(1914) PSYoungGen: 111616K(222720K)->0K(222720K) Eden: 111616K(111616K)->0K(111616K) From: 0K(111104K)->0K(111104K)
[687.936s][info][gc,heap        ] GC(1914) ParOldGen: 634800K(667648K)->634800K(667648K)
[687.936s][info][gc,metaspace   ] GC(1914) Metaspace: 18946K(19072K)->18946K(19072K) NonClass: 17117K(17216K)->17117K(17216K) Class: 1829K(1856K)->1829K(1856K)
[687.936s][info][gc             ] GC(1914) Pause Full (Allocation Failure) 728M->619M(869M) 942.265ms
[687.936s][info][gc,cpu         ] GC(1914) User=1.83s Sys=0.01s Real=0.95s
[687.994s][info][gc,start       ] GC(1915) Pause Full (Allocation Failure)
[687.994s][info][gc,phases,start] GC(1915) Marking Phase
[688.480s][info][gc,phases      ] GC(1915) Marking Phase 486.014ms
[688.481s][info][gc,phases,start] GC(1915) Summary Phase
[688.481s][info][gc,phases      ] GC(1915) Summary Phase 0.036ms
[688.481s][info][gc,phases,start] GC(1915) Forward
[688.481s][info][gc,phases      ] GC(1915) Forward 0.429ms
[688.481s][info][gc,phases,start] GC(1915) Adjust Pointers
[688.791s][info][gc,phases      ] GC(1915) Adjust Pointers 310.362ms
[688.791s][info][gc,phases,start] GC(1915) Compaction Phase
[688.933s][info][gc,phases      ] GC(1915) Compaction Phase 141.282ms
[688.933s][info][gc,phases,start] GC(1915) Post Compact
[688.935s][info][gc,phases      ] GC(1915) Post Compact 2.184ms
[688.935s][info][gc,heap        ] GC(1915) PSYoungGen: 111616K(222720K)->0K(222720K) Eden: 111616K(111616K)->0K(111616K) From: 0K(111104K)->0K(111104K)
[688.935s][info][gc,heap        ] GC(1915) ParOldGen: 634800K(667648K)->634801K(667648K)
[688.935s][info][gc,metaspace   ] GC(1915) Metaspace: 18946K(19072K)->18946K(19072K) NonClass: 17117K(17216K)->17117K(17216K) Class: 1829K(1856K)->1829K(1856K)
[688.935s][info][gc             ] GC(1915) Pause Full (Allocation Failure) 728M->619M(869M) 940.705ms
[688.935s][info][gc,cpu         ] GC(1915) User=1.84s Sys=0.00s Real=0.95s
[689.056s][info][gc,start       ] GC(1916) Pause Full (Allocation Failure)
[689.056s][info][gc,phases,start] GC(1916) Marking Phase
[689.551s][info][gc,phases      ] GC(1916) Marking Phase 495.103ms
[689.551s][info][gc,phases,start] GC(1916) Summary Phase
[689.551s][info][gc,phases      ] GC(1916) Summary Phase 0.028ms
[689.551s][info][gc,phases,start] GC(1916) Forward
[689.555s][info][gc,phases      ] GC(1916) Forward 3.450ms
[689.555s][info][gc,phases,start] GC(1916) Adjust Pointers
[689.873s][info][gc,phases      ] GC(1916) Adjust Pointers 317.717ms
[689.873s][info][gc,phases,start] GC(1916) Compaction Phase
[690.014s][info][gc,phases      ] GC(1916) Compaction Phase 140.858ms
[690.014s][info][gc,phases,start] GC(1916) Post Compact
[690.016s][info][gc,phases      ] GC(1916) Post Compact 2.175ms
[690.016s][info][gc,heap        ] GC(1916) PSYoungGen: 111616K(222720K)->0K(222720K) Eden: 111616K(111616K)->0K(111616K) From: 0K(111104K)->0K(111104K)
[690.016s][info][gc,heap        ] GC(1916) ParOldGen: 634801K(667648K)->639949K(667648K)
[690.016s][info][gc,metaspace   ] GC(1916) Metaspace: 18946K(19072K)->18946K(19072K) NonClass: 17117K(17216K)->17117K(17216K) Class: 1829K(1856K)->1829K(1856K)
[690.016s][info][gc             ] GC(1916) Pause Full (Allocation Failure) 728M->624M(869M) 959.818ms
[690.016s][info][gc,cpu         ] GC(1916) User=1.88s Sys=0.00s Real=0.96s
[690.121s][info][gc,start       ] GC(1917) Pause Full (Allocation Failure)
[690.121s][info][gc,phases,start] GC(1917) Marking Phase
[690.619s][info][gc,phases      ] GC(1917) Marking Phase 497.318ms
[690.619s][info][gc,phases,start] GC(1917) Summary Phase
[690.619s][info][gc,phases      ] GC(1917) Summary Phase 0.030ms
[690.619s][info][gc,phases,start] GC(1917) Forward
[690.621s][info][gc,phases      ] GC(1917) Forward 2.482ms
[690.621s][info][gc,phases,start] GC(1917) Adjust Pointers
[690.940s][info][gc,phases      ] GC(1917) Adjust Pointers 318.430ms
[690.940s][info][gc,phases,start] GC(1917) Compaction Phase
[691.082s][info][gc,phases      ] GC(1917) Compaction Phase 141.992ms
[691.082s][info][gc,phases,start] GC(1917) Post Compact
[691.084s][info][gc,phases      ] GC(1917) Post Compact 2.176ms
[691.084s][info][gc,heap        ] GC(1917) PSYoungGen: 111616K(222720K)->0K(222720K) Eden: 111616K(111616K)->0K(111616K) From: 0K(111104K)->0K(111104K)
[691.084s][info][gc,heap        ] GC(1917) ParOldGen: 639949K(667648K)->642775K(667648K)
[691.084s][info][gc,metaspace   ] GC(1917) Metaspace: 18946K(19072K)->18946K(19072K) NonClass: 17117K(17216K)->17117K(17216K) Class: 1829K(1856K)->1829K(1856K)
[691.084s][info][gc             ] GC(1917) Pause Full (Allocation Failure) 733M->627M(869M) 962.902ms
[691.084s][info][gc,cpu         ] GC(1917) User=1.88s Sys=0.00s Real=0.96s
[691.194s][info][gc,start       ] GC(1918) Pause Full (Allocation Failure)
[691.194s][info][gc,phases,start] GC(1918) Marking Phase
[691.691s][info][gc,phases      ] GC(1918) Marking Phase 497.224ms
[691.691s][info][gc,phases,start] GC(1918) Summary Phase
[691.691s][info][gc,phases      ] GC(1918) Summary Phase 0.028ms
[691.691s][info][gc,phases,start] GC(1918) Forward
[691.704s][info][gc,phases      ] GC(1918) Forward 12.274ms
[691.704s][info][gc,phases,start] GC(1918) Adjust Pointers
[692.026s][info][gc,phases      ] GC(1918) Adjust Pointers 321.931ms
[692.026s][info][gc,phases,start] GC(1918) Compaction Phase
[692.159s][info][gc,phases      ] GC(1918) Compaction Phase 133.461ms
[692.159s][info][gc,phases,start] GC(1918) Post Compact
[692.162s][info][gc,phases      ] GC(1918) Post Compact 2.187ms
[692.162s][info][gc,heap        ] GC(1918) PSYoungGen: 111616K(222720K)->0K(222720K) Eden: 111616K(111616K)->0K(111616K) From: 0K(111104K)->0K(111104K)
[692.162s][info][gc,heap        ] GC(1918) ParOldGen: 642775K(667648K)->642944K(667648K)
[692.162s][info][gc,metaspace   ] GC(1918) Metaspace: 18946K(19072K)->18946K(19072K) NonClass: 17117K(17216K)->17117K(17216K) Class: 1829K(1856K)->1829K(1856K)
[692.162s][info][gc             ] GC(1918) Pause Full (Allocation Failure) 736M->627M(869M) 967.529ms
[692.162s][info][gc,cpu         ] GC(1918) User=1.89s Sys=0.00s Real=0.97s
[692.826s][info][gc,start       ] GC(1919) Pause Full (Allocation Failure)
[692.826s][info][gc,phases,start] GC(1919) Marking Phase
[693.321s][info][gc,phases      ] GC(1919) Marking Phase 494.972ms
[693.321s][info][gc,phases,start] GC(1919) Summary Phase
[693.321s][info][gc,phases      ] GC(1919) Summary Phase 0.031ms
[693.321s][info][gc,phases,start] GC(1919) Forward
[693.323s][info][gc,phases      ] GC(1919) Forward 2.096ms
[693.323s][info][gc,phases,start] GC(1919) Adjust Pointers
[693.642s][info][gc,phases      ] GC(1919) Adjust Pointers 319.302ms
[693.642s][info][gc,phases,start] GC(1919) Compaction Phase
[693.786s][info][gc,phases      ] GC(1919) Compaction Phase 143.497ms
[693.786s][info][gc,phases,start] GC(1919) Post Compact
[693.788s][info][gc,phases      ] GC(1919) Post Compact 2.204ms
[693.788s][info][gc,heap        ] GC(1919) PSYoungGen: 111616K(222720K)->0K(222720K) Eden: 111616K(111616K)->0K(111616K) From: 0K(111104K)->0K(111104K)
[693.788s][info][gc,heap        ] GC(1919) ParOldGen: 642944K(667648K)->643544K(667648K)
[693.788s][info][gc,metaspace   ] GC(1919) Metaspace: 18947K(19072K)->18947K(19072K) NonClass: 17118K(17216K)->17118K(17216K) Class: 1829K(1856K)->1829K(1856K)
[693.788s][info][gc             ] GC(1919) Pause Full (Allocation Failure) 736M->628M(869M) 962.559ms
[693.788s][info][gc,cpu         ] GC(1919) User=1.88s Sys=0.00s Real=0.96s
[695.538s][info][gc,start       ] GC(1920) Pause Full (Allocation Failure)
[695.538s][info][gc,phases,start] GC(1920) Marking Phase
[696.036s][info][gc,phases      ] GC(1920) Marking Phase 497.804ms
[696.036s][info][gc,phases,start] GC(1920) Summary Phase
[696.036s][info][gc,phases      ] GC(1920) Summary Phase 0.028ms
[696.036s][info][gc,phases,start] GC(1920) Forward
[696.036s][info][gc,phases      ] GC(1920) Forward 0.470ms
[696.036s][info][gc,phases,start] GC(1920) Adjust Pointers
[696.356s][info][gc,phases      ] GC(1920) Adjust Pointers 320.079ms
[696.357s][info][gc,phases,start] GC(1920) Compaction Phase
[696.501s][info][gc,phases      ] GC(1920) Compaction Phase 143.919ms
[696.501s][info][gc,phases,start] GC(1920) Post Compact
[696.503s][info][gc,phases      ] GC(1920) Post Compact 2.179ms
[696.503s][info][gc,heap        ] GC(1920) PSYoungGen: 111616K(222720K)->0K(222720K) Eden: 111616K(111616K)->0K(111616K) From: 0K(111104K)->0K(111104K)
[696.503s][info][gc,heap        ] GC(1920) ParOldGen: 643544K(667648K)->643578K(667648K)
[696.503s][info][gc,metaspace   ] GC(1920) Metaspace: 18950K(19072K)->18950K(19072K) NonClass: 17120K(17216K)->17120K(17216K) Class: 1829K(1856K)->1829K(1856K)
[696.503s][info][gc             ] GC(1920) Pause Full (Allocation Failure) 737M->628M(869M) 964.944ms
[696.503s][info][gc,cpu         ] GC(1920) User=1.89s Sys=0.00s Real=0.96s
[697.104s][info][gc,start       ] GC(1921) Pause Full (Allocation Failure)
[697.104s][info][gc,phases,start] GC(1921) Marking Phase
[697.510s][info][gc,phases      ] GC(1921) Marking Phase 406.668ms
[697.510s][info][gc,phases,start] GC(1921) Summary Phase
[697.510s][info][gc,phases      ] GC(1921) Summary Phase 0.029ms
[697.510s][info][gc,phases,start] GC(1921) Forward
[697.586s][info][gc,phases      ] GC(1921) Forward 75.707ms
[697.586s][info][gc,phases,start] GC(1921) Adjust Pointers
[697.860s][info][gc,phases      ] GC(1921) Adjust Pointers 273.936ms
[697.860s][info][gc,phases,start] GC(1921) Compaction Phase
[698.002s][info][gc,phases      ] GC(1921) Compaction Phase 142.152ms
[698.007s][info][gc,phases,start] GC(1921) Post Compact
[698.009s][info][gc,phases      ] GC(1921) Post Compact 2.254ms
[698.009s][info][gc,heap        ] GC(1921) PSYoungGen: 111616K(222720K)->0K(222720K) Eden: 111616K(111616K)->0K(111616K) From: 0K(111104K)->0K(111104K)
[698.009s][info][gc,heap        ] GC(1921) ParOldGen: 643578K(667648K)->518808K(667648K)
[698.009s][info][gc,metaspace   ] GC(1921) Metaspace: 18950K(19072K)->18950K(19072K) NonClass: 17120K(17216K)->17120K(17216K) Class: 1829K(1856K)->1829K(1856K)
[698.009s][info][gc             ] GC(1921) Pause Full (Allocation Failure) 737M->506M(869M) 905.612ms
[698.009s][info][gc,cpu         ] GC(1921) User=1.74s Sys=0.00s Real=0.91s
[698.704s][info][gc,start       ] GC(1922) Pause Young (Allocation Failure)
[698.709s][info][gc,heap        ] GC(1922) PSYoungGen: 111379K(222720K)->1557K(219648K) Eden: 111379K(111616K)->0K(111616K) From: 0K(111104K)->1557K(108032K)
[698.709s][info][gc,heap        ] GC(1922) ParOldGen: 518808K(667648K)->518808K(667648K)
[698.709s][info][gc,metaspace   ] GC(1922) Metaspace: 18957K(19072K)->18957K(19072K) NonClass: 17128K(17216K)->17128K(17216K) Class: 1829K(1856K)->1829K(1856K)
[698.709s][info][gc             ] GC(1922) Pause Young (Allocation Failure) 615M->508M(866M) 5.070ms
[698.709s][info][gc,cpu         ] GC(1922) User=0.01s Sys=0.01s Real=0.01s
[699.006s][info][gc,start       ] GC(1923) Pause Young (Allocation Failure)
[699.010s][info][gc,heap        ] GC(1923) PSYoungGen: 113130K(219648K)->1680K(221184K) Eden: 111572K(111616K)->0K(111616K) From: 1557K(108032K)->1680K(109568K)
[699.010s][info][gc,heap        ] GC(1923) ParOldGen: 518808K(667648K)->518808K(667648K)
[699.010s][info][gc,metaspace   ] GC(1923) Metaspace: 18957K(19072K)->18957K(19072K) NonClass: 17128K(17216K)->17128K(17216K) Class: 1829K(1856K)->1829K(1856K)
[699.010s][info][gc             ] GC(1923) Pause Young (Allocation Failure) 617M->508M(868M) 4.488ms
[699.010s][info][gc,cpu         ] GC(1923) User=0.01s Sys=0.00s Real=0.00s
[699.306s][info][gc,start       ] GC(1924) Pause Young (Allocation Failure)
[699.311s][info][gc,heap        ] GC(1924) PSYoungGen: 113296K(221184K)->1616K(214528K) Eden: 111616K(111616K)->0K(115200K) From: 1680K(109568K)->1616K(99328K)
[699.311s][info][gc,heap        ] GC(1924) ParOldGen: 518808K(667648K)->518808K(667648K)
[699.311s][info][gc,metaspace   ] GC(1924) Metaspace: 18958K(19136K)->18958K(19136K) NonClass: 17129K(17280K)->17129K(17280K) Class: 1829K(1856K)->1829K(1856K)
[699.311s][info][gc             ] GC(1924) Pause Young (Allocation Failure) 617M->508M(861M) 5.390ms
[699.311s][info][gc,cpu         ] GC(1924) User=0.00s Sys=0.01s Real=0.00s
[699.611s][info][gc,start       ] GC(1925) Pause Young (Allocation Failure)
[699.615s][info][gc,heap        ] GC(1925) PSYoungGen: 116816K(214528K)->2041K(117248K) Eden: 115200K(115200K)->0K(115200K) From: 1616K(99328K)->2041K(2048K)
[699.615s][info][gc,heap        ] GC(1925) ParOldGen: 518808K(667648K)->518808K(667648K)
[699.615s][info][gc,metaspace   ] GC(1925) Metaspace: 18958K(19136K)->18958K(19136K) NonClass: 17129K(17280K)->17129K(17280K) Class: 1829K(1856K)->1829K(1856K)
[699.615s][info][gc             ] GC(1925) Pause Young (Allocation Failure) 620M->508M(766M) 4.297ms
[699.615s][info][gc,cpu         ] GC(1925) User=0.01s Sys=0.00s Real=0.01s
[699.734s][info][gc,start       ] GC(1926) Pause Young (Allocation Failure)
[699.771s][info][gc,heap        ] GC(1926) PSYoungGen: 117241K(117248K)->43072K(218624K) Eden: 115200K(115200K)->0K(118784K) From: 2041K(2048K)->43072K(99840K)
[699.771s][info][gc,heap        ] GC(1926) ParOldGen: 518808K(667648K)->518808K(667648K)
[699.771s][info][gc,metaspace   ] GC(1926) Metaspace: 18963K(19136K)->18963K(19136K) NonClass: 17134K(17280K)->17134K(17280K) Class: 1829K(1856K)->1829K(1856K)
[699.771s][info][gc             ] GC(1926) Pause Young (Allocation Failure) 621M->548M(865M) 37.278ms
[699.771s][info][gc,cpu         ] GC(1926) User=0.07s Sys=0.00s Real=0.04s
[699.874s][info][gc,start       ] GC(1927) Pause Young (Allocation Failure)
[699.949s][info][gc,heap        ] GC(1927) PSYoungGen: 161856K(218624K)->95536K(218112K) Eden: 118784K(118784K)->0K(118784K) From: 43072K(99840K)->95536K(99328K)
[699.949s][info][gc,heap        ] GC(1927) ParOldGen: 518808K(667648K)->518808K(667648K)
[699.949s][info][gc,metaspace   ] GC(1927) Metaspace: 18964K(19136K)->18964K(19136K) NonClass: 17134K(17280K)->17134K(17280K) Class: 1829K(1856K)->1829K(1856K)
[699.949s][info][gc             ] GC(1927) Pause Young (Allocation Failure) 664M->599M(865M) 74.638ms
[699.949s][info][gc,cpu         ] GC(1927) User=0.15s Sys=0.00s Real=0.08s
[700.071s][info][gc,start       ] GC(1928) Pause Young (Allocation Failure)
[700.180s][info][gc,heap        ] GC(1928) PSYoungGen: 214320K(218112K)->111088K(222720K) Eden: 118784K(118784K)->0K(111616K) From: 95536K(99328K)->111088K(111104K)
[700.180s][info][gc,heap        ] GC(1928) ParOldGen: 518808K(667648K)->542017K(667648K)
[700.180s][info][gc,metaspace   ] GC(1928) Metaspace: 18964K(19136K)->18964K(19136K) NonClass: 17134K(17280K)->17134K(17280K) Class: 1829K(1856K)->1829K(1856K)
[700.180s][info][gc             ] GC(1928) Pause Young (Allocation Failure) 715M->637M(869M) 109.361ms
[700.180s][info][gc,cpu         ] GC(1928) User=0.20s Sys=0.01s Real=0.11s
[700.373s][info][gc,start       ] GC(1929) Pause Young (Allocation Failure)
[700.482s][info][gc,heap        ] GC(1929) PSYoungGen: 222704K(222720K)->111088K(222720K) Eden: 111616K(111616K)->0K(111616K) From: 111088K(111104K)->111088K(111104K)
[700.482s][info][gc,heap        ] GC(1929) ParOldGen: 542017K(667648K)->572941K(667648K)
[700.482s][info][gc,metaspace   ] GC(1929) Metaspace: 18964K(19136K)->18964K(19136K) NonClass: 17134K(17280K)->17134K(17280K) Class: 1829K(1856K)->1829K(1856K)
[700.482s][info][gc             ] GC(1929) Pause Young (Allocation Failure) 746M->667M(869M) 109.152ms
[700.482s][info][gc,cpu         ] GC(1929) User=0.22s Sys=0.00s Real=0.11s
[700.679s][info][gc,start       ] GC(1930) Pause Young (Allocation Failure)
[700.808s][info][gc,heap        ] GC(1930) PSYoungGen: 222704K(222720K)->51177K(222720K) Eden: 111616K(111616K)->0K(111616K) From: 111088K(111104K)->51177K(111104K)
[700.808s][info][gc,heap        ] GC(1930) ParOldGen: 572941K(667648K)->661949K(667648K)
[700.808s][info][gc,metaspace   ] GC(1930) Metaspace: 18965K(19136K)->18965K(19136K) NonClass: 17136K(17280K)->17136K(17280K) Class: 1829K(1856K)->1829K(1856K)
[700.808s][info][gc             ] GC(1930) Pause Young (Allocation Failure) 776M->696M(869M) 129.155ms
[700.808s][info][gc,cpu         ] GC(1930) User=0.25s Sys=0.00s Real=0.13s
[700.956s][info][gc,start       ] GC(1931) Pause Full (Allocation Failure)
[700.956s][info][gc,phases,start] GC(1931) Marking Phase
[701.157s][info][gc,phases      ] GC(1931) Marking Phase 201.429ms
[701.157s][info][gc,phases,start] GC(1931) Summary Phase
[701.157s][info][gc,phases      ] GC(1931) Summary Phase 0.027ms
[701.157s][info][gc,phases,start] GC(1931) Forward
[701.219s][info][gc,phases      ] GC(1931) Forward 61.958ms
[701.219s][info][gc,phases,start] GC(1931) Adjust Pointers
[701.352s][info][gc,phases      ] GC(1931) Adjust Pointers 132.520ms
[701.352s][info][gc,phases,start] GC(1931) Compaction Phase
[701.429s][info][gc,phases      ] GC(1931) Compaction Phase 76.872ms
[701.439s][info][gc,phases,start] GC(1931) Post Compact
[701.441s][info][gc,phases      ] GC(1931) Post Compact 2.446ms
[701.449s][info][gc,heap        ] GC(1931) PSYoungGen: 162793K(222720K)->0K(222720K) Eden: 111616K(111616K)->0K(111616K) From: 51177K(111104K)->0K(111104K)
[701.449s][info][gc,heap        ] GC(1931) ParOldGen: 661949K(667648K)->261502K(574464K)
[701.449s][info][gc,metaspace   ] GC(1931) Metaspace: 18965K(19136K)->18965K(19136K) NonClass: 17136K(17280K)->17136K(17280K) Class: 1829K(1856K)->1829K(1856K)
[701.449s][info][gc             ] GC(1931) Pause Full (Allocation Failure) 805M->255M(778M) 493.610ms
[701.449s][info][gc,cpu         ] GC(1931) User=0.89s Sys=0.01s Real=0.49s
[701.556s][info][gc,start       ] GC(1932) Pause Young (Allocation Failure)
[701.566s][info][gc,heap        ] GC(1932) PSYoungGen: 111616K(222720K)->7648K(222720K) Eden: 111616K(111616K)->0K(111616K) From: 0K(111104K)->7648K(111104K)
[701.566s][info][gc,heap        ] GC(1932) ParOldGen: 261502K(574464K)->261502K(574464K)
[701.566s][info][gc,metaspace   ] GC(1932) Metaspace: 18967K(19136K)->18967K(19136K) NonClass: 17137K(17280K)->17137K(17280K) Class: 1829K(1856K)->1829K(1856K)
[701.566s][info][gc             ] GC(1932) Pause Young (Allocation Failure) 364M->262M(778M) 10.043ms
[701.566s][info][gc,cpu         ] GC(1932) User=0.02s Sys=0.00s Real=0.01s
[701.709s][info][gc,start       ] GC(1933) Pause Young (Allocation Failure)
[701.736s][info][gc,heap        ] GC(1933) PSYoungGen: 119264K(222720K)->3840K(222720K) Eden: 111616K(111616K)->0K(111616K) From: 7648K(111104K)->3840K(111104K)
[701.736s][info][gc,heap        ] GC(1933) ParOldGen: 261502K(574464K)->269142K(574464K)
[701.736s][info][gc,metaspace   ] GC(1933) Metaspace: 18967K(19136K)->18967K(19136K) NonClass: 17137K(17280K)->17137K(17280K) Class: 1829K(1856K)->1829K(1856K)
[701.736s][info][gc             ] GC(1933) Pause Young (Allocation Failure) 371M->266M(778M) 27.171ms
[701.736s][info][gc,cpu         ] GC(1933) User=0.06s Sys=0.00s Real=0.03s
[701.814s][info][gc,start       ] GC(1934) Pause Young (Allocation Failure)
[701.834s][info][gc,heap        ] GC(1934) PSYoungGen: 115456K(222720K)->9568K(222720K) Eden: 111616K(111616K)->0K(111616K) From: 3840K(111104K)->9568K(111104K)
[701.834s][info][gc,heap        ] GC(1934) ParOldGen: 269142K(574464K)->272974K(574464K)
[701.834s][info][gc,metaspace   ] GC(1934) Metaspace: 18967K(19136K)->18967K(19136K) NonClass: 17137K(17280K)->17137K(17280K) Class: 1829K(1856K)->1829K(1856K)
[701.834s][info][gc             ] GC(1934) Pause Young (Allocation Failure) 375M->275M(778M) 19.937ms
[701.834s][info][gc,cpu         ] GC(1934) User=0.03s Sys=0.00s Real=0.02s
[701.949s][info][gc,start       ] GC(1935) Pause Young (Allocation Failure)
[701.962s][info][gc,heap        ] GC(1935) PSYoungGen: 121184K(222720K)->160K(222720K) Eden: 111616K(111616K)->0K(111616K) From: 9568K(111104K)->160K(111104K)
[701.962s][info][gc,heap        ] GC(1935) ParOldGen: 272974K(574464K)->282550K(574464K)
[701.962s][info][gc,metaspace   ] GC(1935) Metaspace: 18967K(19136K)->18967K(19136K) NonClass: 17137K(17280K)->17137K(17280K) Class: 1829K(1856K)->1829K(1856K)
[701.962s][info][gc             ] GC(1935) Pause Young (Allocation Failure) 384M->276M(778M) 13.319ms
[701.962s][info][gc,cpu         ] GC(1935) User=0.03s Sys=0.00s Real=0.01s
[702.055s][info][gc,start       ] GC(1936) Pause Young (Allocation Failure)
[702.058s][info][gc,heap        ] GC(1936) PSYoungGen: 111776K(222720K)->192K(222720K) Eden: 111616K(111616K)->0K(111616K) From: 160K(111104K)->192K(111104K)
[702.058s][info][gc,heap        ] GC(1936) ParOldGen: 282550K(574464K)->282686K(574464K)
[702.058s][info][gc,metaspace   ] GC(1936) Metaspace: 18967K(19136K)->18967K(19136K) NonClass: 17137K(17280K)->17137K(17280K) Class: 1829K(1856K)->1829K(1856K)
[702.058s][info][gc             ] GC(1936) Pause Young (Allocation Failure) 385M->276M(778M) 2.825ms
[702.058s][info][gc,cpu         ] GC(1936) User=0.01s Sys=0.00s Real=0.00s
[702.161s][info][gc,start       ] GC(1937) Pause Young (Allocation Failure)
[702.166s][info][gc,heap        ] GC(1937) PSYoungGen: 111808K(222720K)->2272K(222720K) Eden: 111616K(111616K)->0K(111616K) From: 192K(111104K)->2272K(111104K)
[702.166s][info][gc,heap        ] GC(1937) ParOldGen: 282686K(574464K)->282846K(574464K)
[702.166s][info][gc,metaspace   ] GC(1937) Metaspace: 18967K(19136K)->18967K(19136K) NonClass: 17137K(17280K)->17137K(17280K) Class: 1829K(1856K)->1829K(1856K)
[702.166s][info][gc             ] GC(1937) Pause Young (Allocation Failure) 385M->278M(778M) 4.928ms
[702.166s][info][gc,cpu         ] GC(1937) User=0.01s Sys=0.00s Real=0.01s
[702.306s][info][gc,start       ] GC(1938) Pause Young (Allocation Failure)
[702.311s][info][gc,heap        ] GC(1938) PSYoungGen: 113888K(222720K)->64K(222720K) Eden: 111616K(111616K)->0K(111616K) From: 2272K(111104K)->64K(111104K)
[702.311s][info][gc,heap        ] GC(1938) ParOldGen: 282846K(574464K)->285086K(574464K)
[702.311s][info][gc,metaspace   ] GC(1938) Metaspace: 18967K(19136K)->18967K(19136K) NonClass: 17137K(17280K)->17137K(17280K) Class: 1829K(1856K)->1829K(1856K)
[702.311s][info][gc             ] GC(1938) Pause Young (Allocation Failure) 387M->278M(778M) 5.428ms
[702.311s][info][gc,cpu         ] GC(1938) User=0.01s Sys=0.00s Real=0.00s
[702.434s][info][gc,start       ] GC(1939) Pause Young (Allocation Failure)
[702.460s][info][gc,heap        ] GC(1939) PSYoungGen: 111680K(222720K)->23616K(222720K) Eden: 111616K(111616K)->0K(111616K) From: 64K(111104K)->23616K(111104K)
[702.460s][info][gc,heap        ] GC(1939) ParOldGen: 285086K(574464K)->285102K(574464K)
[702.460s][info][gc,metaspace   ] GC(1939) Metaspace: 18967K(19136K)->18967K(19136K) NonClass: 17137K(17280K)->17137K(17280K) Class: 1829K(1856K)->1829K(1856K)
[702.460s][info][gc             ] GC(1939) Pause Young (Allocation Failure) 387M->301M(778M) 25.783ms
[702.460s][info][gc,cpu         ] GC(1939) User=0.05s Sys=0.00s Real=0.03s
[702.522s][info][gc,start       ] GC(1940) Pause Young (Allocation Failure)
[702.565s][info][gc,heap        ] GC(1940) PSYoungGen: 135232K(222720K)->21712K(222720K) Eden: 111616K(111616K)->0K(111616K) From: 23616K(111104K)->21712K(111104K)
[702.565s][info][gc,heap        ] GC(1940) ParOldGen: 285102K(574464K)->308750K(574464K)
[702.565s][info][gc,metaspace   ] GC(1940) Metaspace: 18971K(19136K)->18971K(19136K) NonClass: 17141K(17280K)->17141K(17280K) Class: 1829K(1856K)->1829K(1856K)
[702.565s][info][gc             ] GC(1940) Pause Young (Allocation Failure) 410M->322M(778M) 43.336ms
[702.565s][info][gc,cpu         ] GC(1940) User=0.08s Sys=0.00s Real=0.05s
[702.730s][info][gc,start       ] GC(1941) Pause Young (Allocation Failure)
[702.779s][info][gc,heap        ] GC(1941) PSYoungGen: 133328K(222720K)->51219K(222720K) Eden: 111616K(111616K)->0K(111616K) From: 21712K(111104K)->51219K(111104K)
[702.779s][info][gc,heap        ] GC(1941) ParOldGen: 308750K(574464K)->308750K(574464K)
[702.779s][info][gc,metaspace   ] GC(1941) Metaspace: 18971K(19136K)->18971K(19136K) NonClass: 17141K(17280K)->17141K(17280K) Class: 1829K(1856K)->1829K(1856K)
[702.779s][info][gc             ] GC(1941) Pause Young (Allocation Failure) 431M->351M(778M) 48.964ms
[702.779s][info][gc,cpu         ] GC(1941) User=0.09s Sys=0.00s Real=0.05s
[702.909s][info][gc,start       ] GC(1942) Pause Young (Allocation Failure)
[702.968s][info][gc,heap        ] GC(1942) PSYoungGen: 162835K(222720K)->8352K(214528K) Eden: 111616K(111616K)->0K(111616K) From: 51219K(111104K)->8352K(102912K)
[702.968s][info][gc,heap        ] GC(1942) ParOldGen: 308750K(574464K)->360485K(574464K)
[702.968s][info][gc,metaspace   ] GC(1942) Metaspace: 18971K(19136K)->18971K(19136K) NonClass: 17141K(17280K)->17141K(17280K) Class: 1829K(1856K)->1829K(1856K)
[702.968s][info][gc             ] GC(1942) Pause Young (Allocation Failure) 460M->360M(770M) 58.540ms
[702.968s][info][gc,cpu         ] GC(1942) User=0.12s Sys=0.00s Real=0.06s
[703.098s][info][gc,start       ] GC(1943) Pause Young (Allocation Failure)
[703.110s][info][gc,heap        ] GC(1943) PSYoungGen: 119968K(214528K)->9280K(218624K) Eden: 111616K(111616K)->0K(111616K) From: 8352K(102912K)->9280K(107008K)
[703.110s][info][gc,heap        ] GC(1943) ParOldGen: 360485K(574464K)->360485K(574464K)
[703.110s][info][gc,metaspace   ] GC(1943) Metaspace: 18971K(19136K)->18971K(19136K) NonClass: 17141K(17280K)->17141K(17280K) Class: 1829K(1856K)->1829K(1856K)
[703.110s][info][gc             ] GC(1943) Pause Young (Allocation Failure) 469M->361M(774M) 12.005ms
[703.110s][info][gc,cpu         ] GC(1943) User=0.03s Sys=0.00s Real=0.01s
[703.319s][info][gc,start       ] GC(1944) Pause Young (Allocation Failure)
[703.333s][info][gc,heap        ] GC(1944) PSYoungGen: 120896K(218624K)->11072K(207360K) Eden: 111616K(111616K)->0K(117248K) From: 9280K(107008K)->11072K(90112K)
[703.333s][info][gc,heap        ] GC(1944) ParOldGen: 360485K(574464K)->360485K(574464K)
[703.333s][info][gc,metaspace   ] GC(1944) Metaspace: 18971K(19136K)->18971K(19136K) NonClass: 17141K(17280K)->17141K(17280K) Class: 1829K(1856K)->1829K(1856K)
[703.334s][info][gc             ] GC(1944) Pause Young (Allocation Failure) 470M->362M(763M) 14.889ms
[703.334s][info][gc,cpu         ] GC(1944) User=0.03s Sys=0.00s Real=0.01s
[703.629s][info][gc,start       ] GC(1945) Pause Young (Allocation Failure)
[703.644s][info][gc,heap        ] GC(1945) PSYoungGen: 128320K(207360K)->11488K(129024K) Eden: 117248K(117248K)->0K(117248K) From: 11072K(90112K)->11488K(11776K)
[703.644s][info][gc,heap        ] GC(1945) ParOldGen: 360485K(574464K)->360485K(574464K)
[703.644s][info][gc,metaspace   ] GC(1945) Metaspace: 18972K(19136K)->18972K(19136K) NonClass: 17142K(17280K)->17142K(17280K) Class: 1829K(1856K)->1829K(1856K)
[703.644s][info][gc             ] GC(1945) Pause Young (Allocation Failure) 477M->363M(687M) 15.144ms
[703.644s][info][gc,cpu         ] GC(1945) User=0.03s Sys=0.00s Real=0.01s
[703.872s][info][gc,start       ] GC(1946) Pause Young (Allocation Failure)
[703.888s][info][gc,heap        ] GC(1946) PSYoungGen: 128736K(129024K)->12320K(201728K) Eden: 117248K(117248K)->0K(121344K) From: 11488K(11776K)->12320K(80384K)
[703.888s][info][gc,heap        ] GC(1946) ParOldGen: 360485K(574464K)->360485K(574464K)
[703.888s][info][gc,metaspace   ] GC(1946) Metaspace: 18972K(19136K)->18972K(19136K) NonClass: 17143K(17280K)->17143K(17280K) Class: 1829K(1856K)->1829K(1856K)
[703.888s][info][gc             ] GC(1946) Pause Young (Allocation Failure) 477M->364M(758M) 16.137ms
[703.888s][info][gc,cpu         ] GC(1946) User=0.03s Sys=0.00s Real=0.02s
[704.030s][info][gc,start       ] GC(1947) Pause Young (Allocation Failure)
[704.091s][info][gc,heap        ] GC(1947) PSYoungGen: 133664K(201728K)->64992K(207360K) Eden: 121344K(121344K)->0K(121344K) From: 12320K(80384K)->64992K(86016K)
[704.091s][info][gc,heap        ] GC(1947) ParOldGen: 360485K(574464K)->360485K(574464K)
[704.091s][info][gc,metaspace   ] GC(1947) Metaspace: 18973K(19136K)->18973K(19136K) NonClass: 17144K(17280K)->17144K(17280K) Class: 1829K(1856K)->1829K(1856K)
[704.091s][info][gc             ] GC(1947) Pause Young (Allocation Failure) 482M->415M(763M) 60.771ms
[704.091s][info][gc,cpu         ] GC(1947) User=0.12s Sys=0.00s Real=0.06s
[704.263s][info][gc,start       ] GC(1948) Pause Young (Allocation Failure)
[704.370s][info][gc,heap        ] GC(1948) PSYoungGen: 186336K(207360K)->93984K(207360K) Eden: 121344K(121344K)->0K(111616K) From: 64992K(86016K)->93984K(95744K)
[704.370s][info][gc,heap        ] GC(1948) ParOldGen: 360485K(574464K)->360485K(574464K)
[704.370s][info][gc,metaspace   ] GC(1948) Metaspace: 18973K(19136K)->18973K(19136K) NonClass: 17144K(17280K)->17144K(17280K) Class: 1829K(1856K)->1829K(1856K)
[704.370s][info][gc             ] GC(1948) Pause Young (Allocation Failure) 534M->443M(763M) 107.102ms
[704.370s][info][gc,cpu         ] GC(1948) User=0.20s Sys=0.02s Real=0.11s
[704.488s][info][gc,start       ] GC(1949) Pause Young (Allocation Failure)
[704.582s][info][gc,heap        ] GC(1949) PSYoungGen: 205600K(207360K)->89216K(222720K) Eden: 111616K(111616K)->0K(111616K) From: 93984K(95744K)->89216K(111104K)
[704.582s][info][gc,heap        ] GC(1949) ParOldGen: 360485K(574464K)->369797K(574464K)
[704.582s][info][gc,metaspace   ] GC(1949) Metaspace: 18973K(19136K)->18973K(19136K) NonClass: 17144K(17280K)->17144K(17280K) Class: 1829K(1856K)->1829K(1856K)
[704.582s][info][gc             ] GC(1949) Pause Young (Allocation Failure) 552M->448M(778M) 93.431ms
[704.582s][info][gc,cpu         ] GC(1949) User=0.19s Sys=0.00s Real=0.09s
[704.700s][info][gc,start       ] GC(1950) Pause Young (Allocation Failure)
[704.786s][info][gc,heap        ] GC(1950) PSYoungGen: 200832K(222720K)->87888K(222720K) Eden: 111616K(111616K)->0K(111616K) From: 89216K(111104K)->87888K(111104K)
[704.786s][info][gc,heap        ] GC(1950) ParOldGen: 369797K(574464K)->371991K(574464K)
[704.786s][info][gc,metaspace   ] GC(1950) Metaspace: 18973K(19136K)->18973K(19136K) NonClass: 17144K(17280K)->17144K(17280K) Class: 1829K(1856K)->1829K(1856K)
[704.786s][info][gc             ] GC(1950) Pause Young (Allocation Failure) 557M->449M(778M) 85.595ms
[704.786s][info][gc,cpu         ] GC(1950) User=0.17s Sys=0.00s Real=0.09s
[705.008s][info][gc,start       ] GC(1951) Pause Young (Allocation Failure)
[705.093s][info][gc,heap        ] GC(1951) PSYoungGen: 199504K(222720K)->35776K(222720K) Eden: 111616K(111616K)->0K(111616K) From: 87888K(111104K)->35776K(111104K)
[705.093s][info][gc,heap        ] GC(1951) ParOldGen: 371991K(574464K)->425764K(574464K)
[705.093s][info][gc,metaspace   ] GC(1951) Metaspace: 18973K(19136K)->18973K(19136K) NonClass: 17144K(17280K)->17144K(17280K) Class: 1829K(1856K)->1829K(1856K)
[705.093s][info][gc             ] GC(1951) Pause Young (Allocation Failure) 558M->450M(778M) 85.291ms
[705.093s][info][gc,cpu         ] GC(1951) User=0.17s Sys=0.00s Real=0.08s
[705.191s][info][gc,start       ] GC(1952) Pause Young (Allocation Failure)
[705.301s][info][gc,heap        ] GC(1952) PSYoungGen: 147392K(222720K)->71744K(222720K) Eden: 111616K(111616K)->0K(111616K) From: 35776K(111104K)->71744K(111104K)
[705.301s][info][gc,heap        ] GC(1952) ParOldGen: 425764K(574464K)->459616K(574464K)
[705.301s][info][gc,metaspace   ] GC(1952) Metaspace: 18973K(19136K)->18973K(19136K) NonClass: 17144K(17280K)->17144K(17280K) Class: 1829K(1856K)->1829K(1856K)
[705.301s][info][gc             ] GC(1952) Pause Young (Allocation Failure) 559M->518M(778M) 110.134ms
[705.301s][info][gc,cpu         ] GC(1952) User=0.22s Sys=0.00s Real=0.11s
[705.461s][info][gc,start       ] GC(1953) Pause Young (Allocation Failure)
[705.566s][info][gc,heap        ] GC(1953) PSYoungGen: 183360K(222720K)->96768K(222720K) Eden: 111616K(111616K)->0K(111616K) From: 71744K(111104K)->96768K(111104K)
[705.566s][info][gc,heap        ] GC(1953) ParOldGen: 459616K(574464K)->461864K(574464K)
[705.566s][info][gc,metaspace   ] GC(1953) Metaspace: 18973K(19136K)->18973K(19136K) NonClass: 17144K(17280K)->17144K(17280K) Class: 1829K(1856K)->1829K(1856K)
[705.566s][info][gc             ] GC(1953) Pause Young (Allocation Failure) 627M->545M(778M) 104.994ms
[705.566s][info][gc,cpu         ] GC(1953) User=0.21s Sys=0.00s Real=0.11s
[705.719s][info][gc,start       ] GC(1954) Pause Young (Allocation Failure)
[705.857s][info][gc,heap        ] GC(1954) PSYoungGen: 208384K(222720K)->39635K(222720K) Eden: 111616K(111616K)->0K(111616K) From: 96768K(111104K)->39635K(111104K)
[705.857s][info][gc,heap        ] GC(1954) ParOldGen: 461864K(574464K)->558928K(574464K)
[705.857s][info][gc,metaspace   ] GC(1954) Metaspace: 18974K(19136K)->18974K(19136K) NonClass: 17145K(17280K)->17145K(17280K) Class: 1829K(1856K)->1829K(1856K)
[705.857s][info][gc             ] GC(1954) Pause Young (Allocation Failure) 654M->584M(778M) 137.748ms
[705.857s][info][gc,cpu         ] GC(1954) User=0.27s Sys=0.00s Real=0.14s
[705.995s][info][gc,start       ] GC(1955) Pause Young (Allocation Failure)
[706.088s][info][gc,heap        ] GC(1955) PSYoungGen: 151251K(222720K)->42239K(222720K) Eden: 111616K(111616K)->0K(111616K) From: 39635K(111104K)->42239K(111104K)
[706.088s][info][gc,heap        ] GC(1955) ParOldGen: 558928K(574464K)->598745K(599040K)
[706.088s][info][gc,metaspace   ] GC(1955) Metaspace: 18974K(19136K)->18974K(19136K) NonClass: 17145K(17280K)->17145K(17280K) Class: 1829K(1856K)->1829K(1856K)
[706.089s][info][gc             ] GC(1955) Pause Young (Allocation Failure) 693M->625M(802M) 93.825ms
[706.089s][info][gc,cpu         ] GC(1955) User=0.16s Sys=0.02s Real=0.09s
[706.172s][info][gc,start       ] GC(1956) Pause Full (Allocation Failure)
[706.172s][info][gc,phases,start] GC(1956) Marking Phase
[706.237s][info][gc,phases      ] GC(1956) Marking Phase 64.449ms
[706.237s][info][gc,phases,start] GC(1956) Summary Phase
[706.237s][info][gc,phases      ] GC(1956) Summary Phase 0.030ms
[706.237s][info][gc,phases,start] GC(1956) Forward
[706.253s][info][gc,phases      ] GC(1956) Forward 16.122ms
[706.253s][info][gc,phases,start] GC(1956) Adjust Pointers
[706.298s][info][gc,phases      ] GC(1956) Adjust Pointers 44.601ms
[706.298s][info][gc,phases,start] GC(1956) Compaction Phase
[706.317s][info][gc,phases      ] GC(1956) Compaction Phase 19.259ms
[706.320s][info][gc,phases,start] GC(1956) Post Compact
[706.322s][info][gc,phases      ] GC(1956) Post Compact 2.254ms
[706.338s][info][gc,heap        ] GC(1956) PSYoungGen: 153855K(222720K)->0K(222720K) Eden: 111616K(111616K)->0K(111616K) From: 42239K(111104K)->0K(111104K)
[706.338s][info][gc,heap        ] GC(1956) ParOldGen: 598745K(599040K)->96893K(427008K)
[706.338s][info][gc,metaspace   ] GC(1956) Metaspace: 18978K(19136K)->18978K(19136K) NonClass: 17149K(17280K)->17149K(17280K) Class: 1829K(1856K)->1829K(1856K)
[706.338s][info][gc             ] GC(1956) Pause Full (Allocation Failure) 734M->94M(634M) 166.102ms
[706.338s][info][gc,cpu         ] GC(1956) User=0.26s Sys=0.01s Real=0.17s
[706.410s][info][gc,start       ] GC(1957) Pause Young (Allocation Failure)
[706.417s][info][gc,heap        ] GC(1957) PSYoungGen: 111616K(222720K)->5440K(222720K) Eden: 111616K(111616K)->0K(111616K) From: 0K(111104K)->5440K(111104K)
[706.417s][info][gc,heap        ] GC(1957) ParOldGen: 96893K(427008K)->96893K(427008K)
[706.417s][info][gc,metaspace   ] GC(1957) Metaspace: 18979K(19136K)->18979K(19136K) NonClass: 17150K(17280K)->17150K(17280K) Class: 1829K(1856K)->1829K(1856K)
[706.417s][info][gc             ] GC(1957) Pause Young (Allocation Failure) 203M->99M(634M) 6.726ms
[706.417s][info][gc,cpu         ] GC(1957) User=0.01s Sys=0.00s Real=0.01s
[706.517s][info][gc,start       ] GC(1958) Pause Young (Allocation Failure)
[706.534s][info][gc,heap        ] GC(1958) PSYoungGen: 117056K(222720K)->10192K(222720K) Eden: 111616K(111616K)->0K(111616K) From: 5440K(111104K)->10192K(111104K)
[706.534s][info][gc,heap        ] GC(1958) ParOldGen: 96893K(427008K)->102317K(427008K)
[706.534s][info][gc,metaspace   ] GC(1958) Metaspace: 18979K(19136K)->18979K(19136K) NonClass: 17150K(17280K)->17150K(17280K) Class: 1829K(1856K)->1829K(1856K)
[706.534s][info][gc             ] GC(1958) Pause Young (Allocation Failure) 208M->109M(634M) 16.484ms
[706.534s][info][gc,cpu         ] GC(1958) User=0.03s Sys=0.00s Real=0.01s
[706.655s][info][gc,start       ] GC(1959) Pause Young (Allocation Failure)
[706.680s][info][gc,heap        ] GC(1959) PSYoungGen: 121808K(222720K)->19344K(222720K) Eden: 111616K(111616K)->0K(111616K) From: 10192K(111104K)->19344K(111104K)
[706.680s][info][gc,heap        ] GC(1959) ParOldGen: 102317K(427008K)->112517K(427008K)
[706.681s][info][gc,metaspace   ] GC(1959) Metaspace: 18979K(19136K)->18979K(19136K) NonClass: 17150K(17280K)->17150K(17280K) Class: 1829K(1856K)->1829K(1856K)
[706.681s][info][gc             ] GC(1959) Pause Young (Allocation Failure) 218M->128M(634M) 25.187ms
[706.681s][info][gc,cpu         ] GC(1959) User=0.05s Sys=0.00s Real=0.02s
[706.745s][info][gc,start       ] GC(1960) Pause Young (Allocation Failure)
[706.789s][info][gc,heap        ] GC(1960) PSYoungGen: 130960K(222720K)->42560K(222720K) Eden: 111616K(111616K)->0K(111616K) From: 19344K(111104K)->42560K(111104K)
[706.789s][info][gc,heap        ] GC(1960) ParOldGen: 112517K(427008K)->132085K(427008K)
[706.789s][info][gc,metaspace   ] GC(1960) Metaspace: 18979K(19136K)->18979K(19136K) NonClass: 17150K(17280K)->17150K(17280K) Class: 1829K(1856K)->1829K(1856K)
[706.789s][info][gc             ] GC(1960) Pause Young (Allocation Failure) 237M->170M(634M) 44.408ms
[706.789s][info][gc,cpu         ] GC(1960) User=0.08s Sys=0.01s Real=0.05s
[706.959s][info][gc,start       ] GC(1961) Pause Young (Allocation Failure)
[706.998s][info][gc,heap        ] GC(1961) PSYoungGen: 154176K(222720K)->12192K(123904K) Eden: 111616K(111616K)->0K(111616K) From: 42560K(111104K)->12192K(12288K)
[706.998s][info][gc,heap        ] GC(1961) ParOldGen: 132085K(427008K)->175109K(427008K)
[706.998s][info][gc,metaspace   ] GC(1961) Metaspace: 18981K(19136K)->18981K(19136K) NonClass: 17152K(17280K)->17152K(17280K) Class: 1829K(1856K)->1829K(1856K)
[706.998s][info][gc             ] GC(1961) Pause Young (Allocation Failure) 279M->182M(538M) 38.897ms
[706.998s][info][gc,cpu         ] GC(1961) User=0.08s Sys=0.00s Real=0.04s
[707.137s][info][gc,start       ] GC(1962) Pause Young (Allocation Failure)
[707.162s][info][gc,heap        ] GC(1962) PSYoungGen: 123808K(123904K)->14403K(225280K) Eden: 111616K(111616K)->0K(115200K) From: 12192K(12288K)->14403K(110080K)
[707.162s][info][gc,heap        ] GC(1962) ParOldGen: 175109K(427008K)->175109K(427008K)
[707.162s][info][gc,metaspace   ] GC(1962) Metaspace: 18982K(19136K)->18982K(19136K) NonClass: 17152K(17280K)->17152K(17280K) Class: 1829K(1856K)->1829K(1856K)
[707.162s][info][gc             ] GC(1962) Pause Young (Allocation Failure) 291M->185M(637M) 24.880ms
[707.162s][info][gc,cpu         ] GC(1962) User=0.05s Sys=0.00s Real=0.02s
[707.301s][info][gc,start       ] GC(1963) Pause Young (Allocation Failure)
[707.380s][info][gc,heap        ] GC(1963) PSYoungGen: 129603K(225280K)->70788K(221696K) Eden: 115200K(115200K)->0K(115200K) From: 14403K(110080K)->70788K(106496K)
[707.380s][info][gc,heap        ] GC(1963) ParOldGen: 175109K(427008K)->175109K(427008K)
[707.380s][info][gc,metaspace   ] GC(1963) Metaspace: 18982K(19136K)->18982K(19136K) NonClass: 17152K(17280K)->17152K(17280K) Class: 1829K(1856K)->1829K(1856K)
[707.380s][info][gc             ] GC(1963) Pause Young (Allocation Failure) 297M->240M(633M) 78.959ms
[707.380s][info][gc,cpu         ] GC(1963) User=0.15s Sys=0.00s Real=0.08s
[707.470s][info][gc,start       ] GC(1964) Pause Young (Allocation Failure)
[707.598s][info][gc,heap        ] GC(1964) PSYoungGen: 185988K(221696K)->99972K(222720K) Eden: 115200K(115200K)->0K(111616K) From: 70788K(106496K)->99972K(111104K)
[707.598s][info][gc,heap        ] GC(1964) ParOldGen: 175109K(427008K)->189413K(427008K)
[707.598s][info][gc,metaspace   ] GC(1964) Metaspace: 18982K(19136K)->18982K(19136K) NonClass: 17152K(17280K)->17152K(17280K) Class: 1829K(1856K)->1829K(1856K)
[707.598s][info][gc             ] GC(1964) Pause Young (Allocation Failure) 352M->282M(634M) 128.548ms
[707.598s][info][gc,cpu         ] GC(1964) User=0.24s Sys=0.01s Real=0.13s
[707.646s][info][gc,start       ] GC(1965) Pause Young (Allocation Failure)
[707.782s][info][gc,heap        ] GC(1965) PSYoungGen: 211588K(222720K)->39168K(222720K) Eden: 111616K(111616K)->0K(111616K) From: 99972K(111104K)->39168K(111104K)
[707.782s][info][gc,heap        ] GC(1965) ParOldGen: 189413K(427008K)->289813K(427008K)
[707.782s][info][gc,metaspace   ] GC(1965) Metaspace: 18982K(19136K)->18982K(19136K) NonClass: 17152K(17280K)->17152K(17280K) Class: 1829K(1856K)->1829K(1856K)
[707.782s][info][gc             ] GC(1965) Pause Young (Allocation Failure) 391M->321M(634M) 135.490ms
[707.782s][info][gc,cpu         ] GC(1965) User=0.27s Sys=0.00s Real=0.13s
[707.871s][info][gc,start       ] GC(1966) Pause Young (Allocation Failure)
[707.929s][info][gc,heap        ] GC(1966) PSYoungGen: 150784K(222720K)->34560K(222720K) Eden: 111616K(111616K)->0K(111616K) From: 39168K(111104K)->34560K(111104K)
[707.929s][info][gc,heap        ] GC(1966) ParOldGen: 289813K(427008K)->329453K(427008K)
[707.929s][info][gc,metaspace   ] GC(1966) Metaspace: 18982K(19136K)->18982K(19136K) NonClass: 17152K(17280K)->17152K(17280K) Class: 1829K(1856K)->1829K(1856K)
[707.929s][info][gc             ] GC(1966) Pause Young (Allocation Failure) 430M->355M(634M) 58.309ms
[707.929s][info][gc,cpu         ] GC(1966) User=0.11s Sys=0.00s Real=0.06s
[708.005s][info][gc,start       ] GC(1967) Pause Young (Allocation Failure)
[708.040s][info][gc,heap        ] GC(1967) PSYoungGen: 146176K(222720K)->4896K(222720K) Eden: 111616K(111616K)->0K(111616K) From: 34560K(111104K)->4896K(111104K)
[708.040s][info][gc,heap        ] GC(1967) ParOldGen: 329453K(427008K)->364309K(427008K)
[708.040s][info][gc,metaspace   ] GC(1967) Metaspace: 18982K(19136K)->18982K(19136K) NonClass: 17152K(17280K)->17152K(17280K) Class: 1829K(1856K)->1829K(1856K)
[708.040s][info][gc             ] GC(1967) Pause Young (Allocation Failure) 464M->360M(634M) 35.006ms
[708.040s][info][gc,cpu         ] GC(1967) User=0.07s Sys=0.00s Real=0.03s
[708.102s][info][gc,start       ] GC(1968) Pause Young (Allocation Failure)
[708.116s][info][gc,heap        ] GC(1968) PSYoungGen: 116512K(222720K)->2432K(222720K) Eden: 111616K(111616K)->0K(111616K) From: 4896K(111104K)->2432K(111104K)
[708.116s][info][gc,heap        ] GC(1968) ParOldGen: 364309K(427008K)->369197K(427008K)
[708.116s][info][gc,metaspace   ] GC(1968) Metaspace: 18982K(19136K)->18982K(19136K) NonClass: 17152K(17280K)->17152K(17280K) Class: 1829K(1856K)->1829K(1856K)
[708.116s][info][gc             ] GC(1968) Pause Young (Allocation Failure) 469M->362M(634M) 13.766ms
[708.116s][info][gc,cpu         ] GC(1968) User=0.02s Sys=0.00s Real=0.02s
[708.212s][info][gc,start       ] GC(1969) Pause Young (Allocation Failure)
[708.231s][info][gc,heap        ] GC(1969) PSYoungGen: 114048K(222720K)->1130K(113152K) Eden: 111616K(111616K)->0K(111616K) From: 2432K(111104K)->1130K(1536K)
[708.231s][info][gc,heap        ] GC(1969) ParOldGen: 369197K(427008K)->371589K(427008K)
[708.231s][info][gc,metaspace   ] GC(1969) Metaspace: 18982K(19136K)->18982K(19136K) NonClass: 17152K(17280K)->17152K(17280K) Class: 1829K(1856K)->1829K(1856K)
[708.231s][info][gc             ] GC(1969) Pause Young (Allocation Failure) 471M->363M(527M) 19.542ms
[708.231s][info][gc,cpu         ] GC(1969) User=0.04s Sys=0.00s Real=0.02s
[708.332s][info][gc,start       ] GC(1970) Pause Young (Allocation Failure)
[708.371s][info][gc,heap        ] GC(1970) PSYoungGen: 112746K(113152K)->22401K(225792K) Eden: 111616K(111616K)->0K(117760K) From: 1130K(1536K)->22401K(108032K)
[708.371s][info][gc,heap        ] GC(1970) ParOldGen: 371589K(427008K)->371589K(427008K)
[708.371s][info][gc,metaspace   ] GC(1970) Metaspace: 18982K(19136K)->18982K(19136K) NonClass: 17152K(17280K)->17152K(17280K) Class: 1829K(1856K)->1829K(1856K)
[708.371s][info][gc             ] GC(1970) Pause Young (Allocation Failure) 472M->384M(637M) 39.424ms
[708.371s][info][gc,cpu         ] GC(1970) User=0.08s Sys=0.00s Real=0.04s
[708.480s][info][gc,start       ] GC(1971) Pause Young (Allocation Failure)
[708.530s][info][gc,heap        ] GC(1971) PSYoungGen: 140161K(225792K)->35361K(153600K) Eden: 117760K(117760K)->0K(117760K) From: 22401K(108032K)->35361K(35840K)
[708.530s][info][gc,heap        ] GC(1971) ParOldGen: 371589K(427008K)->371589K(427008K)
[708.530s][info][gc,metaspace   ] GC(1971) Metaspace: 18982K(19136K)->18982K(19136K) NonClass: 17152K(17280K)->17152K(17280K) Class: 1829K(1856K)->1829K(1856K)
[708.530s][info][gc             ] GC(1971) Pause Young (Allocation Failure) 499M->397M(567M) 49.843ms
[708.530s][info][gc,cpu         ] GC(1971) User=0.10s Sys=0.00s Real=0.05s
[708.637s][info][gc,start       ] GC(1972) Pause Young (Allocation Failure)
[708.715s][info][gc,heap        ] GC(1972) PSYoungGen: 153121K(153600K)->61761K(215552K) Eden: 117760K(117760K)->0K(116736K) From: 35361K(35840K)->61761K(98816K)
[708.715s][info][gc,heap        ] GC(1972) ParOldGen: 371589K(427008K)->371589K(427008K)
[708.715s][info][gc,metaspace   ] GC(1972) Metaspace: 18982K(19136K)->18982K(19136K) NonClass: 17152K(17280K)->17152K(17280K) Class: 1829K(1856K)->1829K(1856K)
[708.715s][info][gc             ] GC(1972) Pause Young (Allocation Failure) 512M->423M(627M) 77.787ms
[708.715s][info][gc,cpu         ] GC(1972) User=0.16s Sys=0.00s Real=0.08s
[708.796s][info][gc,start       ] GC(1973) Pause Young (Allocation Failure)
[708.904s][info][gc,heap        ] GC(1973) PSYoungGen: 178497K(215552K)->79681K(220160K) Eden: 116736K(116736K)->0K(116736K) From: 61761K(98816K)->79681K(103424K)
[708.904s][info][gc,heap        ] GC(1973) ParOldGen: 371589K(427008K)->371589K(427008K)
[708.904s][info][gc,metaspace   ] GC(1973) Metaspace: 18982K(19136K)->18982K(19136K) NonClass: 17152K(17280K)->17152K(17280K) Class: 1829K(1856K)->1829K(1856K)
[708.904s][info][gc             ] GC(1973) Pause Young (Allocation Failure) 537M->440M(632M) 108.393ms
[708.904s][info][gc,cpu         ] GC(1973) User=0.21s Sys=0.00s Real=0.10s
[709.038s][info][gc,start       ] GC(1974) Pause Young (Allocation Failure)
[709.134s][info][gc,heap        ] GC(1974) PSYoungGen: 196417K(220160K)->58528K(222720K) Eden: 116736K(116736K)->0K(111616K) From: 79681K(103424K)->58528K(111104K)
[709.134s][info][gc,heap        ] GC(1974) ParOldGen: 371589K(427008K)->394018K(427008K)
[709.134s][info][gc,metaspace   ] GC(1974) Metaspace: 18982K(19136K)->18982K(19136K) NonClass: 17152K(17280K)->17152K(17280K) Class: 1829K(1856K)->1829K(1856K)
[709.134s][info][gc             ] GC(1974) Pause Young (Allocation Failure) 554M->441M(634M) 96.591ms
[709.134s][info][gc,cpu         ] GC(1974) User=0.19s Sys=0.00s Real=0.09s
[709.279s][info][gc,start       ] GC(1975) Pause Young (Allocation Failure)
[709.348s][info][gc,heap        ] GC(1975) PSYoungGen: 170144K(222720K)->21312K(133120K) Eden: 111616K(111616K)->0K(111616K) From: 58528K(111104K)->21312K(21504K)
[709.348s][info][gc,heap        ] GC(1975) ParOldGen: 394018K(427008K)->433480K(433664K)
[709.348s][info][gc,metaspace   ] GC(1975) Metaspace: 18982K(19136K)->18982K(19136K) NonClass: 17152K(17280K)->17152K(17280K) Class: 1829K(1856K)->1829K(1856K)
[709.348s][info][gc             ] GC(1975) Pause Young (Allocation Failure) 550M->444M(553M) 68.544ms
[709.348s][info][gc,cpu         ] GC(1975) User=0.12s Sys=0.01s Real=0.07s
[709.505s][info][gc,start       ] GC(1976) Pause Young (Allocation Failure)
[709.543s][info][gc,heap        ] GC(1976) PSYoungGen: 132928K(133120K)->4768K(221696K) Eden: 111616K(111616K)->0K(112640K) From: 21312K(21504K)->4768K(109056K)
[709.543s][info][gc,heap        ] GC(1976) ParOldGen: 433480K(433664K)->451480K(451584K)
[709.543s][info][gc,metaspace   ] GC(1976) Metaspace: 18982K(19136K)->18982K(19136K) NonClass: 17152K(17280K)->17152K(17280K) Class: 1829K(1856K)->1829K(1856K)
[709.543s][info][gc             ] GC(1976) Pause Young (Allocation Failure) 553M->445M(657M) 38.148ms
[709.543s][info][gc,cpu         ] GC(1976) User=0.06s Sys=0.02s Real=0.03s
[709.695s][info][gc,start       ] GC(1977) Pause Young (Allocation Failure)
[709.720s][info][gc,heap        ] GC(1977) PSYoungGen: 117408K(221696K)->21952K(134656K) Eden: 112640K(112640K)->0K(112640K) From: 4768K(109056K)->21952K(22016K)
[709.720s][info][gc,heap        ] GC(1977) ParOldGen: 451480K(451584K)->451480K(451584K)
[709.720s][info][gc,metaspace   ] GC(1977) Metaspace: 18982K(19136K)->18982K(19136K) NonClass: 17152K(17280K)->17152K(17280K) Class: 1829K(1856K)->1829K(1856K)
[709.720s][info][gc             ] GC(1977) Pause Young (Allocation Failure) 555M->462M(572M) 25.080ms
[709.720s][info][gc,cpu         ] GC(1977) User=0.05s Sys=0.00s Real=0.02s
[710.041s][info][gc,start       ] GC(1978) Pause Young (Allocation Failure)
[710.073s][info][gc,heap        ] GC(1978) PSYoungGen: 134592K(134656K)->27680K(217600K) Eden: 112640K(112640K)->0K(121344K) From: 21952K(22016K)->27680K(96256K)
[710.073s][info][gc,heap        ] GC(1978) ParOldGen: 451480K(451584K)->451480K(451584K)
[710.073s][info][gc,metaspace   ] GC(1978) Metaspace: 18982K(19136K)->18982K(19136K) NonClass: 17152K(17280K)->17152K(17280K) Class: 1829K(1856K)->1829K(1856K)
[710.073s][info][gc             ] GC(1978) Pause Young (Allocation Failure) 572M->467M(653M) 32.265ms
[710.073s][info][gc,cpu         ] GC(1978) User=0.06s Sys=0.00s Real=0.03s
[710.404s][info][gc,start       ] GC(1979) Pause Young (Allocation Failure)
[710.435s][info][gc,heap        ] GC(1979) PSYoungGen: 149024K(217600K)->27776K(218624K) Eden: 121344K(121344K)->0K(121344K) From: 27680K(96256K)->27776K(97280K)
[710.435s][info][gc,heap        ] GC(1979) ParOldGen: 451480K(451584K)->451480K(451584K)
[710.435s][info][gc,metaspace   ] GC(1979) Metaspace: 18982K(19136K)->18982K(19136K) NonClass: 17152K(17280K)->17152K(17280K) Class: 1829K(1856K)->1829K(1856K)
[710.435s][info][gc             ] GC(1979) Pause Young (Allocation Failure) 586M->468M(654M) 31.034ms
[710.435s][info][gc,cpu         ] GC(1979) User=0.06s Sys=0.00s Real=0.04s
[710.760s][info][gc,start       ] GC(1980) Pause Young (Allocation Failure)
[710.794s][info][gc,heap        ] GC(1980) PSYoungGen: 149120K(218624K)->27776K(210944K) Eden: 121344K(121344K)->0K(129024K) From: 27776K(97280K)->27776K(81920K)
[710.795s][info][gc,heap        ] GC(1980) ParOldGen: 451480K(451584K)->451480K(451584K)
[710.795s][info][gc,metaspace   ] GC(1980) Metaspace: 18982K(19136K)->18982K(19136K) NonClass: 17152K(17280K)->17152K(17280K) Class: 1829K(1856K)->1829K(1856K)
[710.795s][info][gc             ] GC(1980) Pause Young (Allocation Failure) 586M->468M(647M) 34.868ms
[710.795s][info][gc,cpu         ] GC(1980) User=0.07s Sys=0.00s Real=0.03s
[711.120s][info][gc,start       ] GC(1981) Pause Young (Allocation Failure)
[711.159s][info][gc,heap        ] GC(1981) PSYoungGen: 156800K(210944K)->27776K(216064K) Eden: 129024K(129024K)->0K(129024K) From: 27776K(81920K)->27776K(87040K)
[711.159s][info][gc,heap        ] GC(1981) ParOldGen: 451480K(451584K)->451480K(451584K)
[711.159s][info][gc,metaspace   ] GC(1981) Metaspace: 18982K(19136K)->18982K(19136K) NonClass: 17152K(17280K)->17152K(17280K) Class: 1829K(1856K)->1829K(1856K)
[711.159s][info][gc             ] GC(1981) Pause Young (Allocation Failure) 594M->468M(652M) 39.480ms
[711.159s][info][gc,cpu         ] GC(1981) User=0.08s Sys=0.00s Real=0.04s
[711.502s][info][gc,start       ] GC(1982) Pause Young (Allocation Failure)
[711.539s][info][gc,heap        ] GC(1982) PSYoungGen: 156800K(216064K)->32672K(207872K) Eden: 129024K(129024K)->0K(136192K) From: 27776K(87040K)->32672K(71680K)
[711.539s][info][gc,heap        ] GC(1982) ParOldGen: 451480K(451584K)->451480K(451584K)
[711.539s][info][gc,metaspace   ] GC(1982) Metaspace: 18982K(19136K)->18982K(19136K) NonClass: 17152K(17280K)->17152K(17280K) Class: 1829K(1856K)->1829K(1856K)
[711.539s][info][gc             ] GC(1982) Pause Young (Allocation Failure) 594M->472M(644M) 36.745ms
[711.539s][info][gc,cpu         ] GC(1982) User=0.07s Sys=0.00s Real=0.04s
[711.671s][info][gc,start       ] GC(1983) Pause Young (Allocation Failure)
[711.734s][info][gc,heap        ] GC(1983) PSYoungGen: 168864K(207872K)->69222K(213504K) Eden: 136192K(136192K)->0K(136192K) From: 32672K(71680K)->69222K(77312K)
[711.734s][info][gc,heap        ] GC(1983) ParOldGen: 451480K(451584K)->451480K(451584K)
[711.734s][info][gc,metaspace   ] GC(1983) Metaspace: 18982K(19136K)->18982K(19136K) NonClass: 17152K(17280K)->17152K(17280K) Class: 1829K(1856K)->1829K(1856K)
[711.734s][info][gc             ] GC(1983) Pause Young (Allocation Failure) 605M->508M(649M) 63.374ms
[711.734s][info][gc,cpu         ] GC(1983) User=0.12s Sys=0.00s Real=0.06s
[711.924s][info][gc,start       ] GC(1984) Pause Young (Allocation Failure)
[712.052s][info][gc,heap        ] GC(1984) PSYoungGen: 205414K(213504K)->86502K(204288K) Eden: 136192K(136192K)->0K(117760K) From: 69222K(77312K)->86502K(86528K)
[712.052s][info][gc,heap        ] GC(1984) ParOldGen: 451480K(451584K)->472132K(472576K)
[712.052s][info][gc,metaspace   ] GC(1984) Metaspace: 18982K(19136K)->18982K(19136K) NonClass: 17152K(17280K)->17152K(17280K) Class: 1829K(1856K)->1829K(1856K)
[712.052s][info][gc             ] GC(1984) Pause Young (Allocation Failure) 641M->545M(661M) 128.048ms
[712.052s][info][gc,cpu         ] GC(1984) User=0.20s Sys=0.04s Real=0.13s
[712.152s][info][gc,start       ] GC(1985) Pause Young (Allocation Failure)
[712.232s][info][gc,heap        ] GC(1985) PSYoungGen: 204262K(204288K)->85446K(203264K) Eden: 117759K(117760K)->0K(117760K) From: 86502K(86528K)->85446K(85504K)
[712.232s][info][gc,heap        ] GC(1985) ParOldGen: 472132K(472576K)->475492K(475648K)
[712.232s][info][gc,metaspace   ] GC(1985) Metaspace: 18982K(19136K)->18982K(19136K) NonClass: 17152K(17280K)->17152K(17280K) Class: 1829K(1856K)->1829K(1856K)
[712.232s][info][gc             ] GC(1985) Pause Young (Allocation Failure) 660M->547M(663M) 79.735ms
[712.232s][info][gc,cpu         ] GC(1985) User=0.16s Sys=0.00s Real=0.08s
[712.395s][info][gc,start       ] GC(1986) Pause Young (Allocation Failure)
[712.527s][info][gc,heap        ] GC(1986) PSYoungGen: 203206K(203264K)->97235K(222720K) Eden: 117760K(117760K)->0K(111616K) From: 85446K(85504K)->97235K(111104K)
[712.527s][info][gc,heap        ] GC(1986) ParOldGen: 475492K(475648K)->494138K(494592K)
[712.527s][info][gc,metaspace   ] GC(1986) Metaspace: 18982K(19136K)->18982K(19136K) NonClass: 17152K(17280K)->17152K(17280K) Class: 1829K(1856K)->1829K(1856K)
[712.527s][info][gc             ] GC(1986) Pause Young (Allocation Failure) 662M->577M(700M) 132.470ms
[712.527s][info][gc,cpu         ] GC(1986) User=0.25s Sys=0.02s Real=0.13s
[712.641s][info][gc,start       ] GC(1987) Pause Young (Allocation Failure)
[712.750s][info][gc,heap        ] GC(1987) PSYoungGen: 208851K(222720K)->97196K(222720K) Eden: 111616K(111616K)->0K(111616K) From: 97235K(111104K)->97196K(111104K)
[712.750s][info][gc,heap        ] GC(1987) ParOldGen: 494138K(494592K)->499978K(500224K)
[712.750s][info][gc,metaspace   ] GC(1987) Metaspace: 18982K(19136K)->18982K(19136K) NonClass: 17152K(17280K)->17152K(17280K) Class: 1829K(1856K)->1829K(1856K)
[712.750s][info][gc             ] GC(1987) Pause Young (Allocation Failure) 686M->583M(706M) 109.135ms
[712.750s][info][gc,cpu         ] GC(1987) User=0.21s Sys=0.00s Real=0.11s
[712.808s][info][gc,start       ] GC(1988) Pause Young (Allocation Failure)
[712.973s][info][gc,heap        ] GC(1988) PSYoungGen: 208812K(222720K)->111072K(222720K) Eden: 111616K(111616K)->0K(111616K) From: 97196K(111104K)->111072K(111104K)
[712.973s][info][gc,heap        ] GC(1988) ParOldGen: 499978K(500224K)->528890K(528896K)
[712.973s][info][gc,metaspace   ] GC(1988) Metaspace: 18982K(19136K)->18982K(19136K) NonClass: 17152K(17280K)->17152K(17280K) Class: 1829K(1856K)->1829K(1856K)
[712.973s][info][gc             ] GC(1988) Pause Young (Allocation Failure) 692M->624M(734M) 165.203ms
[712.973s][info][gc,cpu         ] GC(1988) User=0.29s Sys=0.04s Real=0.16s
[713.063s][info][gc,start       ] GC(1989) Pause Young (Allocation Failure)
[713.221s][info][gc,heap        ] GC(1989) PSYoungGen: 222688K(222720K)->88720K(222720K) Eden: 111616K(111616K)->0K(111616K) From: 111072K(111104K)->88720K(111104K)
[713.221s][info][gc,heap        ] GC(1989) ParOldGen: 528890K(528896K)->567634K(567808K)
[713.221s][info][gc,metaspace   ] GC(1989) Metaspace: 18982K(19136K)->18982K(19136K) NonClass: 17152K(17280K)->17152K(17280K) Class: 1829K(1856K)->1829K(1856K)
[713.221s][info][gc             ] GC(1989) Pause Young (Allocation Failure) 733M->640M(772M) 157.469ms
[713.221s][info][gc,cpu         ] GC(1989) User=0.28s Sys=0.03s Real=0.16s
[713.297s][info][gc,start       ] GC(1990) Pause Young (Allocation Failure)
[713.415s][info][gc,heap        ] GC(1990) PSYoungGen: 200336K(222720K)->78000K(222720K) Eden: 111616K(111616K)->0K(111616K) From: 88720K(111104K)->78000K(111104K)
[713.415s][info][gc,heap        ] GC(1990) ParOldGen: 567634K(567808K)->587818K(588288K)
[713.415s][info][gc,metaspace   ] GC(1990) Metaspace: 18982K(19136K)->18982K(19136K) NonClass: 17152K(17280K)->17152K(17280K) Class: 1829K(1856K)->1829K(1856K)
[713.415s][info][gc             ] GC(1990) Pause Young (Allocation Failure) 749M->650M(792M) 118.053ms
[713.415s][info][gc,cpu         ] GC(1990) User=0.21s Sys=0.02s Real=0.12s
[713.474s][info][gc,start       ] GC(1991) Pause Young (Allocation Failure)
[713.582s][info][gc,heap        ] GC(1991) PSYoungGen: 189616K(222720K)->55264K(222720K) Eden: 111616K(111616K)->0K(111616K) From: 78000K(111104K)->55264K(111104K)
[713.582s][info][gc,heap        ] GC(1991) ParOldGen: 587818K(588288K)->614770K(614912K)
[713.582s][info][gc,metaspace   ] GC(1991) Metaspace: 18982K(19136K)->18982K(19136K) NonClass: 17152K(17280K)->17152K(17280K) Class: 1829K(1856K)->1829K(1856K)
[713.582s][info][gc             ] GC(1991) Pause Young (Allocation Failure) 759M->654M(818M) 108.006ms
[713.582s][info][gc,cpu         ] GC(1991) User=0.19s Sys=0.03s Real=0.11s
[713.656s][info][gc,start       ] GC(1992) Pause Full (Allocation Failure)
[713.656s][info][gc,phases,start] GC(1992) Marking Phase
[713.931s][info][gc,phases      ] GC(1992) Marking Phase 274.949ms
[713.931s][info][gc,phases,start] GC(1992) Summary Phase
[713.931s][info][gc,phases      ] GC(1992) Summary Phase 0.032ms
[713.931s][info][gc,phases,start] GC(1992) Forward
[714.007s][info][gc,phases      ] GC(1992) Forward 75.595ms
[714.007s][info][gc,phases,start] GC(1992) Adjust Pointers
[714.229s][info][gc,phases      ] GC(1992) Adjust Pointers 222.440ms
[714.229s][info][gc,phases,start] GC(1992) Compaction Phase
[714.356s][info][gc,phases      ] GC(1992) Compaction Phase 126.510ms
[714.363s][info][gc,phases,start] GC(1992) Post Compact
[714.365s][info][gc,phases      ] GC(1992) Post Compact 2.298ms
[714.366s][info][gc,heap        ] GC(1992) PSYoungGen: 166880K(222720K)->0K(222720K) Eden: 111616K(111616K)->0K(111616K) From: 55264K(111104K)->0K(111104K)
[714.366s][info][gc,heap        ] GC(1992) ParOldGen: 614770K(614912K)->381020K(667648K)
[714.366s][info][gc,metaspace   ] GC(1992) Metaspace: 18982K(19136K)->18982K(19136K) NonClass: 17152K(17280K)->17152K(17280K) Class: 1829K(1856K)->1829K(1856K)
[714.366s][info][gc             ] GC(1992) Pause Full (Allocation Failure) 763M->372M(869M) 709.612ms
[714.366s][info][gc,cpu         ] GC(1992) User=1.36s Sys=0.00s Real=0.71s
[714.455s][info][gc,start       ] GC(1993) Pause Young (Allocation Failure)
[714.473s][info][gc,heap        ] GC(1993) PSYoungGen: 111616K(222720K)->11264K(222720K) Eden: 111616K(111616K)->0K(111616K) From: 0K(111104K)->11264K(111104K)
[714.473s][info][gc,heap        ] GC(1993) ParOldGen: 381020K(667648K)->381020K(667648K)
[714.473s][info][gc,metaspace   ] GC(1993) Metaspace: 18982K(19136K)->18982K(19136K) NonClass: 17152K(17280K)->17152K(17280K) Class: 1829K(1856K)->1829K(1856K)
[714.473s][info][gc             ] GC(1993) Pause Young (Allocation Failure) 481M->383M(869M) 18.140ms
[714.473s][info][gc,cpu         ] GC(1993) User=0.03s Sys=0.00s Real=0.01s
[714.551s][info][gc,start       ] GC(1994) Pause Young (Allocation Failure)
[714.576s][info][gc,heap        ] GC(1994) PSYoungGen: 122880K(222720K)->18656K(222720K) Eden: 111616K(111616K)->0K(111616K) From: 11264K(111104K)->18656K(111104K)
[714.576s][info][gc,heap        ] GC(1994) ParOldGen: 381020K(667648K)->381020K(667648K)
[714.576s][info][gc,metaspace   ] GC(1994) Metaspace: 18982K(19136K)->18982K(19136K) NonClass: 17152K(17280K)->17152K(17280K) Class: 1829K(1856K)->1829K(1856K)
[714.576s][info][gc             ] GC(1994) Pause Young (Allocation Failure) 492M->390M(869M) 25.423ms
[714.576s][info][gc,cpu         ] GC(1994) User=0.05s Sys=0.00s Real=0.03s
[714.648s][info][gc,start       ] GC(1995) Pause Young (Allocation Failure)
[714.675s][info][gc,heap        ] GC(1995) PSYoungGen: 130272K(222720K)->3904K(222720K) Eden: 111616K(111616K)->0K(111616K) From: 18656K(111104K)->3904K(111104K)
[714.675s][info][gc,heap        ] GC(1995) ParOldGen: 381020K(667648K)->399716K(667648K)
[714.675s][info][gc,metaspace   ] GC(1995) Metaspace: 18982K(19136K)->18982K(19136K) NonClass: 17152K(17280K)->17152K(17280K) Class: 1829K(1856K)->1829K(1856K)
[714.675s][info][gc             ] GC(1995) Pause Young (Allocation Failure) 499M->394M(869M) 26.917ms
[714.675s][info][gc,cpu         ] GC(1995) User=0.05s Sys=0.00s Real=0.03s
[714.757s][info][gc,start       ] GC(1996) Pause Young (Allocation Failure)
[714.767s][info][gc,heap        ] GC(1996) PSYoungGen: 115520K(222720K)->1632K(222720K) Eden: 111616K(111616K)->0K(111616K) From: 3904K(111104K)->1632K(111104K)
[714.767s][info][gc,heap        ] GC(1996) ParOldGen: 399716K(667648K)->403628K(667648K)
[714.767s][info][gc,metaspace   ] GC(1996) Metaspace: 18982K(19136K)->18982K(19136K) NonClass: 17152K(17280K)->17152K(17280K) Class: 1829K(1856K)->1829K(1856K)
[714.767s][info][gc             ] GC(1996) Pause Young (Allocation Failure) 503M->395M(869M) 10.248ms
[714.767s][info][gc,cpu         ] GC(1996) User=0.02s Sys=0.00s Real=0.01s
[714.882s][info][gc,start       ] GC(1997) Pause Young (Allocation Failure)
[714.903s][info][gc,heap        ] GC(1997) PSYoungGen: 113248K(222720K)->16320K(222720K) Eden: 111616K(111616K)->0K(111616K) From: 1632K(111104K)->16320K(111104K)
[714.903s][info][gc,heap        ] GC(1997) ParOldGen: 403628K(667648K)->405244K(667648K)
[714.903s][info][gc,metaspace   ] GC(1997) Metaspace: 18982K(19136K)->18982K(19136K) NonClass: 17152K(17280K)->17152K(17280K) Class: 1829K(1856K)->1829K(1856K)
[714.903s][info][gc             ] GC(1997) Pause Young (Allocation Failure) 504M->411M(869M) 21.012ms
[714.903s][info][gc,cpu         ] GC(1997) User=0.04s Sys=0.00s Real=0.02s
[715.098s][info][gc,start       ] GC(1998) Pause Young (Allocation Failure)
[715.135s][info][gc,heap        ] GC(1998) PSYoungGen: 127936K(222720K)->15904K(222720K) Eden: 111616K(111616K)->0K(111616K) From: 16320K(111104K)->15904K(111104K)
[715.135s][info][gc,heap        ] GC(1998) ParOldGen: 405244K(667648K)->421580K(667648K)
[715.135s][info][gc,metaspace   ] GC(1998) Metaspace: 18982K(19136K)->18982K(19136K) NonClass: 17152K(17280K)->17152K(17280K) Class: 1829K(1856K)->1829K(1856K)
[715.135s][info][gc             ] GC(1998) Pause Young (Allocation Failure) 520M->427M(869M) 36.468ms
[715.135s][info][gc,cpu         ] GC(1998) User=0.07s Sys=0.00s Real=0.04s
[715.508s][info][gc,start       ] GC(1999) Pause Young (Allocation Failure)
[715.528s][info][gc,heap        ] GC(1999) PSYoungGen: 127520K(222720K)->160K(222720K) Eden: 111616K(111616K)->0K(111616K) From: 15904K(111104K)->160K(111104K)
[715.528s][info][gc,heap        ] GC(1999) ParOldGen: 421580K(667648K)->437465K(667648K)
[715.528s][info][gc,metaspace   ] GC(1999) Metaspace: 18982K(19136K)->18982K(19136K) NonClass: 17152K(17280K)->17152K(17280K) Class: 1829K(1856K)->1829K(1856K)
[715.528s][info][gc             ] GC(1999) Pause Young (Allocation Failure) 536M->427M(869M) 20.093ms
[715.528s][info][gc,cpu         ] GC(1999) User=0.04s Sys=0.00s Real=0.02s
[715.725s][info][gc,start       ] GC(2000) Pause Young (Allocation Failure)
[715.743s][info][gc,heap        ] GC(2000) PSYoungGen: 111776K(222720K)->14496K(222720K) Eden: 111616K(111616K)->0K(111616K) From: 160K(111104K)->14496K(111104K)
[715.743s][info][gc,heap        ] GC(2000) ParOldGen: 437465K(667648K)->437550K(667648K)
[715.743s][info][gc,metaspace   ] GC(2000) Metaspace: 18982K(19136K)->18982K(19136K) NonClass: 17152K(17280K)->17152K(17280K) Class: 1829K(1856K)->1829K(1856K)
[715.743s][info][gc             ] GC(2000) Pause Young (Allocation Failure) 536M->441M(869M) 18.117ms
[715.743s][info][gc,cpu         ] GC(2000) User=0.04s Sys=0.00s Real=0.01s
[715.889s][info][gc,start       ] GC(2001) Pause Young (Allocation Failure)
[715.911s][info][gc,heap        ] GC(2001) PSYoungGen: 126112K(222720K)->7008K(222720K) Eden: 111616K(111616K)->0K(111616K) From: 14496K(111104K)->7008K(111104K)
[715.911s][info][gc,heap        ] GC(2001) ParOldGen: 437550K(667648K)->452071K(667648K)
[715.911s][info][gc,metaspace   ] GC(2001) Metaspace: 18982K(19136K)->18982K(19136K) NonClass: 17152K(17280K)->17152K(17280K) Class: 1829K(1856K)->1829K(1856K)
[715.911s][info][gc             ] GC(2001) Pause Young (Allocation Failure) 550M->448M(869M) 21.973ms
[715.911s][info][gc,cpu         ] GC(2001) User=0.04s Sys=0.00s Real=0.02s
[716.077s][info][gc,start       ] GC(2002) Pause Young (Allocation Failure)
[716.100s][info][gc,heap        ] GC(2002) PSYoungGen: 118624K(222720K)->16864K(222720K) Eden: 111616K(111616K)->0K(111616K) From: 7008K(111104K)->16864K(111104K)
[716.100s][info][gc,heap        ] GC(2002) ParOldGen: 452071K(667648K)->459055K(667648K)
[716.100s][info][gc,metaspace   ] GC(2002) Metaspace: 18982K(19136K)->18982K(19136K) NonClass: 17152K(17280K)->17152K(17280K) Class: 1829K(1856K)->1829K(1856K)
[716.100s][info][gc             ] GC(2002) Pause Young (Allocation Failure) 557M->464M(869M) 23.572ms
[716.100s][info][gc,cpu         ] GC(2002) User=0.05s Sys=0.00s Real=0.02s
[716.163s][info][gc,start       ] GC(2003) Pause Young (Allocation Failure)
[716.205s][info][gc,heap        ] GC(2003) PSYoungGen: 128480K(222720K)->40544K(222720K) Eden: 111616K(111616K)->0K(111616K) From: 16864K(111104K)->40544K(111104K)
[716.205s][info][gc,heap        ] GC(2003) ParOldGen: 459055K(667648K)->476039K(667648K)
[716.205s][info][gc,metaspace   ] GC(2003) Metaspace: 18982K(19136K)->18982K(19136K) NonClass: 17152K(17280K)->17152K(17280K) Class: 1829K(1856K)->1829K(1856K)
[716.205s][info][gc             ] GC(2003) Pause Young (Allocation Failure) 573M->504M(869M) 42.143ms
[716.205s][info][gc,cpu         ] GC(2003) User=0.09s Sys=0.00s Real=0.05s
[716.401s][info][gc,start       ] GC(2004) Pause Young (Allocation Failure)
[716.446s][info][gc,heap        ] GC(2004) PSYoungGen: 152160K(222720K)->23456K(212480K) Eden: 111616K(111616K)->0K(111616K) From: 40544K(111104K)->23456K(100864K)
[716.446s][info][gc,heap        ] GC(2004) ParOldGen: 476039K(667648K)->517071K(667648K)
[716.446s][info][gc,metaspace   ] GC(2004) Metaspace: 18982K(19136K)->18982K(19136K) NonClass: 17152K(17280K)->17152K(17280K) Class: 1829K(1856K)->1829K(1856K)
[716.446s][info][gc             ] GC(2004) Pause Young (Allocation Failure) 613M->527M(859M) 44.700ms
[716.446s][info][gc,cpu         ] GC(2004) User=0.09s Sys=0.00s Real=0.05s
[716.567s][info][gc,start       ] GC(2005) Pause Young (Allocation Failure)
[716.599s][info][gc,heap        ] GC(2005) PSYoungGen: 135072K(212480K)->26304K(217600K) Eden: 111616K(111616K)->0K(111616K) From: 23456K(100864K)->26304K(105984K)
[716.599s][info][gc,heap        ] GC(2005) ParOldGen: 517071K(667648K)->517071K(667648K)
[716.599s][info][gc,metaspace   ] GC(2005) Metaspace: 18982K(19136K)->18982K(19136K) NonClass: 17152K(17280K)->17152K(17280K) Class: 1829K(1856K)->1829K(1856K)
[716.599s][info][gc             ] GC(2005) Pause Young (Allocation Failure) 636M->530M(864M) 31.754ms
[716.599s][info][gc,cpu         ] GC(2005) User=0.06s Sys=0.00s Real=0.03s
[716.769s][info][gc,start       ] GC(2006) Pause Young (Allocation Failure)
[716.839s][info][gc,heap        ] GC(2006) PSYoungGen: 137920K(217600K)->60063K(214528K) Eden: 111616K(111616K)->0K(115712K) From: 26304K(105984K)->60063K(98816K)
[716.839s][info][gc,heap        ] GC(2006) ParOldGen: 517071K(667648K)->517071K(667648K)
[716.839s][info][gc,metaspace   ] GC(2006) Metaspace: 18982K(19136K)->18982K(19136K) NonClass: 17152K(17280K)->17152K(17280K) Class: 1829K(1856K)->1829K(1856K)
[716.839s][info][gc             ] GC(2006) Pause Young (Allocation Failure) 639M->563M(861M) 69.671ms
[716.839s][info][gc,cpu         ] GC(2006) User=0.14s Sys=0.00s Real=0.07s
[716.976s][info][gc,start       ] GC(2007) Pause Young (Allocation Failure)
[717.065s][info][gc,heap        ] GC(2007) PSYoungGen: 175775K(214528K)->79039K(219136K) Eden: 115712K(115712K)->0K(115712K) From: 60063K(98816K)->79039K(103424K)
[717.065s][info][gc,heap        ] GC(2007) ParOldGen: 517071K(667648K)->517071K(667648K)
[717.065s][info][gc,metaspace   ] GC(2007) Metaspace: 18982K(19136K)->18982K(19136K) NonClass: 17152K(17280K)->17152K(17280K) Class: 1829K(1856K)->1829K(1856K)
[717.065s][info][gc             ] GC(2007) Pause Young (Allocation Failure) 676M->582M(866M) 88.560ms
[717.065s][info][gc,cpu         ] GC(2007) User=0.18s Sys=0.00s Real=0.09s
[717.184s][info][gc,start       ] GC(2008) Pause Young (Allocation Failure)
[717.283s][info][gc,heap        ] GC(2008) PSYoungGen: 194751K(219136K)->61535K(222720K) Eden: 115712K(115712K)->0K(111616K) From: 79039K(103424K)->61535K(111104K)
[717.283s][info][gc,heap        ] GC(2008) ParOldGen: 517071K(667648K)->543579K(667648K)
[717.283s][info][gc,metaspace   ] GC(2008) Metaspace: 18982K(19136K)->18982K(19136K) NonClass: 17152K(17280K)->17152K(17280K) Class: 1829K(1856K)->1829K(1856K)
[717.283s][info][gc             ] GC(2008) Pause Young (Allocation Failure) 695M->590M(869M) 99.130ms
[717.283s][info][gc,cpu         ] GC(2008) User=0.20s Sys=0.00s Real=0.10s
[717.379s][info][gc,start       ] GC(2009) Pause Young (Allocation Failure)
[717.455s][info][gc,heap        ] GC(2009) PSYoungGen: 173151K(222720K)->9472K(222720K) Eden: 111616K(111616K)->0K(111616K) From: 61535K(111104K)->9472K(111104K)
[717.455s][info][gc,heap        ] GC(2009) ParOldGen: 543579K(667648K)->596465K(667648K)
[717.455s][info][gc,metaspace   ] GC(2009) Metaspace: 18982K(19136K)->18982K(19136K) NonClass: 17152K(17280K)->17152K(17280K) Class: 1829K(1856K)->1829K(1856K)
[717.455s][info][gc             ] GC(2009) Pause Young (Allocation Failure) 699M->591M(869M) 76.603ms
[717.455s][info][gc,cpu         ] GC(2009) User=0.15s Sys=0.00s Real=0.08s
[717.588s][info][gc,start       ] GC(2010) Pause Young (Allocation Failure)
[717.615s][info][gc,heap        ] GC(2010) PSYoungGen: 121088K(222720K)->192K(222720K) Eden: 111616K(111616K)->0K(111616K) From: 9472K(111104K)->192K(111104K)
[717.615s][info][gc,heap        ] GC(2010) ParOldGen: 596465K(667648K)->605937K(667648K)
[717.615s][info][gc,metaspace   ] GC(2010) Metaspace: 18982K(19136K)->18982K(19136K) NonClass: 17152K(17280K)->17152K(17280K) Class: 1829K(1856K)->1829K(1856K)
[717.615s][info][gc             ] GC(2010) Pause Young (Allocation Failure) 700M->591M(869M) 27.131ms
[717.615s][info][gc,cpu         ] GC(2010) User=0.05s Sys=0.00s Real=0.03s
[717.754s][info][gc,start       ] GC(2011) Pause Young (Allocation Failure)
[717.765s][info][gc,heap        ] GC(2011) PSYoungGen: 111808K(222720K)->4224K(116224K) Eden: 111616K(111616K)->0K(111616K) From: 192K(111104K)->4224K(4608K)
[717.765s][info][gc,heap        ] GC(2011) ParOldGen: 605937K(667648K)->606121K(667648K)
[717.765s][info][gc,metaspace   ] GC(2011) Metaspace: 18982K(19136K)->18982K(19136K) NonClass: 17152K(17280K)->17152K(17280K) Class: 1829K(1856K)->1829K(1856K)
[717.765s][info][gc             ] GC(2011) Pause Young (Allocation Failure) 700M->596M(765M) 11.487ms
[717.765s][info][gc,cpu         ] GC(2011) User=0.02s Sys=0.00s Real=0.02s
[717.898s][info][gc,start       ] GC(2012) Pause Young (Allocation Failure)
[717.921s][info][gc,heap        ] GC(2012) PSYoungGen: 115840K(116224K)->19136K(223232K) Eden: 111616K(111616K)->0K(117248K) From: 4224K(4608K)->19136K(105984K)
[717.921s][info][gc,heap        ] GC(2012) ParOldGen: 606121K(667648K)->606121K(667648K)
[717.921s][info][gc,metaspace   ] GC(2012) Metaspace: 18982K(19136K)->18982K(19136K) NonClass: 17152K(17280K)->17152K(17280K) Class: 1829K(1856K)->1829K(1856K)
[717.921s][info][gc             ] GC(2012) Pause Young (Allocation Failure) 705M->610M(870M) 23.253ms
[717.921s][info][gc,cpu         ] GC(2012) User=0.05s Sys=0.00s Real=0.02s
[718.044s][info][gc,start       ] GC(2013) Pause Young (Allocation Failure)
[718.095s][info][gc,heap        ] GC(2013) PSYoungGen: 136384K(223232K)->56642K(219648K) Eden: 117248K(117248K)->0K(117248K) From: 19136K(105984K)->56642K(102400K)
[718.095s][info][gc,heap        ] GC(2013) ParOldGen: 606121K(667648K)->606121K(667648K)
[718.095s][info][gc,metaspace   ] GC(2013) Metaspace: 18982K(19136K)->18982K(19136K) NonClass: 17152K(17280K)->17152K(17280K) Class: 1829K(1856K)->1829K(1856K)
[718.095s][info][gc             ] GC(2013) Pause Young (Allocation Failure) 725M->647M(866M) 50.378ms
[718.095s][info][gc,cpu         ] GC(2013) User=0.10s Sys=0.00s Real=0.06s
[718.143s][info][gc,start       ] GC(2014) Pause Young (Allocation Failure)
[718.230s][info][gc,heap        ] GC(2014) PSYoungGen: 173890K(219648K)->99362K(217088K) Eden: 117248K(117248K)->0K(111616K) From: 56642K(102400K)->99362K(105472K)
[718.230s][info][gc,heap        ] GC(2014) ParOldGen: 606121K(667648K)->606121K(667648K)
[718.230s][info][gc,metaspace   ] GC(2014) Metaspace: 18982K(19136K)->18982K(19136K) NonClass: 17152K(17280K)->17152K(17280K) Class: 1829K(1856K)->1829K(1856K)
[718.230s][info][gc             ] GC(2014) Pause Young (Allocation Failure) 761M->688M(864M) 87.582ms
[718.230s][info][gc,cpu         ] GC(2014) User=0.17s Sys=0.01s Real=0.09s
[718.432s][info][gc,start       ] GC(2015) Pause Young (Allocation Failure)
[718.531s][info][gc,heap        ] GC(2015) PSYoungGen: 210978K(217088K)->97234K(222720K) Eden: 111616K(111616K)->0K(111616K) From: 99362K(105472K)->97234K(111104K)
[718.531s][info][gc,heap        ] GC(2015) ParOldGen: 606121K(667648K)->625281K(667648K)
[718.531s][info][gc,metaspace   ] GC(2015) Metaspace: 18982K(19136K)->18982K(19136K) NonClass: 17152K(17280K)->17152K(17280K) Class: 1829K(1856K)->1829K(1856K)
[718.531s][info][gc             ] GC(2015) Pause Young (Allocation Failure) 797M->705M(869M) 99.594ms
[718.531s][info][gc,cpu         ] GC(2015) User=0.19s Sys=0.00s Real=0.10s
[718.748s][info][gc,start       ] GC(2016) Pause Full (Allocation Failure)
[718.748s][info][gc,phases,start] GC(2016) Marking Phase
[719.125s][info][gc,phases      ] GC(2016) Marking Phase 377.089ms
[719.125s][info][gc,phases,start] GC(2016) Summary Phase
[719.125s][info][gc,phases      ] GC(2016) Summary Phase 0.032ms
[719.125s][info][gc,phases,start] GC(2016) Forward
[719.248s][info][gc,phases      ] GC(2016) Forward 122.486ms
[719.248s][info][gc,phases,start] GC(2016) Adjust Pointers
[719.537s][info][gc,phases      ] GC(2016) Adjust Pointers 289.284ms
[719.537s][info][gc,phases,start] GC(2016) Compaction Phase
[719.710s][info][gc,phases      ] GC(2016) Compaction Phase 172.382ms
[719.721s][info][gc,phases,start] GC(2016) Post Compact
[719.723s][info][gc,phases      ] GC(2016) Post Compact 2.489ms
[719.723s][info][gc,heap        ] GC(2016) PSYoungGen: 208850K(222720K)->0K(222720K) Eden: 111616K(111616K)->0K(111616K) From: 97234K(111104K)->0K(111104K)
[719.723s][info][gc,heap        ] GC(2016) ParOldGen: 625281K(667648K)->511961K(667648K)
[719.723s][info][gc,metaspace   ] GC(2016) Metaspace: 18982K(19136K)->18982K(19136K) NonClass: 17152K(17280K)->17152K(17280K) Class: 1829K(1856K)->1829K(1856K)
[719.723s][info][gc             ] GC(2016) Pause Full (Allocation Failure) 814M->499M(869M) 975.257ms
[719.723s][info][gc,cpu         ] GC(2016) User=1.84s Sys=0.00s Real=0.97s
[719.849s][info][gc,start       ] GC(2017) Pause Young (Allocation Failure)
[719.876s][info][gc,heap        ] GC(2017) PSYoungGen: 111616K(222720K)->22688K(222720K) Eden: 111616K(111616K)->0K(111616K) From: 0K(111104K)->22688K(111104K)
[719.876s][info][gc,heap        ] GC(2017) ParOldGen: 511961K(667648K)->511961K(667648K)
[719.876s][info][gc,metaspace   ] GC(2017) Metaspace: 18982K(19136K)->18982K(19136K) NonClass: 17152K(17280K)->17152K(17280K) Class: 1829K(1856K)->1829K(1856K)
[719.877s][info][gc             ] GC(2017) Pause Young (Allocation Failure) 608M->522M(869M) 27.235ms
[719.877s][info][gc,cpu         ] GC(2017) User=0.05s Sys=0.00s Real=0.03s
[720.015s][info][gc,start       ] GC(2018) Pause Young (Allocation Failure)
[720.058s][info][gc,heap        ] GC(2018) PSYoungGen: 134304K(222720K)->16544K(222720K) Eden: 111616K(111616K)->0K(111616K) From: 22688K(111104K)->16544K(111104K)
[720.058s][info][gc,heap        ] GC(2018) ParOldGen: 511961K(667648K)->534481K(667648K)
[720.058s][info][gc,metaspace   ] GC(2018) Metaspace: 18982K(19136K)->18982K(19136K) NonClass: 17152K(17280K)->17152K(17280K) Class: 1829K(1856K)->1829K(1856K)
[720.058s][info][gc             ] GC(2018) Pause Young (Allocation Failure) 631M->538M(869M) 42.920ms
[720.058s][info][gc,cpu         ] GC(2018) User=0.08s Sys=0.00s Real=0.04s
[720.142s][info][gc,start       ] GC(2019) Pause Young (Allocation Failure)
[720.166s][info][gc,heap        ] GC(2019) PSYoungGen: 128160K(222720K)->4288K(222720K) Eden: 111616K(111616K)->0K(111616K) From: 16544K(111104K)->4288K(111104K)
[720.166s][info][gc,heap        ] GC(2019) ParOldGen: 534481K(667648K)->551025K(667648K)
[720.166s][info][gc,metaspace   ] GC(2019) Metaspace: 18982K(19136K)->18982K(19136K) NonClass: 17152K(17280K)->17152K(17280K) Class: 1829K(1856K)->1829K(1856K)
[720.166s][info][gc             ] GC(2019) Pause Young (Allocation Failure) 647M->542M(869M) 24.293ms
[720.166s][info][gc,cpu         ] GC(2019) User=0.04s Sys=0.00s Real=0.03s
[720.290s][info][gc,start       ] GC(2020) Pause Young (Allocation Failure)
[720.302s][info][gc,heap        ] GC(2020) PSYoungGen: 115904K(222720K)->640K(222720K) Eden: 111616K(111616K)->0K(111616K) From: 4288K(111104K)->640K(111104K)
[720.303s][info][gc,heap        ] GC(2020) ParOldGen: 551025K(667648K)->555281K(667648K)
[720.303s][info][gc,metaspace   ] GC(2020) Metaspace: 18982K(19136K)->18982K(19136K) NonClass: 17152K(17280K)->17152K(17280K) Class: 1829K(1856K)->1829K(1856K)
[720.303s][info][gc             ] GC(2020) Pause Young (Allocation Failure) 651M->542M(869M) 12.590ms
[720.303s][info][gc,cpu         ] GC(2020) User=0.02s Sys=0.00s Real=0.01s
[720.429s][info][gc,start       ] GC(2021) Pause Young (Allocation Failure)
[720.441s][info][gc,heap        ] GC(2021) PSYoungGen: 112256K(222720K)->4352K(222720K) Eden: 111616K(111616K)->0K(111616K) From: 640K(111104K)->4352K(111104K)
[720.442s][info][gc,heap        ] GC(2021) ParOldGen: 555281K(667648K)->555905K(667648K)
[720.442s][info][gc,metaspace   ] GC(2021) Metaspace: 18982K(19136K)->18982K(19136K) NonClass: 17152K(17280K)->17152K(17280K) Class: 1829K(1856K)->1829K(1856K)
[720.442s][info][gc             ] GC(2021) Pause Young (Allocation Failure) 651M->547M(869M) 13.066ms
[720.442s][info][gc,cpu         ] GC(2021) User=0.03s Sys=0.00s Real=0.01s
[720.590s][info][gc,start       ] GC(2022) Pause Young (Allocation Failure)
[720.600s][info][gc,heap        ] GC(2022) PSYoungGen: 115968K(222720K)->2048K(222720K) Eden: 111616K(111616K)->0K(111616K) From: 4352K(111104K)->2048K(111104K)
[720.600s][info][gc,heap        ] GC(2022) ParOldGen: 555905K(667648K)->560257K(667648K)
[720.600s][info][gc,metaspace   ] GC(2022) Metaspace: 18982K(19136K)->18982K(19136K) NonClass: 17152K(17280K)->17152K(17280K) Class: 1829K(1856K)->1829K(1856K)
[720.600s][info][gc             ] GC(2022) Pause Young (Allocation Failure) 656M->549M(869M) 9.707ms
[720.600s][info][gc,cpu         ] GC(2022) User=0.02s Sys=0.00s Real=0.01s
[720.790s][info][gc,start       ] GC(2023) Pause Young (Allocation Failure)
[720.811s][info][gc,heap        ] GC(2023) PSYoungGen: 113664K(222720K)->15344K(126976K) Eden: 111616K(111616K)->0K(111616K) From: 2048K(111104K)->15344K(15360K)
[720.811s][info][gc,heap        ] GC(2023) ParOldGen: 560257K(667648K)->562265K(667648K)
[720.811s][info][gc,metaspace   ] GC(2023) Metaspace: 18982K(19136K)->18982K(19136K) NonClass: 17152K(17280K)->17152K(17280K) Class: 1829K(1856K)->1829K(1856K)
[720.811s][info][gc             ] GC(2023) Pause Young (Allocation Failure) 658M->564M(776M) 20.902ms
[720.811s][info][gc,cpu         ] GC(2023) User=0.04s Sys=0.00s Real=0.02s
[721.005s][info][gc,start       ] GC(2024) Pause Young (Allocation Failure)
[721.036s][info][gc,heap        ] GC(2024) PSYoungGen: 126960K(126976K)->26624K(217088K) Eden: 111616K(111616K)->0K(118784K) From: 15344K(15360K)->26624K(98304K)
[721.036s][info][gc,heap        ] GC(2024) ParOldGen: 562265K(667648K)->562265K(667648K)
[721.036s][info][gc,metaspace   ] GC(2024) Metaspace: 18982K(19136K)->18982K(19136K) NonClass: 17152K(17280K)->17152K(17280K) Class: 1829K(1856K)->1829K(1856K)
[721.036s][info][gc             ] GC(2024) Pause Young (Allocation Failure) 673M->575M(864M) 31.409ms
[721.036s][info][gc,cpu         ] GC(2024) User=0.06s Sys=0.00s Real=0.03s
[721.425s][info][gc,start       ] GC(2025) Pause Young (Allocation Failure)
[721.457s][info][gc,heap        ] GC(2025) PSYoungGen: 145408K(217088K)->26928K(217600K) Eden: 118784K(118784K)->0K(118784K) From: 26624K(98304K)->26928K(98816K)
[721.457s][info][gc,heap        ] GC(2025) ParOldGen: 562265K(667648K)->562265K(667648K)
[721.457s][info][gc,metaspace   ] GC(2025) Metaspace: 18982K(19136K)->18982K(19136K) NonClass: 17152K(17280K)->17152K(17280K) Class: 1829K(1856K)->1829K(1856K)
[721.457s][info][gc             ] GC(2025) Pause Young (Allocation Failure) 691M->575M(864M) 31.992ms
[721.457s][info][gc,cpu         ] GC(2025) User=0.06s Sys=0.00s Real=0.03s
[721.770s][info][gc,start       ] GC(2026) Pause Young (Allocation Failure)
[721.801s][info][gc,heap        ] GC(2026) PSYoungGen: 145712K(217600K)->26656K(205312K) Eden: 118784K(118784K)->0K(125952K) From: 26928K(98816K)->26656K(79360K)
[721.801s][info][gc,heap        ] GC(2026) ParOldGen: 562265K(667648K)->562265K(667648K)
[721.801s][info][gc,metaspace   ] GC(2026) Metaspace: 18982K(19136K)->18982K(19136K) NonClass: 17152K(17280K)->17152K(17280K) Class: 1829K(1856K)->1829K(1856K)
[721.801s][info][gc             ] GC(2026) Pause Young (Allocation Failure) 691M->575M(852M) 31.214ms
[721.801s][info][gc,cpu         ] GC(2026) User=0.06s Sys=0.00s Real=0.03s
[722.104s][info][gc,start       ] GC(2027) Pause Young (Allocation Failure)
[722.134s][info][gc,heap        ] GC(2027) PSYoungGen: 152608K(205312K)->27424K(211456K) Eden: 125952K(125952K)->0K(125952K) From: 26656K(79360K)->27424K(85504K)
[722.134s][info][gc,heap        ] GC(2027) ParOldGen: 562265K(667648K)->562265K(667648K)
[722.134s][info][gc,metaspace   ] GC(2027) Metaspace: 18982K(19136K)->18982K(19136K) NonClass: 17152K(17280K)->17152K(17280K) Class: 1829K(1856K)->1829K(1856K)
[722.134s][info][gc             ] GC(2027) Pause Young (Allocation Failure) 698M->575M(858M) 30.403ms
[722.134s][info][gc,cpu         ] GC(2027) User=0.06s Sys=0.01s Real=0.03s
[722.447s][info][gc,start       ] GC(2028) Pause Young (Allocation Failure)
[722.487s][info][gc,heap        ] GC(2028) PSYoungGen: 153376K(211456K)->26688K(202752K) Eden: 125952K(125952K)->0K(133120K) From: 27424K(85504K)->26688K(69632K)
[722.487s][info][gc,heap        ] GC(2028) ParOldGen: 562265K(667648K)->562265K(667648K)
[722.487s][info][gc,metaspace   ] GC(2028) Metaspace: 18982K(19136K)->18982K(19136K) NonClass: 17152K(17280K)->17152K(17280K) Class: 1829K(1856K)->1829K(1856K)
[722.487s][info][gc             ] GC(2028) Pause Young (Allocation Failure) 698M->575M(850M) 39.889ms
[722.487s][info][gc,cpu         ] GC(2028) User=0.08s Sys=0.00s Real=0.04s
[722.793s][info][gc,start       ] GC(2029) Pause Young (Allocation Failure)
[722.823s][info][gc,heap        ] GC(2029) PSYoungGen: 159808K(202752K)->27216K(207872K) Eden: 133120K(133120K)->0K(133120K) From: 26688K(69632K)->27216K(74752K)
[722.823s][info][gc,heap        ] GC(2029) ParOldGen: 562265K(667648K)->562265K(667648K)
[722.823s][info][gc,metaspace   ] GC(2029) Metaspace: 18982K(19136K)->18982K(19136K) NonClass: 17152K(17280K)->17152K(17280K) Class: 1829K(1856K)->1829K(1856K)
[722.823s][info][gc             ] GC(2029) Pause Young (Allocation Failure) 705M->575M(855M) 30.017ms
[722.823s][info][gc,cpu         ] GC(2029) User=0.06s Sys=0.00s Real=0.03s
[722.913s][info][gc,start       ] GC(2030) Pause Young (Allocation Failure)
[722.977s][info][gc,heap        ] GC(2030) PSYoungGen: 160336K(207872K)->70128K(196608K) Eden: 133120K(133120K)->0K(126464K) From: 27216K(74752K)->70128K(70144K)
[722.978s][info][gc,heap        ] GC(2030) ParOldGen: 562265K(667648K)->566977K(667648K)
[722.978s][info][gc,metaspace   ] GC(2030) Metaspace: 18983K(19136K)->18983K(19136K) NonClass: 17154K(17280K)->17154K(17280K) Class: 1829K(1856K)->1829K(1856K)
[722.978s][info][gc             ] GC(2030) Pause Young (Allocation Failure) 705M->622M(844M) 64.560ms
[722.978s][info][gc,cpu         ] GC(2030) User=0.13s Sys=0.00s Real=0.07s
[723.182s][info][gc,start       ] GC(2031) Pause Young (Allocation Failure)
[723.264s][info][gc,heap        ] GC(2031) PSYoungGen: 196592K(196608K)->73600K(210432K) Eden: 126464K(126464K)->0K(126464K) From: 70128K(70144K)->73600K(83968K)
[723.264s][info][gc,heap        ] GC(2031) ParOldGen: 566977K(667648K)->593657K(667648K)
[723.264s][info][gc,metaspace   ] GC(2031) Metaspace: 18983K(19136K)->18983K(19136K) NonClass: 17154K(17280K)->17154K(17280K) Class: 1829K(1856K)->1829K(1856K)
[723.264s][info][gc             ] GC(2031) Pause Young (Allocation Failure) 745M->651M(857M) 81.282ms
[723.264s][info][gc,cpu         ] GC(2031) User=0.16s Sys=0.00s Real=0.08s
[723.420s][info][gc,start       ] GC(2032) Pause Young (Allocation Failure)
[723.487s][info][gc,heap        ] GC(2032) PSYoungGen: 200064K(210432K)->76400K(221184K) Eden: 126464K(126464K)->0K(126976K) From: 73600K(83968K)->76400K(94208K)
[723.487s][info][gc,heap        ] GC(2032) ParOldGen: 593657K(667648K)->593657K(667648K)
[723.487s][info][gc,metaspace   ] GC(2032) Metaspace: 18983K(19136K)->18983K(19136K) NonClass: 17154K(17280K)->17154K(17280K) Class: 1829K(1856K)->1829K(1856K)
[723.487s][info][gc             ] GC(2032) Pause Young (Allocation Failure) 775M->654M(868M) 67.907ms
[723.488s][info][gc,cpu         ] GC(2032) User=0.12s Sys=0.02s Real=0.07s
[723.662s][info][gc,start       ] GC(2033) Pause Young (Allocation Failure)
[723.771s][info][gc,heap        ] GC(2033) PSYoungGen: 203376K(221184K)->103408K(230400K) Eden: 126976K(126976K)->0K(126976K) From: 76400K(94208K)->103408K(103424K)
[723.771s][info][gc,heap        ] GC(2033) ParOldGen: 593657K(667648K)->603193K(667648K)
[723.771s][info][gc,metaspace   ] GC(2033) Metaspace: 18983K(19136K)->18983K(19136K) NonClass: 17154K(17280K)->17154K(17280K) Class: 1829K(1856K)->1829K(1856K)
[723.772s][info][gc             ] GC(2033) Pause Young (Allocation Failure) 778M->690M(877M) 109.687ms
[723.772s][info][gc,cpu         ] GC(2033) User=0.22s Sys=0.00s Real=0.11s
[723.928s][info][gc,start       ] GC(2034) Pause Young (Allocation Failure)
[724.071s][info][gc,heap        ] GC(2034) PSYoungGen: 230384K(230400K)->103408K(215040K) Eden: 126976K(126976K)->0K(111616K) From: 103408K(103424K)->103408K(103424K)
[724.071s][info][gc,heap        ] GC(2034) ParOldGen: 603193K(667648K)->624050K(667648K)
[724.071s][info][gc,metaspace   ] GC(2034) Metaspace: 18983K(19136K)->18983K(19136K) NonClass: 17154K(17280K)->17154K(17280K) Class: 1829K(1856K)->1829K(1856K)
[724.071s][info][gc             ] GC(2034) Pause Young (Allocation Failure) 814M->710M(862M) 142.322ms
[724.071s][info][gc,cpu         ] GC(2034) User=0.27s Sys=0.01s Real=0.14s
[724.153s][info][gc,start       ] GC(2035) Pause Young (Allocation Failure)
[724.263s][info][gc,heap        ] GC(2035) PSYoungGen: 215024K(215040K)->107664K(222720K) Eden: 111616K(111616K)->0K(111616K) From: 103408K(103424K)->107664K(111104K)
[724.264s][info][gc,heap        ] GC(2035) ParOldGen: 624050K(667648K)->624074K(667648K)
[724.264s][info][gc,metaspace   ] GC(2035) Metaspace: 18983K(19136K)->18983K(19136K) NonClass: 17154K(17280K)->17154K(17280K) Class: 1829K(1856K)->1829K(1856K)
[724.264s][info][gc             ] GC(2035) Pause Young (Allocation Failure) 819M->714M(869M) 110.154ms
[724.264s][info][gc,cpu         ] GC(2035) User=0.22s Sys=0.00s Real=0.11s
[724.378s][info][gc,start       ] GC(2036) Pause Young (Allocation Failure)
[724.512s][info][gc,heap        ] GC(2036) PSYoungGen: 219280K(222720K)->65280K(222720K) Eden: 111616K(111616K)->0K(111616K) From: 107664K(111104K)->65280K(111104K)
[724.512s][info][gc,heap        ] GC(2036) ParOldGen: 624074K(667648K)->667634K(667648K)
[724.512s][info][gc,metaspace   ] GC(2036) Metaspace: 18983K(19136K)->18983K(19136K) NonClass: 17154K(17280K)->17154K(17280K) Class: 1829K(1856K)->1829K(1856K)
[724.512s][info][gc             ] GC(2036) Pause Young (Allocation Failure) 823M->715M(869M) 134.228ms
[724.512s][info][gc,cpu         ] GC(2036) User=0.24s Sys=0.03s Real=0.13s
[724.630s][info][gc,start       ] GC(2037) Pause Full (Allocation Failure)
[724.630s][info][gc,phases,start] GC(2037) Marking Phase
[725.041s][info][gc,phases      ] GC(2037) Marking Phase 411.707ms
[725.042s][info][gc,phases,start] GC(2037) Summary Phase
[725.042s][info][gc,phases      ] GC(2037) Summary Phase 0.032ms
[725.042s][info][gc,phases,start] GC(2037) Forward
[725.176s][info][gc,phases      ] GC(2037) Forward 134.724ms
[725.176s][info][gc,phases,start] GC(2037) Adjust Pointers
[725.491s][info][gc,phases      ] GC(2037) Adjust Pointers 314.545ms
[725.491s][info][gc,phases,start] GC(2037) Compaction Phase
[725.663s][info][gc,phases      ] GC(2037) Compaction Phase 172.077ms
[725.673s][info][gc,phases,start] GC(2037) Post Compact
[725.676s][info][gc,phases      ] GC(2037) Post Compact 2.500ms
[725.676s][info][gc,heap        ] GC(2037) PSYoungGen: 176896K(222720K)->0K(222720K) Eden: 111616K(111616K)->0K(111616K) From: 65280K(111104K)->0K(111104K)
[725.676s][info][gc,heap        ] GC(2037) ParOldGen: 667634K(667648K)->549043K(667648K)
[725.676s][info][gc,metaspace   ] GC(2037) Metaspace: 18983K(19136K)->18983K(19136K) NonClass: 17154K(17280K)->17154K(17280K) Class: 1829K(1856K)->1829K(1856K)
[725.676s][info][gc             ] GC(2037) Pause Full (Allocation Failure) 824M->536M(869M) 1046.169ms
[725.676s][info][gc,cpu         ] GC(2037) User=1.97s Sys=0.00s Real=1.05s
[725.824s][info][gc,start       ] GC(2038) Pause Young (Allocation Failure)
[725.826s][info][gc,heap        ] GC(2038) PSYoungGen: 111616K(222720K)->416K(222720K) Eden: 111616K(111616K)->0K(111616K) From: 0K(111104K)->416K(111104K)
[725.826s][info][gc,heap        ] GC(2038) ParOldGen: 549043K(667648K)->549043K(667648K)
[725.826s][info][gc,metaspace   ] GC(2038) Metaspace: 18983K(19136K)->18983K(19136K) NonClass: 17154K(17280K)->17154K(17280K) Class: 1829K(1856K)->1829K(1856K)
[725.826s][info][gc             ] GC(2038) Pause Young (Allocation Failure) 645M->536M(869M) 2.641ms
[725.826s][info][gc,cpu         ] GC(2038) User=0.00s Sys=0.00s Real=0.01s
[725.974s][info][gc,start       ] GC(2039) Pause Young (Allocation Failure)
[725.988s][info][gc,heap        ] GC(2039) PSYoungGen: 112032K(222720K)->11387K(222720K) Eden: 111616K(111616K)->0K(111616K) From: 416K(111104K)->11387K(111104K)
[725.988s][info][gc,heap        ] GC(2039) ParOldGen: 549043K(667648K)->549043K(667648K)
[725.988s][info][gc,metaspace   ] GC(2039) Metaspace: 18983K(19136K)->18983K(19136K) NonClass: 17154K(17280K)->17154K(17280K) Class: 1829K(1856K)->1829K(1856K)
[725.988s][info][gc             ] GC(2039) Pause Young (Allocation Failure) 645M->547M(869M) 14.154ms
[725.988s][info][gc,cpu         ] GC(2039) User=0.03s Sys=0.00s Real=0.02s
[726.106s][info][gc,start       ] GC(2040) Pause Young (Allocation Failure)
[726.143s][info][gc,heap        ] GC(2040) PSYoungGen: 123003K(222720K)->34924K(222720K) Eden: 111616K(111616K)->0K(111616K) From: 11387K(111104K)->34924K(111104K)
[726.143s][info][gc,heap        ] GC(2040) ParOldGen: 549043K(667648K)->549043K(667648K)
[726.143s][info][gc,metaspace   ] GC(2040) Metaspace: 18983K(19136K)->18983K(19136K) NonClass: 17154K(17280K)->17154K(17280K) Class: 1829K(1856K)->1829K(1856K)
[726.143s][info][gc             ] GC(2040) Pause Young (Allocation Failure) 656M->570M(869M) 37.763ms
[726.143s][info][gc,cpu         ] GC(2040) User=0.07s Sys=0.00s Real=0.03s
[726.294s][info][gc,start       ] GC(2041) Pause Young (Allocation Failure)
[726.343s][info][gc,heap        ] GC(2041) PSYoungGen: 146540K(222720K)->34048K(222720K) Eden: 111616K(111616K)->0K(111616K) From: 34924K(111104K)->34048K(111104K)
[726.343s][info][gc,heap        ] GC(2041) ParOldGen: 549043K(667648K)->560423K(667648K)
[726.343s][info][gc,metaspace   ] GC(2041) Metaspace: 18983K(19136K)->18983K(19136K) NonClass: 17154K(17280K)->17154K(17280K) Class: 1829K(1856K)->1829K(1856K)
[726.343s][info][gc             ] GC(2041) Pause Young (Allocation Failure) 679M->580M(869M) 49.500ms
[726.343s][info][gc,cpu         ] GC(2041) User=0.10s Sys=0.00s Real=0.05s
[726.494s][info][gc,start       ] GC(2042) Pause Young (Allocation Failure)
[726.533s][info][gc,heap        ] GC(2042) PSYoungGen: 145664K(222720K)->16000K(222720K) Eden: 111616K(111616K)->0K(111616K) From: 34048K(111104K)->16000K(111104K)
[726.533s][info][gc,heap        ] GC(2042) ParOldGen: 560423K(667648K)->583216K(667648K)
[726.533s][info][gc,metaspace   ] GC(2042) Metaspace: 18989K(19136K)->18989K(19136K) NonClass: 17160K(17280K)->17160K(17280K) Class: 1829K(1856K)->1829K(1856K)
[726.533s][info][gc             ] GC(2042) Pause Young (Allocation Failure) 689M->585M(869M) 38.832ms
[726.533s][info][gc,cpu         ] GC(2042) User=0.08s Sys=0.00s Real=0.04s
[726.687s][info][gc,start       ] GC(2043) Pause Young (Allocation Failure)
[726.715s][info][gc,heap        ] GC(2043) PSYoungGen: 127616K(222720K)->17216K(222720K) Eden: 111616K(111616K)->0K(111616K) From: 16000K(111104K)->17216K(111104K)
[726.715s][info][gc,heap        ] GC(2043) ParOldGen: 583216K(667648K)->593032K(667648K)
[726.715s][info][gc,metaspace   ] GC(2043) Metaspace: 18989K(19136K)->18989K(19136K) NonClass: 17160K(17280K)->17160K(17280K) Class: 1829K(1856K)->1829K(1856K)
[726.715s][info][gc             ] GC(2043) Pause Young (Allocation Failure) 694M->595M(869M) 28.600ms
[726.715s][info][gc,cpu         ] GC(2043) User=0.05s Sys=0.00s Real=0.03s
[726.836s][info][gc,start       ] GC(2044) Pause Young (Allocation Failure)
[726.866s][info][gc,heap        ] GC(2044) PSYoungGen: 128832K(222720K)->8992K(222720K) Eden: 111616K(111616K)->0K(111616K) From: 17216K(111104K)->8992K(111104K)
[726.866s][info][gc,heap        ] GC(2044) ParOldGen: 593032K(667648K)->610336K(667648K)
[726.866s][info][gc,metaspace   ] GC(2044) Metaspace: 18989K(19136K)->18989K(19136K) NonClass: 17160K(17280K)->17160K(17280K) Class: 1829K(1856K)->1829K(1856K)
[726.866s][info][gc             ] GC(2044) Pause Young (Allocation Failure) 704M->604M(869M) 30.005ms
[726.866s][info][gc,cpu         ] GC(2044) User=0.06s Sys=0.00s Real=0.03s
[727.018s][info][gc,start       ] GC(2045) Pause Young (Allocation Failure)
[727.034s][info][gc,heap        ] GC(2045) PSYoungGen: 120608K(222720K)->3968K(222720K) Eden: 111616K(111616K)->0K(111616K) From: 8992K(111104K)->3968K(111104K)
[727.034s][info][gc,heap        ] GC(2045) ParOldGen: 610336K(667648K)->619336K(667648K)
[727.034s][info][gc,metaspace   ] GC(2045) Metaspace: 18989K(19136K)->18989K(19136K) NonClass: 17160K(17280K)->17160K(17280K) Class: 1829K(1856K)->1829K(1856K)
[727.034s][info][gc             ] GC(2045) Pause Young (Allocation Failure) 713M->608M(869M) 16.102ms
[727.034s][info][gc,cpu         ] GC(2045) User=0.03s Sys=0.00s Real=0.01s
[727.370s][info][gc,start       ] GC(2046) Pause Young (Allocation Failure)
[727.377s][info][gc,heap        ] GC(2046) PSYoungGen: 115584K(222720K)->96K(222720K) Eden: 111616K(111616K)->0K(111616K) From: 3968K(111104K)->96K(111104K)
[727.377s][info][gc,heap        ] GC(2046) ParOldGen: 619336K(667648K)->623280K(667648K)
[727.377s][info][gc,metaspace   ] GC(2046) Metaspace: 18989K(19136K)->18989K(19136K) NonClass: 17160K(17280K)->17160K(17280K) Class: 1829K(1856K)->1829K(1856K)
[727.377s][info][gc             ] GC(2046) Pause Young (Allocation Failure) 717M->608M(869M) 7.209ms
[727.377s][info][gc,cpu         ] GC(2046) User=0.02s Sys=0.00s Real=0.01s
[727.586s][info][gc,start       ] GC(2047) Pause Young (Allocation Failure)
[727.597s][info][gc,heap        ] GC(2047) PSYoungGen: 111712K(222720K)->8176K(222720K) Eden: 111616K(111616K)->0K(111616K) From: 96K(111104K)->8176K(111104K)
[727.597s][info][gc,heap        ] GC(2047) ParOldGen: 623280K(667648K)->623376K(667648K)
[727.597s][info][gc,metaspace   ] GC(2047) Metaspace: 18990K(19136K)->18990K(19136K) NonClass: 17160K(17280K)->17160K(17280K) Class: 1829K(1856K)->1829K(1856K)
[727.597s][info][gc             ] GC(2047) Pause Young (Allocation Failure) 717M->616M(869M) 10.599ms
[727.597s][info][gc,cpu         ] GC(2047) User=0.02s Sys=0.00s Real=0.01s
[727.730s][info][gc,start       ] GC(2048) Pause Young (Allocation Failure)
[727.748s][info][gc,heap        ] GC(2048) PSYoungGen: 119792K(222720K)->8672K(217600K) Eden: 111616K(111616K)->0K(111616K) From: 8176K(111104K)->8672K(105984K)
[727.748s][info][gc,heap        ] GC(2048) ParOldGen: 623376K(667648K)->631600K(667648K)
[727.748s][info][gc,metaspace   ] GC(2048) Metaspace: 18990K(19136K)->18990K(19136K) NonClass: 17160K(17280K)->17160K(17280K) Class: 1829K(1856K)->1829K(1856K)
[727.748s][info][gc             ] GC(2048) Pause Young (Allocation Failure) 725M->625M(864M) 18.461ms
[727.748s][info][gc,cpu         ] GC(2048) User=0.04s Sys=0.00s Real=0.02s
[727.878s][info][gc,start       ] GC(2049) Pause Young (Allocation Failure)
[727.906s][info][gc,heap        ] GC(2049) PSYoungGen: 120288K(217600K)->30016K(220160K) Eden: 111616K(111616K)->0K(111616K) From: 8672K(105984K)->30016K(108544K)
[727.906s][info][gc,heap        ] GC(2049) ParOldGen: 631600K(667648K)->631600K(667648K)
[727.906s][info][gc,metaspace   ] GC(2049) Metaspace: 18990K(19136K)->18990K(19136K) NonClass: 17160K(17280K)->17160K(17280K) Class: 1829K(1856K)->1829K(1856K)
[727.906s][info][gc             ] GC(2049) Pause Young (Allocation Failure) 734M->646M(867M) 27.729ms
[727.906s][info][gc,cpu         ] GC(2049) User=0.06s Sys=0.00s Real=0.03s
[727.968s][info][gc,start       ] GC(2050) Pause Young (Allocation Failure)
[728.024s][info][gc,heap        ] GC(2050) PSYoungGen: 141632K(220160K)->71248K(211968K) Eden: 111616K(111616K)->0K(110592K) From: 30016K(108544K)->71248K(101376K)
[728.024s][info][gc,heap        ] GC(2050) ParOldGen: 631600K(667648K)->631600K(667648K)
[728.024s][info][gc,metaspace   ] GC(2050) Metaspace: 18990K(19136K)->18990K(19136K) NonClass: 17160K(17280K)->17160K(17280K) Class: 1829K(1856K)->1829K(1856K)
[728.024s][info][gc             ] GC(2050) Pause Young (Allocation Failure) 755M->686M(859M) 56.089ms
[728.024s][info][gc,cpu         ] GC(2050) User=0.11s Sys=0.00s Real=0.05s
[728.228s][info][gc,start       ] GC(2051) Pause Young (Allocation Failure)
[728.289s][info][gc,heap        ] GC(2051) PSYoungGen: 181840K(211968K)->87296K(220672K) Eden: 110592K(110592K)->0K(110592K) From: 71248K(101376K)->87296K(110080K)
[728.289s][info][gc,heap        ] GC(2051) ParOldGen: 631600K(667648K)->631600K(667648K)
[728.289s][info][gc,metaspace   ] GC(2051) Metaspace: 18990K(19136K)->18990K(19136K) NonClass: 17160K(17280K)->17160K(17280K) Class: 1829K(1856K)->1829K(1856K)
[728.289s][info][gc             ] GC(2051) Pause Young (Allocation Failure) 794M->702M(867M) 61.762ms
[728.289s][info][gc,cpu         ] GC(2051) User=0.12s Sys=0.00s Real=0.06s
[728.435s][info][gc,start       ] GC(2052) Pause Young (Allocation Failure)
[728.503s][info][gc,heap        ] GC(2052) PSYoungGen: 197888K(220672K)->60896K(222720K) Eden: 110592K(110592K)->0K(111616K) From: 87296K(110080K)->60896K(111104K)
[728.503s][info][gc,heap        ] GC(2052) ParOldGen: 631600K(667648K)->661848K(667648K)
[728.503s][info][gc,metaspace   ] GC(2052) Metaspace: 18990K(19136K)->18990K(19136K) NonClass: 17160K(17280K)->17160K(17280K) Class: 1829K(1856K)->1829K(1856K)
[728.504s][info][gc             ] GC(2052) Pause Young (Allocation Failure) 810M->705M(869M) 68.335ms
[728.504s][info][gc,cpu         ] GC(2052) User=0.14s Sys=0.00s Real=0.06s
[728.655s][info][gc,start       ] GC(2053) Pause Full (Allocation Failure)
[728.655s][info][gc,phases,start] GC(2053) Marking Phase
[729.048s][info][gc,phases      ] GC(2053) Marking Phase 392.813ms
[729.048s][info][gc,phases,start] GC(2053) Summary Phase
[729.048s][info][gc,phases      ] GC(2053) Summary Phase 0.031ms
[729.048s][info][gc,phases,start] GC(2053) Forward
[729.128s][info][gc,phases      ] GC(2053) Forward 79.776ms
[729.128s][info][gc,phases,start] GC(2053) Adjust Pointers
[729.408s][info][gc,phases      ] GC(2053) Adjust Pointers 279.646ms
[729.408s][info][gc,phases,start] GC(2053) Compaction Phase
[729.549s][info][gc,phases      ] GC(2053) Compaction Phase 141.277ms
[729.559s][info][gc,phases,start] GC(2053) Post Compact
[729.561s][info][gc,phases      ] GC(2053) Post Compact 2.455ms
[729.561s][info][gc,heap        ] GC(2053) PSYoungGen: 172512K(222720K)->0K(222720K) Eden: 111616K(111616K)->0K(111616K) From: 60896K(111104K)->0K(111104K)
[729.561s][info][gc,heap        ] GC(2053) ParOldGen: 661848K(667648K)->519030K(667648K)
[729.561s][info][gc,metaspace   ] GC(2053) Metaspace: 18990K(19136K)->18990K(19136K) NonClass: 17160K(17280K)->17160K(17280K) Class: 1829K(1856K)->1829K(1856K)
[729.561s][info][gc             ] GC(2053) Pause Full (Allocation Failure) 814M->506M(869M) 906.073ms
[729.561s][info][gc,cpu         ] GC(2053) User=1.71s Sys=0.00s Real=0.90s
[729.685s][info][gc,start       ] GC(2054) Pause Young (Allocation Failure)
[729.711s][info][gc,heap        ] GC(2054) PSYoungGen: 111616K(222720K)->21888K(222720K) Eden: 111616K(111616K)->0K(111616K) From: 0K(111104K)->21888K(111104K)
[729.711s][info][gc,heap        ] GC(2054) ParOldGen: 519030K(667648K)->519030K(667648K)
[729.711s][info][gc,metaspace   ] GC(2054) Metaspace: 18990K(19136K)->18990K(19136K) NonClass: 17160K(17280K)->17160K(17280K) Class: 1829K(1856K)->1829K(1856K)
[729.711s][info][gc             ] GC(2054) Pause Young (Allocation Failure) 615M->528M(869M) 25.978ms
[729.711s][info][gc,cpu         ] GC(2054) User=0.05s Sys=0.00s Real=0.02s
[729.819s][info][gc,start       ] GC(2055) Pause Young (Allocation Failure)
[729.850s][info][gc,heap        ] GC(2055) PSYoungGen: 133504K(222720K)->4256K(222720K) Eden: 111616K(111616K)->0K(111616K) From: 21888K(111104K)->4256K(111104K)
[729.850s][info][gc,heap        ] GC(2055) ParOldGen: 519030K(667648K)->540958K(667648K)
[729.850s][info][gc,metaspace   ] GC(2055) Metaspace: 18990K(19136K)->18990K(19136K) NonClass: 17160K(17280K)->17160K(17280K) Class: 1829K(1856K)->1829K(1856K)
[729.850s][info][gc             ] GC(2055) Pause Young (Allocation Failure) 637M->532M(869M) 30.808ms
[729.850s][info][gc,cpu         ] GC(2055) User=0.07s Sys=0.00s Real=0.03s
[729.955s][info][gc,start       ] GC(2056) Pause Young (Allocation Failure)
[729.966s][info][gc,heap        ] GC(2056) PSYoungGen: 115872K(222720K)->672K(222720K) Eden: 111616K(111616K)->0K(111616K) From: 4256K(111104K)->672K(111104K)
[729.966s][info][gc,heap        ] GC(2056) ParOldGen: 540958K(667648K)->545214K(667648K)
[729.966s][info][gc,metaspace   ] GC(2056) Metaspace: 18990K(19136K)->18990K(19136K) NonClass: 17160K(17280K)->17160K(17280K) Class: 1829K(1856K)->1829K(1856K)
[729.966s][info][gc             ] GC(2056) Pause Young (Allocation Failure) 641M->533M(869M) 11.241ms
[729.966s][info][gc,cpu         ] GC(2056) User=0.03s Sys=0.00s Real=0.01s
[730.084s][info][gc,start       ] GC(2057) Pause Young (Allocation Failure)
[730.093s][info][gc,heap        ] GC(2057) PSYoungGen: 112288K(222720K)->2112K(114176K) Eden: 111616K(111616K)->0K(111616K) From: 672K(111104K)->2112K(2560K)
[730.093s][info][gc,heap        ] GC(2057) ParOldGen: 545214K(667648K)->545870K(667648K)
[730.093s][info][gc,metaspace   ] GC(2057) Metaspace: 18990K(19136K)->18990K(19136K) NonClass: 17160K(17280K)->17160K(17280K) Class: 1829K(1856K)->1829K(1856K)
[730.093s][info][gc             ] GC(2057) Pause Young (Allocation Failure) 642M->535M(763M) 9.687ms
[730.093s][info][gc,cpu         ] GC(2057) User=0.02s Sys=0.00s Real=0.01s
[730.214s][info][gc,start       ] GC(2058) Pause Young (Allocation Failure)
[730.221s][info][gc,heap        ] GC(2058) PSYoungGen: 113728K(114176K)->4480K(225280K) Eden: 111616K(111616K)->0K(115712K) From: 2112K(2560K)->4480K(109568K)
[730.221s][info][gc,heap        ] GC(2058) ParOldGen: 545870K(667648K)->545870K(667648K)
[730.221s][info][gc,metaspace   ] GC(2058) Metaspace: 18990K(19136K)->18990K(19136K) NonClass: 17160K(17280K)->17160K(17280K) Class: 1829K(1856K)->1829K(1856K)
[730.221s][info][gc             ] GC(2058) Pause Young (Allocation Failure) 644M->537M(872M) 7.457ms
[730.221s][info][gc,cpu         ] GC(2058) User=0.01s Sys=0.00s Real=0.01s
[730.428s][info][gc,start       ] GC(2059) Pause Young (Allocation Failure)
[730.455s][info][gc,heap        ] GC(2059) PSYoungGen: 120192K(225280K)->15136K(131072K) Eden: 115712K(115712K)->0K(115712K) From: 4480K(109568K)->15136K(15360K)
[730.455s][info][gc,heap        ] GC(2059) ParOldGen: 545870K(667648K)->545870K(667648K)
[730.455s][info][gc,metaspace   ] GC(2059) Metaspace: 18990K(19136K)->18990K(19136K) NonClass: 17160K(17280K)->17160K(17280K) Class: 1829K(1856K)->1829K(1856K)
[730.455s][info][gc             ] GC(2059) Pause Young (Allocation Failure) 650M->547M(780M) 26.638ms
[730.455s][info][gc,cpu         ] GC(2059) User=0.05s Sys=0.00s Real=0.03s
[730.632s][info][gc,start       ] GC(2060) Pause Young (Allocation Failure)
[730.672s][info][gc,heap        ] GC(2060) PSYoungGen: 130848K(131072K)->33264K(219648K) Eden: 115712K(115712K)->0K(122880K) From: 15136K(15360K)->33264K(96768K)
[730.672s][info][gc,heap        ] GC(2060) ParOldGen: 545870K(667648K)->545870K(667648K)
[730.672s][info][gc,metaspace   ] GC(2060) Metaspace: 18990K(19136K)->18990K(19136K) NonClass: 17160K(17280K)->17160K(17280K) Class: 1829K(1856K)->1829K(1856K)
[730.672s][info][gc             ] GC(2060) Pause Young (Allocation Failure) 660M->565M(866M) 40.428ms
[730.672s][info][gc,cpu         ] GC(2060) User=0.08s Sys=0.00s Real=0.04s
[730.929s][info][gc,start       ] GC(2061) Pause Young (Allocation Failure)
[730.980s][info][gc,heap        ] GC(2061) PSYoungGen: 156144K(219648K)->54336K(218112K) Eden: 122880K(122880K)->0K(122880K) From: 33264K(96768K)->54336K(95232K)
[730.980s][info][gc,heap        ] GC(2061) ParOldGen: 545870K(667648K)->545870K(667648K)
[730.980s][info][gc,metaspace   ] GC(2061) Metaspace: 18995K(19136K)->18995K(19136K) NonClass: 17166K(17280K)->17166K(17280K) Class: 1829K(1856K)->1829K(1856K)
[730.980s][info][gc             ] GC(2061) Pause Young (Allocation Failure) 685M->586M(865M) 51.672ms
[730.980s][info][gc,cpu         ] GC(2061) User=0.10s Sys=0.00s Real=0.05s
[731.120s][info][gc,start       ] GC(2062) Pause Young (Allocation Failure)
[731.188s][info][gc,heap        ] GC(2062) PSYoungGen: 177216K(218112K)->76912K(212480K) Eden: 122880K(122880K)->0K(113664K) From: 54336K(95232K)->76912K(98816K)
[731.188s][info][gc,heap        ] GC(2062) ParOldGen: 545870K(667648K)->545870K(667648K)
[731.188s][info][gc,metaspace   ] GC(2062) Metaspace: 18995K(19136K)->18995K(19136K) NonClass: 17166K(17280K)->17166K(17280K) Class: 1829K(1856K)->1829K(1856K)
[731.188s][info][gc             ] GC(2062) Pause Young (Allocation Failure) 706M->608M(859M) 68.205ms
[731.188s][info][gc,cpu         ] GC(2062) User=0.14s Sys=0.00s Real=0.07s
[731.360s][info][gc,start       ] GC(2063) Pause Young (Allocation Failure)
[731.445s][info][gc,heap        ] GC(2063) PSYoungGen: 190576K(212480K)->88112K(202240K) Eden: 113664K(113664K)->0K(113664K) From: 76912K(98816K)->88112K(88576K)
[731.445s][info][gc,heap        ] GC(2063) ParOldGen: 545870K(667648K)->545870K(667648K)
[731.445s][info][gc,metaspace   ] GC(2063) Metaspace: 18995K(19136K)->18995K(19136K) NonClass: 17166K(17280K)->17166K(17280K) Class: 1829K(1856K)->1829K(1856K)
[731.445s][info][gc             ] GC(2063) Pause Young (Allocation Failure) 719M->619M(849M) 84.586ms
[731.445s][info][gc,cpu         ] GC(2063) User=0.16s Sys=0.00s Real=0.09s
[731.658s][info][gc,start       ] GC(2064) Pause Young (Allocation Failure)
[731.742s][info][gc,heap        ] GC(2064) PSYoungGen: 201776K(202240K)->83696K(222720K) Eden: 113664K(113664K)->0K(111616K) From: 88112K(88576K)->83696K(111104K)
[731.742s][info][gc,heap        ] GC(2064) ParOldGen: 545870K(667648K)->550334K(667648K)
[731.742s][info][gc,metaspace   ] GC(2064) Metaspace: 18995K(19136K)->18995K(19136K) NonClass: 17166K(17280K)->17166K(17280K) Class: 1829K(1856K)->1829K(1856K)
[731.743s][info][gc             ] GC(2064) Pause Young (Allocation Failure) 730M->619M(869M) 84.519ms
[731.743s][info][gc,cpu         ] GC(2064) User=0.16s Sys=0.00s Real=0.08s
[731.878s][info][gc,start       ] GC(2065) Pause Young (Allocation Failure)
[731.977s][info][gc,heap        ] GC(2065) PSYoungGen: 195312K(222720K)->74480K(222720K) Eden: 111616K(111616K)->0K(111616K) From: 83696K(111104K)->74480K(111104K)
[731.977s][info][gc,heap        ] GC(2065) ParOldGen: 550334K(667648K)->579222K(667648K)
[731.977s][info][gc,metaspace   ] GC(2065) Metaspace: 18995K(19136K)->18995K(19136K) NonClass: 17166K(17280K)->17166K(17280K) Class: 1829K(1856K)->1829K(1856K)
[731.977s][info][gc             ] GC(2065) Pause Young (Allocation Failure) 728M->638M(869M) 98.603ms
[731.977s][info][gc,cpu         ] GC(2065) User=0.20s Sys=0.00s Real=0.10s
[732.086s][info][gc,start       ] GC(2066) Pause Young (Allocation Failure)
[732.160s][info][gc,heap        ] GC(2066) PSYoungGen: 186096K(222720K)->33824K(222720K) Eden: 111616K(111616K)->0K(111616K) From: 74480K(111104K)->33824K(111104K)
[732.160s][info][gc,heap        ] GC(2066) ParOldGen: 579222K(667648K)->623347K(667648K)
[732.160s][info][gc,metaspace   ] GC(2066) Metaspace: 18995K(19136K)->18995K(19136K) NonClass: 17166K(17280K)->17166K(17280K) Class: 1829K(1856K)->1829K(1856K)
[732.160s][info][gc             ] GC(2066) Pause Young (Allocation Failure) 747M->641M(869M) 73.958ms
[732.160s][info][gc,cpu         ] GC(2066) User=0.14s Sys=0.00s Real=0.07s
[732.282s][info][gc,start       ] GC(2067) Pause Full (Allocation Failure)
[732.282s][info][gc,phases,start] GC(2067) Marking Phase
[732.648s][info][gc,phases      ] GC(2067) Marking Phase 366.217ms
[732.649s][info][gc,phases,start] GC(2067) Summary Phase
[732.649s][info][gc,phases      ] GC(2067) Summary Phase 0.028ms
[732.649s][info][gc,phases,start] GC(2067) Forward
[732.768s][info][gc,phases      ] GC(2067) Forward 119.231ms
[732.768s][info][gc,phases,start] GC(2067) Adjust Pointers
[733.036s][info][gc,phases      ] GC(2067) Adjust Pointers 268.203ms
[733.036s][info][gc,phases,start] GC(2067) Compaction Phase
[733.192s][info][gc,phases      ] GC(2067) Compaction Phase 155.777ms
[733.202s][info][gc,phases,start] GC(2067) Post Compact
[733.204s][info][gc,phases      ] GC(2067) Post Compact 2.296ms
[733.204s][info][gc,heap        ] GC(2067) PSYoungGen: 145440K(222720K)->0K(222720K) Eden: 111616K(111616K)->0K(111616K) From: 33824K(111104K)->0K(111104K)
[733.204s][info][gc,heap        ] GC(2067) ParOldGen: 623347K(667648K)->484697K(667648K)
[733.204s][info][gc,metaspace   ] GC(2067) Metaspace: 18995K(19136K)->18995K(19136K) NonClass: 17166K(17280K)->17166K(17280K) Class: 1829K(1856K)->1829K(1856K)
[733.204s][info][gc             ] GC(2067) Pause Full (Allocation Failure) 750M->473M(869M) 922.132ms
[733.204s][info][gc,cpu         ] GC(2067) User=1.73s Sys=0.00s Real=0.92s
[733.359s][info][gc,start       ] GC(2068) Pause Young (Allocation Failure)
[733.371s][info][gc,heap        ] GC(2068) PSYoungGen: 111616K(222720K)->9920K(222720K) Eden: 111616K(111616K)->0K(111616K) From: 0K(111104K)->9920K(111104K)
[733.371s][info][gc,heap        ] GC(2068) ParOldGen: 484697K(667648K)->484697K(667648K)
[733.371s][info][gc,metaspace   ] GC(2068) Metaspace: 18995K(19136K)->18995K(19136K) NonClass: 17166K(17280K)->17166K(17280K) Class: 1829K(1856K)->1829K(1856K)
[733.371s][info][gc             ] GC(2068) Pause Young (Allocation Failure) 582M->483M(869M) 12.669ms
[733.371s][info][gc,cpu         ] GC(2068) User=0.03s Sys=0.00s Real=0.01s
[733.664s][info][gc,start       ] GC(2069) Pause Young (Allocation Failure)
[733.683s][info][gc,heap        ] GC(2069) PSYoungGen: 121536K(222720K)->15616K(222720K) Eden: 111616K(111616K)->0K(111616K) From: 9920K(111104K)->15616K(111104K)
[733.683s][info][gc,heap        ] GC(2069) ParOldGen: 484697K(667648K)->484697K(667648K)
[733.683s][info][gc,metaspace   ] GC(2069) Metaspace: 18995K(19136K)->18995K(19136K) NonClass: 17166K(17280K)->17166K(17280K) Class: 1829K(1856K)->1829K(1856K)
[733.683s][info][gc             ] GC(2069) Pause Young (Allocation Failure) 592M->488M(869M) 19.072ms
[733.683s][info][gc,cpu         ] GC(2069) User=0.03s Sys=0.00s Real=0.02s
[733.981s][info][gc,start       ] GC(2070) Pause Young (Allocation Failure)
[734.000s][info][gc,heap        ] GC(2070) PSYoungGen: 127232K(222720K)->64K(222720K) Eden: 111616K(111616K)->0K(111616K) From: 15616K(111104K)->64K(111104K)
[734.000s][info][gc,heap        ] GC(2070) ParOldGen: 484697K(667648K)->500324K(667648K)
[734.000s][info][gc,metaspace   ] GC(2070) Metaspace: 18995K(19136K)->18995K(19136K) NonClass: 17166K(17280K)->17166K(17280K) Class: 1829K(1856K)->1829K(1856K)
[734.000s][info][gc             ] GC(2070) Pause Young (Allocation Failure) 597M->488M(869M) 18.751ms
[734.000s][info][gc,cpu         ] GC(2070) User=0.03s Sys=0.00s Real=0.02s
[734.281s][info][gc,start       ] GC(2071) Pause Young (Allocation Failure)
[734.283s][info][gc,heap        ] GC(2071) PSYoungGen: 111680K(222720K)->64K(222720K) Eden: 111616K(111616K)->0K(111616K) From: 64K(111104K)->64K(111104K)
[734.283s][info][gc,heap        ] GC(2071) ParOldGen: 500324K(667648K)->500366K(667648K)
[734.283s][info][gc,metaspace   ] GC(2071) Metaspace: 18995K(19136K)->18995K(19136K) NonClass: 17166K(17280K)->17166K(17280K) Class: 1829K(1856K)->1829K(1856K)
[734.283s][info][gc             ] GC(2071) Pause Young (Allocation Failure) 597M->488M(869M) 2.002ms
[734.283s][info][gc,cpu         ] GC(2071) User=0.00s Sys=0.00s Real=0.00s
[734.559s][info][gc,start       ] GC(2072) Pause Young (Allocation Failure)
[734.561s][info][gc,heap        ] GC(2072) PSYoungGen: 111680K(222720K)->512K(222720K) Eden: 111616K(111616K)->0K(111616K) From: 64K(111104K)->512K(111104K)
[734.561s][info][gc,heap        ] GC(2072) ParOldGen: 500366K(667648K)->500382K(667648K)
[734.561s][info][gc,metaspace   ] GC(2072) Metaspace: 18995K(19136K)->18995K(19136K) NonClass: 17166K(17280K)->17166K(17280K) Class: 1829K(1856K)->1829K(1856K)
[734.561s][info][gc             ] GC(2072) Pause Young (Allocation Failure) 597M->489M(869M) 2.460ms
[734.561s][info][gc,cpu         ] GC(2072) User=0.00s Sys=0.00s Real=0.00s
[734.823s][info][gc,start       ] GC(2073) Pause Young (Allocation Failure)
[734.841s][info][gc,heap        ] GC(2073) PSYoungGen: 112128K(222720K)->384K(112128K) Eden: 111616K(111616K)->0K(111616K) From: 512K(111104K)->384K(512K)
[734.841s][info][gc,heap        ] GC(2073) ParOldGen: 500382K(667648K)->500398K(667648K)
[734.841s][info][gc,metaspace   ] GC(2073) Metaspace: 18995K(19136K)->18995K(19136K) NonClass: 17166K(17280K)->17166K(17280K) Class: 1829K(1856K)->1829K(1856K)
[734.841s][info][gc             ] GC(2073) Pause Young (Allocation Failure) 598M->489M(761M) 18.297ms
[734.841s][info][gc,cpu         ] GC(2073) User=0.04s Sys=0.00s Real=0.02s
[734.953s][info][gc,start       ] GC(2074) Pause Young (Allocation Failure)
[734.980s][info][gc,heap        ] GC(2074) PSYoungGen: 112000K(112128K)->34624K(223744K) Eden: 111616K(111616K)->0K(116736K) From: 384K(512K)->34624K(107008K)
[734.980s][info][gc,heap        ] GC(2074) ParOldGen: 500398K(667648K)->500398K(667648K)
[734.980s][info][gc,metaspace   ] GC(2074) Metaspace: 18996K(19136K)->18996K(19136K) NonClass: 17167K(17280K)->17167K(17280K) Class: 1829K(1856K)->1829K(1856K)
[734.980s][info][gc             ] GC(2074) Pause Young (Allocation Failure) 598M->522M(870M) 26.972ms
[734.980s][info][gc,cpu         ] GC(2074) User=0.05s Sys=0.00s Real=0.03s
[735.091s][info][gc,start       ] GC(2075) Pause Young (Allocation Failure)
[735.140s][info][gc,heap        ] GC(2075) PSYoungGen: 151360K(223744K)->72512K(221696K) Eden: 116736K(116736K)->0K(116736K) From: 34624K(107008K)->72512K(104960K)
[735.140s][info][gc,heap        ] GC(2075) ParOldGen: 500398K(667648K)->500398K(667648K)
[735.140s][info][gc,metaspace   ] GC(2075) Metaspace: 18996K(19136K)->18996K(19136K) NonClass: 17167K(17280K)->17167K(17280K) Class: 1829K(1856K)->1829K(1856K)
[735.140s][info][gc             ] GC(2075) Pause Young (Allocation Failure) 636M->559M(868M) 49.848ms
[735.140s][info][gc,cpu         ] GC(2075) User=0.10s Sys=0.00s Real=0.05s
[735.271s][info][gc,start       ] GC(2076) Pause Young (Allocation Failure)
[735.321s][info][gc,heap        ] GC(2076) PSYoungGen: 189248K(221696K)->41049K(224256K) Eden: 116736K(116736K)->0K(113152K) From: 72512K(104960K)->41049K(111104K)
[735.321s][info][gc,heap        ] GC(2076) ParOldGen: 500398K(667648K)->535393K(667648K)
[735.321s][info][gc,metaspace   ] GC(2076) Metaspace: 18996K(19136K)->18996K(19136K) NonClass: 17167K(17280K)->17167K(17280K) Class: 1829K(1856K)->1829K(1856K)
[735.321s][info][gc             ] GC(2076) Pause Young (Allocation Failure) 673M->562M(871M) 50.061ms
[735.321s][info][gc,cpu         ] GC(2076) User=0.10s Sys=0.00s Real=0.05s
[735.401s][info][gc,start       ] GC(2077) Pause Young (Allocation Failure)
[735.456s][info][gc,heap        ] GC(2077) PSYoungGen: 154201K(224256K)->70745K(222720K) Eden: 113152K(113152K)->0K(113152K) From: 41049K(111104K)->70745K(109568K)
[735.456s][info][gc,heap        ] GC(2077) ParOldGen: 535393K(667648K)->535393K(667648K)
[735.456s][info][gc,metaspace   ] GC(2077) Metaspace: 18997K(19136K)->18997K(19136K) NonClass: 17168K(17280K)->17168K(17280K) Class: 1829K(1856K)->1829K(1856K)
[735.456s][info][gc             ] GC(2077) Pause Young (Allocation Failure) 673M->591M(869M) 54.968ms
[735.456s][info][gc,cpu         ] GC(2077) User=0.10s Sys=0.00s Real=0.06s
[735.517s][info][gc,start       ] GC(2078) Pause Young (Allocation Failure)
[735.605s][info][gc,heap        ] GC(2078) PSYoungGen: 183897K(222720K)->74736K(222720K) Eden: 113152K(113152K)->0K(111616K) From: 70745K(109568K)->74736K(111104K)
[735.605s][info][gc,heap        ] GC(2078) ParOldGen: 535393K(667648K)->576866K(667648K)
[735.605s][info][gc,metaspace   ] GC(2078) Metaspace: 18997K(19136K)->18997K(19136K) NonClass: 17168K(17280K)->17168K(17280K) Class: 1829K(1856K)->1829K(1856K)
[735.605s][info][gc             ] GC(2078) Pause Young (Allocation Failure) 702M->636M(869M) 88.370ms
[735.605s][info][gc,cpu         ] GC(2078) User=0.17s Sys=0.00s Real=0.09s
[735.767s][info][gc,start       ] GC(2079) Pause Young (Allocation Failure)
[735.849s][info][gc,heap        ] GC(2079) PSYoungGen: 186352K(222720K)->19296K(222720K) Eden: 111616K(111616K)->0K(111616K) From: 74736K(111104K)->19296K(111104K)
[735.849s][info][gc,heap        ] GC(2079) ParOldGen: 576866K(667648K)->652153K(667648K)
[735.849s][info][gc,metaspace   ] GC(2079) Metaspace: 18997K(19136K)->18997K(19136K) NonClass: 17168K(17280K)->17168K(17280K) Class: 1829K(1856K)->1829K(1856K)
[735.849s][info][gc             ] GC(2079) Pause Young (Allocation Failure) 745M->655M(869M) 82.176ms
[735.849s][info][gc,cpu         ] GC(2079) User=0.17s Sys=0.00s Real=0.08s
[735.947s][info][gc,start       ] GC(2080) Pause Full (Allocation Failure)
[735.947s][info][gc,phases,start] GC(2080) Marking Phase
[736.294s][info][gc,phases      ] GC(2080) Marking Phase 346.482ms
[736.294s][info][gc,phases,start] GC(2080) Summary Phase
[736.294s][info][gc,phases      ] GC(2080) Summary Phase 0.042ms
[736.294s][info][gc,phases,start] GC(2080) Forward
[736.409s][info][gc,phases      ] GC(2080) Forward 115.722ms
[736.410s][info][gc,phases,start] GC(2080) Adjust Pointers
[736.673s][info][gc,phases      ] GC(2080) Adjust Pointers 263.202ms
[736.673s][info][gc,phases,start] GC(2080) Compaction Phase
[736.830s][info][gc,phases      ] GC(2080) Compaction Phase 157.597ms
[736.839s][info][gc,phases,start] GC(2080) Post Compact
[736.842s][info][gc,phases      ] GC(2080) Post Compact 2.386ms
[736.842s][info][gc,heap        ] GC(2080) PSYoungGen: 130912K(222720K)->0K(222720K) Eden: 111616K(111616K)->0K(111616K) From: 19296K(111104K)->0K(111104K)
[736.842s][info][gc,heap        ] GC(2080) ParOldGen: 652153K(667648K)->496004K(667648K)
[736.842s][info][gc,metaspace   ] GC(2080) Metaspace: 18997K(19136K)->18997K(19136K) NonClass: 17168K(17280K)->17168K(17280K) Class: 1829K(1856K)->1829K(1856K)
[736.842s][info][gc             ] GC(2080) Pause Full (Allocation Failure) 764M->484M(869M) 894.866ms
[736.842s][info][gc,cpu         ] GC(2080) User=1.68s Sys=0.01s Real=0.89s
[737.004s][info][gc,start       ] GC(2081) Pause Young (Allocation Failure)
[737.039s][info][gc,heap        ] GC(2081) PSYoungGen: 111616K(222720K)->18784K(222720K) Eden: 111616K(111616K)->0K(111616K) From: 0K(111104K)->18784K(111104K)
[737.039s][info][gc,heap        ] GC(2081) ParOldGen: 496004K(667648K)->496004K(667648K)
[737.039s][info][gc,metaspace   ] GC(2081) Metaspace: 18997K(19136K)->18997K(19136K) NonClass: 17168K(17280K)->17168K(17280K) Class: 1829K(1856K)->1829K(1856K)
[737.039s][info][gc             ] GC(2081) Pause Young (Allocation Failure) 593M->502M(869M) 34.720ms
[737.039s][info][gc,cpu         ] GC(2081) User=0.07s Sys=0.00s Real=0.04s
[737.194s][info][gc,start       ] GC(2082) Pause Young (Allocation Failure)
[737.225s][info][gc,heap        ] GC(2082) PSYoungGen: 130400K(222720K)->64K(222720K) Eden: 111616K(111616K)->0K(111616K) From: 18784K(111104K)->64K(111104K)
[737.225s][info][gc,heap        ] GC(2082) ParOldGen: 496004K(667648K)->514820K(667648K)
[737.225s][info][gc,metaspace   ] GC(2082) Metaspace: 18997K(19136K)->18997K(19136K) NonClass: 17168K(17280K)->17168K(17280K) Class: 1829K(1856K)->1829K(1856K)
[737.225s][info][gc             ] GC(2082) Pause Young (Allocation Failure) 611M->502M(869M) 30.912ms
[737.225s][info][gc,cpu         ] GC(2082) User=0.06s Sys=0.00s Real=0.04s
[737.384s][info][gc,start       ] GC(2083) Pause Young (Allocation Failure)
[737.386s][info][gc,heap        ] GC(2083) PSYoungGen: 111680K(222720K)->64K(112128K) Eden: 111616K(111616K)->0K(111616K) From: 64K(111104K)->64K(512K)
[737.386s][info][gc,heap        ] GC(2083) ParOldGen: 514820K(667648K)->514820K(667648K)
[737.386s][info][gc,metaspace   ] GC(2083) Metaspace: 18997K(19136K)->18997K(19136K) NonClass: 17168K(17280K)->17168K(17280K) Class: 1829K(1856K)->1829K(1856K)
[737.386s][info][gc             ] GC(2083) Pause Young (Allocation Failure) 611M->502M(761M) 1.973ms
[737.386s][info][gc,cpu         ] GC(2083) User=0.01s Sys=0.00s Real=0.01s
[737.542s][info][gc,start       ] GC(2084) Pause Young (Allocation Failure)
[737.543s][info][gc,heap        ] GC(2084) PSYoungGen: 111680K(112128K)->64K(223744K) Eden: 111616K(111616K)->0K(114688K) From: 64K(512K)->64K(109056K)
[737.543s][info][gc,heap        ] GC(2084) ParOldGen: 514820K(667648K)->514820K(667648K)
[737.543s][info][gc,metaspace   ] GC(2084) Metaspace: 18997K(19136K)->18997K(19136K) NonClass: 17168K(17280K)->17168K(17280K) Class: 1829K(1856K)->1829K(1856K)
[737.543s][info][gc             ] GC(2084) Pause Young (Allocation Failure) 611M->502M(870M) 1.883ms
[737.543s][info][gc,cpu         ] GC(2084) User=0.00s Sys=0.00s Real=0.00s
[737.705s][info][gc,start       ] GC(2085) Pause Young (Allocation Failure)
[737.706s][info][gc,heap        ] GC(2085) PSYoungGen: 114752K(223744K)->64K(220672K) Eden: 114688K(114688K)->0K(114688K) From: 64K(109056K)->64K(105984K)
[737.706s][info][gc,heap        ] GC(2085) ParOldGen: 514820K(667648K)->514820K(667648K)
[737.707s][info][gc,metaspace   ] GC(2085) Metaspace: 18997K(19136K)->18997K(19136K) NonClass: 17168K(17280K)->17168K(17280K) Class: 1829K(1856K)->1829K(1856K)
[737.707s][info][gc             ] GC(2085) Pause Young (Allocation Failure) 614M->502M(867M) 1.986ms
[737.707s][info][gc,cpu         ] GC(2085) User=0.00s Sys=0.00s Real=0.01s
[737.866s][info][gc,start       ] GC(2086) Pause Young (Allocation Failure)
[737.869s][info][gc,heap        ] GC(2086) PSYoungGen: 114752K(220672K)->64K(218112K) Eden: 114688K(114688K)->0K(120832K) From: 64K(105984K)->64K(97280K)
[737.869s][info][gc,heap        ] GC(2086) ParOldGen: 514820K(667648K)->514820K(667648K)
[737.869s][info][gc,metaspace   ] GC(2086) Metaspace: 18997K(19136K)->18997K(19136K) NonClass: 17168K(17280K)->17168K(17280K) Class: 1829K(1856K)->1829K(1856K)
[737.869s][info][gc             ] GC(2086) Pause Young (Allocation Failure) 614M->502M(865M) 2.744ms
[737.869s][info][gc,cpu         ] GC(2086) User=0.00s Sys=0.00s Real=0.00s
[738.037s][info][gc,start       ] GC(2087) Pause Young (Allocation Failure)
[738.039s][info][gc,heap        ] GC(2087) PSYoungGen: 120896K(218112K)->64K(219648K) Eden: 120832K(120832K)->0K(120832K) From: 64K(97280K)->64K(98816K)
[738.039s][info][gc,heap        ] GC(2087) ParOldGen: 514820K(667648K)->514820K(667648K)
[738.039s][info][gc,metaspace   ] GC(2087) Metaspace: 18997K(19136K)->18997K(19136K) NonClass: 17168K(17280K)->17168K(17280K) Class: 1829K(1856K)->1829K(1856K)
[738.039s][info][gc             ] GC(2087) Pause Young (Allocation Failure) 620M->502M(866M) 1.883ms
[738.039s][info][gc,cpu         ] GC(2087) User=0.01s Sys=0.00s Real=0.00s
[738.207s][info][gc,start       ] GC(2088) Pause Young (Allocation Failure)
[738.209s][info][gc,heap        ] GC(2088) PSYoungGen: 120896K(219648K)->64K(210432K) Eden: 120832K(120832K)->0K(125440K) From: 64K(98816K)->64K(84992K)
[738.209s][info][gc,heap        ] GC(2088) ParOldGen: 514820K(667648K)->514820K(667648K)
[738.209s][info][gc,metaspace   ] GC(2088) Metaspace: 18997K(19136K)->18997K(19136K) NonClass: 17168K(17280K)->17168K(17280K) Class: 1829K(1856K)->1829K(1856K)
[738.209s][info][gc             ] GC(2088) Pause Young (Allocation Failure) 620M->502M(857M) 2.621ms
[738.209s][info][gc,cpu         ] GC(2088) User=0.00s Sys=0.00s Real=0.00s
[738.385s][info][gc,start       ] GC(2089) Pause Young (Allocation Failure)
[738.387s][info][gc,heap        ] GC(2089) PSYoungGen: 125504K(210432K)->64K(125952K) Eden: 125440K(125440K)->0K(125440K) From: 64K(84992K)->64K(512K)
[738.387s][info][gc,heap        ] GC(2089) ParOldGen: 514820K(667648K)->514820K(667648K)
[738.387s][info][gc,metaspace   ] GC(2089) Metaspace: 18997K(19136K)->18997K(19136K) NonClass: 17168K(17280K)->17168K(17280K) Class: 1829K(1856K)->1829K(1856K)
[738.387s][info][gc             ] GC(2089) Pause Young (Allocation Failure) 625M->502M(775M) 2.348ms
[738.387s][info][gc,cpu         ] GC(2089) User=0.00s Sys=0.00s Real=0.01s
[738.561s][info][gc,start       ] GC(2090) Pause Young (Allocation Failure)
[738.564s][info][gc,heap        ] GC(2090) PSYoungGen: 125504K(125952K)->64K(204800K) Eden: 125440K(125440K)->0K(128512K) From: 64K(512K)->64K(76288K)
[738.564s][info][gc,heap        ] GC(2090) ParOldGen: 514820K(667648K)->514820K(667648K)
[738.564s][info][gc,metaspace   ] GC(2090) Metaspace: 18997K(19136K)->18997K(19136K) NonClass: 17168K(17280K)->17168K(17280K) Class: 1829K(1856K)->1829K(1856K)
[738.564s][info][gc             ] GC(2090) Pause Young (Allocation Failure) 625M->502M(852M) 2.716ms
[738.564s][info][gc,cpu         ] GC(2090) User=0.00s Sys=0.00s Real=0.00s
[738.742s][info][gc,start       ] GC(2091) Pause Young (Allocation Failure)
[738.745s][info][gc,heap        ] GC(2091) PSYoungGen: 128576K(204800K)->64K(129024K) Eden: 128512K(128512K)->0K(128512K) From: 64K(76288K)->64K(512K)
[738.745s][info][gc,heap        ] GC(2091) ParOldGen: 514820K(667648K)->514820K(667648K)
[738.745s][info][gc,metaspace   ] GC(2091) Metaspace: 18997K(19136K)->18997K(19136K) NonClass: 17168K(17280K)->17168K(17280K) Class: 1829K(1856K)->1829K(1856K)
[738.745s][info][gc             ] GC(2091) Pause Young (Allocation Failure) 628M->502M(778M) 2.547ms
[738.745s][info][gc,cpu         ] GC(2091) User=0.00s Sys=0.00s Real=0.00s
[738.895s][info][gc,start       ] GC(2092) Pause Young (Allocation Failure)
[738.912s][info][gc,heap        ] GC(2092) PSYoungGen: 128576K(129024K)->12608K(198144K) Eden: 128512K(128512K)->0K(132608K) From: 64K(512K)->12608K(65536K)
[738.912s][info][gc,heap        ] GC(2092) ParOldGen: 514820K(667648K)->514820K(667648K)
[738.912s][info][gc,metaspace   ] GC(2092) Metaspace: 18997K(19136K)->18997K(19136K) NonClass: 17168K(17280K)->17168K(17280K) Class: 1829K(1856K)->1829K(1856K)
[738.912s][info][gc             ] GC(2092) Pause Young (Allocation Failure) 628M->515M(845M) 17.278ms
[738.912s][info][gc,cpu         ] GC(2092) User=0.03s Sys=0.01s Real=0.01s
[739.042s][info][gc,start       ] GC(2093) Pause Young (Allocation Failure)
[739.079s][info][gc,heap        ] GC(2093) PSYoungGen: 145216K(198144K)->33696K(203264K) Eden: 132608K(132608K)->0K(132608K) From: 12608K(65536K)->33696K(70656K)
[739.079s][info][gc,heap        ] GC(2093) ParOldGen: 514820K(667648K)->514820K(667648K)
[739.079s][info][gc,metaspace   ] GC(2093) Metaspace: 18997K(19136K)->18997K(19136K) NonClass: 17168K(17280K)->17168K(17280K) Class: 1829K(1856K)->1829K(1856K)
[739.079s][info][gc             ] GC(2093) Pause Young (Allocation Failure) 644M->535M(850M) 36.959ms
[739.079s][info][gc,cpu         ] GC(2093) User=0.07s Sys=0.00s Real=0.04s
[739.198s][info][gc,start       ] GC(2094) Pause Young (Allocation Failure)
[739.239s][info][gc,heap        ] GC(2094) PSYoungGen: 166304K(203264K)->37664K(209920K) Eden: 132608K(132608K)->0K(137216K) From: 33696K(70656K)->37664K(72704K)
[739.239s][info][gc,heap        ] GC(2094) ParOldGen: 514820K(667648K)->514820K(667648K)
[739.239s][info][gc,metaspace   ] GC(2094) Metaspace: 18997K(19136K)->18997K(19136K) NonClass: 17168K(17280K)->17168K(17280K) Class: 1829K(1856K)->1829K(1856K)
[739.239s][info][gc             ] GC(2094) Pause Young (Allocation Failure) 665M->539M(857M) 40.719ms
[739.239s][info][gc,cpu         ] GC(2094) User=0.08s Sys=0.00s Real=0.04s
[739.354s][info][gc,start       ] GC(2095) Pause Young (Allocation Failure)
[739.399s][info][gc,heap        ] GC(2095) PSYoungGen: 174880K(209920K)->41440K(212480K) Eden: 137216K(137216K)->0K(137216K) From: 37664K(72704K)->41440K(75264K)
[739.399s][info][gc,heap        ] GC(2095) ParOldGen: 514820K(667648K)->514820K(667648K)
[739.399s][info][gc,metaspace   ] GC(2095) Metaspace: 18997K(19136K)->18997K(19136K) NonClass: 17168K(17280K)->17168K(17280K) Class: 1829K(1856K)->1829K(1856K)
[739.399s][info][gc             ] GC(2095) Pause Young (Allocation Failure) 673M->543M(859M) 44.782ms
[739.399s][info][gc,cpu         ] GC(2095) User=0.09s Sys=0.00s Real=0.05s
[739.498s][info][gc,start       ] GC(2096) Pause Young (Allocation Failure)
[739.568s][info][gc,heap        ] GC(2096) PSYoungGen: 178656K(212480K)->58624K(219136K) Eden: 137216K(137216K)->0K(140288K) From: 41440K(75264K)->58624K(78848K)
[739.569s][info][gc,heap        ] GC(2096) ParOldGen: 514820K(667648K)->514820K(667648K)
[739.569s][info][gc,metaspace   ] GC(2096) Metaspace: 18997K(19136K)->18997K(19136K) NonClass: 17168K(17280K)->17168K(17280K) Class: 1829K(1856K)->1829K(1856K)
[739.569s][info][gc             ] GC(2096) Pause Young (Allocation Failure) 677M->560M(866M) 70.278ms
[739.569s][info][gc,cpu         ] GC(2096) User=0.13s Sys=0.01s Real=0.07s
[739.677s][info][gc,start       ] GC(2097) Pause Young (Allocation Failure)
[739.757s][info][gc,heap        ] GC(2097) PSYoungGen: 198912K(219136K)->76608K(227328K) Eden: 140288K(140288K)->0K(140288K) From: 58624K(78848K)->76608K(87040K)
[739.757s][info][gc,heap        ] GC(2097) ParOldGen: 514820K(667648K)->514820K(667648K)
[739.757s][info][gc,metaspace   ] GC(2097) Metaspace: 18997K(19136K)->18997K(19136K) NonClass: 17168K(17280K)->17168K(17280K) Class: 1829K(1856K)->1829K(1856K)
[739.757s][info][gc             ] GC(2097) Pause Young (Allocation Failure) 697M->577M(874M) 79.857ms
[739.757s][info][gc,cpu         ] GC(2097) User=0.16s Sys=0.00s Real=0.08s
[739.836s][info][gc,start       ] GC(2098) Pause Young (Allocation Failure)
[739.934s][info][gc,heap        ] GC(2098) PSYoungGen: 216896K(227328K)->80576K(212480K) Eden: 140288K(140288K)->0K(111616K) From: 76608K(87040K)->80576K(100864K)
[739.934s][info][gc,heap        ] GC(2098) ParOldGen: 514820K(667648K)->514820K(667648K)
[739.934s][info][gc,metaspace   ] GC(2098) Metaspace: 18997K(19136K)->18997K(19136K) NonClass: 17168K(17280K)->17168K(17280K) Class: 1829K(1856K)->1829K(1856K)
[739.934s][info][gc             ] GC(2098) Pause Young (Allocation Failure) 714M->581M(859M) 98.767ms
[739.934s][info][gc,cpu         ] GC(2098) User=0.17s Sys=0.03s Real=0.09s
[740.012s][info][gc,start       ] GC(2099) Pause Young (Allocation Failure)
[740.105s][info][gc,heap        ] GC(2099) PSYoungGen: 192192K(212480K)->90944K(222720K) Eden: 111616K(111616K)->0K(111616K) From: 80576K(100864K)->90944K(111104K)
[740.105s][info][gc,heap        ] GC(2099) ParOldGen: 514820K(667648K)->514820K(667648K)
[740.105s][info][gc,metaspace   ] GC(2099) Metaspace: 18997K(19136K)->18997K(19136K) NonClass: 17168K(17280K)->17168K(17280K) Class: 1829K(1856K)->1829K(1856K)
[740.105s][info][gc             ] GC(2099) Pause Young (Allocation Failure) 690M->591M(869M) 93.016ms
[740.105s][info][gc,cpu         ] GC(2099) User=0.18s Sys=0.00s Real=0.09s
[740.211s][info][gc,start       ] GC(2100) Pause Young (Allocation Failure)
[740.312s][info][gc,heap        ] GC(2100) PSYoungGen: 202560K(222720K)->96048K(222720K) Eden: 111616K(111616K)->0K(111616K) From: 90944K(111104K)->96048K(111104K)
[740.312s][info][gc,heap        ] GC(2100) ParOldGen: 514820K(667648K)->514820K(667648K)
[740.312s][info][gc,metaspace   ] GC(2100) Metaspace: 18997K(19136K)->18997K(19136K) NonClass: 17168K(17280K)->17168K(17280K) Class: 1829K(1856K)->1829K(1856K)
[740.312s][info][gc             ] GC(2100) Pause Young (Allocation Failure) 700M->596M(869M) 100.780ms
[740.312s][info][gc,cpu         ] GC(2100) User=0.20s Sys=0.00s Real=0.10s
[740.387s][info][gc,start       ] GC(2101) Pause Young (Allocation Failure)
[740.500s][info][gc,heap        ] GC(2101) PSYoungGen: 207664K(222720K)->110880K(222720K) Eden: 111616K(111616K)->0K(111616K) From: 96048K(111104K)->110880K(111104K)
[740.500s][info][gc,heap        ] GC(2101) ParOldGen: 514820K(667648K)->514820K(667648K)
[740.500s][info][gc,metaspace   ] GC(2101) Metaspace: 18997K(19136K)->18997K(19136K) NonClass: 17168K(17280K)->17168K(17280K) Class: 1829K(1856K)->1829K(1856K)
[740.501s][info][gc             ] GC(2101) Pause Young (Allocation Failure) 705M->611M(869M) 113.045ms
[740.501s][info][gc,cpu         ] GC(2101) User=0.22s Sys=0.00s Real=0.11s
[740.613s][info][gc,start       ] GC(2102) Pause Young (Allocation Failure)
[740.735s][info][gc,heap        ] GC(2102) PSYoungGen: 222496K(222720K)->110960K(222720K) Eden: 111616K(111616K)->0K(111616K) From: 110880K(111104K)->110960K(111104K)
[740.735s][info][gc,heap        ] GC(2102) ParOldGen: 514820K(667648K)->514820K(667648K)
[740.735s][info][gc,metaspace   ] GC(2102) Metaspace: 18997K(19136K)->18997K(19136K) NonClass: 17168K(17280K)->17168K(17280K) Class: 1829K(1856K)->1829K(1856K)
[740.735s][info][gc             ] GC(2102) Pause Young (Allocation Failure) 720M->611M(869M) 122.707ms
[740.735s][info][gc,cpu         ] GC(2102) User=0.23s Sys=0.01s Real=0.13s
[740.931s][info][gc,start       ] GC(2103) Pause Young (Allocation Failure)
[741.052s][info][gc,heap        ] GC(2103) PSYoungGen: 222576K(222720K)->86800K(222720K) Eden: 111616K(111616K)->0K(111616K) From: 110960K(111104K)->86800K(111104K)
[741.053s][info][gc,heap        ] GC(2103) ParOldGen: 514820K(667648K)->548588K(667648K)
[741.053s][info][gc,metaspace   ] GC(2103) Metaspace: 18997K(19136K)->18997K(19136K) NonClass: 17168K(17280K)->17168K(17280K) Class: 1829K(1856K)->1829K(1856K)
[741.053s][info][gc             ] GC(2103) Pause Young (Allocation Failure) 720M->620M(869M) 121.878ms
[741.053s][info][gc,cpu         ] GC(2103) User=0.24s Sys=0.00s Real=0.12s
[741.199s][info][gc,start       ] GC(2104) Pause Young (Allocation Failure)
[741.305s][info][gc,heap        ] GC(2104) PSYoungGen: 198416K(222720K)->94752K(222720K) Eden: 111616K(111616K)->0K(111616K) From: 86800K(111104K)->94752K(111104K)
[741.305s][info][gc,heap        ] GC(2104) ParOldGen: 548588K(667648K)->556380K(667648K)
[741.305s][info][gc,metaspace   ] GC(2104) Metaspace: 18997K(19136K)->18997K(19136K) NonClass: 17168K(17280K)->17168K(17280K) Class: 1829K(1856K)->1829K(1856K)
[741.305s][info][gc             ] GC(2104) Pause Young (Allocation Failure) 729M->635M(869M) 106.060ms
[741.305s][info][gc,cpu         ] GC(2104) User=0.21s Sys=0.00s Real=0.11s
[741.715s][info][gc,start       ] GC(2105) Pause Young (Allocation Failure)
[741.813s][info][gc,heap        ] GC(2105) PSYoungGen: 206368K(222720K)->59616K(222720K) Eden: 111616K(111616K)->0K(111616K) From: 94752K(111104K)->59616K(111104K)
[741.813s][info][gc,heap        ] GC(2105) ParOldGen: 556380K(667648K)->591668K(667648K)
[741.813s][info][gc,metaspace   ] GC(2105) Metaspace: 18997K(19136K)->18997K(19136K) NonClass: 17168K(17280K)->17168K(17280K) Class: 1829K(1856K)->1829K(1856K)
[741.813s][info][gc             ] GC(2105) Pause Young (Allocation Failure) 744M->636M(869M) 98.078ms
[741.813s][info][gc,cpu         ] GC(2105) User=0.19s Sys=0.00s Real=0.09s
[742.102s][info][gc,start       ] GC(2106) Pause Young (Allocation Failure)
[742.165s][info][gc,heap        ] GC(2106) PSYoungGen: 171232K(222720K)->45376K(222720K) Eden: 111616K(111616K)->0K(111616K) From: 59616K(111104K)->45376K(111104K)
[742.165s][info][gc,heap        ] GC(2106) ParOldGen: 591668K(667648K)->606028K(667648K)
[742.165s][info][gc,metaspace   ] GC(2106) Metaspace: 18997K(19136K)->18997K(19136K) NonClass: 17168K(17280K)->17168K(17280K) Class: 1829K(1856K)->1829K(1856K)
[742.165s][info][gc             ] GC(2106) Pause Young (Allocation Failure) 745M->636M(869M) 63.654ms
[742.165s][info][gc,cpu         ] GC(2106) User=0.13s Sys=0.00s Real=0.07s
[742.465s][info][gc,start       ] GC(2107) Pause Young (Allocation Failure)
[742.514s][info][gc,heap        ] GC(2107) PSYoungGen: 156992K(222720K)->25392K(222720K) Eden: 111616K(111616K)->0K(111616K) From: 45376K(111104K)->25392K(111104K)
[742.514s][info][gc,heap        ] GC(2107) ParOldGen: 606028K(667648K)->626061K(667648K)
[742.514s][info][gc,metaspace   ] GC(2107) Metaspace: 18997K(19136K)->18997K(19136K) NonClass: 17168K(17280K)->17168K(17280K) Class: 1829K(1856K)->1829K(1856K)
[742.514s][info][gc             ] GC(2107) Pause Young (Allocation Failure) 745M->636M(869M) 49.720ms
[742.514s][info][gc,cpu         ] GC(2107) User=0.10s Sys=0.00s Real=0.04s
[742.798s][info][gc,start       ] GC(2108) Pause Full (Allocation Failure)
[742.799s][info][gc,phases,start] GC(2108) Marking Phase
[743.295s][info][gc,phases      ] GC(2108) Marking Phase 495.944ms
[743.295s][info][gc,phases,start] GC(2108) Summary Phase
[743.295s][info][gc,phases      ] GC(2108) Summary Phase 0.028ms
[743.295s][info][gc,phases,start] GC(2108) Forward
[743.328s][info][gc,phases      ] GC(2108) Forward 33.622ms
[743.328s][info][gc,phases,start] GC(2108) Adjust Pointers
[743.667s][info][gc,phases      ] GC(2108) Adjust Pointers 339.109ms
[743.667s][info][gc,phases,start] GC(2108) Compaction Phase
[743.826s][info][gc,phases      ] GC(2108) Compaction Phase 158.756ms
[743.826s][info][gc,phases,start] GC(2108) Post Compact
[743.829s][info][gc,phases      ] GC(2108) Post Compact 2.226ms
[743.829s][info][gc,heap        ] GC(2108) PSYoungGen: 137008K(222720K)->0K(222720K) Eden: 111616K(111616K)->0K(111616K) From: 25392K(111104K)->0K(111104K)
[743.829s][info][gc,heap        ] GC(2108) ParOldGen: 626061K(667648K)->650853K(667648K)
[743.829s][info][gc,metaspace   ] GC(2108) Metaspace: 18997K(19136K)->18997K(19136K) NonClass: 17168K(17280K)->17168K(17280K) Class: 1829K(1856K)->1829K(1856K)
[743.829s][info][gc             ] GC(2108) Pause Full (Allocation Failure) 745M->635M(869M) 1030.208ms
[743.829s][info][gc,cpu         ] GC(2108) User=2.02s Sys=0.01s Real=1.03s
[744.115s][info][gc,start       ] GC(2109) Pause Full (Allocation Failure)
[744.115s][info][gc,phases,start] GC(2109) Marking Phase
[744.610s][info][gc,phases      ] GC(2109) Marking Phase 494.766ms
[744.610s][info][gc,phases,start] GC(2109) Summary Phase
[744.610s][info][gc,phases      ] GC(2109) Summary Phase 0.057ms
[744.610s][info][gc,phases,start] GC(2109) Forward
[744.611s][info][gc,phases      ] GC(2109) Forward 0.305ms
[744.611s][info][gc,phases,start] GC(2109) Adjust Pointers
[744.937s][info][gc,phases      ] GC(2109) Adjust Pointers 326.372ms
[744.937s][info][gc,phases,start] GC(2109) Compaction Phase
[745.074s][info][gc,phases      ] GC(2109) Compaction Phase 137.131ms
[745.074s][info][gc,phases,start] GC(2109) Post Compact
[745.076s][info][gc,phases      ] GC(2109) Post Compact 2.197ms
[745.077s][info][gc,heap        ] GC(2109) PSYoungGen: 111616K(222720K)->0K(222720K) Eden: 111616K(111616K)->0K(111616K) From: 0K(111104K)->0K(111104K)
[745.077s][info][gc,heap        ] GC(2109) ParOldGen: 650853K(667648K)->650857K(667648K)
[745.077s][info][gc,metaspace   ] GC(2109) Metaspace: 18997K(19136K)->18997K(19136K) NonClass: 17168K(17280K)->17168K(17280K) Class: 1829K(1856K)->1829K(1856K)
[745.077s][info][gc             ] GC(2109) Pause Full (Allocation Failure) 744M->635M(869M) 961.275ms
[745.077s][info][gc,cpu         ] GC(2109) User=1.89s Sys=0.00s Real=0.96s
[745.360s][info][gc,start       ] GC(2110) Pause Full (Allocation Failure)
[745.360s][info][gc,phases,start] GC(2110) Marking Phase
[745.858s][info][gc,phases      ] GC(2110) Marking Phase 497.209ms
[745.858s][info][gc,phases,start] GC(2110) Summary Phase
[745.858s][info][gc,phases      ] GC(2110) Summary Phase 0.028ms
[745.858s][info][gc,phases,start] GC(2110) Forward
[745.981s][info][gc,phases      ] GC(2110) Forward 123.156ms
[745.981s][info][gc,phases,start] GC(2110) Adjust Pointers
[746.357s][info][gc,phases      ] GC(2110) Adjust Pointers 376.523ms
[746.357s][info][gc,phases,start] GC(2110) Compaction Phase
[746.539s][info][gc,phases      ] GC(2110) Compaction Phase 181.041ms
[746.550s][info][gc,phases,start] GC(2110) Post Compact
[746.552s][info][gc,phases      ] GC(2110) Post Compact 2.294ms
[746.552s][info][gc,heap        ] GC(2110) PSYoungGen: 111616K(222720K)->0K(222720K) Eden: 111616K(111616K)->0K(111616K) From: 0K(111104K)->0K(111104K)
[746.552s][info][gc,heap        ] GC(2110) ParOldGen: 650857K(667648K)->617477K(667648K)
[746.552s][info][gc,metaspace   ] GC(2110) Metaspace: 18997K(19136K)->18997K(19136K) NonClass: 17168K(17280K)->17168K(17280K) Class: 1829K(1856K)->1829K(1856K)
[746.552s][info][gc             ] GC(2110) Pause Full (Allocation Failure) 744M->603M(869M) 1191.636ms
[746.552s][info][gc,cpu         ] GC(2110) User=2.33s Sys=0.00s Real=1.19s
[746.809s][info][gc,start       ] GC(2111) Pause Full (Allocation Failure)
[746.809s][info][gc,phases,start] GC(2111) Marking Phase
[747.304s][info][gc,phases      ] GC(2111) Marking Phase 494.585ms
[747.304s][info][gc,phases,start] GC(2111) Summary Phase
[747.304s][info][gc,phases      ] GC(2111) Summary Phase 0.024ms
[747.304s][info][gc,phases,start] GC(2111) Forward
[747.304s][info][gc,phases      ] GC(2111) Forward 0.319ms
[747.304s][info][gc,phases,start] GC(2111) Adjust Pointers
[747.634s][info][gc,phases      ] GC(2111) Adjust Pointers 329.634ms
[747.634s][info][gc,phases,start] GC(2111) Compaction Phase
[747.766s][info][gc,phases      ] GC(2111) Compaction Phase 131.728ms
[747.766s][info][gc,phases,start] GC(2111) Post Compact
[747.768s][info][gc,phases      ] GC(2111) Post Compact 2.128ms
[747.768s][info][gc,heap        ] GC(2111) PSYoungGen: 111616K(222720K)->0K(222720K) Eden: 111616K(111616K)->0K(111616K) From: 0K(111104K)->0K(111104K)
[747.768s][info][gc,heap        ] GC(2111) ParOldGen: 617477K(667648K)->617487K(667648K)
[747.768s][info][gc,metaspace   ] GC(2111) Metaspace: 18997K(19136K)->18997K(19136K) NonClass: 17168K(17280K)->17168K(17280K) Class: 1829K(1856K)->1829K(1856K)
[747.768s][info][gc             ] GC(2111) Pause Full (Allocation Failure) 712M->603M(869M) 958.853ms
[747.768s][info][gc,cpu         ] GC(2111) User=1.87s Sys=0.00s Real=0.96s
[748.088s][info][gc,start       ] GC(2112) Pause Full (Allocation Failure)
[748.089s][info][gc,phases,start] GC(2112) Marking Phase
[748.517s][info][gc,phases      ] GC(2112) Marking Phase 428.034ms
[748.517s][info][gc,phases,start] GC(2112) Summary Phase
[748.517s][info][gc,phases      ] GC(2112) Summary Phase 0.028ms
[748.517s][info][gc,phases,start] GC(2112) Forward
[748.599s][info][gc,phases      ] GC(2112) Forward 82.302ms
[748.599s][info][gc,phases,start] GC(2112) Adjust Pointers
[748.910s][info][gc,phases      ] GC(2112) Adjust Pointers 310.992ms
[748.910s][info][gc,phases,start] GC(2112) Compaction Phase
[749.061s][info][gc,phases      ] GC(2112) Compaction Phase 151.003ms
[749.070s][info][gc,phases,start] GC(2112) Post Compact
[749.073s][info][gc,phases      ] GC(2112) Post Compact 2.165ms
[749.073s][info][gc,heap        ] GC(2112) PSYoungGen: 111616K(222720K)->0K(222720K) Eden: 111616K(111616K)->0K(111616K) From: 0K(111104K)->0K(111104K)
[749.073s][info][gc,heap        ] GC(2112) ParOldGen: 617487K(667648K)->556021K(667648K)
[749.073s][info][gc,metaspace   ] GC(2112) Metaspace: 18997K(19136K)->18997K(19136K) NonClass: 17168K(17280K)->17168K(17280K) Class: 1829K(1856K)->1829K(1856K)
[749.073s][info][gc             ] GC(2112) Pause Full (Allocation Failure) 712M->542M(869M) 984.187ms
[749.073s][info][gc,cpu         ] GC(2112) User=1.87s Sys=0.00s Real=0.98s
[749.285s][info][gc,start       ] GC(2113) Pause Young (Allocation Failure)
[749.292s][info][gc,heap        ] GC(2113) PSYoungGen: 111616K(222720K)->4976K(222720K) Eden: 111616K(111616K)->0K(111616K) From: 0K(111104K)->4976K(111104K)
[749.292s][info][gc,heap        ] GC(2113) ParOldGen: 556021K(667648K)->556021K(667648K)
[749.292s][info][gc,metaspace   ] GC(2113) Metaspace: 18998K(19136K)->18998K(19136K) NonClass: 17168K(17280K)->17168K(17280K) Class: 1829K(1856K)->1829K(1856K)
[749.292s][info][gc             ] GC(2113) Pause Young (Allocation Failure) 651M->547M(869M) 6.503ms
[749.292s][info][gc,cpu         ] GC(2113) User=0.01s Sys=0.00s Real=0.00s
[749.356s][info][gc,start       ] GC(2114) Pause Young (Allocation Failure)
[749.392s][info][gc,heap        ] GC(2114) PSYoungGen: 116592K(222720K)->46832K(222720K) Eden: 111616K(111616K)->0K(111616K) From: 4976K(111104K)->46832K(111104K)
[749.392s][info][gc,heap        ] GC(2114) ParOldGen: 556021K(667648K)->556021K(667648K)
[749.392s][info][gc,metaspace   ] GC(2114) Metaspace: 18998K(19136K)->18998K(19136K) NonClass: 17168K(17280K)->17168K(17280K) Class: 1829K(1856K)->1829K(1856K)
[749.392s][info][gc             ] GC(2114) Pause Young (Allocation Failure) 656M->588M(869M) 35.881ms
[749.392s][info][gc,cpu         ] GC(2114) User=0.07s Sys=0.00s Real=0.03s
[749.566s][info][gc,start       ] GC(2115) Pause Young (Allocation Failure)
[749.619s][info][gc,heap        ] GC(2115) PSYoungGen: 158448K(222720K)->76224K(222720K) Eden: 111616K(111616K)->0K(111616K) From: 46832K(111104K)->76224K(111104K)
[749.619s][info][gc,heap        ] GC(2115) ParOldGen: 556021K(667648K)->556021K(667648K)
[749.619s][info][gc,metaspace   ] GC(2115) Metaspace: 18998K(19136K)->18998K(19136K) NonClass: 17168K(17280K)->17168K(17280K) Class: 1829K(1856K)->1829K(1856K)
[749.619s][info][gc             ] GC(2115) Pause Young (Allocation Failure) 697M->617M(869M) 52.691ms
[749.619s][info][gc,cpu         ] GC(2115) User=0.10s Sys=0.00s Real=0.05s
[749.705s][info][gc,start       ] GC(2116) Pause Young (Allocation Failure)
[749.761s][info][gc,heap        ] GC(2116) PSYoungGen: 187840K(222720K)->33824K(222720K) Eden: 111616K(111616K)->0K(111616K) From: 76224K(111104K)->33824K(111104K)
[749.761s][info][gc,heap        ] GC(2116) ParOldGen: 556021K(667648K)->603374K(667648K)
[749.761s][info][gc,metaspace   ] GC(2116) Metaspace: 18998K(19136K)->18998K(19136K) NonClass: 17168K(17280K)->17168K(17280K) Class: 1829K(1856K)->1829K(1856K)
[749.761s][info][gc             ] GC(2116) Pause Young (Allocation Failure) 726M->622M(869M) 55.863ms
[749.761s][info][gc,cpu         ] GC(2116) User=0.11s Sys=0.00s Real=0.05s
[749.916s][info][gc,start       ] GC(2117) Pause Young (Allocation Failure)
[749.985s][info][gc,heap        ] GC(2117) PSYoungGen: 145440K(222720K)->28790K(222720K) Eden: 111616K(111616K)->0K(111616K) From: 33824K(111104K)->28790K(111104K)
[749.985s][info][gc,heap        ] GC(2117) ParOldGen: 603374K(667648K)->637469K(667648K)
[749.985s][info][gc,metaspace   ] GC(2117) Metaspace: 18998K(19136K)->18998K(19136K) NonClass: 17168K(17280K)->17168K(17280K) Class: 1829K(1856K)->1829K(1856K)
[749.985s][info][gc             ] GC(2117) Pause Young (Allocation Failure) 731M->650M(869M) 69.028ms
[749.985s][info][gc,cpu         ] GC(2117) User=0.14s Sys=0.00s Real=0.07s
[750.042s][info][gc,start       ] GC(2118) Pause Full (Allocation Failure)
[750.042s][info][gc,phases,start] GC(2118) Marking Phase
[750.293s][info][gc,phases      ] GC(2118) Marking Phase 251.234ms
[750.293s][info][gc,phases,start] GC(2118) Summary Phase
[750.293s][info][gc,phases      ] GC(2118) Summary Phase 0.032ms
[750.293s][info][gc,phases,start] GC(2118) Forward
[750.382s][info][gc,phases      ] GC(2118) Forward 88.976ms
[750.382s][info][gc,phases,start] GC(2118) Adjust Pointers
[750.580s][info][gc,phases      ] GC(2118) Adjust Pointers 197.739ms
[750.580s][info][gc,phases,start] GC(2118) Compaction Phase
[750.687s][info][gc,phases      ] GC(2118) Compaction Phase 106.664ms
[750.696s][info][gc,phases,start] GC(2118) Post Compact
[750.698s][info][gc,phases      ] GC(2118) Post Compact 2.337ms
[750.698s][info][gc,heap        ] GC(2118) PSYoungGen: 140406K(222720K)->0K(222720K) Eden: 111616K(111616K)->0K(111616K) From: 28790K(111104K)->0K(111104K)
[750.698s][info][gc,heap        ] GC(2118) ParOldGen: 637469K(667648K)->365956K(667648K)
[750.698s][info][gc,metaspace   ] GC(2118) Metaspace: 18998K(19136K)->18998K(19136K) NonClass: 17168K(17280K)->17168K(17280K) Class: 1829K(1856K)->1829K(1856K)
[750.698s][info][gc             ] GC(2118) Pause Full (Allocation Failure) 759M->357M(869M) 656.344ms
[750.698s][info][gc,cpu         ] GC(2118) User=1.21s Sys=0.00s Real=0.66s
[750.787s][info][gc,start       ] GC(2119) Pause Young (Allocation Failure)
[750.814s][info][gc,heap        ] GC(2119) PSYoungGen: 111616K(222720K)->33728K(222720K) Eden: 111616K(111616K)->0K(111616K) From: 0K(111104K)->33728K(111104K)
[750.815s][info][gc,heap        ] GC(2119) ParOldGen: 365956K(667648K)->365956K(667648K)
[750.815s][info][gc,metaspace   ] GC(2119) Metaspace: 18998K(19136K)->18998K(19136K) NonClass: 17169K(17280K)->17169K(17280K) Class: 1829K(1856K)->1829K(1856K)
[750.815s][info][gc             ] GC(2119) Pause Young (Allocation Failure) 466M->390M(869M) 27.514ms
[750.815s][info][gc,cpu         ] GC(2119) User=0.05s Sys=0.00s Real=0.02s
[750.951s][info][gc,start       ] GC(2120) Pause Young (Allocation Failure)
[750.975s][info][gc,heap        ] GC(2120) PSYoungGen: 145344K(222720K)->448K(222720K) Eden: 111616K(111616K)->0K(111616K) From: 33728K(111104K)->448K(111104K)
[750.975s][info][gc,heap        ] GC(2120) ParOldGen: 365956K(667648K)->400016K(667648K)
[750.975s][info][gc,metaspace   ] GC(2120) Metaspace: 18998K(19136K)->18998K(19136K) NonClass: 17169K(17280K)->17169K(17280K) Class: 1829K(1856K)->1829K(1856K)
[750.975s][info][gc             ] GC(2120) Pause Young (Allocation Failure) 499M->391M(869M) 24.139ms
[750.975s][info][gc,cpu         ] GC(2120) User=0.05s Sys=0.00s Real=0.03s
[751.098s][info][gc,start       ] GC(2121) Pause Young (Allocation Failure)
[751.100s][info][gc,heap        ] GC(2121) PSYoungGen: 112064K(222720K)->96K(222720K) Eden: 111616K(111616K)->0K(111616K) From: 448K(111104K)->96K(111104K)
[751.100s][info][gc,heap        ] GC(2121) ParOldGen: 400016K(667648K)->400440K(667648K)
[751.100s][info][gc,metaspace   ] GC(2121) Metaspace: 18998K(19136K)->18998K(19136K) NonClass: 17169K(17280K)->17169K(17280K) Class: 1829K(1856K)->1829K(1856K)
[751.100s][info][gc             ] GC(2121) Pause Young (Allocation Failure) 500M->391M(869M) 2.867ms
[751.100s][info][gc,cpu         ] GC(2121) User=0.01s Sys=0.00s Real=0.00s
[751.219s][info][gc,start       ] GC(2122) Pause Young (Allocation Failure)
[751.221s][info][gc,heap        ] GC(2122) PSYoungGen: 111712K(222720K)->160K(222720K) Eden: 111616K(111616K)->0K(111616K) From: 96K(111104K)->160K(111104K)
[751.221s][info][gc,heap        ] GC(2122) ParOldGen: 400440K(667648K)->400512K(667648K)
[751.221s][info][gc,metaspace   ] GC(2122) Metaspace: 18998K(19136K)->18998K(19136K) NonClass: 17169K(17280K)->17169K(17280K) Class: 1829K(1856K)->1829K(1856K)
[751.221s][info][gc             ] GC(2122) Pause Young (Allocation Failure) 500M->391M(869M) 2.071ms
[751.221s][info][gc,cpu         ] GC(2122) User=0.00s Sys=0.00s Real=0.00s
[751.339s][info][gc,start       ] GC(2123) Pause Young (Allocation Failure)
[751.341s][info][gc,heap        ] GC(2123) PSYoungGen: 111776K(222720K)->160K(222720K) Eden: 111616K(111616K)->0K(111616K) From: 160K(111104K)->160K(111104K)
[751.341s][info][gc,heap        ] GC(2123) ParOldGen: 400512K(667648K)->400632K(667648K)
[751.341s][info][gc,metaspace   ] GC(2123) Metaspace: 18998K(19136K)->18998K(19136K) NonClass: 17169K(17280K)->17169K(17280K) Class: 1829K(1856K)->1829K(1856K)
[751.341s][info][gc             ] GC(2123) Pause Young (Allocation Failure) 500M->391M(869M) 2.101ms
[751.341s][info][gc,cpu         ] GC(2123) User=0.00s Sys=0.00s Real=0.00s
[751.463s][info][gc,start       ] GC(2124) Pause Young (Allocation Failure)
[751.465s][info][gc,heap        ] GC(2124) PSYoungGen: 111776K(222720K)->128K(222720K) Eden: 111616K(111616K)->0K(111616K) From: 160K(111104K)->128K(111104K)
[751.465s][info][gc,heap        ] GC(2124) ParOldGen: 400632K(667648K)->400760K(667648K)
[751.465s][info][gc,metaspace   ] GC(2124) Metaspace: 18998K(19136K)->18998K(19136K) NonClass: 17169K(17280K)->17169K(17280K) Class: 1829K(1856K)->1829K(1856K)
[751.465s][info][gc             ] GC(2124) Pause Young (Allocation Failure) 500M->391M(869M) 2.005ms
[751.465s][info][gc,cpu         ] GC(2124) User=0.01s Sys=0.00s Real=0.01s
[751.588s][info][gc,start       ] GC(2125) Pause Young (Allocation Failure)
[751.590s][info][gc,heap        ] GC(2125) PSYoungGen: 111744K(222720K)->96K(222720K) Eden: 111616K(111616K)->0K(111616K) From: 128K(111104K)->96K(111104K)
[751.590s][info][gc,heap        ] GC(2125) ParOldGen: 400760K(667648K)->400840K(667648K)
[751.590s][info][gc,metaspace   ] GC(2125) Metaspace: 18998K(19136K)->18998K(19136K) NonClass: 17169K(17280K)->17169K(17280K) Class: 1829K(1856K)->1829K(1856K)
[751.590s][info][gc             ] GC(2125) Pause Young (Allocation Failure) 500M->391M(869M) 1.964ms
[751.590s][info][gc,cpu         ] GC(2125) User=0.00s Sys=0.00s Real=0.00s
[751.708s][info][gc,start       ] GC(2126) Pause Young (Allocation Failure)
[751.711s][info][gc,heap        ] GC(2126) PSYoungGen: 111712K(222720K)->128K(218624K) Eden: 111616K(111616K)->0K(111616K) From: 96K(111104K)->128K(107008K)
[751.711s][info][gc,heap        ] GC(2126) ParOldGen: 400840K(667648K)->400920K(667648K)
[751.711s][info][gc,metaspace   ] GC(2126) Metaspace: 18998K(19136K)->18998K(19136K) NonClass: 17169K(17280K)->17169K(17280K) Class: 1829K(1856K)->1829K(1856K)
[751.711s][info][gc             ] GC(2126) Pause Young (Allocation Failure) 500M->391M(865M) 2.381ms
[751.711s][info][gc,cpu         ] GC(2126) User=0.00s Sys=0.00s Real=0.00s
[751.830s][info][gc,start       ] GC(2127) Pause Young (Allocation Failure)
[751.833s][info][gc,heap        ] GC(2127) PSYoungGen: 111744K(218624K)->224K(112128K) Eden: 111616K(111616K)->0K(111616K) From: 128K(107008K)->224K(512K)
[751.833s][info][gc,heap        ] GC(2127) ParOldGen: 400920K(667648K)->400920K(667648K)
[751.833s][info][gc,metaspace   ] GC(2127) Metaspace: 18998K(19136K)->18998K(19136K) NonClass: 17169K(17280K)->17169K(17280K) Class: 1829K(1856K)->1829K(1856K)
[751.833s][info][gc             ] GC(2127) Pause Young (Allocation Failure) 500M->391M(761M) 2.720ms
[751.833s][info][gc,cpu         ] GC(2127) User=0.00s Sys=0.00s Real=0.00s
[751.951s][info][gc,start       ] GC(2128) Pause Young (Allocation Failure)
[751.954s][info][gc,heap        ] GC(2128) PSYoungGen: 111840K(112128K)->288K(206848K) Eden: 111616K(111616K)->0K(113152K) From: 224K(512K)->288K(93696K)
[751.954s][info][gc,heap        ] GC(2128) ParOldGen: 400920K(667648K)->400920K(667648K)
[751.954s][info][gc,metaspace   ] GC(2128) Metaspace: 18998K(19136K)->18998K(19136K) NonClass: 17169K(17280K)->17169K(17280K) Class: 1829K(1856K)->1829K(1856K)
[751.954s][info][gc             ] GC(2128) Pause Young (Allocation Failure) 500M->391M(854M) 2.986ms
[751.954s][info][gc,cpu         ] GC(2128) User=0.00s Sys=0.01s Real=0.00s
[752.089s][info][gc,start       ] GC(2129) Pause Young (Allocation Failure)
[752.100s][info][gc,heap        ] GC(2129) PSYoungGen: 113440K(206848K)->3840K(117248K) Eden: 113152K(113152K)->0K(113152K) From: 288K(93696K)->3840K(4096K)
[752.100s][info][gc,heap        ] GC(2129) ParOldGen: 400920K(667648K)->400920K(667648K)
[752.100s][info][gc,metaspace   ] GC(2129) Metaspace: 18998K(19136K)->18998K(19136K) NonClass: 17169K(17280K)->17169K(17280K) Class: 1829K(1856K)->1829K(1856K)
[752.100s][info][gc             ] GC(2129) Pause Young (Allocation Failure) 502M->395M(766M) 10.745ms
[752.100s][info][gc,cpu         ] GC(2129) User=0.02s Sys=0.00s Real=0.01s
[752.237s][info][gc,start       ] GC(2130) Pause Young (Allocation Failure)
[752.273s][info][gc,heap        ] GC(2130) PSYoungGen: 116992K(117248K)->16011K(196096K) Eden: 113152K(113152K)->0K(116224K) From: 3840K(4096K)->16011K(79872K)
[752.273s][info][gc,heap        ] GC(2130) ParOldGen: 400920K(667648K)->400920K(667648K)
[752.273s][info][gc,metaspace   ] GC(2130) Metaspace: 18998K(19136K)->18998K(19136K) NonClass: 17169K(17280K)->17169K(17280K) Class: 1829K(1856K)->1829K(1856K)
[752.273s][info][gc             ] GC(2130) Pause Young (Allocation Failure) 505M->407M(843M) 35.356ms
[752.273s][info][gc,cpu         ] GC(2130) User=0.07s Sys=0.00s Real=0.03s
[752.424s][info][gc,start       ] GC(2131) Pause Young (Allocation Failure)
[752.463s][info][gc,heap        ] GC(2131) PSYoungGen: 132235K(196096K)->21419K(137728K) Eden: 116224K(116224K)->0K(116224K) From: 16011K(79872K)->21419K(21504K)
[752.463s][info][gc,heap        ] GC(2131) ParOldGen: 400920K(667648K)->400920K(667648K)
[752.463s][info][gc,metaspace   ] GC(2131) Metaspace: 18998K(19136K)->18998K(19136K) NonClass: 17169K(17280K)->17169K(17280K) Class: 1829K(1856K)->1829K(1856K)
[752.463s][info][gc             ] GC(2131) Pause Young (Allocation Failure) 520M->412M(786M) 38.911ms
[752.463s][info][gc,cpu         ] GC(2131) User=0.07s Sys=0.00s Real=0.04s
[752.620s][info][gc,start       ] GC(2132) Pause Young (Allocation Failure)
[752.658s][info][gc,heap        ] GC(2132) PSYoungGen: 137643K(137728K)->21451K(192512K) Eden: 116224K(116224K)->0K(120832K) From: 21419K(21504K)->21451K(71680K)
[752.658s][info][gc,heap        ] GC(2132) ParOldGen: 400920K(667648K)->400920K(667648K)
[752.658s][info][gc,metaspace   ] GC(2132) Metaspace: 18998K(19136K)->18998K(19136K) NonClass: 17169K(17280K)->17169K(17280K) Class: 1829K(1856K)->1829K(1856K)
[752.658s][info][gc             ] GC(2132) Pause Young (Allocation Failure) 525M->412M(840M) 38.317ms
[752.658s][info][gc,cpu         ] GC(2132) User=0.07s Sys=0.00s Real=0.04s
[752.814s][info][gc,start       ] GC(2133) Pause Young (Allocation Failure)
[752.852s][info][gc,heap        ] GC(2133) PSYoungGen: 142283K(192512K)->21451K(197120K) Eden: 120832K(120832K)->0K(120832K) From: 21451K(71680K)->21451K(76288K)
[752.852s][info][gc,heap        ] GC(2133) ParOldGen: 400920K(667648K)->400920K(667648K)
[752.852s][info][gc,metaspace   ] GC(2133) Metaspace: 18998K(19136K)->18998K(19136K) NonClass: 17169K(17280K)->17169K(17280K) Class: 1829K(1856K)->1829K(1856K)
[752.852s][info][gc             ] GC(2133) Pause Young (Allocation Failure) 530M->412M(844M) 37.809ms
[752.852s][info][gc,cpu         ] GC(2133) User=0.08s Sys=0.00s Real=0.04s
[753.010s][info][gc,start       ] GC(2134) Pause Young (Allocation Failure)
[753.048s][info][gc,heap        ] GC(2134) PSYoungGen: 142283K(197120K)->21419K(190464K) Eden: 120832K(120832K)->0K(126464K) From: 21451K(76288K)->21419K(64000K)
[753.048s][info][gc,heap        ] GC(2134) ParOldGen: 400920K(667648K)->400920K(667648K)
[753.048s][info][gc,metaspace   ] GC(2134) Metaspace: 18998K(19136K)->18998K(19136K) NonClass: 17169K(17280K)->17169K(17280K) Class: 1829K(1856K)->1829K(1856K)
[753.048s][info][gc             ] GC(2134) Pause Young (Allocation Failure) 530M->412M(838M) 38.080ms
[753.048s][info][gc,cpu         ] GC(2134) User=0.07s Sys=0.00s Real=0.04s
[753.196s][info][gc,start       ] GC(2135) Pause Young (Allocation Failure)
[753.246s][info][gc,heap        ] GC(2135) PSYoungGen: 147883K(190464K)->32523K(194048K) Eden: 126464K(126464K)->0K(126464K) From: 21419K(64000K)->32523K(67584K)
[753.246s][info][gc,heap        ] GC(2135) ParOldGen: 400920K(667648K)->400920K(667648K)
[753.246s][info][gc,metaspace   ] GC(2135) Metaspace: 18998K(19136K)->18998K(19136K) NonClass: 17169K(17280K)->17169K(17280K) Class: 1829K(1856K)->1829K(1856K)
[753.246s][info][gc             ] GC(2135) Pause Young (Allocation Failure) 535M->423M(841M) 49.957ms
[753.246s][info][gc,cpu         ] GC(2135) User=0.09s Sys=0.00s Real=0.05s
[753.366s][info][gc,start       ] GC(2136) Pause Young (Allocation Failure)
[753.431s][info][gc,heap        ] GC(2136) PSYoungGen: 158987K(194048K)->45259K(197120K) Eden: 126464K(126464K)->0K(129024K) From: 32523K(67584K)->45259K(68096K)
[753.431s][info][gc,heap        ] GC(2136) ParOldGen: 400920K(667648K)->400920K(667648K)
[753.431s][info][gc,metaspace   ] GC(2136) Metaspace: 18998K(19136K)->18998K(19136K) NonClass: 17169K(17280K)->17169K(17280K) Class: 1829K(1856K)->1829K(1856K)
[753.431s][info][gc             ] GC(2136) Pause Young (Allocation Failure) 546M->435M(844M) 65.274ms
[753.431s][info][gc,cpu         ] GC(2136) User=0.13s Sys=0.01s Real=0.06s
[753.558s][info][gc,start       ] GC(2137) Pause Young (Allocation Failure)
[753.637s][info][gc,heap        ] GC(2137) PSYoungGen: 174283K(197120K)->59371K(201216K) Eden: 129024K(129024K)->0K(129024K) From: 45259K(68096K)->59371K(72192K)
[753.637s][info][gc,heap        ] GC(2137) ParOldGen: 400920K(667648K)->400920K(667648K)
[753.637s][info][gc,metaspace   ] GC(2137) Metaspace: 18999K(19136K)->18999K(19136K) NonClass: 17170K(17280K)->17170K(17280K) Class: 1829K(1856K)->1829K(1856K)
[753.637s][info][gc             ] GC(2137) Pause Young (Allocation Failure) 561M->449M(848M) 79.483ms
[753.637s][info][gc,cpu         ] GC(2137) User=0.16s Sys=0.00s Real=0.08s
[753.724s][info][gc,start       ] GC(2138) Pause Young (Allocation Failure)
[753.811s][info][gc,heap        ] GC(2138) PSYoungGen: 188395K(201216K)->59755K(211456K) Eden: 129024K(129024K)->0K(130560K) From: 59371K(72192K)->59755K(80896K)
[753.811s][info][gc,heap        ] GC(2138) ParOldGen: 400920K(667648K)->400920K(667648K)
[753.811s][info][gc,metaspace   ] GC(2138) Metaspace: 18999K(19136K)->18999K(19136K) NonClass: 17170K(17280K)->17170K(17280K) Class: 1829K(1856K)->1829K(1856K)
[753.811s][info][gc             ] GC(2138) Pause Young (Allocation Failure) 575M->449M(858M) 87.122ms
[753.811s][info][gc,cpu         ] GC(2138) User=0.16s Sys=0.01s Real=0.09s
[753.931s][info][gc,start       ] GC(2139) Pause Young (Allocation Failure)
[754.011s][info][gc,heap        ] GC(2139) PSYoungGen: 190315K(211456K)->61003K(218624K) Eden: 130560K(130560K)->0K(130560K) From: 59755K(80896K)->61003K(88064K)
[754.011s][info][gc,heap        ] GC(2139) ParOldGen: 400920K(667648K)->400920K(667648K)
[754.011s][info][gc,metaspace   ] GC(2139) Metaspace: 18999K(19136K)->18999K(19136K) NonClass: 17170K(17280K)->17170K(17280K) Class: 1829K(1856K)->1829K(1856K)
[754.011s][info][gc             ] GC(2139) Pause Young (Allocation Failure) 577M->451M(865M) 80.277ms
[754.011s][info][gc,cpu         ] GC(2139) User=0.16s Sys=0.00s Real=0.08s
[754.128s][info][gc,start       ] GC(2140) Pause Young (Allocation Failure)
[754.222s][info][gc,heap        ] GC(2140) PSYoungGen: 191563K(218624K)->64619K(228864K) Eden: 130560K(130560K)->0K(135168K) From: 61003K(88064K)->64619K(93696K)
[754.222s][info][gc,heap        ] GC(2140) ParOldGen: 400920K(667648K)->400920K(667648K)
[754.222s][info][gc,metaspace   ] GC(2140) Metaspace: 18999K(19136K)->18999K(19136K) NonClass: 17170K(17280K)->17170K(17280K) Class: 1829K(1856K)->1829K(1856K)
[754.222s][info][gc             ] GC(2140) Pause Young (Allocation Failure) 578M->454M(875M) 94.468ms
[754.222s][info][gc,cpu         ] GC(2140) User=0.17s Sys=0.02s Real=0.09s
[754.331s][info][gc,start       ] GC(2141) Pause Young (Allocation Failure)
[754.414s][info][gc,heap        ] GC(2141) PSYoungGen: 199787K(228864K)->64587K(200192K) Eden: 135168K(135168K)->0K(135168K) From: 64619K(93696K)->64587K(65024K)
[754.414s][info][gc,heap        ] GC(2141) ParOldGen: 400920K(667648K)->401032K(667648K)
[754.414s][info][gc,metaspace   ] GC(2141) Metaspace: 18999K(19136K)->18999K(19136K) NonClass: 17170K(17280K)->17170K(17280K) Class: 1829K(1856K)->1829K(1856K)
[754.414s][info][gc             ] GC(2141) Pause Young (Allocation Failure) 586M->454M(847M) 83.371ms
[754.414s][info][gc,cpu         ] GC(2141) User=0.16s Sys=0.00s Real=0.08s
[754.576s][info][gc,start       ] GC(2142) Pause Young (Allocation Failure)
[754.688s][info][gc,heap        ] GC(2142) PSYoungGen: 199755K(200192K)->83691K(215552K) Eden: 135168K(135168K)->0K(111616K) From: 64587K(65024K)->83691K(103936K)
[754.688s][info][gc,heap        ] GC(2142) ParOldGen: 401032K(667648K)->401136K(667648K)
[754.688s][info][gc,metaspace   ] GC(2142) Metaspace: 18999K(19136K)->18999K(19136K) NonClass: 17170K(17280K)->17170K(17280K) Class: 1829K(1856K)->1829K(1856K)
[754.688s][info][gc             ] GC(2142) Pause Young (Allocation Failure) 586M->473M(862M) 111.729ms
[754.688s][info][gc,cpu         ] GC(2142) User=0.21s Sys=0.01s Real=0.11s
[754.766s][info][gc,start       ] GC(2143) Pause Young (Allocation Failure)
[754.891s][info][gc,heap        ] GC(2143) PSYoungGen: 195307K(215552K)->102492K(222720K) Eden: 111616K(111616K)->0K(111616K) From: 83691K(103936K)->102492K(111104K)
[754.891s][info][gc,heap        ] GC(2143) ParOldGen: 401136K(667648K)->404736K(667648K)
[754.891s][info][gc,metaspace   ] GC(2143) Metaspace: 18999K(19136K)->18999K(19136K) NonClass: 17170K(17280K)->17170K(17280K) Class: 1829K(1856K)->1829K(1856K)
[754.891s][info][gc             ] GC(2143) Pause Young (Allocation Failure) 582M->495M(869M) 125.472ms
[754.891s][info][gc,cpu         ] GC(2143) User=0.25s Sys=0.00s Real=0.12s
[755.004s][info][gc,start       ] GC(2144) Pause Young (Allocation Failure)
[755.149s][info][gc,heap        ] GC(2144) PSYoungGen: 214108K(222720K)->104928K(222720K) Eden: 111616K(111616K)->0K(111616K) From: 102492K(111104K)->104928K(111104K)
[755.150s][info][gc,heap        ] GC(2144) ParOldGen: 404736K(667648K)->422408K(667648K)
[755.150s][info][gc,metaspace   ] GC(2144) Metaspace: 18999K(19136K)->18999K(19136K) NonClass: 17170K(17280K)->17170K(17280K) Class: 1829K(1856K)->1829K(1856K)
[755.150s][info][gc             ] GC(2144) Pause Young (Allocation Failure) 604M->514M(869M) 145.574ms
[755.150s][info][gc,cpu         ] GC(2144) User=0.29s Sys=0.01s Real=0.15s
[755.281s][info][gc,start       ] GC(2145) Pause Young (Allocation Failure)
[755.393s][info][gc,heap        ] GC(2145) PSYoungGen: 216544K(222720K)->111104K(222720K) Eden: 111616K(111616K)->0K(111616K) From: 104928K(111104K)->111104K(111104K)
[755.393s][info][gc,heap        ] GC(2145) ParOldGen: 422408K(667648K)->423912K(667648K)
[755.393s][info][gc,metaspace   ] GC(2145) Metaspace: 18999K(19136K)->18999K(19136K) NonClass: 17170K(17280K)->17170K(17280K) Class: 1829K(1856K)->1829K(1856K)
[755.393s][info][gc             ] GC(2145) Pause Young (Allocation Failure) 623M->522M(869M) 112.130ms
[755.393s][info][gc,cpu         ] GC(2145) User=0.22s Sys=0.00s Real=0.11s
[755.520s][info][gc,start       ] GC(2146) Pause Young (Allocation Failure)
[755.632s][info][gc,heap        ] GC(2146) PSYoungGen: 222720K(222720K)->100768K(222720K) Eden: 111616K(111616K)->0K(111616K) From: 111104K(111104K)->100768K(111104K)
[755.632s][info][gc,heap        ] GC(2146) ParOldGen: 423912K(667648K)->435080K(667648K)
[755.632s][info][gc,metaspace   ] GC(2146) Metaspace: 18999K(19136K)->18999K(19136K) NonClass: 17170K(17280K)->17170K(17280K) Class: 1829K(1856K)->1829K(1856K)
[755.632s][info][gc             ] GC(2146) Pause Young (Allocation Failure) 631M->523M(869M) 111.659ms
[755.632s][info][gc,cpu         ] GC(2146) User=0.22s Sys=0.00s Real=0.11s
[755.754s][info][gc,start       ] GC(2147) Pause Young (Allocation Failure)
[755.859s][info][gc,heap        ] GC(2147) PSYoungGen: 212384K(222720K)->76640K(222720K) Eden: 111616K(111616K)->0K(111616K) From: 100768K(111104K)->76640K(111104K)
[755.859s][info][gc,heap        ] GC(2147) ParOldGen: 435080K(667648K)->461984K(667648K)
[755.859s][info][gc,metaspace   ] GC(2147) Metaspace: 18999K(19136K)->18999K(19136K) NonClass: 17170K(17280K)->17170K(17280K) Class: 1829K(1856K)->1829K(1856K)
[755.859s][info][gc             ] GC(2147) Pause Young (Allocation Failure) 632M->526M(869M) 105.114ms
[755.859s][info][gc,cpu         ] GC(2147) User=0.20s Sys=0.00s Real=0.11s
[755.975s][info][gc,start       ] GC(2148) Pause Young (Allocation Failure)
[756.058s][info][gc,heap        ] GC(2148) PSYoungGen: 188256K(222720K)->78848K(222720K) Eden: 111616K(111616K)->0K(111616K) From: 76640K(111104K)->78848K(111104K)
[756.058s][info][gc,heap        ] GC(2148) ParOldGen: 461984K(667648K)->463648K(667648K)
[756.058s][info][gc,metaspace   ] GC(2148) Metaspace: 18999K(19136K)->18999K(19136K) NonClass: 17170K(17280K)->17170K(17280K) Class: 1829K(1856K)->1829K(1856K)
[756.058s][info][gc             ] GC(2148) Pause Young (Allocation Failure) 635M->529M(869M) 82.681ms
[756.058s][info][gc,cpu         ] GC(2148) User=0.17s Sys=0.00s Real=0.08s
[756.160s][info][gc,start       ] GC(2149) Pause Young (Allocation Failure)
[756.241s][info][gc,heap        ] GC(2149) PSYoungGen: 190464K(222720K)->75200K(222720K) Eden: 111616K(111616K)->0K(111616K) From: 78848K(111104K)->75200K(111104K)
[756.241s][info][gc,heap        ] GC(2149) ParOldGen: 463648K(667648K)->467344K(667648K)
[756.241s][info][gc,metaspace   ] GC(2149) Metaspace: 18999K(19136K)->18999K(19136K) NonClass: 17170K(17280K)->17170K(17280K) Class: 1829K(1856K)->1829K(1856K)
[756.241s][info][gc             ] GC(2149) Pause Young (Allocation Failure) 638M->529M(869M) 80.809ms
[756.241s][info][gc,cpu         ] GC(2149) User=0.16s Sys=0.00s Real=0.08s
[756.369s][info][gc,start       ] GC(2150) Pause Young (Allocation Failure)
[756.454s][info][gc,heap        ] GC(2150) PSYoungGen: 186816K(222720K)->41792K(222720K) Eden: 111616K(111616K)->0K(111616K) From: 75200K(111104K)->41792K(111104K)
[756.454s][info][gc,heap        ] GC(2150) ParOldGen: 467344K(667648K)->507896K(667648K)
[756.454s][info][gc,metaspace   ] GC(2150) Metaspace: 18999K(19136K)->18999K(19136K) NonClass: 17170K(17280K)->17170K(17280K) Class: 1829K(1856K)->1829K(1856K)
[756.454s][info][gc             ] GC(2150) Pause Young (Allocation Failure) 638M->536M(869M) 84.741ms
[756.454s][info][gc,cpu         ] GC(2150) User=0.16s Sys=0.00s Real=0.08s
[756.604s][info][gc,start       ] GC(2151) Pause Young (Allocation Failure)
[756.658s][info][gc,heap        ] GC(2151) PSYoungGen: 153408K(222720K)->23808K(222720K) Eden: 111616K(111616K)->0K(111616K) From: 41792K(111104K)->23808K(111104K)
[756.658s][info][gc,heap        ] GC(2151) ParOldGen: 507896K(667648K)->535432K(667648K)
[756.658s][info][gc,metaspace   ] GC(2151) Metaspace: 18999K(19136K)->18999K(19136K) NonClass: 17170K(17280K)->17170K(17280K) Class: 1829K(1856K)->1829K(1856K)
[756.658s][info][gc             ] GC(2151) Pause Young (Allocation Failure) 645M->546M(869M) 54.694ms
[756.658s][info][gc,cpu         ] GC(2151) User=0.11s Sys=0.00s Real=0.06s
[756.938s][info][gc,start       ] GC(2152) Pause Young (Allocation Failure)
[756.966s][info][gc,heap        ] GC(2152) PSYoungGen: 135424K(222720K)->20512K(222720K) Eden: 111616K(111616K)->0K(111616K) From: 23808K(111104K)->20512K(111104K)
[756.966s][info][gc,heap        ] GC(2152) ParOldGen: 535432K(667648K)->538768K(667648K)
[756.966s][info][gc,metaspace   ] GC(2152) Metaspace: 18999K(19136K)->18999K(19136K) NonClass: 17170K(17280K)->17170K(17280K) Class: 1829K(1856K)->1829K(1856K)
[756.966s][info][gc             ] GC(2152) Pause Young (Allocation Failure) 655M->546M(869M) 28.062ms
[756.966s][info][gc,cpu         ] GC(2152) User=0.06s Sys=0.00s Real=0.03s
[757.303s][info][gc,start       ] GC(2153) Pause Young (Allocation Failure)
[757.327s][info][gc,heap        ] GC(2153) PSYoungGen: 132128K(222720K)->16736K(222720K) Eden: 111616K(111616K)->0K(111616K) From: 20512K(111104K)->16736K(111104K)
[757.327s][info][gc,heap        ] GC(2153) ParOldGen: 538768K(667648K)->542768K(667648K)
[757.327s][info][gc,metaspace   ] GC(2153) Metaspace: 18999K(19136K)->18999K(19136K) NonClass: 17170K(17280K)->17170K(17280K) Class: 1829K(1856K)->1829K(1856K)
[757.327s][info][gc             ] GC(2153) Pause Young (Allocation Failure) 655M->546M(869M) 23.652ms
[757.327s][info][gc,cpu         ] GC(2153) User=0.04s Sys=0.00s Real=0.03s
[757.623s][info][gc,start       ] GC(2154) Pause Young (Allocation Failure)
[757.644s][info][gc,heap        ] GC(2154) PSYoungGen: 128352K(222720K)->448K(222720K) Eden: 111616K(111616K)->0K(111616K) From: 16736K(111104K)->448K(111104K)
[757.644s][info][gc,heap        ] GC(2154) ParOldGen: 542768K(667648K)->559280K(667648K)
[757.644s][info][gc,metaspace   ] GC(2154) Metaspace: 18999K(19136K)->18999K(19136K) NonClass: 17170K(17280K)->17170K(17280K) Class: 1829K(1856K)->1829K(1856K)
[757.644s][info][gc             ] GC(2154) Pause Young (Allocation Failure) 655M->546M(869M) 20.471ms
[757.644s][info][gc,cpu         ] GC(2154) User=0.04s Sys=0.00s Real=0.02s
[757.897s][info][gc,start       ] GC(2155) Pause Young (Allocation Failure)
[757.899s][info][gc,heap        ] GC(2155) PSYoungGen: 112064K(222720K)->352K(222720K) Eden: 111616K(111616K)->0K(111616K) From: 448K(111104K)->352K(111104K)
[757.900s][info][gc,heap        ] GC(2155) ParOldGen: 559280K(667648K)->559368K(667648K)
[757.900s][info][gc,metaspace   ] GC(2155) Metaspace: 18999K(19136K)->18999K(19136K) NonClass: 17170K(17280K)->17170K(17280K) Class: 1829K(1856K)->1829K(1856K)
[757.900s][info][gc             ] GC(2155) Pause Young (Allocation Failure) 655M->546M(869M) 2.935ms
[757.900s][info][gc,cpu         ] GC(2155) User=0.01s Sys=0.00s Real=0.00s
[758.160s][info][gc,start       ] GC(2156) Pause Young (Allocation Failure)
[758.163s][info][gc,heap        ] GC(2156) PSYoungGen: 111968K(222720K)->64K(222720K) Eden: 111616K(111616K)->0K(111616K) From: 352K(111104K)->64K(111104K)
[758.163s][info][gc,heap        ] GC(2156) ParOldGen: 559368K(667648K)->559593K(667648K)
[758.163s][info][gc,metaspace   ] GC(2156) Metaspace: 18999K(19136K)->18999K(19136K) NonClass: 17170K(17280K)->17170K(17280K) Class: 1829K(1856K)->1829K(1856K)
[758.163s][info][gc             ] GC(2156) Pause Young (Allocation Failure) 655M->546M(869M) 3.058ms
[758.163s][info][gc,cpu         ] GC(2156) User=0.01s Sys=0.00s Real=0.00s
[758.427s][info][gc,start       ] GC(2157) Pause Young (Allocation Failure)
[758.429s][info][gc,heap        ] GC(2157) PSYoungGen: 111680K(222720K)->192K(222720K) Eden: 111616K(111616K)->0K(111616K) From: 64K(111104K)->192K(111104K)
[758.429s][info][gc,heap        ] GC(2157) ParOldGen: 559593K(667648K)->559625K(667648K)
[758.430s][info][gc,metaspace   ] GC(2157) Metaspace: 18999K(19136K)->18999K(19136K) NonClass: 17170K(17280K)->17170K(17280K) Class: 1829K(1856K)->1829K(1856K)
[758.430s][info][gc             ] GC(2157) Pause Young (Allocation Failure) 655M->546M(869M) 2.829ms
[758.430s][info][gc,cpu         ] GC(2157) User=0.01s Sys=0.00s Real=0.00s
[758.629s][info][gc,start       ] GC(2158) Pause Young (Allocation Failure)
[758.649s][info][gc,heap        ] GC(2158) PSYoungGen: 111808K(222720K)->22832K(222720K) Eden: 111616K(111616K)->0K(111616K) From: 192K(111104K)->22832K(111104K)
[758.649s][info][gc,heap        ] GC(2158) ParOldGen: 559625K(667648K)->559793K(667648K)
[758.649s][info][gc,metaspace   ] GC(2158) Metaspace: 19008K(19136K)->19008K(19136K) NonClass: 17179K(17280K)->17179K(17280K) Class: 1829K(1856K)->1829K(1856K)
[758.649s][info][gc             ] GC(2158) Pause Young (Allocation Failure) 655M->568M(869M) 20.778ms
[758.649s][info][gc,cpu         ] GC(2158) User=0.04s Sys=0.00s Real=0.02s
[758.716s][info][gc,start       ] GC(2159) Pause Young (Allocation Failure)
[758.766s][info][gc,heap        ] GC(2159) PSYoungGen: 134448K(222720K)->43072K(222720K) Eden: 111616K(111616K)->0K(111616K) From: 22832K(111104K)->43072K(111104K)
[758.766s][info][gc,heap        ] GC(2159) ParOldGen: 559793K(667648K)->582809K(667648K)
[758.766s][info][gc,metaspace   ] GC(2159) Metaspace: 19008K(19136K)->19008K(19136K) NonClass: 17179K(17280K)->17179K(17280K) Class: 1829K(1856K)->1829K(1856K)
[758.766s][info][gc             ] GC(2159) Pause Young (Allocation Failure) 677M->611M(869M) 50.309ms
[758.766s][info][gc,cpu         ] GC(2159) User=0.10s Sys=0.00s Real=0.05s
[758.833s][info][gc,start       ] GC(2160) Pause Young (Allocation Failure)
[758.893s][info][gc,heap        ] GC(2160) PSYoungGen: 154688K(222720K)->42336K(222720K) Eden: 111616K(111616K)->0K(111616K) From: 43072K(111104K)->42336K(111104K)
[758.893s][info][gc,heap        ] GC(2160) ParOldGen: 582809K(667648K)->626385K(667648K)
[758.893s][info][gc,metaspace   ] GC(2160) Metaspace: 19008K(19136K)->19008K(19136K) NonClass: 17179K(17280K)->17179K(17280K) Class: 1829K(1856K)->1829K(1856K)
[758.893s][info][gc             ] GC(2160) Pause Young (Allocation Failure) 720M->653M(869M) 59.895ms
[758.893s][info][gc,cpu         ] GC(2160) User=0.12s Sys=0.00s Real=0.06s
[758.964s][info][gc,start       ] GC(2161) Pause Full (Allocation Failure)
[758.964s][info][gc,phases,start] GC(2161) Marking Phase
[759.344s][info][gc,phases      ] GC(2161) Marking Phase 380.225ms
[759.344s][info][gc,phases,start] GC(2161) Summary Phase
[759.344s][info][gc,phases      ] GC(2161) Summary Phase 0.030ms
[759.344s][info][gc,phases,start] GC(2161) Forward
[759.470s][info][gc,phases      ] GC(2161) Forward 126.047ms
[759.471s][info][gc,phases,start] GC(2161) Adjust Pointers
[759.758s][info][gc,phases      ] GC(2161) Adjust Pointers 287.302ms
[759.758s][info][gc,phases,start] GC(2161) Compaction Phase
[759.924s][info][gc,phases      ] GC(2161) Compaction Phase 166.044ms
[759.932s][info][gc,phases,start] GC(2161) Post Compact
[759.935s][info][gc,phases      ] GC(2161) Post Compact 2.279ms
[759.935s][info][gc,heap        ] GC(2161) PSYoungGen: 153952K(222720K)->0K(222720K) Eden: 111616K(111616K)->0K(111616K) From: 42336K(111104K)->0K(111104K)
[759.935s][info][gc,heap        ] GC(2161) ParOldGen: 626385K(667648K)->540476K(667648K)
[759.935s][info][gc,metaspace   ] GC(2161) Metaspace: 19009K(19136K)->19009K(19136K) NonClass: 17180K(17280K)->17180K(17280K) Class: 1829K(1856K)->1829K(1856K)
[759.935s][info][gc             ] GC(2161) Pause Full (Allocation Failure) 762M->527M(869M) 970.670ms
[759.935s][info][gc,cpu         ] GC(2161) User=1.83s Sys=0.00s Real=0.98s
[760.116s][info][gc,start       ] GC(2162) Pause Young (Allocation Failure)
[760.150s][info][gc,heap        ] GC(2162) PSYoungGen: 111616K(222720K)->35654K(212480K) Eden: 111616K(111616K)->0K(111616K) From: 0K(111104K)->35654K(100864K)
[760.150s][info][gc,heap        ] GC(2162) ParOldGen: 540476K(667648K)->540476K(667648K)
[760.150s][info][gc,metaspace   ] GC(2162) Metaspace: 19016K(19136K)->19016K(19136K) NonClass: 17186K(17280K)->17186K(17280K) Class: 1829K(1856K)->1829K(1856K)
[760.150s][info][gc             ] GC(2162) Pause Young (Allocation Failure) 636M->562M(859M) 33.709ms
[760.150s][info][gc,cpu         ] GC(2162) User=0.07s Sys=0.01s Real=0.03s
[760.320s][info][gc,start       ] GC(2163) Pause Young (Allocation Failure)
[760.375s][info][gc,heap        ] GC(2163) PSYoungGen: 147270K(212480K)->67254K(217600K) Eden: 111616K(111616K)->0K(111616K) From: 35654K(100864K)->67254K(105984K)
[760.375s][info][gc,heap        ] GC(2163) ParOldGen: 540476K(667648K)->540476K(667648K)
[760.375s][info][gc,metaspace   ] GC(2163) Metaspace: 19020K(19200K)->19020K(19200K) NonClass: 17191K(17344K)->17191K(17344K) Class: 1829K(1856K)->1829K(1856K)
[760.375s][info][gc             ] GC(2163) Pause Young (Allocation Failure) 671M->593M(864M) 54.687ms
[760.375s][info][gc,cpu         ] GC(2163) User=0.10s Sys=0.00s Real=0.06s
[760.516s][info][gc,start       ] GC(2164) Pause Young (Allocation Failure)
[760.602s][info][gc,heap        ] GC(2164) PSYoungGen: 178870K(217600K)->84405K(222720K) Eden: 111616K(111616K)->0K(111616K) From: 67254K(105984K)->84405K(111104K)
[760.602s][info][gc,heap        ] GC(2164) ParOldGen: 540476K(667648K)->540476K(667648K)
[760.602s][info][gc,metaspace   ] GC(2164) Metaspace: 19029K(19200K)->19029K(19200K) NonClass: 17200K(17344K)->17200K(17344K) Class: 1829K(1856K)->1829K(1856K)
[760.602s][info][gc             ] GC(2164) Pause Young (Allocation Failure) 702M->610M(869M) 86.258ms
[760.602s][info][gc,cpu         ] GC(2164) User=0.17s Sys=0.00s Real=0.08s
[760.712s][info][gc,start       ] GC(2165) Pause Young (Allocation Failure)
[760.811s][info][gc,heap        ] GC(2165) PSYoungGen: 196021K(222720K)->18848K(222720K) Eden: 111616K(111616K)->0K(111616K) From: 84405K(111104K)->18848K(111104K)
[760.811s][info][gc,heap        ] GC(2165) ParOldGen: 540476K(667648K)->608334K(667648K)
[760.811s][info][gc,metaspace   ] GC(2165) Metaspace: 19029K(19200K)->19029K(19200K) NonClass: 17200K(17344K)->17200K(17344K) Class: 1829K(1856K)->1829K(1856K)
[760.811s][info][gc             ] GC(2165) Pause Young (Allocation Failure) 719M->612M(869M) 99.432ms
[760.811s][info][gc,cpu         ] GC(2165) User=0.20s Sys=0.00s Real=0.10s
[760.968s][info][gc,start       ] GC(2166) Pause Full (Allocation Failure)
[760.968s][info][gc,phases,start] GC(2166) Marking Phase
[761.307s][info][gc,phases      ] GC(2166) Marking Phase 338.998ms
[761.307s][info][gc,phases,start] GC(2166) Summary Phase
[761.307s][info][gc,phases      ] GC(2166) Summary Phase 0.032ms
[761.307s][info][gc,phases,start] GC(2166) Forward
[761.417s][info][gc,phases      ] GC(2166) Forward 110.072ms
[761.417s][info][gc,phases,start] GC(2166) Adjust Pointers
[761.683s][info][gc,phases      ] GC(2166) Adjust Pointers 265.536ms
[761.683s][info][gc,phases,start] GC(2166) Compaction Phase
[761.832s][info][gc,phases      ] GC(2166) Compaction Phase 149.453ms
[761.845s][info][gc,phases,start] GC(2166) Post Compact
[761.847s][info][gc,phases      ] GC(2166) Post Compact 2.239ms
[761.848s][info][gc,heap        ] GC(2166) PSYoungGen: 130054K(222720K)->0K(222720K) Eden: 111206K(111616K)->0K(111616K) From: 18848K(111104K)->0K(111104K)
[761.848s][info][gc,heap        ] GC(2166) ParOldGen: 608334K(667648K)->482969K(667648K)
[761.848s][info][gc,metaspace   ] GC(2166) Metaspace: 19029K(19200K)->19029K(19200K) NonClass: 17200K(17344K)->17200K(17344K) Class: 1829K(1856K)->1829K(1856K)
[761.848s][info][gc             ] GC(2166) Pause Full (Allocation Failure) 721M->471M(869M) 879.625ms
[761.848s][info][gc,cpu         ] GC(2166) User=1.65s Sys=0.00s Real=0.88s
[762.010s][info][gc,start       ] GC(2167) Pause Young (Allocation Failure)
[762.033s][info][gc,heap        ] GC(2167) PSYoungGen: 111616K(222720K)->9120K(222720K) Eden: 111616K(111616K)->0K(111616K) From: 0K(111104K)->9120K(111104K)
[762.033s][info][gc,heap        ] GC(2167) ParOldGen: 482969K(667648K)->482969K(667648K)
[762.033s][info][gc,metaspace   ] GC(2167) Metaspace: 19029K(19200K)->19029K(19200K) NonClass: 17200K(17344K)->17200K(17344K) Class: 1829K(1856K)->1829K(1856K)
[762.033s][info][gc             ] GC(2167) Pause Young (Allocation Failure) 580M->480M(869M) 23.127ms
[762.033s][info][gc,cpu         ] GC(2167) User=0.04s Sys=0.00s Real=0.02s
[762.187s][info][gc,start       ] GC(2168) Pause Young (Allocation Failure)
[762.204s][info][gc,heap        ] GC(2168) PSYoungGen: 120736K(222720K)->64K(222720K) Eden: 111616K(111616K)->0K(111616K) From: 9120K(111104K)->64K(111104K)
[762.204s][info][gc,heap        ] GC(2168) ParOldGen: 482969K(667648K)->492073K(667648K)
[762.204s][info][gc,metaspace   ] GC(2168) Metaspace: 19029K(19200K)->19029K(19200K) NonClass: 17200K(17344K)->17200K(17344K) Class: 1829K(1856K)->1829K(1856K)
[762.204s][info][gc             ] GC(2168) Pause Young (Allocation Failure) 589M->480M(869M) 17.526ms
[762.204s][info][gc,cpu         ] GC(2168) User=0.03s Sys=0.00s Real=0.01s
[762.357s][info][gc,start       ] GC(2169) Pause Young (Allocation Failure)
[762.359s][info][gc,heap        ] GC(2169) PSYoungGen: 111680K(222720K)->64K(222720K) Eden: 111616K(111616K)->0K(111616K) From: 64K(111104K)->64K(111104K)
[762.359s][info][gc,heap        ] GC(2169) ParOldGen: 492073K(667648K)->492073K(667648K)
[762.359s][info][gc,metaspace   ] GC(2169) Metaspace: 19029K(19200K)->19029K(19200K) NonClass: 17200K(17344K)->17200K(17344K) Class: 1829K(1856K)->1829K(1856K)
[762.359s][info][gc             ] GC(2169) Pause Young (Allocation Failure) 589M->480M(869M) 1.824ms
[762.359s][info][gc,cpu         ] GC(2169) User=0.00s Sys=0.00s Real=0.00s
[762.511s][info][gc,start       ] GC(2170) Pause Young (Allocation Failure)
[762.513s][info][gc,heap        ] GC(2170) PSYoungGen: 111680K(222720K)->64K(217600K) Eden: 111616K(111616K)->0K(111616K) From: 64K(111104K)->64K(105984K)
[762.513s][info][gc,heap        ] GC(2170) ParOldGen: 492073K(667648K)->492073K(667648K)
[762.513s][info][gc,metaspace   ] GC(2170) Metaspace: 19029K(19200K)->19029K(19200K) NonClass: 17200K(17344K)->17200K(17344K) Class: 1829K(1856K)->1829K(1856K)
[762.513s][info][gc             ] GC(2170) Pause Young (Allocation Failure) 589M->480M(864M) 1.910ms
[762.513s][info][gc,cpu         ] GC(2170) User=0.01s Sys=0.00s Real=0.00s
[762.668s][info][gc,start       ] GC(2171) Pause Young (Allocation Failure)
[762.670s][info][gc,heap        ] GC(2171) PSYoungGen: 111680K(217600K)->64K(220160K) Eden: 111616K(111616K)->0K(111616K) From: 64K(105984K)->64K(108544K)
[762.670s][info][gc,heap        ] GC(2171) ParOldGen: 492073K(667648K)->492073K(667648K)
[762.670s][info][gc,metaspace   ] GC(2171) Metaspace: 19029K(19200K)->19029K(19200K) NonClass: 17200K(17344K)->17200K(17344K) Class: 1829K(1856K)->1829K(1856K)
[762.670s][info][gc             ] GC(2171) Pause Young (Allocation Failure) 589M->480M(867M) 1.827ms
[762.670s][info][gc,cpu         ] GC(2171) User=0.00s Sys=0.00s Real=0.00s
[762.825s][info][gc,start       ] GC(2172) Pause Young (Allocation Failure)
[762.827s][info][gc,heap        ] GC(2172) PSYoungGen: 111680K(220160K)->64K(212480K) Eden: 111616K(111616K)->0K(115200K) From: 64K(108544K)->64K(97280K)
[762.827s][info][gc,heap        ] GC(2172) ParOldGen: 492073K(667648K)->492073K(667648K)
[762.827s][info][gc,metaspace   ] GC(2172) Metaspace: 19029K(19200K)->19029K(19200K) NonClass: 17200K(17344K)->17200K(17344K) Class: 1829K(1856K)->1829K(1856K)
[762.827s][info][gc             ] GC(2172) Pause Young (Allocation Failure) 589M->480M(859M) 2.312ms
[762.827s][info][gc,cpu         ] GC(2172) User=0.00s Sys=0.00s Real=0.01s
[762.986s][info][gc,start       ] GC(2173) Pause Young (Allocation Failure)
[762.988s][info][gc,heap        ] GC(2173) PSYoungGen: 115264K(212480K)->64K(115712K) Eden: 115200K(115200K)->0K(115200K) From: 64K(97280K)->64K(512K)
[762.988s][info][gc,heap        ] GC(2173) ParOldGen: 492073K(667648K)->492073K(667648K)
[762.988s][info][gc,metaspace   ] GC(2173) Metaspace: 19029K(19200K)->19029K(19200K) NonClass: 17200K(17344K)->17200K(17344K) Class: 1829K(1856K)->1829K(1856K)
[762.988s][info][gc             ] GC(2173) Pause Young (Allocation Failure) 593M->480M(765M) 2.322ms
[762.988s][info][gc,cpu         ] GC(2173) User=0.00s Sys=0.01s Real=0.00s
[763.146s][info][gc,start       ] GC(2174) Pause Young (Allocation Failure)
[763.149s][info][gc,heap        ] GC(2174) PSYoungGen: 115264K(115712K)->64K(205824K) Eden: 115200K(115200K)->0K(117760K) From: 64K(512K)->64K(88064K)
[763.149s][info][gc,heap        ] GC(2174) ParOldGen: 492073K(667648K)->492073K(667648K)
[763.149s][info][gc,metaspace   ] GC(2174) Metaspace: 19029K(19200K)->19029K(19200K) NonClass: 17200K(17344K)->17200K(17344K) Class: 1829K(1856K)->1829K(1856K)
[763.149s][info][gc             ] GC(2174) Pause Young (Allocation Failure) 593M->480M(853M) 2.728ms
[763.149s][info][gc,cpu         ] GC(2174) User=0.00s Sys=0.00s Real=0.00s
[763.310s][info][gc,start       ] GC(2175) Pause Young (Allocation Failure)
[763.312s][info][gc,heap        ] GC(2175) PSYoungGen: 117824K(205824K)->64K(118272K) Eden: 117760K(117760K)->0K(117760K) From: 64K(88064K)->64K(512K)
[763.312s][info][gc,heap        ] GC(2175) ParOldGen: 492073K(667648K)->492073K(667648K)
[763.313s][info][gc,metaspace   ] GC(2175) Metaspace: 19029K(19200K)->19029K(19200K) NonClass: 17200K(17344K)->17200K(17344K) Class: 1829K(1856K)->1829K(1856K)
[763.313s][info][gc             ] GC(2175) Pause Young (Allocation Failure) 595M->480M(767M) 2.571ms
[763.313s][info][gc,cpu         ] GC(2175) User=0.00s Sys=0.00s Real=0.00s
[763.474s][info][gc,start       ] GC(2176) Pause Young (Allocation Failure)
[763.477s][info][gc,heap        ] GC(2176) PSYoungGen: 117824K(118272K)->64K(198144K) Eden: 117760K(117760K)->0K(119296K) From: 64K(512K)->64K(78848K)
[763.477s][info][gc,heap        ] GC(2176) ParOldGen: 492073K(667648K)->492073K(667648K)
[763.477s][info][gc,metaspace   ] GC(2176) Metaspace: 19029K(19200K)->19029K(19200K) NonClass: 17200K(17344K)->17200K(17344K) Class: 1829K(1856K)->1829K(1856K)
[763.477s][info][gc             ] GC(2176) Pause Young (Allocation Failure) 595M->480M(845M) 2.877ms
[763.477s][info][gc,cpu         ] GC(2176) User=0.00s Sys=0.00s Real=0.01s
[763.618s][info][gc,start       ] GC(2177) Pause Young (Allocation Failure)
[763.633s][info][gc,heap        ] GC(2177) PSYoungGen: 119360K(198144K)->10944K(130560K) Eden: 119296K(119296K)->0K(119296K) From: 64K(78848K)->10944K(11264K)
[763.633s][info][gc,heap        ] GC(2177) ParOldGen: 492073K(667648K)->492073K(667648K)
[763.633s][info][gc,metaspace   ] GC(2177) Metaspace: 19030K(19200K)->19030K(19200K) NonClass: 17201K(17344K)->17201K(17344K) Class: 1829K(1856K)->1829K(1856K)
[763.633s][info][gc             ] GC(2177) Pause Young (Allocation Failure) 597M->491M(779M) 15.762ms
[763.633s][info][gc,cpu         ] GC(2177) User=0.03s Sys=0.00s Real=0.01s
[763.743s][info][gc,start       ] GC(2178) Pause Young (Allocation Failure)
[763.771s][info][gc,heap        ] GC(2178) PSYoungGen: 130240K(130560K)->25600K(198656K) Eden: 119296K(119296K)->0K(123392K) From: 10944K(11264K)->25600K(75264K)
[763.772s][info][gc,heap        ] GC(2178) ParOldGen: 492073K(667648K)->492073K(667648K)
[763.772s][info][gc,metaspace   ] GC(2178) Metaspace: 19030K(19200K)->19030K(19200K) NonClass: 17201K(17344K)->17201K(17344K) Class: 1829K(1856K)->1829K(1856K)
[763.772s][info][gc             ] GC(2178) Pause Young (Allocation Failure) 607M->505M(846M) 28.304ms
[763.772s][info][gc,cpu         ] GC(2178) User=0.05s Sys=0.00s Real=0.03s
[763.868s][info][gc,start       ] GC(2179) Pause Young (Allocation Failure)
[763.903s][info][gc,heap        ] GC(2179) PSYoungGen: 148992K(198656K)->33056K(199168K) Eden: 123392K(123392K)->0K(123392K) From: 25600K(75264K)->33056K(75776K)
[763.903s][info][gc,heap        ] GC(2179) ParOldGen: 492073K(667648K)->492073K(667648K)
[763.903s][info][gc,metaspace   ] GC(2179) Metaspace: 19030K(19200K)->19030K(19200K) NonClass: 17201K(17344K)->17201K(17344K) Class: 1829K(1856K)->1829K(1856K)
[763.903s][info][gc             ] GC(2179) Pause Young (Allocation Failure) 626M->512M(846M) 35.316ms
[763.903s][info][gc,cpu         ] GC(2179) User=0.07s Sys=0.00s Real=0.03s
[764.015s][info][gc,start       ] GC(2180) Pause Young (Allocation Failure)
[764.055s][info][gc,heap        ] GC(2180) PSYoungGen: 156448K(199168K)->33760K(205824K) Eden: 123392K(123392K)->0K(129536K) From: 33056K(75776K)->33760K(76288K)
[764.055s][info][gc,heap        ] GC(2180) ParOldGen: 492073K(667648K)->492073K(667648K)
[764.055s][info][gc,metaspace   ] GC(2180) Metaspace: 19030K(19200K)->19030K(19200K) NonClass: 17201K(17344K)->17201K(17344K) Class: 1829K(1856K)->1829K(1856K)
[764.055s][info][gc             ] GC(2180) Pause Young (Allocation Failure) 633M->513M(853M) 39.807ms
[764.055s][info][gc,cpu         ] GC(2180) User=0.07s Sys=0.00s Real=0.04s
[764.167s][info][gc,start       ] GC(2181) Pause Young (Allocation Failure)
[764.204s][info][gc,heap        ] GC(2181) PSYoungGen: 163296K(205824K)->35264K(205824K) Eden: 129536K(129536K)->0K(129536K) From: 33760K(76288K)->35264K(76288K)
[764.204s][info][gc,heap        ] GC(2181) ParOldGen: 492073K(667648K)->492073K(667648K)
[764.204s][info][gc,metaspace   ] GC(2181) Metaspace: 19030K(19200K)->19030K(19200K) NonClass: 17201K(17344K)->17201K(17344K) Class: 1829K(1856K)->1829K(1856K)
[764.204s][info][gc             ] GC(2181) Pause Young (Allocation Failure) 640M->514M(853M) 37.269ms
[764.204s][info][gc,cpu         ] GC(2181) User=0.07s Sys=0.00s Real=0.03s
[764.347s][info][gc,start       ] GC(2182) Pause Young (Allocation Failure)
[764.389s][info][gc,heap        ] GC(2182) PSYoungGen: 164800K(205824K)->40320K(212480K) Eden: 129536K(129536K)->0K(135680K) From: 35264K(76288K)->40320K(76800K)
[764.389s][info][gc,heap        ] GC(2182) ParOldGen: 492073K(667648K)->492073K(667648K)
[764.389s][info][gc,metaspace   ] GC(2182) Metaspace: 19031K(19200K)->19031K(19200K) NonClass: 17201K(17344K)->17201K(17344K) Class: 1829K(1856K)->1829K(1856K)
[764.389s][info][gc             ] GC(2182) Pause Young (Allocation Failure) 641M->519M(859M) 41.766ms
[764.389s][info][gc,cpu         ] GC(2182) User=0.08s Sys=0.00s Real=0.04s
[764.556s][info][gc,start       ] GC(2183) Pause Young (Allocation Failure)
[764.601s][info][gc,heap        ] GC(2183) PSYoungGen: 176000K(212480K)->43968K(214016K) Eden: 135680K(135680K)->0K(135680K) From: 40320K(76800K)->43968K(78336K)
[764.601s][info][gc,heap        ] GC(2183) ParOldGen: 492073K(667648K)->492073K(667648K)
[764.601s][info][gc,metaspace   ] GC(2183) Metaspace: 19032K(19200K)->19032K(19200K) NonClass: 17202K(17344K)->17202K(17344K) Class: 1829K(1856K)->1829K(1856K)
[764.601s][info][gc             ] GC(2183) Pause Young (Allocation Failure) 652M->523M(861M) 45.830ms
[764.601s][info][gc,cpu         ] GC(2183) User=0.09s Sys=0.00s Real=0.04s
[764.892s][info][gc,start       ] GC(2184) Pause Young (Allocation Failure)
[764.937s][info][gc,heap        ] GC(2184) PSYoungGen: 179648K(214016K)->44000K(223744K) Eden: 135680K(135680K)->0K(142848K) From: 43968K(78336K)->44000K(80896K)
[764.937s][info][gc,heap        ] GC(2184) ParOldGen: 492073K(667648K)->492073K(667648K)
[764.937s][info][gc,metaspace   ] GC(2184) Metaspace: 19036K(19200K)->19036K(19200K) NonClass: 17207K(17344K)->17207K(17344K) Class: 1829K(1856K)->1829K(1856K)
[764.937s][info][gc             ] GC(2184) Pause Young (Allocation Failure) 655M->523M(870M) 45.151ms
[764.937s][info][gc,cpu         ] GC(2184) User=0.09s Sys=0.00s Real=0.05s
[765.191s][info][gc,start       ] GC(2185) Pause Young (Allocation Failure)
[765.240s][info][gc,heap        ] GC(2185) PSYoungGen: 186848K(223744K)->44128K(225280K) Eden: 142848K(142848K)->0K(142848K) From: 44000K(80896K)->44128K(82432K)
[765.240s][info][gc,heap        ] GC(2185) ParOldGen: 492073K(667648K)->492073K(667648K)
[765.240s][info][gc,metaspace   ] GC(2185) Metaspace: 19037K(19200K)->19037K(19200K) NonClass: 17207K(17344K)->17207K(17344K) Class: 1829K(1856K)->1829K(1856K)
[765.240s][info][gc             ] GC(2185) Pause Young (Allocation Failure) 663M->523M(872M) 48.702ms
[765.240s][info][gc,cpu         ] GC(2185) User=0.10s Sys=0.01s Real=0.05s
[765.480s][info][gc,start       ] GC(2186) Pause Young (Allocation Failure)
[765.527s][info][gc,heap        ] GC(2186) PSYoungGen: 186976K(225280K)->44160K(233984K) Eden: 142848K(142848K)->0K(150528K) From: 44128K(82432K)->44160K(83456K)
[765.527s][info][gc,heap        ] GC(2186) ParOldGen: 492073K(667648K)->492073K(667648K)
[765.527s][info][gc,metaspace   ] GC(2186) Metaspace: 19037K(19200K)->19037K(19200K) NonClass: 17208K(17344K)->17208K(17344K) Class: 1829K(1856K)->1829K(1856K)
[765.527s][info][gc             ] GC(2186) Pause Young (Allocation Failure) 663M->523M(880M) 47.835ms
[765.527s][info][gc,cpu         ] GC(2186) User=0.09s Sys=0.00s Real=0.05s
[765.801s][info][gc,start       ] GC(2187) Pause Young (Allocation Failure)
[765.847s][info][gc,heap        ] GC(2187) PSYoungGen: 194688K(233984K)->44192K(234496K) Eden: 150528K(150528K)->0K(150528K) From: 44160K(83456K)->44192K(83968K)
[765.847s][info][gc,heap        ] GC(2187) ParOldGen: 492073K(667648K)->492073K(667648K)
[765.847s][info][gc,metaspace   ] GC(2187) Metaspace: 19043K(19200K)->19043K(19200K) NonClass: 17214K(17344K)->17214K(17344K) Class: 1829K(1856K)->1829K(1856K)
[765.847s][info][gc             ] GC(2187) Pause Young (Allocation Failure) 670M->523M(881M) 45.450ms
[765.847s][info][gc,cpu         ] GC(2187) User=0.09s Sys=0.00s Real=0.05s
[766.046s][info][gc,start       ] GC(2188) Pause Young (Allocation Failure)
[766.116s][info][gc,heap        ] GC(2188) PSYoungGen: 194720K(234496K)->58208K(238592K) Eden: 150528K(150528K)->0K(154624K) From: 44192K(83968K)->58208K(83968K)
[766.116s][info][gc,heap        ] GC(2188) ParOldGen: 492073K(667648K)->492073K(667648K)
[766.116s][info][gc,metaspace   ] GC(2188) Metaspace: 19046K(19200K)->19046K(19200K) NonClass: 17216K(17344K)->17216K(17344K) Class: 1829K(1856K)->1829K(1856K)
[766.116s][info][gc             ] GC(2188) Pause Young (Allocation Failure) 670M->537M(885M) 70.118ms
[766.116s][info][gc,cpu         ] GC(2188) User=0.12s Sys=0.02s Real=0.07s
[766.294s][info][gc,start       ] GC(2189) Pause Young (Allocation Failure)
[766.353s][info][gc,heap        ] GC(2189) PSYoungGen: 212832K(238592K)->58240K(212992K) Eden: 154624K(154624K)->0K(154624K) From: 58208K(83968K)->58240K(58368K)
[766.353s][info][gc,heap        ] GC(2189) ParOldGen: 492073K(667648K)->492073K(667648K)
[766.353s][info][gc,metaspace   ] GC(2189) Metaspace: 19049K(19200K)->19049K(19200K) NonClass: 17220K(17344K)->17220K(17344K) Class: 1829K(1856K)->1829K(1856K)
[766.353s][info][gc             ] GC(2189) Pause Young (Allocation Failure) 688M->537M(860M) 58.876ms
[766.353s][info][gc,cpu         ] GC(2189) User=0.12s Sys=0.00s Real=0.06s
[766.469s][info][gc,start       ] GC(2190) Pause Young (Allocation Failure)
[766.579s][info][gc,heap        ] GC(2190) PSYoungGen: 212864K(212992K)->92144K(203776K) Eden: 154624K(154624K)->0K(111616K) From: 58240K(58368K)->92144K(92160K)
[766.579s][info][gc,heap        ] GC(2190) ParOldGen: 492073K(667648K)->503905K(667648K)
[766.579s][info][gc,metaspace   ] GC(2190) Metaspace: 19057K(19200K)->19057K(19200K) NonClass: 17228K(17344K)->17228K(17344K) Class: 1829K(1856K)->1829K(1856K)
[766.579s][info][gc             ] GC(2190) Pause Young (Allocation Failure) 688M->582M(851M) 109.694ms
[766.579s][info][gc,cpu         ] GC(2190) User=0.18s Sys=0.03s Real=0.11s
[766.754s][info][gc,start       ] GC(2191) Pause Young (Allocation Failure)
[766.846s][info][gc,heap        ] GC(2191) PSYoungGen: 203760K(203776K)->92704K(222720K) Eden: 111616K(111616K)->0K(111616K) From: 92144K(92160K)->92704K(111104K)
[766.846s][info][gc,heap        ] GC(2191) ParOldGen: 503905K(667648K)->514865K(667648K)
[766.846s][info][gc,metaspace   ] GC(2191) Metaspace: 19057K(19200K)->19057K(19200K) NonClass: 17228K(17344K)->17228K(17344K) Class: 1829K(1856K)->1829K(1856K)
[766.846s][info][gc             ] GC(2191) Pause Young (Allocation Failure) 691M->593M(869M) 91.253ms
[766.846s][info][gc,cpu         ] GC(2191) User=0.18s Sys=0.00s Real=0.10s
[767.002s][info][gc,start       ] GC(2192) Pause Young (Allocation Failure)
[767.111s][info][gc,heap        ] GC(2192) PSYoungGen: 204320K(222720K)->85120K(222720K) Eden: 111616K(111616K)->0K(111616K) From: 92704K(111104K)->85120K(111104K)
[767.111s][info][gc,heap        ] GC(2192) ParOldGen: 514865K(667648K)->537033K(667648K)
[767.111s][info][gc,metaspace   ] GC(2192) Metaspace: 19057K(19200K)->19057K(19200K) NonClass: 17228K(17344K)->17228K(17344K) Class: 1829K(1856K)->1829K(1856K)
[767.111s][info][gc             ] GC(2192) Pause Young (Allocation Failure) 702M->607M(869M) 109.366ms
[767.111s][info][gc,cpu         ] GC(2192) User=0.22s Sys=0.00s Real=0.11s
[767.263s][info][gc,start       ] GC(2193) Pause Young (Allocation Failure)
[767.351s][info][gc,heap        ] GC(2193) PSYoungGen: 196736K(222720K)->82912K(222720K) Eden: 111616K(111616K)->0K(111616K) From: 85120K(111104K)->82912K(111104K)
[767.351s][info][gc,heap        ] GC(2193) ParOldGen: 537033K(667648K)->539281K(667648K)
[767.351s][info][gc,metaspace   ] GC(2193) Metaspace: 19057K(19200K)->19057K(19200K) NonClass: 17228K(17344K)->17228K(17344K) Class: 1829K(1856K)->1829K(1856K)
[767.351s][info][gc             ] GC(2193) Pause Young (Allocation Failure) 716M->607M(869M) 87.606ms
[767.351s][info][gc,cpu         ] GC(2193) User=0.17s Sys=0.00s Real=0.09s
[767.501s][info][gc,start       ] GC(2194) Pause Young (Allocation Failure)
[767.586s][info][gc,heap        ] GC(2194) PSYoungGen: 194528K(222720K)->74208K(222720K) Eden: 111616K(111616K)->0K(111616K) From: 82912K(111104K)->74208K(111104K)
[767.586s][info][gc,heap        ] GC(2194) ParOldGen: 539281K(667648K)->548009K(667648K)
[767.587s][info][gc,metaspace   ] GC(2194) Metaspace: 19057K(19200K)->19057K(19200K) NonClass: 17228K(17344K)->17228K(17344K) Class: 1829K(1856K)->1829K(1856K)
[767.587s][info][gc             ] GC(2194) Pause Young (Allocation Failure) 716M->607M(869M) 85.146ms
[767.587s][info][gc,cpu         ] GC(2194) User=0.17s Sys=0.00s Real=0.09s
[767.741s][info][gc,start       ] GC(2195) Pause Young (Allocation Failure)
[767.815s][info][gc,heap        ] GC(2195) PSYoungGen: 185824K(222720K)->74016K(222720K) Eden: 111616K(111616K)->0K(111616K) From: 74208K(111104K)->74016K(111104K)
[767.815s][info][gc,heap        ] GC(2195) ParOldGen: 548009K(667648K)->548191K(667648K)
[767.815s][info][gc,metaspace   ] GC(2195) Metaspace: 19057K(19200K)->19057K(19200K) NonClass: 17228K(17344K)->17228K(17344K) Class: 1829K(1856K)->1829K(1856K)
[767.815s][info][gc             ] GC(2195) Pause Young (Allocation Failure) 716M->607M(869M) 74.619ms
[767.815s][info][gc,cpu         ] GC(2195) User=0.15s Sys=0.00s Real=0.08s
[767.968s][info][gc,start       ] GC(2196) Pause Young (Allocation Failure)
[768.041s][info][gc,heap        ] GC(2196) PSYoungGen: 185632K(222720K)->73984K(222720K) Eden: 111616K(111616K)->0K(111616K) From: 74016K(111104K)->73984K(111104K)
[768.041s][info][gc,heap        ] GC(2196) ParOldGen: 548191K(667648K)->548239K(667648K)
[768.041s][info][gc,metaspace   ] GC(2196) Metaspace: 19057K(19200K)->19057K(19200K) NonClass: 17228K(17344K)->17228K(17344K) Class: 1829K(1856K)->1829K(1856K)
[768.041s][info][gc             ] GC(2196) Pause Young (Allocation Failure) 716M->607M(869M) 72.999ms
[768.041s][info][gc,cpu         ] GC(2196) User=0.15s Sys=0.00s Real=0.07s
[768.194s][info][gc,start       ] GC(2197) Pause Young (Allocation Failure)
[768.266s][info][gc,heap        ] GC(2197) PSYoungGen: 185600K(222720K)->59936K(222720K) Eden: 111616K(111616K)->0K(111616K) From: 73984K(111104K)->59936K(111104K)
[768.266s][info][gc,heap        ] GC(2197) ParOldGen: 548239K(667648K)->562343K(667648K)
[768.266s][info][gc,metaspace   ] GC(2197) Metaspace: 19057K(19200K)->19057K(19200K) NonClass: 17228K(17344K)->17228K(17344K) Class: 1829K(1856K)->1829K(1856K)
[768.266s][info][gc             ] GC(2197) Pause Young (Allocation Failure) 716M->607M(869M) 72.068ms
[768.266s][info][gc,cpu         ] GC(2197) User=0.14s Sys=0.00s Real=0.08s
[768.394s][info][gc,start       ] GC(2198) Pause Young (Allocation Failure)
[768.476s][info][gc,heap        ] GC(2198) PSYoungGen: 171552K(222720K)->30368K(222720K) Eden: 111616K(111616K)->0K(111616K) From: 59936K(111104K)->30368K(111104K)
[768.476s][info][gc,heap        ] GC(2198) ParOldGen: 562343K(667648K)->608222K(667648K)
[768.477s][info][gc,metaspace   ] GC(2198) Metaspace: 19057K(19200K)->19057K(19200K) NonClass: 17228K(17344K)->17228K(17344K) Class: 1829K(1856K)->1829K(1856K)
[768.477s][info][gc             ] GC(2198) Pause Young (Allocation Failure) 716M->623M(869M) 82.384ms
[768.477s][info][gc,cpu         ] GC(2198) User=0.16s Sys=0.00s Real=0.09s
[768.590s][info][gc,start       ] GC(2199) Pause Young (Allocation Failure)
[768.649s][info][gc,heap        ] GC(2199) PSYoungGen: 141984K(222720K)->29696K(222720K) Eden: 111616K(111616K)->0K(111616K) From: 30368K(111104K)->29696K(111104K)
[768.649s][info][gc,heap        ] GC(2199) ParOldGen: 608222K(667648K)->622774K(667648K)
[768.649s][info][gc,metaspace   ] GC(2199) Metaspace: 19057K(19200K)->19057K(19200K) NonClass: 17228K(17344K)->17228K(17344K) Class: 1829K(1856K)->1829K(1856K)
[768.649s][info][gc             ] GC(2199) Pause Young (Allocation Failure) 732M->637M(869M) 59.106ms
[768.649s][info][gc,cpu         ] GC(2199) User=0.11s Sys=0.00s Real=0.06s
[768.742s][info][gc,start       ] GC(2200) Pause Full (Allocation Failure)
[768.742s][info][gc,phases,start] GC(2200) Marking Phase
[769.149s][info][gc,phases      ] GC(2200) Marking Phase 406.322ms
[769.149s][info][gc,phases,start] GC(2200) Summary Phase
[769.149s][info][gc,phases      ] GC(2200) Summary Phase 0.030ms
[769.149s][info][gc,phases,start] GC(2200) Forward
[769.185s][info][gc,phases      ] GC(2200) Forward 36.087ms
[769.185s][info][gc,phases,start] GC(2200) Adjust Pointers
[769.462s][info][gc,phases      ] GC(2200) Adjust Pointers 277.529ms
[769.462s][info][gc,phases,start] GC(2200) Compaction Phase
[769.588s][info][gc,phases      ] GC(2200) Compaction Phase 125.115ms
[769.591s][info][gc,phases,start] GC(2200) Post Compact
[769.594s][info][gc,phases      ] GC(2200) Post Compact 2.259ms
[769.594s][info][gc,heap        ] GC(2200) PSYoungGen: 141312K(222720K)->0K(222720K) Eden: 111616K(111616K)->0K(111616K) From: 29696K(111104K)->0K(111104K)
[769.594s][info][gc,heap        ] GC(2200) ParOldGen: 622774K(667648K)->530895K(667648K)
[769.594s][info][gc,metaspace   ] GC(2200) Metaspace: 19057K(19200K)->19057K(19200K) NonClass: 17228K(17344K)->17228K(17344K) Class: 1829K(1856K)->1829K(1856K)
[769.594s][info][gc             ] GC(2200) Pause Full (Allocation Failure) 746M->518M(869M) 851.453ms
[769.594s][info][gc,cpu         ] GC(2200) User=1.65s Sys=0.01s Real=0.85s
[769.702s][info][gc,start       ] GC(2201) Pause Young (Allocation Failure)
[769.728s][info][gc,heap        ] GC(2201) PSYoungGen: 111616K(222720K)->18784K(222720K) Eden: 111616K(111616K)->0K(111616K) From: 0K(111104K)->18784K(111104K)
[769.728s][info][gc,heap        ] GC(2201) ParOldGen: 530895K(667648K)->530895K(667648K)
[769.728s][info][gc,metaspace   ] GC(2201) Metaspace: 19057K(19200K)->19057K(19200K) NonClass: 17228K(17344K)->17228K(17344K) Class: 1829K(1856K)->1829K(1856K)
[769.728s][info][gc             ] GC(2201) Pause Young (Allocation Failure) 627M->536M(869M) 26.291ms
[769.728s][info][gc,cpu         ] GC(2201) User=0.05s Sys=0.00s Real=0.03s
[769.843s][info][gc,start       ] GC(2202) Pause Young (Allocation Failure)
[769.878s][info][gc,heap        ] GC(2202) PSYoungGen: 130400K(222720K)->30112K(222720K) Eden: 111616K(111616K)->0K(111616K) From: 18784K(111104K)->30112K(111104K)
[769.879s][info][gc,heap        ] GC(2202) ParOldGen: 530895K(667648K)->530895K(667648K)
[769.879s][info][gc,metaspace   ] GC(2202) Metaspace: 19057K(19200K)->19057K(19200K) NonClass: 17228K(17344K)->17228K(17344K) Class: 1829K(1856K)->1829K(1856K)
[769.879s][info][gc             ] GC(2202) Pause Young (Allocation Failure) 645M->547M(869M) 35.382ms
[769.879s][info][gc,cpu         ] GC(2202) User=0.07s Sys=0.00s Real=0.04s
[769.947s][info][gc,start       ] GC(2203) Pause Young (Allocation Failure)
[769.983s][info][gc,heap        ] GC(2203) PSYoungGen: 141728K(222720K)->33792K(222720K) Eden: 111616K(111616K)->0K(111616K) From: 30112K(111104K)->33792K(111104K)
[769.983s][info][gc,heap        ] GC(2203) ParOldGen: 530895K(667648K)->530895K(667648K)
[769.983s][info][gc,metaspace   ] GC(2203) Metaspace: 19057K(19200K)->19057K(19200K) NonClass: 17228K(17344K)->17228K(17344K) Class: 1829K(1856K)->1829K(1856K)
[769.983s][info][gc             ] GC(2203) Pause Young (Allocation Failure) 656M->551M(869M) 36.253ms
[769.983s][info][gc,cpu         ] GC(2203) User=0.08s Sys=0.00s Real=0.03s
[770.069s][info][gc,start       ] GC(2204) Pause Young (Allocation Failure)
[770.109s][info][gc,heap        ] GC(2204) PSYoungGen: 145408K(222720K)->6304K(222720K) Eden: 111616K(111616K)->0K(111616K) From: 33792K(111104K)->6304K(111104K)
[770.109s][info][gc,heap        ] GC(2204) ParOldGen: 530895K(667648K)->561095K(667648K)
[770.109s][info][gc,metaspace   ] GC(2204) Metaspace: 19057K(19200K)->19057K(19200K) NonClass: 17228K(17344K)->17228K(17344K) Class: 1829K(1856K)->1829K(1856K)
[770.109s][info][gc             ] GC(2204) Pause Young (Allocation Failure) 660M->554M(869M) 39.978ms
[770.109s][info][gc,cpu         ] GC(2204) User=0.07s Sys=0.00s Real=0.04s
[770.193s][info][gc,start       ] GC(2205) Pause Young (Allocation Failure)
[770.219s][info][gc,heap        ] GC(2205) PSYoungGen: 117920K(222720K)->9536K(222720K) Eden: 111616K(111616K)->0K(111616K) From: 6304K(111104K)->9536K(111104K)
[770.219s][info][gc,heap        ] GC(2205) ParOldGen: 561095K(667648K)->567391K(667648K)
[770.219s][info][gc,metaspace   ] GC(2205) Metaspace: 19057K(19200K)->19057K(19200K) NonClass: 17228K(17344K)->17228K(17344K) Class: 1829K(1856K)->1829K(1856K)
[770.219s][info][gc             ] GC(2205) Pause Young (Allocation Failure) 663M->563M(869M) 26.416ms
[770.219s][info][gc,cpu         ] GC(2205) User=0.05s Sys=0.00s Real=0.03s
[770.302s][info][gc,start       ] GC(2206) Pause Young (Allocation Failure)
[770.328s][info][gc,heap        ] GC(2206) PSYoungGen: 121152K(222720K)->20512K(215552K) Eden: 111616K(111616K)->0K(111616K) From: 9536K(111104K)->20512K(103936K)
[770.328s][info][gc,heap        ] GC(2206) ParOldGen: 567391K(667648K)->567391K(667648K)
[770.328s][info][gc,metaspace   ] GC(2206) Metaspace: 19057K(19200K)->19057K(19200K) NonClass: 17228K(17344K)->17228K(17344K) Class: 1829K(1856K)->1829K(1856K)
[770.329s][info][gc             ] GC(2206) Pause Young (Allocation Failure) 672M->574M(862M) 26.602ms
[770.329s][info][gc,cpu         ] GC(2206) User=0.05s Sys=0.00s Real=0.03s
[770.405s][info][gc,start       ] GC(2207) Pause Young (Allocation Failure)
[770.440s][info][gc,heap        ] GC(2207) PSYoungGen: 132128K(215552K)->27520K(219136K) Eden: 111616K(111616K)->0K(111616K) From: 20512K(103936K)->27520K(107520K)
[770.440s][info][gc,heap        ] GC(2207) ParOldGen: 567391K(667648K)->567391K(667648K)
[770.440s][info][gc,metaspace   ] GC(2207) Metaspace: 19057K(19200K)->19057K(19200K) NonClass: 17228K(17344K)->17228K(17344K) Class: 1829K(1856K)->1829K(1856K)
[770.440s][info][gc             ] GC(2207) Pause Young (Allocation Failure) 683M->580M(866M) 34.516ms
[770.440s][info][gc,cpu         ] GC(2207) User=0.07s Sys=0.00s Real=0.03s
[770.498s][info][gc,start       ] GC(2208) Pause Young (Allocation Failure)
[770.534s][info][gc,heap        ] GC(2208) PSYoungGen: 139136K(219136K)->29632K(212992K) Eden: 111616K(111616K)->0K(121856K) From: 27520K(107520K)->29632K(91136K)
[770.534s][info][gc,heap        ] GC(2208) ParOldGen: 567391K(667648K)->567391K(667648K)
[770.534s][info][gc,metaspace   ] GC(2208) Metaspace: 19057K(19200K)->19057K(19200K) NonClass: 17228K(17344K)->17228K(17344K) Class: 1829K(1856K)->1829K(1856K)
[770.534s][info][gc             ] GC(2208) Pause Young (Allocation Failure) 689M->583M(860M) 35.932ms
[770.534s][info][gc,cpu         ] GC(2208) User=0.07s Sys=0.00s Real=0.03s
[770.628s][info][gc,start       ] GC(2209) Pause Young (Allocation Failure)
[770.666s][info][gc,heap        ] GC(2209) PSYoungGen: 151488K(212992K)->33856K(218624K) Eden: 121856K(121856K)->0K(121856K) From: 29632K(91136K)->33856K(96768K)
[770.666s][info][gc,heap        ] GC(2209) ParOldGen: 567391K(667648K)->567391K(667648K)
[770.666s][info][gc,metaspace   ] GC(2209) Metaspace: 19057K(19200K)->19057K(19200K) NonClass: 17228K(17344K)->17228K(17344K) Class: 1829K(1856K)->1829K(1856K)
[770.666s][info][gc             ] GC(2209) Pause Young (Allocation Failure) 702M->587M(865M) 37.956ms
[770.666s][info][gc,cpu         ] GC(2209) User=0.08s Sys=0.00s Real=0.04s
[770.742s][info][gc,start       ] GC(2210) Pause Young (Allocation Failure)
[770.783s][info][gc,heap        ] GC(2210) PSYoungGen: 155712K(218624K)->36608K(215040K) Eden: 121856K(121856K)->0K(133632K) From: 33856K(96768K)->36608K(81408K)
[770.783s][info][gc,heap        ] GC(2210) ParOldGen: 567391K(667648K)->567391K(667648K)
[770.783s][info][gc,metaspace   ] GC(2210) Metaspace: 19057K(19200K)->19057K(19200K) NonClass: 17228K(17344K)->17228K(17344K) Class: 1829K(1856K)->1829K(1856K)
[770.783s][info][gc             ] GC(2210) Pause Young (Allocation Failure) 706M->589M(862M) 41.077ms
[770.783s][info][gc,cpu         ] GC(2210) User=0.08s Sys=0.00s Real=0.04s
[770.884s][info][gc,start       ] GC(2211) Pause Young (Allocation Failure)
[770.925s][info][gc,heap        ] GC(2211) PSYoungGen: 170240K(215040K)->36736K(219648K) Eden: 133632K(133632K)->0K(133632K) From: 36608K(81408K)->36736K(86016K)
[770.925s][info][gc,heap        ] GC(2211) ParOldGen: 567391K(667648K)->567391K(667648K)
[770.925s][info][gc,metaspace   ] GC(2211) Metaspace: 19057K(19200K)->19057K(19200K) NonClass: 17228K(17344K)->17228K(17344K) Class: 1829K(1856K)->1829K(1856K)
[770.925s][info][gc             ] GC(2211) Pause Young (Allocation Failure) 720M->589M(866M) 40.765ms
[770.925s][info][gc,cpu         ] GC(2211) User=0.08s Sys=0.00s Real=0.05s
[771.053s][info][gc,start       ] GC(2212) Pause Young (Allocation Failure)
[771.107s][info][gc,heap        ] GC(2212) PSYoungGen: 170368K(219648K)->49408K(227328K) Eden: 133632K(133632K)->0K(145920K) From: 36736K(86016K)->49408K(81408K)
[771.107s][info][gc,heap        ] GC(2212) ParOldGen: 567391K(667648K)->567391K(667648K)
[771.107s][info][gc,metaspace   ] GC(2212) Metaspace: 19057K(19200K)->19057K(19200K) NonClass: 17228K(17344K)->17228K(17344K) Class: 1829K(1856K)->1829K(1856K)
[771.107s][info][gc             ] GC(2212) Pause Young (Allocation Failure) 720M->602M(874M) 53.223ms
[771.107s][info][gc,cpu         ] GC(2212) User=0.11s Sys=0.00s Real=0.06s
[771.455s][info][gc,start       ] GC(2213) Pause Young (Allocation Failure)
[771.524s][info][gc,heap        ] GC(2213) PSYoungGen: 195328K(227328K)->64656K(227840K) Eden: 145920K(145920K)->0K(145920K) From: 49408K(81408K)->64656K(81920K)
[771.524s][info][gc,heap        ] GC(2213) ParOldGen: 567391K(667648K)->567391K(667648K)
[771.524s][info][gc,metaspace   ] GC(2213) Metaspace: 19057K(19200K)->19057K(19200K) NonClass: 17228K(17344K)->17228K(17344K) Class: 1829K(1856K)->1829K(1856K)
[771.524s][info][gc             ] GC(2213) Pause Young (Allocation Failure) 744M->617M(874M) 69.160ms
[771.524s][info][gc,cpu         ] GC(2213) User=0.13s Sys=0.00s Real=0.06s
[771.724s][info][gc,start       ] GC(2214) Pause Young (Allocation Failure)
[771.808s][info][gc,heap        ] GC(2214) PSYoungGen: 210576K(227840K)->74128K(230912K) Eden: 145920K(145920K)->0K(143360K) From: 64656K(81920K)->74128K(87552K)
[771.809s][info][gc,heap        ] GC(2214) ParOldGen: 567391K(667648K)->567391K(667648K)
[771.809s][info][gc,metaspace   ] GC(2214) Metaspace: 19057K(19200K)->19057K(19200K) NonClass: 17228K(17344K)->17228K(17344K) Class: 1829K(1856K)->1829K(1856K)
[771.809s][info][gc             ] GC(2214) Pause Young (Allocation Failure) 759M->626M(877M) 84.446ms
[771.809s][info][gc,cpu         ] GC(2214) User=0.16s Sys=0.01s Real=0.09s
[772.165s][info][gc,start       ] GC(2215) Pause Young (Allocation Failure)
[772.243s][info][gc,heap        ] GC(2215) PSYoungGen: 217488K(230912K)->74384K(218112K) Eden: 143360K(143360K)->0K(143360K) From: 74128K(87552K)->74384K(74752K)
[772.243s][info][gc,heap        ] GC(2215) ParOldGen: 567391K(667648K)->567391K(667648K)
[772.243s][info][gc,metaspace   ] GC(2215) Metaspace: 19057K(19200K)->19057K(19200K) NonClass: 17228K(17344K)->17228K(17344K) Class: 1829K(1856K)->1829K(1856K)
[772.243s][info][gc             ] GC(2215) Pause Young (Allocation Failure) 766M->626M(865M) 78.316ms
[772.243s][info][gc,cpu         ] GC(2215) User=0.16s Sys=0.00s Real=0.07s
[772.703s][info][gc,start       ] GC(2216) Pause Young (Allocation Failure)
[772.791s][info][gc,heap        ] GC(2216) PSYoungGen: 217744K(218112K)->86392K(214016K) Eden: 143360K(143360K)->0K(112640K) From: 74384K(74752K)->86392K(101376K)
[772.791s][info][gc,heap        ] GC(2216) ParOldGen: 567391K(667648K)->567391K(667648K)
[772.791s][info][gc,metaspace   ] GC(2216) Metaspace: 19057K(19200K)->19057K(19200K) NonClass: 17228K(17344K)->17228K(17344K) Class: 1829K(1856K)->1829K(1856K)
[772.791s][info][gc             ] GC(2216) Pause Young (Allocation Failure) 766M->638M(861M) 88.514ms
[772.791s][info][gc,cpu         ] GC(2216) User=0.17s Sys=0.00s Real=0.09s
[772.888s][info][gc,start       ] GC(2217) Pause Young (Allocation Failure)
[773.008s][info][gc,heap        ] GC(2217) PSYoungGen: 199032K(214016K)->110560K(223232K) Eden: 112640K(112640K)->0K(112640K) From: 86392K(101376K)->110560K(110592K)
[773.008s][info][gc,heap        ] GC(2217) ParOldGen: 567391K(667648K)->582639K(667648K)
[773.008s][info][gc,metaspace   ] GC(2217) Metaspace: 19057K(19200K)->19057K(19200K) NonClass: 17228K(17344K)->17228K(17344K) Class: 1829K(1856K)->1829K(1856K)
[773.008s][info][gc             ] GC(2217) Pause Young (Allocation Failure) 748M->676M(870M) 120.313ms
[773.008s][info][gc,cpu         ] GC(2217) User=0.24s Sys=0.00s Real=0.12s
[773.132s][info][gc,start       ] GC(2218) Pause Young (Allocation Failure)
[773.274s][info][gc,heap        ] GC(2218) PSYoungGen: 223200K(223232K)->110584K(222208K) Eden: 112640K(112640K)->0K(111616K) From: 110560K(110592K)->110584K(110592K)
[773.274s][info][gc,heap        ] GC(2218) ParOldGen: 582639K(667648K)->614423K(667648K)
[773.275s][info][gc,metaspace   ] GC(2218) Metaspace: 19057K(19200K)->19057K(19200K) NonClass: 17228K(17344K)->17228K(17344K) Class: 1829K(1856K)->1829K(1856K)
[773.275s][info][gc             ] GC(2218) Pause Young (Allocation Failure) 786M->708M(869M) 142.620ms
[773.275s][info][gc,cpu         ] GC(2218) User=0.27s Sys=0.00s Real=0.14s
[773.450s][info][gc,start       ] GC(2219) Pause Young (Allocation Failure)
[773.562s][info][gc,heap        ] GC(2219) PSYoungGen: 222200K(222208K)->101849K(222720K) Eden: 111616K(111616K)->0K(111616K) From: 110584K(110592K)->101849K(111104K)
[773.563s][info][gc,heap        ] GC(2219) ParOldGen: 614423K(667648K)->623583K(667648K)
[773.563s][info][gc,metaspace   ] GC(2219) Metaspace: 19057K(19200K)->19057K(19200K) NonClass: 17228K(17344K)->17228K(17344K) Class: 1829K(1856K)->1829K(1856K)
[773.563s][info][gc             ] GC(2219) Pause Young (Allocation Failure) 817M->708M(869M) 112.227ms
[773.563s][info][gc,cpu         ] GC(2219) User=0.22s Sys=0.00s Real=0.11s
[773.725s][info][gc,start       ] GC(2220) Pause Young (Allocation Failure)
[773.828s][info][gc,heap        ] GC(2220) PSYoungGen: 213465K(222720K)->95097K(222720K) Eden: 111616K(111616K)->0K(111616K) From: 101849K(111104K)->95097K(111104K)
[773.828s][info][gc,heap        ] GC(2220) ParOldGen: 623583K(667648K)->630583K(667648K)
[773.828s][info][gc,metaspace   ] GC(2220) Metaspace: 19057K(19200K)->19057K(19200K) NonClass: 17228K(17344K)->17228K(17344K) Class: 1829K(1856K)->1829K(1856K)
[773.828s][info][gc             ] GC(2220) Pause Young (Allocation Failure) 817M->708M(869M) 103.078ms
[773.828s][info][gc,cpu         ] GC(2220) User=0.21s Sys=0.00s Real=0.10s
[773.992s][info][gc,start       ] GC(2221) Pause Full (Allocation Failure)
[773.992s][info][gc,phases,start] GC(2221) Marking Phase
[774.530s][info][gc,phases      ] GC(2221) Marking Phase 537.626ms
[774.530s][info][gc,phases,start] GC(2221) Summary Phase
[774.530s][info][gc,phases      ] GC(2221) Summary Phase 0.031ms
[774.530s][info][gc,phases,start] GC(2221) Forward
[774.668s][info][gc,phases      ] GC(2221) Forward 137.820ms
[774.668s][info][gc,phases,start] GC(2221) Adjust Pointers
[775.070s][info][gc,phases      ] GC(2221) Adjust Pointers 401.770ms
[775.070s][info][gc,phases,start] GC(2221) Compaction Phase
[775.332s][info][gc,phases      ] GC(2221) Compaction Phase 262.492ms
[775.345s][info][gc,phases,start] GC(2221) Post Compact
[775.348s][info][gc,phases      ] GC(2221) Post Compact 2.474ms
[775.348s][info][gc,heap        ] GC(2221) PSYoungGen: 206713K(222720K)->24169K(222720K) Eden: 111616K(111616K)->0K(111616K) From: 95097K(111104K)->24169K(111104K)
[775.348s][info][gc,heap        ] GC(2221) ParOldGen: 630583K(667648K)->667587K(667648K)
[775.348s][info][gc,metaspace   ] GC(2221) Metaspace: 19057K(19200K)->19057K(19200K) NonClass: 17228K(17344K)->17228K(17344K) Class: 1829K(1856K)->1829K(1856K)
[775.348s][info][gc             ] GC(2221) Pause Full (Allocation Failure) 817M->675M(869M) 1355.719ms
[775.348s][info][gc,cpu         ] GC(2221) User=2.65s Sys=0.00s Real=1.36s
[775.498s][info][gc,start       ] GC(2222) Pause Full (Allocation Failure)
[775.499s][info][gc,phases,start] GC(2222) Marking Phase
[776.037s][info][gc,phases      ] GC(2222) Marking Phase 538.273ms
[776.037s][info][gc,phases,start] GC(2222) Summary Phase
[776.037s][info][gc,phases      ] GC(2222) Summary Phase 0.031ms
[776.037s][info][gc,phases,start] GC(2222) Forward
[776.174s][info][gc,phases      ] GC(2222) Forward 136.856ms
[776.174s][info][gc,phases,start] GC(2222) Adjust Pointers
[776.578s][info][gc,phases      ] GC(2222) Adjust Pointers 404.550ms
[776.578s][info][gc,phases,start] GC(2222) Compaction Phase
[776.766s][info][gc,phases      ] GC(2222) Compaction Phase 187.898ms
[776.783s][info][gc,phases,start] GC(2222) Post Compact
[776.786s][info][gc,phases      ] GC(2222) Post Compact 2.373ms
[776.786s][info][gc,heap        ] GC(2222) PSYoungGen: 135785K(222720K)->24249K(222720K) Eden: 111616K(111616K)->24249K(111616K) From: 24169K(111104K)->0K(111104K)
[776.786s][info][gc,heap        ] GC(2222) ParOldGen: 667587K(667648K)->667647K(667648K)
[776.786s][info][gc,metaspace   ] GC(2222) Metaspace: 19057K(19200K)->19057K(19200K) NonClass: 17228K(17344K)->17228K(17344K) Class: 1829K(1856K)->1829K(1856K)
[776.786s][info][gc             ] GC(2222) Pause Full (Allocation Failure) 784M->675M(869M) 1287.196ms
[776.786s][info][gc,cpu         ] GC(2222) User=2.50s Sys=0.00s Real=1.29s
[776.907s][info][gc,start       ] GC(2223) Pause Full (Allocation Failure)
[776.907s][info][gc,phases,start] GC(2223) Marking Phase
[777.448s][info][gc,phases      ] GC(2223) Marking Phase 541.119ms
[777.448s][info][gc,phases,start] GC(2223) Summary Phase
[777.448s][info][gc,phases      ] GC(2223) Summary Phase 0.029ms
[777.448s][info][gc,phases,start] GC(2223) Forward
[777.472s][info][gc,phases      ] GC(2223) Forward 23.503ms
[777.472s][info][gc,phases,start] GC(2223) Adjust Pointers
[777.833s][info][gc,phases      ] GC(2223) Adjust Pointers 361.234ms
[777.833s][info][gc,phases,start] GC(2223) Compaction Phase
[777.982s][info][gc,phases      ] GC(2223) Compaction Phase 149.266ms
[777.982s][info][gc,phases,start] GC(2223) Post Compact
[777.985s][info][gc,phases      ] GC(2223) Post Compact 2.254ms
[777.985s][info][gc,heap        ] GC(2223) PSYoungGen: 111616K(222720K)->24864K(222720K) Eden: 111616K(111616K)->24864K(111616K) From: 0K(111104K)->0K(111104K)
[777.985s][info][gc,heap        ] GC(2223) ParOldGen: 667647K(667648K)->667645K(667648K)
[777.985s][info][gc,metaspace   ] GC(2223) Metaspace: 19058K(19200K)->19058K(19200K) NonClass: 17228K(17344K)->17228K(17344K) Class: 1829K(1856K)->1829K(1856K)
[777.985s][info][gc             ] GC(2223) Pause Full (Allocation Failure) 760M->676M(869M) 1077.914ms
[777.985s][info][gc,cpu         ] GC(2223) User=2.11s Sys=0.00s Real=1.08s
[778.054s][info][gc,start       ] GC(2224) Pause Full (Allocation Failure)
[778.054s][info][gc,phases,start] GC(2224) Marking Phase
[778.594s][info][gc,phases      ] GC(2224) Marking Phase 540.282ms
[778.594s][info][gc,phases,start] GC(2224) Summary Phase
[778.594s][info][gc,phases      ] GC(2224) Summary Phase 0.028ms
[778.594s][info][gc,phases,start] GC(2224) Forward
[778.605s][info][gc,phases      ] GC(2224) Forward 11.046ms
[778.605s][info][gc,phases,start] GC(2224) Adjust Pointers
[778.959s][info][gc,phases      ] GC(2224) Adjust Pointers 354.109ms
[778.959s][info][gc,phases,start] GC(2224) Compaction Phase
[779.103s][info][gc,phases      ] GC(2224) Compaction Phase 143.723ms
[779.103s][info][gc,phases,start] GC(2224) Post Compact
[779.105s][info][gc,phases      ] GC(2224) Post Compact 2.250ms
[779.105s][info][gc,heap        ] GC(2224) PSYoungGen: 111616K(222720K)->25742K(222720K) Eden: 111616K(111616K)->25742K(111616K) From: 0K(111104K)->0K(111104K)
[779.105s][info][gc,heap        ] GC(2224) ParOldGen: 667645K(667648K)->667645K(667648K)
[779.105s][info][gc,metaspace   ] GC(2224) Metaspace: 19058K(19200K)->19058K(19200K) NonClass: 17228K(17344K)->17228K(17344K) Class: 1829K(1856K)->1829K(1856K)
[779.105s][info][gc             ] GC(2224) Pause Full (Allocation Failure) 760M->677M(869M) 1051.909ms
[779.105s][info][gc,cpu         ] GC(2224) User=2.06s Sys=0.01s Real=1.06s
[779.172s][info][gc,start       ] GC(2225) Pause Full (Allocation Failure)
[779.172s][info][gc,phases,start] GC(2225) Marking Phase
[779.715s][info][gc,phases      ] GC(2225) Marking Phase 542.759ms
[779.715s][info][gc,phases,start] GC(2225) Summary Phase
[779.715s][info][gc,phases      ] GC(2225) Summary Phase 0.038ms
[779.715s][info][gc,phases,start] GC(2225) Forward
[779.726s][info][gc,phases      ] GC(2225) Forward 10.997ms
[779.726s][info][gc,phases,start] GC(2225) Adjust Pointers
[780.080s][info][gc,phases      ] GC(2225) Adjust Pointers 354.444ms
[780.080s][info][gc,phases,start] GC(2225) Compaction Phase
[780.224s][info][gc,phases      ] GC(2225) Compaction Phase 143.631ms
[780.224s][info][gc,phases,start] GC(2225) Post Compact
[780.226s][info][gc,phases      ] GC(2225) Post Compact 2.249ms
[780.226s][info][gc,heap        ] GC(2225) PSYoungGen: 111616K(222720K)->26255K(222720K) Eden: 111616K(111616K)->26255K(111616K) From: 0K(111104K)->0K(111104K)
[780.226s][info][gc,heap        ] GC(2225) ParOldGen: 667645K(667648K)->667645K(667648K)
[780.226s][info][gc,metaspace   ] GC(2225) Metaspace: 19058K(19200K)->19058K(19200K) NonClass: 17228K(17344K)->17228K(17344K) Class: 1829K(1856K)->1829K(1856K)
[780.226s][info][gc             ] GC(2225) Pause Full (Allocation Failure) 760M->677M(869M) 1054.601ms
[780.226s][info][gc,cpu         ] GC(2225) User=2.05s Sys=0.00s Real=1.06s
[780.317s][info][gc,start       ] GC(2226) Pause Full (Allocation Failure)
[780.317s][info][gc,phases,start] GC(2226) Marking Phase
[780.859s][info][gc,phases      ] GC(2226) Marking Phase 542.449ms
[780.859s][info][gc,phases,start] GC(2226) Summary Phase
[780.859s][info][gc,phases      ] GC(2226) Summary Phase 0.025ms
[780.859s][info][gc,phases,start] GC(2226) Forward
[780.871s][info][gc,phases      ] GC(2226) Forward 11.456ms
[780.871s][info][gc,phases,start] GC(2226) Adjust Pointers
[781.229s][info][gc,phases      ] GC(2226) Adjust Pointers 358.390ms
[781.229s][info][gc,phases,start] GC(2226) Compaction Phase
[781.374s][info][gc,phases      ] GC(2226) Compaction Phase 144.992ms
[781.374s][info][gc,phases,start] GC(2226) Post Compact
[781.377s][info][gc,phases      ] GC(2226) Post Compact 2.247ms
[781.377s][info][gc,heap        ] GC(2226) PSYoungGen: 111616K(222720K)->27178K(222720K) Eden: 111616K(111616K)->27178K(111616K) From: 0K(111104K)->0K(111104K)
[781.377s][info][gc,heap        ] GC(2226) ParOldGen: 667645K(667648K)->667645K(667648K)
[781.377s][info][gc,metaspace   ] GC(2226) Metaspace: 19058K(19200K)->19058K(19200K) NonClass: 17228K(17344K)->17228K(17344K) Class: 1829K(1856K)->1829K(1856K)
[781.377s][info][gc             ] GC(2226) Pause Full (Allocation Failure) 760M->678M(869M) 1060.038ms
[781.377s][info][gc,cpu         ] GC(2226) User=2.07s Sys=0.00s Real=1.06s
[781.542s][info][gc,start       ] GC(2227) Pause Full (Allocation Failure)
[781.542s][info][gc,phases,start] GC(2227) Marking Phase
[782.103s][info][gc,phases      ] GC(2227) Marking Phase 561.191ms
[782.103s][info][gc,phases,start] GC(2227) Summary Phase
[782.103s][info][gc,phases      ] GC(2227) Summary Phase 0.029ms
[782.103s][info][gc,phases,start] GC(2227) Forward
[782.243s][info][gc,phases      ] GC(2227) Forward 139.534ms
[782.243s][info][gc,phases,start] GC(2227) Adjust Pointers
[782.666s][info][gc,phases      ] GC(2227) Adjust Pointers 422.796ms
[782.666s][info][gc,phases,start] GC(2227) Compaction Phase
[782.876s][info][gc,phases      ] GC(2227) Compaction Phase 210.786ms
[782.893s][info][gc,phases,start] GC(2227) Post Compact
[782.896s][info][gc,phases      ] GC(2227) Post Compact 2.300ms
[782.896s][info][gc,heap        ] GC(2227) PSYoungGen: 111616K(222720K)->43536K(222720K) Eden: 111616K(111616K)->43536K(111616K) From: 0K(111104K)->0K(111104K)
[782.896s][info][gc,heap        ] GC(2227) ParOldGen: 667645K(667648K)->667564K(667648K)
[782.896s][info][gc,metaspace   ] GC(2227) Metaspace: 19058K(19200K)->19058K(19200K) NonClass: 17228K(17344K)->17228K(17344K) Class: 1829K(1856K)->1829K(1856K)
[782.896s][info][gc             ] GC(2227) Pause Full (Allocation Failure) 760M->694M(869M) 1354.047ms
[782.896s][info][gc,cpu         ] GC(2227) User=2.64s Sys=0.00s Real=1.36s
[783.056s][info][gc,start       ] GC(2228) Pause Full (Allocation Failure)
[783.057s][info][gc,phases,start] GC(2228) Marking Phase
[783.484s][info][gc,phases      ] GC(2228) Marking Phase 427.622ms
[783.484s][info][gc,phases,start] GC(2228) Summary Phase
[783.484s][info][gc,phases      ] GC(2228) Summary Phase 0.031ms
[783.484s][info][gc,phases,start] GC(2228) Forward
[783.606s][info][gc,phases      ] GC(2228) Forward 121.749ms
[783.606s][info][gc,phases,start] GC(2228) Adjust Pointers
[783.922s][info][gc,phases      ] GC(2228) Adjust Pointers 316.005ms
[783.922s][info][gc,phases,start] GC(2228) Compaction Phase
[784.102s][info][gc,phases      ] GC(2228) Compaction Phase 179.861ms
[784.115s][info][gc,phases,start] GC(2228) Post Compact
[784.117s][info][gc,phases      ] GC(2228) Post Compact 2.323ms
[784.118s][info][gc,heap        ] GC(2228) PSYoungGen: 111616K(222720K)->0K(222720K) Eden: 111616K(111616K)->0K(111616K) From: 0K(111104K)->0K(111104K)
[784.118s][info][gc,heap        ] GC(2228) ParOldGen: 667564K(667648K)->568536K(667648K)
[784.118s][info][gc,metaspace   ] GC(2228) Metaspace: 19058K(19200K)->19058K(19200K) NonClass: 17228K(17344K)->17228K(17344K) Class: 1829K(1856K)->1829K(1856K)
[784.118s][info][gc             ] GC(2228) Pause Full (Allocation Failure) 760M->555M(869M) 1061.125ms
[784.118s][info][gc,cpu         ] GC(2228) User=2.02s Sys=0.01s Real=1.06s
[784.258s][info][gc,start       ] GC(2229) Pause Young (Allocation Failure)
[784.284s][info][gc,heap        ] GC(2229) PSYoungGen: 111616K(222720K)->21088K(222720K) Eden: 111616K(111616K)->0K(111616K) From: 0K(111104K)->21088K(111104K)
[784.284s][info][gc,heap        ] GC(2229) ParOldGen: 568536K(667648K)->568536K(667648K)
[784.284s][info][gc,metaspace   ] GC(2229) Metaspace: 19058K(19200K)->19058K(19200K) NonClass: 17228K(17344K)->17228K(17344K) Class: 1829K(1856K)->1829K(1856K)
[784.284s][info][gc             ] GC(2229) Pause Young (Allocation Failure) 664M->575M(869M) 26.391ms
[784.284s][info][gc,cpu         ] GC(2229) User=0.05s Sys=0.00s Real=0.02s
[784.428s][info][gc,start       ] GC(2230) Pause Young (Allocation Failure)
[784.467s][info][gc,heap        ] GC(2230) PSYoungGen: 132704K(222720K)->34560K(222720K) Eden: 111616K(111616K)->0K(111616K) From: 21088K(111104K)->34560K(111104K)
[784.467s][info][gc,heap        ] GC(2230) ParOldGen: 568536K(667648K)->568536K(667648K)
[784.467s][info][gc,metaspace   ] GC(2230) Metaspace: 19058K(19200K)->19058K(19200K) NonClass: 17228K(17344K)->17228K(17344K) Class: 1829K(1856K)->1829K(1856K)
[784.467s][info][gc             ] GC(2230) Pause Young (Allocation Failure) 684M->588M(869M) 38.472ms
[784.467s][info][gc,cpu         ] GC(2230) User=0.08s Sys=0.00s Real=0.04s
[784.558s][info][gc,start       ] GC(2231) Pause Young (Allocation Failure)
[784.600s][info][gc,heap        ] GC(2231) PSYoungGen: 146176K(222720K)->38400K(222720K) Eden: 111616K(111616K)->0K(111616K) From: 34560K(111104K)->38400K(111104K)
[784.600s][info][gc,heap        ] GC(2231) ParOldGen: 568536K(667648K)->568536K(667648K)
[784.600s][info][gc,metaspace   ] GC(2231) Metaspace: 19058K(19200K)->19058K(19200K) NonClass: 17228K(17344K)->17228K(17344K) Class: 1829K(1856K)->1829K(1856K)
[784.600s][info][gc             ] GC(2231) Pause Young (Allocation Failure) 697M->592M(869M) 41.782ms
[784.600s][info][gc,cpu         ] GC(2231) User=0.08s Sys=0.00s Real=0.04s
[784.692s][info][gc,start       ] GC(2232) Pause Young (Allocation Failure)
[784.752s][info][gc,heap        ] GC(2232) PSYoungGen: 150016K(222720K)->55680K(222720K) Eden: 111616K(111616K)->0K(111616K) From: 38400K(111104K)->55680K(111104K)
[784.752s][info][gc,heap        ] GC(2232) ParOldGen: 568536K(667648K)->568536K(667648K)
[784.752s][info][gc,metaspace   ] GC(2232) Metaspace: 19058K(19200K)->19058K(19200K) NonClass: 17228K(17344K)->17228K(17344K) Class: 1829K(1856K)->1829K(1856K)
[784.752s][info][gc             ] GC(2232) Pause Young (Allocation Failure) 701M->609M(869M) 59.959ms
[784.752s][info][gc,cpu         ] GC(2232) User=0.12s Sys=0.00s Real=0.06s
[784.844s][info][gc,start       ] GC(2233) Pause Young (Allocation Failure)
[784.915s][info][gc,heap        ] GC(2233) PSYoungGen: 167296K(222720K)->65824K(222720K) Eden: 111616K(111616K)->0K(111616K) From: 55680K(111104K)->65824K(111104K)
[784.915s][info][gc,heap        ] GC(2233) ParOldGen: 568536K(667648K)->568536K(667648K)
[784.915s][info][gc,metaspace   ] GC(2233) Metaspace: 19058K(19200K)->19058K(19200K) NonClass: 17228K(17344K)->17228K(17344K) Class: 1829K(1856K)->1829K(1856K)
[784.915s][info][gc             ] GC(2233) Pause Young (Allocation Failure) 718M->619M(869M) 71.042ms
[784.915s][info][gc,cpu         ] GC(2233) User=0.14s Sys=0.00s Real=0.08s
[785.015s][info][gc,start       ] GC(2234) Pause Young (Allocation Failure)
[785.088s][info][gc,heap        ] GC(2234) PSYoungGen: 177440K(222720K)->31808K(222720K) Eden: 111616K(111616K)->0K(111616K) From: 65824K(111104K)->31808K(111104K)
[785.088s][info][gc,heap        ] GC(2234) ParOldGen: 568536K(667648K)->603160K(667648K)
[785.089s][info][gc,metaspace   ] GC(2234) Metaspace: 19058K(19200K)->19058K(19200K) NonClass: 17228K(17344K)->17228K(17344K) Class: 1829K(1856K)->1829K(1856K)
[785.089s][info][gc             ] GC(2234) Pause Young (Allocation Failure) 728M->620M(869M) 73.397ms
[785.089s][info][gc,cpu         ] GC(2234) User=0.15s Sys=0.00s Real=0.07s
[785.167s][info][gc,start       ] GC(2235) Pause Young (Allocation Failure)
[785.204s][info][gc,heap        ] GC(2235) PSYoungGen: 143424K(222720K)->10656K(222720K) Eden: 111616K(111616K)->0K(111616K) From: 31808K(111104K)->10656K(111104K)
[785.204s][info][gc,heap        ] GC(2235) ParOldGen: 603160K(667648K)->624360K(667648K)
[785.204s][info][gc,metaspace   ] GC(2235) Metaspace: 19058K(19200K)->19058K(19200K) NonClass: 17228K(17344K)->17228K(17344K) Class: 1829K(1856K)->1829K(1856K)
[785.204s][info][gc             ] GC(2235) Pause Young (Allocation Failure) 729M->620M(869M) 37.086ms
[785.204s][info][gc,cpu         ] GC(2235) User=0.08s Sys=0.00s Real=0.03s
[785.261s][info][gc,start       ] GC(2236) Pause Full (Allocation Failure)
[785.261s][info][gc,phases,start] GC(2236) Marking Phase
[785.748s][info][gc,phases      ] GC(2236) Marking Phase 487.761ms
[785.748s][info][gc,phases,start] GC(2236) Summary Phase
[785.748s][info][gc,phases      ] GC(2236) Summary Phase 0.026ms
[785.748s][info][gc,phases,start] GC(2236) Forward
[785.762s][info][gc,phases      ] GC(2236) Forward 14.047ms
[785.763s][info][gc,phases,start] GC(2236) Adjust Pointers
[786.080s][info][gc,phases      ] GC(2236) Adjust Pointers 317.668ms
[786.080s][info][gc,phases,start] GC(2236) Compaction Phase
[786.215s][info][gc,phases      ] GC(2236) Compaction Phase 134.852ms
[786.215s][info][gc,phases,start] GC(2236) Post Compact
[786.217s][info][gc,phases      ] GC(2236) Post Compact 2.180ms
[786.217s][info][gc,heap        ] GC(2236) PSYoungGen: 122272K(222720K)->0K(222720K) Eden: 111616K(111616K)->0K(111616K) From: 10656K(111104K)->0K(111104K)
[786.217s][info][gc,heap        ] GC(2236) ParOldGen: 624360K(667648K)->634754K(667648K)
[786.217s][info][gc,metaspace   ] GC(2236) Metaspace: 19058K(19200K)->19058K(19200K) NonClass: 17228K(17344K)->17228K(17344K) Class: 1829K(1856K)->1829K(1856K)
[786.218s][info][gc             ] GC(2236) Pause Full (Allocation Failure) 729M->619M(869M) 956.998ms
[786.218s][info][gc,cpu         ] GC(2236) User=1.88s Sys=0.00s Real=0.96s
[786.308s][info][gc,start       ] GC(2237) Pause Full (Allocation Failure)
[786.308s][info][gc,phases,start] GC(2237) Marking Phase
[786.800s][info][gc,phases      ] GC(2237) Marking Phase 491.491ms
[786.800s][info][gc,phases,start] GC(2237) Summary Phase
[786.800s][info][gc,phases      ] GC(2237) Summary Phase 0.027ms
[786.800s][info][gc,phases,start] GC(2237) Forward
[786.803s][info][gc,phases      ] GC(2237) Forward 3.225ms
[786.803s][info][gc,phases,start] GC(2237) Adjust Pointers
[787.119s][info][gc,phases      ] GC(2237) Adjust Pointers 315.801ms
[787.119s][info][gc,phases,start] GC(2237) Compaction Phase
[787.258s][info][gc,phases      ] GC(2237) Compaction Phase 139.306ms
[787.258s][info][gc,phases,start] GC(2237) Post Compact
[787.261s][info][gc,phases      ] GC(2237) Post Compact 2.177ms
[787.261s][info][gc,heap        ] GC(2237) PSYoungGen: 111616K(222720K)->0K(222720K) Eden: 111616K(111616K)->0K(111616K) From: 0K(111104K)->0K(111104K)
[787.261s][info][gc,heap        ] GC(2237) ParOldGen: 634754K(667648K)->635581K(667648K)
[787.261s][info][gc,metaspace   ] GC(2237) Metaspace: 19058K(19200K)->19058K(19200K) NonClass: 17228K(17344K)->17228K(17344K) Class: 1829K(1856K)->1829K(1856K)
[787.261s][info][gc             ] GC(2237) Pause Full (Allocation Failure) 728M->620M(869M) 952.558ms
[787.261s][info][gc,cpu         ] GC(2237) User=1.86s Sys=0.00s Real=0.95s
[787.390s][info][gc,start       ] GC(2238) Pause Full (Allocation Failure)
[787.390s][info][gc,phases,start] GC(2238) Marking Phase
[787.890s][info][gc,phases      ] GC(2238) Marking Phase 499.161ms
[787.890s][info][gc,phases,start] GC(2238) Summary Phase
[787.890s][info][gc,phases      ] GC(2238) Summary Phase 0.028ms
[787.890s][info][gc,phases,start] GC(2238) Forward
[787.893s][info][gc,phases      ] GC(2238) Forward 3.725ms
[787.893s][info][gc,phases,start] GC(2238) Adjust Pointers
[788.213s][info][gc,phases      ] GC(2238) Adjust Pointers 319.113ms
[788.213s][info][gc,phases,start] GC(2238) Compaction Phase
[788.353s][info][gc,phases      ] GC(2238) Compaction Phase 140.435ms
[788.353s][info][gc,phases,start] GC(2238) Post Compact
[788.355s][info][gc,phases      ] GC(2238) Post Compact 2.173ms
[788.355s][info][gc,heap        ] GC(2238) PSYoungGen: 111616K(222720K)->0K(222720K) Eden: 111616K(111616K)->0K(111616K) From: 0K(111104K)->0K(111104K)
[788.355s][info][gc,heap        ] GC(2238) ParOldGen: 635581K(667648K)->640414K(667648K)
[788.355s][info][gc,metaspace   ] GC(2238) Metaspace: 19058K(19200K)->19058K(19200K) NonClass: 17228K(17344K)->17228K(17344K) Class: 1829K(1856K)->1829K(1856K)
[788.355s][info][gc             ] GC(2238) Pause Full (Allocation Failure) 729M->625M(869M) 965.131ms
[788.355s][info][gc,cpu         ] GC(2238) User=1.89s Sys=0.00s Real=0.97s
[788.445s][info][gc,start       ] GC(2239) Pause Full (Allocation Failure)
[788.445s][info][gc,phases,start] GC(2239) Marking Phase
[788.943s][info][gc,phases      ] GC(2239) Marking Phase 498.354ms
[788.943s][info][gc,phases,start] GC(2239) Summary Phase
[788.943s][info][gc,phases      ] GC(2239) Summary Phase 0.027ms
[788.943s][info][gc,phases,start] GC(2239) Forward
[788.949s][info][gc,phases      ] GC(2239) Forward 5.281ms
[788.949s][info][gc,phases,start] GC(2239) Adjust Pointers
[789.268s][info][gc,phases      ] GC(2239) Adjust Pointers 319.688ms
[789.268s][info][gc,phases,start] GC(2239) Compaction Phase
[789.408s][info][gc,phases      ] GC(2239) Compaction Phase 139.206ms
[789.408s][info][gc,phases,start] GC(2239) Post Compact
[789.410s][info][gc,phases      ] GC(2239) Post Compact 2.196ms
[789.410s][info][gc,heap        ] GC(2239) PSYoungGen: 111616K(222720K)->0K(222720K) Eden: 111616K(111616K)->0K(111616K) From: 0K(111104K)->0K(111104K)
[789.410s][info][gc,heap        ] GC(2239) ParOldGen: 640414K(667648K)->642786K(667648K)
[789.410s][info][gc,metaspace   ] GC(2239) Metaspace: 19058K(19200K)->19058K(19200K) NonClass: 17228K(17344K)->17228K(17344K) Class: 1829K(1856K)->1829K(1856K)
[789.410s][info][gc             ] GC(2239) Pause Full (Allocation Failure) 734M->627M(869M) 965.214ms
[789.410s][info][gc,cpu         ] GC(2239) User=1.89s Sys=0.01s Real=0.96s
[789.873s][info][gc,start       ] GC(2240) Pause Full (Allocation Failure)
[789.873s][info][gc,phases,start] GC(2240) Marking Phase
[790.371s][info][gc,phases      ] GC(2240) Marking Phase 498.584ms
[790.372s][info][gc,phases,start] GC(2240) Summary Phase
[790.372s][info][gc,phases      ] GC(2240) Summary Phase 0.037ms
[790.372s][info][gc,phases,start] GC(2240) Forward
[790.373s][info][gc,phases      ] GC(2240) Forward 1.519ms
[790.373s][info][gc,phases,start] GC(2240) Adjust Pointers
[790.693s][info][gc,phases      ] GC(2240) Adjust Pointers 320.062ms
[790.693s][info][gc,phases,start] GC(2240) Compaction Phase
[790.836s][info][gc,phases      ] GC(2240) Compaction Phase 143.130ms
[790.836s][info][gc,phases,start] GC(2240) Post Compact
[790.839s][info][gc,phases      ] GC(2240) Post Compact 2.203ms
[790.839s][info][gc,heap        ] GC(2240) PSYoungGen: 111616K(222720K)->0K(222720K) Eden: 111616K(111616K)->0K(111616K) From: 0K(111104K)->0K(111104K)
[790.839s][info][gc,heap        ] GC(2240) ParOldGen: 642786K(667648K)->643358K(667648K)
[790.839s][info][gc,metaspace   ] GC(2240) Metaspace: 19061K(19200K)->19061K(19200K) NonClass: 17232K(17344K)->17232K(17344K) Class: 1829K(1856K)->1829K(1856K)
[790.839s][info][gc             ] GC(2240) Pause Full (Allocation Failure) 736M->628M(869M) 965.984ms
[790.839s][info][gc,cpu         ] GC(2240) User=1.89s Sys=0.00s Real=0.97s
[792.430s][info][gc,start       ] GC(2241) Pause Full (Allocation Failure)
[792.430s][info][gc,phases,start] GC(2241) Marking Phase
[792.930s][info][gc,phases      ] GC(2241) Marking Phase 500.673ms
[792.931s][info][gc,phases,start] GC(2241) Summary Phase
[792.931s][info][gc,phases      ] GC(2241) Summary Phase 0.029ms
[792.931s][info][gc,phases,start] GC(2241) Forward
[792.947s][info][gc,phases      ] GC(2241) Forward 16.609ms
[792.947s][info][gc,phases,start] GC(2241) Adjust Pointers
[793.271s][info][gc,phases      ] GC(2241) Adjust Pointers 323.874ms
[793.271s][info][gc,phases,start] GC(2241) Compaction Phase
[793.405s][info][gc,phases      ] GC(2241) Compaction Phase 133.247ms
[793.405s][info][gc,phases,start] GC(2241) Post Compact
[793.407s][info][gc,phases      ] GC(2241) Post Compact 2.173ms
[793.407s][info][gc,heap        ] GC(2241) PSYoungGen: 111616K(222720K)->0K(222720K) Eden: 111616K(111616K)->0K(111616K) From: 0K(111104K)->0K(111104K)
[793.407s][info][gc,heap        ] GC(2241) ParOldGen: 643358K(667648K)->643523K(667648K)
[793.407s][info][gc,metaspace   ] GC(2241) Metaspace: 19061K(19200K)->19061K(19200K) NonClass: 17232K(17344K)->17232K(17344K) Class: 1829K(1856K)->1829K(1856K)
[793.407s][info][gc             ] GC(2241) Pause Full (Allocation Failure) 737M->628M(869M) 977.140ms
[793.407s][info][gc,cpu         ] GC(2241) User=1.92s Sys=0.00s Real=0.98s
[794.066s][info][gc,start       ] GC(2242) Pause Full (Allocation Failure)
[794.066s][info][gc,phases,start] GC(2242) Marking Phase
[794.472s][info][gc,phases      ] GC(2242) Marking Phase 406.349ms
[794.472s][info][gc,phases,start] GC(2242) Summary Phase
[794.472s][info][gc,phases      ] GC(2242) Summary Phase 0.029ms
[794.472s][info][gc,phases,start] GC(2242) Forward
[794.543s][info][gc,phases      ] GC(2242) Forward 70.792ms
[794.543s][info][gc,phases,start] GC(2242) Adjust Pointers
[794.817s][info][gc,phases      ] GC(2242) Adjust Pointers 273.476ms
[794.817s][info][gc,phases,start] GC(2242) Compaction Phase
[794.960s][info][gc,phases      ] GC(2242) Compaction Phase 143.479ms
[794.963s][info][gc,phases,start] GC(2242) Post Compact
[794.966s][info][gc,phases      ] GC(2242) Post Compact 2.217ms
[794.966s][info][gc,heap        ] GC(2242) PSYoungGen: 111616K(222720K)->0K(222720K) Eden: 111616K(111616K)->0K(111616K) From: 0K(111104K)->0K(111104K)
[794.966s][info][gc,heap        ] GC(2242) ParOldGen: 643523K(667648K)->518335K(667648K)
[794.966s][info][gc,metaspace   ] GC(2242) Metaspace: 19061K(19200K)->19061K(19200K) NonClass: 17232K(17344K)->17232K(17344K) Class: 1829K(1856K)->1829K(1856K)
[794.966s][info][gc             ] GC(2242) Pause Full (Allocation Failure) 737M->506M(869M) 899.682ms
[794.966s][info][gc,cpu         ] GC(2242) User=1.73s Sys=0.00s Real=0.90s
[795.443s][info][gc,start       ] GC(2243) Pause Young (Allocation Failure)
[795.447s][info][gc,heap        ] GC(2243) PSYoungGen: 111616K(222720K)->1280K(222720K) Eden: 111616K(111616K)->0K(111616K) From: 0K(111104K)->1280K(111104K)
[795.447s][info][gc,heap        ] GC(2243) ParOldGen: 518335K(667648K)->518335K(667648K)
[795.447s][info][gc,metaspace   ] GC(2243) Metaspace: 19061K(19200K)->19061K(19200K) NonClass: 17232K(17344K)->17232K(17344K) Class: 1829K(1856K)->1829K(1856K)
[795.447s][info][gc             ] GC(2243) Pause Young (Allocation Failure) 615M->507M(869M) 3.602ms
[795.447s][info][gc,cpu         ] GC(2243) User=0.00s Sys=0.00s Real=0.01s
[796.111s][info][gc,start       ] GC(2244) Pause Young (Allocation Failure)
[796.115s][info][gc,heap        ] GC(2244) PSYoungGen: 112825K(222720K)->755K(222720K) Eden: 111545K(111616K)->0K(111616K) From: 1280K(111104K)->755K(111104K)
[796.115s][info][gc,heap        ] GC(2244) ParOldGen: 518335K(667648K)->519591K(667648K)
[796.115s][info][gc,metaspace   ] GC(2244) Metaspace: 19064K(19200K)->19064K(19200K) NonClass: 17235K(17344K)->17235K(17344K) Class: 1829K(1856K)->1829K(1856K)
[796.115s][info][gc             ] GC(2244) Pause Young (Allocation Failure) 616M->508M(869M) 4.265ms
[796.115s][info][gc,cpu         ] GC(2244) User=0.01s Sys=0.00s Real=0.01s
[796.415s][info][gc,start       ] GC(2245) Pause Young (Allocation Failure)
[796.418s][info][gc,heap        ] GC(2245) PSYoungGen: 112338K(222720K)->504K(222720K) Eden: 111582K(111616K)->0K(111616K) From: 755K(111104K)->504K(111104K)
[796.418s][info][gc,heap        ] GC(2245) ParOldGen: 519591K(667648K)->519999K(667648K)
[796.418s][info][gc,metaspace   ] GC(2245) Metaspace: 19064K(19200K)->19064K(19200K) NonClass: 17235K(17344K)->17235K(17344K) Class: 1829K(1856K)->1829K(1856K)
[796.418s][info][gc             ] GC(2245) Pause Young (Allocation Failure) 617M->508M(869M) 2.681ms
[796.418s][info][gc,cpu         ] GC(2245) User=0.00s Sys=0.00s Real=0.00s
[796.716s][info][gc,start       ] GC(2246) Pause Young (Allocation Failure)
[796.719s][info][gc,heap        ] GC(2246) PSYoungGen: 112118K(222720K)->488K(222720K) Eden: 111614K(111616K)->0K(111616K) From: 504K(111104K)->488K(111104K)
[796.719s][info][gc,heap        ] GC(2246) ParOldGen: 519999K(667648K)->520143K(667648K)
[796.719s][info][gc,metaspace   ] GC(2246) Metaspace: 19067K(19200K)->19067K(19200K) NonClass: 17237K(17344K)->17237K(17344K) Class: 1829K(1856K)->1829K(1856K)
[796.719s][info][gc             ] GC(2246) Pause Young (Allocation Failure) 617M->508M(869M) 3.232ms
[796.719s][info][gc,cpu         ] GC(2246) User=0.00s Sys=0.00s Real=0.00s
[796.975s][info][gc,start       ] GC(2247) Pause Young (Allocation Failure)
[796.986s][info][gc,heap        ] GC(2247) PSYoungGen: 112104K(222720K)->10144K(222720K) Eden: 111616K(111616K)->0K(111616K) From: 488K(111104K)->10144K(111104K)
[796.987s][info][gc,heap        ] GC(2247) ParOldGen: 520143K(667648K)->520255K(667648K)
[796.987s][info][gc,metaspace   ] GC(2247) Metaspace: 19070K(19200K)->19070K(19200K) NonClass: 17241K(17344K)->17241K(17344K) Class: 1829K(1856K)->1829K(1856K)
[796.987s][info][gc             ] GC(2247) Pause Young (Allocation Failure) 617M->517M(869M) 11.858ms
[796.987s][info][gc,cpu         ] GC(2247) User=0.03s Sys=0.00s Real=0.01s
[797.093s][info][gc,start       ] GC(2248) Pause Young (Allocation Failure)
[797.131s][info][gc,heap        ] GC(2248) PSYoungGen: 121760K(222720K)->32512K(222720K) Eden: 111616K(111616K)->0K(111616K) From: 10144K(111104K)->32512K(111104K)
[797.131s][info][gc,heap        ] GC(2248) ParOldGen: 520255K(667648K)->530451K(667648K)
[797.131s][info][gc,metaspace   ] GC(2248) Metaspace: 19073K(19200K)->19073K(19200K) NonClass: 17244K(17344K)->17244K(17344K) Class: 1829K(1856K)->1829K(1856K)
[797.131s][info][gc             ] GC(2248) Pause Young (Allocation Failure) 626M->549M(869M) 37.631ms
[797.131s][info][gc,cpu         ] GC(2248) User=0.07s Sys=0.00s Real=0.04s
[797.203s][info][gc,start       ] GC(2249) Pause Young (Allocation Failure)
[797.261s][info][gc,heap        ] GC(2249) PSYoungGen: 144128K(222720K)->39200K(221696K) Eden: 111616K(111616K)->0K(111616K) From: 32512K(111104K)->39200K(110080K)
[797.261s][info][gc,heap        ] GC(2249) ParOldGen: 530451K(667648K)->563096K(667648K)
[797.261s][info][gc,metaspace   ] GC(2249) Metaspace: 19073K(19200K)->19073K(19200K) NonClass: 17244K(17344K)->17244K(17344K) Class: 1829K(1856K)->1829K(1856K)
[797.261s][info][gc             ] GC(2249) Pause Young (Allocation Failure) 658M->588M(868M) 57.524ms
[797.261s][info][gc,cpu         ] GC(2249) User=0.12s Sys=0.00s Real=0.06s
[797.340s][info][gc,start       ] GC(2250) Pause Young (Allocation Failure)
[797.402s][info][gc,heap        ] GC(2250) PSYoungGen: 150816K(221696K)->84288K(222208K) Eden: 111616K(111616K)->0K(111616K) From: 39200K(110080K)->84288K(110592K)
[797.402s][info][gc,heap        ] GC(2250) ParOldGen: 563096K(667648K)->563096K(667648K)
[797.402s][info][gc,metaspace   ] GC(2250) Metaspace: 19073K(19200K)->19073K(19200K) NonClass: 17244K(17344K)->17244K(17344K) Class: 1829K(1856K)->1829K(1856K)
[797.402s][info][gc             ] GC(2250) Pause Young (Allocation Failure) 697M->632M(869M) 62.378ms
[797.402s][info][gc,cpu         ] GC(2250) User=0.13s Sys=0.00s Real=0.06s
[797.526s][info][gc,start       ] GC(2251) Pause Young (Allocation Failure)
[797.619s][info][gc,heap        ] GC(2251) PSYoungGen: 195904K(222208K)->45312K(222720K) Eden: 111616K(111616K)->0K(111616K) From: 84288K(110592K)->45312K(111104K)
[797.619s][info][gc,heap        ] GC(2251) ParOldGen: 563096K(667648K)->647937K(667648K)
[797.619s][info][gc,metaspace   ] GC(2251) Metaspace: 19073K(19200K)->19073K(19200K) NonClass: 17244K(17344K)->17244K(17344K) Class: 1829K(1856K)->1829K(1856K)
[797.619s][info][gc             ] GC(2251) Pause Young (Allocation Failure) 741M->677M(869M) 93.133ms
[797.619s][info][gc,cpu         ] GC(2251) User=0.19s Sys=0.00s Real=0.09s
[797.773s][info][gc,start       ] GC(2252) Pause Full (Allocation Failure)
[797.773s][info][gc,phases,start] GC(2252) Marking Phase
[797.918s][info][gc,phases      ] GC(2252) Marking Phase 145.441ms
[797.918s][info][gc,phases,start] GC(2252) Summary Phase
[797.918s][info][gc,phases      ] GC(2252) Summary Phase 0.029ms
[797.918s][info][gc,phases,start] GC(2252) Forward
[797.973s][info][gc,phases      ] GC(2252) Forward 54.289ms
[797.973s][info][gc,phases,start] GC(2252) Adjust Pointers
[798.077s][info][gc,phases      ] GC(2252) Adjust Pointers 104.451ms
[798.077s][info][gc,phases,start] GC(2252) Compaction Phase
[798.140s][info][gc,phases      ] GC(2252) Compaction Phase 62.404ms
[798.142s][info][gc,phases,start] GC(2252) Post Compact
[798.145s][info][gc,phases      ] GC(2252) Post Compact 2.366ms
[798.156s][info][gc,heap        ] GC(2252) PSYoungGen: 156928K(222720K)->0K(222720K) Eden: 111616K(111616K)->0K(111616K) From: 45312K(111104K)->0K(111104K)
[798.156s][info][gc,heap        ] GC(2252) ParOldGen: 647937K(667648K)->232936K(541696K)
[798.156s][info][gc,metaspace   ] GC(2252) Metaspace: 19073K(19200K)->19073K(19200K) NonClass: 17244K(17344K)->17244K(17344K) Class: 1829K(1856K)->1829K(1856K)
[798.156s][info][gc             ] GC(2252) Pause Full (Allocation Failure) 786M->227M(746M) 383.606ms
[798.156s][info][gc,cpu         ] GC(2252) User=0.67s Sys=0.01s Real=0.39s
[798.276s][info][gc,start       ] GC(2253) Pause Young (Allocation Failure)
[798.289s][info][gc,heap        ] GC(2253) PSYoungGen: 111616K(222720K)->2880K(222720K) Eden: 111616K(111616K)->0K(111616K) From: 0K(111104K)->2880K(111104K)
[798.289s][info][gc,heap        ] GC(2253) ParOldGen: 232936K(541696K)->232944K(541696K)
[798.289s][info][gc,metaspace   ] GC(2253) Metaspace: 19078K(19200K)->19078K(19200K) NonClass: 17249K(17344K)->17249K(17344K) Class: 1829K(1856K)->1829K(1856K)
[798.289s][info][gc             ] GC(2253) Pause Young (Allocation Failure) 336M->230M(746M) 13.105ms
[798.289s][info][gc,cpu         ] GC(2253) User=0.03s Sys=0.00s Real=0.01s
[798.568s][info][gc,start       ] GC(2254) Pause Young (Allocation Failure)
[798.616s][info][gc,heap        ] GC(2254) PSYoungGen: 114496K(222720K)->25051K(136704K) Eden: 111616K(111616K)->0K(111616K) From: 2880K(111104K)->25051K(25088K)
[798.616s][info][gc,heap        ] GC(2254) ParOldGen: 232944K(541696K)->235760K(541696K)
[798.616s][info][gc,metaspace   ] GC(2254) Metaspace: 19078K(19200K)->19078K(19200K) NonClass: 17249K(17344K)->17249K(17344K) Class: 1829K(1856K)->1829K(1856K)
[798.616s][info][gc             ] GC(2254) Pause Young (Allocation Failure) 339M->254M(662M) 48.456ms
[798.616s][info][gc,cpu         ] GC(2254) User=0.09s Sys=0.00s Real=0.05s
[798.762s][info][gc,start       ] GC(2255) Pause Young (Allocation Failure)
[798.809s][info][gc,heap        ] GC(2255) PSYoungGen: 136667K(136704K)->35826K(220160K) Eden: 111616K(111616K)->0K(118784K) From: 25051K(25088K)->35826K(101376K)
[798.809s][info][gc,heap        ] GC(2255) ParOldGen: 235760K(541696K)->235760K(541696K)
[798.809s][info][gc,metaspace   ] GC(2255) Metaspace: 19078K(19200K)->19078K(19200K) NonClass: 17249K(17344K)->17249K(17344K) Class: 1829K(1856K)->1829K(1856K)
[798.809s][info][gc             ] GC(2255) Pause Young (Allocation Failure) 363M->265M(744M) 46.816ms
[798.809s][info][gc,cpu         ] GC(2255) User=0.09s Sys=0.00s Real=0.05s
[798.930s][info][gc,start       ] GC(2256) Pause Young (Allocation Failure)
[798.983s][info][gc,heap        ] GC(2256) PSYoungGen: 154610K(220160K)->42706K(220160K) Eden: 118784K(118784K)->0K(118784K) From: 35826K(101376K)->42706K(101376K)
[798.983s][info][gc,heap        ] GC(2256) ParOldGen: 235760K(541696K)->235760K(541696K)
[798.983s][info][gc,metaspace   ] GC(2256) Metaspace: 19078K(19200K)->19078K(19200K) NonClass: 17249K(17344K)->17249K(17344K) Class: 1829K(1856K)->1829K(1856K)
[798.983s][info][gc             ] GC(2256) Pause Young (Allocation Failure) 381M->271M(744M) 53.305ms
[798.983s][info][gc,cpu         ] GC(2256) User=0.11s Sys=0.00s Real=0.05s
[799.084s][info][gc,start       ] GC(2257) Pause Young (Allocation Failure)
[799.152s][info][gc,heap        ] GC(2257) PSYoungGen: 161490K(220160K)->57490K(222208K) Eden: 118784K(118784K)->0K(124416K) From: 42706K(101376K)->57490K(97792K)
[799.152s][info][gc,heap        ] GC(2257) ParOldGen: 235760K(541696K)->235760K(541696K)
[799.152s][info][gc,metaspace   ] GC(2257) Metaspace: 19078K(19200K)->19078K(19200K) NonClass: 17249K(17344K)->17249K(17344K) Class: 1829K(1856K)->1829K(1856K)
[799.152s][info][gc             ] GC(2257) Pause Young (Allocation Failure) 387M->286M(746M) 68.292ms
[799.152s][info][gc,cpu         ] GC(2257) User=0.13s Sys=0.00s Real=0.07s
[799.235s][info][gc,start       ] GC(2258) Pause Young (Allocation Failure)
[799.326s][info][gc,heap        ] GC(2258) PSYoungGen: 181906K(222208K)->84331K(208896K) Eden: 124416K(124416K)->0K(124416K) From: 57490K(97792K)->84331K(84480K)
[799.326s][info][gc,heap        ] GC(2258) ParOldGen: 235760K(541696K)->235760K(541696K)
[799.326s][info][gc,metaspace   ] GC(2258) Metaspace: 19078K(19200K)->19078K(19200K) NonClass: 17249K(17344K)->17249K(17344K) Class: 1829K(1856K)->1829K(1856K)
[799.326s][info][gc             ] GC(2258) Pause Young (Allocation Failure) 407M->312M(733M) 90.933ms
[799.326s][info][gc,cpu         ] GC(2258) User=0.18s Sys=0.00s Real=0.09s
[799.407s][info][gc,start       ] GC(2259) Pause Young (Allocation Failure)
[799.520s][info][gc,heap        ] GC(2259) PSYoungGen: 208747K(208896K)->108130K(222208K) Eden: 124416K(124416K)->0K(111616K) From: 84331K(84480K)->108130K(110592K)
[799.520s][info][gc,heap        ] GC(2259) ParOldGen: 235760K(541696K)->235760K(541696K)
[799.520s][info][gc,metaspace   ] GC(2259) Metaspace: 19078K(19200K)->19078K(19200K) NonClass: 17249K(17344K)->17249K(17344K) Class: 1829K(1856K)->1829K(1856K)
[799.520s][info][gc             ] GC(2259) Pause Young (Allocation Failure) 434M->335M(746M) 113.285ms
[799.520s][info][gc,cpu         ] GC(2259) User=0.22s Sys=0.01s Real=0.11s
[799.627s][info][gc,start       ] GC(2260) Pause Young (Allocation Failure)
[799.754s][info][gc,heap        ] GC(2260) PSYoungGen: 219746K(222208K)->86595K(222720K) Eden: 111616K(111616K)->0K(111616K) From: 108130K(110592K)->86595K(111104K)
[799.754s][info][gc,heap        ] GC(2260) ParOldGen: 235760K(541696K)->271674K(541696K)
[799.754s][info][gc,metaspace   ] GC(2260) Metaspace: 19078K(19200K)->19078K(19200K) NonClass: 17249K(17344K)->17249K(17344K) Class: 1829K(1856K)->1829K(1856K)
[799.754s][info][gc             ] GC(2260) Pause Young (Allocation Failure) 444M->349M(746M) 126.583ms
[799.754s][info][gc,cpu         ] GC(2260) User=0.25s Sys=0.00s Real=0.12s
[799.821s][info][gc,start       ] GC(2261) Pause Young (Allocation Failure)
[799.913s][info][gc,heap        ] GC(2261) PSYoungGen: 198211K(222720K)->67427K(222720K) Eden: 111616K(111616K)->0K(111616K) From: 86595K(111104K)->67427K(111104K)
[799.913s][info][gc,heap        ] GC(2261) ParOldGen: 271674K(541696K)->293426K(541696K)
[799.913s][info][gc,metaspace   ] GC(2261) Metaspace: 19078K(19200K)->19078K(19200K) NonClass: 17249K(17344K)->17249K(17344K) Class: 1829K(1856K)->1829K(1856K)
[799.913s][info][gc             ] GC(2261) Pause Young (Allocation Failure) 458M->352M(746M) 92.542ms
[799.913s][info][gc,cpu         ] GC(2261) User=0.18s Sys=0.00s Real=0.09s
[800.004s][info][gc,start       ] GC(2262) Pause Young (Allocation Failure)
[800.077s][info][gc,heap        ] GC(2262) PSYoungGen: 179043K(222720K)->19235K(222720K) Eden: 111616K(111616K)->0K(111616K) From: 67427K(111104K)->19235K(111104K)
[800.077s][info][gc,heap        ] GC(2262) ParOldGen: 293426K(541696K)->344420K(541696K)
[800.077s][info][gc,metaspace   ] GC(2262) Metaspace: 19078K(19200K)->19078K(19200K) NonClass: 17249K(17344K)->17249K(17344K) Class: 1829K(1856K)->1829K(1856K)
[800.077s][info][gc             ] GC(2262) Pause Young (Allocation Failure) 461M->355M(746M) 73.077ms
[800.077s][info][gc,cpu         ] GC(2262) User=0.15s Sys=0.00s Real=0.08s
[800.174s][info][gc,start       ] GC(2263) Pause Young (Allocation Failure)
[800.209s][info][gc,heap        ] GC(2263) PSYoungGen: 130851K(222720K)->3392K(222720K) Eden: 111616K(111616K)->0K(111616K) From: 19235K(111104K)->3392K(111104K)
[800.209s][info][gc,heap        ] GC(2263) ParOldGen: 344420K(541696K)->361248K(541696K)
[800.209s][info][gc,metaspace   ] GC(2263) Metaspace: 19078K(19200K)->19078K(19200K) NonClass: 17249K(17344K)->17249K(17344K) Class: 1829K(1856K)->1829K(1856K)
[800.209s][info][gc             ] GC(2263) Pause Young (Allocation Failure) 464M->356M(746M) 34.885ms
[800.209s][info][gc,cpu         ] GC(2263) User=0.07s Sys=0.00s Real=0.04s
[800.346s][info][gc,start       ] GC(2264) Pause Young (Allocation Failure)
[800.358s][info][gc,heap        ] GC(2264) PSYoungGen: 115008K(222720K)->3776K(222720K) Eden: 111616K(111616K)->0K(111616K) From: 3392K(111104K)->3776K(111104K)
[800.358s][info][gc,heap        ] GC(2264) ParOldGen: 361248K(541696K)->364616K(541696K)
[800.358s][info][gc,metaspace   ] GC(2264) Metaspace: 19078K(19200K)->19078K(19200K) NonClass: 17249K(17344K)->17249K(17344K) Class: 1829K(1856K)->1829K(1856K)
[800.358s][info][gc             ] GC(2264) Pause Young (Allocation Failure) 465M->359M(746M) 11.688ms
[800.358s][info][gc,cpu         ] GC(2264) User=0.02s Sys=0.00s Real=0.01s
[800.513s][info][gc,start       ] GC(2265) Pause Young (Allocation Failure)
[800.522s][info][gc,heap        ] GC(2265) PSYoungGen: 115392K(222720K)->2912K(222720K) Eden: 111616K(111616K)->0K(111616K) From: 3776K(111104K)->2912K(111104K)
[800.522s][info][gc,heap        ] GC(2265) ParOldGen: 364616K(541696K)->368392K(541696K)
[800.522s][info][gc,metaspace   ] GC(2265) Metaspace: 19078K(19200K)->19078K(19200K) NonClass: 17249K(17344K)->17249K(17344K) Class: 1829K(1856K)->1829K(1856K)
[800.522s][info][gc             ] GC(2265) Pause Young (Allocation Failure) 468M->362M(746M) 9.115ms
[800.522s][info][gc,cpu         ] GC(2265) User=0.02s Sys=0.00s Real=0.01s
[800.878s][info][gc,start       ] GC(2266) Pause Young (Allocation Failure)
[800.884s][info][gc,heap        ] GC(2266) PSYoungGen: 114528K(222720K)->288K(222720K) Eden: 111616K(111616K)->0K(111616K) From: 2912K(111104K)->288K(111104K)
[800.885s][info][gc,heap        ] GC(2266) ParOldGen: 368392K(541696K)->371280K(541696K)
[800.885s][info][gc,metaspace   ] GC(2266) Metaspace: 19078K(19200K)->19078K(19200K) NonClass: 17249K(17344K)->17249K(17344K) Class: 1829K(1856K)->1829K(1856K)
[800.885s][info][gc             ] GC(2266) Pause Young (Allocation Failure) 471M->362M(746M) 6.510ms
[800.885s][info][gc,cpu         ] GC(2266) User=0.01s Sys=0.00s Real=0.00s
[801.033s][info][gc,start       ] GC(2267) Pause Young (Allocation Failure)
[801.078s][info][gc,heap        ] GC(2267) PSYoungGen: 111904K(222720K)->44304K(222720K) Eden: 111616K(111616K)->0K(111616K) From: 288K(111104K)->44304K(111104K)
[801.078s][info][gc,heap        ] GC(2267) ParOldGen: 371280K(541696K)->371568K(541696K)
[801.078s][info][gc,metaspace   ] GC(2267) Metaspace: 19078K(19200K)->19078K(19200K) NonClass: 17249K(17344K)->17249K(17344K) Class: 1829K(1856K)->1829K(1856K)
[801.078s][info][gc             ] GC(2267) Pause Young (Allocation Failure) 471M->406M(746M) 45.744ms
[801.078s][info][gc,cpu         ] GC(2267) User=0.09s Sys=0.00s Real=0.05s
[801.243s][info][gc,start       ] GC(2268) Pause Young (Allocation Failure)
[801.326s][info][gc,heap        ] GC(2268) PSYoungGen: 155920K(222720K)->34976K(146944K) Eden: 111616K(111616K)->0K(111616K) From: 44304K(111104K)->34976K(35328K)
[801.326s][info][gc,heap        ] GC(2268) ParOldGen: 371568K(541696K)->416047K(541696K)
[801.326s][info][gc,metaspace   ] GC(2268) Metaspace: 19078K(19200K)->19078K(19200K) NonClass: 17249K(17344K)->17249K(17344K) Class: 1829K(1856K)->1829K(1856K)
[801.326s][info][gc             ] GC(2268) Pause Young (Allocation Failure) 515M->440M(672M) 83.233ms
[801.326s][info][gc,cpu         ] GC(2268) User=0.16s Sys=0.00s Real=0.09s
[801.449s][info][gc,start       ] GC(2269) Pause Young (Allocation Failure)
[801.494s][info][gc,heap        ] GC(2269) PSYoungGen: 146592K(146944K)->43072K(225280K) Eden: 111616K(111616K)->0K(116224K) From: 34976K(35328K)->43072K(109056K)
[801.494s][info][gc,heap        ] GC(2269) ParOldGen: 416047K(541696K)->416047K(541696K)
[801.494s][info][gc,metaspace   ] GC(2269) Metaspace: 19078K(19200K)->19078K(19200K) NonClass: 17249K(17344K)->17249K(17344K) Class: 1829K(1856K)->1829K(1856K)
[801.494s][info][gc             ] GC(2269) Pause Young (Allocation Failure) 549M->448M(749M) 44.368ms
[801.494s][info][gc,cpu         ] GC(2269) User=0.08s Sys=0.00s Real=0.04s
[801.602s][info][gc,start       ] GC(2270) Pause Young (Allocation Failure)
[801.645s][info][gc,heap        ] GC(2270) PSYoungGen: 159296K(225280K)->43904K(160256K) Eden: 116224K(116224K)->0K(116224K) From: 43072K(109056K)->43904K(44032K)
[801.645s][info][gc,heap        ] GC(2270) ParOldGen: 416047K(541696K)->416047K(541696K)
[801.645s][info][gc,metaspace   ] GC(2270) Metaspace: 19078K(19200K)->19078K(19200K) NonClass: 17249K(17344K)->17249K(17344K) Class: 1829K(1856K)->1829K(1856K)
[801.645s][info][gc             ] GC(2270) Pause Young (Allocation Failure) 561M->449M(685M) 43.058ms
[801.645s][info][gc,cpu         ] GC(2270) User=0.08s Sys=0.00s Real=0.05s
[801.751s][info][gc,start       ] GC(2271) Pause Young (Allocation Failure)
[801.796s][info][gc,heap        ] GC(2271) PSYoungGen: 160128K(160256K)->45184K(223232K) Eden: 116224K(116224K)->0K(121856K) From: 43904K(44032K)->45184K(101376K)
[801.796s][info][gc,heap        ] GC(2271) ParOldGen: 416047K(541696K)->416047K(541696K)
[801.796s][info][gc,metaspace   ] GC(2271) Metaspace: 19078K(19200K)->19078K(19200K) NonClass: 17249K(17344K)->17249K(17344K) Class: 1829K(1856K)->1829K(1856K)
[801.796s][info][gc             ] GC(2271) Pause Young (Allocation Failure) 562M->450M(747M) 45.471ms
[801.796s][info][gc,cpu         ] GC(2271) User=0.09s Sys=0.00s Real=0.05s
[802.115s][info][gc,start       ] GC(2272) Pause Young (Allocation Failure)
[802.163s][info][gc,heap        ] GC(2272) PSYoungGen: 167040K(223232K)->45600K(220672K) Eden: 121856K(121856K)->0K(121856K) From: 45184K(101376K)->45600K(98816K)
[802.163s][info][gc,heap        ] GC(2272) ParOldGen: 416047K(541696K)->416047K(541696K)
[802.163s][info][gc,metaspace   ] GC(2272) Metaspace: 19078K(19200K)->19078K(19200K) NonClass: 17249K(17344K)->17249K(17344K) Class: 1829K(1856K)->1829K(1856K)
[802.163s][info][gc             ] GC(2272) Pause Young (Allocation Failure) 569M->450M(744M) 47.422ms
[802.163s][info][gc,cpu         ] GC(2272) User=0.10s Sys=0.00s Real=0.04s
[802.449s][info][gc,start       ] GC(2273) Pause Young (Allocation Failure)
[802.510s][info][gc,heap        ] GC(2273) PSYoungGen: 167456K(220672K)->57408K(224256K) Eden: 121856K(121856K)->0K(128512K) From: 45600K(98816K)->57408K(95744K)
[802.510s][info][gc,heap        ] GC(2273) ParOldGen: 416047K(541696K)->416047K(541696K)
[802.510s][info][gc,metaspace   ] GC(2273) Metaspace: 19078K(19200K)->19078K(19200K) NonClass: 17249K(17344K)->17249K(17344K) Class: 1829K(1856K)->1829K(1856K)
[802.510s][info][gc             ] GC(2273) Pause Young (Allocation Failure) 569M->462M(748M) 60.902ms
[802.510s][info][gc,cpu         ] GC(2273) User=0.12s Sys=0.00s Real=0.06s
[802.665s][info][gc,start       ] GC(2274) Pause Young (Allocation Failure)
[802.780s][info][gc,heap        ] GC(2274) PSYoungGen: 185920K(224256K)->96740K(225280K) Eden: 128512K(128512K)->0K(128512K) From: 57408K(95744K)->96740K(96768K)
[802.780s][info][gc,heap        ] GC(2274) ParOldGen: 416047K(541696K)->432951K(541696K)
[802.780s][info][gc,metaspace   ] GC(2274) Metaspace: 19078K(19200K)->19078K(19200K) NonClass: 17249K(17344K)->17249K(17344K) Class: 1829K(1856K)->1829K(1856K)
[802.780s][info][gc             ] GC(2274) Pause Young (Allocation Failure) 587M->517M(749M) 115.242ms
[802.780s][info][gc,cpu         ] GC(2274) User=0.23s Sys=0.00s Real=0.11s
[802.961s][info][gc,start       ] GC(2275) Pause Young (Allocation Failure)
[803.085s][info][gc,heap        ] GC(2275) PSYoungGen: 225252K(225280K)->81960K(220160K) Eden: 128512K(128512K)->0K(111616K) From: 96740K(96768K)->81960K(108544K)
[803.085s][info][gc,heap        ] GC(2275) ParOldGen: 432951K(541696K)->470509K(541696K)
[803.085s][info][gc,metaspace   ] GC(2275) Metaspace: 19078K(19200K)->19078K(19200K) NonClass: 17249K(17344K)->17249K(17344K) Class: 1829K(1856K)->1829K(1856K)
[803.085s][info][gc             ] GC(2275) Pause Young (Allocation Failure) 642M->539M(744M) 124.030ms
[803.085s][info][gc,cpu         ] GC(2275) User=0.25s Sys=0.00s Real=0.13s
[803.140s][info][gc,start       ] GC(2276) Pause Young (Allocation Failure)
[803.266s][info][gc,heap        ] GC(2276) PSYoungGen: 193576K(220160K)->111080K(222720K) Eden: 111616K(111616K)->0K(111616K) From: 81960K(108544K)->111080K(111104K)
[803.266s][info][gc,heap        ] GC(2276) ParOldGen: 470509K(541696K)->490125K(541696K)
[803.266s][info][gc,metaspace   ] GC(2276) Metaspace: 19078K(19200K)->19078K(19200K) NonClass: 17249K(17344K)->17249K(17344K) Class: 1829K(1856K)->1829K(1856K)
[803.266s][info][gc             ] GC(2276) Pause Young (Allocation Failure) 648M->587M(746M) 126.112ms
[803.266s][info][gc,cpu         ] GC(2276) User=0.25s Sys=0.00s Real=0.13s
[803.325s][info][gc,start       ] GC(2277) Pause Young (Allocation Failure)
[803.479s][info][gc,heap        ] GC(2277) PSYoungGen: 222696K(222720K)->111096K(222720K) Eden: 111616K(111616K)->0K(111616K) From: 111080K(111104K)->111096K(111104K)
[803.479s][info][gc,heap        ] GC(2277) ParOldGen: 490125K(541696K)->530133K(541696K)
[803.479s][info][gc,metaspace   ] GC(2277) Metaspace: 19078K(19200K)->19078K(19200K) NonClass: 17249K(17344K)->17249K(17344K) Class: 1829K(1856K)->1829K(1856K)
[803.479s][info][gc             ] GC(2277) Pause Young (Allocation Failure) 696M->626M(746M) 153.791ms
[803.479s][info][gc,cpu         ] GC(2277) User=0.29s Sys=0.01s Real=0.15s
[803.593s][info][gc,start       ] GC(2278) Pause Young (Allocation Failure)
[803.724s][info][gc,heap        ] GC(2278) PSYoungGen: 222712K(222720K)->55264K(222720K) Eden: 111616K(111616K)->0K(111616K) From: 111096K(111104K)->55264K(111104K)
[803.724s][info][gc,heap        ] GC(2278) ParOldGen: 530133K(541696K)->587281K(587776K)
[803.724s][info][gc,metaspace   ] GC(2278) Metaspace: 19078K(19200K)->19078K(19200K) NonClass: 17249K(17344K)->17249K(17344K) Class: 1829K(1856K)->1829K(1856K)
[803.724s][info][gc             ] GC(2278) Pause Young (Allocation Failure) 735M->627M(791M) 131.088ms
[803.724s][info][gc,cpu         ] GC(2278) User=0.21s Sys=0.05s Real=0.13s
[803.893s][info][gc,start       ] GC(2279) Pause Young (Allocation Failure)
[803.988s][info][gc,heap        ] GC(2279) PSYoungGen: 166880K(222720K)->9332K(222720K) Eden: 111616K(111616K)->0K(111616K) From: 55264K(111104K)->9332K(111104K)
[803.988s][info][gc,heap        ] GC(2279) ParOldGen: 587281K(587776K)->642225K(642560K)
[803.988s][info][gc,metaspace   ] GC(2279) Metaspace: 19078K(19200K)->19078K(19200K) NonClass: 17249K(17344K)->17249K(17344K) Class: 1829K(1856K)->1829K(1856K)
[803.988s][info][gc             ] GC(2279) Pause Young (Allocation Failure) 736M->636M(845M) 94.799ms
[803.988s][info][gc,cpu         ] GC(2279) User=0.15s Sys=0.03s Real=0.10s
[804.121s][info][gc,start       ] GC(2280) Pause Full (Allocation Failure)
[804.121s][info][gc,phases,start] GC(2280) Marking Phase
[804.196s][info][gc,phases      ] GC(2280) Marking Phase 74.855ms
[804.196s][info][gc,phases,start] GC(2280) Summary Phase
[804.196s][info][gc,phases      ] GC(2280) Summary Phase 0.031ms
[804.196s][info][gc,phases,start] GC(2280) Forward
[804.216s][info][gc,phases      ] GC(2280) Forward 19.761ms
[804.216s][info][gc,phases,start] GC(2280) Adjust Pointers
[804.271s][info][gc,phases      ] GC(2280) Adjust Pointers 55.385ms
[804.271s][info][gc,phases,start] GC(2280) Compaction Phase
[804.298s][info][gc,phases      ] GC(2280) Compaction Phase 26.888ms
[804.301s][info][gc,phases,start] GC(2280) Post Compact
[804.303s][info][gc,phases      ] GC(2280) Post Compact 2.257ms
[804.321s][info][gc,heap        ] GC(2280) PSYoungGen: 120948K(222720K)->0K(222720K) Eden: 111616K(111616K)->0K(111616K) From: 9332K(111104K)->0K(111104K)
[804.321s][info][gc,heap        ] GC(2280) ParOldGen: 642225K(642560K)->115490K(440320K)
[804.321s][info][gc,metaspace   ] GC(2280) Metaspace: 19078K(19200K)->19078K(19200K) NonClass: 17249K(17344K)->17249K(17344K) Class: 1829K(1856K)->1829K(1856K)
[804.321s][info][gc             ] GC(2280) Pause Full (Allocation Failure) 745M->112M(647M) 200.582ms
[804.321s][info][gc,cpu         ] GC(2280) User=0.32s Sys=0.01s Real=0.20s
[804.410s][info][gc,start       ] GC(2281) Pause Young (Allocation Failure)
[804.436s][info][gc,heap        ] GC(2281) PSYoungGen: 111616K(222720K)->34096K(222720K) Eden: 111616K(111616K)->0K(111616K) From: 0K(111104K)->34096K(111104K)
[804.436s][info][gc,heap        ] GC(2281) ParOldGen: 115490K(440320K)->115490K(440320K)
[804.436s][info][gc,metaspace   ] GC(2281) Metaspace: 19078K(19200K)->19078K(19200K) NonClass: 17249K(17344K)->17249K(17344K) Class: 1829K(1856K)->1829K(1856K)
[804.436s][info][gc             ] GC(2281) Pause Young (Allocation Failure) 221M->146M(647M) 25.323ms
[804.436s][info][gc,cpu         ] GC(2281) User=0.05s Sys=0.00s Real=0.03s
[804.543s][info][gc,start       ] GC(2282) Pause Young (Allocation Failure)
[804.591s][info][gc,heap        ] GC(2282) PSYoungGen: 145712K(222720K)->36672K(222720K) Eden: 111616K(111616K)->0K(111616K) From: 34096K(111104K)->36672K(111104K)
[804.591s][info][gc,heap        ] GC(2282) ParOldGen: 115490K(440320K)->149994K(440320K)
[804.591s][info][gc,metaspace   ] GC(2282) Metaspace: 19078K(19200K)->19078K(19200K) NonClass: 17249K(17344K)->17249K(17344K) Class: 1829K(1856K)->1829K(1856K)
[804.591s][info][gc             ] GC(2282) Pause Young (Allocation Failure) 255M->182M(647M) 48.362ms
[804.591s][info][gc,cpu         ] GC(2282) User=0.09s Sys=0.00s Real=0.05s
[804.692s][info][gc,start       ] GC(2283) Pause Young (Allocation Failure)
[804.757s][info][gc,heap        ] GC(2283) PSYoungGen: 148288K(222720K)->42272K(222720K) Eden: 111616K(111616K)->0K(111616K) From: 36672K(111104K)->42272K(111104K)
[804.757s][info][gc,heap        ] GC(2283) ParOldGen: 149994K(440320K)->187082K(440320K)
[804.757s][info][gc,metaspace   ] GC(2283) Metaspace: 19078K(19200K)->19078K(19200K) NonClass: 17249K(17344K)->17249K(17344K) Class: 1829K(1856K)->1829K(1856K)
[804.757s][info][gc             ] GC(2283) Pause Young (Allocation Failure) 291M->223M(647M) 65.811ms
[804.757s][info][gc,cpu         ] GC(2283) User=0.13s Sys=0.00s Real=0.07s
[804.826s][info][gc,start       ] GC(2284) Pause Young (Allocation Failure)
[804.892s][info][gc,heap        ] GC(2284) PSYoungGen: 153888K(222720K)->23536K(222720K) Eden: 111616K(111616K)->0K(111616K) From: 42272K(111104K)->23536K(111104K)
[804.893s][info][gc,heap        ] GC(2284) ParOldGen: 187082K(440320K)->229450K(440320K)
[804.893s][info][gc,metaspace   ] GC(2284) Metaspace: 19078K(19200K)->19078K(19200K) NonClass: 17249K(17344K)->17249K(17344K) Class: 1829K(1856K)->1829K(1856K)
[804.893s][info][gc             ] GC(2284) Pause Young (Allocation Failure) 332M->247M(647M) 66.776ms
[804.893s][info][gc,cpu         ] GC(2284) User=0.13s Sys=0.00s Real=0.06s
[804.952s][info][gc,start       ] GC(2285) Pause Young (Allocation Failure)
[805.013s][info][gc,heap        ] GC(2285) PSYoungGen: 135152K(222720K)->40385K(222720K) Eden: 111616K(111616K)->0K(111616K) From: 23536K(111104K)->40385K(111104K)
[805.013s][info][gc,heap        ] GC(2285) ParOldGen: 229450K(440320K)->253106K(440320K)
[805.013s][info][gc,metaspace   ] GC(2285) Metaspace: 19078K(19200K)->19078K(19200K) NonClass: 17249K(17344K)->17249K(17344K) Class: 1829K(1856K)->1829K(1856K)
[805.013s][info][gc             ] GC(2285) Pause Young (Allocation Failure) 356M->286M(647M) 60.760ms
[805.013s][info][gc,cpu         ] GC(2285) User=0.12s Sys=0.00s Real=0.06s
[805.137s][info][gc,start       ] GC(2286) Pause Young (Allocation Failure)
[805.208s][info][gc,heap        ] GC(2286) PSYoungGen: 152001K(222720K)->40289K(222720K) Eden: 111616K(111616K)->0K(111616K) From: 40385K(111104K)->40289K(111104K)
[805.208s][info][gc,heap        ] GC(2286) ParOldGen: 253106K(440320K)->293810K(440320K)
[805.208s][info][gc,metaspace   ] GC(2286) Metaspace: 19078K(19200K)->19078K(19200K) NonClass: 17249K(17344K)->17249K(17344K) Class: 1829K(1856K)->1829K(1856K)
[805.209s][info][gc             ] GC(2286) Pause Young (Allocation Failure) 395M->326M(647M) 71.199ms
[805.209s][info][gc,cpu         ] GC(2286) User=0.14s Sys=0.00s Real=0.07s
[805.290s][info][gc,start       ] GC(2287) Pause Young (Allocation Failure)
[805.348s][info][gc,heap        ] GC(2287) PSYoungGen: 151905K(222720K)->14176K(222720K) Eden: 111616K(111616K)->0K(111616K) From: 40289K(111104K)->14176K(111104K)
[805.348s][info][gc,heap        ] GC(2287) ParOldGen: 293810K(440320K)->334335K(440320K)
[805.348s][info][gc,metaspace   ] GC(2287) Metaspace: 19078K(19200K)->19078K(19200K) NonClass: 17249K(17344K)->17249K(17344K) Class: 1829K(1856K)->1829K(1856K)
[805.348s][info][gc             ] GC(2287) Pause Young (Allocation Failure) 435M->340M(647M) 58.238ms
[805.348s][info][gc,cpu         ] GC(2287) User=0.11s Sys=0.00s Real=0.06s
[805.430s][info][gc,start       ] GC(2288) Pause Young (Allocation Failure)
[805.468s][info][gc,heap        ] GC(2288) PSYoungGen: 125792K(222720K)->11392K(222720K) Eden: 111616K(111616K)->0K(111616K) From: 14176K(111104K)->11392K(111104K)
[805.468s][info][gc,heap        ] GC(2288) ParOldGen: 334335K(440320K)->348527K(440320K)
[805.468s][info][gc,metaspace   ] GC(2288) Metaspace: 19078K(19200K)->19078K(19200K) NonClass: 17249K(17344K)->17249K(17344K) Class: 1829K(1856K)->1829K(1856K)
[805.468s][info][gc             ] GC(2288) Pause Young (Allocation Failure) 449M->351M(647M) 38.010ms
[805.468s][info][gc,cpu         ] GC(2288) User=0.08s Sys=0.00s Real=0.04s
[805.579s][info][gc,start       ] GC(2289) Pause Young (Allocation Failure)
[805.636s][info][gc,heap        ] GC(2289) PSYoungGen: 123008K(222720K)->30145K(222720K) Eden: 111616K(111616K)->0K(111616K) From: 11392K(111104K)->30145K(111104K)
[805.636s][info][gc,heap        ] GC(2289) ParOldGen: 348527K(440320K)->359983K(440320K)
[805.636s][info][gc,metaspace   ] GC(2289) Metaspace: 19078K(19200K)->19078K(19200K) NonClass: 17249K(17344K)->17249K(17344K) Class: 1829K(1856K)->1829K(1856K)
[805.636s][info][gc             ] GC(2289) Pause Young (Allocation Failure) 460M->380M(647M) 57.227ms
[805.636s][info][gc,cpu         ] GC(2289) User=0.11s Sys=0.00s Real=0.06s
[805.706s][info][gc,start       ] GC(2290) Pause Young (Allocation Failure)
[805.751s][info][gc,heap        ] GC(2290) PSYoungGen: 141761K(222720K)->5312K(222720K) Eden: 111616K(111616K)->0K(111616K) From: 30145K(111104K)->5312K(111104K)
[805.751s][info][gc,heap        ] GC(2290) ParOldGen: 359983K(440320K)->390196K(440320K)
[805.751s][info][gc,metaspace   ] GC(2290) Metaspace: 19078K(19200K)->19078K(19200K) NonClass: 17249K(17344K)->17249K(17344K) Class: 1829K(1856K)->1829K(1856K)
[805.751s][info][gc             ] GC(2290) Pause Young (Allocation Failure) 489M->386M(647M) 45.108ms
[805.751s][info][gc,cpu         ] GC(2290) User=0.09s Sys=0.00s Real=0.04s
[805.836s][info][gc,start       ] GC(2291) Pause Young (Allocation Failure)
[805.861s][info][gc,heap        ] GC(2291) PSYoungGen: 116928K(222720K)->13376K(222720K) Eden: 111616K(111616K)->0K(111616K) From: 5312K(111104K)->13376K(111104K)
[805.861s][info][gc,heap        ] GC(2291) ParOldGen: 390196K(440320K)->395516K(440320K)
[805.861s][info][gc,metaspace   ] GC(2291) Metaspace: 19078K(19200K)->19078K(19200K) NonClass: 17249K(17344K)->17249K(17344K) Class: 1829K(1856K)->1829K(1856K)
[805.861s][info][gc             ] GC(2291) Pause Young (Allocation Failure) 495M->399M(647M) 25.267ms
[805.861s][info][gc,cpu         ] GC(2291) User=0.05s Sys=0.00s Real=0.02s
[805.937s][info][gc,start       ] GC(2292) Pause Young (Allocation Failure)
[805.971s][info][gc,heap        ] GC(2292) PSYoungGen: 124992K(222720K)->14144K(125952K) Eden: 111616K(111616K)->0K(111616K) From: 13376K(111104K)->14144K(14336K)
[805.971s][info][gc,heap        ] GC(2292) ParOldGen: 395516K(440320K)->408908K(440320K)
[805.971s][info][gc,metaspace   ] GC(2292) Metaspace: 19078K(19200K)->19078K(19200K) NonClass: 17249K(17344K)->17249K(17344K) Class: 1829K(1856K)->1829K(1856K)
[805.971s][info][gc             ] GC(2292) Pause Young (Allocation Failure) 508M->413M(553M) 34.229ms
[805.971s][info][gc,cpu         ] GC(2292) User=0.07s Sys=0.00s Real=0.03s
[806.052s][info][gc,start       ] GC(2293) Pause Young (Allocation Failure)
[806.078s][info][gc,heap        ] GC(2293) PSYoungGen: 125760K(125952K)->20448K(224768K) Eden: 111616K(111616K)->0K(117248K) From: 14144K(14336K)->20448K(107520K)
[806.078s][info][gc,heap        ] GC(2293) ParOldGen: 408908K(440320K)->408908K(440320K)
[806.078s][info][gc,metaspace   ] GC(2293) Metaspace: 19078K(19200K)->19078K(19200K) NonClass: 17249K(17344K)->17249K(17344K) Class: 1829K(1856K)->1829K(1856K)
[806.078s][info][gc             ] GC(2293) Pause Young (Allocation Failure) 522M->419M(649M) 25.127ms
[806.078s][info][gc,cpu         ] GC(2293) User=0.05s Sys=0.00s Real=0.03s
[806.147s][info][gc,start       ] GC(2294) Pause Young (Allocation Failure)
[806.172s][info][gc,heap        ] GC(2294) PSYoungGen: 137696K(224768K)->21248K(220160K) Eden: 117248K(117248K)->0K(117248K) From: 20448K(107520K)->21248K(102912K)
[806.172s][info][gc,heap        ] GC(2294) ParOldGen: 408908K(440320K)->408908K(440320K)
[806.172s][info][gc,metaspace   ] GC(2294) Metaspace: 19078K(19200K)->19078K(19200K) NonClass: 17249K(17344K)->17249K(17344K) Class: 1829K(1856K)->1829K(1856K)
[806.172s][info][gc             ] GC(2294) Pause Young (Allocation Failure) 533M->420M(645M) 24.622ms
[806.172s][info][gc,cpu         ] GC(2294) User=0.04s Sys=0.00s Real=0.02s
[806.273s][info][gc,start       ] GC(2295) Pause Young (Allocation Failure)
[806.309s][info][gc,heap        ] GC(2295) PSYoungGen: 138496K(220160K)->29632K(216064K) Eden: 117248K(117248K)->0K(127488K) From: 21248K(102912K)->29632K(88576K)
[806.309s][info][gc,heap        ] GC(2295) ParOldGen: 408908K(440320K)->408908K(440320K)
[806.309s][info][gc,metaspace   ] GC(2295) Metaspace: 19078K(19200K)->19078K(19200K) NonClass: 17249K(17344K)->17249K(17344K) Class: 1829K(1856K)->1829K(1856K)
[806.309s][info][gc             ] GC(2295) Pause Young (Allocation Failure) 534M->428M(641M) 35.312ms
[806.309s][info][gc,cpu         ] GC(2295) User=0.06s Sys=0.00s Real=0.04s
[806.398s][info][gc,start       ] GC(2296) Pause Young (Allocation Failure)
[806.452s][info][gc,heap        ] GC(2296) PSYoungGen: 157120K(216064K)->47968K(218624K) Eden: 127488K(127488K)->0K(127488K) From: 29632K(88576K)->47968K(91136K)
[806.452s][info][gc,heap        ] GC(2296) ParOldGen: 408908K(440320K)->408908K(440320K)
[806.452s][info][gc,metaspace   ] GC(2296) Metaspace: 19078K(19200K)->19078K(19200K) NonClass: 17249K(17344K)->17249K(17344K) Class: 1829K(1856K)->1829K(1856K)
[806.452s][info][gc             ] GC(2296) Pause Young (Allocation Failure) 552M->446M(643M) 53.917ms
[806.452s][info][gc,cpu         ] GC(2296) User=0.11s Sys=0.00s Real=0.05s
[806.612s][info][gc,start       ] GC(2297) Pause Young (Allocation Failure)
[806.670s][info][gc,heap        ] GC(2297) PSYoungGen: 175456K(218624K)->53312K(228352K) Eden: 127488K(127488K)->0K(136704K) From: 47968K(91136K)->53312K(91648K)
[806.670s][info][gc,heap        ] GC(2297) ParOldGen: 408908K(440320K)->408908K(440320K)
[806.670s][info][gc,metaspace   ] GC(2297) Metaspace: 19078K(19200K)->19078K(19200K) NonClass: 17249K(17344K)->17249K(17344K) Class: 1829K(1856K)->1829K(1856K)
[806.670s][info][gc             ] GC(2297) Pause Young (Allocation Failure) 570M->451M(653M) 57.695ms
[806.670s][info][gc,cpu         ] GC(2297) User=0.11s Sys=0.00s Real=0.06s
[806.929s][info][gc,start       ] GC(2298) Pause Young (Allocation Failure)
[807.005s][info][gc,heap        ] GC(2298) PSYoungGen: 190016K(228352K)->70848K(230400K) Eden: 136704K(136704K)->0K(136704K) From: 53312K(91648K)->70848K(93696K)
[807.005s][info][gc,heap        ] GC(2298) ParOldGen: 408908K(440320K)->408908K(440320K)
[807.005s][info][gc,metaspace   ] GC(2298) Metaspace: 19078K(19200K)->19078K(19200K) NonClass: 17249K(17344K)->17249K(17344K) Class: 1829K(1856K)->1829K(1856K)
[807.005s][info][gc             ] GC(2298) Pause Young (Allocation Failure) 584M->468M(655M) 76.255ms
[807.005s][info][gc,cpu         ] GC(2298) User=0.15s Sys=0.00s Real=0.08s
[807.468s][info][gc,start       ] GC(2299) Pause Young (Allocation Failure)
[807.542s][info][gc,heap        ] GC(2299) PSYoungGen: 207552K(230400K)->71072K(220672K) Eden: 136704K(136704K)->0K(119808K) From: 70848K(93696K)->71072K(100864K)
[807.542s][info][gc,heap        ] GC(2299) ParOldGen: 408908K(440320K)->408908K(440320K)
[807.542s][info][gc,metaspace   ] GC(2299) Metaspace: 19078K(19200K)->19078K(19200K) NonClass: 17249K(17344K)->17249K(17344K) Class: 1829K(1856K)->1829K(1856K)
[807.542s][info][gc             ] GC(2299) Pause Young (Allocation Failure) 602M->468M(645M) 73.968ms
[807.542s][info][gc,cpu         ] GC(2299) User=0.15s Sys=0.00s Real=0.07s
[807.868s][info][gc,start       ] GC(2300) Pause Young (Allocation Failure)
[807.942s][info][gc,heap        ] GC(2300) PSYoungGen: 190880K(220672K)->71072K(190976K) Eden: 119808K(119808K)->0K(119808K) From: 71072K(100864K)->71072K(71168K)
[807.942s][info][gc,heap        ] GC(2300) ParOldGen: 408908K(440320K)->408908K(440320K)
[807.942s][info][gc,metaspace   ] GC(2300) Metaspace: 19078K(19200K)->19078K(19200K) NonClass: 17249K(17344K)->17249K(17344K) Class: 1829K(1856K)->1829K(1856K)
[807.942s][info][gc             ] GC(2300) Pause Young (Allocation Failure) 585M->468M(616M) 74.032ms
[807.942s][info][gc,cpu         ] GC(2300) User=0.15s Sys=0.00s Real=0.07s
[808.239s][info][gc,start       ] GC(2301) Pause Young (Allocation Failure)
[808.313s][info][gc,heap        ] GC(2301) PSYoungGen: 190880K(190976K)->50656K(226816K) Eden: 119808K(119808K)->0K(115712K) From: 71072K(71168K)->50656K(111104K)
[808.314s][info][gc,heap        ] GC(2301) ParOldGen: 408908K(440320K)->429404K(440320K)
[808.314s][info][gc,metaspace   ] GC(2301) Metaspace: 19078K(19200K)->19078K(19200K) NonClass: 17249K(17344K)->17249K(17344K) Class: 1829K(1856K)->1829K(1856K)
[808.314s][info][gc             ] GC(2301) Pause Young (Allocation Failure) 585M->468M(651M) 74.239ms
[808.314s][info][gc,cpu         ] GC(2301) User=0.15s Sys=0.00s Real=0.07s
[808.620s][info][gc,start       ] GC(2302) Pause Young (Allocation Failure)
[808.680s][info][gc,heap        ] GC(2302) PSYoungGen: 166368K(226816K)->50688K(166400K) Eden: 115712K(115712K)->0K(115712K) From: 50656K(111104K)->50688K(50688K)
[808.680s][info][gc,heap        ] GC(2302) ParOldGen: 429404K(440320K)->429404K(440320K)
[808.680s][info][gc,metaspace   ] GC(2302) Metaspace: 19078K(19200K)->19078K(19200K) NonClass: 17249K(17344K)->17249K(17344K) Class: 1829K(1856K)->1829K(1856K)
[808.680s][info][gc             ] GC(2302) Pause Young (Allocation Failure) 581M->468M(592M) 60.040ms
[808.680s][info][gc,cpu         ] GC(2302) User=0.11s Sys=0.00s Real=0.06s
[809.010s][info][gc,start       ] GC(2303) Pause Young (Allocation Failure)
[809.085s][info][gc,heap        ] GC(2303) PSYoungGen: 166400K(166400K)->50720K(222208K) Eden: 115712K(115712K)->0K(119296K) From: 50688K(50688K)->50720K(102912K)
[809.085s][info][gc,heap        ] GC(2303) ParOldGen: 429404K(440320K)->429404K(440320K)
[809.085s][info][gc,metaspace   ] GC(2303) Metaspace: 19078K(19200K)->19078K(19200K) NonClass: 17249K(17344K)->17249K(17344K) Class: 1829K(1856K)->1829K(1856K)
[809.085s][info][gc             ] GC(2303) Pause Young (Allocation Failure) 581M->468M(647M) 74.734ms
[809.085s][info][gc,cpu         ] GC(2303) User=0.15s Sys=0.00s Real=0.08s
[809.290s][info][gc,start       ] GC(2304) Pause Young (Allocation Failure)
[809.363s][info][gc,heap        ] GC(2304) PSYoungGen: 170016K(222208K)->68694K(218624K) Eden: 119296K(119296K)->0K(119296K) From: 50720K(102912K)->68694K(99328K)
[809.363s][info][gc,heap        ] GC(2304) ParOldGen: 429404K(440320K)->429404K(440320K)
[809.363s][info][gc,metaspace   ] GC(2304) Metaspace: 19078K(19200K)->19078K(19200K) NonClass: 17249K(17344K)->17249K(17344K) Class: 1829K(1856K)->1829K(1856K)
[809.363s][info][gc             ] GC(2304) Pause Young (Allocation Failure) 585M->486M(643M) 72.865ms
[809.363s][info][gc,cpu         ] GC(2304) User=0.15s Sys=0.00s Real=0.07s
[809.426s][info][gc,start       ] GC(2305) Pause Young (Allocation Failure)
[809.546s][info][gc,heap        ] GC(2305) PSYoungGen: 187990K(218624K)->102374K(214016K) Eden: 119296K(119296K)->0K(111616K) From: 68694K(99328K)->102374K(102400K)
[809.546s][info][gc,heap        ] GC(2305) ParOldGen: 429404K(440320K)->435884K(440320K)
[809.546s][info][gc,metaspace   ] GC(2305) Metaspace: 19078K(19200K)->19078K(19200K) NonClass: 17249K(17344K)->17249K(17344K) Class: 1829K(1856K)->1829K(1856K)
[809.546s][info][gc             ] GC(2305) Pause Young (Allocation Failure) 602M->525M(639M) 119.969ms
[809.546s][info][gc,cpu         ] GC(2305) User=0.22s Sys=0.02s Real=0.12s
[809.658s][info][gc,start       ] GC(2306) Pause Young (Allocation Failure)
[809.813s][info][gc,heap        ] GC(2306) PSYoungGen: 213990K(214016K)->111094K(222720K) Eden: 111616K(111616K)->0K(111616K) From: 102374K(102400K)->111094K(111104K)
[809.813s][info][gc,heap        ] GC(2306) ParOldGen: 435884K(440320K)->462612K(462848K)
[809.813s][info][gc,metaspace   ] GC(2306) Metaspace: 19078K(19200K)->19078K(19200K) NonClass: 17249K(17344K)->17249K(17344K) Class: 1829K(1856K)->1829K(1856K)
[809.813s][info][gc             ] GC(2306) Pause Young (Allocation Failure) 634M->560M(669M) 155.305ms
[809.813s][info][gc,cpu         ] GC(2306) User=0.28s Sys=0.02s Real=0.15s
[809.927s][info][gc,start       ] GC(2307) Pause Young (Allocation Failure)
[810.065s][info][gc,heap        ] GC(2307) PSYoungGen: 222710K(222720K)->102823K(222720K) Eden: 111616K(111616K)->0K(111616K) From: 111094K(111104K)->102823K(111104K)
[810.066s][info][gc,heap        ] GC(2307) ParOldGen: 462612K(462848K)->486386K(486400K)
[810.066s][info][gc,metaspace   ] GC(2307) Metaspace: 19078K(19200K)->19078K(19200K) NonClass: 17249K(17344K)->17249K(17344K) Class: 1829K(1856K)->1829K(1856K)
[810.066s][info][gc             ] GC(2307) Pause Young (Allocation Failure) 669M->575M(692M) 138.620ms
[810.066s][info][gc,cpu         ] GC(2307) User=0.25s Sys=0.02s Real=0.14s
[810.147s][info][gc,start       ] GC(2308) Pause Young (Allocation Failure)
[810.271s][info][gc,heap        ] GC(2308) PSYoungGen: 214439K(222720K)->108871K(222720K) Eden: 111616K(111616K)->0K(111616K) From: 102823K(111104K)->108871K(111104K)
[810.271s][info][gc,heap        ] GC(2308) ParOldGen: 486386K(486400K)->504200K(504320K)
[810.271s][info][gc,metaspace   ] GC(2308) Metaspace: 19078K(19200K)->19078K(19200K) NonClass: 17249K(17344K)->17249K(17344K) Class: 1829K(1856K)->1829K(1856K)
[810.271s][info][gc             ] GC(2308) Pause Young (Allocation Failure) 684M->598M(710M) 123.674ms
[810.271s][info][gc,cpu         ] GC(2308) User=0.23s Sys=0.01s Real=0.12s
[810.349s][info][gc,start       ] GC(2309) Pause Young (Allocation Failure)
[810.454s][info][gc,heap        ] GC(2309) PSYoungGen: 220487K(222720K)->109767K(222720K) Eden: 111616K(111616K)->0K(111616K) From: 108871K(111104K)->109767K(111104K)
[810.454s][info][gc,heap        ] GC(2309) ParOldGen: 504200K(504320K)->504232K(504320K)
[810.454s][info][gc,metaspace   ] GC(2309) Metaspace: 19078K(19200K)->19078K(19200K) NonClass: 17249K(17344K)->17249K(17344K) Class: 1829K(1856K)->1829K(1856K)
[810.454s][info][gc             ] GC(2309) Pause Young (Allocation Failure) 707M->599M(710M) 104.783ms
[810.454s][info][gc,cpu         ] GC(2309) User=0.21s Sys=0.00s Real=0.10s
[810.540s][info][gc,start       ] GC(2310) Pause Young (Allocation Failure)
[810.663s][info][gc,heap        ] GC(2310) PSYoungGen: 221383K(222720K)->111075K(222720K) Eden: 111616K(111616K)->0K(111616K) From: 109767K(111104K)->111075K(111104K)
[810.663s][info][gc,heap        ] GC(2310) ParOldGen: 504232K(504320K)->514344K(514560K)
[810.663s][info][gc,metaspace   ] GC(2310) Metaspace: 19078K(19200K)->19078K(19200K) NonClass: 17249K(17344K)->17249K(17344K) Class: 1829K(1856K)->1829K(1856K)
[810.663s][info][gc             ] GC(2310) Pause Young (Allocation Failure) 708M->610M(720M) 122.462ms
[810.663s][info][gc,cpu         ] GC(2310) User=0.22s Sys=0.01s Real=0.12s
[810.787s][info][gc,start       ] GC(2311) Pause Young (Allocation Failure)
[810.939s][info][gc,heap        ] GC(2311) PSYoungGen: 222691K(222720K)->83756K(222720K) Eden: 111616K(111616K)->0K(111616K) From: 111075K(111104K)->83756K(111104K)
[810.939s][info][gc,heap        ] GC(2311) ParOldGen: 514344K(514560K)->549291K(549376K)
[810.939s][info][gc,metaspace   ] GC(2311) Metaspace: 19078K(19200K)->19078K(19200K) NonClass: 17249K(17344K)->17249K(17344K) Class: 1829K(1856K)->1829K(1856K)
[810.939s][info][gc             ] GC(2311) Pause Young (Allocation Failure) 719M->618M(754M) 151.807ms
[810.939s][info][gc,cpu         ] GC(2311) User=0.28s Sys=0.03s Real=0.15s
[811.031s][info][gc,start       ] GC(2312) Pause Young (Allocation Failure)
[811.172s][info][gc,heap        ] GC(2312) PSYoungGen: 195372K(222720K)->72067K(222720K) Eden: 111616K(111616K)->0K(111616K) From: 83756K(111104K)->72067K(111104K)
[811.172s][info][gc,heap        ] GC(2312) ParOldGen: 549291K(549376K)->587746K(587776K)
[811.172s][info][gc,metaspace   ] GC(2312) Metaspace: 19078K(19200K)->19078K(19200K) NonClass: 17249K(17344K)->17249K(17344K) Class: 1829K(1856K)->1829K(1856K)
[811.172s][info][gc             ] GC(2312) Pause Young (Allocation Failure) 727M->644M(791M) 140.654ms
[811.172s][info][gc,cpu         ] GC(2312) User=0.25s Sys=0.02s Real=0.14s
[811.247s][info][gc,start       ] GC(2313) Pause Young (Allocation Failure)
[811.362s][info][gc,heap        ] GC(2313) PSYoungGen: 183683K(222720K)->67811K(222720K) Eden: 111616K(111616K)->0K(111616K) From: 72067K(111104K)->67811K(111104K)
[811.362s][info][gc,heap        ] GC(2313) ParOldGen: 587746K(587776K)->604410K(604672K)
[811.362s][info][gc,metaspace   ] GC(2313) Metaspace: 19078K(19200K)->19078K(19200K) NonClass: 17249K(17344K)->17249K(17344K) Class: 1829K(1856K)->1829K(1856K)
[811.362s][info][gc             ] GC(2313) Pause Young (Allocation Failure) 753M->656M(808M) 114.460ms
[811.362s][info][gc,cpu         ] GC(2313) User=0.21s Sys=0.02s Real=0.11s
[811.452s][info][gc,start       ] GC(2314) Pause Young (Allocation Failure)
[811.565s][info][gc,heap        ] GC(2314) PSYoungGen: 179427K(222720K)->49440K(222720K) Eden: 111616K(111616K)->0K(111616K) From: 67811K(111104K)->49440K(111104K)
[811.565s][info][gc,heap        ] GC(2314) ParOldGen: 604410K(604672K)->633748K(633856K)
[811.565s][info][gc,metaspace   ] GC(2314) Metaspace: 19078K(19200K)->19078K(19200K) NonClass: 17249K(17344K)->17249K(17344K) Class: 1829K(1856K)->1829K(1856K)
[811.565s][info][gc             ] GC(2314) Pause Young (Allocation Failure) 765M->667M(836M) 113.024ms
[811.565s][info][gc,cpu         ] GC(2314) User=0.19s Sys=0.03s Real=0.11s
[811.643s][info][gc,start       ] GC(2315) Pause Full (Allocation Failure)
[811.643s][info][gc,phases,start] GC(2315) Marking Phase
[811.943s][info][gc,phases      ] GC(2315) Marking Phase 300.298ms
[811.943s][info][gc,phases,start] GC(2315) Summary Phase
[811.943s][info][gc,phases      ] GC(2315) Summary Phase 0.036ms
[811.943s][info][gc,phases,start] GC(2315) Forward
[812.036s][info][gc,phases      ] GC(2315) Forward 92.854ms
[812.036s][info][gc,phases,start] GC(2315) Adjust Pointers
[812.274s][info][gc,phases      ] GC(2315) Adjust Pointers 237.671ms
[812.274s][info][gc,phases,start] GC(2315) Compaction Phase
[812.402s][info][gc,phases      ] GC(2315) Compaction Phase 127.321ms
[812.410s][info][gc,phases,start] GC(2315) Post Compact
[812.412s][info][gc,phases      ] GC(2315) Post Compact 2.394ms
[812.413s][info][gc,heap        ] GC(2315) PSYoungGen: 161056K(222720K)->0K(222720K) Eden: 111616K(111616K)->0K(111616K) From: 49440K(111104K)->0K(111104K)
[812.413s][info][gc,heap        ] GC(2315) ParOldGen: 633748K(633856K)->404171K(667648K)
[812.413s][info][gc,metaspace   ] GC(2315) Metaspace: 19078K(19200K)->19078K(19200K) NonClass: 17249K(17344K)->17249K(17344K) Class: 1829K(1856K)->1829K(1856K)
[812.413s][info][gc             ] GC(2315) Pause Full (Allocation Failure) 776M->394M(869M) 769.611ms
[812.413s][info][gc,cpu         ] GC(2315) User=1.45s Sys=0.00s Real=0.77s
[812.533s][info][gc,start       ] GC(2316) Pause Young (Allocation Failure)
[812.544s][info][gc,heap        ] GC(2316) PSYoungGen: 111616K(222720K)->6496K(222720K) Eden: 111616K(111616K)->0K(111616K) From: 0K(111104K)->6496K(111104K)
[812.544s][info][gc,heap        ] GC(2316) ParOldGen: 404171K(667648K)->404171K(667648K)
[812.544s][info][gc,metaspace   ] GC(2316) Metaspace: 19078K(19200K)->19078K(19200K) NonClass: 17249K(17344K)->17249K(17344K) Class: 1829K(1856K)->1829K(1856K)
[812.544s][info][gc             ] GC(2316) Pause Young (Allocation Failure) 503M->401M(869M) 10.827ms
[812.544s][info][gc,cpu         ] GC(2316) User=0.02s Sys=0.00s Real=0.01s
[812.748s][info][gc,start       ] GC(2317) Pause Young (Allocation Failure)
[812.765s][info][gc,heap        ] GC(2317) PSYoungGen: 118112K(222720K)->160K(222720K) Eden: 111616K(111616K)->0K(111616K) From: 6496K(111104K)->160K(111104K)
[812.765s][info][gc,heap        ] GC(2317) ParOldGen: 404171K(667648K)->410651K(667648K)
[812.765s][info][gc,metaspace   ] GC(2317) Metaspace: 19078K(19200K)->19078K(19200K) NonClass: 17249K(17344K)->17249K(17344K) Class: 1829K(1856K)->1829K(1856K)
[812.765s][info][gc             ] GC(2317) Pause Young (Allocation Failure) 510M->401M(869M) 17.409ms
[812.766s][info][gc,cpu         ] GC(2317) User=0.04s Sys=0.00s Real=0.02s
[812.953s][info][gc,start       ] GC(2318) Pause Young (Allocation Failure)
[812.964s][info][gc,heap        ] GC(2318) PSYoungGen: 111776K(222720K)->3520K(222720K) Eden: 111616K(111616K)->0K(111616K) From: 160K(111104K)->3520K(111104K)
[812.964s][info][gc,heap        ] GC(2318) ParOldGen: 410651K(667648K)->410783K(667648K)
[812.964s][info][gc,metaspace   ] GC(2318) Metaspace: 19078K(19200K)->19078K(19200K) NonClass: 17249K(17344K)->17249K(17344K) Class: 1829K(1856K)->1829K(1856K)
[812.964s][info][gc             ] GC(2318) Pause Young (Allocation Failure) 510M->404M(869M) 10.463ms
[812.964s][info][gc,cpu         ] GC(2318) User=0.02s Sys=0.00s Real=0.01s
[813.134s][info][gc,start       ] GC(2319) Pause Young (Allocation Failure)
[813.153s][info][gc,heap        ] GC(2319) PSYoungGen: 115136K(222720K)->8000K(222720K) Eden: 111616K(111616K)->0K(111616K) From: 3520K(111104K)->8000K(111104K)
[813.153s][info][gc,heap        ] GC(2319) ParOldGen: 410783K(667648K)->414319K(667648K)
[813.153s][info][gc,metaspace   ] GC(2319) Metaspace: 19078K(19200K)->19078K(19200K) NonClass: 17249K(17344K)->17249K(17344K) Class: 1829K(1856K)->1829K(1856K)
[813.153s][info][gc             ] GC(2319) Pause Young (Allocation Failure) 513M->412M(869M) 18.964ms
[813.153s][info][gc,cpu         ] GC(2319) User=0.04s Sys=0.00s Real=0.02s
[813.283s][info][gc,start       ] GC(2320) Pause Young (Allocation Failure)
[813.312s][info][gc,heap        ] GC(2320) PSYoungGen: 119616K(222720K)->18368K(222720K) Eden: 111616K(111616K)->0K(111616K) From: 8000K(111104K)->18368K(111104K)
[813.312s][info][gc,heap        ] GC(2320) ParOldGen: 414319K(667648K)->422311K(667648K)
[813.312s][info][gc,metaspace   ] GC(2320) Metaspace: 19078K(19200K)->19078K(19200K) NonClass: 17249K(17344K)->17249K(17344K) Class: 1829K(1856K)->1829K(1856K)
[813.312s][info][gc             ] GC(2320) Pause Young (Allocation Failure) 521M->430M(869M) 28.810ms
[813.312s][info][gc,cpu         ] GC(2320) User=0.06s Sys=0.00s Real=0.03s
[813.467s][info][gc,start       ] GC(2321) Pause Young (Allocation Failure)
[813.514s][info][gc,heap        ] GC(2321) PSYoungGen: 129984K(222720K)->17328K(222720K) Eden: 111616K(111616K)->0K(111616K) From: 18368K(111104K)->17328K(111104K)
[813.514s][info][gc,heap        ] GC(2321) ParOldGen: 422311K(667648K)->440725K(667648K)
[813.514s][info][gc,metaspace   ] GC(2321) Metaspace: 19078K(19200K)->19078K(19200K) NonClass: 17249K(17344K)->17249K(17344K) Class: 1829K(1856K)->1829K(1856K)
[813.514s][info][gc             ] GC(2321) Pause Young (Allocation Failure) 539M->447M(869M) 47.099ms
[813.514s][info][gc,cpu         ] GC(2321) User=0.10s Sys=0.00s Real=0.04s
[813.723s][info][gc,start       ] GC(2322) Pause Young (Allocation Failure)
[813.751s][info][gc,heap        ] GC(2322) PSYoungGen: 128944K(222720K)->5216K(222720K) Eden: 111616K(111616K)->0K(111616K) From: 17328K(111104K)->5216K(111104K)
[813.751s][info][gc,heap        ] GC(2322) ParOldGen: 440725K(667648K)->458146K(667648K)
[813.751s][info][gc,metaspace   ] GC(2322) Metaspace: 19078K(19200K)->19078K(19200K) NonClass: 17249K(17344K)->17249K(17344K) Class: 1829K(1856K)->1829K(1856K)
[813.751s][info][gc             ] GC(2322) Pause Young (Allocation Failure) 556M->452M(869M) 27.538ms
[813.751s][info][gc,cpu         ] GC(2322) User=0.05s Sys=0.00s Real=0.03s
[813.823s][info][gc,start       ] GC(2323) Pause Young (Allocation Failure)
[813.873s][info][gc,heap        ] GC(2323) PSYoungGen: 116832K(222720K)->45968K(222720K) Eden: 111616K(111616K)->0K(111616K) From: 5216K(111104K)->45968K(111104K)
[813.873s][info][gc,heap        ] GC(2323) ParOldGen: 458146K(667648K)->463354K(667648K)
[813.873s][info][gc,metaspace   ] GC(2323) Metaspace: 19078K(19200K)->19078K(19200K) NonClass: 17249K(17344K)->17249K(17344K) Class: 1829K(1856K)->1829K(1856K)
[813.873s][info][gc             ] GC(2323) Pause Young (Allocation Failure) 561M->497M(869M) 50.077ms
[813.873s][info][gc,cpu         ] GC(2323) User=0.09s Sys=0.00s Real=0.05s
[814.087s][info][gc,start       ] GC(2324) Pause Young (Allocation Failure)
[814.153s][info][gc,heap        ] GC(2324) PSYoungGen: 157584K(222720K)->31360K(222720K) Eden: 111616K(111616K)->0K(111616K) From: 45968K(111104K)->31360K(111104K)
[814.153s][info][gc,heap        ] GC(2324) ParOldGen: 463354K(667648K)->509794K(667648K)
[814.153s][info][gc,metaspace   ] GC(2324) Metaspace: 19078K(19200K)->19078K(19200K) NonClass: 17249K(17344K)->17249K(17344K) Class: 1829K(1856K)->1829K(1856K)
[814.153s][info][gc             ] GC(2324) Pause Young (Allocation Failure) 606M->528M(869M) 66.364ms
[814.153s][info][gc,cpu         ] GC(2324) User=0.13s Sys=0.00s Real=0.06s
[814.299s][info][gc,start       ] GC(2325) Pause Young (Allocation Failure)
[814.337s][info][gc,heap        ] GC(2325) PSYoungGen: 142976K(222720K)->3104K(222720K) Eden: 111616K(111616K)->0K(111616K) From: 31360K(111104K)->3104K(111104K)
[814.337s][info][gc,heap        ] GC(2325) ParOldGen: 509794K(667648K)->541494K(667648K)
[814.337s][info][gc,metaspace   ] GC(2325) Metaspace: 19078K(19200K)->19078K(19200K) NonClass: 17249K(17344K)->17249K(17344K) Class: 1829K(1856K)->1829K(1856K)
[814.337s][info][gc             ] GC(2325) Pause Young (Allocation Failure) 637M->531M(869M) 38.185ms
[814.337s][info][gc,cpu         ] GC(2325) User=0.07s Sys=0.00s Real=0.04s
[814.543s][info][gc,start       ] GC(2326) Pause Young (Allocation Failure)
[814.618s][info][gc,heap        ] GC(2326) PSYoungGen: 114720K(222720K)->35199K(222720K) Eden: 111616K(111616K)->0K(111616K) From: 3104K(111104K)->35199K(111104K)
[814.618s][info][gc,heap        ] GC(2326) ParOldGen: 541494K(667648K)->544558K(667648K)
[814.618s][info][gc,metaspace   ] GC(2326) Metaspace: 19078K(19200K)->19078K(19200K) NonClass: 17249K(17344K)->17249K(17344K) Class: 1829K(1856K)->1829K(1856K)
[814.618s][info][gc             ] GC(2326) Pause Young (Allocation Failure) 640M->566M(869M) 74.979ms
[814.618s][info][gc,cpu         ] GC(2326) User=0.15s Sys=0.00s Real=0.08s
[814.787s][info][gc,start       ] GC(2327) Pause Young (Allocation Failure)
[814.870s][info][gc,heap        ] GC(2327) PSYoungGen: 146815K(222720K)->22240K(219648K) Eden: 111616K(111616K)->0K(111616K) From: 35199K(111104K)->22240K(108032K)
[814.870s][info][gc,heap        ] GC(2327) ParOldGen: 544558K(667648K)->579837K(667648K)
[814.870s][info][gc,metaspace   ] GC(2327) Metaspace: 19078K(19200K)->19078K(19200K) NonClass: 17249K(17344K)->17249K(17344K) Class: 1829K(1856K)->1829K(1856K)
[814.871s][info][gc             ] GC(2327) Pause Young (Allocation Failure) 675M->587M(866M) 83.713ms
[814.871s][info][gc,cpu         ] GC(2327) User=0.17s Sys=0.00s Real=0.08s
[815.011s][info][gc,start       ] GC(2328) Pause Young (Allocation Failure)
[815.049s][info][gc,heap        ] GC(2328) PSYoungGen: 133856K(219648K)->26432K(138240K) Eden: 111616K(111616K)->0K(111616K) From: 22240K(108032K)->26432K(26624K)
[815.049s][info][gc,heap        ] GC(2328) ParOldGen: 579837K(667648K)->579837K(667648K)
[815.049s][info][gc,metaspace   ] GC(2328) Metaspace: 19078K(19200K)->19078K(19200K) NonClass: 17249K(17344K)->17249K(17344K) Class: 1829K(1856K)->1829K(1856K)
[815.049s][info][gc             ] GC(2328) Pause Young (Allocation Failure) 696M->592M(787M) 37.902ms
[815.049s][info][gc,cpu         ] GC(2328) User=0.08s Sys=0.00s Real=0.04s
[815.167s][info][gc,start       ] GC(2329) Pause Young (Allocation Failure)
[815.207s][info][gc,heap        ] GC(2329) PSYoungGen: 138048K(138240K)->27104K(219136K) Eden: 111616K(111616K)->0K(121856K) From: 26432K(26624K)->27104K(97280K)
[815.207s][info][gc,heap        ] GC(2329) ParOldGen: 579837K(667648K)->579837K(667648K)
[815.207s][info][gc,metaspace   ] GC(2329) Metaspace: 19078K(19200K)->19078K(19200K) NonClass: 17249K(17344K)->17249K(17344K) Class: 1829K(1856K)->1829K(1856K)
[815.207s][info][gc             ] GC(2329) Pause Young (Allocation Failure) 701M->592M(866M) 39.724ms
[815.207s][info][gc,cpu         ] GC(2329) User=0.08s Sys=0.00s Real=0.04s
[815.361s][info][gc,start       ] GC(2330) Pause Young (Allocation Failure)
[815.405s][info][gc,heap        ] GC(2330) PSYoungGen: 148960K(219136K)->31392K(219648K) Eden: 121856K(121856K)->0K(121856K) From: 27104K(97280K)->31392K(97792K)
[815.405s][info][gc,heap        ] GC(2330) ParOldGen: 579837K(667648K)->579837K(667648K)
[815.405s][info][gc,metaspace   ] GC(2330) Metaspace: 19078K(19200K)->19078K(19200K) NonClass: 17249K(17344K)->17249K(17344K) Class: 1829K(1856K)->1829K(1856K)
[815.405s][info][gc             ] GC(2330) Pause Young (Allocation Failure) 711M->596M(866M) 44.604ms
[815.405s][info][gc,cpu         ] GC(2330) User=0.09s Sys=0.00s Real=0.05s
[815.574s][info][gc,start       ] GC(2331) Pause Young (Allocation Failure)
[815.622s][info][gc,heap        ] GC(2331) PSYoungGen: 153248K(219648K)->35296K(215040K) Eden: 121856K(121856K)->0K(132608K) From: 31392K(97792K)->35296K(82432K)
[815.622s][info][gc,heap        ] GC(2331) ParOldGen: 579837K(667648K)->579837K(667648K)
[815.622s][info][gc,metaspace   ] GC(2331) Metaspace: 19078K(19200K)->19078K(19200K) NonClass: 17249K(17344K)->17249K(17344K) Class: 1829K(1856K)->1829K(1856K)
[815.622s][info][gc             ] GC(2331) Pause Young (Allocation Failure) 715M->600M(862M) 48.135ms
[815.622s][info][gc,cpu         ] GC(2331) User=0.10s Sys=0.00s Real=0.05s
[815.842s][info][gc,start       ] GC(2332) Pause Young (Allocation Failure)
[815.916s][info][gc,heap        ] GC(2332) PSYoungGen: 167904K(215040K)->56832K(219648K) Eden: 132608K(132608K)->0K(132608K) From: 35296K(82432K)->56832K(87040K)
[815.916s][info][gc,heap        ] GC(2332) ParOldGen: 579837K(667648K)->579837K(667648K)
[815.916s][info][gc,metaspace   ] GC(2332) Metaspace: 19078K(19200K)->19078K(19200K) NonClass: 17249K(17344K)->17249K(17344K) Class: 1829K(1856K)->1829K(1856K)
[815.916s][info][gc             ] GC(2332) Pause Young (Allocation Failure) 730M->621M(866M) 73.264ms
[815.916s][info][gc,cpu         ] GC(2332) User=0.15s Sys=0.00s Real=0.08s
[816.357s][info][gc,start       ] GC(2333) Pause Young (Allocation Failure)
[816.434s][info][gc,heap        ] GC(2333) PSYoungGen: 189440K(219648K)->60064K(230912K) Eden: 132608K(132608K)->0K(140800K) From: 56832K(87040K)->60064K(90112K)
[816.435s][info][gc,heap        ] GC(2333) ParOldGen: 579837K(667648K)->579837K(667648K)
[816.435s][info][gc,metaspace   ] GC(2333) Metaspace: 19078K(19200K)->19078K(19200K) NonClass: 17249K(17344K)->17249K(17344K) Class: 1829K(1856K)->1829K(1856K)
[816.435s][info][gc             ] GC(2333) Pause Young (Allocation Failure) 751M->624M(877M) 77.887ms
[816.435s][info][gc,cpu         ] GC(2333) User=0.16s Sys=0.00s Real=0.07s
[816.912s][info][gc,start       ] GC(2334) Pause Young (Allocation Failure)
[816.997s][info][gc,heap        ] GC(2334) PSYoungGen: 200864K(230912K)->60080K(234496K) Eden: 140800K(140800K)->0K(140800K) From: 60064K(90112K)->60080K(93696K)
[816.997s][info][gc,heap        ] GC(2334) ParOldGen: 579837K(667648K)->579837K(667648K)
[816.997s][info][gc,metaspace   ] GC(2334) Metaspace: 19078K(19200K)->19078K(19200K) NonClass: 17249K(17344K)->17249K(17344K) Class: 1829K(1856K)->1829K(1856K)
[816.997s][info][gc             ] GC(2334) Pause Young (Allocation Failure) 762M->624M(881M) 84.832ms
[816.997s][info][gc,cpu         ] GC(2334) User=0.17s Sys=0.00s Real=0.09s
[817.308s][info][gc,start       ] GC(2335) Pause Young (Allocation Failure)
[817.398s][info][gc,heap        ] GC(2335) PSYoungGen: 200880K(234496K)->74882K(223232K) Eden: 140800K(140800K)->0K(126976K) From: 60080K(93696K)->74882K(96256K)
[817.398s][info][gc,heap        ] GC(2335) ParOldGen: 579837K(667648K)->579837K(667648K)
[817.398s][info][gc,metaspace   ] GC(2335) Metaspace: 19078K(19200K)->19078K(19200K) NonClass: 17249K(17344K)->17249K(17344K) Class: 1829K(1856K)->1829K(1856K)
[817.398s][info][gc             ] GC(2335) Pause Young (Allocation Failure) 762M->639M(870M) 90.713ms
[817.398s][info][gc,cpu         ] GC(2335) User=0.18s Sys=0.01s Real=0.09s
[817.496s][info][gc,start       ] GC(2336) Pause Young (Allocation Failure)
[817.626s][info][gc,heap        ] GC(2336) PSYoungGen: 201858K(223232K)->103394K(230400K) Eden: 126976K(126976K)->0K(126976K) From: 74882K(96256K)->103394K(103424K)
[817.626s][info][gc,heap        ] GC(2336) ParOldGen: 579837K(667648K)->595941K(667648K)
[817.626s][info][gc,metaspace   ] GC(2336) Metaspace: 19078K(19200K)->19078K(19200K) NonClass: 17249K(17344K)->17249K(17344K) Class: 1829K(1856K)->1829K(1856K)
[817.626s][info][gc             ] GC(2336) Pause Young (Allocation Failure) 763M->682M(877M) 130.139ms
[817.626s][info][gc,cpu         ] GC(2336) User=0.26s Sys=0.00s Real=0.13s
[817.909s][info][gc,start       ] GC(2337) Pause Young (Allocation Failure)
[818.054s][info][gc,heap        ] GC(2337) PSYoungGen: 230370K(230400K)->100466K(215040K) Eden: 126976K(126976K)->0K(111616K) From: 103394K(103424K)->100466K(103424K)
[818.054s][info][gc,heap        ] GC(2337) ParOldGen: 595941K(667648K)->622445K(667648K)
[818.054s][info][gc,metaspace   ] GC(2337) Metaspace: 19078K(19200K)->19078K(19200K) NonClass: 17249K(17344K)->17249K(17344K) Class: 1829K(1856K)->1829K(1856K)
[818.054s][info][gc             ] GC(2337) Pause Young (Allocation Failure) 806M->705M(862M) 144.327ms
[818.054s][info][gc,cpu         ] GC(2337) User=0.27s Sys=0.01s Real=0.14s
[818.209s][info][gc,start       ] GC(2338) Pause Full (Allocation Failure)
[818.209s][info][gc,phases,start] GC(2338) Marking Phase
[818.624s][info][gc,phases      ] GC(2338) Marking Phase 414.553ms
[818.624s][info][gc,phases,start] GC(2338) Summary Phase
[818.624s][info][gc,phases      ] GC(2338) Summary Phase 0.033ms
[818.624s][info][gc,phases,start] GC(2338) Forward
[818.761s][info][gc,phases      ] GC(2338) Forward 137.426ms
[818.761s][info][gc,phases,start] GC(2338) Adjust Pointers
[819.082s][info][gc,phases      ] GC(2338) Adjust Pointers 320.958ms
[819.082s][info][gc,phases,start] GC(2338) Compaction Phase
[819.276s][info][gc,phases      ] GC(2338) Compaction Phase 193.569ms
[819.283s][info][gc,phases,start] GC(2338) Post Compact
[819.285s][info][gc,phases      ] GC(2338) Post Compact 2.511ms
[819.285s][info][gc,heap        ] GC(2338) PSYoungGen: 212082K(215040K)->0K(222720K) Eden: 111616K(111616K)->0K(111616K) From: 100466K(103424K)->0K(111104K)
[819.285s][info][gc,heap        ] GC(2338) ParOldGen: 622445K(667648K)->493331K(667648K)
[819.285s][info][gc,metaspace   ] GC(2338) Metaspace: 19078K(19200K)->19078K(19200K) NonClass: 17249K(17344K)->17249K(17344K) Class: 1829K(1856K)->1829K(1856K)
[819.285s][info][gc             ] GC(2338) Pause Full (Allocation Failure) 814M->481M(869M) 1076.171ms
[819.285s][info][gc,cpu         ] GC(2338) User=2.03s Sys=0.00s Real=1.08s
[819.485s][info][gc,start       ] GC(2339) Pause Young (Allocation Failure)
[819.551s][info][gc,heap        ] GC(2339) PSYoungGen: 111616K(222720K)->32128K(222720K) Eden: 111616K(111616K)->0K(111616K) From: 0K(111104K)->32128K(111104K)
[819.551s][info][gc,heap        ] GC(2339) ParOldGen: 493331K(667648K)->493331K(667648K)
[819.551s][info][gc,metaspace   ] GC(2339) Metaspace: 19078K(19200K)->19078K(19200K) NonClass: 17249K(17344K)->17249K(17344K) Class: 1829K(1856K)->1829K(1856K)
[819.551s][info][gc             ] GC(2339) Pause Young (Allocation Failure) 590M->513M(869M) 65.864ms
[819.551s][info][gc,cpu         ] GC(2339) User=0.13s Sys=0.00s Real=0.06s
[819.700s][info][gc,start       ] GC(2340) Pause Young (Allocation Failure)
[819.780s][info][gc,heap        ] GC(2340) PSYoungGen: 143744K(222720K)->48224K(222720K) Eden: 111616K(111616K)->0K(111616K) From: 32128K(111104K)->48224K(111104K)
[819.780s][info][gc,heap        ] GC(2340) ParOldGen: 493331K(667648K)->493331K(667648K)
[819.780s][info][gc,metaspace   ] GC(2340) Metaspace: 19078K(19200K)->19078K(19200K) NonClass: 17249K(17344K)->17249K(17344K) Class: 1829K(1856K)->1829K(1856K)
[819.780s][info][gc             ] GC(2340) Pause Young (Allocation Failure) 622M->528M(869M) 80.939ms
[819.781s][info][gc,cpu         ] GC(2340) User=0.15s Sys=0.00s Real=0.08s
[819.913s][info][gc,start       ] GC(2341) Pause Young (Allocation Failure)
[820.009s][info][gc,heap        ] GC(2341) PSYoungGen: 159840K(222720K)->61568K(222720K) Eden: 111616K(111616K)->0K(111616K) From: 48224K(111104K)->61568K(111104K)
[820.009s][info][gc,heap        ] GC(2341) ParOldGen: 493331K(667648K)->493331K(667648K)
[820.009s][info][gc,metaspace   ] GC(2341) Metaspace: 19078K(19200K)->19078K(19200K) NonClass: 17249K(17344K)->17249K(17344K) Class: 1829K(1856K)->1829K(1856K)
[820.010s][info][gc             ] GC(2341) Pause Young (Allocation Failure) 637M->541M(869M) 96.344ms
[820.010s][info][gc,cpu         ] GC(2341) User=0.19s Sys=0.00s Real=0.10s
[820.114s][info][gc,start       ] GC(2342) Pause Young (Allocation Failure)
[820.204s][info][gc,heap        ] GC(2342) PSYoungGen: 173184K(222720K)->62240K(222720K) Eden: 111616K(111616K)->0K(111616K) From: 61568K(111104K)->62240K(111104K)
[820.204s][info][gc,heap        ] GC(2342) ParOldGen: 493331K(667648K)->493331K(667648K)
[820.204s][info][gc,metaspace   ] GC(2342) Metaspace: 19078K(19200K)->19078K(19200K) NonClass: 17249K(17344K)->17249K(17344K) Class: 1829K(1856K)->1829K(1856K)
[820.204s][info][gc             ] GC(2342) Pause Young (Allocation Failure) 650M->542M(869M) 90.002ms
[820.204s][info][gc,cpu         ] GC(2342) User=0.18s Sys=0.00s Real=0.09s
[820.333s][info][gc,start       ] GC(2343) Pause Young (Allocation Failure)
[820.426s][info][gc,heap        ] GC(2343) PSYoungGen: 173856K(222720K)->30272K(222720K) Eden: 111616K(111616K)->0K(111616K) From: 62240K(111104K)->30272K(111104K)
[820.426s][info][gc,heap        ] GC(2343) ParOldGen: 493331K(667648K)->525547K(667648K)
[820.426s][info][gc,metaspace   ] GC(2343) Metaspace: 19078K(19200K)->19078K(19200K) NonClass: 17249K(17344K)->17249K(17344K) Class: 1829K(1856K)->1829K(1856K)
[820.426s][info][gc             ] GC(2343) Pause Young (Allocation Failure) 651M->542M(869M) 93.198ms
[820.426s][info][gc,cpu         ] GC(2343) User=0.18s Sys=0.00s Real=0.10s
[820.561s][info][gc,start       ] GC(2344) Pause Young (Allocation Failure)
[820.609s][info][gc,heap        ] GC(2344) PSYoungGen: 141888K(222720K)->5024K(222720K) Eden: 111616K(111616K)->0K(111616K) From: 30272K(111104K)->5024K(111104K)
[820.609s][info][gc,heap        ] GC(2344) ParOldGen: 525547K(667648K)->555075K(667648K)
[820.609s][info][gc,metaspace   ] GC(2344) Metaspace: 19078K(19200K)->19078K(19200K) NonClass: 17249K(17344K)->17249K(17344K) Class: 1829K(1856K)->1829K(1856K)
[820.609s][info][gc             ] GC(2344) Pause Young (Allocation Failure) 651M->546M(869M) 47.504ms
[820.609s][info][gc,cpu         ] GC(2344) User=0.09s Sys=0.00s Real=0.05s
[820.809s][info][gc,start       ] GC(2345) Pause Young (Allocation Failure)
[820.833s][info][gc,heap        ] GC(2345) PSYoungGen: 116640K(222720K)->15040K(222720K) Eden: 111616K(111616K)->0K(111616K) From: 5024K(111104K)->15040K(111104K)
[820.833s][info][gc,heap        ] GC(2345) ParOldGen: 555075K(667648K)->555915K(667648K)
[820.833s][info][gc,metaspace   ] GC(2345) Metaspace: 19078K(19200K)->19078K(19200K) NonClass: 17249K(17344K)->17249K(17344K) Class: 1829K(1856K)->1829K(1856K)
[820.833s][info][gc             ] GC(2345) Pause Young (Allocation Failure) 655M->557M(869M) 24.040ms
[820.833s][info][gc,cpu         ] GC(2345) User=0.05s Sys=0.00s Real=0.02s
[821.006s][info][gc,start       ] GC(2346) Pause Young (Allocation Failure)
[821.045s][info][gc,heap        ] GC(2346) PSYoungGen: 126656K(222720K)->18240K(222720K) Eden: 111616K(111616K)->0K(111616K) From: 15040K(111104K)->18240K(111104K)
[821.045s][info][gc,heap        ] GC(2346) ParOldGen: 555915K(667648K)->570515K(667648K)
[821.045s][info][gc,metaspace   ] GC(2346) Metaspace: 19078K(19200K)->19078K(19200K) NonClass: 17249K(17344K)->17249K(17344K) Class: 1829K(1856K)->1829K(1856K)
[821.045s][info][gc             ] GC(2346) Pause Young (Allocation Failure) 666M->574M(869M) 39.132ms
[821.045s][info][gc,cpu         ] GC(2346) User=0.08s Sys=0.00s Real=0.04s
[821.507s][info][gc,start       ] GC(2347) Pause Young (Allocation Failure)
[821.548s][info][gc,heap        ] GC(2347) PSYoungGen: 129856K(222720K)->288K(222720K) Eden: 111616K(111616K)->0K(111616K) From: 18240K(111104K)->288K(111104K)
[821.548s][info][gc,heap        ] GC(2347) ParOldGen: 570515K(667648K)->588771K(667648K)
[821.548s][info][gc,metaspace   ] GC(2347) Metaspace: 19078K(19200K)->19078K(19200K) NonClass: 17249K(17344K)->17249K(17344K) Class: 1829K(1856K)->1829K(1856K)
[821.548s][info][gc             ] GC(2347) Pause Young (Allocation Failure) 683M->575M(869M) 40.940ms
[821.548s][info][gc,cpu         ] GC(2347) User=0.08s Sys=0.00s Real=0.04s
[821.896s][info][gc,start       ] GC(2348) Pause Young (Allocation Failure)
[821.900s][info][gc,heap        ] GC(2348) PSYoungGen: 111904K(222720K)->544K(222720K) Eden: 111616K(111616K)->0K(111616K) From: 288K(111104K)->544K(111104K)
[821.900s][info][gc,heap        ] GC(2348) ParOldGen: 588771K(667648K)->588819K(667648K)
[821.900s][info][gc,metaspace   ] GC(2348) Metaspace: 19078K(19200K)->19078K(19200K) NonClass: 17249K(17344K)->17249K(17344K) Class: 1829K(1856K)->1829K(1856K)
[821.900s][info][gc             ] GC(2348) Pause Young (Allocation Failure) 684M->575M(869M) 3.834ms
[821.900s][info][gc,cpu         ] GC(2348) User=0.01s Sys=0.00s Real=0.00s
[822.074s][info][gc,start       ] GC(2349) Pause Young (Allocation Failure)
[822.109s][info][gc,heap        ] GC(2349) PSYoungGen: 112160K(222720K)->33184K(209408K) Eden: 111616K(111616K)->0K(111616K) From: 544K(111104K)->33184K(97792K)
[822.109s][info][gc,heap        ] GC(2349) ParOldGen: 588819K(667648K)->589332K(667648K)
[822.109s][info][gc,metaspace   ] GC(2349) Metaspace: 19078K(19200K)->19078K(19200K) NonClass: 17249K(17344K)->17249K(17344K) Class: 1829K(1856K)->1829K(1856K)
[822.109s][info][gc             ] GC(2349) Pause Young (Allocation Failure) 684M->607M(856M) 35.391ms
[822.109s][info][gc,cpu         ] GC(2349) User=0.07s Sys=0.00s Real=0.04s
[822.225s][info][gc,start       ] GC(2350) Pause Young (Allocation Failure)
[822.287s][info][gc,heap        ] GC(2350) PSYoungGen: 144800K(209408K)->69600K(216064K) Eden: 111616K(111616K)->0K(111616K) From: 33184K(97792K)->69600K(104448K)
[822.287s][info][gc,heap        ] GC(2350) ParOldGen: 589332K(667648K)->589332K(667648K)
[822.287s][info][gc,metaspace   ] GC(2350) Metaspace: 19078K(19200K)->19078K(19200K) NonClass: 17249K(17344K)->17249K(17344K) Class: 1829K(1856K)->1829K(1856K)
[822.287s][info][gc             ] GC(2350) Pause Young (Allocation Failure) 716M->643M(863M) 61.947ms
[822.287s][info][gc,cpu         ] GC(2350) User=0.12s Sys=0.00s Real=0.06s
[822.575s][info][gc,start       ] GC(2351) Pause Young (Allocation Failure)
[822.636s][info][gc,heap        ] GC(2351) PSYoungGen: 181216K(216064K)->78464K(222208K) Eden: 111616K(111616K)->0K(111616K) From: 69600K(104448K)->78464K(110592K)
[822.636s][info][gc,heap        ] GC(2351) ParOldGen: 589332K(667648K)->589332K(667648K)
[822.636s][info][gc,metaspace   ] GC(2351) Metaspace: 19078K(19200K)->19078K(19200K) NonClass: 17249K(17344K)->17249K(17344K) Class: 1829K(1856K)->1829K(1856K)
[822.636s][info][gc             ] GC(2351) Pause Young (Allocation Failure) 752M->652M(869M) 61.256ms
[822.636s][info][gc,cpu         ] GC(2351) User=0.12s Sys=0.00s Real=0.06s
[822.803s][info][gc,start       ] GC(2352) Pause Young (Allocation Failure)
[822.903s][info][gc,heap        ] GC(2352) PSYoungGen: 190080K(222208K)->19584K(222720K) Eden: 111616K(111616K)->0K(111616K) From: 78464K(110592K)->19584K(111104K)
[822.904s][info][gc,heap        ] GC(2352) ParOldGen: 589332K(667648K)->659732K(667648K)
[822.904s][info][gc,metaspace   ] GC(2352) Metaspace: 19078K(19200K)->19078K(19200K) NonClass: 17249K(17344K)->17249K(17344K) Class: 1829K(1856K)->1829K(1856K)
[822.904s][info][gc             ] GC(2352) Pause Young (Allocation Failure) 761M->663M(869M) 100.953ms
[822.904s][info][gc,cpu         ] GC(2352) User=0.18s Sys=0.03s Real=0.10s
[823.057s][info][gc,start       ] GC(2353) Pause Full (Allocation Failure)
[823.057s][info][gc,phases,start] GC(2353) Marking Phase
[823.680s][info][gc,phases      ] GC(2353) Marking Phase 622.672ms
[823.680s][info][gc,phases,start] GC(2353) Summary Phase
[823.680s][info][gc,phases      ] GC(2353) Summary Phase 0.042ms
[823.680s][info][gc,phases,start] GC(2353) Forward
[823.806s][info][gc,phases      ] GC(2353) Forward 125.536ms
[823.806s][info][gc,phases,start] GC(2353) Adjust Pointers
[824.249s][info][gc,phases      ] GC(2353) Adjust Pointers 443.494ms
[824.249s][info][gc,phases,start] GC(2353) Compaction Phase
[824.457s][info][gc,phases      ] GC(2353) Compaction Phase 207.613ms
[824.467s][info][gc,phases,start] GC(2353) Post Compact
[824.469s][info][gc,phases      ] GC(2353) Post Compact 2.359ms
[824.469s][info][gc,heap        ] GC(2353) PSYoungGen: 131200K(222720K)->18483K(222720K) Eden: 111616K(111616K)->0K(111616K) From: 19584K(111104K)->18483K(111104K)
[824.469s][info][gc,heap        ] GC(2353) ParOldGen: 659732K(667648K)->667342K(667648K)
[824.469s][info][gc,metaspace   ] GC(2353) Metaspace: 19078K(19200K)->19078K(19200K) NonClass: 17249K(17344K)->17249K(17344K) Class: 1829K(1856K)->1829K(1856K)
[824.469s][info][gc             ] GC(2353) Pause Full (Allocation Failure) 772M->669M(869M) 1412.029ms
[824.469s][info][gc,cpu         ] GC(2353) User=2.75s Sys=0.00s Real=1.41s
[824.602s][info][gc,start       ] GC(2354) Pause Full (Allocation Failure)
[824.602s][info][gc,phases,start] GC(2354) Marking Phase
[825.141s][info][gc,phases      ] GC(2354) Marking Phase 538.146ms
[825.141s][info][gc,phases,start] GC(2354) Summary Phase
[825.141s][info][gc,phases      ] GC(2354) Summary Phase 0.031ms
[825.141s][info][gc,phases,start] GC(2354) Forward
[825.278s][info][gc,phases      ] GC(2354) Forward 137.462ms
[825.278s][info][gc,phases,start] GC(2354) Adjust Pointers
[825.704s][info][gc,phases      ] GC(2354) Adjust Pointers 425.961ms
[825.704s][info][gc,phases,start] GC(2354) Compaction Phase
[825.996s][info][gc,phases      ] GC(2354) Compaction Phase 291.408ms
[826.009s][info][gc,phases,start] GC(2354) Post Compact
[826.012s][info][gc,phases      ] GC(2354) Post Compact 2.352ms
[826.012s][info][gc,heap        ] GC(2354) PSYoungGen: 130099K(222720K)->4659K(222720K) Eden: 111616K(111616K)->0K(111616K) From: 18483K(111104K)->4659K(111104K)
[826.012s][info][gc,heap        ] GC(2354) ParOldGen: 667342K(667648K)->667419K(667648K)
[826.012s][info][gc,metaspace   ] GC(2354) Metaspace: 19078K(19200K)->19078K(19200K) NonClass: 17249K(17344K)->17249K(17344K) Class: 1829K(1856K)->1829K(1856K)
[826.012s][info][gc             ] GC(2354) Pause Full (Allocation Failure) 778M->656M(869M) 1409.292ms
[826.012s][info][gc,cpu         ] GC(2354) User=2.74s Sys=0.01s Real=1.41s
[826.110s][info][gc,start       ] GC(2355) Pause Full (Allocation Failure)
[826.110s][info][gc,phases,start] GC(2355) Marking Phase
[826.728s][info][gc,phases      ] GC(2355) Marking Phase 617.673ms
[826.728s][info][gc,phases,start] GC(2355) Summary Phase
[826.728s][info][gc,phases      ] GC(2355) Summary Phase 0.028ms
[826.728s][info][gc,phases,start] GC(2355) Forward
[826.735s][info][gc,phases      ] GC(2355) Forward 7.181ms
[826.735s][info][gc,phases,start] GC(2355) Adjust Pointers
[827.129s][info][gc,phases      ] GC(2355) Adjust Pointers 394.346ms
[827.129s][info][gc,phases,start] GC(2355) Compaction Phase
[827.275s][info][gc,phases      ] GC(2355) Compaction Phase 145.855ms
[827.276s][info][gc,phases,start] GC(2355) Post Compact
[827.278s][info][gc,phases      ] GC(2355) Post Compact 2.327ms
[827.278s][info][gc,heap        ] GC(2355) PSYoungGen: 116275K(222720K)->8831K(222720K) Eden: 111616K(111616K)->8831K(111616K) From: 4659K(111104K)->0K(111104K)
[827.278s][info][gc,heap        ] GC(2355) ParOldGen: 667419K(667648K)->667472K(667648K)
[827.278s][info][gc,metaspace   ] GC(2355) Metaspace: 19078K(19200K)->19078K(19200K) NonClass: 17249K(17344K)->17249K(17344K) Class: 1829K(1856K)->1829K(1856K)
[827.278s][info][gc             ] GC(2355) Pause Full (Allocation Failure) 765M->660M(869M) 1168.326ms
[827.278s][info][gc,cpu         ] GC(2355) User=2.29s Sys=0.00s Real=1.17s
[827.381s][info][gc,start       ] GC(2356) Pause Full (Allocation Failure)
[827.382s][info][gc,phases,start] GC(2356) Marking Phase
[827.924s][info][gc,phases      ] GC(2356) Marking Phase 542.700ms
[827.924s][info][gc,phases,start] GC(2356) Summary Phase
[827.924s][info][gc,phases      ] GC(2356) Summary Phase 0.025ms
[827.924s][info][gc,phases,start] GC(2356) Forward
[827.929s][info][gc,phases      ] GC(2356) Forward 4.515ms
[827.929s][info][gc,phases,start] GC(2356) Adjust Pointers
[828.309s][info][gc,phases      ] GC(2356) Adjust Pointers 380.362ms
[828.309s][info][gc,phases,start] GC(2356) Compaction Phase
[828.456s][info][gc,phases      ] GC(2356) Compaction Phase 146.302ms
[828.456s][info][gc,phases,start] GC(2356) Post Compact
[828.458s][info][gc,phases      ] GC(2356) Post Compact 2.276ms
[828.458s][info][gc,heap        ] GC(2356) PSYoungGen: 111616K(222720K)->9471K(222720K) Eden: 111616K(111616K)->9471K(111616K) From: 0K(111104K)->0K(111104K)
[828.458s][info][gc,heap        ] GC(2356) ParOldGen: 667472K(667648K)->667472K(667648K)
[828.458s][info][gc,metaspace   ] GC(2356) Metaspace: 19078K(19200K)->19078K(19200K) NonClass: 17249K(17344K)->17249K(17344K) Class: 1829K(1856K)->1829K(1856K)
[828.458s][info][gc             ] GC(2356) Pause Full (Allocation Failure) 760M->661M(869M) 1076.660ms
[828.458s][info][gc,cpu         ] GC(2356) User=2.10s Sys=0.00s Real=1.08s
[828.575s][info][gc,start       ] GC(2357) Pause Full (Allocation Failure)
[828.575s][info][gc,phases,start] GC(2357) Marking Phase
[829.197s][info][gc,phases      ] GC(2357) Marking Phase 622.034ms
[829.197s][info][gc,phases,start] GC(2357) Summary Phase
[829.197s][info][gc,phases      ] GC(2357) Summary Phase 0.026ms
[829.197s][info][gc,phases,start] GC(2357) Forward
[829.201s][info][gc,phases      ] GC(2357) Forward 4.657ms
[829.202s][info][gc,phases,start] GC(2357) Adjust Pointers
[829.604s][info][gc,phases      ] GC(2357) Adjust Pointers 402.503ms
[829.604s][info][gc,phases,start] GC(2357) Compaction Phase
[829.747s][info][gc,phases      ] GC(2357) Compaction Phase 143.201ms
[829.747s][info][gc,phases,start] GC(2357) Post Compact
[829.750s][info][gc,phases      ] GC(2357) Post Compact 2.306ms
[829.750s][info][gc,heap        ] GC(2357) PSYoungGen: 111616K(222720K)->10274K(222720K) Eden: 111616K(111616K)->10274K(111616K) From: 0K(111104K)->0K(111104K)
[829.750s][info][gc,heap        ] GC(2357) ParOldGen: 667472K(667648K)->667472K(667648K)
[829.750s][info][gc,metaspace   ] GC(2357) Metaspace: 19078K(19200K)->19078K(19200K) NonClass: 17249K(17344K)->17249K(17344K) Class: 1829K(1856K)->1829K(1856K)
[829.750s][info][gc             ] GC(2357) Pause Full (Allocation Failure) 760M->661M(869M) 1175.238ms
[829.750s][info][gc,cpu         ] GC(2357) User=2.30s Sys=0.01s Real=1.18s
[829.865s][info][gc,start       ] GC(2358) Pause Full (Allocation Failure)
[829.865s][info][gc,phases,start] GC(2358) Marking Phase
[830.407s][info][gc,phases      ] GC(2358) Marking Phase 541.806ms
[830.407s][info][gc,phases,start] GC(2358) Summary Phase
[830.407s][info][gc,phases      ] GC(2358) Summary Phase 0.025ms
[830.407s][info][gc,phases,start] GC(2358) Forward
[830.423s][info][gc,phases      ] GC(2358) Forward 15.706ms
[830.423s][info][gc,phases,start] GC(2358) Adjust Pointers
[830.798s][info][gc,phases      ] GC(2358) Adjust Pointers 375.007ms
[830.798s][info][gc,phases,start] GC(2358) Compaction Phase
[830.948s][info][gc,phases      ] GC(2358) Compaction Phase 149.410ms
[830.948s][info][gc,phases,start] GC(2358) Post Compact
[830.951s][info][gc,phases      ] GC(2358) Post Compact 2.310ms
[830.951s][info][gc,heap        ] GC(2358) PSYoungGen: 111616K(222720K)->13807K(222720K) Eden: 111616K(111616K)->13807K(111616K) From: 0K(111104K)->0K(111104K)
[830.951s][info][gc,heap        ] GC(2358) ParOldGen: 667472K(667648K)->667472K(667648K)
[830.951s][info][gc,metaspace   ] GC(2358) Metaspace: 19078K(19200K)->19078K(19200K) NonClass: 17249K(17344K)->17249K(17344K) Class: 1829K(1856K)->1829K(1856K)
[830.951s][info][gc             ] GC(2358) Pause Full (Allocation Failure) 760M->665M(869M) 1085.261ms
[830.951s][info][gc,cpu         ] GC(2358) User=2.12s Sys=0.00s Real=1.08s
[831.092s][info][gc,start       ] GC(2359) Pause Full (Allocation Failure)
[831.092s][info][gc,phases,start] GC(2359) Marking Phase
[831.644s][info][gc,phases      ] GC(2359) Marking Phase 551.754ms
[831.644s][info][gc,phases,start] GC(2359) Summary Phase
[831.644s][info][gc,phases      ] GC(2359) Summary Phase 0.039ms
[831.644s][info][gc,phases,start] GC(2359) Forward
[831.651s][info][gc,phases      ] GC(2359) Forward 6.969ms
[831.651s][info][gc,phases,start] GC(2359) Adjust Pointers
[832.027s][info][gc,phases      ] GC(2359) Adjust Pointers 376.287ms
[832.027s][info][gc,phases,start] GC(2359) Compaction Phase
[832.175s][info][gc,phases      ] GC(2359) Compaction Phase 148.268ms
[832.175s][info][gc,phases,start] GC(2359) Post Compact
[832.178s][info][gc,phases      ] GC(2359) Post Compact 2.311ms
[832.178s][info][gc,heap        ] GC(2359) PSYoungGen: 111616K(222720K)->23606K(222720K) Eden: 111616K(111616K)->23606K(111616K) From: 0K(111104K)->0K(111104K)
[832.178s][info][gc,heap        ] GC(2359) ParOldGen: 667472K(667648K)->667472K(667648K)
[832.178s][info][gc,metaspace   ] GC(2359) Metaspace: 19078K(19200K)->19078K(19200K) NonClass: 17249K(17344K)->17249K(17344K) Class: 1829K(1856K)->1829K(1856K)
[832.178s][info][gc             ] GC(2359) Pause Full (Allocation Failure) 760M->674M(869M) 1086.171ms
[832.178s][info][gc,cpu         ] GC(2359) User=2.13s Sys=0.00s Real=1.09s
[832.339s][info][gc,start       ] GC(2360) Pause Full (Allocation Failure)
[832.340s][info][gc,phases,start] GC(2360) Marking Phase
[832.918s][info][gc,phases      ] GC(2360) Marking Phase 578.124ms
[832.918s][info][gc,phases,start] GC(2360) Summary Phase
[832.918s][info][gc,phases      ] GC(2360) Summary Phase 0.026ms
[832.918s][info][gc,phases,start] GC(2360) Forward
[832.931s][info][gc,phases      ] GC(2360) Forward 13.134ms
[832.931s][info][gc,phases,start] GC(2360) Adjust Pointers
[833.340s][info][gc,phases      ] GC(2360) Adjust Pointers 408.734ms
[833.340s][info][gc,phases,start] GC(2360) Compaction Phase
[833.497s][info][gc,phases      ] GC(2360) Compaction Phase 157.075ms
[833.497s][info][gc,phases,start] GC(2360) Post Compact
[833.499s][info][gc,phases      ] GC(2360) Post Compact 2.328ms
[833.499s][info][gc,heap        ] GC(2360) PSYoungGen: 111616K(222720K)->37897K(222720K) Eden: 111616K(111616K)->37897K(111616K) From: 0K(111104K)->0K(111104K)
[833.499s][info][gc,heap        ] GC(2360) ParOldGen: 667472K(667648K)->667472K(667648K)
[833.499s][info][gc,metaspace   ] GC(2360) Metaspace: 19078K(19200K)->19078K(19200K) NonClass: 17249K(17344K)->17249K(17344K) Class: 1829K(1856K)->1829K(1856K)
[833.499s][info][gc             ] GC(2360) Pause Full (Allocation Failure) 760M->688M(869M) 1159.902ms
[833.499s][info][gc,cpu         ] GC(2360) User=2.26s Sys=0.00s Real=1.16s
[833.630s][info][gc,start       ] GC(2361) Pause Full (Allocation Failure)
[833.630s][info][gc,phases,start] GC(2361) Marking Phase
[834.207s][info][gc,phases      ] GC(2361) Marking Phase 576.975ms
[834.207s][info][gc,phases,start] GC(2361) Summary Phase
[834.207s][info][gc,phases      ] GC(2361) Summary Phase 0.026ms
[834.207s][info][gc,phases,start] GC(2361) Forward
[834.241s][info][gc,phases      ] GC(2361) Forward 34.461ms
[834.241s][info][gc,phases,start] GC(2361) Adjust Pointers
[834.651s][info][gc,phases      ] GC(2361) Adjust Pointers 409.931ms
[834.651s][info][gc,phases,start] GC(2361) Compaction Phase
[834.807s][info][gc,phases      ] GC(2361) Compaction Phase 155.870ms
[834.808s][info][gc,phases,start] GC(2361) Post Compact
[834.810s][info][gc,phases      ] GC(2361) Post Compact 2.299ms
[834.810s][info][gc,heap        ] GC(2361) PSYoungGen: 111616K(222720K)->42395K(222720K) Eden: 111616K(111616K)->42395K(111616K) From: 0K(111104K)->0K(111104K)
[834.810s][info][gc,heap        ] GC(2361) ParOldGen: 667472K(667648K)->667472K(667648K)
[834.810s][info][gc,metaspace   ] GC(2361) Metaspace: 19078K(19200K)->19078K(19200K) NonClass: 17249K(17344K)->17249K(17344K) Class: 1829K(1856K)->1829K(1856K)
[834.810s][info][gc             ] GC(2361) Pause Full (Allocation Failure) 760M->693M(869M) 1180.574ms
[834.810s][info][gc,cpu         ] GC(2361) User=2.29s Sys=0.00s Real=1.18s
[835.098s][info][gc,start       ] GC(2362) Pause Full (Allocation Failure)
[835.098s][info][gc,phases,start] GC(2362) Marking Phase
[835.546s][info][gc,phases      ] GC(2362) Marking Phase 447.467ms
[835.546s][info][gc,phases,start] GC(2362) Summary Phase
[835.546s][info][gc,phases      ] GC(2362) Summary Phase 0.030ms
[835.546s][info][gc,phases,start] GC(2362) Forward
[835.668s][info][gc,phases      ] GC(2362) Forward 122.503ms
[835.668s][info][gc,phases,start] GC(2362) Adjust Pointers
[836.020s][info][gc,phases      ] GC(2362) Adjust Pointers 351.898ms
[836.020s][info][gc,phases,start] GC(2362) Compaction Phase
[836.229s][info][gc,phases      ] GC(2362) Compaction Phase 208.598ms
[836.238s][info][gc,phases,start] GC(2362) Post Compact
[836.240s][info][gc,phases      ] GC(2362) Post Compact 2.348ms
[836.240s][info][gc,heap        ] GC(2362) PSYoungGen: 111616K(222720K)->0K(222720K) Eden: 111616K(111616K)->0K(111616K) From: 0K(111104K)->0K(111104K)
[836.240s][info][gc,heap        ] GC(2362) ParOldGen: 667472K(667648K)->577682K(667648K)
[836.240s][info][gc,metaspace   ] GC(2362) Metaspace: 19078K(19200K)->19078K(19200K) NonClass: 17249K(17344K)->17249K(17344K) Class: 1829K(1856K)->1829K(1856K)
[836.240s][info][gc             ] GC(2362) Pause Full (Allocation Failure) 760M->564M(869M) 1142.095ms
[836.240s][info][gc,cpu         ] GC(2362) User=2.20s Sys=0.01s Real=1.14s
[836.551s][info][gc,start       ] GC(2363) Pause Young (Allocation Failure)
[836.555s][info][gc,heap        ] GC(2363) PSYoungGen: 111616K(222720K)->2523K(222720K) Eden: 111616K(111616K)->0K(111616K) From: 0K(111104K)->2523K(111104K)
[836.555s][info][gc,heap        ] GC(2363) ParOldGen: 577682K(667648K)->577682K(667648K)
[836.555s][info][gc,metaspace   ] GC(2363) Metaspace: 19078K(19200K)->19078K(19200K) NonClass: 17249K(17344K)->17249K(17344K) Class: 1829K(1856K)->1829K(1856K)
[836.555s][info][gc             ] GC(2363) Pause Young (Allocation Failure) 673M->566M(869M) 4.608ms
[836.555s][info][gc,cpu         ] GC(2363) User=0.01s Sys=0.00s Real=0.01s
[836.706s][info][gc,start       ] GC(2364) Pause Young (Allocation Failure)
[836.722s][info][gc,heap        ] GC(2364) PSYoungGen: 114139K(222720K)->11296K(123392K) Eden: 111616K(111616K)->0K(111616K) From: 2523K(111104K)->11296K(11776K)
[836.722s][info][gc,heap        ] GC(2364) ParOldGen: 577682K(667648K)->579974K(667648K)
[836.722s][info][gc,metaspace   ] GC(2364) Metaspace: 19078K(19200K)->19078K(19200K) NonClass: 17249K(17344K)->17249K(17344K) Class: 1829K(1856K)->1829K(1856K)
[836.722s][info][gc             ] GC(2364) Pause Young (Allocation Failure) 675M->577M(772M) 15.968ms
[836.722s][info][gc,cpu         ] GC(2364) User=0.03s Sys=0.00s Real=0.01s
[836.890s][info][gc,start       ] GC(2365) Pause Young (Allocation Failure)
[836.898s][info][gc,heap        ] GC(2365) PSYoungGen: 122912K(123392K)->6048K(221696K) Eden: 111616K(111616K)->0K(114688K) From: 11296K(11776K)->6048K(107008K)
[836.898s][info][gc,heap        ] GC(2365) ParOldGen: 579974K(667648K)->579974K(667648K)
[836.898s][info][gc,metaspace   ] GC(2365) Metaspace: 19078K(19200K)->19078K(19200K) NonClass: 17249K(17344K)->17249K(17344K) Class: 1829K(1856K)->1829K(1856K)
[836.898s][info][gc             ] GC(2365) Pause Young (Allocation Failure) 686M->572M(868M) 7.773ms
[836.898s][info][gc,cpu         ] GC(2365) User=0.01s Sys=0.00s Real=0.01s
[837.034s][info][gc,start       ] GC(2366) Pause Young (Allocation Failure)
[837.060s][info][gc,heap        ] GC(2366) PSYoungGen: 120736K(221696K)->28320K(143360K) Eden: 114688K(114688K)->0K(114688K) From: 6048K(107008K)->28320K(28672K)
[837.060s][info][gc,heap        ] GC(2366) ParOldGen: 579974K(667648K)->579974K(667648K)
[837.060s][info][gc,metaspace   ] GC(2366) Metaspace: 19078K(19200K)->19078K(19200K) NonClass: 17249K(17344K)->17249K(17344K) Class: 1829K(1856K)->1829K(1856K)
[837.060s][info][gc             ] GC(2366) Pause Young (Allocation Failure) 684M->594M(792M) 26.504ms
[837.060s][info][gc,cpu         ] GC(2366) User=0.05s Sys=0.00s Real=0.03s
[837.194s][info][gc,start       ] GC(2367) Pause Young (Allocation Failure)
[837.231s][info][gc,heap        ] GC(2367) PSYoungGen: 143008K(143360K)->36064K(209408K) Eden: 114688K(114688K)->0K(118784K) From: 28320K(28672K)->36064K(90624K)
[837.231s][info][gc,heap        ] GC(2367) ParOldGen: 579974K(667648K)->579974K(667648K)
[837.231s][info][gc,metaspace   ] GC(2367) Metaspace: 19078K(19200K)->19078K(19200K) NonClass: 17249K(17344K)->17249K(17344K) Class: 1829K(1856K)->1829K(1856K)
[837.231s][info][gc             ] GC(2367) Pause Young (Allocation Failure) 706M->601M(856M) 37.776ms
[837.231s][info][gc,cpu         ] GC(2367) User=0.07s Sys=0.00s Real=0.04s
[837.369s][info][gc,start       ] GC(2368) Pause Young (Allocation Failure)
[837.409s][info][gc,heap        ] GC(2368) PSYoungGen: 154848K(209408K)->39104K(213504K) Eden: 118784K(118784K)->0K(118784K) From: 36064K(90624K)->39104K(94720K)
[837.409s][info][gc,heap        ] GC(2368) ParOldGen: 579974K(667648K)->579974K(667648K)
[837.409s][info][gc,metaspace   ] GC(2368) Metaspace: 19078K(19200K)->19078K(19200K) NonClass: 17249K(17344K)->17249K(17344K) Class: 1829K(1856K)->1829K(1856K)
[837.409s][info][gc             ] GC(2368) Pause Young (Allocation Failure) 717M->604M(860M) 39.943ms
[837.409s][info][gc,cpu         ] GC(2368) User=0.08s Sys=0.00s Real=0.04s
[837.651s][info][gc,start       ] GC(2369) Pause Young (Allocation Failure)
[837.696s][info][gc,heap        ] GC(2369) PSYoungGen: 157888K(213504K)->42400K(209920K) Eden: 118784K(118784K)->0K(122880K) From: 39104K(94720K)->42400K(87040K)
[837.696s][info][gc,heap        ] GC(2369) ParOldGen: 579974K(667648K)->579974K(667648K)
[837.696s][info][gc,metaspace   ] GC(2369) Metaspace: 19078K(19200K)->19078K(19200K) NonClass: 17249K(17344K)->17249K(17344K) Class: 1829K(1856K)->1829K(1856K)
[837.696s][info][gc             ] GC(2369) Pause Young (Allocation Failure) 720M->607M(857M) 44.853ms
[837.696s][info][gc,cpu         ] GC(2369) User=0.09s Sys=0.00s Real=0.05s
[838.009s][info][gc,start       ] GC(2370) Pause Young (Allocation Failure)
[838.054s][info][gc,heap        ] GC(2370) PSYoungGen: 165280K(209920K)->43712K(212480K) Eden: 122880K(122880K)->0K(122880K) From: 42400K(87040K)->43712K(89600K)
[838.054s][info][gc,heap        ] GC(2370) ParOldGen: 579974K(667648K)->579974K(667648K)
[838.054s][info][gc,metaspace   ] GC(2370) Metaspace: 19078K(19200K)->19078K(19200K) NonClass: 17249K(17344K)->17249K(17344K) Class: 1829K(1856K)->1829K(1856K)
[838.054s][info][gc             ] GC(2370) Pause Young (Allocation Failure) 727M->609M(859M) 45.584ms
[838.054s][info][gc,cpu         ] GC(2370) User=0.09s Sys=0.00s Real=0.04s
[838.205s][info][gc,start       ] GC(2371) Pause Young (Allocation Failure)
[838.268s][info][gc,heap        ] GC(2371) PSYoungGen: 166592K(212480K)->57248K(211968K) Eden: 122880K(122880K)->0K(123904K) From: 43712K(89600K)->57248K(88064K)
[838.268s][info][gc,heap        ] GC(2371) ParOldGen: 579974K(667648K)->579974K(667648K)
[838.268s][info][gc,metaspace   ] GC(2371) Metaspace: 19078K(19200K)->19078K(19200K) NonClass: 17249K(17344K)->17249K(17344K) Class: 1829K(1856K)->1829K(1856K)
[838.268s][info][gc             ] GC(2371) Pause Young (Allocation Failure) 729M->622M(859M) 63.107ms
[838.268s][info][gc,cpu         ] GC(2371) User=0.13s Sys=0.00s Real=0.06s
[838.450s][info][gc,start       ] GC(2372) Pause Young (Allocation Failure)
[838.481s][info][gc,heap        ] GC(2372) PSYoungGen: 181152K(211968K)->31440K(215040K) Eden: 123904K(123904K)->0K(123904K) From: 57248K(88064K)->31440K(91136K)
[838.481s][info][gc,heap        ] GC(2372) ParOldGen: 579974K(667648K)->579974K(667648K)
[838.481s][info][gc,metaspace   ] GC(2372) Metaspace: 19078K(19200K)->19078K(19200K) NonClass: 17249K(17344K)->17249K(17344K) Class: 1829K(1856K)->1829K(1856K)
[838.481s][info][gc             ] GC(2372) Pause Young (Allocation Failure) 743M->597M(862M) 30.982ms
[838.481s][info][gc,cpu         ] GC(2372) User=0.06s Sys=0.00s Real=0.03s
[838.551s][info][gc,start       ] GC(2373) Pause Young (Allocation Failure)
[838.611s][info][gc,heap        ] GC(2373) PSYoungGen: 155344K(215040K)->77456K(204800K) Eden: 123904K(123904K)->0K(118272K) From: 31440K(91136K)->77456K(86528K)
[838.612s][info][gc,heap        ] GC(2373) ParOldGen: 579974K(667648K)->579974K(667648K)
[838.612s][info][gc,metaspace   ] GC(2373) Metaspace: 19078K(19200K)->19078K(19200K) NonClass: 17249K(17344K)->17249K(17344K) Class: 1829K(1856K)->1829K(1856K)
[838.612s][info][gc             ] GC(2373) Pause Young (Allocation Failure) 718M->642M(852M) 60.282ms
[838.612s][info][gc,cpu         ] GC(2373) User=0.12s Sys=0.00s Real=0.06s
[838.819s][info][gc,start       ] GC(2374) Pause Young (Allocation Failure)
[838.889s][info][gc,heap        ] GC(2374) PSYoungGen: 195728K(204800K)->96752K(215040K) Eden: 118272K(118272K)->0K(118272K) From: 77456K(86528K)->96752K(96768K)
[838.890s][info][gc,heap        ] GC(2374) ParOldGen: 579974K(667648K)->580254K(667648K)
[838.890s][info][gc,metaspace   ] GC(2374) Metaspace: 19078K(19200K)->19078K(19200K) NonClass: 17249K(17344K)->17249K(17344K) Class: 1829K(1856K)->1829K(1856K)
[838.890s][info][gc             ] GC(2374) Pause Young (Allocation Failure) 757M->661M(862M) 70.168ms
[838.890s][info][gc,cpu         ] GC(2374) User=0.13s Sys=0.00s Real=0.07s
[839.052s][info][gc,start       ] GC(2375) Pause Young (Allocation Failure)
[839.128s][info][gc,heap        ] GC(2375) PSYoungGen: 215024K(215040K)->87712K(222720K) Eden: 118272K(118272K)->0K(111616K) From: 96752K(96768K)->87712K(111104K)
[839.128s][info][gc,heap        ] GC(2375) ParOldGen: 580254K(667648K)->583094K(667648K)
[839.128s][info][gc,metaspace   ] GC(2375) Metaspace: 19078K(19200K)->19078K(19200K) NonClass: 17249K(17344K)->17249K(17344K) Class: 1829K(1856K)->1829K(1856K)
[839.128s][info][gc             ] GC(2375) Pause Young (Allocation Failure) 776M->655M(869M) 76.204ms
[839.128s][info][gc,cpu         ] GC(2375) User=0.14s Sys=0.01s Real=0.08s
[839.272s][info][gc,start       ] GC(2376) Pause Young (Allocation Failure)
[839.381s][info][gc,heap        ] GC(2376) PSYoungGen: 199328K(222720K)->111072K(222720K) Eden: 111616K(111616K)->0K(111616K) From: 87712K(111104K)->111072K(111104K)
[839.381s][info][gc,heap        ] GC(2376) ParOldGen: 583094K(667648K)->587694K(667648K)
[839.381s][info][gc,metaspace   ] GC(2376) Metaspace: 19078K(19200K)->19078K(19200K) NonClass: 17249K(17344K)->17249K(17344K) Class: 1829K(1856K)->1829K(1856K)
[839.381s][info][gc             ] GC(2376) Pause Young (Allocation Failure) 764M->682M(869M) 108.929ms
[839.381s][info][gc,cpu         ] GC(2376) User=0.21s Sys=0.00s Real=0.11s
[839.504s][info][gc,start       ] GC(2377) Pause Young (Allocation Failure)
[839.645s][info][gc,heap        ] GC(2377) PSYoungGen: 222688K(222720K)->111072K(222720K) Eden: 111616K(111616K)->0K(111616K) From: 111072K(111104K)->111072K(111104K)
[839.645s][info][gc,heap        ] GC(2377) ParOldGen: 587694K(667648K)->608651K(667648K)
[839.645s][info][gc,metaspace   ] GC(2377) Metaspace: 19078K(19200K)->19078K(19200K) NonClass: 17249K(17344K)->17249K(17344K) Class: 1829K(1856K)->1829K(1856K)
[839.645s][info][gc             ] GC(2377) Pause Young (Allocation Failure) 791M->702M(869M) 141.217ms
[839.645s][info][gc,cpu         ] GC(2377) User=0.26s Sys=0.01s Real=0.15s
[839.755s][info][gc,start       ] GC(2378) Pause Young (Allocation Failure)
[839.888s][info][gc,heap        ] GC(2378) PSYoungGen: 222688K(222720K)->111072K(222720K) Eden: 111616K(111616K)->0K(111616K) From: 111072K(111104K)->111072K(111104K)
[839.888s][info][gc,heap        ] GC(2378) ParOldGen: 608651K(667648K)->612915K(667648K)
[839.888s][info][gc,metaspace   ] GC(2378) Metaspace: 19078K(19200K)->19078K(19200K) NonClass: 17249K(17344K)->17249K(17344K) Class: 1829K(1856K)->1829K(1856K)
[839.888s][info][gc             ] GC(2378) Pause Young (Allocation Failure) 811M->707M(869M) 132.585ms
[839.888s][info][gc,cpu         ] GC(2378) User=0.26s Sys=0.00s Real=0.13s
[840.001s][info][gc,start       ] GC(2379) Pause Young (Allocation Failure)
[840.112s][info][gc,promotion   ] GC(2379) Promotion failed
[840.112s][info][gc,heap        ] GC(2379) PSYoungGen: 222688K(222720K)->222688K(222720K) Eden: 111616K(111616K)->111616K(111616K) From: 111072K(111104K)->111072K(111104K)
[840.112s][info][gc,heap        ] GC(2379) ParOldGen: 612915K(667648K)->667643K(667648K)
[840.112s][info][gc,metaspace   ] GC(2379) Metaspace: 19078K(19200K)->19078K(19200K) NonClass: 17249K(17344K)->17249K(17344K) Class: 1829K(1856K)->1829K(1856K)
[840.112s][info][gc             ] GC(2379) Pause Young (Allocation Failure) 816M->869M(869M) 111.720ms
[840.113s][info][gc,cpu         ] GC(2379) User=0.22s Sys=0.01s Real=0.11s
[840.113s][info][gc,start       ] GC(2380) Pause Full (Allocation Failure)
[840.113s][info][gc,phases,start] GC(2380) Marking Phase
[840.390s][info][gc,phases      ] GC(2380) Marking Phase 277.652ms
[840.390s][info][gc,phases,start] GC(2380) Summary Phase
[840.390s][info][gc,phases      ] GC(2380) Summary Phase 0.029ms
[840.390s][info][gc,phases,start] GC(2380) Forward
[840.502s][info][gc,phases      ] GC(2380) Forward 111.736ms
[840.502s][info][gc,phases,start] GC(2380) Adjust Pointers
[840.719s][info][gc,phases      ] GC(2380) Adjust Pointers 216.888ms
[840.719s][info][gc,phases,start] GC(2380) Compaction Phase
[840.852s][info][gc,phases      ] GC(2380) Compaction Phase 132.903ms
[840.861s][info][gc,phases,start] GC(2380) Post Compact
[840.864s][info][gc,phases      ] GC(2380) Post Compact 2.757ms
[840.865s][info][gc,heap        ] GC(2380) PSYoungGen: 222688K(222720K)->0K(222720K) Eden: 111616K(111616K)->0K(111616K) From: 111072K(111104K)->0K(111104K)
[840.865s][info][gc,heap        ] GC(2380) ParOldGen: 667643K(667648K)->371457K(652800K)
[840.866s][info][gc,metaspace   ] GC(2380) Metaspace: 19078K(19200K)->19078K(19200K) NonClass: 17249K(17344K)->17249K(17344K) Class: 1829K(1856K)->1829K(1856K)
[840.866s][info][gc             ] GC(2380) Pause Full (Allocation Failure) 869M->362M(855M) 752.978ms
[840.866s][info][gc,cpu         ] GC(2380) User=1.36s Sys=0.00s Real=0.76s
[840.981s][info][gc,start       ] GC(2381) Pause Young (Allocation Failure)
[840.990s][info][gc,heap        ] GC(2381) PSYoungGen: 111616K(222720K)->1600K(222720K) Eden: 111616K(111616K)->0K(111616K) From: 0K(111104K)->1600K(111104K)
[840.990s][info][gc,heap        ] GC(2381) ParOldGen: 371457K(652800K)->371457K(652800K)
[840.990s][info][gc,metaspace   ] GC(2381) Metaspace: 19078K(19200K)->19078K(19200K) NonClass: 17249K(17344K)->17249K(17344K) Class: 1829K(1856K)->1829K(1856K)
[840.990s][info][gc             ] GC(2381) Pause Young (Allocation Failure) 471M->364M(855M) 8.769ms
[840.990s][info][gc,cpu         ] GC(2381) User=0.02s Sys=0.00s Real=0.01s
[841.127s][info][gc,start       ] GC(2382) Pause Young (Allocation Failure)
[841.138s][info][gc,heap        ] GC(2382) PSYoungGen: 113216K(222720K)->4800K(222720K) Eden: 111616K(111616K)->0K(111616K) From: 1600K(111104K)->4800K(111104K)
[841.138s][info][gc,heap        ] GC(2382) ParOldGen: 371457K(652800K)->371457K(652800K)
[841.138s][info][gc,metaspace   ] GC(2382) Metaspace: 19078K(19200K)->19078K(19200K) NonClass: 17249K(17344K)->17249K(17344K) Class: 1829K(1856K)->1829K(1856K)
[841.138s][info][gc             ] GC(2382) Pause Young (Allocation Failure) 473M->367M(855M) 10.971ms
[841.138s][info][gc,cpu         ] GC(2382) User=0.02s Sys=0.00s Real=0.01s
[841.270s][info][gc,start       ] GC(2383) Pause Young (Allocation Failure)
[841.304s][info][gc,heap        ] GC(2383) PSYoungGen: 116416K(222720K)->40816K(222720K) Eden: 111616K(111616K)->0K(111616K) From: 4800K(111104K)->40816K(111104K)
[841.304s][info][gc,heap        ] GC(2383) ParOldGen: 371457K(652800K)->371457K(652800K)
[841.304s][info][gc,metaspace   ] GC(2383) Metaspace: 19078K(19200K)->19078K(19200K) NonClass: 17249K(17344K)->17249K(17344K) Class: 1829K(1856K)->1829K(1856K)
[841.304s][info][gc             ] GC(2383) Pause Young (Allocation Failure) 476M->402M(855M) 34.595ms
[841.304s][info][gc,cpu         ] GC(2383) User=0.07s Sys=0.00s Real=0.03s
[841.417s][info][gc,start       ] GC(2384) Pause Young (Allocation Failure)
[841.464s][info][gc,heap        ] GC(2384) PSYoungGen: 152432K(222720K)->56784K(222720K) Eden: 111616K(111616K)->0K(111616K) From: 40816K(111104K)->56784K(111104K)
[841.464s][info][gc,heap        ] GC(2384) ParOldGen: 371457K(652800K)->373009K(652800K)
[841.464s][info][gc,metaspace   ] GC(2384) Metaspace: 19078K(19200K)->19078K(19200K) NonClass: 17249K(17344K)->17249K(17344K) Class: 1829K(1856K)->1829K(1856K)
[841.464s][info][gc             ] GC(2384) Pause Young (Allocation Failure) 511M->419M(855M) 46.943ms
[841.464s][info][gc,cpu         ] GC(2384) User=0.10s Sys=0.00s Real=0.04s
[841.598s][info][gc,start       ] GC(2385) Pause Young (Allocation Failure)
[841.698s][info][gc,heap        ] GC(2385) PSYoungGen: 168400K(222720K)->46544K(222720K) Eden: 111616K(111616K)->0K(111616K) From: 56784K(111104K)->46544K(111104K)
[841.698s][info][gc,heap        ] GC(2385) ParOldGen: 373009K(652800K)->412654K(652800K)
[841.698s][info][gc,metaspace   ] GC(2385) Metaspace: 19078K(19200K)->19078K(19200K) NonClass: 17249K(17344K)->17249K(17344K) Class: 1829K(1856K)->1829K(1856K)
[841.698s][info][gc             ] GC(2385) Pause Young (Allocation Failure) 528M->448M(855M) 100.515ms
[841.698s][info][gc,cpu         ] GC(2385) User=0.20s Sys=0.00s Real=0.10s
[841.972s][info][gc,start       ] GC(2386) Pause Young (Allocation Failure)
[842.039s][info][gc,heap        ] GC(2386) PSYoungGen: 158160K(222720K)->864K(222720K) Eden: 111616K(111616K)->0K(111616K) From: 46544K(111104K)->864K(111104K)
[842.039s][info][gc,heap        ] GC(2386) ParOldGen: 412654K(652800K)->459375K(652800K)
[842.039s][info][gc,metaspace   ] GC(2386) Metaspace: 19078K(19200K)->19078K(19200K) NonClass: 17249K(17344K)->17249K(17344K) Class: 1829K(1856K)->1829K(1856K)
[842.039s][info][gc             ] GC(2386) Pause Young (Allocation Failure) 557M->449M(855M) 66.834ms
[842.039s][info][gc,cpu         ] GC(2386) User=0.13s Sys=0.00s Real=0.07s
[842.311s][info][gc,start       ] GC(2387) Pause Young (Allocation Failure)
[842.324s][info][gc,heap        ] GC(2387) PSYoungGen: 112480K(222720K)->7616K(222720K) Eden: 111616K(111616K)->0K(111616K) From: 864K(111104K)->7616K(111104K)
[842.324s][info][gc,heap        ] GC(2387) ParOldGen: 459375K(652800K)->460199K(652800K)
[842.324s][info][gc,metaspace   ] GC(2387) Metaspace: 19078K(19200K)->19078K(19200K) NonClass: 17249K(17344K)->17249K(17344K) Class: 1829K(1856K)->1829K(1856K)
[842.324s][info][gc             ] GC(2387) Pause Young (Allocation Failure) 558M->456M(855M) 13.228ms
[842.324s][info][gc,cpu         ] GC(2387) User=0.03s Sys=0.00s Real=0.01s
[842.475s][info][gc,start       ] GC(2388) Pause Young (Allocation Failure)
[842.502s][info][gc,heap        ] GC(2388) PSYoungGen: 119232K(222720K)->14944K(222720K) Eden: 111616K(111616K)->0K(111616K) From: 7616K(111104K)->14944K(111104K)
[842.502s][info][gc,heap        ] GC(2388) ParOldGen: 460199K(652800K)->467607K(652800K)
[842.502s][info][gc,metaspace   ] GC(2388) Metaspace: 19078K(19200K)->19078K(19200K) NonClass: 17249K(17344K)->17249K(17344K) Class: 1829K(1856K)->1829K(1856K)
[842.502s][info][gc             ] GC(2388) Pause Young (Allocation Failure) 565M->471M(855M) 27.242ms
[842.502s][info][gc,cpu         ] GC(2388) User=0.05s Sys=0.00s Real=0.02s
[842.633s][info][gc,start       ] GC(2389) Pause Young (Allocation Failure)
[842.654s][info][gc,heap        ] GC(2389) PSYoungGen: 126560K(222720K)->1088K(222720K) Eden: 111616K(111616K)->0K(111616K) From: 14944K(111104K)->1088K(111104K)
[842.654s][info][gc,heap        ] GC(2389) ParOldGen: 467607K(652800K)->482583K(652800K)
[842.654s][info][gc,metaspace   ] GC(2389) Metaspace: 19078K(19200K)->19078K(19200K) NonClass: 17249K(17344K)->17249K(17344K) Class: 1829K(1856K)->1829K(1856K)
[842.654s][info][gc             ] GC(2389) Pause Young (Allocation Failure) 580M->472M(855M) 20.320ms
[842.654s][info][gc,cpu         ] GC(2389) User=0.04s Sys=0.00s Real=0.02s
[842.853s][info][gc,start       ] GC(2390) Pause Young (Allocation Failure)
[842.863s][info][gc,heap        ] GC(2390) PSYoungGen: 112704K(222720K)->2144K(222720K) Eden: 111616K(111616K)->0K(111616K) From: 1088K(111104K)->2144K(111104K)
[842.863s][info][gc,heap        ] GC(2390) ParOldGen: 482583K(652800K)->483647K(652800K)
[842.863s][info][gc,metaspace   ] GC(2390) Metaspace: 19078K(19200K)->19078K(19200K) NonClass: 17249K(17344K)->17249K(17344K) Class: 1829K(1856K)->1829K(1856K)
[842.863s][info][gc             ] GC(2390) Pause Young (Allocation Failure) 581M->474M(855M) 9.591ms
[842.863s][info][gc,cpu         ] GC(2390) User=0.02s Sys=0.00s Real=0.01s
[843.041s][info][gc,start       ] GC(2391) Pause Young (Allocation Failure)
[843.064s][info][gc,heap        ] GC(2391) PSYoungGen: 113760K(222720K)->15584K(222720K) Eden: 111616K(111616K)->0K(111616K) From: 2144K(111104K)->15584K(111104K)
[843.064s][info][gc,heap        ] GC(2391) ParOldGen: 483647K(652800K)->485759K(652800K)
[843.064s][info][gc,metaspace   ] GC(2391) Metaspace: 19078K(19200K)->19078K(19200K) NonClass: 17249K(17344K)->17249K(17344K) Class: 1829K(1856K)->1829K(1856K)
[843.064s][info][gc             ] GC(2391) Pause Young (Allocation Failure) 583M->489M(855M) 23.043ms
[843.064s][info][gc,cpu         ] GC(2391) User=0.05s Sys=0.00s Real=0.02s
[843.441s][info][gc,start       ] GC(2392) Pause Young (Allocation Failure)
[843.462s][info][gc,heap        ] GC(2392) PSYoungGen: 127200K(222720K)->64K(222720K) Eden: 111616K(111616K)->0K(111616K) From: 15584K(111104K)->64K(111104K)
[843.462s][info][gc,heap        ] GC(2392) ParOldGen: 485759K(652800K)->501350K(652800K)
[843.462s][info][gc,metaspace   ] GC(2392) Metaspace: 19078K(19200K)->19078K(19200K) NonClass: 17249K(17344K)->17249K(17344K) Class: 1829K(1856K)->1829K(1856K)
[843.462s][info][gc             ] GC(2392) Pause Young (Allocation Failure) 598M->489M(855M) 21.598ms
[843.462s][info][gc,cpu         ] GC(2392) User=0.04s Sys=0.00s Real=0.02s
[843.815s][info][gc,start       ] GC(2393) Pause Young (Allocation Failure)
[843.817s][info][gc,heap        ] GC(2393) PSYoungGen: 111680K(222720K)->64K(222720K) Eden: 111616K(111616K)->0K(111616K) From: 64K(111104K)->64K(111104K)
[843.817s][info][gc,heap        ] GC(2393) ParOldGen: 501350K(652800K)->501393K(652800K)
[843.817s][info][gc,metaspace   ] GC(2393) Metaspace: 19078K(19200K)->19078K(19200K) NonClass: 17249K(17344K)->17249K(17344K) Class: 1829K(1856K)->1829K(1856K)
[843.817s][info][gc             ] GC(2393) Pause Young (Allocation Failure) 598M->489M(855M) 2.539ms
[843.817s][info][gc,cpu         ] GC(2393) User=0.00s Sys=0.00s Real=0.00s
[844.120s][info][gc,start       ] GC(2394) Pause Young (Allocation Failure)
[844.122s][info][gc,heap        ] GC(2394) PSYoungGen: 111680K(222720K)->64K(222720K) Eden: 111616K(111616K)->0K(111616K) From: 64K(111104K)->64K(111104K)
[844.122s][info][gc,heap        ] GC(2394) ParOldGen: 501393K(652800K)->501428K(652800K)
[844.122s][info][gc,metaspace   ] GC(2394) Metaspace: 19078K(19200K)->19078K(19200K) NonClass: 17249K(17344K)->17249K(17344K) Class: 1829K(1856K)->1829K(1856K)
[844.122s][info][gc             ] GC(2394) Pause Young (Allocation Failure) 598M->489M(855M) 2.172ms
[844.122s][info][gc,cpu         ] GC(2394) User=0.00s Sys=0.00s Real=0.00s
[844.428s][info][gc,start       ] GC(2395) Pause Young (Allocation Failure)
[844.431s][info][gc,heap        ] GC(2395) PSYoungGen: 111680K(222720K)->64K(112128K) Eden: 111616K(111616K)->0K(111616K) From: 64K(111104K)->64K(512K)
[844.431s][info][gc,heap        ] GC(2395) ParOldGen: 501428K(652800K)->501428K(652800K)
[844.431s][info][gc,metaspace   ] GC(2395) Metaspace: 19078K(19200K)->19078K(19200K) NonClass: 17249K(17344K)->17249K(17344K) Class: 1829K(1856K)->1829K(1856K)
[844.431s][info][gc             ] GC(2395) Pause Young (Allocation Failure) 598M->489M(747M) 2.977ms
[844.431s][info][gc,cpu         ] GC(2395) User=0.00s Sys=0.00s Real=0.00s
[844.729s][info][gc,start       ] GC(2396) Pause Young (Allocation Failure)
[844.739s][info][gc,heap        ] GC(2396) PSYoungGen: 111680K(112128K)->352K(212992K) Eden: 111616K(111616K)->0K(113664K) From: 64K(512K)->352K(99328K)
[844.739s][info][gc,heap        ] GC(2396) ParOldGen: 501428K(652800K)->501428K(652800K)
[844.739s][info][gc,metaspace   ] GC(2396) Metaspace: 19078K(19200K)->19078K(19200K) NonClass: 17249K(17344K)->17249K(17344K) Class: 1829K(1856K)->1829K(1856K)
[844.739s][info][gc             ] GC(2396) Pause Young (Allocation Failure) 598M->490M(845M) 10.766ms
[844.739s][info][gc,cpu         ] GC(2396) User=0.02s Sys=0.00s Real=0.01s
[844.874s][info][gc,start       ] GC(2397) Pause Young (Allocation Failure)
[844.913s][info][gc,heap        ] GC(2397) PSYoungGen: 114016K(212992K)->31200K(144896K) Eden: 113664K(113664K)->0K(113664K) From: 352K(99328K)->31200K(31232K)
[844.913s][info][gc,heap        ] GC(2397) ParOldGen: 501428K(652800K)->501428K(652800K)
[844.913s][info][gc,metaspace   ] GC(2397) Metaspace: 19078K(19200K)->19078K(19200K) NonClass: 17249K(17344K)->17249K(17344K) Class: 1829K(1856K)->1829K(1856K)
[844.913s][info][gc             ] GC(2397) Pause Young (Allocation Failure) 601M->520M(779M) 38.856ms
[844.913s][info][gc,cpu         ] GC(2397) User=0.07s Sys=0.00s Real=0.04s
[845.011s][info][gc,start       ] GC(2398) Pause Young (Allocation Failure)
[845.067s][info][gc,heap        ] GC(2398) PSYoungGen: 144864K(144896K)->71920K(203264K) Eden: 113664K(113664K)->0K(105472K) From: 31200K(31232K)->71920K(97792K)
[845.067s][info][gc,heap        ] GC(2398) ParOldGen: 501428K(652800K)->501428K(652800K)
[845.067s][info][gc,metaspace   ] GC(2398) Metaspace: 19078K(19200K)->19078K(19200K) NonClass: 17249K(17344K)->17249K(17344K) Class: 1829K(1856K)->1829K(1856K)
[845.067s][info][gc             ] GC(2398) Pause Young (Allocation Failure) 631M->559M(836M) 56.788ms
[845.067s][info][gc,cpu         ] GC(2398) User=0.11s Sys=0.00s Real=0.06s
[845.286s][info][gc,start       ] GC(2399) Pause Young (Allocation Failure)
[845.340s][info][gc,heap        ] GC(2399) PSYoungGen: 177392K(203264K)->74480K(214528K) Eden: 105472K(105472K)->0K(105472K) From: 71920K(97792K)->74480K(109056K)
[845.340s][info][gc,heap        ] GC(2399) ParOldGen: 501428K(652800K)->501428K(652800K)
[845.340s][info][gc,metaspace   ] GC(2399) Metaspace: 19078K(19200K)->19078K(19200K) NonClass: 17249K(17344K)->17249K(17344K) Class: 1829K(1856K)->1829K(1856K)
[845.340s][info][gc             ] GC(2399) Pause Young (Allocation Failure) 662M->562M(847M) 54.472ms
[845.340s][info][gc,cpu         ] GC(2399) User=0.11s Sys=0.00s Real=0.05s
[845.437s][info][gc,start       ] GC(2400) Pause Young (Allocation Failure)
[845.498s][info][gc,heap        ] GC(2400) PSYoungGen: 179952K(214528K)->90153K(221184K) Eden: 105472K(105472K)->0K(110080K) From: 74480K(109056K)->90153K(111104K)
[845.498s][info][gc,heap        ] GC(2400) ParOldGen: 501428K(652800K)->501444K(652800K)
[845.498s][info][gc,metaspace   ] GC(2400) Metaspace: 19078K(19200K)->19078K(19200K) NonClass: 17249K(17344K)->17249K(17344K) Class: 1829K(1856K)->1829K(1856K)
[845.498s][info][gc             ] GC(2400) Pause Young (Allocation Failure) 665M->577M(853M) 61.027ms
[845.498s][info][gc,cpu         ] GC(2400) User=0.12s Sys=0.00s Real=0.06s
[845.567s][info][gc,start       ] GC(2401) Pause Young (Allocation Failure)
[845.668s][info][gc,heap        ] GC(2401) PSYoungGen: 200233K(221184K)->99817K(221184K) Eden: 110080K(110080K)->0K(110080K) From: 90153K(111104K)->99817K(111104K)
[845.668s][info][gc,heap        ] GC(2401) ParOldGen: 501444K(652800K)->532975K(652800K)
[845.668s][info][gc,metaspace   ] GC(2401) Metaspace: 19078K(19200K)->19078K(19200K) NonClass: 17249K(17344K)->17249K(17344K) Class: 1829K(1856K)->1829K(1856K)
[845.668s][info][gc             ] GC(2401) Pause Young (Allocation Failure) 685M->617M(853M) 101.415ms
[845.668s][info][gc,cpu         ] GC(2401) User=0.20s Sys=0.00s Real=0.10s
[845.848s][info][gc,start       ] GC(2402) Pause Young (Allocation Failure)
[845.975s][info][gc,heap        ] GC(2402) PSYoungGen: 209897K(221184K)->94329K(222720K) Eden: 110080K(110080K)->0K(111616K) From: 99817K(111104K)->94329K(111104K)
[845.975s][info][gc,heap        ] GC(2402) ParOldGen: 532975K(652800K)->576782K(652800K)
[845.975s][info][gc,metaspace   ] GC(2402) Metaspace: 19078K(19200K)->19078K(19200K) NonClass: 17249K(17344K)->17249K(17344K) Class: 1829K(1856K)->1829K(1856K)
[845.975s][info][gc             ] GC(2402) Pause Young (Allocation Failure) 725M->655M(855M) 126.803ms
[845.975s][info][gc,cpu         ] GC(2402) User=0.25s Sys=0.01s Real=0.13s
[846.070s][info][gc,start       ] GC(2403) Pause Young (Allocation Failure)
[846.156s][info][gc,heap        ] GC(2403) PSYoungGen: 205945K(222720K)->39872K(222720K) Eden: 111616K(111616K)->0K(111616K) From: 94329K(111104K)->39872K(111104K)
[846.156s][info][gc,heap        ] GC(2403) ParOldGen: 576782K(652800K)->633967K(652800K)
[846.156s][info][gc,metaspace   ] GC(2403) Metaspace: 19078K(19200K)->19078K(19200K) NonClass: 17249K(17344K)->17249K(17344K) Class: 1829K(1856K)->1829K(1856K)
[846.156s][info][gc             ] GC(2403) Pause Young (Allocation Failure) 764M->658M(855M) 86.366ms
[846.156s][info][gc,cpu         ] GC(2403) User=0.17s Sys=0.00s Real=0.09s
[846.322s][info][gc,start       ] GC(2404) Pause Full (Allocation Failure)
[846.322s][info][gc,phases,start] GC(2404) Marking Phase
[846.699s][info][gc,phases      ] GC(2404) Marking Phase 377.149ms
[846.699s][info][gc,phases,start] GC(2404) Summary Phase
[846.699s][info][gc,phases      ] GC(2404) Summary Phase 0.034ms
[846.699s][info][gc,phases,start] GC(2404) Forward
[846.823s][info][gc,phases      ] GC(2404) Forward 124.273ms
[846.823s][info][gc,phases,start] GC(2404) Adjust Pointers
[847.146s][info][gc,phases      ] GC(2404) Adjust Pointers 322.799ms
[847.146s][info][gc,phases,start] GC(2404) Compaction Phase
[847.345s][info][gc,phases      ] GC(2404) Compaction Phase 199.043ms
[847.358s][info][gc,phases,start] GC(2404) Post Compact
[847.360s][info][gc,phases      ] GC(2404) Post Compact 2.401ms
[847.360s][info][gc,heap        ] GC(2404) PSYoungGen: 151488K(222720K)->0K(222720K) Eden: 111616K(111616K)->0K(111616K) From: 39872K(111104K)->0K(111104K)
[847.360s][info][gc,heap        ] GC(2404) ParOldGen: 633967K(652800K)->510871K(667648K)
[847.360s][info][gc,metaspace   ] GC(2404) Metaspace: 19078K(19200K)->19078K(19200K) NonClass: 17249K(17344K)->17249K(17344K) Class: 1829K(1856K)->1829K(1856K)
[847.360s][info][gc             ] GC(2404) Pause Full (Allocation Failure) 767M->498M(869M) 1038.553ms
[847.360s][info][gc,cpu         ] GC(2404) User=1.96s Sys=0.00s Real=1.04s
[847.546s][info][gc,start       ] GC(2405) Pause Young (Allocation Failure)
[847.552s][info][gc,heap        ] GC(2405) PSYoungGen: 111616K(222720K)->3040K(222720K) Eden: 111616K(111616K)->0K(111616K) From: 0K(111104K)->3040K(111104K)
[847.553s][info][gc,heap        ] GC(2405) ParOldGen: 510871K(667648K)->510871K(667648K)
[847.553s][info][gc,metaspace   ] GC(2405) Metaspace: 19078K(19200K)->19078K(19200K) NonClass: 17249K(17344K)->17249K(17344K) Class: 1829K(1856K)->1829K(1856K)
[847.553s][info][gc             ] GC(2405) Pause Young (Allocation Failure) 607M->501M(869M) 6.884ms
[847.553s][info][gc,cpu         ] GC(2405) User=0.02s Sys=0.00s Real=0.00s
[847.736s][info][gc,start       ] GC(2406) Pause Young (Allocation Failure)
[847.742s][info][gc,heap        ] GC(2406) PSYoungGen: 114656K(222720K)->32K(222720K) Eden: 111616K(111616K)->0K(111616K) From: 3040K(111104K)->32K(111104K)
[847.742s][info][gc,heap        ] GC(2406) ParOldGen: 510871K(667648K)->513887K(667648K)
[847.742s][info][gc,metaspace   ] GC(2406) Metaspace: 19078K(19200K)->19078K(19200K) NonClass: 17249K(17344K)->17249K(17344K) Class: 1829K(1856K)->1829K(1856K)
[847.742s][info][gc             ] GC(2406) Pause Young (Allocation Failure) 610M->501M(869M) 6.582ms
[847.742s][info][gc,cpu         ] GC(2406) User=0.01s Sys=0.00s Real=0.00s
[847.931s][info][gc,start       ] GC(2407) Pause Young (Allocation Failure)
[847.933s][info][gc,heap        ] GC(2407) PSYoungGen: 111648K(222720K)->64K(222720K) Eden: 111616K(111616K)->0K(111616K) From: 32K(111104K)->64K(111104K)
[847.933s][info][gc,heap        ] GC(2407) ParOldGen: 513887K(667648K)->513887K(667648K)
[847.933s][info][gc,metaspace   ] GC(2407) Metaspace: 19078K(19200K)->19078K(19200K) NonClass: 17249K(17344K)->17249K(17344K) Class: 1829K(1856K)->1829K(1856K)
[847.933s][info][gc             ] GC(2407) Pause Young (Allocation Failure) 610M->501M(869M) 1.992ms
[847.933s][info][gc,cpu         ] GC(2407) User=0.01s Sys=0.00s Real=0.00s
[848.117s][info][gc,start       ] GC(2408) Pause Young (Allocation Failure)
[848.119s][info][gc,heap        ] GC(2408) PSYoungGen: 111680K(222720K)->64K(222720K) Eden: 111616K(111616K)->0K(111616K) From: 64K(111104K)->64K(111104K)
[848.119s][info][gc,heap        ] GC(2408) ParOldGen: 513887K(667648K)->513887K(667648K)
[848.119s][info][gc,metaspace   ] GC(2408) Metaspace: 19078K(19200K)->19078K(19200K) NonClass: 17249K(17344K)->17249K(17344K) Class: 1829K(1856K)->1829K(1856K)
[848.119s][info][gc             ] GC(2408) Pause Young (Allocation Failure) 610M->501M(869M) 2.020ms
[848.119s][info][gc,cpu         ] GC(2408) User=0.01s Sys=0.00s Real=0.00s
[848.311s][info][gc,start       ] GC(2409) Pause Young (Allocation Failure)
[848.313s][info][gc,heap        ] GC(2409) PSYoungGen: 111680K(222720K)->64K(222720K) Eden: 111616K(111616K)->0K(111616K) From: 64K(111104K)->64K(111104K)
[848.313s][info][gc,heap        ] GC(2409) ParOldGen: 513887K(667648K)->513887K(667648K)
[848.313s][info][gc,metaspace   ] GC(2409) Metaspace: 19078K(19200K)->19078K(19200K) NonClass: 17249K(17344K)->17249K(17344K) Class: 1829K(1856K)->1829K(1856K)
[848.313s][info][gc             ] GC(2409) Pause Young (Allocation Failure) 610M->501M(869M) 2.053ms
[848.313s][info][gc,cpu         ] GC(2409) User=0.00s Sys=0.00s Real=0.00s
[848.485s][info][gc,start       ] GC(2410) Pause Young (Allocation Failure)
[848.486s][info][gc,heap        ] GC(2410) PSYoungGen: 111680K(222720K)->64K(222720K) Eden: 111616K(111616K)->0K(111616K) From: 64K(111104K)->64K(111104K)
[848.486s][info][gc,heap        ] GC(2410) ParOldGen: 513887K(667648K)->513887K(667648K)
[848.486s][info][gc,metaspace   ] GC(2410) Metaspace: 19078K(19200K)->19078K(19200K) NonClass: 17249K(17344K)->17249K(17344K) Class: 1829K(1856K)->1829K(1856K)
[848.486s][info][gc             ] GC(2410) Pause Young (Allocation Failure) 610M->501M(869M) 1.866ms
[848.486s][info][gc,cpu         ] GC(2410) User=0.00s Sys=0.00s Real=0.01s
[848.644s][info][gc,start       ] GC(2411) Pause Young (Allocation Failure)
[848.646s][info][gc,heap        ] GC(2411) PSYoungGen: 111680K(222720K)->64K(222720K) Eden: 111616K(111616K)->0K(111616K) From: 64K(111104K)->64K(111104K)
[848.646s][info][gc,heap        ] GC(2411) ParOldGen: 513887K(667648K)->513887K(667648K)
[848.646s][info][gc,metaspace   ] GC(2411) Metaspace: 19078K(19200K)->19078K(19200K) NonClass: 17249K(17344K)->17249K(17344K) Class: 1829K(1856K)->1829K(1856K)
[848.646s][info][gc             ] GC(2411) Pause Young (Allocation Failure) 610M->501M(869M) 1.942ms
[848.646s][info][gc,cpu         ] GC(2411) User=0.00s Sys=0.00s Real=0.01s
[848.804s][info][gc,start       ] GC(2412) Pause Young (Allocation Failure)
[848.806s][info][gc,heap        ] GC(2412) PSYoungGen: 111680K(222720K)->64K(222720K) Eden: 111616K(111616K)->0K(111616K) From: 64K(111104K)->64K(111104K)
[848.806s][info][gc,heap        ] GC(2412) ParOldGen: 513887K(667648K)->513887K(667648K)
[848.806s][info][gc,metaspace   ] GC(2412) Metaspace: 19078K(19200K)->19078K(19200K) NonClass: 17249K(17344K)->17249K(17344K) Class: 1829K(1856K)->1829K(1856K)
[848.806s][info][gc             ] GC(2412) Pause Young (Allocation Failure) 610M->501M(869M) 2.729ms
[848.806s][info][gc,cpu         ] GC(2412) User=0.00s Sys=0.00s Real=0.01s
[848.964s][info][gc,start       ] GC(2413) Pause Young (Allocation Failure)
[848.966s][info][gc,heap        ] GC(2413) PSYoungGen: 111680K(222720K)->64K(112128K) Eden: 111616K(111616K)->0K(111616K) From: 64K(111104K)->64K(512K)
[848.966s][info][gc,heap        ] GC(2413) ParOldGen: 513887K(667648K)->513887K(667648K)
[848.966s][info][gc,metaspace   ] GC(2413) Metaspace: 19078K(19200K)->19078K(19200K) NonClass: 17249K(17344K)->17249K(17344K) Class: 1829K(1856K)->1829K(1856K)
[848.966s][info][gc             ] GC(2413) Pause Young (Allocation Failure) 610M->501M(761M) 1.883ms
[848.966s][info][gc,cpu         ] GC(2413) User=0.00s Sys=0.00s Real=0.01s
[849.141s][info][gc,start       ] GC(2414) Pause Young (Allocation Failure)
[849.143s][info][gc,heap        ] GC(2414) PSYoungGen: 111680K(112128K)->64K(209408K) Eden: 111616K(111616K)->0K(113152K) From: 64K(512K)->64K(96256K)
[849.143s][info][gc,heap        ] GC(2414) ParOldGen: 513887K(667648K)->513887K(667648K)
[849.143s][info][gc,metaspace   ] GC(2414) Metaspace: 19078K(19200K)->19078K(19200K) NonClass: 17249K(17344K)->17249K(17344K) Class: 1829K(1856K)->1829K(1856K)
[849.143s][info][gc             ] GC(2414) Pause Young (Allocation Failure) 610M->501M(856M) 2.288ms
[849.143s][info][gc,cpu         ] GC(2414) User=0.00s Sys=0.00s Real=0.00s
[849.303s][info][gc,start       ] GC(2415) Pause Young (Allocation Failure)
[849.306s][info][gc,heap        ] GC(2415) PSYoungGen: 113216K(209408K)->64K(113664K) Eden: 113152K(113152K)->0K(113152K) From: 64K(96256K)->64K(512K)
[849.306s][info][gc,heap        ] GC(2415) ParOldGen: 513887K(667648K)->513887K(667648K)
[849.306s][info][gc,metaspace   ] GC(2415) Metaspace: 19078K(19200K)->19078K(19200K) NonClass: 17249K(17344K)->17249K(17344K) Class: 1829K(1856K)->1829K(1856K)
[849.306s][info][gc             ] GC(2415) Pause Young (Allocation Failure) 612M->501M(763M) 2.804ms
[849.306s][info][gc,cpu         ] GC(2415) User=0.00s Sys=0.01s Real=0.01s
[849.468s][info][gc,start       ] GC(2416) Pause Young (Allocation Failure)
[849.471s][info][gc,heap        ] GC(2416) PSYoungGen: 113216K(113664K)->64K(197120K) Eden: 113152K(113152K)->0K(114176K) From: 64K(512K)->64K(82944K)
[849.471s][info][gc,heap        ] GC(2416) ParOldGen: 513887K(667648K)->513887K(667648K)
[849.471s][info][gc,metaspace   ] GC(2416) Metaspace: 19078K(19200K)->19078K(19200K) NonClass: 17249K(17344K)->17249K(17344K) Class: 1829K(1856K)->1829K(1856K)
[849.471s][info][gc             ] GC(2416) Pause Young (Allocation Failure) 612M->501M(844M) 3.134ms
[849.472s][info][gc,cpu         ] GC(2416) User=0.00s Sys=0.00s Real=0.00s
[849.636s][info][gc,start       ] GC(2417) Pause Young (Allocation Failure)
[849.647s][info][gc,heap        ] GC(2417) PSYoungGen: 114240K(197120K)->6432K(120832K) Eden: 114176K(114176K)->0K(114176K) From: 64K(82944K)->6432K(6656K)
[849.647s][info][gc,heap        ] GC(2417) ParOldGen: 513887K(667648K)->513887K(667648K)
[849.647s][info][gc,metaspace   ] GC(2417) Metaspace: 19078K(19200K)->19078K(19200K) NonClass: 17249K(17344K)->17249K(17344K) Class: 1829K(1856K)->1829K(1856K)
[849.647s][info][gc             ] GC(2417) Pause Young (Allocation Failure) 613M->508M(770M) 11.720ms
[849.647s][info][gc,cpu         ] GC(2417) User=0.03s Sys=0.00s Real=0.01s
[849.754s][info][gc,start       ] GC(2418) Pause Young (Allocation Failure)
[849.801s][info][gc,heap        ] GC(2418) PSYoungGen: 120608K(120832K)->33728K(197632K) Eden: 114176K(114176K)->0K(114688K) From: 6432K(6656K)->33728K(82944K)
[849.801s][info][gc,heap        ] GC(2418) ParOldGen: 513887K(667648K)->513887K(667648K)
[849.801s][info][gc,metaspace   ] GC(2418) Metaspace: 19078K(19200K)->19078K(19200K) NonClass: 17249K(17344K)->17249K(17344K) Class: 1829K(1856K)->1829K(1856K)
[849.801s][info][gc             ] GC(2418) Pause Young (Allocation Failure) 619M->534M(845M) 47.182ms
[849.801s][info][gc,cpu         ] GC(2418) User=0.09s Sys=0.00s Real=0.05s
[849.915s][info][gc,start       ] GC(2419) Pause Young (Allocation Failure)
[849.984s][info][gc,heap        ] GC(2419) PSYoungGen: 148416K(197632K)->55200K(198656K) Eden: 114688K(114688K)->0K(114688K) From: 33728K(82944K)->55200K(83968K)
[849.984s][info][gc,heap        ] GC(2419) ParOldGen: 513887K(667648K)->513887K(667648K)
[849.984s][info][gc,metaspace   ] GC(2419) Metaspace: 19078K(19200K)->19078K(19200K) NonClass: 17249K(17344K)->17249K(17344K) Class: 1829K(1856K)->1829K(1856K)
[849.984s][info][gc             ] GC(2419) Pause Young (Allocation Failure) 646M->555M(846M) 68.671ms
[849.984s][info][gc,cpu         ] GC(2419) User=0.13s Sys=0.00s Real=0.06s
[850.049s][info][gc,start       ] GC(2420) Pause Young (Allocation Failure)
[850.125s][info][gc,heap        ] GC(2420) PSYoungGen: 169888K(198656K)->71392K(199680K) Eden: 114688K(114688K)->0K(108032K) From: 55200K(83968K)->71392K(91648K)
[850.125s][info][gc,heap        ] GC(2420) ParOldGen: 513887K(667648K)->513887K(667648K)
[850.125s][info][gc,metaspace   ] GC(2420) Metaspace: 19078K(19200K)->19078K(19200K) NonClass: 17249K(17344K)->17249K(17344K) Class: 1829K(1856K)->1829K(1856K)
[850.125s][info][gc             ] GC(2420) Pause Young (Allocation Failure) 667M->571M(847M) 76.377ms
[850.125s][info][gc,cpu         ] GC(2420) User=0.15s Sys=0.00s Real=0.08s
[850.203s][info][gc,start       ] GC(2421) Pause Young (Allocation Failure)
[850.283s][info][gc,heap        ] GC(2421) PSYoungGen: 179424K(199680K)->76320K(211968K) Eden: 108032K(108032K)->0K(108032K) From: 71392K(91648K)->76320K(103936K)
[850.283s][info][gc,heap        ] GC(2421) ParOldGen: 513887K(667648K)->513887K(667648K)
[850.283s][info][gc,metaspace   ] GC(2421) Metaspace: 19078K(19200K)->19078K(19200K) NonClass: 17249K(17344K)->17249K(17344K) Class: 1829K(1856K)->1829K(1856K)
[850.283s][info][gc             ] GC(2421) Pause Young (Allocation Failure) 677M->576M(859M) 80.681ms
[850.283s][info][gc,cpu         ] GC(2421) User=0.16s Sys=0.00s Real=0.08s
[850.341s][info][gc,start       ] GC(2422) Pause Young (Allocation Failure)
[850.430s][info][gc,heap        ] GC(2422) PSYoungGen: 184352K(211968K)->77120K(222720K) Eden: 108032K(108032K)->0K(111616K) From: 76320K(103936K)->77120K(111104K)
[850.430s][info][gc,heap        ] GC(2422) ParOldGen: 513887K(667648K)->513887K(667648K)
[850.430s][info][gc,metaspace   ] GC(2422) Metaspace: 19078K(19200K)->19078K(19200K) NonClass: 17249K(17344K)->17249K(17344K) Class: 1829K(1856K)->1829K(1856K)
[850.430s][info][gc             ] GC(2422) Pause Young (Allocation Failure) 681M->577M(869M) 88.889ms
[850.430s][info][gc,cpu         ] GC(2422) User=0.16s Sys=0.01s Real=0.09s
[850.502s][info][gc,start       ] GC(2423) Pause Young (Allocation Failure)
[850.586s][info][gc,heap        ] GC(2423) PSYoungGen: 188736K(222720K)->80000K(222720K) Eden: 111616K(111616K)->0K(111616K) From: 77120K(111104K)->80000K(111104K)
[850.586s][info][gc,heap        ] GC(2423) ParOldGen: 513887K(667648K)->513887K(667648K)
[850.586s][info][gc,metaspace   ] GC(2423) Metaspace: 19078K(19200K)->19078K(19200K) NonClass: 17249K(17344K)->17249K(17344K) Class: 1829K(1856K)->1829K(1856K)
[850.586s][info][gc             ] GC(2423) Pause Young (Allocation Failure) 686M->579M(869M) 83.922ms
[850.586s][info][gc,cpu         ] GC(2423) User=0.17s Sys=0.00s Real=0.09s
[850.665s][info][gc,start       ] GC(2424) Pause Young (Allocation Failure)
[850.752s][info][gc,heap        ] GC(2424) PSYoungGen: 191616K(222720K)->48512K(222720K) Eden: 111616K(111616K)->0K(111616K) From: 80000K(111104K)->48512K(111104K)
[850.752s][info][gc,heap        ] GC(2424) ParOldGen: 513887K(667648K)->547719K(667648K)
[850.752s][info][gc,metaspace   ] GC(2424) Metaspace: 19078K(19200K)->19078K(19200K) NonClass: 17249K(17344K)->17249K(17344K) Class: 1829K(1856K)->1829K(1856K)
[850.752s][info][gc             ] GC(2424) Pause Young (Allocation Failure) 688M->582M(869M) 86.803ms
[850.752s][info][gc,cpu         ] GC(2424) User=0.17s Sys=0.00s Real=0.08s
[850.825s][info][gc,start       ] GC(2425) Pause Young (Allocation Failure)
[850.884s][info][gc,heap        ] GC(2425) PSYoungGen: 160128K(222720K)->14432K(222720K) Eden: 111616K(111616K)->0K(111616K) From: 48512K(111104K)->14432K(111104K)
[850.884s][info][gc,heap        ] GC(2425) ParOldGen: 547719K(667648K)->585519K(667648K)
[850.884s][info][gc,metaspace   ] GC(2425) Metaspace: 19078K(19200K)->19078K(19200K) NonClass: 17249K(17344K)->17249K(17344K) Class: 1829K(1856K)->1829K(1856K)
[850.884s][info][gc             ] GC(2425) Pause Young (Allocation Failure) 691M->585M(869M) 59.168ms
[850.884s][info][gc,cpu         ] GC(2425) User=0.12s Sys=0.00s Real=0.05s
[850.969s][info][gc,start       ] GC(2426) Pause Young (Allocation Failure)
[850.996s][info][gc,heap        ] GC(2426) PSYoungGen: 126048K(222720K)->16576K(222720K) Eden: 111616K(111616K)->0K(111616K) From: 14432K(111104K)->16576K(111104K)
[850.997s][info][gc,heap        ] GC(2426) ParOldGen: 585519K(667648K)->591279K(667648K)
[850.997s][info][gc,metaspace   ] GC(2426) Metaspace: 19078K(19200K)->19078K(19200K) NonClass: 17249K(17344K)->17249K(17344K) Class: 1829K(1856K)->1829K(1856K)
[850.997s][info][gc             ] GC(2426) Pause Young (Allocation Failure) 694M->593M(869M) 27.564ms
[850.997s][info][gc,cpu         ] GC(2426) User=0.05s Sys=0.00s Real=0.03s
[851.091s][info][gc,start       ] GC(2427) Pause Young (Allocation Failure)
[851.113s][info][gc,heap        ] GC(2427) PSYoungGen: 128192K(222720K)->13216K(222720K) Eden: 111616K(111616K)->0K(111616K) From: 16576K(111104K)->13216K(111104K)
[851.113s][info][gc,heap        ] GC(2427) ParOldGen: 591279K(667648K)->596399K(667648K)
[851.113s][info][gc,metaspace   ] GC(2427) Metaspace: 19078K(19200K)->19078K(19200K) NonClass: 17249K(17344K)->17249K(17344K) Class: 1829K(1856K)->1829K(1856K)
[851.113s][info][gc             ] GC(2427) Pause Young (Allocation Failure) 702M->595M(869M) 22.582ms
[851.113s][info][gc,cpu         ] GC(2427) User=0.05s Sys=0.00s Real=0.02s
[851.193s][info][gc,start       ] GC(2428) Pause Young (Allocation Failure)
[851.235s][info][gc,heap        ] GC(2428) PSYoungGen: 124832K(222720K)->26192K(212480K) Eden: 111616K(111616K)->0K(111616K) From: 13216K(111104K)->26192K(100864K)
[851.235s][info][gc,heap        ] GC(2428) ParOldGen: 596399K(667648K)->607903K(667648K)
[851.235s][info][gc,metaspace   ] GC(2428) Metaspace: 19078K(19200K)->19078K(19200K) NonClass: 17249K(17344K)->17249K(17344K) Class: 1829K(1856K)->1829K(1856K)
[851.235s][info][gc             ] GC(2428) Pause Young (Allocation Failure) 704M->619M(859M) 41.466ms
[851.235s][info][gc,cpu         ] GC(2428) User=0.09s Sys=0.00s Real=0.05s
[851.375s][info][gc,start       ] GC(2429) Pause Young (Allocation Failure)
[851.424s][info][gc,heap        ] GC(2429) PSYoungGen: 137808K(212480K)->42448K(217600K) Eden: 111616K(111616K)->0K(111616K) From: 26192K(100864K)->42448K(105984K)
[851.424s][info][gc,heap        ] GC(2429) ParOldGen: 607903K(667648K)->607903K(667648K)
[851.424s][info][gc,metaspace   ] GC(2429) Metaspace: 19078K(19200K)->19078K(19200K) NonClass: 17249K(17344K)->17249K(17344K) Class: 1829K(1856K)->1829K(1856K)
[851.424s][info][gc             ] GC(2429) Pause Young (Allocation Failure) 728M->635M(864M) 48.897ms
[851.424s][info][gc,cpu         ] GC(2429) User=0.10s Sys=0.00s Real=0.04s
[851.869s][info][gc,start       ] GC(2430) Pause Young (Allocation Failure)
[851.918s][info][gc,heap        ] GC(2430) PSYoungGen: 154064K(217600K)->42528K(213504K) Eden: 111616K(111616K)->0K(119296K) From: 42448K(105984K)->42528K(94208K)
[851.918s][info][gc,heap        ] GC(2430) ParOldGen: 607903K(667648K)->607903K(667648K)
[851.918s][info][gc,metaspace   ] GC(2430) Metaspace: 19078K(19200K)->19078K(19200K) NonClass: 17249K(17344K)->17249K(17344K) Class: 1829K(1856K)->1829K(1856K)
[851.918s][info][gc             ] GC(2430) Pause Young (Allocation Failure) 744M->635M(860M) 48.788ms
[851.918s][info][gc,cpu         ] GC(2430) User=0.10s Sys=0.00s Real=0.05s
[852.266s][info][gc,start       ] GC(2431) Pause Young (Allocation Failure)
[852.312s][info][gc,heap        ] GC(2431) PSYoungGen: 161824K(213504K)->42640K(218112K) Eden: 119296K(119296K)->0K(119296K) From: 42528K(94208K)->42640K(98816K)
[852.312s][info][gc,heap        ] GC(2431) ParOldGen: 607903K(667648K)->607903K(667648K)
[852.312s][info][gc,metaspace   ] GC(2431) Metaspace: 19078K(19200K)->19078K(19200K) NonClass: 17249K(17344K)->17249K(17344K) Class: 1829K(1856K)->1829K(1856K)
[852.312s][info][gc             ] GC(2431) Pause Young (Allocation Failure) 751M->635M(865M) 45.869ms
[852.312s][info][gc,cpu         ] GC(2431) User=0.09s Sys=0.01s Real=0.04s
[852.629s][info][gc,start       ] GC(2432) Pause Young (Allocation Failure)
[852.681s][info][gc,heap        ] GC(2432) PSYoungGen: 161936K(218112K)->42624K(215552K) Eden: 119296K(119296K)->0K(126464K) From: 42640K(98816K)->42624K(89088K)
[852.681s][info][gc,heap        ] GC(2432) ParOldGen: 607903K(667648K)->607903K(667648K)
[852.681s][info][gc,metaspace   ] GC(2432) Metaspace: 19078K(19200K)->19078K(19200K) NonClass: 17249K(17344K)->17249K(17344K) Class: 1829K(1856K)->1829K(1856K)
[852.681s][info][gc             ] GC(2432) Pause Young (Allocation Failure) 751M->635M(862M) 51.989ms
[852.681s][info][gc,cpu         ] GC(2432) User=0.10s Sys=0.00s Real=0.05s
[853.019s][info][gc,start       ] GC(2433) Pause Young (Allocation Failure)
[853.067s][info][gc,heap        ] GC(2433) PSYoungGen: 169088K(215552K)->42657K(219136K) Eden: 126464K(126464K)->0K(126464K) From: 42624K(89088K)->42657K(92672K)
[853.067s][info][gc,heap        ] GC(2433) ParOldGen: 607903K(667648K)->607903K(667648K)
[853.067s][info][gc,metaspace   ] GC(2433) Metaspace: 19078K(19200K)->19078K(19200K) NonClass: 17249K(17344K)->17249K(17344K) Class: 1829K(1856K)->1829K(1856K)
[853.067s][info][gc             ] GC(2433) Pause Young (Allocation Failure) 758M->635M(866M) 47.952ms
[853.067s][info][gc,cpu         ] GC(2433) User=0.09s Sys=0.00s Real=0.05s
[853.388s][info][gc,start       ] GC(2434) Pause Young (Allocation Failure)
[853.435s][info][gc,heap        ] GC(2434) PSYoungGen: 169121K(219136K)->42657K(217088K) Eden: 126464K(126464K)->0K(133120K) From: 42657K(92672K)->42657K(83968K)
[853.435s][info][gc,heap        ] GC(2434) ParOldGen: 607903K(667648K)->607903K(667648K)
[853.435s][info][gc,metaspace   ] GC(2434) Metaspace: 19078K(19200K)->19078K(19200K) NonClass: 17249K(17344K)->17249K(17344K) Class: 1829K(1856K)->1829K(1856K)
[853.435s][info][gc             ] GC(2434) Pause Young (Allocation Failure) 758M->635M(864M) 47.631ms
[853.435s][info][gc,cpu         ] GC(2434) User=0.10s Sys=0.00s Real=0.05s
[853.771s][info][gc,start       ] GC(2435) Pause Young (Allocation Failure)
[853.819s][info][gc,heap        ] GC(2435) PSYoungGen: 175777K(217088K)->42640K(219648K) Eden: 133120K(133120K)->0K(133120K) From: 42657K(83968K)->42640K(86528K)
[853.819s][info][gc,heap        ] GC(2435) ParOldGen: 607903K(667648K)->607903K(667648K)
[853.819s][info][gc,metaspace   ] GC(2435) Metaspace: 19078K(19200K)->19078K(19200K) NonClass: 17249K(17344K)->17249K(17344K) Class: 1829K(1856K)->1829K(1856K)
[853.819s][info][gc             ] GC(2435) Pause Young (Allocation Failure) 765M->635M(866M) 47.962ms
[853.819s][info][gc,cpu         ] GC(2435) User=0.09s Sys=0.00s Real=0.05s
[854.145s][info][gc,start       ] GC(2436) Pause Young (Allocation Failure)
[854.193s][info][gc,heap        ] GC(2436) PSYoungGen: 175760K(219648K)->42640K(217600K) Eden: 133120K(133120K)->0K(139264K) From: 42640K(86528K)->42640K(78336K)
[854.193s][info][gc,heap        ] GC(2436) ParOldGen: 607903K(667648K)->607903K(667648K)
[854.193s][info][gc,metaspace   ] GC(2436) Metaspace: 19078K(19200K)->19078K(19200K) NonClass: 17249K(17344K)->17249K(17344K) Class: 1829K(1856K)->1829K(1856K)
[854.193s][info][gc             ] GC(2436) Pause Young (Allocation Failure) 765M->635M(864M) 47.712ms
[854.193s][info][gc,cpu         ] GC(2436) User=0.10s Sys=0.00s Real=0.04s
[854.559s][info][gc,start       ] GC(2437) Pause Young (Allocation Failure)
[854.605s][info][gc,heap        ] GC(2437) PSYoungGen: 181904K(217600K)->42817K(220160K) Eden: 139264K(139264K)->0K(139264K) From: 42640K(78336K)->42817K(80896K)
[854.605s][info][gc,heap        ] GC(2437) ParOldGen: 607903K(667648K)->607903K(667648K)
[854.605s][info][gc,metaspace   ] GC(2437) Metaspace: 19078K(19200K)->19078K(19200K) NonClass: 17249K(17344K)->17249K(17344K) Class: 1829K(1856K)->1829K(1856K)
[854.605s][info][gc             ] GC(2437) Pause Young (Allocation Failure) 771M->635M(867M) 46.155ms
[854.605s][info][gc,cpu         ] GC(2437) User=0.09s Sys=0.00s Real=0.05s
[854.839s][info][gc,start       ] GC(2438) Pause Young (Allocation Failure)
[854.899s][info][gc,heap        ] GC(2438) PSYoungGen: 182081K(220160K)->60016K(219648K) Eden: 139264K(139264K)->0K(141312K) From: 42817K(80896K)->60016K(78336K)
[854.899s][info][gc,heap        ] GC(2438) ParOldGen: 607903K(667648K)->607903K(667648K)
[854.899s][info][gc,metaspace   ] GC(2438) Metaspace: 19078K(19200K)->19078K(19200K) NonClass: 17249K(17344K)->17249K(17344K) Class: 1829K(1856K)->1829K(1856K)
[854.899s][info][gc             ] GC(2438) Pause Young (Allocation Failure) 771M->652M(866M) 59.432ms
[854.899s][info][gc,cpu         ] GC(2438) User=0.12s Sys=0.00s Real=0.06s
[854.972s][info][gc,start       ] GC(2439) Pause Young (Allocation Failure)
[855.071s][info][gc,heap        ] GC(2439) PSYoungGen: 201328K(219648K)->82400K(223744K) Eden: 141312K(141312K)->0K(141312K) From: 60016K(78336K)->82400K(82432K)
[855.072s][info][gc,heap        ] GC(2439) ParOldGen: 607903K(667648K)->634855K(667648K)
[855.072s][info][gc,metaspace   ] GC(2439) Metaspace: 19078K(19200K)->19078K(19200K) NonClass: 17249K(17344K)->17249K(17344K) Class: 1829K(1856K)->1829K(1856K)
[855.072s][info][gc             ] GC(2439) Pause Young (Allocation Failure) 790M->700M(870M) 99.583ms
[855.072s][info][gc,cpu         ] GC(2439) User=0.20s Sys=0.00s Real=0.10s
[855.234s][info][gc,start       ] GC(2440) Pause Full (Allocation Failure)
[855.234s][info][gc,phases,start] GC(2440) Marking Phase
[855.591s][info][gc,phases      ] GC(2440) Marking Phase 357.169ms
[855.591s][info][gc,phases,start] GC(2440) Summary Phase
[855.591s][info][gc,phases      ] GC(2440) Summary Phase 0.034ms
[855.591s][info][gc,phases,start] GC(2440) Forward
[855.731s][info][gc,phases      ] GC(2440) Forward 139.267ms
[855.731s][info][gc,phases,start] GC(2440) Adjust Pointers
[855.991s][info][gc,phases      ] GC(2440) Adjust Pointers 260.235ms
[855.991s][info][gc,phases,start] GC(2440) Compaction Phase
[856.149s][info][gc,phases      ] GC(2440) Compaction Phase 158.179ms
[856.159s][info][gc,phases,start] GC(2440) Post Compact
[856.161s][info][gc,phases      ] GC(2440) Post Compact 2.528ms
[856.161s][info][gc,heap        ] GC(2440) PSYoungGen: 223712K(223744K)->0K(230400K) Eden: 141312K(141312K)->0K(126976K) From: 82400K(82432K)->0K(103424K)
[856.161s][info][gc,heap        ] GC(2440) ParOldGen: 634855K(667648K)->493306K(667648K)
[856.161s][info][gc,metaspace   ] GC(2440) Metaspace: 19078K(19200K)->19078K(19200K) NonClass: 17249K(17344K)->17249K(17344K) Class: 1829K(1856K)->1829K(1856K)
[856.161s][info][gc             ] GC(2440) Pause Full (Allocation Failure) 838M->481M(877M) 927.379ms
[856.161s][info][gc,cpu         ] GC(2440) User=1.70s Sys=0.00s Real=0.93s
[856.216s][info][gc,start       ] GC(2441) Pause Young (Allocation Failure)
[856.241s][info][gc,heap        ] GC(2441) PSYoungGen: 126976K(230400K)->31776K(159232K) Eden: 126976K(126976K)->0K(126976K) From: 0K(103424K)->31776K(32256K)
[856.241s][info][gc,heap        ] GC(2441) ParOldGen: 493306K(667648K)->493306K(667648K)
[856.241s][info][gc,metaspace   ] GC(2441) Metaspace: 19078K(19200K)->19078K(19200K) NonClass: 17249K(17344K)->17249K(17344K) Class: 1829K(1856K)->1829K(1856K)
[856.241s][info][gc             ] GC(2441) Pause Young (Allocation Failure) 605M->512M(807M) 25.727ms
[856.241s][info][gc,cpu         ] GC(2441) User=0.05s Sys=0.00s Real=0.02s
[856.371s][info][gc,start       ] GC(2442) Pause Young (Allocation Failure)
[856.418s][info][gc,heap        ] GC(2442) PSYoungGen: 158752K(159232K)->52176K(231424K) Eden: 126976K(126976K)->0K(130560K) From: 31776K(32256K)->52176K(100864K)
[856.418s][info][gc,heap        ] GC(2442) ParOldGen: 493306K(667648K)->493306K(667648K)
[856.418s][info][gc,metaspace   ] GC(2442) Metaspace: 19085K(19200K)->19085K(19200K) NonClass: 17256K(17344K)->17256K(17344K) Class: 1829K(1856K)->1829K(1856K)
[856.418s][info][gc             ] GC(2442) Pause Young (Allocation Failure) 636M->532M(878M) 47.482ms
[856.418s][info][gc,cpu         ] GC(2442) User=0.10s Sys=0.00s Real=0.05s
[856.556s][info][gc,start       ] GC(2443) Pause Young (Allocation Failure)
[856.621s][info][gc,heap        ] GC(2443) PSYoungGen: 182736K(231424K)->70560K(227840K) Eden: 130560K(130560K)->0K(130560K) From: 52176K(100864K)->70560K(97280K)
[856.621s][info][gc,heap        ] GC(2443) ParOldGen: 493306K(667648K)->493306K(667648K)
[856.621s][info][gc,metaspace   ] GC(2443) Metaspace: 19085K(19200K)->19085K(19200K) NonClass: 17256K(17344K)->17256K(17344K) Class: 1829K(1856K)->1829K(1856K)
[856.621s][info][gc             ] GC(2443) Pause Young (Allocation Failure) 660M->550M(874M) 65.318ms
[856.621s][info][gc,cpu         ] GC(2443) User=0.13s Sys=0.00s Real=0.06s
[856.765s][info][gc,start       ] GC(2444) Pause Young (Allocation Failure)
[856.830s][info][gc,heap        ] GC(2444) PSYoungGen: 201120K(227840K)->70688K(227328K) Eden: 130560K(130560K)->0K(125952K) From: 70560K(97280K)->70688K(101376K)
[856.831s][info][gc,heap        ] GC(2444) ParOldGen: 493306K(667648K)->493306K(667648K)
[856.831s][info][gc,metaspace   ] GC(2444) Metaspace: 19085K(19200K)->19085K(19200K) NonClass: 17256K(17344K)->17256K(17344K) Class: 1829K(1856K)->1829K(1856K)
[856.831s][info][gc             ] GC(2444) Pause Young (Allocation Failure) 678M->550M(874M) 65.740ms
[856.831s][info][gc,cpu         ] GC(2444) User=0.13s Sys=0.01s Real=0.06s
[856.971s][info][gc,start       ] GC(2445) Pause Young (Allocation Failure)
[857.036s][info][gc,heap        ] GC(2445) PSYoungGen: 196640K(227328K)->70816K(197120K) Eden: 125952K(125952K)->0K(125952K) From: 70688K(101376K)->70816K(71168K)
[857.036s][info][gc,heap        ] GC(2445) ParOldGen: 493306K(667648K)->493306K(667648K)
[857.036s][info][gc,metaspace   ] GC(2445) Metaspace: 19085K(19200K)->19085K(19200K) NonClass: 17256K(17344K)->17256K(17344K) Class: 1829K(1856K)->1829K(1856K)
[857.036s][info][gc             ] GC(2445) Pause Young (Allocation Failure) 673M->550M(844M) 64.916ms
[857.036s][info][gc,cpu         ] GC(2445) User=0.13s Sys=0.00s Real=0.07s
[857.176s][info][gc,start       ] GC(2446) Pause Young (Allocation Failure)
[857.243s][info][gc,heap        ] GC(2446) PSYoungGen: 196768K(197120K)->70880K(224768K) Eden: 125952K(125952K)->0K(118784K) From: 70816K(71168K)->70880K(105984K)
[857.243s][info][gc,heap        ] GC(2446) ParOldGen: 493306K(667648K)->493306K(667648K)
[857.243s][info][gc,metaspace   ] GC(2446) Metaspace: 19085K(19200K)->19085K(19200K) NonClass: 17256K(17344K)->17256K(17344K) Class: 1829K(1856K)->1829K(1856K)
[857.243s][info][gc             ] GC(2446) Pause Young (Allocation Failure) 673M->550M(871M) 67.154ms
[857.243s][info][gc,cpu         ] GC(2446) User=0.14s Sys=0.00s Real=0.06s
[857.384s][info][gc,start       ] GC(2447) Pause Young (Allocation Failure)
[857.449s][info][gc,heap        ] GC(2447) PSYoungGen: 189664K(224768K)->70976K(189952K) Eden: 118784K(118784K)->0K(118784K) From: 70880K(105984K)->70976K(71168K)
[857.449s][info][gc,heap        ] GC(2447) ParOldGen: 493306K(667648K)->493306K(667648K)
[857.449s][info][gc,metaspace   ] GC(2447) Metaspace: 19085K(19200K)->19085K(19200K) NonClass: 17256K(17344K)->17256K(17344K) Class: 1829K(1856K)->1829K(1856K)
[857.449s][info][gc             ] GC(2447) Pause Young (Allocation Failure) 666M->551M(837M) 65.189ms
[857.449s][info][gc,cpu         ] GC(2447) User=0.13s Sys=0.00s Real=0.07s
[857.580s][info][gc,start       ] GC(2448) Pause Young (Allocation Failure)
[857.645s][info][gc,heap        ] GC(2448) PSYoungGen: 189760K(189952K)->71072K(224768K) Eden: 118784K(118784K)->0K(116736K) From: 70976K(71168K)->71072K(108032K)
[857.645s][info][gc,heap        ] GC(2448) ParOldGen: 493306K(667648K)->493306K(667648K)
[857.645s][info][gc,metaspace   ] GC(2448) Metaspace: 19085K(19200K)->19085K(19200K) NonClass: 17256K(17344K)->17256K(17344K) Class: 1829K(1856K)->1829K(1856K)
[857.645s][info][gc             ] GC(2448) Pause Young (Allocation Failure) 667M->551M(871M) 65.867ms
[857.645s][info][gc,cpu         ] GC(2448) User=0.13s Sys=0.00s Real=0.07s
[857.778s][info][gc,start       ] GC(2449) Pause Young (Allocation Failure)
[857.844s][info][gc,heap        ] GC(2449) PSYoungGen: 187808K(224768K)->71168K(225280K) Eden: 116736K(116736K)->0K(116736K) From: 71072K(108032K)->71168K(108544K)
[857.844s][info][gc,heap        ] GC(2449) ParOldGen: 493306K(667648K)->493306K(667648K)
[857.844s][info][gc,metaspace   ] GC(2449) Metaspace: 19085K(19200K)->19085K(19200K) NonClass: 17256K(17344K)->17256K(17344K) Class: 1829K(1856K)->1829K(1856K)
[857.844s][info][gc             ] GC(2449) Pause Young (Allocation Failure) 665M->551M(872M) 66.274ms
[857.844s][info][gc,cpu         ] GC(2449) User=0.13s Sys=0.00s Real=0.06s
[857.972s][info][gc,start       ] GC(2450) Pause Young (Allocation Failure)
[858.038s][info][gc,heap        ] GC(2450) PSYoungGen: 187904K(225280K)->71232K(224256K) Eden: 116736K(116736K)->0K(117248K) From: 71168K(108544K)->71232K(107008K)
[858.038s][info][gc,heap        ] GC(2450) ParOldGen: 493306K(667648K)->493306K(667648K)
[858.038s][info][gc,metaspace   ] GC(2450) Metaspace: 19085K(19200K)->19085K(19200K) NonClass: 17256K(17344K)->17256K(17344K) Class: 1829K(1856K)->1829K(1856K)
[858.038s][info][gc             ] GC(2450) Pause Young (Allocation Failure) 665M->551M(871M) 66.367ms
[858.038s][info][gc,cpu         ] GC(2450) User=0.13s Sys=0.00s Real=0.07s
[858.181s][info][gc,start       ] GC(2451) Pause Young (Allocation Failure)
[858.254s][info][gc,heap        ] GC(2451) PSYoungGen: 188480K(224256K)->74720K(224768K) Eden: 117248K(117248K)->0K(117248K) From: 71232K(107008K)->74720K(107520K)
[858.254s][info][gc,heap        ] GC(2451) ParOldGen: 493306K(667648K)->493306K(667648K)
[858.254s][info][gc,metaspace   ] GC(2451) Metaspace: 19085K(19200K)->19085K(19200K) NonClass: 17256K(17344K)->17256K(17344K) Class: 1829K(1856K)->1829K(1856K)
[858.254s][info][gc             ] GC(2451) Pause Young (Allocation Failure) 665M->554M(871M) 72.290ms
[858.254s][info][gc,cpu         ] GC(2451) User=0.15s Sys=0.00s Real=0.07s
[858.410s][info][gc,start       ] GC(2452) Pause Young (Allocation Failure)
[858.511s][info][gc,heap        ] GC(2452) PSYoungGen: 191968K(224768K)->82872K(220160K) Eden: 117248K(117248K)->0K(111616K) From: 74720K(107520K)->82872K(108544K)
[858.511s][info][gc,heap        ] GC(2452) ParOldGen: 493306K(667648K)->493306K(667648K)
[858.511s][info][gc,metaspace   ] GC(2452) Metaspace: 19088K(19200K)->19088K(19200K) NonClass: 17259K(17344K)->17259K(17344K) Class: 1829K(1856K)->1829K(1856K)
[858.511s][info][gc             ] GC(2452) Pause Young (Allocation Failure) 669M->562M(867M) 100.596ms
[858.511s][info][gc,cpu         ] GC(2452) User=0.19s Sys=0.00s Real=0.10s
[858.664s][info][gc,start       ] GC(2453) Pause Young (Allocation Failure)
[858.770s][info][gc,heap        ] GC(2453) PSYoungGen: 194488K(220160K)->92408K(222720K) Eden: 111616K(111616K)->0K(111616K) From: 82872K(108544K)->92408K(111104K)
[858.770s][info][gc,heap        ] GC(2453) ParOldGen: 493306K(667648K)->493306K(667648K)
[858.770s][info][gc,metaspace   ] GC(2453) Metaspace: 19088K(19200K)->19088K(19200K) NonClass: 17259K(17344K)->17259K(17344K) Class: 1829K(1856K)->1829K(1856K)
[858.770s][info][gc             ] GC(2453) Pause Young (Allocation Failure) 671M->571M(869M) 106.330ms
[858.770s][info][gc,cpu         ] GC(2453) User=0.21s Sys=0.00s Real=0.11s
[858.919s][info][gc,start       ] GC(2454) Pause Young (Allocation Failure)
[859.025s][info][gc,heap        ] GC(2454) PSYoungGen: 204024K(222720K)->60715K(222720K) Eden: 111616K(111616K)->0K(111616K) From: 92408K(111104K)->60715K(111104K)
[859.025s][info][gc,heap        ] GC(2454) ParOldGen: 493306K(667648K)->525462K(667648K)
[859.025s][info][gc,metaspace   ] GC(2454) Metaspace: 19088K(19200K)->19088K(19200K) NonClass: 17259K(17344K)->17259K(17344K) Class: 1829K(1856K)->1829K(1856K)
[859.025s][info][gc             ] GC(2454) Pause Young (Allocation Failure) 680M->572M(869M) 106.458ms
[859.025s][info][gc,cpu         ] GC(2454) User=0.21s Sys=0.01s Real=0.11s
[859.173s][info][gc,start       ] GC(2455) Pause Young (Allocation Failure)
[859.257s][info][gc,heap        ] GC(2455) PSYoungGen: 172331K(222720K)->21880K(222720K) Eden: 111616K(111616K)->0K(111616K) From: 60715K(111104K)->21880K(111104K)
[859.257s][info][gc,heap        ] GC(2455) ParOldGen: 525462K(667648K)->564514K(667648K)
[859.257s][info][gc,metaspace   ] GC(2455) Metaspace: 19088K(19200K)->19088K(19200K) NonClass: 17259K(17344K)->17259K(17344K) Class: 1829K(1856K)->1829K(1856K)
[859.257s][info][gc             ] GC(2455) Pause Young (Allocation Failure) 681M->572M(869M) 84.256ms
[859.257s][info][gc,cpu         ] GC(2455) User=0.17s Sys=0.00s Real=0.09s
[859.407s][info][gc,start       ] GC(2456) Pause Young (Allocation Failure)
[859.446s][info][gc,heap        ] GC(2456) PSYoungGen: 133496K(222720K)->21656K(222720K) Eden: 111616K(111616K)->0K(111616K) From: 21880K(111104K)->21656K(111104K)
[859.446s][info][gc,heap        ] GC(2456) ParOldGen: 564514K(667648K)->564762K(667648K)
[859.446s][info][gc,metaspace   ] GC(2456) Metaspace: 19088K(19200K)->19088K(19200K) NonClass: 17259K(17344K)->17259K(17344K) Class: 1829K(1856K)->1829K(1856K)
[859.446s][info][gc             ] GC(2456) Pause Young (Allocation Failure) 681M->572M(869M) 38.967ms
[859.446s][info][gc,cpu         ] GC(2456) User=0.07s Sys=0.00s Real=0.04s
[859.596s][info][gc,start       ] GC(2457) Pause Young (Allocation Failure)
[859.634s][info][gc,heap        ] GC(2457) PSYoungGen: 133272K(222720K)->21496K(222720K) Eden: 111616K(111616K)->0K(111616K) From: 21656K(111104K)->21496K(111104K)
[859.634s][info][gc,heap        ] GC(2457) ParOldGen: 564762K(667648K)->564930K(667648K)
[859.634s][info][gc,metaspace   ] GC(2457) Metaspace: 19088K(19200K)->19088K(19200K) NonClass: 17259K(17344K)->17259K(17344K) Class: 1829K(1856K)->1829K(1856K)
[859.634s][info][gc             ] GC(2457) Pause Young (Allocation Failure) 681M->572M(869M) 38.236ms
[859.634s][info][gc,cpu         ] GC(2457) User=0.08s Sys=0.00s Real=0.03s
[859.786s][info][gc,start       ] GC(2458) Pause Young (Allocation Failure)
[859.824s][info][gc,heap        ] GC(2458) PSYoungGen: 133112K(222720K)->21304K(222720K) Eden: 111616K(111616K)->0K(111616K) From: 21496K(111104K)->21304K(111104K)
[859.824s][info][gc,heap        ] GC(2458) ParOldGen: 564930K(667648K)->565138K(667648K)
[859.824s][info][gc,metaspace   ] GC(2458) Metaspace: 19088K(19200K)->19088K(19200K) NonClass: 17259K(17344K)->17259K(17344K) Class: 1829K(1856K)->1829K(1856K)
[859.824s][info][gc             ] GC(2458) Pause Young (Allocation Failure) 681M->572M(869M) 38.483ms
[859.824s][info][gc,cpu         ] GC(2458) User=0.07s Sys=0.00s Real=0.03s
[859.934s][info][gc,start       ] GC(2459) Pause Young (Allocation Failure)
[859.993s][info][gc,heap        ] GC(2459) PSYoungGen: 132920K(222720K)->35640K(222720K) Eden: 111616K(111616K)->0K(111616K) From: 21304K(111104K)->35640K(111104K)
[859.993s][info][gc,heap        ] GC(2459) ParOldGen: 565138K(667648K)->568738K(667648K)
[859.993s][info][gc,metaspace   ] GC(2459) Metaspace: 19088K(19200K)->19088K(19200K) NonClass: 17259K(17344K)->17259K(17344K) Class: 1829K(1856K)->1829K(1856K)
[859.993s][info][gc             ] GC(2459) Pause Young (Allocation Failure) 681M->590M(869M) 58.856ms
[859.993s][info][gc,cpu         ] GC(2459) User=0.12s Sys=0.00s Real=0.06s
[860.103s][info][gc,start       ] GC(2460) Pause Young (Allocation Failure)
[860.173s][info][gc,heap        ] GC(2460) PSYoungGen: 147256K(222720K)->33984K(218624K) Eden: 111616K(111616K)->0K(111616K) From: 35640K(111104K)->33984K(107008K)
[860.173s][info][gc,heap        ] GC(2460) ParOldGen: 568738K(667648K)->586470K(667648K)
[860.173s][info][gc,metaspace   ] GC(2460) Metaspace: 19088K(19200K)->19088K(19200K) NonClass: 17259K(17344K)->17259K(17344K) Class: 1829K(1856K)->1829K(1856K)
[860.173s][info][gc             ] GC(2460) Pause Young (Allocation Failure) 699M->605M(865M) 70.038ms
[860.173s][info][gc,cpu         ] GC(2460) User=0.14s Sys=0.00s Real=0.07s
[860.267s][info][gc,start       ] GC(2461) Pause Young (Allocation Failure)
[860.309s][info][gc,heap        ] GC(2461) PSYoungGen: 145600K(218624K)->37984K(220672K) Eden: 111616K(111616K)->0K(111616K) From: 33984K(107008K)->37984K(109056K)
[860.309s][info][gc,heap        ] GC(2461) ParOldGen: 586470K(667648K)->586470K(667648K)
[860.309s][info][gc,metaspace   ] GC(2461) Metaspace: 19088K(19200K)->19088K(19200K) NonClass: 17259K(17344K)->17259K(17344K) Class: 1829K(1856K)->1829K(1856K)
[860.309s][info][gc             ] GC(2461) Pause Young (Allocation Failure) 714M->609M(867M) 41.371ms
[860.309s][info][gc,cpu         ] GC(2461) User=0.08s Sys=0.00s Real=0.04s
[860.410s][info][gc,start       ] GC(2462) Pause Young (Allocation Failure)
[860.461s][info][gc,heap        ] GC(2462) PSYoungGen: 149600K(220672K)->39488K(217600K) Eden: 111616K(111616K)->0K(119808K) From: 37984K(109056K)->39488K(97792K)
[860.462s][info][gc,heap        ] GC(2462) ParOldGen: 586470K(667648K)->586470K(667648K)
[860.462s][info][gc,metaspace   ] GC(2462) Metaspace: 19088K(19200K)->19088K(19200K) NonClass: 17259K(17344K)->17259K(17344K) Class: 1829K(1856K)->1829K(1856K)
[860.462s][info][gc             ] GC(2462) Pause Young (Allocation Failure) 718M->611M(864M) 51.997ms
[860.462s][info][gc,cpu         ] GC(2462) User=0.10s Sys=0.00s Real=0.05s
[860.589s][info][gc,start       ] GC(2463) Pause Young (Allocation Failure)
[860.643s][info][gc,heap        ] GC(2463) PSYoungGen: 159296K(217600K)->41920K(220160K) Eden: 119808K(119808K)->0K(119808K) From: 39488K(97792K)->41920K(100352K)
[860.643s][info][gc,heap        ] GC(2463) ParOldGen: 586470K(667648K)->586470K(667648K)
[860.643s][info][gc,metaspace   ] GC(2463) Metaspace: 19088K(19200K)->19088K(19200K) NonClass: 17259K(17344K)->17259K(17344K) Class: 1829K(1856K)->1829K(1856K)
[860.643s][info][gc             ] GC(2463) Pause Young (Allocation Failure) 728M->613M(867M) 53.151ms
[860.643s][info][gc,cpu         ] GC(2463) User=0.10s Sys=0.00s Real=0.05s
[860.779s][info][gc,start       ] GC(2464) Pause Young (Allocation Failure)
[860.834s][info][gc,heap        ] GC(2464) PSYoungGen: 161728K(220160K)->43264K(216576K) Eden: 119808K(119808K)->0K(130048K) From: 41920K(100352K)->43264K(86528K)
[860.834s][info][gc,heap        ] GC(2464) ParOldGen: 586470K(667648K)->586470K(667648K)
[860.834s][info][gc,metaspace   ] GC(2464) Metaspace: 19088K(19200K)->19088K(19200K) NonClass: 17259K(17344K)->17259K(17344K) Class: 1829K(1856K)->1829K(1856K)
[860.834s][info][gc             ] GC(2464) Pause Young (Allocation Failure) 730M->614M(863M) 54.807ms
[860.834s][info][gc,cpu         ] GC(2464) User=0.11s Sys=0.00s Real=0.05s
[860.968s][info][gc,start       ] GC(2465) Pause Young (Allocation Failure)
[861.033s][info][gc,heap        ] GC(2465) PSYoungGen: 173312K(216576K)->52160K(221184K) Eden: 130048K(130048K)->0K(130048K) From: 43264K(86528K)->52160K(91136K)
[861.033s][info][gc,heap        ] GC(2465) ParOldGen: 586470K(667648K)->586470K(667648K)
[861.033s][info][gc,metaspace   ] GC(2465) Metaspace: 19088K(19200K)->19088K(19200K) NonClass: 17259K(17344K)->17259K(17344K) Class: 1829K(1856K)->1829K(1856K)
[861.033s][info][gc             ] GC(2465) Pause Young (Allocation Failure) 741M->623M(868M) 65.182ms
[861.033s][info][gc,cpu         ] GC(2465) User=0.13s Sys=0.00s Real=0.06s
[861.190s][info][gc,start       ] GC(2466) Pause Young (Allocation Failure)
[861.270s][info][gc,heap        ] GC(2466) PSYoungGen: 182208K(221184K)->68480K(226304K) Eden: 130048K(130048K)->0K(137216K) From: 52160K(91136K)->68480K(89088K)
[861.270s][info][gc,heap        ] GC(2466) ParOldGen: 586470K(667648K)->586470K(667648K)
[861.270s][info][gc,metaspace   ] GC(2466) Metaspace: 19088K(19200K)->19088K(19200K) NonClass: 17259K(17344K)->17259K(17344K) Class: 1829K(1856K)->1829K(1856K)
[861.270s][info][gc             ] GC(2466) Pause Young (Allocation Failure) 750M->639M(873M) 79.738ms
[861.270s][info][gc,cpu         ] GC(2466) User=0.15s Sys=0.00s Real=0.08s
[861.415s][info][gc,start       ] GC(2467) Pause Young (Allocation Failure)
[861.526s][info][gc,heap        ] GC(2467) PSYoungGen: 205696K(226304K)->93168K(230400K) Eden: 137216K(137216K)->0K(137216K) From: 68480K(89088K)->93168K(93184K)
[861.526s][info][gc,heap        ] GC(2467) ParOldGen: 586470K(667648K)->587838K(667648K)
[861.526s][info][gc,metaspace   ] GC(2467) Metaspace: 19088K(19200K)->19088K(19200K) NonClass: 17259K(17344K)->17259K(17344K) Class: 1829K(1856K)->1829K(1856K)
[861.526s][info][gc             ] GC(2467) Pause Young (Allocation Failure) 773M->665M(877M) 111.289ms
[861.526s][info][gc,cpu         ] GC(2467) User=0.22s Sys=0.00s Real=0.12s
[861.717s][info][gc,start       ] GC(2468) Pause Young (Allocation Failure)
[861.848s][info][gc,heap        ] GC(2468) PSYoungGen: 230384K(230400K)->103424K(215040K) Eden: 137216K(137216K)->0K(111616K) From: 93168K(93184K)->103424K(103424K)
[861.849s][info][gc,heap        ] GC(2468) ParOldGen: 587838K(667648K)->595654K(667648K)
[861.849s][info][gc,metaspace   ] GC(2468) Metaspace: 19088K(19200K)->19088K(19200K) NonClass: 17259K(17344K)->17259K(17344K) Class: 1829K(1856K)->1829K(1856K)
[861.849s][info][gc             ] GC(2468) Pause Young (Allocation Failure) 799M->682M(862M) 131.279ms
[861.849s][info][gc,cpu         ] GC(2468) User=0.24s Sys=0.02s Real=0.13s
[861.974s][info][gc,start       ] GC(2469) Pause Young (Allocation Failure)
[862.094s][info][gc,heap        ] GC(2469) PSYoungGen: 215040K(215040K)->104144K(222720K) Eden: 111616K(111616K)->0K(111616K) From: 103424K(103424K)->104144K(111104K)
[862.094s][info][gc,heap        ] GC(2469) ParOldGen: 595654K(667648K)->595654K(667648K)
[862.094s][info][gc,metaspace   ] GC(2469) Metaspace: 19088K(19200K)->19088K(19200K) NonClass: 17259K(17344K)->17259K(17344K) Class: 1829K(1856K)->1829K(1856K)
[862.094s][info][gc             ] GC(2469) Pause Young (Allocation Failure) 791M->683M(869M) 119.919ms
[862.094s][info][gc,cpu         ] GC(2469) User=0.24s Sys=0.00s Real=0.12s
[862.235s][info][gc,start       ] GC(2470) Pause Young (Allocation Failure)
[862.363s][info][gc,heap        ] GC(2470) PSYoungGen: 215760K(222720K)->88320K(222720K) Eden: 111616K(111616K)->0K(111616K) From: 104144K(111104K)->88320K(111104K)
[862.363s][info][gc,heap        ] GC(2470) ParOldGen: 595654K(667648K)->613622K(667648K)
[862.363s][info][gc,metaspace   ] GC(2470) Metaspace: 19088K(19200K)->19088K(19200K) NonClass: 17259K(17344K)->17259K(17344K) Class: 1829K(1856K)->1829K(1856K)
[862.363s][info][gc             ] GC(2470) Pause Young (Allocation Failure) 792M->685M(869M) 127.884ms
[862.363s][info][gc,cpu         ] GC(2470) User=0.26s Sys=0.00s Real=0.12s
[862.528s][info][gc,start       ] GC(2471) Pause Young (Allocation Failure)
[862.636s][info][gc,heap        ] GC(2471) PSYoungGen: 199936K(222720K)->72752K(222720K) Eden: 111616K(111616K)->0K(111616K) From: 88320K(111104K)->72752K(111104K)
[862.636s][info][gc,heap        ] GC(2471) ParOldGen: 613622K(667648K)->633758K(667648K)
[862.636s][info][gc,metaspace   ] GC(2471) Metaspace: 19088K(19200K)->19088K(19200K) NonClass: 17259K(17344K)->17259K(17344K) Class: 1829K(1856K)->1829K(1856K)
[862.636s][info][gc             ] GC(2471) Pause Young (Allocation Failure) 794M->689M(869M) 108.953ms
[862.636s][info][gc,cpu         ] GC(2471) User=0.22s Sys=0.00s Real=0.11s
[862.767s][info][gc,start       ] GC(2472) Pause Full (Allocation Failure)
[862.767s][info][gc,phases,start] GC(2472) Marking Phase
[863.045s][info][gc,phases      ] GC(2472) Marking Phase 277.796ms
[863.045s][info][gc,phases,start] GC(2472) Summary Phase
[863.045s][info][gc,phases      ] GC(2472) Summary Phase 0.033ms
[863.045s][info][gc,phases,start] GC(2472) Forward
[863.150s][info][gc,phases      ] GC(2472) Forward 104.815ms
[863.150s][info][gc,phases,start] GC(2472) Adjust Pointers
[863.360s][info][gc,phases      ] GC(2472) Adjust Pointers 210.177ms
[863.360s][info][gc,phases,start] GC(2472) Compaction Phase
[863.481s][info][gc,phases      ] GC(2472) Compaction Phase 120.519ms
[863.492s][info][gc,phases,start] GC(2472) Post Compact
[863.494s][info][gc,phases      ] GC(2472) Post Compact 2.413ms
[863.494s][info][gc,heap        ] GC(2472) PSYoungGen: 184368K(222720K)->0K(222720K) Eden: 111616K(111616K)->0K(111616K) From: 72752K(111104K)->0K(111104K)
[863.494s][info][gc,heap        ] GC(2472) ParOldGen: 633758K(667648K)->377417K(661504K)
[863.494s][info][gc,metaspace   ] GC(2472) Metaspace: 19088K(19200K)->19088K(19200K) NonClass: 17259K(17344K)->17259K(17344K) Class: 1829K(1856K)->1829K(1856K)
[863.494s][info][gc             ] GC(2472) Pause Full (Allocation Failure) 798M->368M(863M) 727.468ms
[863.494s][info][gc,cpu         ] GC(2472) User=1.33s Sys=0.00s Real=0.72s
[863.576s][info][gc,start       ] GC(2473) Pause Young (Allocation Failure)
[863.577s][info][gc,heap        ] GC(2473) PSYoungGen: 111616K(222720K)->64K(222720K) Eden: 111616K(111616K)->0K(111616K) From: 0K(111104K)->64K(111104K)
[863.578s][info][gc,heap        ] GC(2473) ParOldGen: 377417K(661504K)->377417K(661504K)
[863.578s][info][gc,metaspace   ] GC(2473) Metaspace: 19088K(19200K)->19088K(19200K) NonClass: 17259K(17344K)->17259K(17344K) Class: 1829K(1856K)->1829K(1856K)
[863.578s][info][gc             ] GC(2473) Pause Young (Allocation Failure) 477M->368M(863M) 1.873ms
[863.578s][info][gc,cpu         ] GC(2473) User=0.00s Sys=0.00s Real=0.00s
[863.754s][info][gc,start       ] GC(2474) Pause Young (Allocation Failure)
[863.766s][info][gc,heap        ] GC(2474) PSYoungGen: 111680K(222720K)->9856K(222720K) Eden: 111616K(111616K)->0K(111616K) From: 64K(111104K)->9856K(111104K)
[863.766s][info][gc,heap        ] GC(2474) ParOldGen: 377417K(661504K)->377417K(661504K)
[863.767s][info][gc,metaspace   ] GC(2474) Metaspace: 19088K(19200K)->19088K(19200K) NonClass: 17259K(17344K)->17259K(17344K) Class: 1829K(1856K)->1829K(1856K)
[863.767s][info][gc             ] GC(2474) Pause Young (Allocation Failure) 477M->378M(863M) 12.212ms
[863.767s][info][gc,cpu         ] GC(2474) User=0.03s Sys=0.00s Real=0.02s
[863.931s][info][gc,start       ] GC(2475) Pause Young (Allocation Failure)
[863.949s][info][gc,heap        ] GC(2475) PSYoungGen: 121472K(222720K)->16512K(222720K) Eden: 111616K(111616K)->0K(111616K) From: 9856K(111104K)->16512K(111104K)
[863.949s][info][gc,heap        ] GC(2475) ParOldGen: 377417K(661504K)->377417K(661504K)
[863.949s][info][gc,metaspace   ] GC(2475) Metaspace: 19088K(19200K)->19088K(19200K) NonClass: 17259K(17344K)->17259K(17344K) Class: 1829K(1856K)->1829K(1856K)
[863.949s][info][gc             ] GC(2475) Pause Young (Allocation Failure) 487M->384M(863M) 18.516ms
[863.949s][info][gc,cpu         ] GC(2475) User=0.04s Sys=0.00s Real=0.02s
[864.311s][info][gc,start       ] GC(2476) Pause Young (Allocation Failure)
[864.329s][info][gc,heap        ] GC(2476) PSYoungGen: 128128K(222720K)->16576K(222720K) Eden: 111616K(111616K)->0K(111616K) From: 16512K(111104K)->16576K(111104K)
[864.329s][info][gc,heap        ] GC(2476) ParOldGen: 377417K(661504K)->377417K(661504K)
[864.329s][info][gc,metaspace   ] GC(2476) Metaspace: 19088K(19200K)->19088K(19200K) NonClass: 17259K(17344K)->17259K(17344K) Class: 1829K(1856K)->1829K(1856K)
[864.329s][info][gc             ] GC(2476) Pause Young (Allocation Failure) 493M->384M(863M) 18.244ms
[864.329s][info][gc,cpu         ] GC(2476) User=0.03s Sys=0.00s Real=0.02s
[864.592s][info][gc,start       ] GC(2477) Pause Young (Allocation Failure)
[864.611s][info][gc,heap        ] GC(2477) PSYoungGen: 128192K(222720K)->16768K(222720K) Eden: 111616K(111616K)->0K(111616K) From: 16576K(111104K)->16768K(111104K)
[864.611s][info][gc,heap        ] GC(2477) ParOldGen: 377417K(661504K)->377417K(661504K)
[864.611s][info][gc,metaspace   ] GC(2477) Metaspace: 19088K(19200K)->19088K(19200K) NonClass: 17259K(17344K)->17259K(17344K) Class: 1829K(1856K)->1829K(1856K)
[864.611s][info][gc             ] GC(2477) Pause Young (Allocation Failure) 493M->384M(863M) 19.353ms
[864.611s][info][gc,cpu         ] GC(2477) User=0.04s Sys=0.00s Real=0.02s
[864.877s][info][gc,start       ] GC(2478) Pause Young (Allocation Failure)
[864.894s][info][gc,heap        ] GC(2478) PSYoungGen: 128384K(222720K)->7008K(222720K) Eden: 111616K(111616K)->0K(111616K) From: 16768K(111104K)->7008K(111104K)
[864.894s][info][gc,heap        ] GC(2478) ParOldGen: 377417K(661504K)->387241K(661504K)
[864.894s][info][gc,metaspace   ] GC(2478) Metaspace: 19088K(19200K)->19088K(19200K) NonClass: 17259K(17344K)->17259K(17344K) Class: 1829K(1856K)->1829K(1856K)
[864.894s][info][gc             ] GC(2478) Pause Young (Allocation Failure) 493M->385M(863M) 17.361ms
[864.894s][info][gc,cpu         ] GC(2478) User=0.03s Sys=0.00s Real=0.01s
[865.121s][info][gc,start       ] GC(2479) Pause Young (Allocation Failure)
[865.131s][info][gc,heap        ] GC(2479) PSYoungGen: 118624K(222720K)->272K(222720K) Eden: 111616K(111616K)->0K(111616K) From: 7008K(111104K)->272K(111104K)
[865.131s][info][gc,heap        ] GC(2479) ParOldGen: 387241K(661504K)->394009K(661504K)
[865.131s][info][gc,metaspace   ] GC(2479) Metaspace: 19088K(19200K)->19088K(19200K) NonClass: 17259K(17344K)->17259K(17344K) Class: 1829K(1856K)->1829K(1856K)
[865.131s][info][gc             ] GC(2479) Pause Young (Allocation Failure) 494M->385M(863M) 10.093ms
[865.131s][info][gc,cpu         ] GC(2479) User=0.02s Sys=0.00s Real=0.01s
[865.438s][info][gc,start       ] GC(2480) Pause Young (Allocation Failure)
[865.441s][info][gc,heap        ] GC(2480) PSYoungGen: 111888K(222720K)->128K(222720K) Eden: 111616K(111616K)->0K(111616K) From: 272K(111104K)->128K(111104K)
[865.441s][info][gc,heap        ] GC(2480) ParOldGen: 394009K(661504K)->394242K(661504K)
[865.441s][info][gc,metaspace   ] GC(2480) Metaspace: 19088K(19200K)->19088K(19200K) NonClass: 17259K(17344K)->17259K(17344K) Class: 1829K(1856K)->1829K(1856K)
[865.441s][info][gc             ] GC(2480) Pause Young (Allocation Failure) 494M->385M(863M) 2.834ms
[865.441s][info][gc,cpu         ] GC(2480) User=0.01s Sys=0.00s Real=0.00s
[865.657s][info][gc,start       ] GC(2481) Pause Young (Allocation Failure)
[865.665s][info][gc,heap        ] GC(2481) PSYoungGen: 111744K(222720K)->5792K(222720K) Eden: 111616K(111616K)->0K(111616K) From: 128K(111104K)->5792K(111104K)
[865.665s][info][gc,heap        ] GC(2481) ParOldGen: 394242K(661504K)->394338K(661504K)
[865.665s][info][gc,metaspace   ] GC(2481) Metaspace: 19088K(19200K)->19088K(19200K) NonClass: 17259K(17344K)->17259K(17344K) Class: 1829K(1856K)->1829K(1856K)
[865.665s][info][gc             ] GC(2481) Pause Young (Allocation Failure) 494M->390M(863M) 7.955ms
[865.665s][info][gc,cpu         ] GC(2481) User=0.01s Sys=0.00s Real=0.01s
[865.781s][info][gc,start       ] GC(2482) Pause Young (Allocation Failure)
[865.812s][info][gc,heap        ] GC(2482) PSYoungGen: 117408K(222720K)->29888K(219648K) Eden: 111616K(111616K)->0K(111616K) From: 5792K(111104K)->29888K(108032K)
[865.812s][info][gc,heap        ] GC(2482) ParOldGen: 394338K(661504K)->400106K(661504K)
[865.812s][info][gc,metaspace   ] GC(2482) Metaspace: 19088K(19200K)->19088K(19200K) NonClass: 17259K(17344K)->17259K(17344K) Class: 1829K(1856K)->1829K(1856K)
[865.812s][info][gc             ] GC(2482) Pause Young (Allocation Failure) 499M->419M(860M) 31.169ms
[865.812s][info][gc,cpu         ] GC(2482) User=0.06s Sys=0.00s Real=0.03s
[865.883s][info][gc,start       ] GC(2483) Pause Young (Allocation Failure)
[865.937s][info][gc,heap        ] GC(2483) PSYoungGen: 141504K(219648K)->76213K(221184K) Eden: 111616K(111616K)->0K(111616K) From: 29888K(108032K)->76213K(109568K)
[865.937s][info][gc,heap        ] GC(2483) ParOldGen: 400106K(661504K)->400106K(661504K)
[865.937s][info][gc,metaspace   ] GC(2483) Metaspace: 19088K(19200K)->19088K(19200K) NonClass: 17259K(17344K)->17259K(17344K) Class: 1829K(1856K)->1829K(1856K)
[865.937s][info][gc             ] GC(2483) Pause Young (Allocation Failure) 528M->465M(862M) 54.311ms
[865.937s][info][gc,cpu         ] GC(2483) User=0.11s Sys=0.00s Real=0.06s
[865.981s][info][gc,start       ] GC(2484) Pause Young (Allocation Failure)
[866.069s][info][gc,heap        ] GC(2484) PSYoungGen: 187829K(221184K)->49328K(222720K) Eden: 111616K(111616K)->0K(111616K) From: 76213K(109568K)->49328K(111104K)
[866.069s][info][gc,heap        ] GC(2484) ParOldGen: 400106K(661504K)->477168K(661504K)
[866.069s][info][gc,metaspace   ] GC(2484) Metaspace: 19088K(19200K)->19088K(19200K) NonClass: 17259K(17344K)->17259K(17344K) Class: 1829K(1856K)->1829K(1856K)
[866.069s][info][gc             ] GC(2484) Pause Young (Allocation Failure) 574M->514M(863M) 87.571ms
[866.069s][info][gc,cpu         ] GC(2484) User=0.18s Sys=0.00s Real=0.09s
[866.108s][info][gc,start       ] GC(2485) Pause Young (Allocation Failure)
[866.180s][info][gc,heap        ] GC(2485) PSYoungGen: 160944K(222720K)->47808K(222720K) Eden: 111616K(111616K)->0K(111616K) From: 49328K(111104K)->47808K(111104K)
[866.180s][info][gc,heap        ] GC(2485) ParOldGen: 477168K(661504K)->527037K(661504K)
[866.180s][info][gc,metaspace   ] GC(2485) Metaspace: 19088K(19200K)->19088K(19200K) NonClass: 17259K(17344K)->17259K(17344K) Class: 1829K(1856K)->1829K(1856K)
[866.180s][info][gc             ] GC(2485) Pause Young (Allocation Failure) 623M->561M(863M) 71.515ms
[866.180s][info][gc,cpu         ] GC(2485) User=0.14s Sys=0.00s Real=0.07s
[866.330s][info][gc,start       ] GC(2486) Pause Young (Allocation Failure)
[866.392s][info][gc,heap        ] GC(2486) PSYoungGen: 159424K(222720K)->34240K(210432K) Eden: 111616K(111616K)->0K(111616K) From: 47808K(111104K)->34240K(98816K)
[866.392s][info][gc,heap        ] GC(2486) ParOldGen: 527037K(661504K)->575373K(661504K)
[866.392s][info][gc,metaspace   ] GC(2486) Metaspace: 19088K(19200K)->19088K(19200K) NonClass: 17259K(17344K)->17259K(17344K) Class: 1829K(1856K)->1829K(1856K)
[866.392s][info][gc             ] GC(2486) Pause Young (Allocation Failure) 670M->595M(851M) 62.157ms
[866.392s][info][gc,cpu         ] GC(2486) User=0.12s Sys=0.00s Real=0.06s
[866.630s][info][gc,start       ] GC(2487) Pause Young (Allocation Failure)
[866.691s][info][gc,heap        ] GC(2487) PSYoungGen: 145856K(210432K)->14560K(216576K) Eden: 111616K(111616K)->0K(111616K) From: 34240K(98816K)->14560K(104960K)
[866.691s][info][gc,heap        ] GC(2487) ParOldGen: 575373K(661504K)->609925K(661504K)
[866.691s][info][gc,metaspace   ] GC(2487) Metaspace: 19088K(19200K)->19088K(19200K) NonClass: 17259K(17344K)->17259K(17344K) Class: 1829K(1856K)->1829K(1856K)
[866.691s][info][gc             ] GC(2487) Pause Young (Allocation Failure) 704M->609M(857M) 60.911ms
[866.691s][info][gc,cpu         ] GC(2487) User=0.12s Sys=0.00s Real=0.06s
[866.851s][info][gc,start       ] GC(2488) Pause Full (Allocation Failure)
[866.852s][info][gc,phases,start] GC(2488) Marking Phase
[867.159s][info][gc,phases      ] GC(2488) Marking Phase 307.349ms
[867.159s][info][gc,phases,start] GC(2488) Summary Phase
[867.159s][info][gc,phases      ] GC(2488) Summary Phase 0.030ms
[867.159s][info][gc,phases,start] GC(2488) Forward
[867.261s][info][gc,phases      ] GC(2488) Forward 101.633ms
[867.261s][info][gc,phases,start] GC(2488) Adjust Pointers
[867.497s][info][gc,phases      ] GC(2488) Adjust Pointers 235.809ms
[867.497s][info][gc,phases,start] GC(2488) Compaction Phase
[867.640s][info][gc,phases      ] GC(2488) Compaction Phase 143.526ms
[867.646s][info][gc,phases,start] GC(2488) Post Compact
[867.648s][info][gc,phases      ] GC(2488) Post Compact 2.192ms
[867.649s][info][gc,heap        ] GC(2488) PSYoungGen: 126176K(216576K)->0K(225280K) Eden: 111616K(111616K)->0K(122880K) From: 14560K(104960K)->0K(102400K)
[867.649s][info][gc,heap        ] GC(2488) ParOldGen: 609925K(661504K)->458777K(667648K)
[867.649s][info][gc,metaspace   ] GC(2488) Metaspace: 19088K(19200K)->19088K(19200K) NonClass: 17259K(17344K)->17259K(17344K) Class: 1829K(1856K)->1829K(1856K)
[867.649s][info][gc             ] GC(2488) Pause Full (Allocation Failure) 718M->448M(872M) 797.182ms
[867.649s][info][gc,cpu         ] GC(2488) User=1.50s Sys=0.00s Real=0.80s
[867.774s][info][gc,start       ] GC(2489) Pause Young (Allocation Failure)
[867.794s][info][gc,heap        ] GC(2489) PSYoungGen: 122880K(225280K)->1984K(225280K) Eden: 122880K(122880K)->0K(122880K) From: 0K(102400K)->1984K(102400K)
[867.794s][info][gc,heap        ] GC(2489) ParOldGen: 458777K(667648K)->458777K(667648K)
[867.794s][info][gc,metaspace   ] GC(2489) Metaspace: 19088K(19200K)->19088K(19200K) NonClass: 17259K(17344K)->17259K(17344K) Class: 1829K(1856K)->1829K(1856K)
[867.794s][info][gc             ] GC(2489) Pause Young (Allocation Failure) 568M->449M(872M) 20.385ms
[867.794s][info][gc,cpu         ] GC(2489) User=0.04s Sys=0.00s Real=0.02s
[867.977s][info][gc,start       ] GC(2490) Pause Young (Allocation Failure)
[868.038s][info][gc,heap        ] GC(2490) PSYoungGen: 124864K(225280K)->30413K(218112K) Eden: 122880K(122880K)->0K(130048K) From: 1984K(102400K)->30413K(88064K)
[868.038s][info][gc,heap        ] GC(2490) ParOldGen: 458777K(667648K)->458777K(667648K)
[868.038s][info][gc,metaspace   ] GC(2490) Metaspace: 19088K(19200K)->19088K(19200K) NonClass: 17259K(17344K)->17259K(17344K) Class: 1829K(1856K)->1829K(1856K)
[868.038s][info][gc             ] GC(2490) Pause Young (Allocation Failure) 569M->477M(865M) 60.588ms
[868.038s][info][gc,cpu         ] GC(2490) User=0.12s Sys=0.00s Real=0.06s
[868.226s][info][gc,start       ] GC(2491) Pause Young (Allocation Failure)
[868.288s][info][gc,heap        ] GC(2491) PSYoungGen: 160461K(218112K)->32717K(224256K) Eden: 130048K(130048K)->0K(130048K) From: 30413K(88064K)->32717K(94208K)
[868.288s][info][gc,heap        ] GC(2491) ParOldGen: 458777K(667648K)->458777K(667648K)
[868.288s][info][gc,metaspace   ] GC(2491) Metaspace: 19088K(19200K)->19088K(19200K) NonClass: 17259K(17344K)->17259K(17344K) Class: 1829K(1856K)->1829K(1856K)
[868.288s][info][gc             ] GC(2491) Pause Young (Allocation Failure) 604M->479M(871M) 61.944ms
[868.288s][info][gc,cpu         ] GC(2491) User=0.12s Sys=0.00s Real=0.06s
[868.483s][info][gc,start       ] GC(2492) Pause Young (Allocation Failure)
[868.552s][info][gc,heap        ] GC(2492) PSYoungGen: 162765K(224256K)->32717K(220160K) Eden: 130048K(130048K)->0K(141824K) From: 32717K(94208K)->32717K(78336K)
[868.552s][info][gc,heap        ] GC(2492) ParOldGen: 458777K(667648K)->458777K(667648K)
[868.552s][info][gc,metaspace   ] GC(2492) Metaspace: 19088K(19200K)->19088K(19200K) NonClass: 17259K(17344K)->17259K(17344K) Class: 1829K(1856K)->1829K(1856K)
[868.552s][info][gc             ] GC(2492) Pause Young (Allocation Failure) 606M->479M(867M) 68.553ms
[868.552s][info][gc,cpu         ] GC(2492) User=0.13s Sys=0.00s Real=0.07s
[868.794s][info][gc,start       ] GC(2493) Pause Young (Allocation Failure)
[868.862s][info][gc,heap        ] GC(2493) PSYoungGen: 174541K(220160K)->32685K(225280K) Eden: 141824K(141824K)->0K(141824K) From: 32717K(78336K)->32685K(83456K)
[868.862s][info][gc,heap        ] GC(2493) ParOldGen: 458777K(667648K)->458777K(667648K)
[868.862s][info][gc,metaspace   ] GC(2493) Metaspace: 19088K(19200K)->19088K(19200K) NonClass: 17259K(17344K)->17259K(17344K) Class: 1829K(1856K)->1829K(1856K)
[868.862s][info][gc             ] GC(2493) Pause Young (Allocation Failure) 618M->479M(872M) 67.562ms
[868.862s][info][gc,cpu         ] GC(2493) User=0.13s Sys=0.00s Real=0.07s
[869.115s][info][gc,start       ] GC(2494) Pause Young (Allocation Failure)
[869.184s][info][gc,heap        ] GC(2494) PSYoungGen: 174509K(225280K)->32685K(224768K) Eden: 141824K(141824K)->0K(154624K) From: 32685K(83456K)->32685K(70144K)
[869.184s][info][gc,heap        ] GC(2494) ParOldGen: 458777K(667648K)->458777K(667648K)
[869.184s][info][gc,metaspace   ] GC(2494) Metaspace: 19088K(19200K)->19088K(19200K) NonClass: 17259K(17344K)->17259K(17344K) Class: 1829K(1856K)->1829K(1856K)
[869.184s][info][gc             ] GC(2494) Pause Young (Allocation Failure) 618M->479M(871M) 68.741ms
[869.184s][info][gc,cpu         ] GC(2494) User=0.13s Sys=0.00s Real=0.06s
[869.450s][info][gc,start       ] GC(2495) Pause Young (Allocation Failure)
[869.517s][info][gc,heap        ] GC(2495) PSYoungGen: 187309K(224768K)->32685K(228864K) Eden: 154624K(154624K)->0K(154624K) From: 32685K(70144K)->32685K(74240K)
[869.517s][info][gc,heap        ] GC(2495) ParOldGen: 458777K(667648K)->458777K(667648K)
[869.517s][info][gc,metaspace   ] GC(2495) Metaspace: 19088K(19200K)->19088K(19200K) NonClass: 17259K(17344K)->17259K(17344K) Class: 1829K(1856K)->1829K(1856K)
[869.517s][info][gc             ] GC(2495) Pause Young (Allocation Failure) 630M->479M(875M) 67.576ms
[869.517s][info][gc,cpu         ] GC(2495) User=0.14s Sys=0.00s Real=0.07s
[869.781s][info][gc,start       ] GC(2496) Pause Young (Allocation Failure)
[869.848s][info][gc,heap        ] GC(2496) PSYoungGen: 187309K(228864K)->32685K(230912K) Eden: 154624K(154624K)->0K(167936K) From: 32685K(74240K)->32685K(62976K)
[869.848s][info][gc,heap        ] GC(2496) ParOldGen: 458777K(667648K)->458777K(667648K)
[869.848s][info][gc,metaspace   ] GC(2496) Metaspace: 19088K(19200K)->19088K(19200K) NonClass: 17259K(17344K)->17259K(17344K) Class: 1829K(1856K)->1829K(1856K)
[869.848s][info][gc             ] GC(2496) Pause Young (Allocation Failure) 630M->479M(877M) 67.260ms
[869.848s][info][gc,cpu         ] GC(2496) User=0.13s Sys=0.00s Real=0.07s
[870.136s][info][gc,start       ] GC(2497) Pause Young (Allocation Failure)
[870.203s][info][gc,heap        ] GC(2497) PSYoungGen: 200621K(230912K)->32717K(234496K) Eden: 167936K(167936K)->0K(167936K) From: 32685K(62976K)->32717K(66560K)
[870.203s][info][gc,heap        ] GC(2497) ParOldGen: 458777K(667648K)->458777K(667648K)
[870.203s][info][gc,metaspace   ] GC(2497) Metaspace: 19088K(19200K)->19088K(19200K) NonClass: 17259K(17344K)->17259K(17344K) Class: 1829K(1856K)->1829K(1856K)
[870.203s][info][gc             ] GC(2497) Pause Young (Allocation Failure) 643M->479M(881M) 67.054ms
[870.203s][info][gc,cpu         ] GC(2497) User=0.14s Sys=0.00s Real=0.06s
[870.407s][info][gc,start       ] GC(2498) Pause Young (Allocation Failure)
[870.498s][info][gc,heap        ] GC(2498) PSYoungGen: 200653K(234496K)->52589K(240640K) Eden: 167936K(167936K)->0K(177152K) From: 32717K(66560K)->52589K(63488K)
[870.498s][info][gc,heap        ] GC(2498) ParOldGen: 458777K(667648K)->458777K(667648K)
[870.498s][info][gc,metaspace   ] GC(2498) Metaspace: 19088K(19200K)->19088K(19200K) NonClass: 17259K(17344K)->17259K(17344K) Class: 1829K(1856K)->1829K(1856K)
[870.498s][info][gc             ] GC(2498) Pause Young (Allocation Failure) 643M->499M(887M) 91.471ms
[870.498s][info][gc,cpu         ] GC(2498) User=0.18s Sys=0.00s Real=0.09s
[870.688s][info][gc,start       ] GC(2499) Pause Young (Allocation Failure)
[870.794s][info][gc,heap        ] GC(2499) PSYoungGen: 229741K(240640K)->65718K(245248K) Eden: 177152K(177152K)->0K(177152K) From: 52589K(63488K)->65718K(68096K)
[870.794s][info][gc,heap        ] GC(2499) ParOldGen: 458777K(667648K)->458777K(667648K)
[870.794s][info][gc,metaspace   ] GC(2499) Metaspace: 19088K(19200K)->19088K(19200K) NonClass: 17259K(17344K)->17259K(17344K) Class: 1829K(1856K)->1829K(1856K)
[870.794s][info][gc             ] GC(2499) Pause Young (Allocation Failure) 672M->512M(891M) 106.001ms
[870.794s][info][gc,cpu         ] GC(2499) User=0.21s Sys=0.00s Real=0.10s
[871.005s][info][gc,start       ] GC(2500) Pause Young (Allocation Failure)
[871.125s][info][gc,heap        ] GC(2500) PSYoungGen: 242870K(245248K)->66413K(243200K) Eden: 177152K(177152K)->0K(166912K) From: 65718K(68096K)->66413K(76288K)
[871.125s][info][gc,heap        ] GC(2500) ParOldGen: 458777K(667648K)->458777K(667648K)
[871.125s][info][gc,metaspace   ] GC(2500) Metaspace: 19088K(19200K)->19088K(19200K) NonClass: 17259K(17344K)->17259K(17344K) Class: 1829K(1856K)->1829K(1856K)
[871.125s][info][gc             ] GC(2500) Pause Young (Allocation Failure) 685M->512M(889M) 119.806ms
[871.125s][info][gc,cpu         ] GC(2500) User=0.22s Sys=0.02s Real=0.12s
[871.328s][info][gc,start       ] GC(2501) Pause Young (Allocation Failure)
[871.435s][info][gc,heap        ] GC(2501) PSYoungGen: 233325K(243200K)->66006K(232960K) Eden: 166912K(166912K)->0K(166912K) From: 66413K(76288K)->66006K(66048K)
[871.435s][info][gc,heap        ] GC(2501) ParOldGen: 458777K(667648K)->460721K(667648K)
[871.435s][info][gc,metaspace   ] GC(2501) Metaspace: 19088K(19200K)->19088K(19200K) NonClass: 17259K(17344K)->17259K(17344K) Class: 1829K(1856K)->1829K(1856K)
[871.435s][info][gc             ] GC(2501) Pause Young (Allocation Failure) 675M->514M(879M) 106.776ms
[871.435s][info][gc,cpu         ] GC(2501) User=0.21s Sys=0.00s Real=0.11s
[871.653s][info][gc,start       ] GC(2502) Pause Young (Allocation Failure)
[871.760s][info][gc,heap        ] GC(2502) PSYoungGen: 232918K(232960K)->46272K(248832K) Eden: 166912K(166912K)->0K(160256K) From: 66006K(66048K)->46272K(88576K)
[871.760s][info][gc,heap        ] GC(2502) ParOldGen: 460721K(667648K)->489259K(667648K)
[871.760s][info][gc,metaspace   ] GC(2502) Metaspace: 19088K(19200K)->19088K(19200K) NonClass: 17259K(17344K)->17259K(17344K) Class: 1829K(1856K)->1829K(1856K)
[871.760s][info][gc             ] GC(2502) Pause Young (Allocation Failure) 677M->522M(895M) 106.552ms
[871.760s][info][gc,cpu         ] GC(2502) User=0.20s Sys=0.00s Real=0.11s
[872.151s][info][gc,start       ] GC(2503) Pause Young (Allocation Failure)
[872.209s][info][gc,heap        ] GC(2503) PSYoungGen: 206528K(248832K)->44032K(204288K) Eden: 160256K(160256K)->0K(160256K) From: 46272K(88576K)->44032K(44032K)
[872.209s][info][gc,heap        ] GC(2503) ParOldGen: 489259K(667648K)->491571K(667648K)
[872.209s][info][gc,metaspace   ] GC(2503) Metaspace: 19088K(19200K)->19088K(19200K) NonClass: 17259K(17344K)->17259K(17344K) Class: 1829K(1856K)->1829K(1856K)
[872.209s][info][gc             ] GC(2503) Pause Young (Allocation Failure) 679M->523M(851M) 58.156ms
[872.209s][info][gc,cpu         ] GC(2503) User=0.12s Sys=0.00s Real=0.06s
[872.539s][info][gc,start       ] GC(2504) Pause Young (Allocation Failure)
[872.593s][info][gc,heap        ] GC(2504) PSYoungGen: 204288K(204288K)->44160K(245248K) Eden: 160256K(160256K)->0K(163840K) From: 44032K(44032K)->44160K(81408K)
[872.593s][info][gc,heap        ] GC(2504) ParOldGen: 491571K(667648K)->491571K(667648K)
[872.593s][info][gc,metaspace   ] GC(2504) Metaspace: 19088K(19200K)->19088K(19200K) NonClass: 17259K(17344K)->17259K(17344K) Class: 1829K(1856K)->1829K(1856K)
[872.593s][info][gc             ] GC(2504) Pause Young (Allocation Failure) 679M->523M(891M) 54.616ms
[872.593s][info][gc,cpu         ] GC(2504) User=0.11s Sys=0.00s Real=0.05s
[872.937s][info][gc,start       ] GC(2505) Pause Young (Allocation Failure)
[872.990s][info][gc,heap        ] GC(2505) PSYoungGen: 208000K(245248K)->44288K(241664K) Eden: 163840K(163840K)->0K(163840K) From: 44160K(81408K)->44288K(77824K)
[872.990s][info][gc,heap        ] GC(2505) ParOldGen: 491571K(667648K)->491571K(667648K)
[872.990s][info][gc,metaspace   ] GC(2505) Metaspace: 19088K(19200K)->19088K(19200K) NonClass: 17259K(17344K)->17259K(17344K) Class: 1829K(1856K)->1829K(1856K)
[872.990s][info][gc             ] GC(2505) Pause Young (Allocation Failure) 683M->523M(888M) 52.616ms
[872.990s][info][gc,cpu         ] GC(2505) User=0.10s Sys=0.00s Real=0.05s
[873.330s][info][gc,start       ] GC(2506) Pause Young (Allocation Failure)
[873.381s][info][gc,heap        ] GC(2506) PSYoungGen: 208128K(241664K)->44160K(248320K) Eden: 163840K(163840K)->0K(176640K) From: 44288K(77824K)->44160K(71680K)
[873.381s][info][gc,heap        ] GC(2506) ParOldGen: 491571K(667648K)->491571K(667648K)
[873.381s][info][gc,metaspace   ] GC(2506) Metaspace: 19088K(19200K)->19088K(19200K) NonClass: 17259K(17344K)->17259K(17344K) Class: 1829K(1856K)->1829K(1856K)
[873.381s][info][gc             ] GC(2506) Pause Young (Allocation Failure) 683M->523M(894M) 51.306ms
[873.381s][info][gc,cpu         ] GC(2506) User=0.10s Sys=0.00s Real=0.05s
[873.669s][info][gc,start       ] GC(2507) Pause Young (Allocation Failure)
[873.734s][info][gc,heap        ] GC(2507) PSYoungGen: 220800K(248320K)->58176K(248832K) Eden: 176640K(176640K)->0K(176640K) From: 44160K(71680K)->58176K(72192K)
[873.734s][info][gc,heap        ] GC(2507) ParOldGen: 491571K(667648K)->491571K(667648K)
[873.734s][info][gc,metaspace   ] GC(2507) Metaspace: 19088K(19200K)->19088K(19200K) NonClass: 17259K(17344K)->17259K(17344K) Class: 1829K(1856K)->1829K(1856K)
[873.734s][info][gc             ] GC(2507) Pause Young (Allocation Failure) 695M->536M(895M) 65.174ms
[873.734s][info][gc,cpu         ] GC(2507) User=0.12s Sys=0.01s Real=0.06s
[873.997s][info][gc,start       ] GC(2508) Pause Young (Allocation Failure)
[874.066s][info][gc,heap        ] GC(2508) PSYoungGen: 234816K(248832K)->61696K(252928K) Eden: 176640K(176640K)->0K(178176K) From: 58176K(72192K)->61696K(74752K)
[874.066s][info][gc,heap        ] GC(2508) ParOldGen: 491571K(667648K)->491571K(667648K)
[874.066s][info][gc,metaspace   ] GC(2508) Metaspace: 19088K(19200K)->19088K(19200K) NonClass: 17259K(17344K)->17259K(17344K) Class: 1829K(1856K)->1829K(1856K)
[874.066s][info][gc             ] GC(2508) Pause Young (Allocation Failure) 709M->540M(899M) 68.427ms
[874.066s][info][gc,cpu         ] GC(2508) User=0.13s Sys=0.00s Real=0.07s
[874.220s][info][gc,start       ] GC(2509) Pause Young (Allocation Failure)
[874.337s][info][gc,heap        ] GC(2509) PSYoungGen: 239872K(252928K)->77792K(256000K) Eden: 178176K(178176K)->0K(178176K) From: 61696K(74752K)->77792K(77824K)
[874.337s][info][gc,heap        ] GC(2509) ParOldGen: 491571K(667648K)->528907K(667648K)
[874.337s][info][gc,metaspace   ] GC(2509) Metaspace: 19088K(19200K)->19088K(19200K) NonClass: 17259K(17344K)->17259K(17344K) Class: 1829K(1856K)->1829K(1856K)
[874.337s][info][gc             ] GC(2509) Pause Young (Allocation Failure) 714M->592M(902M) 117.346ms
[874.337s][info][gc,cpu         ] GC(2509) User=0.23s Sys=0.00s Real=0.12s
[874.682s][info][gc,start       ] GC(2510) Pause Young (Allocation Failure)
[874.807s][info][gc,heap        ] GC(2510) PSYoungGen: 255968K(256000K)->77792K(191488K) Eden: 178176K(178176K)->0K(113664K) From: 77792K(77824K)->77792K(77824K)
[874.807s][info][gc,heap        ] GC(2510) ParOldGen: 528907K(667648K)->544086K(667648K)
[874.807s][info][gc,metaspace   ] GC(2510) Metaspace: 19088K(19200K)->19088K(19200K) NonClass: 17259K(17344K)->17259K(17344K) Class: 1829K(1856K)->1829K(1856K)
[874.807s][info][gc             ] GC(2510) Pause Young (Allocation Failure) 766M->607M(839M) 125.254ms
[874.807s][info][gc,cpu         ] GC(2510) User=0.24s Sys=0.01s Real=0.13s
[875.000s][info][gc,start       ] GC(2511) Pause Young (Allocation Failure)
[875.108s][info][gc,heap        ] GC(2511) PSYoungGen: 191456K(191488K)->63168K(223744K) Eden: 113664K(113664K)->0K(113664K) From: 77792K(77824K)->63168K(110080K)
[875.108s][info][gc,heap        ] GC(2511) ParOldGen: 544086K(667648K)->558814K(667648K)
[875.108s][info][gc,metaspace   ] GC(2511) Metaspace: 19088K(19200K)->19088K(19200K) NonClass: 17259K(17344K)->17259K(17344K) Class: 1829K(1856K)->1829K(1856K)
[875.109s][info][gc             ] GC(2511) Pause Young (Allocation Failure) 718M->607M(870M) 108.311ms
[875.109s][info][gc,cpu         ] GC(2511) User=0.22s Sys=0.00s Real=0.11s
[875.298s][info][gc,start       ] GC(2512) Pause Young (Allocation Failure)
[875.393s][info][gc,heap        ] GC(2512) PSYoungGen: 176832K(223744K)->53344K(212480K) Eden: 113664K(113664K)->0K(116736K) From: 63168K(110080K)->53344K(95744K)
[875.393s][info][gc,heap        ] GC(2512) ParOldGen: 558814K(667648K)->568662K(667648K)
[875.393s][info][gc,metaspace   ] GC(2512) Metaspace: 19088K(19200K)->19088K(19200K) NonClass: 17259K(17344K)->17259K(17344K) Class: 1829K(1856K)->1829K(1856K)
[875.393s][info][gc             ] GC(2512) Pause Young (Allocation Failure) 718M->607M(859M) 95.301ms
[875.393s][info][gc,cpu         ] GC(2512) User=0.19s Sys=0.00s Real=0.09s
[875.592s][info][gc,start       ] GC(2513) Pause Young (Allocation Failure)
[875.679s][info][gc,heap        ] GC(2513) PSYoungGen: 170080K(212480K)->52736K(219648K) Eden: 116736K(116736K)->0K(116736K) From: 53344K(95744K)->52736K(102912K)
[875.679s][info][gc,heap        ] GC(2513) ParOldGen: 568662K(667648K)->569270K(667648K)
[875.679s][info][gc,metaspace   ] GC(2513) Metaspace: 19088K(19200K)->19088K(19200K) NonClass: 17259K(17344K)->17259K(17344K) Class: 1829K(1856K)->1829K(1856K)
[875.679s][info][gc             ] GC(2513) Pause Young (Allocation Failure) 721M->607M(866M) 86.369ms
[875.679s][info][gc,cpu         ] GC(2513) User=0.17s Sys=0.00s Real=0.09s
[875.872s][info][gc,start       ] GC(2514) Pause Young (Allocation Failure)
[875.953s][info][gc,heap        ] GC(2514) PSYoungGen: 169472K(219648K)->51520K(220672K) Eden: 116736K(116736K)->0K(128512K) From: 52736K(102912K)->51520K(92160K)
[875.953s][info][gc,heap        ] GC(2514) ParOldGen: 569270K(667648K)->570486K(667648K)
[875.953s][info][gc,metaspace   ] GC(2514) Metaspace: 19088K(19200K)->19088K(19200K) NonClass: 17259K(17344K)->17259K(17344K) Class: 1829K(1856K)->1829K(1856K)
[875.953s][info][gc             ] GC(2514) Pause Young (Allocation Failure) 721M->607M(867M) 81.393ms
[875.953s][info][gc,cpu         ] GC(2514) User=0.16s Sys=0.00s Real=0.08s
[876.109s][info][gc,start       ] GC(2515) Pause Young (Allocation Failure)
[876.208s][info][gc,heap        ] GC(2515) PSYoungGen: 180032K(220672K)->64384K(224256K) Eden: 128512K(128512K)->0K(128512K) From: 51520K(92160K)->64384K(95744K)
[876.209s][info][gc,heap        ] GC(2515) ParOldGen: 570486K(667648K)->577342K(667648K)
[876.209s][info][gc,metaspace   ] GC(2515) Metaspace: 19088K(19200K)->19088K(19200K) NonClass: 17259K(17344K)->17259K(17344K) Class: 1829K(1856K)->1829K(1856K)
[876.209s][info][gc             ] GC(2515) Pause Young (Allocation Failure) 732M->626M(871M) 99.673ms
[876.209s][info][gc,cpu         ] GC(2515) User=0.20s Sys=0.00s Real=0.10s
[876.337s][info][gc,start       ] GC(2516) Pause Young (Allocation Failure)
[876.452s][info][gc,heap        ] GC(2516) PSYoungGen: 192896K(224256K)->83200K(226816K) Eden: 128512K(128512K)->0K(132096K) From: 64384K(95744K)->83200K(94720K)
[876.452s][info][gc,heap        ] GC(2516) ParOldGen: 577342K(667648K)->577390K(667648K)
[876.452s][info][gc,metaspace   ] GC(2516) Metaspace: 19088K(19200K)->19088K(19200K) NonClass: 17259K(17344K)->17259K(17344K) Class: 1829K(1856K)->1829K(1856K)
[876.452s][info][gc             ] GC(2516) Pause Young (Allocation Failure) 752M->645M(873M) 115.734ms
[876.452s][info][gc,cpu         ] GC(2516) User=0.23s Sys=0.00s Real=0.11s
[876.599s][info][gc,start       ] GC(2517) Pause Young (Allocation Failure)
[876.733s][info][gc,heap        ] GC(2517) PSYoungGen: 215296K(226816K)->94368K(226816K) Eden: 132096K(132096K)->0K(132096K) From: 83200K(94720K)->94368K(94720K)
[876.733s][info][gc,heap        ] GC(2517) ParOldGen: 577390K(667648K)->577547K(667648K)
[876.733s][info][gc,metaspace   ] GC(2517) Metaspace: 19088K(19200K)->19088K(19200K) NonClass: 17259K(17344K)->17259K(17344K) Class: 1829K(1856K)->1829K(1856K)
[876.733s][info][gc             ] GC(2517) Pause Young (Allocation Failure) 774M->656M(873M) 133.631ms
[876.733s][info][gc,cpu         ] GC(2517) User=0.26s Sys=0.00s Real=0.13s
[876.874s][info][gc,start       ] GC(2518) Pause Young (Allocation Failure)
[877.013s][info][gc,heap        ] GC(2518) PSYoungGen: 226464K(226816K)->102144K(218624K) Eden: 132096K(132096K)->0K(111616K) From: 94368K(94720K)->102144K(107008K)
[877.013s][info][gc,heap        ] GC(2518) ParOldGen: 577547K(667648K)->588451K(667648K)
[877.013s][info][gc,metaspace   ] GC(2518) Metaspace: 19088K(19200K)->19088K(19200K) NonClass: 17259K(17344K)->17259K(17344K) Class: 1829K(1856K)->1829K(1856K)
[877.013s][info][gc             ] GC(2518) Pause Young (Allocation Failure) 785M->674M(865M) 139.431ms
[877.013s][info][gc,cpu         ] GC(2518) User=0.27s Sys=0.01s Real=0.14s
[877.092s][info][gc,start       ] GC(2519) Pause Young (Allocation Failure)
[877.224s][info][gc,heap        ] GC(2519) PSYoungGen: 213760K(218624K)->93248K(222720K) Eden: 111616K(111616K)->0K(111616K) From: 102144K(107008K)->93248K(111104K)
[877.224s][info][gc,heap        ] GC(2519) ParOldGen: 588451K(667648K)->608132K(667648K)
[877.224s][info][gc,metaspace   ] GC(2519) Metaspace: 19088K(19200K)->19088K(19200K) NonClass: 17259K(17344K)->17259K(17344K) Class: 1829K(1856K)->1829K(1856K)
[877.224s][info][gc             ] GC(2519) Pause Young (Allocation Failure) 783M->684M(869M) 132.488ms
[877.224s][info][gc,cpu         ] GC(2519) User=0.26s Sys=0.00s Real=0.13s
[877.295s][info][gc,start       ] GC(2520) Pause Young (Allocation Failure)
[877.402s][info][gc,heap        ] GC(2520) PSYoungGen: 204864K(222720K)->82624K(222720K) Eden: 111616K(111616K)->0K(111616K) From: 93248K(111104K)->82624K(111104K)
[877.402s][info][gc,heap        ] GC(2520) ParOldGen: 608132K(667648K)->622284K(667648K)
[877.402s][info][gc,metaspace   ] GC(2520) Metaspace: 19088K(19200K)->19088K(19200K) NonClass: 17259K(17344K)->17259K(17344K) Class: 1829K(1856K)->1829K(1856K)
[877.402s][info][gc             ] GC(2520) Pause Young (Allocation Failure) 793M->688M(869M) 106.726ms
[877.402s][info][gc,cpu         ] GC(2520) User=0.21s Sys=0.00s Real=0.10s
[877.508s][info][gc,start       ] GC(2521) Pause Young (Allocation Failure)
[877.593s][info][gc,heap        ] GC(2521) PSYoungGen: 194240K(222720K)->82720K(222720K) Eden: 111616K(111616K)->0K(111616K) From: 82624K(111104K)->82720K(111104K)
[877.593s][info][gc,heap        ] GC(2521) ParOldGen: 622284K(667648K)->622284K(667648K)
[877.593s][info][gc,metaspace   ] GC(2521) Metaspace: 19088K(19200K)->19088K(19200K) NonClass: 17259K(17344K)->17259K(17344K) Class: 1829K(1856K)->1829K(1856K)
[877.593s][info][gc             ] GC(2521) Pause Young (Allocation Failure) 797M->688M(869M) 85.343ms
[877.593s][info][gc,cpu         ] GC(2521) User=0.17s Sys=0.00s Real=0.08s
[877.673s][info][gc,start       ] GC(2522) Pause Young (Allocation Failure)
[877.779s][info][gc,heap        ] GC(2522) PSYoungGen: 194336K(222720K)->77504K(222720K) Eden: 111616K(111616K)->0K(111616K) From: 82720K(111104K)->77504K(111104K)
[877.779s][info][gc,heap        ] GC(2522) ParOldGen: 622284K(667648K)->642004K(667648K)
[877.779s][info][gc,metaspace   ] GC(2522) Metaspace: 19088K(19200K)->19088K(19200K) NonClass: 17259K(17344K)->17259K(17344K) Class: 1829K(1856K)->1829K(1856K)
[877.779s][info][gc             ] GC(2522) Pause Young (Allocation Failure) 797M->702M(869M) 105.871ms
[877.779s][info][gc,cpu         ] GC(2522) User=0.21s Sys=0.00s Real=0.11s
[877.868s][info][gc,start       ] GC(2523) Pause Full (Allocation Failure)
[877.868s][info][gc,phases,start] GC(2523) Marking Phase
[878.330s][info][gc,phases      ] GC(2523) Marking Phase 462.144ms
[878.330s][info][gc,phases,start] GC(2523) Summary Phase
[878.330s][info][gc,phases      ] GC(2523) Summary Phase 0.033ms
[878.330s][info][gc,phases,start] GC(2523) Forward
[878.430s][info][gc,phases      ] GC(2523) Forward 100.156ms
[878.430s][info][gc,phases,start] GC(2523) Adjust Pointers
[878.763s][info][gc,phases      ] GC(2523) Adjust Pointers 332.949ms
[878.763s][info][gc,phases,start] GC(2523) Compaction Phase
[878.937s][info][gc,phases      ] GC(2523) Compaction Phase 173.888ms
[878.946s][info][gc,phases,start] GC(2523) Post Compact
[878.949s][info][gc,phases      ] GC(2523) Post Compact 2.447ms
[878.949s][info][gc,heap        ] GC(2523) PSYoungGen: 189120K(222720K)->0K(222720K) Eden: 111616K(111616K)->0K(111616K) From: 77504K(111104K)->0K(111104K)
[878.949s][info][gc,heap        ] GC(2523) ParOldGen: 642004K(667648K)->592070K(667648K)
[878.949s][info][gc,metaspace   ] GC(2523) Metaspace: 19088K(19200K)->19088K(19200K) NonClass: 17259K(17344K)->17259K(17344K) Class: 1829K(1856K)->1829K(1856K)
[878.949s][info][gc             ] GC(2523) Pause Full (Allocation Failure) 811M->578M(869M) 1081.129ms
[878.949s][info][gc,cpu         ] GC(2523) User=2.10s Sys=0.00s Real=1.08s
[879.019s][info][gc,start       ] GC(2524) Pause Young (Allocation Failure)
[879.031s][info][gc,heap        ] GC(2524) PSYoungGen: 111616K(222720K)->4192K(222720K) Eden: 111616K(111616K)->0K(111616K) From: 0K(111104K)->4192K(111104K)
[879.031s][info][gc,heap        ] GC(2524) ParOldGen: 592070K(667648K)->592070K(667648K)
[879.031s][info][gc,metaspace   ] GC(2524) Metaspace: 19088K(19200K)->19088K(19200K) NonClass: 17259K(17344K)->17259K(17344K) Class: 1829K(1856K)->1829K(1856K)
[879.031s][info][gc             ] GC(2524) Pause Young (Allocation Failure) 687M->582M(869M) 12.295ms
[879.031s][info][gc,cpu         ] GC(2524) User=0.03s Sys=0.00s Real=0.01s
[879.114s][info][gc,start       ] GC(2525) Pause Young (Allocation Failure)
[879.130s][info][gc,heap        ] GC(2525) PSYoungGen: 115808K(222720K)->8608K(222720K) Eden: 111616K(111616K)->0K(111616K) From: 4192K(111104K)->8608K(111104K)
[879.130s][info][gc,heap        ] GC(2525) ParOldGen: 592070K(667648K)->592070K(667648K)
[879.130s][info][gc,metaspace   ] GC(2525) Metaspace: 19088K(19200K)->19088K(19200K) NonClass: 17259K(17344K)->17259K(17344K) Class: 1829K(1856K)->1829K(1856K)
[879.130s][info][gc             ] GC(2525) Pause Young (Allocation Failure) 691M->586M(869M) 15.796ms
[879.130s][info][gc,cpu         ] GC(2525) User=0.03s Sys=0.00s Real=0.02s
[879.194s][info][gc,start       ] GC(2526) Pause Young (Allocation Failure)
[879.210s][info][gc,heap        ] GC(2526) PSYoungGen: 120224K(222720K)->9280K(222720K) Eden: 111616K(111616K)->0K(111616K) From: 8608K(111104K)->9280K(111104K)
[879.210s][info][gc,heap        ] GC(2526) ParOldGen: 592070K(667648K)->592070K(667648K)
[879.210s][info][gc,metaspace   ] GC(2526) Metaspace: 19088K(19200K)->19088K(19200K) NonClass: 17259K(17344K)->17259K(17344K) Class: 1829K(1856K)->1829K(1856K)
[879.210s][info][gc             ] GC(2526) Pause Young (Allocation Failure) 695M->587M(869M) 15.220ms
[879.210s][info][gc,cpu         ] GC(2526) User=0.03s Sys=0.00s Real=0.02s
[879.284s][info][gc,start       ] GC(2527) Pause Young (Allocation Failure)
[879.301s][info][gc,heap        ] GC(2527) PSYoungGen: 120896K(222720K)->7936K(222720K) Eden: 111616K(111616K)->0K(111616K) From: 9280K(111104K)->7936K(111104K)
[879.301s][info][gc,heap        ] GC(2527) ParOldGen: 592070K(667648K)->596262K(667648K)
[879.301s][info][gc,metaspace   ] GC(2527) Metaspace: 19088K(19200K)->19088K(19200K) NonClass: 17259K(17344K)->17259K(17344K) Class: 1829K(1856K)->1829K(1856K)
[879.302s][info][gc             ] GC(2527) Pause Young (Allocation Failure) 696M->590M(869M) 17.822ms
[879.302s][info][gc,cpu         ] GC(2527) User=0.03s Sys=0.00s Real=0.02s
[879.381s][info][gc,start       ] GC(2528) Pause Young (Allocation Failure)
[879.393s][info][gc,heap        ] GC(2528) PSYoungGen: 119552K(222720K)->2944K(222720K) Eden: 111616K(111616K)->0K(111616K) From: 7936K(111104K)->2944K(111104K)
[879.393s][info][gc,heap        ] GC(2528) ParOldGen: 596262K(667648K)->601342K(667648K)
[879.393s][info][gc,metaspace   ] GC(2528) Metaspace: 19088K(19200K)->19088K(19200K) NonClass: 17259K(17344K)->17259K(17344K) Class: 1829K(1856K)->1829K(1856K)
[879.393s][info][gc             ] GC(2528) Pause Young (Allocation Failure) 699M->590M(869M) 11.753ms
[879.393s][info][gc,cpu         ] GC(2528) User=0.02s Sys=0.00s Real=0.01s
[879.501s][info][gc,start       ] GC(2529) Pause Young (Allocation Failure)
[879.520s][info][gc,heap        ] GC(2529) PSYoungGen: 114560K(222720K)->13568K(222720K) Eden: 111616K(111616K)->0K(111616K) From: 2944K(111104K)->13568K(111104K)
[879.520s][info][gc,heap        ] GC(2529) ParOldGen: 601342K(667648K)->604254K(667648K)
[879.520s][info][gc,metaspace   ] GC(2529) Metaspace: 19088K(19200K)->19088K(19200K) NonClass: 17259K(17344K)->17259K(17344K) Class: 1829K(1856K)->1829K(1856K)
[879.520s][info][gc             ] GC(2529) Pause Young (Allocation Failure) 699M->603M(869M) 18.473ms
[879.520s][info][gc,cpu         ] GC(2529) User=0.04s Sys=0.00s Real=0.02s
[879.600s][info][gc,start       ] GC(2530) Pause Young (Allocation Failure)
[879.631s][info][gc,heap        ] GC(2530) PSYoungGen: 125184K(222720K)->13216K(222720K) Eden: 111616K(111616K)->0K(111616K) From: 13568K(111104K)->13216K(111104K)
[879.631s][info][gc,heap        ] GC(2530) ParOldGen: 604254K(667648K)->617853K(667648K)
[879.631s][info][gc,metaspace   ] GC(2530) Metaspace: 19088K(19200K)->19088K(19200K) NonClass: 17259K(17344K)->17259K(17344K) Class: 1829K(1856K)->1829K(1856K)
[879.631s][info][gc             ] GC(2530) Pause Young (Allocation Failure) 712M->616M(869M) 30.627ms
[879.631s][info][gc,cpu         ] GC(2530) User=0.06s Sys=0.00s Real=0.03s
[880.042s][info][gc,start       ] GC(2531) Pause Young (Allocation Failure)
[880.064s][info][gc,heap        ] GC(2531) PSYoungGen: 124832K(222720K)->5016K(222720K) Eden: 111616K(111616K)->0K(111616K) From: 13216K(111104K)->5016K(111104K)
[880.064s][info][gc,heap        ] GC(2531) ParOldGen: 617853K(667648K)->631069K(667648K)
[880.064s][info][gc,metaspace   ] GC(2531) Metaspace: 19088K(19200K)->19088K(19200K) NonClass: 17259K(17344K)->17259K(17344K) Class: 1829K(1856K)->1829K(1856K)
[880.064s][info][gc             ] GC(2531) Pause Young (Allocation Failure) 725M->621M(869M) 21.944ms
[880.064s][info][gc,cpu         ] GC(2531) User=0.04s Sys=0.00s Real=0.02s
[880.198s][info][gc,start       ] GC(2532) Pause Young (Allocation Failure)
[880.212s][info][gc,heap        ] GC(2532) PSYoungGen: 116632K(222720K)->6016K(222720K) Eden: 111616K(111616K)->0K(111616K) From: 5016K(111104K)->6016K(111104K)
[880.212s][info][gc,heap        ] GC(2532) ParOldGen: 631069K(667648K)->636078K(667648K)
[880.212s][info][gc,metaspace   ] GC(2532) Metaspace: 19088K(19200K)->19088K(19200K) NonClass: 17259K(17344K)->17259K(17344K) Class: 1829K(1856K)->1829K(1856K)
[880.213s][info][gc             ] GC(2532) Pause Young (Allocation Failure) 730M->627M(869M) 14.655ms
[880.213s][info][gc,cpu         ] GC(2532) User=0.03s Sys=0.00s Real=0.01s
[880.478s][info][gc,start       ] GC(2533) Pause Young (Allocation Failure)
[880.488s][info][gc,heap        ] GC(2533) PSYoungGen: 117632K(222720K)->96K(222720K) Eden: 111616K(111616K)->0K(111616K) From: 6016K(111104K)->96K(111104K)
[880.488s][info][gc,heap        ] GC(2533) ParOldGen: 636078K(667648K)->642083K(667648K)
[880.488s][info][gc,metaspace   ] GC(2533) Metaspace: 19088K(19200K)->19088K(19200K) NonClass: 17259K(17344K)->17259K(17344K) Class: 1829K(1856K)->1829K(1856K)
[880.488s][info][gc             ] GC(2533) Pause Young (Allocation Failure) 736M->627M(869M) 9.821ms
[880.488s][info][gc,cpu         ] GC(2533) User=0.02s Sys=0.00s Real=0.01s
[880.886s][info][gc,start       ] GC(2534) Pause Young (Allocation Failure)
[880.901s][info][gc,heap        ] GC(2534) PSYoungGen: 111712K(222720K)->12032K(221696K) Eden: 111616K(111616K)->0K(111616K) From: 96K(111104K)->12032K(110080K)
[880.901s][info][gc,heap        ] GC(2534) ParOldGen: 642083K(667648K)->642147K(667648K)
[880.901s][info][gc,metaspace   ] GC(2534) Metaspace: 19088K(19200K)->19088K(19200K) NonClass: 17259K(17344K)->17259K(17344K) Class: 1829K(1856K)->1829K(1856K)
[880.901s][info][gc             ] GC(2534) Pause Young (Allocation Failure) 736M->638M(868M) 15.497ms
[880.901s][info][gc,cpu         ] GC(2534) User=0.03s Sys=0.00s Real=0.01s
[881.060s][info][gc,start       ] GC(2535) Pause Young (Allocation Failure)
[881.097s][info][gc,heap        ] GC(2535) PSYoungGen: 123648K(221696K)->42208K(154112K) Eden: 111616K(111616K)->0K(111616K) From: 12032K(110080K)->42208K(42496K)
[881.097s][info][gc,heap        ] GC(2535) ParOldGen: 642147K(667648K)->642147K(667648K)
[881.097s][info][gc,metaspace   ] GC(2535) Metaspace: 19088K(19200K)->19088K(19200K) NonClass: 17259K(17344K)->17259K(17344K) Class: 1829K(1856K)->1829K(1856K)
[881.097s][info][gc             ] GC(2535) Pause Young (Allocation Failure) 747M->668M(802M) 37.265ms
[881.097s][info][gc,cpu         ] GC(2535) User=0.07s Sys=0.00s Real=0.04s
[881.189s][info][gc,start       ] GC(2536) Pause Young (Allocation Failure)
[881.252s][info][gc,heap        ] GC(2536) PSYoungGen: 153824K(154112K)->81984K(217088K) Eden: 111616K(111616K)->0K(109568K) From: 42208K(42496K)->81984K(107520K)
[881.252s][info][gc,heap        ] GC(2536) ParOldGen: 642147K(667648K)->642147K(667648K)
[881.252s][info][gc,metaspace   ] GC(2536) Metaspace: 19088K(19200K)->19088K(19200K) NonClass: 17259K(17344K)->17259K(17344K) Class: 1829K(1856K)->1829K(1856K)
[881.252s][info][gc             ] GC(2536) Pause Young (Allocation Failure) 777M->707M(864M) 63.489ms
[881.252s][info][gc,cpu         ] GC(2536) User=0.13s Sys=0.00s Real=0.06s
[881.458s][info][gc,start       ] GC(2537) Pause Young (Allocation Failure)
[881.528s][info][gc,promotion   ] GC(2537) Promotion failed
[881.528s][info][gc,heap        ] GC(2537) PSYoungGen: 191552K(217088K)->191552K(217088K) Eden: 109568K(109568K)->109568K(109568K) From: 81984K(107520K)->81984K(107520K)
[881.528s][info][gc,heap        ] GC(2537) ParOldGen: 642147K(667648K)->667646K(667648K)
[881.528s][info][gc,metaspace   ] GC(2537) Metaspace: 19088K(19200K)->19088K(19200K) NonClass: 17259K(17344K)->17259K(17344K) Class: 1829K(1856K)->1829K(1856K)
[881.528s][info][gc             ] GC(2537) Pause Young (Allocation Failure) 814M->839M(864M) 70.463ms
[881.528s][info][gc,cpu         ] GC(2537) User=0.13s Sys=0.02s Real=0.07s
[881.528s][info][gc,start       ] GC(2538) Pause Full (Allocation Failure)
[881.528s][info][gc,phases,start] GC(2538) Marking Phase
[882.057s][info][gc,phases      ] GC(2538) Marking Phase 528.831ms
[882.057s][info][gc,phases,start] GC(2538) Summary Phase
[882.057s][info][gc,phases      ] GC(2538) Summary Phase 0.030ms
[882.057s][info][gc,phases,start] GC(2538) Forward
[882.197s][info][gc,phases      ] GC(2538) Forward 140.085ms
[882.197s][info][gc,phases,start] GC(2538) Adjust Pointers
[882.608s][info][gc,phases      ] GC(2538) Adjust Pointers 410.415ms
[882.608s][info][gc,phases,start] GC(2538) Compaction Phase
[882.814s][info][gc,phases      ] GC(2538) Compaction Phase 206.402ms
[882.828s][info][gc,phases,start] GC(2538) Post Compact
[882.831s][info][gc,phases      ] GC(2538) Post Compact 2.665ms
[882.831s][info][gc,heap        ] GC(2538) PSYoungGen: 191552K(217088K)->23554K(220672K) Eden: 109568K(109568K)->0K(109568K) From: 81984K(107520K)->23554K(111104K)
[882.831s][info][gc,heap        ] GC(2538) ParOldGen: 667646K(667648K)->667628K(667648K)
[882.831s][info][gc,metaspace   ] GC(2538) Metaspace: 19088K(19200K)->19088K(19200K) NonClass: 17259K(17344K)->17259K(17344K) Class: 1829K(1856K)->1829K(1856K)
[882.831s][info][gc             ] GC(2538) Pause Full (Allocation Failure) 839M->674M(867M) 1302.838ms
[882.831s][info][gc,cpu         ] GC(2538) User=2.53s Sys=0.00s Real=1.30s
[882.996s][info][gc,start       ] GC(2539) Pause Full (Allocation Failure)
[882.996s][info][gc,phases,start] GC(2539) Marking Phase
[883.526s][info][gc,phases      ] GC(2539) Marking Phase 529.947ms
[883.526s][info][gc,phases,start] GC(2539) Summary Phase
[883.526s][info][gc,phases      ] GC(2539) Summary Phase 0.029ms
[883.526s][info][gc,phases,start] GC(2539) Forward
[883.629s][info][gc,phases      ] GC(2539) Forward 102.742ms
[883.629s][info][gc,phases,start] GC(2539) Adjust Pointers
[884.024s][info][gc,phases      ] GC(2539) Adjust Pointers 395.684ms
[884.025s][info][gc,phases,start] GC(2539) Compaction Phase
[884.196s][info][gc,phases      ] GC(2539) Compaction Phase 171.204ms
[884.211s][info][gc,phases,start] GC(2539) Post Compact
[884.213s][info][gc,phases      ] GC(2539) Post Compact 2.380ms
[884.213s][info][gc,heap        ] GC(2539) PSYoungGen: 133122K(220672K)->23644K(220672K) Eden: 109568K(109568K)->23644K(109568K) From: 23554K(111104K)->0K(111104K)
[884.213s][info][gc,heap        ] GC(2539) ParOldGen: 667628K(667648K)->667647K(667648K)
[884.213s][info][gc,metaspace   ] GC(2539) Metaspace: 19088K(19200K)->19088K(19200K) NonClass: 17259K(17344K)->17259K(17344K) Class: 1829K(1856K)->1829K(1856K)
[884.213s][info][gc             ] GC(2539) Pause Full (Allocation Failure) 781M->675M(867M) 1217.214ms
[884.213s][info][gc,cpu         ] GC(2539) User=2.36s Sys=0.00s Real=1.21s
[884.347s][info][gc,start       ] GC(2540) Pause Full (Allocation Failure)
[884.347s][info][gc,phases,start] GC(2540) Marking Phase
[884.876s][info][gc,phases      ] GC(2540) Marking Phase 529.031ms
[884.876s][info][gc,phases,start] GC(2540) Summary Phase
[884.877s][info][gc,phases      ] GC(2540) Summary Phase 0.025ms
[884.877s][info][gc,phases,start] GC(2540) Forward
[884.884s][info][gc,phases      ] GC(2540) Forward 7.851ms
[884.884s][info][gc,phases,start] GC(2540) Adjust Pointers
[885.244s][info][gc,phases      ] GC(2540) Adjust Pointers 359.437ms
[885.244s][info][gc,phases,start] GC(2540) Compaction Phase
[885.388s][info][gc,phases      ] GC(2540) Compaction Phase 144.033ms
[885.388s][info][gc,phases,start] GC(2540) Post Compact
[885.390s][info][gc,phases      ] GC(2540) Post Compact 2.285ms
[885.390s][info][gc,heap        ] GC(2540) PSYoungGen: 109568K(220672K)->23922K(220672K) Eden: 109568K(109568K)->23922K(109568K) From: 0K(111104K)->0K(111104K)
[885.390s][info][gc,heap        ] GC(2540) ParOldGen: 667647K(667648K)->667647K(667648K)
[885.390s][info][gc,metaspace   ] GC(2540) Metaspace: 19088K(19200K)->19088K(19200K) NonClass: 17259K(17344K)->17259K(17344K) Class: 1829K(1856K)->1829K(1856K)
[885.390s][info][gc             ] GC(2540) Pause Full (Allocation Failure) 758M->675M(867M) 1043.110ms
[885.390s][info][gc,cpu         ] GC(2540) User=2.04s Sys=0.00s Real=1.04s
[885.500s][info][gc,start       ] GC(2541) Pause Full (Allocation Failure)
[885.500s][info][gc,phases,start] GC(2541) Marking Phase
[886.033s][info][gc,phases      ] GC(2541) Marking Phase 532.834ms
[886.033s][info][gc,phases,start] GC(2541) Summary Phase
[886.033s][info][gc,phases      ] GC(2541) Summary Phase 0.028ms
[886.033s][info][gc,phases,start] GC(2541) Forward
[886.042s][info][gc,phases      ] GC(2541) Forward 8.409ms
[886.042s][info][gc,phases,start] GC(2541) Adjust Pointers
[886.400s][info][gc,phases      ] GC(2541) Adjust Pointers 357.844ms
[886.400s][info][gc,phases,start] GC(2541) Compaction Phase
[886.542s][info][gc,phases      ] GC(2541) Compaction Phase 142.864ms
[886.543s][info][gc,phases,start] GC(2541) Post Compact
[886.545s][info][gc,phases      ] GC(2541) Post Compact 2.292ms
[886.545s][info][gc,heap        ] GC(2541) PSYoungGen: 109568K(220672K)->24135K(220672K) Eden: 109568K(109568K)->24135K(109568K) From: 0K(111104K)->0K(111104K)
[886.545s][info][gc,heap        ] GC(2541) ParOldGen: 667647K(667648K)->667647K(667648K)
[886.545s][info][gc,metaspace   ] GC(2541) Metaspace: 19088K(19200K)->19088K(19200K) NonClass: 17259K(17344K)->17259K(17344K) Class: 1829K(1856K)->1829K(1856K)
[886.545s][info][gc             ] GC(2541) Pause Full (Allocation Failure) 758M->675M(867M) 1044.837ms
[886.545s][info][gc,cpu         ] GC(2541) User=2.04s Sys=0.00s Real=1.05s
[886.675s][info][gc,start       ] GC(2542) Pause Full (Allocation Failure)
[886.675s][info][gc,phases,start] GC(2542) Marking Phase
[887.205s][info][gc,phases      ] GC(2542) Marking Phase 530.631ms
[887.205s][info][gc,phases,start] GC(2542) Summary Phase
[887.205s][info][gc,phases      ] GC(2542) Summary Phase 0.026ms
[887.205s][info][gc,phases,start] GC(2542) Forward
[887.214s][info][gc,phases      ] GC(2542) Forward 8.135ms
[887.214s][info][gc,phases,start] GC(2542) Adjust Pointers
[887.572s][info][gc,phases      ] GC(2542) Adjust Pointers 358.472ms
[887.572s][info][gc,phases,start] GC(2542) Compaction Phase
[887.715s][info][gc,phases      ] GC(2542) Compaction Phase 143.170ms
[887.715s][info][gc,phases,start] GC(2542) Post Compact
[887.718s][info][gc,phases      ] GC(2542) Post Compact 2.319ms
[887.718s][info][gc,heap        ] GC(2542) PSYoungGen: 109568K(220672K)->24293K(220672K) Eden: 109568K(109568K)->24293K(109568K) From: 0K(111104K)->0K(111104K)
[887.718s][info][gc,heap        ] GC(2542) ParOldGen: 667647K(667648K)->667647K(667648K)
[887.718s][info][gc,metaspace   ] GC(2542) Metaspace: 19088K(19200K)->19088K(19200K) NonClass: 17259K(17344K)->17259K(17344K) Class: 1829K(1856K)->1829K(1856K)
[887.718s][info][gc             ] GC(2542) Pause Full (Allocation Failure) 758M->675M(867M) 1043.248ms
[887.718s][info][gc,cpu         ] GC(2542) User=2.04s Sys=0.01s Real=1.05s
[887.841s][info][gc,start       ] GC(2543) Pause Full (Allocation Failure)
[887.842s][info][gc,phases,start] GC(2543) Marking Phase
[888.372s][info][gc,phases      ] GC(2543) Marking Phase 530.933ms
[888.373s][info][gc,phases,start] GC(2543) Summary Phase
[888.373s][info][gc,phases      ] GC(2543) Summary Phase 0.033ms
[888.373s][info][gc,phases,start] GC(2543) Forward
[888.384s][info][gc,phases      ] GC(2543) Forward 11.478ms
[888.384s][info][gc,phases,start] GC(2543) Adjust Pointers
[888.743s][info][gc,phases      ] GC(2543) Adjust Pointers 358.751ms
[888.743s][info][gc,phases,start] GC(2543) Compaction Phase
[888.887s][info][gc,phases      ] GC(2543) Compaction Phase 143.736ms
[888.887s][info][gc,phases,start] GC(2543) Post Compact
[888.889s][info][gc,phases      ] GC(2543) Post Compact 2.286ms
[888.889s][info][gc,heap        ] GC(2543) PSYoungGen: 109568K(220672K)->24863K(220672K) Eden: 109568K(109568K)->24863K(109568K) From: 0K(111104K)->0K(111104K)
[888.889s][info][gc,heap        ] GC(2543) ParOldGen: 667647K(667648K)->667646K(667648K)
[888.889s][info][gc,metaspace   ] GC(2543) Metaspace: 19088K(19200K)->19088K(19200K) NonClass: 17259K(17344K)->17259K(17344K) Class: 1829K(1856K)->1829K(1856K)
[888.889s][info][gc             ] GC(2543) Pause Full (Allocation Failure) 758M->676M(867M) 1047.709ms
[888.889s][info][gc,cpu         ] GC(2543) User=2.04s Sys=0.00s Real=1.05s
[888.955s][info][gc,start       ] GC(2544) Pause Full (Allocation Failure)
[888.955s][info][gc,phases,start] GC(2544) Marking Phase
[889.486s][info][gc,phases      ] GC(2544) Marking Phase 531.029ms
[889.486s][info][gc,phases,start] GC(2544) Summary Phase
[889.486s][info][gc,phases      ] GC(2544) Summary Phase 0.024ms
[889.486s][info][gc,phases,start] GC(2544) Forward
[889.498s][info][gc,phases      ] GC(2544) Forward 11.210ms
[889.498s][info][gc,phases,start] GC(2544) Adjust Pointers
[889.856s][info][gc,phases      ] GC(2544) Adjust Pointers 357.920ms
[889.856s][info][gc,phases,start] GC(2544) Compaction Phase
[890.000s][info][gc,phases      ] GC(2544) Compaction Phase 144.369ms
[890.000s][info][gc,phases,start] GC(2544) Post Compact
[890.002s][info][gc,phases      ] GC(2544) Post Compact 2.292ms
[890.002s][info][gc,heap        ] GC(2544) PSYoungGen: 109568K(220672K)->25705K(220672K) Eden: 109568K(109568K)->25705K(109568K) From: 0K(111104K)->0K(111104K)
[890.002s][info][gc,heap        ] GC(2544) ParOldGen: 667646K(667648K)->667646K(667648K)
[890.002s][info][gc,metaspace   ] GC(2544) Metaspace: 19088K(19200K)->19088K(19200K) NonClass: 17259K(17344K)->17259K(17344K) Class: 1829K(1856K)->1829K(1856K)
[890.002s][info][gc             ] GC(2544) Pause Full (Allocation Failure) 758M->677M(867M) 1047.315ms
[890.002s][info][gc,cpu         ] GC(2544) User=2.05s Sys=0.00s Real=1.04s
[890.066s][info][gc,start       ] GC(2545) Pause Full (Allocation Failure)
[890.066s][info][gc,phases,start] GC(2545) Marking Phase
[890.595s][info][gc,phases      ] GC(2545) Marking Phase 528.646ms
[890.595s][info][gc,phases,start] GC(2545) Summary Phase
[890.595s][info][gc,phases      ] GC(2545) Summary Phase 0.025ms
[890.595s][info][gc,phases,start] GC(2545) Forward
[890.606s][info][gc,phases      ] GC(2545) Forward 11.346ms
[890.607s][info][gc,phases,start] GC(2545) Adjust Pointers
[890.966s][info][gc,phases      ] GC(2545) Adjust Pointers 359.211ms
[890.966s][info][gc,phases,start] GC(2545) Compaction Phase
[891.110s][info][gc,phases      ] GC(2545) Compaction Phase 144.510ms
[891.110s][info][gc,phases,start] GC(2545) Post Compact
[891.113s][info][gc,phases      ] GC(2545) Post Compact 2.298ms
[891.113s][info][gc,heap        ] GC(2545) PSYoungGen: 109568K(220672K)->26302K(220672K) Eden: 109568K(109568K)->26302K(109568K) From: 0K(111104K)->0K(111104K)
[891.113s][info][gc,heap        ] GC(2545) ParOldGen: 667646K(667648K)->667646K(667648K)
[891.113s][info][gc,metaspace   ] GC(2545) Metaspace: 19088K(19200K)->19088K(19200K) NonClass: 17259K(17344K)->17259K(17344K) Class: 1829K(1856K)->1829K(1856K)
[891.113s][info][gc             ] GC(2545) Pause Full (Allocation Failure) 758M->677M(867M) 1046.520ms
[891.113s][info][gc,cpu         ] GC(2545) User=2.04s Sys=0.00s Real=1.04s
[891.207s][info][gc,start       ] GC(2546) Pause Full (Allocation Failure)
[891.207s][info][gc,phases,start] GC(2546) Marking Phase
[891.740s][info][gc,phases      ] GC(2546) Marking Phase 533.388ms
[891.740s][info][gc,phases,start] GC(2546) Summary Phase
[891.740s][info][gc,phases      ] GC(2546) Summary Phase 0.024ms
[891.740s][info][gc,phases,start] GC(2546) Forward
[891.752s][info][gc,phases      ] GC(2546) Forward 11.652ms
[891.752s][info][gc,phases,start] GC(2546) Adjust Pointers
[892.113s][info][gc,phases      ] GC(2546) Adjust Pointers 360.512ms
[892.113s][info][gc,phases,start] GC(2546) Compaction Phase
[892.258s][info][gc,phases      ] GC(2546) Compaction Phase 145.174ms
[892.258s][info][gc,phases,start] GC(2546) Post Compact
[892.260s][info][gc,phases      ] GC(2546) Post Compact 2.264ms
[892.260s][info][gc,heap        ] GC(2546) PSYoungGen: 109568K(220672K)->27173K(220672K) Eden: 109568K(109568K)->27173K(109568K) From: 0K(111104K)->0K(111104K)
[892.260s][info][gc,heap        ] GC(2546) ParOldGen: 667646K(667648K)->667646K(667648K)
[892.260s][info][gc,metaspace   ] GC(2546) Metaspace: 19088K(19200K)->19088K(19200K) NonClass: 17259K(17344K)->17259K(17344K) Class: 1829K(1856K)->1829K(1856K)
[892.260s][info][gc             ] GC(2546) Pause Full (Allocation Failure) 758M->678M(867M) 1053.501ms
[892.260s][info][gc,cpu         ] GC(2546) User=2.05s Sys=0.00s Real=1.05s
[892.473s][info][gc,start       ] GC(2547) Pause Full (Allocation Failure)
[892.473s][info][gc,phases,start] GC(2547) Marking Phase
[893.028s][info][gc,phases      ] GC(2547) Marking Phase 555.593ms
[893.029s][info][gc,phases,start] GC(2547) Summary Phase
[893.029s][info][gc,phases      ] GC(2547) Summary Phase 0.048ms
[893.029s][info][gc,phases,start] GC(2547) Forward
[893.192s][info][gc,phases      ] GC(2547) Forward 163.355ms
[893.192s][info][gc,phases,start] GC(2547) Adjust Pointers
[893.680s][info][gc,phases      ] GC(2547) Adjust Pointers 487.867ms
[893.680s][info][gc,phases,start] GC(2547) Compaction Phase
[893.899s][info][gc,phases      ] GC(2547) Compaction Phase 219.235ms
[893.916s][info][gc,phases,start] GC(2547) Post Compact
[893.919s][info][gc,phases      ] GC(2547) Post Compact 2.305ms
[893.919s][info][gc,heap        ] GC(2547) PSYoungGen: 109568K(220672K)->41925K(220672K) Eden: 109568K(109568K)->41925K(109568K) From: 0K(111104K)->0K(111104K)
[893.919s][info][gc,heap        ] GC(2547) ParOldGen: 667646K(667648K)->667565K(667648K)
[893.919s][info][gc,metaspace   ] GC(2547) Metaspace: 19091K(19200K)->19091K(19200K) NonClass: 17261K(17344K)->17261K(17344K) Class: 1829K(1856K)->1829K(1856K)
[893.919s][info][gc             ] GC(2547) Pause Full (Allocation Failure) 758M->692M(867M) 1445.823ms
[893.919s][info][gc,cpu         ] GC(2547) User=2.80s Sys=0.01s Real=1.45s
[894.075s][info][gc,start       ] GC(2548) Pause Full (Allocation Failure)
[894.075s][info][gc,phases,start] GC(2548) Marking Phase
[894.490s][info][gc,phases      ] GC(2548) Marking Phase 414.572ms
[894.490s][info][gc,phases,start] GC(2548) Summary Phase
[894.490s][info][gc,phases      ] GC(2548) Summary Phase 0.028ms
[894.490s][info][gc,phases,start] GC(2548) Forward
[894.613s][info][gc,phases      ] GC(2548) Forward 122.485ms
[894.613s][info][gc,phases,start] GC(2548) Adjust Pointers
[894.931s][info][gc,phases      ] GC(2548) Adjust Pointers 318.748ms
[894.932s][info][gc,phases,start] GC(2548) Compaction Phase
[895.143s][info][gc,phases      ] GC(2548) Compaction Phase 211.024ms
[895.156s][info][gc,phases,start] GC(2548) Post Compact
[895.158s][info][gc,phases      ] GC(2548) Post Compact 2.292ms
[895.158s][info][gc,heap        ] GC(2548) PSYoungGen: 109568K(220672K)->0K(220672K) Eden: 109568K(109568K)->0K(109568K) From: 0K(111104K)->0K(111104K)
[895.158s][info][gc,heap        ] GC(2548) ParOldGen: 667565K(667648K)->568381K(667648K)
[895.158s][info][gc,metaspace   ] GC(2548) Metaspace: 19091K(19200K)->19091K(19200K) NonClass: 17261K(17344K)->17261K(17344K) Class: 1829K(1856K)->1829K(1856K)
[895.158s][info][gc             ] GC(2548) Pause Full (Allocation Failure) 758M->555M(867M) 1082.605ms
[895.158s][info][gc,cpu         ] GC(2548) User=2.06s Sys=0.01s Real=1.08s
[895.310s][info][gc,start       ] GC(2549) Pause Young (Allocation Failure)
[895.334s][info][gc,heap        ] GC(2549) PSYoungGen: 109568K(220672K)->19264K(222720K) Eden: 109568K(109568K)->0K(111616K) From: 0K(111104K)->19264K(111104K)
[895.334s][info][gc,heap        ] GC(2549) ParOldGen: 568381K(667648K)->568381K(667648K)
[895.334s][info][gc,metaspace   ] GC(2549) Metaspace: 19091K(19200K)->19091K(19200K) NonClass: 17261K(17344K)->17261K(17344K) Class: 1829K(1856K)->1829K(1856K)
[895.334s][info][gc             ] GC(2549) Pause Young (Allocation Failure) 662M->573M(869M) 24.445ms
[895.334s][info][gc,cpu         ] GC(2549) User=0.05s Sys=0.00s Real=0.02s
[895.519s][info][gc,start       ] GC(2550) Pause Young (Allocation Failure)
[895.557s][info][gc,heap        ] GC(2550) PSYoungGen: 130880K(222720K)->14560K(126464K) Eden: 111616K(111616K)->0K(111616K) From: 19264K(111104K)->14560K(14848K)
[895.557s][info][gc,heap        ] GC(2550) ParOldGen: 568381K(667648K)->587685K(667648K)
[895.557s][info][gc,metaspace   ] GC(2550) Metaspace: 19091K(19200K)->19091K(19200K) NonClass: 17261K(17344K)->17261K(17344K) Class: 1829K(1856K)->1829K(1856K)
[895.557s][info][gc             ] GC(2550) Pause Young (Allocation Failure) 682M->588M(775M) 38.067ms
[895.557s][info][gc,cpu         ] GC(2550) User=0.07s Sys=0.00s Real=0.04s
[895.652s][info][gc,start       ] GC(2551) Pause Young (Allocation Failure)
[895.674s][info][gc,heap        ] GC(2551) PSYoungGen: 126176K(126464K)->18624K(217088K) Eden: 111616K(111616K)->0K(115712K) From: 14560K(14848K)->18624K(101376K)
[895.674s][info][gc,heap        ] GC(2551) ParOldGen: 587685K(667648K)->587685K(667648K)
[895.674s][info][gc,metaspace   ] GC(2551) Metaspace: 19091K(19200K)->19091K(19200K) NonClass: 17261K(17344K)->17261K(17344K) Class: 1829K(1856K)->1829K(1856K)
[895.674s][info][gc             ] GC(2551) Pause Young (Allocation Failure) 697M->592M(864M) 22.258ms
[895.674s][info][gc,cpu         ] GC(2551) User=0.04s Sys=0.00s Real=0.02s
[895.764s][info][gc,start       ] GC(2552) Pause Young (Allocation Failure)
[895.815s][info][gc,heap        ] GC(2552) PSYoungGen: 134336K(217088K)->43744K(218624K) Eden: 115712K(115712K)->0K(115712K) From: 18624K(101376K)->43744K(102912K)
[895.815s][info][gc,heap        ] GC(2552) ParOldGen: 587685K(667648K)->587685K(667648K)
[895.815s][info][gc,metaspace   ] GC(2552) Metaspace: 19091K(19200K)->19091K(19200K) NonClass: 17261K(17344K)->17261K(17344K) Class: 1829K(1856K)->1829K(1856K)
[895.815s][info][gc             ] GC(2552) Pause Young (Allocation Failure) 705M->616M(865M) 50.239ms
[895.815s][info][gc,cpu         ] GC(2552) User=0.10s Sys=0.00s Real=0.06s
[895.913s][info][gc,start       ] GC(2553) Pause Young (Allocation Failure)
[895.966s][info][gc,heap        ] GC(2553) PSYoungGen: 159456K(218624K)->44192K(219648K) Eden: 115712K(115712K)->0K(121856K) From: 43744K(102912K)->44192K(97792K)
[895.966s][info][gc,heap        ] GC(2553) ParOldGen: 587685K(667648K)->587685K(667648K)
[895.966s][info][gc,metaspace   ] GC(2553) Metaspace: 19091K(19200K)->19091K(19200K) NonClass: 17261K(17344K)->17261K(17344K) Class: 1829K(1856K)->1829K(1856K)
[895.966s][info][gc             ] GC(2553) Pause Young (Allocation Failure) 729M->617M(866M) 52.479ms
[895.966s][info][gc,cpu         ] GC(2553) User=0.10s Sys=0.00s Real=0.06s
[896.110s][info][gc,start       ] GC(2554) Pause Young (Allocation Failure)
[896.163s][info][gc,heap        ] GC(2554) PSYoungGen: 166048K(219648K)->47008K(220672K) Eden: 121856K(121856K)->0K(121856K) From: 44192K(97792K)->47008K(98816K)
[896.163s][info][gc,heap        ] GC(2554) ParOldGen: 587685K(667648K)->587685K(667648K)
[896.163s][info][gc,metaspace   ] GC(2554) Metaspace: 19092K(19200K)->19092K(19200K) NonClass: 17262K(17344K)->17262K(17344K) Class: 1829K(1856K)->1829K(1856K)
[896.163s][info][gc             ] GC(2554) Pause Young (Allocation Failure) 736M->619M(867M) 52.766ms
[896.163s][info][gc,cpu         ] GC(2554) User=0.10s Sys=0.00s Real=0.05s
[896.247s][info][gc,start       ] GC(2555) Pause Young (Allocation Failure)
[896.299s][info][gc,heap        ] GC(2555) PSYoungGen: 168864K(220672K)->47040K(223744K) Eden: 121856K(121856K)->0K(129024K) From: 47008K(98816K)->47040K(94720K)
[896.299s][info][gc,heap        ] GC(2555) ParOldGen: 587685K(667648K)->587685K(667648K)
[896.299s][info][gc,metaspace   ] GC(2555) Metaspace: 19092K(19200K)->19092K(19200K) NonClass: 17262K(17344K)->17262K(17344K) Class: 1829K(1856K)->1829K(1856K)
[896.299s][info][gc             ] GC(2555) Pause Young (Allocation Failure) 738M->619M(870M) 51.778ms
[896.299s][info][gc,cpu         ] GC(2555) User=0.10s Sys=0.01s Real=0.05s
[896.369s][info][gc,start       ] GC(2556) Pause Young (Allocation Failure)
[896.421s][info][gc,heap        ] GC(2556) PSYoungGen: 176064K(223744K)->47072K(224768K) Eden: 129024K(129024K)->0K(129024K) From: 47040K(94720K)->47072K(95744K)
[896.421s][info][gc,heap        ] GC(2556) ParOldGen: 587685K(667648K)->587685K(667648K)
[896.421s][info][gc,metaspace   ] GC(2556) Metaspace: 19092K(19200K)->19092K(19200K) NonClass: 17262K(17344K)->17262K(17344K) Class: 1829K(1856K)->1829K(1856K)
[896.421s][info][gc             ] GC(2556) Pause Young (Allocation Failure) 745M->619M(871M) 52.568ms
[896.422s][info][gc,cpu         ] GC(2556) User=0.10s Sys=0.00s Real=0.05s
[896.520s][info][gc,start       ] GC(2557) Pause Young (Allocation Failure)
[896.576s][info][gc,heap        ] GC(2557) PSYoungGen: 176096K(224768K)->50688K(230912K) Eden: 129024K(129024K)->0K(137728K) From: 47072K(95744K)->50688K(93184K)
[896.576s][info][gc,heap        ] GC(2557) ParOldGen: 587685K(667648K)->587685K(667648K)
[896.576s][info][gc,metaspace   ] GC(2557) Metaspace: 19092K(19200K)->19092K(19200K) NonClass: 17262K(17344K)->17262K(17344K) Class: 1829K(1856K)->1829K(1856K)
[896.576s][info][gc             ] GC(2557) Pause Young (Allocation Failure) 745M->623M(877M) 56.144ms
[896.576s][info][gc,cpu         ] GC(2557) User=0.11s Sys=0.00s Real=0.06s
[896.727s][info][gc,start       ] GC(2558) Pause Young (Allocation Failure)
[896.785s][info][gc,heap        ] GC(2558) PSYoungGen: 188416K(230912K)->54704K(231424K) Eden: 137728K(137728K)->0K(137728K) From: 50688K(93184K)->54704K(93696K)
[896.785s][info][gc,heap        ] GC(2558) ParOldGen: 587685K(667648K)->587685K(667648K)
[896.785s][info][gc,metaspace   ] GC(2558) Metaspace: 19092K(19200K)->19092K(19200K) NonClass: 17262K(17344K)->17262K(17344K) Class: 1829K(1856K)->1829K(1856K)
[896.785s][info][gc             ] GC(2558) Pause Young (Allocation Failure) 757M->627M(878M) 58.405ms
[896.785s][info][gc,cpu         ] GC(2558) User=0.11s Sys=0.00s Real=0.06s
[897.180s][info][gc,start       ] GC(2559) Pause Young (Allocation Failure)
[897.240s][info][gc,heap        ] GC(2559) PSYoungGen: 192432K(231424K)->55588K(238592K) Eden: 137728K(137728K)->0K(144384K) From: 54704K(93696K)->55588K(94208K)
[897.240s][info][gc,heap        ] GC(2559) ParOldGen: 587685K(667648K)->587685K(667648K)
[897.240s][info][gc,metaspace   ] GC(2559) Metaspace: 19092K(19200K)->19092K(19200K) NonClass: 17262K(17344K)->17262K(17344K) Class: 1829K(1856K)->1829K(1856K)
[897.240s][info][gc             ] GC(2559) Pause Young (Allocation Failure) 761M->628M(885M) 60.223ms
[897.240s][info][gc,cpu         ] GC(2559) User=0.12s Sys=0.00s Real=0.06s
[899.067s][info][gc,start       ] GC(2560) Pause Young (Allocation Failure)
[899.126s][info][gc,heap        ] GC(2560) PSYoungGen: 199972K(238592K)->55821K(239104K) Eden: 144384K(144384K)->0K(144384K) From: 55588K(94208K)->55821K(94720K)
[899.126s][info][gc,heap        ] GC(2560) ParOldGen: 587685K(667648K)->587685K(667648K)
[899.126s][info][gc,metaspace   ] GC(2560) Metaspace: 19092K(19200K)->19092K(19200K) NonClass: 17262K(17344K)->17262K(17344K) Class: 1829K(1856K)->1829K(1856K)
[899.126s][info][gc             ] GC(2560) Pause Young (Allocation Failure) 769M->628M(885M) 59.617ms
[899.126s][info][gc,cpu         ] GC(2560) User=0.12s Sys=0.00s Real=0.06s
[899.957s][info][gc,start       ] GC(2561) Pause Young (Allocation Failure)
[900.018s][info][gc,heap        ] GC(2561) PSYoungGen: 200205K(239104K)->56269K(239104K) Eden: 144384K(144384K)->0K(144384K) From: 55821K(94720K)->56269K(94720K)
[900.018s][info][gc,heap        ] GC(2561) ParOldGen: 587685K(667648K)->587685K(667648K)
[900.018s][info][gc,metaspace   ] GC(2561) Metaspace: 19092K(19200K)->19092K(19200K) NonClass: 17262K(17344K)->17262K(17344K) Class: 1829K(1856K)->1829K(1856K)
[900.018s][info][gc             ] GC(2561) Pause Young (Allocation Failure) 769M->628M(885M) 60.552ms
[900.018s][info][gc,cpu         ] GC(2561) User=0.12s Sys=0.00s Real=0.06s
[900.749s][info][gc,start       ] GC(2562) Pause Young (Allocation Failure)
[900.810s][info][gc,heap        ] GC(2562) PSYoungGen: 200641K(239104K)->58023K(239104K) Eden: 144372K(144384K)->0K(144384K) From: 56269K(94720K)->58023K(94720K)
[900.810s][info][gc,heap        ] GC(2562) ParOldGen: 587685K(667648K)->587693K(667648K)
[900.810s][info][gc,metaspace   ] GC(2562) Metaspace: 19101K(19200K)->19101K(19200K) NonClass: 17272K(17344K)->17272K(17344K) Class: 1829K(1856K)->1829K(1856K)
[900.811s][info][gc             ] GC(2562) Pause Young (Allocation Failure) 769M->630M(885M) 61.964ms
[900.811s][info][gc,cpu         ] GC(2562) User=0.13s Sys=0.00s Real=0.06s
[901.187s][info][gc,start       ] GC(2563) Pause Young (Allocation Failure)
[901.248s][info][gc,heap        ] GC(2563) PSYoungGen: 202227K(239104K)->58050K(239104K) Eden: 144203K(144384K)->0K(144384K) From: 58023K(94720K)->58050K(94720K)
[901.248s][info][gc,heap        ] GC(2563) ParOldGen: 587693K(667648K)->587693K(667648K)
[901.248s][info][gc,metaspace   ] GC(2563) Metaspace: 19101K(19200K)->19101K(19200K) NonClass: 17272K(17344K)->17272K(17344K) Class: 1829K(1856K)->1829K(1856K)
[901.248s][info][gc             ] GC(2563) Pause Young (Allocation Failure) 771M->630M(885M) 61.443ms
[901.248s][info][gc,cpu         ] GC(2563) User=0.13s Sys=0.00s Real=0.06s
[901.612s][info][gc,start       ] GC(2564) Pause Young (Allocation Failure)
[901.676s][info][gc,heap        ] GC(2564) PSYoungGen: 202434K(239104K)->58104K(202752K) Eden: 144384K(144384K)->0K(144384K) From: 58050K(94720K)->58104K(58368K)
[901.676s][info][gc,heap        ] GC(2564) ParOldGen: 587693K(667648K)->587693K(667648K)
[901.676s][info][gc,metaspace   ] GC(2564) Metaspace: 19101K(19200K)->19101K(19200K) NonClass: 17272K(17344K)->17272K(17344K) Class: 1829K(1856K)->1829K(1856K)
[901.676s][info][gc             ] GC(2564) Pause Young (Allocation Failure) 771M->630M(850M) 64.057ms
[901.676s][info][gc,cpu         ] GC(2564) User=0.12s Sys=0.00s Real=0.07s
[901.885s][info][gc,start       ] GC(2565) Pause Young (Allocation Failure)
[901.988s][info][gc,heap        ] GC(2565) PSYoungGen: 202488K(202752K)->83876K(222208K) Eden: 144384K(144384K)->0K(128000K) From: 58104K(58368K)->83876K(94208K)
[901.988s][info][gc,heap        ] GC(2565) ParOldGen: 587693K(667648K)->602269K(667648K)
[901.988s][info][gc,metaspace   ] GC(2565) Metaspace: 19103K(19200K)->19103K(19200K) NonClass: 17273K(17344K)->17273K(17344K) Class: 1829K(1856K)->1829K(1856K)
[901.988s][info][gc             ] GC(2565) Pause Young (Allocation Failure) 771M->670M(869M) 102.868ms
[901.988s][info][gc,cpu         ] GC(2565) User=0.20s Sys=0.00s Real=0.10s
[902.083s][info][gc,start       ] GC(2566) Pause Young (Allocation Failure)
[902.192s][info][gc,heap        ] GC(2566) PSYoungGen: 211876K(222208K)->102893K(230912K) Eden: 128000K(128000K)->0K(128000K) From: 83876K(94208K)->102893K(102912K)
[902.192s][info][gc,heap        ] GC(2566) ParOldGen: 602269K(667648K)->620045K(667648K)
[902.192s][info][gc,metaspace   ] GC(2566) Metaspace: 19103K(19200K)->19103K(19200K) NonClass: 17273K(17344K)->17273K(17344K) Class: 1829K(1856K)->1829K(1856K)
[902.192s][info][gc             ] GC(2566) Pause Young (Allocation Failure) 795M->705M(877M) 108.569ms
[902.192s][info][gc,cpu         ] GC(2566) User=0.21s Sys=0.00s Real=0.11s
[902.291s][info][gc,start       ] GC(2567) Pause Young (Allocation Failure)
[902.434s][info][gc,promotion   ] GC(2567) Promotion failed
[902.434s][info][gc,heap        ] GC(2567) PSYoungGen: 230893K(230912K)->230893K(230912K) Eden: 128000K(128000K)->128000K(128000K) From: 102893K(102912K)->102893K(102912K)
[902.434s][info][gc,heap        ] GC(2567) ParOldGen: 620045K(667648K)->667647K(667648K)
[902.434s][info][gc,metaspace   ] GC(2567) Metaspace: 19103K(19200K)->19103K(19200K) NonClass: 17273K(17344K)->17273K(17344K) Class: 1829K(1856K)->1829K(1856K)
[902.434s][info][gc             ] GC(2567) Pause Young (Allocation Failure) 830M->877M(877M) 142.615ms
[902.434s][info][gc,cpu         ] GC(2567) User=0.27s Sys=0.00s Real=0.14s
[902.434s][info][gc,start       ] GC(2568) Pause Full (Allocation Failure)
[902.434s][info][gc,phases,start] GC(2568) Marking Phase
[902.532s][info][gc,phases      ] GC(2568) Marking Phase 98.641ms
[902.532s][info][gc,phases,start] GC(2568) Summary Phase
[902.533s][info][gc,phases      ] GC(2568) Summary Phase 0.029ms
[902.533s][info][gc,phases,start] GC(2568) Forward
[902.564s][info][gc,phases      ] GC(2568) Forward 31.098ms
[902.564s][info][gc,phases,start] GC(2568) Adjust Pointers
[902.629s][info][gc,phases      ] GC(2568) Adjust Pointers 65.486ms
[902.629s][info][gc,phases,start] GC(2568) Compaction Phase
[902.670s][info][gc,phases      ] GC(2568) Compaction Phase 41.094ms
[902.671s][info][gc,phases,start] GC(2568) Post Compact
[902.674s][info][gc,phases      ] GC(2568) Post Compact 2.843ms
[902.695s][info][gc,heap        ] GC(2568) PSYoungGen: 230893K(230912K)->0K(214528K) Eden: 128000K(128000K)->0K(111616K) From: 102893K(102912K)->0K(102912K)
[902.695s][info][gc,heap        ] GC(2568) ParOldGen: 667647K(667648K)->170167K(439808K)
[902.695s][info][gc,metaspace   ] GC(2568) Metaspace: 19103K(19200K)->19103K(19200K) NonClass: 17273K(17344K)->17273K(17344K) Class: 1829K(1856K)->1829K(1856K)
[902.696s][info][gc             ] GC(2568) Pause Full (Allocation Failure) 877M->166M(639M) 261.752ms
[902.696s][info][gc,cpu         ] GC(2568) User=0.44s Sys=0.03s Real=0.27s
[902.851s][info][gc,start       ] GC(2569) Pause Young (Allocation Failure)
[902.890s][info][gc,heap        ] GC(2569) PSYoungGen: 111616K(214528K)->45408K(222720K) Eden: 111616K(111616K)->0K(111616K) From: 0K(102912K)->45408K(111104K)
[902.890s][info][gc,heap        ] GC(2569) ParOldGen: 170167K(439808K)->170167K(439808K)
[902.890s][info][gc,metaspace   ] GC(2569) Metaspace: 19104K(19200K)->19104K(19200K) NonClass: 17275K(17344K)->17275K(17344K) Class: 1829K(1856K)->1829K(1856K)
[902.890s][info][gc             ] GC(2569) Pause Young (Allocation Failure) 275M->210M(647M) 38.918ms
[902.890s][info][gc,cpu         ] GC(2569) User=0.08s Sys=0.00s Real=0.04s
[903.048s][info][gc,start       ] GC(2570) Pause Young (Allocation Failure)
[903.119s][info][gc,heap        ] GC(2570) PSYoungGen: 157024K(222720K)->63815K(222720K) Eden: 111616K(111616K)->0K(111616K) From: 45408K(111104K)->63815K(111104K)
[903.119s][info][gc,heap        ] GC(2570) ParOldGen: 170167K(439808K)->170167K(439808K)
[903.119s][info][gc,metaspace   ] GC(2570) Metaspace: 19104K(19200K)->19104K(19200K) NonClass: 17275K(17344K)->17275K(17344K) Class: 1829K(1856K)->1829K(1856K)
[903.119s][info][gc             ] GC(2570) Pause Young (Allocation Failure) 319M->228M(647M) 70.839ms
[903.119s][info][gc,cpu         ] GC(2570) User=0.14s Sys=0.00s Real=0.07s
[903.240s][info][gc,start       ] GC(2571) Pause Young (Allocation Failure)
[903.336s][info][gc,heap        ] GC(2571) PSYoungGen: 175431K(222720K)->84025K(222720K) Eden: 111616K(111616K)->0K(111616K) From: 63815K(111104K)->84025K(111104K)
[903.336s][info][gc,heap        ] GC(2571) ParOldGen: 170167K(439808K)->170167K(439808K)
[903.336s][info][gc,metaspace   ] GC(2571) Metaspace: 19105K(19200K)->19105K(19200K) NonClass: 17276K(17344K)->17276K(17344K) Class: 1829K(1856K)->1829K(1856K)
[903.336s][info][gc             ] GC(2571) Pause Young (Allocation Failure) 337M->248M(647M) 96.605ms
[903.336s][info][gc,cpu         ] GC(2571) User=0.19s Sys=0.00s Real=0.10s
[903.429s][info][gc,start       ] GC(2572) Pause Young (Allocation Failure)
[903.545s][info][gc,heap        ] GC(2572) PSYoungGen: 195641K(222720K)->100819K(222720K) Eden: 111616K(111616K)->0K(111616K) From: 84025K(111104K)->100819K(111104K)
[903.545s][info][gc,heap        ] GC(2572) ParOldGen: 170167K(439808K)->170167K(439808K)
[903.545s][info][gc,metaspace   ] GC(2572) Metaspace: 19105K(19200K)->19105K(19200K) NonClass: 17276K(17344K)->17276K(17344K) Class: 1829K(1856K)->1829K(1856K)
[903.545s][info][gc             ] GC(2572) Pause Young (Allocation Failure) 357M->264M(647M) 116.339ms
[903.545s][info][gc,cpu         ] GC(2572) User=0.23s Sys=0.00s Real=0.12s
[903.679s][info][gc,start       ] GC(2573) Pause Young (Allocation Failure)
[903.813s][info][gc,heap        ] GC(2573) PSYoungGen: 212435K(222720K)->102835K(222720K) Eden: 111616K(111616K)->0K(111616K) From: 100819K(111104K)->102835K(111104K)
[903.813s][info][gc,heap        ] GC(2573) ParOldGen: 170167K(439808K)->170167K(439808K)
[903.813s][info][gc,metaspace   ] GC(2573) Metaspace: 19105K(19200K)->19105K(19200K) NonClass: 17276K(17344K)->17276K(17344K) Class: 1829K(1856K)->1829K(1856K)
[903.813s][info][gc             ] GC(2573) Pause Young (Allocation Failure) 373M->266M(647M) 133.497ms
[903.813s][info][gc,cpu         ] GC(2573) User=0.26s Sys=0.00s Real=0.13s
[903.950s][info][gc,start       ] GC(2574) Pause Young (Allocation Failure)
[904.087s][info][gc,heap        ] GC(2574) PSYoungGen: 214451K(222720K)->111081K(222720K) Eden: 111616K(111616K)->0K(111616K) From: 102835K(111104K)->111081K(111104K)
[904.087s][info][gc,heap        ] GC(2574) ParOldGen: 170167K(439808K)->171143K(439808K)
[904.087s][info][gc,metaspace   ] GC(2574) Metaspace: 19105K(19200K)->19105K(19200K) NonClass: 17276K(17344K)->17276K(17344K) Class: 1829K(1856K)->1829K(1856K)
[904.087s][info][gc             ] GC(2574) Pause Young (Allocation Failure) 375M->275M(647M) 136.503ms
[904.087s][info][gc,cpu         ] GC(2574) User=0.28s Sys=0.00s Real=0.14s
[904.193s][info][gc,start       ] GC(2575) Pause Young (Allocation Failure)
[904.332s][info][gc,heap        ] GC(2575) PSYoungGen: 222697K(222720K)->111098K(222720K) Eden: 111616K(111616K)->0K(111616K) From: 111081K(111104K)->111098K(111104K)
[904.332s][info][gc,heap        ] GC(2575) ParOldGen: 171143K(439808K)->171911K(439808K)
[904.332s][info][gc,metaspace   ] GC(2575) Metaspace: 19105K(19200K)->19105K(19200K) NonClass: 17276K(17344K)->17276K(17344K) Class: 1829K(1856K)->1829K(1856K)
[904.332s][info][gc             ] GC(2575) Pause Young (Allocation Failure) 384M->276M(647M) 139.307ms
[904.332s][info][gc,cpu         ] GC(2575) User=0.27s Sys=0.00s Real=0.14s
[904.480s][info][gc,start       ] GC(2576) Pause Young (Allocation Failure)
[904.644s][info][gc,heap        ] GC(2576) PSYoungGen: 222714K(222720K)->86089K(222720K) Eden: 111616K(111616K)->0K(111616K) From: 111098K(111104K)->86089K(111104K)
[904.644s][info][gc,heap        ] GC(2576) ParOldGen: 171911K(439808K)->217605K(439808K)
[904.644s][info][gc,metaspace   ] GC(2576) Metaspace: 19105K(19200K)->19105K(19200K) NonClass: 17276K(17344K)->17276K(17344K) Class: 1829K(1856K)->1829K(1856K)
[904.644s][info][gc             ] GC(2576) Pause Young (Allocation Failure) 385M->296M(647M) 164.559ms
[904.644s][info][gc,cpu         ] GC(2576) User=0.33s Sys=0.00s Real=0.16s
[904.721s][info][gc,start       ] GC(2577) Pause Young (Allocation Failure)
[904.852s][info][gc,heap        ] GC(2577) PSYoungGen: 197705K(222720K)->63536K(222720K) Eden: 111616K(111616K)->0K(111616K) From: 86089K(111104K)->63536K(111104K)
[904.852s][info][gc,heap        ] GC(2577) ParOldGen: 217605K(439808K)->254940K(439808K)
[904.852s][info][gc,metaspace   ] GC(2577) Metaspace: 19105K(19200K)->19105K(19200K) NonClass: 17276K(17344K)->17276K(17344K) Class: 1829K(1856K)->1829K(1856K)
[904.852s][info][gc             ] GC(2577) Pause Young (Allocation Failure) 405M->311M(647M) 130.607ms
[904.852s][info][gc,cpu         ] GC(2577) User=0.26s Sys=0.00s Real=0.13s
[904.927s][info][gc,start       ] GC(2578) Pause Young (Allocation Failure)
[905.014s][info][gc,heap        ] GC(2578) PSYoungGen: 175152K(222720K)->73360K(222720K) Eden: 111616K(111616K)->0K(111616K) From: 63536K(111104K)->73360K(111104K)
[905.014s][info][gc,heap        ] GC(2578) ParOldGen: 254940K(439808K)->273484K(439808K)
[905.014s][info][gc,metaspace   ] GC(2578) Metaspace: 19105K(19200K)->19105K(19200K) NonClass: 17276K(17344K)->17276K(17344K) Class: 1829K(1856K)->1829K(1856K)
[905.014s][info][gc             ] GC(2578) Pause Young (Allocation Failure) 420M->338M(647M) 86.848ms
[905.014s][info][gc,cpu         ] GC(2578) User=0.17s Sys=0.00s Real=0.08s
[905.121s][info][gc,start       ] GC(2579) Pause Young (Allocation Failure)
[905.200s][info][gc,heap        ] GC(2579) PSYoungGen: 184976K(222720K)->73075K(222720K) Eden: 111616K(111616K)->0K(111616K) From: 73360K(111104K)->73075K(111104K)
[905.200s][info][gc,heap        ] GC(2579) ParOldGen: 273484K(439808K)->283561K(439808K)
[905.200s][info][gc,metaspace   ] GC(2579) Metaspace: 19105K(19200K)->19105K(19200K) NonClass: 17276K(17344K)->17276K(17344K) Class: 1829K(1856K)->1829K(1856K)
[905.200s][info][gc             ] GC(2579) Pause Young (Allocation Failure) 447M->348M(647M) 79.087ms
[905.200s][info][gc,cpu         ] GC(2579) User=0.16s Sys=0.00s Real=0.08s
[905.297s][info][gc,start       ] GC(2580) Pause Young (Allocation Failure)
[905.372s][info][gc,heap        ] GC(2580) PSYoungGen: 184691K(222720K)->44131K(222720K) Eden: 111616K(111616K)->0K(111616K) From: 73075K(111104K)->44131K(111104K)
[905.372s][info][gc,heap        ] GC(2580) ParOldGen: 283561K(439808K)->318688K(439808K)
[905.372s][info][gc,metaspace   ] GC(2580) Metaspace: 19105K(19200K)->19105K(19200K) NonClass: 17276K(17344K)->17276K(17344K) Class: 1829K(1856K)->1829K(1856K)
[905.372s][info][gc             ] GC(2580) Pause Young (Allocation Failure) 457M->354M(647M) 75.631ms
[905.372s][info][gc,cpu         ] GC(2580) User=0.15s Sys=0.00s Real=0.07s
[905.468s][info][gc,start       ] GC(2581) Pause Young (Allocation Failure)
[905.516s][info][gc,heap        ] GC(2581) PSYoungGen: 155747K(222720K)->8736K(222720K) Eden: 111616K(111616K)->0K(111616K) From: 44131K(111104K)->8736K(111104K)
[905.516s][info][gc,heap        ] GC(2581) ParOldGen: 318688K(439808K)->357139K(439808K)
[905.516s][info][gc,metaspace   ] GC(2581) Metaspace: 19105K(19200K)->19105K(19200K) NonClass: 17276K(17344K)->17276K(17344K) Class: 1829K(1856K)->1829K(1856K)
[905.516s][info][gc             ] GC(2581) Pause Young (Allocation Failure) 463M->357M(647M) 48.463ms
[905.516s][info][gc,cpu         ] GC(2581) User=0.10s Sys=0.00s Real=0.05s
[905.580s][info][gc,start       ] GC(2582) Pause Young (Allocation Failure)
[905.595s][info][gc,heap        ] GC(2582) PSYoungGen: 120352K(222720K)->3360K(222720K) Eden: 111616K(111616K)->0K(111616K) From: 8736K(111104K)->3360K(111104K)
[905.595s][info][gc,heap        ] GC(2582) ParOldGen: 357139K(439808K)->365883K(439808K)
[905.595s][info][gc,metaspace   ] GC(2582) Metaspace: 19105K(19200K)->19105K(19200K) NonClass: 17276K(17344K)->17276K(17344K) Class: 1829K(1856K)->1829K(1856K)
[905.595s][info][gc             ] GC(2582) Pause Young (Allocation Failure) 466M->360M(647M) 14.953ms
[905.595s][info][gc,cpu         ] GC(2582) User=0.03s Sys=0.00s Real=0.02s
[905.704s][info][gc,start       ] GC(2583) Pause Young (Allocation Failure)
[905.713s][info][gc,heap        ] GC(2583) PSYoungGen: 114976K(222720K)->2752K(222720K) Eden: 111616K(111616K)->0K(111616K) From: 3360K(111104K)->2752K(111104K)
[905.713s][info][gc,heap        ] GC(2583) ParOldGen: 365883K(439808K)->369243K(439808K)
[905.713s][info][gc,metaspace   ] GC(2583) Metaspace: 19105K(19200K)->19105K(19200K) NonClass: 17276K(17344K)->17276K(17344K) Class: 1829K(1856K)->1829K(1856K)
[905.713s][info][gc             ] GC(2583) Pause Young (Allocation Failure) 469M->363M(647M) 9.026ms
[905.713s][info][gc,cpu         ] GC(2583) User=0.01s Sys=0.01s Real=0.01s
[906.093s][info][gc,start       ] GC(2584) Pause Young (Allocation Failure)
[906.099s][info][gc,heap        ] GC(2584) PSYoungGen: 114368K(222720K)->384K(222720K) Eden: 111616K(111616K)->0K(111616K) From: 2752K(111104K)->384K(111104K)
[906.099s][info][gc,heap        ] GC(2584) ParOldGen: 369243K(439808K)->371963K(439808K)
[906.099s][info][gc,metaspace   ] GC(2584) Metaspace: 19105K(19200K)->19105K(19200K) NonClass: 17276K(17344K)->17276K(17344K) Class: 1829K(1856K)->1829K(1856K)
[906.099s][info][gc             ] GC(2584) Pause Young (Allocation Failure) 472M->363M(647M) 5.959ms
[906.099s][info][gc,cpu         ] GC(2584) User=0.01s Sys=0.00s Real=0.01s
[906.351s][info][gc,start       ] GC(2585) Pause Young (Allocation Failure)
[906.357s][info][gc,heap        ] GC(2585) PSYoungGen: 112000K(222720K)->3328K(222720K) Eden: 111616K(111616K)->0K(111616K) From: 384K(111104K)->3328K(111104K)
[906.357s][info][gc,heap        ] GC(2585) ParOldGen: 371963K(439808K)->372312K(439808K)
[906.357s][info][gc,metaspace   ] GC(2585) Metaspace: 19105K(19200K)->19105K(19200K) NonClass: 17276K(17344K)->17276K(17344K) Class: 1829K(1856K)->1829K(1856K)
[906.357s][info][gc             ] GC(2585) Pause Young (Allocation Failure) 472M->366M(647M) 6.504ms
[906.357s][info][gc,cpu         ] GC(2585) User=0.01s Sys=0.00s Real=0.01s
[906.490s][info][gc,start       ] GC(2586) Pause Young (Allocation Failure)
[906.537s][info][gc,heap        ] GC(2586) PSYoungGen: 114944K(222720K)->45856K(222720K) Eden: 111616K(111616K)->0K(111616K) From: 3328K(111104K)->45856K(111104K)
[906.537s][info][gc,heap        ] GC(2586) ParOldGen: 372312K(439808K)->375613K(439808K)
[906.537s][info][gc,metaspace   ] GC(2586) Metaspace: 19105K(19200K)->19105K(19200K) NonClass: 17276K(17344K)->17276K(17344K) Class: 1829K(1856K)->1829K(1856K)
[906.537s][info][gc             ] GC(2586) Pause Young (Allocation Failure) 475M->411M(647M) 46.770ms
[906.537s][info][gc,cpu         ] GC(2586) User=0.09s Sys=0.00s Real=0.05s
[906.685s][info][gc,start       ] GC(2587) Pause Young (Allocation Failure)
[906.755s][info][gc,heap        ] GC(2587) PSYoungGen: 157472K(222720K)->27200K(222720K) Eden: 111616K(111616K)->0K(111616K) From: 45856K(111104K)->27200K(111104K)
[906.755s][info][gc,heap        ] GC(2587) ParOldGen: 375613K(439808K)->421661K(439808K)
[906.755s][info][gc,metaspace   ] GC(2587) Metaspace: 19105K(19200K)->19105K(19200K) NonClass: 17276K(17344K)->17276K(17344K) Class: 1829K(1856K)->1829K(1856K)
[906.755s][info][gc             ] GC(2587) Pause Young (Allocation Failure) 520M->438M(647M) 69.942ms
[906.755s][info][gc,cpu         ] GC(2587) User=0.14s Sys=0.00s Real=0.07s
[906.869s][info][gc,start       ] GC(2588) Pause Young (Allocation Failure)
[906.916s][info][gc,heap        ] GC(2588) PSYoungGen: 138816K(222720K)->11232K(222720K) Eden: 111616K(111616K)->0K(111616K) From: 27200K(111104K)->11232K(111104K)
[906.916s][info][gc,heap        ] GC(2588) ParOldGen: 421661K(439808K)->448741K(449024K)
[906.916s][info][gc,metaspace   ] GC(2588) Metaspace: 19105K(19200K)->19105K(19200K) NonClass: 17276K(17344K)->17276K(17344K) Class: 1829K(1856K)->1829K(1856K)
[906.916s][info][gc             ] GC(2588) Pause Young (Allocation Failure) 547M->449M(656M) 47.307ms
[906.916s][info][gc,cpu         ] GC(2588) User=0.09s Sys=0.00s Real=0.05s
[907.036s][info][gc,start       ] GC(2589) Pause Young (Allocation Failure)
[907.059s][info][gc,heap        ] GC(2589) PSYoungGen: 122848K(222720K)->1184K(222720K) Eden: 111616K(111616K)->0K(111616K) From: 11232K(111104K)->1184K(111104K)
[907.059s][info][gc,heap        ] GC(2589) ParOldGen: 448741K(449024K)->459989K(460288K)
[907.059s][info][gc,metaspace   ] GC(2589) Metaspace: 19105K(19200K)->19105K(19200K) NonClass: 17276K(17344K)->17276K(17344K) Class: 1829K(1856K)->1829K(1856K)
[907.059s][info][gc             ] GC(2589) Pause Young (Allocation Failure) 558M->450M(667M) 23.267ms
[907.059s][info][gc,cpu         ] GC(2589) User=0.03s Sys=0.02s Real=0.02s
[907.186s][info][gc,start       ] GC(2590) Pause Young (Allocation Failure)
[907.191s][info][gc,heap        ] GC(2590) PSYoungGen: 112800K(222720K)->768K(222720K) Eden: 111616K(111616K)->0K(111616K) From: 1184K(111104K)->768K(111104K)
[907.191s][info][gc,heap        ] GC(2590) ParOldGen: 459989K(460288K)->461157K(461312K)
[907.192s][info][gc,metaspace   ] GC(2590) Metaspace: 19105K(19200K)->19105K(19200K) NonClass: 17276K(17344K)->17276K(17344K) Class: 1829K(1856K)->1829K(1856K)
[907.192s][info][gc             ] GC(2590) Pause Young (Allocation Failure) 559M->451M(668M) 5.870ms
[907.192s][info][gc,cpu         ] GC(2590) User=0.01s Sys=0.00s Real=0.00s
[907.494s][info][gc,start       ] GC(2591) Pause Young (Allocation Failure)
[907.500s][info][gc,heap        ] GC(2591) PSYoungGen: 112384K(222720K)->832K(222720K) Eden: 111616K(111616K)->0K(111616K) From: 768K(111104K)->832K(111104K)
[907.500s][info][gc,heap        ] GC(2591) ParOldGen: 461157K(461312K)->461885K(462336K)
[907.500s][info][gc,metaspace   ] GC(2591) Metaspace: 19105K(19200K)->19105K(19200K) NonClass: 17276K(17344K)->17276K(17344K) Class: 1829K(1856K)->1829K(1856K)
[907.500s][info][gc             ] GC(2591) Pause Young (Allocation Failure) 560M->451M(669M) 5.877ms
[907.500s][info][gc,cpu         ] GC(2591) User=0.01s Sys=0.00s Real=0.01s
[907.705s][info][gc,start       ] GC(2592) Pause Young (Allocation Failure)
[907.765s][info][gc,heap        ] GC(2592) PSYoungGen: 112448K(222720K)->42880K(222720K) Eden: 111616K(111616K)->0K(111616K) From: 832K(111104K)->42880K(111104K)
[907.765s][info][gc,heap        ] GC(2592) ParOldGen: 461885K(462336K)->462701K(462848K)
[907.765s][info][gc,metaspace   ] GC(2592) Metaspace: 19105K(19200K)->19105K(19200K) NonClass: 17276K(17344K)->17276K(17344K) Class: 1829K(1856K)->1829K(1856K)
[907.765s][info][gc             ] GC(2592) Pause Young (Allocation Failure) 560M->493M(669M) 59.891ms
[907.765s][info][gc,cpu         ] GC(2592) User=0.11s Sys=0.00s Real=0.06s
[907.882s][info][gc,start       ] GC(2593) Pause Young (Allocation Failure)
[908.003s][info][gc,heap        ] GC(2593) PSYoungGen: 154496K(222720K)->53728K(222720K) Eden: 111616K(111616K)->0K(111616K) From: 42880K(111104K)->53728K(111104K)
[908.003s][info][gc,heap        ] GC(2593) ParOldGen: 462701K(462848K)->505709K(505856K)
[908.003s][info][gc,metaspace   ] GC(2593) Metaspace: 19105K(19200K)->19105K(19200K) NonClass: 17276K(17344K)->17276K(17344K) Class: 1829K(1856K)->1829K(1856K)
[908.003s][info][gc             ] GC(2593) Pause Young (Allocation Failure) 602M->546M(711M) 120.598ms
[908.003s][info][gc,cpu         ] GC(2593) User=0.20s Sys=0.03s Real=0.12s
[908.186s][info][gc,start       ] GC(2594) Pause Young (Allocation Failure)
[908.320s][info][gc,heap        ] GC(2594) PSYoungGen: 165344K(222720K)->36012K(211456K) Eden: 111616K(111616K)->0K(111616K) From: 53728K(111104K)->36012K(99840K)
[908.320s][info][gc,heap        ] GC(2594) ParOldGen: 505709K(505856K)->559573K(559616K)
[908.320s][info][gc,metaspace   ] GC(2594) Metaspace: 19105K(19200K)->19105K(19200K) NonClass: 17276K(17344K)->17276K(17344K) Class: 1829K(1856K)->1829K(1856K)
[908.320s][info][gc             ] GC(2594) Pause Young (Allocation Failure) 655M->581M(753M) 134.197ms
[908.320s][info][gc,cpu         ] GC(2594) User=0.21s Sys=0.05s Real=0.13s
[908.444s][info][gc,start       ] GC(2595) Pause Young (Allocation Failure)
[908.521s][info][gc,heap        ] GC(2595) PSYoungGen: 147628K(211456K)->84763K(217088K) Eden: 111616K(111616K)->0K(111616K) From: 36012K(99840K)->84763K(105472K)
[908.521s][info][gc,heap        ] GC(2595) ParOldGen: 559573K(559616K)->559573K(559616K)
[908.521s][info][gc,metaspace   ] GC(2595) Metaspace: 19105K(19200K)->19105K(19200K) NonClass: 17276K(17344K)->17276K(17344K) Class: 1829K(1856K)->1829K(1856K)
[908.521s][info][gc             ] GC(2595) Pause Young (Allocation Failure) 690M->629M(758M) 77.446ms
[908.521s][info][gc,cpu         ] GC(2595) User=0.15s Sys=0.00s Real=0.08s
[908.600s][info][gc,start       ] GC(2596) Pause Young (Allocation Failure)
[908.727s][info][gc,heap        ] GC(2596) PSYoungGen: 196379K(217088K)->7892K(222720K) Eden: 111616K(111616K)->0K(111616K) From: 84763K(105472K)->7892K(111104K)
[908.727s][info][gc,heap        ] GC(2596) ParOldGen: 559573K(559616K)->642255K(642560K)
[908.727s][info][gc,metaspace   ] GC(2596) Metaspace: 19107K(19200K)->19107K(19200K) NonClass: 17278K(17344K)->17278K(17344K) Class: 1829K(1856K)->1829K(1856K)
[908.727s][info][gc             ] GC(2596) Pause Young (Allocation Failure) 738M->634M(845M) 126.296ms
[908.727s][info][gc,cpu         ] GC(2596) User=0.18s Sys=0.07s Real=0.13s
[908.800s][info][gc,start       ] GC(2597) Pause Full (Allocation Failure)
[908.800s][info][gc,phases,start] GC(2597) Marking Phase
[908.868s][info][gc,phases      ] GC(2597) Marking Phase 68.525ms
[908.868s][info][gc,phases,start] GC(2597) Summary Phase
[908.868s][info][gc,phases      ] GC(2597) Summary Phase 0.032ms
[908.868s][info][gc,phases,start] GC(2597) Forward
[908.890s][info][gc,phases      ] GC(2597) Forward 21.485ms
[908.890s][info][gc,phases,start] GC(2597) Adjust Pointers
[908.941s][info][gc,phases      ] GC(2597) Adjust Pointers 50.837ms
[908.941s][info][gc,phases,start] GC(2597) Compaction Phase
[908.966s][info][gc,phases      ] GC(2597) Compaction Phase 24.635ms
[908.968s][info][gc,phases,start] GC(2597) Post Compact
[908.971s][info][gc,phases      ] GC(2597) Post Compact 2.254ms
[908.988s][info][gc,heap        ] GC(2597) PSYoungGen: 119508K(222720K)->0K(222720K) Eden: 111616K(111616K)->0K(111616K) From: 7892K(111104K)->0K(111104K)
[908.988s][info][gc,heap        ] GC(2597) ParOldGen: 642255K(642560K)->109343K(435712K)
[908.988s][info][gc,metaspace   ] GC(2597) Metaspace: 19109K(19200K)->19109K(19200K) NonClass: 17279K(17344K)->17279K(17344K) Class: 1829K(1856K)->1829K(1856K)
[908.988s][info][gc             ] GC(2597) Pause Full (Allocation Failure) 743M->106M(643M) 188.608ms
[908.988s][info][gc,cpu         ] GC(2597) User=0.30s Sys=0.01s Real=0.19s
[909.073s][info][gc,start       ] GC(2598) Pause Young (Allocation Failure)
[909.080s][info][gc,heap        ] GC(2598) PSYoungGen: 111616K(222720K)->5504K(222720K) Eden: 111616K(111616K)->0K(111616K) From: 0K(111104K)->5504K(111104K)
[909.080s][info][gc,heap        ] GC(2598) ParOldGen: 109343K(435712K)->109343K(435712K)
[909.080s][info][gc,metaspace   ] GC(2598) Metaspace: 19109K(19200K)->19109K(19200K) NonClass: 17279K(17344K)->17279K(17344K) Class: 1829K(1856K)->1829K(1856K)
[909.080s][info][gc             ] GC(2598) Pause Young (Allocation Failure) 215M->112M(643M) 7.577ms
[909.080s][info][gc,cpu         ] GC(2598) User=0.02s Sys=0.01s Real=0.01s
[909.158s][info][gc,start       ] GC(2599) Pause Young (Allocation Failure)
[909.179s][info][gc,heap        ] GC(2599) PSYoungGen: 117120K(222720K)->18672K(130560K) Eden: 111616K(111616K)->0K(111616K) From: 5504K(111104K)->18672K(18944K)
[909.179s][info][gc,heap        ] GC(2599) ParOldGen: 109343K(435712K)->114863K(435712K)
[909.179s][info][gc,metaspace   ] GC(2599) Metaspace: 19109K(19200K)->19109K(19200K) NonClass: 17279K(17344K)->17279K(17344K) Class: 1829K(1856K)->1829K(1856K)
[909.179s][info][gc             ] GC(2599) Pause Young (Allocation Failure) 221M->130M(553M) 20.777ms
[909.179s][info][gc,cpu         ] GC(2599) User=0.04s Sys=0.00s Real=0.02s
[909.245s][info][gc,start       ] GC(2600) Pause Young (Allocation Failure)
[909.288s][info][gc,heap        ] GC(2600) PSYoungGen: 130288K(130560K)->62048K(213504K) Eden: 111616K(111616K)->0K(107520K) From: 18672K(18944K)->62048K(105984K)
[909.288s][info][gc,heap        ] GC(2600) ParOldGen: 114863K(435712K)->114863K(435712K)
[909.288s][info][gc,metaspace   ] GC(2600) Metaspace: 19109K(19200K)->19109K(19200K) NonClass: 17279K(17344K)->17279K(17344K) Class: 1829K(1856K)->1829K(1856K)
[909.288s][info][gc             ] GC(2600) Pause Young (Allocation Failure) 239M->172M(634M) 43.428ms
[909.288s][info][gc,cpu         ] GC(2600) User=0.09s Sys=0.00s Real=0.05s
[909.455s][info][gc,start       ] GC(2601) Pause Young (Allocation Failure)
[909.502s][info][gc,heap        ] GC(2601) PSYoungGen: 169568K(213504K)->72624K(217600K) Eden: 107520K(107520K)->0K(107520K) From: 62048K(105984K)->72624K(110080K)
[909.502s][info][gc,heap        ] GC(2601) ParOldGen: 114863K(435712K)->114863K(435712K)
[909.502s][info][gc,metaspace   ] GC(2601) Metaspace: 19109K(19200K)->19109K(19200K) NonClass: 17279K(17344K)->17279K(17344K) Class: 1829K(1856K)->1829K(1856K)
[909.502s][info][gc             ] GC(2601) Pause Young (Allocation Failure) 277M->183M(638M) 47.201ms
[909.502s][info][gc,cpu         ] GC(2601) User=0.09s Sys=0.00s Real=0.04s
[909.613s][info][gc,start       ] GC(2602) Pause Young (Allocation Failure)
[909.665s][info][gc,heap        ] GC(2602) PSYoungGen: 180144K(217600K)->12640K(222720K) Eden: 107520K(107520K)->0K(111616K) From: 72624K(110080K)->12640K(111104K)
[909.665s][info][gc,heap        ] GC(2602) ParOldGen: 114863K(435712K)->177607K(435712K)
[909.665s][info][gc,metaspace   ] GC(2602) Metaspace: 19109K(19200K)->19109K(19200K) NonClass: 17279K(17344K)->17279K(17344K) Class: 1829K(1856K)->1829K(1856K)
[909.665s][info][gc             ] GC(2602) Pause Young (Allocation Failure) 288M->185M(643M) 52.156ms
[909.665s][info][gc,cpu         ] GC(2602) User=0.10s Sys=0.00s Real=0.06s
[909.821s][info][gc,start       ] GC(2603) Pause Young (Allocation Failure)
[909.888s][info][gc,heap        ] GC(2603) PSYoungGen: 124256K(222720K)->44164K(156160K) Eden: 111616K(111616K)->0K(111616K) From: 12640K(111104K)->44164K(44544K)
[909.888s][info][gc,heap        ] GC(2603) ParOldGen: 177607K(435712K)->190327K(435712K)
[909.888s][info][gc,metaspace   ] GC(2603) Metaspace: 19111K(19264K)->19111K(19264K) NonClass: 17282K(17408K)->17282K(17408K) Class: 1829K(1856K)->1829K(1856K)
[909.888s][info][gc             ] GC(2603) Pause Young (Allocation Failure) 294M->228M(578M) 67.205ms
[909.888s][info][gc,cpu         ] GC(2603) User=0.14s Sys=0.00s Real=0.07s
[909.989s][info][gc,start       ] GC(2604) Pause Young (Allocation Failure)
[910.085s][info][gc,heap        ] GC(2604) PSYoungGen: 155780K(156160K)->91508K(218624K) Eden: 111616K(111616K)->0K(109568K) From: 44164K(44544K)->91508K(109056K)
[910.085s][info][gc,heap        ] GC(2604) ParOldGen: 190327K(435712K)->190327K(435712K)
[910.085s][info][gc,metaspace   ] GC(2604) Metaspace: 19111K(19264K)->19111K(19264K) NonClass: 17282K(17408K)->17282K(17408K) Class: 1829K(1856K)->1829K(1856K)
[910.085s][info][gc             ] GC(2604) Pause Young (Allocation Failure) 337M->275M(639M) 96.193ms
[910.085s][info][gc,cpu         ] GC(2604) User=0.19s Sys=0.00s Real=0.10s
[910.131s][info][gc,start       ] GC(2605) Pause Young (Allocation Failure)
[910.261s][info][gc,heap        ] GC(2605) PSYoungGen: 201076K(218624K)->39168K(220672K) Eden: 109568K(109568K)->0K(109568K) From: 91508K(109056K)->39168K(111104K)
[910.261s][info][gc,heap        ] GC(2605) ParOldGen: 190327K(435712K)->282135K(435712K)
[910.261s][info][gc,metaspace   ] GC(2605) Metaspace: 19111K(19264K)->19111K(19264K) NonClass: 17282K(17408K)->17282K(17408K) Class: 1829K(1856K)->1829K(1856K)
[910.261s][info][gc             ] GC(2605) Pause Young (Allocation Failure) 382M->313M(641M) 129.874ms
[910.261s][info][gc,cpu         ] GC(2605) User=0.26s Sys=0.00s Real=0.13s
[910.310s][info][gc,start       ] GC(2606) Pause Young (Allocation Failure)
[910.371s][info][gc,heap        ] GC(2606) PSYoungGen: 148736K(220672K)->40512K(215552K) Eden: 109568K(109568K)->0K(111616K) From: 39168K(111104K)->40512K(103936K)
[910.371s][info][gc,heap        ] GC(2606) ParOldGen: 282135K(435712K)->321767K(435712K)
[910.371s][info][gc,metaspace   ] GC(2606) Metaspace: 19111K(19264K)->19111K(19264K) NonClass: 17282K(17408K)->17282K(17408K) Class: 1829K(1856K)->1829K(1856K)
[910.371s][info][gc             ] GC(2606) Pause Young (Allocation Failure) 420M->353M(636M) 60.673ms
[910.371s][info][gc,cpu         ] GC(2606) User=0.12s Sys=0.00s Real=0.06s
[910.491s][info][gc,start       ] GC(2607) Pause Young (Allocation Failure)
[910.532s][info][gc,heap        ] GC(2607) PSYoungGen: 152128K(215552K)->7136K(219136K) Eden: 111616K(111616K)->0K(111616K) From: 40512K(103936K)->7136K(107520K)
[910.532s][info][gc,heap        ] GC(2607) ParOldGen: 321767K(435712K)->362647K(435712K)
[910.532s][info][gc,metaspace   ] GC(2607) Metaspace: 19111K(19264K)->19111K(19264K) NonClass: 17282K(17408K)->17282K(17408K) Class: 1829K(1856K)->1829K(1856K)
[910.533s][info][gc             ] GC(2607) Pause Young (Allocation Failure) 462M->361M(639M) 41.497ms
[910.533s][info][gc,cpu         ] GC(2607) User=0.08s Sys=0.00s Real=0.04s
[910.592s][info][gc,start       ] GC(2608) Pause Young (Allocation Failure)
[910.608s][info][gc,heap        ] GC(2608) PSYoungGen: 118752K(219136K)->9440K(221184K) Eden: 111616K(111616K)->0K(119808K) From: 7136K(107520K)->9440K(101376K)
[910.608s][info][gc,heap        ] GC(2608) ParOldGen: 362647K(435712K)->362647K(435712K)
[910.608s][info][gc,metaspace   ] GC(2608) Metaspace: 19111K(19264K)->19111K(19264K) NonClass: 17282K(17408K)->17282K(17408K) Class: 1829K(1856K)->1829K(1856K)
[910.608s][info][gc             ] GC(2608) Pause Young (Allocation Failure) 470M->363M(641M) 16.317ms
[910.608s][info][gc,cpu         ] GC(2608) User=0.03s Sys=0.00s Real=0.02s
[910.698s][info][gc,start       ] GC(2609) Pause Young (Allocation Failure)
[910.724s][info][gc,heap        ] GC(2609) PSYoungGen: 129248K(221184K)->10784K(224256K) Eden: 119808K(119808K)->0K(119808K) From: 9440K(101376K)->10784K(104448K)
[910.725s][info][gc,heap        ] GC(2609) ParOldGen: 362647K(435712K)->362647K(435712K)
[910.725s][info][gc,metaspace   ] GC(2609) Metaspace: 19111K(19264K)->19111K(19264K) NonClass: 17282K(17408K)->17282K(17408K) Class: 1829K(1856K)->1829K(1856K)
[910.725s][info][gc             ] GC(2609) Pause Young (Allocation Failure) 480M->364M(644M) 26.615ms
[910.725s][info][gc,cpu         ] GC(2609) User=0.05s Sys=0.00s Real=0.02s
[910.837s][info][gc,start       ] GC(2610) Pause Young (Allocation Failure)
[910.891s][info][gc,heap        ] GC(2610) PSYoungGen: 130592K(224256K)->32289K(215552K) Eden: 119808K(119808K)->0K(127488K) From: 10784K(104448K)->32289K(88064K)
[910.891s][info][gc,heap        ] GC(2610) ParOldGen: 362647K(435712K)->362647K(435712K)
[910.891s][info][gc,metaspace   ] GC(2610) Metaspace: 19111K(19264K)->19111K(19264K) NonClass: 17282K(17408K)->17282K(17408K) Class: 1829K(1856K)->1829K(1856K)
[910.891s][info][gc             ] GC(2610) Pause Young (Allocation Failure) 481M->385M(636M) 53.533ms
[910.891s][info][gc,cpu         ] GC(2610) User=0.11s Sys=0.00s Real=0.05s
[911.008s][info][gc,start       ] GC(2611) Pause Young (Allocation Failure)
[911.070s][info][gc,heap        ] GC(2611) PSYoungGen: 159777K(215552K)->44801K(222720K) Eden: 127488K(127488K)->0K(127488K) From: 32289K(88064K)->44801K(95232K)
[911.070s][info][gc,heap        ] GC(2611) ParOldGen: 362647K(435712K)->362647K(435712K)
[911.070s][info][gc,metaspace   ] GC(2611) Metaspace: 19111K(19264K)->19111K(19264K) NonClass: 17282K(17408K)->17282K(17408K) Class: 1829K(1856K)->1829K(1856K)
[911.070s][info][gc             ] GC(2611) Pause Young (Allocation Failure) 510M->397M(643M) 61.578ms
[911.070s][info][gc,cpu         ] GC(2611) User=0.12s Sys=0.00s Real=0.06s
[911.181s][info][gc,start       ] GC(2612) Pause Young (Allocation Failure)
[911.271s][info][gc,heap        ] GC(2612) PSYoungGen: 172289K(222720K)->73409K(222208K) Eden: 127488K(127488K)->0K(129024K) From: 44801K(95232K)->73409K(93184K)
[911.271s][info][gc,heap        ] GC(2612) ParOldGen: 362647K(435712K)->362647K(435712K)
[911.271s][info][gc,metaspace   ] GC(2612) Metaspace: 19111K(19264K)->19111K(19264K) NonClass: 17282K(17408K)->17282K(17408K) Class: 1829K(1856K)->1829K(1856K)
[911.271s][info][gc             ] GC(2612) Pause Young (Allocation Failure) 522M->425M(642M) 90.215ms
[911.271s][info][gc,cpu         ] GC(2612) User=0.18s Sys=0.00s Real=0.09s
[911.359s][info][gc,start       ] GC(2613) Pause Young (Allocation Failure)
[911.468s][info][gc,heap        ] GC(2613) PSYoungGen: 202433K(222208K)->89633K(219136K) Eden: 129024K(129024K)->0K(129024K) From: 73409K(93184K)->89633K(90112K)
[911.468s][info][gc,heap        ] GC(2613) ParOldGen: 362647K(435712K)->362647K(435712K)
[911.468s][info][gc,metaspace   ] GC(2613) Metaspace: 19111K(19264K)->19111K(19264K) NonClass: 17282K(17408K)->17282K(17408K) Class: 1829K(1856K)->1829K(1856K)
[911.468s][info][gc             ] GC(2613) Pause Young (Allocation Failure) 551M->441M(639M) 108.800ms
[911.468s][info][gc,cpu         ] GC(2613) User=0.21s Sys=0.00s Real=0.11s
[911.589s][info][gc,start       ] GC(2614) Pause Young (Allocation Failure)
[911.697s][info][gc,heap        ] GC(2614) PSYoungGen: 218657K(219136K)->81377K(222720K) Eden: 129024K(129024K)->0K(111616K) From: 89633K(90112K)->81377K(111104K)
[911.697s][info][gc,heap        ] GC(2614) ParOldGen: 362647K(435712K)->372111K(435712K)
[911.697s][info][gc,metaspace   ] GC(2614) Metaspace: 19111K(19264K)->19111K(19264K) NonClass: 17282K(17408K)->17282K(17408K) Class: 1829K(1856K)->1829K(1856K)
[911.697s][info][gc             ] GC(2614) Pause Young (Allocation Failure) 567M->442M(643M) 108.393ms
[911.697s][info][gc,cpu         ] GC(2614) User=0.22s Sys=0.00s Real=0.11s
[911.847s][info][gc,start       ] GC(2615) Pause Young (Allocation Failure)
[911.947s][info][gc,heap        ] GC(2615) PSYoungGen: 192993K(222720K)->62016K(222720K) Eden: 111616K(111616K)->0K(111616K) From: 81377K(111104K)->62016K(111104K)
[911.947s][info][gc,heap        ] GC(2615) ParOldGen: 372111K(435712K)->394996K(435712K)
[911.947s][info][gc,metaspace   ] GC(2615) Metaspace: 19111K(19264K)->19111K(19264K) NonClass: 17282K(17408K)->17282K(17408K) Class: 1829K(1856K)->1829K(1856K)
[911.947s][info][gc             ] GC(2615) Pause Young (Allocation Failure) 551M->446M(643M) 100.768ms
[911.947s][info][gc,cpu         ] GC(2615) User=0.20s Sys=0.00s Real=0.10s
[912.099s][info][gc,start       ] GC(2616) Pause Young (Allocation Failure)
[912.172s][info][gc,heap        ] GC(2616) PSYoungGen: 173632K(222720K)->28384K(222720K) Eden: 111616K(111616K)->0K(111616K) From: 62016K(111104K)->28384K(111104K)
[912.172s][info][gc,heap        ] GC(2616) ParOldGen: 394996K(435712K)->436258K(436736K)
[912.172s][info][gc,metaspace   ] GC(2616) Metaspace: 19111K(19264K)->19111K(19264K) NonClass: 17282K(17408K)->17282K(17408K) Class: 1829K(1856K)->1829K(1856K)
[912.172s][info][gc             ] GC(2616) Pause Young (Allocation Failure) 555M->453M(644M) 72.862ms
[912.172s][info][gc,cpu         ] GC(2616) User=0.15s Sys=0.00s Real=0.07s
[912.302s][info][gc,start       ] GC(2617) Pause Young (Allocation Failure)
[912.361s][info][gc,heap        ] GC(2617) PSYoungGen: 140000K(222720K)->26400K(222720K) Eden: 111616K(111616K)->0K(111616K) From: 28384K(111104K)->26400K(111104K)
[912.361s][info][gc,heap        ] GC(2617) ParOldGen: 436258K(436736K)->453706K(454144K)
[912.361s][info][gc,metaspace   ] GC(2617) Metaspace: 19111K(19264K)->19111K(19264K) NonClass: 17282K(17408K)->17282K(17408K) Class: 1829K(1856K)->1829K(1856K)
[912.361s][info][gc             ] GC(2617) Pause Young (Allocation Failure) 562M->468M(661M) 59.044ms
[912.361s][info][gc,cpu         ] GC(2617) User=0.11s Sys=0.01s Real=0.06s
[912.755s][info][gc,start       ] GC(2618) Pause Young (Allocation Failure)
[912.791s][info][gc,heap        ] GC(2618) PSYoungGen: 138016K(222720K)->15552K(221696K) Eden: 111616K(111616K)->0K(111616K) From: 26400K(111104K)->15552K(110080K)
[912.791s][info][gc,heap        ] GC(2618) ParOldGen: 453706K(454144K)->464674K(464896K)
[912.791s][info][gc,metaspace   ] GC(2618) Metaspace: 19111K(19264K)->19111K(19264K) NonClass: 17282K(17408K)->17282K(17408K) Class: 1829K(1856K)->1829K(1856K)
[912.791s][info][gc             ] GC(2618) Pause Young (Allocation Failure) 577M->468M(670M) 35.719ms
[912.791s][info][gc,cpu         ] GC(2618) User=0.07s Sys=0.00s Real=0.03s
[913.080s][info][gc,start       ] GC(2619) Pause Young (Allocation Failure)
[913.098s][info][gc,heap        ] GC(2619) PSYoungGen: 127168K(221696K)->15616K(127488K) Eden: 111616K(111616K)->0K(111616K) From: 15552K(110080K)->15616K(15872K)
[913.098s][info][gc,heap        ] GC(2619) ParOldGen: 464674K(464896K)->464674K(464896K)
[913.098s][info][gc,metaspace   ] GC(2619) Metaspace: 19111K(19264K)->19111K(19264K) NonClass: 17282K(17408K)->17282K(17408K) Class: 1829K(1856K)->1829K(1856K)
[913.098s][info][gc             ] GC(2619) Pause Young (Allocation Failure) 577M->469M(578M) 17.994ms
[913.098s][info][gc,cpu         ] GC(2619) User=0.03s Sys=0.00s Real=0.02s
[913.390s][info][gc,start       ] GC(2620) Pause Young (Allocation Failure)
[913.408s][info][gc,heap        ] GC(2620) PSYoungGen: 127232K(127488K)->15616K(223744K) Eden: 111616K(111616K)->0K(115712K) From: 15616K(15872K)->15616K(108032K)
[913.408s][info][gc,heap        ] GC(2620) ParOldGen: 464674K(464896K)->464674K(464896K)
[913.408s][info][gc,metaspace   ] GC(2620) Metaspace: 19111K(19264K)->19111K(19264K) NonClass: 17282K(17408K)->17282K(17408K) Class: 1829K(1856K)->1829K(1856K)
[913.408s][info][gc             ] GC(2620) Pause Young (Allocation Failure) 578M->469M(672M) 18.314ms
[913.408s][info][gc,cpu         ] GC(2620) User=0.03s Sys=0.01s Real=0.02s
[913.684s][info][gc,start       ] GC(2621) Pause Young (Allocation Failure)
[913.705s][info][gc,heap        ] GC(2621) PSYoungGen: 131328K(223744K)->15616K(221184K) Eden: 115712K(115712K)->0K(115712K) From: 15616K(108032K)->15616K(105472K)
[913.705s][info][gc,heap        ] GC(2621) ParOldGen: 464674K(464896K)->464674K(464896K)
[913.705s][info][gc,metaspace   ] GC(2621) Metaspace: 19111K(19264K)->19111K(19264K) NonClass: 17282K(17408K)->17282K(17408K) Class: 1829K(1856K)->1829K(1856K)
[913.705s][info][gc             ] GC(2621) Pause Young (Allocation Failure) 582M->469M(670M) 20.222ms
[913.705s][info][gc,cpu         ] GC(2621) User=0.04s Sys=0.00s Real=0.03s
[913.968s][info][gc,start       ] GC(2622) Pause Young (Allocation Failure)
[913.999s][info][gc,heap        ] GC(2622) PSYoungGen: 131328K(221184K)->20480K(216064K) Eden: 115712K(115712K)->0K(121344K) From: 15616K(105472K)->20480K(94720K)
[913.999s][info][gc,heap        ] GC(2622) ParOldGen: 464674K(464896K)->464674K(464896K)
[913.999s][info][gc,metaspace   ] GC(2622) Metaspace: 19111K(19264K)->19111K(19264K) NonClass: 17282K(17408K)->17282K(17408K) Class: 1829K(1856K)->1829K(1856K)
[913.999s][info][gc             ] GC(2622) Pause Young (Allocation Failure) 582M->473M(665M) 30.900ms
[913.999s][info][gc,cpu         ] GC(2622) User=0.06s Sys=0.00s Real=0.03s
[914.144s][info][gc,start       ] GC(2623) Pause Young (Allocation Failure)
[914.185s][info][gc,heap        ] GC(2623) PSYoungGen: 141824K(216064K)->45350K(219136K) Eden: 121344K(121344K)->0K(121344K) From: 20480K(94720K)->45350K(97792K)
[914.185s][info][gc,heap        ] GC(2623) ParOldGen: 464674K(464896K)->464674K(464896K)
[914.185s][info][gc,metaspace   ] GC(2623) Metaspace: 19112K(19264K)->19112K(19264K) NonClass: 17283K(17408K)->17283K(17408K) Class: 1829K(1856K)->1829K(1856K)
[914.185s][info][gc             ] GC(2623) Pause Young (Allocation Failure) 592M->498M(668M) 41.170ms
[914.185s][info][gc,cpu         ] GC(2623) User=0.08s Sys=0.00s Real=0.05s
[914.257s][info][gc,start       ] GC(2624) Pause Young (Allocation Failure)
[914.330s][info][gc,heap        ] GC(2624) PSYoungGen: 166694K(219136K)->91878K(207360K) Eden: 121344K(121344K)->0K(111616K) From: 45350K(97792K)->91878K(95744K)
[914.330s][info][gc,heap        ] GC(2624) ParOldGen: 464674K(464896K)->464674K(464896K)
[914.330s][info][gc,metaspace   ] GC(2624) Metaspace: 19112K(19264K)->19112K(19264K) NonClass: 17283K(17408K)->17283K(17408K) Class: 1829K(1856K)->1829K(1856K)
[914.330s][info][gc             ] GC(2624) Pause Young (Allocation Failure) 616M->543M(656M) 73.931ms
[914.330s][info][gc,cpu         ] GC(2624) User=0.15s Sys=0.00s Real=0.07s
[914.559s][info][gc,start       ] GC(2625) Pause Young (Allocation Failure)
[914.655s][info][gc,heap        ] GC(2625) PSYoungGen: 203494K(207360K)->98406K(222720K) Eden: 111616K(111616K)->0K(111616K) From: 91878K(95744K)->98406K(111104K)
[914.655s][info][gc,heap        ] GC(2625) ParOldGen: 464674K(464896K)->464674K(464896K)
[914.655s][info][gc,metaspace   ] GC(2625) Metaspace: 19112K(19264K)->19112K(19264K) NonClass: 17283K(17408K)->17283K(17408K) Class: 1829K(1856K)->1829K(1856K)
[914.655s][info][gc             ] GC(2625) Pause Young (Allocation Failure) 652M->549M(671M) 96.284ms
[914.655s][info][gc,cpu         ] GC(2625) User=0.19s Sys=0.00s Real=0.10s
[914.805s][info][gc,start       ] GC(2626) Pause Young (Allocation Failure)
[914.911s][info][gc,heap        ] GC(2626) PSYoungGen: 210022K(222720K)->92646K(222720K) Eden: 111616K(111616K)->0K(111616K) From: 98406K(111104K)->92646K(111104K)
[914.911s][info][gc,heap        ] GC(2626) ParOldGen: 464674K(464896K)->480224K(480256K)
[914.911s][info][gc,metaspace   ] GC(2626) Metaspace: 19112K(19264K)->19112K(19264K) NonClass: 17283K(17408K)->17283K(17408K) Class: 1829K(1856K)->1829K(1856K)
[914.911s][info][gc             ] GC(2626) Pause Young (Allocation Failure) 658M->559M(686M) 105.999ms
[914.911s][info][gc,cpu         ] GC(2626) User=0.20s Sys=0.01s Real=0.10s
[915.044s][info][gc,start       ] GC(2627) Pause Young (Allocation Failure)
[915.127s][info][gc,heap        ] GC(2627) PSYoungGen: 204262K(222720K)->107382K(222720K) Eden: 111616K(111616K)->0K(111616K) From: 92646K(111104K)->107382K(111104K)
[915.127s][info][gc,heap        ] GC(2627) ParOldGen: 480224K(480256K)->480336K(480768K)
[915.127s][info][gc,metaspace   ] GC(2627) Metaspace: 19112K(19264K)->19112K(19264K) NonClass: 17283K(17408K)->17283K(17408K) Class: 1829K(1856K)->1829K(1856K)
[915.127s][info][gc             ] GC(2627) Pause Young (Allocation Failure) 668M->573M(687M) 83.365ms
[915.127s][info][gc,cpu         ] GC(2627) User=0.17s Sys=0.00s Real=0.09s
[915.228s][info][gc,start       ] GC(2628) Pause Young (Allocation Failure)
[915.400s][info][gc,heap        ] GC(2628) PSYoungGen: 218998K(222720K)->111088K(222720K) Eden: 111616K(111616K)->0K(111616K) From: 107382K(111104K)->111088K(111104K)
[915.400s][info][gc,heap        ] GC(2628) ParOldGen: 480336K(480768K)->521946K(522240K)
[915.400s][info][gc,metaspace   ] GC(2628) Metaspace: 19112K(19264K)->19112K(19264K) NonClass: 17283K(17408K)->17283K(17408K) Class: 1829K(1856K)->1829K(1856K)
[915.401s][info][gc             ] GC(2628) Pause Young (Allocation Failure) 682M->618M(727M) 172.638ms
[915.401s][info][gc,cpu         ] GC(2628) User=0.29s Sys=0.05s Real=0.17s
[915.492s][info][gc,start       ] GC(2629) Pause Young (Allocation Failure)
[915.643s][info][gc,heap        ] GC(2629) PSYoungGen: 222704K(222720K)->39936K(222720K) Eden: 111616K(111616K)->0K(111616K) From: 111088K(111104K)->39936K(111104K)
[915.643s][info][gc,heap        ] GC(2629) ParOldGen: 521946K(522240K)->594085K(594432K)
[915.643s][info][gc,metaspace   ] GC(2629) Metaspace: 19112K(19264K)->19112K(19264K) NonClass: 17283K(17408K)->17283K(17408K) Class: 1829K(1856K)->1829K(1856K)
[915.643s][info][gc             ] GC(2629) Pause Young (Allocation Failure) 727M->619M(798M) 151.409ms
[915.643s][info][gc,cpu         ] GC(2629) User=0.24s Sys=0.05s Real=0.15s
[915.713s][info][gc,start       ] GC(2630) Pause Full (Allocation Failure)
[915.713s][info][gc,phases,start] GC(2630) Marking Phase
[915.974s][info][gc,phases      ] GC(2630) Marking Phase 260.609ms
[915.974s][info][gc,phases,start] GC(2630) Summary Phase
[915.974s][info][gc,phases      ] GC(2630) Summary Phase 0.035ms
[915.974s][info][gc,phases,start] GC(2630) Forward
[916.044s][info][gc,phases      ] GC(2630) Forward 69.826ms
[916.044s][info][gc,phases,start] GC(2630) Adjust Pointers
[916.251s][info][gc,phases      ] GC(2630) Adjust Pointers 207.006ms
[916.251s][info][gc,phases,start] GC(2630) Compaction Phase
[916.372s][info][gc,phases      ] GC(2630) Compaction Phase 120.710ms
[916.378s][info][gc,phases,start] GC(2630) Post Compact
[916.380s][info][gc,phases      ] GC(2630) Post Compact 2.246ms
[916.380s][info][gc,heap        ] GC(2630) PSYoungGen: 151552K(222720K)->0K(222720K) Eden: 111616K(111616K)->0K(111616K) From: 39936K(111104K)->0K(111104K)
[916.380s][info][gc,heap        ] GC(2630) ParOldGen: 594085K(594432K)->358530K(667648K)
[916.380s][info][gc,metaspace   ] GC(2630) Metaspace: 19112K(19264K)->19112K(19264K) NonClass: 17283K(17408K)->17283K(17408K) Class: 1829K(1856K)->1829K(1856K)
[916.380s][info][gc             ] GC(2630) Pause Full (Allocation Failure) 728M->350M(869M) 666.973ms
[916.380s][info][gc,cpu         ] GC(2630) User=1.28s Sys=0.00s Real=0.67s
[916.487s][info][gc,start       ] GC(2631) Pause Young (Allocation Failure)
[916.521s][info][gc,heap        ] GC(2631) PSYoungGen: 111616K(222720K)->21536K(222720K) Eden: 111616K(111616K)->0K(111616K) From: 0K(111104K)->21536K(111104K)
[916.521s][info][gc,heap        ] GC(2631) ParOldGen: 358530K(667648K)->358530K(667648K)
[916.521s][info][gc,metaspace   ] GC(2631) Metaspace: 19112K(19264K)->19112K(19264K) NonClass: 17283K(17408K)->17283K(17408K) Class: 1829K(1856K)->1829K(1856K)
[916.521s][info][gc             ] GC(2631) Pause Young (Allocation Failure) 459M->371M(869M) 34.182ms
[916.521s][info][gc,cpu         ] GC(2631) User=0.07s Sys=0.00s Real=0.03s
[916.619s][info][gc,start       ] GC(2632) Pause Young (Allocation Failure)
[916.671s][info][gc,heap        ] GC(2632) PSYoungGen: 133152K(222720K)->42976K(222720K) Eden: 111616K(111616K)->0K(111616K) From: 21536K(111104K)->42976K(111104K)
[916.671s][info][gc,heap        ] GC(2632) ParOldGen: 358530K(667648K)->358530K(667648K)
[916.671s][info][gc,metaspace   ] GC(2632) Metaspace: 19112K(19264K)->19112K(19264K) NonClass: 17283K(17408K)->17283K(17408K) Class: 1829K(1856K)->1829K(1856K)
[916.671s][info][gc             ] GC(2632) Pause Young (Allocation Failure) 480M->392M(869M) 52.110ms
[916.671s][info][gc,cpu         ] GC(2632) User=0.11s Sys=0.00s Real=0.05s
[916.741s][info][gc,start       ] GC(2633) Pause Young (Allocation Failure)
[916.802s][info][gc,heap        ] GC(2633) PSYoungGen: 154592K(222720K)->29536K(222720K) Eden: 111616K(111616K)->0K(111616K) From: 42976K(111104K)->29536K(111104K)
[916.802s][info][gc,heap        ] GC(2633) ParOldGen: 358530K(667648K)->380098K(667648K)
[916.802s][info][gc,metaspace   ] GC(2633) Metaspace: 19112K(19264K)->19112K(19264K) NonClass: 17283K(17408K)->17283K(17408K) Class: 1829K(1856K)->1829K(1856K)
[916.802s][info][gc             ] GC(2633) Pause Young (Allocation Failure) 501M->400M(869M) 61.294ms
[916.802s][info][gc,cpu         ] GC(2633) User=0.13s Sys=0.00s Real=0.06s
[916.868s][info][gc,start       ] GC(2634) Pause Young (Allocation Failure)
[916.904s][info][gc,heap        ] GC(2634) PSYoungGen: 141152K(222720K)->1216K(222720K) Eden: 111616K(111616K)->0K(111616K) From: 29536K(111104K)->1216K(111104K)
[916.904s][info][gc,heap        ] GC(2634) ParOldGen: 380098K(667648K)->409730K(667648K)
[916.904s][info][gc,metaspace   ] GC(2634) Metaspace: 19112K(19264K)->19112K(19264K) NonClass: 17283K(17408K)->17283K(17408K) Class: 1829K(1856K)->1829K(1856K)
[916.904s][info][gc             ] GC(2634) Pause Young (Allocation Failure) 509M->401M(869M) 36.090ms
[916.904s][info][gc,cpu         ] GC(2634) User=0.08s Sys=0.00s Real=0.03s
[916.993s][info][gc,start       ] GC(2635) Pause Young (Allocation Failure)
[917.004s][info][gc,heap        ] GC(2635) PSYoungGen: 112832K(222720K)->2048K(222720K) Eden: 111616K(111616K)->0K(111616K) From: 1216K(111104K)->2048K(111104K)
[917.004s][info][gc,heap        ] GC(2635) ParOldGen: 409730K(667648K)->410922K(667648K)
[917.004s][info][gc,metaspace   ] GC(2635) Metaspace: 19112K(19264K)->19112K(19264K) NonClass: 17283K(17408K)->17283K(17408K) Class: 1829K(1856K)->1829K(1856K)
[917.004s][info][gc             ] GC(2635) Pause Young (Allocation Failure) 510M->403M(869M) 10.802ms
[917.004s][info][gc,cpu         ] GC(2635) User=0.02s Sys=0.00s Real=0.01s
[917.095s][info][gc,start       ] GC(2636) Pause Young (Allocation Failure)
[917.112s][info][gc,heap        ] GC(2636) PSYoungGen: 113664K(222720K)->8128K(222720K) Eden: 111616K(111616K)->0K(111616K) From: 2048K(111104K)->8128K(111104K)
[917.112s][info][gc,heap        ] GC(2636) ParOldGen: 410922K(667648K)->412954K(667648K)
[917.112s][info][gc,metaspace   ] GC(2636) Metaspace: 19112K(19264K)->19112K(19264K) NonClass: 17283K(17408K)->17283K(17408K) Class: 1829K(1856K)->1829K(1856K)
[917.112s][info][gc             ] GC(2636) Pause Young (Allocation Failure) 512M->411M(869M) 16.492ms
[917.112s][info][gc,cpu         ] GC(2636) User=0.04s Sys=0.00s Real=0.01s
[917.264s][info][gc,start       ] GC(2637) Pause Young (Allocation Failure)
[917.280s][info][gc,heap        ] GC(2637) PSYoungGen: 119744K(222720K)->3584K(222720K) Eden: 111616K(111616K)->0K(111616K) From: 8128K(111104K)->3584K(111104K)
[917.280s][info][gc,heap        ] GC(2637) ParOldGen: 412954K(667648K)->421106K(667648K)
[917.280s][info][gc,metaspace   ] GC(2637) Metaspace: 19112K(19264K)->19112K(19264K) NonClass: 17283K(17408K)->17283K(17408K) Class: 1829K(1856K)->1829K(1856K)
[917.280s][info][gc             ] GC(2637) Pause Young (Allocation Failure) 520M->414M(869M) 16.795ms
[917.280s][info][gc,cpu         ] GC(2637) User=0.03s Sys=0.00s Real=0.02s
[917.476s][info][gc,start       ] GC(2638) Pause Young (Allocation Failure)
[917.492s][info][gc,heap        ] GC(2638) PSYoungGen: 115200K(222720K)->8640K(222720K) Eden: 111616K(111616K)->0K(111616K) From: 3584K(111104K)->8640K(111104K)
[917.492s][info][gc,heap        ] GC(2638) ParOldGen: 421106K(667648K)->424658K(667648K)
[917.492s][info][gc,metaspace   ] GC(2638) Metaspace: 19112K(19264K)->19112K(19264K) NonClass: 17283K(17408K)->17283K(17408K) Class: 1829K(1856K)->1829K(1856K)
[917.492s][info][gc             ] GC(2638) Pause Young (Allocation Failure) 523M->423M(869M) 15.732ms
[917.492s][info][gc,cpu         ] GC(2638) User=0.03s Sys=0.00s Real=0.01s
[917.621s][info][gc,start       ] GC(2639) Pause Young (Allocation Failure)
[917.651s][info][gc,heap        ] GC(2639) PSYoungGen: 120256K(222720K)->15520K(222720K) Eden: 111616K(111616K)->0K(111616K) From: 8640K(111104K)->15520K(111104K)
[917.651s][info][gc,heap        ] GC(2639) ParOldGen: 424658K(667648K)->433308K(667648K)
[917.651s][info][gc,metaspace   ] GC(2639) Metaspace: 19112K(19264K)->19112K(19264K) NonClass: 17283K(17408K)->17283K(17408K) Class: 1829K(1856K)->1829K(1856K)
[917.652s][info][gc             ] GC(2639) Pause Young (Allocation Failure) 532M->438M(869M) 30.127ms
[917.652s][info][gc,cpu         ] GC(2639) User=0.06s Sys=0.00s Real=0.03s
[917.910s][info][gc,start       ] GC(2640) Pause Young (Allocation Failure)
[917.949s][info][gc,heap        ] GC(2640) PSYoungGen: 127136K(222720K)->15840K(222720K) Eden: 111616K(111616K)->0K(111616K) From: 15520K(111104K)->15840K(111104K)
[917.949s][info][gc,heap        ] GC(2640) ParOldGen: 433308K(667648K)->448844K(667648K)
[917.949s][info][gc,metaspace   ] GC(2640) Metaspace: 19112K(19264K)->19112K(19264K) NonClass: 17283K(17408K)->17283K(17408K) Class: 1829K(1856K)->1829K(1856K)
[917.949s][info][gc             ] GC(2640) Pause Young (Allocation Failure) 547M->453M(869M) 38.555ms
[917.949s][info][gc,cpu         ] GC(2640) User=0.08s Sys=0.00s Real=0.04s
[918.105s][info][gc,start       ] GC(2641) Pause Young (Allocation Failure)
[918.130s][info][gc,heap        ] GC(2641) PSYoungGen: 127456K(222720K)->8416K(222720K) Eden: 111616K(111616K)->0K(111616K) From: 15840K(111104K)->8416K(111104K)
[918.130s][info][gc,heap        ] GC(2641) ParOldGen: 448844K(667648K)->464756K(667648K)
[918.130s][info][gc,metaspace   ] GC(2641) Metaspace: 19112K(19264K)->19112K(19264K) NonClass: 17283K(17408K)->17283K(17408K) Class: 1829K(1856K)->1829K(1856K)
[918.131s][info][gc             ] GC(2641) Pause Young (Allocation Failure) 562M->462M(869M) 25.509ms
[918.131s][info][gc,cpu         ] GC(2641) User=0.05s Sys=0.00s Real=0.02s
[918.280s][info][gc,start       ] GC(2642) Pause Young (Allocation Failure)
[918.307s][info][gc,heap        ] GC(2642) PSYoungGen: 120032K(222720K)->20288K(218624K) Eden: 111616K(111616K)->0K(111616K) From: 8416K(111104K)->20288K(107008K)
[918.308s][info][gc,heap        ] GC(2642) ParOldGen: 464756K(667648K)->473172K(667648K)
[918.308s][info][gc,metaspace   ] GC(2642) Metaspace: 19112K(19264K)->19112K(19264K) NonClass: 17283K(17408K)->17283K(17408K) Class: 1829K(1856K)->1829K(1856K)
[918.308s][info][gc             ] GC(2642) Pause Young (Allocation Failure) 571M->481M(865M) 27.893ms
[918.308s][info][gc,cpu         ] GC(2642) User=0.06s Sys=0.00s Real=0.03s
[918.373s][info][gc,start       ] GC(2643) Pause Young (Allocation Failure)
[918.418s][info][gc,heap        ] GC(2643) PSYoungGen: 131904K(218624K)->62080K(220672K) Eden: 111616K(111616K)->0K(111616K) From: 20288K(107008K)->62080K(109056K)
[918.418s][info][gc,heap        ] GC(2643) ParOldGen: 473172K(667648K)->473172K(667648K)
[918.418s][info][gc,metaspace   ] GC(2643) Metaspace: 19112K(19264K)->19112K(19264K) NonClass: 17283K(17408K)->17283K(17408K) Class: 1829K(1856K)->1829K(1856K)
[918.418s][info][gc             ] GC(2643) Pause Young (Allocation Failure) 590M->522M(867M) 45.219ms
[918.418s][info][gc,cpu         ] GC(2643) User=0.08s Sys=0.00s Real=0.05s
[918.632s][info][gc,start       ] GC(2644) Pause Young (Allocation Failure)
[918.688s][info][gc,heap        ] GC(2644) PSYoungGen: 173696K(220672K)->17024K(220672K) Eden: 111616K(111616K)->0K(113664K) From: 62080K(109056K)->17024K(107008K)
[918.688s][info][gc,heap        ] GC(2644) ParOldGen: 473172K(667648K)->535949K(667648K)
[918.688s][info][gc,metaspace   ] GC(2644) Metaspace: 19112K(19264K)->19112K(19264K) NonClass: 17283K(17408K)->17283K(17408K) Class: 1829K(1856K)->1829K(1856K)
[918.688s][info][gc             ] GC(2644) Pause Young (Allocation Failure) 631M->540M(867M) 56.436ms
[918.688s][info][gc,cpu         ] GC(2644) User=0.11s Sys=0.00s Real=0.06s
[918.867s][info][gc,start       ] GC(2645) Pause Young (Allocation Failure)
[918.913s][info][gc,heap        ] GC(2645) PSYoungGen: 130688K(220672K)->31231K(144896K) Eden: 113664K(113664K)->0K(113664K) From: 17024K(107008K)->31231K(31232K)
[918.913s][info][gc,heap        ] GC(2645) ParOldGen: 535949K(667648K)->535949K(667648K)
[918.913s][info][gc,metaspace   ] GC(2645) Metaspace: 19112K(19264K)->19112K(19264K) NonClass: 17283K(17408K)->17283K(17408K) Class: 1829K(1856K)->1829K(1856K)
[918.913s][info][gc             ] GC(2645) Pause Young (Allocation Failure) 651M->553M(793M) 45.592ms
[918.913s][info][gc,cpu         ] GC(2645) User=0.09s Sys=0.00s Real=0.04s
[919.058s][info][gc,start       ] GC(2646) Pause Young (Allocation Failure)
[919.131s][info][gc,heap        ] GC(2646) PSYoungGen: 144895K(144896K)->57727K(215552K) Eden: 113664K(113664K)->0K(115200K) From: 31231K(31232K)->57727K(100352K)
