[0.003s][info][metaspace]  - commit_granule_bytes: 65536.
[0.003s][info][metaspace]  - commit_granule_words: 8192.
[0.003s][info][metaspace]  - virtual_space_node_default_size: 8388608.
[0.003s][info][metaspace]  - enlarge_chunks_in_place: 1.
[0.005s][info][gc,init  ] CardTable entry size: 512
[0.005s][info][gc       ] Using Parallel
[0.006s][info][gc,init  ] Version: 24-internal-adhoc.root.jdk (release)
[0.006s][info][gc,init  ] CPUs: 2 total, 2 available
[0.006s][info][gc,init  ] Memory: 3908M
[0.006s][info][gc,init  ] Large Page Support: Disabled
[0.006s][info][gc,init  ] NUMA Support: Disabled
[0.007s][info][gc,init  ] Compressed Oops: Enabled (32-bit)
[0.007s][info][gc,init  ] Alignments: Space 512K, Generation 512K, Heap 2M
[0.007s][info][gc,init  ] Heap Min Capacity: 256M
[0.007s][info][gc,init  ] Heap Initial Capacity: 256M
[0.007s][info][gc,init  ] Heap Max Capacity: 978M
[0.007s][info][gc,init  ] Pre-touch: Disabled
[0.007s][info][gc,init  ] Parallel Workers: 2
[0.026s][info][gc,metaspace] CDS archive(s) mapped at: [0x00007fe945000000-0x00007fe945dc0000-0x00007fe945dc0000), size 14417920, SharedBaseAddress: 0x00007fe945000000, ArchiveRelocationMode: 1.
[0.026s][info][gc,metaspace] Compressed class space mapped at: 0x00007fe946000000-0x00007fe986000000, reserved size: 1073741824
[0.026s][info][gc,metaspace] UseCompressedClassPointers 1, UseCompactObjectHeaders 0
[0.026s][info][gc,metaspace] Narrow klass pointer bits 32, Max shift 3
[0.026s][info][gc,metaspace] Narrow klass base: 0x00007fe945000000, Narrow klass shift: 0
[0.026s][info][gc,metaspace] Encoding Range: [0x00007fe945000000 - 0x00007fea45000000), (4294967296 bytes)
[0.026s][info][gc,metaspace] Klass Range:    [0x00007fe945000000 - 0x00007fe986000000), (1090519040 bytes)
[0.026s][info][gc,metaspace] Klass ID Range:  [8 - 1090519033) (1090519025)
[0.892s][info][gc,start    ] GC(0) Pause Young (Allocation Failure)
[0.902s][info][gc,heap     ] GC(0) PSYoungGen: 65536K(76288K)->3207K(76288K) Eden: 65536K(65536K)->0K(65536K) From: 0K(10752K)->3207K(10752K)
[0.903s][info][gc,heap     ] GC(0) ParOldGen: 1157K(175104K)->1165K(175104K)
[0.903s][info][gc,metaspace] GC(0) Metaspace: 6259K(6400K)->6259K(6400K) NonClass: 5724K(5824K)->5724K(5824K) Class: 534K(576K)->534K(576K)
[0.903s][info][gc          ] GC(0) Pause Young (Allocation Failure) 65M->4M(245M) 10.572ms
[0.903s][info][gc,cpu      ] GC(0) User=0.02s Sys=0.01s Real=0.02s
[1.342s][info][gc,start    ] GC(1) Pause Young (Allocation Failure)
[1.348s][info][gc,heap     ] GC(1) PSYoungGen: 68651K(76288K)->3702K(141824K) Eden: 65443K(65536K)->0K(131072K) From: 3207K(10752K)->3702K(10752K)
[1.348s][info][gc,heap     ] GC(1) ParOldGen: 1165K(175104K)->1237K(175104K)
[1.348s][info][gc,metaspace] GC(1) Metaspace: 6692K(6784K)->6692K(6784K) NonClass: 6094K(6144K)->6094K(6144K) Class: 597K(640K)->597K(640K)
[1.348s][info][gc          ] GC(1) Pause Young (Allocation Failure) 68M->4M(309M) 6.252ms
[1.348s][info][gc,cpu      ] GC(1) User=0.01s Sys=0.01s Real=0.00s
[1.966s][info][gc,start    ] GC(2) Pause Young (Allocation Failure)
[1.975s][info][gc,heap     ] GC(2) PSYoungGen: 134774K(141824K)->4231K(141824K) Eden: 131072K(131072K)->0K(131072K) From: 3702K(10752K)->4231K(10752K)
[1.975s][info][gc,heap     ] GC(2) ParOldGen: 1237K(175104K)->1245K(175104K)
[1.975s][info][gc,metaspace] GC(2) Metaspace: 7673K(7808K)->7673K(7808K) NonClass: 6845K(6912K)->6845K(6912K) Class: 827K(896K)->827K(896K)
[1.975s][info][gc          ] GC(2) Pause Young (Allocation Failure) 132M->5M(309M) 9.834ms
[1.976s][info][gc,cpu      ] GC(2) User=0.01s Sys=0.00s Real=0.01s
[2.466s][info][gc,start    ] GC(3) Pause Young (Allocation Failure)
[2.474s][info][gc,heap     ] GC(3) PSYoungGen: 135303K(141824K)->3777K(272896K) Eden: 131072K(131072K)->0K(262144K) From: 4231K(10752K)->3777K(10752K)
[2.474s][info][gc,heap     ] GC(3) ParOldGen: 1245K(175104K)->1253K(175104K)
[2.474s][info][gc,metaspace] GC(3) Metaspace: 8060K(8192K)->8060K(8192K) NonClass: 7117K(7168K)->7117K(7168K) Class: 942K(1024K)->942K(1024K)
[2.474s][info][gc          ] GC(3) Pause Young (Allocation Failure) 133M->4M(437M) 7.763ms
[2.474s][info][gc,cpu      ] GC(3) User=0.01s Sys=0.01s Real=0.01s
[3.801s][info][gc,start    ] GC(4) Pause Young (Allocation Failure)
[3.956s][info][gc,heap     ] GC(4) PSYoungGen: 265921K(272896K)->10743K(272896K) Eden: 262144K(262144K)->0K(262144K) From: 3777K(10752K)->10743K(10752K)
[3.956s][info][gc,heap     ] GC(4) ParOldGen: 1253K(175104K)->87659K(175104K)
[3.956s][info][gc,metaspace] GC(4) Metaspace: 13893K(14080K)->13893K(14080K) NonClass: 12281K(12352K)->12281K(12352K) Class: 1612K(1728K)->1612K(1728K)
[3.956s][info][gc          ] GC(4) Pause Young (Allocation Failure) 260M->96M(437M) 155.748ms
[3.957s][info][gc,cpu      ] GC(4) User=0.22s Sys=0.08s Real=0.16s
[5.950s][info][gc,start    ] GC(5) Pause Young (Allocation Failure)
[6.100s][info][gc,heap     ] GC(5) PSYoungGen: 272887K(272896K)->60919K(210432K) Eden: 262144K(262144K)->0K(149504K) From: 10743K(10752K)->60919K(60928K)
[6.100s][info][gc,heap     ] GC(5) ParOldGen: 87659K(175104K)->104905K(175104K)
[6.100s][info][gc,metaspace] GC(5) Metaspace: 16496K(16704K)->16496K(16704K) NonClass: 14721K(14848K)->14721K(14848K) Class: 1775K(1856K)->1775K(1856K)
[6.100s][info][gc          ] GC(5) Pause Young (Allocation Failure) 352M->161M(376M) 150.388ms
[6.100s][info][gc,cpu      ] GC(5) User=0.23s Sys=0.06s Real=0.15s
[6.549s][info][gc,start    ] GC(6) Pause Young (Allocation Failure)
[6.693s][info][gc,heap     ] GC(6) PSYoungGen: 210423K(210432K)->92144K(241664K) Eden: 149504K(149504K)->0K(149504K) From: 60919K(60928K)->92144K(92160K)
[6.693s][info][gc,heap     ] GC(6) ParOldGen: 104905K(175104K)->118075K(175104K)
[6.693s][info][gc,metaspace] GC(6) Metaspace: 16564K(16704K)->16564K(16704K) NonClass: 14787K(14848K)->14787K(14848K) Class: 1777K(1856K)->1777K(1856K)
[6.693s][info][gc          ] GC(6) Pause Young (Allocation Failure) 307M->205M(407M) 144.464ms
[6.694s][info][gc,cpu      ] GC(6) User=0.27s Sys=0.01s Real=0.15s
[7.098s][info][gc,start    ] GC(7) Pause Young (Allocation Failure)
[7.274s][info][gc,heap     ] GC(7) PSYoungGen: 241648K(241664K)->92151K(203776K) Eden: 149504K(149504K)->0K(111616K) From: 92144K(92160K)->92151K(92160K)
[7.274s][info][gc,heap     ] GC(7) ParOldGen: 118075K(175104K)->136264K(175104K)
[7.274s][info][gc,metaspace] GC(7) Metaspace: 16645K(16832K)->16645K(16832K) NonClass: 14868K(14976K)->14868K(14976K) Class: 1777K(1856K)->1777K(1856K)
[7.274s][info][gc          ] GC(7) Pause Young (Allocation Failure) 351M->223M(370M) 176.147ms
[7.274s][info][gc,cpu      ] GC(7) User=0.33s Sys=0.01s Real=0.18s
[7.472s][info][gc,start    ] GC(8) Pause Young (Allocation Failure)
[7.702s][info][gc,heap     ] GC(8) PSYoungGen: 203767K(203776K)->51447K(222720K) Eden: 111616K(111616K)->0K(111616K) From: 92151K(92160K)->51447K(111104K)
[7.702s][info][gc,heap     ] GC(8) ParOldGen: 136264K(175104K)->188435K(188928K)
[7.702s][info][gc,metaspace] GC(8) Metaspace: 16656K(16832K)->16656K(16832K) NonClass: 14879K(14976K)->14879K(14976K) Class: 1777K(1856K)->1777K(1856K)
[7.702s][info][gc          ] GC(8) Pause Young (Allocation Failure) 332M->234M(402M) 230.528ms
[7.702s][info][gc,cpu      ] GC(8) User=0.40s Sys=0.05s Real=0.24s
[7.859s][info][gc,start    ] GC(9) Pause Young (Allocation Failure)
[7.941s][info][gc,heap     ] GC(9) PSYoungGen: 163063K(222720K)->14848K(222720K) Eden: 111616K(111616K)->0K(111616K) From: 51447K(111104K)->14848K(111104K)
[7.941s][info][gc,heap     ] GC(9) ParOldGen: 188435K(188928K)->229182K(229376K)
[7.941s][info][gc,metaspace] GC(9) Metaspace: 16661K(16832K)->16661K(16832K) NonClass: 14883K(14976K)->14883K(14976K) Class: 1777K(1856K)->1777K(1856K)
[7.941s][info][gc          ] GC(9) Pause Young (Allocation Failure) 343M->238M(441M) 82.080ms
[7.941s][info][gc,cpu      ] GC(9) User=0.13s Sys=0.03s Real=0.08s
[8.099s][info][gc,start    ] GC(10) Pause Young (Allocation Failure)
[8.139s][info][gc,heap     ] GC(10) PSYoungGen: 126464K(222720K)->352K(222720K) Eden: 111616K(111616K)->0K(111616K) From: 14848K(111104K)->352K(111104K)
[8.139s][info][gc,heap     ] GC(10) ParOldGen: 229182K(229376K)->244022K(244224K)
[8.139s][info][gc,metaspace] GC(10) Metaspace: 16666K(16832K)->16666K(16832K) NonClass: 14888K(14976K)->14888K(14976K) Class: 1777K(1856K)->1777K(1856K)
[8.139s][info][gc          ] GC(10) Pause Young (Allocation Failure) 347M->238M(456M) 40.147ms
[8.139s][info][gc,cpu      ] GC(10) User=0.06s Sys=0.01s Real=0.04s
[8.330s][info][gc,start    ] GC(11) Pause Young (Allocation Failure)
[8.339s][info][gc,heap     ] GC(11) PSYoungGen: 111968K(222720K)->2304K(222720K) Eden: 111616K(111616K)->0K(111616K) From: 352K(111104K)->2304K(111104K)
[8.339s][info][gc,heap     ] GC(11) ParOldGen: 244022K(244224K)->244350K(244736K)
[8.339s][info][gc,metaspace] GC(11) Metaspace: 16680K(16896K)->16680K(16896K) NonClass: 14902K(15040K)->14902K(15040K) Class: 1777K(1856K)->1777K(1856K)
[8.339s][info][gc          ] GC(11) Pause Young (Allocation Failure) 347M->240M(456M) 8.411ms
[8.339s][info][gc,cpu      ] GC(11) User=0.02s Sys=0.00s Real=0.01s
[8.585s][info][gc,start    ] GC(12) Pause Young (Allocation Failure)
[8.597s][info][gc,heap     ] GC(12) PSYoungGen: 113920K(222720K)->1760K(222720K) Eden: 111616K(111616K)->0K(111616K) From: 2304K(111104K)->1760K(111104K)
[8.597s][info][gc,heap     ] GC(12) ParOldGen: 244350K(244736K)->246646K(246784K)
[8.597s][info][gc,metaspace] GC(12) Metaspace: 16727K(16896K)->16727K(16896K) NonClass: 14950K(15040K)->14950K(15040K) Class: 1777K(1856K)->1777K(1856K)
[8.597s][info][gc          ] GC(12) Pause Young (Allocation Failure) 349M->242M(458M) 12.793ms
[8.597s][info][gc,cpu      ] GC(12) User=0.02s Sys=0.00s Real=0.01s
[8.827s][info][gc,start    ] GC(13) Pause Young (Allocation Failure)
[8.833s][info][gc,heap     ] GC(13) PSYoungGen: 113376K(222720K)->1344K(222720K) Eden: 111616K(111616K)->0K(111616K) From: 1760K(111104K)->1344K(111104K)
[8.833s][info][gc,heap     ] GC(13) ParOldGen: 246646K(246784K)->248390K(248832K)
[8.833s][info][gc,metaspace] GC(13) Metaspace: 16778K(16960K)->16778K(16960K) NonClass: 15000K(15104K)->15000K(15104K) Class: 1777K(1856K)->1777K(1856K)
[8.833s][info][gc          ] GC(13) Pause Young (Allocation Failure) 351M->243M(460M) 6.000ms
[8.833s][info][gc,cpu      ] GC(13) User=0.01s Sys=0.00s Real=0.01s
[9.148s][info][gc,start    ] GC(14) Pause Young (Allocation Failure)
[9.155s][info][gc,heap     ] GC(14) PSYoungGen: 112960K(222720K)->2496K(222720K) Eden: 111616K(111616K)->0K(111616K) From: 1344K(111104K)->2496K(111104K)
[9.155s][info][gc,heap     ] GC(14) ParOldGen: 248390K(248832K)->249718K(249856K)
[9.155s][info][gc,metaspace] GC(14) Metaspace: 16839K(17088K)->16839K(17088K) NonClass: 15061K(15232K)->15061K(15232K) Class: 1778K(1856K)->1778K(1856K)
[9.155s][info][gc          ] GC(14) Pause Young (Allocation Failure) 352M->246M(461M) 7.188ms
[9.155s][info][gc,cpu      ] GC(14) User=0.01s Sys=0.00s Real=0.01s
[9.452s][info][gc,start    ] GC(15) Pause Young (Allocation Failure)
[9.462s][info][gc,heap     ] GC(15) PSYoungGen: 114112K(222720K)->2848K(222720K) Eden: 111616K(111616K)->0K(111616K) From: 2496K(111104K)->2848K(111104K)
[9.462s][info][gc,heap     ] GC(15) ParOldGen: 249718K(249856K)->252166K(252416K)
[9.462s][info][gc,metaspace] GC(15) Metaspace: 16862K(17088K)->16862K(17088K) NonClass: 15083K(15232K)->15083K(15232K) Class: 1778K(1856K)->1778K(1856K)
[9.462s][info][gc          ] GC(15) Pause Young (Allocation Failure) 355M->249M(464M) 9.379ms
[9.462s][info][gc,cpu      ] GC(15) User=0.01s Sys=0.00s Real=0.00s
[9.984s][info][gc,start    ] GC(16) Pause Young (Allocation Failure)
[10.013s][info][gc,heap     ] GC(16) PSYoungGen: 114464K(222720K)->21760K(133632K) Eden: 111616K(111616K)->0K(111616K) From: 2848K(111104K)->21760K(22016K)
[10.013s][info][gc,heap     ] GC(16) ParOldGen: 252166K(252416K)->254931K(254976K)
[10.013s][info][gc,metaspace] GC(16) Metaspace: 16952K(17152K)->16952K(17152K) NonClass: 15172K(15296K)->15172K(15296K) Class: 1779K(1856K)->1779K(1856K)
[10.013s][info][gc          ] GC(16) Pause Young (Allocation Failure) 358M->270M(379M) 29.446ms
[10.013s][info][gc,cpu      ] GC(16) User=0.06s Sys=0.00s Real=0.03s
[10.377s][info][gc,start    ] GC(17) Pause Young (Allocation Failure)
[10.473s][info][gc,heap     ] GC(17) PSYoungGen: 133376K(133632K)->39504K(218624K) Eden: 111616K(111616K)->0K(114176K) From: 21760K(22016K)->39504K(104448K)
[10.473s][info][gc,heap     ] GC(17) ParOldGen: 254931K(254976K)->276731K(276992K)
[10.473s][info][gc,metaspace] GC(17) Metaspace: 16966K(17152K)->16966K(17152K) NonClass: 15185K(15296K)->15185K(15296K) Class: 1781K(1856K)->1781K(1856K)
[10.473s][info][gc          ] GC(17) Pause Young (Allocation Failure) 379M->308M(484M) 96.259ms
[10.473s][info][gc,cpu      ] GC(17) User=0.16s Sys=0.02s Real=0.10s
[10.807s][info][gc,start    ] GC(18) Pause Young (Allocation Failure)
[10.882s][info][gc,heap     ] GC(18) PSYoungGen: 153680K(218624K)->14691K(216064K) Eden: 114176K(114176K)->0K(114176K) From: 39504K(104448K)->14691K(101888K)
[10.882s][info][gc,heap     ] GC(18) ParOldGen: 276731K(276992K)->316539K(316928K)
[10.882s][info][gc,metaspace] GC(18) Metaspace: 16985K(17152K)->16985K(17152K) NonClass: 15203K(15296K)->15203K(15296K) Class: 1781K(1856K)->1781K(1856K)
[10.882s][info][gc          ] GC(18) Pause Young (Allocation Failure) 420M->323M(520M) 74.899ms
[10.882s][info][gc,cpu      ] GC(18) User=0.11s Sys=0.03s Real=0.07s
[11.044s][info][gc,start    ] GC(19) Pause Young (Allocation Failure)
[11.094s][info][gc,heap     ] GC(19) PSYoungGen: 128867K(216064K)->3840K(226816K) Eden: 114176K(114176K)->0K(130560K) From: 14691K(101888K)->3840K(96256K)
[11.094s][info][gc,heap     ] GC(19) ParOldGen: 316539K(316928K)->331278K(331776K)
[11.094s][info][gc,metaspace] GC(19) Metaspace: 16985K(17152K)->16985K(17152K) NonClass: 15203K(15296K)->15203K(15296K) Class: 1781K(1856K)->1781K(1856K)
[11.094s][info][gc          ] GC(19) Pause Young (Allocation Failure) 434M->327M(545M) 50.700ms
[11.094s][info][gc,cpu      ] GC(19) User=0.09s Sys=0.01s Real=0.05s
[11.353s][info][gc,start    ] GC(20) Pause Young (Allocation Failure)
[11.363s][info][gc,heap     ] GC(20) PSYoungGen: 134400K(226816K)->1344K(223744K) Eden: 130560K(130560K)->0K(130560K) From: 3840K(96256K)->1344K(93184K)
[11.363s][info][gc,heap     ] GC(20) ParOldGen: 331278K(331776K)->335116K(335360K)
[11.363s][info][gc,metaspace] GC(20) Metaspace: 16988K(17152K)->16988K(17152K) NonClass: 15206K(15296K)->15206K(15296K) Class: 1781K(1856K)->1781K(1856K)
[11.363s][info][gc          ] GC(20) Pause Young (Allocation Failure) 454M->328M(546M) 10.467ms
[11.363s][info][gc,cpu      ] GC(20) User=0.02s Sys=0.00s Real=0.01s
[11.880s][info][gc,start    ] GC(21) Pause Young (Allocation Failure)
[11.890s][info][gc,heap     ] GC(21) PSYoungGen: 131904K(223744K)->576K(237056K) Eden: 130560K(130560K)->0K(147456K) From: 1344K(93184K)->576K(89600K)
[11.890s][info][gc,heap     ] GC(21) ParOldGen: 335116K(335360K)->336428K(336896K)
[11.890s][info][gc,metaspace] GC(21) Metaspace: 16997K(17216K)->16997K(17216K) NonClass: 15215K(15360K)->15215K(15360K) Class: 1781K(1856K)->1781K(1856K)
[11.890s][info][gc          ] GC(21) Pause Young (Allocation Failure) 456M->329M(560M) 10.179ms
[11.890s][info][gc,cpu      ] GC(21) User=0.02s Sys=0.00s Real=0.01s
[12.556s][info][gc,start    ] GC(22) Pause Young (Allocation Failure)
[12.563s][info][gc,heap     ] GC(22) PSYoungGen: 148032K(237056K)->128K(233984K) Eden: 147456K(147456K)->0K(147456K) From: 576K(89600K)->128K(86528K)
[12.563s][info][gc,heap     ] GC(22) ParOldGen: 336428K(336896K)->336977K(337408K)
[12.563s][info][gc,metaspace] GC(22) Metaspace: 17001K(17216K)->17001K(17216K) NonClass: 15219K(15360K)->15219K(15360K) Class: 1781K(1856K)->1781K(1856K)
[12.563s][info][gc          ] GC(22) Pause Young (Allocation Failure) 473M->329M(558M) 6.455ms
[12.563s][info][gc,cpu      ] GC(22) User=0.01s Sys=0.00s Real=0.01s
[12.957s][info][gc,start    ] GC(23) Pause Young (Allocation Failure)
[13.019s][info][gc,heap     ] GC(23) PSYoungGen: 147584K(233984K)->57392K(232448K) Eden: 147456K(147456K)->0K(149504K) From: 128K(86528K)->57392K(82944K)
[13.019s][info][gc,heap     ] GC(23) ParOldGen: 336977K(337408K)->337083K(337408K)
[13.019s][info][gc,metaspace] GC(23) Metaspace: 17009K(17216K)->17009K(17216K) NonClass: 15228K(15360K)->15228K(15360K) Class: 1781K(1856K)->1781K(1856K)
[13.019s][info][gc          ] GC(23) Pause Young (Allocation Failure) 473M->385M(556M) 61.456ms
[13.019s][info][gc,cpu      ] GC(23) User=0.12s Sys=0.00s Real=0.06s
[13.413s][info][gc,start    ] GC(24) Pause Young (Allocation Failure)
[13.544s][info][gc,heap     ] GC(24) PSYoungGen: 206896K(232448K)->28192K(240640K) Eden: 149504K(149504K)->0K(149504K) From: 57392K(82944K)->28192K(91136K)
[13.544s][info][gc,heap     ] GC(24) ParOldGen: 337083K(337408K)->394751K(394752K)
[13.544s][info][gc,metaspace] GC(24) Metaspace: 17016K(17216K)->17016K(17216K) NonClass: 15233K(15360K)->15233K(15360K) Class: 1782K(1856K)->1782K(1856K)
[13.544s][info][gc          ] GC(24) Pause Young (Allocation Failure) 531M->413M(620M) 130.610ms
[13.544s][info][gc,cpu      ] GC(24) User=0.21s Sys=0.05s Real=0.13s
[13.710s][info][gc,start    ] GC(25) Pause Young (Allocation Failure)
[13.851s][info][gc,heap     ] GC(25) PSYoungGen: 177696K(240640K)->69984K(224256K) Eden: 149504K(149504K)->0K(137216K) From: 28192K(91136K)->69984K(87040K)
[13.851s][info][gc,heap     ] GC(25) ParOldGen: 394751K(394752K)->423179K(423424K)
[13.851s][info][gc,metaspace] GC(25) Metaspace: 17016K(17216K)->17016K(17216K) NonClass: 15233K(15360K)->15233K(15360K) Class: 1782K(1856K)->1782K(1856K)
[13.851s][info][gc          ] GC(25) Pause Young (Allocation Failure) 559M->481M(632M) 141.119ms
[13.851s][info][gc,cpu      ] GC(25) User=0.24s Sys=0.03s Real=0.14s
[14.025s][info][gc,start    ] GC(26) Pause Young (Allocation Failure)
[14.184s][info][gc,heap     ] GC(26) PSYoungGen: 207200K(224256K)->28896K(235520K) Eden: 137216K(137216K)->0K(137216K) From: 69984K(87040K)->28896K(98304K)
[14.184s][info][gc,heap     ] GC(26) ParOldGen: 423179K(423424K)->493387K(493568K)
[14.184s][info][gc,metaspace] GC(26) Metaspace: 17016K(17216K)->17016K(17216K) NonClass: 15234K(15360K)->15234K(15360K) Class: 1782K(1856K)->1782K(1856K)
[14.184s][info][gc          ] GC(26) Pause Young (Allocation Failure) 615M->510M(712M) 159.829ms
[14.184s][info][gc,cpu      ] GC(26) User=0.24s Sys=0.07s Real=0.16s
[14.562s][info][gc,start    ] GC(27) Pause Young (Allocation Failure)
[14.641s][info][gc,heap     ] GC(27) PSYoungGen: 166112K(235520K)->25779K(217088K) Eden: 137216K(137216K)->0K(143360K) From: 28896K(98304K)->25779K(73728K)
[14.641s][info][gc,heap     ] GC(27) ParOldGen: 493387K(493568K)->522339K(522752K)
[14.642s][info][gc,metaspace] GC(27) Metaspace: 17026K(17216K)->17026K(17216K) NonClass: 15244K(15360K)->15244K(15360K) Class: 1782K(1856K)->1782K(1856K)
[14.642s][info][gc          ] GC(27) Pause Young (Allocation Failure) 644M->535M(722M) 79.946ms
[14.642s][info][gc,cpu      ] GC(27) User=0.13s Sys=0.02s Real=0.08s
[15.042s][info][gc,start    ] GC(28) Pause Young (Allocation Failure)
[15.118s][info][gc,heap     ] GC(28) PSYoungGen: 169139K(217088K)->23775K(228864K) Eden: 143360K(143360K)->0K(143360K) From: 25779K(73728K)->23775K(85504K)
[15.118s][info][gc,heap     ] GC(28) ParOldGen: 522339K(522752K)->548226K(548352K)
[15.118s][info][gc,metaspace] GC(28) Metaspace: 17036K(17216K)->17036K(17216K) NonClass: 15254K(15360K)->15254K(15360K) Class: 1782K(1856K)->1782K(1856K)
[15.118s][info][gc          ] GC(28) Pause Young (Allocation Failure) 675M->558M(759M) 75.609ms
[15.118s][info][gc,cpu      ] GC(28) User=0.13s Sys=0.02s Real=0.07s
[15.355s][info][gc,start    ] GC(29) Pause Young (Allocation Failure)
[15.399s][info][gc,heap     ] GC(29) PSYoungGen: 167135K(228864K)->480K(241152K) Eden: 143360K(143360K)->0K(167936K) From: 23775K(85504K)->480K(73216K)
[15.399s][info][gc,heap     ] GC(29) ParOldGen: 548226K(548352K)->572261K(572416K)
[15.399s][info][gc,metaspace] GC(29) Metaspace: 17037K(17216K)->17037K(17216K) NonClass: 15255K(15360K)->15255K(15360K) Class: 1782K(1856K)->1782K(1856K)
[15.399s][info][gc          ] GC(29) Pause Young (Allocation Failure) 698M->559M(794M) 44.533ms
[15.399s][info][gc,cpu      ] GC(29) User=0.06s Sys=0.03s Real=0.04s
[15.642s][info][gc,start    ] GC(30) Pause Young (Allocation Failure)
[15.679s][info][gc,heap     ] GC(30) PSYoungGen: 168416K(241152K)->34464K(247296K) Eden: 167936K(167936K)->0K(167936K) From: 480K(73216K)->34464K(79360K)
[15.679s][info][gc,heap     ] GC(30) ParOldGen: 572261K(572416K)->572733K(572928K)
[15.679s][info][gc,metaspace] GC(30) Metaspace: 17039K(17216K)->17039K(17216K) NonClass: 15257K(15360K)->15257K(15360K) Class: 1782K(1856K)->1782K(1856K)
[15.679s][info][gc          ] GC(30) Pause Young (Allocation Failure) 723M->592M(801M) 37.674ms
[15.679s][info][gc,cpu      ] GC(30) User=0.07s Sys=0.00s Real=0.04s
[16.174s][info][gc,start    ] GC(31) Pause Young (Allocation Failure)
[16.249s][info][gc,heap     ] GC(31) PSYoungGen: 202400K(247296K)->13540K(245760K) Eden: 167936K(167936K)->0K(176640K) From: 34464K(79360K)->13540K(69120K)
[16.249s][info][gc,heap     ] GC(31) ParOldGen: 572733K(572928K)->607277K(607744K)
[16.249s][info][gc,metaspace] GC(31) Metaspace: 17119K(17280K)->17119K(17280K) NonClass: 15328K(15424K)->15328K(15424K) Class: 1791K(1856K)->1791K(1856K)
[16.249s][info][gc          ] GC(31) Pause Young (Allocation Failure) 756M->606M(833M) 74.915ms
[16.249s][info][gc,cpu      ] GC(31) User=0.12s Sys=0.02s Real=0.07s
[16.557s][info][gc,start    ] GC(32) Pause Full (Allocation Failure)
[16.557s][info][gc,phases,start] GC(32) Marking Phase
[16.702s][info][gc,phases      ] GC(32) Marking Phase 144.950ms
[16.702s][info][gc,phases,start] GC(32) Summary Phase
[16.702s][info][gc,phases      ] GC(32) Summary Phase 0.036ms
[16.702s][info][gc,phases,start] GC(32) Forward
[16.746s][info][gc,phases      ] GC(32) Forward 43.848ms
[16.746s][info][gc,phases,start] GC(32) Adjust Pointers
[16.812s][info][gc,phases      ] GC(32) Adjust Pointers 65.574ms
[16.812s][info][gc,phases,start] GC(32) Compaction Phase
[16.844s][info][gc,phases      ] GC(32) Compaction Phase 32.299ms
[16.847s][info][gc,phases,start] GC(32) Post Compact
[16.861s][info][gc,phases      ] GC(32) Post Compact 13.633ms
[16.889s][info][gc,heap        ] GC(32) PSYoungGen: 190180K(245760K)->0K(250880K) Eden: 176640K(176640K)->0K(176640K) From: 13540K(69120K)->0K(74240K)
[16.889s][info][gc,heap        ] GC(32) ParOldGen: 607277K(607744K)->131492K(268800K)
[16.889s][info][gc,metaspace   ] GC(32) Metaspace: 17144K(17344K)->17144K(17344K) NonClass: 15351K(15488K)->15351K(15488K) Class: 1792K(1856K)->1792K(1856K)
[16.889s][info][gc             ] GC(32) Pause Full (Allocation Failure) 778M->128M(507M) 331.490ms
[16.889s][info][gc,cpu         ] GC(32) User=0.53s Sys=0.06s Real=0.33s
[17.114s][info][gc,start       ] GC(33) Pause Young (Allocation Failure)
[17.204s][info][gc,heap        ] GC(33) PSYoungGen: 176640K(250880K)->74224K(218624K) Eden: 176640K(176640K)->0K(144384K) From: 0K(74240K)->74224K(74240K)
[17.204s][info][gc,heap        ] GC(33) ParOldGen: 131492K(268800K)->148876K(268800K)
[17.204s][info][gc,metaspace   ] GC(33) Metaspace: 17144K(17344K)->17144K(17344K) NonClass: 15351K(15488K)->15351K(15488K) Class: 1792K(1856K)->1792K(1856K)
[17.204s][info][gc             ] GC(33) Pause Young (Allocation Failure) 300M->217M(476M) 89.507ms
[17.204s][info][gc,cpu         ] GC(33) User=0.16s Sys=0.02s Real=0.09s
[17.456s][info][gc,start       ] GC(34) Pause Young (Allocation Failure)
[17.588s][info][gc,heap        ] GC(34) PSYoungGen: 218608K(218624K)->56768K(201216K) Eden: 144384K(144384K)->0K(144384K) From: 74224K(74240K)->56768K(56832K)
[17.588s][info][gc,heap        ] GC(34) ParOldGen: 148876K(268800K)->223500K(268800K)
[17.588s][info][gc,metaspace   ] GC(34) Metaspace: 17147K(17344K)->17147K(17344K) NonClass: 15354K(15488K)->15354K(15488K) Class: 1792K(1856K)->1792K(1856K)
[17.588s][info][gc             ] GC(34) Pause Young (Allocation Failure) 358M->273M(459M) 131.909ms
[17.588s][info][gc,cpu         ] GC(34) User=0.26s Sys=0.00s Real=0.13s
[17.783s][info][gc,start       ] GC(35) Pause Young (Allocation Failure)
[17.851s][info][gc,heap        ] GC(35) PSYoungGen: 201152K(201216K)->19296K(240128K) Eden: 144384K(144384K)->0K(142336K) From: 56768K(56832K)->19296K(97792K)
[17.851s][info][gc,heap        ] GC(35) ParOldGen: 223500K(268800K)->280948K(281088K)
[17.851s][info][gc,metaspace   ] GC(35) Metaspace: 17149K(17344K)->17149K(17344K) NonClass: 15356K(15488K)->15356K(15488K) Class: 1792K(1856K)->1792K(1856K)
[17.851s][info][gc             ] GC(35) Pause Young (Allocation Failure) 414M->293M(509M) 67.707ms
[17.851s][info][gc,cpu         ] GC(35) User=0.11s Sys=0.01s Real=0.06s
[18.101s][info][gc,start       ] GC(36) Pause Young (Allocation Failure)
[18.147s][info][gc,heap        ] GC(36) PSYoungGen: 161632K(240128K)->3520K(145920K) Eden: 142336K(142336K)->0K(142336K) From: 19296K(97792K)->3520K(3584K)
[18.147s][info][gc,heap        ] GC(36) ParOldGen: 280948K(281088K)->300420K(300544K)
[18.147s][info][gc,metaspace   ] GC(36) Metaspace: 17151K(17344K)->17151K(17344K) NonClass: 15358K(15488K)->15358K(15488K) Class: 1792K(1856K)->1792K(1856K)
[18.147s][info][gc             ] GC(36) Pause Young (Allocation Failure) 432M->296M(436M) 45.900ms
[18.147s][info][gc,cpu         ] GC(36) User=0.07s Sys=0.02s Real=0.05s
[18.475s][info][gc,start       ] GC(37) Pause Young (Allocation Failure)
[18.556s][info][gc,heap        ] GC(37) PSYoungGen: 145856K(145920K)->41798K(236032K) Eden: 142336K(142336K)->0K(143872K) From: 3520K(3584K)->41798K(92160K)
[18.556s][info][gc,heap        ] GC(37) ParOldGen: 300420K(300544K)->303924K(304128K)
[18.556s][info][gc,metaspace   ] GC(37) Metaspace: 17155K(17344K)->17155K(17344K) NonClass: 15361K(15488K)->15361K(15488K) Class: 1793K(1856K)->1793K(1856K)
[18.556s][info][gc             ] GC(37) Pause Young (Allocation Failure) 435M->337M(527M) 81.130ms
[18.556s][info][gc,cpu         ] GC(37) User=0.16s Sys=0.00s Real=0.08s
[18.753s][info][gc,start       ] GC(38) Pause Young (Allocation Failure)
[18.917s][info][gc,heap        ] GC(38) PSYoungGen: 185670K(236032K)->30048K(234496K) Eden: 143872K(143872K)->0K(143872K) From: 41798K(92160K)->30048K(90624K)
[18.917s][info][gc,heap        ] GC(38) ParOldGen: 303924K(304128K)->345771K(346112K)
[18.917s][info][gc,metaspace   ] GC(38) Metaspace: 17156K(17344K)->17156K(17344K) NonClass: 15362K(15488K)->15362K(15488K) Class: 1793K(1856K)->1793K(1856K)
[18.917s][info][gc             ] GC(38) Pause Young (Allocation Failure) 478M->367M(567M) 163.392ms
[18.917s][info][gc,cpu         ] GC(38) User=0.29s Sys=0.04s Real=0.16s
[19.101s][info][gc,start       ] GC(39) Pause Young (Allocation Failure)
[19.208s][info][gc,heap        ] GC(39) PSYoungGen: 173920K(234496K)->22912K(238592K) Eden: 143872K(143872K)->0K(155648K) From: 30048K(90624K)->22912K(82944K)
[19.208s][info][gc,heap        ] GC(39) ParOldGen: 345771K(346112K)->375867K(376320K)
[19.208s][info][gc,metaspace   ] GC(39) Metaspace: 17156K(17344K)->17156K(17344K) NonClass: 15362K(15488K)->15362K(15488K) Class: 1793K(1856K)->1793K(1856K)
[19.208s][info][gc             ] GC(39) Pause Young (Allocation Failure) 507M->389M(600M) 107.659ms
[19.208s][info][gc,cpu         ] GC(39) User=0.18s Sys=0.02s Real=0.11s
[19.354s][info][gc,start       ] GC(40) Pause Young (Allocation Failure)
[19.426s][info][gc,heap        ] GC(40) PSYoungGen: 178560K(238592K)->13056K(236032K) Eden: 155648K(155648K)->0K(155648K) From: 22912K(82944K)->13056K(80384K)
[19.426s][info][gc,heap        ] GC(40) ParOldGen: 375867K(376320K)->398819K(398848K)
[19.426s][info][gc,metaspace   ] GC(40) Metaspace: 17158K(17344K)->17158K(17344K) NonClass: 15364K(15488K)->15364K(15488K) Class: 1793K(1856K)->1793K(1856K)
[19.426s][info][gc             ] GC(40) Pause Young (Allocation Failure) 541M->402M(620M) 71.709ms
[19.426s][info][gc,cpu         ] GC(40) User=0.13s Sys=0.02s Real=0.07s
[19.546s][info][gc,start       ] GC(41) Pause Young (Allocation Failure)
[19.574s][info][gc,heap        ] GC(41) PSYoungGen: 168704K(236032K)->928K(249344K) Eden: 155648K(155648K)->0K(171008K) From: 13056K(80384K)->928K(78336K)
[19.575s][info][gc,heap        ] GC(41) ParOldGen: 398819K(398848K)->411891K(412160K)
[19.575s][info][gc,metaspace   ] GC(41) Metaspace: 17158K(17344K)->17158K(17344K) NonClass: 15364K(15488K)->15364K(15488K) Class: 1793K(1856K)->1793K(1856K)
[19.575s][info][gc             ] GC(41) Pause Young (Allocation Failure) 554M->403M(646M) 28.450ms
[19.575s][info][gc,cpu         ] GC(41) User=0.03s Sys=0.01s Real=0.03s
[19.763s][info][gc,start       ] GC(42) Pause Young (Allocation Failure)
[19.780s][info][gc,heap        ] GC(42) PSYoungGen: 171936K(249344K)->3968K(248832K) Eden: 171008K(171008K)->0K(171008K) From: 928K(78336K)->3968K(77824K)
[19.780s][info][gc,heap        ] GC(42) ParOldGen: 411891K(412160K)->412795K(413184K)
[19.780s][info][gc,metaspace   ] GC(42) Metaspace: 17167K(17344K)->17167K(17344K) NonClass: 15369K(15488K)->15369K(15488K) Class: 1798K(1856K)->1798K(1856K)
[19.780s][info][gc             ] GC(42) Pause Young (Allocation Failure) 570M->406M(646M) 16.839ms
[19.780s][info][gc,cpu         ] GC(42) User=0.03s Sys=0.01s Real=0.01s
[19.972s][info][gc,start       ] GC(43) Pause Young (Allocation Failure)
[19.988s][info][gc,heap        ] GC(43) PSYoungGen: 174976K(248832K)->3424K(253952K) Eden: 171008K(171008K)->0K(179712K) From: 3968K(77824K)->3424K(74240K)
[19.988s][info][gc,heap        ] GC(43) ParOldGen: 412795K(413184K)->416763K(416768K)
[19.988s][info][gc,metaspace   ] GC(43) Metaspace: 17171K(17344K)->17171K(17344K) NonClass: 15373K(15488K)->15373K(15488K) Class: 1798K(1856K)->1798K(1856K)
[19.988s][info][gc             ] GC(43) Pause Young (Allocation Failure) 573M->410M(655M) 15.575ms
[19.988s][info][gc,cpu         ] GC(43) User=0.03s Sys=0.00s Real=0.01s
[20.310s][info][gc,start       ] GC(44) Pause Young (Allocation Failure)
[20.355s][info][gc,heap        ] GC(44) PSYoungGen: 183136K(253952K)->35264K(253952K) Eden: 179712K(179712K)->0K(179712K) From: 3424K(74240K)->35264K(74240K)
[20.355s][info][gc,heap        ] GC(44) ParOldGen: 416763K(416768K)->420171K(420352K)
[20.355s][info][gc,metaspace   ] GC(44) Metaspace: 17171K(17344K)->17171K(17344K) NonClass: 15373K(15488K)->15373K(15488K) Class: 1798K(1856K)->1798K(1856K)
[20.355s][info][gc             ] GC(44) Pause Young (Allocation Failure) 585M->444M(658M) 45.209ms
[20.355s][info][gc,cpu         ] GC(44) User=0.09s Sys=0.00s Real=0.05s
[21.178s][info][gc,start       ] GC(45) Pause Young (Allocation Failure)
[21.252s][info][gc,heap        ] GC(45) PSYoungGen: 214976K(253952K)->10624K(253440K) Eden: 179712K(179712K)->0K(185344K) From: 35264K(74240K)->10624K(68096K)
[21.252s][info][gc,heap        ] GC(45) ParOldGen: 420171K(420352K)->455534K(455680K)
[21.252s][info][gc,metaspace   ] GC(45) Metaspace: 17176K(17344K)->17176K(17344K) NonClass: 15378K(15488K)->15378K(15488K) Class: 1798K(1856K)->1798K(1856K)
[21.252s][info][gc             ] GC(45) Pause Young (Allocation Failure) 620M->455M(692M) 73.674ms
[21.252s][info][gc,cpu         ] GC(45) User=0.12s Sys=0.03s Real=0.07s
[22.097s][info][gc,start       ] GC(46) Pause Young (Allocation Failure)
[22.117s][info][gc,heap        ] GC(46) PSYoungGen: 195968K(253440K)->224K(256512K) Eden: 185344K(185344K)->0K(185344K) From: 10624K(68096K)->224K(71168K)
[22.117s][info][gc,heap        ] GC(46) ParOldGen: 455534K(455680K)->466094K(466432K)
[22.117s][info][gc,metaspace   ] GC(46) Metaspace: 17202K(17344K)->17202K(17344K) NonClass: 15404K(15488K)->15404K(15488K) Class: 1798K(1856K)->1798K(1856K)
[22.117s][info][gc             ] GC(46) Pause Young (Allocation Failure) 636M->455M(706M) 20.153ms
[22.117s][info][gc,cpu         ] GC(46) User=0.03s Sys=0.01s Real=0.02s
[22.781s][info][gc,start       ] GC(47) Pause Young (Allocation Failure)
[22.783s][info][gc,heap        ] GC(47) PSYoungGen: 185568K(256512K)->64K(258048K) Eden: 185344K(185344K)->0K(193024K) From: 224K(71168K)->64K(65024K)
[22.783s][info][gc,heap        ] GC(47) ParOldGen: 466094K(466432K)->466286K(466432K)
[22.783s][info][gc,metaspace   ] GC(47) Metaspace: 17202K(17344K)->17202K(17344K) NonClass: 15404K(15488K)->15404K(15488K) Class: 1798K(1856K)->1798K(1856K)
[22.783s][info][gc             ] GC(47) Pause Young (Allocation Failure) 636M->455M(707M) 2.476ms
[22.783s][info][gc,cpu         ] GC(47) User=0.01s Sys=0.00s Real=0.01s
[23.507s][info][gc,start       ] GC(48) Pause Young (Allocation Failure)
[23.533s][info][gc,heap        ] GC(48) PSYoungGen: 193088K(258048K)->256K(261120K) Eden: 193024K(193024K)->0K(193024K) From: 64K(65024K)->256K(68096K)
[23.533s][info][gc,heap        ] GC(48) ParOldGen: 466286K(466432K)->466294K(466432K)
[23.533s][info][gc,metaspace   ] GC(48) Metaspace: 17203K(17344K)->17203K(17344K) NonClass: 15405K(15488K)->15405K(15488K) Class: 1798K(1856K)->1798K(1856K)
[23.533s][info][gc             ] GC(48) Pause Young (Allocation Failure) 643M->455M(710M) 25.809ms
[23.533s][info][gc,cpu         ] GC(48) User=0.05s Sys=0.00s Real=0.03s
[23.904s][info][gc,start       ] GC(49) Pause Young (Allocation Failure)
[23.944s][info][gc,heap        ] GC(49) PSYoungGen: 193280K(261120K)->46502K(255488K) Eden: 193024K(193024K)->0K(189440K) From: 256K(68096K)->46502K(66048K)
[23.944s][info][gc,heap        ] GC(49) ParOldGen: 466294K(466432K)->466510K(466944K)
[23.944s][info][gc,metaspace   ] GC(49) Metaspace: 17208K(17344K)->17208K(17344K) NonClass: 15410K(15488K)->15410K(15488K) Class: 1798K(1856K)->1798K(1856K)
[23.944s][info][gc             ] GC(49) Pause Young (Allocation Failure) 644M->500M(705M) 40.519ms
[23.944s][info][gc,cpu         ] GC(49) User=0.08s Sys=0.00s Real=0.04s
[24.316s][info][gc,start       ] GC(50) Pause Young (Allocation Failure)
[24.423s][info][gc,heap        ] GC(50) PSYoungGen: 235942K(255488K)->47792K(237568K) Eden: 189440K(189440K)->0K(189440K) From: 46502K(66048K)->47792K(48128K)
[24.423s][info][gc,heap        ] GC(50) ParOldGen: 466510K(466944K)->513440K(513536K)
[24.423s][info][gc,metaspace   ] GC(50) Metaspace: 17218K(17344K)->17218K(17344K) NonClass: 15419K(15488K)->15419K(15488K) Class: 1798K(1856K)->1798K(1856K)
[24.423s][info][gc             ] GC(50) Pause Young (Allocation Failure) 685M->548M(733M) 107.431ms
[24.423s][info][gc,cpu         ] GC(50) User=0.19s Sys=0.03s Real=0.11s
[24.674s][info][gc,start       ] GC(51) Pause Young (Allocation Failure)
[24.766s][info][gc,heap        ] GC(51) PSYoungGen: 237232K(237568K)->35216K(256512K) Eden: 189440K(189440K)->0K(178688K) From: 47792K(48128K)->35216K(77824K)
[24.766s][info][gc,heap        ] GC(51) ParOldGen: 513440K(513536K)->561727K(562176K)
[24.766s][info][gc,metaspace   ] GC(51) Metaspace: 17223K(17344K)->17223K(17344K) NonClass: 15424K(15488K)->15424K(15488K) Class: 1798K(1856K)->1798K(1856K)
[24.766s][info][gc             ] GC(51) Pause Young (Allocation Failure) 733M->582M(799M) 91.768ms
[24.766s][info][gc,cpu         ] GC(51) User=0.15s Sys=0.03s Real=0.09s
[25.065s][info][gc,start       ] GC(52) Pause Young (Allocation Failure)
[25.146s][info][gc,heap        ] GC(52) PSYoungGen: 213904K(256512K)->16236K(195072K) Eden: 178688K(178688K)->0K(178688K) From: 35216K(77824K)->16236K(16384K)
[25.146s][info][gc,heap        ] GC(52) ParOldGen: 561727K(562176K)->597279K(597504K)
[25.146s][info][gc,metaspace   ] GC(52) Metaspace: 17225K(17344K)->17225K(17344K) NonClass: 15427K(15488K)->15427K(15488K) Class: 1798K(1856K)->1798K(1856K)
[25.146s][info][gc             ] GC(52) Pause Young (Allocation Failure) 757M->599M(774M) 80.949ms
[25.146s][info][gc,cpu         ] GC(52) User=0.13s Sys=0.03s Real=0.08s
[25.439s][info][gc,start       ] GC(53) Pause Full (Allocation Failure)
[25.439s][info][gc,phases,start] GC(53) Marking Phase
[25.690s][info][gc,phases      ] GC(53) Marking Phase 250.374ms
[25.690s][info][gc,phases,start] GC(53) Summary Phase
[25.690s][info][gc,phases      ] GC(53) Summary Phase 0.036ms
[25.690s][info][gc,phases,start] GC(53) Forward
[25.780s][info][gc,phases      ] GC(53) Forward 89.891ms
[25.780s][info][gc,phases,start] GC(53) Adjust Pointers
[25.977s][info][gc,phases      ] GC(53) Adjust Pointers 197.699ms
[25.977s][info][gc,phases,start] GC(53) Compaction Phase
[26.088s][info][gc,phases      ] GC(53) Compaction Phase 110.925ms
[26.095s][info][gc,phases,start] GC(53) Post Compact
[26.098s][info][gc,phases      ] GC(53) Post Compact 2.737ms
[26.105s][info][gc,heap        ] GC(53) PSYoungGen: 194924K(195072K)->0K(251392K) Eden: 178688K(178688K)->0K(178688K) From: 16236K(16384K)->0K(72704K)
[26.105s][info][gc,heap        ] GC(53) ParOldGen: 597279K(597504K)->345078K(506368K)
[26.105s][info][gc,metaspace   ] GC(53) Metaspace: 17225K(17344K)->17225K(17344K) NonClass: 15427K(15488K)->15427K(15488K) Class: 1798K(1856K)->1798K(1856K)
[26.105s][info][gc             ] GC(53) Pause Full (Allocation Failure) 773M->336M(740M) 665.506ms
[26.105s][info][gc,cpu         ] GC(53) User=1.22s Sys=0.01s Real=0.67s
[26.319s][info][gc,start       ] GC(54) Pause Young (Allocation Failure)
[26.362s][info][gc,heap        ] GC(54) PSYoungGen: 178688K(251392K)->34688K(251392K) Eden: 178688K(178688K)->0K(178688K) From: 0K(72704K)->34688K(72704K)
[26.362s][info][gc,heap        ] GC(54) ParOldGen: 345078K(506368K)->345078K(506368K)
[26.362s][info][gc,metaspace   ] GC(54) Metaspace: 17225K(17344K)->17225K(17344K) NonClass: 15427K(15488K)->15427K(15488K) Class: 1798K(1856K)->1798K(1856K)
[26.362s][info][gc             ] GC(54) Pause Young (Allocation Failure) 511M->370M(740M) 42.291ms
[26.362s][info][gc,cpu         ] GC(54) User=0.09s Sys=0.00s Real=0.04s
[26.536s][info][gc,start       ] GC(55) Pause Young (Allocation Failure)
[26.591s][info][gc,heap        ] GC(55) PSYoungGen: 213376K(251392K)->14176K(253952K) Eden: 178688K(178688K)->0K(188416K) From: 34688K(72704K)->14176K(65536K)
[26.591s][info][gc,heap        ] GC(55) ParOldGen: 345078K(506368K)->379838K(506368K)
[26.591s][info][gc,metaspace   ] GC(55) Metaspace: 17229K(17408K)->17229K(17408K) NonClass: 15431K(15552K)->15431K(15552K) Class: 1798K(1856K)->1798K(1856K)
[26.592s][info][gc             ] GC(55) Pause Young (Allocation Failure) 545M->384M(742M) 56.011ms
[26.592s][info][gc,cpu         ] GC(55) User=0.11s Sys=0.00s Real=0.05s
[26.739s][info][gc,start       ] GC(56) Pause Young (Allocation Failure)
[26.764s][info][gc,heap        ] GC(56) PSYoungGen: 202592K(253952K)->2816K(257536K) Eden: 188416K(188416K)->0K(188416K) From: 14176K(65536K)->2816K(69120K)
[26.764s][info][gc,heap        ] GC(56) ParOldGen: 379838K(506368K)->394038K(506368K)
[26.764s][info][gc,metaspace   ] GC(56) Metaspace: 17248K(17408K)->17248K(17408K) NonClass: 15449K(15552K)->15449K(15552K) Class: 1798K(1856K)->1798K(1856K)
[26.764s][info][gc             ] GC(56) Pause Young (Allocation Failure) 568M->387M(746M) 25.392ms
[26.764s][info][gc,cpu         ] GC(56) User=0.05s Sys=0.00s Real=0.03s
[27.026s][info][gc,start       ] GC(57) Pause Young (Allocation Failure)
[27.049s][info][gc,heap        ] GC(57) PSYoungGen: 191232K(257536K)->11680K(256512K) Eden: 188416K(188416K)->0K(196608K) From: 2816K(69120K)->11680K(59904K)
[27.049s][info][gc,heap        ] GC(57) ParOldGen: 394038K(506368K)->396838K(506368K)
[27.049s][info][gc,metaspace   ] GC(57) Metaspace: 17248K(17408K)->17248K(17408K) NonClass: 15449K(15552K)->15449K(15552K) Class: 1798K(1856K)->1798K(1856K)
[27.049s][info][gc             ] GC(57) Pause Young (Allocation Failure) 571M->398M(745M) 22.520ms
[27.049s][info][gc,cpu         ] GC(57) User=0.05s Sys=0.00s Real=0.02s
[27.469s][info][gc,start       ] GC(58) Pause Young (Allocation Failure)
[27.509s][info][gc,heap        ] GC(58) PSYoungGen: 208288K(256512K)->24128K(261120K) Eden: 196608K(196608K)->0K(196608K) From: 11680K(59904K)->24128K(64512K)
[27.509s][info][gc,heap        ] GC(58) ParOldGen: 396838K(506368K)->408526K(506368K)
[27.509s][info][gc,metaspace   ] GC(58) Metaspace: 17256K(17408K)->17256K(17408K) NonClass: 15457K(15552K)->15457K(15552K) Class: 1798K(1856K)->1798K(1856K)
[27.509s][info][gc             ] GC(58) Pause Young (Allocation Failure) 590M->422M(749M) 40.025ms
[27.509s][info][gc,cpu         ] GC(58) User=0.08s Sys=0.00s Real=0.04s
[28.156s][info][gc,start       ] GC(59) Pause Young (Allocation Failure)
[28.236s][info][gc,heap        ] GC(59) PSYoungGen: 220736K(261120K)->16064K(260096K) Eden: 196608K(196608K)->0K(207360K) From: 24128K(64512K)->16064K(52736K)
[28.236s][info][gc,heap        ] GC(59) ParOldGen: 408526K(506368K)->432694K(506368K)
[28.236s][info][gc,metaspace   ] GC(59) Metaspace: 17266K(17472K)->17266K(17472K) NonClass: 15467K(15616K)->15467K(15616K) Class: 1799K(1856K)->1799K(1856K)
[28.236s][info][gc             ] GC(59) Pause Young (Allocation Failure) 614M->438M(748M) 79.422ms
[28.236s][info][gc,cpu         ] GC(59) User=0.16s Sys=0.00s Real=0.08s
[28.667s][info][gc,start       ] GC(60) Pause Young (Allocation Failure)
[28.716s][info][gc,heap        ] GC(60) PSYoungGen: 223424K(260096K)->23584K(265728K) Eden: 207360K(207360K)->0K(207360K) From: 16064K(52736K)->23584K(58368K)
[28.716s][info][gc,heap        ] GC(60) ParOldGen: 432694K(506368K)->448755K(506368K)
[28.716s][info][gc,metaspace   ] GC(60) Metaspace: 17286K(17472K)->17286K(17472K) NonClass: 15486K(15616K)->15486K(15616K) Class: 1799K(1856K)->1799K(1856K)
[28.716s][info][gc             ] GC(60) Pause Young (Allocation Failure) 640M->461M(754M) 49.193ms
[28.716s][info][gc,cpu         ] GC(60) User=0.10s Sys=0.00s Real=0.05s
[29.099s][info][gc,start       ] GC(61) Pause Young (Allocation Failure)
[29.172s][info][gc,heap        ] GC(61) PSYoungGen: 230944K(265728K)->55808K(236032K) Eden: 207360K(207360K)->0K(180224K) From: 23584K(58368K)->55808K(55808K)
[29.172s][info][gc,heap        ] GC(61) ParOldGen: 448755K(506368K)->478943K(506368K)
[29.172s][info][gc,metaspace   ] GC(61) Metaspace: 17297K(17472K)->17297K(17472K) NonClass: 15498K(15616K)->15498K(15616K) Class: 1799K(1856K)->1799K(1856K)
[29.172s][info][gc             ] GC(61) Pause Young (Allocation Failure) 663M->522M(725M) 72.957ms
[29.172s][info][gc,cpu         ] GC(61) User=0.14s Sys=0.01s Real=0.07s
[29.631s][info][gc,start       ] GC(62) Pause Young (Allocation Failure)
[29.698s][info][gc,heap        ] GC(62) PSYoungGen: 236032K(236032K)->4096K(257024K) Eden: 180224K(180224K)->0K(180224K) From: 55808K(55808K)->4096K(76800K)
[29.699s][info][gc,heap        ] GC(62) ParOldGen: 478943K(506368K)->535447K(535552K)
[29.699s][info][gc,metaspace   ] GC(62) Metaspace: 17297K(17472K)->17297K(17472K) NonClass: 15498K(15616K)->15498K(15616K) Class: 1799K(1856K)->1799K(1856K)
[29.699s][info][gc             ] GC(62) Pause Young (Allocation Failure) 698M->526M(774M) 67.383ms
[29.699s][info][gc,cpu         ] GC(62) User=0.11s Sys=0.03s Real=0.07s
[30.086s][info][gc,start       ] GC(63) Pause Young (Allocation Failure)
[30.148s][info][gc,heap        ] GC(63) PSYoungGen: 184320K(257024K)->36296K(253952K) Eden: 180224K(180224K)->0K(181248K) From: 4096K(76800K)->36296K(72704K)
[30.149s][info][gc,heap        ] GC(63) ParOldGen: 535447K(535552K)->539543K(539648K)
[30.149s][info][gc,metaspace   ] GC(63) Metaspace: 17298K(17472K)->17298K(17472K) NonClass: 15498K(15616K)->15498K(15616K) Class: 1799K(1856K)->1799K(1856K)
[30.149s][info][gc             ] GC(63) Pause Young (Allocation Failure) 702M->562M(775M) 62.905ms
[30.149s][info][gc,cpu         ] GC(63) User=0.12s Sys=0.00s Real=0.06s
[30.398s][info][gc,start       ] GC(64) Pause Young (Allocation Failure)
[30.495s][info][gc,heap        ] GC(64) PSYoungGen: 217544K(253952K)->25472K(256000K) Eden: 181248K(181248K)->0K(181248K) From: 36296K(72704K)->25472K(74752K)
[30.495s][info][gc,heap        ] GC(64) ParOldGen: 539543K(539648K)->575886K(576000K)
[30.495s][info][gc,metaspace   ] GC(64) Metaspace: 17298K(17472K)->17298K(17472K) NonClass: 15498K(15616K)->15498K(15616K) Class: 1799K(1856K)->1799K(1856K)
[30.495s][info][gc             ] GC(64) Pause Young (Allocation Failure) 739M->587M(812M) 97.108ms
[30.495s][info][gc,cpu         ] GC(64) User=0.16s Sys=0.03s Real=0.10s
[30.675s][info][gc,start       ] GC(65) Pause Young (Allocation Failure)
[30.733s][info][gc,heap        ] GC(65) PSYoungGen: 206720K(256000K)->768K(256512K) Eden: 181248K(181248K)->0K(186368K) From: 25472K(74752K)->768K(70144K)
[30.733s][info][gc,heap        ] GC(65) ParOldGen: 575886K(576000K)->601430K(601600K)
[30.733s][info][gc,metaspace   ] GC(65) Metaspace: 17298K(17472K)->17298K(17472K) NonClass: 15498K(15616K)->15498K(15616K) Class: 1799K(1856K)->1799K(1856K)
[30.733s][info][gc             ] GC(65) Pause Young (Allocation Failure) 764M->588M(838M) 57.956ms
[30.733s][info][gc,cpu         ] GC(65) User=0.09s Sys=0.02s Real=0.06s
[30.949s][info][gc,start       ] GC(66) Pause Young (Allocation Failure)
[30.968s][info][gc,heap        ] GC(66) PSYoungGen: 187136K(256512K)->9504K(256512K) Eden: 186368K(186368K)->0K(186368K) From: 768K(70144K)->9504K(70144K)
[30.968s][info][gc,heap        ] GC(66) ParOldGen: 601430K(601600K)->602182K(602624K)
[30.968s][info][gc,metaspace   ] GC(66) Metaspace: 17298K(17472K)->17298K(17472K) NonClass: 15498K(15616K)->15498K(15616K) Class: 1799K(1856K)->1799K(1856K)
[30.968s][info][gc             ] GC(66) Pause Young (Allocation Failure) 770M->597M(839M) 18.788ms
[30.968s][info][gc,cpu         ] GC(66) User=0.03s Sys=0.00s Real=0.02s
[31.246s][info][gc,start       ] GC(67) Pause Young (Allocation Failure)
[31.305s][info][gc,heap        ] GC(67) PSYoungGen: 195872K(256512K)->46834K(256512K) Eden: 186368K(186368K)->0K(188928K) From: 9504K(70144K)->46834K(67584K)
[31.305s][info][gc,heap        ] GC(67) ParOldGen: 602182K(602624K)->611670K(611840K)
[31.305s][info][gc,metaspace   ] GC(67) Metaspace: 17304K(17472K)->17304K(17472K) NonClass: 15505K(15616K)->15505K(15616K) Class: 1799K(1856K)->1799K(1856K)
[31.305s][info][gc             ] GC(67) Pause Young (Allocation Failure) 779M->643M(848M) 58.837ms
[31.305s][info][gc,cpu         ] GC(67) User=0.11s Sys=0.01s Real=0.06s
[31.598s][info][gc,start       ] GC(68) Pause Full (Allocation Failure)
[31.598s][info][gc,phases,start] GC(68) Marking Phase
[31.971s][info][gc,phases      ] GC(68) Marking Phase 372.874ms
[31.971s][info][gc,phases,start] GC(68) Summary Phase
[31.971s][info][gc,phases      ] GC(68) Summary Phase 0.052ms
[31.971s][info][gc,phases,start] GC(68) Forward
[32.088s][info][gc,phases      ] GC(68) Forward 116.951ms
[32.088s][info][gc,phases,start] GC(68) Adjust Pointers
[32.356s][info][gc,phases      ] GC(68) Adjust Pointers 268.339ms
[32.357s][info][gc,phases,start] GC(68) Compaction Phase
[32.503s][info][gc,phases      ] GC(68) Compaction Phase 146.789ms
[32.510s][info][gc,phases,start] GC(68) Post Compact
[32.513s][info][gc,phases      ] GC(68) Post Compact 2.615ms
[32.513s][info][gc,heap        ] GC(68) PSYoungGen: 235762K(256512K)->0K(261120K) Eden: 188928K(188928K)->0K(188928K) From: 46834K(67584K)->0K(72192K)
[32.513s][info][gc,heap        ] GC(68) ParOldGen: 611670K(611840K)->484368K(649728K)
[32.513s][info][gc,metaspace   ] GC(68) Metaspace: 17307K(17472K)->17307K(17472K) NonClass: 15507K(15616K)->15507K(15616K) Class: 1799K(1856K)->1799K(1856K)
[32.513s][info][gc             ] GC(68) Pause Full (Allocation Failure) 827M->473M(889M) 915.021ms
[32.513s][info][gc,cpu         ] GC(68) User=1.73s Sys=0.00s Real=0.92s
[33.080s][info][gc,start       ] GC(69) Pause Young (Allocation Failure)
[33.125s][info][gc,heap        ] GC(69) PSYoungGen: 188928K(261120K)->22592K(252416K) Eden: 188928K(188928K)->0K(189440K) From: 0K(72192K)->22592K(62976K)
[33.125s][info][gc,heap        ] GC(69) ParOldGen: 484368K(649728K)->484368K(649728K)
[33.125s][info][gc,metaspace   ] GC(69) Metaspace: 17314K(17472K)->17314K(17472K) NonClass: 15515K(15616K)->15515K(15616K) Class: 1799K(1856K)->1799K(1856K)
[33.125s][info][gc             ] GC(69) Pause Young (Allocation Failure) 657M->495M(881M) 45.241ms
[33.125s][info][gc,cpu         ] GC(69) User=0.09s Sys=0.00s Real=0.05s
[33.499s][info][gc,start       ] GC(70) Pause Young (Allocation Failure)
[33.590s][info][gc,heap        ] GC(70) PSYoungGen: 212032K(252416K)->38016K(257024K) Eden: 189440K(189440K)->0K(189440K) From: 22592K(62976K)->38016K(67584K)
[33.590s][info][gc,heap        ] GC(70) ParOldGen: 484368K(649728K)->507008K(649728K)
[33.590s][info][gc,metaspace   ] GC(70) Metaspace: 17314K(17472K)->17314K(17472K) NonClass: 15515K(15616K)->15515K(15616K) Class: 1799K(1856K)->1799K(1856K)
[33.590s][info][gc             ] GC(70) Pause Young (Allocation Failure) 680M->532M(885M) 91.567ms
[33.590s][info][gc,cpu         ] GC(70) User=0.18s Sys=0.00s Real=0.09s
[33.872s][info][gc,start       ] GC(71) Pause Young (Allocation Failure)
[33.919s][info][gc,heap        ] GC(71) PSYoungGen: 227456K(257024K)->4928K(265216K) Eden: 189440K(189440K)->0K(197632K) From: 38016K(67584K)->4928K(67584K)
[33.919s][info][gc,heap        ] GC(71) ParOldGen: 507008K(649728K)->545112K(649728K)
[33.919s][info][gc,metaspace   ] GC(71) Metaspace: 17327K(17472K)->17327K(17472K) NonClass: 15527K(15616K)->15527K(15616K) Class: 1799K(1856K)->1799K(1856K)
[33.919s][info][gc             ] GC(71) Pause Young (Allocation Failure) 717M->537M(893M) 47.560ms
[33.919s][info][gc,cpu         ] GC(71) User=0.10s Sys=0.00s Real=0.05s
[34.272s][info][gc,start       ] GC(72) Pause Young (Allocation Failure)
[34.300s][info][gc,heap        ] GC(72) PSYoungGen: 202560K(265216K)->4352K(265216K) Eden: 197632K(197632K)->0K(197632K) From: 4928K(67584K)->4352K(67584K)
[34.301s][info][gc,heap        ] GC(72) ParOldGen: 545112K(649728K)->550008K(649728K)
[34.301s][info][gc,metaspace   ] GC(72) Metaspace: 17327K(17472K)->17327K(17472K) NonClass: 15528K(15616K)->15528K(15616K) Class: 1799K(1856K)->1799K(1856K)
[34.301s][info][gc             ] GC(72) Pause Young (Allocation Failure) 730M->541M(893M) 29.071ms
[34.301s][info][gc,cpu         ] GC(72) User=0.05s Sys=0.00s Real=0.03s
[34.735s][info][gc,start       ] GC(73) Pause Young (Allocation Failure)
[34.757s][info][gc,heap        ] GC(73) PSYoungGen: 201984K(265216K)->14624K(261120K) Eden: 197632K(197632K)->0K(199680K) From: 4352K(67584K)->14624K(61440K)
[34.757s][info][gc,heap        ] GC(73) ParOldGen: 550008K(649728K)->554352K(649728K)
[34.757s][info][gc,metaspace   ] GC(73) Metaspace: 17327K(17472K)->17327K(17472K) NonClass: 15528K(15616K)->15528K(15616K) Class: 1799K(1856K)->1799K(1856K)
[34.757s][info][gc             ] GC(73) Pause Young (Allocation Failure) 734M->555M(889M) 22.715ms
[34.757s][info][gc,cpu         ] GC(73) User=0.04s Sys=0.00s Real=0.02s
[35.295s][info][gc,start       ] GC(74) Pause Young (Allocation Failure)
[35.336s][info][gc,heap        ] GC(74) PSYoungGen: 214304K(261120K)->14080K(263168K) Eden: 199680K(199680K)->0K(199680K) From: 14624K(61440K)->14080K(63488K)
[35.336s][info][gc,heap        ] GC(74) ParOldGen: 554352K(649728K)->568984K(649728K)
[35.336s][info][gc,metaspace   ] GC(74) Metaspace: 17328K(17472K)->17328K(17472K) NonClass: 15529K(15616K)->15529K(15616K) Class: 1799K(1856K)->1799K(1856K)
[35.336s][info][gc             ] GC(74) Pause Young (Allocation Failure) 750M->569M(891M) 40.733ms
[35.336s][info][gc,cpu         ] GC(74) User=0.08s Sys=0.00s Real=0.04s
[36.098s][info][gc,start       ] GC(75) Pause Young (Allocation Failure)
[36.117s][info][gc,heap        ] GC(75) PSYoungGen: 213760K(263168K)->64K(269824K) Eden: 199680K(199680K)->0K(209408K) From: 14080K(63488K)->64K(60416K)
[36.117s][info][gc,heap        ] GC(75) ParOldGen: 568984K(649728K)->583088K(649728K)
[36.117s][info][gc,metaspace   ] GC(75) Metaspace: 17329K(17472K)->17329K(17472K) NonClass: 15529K(15616K)->15529K(15616K) Class: 1799K(1856K)->1799K(1856K)
[36.117s][info][gc             ] GC(75) Pause Young (Allocation Failure) 764M->569M(898M) 18.706ms
[36.117s][info][gc,cpu         ] GC(75) User=0.03s Sys=0.00s Real=0.02s
[36.698s][info][gc,start       ] GC(76) Pause Young (Allocation Failure)
[36.712s][info][gc,heap        ] GC(76) PSYoungGen: 209472K(269824K)->384K(269312K) Eden: 209408K(209408K)->0K(209408K) From: 64K(60416K)->384K(59904K)
[36.712s][info][gc,heap        ] GC(76) ParOldGen: 583088K(649728K)->583112K(649728K)
[36.712s][info][gc,metaspace   ] GC(76) Metaspace: 17329K(17472K)->17329K(17472K) NonClass: 15529K(15616K)->15529K(15616K) Class: 1799K(1856K)->1799K(1856K)
[36.712s][info][gc             ] GC(76) Pause Young (Allocation Failure) 773M->569M(897M) 13.660ms
[36.712s][info][gc,cpu         ] GC(76) User=0.03s Sys=0.00s Real=0.02s
[37.120s][info][gc,start       ] GC(77) Pause Young (Allocation Failure)
[37.147s][info][gc,heap        ] GC(77) PSYoungGen: 209792K(269312K)->33696K(269312K) Eden: 209408K(209408K)->0K(210944K) From: 384K(59904K)->33696K(58368K)
[37.147s][info][gc,heap        ] GC(77) ParOldGen: 583112K(649728K)->583112K(649728K)
[37.147s][info][gc,metaspace   ] GC(77) Metaspace: 17332K(17472K)->17332K(17472K) NonClass: 15533K(15616K)->15533K(15616K) Class: 1799K(1856K)->1799K(1856K)
[37.147s][info][gc             ] GC(77) Pause Young (Allocation Failure) 774M->602M(897M) 27.176ms
[37.147s][info][gc,cpu         ] GC(77) User=0.05s Sys=0.00s Real=0.03s
[37.588s][info][gc,start       ] GC(78) Pause Young (Allocation Failure)
[37.649s][info][gc,heap        ] GC(78) PSYoungGen: 244640K(269312K)->60912K(271872K) Eden: 210944K(210944K)->0K(210944K) From: 33696K(58368K)->60912K(60928K)
[37.649s][info][gc,heap        ] GC(78) ParOldGen: 583112K(649728K)->601912K(649728K)
[37.649s][info][gc,metaspace   ] GC(78) Metaspace: 17332K(17472K)->17332K(17472K) NonClass: 15533K(15616K)->15533K(15616K) Class: 1799K(1856K)->1799K(1856K)
[37.649s][info][gc             ] GC(78) Pause Young (Allocation Failure) 808M->647M(900M) 60.480ms
[37.649s][info][gc,cpu         ] GC(78) User=0.12s Sys=0.00s Real=0.06s
[38.134s][info][gc,start       ] GC(79) Pause Young (Allocation Failure)
[38.256s][info][gc,heap        ] GC(79) PSYoungGen: 271856K(271872K)->61936K(194048K) Eden: 210944K(210944K)->0K(132096K) From: 60912K(60928K)->61936K(61952K)
[38.256s][info][gc,heap        ] GC(79) ParOldGen: 601912K(649728K)->636777K(649728K)
[38.256s][info][gc,metaspace   ] GC(79) Metaspace: 17333K(17472K)->17333K(17472K) NonClass: 15534K(15616K)->15534K(15616K) Class: 1799K(1856K)->1799K(1856K)
[38.256s][info][gc             ] GC(79) Pause Young (Allocation Failure) 853M->682M(824M) 121.883ms
[38.256s][info][gc,cpu         ] GC(79) User=0.21s Sys=0.03s Real=0.12s
[38.415s][info][gc,start       ] GC(80) Pause Full (Allocation Failure)
[38.415s][info][gc,phases,start] GC(80) Marking Phase
[39.006s][info][gc,phases      ] GC(80) Marking Phase 590.072ms
[39.006s][info][gc,phases,start] GC(80) Summary Phase
[39.006s][info][gc,phases      ] GC(80) Summary Phase 0.033ms
[39.006s][info][gc,phases,start] GC(80) Forward
[39.157s][info][gc,phases      ] GC(80) Forward 151.606ms
[39.157s][info][gc,phases,start] GC(80) Adjust Pointers
[39.625s][info][gc,phases      ] GC(80) Adjust Pointers 467.593ms
[39.625s][info][gc,phases,start] GC(80) Compaction Phase
[39.919s][info][gc,phases      ] GC(80) Compaction Phase 293.668ms
[39.931s][info][gc,phases,start] GC(80) Post Compact
[39.933s][info][gc,phases      ] GC(80) Post Compact 2.690ms
[39.933s][info][gc,heap        ] GC(80) PSYoungGen: 194032K(194048K)->19931K(194048K) Eden: 132096K(132096K)->0K(132096K) From: 61936K(61952K)->19931K(61952K)
[39.933s][info][gc,heap        ] GC(80) ParOldGen: 636777K(649728K)->649330K(667648K)
[39.933s][info][gc,metaspace   ] GC(80) Metaspace: 17333K(17472K)->17333K(17472K) NonClass: 15534K(15616K)->15534K(15616K) Class: 1799K(1856K)->1799K(1856K)
[39.933s][info][gc             ] GC(80) Pause Full (Allocation Failure) 811M->653M(841M) 1517.961ms
[39.933s][info][gc,cpu         ] GC(80) User=2.94s Sys=0.02s Real=1.52s
[40.089s][info][gc,start       ] GC(81) Pause Full (Allocation Failure)
[40.089s][info][gc,phases,start] GC(81) Marking Phase
[40.659s][info][gc,phases      ] GC(81) Marking Phase 570.002ms
[40.659s][info][gc,phases,start] GC(81) Summary Phase
[40.659s][info][gc,phases      ] GC(81) Summary Phase 0.027ms
[40.659s][info][gc,phases,start] GC(81) Forward
[40.683s][info][gc,phases      ] GC(81) Forward 24.133ms
[40.683s][info][gc,phases,start] GC(81) Adjust Pointers
[41.067s][info][gc,phases      ] GC(81) Adjust Pointers 384.094ms
[41.067s][info][gc,phases,start] GC(81) Compaction Phase
[41.225s][info][gc,phases      ] GC(81) Compaction Phase 157.318ms
[41.227s][info][gc,phases,start] GC(81) Post Compact
[41.230s][info][gc,phases      ] GC(81) Post Compact 2.447ms
[41.230s][info][gc,heap        ] GC(81) PSYoungGen: 152027K(194048K)->6107K(194048K) Eden: 132096K(132096K)->0K(132096K) From: 19931K(61952K)->6107K(61952K)
[41.230s][info][gc,heap        ] GC(81) ParOldGen: 649330K(667648K)->667386K(667648K)
[41.230s][info][gc,metaspace   ] GC(81) Metaspace: 17333K(17472K)->17333K(17472K) NonClass: 15534K(15616K)->15534K(15616K) Class: 1799K(1856K)->1799K(1856K)
[41.230s][info][gc             ] GC(81) Pause Full (Allocation Failure) 782M->657M(841M) 1140.802ms
[41.230s][info][gc,cpu         ] GC(81) User=2.22s Sys=0.01s Real=1.14s
[41.414s][info][gc,start       ] GC(82) Pause Full (Allocation Failure)
[41.414s][info][gc,phases,start] GC(82) Marking Phase
[41.833s][info][gc,phases      ] GC(82) Marking Phase 419.523ms
[41.833s][info][gc,phases,start] GC(82) Summary Phase
[41.834s][info][gc,phases      ] GC(82) Summary Phase 0.054ms
[41.834s][info][gc,phases,start] GC(82) Forward
[41.956s][info][gc,phases      ] GC(82) Forward 122.136ms
[41.956s][info][gc,phases,start] GC(82) Adjust Pointers
[42.322s][info][gc,phases      ] GC(82) Adjust Pointers 366.427ms
[42.322s][info][gc,phases,start] GC(82) Compaction Phase
[42.488s][info][gc,phases      ] GC(82) Compaction Phase 165.986ms
[42.498s][info][gc,phases,start] GC(82) Post Compact
[42.501s][info][gc,phases      ] GC(82) Post Compact 2.542ms
[42.501s][info][gc,heap        ] GC(82) PSYoungGen: 138203K(194048K)->0K(232960K) Eden: 132096K(132096K)->0K(132096K) From: 6107K(61952K)->0K(100864K)
[42.501s][info][gc,heap        ] GC(82) ParOldGen: 667386K(667648K)->542001K(667648K)
[42.501s][info][gc,metaspace   ] GC(82) Metaspace: 17333K(17472K)->17333K(17472K) NonClass: 15534K(15616K)->15534K(15616K) Class: 1799K(1856K)->1799K(1856K)
[42.501s][info][gc             ] GC(82) Pause Full (Allocation Failure) 786M->529M(879M) 1087.271ms
[42.501s][info][gc,cpu         ] GC(82) User=2.10s Sys=0.01s Real=1.08s
[42.704s][info][gc,start       ] GC(83) Pause Young (Allocation Failure)
[42.718s][info][gc,heap        ] GC(83) PSYoungGen: 132096K(232960K)->4512K(227840K) Eden: 132096K(132096K)->0K(132096K) From: 0K(100864K)->4512K(95744K)
[42.718s][info][gc,heap        ] GC(83) ParOldGen: 542001K(667648K)->542001K(667648K)
[42.718s][info][gc,metaspace   ] GC(83) Metaspace: 17334K(17472K)->17334K(17472K) NonClass: 15535K(15616K)->15535K(15616K) Class: 1799K(1856K)->1799K(1856K)
[42.719s][info][gc             ] GC(83) Pause Young (Allocation Failure) 658M->533M(874M) 14.388ms
[42.719s][info][gc,cpu         ] GC(83) User=0.03s Sys=0.00s Real=0.01s
[42.907s][info][gc,start       ] GC(84) Pause Young (Allocation Failure)
[42.918s][info][gc,heap        ] GC(84) PSYoungGen: 136608K(227840K)->6699K(230400K) Eden: 132096K(132096K)->0K(132096K) From: 4512K(95744K)->6699K(98304K)
[42.918s][info][gc,heap        ] GC(84) ParOldGen: 542001K(667648K)->542001K(667648K)
[42.918s][info][gc,metaspace   ] GC(84) Metaspace: 17334K(17472K)->17334K(17472K) NonClass: 15535K(15616K)->15535K(15616K) Class: 1799K(1856K)->1799K(1856K)
[42.919s][info][gc             ] GC(84) Pause Young (Allocation Failure) 662M->535M(877M) 11.862ms
[42.919s][info][gc,cpu         ] GC(84) User=0.02s Sys=0.00s Real=0.01s
[43.196s][info][gc,start       ] GC(85) Pause Young (Allocation Failure)
[43.232s][info][gc,heap        ] GC(85) PSYoungGen: 138795K(230400K)->32652K(223232K) Eden: 132096K(132096K)->0K(136704K) From: 6699K(98304K)->32652K(86528K)
[43.232s][info][gc,heap        ] GC(85) ParOldGen: 542001K(667648K)->542001K(667648K)
[43.232s][info][gc,metaspace   ] GC(85) Metaspace: 17351K(17536K)->17351K(17536K) NonClass: 15550K(15680K)->15550K(15680K) Class: 1800K(1856K)->1800K(1856K)
[43.232s][info][gc             ] GC(85) Pause Young (Allocation Failure) 664M->561M(870M) 35.957ms
[43.232s][info][gc,cpu         ] GC(85) User=0.07s Sys=0.00s Real=0.03s
[43.476s][info][gc,start       ] GC(86) Pause Young (Allocation Failure)
[43.540s][info][gc,heap        ] GC(86) PSYoungGen: 169356K(223232K)->53532K(227328K) Eden: 136704K(136704K)->0K(136704K) From: 32652K(86528K)->53532K(90624K)
[43.540s][info][gc,heap        ] GC(86) ParOldGen: 542001K(667648K)->542009K(667648K)
[43.540s][info][gc,metaspace   ] GC(86) Metaspace: 17375K(17536K)->17375K(17536K) NonClass: 15573K(15680K)->15573K(15680K) Class: 1801K(1856K)->1801K(1856K)
[43.540s][info][gc             ] GC(86) Pause Young (Allocation Failure) 694M->581M(874M) 64.090ms
[43.540s][info][gc,cpu         ] GC(86) User=0.12s Sys=0.01s Real=0.06s
[43.828s][info][gc,start       ] GC(87) Pause Young (Allocation Failure)
[43.904s][info][gc,heap        ] GC(87) PSYoungGen: 190236K(227328K)->63596K(227328K) Eden: 136704K(136704K)->0K(133120K) From: 53532K(90624K)->63596K(94208K)
[43.904s][info][gc,heap        ] GC(87) ParOldGen: 542009K(667648K)->542009K(667648K)
[43.904s][info][gc,metaspace   ] GC(87) Metaspace: 17385K(17536K)->17385K(17536K) NonClass: 15583K(15680K)->15583K(15680K) Class: 1801K(1856K)->1801K(1856K)
[43.904s][info][gc             ] GC(87) Pause Young (Allocation Failure) 715M->591M(874M) 76.159ms
[43.904s][info][gc,cpu         ] GC(87) User=0.15s Sys=0.00s Real=0.08s
[44.377s][info][gc,start       ] GC(88) Pause Young (Allocation Failure)
[44.449s][info][gc,heap        ] GC(88) PSYoungGen: 196716K(227328K)->70155K(203776K) Eden: 133120K(133120K)->0K(133120K) From: 63596K(94208K)->70155K(70656K)
[44.449s][info][gc,heap        ] GC(88) ParOldGen: 542009K(667648K)->542009K(667648K)
[44.449s][info][gc,metaspace   ] GC(88) Metaspace: 17416K(17600K)->17416K(17600K) NonClass: 15611K(15744K)->15611K(15744K) Class: 1805K(1856K)->1805K(1856K)
[44.449s][info][gc             ] GC(88) Pause Young (Allocation Failure) 721M->597M(851M) 72.632ms
[44.449s][info][gc,cpu         ] GC(88) User=0.14s Sys=0.00s Real=0.07s
[44.698s][info][gc,start       ] GC(89) Pause Young (Allocation Failure)
[44.790s][info][gc,heap        ] GC(89) PSYoungGen: 203275K(203776K)->74636K(218624K) Eden: 133120K(133120K)->0K(111616K) From: 70155K(70656K)->74636K(107008K)
[44.790s][info][gc,heap        ] GC(89) ParOldGen: 542009K(667648K)->542009K(667648K)
[44.790s][info][gc,metaspace   ] GC(89) Metaspace: 17424K(17600K)->17424K(17600K) NonClass: 15619K(15744K)->15619K(15744K) Class: 1805K(1856K)->1805K(1856K)
[44.790s][info][gc             ] GC(89) Pause Young (Allocation Failure) 727M->602M(865M) 91.912ms
[44.790s][info][gc,cpu         ] GC(89) User=0.18s Sys=0.00s Real=0.09s
[45.293s][info][gc,start       ] GC(90) Pause Young (Allocation Failure)
[45.384s][info][gc,heap        ] GC(90) PSYoungGen: 186252K(218624K)->71296K(222720K) Eden: 111616K(111616K)->0K(111616K) From: 74636K(107008K)->71296K(111104K)
[45.384s][info][gc,heap        ] GC(90) ParOldGen: 542009K(667648K)->548693K(667648K)
[45.384s][info][gc,metaspace   ] GC(90) Metaspace: 17453K(17600K)->17453K(17600K) NonClass: 15648K(15744K)->15648K(15744K) Class: 1805K(1856K)->1805K(1856K)
[45.384s][info][gc             ] GC(90) Pause Young (Allocation Failure) 711M->605M(869M) 91.179ms
[45.384s][info][gc,cpu         ] GC(90) User=0.18s Sys=0.00s Real=0.09s
[45.819s][info][gc,start       ] GC(91) Pause Young (Allocation Failure)
[45.899s][info][gc,heap        ] GC(91) PSYoungGen: 182912K(222720K)->39984K(222720K) Eden: 111616K(111616K)->0K(111616K) From: 71296K(111104K)->39984K(111104K)
[45.899s][info][gc,heap        ] GC(91) ParOldGen: 548693K(667648K)->580293K(667648K)
[45.899s][info][gc,metaspace   ] GC(91) Metaspace: 17456K(17600K)->17456K(17600K) NonClass: 15651K(15744K)->15651K(15744K) Class: 1805K(1856K)->1805K(1856K)
[45.899s][info][gc             ] GC(91) Pause Young (Allocation Failure) 714M->605M(869M) 79.416ms
[45.899s][info][gc,cpu         ] GC(91) User=0.16s Sys=0.00s Real=0.08s
[46.114s][info][gc,start       ] GC(92) Pause Young (Allocation Failure)
[46.179s][info][gc,heap        ] GC(92) PSYoungGen: 151600K(222720K)->53568K(165376K) Eden: 111616K(111616K)->0K(111616K) From: 39984K(111104K)->53568K(53760K)
[46.179s][info][gc,heap        ] GC(92) ParOldGen: 580293K(667648K)->580293K(667648K)
[46.179s][info][gc,metaspace   ] GC(92) Metaspace: 17460K(17600K)->17460K(17600K) NonClass: 15655K(15744K)->15655K(15744K) Class: 1805K(1856K)->1805K(1856K)
[46.179s][info][gc             ] GC(92) Pause Young (Allocation Failure) 714M->619M(813M) 65.085ms
[46.179s][info][gc,cpu         ] GC(92) User=0.13s Sys=0.00s Real=0.06s
[46.401s][info][gc,start       ] GC(93) Pause Young (Allocation Failure)
[46.461s][info][gc,heap        ] GC(93) PSYoungGen: 165184K(165376K)->56576K(222208K) Eden: 111616K(111616K)->0K(113664K) From: 53568K(53760K)->56576K(108544K)
[46.461s][info][gc,heap        ] GC(93) ParOldGen: 580293K(667648K)->580293K(667648K)
[46.461s][info][gc,metaspace   ] GC(93) Metaspace: 17461K(17600K)->17461K(17600K) NonClass: 15656K(15744K)->15656K(15744K) Class: 1805K(1856K)->1805K(1856K)
[46.461s][info][gc             ] GC(93) Pause Young (Allocation Failure) 728M->621M(869M) 60.118ms
[46.461s][info][gc,cpu         ] GC(93) User=0.12s Sys=0.00s Real=0.06s
[46.610s][info][gc,start       ] GC(94) Pause Young (Allocation Failure)
[46.656s][info][gc,heap        ] GC(94) PSYoungGen: 170240K(222208K)->48960K(220160K) Eden: 113664K(113664K)->0K(113664K) From: 56576K(108544K)->48960K(106496K)
[46.656s][info][gc,heap        ] GC(94) ParOldGen: 580293K(667648K)->580293K(667648K)
[46.656s][info][gc,metaspace   ] GC(94) Metaspace: 17461K(17600K)->17461K(17600K) NonClass: 15656K(15744K)->15656K(15744K) Class: 1805K(1856K)->1805K(1856K)
[46.656s][info][gc             ] GC(94) Pause Young (Allocation Failure) 732M->614M(867M) 45.506ms
[46.656s][info][gc,cpu         ] GC(94) User=0.09s Sys=0.00s Real=0.05s
[46.769s][info][gc,start       ] GC(95) Pause Young (Allocation Failure)
[46.842s][info][gc,heap        ] GC(95) PSYoungGen: 162624K(220160K)->90384K(211456K) Eden: 113664K(113664K)->0K(109568K) From: 48960K(106496K)->90384K(101888K)
[46.842s][info][gc,heap        ] GC(95) ParOldGen: 580293K(667648K)->580293K(667648K)
[46.842s][info][gc,metaspace   ] GC(95) Metaspace: 17461K(17600K)->17461K(17600K) NonClass: 15656K(15744K)->15656K(15744K) Class: 1805K(1856K)->1805K(1856K)
[46.842s][info][gc             ] GC(95) Pause Young (Allocation Failure) 725M->654M(858M) 73.096ms
[46.842s][info][gc,cpu         ] GC(95) User=0.15s Sys=0.00s Real=0.08s
[47.242s][info][gc,start       ] GC(96) Pause Young (Allocation Failure)
[47.316s][info][gc,heap        ] GC(96) PSYoungGen: 199952K(211456K)->94592K(220672K) Eden: 109568K(109568K)->0K(109568K) From: 90384K(101888K)->94592K(111104K)
[47.316s][info][gc,heap        ] GC(96) ParOldGen: 580293K(667648K)->580541K(667648K)
[47.316s][info][gc,metaspace   ] GC(96) Metaspace: 17461K(17600K)->17461K(17600K) NonClass: 15656K(15744K)->15656K(15744K) Class: 1805K(1856K)->1805K(1856K)
[47.316s][info][gc             ] GC(96) Pause Young (Allocation Failure) 761M->659M(867M) 74.587ms
[47.316s][info][gc,cpu         ] GC(96) User=0.14s Sys=0.00s Real=0.08s
[47.634s][info][gc,start       ] GC(97) Pause Young (Allocation Failure)
[47.702s][info][gc,heap        ] GC(97) PSYoungGen: 204160K(220672K)->83968K(222720K) Eden: 109568K(109568K)->0K(111616K) From: 94592K(111104K)->83968K(111104K)
[47.702s][info][gc,heap        ] GC(97) ParOldGen: 580541K(667648K)->580757K(667648K)
[47.702s][info][gc,metaspace   ] GC(97) Metaspace: 17463K(17600K)->17463K(17600K) NonClass: 15658K(15744K)->15658K(15744K) Class: 1805K(1856K)->1805K(1856K)
[47.702s][info][gc             ] GC(97) Pause Young (Allocation Failure) 766M->649M(869M) 67.817ms
[47.702s][info][gc,cpu         ] GC(97) User=0.13s Sys=0.01s Real=0.07s
[47.866s][info][gc,start       ] GC(98) Pause Young (Allocation Failure)
[47.983s][info][gc,heap        ] GC(98) PSYoungGen: 195584K(222720K)->111088K(222720K) Eden: 111616K(111616K)->0K(111616K) From: 83968K(111104K)->111088K(111104K)
[47.983s][info][gc,heap        ] GC(98) ParOldGen: 580757K(667648K)->586741K(667648K)
[47.983s][info][gc,metaspace   ] GC(98) Metaspace: 17463K(17600K)->17463K(17600K) NonClass: 15658K(15744K)->15658K(15744K) Class: 1805K(1856K)->1805K(1856K)
[47.983s][info][gc             ] GC(98) Pause Young (Allocation Failure) 758M->681M(869M) 117.439ms
[47.983s][info][gc,cpu         ] GC(98) User=0.23s Sys=0.00s Real=0.12s
[48.130s][info][gc,start       ] GC(99) Pause Young (Allocation Failure)
[48.269s][info][gc,heap        ] GC(99) PSYoungGen: 222704K(222720K)->98224K(222720K) Eden: 111616K(111616K)->0K(111616K) From: 111088K(111104K)->98224K(111104K)
[48.269s][info][gc,heap        ] GC(99) ParOldGen: 586741K(667648K)->619582K(667648K)
[48.269s][info][gc,metaspace   ] GC(99) Metaspace: 17463K(17600K)->17463K(17600K) NonClass: 15658K(15744K)->15658K(15744K) Class: 1805K(1856K)->1805K(1856K)
[48.269s][info][gc             ] GC(99) Pause Young (Allocation Failure) 790M->700M(869M) 138.921ms
[48.269s][info][gc,cpu         ] GC(99) User=0.27s Sys=0.00s Real=0.14s
[48.379s][info][gc,start       ] GC(100) Pause Young (Allocation Failure)
[48.496s][info][gc,heap        ] GC(100) PSYoungGen: 209840K(222720K)->56576K(222720K) Eden: 111616K(111616K)->0K(111616K) From: 98224K(111104K)->56576K(111104K)
[48.496s][info][gc,heap        ] GC(100) ParOldGen: 619582K(667648K)->666054K(667648K)
[48.496s][info][gc,metaspace   ] GC(100) Metaspace: 17463K(17600K)->17463K(17600K) NonClass: 15658K(15744K)->15658K(15744K) Class: 1805K(1856K)->1805K(1856K)
[48.496s][info][gc             ] GC(100) Pause Young (Allocation Failure) 809M->705M(869M) 117.085ms
[48.496s][info][gc,cpu         ] GC(100) User=0.24s Sys=0.00s Real=0.12s
[48.608s][info][gc,start       ] GC(101) Pause Full (Allocation Failure)
[48.608s][info][gc,phases,start] GC(101) Marking Phase
[49.005s][info][gc,phases      ] GC(101) Marking Phase 396.685ms
[49.005s][info][gc,phases,start] GC(101) Summary Phase
[49.005s][info][gc,phases      ] GC(101) Summary Phase 0.033ms
[49.005s][info][gc,phases,start] GC(101) Forward
[49.103s][info][gc,phases      ] GC(101) Forward 98.342ms
[49.103s][info][gc,phases,start] GC(101) Adjust Pointers
[49.404s][info][gc,phases      ] GC(101) Adjust Pointers 300.502ms
[49.404s][info][gc,phases,start] GC(101) Compaction Phase
[49.554s][info][gc,phases      ] GC(101) Compaction Phase 150.557ms
[49.564s][info][gc,phases,start] GC(101) Post Compact
[49.566s][info][gc,phases      ] GC(101) Post Compact 2.534ms
[49.566s][info][gc,heap        ] GC(101) PSYoungGen: 168192K(222720K)->0K(222720K) Eden: 111616K(111616K)->0K(111616K) From: 56576K(111104K)->0K(111104K)
[49.567s][info][gc,heap        ] GC(101) ParOldGen: 666054K(667648K)->542965K(667648K)
[49.567s][info][gc,metaspace   ] GC(101) Metaspace: 17463K(17600K)->17463K(17600K) NonClass: 15658K(15744K)->15658K(15744K) Class: 1805K(1856K)->1805K(1856K)
[49.567s][info][gc             ] GC(101) Pause Full (Allocation Failure) 814M->530M(869M) 958.563ms
[49.567s][info][gc,cpu         ] GC(101) User=1.81s Sys=0.00s Real=0.96s
[49.680s][info][gc,start       ] GC(102) Pause Young (Allocation Failure)
[49.691s][info][gc,heap        ] GC(102) PSYoungGen: 111616K(222720K)->3392K(222720K) Eden: 111616K(111616K)->0K(111616K) From: 0K(111104K)->3392K(111104K)
[49.691s][info][gc,heap        ] GC(102) ParOldGen: 542965K(667648K)->542965K(667648K)
[49.691s][info][gc,metaspace   ] GC(102) Metaspace: 17463K(17600K)->17463K(17600K) NonClass: 15658K(15744K)->15658K(15744K) Class: 1805K(1856K)->1805K(1856K)
[49.691s][info][gc             ] GC(102) Pause Young (Allocation Failure) 639M->533M(869M) 11.325ms
[49.691s][info][gc,cpu         ] GC(102) User=0.02s Sys=0.00s Real=0.01s
[49.826s][info][gc,start       ] GC(103) Pause Young (Allocation Failure)
[49.844s][info][gc,heap        ] GC(103) PSYoungGen: 115008K(222720K)->4480K(222720K) Eden: 111616K(111616K)->0K(111616K) From: 3392K(111104K)->4480K(111104K)
[49.844s][info][gc,heap        ] GC(103) ParOldGen: 542965K(667648K)->542965K(667648K)
[49.844s][info][gc,metaspace   ] GC(103) Metaspace: 17463K(17600K)->17463K(17600K) NonClass: 15658K(15744K)->15658K(15744K) Class: 1805K(1856K)->1805K(1856K)
[49.844s][info][gc             ] GC(103) Pause Young (Allocation Failure) 642M->534M(869M) 17.771ms
[49.844s][info][gc,cpu         ] GC(103) User=0.03s Sys=0.00s Real=0.02s
[50.071s][info][gc,start       ] GC(104) Pause Young (Allocation Failure)
[50.095s][info][gc,heap        ] GC(104) PSYoungGen: 116096K(222720K)->10864K(222720K) Eden: 111616K(111616K)->0K(111616K) From: 4480K(111104K)->10864K(111104K)
[50.095s][info][gc,heap        ] GC(104) ParOldGen: 542965K(667648K)->547445K(667648K)
[50.095s][info][gc,metaspace   ] GC(104) Metaspace: 17463K(17600K)->17463K(17600K) NonClass: 15658K(15744K)->15658K(15744K) Class: 1805K(1856K)->1805K(1856K)
[50.095s][info][gc             ] GC(104) Pause Young (Allocation Failure) 643M->545M(869M) 24.456ms
[50.095s][info][gc,cpu         ] GC(104) User=0.05s Sys=0.00s Real=0.03s
[50.291s][info][gc,start       ] GC(105) Pause Young (Allocation Failure)
[50.333s][info][gc,heap        ] GC(105) PSYoungGen: 122480K(222720K)->18528K(222720K) Eden: 111616K(111616K)->0K(111616K) From: 10864K(111104K)->18528K(111104K)
[50.333s][info][gc,heap        ] GC(105) ParOldGen: 547445K(667648K)->558317K(667648K)
[50.333s][info][gc,metaspace   ] GC(105) Metaspace: 17463K(17600K)->17463K(17600K) NonClass: 15658K(15744K)->15658K(15744K) Class: 1805K(1856K)->1805K(1856K)
[50.333s][info][gc             ] GC(105) Pause Young (Allocation Failure) 654M->563M(869M) 42.223ms
[50.333s][info][gc,cpu         ] GC(105) User=0.08s Sys=0.00s Real=0.05s
[50.524s][info][gc,start       ] GC(106) Pause Young (Allocation Failure)
[50.589s][info][gc,heap        ] GC(106) PSYoungGen: 130144K(222720K)->36512K(222720K) Eden: 111616K(111616K)->0K(111616K) From: 18528K(111104K)->36512K(111104K)
[50.589s][info][gc,heap        ] GC(106) ParOldGen: 558317K(667648K)->576878K(667648K)
[50.589s][info][gc,metaspace   ] GC(106) Metaspace: 17463K(17600K)->17463K(17600K) NonClass: 15658K(15744K)->15658K(15744K) Class: 1805K(1856K)->1805K(1856K)
[50.589s][info][gc             ] GC(106) Pause Young (Allocation Failure) 672M->599M(869M) 65.112ms
[50.589s][info][gc,cpu         ] GC(106) User=0.13s Sys=0.00s Real=0.06s
[50.972s][info][gc,start       ] GC(107) Pause Young (Allocation Failure)
[51.028s][info][gc,heap        ] GC(107) PSYoungGen: 148128K(222720K)->7168K(222720K) Eden: 111616K(111616K)->0K(111616K) From: 36512K(111104K)->7168K(111104K)
[51.028s][info][gc,heap        ] GC(107) ParOldGen: 576878K(667648K)->613811K(667648K)
[51.028s][info][gc,metaspace   ] GC(107) Metaspace: 17464K(17600K)->17464K(17600K) NonClass: 15659K(15744K)->15659K(15744K) Class: 1805K(1856K)->1805K(1856K)
[51.028s][info][gc             ] GC(107) Pause Young (Allocation Failure) 708M->606M(869M) 55.830ms
[51.028s][info][gc,cpu         ] GC(107) User=0.10s Sys=0.00s Real=0.06s
[51.246s][info][gc,start       ] GC(108) Pause Young (Allocation Failure)
[51.273s][info][gc,heap        ] GC(108) PSYoungGen: 118784K(222720K)->10880K(222720K) Eden: 111616K(111616K)->0K(111616K) From: 7168K(111104K)->10880K(111104K)
[51.273s][info][gc,heap        ] GC(108) ParOldGen: 613811K(667648K)->621035K(667648K)
[51.273s][info][gc,metaspace   ] GC(108) Metaspace: 17464K(17600K)->17464K(17600K) NonClass: 15659K(15744K)->15659K(15744K) Class: 1805K(1856K)->1805K(1856K)
[51.273s][info][gc             ] GC(108) Pause Young (Allocation Failure) 715M->617M(869M) 27.586ms
[51.273s][info][gc,cpu         ] GC(108) User=0.05s Sys=0.00s Real=0.03s
[51.487s][info][gc,start       ] GC(109) Pause Full (Allocation Failure)
[51.487s][info][gc,phases,start] GC(109) Marking Phase
[51.823s][info][gc,phases      ] GC(109) Marking Phase 335.195ms
[51.823s][info][gc,phases,start] GC(109) Summary Phase
[51.823s][info][gc,phases      ] GC(109) Summary Phase 0.029ms
[51.823s][info][gc,phases,start] GC(109) Forward
[51.941s][info][gc,phases      ] GC(109) Forward 118.606ms
[51.941s][info][gc,phases,start] GC(109) Adjust Pointers
[52.222s][info][gc,phases      ] GC(109) Adjust Pointers 280.249ms
[52.222s][info][gc,phases,start] GC(109) Compaction Phase
[52.390s][info][gc,phases      ] GC(109) Compaction Phase 168.293ms
[52.398s][info][gc,phases,start] GC(109) Post Compact
[52.401s][info][gc,phases      ] GC(109) Post Compact 2.348ms
[52.401s][info][gc,heap        ] GC(109) PSYoungGen: 122496K(222720K)->0K(222720K) Eden: 111616K(111616K)->0K(111616K) From: 10880K(111104K)->0K(111104K)
[52.401s][info][gc,heap        ] GC(109) ParOldGen: 621035K(667648K)->459196K(667648K)
[52.401s][info][gc,metaspace   ] GC(109) Metaspace: 17466K(17600K)->17466K(17600K) NonClass: 15660K(15744K)->15660K(15744K) Class: 1805K(1856K)->1805K(1856K)
[52.401s][info][gc             ] GC(109) Pause Full (Allocation Failure) 726M->448M(869M) 913.674ms
[52.401s][info][gc,cpu         ] GC(109) User=1.72s Sys=0.00s Real=0.91s
[52.549s][info][gc,start       ] GC(110) Pause Young (Allocation Failure)
[52.577s][info][gc,heap        ] GC(110) PSYoungGen: 111616K(222720K)->19776K(222720K) Eden: 111616K(111616K)->0K(111616K) From: 0K(111104K)->19776K(111104K)
[52.577s][info][gc,heap        ] GC(110) ParOldGen: 459196K(667648K)->459196K(667648K)
[52.577s][info][gc,metaspace   ] GC(110) Metaspace: 17466K(17600K)->17466K(17600K) NonClass: 15660K(15744K)->15660K(15744K) Class: 1805K(1856K)->1805K(1856K)
[52.577s][info][gc             ] GC(110) Pause Young (Allocation Failure) 557M->467M(869M) 27.612ms
[52.577s][info][gc,cpu         ] GC(110) User=0.06s Sys=0.00s Real=0.03s
[52.691s][info][gc,start       ] GC(111) Pause Young (Allocation Failure)
[52.719s][info][gc,heap        ] GC(111) PSYoungGen: 131392K(222720K)->1088K(222720K) Eden: 111616K(111616K)->0K(111616K) From: 19776K(111104K)->1088K(111104K)
[52.719s][info][gc,heap        ] GC(111) ParOldGen: 459196K(667648K)->479012K(667648K)
[52.719s][info][gc,metaspace   ] GC(111) Metaspace: 17466K(17600K)->17466K(17600K) NonClass: 15660K(15744K)->15660K(15744K) Class: 1805K(1856K)->1805K(1856K)
[52.719s][info][gc             ] GC(111) Pause Young (Allocation Failure) 576M->468M(869M) 27.901ms
[52.719s][info][gc,cpu         ] GC(111) User=0.06s Sys=0.00s Real=0.03s
[52.914s][info][gc,start       ] GC(112) Pause Young (Allocation Failure)
[52.926s][info][gc,heap        ] GC(112) PSYoungGen: 112704K(222720K)->3968K(222720K) Eden: 111616K(111616K)->0K(111616K) From: 1088K(111104K)->3968K(111104K)
[52.926s][info][gc,heap        ] GC(112) ParOldGen: 479012K(667648K)->480068K(667648K)
[52.926s][info][gc,metaspace   ] GC(112) Metaspace: 17466K(17600K)->17466K(17600K) NonClass: 15660K(15744K)->15660K(15744K) Class: 1805K(1856K)->1805K(1856K)
[52.926s][info][gc             ] GC(112) Pause Young (Allocation Failure) 577M->472M(869M) 11.563ms
[52.926s][info][gc,cpu         ] GC(112) User=0.02s Sys=0.00s Real=0.01s
[53.153s][info][gc,start       ] GC(113) Pause Young (Allocation Failure)
[53.180s][info][gc,heap        ] GC(113) PSYoungGen: 115584K(222720K)->13728K(219648K) Eden: 111616K(111616K)->0K(111616K) From: 3968K(111104K)->13728K(108032K)
[53.180s][info][gc,heap        ] GC(113) ParOldGen: 480068K(667648K)->484020K(667648K)
[53.180s][info][gc,metaspace   ] GC(113) Metaspace: 17466K(17600K)->17466K(17600K) NonClass: 15660K(15744K)->15660K(15744K) Class: 1805K(1856K)->1805K(1856K)
[53.181s][info][gc             ] GC(113) Pause Young (Allocation Failure) 581M->486M(866M) 27.746ms
[53.181s][info][gc,cpu         ] GC(113) User=0.05s Sys=0.00s Real=0.02s
[53.553s][info][gc,start       ] GC(114) Pause Young (Allocation Failure)
[53.569s][info][gc,heap        ] GC(114) PSYoungGen: 125344K(219648K)->13792K(125440K) Eden: 111616K(111616K)->0K(111616K) From: 13728K(108032K)->13792K(13824K)
[53.569s][info][gc,heap        ] GC(114) ParOldGen: 484020K(667648K)->484020K(667648K)
[53.569s][info][gc,metaspace   ] GC(114) Metaspace: 17467K(17600K)->17467K(17600K) NonClass: 15661K(15744K)->15661K(15744K) Class: 1805K(1856K)->1805K(1856K)
[53.569s][info][gc             ] GC(114) Pause Young (Allocation Failure) 595M->486M(774M) 15.750ms
[53.569s][info][gc,cpu         ] GC(114) User=0.03s Sys=0.00s Real=0.01s
[53.882s][info][gc,start       ] GC(115) Pause Young (Allocation Failure)
[53.902s][info][gc,heap        ] GC(115) PSYoungGen: 125408K(125440K)->13792K(208896K) Eden: 111616K(111616K)->0K(116224K) From: 13792K(13824K)->13792K(92672K)
[53.902s][info][gc,heap        ] GC(115) ParOldGen: 484020K(667648K)->484020K(667648K)
[53.902s][info][gc,metaspace   ] GC(115) Metaspace: 17467K(17600K)->17467K(17600K) NonClass: 15661K(15744K)->15661K(15744K) Class: 1805K(1856K)->1805K(1856K)
[53.902s][info][gc             ] GC(115) Pause Young (Allocation Failure) 595M->486M(856M) 20.619ms
[53.902s][info][gc,cpu         ] GC(115) User=0.04s Sys=0.00s Real=0.03s
[54.215s][info][gc,start       ] GC(116) Pause Young (Allocation Failure)
[54.237s][info][gc,heap        ] GC(116) PSYoungGen: 130016K(208896K)->13792K(130048K) Eden: 116224K(116224K)->0K(116224K) From: 13792K(92672K)->13792K(13824K)
[54.237s][info][gc,heap        ] GC(116) ParOldGen: 484020K(667648K)->484020K(667648K)
[54.237s][info][gc,metaspace   ] GC(116) Metaspace: 17467K(17600K)->17467K(17600K) NonClass: 15661K(15744K)->15661K(15744K) Class: 1805K(1856K)->1805K(1856K)
[54.237s][info][gc             ] GC(116) Pause Young (Allocation Failure) 599M->486M(779M) 22.307ms
[54.237s][info][gc,cpu         ] GC(116) User=0.04s Sys=0.00s Real=0.02s
[54.544s][info][gc,start       ] GC(117) Pause Young (Allocation Failure)
[54.567s][info][gc,heap        ] GC(117) PSYoungGen: 130016K(130048K)->13888K(204800K) Eden: 116224K(116224K)->0K(120832K) From: 13792K(13824K)->13888K(83968K)
[54.567s][info][gc,heap        ] GC(117) ParOldGen: 484020K(667648K)->484020K(667648K)
[54.567s][info][gc,metaspace   ] GC(117) Metaspace: 17467K(17600K)->17467K(17600K) NonClass: 15662K(15744K)->15662K(15744K) Class: 1805K(1856K)->1805K(1856K)
[54.567s][info][gc             ] GC(117) Pause Young (Allocation Failure) 599M->486M(852M) 22.244ms
[54.567s][info][gc,cpu         ] GC(117) User=0.05s Sys=0.00s Real=0.02s
[54.708s][info][gc,start       ] GC(118) Pause Young (Allocation Failure)
[54.746s][info][gc,heap        ] GC(118) PSYoungGen: 134720K(204800K)->39856K(209408K) Eden: 120832K(120832K)->0K(120832K) From: 13888K(83968K)->39856K(88576K)
[54.746s][info][gc,heap        ] GC(118) ParOldGen: 484020K(667648K)->484020K(667648K)
[54.746s][info][gc,metaspace   ] GC(118) Metaspace: 17467K(17600K)->17467K(17600K) NonClass: 15662K(15744K)->15662K(15744K) Class: 1805K(1856K)->1805K(1856K)
[54.746s][info][gc             ] GC(118) Pause Young (Allocation Failure) 604M->511M(856M) 38.215ms
[54.746s][info][gc,cpu         ] GC(118) User=0.07s Sys=0.00s Real=0.04s
[54.947s][info][gc,start       ] GC(119) Pause Young (Allocation Failure)
[55.021s][info][gc,heap        ] GC(119) PSYoungGen: 160688K(209408K)->79424K(201216K) Eden: 120832K(120832K)->0K(113152K) From: 39856K(88576K)->79424K(88064K)
[55.021s][info][gc,heap        ] GC(119) ParOldGen: 484020K(667648K)->484020K(667648K)
[55.021s][info][gc,metaspace   ] GC(119) Metaspace: 17469K(17600K)->17469K(17600K) NonClass: 15663K(15744K)->15663K(15744K) Class: 1805K(1856K)->1805K(1856K)
[55.021s][info][gc             ] GC(119) Pause Young (Allocation Failure) 629M->550M(848M) 73.891ms
[55.021s][info][gc,cpu         ] GC(119) User=0.14s Sys=0.00s Real=0.07s
[55.306s][info][gc,start       ] GC(120) Pause Young (Allocation Failure)
[55.387s][info][gc,heap        ] GC(120) PSYoungGen: 192576K(201216K)->88384K(215040K) Eden: 113152K(113152K)->0K(113152K) From: 79424K(88064K)->88384K(101888K)
[55.387s][info][gc,heap        ] GC(120) ParOldGen: 484020K(667648K)->484020K(667648K)
[55.387s][info][gc,metaspace   ] GC(120) Metaspace: 17469K(17600K)->17469K(17600K) NonClass: 15663K(15744K)->15663K(15744K) Class: 1805K(1856K)->1805K(1856K)
[55.387s][info][gc             ] GC(120) Pause Young (Allocation Failure) 660M->558M(862M) 81.338ms
[55.387s][info][gc,cpu         ] GC(120) User=0.17s Sys=0.00s Real=0.08s
[55.578s][info][gc,start       ] GC(121) Pause Young (Allocation Failure)
[55.654s][info][gc,heap        ] GC(121) PSYoungGen: 201536K(215040K)->76400K(222720K) Eden: 113152K(113152K)->0K(111616K) From: 88384K(101888K)->76400K(111104K)
[55.654s][info][gc,heap        ] GC(121) ParOldGen: 484020K(667648K)->497809K(667648K)
[55.654s][info][gc,metaspace   ] GC(121) Metaspace: 17470K(17600K)->17470K(17600K) NonClass: 15664K(15744K)->15664K(15744K) Class: 1805K(1856K)->1805K(1856K)
[55.654s][info][gc             ] GC(121) Pause Young (Allocation Failure) 669M->560M(869M) 76.059ms
[55.654s][info][gc,cpu         ] GC(121) User=0.15s Sys=0.00s Real=0.08s
[55.877s][info][gc,start       ] GC(122) Pause Young (Allocation Failure)
[55.983s][info][gc,heap        ] GC(122) PSYoungGen: 188016K(222720K)->111072K(222720K) Eden: 111616K(111616K)->0K(111616K) From: 76400K(111104K)->111072K(111104K)
[55.983s][info][gc,heap        ] GC(122) ParOldGen: 497809K(667648K)->507067K(667648K)
[55.983s][info][gc,metaspace   ] GC(122) Metaspace: 17475K(17600K)->17475K(17600K) NonClass: 15670K(15744K)->15670K(15744K) Class: 1805K(1856K)->1805K(1856K)
[55.983s][info][gc             ] GC(122) Pause Young (Allocation Failure) 669M->603M(869M) 106.482ms
[55.983s][info][gc,cpu         ] GC(122) User=0.22s Sys=0.00s Real=0.11s
[56.100s][info][gc,start       ] GC(123) Pause Young (Allocation Failure)
[56.241s][info][gc,heap        ] GC(123) PSYoungGen: 222688K(222720K)->111088K(222720K) Eden: 111616K(111616K)->0K(111616K) From: 111072K(111104K)->111088K(111104K)
[56.241s][info][gc,heap        ] GC(123) ParOldGen: 507067K(667648K)->541494K(667648K)
[56.241s][info][gc,metaspace   ] GC(123) Metaspace: 17481K(17600K)->17481K(17600K) NonClass: 15676K(15744K)->15676K(15744K) Class: 1805K(1856K)->1805K(1856K)
[56.241s][info][gc             ] GC(123) Pause Young (Allocation Failure) 712M->637M(869M) 140.950ms
[56.241s][info][gc,cpu         ] GC(123) User=0.24s Sys=0.03s Real=0.14s
[56.523s][info][gc,start       ] GC(124) Pause Young (Allocation Failure)
[56.654s][info][gc,heap        ] GC(124) PSYoungGen: 222704K(222720K)->77376K(222720K) Eden: 111616K(111616K)->0K(111616K) From: 111088K(111104K)->77376K(111104K)
[56.654s][info][gc,heap        ] GC(124) ParOldGen: 541494K(667648K)->590605K(667648K)
[56.654s][info][gc,metaspace   ] GC(124) Metaspace: 17485K(17664K)->17485K(17664K) NonClass: 15680K(15808K)->15680K(15808K) Class: 1805K(1856K)->1805K(1856K)
[56.654s][info][gc             ] GC(124) Pause Young (Allocation Failure) 746M->652M(869M) 130.629ms
[56.654s][info][gc,cpu         ] GC(124) User=0.26s Sys=0.00s Real=0.13s
[56.759s][info][gc,start       ] GC(125) Pause Young (Allocation Failure)
[56.846s][info][gc,heap        ] GC(125) PSYoungGen: 188992K(222720K)->42528K(222720K) Eden: 111616K(111616K)->0K(111616K) From: 77376K(111104K)->42528K(111104K)
[56.846s][info][gc,heap        ] GC(125) ParOldGen: 590605K(667648K)->627613K(667648K)
[56.846s][info][gc,metaspace   ] GC(125) Metaspace: 17486K(17664K)->17486K(17664K) NonClass: 15681K(15808K)->15681K(15808K) Class: 1805K(1856K)->1805K(1856K)
[56.846s][info][gc             ] GC(125) Pause Young (Allocation Failure) 761M->654M(869M) 87.376ms
[56.846s][info][gc,cpu         ] GC(125) User=0.17s Sys=0.00s Real=0.09s
[57.036s][info][gc,start       ] GC(126) Pause Full (Allocation Failure)
[57.036s][info][gc,phases,start] GC(126) Marking Phase
[57.424s][info][gc,phases      ] GC(126) Marking Phase 387.549ms
[57.424s][info][gc,phases,start] GC(126) Summary Phase
[57.424s][info][gc,phases      ] GC(126) Summary Phase 0.034ms
[57.424s][info][gc,phases,start] GC(126) Forward
[57.546s][info][gc,phases      ] GC(126) Forward 122.196ms
[57.546s][info][gc,phases,start] GC(126) Adjust Pointers
[57.834s][info][gc,phases      ] GC(126) Adjust Pointers 287.430ms
[57.834s][info][gc,phases,start] GC(126) Compaction Phase
[57.982s][info][gc,phases      ] GC(126) Compaction Phase 147.999ms
[57.994s][info][gc,phases,start] GC(126) Post Compact
[57.997s][info][gc,phases      ] GC(126) Post Compact 2.392ms
[57.997s][info][gc,heap        ] GC(126) PSYoungGen: 153892K(222720K)->0K(222720K) Eden: 111364K(111616K)->0K(111616K) From: 42528K(111104K)->0K(111104K)
[57.997s][info][gc,heap        ] GC(126) ParOldGen: 627613K(667648K)->504704K(667648K)
[57.997s][info][gc,metaspace   ] GC(126) Metaspace: 17487K(17664K)->17487K(17664K) NonClass: 15681K(15808K)->15681K(15808K) Class: 1805K(1856K)->1805K(1856K)
[57.997s][info][gc             ] GC(126) Pause Full (Allocation Failure) 763M->492M(869M) 960.792ms
[57.997s][info][gc,cpu         ] GC(126) User=1.81s Sys=0.00s Real=0.96s
[58.132s][info][gc,start       ] GC(127) Pause Young (Allocation Failure)
[58.147s][info][gc,heap        ] GC(127) PSYoungGen: 111616K(222720K)->8320K(222720K) Eden: 111616K(111616K)->0K(111616K) From: 0K(111104K)->8320K(111104K)
[58.147s][info][gc,heap        ] GC(127) ParOldGen: 504704K(667648K)->504704K(667648K)
[58.147s][info][gc,metaspace   ] GC(127) Metaspace: 17487K(17664K)->17487K(17664K) NonClass: 15681K(15808K)->15681K(15808K) Class: 1805K(1856K)->1805K(1856K)
[58.147s][info][gc             ] GC(127) Pause Young (Allocation Failure) 601M->501M(869M) 15.003ms
[58.147s][info][gc,cpu         ] GC(127) User=0.03s Sys=0.00s Real=0.01s
[58.289s][info][gc,start       ] GC(128) Pause Young (Allocation Failure)
[58.303s][info][gc,heap        ] GC(128) PSYoungGen: 119936K(222720K)->32K(222720K) Eden: 111616K(111616K)->0K(111616K) From: 8320K(111104K)->32K(111104K)
[58.303s][info][gc,heap        ] GC(128) ParOldGen: 504704K(667648K)->513032K(667648K)
[58.303s][info][gc,metaspace   ] GC(128) Metaspace: 17487K(17664K)->17487K(17664K) NonClass: 15681K(15808K)->15681K(15808K) Class: 1805K(1856K)->1805K(1856K)
[58.303s][info][gc             ] GC(128) Pause Young (Allocation Failure) 610M->501M(869M) 14.054ms
[58.303s][info][gc,cpu         ] GC(128) User=0.03s Sys=0.00s Real=0.02s
[58.440s][info][gc,start       ] GC(129) Pause Young (Allocation Failure)
[58.442s][info][gc,heap        ] GC(129) PSYoungGen: 111648K(222720K)->64K(222720K) Eden: 111616K(111616K)->0K(111616K) From: 32K(111104K)->64K(111104K)
[58.442s][info][gc,heap        ] GC(129) ParOldGen: 513032K(667648K)->513032K(667648K)
[58.442s][info][gc,metaspace   ] GC(129) Metaspace: 17487K(17664K)->17487K(17664K) NonClass: 15681K(15808K)->15681K(15808K) Class: 1805K(1856K)->1805K(1856K)
[58.442s][info][gc             ] GC(129) Pause Young (Allocation Failure) 610M->501M(869M) 1.774ms
[58.442s][info][gc,cpu         ] GC(129) User=0.00s Sys=0.00s Real=0.00s
[58.576s][info][gc,start       ] GC(130) Pause Young (Allocation Failure)
[58.578s][info][gc,heap        ] GC(130) PSYoungGen: 111680K(222720K)->64K(222720K) Eden: 111616K(111616K)->0K(111616K) From: 64K(111104K)->64K(111104K)
[58.578s][info][gc,heap        ] GC(130) ParOldGen: 513032K(667648K)->513032K(667648K)
[58.578s][info][gc,metaspace   ] GC(130) Metaspace: 17487K(17664K)->17487K(17664K) NonClass: 15681K(15808K)->15681K(15808K) Class: 1805K(1856K)->1805K(1856K)
[58.578s][info][gc             ] GC(130) Pause Young (Allocation Failure) 610M->501M(869M) 1.868ms
[58.578s][info][gc,cpu         ] GC(130) User=0.00s Sys=0.00s Real=0.00s
[58.704s][info][gc,start       ] GC(131) Pause Young (Allocation Failure)
[58.705s][info][gc,heap        ] GC(131) PSYoungGen: 111680K(222720K)->64K(222720K) Eden: 111616K(111616K)->0K(111616K) From: 64K(111104K)->64K(111104K)
[58.705s][info][gc,heap        ] GC(131) ParOldGen: 513032K(667648K)->513032K(667648K)
[58.705s][info][gc,metaspace   ] GC(131) Metaspace: 17487K(17664K)->17487K(17664K) NonClass: 15681K(15808K)->15681K(15808K) Class: 1805K(1856K)->1805K(1856K)
[58.705s][info][gc             ] GC(131) Pause Young (Allocation Failure) 610M->501M(869M) 1.729ms
[58.705s][info][gc,cpu         ] GC(131) User=0.00s Sys=0.00s Real=0.00s
[58.862s][info][gc,start       ] GC(132) Pause Young (Allocation Failure)
[58.864s][info][gc,heap        ] GC(132) PSYoungGen: 111680K(222720K)->64K(222720K) Eden: 111616K(111616K)->0K(111616K) From: 64K(111104K)->64K(111104K)
[58.864s][info][gc,heap        ] GC(132) ParOldGen: 513032K(667648K)->513032K(667648K)
[58.864s][info][gc,metaspace   ] GC(132) Metaspace: 17487K(17664K)->17487K(17664K) NonClass: 15681K(15808K)->15681K(15808K) Class: 1805K(1856K)->1805K(1856K)
[58.864s][info][gc             ] GC(132) Pause Young (Allocation Failure) 610M->501M(869M) 1.872ms
[58.864s][info][gc,cpu         ] GC(132) User=0.01s Sys=0.00s Real=0.00s
[59.008s][info][gc,start       ] GC(133) Pause Young (Allocation Failure)
[59.010s][info][gc,heap        ] GC(133) PSYoungGen: 111680K(222720K)->64K(222720K) Eden: 111616K(111616K)->0K(111616K) From: 64K(111104K)->64K(111104K)
[59.010s][info][gc,heap        ] GC(133) ParOldGen: 513032K(667648K)->513032K(667648K)
[59.010s][info][gc,metaspace   ] GC(133) Metaspace: 17487K(17664K)->17487K(17664K) NonClass: 15681K(15808K)->15681K(15808K) Class: 1805K(1856K)->1805K(1856K)
[59.010s][info][gc             ] GC(133) Pause Young (Allocation Failure) 610M->501M(869M) 1.816ms
[59.010s][info][gc,cpu         ] GC(133) User=0.01s Sys=0.00s Real=0.00s
[59.149s][info][gc,start       ] GC(134) Pause Young (Allocation Failure)
[59.150s][info][gc,heap        ] GC(134) PSYoungGen: 111680K(222720K)->64K(222720K) Eden: 111616K(111616K)->0K(111616K) From: 64K(111104K)->64K(111104K)
[59.150s][info][gc,heap        ] GC(134) ParOldGen: 513032K(667648K)->513032K(667648K)
[59.150s][info][gc,metaspace   ] GC(134) Metaspace: 17487K(17664K)->17487K(17664K) NonClass: 15681K(15808K)->15681K(15808K) Class: 1805K(1856K)->1805K(1856K)
[59.150s][info][gc             ] GC(134) Pause Young (Allocation Failure) 610M->501M(869M) 1.859ms
[59.150s][info][gc,cpu         ] GC(134) User=0.00s Sys=0.00s Real=0.00s
[59.288s][info][gc,start       ] GC(135) Pause Young (Allocation Failure)
[59.289s][info][gc,heap        ] GC(135) PSYoungGen: 111680K(222720K)->64K(222720K) Eden: 111616K(111616K)->0K(111616K) From: 64K(111104K)->64K(111104K)
[59.289s][info][gc,heap        ] GC(135) ParOldGen: 513032K(667648K)->513032K(667648K)
[59.289s][info][gc,metaspace   ] GC(135) Metaspace: 17488K(17664K)->17488K(17664K) NonClass: 15683K(15808K)->15683K(15808K) Class: 1805K(1856K)->1805K(1856K)
[59.289s][info][gc             ] GC(135) Pause Young (Allocation Failure) 610M->501M(869M) 1.783ms
[59.289s][info][gc,cpu         ] GC(135) User=0.00s Sys=0.00s Real=0.00s
[59.422s][info][gc,start       ] GC(136) Pause Young (Allocation Failure)
[59.424s][info][gc,heap        ] GC(136) PSYoungGen: 111680K(222720K)->64K(222720K) Eden: 111616K(111616K)->0K(111616K) From: 64K(111104K)->64K(111104K)
[59.424s][info][gc,heap        ] GC(136) ParOldGen: 513032K(667648K)->513032K(667648K)
[59.424s][info][gc,metaspace   ] GC(136) Metaspace: 17488K(17664K)->17488K(17664K) NonClass: 15683K(15808K)->15683K(15808K) Class: 1805K(1856K)->1805K(1856K)
[59.424s][info][gc             ] GC(136) Pause Young (Allocation Failure) 610M->501M(869M) 1.800ms
[59.424s][info][gc,cpu         ] GC(136) User=0.01s Sys=0.00s Real=0.00s
[59.558s][info][gc,start       ] GC(137) Pause Young (Allocation Failure)
[59.560s][info][gc,heap        ] GC(137) PSYoungGen: 111680K(222720K)->64K(221696K) Eden: 111616K(111616K)->0K(111616K) From: 64K(111104K)->64K(110080K)
[59.560s][info][gc,heap        ] GC(137) ParOldGen: 513032K(667648K)->513032K(667648K)
[59.560s][info][gc,metaspace   ] GC(137) Metaspace: 17488K(17664K)->17488K(17664K) NonClass: 15683K(15808K)->15683K(15808K) Class: 1805K(1856K)->1805K(1856K)
[59.560s][info][gc             ] GC(137) Pause Young (Allocation Failure) 610M->501M(868M) 1.945ms
[59.560s][info][gc,cpu         ] GC(137) User=0.00s Sys=0.00s Real=0.00s
[59.673s][info][gc,start       ] GC(138) Pause Young (Allocation Failure)
[59.690s][info][gc,heap        ] GC(138) PSYoungGen: 111680K(221696K)->12576K(124416K) Eden: 111616K(111616K)->0K(111616K) From: 64K(110080K)->12576K(12800K)
[59.690s][info][gc,heap        ] GC(138) ParOldGen: 513032K(667648K)->513032K(667648K)
[59.690s][info][gc,metaspace   ] GC(138) Metaspace: 17488K(17664K)->17488K(17664K) NonClass: 15683K(15808K)->15683K(15808K) Class: 1805K(1856K)->1805K(1856K)
[59.690s][info][gc             ] GC(138) Pause Young (Allocation Failure) 610M->513M(773M) 17.384ms
[59.690s][info][gc,cpu         ] GC(138) User=0.03s Sys=0.00s Real=0.01s
[59.802s][info][gc,start       ] GC(139) Pause Young (Allocation Failure)
[59.831s][info][gc,heap        ] GC(139) PSYoungGen: 124192K(124416K)->23744K(210432K) Eden: 111616K(111616K)->0K(116736K) From: 12576K(12800K)->23744K(93696K)
[59.831s][info][gc,heap        ] GC(139) ParOldGen: 513032K(667648K)->513032K(667648K)
[59.831s][info][gc,metaspace   ] GC(139) Metaspace: 17489K(17664K)->17489K(17664K) NonClass: 15683K(15808K)->15683K(15808K) Class: 1805K(1856K)->1805K(1856K)
[59.831s][info][gc             ] GC(139) Pause Young (Allocation Failure) 622M->524M(857M) 28.283ms
[59.831s][info][gc,cpu         ] GC(139) User=0.06s Sys=0.00s Real=0.02s
[59.933s][info][gc,start       ] GC(140) Pause Young (Allocation Failure)
[59.981s][info][gc,heap        ] GC(140) PSYoungGen: 140480K(210432K)->43200K(212992K) Eden: 116736K(116736K)->0K(116736K) From: 23744K(93696K)->43200K(96256K)
[59.981s][info][gc,heap        ] GC(140) ParOldGen: 513032K(667648K)->513032K(667648K)
[59.981s][info][gc,metaspace   ] GC(140) Metaspace: 17489K(17664K)->17489K(17664K) NonClass: 15683K(15808K)->15683K(15808K) Class: 1805K(1856K)->1805K(1856K)
[59.981s][info][gc             ] GC(140) Pause Young (Allocation Failure) 638M->543M(860M) 47.917ms
[59.981s][info][gc,cpu         ] GC(140) User=0.09s Sys=0.00s Real=0.04s
[60.047s][info][gc,start       ] GC(141) Pause Young (Allocation Failure)
[60.103s][info][gc,heap        ] GC(141) PSYoungGen: 159936K(212992K)->52448K(218624K) Eden: 116736K(116736K)->0K(120832K) From: 43200K(96256K)->52448K(97792K)
[60.103s][info][gc,heap        ] GC(141) ParOldGen: 513032K(667648K)->513032K(667648K)
[60.103s][info][gc,metaspace   ] GC(141) Metaspace: 17489K(17664K)->17489K(17664K) NonClass: 15683K(15808K)->15683K(15808K) Class: 1805K(1856K)->1805K(1856K)
[60.103s][info][gc             ] GC(141) Pause Young (Allocation Failure) 657M->552M(865M) 56.640ms
[60.103s][info][gc,cpu         ] GC(141) User=0.11s Sys=0.00s Real=0.06s
[60.193s][info][gc,start       ] GC(142) Pause Young (Allocation Failure)
[60.265s][info][gc,heap        ] GC(142) PSYoungGen: 173280K(218624K)->66720K(222208K) Eden: 120832K(120832K)->0K(120832K) From: 52448K(97792K)->66720K(101376K)
[60.265s][info][gc,heap        ] GC(142) ParOldGen: 513032K(667648K)->513032K(667648K)
[60.265s][info][gc,metaspace   ] GC(142) Metaspace: 17489K(17664K)->17489K(17664K) NonClass: 15683K(15808K)->15683K(15808K) Class: 1805K(1856K)->1805K(1856K)
[60.265s][info][gc             ] GC(142) Pause Young (Allocation Failure) 670M->566M(869M) 72.325ms
[60.265s][info][gc,cpu         ] GC(142) User=0.14s Sys=0.00s Real=0.07s
[60.362s][info][gc,start       ] GC(143) Pause Young (Allocation Failure)
[60.444s][info][gc,heap        ] GC(143) PSYoungGen: 187552K(222208K)->76832K(221184K) Eden: 120832K(120832K)->0K(111616K) From: 66720K(101376K)->76832K(109568K)
[60.444s][info][gc,heap        ] GC(143) ParOldGen: 513032K(667648K)->513032K(667648K)
[60.444s][info][gc,metaspace   ] GC(143) Metaspace: 17489K(17664K)->17489K(17664K) NonClass: 15683K(15808K)->15683K(15808K) Class: 1805K(1856K)->1805K(1856K)
[60.444s][info][gc             ] GC(143) Pause Young (Allocation Failure) 684M->576M(868M) 82.051ms
[60.444s][info][gc,cpu         ] GC(143) User=0.17s Sys=0.00s Real=0.09s
[60.505s][info][gc,start       ] GC(144) Pause Young (Allocation Failure)
[60.592s][info][gc,heap        ] GC(144) PSYoungGen: 188448K(221184K)->68256K(222720K) Eden: 111616K(111616K)->0K(111616K) From: 76832K(109568K)->68256K(111104K)
[60.592s][info][gc,heap        ] GC(144) ParOldGen: 513032K(667648K)->525648K(667648K)
[60.592s][info][gc,metaspace   ] GC(144) Metaspace: 17491K(17664K)->17491K(17664K) NonClass: 15686K(15808K)->15686K(15808K) Class: 1805K(1856K)->1805K(1856K)
[60.592s][info][gc             ] GC(144) Pause Young (Allocation Failure) 685M->579M(869M) 87.194ms
[60.592s][info][gc,cpu         ] GC(144) User=0.17s Sys=0.00s Real=0.08s
[60.669s][info][gc,start       ] GC(145) Pause Young (Allocation Failure)
[60.746s][info][gc,heap        ] GC(145) PSYoungGen: 179872K(222720K)->38912K(222720K) Eden: 111616K(111616K)->0K(111616K) From: 68256K(111104K)->38912K(111104K)
[60.746s][info][gc,heap        ] GC(145) ParOldGen: 525648K(667648K)->556376K(667648K)
[60.746s][info][gc,metaspace   ] GC(145) Metaspace: 17491K(17664K)->17491K(17664K) NonClass: 15686K(15808K)->15686K(15808K) Class: 1805K(1856K)->1805K(1856K)
[60.746s][info][gc             ] GC(145) Pause Young (Allocation Failure) 688M->581M(869M) 76.833ms
[60.746s][info][gc,cpu         ] GC(145) User=0.15s Sys=0.00s Real=0.08s
[60.815s][info][gc,start       ] GC(146) Pause Young (Allocation Failure)
[60.859s][info][gc,heap        ] GC(146) PSYoungGen: 150528K(222720K)->15488K(222720K) Eden: 111616K(111616K)->0K(111616K) From: 38912K(111104K)->15488K(111104K)
[60.859s][info][gc,heap        ] GC(146) ParOldGen: 556376K(667648K)->579976K(667648K)
[60.859s][info][gc,metaspace   ] GC(146) Metaspace: 17491K(17664K)->17491K(17664K) NonClass: 15686K(15808K)->15686K(15808K) Class: 1805K(1856K)->1805K(1856K)
[60.859s][info][gc             ] GC(146) Pause Young (Allocation Failure) 690M->581M(869M) 44.430ms
[60.859s][info][gc,cpu         ] GC(146) User=0.09s Sys=0.00s Real=0.04s
[60.961s][info][gc,start       ] GC(147) Pause Young (Allocation Failure)
[60.998s][info][gc,heap        ] GC(147) PSYoungGen: 127104K(222720K)->13920K(215552K) Eden: 111616K(111616K)->0K(111616K) From: 15488K(111104K)->13920K(103936K)
[60.998s][info][gc,heap        ] GC(147) ParOldGen: 579976K(667648K)->594128K(667648K)
[60.998s][info][gc,metaspace   ] GC(147) Metaspace: 17506K(17664K)->17506K(17664K) NonClass: 15701K(15808K)->15701K(15808K) Class: 1805K(1856K)->1805K(1856K)
[60.998s][info][gc             ] GC(147) Pause Young (Allocation Failure) 690M->593M(862M) 36.260ms
[60.998s][info][gc,cpu         ] GC(147) User=0.07s Sys=0.00s Real=0.04s
[61.090s][info][gc,start       ] GC(148) Pause Young (Allocation Failure)
[61.118s][info][gc,heap        ] GC(148) PSYoungGen: 125536K(215552K)->21760K(219136K) Eden: 111616K(111616K)->0K(111616K) From: 13920K(103936K)->21760K(107520K)
[61.118s][info][gc,heap        ] GC(148) ParOldGen: 594128K(667648K)->595520K(667648K)
[61.118s][info][gc,metaspace   ] GC(148) Metaspace: 17506K(17664K)->17506K(17664K) NonClass: 15701K(15808K)->15701K(15808K) Class: 1805K(1856K)->1805K(1856K)
[61.118s][info][gc             ] GC(148) Pause Young (Allocation Failure) 702M->602M(866M) 27.537ms
[61.118s][info][gc,cpu         ] GC(148) User=0.06s Sys=0.00s Real=0.03s
[61.221s][info][gc,start       ] GC(149) Pause Young (Allocation Failure)
[61.255s][info][gc,heap        ] GC(149) PSYoungGen: 133376K(219136K)->16272K(218112K) Eden: 111616K(111616K)->0K(123392K) From: 21760K(107520K)->16272K(94720K)
[61.255s][info][gc,heap        ] GC(149) ParOldGen: 595520K(667648K)->608104K(667648K)
[61.255s][info][gc,metaspace   ] GC(149) Metaspace: 17506K(17664K)->17506K(17664K) NonClass: 15701K(15808K)->15701K(15808K) Class: 1805K(1856K)->1805K(1856K)
[61.255s][info][gc             ] GC(149) Pause Young (Allocation Failure) 711M->609M(865M) 33.849ms
[61.255s][info][gc,cpu         ] GC(149) User=0.07s Sys=0.00s Real=0.04s
[61.448s][info][gc,start       ] GC(150) Pause Young (Allocation Failure)
[61.491s][info][gc,heap        ] GC(150) PSYoungGen: 139664K(218112K)->30304K(221184K) Eden: 123392K(123392K)->0K(123392K) From: 16272K(94720K)->30304K(97792K)
[61.491s][info][gc,heap        ] GC(150) ParOldGen: 608104K(667648K)->617344K(667648K)
[61.491s][info][gc,metaspace   ] GC(150) Metaspace: 17506K(17664K)->17506K(17664K) NonClass: 15701K(15808K)->15701K(15808K) Class: 1805K(1856K)->1805K(1856K)
[61.491s][info][gc             ] GC(150) Pause Young (Allocation Failure) 730M->632M(868M) 43.238ms
[61.491s][info][gc,cpu         ] GC(150) User=0.09s Sys=0.00s Real=0.04s
[61.957s][info][gc,start       ] GC(151) Pause Young (Allocation Failure)
[61.998s][info][gc,heap        ] GC(151) PSYoungGen: 153696K(221184K)->25280K(212480K) Eden: 123392K(123392K)->0K(134144K) From: 30304K(97792K)->25280K(78336K)
[61.998s][info][gc,heap        ] GC(151) ParOldGen: 617344K(667648K)->624400K(667648K)
[61.998s][info][gc,metaspace   ] GC(151) Metaspace: 17512K(17664K)->17512K(17664K) NonClass: 15706K(15808K)->15706K(15808K) Class: 1805K(1856K)->1805K(1856K)
[61.998s][info][gc             ] GC(151) Pause Young (Allocation Failure) 752M->634M(859M) 40.271ms
[61.998s][info][gc,cpu         ] GC(151) User=0.08s Sys=0.00s Real=0.04s
[62.455s][info][gc,start       ] GC(152) Pause Young (Allocation Failure)
[62.484s][info][gc,heap        ] GC(152) PSYoungGen: 159424K(212480K)->25328K(219648K) Eden: 134144K(134144K)->0K(134144K) From: 25280K(78336K)->25328K(85504K)
[62.484s][info][gc,heap        ] GC(152) ParOldGen: 624400K(667648K)->624400K(667648K)
[62.484s][info][gc,metaspace   ] GC(152) Metaspace: 17512K(17664K)->17512K(17664K) NonClass: 15707K(15808K)->15707K(15808K) Class: 1805K(1856K)->1805K(1856K)
[62.484s][info][gc             ] GC(152) Pause Young (Allocation Failure) 765M->634M(866M) 29.024ms
[62.484s][info][gc,cpu         ] GC(152) User=0.06s Sys=0.00s Real=0.03s
[62.842s][info][gc,start       ] GC(153) Pause Young (Allocation Failure)
[62.872s][info][gc,heap        ] GC(153) PSYoungGen: 159472K(219648K)->25328K(214528K) Eden: 134144K(134144K)->0K(143872K) From: 25328K(85504K)->25328K(70656K)
[62.872s][info][gc,heap        ] GC(153) ParOldGen: 624400K(667648K)->624400K(667648K)
[62.872s][info][gc,metaspace   ] GC(153) Metaspace: 17512K(17664K)->17512K(17664K) NonClass: 15707K(15808K)->15707K(15808K) Class: 1805K(1856K)->1805K(1856K)
[62.872s][info][gc             ] GC(153) Pause Young (Allocation Failure) 765M->634M(861M) 29.671ms
[62.872s][info][gc,cpu         ] GC(153) User=0.06s Sys=0.00s Real=0.02s
[63.223s][info][gc,start       ] GC(154) Pause Young (Allocation Failure)
[63.252s][info][gc,heap        ] GC(154) PSYoungGen: 169200K(214528K)->25344K(220160K) Eden: 143872K(143872K)->0K(143872K) From: 25328K(70656K)->25344K(76288K)
[63.252s][info][gc,heap        ] GC(154) ParOldGen: 624400K(667648K)->624400K(667648K)
[63.252s][info][gc,metaspace   ] GC(154) Metaspace: 17512K(17664K)->17512K(17664K) NonClass: 15707K(15808K)->15707K(15808K) Class: 1805K(1856K)->1805K(1856K)
[63.252s][info][gc             ] GC(154) Pause Young (Allocation Failure) 775M->634M(867M) 29.237ms
[63.252s][info][gc,cpu         ] GC(154) User=0.06s Sys=0.00s Real=0.02s
[63.609s][info][gc,start       ] GC(155) Pause Young (Allocation Failure)
[63.640s][info][gc,heap        ] GC(155) PSYoungGen: 169216K(220160K)->25344K(217088K) Eden: 143872K(143872K)->0K(152576K) From: 25344K(76288K)->25344K(64512K)
[63.640s][info][gc,heap        ] GC(155) ParOldGen: 624400K(667648K)->624400K(667648K)
[63.640s][info][gc,metaspace   ] GC(155) Metaspace: 17512K(17664K)->17512K(17664K) NonClass: 15707K(15808K)->15707K(15808K) Class: 1805K(1856K)->1805K(1856K)
[63.640s][info][gc             ] GC(155) Pause Young (Allocation Failure) 775M->634M(864M) 30.647ms
[63.640s][info][gc,cpu         ] GC(155) User=0.06s Sys=0.00s Real=0.03s
[64.017s][info][gc,start       ] GC(156) Pause Young (Allocation Failure)
[64.047s][info][gc,heap        ] GC(156) PSYoungGen: 177920K(217088K)->25360K(221184K) Eden: 152576K(152576K)->0K(152576K) From: 25344K(64512K)->25360K(68608K)
[64.047s][info][gc,heap        ] GC(156) ParOldGen: 624400K(667648K)->624400K(667648K)
[64.047s][info][gc,metaspace   ] GC(156) Metaspace: 17515K(17664K)->17515K(17664K) NonClass: 15710K(15808K)->15710K(15808K) Class: 1805K(1856K)->1805K(1856K)
[64.047s][info][gc             ] GC(156) Pause Young (Allocation Failure) 783M->634M(868M) 30.018ms
[64.047s][info][gc,cpu         ] GC(156) User=0.06s Sys=0.00s Real=0.03s
[64.459s][info][gc,start       ] GC(157) Pause Young (Allocation Failure)
[64.488s][info][gc,heap        ] GC(157) PSYoungGen: 177936K(221184K)->25504K(217600K) Eden: 152576K(152576K)->0K(160256K) From: 25360K(68608K)->25504K(57344K)
[64.488s][info][gc,heap        ] GC(157) ParOldGen: 624400K(667648K)->624400K(667648K)
[64.488s][info][gc,metaspace   ] GC(157) Metaspace: 17515K(17664K)->17515K(17664K) NonClass: 15710K(15808K)->15710K(15808K) Class: 1805K(1856K)->1805K(1856K)
[64.488s][info][gc             ] GC(157) Pause Young (Allocation Failure) 783M->634M(864M) 29.355ms
[64.489s][info][gc,cpu         ] GC(157) User=0.06s Sys=0.00s Real=0.03s
[64.809s][info][gc,start       ] GC(158) Pause Young (Allocation Failure)
[64.860s][info][gc,heap        ] GC(158) PSYoungGen: 185760K(217600K)->53296K(221696K) Eden: 160256K(160256K)->0K(160256K) From: 25504K(57344K)->53296K(61440K)
[64.860s][info][gc,heap        ] GC(158) ParOldGen: 624400K(667648K)->624400K(667648K)
[64.860s][info][gc,metaspace   ] GC(158) Metaspace: 17516K(17664K)->17516K(17664K) NonClass: 15711K(15808K)->15711K(15808K) Class: 1805K(1856K)->1805K(1856K)
[64.860s][info][gc             ] GC(158) Pause Young (Allocation Failure) 791M->661M(868M) 50.525ms
[64.860s][info][gc,cpu         ] GC(158) User=0.10s Sys=0.00s Real=0.05s
[65.138s][info][gc,start       ] GC(159) Pause Young (Allocation Failure)
[65.235s][info][gc,heap        ] GC(159) PSYoungGen: 213552K(221696K)->67552K(213504K) Eden: 160256K(160256K)->0K(145920K) From: 53296K(61440K)->67552K(67584K)
[65.235s][info][gc,heap        ] GC(159) ParOldGen: 624400K(667648K)->658888K(667648K)
[65.235s][info][gc,metaspace   ] GC(159) Metaspace: 17519K(17664K)->17519K(17664K) NonClass: 15714K(15808K)->15714K(15808K) Class: 1805K(1856K)->1805K(1856K)
[65.235s][info][gc             ] GC(159) Pause Young (Allocation Failure) 818M->709M(860M) 96.977ms
[65.235s][info][gc,cpu         ] GC(159) User=0.18s Sys=0.02s Real=0.10s
[65.376s][info][gc,start       ] GC(160) Pause Full (Allocation Failure)
[65.376s][info][gc,phases,start] GC(160) Marking Phase
[65.707s][info][gc,phases      ] GC(160) Marking Phase 331.118ms
[65.707s][info][gc,phases,start] GC(160) Summary Phase
[65.707s][info][gc,phases      ] GC(160) Summary Phase 0.032ms
[65.707s][info][gc,phases,start] GC(160) Forward
[65.839s][info][gc,phases      ] GC(160) Forward 132.102ms
[65.840s][info][gc,phases,start] GC(160) Adjust Pointers
[66.091s][info][gc,phases      ] GC(160) Adjust Pointers 251.884ms
[66.091s][info][gc,phases,start] GC(160) Compaction Phase
[66.270s][info][gc,phases      ] GC(160) Compaction Phase 178.262ms
[66.278s][info][gc,phases,start] GC(160) Post Compact
[66.281s][info][gc,phases      ] GC(160) Post Compact 2.639ms
[66.281s][info][gc,heap        ] GC(160) PSYoungGen: 213472K(213504K)->0K(236544K) Eden: 145920K(145920K)->0K(145920K) From: 67552K(67584K)->0K(90624K)
[66.281s][info][gc,heap        ] GC(160) ParOldGen: 658888K(667648K)->461022K(667648K)
[66.281s][info][gc,metaspace   ] GC(160) Metaspace: 17521K(17664K)->17521K(17664K) NonClass: 15715K(15808K)->15715K(15808K) Class: 1805K(1856K)->1805K(1856K)
[66.281s][info][gc             ] GC(160) Pause Full (Allocation Failure) 851M->450M(883M) 904.965ms
[66.281s][info][gc,cpu         ] GC(160) User=1.67s Sys=0.00s Real=0.90s
[66.476s][info][gc,start       ] GC(161) Pause Young (Allocation Failure)
[66.538s][info][gc,heap        ] GC(161) PSYoungGen: 145920K(236544K)->56944K(239104K) Eden: 145920K(145920K)->0K(148480K) From: 0K(90624K)->56944K(90624K)
[66.538s][info][gc,heap        ] GC(161) ParOldGen: 461022K(667648K)->461022K(667648K)
[66.538s][info][gc,metaspace   ] GC(161) Metaspace: 17525K(17664K)->17525K(17664K) NonClass: 15719K(15808K)->15719K(15808K) Class: 1805K(1856K)->1805K(1856K)
[66.538s][info][gc             ] GC(161) Pause Young (Allocation Failure) 592M->505M(885M) 62.785ms
[66.538s][info][gc,cpu         ] GC(161) User=0.13s Sys=0.00s Real=0.06s
[66.719s][info][gc,start       ] GC(162) Pause Young (Allocation Failure)
[66.803s][info][gc,heap        ] GC(162) PSYoungGen: 205424K(239104K)->92640K(241152K) Eden: 148480K(148480K)->0K(148480K) From: 56944K(90624K)->92640K(92672K)
[66.803s][info][gc,heap        ] GC(162) ParOldGen: 461022K(667648K)->468974K(667648K)
[66.803s][info][gc,metaspace   ] GC(162) Metaspace: 17525K(17664K)->17525K(17664K) NonClass: 15719K(15808K)->15719K(15808K) Class: 1805K(1856K)->1805K(1856K)
[66.803s][info][gc             ] GC(162) Pause Young (Allocation Failure) 650M->548M(887M) 83.852ms
[66.803s][info][gc,cpu         ] GC(162) User=0.17s Sys=0.00s Real=0.09s
[67.133s][info][gc,start       ] GC(163) Pause Young (Allocation Failure)
[67.237s][info][gc,heap        ] GC(163) PSYoungGen: 241120K(241152K)->92646K(204288K) Eden: 148480K(148480K)->0K(111616K) From: 92640K(92672K)->92646K(92672K)
[67.237s][info][gc,heap        ] GC(163) ParOldGen: 468974K(667648K)->469302K(667648K)
[67.237s][info][gc,metaspace   ] GC(163) Metaspace: 17525K(17664K)->17525K(17664K) NonClass: 15719K(15808K)->15719K(15808K) Class: 1805K(1856K)->1805K(1856K)
[67.237s][info][gc             ] GC(163) Pause Young (Allocation Failure) 693M->548M(851M) 103.772ms
[67.237s][info][gc,cpu         ] GC(163) User=0.19s Sys=0.02s Real=0.10s
[67.412s][info][gc,start       ] GC(164) Pause Young (Allocation Failure)
[67.489s][info][gc,heap        ] GC(164) PSYoungGen: 204262K(204288K)->92726K(222720K) Eden: 111616K(111616K)->0K(111616K) From: 92646K(92672K)->92726K(111104K)
[67.489s][info][gc,heap        ] GC(164) ParOldGen: 469302K(667648K)->469302K(667648K)
[67.489s][info][gc,metaspace   ] GC(164) Metaspace: 17525K(17664K)->17525K(17664K) NonClass: 15719K(15808K)->15719K(15808K) Class: 1805K(1856K)->1805K(1856K)
[67.489s][info][gc             ] GC(164) Pause Young (Allocation Failure) 657M->548M(869M) 76.902ms
[67.489s][info][gc,cpu         ] GC(164) User=0.15s Sys=0.00s Real=0.07s
[67.699s][info][gc,start       ] GC(165) Pause Young (Allocation Failure)
[67.802s][info][gc,heap        ] GC(165) PSYoungGen: 204342K(222720K)->92806K(222720K) Eden: 111616K(111616K)->0K(111616K) From: 92726K(111104K)->92806K(111104K)
[67.802s][info][gc,heap        ] GC(165) ParOldGen: 469302K(667648K)->469302K(667648K)
[67.802s][info][gc,metaspace   ] GC(165) Metaspace: 17525K(17664K)->17525K(17664K) NonClass: 15719K(15808K)->15719K(15808K) Class: 1805K(1856K)->1805K(1856K)
[67.802s][info][gc             ] GC(165) Pause Young (Allocation Failure) 657M->548M(869M) 103.189ms
[67.802s][info][gc,cpu         ] GC(165) User=0.20s Sys=0.00s Real=0.11s
[67.989s][info][gc,start       ] GC(166) Pause Young (Allocation Failure)
[68.066s][info][gc,heap        ] GC(166) PSYoungGen: 204422K(222720K)->92896K(222720K) Eden: 111616K(111616K)->0K(111616K) From: 92806K(111104K)->92896K(111104K)
[68.066s][info][gc,heap        ] GC(166) ParOldGen: 469302K(667648K)->469302K(667648K)
[68.066s][info][gc,metaspace   ] GC(166) Metaspace: 17525K(17664K)->17525K(17664K) NonClass: 15719K(15808K)->15719K(15808K) Class: 1805K(1856K)->1805K(1856K)
[68.066s][info][gc             ] GC(166) Pause Young (Allocation Failure) 657M->549M(869M) 76.640ms
[68.066s][info][gc,cpu         ] GC(166) User=0.15s Sys=0.00s Real=0.08s
[68.235s][info][gc,start       ] GC(167) Pause Young (Allocation Failure)
[68.315s][info][gc,heap        ] GC(167) PSYoungGen: 204512K(222720K)->640K(222720K) Eden: 111616K(111616K)->0K(111616K) From: 92896K(111104K)->640K(111104K)
[68.315s][info][gc,heap        ] GC(167) ParOldGen: 469302K(667648K)->562649K(667648K)
[68.315s][info][gc,metaspace   ] GC(167) Metaspace: 17525K(17664K)->17525K(17664K) NonClass: 15719K(15808K)->15719K(15808K) Class: 1805K(1856K)->1805K(1856K)
[68.316s][info][gc             ] GC(167) Pause Young (Allocation Failure) 658M->550M(869M) 80.680ms
[68.316s][info][gc,cpu         ] GC(167) User=0.16s Sys=0.00s Real=0.08s
[68.442s][info][gc,start       ] GC(168) Pause Young (Allocation Failure)
[68.446s][info][gc,heap        ] GC(168) PSYoungGen: 112256K(222720K)->352K(222720K) Eden: 111616K(111616K)->0K(111616K) From: 640K(111104K)->352K(111104K)
[68.446s][info][gc,heap        ] GC(168) ParOldGen: 562649K(667648K)->563009K(667648K)
[68.446s][info][gc,metaspace   ] GC(168) Metaspace: 17525K(17664K)->17525K(17664K) NonClass: 15719K(15808K)->15719K(15808K) Class: 1805K(1856K)->1805K(1856K)
[68.446s][info][gc             ] GC(168) Pause Young (Allocation Failure) 659M->550M(869M) 3.530ms
[68.446s][info][gc,cpu         ] GC(168) User=0.01s Sys=0.00s Real=0.00s
[68.571s][info][gc,start       ] GC(169) Pause Young (Allocation Failure)
[68.574s][info][gc,heap        ] GC(169) PSYoungGen: 111968K(222720K)->288K(222720K) Eden: 111616K(111616K)->0K(111616K) From: 352K(111104K)->288K(111104K)
[68.574s][info][gc,heap        ] GC(169) ParOldGen: 563009K(667648K)->563161K(667648K)
[68.574s][info][gc,metaspace   ] GC(169) Metaspace: 17525K(17664K)->17525K(17664K) NonClass: 15719K(15808K)->15719K(15808K) Class: 1805K(1856K)->1805K(1856K)
[68.574s][info][gc             ] GC(169) Pause Young (Allocation Failure) 659M->550M(869M) 2.729ms
[68.574s][info][gc,cpu         ] GC(169) User=0.00s Sys=0.00s Real=0.01s
[68.698s][info][gc,start       ] GC(170) Pause Young (Allocation Failure)
[68.700s][info][gc,heap        ] GC(170) PSYoungGen: 111904K(222720K)->192K(222720K) Eden: 111616K(111616K)->0K(111616K) From: 288K(111104K)->192K(111104K)
[68.700s][info][gc,heap        ] GC(170) ParOldGen: 563161K(667648K)->563321K(667648K)
[68.700s][info][gc,metaspace   ] GC(170) Metaspace: 17525K(17664K)->17525K(17664K) NonClass: 15719K(15808K)->15719K(15808K) Class: 1805K(1856K)->1805K(1856K)
[68.700s][info][gc             ] GC(170) Pause Young (Allocation Failure) 659M->550M(869M) 2.751ms
[68.700s][info][gc,cpu         ] GC(170) User=0.00s Sys=0.00s Real=0.00s
[68.849s][info][gc,start       ] GC(171) Pause Young (Allocation Failure)
[68.852s][info][gc,heap        ] GC(171) PSYoungGen: 111808K(222720K)->128K(222720K) Eden: 111616K(111616K)->0K(111616K) From: 192K(111104K)->128K(111104K)
[68.852s][info][gc,heap        ] GC(171) ParOldGen: 563321K(667648K)->563489K(667648K)
[68.852s][info][gc,metaspace   ] GC(171) Metaspace: 17525K(17664K)->17525K(17664K) NonClass: 15719K(15808K)->15719K(15808K) Class: 1805K(1856K)->1805K(1856K)
[68.852s][info][gc             ] GC(171) Pause Young (Allocation Failure) 659M->550M(869M) 2.563ms
[68.852s][info][gc,cpu         ] GC(171) User=0.00s Sys=0.00s Real=0.00s
[68.976s][info][gc,start       ] GC(172) Pause Young (Allocation Failure)
[68.979s][info][gc,heap        ] GC(172) PSYoungGen: 111744K(222720K)->96K(222720K) Eden: 111616K(111616K)->0K(111616K) From: 128K(111104K)->96K(111104K)
[68.979s][info][gc,heap        ] GC(172) ParOldGen: 563489K(667648K)->563569K(667648K)
[68.979s][info][gc,metaspace   ] GC(172) Metaspace: 17525K(17664K)->17525K(17664K) NonClass: 15719K(15808K)->15719K(15808K) Class: 1805K(1856K)->1805K(1856K)
[68.979s][info][gc             ] GC(172) Pause Young (Allocation Failure) 659M->550M(869M) 2.434ms
[68.979s][info][gc,cpu         ] GC(172) User=0.00s Sys=0.00s Real=0.00s
[69.137s][info][gc,start       ] GC(173) Pause Young (Allocation Failure)
[69.139s][info][gc,heap        ] GC(173) PSYoungGen: 111712K(222720K)->160K(222720K) Eden: 111616K(111616K)->0K(111616K) From: 96K(111104K)->160K(111104K)
[69.139s][info][gc,heap        ] GC(173) ParOldGen: 563569K(667648K)->563649K(667648K)
[69.139s][info][gc,metaspace   ] GC(173) Metaspace: 17525K(17664K)->17525K(17664K) NonClass: 15719K(15808K)->15719K(15808K) Class: 1805K(1856K)->1805K(1856K)
[69.139s][info][gc             ] GC(173) Pause Young (Allocation Failure) 659M->550M(869M) 2.801ms
[69.139s][info][gc,cpu         ] GC(173) User=0.01s Sys=0.00s Real=0.00s
[69.321s][info][gc,start       ] GC(174) Pause Young (Allocation Failure)
[69.338s][info][gc,heap        ] GC(174) PSYoungGen: 111776K(222720K)->3648K(222720K) Eden: 111616K(111616K)->0K(111616K) From: 160K(111104K)->3648K(111104K)
[69.338s][info][gc,heap        ] GC(174) ParOldGen: 563649K(667648K)->563761K(667648K)
[69.338s][info][gc,metaspace   ] GC(174) Metaspace: 17525K(17664K)->17525K(17664K) NonClass: 15719K(15808K)->15719K(15808K) Class: 1805K(1856K)->1805K(1856K)
[69.338s][info][gc             ] GC(174) Pause Young (Allocation Failure) 659M->554M(869M) 17.006ms
[69.338s][info][gc,cpu         ] GC(174) User=0.03s Sys=0.00s Real=0.02s
[69.515s][info][gc,start       ] GC(175) Pause Young (Allocation Failure)
[69.544s][info][gc,heap        ] GC(175) PSYoungGen: 115264K(222720K)->6667K(222720K) Eden: 111616K(111616K)->0K(111616K) From: 3648K(111104K)->6667K(111104K)
[69.544s][info][gc,heap        ] GC(175) ParOldGen: 563761K(667648K)->567409K(667648K)
[69.544s][info][gc,metaspace   ] GC(175) Metaspace: 17525K(17664K)->17525K(17664K) NonClass: 15719K(15808K)->15719K(15808K) Class: 1805K(1856K)->1805K(1856K)
[69.544s][info][gc             ] GC(175) Pause Young (Allocation Failure) 663M->560M(869M) 28.698ms
[69.544s][info][gc,cpu         ] GC(175) User=0.06s Sys=0.00s Real=0.03s
[69.669s][info][gc,start       ] GC(176) Pause Young (Allocation Failure)
[69.720s][info][gc,heap        ] GC(176) PSYoungGen: 118283K(222720K)->24352K(136192K) Eden: 111616K(111616K)->0K(111616K) From: 6667K(111104K)->24352K(24576K)
[69.720s][info][gc,heap        ] GC(176) ParOldGen: 567409K(667648K)->573584K(667648K)
[69.720s][info][gc,metaspace   ] GC(176) Metaspace: 17525K(17664K)->17525K(17664K) NonClass: 15719K(15808K)->15719K(15808K) Class: 1805K(1856K)->1805K(1856K)
[69.720s][info][gc             ] GC(176) Pause Young (Allocation Failure) 669M->583M(785M) 50.944ms
[69.720s][info][gc,cpu         ] GC(176) User=0.10s Sys=0.00s Real=0.05s
[69.840s][info][gc,start       ] GC(177) Pause Young (Allocation Failure)
[69.886s][info][gc,heap        ] GC(177) PSYoungGen: 135968K(136192K)->35520K(225280K) Eden: 111616K(111616K)->0K(116224K) From: 24352K(24576K)->35520K(109056K)
[69.886s][info][gc,heap        ] GC(177) ParOldGen: 573584K(667648K)->573584K(667648K)
[69.886s][info][gc,metaspace   ] GC(177) Metaspace: 17525K(17664K)->17525K(17664K) NonClass: 15719K(15808K)->15719K(15808K) Class: 1805K(1856K)->1805K(1856K)
[69.886s][info][gc             ] GC(177) Pause Young (Allocation Failure) 692M->594M(872M) 46.676ms
[69.886s][info][gc,cpu         ] GC(177) User=0.09s Sys=0.00s Real=0.05s
[70.029s][info][gc,start       ] GC(178) Pause Young (Allocation Failure)
[70.087s][info][gc,heap        ] GC(178) PSYoungGen: 151744K(225280K)->49472K(220672K) Eden: 116224K(116224K)->0K(116224K) From: 35520K(109056K)->49472K(104448K)
[70.087s][info][gc,heap        ] GC(178) ParOldGen: 573584K(667648K)->573584K(667648K)
[70.087s][info][gc,metaspace   ] GC(178) Metaspace: 17528K(17664K)->17528K(17664K) NonClass: 15723K(15808K)->15723K(15808K) Class: 1805K(1856K)->1805K(1856K)
[70.087s][info][gc             ] GC(178) Pause Young (Allocation Failure) 708M->608M(867M) 57.888ms
[70.087s][info][gc,cpu         ] GC(178) User=0.11s Sys=0.00s Real=0.06s
[70.168s][info][gc,start       ] GC(179) Pause Young (Allocation Failure)
[70.229s][info][gc,heap        ] GC(179) PSYoungGen: 165696K(220672K)->49920K(225792K) Eden: 116224K(116224K)->0K(120320K) From: 49472K(104448K)->49920K(105472K)
[70.229s][info][gc,heap        ] GC(179) ParOldGen: 573584K(667648K)->573584K(667648K)
[70.229s][info][gc,metaspace   ] GC(179) Metaspace: 17528K(17664K)->17528K(17664K) NonClass: 15723K(15808K)->15723K(15808K) Class: 1805K(1856K)->1805K(1856K)
[70.229s][info][gc             ] GC(179) Pause Young (Allocation Failure) 721M->608M(872M) 60.756ms
[70.229s][info][gc,cpu         ] GC(179) User=0.12s Sys=0.01s Real=0.06s
[70.357s][info][gc,start       ] GC(180) Pause Young (Allocation Failure)
[70.423s][info][gc,heap        ] GC(180) PSYoungGen: 170240K(225792K)->26784K(147456K) Eden: 120320K(120320K)->0K(120320K) From: 49920K(105472K)->26784K(27136K)
[70.423s][info][gc,heap        ] GC(180) ParOldGen: 573584K(667648K)->597984K(667648K)
[70.423s][info][gc,metaspace   ] GC(180) Metaspace: 17528K(17664K)->17528K(17664K) NonClass: 15723K(15808K)->15723K(15808K) Class: 1805K(1856K)->1805K(1856K)
[70.423s][info][gc             ] GC(180) Pause Young (Allocation Failure) 726M->610M(796M) 65.351ms
[70.423s][info][gc,cpu         ] GC(180) User=0.13s Sys=0.00s Real=0.07s
[70.547s][info][gc,start       ] GC(181) Pause Young (Allocation Failure)
[70.581s][info][gc,heap        ] GC(181) PSYoungGen: 147104K(147456K)->17824K(226304K) Eden: 120320K(120320K)->0K(127488K) From: 26784K(27136K)->17824K(98816K)
[70.581s][info][gc,heap        ] GC(181) ParOldGen: 597984K(667648K)->609256K(667648K)
[70.581s][info][gc,metaspace   ] GC(181) Metaspace: 17528K(17664K)->17528K(17664K) NonClass: 15723K(15808K)->15723K(15808K) Class: 1805K(1856K)->1805K(1856K)
[70.581s][info][gc             ] GC(181) Pause Young (Allocation Failure) 727M->612M(873M) 34.483ms
[70.581s][info][gc,cpu         ] GC(181) User=0.06s Sys=0.00s Real=0.03s
[70.714s][info][gc,start       ] GC(182) Pause Young (Allocation Failure)
[70.740s][info][gc,heap        ] GC(182) PSYoungGen: 145312K(226304K)->5472K(221696K) Eden: 127488K(127488K)->0K(127488K) From: 17824K(98816K)->5472K(94208K)
[70.740s][info][gc,heap        ] GC(182) ParOldGen: 609256K(667648K)->623248K(667648K)
[70.740s][info][gc,metaspace   ] GC(182) Metaspace: 17528K(17664K)->17528K(17664K) NonClass: 15723K(15808K)->15723K(15808K) Class: 1805K(1856K)->1805K(1856K)
[70.740s][info][gc             ] GC(182) Pause Young (Allocation Failure) 736M->613M(868M) 25.556ms
[70.740s][info][gc,cpu         ] GC(182) User=0.05s Sys=0.00s Real=0.02s
[70.860s][info][gc,start       ] GC(183) Pause Young (Allocation Failure)
[70.870s][info][gc,heap        ] GC(183) PSYoungGen: 132960K(221696K)->5024K(223232K) Eden: 127488K(127488K)->0K(138752K) From: 5472K(94208K)->5024K(84480K)
[70.870s][info][gc,heap        ] GC(183) ParOldGen: 623248K(667648K)->623688K(667648K)
[70.870s][info][gc,metaspace   ] GC(183) Metaspace: 17528K(17664K)->17528K(17664K) NonClass: 15723K(15808K)->15723K(15808K) Class: 1805K(1856K)->1805K(1856K)
[70.870s][info][gc             ] GC(183) Pause Young (Allocation Failure) 738M->613M(870M) 10.103ms
[70.870s][info][gc,cpu         ] GC(183) User=0.01s Sys=0.00s Real=0.01s
[71.047s][info][gc,start       ] GC(184) Pause Young (Allocation Failure)
[71.073s][info][gc,heap        ] GC(184) PSYoungGen: 143776K(223232K)->19536K(227328K) Eden: 138752K(138752K)->0K(138752K) From: 5024K(84480K)->19536K(88576K)
[71.073s][info][gc,heap        ] GC(184) ParOldGen: 623688K(667648K)->623688K(667648K)
[71.073s][info][gc,metaspace   ] GC(184) Metaspace: 17528K(17664K)->17528K(17664K) NonClass: 15723K(15808K)->15723K(15808K) Class: 1805K(1856K)->1805K(1856K)
[71.073s][info][gc             ] GC(184) Pause Young (Allocation Failure) 749M->628M(874M) 25.265ms
[71.073s][info][gc,cpu         ] GC(184) User=0.05s Sys=0.00s Real=0.03s
[71.227s][info][gc,start       ] GC(185) Pause Young (Allocation Failure)
[71.265s][info][gc,heap        ] GC(185) PSYoungGen: 158288K(227328K)->30256K(226304K) Eden: 138752K(138752K)->0K(150528K) From: 19536K(88576K)->30256K(75776K)
[71.265s][info][gc,heap        ] GC(185) ParOldGen: 623688K(667648K)->623688K(667648K)
[71.265s][info][gc,metaspace   ] GC(185) Metaspace: 17528K(17664K)->17528K(17664K) NonClass: 15723K(15808K)->15723K(15808K) Class: 1805K(1856K)->1805K(1856K)
[71.265s][info][gc             ] GC(185) Pause Young (Allocation Failure) 763M->638M(873M) 37.871ms
[71.265s][info][gc,cpu         ] GC(185) User=0.07s Sys=0.00s Real=0.04s
[71.556s][info][gc,start       ] GC(186) Pause Young (Allocation Failure)
[71.604s][info][gc,heap        ] GC(186) PSYoungGen: 180784K(226304K)->37472K(229888K) Eden: 150528K(150528K)->0K(150528K) From: 30256K(75776K)->37472K(79360K)
[71.604s][info][gc,heap        ] GC(186) ParOldGen: 623688K(667648K)->623688K(667648K)
[71.604s][info][gc,metaspace   ] GC(186) Metaspace: 17529K(17664K)->17529K(17664K) NonClass: 15723K(15808K)->15723K(15808K) Class: 1805K(1856K)->1805K(1856K)
[71.604s][info][gc             ] GC(186) Pause Young (Allocation Failure) 785M->645M(876M) 48.066ms
[71.604s][info][gc,cpu         ] GC(186) User=0.09s Sys=0.00s Real=0.05s
[71.805s][info][gc,start       ] GC(187) Pause Young (Allocation Failure)
[71.883s][info][gc,heap        ] GC(187) PSYoungGen: 188000K(229888K)->66672K(231936K) Eden: 150528K(150528K)->0K(153088K) From: 37472K(79360K)->66672K(78848K)
[71.883s][info][gc,heap        ] GC(187) ParOldGen: 623688K(667648K)->623688K(667648K)
[71.883s][info][gc,metaspace   ] GC(187) Metaspace: 17529K(17664K)->17529K(17664K) NonClass: 15724K(15808K)->15724K(15808K) Class: 1805K(1856K)->1805K(1856K)
[71.883s][info][gc             ] GC(187) Pause Young (Allocation Failure) 792M->674M(878M) 77.798ms
[71.883s][info][gc,cpu         ] GC(187) User=0.16s Sys=0.00s Real=0.08s
[72.176s][info][gc,start       ] GC(188) Pause Young (Allocation Failure)
[72.269s][info][gc,heap        ] GC(188) PSYoungGen: 219760K(231936K)->74432K(227840K) Eden: 153088K(153088K)->0K(153088K) From: 66672K(78848K)->74432K(74752K)
[72.269s][info][gc,heap        ] GC(188) ParOldGen: 623688K(667648K)->623688K(667648K)
[72.269s][info][gc,metaspace   ] GC(188) Metaspace: 17530K(17664K)->17530K(17664K) NonClass: 15725K(15808K)->15725K(15808K) Class: 1805K(1856K)->1805K(1856K)
[72.269s][info][gc             ] GC(188) Pause Young (Allocation Failure) 823M->681M(874M) 92.985ms
[72.269s][info][gc,cpu         ] GC(188) User=0.18s Sys=0.00s Real=0.09s
[72.447s][info][gc,start       ] GC(189) Pause Young (Allocation Failure)
[72.536s][info][gc,heap        ] GC(189) PSYoungGen: 227520K(227840K)->77008K(216064K) Eden: 153088K(153088K)->0K(116736K) From: 74432K(74752K)->77008K(99328K)
[72.537s][info][gc,heap        ] GC(189) ParOldGen: 623688K(667648K)->623688K(667648K)
[72.537s][info][gc,metaspace   ] GC(189) Metaspace: 17530K(17664K)->17530K(17664K) NonClass: 15725K(15808K)->15725K(15808K) Class: 1805K(1856K)->1805K(1856K)
[72.537s][info][gc             ] GC(189) Pause Young (Allocation Failure) 831M->684M(863M) 89.242ms
[72.537s][info][gc,cpu         ] GC(189) User=0.18s Sys=0.00s Real=0.09s
[72.676s][info][gc,start       ] GC(190) Pause Young (Allocation Failure)
[72.767s][info][gc,heap        ] GC(190) PSYoungGen: 193744K(216064K)->80400K(197632K) Eden: 116736K(116736K)->0K(116736K) From: 77008K(99328K)->80400K(80896K)
[72.767s][info][gc,heap        ] GC(190) ParOldGen: 623688K(667648K)->624888K(667648K)
[72.767s][info][gc,metaspace   ] GC(190) Metaspace: 17537K(17664K)->17537K(17664K) NonClass: 15732K(15808K)->15732K(15808K) Class: 1805K(1856K)->1805K(1856K)
[72.767s][info][gc             ] GC(190) Pause Young (Allocation Failure) 798M->688M(845M) 90.775ms
[72.767s][info][gc,cpu         ] GC(190) User=0.18s Sys=0.00s Real=0.09s
[72.881s][info][gc,start       ] GC(191) Pause Young (Allocation Failure)
[72.972s][info][gc,heap        ] GC(191) PSYoungGen: 197136K(197632K)->76656K(222720K) Eden: 116736K(116736K)->0K(111616K) From: 80400K(80896K)->76656K(111104K)
[72.972s][info][gc,heap        ] GC(191) ParOldGen: 624888K(667648K)->628704K(667648K)
[72.972s][info][gc,metaspace   ] GC(191) Metaspace: 17537K(17664K)->17537K(17664K) NonClass: 15732K(15808K)->15732K(15808K) Class: 1805K(1856K)->1805K(1856K)
[72.972s][info][gc             ] GC(191) Pause Young (Allocation Failure) 802M->688M(869M) 90.989ms
[72.972s][info][gc,cpu         ] GC(191) User=0.18s Sys=0.00s Real=0.10s
[73.044s][info][gc,start       ] GC(192) Pause Young (Allocation Failure)
[73.125s][info][gc,heap        ] GC(192) PSYoungGen: 188272K(222720K)->62144K(222720K) Eden: 111616K(111616K)->0K(111616K) From: 76656K(111104K)->62144K(111104K)
[73.125s][info][gc,heap        ] GC(192) ParOldGen: 628704K(667648K)->643289K(667648K)
[73.125s][info][gc,metaspace   ] GC(192) Metaspace: 17537K(17664K)->17537K(17664K) NonClass: 15732K(15808K)->15732K(15808K) Class: 1805K(1856K)->1805K(1856K)
[73.125s][info][gc             ] GC(192) Pause Young (Allocation Failure) 797M->688M(869M) 80.728ms
[73.125s][info][gc,cpu         ] GC(192) User=0.16s Sys=0.00s Real=0.08s
[73.318s][info][gc,start       ] GC(193) Pause Full (Allocation Failure)
[73.318s][info][gc,phases,start] GC(193) Marking Phase
[73.609s][info][gc,phases      ] GC(193) Marking Phase 290.880ms
[73.609s][info][gc,phases,start] GC(193) Summary Phase
[73.609s][info][gc,phases      ] GC(193) Summary Phase 0.033ms
[73.609s][info][gc,phases,start] GC(193) Forward
[73.722s][info][gc,phases      ] GC(193) Forward 112.994ms
[73.722s][info][gc,phases,start] GC(193) Adjust Pointers
[73.960s][info][gc,phases      ] GC(193) Adjust Pointers 237.599ms
[73.960s][info][gc,phases,start] GC(193) Compaction Phase
[74.097s][info][gc,phases      ] GC(193) Compaction Phase 137.249ms
[74.109s][info][gc,phases,start] GC(193) Post Compact
[74.111s][info][gc,phases      ] GC(193) Post Compact 2.494ms
[74.116s][info][gc,heap        ] GC(193) PSYoungGen: 173760K(222720K)->0K(222720K) Eden: 111616K(111616K)->0K(111616K) From: 62144K(111104K)->0K(111104K)
[74.116s][info][gc,heap        ] GC(193) ParOldGen: 643289K(667648K)->385302K(613888K)
[74.116s][info][gc,metaspace   ] GC(193) Metaspace: 17537K(17664K)->17537K(17664K) NonClass: 15732K(15808K)->15732K(15808K) Class: 1805K(1856K)->1805K(1856K)
[74.116s][info][gc             ] GC(193) Pause Full (Allocation Failure) 797M->376M(817M) 797.868ms
[74.116s][info][gc,cpu         ] GC(193) User=1.44s Sys=0.01s Real=0.80s
[74.303s][info][gc,start       ] GC(194) Pause Young (Allocation Failure)
[74.312s][info][gc,heap        ] GC(194) PSYoungGen: 111616K(222720K)->7136K(222720K) Eden: 111616K(111616K)->0K(111616K) From: 0K(111104K)->7136K(111104K)
[74.312s][info][gc,heap        ] GC(194) ParOldGen: 385302K(613888K)->385302K(613888K)
[74.312s][info][gc,metaspace   ] GC(194) Metaspace: 17537K(17664K)->17537K(17664K) NonClass: 15732K(15808K)->15732K(15808K) Class: 1805K(1856K)->1805K(1856K)
[74.312s][info][gc             ] GC(194) Pause Young (Allocation Failure) 485M->383M(817M) 9.492ms
[74.312s][info][gc,cpu         ] GC(194) User=0.02s Sys=0.00s Real=0.01s
[74.702s][info][gc,start       ] GC(195) Pause Young (Allocation Failure)
[74.712s][info][gc,heap        ] GC(195) PSYoungGen: 118752K(222720K)->7200K(222720K) Eden: 111616K(111616K)->0K(111616K) From: 7136K(111104K)->7200K(111104K)
[74.712s][info][gc,heap        ] GC(195) ParOldGen: 385302K(613888K)->385302K(613888K)
[74.712s][info][gc,metaspace   ] GC(195) Metaspace: 17537K(17664K)->17537K(17664K) NonClass: 15732K(15808K)->15732K(15808K) Class: 1805K(1856K)->1805K(1856K)
[74.712s][info][gc             ] GC(195) Pause Young (Allocation Failure) 492M->383M(817M) 10.173ms
[74.712s][info][gc,cpu         ] GC(195) User=0.02s Sys=0.00s Real=0.01s
[75.035s][info][gc,start       ] GC(196) Pause Young (Allocation Failure)
[75.049s][info][gc,heap        ] GC(196) PSYoungGen: 118816K(222720K)->7392K(222720K) Eden: 111616K(111616K)->0K(111616K) From: 7200K(111104K)->7392K(111104K)
[75.049s][info][gc,heap        ] GC(196) ParOldGen: 385302K(613888K)->385302K(613888K)
[75.049s][info][gc,metaspace   ] GC(196) Metaspace: 17537K(17664K)->17537K(17664K) NonClass: 15732K(15808K)->15732K(15808K) Class: 1805K(1856K)->1805K(1856K)
[75.049s][info][gc             ] GC(196) Pause Young (Allocation Failure) 492M->383M(817M) 13.821ms
[75.049s][info][gc,cpu         ] GC(196) User=0.02s Sys=0.00s Real=0.01s
[75.365s][info][gc,start       ] GC(197) Pause Young (Allocation Failure)
[75.375s][info][gc,heap        ] GC(197) PSYoungGen: 119008K(222720K)->7408K(222720K) Eden: 111616K(111616K)->0K(111616K) From: 7392K(111104K)->7408K(111104K)
[75.375s][info][gc,heap        ] GC(197) ParOldGen: 385302K(613888K)->385302K(613888K)
[75.375s][info][gc,metaspace   ] GC(197) Metaspace: 17537K(17664K)->17537K(17664K) NonClass: 15732K(15808K)->15732K(15808K) Class: 1805K(1856K)->1805K(1856K)
[75.375s][info][gc             ] GC(197) Pause Young (Allocation Failure) 492M->383M(817M) 9.773ms
[75.375s][info][gc,cpu         ] GC(197) User=0.02s Sys=0.00s Real=0.01s
[75.622s][info][gc,start       ] GC(198) Pause Young (Allocation Failure)
[75.632s][info][gc,heap        ] GC(198) PSYoungGen: 119024K(222720K)->272K(222720K) Eden: 111616K(111616K)->0K(111616K) From: 7408K(111104K)->272K(111104K)
[75.632s][info][gc,heap        ] GC(198) ParOldGen: 385302K(613888K)->392494K(613888K)
[75.632s][info][gc,metaspace   ] GC(198) Metaspace: 17541K(17664K)->17541K(17664K) NonClass: 15736K(15808K)->15736K(15808K) Class: 1805K(1856K)->1805K(1856K)
[75.632s][info][gc             ] GC(198) Pause Young (Allocation Failure) 492M->383M(817M) 10.179ms
[75.632s][info][gc,cpu         ] GC(198) User=0.02s Sys=0.00s Real=0.01s
[76.010s][info][gc,start       ] GC(199) Pause Young (Allocation Failure)
[76.013s][info][gc,heap        ] GC(199) PSYoungGen: 111888K(222720K)->512K(217600K) Eden: 111616K(111616K)->0K(111616K) From: 272K(111104K)->512K(105984K)
[76.013s][info][gc,heap        ] GC(199) ParOldGen: 392494K(613888K)->392494K(613888K)
[76.013s][info][gc,metaspace   ] GC(199) Metaspace: 17541K(17664K)->17541K(17664K) NonClass: 15736K(15808K)->15736K(15808K) Class: 1805K(1856K)->1805K(1856K)
[76.013s][info][gc             ] GC(199) Pause Young (Allocation Failure) 492M->383M(812M) 3.098ms
[76.013s][info][gc,cpu         ] GC(199) User=0.01s Sys=0.00s Real=0.01s
[76.285s][info][gc,start       ] GC(200) Pause Young (Allocation Failure)
[76.300s][info][gc,heap        ] GC(200) PSYoungGen: 112128K(217600K)->8496K(220160K) Eden: 111616K(111616K)->0K(111616K) From: 512K(105984K)->8496K(108544K)
[76.301s][info][gc,heap        ] GC(200) ParOldGen: 392494K(613888K)->392494K(613888K)
[76.301s][info][gc,metaspace   ] GC(200) Metaspace: 17541K(17664K)->17541K(17664K) NonClass: 15736K(15808K)->15736K(15808K) Class: 1805K(1856K)->1805K(1856K)
[76.301s][info][gc             ] GC(200) Pause Young (Allocation Failure) 492M->391M(814M) 15.576ms
[76.301s][info][gc,cpu         ] GC(200) User=0.02s Sys=0.00s Real=0.01s
[76.471s][info][gc,start       ] GC(201) Pause Young (Allocation Failure)
[76.512s][info][gc,heap        ] GC(201) PSYoungGen: 120112K(220160K)->47744K(220672K) Eden: 111616K(111616K)->0K(117248K) From: 8496K(108544K)->47744K(103424K)
[76.512s][info][gc,heap        ] GC(201) ParOldGen: 392494K(613888K)->392494K(613888K)
[76.512s][info][gc,metaspace   ] GC(201) Metaspace: 17543K(17664K)->17543K(17664K) NonClass: 15738K(15808K)->15738K(15808K) Class: 1805K(1856K)->1805K(1856K)
[76.512s][info][gc             ] GC(201) Pause Young (Allocation Failure) 500M->429M(815M) 41.188ms
[76.512s][info][gc,cpu         ] GC(201) User=0.08s Sys=0.00s Real=0.05s
[76.624s][info][gc,start       ] GC(202) Pause Young (Allocation Failure)
[76.697s][info][gc,heap        ] GC(202) PSYoungGen: 164992K(220672K)->98422K(221184K) Eden: 117248K(117248K)->0K(117248K) From: 47744K(103424K)->98422K(103936K)
[76.697s][info][gc,heap        ] GC(202) ParOldGen: 392494K(613888K)->392494K(613888K)
[76.697s][info][gc,metaspace   ] GC(202) Metaspace: 17543K(17664K)->17543K(17664K) NonClass: 15738K(15808K)->15738K(15808K) Class: 1805K(1856K)->1805K(1856K)
[76.697s][info][gc             ] GC(202) Pause Young (Allocation Failure) 544M->479M(815M) 72.548ms
[76.697s][info][gc,cpu         ] GC(202) User=0.14s Sys=0.00s Real=0.07s
[76.777s][info][gc,start       ] GC(203) Pause Young (Allocation Failure)
[76.897s][info][gc,heap        ] GC(203) PSYoungGen: 215670K(221184K)->111094K(222720K) Eden: 117248K(117248K)->0K(111616K) From: 98422K(103936K)->111094K(111104K)
[76.897s][info][gc,heap        ] GC(203) ParOldGen: 392494K(613888K)->432070K(613888K)
[76.897s][info][gc,metaspace   ] GC(203) Metaspace: 17543K(17664K)->17543K(17664K) NonClass: 15738K(15808K)->15738K(15808K) Class: 1805K(1856K)->1805K(1856K)
[76.897s][info][gc             ] GC(203) Pause Young (Allocation Failure) 593M->530M(817M) 120.063ms
[76.897s][info][gc,cpu         ] GC(203) User=0.22s Sys=0.02s Real=0.12s
[76.968s][info][gc,start       ] GC(204) Pause Young (Allocation Failure)
[77.089s][info][gc,heap        ] GC(204) PSYoungGen: 222710K(222720K)->111104K(222720K) Eden: 111616K(111616K)->0K(111616K) From: 111094K(111104K)->111104K(111104K)
[77.090s][info][gc,heap        ] GC(204) ParOldGen: 432070K(613888K)->479445K(613888K)
[77.090s][info][gc,metaspace   ] GC(204) Metaspace: 17543K(17664K)->17543K(17664K) NonClass: 15738K(15808K)->15738K(15808K) Class: 1805K(1856K)->1805K(1856K)
[77.090s][info][gc             ] GC(204) Pause Young (Allocation Failure) 639M->576M(817M) 121.300ms
[77.090s][info][gc,cpu         ] GC(204) User=0.24s Sys=0.00s Real=0.12s
[77.360s][info][gc,start       ] GC(205) Pause Young (Allocation Failure)
[77.502s][info][gc,heap        ] GC(205) PSYoungGen: 222720K(222720K)->87232K(222720K) Eden: 111616K(111616K)->0K(111616K) From: 111104K(111104K)->87232K(111104K)
[77.502s][info][gc,heap        ] GC(205) ParOldGen: 479445K(613888K)->526597K(613888K)
[77.502s][info][gc,metaspace   ] GC(205) Metaspace: 17549K(17664K)->17549K(17664K) NonClass: 15744K(15808K)->15744K(15808K) Class: 1805K(1856K)->1805K(1856K)
[77.502s][info][gc             ] GC(205) Pause Young (Allocation Failure) 685M->599M(817M) 142.523ms
[77.502s][info][gc,cpu         ] GC(205) User=0.28s Sys=0.00s Real=0.15s
[77.747s][info][gc,start       ] GC(206) Pause Young (Allocation Failure)
[77.860s][info][gc,heap        ] GC(206) PSYoungGen: 198848K(222720K)->44704K(222720K) Eden: 111616K(111616K)->0K(111616K) From: 87232K(111104K)->44704K(111104K)
[77.860s][info][gc,heap        ] GC(206) ParOldGen: 526597K(613888K)->578130K(613888K)
[77.860s][info][gc,metaspace   ] GC(206) Metaspace: 17549K(17664K)->17549K(17664K) NonClass: 15744K(15808K)->15744K(15808K) Class: 1805K(1856K)->1805K(1856K)
[77.860s][info][gc             ] GC(206) Pause Young (Allocation Failure) 708M->608M(817M) 113.125ms
[77.860s][info][gc,cpu         ] GC(206) User=0.22s Sys=0.00s Real=0.11s
[78.006s][info][gc,start       ] GC(207) Pause Young (Allocation Failure)
[78.071s][info][gc,heap        ] GC(207) PSYoungGen: 156320K(222720K)->12064K(222720K) Eden: 111616K(111616K)->0K(111616K) From: 44704K(111104K)->12064K(111104K)
[78.071s][info][gc,heap        ] GC(207) ParOldGen: 578130K(613888K)->614270K(614400K)
[78.071s][info][gc,metaspace   ] GC(207) Metaspace: 17549K(17664K)->17549K(17664K) NonClass: 15744K(15808K)->15744K(15808K) Class: 1805K(1856K)->1805K(1856K)
[78.071s][info][gc             ] GC(207) Pause Young (Allocation Failure) 717M->611M(817M) 65.510ms
[78.072s][info][gc,cpu         ] GC(207) User=0.13s Sys=0.00s Real=0.06s
[78.212s][info][gc,start       ] GC(208) Pause Full (Allocation Failure)
[78.212s][info][gc,phases,start] GC(208) Marking Phase
[78.657s][info][gc,phases      ] GC(208) Marking Phase 445.555ms
[78.657s][info][gc,phases,start] GC(208) Summary Phase
[78.657s][info][gc,phases      ] GC(208) Summary Phase 0.031ms
[78.657s][info][gc,phases,start] GC(208) Forward
[78.768s][info][gc,phases      ] GC(208) Forward 110.850ms
[78.768s][info][gc,phases,start] GC(208) Adjust Pointers
[79.108s][info][gc,phases      ] GC(208) Adjust Pointers 339.773ms
[79.108s][info][gc,phases,start] GC(208) Compaction Phase
[79.328s][info][gc,phases      ] GC(208) Compaction Phase 220.277ms
[79.340s][info][gc,phases,start] GC(208) Post Compact
[79.343s][info][gc,phases      ] GC(208) Post Compact 2.255ms
[79.343s][info][gc,heap        ] GC(208) PSYoungGen: 123680K(222720K)->8431K(222720K) Eden: 111616K(111616K)->0K(111616K) From: 12064K(111104K)->8431K(111104K)
[79.343s][info][gc,heap        ] GC(208) ParOldGen: 614270K(614400K)->613055K(667648K)
[79.343s][info][gc,metaspace   ] GC(208) Metaspace: 17549K(17664K)->17549K(17664K) NonClass: 15744K(15808K)->15744K(15808K) Class: 1805K(1856K)->1805K(1856K)
[79.343s][info][gc             ] GC(208) Pause Full (Allocation Failure) 720M->606M(869M) 1131.056ms
[79.343s][info][gc,cpu         ] GC(208) User=2.22s Sys=0.00s Real=1.14s
[79.525s][info][gc,start       ] GC(209) Pause Full (Allocation Failure)
[79.525s][info][gc,phases,start] GC(209) Marking Phase
[79.852s][info][gc,phases      ] GC(209) Marking Phase 327.161ms
[79.852s][info][gc,phases,start] GC(209) Summary Phase
[79.852s][info][gc,phases      ] GC(209) Summary Phase 0.030ms
[79.852s][info][gc,phases,start] GC(209) Forward
[79.961s][info][gc,phases      ] GC(209) Forward 109.485ms
[79.961s][info][gc,phases,start] GC(209) Adjust Pointers
[80.220s][info][gc,phases      ] GC(209) Adjust Pointers 258.275ms
[80.220s][info][gc,phases,start] GC(209) Compaction Phase
[80.380s][info][gc,phases      ] GC(209) Compaction Phase 160.556ms
[80.393s][info][gc,phases,start] GC(209) Post Compact
[80.395s][info][gc,phases      ] GC(209) Post Compact 2.241ms
[80.395s][info][gc,heap        ] GC(209) PSYoungGen: 120047K(222720K)->0K(222720K) Eden: 111616K(111616K)->0K(111616K) From: 8431K(111104K)->0K(111104K)
[80.395s][info][gc,heap        ] GC(209) ParOldGen: 613055K(667648K)->483102K(667648K)
[80.395s][info][gc,metaspace   ] GC(209) Metaspace: 17549K(17664K)->17549K(17664K) NonClass: 15744K(15808K)->15744K(15808K) Class: 1805K(1856K)->1805K(1856K)
[80.395s][info][gc             ] GC(209) Pause Full (Allocation Failure) 715M->471M(869M) 870.436ms
[80.395s][info][gc,cpu         ] GC(209) User=1.63s Sys=0.00s Real=0.87s
[80.549s][info][gc,start       ] GC(210) Pause Young (Allocation Failure)
[80.569s][info][gc,heap        ] GC(210) PSYoungGen: 111616K(222720K)->7072K(222720K) Eden: 111616K(111616K)->0K(111616K) From: 0K(111104K)->7072K(111104K)
[80.569s][info][gc,heap        ] GC(210) ParOldGen: 483102K(667648K)->483102K(667648K)
[80.569s][info][gc,metaspace   ] GC(210) Metaspace: 17549K(17664K)->17549K(17664K) NonClass: 15744K(15808K)->15744K(15808K) Class: 1805K(1856K)->1805K(1856K)
[80.569s][info][gc             ] GC(210) Pause Young (Allocation Failure) 580M->478M(869M) 19.888ms
[80.569s][info][gc,cpu         ] GC(210) User=0.04s Sys=0.00s Real=0.02s
[80.715s][info][gc,start       ] GC(211) Pause Young (Allocation Failure)
[80.731s][info][gc,heap        ] GC(211) PSYoungGen: 118688K(222720K)->64K(222720K) Eden: 111616K(111616K)->0K(111616K) From: 7072K(111104K)->64K(111104K)
[80.731s][info][gc,heap        ] GC(211) ParOldGen: 483102K(667648K)->490166K(667648K)
[80.731s][info][gc,metaspace   ] GC(211) Metaspace: 17549K(17664K)->17549K(17664K) NonClass: 15744K(15808K)->15744K(15808K) Class: 1805K(1856K)->1805K(1856K)
[80.731s][info][gc             ] GC(211) Pause Young (Allocation Failure) 587M->478M(869M) 15.873ms
[80.731s][info][gc,cpu         ] GC(211) User=0.03s Sys=0.00s Real=0.01s
[80.873s][info][gc,start       ] GC(212) Pause Young (Allocation Failure)
[80.875s][info][gc,heap        ] GC(212) PSYoungGen: 111680K(222720K)->64K(222720K) Eden: 111616K(111616K)->0K(111616K) From: 64K(111104K)->64K(111104K)
[80.875s][info][gc,heap        ] GC(212) ParOldGen: 490166K(667648K)->490166K(667648K)
[80.875s][info][gc,metaspace   ] GC(212) Metaspace: 17549K(17664K)->17549K(17664K) NonClass: 15744K(15808K)->15744K(15808K) Class: 1805K(1856K)->1805K(1856K)
[80.875s][info][gc             ] GC(212) Pause Young (Allocation Failure) 587M->478M(869M) 1.778ms
[80.875s][info][gc,cpu         ] GC(212) User=0.01s Sys=0.00s Real=0.00s
[81.017s][info][gc,start       ] GC(213) Pause Young (Allocation Failure)
[81.019s][info][gc,heap        ] GC(213) PSYoungGen: 111680K(222720K)->64K(222720K) Eden: 111616K(111616K)->0K(111616K) From: 64K(111104K)->64K(111104K)
[81.019s][info][gc,heap        ] GC(213) ParOldGen: 490166K(667648K)->490166K(667648K)
[81.019s][info][gc,metaspace   ] GC(213) Metaspace: 17549K(17664K)->17549K(17664K) NonClass: 15744K(15808K)->15744K(15808K) Class: 1805K(1856K)->1805K(1856K)
[81.019s][info][gc             ] GC(213) Pause Young (Allocation Failure) 587M->478M(869M) 1.798ms
[81.019s][info][gc,cpu         ] GC(213) User=0.00s Sys=0.00s Real=0.00s
[81.163s][info][gc,start       ] GC(214) Pause Young (Allocation Failure)
[81.164s][info][gc,heap        ] GC(214) PSYoungGen: 111680K(222720K)->64K(222720K) Eden: 111616K(111616K)->0K(111616K) From: 64K(111104K)->64K(111104K)
[81.164s][info][gc,heap        ] GC(214) ParOldGen: 490166K(667648K)->490166K(667648K)
[81.164s][info][gc,metaspace   ] GC(214) Metaspace: 17549K(17664K)->17549K(17664K) NonClass: 15744K(15808K)->15744K(15808K) Class: 1805K(1856K)->1805K(1856K)
[81.164s][info][gc             ] GC(214) Pause Young (Allocation Failure) 587M->478M(869M) 1.777ms
[81.164s][info][gc,cpu         ] GC(214) User=0.00s Sys=0.00s Real=0.00s
[81.311s][info][gc,start       ] GC(215) Pause Young (Allocation Failure)
[81.312s][info][gc,heap        ] GC(215) PSYoungGen: 111680K(222720K)->64K(222720K) Eden: 111616K(111616K)->0K(111616K) From: 64K(111104K)->64K(111104K)
[81.312s][info][gc,heap        ] GC(215) ParOldGen: 490166K(667648K)->490166K(667648K)
[81.312s][info][gc,metaspace   ] GC(215) Metaspace: 17549K(17664K)->17549K(17664K) NonClass: 15744K(15808K)->15744K(15808K) Class: 1805K(1856K)->1805K(1856K)
[81.312s][info][gc             ] GC(215) Pause Young (Allocation Failure) 587M->478M(869M) 1.749ms
[81.312s][info][gc,cpu         ] GC(215) User=0.00s Sys=0.00s Real=0.01s
[81.456s][info][gc,start       ] GC(216) Pause Young (Allocation Failure)
[81.458s][info][gc,heap        ] GC(216) PSYoungGen: 111680K(222720K)->64K(222720K) Eden: 111616K(111616K)->0K(111616K) From: 64K(111104K)->64K(111104K)
[81.458s][info][gc,heap        ] GC(216) ParOldGen: 490166K(667648K)->490166K(667648K)
[81.458s][info][gc,metaspace   ] GC(216) Metaspace: 17549K(17664K)->17549K(17664K) NonClass: 15744K(15808K)->15744K(15808K) Class: 1805K(1856K)->1805K(1856K)
[81.458s][info][gc             ] GC(216) Pause Young (Allocation Failure) 587M->478M(869M) 1.759ms
[81.458s][info][gc,cpu         ] GC(216) User=0.00s Sys=0.00s Real=0.00s
[81.604s][info][gc,start       ] GC(217) Pause Young (Allocation Failure)
[81.606s][info][gc,heap        ] GC(217) PSYoungGen: 111680K(222720K)->64K(222720K) Eden: 111616K(111616K)->0K(111616K) From: 64K(111104K)->64K(111104K)
[81.606s][info][gc,heap        ] GC(217) ParOldGen: 490166K(667648K)->490166K(667648K)
[81.606s][info][gc,metaspace   ] GC(217) Metaspace: 17549K(17664K)->17549K(17664K) NonClass: 15744K(15808K)->15744K(15808K) Class: 1805K(1856K)->1805K(1856K)
[81.606s][info][gc             ] GC(217) Pause Young (Allocation Failure) 587M->478M(869M) 1.754ms
[81.606s][info][gc,cpu         ] GC(217) User=0.00s Sys=0.00s Real=0.00s
[81.719s][info][gc,start       ] GC(218) Pause Young (Allocation Failure)
[81.737s][info][gc,heap        ] GC(218) PSYoungGen: 111680K(222720K)->14400K(222720K) Eden: 111616K(111616K)->0K(111616K) From: 64K(111104K)->14400K(111104K)
[81.738s][info][gc,heap        ] GC(218) ParOldGen: 490166K(667648K)->490166K(667648K)
[81.738s][info][gc,metaspace   ] GC(218) Metaspace: 17550K(17664K)->17550K(17664K) NonClass: 15744K(15808K)->15744K(15808K) Class: 1805K(1856K)->1805K(1856K)
[81.738s][info][gc             ] GC(218) Pause Young (Allocation Failure) 587M->492M(869M) 18.359ms
[81.738s][info][gc,cpu         ] GC(218) User=0.03s Sys=0.00s Real=0.02s
[81.845s][info][gc,start       ] GC(219) Pause Young (Allocation Failure)
[81.874s][info][gc,heap        ] GC(219) PSYoungGen: 126016K(222720K)->11232K(222720K) Eden: 111616K(111616K)->0K(111616K) From: 14400K(111104K)->11232K(111104K)
[81.874s][info][gc,heap        ] GC(219) ParOldGen: 490166K(667648K)->504574K(667648K)
[81.874s][info][gc,metaspace   ] GC(219) Metaspace: 17550K(17664K)->17550K(17664K) NonClass: 15744K(15808K)->15744K(15808K) Class: 1805K(1856K)->1805K(1856K)
[81.874s][info][gc             ] GC(219) Pause Young (Allocation Failure) 601M->503M(869M) 29.174ms
[81.875s][info][gc,cpu         ] GC(219) User=0.06s Sys=0.00s Real=0.03s
[81.949s][info][gc,start       ] GC(220) Pause Young (Allocation Failure)
[81.972s][info][gc,heap        ] GC(220) PSYoungGen: 122847K(222720K)->7456K(213504K) Eden: 111615K(111616K)->0K(111616K) From: 11232K(111104K)->7456K(101888K)
[81.972s][info][gc,heap        ] GC(220) ParOldGen: 504574K(667648K)->515822K(667648K)
[81.972s][info][gc,metaspace   ] GC(220) Metaspace: 17550K(17664K)->17550K(17664K) NonClass: 15744K(15808K)->15744K(15808K) Class: 1805K(1856K)->1805K(1856K)
[81.972s][info][gc             ] GC(220) Pause Young (Allocation Failure) 612M->511M(860M) 22.559ms
[81.972s][info][gc,cpu         ] GC(220) User=0.05s Sys=0.00s Real=0.02s
[82.070s][info][gc,start       ] GC(221) Pause Young (Allocation Failure)
[82.085s][info][gc,heap        ] GC(221) PSYoungGen: 119072K(213504K)->8192K(218112K) Eden: 111616K(111616K)->0K(111616K) From: 7456K(101888K)->8192K(106496K)
[82.085s][info][gc,heap        ] GC(221) ParOldGen: 515822K(667648K)->515822K(667648K)
[82.085s][info][gc,metaspace   ] GC(221) Metaspace: 17550K(17664K)->17550K(17664K) NonClass: 15744K(15808K)->15744K(15808K) Class: 1805K(1856K)->1805K(1856K)
[82.085s][info][gc             ] GC(221) Pause Young (Allocation Failure) 620M->511M(865M) 15.219ms
[82.085s][info][gc,cpu         ] GC(221) User=0.03s Sys=0.00s Real=0.02s
[82.181s][info][gc,start       ] GC(222) Pause Young (Allocation Failure)
[82.198s][info][gc,heap        ] GC(222) PSYoungGen: 119808K(218112K)->9728K(204800K) Eden: 111616K(111616K)->0K(117760K) From: 8192K(106496K)->9728K(87040K)
[82.198s][info][gc,heap        ] GC(222) ParOldGen: 515822K(667648K)->515822K(667648K)
[82.198s][info][gc,metaspace   ] GC(222) Metaspace: 17550K(17664K)->17550K(17664K) NonClass: 15744K(15808K)->15744K(15808K) Class: 1805K(1856K)->1805K(1856K)
[82.198s][info][gc             ] GC(222) Pause Young (Allocation Failure) 620M->513M(852M) 16.595ms
[82.198s][info][gc,cpu         ] GC(222) User=0.03s Sys=0.00s Real=0.02s
[82.321s][info][gc,start       ] GC(223) Pause Young (Allocation Failure)
[82.335s][info][gc,heap        ] GC(223) PSYoungGen: 127488K(204800K)->9696K(211456K) Eden: 117760K(117760K)->0K(117760K) From: 9728K(87040K)->9696K(93696K)
[82.335s][info][gc,heap        ] GC(223) ParOldGen: 515822K(667648K)->515822K(667648K)
[82.335s][info][gc,metaspace   ] GC(223) Metaspace: 17550K(17664K)->17550K(17664K) NonClass: 15744K(15808K)->15744K(15808K) Class: 1805K(1856K)->1805K(1856K)
[82.335s][info][gc             ] GC(223) Pause Young (Allocation Failure) 628M->513M(858M) 13.798ms
[82.335s][info][gc,cpu         ] GC(223) User=0.03s Sys=0.00s Real=0.02s
[82.452s][info][gc,start       ] GC(224) Pause Young (Allocation Failure)
[82.474s][info][gc,heap        ] GC(224) PSYoungGen: 127456K(211456K)->17664K(198144K) Eden: 117760K(117760K)->0K(123904K) From: 9696K(93696K)->17664K(74240K)
[82.474s][info][gc,heap        ] GC(224) ParOldGen: 515822K(667648K)->515822K(667648K)
[82.474s][info][gc,metaspace   ] GC(224) Metaspace: 17550K(17664K)->17550K(17664K) NonClass: 15744K(15808K)->15744K(15808K) Class: 1805K(1856K)->1805K(1856K)
[82.474s][info][gc             ] GC(224) Pause Young (Allocation Failure) 628M->520M(845M) 21.802ms
[82.474s][info][gc,cpu         ] GC(224) User=0.04s Sys=0.01s Real=0.02s
[82.662s][info][gc,start       ] GC(225) Pause Young (Allocation Failure)
[82.685s][info][gc,heap        ] GC(225) PSYoungGen: 141568K(198144K)->18432K(204800K) Eden: 123904K(123904K)->0K(123904K) From: 17664K(74240K)->18432K(80896K)
[82.685s][info][gc,heap        ] GC(225) ParOldGen: 515822K(667648K)->515822K(667648K)
[82.685s][info][gc,metaspace   ] GC(225) Metaspace: 17550K(17664K)->17550K(17664K) NonClass: 15744K(15808K)->15744K(15808K) Class: 1805K(1856K)->1805K(1856K)
[82.685s][info][gc             ] GC(225) Pause Young (Allocation Failure) 641M->521M(852M) 22.236ms
[82.685s][info][gc,cpu         ] GC(225) User=0.05s Sys=0.00s Real=0.02s
[82.926s][info][gc,start       ] GC(226) Pause Young (Allocation Failure)
[82.948s][info][gc,heap        ] GC(226) PSYoungGen: 142336K(204800K)->18464K(194048K) Eden: 123904K(123904K)->0K(130048K) From: 18432K(80896K)->18464K(64000K)
[82.948s][info][gc,heap        ] GC(226) ParOldGen: 515822K(667648K)->515822K(667648K)
[82.948s][info][gc,metaspace   ] GC(226) Metaspace: 17550K(17664K)->17550K(17664K) NonClass: 15744K(15808K)->15744K(15808K) Class: 1805K(1856K)->1805K(1856K)
[82.948s][info][gc             ] GC(226) Pause Young (Allocation Failure) 642M->521M(841M) 22.804ms
[82.948s][info][gc,cpu         ] GC(226) User=0.05s Sys=0.00s Real=0.02s
[83.190s][info][gc,start       ] GC(227) Pause Young (Allocation Failure)
[83.213s][info][gc,heap        ] GC(227) PSYoungGen: 148512K(194048K)->18592K(199680K) Eden: 130048K(130048K)->0K(130048K) From: 18464K(64000K)->18592K(69632K)
[83.213s][info][gc,heap        ] GC(227) ParOldGen: 515822K(667648K)->515822K(667648K)
[83.213s][info][gc,metaspace   ] GC(227) Metaspace: 17550K(17664K)->17550K(17664K) NonClass: 15744K(15808K)->15744K(15808K) Class: 1805K(1856K)->1805K(1856K)
[83.213s][info][gc             ] GC(227) Pause Young (Allocation Failure) 648M->521M(847M) 23.115ms
[83.213s][info][gc,cpu         ] GC(227) User=0.04s Sys=0.00s Real=0.03s
[83.430s][info][gc,start       ] GC(228) Pause Young (Allocation Failure)
[83.453s][info][gc,heap        ] GC(228) PSYoungGen: 148640K(199680K)->18592K(191488K) Eden: 130048K(130048K)->0K(135680K) From: 18592K(69632K)->18592K(55808K)
[83.453s][info][gc,heap        ] GC(228) ParOldGen: 515822K(667648K)->515822K(667648K)
[83.453s][info][gc,metaspace   ] GC(228) Metaspace: 17550K(17664K)->17550K(17664K) NonClass: 15744K(15808K)->15744K(15808K) Class: 1805K(1856K)->1805K(1856K)
[83.453s][info][gc             ] GC(228) Pause Young (Allocation Failure) 648M->521M(839M) 22.817ms
[83.453s][info][gc,cpu         ] GC(228) User=0.04s Sys=0.00s Real=0.03s
[83.667s][info][gc,start       ] GC(229) Pause Young (Allocation Failure)
[83.691s][info][gc,heap        ] GC(229) PSYoungGen: 154272K(191488K)->18592K(196096K) Eden: 135680K(135680K)->0K(135680K) From: 18592K(55808K)->18592K(60416K)
[83.691s][info][gc,heap        ] GC(229) ParOldGen: 515822K(667648K)->515822K(667648K)
[83.691s][info][gc,metaspace   ] GC(229) Metaspace: 17550K(17664K)->17550K(17664K) NonClass: 15744K(15808K)->15744K(15808K) Class: 1805K(1856K)->1805K(1856K)
[83.691s][info][gc             ] GC(229) Pause Young (Allocation Failure) 654M->521M(843M) 23.520ms
[83.691s][info][gc,cpu         ] GC(229) User=0.04s Sys=0.00s Real=0.02s
[83.905s][info][gc,start       ] GC(230) Pause Young (Allocation Failure)
[83.940s][info][gc,heap        ] GC(230) PSYoungGen: 154272K(196096K)->32576K(196608K) Eden: 135680K(135680K)->0K(140288K) From: 18592K(60416K)->32576K(56320K)
[83.940s][info][gc,heap        ] GC(230) ParOldGen: 515822K(667648K)->515822K(667648K)
[83.940s][info][gc,metaspace   ] GC(230) Metaspace: 17550K(17664K)->17550K(17664K) NonClass: 15744K(15808K)->15744K(15808K) Class: 1805K(1856K)->1805K(1856K)
[83.941s][info][gc             ] GC(230) Pause Young (Allocation Failure) 654M->535M(844M) 35.318ms
[83.941s][info][gc,cpu         ] GC(230) User=0.07s Sys=0.00s Real=0.03s
[84.133s][info][gc,start       ] GC(231) Pause Young (Allocation Failure)
[84.170s][info][gc,heap        ] GC(231) PSYoungGen: 172864K(196608K)->32608K(198144K) Eden: 140288K(140288K)->0K(140288K) From: 32576K(56320K)->32608K(57856K)
[84.170s][info][gc,heap        ] GC(231) ParOldGen: 515822K(667648K)->515822K(667648K)
[84.170s][info][gc,metaspace   ] GC(231) Metaspace: 17550K(17664K)->17550K(17664K) NonClass: 15744K(15808K)->15744K(15808K) Class: 1805K(1856K)->1805K(1856K)
[84.170s][info][gc             ] GC(231) Pause Young (Allocation Failure) 672M->535M(845M) 36.876ms
[84.170s][info][gc,cpu         ] GC(231) User=0.07s Sys=0.00s Real=0.03s
[84.313s][info][gc,start       ] GC(232) Pause Young (Allocation Failure)
[84.361s][info][gc,heap        ] GC(232) PSYoungGen: 172896K(198144K)->50112K(200192K) Eden: 140288K(140288K)->0K(140800K) From: 32608K(57856K)->50112K(59392K)
[84.361s][info][gc,heap        ] GC(232) ParOldGen: 515822K(667648K)->515822K(667648K)
[84.361s][info][gc,metaspace   ] GC(232) Metaspace: 17550K(17664K)->17550K(17664K) NonClass: 15744K(15808K)->15744K(15808K) Class: 1805K(1856K)->1805K(1856K)
[84.361s][info][gc             ] GC(232) Pause Young (Allocation Failure) 672M->552M(847M) 48.753ms
[84.361s][info][gc,cpu         ] GC(232) User=0.09s Sys=0.01s Real=0.04s
[84.521s][info][gc,start       ] GC(233) Pause Young (Allocation Failure)
[84.597s][info][gc,heap        ] GC(233) PSYoungGen: 190912K(200192K)->66016K(206848K) Eden: 140800K(140800K)->0K(140800K) From: 50112K(59392K)->66016K(66048K)
[84.597s][info][gc,heap        ] GC(233) ParOldGen: 515822K(667648K)->539618K(667648K)
[84.597s][info][gc,metaspace   ] GC(233) Metaspace: 17558K(17728K)->17558K(17728K) NonClass: 15753K(15872K)->15753K(15872K) Class: 1805K(1856K)->1805K(1856K)
[84.597s][info][gc             ] GC(233) Pause Young (Allocation Failure) 690M->591M(854M) 76.710ms
[84.597s][info][gc,cpu         ] GC(233) User=0.15s Sys=0.00s Real=0.08s
[84.915s][info][gc,start       ] GC(234) Pause Young (Allocation Failure)
[85.008s][info][gc,heap        ] GC(234) PSYoungGen: 206816K(206848K)->60384K(231936K) Eden: 140800K(140800K)->0K(145408K) From: 66016K(66048K)->60384K(86528K)
[85.008s][info][gc,heap        ] GC(234) ParOldGen: 539618K(667648K)->547810K(667648K)
[85.008s][info][gc,metaspace   ] GC(234) Metaspace: 17567K(17728K)->17567K(17728K) NonClass: 15760K(15872K)->15760K(15872K) Class: 1806K(1856K)->1806K(1856K)
[85.008s][info][gc             ] GC(234) Pause Young (Allocation Failure) 728M->593M(878M) 93.115ms
[85.008s][info][gc,cpu         ] GC(234) User=0.15s Sys=0.03s Real=0.09s
[85.231s][info][gc,start       ] GC(235) Pause Young (Allocation Failure)
[85.318s][info][gc,heap        ] GC(235) PSYoungGen: 205792K(231936K)->73440K(219136K) Eden: 145408K(145408K)->0K(145408K) From: 60384K(86528K)->73440K(73728K)
[85.318s][info][gc,heap        ] GC(235) ParOldGen: 547810K(667648K)->547810K(667648K)
[85.318s][info][gc,metaspace   ] GC(235) Metaspace: 17581K(17728K)->17581K(17728K) NonClass: 15773K(15872K)->15773K(15872K) Class: 1808K(1856K)->1808K(1856K)
[85.318s][info][gc             ] GC(235) Pause Young (Allocation Failure) 735M->606M(866M) 86.548ms
[85.318s][info][gc,cpu         ] GC(235) User=0.17s Sys=0.00s Real=0.09s
[85.506s][info][gc,start       ] GC(236) Pause Young (Allocation Failure)
[85.595s][info][gc,heap        ] GC(236) PSYoungGen: 218848K(219136K)->73408K(218624K) Eden: 145408K(145408K)->0K(117760K) From: 73440K(73728K)->73408K(100864K)
[85.595s][info][gc,heap        ] GC(236) ParOldGen: 547810K(667648K)->547810K(667648K)
[85.595s][info][gc,metaspace   ] GC(236) Metaspace: 17581K(17728K)->17581K(17728K) NonClass: 15773K(15872K)->15773K(15872K) Class: 1808K(1856K)->1808K(1856K)
[85.595s][info][gc             ] GC(236) Pause Young (Allocation Failure) 748M->606M(865M) 89.235ms
[85.595s][info][gc,cpu         ] GC(236) User=0.17s Sys=0.01s Real=0.09s
[85.741s][info][gc,start       ] GC(237) Pause Young (Allocation Failure)
[85.826s][info][gc,heap        ] GC(237) PSYoungGen: 191168K(218624K)->71904K(189952K) Eden: 117760K(117760K)->0K(117760K) From: 73408K(100864K)->71904K(72192K)
[85.826s][info][gc,heap        ] GC(237) ParOldGen: 547810K(667648K)->549338K(667648K)
[85.826s][info][gc,metaspace   ] GC(237) Metaspace: 17581K(17728K)->17581K(17728K) NonClass: 15773K(15872K)->15773K(15872K) Class: 1808K(1856K)->1808K(1856K)
[85.826s][info][gc             ] GC(237) Pause Young (Allocation Failure) 721M->606M(837M) 84.648ms
[85.826s][info][gc,cpu         ] GC(237) User=0.17s Sys=0.00s Real=0.09s
[85.977s][info][gc,start       ] GC(238) Pause Young (Allocation Failure)
[86.061s][info][gc,heap        ] GC(238) PSYoungGen: 189664K(189952K)->63968K(222720K) Eden: 117760K(117760K)->0K(111616K) From: 71904K(72192K)->63968K(111104K)
[86.061s][info][gc,heap        ] GC(238) ParOldGen: 549338K(667648K)->557314K(667648K)
[86.061s][info][gc,metaspace   ] GC(238) Metaspace: 17581K(17728K)->17581K(17728K) NonClass: 15773K(15872K)->15773K(15872K) Class: 1808K(1856K)->1808K(1856K)
[86.061s][info][gc             ] GC(238) Pause Young (Allocation Failure) 721M->606M(869M) 84.630ms
[86.061s][info][gc,cpu         ] GC(238) User=0.16s Sys=0.00s Real=0.08s
[86.203s][info][gc,start       ] GC(239) Pause Young (Allocation Failure)
[86.280s][info][gc,heap        ] GC(239) PSYoungGen: 175584K(222720K)->63200K(222720K) Eden: 111616K(111616K)->0K(111616K) From: 63968K(111104K)->63200K(111104K)
[86.280s][info][gc,heap        ] GC(239) ParOldGen: 557314K(667648K)->558098K(667648K)
[86.280s][info][gc,metaspace   ] GC(239) Metaspace: 17581K(17728K)->17581K(17728K) NonClass: 15773K(15872K)->15773K(15872K) Class: 1808K(1856K)->1808K(1856K)
[86.280s][info][gc             ] GC(239) Pause Young (Allocation Failure) 715M->606M(869M) 76.473ms
[86.280s][info][gc,cpu         ] GC(239) User=0.16s Sys=0.00s Real=0.07s
[86.406s][info][gc,start       ] GC(240) Pause Young (Allocation Failure)
[86.495s][info][gc,heap        ] GC(240) PSYoungGen: 174816K(222720K)->72448K(222720K) Eden: 111616K(111616K)->0K(111616K) From: 63200K(111104K)->72448K(111104K)
[86.495s][info][gc,heap        ] GC(240) ParOldGen: 558098K(667648K)->558256K(667648K)
[86.495s][info][gc,metaspace   ] GC(240) Metaspace: 17581K(17728K)->17581K(17728K) NonClass: 15773K(15872K)->15773K(15872K) Class: 1808K(1856K)->1808K(1856K)
[86.495s][info][gc             ] GC(240) Pause Young (Allocation Failure) 715M->615M(869M) 88.791ms
[86.495s][info][gc,cpu         ] GC(240) User=0.17s Sys=0.00s Real=0.09s
[86.611s][info][gc,start       ] GC(241) Pause Young (Allocation Failure)
[86.716s][info][gc,heap        ] GC(241) PSYoungGen: 184064K(222720K)->76480K(222720K) Eden: 111616K(111616K)->0K(111616K) From: 72448K(111104K)->76480K(111104K)
[86.716s][info][gc,heap        ] GC(241) ParOldGen: 558256K(667648K)->572320K(667648K)
[86.716s][info][gc,metaspace   ] GC(241) Metaspace: 17581K(17728K)->17581K(17728K) NonClass: 15773K(15872K)->15773K(15872K) Class: 1808K(1856K)->1808K(1856K)
[86.716s][info][gc             ] GC(241) Pause Young (Allocation Failure) 724M->633M(869M) 105.290ms
[86.716s][info][gc,cpu         ] GC(241) User=0.21s Sys=0.00s Real=0.11s
[86.805s][info][gc,start       ] GC(242) Pause Young (Allocation Failure)
[86.912s][info][gc,heap        ] GC(242) PSYoungGen: 188096K(222720K)->76768K(222720K) Eden: 111616K(111616K)->0K(111616K) From: 76480K(111104K)->76768K(111104K)
[86.912s][info][gc,heap        ] GC(242) ParOldGen: 572320K(667648K)->589979K(667648K)
[86.912s][info][gc,metaspace   ] GC(242) Metaspace: 17581K(17728K)->17581K(17728K) NonClass: 15773K(15872K)->15773K(15872K) Class: 1808K(1856K)->1808K(1856K)
[86.912s][info][gc             ] GC(242) Pause Young (Allocation Failure) 742M->651M(869M) 107.569ms
[86.912s][info][gc,cpu         ] GC(242) User=0.21s Sys=0.00s Real=0.11s
[87.019s][info][gc,start       ] GC(243) Pause Young (Allocation Failure)
[87.130s][info][gc,heap        ] GC(243) PSYoungGen: 188384K(222720K)->78048K(222720K) Eden: 111616K(111616K)->0K(111616K) From: 76768K(111104K)->78048K(111104K)
[87.130s][info][gc,heap        ] GC(243) ParOldGen: 589979K(667648K)->608603K(667648K)
[87.130s][info][gc,metaspace   ] GC(243) Metaspace: 17581K(17728K)->17581K(17728K) NonClass: 15773K(15872K)->15773K(15872K) Class: 1808K(1856K)->1808K(1856K)
[87.130s][info][gc             ] GC(243) Pause Young (Allocation Failure) 760M->670M(869M) 110.413ms
[87.130s][info][gc,cpu         ] GC(243) User=0.22s Sys=0.00s Real=0.11s
[87.249s][info][gc,start       ] GC(244) Pause Young (Allocation Failure)
[87.352s][info][gc,heap        ] GC(244) PSYoungGen: 189664K(222720K)->73472K(222720K) Eden: 111616K(111616K)->0K(111616K) From: 78048K(111104K)->73472K(111104K)
[87.352s][info][gc,heap        ] GC(244) ParOldGen: 608603K(667648K)->621667K(667648K)
[87.352s][info][gc,metaspace   ] GC(244) Metaspace: 17581K(17728K)->17581K(17728K) NonClass: 15773K(15872K)->15773K(15872K) Class: 1808K(1856K)->1808K(1856K)
[87.352s][info][gc             ] GC(244) Pause Young (Allocation Failure) 779M->678M(869M) 103.646ms
[87.352s][info][gc,cpu         ] GC(244) User=0.20s Sys=0.01s Real=0.11s
[87.426s][info][gc,start       ] GC(245) Pause Young (Allocation Failure)
[87.509s][info][gc,heap        ] GC(245) PSYoungGen: 185088K(222720K)->79456K(222720K) Eden: 111616K(111616K)->0K(111616K) From: 73472K(111104K)->79456K(111104K)
[87.509s][info][gc,heap        ] GC(245) ParOldGen: 621667K(667648K)->621667K(667648K)
[87.509s][info][gc,metaspace   ] GC(245) Metaspace: 17581K(17728K)->17581K(17728K) NonClass: 15773K(15872K)->15773K(15872K) Class: 1808K(1856K)->1808K(1856K)
[87.509s][info][gc             ] GC(245) Pause Young (Allocation Failure) 787M->684M(869M) 83.297ms
[87.509s][info][gc,cpu         ] GC(245) User=0.16s Sys=0.00s Real=0.08s
[87.585s][info][gc,start       ] GC(246) Pause Young (Allocation Failure)
[87.684s][info][gc,heap        ] GC(246) PSYoungGen: 191072K(222720K)->73216K(222720K) Eden: 111616K(111616K)->0K(111616K) From: 79456K(111104K)->73216K(111104K)
[87.684s][info][gc,heap        ] GC(246) ParOldGen: 621667K(667648K)->631147K(667648K)
[87.684s][info][gc,metaspace   ] GC(246) Metaspace: 17581K(17728K)->17581K(17728K) NonClass: 15773K(15872K)->15773K(15872K) Class: 1808K(1856K)->1808K(1856K)
[87.684s][info][gc             ] GC(246) Pause Young (Allocation Failure) 793M->687M(869M) 98.646ms
[87.684s][info][gc,cpu         ] GC(246) User=0.19s Sys=0.01s Real=0.10s
[87.785s][info][gc,start       ] GC(247) Pause Young (Allocation Failure)
[87.884s][info][gc,heap        ] GC(247) PSYoungGen: 184832K(222720K)->37472K(222720K) Eden: 111616K(111616K)->0K(111616K) From: 73216K(111104K)->37472K(111104K)
[87.884s][info][gc,heap        ] GC(247) ParOldGen: 631147K(667648K)->667075K(667648K)
[87.884s][info][gc,metaspace   ] GC(247) Metaspace: 17581K(17728K)->17581K(17728K) NonClass: 15773K(15872K)->15773K(15872K) Class: 1808K(1856K)->1808K(1856K)
[87.884s][info][gc             ] GC(247) Pause Young (Allocation Failure) 796M->688M(869M) 99.122ms
[87.884s][info][gc,cpu         ] GC(247) User=0.17s Sys=0.02s Real=0.10s
[87.965s][info][gc,start       ] GC(248) Pause Full (Allocation Failure)
[87.965s][info][gc,phases,start] GC(248) Marking Phase
[88.257s][info][gc,phases      ] GC(248) Marking Phase 291.521ms
[88.257s][info][gc,phases,start] GC(248) Summary Phase
[88.257s][info][gc,phases      ] GC(248) Summary Phase 0.044ms
[88.257s][info][gc,phases,start] GC(248) Forward
[88.346s][info][gc,phases      ] GC(248) Forward 88.648ms
[88.346s][info][gc,phases,start] GC(248) Adjust Pointers
[88.575s][info][gc,phases      ] GC(248) Adjust Pointers 229.301ms
[88.575s][info][gc,phases,start] GC(248) Compaction Phase
[88.699s][info][gc,phases      ] GC(248) Compaction Phase 123.499ms
[88.707s][info][gc,phases,start] GC(248) Post Compact
[88.709s][info][gc,phases      ] GC(248) Post Compact 2.439ms
[88.711s][info][gc,heap        ] GC(248) PSYoungGen: 149088K(222720K)->0K(222720K) Eden: 111616K(111616K)->0K(111616K) From: 37472K(111104K)->0K(111104K)
[88.711s][info][gc,heap        ] GC(248) ParOldGen: 667075K(667648K)->405068K(646144K)
[88.711s][info][gc,metaspace   ] GC(248) Metaspace: 17581K(17728K)->17581K(17728K) NonClass: 15773K(15872K)->15773K(15872K) Class: 1808K(1856K)->1808K(1856K)
[88.711s][info][gc             ] GC(248) Pause Full (Allocation Failure) 797M->395M(848M) 745.582ms
[88.711s][info][gc,cpu         ] GC(248) User=1.41s Sys=0.01s Real=0.74s
[88.787s][info][gc,start       ] GC(249) Pause Young (Allocation Failure)
[88.803s][info][gc,heap        ] GC(249) PSYoungGen: 111616K(222720K)->9792K(222720K) Eden: 111616K(111616K)->0K(111616K) From: 0K(111104K)->9792K(111104K)
[88.804s][info][gc,heap        ] GC(249) ParOldGen: 405068K(646144K)->405068K(646144K)
[88.804s][info][gc,metaspace   ] GC(249) Metaspace: 17581K(17728K)->17581K(17728K) NonClass: 15773K(15872K)->15773K(15872K) Class: 1808K(1856K)->1808K(1856K)
[88.804s][info][gc             ] GC(249) Pause Young (Allocation Failure) 504M->405M(848M) 16.913ms
[88.804s][info][gc,cpu         ] GC(249) User=0.03s Sys=0.00s Real=0.02s
[88.869s][info][gc,start       ] GC(250) Pause Young (Allocation Failure)
[88.890s][info][gc,heap        ] GC(250) PSYoungGen: 121408K(222720K)->14112K(222720K) Eden: 111616K(111616K)->0K(111616K) From: 9792K(111104K)->14112K(111104K)
[88.890s][info][gc,heap        ] GC(250) ParOldGen: 405068K(646144K)->405068K(646144K)
[88.890s][info][gc,metaspace   ] GC(250) Metaspace: 17581K(17728K)->17581K(17728K) NonClass: 15773K(15872K)->15773K(15872K) Class: 1808K(1856K)->1808K(1856K)
[88.890s][info][gc             ] GC(250) Pause Young (Allocation Failure) 514M->409M(848M) 20.527ms
[88.890s][info][gc,cpu         ] GC(250) User=0.04s Sys=0.00s Real=0.02s
[88.982s][info][gc,start       ] GC(251) Pause Young (Allocation Failure)
[89.016s][info][gc,heap        ] GC(251) PSYoungGen: 125728K(222720K)->8640K(222720K) Eden: 111616K(111616K)->0K(111616K) From: 14112K(111104K)->8640K(111104K)
[89.016s][info][gc,heap        ] GC(251) ParOldGen: 405068K(646144K)->414852K(646144K)
[89.016s][info][gc,metaspace   ] GC(251) Metaspace: 17581K(17728K)->17581K(17728K) NonClass: 15773K(15872K)->15773K(15872K) Class: 1808K(1856K)->1808K(1856K)
[89.016s][info][gc             ] GC(251) Pause Young (Allocation Failure) 518M->413M(848M) 33.578ms
[89.016s][info][gc,cpu         ] GC(251) User=0.06s Sys=0.00s Real=0.03s
[89.081s][info][gc,start       ] GC(252) Pause Young (Allocation Failure)
[89.097s][info][gc,heap        ] GC(252) PSYoungGen: 120256K(222720K)->640K(222720K) Eden: 111616K(111616K)->0K(111616K) From: 8640K(111104K)->640K(111104K)
[89.097s][info][gc,heap        ] GC(252) ParOldGen: 414852K(646144K)->423476K(646144K)
[89.097s][info][gc,metaspace   ] GC(252) Metaspace: 17581K(17728K)->17581K(17728K) NonClass: 15773K(15872K)->15773K(15872K) Class: 1808K(1856K)->1808K(1856K)
[89.097s][info][gc             ] GC(252) Pause Young (Allocation Failure) 522M->414M(848M) 15.294ms
[89.097s][info][gc,cpu         ] GC(252) User=0.03s Sys=0.00s Real=0.02s
[89.183s][info][gc,start       ] GC(253) Pause Young (Allocation Failure)
[89.190s][info][gc,heap        ] GC(253) PSYoungGen: 112256K(222720K)->2848K(222720K) Eden: 111616K(111616K)->0K(111616K) From: 640K(111104K)->2848K(111104K)
[89.190s][info][gc,heap        ] GC(253) ParOldGen: 423476K(646144K)->424124K(646144K)
[89.191s][info][gc,metaspace   ] GC(253) Metaspace: 17582K(17728K)->17582K(17728K) NonClass: 15774K(15872K)->15774K(15872K) Class: 1808K(1856K)->1808K(1856K)
[89.191s][info][gc             ] GC(253) Pause Young (Allocation Failure) 523M->416M(848M) 7.933ms
[89.191s][info][gc,cpu         ] GC(253) User=0.02s Sys=0.00s Real=0.00s
[89.289s][info][gc,start       ] GC(254) Pause Young (Allocation Failure)
[89.295s][info][gc,heap        ] GC(254) PSYoungGen: 114464K(222720K)->128K(222720K) Eden: 111616K(111616K)->0K(111616K) From: 2848K(111104K)->128K(111104K)
[89.295s][info][gc,heap        ] GC(254) ParOldGen: 424124K(646144K)->426948K(646144K)
[89.295s][info][gc,metaspace   ] GC(254) Metaspace: 17582K(17728K)->17582K(17728K) NonClass: 15774K(15872K)->15774K(15872K) Class: 1808K(1856K)->1808K(1856K)
[89.295s][info][gc             ] GC(254) Pause Young (Allocation Failure) 525M->417M(848M) 5.946ms
[89.295s][info][gc,cpu         ] GC(254) User=0.01s Sys=0.00s Real=0.01s
[89.424s][info][gc,start       ] GC(255) Pause Young (Allocation Failure)
[89.447s][info][gc,heap        ] GC(255) PSYoungGen: 111744K(222720K)->19808K(222720K) Eden: 111616K(111616K)->0K(111616K) From: 128K(111104K)->19808K(111104K)
[89.447s][info][gc,heap        ] GC(255) ParOldGen: 426948K(646144K)->427044K(646144K)
[89.447s][info][gc,metaspace   ] GC(255) Metaspace: 17606K(17792K)->17606K(17792K) NonClass: 15797K(15936K)->15797K(15936K) Class: 1808K(1856K)->1808K(1856K)
[89.447s][info][gc             ] GC(255) Pause Young (Allocation Failure) 526M->436M(848M) 23.152ms
[89.447s][info][gc,cpu         ] GC(255) User=0.05s Sys=0.00s Real=0.02s
[89.617s][info][gc,start       ] GC(256) Pause Young (Allocation Failure)
[89.649s][info][gc,heap        ] GC(256) PSYoungGen: 131424K(222720K)->7648K(220672K) Eden: 111616K(111616K)->0K(111616K) From: 19808K(111104K)->7648K(109056K)
[89.649s][info][gc,heap        ] GC(256) ParOldGen: 427044K(646144K)->446899K(646144K)
[89.649s][info][gc,metaspace   ] GC(256) Metaspace: 17606K(17792K)->17606K(17792K) NonClass: 15797K(15936K)->15797K(15936K) Class: 1808K(1856K)->1808K(1856K)
[89.649s][info][gc             ] GC(256) Pause Young (Allocation Failure) 545M->443M(846M) 31.821ms
[89.649s][info][gc,cpu         ] GC(256) User=0.07s Sys=0.00s Real=0.03s
[89.994s][info][gc,start       ] GC(257) Pause Young (Allocation Failure)
[90.014s][info][gc,heap        ] GC(257) PSYoungGen: 119264K(220672K)->15256K(126976K) Eden: 111616K(111616K)->0K(111616K) From: 7648K(109056K)->15256K(15360K)
[90.014s][info][gc,heap        ] GC(257) ParOldGen: 446899K(646144K)->446899K(646144K)
[90.014s][info][gc,metaspace   ] GC(257) Metaspace: 17607K(17792K)->17607K(17792K) NonClass: 15798K(15936K)->15798K(15936K) Class: 1808K(1856K)->1808K(1856K)
[90.014s][info][gc             ] GC(257) Pause Young (Allocation Failure) 552M->451M(755M) 19.555ms
[90.014s][info][gc,cpu         ] GC(257) User=0.04s Sys=0.00s Real=0.02s
[90.259s][info][gc,start       ] GC(258) Pause Young (Allocation Failure)
[90.281s][info][gc,heap        ] GC(258) PSYoungGen: 126872K(126976K)->17920K(216064K) Eden: 111616K(111616K)->0K(118784K) From: 15256K(15360K)->17920K(97280K)
[90.281s][info][gc,heap        ] GC(258) ParOldGen: 446899K(646144K)->446899K(646144K)
[90.281s][info][gc,metaspace   ] GC(258) Metaspace: 17607K(17792K)->17607K(17792K) NonClass: 15798K(15936K)->15798K(15936K) Class: 1808K(1856K)->1808K(1856K)
[90.281s][info][gc             ] GC(258) Pause Young (Allocation Failure) 560M->453M(842M) 22.762ms
[90.281s][info][gc,cpu         ] GC(258) User=0.05s Sys=0.00s Real=0.02s
[90.659s][info][gc,start       ] GC(259) Pause Young (Allocation Failure)
[90.685s][info][gc,heap        ] GC(259) PSYoungGen: 136704K(216064K)->18008K(217600K) Eden: 118784K(118784K)->0K(118784K) From: 17920K(97280K)->18008K(98816K)
[90.685s][info][gc,heap        ] GC(259) ParOldGen: 446899K(646144K)->446899K(646144K)
[90.685s][info][gc,metaspace   ] GC(259) Metaspace: 17607K(17792K)->17607K(17792K) NonClass: 15798K(15936K)->15798K(15936K) Class: 1808K(1856K)->1808K(1856K)
[90.685s][info][gc             ] GC(259) Pause Young (Allocation Failure) 569M->454M(843M) 26.220ms
[90.685s][info][gc,cpu         ] GC(259) User=0.05s Sys=0.00s Real=0.03s
[91.034s][info][gc,start       ] GC(260) Pause Young (Allocation Failure)
[91.072s][info][gc,heap        ] GC(260) PSYoungGen: 136792K(217600K)->35320K(212480K) Eden: 118784K(118784K)->0K(125440K) From: 18008K(98816K)->35320K(87040K)
[91.072s][info][gc,heap        ] GC(260) ParOldGen: 446899K(646144K)->446899K(646144K)
[91.072s][info][gc,metaspace   ] GC(260) Metaspace: 17610K(17792K)->17610K(17792K) NonClass: 15801K(15936K)->15801K(15936K) Class: 1808K(1856K)->1808K(1856K)
[91.072s][info][gc             ] GC(260) Pause Young (Allocation Failure) 570M->470M(838M) 37.565ms
[91.072s][info][gc,cpu         ] GC(260) User=0.07s Sys=0.00s Real=0.03s
[91.215s][info][gc,start       ] GC(261) Pause Young (Allocation Failure)
[91.284s][info][gc,heap        ] GC(261) PSYoungGen: 160760K(212480K)->78824K(215552K) Eden: 125440K(125440K)->0K(125440K) From: 35320K(87040K)->78824K(90112K)
[91.285s][info][gc,heap        ] GC(261) ParOldGen: 446899K(646144K)->446899K(646144K)
[91.285s][info][gc,metaspace   ] GC(261) Metaspace: 17627K(17792K)->17627K(17792K) NonClass: 15815K(15936K)->15815K(15936K) Class: 1811K(1856K)->1811K(1856K)
[91.285s][info][gc             ] GC(261) Pause Young (Allocation Failure) 593M->513M(841M) 69.939ms
[91.285s][info][gc,cpu         ] GC(261) User=0.14s Sys=0.00s Real=0.07s
[91.547s][info][gc,start       ] GC(262) Pause Young (Allocation Failure)
[91.651s][info][gc,heap        ] GC(262) PSYoungGen: 204264K(215552K)->100800K(214528K) Eden: 125440K(125440K)->0K(111616K) From: 78824K(90112K)->100800K(102912K)
[91.651s][info][gc,heap        ] GC(262) ParOldGen: 446899K(646144K)->446899K(646144K)
[91.651s][info][gc,metaspace   ] GC(262) Metaspace: 17638K(17792K)->17638K(17792K) NonClass: 15826K(15936K)->15826K(15936K) Class: 1811K(1856K)->1811K(1856K)
[91.651s][info][gc             ] GC(262) Pause Young (Allocation Failure) 635M->534M(840M) 103.677ms
[91.651s][info][gc,cpu         ] GC(262) User=0.19s Sys=0.01s Real=0.10s
[91.954s][info][gc,start       ] GC(263) Pause Young (Allocation Failure)
[92.033s][info][gc,heap        ] GC(263) PSYoungGen: 212416K(214528K)->86153K(222720K) Eden: 111616K(111616K)->0K(111616K) From: 100800K(102912K)->86153K(111104K)
[92.033s][info][gc,heap        ] GC(263) ParOldGen: 446899K(646144K)->462059K(646144K)
[92.033s][info][gc,metaspace   ] GC(263) Metaspace: 17638K(17792K)->17638K(17792K) NonClass: 15826K(15936K)->15826K(15936K) Class: 1811K(1856K)->1811K(1856K)
[92.033s][info][gc             ] GC(263) Pause Young (Allocation Failure) 643M->535M(848M) 78.798ms
[92.033s][info][gc,cpu         ] GC(263) User=0.16s Sys=0.00s Real=0.08s
[92.299s][info][gc,start       ] GC(264) Pause Young (Allocation Failure)
[92.364s][info][gc,heap        ] GC(264) PSYoungGen: 197769K(222720K)->83593K(222720K) Eden: 111616K(111616K)->0K(111616K) From: 86153K(111104K)->83593K(111104K)
[92.364s][info][gc,heap        ] GC(264) ParOldGen: 462059K(646144K)->464857K(646144K)
[92.364s][info][gc,metaspace   ] GC(264) Metaspace: 17638K(17792K)->17638K(17792K) NonClass: 15826K(15936K)->15826K(15936K) Class: 1811K(1856K)->1811K(1856K)
[92.364s][info][gc             ] GC(264) Pause Young (Allocation Failure) 644M->535M(848M) 64.918ms
[92.364s][info][gc,cpu         ] GC(264) User=0.13s Sys=0.00s Real=0.07s
[92.601s][info][gc,start       ] GC(265) Pause Young (Allocation Failure)
[92.664s][info][gc,heap        ] GC(265) PSYoungGen: 195209K(222720K)->22953K(222720K) Eden: 111616K(111616K)->0K(111616K) From: 83593K(111104K)->22953K(111104K)
[92.664s][info][gc,heap        ] GC(265) ParOldGen: 464857K(646144K)->526244K(646144K)
[92.664s][info][gc,metaspace   ] GC(265) Metaspace: 17638K(17792K)->17638K(17792K) NonClass: 15826K(15936K)->15826K(15936K) Class: 1811K(1856K)->1811K(1856K)
[92.664s][info][gc             ] GC(265) Pause Young (Allocation Failure) 644M->536M(848M) 62.881ms
[92.664s][info][gc,cpu         ] GC(265) User=0.12s Sys=0.00s Real=0.07s
[92.873s][info][gc,start       ] GC(266) Pause Young (Allocation Failure)
[92.896s][info][gc,heap        ] GC(266) PSYoungGen: 134569K(222720K)->768K(222720K) Eden: 111616K(111616K)->0K(111616K) From: 22953K(111104K)->768K(111104K)
[92.896s][info][gc,heap        ] GC(266) ParOldGen: 526244K(646144K)->548985K(646144K)
[92.896s][info][gc,metaspace   ] GC(266) Metaspace: 17638K(17792K)->17638K(17792K) NonClass: 15826K(15936K)->15826K(15936K) Class: 1811K(1856K)->1811K(1856K)
[92.896s][info][gc             ] GC(266) Pause Young (Allocation Failure) 645M->536M(848M) 22.984ms
[92.896s][info][gc,cpu         ] GC(266) User=0.04s Sys=0.00s Real=0.02s
[93.088s][info][gc,start       ] GC(267) Pause Young (Allocation Failure)
[93.095s][info][gc,heap        ] GC(267) PSYoungGen: 112384K(222720K)->992K(222720K) Eden: 111616K(111616K)->0K(111616K) From: 768K(111104K)->992K(111104K)
[93.095s][info][gc,heap        ] GC(267) ParOldGen: 548985K(646144K)->549433K(646144K)
[93.095s][info][gc,metaspace   ] GC(267) Metaspace: 17639K(17792K)->17639K(17792K) NonClass: 15827K(15936K)->15827K(15936K) Class: 1811K(1856K)->1811K(1856K)
[93.095s][info][gc             ] GC(267) Pause Young (Allocation Failure) 645M->537M(848M) 7.264ms
[93.095s][info][gc,cpu         ] GC(267) User=0.01s Sys=0.00s Real=0.01s
[93.196s][info][gc,start       ] GC(268) Pause Young (Allocation Failure)
[93.203s][info][gc,heap        ] GC(268) PSYoungGen: 112608K(222720K)->1088K(222720K) Eden: 111616K(111616K)->0K(111616K) From: 992K(111104K)->1088K(111104K)
[93.203s][info][gc,heap        ] GC(268) ParOldGen: 549433K(646144K)->550345K(646144K)
[93.203s][info][gc,metaspace   ] GC(268) Metaspace: 17640K(17792K)->17640K(17792K) NonClass: 15828K(15936K)->15828K(15936K) Class: 1811K(1856K)->1811K(1856K)
[93.203s][info][gc             ] GC(268) Pause Young (Allocation Failure) 646M->538M(848M) 7.147ms
[93.203s][info][gc,cpu         ] GC(268) User=0.01s Sys=0.00s Real=0.01s
[93.300s][info][gc,start       ] GC(269) Pause Young (Allocation Failure)
[93.307s][info][gc,heap        ] GC(269) PSYoungGen: 112704K(222720K)->1152K(222720K) Eden: 111616K(111616K)->0K(111616K) From: 1088K(111104K)->1152K(111104K)
[93.307s][info][gc,heap        ] GC(269) ParOldGen: 550345K(646144K)->551417K(646144K)
[93.307s][info][gc,metaspace   ] GC(269) Metaspace: 17642K(17792K)->17642K(17792K) NonClass: 15830K(15936K)->15830K(15936K) Class: 1811K(1856K)->1811K(1856K)
[93.307s][info][gc             ] GC(269) Pause Young (Allocation Failure) 647M->539M(848M) 7.536ms
[93.307s][info][gc,cpu         ] GC(269) User=0.01s Sys=0.00s Real=0.01s
[93.612s][info][gc,start       ] GC(270) Pause Young (Allocation Failure)
[93.628s][info][gc,heap        ] GC(270) PSYoungGen: 112768K(222720K)->1440K(222720K) Eden: 111616K(111616K)->0K(111616K) From: 1152K(111104K)->1440K(111104K)
[93.628s][info][gc,heap        ] GC(270) ParOldGen: 551417K(646144K)->552521K(646144K)
[93.628s][info][gc,metaspace   ] GC(270) Metaspace: 17653K(17792K)->17653K(17792K) NonClass: 15841K(15936K)->15841K(15936K) Class: 1811K(1856K)->1811K(1856K)
[93.628s][info][gc             ] GC(270) Pause Young (Allocation Failure) 648M->540M(848M) 15.297ms
[93.628s][info][gc,cpu         ] GC(270) User=0.03s Sys=0.00s Real=0.01s
[93.969s][info][gc,start       ] GC(271) Pause Young (Allocation Failure)
[94.004s][info][gc,heap        ] GC(271) PSYoungGen: 113056K(222720K)->16481K(128512K) Eden: 111616K(111616K)->0K(111616K) From: 1440K(111104K)->16481K(16896K)
[94.004s][info][gc,heap        ] GC(271) ParOldGen: 552521K(646144K)->553913K(646144K)
[94.004s][info][gc,metaspace   ] GC(271) Metaspace: 17668K(17792K)->17668K(17792K) NonClass: 15854K(15936K)->15854K(15936K) Class: 1814K(1856K)->1814K(1856K)
[94.004s][info][gc             ] GC(271) Pause Young (Allocation Failure) 649M->557M(756M) 34.610ms
[94.004s][info][gc,cpu         ] GC(271) User=0.06s Sys=0.00s Real=0.04s
[94.166s][info][gc,start       ] GC(272) Pause Young (Allocation Failure)
[94.210s][info][gc,heap        ] GC(272) PSYoungGen: 128097K(128512K)->32353K(222720K) Eden: 111616K(111616K)->0K(117760K) From: 16481K(16896K)->32353K(104960K)
[94.210s][info][gc,heap        ] GC(272) ParOldGen: 553913K(646144K)->553913K(646144K)
[94.210s][info][gc,metaspace   ] GC(272) Metaspace: 17668K(17792K)->17668K(17792K) NonClass: 15854K(15936K)->15854K(15936K) Class: 1814K(1856K)->1814K(1856K)
[94.210s][info][gc             ] GC(272) Pause Young (Allocation Failure) 666M->572M(848M) 44.037ms
[94.210s][info][gc,cpu         ] GC(272) User=0.08s Sys=0.00s Real=0.04s
[94.314s][info][gc,start       ] GC(273) Pause Young (Allocation Failure)
[94.385s][info][gc,heap        ] GC(273) PSYoungGen: 150113K(222720K)->59329K(222208K) Eden: 117760K(117760K)->0K(117760K) From: 32353K(104960K)->59329K(104448K)
[94.385s][info][gc,heap        ] GC(273) ParOldGen: 553913K(646144K)->553913K(646144K)
[94.385s][info][gc,metaspace   ] GC(273) Metaspace: 17669K(17792K)->17669K(17792K) NonClass: 15854K(15936K)->15854K(15936K) Class: 1814K(1856K)->1814K(1856K)
[94.385s][info][gc             ] GC(273) Pause Young (Allocation Failure) 687M->598M(848M) 71.122ms
[94.385s][info][gc,cpu         ] GC(273) User=0.14s Sys=0.00s Real=0.07s
[94.515s][info][gc,start       ] GC(274) Pause Young (Allocation Failure)
[94.602s][info][gc,heap        ] GC(274) PSYoungGen: 177089K(222208K)->75201K(220160K) Eden: 117760K(117760K)->0K(111616K) From: 59329K(104448K)->75201K(108544K)
[94.602s][info][gc,heap        ] GC(274) ParOldGen: 553913K(646144K)->553913K(646144K)
[94.602s][info][gc,metaspace   ] GC(274) Metaspace: 17675K(17856K)->17675K(17856K) NonClass: 15860K(16000K)->15860K(16000K) Class: 1814K(1856K)->1814K(1856K)
[94.602s][info][gc             ] GC(274) Pause Young (Allocation Failure) 713M->614M(846M) 87.360ms
[94.603s][info][gc,cpu         ] GC(274) User=0.17s Sys=0.00s Real=0.09s
[94.701s][info][gc,start       ] GC(275) Pause Young (Allocation Failure)
[94.791s][info][gc,heap        ] GC(275) PSYoungGen: 186817K(220160K)->44768K(222720K) Eden: 111616K(111616K)->0K(111616K) From: 75201K(108544K)->44768K(111104K)
[94.791s][info][gc,heap        ] GC(275) ParOldGen: 553913K(646144K)->586338K(646144K)
[94.791s][info][gc,metaspace   ] GC(275) Metaspace: 17675K(17856K)->17675K(17856K) NonClass: 15860K(16000K)->15860K(16000K) Class: 1814K(1856K)->1814K(1856K)
[94.791s][info][gc             ] GC(275) Pause Young (Allocation Failure) 723M->616M(848M) 90.802ms
[94.791s][info][gc,cpu         ] GC(275) User=0.18s Sys=0.00s Real=0.09s
[94.908s][info][gc,start       ] GC(276) Pause Young (Allocation Failure)
[94.964s][info][gc,heap        ] GC(276) PSYoungGen: 156384K(222720K)->4320K(221696K) Eden: 111616K(111616K)->0K(111616K) From: 44768K(111104K)->4320K(110080K)
[94.964s][info][gc,heap        ] GC(276) ParOldGen: 586338K(646144K)->629314K(646144K)
[94.964s][info][gc,metaspace   ] GC(276) Metaspace: 17677K(17856K)->17677K(17856K) NonClass: 15862K(16000K)->15862K(16000K) Class: 1814K(1856K)->1814K(1856K)
[94.964s][info][gc             ] GC(276) Pause Young (Allocation Failure) 725M->618M(847M) 56.018ms
[94.964s][info][gc,cpu         ] GC(276) User=0.11s Sys=0.00s Real=0.06s
[95.119s][info][gc,start       ] GC(277) Pause Full (Allocation Failure)
[95.119s][info][gc,phases,start] GC(277) Marking Phase
[95.614s][info][gc,phases      ] GC(277) Marking Phase 494.834ms
[95.614s][info][gc,phases,start] GC(277) Summary Phase
[95.614s][info][gc,phases      ] GC(277) Summary Phase 0.052ms
[95.614s][info][gc,phases,start] GC(277) Forward
[95.746s][info][gc,phases      ] GC(277) Forward 131.671ms
[95.746s][info][gc,phases,start] GC(277) Adjust Pointers
[96.128s][info][gc,phases      ] GC(277) Adjust Pointers 382.266ms
[96.128s][info][gc,phases,start] GC(277) Compaction Phase
[96.316s][info][gc,phases      ] GC(277) Compaction Phase 187.720ms
[96.331s][info][gc,phases,start] GC(277) Post Compact
[96.333s][info][gc,phases      ] GC(277) Post Compact 2.269ms
[96.333s][info][gc,heap        ] GC(277) PSYoungGen: 115936K(221696K)->0K(222208K) Eden: 111616K(111616K)->0K(111616K) From: 4320K(110080K)->0K(110592K)
[96.334s][info][gc,heap        ] GC(277) ParOldGen: 629314K(646144K)->630441K(667648K)
[96.334s][info][gc,metaspace   ] GC(277) Metaspace: 17679K(17856K)->17679K(17856K) NonClass: 15864K(16000K)->15864K(16000K) Class: 1814K(1856K)->1814K(1856K)
[96.334s][info][gc             ] GC(277) Pause Full (Allocation Failure) 727M->615M(869M) 1214.685ms
[96.334s][info][gc,cpu         ] GC(277) User=2.36s Sys=0.01s Real=1.22s
[96.485s][info][gc,start       ] GC(278) Pause Full (Allocation Failure)
[96.485s][info][gc,phases,start] GC(278) Marking Phase
[96.975s][info][gc,phases      ] GC(278) Marking Phase 490.458ms
[96.975s][info][gc,phases,start] GC(278) Summary Phase
[96.975s][info][gc,phases      ] GC(278) Summary Phase 0.029ms
[96.975s][info][gc,phases,start] GC(278) Forward
[96.978s][info][gc,phases      ] GC(278) Forward 2.158ms
[96.978s][info][gc,phases,start] GC(278) Adjust Pointers
[97.328s][info][gc,phases      ] GC(278) Adjust Pointers 350.154ms
[97.328s][info][gc,phases,start] GC(278) Compaction Phase
[97.468s][info][gc,phases      ] GC(278) Compaction Phase 140.437ms
[97.468s][info][gc,phases,start] GC(278) Post Compact
[97.471s][info][gc,phases      ] GC(278) Post Compact 2.308ms
[97.471s][info][gc,heap        ] GC(278) PSYoungGen: 111616K(222208K)->0K(223232K) Eden: 111616K(111616K)->0K(112640K) From: 0K(110592K)->0K(110592K)
[97.471s][info][gc,heap        ] GC(278) ParOldGen: 630441K(667648K)->633023K(667648K)
[97.471s][info][gc,metaspace   ] GC(278) Metaspace: 17679K(17856K)->17679K(17856K) NonClass: 15864K(16000K)->15864K(16000K) Class: 1814K(1856K)->1814K(1856K)
[97.471s][info][gc             ] GC(278) Pause Full (Allocation Failure) 724M->618M(870M) 986.061ms
[97.471s][info][gc,cpu         ] GC(278) User=1.93s Sys=0.00s Real=0.98s
[97.586s][info][gc,start       ] GC(279) Pause Full (Allocation Failure)
[97.586s][info][gc,phases,start] GC(279) Marking Phase
[98.099s][info][gc,phases      ] GC(279) Marking Phase 512.346ms
[98.099s][info][gc,phases,start] GC(279) Summary Phase
[98.099s][info][gc,phases      ] GC(279) Summary Phase 0.050ms
[98.099s][info][gc,phases,start] GC(279) Forward
[98.099s][info][gc,phases      ] GC(279) Forward 0.557ms
[98.099s][info][gc,phases,start] GC(279) Adjust Pointers
[98.444s][info][gc,phases      ] GC(279) Adjust Pointers 344.661ms
[98.444s][info][gc,phases,start] GC(279) Compaction Phase
[98.585s][info][gc,phases      ] GC(279) Compaction Phase 141.215ms
[98.585s][info][gc,phases,start] GC(279) Post Compact
[98.588s][info][gc,phases      ] GC(279) Post Compact 2.291ms
[98.588s][info][gc,heap        ] GC(279) PSYoungGen: 112640K(223232K)->0K(223232K) Eden: 112640K(112640K)->0K(112640K) From: 0K(110592K)->0K(110592K)
[98.588s][info][gc,heap        ] GC(279) ParOldGen: 633023K(667648K)->633360K(667648K)
[98.588s][info][gc,metaspace   ] GC(279) Metaspace: 17682K(17856K)->17682K(17856K) NonClass: 15867K(16000K)->15867K(16000K) Class: 1814K(1856K)->1814K(1856K)
[98.588s][info][gc             ] GC(279) Pause Full (Allocation Failure) 728M->618M(870M) 1001.602ms
[98.588s][info][gc,cpu         ] GC(279) User=1.96s Sys=0.00s Real=1.00s
[98.738s][info][gc,start       ] GC(280) Pause Full (Allocation Failure)
[98.738s][info][gc,phases,start] GC(280) Marking Phase
[99.273s][info][gc,phases      ] GC(280) Marking Phase 535.188ms
[99.274s][info][gc,phases,start] GC(280) Summary Phase
[99.274s][info][gc,phases      ] GC(280) Summary Phase 0.042ms
[99.274s][info][gc,phases,start] GC(280) Forward
[99.274s][info][gc,phases      ] GC(280) Forward 0.714ms
[99.274s][info][gc,phases,start] GC(280) Adjust Pointers
[99.623s][info][gc,phases      ] GC(280) Adjust Pointers 348.468ms
[99.623s][info][gc,phases,start] GC(280) Compaction Phase
[99.764s][info][gc,phases      ] GC(280) Compaction Phase 141.510ms
[99.764s][info][gc,phases,start] GC(280) Post Compact
[99.767s][info][gc,phases      ] GC(280) Post Compact 2.204ms
[99.767s][info][gc,heap        ] GC(280) PSYoungGen: 112640K(223232K)->0K(223232K) Eden: 112640K(112640K)->0K(112640K) From: 0K(110592K)->0K(110592K)
[99.767s][info][gc,heap        ] GC(280) ParOldGen: 633360K(667648K)->633564K(667648K)
[99.767s][info][gc,metaspace   ] GC(280) Metaspace: 17682K(17856K)->17682K(17856K) NonClass: 15867K(16000K)->15867K(16000K) Class: 1814K(1856K)->1814K(1856K)
[99.767s][info][gc             ] GC(280) Pause Full (Allocation Failure) 728M->618M(870M) 1028.559ms
[99.767s][info][gc,cpu         ] GC(280) User=2.02s Sys=0.00s Real=1.03s
[99.919s][info][gc,start       ] GC(281) Pause Full (Allocation Failure)
[99.919s][info][gc,phases,start] GC(281) Marking Phase
[100.451s][info][gc,phases      ] GC(281) Marking Phase 532.399ms
[100.451s][info][gc,phases,start] GC(281) Summary Phase
[100.451s][info][gc,phases      ] GC(281) Summary Phase 0.047ms
[100.451s][info][gc,phases,start] GC(281) Forward
[100.455s][info][gc,phases      ] GC(281) Forward 3.318ms
[100.455s][info][gc,phases,start] GC(281) Adjust Pointers
[100.813s][info][gc,phases      ] GC(281) Adjust Pointers 357.885ms
[100.813s][info][gc,phases,start] GC(281) Compaction Phase
[100.954s][info][gc,phases      ] GC(281) Compaction Phase 141.770ms
[100.955s][info][gc,phases,start] GC(281) Post Compact
[100.957s][info][gc,phases      ] GC(281) Post Compact 2.273ms
[100.957s][info][gc,heap        ] GC(281) PSYoungGen: 112640K(223232K)->0K(223232K) Eden: 112640K(112640K)->0K(112640K) From: 0K(110592K)->0K(110592K)
[100.957s][info][gc,heap        ] GC(281) ParOldGen: 633564K(667648K)->638650K(667648K)
[100.957s][info][gc,metaspace   ] GC(281) Metaspace: 17691K(17856K)->17691K(17856K) NonClass: 15872K(16000K)->15872K(16000K) Class: 1818K(1856K)->1818K(1856K)
[100.957s][info][gc             ] GC(281) Pause Full (Allocation Failure) 728M->623M(870M) 1038.195ms
[100.957s][info][gc,cpu         ] GC(281) User=2.03s Sys=0.00s Real=1.04s
[101.275s][info][gc,start       ] GC(282) Pause Full (Allocation Failure)
[101.275s][info][gc,phases,start] GC(282) Marking Phase
[101.816s][info][gc,phases      ] GC(282) Marking Phase 540.676ms
[101.816s][info][gc,phases,start] GC(282) Summary Phase
[101.816s][info][gc,phases      ] GC(282) Summary Phase 0.028ms
[101.816s][info][gc,phases,start] GC(282) Forward
[101.819s][info][gc,phases      ] GC(282) Forward 2.738ms
[101.819s][info][gc,phases,start] GC(282) Adjust Pointers
[102.185s][info][gc,phases      ] GC(282) Adjust Pointers 366.200ms
[102.185s][info][gc,phases,start] GC(282) Compaction Phase
[102.328s][info][gc,phases      ] GC(282) Compaction Phase 142.428ms
[102.328s][info][gc,phases,start] GC(282) Post Compact
[102.330s][info][gc,phases      ] GC(282) Post Compact 2.358ms
[102.330s][info][gc,heap        ] GC(282) PSYoungGen: 112640K(223232K)->0K(223232K) Eden: 112640K(112640K)->0K(112640K) From: 0K(110592K)->0K(110592K)
[102.330s][info][gc,heap        ] GC(282) ParOldGen: 638650K(667648K)->641877K(667648K)
[102.330s][info][gc,metaspace   ] GC(282) Metaspace: 17691K(17856K)->17691K(17856K) NonClass: 15872K(16000K)->15872K(16000K) Class: 1818K(1856K)->1818K(1856K)
[102.330s][info][gc             ] GC(282) Pause Full (Allocation Failure) 733M->626M(870M) 1054.951ms
[102.330s][info][gc,cpu         ] GC(282) User=2.07s Sys=0.01s Real=1.05s
[103.143s][info][gc,start       ] GC(283) Pause Full (Allocation Failure)
[103.143s][info][gc,phases,start] GC(283) Marking Phase
[103.645s][info][gc,phases      ] GC(283) Marking Phase 502.424ms
[103.645s][info][gc,phases,start] GC(283) Summary Phase
[103.645s][info][gc,phases      ] GC(283) Summary Phase 0.026ms
[103.645s][info][gc,phases,start] GC(283) Forward
[103.646s][info][gc,phases      ] GC(283) Forward 0.670ms
[103.646s][info][gc,phases,start] GC(283) Adjust Pointers
[103.973s][info][gc,phases      ] GC(283) Adjust Pointers 327.141ms
[103.973s][info][gc,phases,start] GC(283) Compaction Phase
[104.116s][info][gc,phases      ] GC(283) Compaction Phase 143.235ms
[104.116s][info][gc,phases,start] GC(283) Post Compact
[104.119s][info][gc,phases      ] GC(283) Post Compact 2.219ms
[104.119s][info][gc,heap        ] GC(283) PSYoungGen: 112640K(223232K)->0K(223232K) Eden: 112640K(112640K)->0K(112640K) From: 0K(110592K)->0K(110592K)
[104.119s][info][gc,heap        ] GC(283) ParOldGen: 641877K(667648K)->642076K(667648K)
[104.119s][info][gc,metaspace   ] GC(283) Metaspace: 17716K(17856K)->17716K(17856K) NonClass: 15898K(16000K)->15898K(16000K) Class: 1818K(1856K)->1818K(1856K)
[104.119s][info][gc             ] GC(283) Pause Full (Allocation Failure) 736M->627M(870M) 976.157ms
[104.119s][info][gc,cpu         ] GC(283) User=1.92s Sys=0.00s Real=0.97s
[105.831s][info][gc,start       ] GC(284) Pause Full (Allocation Failure)
[105.831s][info][gc,phases,start] GC(284) Marking Phase
[106.338s][info][gc,phases      ] GC(284) Marking Phase 506.731ms
[106.338s][info][gc,phases,start] GC(284) Summary Phase
[106.338s][info][gc,phases      ] GC(284) Summary Phase 0.028ms
[106.338s][info][gc,phases,start] GC(284) Forward
[106.338s][info][gc,phases      ] GC(284) Forward 0.382ms
[106.338s][info][gc,phases,start] GC(284) Adjust Pointers
[106.664s][info][gc,phases      ] GC(284) Adjust Pointers 325.440ms
[106.664s][info][gc,phases,start] GC(284) Compaction Phase
[106.807s][info][gc,phases      ] GC(284) Compaction Phase 142.939ms
[106.807s][info][gc,phases,start] GC(284) Post Compact
[106.809s][info][gc,phases      ] GC(284) Post Compact 2.253ms
[106.809s][info][gc,heap        ] GC(284) PSYoungGen: 112640K(223232K)->0K(223232K) Eden: 112640K(112640K)->0K(112640K) From: 0K(110592K)->0K(110592K)
[106.809s][info][gc,heap        ] GC(284) ParOldGen: 642076K(667648K)->642181K(667648K)
[106.809s][info][gc,metaspace   ] GC(284) Metaspace: 17717K(17856K)->17717K(17856K) NonClass: 15899K(16000K)->15899K(16000K) Class: 1818K(1856K)->1818K(1856K)
[106.809s][info][gc             ] GC(284) Pause Full (Allocation Failure) 737M->627M(870M) 978.232ms
[106.809s][info][gc,cpu         ] GC(284) User=1.92s Sys=0.00s Real=0.98s
[107.493s][info][gc,start       ] GC(285) Pause Full (Allocation Failure)
[107.493s][info][gc,phases,start] GC(285) Marking Phase
[107.900s][info][gc,phases      ] GC(285) Marking Phase 406.252ms
[107.900s][info][gc,phases,start] GC(285) Summary Phase
[107.900s][info][gc,phases      ] GC(285) Summary Phase 0.030ms
[107.900s][info][gc,phases,start] GC(285) Forward
[107.973s][info][gc,phases      ] GC(285) Forward 73.437ms
[107.973s][info][gc,phases,start] GC(285) Adjust Pointers
[108.251s][info][gc,phases      ] GC(285) Adjust Pointers 278.010ms
[108.251s][info][gc,phases,start] GC(285) Compaction Phase
[108.394s][info][gc,phases      ] GC(285) Compaction Phase 142.365ms
[108.399s][info][gc,phases,start] GC(285) Post Compact
[108.401s][info][gc,phases      ] GC(285) Post Compact 2.235ms
[108.401s][info][gc,heap        ] GC(285) PSYoungGen: 112640K(223232K)->0K(223232K) Eden: 112640K(112640K)->0K(112640K) From: 0K(110592K)->0K(110592K)
[108.401s][info][gc,heap        ] GC(285) ParOldGen: 642181K(667648K)->518377K(667648K)
[108.401s][info][gc,metaspace   ] GC(285) Metaspace: 17721K(17856K)->17721K(17856K) NonClass: 15903K(16000K)->15903K(16000K) Class: 1818K(1856K)->1818K(1856K)
[108.401s][info][gc             ] GC(285) Pause Full (Allocation Failure) 737M->506M(870M) 908.015ms
[108.401s][info][gc,cpu         ] GC(285) User=1.75s Sys=0.01s Real=0.90s
[109.091s][info][gc,start       ] GC(286) Pause Young (Allocation Failure)
[109.095s][info][gc,heap        ] GC(286) PSYoungGen: 112640K(223232K)->1264K(218112K) Eden: 112640K(112640K)->0K(112640K) From: 0K(110592K)->1264K(105472K)
[109.095s][info][gc,heap        ] GC(286) ParOldGen: 518377K(667648K)->518385K(667648K)
[109.095s][info][gc,metaspace   ] GC(286) Metaspace: 17855K(17984K)->17855K(17984K) NonClass: 16027K(16128K)->16027K(16128K) Class: 1827K(1856K)->1827K(1856K)
[109.095s][info][gc             ] GC(286) Pause Young (Allocation Failure) 616M->507M(865M) 3.960ms
[109.095s][info][gc,cpu         ] GC(286) User=0.01s Sys=0.00s Real=0.01s
[109.606s][info][gc,start       ] GC(287) Pause Young (Allocation Failure)
[109.610s][info][gc,heap        ] GC(287) PSYoungGen: 113899K(218112K)->1817K(220672K) Eden: 112635K(112640K)->0K(112640K) From: 1264K(105472K)->1817K(108032K)
[109.610s][info][gc,heap        ] GC(287) ParOldGen: 518385K(667648K)->518393K(667648K)
[109.610s][info][gc,metaspace   ] GC(287) Metaspace: 17934K(18112K)->17934K(18112K) NonClass: 16106K(16256K)->16106K(16256K) Class: 1828K(1856K)->1828K(1856K)
[109.610s][info][gc             ] GC(287) Pause Young (Allocation Failure) 617M->508M(867M) 4.679ms
[109.610s][info][gc,cpu         ] GC(287) User=0.01s Sys=0.00s Real=0.00s
[109.942s][info][gc,start       ] GC(288) Pause Young (Allocation Failure)
[109.949s][info][gc,heap        ] GC(288) PSYoungGen: 114439K(220672K)->2159K(214016K) Eden: 112621K(112640K)->0K(117248K) From: 1817K(108032K)->2159K(96768K)
[109.949s][info][gc,heap        ] GC(288) ParOldGen: 518393K(667648K)->518401K(667648K)
[109.949s][info][gc,metaspace   ] GC(288) Metaspace: 17987K(18112K)->17987K(18112K) NonClass: 16159K(16256K)->16159K(16256K) Class: 1828K(1856K)->1828K(1856K)
[109.949s][info][gc             ] GC(288) Pause Young (Allocation Failure) 618M->508M(861M) 6.442ms
[109.949s][info][gc,cpu         ] GC(288) User=0.01s Sys=0.01s Real=0.00s
[110.272s][info][gc,start       ] GC(289) Pause Young (Allocation Failure)
[110.280s][info][gc,heap        ] GC(289) PSYoungGen: 119276K(214016K)->2001K(218624K) Eden: 117117K(117248K)->0K(117248K) From: 2159K(96768K)->2001K(101376K)
[110.280s][info][gc,heap        ] GC(289) ParOldGen: 518401K(667648K)->518409K(667648K)
[110.280s][info][gc,metaspace   ] GC(289) Metaspace: 18006K(18112K)->18006K(18112K) NonClass: 16178K(16256K)->16178K(16256K) Class: 1828K(1856K)->1828K(1856K)
[110.280s][info][gc             ] GC(289) Pause Young (Allocation Failure) 622M->508M(865M) 7.933ms
[110.280s][info][gc,cpu         ] GC(289) User=0.02s Sys=0.00s Real=0.01s
[110.523s][info][gc,start       ] GC(290) Pause Young (Allocation Failure)
[110.557s][info][gc,heap        ] GC(290) PSYoungGen: 119249K(218624K)->29952K(209408K) Eden: 117248K(117248K)->0K(121344K) From: 2001K(101376K)->29952K(88064K)
[110.557s][info][gc,heap        ] GC(290) ParOldGen: 518409K(667648K)->518417K(667648K)
[110.557s][info][gc,metaspace   ] GC(290) Metaspace: 18053K(18176K)->18053K(18176K) NonClass: 16225K(16320K)->16225K(16320K) Class: 1828K(1856K)->1828K(1856K)
[110.557s][info][gc             ] GC(290) Pause Young (Allocation Failure) 622M->535M(856M) 34.033ms
[110.557s][info][gc,cpu         ] GC(290) User=0.07s Sys=0.01s Real=0.03s
[110.742s][info][gc,start       ] GC(291) Pause Young (Allocation Failure)
[110.808s][info][gc,heap        ] GC(291) PSYoungGen: 151296K(209408K)->82464K(214016K) Eden: 121344K(121344K)->0K(121344K) From: 29952K(88064K)->82464K(92672K)
[110.808s][info][gc,heap        ] GC(291) ParOldGen: 518417K(667648K)->518417K(667648K)
[110.808s][info][gc,metaspace   ] GC(291) Metaspace: 18100K(18240K)->18100K(18240K) NonClass: 16272K(16384K)->16272K(16384K) Class: 1828K(1856K)->1828K(1856K)
[110.808s][info][gc             ] GC(291) Pause Young (Allocation Failure) 654M->586M(861M) 66.485ms
[110.808s][info][gc,cpu         ] GC(291) User=0.13s Sys=0.00s Real=0.07s
[110.891s][info][gc,start       ] GC(292) Pause Young (Allocation Failure)
[110.997s][info][gc,heap        ] GC(292) PSYoungGen: 203808K(214016K)->108000K(219648K) Eden: 121344K(121344K)->0K(111616K) From: 82464K(92672K)->108000K(108032K)
[110.997s][info][gc,heap        ] GC(292) ParOldGen: 518417K(667648K)->535737K(667648K)
[110.997s][info][gc,metaspace   ] GC(292) Metaspace: 18100K(18240K)->18100K(18240K) NonClass: 16272K(16384K)->16272K(16384K) Class: 1828K(1856K)->1828K(1856K)
[110.997s][info][gc             ] GC(292) Pause Young (Allocation Failure) 705M->628M(866M) 105.885ms
[110.997s][info][gc,cpu         ] GC(292) User=0.18s Sys=0.02s Real=0.11s
[111.237s][info][gc,start       ] GC(293) Pause Young (Allocation Failure)
[111.345s][info][gc,heap        ] GC(293) PSYoungGen: 219616K(219648K)->111072K(222720K) Eden: 111616K(111616K)->0K(111616K) From: 108000K(108032K)->111072K(111104K)
[111.345s][info][gc,heap        ] GC(293) ParOldGen: 535737K(667648K)->563390K(667648K)
[111.345s][info][gc,metaspace   ] GC(293) Metaspace: 18100K(18240K)->18100K(18240K) NonClass: 16272K(16384K)->16272K(16384K) Class: 1828K(1856K)->1828K(1856K)
[111.345s][info][gc             ] GC(293) Pause Young (Allocation Failure) 737M->658M(869M) 108.216ms
[111.345s][info][gc,cpu         ] GC(293) User=0.21s Sys=0.00s Real=0.11s
[111.590s][info][gc,start       ] GC(294) Pause Young (Allocation Failure)
[111.737s][info][gc,heap        ] GC(294) PSYoungGen: 222688K(222720K)->111072K(222720K) Eden: 111616K(111616K)->0K(111616K) From: 111072K(111104K)->111072K(111104K)
[111.737s][info][gc,heap        ] GC(294) ParOldGen: 563390K(667648K)->595901K(667648K)
[111.737s][info][gc,metaspace   ] GC(294) Metaspace: 18104K(18240K)->18104K(18240K) NonClass: 16276K(16384K)->16276K(16384K) Class: 1828K(1856K)->1828K(1856K)
[111.737s][info][gc             ] GC(294) Pause Young (Allocation Failure) 767M->690M(869M) 146.802ms
[111.737s][info][gc,cpu         ] GC(294) User=0.29s Sys=0.00s Real=0.15s
[111.978s][info][gc,start       ] GC(295) Pause Young (Allocation Failure)
[112.078s][info][gc,heap        ] GC(295) PSYoungGen: 222688K(222720K)->91047K(222720K) Eden: 111616K(111616K)->0K(111616K) From: 111072K(111104K)->91047K(111104K)
[112.078s][info][gc,heap        ] GC(295) ParOldGen: 595901K(667648K)->622021K(667648K)
[112.078s][info][gc,metaspace   ] GC(295) Metaspace: 18153K(18304K)->18153K(18304K) NonClass: 16324K(16448K)->16324K(16448K) Class: 1828K(1856K)->1828K(1856K)
[112.078s][info][gc             ] GC(295) Pause Young (Allocation Failure) 799M->696M(869M) 100.305ms
[112.078s][info][gc,cpu         ] GC(295) User=0.20s Sys=0.00s Real=0.10s
[112.237s][info][gc,start       ] GC(296) Pause Full (Allocation Failure)
[112.238s][info][gc,phases,start] GC(296) Marking Phase
[112.441s][info][gc,phases      ] GC(296) Marking Phase 203.431ms
[112.441s][info][gc,phases,start] GC(296) Summary Phase
[112.441s][info][gc,phases      ] GC(296) Summary Phase 0.051ms
[112.441s][info][gc,phases,start] GC(296) Forward
[112.495s][info][gc,phases      ] GC(296) Forward 53.592ms
[112.495s][info][gc,phases,start] GC(296) Adjust Pointers
[112.626s][info][gc,phases      ] GC(296) Adjust Pointers 131.738ms
[112.627s][info][gc,phases,start] GC(296) Compaction Phase
[112.703s][info][gc,phases      ] GC(296) Compaction Phase 76.270ms
[112.712s][info][gc,phases,start] GC(296) Post Compact
[112.714s][info][gc,phases      ] GC(296) Post Compact 2.538ms
[112.727s][info][gc,heap        ] GC(296) PSYoungGen: 202663K(222720K)->0K(222720K) Eden: 111616K(111616K)->0K(111616K) From: 91047K(111104K)->0K(111104K)
[112.727s][info][gc,heap        ] GC(296) ParOldGen: 622021K(667648K)->258784K(509440K)
[112.727s][info][gc,metaspace   ] GC(296) Metaspace: 18153K(18304K)->18153K(18304K) NonClass: 16324K(16448K)->16324K(16448K) Class: 1828K(1856K)->1828K(1856K)
[112.727s][info][gc             ] GC(296) Pause Full (Allocation Failure) 805M->252M(715M) 489.632ms
[112.727s][info][gc,cpu         ] GC(296) User=0.89s Sys=0.01s Real=0.49s
[112.898s][info][gc,start       ] GC(297) Pause Young (Allocation Failure)
[112.913s][info][gc,heap        ] GC(297) PSYoungGen: 111616K(222720K)->12704K(222720K) Eden: 111616K(111616K)->0K(111616K) From: 0K(111104K)->12704K(111104K)
[112.913s][info][gc,heap        ] GC(297) ParOldGen: 258784K(509440K)->258784K(509440K)
[112.913s][info][gc,metaspace   ] GC(297) Metaspace: 18162K(18304K)->18162K(18304K) NonClass: 16334K(16448K)->16334K(16448K) Class: 1828K(1856K)->1828K(1856K)
[112.913s][info][gc             ] GC(297) Pause Young (Allocation Failure) 361M->265M(715M) 15.058ms
[112.913s][info][gc,cpu         ] GC(297) User=0.03s Sys=0.00s Real=0.02s
[113.046s][info][gc,start       ] GC(298) Pause Young (Allocation Failure)
[113.066s][info][gc,heap        ] GC(298) PSYoungGen: 124320K(222720K)->17760K(222720K) Eden: 111616K(111616K)->0K(111616K) From: 12704K(111104K)->17760K(111104K)
[113.066s][info][gc,heap        ] GC(298) ParOldGen: 258784K(509440K)->258792K(509440K)
[113.066s][info][gc,metaspace   ] GC(298) Metaspace: 18162K(18304K)->18162K(18304K) NonClass: 16334K(16448K)->16334K(16448K) Class: 1828K(1856K)->1828K(1856K)
[113.066s][info][gc             ] GC(298) Pause Young (Allocation Failure) 374M->270M(715M) 20.336ms
[113.066s][info][gc,cpu         ] GC(298) User=0.04s Sys=0.00s Real=0.02s
[113.157s][info][gc,start       ] GC(299) Pause Young (Allocation Failure)
[113.184s][info][gc,heap        ] GC(299) PSYoungGen: 129376K(222720K)->11680K(222720K) Eden: 111616K(111616K)->0K(111616K) From: 17760K(111104K)->11680K(111104K)
[113.184s][info][gc,heap        ] GC(299) ParOldGen: 258792K(509440K)->271512K(509440K)
[113.184s][info][gc,metaspace   ] GC(299) Metaspace: 18162K(18304K)->18162K(18304K) NonClass: 16334K(16448K)->16334K(16448K) Class: 1828K(1856K)->1828K(1856K)
[113.184s][info][gc             ] GC(299) Pause Young (Allocation Failure) 379M->276M(715M) 27.345ms
[113.184s][info][gc,cpu         ] GC(299) User=0.06s Sys=0.00s Real=0.03s
[113.291s][info][gc,start       ] GC(300) Pause Young (Allocation Failure)
[113.307s][info][gc,heap        ] GC(300) PSYoungGen: 123296K(222720K)->128K(222720K) Eden: 111616K(111616K)->0K(111616K) From: 11680K(111104K)->128K(111104K)
[113.307s][info][gc,heap        ] GC(300) ParOldGen: 271512K(509440K)->283146K(509440K)
[113.307s][info][gc,metaspace   ] GC(300) Metaspace: 18162K(18304K)->18162K(18304K) NonClass: 16334K(16448K)->16334K(16448K) Class: 1828K(1856K)->1828K(1856K)
[113.307s][info][gc             ] GC(300) Pause Young (Allocation Failure) 385M->276M(715M) 16.110ms
[113.307s][info][gc,cpu         ] GC(300) User=0.03s Sys=0.00s Real=0.02s
[113.383s][info][gc,start       ] GC(301) Pause Young (Allocation Failure)
[113.407s][info][gc,heap        ] GC(301) PSYoungGen: 111744K(222720K)->21664K(222720K) Eden: 111616K(111616K)->0K(111616K) From: 128K(111104K)->21664K(111104K)
[113.407s][info][gc,heap        ] GC(301) ParOldGen: 283146K(509440K)->283274K(509440K)
[113.407s][info][gc,metaspace   ] GC(301) Metaspace: 18162K(18304K)->18162K(18304K) NonClass: 16334K(16448K)->16334K(16448K) Class: 1828K(1856K)->1828K(1856K)
[113.407s][info][gc             ] GC(301) Pause Young (Allocation Failure) 385M->297M(715M) 23.806ms
[113.407s][info][gc,cpu         ] GC(301) User=0.05s Sys=0.00s Real=0.02s
[113.507s][info][gc,start       ] GC(302) Pause Young (Allocation Failure)
[113.553s][info][gc,heap        ] GC(302) PSYoungGen: 133280K(222720K)->23824K(222720K) Eden: 111616K(111616K)->0K(111616K) From: 21664K(111104K)->23824K(111104K)
[113.553s][info][gc,heap        ] GC(302) ParOldGen: 283274K(509440K)->304994K(509440K)
[113.553s][info][gc,metaspace   ] GC(302) Metaspace: 18162K(18304K)->18162K(18304K) NonClass: 16334K(16448K)->16334K(16448K) Class: 1828K(1856K)->1828K(1856K)
[113.553s][info][gc             ] GC(302) Pause Young (Allocation Failure) 406M->321M(715M) 46.182ms
[113.553s][info][gc,cpu         ] GC(302) User=0.10s Sys=0.00s Real=0.05s
[113.641s][info][gc,start       ] GC(303) Pause Young (Allocation Failure)
[113.674s][info][gc,heap        ] GC(303) PSYoungGen: 135440K(222720K)->17856K(222720K) Eden: 111616K(111616K)->0K(111616K) From: 23824K(111104K)->17856K(111104K)
[113.674s][info][gc,heap        ] GC(303) ParOldGen: 304994K(509440K)->328942K(509440K)
[113.674s][info][gc,metaspace   ] GC(303) Metaspace: 18162K(18304K)->18162K(18304K) NonClass: 16334K(16448K)->16334K(16448K) Class: 1828K(1856K)->1828K(1856K)
[113.674s][info][gc             ] GC(303) Pause Young (Allocation Failure) 430M->338M(715M) 32.821ms
[113.674s][info][gc,cpu         ] GC(303) User=0.07s Sys=0.00s Real=0.04s
[113.816s][info][gc,start       ] GC(304) Pause Young (Allocation Failure)
[113.850s][info][gc,heap        ] GC(304) PSYoungGen: 129472K(222720K)->13027K(222720K) Eden: 111616K(111616K)->0K(111616K) From: 17856K(111104K)->13027K(111104K)
[113.850s][info][gc,heap        ] GC(304) ParOldGen: 328942K(509440K)->346897K(509440K)
[113.851s][info][gc,metaspace   ] GC(304) Metaspace: 18162K(18304K)->18162K(18304K) NonClass: 16334K(16448K)->16334K(16448K) Class: 1828K(1856K)->1828K(1856K)
[113.851s][info][gc             ] GC(304) Pause Young (Allocation Failure) 447M->351M(715M) 34.692ms
[113.851s][info][gc,cpu         ] GC(304) User=0.07s Sys=0.00s Real=0.03s
[113.946s][info][gc,start       ] GC(305) Pause Young (Allocation Failure)
[113.975s][info][gc,heap        ] GC(305) PSYoungGen: 124643K(222720K)->6016K(222720K) Eden: 111616K(111616K)->0K(111616K) From: 13027K(111104K)->6016K(111104K)
[113.975s][info][gc,heap        ] GC(305) ParOldGen: 346897K(509440K)->359941K(509440K)
[113.975s][info][gc,metaspace   ] GC(305) Metaspace: 18162K(18304K)->18162K(18304K) NonClass: 16334K(16448K)->16334K(16448K) Class: 1828K(1856K)->1828K(1856K)
[113.975s][info][gc             ] GC(305) Pause Young (Allocation Failure) 460M->357M(715M) 28.836ms
[113.975s][info][gc,cpu         ] GC(305) User=0.05s Sys=0.00s Real=0.03s
[114.035s][info][gc,start       ] GC(306) Pause Young (Allocation Failure)
[114.046s][info][gc,heap        ] GC(306) PSYoungGen: 117632K(222720K)->2720K(222720K) Eden: 111616K(111616K)->0K(111616K) From: 6016K(111104K)->2720K(111104K)
[114.046s][info][gc,heap        ] GC(306) ParOldGen: 359941K(509440K)->365933K(509440K)
[114.046s][info][gc,metaspace   ] GC(306) Metaspace: 18162K(18304K)->18162K(18304K) NonClass: 16334K(16448K)->16334K(16448K) Class: 1828K(1856K)->1828K(1856K)
[114.046s][info][gc             ] GC(306) Pause Young (Allocation Failure) 466M->360M(715M) 11.398ms
[114.046s][info][gc,cpu         ] GC(306) User=0.02s Sys=0.00s Real=0.01s
[114.153s][info][gc,start       ] GC(307) Pause Young (Allocation Failure)
[114.160s][info][gc,heap        ] GC(307) PSYoungGen: 114336K(222720K)->1280K(222720K) Eden: 111616K(111616K)->0K(111616K) From: 2720K(111104K)->1280K(111104K)
[114.160s][info][gc,heap        ] GC(307) ParOldGen: 365933K(509440K)->368653K(509440K)
[114.160s][info][gc,metaspace   ] GC(307) Metaspace: 18162K(18304K)->18162K(18304K) NonClass: 16334K(16448K)->16334K(16448K) Class: 1828K(1856K)->1828K(1856K)
[114.160s][info][gc             ] GC(307) Pause Young (Allocation Failure) 469M->361M(715M) 6.720ms
[114.160s][info][gc,cpu         ] GC(307) User=0.01s Sys=0.00s Real=0.00s
[114.459s][info][gc,start       ] GC(308) Pause Young (Allocation Failure)
[114.466s][info][gc,heap        ] GC(308) PSYoungGen: 112896K(222720K)->1824K(222720K) Eden: 111616K(111616K)->0K(111616K) From: 1280K(111104K)->1824K(111104K)
[114.466s][info][gc,heap        ] GC(308) ParOldGen: 368653K(509440K)->369925K(509440K)
[114.466s][info][gc,metaspace   ] GC(308) Metaspace: 18163K(18304K)->18163K(18304K) NonClass: 16334K(16448K)->16334K(16448K) Class: 1828K(1856K)->1828K(1856K)
[114.466s][info][gc             ] GC(308) Pause Young (Allocation Failure) 470M->363M(715M) 6.328ms
[114.466s][info][gc,cpu         ] GC(308) User=0.01s Sys=0.00s Real=0.01s
[114.768s][info][gc,start       ] GC(309) Pause Young (Allocation Failure)
[114.773s][info][gc,heap        ] GC(309) PSYoungGen: 113440K(222720K)->448K(112128K) Eden: 111616K(111616K)->0K(111616K) From: 1824K(111104K)->448K(512K)
[114.773s][info][gc,heap        ] GC(309) ParOldGen: 369925K(509440K)->371653K(509440K)
[114.773s][info][gc,metaspace   ] GC(309) Metaspace: 18163K(18304K)->18163K(18304K) NonClass: 16334K(16448K)->16334K(16448K) Class: 1828K(1856K)->1828K(1856K)
[114.773s][info][gc             ] GC(309) Pause Young (Allocation Failure) 472M->363M(607M) 5.143ms
[114.773s][info][gc,cpu         ] GC(309) User=0.01s Sys=0.00s Real=0.01s
[115.013s][info][gc,start       ] GC(310) Pause Young (Allocation Failure)
[115.038s][info][gc,heap        ] GC(310) PSYoungGen: 112064K(112128K)->21216K(212992K) Eden: 111616K(111616K)->0K(115712K) From: 448K(512K)->21216K(97280K)
[115.038s][info][gc,heap        ] GC(310) ParOldGen: 371653K(509440K)->371653K(509440K)
[115.038s][info][gc,metaspace   ] GC(310) Metaspace: 18163K(18304K)->18163K(18304K) NonClass: 16334K(16448K)->16334K(16448K) Class: 1828K(1856K)->1828K(1856K)
[115.038s][info][gc             ] GC(310) Pause Young (Allocation Failure) 472M->383M(705M) 24.551ms
[115.038s][info][gc,cpu         ] GC(310) User=0.05s Sys=0.00s Real=0.02s
[115.190s][info][gc,start       ] GC(311) Pause Young (Allocation Failure)
[115.235s][info][gc,heap        ] GC(311) PSYoungGen: 136928K(212992K)->45456K(217600K) Eden: 115712K(115712K)->0K(115712K) From: 21216K(97280K)->45456K(101888K)
[115.235s][info][gc,heap        ] GC(311) ParOldGen: 371653K(509440K)->371653K(509440K)
[115.235s][info][gc,metaspace   ] GC(311) Metaspace: 18163K(18304K)->18163K(18304K) NonClass: 16334K(16448K)->16334K(16448K) Class: 1828K(1856K)->1828K(1856K)
[115.235s][info][gc             ] GC(311) Pause Young (Allocation Failure) 496M->407M(710M) 44.846ms
[115.235s][info][gc,cpu         ] GC(311) User=0.09s Sys=0.00s Real=0.05s
[115.432s][info][gc,start       ] GC(312) Pause Young (Allocation Failure)
[115.512s][info][gc,heap        ] GC(312) PSYoungGen: 161168K(217600K)->78592K(214528K) Eden: 115712K(115712K)->0K(111616K) From: 45456K(101888K)->78592K(102912K)
[115.512s][info][gc,heap        ] GC(312) ParOldGen: 371653K(509440K)->371653K(509440K)
[115.512s][info][gc,metaspace   ] GC(312) Metaspace: 18164K(18304K)->18164K(18304K) NonClass: 16335K(16448K)->16335K(16448K) Class: 1828K(1856K)->1828K(1856K)
[115.512s][info][gc             ] GC(312) Pause Young (Allocation Failure) 520M->439M(707M) 80.257ms
[115.512s][info][gc,cpu         ] GC(312) User=0.16s Sys=0.00s Real=0.08s
[115.633s][info][gc,start       ] GC(313) Pause Young (Allocation Failure)
[115.717s][info][gc,heap        ] GC(313) PSYoungGen: 190208K(214528K)->66112K(222720K) Eden: 111616K(111616K)->0K(111616K) From: 78592K(102912K)->66112K(111104K)
[115.717s][info][gc,heap        ] GC(313) ParOldGen: 371653K(509440K)->392865K(509440K)
[115.717s][info][gc,metaspace   ] GC(313) Metaspace: 18164K(18304K)->18164K(18304K) NonClass: 16335K(16448K)->16335K(16448K) Class: 1828K(1856K)->1828K(1856K)
[115.717s][info][gc             ] GC(313) Pause Young (Allocation Failure) 548M->448M(715M) 83.884ms
[115.717s][info][gc,cpu         ] GC(313) User=0.17s Sys=0.00s Real=0.08s
[115.833s][info][gc,start       ] GC(314) Pause Young (Allocation Failure)
[115.897s][info][gc,heap        ] GC(314) PSYoungGen: 177728K(222720K)->10080K(222720K) Eden: 111616K(111616K)->0K(111616K) From: 66112K(111104K)->10080K(111104K)
[115.897s][info][gc,heap        ] GC(314) ParOldGen: 392865K(509440K)->450695K(509440K)
[115.897s][info][gc,metaspace   ] GC(314) Metaspace: 18164K(18304K)->18164K(18304K) NonClass: 16335K(16448K)->16335K(16448K) Class: 1828K(1856K)->1828K(1856K)
[115.897s][info][gc             ] GC(314) Pause Young (Allocation Failure) 557M->449M(715M) 64.024ms
[115.897s][info][gc,cpu         ] GC(314) User=0.13s Sys=0.00s Real=0.06s
[116.029s][info][gc,start       ] GC(315) Pause Young (Allocation Failure)
[116.045s][info][gc,heap        ] GC(315) PSYoungGen: 121696K(222720K)->1376K(222720K) Eden: 111616K(111616K)->0K(111616K) From: 10080K(111104K)->1376K(111104K)
[116.045s][info][gc,heap        ] GC(315) ParOldGen: 450695K(509440K)->460791K(509440K)
[116.045s][info][gc,metaspace   ] GC(315) Metaspace: 18164K(18304K)->18164K(18304K) NonClass: 16335K(16448K)->16335K(16448K) Class: 1828K(1856K)->1828K(1856K)
[116.045s][info][gc             ] GC(315) Pause Young (Allocation Failure) 558M->451M(715M) 15.977ms
[116.045s][info][gc,cpu         ] GC(315) User=0.03s Sys=0.00s Real=0.02s
[116.246s][info][gc,start       ] GC(316) Pause Young (Allocation Failure)
[116.288s][info][gc,heap        ] GC(316) PSYoungGen: 112992K(222720K)->39072K(215552K) Eden: 111616K(111616K)->0K(111616K) From: 1376K(111104K)->39072K(103936K)
[116.288s][info][gc,heap        ] GC(316) ParOldGen: 460791K(509440K)->462151K(509440K)
[116.288s][info][gc,metaspace   ] GC(316) Metaspace: 18164K(18304K)->18164K(18304K) NonClass: 16335K(16448K)->16335K(16448K) Class: 1828K(1856K)->1828K(1856K)
[116.288s][info][gc             ] GC(316) Pause Young (Allocation Failure) 560M->489M(708M) 41.782ms
[116.288s][info][gc,cpu         ] GC(316) User=0.08s Sys=0.00s Real=0.04s
[116.392s][info][gc,start       ] GC(317) Pause Young (Allocation Failure)
[116.489s][info][gc,heap        ] GC(317) PSYoungGen: 150688K(215552K)->96736K(219136K) Eden: 111616K(111616K)->0K(111616K) From: 39072K(103936K)->96736K(107520K)
[116.489s][info][gc,heap        ] GC(317) ParOldGen: 462151K(509440K)->462151K(509440K)
[116.489s][info][gc,metaspace   ] GC(317) Metaspace: 18164K(18304K)->18164K(18304K) NonClass: 16335K(16448K)->16335K(16448K) Class: 1828K(1856K)->1828K(1856K)
[116.489s][info][gc             ] GC(317) Pause Young (Allocation Failure) 598M->545M(711M) 96.903ms
[116.489s][info][gc,cpu         ] GC(317) User=0.19s Sys=0.00s Real=0.09s
[116.641s][info][gc,start       ] GC(318) Pause Young (Allocation Failure)
[116.789s][info][gc,heap        ] GC(318) PSYoungGen: 208352K(219136K)->25740K(222720K) Eden: 111616K(111616K)->0K(111616K) From: 96736K(107520K)->25740K(111104K)
[116.789s][info][gc,heap        ] GC(318) ParOldGen: 462151K(509440K)->559143K(559616K)
[116.789s][info][gc,metaspace   ] GC(318) Metaspace: 18164K(18304K)->18164K(18304K) NonClass: 16335K(16448K)->16335K(16448K) Class: 1828K(1856K)->1828K(1856K)
[116.789s][info][gc             ] GC(318) Pause Young (Allocation Failure) 654M->571M(764M) 147.915ms
[116.789s][info][gc,cpu         ] GC(318) User=0.25s Sys=0.04s Real=0.15s
[116.967s][info][gc,start       ] GC(319) Pause Young (Allocation Failure)
[117.028s][info][gc,heap        ] GC(319) PSYoungGen: 137356K(222720K)->22367K(222720K) Eden: 111616K(111616K)->0K(111616K) From: 25740K(111104K)->22367K(111104K)
[117.028s][info][gc,heap        ] GC(319) ParOldGen: 559143K(559616K)->584970K(585216K)
[117.028s][info][gc,metaspace   ] GC(319) Metaspace: 18165K(18304K)->18165K(18304K) NonClass: 16337K(16448K)->16337K(16448K) Class: 1828K(1856K)->1828K(1856K)
[117.028s][info][gc             ] GC(319) Pause Young (Allocation Failure) 680M->593M(789M) 60.363ms
[117.028s][info][gc,cpu         ] GC(319) User=0.10s Sys=0.02s Real=0.06s
[117.096s][info][gc,start       ] GC(320) Pause Young (Allocation Failure)
[117.169s][info][gc,heap        ] GC(320) PSYoungGen: 133983K(222720K)->34208K(208384K) Eden: 111616K(111616K)->0K(111616K) From: 22367K(111104K)->34208K(96768K)
[117.169s][info][gc,heap        ] GC(320) ParOldGen: 584970K(585216K)->607577K(607744K)
[117.169s][info][gc,metaspace   ] GC(320) Metaspace: 18165K(18304K)->18165K(18304K) NonClass: 16337K(16448K)->16337K(16448K) Class: 1828K(1856K)->1828K(1856K)
[117.169s][info][gc             ] GC(320) Pause Young (Allocation Failure) 702M->626M(797M) 73.115ms
[117.169s][info][gc,cpu         ] GC(320) User=0.13s Sys=0.01s Real=0.07s
[117.257s][info][gc,start       ] GC(321) Pause Full (Allocation Failure)
[117.257s][info][gc,phases,start] GC(321) Marking Phase
[117.324s][info][gc,phases      ] GC(321) Marking Phase 66.085ms
[117.324s][info][gc,phases,start] GC(321) Summary Phase
[117.324s][info][gc,phases      ] GC(321) Summary Phase 0.034ms
[117.324s][info][gc,phases,start] GC(321) Forward
[117.344s][info][gc,phases      ] GC(321) Forward 20.026ms
[117.344s][info][gc,phases,start] GC(321) Adjust Pointers
[117.389s][info][gc,phases      ] GC(321) Adjust Pointers 45.687ms
[117.390s][info][gc,phases,start] GC(321) Compaction Phase
[117.413s][info][gc,phases      ] GC(321) Compaction Phase 23.486ms
[117.416s][info][gc,phases,start] GC(321) Post Compact
[117.418s][info][gc,phases      ] GC(321) Post Compact 2.286ms
[117.440s][info][gc,heap        ] GC(321) PSYoungGen: 145824K(208384K)->0K(215552K) Eden: 111616K(111616K)->0K(111616K) From: 34208K(96768K)->0K(103936K)
[117.440s][info][gc,heap        ] GC(321) ParOldGen: 607577K(607744K)->99587K(365056K)
[117.440s][info][gc,metaspace   ] GC(321) Metaspace: 18168K(18304K)->18168K(18304K) NonClass: 16340K(16448K)->16340K(16448K) Class: 1828K(1856K)->1828K(1856K)
[117.440s][info][gc             ] GC(321) Pause Full (Allocation Failure) 735M->97M(567M) 182.267ms
[117.440s][info][gc,cpu         ] GC(321) User=0.28s Sys=0.02s Real=0.18s
[117.565s][info][gc,start       ] GC(322) Pause Young (Allocation Failure)
[117.572s][info][gc,heap        ] GC(322) PSYoungGen: 111616K(215552K)->5840K(220160K) Eden: 111616K(111616K)->0K(121856K) From: 0K(103936K)->5840K(98304K)
[117.572s][info][gc,heap        ] GC(322) ParOldGen: 99587K(365056K)->99587K(365056K)
[117.572s][info][gc,metaspace   ] GC(322) Metaspace: 18168K(18304K)->18168K(18304K) NonClass: 16340K(16448K)->16340K(16448K) Class: 1828K(1856K)->1828K(1856K)
[117.572s][info][gc             ] GC(322) Pause Young (Allocation Failure) 206M->102M(571M) 7.228ms
[117.572s][info][gc,cpu         ] GC(322) User=0.01s Sys=0.00s Real=0.01s
[117.727s][info][gc,start       ] GC(323) Pause Young (Allocation Failure)
[117.746s][info][gc,heap        ] GC(323) PSYoungGen: 127696K(220160K)->18768K(223744K) Eden: 121856K(121856K)->0K(121856K) From: 5840K(98304K)->18768K(101888K)
[117.746s][info][gc,heap        ] GC(323) ParOldGen: 99587K(365056K)->99587K(365056K)
[117.746s][info][gc,metaspace   ] GC(323) Metaspace: 18169K(18304K)->18169K(18304K) NonClass: 16341K(16448K)->16341K(16448K) Class: 1828K(1856K)->1828K(1856K)
[117.746s][info][gc             ] GC(323) Pause Young (Allocation Failure) 221M->115M(575M) 19.223ms
[117.746s][info][gc,cpu         ] GC(323) User=0.04s Sys=0.00s Real=0.02s
[117.828s][info][gc,start       ] GC(324) Pause Young (Allocation Failure)
[117.884s][info][gc,heap        ] GC(324) PSYoungGen: 140624K(223744K)->67952K(221184K) Eden: 121856K(121856K)->0K(124416K) From: 18768K(101888K)->67952K(96768K)
[117.884s][info][gc,heap        ] GC(324) ParOldGen: 99587K(365056K)->99587K(365056K)
[117.884s][info][gc,metaspace   ] GC(324) Metaspace: 18169K(18304K)->18169K(18304K) NonClass: 16341K(16448K)->16341K(16448K) Class: 1828K(1856K)->1828K(1856K)
[117.884s][info][gc             ] GC(324) Pause Young (Allocation Failure) 234M->163M(572M) 55.430ms
[117.884s][info][gc,cpu         ] GC(324) User=0.11s Sys=0.00s Real=0.06s
[118.151s][info][gc,start       ] GC(325) Pause Young (Allocation Failure)
[118.213s][info][gc,heap        ] GC(325) PSYoungGen: 192368K(221184K)->87312K(211968K) Eden: 124416K(124416K)->0K(124416K) From: 67952K(96768K)->87312K(87552K)
[118.213s][info][gc,heap        ] GC(325) ParOldGen: 99587K(365056K)->99587K(365056K)
[118.213s][info][gc,metaspace   ] GC(325) Metaspace: 18174K(18304K)->18174K(18304K) NonClass: 16345K(16448K)->16345K(16448K) Class: 1828K(1856K)->1828K(1856K)
[118.213s][info][gc             ] GC(325) Pause Young (Allocation Failure) 285M->182M(563M) 62.274ms
[118.213s][info][gc,cpu         ] GC(325) User=0.12s Sys=0.00s Real=0.07s
[118.376s][info][gc,start       ] GC(326) Pause Young (Allocation Failure)
[118.439s][info][gc,heap        ] GC(326) PSYoungGen: 211728K(211968K)->83888K(222720K) Eden: 124416K(124416K)->0K(111616K) From: 87312K(87552K)->83888K(111104K)
[118.439s][info][gc,heap        ] GC(326) ParOldGen: 99587K(365056K)->105459K(365056K)
[118.439s][info][gc,metaspace   ] GC(326) Metaspace: 18174K(18304K)->18174K(18304K) NonClass: 16346K(16448K)->16346K(16448K) Class: 1828K(1856K)->1828K(1856K)
[118.439s][info][gc             ] GC(326) Pause Young (Allocation Failure) 304M->184M(574M) 63.437ms
[118.439s][info][gc,cpu         ] GC(326) User=0.12s Sys=0.00s Real=0.06s
[118.565s][info][gc,start       ] GC(327) Pause Young (Allocation Failure)
[118.708s][info][gc,heap        ] GC(327) PSYoungGen: 195504K(222720K)->89796K(222720K) Eden: 111616K(111616K)->0K(111616K) From: 83888K(111104K)->89796K(111104K)
[118.708s][info][gc,heap        ] GC(327) ParOldGen: 105459K(365056K)->168211K(365056K)
[118.708s][info][gc,metaspace   ] GC(327) Metaspace: 18174K(18304K)->18174K(18304K) NonClass: 16346K(16448K)->16346K(16448K) Class: 1828K(1856K)->1828K(1856K)
[118.708s][info][gc             ] GC(327) Pause Young (Allocation Failure) 293M->251M(574M) 142.798ms
[118.708s][info][gc,cpu         ] GC(327) User=0.28s Sys=0.00s Real=0.14s
[118.787s][info][gc,start       ] GC(328) Pause Young (Allocation Failure)
[118.917s][info][gc,heap        ] GC(328) PSYoungGen: 201412K(222720K)->103476K(222720K) Eden: 111616K(111616K)->0K(111616K) From: 89796K(111104K)->103476K(111104K)
[118.917s][info][gc,heap        ] GC(328) ParOldGen: 168211K(365056K)->190259K(365056K)
[118.917s][info][gc,metaspace   ] GC(328) Metaspace: 18174K(18304K)->18174K(18304K) NonClass: 16346K(16448K)->16346K(16448K) Class: 1828K(1856K)->1828K(1856K)
[118.917s][info][gc             ] GC(328) Pause Young (Allocation Failure) 360M->286M(574M) 129.606ms
[118.917s][info][gc,cpu         ] GC(328) User=0.25s Sys=0.01s Real=0.13s
[118.972s][info][gc,start       ] GC(329) Pause Young (Allocation Failure)
[119.106s][info][gc,heap        ] GC(329) PSYoungGen: 215092K(222720K)->39968K(222720K) Eden: 111616K(111616K)->0K(111616K) From: 103476K(111104K)->39968K(111104K)
[119.107s][info][gc,heap        ] GC(329) ParOldGen: 190259K(365056K)->294235K(365056K)
[119.107s][info][gc,metaspace   ] GC(329) Metaspace: 18174K(18304K)->18174K(18304K) NonClass: 16346K(16448K)->16346K(16448K) Class: 1828K(1856K)->1828K(1856K)
[119.107s][info][gc             ] GC(329) Pause Young (Allocation Failure) 395M->326M(574M) 134.563ms
[119.107s][info][gc,cpu         ] GC(329) User=0.27s Sys=0.00s Real=0.14s
[119.220s][info][gc,start       ] GC(330) Pause Young (Allocation Failure)
[119.279s][info][gc,heap        ] GC(330) PSYoungGen: 151584K(222720K)->30688K(222720K) Eden: 111616K(111616K)->0K(111616K) From: 39968K(111104K)->30688K(111104K)
[119.279s][info][gc,heap        ] GC(330) ParOldGen: 294235K(365056K)->334619K(365056K)
[119.279s][info][gc,metaspace   ] GC(330) Metaspace: 18174K(18304K)->18174K(18304K) NonClass: 16346K(16448K)->16346K(16448K) Class: 1828K(1856K)->1828K(1856K)
[119.279s][info][gc             ] GC(330) Pause Young (Allocation Failure) 435M->356M(574M) 58.929ms
[119.279s][info][gc,cpu         ] GC(330) User=0.11s Sys=0.00s Real=0.06s
[119.358s][info][gc,start       ] GC(331) Pause Young (Allocation Failure)
[119.396s][info][gc,heap        ] GC(331) PSYoungGen: 142304K(222720K)->4960K(222720K) Eden: 111616K(111616K)->0K(111616K) From: 30688K(111104K)->4960K(111104K)
[119.396s][info][gc,heap        ] GC(331) ParOldGen: 334619K(365056K)->365515K(365568K)
[119.396s][info][gc,metaspace   ] GC(331) Metaspace: 18174K(18304K)->18174K(18304K) NonClass: 16346K(16448K)->16346K(16448K) Class: 1828K(1856K)->1828K(1856K)
[119.396s][info][gc             ] GC(331) Pause Young (Allocation Failure) 465M->361M(574M) 38.746ms
[119.396s][info][gc,cpu         ] GC(331) User=0.08s Sys=0.00s Real=0.04s
[119.447s][info][gc,start       ] GC(332) Pause Young (Allocation Failure)
[119.462s][info][gc,heap        ] GC(332) PSYoungGen: 116576K(222720K)->1984K(222720K) Eden: 111616K(111616K)->0K(111616K) From: 4960K(111104K)->1984K(111104K)
[119.462s][info][gc,heap        ] GC(332) ParOldGen: 365515K(365568K)->370467K(370688K)
[119.462s][info][gc,metaspace   ] GC(332) Metaspace: 18174K(18304K)->18174K(18304K) NonClass: 16346K(16448K)->16346K(16448K) Class: 1828K(1856K)->1828K(1856K)
[119.462s][info][gc             ] GC(332) Pause Young (Allocation Failure) 470M->363M(579M) 14.778ms
[119.462s][info][gc,cpu         ] GC(332) User=0.02s Sys=0.00s Real=0.01s
[119.584s][info][gc,start       ] GC(333) Pause Young (Allocation Failure)
[119.622s][info][gc,heap        ] GC(333) PSYoungGen: 113600K(222720K)->14529K(222720K) Eden: 111616K(111616K)->0K(111616K) From: 1984K(111104K)->14529K(111104K)
[119.622s][info][gc,heap        ] GC(333) ParOldGen: 370467K(370688K)->372427K(372736K)
[119.622s][info][gc,metaspace   ] GC(333) Metaspace: 18174K(18304K)->18174K(18304K) NonClass: 16346K(16448K)->16346K(16448K) Class: 1828K(1856K)->1828K(1856K)
[119.622s][info][gc             ] GC(333) Pause Young (Allocation Failure) 472M->377M(581M) 38.885ms
[119.622s][info][gc,cpu         ] GC(333) User=0.08s Sys=0.00s Real=0.04s
[119.726s][info][gc,start       ] GC(334) Pause Young (Allocation Failure)
[119.779s][info][gc,heap        ] GC(334) PSYoungGen: 126145K(222720K)->13504K(222720K) Eden: 111616K(111616K)->0K(111616K) From: 14529K(111104K)->13504K(111104K)
[119.779s][info][gc,heap        ] GC(334) ParOldGen: 372427K(372736K)->386944K(387072K)
[119.779s][info][gc,metaspace   ] GC(334) Metaspace: 18179K(18304K)->18179K(18304K) NonClass: 16351K(16448K)->16351K(16448K) Class: 1828K(1856K)->1828K(1856K)
[119.779s][info][gc             ] GC(334) Pause Young (Allocation Failure) 486M->391M(595M) 53.275ms
[119.779s][info][gc,cpu         ] GC(334) User=0.09s Sys=0.02s Real=0.05s
[119.865s][info][gc,start       ] GC(335) Pause Young (Allocation Failure)
[119.904s][info][gc,heap        ] GC(335) PSYoungGen: 125120K(222720K)->12672K(222720K) Eden: 111616K(111616K)->0K(111616K) From: 13504K(111104K)->12672K(111104K)
[119.904s][info][gc,heap        ] GC(335) ParOldGen: 386944K(387072K)->400464K(400896K)
[119.904s][info][gc,metaspace   ] GC(335) Metaspace: 18179K(18304K)->18179K(18304K) NonClass: 16351K(16448K)->16351K(16448K) Class: 1828K(1856K)->1828K(1856K)
[119.904s][info][gc             ] GC(335) Pause Young (Allocation Failure) 500M->403M(609M) 39.501ms
[119.904s][info][gc,cpu         ] GC(335) User=0.06s Sys=0.02s Real=0.04s
[120.008s][info][gc,start       ] GC(336) Pause Young (Allocation Failure)
[120.050s][info][gc,heap        ] GC(336) PSYoungGen: 124288K(222720K)->19296K(222720K) Eden: 111616K(111616K)->0K(111616K) From: 12672K(111104K)->19296K(111104K)
[120.050s][info][gc,heap        ] GC(336) ParOldGen: 400464K(400896K)->413144K(413184K)
[120.050s][info][gc,metaspace   ] GC(336) Metaspace: 18180K(18304K)->18180K(18304K) NonClass: 16351K(16448K)->16351K(16448K) Class: 1828K(1856K)->1828K(1856K)
[120.051s][info][gc             ] GC(336) Pause Young (Allocation Failure) 512M->422M(621M) 42.791ms
[120.051s][info][gc,cpu         ] GC(336) User=0.07s Sys=0.01s Real=0.04s
[120.140s][info][gc,start       ] GC(337) Pause Young (Allocation Failure)
[120.186s][info][gc,heap        ] GC(337) PSYoungGen: 130912K(222720K)->5408K(117248K) Eden: 111616K(111616K)->0K(111616K) From: 19296K(111104K)->5408K(5632K)
[120.186s][info][gc,heap        ] GC(337) ParOldGen: 413144K(413184K)->432472K(432640K)
[120.186s][info][gc,metaspace   ] GC(337) Metaspace: 18180K(18304K)->18180K(18304K) NonClass: 16351K(16448K)->16351K(16448K) Class: 1828K(1856K)->1828K(1856K)
[120.186s][info][gc             ] GC(337) Pause Young (Allocation Failure) 531M->427M(537M) 46.545ms
[120.186s][info][gc,cpu         ] GC(337) User=0.08s Sys=0.02s Real=0.05s
[120.256s][info][gc,start       ] GC(338) Pause Young (Allocation Failure)
[120.284s][info][gc,heap        ] GC(338) PSYoungGen: 117024K(117248K)->14592K(225792K) Eden: 111616K(111616K)->0K(116736K) From: 5408K(5632K)->14592K(109056K)
[120.284s][info][gc,heap        ] GC(338) ParOldGen: 432472K(432640K)->437878K(438272K)
[120.284s][info][gc,metaspace   ] GC(338) Metaspace: 18184K(18304K)->18184K(18304K) NonClass: 16356K(16448K)->16356K(16448K) Class: 1828K(1856K)->1828K(1856K)
[120.284s][info][gc             ] GC(338) Pause Young (Allocation Failure) 536M->441M(648M) 28.088ms
[120.285s][info][gc,cpu         ] GC(338) User=0.05s Sys=0.00s Real=0.03s
[120.409s][info][gc,start       ] GC(339) Pause Young (Allocation Failure)
[120.433s][info][gc,heap        ] GC(339) PSYoungGen: 131328K(225792K)->15776K(132608K) Eden: 116736K(116736K)->0K(116736K) From: 14592K(109056K)->15776K(15872K)
[120.433s][info][gc,heap        ] GC(339) ParOldGen: 437878K(438272K)->437878K(438272K)
[120.433s][info][gc,metaspace   ] GC(339) Metaspace: 18185K(18304K)->18185K(18304K) NonClass: 16357K(16448K)->16357K(16448K) Class: 1828K(1856K)->1828K(1856K)
[120.433s][info][gc             ] GC(339) Pause Young (Allocation Failure) 555M->443M(557M) 24.441ms
[120.433s][info][gc,cpu         ] GC(339) User=0.05s Sys=0.00s Real=0.03s
[120.601s][info][gc,start       ] GC(340) Pause Young (Allocation Failure)
[120.624s][info][gc,heap        ] GC(340) PSYoungGen: 132512K(132608K)->19200K(218112K) Eden: 116736K(116736K)->0K(126464K) From: 15776K(15872K)->19200K(91648K)
[120.624s][info][gc,heap        ] GC(340) ParOldGen: 437878K(438272K)->437878K(438272K)
[120.624s][info][gc,metaspace   ] GC(340) Metaspace: 18186K(18304K)->18186K(18304K) NonClass: 16357K(16448K)->16357K(16448K) Class: 1828K(1856K)->1828K(1856K)
[120.624s][info][gc             ] GC(340) Pause Young (Allocation Failure) 557M->446M(641M) 23.525ms
[120.624s][info][gc,cpu         ] GC(340) User=0.05s Sys=0.01s Real=0.03s
[120.796s][info][gc,start       ] GC(341) Pause Young (Allocation Failure)
[120.842s][info][gc,heap        ] GC(341) PSYoungGen: 145664K(218112K)->42048K(218624K) Eden: 126464K(126464K)->0K(126464K) From: 19200K(91648K)->42048K(92160K)
[120.842s][info][gc,heap        ] GC(341) ParOldGen: 437878K(438272K)->437878K(438272K)
[120.842s][info][gc,metaspace   ] GC(341) Metaspace: 18187K(18304K)->18187K(18304K) NonClass: 16359K(16448K)->16359K(16448K) Class: 1828K(1856K)->1828K(1856K)
[120.842s][info][gc             ] GC(341) Pause Young (Allocation Failure) 569M->468M(641M) 45.959ms
[120.842s][info][gc,cpu         ] GC(341) User=0.09s Sys=0.00s Real=0.05s
[121.267s][info][gc,start       ] GC(342) Pause Young (Allocation Failure)
[121.314s][info][gc,heap        ] GC(342) PSYoungGen: 168512K(218624K)->42208K(224256K) Eden: 126464K(126464K)->0K(135680K) From: 42048K(92160K)->42208K(88576K)
[121.314s][info][gc,heap        ] GC(342) ParOldGen: 437878K(438272K)->437878K(438272K)
[121.314s][info][gc,metaspace   ] GC(342) Metaspace: 18196K(18304K)->18196K(18304K) NonClass: 16367K(16448K)->16367K(16448K) Class: 1828K(1856K)->1828K(1856K)
[121.314s][info][gc             ] GC(342) Pause Young (Allocation Failure) 592M->468M(647M) 47.369ms
[121.315s][info][gc,cpu         ] GC(342) User=0.09s Sys=0.00s Real=0.05s
[121.686s][info][gc,start       ] GC(343) Pause Young (Allocation Failure)
[121.732s][info][gc,heap        ] GC(343) PSYoungGen: 177888K(224256K)->42240K(226304K) Eden: 135680K(135680K)->0K(135680K) From: 42208K(88576K)->42240K(90624K)
[121.732s][info][gc,heap        ] GC(343) ParOldGen: 437878K(438272K)->437886K(438272K)
[121.732s][info][gc,metaspace   ] GC(343) Metaspace: 18200K(18304K)->18200K(18304K) NonClass: 16372K(16448K)->16372K(16448K) Class: 1828K(1856K)->1828K(1856K)
[121.732s][info][gc             ] GC(343) Pause Young (Allocation Failure) 601M->468M(649M) 46.296ms
[121.732s][info][gc,cpu         ] GC(343) User=0.09s Sys=0.00s Real=0.05s
[122.076s][info][gc,start       ] GC(344) Pause Young (Allocation Failure)
[122.123s][info][gc,heap        ] GC(344) PSYoungGen: 177920K(226304K)->42240K(230400K) Eden: 135680K(135680K)->0K(144384K) From: 42240K(90624K)->42240K(86016K)
[122.123s][info][gc,heap        ] GC(344) ParOldGen: 437886K(438272K)->437886K(438272K)
[122.123s][info][gc,metaspace   ] GC(344) Metaspace: 18200K(18304K)->18200K(18304K) NonClass: 16372K(16448K)->16372K(16448K) Class: 1828K(1856K)->1828K(1856K)
[122.123s][info][gc             ] GC(344) Pause Young (Allocation Failure) 601M->468M(653M) 47.772ms
[122.123s][info][gc,cpu         ] GC(344) User=0.09s Sys=0.00s Real=0.05s
[122.487s][info][gc,start       ] GC(345) Pause Young (Allocation Failure)
[122.543s][info][gc,heap        ] GC(345) PSYoungGen: 186624K(230400K)->42272K(232448K) Eden: 144384K(144384K)->0K(144384K) From: 42240K(86016K)->42272K(88064K)
[122.543s][info][gc,heap        ] GC(345) ParOldGen: 437886K(438272K)->437886K(438272K)
[122.543s][info][gc,metaspace   ] GC(345) Metaspace: 18204K(18304K)->18204K(18304K) NonClass: 16375K(16448K)->16375K(16448K) Class: 1828K(1856K)->1828K(1856K)
[122.543s][info][gc             ] GC(345) Pause Young (Allocation Failure) 609M->468M(655M) 55.840ms
[122.543s][info][gc,cpu         ] GC(345) User=0.10s Sys=0.00s Real=0.06s
[122.874s][info][gc,start       ] GC(346) Pause Young (Allocation Failure)
[122.934s][info][gc,heap        ] GC(346) PSYoungGen: 186656K(232448K)->47750K(240128K) Eden: 144384K(144384K)->0K(153600K) From: 42272K(88064K)->47750K(86528K)
[122.934s][info][gc,heap        ] GC(346) ParOldGen: 437886K(438272K)->437886K(438272K)
[122.934s][info][gc,metaspace   ] GC(346) Metaspace: 18206K(18304K)->18206K(18304K) NonClass: 16377K(16448K)->16377K(16448K) Class: 1828K(1856K)->1828K(1856K)
[122.934s][info][gc             ] GC(346) Pause Young (Allocation Failure) 609M->474M(662M) 60.117ms
[122.934s][info][gc,cpu         ] GC(346) User=0.12s Sys=0.00s Real=0.06s
[123.045s][info][gc,start       ] GC(347) Pause Young (Allocation Failure)
[123.152s][info][gc,heap        ] GC(347) PSYoungGen: 201350K(240128K)->86502K(240128K) Eden: 153600K(153600K)->0K(153600K) From: 47750K(86528K)->86502K(86528K)
[123.152s][info][gc,heap        ] GC(347) ParOldGen: 437886K(438272K)->455310K(455680K)
[123.152s][info][gc,metaspace   ] GC(347) Metaspace: 18206K(18304K)->18206K(18304K) NonClass: 16377K(16448K)->16377K(16448K) Class: 1828K(1856K)->1828K(1856K)
[123.152s][info][gc             ] GC(347) Pause Young (Allocation Failure) 624M->529M(679M) 106.772ms
[123.152s][info][gc,cpu         ] GC(347) User=0.19s Sys=0.02s Real=0.11s
[123.377s][info][gc,start       ] GC(348) Pause Young (Allocation Failure)
[123.511s][info][gc,heap        ] GC(348) PSYoungGen: 240102K(240128K)->93670K(205312K) Eden: 153600K(153600K)->0K(111616K) From: 86502K(86528K)->93670K(93696K)
[123.511s][info][gc,heap        ] GC(348) ParOldGen: 455310K(455680K)->479182K(479232K)
[123.511s][info][gc,metaspace   ] GC(348) Metaspace: 18208K(18304K)->18208K(18304K) NonClass: 16379K(16448K)->16379K(16448K) Class: 1828K(1856K)->1828K(1856K)
[123.511s][info][gc             ] GC(348) Pause Young (Allocation Failure) 679M->559M(668M) 134.458ms
[123.511s][info][gc,cpu         ] GC(348) User=0.22s Sys=0.04s Real=0.13s
[123.580s][info][gc,start       ] GC(349) Pause Young (Allocation Failure)
[123.685s][info][gc,heap        ] GC(349) PSYoungGen: 205286K(205312K)->72774K(222720K) Eden: 111616K(111616K)->0K(111616K) From: 93670K(93696K)->72774K(111104K)
[123.685s][info][gc,heap        ] GC(349) ParOldGen: 479182K(479232K)->505476K(505856K)
[123.685s][info][gc,metaspace   ] GC(349) Metaspace: 18208K(18304K)->18208K(18304K) NonClass: 16379K(16448K)->16379K(16448K) Class: 1828K(1856K)->1828K(1856K)
[123.685s][info][gc             ] GC(349) Pause Young (Allocation Failure) 668M->564M(711M) 104.470ms
[123.685s][info][gc,cpu         ] GC(349) User=0.19s Sys=0.01s Real=0.11s
[123.773s][info][gc,start       ] GC(350) Pause Young (Allocation Failure)
[123.856s][info][gc,heap        ] GC(350) PSYoungGen: 184390K(222720K)->99206K(222720K) Eden: 111616K(111616K)->0K(111616K) From: 72774K(111104K)->99206K(111104K)
[123.856s][info][gc,heap        ] GC(350) ParOldGen: 505476K(505856K)->505716K(505856K)
[123.856s][info][gc,metaspace   ] GC(350) Metaspace: 18208K(18304K)->18208K(18304K) NonClass: 16380K(16448K)->16380K(16448K) Class: 1828K(1856K)->1828K(1856K)
[123.856s][info][gc             ] GC(350) Pause Young (Allocation Failure) 673M->590M(711M) 83.111ms
[123.856s][info][gc,cpu         ] GC(350) User=0.16s Sys=0.00s Real=0.08s
[123.965s][info][gc,start       ] GC(351) Pause Young (Allocation Failure)
[124.094s][info][gc,heap        ] GC(351) PSYoungGen: 210822K(222720K)->111088K(222720K) Eden: 111616K(111616K)->0K(111616K) From: 99206K(111104K)->111088K(111104K)
[124.094s][info][gc,heap        ] GC(351) ParOldGen: 505716K(505856K)->522060K(522240K)
[124.094s][info][gc,metaspace   ] GC(351) Metaspace: 18210K(18304K)->18210K(18304K) NonClass: 16382K(16448K)->16382K(16448K) Class: 1828K(1856K)->1828K(1856K)
[124.094s][info][gc             ] GC(351) Pause Young (Allocation Failure) 699M->618M(727M) 128.821ms
[124.094s][info][gc,cpu         ] GC(351) User=0.24s Sys=0.01s Real=0.13s
[124.177s][info][gc,start       ] GC(352) Pause Young (Allocation Failure)
[124.313s][info][gc,heap        ] GC(352) PSYoungGen: 222704K(222720K)->77200K(222720K) Eden: 111616K(111616K)->0K(111616K) From: 111088K(111104K)->77200K(111104K)
[124.313s][info][gc,heap        ] GC(352) ParOldGen: 522060K(522240K)->556596K(557056K)
[124.313s][info][gc,metaspace   ] GC(352) Metaspace: 18210K(18304K)->18210K(18304K) NonClass: 16382K(16448K)->16382K(16448K) Class: 1828K(1856K)->1828K(1856K)
[124.313s][info][gc             ] GC(352) Pause Young (Allocation Failure) 727M->618M(761M) 136.625ms
[124.313s][info][gc,cpu         ] GC(352) User=0.25s Sys=0.02s Real=0.14s
[124.400s][info][gc,start       ] GC(353) Pause Young (Allocation Failure)
[124.524s][info][gc,heap        ] GC(353) PSYoungGen: 188816K(222720K)->58080K(222720K) Eden: 111616K(111616K)->0K(111616K) From: 77200K(111104K)->58080K(111104K)
[124.524s][info][gc,heap        ] GC(353) ParOldGen: 556596K(557056K)->589804K(589824K)
[124.524s][info][gc,metaspace   ] GC(353) Metaspace: 18210K(18304K)->18210K(18304K) NonClass: 16382K(16448K)->16382K(16448K) Class: 1828K(1856K)->1828K(1856K)
[124.524s][info][gc             ] GC(353) Pause Young (Allocation Failure) 727M->632M(793M) 124.330ms
[124.524s][info][gc,cpu         ] GC(353) User=0.21s Sys=0.03s Real=0.13s
[124.640s][info][gc,start       ] GC(354) Pause Young (Allocation Failure)
[124.777s][info][gc,heap        ] GC(354) PSYoungGen: 169696K(222720K)->42304K(222720K) Eden: 111616K(111616K)->0K(111616K) From: 58080K(111104K)->42304K(111104K)
[124.777s][info][gc,heap        ] GC(354) ParOldGen: 589804K(589824K)->634116K(634368K)
[124.777s][info][gc,metaspace   ] GC(354) Metaspace: 18210K(18304K)->18210K(18304K) NonClass: 16382K(16448K)->16382K(16448K) Class: 1828K(1856K)->1828K(1856K)
[124.777s][info][gc             ] GC(354) Pause Young (Allocation Failure) 741M->660M(837M) 137.654ms
[124.777s][info][gc,cpu         ] GC(354) User=0.23s Sys=0.04s Real=0.14s
[124.876s][info][gc,start       ] GC(355) Pause Full (Allocation Failure)
[124.876s][info][gc,phases,start] GC(355) Marking Phase
[125.186s][info][gc,phases      ] GC(355) Marking Phase 310.491ms
[125.186s][info][gc,phases,start] GC(355) Summary Phase
[125.186s][info][gc,phases      ] GC(355) Summary Phase 0.035ms
[125.186s][info][gc,phases,start] GC(355) Forward
[125.277s][info][gc,phases      ] GC(355) Forward 91.197ms
[125.278s][info][gc,phases,start] GC(355) Adjust Pointers
[125.531s][info][gc,phases      ] GC(355) Adjust Pointers 253.111ms
[125.531s][info][gc,phases,start] GC(355) Compaction Phase
[125.677s][info][gc,phases      ] GC(355) Compaction Phase 145.803ms
[125.685s][info][gc,phases,start] GC(355) Post Compact
[125.687s][info][gc,phases      ] GC(355) Post Compact 2.512ms
[125.688s][info][gc,heap        ] GC(355) PSYoungGen: 153920K(222720K)->0K(222720K) Eden: 111616K(111616K)->0K(111616K) From: 42304K(111104K)->0K(111104K)
[125.688s][info][gc,heap        ] GC(355) ParOldGen: 634116K(634368K)->363439K(626176K)
[125.688s][info][gc,metaspace   ] GC(355) Metaspace: 18210K(18304K)->18210K(18304K) NonClass: 16382K(16448K)->16382K(16448K) Class: 1828K(1856K)->1828K(1856K)
[125.688s][info][gc             ] GC(355) Pause Full (Allocation Failure) 769M->354M(829M) 812.626ms
[125.688s][info][gc,cpu         ] GC(355) User=1.55s Sys=0.00s Real=0.81s
[125.764s][info][gc,start       ] GC(356) Pause Young (Allocation Failure)
[125.773s][info][gc,heap        ] GC(356) PSYoungGen: 111616K(222720K)->5056K(222720K) Eden: 111616K(111616K)->0K(111616K) From: 0K(111104K)->5056K(111104K)
[125.773s][info][gc,heap        ] GC(356) ParOldGen: 363439K(626176K)->363439K(626176K)
[125.773s][info][gc,metaspace   ] GC(356) Metaspace: 18221K(18432K)->18221K(18432K) NonClass: 16392K(16576K)->16392K(16576K) Class: 1828K(1856K)->1828K(1856K)
[125.773s][info][gc             ] GC(356) Pause Young (Allocation Failure) 463M->359M(829M) 9.397ms
[125.773s][info][gc,cpu         ] GC(356) User=0.02s Sys=0.00s Real=0.01s
[125.857s][info][gc,start       ] GC(357) Pause Young (Allocation Failure)
[125.873s][info][gc,heap        ] GC(357) PSYoungGen: 116672K(222720K)->1120K(222720K) Eden: 111616K(111616K)->0K(111616K) From: 5056K(111104K)->1120K(111104K)
[125.873s][info][gc,heap        ] GC(357) ParOldGen: 363439K(626176K)->368495K(626176K)
[125.873s][info][gc,metaspace   ] GC(357) Metaspace: 18221K(18432K)->18221K(18432K) NonClass: 16392K(16576K)->16392K(16576K) Class: 1828K(1856K)->1828K(1856K)
[125.873s][info][gc             ] GC(357) Pause Young (Allocation Failure) 468M->360M(829M) 15.940ms
[125.873s][info][gc,cpu         ] GC(357) User=0.03s Sys=0.00s Real=0.02s
[125.963s][info][gc,start       ] GC(358) Pause Young (Allocation Failure)
[125.978s][info][gc,heap        ] GC(358) PSYoungGen: 112736K(222720K)->2944K(222720K) Eden: 111616K(111616K)->0K(111616K) From: 1120K(111104K)->2944K(111104K)
[125.978s][info][gc,heap        ] GC(358) ParOldGen: 368495K(626176K)->369583K(626176K)
[125.978s][info][gc,metaspace   ] GC(358) Metaspace: 18223K(18432K)->18223K(18432K) NonClass: 16395K(16576K)->16395K(16576K) Class: 1828K(1856K)->1828K(1856K)
[125.978s][info][gc             ] GC(358) Pause Young (Allocation Failure) 469M->363M(829M) 14.548ms
[125.978s][info][gc,cpu         ] GC(358) User=0.03s Sys=0.00s Real=0.01s
[126.071s][info][gc,start       ] GC(359) Pause Young (Allocation Failure)
[126.082s][info][gc,heap        ] GC(359) PSYoungGen: 114560K(222720K)->4480K(222720K) Eden: 111616K(111616K)->0K(111616K) From: 2944K(111104K)->4480K(111104K)
[126.082s][info][gc,heap        ] GC(359) ParOldGen: 369583K(626176K)->372519K(626176K)
[126.082s][info][gc,metaspace   ] GC(359) Metaspace: 18223K(18432K)->18223K(18432K) NonClass: 16395K(16576K)->16395K(16576K) Class: 1828K(1856K)->1828K(1856K)
[126.082s][info][gc             ] GC(359) Pause Young (Allocation Failure) 472M->368M(829M) 11.211ms
[126.082s][info][gc,cpu         ] GC(359) User=0.02s Sys=0.00s Real=0.02s
[126.215s][info][gc,start       ] GC(360) Pause Young (Allocation Failure)
[126.239s][info][gc,heap        ] GC(360) PSYoungGen: 116096K(222720K)->13856K(222720K) Eden: 111616K(111616K)->0K(111616K) From: 4480K(111104K)->13856K(111104K)
[126.239s][info][gc,heap        ] GC(360) ParOldGen: 372519K(626176K)->376999K(626176K)
[126.239s][info][gc,metaspace   ] GC(360) Metaspace: 18225K(18432K)->18225K(18432K) NonClass: 16397K(16576K)->16397K(16576K) Class: 1828K(1856K)->1828K(1856K)
[126.239s][info][gc             ] GC(360) Pause Young (Allocation Failure) 477M->381M(829M) 24.059ms
[126.239s][info][gc,cpu         ] GC(360) User=0.04s Sys=0.00s Real=0.02s
[126.416s][info][gc,start       ] GC(361) Pause Young (Allocation Failure)
[126.454s][info][gc,heap        ] GC(361) PSYoungGen: 125472K(222720K)->16160K(222720K) Eden: 111616K(111616K)->0K(111616K) From: 13856K(111104K)->16160K(111104K)
[126.454s][info][gc,heap        ] GC(361) ParOldGen: 376999K(626176K)->390863K(626176K)
[126.454s][info][gc,metaspace   ] GC(361) Metaspace: 18226K(18432K)->18226K(18432K) NonClass: 16398K(16576K)->16398K(16576K) Class: 1828K(1856K)->1828K(1856K)
[126.454s][info][gc             ] GC(361) Pause Young (Allocation Failure) 490M->397M(829M) 38.499ms
[126.454s][info][gc,cpu         ] GC(361) User=0.08s Sys=0.00s Real=0.04s
[126.907s][info][gc,start       ] GC(362) Pause Young (Allocation Failure)
[126.929s][info][gc,heap        ] GC(362) PSYoungGen: 127776K(222720K)->160K(222720K) Eden: 111616K(111616K)->0K(111616K) From: 16160K(111104K)->160K(111104K)
[126.929s][info][gc,heap        ] GC(362) ParOldGen: 390863K(626176K)->407036K(626176K)
[126.929s][info][gc,metaspace   ] GC(362) Metaspace: 18228K(18432K)->18228K(18432K) NonClass: 16400K(16576K)->16400K(16576K) Class: 1828K(1856K)->1828K(1856K)
[126.929s][info][gc             ] GC(362) Pause Young (Allocation Failure) 506M->397M(829M) 22.053ms
[126.929s][info][gc,cpu         ] GC(362) User=0.05s Sys=0.00s Real=0.02s
[127.235s][info][gc,start       ] GC(363) Pause Young (Allocation Failure)
[127.248s][info][gc,heap        ] GC(363) PSYoungGen: 111776K(222720K)->5984K(222720K) Eden: 111616K(111616K)->0K(111616K) From: 160K(111104K)->5984K(111104K)
[127.248s][info][gc,heap        ] GC(363) ParOldGen: 407036K(626176K)->407121K(626176K)
[127.248s][info][gc,metaspace   ] GC(363) Metaspace: 18229K(18432K)->18229K(18432K) NonClass: 16401K(16576K)->16401K(16576K) Class: 1828K(1856K)->1828K(1856K)
[127.248s][info][gc             ] GC(363) Pause Young (Allocation Failure) 506M->403M(829M) 12.659ms
[127.248s][info][gc,cpu         ] GC(363) User=0.03s Sys=0.00s Real=0.01s
[127.427s][info][gc,start       ] GC(364) Pause Young (Allocation Failure)
[127.449s][info][gc,heap        ] GC(364) PSYoungGen: 117600K(222720K)->14528K(222720K) Eden: 111616K(111616K)->0K(111616K) From: 5984K(111104K)->14528K(111104K)
[127.449s][info][gc,heap        ] GC(364) ParOldGen: 407121K(626176K)->413070K(626176K)
[127.449s][info][gc,metaspace   ] GC(364) Metaspace: 18230K(18432K)->18230K(18432K) NonClass: 16401K(16576K)->16401K(16576K) Class: 1828K(1856K)->1828K(1856K)
[127.449s][info][gc             ] GC(364) Pause Young (Allocation Failure) 512M->417M(829M) 21.488ms
[127.449s][info][gc,cpu         ] GC(364) User=0.05s Sys=0.00s Real=0.02s
[127.594s][info][gc,start       ] GC(365) Pause Young (Allocation Failure)
[127.613s][info][gc,heap        ] GC(365) PSYoungGen: 126144K(222720K)->3936K(115712K) Eden: 111616K(111616K)->0K(111616K) From: 14528K(111104K)->3936K(4096K)
[127.613s][info][gc,heap        ] GC(365) ParOldGen: 413070K(626176K)->427670K(626176K)
[127.613s][info][gc,metaspace   ] GC(365) Metaspace: 18230K(18432K)->18230K(18432K) NonClass: 16401K(16576K)->16401K(16576K) Class: 1828K(1856K)->1828K(1856K)
[127.613s][info][gc             ] GC(365) Pause Young (Allocation Failure) 526M->421M(724M) 19.788ms
[127.613s][info][gc,cpu         ] GC(365) User=0.04s Sys=0.00s Real=0.02s
[127.703s][info][gc,start       ] GC(366) Pause Young (Allocation Failure)
[127.734s][info][gc,heap        ] GC(366) PSYoungGen: 115552K(115712K)->38704K(225792K) Eden: 111616K(111616K)->0K(115200K) From: 3936K(4096K)->38704K(110592K)
[127.734s][info][gc,heap        ] GC(366) ParOldGen: 427670K(626176K)->427670K(626176K)
[127.734s][info][gc,metaspace   ] GC(366) Metaspace: 18230K(18432K)->18230K(18432K) NonClass: 16401K(16576K)->16401K(16576K) Class: 1828K(1856K)->1828K(1856K)
[127.734s][info][gc             ] GC(366) Pause Young (Allocation Failure) 530M->455M(832M) 31.536ms
[127.734s][info][gc,cpu         ] GC(366) User=0.06s Sys=0.00s Real=0.03s
[127.826s][info][gc,start       ] GC(367) Pause Young (Allocation Failure)
[127.882s][info][gc,heap        ] GC(367) PSYoungGen: 153904K(225792K)->80512K(222208K) Eden: 115200K(115200K)->0K(115200K) From: 38704K(110592K)->80512K(107008K)
[127.882s][info][gc,heap        ] GC(367) ParOldGen: 427670K(626176K)->427670K(626176K)
[127.882s][info][gc,metaspace   ] GC(367) Metaspace: 18230K(18432K)->18230K(18432K) NonClass: 16401K(16576K)->16401K(16576K) Class: 1828K(1856K)->1828K(1856K)
[127.882s][info][gc             ] GC(367) Pause Young (Allocation Failure) 567M->496M(828M) 56.249ms
[127.882s][info][gc,cpu         ] GC(367) User=0.11s Sys=0.00s Real=0.05s
[128.090s][info][gc,start       ] GC(368) Pause Young (Allocation Failure)
[128.146s][info][gc,heap        ] GC(368) PSYoungGen: 195712K(222208K)->44992K(222720K) Eden: 115200K(115200K)->0K(111616K) From: 80512K(107008K)->44992K(111104K)
[128.146s][info][gc,heap        ] GC(368) ParOldGen: 427670K(626176K)->466703K(626176K)
[128.146s][info][gc,metaspace   ] GC(368) Metaspace: 18230K(18432K)->18230K(18432K) NonClass: 16401K(16576K)->16401K(16576K) Class: 1828K(1856K)->1828K(1856K)
[128.146s][info][gc             ] GC(368) Pause Young (Allocation Failure) 608M->499M(829M) 55.483ms
[128.146s][info][gc,cpu         ] GC(368) User=0.11s Sys=0.00s Real=0.06s
[128.344s][info][gc,start       ] GC(369) Pause Young (Allocation Failure)
[128.414s][info][gc,heap        ] GC(369) PSYoungGen: 156608K(222720K)->20351K(132096K) Eden: 111616K(111616K)->0K(111616K) From: 44992K(111104K)->20351K(20480K)
[128.414s][info][gc,heap        ] GC(369) ParOldGen: 466703K(626176K)->512167K(626176K)
[128.414s][info][gc,metaspace   ] GC(369) Metaspace: 18230K(18432K)->18230K(18432K) NonClass: 16401K(16576K)->16401K(16576K) Class: 1828K(1856K)->1828K(1856K)
[128.414s][info][gc             ] GC(369) Pause Young (Allocation Failure) 608M->520M(740M) 70.401ms
[128.414s][info][gc,cpu         ] GC(369) User=0.14s Sys=0.00s Real=0.07s
[128.529s][info][gc,start       ] GC(370) Pause Young (Allocation Failure)
[128.585s][info][gc,heap        ] GC(370) PSYoungGen: 131967K(132096K)->41279K(224256K) Eden: 111616K(111616K)->0K(115712K) From: 20351K(20480K)->41279K(108544K)
[128.585s][info][gc,heap        ] GC(370) ParOldGen: 512167K(626176K)->512167K(626176K)
[128.585s][info][gc,metaspace   ] GC(370) Metaspace: 18230K(18432K)->18230K(18432K) NonClass: 16401K(16576K)->16401K(16576K) Class: 1828K(1856K)->1828K(1856K)
[128.585s][info][gc             ] GC(370) Pause Young (Allocation Failure) 629M->540M(830M) 55.740ms
[128.585s][info][gc,cpu         ] GC(370) User=0.11s Sys=0.00s Real=0.06s
[128.736s][info][gc,start       ] GC(371) Pause Young (Allocation Failure)
[128.819s][info][gc,heap        ] GC(371) PSYoungGen: 156991K(224256K)->58367K(220160K) Eden: 115712K(115712K)->0K(115712K) From: 41279K(108544K)->58367K(104448K)
[128.819s][info][gc,heap        ] GC(371) ParOldGen: 512167K(626176K)->512167K(626176K)
[128.819s][info][gc,metaspace   ] GC(371) Metaspace: 18230K(18432K)->18230K(18432K) NonClass: 16401K(16576K)->16401K(16576K) Class: 1828K(1856K)->1828K(1856K)
[128.819s][info][gc             ] GC(371) Pause Young (Allocation Failure) 653M->557M(826M) 83.233ms
[128.819s][info][gc,cpu         ] GC(371) User=0.17s Sys=0.00s Real=0.08s
[128.906s][info][gc,start       ] GC(372) Pause Young (Allocation Failure)
[128.986s][info][gc,heap        ] GC(372) PSYoungGen: 174079K(220160K)->42336K(222208K) Eden: 115712K(115712K)->0K(122880K) From: 58367K(104448K)->42336K(99328K)
[128.986s][info][gc,heap        ] GC(372) ParOldGen: 512167K(626176K)->532573K(626176K)
[128.986s][info][gc,metaspace   ] GC(372) Metaspace: 18230K(18432K)->18230K(18432K) NonClass: 16401K(16576K)->16401K(16576K) Class: 1828K(1856K)->1828K(1856K)
[128.986s][info][gc             ] GC(372) Pause Young (Allocation Failure) 670M->561M(828M) 79.991ms
[128.986s][info][gc,cpu         ] GC(372) User=0.16s Sys=0.00s Real=0.08s
[129.115s][info][gc,start       ] GC(373) Pause Young (Allocation Failure)
[129.167s][info][gc,heap        ] GC(373) PSYoungGen: 165216K(222208K)->9856K(224768K) Eden: 122880K(122880K)->0K(122880K) From: 42336K(99328K)->9856K(101888K)
[129.167s][info][gc,heap        ] GC(373) ParOldGen: 532573K(626176K)->570709K(626176K)
[129.167s][info][gc,metaspace   ] GC(373) Metaspace: 18230K(18432K)->18230K(18432K) NonClass: 16401K(16576K)->16401K(16576K) Class: 1828K(1856K)->1828K(1856K)
[129.167s][info][gc             ] GC(373) Pause Young (Allocation Failure) 681M->566M(831M) 52.069ms
[129.167s][info][gc,cpu         ] GC(373) User=0.11s Sys=0.00s Real=0.05s
[129.295s][info][gc,start       ] GC(374) Pause Young (Allocation Failure)
[129.318s][info][gc,heap        ] GC(374) PSYoungGen: 132736K(224768K)->10626K(226304K) Eden: 122880K(122880K)->0K(132096K) From: 9856K(101888K)->10626K(94208K)
[129.318s][info][gc,heap        ] GC(374) ParOldGen: 570709K(626176K)->575029K(626176K)
[129.318s][info][gc,metaspace   ] GC(374) Metaspace: 18230K(18432K)->18230K(18432K) NonClass: 16401K(16576K)->16401K(16576K) Class: 1828K(1856K)->1828K(1856K)
[129.318s][info][gc             ] GC(374) Pause Young (Allocation Failure) 686M->571M(832M) 23.556ms
[129.318s][info][gc,cpu         ] GC(374) User=0.04s Sys=0.00s Real=0.02s
[129.383s][info][gc,start       ] GC(375) Pause Young (Allocation Failure)
[129.422s][info][gc,heap        ] GC(375) PSYoungGen: 142722K(226304K)->41138K(229376K) Eden: 132096K(132096K)->0K(132096K) From: 10626K(94208K)->41138K(97280K)
[129.422s][info][gc,heap        ] GC(375) ParOldGen: 575029K(626176K)->580557K(626176K)
[129.422s][info][gc,metaspace   ] GC(375) Metaspace: 18230K(18432K)->18230K(18432K) NonClass: 16401K(16576K)->16401K(16576K) Class: 1828K(1856K)->1828K(1856K)
[129.422s][info][gc             ] GC(375) Pause Young (Allocation Failure) 700M->607M(835M) 39.506ms
[129.422s][info][gc,cpu         ] GC(375) User=0.08s Sys=0.00s Real=0.04s
[129.586s][info][gc,start       ] GC(376) Pause Young (Allocation Failure)
[129.652s][info][gc,heap        ] GC(376) PSYoungGen: 173234K(229376K)->81184K(216064K) Eden: 132096K(132096K)->0K(121856K) From: 41138K(97280K)->81184K(94208K)
[129.652s][info][gc,heap        ] GC(376) ParOldGen: 580557K(626176K)->585650K(626176K)
[129.652s][info][gc,metaspace   ] GC(376) Metaspace: 18230K(18432K)->18230K(18432K) NonClass: 16401K(16576K)->16401K(16576K) Class: 1828K(1856K)->1828K(1856K)
[129.652s][info][gc             ] GC(376) Pause Young (Allocation Failure) 736M->651M(822M) 66.026ms
[129.652s][info][gc,cpu         ] GC(376) User=0.13s Sys=0.00s Real=0.06s
[129.811s][info][gc,start       ] GC(377) Pause Young (Allocation Failure)
[129.874s][info][gc,heap        ] GC(377) PSYoungGen: 203040K(216064K)->54496K(227840K) Eden: 121856K(121856K)->0K(121856K) From: 81184K(94208K)->54496K(105984K)
[129.874s][info][gc,heap        ] GC(377) ParOldGen: 585650K(626176K)->622098K(626176K)
[129.874s][info][gc,metaspace   ] GC(377) Metaspace: 18230K(18432K)->18230K(18432K) NonClass: 16401K(16576K)->16401K(16576K) Class: 1828K(1856K)->1828K(1856K)
[129.874s][info][gc             ] GC(377) Pause Young (Allocation Failure) 770M->660M(834M) 62.399ms
[129.874s][info][gc,cpu         ] GC(377) User=0.12s Sys=0.00s Real=0.07s
[129.999s][info][gc,start       ] GC(378) Pause Full (Allocation Failure)
[129.999s][info][gc,phases,start] GC(378) Marking Phase
[130.362s][info][gc,phases      ] GC(378) Marking Phase 362.790ms
[130.362s][info][gc,phases,start] GC(378) Summary Phase
[130.362s][info][gc,phases      ] GC(378) Summary Phase 0.033ms
[130.362s][info][gc,phases,start] GC(378) Forward
[130.483s][info][gc,phases      ] GC(378) Forward 120.768ms
[130.483s][info][gc,phases,start] GC(378) Adjust Pointers
[130.780s][info][gc,phases      ] GC(378) Adjust Pointers 297.535ms
[130.780s][info][gc,phases,start] GC(378) Compaction Phase
[130.955s][info][gc,phases      ] GC(378) Compaction Phase 174.340ms
[130.964s][info][gc,phases,start] GC(378) Post Compact
[130.967s][info][gc,phases      ] GC(378) Post Compact 2.468ms
[130.967s][info][gc,heap        ] GC(378) PSYoungGen: 176352K(227840K)->0K(227328K) Eden: 121856K(121856K)->0K(122368K) From: 54496K(105984K)->0K(104960K)
[130.967s][info][gc,heap        ] GC(378) ParOldGen: 622098K(626176K)->500090K(667648K)
[130.967s][info][gc,metaspace   ] GC(378) Metaspace: 18230K(18432K)->18230K(18432K) NonClass: 16401K(16576K)->16401K(16576K) Class: 1828K(1856K)->1828K(1856K)
[130.967s][info][gc             ] GC(378) Pause Full (Allocation Failure) 779M->488M(874M) 968.253ms
[130.967s][info][gc,cpu         ] GC(378) User=1.82s Sys=0.00s Real=0.97s
[131.133s][info][gc,start       ] GC(379) Pause Young (Allocation Failure)
[131.180s][info][gc,heap        ] GC(379) PSYoungGen: 122368K(227328K)->33280K(156160K) Eden: 122368K(122368K)->0K(122368K) From: 0K(104960K)->33280K(33792K)
[131.180s][info][gc,heap        ] GC(379) ParOldGen: 500090K(667648K)->500090K(667648K)
[131.180s][info][gc,metaspace   ] GC(379) Metaspace: 18230K(18432K)->18230K(18432K) NonClass: 16401K(16576K)->16401K(16576K) Class: 1828K(1856K)->1828K(1856K)
[131.180s][info][gc             ] GC(379) Pause Young (Allocation Failure) 607M->520M(804M) 47.422ms
[131.180s][info][gc,cpu         ] GC(379) User=0.09s Sys=0.00s Real=0.04s
[131.361s][info][gc,start       ] GC(380) Pause Young (Allocation Failure)
[131.426s][info][gc,heap        ] GC(380) PSYoungGen: 155648K(156160K)->53472K(223744K) Eden: 122368K(122368K)->0K(123904K) From: 33280K(33792K)->53472K(99840K)
[131.426s][info][gc,heap        ] GC(380) ParOldGen: 500090K(667648K)->500090K(667648K)
[131.426s][info][gc,metaspace   ] GC(380) Metaspace: 18230K(18432K)->18230K(18432K) NonClass: 16401K(16576K)->16401K(16576K) Class: 1828K(1856K)->1828K(1856K)
[131.426s][info][gc             ] GC(380) Pause Young (Allocation Failure) 640M->540M(870M) 65.285ms
[131.426s][info][gc,cpu         ] GC(380) User=0.13s Sys=0.00s Real=0.07s
[131.538s][info][gc,start       ] GC(381) Pause Young (Allocation Failure)
[131.600s][info][gc,heap        ] GC(381) PSYoungGen: 177376K(223744K)->54208K(223232K) Eden: 123904K(123904K)->0K(123904K) From: 53472K(99840K)->54208K(99328K)
[131.600s][info][gc,heap        ] GC(381) ParOldGen: 500090K(667648K)->500090K(667648K)
[131.600s][info][gc,metaspace   ] GC(381) Metaspace: 18230K(18432K)->18230K(18432K) NonClass: 16401K(16576K)->16401K(16576K) Class: 1828K(1856K)->1828K(1856K)
[131.600s][info][gc             ] GC(381) Pause Young (Allocation Failure) 661M->541M(870M) 61.883ms
[131.600s][info][gc,cpu         ] GC(381) User=0.12s Sys=0.00s Real=0.06s
[131.733s][info][gc,start       ] GC(382) Pause Young (Allocation Failure)
[131.798s][info][gc,heap        ] GC(382) PSYoungGen: 178112K(223232K)->54336K(233472K) Eden: 123904K(123904K)->0K(135680K) From: 54208K(99328K)->54336K(97792K)
[131.798s][info][gc,heap        ] GC(382) ParOldGen: 500090K(667648K)->500090K(667648K)
[131.798s][info][gc,metaspace   ] GC(382) Metaspace: 18232K(18432K)->18232K(18432K) NonClass: 16404K(16576K)->16404K(16576K) Class: 1828K(1856K)->1828K(1856K)
[131.798s][info][gc             ] GC(382) Pause Young (Allocation Failure) 662M->541M(880M) 64.855ms
[131.798s][info][gc,cpu         ] GC(382) User=0.13s Sys=0.00s Real=0.06s
[131.998s][info][gc,start       ] GC(383) Pause Young (Allocation Failure)
[132.073s][info][gc,heap        ] GC(383) PSYoungGen: 190016K(233472K)->25792K(233472K) Eden: 135680K(135680K)->0K(135680K) From: 54336K(97792K)->25792K(97792K)
[132.073s][info][gc,heap        ] GC(383) ParOldGen: 500090K(667648K)->533426K(667648K)
[132.073s][info][gc,metaspace   ] GC(383) Metaspace: 18234K(18432K)->18234K(18432K) NonClass: 16406K(16576K)->16406K(16576K) Class: 1828K(1856K)->1828K(1856K)
[132.073s][info][gc             ] GC(383) Pause Young (Allocation Failure) 673M->546M(880M) 75.178ms
[132.073s][info][gc,cpu         ] GC(383) User=0.15s Sys=0.00s Real=0.08s
[132.299s][info][gc,start       ] GC(384) Pause Young (Allocation Failure)
[132.357s][info][gc,heap        ] GC(384) PSYoungGen: 161472K(233472K)->30448K(231424K) Eden: 135680K(135680K)->0K(140800K) From: 25792K(97792K)->30448K(90624K)
[132.357s][info][gc,heap        ] GC(384) ParOldGen: 533426K(667648K)->553706K(667648K)
[132.357s][info][gc,metaspace   ] GC(384) Metaspace: 18234K(18432K)->18234K(18432K) NonClass: 16406K(16576K)->16406K(16576K) Class: 1828K(1856K)->1828K(1856K)
[132.357s][info][gc             ] GC(384) Pause Young (Allocation Failure) 678M->570M(878M) 58.343ms
[132.357s][info][gc,cpu         ] GC(384) User=0.11s Sys=0.00s Real=0.06s
[132.773s][info][gc,start       ] GC(385) Pause Young (Allocation Failure)
[132.814s][info][gc,heap        ] GC(385) PSYoungGen: 171248K(231424K)->32976K(232448K) Eden: 140800K(140800K)->0K(140800K) From: 30448K(90624K)->32976K(91648K)
[132.814s][info][gc,heap        ] GC(385) ParOldGen: 553706K(667648K)->554426K(667648K)
[132.814s][info][gc,metaspace   ] GC(385) Metaspace: 18235K(18432K)->18235K(18432K) NonClass: 16406K(16576K)->16406K(16576K) Class: 1828K(1856K)->1828K(1856K)
[132.814s][info][gc             ] GC(385) Pause Young (Allocation Failure) 707M->573M(879M) 40.885ms
[132.814s][info][gc,cpu         ] GC(385) User=0.08s Sys=0.00s Real=0.04s
[133.205s][info][gc,start       ] GC(386) Pause Young (Allocation Failure)
[133.242s][info][gc,heap        ] GC(386) PSYoungGen: 173776K(232448K)->32976K(233984K) Eden: 140800K(140800K)->0K(152576K) From: 32976K(91648K)->32976K(81408K)
[133.242s][info][gc,heap        ] GC(386) ParOldGen: 554426K(667648K)->554426K(667648K)
[133.242s][info][gc,metaspace   ] GC(386) Metaspace: 18235K(18432K)->18235K(18432K) NonClass: 16406K(16576K)->16406K(16576K) Class: 1828K(1856K)->1828K(1856K)
[133.242s][info][gc             ] GC(386) Pause Young (Allocation Failure) 711M->573M(880M) 36.997ms
[133.242s][info][gc,cpu         ] GC(386) User=0.08s Sys=0.00s Real=0.03s
[133.621s][info][gc,start       ] GC(387) Pause Young (Allocation Failure)
[133.658s][info][gc,heap        ] GC(387) PSYoungGen: 185552K(233984K)->33008K(236544K) Eden: 152576K(152576K)->0K(152576K) From: 32976K(81408K)->33008K(83968K)
[133.658s][info][gc,heap        ] GC(387) ParOldGen: 554426K(667648K)->554426K(667648K)
[133.658s][info][gc,metaspace   ] GC(387) Metaspace: 18235K(18432K)->18235K(18432K) NonClass: 16406K(16576K)->16406K(16576K) Class: 1828K(1856K)->1828K(1856K)
[133.658s][info][gc             ] GC(387) Pause Young (Allocation Failure) 722M->573M(883M) 36.612ms
[133.658s][info][gc,cpu         ] GC(387) User=0.07s Sys=0.00s Real=0.04s
[134.032s][info][gc,start       ] GC(388) Pause Young (Allocation Failure)
[134.069s][info][gc,heap        ] GC(388) PSYoungGen: 185584K(236544K)->33008K(235520K) Eden: 152576K(152576K)->0K(163328K) From: 33008K(83968K)->33008K(72192K)
[134.069s][info][gc,heap        ] GC(388) ParOldGen: 554426K(667648K)->554426K(667648K)
[134.069s][info][gc,metaspace   ] GC(388) Metaspace: 18238K(18432K)->18238K(18432K) NonClass: 16409K(16576K)->16409K(16576K) Class: 1828K(1856K)->1828K(1856K)
[134.069s][info][gc             ] GC(388) Pause Young (Allocation Failure) 722M->573M(882M) 37.304ms
[134.069s][info][gc,cpu         ] GC(388) User=0.07s Sys=0.00s Real=0.04s
[134.443s][info][gc,start       ] GC(389) Pause Young (Allocation Failure)
[134.489s][info][gc,heap        ] GC(389) PSYoungGen: 196336K(235520K)->33008K(240128K) Eden: 163328K(163328K)->0K(163328K) From: 33008K(72192K)->33008K(76800K)
[134.490s][info][gc,heap        ] GC(389) ParOldGen: 554426K(667648K)->554426K(667648K)
[134.490s][info][gc,metaspace   ] GC(389) Metaspace: 18238K(18432K)->18238K(18432K) NonClass: 16409K(16576K)->16409K(16576K) Class: 1828K(1856K)->1828K(1856K)
[134.490s][info][gc             ] GC(389) Pause Young (Allocation Failure) 733M->573M(886M) 46.752ms
[134.490s][info][gc,cpu         ] GC(389) User=0.09s Sys=0.00s Real=0.04s
[134.853s][info][gc,start       ] GC(390) Pause Young (Allocation Failure)
[134.893s][info][gc,heap        ] GC(390) PSYoungGen: 196336K(240128K)->37600K(241152K) Eden: 163328K(163328K)->0K(174080K) From: 33008K(76800K)->37600K(67072K)
[134.893s][info][gc,heap        ] GC(390) ParOldGen: 554426K(667648K)->554426K(667648K)
[134.893s][info][gc,metaspace   ] GC(390) Metaspace: 18238K(18432K)->18238K(18432K) NonClass: 16410K(16576K)->16410K(16576K) Class: 1828K(1856K)->1828K(1856K)
[134.894s][info][gc             ] GC(390) Pause Young (Allocation Failure) 733M->578M(887M) 40.411ms
[134.894s][info][gc,cpu         ] GC(390) User=0.08s Sys=0.01s Real=0.04s
[135.033s][info][gc,start       ] GC(391) Pause Young (Allocation Failure)
[135.119s][info][gc,heap        ] GC(391) PSYoungGen: 211680K(241152K)->70640K(244736K) Eden: 174080K(174080K)->0K(174080K) From: 37600K(67072K)->70640K(70656K)
[135.119s][info][gc,heap        ] GC(391) ParOldGen: 554426K(667648K)->582386K(667648K)
[135.119s][info][gc,metaspace   ] GC(391) Metaspace: 18238K(18432K)->18238K(18432K) NonClass: 16410K(16576K)->16410K(16576K) Class: 1828K(1856K)->1828K(1856K)
[135.119s][info][gc             ] GC(391) Pause Young (Allocation Failure) 748M->637M(891M) 86.706ms
[135.119s][info][gc,cpu         ] GC(391) User=0.17s Sys=0.00s Real=0.08s
[135.383s][info][gc,start       ] GC(392) Pause Young (Allocation Failure)
[135.469s][info][gc,heap        ] GC(392) PSYoungGen: 244720K(244736K)->80880K(224256K) Eden: 174080K(174080K)->0K(135168K) From: 70640K(70656K)->80880K(89088K)
[135.469s][info][gc,heap        ] GC(392) ParOldGen: 582386K(667648K)->587274K(667648K)
[135.469s][info][gc,metaspace   ] GC(392) Metaspace: 18238K(18432K)->18238K(18432K) NonClass: 16410K(16576K)->16410K(16576K) Class: 1828K(1856K)->1828K(1856K)
[135.469s][info][gc             ] GC(392) Pause Young (Allocation Failure) 807M->652M(871M) 86.080ms
[135.469s][info][gc,cpu         ] GC(392) User=0.16s Sys=0.00s Real=0.08s
[135.678s][info][gc,start       ] GC(393) Pause Young (Allocation Failure)
[135.819s][info][gc,heap        ] GC(393) PSYoungGen: 216048K(224256K)->99312K(234496K) Eden: 135168K(135168K)->0K(135168K) From: 80880K(89088K)->99312K(99328K)
[135.819s][info][gc,heap        ] GC(393) ParOldGen: 587274K(667648K)->602378K(667648K)
[135.819s][info][gc,metaspace   ] GC(393) Metaspace: 18238K(18432K)->18238K(18432K) NonClass: 16410K(16576K)->16410K(16576K) Class: 1828K(1856K)->1828K(1856K)
[135.819s][info][gc             ] GC(393) Pause Young (Allocation Failure) 784M->685M(881M) 140.656ms
[135.819s][info][gc,cpu         ] GC(393) User=0.28s Sys=0.00s Real=0.14s
[135.952s][info][gc,start       ] GC(394) Pause Young (Allocation Failure)
[136.074s][info][gc,heap        ] GC(394) PSYoungGen: 234480K(234496K)->98112K(210944K) Eden: 135168K(135168K)->0K(111616K) From: 99312K(99328K)->98112K(99328K)
[136.074s][info][gc,heap        ] GC(394) ParOldGen: 602378K(667648K)->617579K(667648K)
[136.074s][info][gc,metaspace   ] GC(394) Metaspace: 18238K(18432K)->18238K(18432K) NonClass: 16410K(16576K)->16410K(16576K) Class: 1828K(1856K)->1828K(1856K)
[136.074s][info][gc             ] GC(394) Pause Young (Allocation Failure) 817M->698M(858M) 122.107ms
[136.074s][info][gc,cpu         ] GC(394) User=0.24s Sys=0.00s Real=0.12s
[136.225s][info][gc,start       ] GC(395) Pause Young (Allocation Failure)
[136.348s][info][gc,heap        ] GC(395) PSYoungGen: 209728K(210944K)->111084K(222720K) Eden: 111616K(111616K)->0K(111616K) From: 98112K(99328K)->111084K(111104K)
[136.348s][info][gc,heap        ] GC(395) ParOldGen: 617579K(667648K)->624283K(667648K)
[136.348s][info][gc,metaspace   ] GC(395) Metaspace: 18239K(18432K)->18239K(18432K) NonClass: 16410K(16576K)->16410K(16576K) Class: 1828K(1856K)->1828K(1856K)
[136.348s][info][gc             ] GC(395) Pause Young (Allocation Failure) 807M->718M(869M) 123.234ms
[136.348s][info][gc,cpu         ] GC(395) User=0.25s Sys=0.00s Real=0.12s
[136.444s][info][gc,start       ] GC(396) Pause Young (Allocation Failure)
[136.587s][info][gc,heap        ] GC(396) PSYoungGen: 222700K(222720K)->111088K(222720K) Eden: 111616K(111616K)->0K(111616K) From: 111084K(111104K)->111088K(111104K)
[136.587s][info][gc,heap        ] GC(396) ParOldGen: 624283K(667648K)->633031K(667648K)
[136.587s][info][gc,metaspace   ] GC(396) Metaspace: 18248K(18432K)->18248K(18432K) NonClass: 16419K(16576K)->16419K(16576K) Class: 1828K(1856K)->1828K(1856K)
[136.587s][info][gc             ] GC(396) Pause Young (Allocation Failure) 827M->726M(869M) 142.597ms
[136.587s][info][gc,cpu         ] GC(396) User=0.27s Sys=0.00s Real=0.14s
[136.687s][info][gc,start       ] GC(397) Pause Full (Allocation Failure)
[136.688s][info][gc,phases,start] GC(397) Marking Phase
[136.968s][info][gc,phases      ] GC(397) Marking Phase 280.430ms
[136.968s][info][gc,phases,start] GC(397) Summary Phase
[136.968s][info][gc,phases      ] GC(397) Summary Phase 0.032ms
[136.968s][info][gc,phases,start] GC(397) Forward
[137.038s][info][gc,phases      ] GC(397) Forward 69.945ms
[137.038s][info][gc,phases,start] GC(397) Adjust Pointers
[137.251s][info][gc,phases      ] GC(397) Adjust Pointers 212.976ms
[137.251s][info][gc,phases,start] GC(397) Compaction Phase
[137.376s][info][gc,phases      ] GC(397) Compaction Phase 124.412ms
[137.385s][info][gc,phases,start] GC(397) Post Compact
[137.387s][info][gc,phases      ] GC(397) Post Compact 2.571ms
[137.388s][info][gc,heap        ] GC(397) PSYoungGen: 222704K(222720K)->0K(222720K) Eden: 111616K(111616K)->0K(111616K) From: 111088K(111104K)->0K(111104K)
[137.389s][info][gc,heap        ] GC(397) ParOldGen: 633031K(667648K)->384415K(621568K)
[137.389s][info][gc,metaspace   ] GC(397) Metaspace: 18248K(18432K)->18248K(18432K) NonClass: 16419K(16576K)->16419K(16576K) Class: 1828K(1856K)->1828K(1856K)
[137.389s][info][gc             ] GC(397) Pause Full (Allocation Failure) 835M->375M(824M) 701.090ms
[137.389s][info][gc,cpu         ] GC(397) User=1.35s Sys=0.01s Real=0.70s
[137.478s][info][gc,start       ] GC(398) Pause Young (Allocation Failure)
[137.494s][info][gc,heap        ] GC(398) PSYoungGen: 111616K(222720K)->9136K(222720K) Eden: 111616K(111616K)->0K(111616K) From: 0K(111104K)->9136K(111104K)
[137.495s][info][gc,heap        ] GC(398) ParOldGen: 384415K(621568K)->384415K(621568K)
[137.495s][info][gc,metaspace   ] GC(398) Metaspace: 18248K(18432K)->18248K(18432K) NonClass: 16420K(16576K)->16420K(16576K) Class: 1828K(1856K)->1828K(1856K)
[137.495s][info][gc             ] GC(398) Pause Young (Allocation Failure) 484M->384M(824M) 16.326ms
[137.495s][info][gc,cpu         ] GC(398) User=0.04s Sys=0.00s Real=0.02s
[137.575s][info][gc,start       ] GC(399) Pause Young (Allocation Failure)
[137.607s][info][gc,heap        ] GC(399) PSYoungGen: 120752K(222720K)->30240K(222720K) Eden: 111616K(111616K)->0K(111616K) From: 9136K(111104K)->30240K(111104K)
[137.607s][info][gc,heap        ] GC(399) ParOldGen: 384415K(621568K)->384415K(621568K)
[137.607s][info][gc,metaspace   ] GC(399) Metaspace: 18248K(18432K)->18248K(18432K) NonClass: 16420K(16576K)->16420K(16576K) Class: 1828K(1856K)->1828K(1856K)
[137.607s][info][gc             ] GC(399) Pause Young (Allocation Failure) 493M->404M(824M) 31.644ms
[137.607s][info][gc,cpu         ] GC(399) User=0.06s Sys=0.00s Real=0.03s
[137.717s][info][gc,start       ] GC(400) Pause Young (Allocation Failure)
[137.748s][info][gc,heap        ] GC(400) PSYoungGen: 141856K(222720K)->35232K(222720K) Eden: 111616K(111616K)->0K(111616K) From: 30240K(111104K)->35232K(111104K)
[137.748s][info][gc,heap        ] GC(400) ParOldGen: 384415K(621568K)->384415K(621568K)
[137.748s][info][gc,metaspace   ] GC(400) Metaspace: 18248K(18432K)->18248K(18432K) NonClass: 16420K(16576K)->16420K(16576K) Class: 1828K(1856K)->1828K(1856K)
[137.748s][info][gc             ] GC(400) Pause Young (Allocation Failure) 513M->409M(824M) 30.830ms
[137.748s][info][gc,cpu         ] GC(400) User=0.06s Sys=0.00s Real=0.03s
[137.851s][info][gc,start       ] GC(401) Pause Young (Allocation Failure)
[137.900s][info][gc,heap        ] GC(401) PSYoungGen: 146848K(222720K)->43040K(222720K) Eden: 111616K(111616K)->0K(111616K) From: 35232K(111104K)->43040K(111104K)
[137.900s][info][gc,heap        ] GC(401) ParOldGen: 384415K(621568K)->389975K(621568K)
[137.900s][info][gc,metaspace   ] GC(401) Metaspace: 18248K(18432K)->18248K(18432K) NonClass: 16420K(16576K)->16420K(16576K) Class: 1828K(1856K)->1828K(1856K)
[137.900s][info][gc             ] GC(401) Pause Young (Allocation Failure) 518M->422M(824M) 49.278ms
[137.900s][info][gc,cpu         ] GC(401) User=0.10s Sys=0.00s Real=0.05s
[138.022s][info][gc,start       ] GC(402) Pause Young (Allocation Failure)
[138.075s][info][gc,heap        ] GC(402) PSYoungGen: 154656K(222720K)->29136K(222720K) Eden: 111616K(111616K)->0K(111616K) From: 43040K(111104K)->29136K(111104K)
[138.076s][info][gc,heap        ] GC(402) ParOldGen: 389975K(621568K)->413607K(621568K)
[138.076s][info][gc,metaspace   ] GC(402) Metaspace: 18249K(18432K)->18249K(18432K) NonClass: 16420K(16576K)->16420K(16576K) Class: 1828K(1856K)->1828K(1856K)
[138.076s][info][gc             ] GC(402) Pause Young (Allocation Failure) 531M->432M(824M) 53.810ms
[138.076s][info][gc,cpu         ] GC(402) User=0.11s Sys=0.00s Real=0.06s
[138.158s][info][gc,start       ] GC(403) Pause Young (Allocation Failure)
[138.215s][info][gc,heap        ] GC(403) PSYoungGen: 140752K(222720K)->18080K(222720K) Eden: 111616K(111616K)->0K(111616K) From: 29136K(111104K)->18080K(111104K)
[138.215s][info][gc,heap        ] GC(403) ParOldGen: 413607K(621568K)->442807K(621568K)
[138.215s][info][gc,metaspace   ] GC(403) Metaspace: 18249K(18432K)->18249K(18432K) NonClass: 16420K(16576K)->16420K(16576K) Class: 1828K(1856K)->1828K(1856K)
[138.215s][info][gc             ] GC(403) Pause Young (Allocation Failure) 541M->450M(824M) 57.098ms
[138.215s][info][gc,cpu         ] GC(403) User=0.11s Sys=0.00s Real=0.06s
[138.592s][info][gc,start       ] GC(404) Pause Young (Allocation Failure)
[138.615s][info][gc,heap        ] GC(404) PSYoungGen: 129696K(222720K)->1856K(222720K) Eden: 111616K(111616K)->0K(111616K) From: 18080K(111104K)->1856K(111104K)
[138.615s][info][gc,heap        ] GC(404) ParOldGen: 442807K(621568K)->460919K(621568K)
[138.615s][info][gc,metaspace   ] GC(404) Metaspace: 18251K(18432K)->18251K(18432K) NonClass: 16422K(16576K)->16422K(16576K) Class: 1828K(1856K)->1828K(1856K)
[138.615s][info][gc             ] GC(404) Pause Young (Allocation Failure) 559M->451M(824M) 23.937ms
[138.616s][info][gc,cpu         ] GC(404) User=0.05s Sys=0.00s Real=0.03s
[138.852s][info][gc,start       ] GC(405) Pause Young (Allocation Failure)
[138.860s][info][gc,heap        ] GC(405) PSYoungGen: 113472K(222720K)->5248K(222720K) Eden: 111616K(111616K)->0K(111616K) From: 1856K(111104K)->5248K(111104K)
[138.860s][info][gc,heap        ] GC(405) ParOldGen: 460919K(621568K)->462727K(621568K)
[138.860s][info][gc,metaspace   ] GC(405) Metaspace: 18251K(18432K)->18251K(18432K) NonClass: 16422K(16576K)->16422K(16576K) Class: 1828K(1856K)->1828K(1856K)
[138.860s][info][gc             ] GC(405) Pause Young (Allocation Failure) 560M->457M(824M) 8.358ms
[138.860s][info][gc,cpu         ] GC(405) User=0.02s Sys=0.00s Real=0.01s
[139.005s][info][gc,start       ] GC(406) Pause Young (Allocation Failure)
[139.023s][info][gc,heap        ] GC(406) PSYoungGen: 116864K(222720K)->11648K(222720K) Eden: 111616K(111616K)->0K(111616K) From: 5248K(111104K)->11648K(111104K)
[139.023s][info][gc,heap        ] GC(406) ParOldGen: 462727K(621568K)->467967K(621568K)
[139.023s][info][gc,metaspace   ] GC(406) Metaspace: 18252K(18432K)->18252K(18432K) NonClass: 16424K(16576K)->16424K(16576K) Class: 1828K(1856K)->1828K(1856K)
[139.023s][info][gc             ] GC(406) Pause Young (Allocation Failure) 566M->468M(824M) 18.150ms
[139.023s][info][gc,cpu         ] GC(406) User=0.04s Sys=0.00s Real=0.02s
[139.162s][info][gc,start       ] GC(407) Pause Young (Allocation Failure)
[139.192s][info][gc,heap        ] GC(407) PSYoungGen: 123264K(222720K)->21728K(222720K) Eden: 111616K(111616K)->0K(111616K) From: 11648K(111104K)->21728K(111104K)
[139.192s][info][gc,heap        ] GC(407) ParOldGen: 467967K(621568K)->479647K(621568K)
[139.192s][info][gc,metaspace   ] GC(407) Metaspace: 18253K(18432K)->18253K(18432K) NonClass: 16425K(16576K)->16425K(16576K) Class: 1828K(1856K)->1828K(1856K)
[139.192s][info][gc             ] GC(407) Pause Young (Allocation Failure) 577M->489M(824M) 29.353ms
[139.192s][info][gc,cpu         ] GC(407) User=0.06s Sys=0.00s Real=0.02s
[139.258s][info][gc,start       ] GC(408) Pause Young (Allocation Failure)
[139.304s][info][gc,heap        ] GC(408) PSYoungGen: 133344K(222720K)->42464K(222720K) Eden: 111616K(111616K)->0K(111616K) From: 21728K(111104K)->42464K(111104K)
[139.304s][info][gc,heap        ] GC(408) ParOldGen: 479647K(621568K)->501559K(621568K)
[139.304s][info][gc,metaspace   ] GC(408) Metaspace: 18253K(18432K)->18253K(18432K) NonClass: 16425K(16576K)->16425K(16576K) Class: 1828K(1856K)->1828K(1856K)
[139.304s][info][gc             ] GC(408) Pause Young (Allocation Failure) 598M->531M(824M) 46.028ms
[139.304s][info][gc,cpu         ] GC(408) User=0.09s Sys=0.00s Real=0.05s
[139.506s][info][gc,start       ] GC(409) Pause Young (Allocation Failure)
[139.547s][info][gc,heap        ] GC(409) PSYoungGen: 154080K(222720K)->14624K(222720K) Eden: 111616K(111616K)->0K(111616K) From: 42464K(111104K)->14624K(111104K)
[139.547s][info][gc,heap        ] GC(409) ParOldGen: 501559K(621568K)->544528K(621568K)
[139.547s][info][gc,metaspace   ] GC(409) Metaspace: 18254K(18432K)->18254K(18432K) NonClass: 16425K(16576K)->16425K(16576K) Class: 1828K(1856K)->1828K(1856K)
[139.547s][info][gc             ] GC(409) Pause Young (Allocation Failure) 640M->546M(824M) 41.163ms
[139.547s][info][gc,cpu         ] GC(409) User=0.08s Sys=0.00s Real=0.04s
[139.693s][info][gc,start       ] GC(410) Pause Young (Allocation Failure)
[139.722s][info][gc,heap        ] GC(410) PSYoungGen: 126240K(222720K)->4672K(220672K) Eden: 111616K(111616K)->0K(111616K) From: 14624K(111104K)->4672K(109056K)
[139.722s][info][gc,heap        ] GC(410) ParOldGen: 544528K(621568K)->559264K(621568K)
[139.722s][info][gc,metaspace   ] GC(410) Metaspace: 18254K(18432K)->18254K(18432K) NonClass: 16426K(16576K)->16426K(16576K) Class: 1828K(1856K)->1828K(1856K)
[139.722s][info][gc             ] GC(410) Pause Young (Allocation Failure) 655M->550M(822M) 28.919ms
[139.722s][info][gc,cpu         ] GC(410) User=0.05s Sys=0.00s Real=0.03s
[139.869s][info][gc,start       ] GC(411) Pause Young (Allocation Failure)
[139.923s][info][gc,heap        ] GC(411) PSYoungGen: 116288K(220672K)->36736K(148480K) Eden: 111616K(111616K)->0K(111616K) From: 4672K(109056K)->36736K(36864K)
[139.923s][info][gc,heap        ] GC(411) ParOldGen: 559264K(621568K)->559264K(621568K)
[139.923s][info][gc,metaspace   ] GC(411) Metaspace: 18254K(18432K)->18254K(18432K) NonClass: 16426K(16576K)->16426K(16576K) Class: 1828K(1856K)->1828K(1856K)
[139.923s][info][gc             ] GC(411) Pause Young (Allocation Failure) 659M->582M(752M) 53.460ms
[139.923s][info][gc,cpu         ] GC(411) User=0.11s Sys=0.00s Real=0.06s
[140.051s][info][gc,start       ] GC(412) Pause Young (Allocation Failure)
[140.125s][info][gc,heap        ] GC(412) PSYoungGen: 148352K(148480K)->54080K(217600K) Eden: 111616K(111616K)->0K(113664K) From: 36736K(36864K)->54080K(103936K)
[140.125s][info][gc,heap        ] GC(412) ParOldGen: 559264K(621568K)->563784K(621568K)
[140.125s][info][gc,metaspace   ] GC(412) Metaspace: 18254K(18432K)->18254K(18432K) NonClass: 16426K(16576K)->16426K(16576K) Class: 1828K(1856K)->1828K(1856K)
[140.125s][info][gc             ] GC(412) Pause Young (Allocation Failure) 691M->603M(819M) 74.341ms
[140.125s][info][gc,cpu         ] GC(412) User=0.15s Sys=0.00s Real=0.08s
[140.238s][info][gc,start       ] GC(413) Pause Young (Allocation Failure)
[140.308s][info][gc,heap        ] GC(413) PSYoungGen: 167744K(217600K)->4288K(218624K) Eden: 113664K(113664K)->0K(113664K) From: 54080K(103936K)->4288K(104960K)
[140.308s][info][gc,heap        ] GC(413) ParOldGen: 563784K(621568K)->618000K(621568K)
[140.308s][info][gc,metaspace   ] GC(413) Metaspace: 18254K(18432K)->18254K(18432K) NonClass: 16426K(16576K)->16426K(16576K) Class: 1828K(1856K)->1828K(1856K)
[140.308s][info][gc             ] GC(413) Pause Young (Allocation Failure) 714M->607M(820M) 69.678ms
[140.308s][info][gc,cpu         ] GC(413) User=0.14s Sys=0.01s Real=0.07s
[140.419s][info][gc,start       ] GC(414) Pause Full (Allocation Failure)
[140.419s][info][gc,phases,start] GC(414) Marking Phase
[140.824s][info][gc,phases      ] GC(414) Marking Phase 405.356ms
[140.825s][info][gc,phases,start] GC(414) Summary Phase
[140.825s][info][gc,phases      ] GC(414) Summary Phase 0.030ms
[140.825s][info][gc,phases,start] GC(414) Forward
[140.927s][info][gc,phases      ] GC(414) Forward 102.287ms
[140.927s][info][gc,phases,start] GC(414) Adjust Pointers
[141.239s][info][gc,phases      ] GC(414) Adjust Pointers 312.182ms
[141.239s][info][gc,phases,start] GC(414) Compaction Phase
[141.426s][info][gc,phases      ] GC(414) Compaction Phase 187.177ms
[141.438s][info][gc,phases,start] GC(414) Post Compact
[141.440s][info][gc,phases      ] GC(414) Post Compact 2.192ms
[141.440s][info][gc,heap        ] GC(414) PSYoungGen: 117952K(218624K)->0K(227840K) Eden: 113664K(113664K)->0K(124928K) From: 4288K(104960K)->0K(102912K)
[141.440s][info][gc,heap        ] GC(414) ParOldGen: 618000K(621568K)->543211K(667648K)
[141.440s][info][gc,metaspace   ] GC(414) Metaspace: 18254K(18432K)->18254K(18432K) NonClass: 16426K(16576K)->16426K(16576K) Class: 1828K(1856K)->1828K(1856K)
[141.440s][info][gc             ] GC(414) Pause Full (Allocation Failure) 718M->530M(874M) 1021.206ms
[141.440s][info][gc,cpu         ] GC(414) User=1.98s Sys=0.00s Real=1.02s
[141.580s][info][gc,start       ] GC(415) Pause Young (Allocation Failure)
[141.593s][info][gc,heap        ] GC(415) PSYoungGen: 124928K(227840K)->4448K(227840K) Eden: 124928K(124928K)->0K(124928K) From: 0K(102912K)->4448K(102912K)
[141.593s][info][gc,heap        ] GC(415) ParOldGen: 543211K(667648K)->543211K(667648K)
[141.593s][info][gc,metaspace   ] GC(415) Metaspace: 18254K(18432K)->18254K(18432K) NonClass: 16426K(16576K)->16426K(16576K) Class: 1828K(1856K)->1828K(1856K)
[141.593s][info][gc             ] GC(415) Pause Young (Allocation Failure) 652M->534M(874M) 13.050ms
[141.593s][info][gc,cpu         ] GC(415) User=0.02s Sys=0.00s Real=0.02s
[141.757s][info][gc,start       ] GC(416) Pause Young (Allocation Failure)
[141.764s][info][gc,heap        ] GC(416) PSYoungGen: 129376K(227840K)->64K(228864K) Eden: 124928K(124928K)->0K(130048K) From: 4448K(102912K)->64K(98816K)
[141.764s][info][gc,heap        ] GC(416) ParOldGen: 543211K(667648K)->547659K(667648K)
[141.764s][info][gc,metaspace   ] GC(416) Metaspace: 18254K(18432K)->18254K(18432K) NonClass: 16426K(16576K)->16426K(16576K) Class: 1828K(1856K)->1828K(1856K)
[141.764s][info][gc             ] GC(416) Pause Young (Allocation Failure) 656M->534M(875M) 7.780ms
[141.764s][info][gc,cpu         ] GC(416) User=0.01s Sys=0.00s Real=0.01s
[141.981s][info][gc,start       ] GC(417) Pause Young (Allocation Failure)
[142.004s][info][gc,heap        ] GC(417) PSYoungGen: 130112K(228864K)->20016K(228352K) Eden: 130048K(130048K)->0K(130048K) From: 64K(98816K)->20016K(98304K)
[142.004s][info][gc,heap        ] GC(417) ParOldGen: 547659K(667648K)->547659K(667648K)
[142.004s][info][gc,metaspace   ] GC(417) Metaspace: 18254K(18432K)->18254K(18432K) NonClass: 16426K(16576K)->16426K(16576K) Class: 1828K(1856K)->1828K(1856K)
[142.004s][info][gc             ] GC(417) Pause Young (Allocation Failure) 661M->554M(875M) 23.558ms
[142.004s][info][gc,cpu         ] GC(417) User=0.05s Sys=0.00s Real=0.03s
[142.298s][info][gc,start       ] GC(418) Pause Young (Allocation Failure)
[142.333s][info][gc,heap        ] GC(418) PSYoungGen: 150064K(228352K)->28848K(224768K) Eden: 130048K(130048K)->0K(140288K) From: 20016K(98304K)->28848K(84480K)
[142.333s][info][gc,heap        ] GC(418) ParOldGen: 547659K(667648K)->547659K(667648K)
[142.333s][info][gc,metaspace   ] GC(418) Metaspace: 18254K(18432K)->18254K(18432K) NonClass: 16426K(16576K)->16426K(16576K) Class: 1828K(1856K)->1828K(1856K)
[142.333s][info][gc             ] GC(418) Pause Young (Allocation Failure) 681M->562M(871M) 34.588ms
[142.333s][info][gc,cpu         ] GC(418) User=0.07s Sys=0.00s Real=0.04s
[142.740s][info][gc,start       ] GC(419) Pause Young (Allocation Failure)
[142.782s][info][gc,heap        ] GC(419) PSYoungGen: 169136K(224768K)->28880K(226816K) Eden: 140288K(140288K)->0K(140288K) From: 28848K(84480K)->28880K(86528K)
[142.782s][info][gc,heap        ] GC(419) ParOldGen: 547659K(667648K)->547659K(667648K)
[142.782s][info][gc,metaspace   ] GC(419) Metaspace: 18261K(18432K)->18261K(18432K) NonClass: 16433K(16576K)->16433K(16576K) Class: 1828K(1856K)->1828K(1856K)
[142.782s][info][gc             ] GC(419) Pause Young (Allocation Failure) 699M->563M(873M) 42.183ms
[142.782s][info][gc,cpu         ] GC(419) User=0.09s Sys=0.00s Real=0.04s
[143.028s][info][gc,start       ] GC(420) Pause Young (Allocation Failure)
[143.077s][info][gc,heap        ] GC(420) PSYoungGen: 169168K(226816K)->50240K(229376K) Eden: 140288K(140288K)->0K(147456K) From: 28880K(86528K)->50240K(81920K)
[143.077s][info][gc,heap        ] GC(420) ParOldGen: 547659K(667648K)->547659K(667648K)
[143.077s][info][gc,metaspace   ] GC(420) Metaspace: 18261K(18432K)->18261K(18432K) NonClass: 16433K(16576K)->16433K(16576K) Class: 1828K(1856K)->1828K(1856K)
[143.077s][info][gc             ] GC(420) Pause Young (Allocation Failure) 700M->583M(876M) 48.433ms
[143.077s][info][gc,cpu         ] GC(420) User=0.10s Sys=0.00s Real=0.05s
[143.234s][info][gc,start       ] GC(421) Pause Young (Allocation Failure)
[143.297s][info][gc,heap        ] GC(421) PSYoungGen: 197696K(229376K)->72688K(232448K) Eden: 147456K(147456K)->0K(147456K) From: 50240K(81920K)->72688K(84992K)
[143.297s][info][gc,heap        ] GC(421) ParOldGen: 547659K(667648K)->547659K(667648K)
[143.297s][info][gc,metaspace   ] GC(421) Metaspace: 18261K(18432K)->18261K(18432K) NonClass: 16433K(16576K)->16433K(16576K) Class: 1828K(1856K)->1828K(1856K)
[143.297s][info][gc             ] GC(421) Pause Young (Allocation Failure) 727M->605M(879M) 62.934ms
[143.297s][info][gc,cpu         ] GC(421) User=0.13s Sys=0.00s Real=0.06s
[143.525s][info][gc,start       ] GC(422) Pause Young (Allocation Failure)
[143.609s][info][gc,heap        ] GC(422) PSYoungGen: 220144K(232448K)->83712K(212480K) Eden: 147456K(147456K)->0K(116736K) From: 72688K(84992K)->83712K(95744K)
[143.609s][info][gc,heap        ] GC(422) ParOldGen: 547659K(667648K)->547659K(667648K)
[143.609s][info][gc,metaspace   ] GC(422) Metaspace: 18261K(18432K)->18261K(18432K) NonClass: 16433K(16576K)->16433K(16576K) Class: 1828K(1856K)->1828K(1856K)
[143.609s][info][gc             ] GC(422) Pause Young (Allocation Failure) 749M->616M(859M) 83.538ms
[143.609s][info][gc,cpu         ] GC(422) User=0.16s Sys=0.01s Real=0.08s
[143.781s][info][gc,start       ] GC(423) Pause Young (Allocation Failure)
[143.870s][info][gc,heap        ] GC(423) PSYoungGen: 200448K(212480K)->91712K(208896K) Eden: 116736K(116736K)->0K(116736K) From: 83712K(95744K)->91712K(92160K)
[143.870s][info][gc,heap        ] GC(423) ParOldGen: 547659K(667648K)->547659K(667648K)
[143.870s][info][gc,metaspace   ] GC(423) Metaspace: 18261K(18432K)->18261K(18432K) NonClass: 16433K(16576K)->16433K(16576K) Class: 1828K(1856K)->1828K(1856K)
[143.870s][info][gc             ] GC(423) Pause Young (Allocation Failure) 730M->624M(856M) 88.317ms
[143.870s][info][gc,cpu         ] GC(423) User=0.17s Sys=0.00s Real=0.09s
[143.996s][info][gc,start       ] GC(424) Pause Young (Allocation Failure)
[144.098s][info][gc,heap        ] GC(424) PSYoungGen: 208448K(208896K)->86032K(222720K) Eden: 116736K(116736K)->0K(111616K) From: 91712K(92160K)->86032K(111104K)
[144.098s][info][gc,heap        ] GC(424) ParOldGen: 547659K(667648K)->567732K(667648K)
[144.098s][info][gc,metaspace   ] GC(424) Metaspace: 18261K(18432K)->18261K(18432K) NonClass: 16433K(16576K)->16433K(16576K) Class: 1828K(1856K)->1828K(1856K)
[144.098s][info][gc             ] GC(424) Pause Young (Allocation Failure) 738M->638M(869M) 102.684ms
[144.098s][info][gc,cpu         ] GC(424) User=0.21s Sys=0.00s Real=0.10s
[144.209s][info][gc,start       ] GC(425) Pause Young (Allocation Failure)
[144.292s][info][gc,heap        ] GC(425) PSYoungGen: 197648K(222720K)->78192K(222720K) Eden: 111616K(111616K)->0K(111616K) From: 86032K(111104K)->78192K(111104K)
[144.292s][info][gc,heap        ] GC(425) ParOldGen: 567732K(667648K)->576612K(667648K)
[144.292s][info][gc,metaspace   ] GC(425) Metaspace: 18261K(18432K)->18261K(18432K) NonClass: 16433K(16576K)->16433K(16576K) Class: 1828K(1856K)->1828K(1856K)
[144.292s][info][gc             ] GC(425) Pause Young (Allocation Failure) 747M->639M(869M) 83.344ms
[144.292s][info][gc,cpu         ] GC(425) User=0.16s Sys=0.00s Real=0.09s
[144.436s][info][gc,start       ] GC(426) Pause Young (Allocation Failure)
[144.519s][info][gc,heap        ] GC(426) PSYoungGen: 189808K(222720K)->41696K(222720K) Eden: 111616K(111616K)->0K(111616K) From: 78192K(111104K)->41696K(111104K)
[144.519s][info][gc,heap        ] GC(426) ParOldGen: 576612K(667648K)->620841K(667648K)
[144.519s][info][gc,metaspace   ] GC(426) Metaspace: 18261K(18432K)->18261K(18432K) NonClass: 16433K(16576K)->16433K(16576K) Class: 1828K(1856K)->1828K(1856K)
[144.519s][info][gc             ] GC(426) Pause Young (Allocation Failure) 748M->647M(869M) 83.259ms
[144.519s][info][gc,cpu         ] GC(426) User=0.17s Sys=0.00s Real=0.08s
[144.697s][info][gc,start       ] GC(427) Pause Full (Allocation Failure)
[144.697s][info][gc,phases,start] GC(427) Marking Phase
[145.069s][info][gc,phases      ] GC(427) Marking Phase 372.323ms
[145.069s][info][gc,phases,start] GC(427) Summary Phase
[145.069s][info][gc,phases      ] GC(427) Summary Phase 0.031ms
[145.069s][info][gc,phases,start] GC(427) Forward
[145.191s][info][gc,phases      ] GC(427) Forward 121.460ms
[145.191s][info][gc,phases,start] GC(427) Adjust Pointers
[145.476s][info][gc,phases      ] GC(427) Adjust Pointers 285.283ms
[145.476s][info][gc,phases,start] GC(427) Compaction Phase
[145.633s][info][gc,phases      ] GC(427) Compaction Phase 156.562ms
[145.642s][info][gc,phases,start] GC(427) Post Compact
[145.644s][info][gc,phases      ] GC(427) Post Compact 2.366ms
[145.644s][info][gc,heap        ] GC(427) PSYoungGen: 153312K(222720K)->0K(222720K) Eden: 111616K(111616K)->0K(111616K) From: 41696K(111104K)->0K(111104K)
[145.644s][info][gc,heap        ] GC(427) ParOldGen: 620841K(667648K)->499969K(667648K)
[145.644s][info][gc,metaspace   ] GC(427) Metaspace: 18261K(18432K)->18261K(18432K) NonClass: 16433K(16576K)->16433K(16576K) Class: 1828K(1856K)->1828K(1856K)
[145.644s][info][gc             ] GC(427) Pause Full (Allocation Failure) 756M->488M(869M) 947.702ms
[145.644s][info][gc,cpu         ] GC(427) User=1.79s Sys=0.00s Real=0.95s
[145.970s][info][gc,start       ] GC(428) Pause Young (Allocation Failure)
[145.972s][info][gc,heap        ] GC(428) PSYoungGen: 111616K(222720K)->128K(222720K) Eden: 111616K(111616K)->0K(111616K) From: 0K(111104K)->128K(111104K)
[145.972s][info][gc,heap        ] GC(428) ParOldGen: 499969K(667648K)->499969K(667648K)
[145.972s][info][gc,metaspace   ] GC(428) Metaspace: 18261K(18432K)->18261K(18432K) NonClass: 16433K(16576K)->16433K(16576K) Class: 1828K(1856K)->1828K(1856K)
[145.972s][info][gc             ] GC(428) Pause Young (Allocation Failure) 597M->488M(869M) 1.982ms
[145.972s][info][gc,cpu         ] GC(428) User=0.01s Sys=0.00s Real=0.00s
[146.226s][info][gc,start       ] GC(429) Pause Young (Allocation Failure)
[146.229s][info][gc,heap        ] GC(429) PSYoungGen: 111744K(222720K)->96K(222720K) Eden: 111616K(111616K)->0K(111616K) From: 128K(111104K)->96K(111104K)
[146.229s][info][gc,heap        ] GC(429) ParOldGen: 499969K(667648K)->499969K(667648K)
[146.229s][info][gc,metaspace   ] GC(429) Metaspace: 18261K(18432K)->18261K(18432K) NonClass: 16433K(16576K)->16433K(16576K) Class: 1828K(1856K)->1828K(1856K)
[146.229s][info][gc             ] GC(429) Pause Young (Allocation Failure) 597M->488M(869M) 2.475ms
[146.229s][info][gc,cpu         ] GC(429) User=0.01s Sys=0.00s Real=0.00s
[146.511s][info][gc,start       ] GC(430) Pause Young (Allocation Failure)
[146.523s][info][gc,heap        ] GC(430) PSYoungGen: 111712K(222720K)->64K(222720K) Eden: 111616K(111616K)->0K(111616K) From: 96K(111104K)->64K(111104K)
[146.523s][info][gc,heap        ] GC(430) ParOldGen: 499969K(667648K)->500039K(667648K)
[146.523s][info][gc,metaspace   ] GC(430) Metaspace: 18264K(18432K)->18264K(18432K) NonClass: 16436K(16576K)->16436K(16576K) Class: 1828K(1856K)->1828K(1856K)
[146.523s][info][gc             ] GC(430) Pause Young (Allocation Failure) 597M->488M(869M) 11.812ms
[146.523s][info][gc,cpu         ] GC(430) User=0.02s Sys=0.00s Real=0.02s
[146.736s][info][gc,start       ] GC(431) Pause Young (Allocation Failure)
[146.744s][info][gc,heap        ] GC(431) PSYoungGen: 111680K(222720K)->384K(222720K) Eden: 111616K(111616K)->0K(111616K) From: 64K(111104K)->384K(111104K)
[146.744s][info][gc,heap        ] GC(431) ParOldGen: 500039K(667648K)->500079K(667648K)
[146.744s][info][gc,metaspace   ] GC(431) Metaspace: 18265K(18432K)->18265K(18432K) NonClass: 16436K(16576K)->16436K(16576K) Class: 1828K(1856K)->1828K(1856K)
[146.744s][info][gc             ] GC(431) Pause Young (Allocation Failure) 597M->488M(869M) 8.448ms
[146.744s][info][gc,cpu         ] GC(431) User=0.02s Sys=0.01s Real=0.01s
[146.886s][info][gc,start       ] GC(432) Pause Young (Allocation Failure)
[146.910s][info][gc,heap        ] GC(432) PSYoungGen: 112000K(222720K)->30121K(222720K) Eden: 111616K(111616K)->0K(111616K) From: 384K(111104K)->30121K(111104K)
[146.910s][info][gc,heap        ] GC(432) ParOldGen: 500079K(667648K)->500439K(667648K)
[146.910s][info][gc,metaspace   ] GC(432) Metaspace: 18265K(18432K)->18265K(18432K) NonClass: 16436K(16576K)->16436K(16576K) Class: 1828K(1856K)->1828K(1856K)
[146.910s][info][gc             ] GC(432) Pause Young (Allocation Failure) 597M->518M(869M) 24.071ms
[146.910s][info][gc,cpu         ] GC(432) User=0.05s Sys=0.00s Real=0.02s
[146.977s][info][gc,start       ] GC(433) Pause Young (Allocation Failure)
[147.030s][info][gc,heap        ] GC(433) PSYoungGen: 141737K(222720K)->43760K(155648K) Eden: 111616K(111616K)->0K(111616K) From: 30121K(111104K)->43760K(44032K)
[147.030s][info][gc,heap        ] GC(433) ParOldGen: 500439K(667648K)->530945K(667648K)
[147.030s][info][gc,metaspace   ] GC(433) Metaspace: 18271K(18432K)->18271K(18432K) NonClass: 16443K(16576K)->16443K(16576K) Class: 1828K(1856K)->1828K(1856K)
[147.030s][info][gc             ] GC(433) Pause Young (Allocation Failure) 627M->561M(804M) 53.000ms
[147.030s][info][gc,cpu         ] GC(433) User=0.10s Sys=0.00s Real=0.05s
[147.096s][info][gc,start       ] GC(434) Pause Young (Allocation Failure)
[147.156s][info][gc,heap        ] GC(434) PSYoungGen: 155376K(155648K)->88912K(219648K) Eden: 111616K(111616K)->0K(110080K) From: 43760K(44032K)->88912K(109568K)
[147.156s][info][gc,heap        ] GC(434) ParOldGen: 530945K(667648K)->530945K(667648K)
[147.156s][info][gc,metaspace   ] GC(434) Metaspace: 18271K(18432K)->18271K(18432K) NonClass: 16443K(16576K)->16443K(16576K) Class: 1828K(1856K)->1828K(1856K)
[147.156s][info][gc             ] GC(434) Pause Young (Allocation Failure) 670M->605M(866M) 59.990ms
[147.156s][info][gc,cpu         ] GC(434) User=0.12s Sys=0.00s Real=0.06s
[147.268s][info][gc,start       ] GC(435) Pause Young (Allocation Failure)
[147.349s][info][gc,heap        ] GC(435) PSYoungGen: 198992K(219648K)->28192K(221184K) Eden: 110080K(110080K)->0K(110080K) From: 88912K(109568K)->28192K(111104K)
[147.349s][info][gc,heap        ] GC(435) ParOldGen: 530945K(667648K)->620971K(667648K)
[147.349s][info][gc,metaspace   ] GC(435) Metaspace: 18271K(18432K)->18271K(18432K) NonClass: 16443K(16576K)->16443K(16576K) Class: 1828K(1856K)->1828K(1856K)
[147.349s][info][gc             ] GC(435) Pause Young (Allocation Failure) 712M->633M(868M) 81.175ms
[147.349s][info][gc,cpu         ] GC(435) User=0.16s Sys=0.00s Real=0.08s
[147.458s][info][gc,start       ] GC(436) Pause Full (Allocation Failure)
[147.459s][info][gc,phases,start] GC(436) Marking Phase
[147.780s][info][gc,phases      ] GC(436) Marking Phase 320.992ms
[147.780s][info][gc,phases,start] GC(436) Summary Phase
[147.780s][info][gc,phases      ] GC(436) Summary Phase 0.029ms
[147.780s][info][gc,phases,start] GC(436) Forward
[147.889s][info][gc,phases      ] GC(436) Forward 109.585ms
[147.889s][info][gc,phases,start] GC(436) Adjust Pointers
[148.130s][info][gc,phases      ] GC(436) Adjust Pointers 240.509ms
[148.130s][info][gc,phases,start] GC(436) Compaction Phase
[148.279s][info][gc,phases      ] GC(436) Compaction Phase 149.531ms
[148.285s][info][gc,phases,start] GC(436) Post Compact
[148.288s][info][gc,phases      ] GC(436) Post Compact 2.297ms
[148.288s][info][gc,heap        ] GC(436) PSYoungGen: 138272K(221184K)->0K(222720K) Eden: 110080K(110080K)->0K(111616K) From: 28192K(111104K)->0K(111104K)
[148.288s][info][gc,heap        ] GC(436) ParOldGen: 620971K(667648K)->475762K(667648K)
[148.288s][info][gc,metaspace   ] GC(436) Metaspace: 18271K(18432K)->18271K(18432K) NonClass: 16443K(16576K)->16443K(16576K) Class: 1828K(1856K)->1828K(1856K)
[148.288s][info][gc             ] GC(436) Pause Full (Allocation Failure) 741M->464M(869M) 829.255ms
[148.288s][info][gc,cpu         ] GC(436) User=1.56s Sys=0.00s Real=0.83s
[148.460s][info][gc,start       ] GC(437) Pause Young (Allocation Failure)
[148.524s][info][gc,heap        ] GC(437) PSYoungGen: 111616K(222720K)->17600K(222720K) Eden: 111616K(111616K)->0K(111616K) From: 0K(111104K)->17600K(111104K)
[148.524s][info][gc,heap        ] GC(437) ParOldGen: 475762K(667648K)->475762K(667648K)
[148.524s][info][gc,metaspace   ] GC(437) Metaspace: 18271K(18432K)->18271K(18432K) NonClass: 16443K(16576K)->16443K(16576K) Class: 1828K(1856K)->1828K(1856K)
[148.524s][info][gc             ] GC(437) Pause Young (Allocation Failure) 573M->481M(869M) 64.200ms
[148.524s][info][gc,cpu         ] GC(437) User=0.12s Sys=0.00s Real=0.07s
[148.666s][info][gc,start       ] GC(438) Pause Young (Allocation Failure)
[148.730s][info][gc,heap        ] GC(438) PSYoungGen: 129216K(222720K)->21632K(213504K) Eden: 111616K(111616K)->0K(111616K) From: 17600K(111104K)->21632K(101888K)
[148.730s][info][gc,heap        ] GC(438) ParOldGen: 475762K(667648K)->493410K(667648K)
[148.730s][info][gc,metaspace   ] GC(438) Metaspace: 18271K(18432K)->18271K(18432K) NonClass: 16443K(16576K)->16443K(16576K) Class: 1828K(1856K)->1828K(1856K)
[148.730s][info][gc             ] GC(438) Pause Young (Allocation Failure) 590M->502M(860M) 63.713ms
[148.730s][info][gc,cpu         ] GC(438) User=0.13s Sys=0.00s Real=0.06s
[148.872s][info][gc,start       ] GC(439) Pause Young (Allocation Failure)
[148.904s][info][gc,heap        ] GC(439) PSYoungGen: 133248K(213504K)->64K(218112K) Eden: 111616K(111616K)->0K(111616K) From: 21632K(101888K)->64K(106496K)
[148.904s][info][gc,heap        ] GC(439) ParOldGen: 493410K(667648K)->515082K(667648K)
[148.904s][info][gc,metaspace   ] GC(439) Metaspace: 18271K(18432K)->18271K(18432K) NonClass: 16443K(16576K)->16443K(16576K) Class: 1828K(1856K)->1828K(1856K)
[148.904s][info][gc             ] GC(439) Pause Young (Allocation Failure) 611M->503M(865M) 31.885ms
[148.904s][info][gc,cpu         ] GC(439) User=0.06s Sys=0.00s Real=0.04s
[149.047s][info][gc,start       ] GC(440) Pause Young (Allocation Failure)
[149.049s][info][gc,heap        ] GC(440) PSYoungGen: 111680K(218112K)->64K(220160K) Eden: 111616K(111616K)->0K(121344K) From: 64K(106496K)->64K(98816K)
[149.049s][info][gc,heap        ] GC(440) ParOldGen: 515082K(667648K)->515082K(667648K)
[149.049s][info][gc,metaspace   ] GC(440) Metaspace: 18271K(18432K)->18271K(18432K) NonClass: 16443K(16576K)->16443K(16576K) Class: 1828K(1856K)->1828K(1856K)
[149.049s][info][gc             ] GC(440) Pause Young (Allocation Failure) 612M->503M(867M) 1.927ms
[149.049s][info][gc,cpu         ] GC(440) User=0.00s Sys=0.00s Real=0.00s
[149.214s][info][gc,start       ] GC(441) Pause Young (Allocation Failure)
[149.217s][info][gc,heap        ] GC(441) PSYoungGen: 121408K(220160K)->32K(224256K) Eden: 121344K(121344K)->0K(121344K) From: 64K(98816K)->32K(102912K)
[149.217s][info][gc,heap        ] GC(441) ParOldGen: 515082K(667648K)->515082K(667648K)
[149.217s][info][gc,metaspace   ] GC(441) Metaspace: 18271K(18432K)->18271K(18432K) NonClass: 16443K(16576K)->16443K(16576K) Class: 1828K(1856K)->1828K(1856K)
[149.217s][info][gc             ] GC(441) Pause Young (Allocation Failure) 621M->503M(871M) 2.390ms
[149.217s][info][gc,cpu         ] GC(441) User=0.00s Sys=0.00s Real=0.00s
[149.392s][info][gc,start       ] GC(442) Pause Young (Allocation Failure)
[149.394s][info][gc,heap        ] GC(442) PSYoungGen: 121376K(224256K)->64K(221696K) Eden: 121344K(121344K)->0K(129024K) From: 32K(102912K)->64K(92672K)
[149.394s][info][gc,heap        ] GC(442) ParOldGen: 515082K(667648K)->515082K(667648K)
[149.394s][info][gc,metaspace   ] GC(442) Metaspace: 18271K(18432K)->18271K(18432K) NonClass: 16443K(16576K)->16443K(16576K) Class: 1828K(1856K)->1828K(1856K)
[149.394s][info][gc             ] GC(442) Pause Young (Allocation Failure) 621M->503M(868M) 1.927ms
[149.394s][info][gc,cpu         ] GC(442) User=0.00s Sys=0.00s Real=0.01s
[149.560s][info][gc,start       ] GC(443) Pause Young (Allocation Failure)
[149.562s][info][gc,heap        ] GC(443) PSYoungGen: 129088K(221696K)->64K(226304K) Eden: 129024K(129024K)->0K(129024K) From: 64K(92672K)->64K(97280K)
[149.562s][info][gc,heap        ] GC(443) ParOldGen: 515082K(667648K)->515082K(667648K)
[149.562s][info][gc,metaspace   ] GC(443) Metaspace: 18271K(18432K)->18271K(18432K) NonClass: 16443K(16576K)->16443K(16576K) Class: 1828K(1856K)->1828K(1856K)
[149.562s][info][gc             ] GC(443) Pause Young (Allocation Failure) 629M->503M(873M) 1.828ms
[149.562s][info][gc,cpu         ] GC(443) User=0.00s Sys=0.01s Real=0.00s
[149.729s][info][gc,start       ] GC(444) Pause Young (Allocation Failure)
[149.731s][info][gc,heap        ] GC(444) PSYoungGen: 129088K(226304K)->64K(219136K) Eden: 129024K(129024K)->0K(134656K) From: 64K(97280K)->64K(84480K)
[149.731s][info][gc,heap        ] GC(444) ParOldGen: 515082K(667648K)->515082K(667648K)
[149.731s][info][gc,metaspace   ] GC(444) Metaspace: 18271K(18432K)->18271K(18432K) NonClass: 16443K(16576K)->16443K(16576K) Class: 1828K(1856K)->1828K(1856K)
[149.731s][info][gc             ] GC(444) Pause Young (Allocation Failure) 629M->503M(866M) 2.508ms
[149.731s][info][gc,cpu         ] GC(444) User=0.00s Sys=0.00s Real=0.00s
[149.906s][info][gc,start       ] GC(445) Pause Young (Allocation Failure)
[149.908s][info][gc,heap        ] GC(445) PSYoungGen: 134720K(219136K)->64K(224256K) Eden: 134656K(134656K)->0K(134656K) From: 64K(84480K)->64K(89600K)
[149.908s][info][gc,heap        ] GC(445) ParOldGen: 515082K(667648K)->515082K(667648K)
[149.908s][info][gc,metaspace   ] GC(445) Metaspace: 18271K(18432K)->18271K(18432K) NonClass: 16443K(16576K)->16443K(16576K) Class: 1828K(1856K)->1828K(1856K)
[149.908s][info][gc             ] GC(445) Pause Young (Allocation Failure) 634M->503M(871M) 2.282ms
[149.908s][info][gc,cpu         ] GC(445) User=0.00s Sys=0.00s Real=0.00s
[150.084s][info][gc,start       ] GC(446) Pause Young (Allocation Failure)
[150.086s][info][gc,heap        ] GC(446) PSYoungGen: 134720K(224256K)->64K(216576K) Eden: 134656K(134656K)->0K(138752K) From: 64K(89600K)->64K(77824K)
[150.086s][info][gc,heap        ] GC(446) ParOldGen: 515082K(667648K)->515082K(667648K)
[150.086s][info][gc,metaspace   ] GC(446) Metaspace: 18271K(18432K)->18271K(18432K) NonClass: 16443K(16576K)->16443K(16576K) Class: 1828K(1856K)->1828K(1856K)
[150.086s][info][gc             ] GC(446) Pause Young (Allocation Failure) 634M->503M(863M) 2.722ms
[150.086s][info][gc,cpu         ] GC(446) User=0.00s Sys=0.00s Real=0.00s
[150.278s][info][gc,start       ] GC(447) Pause Young (Allocation Failure)
[150.280s][info][gc,heap        ] GC(447) PSYoungGen: 138816K(216576K)->64K(139264K) Eden: 138752K(138752K)->0K(138752K) From: 64K(77824K)->64K(512K)
[150.280s][info][gc,heap        ] GC(447) ParOldGen: 515082K(667648K)->515082K(667648K)
[150.280s][info][gc,metaspace   ] GC(447) Metaspace: 18271K(18432K)->18271K(18432K) NonClass: 16443K(16576K)->16443K(16576K) Class: 1828K(1856K)->1828K(1856K)
[150.280s][info][gc             ] GC(447) Pause Young (Allocation Failure) 638M->503M(788M) 2.585ms
[150.280s][info][gc,cpu         ] GC(447) User=0.00s Sys=0.00s Real=0.00s
[150.462s][info][gc,start       ] GC(448) Pause Young (Allocation Failure)
[150.465s][info][gc,heap        ] GC(448) PSYoungGen: 138816K(139264K)->64K(210432K) Eden: 138752K(138752K)->0K(141824K) From: 64K(512K)->64K(68608K)
[150.465s][info][gc,heap        ] GC(448) ParOldGen: 515082K(667648K)->515082K(667648K)
[150.465s][info][gc,metaspace   ] GC(448) Metaspace: 18271K(18432K)->18271K(18432K) NonClass: 16443K(16576K)->16443K(16576K) Class: 1828K(1856K)->1828K(1856K)
[150.465s][info][gc             ] GC(448) Pause Young (Allocation Failure) 638M->503M(857M) 2.932ms
[150.465s][info][gc,cpu         ] GC(448) User=0.00s Sys=0.00s Real=0.01s
[150.637s][info][gc,start       ] GC(449) Pause Young (Allocation Failure)
[150.649s][info][gc,heap        ] GC(449) PSYoungGen: 141888K(210432K)->7616K(149504K) Eden: 141824K(141824K)->0K(141824K) From: 64K(68608K)->7616K(7680K)
[150.649s][info][gc,heap        ] GC(449) ParOldGen: 515082K(667648K)->515082K(667648K)
[150.649s][info][gc,metaspace   ] GC(449) Metaspace: 18271K(18432K)->18271K(18432K) NonClass: 16443K(16576K)->16443K(16576K) Class: 1828K(1856K)->1828K(1856K)
[150.649s][info][gc             ] GC(449) Pause Young (Allocation Failure) 641M->510M(798M) 11.320ms
[150.649s][info][gc,cpu         ] GC(449) User=0.02s Sys=0.00s Real=0.01s
[150.788s][info][gc,start       ] GC(450) Pause Young (Allocation Failure)
[150.816s][info][gc,heap        ] GC(450) PSYoungGen: 149440K(149504K)->23680K(214528K) Eden: 141824K(141824K)->0K(146432K) From: 7616K(7680K)->23680K(68096K)
[150.816s][info][gc,heap        ] GC(450) ParOldGen: 515082K(667648K)->515082K(667648K)
[150.816s][info][gc,metaspace   ] GC(450) Metaspace: 18271K(18432K)->18271K(18432K) NonClass: 16443K(16576K)->16443K(16576K) Class: 1828K(1856K)->1828K(1856K)
[150.816s][info][gc             ] GC(450) Pause Young (Allocation Failure) 648M->526M(861M) 28.138ms
[150.816s][info][gc,cpu         ] GC(450) User=0.06s Sys=0.00s Real=0.03s
[150.942s][info][gc,start       ] GC(451) Pause Young (Allocation Failure)
[150.996s][info][gc,heap        ] GC(451) PSYoungGen: 170112K(214528K)->48640K(213504K) Eden: 146432K(146432K)->0K(146432K) From: 23680K(68096K)->48640K(67072K)
[150.996s][info][gc,heap        ] GC(451) ParOldGen: 515082K(667648K)->515082K(667648K)
[150.996s][info][gc,metaspace   ] GC(451) Metaspace: 18271K(18432K)->18271K(18432K) NonClass: 16443K(16576K)->16443K(16576K) Class: 1828K(1856K)->1828K(1856K)
[150.996s][info][gc             ] GC(451) Pause Young (Allocation Failure) 669M->550M(860M) 54.033ms
[150.996s][info][gc,cpu         ] GC(451) User=0.11s Sys=0.00s Real=0.06s
[151.082s][info][gc,start       ] GC(452) Pause Young (Allocation Failure)
[151.155s][info][gc,heap        ] GC(452) PSYoungGen: 195072K(213504K)->62208K(220160K) Eden: 146432K(146432K)->0K(145408K) From: 48640K(67072K)->62208K(74752K)
[151.155s][info][gc,heap        ] GC(452) ParOldGen: 515082K(667648K)->515082K(667648K)
[151.155s][info][gc,metaspace   ] GC(452) Metaspace: 18271K(18432K)->18271K(18432K) NonClass: 16443K(16576K)->16443K(16576K) Class: 1828K(1856K)->1828K(1856K)
[151.155s][info][gc             ] GC(452) Pause Young (Allocation Failure) 693M->563M(867M) 72.354ms
[151.155s][info][gc,cpu         ] GC(452) User=0.13s Sys=0.01s Real=0.07s
[151.272s][info][gc,start       ] GC(453) Pause Young (Allocation Failure)
[151.349s][info][gc,heap        ] GC(453) PSYoungGen: 207616K(220160K)->73024K(231424K) Eden: 145408K(145408K)->0K(145408K) From: 62208K(74752K)->73024K(86016K)
[151.350s][info][gc,heap        ] GC(453) ParOldGen: 515082K(667648K)->515082K(667648K)
[151.350s][info][gc,metaspace   ] GC(453) Metaspace: 18271K(18432K)->18271K(18432K) NonClass: 16443K(16576K)->16443K(16576K) Class: 1828K(1856K)->1828K(1856K)
[151.350s][info][gc             ] GC(453) Pause Young (Allocation Failure) 705M->574M(878M) 77.626ms
[151.350s][info][gc,cpu         ] GC(453) User=0.15s Sys=0.01s Real=0.08s
[151.430s][info][gc,start       ] GC(454) Pause Young (Allocation Failure)
[151.525s][info][gc,heap        ] GC(454) PSYoungGen: 218432K(231424K)->80832K(210432K) Eden: 145408K(145408K)->0K(111616K) From: 73024K(86016K)->80832K(98816K)
[151.525s][info][gc,heap        ] GC(454) ParOldGen: 515082K(667648K)->515082K(667648K)
[151.525s][info][gc,metaspace   ] GC(454) Metaspace: 18274K(18432K)->18274K(18432K) NonClass: 16445K(16576K)->16445K(16576K) Class: 1828K(1856K)->1828K(1856K)
[151.525s][info][gc             ] GC(454) Pause Young (Allocation Failure) 716M->581M(857M) 94.468ms
[151.525s][info][gc,cpu         ] GC(454) User=0.18s Sys=0.01s Real=0.10s
[151.605s][info][gc,start       ] GC(455) Pause Young (Allocation Failure)
[151.691s][info][gc,heap        ] GC(455) PSYoungGen: 192448K(210432K)->82080K(222720K) Eden: 111616K(111616K)->0K(111616K) From: 80832K(98816K)->82080K(111104K)
[151.691s][info][gc,heap        ] GC(455) ParOldGen: 515082K(667648K)->515082K(667648K)
[151.691s][info][gc,metaspace   ] GC(455) Metaspace: 18274K(18432K)->18274K(18432K) NonClass: 16445K(16576K)->16445K(16576K) Class: 1828K(1856K)->1828K(1856K)
[151.691s][info][gc             ] GC(455) Pause Young (Allocation Failure) 690M->583M(869M) 85.977ms
[151.691s][info][gc,cpu         ] GC(455) User=0.17s Sys=0.00s Real=0.08s
[151.756s][info][gc,start       ] GC(456) Pause Young (Allocation Failure)
[151.845s][info][gc,heap        ] GC(456) PSYoungGen: 193696K(222720K)->82208K(222720K) Eden: 111616K(111616K)->0K(111616K) From: 82080K(111104K)->82208K(111104K)
[151.846s][info][gc,heap        ] GC(456) ParOldGen: 515082K(667648K)->515082K(667648K)
[151.846s][info][gc,metaspace   ] GC(456) Metaspace: 18274K(18432K)->18274K(18432K) NonClass: 16445K(16576K)->16445K(16576K) Class: 1828K(1856K)->1828K(1856K)
[151.846s][info][gc             ] GC(456) Pause Young (Allocation Failure) 692M->583M(869M) 89.215ms
[151.846s][info][gc,cpu         ] GC(456) User=0.17s Sys=0.00s Real=0.09s
[151.943s][info][gc,start       ] GC(457) Pause Young (Allocation Failure)
[152.040s][info][gc,heap        ] GC(457) PSYoungGen: 193824K(222720K)->94624K(222720K) Eden: 111616K(111616K)->0K(111616K) From: 82208K(111104K)->94624K(111104K)
[152.040s][info][gc,heap        ] GC(457) ParOldGen: 515082K(667648K)->515082K(667648K)
[152.040s][info][gc,metaspace   ] GC(457) Metaspace: 18274K(18432K)->18274K(18432K) NonClass: 16446K(16576K)->16446K(16576K) Class: 1828K(1856K)->1828K(1856K)
[152.040s][info][gc             ] GC(457) Pause Young (Allocation Failure) 692M->595M(869M) 97.573ms
[152.040s][info][gc,cpu         ] GC(457) User=0.19s Sys=0.00s Real=0.09s
[152.135s][info][gc,start       ] GC(458) Pause Young (Allocation Failure)
[152.244s][info][gc,heap        ] GC(458) PSYoungGen: 206240K(222720K)->102432K(222720K) Eden: 111616K(111616K)->0K(111616K) From: 94624K(111104K)->102432K(111104K)
[152.244s][info][gc,heap        ] GC(458) ParOldGen: 515082K(667648K)->515082K(667648K)
[152.244s][info][gc,metaspace   ] GC(458) Metaspace: 18274K(18432K)->18274K(18432K) NonClass: 16446K(16576K)->16446K(16576K) Class: 1828K(1856K)->1828K(1856K)
[152.244s][info][gc             ] GC(458) Pause Young (Allocation Failure) 704M->603M(869M) 109.280ms
[152.244s][info][gc,cpu         ] GC(458) User=0.21s Sys=0.01s Real=0.11s
[152.325s][info][gc,start       ] GC(459) Pause Young (Allocation Failure)
[152.440s][info][gc,heap        ] GC(459) PSYoungGen: 214048K(222720K)->87312K(222720K) Eden: 111616K(111616K)->0K(111616K) From: 102432K(111104K)->87312K(111104K)
[152.440s][info][gc,heap        ] GC(459) ParOldGen: 515082K(667648K)->538842K(667648K)
[152.440s][info][gc,metaspace   ] GC(459) Metaspace: 18274K(18432K)->18274K(18432K) NonClass: 16446K(16576K)->16446K(16576K) Class: 1828K(1856K)->1828K(1856K)
[152.440s][info][gc             ] GC(459) Pause Young (Allocation Failure) 712M->611M(869M) 115.590ms
[152.440s][info][gc,cpu         ] GC(459) User=0.23s Sys=0.00s Real=0.11s
[152.606s][info][gc,start       ] GC(460) Pause Young (Allocation Failure)
[152.717s][info][gc,heap        ] GC(460) PSYoungGen: 198928K(222720K)->69200K(222720K) Eden: 111616K(111616K)->0K(111616K) From: 87312K(111104K)->69200K(111104K)
[152.718s][info][gc,heap        ] GC(460) ParOldGen: 538842K(667648K)->577482K(667648K)
[152.718s][info][gc,metaspace   ] GC(460) Metaspace: 18274K(18432K)->18274K(18432K) NonClass: 16446K(16576K)->16446K(16576K) Class: 1828K(1856K)->1828K(1856K)
[152.718s][info][gc             ] GC(460) Pause Young (Allocation Failure) 720M->631M(869M) 111.107ms
[152.718s][info][gc,cpu         ] GC(460) User=0.23s Sys=0.00s Real=0.11s
[153.063s][info][gc,start       ] GC(461) Pause Young (Allocation Failure)
[153.142s][info][gc,heap        ] GC(461) PSYoungGen: 180816K(222720K)->55456K(222720K) Eden: 111616K(111616K)->0K(111616K) From: 69200K(111104K)->55456K(111104K)
[153.142s][info][gc,heap        ] GC(461) ParOldGen: 577482K(667648K)->596154K(667648K)
[153.142s][info][gc,metaspace   ] GC(461) Metaspace: 18275K(18432K)->18275K(18432K) NonClass: 16447K(16576K)->16447K(16576K) Class: 1828K(1856K)->1828K(1856K)
[153.142s][info][gc             ] GC(461) Pause Young (Allocation Failure) 740M->636M(869M) 79.319ms
[153.142s][info][gc,cpu         ] GC(461) User=0.16s Sys=0.00s Real=0.08s
[153.489s][info][gc,start       ] GC(462) Pause Young (Allocation Failure)
[153.560s][info][gc,heap        ] GC(462) PSYoungGen: 167072K(222720K)->54096K(222720K) Eden: 111616K(111616K)->0K(111616K) From: 55456K(111104K)->54096K(111104K)
[153.560s][info][gc,heap        ] GC(462) ParOldGen: 596154K(667648K)->597546K(667648K)
[153.560s][info][gc,metaspace   ] GC(462) Metaspace: 18275K(18432K)->18275K(18432K) NonClass: 16447K(16576K)->16447K(16576K) Class: 1828K(1856K)->1828K(1856K)
[153.560s][info][gc             ] GC(462) Pause Young (Allocation Failure) 745M->636M(869M) 70.359ms
[153.560s][info][gc,cpu         ] GC(462) User=0.14s Sys=0.00s Real=0.07s
[153.857s][info][gc,start       ] GC(463) Pause Young (Allocation Failure)
[153.915s][info][gc,heap        ] GC(463) PSYoungGen: 165712K(222720K)->33856K(222720K) Eden: 111616K(111616K)->0K(111616K) From: 54096K(111104K)->33856K(111104K)
[153.915s][info][gc,heap        ] GC(463) ParOldGen: 597546K(667648K)->617850K(667648K)
[153.915s][info][gc,metaspace   ] GC(463) Metaspace: 18275K(18432K)->18275K(18432K) NonClass: 16447K(16576K)->16447K(16576K) Class: 1828K(1856K)->1828K(1856K)
[153.915s][info][gc             ] GC(463) Pause Young (Allocation Failure) 745M->636M(869M) 58.168ms
[153.915s][info][gc,cpu         ] GC(463) User=0.12s Sys=0.00s Real=0.06s
[154.183s][info][gc,start       ] GC(464) Pause Full (Allocation Failure)
[154.183s][info][gc,phases,start] GC(464) Marking Phase
[154.673s][info][gc,phases      ] GC(464) Marking Phase 490.053ms
[154.673s][info][gc,phases,start] GC(464) Summary Phase
[154.673s][info][gc,phases      ] GC(464) Summary Phase 0.029ms
[154.673s][info][gc,phases,start] GC(464) Forward
[154.710s][info][gc,phases      ] GC(464) Forward 36.955ms
[154.710s][info][gc,phases,start] GC(464) Adjust Pointers
[155.050s][info][gc,phases      ] GC(464) Adjust Pointers 339.526ms
[155.050s][info][gc,phases,start] GC(464) Compaction Phase
[155.224s][info][gc,phases      ] GC(464) Compaction Phase 174.356ms
[155.224s][info][gc,phases,start] GC(464) Post Compact
[155.227s][info][gc,phases      ] GC(464) Post Compact 2.212ms
[155.227s][info][gc,heap        ] GC(464) PSYoungGen: 145472K(222720K)->0K(222720K) Eden: 111616K(111616K)->0K(111616K) From: 33856K(111104K)->0K(111104K)
[155.227s][info][gc,heap        ] GC(464) ParOldGen: 617850K(667648K)->651042K(667648K)
[155.227s][info][gc,metaspace   ] GC(464) Metaspace: 18275K(18432K)->18275K(18432K) NonClass: 16447K(16576K)->16447K(16576K) Class: 1828K(1856K)->1828K(1856K)
[155.227s][info][gc             ] GC(464) Pause Full (Allocation Failure) 745M->635M(869M) 1043.604ms
[155.227s][info][gc,cpu         ] GC(464) User=2.03s Sys=0.02s Real=1.04s
[155.499s][info][gc,start       ] GC(465) Pause Full (Allocation Failure)
[155.499s][info][gc,phases,start] GC(465) Marking Phase
[155.990s][info][gc,phases      ] GC(465) Marking Phase 491.353ms
[155.990s][info][gc,phases,start] GC(465) Summary Phase
[155.990s][info][gc,phases      ] GC(465) Summary Phase 0.028ms
[155.990s][info][gc,phases,start] GC(465) Forward
[155.998s][info][gc,phases      ] GC(465) Forward 7.854ms
[155.998s][info][gc,phases,start] GC(465) Adjust Pointers
[156.330s][info][gc,phases      ] GC(465) Adjust Pointers 332.104ms
[156.331s][info][gc,phases,start] GC(465) Compaction Phase
[156.464s][info][gc,phases      ] GC(465) Compaction Phase 133.136ms
[156.464s][info][gc,phases,start] GC(465) Post Compact
[156.466s][info][gc,phases      ] GC(465) Post Compact 2.236ms
[156.466s][info][gc,heap        ] GC(465) PSYoungGen: 111616K(222720K)->0K(222720K) Eden: 111616K(111616K)->0K(111616K) From: 0K(111104K)->0K(111104K)
[156.466s][info][gc,heap        ] GC(465) ParOldGen: 651042K(667648K)->651045K(667648K)
[156.466s][info][gc,metaspace   ] GC(465) Metaspace: 18275K(18432K)->18275K(18432K) NonClass: 16447K(16576K)->16447K(16576K) Class: 1828K(1856K)->1828K(1856K)
[156.466s][info][gc             ] GC(465) Pause Full (Allocation Failure) 744M->635M(869M) 967.209ms
[156.466s][info][gc,cpu         ] GC(465) User=1.90s Sys=0.00s Real=0.97s
[156.733s][info][gc,start       ] GC(466) Pause Full (Allocation Failure)
[156.733s][info][gc,phases,start] GC(466) Marking Phase
[157.224s][info][gc,phases      ] GC(466) Marking Phase 490.719ms
[157.224s][info][gc,phases,start] GC(466) Summary Phase
[157.224s][info][gc,phases      ] GC(466) Summary Phase 0.027ms
[157.224s][info][gc,phases,start] GC(466) Forward
[157.224s][info][gc,phases      ] GC(466) Forward 0.349ms
[157.224s][info][gc,phases,start] GC(466) Adjust Pointers
[157.554s][info][gc,phases      ] GC(466) Adjust Pointers 329.643ms
[157.554s][info][gc,phases,start] GC(466) Compaction Phase
[157.691s][info][gc,phases      ] GC(466) Compaction Phase 137.269ms
[157.691s][info][gc,phases,start] GC(466) Post Compact
[157.693s][info][gc,phases      ] GC(466) Post Compact 2.244ms
[157.693s][info][gc,heap        ] GC(466) PSYoungGen: 111616K(222720K)->0K(222720K) Eden: 111616K(111616K)->0K(111616K) From: 0K(111104K)->0K(111104K)
[157.693s][info][gc,heap        ] GC(466) ParOldGen: 651045K(667648K)->651047K(667648K)
[157.693s][info][gc,metaspace   ] GC(466) Metaspace: 18275K(18432K)->18275K(18432K) NonClass: 16447K(16576K)->16447K(16576K) Class: 1828K(1856K)->1828K(1856K)
[157.693s][info][gc             ] GC(466) Pause Full (Allocation Failure) 744M->635M(869M) 960.700ms
[157.694s][info][gc,cpu         ] GC(466) User=1.89s Sys=0.00s Real=0.96s
[157.965s][info][gc,start       ] GC(467) Pause Full (Allocation Failure)
[157.965s][info][gc,phases,start] GC(467) Marking Phase
[158.455s][info][gc,phases      ] GC(467) Marking Phase 489.515ms
[158.455s][info][gc,phases,start] GC(467) Summary Phase
[158.455s][info][gc,phases      ] GC(467) Summary Phase 0.027ms
[158.455s][info][gc,phases,start] GC(467) Forward
[158.455s][info][gc,phases      ] GC(467) Forward 0.338ms
[158.455s][info][gc,phases,start] GC(467) Adjust Pointers
[158.783s][info][gc,phases      ] GC(467) Adjust Pointers 328.244ms
[158.783s][info][gc,phases,start] GC(467) Compaction Phase
[158.921s][info][gc,phases      ] GC(467) Compaction Phase 137.379ms
[158.921s][info][gc,phases,start] GC(467) Post Compact
[158.923s][info][gc,phases      ] GC(467) Post Compact 2.315ms
[158.923s][info][gc,heap        ] GC(467) PSYoungGen: 111616K(222720K)->0K(222720K) Eden: 111616K(111616K)->0K(111616K) From: 0K(111104K)->0K(111104K)
[158.923s][info][gc,heap        ] GC(467) ParOldGen: 651047K(667648K)->651050K(667648K)
[158.923s][info][gc,metaspace   ] GC(467) Metaspace: 18275K(18432K)->18275K(18432K) NonClass: 16447K(16576K)->16447K(16576K) Class: 1828K(1856K)->1828K(1856K)
[158.923s][info][gc             ] GC(467) Pause Full (Allocation Failure) 744M->635M(869M) 958.280ms
[158.923s][info][gc,cpu         ] GC(467) User=1.88s Sys=0.00s Real=0.96s
[159.185s][info][gc,start       ] GC(468) Pause Full (Allocation Failure)
[159.185s][info][gc,phases,start] GC(468) Marking Phase
[159.675s][info][gc,phases      ] GC(468) Marking Phase 490.240ms
[159.675s][info][gc,phases,start] GC(468) Summary Phase
[159.675s][info][gc,phases      ] GC(468) Summary Phase 0.026ms
[159.675s][info][gc,phases,start] GC(468) Forward
[159.675s][info][gc,phases      ] GC(468) Forward 0.354ms
[159.675s][info][gc,phases,start] GC(468) Adjust Pointers
[160.006s][info][gc,phases      ] GC(468) Adjust Pointers 330.946ms
[160.006s][info][gc,phases,start] GC(468) Compaction Phase
[160.144s][info][gc,phases      ] GC(468) Compaction Phase 137.464ms
[160.144s][info][gc,phases,start] GC(468) Post Compact
[160.146s][info][gc,phases      ] GC(468) Post Compact 2.251ms
[160.146s][info][gc,heap        ] GC(468) PSYoungGen: 111616K(222720K)->0K(222720K) Eden: 111616K(111616K)->0K(111616K) From: 0K(111104K)->0K(111104K)
[160.146s][info][gc,heap        ] GC(468) ParOldGen: 651050K(667648K)->651052K(667648K)
[160.146s][info][gc,metaspace   ] GC(468) Metaspace: 18275K(18432K)->18275K(18432K) NonClass: 16447K(16576K)->16447K(16576K) Class: 1828K(1856K)->1828K(1856K)
[160.146s][info][gc             ] GC(468) Pause Full (Allocation Failure) 744M->635M(869M) 961.757ms
[160.146s][info][gc,cpu         ] GC(468) User=1.88s Sys=0.01s Real=0.96s
[160.434s][info][gc,start       ] GC(469) Pause Full (Allocation Failure)
[160.434s][info][gc,phases,start] GC(469) Marking Phase
[160.717s][info][gc,phases      ] GC(469) Marking Phase 282.529ms
[160.717s][info][gc,phases,start] GC(469) Summary Phase
[160.717s][info][gc,phases      ] GC(469) Summary Phase 0.028ms
[160.717s][info][gc,phases,start] GC(469) Forward
[160.835s][info][gc,phases      ] GC(469) Forward 118.449ms
[160.835s][info][gc,phases,start] GC(469) Adjust Pointers
[161.061s][info][gc,phases      ] GC(469) Adjust Pointers 225.494ms
[161.061s][info][gc,phases,start] GC(469) Compaction Phase
[161.186s][info][gc,phases      ] GC(469) Compaction Phase 124.982ms
[161.195s][info][gc,phases,start] GC(469) Post Compact
[161.197s][info][gc,phases      ] GC(469) Post Compact 2.477ms
[161.199s][info][gc,heap        ] GC(469) PSYoungGen: 111616K(222720K)->0K(222720K) Eden: 111616K(111616K)->0K(111616K) From: 0K(111104K)->0K(111104K)
[161.199s][info][gc,heap        ] GC(469) ParOldGen: 651052K(667648K)->382648K(636928K)
[161.199s][info][gc,metaspace   ] GC(469) Metaspace: 18275K(18432K)->18275K(18432K) NonClass: 16447K(16576K)->16447K(16576K) Class: 1828K(1856K)->1828K(1856K)
[161.199s][info][gc             ] GC(469) Pause Full (Allocation Failure) 744M->373M(839M) 764.791ms
[161.199s][info][gc,cpu         ] GC(469) User=1.38s Sys=0.00s Real=0.76s
[161.459s][info][gc,start       ] GC(470) Pause Young (Allocation Failure)
[161.463s][info][gc,heap        ] GC(470) PSYoungGen: 111616K(222720K)->2496K(222720K) Eden: 111616K(111616K)->0K(111616K) From: 0K(111104K)->2496K(111104K)
[161.463s][info][gc,heap        ] GC(470) ParOldGen: 382648K(636928K)->382648K(636928K)
[161.463s][info][gc,metaspace   ] GC(470) Metaspace: 18275K(18432K)->18275K(18432K) NonClass: 16447K(16576K)->16447K(16576K) Class: 1828K(1856K)->1828K(1856K)
[161.463s][info][gc             ] GC(470) Pause Young (Allocation Failure) 482M->376M(839M) 4.255ms
[161.463s][info][gc,cpu         ] GC(470) User=0.01s Sys=0.00s Real=0.01s
[161.587s][info][gc,start       ] GC(471) Pause Young (Allocation Failure)
[161.615s][info][gc,heap        ] GC(471) PSYoungGen: 114112K(222720K)->30896K(222720K) Eden: 111616K(111616K)->0K(111616K) From: 2496K(111104K)->30896K(111104K)
[161.615s][info][gc,heap        ] GC(471) ParOldGen: 382648K(636928K)->382648K(636928K)
[161.615s][info][gc,metaspace   ] GC(471) Metaspace: 18275K(18432K)->18275K(18432K) NonClass: 16447K(16576K)->16447K(16576K) Class: 1828K(1856K)->1828K(1856K)
[161.615s][info][gc             ] GC(471) Pause Young (Allocation Failure) 485M->403M(839M) 28.198ms
[161.615s][info][gc,cpu         ] GC(471) User=0.06s Sys=0.00s Real=0.03s
[161.685s][info][gc,start       ] GC(472) Pause Young (Allocation Failure)
[161.743s][info][gc,heap        ] GC(472) PSYoungGen: 142512K(222720K)->71568K(222720K) Eden: 111616K(111616K)->0K(111616K) From: 30896K(111104K)->71568K(111104K)
[161.743s][info][gc,heap        ] GC(472) ParOldGen: 382648K(636928K)->385128K(636928K)
[161.743s][info][gc,metaspace   ] GC(472) Metaspace: 18275K(18432K)->18275K(18432K) NonClass: 16447K(16576K)->16447K(16576K) Class: 1828K(1856K)->1828K(1856K)
[161.743s][info][gc             ] GC(472) Pause Young (Allocation Failure) 512M->445M(839M) 58.338ms
[161.743s][info][gc,cpu         ] GC(472) User=0.11s Sys=0.00s Real=0.06s
[161.853s][info][gc,start       ] GC(473) Pause Young (Allocation Failure)
[161.933s][info][gc,heap        ] GC(473) PSYoungGen: 183184K(222720K)->43968K(222720K) Eden: 111616K(111616K)->0K(111616K) From: 71568K(111104K)->43968K(111104K)
[161.933s][info][gc,heap        ] GC(473) ParOldGen: 385128K(636928K)->457543K(636928K)
[161.933s][info][gc,metaspace   ] GC(473) Metaspace: 18277K(18432K)->18277K(18432K) NonClass: 16448K(16576K)->16448K(16576K) Class: 1828K(1856K)->1828K(1856K)
[161.933s][info][gc             ] GC(473) Pause Young (Allocation Failure) 554M->489M(839M) 80.271ms
[161.933s][info][gc,cpu         ] GC(473) User=0.16s Sys=0.00s Real=0.08s
[162.049s][info][gc,start       ] GC(474) Pause Young (Allocation Failure)
[162.115s][info][gc,heap        ] GC(474) PSYoungGen: 155584K(222720K)->42208K(222720K) Eden: 111616K(111616K)->0K(111616K) From: 43968K(111104K)->42208K(111104K)
[162.115s][info][gc,heap        ] GC(474) ParOldGen: 457543K(636928K)->502144K(636928K)
[162.115s][info][gc,metaspace   ] GC(474) Metaspace: 18277K(18432K)->18277K(18432K) NonClass: 16448K(16576K)->16448K(16576K) Class: 1828K(1856K)->1828K(1856K)
[162.115s][info][gc             ] GC(474) Pause Young (Allocation Failure) 598M->531M(839M) 65.858ms
[162.115s][info][gc,cpu         ] GC(474) User=0.13s Sys=0.00s Real=0.07s
[162.246s][info][gc,start       ] GC(475) Pause Young (Allocation Failure)
[162.288s][info][gc,heap        ] GC(475) PSYoungGen: 153824K(222720K)->2816K(222720K) Eden: 111616K(111616K)->0K(111616K) From: 42208K(111104K)->2816K(111104K)
[162.288s][info][gc,heap        ] GC(475) ParOldGen: 502144K(636928K)->544860K(636928K)
[162.288s][info][gc,metaspace   ] GC(475) Metaspace: 18277K(18432K)->18277K(18432K) NonClass: 16448K(16576K)->16448K(16576K) Class: 1828K(1856K)->1828K(1856K)
[162.288s][info][gc             ] GC(475) Pause Young (Allocation Failure) 640M->534M(839M) 41.823ms
[162.288s][info][gc,cpu         ] GC(475) User=0.08s Sys=0.00s Real=0.04s
[162.455s][info][gc,start       ] GC(476) Pause Young (Allocation Failure)
[162.495s][info][gc,heap        ] GC(476) PSYoungGen: 114432K(222720K)->16224K(222720K) Eden: 111616K(111616K)->0K(111616K) From: 2816K(111104K)->16224K(111104K)
[162.495s][info][gc,heap        ] GC(476) ParOldGen: 544860K(636928K)->547652K(636928K)
[162.495s][info][gc,metaspace   ] GC(476) Metaspace: 18277K(18432K)->18277K(18432K) NonClass: 16448K(16576K)->16448K(16576K) Class: 1828K(1856K)->1828K(1856K)
[162.495s][info][gc             ] GC(476) Pause Young (Allocation Failure) 643M->550M(839M) 39.646ms
[162.495s][info][gc,cpu         ] GC(476) User=0.08s Sys=0.00s Real=0.04s
[162.621s][info][gc,start       ] GC(477) Pause Young (Allocation Failure)
[162.655s][info][gc,heap        ] GC(477) PSYoungGen: 127840K(222720K)->3136K(222720K) Eden: 111616K(111616K)->0K(111616K) From: 16224K(111104K)->3136K(111104K)
[162.655s][info][gc,heap        ] GC(477) ParOldGen: 547652K(636928K)->563900K(636928K)
[162.655s][info][gc,metaspace   ] GC(477) Metaspace: 18277K(18432K)->18277K(18432K) NonClass: 16448K(16576K)->16448K(16576K) Class: 1828K(1856K)->1828K(1856K)
[162.655s][info][gc             ] GC(477) Pause Young (Allocation Failure) 659M->553M(839M) 33.587ms
[162.655s][info][gc,cpu         ] GC(477) User=0.07s Sys=0.00s Real=0.04s
[162.774s][info][gc,start       ] GC(478) Pause Young (Allocation Failure)
[162.780s][info][gc,heap        ] GC(478) PSYoungGen: 114752K(222720K)->160K(222720K) Eden: 111616K(111616K)->0K(111616K) From: 3136K(111104K)->160K(111104K)
[162.780s][info][gc,heap        ] GC(478) ParOldGen: 563900K(636928K)->567004K(636928K)
[162.780s][info][gc,metaspace   ] GC(478) Metaspace: 18277K(18432K)->18277K(18432K) NonClass: 16448K(16576K)->16448K(16576K) Class: 1828K(1856K)->1828K(1856K)
[162.780s][info][gc             ] GC(478) Pause Young (Allocation Failure) 662M->553M(839M) 5.984ms
[162.780s][info][gc,cpu         ] GC(478) User=0.01s Sys=0.00s Real=0.00s
[162.899s][info][gc,start       ] GC(479) Pause Young (Allocation Failure)
[162.902s][info][gc,heap        ] GC(479) PSYoungGen: 111776K(222720K)->224K(112128K) Eden: 111616K(111616K)->0K(111616K) From: 160K(111104K)->224K(512K)
[162.902s][info][gc,heap        ] GC(479) ParOldGen: 567004K(636928K)->567004K(636928K)
[162.902s][info][gc,metaspace   ] GC(479) Metaspace: 18277K(18432K)->18277K(18432K) NonClass: 16448K(16576K)->16448K(16576K) Class: 1828K(1856K)->1828K(1856K)
[162.902s][info][gc             ] GC(479) Pause Young (Allocation Failure) 662M->553M(731M) 2.648ms
[162.902s][info][gc,cpu         ] GC(479) User=0.01s Sys=0.00s Real=0.00s
[163.023s][info][gc,start       ] GC(480) Pause Young (Allocation Failure)
[163.026s][info][gc,heap        ] GC(480) PSYoungGen: 111840K(112128K)->288K(222208K) Eden: 111616K(111616K)->0K(114176K) From: 224K(512K)->288K(108032K)
[163.026s][info][gc,heap        ] GC(480) ParOldGen: 567004K(636928K)->567004K(636928K)
[163.026s][info][gc,metaspace   ] GC(480) Metaspace: 18277K(18432K)->18277K(18432K) NonClass: 16448K(16576K)->16448K(16576K) Class: 1828K(1856K)->1828K(1856K)
[163.026s][info][gc             ] GC(480) Pause Young (Allocation Failure) 662M->553M(839M) 2.569ms
[163.026s][info][gc,cpu         ] GC(480) User=0.00s Sys=0.00s Real=0.00s
[163.150s][info][gc,start       ] GC(481) Pause Young (Allocation Failure)
[163.153s][info][gc,heap        ] GC(481) PSYoungGen: 114464K(222208K)->384K(220672K) Eden: 114176K(114176K)->0K(114176K) From: 288K(108032K)->384K(106496K)
[163.153s][info][gc,heap        ] GC(481) ParOldGen: 567004K(636928K)->567004K(636928K)
[163.153s][info][gc,metaspace   ] GC(481) Metaspace: 18277K(18432K)->18277K(18432K) NonClass: 16448K(16576K)->16448K(16576K) Class: 1828K(1856K)->1828K(1856K)
[163.153s][info][gc             ] GC(481) Pause Young (Allocation Failure) 665M->554M(837M) 2.854ms
[163.153s][info][gc,cpu         ] GC(481) User=0.00s Sys=0.00s Real=0.01s
[163.273s][info][gc,start       ] GC(482) Pause Young (Allocation Failure)
[163.276s][info][gc,heap        ] GC(482) PSYoungGen: 114560K(220672K)->480K(211456K) Eden: 114176K(114176K)->0K(116736K) From: 384K(106496K)->480K(94720K)
[163.276s][info][gc,heap        ] GC(482) ParOldGen: 567004K(636928K)->567004K(636928K)
[163.276s][info][gc,metaspace   ] GC(482) Metaspace: 18277K(18432K)->18277K(18432K) NonClass: 16448K(16576K)->16448K(16576K) Class: 1828K(1856K)->1828K(1856K)
[163.276s][info][gc             ] GC(482) Pause Young (Allocation Failure) 665M->554M(828M) 3.646ms
[163.276s][info][gc,cpu         ] GC(482) User=0.01s Sys=0.00s Real=0.00s
[163.403s][info][gc,start       ] GC(483) Pause Young (Allocation Failure)
[163.407s][info][gc,heap        ] GC(483) PSYoungGen: 117216K(211456K)->576K(117760K) Eden: 116736K(116736K)->0K(116736K) From: 480K(94720K)->576K(1024K)
[163.407s][info][gc,heap        ] GC(483) ParOldGen: 567004K(636928K)->567004K(636928K)
[163.407s][info][gc,metaspace   ] GC(483) Metaspace: 18277K(18432K)->18277K(18432K) NonClass: 16448K(16576K)->16448K(16576K) Class: 1828K(1856K)->1828K(1856K)
[163.407s][info][gc             ] GC(483) Pause Young (Allocation Failure) 668M->554M(737M) 3.473ms
[163.407s][info][gc,cpu         ] GC(483) User=0.00s Sys=0.00s Real=0.00s
[163.536s][info][gc,start       ] GC(484) Pause Young (Allocation Failure)
[163.539s][info][gc,heap        ] GC(484) PSYoungGen: 117312K(117760K)->640K(205312K) Eden: 116736K(116736K)->0K(118784K) From: 576K(1024K)->640K(86528K)
[163.539s][info][gc,heap        ] GC(484) ParOldGen: 567004K(636928K)->567004K(636928K)
[163.539s][info][gc,metaspace   ] GC(484) Metaspace: 18277K(18432K)->18277K(18432K) NonClass: 16448K(16576K)->16448K(16576K) Class: 1828K(1856K)->1828K(1856K)
[163.539s][info][gc             ] GC(484) Pause Young (Allocation Failure) 668M->554M(822M) 3.838ms
[163.539s][info][gc,cpu         ] GC(484) User=0.00s Sys=0.01s Real=0.00s
[163.668s][info][gc,start       ] GC(485) Pause Young (Allocation Failure)
[163.681s][info][gc,heap        ] GC(485) PSYoungGen: 119424K(205312K)->4160K(123392K) Eden: 118784K(118784K)->0K(118784K) From: 640K(86528K)->4160K(4608K)
[163.681s][info][gc,heap        ] GC(485) ParOldGen: 567004K(636928K)->567004K(636928K)
[163.681s][info][gc,metaspace   ] GC(485) Metaspace: 18277K(18432K)->18277K(18432K) NonClass: 16448K(16576K)->16448K(16576K) Class: 1828K(1856K)->1828K(1856K)
[163.681s][info][gc             ] GC(485) Pause Young (Allocation Failure) 670M->557M(742M) 13.575ms
[163.681s][info][gc,cpu         ] GC(485) User=0.02s Sys=0.00s Real=0.01s
[163.844s][info][gc,start       ] GC(486) Pause Young (Allocation Failure)
[163.887s][info][gc,heap        ] GC(486) PSYoungGen: 122944K(123392K)->21784K(199680K) Eden: 118784K(118784K)->0K(122368K) From: 4160K(4608K)->21784K(77312K)
[163.887s][info][gc,heap        ] GC(486) ParOldGen: 567004K(636928K)->567004K(636928K)
[163.887s][info][gc,metaspace   ] GC(486) Metaspace: 18277K(18432K)->18277K(18432K) NonClass: 16448K(16576K)->16448K(16576K) Class: 1828K(1856K)->1828K(1856K)
[163.887s][info][gc             ] GC(486) Pause Young (Allocation Failure) 673M->574M(817M) 42.648ms
[163.887s][info][gc,cpu         ] GC(486) User=0.09s Sys=0.00s Real=0.04s
[164.041s][info][gc,start       ] GC(487) Pause Young (Allocation Failure)
[164.079s][info][gc,heap        ] GC(487) PSYoungGen: 144152K(199680K)->21784K(144384K) Eden: 122368K(122368K)->0K(122368K) From: 21784K(77312K)->21784K(22016K)
[164.079s][info][gc,heap        ] GC(487) ParOldGen: 567004K(636928K)->567004K(636928K)
[164.079s][info][gc,metaspace   ] GC(487) Metaspace: 18277K(18432K)->18277K(18432K) NonClass: 16448K(16576K)->16448K(16576K) Class: 1828K(1856K)->1828K(1856K)
[164.079s][info][gc             ] GC(487) Pause Young (Allocation Failure) 694M->574M(763M) 38.444ms
[164.079s][info][gc,cpu         ] GC(487) User=0.08s Sys=0.00s Real=0.04s
[164.232s][info][gc,start       ] GC(488) Pause Young (Allocation Failure)
[164.271s][info][gc,heap        ] GC(488) PSYoungGen: 144152K(144384K)->21784K(195072K) Eden: 122368K(122368K)->0K(126976K) From: 21784K(22016K)->21784K(68096K)
[164.271s][info][gc,heap        ] GC(488) ParOldGen: 567004K(636928K)->567004K(636928K)
[164.271s][info][gc,metaspace   ] GC(488) Metaspace: 18277K(18432K)->18277K(18432K) NonClass: 16448K(16576K)->16448K(16576K) Class: 1828K(1856K)->1828K(1856K)
[164.271s][info][gc             ] GC(488) Pause Young (Allocation Failure) 694M->574M(812M) 39.032ms
[164.271s][info][gc,cpu         ] GC(488) User=0.07s Sys=0.00s Real=0.04s
[164.429s][info][gc,start       ] GC(489) Pause Young (Allocation Failure)
[164.467s][info][gc,heap        ] GC(489) PSYoungGen: 148760K(195072K)->21784K(199168K) Eden: 126976K(126976K)->0K(126976K) From: 21784K(68096K)->21784K(72192K)
[164.467s][info][gc,heap        ] GC(489) ParOldGen: 567004K(636928K)->567004K(636928K)
[164.467s][info][gc,metaspace   ] GC(489) Metaspace: 18277K(18432K)->18277K(18432K) NonClass: 16448K(16576K)->16448K(16576K) Class: 1828K(1856K)->1828K(1856K)
[164.467s][info][gc             ] GC(489) Pause Young (Allocation Failure) 698M->574M(816M) 38.511ms
[164.467s][info][gc,cpu         ] GC(489) User=0.07s Sys=0.00s Real=0.04s
[164.629s][info][gc,start       ] GC(490) Pause Young (Allocation Failure)
[164.668s][info][gc,heap        ] GC(490) PSYoungGen: 148760K(199168K)->21762K(194048K) Eden: 126976K(126976K)->0K(132608K) From: 21784K(72192K)->21762K(61440K)
[164.668s][info][gc,heap        ] GC(490) ParOldGen: 567004K(636928K)->567004K(636928K)
[164.668s][info][gc,metaspace   ] GC(490) Metaspace: 18277K(18432K)->18277K(18432K) NonClass: 16448K(16576K)->16448K(16576K) Class: 1828K(1856K)->1828K(1856K)
[164.668s][info][gc             ] GC(490) Pause Young (Allocation Failure) 698M->574M(811M) 38.800ms
[164.668s][info][gc,cpu         ] GC(490) User=0.08s Sys=0.00s Real=0.04s
[164.832s][info][gc,start       ] GC(491) Pause Young (Allocation Failure)
[164.870s][info][gc,heap        ] GC(491) PSYoungGen: 154370K(194048K)->21794K(197120K) Eden: 132608K(132608K)->0K(132608K) From: 21762K(61440K)->21794K(64512K)
[164.870s][info][gc,heap        ] GC(491) ParOldGen: 567004K(636928K)->567004K(636928K)
[164.870s][info][gc,metaspace   ] GC(491) Metaspace: 18277K(18432K)->18277K(18432K) NonClass: 16448K(16576K)->16448K(16576K) Class: 1828K(1856K)->1828K(1856K)
[164.870s][info][gc             ] GC(491) Pause Young (Allocation Failure) 704M->574M(814M) 38.253ms
[164.870s][info][gc,cpu         ] GC(491) User=0.08s Sys=0.00s Real=0.04s
[165.015s][info][gc,start       ] GC(492) Pause Young (Allocation Failure)
[165.066s][info][gc,heap        ] GC(492) PSYoungGen: 154402K(197120K)->32984K(198144K) Eden: 132608K(132608K)->0K(137216K) From: 21794K(64512K)->32984K(60928K)
[165.066s][info][gc,heap        ] GC(492) ParOldGen: 567004K(636928K)->567004K(636928K)
[165.066s][info][gc,metaspace   ] GC(492) Metaspace: 18277K(18432K)->18277K(18432K) NonClass: 16448K(16576K)->16448K(16576K) Class: 1828K(1856K)->1828K(1856K)
[165.066s][info][gc             ] GC(492) Pause Young (Allocation Failure) 704M->585M(815M) 50.974ms
[165.066s][info][gc,cpu         ] GC(492) User=0.10s Sys=0.00s Real=0.05s
[165.192s][info][gc,start       ] GC(493) Pause Young (Allocation Failure)
[165.262s][info][gc,heap        ] GC(493) PSYoungGen: 170200K(198144K)->51480K(199168K) Eden: 137216K(137216K)->0K(137216K) From: 32984K(60928K)->51480K(61952K)
[165.262s][info][gc,heap        ] GC(493) ParOldGen: 567004K(636928K)->567132K(636928K)
[165.262s][info][gc,metaspace   ] GC(493) Metaspace: 18277K(18432K)->18277K(18432K) NonClass: 16448K(16576K)->16448K(16576K) Class: 1828K(1856K)->1828K(1856K)
[165.262s][info][gc             ] GC(493) Pause Young (Allocation Failure) 719M->604M(816M) 69.381ms
[165.262s][info][gc,cpu         ] GC(493) User=0.14s Sys=0.00s Real=0.06s
[165.380s][info][gc,start       ] GC(494) Pause Young (Allocation Failure)
[165.464s][info][gc,heap        ] GC(494) PSYoungGen: 188696K(199168K)->59512K(204800K) Eden: 137216K(137216K)->0K(135680K) From: 51480K(61952K)->59512K(69120K)
[165.464s][info][gc,heap        ] GC(494) ParOldGen: 567132K(636928K)->567228K(636928K)
[165.464s][info][gc,metaspace   ] GC(494) Metaspace: 18277K(18432K)->18277K(18432K) NonClass: 16448K(16576K)->16448K(16576K) Class: 1828K(1856K)->1828K(1856K)
[165.464s][info][gc             ] GC(494) Pause Young (Allocation Failure) 738M->612M(822M) 83.997ms
[165.464s][info][gc,cpu         ] GC(494) User=0.16s Sys=0.01s Real=0.09s
[165.567s][info][gc,start       ] GC(495) Pause Young (Allocation Failure)
[165.645s][info][gc,heap        ] GC(495) PSYoungGen: 195192K(204800K)->60952K(214016K) Eden: 135680K(135680K)->0K(135680K) From: 59512K(69120K)->60952K(78336K)
[165.645s][info][gc,heap        ] GC(495) ParOldGen: 567228K(636928K)->567308K(636928K)
[165.645s][info][gc,metaspace   ] GC(495) Metaspace: 18277K(18432K)->18277K(18432K) NonClass: 16448K(16576K)->16448K(16576K) Class: 1828K(1856K)->1828K(1856K)
[165.645s][info][gc             ] GC(495) Pause Young (Allocation Failure) 744M->613M(831M) 78.191ms
[165.645s][info][gc,cpu         ] GC(495) User=0.16s Sys=0.00s Real=0.08s
[165.764s][info][gc,start       ] GC(496) Pause Young (Allocation Failure)
[165.851s][info][gc,heap        ] GC(496) PSYoungGen: 196632K(214016K)->60984K(224768K) Eden: 135680K(135680K)->0K(139264K) From: 60952K(78336K)->60984K(85504K)
[165.851s][info][gc,heap        ] GC(496) ParOldGen: 567308K(636928K)->567388K(636928K)
[165.851s][info][gc,metaspace   ] GC(496) Metaspace: 18277K(18432K)->18277K(18432K) NonClass: 16448K(16576K)->16448K(16576K) Class: 1828K(1856K)->1828K(1856K)
[165.851s][info][gc             ] GC(496) Pause Young (Allocation Failure) 746M->613M(841M) 87.368ms
[165.851s][info][gc,cpu         ] GC(496) User=0.16s Sys=0.02s Real=0.08s
[165.976s][info][gc,start       ] GC(497) Pause Young (Allocation Failure)
[166.069s][info][gc,heap        ] GC(497) PSYoungGen: 200248K(224768K)->74210K(230400K) Eden: 139264K(139264K)->0K(139264K) From: 60984K(85504K)->74210K(91136K)
[166.069s][info][gc,heap        ] GC(497) ParOldGen: 567388K(636928K)->567500K(636928K)
[166.069s][info][gc,metaspace   ] GC(497) Metaspace: 18277K(18432K)->18277K(18432K) NonClass: 16448K(16576K)->16448K(16576K) Class: 1828K(1856K)->1828K(1856K)
[166.070s][info][gc             ] GC(497) Pause Young (Allocation Failure) 749M->626M(847M) 93.021ms
[166.070s][info][gc,cpu         ] GC(497) User=0.18s Sys=0.00s Real=0.09s
[166.160s][info][gc,start       ] GC(498) Pause Young (Allocation Failure)
[166.284s][info][gc,heap        ] GC(498) PSYoungGen: 213474K(230400K)->90178K(212480K) Eden: 139264K(139264K)->0K(111616K) From: 74210K(91136K)->90178K(100864K)
[166.284s][info][gc,heap        ] GC(498) ParOldGen: 567500K(636928K)->567588K(636928K)
[166.284s][info][gc,metaspace   ] GC(498) Metaspace: 18277K(18432K)->18277K(18432K) NonClass: 16448K(16576K)->16448K(16576K) Class: 1828K(1856K)->1828K(1856K)
[166.284s][info][gc             ] GC(498) Pause Young (Allocation Failure) 762M->642M(829M) 123.868ms
[166.284s][info][gc,cpu         ] GC(498) User=0.23s Sys=0.02s Real=0.13s
[166.384s][info][gc,start       ] GC(499) Pause Young (Allocation Failure)
[166.511s][info][gc,heap        ] GC(499) PSYoungGen: 201794K(212480K)->106616K(222720K) Eden: 111616K(111616K)->0K(111616K) From: 90178K(100864K)->106616K(111104K)
[166.511s][info][gc,heap        ] GC(499) ParOldGen: 567588K(636928K)->571204K(636928K)
[166.511s][info][gc,metaspace   ] GC(499) Metaspace: 18277K(18432K)->18277K(18432K) NonClass: 16448K(16576K)->16448K(16576K) Class: 1828K(1856K)->1828K(1856K)
[166.511s][info][gc             ] GC(499) Pause Young (Allocation Failure) 751M->661M(839M) 127.332ms
[166.511s][info][gc,cpu         ] GC(499) User=0.26s Sys=0.00s Real=0.12s
[166.598s][info][gc,start       ] GC(500) Pause Young (Allocation Failure)
[166.746s][info][gc,heap        ] GC(500) PSYoungGen: 218232K(222720K)->110880K(222720K) Eden: 111616K(111616K)->0K(111616K) From: 106616K(111104K)->110880K(111104K)
[166.746s][info][gc,heap        ] GC(500) ParOldGen: 571204K(636928K)->588877K(636928K)
[166.746s][info][gc,metaspace   ] GC(500) Metaspace: 18277K(18432K)->18277K(18432K) NonClass: 16448K(16576K)->16448K(16576K) Class: 1828K(1856K)->1828K(1856K)
[166.746s][info][gc             ] GC(500) Pause Young (Allocation Failure) 770M->683M(839M) 147.626ms
[166.746s][info][gc,cpu         ] GC(500) User=0.29s Sys=0.00s Real=0.15s
[166.804s][info][gc,start       ] GC(501) Pause Young (Allocation Failure)
[166.920s][info][gc,heap        ] GC(501) PSYoungGen: 222496K(222720K)->111104K(222720K) Eden: 111616K(111616K)->0K(111616K) From: 110880K(111104K)->111104K(111104K)
[166.920s][info][gc,heap        ] GC(501) ParOldGen: 588877K(636928K)->590989K(636928K)
[166.920s][info][gc,metaspace   ] GC(501) Metaspace: 18277K(18432K)->18277K(18432K) NonClass: 16448K(16576K)->16448K(16576K) Class: 1828K(1856K)->1828K(1856K)
[166.920s][info][gc             ] GC(501) Pause Young (Allocation Failure) 792M->685M(839M) 116.100ms
[166.920s][info][gc,cpu         ] GC(501) User=0.23s Sys=0.00s Real=0.11s
[167.052s][info][gc,start       ] GC(502) Pause Young (Allocation Failure)
[167.168s][info][gc,heap        ] GC(502) PSYoungGen: 222720K(222720K)->111104K(222720K) Eden: 111616K(111616K)->0K(111616K) From: 111104K(111104K)->111104K(111104K)
[167.168s][info][gc,heap        ] GC(502) ParOldGen: 590989K(636928K)->592973K(636928K)
[167.168s][info][gc,metaspace   ] GC(502) Metaspace: 18277K(18432K)->18277K(18432K) NonClass: 16448K(16576K)->16448K(16576K) Class: 1828K(1856K)->1828K(1856K)
[167.168s][info][gc             ] GC(502) Pause Young (Allocation Failure) 794M->687M(839M) 116.244ms
[167.168s][info][gc,cpu         ] GC(502) User=0.23s Sys=0.00s Real=0.12s
[167.313s][info][gc,start       ] GC(503) Pause Young (Allocation Failure)
[167.431s][info][gc,heap        ] GC(503) PSYoungGen: 222720K(222720K)->86176K(222720K) Eden: 111616K(111616K)->0K(111616K) From: 111104K(111104K)->86176K(111104K)
[167.431s][info][gc,heap        ] GC(503) ParOldGen: 592973K(636928K)->622637K(636928K)
[167.431s][info][gc,metaspace   ] GC(503) Metaspace: 18277K(18432K)->18277K(18432K) NonClass: 16448K(16576K)->16448K(16576K) Class: 1828K(1856K)->1828K(1856K)
[167.431s][info][gc             ] GC(503) Pause Young (Allocation Failure) 796M->692M(839M) 117.754ms
[167.431s][info][gc,cpu         ] GC(503) User=0.23s Sys=0.00s Real=0.11s
[167.550s][info][gc,start       ] GC(504) Pause Young (Allocation Failure)
[167.639s][info][gc,heap        ] GC(504) PSYoungGen: 197792K(222720K)->76576K(222720K) Eden: 111616K(111616K)->0K(111616K) From: 86176K(111104K)->76576K(111104K)
[167.639s][info][gc,heap        ] GC(504) ParOldGen: 622637K(636928K)->632277K(636928K)
[167.639s][info][gc,metaspace   ] GC(504) Metaspace: 18277K(18432K)->18277K(18432K) NonClass: 16448K(16576K)->16448K(16576K) Class: 1828K(1856K)->1828K(1856K)
[167.639s][info][gc             ] GC(504) Pause Young (Allocation Failure) 801M->692M(839M) 89.376ms
[167.639s][info][gc,cpu         ] GC(504) User=0.18s Sys=0.00s Real=0.09s
[167.711s][info][gc,start       ] GC(505) Pause Young (Allocation Failure)
[167.795s][info][gc,heap        ] GC(505) PSYoungGen: 188192K(222720K)->64416K(222720K) Eden: 111616K(111616K)->0K(111616K) From: 76576K(111104K)->64416K(111104K)
[167.795s][info][gc,heap        ] GC(505) ParOldGen: 632277K(636928K)->644613K(645120K)
[167.795s][info][gc,metaspace   ] GC(505) Metaspace: 18277K(18432K)->18277K(18432K) NonClass: 16448K(16576K)->16448K(16576K) Class: 1828K(1856K)->1828K(1856K)
[167.795s][info][gc             ] GC(505) Pause Young (Allocation Failure) 801M->692M(847M) 83.830ms
[167.795s][info][gc,cpu         ] GC(505) User=0.16s Sys=0.01s Real=0.09s
[167.982s][info][gc,start       ] GC(506) Pause Full (Allocation Failure)
[167.982s][info][gc,phases,start] GC(506) Marking Phase
[168.262s][info][gc,phases      ] GC(506) Marking Phase 279.978ms
[168.262s][info][gc,phases,start] GC(506) Summary Phase
[168.262s][info][gc,phases      ] GC(506) Summary Phase 0.030ms
[168.262s][info][gc,phases,start] GC(506) Forward
[168.372s][info][gc,phases      ] GC(506) Forward 110.474ms
[168.373s][info][gc,phases,start] GC(506) Adjust Pointers
[168.612s][info][gc,phases      ] GC(506) Adjust Pointers 239.788ms
[168.612s][info][gc,phases,start] GC(506) Compaction Phase
[168.742s][info][gc,phases      ] GC(506) Compaction Phase 129.841ms
[168.754s][info][gc,phases,start] GC(506) Post Compact
[168.756s][info][gc,phases      ] GC(506) Post Compact 2.437ms
[168.758s][info][gc,heap        ] GC(506) PSYoungGen: 176032K(222720K)->0K(222720K) Eden: 111616K(111616K)->0K(111616K) From: 64416K(111104K)->0K(111104K)
[168.758s][info][gc,heap        ] GC(506) ParOldGen: 644613K(645120K)->386535K(618496K)
[168.758s][info][gc,metaspace   ] GC(506) Metaspace: 18277K(18432K)->18277K(18432K) NonClass: 16448K(16576K)->16448K(16576K) Class: 1828K(1856K)->1828K(1856K)
[168.758s][info][gc             ] GC(506) Pause Full (Allocation Failure) 801M->377M(821M) 776.601ms
[168.758s][info][gc,cpu         ] GC(506) User=1.42s Sys=0.00s Real=0.78s
[168.953s][info][gc,start       ] GC(507) Pause Young (Allocation Failure)
[168.962s][info][gc,heap        ] GC(507) PSYoungGen: 111616K(222720K)->6528K(222720K) Eden: 111616K(111616K)->0K(111616K) From: 0K(111104K)->6528K(111104K)
[168.962s][info][gc,heap        ] GC(507) ParOldGen: 386535K(618496K)->386535K(618496K)
[168.962s][info][gc,metaspace   ] GC(507) Metaspace: 18277K(18432K)->18277K(18432K) NonClass: 16448K(16576K)->16448K(16576K) Class: 1828K(1856K)->1828K(1856K)
[168.962s][info][gc             ] GC(507) Pause Young (Allocation Failure) 486M->383M(821M) 8.869ms
[168.962s][info][gc,cpu         ] GC(507) User=0.02s Sys=0.00s Real=0.00s
[169.323s][info][gc,start       ] GC(508) Pause Young (Allocation Failure)
[169.332s][info][gc,heap        ] GC(508) PSYoungGen: 118144K(222720K)->6592K(222720K) Eden: 111616K(111616K)->0K(111616K) From: 6528K(111104K)->6592K(111104K)
[169.332s][info][gc,heap        ] GC(508) ParOldGen: 386535K(618496K)->386535K(618496K)
[169.332s][info][gc,metaspace   ] GC(508) Metaspace: 18277K(18432K)->18277K(18432K) NonClass: 16448K(16576K)->16448K(16576K) Class: 1828K(1856K)->1828K(1856K)
[169.332s][info][gc             ] GC(508) Pause Young (Allocation Failure) 492M->383M(821M) 9.131ms
[169.332s][info][gc,cpu         ] GC(508) User=0.01s Sys=0.00s Real=0.00s
[169.609s][info][gc,start       ] GC(509) Pause Young (Allocation Failure)
[169.618s][info][gc,heap        ] GC(509) PSYoungGen: 118208K(222720K)->6800K(222720K) Eden: 111616K(111616K)->0K(111616K) From: 6592K(111104K)->6800K(111104K)
[169.618s][info][gc,heap        ] GC(509) ParOldGen: 386535K(618496K)->386535K(618496K)
[169.618s][info][gc,metaspace   ] GC(509) Metaspace: 18277K(18432K)->18277K(18432K) NonClass: 16448K(16576K)->16448K(16576K) Class: 1828K(1856K)->1828K(1856K)
[169.619s][info][gc             ] GC(509) Pause Young (Allocation Failure) 492M->384M(821M) 9.311ms
[169.619s][info][gc,cpu         ] GC(509) User=0.02s Sys=0.00s Real=0.01s
[169.884s][info][gc,start       ] GC(510) Pause Young (Allocation Failure)
[169.893s][info][gc,heap        ] GC(510) PSYoungGen: 118416K(222720K)->6816K(222720K) Eden: 111616K(111616K)->0K(111616K) From: 6800K(111104K)->6816K(111104K)
[169.893s][info][gc,heap        ] GC(510) ParOldGen: 386535K(618496K)->386535K(618496K)
[169.893s][info][gc,metaspace   ] GC(510) Metaspace: 18277K(18432K)->18277K(18432K) NonClass: 16448K(16576K)->16448K(16576K) Class: 1828K(1856K)->1828K(1856K)
[169.893s][info][gc             ] GC(510) Pause Young (Allocation Failure) 493M->384M(821M) 8.842ms
[169.893s][info][gc,cpu         ] GC(510) User=0.02s Sys=0.00s Real=0.01s
[170.125s][info][gc,start       ] GC(511) Pause Young (Allocation Failure)
[170.135s][info][gc,heap        ] GC(511) PSYoungGen: 118432K(222720K)->272K(222720K) Eden: 111616K(111616K)->0K(111616K) From: 6816K(111104K)->272K(111104K)
[170.135s][info][gc,heap        ] GC(511) ParOldGen: 386535K(618496K)->393119K(618496K)
[170.135s][info][gc,metaspace   ] GC(511) Metaspace: 18277K(18432K)->18277K(18432K) NonClass: 16448K(16576K)->16448K(16576K) Class: 1828K(1856K)->1828K(1856K)
[170.135s][info][gc             ] GC(511) Pause Young (Allocation Failure) 493M->384M(821M) 9.988ms
[170.135s][info][gc,cpu         ] GC(511) User=0.02s Sys=0.00s Real=0.01s
[170.438s][info][gc,start       ] GC(512) Pause Young (Allocation Failure)
[170.441s][info][gc,heap        ] GC(512) PSYoungGen: 111888K(222720K)->128K(222720K) Eden: 111616K(111616K)->0K(111616K) From: 272K(111104K)->128K(111104K)
[170.441s][info][gc,heap        ] GC(512) ParOldGen: 393119K(618496K)->393343K(618496K)
[170.441s][info][gc,metaspace   ] GC(512) Metaspace: 18277K(18432K)->18277K(18432K) NonClass: 16448K(16576K)->16448K(16576K) Class: 1828K(1856K)->1828K(1856K)
[170.441s][info][gc             ] GC(512) Pause Young (Allocation Failure) 493M->384M(821M) 2.796ms
[170.441s][info][gc,cpu         ] GC(512) User=0.01s Sys=0.00s Real=0.00s
[170.665s][info][gc,start       ] GC(513) Pause Young (Allocation Failure)
[170.673s][info][gc,heap        ] GC(513) PSYoungGen: 111744K(222720K)->5824K(222720K) Eden: 111616K(111616K)->0K(111616K) From: 128K(111104K)->5824K(111104K)
[170.673s][info][gc,heap        ] GC(513) ParOldGen: 393343K(618496K)->393431K(618496K)
[170.673s][info][gc,metaspace   ] GC(513) Metaspace: 18277K(18432K)->18277K(18432K) NonClass: 16448K(16576K)->16448K(16576K) Class: 1828K(1856K)->1828K(1856K)
[170.673s][info][gc             ] GC(513) Pause Young (Allocation Failure) 493M->389M(821M) 7.940ms
[170.673s][info][gc,cpu         ] GC(513) User=0.02s Sys=0.00s Real=0.01s
[170.752s][info][gc,start       ] GC(514) Pause Young (Allocation Failure)
[170.789s][info][gc,heap        ] GC(514) PSYoungGen: 117440K(222720K)->39936K(222720K) Eden: 111616K(111616K)->0K(111616K) From: 5824K(111104K)->39936K(111104K)
[170.789s][info][gc,heap        ] GC(514) ParOldGen: 393431K(618496K)->399247K(618496K)
[170.789s][info][gc,metaspace   ] GC(514) Metaspace: 18278K(18432K)->18278K(18432K) NonClass: 16450K(16576K)->16450K(16576K) Class: 1828K(1856K)->1828K(1856K)
[170.789s][info][gc             ] GC(514) Pause Young (Allocation Failure) 498M->428M(821M) 37.791ms
[170.789s][info][gc,cpu         ] GC(514) User=0.08s Sys=0.00s Real=0.04s
[170.859s][info][gc,start       ] GC(515) Pause Young (Allocation Failure)
[170.918s][info][gc,heap        ] GC(515) PSYoungGen: 151552K(222720K)->44320K(222720K) Eden: 111616K(111616K)->0K(111616K) From: 39936K(111104K)->44320K(111104K)
[170.918s][info][gc,heap        ] GC(515) ParOldGen: 399247K(618496K)->439656K(618496K)
[170.918s][info][gc,metaspace   ] GC(515) Metaspace: 18278K(18432K)->18278K(18432K) NonClass: 16450K(16576K)->16450K(16576K) Class: 1828K(1856K)->1828K(1856K)
[170.918s][info][gc             ] GC(515) Pause Young (Allocation Failure) 537M->472M(821M) 58.803ms
[170.918s][info][gc,cpu         ] GC(515) User=0.11s Sys=0.00s Real=0.06s
[170.993s][info][gc,start       ] GC(516) Pause Young (Allocation Failure)
[171.056s][info][gc,heap        ] GC(516) PSYoungGen: 155936K(222720K)->43744K(222720K) Eden: 111616K(111616K)->0K(111616K) From: 44320K(111104K)->43744K(111104K)
[171.056s][info][gc,heap        ] GC(516) ParOldGen: 439656K(618496K)->484512K(618496K)
[171.056s][info][gc,metaspace   ] GC(516) Metaspace: 18278K(18432K)->18278K(18432K) NonClass: 16450K(16576K)->16450K(16576K) Class: 1828K(1856K)->1828K(1856K)
[171.056s][info][gc             ] GC(516) Pause Young (Allocation Failure) 581M->515M(821M) 62.907ms
[171.056s][info][gc,cpu         ] GC(516) User=0.12s Sys=0.00s Real=0.06s
[171.350s][info][gc,start       ] GC(517) Pause Young (Allocation Failure)
[171.395s][info][gc,heap        ] GC(517) PSYoungGen: 155360K(222720K)->14624K(222720K) Eden: 111616K(111616K)->0K(111616K) From: 43744K(111104K)->14624K(111104K)
[171.395s][info][gc,heap        ] GC(517) ParOldGen: 484512K(618496K)->528788K(618496K)
[171.395s][info][gc,metaspace   ] GC(517) Metaspace: 18278K(18432K)->18278K(18432K) NonClass: 16450K(16576K)->16450K(16576K) Class: 1828K(1856K)->1828K(1856K)
[171.395s][info][gc             ] GC(517) Pause Young (Allocation Failure) 624M->530M(821M) 44.932ms
[171.395s][info][gc,cpu         ] GC(517) User=0.09s Sys=0.00s Real=0.05s
[171.596s][info][gc,start       ] GC(518) Pause Young (Allocation Failure)
[171.647s][info][gc,heap        ] GC(518) PSYoungGen: 126240K(222720K)->37845K(214528K) Eden: 111616K(111616K)->0K(111616K) From: 14624K(111104K)->37845K(102912K)
[171.647s][info][gc,heap        ] GC(518) ParOldGen: 528788K(618496K)->543524K(618496K)
[171.647s][info][gc,metaspace   ] GC(518) Metaspace: 18278K(18432K)->18278K(18432K) NonClass: 16450K(16576K)->16450K(16576K) Class: 1828K(1856K)->1828K(1856K)
[171.647s][info][gc             ] GC(518) Pause Young (Allocation Failure) 639M->567M(813M) 51.049ms
[171.647s][info][gc,cpu         ] GC(518) User=0.10s Sys=0.00s Real=0.05s
[171.755s][info][gc,start       ] GC(519) Pause Young (Allocation Failure)
[171.805s][info][gc,heap        ] GC(519) PSYoungGen: 149461K(214528K)->66614K(218624K) Eden: 111616K(111616K)->0K(111616K) From: 37845K(102912K)->66614K(107008K)
[171.805s][info][gc,heap        ] GC(519) ParOldGen: 543524K(618496K)->543524K(618496K)
[171.805s][info][gc,metaspace   ] GC(519) Metaspace: 18278K(18432K)->18278K(18432K) NonClass: 16450K(16576K)->16450K(16576K) Class: 1828K(1856K)->1828K(1856K)
[171.805s][info][gc             ] GC(519) Pause Young (Allocation Failure) 676M->595M(817M) 50.895ms
[171.806s][info][gc,cpu         ] GC(519) User=0.10s Sys=0.00s Real=0.05s
[171.906s][info][gc,start       ] GC(520) Pause Young (Allocation Failure)
[171.971s][info][gc,heap        ] GC(520) PSYoungGen: 178230K(218624K)->4416K(223744K) Eden: 111616K(111616K)->0K(112640K) From: 66614K(107008K)->4416K(111104K)
[171.971s][info][gc,heap        ] GC(520) ParOldGen: 543524K(618496K)->610799K(618496K)
[171.971s][info][gc,metaspace   ] GC(520) Metaspace: 18278K(18432K)->18278K(18432K) NonClass: 16450K(16576K)->16450K(16576K) Class: 1828K(1856K)->1828K(1856K)
[171.971s][info][gc             ] GC(520) Pause Young (Allocation Failure) 704M->600M(822M) 64.870ms
[171.971s][info][gc,cpu         ] GC(520) User=0.13s Sys=0.00s Real=0.06s
[172.107s][info][gc,start       ] GC(521) Pause Full (Allocation Failure)
[172.107s][info][gc,phases,start] GC(521) Marking Phase
[172.420s][info][gc,phases      ] GC(521) Marking Phase 313.063ms
[172.420s][info][gc,phases,start] GC(521) Summary Phase
[172.421s][info][gc,phases      ] GC(521) Summary Phase 0.030ms
[172.421s][info][gc,phases,start] GC(521) Forward
[172.517s][info][gc,phases      ] GC(521) Forward 95.997ms
[172.517s][info][gc,phases,start] GC(521) Adjust Pointers
[172.757s][info][gc,phases      ] GC(521) Adjust Pointers 240.104ms
[172.757s][info][gc,phases,start] GC(521) Compaction Phase
[172.896s][info][gc,phases      ] GC(521) Compaction Phase 139.345ms
[172.903s][info][gc,phases,start] GC(521) Post Compact
[172.906s][info][gc,phases      ] GC(521) Post Compact 2.173ms
[172.906s][info][gc,heap        ] GC(521) PSYoungGen: 117056K(223744K)->0K(222720K) Eden: 112640K(112640K)->0K(112640K) From: 4416K(111104K)->0K(110080K)
[172.906s][info][gc,heap        ] GC(521) ParOldGen: 610799K(618496K)->466310K(667648K)
[172.906s][info][gc,metaspace   ] GC(521) Metaspace: 18278K(18432K)->18278K(18432K) NonClass: 16450K(16576K)->16450K(16576K) Class: 1828K(1856K)->1828K(1856K)
[172.906s][info][gc             ] GC(521) Pause Full (Allocation Failure) 710M->455M(869M) 798.515ms
[172.906s][info][gc,cpu         ] GC(521) User=1.52s Sys=0.00s Real=0.80s
[173.053s][info][gc,start       ] GC(522) Pause Young (Allocation Failure)
[173.092s][info][gc,heap        ] GC(522) PSYoungGen: 112640K(222720K)->22944K(213504K) Eden: 112640K(112640K)->0K(113664K) From: 0K(110080K)->22944K(99840K)
[173.092s][info][gc,heap        ] GC(522) ParOldGen: 466310K(667648K)->466310K(667648K)
[173.092s][info][gc,metaspace   ] GC(522) Metaspace: 18278K(18432K)->18278K(18432K) NonClass: 16450K(16576K)->16450K(16576K) Class: 1828K(1856K)->1828K(1856K)
[173.092s][info][gc             ] GC(522) Pause Young (Allocation Failure) 565M->477M(860M) 38.773ms
[173.092s][info][gc,cpu         ] GC(522) User=0.08s Sys=0.00s Real=0.03s
[173.235s][info][gc,start       ] GC(523) Pause Young (Allocation Failure)
[173.270s][info][gc,heap        ] GC(523) PSYoungGen: 136608K(213504K)->22944K(218112K) Eden: 113664K(113664K)->0K(113664K) From: 22944K(99840K)->22944K(104448K)
[173.270s][info][gc,heap        ] GC(523) ParOldGen: 466310K(667648K)->466310K(667648K)
[173.270s][info][gc,metaspace   ] GC(523) Metaspace: 18278K(18432K)->18278K(18432K) NonClass: 16450K(16576K)->16450K(16576K) Class: 1828K(1856K)->1828K(1856K)
[173.270s][info][gc             ] GC(523) Pause Young (Allocation Failure) 588M->477M(865M) 34.916ms
[173.270s][info][gc,cpu         ] GC(523) User=0.07s Sys=0.00s Real=0.03s
[173.409s][info][gc,start       ] GC(524) Pause Young (Allocation Failure)
[173.445s][info][gc,heap        ] GC(524) PSYoungGen: 136608K(218112K)->22912K(209920K) Eden: 113664K(113664K)->0K(121344K) From: 22944K(104448K)->22912K(88576K)
[173.445s][info][gc,heap        ] GC(524) ParOldGen: 466310K(667648K)->466310K(667648K)
[173.445s][info][gc,metaspace   ] GC(524) Metaspace: 18278K(18432K)->18278K(18432K) NonClass: 16450K(16576K)->16450K(16576K) Class: 1828K(1856K)->1828K(1856K)
[173.445s][info][gc             ] GC(524) Pause Young (Allocation Failure) 588M->477M(857M) 35.934ms
[173.445s][info][gc,cpu         ] GC(524) User=0.07s Sys=0.00s Real=0.04s
[173.595s][info][gc,start       ] GC(525) Pause Young (Allocation Failure)
[173.630s][info][gc,heap        ] GC(525) PSYoungGen: 144256K(209920K)->22912K(215552K) Eden: 121344K(121344K)->0K(121344K) From: 22912K(88576K)->22912K(94208K)
[173.630s][info][gc,heap        ] GC(525) ParOldGen: 466310K(667648K)->466310K(667648K)
[173.630s][info][gc,metaspace   ] GC(525) Metaspace: 18278K(18432K)->18278K(18432K) NonClass: 16450K(16576K)->16450K(16576K) Class: 1828K(1856K)->1828K(1856K)
[173.630s][info][gc             ] GC(525) Pause Young (Allocation Failure) 596M->477M(862M) 35.117ms
[173.630s][info][gc,cpu         ] GC(525) User=0.07s Sys=0.00s Real=0.03s
[173.778s][info][gc,start       ] GC(526) Pause Young (Allocation Failure)
[173.815s][info][gc,heap        ] GC(526) PSYoungGen: 144256K(215552K)->22944K(209920K) Eden: 121344K(121344K)->0K(129536K) From: 22912K(94208K)->22944K(80384K)
[173.815s][info][gc,heap        ] GC(526) ParOldGen: 466310K(667648K)->466310K(667648K)
[173.815s][info][gc,metaspace   ] GC(526) Metaspace: 18278K(18432K)->18278K(18432K) NonClass: 16450K(16576K)->16450K(16576K) Class: 1828K(1856K)->1828K(1856K)
[173.815s][info][gc             ] GC(526) Pause Young (Allocation Failure) 596M->477M(857M) 36.245ms
[173.815s][info][gc,cpu         ] GC(526) User=0.07s Sys=0.01s Real=0.04s
[173.976s][info][gc,start       ] GC(527) Pause Young (Allocation Failure)
[174.011s][info][gc,heap        ] GC(527) PSYoungGen: 152480K(209920K)->22944K(214528K) Eden: 129536K(129536K)->0K(129536K) From: 22944K(80384K)->22944K(84992K)
[174.011s][info][gc,heap        ] GC(527) ParOldGen: 466310K(667648K)->466310K(667648K)
[174.011s][info][gc,metaspace   ] GC(527) Metaspace: 18278K(18432K)->18278K(18432K) NonClass: 16450K(16576K)->16450K(16576K) Class: 1828K(1856K)->1828K(1856K)
[174.011s][info][gc             ] GC(527) Pause Young (Allocation Failure) 604M->477M(861M) 35.430ms
[174.011s][info][gc,cpu         ] GC(527) User=0.07s Sys=0.00s Real=0.03s
[174.169s][info][gc,start       ] GC(528) Pause Young (Allocation Failure)
[174.205s][info][gc,heap        ] GC(528) PSYoungGen: 152480K(214528K)->22944K(209920K) Eden: 129536K(129536K)->0K(137728K) From: 22944K(84992K)->22944K(72192K)
[174.206s][info][gc,heap        ] GC(528) ParOldGen: 466310K(667648K)->466310K(667648K)
[174.206s][info][gc,metaspace   ] GC(528) Metaspace: 18278K(18432K)->18278K(18432K) NonClass: 16450K(16576K)->16450K(16576K) Class: 1828K(1856K)->1828K(1856K)
[174.206s][info][gc             ] GC(528) Pause Young (Allocation Failure) 604M->477M(857M) 36.214ms
[174.206s][info][gc,cpu         ] GC(528) User=0.07s Sys=0.00s Real=0.04s
[174.378s][info][gc,start       ] GC(529) Pause Young (Allocation Failure)
[174.413s][info][gc,heap        ] GC(529) PSYoungGen: 160672K(209920K)->22912K(214528K) Eden: 137728K(137728K)->0K(137728K) From: 22944K(72192K)->22912K(76800K)
[174.413s][info][gc,heap        ] GC(529) ParOldGen: 466310K(667648K)->466310K(667648K)
[174.413s][info][gc,metaspace   ] GC(529) Metaspace: 18278K(18432K)->18278K(18432K) NonClass: 16450K(16576K)->16450K(16576K) Class: 1828K(1856K)->1828K(1856K)
[174.413s][info][gc             ] GC(529) Pause Young (Allocation Failure) 612M->477M(861M) 34.913ms
[174.413s][info][gc,cpu         ] GC(529) User=0.07s Sys=0.00s Real=0.04s
[174.582s][info][gc,start       ] GC(530) Pause Young (Allocation Failure)
[174.618s][info][gc,heap        ] GC(530) PSYoungGen: 160640K(214528K)->22944K(212480K) Eden: 137728K(137728K)->0K(146432K) From: 22912K(76800K)->22944K(66048K)
[174.618s][info][gc,heap        ] GC(530) ParOldGen: 466310K(667648K)->466310K(667648K)
[174.618s][info][gc,metaspace   ] GC(530) Metaspace: 18278K(18432K)->18278K(18432K) NonClass: 16450K(16576K)->16450K(16576K) Class: 1828K(1856K)->1828K(1856K)
[174.618s][info][gc             ] GC(530) Pause Young (Allocation Failure) 612M->477M(859M) 35.857ms
[174.618s][info][gc,cpu         ] GC(530) User=0.07s Sys=0.00s Real=0.03s
[174.770s][info][gc,start       ] GC(531) Pause Young (Allocation Failure)
[174.823s][info][gc,heap        ] GC(531) PSYoungGen: 169376K(212480K)->38464K(216064K) Eden: 146432K(146432K)->0K(146432K) From: 22944K(66048K)->38464K(69632K)
[174.823s][info][gc,heap        ] GC(531) ParOldGen: 466310K(667648K)->466310K(667648K)
[174.823s][info][gc,metaspace   ] GC(531) Metaspace: 18278K(18432K)->18278K(18432K) NonClass: 16450K(16576K)->16450K(16576K) Class: 1828K(1856K)->1828K(1856K)
[174.823s][info][gc             ] GC(531) Pause Young (Allocation Failure) 620M->492M(863M) 52.810ms
[174.823s][info][gc,cpu         ] GC(531) User=0.10s Sys=0.00s Real=0.06s
[174.956s][info][gc,start       ] GC(532) Pause Young (Allocation Failure)
[175.023s][info][gc,heap        ] GC(532) PSYoungGen: 184896K(216064K)->53344K(220160K) Eden: 146432K(146432K)->0K(151040K) From: 38464K(69632K)->53344K(69120K)
[175.023s][info][gc,heap        ] GC(532) ParOldGen: 466310K(667648K)->466310K(667648K)
[175.023s][info][gc,metaspace   ] GC(532) Metaspace: 18278K(18432K)->18278K(18432K) NonClass: 16450K(16576K)->16450K(16576K) Class: 1828K(1856K)->1828K(1856K)
[175.023s][info][gc             ] GC(532) Pause Young (Allocation Failure) 635M->507M(867M) 66.718ms
[175.023s][info][gc,cpu         ] GC(532) User=0.13s Sys=0.00s Real=0.07s
[175.146s][info][gc,start       ] GC(533) Pause Young (Allocation Failure)
[175.215s][info][gc,heap        ] GC(533) PSYoungGen: 204384K(220160K)->56512K(225280K) Eden: 151040K(151040K)->0K(151040K) From: 53344K(69120K)->56512K(74240K)
[175.215s][info][gc,heap        ] GC(533) ParOldGen: 466310K(667648K)->466310K(667648K)
[175.215s][info][gc,metaspace   ] GC(533) Metaspace: 18278K(18432K)->18278K(18432K) NonClass: 16450K(16576K)->16450K(16576K) Class: 1828K(1856K)->1828K(1856K)
[175.215s][info][gc             ] GC(533) Pause Young (Allocation Failure) 654M->510M(872M) 69.375ms
[175.215s][info][gc,cpu         ] GC(533) User=0.14s Sys=0.00s Real=0.07s
[175.341s][info][gc,start       ] GC(534) Pause Young (Allocation Failure)
[175.420s][info][gc,heap        ] GC(534) PSYoungGen: 207552K(225280K)->58176K(237568K) Eden: 151040K(151040K)->0K(158208K) From: 56512K(74240K)->58176K(79360K)
[175.420s][info][gc,heap        ] GC(534) ParOldGen: 466310K(667648K)->466310K(667648K)
[175.421s][info][gc,metaspace   ] GC(534) Metaspace: 18278K(18432K)->18278K(18432K) NonClass: 16450K(16576K)->16450K(16576K) Class: 1828K(1856K)->1828K(1856K)
[175.421s][info][gc             ] GC(534) Pause Young (Allocation Failure) 658M->512M(884M) 79.832ms
[175.421s][info][gc,cpu         ] GC(534) User=0.14s Sys=0.01s Real=0.08s
[175.593s][info][gc,start       ] GC(535) Pause Young (Allocation Failure)
[175.670s][info][gc,heap        ] GC(535) PSYoungGen: 216384K(237568K)->64800K(242176K) Eden: 158208K(158208K)->0K(158208K) From: 58176K(79360K)->64800K(83968K)
[175.670s][info][gc,heap        ] GC(535) ParOldGen: 466310K(667648K)->466310K(667648K)
[175.670s][info][gc,metaspace   ] GC(535) Metaspace: 18278K(18432K)->18278K(18432K) NonClass: 16450K(16576K)->16450K(16576K) Class: 1828K(1856K)->1828K(1856K)
[175.670s][info][gc             ] GC(535) Pause Young (Allocation Failure) 666M->518M(888M) 77.057ms
[175.670s][info][gc,cpu         ] GC(535) User=0.16s Sys=0.00s Real=0.07s
[175.934s][info][gc,start       ] GC(536) Pause Young (Allocation Failure)
[176.018s][info][gc,heap        ] GC(536) PSYoungGen: 223008K(242176K)->66912K(232960K) Eden: 158208K(158208K)->0K(143360K) From: 64800K(83968K)->66912K(89600K)
[176.019s][info][gc,heap        ] GC(536) ParOldGen: 466310K(667648K)->466310K(667648K)
[176.019s][info][gc,metaspace   ] GC(536) Metaspace: 18278K(18432K)->18278K(18432K) NonClass: 16450K(16576K)->16450K(16576K) Class: 1828K(1856K)->1828K(1856K)
[176.019s][info][gc             ] GC(536) Pause Young (Allocation Failure) 673M->520M(879M) 85.052ms
[176.019s][info][gc,cpu         ] GC(536) User=0.15s Sys=0.02s Real=0.08s
[176.287s][info][gc,start       ] GC(537) Pause Young (Allocation Failure)
[176.368s][info][gc,heap        ] GC(537) PSYoungGen: 210272K(232960K)->44128K(238592K) Eden: 143360K(143360K)->0K(143360K) From: 66912K(89600K)->44128K(95232K)
[176.368s][info][gc,heap        ] GC(537) ParOldGen: 466310K(667648K)->489286K(667648K)
[176.368s][info][gc,metaspace   ] GC(537) Metaspace: 18278K(18432K)->18278K(18432K) NonClass: 16450K(16576K)->16450K(16576K) Class: 1828K(1856K)->1828K(1856K)
[176.368s][info][gc             ] GC(537) Pause Young (Allocation Failure) 660M->520M(885M) 80.714ms
[176.368s][info][gc,cpu         ] GC(537) User=0.16s Sys=0.00s Real=0.08s
[176.651s][info][gc,start       ] GC(538) Pause Young (Allocation Failure)
[176.698s][info][gc,heap        ] GC(538) PSYoungGen: 187488K(238592K)->44160K(229376K) Eden: 143360K(143360K)->0K(147968K) From: 44128K(95232K)->44160K(81408K)
[176.698s][info][gc,heap        ] GC(538) ParOldGen: 489286K(667648K)->489286K(667648K)
[176.698s][info][gc,metaspace   ] GC(538) Metaspace: 18278K(18432K)->18278K(18432K) NonClass: 16450K(16576K)->16450K(16576K) Class: 1828K(1856K)->1828K(1856K)
[176.698s][info][gc             ] GC(538) Pause Young (Allocation Failure) 660M->520M(876M) 46.832ms
[176.698s][info][gc,cpu         ] GC(538) User=0.09s Sys=0.00s Real=0.05s
[176.951s][info][gc,start       ] GC(539) Pause Young (Allocation Failure)
[176.998s][info][gc,heap        ] GC(539) PSYoungGen: 192128K(229376K)->44160K(234496K) Eden: 147968K(147968K)->0K(147968K) From: 44160K(81408K)->44160K(86528K)
[176.998s][info][gc,heap        ] GC(539) ParOldGen: 489286K(667648K)->489286K(667648K)
[176.998s][info][gc,metaspace   ] GC(539) Metaspace: 18278K(18432K)->18278K(18432K) NonClass: 16450K(16576K)->16450K(16576K) Class: 1828K(1856K)->1828K(1856K)
[176.998s][info][gc             ] GC(539) Pause Young (Allocation Failure) 665M->520M(881M) 47.477ms
[176.998s][info][gc,cpu         ] GC(539) User=0.09s Sys=0.00s Real=0.05s
[177.213s][info][gc,start       ] GC(540) Pause Young (Allocation Failure)
[177.273s][info][gc,heap        ] GC(540) PSYoungGen: 192128K(234496K)->58176K(239616K) Eden: 147968K(147968K)->0K(156672K) From: 44160K(86528K)->58176K(82944K)
[177.273s][info][gc,heap        ] GC(540) ParOldGen: 489286K(667648K)->489286K(667648K)
[177.273s][info][gc,metaspace   ] GC(540) Metaspace: 18278K(18432K)->18278K(18432K) NonClass: 16450K(16576K)->16450K(16576K) Class: 1828K(1856K)->1828K(1856K)
[177.273s][info][gc             ] GC(540) Pause Young (Allocation Failure) 665M->534M(886M) 60.118ms
[177.273s][info][gc,cpu         ] GC(540) User=0.12s Sys=0.00s Real=0.06s
[177.432s][info][gc,start       ] GC(541) Pause Young (Allocation Failure)
[177.493s][info][gc,heap        ] GC(541) PSYoungGen: 214848K(239616K)->58176K(241152K) Eden: 156672K(156672K)->0K(156672K) From: 58176K(82944K)->58176K(84480K)
[177.493s][info][gc,heap        ] GC(541) ParOldGen: 489286K(667648K)->489286K(667648K)
[177.493s][info][gc,metaspace   ] GC(541) Metaspace: 18278K(18432K)->18278K(18432K) NonClass: 16450K(16576K)->16450K(16576K) Class: 1828K(1856K)->1828K(1856K)
[177.493s][info][gc             ] GC(541) Pause Young (Allocation Failure) 687M->534M(887M) 61.022ms
[177.493s][info][gc,cpu         ] GC(541) User=0.12s Sys=0.00s Real=0.06s
[177.621s][info][gc,start       ] GC(542) Pause Young (Allocation Failure)
[177.729s][info][gc,heap        ] GC(542) PSYoungGen: 214848K(241152K)->85984K(212992K) Eden: 156672K(156672K)->0K(126976K) From: 58176K(84480K)->85984K(86016K)
[177.729s][info][gc,heap        ] GC(542) ParOldGen: 489286K(667648K)->506926K(667648K)
[177.729s][info][gc,metaspace   ] GC(542) Metaspace: 18278K(18432K)->18278K(18432K) NonClass: 16450K(16576K)->16450K(16576K) Class: 1828K(1856K)->1828K(1856K)
[177.729s][info][gc             ] GC(542) Pause Young (Allocation Failure) 687M->579M(860M) 107.581ms
[177.729s][info][gc,cpu         ] GC(542) User=0.19s Sys=0.02s Real=0.11s
[177.933s][info][gc,start       ] GC(543) Pause Young (Allocation Failure)
[178.028s][info][gc,heap        ] GC(543) PSYoungGen: 212960K(212992K)->99040K(226304K) Eden: 126976K(126976K)->0K(126976K) From: 85984K(86016K)->99040K(99328K)
[178.028s][info][gc,heap        ] GC(543) ParOldGen: 506926K(667648K)->506926K(667648K)
[178.028s][info][gc,metaspace   ] GC(543) Metaspace: 18278K(18432K)->18278K(18432K) NonClass: 16450K(16576K)->16450K(16576K) Class: 1828K(1856K)->1828K(1856K)
[178.028s][info][gc             ] GC(543) Pause Young (Allocation Failure) 703M->591M(873M) 95.106ms
[178.028s][info][gc,cpu         ] GC(543) User=0.19s Sys=0.00s Real=0.09s
[178.203s][info][gc,start       ] GC(544) Pause Young (Allocation Failure)
[178.321s][info][gc,heap        ] GC(544) PSYoungGen: 226016K(226304K)->96864K(219136K) Eden: 126976K(126976K)->0K(111616K) From: 99040K(99328K)->96864K(107520K)
[178.321s][info][gc,heap        ] GC(544) ParOldGen: 506926K(667648K)->522518K(667648K)
[178.321s][info][gc,metaspace   ] GC(544) Metaspace: 18279K(18432K)->18279K(18432K) NonClass: 16450K(16576K)->16450K(16576K) Class: 1828K(1856K)->1828K(1856K)
[178.321s][info][gc             ] GC(544) Pause Young (Allocation Failure) 715M->604M(866M) 118.714ms
[178.321s][info][gc,cpu         ] GC(544) User=0.24s Sys=0.00s Real=0.11s
[178.471s][info][gc,start       ] GC(545) Pause Young (Allocation Failure)
[178.573s][info][gc,heap        ] GC(545) PSYoungGen: 208480K(219136K)->78816K(222720K) Eden: 111616K(111616K)->0K(111616K) From: 96864K(107520K)->78816K(111104K)
[178.573s][info][gc,heap        ] GC(545) ParOldGen: 522518K(667648K)->540630K(667648K)
[178.573s][info][gc,metaspace   ] GC(545) Metaspace: 18279K(18432K)->18279K(18432K) NonClass: 16450K(16576K)->16450K(16576K) Class: 1828K(1856K)->1828K(1856K)
[178.573s][info][gc             ] GC(545) Pause Young (Allocation Failure) 713M->604M(869M) 102.867ms
[178.573s][info][gc,cpu         ] GC(545) User=0.21s Sys=0.00s Real=0.11s
[178.721s][info][gc,start       ] GC(546) Pause Young (Allocation Failure)
[178.808s][info][gc,heap        ] GC(546) PSYoungGen: 190432K(222720K)->70592K(222720K) Eden: 111616K(111616K)->0K(111616K) From: 78816K(111104K)->70592K(111104K)
[178.808s][info][gc,heap        ] GC(546) ParOldGen: 540630K(667648K)->548910K(667648K)
[178.808s][info][gc,metaspace   ] GC(546) Metaspace: 18279K(18432K)->18279K(18432K) NonClass: 16450K(16576K)->16450K(16576K) Class: 1828K(1856K)->1828K(1856K)
[178.808s][info][gc             ] GC(546) Pause Young (Allocation Failure) 713M->604M(869M) 87.217ms
[178.808s][info][gc,cpu         ] GC(546) User=0.17s Sys=0.00s Real=0.09s
[178.956s][info][gc,start       ] GC(547) Pause Young (Allocation Failure)
[179.033s][info][gc,heap        ] GC(547) PSYoungGen: 182208K(222720K)->68320K(222720K) Eden: 111616K(111616K)->0K(111616K) From: 70592K(111104K)->68320K(111104K)
[179.033s][info][gc,heap        ] GC(547) ParOldGen: 548910K(667648K)->551179K(667648K)
[179.033s][info][gc,metaspace   ] GC(547) Metaspace: 18279K(18432K)->18279K(18432K) NonClass: 16450K(16576K)->16450K(16576K) Class: 1828K(1856K)->1828K(1856K)
[179.033s][info][gc             ] GC(547) Pause Young (Allocation Failure) 713M->604M(869M) 77.300ms
[179.033s][info][gc,cpu         ] GC(547) User=0.15s Sys=0.00s Real=0.08s
[179.182s][info][gc,start       ] GC(548) Pause Young (Allocation Failure)
[179.257s][info][gc,heap        ] GC(548) PSYoungGen: 179936K(222720K)->68256K(222720K) Eden: 111616K(111616K)->0K(111616K) From: 68320K(111104K)->68256K(111104K)
[179.257s][info][gc,heap        ] GC(548) ParOldGen: 551179K(667648K)->551235K(667648K)
[179.257s][info][gc,metaspace   ] GC(548) Metaspace: 18279K(18432K)->18279K(18432K) NonClass: 16450K(16576K)->16450K(16576K) Class: 1828K(1856K)->1828K(1856K)
[179.257s][info][gc             ] GC(548) Pause Young (Allocation Failure) 713M->604M(869M) 75.004ms
[179.257s][info][gc,cpu         ] GC(548) User=0.15s Sys=0.00s Real=0.07s
[179.409s][info][gc,start       ] GC(549) Pause Young (Allocation Failure)
[179.482s][info][gc,heap        ] GC(549) PSYoungGen: 179872K(222720K)->54272K(222720K) Eden: 111616K(111616K)->0K(111616K) From: 68256K(111104K)->54272K(111104K)
[179.482s][info][gc,heap        ] GC(549) ParOldGen: 551235K(667648K)->565299K(667648K)
[179.482s][info][gc,metaspace   ] GC(549) Metaspace: 18279K(18432K)->18279K(18432K) NonClass: 16450K(16576K)->16450K(16576K) Class: 1828K(1856K)->1828K(1856K)
[179.482s][info][gc             ] GC(549) Pause Young (Allocation Failure) 713M->605M(869M) 73.800ms
[179.482s][info][gc,cpu         ] GC(549) User=0.15s Sys=0.00s Real=0.08s
[179.631s][info][gc,start       ] GC(550) Pause Young (Allocation Failure)
[179.687s][info][gc,heap        ] GC(550) PSYoungGen: 165888K(222720K)->54272K(216576K) Eden: 111616K(111616K)->0K(111616K) From: 54272K(111104K)->54272K(104960K)
[179.687s][info][gc,heap        ] GC(550) ParOldGen: 565299K(667648K)->565299K(667648K)
[179.687s][info][gc,metaspace   ] GC(550) Metaspace: 18279K(18432K)->18279K(18432K) NonClass: 16450K(16576K)->16450K(16576K) Class: 1828K(1856K)->1828K(1856K)
[179.687s][info][gc             ] GC(550) Pause Young (Allocation Failure) 714M->605M(863M) 56.002ms
[179.687s][info][gc,cpu         ] GC(550) User=0.11s Sys=0.00s Real=0.06s
[179.835s][info][gc,start       ] GC(551) Pause Young (Allocation Failure)
[179.890s][info][gc,heap        ] GC(551) PSYoungGen: 165888K(216576K)->54272K(219648K) Eden: 111616K(111616K)->0K(111616K) From: 54272K(104960K)->54272K(108032K)
[179.890s][info][gc,heap        ] GC(551) ParOldGen: 565299K(667648K)->565299K(667648K)
[179.890s][info][gc,metaspace   ] GC(551) Metaspace: 18279K(18432K)->18279K(18432K) NonClass: 16450K(16576K)->16450K(16576K) Class: 1828K(1856K)->1828K(1856K)
[179.890s][info][gc             ] GC(551) Pause Young (Allocation Failure) 714M->605M(866M) 55.024ms
[179.890s][info][gc,cpu         ] GC(551) User=0.11s Sys=0.00s Real=0.05s
[180.040s][info][gc,start       ] GC(552) Pause Young (Allocation Failure)
[180.096s][info][gc,heap        ] GC(552) PSYoungGen: 165888K(219648K)->54272K(218624K) Eden: 111616K(111616K)->0K(120832K) From: 54272K(108032K)->54272K(97792K)
[180.096s][info][gc,heap        ] GC(552) ParOldGen: 565299K(667648K)->565299K(667648K)
[180.096s][info][gc,metaspace   ] GC(552) Metaspace: 18279K(18432K)->18279K(18432K) NonClass: 16450K(16576K)->16450K(16576K) Class: 1828K(1856K)->1828K(1856K)
[180.096s][info][gc             ] GC(552) Pause Young (Allocation Failure) 714M->605M(865M) 55.964ms
[180.096s][info][gc,cpu         ] GC(552) User=0.11s Sys=0.00s Real=0.06s
[180.257s][info][gc,start       ] GC(553) Pause Young (Allocation Failure)
[180.312s][info][gc,heap        ] GC(553) PSYoungGen: 175104K(218624K)->54272K(222208K) Eden: 120832K(120832K)->0K(120832K) From: 54272K(97792K)->54272K(101376K)
[180.312s][info][gc,heap        ] GC(553) ParOldGen: 565299K(667648K)->565299K(667648K)
[180.312s][info][gc,metaspace   ] GC(553) Metaspace: 18279K(18432K)->18279K(18432K) NonClass: 16450K(16576K)->16450K(16576K) Class: 1828K(1856K)->1828K(1856K)
[180.312s][info][gc             ] GC(553) Pause Young (Allocation Failure) 723M->605M(869M) 55.146ms
[180.312s][info][gc,cpu         ] GC(553) User=0.11s Sys=0.00s Real=0.05s
[180.411s][info][gc,start       ] GC(554) Pause Young (Allocation Failure)
[180.511s][info][gc,heap        ] GC(554) PSYoungGen: 175104K(222208K)->87584K(222720K) Eden: 120832K(120832K)->0K(123904K) From: 54272K(101376K)->87584K(98816K)
[180.512s][info][gc,heap        ] GC(554) ParOldGen: 565299K(667648K)->565299K(667648K)
[180.512s][info][gc,metaspace   ] GC(554) Metaspace: 18279K(18432K)->18279K(18432K) NonClass: 16450K(16576K)->16450K(16576K) Class: 1828K(1856K)->1828K(1856K)
[180.512s][info][gc             ] GC(554) Pause Young (Allocation Failure) 723M->637M(869M) 100.740ms
[180.512s][info][gc,cpu         ] GC(554) User=0.20s Sys=0.00s Real=0.10s
[180.614s][info][gc,start       ] GC(555) Pause Young (Allocation Failure)
[180.733s][info][gc,heap        ] GC(555) PSYoungGen: 211488K(222720K)->104928K(228864K) Eden: 123904K(123904K)->0K(123904K) From: 87584K(98816K)->104928K(104960K)
[180.733s][info][gc,heap        ] GC(555) ParOldGen: 565299K(667648K)->569923K(667648K)
[180.733s][info][gc,metaspace   ] GC(555) Metaspace: 18279K(18432K)->18279K(18432K) NonClass: 16450K(16576K)->16450K(16576K) Class: 1828K(1856K)->1828K(1856K)
[180.733s][info][gc             ] GC(555) Pause Young (Allocation Failure) 758M->659M(875M) 119.307ms
[180.734s][info][gc,cpu         ] GC(555) User=0.23s Sys=0.00s Real=0.12s
[180.798s][info][gc,start       ] GC(556) Pause Young (Allocation Failure)
[180.931s][info][gc,heap        ] GC(556) PSYoungGen: 228832K(228864K)->80640K(216576K) Eden: 123904K(123904K)->0K(111616K) From: 104928K(104960K)->80640K(104960K)
[180.931s][info][gc,heap        ] GC(556) ParOldGen: 569923K(667648K)->611018K(667648K)
[180.931s][info][gc,metaspace   ] GC(556) Metaspace: 18279K(18432K)->18279K(18432K) NonClass: 16450K(16576K)->16450K(16576K) Class: 1828K(1856K)->1828K(1856K)
[180.931s][info][gc             ] GC(556) Pause Young (Allocation Failure) 780M->675M(863M) 132.584ms
[180.931s][info][gc,cpu         ] GC(556) User=0.26s Sys=0.00s Real=0.13s
[181.018s][info][gc,start       ] GC(557) Pause Young (Allocation Failure)
[181.122s][info][gc,heap        ] GC(557) PSYoungGen: 192256K(216576K)->72672K(222720K) Eden: 111616K(111616K)->0K(111616K) From: 80640K(104960K)->72672K(111104K)
[181.122s][info][gc,heap        ] GC(557) ParOldGen: 611018K(667648K)->624371K(667648K)
[181.122s][info][gc,metaspace   ] GC(557) Metaspace: 18279K(18432K)->18279K(18432K) NonClass: 16450K(16576K)->16450K(16576K) Class: 1828K(1856K)->1828K(1856K)
[181.122s][info][gc             ] GC(557) Pause Young (Allocation Failure) 784M->680M(869M) 103.603ms
[181.122s][info][gc,cpu         ] GC(557) User=0.20s Sys=0.00s Real=0.10s
[181.204s][info][gc,start       ] GC(558) Pause Full (Allocation Failure)
[181.205s][info][gc,phases,start] GC(558) Marking Phase
[181.625s][info][gc,phases      ] GC(558) Marking Phase 420.008ms
[181.625s][info][gc,phases,start] GC(558) Summary Phase
[181.625s][info][gc,phases      ] GC(558) Summary Phase 0.031ms
[181.625s][info][gc,phases,start] GC(558) Forward
[181.668s][info][gc,phases      ] GC(558) Forward 43.747ms
[181.668s][info][gc,phases,start] GC(558) Adjust Pointers
[182.001s][info][gc,phases      ] GC(558) Adjust Pointers 332.140ms
[182.001s][info][gc,phases,start] GC(558) Compaction Phase
[182.157s][info][gc,phases      ] GC(558) Compaction Phase 156.795ms
[182.160s][info][gc,phases,start] GC(558) Post Compact
[182.163s][info][gc,phases      ] GC(558) Post Compact 2.396ms
[182.163s][info][gc,heap        ] GC(558) PSYoungGen: 184288K(222720K)->0K(222720K) Eden: 111616K(111616K)->0K(111616K) From: 72672K(111104K)->0K(111104K)
[182.163s][info][gc,heap        ] GC(558) ParOldGen: 624371K(667648K)->580955K(667648K)
[182.163s][info][gc,metaspace   ] GC(558) Metaspace: 18279K(18432K)->18279K(18432K) NonClass: 16450K(16576K)->16450K(16576K) Class: 1828K(1856K)->1828K(1856K)
[182.163s][info][gc             ] GC(558) Pause Full (Allocation Failure) 789M->567M(869M) 958.397ms
[182.163s][info][gc,cpu         ] GC(558) User=1.88s Sys=0.00s Real=0.96s
[182.265s][info][gc,start       ] GC(559) Pause Young (Allocation Failure)
[182.280s][info][gc,heap        ] GC(559) PSYoungGen: 111616K(222720K)->6944K(222720K) Eden: 111616K(111616K)->0K(111616K) From: 0K(111104K)->6944K(111104K)
[182.280s][info][gc,heap        ] GC(559) ParOldGen: 580955K(667648K)->580955K(667648K)
[182.280s][info][gc,metaspace   ] GC(559) Metaspace: 18279K(18432K)->18279K(18432K) NonClass: 16450K(16576K)->16450K(16576K) Class: 1828K(1856K)->1828K(1856K)
[182.280s][info][gc             ] GC(559) Pause Young (Allocation Failure) 676M->574M(869M) 15.113ms
[182.280s][info][gc,cpu         ] GC(559) User=0.03s Sys=0.00s Real=0.01s
[182.366s][info][gc,start       ] GC(560) Pause Young (Allocation Failure)
[182.391s][info][gc,heap        ] GC(560) PSYoungGen: 118560K(222720K)->16448K(222720K) Eden: 111616K(111616K)->0K(111616K) From: 6944K(111104K)->16448K(111104K)
[182.391s][info][gc,heap        ] GC(560) ParOldGen: 580955K(667648K)->580955K(667648K)
[182.391s][info][gc,metaspace   ] GC(560) Metaspace: 18279K(18432K)->18279K(18432K) NonClass: 16450K(16576K)->16450K(16576K) Class: 1828K(1856K)->1828K(1856K)
[182.391s][info][gc             ] GC(560) Pause Young (Allocation Failure) 683M->583M(869M) 25.864ms
[182.391s][info][gc,cpu         ] GC(560) User=0.05s Sys=0.00s Real=0.02s
[182.473s][info][gc,start       ] GC(561) Pause Young (Allocation Failure)
[182.509s][info][gc,heap        ] GC(561) PSYoungGen: 128064K(222720K)->25536K(222720K) Eden: 111616K(111616K)->0K(111616K) From: 16448K(111104K)->25536K(111104K)
[182.509s][info][gc,heap        ] GC(561) ParOldGen: 580955K(667648K)->580955K(667648K)
[182.509s][info][gc,metaspace   ] GC(561) Metaspace: 18279K(18432K)->18279K(18432K) NonClass: 16450K(16576K)->16450K(16576K) Class: 1828K(1856K)->1828K(1856K)
[182.509s][info][gc             ] GC(561) Pause Young (Allocation Failure) 692M->592M(869M) 35.852ms
[182.509s][info][gc,cpu         ] GC(561) User=0.07s Sys=0.00s Real=0.03s
[182.633s][info][gc,start       ] GC(562) Pause Young (Allocation Failure)
[182.673s][info][gc,heap        ] GC(562) PSYoungGen: 137152K(222720K)->28352K(222720K) Eden: 111616K(111616K)->0K(111616K) From: 25536K(111104K)->28352K(111104K)
[182.673s][info][gc,heap        ] GC(562) ParOldGen: 580955K(667648K)->580955K(667648K)
[182.673s][info][gc,metaspace   ] GC(562) Metaspace: 18279K(18432K)->18279K(18432K) NonClass: 16450K(16576K)->16450K(16576K) Class: 1828K(1856K)->1828K(1856K)
[182.673s][info][gc             ] GC(562) Pause Young (Allocation Failure) 701M->595M(869M) 39.735ms
[182.673s][info][gc,cpu         ] GC(562) User=0.08s Sys=0.00s Real=0.04s
[182.891s][info][gc,start       ] GC(563) Pause Young (Allocation Failure)
[182.944s][info][gc,heap        ] GC(563) PSYoungGen: 139968K(222720K)->28512K(222720K) Eden: 111616K(111616K)->0K(111616K) From: 28352K(111104K)->28512K(111104K)
[182.944s][info][gc,heap        ] GC(563) ParOldGen: 580955K(667648K)->580955K(667648K)
[182.945s][info][gc,metaspace   ] GC(563) Metaspace: 18280K(18432K)->18280K(18432K) NonClass: 16451K(16576K)->16451K(16576K) Class: 1828K(1856K)->1828K(1856K)
[182.945s][info][gc             ] GC(563) Pause Young (Allocation Failure) 704M->595M(869M) 53.677ms
[182.945s][info][gc,cpu         ] GC(563) User=0.10s Sys=0.00s Real=0.06s
[183.113s][info][gc,start       ] GC(564) Pause Young (Allocation Failure)
[183.161s][info][gc,heap        ] GC(564) PSYoungGen: 140128K(222720K)->29984K(222720K) Eden: 111616K(111616K)->0K(111616K) From: 28512K(111104K)->29984K(111104K)
[183.161s][info][gc,heap        ] GC(564) ParOldGen: 580955K(667648K)->580955K(667648K)
[183.161s][info][gc,metaspace   ] GC(564) Metaspace: 18280K(18432K)->18280K(18432K) NonClass: 16451K(16576K)->16451K(16576K) Class: 1828K(1856K)->1828K(1856K)
[183.161s][info][gc             ] GC(564) Pause Young (Allocation Failure) 704M->596M(869M) 47.564ms
[183.161s][info][gc,cpu         ] GC(564) User=0.09s Sys=0.00s Real=0.04s
[183.333s][info][gc,start       ] GC(565) Pause Young (Allocation Failure)
[183.385s][info][gc,heap        ] GC(565) PSYoungGen: 141600K(222720K)->13568K(222720K) Eden: 111616K(111616K)->0K(111616K) From: 29984K(111104K)->13568K(111104K)
[183.386s][info][gc,heap        ] GC(565) ParOldGen: 580955K(667648K)->597443K(667648K)
[183.386s][info][gc,metaspace   ] GC(565) Metaspace: 18280K(18432K)->18280K(18432K) NonClass: 16452K(16576K)->16452K(16576K) Class: 1828K(1856K)->1828K(1856K)
[183.386s][info][gc             ] GC(565) Pause Young (Allocation Failure) 705M->596M(869M) 52.776ms
[183.386s][info][gc,cpu         ] GC(565) User=0.10s Sys=0.00s Real=0.05s
[183.520s][info][gc,start       ] GC(566) Pause Young (Allocation Failure)
[183.542s][info][gc,heap        ] GC(566) PSYoungGen: 125184K(222720K)->5216K(222720K) Eden: 111616K(111616K)->0K(111616K) From: 13568K(111104K)->5216K(111104K)
[183.542s][info][gc,heap        ] GC(566) ParOldGen: 597443K(667648K)->609363K(667648K)
[183.542s][info][gc,metaspace   ] GC(566) Metaspace: 18280K(18432K)->18280K(18432K) NonClass: 16452K(16576K)->16452K(16576K) Class: 1828K(1856K)->1828K(1856K)
[183.542s][info][gc             ] GC(566) Pause Young (Allocation Failure) 705M->600M(869M) 22.117ms
[183.542s][info][gc,cpu         ] GC(566) User=0.04s Sys=0.00s Real=0.02s
[183.661s][info][gc,start       ] GC(567) Pause Young (Allocation Failure)
[183.670s][info][gc,heap        ] GC(567) PSYoungGen: 116832K(222720K)->3584K(222720K) Eden: 111616K(111616K)->0K(111616K) From: 5216K(111104K)->3584K(111104K)
[183.671s][info][gc,heap        ] GC(567) ParOldGen: 609363K(667648K)->611017K(667648K)
[183.671s][info][gc,metaspace   ] GC(567) Metaspace: 18280K(18432K)->18280K(18432K) NonClass: 16452K(16576K)->16452K(16576K) Class: 1828K(1856K)->1828K(1856K)
[183.671s][info][gc             ] GC(567) Pause Young (Allocation Failure) 709M->600M(869M) 9.195ms
[183.671s][info][gc,cpu         ] GC(567) User=0.02s Sys=0.00s Real=0.01s
[183.847s][info][gc,start       ] GC(568) Pause Young (Allocation Failure)
[183.871s][info][gc,heap        ] GC(568) PSYoungGen: 115200K(222720K)->15712K(216576K) Eden: 111616K(111616K)->0K(111616K) From: 3584K(111104K)->15712K(104960K)
[183.871s][info][gc,heap        ] GC(568) ParOldGen: 611017K(667648K)->614561K(667648K)
[183.871s][info][gc,metaspace   ] GC(568) Metaspace: 18280K(18432K)->18280K(18432K) NonClass: 16452K(16576K)->16452K(16576K) Class: 1828K(1856K)->1828K(1856K)
[183.871s][info][gc             ] GC(568) Pause Young (Allocation Failure) 709M->615M(863M) 24.242ms
[183.871s][info][gc,cpu         ] GC(568) User=0.04s Sys=0.00s Real=0.02s
[184.050s][info][gc,start       ] GC(569) Pause Young (Allocation Failure)
[184.083s][info][gc,heap        ] GC(569) PSYoungGen: 127328K(216576K)->29152K(219648K) Eden: 111616K(111616K)->0K(111616K) From: 15712K(104960K)->29152K(108032K)
[184.083s][info][gc,heap        ] GC(569) ParOldGen: 614561K(667648K)->614561K(667648K)
[184.083s][info][gc,metaspace   ] GC(569) Metaspace: 18280K(18432K)->18280K(18432K) NonClass: 16452K(16576K)->16452K(16576K) Class: 1828K(1856K)->1828K(1856K)
[184.083s][info][gc             ] GC(569) Pause Young (Allocation Failure) 724M->628M(866M) 33.132ms
[184.083s][info][gc,cpu         ] GC(569) User=0.06s Sys=0.00s Real=0.04s
[184.191s][info][gc,start       ] GC(570) Pause Young (Allocation Failure)
[184.267s][info][gc,heap        ] GC(570) PSYoungGen: 140768K(219648K)->76576K(212480K) Eden: 111616K(111616K)->0K(110592K) From: 29152K(108032K)->76576K(101888K)
[184.267s][info][gc,heap        ] GC(570) ParOldGen: 614561K(667648K)->614561K(667648K)
[184.267s][info][gc,metaspace   ] GC(570) Metaspace: 18285K(18432K)->18285K(18432K) NonClass: 16456K(16576K)->16456K(16576K) Class: 1828K(1856K)->1828K(1856K)
[184.267s][info][gc             ] GC(570) Pause Young (Allocation Failure) 737M->674M(859M) 76.325ms
[184.267s][info][gc,cpu         ] GC(570) User=0.15s Sys=0.00s Real=0.08s
[184.387s][info][gc,start       ] GC(571) Pause Young (Allocation Failure)
[184.469s][info][gc,heap        ] GC(571) PSYoungGen: 187168K(212480K)->103296K(221184K) Eden: 110592K(110592K)->0K(110592K) From: 76576K(101888K)->103296K(110592K)
[184.469s][info][gc,heap        ] GC(571) ParOldGen: 614561K(667648K)->614561K(667648K)
[184.469s][info][gc,metaspace   ] GC(571) Metaspace: 18287K(18432K)->18287K(18432K) NonClass: 16458K(16576K)->16458K(16576K) Class: 1828K(1856K)->1828K(1856K)
[184.469s][info][gc             ] GC(571) Pause Young (Allocation Failure) 782M->701M(868M) 81.402ms
[184.469s][info][gc,cpu         ] GC(571) User=0.16s Sys=0.00s Real=0.08s
[184.541s][info][gc,start       ] GC(572) Pause Young (Allocation Failure)
[184.629s][info][gc,heap        ] GC(572) PSYoungGen: 213888K(221184K)->93744K(222720K) Eden: 110592K(110592K)->0K(111616K) From: 103296K(110592K)->93744K(111104K)
[184.629s][info][gc,heap        ] GC(572) ParOldGen: 614561K(667648K)->630313K(667648K)
[184.629s][info][gc,metaspace   ] GC(572) Metaspace: 18287K(18432K)->18287K(18432K) NonClass: 16458K(16576K)->16458K(16576K) Class: 1828K(1856K)->1828K(1856K)
[184.629s][info][gc             ] GC(572) Pause Young (Allocation Failure) 809M->707M(869M) 87.939ms
[184.629s][info][gc,cpu         ] GC(572) User=0.17s Sys=0.00s Real=0.09s
[184.810s][info][gc,start       ] GC(573) Pause Young (Allocation Failure)
[184.910s][info][gc,promotion   ] GC(573) Promotion failed
[184.910s][info][gc,heap        ] GC(573) PSYoungGen: 205360K(222720K)->205360K(222720K) Eden: 111616K(111616K)->111616K(111616K) From: 93744K(111104K)->93744K(111104K)
[184.910s][info][gc,heap        ] GC(573) ParOldGen: 630313K(667648K)->667644K(667648K)
[184.910s][info][gc,metaspace   ] GC(573) Metaspace: 18287K(18432K)->18287K(18432K) NonClass: 16458K(16576K)->16458K(16576K) Class: 1828K(1856K)->1828K(1856K)
[184.910s][info][gc             ] GC(573) Pause Young (Allocation Failure) 816M->852M(869M) 100.310ms
[184.910s][info][gc,cpu         ] GC(573) User=0.16s Sys=0.03s Real=0.10s
[184.910s][info][gc,start       ] GC(574) Pause Full (Allocation Failure)
[184.910s][info][gc,phases,start] GC(574) Marking Phase
[185.495s][info][gc,phases      ] GC(574) Marking Phase 584.261ms
[185.495s][info][gc,phases,start] GC(574) Summary Phase
[185.495s][info][gc,phases      ] GC(574) Summary Phase 0.032ms
[185.495s][info][gc,phases,start] GC(574) Forward
[185.635s][info][gc,phases      ] GC(574) Forward 140.762ms
[185.636s][info][gc,phases,start] GC(574) Adjust Pointers
[186.048s][info][gc,phases      ] GC(574) Adjust Pointers 412.148ms
[186.048s][info][gc,phases,start] GC(574) Compaction Phase
[186.264s][info][gc,phases      ] GC(574) Compaction Phase 216.069ms
[186.278s][info][gc,phases,start] GC(574) Post Compact
[186.281s][info][gc,phases      ] GC(574) Post Compact 2.660ms
[186.281s][info][gc,heap        ] GC(574) PSYoungGen: 205360K(222720K)->23337K(222720K) Eden: 111616K(111616K)->0K(111616K) From: 93744K(111104K)->23337K(111104K)
[186.281s][info][gc,heap        ] GC(574) ParOldGen: 667644K(667648K)->667432K(667648K)
[186.281s][info][gc,metaspace   ] GC(574) Metaspace: 18287K(18432K)->18287K(18432K) NonClass: 16458K(16576K)->16458K(16576K) Class: 1828K(1856K)->1828K(1856K)
[186.281s][info][gc             ] GC(574) Pause Full (Allocation Failure) 852M->674M(869M) 1370.353ms
[186.281s][info][gc,cpu         ] GC(574) User=2.68s Sys=0.01s Real=1.37s
[186.437s][info][gc,start       ] GC(575) Pause Full (Allocation Failure)
[186.437s][info][gc,phases,start] GC(575) Marking Phase
[186.967s][info][gc,phases      ] GC(575) Marking Phase 530.340ms
[186.967s][info][gc,phases,start] GC(575) Summary Phase
[186.967s][info][gc,phases      ] GC(575) Summary Phase 0.028ms
[186.967s][info][gc,phases,start] GC(575) Forward
[186.972s][info][gc,phases      ] GC(575) Forward 4.723ms
[186.972s][info][gc,phases,start] GC(575) Adjust Pointers
[187.332s][info][gc,phases      ] GC(575) Adjust Pointers 359.769ms
[187.332s][info][gc,phases,start] GC(575) Compaction Phase
[187.480s][info][gc,phases      ] GC(575) Compaction Phase 148.168ms
[187.480s][info][gc,phases,start] GC(575) Post Compact
[187.483s][info][gc,phases      ] GC(575) Post Compact 2.347ms
[187.483s][info][gc,heap        ] GC(575) PSYoungGen: 134953K(222720K)->23347K(222720K) Eden: 111616K(111616K)->23347K(111616K) From: 23337K(111104K)->0K(111104K)
[187.483s][info][gc,heap        ] GC(575) ParOldGen: 667432K(667648K)->667647K(667648K)
[187.483s][info][gc,metaspace   ] GC(575) Metaspace: 18287K(18432K)->18287K(18432K) NonClass: 16458K(16576K)->16458K(16576K) Class: 1828K(1856K)->1828K(1856K)
[187.483s][info][gc             ] GC(575) Pause Full (Allocation Failure) 783M->674M(869M) 1045.889ms
[187.483s][info][gc,cpu         ] GC(575) User=2.05s Sys=0.00s Real=1.05s
[187.653s][info][gc,start       ] GC(576) Pause Full (Allocation Failure)
[187.653s][info][gc,phases,start] GC(576) Marking Phase
[188.187s][info][gc,phases      ] GC(576) Marking Phase 534.334ms
[188.187s][info][gc,phases,start] GC(576) Summary Phase
[188.187s][info][gc,phases      ] GC(576) Summary Phase 0.027ms
[188.187s][info][gc,phases,start] GC(576) Forward
[188.196s][info][gc,phases      ] GC(576) Forward 8.274ms
[188.196s][info][gc,phases,start] GC(576) Adjust Pointers
[188.594s][info][gc,phases      ] GC(576) Adjust Pointers 398.627ms
[188.594s][info][gc,phases,start] GC(576) Compaction Phase
[188.744s][info][gc,phases      ] GC(576) Compaction Phase 149.777ms
[188.744s][info][gc,phases,start] GC(576) Post Compact
[188.747s][info][gc,phases      ] GC(576) Post Compact 2.269ms
[188.747s][info][gc,heap        ] GC(576) PSYoungGen: 111616K(222720K)->23639K(222720K) Eden: 111616K(111616K)->23639K(111616K) From: 0K(111104K)->0K(111104K)
[188.747s][info][gc,heap        ] GC(576) ParOldGen: 667647K(667648K)->667645K(667648K)
[188.747s][info][gc,metaspace   ] GC(576) Metaspace: 18287K(18432K)->18287K(18432K) NonClass: 16458K(16576K)->16458K(16576K) Class: 1828K(1856K)->1828K(1856K)
[188.747s][info][gc             ] GC(576) Pause Full (Allocation Failure) 760M->675M(869M) 1093.759ms
[188.747s][info][gc,cpu         ] GC(576) User=2.14s Sys=0.00s Real=1.09s
[188.919s][info][gc,start       ] GC(577) Pause Full (Allocation Failure)
[188.920s][info][gc,phases,start] GC(577) Marking Phase
[189.489s][info][gc,phases      ] GC(577) Marking Phase 569.283ms
[189.489s][info][gc,phases,start] GC(577) Summary Phase
[189.489s][info][gc,phases      ] GC(577) Summary Phase 0.026ms
[189.489s][info][gc,phases,start] GC(577) Forward
[189.499s][info][gc,phases      ] GC(577) Forward 10.306ms
[189.499s][info][gc,phases,start] GC(577) Adjust Pointers
[189.883s][info][gc,phases      ] GC(577) Adjust Pointers 383.222ms
[189.883s][info][gc,phases,start] GC(577) Compaction Phase
[190.031s][info][gc,phases      ] GC(577) Compaction Phase 148.817ms
[190.032s][info][gc,phases,start] GC(577) Post Compact
[190.034s][info][gc,phases      ] GC(577) Post Compact 2.277ms
[190.034s][info][gc,heap        ] GC(577) PSYoungGen: 111616K(222720K)->23955K(222720K) Eden: 111616K(111616K)->23955K(111616K) From: 0K(111104K)->0K(111104K)
[190.034s][info][gc,heap        ] GC(577) ParOldGen: 667645K(667648K)->667644K(667648K)
[190.034s][info][gc,metaspace   ] GC(577) Metaspace: 18287K(18432K)->18287K(18432K) NonClass: 16458K(16576K)->16458K(16576K) Class: 1828K(1856K)->1828K(1856K)
[190.034s][info][gc             ] GC(577) Pause Full (Allocation Failure) 760M->675M(869M) 1114.455ms
[190.034s][info][gc,cpu         ] GC(577) User=2.18s Sys=0.00s Real=1.12s
[190.143s][info][gc,start       ] GC(578) Pause Full (Allocation Failure)
[190.143s][info][gc,phases,start] GC(578) Marking Phase
[190.718s][info][gc,phases      ] GC(578) Marking Phase 574.366ms
[190.718s][info][gc,phases,start] GC(578) Summary Phase
[190.718s][info][gc,phases      ] GC(578) Summary Phase 0.027ms
[190.718s][info][gc,phases,start] GC(578) Forward
[190.727s][info][gc,phases      ] GC(578) Forward 9.473ms
[190.727s][info][gc,phases,start] GC(578) Adjust Pointers
[191.110s][info][gc,phases      ] GC(578) Adjust Pointers 383.152ms
[191.110s][info][gc,phases,start] GC(578) Compaction Phase
[191.256s][info][gc,phases      ] GC(578) Compaction Phase 146.066ms
[191.257s][info][gc,phases,start] GC(578) Post Compact
[191.259s][info][gc,phases      ] GC(578) Post Compact 2.268ms
[191.259s][info][gc,heap        ] GC(578) PSYoungGen: 111616K(222720K)->25145K(222720K) Eden: 111616K(111616K)->25145K(111616K) From: 0K(111104K)->0K(111104K)
[191.259s][info][gc,heap        ] GC(578) ParOldGen: 667644K(667648K)->667644K(667648K)
[191.259s][info][gc,metaspace   ] GC(578) Metaspace: 18287K(18432K)->18287K(18432K) NonClass: 16459K(16576K)->16459K(16576K) Class: 1828K(1856K)->1828K(1856K)
[191.259s][info][gc             ] GC(578) Pause Full (Allocation Failure) 760M->676M(869M) 1115.807ms
[191.259s][info][gc,cpu         ] GC(578) User=2.19s Sys=0.00s Real=1.11s
[191.331s][info][gc,start       ] GC(579) Pause Full (Allocation Failure)
[191.331s][info][gc,phases,start] GC(579) Marking Phase
[191.906s][info][gc,phases      ] GC(579) Marking Phase 574.405ms
[191.906s][info][gc,phases,start] GC(579) Summary Phase
[191.906s][info][gc,phases      ] GC(579) Summary Phase 0.027ms
[191.906s][info][gc,phases,start] GC(579) Forward
[191.917s][info][gc,phases      ] GC(579) Forward 11.348ms
[191.917s][info][gc,phases,start] GC(579) Adjust Pointers
[192.294s][info][gc,phases      ] GC(579) Adjust Pointers 377.034ms
[192.294s][info][gc,phases,start] GC(579) Compaction Phase
[192.443s][info][gc,phases      ] GC(579) Compaction Phase 148.371ms
[192.443s][info][gc,phases,start] GC(579) Post Compact
[192.445s][info][gc,phases      ] GC(579) Post Compact 2.441ms
[192.445s][info][gc,heap        ] GC(579) PSYoungGen: 111616K(222720K)->25790K(222720K) Eden: 111616K(111616K)->25790K(111616K) From: 0K(111104K)->0K(111104K)
[192.445s][info][gc,heap        ] GC(579) ParOldGen: 667644K(667648K)->667644K(667648K)
[192.445s][info][gc,metaspace   ] GC(579) Metaspace: 18287K(18432K)->18287K(18432K) NonClass: 16459K(16576K)->16459K(16576K) Class: 1828K(1856K)->1828K(1856K)
[192.445s][info][gc             ] GC(579) Pause Full (Allocation Failure) 760M->677M(869M) 1114.177ms
[192.445s][info][gc,cpu         ] GC(579) User=2.17s Sys=0.00s Real=1.12s
[192.514s][info][gc,start       ] GC(580) Pause Full (Allocation Failure)
[192.514s][info][gc,phases,start] GC(580) Marking Phase
[193.083s][info][gc,phases      ] GC(580) Marking Phase 569.145ms
[193.083s][info][gc,phases,start] GC(580) Summary Phase
[193.083s][info][gc,phases      ] GC(580) Summary Phase 0.027ms
[193.083s][info][gc,phases,start] GC(580) Forward
[193.094s][info][gc,phases      ] GC(580) Forward 11.227ms
[193.095s][info][gc,phases,start] GC(580) Adjust Pointers
[193.478s][info][gc,phases      ] GC(580) Adjust Pointers 383.671ms
[193.478s][info][gc,phases,start] GC(580) Compaction Phase
[193.627s][info][gc,phases      ] GC(580) Compaction Phase 148.290ms
[193.627s][info][gc,phases,start] GC(580) Post Compact
[193.629s][info][gc,phases      ] GC(580) Post Compact 2.416ms
[193.629s][info][gc,heap        ] GC(580) PSYoungGen: 111616K(222720K)->26547K(222720K) Eden: 111616K(111616K)->26547K(111616K) From: 0K(111104K)->0K(111104K)
[193.629s][info][gc,heap        ] GC(580) ParOldGen: 667644K(667648K)->667644K(667648K)
[193.629s][info][gc,metaspace   ] GC(580) Metaspace: 18287K(18432K)->18287K(18432K) NonClass: 16459K(16576K)->16459K(16576K) Class: 1828K(1856K)->1828K(1856K)
[193.629s][info][gc             ] GC(580) Pause Full (Allocation Failure) 760M->677M(869M) 1115.317ms
[193.629s][info][gc,cpu         ] GC(580) User=2.18s Sys=0.00s Real=1.11s
[193.837s][info][gc,start       ] GC(581) Pause Full (Allocation Failure)
[193.837s][info][gc,phases,start] GC(581) Marking Phase
[194.431s][info][gc,phases      ] GC(581) Marking Phase 593.841ms
[194.431s][info][gc,phases,start] GC(581) Summary Phase
[194.431s][info][gc,phases      ] GC(581) Summary Phase 0.031ms
[194.431s][info][gc,phases,start] GC(581) Forward
[194.577s][info][gc,phases      ] GC(581) Forward 145.788ms
[194.577s][info][gc,phases,start] GC(581) Adjust Pointers
[195.024s][info][gc,phases      ] GC(581) Adjust Pointers 446.713ms
[195.024s][info][gc,phases,start] GC(581) Compaction Phase
[195.222s][info][gc,phases      ] GC(581) Compaction Phase 198.001ms
[195.238s][info][gc,phases,start] GC(581) Post Compact
[195.241s][info][gc,phases      ] GC(581) Post Compact 2.291ms
[195.241s][info][gc,heap        ] GC(581) PSYoungGen: 111205K(222720K)->37869K(222720K) Eden: 111205K(111616K)->37869K(111616K) From: 0K(111104K)->0K(111104K)
[195.241s][info][gc,heap        ] GC(581) ParOldGen: 667644K(667648K)->667563K(667648K)
[195.241s][info][gc,metaspace   ] GC(581) Metaspace: 18294K(18432K)->18294K(18432K) NonClass: 16466K(16576K)->16466K(16576K) Class: 1828K(1856K)->1828K(1856K)
[195.241s][info][gc             ] GC(581) Pause Full (Allocation Failure) 760M->688M(869M) 1403.777ms
[195.241s][info][gc,cpu         ] GC(581) User=2.73s Sys=0.01s Real=1.40s
[195.426s][info][gc,start       ] GC(582) Pause Full (Allocation Failure)
[195.426s][info][gc,phases,start] GC(582) Marking Phase
[195.975s][info][gc,phases      ] GC(582) Marking Phase 548.936ms
[195.975s][info][gc,phases,start] GC(582) Summary Phase
[195.975s][info][gc,phases      ] GC(582) Summary Phase 0.034ms
[195.975s][info][gc,phases,start] GC(582) Forward
[196.030s][info][gc,phases      ] GC(582) Forward 54.192ms
[196.030s][info][gc,phases,start] GC(582) Adjust Pointers
[196.444s][info][gc,phases      ] GC(582) Adjust Pointers 414.505ms
[196.444s][info][gc,phases,start] GC(582) Compaction Phase
[196.612s][info][gc,phases      ] GC(582) Compaction Phase 167.473ms
[196.615s][info][gc,phases,start] GC(582) Post Compact
[196.618s][info][gc,phases      ] GC(582) Post Compact 2.400ms
[196.618s][info][gc,heap        ] GC(582) PSYoungGen: 111616K(222720K)->43433K(222720K) Eden: 111616K(111616K)->43433K(111616K) From: 0K(111104K)->0K(111104K)
[196.618s][info][gc,heap        ] GC(582) ParOldGen: 667563K(667648K)->667514K(667648K)
[196.618s][info][gc,metaspace   ] GC(582) Metaspace: 18294K(18432K)->18294K(18432K) NonClass: 16466K(16576K)->16466K(16576K) Class: 1828K(1856K)->1828K(1856K)
[196.618s][info][gc             ] GC(582) Pause Full (Allocation Failure) 760M->694M(869M) 1191.389ms
[196.618s][info][gc,cpu         ] GC(582) User=2.31s Sys=0.00s Real=1.19s
[196.706s][info][gc,start       ] GC(583) Pause Full (Allocation Failure)
[196.706s][info][gc,phases,start] GC(583) Marking Phase
[197.314s][info][gc,phases      ] GC(583) Marking Phase 608.009ms
[197.314s][info][gc,phases,start] GC(583) Summary Phase
[197.314s][info][gc,phases      ] GC(583) Summary Phase 0.031ms
[197.314s][info][gc,phases,start] GC(583) Forward
[197.421s][info][gc,phases      ] GC(583) Forward 106.871ms
[197.421s][info][gc,phases,start] GC(583) Adjust Pointers
[197.875s][info][gc,phases      ] GC(583) Adjust Pointers 454.263ms
[197.875s][info][gc,phases,start] GC(583) Compaction Phase
[198.069s][info][gc,phases      ] GC(583) Compaction Phase 194.176ms
[198.082s][info][gc,phases,start] GC(583) Post Compact
[198.085s][info][gc,phases      ] GC(583) Post Compact 2.409ms
[198.085s][info][gc,heap        ] GC(583) PSYoungGen: 111616K(222720K)->56594K(222720K) Eden: 111616K(111616K)->56594K(111616K) From: 0K(111104K)->0K(111104K)
[198.085s][info][gc,heap        ] GC(583) ParOldGen: 667514K(667648K)->667514K(667648K)
[198.085s][info][gc,metaspace   ] GC(583) Metaspace: 18294K(18432K)->18294K(18432K) NonClass: 16466K(16576K)->16466K(16576K) Class: 1828K(1856K)->1828K(1856K)
[198.085s][info][gc             ] GC(583) Pause Full (Allocation Failure) 760M->707M(869M) 1379.354ms
[198.085s][info][gc,cpu         ] GC(583) User=2.70s Sys=0.00s Real=1.38s
[198.151s][info][gc,start       ] GC(584) Pause Full (Allocation Failure)
[198.151s][info][gc,phases,start] GC(584) Marking Phase
[198.760s][info][gc,phases      ] GC(584) Marking Phase 609.180ms
[198.761s][info][gc,phases,start] GC(584) Summary Phase
[198.761s][info][gc,phases      ] GC(584) Summary Phase 0.028ms
[198.761s][info][gc,phases,start] GC(584) Forward
[198.785s][info][gc,phases      ] GC(584) Forward 24.787ms
[198.785s][info][gc,phases,start] GC(584) Adjust Pointers
[199.212s][info][gc,phases      ] GC(584) Adjust Pointers 426.285ms
[199.212s][info][gc,phases,start] GC(584) Compaction Phase
[199.373s][info][gc,phases      ] GC(584) Compaction Phase 161.518ms
[199.373s][info][gc,phases,start] GC(584) Post Compact
[199.376s][info][gc,phases      ] GC(584) Post Compact 2.285ms
[199.376s][info][gc,heap        ] GC(584) PSYoungGen: 111616K(222720K)->68853K(222720K) Eden: 111616K(111616K)->68853K(111616K) From: 0K(111104K)->0K(111104K)
[199.376s][info][gc,heap        ] GC(584) ParOldGen: 667514K(667648K)->667514K(667648K)
[199.376s][info][gc,metaspace   ] GC(584) Metaspace: 18294K(18432K)->18294K(18432K) NonClass: 16466K(16576K)->16466K(16576K) Class: 1828K(1856K)->1828K(1856K)
[199.376s][info][gc             ] GC(584) Pause Full (Allocation Failure) 760M->719M(869M) 1224.598ms
[199.376s][info][gc,cpu         ] GC(584) User=2.39s Sys=0.00s Real=1.23s
[199.434s][info][gc,start       ] GC(585) Pause Full (Allocation Failure)
[199.434s][info][gc,phases,start] GC(585) Marking Phase
[200.067s][info][gc,phases      ] GC(585) Marking Phase 633.203ms
[200.067s][info][gc,phases,start] GC(585) Summary Phase
[200.067s][info][gc,phases      ] GC(585) Summary Phase 0.027ms
[200.068s][info][gc,phases,start] GC(585) Forward
[200.093s][info][gc,phases      ] GC(585) Forward 25.499ms
[200.093s][info][gc,phases,start] GC(585) Adjust Pointers
[200.522s][info][gc,phases      ] GC(585) Adjust Pointers 428.839ms
[200.522s][info][gc,phases,start] GC(585) Compaction Phase
[200.685s][info][gc,phases      ] GC(585) Compaction Phase 163.186ms
[200.685s][info][gc,phases,start] GC(585) Post Compact
[200.688s][info][gc,phases      ] GC(585) Post Compact 2.361ms
[200.688s][info][gc,heap        ] GC(585) PSYoungGen: 111616K(222720K)->73243K(222720K) Eden: 111616K(111616K)->73243K(111616K) From: 0K(111104K)->0K(111104K)
[200.688s][info][gc,heap        ] GC(585) ParOldGen: 667514K(667648K)->667514K(667648K)
[200.688s][info][gc,metaspace   ] GC(585) Metaspace: 18302K(18432K)->18302K(18432K) NonClass: 16474K(16576K)->16474K(16576K) Class: 1828K(1856K)->1828K(1856K)
[200.688s][info][gc             ] GC(585) Pause Full (Allocation Failure) 760M->723M(869M) 1253.659ms
[200.688s][info][gc,cpu         ] GC(585) User=2.44s Sys=0.00s Real=1.25s
[200.758s][info][gc,start       ] GC(586) Pause Full (Allocation Failure)
[200.758s][info][gc,phases,start] GC(586) Marking Phase
[201.403s][info][gc,phases      ] GC(586) Marking Phase 644.715ms
[201.403s][info][gc,phases,start] GC(586) Summary Phase
[201.403s][info][gc,phases      ] GC(586) Summary Phase 0.027ms
[201.403s][info][gc,phases,start] GC(586) Forward
[201.427s][info][gc,phases      ] GC(586) Forward 24.328ms
[201.427s][info][gc,phases,start] GC(586) Adjust Pointers
[201.854s][info][gc,phases      ] GC(586) Adjust Pointers 426.835ms
[201.854s][info][gc,phases,start] GC(586) Compaction Phase
[202.015s][info][gc,phases      ] GC(586) Compaction Phase 160.551ms
[202.015s][info][gc,phases,start] GC(586) Post Compact
[202.017s][info][gc,phases      ] GC(586) Post Compact 2.305ms
[202.017s][info][gc,heap        ] GC(586) PSYoungGen: 111616K(222720K)->77710K(222720K) Eden: 111616K(111616K)->77710K(111616K) From: 0K(111104K)->0K(111104K)
[202.017s][info][gc,heap        ] GC(586) ParOldGen: 667514K(667648K)->667514K(667648K)
[202.017s][info][gc,metaspace   ] GC(586) Metaspace: 18303K(18432K)->18303K(18432K) NonClass: 16474K(16576K)->16474K(16576K) Class: 1828K(1856K)->1828K(1856K)
[202.017s][info][gc             ] GC(586) Pause Full (Allocation Failure) 760M->727M(869M) 1259.306ms
[202.017s][info][gc,cpu         ] GC(586) User=2.46s Sys=0.01s Real=1.26s
[202.060s][info][gc,start       ] GC(587) Pause Full (Allocation Failure)
[202.060s][info][gc,phases,start] GC(587) Marking Phase
[202.676s][info][gc,phases      ] GC(587) Marking Phase 616.501ms
[202.677s][info][gc,phases,start] GC(587) Summary Phase
[202.677s][info][gc,phases      ] GC(587) Summary Phase 0.027ms
[202.677s][info][gc,phases,start] GC(587) Forward
[202.702s][info][gc,phases      ] GC(587) Forward 25.125ms
[202.702s][info][gc,phases,start] GC(587) Adjust Pointers
[203.113s][info][gc,phases      ] GC(587) Adjust Pointers 411.210ms
[203.113s][info][gc,phases,start] GC(587) Compaction Phase
[203.286s][info][gc,phases      ] GC(587) Compaction Phase 172.550ms
[203.286s][info][gc,phases,start] GC(587) Post Compact
[203.288s][info][gc,phases      ] GC(587) Post Compact 2.392ms
[203.288s][info][gc,heap        ] GC(587) PSYoungGen: 111616K(222720K)->81037K(222720K) Eden: 111616K(111616K)->81037K(111616K) From: 0K(111104K)->0K(111104K)
[203.288s][info][gc,heap        ] GC(587) ParOldGen: 667514K(667648K)->667514K(667648K)
[203.288s][info][gc,metaspace   ] GC(587) Metaspace: 18304K(18432K)->18304K(18432K) NonClass: 16475K(16576K)->16475K(16576K) Class: 1828K(1856K)->1828K(1856K)
[203.288s][info][gc             ] GC(587) Pause Full (Allocation Failure) 760M->731M(869M) 1228.290ms
[203.288s][info][gc,cpu         ] GC(587) User=2.40s Sys=0.00s Real=1.23s
[203.311s][info][gc,start       ] GC(588) Pause Full (Allocation Failure)
[203.311s][info][gc,phases,start] GC(588) Marking Phase
[203.919s][info][gc,phases      ] GC(588) Marking Phase 607.762ms
[203.919s][info][gc,phases,start] GC(588) Summary Phase
[203.919s][info][gc,phases      ] GC(588) Summary Phase 0.026ms
[203.919s][info][gc,phases,start] GC(588) Forward
[203.943s][info][gc,phases      ] GC(588) Forward 24.361ms
[203.943s][info][gc,phases,start] GC(588) Adjust Pointers
[204.354s][info][gc,phases      ] GC(588) Adjust Pointers 410.641ms
[204.354s][info][gc,phases,start] GC(588) Compaction Phase
[204.517s][info][gc,phases      ] GC(588) Compaction Phase 163.391ms
[204.517s][info][gc,phases,start] GC(588) Post Compact
[204.520s][info][gc,phases      ] GC(588) Post Compact 2.350ms
[204.520s][info][gc,heap        ] GC(588) PSYoungGen: 111616K(222720K)->81117K(222720K) Eden: 111616K(111616K)->81117K(111616K) From: 0K(111104K)->0K(111104K)
[204.520s][info][gc,heap        ] GC(588) ParOldGen: 667514K(667648K)->667514K(667648K)
[204.520s][info][gc,metaspace   ] GC(588) Metaspace: 18304K(18432K)->18304K(18432K) NonClass: 16475K(16576K)->16475K(16576K) Class: 1828K(1856K)->1828K(1856K)
[204.520s][info][gc             ] GC(588) Pause Full (Allocation Failure) 760M->731M(869M) 1208.989ms
[204.520s][info][gc,cpu         ] GC(588) User=2.37s Sys=0.00s Real=1.21s
[204.543s][info][gc,start       ] GC(589) Pause Full (Allocation Failure)
[204.543s][info][gc,phases,start] GC(589) Marking Phase
[205.137s][info][gc,phases      ] GC(589) Marking Phase 593.866ms
[205.137s][info][gc,phases,start] GC(589) Summary Phase
[205.137s][info][gc,phases      ] GC(589) Summary Phase 0.027ms
[205.137s][info][gc,phases,start] GC(589) Forward
[205.161s][info][gc,phases      ] GC(589) Forward 24.419ms
[205.161s][info][gc,phases,start] GC(589) Adjust Pointers
[205.556s][info][gc,phases      ] GC(589) Adjust Pointers 394.951ms
[205.556s][info][gc,phases,start] GC(589) Compaction Phase
[205.715s][info][gc,phases      ] GC(589) Compaction Phase 159.136ms
[205.716s][info][gc,phases,start] GC(589) Post Compact
[205.718s][info][gc,phases      ] GC(589) Post Compact 2.333ms
[205.718s][info][gc,heap        ] GC(589) PSYoungGen: 111616K(222720K)->81192K(222720K) Eden: 111616K(111616K)->81192K(111616K) From: 0K(111104K)->0K(111104K)
[205.718s][info][gc,heap        ] GC(589) ParOldGen: 667514K(667648K)->667514K(667648K)
[205.718s][info][gc,metaspace   ] GC(589) Metaspace: 18304K(18432K)->18304K(18432K) NonClass: 16475K(16576K)->16475K(16576K) Class: 1828K(1856K)->1828K(1856K)
[205.718s][info][gc             ] GC(589) Pause Full (Allocation Failure) 760M->731M(869M) 1175.228ms
[205.718s][info][gc,cpu         ] GC(589) User=2.30s Sys=0.00s Real=1.17s
[205.764s][info][gc,start       ] GC(590) Pause Full (Allocation Failure)
[205.764s][info][gc,phases,start] GC(590) Marking Phase
[206.366s][info][gc,phases      ] GC(590) Marking Phase 601.883ms
[206.366s][info][gc,phases,start] GC(590) Summary Phase
[206.366s][info][gc,phases      ] GC(590) Summary Phase 0.028ms
[206.366s][info][gc,phases,start] GC(590) Forward
[206.391s][info][gc,phases      ] GC(590) Forward 24.552ms
[206.391s][info][gc,phases,start] GC(590) Adjust Pointers
[206.787s][info][gc,phases      ] GC(590) Adjust Pointers 395.783ms
[206.787s][info][gc,phases,start] GC(590) Compaction Phase
[206.950s][info][gc,phases      ] GC(590) Compaction Phase 162.844ms
[206.950s][info][gc,phases,start] GC(590) Post Compact
[206.952s][info][gc,phases      ] GC(590) Post Compact 2.319ms
[206.952s][info][gc,heap        ] GC(590) PSYoungGen: 111616K(222720K)->81820K(222720K) Eden: 111616K(111616K)->81820K(111616K) From: 0K(111104K)->0K(111104K)
[206.952s][info][gc,heap        ] GC(590) ParOldGen: 667514K(667648K)->667514K(667648K)
[206.952s][info][gc,metaspace   ] GC(590) Metaspace: 18306K(18496K)->18306K(18496K) NonClass: 16478K(16640K)->16478K(16640K) Class: 1828K(1856K)->1828K(1856K)
[206.952s][info][gc             ] GC(590) Pause Full (Allocation Failure) 760M->731M(869M) 1187.921ms
[206.952s][info][gc,cpu         ] GC(590) User=2.31s Sys=0.00s Real=1.19s
[206.975s][info][gc,start       ] GC(591) Pause Full (Allocation Failure)
[206.975s][info][gc,phases,start] GC(591) Marking Phase
[207.573s][info][gc,phases      ] GC(591) Marking Phase 597.821ms
[207.573s][info][gc,phases,start] GC(591) Summary Phase
[207.573s][info][gc,phases      ] GC(591) Summary Phase 0.025ms
[207.573s][info][gc,phases,start] GC(591) Forward
[207.597s][info][gc,phases      ] GC(591) Forward 24.071ms
[207.597s][info][gc,phases,start] GC(591) Adjust Pointers
[207.992s][info][gc,phases      ] GC(591) Adjust Pointers 395.554ms
[207.992s][info][gc,phases,start] GC(591) Compaction Phase
[208.152s][info][gc,phases      ] GC(591) Compaction Phase 159.219ms
[208.152s][info][gc,phases,start] GC(591) Post Compact
[208.154s][info][gc,phases      ] GC(591) Post Compact 2.337ms
[208.154s][info][gc,heap        ] GC(591) PSYoungGen: 111616K(222720K)->83644K(222720K) Eden: 111616K(111616K)->83644K(111616K) From: 0K(111104K)->0K(111104K)
[208.154s][info][gc,heap        ] GC(591) ParOldGen: 667514K(667648K)->667514K(667648K)
[208.154s][info][gc,metaspace   ] GC(591) Metaspace: 18306K(18496K)->18306K(18496K) NonClass: 16478K(16640K)->16478K(16640K) Class: 1828K(1856K)->1828K(1856K)
[208.154s][info][gc             ] GC(591) Pause Full (Allocation Failure) 760M->733M(869M) 1179.528ms
[208.154s][info][gc,cpu         ] GC(591) User=2.30s Sys=0.00s Real=1.18s
[208.188s][info][gc,start       ] GC(592) Pause Full (Allocation Failure)
[208.188s][info][gc,phases,start] GC(592) Marking Phase
[208.783s][info][gc,phases      ] GC(592) Marking Phase 595.219ms
[208.783s][info][gc,phases,start] GC(592) Summary Phase
[208.783s][info][gc,phases      ] GC(592) Summary Phase 0.028ms
[208.783s][info][gc,phases,start] GC(592) Forward
[208.807s][info][gc,phases      ] GC(592) Forward 24.412ms
[208.807s][info][gc,phases,start] GC(592) Adjust Pointers
[209.204s][info][gc,phases      ] GC(592) Adjust Pointers 396.610ms
[209.204s][info][gc,phases,start] GC(592) Compaction Phase
[209.364s][info][gc,phases      ] GC(592) Compaction Phase 159.544ms
[209.364s][info][gc,phases,start] GC(592) Post Compact
[209.366s][info][gc,phases      ] GC(592) Post Compact 2.348ms
[209.366s][info][gc,heap        ] GC(592) PSYoungGen: 111616K(222720K)->83692K(222720K) Eden: 111616K(111616K)->83692K(111616K) From: 0K(111104K)->0K(111104K)
[209.366s][info][gc,heap        ] GC(592) ParOldGen: 667514K(667648K)->667514K(667648K)
[209.366s][info][gc,metaspace   ] GC(592) Metaspace: 18306K(18496K)->18306K(18496K) NonClass: 16478K(16640K)->16478K(16640K) Class: 1828K(1856K)->1828K(1856K)
[209.366s][info][gc             ] GC(592) Pause Full (Allocation Failure) 760M->733M(869M) 1178.604ms
[209.366s][info][gc,cpu         ] GC(592) User=2.31s Sys=0.00s Real=1.18s
[209.404s][info][gc,start       ] GC(593) Pause Full (Allocation Failure)
[209.404s][info][gc,phases,start] GC(593) Marking Phase
[210.045s][info][gc,phases      ] GC(593) Marking Phase 640.870ms
[210.045s][info][gc,phases,start] GC(593) Summary Phase
[210.045s][info][gc,phases      ] GC(593) Summary Phase 0.026ms
[210.045s][info][gc,phases,start] GC(593) Forward
[210.070s][info][gc,phases      ] GC(593) Forward 25.514ms
[210.070s][info][gc,phases,start] GC(593) Adjust Pointers
[210.493s][info][gc,phases      ] GC(593) Adjust Pointers 422.810ms
[210.493s][info][gc,phases,start] GC(593) Compaction Phase
[210.658s][info][gc,phases      ] GC(593) Compaction Phase 164.449ms
[210.658s][info][gc,phases,start] GC(593) Post Compact
[210.660s][info][gc,phases      ] GC(593) Post Compact 2.309ms
[210.660s][info][gc,heap        ] GC(593) PSYoungGen: 111616K(222720K)->83662K(222720K) Eden: 111616K(111616K)->83662K(111616K) From: 0K(111104K)->0K(111104K)
[210.660s][info][gc,heap        ] GC(593) ParOldGen: 667514K(667648K)->667514K(667648K)
[210.660s][info][gc,metaspace   ] GC(593) Metaspace: 18306K(18496K)->18306K(18496K) NonClass: 16478K(16640K)->16478K(16640K) Class: 1828K(1856K)->1828K(1856K)
[210.660s][info][gc             ] GC(593) Pause Full (Allocation Failure) 760M->733M(869M) 1256.493ms
[210.660s][info][gc,cpu         ] GC(593) User=2.45s Sys=0.00s Real=1.25s
[210.694s][info][gc,start       ] GC(594) Pause Full (Allocation Failure)
[210.694s][info][gc,phases,start] GC(594) Marking Phase
[211.333s][info][gc,phases      ] GC(594) Marking Phase 639.031ms
[211.333s][info][gc,phases,start] GC(594) Summary Phase
[211.333s][info][gc,phases      ] GC(594) Summary Phase 0.045ms
[211.333s][info][gc,phases,start] GC(594) Forward
[211.357s][info][gc,phases      ] GC(594) Forward 24.587ms
[211.357s][info][gc,phases,start] GC(594) Adjust Pointers
[211.771s][info][gc,phases      ] GC(594) Adjust Pointers 414.022ms
[211.772s][info][gc,phases,start] GC(594) Compaction Phase
[211.933s][info][gc,phases      ] GC(594) Compaction Phase 161.126ms
[211.933s][info][gc,phases,start] GC(594) Post Compact
[211.935s][info][gc,phases      ] GC(594) Post Compact 2.331ms
[211.935s][info][gc,heap        ] GC(594) PSYoungGen: 111616K(222720K)->84005K(222720K) Eden: 111616K(111616K)->84005K(111616K) From: 0K(111104K)->0K(111104K)
[211.935s][info][gc,heap        ] GC(594) ParOldGen: 667514K(667648K)->667514K(667648K)
[211.935s][info][gc,metaspace   ] GC(594) Metaspace: 18306K(18496K)->18306K(18496K) NonClass: 16478K(16640K)->16478K(16640K) Class: 1828K(1856K)->1828K(1856K)
[211.935s][info][gc             ] GC(594) Pause Full (Allocation Failure) 760M->733M(869M) 1241.619ms
[211.935s][info][gc,cpu         ] GC(594) User=2.42s Sys=0.01s Real=1.24s
[211.964s][info][gc,start       ] GC(595) Pause Full (Allocation Failure)
[211.964s][info][gc,phases,start] GC(595) Marking Phase
[212.588s][info][gc,phases      ] GC(595) Marking Phase 623.961ms
[212.588s][info][gc,phases,start] GC(595) Summary Phase
[212.588s][info][gc,phases      ] GC(595) Summary Phase 0.029ms
[212.588s][info][gc,phases,start] GC(595) Forward
[212.613s][info][gc,phases      ] GC(595) Forward 25.038ms
[212.613s][info][gc,phases,start] GC(595) Adjust Pointers
[213.029s][info][gc,phases      ] GC(595) Adjust Pointers 416.593ms
[213.029s][info][gc,phases,start] GC(595) Compaction Phase
[213.192s][info][gc,phases      ] GC(595) Compaction Phase 162.892ms
[213.192s][info][gc,phases,start] GC(595) Post Compact
[213.195s][info][gc,phases      ] GC(595) Post Compact 2.355ms
[213.195s][info][gc,heap        ] GC(595) PSYoungGen: 111616K(222720K)->84009K(222720K) Eden: 111616K(111616K)->84009K(111616K) From: 0K(111104K)->0K(111104K)
[213.195s][info][gc,heap        ] GC(595) ParOldGen: 667514K(667648K)->667514K(667648K)
[213.195s][info][gc,metaspace   ] GC(595) Metaspace: 18306K(18496K)->18306K(18496K) NonClass: 16478K(16640K)->16478K(16640K) Class: 1828K(1856K)->1828K(1856K)
[213.195s][info][gc             ] GC(595) Pause Full (Allocation Failure) 760M->733M(869M) 1231.408ms
[213.195s][info][gc,cpu         ] GC(595) User=2.41s Sys=0.00s Real=1.23s
[213.241s][info][gc,start       ] GC(596) Pause Full (Allocation Failure)
[213.241s][info][gc,phases,start] GC(596) Marking Phase
[213.845s][info][gc,phases      ] GC(596) Marking Phase 603.961ms
[213.845s][info][gc,phases,start] GC(596) Summary Phase
[213.845s][info][gc,phases      ] GC(596) Summary Phase 0.030ms
[213.845s][info][gc,phases,start] GC(596) Forward
[213.870s][info][gc,phases      ] GC(596) Forward 24.315ms
[213.870s][info][gc,phases,start] GC(596) Adjust Pointers
[214.277s][info][gc,phases      ] GC(596) Adjust Pointers 407.589ms
[214.278s][info][gc,phases,start] GC(596) Compaction Phase
[214.442s][info][gc,phases      ] GC(596) Compaction Phase 164.689ms
[214.442s][info][gc,phases,start] GC(596) Post Compact
[214.445s][info][gc,phases      ] GC(596) Post Compact 2.361ms
[214.445s][info][gc,heap        ] GC(596) PSYoungGen: 111616K(222720K)->86559K(222720K) Eden: 111616K(111616K)->86559K(111616K) From: 0K(111104K)->0K(111104K)
[214.445s][info][gc,heap        ] GC(596) ParOldGen: 667514K(667648K)->667514K(667648K)
[214.445s][info][gc,metaspace   ] GC(596) Metaspace: 18309K(18496K)->18309K(18496K) NonClass: 16480K(16640K)->16480K(16640K) Class: 1828K(1856K)->1828K(1856K)
[214.445s][info][gc             ] GC(596) Pause Full (Allocation Failure) 760M->736M(869M) 1203.475ms
[214.445s][info][gc,cpu         ] GC(596) User=2.36s Sys=0.00s Real=1.21s
[214.494s][info][gc,start       ] GC(597) Pause Full (Allocation Failure)
[214.494s][info][gc,phases,start] GC(597) Marking Phase
[215.176s][info][gc,phases      ] GC(597) Marking Phase 681.254ms
[215.176s][info][gc,phases,start] GC(597) Summary Phase
[215.176s][info][gc,phases      ] GC(597) Summary Phase 0.043ms
[215.176s][info][gc,phases,start] GC(597) Forward
[215.200s][info][gc,phases      ] GC(597) Forward 24.739ms
[215.200s][info][gc,phases,start] GC(597) Adjust Pointers
[215.606s][info][gc,phases      ] GC(597) Adjust Pointers 405.297ms
[215.606s][info][gc,phases,start] GC(597) Compaction Phase
[215.765s][info][gc,phases      ] GC(597) Compaction Phase 158.873ms
[215.765s][info][gc,phases,start] GC(597) Post Compact
[215.767s][info][gc,phases      ] GC(597) Post Compact 2.303ms
[215.767s][info][gc,heap        ] GC(597) PSYoungGen: 111616K(222720K)->86802K(222720K) Eden: 111616K(111616K)->86802K(111616K) From: 0K(111104K)->0K(111104K)
[215.767s][info][gc,heap        ] GC(597) ParOldGen: 667514K(667648K)->667514K(667648K)
[215.767s][info][gc,metaspace   ] GC(597) Metaspace: 18309K(18496K)->18309K(18496K) NonClass: 16480K(16640K)->16480K(16640K) Class: 1828K(1856K)->1828K(1856K)
[215.767s][info][gc             ] GC(597) Pause Full (Allocation Failure) 760M->736M(869M) 1273.014ms
[215.767s][info][gc,cpu         ] GC(597) User=2.48s Sys=0.00s Real=1.27s
[215.791s][info][gc,start       ] GC(598) Pause Full (Allocation Failure)
[215.791s][info][gc,phases,start] GC(598) Marking Phase
[216.381s][info][gc,phases      ] GC(598) Marking Phase 590.273ms
[216.381s][info][gc,phases,start] GC(598) Summary Phase
[216.381s][info][gc,phases      ] GC(598) Summary Phase 0.027ms
[216.381s][info][gc,phases,start] GC(598) Forward
[216.405s][info][gc,phases      ] GC(598) Forward 24.077ms
[216.405s][info][gc,phases,start] GC(598) Adjust Pointers
[216.797s][info][gc,phases      ] GC(598) Adjust Pointers 392.025ms
[216.797s][info][gc,phases,start] GC(598) Compaction Phase
[216.956s][info][gc,phases      ] GC(598) Compaction Phase 158.446ms
[216.956s][info][gc,phases,start] GC(598) Post Compact
[216.958s][info][gc,phases      ] GC(598) Post Compact 2.296ms
[216.958s][info][gc,heap        ] GC(598) PSYoungGen: 111616K(222720K)->86800K(222720K) Eden: 111616K(111616K)->86800K(111616K) From: 0K(111104K)->0K(111104K)
[216.958s][info][gc,heap        ] GC(598) ParOldGen: 667514K(667648K)->667514K(667648K)
[216.958s][info][gc,metaspace   ] GC(598) Metaspace: 18309K(18496K)->18309K(18496K) NonClass: 16480K(16640K)->16480K(16640K) Class: 1828K(1856K)->1828K(1856K)
[216.958s][info][gc             ] GC(598) Pause Full (Allocation Failure) 760M->736M(869M) 1167.608ms
[216.958s][info][gc,cpu         ] GC(598) User=2.28s Sys=0.00s Real=1.17s
[216.989s][info][gc,start       ] GC(599) Pause Full (Allocation Failure)
[216.989s][info][gc,phases,start] GC(599) Marking Phase
[217.583s][info][gc,phases      ] GC(599) Marking Phase 594.059ms
[217.583s][info][gc,phases,start] GC(599) Summary Phase
[217.583s][info][gc,phases      ] GC(599) Summary Phase 0.028ms
[217.583s][info][gc,phases,start] GC(599) Forward
[217.607s][info][gc,phases      ] GC(599) Forward 24.082ms
[217.607s][info][gc,phases,start] GC(599) Adjust Pointers
[218.000s][info][gc,phases      ] GC(599) Adjust Pointers 393.472ms
[218.001s][info][gc,phases,start] GC(599) Compaction Phase
[218.160s][info][gc,phases      ] GC(599) Compaction Phase 159.391ms
[218.160s][info][gc,phases,start] GC(599) Post Compact
[218.162s][info][gc,phases      ] GC(599) Post Compact 2.295ms
[218.162s][info][gc,heap        ] GC(599) PSYoungGen: 111616K(222720K)->86880K(222720K) Eden: 111616K(111616K)->86880K(111616K) From: 0K(111104K)->0K(111104K)
[218.162s][info][gc,heap        ] GC(599) ParOldGen: 667514K(667648K)->667514K(667648K)
[218.162s][info][gc,metaspace   ] GC(599) Metaspace: 18311K(18496K)->18311K(18496K) NonClass: 16483K(16640K)->16483K(16640K) Class: 1828K(1856K)->1828K(1856K)
[218.162s][info][gc             ] GC(599) Pause Full (Allocation Failure) 760M->736M(869M) 1173.770ms
[218.162s][info][gc,cpu         ] GC(599) User=2.30s Sys=0.00s Real=1.18s
[218.192s][info][gc,start       ] GC(600) Pause Full (Allocation Failure)
[218.192s][info][gc,phases,start] GC(600) Marking Phase
[218.866s][info][gc,phases      ] GC(600) Marking Phase 673.979ms
[218.866s][info][gc,phases,start] GC(600) Summary Phase
[218.866s][info][gc,phases      ] GC(600) Summary Phase 0.048ms
[218.866s][info][gc,phases,start] GC(600) Forward
[219.019s][info][gc,phases      ] GC(600) Forward 152.286ms
[219.019s][info][gc,phases,start] GC(600) Adjust Pointers
[219.516s][info][gc,phases      ] GC(600) Adjust Pointers 497.353ms
[219.516s][info][gc,phases,start] GC(600) Compaction Phase
[219.736s][info][gc,phases      ] GC(600) Compaction Phase 220.307ms
[219.752s][info][gc,phases,start] GC(600) Post Compact
[219.754s][info][gc,phases      ] GC(600) Post Compact 2.417ms
[219.754s][info][gc,heap        ] GC(600) PSYoungGen: 111616K(222720K)->86882K(222720K) Eden: 111616K(111616K)->86882K(111616K) From: 0K(111104K)->0K(111104K)
[219.754s][info][gc,heap        ] GC(600) ParOldGen: 667514K(667648K)->667514K(667648K)
[219.754s][info][gc,metaspace   ] GC(600) Metaspace: 18311K(18496K)->18311K(18496K) NonClass: 16483K(16640K)->16483K(16640K) Class: 1828K(1856K)->1828K(1856K)
[219.755s][info][gc             ] GC(600) Pause Full (Allocation Failure) 760M->736M(869M) 1562.358ms
[219.755s][info][gc,cpu         ] GC(600) User=3.05s Sys=0.01s Real=1.56s
[219.772s][info][gc,start       ] GC(601) Pause Full (Allocation Failure)
[219.772s][info][gc,phases,start] GC(601) Marking Phase
[220.413s][info][gc,phases      ] GC(601) Marking Phase 640.794ms
[220.413s][info][gc,phases,start] GC(601) Summary Phase
[220.413s][info][gc,phases      ] GC(601) Summary Phase 0.027ms
[220.413s][info][gc,phases,start] GC(601) Forward
[220.437s][info][gc,phases      ] GC(601) Forward 24.175ms
[220.437s][info][gc,phases,start] GC(601) Adjust Pointers
[220.877s][info][gc,phases      ] GC(601) Adjust Pointers 440.089ms
[220.877s][info][gc,phases,start] GC(601) Compaction Phase
[221.042s][info][gc,phases      ] GC(601) Compaction Phase 164.769ms
[221.042s][info][gc,phases,start] GC(601) Post Compact
[221.044s][info][gc,phases      ] GC(601) Post Compact 2.399ms
[221.044s][info][gc,heap        ] GC(601) PSYoungGen: 111616K(222720K)->86882K(222720K) Eden: 111616K(111616K)->86882K(111616K) From: 0K(111104K)->0K(111104K)
[221.044s][info][gc,heap        ] GC(601) ParOldGen: 667514K(667648K)->667514K(667648K)
[221.044s][info][gc,metaspace   ] GC(601) Metaspace: 18311K(18496K)->18311K(18496K) NonClass: 16483K(16640K)->16483K(16640K) Class: 1828K(1856K)->1828K(1856K)
[221.045s][info][gc             ] GC(601) Pause Full (Allocation Failure) 760M->736M(869M) 1272.744ms
[221.045s][info][gc,cpu         ] GC(601) User=2.49s Sys=0.00s Real=1.28s
[221.062s][info][gc,start       ] GC(602) Pause Full (Allocation Failure)
[221.062s][info][gc,phases,start] GC(602) Marking Phase
[221.746s][info][gc,phases      ] GC(602) Marking Phase 684.812ms
[221.747s][info][gc,phases,start] GC(602) Summary Phase
[221.747s][info][gc,phases      ] GC(602) Summary Phase 0.045ms
[221.747s][info][gc,phases,start] GC(602) Forward
[221.772s][info][gc,phases      ] GC(602) Forward 25.087ms
[221.772s][info][gc,phases,start] GC(602) Adjust Pointers
[222.194s][info][gc,phases      ] GC(602) Adjust Pointers 422.604ms
[222.194s][info][gc,phases,start] GC(602) Compaction Phase
[222.354s][info][gc,phases      ] GC(602) Compaction Phase 159.452ms
[222.354s][info][gc,phases,start] GC(602) Post Compact
[222.356s][info][gc,phases      ] GC(602) Post Compact 2.330ms
[222.356s][info][gc,heap        ] GC(602) PSYoungGen: 111616K(222720K)->86880K(222720K) Eden: 111616K(111616K)->86880K(111616K) From: 0K(111104K)->0K(111104K)
[222.356s][info][gc,heap        ] GC(602) ParOldGen: 667514K(667648K)->667514K(667648K)
[222.356s][info][gc,metaspace   ] GC(602) Metaspace: 18311K(18496K)->18311K(18496K) NonClass: 16483K(16640K)->16483K(16640K) Class: 1828K(1856K)->1828K(1856K)
[222.356s][info][gc             ] GC(602) Pause Full (Allocation Failure) 760M->736M(869M) 1294.837ms
[222.356s][info][gc,cpu         ] GC(602) User=2.54s Sys=0.00s Real=1.30s
[222.371s][info][gc,start       ] GC(603) Pause Full (Allocation Failure)
[222.371s][info][gc,phases,start] GC(603) Marking Phase
[222.970s][info][gc,phases      ] GC(603) Marking Phase 598.176ms
[222.970s][info][gc,phases,start] GC(603) Summary Phase
[222.970s][info][gc,phases      ] GC(603) Summary Phase 0.027ms
[222.970s][info][gc,phases,start] GC(603) Forward
[222.995s][info][gc,phases      ] GC(603) Forward 25.749ms
[222.995s][info][gc,phases,start] GC(603) Adjust Pointers
[223.427s][info][gc,phases      ] GC(603) Adjust Pointers 431.711ms
[223.427s][info][gc,phases,start] GC(603) Compaction Phase
[223.587s][info][gc,phases      ] GC(603) Compaction Phase 159.689ms
[223.587s][info][gc,phases,start] GC(603) Post Compact
[223.589s][info][gc,phases      ] GC(603) Post Compact 2.290ms
[223.589s][info][gc,heap        ] GC(603) PSYoungGen: 111616K(222720K)->86880K(222720K) Eden: 111616K(111616K)->86880K(111616K) From: 0K(111104K)->0K(111104K)
[223.589s][info][gc,heap        ] GC(603) ParOldGen: 667514K(667648K)->667514K(667648K)
[223.589s][info][gc,metaspace   ] GC(603) Metaspace: 18311K(18496K)->18311K(18496K) NonClass: 16483K(16640K)->16483K(16640K) Class: 1828K(1856K)->1828K(1856K)
[223.589s][info][gc             ] GC(603) Pause Full (Allocation Failure) 760M->736M(869M) 1218.163ms
[223.589s][info][gc,cpu         ] GC(603) User=2.38s Sys=0.00s Real=1.22s
[223.604s][info][gc,start       ] GC(604) Pause Full (Allocation Failure)
[223.605s][info][gc,phases,start] GC(604) Marking Phase
[224.220s][info][gc,phases      ] GC(604) Marking Phase 615.253ms
[224.220s][info][gc,phases,start] GC(604) Summary Phase
[224.220s][info][gc,phases      ] GC(604) Summary Phase 0.026ms
[224.220s][info][gc,phases,start] GC(604) Forward
[224.244s][info][gc,phases      ] GC(604) Forward 24.507ms
[224.244s][info][gc,phases,start] GC(604) Adjust Pointers
[224.650s][info][gc,phases      ] GC(604) Adjust Pointers 405.611ms
[224.650s][info][gc,phases,start] GC(604) Compaction Phase
[224.811s][info][gc,phases      ] GC(604) Compaction Phase 160.393ms
[224.811s][info][gc,phases,start] GC(604) Post Compact
[224.813s][info][gc,phases      ] GC(604) Post Compact 2.299ms
[224.813s][info][gc,heap        ] GC(604) PSYoungGen: 111616K(222720K)->86880K(222720K) Eden: 111616K(111616K)->86880K(111616K) From: 0K(111104K)->0K(111104K)
[224.813s][info][gc,heap        ] GC(604) ParOldGen: 667514K(667648K)->667514K(667648K)
[224.813s][info][gc,metaspace   ] GC(604) Metaspace: 18311K(18496K)->18311K(18496K) NonClass: 16483K(16640K)->16483K(16640K) Class: 1828K(1856K)->1828K(1856K)
[224.813s][info][gc             ] GC(604) Pause Full (Allocation Failure) 760M->736M(869M) 1208.616ms
[224.813s][info][gc,cpu         ] GC(604) User=2.37s Sys=0.00s Real=1.21s
[224.828s][info][gc,start       ] GC(605) Pause Full (Allocation Failure)
[224.828s][info][gc,phases,start] GC(605) Marking Phase
[225.433s][info][gc,phases      ] GC(605) Marking Phase 604.801ms
[225.433s][info][gc,phases,start] GC(605) Summary Phase
[225.433s][info][gc,phases      ] GC(605) Summary Phase 0.025ms
[225.433s][info][gc,phases,start] GC(605) Forward
[225.458s][info][gc,phases      ] GC(605) Forward 24.409ms
[225.458s][info][gc,phases,start] GC(605) Adjust Pointers
[225.857s][info][gc,phases      ] GC(605) Adjust Pointers 399.381ms
[225.857s][info][gc,phases,start] GC(605) Compaction Phase
[226.018s][info][gc,phases      ] GC(605) Compaction Phase 160.251ms
[226.018s][info][gc,phases,start] GC(605) Post Compact
[226.020s][info][gc,phases      ] GC(605) Post Compact 2.315ms
[226.020s][info][gc,heap        ] GC(605) PSYoungGen: 111616K(222720K)->86880K(222720K) Eden: 111616K(111616K)->86880K(111616K) From: 0K(111104K)->0K(111104K)
[226.020s][info][gc,heap        ] GC(605) ParOldGen: 667514K(667648K)->667514K(667648K)
[226.020s][info][gc,metaspace   ] GC(605) Metaspace: 18311K(18496K)->18311K(18496K) NonClass: 16483K(16640K)->16483K(16640K) Class: 1828K(1856K)->1828K(1856K)
[226.020s][info][gc             ] GC(605) Pause Full (Allocation Failure) 760M->736M(869M) 1191.650ms
[226.020s][info][gc,cpu         ] GC(605) User=2.33s Sys=0.00s Real=1.19s
[226.035s][info][gc,start       ] GC(606) Pause Full (Allocation Failure)
[226.035s][info][gc,phases,start] GC(606) Marking Phase
[226.636s][info][gc,phases      ] GC(606) Marking Phase 600.615ms
[226.636s][info][gc,phases,start] GC(606) Summary Phase
[226.636s][info][gc,phases      ] GC(606) Summary Phase 0.029ms
[226.636s][info][gc,phases,start] GC(606) Forward
[226.661s][info][gc,phases      ] GC(606) Forward 24.394ms
[226.661s][info][gc,phases,start] GC(606) Adjust Pointers
[227.064s][info][gc,phases      ] GC(606) Adjust Pointers 403.666ms
[227.064s][info][gc,phases,start] GC(606) Compaction Phase
[227.224s][info][gc,phases      ] GC(606) Compaction Phase 159.746ms
[227.224s][info][gc,phases,start] GC(606) Post Compact
[227.227s][info][gc,phases      ] GC(606) Post Compact 2.315ms
[227.227s][info][gc,heap        ] GC(606) PSYoungGen: 111616K(222720K)->86880K(222720K) Eden: 111616K(111616K)->86880K(111616K) From: 0K(111104K)->0K(111104K)
[227.227s][info][gc,heap        ] GC(606) ParOldGen: 667514K(667648K)->667514K(667648K)
[227.227s][info][gc,metaspace   ] GC(606) Metaspace: 18311K(18496K)->18311K(18496K) NonClass: 16483K(16640K)->16483K(16640K) Class: 1828K(1856K)->1828K(1856K)
[227.227s][info][gc             ] GC(606) Pause Full (Allocation Failure) 760M->736M(869M) 1191.245ms
[227.227s][info][gc,cpu         ] GC(606) User=2.32s Sys=0.00s Real=1.19s
[227.242s][info][gc,start       ] GC(607) Pause Full (Allocation Failure)
[227.242s][info][gc,phases,start] GC(607) Marking Phase
[227.843s][info][gc,phases      ] GC(607) Marking Phase 601.132ms
[227.843s][info][gc,phases,start] GC(607) Summary Phase
[227.843s][info][gc,phases      ] GC(607) Summary Phase 0.027ms
[227.843s][info][gc,phases,start] GC(607) Forward
[227.868s][info][gc,phases      ] GC(607) Forward 24.309ms
[227.868s][info][gc,phases,start] GC(607) Adjust Pointers
[228.267s][info][gc,phases      ] GC(607) Adjust Pointers 399.193ms
[228.267s][info][gc,phases,start] GC(607) Compaction Phase
[228.427s][info][gc,phases      ] GC(607) Compaction Phase 159.859ms
[228.427s][info][gc,phases,start] GC(607) Post Compact
[228.429s][info][gc,phases      ] GC(607) Post Compact 2.286ms
[228.429s][info][gc,heap        ] GC(607) PSYoungGen: 111616K(222720K)->86880K(222720K) Eden: 111616K(111616K)->86880K(111616K) From: 0K(111104K)->0K(111104K)
[228.429s][info][gc,heap        ] GC(607) ParOldGen: 667514K(667648K)->667514K(667648K)
[228.429s][info][gc,metaspace   ] GC(607) Metaspace: 18311K(18496K)->18311K(18496K) NonClass: 16483K(16640K)->16483K(16640K) Class: 1828K(1856K)->1828K(1856K)
[228.430s][info][gc             ] GC(607) Pause Full (Allocation Failure) 760M->736M(869M) 1187.330ms
[228.430s][info][gc,cpu         ] GC(607) User=2.33s Sys=0.00s Real=1.18s
[228.445s][info][gc,start       ] GC(608) Pause Full (Allocation Failure)
[228.445s][info][gc,phases,start] GC(608) Marking Phase
[229.042s][info][gc,phases      ] GC(608) Marking Phase 597.517ms
[229.042s][info][gc,phases,start] GC(608) Summary Phase
[229.042s][info][gc,phases      ] GC(608) Summary Phase 0.027ms
[229.042s][info][gc,phases,start] GC(608) Forward
[229.067s][info][gc,phases      ] GC(608) Forward 24.384ms
[229.067s][info][gc,phases,start] GC(608) Adjust Pointers
[229.465s][info][gc,phases      ] GC(608) Adjust Pointers 398.375ms
[229.465s][info][gc,phases,start] GC(608) Compaction Phase
[229.625s][info][gc,phases      ] GC(608) Compaction Phase 160.149ms
[229.625s][info][gc,phases,start] GC(608) Post Compact
[229.628s][info][gc,phases      ] GC(608) Post Compact 2.331ms
[229.628s][info][gc,heap        ] GC(608) PSYoungGen: 111616K(222720K)->86990K(222720K) Eden: 111616K(111616K)->86990K(111616K) From: 0K(111104K)->0K(111104K)
[229.628s][info][gc,heap        ] GC(608) ParOldGen: 667514K(667648K)->667514K(667648K)
[229.628s][info][gc,metaspace   ] GC(608) Metaspace: 18311K(18496K)->18311K(18496K) NonClass: 16483K(16640K)->16483K(16640K) Class: 1828K(1856K)->1828K(1856K)
[229.628s][info][gc             ] GC(608) Pause Full (Allocation Failure) 760M->736M(869M) 1183.268ms
[229.628s][info][gc,cpu         ] GC(608) User=2.32s Sys=0.00s Real=1.18s
[229.642s][info][gc,start       ] GC(609) Pause Full (Allocation Failure)
[229.642s][info][gc,phases,start] GC(609) Marking Phase
[230.242s][info][gc,phases      ] GC(609) Marking Phase 599.874ms
[230.242s][info][gc,phases,start] GC(609) Summary Phase
[230.242s][info][gc,phases      ] GC(609) Summary Phase 0.029ms
[230.242s][info][gc,phases,start] GC(609) Forward
[230.266s][info][gc,phases      ] GC(609) Forward 24.420ms
[230.266s][info][gc,phases,start] GC(609) Adjust Pointers
[230.669s][info][gc,phases      ] GC(609) Adjust Pointers 402.345ms
[230.669s][info][gc,phases,start] GC(609) Compaction Phase
[230.842s][info][gc,phases      ] GC(609) Compaction Phase 172.903ms
[230.842s][info][gc,phases,start] GC(609) Post Compact
[230.844s][info][gc,phases      ] GC(609) Post Compact 2.310ms
[230.844s][info][gc,heap        ] GC(609) PSYoungGen: 111616K(222720K)->87219K(222720K) Eden: 111616K(111616K)->87219K(111616K) From: 0K(111104K)->0K(111104K)
[230.844s][info][gc,heap        ] GC(609) ParOldGen: 667514K(667648K)->667514K(667648K)
[230.844s][info][gc,metaspace   ] GC(609) Metaspace: 18311K(18496K)->18311K(18496K) NonClass: 16483K(16640K)->16483K(16640K) Class: 1828K(1856K)->1828K(1856K)
[230.844s][info][gc             ] GC(609) Pause Full (Allocation Failure) 760M->737M(869M) 1202.409ms
[230.844s][info][gc,cpu         ] GC(609) User=2.35s Sys=0.00s Real=1.21s
[230.897s][info][gc,start       ] GC(610) Pause Full (Allocation Failure)
[230.897s][info][gc,phases,start] GC(610) Marking Phase
[231.501s][info][gc,phases      ] GC(610) Marking Phase 603.872ms
[231.501s][info][gc,phases,start] GC(610) Summary Phase
[231.501s][info][gc,phases      ] GC(610) Summary Phase 0.026ms
[231.501s][info][gc,phases,start] GC(610) Forward
[231.525s][info][gc,phases      ] GC(610) Forward 24.154ms
[231.525s][info][gc,phases,start] GC(610) Adjust Pointers
[231.934s][info][gc,phases      ] GC(610) Adjust Pointers 409.209ms
[231.934s][info][gc,phases,start] GC(610) Compaction Phase
[232.098s][info][gc,phases      ] GC(610) Compaction Phase 164.027ms
[232.098s][info][gc,phases,start] GC(610) Post Compact
[232.101s][info][gc,phases      ] GC(610) Post Compact 2.299ms
[232.101s][info][gc,heap        ] GC(610) PSYoungGen: 111616K(222720K)->86948K(222720K) Eden: 111616K(111616K)->86948K(111616K) From: 0K(111104K)->0K(111104K)
[232.101s][info][gc,heap        ] GC(610) ParOldGen: 667514K(667648K)->667514K(667648K)
[232.101s][info][gc,metaspace   ] GC(610) Metaspace: 18311K(18496K)->18311K(18496K) NonClass: 16483K(16640K)->16483K(16640K) Class: 1828K(1856K)->1828K(1856K)
[232.101s][info][gc             ] GC(610) Pause Full (Allocation Failure) 760M->736M(869M) 1204.101ms
[232.101s][info][gc,cpu         ] GC(610) User=2.36s Sys=0.00s Real=1.20s
[232.154s][info][gc,start       ] GC(611) Pause Full (Allocation Failure)
[232.154s][info][gc,phases,start] GC(611) Marking Phase
[232.805s][info][gc,phases      ] GC(611) Marking Phase 650.679ms
[232.805s][info][gc,phases,start] GC(611) Summary Phase
[232.805s][info][gc,phases      ] GC(611) Summary Phase 0.028ms
[232.805s][info][gc,phases,start] GC(611) Forward
[232.829s][info][gc,phases      ] GC(611) Forward 24.279ms
[232.829s][info][gc,phases,start] GC(611) Adjust Pointers
[233.243s][info][gc,phases      ] GC(611) Adjust Pointers 413.621ms
[233.243s][info][gc,phases,start] GC(611) Compaction Phase
[233.404s][info][gc,phases      ] GC(611) Compaction Phase 161.293ms
[233.404s][info][gc,phases,start] GC(611) Post Compact
[233.406s][info][gc,phases      ] GC(611) Post Compact 2.303ms
[233.407s][info][gc,heap        ] GC(611) PSYoungGen: 111616K(222720K)->90886K(222720K) Eden: 111616K(111616K)->90886K(111616K) From: 0K(111104K)->0K(111104K)
[233.407s][info][gc,heap        ] GC(611) ParOldGen: 667514K(667648K)->667514K(667648K)
[233.407s][info][gc,metaspace   ] GC(611) Metaspace: 18311K(18496K)->18311K(18496K) NonClass: 16483K(16640K)->16483K(16640K) Class: 1828K(1856K)->1828K(1856K)
[233.407s][info][gc             ] GC(611) Pause Full (Allocation Failure) 760M->740M(869M) 1252.711ms
[233.407s][info][gc,cpu         ] GC(611) User=2.45s Sys=0.01s Real=1.25s
[233.430s][info][gc,start       ] GC(612) Pause Full (Allocation Failure)
[233.430s][info][gc,phases,start] GC(612) Marking Phase
[234.035s][info][gc,phases      ] GC(612) Marking Phase 605.155ms
[234.035s][info][gc,phases,start] GC(612) Summary Phase
[234.035s][info][gc,phases      ] GC(612) Summary Phase 0.028ms
[234.035s][info][gc,phases,start] GC(612) Forward
[234.117s][info][gc,phases      ] GC(612) Forward 81.858ms
[234.117s][info][gc,phases,start] GC(612) Adjust Pointers
[234.541s][info][gc,phases      ] GC(612) Adjust Pointers 423.752ms
[234.541s][info][gc,phases,start] GC(612) Compaction Phase
[234.719s][info][gc,phases      ] GC(612) Compaction Phase 178.254ms
[234.723s][info][gc,phases,start] GC(612) Post Compact
[234.726s][info][gc,phases      ] GC(612) Post Compact 2.346ms
[234.726s][info][gc,heap        ] GC(612) PSYoungGen: 111616K(222720K)->91847K(222720K) Eden: 111616K(111616K)->91847K(111616K) From: 0K(111104K)->0K(111104K)
[234.726s][info][gc,heap        ] GC(612) ParOldGen: 667514K(667648K)->667514K(667648K)
[234.726s][info][gc,metaspace   ] GC(612) Metaspace: 18311K(18496K)->18311K(18496K) NonClass: 16483K(16640K)->16483K(16640K) Class: 1828K(1856K)->1828K(1856K)
[234.726s][info][gc             ] GC(612) Pause Full (Allocation Failure) 760M->741M(869M) 1296.222ms
[234.726s][info][gc,cpu         ] GC(612) User=2.55s Sys=0.00s Real=1.30s
[234.750s][info][gc,start       ] GC(613) Pause Full (Allocation Failure)
[234.750s][info][gc,phases,start] GC(613) Marking Phase
[235.352s][info][gc,phases      ] GC(613) Marking Phase 601.558ms
[235.352s][info][gc,phases,start] GC(613) Summary Phase
[235.352s][info][gc,phases      ] GC(613) Summary Phase 0.026ms
[235.352s][info][gc,phases,start] GC(613) Forward
[235.377s][info][gc,phases      ] GC(613) Forward 24.589ms
[235.377s][info][gc,phases,start] GC(613) Adjust Pointers
[235.775s][info][gc,phases      ] GC(613) Adjust Pointers 398.179ms
[235.775s][info][gc,phases,start] GC(613) Compaction Phase
[235.934s][info][gc,phases      ] GC(613) Compaction Phase 158.888ms
[235.934s][info][gc,phases,start] GC(613) Post Compact
[235.936s][info][gc,phases      ] GC(613) Post Compact 2.341ms
[235.936s][info][gc,heap        ] GC(613) PSYoungGen: 111616K(222720K)->91965K(222720K) Eden: 111616K(111616K)->91965K(111616K) From: 0K(111104K)->0K(111104K)
[235.936s][info][gc,heap        ] GC(613) ParOldGen: 667514K(667648K)->667514K(667648K)
[235.936s][info][gc,metaspace   ] GC(613) Metaspace: 18311K(18496K)->18311K(18496K) NonClass: 16483K(16640K)->16483K(16640K) Class: 1828K(1856K)->1828K(1856K)
[235.936s][info][gc             ] GC(613) Pause Full (Allocation Failure) 760M->741M(869M) 1186.117ms
[235.936s][info][gc,cpu         ] GC(613) User=2.33s Sys=0.00s Real=1.19s
[236.003s][info][gc,start       ] GC(614) Pause Full (Allocation Failure)
[236.003s][info][gc,phases,start] GC(614) Marking Phase
[236.600s][info][gc,phases      ] GC(614) Marking Phase 596.254ms
[236.600s][info][gc,phases,start] GC(614) Summary Phase
[236.600s][info][gc,phases      ] GC(614) Summary Phase 0.025ms
[236.600s][info][gc,phases,start] GC(614) Forward
[236.624s][info][gc,phases      ] GC(614) Forward 24.454ms
[236.624s][info][gc,phases,start] GC(614) Adjust Pointers
[237.021s][info][gc,phases      ] GC(614) Adjust Pointers 397.110ms
[237.021s][info][gc,phases,start] GC(614) Compaction Phase
[237.190s][info][gc,phases      ] GC(614) Compaction Phase 168.281ms
[237.190s][info][gc,phases,start] GC(614) Post Compact
[237.192s][info][gc,phases      ] GC(614) Post Compact 2.338ms
[237.192s][info][gc,heap        ] GC(614) PSYoungGen: 111616K(222720K)->92528K(222720K) Eden: 111616K(111616K)->92528K(111616K) From: 0K(111104K)->0K(111104K)
[237.192s][info][gc,heap        ] GC(614) ParOldGen: 667514K(667648K)->667514K(667648K)
[237.192s][info][gc,metaspace   ] GC(614) Metaspace: 18311K(18496K)->18311K(18496K) NonClass: 16483K(16640K)->16483K(16640K) Class: 1828K(1856K)->1828K(1856K)
[237.192s][info][gc             ] GC(614) Pause Full (Allocation Failure) 760M->742M(869M) 1188.949ms
[237.192s][info][gc,cpu         ] GC(614) User=2.33s Sys=0.00s Real=1.19s
[237.211s][info][gc,start       ] GC(615) Pause Full (Allocation Failure)
[237.211s][info][gc,phases,start] GC(615) Marking Phase
[237.898s][info][gc,phases      ] GC(615) Marking Phase 686.926ms
[237.898s][info][gc,phases,start] GC(615) Summary Phase
[237.898s][info][gc,phases      ] GC(615) Summary Phase 0.035ms
[237.898s][info][gc,phases,start] GC(615) Forward
[238.055s][info][gc,phases      ] GC(615) Forward 156.802ms
[238.055s][info][gc,phases,start] GC(615) Adjust Pointers
[238.590s][info][gc,phases      ] GC(615) Adjust Pointers 535.469ms
[238.590s][info][gc,phases,start] GC(615) Compaction Phase
[238.829s][info][gc,phases      ] GC(615) Compaction Phase 238.526ms
[238.846s][info][gc,phases,start] GC(615) Post Compact
[238.848s][info][metaspace      ] ChkMgr @0x00007fe9a403aa80 (non-class-space): : reclaiming memory...
[238.848s][info][metaspace      ] ChkMgr @0x00007fe9a403aa80 (non-class-space): nothing reclaimed.
[238.848s][info][metaspace      ] ChkMgr @0x00007fe9a403a890 (class-space): : reclaiming memory...
[238.848s][info][metaspace      ] ChkMgr @0x00007fe9a403a890 (class-space): nothing reclaimed.
[238.848s][info][gc,phases      ] GC(615) Post Compact 2.395ms
[238.848s][info][gc,heap        ] GC(615) PSYoungGen: 111616K(222720K)->93620K(222720K) Eden: 111616K(111616K)->93620K(111616K) From: 0K(111104K)->0K(111104K)
[238.848s][info][gc,heap        ] GC(615) ParOldGen: 667514K(667648K)->667463K(667648K)
[238.848s][info][gc,metaspace   ] GC(615) Metaspace: 18311K(18496K)->18301K(18496K) NonClass: 16483K(16640K)->16473K(16640K) Class: 1828K(1856K)->1828K(1856K)
[238.848s][info][gc             ] GC(615) Pause Full (Allocation Failure) 760M->743M(869M) 1637.154ms
[238.848s][info][gc,cpu         ] GC(615) User=3.19s Sys=0.01s Real=1.64s
[238.871s][info][gc,start       ] GC(616) Pause Full (Allocation Failure)
[238.871s][info][gc,phases,start] GC(616) Marking Phase
[239.482s][info][gc,phases      ] GC(616) Marking Phase 610.732ms
[239.482s][info][gc,phases,start] GC(616) Summary Phase
[239.482s][info][gc,phases      ] GC(616) Summary Phase 0.028ms
[239.482s][info][gc,phases,start] GC(616) Forward
[239.627s][info][gc,phases      ] GC(616) Forward 144.884ms
[239.627s][info][gc,phases,start] GC(616) Adjust Pointers
[240.076s][info][gc,phases      ] GC(616) Adjust Pointers 448.882ms
[240.076s][info][gc,phases,start] GC(616) Compaction Phase
[240.264s][info][gc,phases      ] GC(616) Compaction Phase 188.185ms
[240.280s][info][gc,phases,start] GC(616) Post Compact
[240.282s][info][gc,phases      ] GC(616) Post Compact 2.260ms
[240.282s][info][gc,heap        ] GC(616) PSYoungGen: 111616K(222720K)->94398K(222720K) Eden: 111616K(111616K)->94398K(111616K) From: 0K(111104K)->0K(111104K)
[240.282s][info][gc,heap        ] GC(616) ParOldGen: 667463K(667648K)->667443K(667648K)
[240.282s][info][gc,metaspace   ] GC(616) Metaspace: 18301K(18496K)->18301K(18496K) NonClass: 16473K(16640K)->16473K(16640K) Class: 1828K(1856K)->1828K(1856K)
[240.282s][info][gc             ] GC(616) Pause Full (Allocation Failure) 760M->743M(869M) 1411.659ms
[240.282s][info][gc,cpu         ] GC(616) User=2.76s Sys=0.00s Real=1.42s
[240.304s][info][gc,start       ] GC(617) Pause Full (Allocation Failure)
[240.304s][info][gc,phases,start] GC(617) Marking Phase
[240.875s][info][gc,phases      ] GC(617) Marking Phase 570.306ms
[240.875s][info][gc,phases,start] GC(617) Summary Phase
[240.875s][info][gc,phases      ] GC(617) Summary Phase 0.028ms
[240.875s][info][gc,phases,start] GC(617) Forward
[241.013s][info][gc,phases      ] GC(617) Forward 138.349ms
[241.013s][info][gc,phases,start] GC(617) Adjust Pointers
[241.459s][info][gc,phases      ] GC(617) Adjust Pointers 446.106ms
[241.459s][info][gc,phases,start] GC(617) Compaction Phase
[241.681s][info][gc,phases      ] GC(617) Compaction Phase 222.028ms
[241.698s][info][gc,phases,start] GC(617) Post Compact
[241.700s][info][metaspace      ] ChkMgr @0x00007fe9a403aa80 (non-class-space): : reclaiming memory...
[241.700s][info][metaspace      ] ChkMgr @0x00007fe9a403aa80 (non-class-space): nothing reclaimed.
[241.700s][info][metaspace      ] ChkMgr @0x00007fe9a403a890 (class-space): : reclaiming memory...
[241.700s][info][metaspace      ] ChkMgr @0x00007fe9a403a890 (class-space): nothing reclaimed.
[241.700s][info][gc,phases      ] GC(617) Post Compact 2.448ms
[241.700s][info][gc,heap        ] GC(617) PSYoungGen: 111616K(222720K)->94867K(222720K) Eden: 111616K(111616K)->94867K(111616K) From: 0K(111104K)->0K(111104K)
[241.700s][info][gc,heap        ] GC(617) ParOldGen: 667443K(667648K)->667314K(667648K)
[241.700s][info][gc,metaspace   ] GC(617) Metaspace: 18303K(18496K)->18291K(18496K) NonClass: 16475K(16640K)->16462K(16640K) Class: 1828K(1856K)->1828K(1856K)
[241.700s][info][gc             ] GC(617) Pause Full (Allocation Failure) 760M->744M(869M) 1396.099ms
[241.700s][info][gc,cpu         ] GC(617) User=2.73s Sys=0.01s Real=1.39s
[241.728s][info][gc,start       ] GC(618) Pause Full (Allocation Failure)
[241.729s][info][gc,phases,start] GC(618) Marking Phase
[242.173s][info][gc,phases      ] GC(618) Marking Phase 444.166ms
[242.173s][info][gc,phases,start] GC(618) Summary Phase
[242.173s][info][gc,phases      ] GC(618) Summary Phase 0.027ms
[242.173s][info][gc,phases,start] GC(618) Forward
[242.304s][info][gc,phases      ] GC(618) Forward 131.259ms
[242.304s][info][gc,phases,start] GC(618) Adjust Pointers
[242.641s][info][gc,phases      ] GC(618) Adjust Pointers 337.096ms
[242.641s][info][gc,phases,start] GC(618) Compaction Phase
[242.817s][info][gc,phases      ] GC(618) Compaction Phase 175.848ms
[242.830s][info][gc,phases,start] GC(618) Post Compact
[242.832s][info][gc,phases      ] GC(618) Post Compact 2.286ms
[242.832s][info][gc,heap        ] GC(618) PSYoungGen: 111616K(222720K)->0K(222720K) Eden: 111616K(111616K)->0K(111616K) From: 0K(111104K)->0K(111104K)
[242.832s][info][gc,heap        ] GC(618) ParOldGen: 667314K(667648K)->619246K(667648K)
[242.832s][info][gc,metaspace   ] GC(618) Metaspace: 18291K(18496K)->18291K(18496K) NonClass: 16462K(16640K)->16462K(16640K) Class: 1828K(1856K)->1828K(1856K)
[242.832s][info][gc             ] GC(618) Pause Full (Allocation Failure) 760M->604M(869M) 1103.825ms
[242.832s][info][gc,cpu         ] GC(618) User=2.11s Sys=0.00s Real=1.11s
[243.020s][info][gc,start       ] GC(619) Pause Young (Allocation Failure)
[243.023s][info][gc,heap        ] GC(619) PSYoungGen: 111616K(222720K)->128K(222720K) Eden: 111616K(111616K)->0K(111616K) From: 0K(111104K)->128K(111104K)
[243.023s][info][gc,heap        ] GC(619) ParOldGen: 619246K(667648K)->619246K(667648K)
[243.023s][info][gc,metaspace   ] GC(619) Metaspace: 18293K(18496K)->18293K(18496K) NonClass: 16464K(16640K)->16464K(16640K) Class: 1828K(1856K)->1828K(1856K)
[243.023s][info][gc             ] GC(619) Pause Young (Allocation Failure) 713M->604M(869M) 2.973ms
[243.023s][info][gc,cpu         ] GC(619) User=0.01s Sys=0.00s Real=0.01s
[243.369s][info][gc,start       ] GC(620) Pause Young (Allocation Failure)
[243.374s][info][gc,heap        ] GC(620) PSYoungGen: 111744K(222720K)->2816K(222720K) Eden: 111616K(111616K)->0K(111616K) From: 128K(111104K)->2816K(111104K)
[243.374s][info][gc,heap        ] GC(620) ParOldGen: 619246K(667648K)->619246K(667648K)
[243.374s][info][gc,metaspace   ] GC(620) Metaspace: 18296K(18496K)->18296K(18496K) NonClass: 16467K(16640K)->16467K(16640K) Class: 1828K(1856K)->1828K(1856K)
[243.374s][info][gc             ] GC(620) Pause Young (Allocation Failure) 713M->607M(869M) 5.123ms
[243.374s][info][gc,cpu         ] GC(620) User=0.01s Sys=0.00s Real=0.01s
[243.501s][info][gc,start       ] GC(621) Pause Young (Allocation Failure)
[243.526s][info][gc,heap        ] GC(621) PSYoungGen: 114432K(222720K)->20320K(222720K) Eden: 111616K(111616K)->0K(111616K) From: 2816K(111104K)->20320K(111104K)
[243.526s][info][gc,heap        ] GC(621) ParOldGen: 619246K(667648K)->622046K(667648K)
[243.526s][info][gc,metaspace   ] GC(621) Metaspace: 18298K(18496K)->18298K(18496K) NonClass: 16469K(16640K)->16469K(16640K) Class: 1828K(1856K)->1828K(1856K)
[243.526s][info][gc             ] GC(621) Pause Young (Allocation Failure) 716M->627M(869M) 24.880ms
[243.526s][info][gc,cpu         ] GC(621) User=0.05s Sys=0.00s Real=0.03s
[243.669s][info][gc,start       ] GC(622) Pause Young (Allocation Failure)
[243.692s][info][gc,heap        ] GC(622) PSYoungGen: 131936K(222720K)->88K(222720K) Eden: 111616K(111616K)->0K(111616K) From: 20320K(111104K)->88K(111104K)
[243.692s][info][gc,heap        ] GC(622) ParOldGen: 622046K(667648K)->642406K(667648K)
[243.692s][info][gc,metaspace   ] GC(622) Metaspace: 18298K(18496K)->18298K(18496K) NonClass: 16469K(16640K)->16469K(16640K) Class: 1828K(1856K)->1828K(1856K)
[243.692s][info][gc             ] GC(622) Pause Young (Allocation Failure) 736M->627M(869M) 23.260ms
[243.692s][info][gc,cpu         ] GC(622) User=0.04s Sys=0.00s Real=0.03s
[243.859s][info][gc,start       ] GC(623) Pause Full (Allocation Failure)
[243.859s][info][gc,phases,start] GC(623) Marking Phase
[244.330s][info][gc,phases      ] GC(623) Marking Phase 471.679ms
[244.330s][info][gc,phases,start] GC(623) Summary Phase
[244.330s][info][gc,phases      ] GC(623) Summary Phase 0.026ms
[244.330s][info][gc,phases,start] GC(623) Forward
[244.331s][info][gc,phases      ] GC(623) Forward 0.334ms
[244.331s][info][gc,phases,start] GC(623) Adjust Pointers
[244.641s][info][gc,phases      ] GC(623) Adjust Pointers 309.843ms
[244.641s][info][gc,phases,start] GC(623) Compaction Phase
[244.775s][info][gc,phases      ] GC(623) Compaction Phase 134.702ms
[244.775s][info][gc,phases,start] GC(623) Post Compact
[244.778s][info][gc,phases      ] GC(623) Post Compact 2.222ms
[244.778s][info][gc,heap        ] GC(623) PSYoungGen: 111704K(222720K)->0K(222720K) Eden: 111616K(111616K)->0K(111616K) From: 88K(111104K)->0K(111104K)
[244.778s][info][gc,heap        ] GC(623) ParOldGen: 642406K(667648K)->642473K(667648K)
[244.778s][info][gc,metaspace   ] GC(623) Metaspace: 18298K(18496K)->18298K(18496K) NonClass: 16469K(16640K)->16469K(16640K) Class: 1828K(1856K)->1828K(1856K)
[244.778s][info][gc             ] GC(623) Pause Full (Allocation Failure) 736M->627M(869M) 919.207ms
[244.778s][info][gc,cpu         ] GC(623) User=1.81s Sys=0.00s Real=0.92s
[244.988s][info][gc,start       ] GC(624) Pause Full (Allocation Failure)
[244.988s][info][gc,phases,start] GC(624) Marking Phase
[245.449s][info][gc,phases      ] GC(624) Marking Phase 460.654ms
[245.449s][info][gc,phases,start] GC(624) Summary Phase
[245.449s][info][gc,phases      ] GC(624) Summary Phase 0.028ms
[245.449s][info][gc,phases,start] GC(624) Forward
[245.449s][info][gc,phases      ] GC(624) Forward 0.365ms
[245.449s][info][gc,phases,start] GC(624) Adjust Pointers
[245.774s][info][gc,phases      ] GC(624) Adjust Pointers 324.664ms
[245.774s][info][gc,phases,start] GC(624) Compaction Phase
[245.915s][info][gc,phases      ] GC(624) Compaction Phase 140.946ms
[245.915s][info][gc,phases,start] GC(624) Post Compact
[245.918s][info][gc,phases      ] GC(624) Post Compact 2.213ms
[245.918s][info][gc,heap        ] GC(624) PSYoungGen: 111616K(222720K)->0K(222720K) Eden: 111616K(111616K)->0K(111616K) From: 0K(111104K)->0K(111104K)
[245.918s][info][gc,heap        ] GC(624) ParOldGen: 642473K(667648K)->642539K(667648K)
[245.918s][info][gc,metaspace   ] GC(624) Metaspace: 18298K(18496K)->18298K(18496K) NonClass: 16469K(16640K)->16469K(16640K) Class: 1828K(1856K)->1828K(1856K)
[245.918s][info][gc             ] GC(624) Pause Full (Allocation Failure) 736M->627M(869M) 929.275ms
[245.918s][info][gc,cpu         ] GC(624) User=1.81s Sys=0.01s Real=0.93s
[247.201s][info][gc,start       ] GC(625) Pause Full (Allocation Failure)
[247.201s][info][gc,phases,start] GC(625) Marking Phase
[247.681s][info][gc,phases      ] GC(625) Marking Phase 479.336ms
[247.681s][info][gc,phases,start] GC(625) Summary Phase
[247.681s][info][gc,phases      ] GC(625) Summary Phase 0.027ms
[247.681s][info][gc,phases,start] GC(625) Forward
[247.682s][info][gc,phases      ] GC(625) Forward 1.461ms
[247.682s][info][gc,phases,start] GC(625) Adjust Pointers
[247.992s][info][gc,phases      ] GC(625) Adjust Pointers 309.418ms
[247.992s][info][gc,phases,start] GC(625) Compaction Phase
[248.129s][info][gc,phases      ] GC(625) Compaction Phase 136.827ms
[248.129s][info][gc,phases,start] GC(625) Post Compact
[248.131s][info][gc,phases      ] GC(625) Post Compact 2.185ms
[248.131s][info][gc,heap        ] GC(625) PSYoungGen: 111616K(222720K)->0K(222720K) Eden: 111616K(111616K)->0K(111616K) From: 0K(111104K)->0K(111104K)
[248.131s][info][gc,heap        ] GC(625) ParOldGen: 642539K(667648K)->642977K(667648K)
[248.131s][info][gc,metaspace   ] GC(625) Metaspace: 18298K(18496K)->18298K(18496K) NonClass: 16470K(16640K)->16470K(16640K) Class: 1828K(1856K)->1828K(1856K)
[248.131s][info][gc             ] GC(625) Pause Full (Allocation Failure) 736M->627M(869M) 929.697ms
[248.131s][info][gc,cpu         ] GC(625) User=1.82s Sys=0.00s Real=0.93s
[248.633s][info][gc,start       ] GC(626) Pause Full (Allocation Failure)
[248.633s][info][gc,phases,start] GC(626) Marking Phase
[249.003s][info][gc,phases      ] GC(626) Marking Phase 370.852ms
[249.004s][info][gc,phases,start] GC(626) Summary Phase
[249.004s][info][gc,phases      ] GC(626) Summary Phase 0.028ms
[249.004s][info][gc,phases,start] GC(626) Forward
[249.075s][info][gc,phases      ] GC(626) Forward 71.468ms
[249.075s][info][gc,phases,start] GC(626) Adjust Pointers
[249.326s][info][gc,phases      ] GC(626) Adjust Pointers 251.253ms
[249.326s][info][gc,phases,start] GC(626) Compaction Phase
[249.454s][info][gc,phases      ] GC(626) Compaction Phase 127.166ms
[249.459s][info][gc,phases,start] GC(626) Post Compact
[249.461s][info][gc,phases      ] GC(626) Post Compact 2.186ms
[249.461s][info][gc,heap        ] GC(626) PSYoungGen: 111616K(222720K)->0K(222720K) Eden: 111616K(111616K)->0K(111616K) From: 0K(111104K)->0K(111104K)
[249.461s][info][gc,heap        ] GC(626) ParOldGen: 642977K(667648K)->518306K(667648K)
[249.461s][info][gc,metaspace   ] GC(626) Metaspace: 18299K(18496K)->18299K(18496K) NonClass: 16470K(16640K)->16470K(16640K) Class: 1828K(1856K)->1828K(1856K)
[249.461s][info][gc             ] GC(626) Pause Full (Allocation Failure) 736M->506M(869M) 828.547ms
[249.461s][info][gc,cpu         ] GC(626) User=1.59s Sys=0.00s Real=0.82s
[250.113s][info][gc,start       ] GC(627) Pause Young (Allocation Failure)
[250.117s][info][gc,heap        ] GC(627) PSYoungGen: 111553K(222720K)->1560K(222720K) Eden: 111553K(111616K)->0K(111616K) From: 0K(111104K)->1560K(111104K)
[250.117s][info][gc,heap        ] GC(627) ParOldGen: 518306K(667648K)->518314K(667648K)
[250.117s][info][gc,metaspace   ] GC(627) Metaspace: 18324K(18496K)->18324K(18496K) NonClass: 16495K(16640K)->16495K(16640K) Class: 1828K(1856K)->1828K(1856K)
[250.117s][info][gc             ] GC(627) Pause Young (Allocation Failure) 615M->507M(869M) 3.655ms
[250.117s][info][gc,cpu         ] GC(627) User=0.01s Sys=0.00s Real=0.00s
[250.405s][info][gc,start       ] GC(628) Pause Young (Allocation Failure)
[250.408s][info][gc,heap        ] GC(628) PSYoungGen: 113176K(222720K)->448K(222720K) Eden: 111616K(111616K)->0K(111616K) From: 1560K(111104K)->448K(111104K)
[250.408s][info][gc,heap        ] GC(628) ParOldGen: 518314K(667648K)->519482K(667648K)
[250.408s][info][gc,metaspace   ] GC(628) Metaspace: 18345K(18496K)->18345K(18496K) NonClass: 16517K(16640K)->16517K(16640K) Class: 1828K(1856K)->1828K(1856K)
[250.409s][info][gc             ] GC(628) Pause Young (Allocation Failure) 616M->507M(869M) 3.574ms
[250.409s][info][gc,cpu         ] GC(628) User=0.01s Sys=0.00s Real=0.00s
[250.692s][info][gc,start       ] GC(629) Pause Young (Allocation Failure)
[250.695s][info][gc,heap        ] GC(629) PSYoungGen: 112064K(222720K)->992K(222720K) Eden: 111616K(111616K)->0K(111616K) From: 448K(111104K)->992K(111104K)
[250.695s][info][gc,heap        ] GC(629) ParOldGen: 519482K(667648K)->519634K(667648K)
[250.695s][info][gc,metaspace   ] GC(629) Metaspace: 18407K(18560K)->18407K(18560K) NonClass: 16578K(16704K)->16578K(16704K) Class: 1828K(1856K)->1828K(1856K)
[250.695s][info][gc             ] GC(629) Pause Young (Allocation Failure) 616M->508M(869M) 2.450ms
[250.695s][info][gc,cpu         ] GC(629) User=0.01s Sys=0.00s Real=0.00s
[250.970s][info][gc,start       ] GC(630) Pause Young (Allocation Failure)
[250.972s][info][gc,heap        ] GC(630) PSYoungGen: 112608K(222720K)->160K(112128K) Eden: 111616K(111616K)->0K(111616K) From: 992K(111104K)->160K(512K)
[250.972s][info][gc,heap        ] GC(630) ParOldGen: 519634K(667648K)->519770K(667648K)
[250.972s][info][gc,metaspace   ] GC(630) Metaspace: 18418K(18560K)->18418K(18560K) NonClass: 16589K(16704K)->16589K(16704K) Class: 1828K(1856K)->1828K(1856K)
[250.972s][info][gc             ] GC(630) Pause Young (Allocation Failure) 617M->507M(761M) 2.269ms
[250.972s][info][gc,cpu         ] GC(630) User=0.00s Sys=0.00s Real=0.01s
[251.076s][info][gc,start       ] GC(631) Pause Young (Allocation Failure)
[251.116s][info][gc,heap        ] GC(631) PSYoungGen: 111776K(112128K)->48576K(220672K) Eden: 111616K(111616K)->0K(110592K) From: 160K(512K)->48576K(110080K)
[251.116s][info][gc,heap        ] GC(631) ParOldGen: 519770K(667648K)->519778K(667648K)
[251.116s][info][gc,metaspace   ] GC(631) Metaspace: 18439K(18560K)->18439K(18560K) NonClass: 16611K(16704K)->16611K(16704K) Class: 1828K(1856K)->1828K(1856K)
[251.116s][info][gc             ] GC(631) Pause Young (Allocation Failure) 616M->555M(867M) 39.807ms
[251.116s][info][gc,cpu         ] GC(631) User=0.08s Sys=0.00s Real=0.04s
[251.218s][info][gc,start       ] GC(632) Pause Young (Allocation Failure)
[251.282s][info][gc,heap        ] GC(632) PSYoungGen: 159168K(220672K)->89264K(221696K) Eden: 110592K(110592K)->0K(110592K) From: 48576K(110080K)->89264K(111104K)
[251.282s][info][gc,heap        ] GC(632) ParOldGen: 519778K(667648K)->519778K(667648K)
[251.282s][info][gc,metaspace   ] GC(632) Metaspace: 18456K(18560K)->18456K(18560K) NonClass: 16628K(16704K)->16628K(16704K) Class: 1828K(1856K)->1828K(1856K)
[251.282s][info][gc             ] GC(632) Pause Young (Allocation Failure) 663M->594M(868M) 64.116ms
[251.282s][info][gc,cpu         ] GC(632) User=0.12s Sys=0.00s Real=0.07s
[251.403s][info][gc,start       ] GC(633) Pause Young (Allocation Failure)
[251.489s][info][gc,heap        ] GC(633) PSYoungGen: 199856K(221696K)->74176K(222720K) Eden: 110592K(110592K)->0K(111616K) From: 89264K(111104K)->74176K(111104K)
[251.489s][info][gc,heap        ] GC(633) ParOldGen: 519778K(667648K)->568682K(667648K)
[251.489s][info][gc,metaspace   ] GC(633) Metaspace: 18456K(18560K)->18456K(18560K) NonClass: 16628K(16704K)->16628K(16704K) Class: 1828K(1856K)->1828K(1856K)
[251.489s][info][gc             ] GC(633) Pause Young (Allocation Failure) 702M->627M(869M) 85.334ms
[251.489s][info][gc,cpu         ] GC(633) User=0.17s Sys=0.00s Real=0.08s
[251.698s][info][gc,start       ] GC(634) Pause Young (Allocation Failure)
[251.778s][info][gc,heap        ] GC(634) PSYoungGen: 185792K(222720K)->41312K(222720K) Eden: 111616K(111616K)->0K(111616K) From: 74176K(111104K)->41312K(111104K)
[251.778s][info][gc,heap        ] GC(634) ParOldGen: 568682K(667648K)->643351K(667648K)
[251.778s][info][gc,metaspace   ] GC(634) Metaspace: 18456K(18560K)->18456K(18560K) NonClass: 16628K(16704K)->16628K(16704K) Class: 1828K(1856K)->1828K(1856K)
[251.778s][info][gc             ] GC(634) Pause Young (Allocation Failure) 736M->668M(869M) 79.897ms
[251.778s][info][gc,cpu         ] GC(634) User=0.15s Sys=0.00s Real=0.08s
[251.952s][info][gc,start       ] GC(635) Pause Full (Allocation Failure)
[251.952s][info][gc,phases,start] GC(635) Marking Phase
[252.087s][info][gc,phases      ] GC(635) Marking Phase 135.266ms
[252.087s][info][gc,phases,start] GC(635) Summary Phase
[252.087s][info][gc,phases      ] GC(635) Summary Phase 0.027ms
[252.087s][info][gc,phases,start] GC(635) Forward
[252.137s][info][gc,phases      ] GC(635) Forward 49.388ms
[252.137s][info][gc,phases,start] GC(635) Adjust Pointers
[252.229s][info][gc,phases      ] GC(635) Adjust Pointers 91.993ms
[252.229s][info][gc,phases,start] GC(635) Compaction Phase
[252.291s][info][gc,phases      ] GC(635) Compaction Phase 62.751ms
[252.294s][info][gc,phases,start] GC(635) Post Compact
[252.296s][info][gc,phases      ] GC(635) Post Compact 2.307ms
[252.310s][info][gc,heap        ] GC(635) PSYoungGen: 152928K(222720K)->0K(222720K) Eden: 111616K(111616K)->0K(111616K) From: 41312K(111104K)->0K(111104K)
[252.310s][info][gc,heap        ] GC(635) ParOldGen: 643351K(667648K)->231791K(491520K)
[252.310s][info][gc,metaspace   ] GC(635) Metaspace: 18456K(18560K)->18456K(18560K) NonClass: 16628K(16704K)->16628K(16704K) Class: 1828K(1856K)->1828K(1856K)
[252.310s][info][gc             ] GC(635) Pause Full (Allocation Failure) 777M->226M(697M) 358.575ms
[252.310s][info][gc,cpu         ] GC(635) User=0.62s Sys=0.02s Real=0.36s
[252.417s][info][gc,start       ] GC(636) Pause Young (Allocation Failure)
[252.424s][info][gc,heap        ] GC(636) PSYoungGen: 111616K(222720K)->3840K(222720K) Eden: 111616K(111616K)->0K(111616K) From: 0K(111104K)->3840K(111104K)
[252.424s][info][gc,heap        ] GC(636) ParOldGen: 231791K(491520K)->231799K(491520K)
[252.424s][info][gc,metaspace   ] GC(636) Metaspace: 18492K(18624K)->18492K(18624K) NonClass: 16664K(16768K)->16664K(16768K) Class: 1828K(1856K)->1828K(1856K)
[252.424s][info][gc             ] GC(636) Pause Young (Allocation Failure) 335M->230M(697M) 7.256ms
[252.424s][info][gc,cpu         ] GC(636) User=0.02s Sys=0.00s Real=0.01s
[252.644s][info][gc,start       ] GC(637) Pause Young (Allocation Failure)
[252.686s][info][gc,heap        ] GC(637) PSYoungGen: 115456K(222720K)->23986K(222720K) Eden: 111616K(111616K)->0K(111616K) From: 3840K(111104K)->23986K(111104K)
[252.686s][info][gc,heap        ] GC(637) ParOldGen: 231799K(491520K)->235607K(491520K)
[252.686s][info][gc,metaspace   ] GC(637) Metaspace: 18499K(18624K)->18499K(18624K) NonClass: 16670K(16768K)->16670K(16768K) Class: 1828K(1856K)->1828K(1856K)
[252.686s][info][gc             ] GC(637) Pause Young (Allocation Failure) 339M->253M(697M) 42.044ms
[252.686s][info][gc,cpu         ] GC(637) User=0.09s Sys=0.00s Real=0.04s
[252.819s][info][gc,start       ] GC(638) Pause Young (Allocation Failure)
[252.864s][info][gc,heap        ] GC(638) PSYoungGen: 135602K(222720K)->11904K(123904K) Eden: 111616K(111616K)->0K(111616K) From: 23986K(111104K)->11904K(12288K)
[252.864s][info][gc,heap        ] GC(638) ParOldGen: 235607K(491520K)->259604K(491520K)
[252.864s][info][gc,metaspace   ] GC(638) Metaspace: 18499K(18624K)->18499K(18624K) NonClass: 16670K(16768K)->16670K(16768K) Class: 1828K(1856K)->1828K(1856K)
[252.864s][info][gc             ] GC(638) Pause Young (Allocation Failure) 362M->265M(601M) 44.362ms
[252.864s][info][gc,cpu         ] GC(638) User=0.09s Sys=0.00s Real=0.05s
[252.976s][info][gc,start       ] GC(639) Pause Young (Allocation Failure)
[252.994s][info][gc,heap        ] GC(639) PSYoungGen: 123520K(123904K)->17984K(221184K) Eden: 111616K(111616K)->0K(117248K) From: 11904K(12288K)->17984K(103936K)
[252.994s][info][gc,heap        ] GC(639) ParOldGen: 259604K(491520K)->259604K(491520K)
[252.994s][info][gc,metaspace   ] GC(639) Metaspace: 18499K(18624K)->18499K(18624K) NonClass: 16671K(16768K)->16671K(16768K) Class: 1828K(1856K)->1828K(1856K)
[252.995s][info][gc             ] GC(639) Pause Young (Allocation Failure) 374M->271M(696M) 18.840ms
[252.995s][info][gc,cpu         ] GC(639) User=0.04s Sys=0.00s Real=0.02s
[253.089s][info][gc,start       ] GC(640) Pause Young (Allocation Failure)
[253.113s][info][gc,heap        ] GC(640) PSYoungGen: 135232K(221184K)->23264K(140800K) Eden: 117248K(117248K)->0K(117248K) From: 17984K(103936K)->23264K(23552K)
[253.113s][info][gc,heap        ] GC(640) ParOldGen: 259604K(491520K)->259604K(491520K)
[253.113s][info][gc,metaspace   ] GC(640) Metaspace: 18499K(18624K)->18499K(18624K) NonClass: 16671K(16768K)->16671K(16768K) Class: 1828K(1856K)->1828K(1856K)
[253.113s][info][gc             ] GC(640) Pause Young (Allocation Failure) 385M->276M(617M) 23.815ms
[253.113s][info][gc,cpu         ] GC(640) User=0.05s Sys=0.00s Real=0.03s
[253.202s][info][gc,start       ] GC(641) Pause Young (Allocation Failure)
[253.242s][info][gc,heap        ] GC(641) PSYoungGen: 140512K(140800K)->41632K(217600K) Eden: 117248K(117248K)->0K(123904K) From: 23264K(23552K)->41632K(93696K)
[253.242s][info][gc,heap        ] GC(641) ParOldGen: 259604K(491520K)->259604K(491520K)
[253.242s][info][gc,metaspace   ] GC(641) Metaspace: 18499K(18624K)->18499K(18624K) NonClass: 16671K(16768K)->16671K(16768K) Class: 1828K(1856K)->1828K(1856K)
[253.242s][info][gc             ] GC(641) Pause Young (Allocation Failure) 390M->294M(692M) 39.793ms
[253.242s][info][gc,cpu         ] GC(641) User=0.08s Sys=0.00s Real=0.04s
[253.309s][info][gc,start       ] GC(642) Pause Young (Allocation Failure)
[253.366s][info][gc,heap        ] GC(642) PSYoungGen: 165536K(217600K)->63040K(219136K) Eden: 123904K(123904K)->0K(123904K) From: 41632K(93696K)->63040K(95232K)
[253.366s][info][gc,heap        ] GC(642) ParOldGen: 259604K(491520K)->259604K(491520K)
[253.366s][info][gc,metaspace   ] GC(642) Metaspace: 18499K(18624K)->18499K(18624K) NonClass: 16671K(16768K)->16671K(16768K) Class: 1828K(1856K)->1828K(1856K)
[253.366s][info][gc             ] GC(642) Pause Young (Allocation Failure) 415M->315M(694M) 56.560ms
[253.366s][info][gc,cpu         ] GC(642) User=0.11s Sys=0.00s Real=0.06s
[253.454s][info][gc,start       ] GC(643) Pause Young (Allocation Failure)
[253.529s][info][gc,heap        ] GC(643) PSYoungGen: 186944K(219136K)->87056K(212480K) Eden: 123904K(123904K)->0K(111616K) From: 63040K(95232K)->87056K(100864K)
[253.529s][info][gc,heap        ] GC(643) ParOldGen: 259604K(491520K)->259604K(491520K)
[253.529s][info][gc,metaspace   ] GC(643) Metaspace: 18499K(18624K)->18499K(18624K) NonClass: 16671K(16768K)->16671K(16768K) Class: 1828K(1856K)->1828K(1856K)
[253.529s][info][gc             ] GC(643) Pause Young (Allocation Failure) 436M->338M(687M) 75.785ms
[253.529s][info][gc,cpu         ] GC(643) User=0.15s Sys=0.01s Real=0.07s
[253.653s][info][gc,start       ] GC(644) Pause Young (Allocation Failure)
[253.751s][info][gc,heap        ] GC(644) PSYoungGen: 198672K(212480K)->77299K(222720K) Eden: 111616K(111616K)->0K(111616K) From: 87056K(100864K)->77299K(111104K)
[253.751s][info][gc,heap        ] GC(644) ParOldGen: 259604K(491520K)->277617K(491520K)
[253.751s][info][gc,metaspace   ] GC(644) Metaspace: 18499K(18624K)->18499K(18624K) NonClass: 16671K(16768K)->16671K(16768K) Class: 1828K(1856K)->1828K(1856K)
[253.751s][info][gc             ] GC(644) Pause Young (Allocation Failure) 447M->346M(697M) 98.125ms
[253.751s][info][gc,cpu         ] GC(644) User=0.19s Sys=0.00s Real=0.09s
[253.846s][info][gc,start       ] GC(645) Pause Young (Allocation Failure)
[253.919s][info][gc,heap        ] GC(645) PSYoungGen: 188915K(222720K)->59891K(222720K) Eden: 111616K(111616K)->0K(111616K) From: 77299K(111104K)->59891K(111104K)
[253.919s][info][gc,heap        ] GC(645) ParOldGen: 277617K(491520K)->301329K(491520K)
[253.919s][info][gc,metaspace   ] GC(645) Metaspace: 18499K(18624K)->18499K(18624K) NonClass: 16671K(16768K)->16671K(16768K) Class: 1828K(1856K)->1828K(1856K)
[253.919s][info][gc             ] GC(645) Pause Young (Allocation Failure) 455M->352M(697M) 73.612ms
[253.919s][info][gc,cpu         ] GC(645) User=0.14s Sys=0.00s Real=0.07s
[253.981s][info][gc,start       ] GC(646) Pause Young (Allocation Failure)
[254.037s][info][gc,heap        ] GC(646) PSYoungGen: 171507K(222720K)->19203K(222720K) Eden: 111616K(111616K)->0K(111616K) From: 59891K(111104K)->19203K(111104K)
[254.037s][info][gc,heap        ] GC(646) ParOldGen: 301329K(491520K)->347105K(491520K)
[254.037s][info][gc,metaspace   ] GC(646) Metaspace: 18499K(18624K)->18499K(18624K) NonClass: 16671K(16768K)->16671K(16768K) Class: 1828K(1856K)->1828K(1856K)
[254.037s][info][gc             ] GC(646) Pause Young (Allocation Failure) 461M->357M(697M) 55.453ms
[254.037s][info][gc,cpu         ] GC(646) User=0.11s Sys=0.00s Real=0.06s
[254.094s][info][gc,start       ] GC(647) Pause Young (Allocation Failure)
[254.124s][info][gc,heap        ] GC(647) PSYoungGen: 130819K(222720K)->8064K(222720K) Eden: 111616K(111616K)->0K(111616K) From: 19203K(111104K)->8064K(111104K)
[254.125s][info][gc,heap        ] GC(647) ParOldGen: 347105K(491520K)->361572K(491520K)
[254.125s][info][gc,metaspace   ] GC(647) Metaspace: 18499K(18624K)->18499K(18624K) NonClass: 16671K(16768K)->16671K(16768K) Class: 1828K(1856K)->1828K(1856K)
[254.125s][info][gc             ] GC(647) Pause Young (Allocation Failure) 466M->360M(697M) 30.475ms
[254.125s][info][gc,cpu         ] GC(647) User=0.06s Sys=0.00s Real=0.03s
[254.241s][info][gc,start       ] GC(648) Pause Young (Allocation Failure)
[254.253s][info][gc,heap        ] GC(648) PSYoungGen: 119680K(222720K)->1600K(222720K) Eden: 111616K(111616K)->0K(111616K) From: 8064K(111104K)->1600K(111104K)
[254.253s][info][gc,heap        ] GC(648) ParOldGen: 361572K(491520K)->369620K(491520K)
[254.253s][info][gc,metaspace   ] GC(648) Metaspace: 18499K(18624K)->18499K(18624K) NonClass: 16671K(16768K)->16671K(16768K) Class: 1828K(1856K)->1828K(1856K)
[254.253s][info][gc             ] GC(648) Pause Young (Allocation Failure) 469M->362M(697M) 11.716ms
[254.253s][info][gc,cpu         ] GC(648) User=0.02s Sys=0.00s Real=0.02s
[254.617s][info][gc,start       ] GC(649) Pause Young (Allocation Failure)
[254.621s][info][gc,heap        ] GC(649) PSYoungGen: 113216K(222720K)->384K(222720K) Eden: 111616K(111616K)->0K(111616K) From: 1600K(111104K)->384K(111104K)
[254.621s][info][gc,heap        ] GC(649) ParOldGen: 369620K(491520K)->371196K(491520K)
[254.621s][info][gc,metaspace   ] GC(649) Metaspace: 18499K(18624K)->18499K(18624K) NonClass: 16671K(16768K)->16671K(16768K) Class: 1828K(1856K)->1828K(1856K)
[254.622s][info][gc             ] GC(649) Pause Young (Allocation Failure) 471M->362M(697M) 4.661ms
[254.622s][info][gc,cpu         ] GC(649) User=0.00s Sys=0.00s Real=0.00s
[254.867s][info][gc,start       ] GC(650) Pause Young (Allocation Failure)
[254.875s][info][gc,heap        ] GC(650) PSYoungGen: 112000K(222720K)->5216K(117248K) Eden: 111616K(111616K)->0K(111616K) From: 384K(111104K)->5216K(5632K)
[254.875s][info][gc,heap        ] GC(650) ParOldGen: 371196K(491520K)->371196K(491520K)
[254.875s][info][gc,metaspace   ] GC(650) Metaspace: 18499K(18624K)->18499K(18624K) NonClass: 16671K(16768K)->16671K(16768K) Class: 1828K(1856K)->1828K(1856K)
[254.875s][info][gc             ] GC(650) Pause Young (Allocation Failure) 471M->367M(594M) 7.757ms
[254.875s][info][gc,cpu         ] GC(650) User=0.02s Sys=0.00s Real=0.01s
[254.987s][info][gc,start       ] GC(651) Pause Young (Allocation Failure)
[255.033s][info][gc,heap        ] GC(651) PSYoungGen: 116832K(117248K)->51344K(218624K) Eden: 111616K(111616K)->0K(111104K) From: 5216K(5632K)->51344K(107520K)
[255.033s][info][gc,heap        ] GC(651) ParOldGen: 371196K(491520K)->371196K(491520K)
[255.033s][info][gc,metaspace   ] GC(651) Metaspace: 18500K(18624K)->18500K(18624K) NonClass: 16672K(16768K)->16672K(16768K) Class: 1828K(1856K)->1828K(1856K)
[255.033s][info][gc             ] GC(651) Pause Young (Allocation Failure) 476M->412M(693M) 46.195ms
[255.033s][info][gc,cpu         ] GC(651) User=0.10s Sys=0.00s Real=0.05s
[255.168s][info][gc,start       ] GC(652) Pause Young (Allocation Failure)
[255.239s][info][gc,heap        ] GC(652) PSYoungGen: 162448K(218624K)->77744K(219136K) Eden: 111104K(111104K)->0K(111104K) From: 51344K(107520K)->77744K(108032K)
[255.239s][info][gc,heap        ] GC(652) ParOldGen: 371196K(491520K)->371196K(491520K)
[255.239s][info][gc,metaspace   ] GC(652) Metaspace: 18501K(18624K)->18501K(18624K) NonClass: 16672K(16768K)->16672K(16768K) Class: 1828K(1856K)->1828K(1856K)
[255.239s][info][gc             ] GC(652) Pause Young (Allocation Failure) 521M->438M(694M) 70.524ms
[255.239s][info][gc,cpu         ] GC(652) User=0.14s Sys=0.00s Real=0.07s
[255.375s][info][gc,start       ] GC(653) Pause Young (Allocation Failure)
[255.454s][info][gc,heap        ] GC(653) PSYoungGen: 188848K(219136K)->82480K(222720K) Eden: 111104K(111104K)->0K(111616K) From: 77744K(108032K)->82480K(111104K)
[255.455s][info][gc,heap        ] GC(653) ParOldGen: 371196K(491520K)->376422K(491520K)
[255.455s][info][gc,metaspace   ] GC(653) Metaspace: 18501K(18624K)->18501K(18624K) NonClass: 16672K(16768K)->16672K(16768K) Class: 1828K(1856K)->1828K(1856K)
[255.455s][info][gc             ] GC(653) Pause Young (Allocation Failure) 546M->448M(697M) 79.945ms
[255.455s][info][gc,cpu         ] GC(653) User=0.16s Sys=0.00s Real=0.08s
[255.556s][info][gc,start       ] GC(654) Pause Young (Allocation Failure)
[255.632s][info][gc,heap        ] GC(654) PSYoungGen: 194096K(222720K)->11264K(222720K) Eden: 111616K(111616K)->0K(111616K) From: 82480K(111104K)->11264K(111104K)
[255.632s][info][gc,heap        ] GC(654) ParOldGen: 376422K(491520K)->449170K(491520K)
[255.632s][info][gc,metaspace   ] GC(654) Metaspace: 18501K(18624K)->18501K(18624K) NonClass: 16672K(16768K)->16672K(16768K) Class: 1828K(1856K)->1828K(1856K)
[255.632s][info][gc             ] GC(654) Pause Young (Allocation Failure) 557M->449M(697M) 75.979ms
[255.632s][info][gc,cpu         ] GC(654) User=0.15s Sys=0.00s Real=0.08s
[255.744s][info][gc,start       ] GC(655) Pause Young (Allocation Failure)
[255.761s][info][gc,heap        ] GC(655) PSYoungGen: 122880K(222720K)->960K(222720K) Eden: 111616K(111616K)->0K(111616K) From: 11264K(111104K)->960K(111104K)
[255.761s][info][gc,heap        ] GC(655) ParOldGen: 449170K(491520K)->460466K(491520K)
[255.761s][info][gc,metaspace   ] GC(655) Metaspace: 18501K(18624K)->18501K(18624K) NonClass: 16672K(16768K)->16672K(16768K) Class: 1828K(1856K)->1828K(1856K)
[255.761s][info][gc             ] GC(655) Pause Young (Allocation Failure) 558M->450M(697M) 16.580ms
[255.761s][info][gc,cpu         ] GC(655) User=0.04s Sys=0.00s Real=0.01s
[256.066s][info][gc,start       ] GC(656) Pause Young (Allocation Failure)
[256.070s][info][gc,heap        ] GC(656) PSYoungGen: 112576K(222720K)->672K(222720K) Eden: 111616K(111616K)->0K(111616K) From: 960K(111104K)->672K(111104K)
[256.070s][info][gc,heap        ] GC(656) ParOldGen: 460466K(491520K)->461394K(491520K)
[256.070s][info][gc,metaspace   ] GC(656) Metaspace: 18501K(18624K)->18501K(18624K) NonClass: 16672K(16768K)->16672K(16768K) Class: 1828K(1856K)->1828K(1856K)
[256.070s][info][gc             ] GC(656) Pause Young (Allocation Failure) 559M->451M(697M) 4.111ms
[256.070s][info][gc,cpu         ] GC(656) User=0.01s Sys=0.00s Real=0.00s
[256.244s][info][gc,start       ] GC(657) Pause Young (Allocation Failure)
[256.278s][info][gc,heap        ] GC(657) PSYoungGen: 112288K(222720K)->34400K(221696K) Eden: 111616K(111616K)->0K(111616K) From: 672K(111104K)->34400K(110080K)
[256.278s][info][gc,heap        ] GC(657) ParOldGen: 461394K(491520K)->462026K(491520K)
[256.278s][info][gc,metaspace   ] GC(657) Metaspace: 18501K(18624K)->18501K(18624K) NonClass: 16672K(16768K)->16672K(16768K) Class: 1828K(1856K)->1828K(1856K)
[256.278s][info][gc             ] GC(657) Pause Young (Allocation Failure) 560M->484M(696M) 33.876ms
[256.278s][info][gc,cpu         ] GC(657) User=0.07s Sys=0.00s Real=0.03s
[256.386s][info][gc,start       ] GC(658) Pause Young (Allocation Failure)
[256.476s][info][gc,heap        ] GC(658) PSYoungGen: 146016K(221696K)->96576K(222208K) Eden: 111616K(111616K)->0K(111616K) From: 34400K(110080K)->96576K(110592K)
[256.476s][info][gc,heap        ] GC(658) ParOldGen: 462026K(491520K)->462026K(491520K)
[256.476s][info][gc,metaspace   ] GC(658) Metaspace: 18501K(18624K)->18501K(18624K) NonClass: 16672K(16768K)->16672K(16768K) Class: 1828K(1856K)->1828K(1856K)
[256.476s][info][gc             ] GC(658) Pause Young (Allocation Failure) 593M->545M(697M) 90.124ms
[256.476s][info][gc,cpu         ] GC(658) User=0.17s Sys=0.00s Real=0.09s
[256.602s][info][gc,start       ] GC(659) Pause Young (Allocation Failure)
[256.767s][info][gc,heap        ] GC(659) PSYoungGen: 208192K(222208K)->44608K(222720K) Eden: 111616K(111616K)->0K(111616K) From: 96576K(110592K)->44608K(111104K)
[256.767s][info][gc,heap        ] GC(659) ParOldGen: 462026K(491520K)->558898K(559104K)
[256.767s][info][gc,metaspace   ] GC(659) Metaspace: 18501K(18624K)->18501K(18624K) NonClass: 16672K(16768K)->16672K(16768K) Class: 1828K(1856K)->1828K(1856K)
[256.767s][info][gc             ] GC(659) Pause Young (Allocation Failure) 654M->589M(763M) 165.826ms
[256.767s][info][gc,cpu         ] GC(659) User=0.28s Sys=0.05s Real=0.17s
[256.856s][info][gc,start       ] GC(660) Pause Young (Allocation Failure)
[256.946s][info][gc,heap        ] GC(660) PSYoungGen: 156224K(222720K)->35192K(222720K) Eden: 111616K(111616K)->0K(111616K) From: 44608K(111104K)->35192K(111104K)
[256.946s][info][gc,heap        ] GC(660) ParOldGen: 558898K(559104K)->603582K(603648K)
[256.946s][info][gc,metaspace   ] GC(660) Metaspace: 18502K(18624K)->18502K(18624K) NonClass: 16673K(16768K)->16673K(16768K) Class: 1828K(1856K)->1828K(1856K)
[256.946s][info][gc             ] GC(660) Pause Young (Allocation Failure) 698M->623M(807M) 90.263ms
[256.946s][info][gc,cpu         ] GC(660) User=0.14s Sys=0.03s Real=0.09s
[257.042s][info][gc,start       ] GC(661) Pause Full (Allocation Failure)
[257.042s][info][gc,phases,start] GC(661) Marking Phase
[257.107s][info][gc,phases      ] GC(661) Marking Phase 65.560ms
[257.107s][info][gc,phases,start] GC(661) Summary Phase
[257.107s][info][gc,phases      ] GC(661) Summary Phase 0.032ms
[257.107s][info][gc,phases,start] GC(661) Forward
[257.121s][info][gc,phases      ] GC(661) Forward 13.336ms
[257.121s][info][gc,phases,start] GC(661) Adjust Pointers
[257.165s][info][gc,phases      ] GC(661) Adjust Pointers 43.929ms
[257.165s][info][gc,phases,start] GC(661) Compaction Phase
[257.191s][info][gc,phases      ] GC(661) Compaction Phase 26.373ms
[257.194s][info][gc,phases,start] GC(661) Post Compact
[257.197s][info][gc,phases      ] GC(661) Post Compact 2.284ms
[257.216s][info][gc,heap        ] GC(661) PSYoungGen: 146808K(222720K)->0K(222720K) Eden: 111616K(111616K)->0K(111616K) From: 35192K(111104K)->0K(111104K)
[257.216s][info][gc,heap        ] GC(661) ParOldGen: 603582K(603648K)->108353K(392192K)
[257.216s][info][gc,metaspace   ] GC(661) Metaspace: 18502K(18624K)->18502K(18624K) NonClass: 16673K(16768K)->16673K(16768K) Class: 1828K(1856K)->1828K(1856K)
[257.216s][info][gc             ] GC(661) Pause Full (Allocation Failure) 732M->105M(600M) 174.340ms
[257.216s][info][gc,cpu         ] GC(661) User=0.28s Sys=0.02s Real=0.18s
[257.283s][info][gc,start       ] GC(662) Pause Young (Allocation Failure)
[257.289s][info][gc,heap        ] GC(662) PSYoungGen: 111616K(222720K)->4320K(222720K) Eden: 111616K(111616K)->0K(111616K) From: 0K(111104K)->4320K(111104K)
[257.289s][info][gc,heap        ] GC(662) ParOldGen: 108353K(392192K)->108353K(392192K)
[257.289s][info][gc,metaspace   ] GC(662) Metaspace: 18502K(18624K)->18502K(18624K) NonClass: 16673K(16768K)->16673K(16768K) Class: 1828K(1856K)->1828K(1856K)
[257.289s][info][gc             ] GC(662) Pause Young (Allocation Failure) 214M->110M(600M) 5.532ms
[257.289s][info][gc,cpu         ] GC(662) User=0.01s Sys=0.00s Real=0.00s
[257.362s][info][gc,start       ] GC(663) Pause Young (Allocation Failure)
[257.371s][info][gc,heap        ] GC(663) PSYoungGen: 115936K(222720K)->9392K(216576K) Eden: 111616K(111616K)->0K(111616K) From: 4320K(111104K)->9392K(104960K)
[257.371s][info][gc,heap        ] GC(663) ParOldGen: 108353K(392192K)->108353K(392192K)
[257.371s][info][gc,metaspace   ] GC(663) Metaspace: 18502K(18624K)->18502K(18624K) NonClass: 16673K(16768K)->16673K(16768K) Class: 1828K(1856K)->1828K(1856K)
[257.371s][info][gc             ] GC(663) Pause Young (Allocation Failure) 219M->114M(594M) 9.315ms
[257.371s][info][gc,cpu         ] GC(663) User=0.02s Sys=0.00s Real=0.01s
[257.433s][info][gc,start       ] GC(664) Pause Young (Allocation Failure)
[257.469s][info][gc,heap        ] GC(664) PSYoungGen: 121008K(216576K)->46336K(219648K) Eden: 111616K(111616K)->0K(111616K) From: 9392K(104960K)->46336K(108032K)
[257.469s][info][gc,heap        ] GC(664) ParOldGen: 108353K(392192K)->108353K(392192K)
[257.469s][info][gc,metaspace   ] GC(664) Metaspace: 18502K(18624K)->18502K(18624K) NonClass: 16673K(16768K)->16673K(16768K) Class: 1828K(1856K)->1828K(1856K)
[257.469s][info][gc             ] GC(664) Pause Young (Allocation Failure) 223M->151M(597M) 35.848ms
[257.469s][info][gc,cpu         ] GC(664) User=0.07s Sys=0.00s Real=0.03s
[257.548s][info][gc,start       ] GC(665) Pause Young (Allocation Failure)
[257.607s][info][gc,heap        ] GC(665) PSYoungGen: 157952K(219648K)->72144K(217088K) Eden: 111616K(111616K)->0K(111616K) From: 46336K(108032K)->72144K(105472K)
[257.607s][info][gc,heap        ] GC(665) ParOldGen: 108353K(392192K)->108353K(392192K)
[257.607s][info][gc,metaspace   ] GC(665) Metaspace: 18502K(18624K)->18502K(18624K) NonClass: 16673K(16768K)->16673K(16768K) Class: 1828K(1856K)->1828K(1856K)
[257.607s][info][gc             ] GC(665) Pause Young (Allocation Failure) 260M->176M(595M) 59.029ms
[257.607s][info][gc,cpu         ] GC(665) User=0.11s Sys=0.00s Real=0.06s
[257.805s][info][gc,start       ] GC(666) Pause Young (Allocation Failure)
[257.857s][info][gc,heap        ] GC(666) PSYoungGen: 183760K(217088K)->67968K(222720K) Eden: 111616K(111616K)->0K(111616K) From: 72144K(105472K)->67968K(111104K)
[257.858s][info][gc,heap        ] GC(666) ParOldGen: 108353K(392192K)->117777K(392192K)
[257.858s][info][gc,metaspace   ] GC(666) Metaspace: 18502K(18624K)->18502K(18624K) NonClass: 16674K(16768K)->16674K(16768K) Class: 1828K(1856K)->1828K(1856K)
[257.858s][info][gc             ] GC(666) Pause Young (Allocation Failure) 285M->181M(600M) 52.888ms
[257.858s][info][gc,cpu         ] GC(666) User=0.10s Sys=0.00s Real=0.05s
[258.001s][info][gc,start       ] GC(667) Pause Young (Allocation Failure)
[258.053s][info][gc,heap        ] GC(667) PSYoungGen: 179584K(222720K)->7297K(222720K) Eden: 111616K(111616K)->0K(111616K) From: 67968K(111104K)->7297K(111104K)
[258.053s][info][gc,heap        ] GC(667) ParOldGen: 117777K(392192K)->181313K(392192K)
[258.053s][info][gc,metaspace   ] GC(667) Metaspace: 18502K(18624K)->18502K(18624K) NonClass: 16674K(16768K)->16674K(16768K) Class: 1828K(1856K)->1828K(1856K)
[258.053s][info][gc             ] GC(667) Pause Young (Allocation Failure) 290M->184M(600M) 51.815ms
[258.053s][info][gc,cpu         ] GC(667) User=0.10s Sys=0.00s Real=0.06s
[258.167s][info][gc,start       ] GC(668) Pause Young (Allocation Failure)
[258.257s][info][gc,heap        ] GC(668) PSYoungGen: 118913K(222720K)->68292K(222720K) Eden: 111616K(111616K)->0K(111616K) From: 7297K(111104K)->68292K(111104K)
[258.257s][info][gc,heap        ] GC(668) ParOldGen: 181313K(392192K)->188471K(392192K)
[258.257s][info][gc,metaspace   ] GC(668) Metaspace: 18502K(18624K)->18502K(18624K) NonClass: 16674K(16768K)->16674K(16768K) Class: 1828K(1856K)->1828K(1856K)
[258.257s][info][gc             ] GC(668) Pause Young (Allocation Failure) 293M->250M(600M) 89.739ms
[258.257s][info][gc,cpu         ] GC(668) User=0.18s Sys=0.00s Real=0.09s
[258.333s][info][gc,start       ] GC(669) Pause Young (Allocation Failure)
[258.443s][info][gc,heap        ] GC(669) PSYoungGen: 179908K(222720K)->36704K(222720K) Eden: 111616K(111616K)->0K(111616K) From: 68292K(111104K)->36704K(111104K)
[258.443s][info][gc,heap        ] GC(669) ParOldGen: 188471K(392192K)->256953K(392192K)
[258.443s][info][gc,metaspace   ] GC(669) Metaspace: 18502K(18624K)->18502K(18624K) NonClass: 16674K(16768K)->16674K(16768K) Class: 1828K(1856K)->1828K(1856K)
[258.443s][info][gc             ] GC(669) Pause Young (Allocation Failure) 359M->286M(600M) 110.203ms
[258.443s][info][gc,cpu         ] GC(669) User=0.22s Sys=0.00s Real=0.11s
[258.497s][info][gc,start       ] GC(670) Pause Young (Allocation Failure)
[258.558s][info][gc,heap        ] GC(670) PSYoungGen: 148320K(222720K)->76016K(222720K) Eden: 111616K(111616K)->0K(111616K) From: 36704K(111104K)->76016K(111104K)
[258.558s][info][gc,heap        ] GC(670) ParOldGen: 256953K(392192K)->256953K(392192K)
[258.558s][info][gc,metaspace   ] GC(670) Metaspace: 18502K(18624K)->18502K(18624K) NonClass: 16674K(16768K)->16674K(16768K) Class: 1828K(1856K)->1828K(1856K)
[258.558s][info][gc             ] GC(670) Pause Young (Allocation Failure) 395M->325M(600M) 61.508ms
[258.558s][info][gc,cpu         ] GC(670) User=0.12s Sys=0.00s Real=0.06s
[258.676s][info][gc,start       ] GC(671) Pause Young (Allocation Failure)
[258.763s][info][gc,heap        ] GC(671) PSYoungGen: 187632K(222720K)->29728K(222720K) Eden: 111616K(111616K)->0K(111616K) From: 76016K(111104K)->29728K(111104K)
[258.764s][info][gc,heap        ] GC(671) ParOldGen: 256953K(392192K)->333713K(392192K)
[258.764s][info][gc,metaspace   ] GC(671) Metaspace: 18505K(18624K)->18505K(18624K) NonClass: 16677K(16768K)->16677K(16768K) Class: 1828K(1856K)->1828K(1856K)
[258.764s][info][gc             ] GC(671) Pause Young (Allocation Failure) 434M->354M(600M) 88.016ms
[258.764s][info][gc,cpu         ] GC(671) User=0.17s Sys=0.00s Real=0.09s
[258.844s][info][gc,start       ] GC(672) Pause Young (Allocation Failure)
[258.882s][info][gc,heap        ] GC(672) PSYoungGen: 141344K(222720K)->5024K(222720K) Eden: 111616K(111616K)->0K(111616K) From: 29728K(111104K)->5024K(111104K)
[258.882s][info][gc,heap        ] GC(672) ParOldGen: 333713K(392192K)->363633K(392192K)
[258.882s][info][gc,metaspace   ] GC(672) Metaspace: 18506K(18624K)->18506K(18624K) NonClass: 16678K(16768K)->16678K(16768K) Class: 1828K(1856K)->1828K(1856K)
[258.882s][info][gc             ] GC(672) Pause Young (Allocation Failure) 463M->360M(600M) 38.274ms
[258.882s][info][gc,cpu         ] GC(672) User=0.08s Sys=0.00s Real=0.04s
[258.937s][info][gc,start       ] GC(673) Pause Young (Allocation Failure)
[258.950s][info][gc,heap        ] GC(673) PSYoungGen: 116640K(222720K)->2016K(221696K) Eden: 111616K(111616K)->0K(111616K) From: 5024K(111104K)->2016K(110080K)
[258.950s][info][gc,heap        ] GC(673) ParOldGen: 363633K(392192K)->368625K(392192K)
[258.950s][info][gc,metaspace   ] GC(673) Metaspace: 18507K(18624K)->18507K(18624K) NonClass: 16678K(16768K)->16678K(16768K) Class: 1828K(1856K)->1828K(1856K)
[258.950s][info][gc             ] GC(673) Pause Young (Allocation Failure) 469M->361M(599M) 12.795ms
[258.950s][info][gc,cpu         ] GC(673) User=0.02s Sys=0.00s Real=0.01s
[259.075s][info][gc,start       ] GC(674) Pause Young (Allocation Failure)
[259.116s][info][gc,heap        ] GC(674) PSYoungGen: 113632K(221696K)->18081K(130048K) Eden: 111616K(111616K)->0K(111616K) From: 2016K(110080K)->18081K(18432K)
[259.116s][info][gc,heap        ] GC(674) ParOldGen: 368625K(392192K)->368625K(392192K)
[259.116s][info][gc,metaspace   ] GC(674) Metaspace: 18509K(18624K)->18509K(18624K) NonClass: 16681K(16768K)->16681K(16768K) Class: 1828K(1856K)->1828K(1856K)
[259.116s][info][gc             ] GC(674) Pause Young (Allocation Failure) 470M->377M(510M) 40.933ms
[259.116s][info][gc,cpu         ] GC(674) User=0.08s Sys=0.00s Real=0.04s
[259.215s][info][gc,start       ] GC(675) Pause Young (Allocation Failure)
[259.266s][info][gc,heap        ] GC(675) PSYoungGen: 129697K(130048K)->32161K(220160K) Eden: 111616K(111616K)->0K(120320K) From: 18081K(18432K)->32161K(99840K)
[259.266s][info][gc,heap        ] GC(675) ParOldGen: 368625K(392192K)->368625K(392192K)
[259.266s][info][gc,metaspace   ] GC(675) Metaspace: 18509K(18624K)->18509K(18624K) NonClass: 16681K(16768K)->16681K(16768K) Class: 1828K(1856K)->1828K(1856K)
[259.266s][info][gc             ] GC(675) Pause Young (Allocation Failure) 486M->391M(598M) 51.389ms
[259.266s][info][gc,cpu         ] GC(675) User=0.10s Sys=0.00s Real=0.05s
[259.352s][info][gc,start       ] GC(676) Pause Young (Allocation Failure)
[259.410s][info][gc,heap        ] GC(676) PSYoungGen: 152481K(220160K)->43361K(219136K) Eden: 120320K(120320K)->0K(120320K) From: 32161K(99840K)->43361K(98816K)
[259.410s][info][gc,heap        ] GC(676) ParOldGen: 368625K(392192K)->368625K(392192K)
[259.410s][info][gc,metaspace   ] GC(676) Metaspace: 18509K(18624K)->18509K(18624K) NonClass: 16681K(16768K)->16681K(16768K) Class: 1828K(1856K)->1828K(1856K)
[259.410s][info][gc             ] GC(676) Pause Young (Allocation Failure) 508M->402M(597M) 57.726ms
[259.410s][info][gc,cpu         ] GC(676) User=0.12s Sys=0.00s Real=0.05s
[259.524s][info][gc,start       ] GC(677) Pause Young (Allocation Failure)
[259.605s][info][gc,heap        ] GC(677) PSYoungGen: 163681K(219136K)->62817K(223232K) Eden: 120320K(120320K)->0K(126976K) From: 43361K(98816K)->62817K(96256K)
[259.605s][info][gc,heap        ] GC(677) ParOldGen: 368625K(392192K)->368625K(392192K)
[259.605s][info][gc,metaspace   ] GC(677) Metaspace: 18509K(18624K)->18509K(18624K) NonClass: 16681K(16768K)->16681K(16768K) Class: 1828K(1856K)->1828K(1856K)
[259.605s][info][gc             ] GC(677) Pause Young (Allocation Failure) 519M->421M(601M) 80.854ms
[259.605s][info][gc,cpu         ] GC(677) User=0.16s Sys=0.00s Real=0.08s
[259.688s][info][gc,start       ] GC(678) Pause Young (Allocation Failure)
[259.780s][info][gc,heap        ] GC(678) PSYoungGen: 189793K(223232K)->73793K(201216K) Eden: 126976K(126976K)->0K(126976K) From: 62817K(96256K)->73793K(74240K)
[259.780s][info][gc,heap        ] GC(678) ParOldGen: 368625K(392192K)->368625K(392192K)
[259.780s][info][gc,metaspace   ] GC(678) Metaspace: 18509K(18624K)->18509K(18624K) NonClass: 16681K(16768K)->16681K(16768K) Class: 1828K(1856K)->1828K(1856K)
[259.780s][info][gc             ] GC(678) Pause Young (Allocation Failure) 545M->432M(579M) 92.057ms
[259.781s][info][gc,cpu         ] GC(678) User=0.18s Sys=0.00s Real=0.09s
[259.885s][info][gc,start       ] GC(679) Pause Young (Allocation Failure)
[259.986s][info][gc,heap        ] GC(679) PSYoungGen: 200769K(201216K)->80801K(219648K) Eden: 126976K(126976K)->0K(111616K) From: 73793K(74240K)->80801K(108032K)
[259.987s][info][gc,heap        ] GC(679) ParOldGen: 368625K(392192K)->370625K(392192K)
[259.987s][info][gc,metaspace   ] GC(679) Metaspace: 18509K(18624K)->18509K(18624K) NonClass: 16681K(16768K)->16681K(16768K) Class: 1828K(1856K)->1828K(1856K)
[259.987s][info][gc             ] GC(679) Pause Young (Allocation Failure) 556M->440M(597M) 101.831ms
[259.987s][info][gc,cpu         ] GC(679) User=0.20s Sys=0.00s Real=0.10s
[260.121s][info][gc,start       ] GC(680) Pause Young (Allocation Failure)
[260.228s][info][gc,heap        ] GC(680) PSYoungGen: 192417K(219648K)->54080K(222720K) Eden: 111616K(111616K)->0K(111616K) From: 80801K(108032K)->54080K(111104K)
[260.228s][info][gc,heap        ] GC(680) ParOldGen: 370625K(392192K)->400846K(400896K)
[260.228s][info][gc,metaspace   ] GC(680) Metaspace: 18509K(18624K)->18509K(18624K) NonClass: 16681K(16768K)->16681K(16768K) Class: 1828K(1856K)->1828K(1856K)
[260.228s][info][gc             ] GC(680) Pause Young (Allocation Failure) 549M->444M(609M) 107.071ms
[260.228s][info][gc,cpu         ] GC(680) User=0.20s Sys=0.01s Real=0.11s
[260.407s][info][gc,start       ] GC(681) Pause Young (Allocation Failure)
[260.494s][info][gc,heap        ] GC(681) PSYoungGen: 165696K(222720K)->30976K(216576K) Eden: 111616K(111616K)->0K(111616K) From: 54080K(111104K)->30976K(104960K)
[260.494s][info][gc,heap        ] GC(681) ParOldGen: 400846K(400896K)->431590K(431616K)
[260.494s][info][gc,metaspace   ] GC(681) Metaspace: 18509K(18624K)->18509K(18624K) NonClass: 16681K(16768K)->16681K(16768K) Class: 1828K(1856K)->1828K(1856K)
[260.494s][info][gc             ] GC(681) Pause Young (Allocation Failure) 553M->451M(633M) 86.963ms
[260.494s][info][gc,cpu         ] GC(681) User=0.14s Sys=0.03s Real=0.09s
[260.646s][info][gc,start       ] GC(682) Pause Young (Allocation Failure)
[260.705s][info][gc,heap        ] GC(682) PSYoungGen: 142592K(216576K)->35424K(219648K) Eden: 111616K(111616K)->0K(111616K) From: 30976K(104960K)->35424K(108032K)
[260.705s][info][gc,heap        ] GC(682) ParOldGen: 431590K(431616K)->442604K(442880K)
[260.705s][info][gc,metaspace   ] GC(682) Metaspace: 18509K(18624K)->18509K(18624K) NonClass: 16681K(16768K)->16681K(16768K) Class: 1828K(1856K)->1828K(1856K)
[260.705s][info][gc             ] GC(682) Pause Young (Allocation Failure) 560M->466M(647M) 59.553ms
[260.705s][info][gc,cpu         ] GC(682) User=0.11s Sys=0.01s Real=0.06s
[261.159s][info][gc,start       ] GC(683) Pause Young (Allocation Failure)
[261.198s][info][gc,heap        ] GC(683) PSYoungGen: 147040K(219648K)->35488K(216064K) Eden: 111616K(111616K)->0K(121344K) From: 35424K(108032K)->35488K(94720K)
[261.198s][info][gc,heap        ] GC(683) ParOldGen: 442604K(442880K)->442604K(442880K)
[261.198s][info][gc,metaspace   ] GC(683) Metaspace: 18512K(18624K)->18512K(18624K) NonClass: 16683K(16768K)->16683K(16768K) Class: 1828K(1856K)->1828K(1856K)
[261.198s][info][gc             ] GC(683) Pause Young (Allocation Failure) 575M->466M(643M) 38.950ms
[261.198s][info][gc,cpu         ] GC(683) User=0.07s Sys=0.00s Real=0.04s
[261.510s][info][gc,start       ] GC(684) Pause Young (Allocation Failure)
[261.550s][info][gc,heap        ] GC(684) PSYoungGen: 156832K(216064K)->35552K(220160K) Eden: 121344K(121344K)->0K(121344K) From: 35488K(94720K)->35552K(98816K)
[261.550s][info][gc,heap        ] GC(684) ParOldGen: 442604K(442880K)->442604K(442880K)
[261.550s][info][gc,metaspace   ] GC(684) Metaspace: 18512K(18624K)->18512K(18624K) NonClass: 16683K(16768K)->16683K(16768K) Class: 1828K(1856K)->1828K(1856K)
[261.550s][info][gc             ] GC(684) Pause Young (Allocation Failure) 585M->466M(647M) 40.130ms
[261.550s][info][gc,cpu         ] GC(684) User=0.08s Sys=0.00s Real=0.04s
[261.869s][info][gc,start       ] GC(685) Pause Young (Allocation Failure)
[261.911s][info][gc,heap        ] GC(685) PSYoungGen: 156896K(220160K)->35584K(215552K) Eden: 121344K(121344K)->0K(130048K) From: 35552K(98816K)->35584K(85504K)
[261.911s][info][gc,heap        ] GC(685) ParOldGen: 442604K(442880K)->442604K(442880K)
[261.911s][info][gc,metaspace   ] GC(685) Metaspace: 18512K(18624K)->18512K(18624K) NonClass: 16684K(16768K)->16684K(16768K) Class: 1828K(1856K)->1828K(1856K)
[261.911s][info][gc             ] GC(685) Pause Young (Allocation Failure) 585M->466M(643M) 42.015ms
[261.911s][info][gc,cpu         ] GC(685) User=0.08s Sys=0.00s Real=0.04s
[262.235s][info][gc,start       ] GC(686) Pause Young (Allocation Failure)
[262.281s][info][gc,heap        ] GC(686) PSYoungGen: 165632K(215552K)->35584K(220160K) Eden: 130048K(130048K)->0K(130048K) From: 35584K(85504K)->35584K(90112K)
[262.281s][info][gc,heap        ] GC(686) ParOldGen: 442604K(442880K)->442604K(442880K)
[262.281s][info][gc,metaspace   ] GC(686) Metaspace: 18512K(18624K)->18512K(18624K) NonClass: 16684K(16768K)->16684K(16768K) Class: 1828K(1856K)->1828K(1856K)
[262.281s][info][gc             ] GC(686) Pause Young (Allocation Failure) 593M->466M(647M) 45.804ms
[262.281s][info][gc,cpu         ] GC(686) User=0.09s Sys=0.00s Real=0.04s
[262.556s][info][gc,start       ] GC(687) Pause Young (Allocation Failure)
[262.607s][info][gc,heap        ] GC(687) PSYoungGen: 165632K(220160K)->40448K(215040K) Eden: 130048K(130048K)->0K(138240K) From: 35584K(90112K)->40448K(76800K)
[262.607s][info][gc,heap        ] GC(687) ParOldGen: 442604K(442880K)->442604K(442880K)
[262.607s][info][gc,metaspace   ] GC(687) Metaspace: 18512K(18624K)->18512K(18624K) NonClass: 16684K(16768K)->16684K(16768K) Class: 1828K(1856K)->1828K(1856K)
[262.607s][info][gc             ] GC(687) Pause Young (Allocation Failure) 593M->471M(642M) 50.808ms
[262.607s][info][gc,cpu         ] GC(687) User=0.10s Sys=0.00s Real=0.05s
[262.783s][info][gc,start       ] GC(688) Pause Young (Allocation Failure)
[262.864s][info][gc,heap        ] GC(688) PSYoungGen: 178688K(215040K)->77654K(219648K) Eden: 138240K(138240K)->0K(138240K) From: 40448K(76800K)->77654K(81408K)
[262.864s][info][gc,heap        ] GC(688) ParOldGen: 442604K(442880K)->442604K(442880K)
[262.864s][info][gc,metaspace   ] GC(688) Metaspace: 18512K(18624K)->18512K(18624K) NonClass: 16684K(16768K)->16684K(16768K) Class: 1828K(1856K)->1828K(1856K)
[262.864s][info][gc             ] GC(688) Pause Young (Allocation Failure) 606M->508M(647M) 81.591ms
[262.864s][info][gc,cpu         ] GC(688) User=0.16s Sys=0.00s Real=0.08s
[263.031s][info][gc,start       ] GC(689) Pause Young (Allocation Failure)
[263.164s][info][gc,heap        ] GC(689) PSYoungGen: 215894K(219648K)->91110K(202752K) Eden: 138240K(138240K)->0K(111616K) From: 77654K(81408K)->91110K(91136K)
[263.164s][info][gc,heap        ] GC(689) ParOldGen: 442604K(442880K)->470988K(471040K)
[263.164s][info][gc,metaspace   ] GC(689) Metaspace: 18512K(18624K)->18512K(18624K) NonClass: 16684K(16768K)->16684K(16768K) Class: 1828K(1856K)->1828K(1856K)
[263.164s][info][gc             ] GC(689) Pause Young (Allocation Failure) 643M->548M(658M) 133.374ms
[263.164s][info][gc,cpu         ] GC(689) User=0.22s Sys=0.04s Real=0.14s
[263.288s][info][gc,start       ] GC(690) Pause Young (Allocation Failure)
[263.390s][info][gc,heap        ] GC(690) PSYoungGen: 202726K(202752K)->83974K(222720K) Eden: 111616K(111616K)->0K(111616K) From: 91110K(91136K)->83974K(111104K)
[263.390s][info][gc,heap        ] GC(690) ParOldGen: 470988K(471040K)->483492K(483840K)
[263.390s][info][gc,metaspace   ] GC(690) Metaspace: 18512K(18624K)->18512K(18624K) NonClass: 16684K(16768K)->16684K(16768K) Class: 1828K(1856K)->1828K(1856K)
[263.390s][info][gc             ] GC(690) Pause Young (Allocation Failure) 657M->554M(690M) 101.453ms
[263.390s][info][gc,cpu         ] GC(690) User=0.19s Sys=0.01s Real=0.10s
[263.479s][info][gc,start       ] GC(691) Pause Young (Allocation Failure)
[263.579s][info][gc,heap        ] GC(691) PSYoungGen: 195590K(222720K)->70758K(222720K) Eden: 111616K(111616K)->0K(111616K) From: 83974K(111104K)->70758K(111104K)
[263.579s][info][gc,heap        ] GC(691) ParOldGen: 483492K(483840K)->506426K(506880K)
[263.579s][info][gc,metaspace   ] GC(691) Metaspace: 18514K(18624K)->18514K(18624K) NonClass: 16686K(16768K)->16686K(16768K) Class: 1828K(1856K)->1828K(1856K)
[263.579s][info][gc             ] GC(691) Pause Young (Allocation Failure) 663M->563M(712M) 100.043ms
[263.579s][info][gc,cpu         ] GC(691) User=0.18s Sys=0.02s Real=0.10s
[263.674s][info][gc,start       ] GC(692) Pause Young (Allocation Failure)
[263.791s][info][gc,heap        ] GC(692) PSYoungGen: 182374K(222720K)->111078K(222720K) Eden: 111616K(111616K)->0K(111616K) From: 70758K(111104K)->111078K(111104K)
[263.791s][info][gc,heap        ] GC(692) ParOldGen: 506426K(506880K)->512490K(512512K)
[263.791s][info][gc,metaspace   ] GC(692) Metaspace: 18514K(18624K)->18514K(18624K) NonClass: 16686K(16768K)->16686K(16768K) Class: 1828K(1856K)->1828K(1856K)
[263.791s][info][gc             ] GC(692) Pause Young (Allocation Failure) 672M->608M(718M) 117.177ms
[263.791s][info][gc,cpu         ] GC(692) User=0.23s Sys=0.01s Real=0.11s
[263.899s][info][gc,start       ] GC(693) Pause Young (Allocation Failure)
[264.022s][info][gc,heap        ] GC(693) PSYoungGen: 222694K(222720K)->111100K(222720K) Eden: 111616K(111616K)->0K(111616K) From: 111078K(111104K)->111100K(111104K)
[264.022s][info][gc,heap        ] GC(693) ParOldGen: 512490K(512512K)->520176K(520192K)
[264.022s][info][gc,metaspace   ] GC(693) Metaspace: 18514K(18624K)->18514K(18624K) NonClass: 16686K(16768K)->16686K(16768K) Class: 1828K(1856K)->1828K(1856K)
[264.022s][info][gc             ] GC(693) Pause Young (Allocation Failure) 717M->616M(725M) 123.707ms
[264.022s][info][gc,cpu         ] GC(693) User=0.24s Sys=0.01s Real=0.13s
[264.095s][info][gc,start       ] GC(694) Pause Young (Allocation Failure)
[264.242s][info][gc,heap        ] GC(694) PSYoungGen: 222716K(222720K)->98262K(222720K) Eden: 111616K(111616K)->0K(111616K) From: 111100K(111104K)->98262K(111104K)
[264.242s][info][gc,heap        ] GC(694) ParOldGen: 520176K(520192K)->544955K(545280K)
[264.242s][info][gc,metaspace   ] GC(694) Metaspace: 18514K(18624K)->18514K(18624K) NonClass: 16686K(16768K)->16686K(16768K) Class: 1828K(1856K)->1828K(1856K)
[264.242s][info][gc             ] GC(694) Pause Young (Allocation Failure) 725M->628M(750M) 147.235ms
[264.243s][info][gc,cpu         ] GC(694) User=0.27s Sys=0.02s Real=0.15s
[264.316s][info][gc,start       ] GC(695) Pause Young (Allocation Failure)
[264.452s][info][gc,heap        ] GC(695) PSYoungGen: 209878K(222720K)->72172K(222720K) Eden: 111616K(111616K)->0K(111616K) From: 98262K(111104K)->72172K(111104K)
[264.452s][info][gc,heap        ] GC(695) ParOldGen: 544955K(545280K)->580878K(581120K)
[264.452s][info][gc,metaspace   ] GC(695) Metaspace: 18514K(18624K)->18514K(18624K) NonClass: 16686K(16768K)->16686K(16768K) Class: 1828K(1856K)->1828K(1856K)
[264.452s][info][gc             ] GC(695) Pause Young (Allocation Failure) 737M->637M(785M) 135.782ms
[264.452s][info][gc,cpu         ] GC(695) User=0.23s Sys=0.03s Real=0.13s
[264.555s][info][gc,start       ] GC(696) Pause Young (Allocation Failure)
[264.699s][info][gc,heap        ] GC(696) PSYoungGen: 183788K(222720K)->56736K(222720K) Eden: 111616K(111616K)->0K(111616K) From: 72172K(111104K)->56736K(111104K)
[264.700s][info][gc,heap        ] GC(696) ParOldGen: 580878K(581120K)->625002K(625152K)
[264.700s][info][gc,metaspace   ] GC(696) Metaspace: 18514K(18624K)->18514K(18624K) NonClass: 16686K(16768K)->16686K(16768K) Class: 1828K(1856K)->1828K(1856K)
[264.700s][info][gc             ] GC(696) Pause Young (Allocation Failure) 746M->665M(828M) 144.475ms
[264.700s][info][gc,cpu         ] GC(696) User=0.25s Sys=0.03s Real=0.14s
[264.782s][info][gc,start       ] GC(697) Pause Full (Allocation Failure)
[264.782s][info][gc,phases,start] GC(697) Marking Phase
[265.082s][info][gc,phases      ] GC(697) Marking Phase 300.222ms
[265.082s][info][gc,phases,start] GC(697) Summary Phase
[265.082s][info][gc,phases      ] GC(697) Summary Phase 0.033ms
[265.082s][info][gc,phases,start] GC(697) Forward
[265.165s][info][gc,phases      ] GC(697) Forward 82.979ms
[265.166s][info][gc,phases,start] GC(697) Adjust Pointers
[265.411s][info][gc,phases      ] GC(697) Adjust Pointers 245.760ms
[265.411s][info][gc,phases,start] GC(697) Compaction Phase
[265.564s][info][gc,phases      ] GC(697) Compaction Phase 152.661ms
[265.572s][info][gc,phases,start] GC(697) Post Compact
[265.574s][info][gc,phases      ] GC(697) Post Compact 2.361ms
[265.574s][info][gc,heap        ] GC(697) PSYoungGen: 168352K(222720K)->0K(222720K) Eden: 111616K(111616K)->0K(111616K) From: 56736K(111104K)->0K(111104K)
[265.574s][info][gc,heap        ] GC(697) ParOldGen: 625002K(625152K)->397292K(662016K)
[265.574s][info][gc,metaspace   ] GC(697) Metaspace: 18514K(18624K)->18514K(18624K) NonClass: 16686K(16768K)->16686K(16768K) Class: 1828K(1856K)->1828K(1856K)
[265.575s][info][gc             ] GC(697) Pause Full (Allocation Failure) 774M->387M(864M) 792.385ms
[265.575s][info][gc,cpu         ] GC(697) User=1.51s Sys=0.00s Real=0.79s
[265.641s][info][gc,start       ] GC(698) Pause Young (Allocation Failure)
[265.647s][info][gc,heap        ] GC(698) PSYoungGen: 111616K(222720K)->2592K(222720K) Eden: 111616K(111616K)->0K(111616K) From: 0K(111104K)->2592K(111104K)
[265.647s][info][gc,heap        ] GC(698) ParOldGen: 397292K(662016K)->397292K(662016K)
[265.647s][info][gc,metaspace   ] GC(698) Metaspace: 18514K(18624K)->18514K(18624K) NonClass: 16686K(16768K)->16686K(16768K) Class: 1828K(1856K)->1828K(1856K)
[265.647s][info][gc             ] GC(698) Pause Young (Allocation Failure) 496M->390M(864M) 6.091ms
[265.647s][info][gc,cpu         ] GC(698) User=0.01s Sys=0.00s Real=0.01s
[265.739s][info][gc,start       ] GC(699) Pause Young (Allocation Failure)
[265.752s][info][gc,heap        ] GC(699) PSYoungGen: 114208K(222720K)->4576K(222720K) Eden: 111616K(111616K)->0K(111616K) From: 2592K(111104K)->4576K(111104K)
[265.752s][info][gc,heap        ] GC(699) ParOldGen: 397292K(662016K)->397292K(662016K)
[265.752s][info][gc,metaspace   ] GC(699) Metaspace: 18514K(18624K)->18514K(18624K) NonClass: 16686K(16768K)->16686K(16768K) Class: 1828K(1856K)->1828K(1856K)
[265.752s][info][gc             ] GC(699) Pause Young (Allocation Failure) 499M->392M(864M) 13.148ms
[265.752s][info][gc,cpu         ] GC(699) User=0.02s Sys=0.00s Real=0.01s
[265.854s][info][gc,start       ] GC(700) Pause Young (Allocation Failure)
[265.877s][info][gc,heap        ] GC(700) PSYoungGen: 116192K(222720K)->8192K(222720K) Eden: 111616K(111616K)->0K(111616K) From: 4576K(111104K)->8192K(111104K)
[265.877s][info][gc,heap        ] GC(700) ParOldGen: 397292K(662016K)->401884K(662016K)
[265.877s][info][gc,metaspace   ] GC(700) Metaspace: 18514K(18624K)->18514K(18624K) NonClass: 16686K(16768K)->16686K(16768K) Class: 1828K(1856K)->1828K(1856K)
[265.877s][info][gc             ] GC(700) Pause Young (Allocation Failure) 501M->400M(864M) 23.381ms
[265.877s][info][gc,cpu         ] GC(700) User=0.05s Sys=0.01s Real=0.02s
[266.060s][info][gc,start       ] GC(701) Pause Young (Allocation Failure)
[266.081s][info][gc,heap        ] GC(701) PSYoungGen: 119808K(222720K)->3584K(222720K) Eden: 111616K(111616K)->0K(111616K) From: 8192K(111104K)->3584K(111104K)
[266.081s][info][gc,heap        ] GC(701) ParOldGen: 401884K(662016K)->410092K(662016K)
[266.081s][info][gc,metaspace   ] GC(701) Metaspace: 18514K(18624K)->18514K(18624K) NonClass: 16686K(16768K)->16686K(16768K) Class: 1828K(1856K)->1828K(1856K)
[266.081s][info][gc             ] GC(701) Pause Young (Allocation Failure) 509M->403M(864M) 20.310ms
[266.081s][info][gc,cpu         ] GC(701) User=0.04s Sys=0.00s Real=0.02s
[266.257s][info][gc,start       ] GC(702) Pause Young (Allocation Failure)
[266.268s][info][gc,heap        ] GC(702) PSYoungGen: 115200K(222720K)->3584K(222720K) Eden: 111616K(111616K)->0K(111616K) From: 3584K(111104K)->3584K(111104K)
[266.268s][info][gc,heap        ] GC(702) ParOldGen: 410092K(662016K)->413636K(662016K)
[266.268s][info][gc,metaspace   ] GC(702) Metaspace: 18514K(18624K)->18514K(18624K) NonClass: 16686K(16768K)->16686K(16768K) Class: 1828K(1856K)->1828K(1856K)
[266.268s][info][gc             ] GC(702) Pause Young (Allocation Failure) 512M->407M(864M) 11.289ms
[266.268s][info][gc,cpu         ] GC(702) User=0.02s Sys=0.00s Real=0.01s
[266.441s][info][gc,start       ] GC(703) Pause Young (Allocation Failure)
[266.464s][info][gc,heap        ] GC(703) PSYoungGen: 115200K(222720K)->13792K(222720K) Eden: 111616K(111616K)->0K(111616K) From: 3584K(111104K)->13792K(111104K)
[266.464s][info][gc,heap        ] GC(703) ParOldGen: 413636K(662016K)->417209K(662016K)
[266.464s][info][gc,metaspace   ] GC(703) Metaspace: 18514K(18624K)->18514K(18624K) NonClass: 16686K(16768K)->16686K(16768K) Class: 1828K(1856K)->1828K(1856K)
[266.464s][info][gc             ] GC(703) Pause Young (Allocation Failure) 516M->420M(864M) 22.683ms
[266.464s][info][gc,cpu         ] GC(703) User=0.04s Sys=0.00s Real=0.03s
[266.650s][info][gc,start       ] GC(704) Pause Young (Allocation Failure)
[266.692s][info][gc,heap        ] GC(704) PSYoungGen: 125408K(222720K)->17872K(222720K) Eden: 111616K(111616K)->0K(111616K) From: 13792K(111104K)->17872K(111104K)
[266.692s][info][gc,heap        ] GC(704) ParOldGen: 417209K(662016K)->431030K(662016K)
[266.692s][info][gc,metaspace   ] GC(704) Metaspace: 18514K(18624K)->18514K(18624K) NonClass: 16686K(16768K)->16686K(16768K) Class: 1828K(1856K)->1828K(1856K)
[266.692s][info][gc             ] GC(704) Pause Young (Allocation Failure) 529M->438M(864M) 42.344ms
[266.692s][info][gc,cpu         ] GC(704) User=0.08s Sys=0.00s Real=0.05s
[266.852s][info][gc,start       ] GC(705) Pause Young (Allocation Failure)
[266.881s][info][gc,heap        ] GC(705) PSYoungGen: 129488K(222720K)->10272K(222720K) Eden: 111616K(111616K)->0K(111616K) From: 17872K(111104K)->10272K(111104K)
[266.881s][info][gc,heap        ] GC(705) ParOldGen: 431030K(662016K)->448974K(662016K)
[266.881s][info][gc,metaspace   ] GC(705) Metaspace: 18514K(18624K)->18514K(18624K) NonClass: 16686K(16768K)->16686K(16768K) Class: 1828K(1856K)->1828K(1856K)
[266.881s][info][gc             ] GC(705) Pause Young (Allocation Failure) 547M->448M(864M) 29.270ms
[266.881s][info][gc,cpu         ] GC(705) User=0.06s Sys=0.00s Real=0.03s
[267.049s][info][gc,start       ] GC(706) Pause Young (Allocation Failure)
[267.078s][info][gc,heap        ] GC(706) PSYoungGen: 121888K(222720K)->19808K(222720K) Eden: 111616K(111616K)->0K(111616K) From: 10272K(111104K)->19808K(111104K)
[267.078s][info][gc,heap        ] GC(706) ParOldGen: 448974K(662016K)->459230K(662016K)
[267.078s][info][gc,metaspace   ] GC(706) Metaspace: 18514K(18624K)->18514K(18624K) NonClass: 16686K(16768K)->16686K(16768K) Class: 1828K(1856K)->1828K(1856K)
[267.078s][info][gc             ] GC(706) Pause Young (Allocation Failure) 557M->467M(864M) 28.650ms
[267.078s][info][gc,cpu         ] GC(706) User=0.06s Sys=0.00s Real=0.03s
[267.140s][info][gc,start       ] GC(707) Pause Young (Allocation Failure)
[267.184s][info][gc,heap        ] GC(707) PSYoungGen: 131424K(222720K)->40720K(222720K) Eden: 111616K(111616K)->0K(111616K) From: 19808K(111104K)->40720K(111104K)
[267.184s][info][gc,heap        ] GC(707) ParOldGen: 459230K(662016K)->479191K(662016K)
[267.185s][info][gc,metaspace   ] GC(707) Metaspace: 18514K(18624K)->18514K(18624K) NonClass: 16686K(16768K)->16686K(16768K) Class: 1828K(1856K)->1828K(1856K)
[267.185s][info][gc             ] GC(707) Pause Young (Allocation Failure) 576M->507M(864M) 44.038ms
[267.185s][info][gc,cpu         ] GC(707) User=0.09s Sys=0.00s Real=0.05s
[267.384s][info][gc,start       ] GC(708) Pause Young (Allocation Failure)
[267.425s][info][gc,heap        ] GC(708) PSYoungGen: 152336K(222720K)->20992K(132608K) Eden: 111616K(111616K)->0K(111616K) From: 40720K(111104K)->20992K(20992K)
[267.425s][info][gc,heap        ] GC(708) ParOldGen: 479191K(662016K)->520319K(662016K)
[267.425s][info][gc,metaspace   ] GC(708) Metaspace: 18514K(18624K)->18514K(18624K) NonClass: 16686K(16768K)->16686K(16768K) Class: 1828K(1856K)->1828K(1856K)
[267.425s][info][gc             ] GC(708) Pause Young (Allocation Failure) 616M->528M(776M) 40.509ms
[267.425s][info][gc,cpu         ] GC(708) User=0.08s Sys=0.00s Real=0.04s
[267.560s][info][gc,start       ] GC(709) Pause Young (Allocation Failure)
[267.588s][info][gc,heap        ] GC(709) PSYoungGen: 132608K(132608K)->23624K(223232K) Eden: 111616K(111616K)->0K(117248K) From: 20992K(20992K)->23624K(105984K)
[267.588s][info][gc,heap        ] GC(709) ParOldGen: 520319K(662016K)->520319K(662016K)
[267.588s][info][gc,metaspace   ] GC(709) Metaspace: 18514K(18624K)->18514K(18624K) NonClass: 16686K(16768K)->16686K(16768K) Class: 1828K(1856K)->1828K(1856K)
[267.588s][info][gc             ] GC(709) Pause Young (Allocation Failure) 637M->531M(864M) 27.905ms
[267.588s][info][gc,cpu         ] GC(709) User=0.06s Sys=0.00s Real=0.03s
[267.740s][info][gc,start       ] GC(710) Pause Young (Allocation Failure)
[267.805s][info][gc,heap        ] GC(710) PSYoungGen: 140872K(223232K)->59135K(220160K) Eden: 117248K(117248K)->0K(117248K) From: 23624K(105984K)->59135K(102912K)
[267.805s][info][gc,heap        ] GC(710) ParOldGen: 520319K(662016K)->520319K(662016K)
[267.805s][info][gc,metaspace   ] GC(710) Metaspace: 18514K(18624K)->18514K(18624K) NonClass: 16686K(16768K)->16686K(16768K) Class: 1828K(1856K)->1828K(1856K)
[267.805s][info][gc             ] GC(710) Pause Young (Allocation Failure) 645M->565M(861M) 65.172ms
[267.805s][info][gc,cpu         ] GC(710) User=0.13s Sys=0.00s Real=0.07s
[267.934s][info][gc,start       ] GC(711) Pause Young (Allocation Failure)
[268.023s][info][gc,heap        ] GC(711) PSYoungGen: 176383K(220160K)->80729K(217088K) Eden: 117248K(117248K)->0K(111616K) From: 59135K(102912K)->80729K(105472K)
[268.023s][info][gc,heap        ] GC(711) ParOldGen: 520319K(662016K)->520319K(662016K)
[268.023s][info][gc,metaspace   ] GC(711) Metaspace: 18514K(18624K)->18514K(18624K) NonClass: 16686K(16768K)->16686K(16768K) Class: 1828K(1856K)->1828K(1856K)
[268.023s][info][gc             ] GC(711) Pause Young (Allocation Failure) 680M->586M(858M) 88.283ms
[268.023s][info][gc,cpu         ] GC(711) User=0.18s Sys=0.00s Real=0.09s
[268.123s][info][gc,start       ] GC(712) Pause Young (Allocation Failure)
[268.219s][info][gc,heap        ] GC(712) PSYoungGen: 192345K(217088K)->61334K(222720K) Eden: 111616K(111616K)->0K(111616K) From: 80729K(105472K)->61334K(111104K)
[268.219s][info][gc,heap        ] GC(712) ParOldGen: 520319K(662016K)->544175K(662016K)
[268.219s][info][gc,metaspace   ] GC(712) Metaspace: 18514K(18624K)->18514K(18624K) NonClass: 16686K(16768K)->16686K(16768K) Class: 1828K(1856K)->1828K(1856K)
[268.219s][info][gc             ] GC(712) Pause Young (Allocation Failure) 695M->591M(864M) 95.459ms
[268.219s][info][gc,cpu         ] GC(712) User=0.19s Sys=0.00s Real=0.09s
[268.327s][info][gc,start       ] GC(713) Pause Young (Allocation Failure)
[268.402s][info][gc,heap        ] GC(713) PSYoungGen: 172950K(222720K)->4896K(222720K) Eden: 111616K(111616K)->0K(111616K) From: 61334K(111104K)->4896K(111104K)
[268.402s][info][gc,heap        ] GC(713) ParOldGen: 544175K(662016K)->601461K(662016K)
[268.402s][info][gc,metaspace   ] GC(713) Metaspace: 18514K(18624K)->18514K(18624K) NonClass: 16686K(16768K)->16686K(16768K) Class: 1828K(1856K)->1828K(1856K)
[268.402s][info][gc             ] GC(713) Pause Young (Allocation Failure) 700M->592M(864M) 75.164ms
[268.402s][info][gc,cpu         ] GC(713) User=0.15s Sys=0.00s Real=0.07s
[268.520s][info][gc,start       ] GC(714) Pause Young (Allocation Failure)
[268.536s][info][gc,heap        ] GC(714) PSYoungGen: 116512K(222720K)->2560K(222720K) Eden: 111616K(111616K)->0K(111616K) From: 4896K(111104K)->2560K(111104K)
[268.536s][info][gc,heap        ] GC(714) ParOldGen: 601461K(662016K)->606341K(662016K)
[268.536s][info][gc,metaspace   ] GC(714) Metaspace: 18514K(18624K)->18514K(18624K) NonClass: 16686K(16768K)->16686K(16768K) Class: 1828K(1856K)->1828K(1856K)
[268.536s][info][gc             ] GC(714) Pause Young (Allocation Failure) 701M->594M(864M) 16.015ms
[268.536s][info][gc,cpu         ] GC(714) User=0.03s Sys=0.00s Real=0.02s
[268.670s][info][gc,start       ] GC(715) Pause Young (Allocation Failure)
[268.677s][info][gc,heap        ] GC(715) PSYoungGen: 114176K(222720K)->1856K(222720K) Eden: 111616K(111616K)->0K(111616K) From: 2560K(111104K)->1856K(111104K)
[268.677s][info][gc,heap        ] GC(715) ParOldGen: 606341K(662016K)->608885K(662016K)
[268.678s][info][gc,metaspace   ] GC(715) Metaspace: 18514K(18624K)->18514K(18624K) NonClass: 16686K(16768K)->16686K(16768K) Class: 1828K(1856K)->1828K(1856K)
[268.678s][info][gc             ] GC(715) Pause Young (Allocation Failure) 703M->596M(864M) 7.743ms
[268.678s][info][gc,cpu         ] GC(715) User=0.02s Sys=0.00s Real=0.01s
[268.852s][info][gc,start       ] GC(716) Pause Young (Allocation Failure)
[268.868s][info][gc,heap        ] GC(716) PSYoungGen: 113472K(222720K)->12320K(124416K) Eden: 111616K(111616K)->0K(111616K) From: 1856K(111104K)->12320K(12800K)
[268.868s][info][gc,heap        ] GC(716) ParOldGen: 608885K(662016K)->608885K(662016K)
[268.868s][info][gc,metaspace   ] GC(716) Metaspace: 18514K(18624K)->18514K(18624K) NonClass: 16686K(16768K)->16686K(16768K) Class: 1828K(1856K)->1828K(1856K)
[268.868s][info][gc             ] GC(716) Pause Young (Allocation Failure) 705M->606M(768M) 15.940ms
[268.868s][info][gc,cpu         ] GC(716) User=0.03s Sys=0.00s Real=0.02s
[269.034s][info][gc,start       ] GC(717) Pause Young (Allocation Failure)
[269.077s][info][gc,heap        ] GC(717) PSYoungGen: 123936K(124416K)->30416K(218624K) Eden: 111616K(111616K)->0K(118784K) From: 12320K(12800K)->30416K(99840K)
[269.077s][info][gc,heap        ] GC(717) ParOldGen: 608885K(662016K)->608885K(662016K)
[269.077s][info][gc,metaspace   ] GC(717) Metaspace: 18514K(18624K)->18514K(18624K) NonClass: 16686K(16768K)->16686K(16768K) Class: 1828K(1856K)->1828K(1856K)
[269.077s][info][gc             ] GC(717) Pause Young (Allocation Failure) 715M->624M(860M) 43.407ms
[269.077s][info][gc,cpu         ] GC(717) User=0.09s Sys=0.00s Real=0.04s
[269.427s][info][gc,start       ] GC(718) Pause Young (Allocation Failure)
[269.466s][info][gc,heap        ] GC(718) PSYoungGen: 149200K(218624K)->36306K(217600K) Eden: 118784K(118784K)->0K(118784K) From: 30416K(99840K)->36306K(98816K)
[269.466s][info][gc,heap        ] GC(718) ParOldGen: 608885K(662016K)->608885K(662016K)
[269.466s][info][gc,metaspace   ] GC(718) Metaspace: 18514K(18624K)->18514K(18624K) NonClass: 16686K(16768K)->16686K(16768K) Class: 1828K(1856K)->1828K(1856K)
[269.466s][info][gc             ] GC(718) Pause Young (Allocation Failure) 740M->630M(859M) 39.006ms
[269.466s][info][gc,cpu         ] GC(718) User=0.08s Sys=0.00s Real=0.04s
[269.531s][info][gc,start       ] GC(719) Pause Young (Allocation Failure)
[269.600s][info][gc,heap        ] GC(719) PSYoungGen: 155090K(217600K)->78306K(210432K) Eden: 118784K(118784K)->0K(115712K) From: 36306K(98816K)->78306K(94720K)
[269.600s][info][gc,heap        ] GC(719) ParOldGen: 608885K(662016K)->608885K(662016K)
[269.600s][info][gc,metaspace   ] GC(719) Metaspace: 18514K(18624K)->18514K(18624K) NonClass: 16686K(16768K)->16686K(16768K) Class: 1828K(1856K)->1828K(1856K)
[269.600s][info][gc             ] GC(719) Pause Young (Allocation Failure) 746M->671M(852M) 68.833ms
[269.600s][info][gc,cpu         ] GC(719) User=0.14s Sys=0.00s Real=0.07s
[269.733s][info][gc,start       ] GC(720) Pause Young (Allocation Failure)
[269.820s][info][gc,heap        ] GC(720) PSYoungGen: 194018K(210432K)->105954K(221696K) Eden: 115712K(115712K)->0K(115712K) From: 78306K(94720K)->105954K(105984K)
[269.820s][info][gc,heap        ] GC(720) ParOldGen: 608885K(662016K)->615509K(662016K)
[269.820s][info][gc,metaspace   ] GC(720) Metaspace: 18514K(18624K)->18514K(18624K) NonClass: 16686K(16768K)->16686K(16768K) Class: 1828K(1856K)->1828K(1856K)
[269.820s][info][gc             ] GC(720) Pause Young (Allocation Failure) 784M->704M(863M) 86.849ms
[269.820s][info][gc,cpu         ] GC(720) User=0.17s Sys=0.00s Real=0.08s
[269.968s][info][gc,start       ] GC(721) Pause Young (Allocation Failure)
[270.057s][info][gc,heap        ] GC(721) PSYoungGen: 221666K(221696K)->97090K(222720K) Eden: 115712K(115712K)->0K(111616K) From: 105954K(105984K)->97090K(111104K)
[270.057s][info][gc,heap        ] GC(721) ParOldGen: 615509K(662016K)->627813K(662016K)
[270.057s][info][gc,metaspace   ] GC(721) Metaspace: 18514K(18624K)->18514K(18624K) NonClass: 16686K(16768K)->16686K(16768K) Class: 1828K(1856K)->1828K(1856K)
[270.057s][info][gc             ] GC(721) Pause Young (Allocation Failure) 817M->707M(864M) 89.526ms
[270.057s][info][gc,cpu         ] GC(721) User=0.17s Sys=0.00s Real=0.09s
[270.242s][info][gc,start       ] GC(722) Pause Full (Allocation Failure)
[270.242s][info][gc,phases,start] GC(722) Marking Phase
[270.613s][info][gc,phases      ] GC(722) Marking Phase 371.213ms
[270.613s][info][gc,phases,start] GC(722) Summary Phase
[270.613s][info][gc,phases      ] GC(722) Summary Phase 0.032ms
[270.613s][info][gc,phases,start] GC(722) Forward
[270.731s][info][gc,phases      ] GC(722) Forward 117.956ms
[270.731s][info][gc,phases,start] GC(722) Adjust Pointers
[271.016s][info][gc,phases      ] GC(722) Adjust Pointers 284.300ms
[271.016s][info][gc,phases,start] GC(722) Compaction Phase
[271.187s][info][gc,phases      ] GC(722) Compaction Phase 171.510ms
[271.198s][info][gc,phases,start] GC(722) Post Compact
[271.201s][info][gc,phases      ] GC(722) Post Compact 2.443ms
[271.201s][info][gc,heap        ] GC(722) PSYoungGen: 208706K(222720K)->0K(222720K) Eden: 111616K(111616K)->0K(111616K) From: 97090K(111104K)->0K(111104K)
[271.201s][info][gc,heap        ] GC(722) ParOldGen: 627813K(662016K)->526813K(667648K)
[271.201s][info][gc,metaspace   ] GC(722) Metaspace: 18514K(18624K)->18514K(18624K) NonClass: 16686K(16768K)->16686K(16768K) Class: 1828K(1856K)->1828K(1856K)
[271.201s][info][gc             ] GC(722) Pause Full (Allocation Failure) 816M->514M(869M) 959.088ms
[271.201s][info][gc,cpu         ] GC(722) User=1.81s Sys=0.00s Real=0.96s
[271.325s][info][gc,start       ] GC(723) Pause Young (Allocation Failure)
[271.342s][info][gc,heap        ] GC(723) PSYoungGen: 111616K(222720K)->12672K(222720K) Eden: 111616K(111616K)->0K(111616K) From: 0K(111104K)->12672K(111104K)
[271.342s][info][gc,heap        ] GC(723) ParOldGen: 526813K(667648K)->526813K(667648K)
[271.342s][info][gc,metaspace   ] GC(723) Metaspace: 18514K(18624K)->18514K(18624K) NonClass: 16686K(16768K)->16686K(16768K) Class: 1828K(1856K)->1828K(1856K)
[271.342s][info][gc             ] GC(723) Pause Young (Allocation Failure) 623M->526M(869M) 16.686ms
[271.342s][info][gc,cpu         ] GC(723) User=0.03s Sys=0.00s Real=0.01s
[271.457s][info][gc,start       ] GC(724) Pause Young (Allocation Failure)
[271.486s][info][gc,heap        ] GC(724) PSYoungGen: 124288K(222720K)->27744K(222720K) Eden: 111616K(111616K)->0K(111616K) From: 12672K(111104K)->27744K(111104K)
[271.486s][info][gc,heap        ] GC(724) ParOldGen: 526813K(667648K)->526813K(667648K)
[271.486s][info][gc,metaspace   ] GC(724) Metaspace: 18514K(18624K)->18514K(18624K) NonClass: 16686K(16768K)->16686K(16768K) Class: 1828K(1856K)->1828K(1856K)
[271.486s][info][gc             ] GC(724) Pause Young (Allocation Failure) 635M->541M(869M) 29.031ms
[271.486s][info][gc,cpu         ] GC(724) User=0.06s Sys=0.00s Real=0.03s
[271.567s][info][gc,start       ] GC(725) Pause Young (Allocation Failure)
[271.598s][info][gc,heap        ] GC(725) PSYoungGen: 139360K(222720K)->15424K(222720K) Eden: 111616K(111616K)->0K(111616K) From: 27744K(111104K)->15424K(111104K)
[271.598s][info][gc,heap        ] GC(725) ParOldGen: 526813K(667648K)->539509K(667648K)
[271.598s][info][gc,metaspace   ] GC(725) Metaspace: 18514K(18624K)->18514K(18624K) NonClass: 16686K(16768K)->16686K(16768K) Class: 1828K(1856K)->1828K(1856K)
[271.598s][info][gc             ] GC(725) Pause Young (Allocation Failure) 650M->541M(869M) 30.917ms
[271.598s][info][gc,cpu         ] GC(725) User=0.06s Sys=0.00s Real=0.03s
[271.719s][info][gc,start       ] GC(726) Pause Young (Allocation Failure)
[271.742s][info][gc,heap        ] GC(726) PSYoungGen: 127040K(222720K)->576K(222720K) Eden: 111616K(111616K)->0K(111616K) From: 15424K(111104K)->576K(111104K)
[271.742s][info][gc,heap        ] GC(726) ParOldGen: 539509K(667648K)->554989K(667648K)
[271.742s][info][gc,metaspace   ] GC(726) Metaspace: 18514K(18624K)->18514K(18624K) NonClass: 16686K(16768K)->16686K(16768K) Class: 1828K(1856K)->1828K(1856K)
[271.742s][info][gc             ] GC(726) Pause Young (Allocation Failure) 650M->542M(869M) 22.913ms
[271.742s][info][gc,cpu         ] GC(726) User=0.04s Sys=0.00s Real=0.03s
[271.858s][info][gc,start       ] GC(727) Pause Young (Allocation Failure)
[271.868s][info][gc,heap        ] GC(727) PSYoungGen: 112192K(222720K)->4192K(222720K) Eden: 111616K(111616K)->0K(111616K) From: 576K(111104K)->4192K(111104K)
[271.868s][info][gc,heap        ] GC(727) ParOldGen: 554989K(667648K)->555525K(667648K)
[271.868s][info][gc,metaspace   ] GC(727) Metaspace: 18514K(18624K)->18514K(18624K) NonClass: 16686K(16768K)->16686K(16768K) Class: 1828K(1856K)->1828K(1856K)
[271.868s][info][gc             ] GC(727) Pause Young (Allocation Failure) 651M->546M(869M) 9.381ms
[271.868s][info][gc,cpu         ] GC(727) User=0.02s Sys=0.00s Real=0.01s
[272.020s][info][gc,start       ] GC(728) Pause Young (Allocation Failure)
[272.037s][info][gc,heap        ] GC(728) PSYoungGen: 115808K(222720K)->9824K(222720K) Eden: 111616K(111616K)->0K(111616K) From: 4192K(111104K)->9824K(111104K)
[272.037s][info][gc,heap        ] GC(728) ParOldGen: 555525K(667648K)->559701K(667648K)
[272.037s][info][gc,metaspace   ] GC(728) Metaspace: 18514K(18624K)->18514K(18624K) NonClass: 16686K(16768K)->16686K(16768K) Class: 1828K(1856K)->1828K(1856K)
[272.037s][info][gc             ] GC(728) Pause Young (Allocation Failure) 655M->556M(869M) 17.063ms
[272.037s][info][gc,cpu         ] GC(728) User=0.04s Sys=0.00s Real=0.02s
[272.204s][info][gc,start       ] GC(729) Pause Young (Allocation Failure)
[272.234s][info][gc,heap        ] GC(729) PSYoungGen: 121440K(222720K)->17280K(219648K) Eden: 111616K(111616K)->0K(111616K) From: 9824K(111104K)->17280K(108032K)
[272.235s][info][gc,heap        ] GC(729) ParOldGen: 559701K(667648K)->569533K(667648K)
[272.235s][info][gc,metaspace   ] GC(729) Metaspace: 18514K(18624K)->18514K(18624K) NonClass: 16686K(16768K)->16686K(16768K) Class: 1828K(1856K)->1828K(1856K)
[272.235s][info][gc             ] GC(729) Pause Young (Allocation Failure) 665M->573M(866M) 30.230ms
[272.235s][info][gc,cpu         ] GC(729) User=0.06s Sys=0.00s Real=0.03s
[272.564s][info][gc,start       ] GC(730) Pause Young (Allocation Failure)
[272.587s][info][gc,heap        ] GC(730) PSYoungGen: 128896K(219648K)->18848K(130560K) Eden: 111616K(111616K)->0K(111616K) From: 17280K(108032K)->18848K(18944K)
[272.587s][info][gc,heap        ] GC(730) ParOldGen: 569533K(667648K)->569533K(667648K)
[272.587s][info][gc,metaspace   ] GC(730) Metaspace: 18514K(18624K)->18514K(18624K) NonClass: 16686K(16768K)->16686K(16768K) Class: 1828K(1856K)->1828K(1856K)
[272.587s][info][gc             ] GC(730) Pause Young (Allocation Failure) 682M->574M(779M) 23.270ms
[272.587s][info][gc,cpu         ] GC(730) User=0.05s Sys=0.00s Real=0.02s
[272.869s][info][gc,start       ] GC(731) Pause Young (Allocation Failure)
[272.891s][info][gc,heap        ] GC(731) PSYoungGen: 130464K(130560K)->18896K(212480K) Eden: 111616K(111616K)->0K(118272K) From: 18848K(18944K)->18896K(94208K)
[272.891s][info][gc,heap        ] GC(731) ParOldGen: 569533K(667648K)->569533K(667648K)
[272.891s][info][gc,metaspace   ] GC(731) Metaspace: 18514K(18624K)->18514K(18624K) NonClass: 16686K(16768K)->16686K(16768K) Class: 1828K(1856K)->1828K(1856K)
[272.891s][info][gc             ] GC(731) Pause Young (Allocation Failure) 683M->574M(859M) 21.816ms
[272.891s][info][gc,cpu         ] GC(731) User=0.04s Sys=0.00s Real=0.02s
[273.196s][info][gc,start       ] GC(732) Pause Young (Allocation Failure)
[273.227s][info][gc,heap        ] GC(732) PSYoungGen: 137168K(212480K)->18896K(216064K) Eden: 118272K(118272K)->0K(118272K) From: 18896K(94208K)->18896K(97792K)
[273.227s][info][gc,heap        ] GC(732) ParOldGen: 569533K(667648K)->569533K(667648K)
[273.227s][info][gc,metaspace   ] GC(732) Metaspace: 18514K(18624K)->18514K(18624K) NonClass: 16686K(16768K)->16686K(16768K) Class: 1828K(1856K)->1828K(1856K)
[273.227s][info][gc             ] GC(732) Pause Young (Allocation Failure) 690M->574M(863M) 31.728ms
[273.227s][info][gc,cpu         ] GC(732) User=0.06s Sys=0.00s Real=0.03s
[273.466s][info][gc,start       ] GC(733) Pause Young (Allocation Failure)
[273.489s][info][gc,heap        ] GC(733) PSYoungGen: 137168K(216064K)->19232K(205824K) Eden: 118272K(118272K)->0K(124928K) From: 18896K(97792K)->19232K(80896K)
[273.489s][info][gc,heap        ] GC(733) ParOldGen: 569533K(667648K)->569533K(667648K)
[273.489s][info][gc,metaspace   ] GC(733) Metaspace: 18514K(18624K)->18514K(18624K) NonClass: 16686K(16768K)->16686K(16768K) Class: 1828K(1856K)->1828K(1856K)
[273.489s][info][gc             ] GC(733) Pause Young (Allocation Failure) 690M->574M(853M) 22.859ms
[273.489s][info][gc,cpu         ] GC(733) User=0.04s Sys=0.00s Real=0.02s
[273.645s][info][gc,start       ] GC(734) Pause Young (Allocation Failure)
[273.692s][info][gc,heap        ] GC(734) PSYoungGen: 144160K(205824K)->54608K(211456K) Eden: 124928K(124928K)->0K(124928K) From: 19232K(80896K)->54608K(86528K)
[273.692s][info][gc,heap        ] GC(734) ParOldGen: 569533K(667648K)->569533K(667648K)
[273.692s][info][gc,metaspace   ] GC(734) Metaspace: 18514K(18624K)->18514K(18624K) NonClass: 16686K(16768K)->16686K(16768K) Class: 1828K(1856K)->1828K(1856K)
[273.692s][info][gc             ] GC(734) Pause Young (Allocation Failure) 696M->609M(858M) 46.984ms
[273.692s][info][gc,cpu         ] GC(734) User=0.09s Sys=0.00s Real=0.05s
[273.826s][info][gc,start       ] GC(735) Pause Young (Allocation Failure)
[273.907s][info][gc,heap        ] GC(735) PSYoungGen: 179536K(211456K)->91120K(204800K) Eden: 124928K(124928K)->0K(113664K) From: 54608K(86528K)->91120K(91136K)
[273.907s][info][gc,heap        ] GC(735) ParOldGen: 569533K(667648K)->573997K(667648K)
[273.907s][info][gc,metaspace   ] GC(735) Metaspace: 18514K(18624K)->18514K(18624K) NonClass: 16686K(16768K)->16686K(16768K) Class: 1828K(1856K)->1828K(1856K)
[273.907s][info][gc             ] GC(735) Pause Young (Allocation Failure) 731M->649M(852M) 81.786ms
[273.907s][info][gc,cpu         ] GC(735) User=0.15s Sys=0.02s Real=0.08s
[274.117s][info][gc,start       ] GC(736) Pause Young (Allocation Failure)
[274.189s][info][gc,heap        ] GC(736) PSYoungGen: 204784K(204800K)->75456K(189440K) Eden: 113664K(113664K)->0K(113664K) From: 91120K(91136K)->75456K(75776K)
[274.189s][info][gc,heap        ] GC(736) ParOldGen: 573997K(667648K)->592893K(667648K)
[274.189s][info][gc,metaspace   ] GC(736) Metaspace: 18514K(18624K)->18514K(18624K) NonClass: 16686K(16768K)->16686K(16768K) Class: 1828K(1856K)->1828K(1856K)
[274.189s][info][gc             ] GC(736) Pause Young (Allocation Failure) 760M->652M(837M) 71.996ms
[274.189s][info][gc,cpu         ] GC(736) User=0.14s Sys=0.00s Real=0.07s
[274.375s][info][gc,start       ] GC(737) Pause Young (Allocation Failure)
[274.464s][info][gc,heap        ] GC(737) PSYoungGen: 189120K(189440K)->95760K(222720K) Eden: 113664K(113664K)->0K(111616K) From: 75456K(75776K)->95760K(111104K)
[274.464s][info][gc,heap        ] GC(737) ParOldGen: 592893K(667648K)->592933K(667648K)
[274.464s][info][gc,metaspace   ] GC(737) Metaspace: 18514K(18624K)->18514K(18624K) NonClass: 16686K(16768K)->16686K(16768K) Class: 1828K(1856K)->1828K(1856K)
[274.464s][info][gc             ] GC(737) Pause Young (Allocation Failure) 763M->672M(869M) 89.278ms
[274.464s][info][gc,cpu         ] GC(737) User=0.17s Sys=0.00s Real=0.09s
[274.586s][info][gc,start       ] GC(738) Pause Young (Allocation Failure)
[274.699s][info][gc,heap        ] GC(738) PSYoungGen: 207376K(222720K)->83888K(222720K) Eden: 111616K(111616K)->0K(111616K) From: 95760K(111104K)->83888K(111104K)
[274.699s][info][gc,heap        ] GC(738) ParOldGen: 592933K(667648K)->629022K(667648K)
[274.699s][info][gc,metaspace   ] GC(738) Metaspace: 18514K(18624K)->18514K(18624K) NonClass: 16686K(16768K)->16686K(16768K) Class: 1828K(1856K)->1828K(1856K)
[274.699s][info][gc             ] GC(738) Pause Young (Allocation Failure) 781M->696M(869M) 113.008ms
[274.699s][info][gc,cpu         ] GC(738) User=0.23s Sys=0.00s Real=0.11s
[274.842s][info][gc,start       ] GC(739) Pause Full (Allocation Failure)
[274.842s][info][gc,phases,start] GC(739) Marking Phase
[275.385s][info][gc,phases      ] GC(739) Marking Phase 542.946ms
[275.385s][info][gc,phases,start] GC(739) Summary Phase
[275.385s][info][gc,phases      ] GC(739) Summary Phase 0.030ms
[275.385s][info][gc,phases,start] GC(739) Forward
[275.535s][info][gc,phases      ] GC(739) Forward 150.371ms
[275.535s][info][gc,phases,start] GC(739) Adjust Pointers
[275.961s][info][gc,phases      ] GC(739) Adjust Pointers 425.805ms
[275.961s][info][gc,phases,start] GC(739) Compaction Phase
[276.223s][info][gc,phases      ] GC(739) Compaction Phase 261.665ms
[276.237s][info][gc,phases,start] GC(739) Post Compact
[276.240s][info][gc,phases      ] GC(739) Post Compact 2.430ms
[276.240s][info][gc,heap        ] GC(739) PSYoungGen: 195504K(222720K)->5510K(222720K) Eden: 111616K(111616K)->0K(111616K) From: 83888K(111104K)->5510K(111104K)
[276.240s][info][gc,heap        ] GC(739) ParOldGen: 629022K(667648K)->667643K(667648K)
[276.240s][info][gc,metaspace   ] GC(739) Metaspace: 18514K(18624K)->18514K(18624K) NonClass: 16686K(16768K)->16686K(16768K) Class: 1828K(1856K)->1828K(1856K)
[276.240s][info][gc             ] GC(739) Pause Full (Allocation Failure) 805M->657M(869M) 1398.023ms
[276.240s][info][gc,cpu         ] GC(739) User=2.68s Sys=0.04s Real=1.40s
[276.318s][info][gc,start       ] GC(740) Pause Full (Allocation Failure)
[276.318s][info][gc,phases,start] GC(740) Marking Phase
[276.880s][info][gc,phases      ] GC(740) Marking Phase 561.638ms
[276.880s][info][gc,phases,start] GC(740) Summary Phase
[276.880s][info][gc,phases      ] GC(740) Summary Phase 0.028ms
[276.880s][info][gc,phases,start] GC(740) Forward
[276.899s][info][gc,phases      ] GC(740) Forward 18.471ms
[276.899s][info][gc,phases,start] GC(740) Adjust Pointers
[277.278s][info][gc,phases      ] GC(740) Adjust Pointers 379.392ms
[277.278s][info][gc,phases,start] GC(740) Compaction Phase
[277.429s][info][gc,phases      ] GC(740) Compaction Phase 150.880ms
[277.431s][info][gc,phases,start] GC(740) Post Compact
[277.434s][info][gc,phases      ] GC(740) Post Compact 2.333ms
[277.434s][info][gc,heap        ] GC(740) PSYoungGen: 117126K(222720K)->8687K(222720K) Eden: 111616K(111616K)->8687K(111616K) From: 5510K(111104K)->0K(111104K)
[277.434s][info][gc,heap        ] GC(740) ParOldGen: 667643K(667648K)->667642K(667648K)
[277.434s][info][gc,metaspace   ] GC(740) Metaspace: 18514K(18624K)->18514K(18624K) NonClass: 16686K(16768K)->16686K(16768K) Class: 1828K(1856K)->1828K(1856K)
[277.434s][info][gc             ] GC(740) Pause Full (Allocation Failure) 766M->660M(869M) 1115.417ms
[277.434s][info][gc,cpu         ] GC(740) User=2.18s Sys=0.00s Real=1.12s
[277.548s][info][gc,start       ] GC(741) Pause Full (Allocation Failure)
[277.548s][info][gc,phases,start] GC(741) Marking Phase
[278.076s][info][gc,phases      ] GC(741) Marking Phase 527.997ms
[278.076s][info][gc,phases,start] GC(741) Summary Phase
[278.076s][info][gc,phases      ] GC(741) Summary Phase 0.025ms
[278.076s][info][gc,phases,start] GC(741) Forward
[278.081s][info][gc,phases      ] GC(741) Forward 4.334ms
[278.081s][info][gc,phases,start] GC(741) Adjust Pointers
[278.434s][info][gc,phases      ] GC(741) Adjust Pointers 353.204ms
[278.434s][info][gc,phases,start] GC(741) Compaction Phase
[278.576s][info][gc,phases      ] GC(741) Compaction Phase 142.176ms
[278.576s][info][gc,phases,start] GC(741) Post Compact
[278.579s][info][gc,phases      ] GC(741) Post Compact 2.260ms
[278.579s][info][gc,heap        ] GC(741) PSYoungGen: 111616K(222720K)->9264K(222720K) Eden: 111616K(111616K)->9264K(111616K) From: 0K(111104K)->0K(111104K)
[278.579s][info][gc,heap        ] GC(741) ParOldGen: 667642K(667648K)->667642K(667648K)
[278.579s][info][gc,metaspace   ] GC(741) Metaspace: 18514K(18624K)->18514K(18624K) NonClass: 16686K(16768K)->16686K(16768K) Class: 1828K(1856K)->1828K(1856K)
[278.579s][info][gc             ] GC(741) Pause Full (Allocation Failure) 760M->661M(869M) 1030.451ms
[278.579s][info][gc,cpu         ] GC(741) User=2.02s Sys=0.00s Real=1.03s
[278.697s][info][gc,start       ] GC(742) Pause Full (Allocation Failure)
[278.697s][info][gc,phases,start] GC(742) Marking Phase
[279.255s][info][gc,phases      ] GC(742) Marking Phase 558.623ms
[279.255s][info][gc,phases,start] GC(742) Summary Phase
[279.255s][info][gc,phases      ] GC(742) Summary Phase 0.028ms
[279.255s][info][gc,phases,start] GC(742) Forward
[279.264s][info][gc,phases      ] GC(742) Forward 8.900ms
[279.264s][info][gc,phases,start] GC(742) Adjust Pointers
[279.626s][info][gc,phases      ] GC(742) Adjust Pointers 361.532ms
[279.626s][info][gc,phases,start] GC(742) Compaction Phase
[279.775s][info][gc,phases      ] GC(742) Compaction Phase 148.591ms
[279.775s][info][gc,phases,start] GC(742) Post Compact
[279.777s][info][gc,phases      ] GC(742) Post Compact 2.276ms
[279.777s][info][gc,heap        ] GC(742) PSYoungGen: 111616K(222720K)->13592K(222720K) Eden: 111616K(111616K)->13592K(111616K) From: 0K(111104K)->0K(111104K)
[279.777s][info][gc,heap        ] GC(742) ParOldGen: 667642K(667648K)->667641K(667648K)
[279.777s][info][gc,metaspace   ] GC(742) Metaspace: 18514K(18624K)->18514K(18624K) NonClass: 16686K(16768K)->16686K(16768K) Class: 1828K(1856K)->1828K(1856K)
[279.777s][info][gc             ] GC(742) Pause Full (Allocation Failure) 760M->665M(869M) 1080.476ms
[279.777s][info][gc,cpu         ] GC(742) User=2.12s Sys=0.00s Real=1.08s
[279.888s][info][gc,start       ] GC(743) Pause Full (Allocation Failure)
[279.888s][info][gc,phases,start] GC(743) Marking Phase
[280.434s][info][gc,phases      ] GC(743) Marking Phase 545.979ms
[280.434s][info][gc,phases,start] GC(743) Summary Phase
[280.434s][info][gc,phases      ] GC(743) Summary Phase 0.025ms
[280.434s][info][gc,phases,start] GC(743) Forward
[280.441s][info][gc,phases      ] GC(743) Forward 6.735ms
[280.441s][info][gc,phases,start] GC(743) Adjust Pointers
[280.818s][info][gc,phases      ] GC(743) Adjust Pointers 377.192ms
[280.818s][info][gc,phases,start] GC(743) Compaction Phase
[280.961s][info][gc,phases      ] GC(743) Compaction Phase 142.781ms
[280.961s][info][gc,phases,start] GC(743) Post Compact
[280.963s][info][gc,phases      ] GC(743) Post Compact 2.316ms
[280.963s][info][gc,heap        ] GC(743) PSYoungGen: 111616K(222720K)->13602K(222720K) Eden: 111616K(111616K)->13602K(111616K) From: 0K(111104K)->0K(111104K)
[280.963s][info][gc,heap        ] GC(743) ParOldGen: 667641K(667648K)->667641K(667648K)
[280.963s][info][gc,metaspace   ] GC(743) Metaspace: 18514K(18624K)->18514K(18624K) NonClass: 16686K(16768K)->16686K(16768K) Class: 1828K(1856K)->1828K(1856K)
[280.963s][info][gc             ] GC(743) Pause Full (Allocation Failure) 760M->665M(869M) 1075.494ms
[280.963s][info][gc,cpu         ] GC(743) User=2.10s Sys=0.00s Real=1.08s
[281.088s][info][gc,start       ] GC(744) Pause Full (Allocation Failure)
[281.088s][info][gc,phases,start] GC(744) Marking Phase
[281.625s][info][gc,phases      ] GC(744) Marking Phase 536.945ms
[281.625s][info][gc,phases,start] GC(744) Summary Phase
[281.626s][info][gc,phases      ] GC(744) Summary Phase 0.027ms
[281.626s][info][gc,phases,start] GC(744) Forward
[281.654s][info][gc,phases      ] GC(744) Forward 28.771ms
[281.654s][info][gc,phases,start] GC(744) Adjust Pointers
[282.022s][info][gc,phases      ] GC(744) Adjust Pointers 367.684ms
[282.022s][info][gc,phases,start] GC(744) Compaction Phase
[282.174s][info][gc,phases      ] GC(744) Compaction Phase 152.324ms
[282.176s][info][gc,phases,start] GC(744) Post Compact
[282.179s][info][gc,phases      ] GC(744) Post Compact 2.296ms
[282.179s][info][gc,heap        ] GC(744) PSYoungGen: 111616K(222720K)->23779K(222720K) Eden: 111616K(111616K)->23779K(111616K) From: 0K(111104K)->0K(111104K)
[282.179s][info][gc,heap        ] GC(744) ParOldGen: 667641K(667648K)->667641K(667648K)
[282.179s][info][gc,metaspace   ] GC(744) Metaspace: 18514K(18624K)->18514K(18624K) NonClass: 16686K(16768K)->16686K(16768K) Class: 1828K(1856K)->1828K(1856K)
[282.179s][info][gc             ] GC(744) Pause Full (Allocation Failure) 760M->675M(869M) 1090.165ms
[282.179s][info][gc,cpu         ] GC(744) User=2.14s Sys=0.00s Real=1.09s
[282.309s][info][gc,start       ] GC(745) Pause Full (Allocation Failure)
[282.309s][info][gc,phases,start] GC(745) Marking Phase
[282.759s][info][gc,phases      ] GC(745) Marking Phase 449.715ms
[282.759s][info][gc,phases,start] GC(745) Summary Phase
[282.759s][info][gc,phases      ] GC(745) Summary Phase 0.056ms
[282.759s][info][gc,phases,start] GC(745) Forward
[282.886s][info][gc,phases      ] GC(745) Forward 126.637ms
[282.886s][info][gc,phases,start] GC(745) Adjust Pointers
[283.232s][info][gc,phases      ] GC(745) Adjust Pointers 345.781ms
[283.232s][info][gc,phases,start] GC(745) Compaction Phase
[283.419s][info][gc,phases      ] GC(745) Compaction Phase 186.980ms
[283.428s][info][gc,phases,start] GC(745) Post Compact
[283.431s][info][gc,phases      ] GC(745) Post Compact 2.333ms
[283.431s][info][gc,heap        ] GC(745) PSYoungGen: 111616K(222720K)->0K(222720K) Eden: 111616K(111616K)->0K(111616K) From: 0K(111104K)->0K(111104K)
[283.431s][info][gc,heap        ] GC(745) ParOldGen: 667641K(667648K)->576333K(667648K)
[283.431s][info][gc,metaspace   ] GC(745) Metaspace: 18514K(18624K)->18514K(18624K) NonClass: 16686K(16768K)->16686K(16768K) Class: 1828K(1856K)->1828K(1856K)
[283.431s][info][gc             ] GC(745) Pause Full (Allocation Failure) 760M->562M(869M) 1121.692ms
[283.431s][info][gc,cpu         ] GC(745) User=2.15s Sys=0.00s Real=1.12s
[283.756s][info][gc,start       ] GC(746) Pause Young (Allocation Failure)
[283.766s][info][gc,heap        ] GC(746) PSYoungGen: 111616K(222720K)->1664K(222720K) Eden: 111616K(111616K)->0K(111616K) From: 0K(111104K)->1664K(111104K)
[283.766s][info][gc,heap        ] GC(746) ParOldGen: 576333K(667648K)->576333K(667648K)
[283.766s][info][gc,metaspace   ] GC(746) Metaspace: 18514K(18624K)->18514K(18624K) NonClass: 16686K(16768K)->16686K(16768K) Class: 1828K(1856K)->1828K(1856K)
[283.766s][info][gc             ] GC(746) Pause Young (Allocation Failure) 671M->564M(869M) 9.550ms
[283.766s][info][gc,cpu         ] GC(746) User=0.02s Sys=0.00s Real=0.01s
[283.992s][info][gc,start       ] GC(747) Pause Young (Allocation Failure)
[284.005s][info][gc,heap        ] GC(747) PSYoungGen: 113280K(222720K)->11595K(222720K) Eden: 111616K(111616K)->0K(111616K) From: 1664K(111104K)->11595K(111104K)
[284.005s][info][gc,heap        ] GC(747) ParOldGen: 576333K(667648K)->576333K(667648K)
[284.005s][info][gc,metaspace   ] GC(747) Metaspace: 18515K(18624K)->18515K(18624K) NonClass: 16686K(16768K)->16686K(16768K) Class: 1828K(1856K)->1828K(1856K)
[284.005s][info][gc             ] GC(747) Pause Young (Allocation Failure) 673M->574M(869M) 12.477ms
[284.005s][info][gc,cpu         ] GC(747) User=0.02s Sys=0.00s Real=0.01s
[284.147s][info][gc,start       ] GC(748) Pause Young (Allocation Failure)
[284.170s][info][gc,heap        ] GC(748) PSYoungGen: 123211K(222720K)->11408K(222720K) Eden: 111616K(111616K)->0K(111616K) From: 11595K(111104K)->11408K(111104K)
[284.170s][info][gc,heap        ] GC(748) ParOldGen: 576333K(667648K)->587721K(667648K)
[284.170s][info][gc,metaspace   ] GC(748) Metaspace: 18515K(18624K)->18515K(18624K) NonClass: 16686K(16768K)->16686K(16768K) Class: 1828K(1856K)->1828K(1856K)
[284.170s][info][gc             ] GC(748) Pause Young (Allocation Failure) 683M->585M(869M) 23.581ms
[284.170s][info][gc,cpu         ] GC(748) User=0.04s Sys=0.00s Real=0.02s
[284.323s][info][gc,start       ] GC(749) Pause Young (Allocation Failure)
[284.346s][info][gc,heap        ] GC(749) PSYoungGen: 123024K(222720K)->15536K(222720K) Eden: 111616K(111616K)->0K(111616K) From: 11408K(111104K)->15536K(111104K)
[284.347s][info][gc,heap        ] GC(749) ParOldGen: 587721K(667648K)->594065K(667648K)
[284.347s][info][gc,metaspace   ] GC(749) Metaspace: 18519K(18624K)->18519K(18624K) NonClass: 16691K(16768K)->16691K(16768K) Class: 1828K(1856K)->1828K(1856K)
[284.347s][info][gc             ] GC(749) Pause Young (Allocation Failure) 694M->595M(869M) 23.598ms
[284.347s][info][gc,cpu         ] GC(749) User=0.05s Sys=0.00s Real=0.02s
[284.493s][info][gc,start       ] GC(750) Pause Young (Allocation Failure)
[284.517s][info][gc,heap        ] GC(750) PSYoungGen: 127152K(222720K)->10848K(222720K) Eden: 111616K(111616K)->0K(111616K) From: 15536K(111104K)->10848K(111104K)
[284.517s][info][gc,heap        ] GC(750) ParOldGen: 594065K(667648K)->609713K(667648K)
[284.517s][info][gc,metaspace   ] GC(750) Metaspace: 18520K(18624K)->18520K(18624K) NonClass: 16691K(16768K)->16691K(16768K) Class: 1828K(1856K)->1828K(1856K)
[284.517s][info][gc             ] GC(750) Pause Young (Allocation Failure) 704M->606M(869M) 24.520ms
[284.517s][info][gc,cpu         ] GC(750) User=0.05s Sys=0.00s Real=0.02s
[284.659s][info][gc,start       ] GC(751) Pause Young (Allocation Failure)
[284.689s][info][gc,heap        ] GC(751) PSYoungGen: 122464K(222720K)->15168K(222720K) Eden: 111616K(111616K)->0K(111616K) From: 10848K(111104K)->15168K(111104K)
[284.689s][info][gc,heap        ] GC(751) ParOldGen: 609713K(667648K)->620649K(667648K)
[284.689s][info][gc,metaspace   ] GC(751) Metaspace: 18520K(18624K)->18520K(18624K) NonClass: 16691K(16768K)->16691K(16768K) Class: 1828K(1856K)->1828K(1856K)
[284.689s][info][gc             ] GC(751) Pause Young (Allocation Failure) 715M->620M(869M) 30.331ms
[284.689s][info][gc,cpu         ] GC(751) User=0.06s Sys=0.00s Real=0.03s
[284.837s][info][gc,start       ] GC(752) Pause Young (Allocation Failure)
[284.862s][info][gc,heap        ] GC(752) PSYoungGen: 126784K(222720K)->2816K(219648K) Eden: 111616K(111616K)->0K(111616K) From: 15168K(111104K)->2816K(108032K)
[284.862s][info][gc,heap        ] GC(752) ParOldGen: 620649K(667648K)->635825K(667648K)
[284.862s][info][gc,metaspace   ] GC(752) Metaspace: 18521K(18624K)->18521K(18624K) NonClass: 16693K(16768K)->16693K(16768K) Class: 1828K(1856K)->1828K(1856K)
[284.862s][info][gc             ] GC(752) Pause Young (Allocation Failure) 729M->623M(866M) 25.480ms
[284.862s][info][gc,cpu         ] GC(752) User=0.05s Sys=0.00s Real=0.03s
[285.172s][info][gc,start       ] GC(753) Pause Full (Allocation Failure)
[285.172s][info][gc,phases,start] GC(753) Marking Phase
[285.514s][info][gc,phases      ] GC(753) Marking Phase 342.158ms
[285.514s][info][gc,phases,start] GC(753) Summary Phase
[285.514s][info][gc,phases      ] GC(753) Summary Phase 0.031ms
[285.514s][info][gc,phases,start] GC(753) Forward
[285.591s][info][gc,phases      ] GC(753) Forward 76.772ms
[285.591s][info][gc,phases,start] GC(753) Adjust Pointers
[285.853s][info][gc,phases      ] GC(753) Adjust Pointers 261.861ms
[285.853s][info][gc,phases,start] GC(753) Compaction Phase
[285.967s][info][gc,phases      ] GC(753) Compaction Phase 114.182ms
[285.973s][info][gc,phases,start] GC(753) Post Compact
[285.976s][info][gc,phases      ] GC(753) Post Compact 2.311ms
[285.976s][info][gc,heap        ] GC(753) PSYoungGen: 114432K(219648K)->0K(221184K) Eden: 111616K(111616K)->0K(111616K) From: 2816K(108032K)->0K(109568K)
[285.976s][info][gc,heap        ] GC(753) ParOldGen: 635825K(667648K)->443489K(667648K)
[285.976s][info][gc,metaspace   ] GC(753) Metaspace: 18524K(18624K)->18524K(18624K) NonClass: 16696K(16768K)->16696K(16768K) Class: 1828K(1856K)->1828K(1856K)
[285.976s][info][gc             ] GC(753) Pause Full (Allocation Failure) 732M->433M(868M) 804.205ms
[285.976s][info][gc,cpu         ] GC(753) User=1.51s Sys=0.00s Real=0.81s
[286.286s][info][gc,start       ] GC(754) Pause Young (Allocation Failure)
[286.289s][info][gc,heap        ] GC(754) PSYoungGen: 111616K(221184K)->1216K(217088K) Eden: 111616K(111616K)->0K(114688K) From: 0K(109568K)->1216K(102400K)
[286.289s][info][gc,heap        ] GC(754) ParOldGen: 443489K(667648K)->443489K(667648K)
[286.290s][info][gc,metaspace   ] GC(754) Metaspace: 18524K(18624K)->18524K(18624K) NonClass: 16696K(16768K)->16696K(16768K) Class: 1828K(1856K)->1828K(1856K)
[286.290s][info][gc             ] GC(754) Pause Young (Allocation Failure) 542M->434M(864M) 3.545ms
[286.290s][info][gc,cpu         ] GC(754) User=0.00s Sys=0.00s Real=0.00s
[286.446s][info][gc,start       ] GC(755) Pause Young (Allocation Failure)
[286.463s][info][gc,heap        ] GC(755) PSYoungGen: 115904K(217088K)->14544K(129536K) Eden: 114688K(114688K)->0K(114688K) From: 1216K(102400K)->14544K(14848K)
[286.463s][info][gc,heap        ] GC(755) ParOldGen: 443489K(667648K)->443489K(667648K)
[286.463s][info][gc,metaspace   ] GC(755) Metaspace: 18527K(18624K)->18527K(18624K) NonClass: 16698K(16768K)->16698K(16768K) Class: 1828K(1856K)->1828K(1856K)
[286.463s][info][gc             ] GC(755) Pause Young (Allocation Failure) 546M->447M(778M) 17.258ms
[286.463s][info][gc,cpu         ] GC(755) User=0.03s Sys=0.00s Real=0.02s
[286.633s][info][gc,start       ] GC(756) Pause Young (Allocation Failure)
[286.654s][info][gc,heap        ] GC(756) PSYoungGen: 129232K(129536K)->17936K(205312K) Eden: 114688K(114688K)->0K(118272K) From: 14544K(14848K)->17936K(87040K)
[286.654s][info][gc,heap        ] GC(756) ParOldGen: 443489K(667648K)->443489K(667648K)
[286.654s][info][gc,metaspace   ] GC(756) Metaspace: 18527K(18624K)->18527K(18624K) NonClass: 16698K(16768K)->16698K(16768K) Class: 1828K(1856K)->1828K(1856K)
[286.654s][info][gc             ] GC(756) Pause Young (Allocation Failure) 559M->450M(852M) 20.700ms
[286.654s][info][gc,cpu         ] GC(756) User=0.04s Sys=0.01s Real=0.02s
[286.725s][info][gc,start       ] GC(757) Pause Young (Allocation Failure)
[286.777s][info][gc,heap        ] GC(757) PSYoungGen: 136208K(205312K)->62544K(211968K) Eden: 118272K(118272K)->0K(118272K) From: 17936K(87040K)->62544K(93696K)
[286.777s][info][gc,heap        ] GC(757) ParOldGen: 443489K(667648K)->443489K(667648K)
[286.777s][info][gc,metaspace   ] GC(757) Metaspace: 18527K(18624K)->18527K(18624K) NonClass: 16698K(16768K)->16698K(16768K) Class: 1828K(1856K)->1828K(1856K)
[286.777s][info][gc             ] GC(757) Pause Young (Allocation Failure) 566M->494M(859M) 52.884ms
[286.777s][info][gc,cpu         ] GC(757) User=0.10s Sys=0.00s Real=0.05s
[286.963s][info][gc,start       ] GC(758) Pause Young (Allocation Failure)
[287.042s][info][gc,heap        ] GC(758) PSYoungGen: 180816K(211968K)->94368K(212480K) Eden: 118272K(118272K)->0K(111616K) From: 62544K(93696K)->94368K(100864K)
[287.043s][info][gc,heap        ] GC(758) ParOldGen: 443489K(667648K)->443489K(667648K)
[287.043s][info][gc,metaspace   ] GC(758) Metaspace: 18527K(18624K)->18527K(18624K) NonClass: 16698K(16768K)->16698K(16768K) Class: 1828K(1856K)->1828K(1856K)
[287.043s][info][gc             ] GC(758) Pause Young (Allocation Failure) 609M->525M(859M) 79.483ms
[287.043s][info][gc,cpu         ] GC(758) User=0.14s Sys=0.01s Real=0.08s
[287.165s][info][gc,start       ] GC(759) Pause Young (Allocation Failure)
[287.237s][info][gc,heap        ] GC(759) PSYoungGen: 205984K(212480K)->96256K(222720K) Eden: 111616K(111616K)->0K(111616K) From: 94368K(100864K)->96256K(111104K)
[287.237s][info][gc,heap        ] GC(759) ParOldGen: 443489K(667648K)->444654K(667648K)
[287.237s][info][gc,metaspace   ] GC(759) Metaspace: 18527K(18624K)->18527K(18624K) NonClass: 16698K(16768K)->16698K(16768K) Class: 1828K(1856K)->1828K(1856K)
[287.237s][info][gc             ] GC(759) Pause Young (Allocation Failure) 634M->528M(869M) 72.960ms
[287.237s][info][gc,cpu         ] GC(759) User=0.15s Sys=0.00s Real=0.07s
[287.404s][info][gc,start       ] GC(760) Pause Young (Allocation Failure)
[287.518s][info][gc,heap        ] GC(760) PSYoungGen: 207872K(222720K)->110288K(222720K) Eden: 111616K(111616K)->0K(111616K) From: 96256K(111104K)->110288K(111104K)
[287.518s][info][gc,heap        ] GC(760) ParOldGen: 444654K(667648K)->445462K(667648K)
[287.518s][info][gc,metaspace   ] GC(760) Metaspace: 18527K(18624K)->18527K(18624K) NonClass: 16698K(16768K)->16698K(16768K) Class: 1828K(1856K)->1828K(1856K)
[287.519s][info][gc             ] GC(760) Pause Young (Allocation Failure) 637M->542M(869M) 114.628ms
[287.519s][info][gc,cpu         ] GC(760) User=0.21s Sys=0.01s Real=0.11s
[287.665s][info][gc,start       ] GC(761) Pause Young (Allocation Failure)
[287.797s][info][gc,heap        ] GC(761) PSYoungGen: 221904K(222720K)->50016K(222720K) Eden: 111616K(111616K)->0K(111616K) From: 110288K(111104K)->50016K(111104K)
[287.797s][info][gc,heap        ] GC(761) ParOldGen: 445462K(667648K)->522874K(667648K)
[287.797s][info][gc,metaspace   ] GC(761) Metaspace: 18527K(18624K)->18527K(18624K) NonClass: 16698K(16768K)->16698K(16768K) Class: 1828K(1856K)->1828K(1856K)
[287.797s][info][gc             ] GC(761) Pause Young (Allocation Failure) 651M->559M(869M) 132.207ms
[287.797s][info][gc,cpu         ] GC(761) User=0.27s Sys=0.00s Real=0.13s
[287.945s][info][gc,start       ] GC(762) Pause Young (Allocation Failure)
[288.041s][info][gc,heap        ] GC(762) PSYoungGen: 161632K(222720K)->30048K(222720K) Eden: 111616K(111616K)->0K(111616K) From: 50016K(111104K)->30048K(111104K)
[288.041s][info][gc,heap        ] GC(762) ParOldGen: 522874K(667648K)->556802K(667648K)
[288.041s][info][gc,metaspace   ] GC(762) Metaspace: 18527K(18624K)->18527K(18624K) NonClass: 16698K(16768K)->16698K(16768K) Class: 1828K(1856K)->1828K(1856K)
[288.041s][info][gc             ] GC(762) Pause Young (Allocation Failure) 668M->573M(869M) 96.458ms
[288.041s][info][gc,cpu         ] GC(762) User=0.19s Sys=0.00s Real=0.09s
[288.158s][info][gc,start       ] GC(763) Pause Young (Allocation Failure)
[288.197s][info][gc,heap        ] GC(763) PSYoungGen: 141664K(222720K)->736K(222720K) Eden: 111616K(111616K)->0K(111616K) From: 30048K(111104K)->736K(111104K)
[288.197s][info][gc,heap        ] GC(763) ParOldGen: 556802K(667648K)->586930K(667648K)
[288.197s][info][gc,metaspace   ] GC(763) Metaspace: 18527K(18624K)->18527K(18624K) NonClass: 16698K(16768K)->16698K(16768K) Class: 1828K(1856K)->1828K(1856K)
[288.197s][info][gc             ] GC(763) Pause Young (Allocation Failure) 682M->573M(869M) 39.531ms
[288.197s][info][gc,cpu         ] GC(763) User=0.08s Sys=0.00s Real=0.04s
[288.320s][info][gc,start       ] GC(764) Pause Young (Allocation Failure)
[288.328s][info][gc,heap        ] GC(764) PSYoungGen: 112352K(222720K)->512K(222720K) Eden: 111616K(111616K)->0K(111616K) From: 736K(111104K)->512K(111104K)
[288.328s][info][gc,heap        ] GC(764) ParOldGen: 586930K(667648K)->587634K(667648K)
[288.328s][info][gc,metaspace   ] GC(764) Metaspace: 18527K(18624K)->18527K(18624K) NonClass: 16698K(16768K)->16698K(16768K) Class: 1828K(1856K)->1828K(1856K)
[288.328s][info][gc             ] GC(764) Pause Young (Allocation Failure) 682M->574M(869M) 8.686ms
[288.328s][info][gc,cpu         ] GC(764) User=0.01s Sys=0.00s Real=0.01s
[288.462s][info][gc,start       ] GC(765) Pause Young (Allocation Failure)
[288.475s][info][gc,heap        ] GC(765) PSYoungGen: 112128K(222720K)->4512K(222720K) Eden: 111616K(111616K)->0K(111616K) From: 512K(111104K)->4512K(111104K)
[288.475s][info][gc,heap        ] GC(765) ParOldGen: 587634K(667648K)->588138K(667648K)
[288.475s][info][gc,metaspace   ] GC(765) Metaspace: 18527K(18624K)->18527K(18624K) NonClass: 16698K(16768K)->16698K(16768K) Class: 1828K(1856K)->1828K(1856K)
[288.475s][info][gc             ] GC(765) Pause Young (Allocation Failure) 683M->578M(869M) 12.819ms
[288.475s][info][gc,cpu         ] GC(765) User=0.02s Sys=0.00s Real=0.01s
[288.549s][info][gc,start       ] GC(766) Pause Young (Allocation Failure)
[288.581s][info][gc,heap        ] GC(766) PSYoungGen: 116128K(222720K)->31968K(222720K) Eden: 111616K(111616K)->0K(111616K) From: 4512K(111104K)->31968K(111104K)
[288.581s][info][gc,heap        ] GC(766) ParOldGen: 588138K(667648K)->592626K(667648K)
[288.581s][info][gc,metaspace   ] GC(766) Metaspace: 18530K(18624K)->18530K(18624K) NonClass: 16701K(16768K)->16701K(16768K) Class: 1828K(1856K)->1828K(1856K)
[288.581s][info][gc             ] GC(766) Pause Young (Allocation Failure) 687M->609M(869M) 31.272ms
[288.581s][info][gc,cpu         ] GC(766) User=0.06s Sys=0.00s Real=0.03s
[288.707s][info][gc,start       ] GC(767) Pause Young (Allocation Failure)
[288.752s][info][gc,heap        ] GC(767) PSYoungGen: 143584K(222720K)->20960K(222720K) Eden: 111616K(111616K)->0K(111616K) From: 31968K(111104K)->20960K(111104K)
[288.752s][info][gc,heap        ] GC(767) ParOldGen: 592626K(667648K)->624927K(667648K)
[288.752s][info][gc,metaspace   ] GC(767) Metaspace: 18530K(18624K)->18530K(18624K) NonClass: 16701K(16768K)->16701K(16768K) Class: 1828K(1856K)->1828K(1856K)
[288.752s][info][gc             ] GC(767) Pause Young (Allocation Failure) 718M->630M(869M) 44.519ms
[288.752s][info][gc,cpu         ] GC(767) User=0.09s Sys=0.00s Real=0.04s
[288.872s][info][gc,start       ] GC(768) Pause Full (Allocation Failure)
[288.872s][info][gc,phases,start] GC(768) Marking Phase
[289.188s][info][gc,phases      ] GC(768) Marking Phase 316.174ms
[289.188s][info][gc,phases,start] GC(768) Summary Phase
[289.188s][info][gc,phases      ] GC(768) Summary Phase 0.028ms
[289.188s][info][gc,phases,start] GC(768) Forward
[289.292s][info][gc,phases      ] GC(768) Forward 103.296ms
[289.292s][info][gc,phases,start] GC(768) Adjust Pointers
[289.555s][info][gc,phases      ] GC(768) Adjust Pointers 263.348ms
[289.555s][info][gc,phases,start] GC(768) Compaction Phase
[289.699s][info][gc,phases      ] GC(768) Compaction Phase 143.532ms
[289.706s][info][gc,phases,start] GC(768) Post Compact
[289.709s][info][gc,phases      ] GC(768) Post Compact 2.287ms
[289.709s][info][gc,heap        ] GC(768) PSYoungGen: 132576K(222720K)->0K(222720K) Eden: 111616K(111616K)->0K(111616K) From: 20960K(111104K)->0K(111104K)
[289.709s][info][gc,heap        ] GC(768) ParOldGen: 624927K(667648K)->449842K(667648K)
[289.709s][info][gc,metaspace   ] GC(768) Metaspace: 18530K(18624K)->18530K(18624K) NonClass: 16702K(16768K)->16702K(16768K) Class: 1828K(1856K)->1828K(1856K)
[289.709s][info][gc             ] GC(768) Pause Full (Allocation Failure) 739M->439M(869M) 836.805ms
[289.709s][info][gc,cpu         ] GC(768) User=1.58s Sys=0.00s Real=0.84s
[289.859s][info][gc,start       ] GC(769) Pause Young (Allocation Failure)
[289.876s][info][gc,heap        ] GC(769) PSYoungGen: 111616K(222720K)->9536K(121344K) Eden: 111616K(111616K)->0K(111616K) From: 0K(111104K)->9536K(9728K)
[289.876s][info][gc,heap        ] GC(769) ParOldGen: 449842K(667648K)->449842K(667648K)
[289.876s][info][gc,metaspace   ] GC(769) Metaspace: 18530K(18624K)->18530K(18624K) NonClass: 16702K(16768K)->16702K(16768K) Class: 1828K(1856K)->1828K(1856K)
[289.876s][info][gc             ] GC(769) Pause Young (Allocation Failure) 548M->448M(770M) 16.835ms
[289.876s][info][gc,cpu         ] GC(769) User=0.04s Sys=0.00s Real=0.02s
[290.076s][info][gc,start       ] GC(770) Pause Young (Allocation Failure)
[290.102s][info][gc,heap        ] GC(770) PSYoungGen: 121152K(121344K)->19936K(218624K) Eden: 111616K(111616K)->0K(117248K) From: 9536K(9728K)->19936K(101376K)
[290.102s][info][gc,heap        ] GC(770) ParOldGen: 449842K(667648K)->449842K(667648K)
[290.102s][info][gc,metaspace   ] GC(770) Metaspace: 18530K(18624K)->18530K(18624K) NonClass: 16702K(16768K)->16702K(16768K) Class: 1828K(1856K)->1828K(1856K)
[290.102s][info][gc             ] GC(770) Pause Young (Allocation Failure) 557M->458M(865M) 25.409ms
[290.102s][info][gc,cpu         ] GC(770) User=0.05s Sys=0.00s Real=0.02s
[290.229s][info][gc,start       ] GC(771) Pause Young (Allocation Failure)
[290.264s][info][gc,heap        ] GC(771) PSYoungGen: 137184K(218624K)->31904K(219136K) Eden: 117248K(117248K)->0K(117248K) From: 19936K(101376K)->31904K(101888K)
[290.264s][info][gc,heap        ] GC(771) ParOldGen: 449842K(667648K)->449842K(667648K)
[290.265s][info][gc,metaspace   ] GC(771) Metaspace: 18530K(18624K)->18530K(18624K) NonClass: 16702K(16768K)->16702K(16768K) Class: 1828K(1856K)->1828K(1856K)
[290.265s][info][gc             ] GC(771) Pause Young (Allocation Failure) 573M->470M(866M) 35.668ms
[290.265s][info][gc,cpu         ] GC(771) User=0.07s Sys=0.00s Real=0.04s
[290.388s][info][gc,start       ] GC(772) Pause Young (Allocation Failure)
[290.429s][info][gc,heap        ] GC(772) PSYoungGen: 149152K(219136K)->34976K(209920K) Eden: 117248K(117248K)->0K(123392K) From: 31904K(101888K)->34976K(86528K)
[290.429s][info][gc,heap        ] GC(772) ParOldGen: 449842K(667648K)->449842K(667648K)
[290.429s][info][gc,metaspace   ] GC(772) Metaspace: 18530K(18624K)->18530K(18624K) NonClass: 16702K(16768K)->16702K(16768K) Class: 1828K(1856K)->1828K(1856K)
[290.429s][info][gc             ] GC(772) Pause Young (Allocation Failure) 584M->473M(857M) 40.304ms
[290.429s][info][gc,cpu         ] GC(772) User=0.08s Sys=0.00s Real=0.04s
[290.594s][info][gc,start       ] GC(773) Pause Young (Allocation Failure)
[290.638s][info][gc,heap        ] GC(773) PSYoungGen: 158368K(209920K)->43456K(214528K) Eden: 123392K(123392K)->0K(123392K) From: 34976K(86528K)->43456K(91136K)
[290.638s][info][gc,heap        ] GC(773) ParOldGen: 449842K(667648K)->449842K(667648K)
[290.638s][info][gc,metaspace   ] GC(773) Metaspace: 18530K(18624K)->18530K(18624K) NonClass: 16702K(16768K)->16702K(16768K) Class: 1828K(1856K)->1828K(1856K)
[290.638s][info][gc             ] GC(773) Pause Young (Allocation Failure) 593M->481M(861M) 44.239ms
[290.638s][info][gc,cpu         ] GC(773) User=0.09s Sys=0.00s Real=0.04s
[290.972s][info][gc,start       ] GC(774) Pause Young (Allocation Failure)
[291.028s][info][gc,heap        ] GC(774) PSYoungGen: 166848K(214528K)->50624K(219136K) Eden: 123392K(123392K)->0K(129024K) From: 43456K(91136K)->50624K(90112K)
[291.028s][info][gc,heap        ] GC(774) ParOldGen: 449842K(667648K)->449842K(667648K)
[291.028s][info][gc,metaspace   ] GC(774) Metaspace: 18530K(18624K)->18530K(18624K) NonClass: 16702K(16768K)->16702K(16768K) Class: 1828K(1856K)->1828K(1856K)
[291.028s][info][gc             ] GC(774) Pause Young (Allocation Failure) 602M->488M(866M) 56.539ms
[291.028s][info][gc,cpu         ] GC(774) User=0.11s Sys=0.00s Real=0.06s
[291.366s][info][gc,start       ] GC(775) Pause Young (Allocation Failure)
[291.422s][info][gc,heap        ] GC(775) PSYoungGen: 179648K(219136K)->50624K(220160K) Eden: 129024K(129024K)->0K(129024K) From: 50624K(90112K)->50624K(91136K)
[291.422s][info][gc,heap        ] GC(775) ParOldGen: 449842K(667648K)->449842K(667648K)
[291.422s][info][gc,metaspace   ] GC(775) Metaspace: 18530K(18624K)->18530K(18624K) NonClass: 16702K(16768K)->16702K(16768K) Class: 1828K(1856K)->1828K(1856K)
[291.422s][info][gc             ] GC(775) Pause Young (Allocation Failure) 614M->488M(867M) 56.119ms
[291.422s][info][gc,cpu         ] GC(775) User=0.11s Sys=0.00s Real=0.06s
[291.744s][info][gc,start       ] GC(776) Pause Young (Allocation Failure)
[291.799s][info][gc,heap        ] GC(776) PSYoungGen: 179648K(220160K)->50592K(226816K) Eden: 129024K(129024K)->0K(135168K) From: 50624K(91136K)->50592K(91648K)
[291.799s][info][gc,heap        ] GC(776) ParOldGen: 449842K(667648K)->449842K(667648K)
[291.799s][info][gc,metaspace   ] GC(776) Metaspace: 18530K(18624K)->18530K(18624K) NonClass: 16702K(16768K)->16702K(16768K) Class: 1828K(1856K)->1828K(1856K)
[291.799s][info][gc             ] GC(776) Pause Young (Allocation Failure) 614M->488M(873M) 54.994ms
[291.799s][info][gc,cpu         ] GC(776) User=0.11s Sys=0.00s Real=0.05s
[292.137s][info][gc,start       ] GC(777) Pause Young (Allocation Failure)
[292.198s][info][gc,heap        ] GC(777) PSYoungGen: 185760K(226816K)->50624K(227328K) Eden: 135168K(135168K)->0K(135168K) From: 50592K(91648K)->50624K(92160K)
[292.198s][info][gc,heap        ] GC(777) ParOldGen: 449842K(667648K)->449842K(667648K)
[292.198s][info][gc,metaspace   ] GC(777) Metaspace: 18530K(18624K)->18530K(18624K) NonClass: 16702K(16768K)->16702K(16768K) Class: 1828K(1856K)->1828K(1856K)
[292.198s][info][gc             ] GC(777) Pause Young (Allocation Failure) 620M->488M(874M) 60.736ms
[292.198s][info][gc,cpu         ] GC(777) User=0.12s Sys=0.01s Real=0.06s
[292.342s][info][gc,start       ] GC(778) Pause Young (Allocation Failure)
[292.430s][info][gc,heap        ] GC(778) PSYoungGen: 185792K(227328K)->83696K(218624K) Eden: 135168K(135168K)->0K(126976K) From: 50624K(92160K)->83696K(91648K)
[292.430s][info][gc,heap        ] GC(778) ParOldGen: 449842K(667648K)->449842K(667648K)
[292.430s][info][gc,metaspace   ] GC(778) Metaspace: 18542K(18688K)->18542K(18688K) NonClass: 16714K(16832K)->16714K(16832K) Class: 1828K(1856K)->1828K(1856K)
[292.430s][info][gc             ] GC(778) Pause Young (Allocation Failure) 620M->521M(865M) 87.777ms
[292.430s][info][gc,cpu         ] GC(778) User=0.16s Sys=0.01s Real=0.08s
[292.569s][info][gc,start       ] GC(779) Pause Young (Allocation Failure)
[292.675s][info][gc,heap        ] GC(779) PSYoungGen: 210672K(218624K)->103392K(230400K) Eden: 126976K(126976K)->0K(126976K) From: 83696K(91648K)->103392K(103424K)
[292.675s][info][gc,heap        ] GC(779) ParOldGen: 449842K(667648K)->470050K(667648K)
[292.675s][info][gc,metaspace   ] GC(779) Metaspace: 18542K(18688K)->18542K(18688K) NonClass: 16714K(16832K)->16714K(16832K) Class: 1828K(1856K)->1828K(1856K)
[292.675s][info][gc             ] GC(779) Pause Young (Allocation Failure) 645M->560M(877M) 106.523ms
[292.675s][info][gc,cpu         ] GC(779) User=0.21s Sys=0.00s Real=0.11s
[292.818s][info][gc,start       ] GC(780) Pause Young (Allocation Failure)
[292.914s][info][gc,heap        ] GC(780) PSYoungGen: 230368K(230400K)->86400K(215040K) Eden: 126976K(126976K)->0K(111616K) From: 103392K(103424K)->86400K(103424K)
[292.914s][info][gc,heap        ] GC(780) ParOldGen: 470050K(667648K)->490034K(667648K)
[292.914s][info][gc,metaspace   ] GC(780) Metaspace: 18542K(18688K)->18542K(18688K) NonClass: 16714K(16832K)->16714K(16832K) Class: 1828K(1856K)->1828K(1856K)
[292.914s][info][gc             ] GC(780) Pause Young (Allocation Failure) 684M->562M(862M) 96.302ms
[292.914s][info][gc,cpu         ] GC(780) User=0.19s Sys=0.00s Real=0.10s
[293.095s][info][gc,start       ] GC(781) Pause Young (Allocation Failure)
[293.205s][info][gc,heap        ] GC(781) PSYoungGen: 198016K(215040K)->90464K(222720K) Eden: 111616K(111616K)->0K(111616K) From: 86400K(103424K)->90464K(111104K)
[293.205s][info][gc,heap        ] GC(781) ParOldGen: 490034K(667648K)->505106K(667648K)
[293.205s][info][gc,metaspace   ] GC(781) Metaspace: 18542K(18688K)->18542K(18688K) NonClass: 16714K(16832K)->16714K(16832K) Class: 1828K(1856K)->1828K(1856K)
[293.205s][info][gc             ] GC(781) Pause Young (Allocation Failure) 671M->581M(869M) 110.655ms
[293.205s][info][gc,cpu         ] GC(781) User=0.22s Sys=0.00s Real=0.11s
[293.404s][info][gc,start       ] GC(782) Pause Young (Allocation Failure)
[293.511s][info][gc,heap        ] GC(782) PSYoungGen: 202080K(222720K)->74880K(222720K) Eden: 111616K(111616K)->0K(111616K) From: 90464K(111104K)->74880K(111104K)
[293.511s][info][gc,heap        ] GC(782) ParOldGen: 505106K(667648K)->520741K(667648K)
[293.511s][info][gc,metaspace   ] GC(782) Metaspace: 18542K(18688K)->18542K(18688K) NonClass: 16714K(16832K)->16714K(16832K) Class: 1828K(1856K)->1828K(1856K)
[293.511s][info][gc             ] GC(782) Pause Young (Allocation Failure) 690M->581M(869M) 107.460ms
[293.511s][info][gc,cpu         ] GC(782) User=0.21s Sys=0.00s Real=0.10s
[293.697s][info][gc,start       ] GC(783) Pause Young (Allocation Failure)
[293.774s][info][gc,heap        ] GC(783) PSYoungGen: 186496K(222720K)->74944K(222720K) Eden: 111616K(111616K)->0K(111616K) From: 74880K(111104K)->74944K(111104K)
[293.774s][info][gc,heap        ] GC(783) ParOldGen: 520741K(667648K)->520791K(667648K)
[293.774s][info][gc,metaspace   ] GC(783) Metaspace: 18542K(18688K)->18542K(18688K) NonClass: 16714K(16832K)->16714K(16832K) Class: 1828K(1856K)->1828K(1856K)
[293.775s][info][gc             ] GC(783) Pause Young (Allocation Failure) 690M->581M(869M) 77.272ms
[293.775s][info][gc,cpu         ] GC(783) User=0.15s Sys=0.00s Real=0.08s
[293.954s][info][gc,start       ] GC(784) Pause Young (Allocation Failure)
[294.033s][info][gc,heap        ] GC(784) PSYoungGen: 186560K(222720K)->57881K(222720K) Eden: 111616K(111616K)->0K(111616K) From: 74944K(111104K)->57881K(111104K)
[294.033s][info][gc,heap        ] GC(784) ParOldGen: 520791K(667648K)->541922K(667648K)
[294.033s][info][gc,metaspace   ] GC(784) Metaspace: 18542K(18688K)->18542K(18688K) NonClass: 16714K(16832K)->16714K(16832K) Class: 1828K(1856K)->1828K(1856K)
[294.033s][info][gc             ] GC(784) Pause Young (Allocation Failure) 690M->585M(869M) 79.435ms
[294.033s][info][gc,cpu         ] GC(784) User=0.16s Sys=0.00s Real=0.08s
[294.092s][info][gc,start       ] GC(785) Pause Young (Allocation Failure)
[294.182s][info][gc,heap        ] GC(785) PSYoungGen: 169497K(222720K)->59561K(222720K) Eden: 111616K(111616K)->0K(111616K) From: 57881K(111104K)->59561K(111104K)
[294.182s][info][gc,heap        ] GC(785) ParOldGen: 541922K(667648K)->577090K(667648K)
[294.182s][info][gc,metaspace   ] GC(785) Metaspace: 18542K(18688K)->18542K(18688K) NonClass: 16714K(16832K)->16714K(16832K) Class: 1828K(1856K)->1828K(1856K)
[294.182s][info][gc             ] GC(785) Pause Young (Allocation Failure) 694M->621M(869M) 90.253ms
[294.183s][info][gc,cpu         ] GC(785) User=0.18s Sys=0.00s Real=0.09s
[294.277s][info][gc,start       ] GC(786) Pause Young (Allocation Failure)
[294.358s][info][gc,heap        ] GC(786) PSYoungGen: 171177K(222720K)->72937K(222720K) Eden: 111616K(111616K)->0K(111616K) From: 59561K(111104K)->72937K(111104K)
[294.358s][info][gc,heap        ] GC(786) ParOldGen: 577090K(667648K)->596242K(667648K)
[294.358s][info][gc,metaspace   ] GC(786) Metaspace: 18543K(18688K)->18543K(18688K) NonClass: 16715K(16832K)->16715K(16832K) Class: 1828K(1856K)->1828K(1856K)
[294.358s][info][gc             ] GC(786) Pause Young (Allocation Failure) 730M->653M(869M) 80.761ms
[294.358s][info][gc,cpu         ] GC(786) User=0.16s Sys=0.00s Real=0.08s
[294.491s][info][gc,start       ] GC(787) Pause Young (Allocation Failure)
[294.541s][info][gc,heap        ] GC(787) PSYoungGen: 184553K(222720K)->71200K(222720K) Eden: 111616K(111616K)->0K(111616K) From: 72937K(111104K)->71200K(111104K)
[294.541s][info][gc,heap        ] GC(787) ParOldGen: 596242K(667648K)->600203K(667648K)
[294.541s][info][gc,metaspace   ] GC(787) Metaspace: 18543K(18688K)->18543K(18688K) NonClass: 16715K(16832K)->16715K(16832K) Class: 1828K(1856K)->1828K(1856K)
[294.541s][info][gc             ] GC(787) Pause Young (Allocation Failure) 762M->655M(869M) 49.991ms
[294.541s][info][gc,cpu         ] GC(787) User=0.10s Sys=0.00s Real=0.05s
[294.661s][info][gc,start       ] GC(788) Pause Young (Allocation Failure)
[294.712s][info][gc,promotion   ] GC(788) Promotion failed
[294.713s][info][gc,heap        ] GC(788) PSYoungGen: 182816K(222720K)->182816K(222720K) Eden: 111616K(111616K)->111616K(111616K) From: 71200K(111104K)->71200K(111104K)
[294.713s][info][gc,heap        ] GC(788) ParOldGen: 600203K(667648K)->667643K(667648K)
[294.713s][info][gc,metaspace   ] GC(788) Metaspace: 18545K(18688K)->18545K(18688K) NonClass: 16717K(16832K)->16717K(16832K) Class: 1828K(1856K)->1828K(1856K)
[294.713s][info][gc             ] GC(788) Pause Young (Allocation Failure) 764M->830M(869M) 51.308ms
[294.713s][info][gc,cpu         ] GC(788) User=0.10s Sys=0.00s Real=0.06s
[294.713s][info][gc,start       ] GC(789) Pause Full (Allocation Failure)
[294.713s][info][gc,phases,start] GC(789) Marking Phase
[295.092s][info][gc,phases      ] GC(789) Marking Phase 379.610ms
[295.092s][info][gc,phases,start] GC(789) Summary Phase
[295.092s][info][gc,phases      ] GC(789) Summary Phase 0.046ms
[295.092s][info][gc,phases,start] GC(789) Forward
[295.209s][info][gc,phases      ] GC(789) Forward 116.988ms
[295.209s][info][gc,phases,start] GC(789) Adjust Pointers
[295.529s][info][gc,phases      ] GC(789) Adjust Pointers 319.610ms
[295.529s][info][gc,phases,start] GC(789) Compaction Phase
[295.710s][info][gc,phases      ] GC(789) Compaction Phase 181.126ms
[295.719s][info][gc,phases,start] GC(789) Post Compact
[295.722s][info][gc,phases      ] GC(789) Post Compact 2.749ms
[295.722s][info][gc,heap        ] GC(789) PSYoungGen: 182816K(222720K)->0K(222720K) Eden: 111616K(111616K)->0K(111616K) From: 71200K(111104K)->0K(111104K)
[295.722s][info][gc,heap        ] GC(789) ParOldGen: 667643K(667648K)->495997K(667648K)
[295.722s][info][gc,metaspace   ] GC(789) Metaspace: 18545K(18688K)->18545K(18688K) NonClass: 16717K(16832K)->16717K(16832K) Class: 1828K(1856K)->1828K(1856K)
[295.722s][info][gc             ] GC(789) Pause Full (Allocation Failure) 830M->484M(869M) 1009.114ms
[295.722s][info][gc,cpu         ] GC(789) User=1.89s Sys=0.00s Real=1.00s
[295.888s][info][gc,start       ] GC(790) Pause Young (Allocation Failure)
[295.918s][info][gc,heap        ] GC(790) PSYoungGen: 111616K(222720K)->18592K(222720K) Eden: 111616K(111616K)->0K(111616K) From: 0K(111104K)->18592K(111104K)
[295.918s][info][gc,heap        ] GC(790) ParOldGen: 495997K(667648K)->495997K(667648K)
[295.918s][info][gc,metaspace   ] GC(790) Metaspace: 18545K(18688K)->18545K(18688K) NonClass: 16717K(16832K)->16717K(16832K) Class: 1828K(1856K)->1828K(1856K)
[295.918s][info][gc             ] GC(790) Pause Young (Allocation Failure) 593M->502M(869M) 30.640ms
[295.918s][info][gc,cpu         ] GC(790) User=0.06s Sys=0.00s Real=0.03s
[296.089s][info][gc,start       ] GC(791) Pause Young (Allocation Failure)
[296.120s][info][gc,heap        ] GC(791) PSYoungGen: 130208K(222720K)->64K(222720K) Eden: 111616K(111616K)->0K(111616K) From: 18592K(111104K)->64K(111104K)
[296.120s][info][gc,heap        ] GC(791) ParOldGen: 495997K(667648K)->514637K(667648K)
[296.120s][info][gc,metaspace   ] GC(791) Metaspace: 18545K(18688K)->18545K(18688K) NonClass: 16717K(16832K)->16717K(16832K) Class: 1828K(1856K)->1828K(1856K)
[296.120s][info][gc             ] GC(791) Pause Young (Allocation Failure) 611M->502M(869M) 30.702ms
[296.120s][info][gc,cpu         ] GC(791) User=0.06s Sys=0.00s Real=0.03s
[296.302s][info][gc,start       ] GC(792) Pause Young (Allocation Failure)
[296.304s][info][gc,heap        ] GC(792) PSYoungGen: 111680K(222720K)->64K(222720K) Eden: 111616K(111616K)->0K(111616K) From: 64K(111104K)->64K(111104K)
[296.304s][info][gc,heap        ] GC(792) ParOldGen: 514637K(667648K)->514637K(667648K)
[296.304s][info][gc,metaspace   ] GC(792) Metaspace: 18545K(18688K)->18545K(18688K) NonClass: 16717K(16832K)->16717K(16832K) Class: 1828K(1856K)->1828K(1856K)
[296.304s][info][gc             ] GC(792) Pause Young (Allocation Failure) 611M->502M(869M) 2.133ms
[296.304s][info][gc,cpu         ] GC(792) User=0.01s Sys=0.00s Real=0.01s
[296.493s][info][gc,start       ] GC(793) Pause Young (Allocation Failure)
[296.495s][info][gc,heap        ] GC(793) PSYoungGen: 111680K(222720K)->64K(222720K) Eden: 111616K(111616K)->0K(111616K) From: 64K(111104K)->64K(111104K)
[296.495s][info][gc,heap        ] GC(793) ParOldGen: 514637K(667648K)->514637K(667648K)
[296.495s][info][gc,metaspace   ] GC(793) Metaspace: 18545K(18688K)->18545K(18688K) NonClass: 16717K(16832K)->16717K(16832K) Class: 1828K(1856K)->1828K(1856K)
[296.495s][info][gc             ] GC(793) Pause Young (Allocation Failure) 611M->502M(869M) 1.881ms
[296.495s][info][gc,cpu         ] GC(793) User=0.00s Sys=0.00s Real=0.00s
[296.653s][info][gc,start       ] GC(794) Pause Young (Allocation Failure)
[296.654s][info][gc,heap        ] GC(794) PSYoungGen: 111680K(222720K)->64K(222720K) Eden: 111616K(111616K)->0K(111616K) From: 64K(111104K)->64K(111104K)
[296.654s][info][gc,heap        ] GC(794) ParOldGen: 514637K(667648K)->514637K(667648K)
[296.654s][info][gc,metaspace   ] GC(794) Metaspace: 18545K(18688K)->18545K(18688K) NonClass: 16717K(16832K)->16717K(16832K) Class: 1828K(1856K)->1828K(1856K)
[296.654s][info][gc             ] GC(794) Pause Young (Allocation Failure) 611M->502M(869M) 1.872ms
[296.654s][info][gc,cpu         ] GC(794) User=0.00s Sys=0.00s Real=0.00s
[296.799s][info][gc,start       ] GC(795) Pause Young (Allocation Failure)
[296.801s][info][gc,heap        ] GC(795) PSYoungGen: 111680K(222720K)->64K(222720K) Eden: 111616K(111616K)->0K(111616K) From: 64K(111104K)->64K(111104K)
[296.801s][info][gc,heap        ] GC(795) ParOldGen: 514637K(667648K)->514637K(667648K)
[296.801s][info][gc,metaspace   ] GC(795) Metaspace: 18545K(18688K)->18545K(18688K) NonClass: 16717K(16832K)->16717K(16832K) Class: 1828K(1856K)->1828K(1856K)
[296.801s][info][gc             ] GC(795) Pause Young (Allocation Failure) 611M->502M(869M) 1.768ms
[296.801s][info][gc,cpu         ] GC(795) User=0.00s Sys=0.00s Real=0.00s
[296.946s][info][gc,start       ] GC(796) Pause Young (Allocation Failure)
[296.947s][info][gc,heap        ] GC(796) PSYoungGen: 111680K(222720K)->64K(222720K) Eden: 111616K(111616K)->0K(111616K) From: 64K(111104K)->64K(111104K)
[296.948s][info][gc,heap        ] GC(796) ParOldGen: 514637K(667648K)->514637K(667648K)
[296.948s][info][gc,metaspace   ] GC(796) Metaspace: 18545K(18688K)->18545K(18688K) NonClass: 16717K(16832K)->16717K(16832K) Class: 1828K(1856K)->1828K(1856K)
[296.948s][info][gc             ] GC(796) Pause Young (Allocation Failure) 611M->502M(869M) 1.831ms
[296.948s][info][gc,cpu         ] GC(796) User=0.00s Sys=0.00s Real=0.00s
[297.074s][info][gc,start       ] GC(797) Pause Young (Allocation Failure)
[297.088s][info][gc,heap        ] GC(797) PSYoungGen: 111680K(222720K)->11136K(222720K) Eden: 111616K(111616K)->0K(111616K) From: 64K(111104K)->11136K(111104K)
[297.088s][info][gc,heap        ] GC(797) ParOldGen: 514637K(667648K)->514637K(667648K)
[297.088s][info][gc,metaspace   ] GC(797) Metaspace: 18545K(18688K)->18545K(18688K) NonClass: 16717K(16832K)->16717K(16832K) Class: 1828K(1856K)->1828K(1856K)
[297.088s][info][gc             ] GC(797) Pause Young (Allocation Failure) 611M->513M(869M) 14.740ms
[297.088s][info][gc,cpu         ] GC(797) User=0.03s Sys=0.00s Real=0.01s
[297.195s][info][gc,start       ] GC(798) Pause Young (Allocation Failure)
[297.223s][info][gc,heap        ] GC(798) PSYoungGen: 122752K(222720K)->12544K(124416K) Eden: 111616K(111616K)->0K(111616K) From: 11136K(111104K)->12544K(12800K)
[297.223s][info][gc,heap        ] GC(798) ParOldGen: 514637K(667648K)->525797K(667648K)
[297.223s][info][gc,metaspace   ] GC(798) Metaspace: 18545K(18688K)->18545K(18688K) NonClass: 16717K(16832K)->16717K(16832K) Class: 1828K(1856K)->1828K(1856K)
[297.223s][info][gc             ] GC(798) Pause Young (Allocation Failure) 622M->525M(773M) 27.423ms
[297.223s][info][gc,cpu         ] GC(798) User=0.06s Sys=0.00s Real=0.03s
[297.335s][info][gc,start       ] GC(799) Pause Young (Allocation Failure)
[297.364s][info][gc,heap        ] GC(799) PSYoungGen: 124160K(124416K)->26464K(214016K) Eden: 111616K(111616K)->0K(116736K) From: 12544K(12800K)->26464K(97280K)
[297.364s][info][gc,heap        ] GC(799) ParOldGen: 525797K(667648K)->525797K(667648K)
[297.364s][info][gc,metaspace   ] GC(799) Metaspace: 18545K(18688K)->18545K(18688K) NonClass: 16717K(16832K)->16717K(16832K) Class: 1828K(1856K)->1828K(1856K)
[297.364s][info][gc             ] GC(799) Pause Young (Allocation Failure) 634M->539M(861M) 29.129ms
[297.364s][info][gc,cpu         ] GC(799) User=0.06s Sys=0.00s Real=0.03s
[297.438s][info][gc,start       ] GC(800) Pause Young (Allocation Failure)
[297.467s][info][gc,heap        ] GC(800) PSYoungGen: 143200K(214016K)->26944K(143872K) Eden: 116736K(116736K)->0K(116736K) From: 26464K(97280K)->26944K(27136K)
[297.467s][info][gc,heap        ] GC(800) ParOldGen: 525797K(667648K)->525797K(667648K)
[297.467s][info][gc,metaspace   ] GC(800) Metaspace: 18545K(18688K)->18545K(18688K) NonClass: 16717K(16832K)->16717K(16832K) Class: 1828K(1856K)->1828K(1856K)
[297.467s][info][gc             ] GC(800) Pause Young (Allocation Failure) 653M->539M(792M) 29.257ms
[297.467s][info][gc,cpu         ] GC(800) User=0.06s Sys=0.00s Real=0.03s
[297.578s][info][gc,start       ] GC(801) Pause Young (Allocation Failure)
[297.610s][info][gc,heap        ] GC(801) PSYoungGen: 143680K(143872K)->28160K(204288K) Eden: 116736K(116736K)->0K(123392K) From: 26944K(27136K)->28160K(80896K)
[297.610s][info][gc,heap        ] GC(801) ParOldGen: 525797K(667648K)->525797K(667648K)
[297.610s][info][gc,metaspace   ] GC(801) Metaspace: 18545K(18688K)->18545K(18688K) NonClass: 16717K(16832K)->16717K(16832K) Class: 1828K(1856K)->1828K(1856K)
[297.610s][info][gc             ] GC(801) Pause Young (Allocation Failure) 653M->540M(851M) 31.880ms
[297.610s][info][gc,cpu         ] GC(801) User=0.06s Sys=0.01s Real=0.03s
[297.725s][info][gc,start       ] GC(802) Pause Young (Allocation Failure)
[297.759s][info][gc,heap        ] GC(802) PSYoungGen: 151552K(204288K)->31744K(210432K) Eden: 123392K(123392K)->0K(123392K) From: 28160K(80896K)->31744K(87040K)
[297.759s][info][gc,heap        ] GC(802) ParOldGen: 525797K(667648K)->525797K(667648K)
[297.759s][info][gc,metaspace   ] GC(802) Metaspace: 18545K(18688K)->18545K(18688K) NonClass: 16717K(16832K)->16717K(16832K) Class: 1828K(1856K)->1828K(1856K)
[297.759s][info][gc             ] GC(802) Pause Young (Allocation Failure) 661M->544M(857M) 34.614ms
[297.759s][info][gc,cpu         ] GC(802) User=0.07s Sys=0.00s Real=0.03s
[297.858s][info][gc,start       ] GC(803) Pause Young (Allocation Failure)
[297.893s][info][gc,heap        ] GC(803) PSYoungGen: 155136K(210432K)->31808K(206848K) Eden: 123392K(123392K)->0K(131584K) From: 31744K(87040K)->31808K(75264K)
[297.893s][info][gc,heap        ] GC(803) ParOldGen: 525797K(667648K)->525797K(667648K)
[297.893s][info][gc,metaspace   ] GC(803) Metaspace: 18545K(18688K)->18545K(18688K) NonClass: 16717K(16832K)->16717K(16832K) Class: 1828K(1856K)->1828K(1856K)
[297.893s][info][gc             ] GC(803) Pause Young (Allocation Failure) 664M->544M(854M) 35.097ms
[297.893s][info][gc,cpu         ] GC(803) User=0.07s Sys=0.00s Real=0.04s
[298.023s][info][gc,start       ] GC(804) Pause Young (Allocation Failure)
[298.065s][info][gc,heap        ] GC(804) PSYoungGen: 163392K(206848K)->40704K(210432K) Eden: 131584K(131584K)->0K(131584K) From: 31808K(75264K)->40704K(78848K)
[298.065s][info][gc,heap        ] GC(804) ParOldGen: 525797K(667648K)->525797K(667648K)
[298.065s][info][gc,metaspace   ] GC(804) Metaspace: 18545K(18688K)->18545K(18688K) NonClass: 16717K(16832K)->16717K(16832K) Class: 1828K(1856K)->1828K(1856K)
[298.065s][info][gc             ] GC(804) Pause Young (Allocation Failure) 673M->553M(857M) 42.394ms
[298.065s][info][gc,cpu         ] GC(804) User=0.08s Sys=0.00s Real=0.04s
[298.200s][info][gc,start       ] GC(805) Pause Young (Allocation Failure)
[298.259s][info][gc,heap        ] GC(805) PSYoungGen: 172288K(210432K)->56896K(213504K) Eden: 131584K(131584K)->0K(135168K) From: 40704K(78848K)->56896K(78336K)
[298.259s][info][gc,heap        ] GC(805) ParOldGen: 525797K(667648K)->525797K(667648K)
[298.259s][info][gc,metaspace   ] GC(805) Metaspace: 18545K(18688K)->18545K(18688K) NonClass: 16717K(16832K)->16717K(16832K) Class: 1828K(1856K)->1828K(1856K)
[298.259s][info][gc             ] GC(805) Pause Young (Allocation Failure) 681M->569M(860M) 58.735ms
[298.259s][info][gc,cpu         ] GC(805) User=0.11s Sys=0.00s Real=0.06s
[298.407s][info][gc,start       ] GC(806) Pause Young (Allocation Failure)
[298.495s][info][gc,heap        ] GC(806) PSYoungGen: 192064K(213504K)->80416K(218624K) Eden: 135168K(135168K)->0K(135168K) From: 56896K(78336K)->80416K(83456K)
[298.495s][info][gc,heap        ] GC(806) ParOldGen: 525797K(667648K)->525797K(667648K)
[298.495s][info][gc,metaspace   ] GC(806) Metaspace: 18545K(18688K)->18545K(18688K) NonClass: 16717K(16832K)->16717K(16832K) Class: 1828K(1856K)->1828K(1856K)
[298.495s][info][gc             ] GC(806) Pause Young (Allocation Failure) 701M->592M(865M) 87.810ms
[298.495s][info][gc,cpu         ] GC(806) User=0.17s Sys=0.00s Real=0.09s
[298.680s][info][gc,start       ] GC(807) Pause Young (Allocation Failure)
[298.808s][info][gc,heap        ] GC(807) PSYoungGen: 215584K(218624K)->94656K(207872K) Eden: 135168K(135168K)->0K(111616K) From: 80416K(83456K)->94656K(96256K)
[298.808s][info][gc,heap        ] GC(807) ParOldGen: 525797K(667648K)->525797K(667648K)
[298.808s][info][gc,metaspace   ] GC(807) Metaspace: 18545K(18688K)->18545K(18688K) NonClass: 16717K(16832K)->16717K(16832K) Class: 1828K(1856K)->1828K(1856K)
[298.808s][info][gc             ] GC(807) Pause Young (Allocation Failure) 724M->605M(855M) 127.875ms
[298.808s][info][gc,cpu         ] GC(807) User=0.22s Sys=0.03s Real=0.13s
[298.953s][info][gc,start       ] GC(808) Pause Young (Allocation Failure)
[299.055s][info][gc,heap        ] GC(808) PSYoungGen: 206272K(207872K)->69696K(222720K) Eden: 111616K(111616K)->0K(111616K) From: 94656K(96256K)->69696K(111104K)
[299.055s][info][gc,heap        ] GC(808) ParOldGen: 525797K(667648K)->552301K(667648K)
[299.055s][info][gc,metaspace   ] GC(808) Metaspace: 18545K(18688K)->18545K(18688K) NonClass: 16717K(16832K)->16717K(16832K) Class: 1828K(1856K)->1828K(1856K)
[299.055s][info][gc             ] GC(808) Pause Young (Allocation Failure) 714M->607M(869M) 101.561ms
[299.055s][info][gc,cpu         ] GC(808) User=0.21s Sys=0.00s Real=0.10s
[299.185s][info][gc,start       ] GC(809) Pause Young (Allocation Failure)
[299.265s][info][gc,heap        ] GC(809) PSYoungGen: 181312K(222720K)->71824K(222720K) Eden: 111616K(111616K)->0K(111616K) From: 69696K(111104K)->71824K(111104K)
[299.265s][info][gc,heap        ] GC(809) ParOldGen: 552301K(667648K)->554013K(667648K)
[299.265s][info][gc,metaspace   ] GC(809) Metaspace: 18545K(18688K)->18545K(18688K) NonClass: 16717K(16832K)->16717K(16832K) Class: 1828K(1856K)->1828K(1856K)
[299.265s][info][gc             ] GC(809) Pause Young (Allocation Failure) 716M->611M(869M) 80.342ms
[299.265s][info][gc,cpu         ] GC(809) User=0.16s Sys=0.00s Real=0.08s
[299.378s][info][gc,start       ] GC(810) Pause Young (Allocation Failure)
[299.455s][info][gc,heap        ] GC(810) PSYoungGen: 183440K(222720K)->68192K(222720K) Eden: 111616K(111616K)->0K(111616K) From: 71824K(111104K)->68192K(111104K)
[299.455s][info][gc,heap        ] GC(810) ParOldGen: 554013K(667648K)->557677K(667648K)
[299.455s][info][gc,metaspace   ] GC(810) Metaspace: 18548K(18688K)->18548K(18688K) NonClass: 16719K(16832K)->16719K(16832K) Class: 1828K(1856K)->1828K(1856K)
[299.455s][info][gc             ] GC(810) Pause Young (Allocation Failure) 720M->611M(869M) 76.737ms
[299.455s][info][gc,cpu         ] GC(810) User=0.16s Sys=0.00s Real=0.08s
[299.636s][info][gc,start       ] GC(811) Pause Young (Allocation Failure)
[299.719s][info][gc,heap        ] GC(811) PSYoungGen: 179808K(222720K)->52352K(222720K) Eden: 111616K(111616K)->0K(111616K) From: 68192K(111104K)->52352K(111104K)
[299.719s][info][gc,heap        ] GC(811) ParOldGen: 557677K(667648K)->582846K(667648K)
[299.719s][info][gc,metaspace   ] GC(811) Metaspace: 18548K(18688K)->18548K(18688K) NonClass: 16719K(16832K)->16719K(16832K) Class: 1828K(1856K)->1828K(1856K)
[299.719s][info][gc             ] GC(811) Pause Young (Allocation Failure) 720M->620M(869M) 83.277ms
[299.719s][info][gc,cpu         ] GC(811) User=0.16s Sys=0.00s Real=0.08s
[299.849s][info][gc,start       ] GC(812) Pause Young (Allocation Failure)
[299.923s][info][gc,heap        ] GC(812) PSYoungGen: 163968K(222720K)->30432K(142336K) Eden: 111616K(111616K)->0K(111616K) From: 52352K(111104K)->30432K(30720K)
[299.923s][info][gc,heap        ] GC(812) ParOldGen: 582846K(667648K)->620750K(667648K)
[299.923s][info][gc,metaspace   ] GC(812) Metaspace: 18548K(18688K)->18548K(18688K) NonClass: 16719K(16832K)->16719K(16832K) Class: 1828K(1856K)->1828K(1856K)
[299.923s][info][gc             ] GC(812) Pause Young (Allocation Failure) 729M->635M(791M) 73.331ms
[299.923s][info][gc,cpu         ] GC(812) User=0.14s Sys=0.00s Real=0.08s
[300.322s][info][gc,start       ] GC(813) Pause Full (Allocation Failure)
[300.322s][info][gc,phases,start] GC(813) Marking Phase
[300.813s][info][gc,phases      ] GC(813) Marking Phase 490.679ms
[300.813s][info][gc,phases,start] GC(813) Summary Phase
[300.813s][info][gc,phases      ] GC(813) Summary Phase 0.027ms
[300.813s][info][gc,phases,start] GC(813) Forward
[300.839s][info][gc,phases      ] GC(813) Forward 25.848ms
[300.839s][info][gc,phases,start] GC(813) Adjust Pointers
[301.169s][info][gc,phases      ] GC(813) Adjust Pointers 329.925ms
[301.169s][info][gc,phases,start] GC(813) Compaction Phase
[301.318s][info][gc,phases      ] GC(813) Compaction Phase 149.529ms
[301.318s][info][gc,phases,start] GC(813) Post Compact
[301.321s][info][gc,phases      ] GC(813) Post Compact 2.220ms
[301.321s][info][gc,heap        ] GC(813) PSYoungGen: 142048K(142336K)->0K(221184K) Eden: 111616K(111616K)->0K(111616K) From: 30432K(30720K)->0K(109568K)
[301.321s][info][gc,heap        ] GC(813) ParOldGen: 620750K(667648K)->650787K(667648K)
[301.321s][info][gc,metaspace   ] GC(813) Metaspace: 18548K(18688K)->18548K(18688K) NonClass: 16720K(16832K)->16720K(16832K) Class: 1828K(1856K)->1828K(1856K)
[301.321s][info][gc             ] GC(813) Pause Full (Allocation Failure) 744M->635M(868M) 998.783ms
[301.321s][info][gc,cpu         ] GC(813) User=1.96s Sys=0.00s Real=1.00s
[301.600s][info][gc,start       ] GC(814) Pause Full (Allocation Failure)
[301.600s][info][gc,phases,start] GC(814) Marking Phase
[302.091s][info][gc,phases      ] GC(814) Marking Phase 490.789ms
[302.091s][info][gc,phases,start] GC(814) Summary Phase
[302.091s][info][gc,phases      ] GC(814) Summary Phase 0.027ms
[302.091s][info][gc,phases,start] GC(814) Forward
[302.099s][info][gc,phases      ] GC(814) Forward 7.157ms
[302.099s][info][gc,phases,start] GC(814) Adjust Pointers
[302.428s][info][gc,phases      ] GC(814) Adjust Pointers 329.914ms
[302.429s][info][gc,phases,start] GC(814) Compaction Phase
[302.561s][info][gc,phases      ] GC(814) Compaction Phase 132.777ms
[302.561s][info][gc,phases,start] GC(814) Post Compact
[302.564s][info][gc,phases      ] GC(814) Post Compact 2.258ms
[302.564s][info][gc,heap        ] GC(814) PSYoungGen: 111616K(221184K)->0K(221184K) Eden: 111616K(111616K)->0K(111616K) From: 0K(109568K)->0K(109568K)
[302.564s][info][gc,heap        ] GC(814) ParOldGen: 650787K(667648K)->650841K(667648K)
[302.564s][info][gc,metaspace   ] GC(814) Metaspace: 18548K(18688K)->18548K(18688K) NonClass: 16720K(16832K)->16720K(16832K) Class: 1828K(1856K)->1828K(1856K)
[302.564s][info][gc             ] GC(814) Pause Full (Allocation Failure) 744M->635M(868M) 963.405ms
[302.564s][info][gc,cpu         ] GC(814) User=1.89s Sys=0.00s Real=0.97s
[302.874s][info][gc,start       ] GC(815) Pause Full (Allocation Failure)
[302.875s][info][gc,phases,start] GC(815) Marking Phase
[303.374s][info][gc,phases      ] GC(815) Marking Phase 499.652ms
[303.374s][info][gc,phases,start] GC(815) Summary Phase
[303.374s][info][gc,phases      ] GC(815) Summary Phase 0.027ms
[303.374s][info][gc,phases,start] GC(815) Forward
[303.375s][info][gc,phases      ] GC(815) Forward 0.301ms
[303.375s][info][gc,phases,start] GC(815) Adjust Pointers
[303.714s][info][gc,phases      ] GC(815) Adjust Pointers 339.155ms
[303.714s][info][gc,phases,start] GC(815) Compaction Phase
[303.853s][info][gc,phases      ] GC(815) Compaction Phase 138.683ms
[303.853s][info][gc,phases,start] GC(815) Post Compact
[303.855s][info][gc,phases      ] GC(815) Post Compact 2.325ms
[303.855s][info][gc,heap        ] GC(815) PSYoungGen: 111616K(221184K)->0K(224256K) Eden: 111616K(111616K)->0K(114688K) From: 0K(109568K)->0K(109568K)
[303.855s][info][gc,heap        ] GC(815) ParOldGen: 650841K(667648K)->650854K(667648K)
[303.855s][info][gc,metaspace   ] GC(815) Metaspace: 18548K(18688K)->18548K(18688K) NonClass: 16720K(16832K)->16720K(16832K) Class: 1828K(1856K)->1828K(1856K)
[303.855s][info][gc             ] GC(815) Pause Full (Allocation Failure) 744M->635M(871M) 980.629ms
[303.855s][info][gc,cpu         ] GC(815) User=1.92s Sys=0.00s Real=0.98s
[304.149s][info][gc,start       ] GC(816) Pause Full (Allocation Failure)
[304.150s][info][gc,phases,start] GC(816) Marking Phase
[304.651s][info][gc,phases      ] GC(816) Marking Phase 501.525ms
[304.651s][info][gc,phases,start] GC(816) Summary Phase
[304.651s][info][gc,phases      ] GC(816) Summary Phase 0.027ms
[304.651s][info][gc,phases,start] GC(816) Forward
[304.651s][info][gc,phases      ] GC(816) Forward 0.300ms
[304.651s][info][gc,phases,start] GC(816) Adjust Pointers
[304.979s][info][gc,phases      ] GC(816) Adjust Pointers 327.926ms
[304.979s][info][gc,phases,start] GC(816) Compaction Phase
[305.118s][info][gc,phases      ] GC(816) Compaction Phase 138.345ms
[305.118s][info][gc,phases,start] GC(816) Post Compact
[305.120s][info][gc,phases      ] GC(816) Post Compact 2.234ms
[305.120s][info][gc,heap        ] GC(816) PSYoungGen: 114688K(224256K)->0K(224256K) Eden: 114688K(114688K)->0K(114688K) From: 0K(109568K)->0K(109568K)
[305.120s][info][gc,heap        ] GC(816) ParOldGen: 650854K(667648K)->650855K(667648K)
[305.120s][info][gc,metaspace   ] GC(816) Metaspace: 18548K(18688K)->18548K(18688K) NonClass: 16720K(16832K)->16720K(16832K) Class: 1828K(1856K)->1828K(1856K)
[305.120s][info][gc             ] GC(816) Pause Full (Allocation Failure) 747M->635M(871M) 970.789ms
[305.120s][info][gc,cpu         ] GC(816) User=1.91s Sys=0.00s Real=0.97s
[305.392s][info][gc,start       ] GC(817) Pause Full (Allocation Failure)
[305.392s][info][gc,phases,start] GC(817) Marking Phase
[305.883s][info][gc,phases      ] GC(817) Marking Phase 490.905ms
[305.883s][info][gc,phases,start] GC(817) Summary Phase
[305.883s][info][gc,phases      ] GC(817) Summary Phase 0.028ms
[305.883s][info][gc,phases,start] GC(817) Forward
[305.884s][info][gc,phases      ] GC(817) Forward 0.314ms
[305.884s][info][gc,phases,start] GC(817) Adjust Pointers
[306.209s][info][gc,phases      ] GC(817) Adjust Pointers 325.657ms
[306.209s][info][gc,phases,start] GC(817) Compaction Phase
[306.348s][info][gc,phases      ] GC(817) Compaction Phase 138.444ms
[306.348s][info][gc,phases,start] GC(817) Post Compact
[306.350s][info][gc,phases      ] GC(817) Post Compact 2.351ms
[306.350s][info][gc,heap        ] GC(817) PSYoungGen: 114688K(224256K)->0K(224256K) Eden: 114688K(114688K)->0K(114688K) From: 0K(109568K)->0K(109568K)
[306.350s][info][gc,heap        ] GC(817) ParOldGen: 650855K(667648K)->650861K(667648K)
[306.350s][info][gc,metaspace   ] GC(817) Metaspace: 18548K(18688K)->18548K(18688K) NonClass: 16720K(16832K)->16720K(16832K) Class: 1828K(1856K)->1828K(1856K)
[306.350s][info][gc             ] GC(817) Pause Full (Allocation Failure) 747M->635M(871M) 958.175ms
[306.350s][info][gc,cpu         ] GC(817) User=1.87s Sys=0.00s Real=0.95s
[306.673s][info][gc,start       ] GC(818) Pause Full (Allocation Failure)
[306.673s][info][gc,phases,start] GC(818) Marking Phase
[307.155s][info][gc,phases      ] GC(818) Marking Phase 481.240ms
[307.155s][info][gc,phases,start] GC(818) Summary Phase
[307.155s][info][gc,phases      ] GC(818) Summary Phase 0.052ms
[307.155s][info][gc,phases,start] GC(818) Forward
[307.247s][info][gc,phases      ] GC(818) Forward 92.289ms
[307.247s][info][gc,phases,start] GC(818) Adjust Pointers
[307.608s][info][gc,phases      ] GC(818) Adjust Pointers 360.464ms
[307.608s][info][gc,phases,start] GC(818) Compaction Phase
[307.805s][info][gc,phases      ] GC(818) Compaction Phase 197.586ms
[307.811s][info][gc,phases,start] GC(818) Post Compact
[307.813s][info][gc,phases      ] GC(818) Post Compact 2.501ms
[307.813s][info][gc,heap        ] GC(818) PSYoungGen: 114688K(224256K)->0K(224256K) Eden: 114688K(114688K)->0K(114688K) From: 0K(109568K)->0K(109568K)
[307.813s][info][gc,heap        ] GC(818) ParOldGen: 650861K(667648K)->555934K(667648K)
[307.813s][info][gc,metaspace   ] GC(818) Metaspace: 18548K(18688K)->18548K(18688K) NonClass: 16720K(16832K)->16720K(16832K) Class: 1828K(1856K)->1828K(1856K)
[307.813s][info][gc             ] GC(818) Pause Full (Allocation Failure) 747M->542M(871M) 1139.991ms
[307.813s][info][gc,cpu         ] GC(818) User=2.19s Sys=0.00s Real=1.14s
[308.059s][info][gc,start       ] GC(819) Pause Young (Allocation Failure)
[308.064s][info][gc,heap        ] GC(819) PSYoungGen: 114688K(224256K)->2368K(221184K) Eden: 114688K(114688K)->0K(111616K) From: 0K(109568K)->2368K(109568K)
[308.064s][info][gc,heap        ] GC(819) ParOldGen: 555934K(667648K)->555934K(667648K)
[308.064s][info][gc,metaspace   ] GC(819) Metaspace: 18548K(18688K)->18548K(18688K) NonClass: 16720K(16832K)->16720K(16832K) Class: 1828K(1856K)->1828K(1856K)
[308.064s][info][gc             ] GC(819) Pause Young (Allocation Failure) 654M->545M(868M) 4.412ms
[308.064s][info][gc,cpu         ] GC(819) User=0.01s Sys=0.00s Real=0.01s
[308.158s][info][gc,start       ] GC(820) Pause Young (Allocation Failure)
[308.190s][info][gc,heap        ] GC(820) PSYoungGen: 113984K(221184K)->39968K(152064K) Eden: 111616K(111616K)->0K(111616K) From: 2368K(109568K)->39968K(40448K)
[308.190s][info][gc,heap        ] GC(820) ParOldGen: 555934K(667648K)->555934K(667648K)
[308.190s][info][gc,metaspace   ] GC(820) Metaspace: 18548K(18688K)->18548K(18688K) NonClass: 16720K(16832K)->16720K(16832K) Class: 1828K(1856K)->1828K(1856K)
[308.190s][info][gc             ] GC(820) Pause Young (Allocation Failure) 654M->581M(800M) 31.753ms
[308.190s][info][gc,cpu         ] GC(820) User=0.06s Sys=0.00s Real=0.03s
[308.315s][info][gc,start       ] GC(821) Pause Young (Allocation Failure)
[308.367s][info][gc,heap        ] GC(821) PSYoungGen: 151584K(152064K)->75328K(212480K) Eden: 111616K(111616K)->0K(107520K) From: 39968K(40448K)->75328K(104960K)
[308.367s][info][gc,heap        ] GC(821) ParOldGen: 555934K(667648K)->555934K(667648K)
[308.367s][info][gc,metaspace   ] GC(821) Metaspace: 18548K(18688K)->18548K(18688K) NonClass: 16720K(16832K)->16720K(16832K) Class: 1828K(1856K)->1828K(1856K)
[308.367s][info][gc             ] GC(821) Pause Young (Allocation Failure) 690M->616M(859M) 52.042ms
[308.367s][info][gc,cpu         ] GC(821) User=0.11s Sys=0.00s Real=0.05s
[308.497s][info][gc,start       ] GC(822) Pause Young (Allocation Failure)
[308.549s][info][gc,heap        ] GC(822) PSYoungGen: 182848K(212480K)->77888K(218112K) Eden: 107520K(107520K)->0K(107520K) From: 75328K(104960K)->77888K(110592K)
[308.549s][info][gc,heap        ] GC(822) ParOldGen: 555934K(667648K)->555934K(667648K)
[308.549s][info][gc,metaspace   ] GC(822) Metaspace: 18548K(18688K)->18548K(18688K) NonClass: 16720K(16832K)->16720K(16832K) Class: 1828K(1856K)->1828K(1856K)
[308.549s][info][gc             ] GC(822) Pause Young (Allocation Failure) 721M->618M(865M) 51.844ms
[308.549s][info][gc,cpu         ] GC(822) User=0.11s Sys=0.00s Real=0.05s
[308.716s][info][gc,start       ] GC(823) Pause Young (Allocation Failure)
[308.800s][info][gc,heap        ] GC(823) PSYoungGen: 185408K(218112K)->94560K(222720K) Eden: 107520K(107520K)->0K(111616K) From: 77888K(110592K)->94560K(111104K)
[308.800s][info][gc,heap        ] GC(823) ParOldGen: 555934K(667648K)->555934K(667648K)
[308.800s][info][gc,metaspace   ] GC(823) Metaspace: 18555K(18688K)->18555K(18688K) NonClass: 16726K(16832K)->16726K(16832K) Class: 1828K(1856K)->1828K(1856K)
[308.800s][info][gc             ] GC(823) Pause Young (Allocation Failure) 723M->635M(869M) 84.185ms
[308.800s][info][gc,cpu         ] GC(823) User=0.16s Sys=0.00s Real=0.08s
[309.001s][info][gc,start       ] GC(824) Pause Young (Allocation Failure)
[309.087s][info][gc,heap        ] GC(824) PSYoungGen: 206176K(222720K)->97558K(222720K) Eden: 111616K(111616K)->0K(111616K) From: 94560K(111104K)->97558K(111104K)
[309.087s][info][gc,heap        ] GC(824) ParOldGen: 555934K(667648K)->555934K(667648K)
[309.087s][info][gc,metaspace   ] GC(824) Metaspace: 18555K(18688K)->18555K(18688K) NonClass: 16726K(16832K)->16726K(16832K) Class: 1828K(1856K)->1828K(1856K)
[309.087s][info][gc             ] GC(824) Pause Young (Allocation Failure) 744M->638M(869M) 86.287ms
[309.087s][info][gc,cpu         ] GC(824) User=0.17s Sys=0.00s Real=0.09s
[309.270s][info][gc,start       ] GC(825) Pause Young (Allocation Failure)
[309.357s][info][gc,heap        ] GC(825) PSYoungGen: 209174K(222720K)->95760K(222720K) Eden: 111616K(111616K)->0K(111616K) From: 97558K(111104K)->95760K(111104K)
[309.357s][info][gc,heap        ] GC(825) ParOldGen: 555934K(667648K)->558254K(667648K)
[309.357s][info][gc,metaspace   ] GC(825) Metaspace: 18555K(18688K)->18555K(18688K) NonClass: 16726K(16832K)->16726K(16832K) Class: 1828K(1856K)->1828K(1856K)
[309.357s][info][gc             ] GC(825) Pause Young (Allocation Failure) 747M->638M(869M) 86.956ms
[309.357s][info][gc,cpu         ] GC(825) User=0.17s Sys=0.00s Real=0.09s
[309.512s][info][gc,start       ] GC(826) Pause Young (Allocation Failure)
[309.605s][info][gc,heap        ] GC(826) PSYoungGen: 207376K(222720K)->30998K(222720K) Eden: 111616K(111616K)->0K(111616K) From: 95760K(111104K)->30998K(111104K)
[309.605s][info][gc,heap        ] GC(826) ParOldGen: 558254K(667648K)->632198K(667648K)
[309.605s][info][gc,metaspace   ] GC(826) Metaspace: 18555K(18688K)->18555K(18688K) NonClass: 16726K(16832K)->16726K(16832K) Class: 1828K(1856K)->1828K(1856K)
[309.605s][info][gc             ] GC(826) Pause Young (Allocation Failure) 747M->647M(869M) 93.426ms
[309.605s][info][gc,cpu         ] GC(826) User=0.18s Sys=0.00s Real=0.10s
[309.666s][info][gc,start       ] GC(827) Pause Full (Allocation Failure)
[309.666s][info][gc,phases,start] GC(827) Marking Phase
[309.913s][info][gc,phases      ] GC(827) Marking Phase 247.434ms
[309.913s][info][gc,phases,start] GC(827) Summary Phase
[309.913s][info][gc,phases      ] GC(827) Summary Phase 0.032ms
[309.913s][info][gc,phases,start] GC(827) Forward
[310.007s][info][gc,phases      ] GC(827) Forward 93.553ms
[310.007s][info][gc,phases,start] GC(827) Adjust Pointers
[310.222s][info][gc,phases      ] GC(827) Adjust Pointers 214.822ms
[310.222s][info][gc,phases,start] GC(827) Compaction Phase
[310.350s][info][gc,phases      ] GC(827) Compaction Phase 128.144ms
[310.359s][info][gc,phases,start] GC(827) Post Compact
[310.361s][info][gc,phases      ] GC(827) Post Compact 2.375ms
[310.365s][info][gc,heap        ] GC(827) PSYoungGen: 142614K(222720K)->0K(222720K) Eden: 111616K(111616K)->0K(111616K) From: 30998K(111104K)->0K(111104K)
[310.365s][info][gc,heap        ] GC(827) ParOldGen: 632198K(667648K)->360242K(620544K)
[310.365s][info][gc,metaspace   ] GC(827) Metaspace: 18555K(18688K)->18555K(18688K) NonClass: 16726K(16832K)->16726K(16832K) Class: 1828K(1856K)->1828K(1856K)
[310.365s][info][gc             ] GC(827) Pause Full (Allocation Failure) 756M->351M(823M) 699.747ms
[310.365s][info][gc,cpu         ] GC(827) User=1.28s Sys=0.01s Real=0.70s
[310.450s][info][gc,start       ] GC(828) Pause Young (Allocation Failure)
[310.486s][info][gc,heap        ] GC(828) PSYoungGen: 111616K(222720K)->39168K(222720K) Eden: 111616K(111616K)->0K(111616K) From: 0K(111104K)->39168K(111104K)
[310.486s][info][gc,heap        ] GC(828) ParOldGen: 360242K(620544K)->360242K(620544K)
[310.486s][info][gc,metaspace   ] GC(828) Metaspace: 18555K(18688K)->18555K(18688K) NonClass: 16727K(16832K)->16727K(16832K) Class: 1828K(1856K)->1828K(1856K)
[310.486s][info][gc             ] GC(828) Pause Young (Allocation Failure) 460M->390M(823M) 36.643ms
[310.486s][info][gc,cpu         ] GC(828) User=0.07s Sys=0.00s Real=0.04s
[310.665s][info][gc,start       ] GC(829) Pause Young (Allocation Failure)
[310.696s][info][gc,heap        ] GC(829) PSYoungGen: 150784K(222720K)->40032K(222720K) Eden: 111616K(111616K)->0K(111616K) From: 39168K(111104K)->40032K(111104K)
[310.696s][info][gc,heap        ] GC(829) ParOldGen: 360242K(620544K)->360242K(620544K)
[310.696s][info][gc,metaspace   ] GC(829) Metaspace: 18556K(18688K)->18556K(18688K) NonClass: 16727K(16832K)->16727K(16832K) Class: 1828K(1856K)->1828K(1856K)
[310.696s][info][gc             ] GC(829) Pause Young (Allocation Failure) 499M->390M(823M) 30.473ms
[310.696s][info][gc,cpu         ] GC(829) User=0.06s Sys=0.00s Real=0.03s
[310.826s][info][gc,start       ] GC(830) Pause Young (Allocation Failure)
[310.856s][info][gc,heap        ] GC(830) PSYoungGen: 151648K(222720K)->928K(222720K) Eden: 111616K(111616K)->0K(111616K) From: 40032K(111104K)->928K(111104K)
[310.856s][info][gc,heap        ] GC(830) ParOldGen: 360242K(620544K)->399914K(620544K)
[310.856s][info][gc,metaspace   ] GC(830) Metaspace: 18556K(18688K)->18556K(18688K) NonClass: 16727K(16832K)->16727K(16832K) Class: 1828K(1856K)->1828K(1856K)
[310.856s][info][gc             ] GC(830) Pause Young (Allocation Failure) 499M->391M(823M) 29.737ms
[310.856s][info][gc,cpu         ] GC(830) User=0.06s Sys=0.00s Real=0.03s
[310.980s][info][gc,start       ] GC(831) Pause Young (Allocation Failure)
[310.986s][info][gc,heap        ] GC(831) PSYoungGen: 112544K(222720K)->160K(222720K) Eden: 111616K(111616K)->0K(111616K) From: 928K(111104K)->160K(111104K)
[310.986s][info][gc,heap        ] GC(831) ParOldGen: 399914K(620544K)->400826K(620544K)
[310.986s][info][gc,metaspace   ] GC(831) Metaspace: 18556K(18688K)->18556K(18688K) NonClass: 16727K(16832K)->16727K(16832K) Class: 1828K(1856K)->1828K(1856K)
[310.986s][info][gc             ] GC(831) Pause Young (Allocation Failure) 500M->391M(823M) 5.262ms
[310.986s][info][gc,cpu         ] GC(831) User=0.01s Sys=0.00s Real=0.01s
[311.109s][info][gc,start       ] GC(832) Pause Young (Allocation Failure)
[311.111s][info][gc,heap        ] GC(832) PSYoungGen: 111776K(222720K)->128K(222720K) Eden: 111616K(111616K)->0K(111616K) From: 160K(111104K)->128K(111104K)
[311.111s][info][gc,heap        ] GC(832) ParOldGen: 400826K(620544K)->400954K(620544K)
[311.111s][info][gc,metaspace   ] GC(832) Metaspace: 18556K(18688K)->18556K(18688K) NonClass: 16727K(16832K)->16727K(16832K) Class: 1828K(1856K)->1828K(1856K)
[311.111s][info][gc             ] GC(832) Pause Young (Allocation Failure) 500M->391M(823M) 2.087ms
[311.111s][info][gc,cpu         ] GC(832) User=0.01s Sys=0.00s Real=0.00s
[311.244s][info][gc,start       ] GC(833) Pause Young (Allocation Failure)
[311.246s][info][gc,heap        ] GC(833) PSYoungGen: 111744K(222720K)->128K(222720K) Eden: 111616K(111616K)->0K(111616K) From: 128K(111104K)->128K(111104K)
[311.246s][info][gc,heap        ] GC(833) ParOldGen: 400954K(620544K)->401074K(620544K)
[311.246s][info][gc,metaspace   ] GC(833) Metaspace: 18556K(18688K)->18556K(18688K) NonClass: 16727K(16832K)->16727K(16832K) Class: 1828K(1856K)->1828K(1856K)
[311.246s][info][gc             ] GC(833) Pause Young (Allocation Failure) 500M->391M(823M) 2.249ms
[311.246s][info][gc,cpu         ] GC(833) User=0.00s Sys=0.00s Real=0.00s
[311.390s][info][gc,start       ] GC(834) Pause Young (Allocation Failure)
[311.392s][info][gc,heap        ] GC(834) PSYoungGen: 111744K(222720K)->128K(222720K) Eden: 111616K(111616K)->0K(111616K) From: 128K(111104K)->128K(111104K)
[311.392s][info][gc,heap        ] GC(834) ParOldGen: 401074K(620544K)->401162K(620544K)
[311.392s][info][gc,metaspace   ] GC(834) Metaspace: 18556K(18688K)->18556K(18688K) NonClass: 16727K(16832K)->16727K(16832K) Class: 1828K(1856K)->1828K(1856K)
[311.392s][info][gc             ] GC(834) Pause Young (Allocation Failure) 500M->391M(823M) 2.274ms
[311.392s][info][gc,cpu         ] GC(834) User=0.00s Sys=0.00s Real=0.01s
[311.515s][info][gc,start       ] GC(835) Pause Young (Allocation Failure)
[311.517s][info][gc,heap        ] GC(835) PSYoungGen: 111744K(222720K)->128K(222720K) Eden: 111616K(111616K)->0K(111616K) From: 128K(111104K)->128K(111104K)
[311.517s][info][gc,heap        ] GC(835) ParOldGen: 401162K(620544K)->401250K(620544K)
[311.517s][info][gc,metaspace   ] GC(835) Metaspace: 18556K(18688K)->18556K(18688K) NonClass: 16727K(16832K)->16727K(16832K) Class: 1828K(1856K)->1828K(1856K)
[311.517s][info][gc             ] GC(835) Pause Young (Allocation Failure) 500M->391M(823M) 2.068ms
[311.517s][info][gc,cpu         ] GC(835) User=0.00s Sys=0.00s Real=0.00s
[311.642s][info][gc,start       ] GC(836) Pause Young (Allocation Failure)
[311.644s][info][gc,heap        ] GC(836) PSYoungGen: 111744K(222720K)->96K(222720K) Eden: 111616K(111616K)->0K(111616K) From: 128K(111104K)->96K(111104K)
[311.644s][info][gc,heap        ] GC(836) ParOldGen: 401250K(620544K)->401362K(620544K)
[311.644s][info][gc,metaspace   ] GC(836) Metaspace: 18556K(18688K)->18556K(18688K) NonClass: 16727K(16832K)->16727K(16832K) Class: 1828K(1856K)->1828K(1856K)
[311.644s][info][gc             ] GC(836) Pause Young (Allocation Failure) 500M->392M(823M) 2.124ms
[311.644s][info][gc,cpu         ] GC(836) User=0.00s Sys=0.00s Real=0.01s
[311.781s][info][gc,start       ] GC(837) Pause Young (Allocation Failure)
[311.784s][info][gc,heap        ] GC(837) PSYoungGen: 111712K(222720K)->128K(222720K) Eden: 111616K(111616K)->0K(111616K) From: 96K(111104K)->128K(111104K)
[311.784s][info][gc,heap        ] GC(837) ParOldGen: 401362K(620544K)->401450K(620544K)
[311.784s][info][gc,metaspace   ] GC(837) Metaspace: 18556K(18688K)->18556K(18688K) NonClass: 16727K(16832K)->16727K(16832K) Class: 1828K(1856K)->1828K(1856K)
[311.784s][info][gc             ] GC(837) Pause Young (Allocation Failure) 501M->392M(823M) 2.299ms
[311.784s][info][gc,cpu         ] GC(837) User=0.01s Sys=0.00s Real=0.01s
[311.916s][info][gc,start       ] GC(838) Pause Young (Allocation Failure)
[311.929s][info][gc,heap        ] GC(838) PSYoungGen: 111744K(222720K)->3552K(115200K) Eden: 111616K(111616K)->0K(111616K) From: 128K(111104K)->3552K(3584K)
[311.929s][info][gc,heap        ] GC(838) ParOldGen: 401450K(620544K)->401562K(620544K)
[311.929s][info][gc,metaspace   ] GC(838) Metaspace: 18559K(18688K)->18559K(18688K) NonClass: 16730K(16832K)->16730K(16832K) Class: 1828K(1856K)->1828K(1856K)
[311.929s][info][gc             ] GC(838) Pause Young (Allocation Failure) 501M->395M(718M) 13.766ms
[311.929s][info][gc,cpu         ] GC(838) User=0.03s Sys=0.00s Real=0.01s
[312.081s][info][gc,start       ] GC(839) Pause Young (Allocation Failure)
[312.121s][info][gc,heap        ] GC(839) PSYoungGen: 115168K(115200K)->21131K(209920K) Eden: 111616K(111616K)->0K(115200K) From: 3552K(3584K)->21131K(94720K)
[312.121s][info][gc,heap        ] GC(839) ParOldGen: 401562K(620544K)->401562K(620544K)
[312.121s][info][gc,metaspace   ] GC(839) Metaspace: 18559K(18688K)->18559K(18688K) NonClass: 16730K(16832K)->16730K(16832K) Class: 1828K(1856K)->1828K(1856K)
[312.121s][info][gc             ] GC(839) Pause Young (Allocation Failure) 504M->412M(811M) 39.743ms
[312.121s][info][gc,cpu         ] GC(839) User=0.07s Sys=0.00s Real=0.04s
[312.256s][info][gc,start       ] GC(840) Pause Young (Allocation Failure)
[312.294s][info][gc,heap        ] GC(840) PSYoungGen: 136331K(209920K)->21099K(136704K) Eden: 115200K(115200K)->0K(115200K) From: 21131K(94720K)->21099K(21504K)
[312.294s][info][gc,heap        ] GC(840) ParOldGen: 401562K(620544K)->401562K(620544K)
[312.294s][info][gc,metaspace   ] GC(840) Metaspace: 18559K(18688K)->18559K(18688K) NonClass: 16730K(16832K)->16730K(16832K) Class: 1828K(1856K)->1828K(1856K)
[312.294s][info][gc             ] GC(840) Pause Young (Allocation Failure) 525M->412M(739M) 37.739ms
[312.294s][info][gc,cpu         ] GC(840) User=0.07s Sys=0.00s Real=0.04s
[312.421s][info][gc,start       ] GC(841) Pause Young (Allocation Failure)
[312.470s][info][gc,heap        ] GC(841) PSYoungGen: 136299K(136704K)->31371K(205824K) Eden: 115200K(115200K)->0K(120320K) From: 21099K(21504K)->31371K(85504K)
[312.470s][info][gc,heap        ] GC(841) ParOldGen: 401562K(620544K)->401562K(620544K)
[312.470s][info][gc,metaspace   ] GC(841) Metaspace: 18559K(18688K)->18559K(18688K) NonClass: 16730K(16832K)->16730K(16832K) Class: 1828K(1856K)->1828K(1856K)
[312.470s][info][gc             ] GC(841) Pause Young (Allocation Failure) 525M->422M(807M) 49.148ms
[312.470s][info][gc,cpu         ] GC(841) User=0.09s Sys=0.00s Real=0.05s
[312.579s][info][gc,start       ] GC(842) Pause Young (Allocation Failure)
[312.641s][info][gc,heap        ] GC(842) PSYoungGen: 151691K(205824K)->44843K(208384K) Eden: 120320K(120320K)->0K(120320K) From: 31371K(85504K)->44843K(88064K)
[312.641s][info][gc,heap        ] GC(842) ParOldGen: 401562K(620544K)->401562K(620544K)
[312.641s][info][gc,metaspace   ] GC(842) Metaspace: 18559K(18688K)->18559K(18688K) NonClass: 16730K(16832K)->16730K(16832K) Class: 1828K(1856K)->1828K(1856K)
[312.641s][info][gc             ] GC(842) Pause Young (Allocation Failure) 540M->435M(809M) 62.437ms
[312.641s][info][gc,cpu         ] GC(842) User=0.12s Sys=0.01s Real=0.06s
[312.760s][info][gc,start       ] GC(843) Pause Young (Allocation Failure)
[312.832s][info][gc,heap        ] GC(843) PSYoungGen: 165163K(208384K)->57579K(210944K) Eden: 120320K(120320K)->0K(121344K) From: 44843K(88064K)->57579K(89600K)
[312.832s][info][gc,heap        ] GC(843) ParOldGen: 401562K(620544K)->401562K(620544K)
[312.832s][info][gc,metaspace   ] GC(843) Metaspace: 18559K(18688K)->18559K(18688K) NonClass: 16730K(16832K)->16730K(16832K) Class: 1828K(1856K)->1828K(1856K)
[312.832s][info][gc             ] GC(843) Pause Young (Allocation Failure) 553M->448M(812M) 72.212ms
[312.832s][info][gc,cpu         ] GC(843) User=0.14s Sys=0.00s Real=0.08s
[312.904s][info][gc,start       ] GC(844) Pause Young (Allocation Failure)
[312.978s][info][gc,heap        ] GC(844) PSYoungGen: 178923K(210944K)->59403K(216576K) Eden: 121344K(121344K)->0K(121344K) From: 57579K(89600K)->59403K(95232K)
[312.978s][info][gc,heap        ] GC(844) ParOldGen: 401562K(620544K)->401562K(620544K)
[312.978s][info][gc,metaspace   ] GC(844) Metaspace: 18559K(18688K)->18559K(18688K) NonClass: 16730K(16832K)->16730K(16832K) Class: 1828K(1856K)->1828K(1856K)
[312.978s][info][gc             ] GC(844) Pause Young (Allocation Failure) 566M->450M(817M) 74.152ms
[312.978s][info][gc,cpu         ] GC(844) User=0.15s Sys=0.00s Real=0.07s
[313.092s][info][gc,start       ] GC(845) Pause Young (Allocation Failure)
[313.168s][info][gc,heap        ] GC(845) PSYoungGen: 180747K(216576K)->60587K(225280K) Eden: 121344K(121344K)->0K(124928K) From: 59403K(95232K)->60587K(100352K)
[313.168s][info][gc,heap        ] GC(845) ParOldGen: 401562K(620544K)->401562K(620544K)
[313.168s][info][gc,metaspace   ] GC(845) Metaspace: 18559K(18688K)->18559K(18688K) NonClass: 16730K(16832K)->16730K(16832K) Class: 1828K(1856K)->1828K(1856K)
[313.168s][info][gc             ] GC(845) Pause Young (Allocation Failure) 568M->451M(826M) 76.267ms
[313.168s][info][gc,cpu         ] GC(845) User=0.15s Sys=0.00s Real=0.08s
[313.283s][info][gc,start       ] GC(846) Pause Young (Allocation Failure)
[313.363s][info][gc,heap        ] GC(846) PSYoungGen: 185515K(225280K)->64299K(189440K) Eden: 124928K(124928K)->0K(124928K) From: 60587K(100352K)->64299K(64512K)
[313.363s][info][gc,heap        ] GC(846) ParOldGen: 401562K(620544K)->401562K(620544K)
[313.363s][info][gc,metaspace   ] GC(846) Metaspace: 18559K(18688K)->18559K(18688K) NonClass: 16730K(16832K)->16730K(16832K) Class: 1828K(1856K)->1828K(1856K)
[313.363s][info][gc             ] GC(846) Pause Young (Allocation Failure) 573M->454M(791M) 80.128ms
[313.363s][info][gc,cpu         ] GC(846) User=0.16s Sys=0.00s Real=0.08s
[313.466s][info][gc,start       ] GC(847) Pause Young (Allocation Failure)
[313.545s][info][gc,heap        ] GC(847) PSYoungGen: 189227K(189440K)->64363K(220160K) Eden: 124928K(124928K)->0K(111616K) From: 64299K(64512K)->64363K(108544K)
[313.545s][info][gc,heap        ] GC(847) ParOldGen: 401562K(620544K)->401562K(620544K)
[313.545s][info][gc,metaspace   ] GC(847) Metaspace: 18559K(18688K)->18559K(18688K) NonClass: 16730K(16832K)->16730K(16832K) Class: 1828K(1856K)->1828K(1856K)
[313.545s][info][gc             ] GC(847) Pause Young (Allocation Failure) 576M->455M(821M) 79.716ms
[313.545s][info][gc,cpu         ] GC(847) User=0.16s Sys=0.00s Real=0.08s
[313.644s][info][gc,start       ] GC(848) Pause Young (Allocation Failure)
[313.727s][info][gc,heap        ] GC(848) PSYoungGen: 175979K(220160K)->67979K(222720K) Eden: 111616K(111616K)->0K(111616K) From: 64363K(108544K)->67979K(111104K)
[313.727s][info][gc,heap        ] GC(848) ParOldGen: 401562K(620544K)->401562K(620544K)
[313.728s][info][gc,metaspace   ] GC(848) Metaspace: 18559K(18688K)->18559K(18688K) NonClass: 16730K(16832K)->16730K(16832K) Class: 1828K(1856K)->1828K(1856K)
[313.728s][info][gc             ] GC(848) Pause Young (Allocation Failure) 564M->458M(823M) 83.502ms
[313.728s][info][gc,cpu         ] GC(848) User=0.17s Sys=0.00s Real=0.08s
[313.855s][info][gc,start       ] GC(849) Pause Young (Allocation Failure)
[313.952s][info][gc,heap        ] GC(849) PSYoungGen: 179595K(222720K)->56944K(222720K) Eden: 111616K(111616K)->0K(111616K) From: 67979K(111104K)->56944K(111104K)
[313.952s][info][gc,heap        ] GC(849) ParOldGen: 401562K(620544K)->422717K(620544K)
[313.952s][info][gc,metaspace   ] GC(849) Metaspace: 18559K(18688K)->18559K(18688K) NonClass: 16730K(16832K)->16730K(16832K) Class: 1828K(1856K)->1828K(1856K)
[313.952s][info][gc             ] GC(849) Pause Young (Allocation Failure) 567M->468M(823M) 97.164ms
[313.952s][info][gc,cpu         ] GC(849) User=0.20s Sys=0.00s Real=0.10s
[314.047s][info][gc,start       ] GC(850) Pause Young (Allocation Failure)
[314.118s][info][gc,heap        ] GC(850) PSYoungGen: 168560K(222720K)->58224K(222720K) Eden: 111616K(111616K)->0K(111616K) From: 56944K(111104K)->58224K(111104K)
[314.118s][info][gc,heap        ] GC(850) ParOldGen: 422717K(620544K)->433077K(620544K)
[314.118s][info][gc,metaspace   ] GC(850) Metaspace: 18559K(18688K)->18559K(18688K) NonClass: 16730K(16832K)->16730K(16832K) Class: 1828K(1856K)->1828K(1856K)
[314.118s][info][gc             ] GC(850) Pause Young (Allocation Failure) 577M->479M(823M) 71.222ms
[314.118s][info][gc,cpu         ] GC(850) User=0.14s Sys=0.00s Real=0.07s
[314.320s][info][gc,start       ] GC(851) Pause Young (Allocation Failure)
[314.382s][info][gc,heap        ] GC(851) PSYoungGen: 169840K(222720K)->58272K(218624K) Eden: 111616K(111616K)->0K(111616K) From: 58224K(111104K)->58272K(107008K)
[314.382s][info][gc,heap        ] GC(851) ParOldGen: 433077K(620544K)->433077K(620544K)
[314.382s][info][gc,metaspace   ] GC(851) Metaspace: 18559K(18688K)->18559K(18688K) NonClass: 16730K(16832K)->16730K(16832K) Class: 1828K(1856K)->1828K(1856K)
[314.382s][info][gc             ] GC(851) Pause Young (Allocation Failure) 588M->479M(819M) 62.017ms
[314.382s][info][gc,cpu         ] GC(851) User=0.13s Sys=0.00s Real=0.06s
[314.532s][info][gc,start       ] GC(852) Pause Young (Allocation Failure)
[314.625s][info][gc,heap        ] GC(852) PSYoungGen: 169888K(218624K)->85712K(220672K) Eden: 111616K(111616K)->0K(111616K) From: 58272K(107008K)->85712K(109056K)
[314.625s][info][gc,heap        ] GC(852) ParOldGen: 433077K(620544K)->433077K(620544K)
[314.625s][info][gc,metaspace   ] GC(852) Metaspace: 18559K(18688K)->18559K(18688K) NonClass: 16730K(16832K)->16730K(16832K) Class: 1828K(1856K)->1828K(1856K)
[314.625s][info][gc             ] GC(852) Pause Young (Allocation Failure) 588M->506M(821M) 92.786ms
[314.625s][info][gc,cpu         ] GC(852) User=0.19s Sys=0.00s Real=0.10s
[314.773s][info][gc,start       ] GC(853) Pause Young (Allocation Failure)
[314.882s][info][gc,heap        ] GC(853) PSYoungGen: 197328K(220672K)->76096K(222720K) Eden: 111616K(111616K)->0K(111616K) From: 85712K(109056K)->76096K(111104K)
[314.882s][info][gc,heap        ] GC(853) ParOldGen: 433077K(620544K)->459333K(620544K)
[314.882s][info][gc,metaspace   ] GC(853) Metaspace: 18559K(18688K)->18559K(18688K) NonClass: 16730K(16832K)->16730K(16832K) Class: 1828K(1856K)->1828K(1856K)
[314.882s][info][gc             ] GC(853) Pause Young (Allocation Failure) 615M->522M(823M) 108.749ms
[314.882s][info][gc,cpu         ] GC(853) User=0.22s Sys=0.00s Real=0.10s
[314.959s][info][gc,start       ] GC(854) Pause Young (Allocation Failure)
[315.040s][info][gc,heap        ] GC(854) PSYoungGen: 187712K(222720K)->73728K(222720K) Eden: 111616K(111616K)->0K(111616K) From: 76096K(111104K)->73728K(111104K)
[315.040s][info][gc,heap        ] GC(854) ParOldGen: 459333K(620544K)->462365K(620544K)
[315.040s][info][gc,metaspace   ] GC(854) Metaspace: 18559K(18688K)->18559K(18688K) NonClass: 16730K(16832K)->16730K(16832K) Class: 1828K(1856K)->1828K(1856K)
[315.040s][info][gc             ] GC(854) Pause Young (Allocation Failure) 631M->523M(823M) 80.911ms
[315.040s][info][gc,cpu         ] GC(854) User=0.16s Sys=0.00s Real=0.08s
[315.179s][info][gc,start       ] GC(855) Pause Young (Allocation Failure)
[315.258s][info][gc,heap        ] GC(855) PSYoungGen: 185344K(222720K)->72064K(222720K) Eden: 111616K(111616K)->0K(111616K) From: 73728K(111104K)->72064K(111104K)
[315.258s][info][gc,heap        ] GC(855) ParOldGen: 462365K(620544K)->466173K(620544K)
[315.258s][info][gc,metaspace   ] GC(855) Metaspace: 18559K(18688K)->18559K(18688K) NonClass: 16730K(16832K)->16730K(16832K) Class: 1828K(1856K)->1828K(1856K)
[315.258s][info][gc             ] GC(855) Pause Young (Allocation Failure) 632M->525M(823M) 78.978ms
[315.258s][info][gc,cpu         ] GC(855) User=0.16s Sys=0.00s Real=0.08s
[315.390s][info][gc,start       ] GC(856) Pause Young (Allocation Failure)
[315.470s][info][gc,heap        ] GC(856) PSYoungGen: 183680K(222720K)->62976K(222720K) Eden: 111616K(111616K)->0K(111616K) From: 72064K(111104K)->62976K(111104K)
[315.470s][info][gc,heap        ] GC(856) ParOldGen: 466173K(620544K)->479901K(620544K)
[315.470s][info][gc,metaspace   ] GC(856) Metaspace: 18559K(18688K)->18559K(18688K) NonClass: 16730K(16832K)->16730K(16832K) Class: 1828K(1856K)->1828K(1856K)
[315.470s][info][gc             ] GC(856) Pause Young (Allocation Failure) 634M->530M(823M) 80.102ms
[315.470s][info][gc,cpu         ] GC(856) User=0.16s Sys=0.00s Real=0.08s
[315.597s][info][gc,start       ] GC(857) Pause Young (Allocation Failure)
[315.664s][info][gc,heap        ] GC(857) PSYoungGen: 174592K(222720K)->51424K(222720K) Eden: 111616K(111616K)->0K(111616K) From: 62976K(111104K)->51424K(111104K)
[315.664s][info][gc,heap        ] GC(857) ParOldGen: 479901K(620544K)->491525K(620544K)
[315.664s][info][gc,metaspace   ] GC(857) Metaspace: 18561K(18688K)->18561K(18688K) NonClass: 16732K(16832K)->16732K(16832K) Class: 1828K(1856K)->1828K(1856K)
[315.664s][info][gc             ] GC(857) Pause Young (Allocation Failure) 639M->530M(823M) 66.729ms
[315.664s][info][gc,cpu         ] GC(857) User=0.13s Sys=0.00s Real=0.07s
[315.736s][info][gc,start       ] GC(858) Pause Young (Allocation Failure)
[315.792s][info][gc,heap        ] GC(858) PSYoungGen: 163040K(222720K)->7488K(222720K) Eden: 111616K(111616K)->0K(111616K) From: 51424K(111104K)->7488K(111104K)
[315.792s][info][gc,heap        ] GC(858) ParOldGen: 491525K(620544K)->535605K(620544K)
[315.792s][info][gc,metaspace   ] GC(858) Metaspace: 18561K(18688K)->18561K(18688K) NonClass: 16732K(16832K)->16732K(16832K) Class: 1828K(1856K)->1828K(1856K)
[315.792s][info][gc             ] GC(858) Pause Young (Allocation Failure) 639M->530M(823M) 56.520ms
[315.792s][info][gc,cpu         ] GC(858) User=0.11s Sys=0.00s Real=0.06s
[316.057s][info][gc,start       ] GC(859) Pause Young (Allocation Failure)
[316.077s][info][gc,heap        ] GC(859) PSYoungGen: 119104K(222720K)->12480K(222720K) Eden: 111616K(111616K)->0K(111616K) From: 7488K(111104K)->12480K(111104K)
[316.077s][info][gc,heap        ] GC(859) ParOldGen: 535605K(620544K)->538445K(620544K)
[316.077s][info][gc,metaspace   ] GC(859) Metaspace: 18561K(18688K)->18561K(18688K) NonClass: 16732K(16832K)->16732K(16832K) Class: 1828K(1856K)->1828K(1856K)
[316.077s][info][gc             ] GC(859) Pause Young (Allocation Failure) 639M->538M(823M) 20.116ms
[316.077s][info][gc,cpu         ] GC(859) User=0.04s Sys=0.00s Real=0.02s
[316.221s][info][gc,start       ] GC(860) Pause Young (Allocation Failure)
[316.246s][info][gc,heap        ] GC(860) PSYoungGen: 124096K(222720K)->16512K(222720K) Eden: 111616K(111616K)->0K(111616K) From: 12480K(111104K)->16512K(111104K)
[316.246s][info][gc,heap        ] GC(860) ParOldGen: 538445K(620544K)->543077K(620544K)
[316.246s][info][gc,metaspace   ] GC(860) Metaspace: 18561K(18688K)->18561K(18688K) NonClass: 16732K(16832K)->16732K(16832K) Class: 1828K(1856K)->1828K(1856K)
[316.246s][info][gc             ] GC(860) Pause Young (Allocation Failure) 647M->546M(823M) 25.351ms
[316.246s][info][gc,cpu         ] GC(860) User=0.05s Sys=0.00s Real=0.03s
[316.610s][info][gc,start       ] GC(861) Pause Young (Allocation Failure)
[316.629s][info][gc,heap        ] GC(861) PSYoungGen: 128128K(222720K)->8768K(222720K) Eden: 111616K(111616K)->0K(111616K) From: 16512K(111104K)->8768K(111104K)
[316.629s][info][gc,heap        ] GC(861) ParOldGen: 543077K(620544K)->550923K(620544K)
[316.629s][info][gc,metaspace   ] GC(861) Metaspace: 18561K(18688K)->18561K(18688K) NonClass: 16732K(16832K)->16732K(16832K) Class: 1828K(1856K)->1828K(1856K)
[316.629s][info][gc             ] GC(861) Pause Young (Allocation Failure) 655M->546M(823M) 19.550ms
[316.630s][info][gc,cpu         ] GC(861) User=0.04s Sys=0.00s Real=0.02s
[316.931s][info][gc,start       ] GC(862) Pause Young (Allocation Failure)
[316.943s][info][gc,heap        ] GC(862) PSYoungGen: 120384K(222720K)->176K(222720K) Eden: 111616K(111616K)->0K(111616K) From: 8768K(111104K)->176K(111104K)
[316.943s][info][gc,heap        ] GC(862) ParOldGen: 550923K(620544K)->559691K(620544K)
[316.943s][info][gc,metaspace   ] GC(862) Metaspace: 18561K(18688K)->18561K(18688K) NonClass: 16732K(16832K)->16732K(16832K) Class: 1828K(1856K)->1828K(1856K)
[316.943s][info][gc             ] GC(862) Pause Young (Allocation Failure) 655M->546M(823M) 12.119ms
[316.943s][info][gc,cpu         ] GC(862) User=0.03s Sys=0.00s Real=0.02s
[317.228s][info][gc,start       ] GC(863) Pause Young (Allocation Failure)
[317.231s][info][gc,heap        ] GC(863) PSYoungGen: 111792K(222720K)->128K(222720K) Eden: 111616K(111616K)->0K(111616K) From: 176K(111104K)->128K(111104K)
[317.231s][info][gc,heap        ] GC(863) ParOldGen: 559691K(620544K)->559852K(620544K)
[317.231s][info][gc,metaspace   ] GC(863) Metaspace: 18561K(18688K)->18561K(18688K) NonClass: 16732K(16832K)->16732K(16832K) Class: 1828K(1856K)->1828K(1856K)
[317.231s][info][gc             ] GC(863) Pause Young (Allocation Failure) 655M->546M(823M) 2.494ms
[317.231s][info][gc,cpu         ] GC(863) User=0.01s Sys=0.00s Real=0.00s
[317.496s][info][gc,start       ] GC(864) Pause Young (Allocation Failure)
[317.500s][info][gc,heap        ] GC(864) PSYoungGen: 111744K(222720K)->1088K(113152K) Eden: 111616K(111616K)->0K(111616K) From: 128K(111104K)->1088K(1536K)
[317.500s][info][gc,heap        ] GC(864) ParOldGen: 559852K(620544K)->559924K(620544K)
[317.500s][info][gc,metaspace   ] GC(864) Metaspace: 18561K(18688K)->18561K(18688K) NonClass: 16732K(16832K)->16732K(16832K) Class: 1828K(1856K)->1828K(1856K)
[317.500s][info][gc             ] GC(864) Pause Young (Allocation Failure) 655M->547M(716M) 3.949ms
[317.500s][info][gc,cpu         ] GC(864) User=0.01s Sys=0.00s Real=0.00s
[317.804s][info][gc,start       ] GC(865) Pause Young (Allocation Failure)
[317.807s][info][gc,heap        ] GC(865) PSYoungGen: 112704K(113152K)->64K(221184K) Eden: 111616K(111616K)->0K(114688K) From: 1088K(1536K)->64K(106496K)
[317.807s][info][gc,heap        ] GC(865) ParOldGen: 559924K(620544K)->559924K(620544K)
[317.807s][info][gc,metaspace   ] GC(865) Metaspace: 18568K(18688K)->18568K(18688K) NonClass: 16740K(16832K)->16740K(16832K) Class: 1828K(1856K)->1828K(1856K)
[317.807s][info][gc             ] GC(865) Pause Young (Allocation Failure) 656M->546M(822M) 3.067ms
[317.807s][info][gc,cpu         ] GC(865) User=0.01s Sys=0.00s Real=0.00s
[318.035s][info][gc,start       ] GC(866) Pause Young (Allocation Failure)
[318.044s][info][gc,heap        ] GC(866) PSYoungGen: 114752K(221184K)->6752K(121856K) Eden: 114688K(114688K)->0K(114688K) From: 64K(106496K)->6752K(7168K)
[318.044s][info][gc,heap        ] GC(866) ParOldGen: 559924K(620544K)->559924K(620544K)
[318.044s][info][gc,metaspace   ] GC(866) Metaspace: 18568K(18688K)->18568K(18688K) NonClass: 16740K(16832K)->16740K(16832K) Class: 1828K(1856K)->1828K(1856K)
[318.045s][info][gc             ] GC(866) Pause Young (Allocation Failure) 658M->553M(725M) 9.879ms
[318.045s][info][gc,cpu         ] GC(866) User=0.01s Sys=0.00s Real=0.01s
[318.181s][info][gc,start       ] GC(867) Pause Young (Allocation Failure)
[318.213s][info][gc,heap        ] GC(867) PSYoungGen: 121440K(121856K)->35184K(213504K) Eden: 114688K(114688K)->0K(118272K) From: 6752K(7168K)->35184K(95232K)
[318.213s][info][gc,heap        ] GC(867) ParOldGen: 559924K(620544K)->559924K(620544K)
[318.213s][info][gc,metaspace   ] GC(867) Metaspace: 18568K(18688K)->18568K(18688K) NonClass: 16740K(16832K)->16740K(16832K) Class: 1828K(1856K)->1828K(1856K)
[318.213s][info][gc             ] GC(867) Pause Young (Allocation Failure) 665M->581M(814M) 32.459ms
[318.213s][info][gc,cpu         ] GC(867) User=0.07s Sys=0.00s Real=0.04s
[318.278s][info][gc,start       ] GC(868) Pause Young (Allocation Failure)
[318.357s][info][gc,heap        ] GC(868) PSYoungGen: 153456K(213504K)->86214K(216576K) Eden: 118272K(118272K)->0K(118272K) From: 35184K(95232K)->86214K(98304K)
[318.357s][info][gc,heap        ] GC(868) ParOldGen: 559924K(620544K)->559924K(620544K)
[318.357s][info][gc,metaspace   ] GC(868) Metaspace: 18568K(18688K)->18568K(18688K) NonClass: 16740K(16832K)->16740K(16832K) Class: 1828K(1856K)->1828K(1856K)
[318.357s][info][gc             ] GC(868) Pause Young (Allocation Failure) 696M->630M(817M) 79.221ms
[318.357s][info][gc,cpu         ] GC(868) User=0.15s Sys=0.00s Real=0.08s
[318.411s][info][gc,start       ] GC(869) Pause Young (Allocation Failure)
[318.527s][info][gc,heap        ] GC(869) PSYoungGen: 204486K(216576K)->111094K(222720K) Eden: 118272K(118272K)->0K(111616K) From: 86214K(98304K)->111094K(111104K)
[318.527s][info][gc,heap        ] GC(869) ParOldGen: 559924K(620544K)->588300K(620544K)
[318.527s][info][gc,metaspace   ] GC(869) Metaspace: 18568K(18688K)->18568K(18688K) NonClass: 16740K(16832K)->16740K(16832K) Class: 1828K(1856K)->1828K(1856K)
[318.527s][info][gc             ] GC(869) Pause Young (Allocation Failure) 746M->683M(823M) 116.622ms
[318.527s][info][gc,cpu         ] GC(869) User=0.20s Sys=0.03s Real=0.12s
[318.577s][info][gc,start       ] GC(870) Pause Young (Allocation Failure)
[318.715s][info][gc,heap        ] GC(870) PSYoungGen: 222710K(222720K)->111104K(222720K) Eden: 111616K(111616K)->0K(111616K) From: 111094K(111104K)->111104K(111104K)
[318.715s][info][gc,heap        ] GC(870) ParOldGen: 588300K(620544K)->636026K(636416K)
[318.715s][info][gc,metaspace   ] GC(870) Metaspace: 18568K(18688K)->18568K(18688K) NonClass: 16740K(16832K)->16740K(16832K) Class: 1828K(1856K)->1828K(1856K)
[318.715s][info][gc             ] GC(870) Pause Young (Allocation Failure) 792M->729M(839M) 138.201ms
[318.715s][info][gc,cpu         ] GC(870) User=0.22s Sys=0.01s Real=0.14s
[318.926s][info][gc,start       ] GC(871) Pause Full (Allocation Failure)
[318.926s][info][gc,phases,start] GC(871) Marking Phase
[319.326s][info][gc,phases      ] GC(871) Marking Phase 399.778ms
[319.326s][info][gc,phases,start] GC(871) Summary Phase
[319.326s][info][gc,phases      ] GC(871) Summary Phase 0.032ms
[319.326s][info][gc,phases,start] GC(871) Forward
[319.458s][info][gc,phases      ] GC(871) Forward 132.470ms
[319.458s][info][gc,phases,start] GC(871) Adjust Pointers
[319.776s][info][gc,phases      ] GC(871) Adjust Pointers 317.399ms
[319.776s][info][gc,phases,start] GC(871) Compaction Phase
[319.972s][info][gc,phases      ] GC(871) Compaction Phase 196.268ms
[319.980s][info][gc,phases,start] GC(871) Post Compact
[319.983s][info][gc,phases      ] GC(871) Post Compact 2.494ms
[319.983s][info][gc,heap        ] GC(871) PSYoungGen: 222720K(222720K)->0K(222720K) Eden: 111616K(111616K)->0K(111616K) From: 111104K(111104K)->0K(111104K)
[319.983s][info][gc,heap        ] GC(871) ParOldGen: 636026K(636416K)->605273K(667648K)
[319.983s][info][gc,metaspace   ] GC(871) Metaspace: 18570K(18688K)->18570K(18688K) NonClass: 16741K(16832K)->16741K(16832K) Class: 1828K(1856K)->1828K(1856K)
[319.983s][info][gc             ] GC(871) Pause Full (Allocation Failure) 838M->591M(869M) 1057.346ms
[319.983s][info][gc,cpu         ] GC(871) User=2.01s Sys=0.00s Real=1.06s
[320.214s][info][gc,start       ] GC(872) Pause Young (Allocation Failure)
[320.244s][info][gc,heap        ] GC(872) PSYoungGen: 111616K(222720K)->14112K(222720K) Eden: 111616K(111616K)->0K(111616K) From: 0K(111104K)->14112K(111104K)
[320.244s][info][gc,heap        ] GC(872) ParOldGen: 605273K(667648K)->605273K(667648K)
[320.244s][info][gc,metaspace   ] GC(872) Metaspace: 18570K(18688K)->18570K(18688K) NonClass: 16741K(16832K)->16741K(16832K) Class: 1828K(1856K)->1828K(1856K)
[320.244s][info][gc             ] GC(872) Pause Young (Allocation Failure) 700M->604M(869M) 29.371ms
[320.244s][info][gc,cpu         ] GC(872) User=0.06s Sys=0.00s Real=0.03s
[320.376s][info][gc,start       ] GC(873) Pause Young (Allocation Failure)
[320.408s][info][gc,heap        ] GC(873) PSYoungGen: 125728K(222720K)->3520K(222720K) Eden: 111616K(111616K)->0K(111616K) From: 14112K(111104K)->3520K(111104K)
[320.408s][info][gc,heap        ] GC(873) ParOldGen: 605273K(667648K)->619385K(667648K)
[320.408s][info][gc,metaspace   ] GC(873) Metaspace: 18570K(18688K)->18570K(18688K) NonClass: 16741K(16832K)->16741K(16832K) Class: 1828K(1856K)->1828K(1856K)
[320.408s][info][gc             ] GC(873) Pause Young (Allocation Failure) 713M->608M(869M) 32.658ms
[320.408s][info][gc,cpu         ] GC(873) User=0.07s Sys=0.00s Real=0.03s
[320.524s][info][gc,start       ] GC(874) Pause Young (Allocation Failure)
[320.548s][info][gc,heap        ] GC(874) PSYoungGen: 115136K(222720K)->1440K(222720K) Eden: 111616K(111616K)->0K(111616K) From: 3520K(111104K)->1440K(111104K)
[320.548s][info][gc,heap        ] GC(874) ParOldGen: 619385K(667648K)->622881K(667648K)
[320.548s][info][gc,metaspace   ] GC(874) Metaspace: 18570K(18688K)->18570K(18688K) NonClass: 16741K(16832K)->16741K(16832K) Class: 1828K(1856K)->1828K(1856K)
[320.548s][info][gc             ] GC(874) Pause Young (Allocation Failure) 717M->609M(869M) 23.689ms
[320.548s][info][gc,cpu         ] GC(874) User=0.05s Sys=0.00s Real=0.02s
[320.698s][info][gc,start       ] GC(875) Pause Young (Allocation Failure)
[320.749s][info][gc,heap        ] GC(875) PSYoungGen: 112567K(222720K)->22222K(222720K) Eden: 111127K(111616K)->0K(111616K) From: 1440K(111104K)->22222K(111104K)
[320.749s][info][gc,heap        ] GC(875) ParOldGen: 622881K(667648K)->624289K(667648K)
[320.749s][info][gc,metaspace   ] GC(875) Metaspace: 18570K(18688K)->18570K(18688K) NonClass: 16741K(16832K)->16741K(16832K) Class: 1828K(1856K)->1828K(1856K)
[320.749s][info][gc             ] GC(875) Pause Young (Allocation Failure) 718M->631M(869M) 51.124ms
[320.749s][info][gc,cpu         ] GC(875) User=0.10s Sys=0.00s Real=0.05s
[320.901s][info][gc,start       ] GC(876) Pause Young (Allocation Failure)
[320.961s][info][gc,heap        ] GC(876) PSYoungGen: 133838K(222720K)->9120K(222720K) Eden: 111616K(111616K)->0K(111616K) From: 22222K(111104K)->9120K(111104K)
[320.961s][info][gc,heap        ] GC(876) ParOldGen: 624289K(667648K)->645546K(667648K)
[320.961s][info][gc,metaspace   ] GC(876) Metaspace: 18570K(18688K)->18570K(18688K) NonClass: 16741K(16832K)->16741K(16832K) Class: 1828K(1856K)->1828K(1856K)
[320.961s][info][gc             ] GC(876) Pause Young (Allocation Failure) 740M->639M(869M) 60.104ms
[320.961s][info][gc,cpu         ] GC(876) User=0.11s Sys=0.01s Real=0.06s
[321.113s][info][gc,start       ] GC(877) Pause Full (Allocation Failure)
[321.113s][info][gc,phases,start] GC(877) Marking Phase
[321.449s][info][gc,phases      ] GC(877) Marking Phase 336.232ms
[321.449s][info][gc,phases,start] GC(877) Summary Phase
[321.449s][info][gc,phases      ] GC(877) Summary Phase 0.030ms
[321.449s][info][gc,phases,start] GC(877) Forward
[321.555s][info][gc,phases      ] GC(877) Forward 105.520ms
[321.555s][info][gc,phases,start] GC(877) Adjust Pointers
[321.836s][info][gc,phases      ] GC(877) Adjust Pointers 280.863ms
[321.836s][info][gc,phases,start] GC(877) Compaction Phase
[321.981s][info][gc,phases      ] GC(877) Compaction Phase 145.288ms
[321.997s][info][gc,phases,start] GC(877) Post Compact
[321.999s][info][gc,phases      ] GC(877) Post Compact 2.366ms
[321.999s][info][gc,heap        ] GC(877) PSYoungGen: 120736K(222720K)->0K(222720K) Eden: 111616K(111616K)->0K(111616K) From: 9120K(111104K)->0K(111104K)
[321.999s][info][gc,heap        ] GC(877) ParOldGen: 645546K(667648K)->490893K(667648K)
[321.999s][info][gc,metaspace   ] GC(877) Metaspace: 18570K(18688K)->18570K(18688K) NonClass: 16741K(16832K)->16741K(16832K) Class: 1828K(1856K)->1828K(1856K)
[321.999s][info][gc             ] GC(877) Pause Full (Allocation Failure) 748M->479M(869M) 886.168ms
[321.999s][info][gc,cpu         ] GC(877) User=1.67s Sys=0.00s Real=0.88s
[322.152s][info][gc,start       ] GC(878) Pause Young (Allocation Failure)
[322.154s][info][gc,heap        ] GC(878) PSYoungGen: 111616K(222720K)->64K(222720K) Eden: 111616K(111616K)->0K(111616K) From: 0K(111104K)->64K(111104K)
[322.154s][info][gc,heap        ] GC(878) ParOldGen: 490893K(667648K)->490893K(667648K)
[322.154s][info][gc,metaspace   ] GC(878) Metaspace: 18570K(18688K)->18570K(18688K) NonClass: 16741K(16832K)->16741K(16832K) Class: 1828K(1856K)->1828K(1856K)
[322.154s][info][gc             ] GC(878) Pause Young (Allocation Failure) 588M->479M(869M) 1.745ms
[322.154s][info][gc,cpu         ] GC(878) User=0.01s Sys=0.00s Real=0.00s
[322.306s][info][gc,start       ] GC(879) Pause Young (Allocation Failure)
[322.308s][info][gc,heap        ] GC(879) PSYoungGen: 111680K(222720K)->64K(222720K) Eden: 111616K(111616K)->0K(111616K) From: 64K(111104K)->64K(111104K)
[322.308s][info][gc,heap        ] GC(879) ParOldGen: 490893K(667648K)->490909K(667648K)
[322.308s][info][gc,metaspace   ] GC(879) Metaspace: 18570K(18688K)->18570K(18688K) NonClass: 16741K(16832K)->16741K(16832K) Class: 1828K(1856K)->1828K(1856K)
[322.308s][info][gc             ] GC(879) Pause Young (Allocation Failure) 588M->479M(869M) 1.787ms
[322.308s][info][gc,cpu         ] GC(879) User=0.00s Sys=0.01s Real=0.00s
[322.456s][info][gc,start       ] GC(880) Pause Young (Allocation Failure)
[322.458s][info][gc,heap        ] GC(880) PSYoungGen: 111680K(222720K)->64K(222720K) Eden: 111616K(111616K)->0K(111616K) From: 64K(111104K)->64K(111104K)
[322.458s][info][gc,heap        ] GC(880) ParOldGen: 490909K(667648K)->490909K(667648K)
[322.458s][info][gc,metaspace   ] GC(880) Metaspace: 18570K(18688K)->18570K(18688K) NonClass: 16741K(16832K)->16741K(16832K) Class: 1828K(1856K)->1828K(1856K)
[322.458s][info][gc             ] GC(880) Pause Young (Allocation Failure) 588M->479M(869M) 1.750ms
[322.458s][info][gc,cpu         ] GC(880) User=0.00s Sys=0.00s Real=0.00s
[322.609s][info][gc,start       ] GC(881) Pause Young (Allocation Failure)
[322.611s][info][gc,heap        ] GC(881) PSYoungGen: 111680K(222720K)->64K(222720K) Eden: 111616K(111616K)->0K(111616K) From: 64K(111104K)->64K(111104K)
[322.611s][info][gc,heap        ] GC(881) ParOldGen: 490909K(667648K)->490909K(667648K)
[322.611s][info][gc,metaspace   ] GC(881) Metaspace: 18570K(18688K)->18570K(18688K) NonClass: 16741K(16832K)->16741K(16832K) Class: 1828K(1856K)->1828K(1856K)
[322.611s][info][gc             ] GC(881) Pause Young (Allocation Failure) 588M->479M(869M) 1.791ms
[322.611s][info][gc,cpu         ] GC(881) User=0.00s Sys=0.00s Real=0.00s
[322.763s][info][gc,start       ] GC(882) Pause Young (Allocation Failure)
[322.765s][info][gc,heap        ] GC(882) PSYoungGen: 111680K(222720K)->64K(222720K) Eden: 111616K(111616K)->0K(111616K) From: 64K(111104K)->64K(111104K)
[322.765s][info][gc,heap        ] GC(882) ParOldGen: 490909K(667648K)->490909K(667648K)
[322.765s][info][gc,metaspace   ] GC(882) Metaspace: 18570K(18688K)->18570K(18688K) NonClass: 16741K(16832K)->16741K(16832K) Class: 1828K(1856K)->1828K(1856K)
[322.765s][info][gc             ] GC(882) Pause Young (Allocation Failure) 588M->479M(869M) 1.694ms
[322.765s][info][gc,cpu         ] GC(882) User=0.00s Sys=0.00s Real=0.00s
[322.915s][info][gc,start       ] GC(883) Pause Young (Allocation Failure)
[322.917s][info][gc,heap        ] GC(883) PSYoungGen: 111680K(222720K)->64K(222720K) Eden: 111616K(111616K)->0K(111616K) From: 64K(111104K)->64K(111104K)
[322.917s][info][gc,heap        ] GC(883) ParOldGen: 490909K(667648K)->490909K(667648K)
[322.917s][info][gc,metaspace   ] GC(883) Metaspace: 18570K(18688K)->18570K(18688K) NonClass: 16741K(16832K)->16741K(16832K) Class: 1828K(1856K)->1828K(1856K)
[322.917s][info][gc             ] GC(883) Pause Young (Allocation Failure) 588M->479M(869M) 1.829ms
[322.917s][info][gc,cpu         ] GC(883) User=0.00s Sys=0.00s Real=0.00s
[323.026s][info][gc,start       ] GC(884) Pause Young (Allocation Failure)
[323.047s][info][gc,heap        ] GC(884) PSYoungGen: 111680K(222720K)->16512K(128512K) Eden: 111616K(111616K)->0K(111616K) From: 64K(111104K)->16512K(16896K)
[323.047s][info][gc,heap        ] GC(884) ParOldGen: 490909K(667648K)->490909K(667648K)
[323.047s][info][gc,metaspace   ] GC(884) Metaspace: 18570K(18688K)->18570K(18688K) NonClass: 16741K(16832K)->16741K(16832K) Class: 1828K(1856K)->1828K(1856K)
[323.047s][info][gc             ] GC(884) Pause Young (Allocation Failure) 588M->495M(777M) 21.241ms
[323.047s][info][gc,cpu         ] GC(884) User=0.04s Sys=0.00s Real=0.02s
[323.157s][info][gc,start       ] GC(885) Pause Young (Allocation Failure)
[323.187s][info][gc,heap        ] GC(885) PSYoungGen: 128128K(128512K)->28704K(216064K) Eden: 111616K(111616K)->0K(116224K) From: 16512K(16896K)->28704K(99840K)
[323.187s][info][gc,heap        ] GC(885) ParOldGen: 490909K(667648K)->490909K(667648K)
[323.187s][info][gc,metaspace   ] GC(885) Metaspace: 18570K(18688K)->18570K(18688K) NonClass: 16741K(16832K)->16741K(16832K) Class: 1828K(1856K)->1828K(1856K)
[323.187s][info][gc             ] GC(885) Pause Young (Allocation Failure) 604M->507M(863M) 30.148ms
[323.187s][info][gc,cpu         ] GC(885) User=0.06s Sys=0.00s Real=0.03s
[323.265s][info][gc,start       ] GC(886) Pause Young (Allocation Failure)
[323.298s][info][gc,heap        ] GC(886) PSYoungGen: 144928K(216064K)->33344K(216064K) Eden: 116224K(116224K)->0K(116224K) From: 28704K(99840K)->33344K(99840K)
[323.298s][info][gc,heap        ] GC(886) ParOldGen: 490909K(667648K)->490909K(667648K)
[323.298s][info][gc,metaspace   ] GC(886) Metaspace: 18570K(18688K)->18570K(18688K) NonClass: 16741K(16832K)->16741K(16832K) Class: 1828K(1856K)->1828K(1856K)
[323.298s][info][gc             ] GC(886) Pause Young (Allocation Failure) 620M->511M(863M) 32.932ms
[323.298s][info][gc,cpu         ] GC(886) User=0.06s Sys=0.00s Real=0.03s
[323.395s][info][gc,start       ] GC(887) Pause Young (Allocation Failure)
[323.429s][info][gc,heap        ] GC(887) PSYoungGen: 149568K(216064K)->33760K(215040K) Eden: 116224K(116224K)->0K(123392K) From: 33344K(99840K)->33760K(91648K)
[323.429s][info][gc,heap        ] GC(887) ParOldGen: 490909K(667648K)->490909K(667648K)
[323.429s][info][gc,metaspace   ] GC(887) Metaspace: 18570K(18688K)->18570K(18688K) NonClass: 16741K(16832K)->16741K(16832K) Class: 1828K(1856K)->1828K(1856K)
[323.429s][info][gc             ] GC(887) Pause Young (Allocation Failure) 625M->512M(862M) 33.654ms
[323.429s][info][gc,cpu         ] GC(887) User=0.06s Sys=0.00s Real=0.03s
[323.533s][info][gc,start       ] GC(888) Pause Young (Allocation Failure)
[323.569s][info][gc,heap        ] GC(888) PSYoungGen: 157152K(215040K)->35264K(217088K) Eden: 123392K(123392K)->0K(123392K) From: 33760K(91648K)->35264K(93696K)
[323.569s][info][gc,heap        ] GC(888) ParOldGen: 490909K(667648K)->490909K(667648K)
[323.570s][info][gc,metaspace   ] GC(888) Metaspace: 18570K(18688K)->18570K(18688K) NonClass: 16741K(16832K)->16741K(16832K) Class: 1828K(1856K)->1828K(1856K)
[323.570s][info][gc             ] GC(888) Pause Young (Allocation Failure) 632M->513M(864M) 36.725ms
[323.570s][info][gc,cpu         ] GC(888) User=0.07s Sys=0.00s Real=0.03s
[323.716s][info][gc,start       ] GC(889) Pause Young (Allocation Failure)
[323.757s][info][gc,heap        ] GC(889) PSYoungGen: 158656K(217088K)->41248K(222208K) Eden: 123392K(123392K)->0K(131072K) From: 35264K(93696K)->41248K(91136K)
[323.757s][info][gc,heap        ] GC(889) ParOldGen: 490909K(667648K)->490909K(667648K)
[323.757s][info][gc,metaspace   ] GC(889) Metaspace: 18573K(18688K)->18573K(18688K) NonClass: 16745K(16832K)->16745K(16832K) Class: 1828K(1856K)->1828K(1856K)
[323.757s][info][gc             ] GC(889) Pause Young (Allocation Failure) 634M->519M(869M) 41.863ms
[323.757s][info][gc,cpu         ] GC(889) User=0.08s Sys=0.00s Real=0.04s
[323.916s][info][gc,start       ] GC(890) Pause Young (Allocation Failure)
[323.960s][info][gc,heap        ] GC(890) PSYoungGen: 172320K(222208K)->43968K(222208K) Eden: 131072K(131072K)->0K(131072K) From: 41248K(91136K)->43968K(91136K)
[323.960s][info][gc,heap        ] GC(890) ParOldGen: 490909K(667648K)->490909K(667648K)
[323.960s][info][gc,metaspace   ] GC(890) Metaspace: 18573K(18688K)->18573K(18688K) NonClass: 16745K(16832K)->16745K(16832K) Class: 1828K(1856K)->1828K(1856K)
[323.960s][info][gc             ] GC(890) Pause Young (Allocation Failure) 647M->522M(869M) 43.494ms
[323.960s][info][gc,cpu         ] GC(890) User=0.09s Sys=0.00s Real=0.04s
[324.218s][info][gc,start       ] GC(891) Pause Young (Allocation Failure)
[324.262s][info][gc,heap        ] GC(891) PSYoungGen: 175040K(222208K)->44064K(229888K) Eden: 131072K(131072K)->0K(139264K) From: 43968K(91136K)->44064K(90624K)
[324.262s][info][gc,heap        ] GC(891) ParOldGen: 490909K(667648K)->490909K(667648K)
[324.262s][info][gc,metaspace   ] GC(891) Metaspace: 18573K(18688K)->18573K(18688K) NonClass: 16745K(16832K)->16745K(16832K) Class: 1828K(1856K)->1828K(1856K)
[324.262s][info][gc             ] GC(891) Pause Young (Allocation Failure) 650M->522M(876M) 43.803ms
[324.262s][info][gc,cpu         ] GC(891) User=0.09s Sys=0.00s Real=0.05s
[324.513s][info][gc,start       ] GC(892) Pause Young (Allocation Failure)
[324.558s][info][gc,heap        ] GC(892) PSYoungGen: 183328K(229888K)->44128K(230400K) Eden: 139264K(139264K)->0K(139264K) From: 44064K(90624K)->44128K(91136K)
[324.558s][info][gc,heap        ] GC(892) ParOldGen: 490909K(667648K)->490909K(667648K)
[324.558s][info][gc,metaspace   ] GC(892) Metaspace: 18573K(18688K)->18573K(18688K) NonClass: 16745K(16832K)->16745K(16832K) Class: 1828K(1856K)->1828K(1856K)
[324.558s][info][gc             ] GC(892) Pause Young (Allocation Failure) 658M->522M(877M) 45.509ms
[324.558s][info][gc,cpu         ] GC(892) User=0.09s Sys=0.00s Real=0.04s
[324.816s][info][gc,start       ] GC(893) Pause Young (Allocation Failure)
[324.866s][info][gc,heap        ] GC(893) PSYoungGen: 183392K(230400K)->44160K(236032K) Eden: 139264K(139264K)->0K(147456K) From: 44128K(91136K)->44160K(88576K)
[324.866s][info][gc,heap        ] GC(893) ParOldGen: 490909K(667648K)->490909K(667648K)
[324.866s][info][gc,metaspace   ] GC(893) Metaspace: 18573K(18688K)->18573K(18688K) NonClass: 16745K(16832K)->16745K(16832K) Class: 1828K(1856K)->1828K(1856K)
[324.866s][info][gc             ] GC(893) Pause Young (Allocation Failure) 658M->522M(882M) 49.628ms
[324.866s][info][gc,cpu         ] GC(893) User=0.09s Sys=0.00s Real=0.05s
[325.131s][info][gc,start       ] GC(894) Pause Young (Allocation Failure)
[325.183s][info][gc,heap        ] GC(894) PSYoungGen: 191616K(236032K)->55648K(237056K) Eden: 147456K(147456K)->0K(147456K) From: 44160K(88576K)->55648K(89600K)
[325.183s][info][gc,heap        ] GC(894) ParOldGen: 490909K(667648K)->490909K(667648K)
[325.183s][info][gc,metaspace   ] GC(894) Metaspace: 18573K(18688K)->18573K(18688K) NonClass: 16745K(16832K)->16745K(16832K) Class: 1828K(1856K)->1828K(1856K)
[325.183s][info][gc             ] GC(894) Pause Young (Allocation Failure) 666M->533M(883M) 52.119ms
[325.183s][info][gc,cpu         ] GC(894) User=0.10s Sys=0.00s Real=0.06s
[325.335s][info][gc,start       ] GC(895) Pause Young (Allocation Failure)
[325.391s][info][gc,heap        ] GC(895) PSYoungGen: 203104K(237056K)->58176K(235008K) Eden: 147456K(147456K)->0K(142336K) From: 55648K(89600K)->58176K(92672K)
[325.391s][info][gc,heap        ] GC(895) ParOldGen: 490909K(667648K)->490909K(667648K)
[325.391s][info][gc,metaspace   ] GC(895) Metaspace: 18573K(18688K)->18573K(18688K) NonClass: 16745K(16832K)->16745K(16832K) Class: 1828K(1856K)->1828K(1856K)
[325.391s][info][gc             ] GC(895) Pause Young (Allocation Failure) 677M->536M(881M) 56.334ms
[325.391s][info][gc,cpu         ] GC(895) User=0.11s Sys=0.00s Real=0.05s
[325.527s][info][gc,start       ] GC(896) Pause Young (Allocation Failure)
[325.605s][info][gc,heap        ] GC(896) PSYoungGen: 200512K(235008K)->84160K(226816K) Eden: 142336K(142336K)->0K(142336K) From: 58176K(92672K)->84160K(84480K)
[325.605s][info][gc,heap        ] GC(896) ParOldGen: 490909K(667648K)->490909K(667648K)
[325.605s][info][gc,metaspace   ] GC(896) Metaspace: 18573K(18688K)->18573K(18688K) NonClass: 16745K(16832K)->16745K(16832K) Class: 1828K(1856K)->1828K(1856K)
[325.605s][info][gc             ] GC(896) Pause Young (Allocation Failure) 675M->561M(873M) 77.628ms
[325.605s][info][gc,cpu         ] GC(896) User=0.15s Sys=0.00s Real=0.08s
[325.760s][info][gc,start       ] GC(897) Pause Young (Allocation Failure)
[325.869s][info][gc,heap        ] GC(897) PSYoungGen: 226496K(226816K)->106992K(218624K) Eden: 142336K(142336K)->0K(111616K) From: 84160K(84480K)->106992K(107008K)
[325.869s][info][gc,heap        ] GC(897) ParOldGen: 490909K(667648K)->499189K(667648K)
[325.869s][info][gc,metaspace   ] GC(897) Metaspace: 18584K(18688K)->18584K(18688K) NonClass: 16755K(16832K)->16755K(16832K) Class: 1828K(1856K)->1828K(1856K)
[325.869s][info][gc             ] GC(897) Pause Young (Allocation Failure) 700M->591M(865M) 108.323ms
[325.869s][info][gc,cpu         ] GC(897) User=0.20s Sys=0.02s Real=0.11s
[326.039s][info][gc,start       ] GC(898) Pause Young (Allocation Failure)
[326.153s][info][gc,heap        ] GC(898) PSYoungGen: 218608K(218624K)->92848K(222720K) Eden: 111616K(111616K)->0K(111616K) From: 106992K(107008K)->92848K(111104K)
[326.153s][info][gc,heap        ] GC(898) ParOldGen: 499189K(667648K)->527941K(667648K)
[326.153s][info][gc,metaspace   ] GC(898) Metaspace: 18584K(18688K)->18584K(18688K) NonClass: 16755K(16832K)->16755K(16832K) Class: 1828K(1856K)->1828K(1856K)
[326.153s][info][gc             ] GC(898) Pause Young (Allocation Failure) 700M->606M(869M) 113.896ms
[326.153s][info][gc,cpu         ] GC(898) User=0.22s Sys=0.00s Real=0.12s
[326.298s][info][gc,start       ] GC(899) Pause Young (Allocation Failure)
[326.386s][info][gc,heap        ] GC(899) PSYoungGen: 204464K(222720K)->87888K(222720K) Eden: 111616K(111616K)->0K(111616K) From: 92848K(111104K)->87888K(111104K)
[326.386s][info][gc,heap        ] GC(899) ParOldGen: 527941K(667648K)->533029K(667648K)
[326.386s][info][gc,metaspace   ] GC(899) Metaspace: 18584K(18688K)->18584K(18688K) NonClass: 16755K(16832K)->16755K(16832K) Class: 1828K(1856K)->1828K(1856K)
[326.386s][info][gc             ] GC(899) Pause Young (Allocation Failure) 715M->606M(869M) 88.096ms
[326.386s][info][gc,cpu         ] GC(899) User=0.18s Sys=0.00s Real=0.09s
[326.532s][info][gc,start       ] GC(900) Pause Young (Allocation Failure)
[326.617s][info][gc,heap        ] GC(900) PSYoungGen: 199504K(222720K)->80432K(222720K) Eden: 111616K(111616K)->0K(111616K) From: 87888K(111104K)->80432K(111104K)
[326.617s][info][gc,heap        ] GC(900) ParOldGen: 533029K(667648K)->540541K(667648K)
[326.617s][info][gc,metaspace   ] GC(900) Metaspace: 18584K(18688K)->18584K(18688K) NonClass: 16755K(16832K)->16755K(16832K) Class: 1828K(1856K)->1828K(1856K)
[326.617s][info][gc             ] GC(900) Pause Young (Allocation Failure) 715M->606M(869M) 84.968ms
[326.617s][info][gc,cpu         ] GC(900) User=0.17s Sys=0.00s Real=0.08s
[326.762s][info][gc,start       ] GC(901) Pause Young (Allocation Failure)
[326.838s][info][gc,heap        ] GC(901) PSYoungGen: 192048K(222720K)->77680K(222720K) Eden: 111616K(111616K)->0K(111616K) From: 80432K(111104K)->77680K(111104K)
[326.838s][info][gc,heap        ] GC(901) ParOldGen: 540541K(667648K)->543309K(667648K)
[326.838s][info][gc,metaspace   ] GC(901) Metaspace: 18584K(18688K)->18584K(18688K) NonClass: 16755K(16832K)->16755K(16832K) Class: 1828K(1856K)->1828K(1856K)
[326.839s][info][gc             ] GC(901) Pause Young (Allocation Failure) 715M->606M(869M) 76.160ms
[326.839s][info][gc,cpu         ] GC(901) User=0.15s Sys=0.00s Real=0.07s
[326.980s][info][gc,start       ] GC(902) Pause Young (Allocation Failure)
[327.052s][info][gc,heap        ] GC(902) PSYoungGen: 189296K(222720K)->77520K(222720K) Eden: 111616K(111616K)->0K(111616K) From: 77680K(111104K)->77520K(111104K)
[327.052s][info][gc,heap        ] GC(902) ParOldGen: 543309K(667648K)->543483K(667648K)
[327.052s][info][gc,metaspace   ] GC(902) Metaspace: 18584K(18688K)->18584K(18688K) NonClass: 16755K(16832K)->16755K(16832K) Class: 1828K(1856K)->1828K(1856K)
[327.052s][info][gc             ] GC(902) Pause Young (Allocation Failure) 715M->606M(869M) 72.359ms
[327.052s][info][gc,cpu         ] GC(902) User=0.14s Sys=0.00s Real=0.08s
[327.197s][info][gc,start       ] GC(903) Pause Young (Allocation Failure)
[327.271s][info][gc,heap        ] GC(903) PSYoungGen: 189136K(222720K)->63472K(222720K) Eden: 111616K(111616K)->0K(111616K) From: 77520K(111104K)->63472K(111104K)
[327.271s][info][gc,heap        ] GC(903) ParOldGen: 543483K(667648K)->557539K(667648K)
[327.271s][info][gc,metaspace   ] GC(903) Metaspace: 18584K(18688K)->18584K(18688K) NonClass: 16755K(16832K)->16755K(16832K) Class: 1828K(1856K)->1828K(1856K)
[327.271s][info][gc             ] GC(903) Pause Young (Allocation Failure) 715M->606M(869M) 73.929ms
[327.271s][info][gc,cpu         ] GC(903) User=0.15s Sys=0.00s Real=0.07s
[327.420s][info][gc,start       ] GC(904) Pause Young (Allocation Failure)
[327.479s][info][gc,heap        ] GC(904) PSYoungGen: 175088K(222720K)->14656K(222720K) Eden: 111616K(111616K)->0K(111616K) From: 63472K(111104K)->14656K(111104K)
[327.479s][info][gc,heap        ] GC(904) ParOldGen: 557539K(667648K)->606890K(667648K)
[327.479s][info][gc,metaspace   ] GC(904) Metaspace: 18584K(18688K)->18584K(18688K) NonClass: 16755K(16832K)->16755K(16832K) Class: 1828K(1856K)->1828K(1856K)
[327.479s][info][gc             ] GC(904) Pause Young (Allocation Failure) 715M->606M(869M) 59.166ms
[327.479s][info][gc,cpu         ] GC(904) User=0.12s Sys=0.00s Real=0.06s
[327.629s][info][gc,start       ] GC(905) Pause Young (Allocation Failure)
[327.655s][info][gc,heap        ] GC(905) PSYoungGen: 126272K(222720K)->32K(222720K) Eden: 111616K(111616K)->0K(111616K) From: 14656K(111104K)->32K(111104K)
[327.655s][info][gc,heap        ] GC(905) ParOldGen: 606890K(667648K)->621546K(667648K)
[327.655s][info][gc,metaspace   ] GC(905) Metaspace: 18584K(18688K)->18584K(18688K) NonClass: 16755K(16832K)->16755K(16832K) Class: 1828K(1856K)->1828K(1856K)
[327.655s][info][gc             ] GC(905) Pause Young (Allocation Failure) 715M->607M(869M) 26.805ms
[327.655s][info][gc,cpu         ] GC(905) User=0.05s Sys=0.00s Real=0.03s
[327.804s][info][gc,start       ] GC(906) Pause Young (Allocation Failure)
[327.807s][info][gc,heap        ] GC(906) PSYoungGen: 111648K(222720K)->64K(222720K) Eden: 111616K(111616K)->0K(111616K) From: 32K(111104K)->64K(111104K)
[327.807s][info][gc,heap        ] GC(906) ParOldGen: 621546K(667648K)->621546K(667648K)
[327.807s][info][gc,metaspace   ] GC(906) Metaspace: 18584K(18688K)->18584K(18688K) NonClass: 16755K(16832K)->16755K(16832K) Class: 1828K(1856K)->1828K(1856K)
[327.807s][info][gc             ] GC(906) Pause Young (Allocation Failure) 716M->607M(869M) 2.147ms
[327.807s][info][gc,cpu         ] GC(906) User=0.01s Sys=0.00s Real=0.00s
[327.953s][info][gc,start       ] GC(907) Pause Young (Allocation Failure)
[327.955s][info][gc,heap        ] GC(907) PSYoungGen: 111680K(222720K)->64K(222720K) Eden: 111616K(111616K)->0K(111616K) From: 64K(111104K)->64K(111104K)
[327.955s][info][gc,heap        ] GC(907) ParOldGen: 621546K(667648K)->621546K(667648K)
[327.955s][info][gc,metaspace   ] GC(907) Metaspace: 18584K(18688K)->18584K(18688K) NonClass: 16755K(16832K)->16755K(16832K) Class: 1828K(1856K)->1828K(1856K)
[327.955s][info][gc             ] GC(907) Pause Young (Allocation Failure) 716M->607M(869M) 2.053ms
[327.955s][info][gc,cpu         ] GC(907) User=0.00s Sys=0.00s Real=0.00s
[328.082s][info][gc,start       ] GC(908) Pause Young (Allocation Failure)
[328.095s][info][gc,heap        ] GC(908) PSYoungGen: 111680K(222720K)->9408K(222720K) Eden: 111616K(111616K)->0K(111616K) From: 64K(111104K)->9408K(111104K)
[328.095s][info][gc,heap        ] GC(908) ParOldGen: 621546K(667648K)->621546K(667648K)
[328.095s][info][gc,metaspace   ] GC(908) Metaspace: 18584K(18688K)->18584K(18688K) NonClass: 16755K(16832K)->16755K(16832K) Class: 1828K(1856K)->1828K(1856K)
[328.096s][info][gc             ] GC(908) Pause Young (Allocation Failure) 716M->616M(869M) 13.702ms
[328.096s][info][gc,cpu         ] GC(908) User=0.03s Sys=0.00s Real=0.02s
[328.202s][info][gc,start       ] GC(909) Pause Young (Allocation Failure)
[328.227s][info][gc,heap        ] GC(909) PSYoungGen: 121024K(222720K)->23232K(222720K) Eden: 111616K(111616K)->0K(111616K) From: 9408K(111104K)->23232K(111104K)
[328.227s][info][gc,heap        ] GC(909) ParOldGen: 621546K(667648K)->621546K(667648K)
[328.227s][info][gc,metaspace   ] GC(909) Metaspace: 18586K(18688K)->18586K(18688K) NonClass: 16758K(16832K)->16758K(16832K) Class: 1828K(1856K)->1828K(1856K)
[328.227s][info][gc             ] GC(909) Pause Young (Allocation Failure) 725M->629M(869M) 25.552ms
[328.227s][info][gc,cpu         ] GC(909) User=0.05s Sys=0.00s Real=0.03s
[328.315s][info][gc,start       ] GC(910) Pause Young (Allocation Failure)
[328.346s][info][gc,heap        ] GC(910) PSYoungGen: 134848K(222720K)->4800K(222720K) Eden: 111616K(111616K)->0K(111616K) From: 23232K(111104K)->4800K(111104K)
[328.346s][info][gc,heap        ] GC(910) ParOldGen: 621546K(667648K)->644818K(667648K)
[328.346s][info][gc,metaspace   ] GC(910) Metaspace: 18586K(18688K)->18586K(18688K) NonClass: 16758K(16832K)->16758K(16832K) Class: 1828K(1856K)->1828K(1856K)
[328.346s][info][gc             ] GC(910) Pause Young (Allocation Failure) 738M->634M(869M) 31.595ms
[328.346s][info][gc,cpu         ] GC(910) User=0.06s Sys=0.00s Real=0.03s
[328.432s][info][gc,start       ] GC(911) Pause Full (Allocation Failure)
[328.432s][info][gc,phases,start] GC(911) Marking Phase
[328.660s][info][gc,phases      ] GC(911) Marking Phase 228.094ms
[328.660s][info][gc,phases,start] GC(911) Summary Phase
[328.660s][info][gc,phases      ] GC(911) Summary Phase 0.032ms
[328.660s][info][gc,phases,start] GC(911) Forward
[328.730s][info][gc,phases      ] GC(911) Forward 70.669ms
[328.731s][info][gc,phases,start] GC(911) Adjust Pointers
[328.927s][info][gc,phases      ] GC(911) Adjust Pointers 196.140ms
[328.927s][info][gc,phases,start] GC(911) Compaction Phase
[329.024s][info][gc,phases      ] GC(911) Compaction Phase 97.637ms
[329.033s][info][gc,phases,start] GC(911) Post Compact
[329.035s][info][gc,phases      ] GC(911) Post Compact 2.311ms
[329.040s][info][gc,heap        ] GC(911) PSYoungGen: 116416K(222720K)->0K(222720K) Eden: 111616K(111616K)->0K(111616K) From: 4800K(111104K)->0K(111104K)
[329.040s][info][gc,heap        ] GC(911) ParOldGen: 644818K(667648K)->349276K(590336K)
[329.040s][info][gc,metaspace   ] GC(911) Metaspace: 18586K(18688K)->18586K(18688K) NonClass: 16758K(16832K)->16758K(16832K) Class: 1828K(1856K)->1828K(1856K)
[329.040s][info][gc             ] GC(911) Pause Full (Allocation Failure) 743M->341M(794M) 608.688ms
[329.040s][info][gc,cpu         ] GC(911) User=1.14s Sys=0.01s Real=0.61s
[329.129s][info][gc,start       ] GC(912) Pause Young (Allocation Failure)
[329.150s][info][gc,heap        ] GC(912) PSYoungGen: 111616K(222720K)->14592K(222720K) Eden: 111616K(111616K)->0K(111616K) From: 0K(111104K)->14592K(111104K)
[329.150s][info][gc,heap        ] GC(912) ParOldGen: 349276K(590336K)->349276K(590336K)
[329.150s][info][gc,metaspace   ] GC(912) Metaspace: 18588K(18688K)->18588K(18688K) NonClass: 16760K(16832K)->16760K(16832K) Class: 1828K(1856K)->1828K(1856K)
[329.150s][info][gc             ] GC(912) Pause Young (Allocation Failure) 450M->355M(794M) 21.088ms
[329.150s][info][gc,cpu         ] GC(912) User=0.04s Sys=0.00s Real=0.02s
[329.219s][info][gc,start       ] GC(913) Pause Young (Allocation Failure)
[329.252s][info][gc,heap        ] GC(913) PSYoungGen: 126208K(222720K)->13728K(221696K) Eden: 111616K(111616K)->0K(111616K) From: 14592K(111104K)->13728K(110080K)
[329.252s][info][gc,heap        ] GC(913) ParOldGen: 349276K(590336K)->363892K(590336K)
[329.252s][info][gc,metaspace   ] GC(913) Metaspace: 18588K(18688K)->18588K(18688K) NonClass: 16760K(16832K)->16760K(16832K) Class: 1828K(1856K)->1828K(1856K)
[329.252s][info][gc             ] GC(913) Pause Young (Allocation Failure) 464M->368M(793M) 33.219ms
[329.252s][info][gc,cpu         ] GC(913) User=0.07s Sys=0.00s Real=0.03s
[329.320s][info][gc,start       ] GC(914) Pause Young (Allocation Failure)
[329.349s][info][gc,heap        ] GC(914) PSYoungGen: 125344K(221696K)->22944K(134656K) Eden: 111616K(111616K)->0K(111616K) From: 13728K(110080K)->22944K(23040K)
[329.349s][info][gc,heap        ] GC(914) ParOldGen: 363892K(590336K)->363892K(590336K)
[329.349s][info][gc,metaspace   ] GC(914) Metaspace: 18588K(18688K)->18588K(18688K) NonClass: 16760K(16832K)->16760K(16832K) Class: 1828K(1856K)->1828K(1856K)
[329.349s][info][gc             ] GC(914) Pause Young (Allocation Failure) 477M->377M(708M) 29.111ms
[329.349s][info][gc,cpu         ] GC(914) User=0.06s Sys=0.00s Real=0.03s
[329.447s][info][gc,start       ] GC(915) Pause Young (Allocation Failure)
[329.497s][info][gc,heap        ] GC(915) PSYoungGen: 134560K(134656K)->46880K(218112K) Eden: 111616K(111616K)->0K(114176K) From: 22944K(23040K)->46880K(103936K)
[329.497s][info][gc,heap        ] GC(915) ParOldGen: 363892K(590336K)->363892K(590336K)
[329.497s][info][gc,metaspace   ] GC(915) Metaspace: 18591K(18688K)->18591K(18688K) NonClass: 16762K(16832K)->16762K(16832K) Class: 1828K(1856K)->1828K(1856K)
[329.497s][info][gc             ] GC(915) Pause Young (Allocation Failure) 486M->401M(789M) 49.885ms
[329.497s][info][gc,cpu         ] GC(915) User=0.10s Sys=0.00s Real=0.05s
[329.607s][info][gc,start       ] GC(916) Pause Young (Allocation Failure)
[329.668s][info][gc,heap        ] GC(916) PSYoungGen: 161056K(218112K)->57536K(217088K) Eden: 114176K(114176K)->0K(114176K) From: 46880K(103936K)->57536K(102912K)
[329.668s][info][gc,heap        ] GC(916) ParOldGen: 363892K(590336K)->363892K(590336K)
[329.668s][info][gc,metaspace   ] GC(916) Metaspace: 18592K(18688K)->18592K(18688K) NonClass: 16763K(16832K)->16763K(16832K) Class: 1828K(1856K)->1828K(1856K)
[329.668s][info][gc             ] GC(916) Pause Young (Allocation Failure) 512M->411M(788M) 60.893ms
[329.668s][info][gc,cpu         ] GC(916) User=0.12s Sys=0.00s Real=0.06s
[329.754s][info][gc,start       ] GC(917) Pause Young (Allocation Failure)
[329.823s][info][gc,heap        ] GC(917) PSYoungGen: 171712K(217088K)->66688K(218112K) Eden: 114176K(114176K)->0K(112640K) From: 57536K(102912K)->66688K(105472K)
[329.823s][info][gc,heap        ] GC(917) ParOldGen: 363892K(590336K)->363892K(590336K)
[329.823s][info][gc,metaspace   ] GC(917) Metaspace: 18594K(18688K)->18594K(18688K) NonClass: 16766K(16832K)->16766K(16832K) Class: 1828K(1856K)->1828K(1856K)
[329.823s][info][gc             ] GC(917) Pause Young (Allocation Failure) 523M->420M(789M) 69.263ms
[329.823s][info][gc,cpu         ] GC(917) User=0.14s Sys=0.00s Real=0.07s
[329.939s][info][gc,start       ] GC(918) Pause Young (Allocation Failure)
[330.012s][info][gc,heap        ] GC(918) PSYoungGen: 179328K(218112K)->69920K(182784K) Eden: 112640K(112640K)->0K(112640K) From: 66688K(105472K)->69920K(70144K)
[330.012s][info][gc,heap        ] GC(918) ParOldGen: 363892K(590336K)->363892K(590336K)
[330.012s][info][gc,metaspace   ] GC(918) Metaspace: 18595K(18688K)->18595K(18688K) NonClass: 16767K(16832K)->16767K(16832K) Class: 1828K(1856K)->1828K(1856K)
[330.012s][info][gc             ] GC(918) Pause Young (Allocation Failure) 530M->423M(755M) 72.546ms
[330.012s][info][gc,cpu         ] GC(918) User=0.14s Sys=0.00s Real=0.07s
[330.139s][info][gc,start       ] GC(919) Pause Young (Allocation Failure)
[330.213s][info][gc,heap        ] GC(919) PSYoungGen: 182560K(182784K)->47072K(223744K) Eden: 112640K(112640K)->0K(112640K) From: 69920K(70144K)->47072K(111104K)
[330.213s][info][gc,heap        ] GC(919) ParOldGen: 363892K(590336K)->386972K(590336K)
[330.213s][info][gc,metaspace   ] GC(919) Metaspace: 18598K(18688K)->18598K(18688K) NonClass: 16769K(16832K)->16769K(16832K) Class: 1828K(1856K)->1828K(1856K)
[330.213s][info][gc             ] GC(919) Pause Young (Allocation Failure) 533M->423M(795M) 73.520ms
[330.213s][info][gc,cpu         ] GC(919) User=0.15s Sys=0.00s Real=0.08s
[330.327s][info][gc,start       ] GC(920) Pause Young (Allocation Failure)
[330.383s][info][gc,heap        ] GC(920) PSYoungGen: 159712K(223744K)->24608K(137728K) Eden: 112640K(112640K)->0K(112640K) From: 47072K(111104K)->24608K(25088K)
[330.383s][info][gc,heap        ] GC(920) ParOldGen: 386972K(590336K)->410980K(590336K)
[330.383s][info][gc,metaspace   ] GC(920) Metaspace: 18599K(18688K)->18599K(18688K) NonClass: 16770K(16832K)->16770K(16832K) Class: 1828K(1856K)->1828K(1856K)
[330.383s][info][gc             ] GC(920) Pause Young (Allocation Failure) 533M->425M(711M) 56.237ms
[330.383s][info][gc,cpu         ] GC(920) User=0.11s Sys=0.00s Real=0.06s
[330.518s][info][gc,start       ] GC(921) Pause Young (Allocation Failure)
[330.553s][info][gc,heap        ] GC(921) PSYoungGen: 137248K(137728K)->17408K(221184K) Eden: 112640K(112640K)->0K(115200K) From: 24608K(25088K)->17408K(105984K)
[330.553s][info][gc,heap        ] GC(921) ParOldGen: 410980K(590336K)->421700K(590336K)
[330.553s][info][gc,metaspace   ] GC(921) Metaspace: 18607K(18688K)->18607K(18688K) NonClass: 16779K(16832K)->16779K(16832K) Class: 1828K(1856K)->1828K(1856K)
[330.553s][info][gc             ] GC(921) Pause Young (Allocation Failure) 535M->428M(792M) 35.647ms
[330.553s][info][gc,cpu         ] GC(921) User=0.07s Sys=0.00s Real=0.04s
[330.660s][info][gc,start       ] GC(922) Pause Young (Allocation Failure)
[330.681s][info][gc,heap        ] GC(922) PSYoungGen: 132608K(221184K)->17440K(218624K) Eden: 115200K(115200K)->0K(115200K) From: 17408K(105984K)->17440K(103424K)
[330.681s][info][gc,heap        ] GC(922) ParOldGen: 421700K(590336K)->421700K(590336K)
[330.681s][info][gc,metaspace   ] GC(922) Metaspace: 18619K(18752K)->18619K(18752K) NonClass: 16791K(16896K)->16791K(16896K) Class: 1828K(1856K)->1828K(1856K)
[330.681s][info][gc             ] GC(922) Pause Young (Allocation Failure) 541M->428M(790M) 21.209ms
[330.681s][info][gc,cpu         ] GC(922) User=0.04s Sys=0.00s Real=0.02s
[330.844s][info][gc,start       ] GC(923) Pause Young (Allocation Failure)
[330.867s][info][gc,heap        ] GC(923) PSYoungGen: 132640K(218624K)->17472K(218112K) Eden: 115200K(115200K)->0K(124416K) From: 17440K(103424K)->17472K(93696K)
[330.867s][info][gc,heap        ] GC(923) ParOldGen: 421700K(590336K)->421700K(590336K)
[330.867s][info][gc,metaspace   ] GC(923) Metaspace: 18625K(18752K)->18625K(18752K) NonClass: 16796K(16896K)->16796K(16896K) Class: 1828K(1856K)->1828K(1856K)
[330.867s][info][gc             ] GC(923) Pause Young (Allocation Failure) 541M->428M(789M) 23.089ms
[330.867s][info][gc,cpu         ] GC(923) User=0.05s Sys=0.00s Real=0.02s
[331.077s][info][gc,start       ] GC(924) Pause Young (Allocation Failure)
[331.116s][info][gc,heap        ] GC(924) PSYoungGen: 141888K(218112K)->34416K(221184K) Eden: 124416K(124416K)->0K(124416K) From: 17472K(93696K)->34416K(96768K)
[331.116s][info][gc,heap        ] GC(924) ParOldGen: 421700K(590336K)->421700K(590336K)
[331.116s][info][gc,metaspace   ] GC(924) Metaspace: 18626K(18752K)->18626K(18752K) NonClass: 16797K(16896K)->16797K(16896K) Class: 1828K(1856K)->1828K(1856K)
[331.116s][info][gc             ] GC(924) Pause Young (Allocation Failure) 550M->445M(792M) 38.664ms
[331.116s][info][gc,cpu         ] GC(924) User=0.08s Sys=0.00s Real=0.04s
[331.316s][info][gc,start       ] GC(925) Pause Young (Allocation Failure)
[331.386s][info][gc,heap        ] GC(925) PSYoungGen: 158832K(221184K)->76248K(214528K) Eden: 124416K(124416K)->0K(123904K) From: 34416K(96768K)->76248K(90624K)
[331.386s][info][gc,heap        ] GC(925) ParOldGen: 421700K(590336K)->421700K(590336K)
[331.386s][info][gc,metaspace   ] GC(925) Metaspace: 18627K(18752K)->18627K(18752K) NonClass: 16798K(16896K)->16798K(16896K) Class: 1828K(1856K)->1828K(1856K)
[331.386s][info][gc             ] GC(925) Pause Young (Allocation Failure) 566M->486M(786M) 69.537ms
[331.386s][info][gc,cpu         ] GC(925) User=0.13s Sys=0.00s Real=0.07s
[331.454s][info][gc,start       ] GC(926) Pause Young (Allocation Failure)
[331.550s][info][gc,heap        ] GC(926) PSYoungGen: 200152K(214528K)->100832K(224768K) Eden: 123904K(123904K)->0K(123904K) From: 76248K(90624K)->100832K(100864K)
[331.550s][info][gc,heap        ] GC(926) ParOldGen: 421700K(590336K)->431692K(590336K)
[331.550s][info][gc,metaspace   ] GC(926) Metaspace: 18627K(18752K)->18627K(18752K) NonClass: 16798K(16896K)->16798K(16896K) Class: 1828K(1856K)->1828K(1856K)
[331.550s][info][gc             ] GC(926) Pause Young (Allocation Failure) 607M->520M(796M) 95.181ms
[331.550s][info][gc,cpu         ] GC(926) User=0.19s Sys=0.00s Real=0.09s
[331.688s][info][gc,start       ] GC(927) Pause Young (Allocation Failure)
[331.797s][info][gc,heap        ] GC(927) PSYoungGen: 224736K(224768K)->104736K(220672K) Eden: 123904K(123904K)->0K(111616K) From: 100832K(100864K)->104736K(109056K)
[331.797s][info][gc,heap        ] GC(927) ParOldGen: 431692K(590336K)->444100K(590336K)
[331.797s][info][gc,metaspace   ] GC(927) Metaspace: 18627K(18752K)->18627K(18752K) NonClass: 16798K(16896K)->16798K(16896K) Class: 1828K(1856K)->1828K(1856K)
[331.797s][info][gc             ] GC(927) Pause Young (Allocation Failure) 641M->535M(792M) 109.233ms
[331.797s][info][gc,cpu         ] GC(927) User=0.21s Sys=0.01s Real=0.11s
[331.946s][info][gc,start       ] GC(928) Pause Young (Allocation Failure)
[332.033s][info][gc,heap        ] GC(928) PSYoungGen: 216352K(220672K)->103368K(222720K) Eden: 111616K(111616K)->0K(111616K) From: 104736K(109056K)->103368K(111104K)
[332.033s][info][gc,heap        ] GC(928) ParOldGen: 444100K(590336K)->445618K(590336K)
[332.033s][info][gc,metaspace   ] GC(928) Metaspace: 18627K(18752K)->18627K(18752K) NonClass: 16798K(16896K)->16798K(16896K) Class: 1828K(1856K)->1828K(1856K)
[332.033s][info][gc             ] GC(928) Pause Young (Allocation Failure) 644M->536M(794M) 86.871ms
[332.033s][info][gc,cpu         ] GC(928) User=0.17s Sys=0.00s Real=0.09s
[332.205s][info][gc,start       ] GC(929) Pause Young (Allocation Failure)
[332.290s][info][gc,heap        ] GC(929) PSYoungGen: 214984K(222720K)->100072K(222720K) Eden: 111616K(111616K)->0K(111616K) From: 103368K(111104K)->100072K(111104K)
[332.290s][info][gc,heap        ] GC(929) ParOldGen: 445618K(590336K)->449170K(590336K)
[332.290s][info][gc,metaspace   ] GC(929) Metaspace: 18627K(18752K)->18627K(18752K) NonClass: 16798K(16896K)->16798K(16896K) Class: 1828K(1856K)->1828K(1856K)
[332.290s][info][gc             ] GC(929) Pause Young (Allocation Failure) 645M->536M(794M) 85.830ms
[332.290s][info][gc,cpu         ] GC(929) User=0.17s Sys=0.00s Real=0.08s
[332.493s][info][gc,start       ] GC(930) Pause Young (Allocation Failure)
[332.571s][info][gc,heap        ] GC(930) PSYoungGen: 211688K(222720K)->83472K(222720K) Eden: 111616K(111616K)->0K(111616K) From: 100072K(111104K)->83472K(111104K)
[332.571s][info][gc,heap        ] GC(930) ParOldGen: 449170K(590336K)->466226K(590336K)
[332.571s][info][gc,metaspace   ] GC(930) Metaspace: 18627K(18752K)->18627K(18752K) NonClass: 16798K(16896K)->16798K(16896K) Class: 1828K(1856K)->1828K(1856K)
[332.571s][info][gc             ] GC(930) Pause Young (Allocation Failure) 645M->536M(794M) 77.805ms
[332.571s][info][gc,cpu         ] GC(930) User=0.15s Sys=0.00s Real=0.07s
[332.745s][info][gc,start       ] GC(931) Pause Young (Allocation Failure)
[332.815s][info][gc,heap        ] GC(931) PSYoungGen: 195088K(222720K)->17280K(222720K) Eden: 111616K(111616K)->0K(111616K) From: 83472K(111104K)->17280K(111104K)
[332.815s][info][gc,heap        ] GC(931) ParOldGen: 466226K(590336K)->533205K(590336K)
[332.815s][info][gc,metaspace   ] GC(931) Metaspace: 18627K(18752K)->18627K(18752K) NonClass: 16798K(16896K)->16798K(16896K) Class: 1828K(1856K)->1828K(1856K)
[332.815s][info][gc             ] GC(931) Pause Young (Allocation Failure) 645M->537M(794M) 70.089ms
[332.815s][info][gc,cpu         ] GC(931) User=0.14s Sys=0.00s Real=0.07s
[332.924s][info][gc,start       ] GC(932) Pause Young (Allocation Failure)
[332.945s][info][gc,heap        ] GC(932) PSYoungGen: 128896K(222720K)->2144K(222720K) Eden: 111616K(111616K)->0K(111616K) From: 17280K(111104K)->2144K(111104K)
[332.945s][info][gc,heap        ] GC(932) ParOldGen: 533205K(590336K)->549701K(590336K)
[332.945s][info][gc,metaspace   ] GC(932) Metaspace: 18627K(18752K)->18627K(18752K) NonClass: 16798K(16896K)->16798K(16896K) Class: 1828K(1856K)->1828K(1856K)
[332.945s][info][gc             ] GC(932) Pause Young (Allocation Failure) 646M->538M(794M) 20.728ms
[332.945s][info][gc,cpu         ] GC(932) User=0.04s Sys=0.00s Real=0.02s
[333.028s][info][gc,start       ] GC(933) Pause Young (Allocation Failure)
[333.036s][info][gc,heap        ] GC(933) PSYoungGen: 113760K(222720K)->2336K(222720K) Eden: 111616K(111616K)->0K(111616K) From: 2144K(111104K)->2336K(111104K)
[333.036s][info][gc,heap        ] GC(933) ParOldGen: 549701K(590336K)->550325K(590336K)
[333.036s][info][gc,metaspace   ] GC(933) Metaspace: 18627K(18752K)->18627K(18752K) NonClass: 16798K(16896K)->16798K(16896K) Class: 1828K(1856K)->1828K(1856K)
[333.036s][info][gc             ] GC(933) Pause Young (Allocation Failure) 647M->539M(794M) 7.451ms
[333.036s][info][gc,cpu         ] GC(933) User=0.02s Sys=0.00s Real=0.01s
[333.255s][info][gc,start       ] GC(934) Pause Young (Allocation Failure)
[333.291s][info][gc,heap        ] GC(934) PSYoungGen: 113952K(222720K)->17514K(222720K) Eden: 111616K(111616K)->0K(111616K) From: 2336K(111104K)->17514K(111104K)
[333.291s][info][gc,heap        ] GC(934) ParOldGen: 550325K(590336K)->551805K(590336K)
[333.291s][info][gc,metaspace   ] GC(934) Metaspace: 18627K(18752K)->18627K(18752K) NonClass: 16798K(16896K)->16798K(16896K) Class: 1828K(1856K)->1828K(1856K)
[333.291s][info][gc             ] GC(934) Pause Young (Allocation Failure) 648M->555M(794M) 35.753ms
[333.291s][info][gc,cpu         ] GC(934) User=0.07s Sys=0.00s Real=0.03s
[333.499s][info][gc,start       ] GC(935) Pause Young (Allocation Failure)
[333.540s][info][gc,heap        ] GC(935) PSYoungGen: 129130K(222720K)->10944K(222720K) Eden: 111616K(111616K)->0K(111616K) From: 17514K(111104K)->10944K(111104K)
[333.540s][info][gc,heap        ] GC(935) ParOldGen: 551805K(590336K)->569336K(590336K)
[333.540s][info][gc,metaspace   ] GC(935) Metaspace: 18627K(18752K)->18627K(18752K) NonClass: 16798K(16896K)->16798K(16896K) Class: 1828K(1856K)->1828K(1856K)
[333.540s][info][gc             ] GC(935) Pause Young (Allocation Failure) 664M->566M(794M) 41.255ms
[333.540s][info][gc,cpu         ] GC(935) User=0.08s Sys=0.00s Real=0.04s
[333.670s][info][gc,start       ] GC(936) Pause Young (Allocation Failure)
[333.701s][info][gc,heap        ] GC(936) PSYoungGen: 122560K(222720K)->15904K(222720K) Eden: 111616K(111616K)->0K(111616K) From: 10944K(111104K)->15904K(111104K)
[333.701s][info][gc,heap        ] GC(936) ParOldGen: 569336K(590336K)->580288K(590336K)
[333.701s][info][gc,metaspace   ] GC(936) Metaspace: 18627K(18752K)->18627K(18752K) NonClass: 16798K(16896K)->16798K(16896K) Class: 1828K(1856K)->1828K(1856K)
[333.701s][info][gc             ] GC(936) Pause Young (Allocation Failure) 675M->582M(794M) 31.338ms
[333.701s][info][gc,cpu         ] GC(936) User=0.07s Sys=0.00s Real=0.03s
[333.834s][info][gc,start       ] GC(937) Pause Young (Allocation Failure)
[333.868s][info][gc,heap        ] GC(937) PSYoungGen: 127520K(222720K)->11776K(222720K) Eden: 111616K(111616K)->0K(111616K) From: 15904K(111104K)->11776K(111104K)
[333.868s][info][gc,heap        ] GC(937) ParOldGen: 580288K(590336K)->596088K(596480K)
[333.868s][info][gc,metaspace   ] GC(937) Metaspace: 18627K(18752K)->18627K(18752K) NonClass: 16798K(16896K)->16798K(16896K) Class: 1828K(1856K)->1828K(1856K)
[333.868s][info][gc             ] GC(937) Pause Young (Allocation Failure) 691M->593M(800M) 33.822ms
[333.868s][info][gc,cpu         ] GC(937) User=0.06s Sys=0.00s Real=0.03s
[333.967s][info][gc,start       ] GC(938) Pause Young (Allocation Failure)
[333.992s][info][gc,heap        ] GC(938) PSYoungGen: 123392K(222720K)->2624K(222720K) Eden: 111616K(111616K)->0K(111616K) From: 11776K(111104K)->2624K(111104K)
[333.992s][info][gc,heap        ] GC(938) ParOldGen: 596088K(596480K)->607888K(608256K)
[333.992s][info][gc,metaspace   ] GC(938) Metaspace: 18627K(18752K)->18627K(18752K) NonClass: 16798K(16896K)->16798K(16896K) Class: 1828K(1856K)->1828K(1856K)
[333.992s][info][gc             ] GC(938) Pause Young (Allocation Failure) 702M->596M(811M) 25.074ms
[333.992s][info][gc,cpu         ] GC(938) User=0.04s Sys=0.01s Real=0.03s
[334.113s][info][gc,start       ] GC(939) Pause Young (Allocation Failure)
[334.124s][info][gc,heap        ] GC(939) PSYoungGen: 114240K(222720K)->384K(222720K) Eden: 111616K(111616K)->0K(111616K) From: 2624K(111104K)->384K(111104K)
[334.124s][info][gc,heap        ] GC(939) ParOldGen: 607888K(608256K)->610504K(610816K)
[334.124s][info][gc,metaspace   ] GC(939) Metaspace: 18627K(18752K)->18627K(18752K) NonClass: 16798K(16896K)->16798K(16896K) Class: 1828K(1856K)->1828K(1856K)
[334.124s][info][gc             ] GC(939) Pause Young (Allocation Failure) 705M->596M(814M) 11.288ms
[334.124s][info][gc,cpu         ] GC(939) User=0.02s Sys=0.00s Real=0.01s
[334.253s][info][gc,start       ] GC(940) Pause Young (Allocation Failure)
[334.261s][info][gc,heap        ] GC(940) PSYoungGen: 112000K(222720K)->2848K(222720K) Eden: 111616K(111616K)->0K(111616K) From: 384K(111104K)->2848K(111104K)
[334.261s][info][gc,heap        ] GC(940) ParOldGen: 610504K(610816K)->610856K(611328K)
[334.261s][info][gc,metaspace   ] GC(940) Metaspace: 18631K(18752K)->18631K(18752K) NonClass: 16802K(16896K)->16802K(16896K) Class: 1828K(1856K)->1828K(1856K)
[334.261s][info][gc             ] GC(940) Pause Young (Allocation Failure) 705M->599M(814M) 8.565ms
[334.261s][info][gc,cpu         ] GC(940) User=0.01s Sys=0.00s Real=0.00s
[334.346s][info][gc,start       ] GC(941) Pause Young (Allocation Failure)
[334.353s][info][gc,heap        ] GC(941) PSYoungGen: 114464K(222720K)->128K(222720K) Eden: 111616K(111616K)->0K(111616K) From: 2848K(111104K)->128K(111104K)
[334.353s][info][gc,heap        ] GC(941) ParOldGen: 610856K(611328K)->613676K(613888K)
[334.353s][info][gc,metaspace   ] GC(941) Metaspace: 18631K(18752K)->18631K(18752K) NonClass: 16802K(16896K)->16802K(16896K) Class: 1828K(1856K)->1828K(1856K)
[334.353s][info][gc             ] GC(941) Pause Young (Allocation Failure) 708M->599M(817M) 7.725ms
[334.353s][info][gc,cpu         ] GC(941) User=0.01s Sys=0.00s Real=0.01s
[334.421s][info][gc,start       ] GC(942) Pause Young (Allocation Failure)
[334.423s][info][gc,heap        ] GC(942) PSYoungGen: 111744K(222720K)->64K(112128K) Eden: 111616K(111616K)->0K(111616K) From: 128K(111104K)->64K(512K)
[334.423s][info][gc,heap        ] GC(942) ParOldGen: 613676K(613888K)->613788K(613888K)
[334.423s][info][gc,metaspace   ] GC(942) Metaspace: 18631K(18752K)->18631K(18752K) NonClass: 16802K(16896K)->16802K(16896K) Class: 1828K(1856K)->1828K(1856K)
[334.423s][info][gc             ] GC(942) Pause Young (Allocation Failure) 708M->599M(709M) 2.687ms
[334.423s][info][gc,cpu         ] GC(942) User=0.00s Sys=0.00s Real=0.01s
[334.618s][info][gc,start       ] GC(943) Pause Young (Allocation Failure)
[334.627s][info][gc,heap        ] GC(943) PSYoungGen: 111680K(112128K)->5568K(217600K) Eden: 111616K(111616K)->0K(116224K) From: 64K(512K)->5568K(101376K)
[334.627s][info][gc,heap        ] GC(943) ParOldGen: 613788K(613888K)->613796K(613888K)
[334.627s][info][gc,metaspace   ] GC(943) Metaspace: 18634K(18752K)->18634K(18752K) NonClass: 16805K(16896K)->16805K(16896K) Class: 1828K(1856K)->1828K(1856K)
[334.627s][info][gc             ] GC(943) Pause Young (Allocation Failure) 708M->604M(812M) 8.603ms
[334.627s][info][gc,cpu         ] GC(943) User=0.02s Sys=0.00s Real=0.01s
[334.751s][info][gc,start       ] GC(944) Pause Young (Allocation Failure)
[334.762s][info][gc,heap        ] GC(944) PSYoungGen: 121792K(217600K)->8112K(124416K) Eden: 116224K(116224K)->0K(116224K) From: 5568K(101376K)->8112K(8192K)
[334.762s][info][gc,heap        ] GC(944) ParOldGen: 613796K(613888K)->613796K(613888K)
[334.762s][info][gc,metaspace   ] GC(944) Metaspace: 18634K(18752K)->18634K(18752K) NonClass: 16805K(16896K)->16805K(16896K) Class: 1828K(1856K)->1828K(1856K)
[334.762s][info][gc             ] GC(944) Pause Young (Allocation Failure) 718M->607M(721M) 10.697ms
[334.762s][info][gc,cpu         ] GC(944) User=0.02s Sys=0.00s Real=0.01s
[335.046s][info][gc,start       ] GC(945) Pause Young (Allocation Failure)
[335.058s][info][gc,heap        ] GC(945) PSYoungGen: 124336K(124416K)->8208K(204288K) Eden: 116224K(116224K)->0K(120320K) From: 8112K(8192K)->8208K(83968K)
[335.058s][info][gc,heap        ] GC(945) ParOldGen: 613796K(613888K)->613796K(613888K)
[335.058s][info][gc,metaspace   ] GC(945) Metaspace: 18634K(18752K)->18634K(18752K) NonClass: 16806K(16896K)->16806K(16896K) Class: 1828K(1856K)->1828K(1856K)
[335.058s][info][gc             ] GC(945) Pause Young (Allocation Failure) 720M->607M(799M) 11.681ms
[335.058s][info][gc,cpu         ] GC(945) User=0.02s Sys=0.00s Real=0.01s
[335.264s][info][gc,start       ] GC(946) Pause Young (Allocation Failure)
[335.298s][info][gc,heap        ] GC(946) PSYoungGen: 128528K(204288K)->31072K(210944K) Eden: 120320K(120320K)->0K(120320K) From: 8208K(83968K)->31072K(90624K)
[335.298s][info][gc,heap        ] GC(946) ParOldGen: 613796K(613888K)->613796K(613888K)
[335.298s][info][gc,metaspace   ] GC(946) Metaspace: 18637K(18752K)->18637K(18752K) NonClass: 16809K(16896K)->16809K(16896K) Class: 1828K(1856K)->1828K(1856K)
[335.298s][info][gc             ] GC(946) Pause Young (Allocation Failure) 724M->629M(805M) 33.377ms
[335.298s][info][gc,cpu         ] GC(946) User=0.06s Sys=0.00s Real=0.03s
[335.443s][info][gc,start       ] GC(947) Pause Young (Allocation Failure)
[335.478s][info][gc,heap        ] GC(947) PSYoungGen: 151392K(210944K)->31088K(210944K) Eden: 120320K(120320K)->0K(126464K) From: 31072K(90624K)->31088K(84480K)
[335.478s][info][gc,heap        ] GC(947) ParOldGen: 613796K(613888K)->613796K(613888K)
[335.478s][info][gc,metaspace   ] GC(947) Metaspace: 18637K(18752K)->18637K(18752K) NonClass: 16809K(16896K)->16809K(16896K) Class: 1828K(1856K)->1828K(1856K)
[335.478s][info][gc             ] GC(947) Pause Young (Allocation Failure) 747M->629M(805M) 34.873ms
[335.478s][info][gc,cpu         ] GC(947) User=0.07s Sys=0.00s Real=0.03s
[335.642s][info][gc,start       ] GC(948) Pause Young (Allocation Failure)
[335.676s][info][gc,heap        ] GC(948) PSYoungGen: 157552K(210944K)->31144K(212480K) Eden: 126464K(126464K)->0K(126464K) From: 31088K(84480K)->31144K(86016K)
[335.676s][info][gc,heap        ] GC(948) ParOldGen: 613796K(613888K)->613796K(613888K)
[335.676s][info][gc,metaspace   ] GC(948) Metaspace: 18637K(18752K)->18637K(18752K) NonClass: 16809K(16896K)->16809K(16896K) Class: 1828K(1856K)->1828K(1856K)
[335.676s][info][gc             ] GC(948) Pause Young (Allocation Failure) 753M->629M(807M) 33.887ms
[335.676s][info][gc,cpu         ] GC(948) User=0.07s Sys=0.00s Real=0.03s
[336.722s][info][gc,start       ] GC(949) Pause Young (Allocation Failure)
[336.755s][info][gc,heap        ] GC(949) PSYoungGen: 157608K(212480K)->31604K(209920K) Eden: 126464K(126464K)->0K(132608K) From: 31144K(86016K)->31604K(77312K)
[336.755s][info][gc,heap        ] GC(949) ParOldGen: 613796K(613888K)->613796K(613888K)
[336.755s][info][gc,metaspace   ] GC(949) Metaspace: 18638K(18752K)->18638K(18752K) NonClass: 16809K(16896K)->16809K(16896K) Class: 1828K(1856K)->1828K(1856K)
[336.755s][info][gc             ] GC(949) Pause Young (Allocation Failure) 753M->630M(804M) 32.908ms
[336.755s][info][gc,cpu         ] GC(949) User=0.06s Sys=0.00s Real=0.04s
[337.645s][info][gc,start       ] GC(950) Pause Young (Allocation Failure)
[337.682s][info][gc,heap        ] GC(950) PSYoungGen: 164212K(209920K)->31677K(213504K) Eden: 132608K(132608K)->0K(132608K) From: 31604K(77312K)->31677K(80896K)
[337.682s][info][gc,heap        ] GC(950) ParOldGen: 613796K(613888K)->613796K(613888K)
[337.682s][info][gc,metaspace   ] GC(950) Metaspace: 18648K(18752K)->18648K(18752K) NonClass: 16820K(16896K)->16820K(16896K) Class: 1828K(1856K)->1828K(1856K)
[337.682s][info][gc             ] GC(950) Pause Young (Allocation Failure) 759M->630M(808M) 36.649ms
[337.682s][info][gc,cpu         ] GC(950) User=0.07s Sys=0.00s Real=0.04s
[338.222s][info][gc,start       ] GC(951) Pause Young (Allocation Failure)
[338.258s][info][gc,heap        ] GC(951) PSYoungGen: 164285K(213504K)->33229K(212480K) Eden: 132608K(132608K)->0K(137728K) From: 31677K(80896K)->33229K(74752K)
[338.258s][info][gc,heap        ] GC(951) ParOldGen: 613796K(613888K)->613796K(613888K)
[338.258s][info][gc,metaspace   ] GC(951) Metaspace: 18649K(18752K)->18649K(18752K) NonClass: 16820K(16896K)->16820K(16896K) Class: 1828K(1856K)->1828K(1856K)
[338.258s][info][gc             ] GC(951) Pause Young (Allocation Failure) 759M->631M(807M) 35.233ms
[338.258s][info][gc,cpu         ] GC(951) User=0.06s Sys=0.00s Real=0.03s
[338.793s][info][gc,start       ] GC(952) Pause Young (Allocation Failure)
[338.829s][info][gc,heap        ] GC(952) PSYoungGen: 170893K(212480K)->33725K(214528K) Eden: 137664K(137728K)->0K(137728K) From: 33229K(74752K)->33725K(76800K)
[338.829s][info][gc,heap        ] GC(952) ParOldGen: 613796K(613888K)->613796K(613888K)
[338.829s][info][gc,metaspace   ] GC(952) Metaspace: 18669K(18816K)->18669K(18816K) NonClass: 16840K(16960K)->16840K(16960K) Class: 1828K(1856K)->1828K(1856K)
[338.829s][info][gc             ] GC(952) Pause Young (Allocation Failure) 766M->632M(809M) 36.296ms
[338.829s][info][gc,cpu         ] GC(952) User=0.08s Sys=0.00s Real=0.03s
[339.186s][info][gc,start       ] GC(953) Pause Young (Allocation Failure)
[339.222s][info][gc,heap        ] GC(953) PSYoungGen: 171453K(214528K)->33885K(214528K) Eden: 137728K(137728K)->0K(142848K) From: 33725K(76800K)->33885K(71680K)
[339.222s][info][gc,heap        ] GC(953) ParOldGen: 613796K(613888K)->613796K(613888K)
[339.222s][info][gc,metaspace   ] GC(953) Metaspace: 18670K(18816K)->18670K(18816K) NonClass: 16842K(16960K)->16842K(16960K) Class: 1828K(1856K)->1828K(1856K)
[339.222s][info][gc             ] GC(953) Pause Young (Allocation Failure) 766M->632M(809M) 35.267ms
[339.222s][info][gc,cpu         ] GC(953) User=0.07s Sys=0.00s Real=0.03s
[339.535s][info][gc,start       ] GC(954) Pause Young (Allocation Failure)
[339.585s][info][gc,heap        ] GC(954) PSYoungGen: 176733K(214528K)->45812K(216064K) Eden: 142848K(142848K)->0K(142848K) From: 33885K(71680K)->45812K(73216K)
[339.585s][info][gc,heap        ] GC(954) ParOldGen: 613796K(613888K)->613804K(613888K)
[339.585s][info][gc,metaspace   ] GC(954) Metaspace: 18680K(18816K)->18680K(18816K) NonClass: 16851K(16960K)->16851K(16960K) Class: 1828K(1856K)->1828K(1856K)
[339.585s][info][gc             ] GC(954) Pause Young (Allocation Failure) 772M->644M(810M) 50.649ms
[339.585s][info][gc,cpu         ] GC(954) User=0.10s Sys=0.00s Real=0.05s
[339.722s][info][gc,start       ] GC(955) Pause Young (Allocation Failure)
[339.847s][info][gc,heap        ] GC(955) PSYoungGen: 188660K(216064K)->75773K(199680K) Eden: 142848K(142848K)->0K(123904K) From: 45812K(73216K)->75773K(75776K)
[339.847s][info][gc,heap        ] GC(955) ParOldGen: 613804K(613888K)->647228K(647680K)
[339.847s][info][gc,metaspace   ] GC(955) Metaspace: 18698K(18880K)->18698K(18880K) NonClass: 16869K(17024K)->16869K(17024K) Class: 1828K(1856K)->1828K(1856K)
[339.847s][info][gc             ] GC(955) Pause Young (Allocation Failure) 783M->706M(827M) 124.329ms
[339.847s][info][gc,cpu         ] GC(955) User=0.21s Sys=0.04s Real=0.12s
[339.956s][info][gc,start       ] GC(956) Pause Full (Allocation Failure)
[339.956s][info][gc,phases,start] GC(956) Marking Phase
[340.083s][info][gc,phases      ] GC(956) Marking Phase 127.144ms
[340.083s][info][gc,phases,start] GC(956) Summary Phase
[340.083s][info][gc,phases      ] GC(956) Summary Phase 0.045ms
[340.083s][info][gc,phases,start] GC(956) Forward
[340.125s][info][gc,phases      ] GC(956) Forward 42.311ms
[340.125s][info][gc,phases,start] GC(956) Adjust Pointers
[340.213s][info][gc,phases      ] GC(956) Adjust Pointers 87.268ms
[340.213s][info][gc,phases,start] GC(956) Compaction Phase
[340.251s][info][gc,phases      ] GC(956) Compaction Phase 38.158ms
[340.252s][info][gc,phases,start] GC(956) Post Compact
[340.254s][info][gc,phases      ] GC(956) Post Compact 2.471ms
[340.277s][info][gc,heap        ] GC(956) PSYoungGen: 199677K(199680K)->0K(224768K) Eden: 123904K(123904K)->0K(123904K) From: 75773K(75776K)->0K(100864K)
[340.277s][info][gc,heap        ] GC(956) ParOldGen: 647228K(647680K)->159057K(392704K)
[340.277s][info][gc,metaspace   ] GC(956) Metaspace: 18698K(18880K)->18698K(18880K) NonClass: 16869K(17024K)->16869K(17024K) Class: 1828K(1856K)->1828K(1856K)
[340.277s][info][gc             ] GC(956) Pause Full (Allocation Failure) 827M->155M(603M) 321.410ms
[340.277s][info][gc,cpu         ] GC(956) User=0.57s Sys=0.02s Real=0.32s
[340.505s][info][gc,start       ] GC(957) Pause Young (Allocation Failure)
[340.534s][info][gc,heap        ] GC(957) PSYoungGen: 123904K(224768K)->33680K(221696K) Eden: 123904K(123904K)->0K(132096K) From: 0K(100864K)->33680K(89600K)
[340.534s][info][gc,heap        ] GC(957) ParOldGen: 159057K(392704K)->159057K(392704K)
[340.534s][info][gc,metaspace   ] GC(957) Metaspace: 18699K(18880K)->18699K(18880K) NonClass: 16870K(17024K)->16870K(17024K) Class: 1828K(1856K)->1828K(1856K)
[340.534s][info][gc             ] GC(957) Pause Young (Allocation Failure) 276M->188M(600M) 29.065ms
[340.534s][info][gc,cpu         ] GC(957) User=0.06s Sys=0.00s Real=0.03s
[340.768s][info][gc,start       ] GC(958) Pause Young (Allocation Failure)
[340.858s][info][gc,heap        ] GC(958) PSYoungGen: 165776K(221696K)->79465K(227328K) Eden: 132096K(132096K)->0K(132096K) From: 33680K(89600K)->79465K(95232K)
[340.858s][info][gc,heap        ] GC(958) ParOldGen: 159057K(392704K)->159065K(392704K)
[340.858s][info][gc,metaspace   ] GC(958) Metaspace: 18708K(18880K)->18708K(18880K) NonClass: 16879K(17024K)->16879K(17024K) Class: 1828K(1856K)->1828K(1856K)
[340.858s][info][gc             ] GC(958) Pause Young (Allocation Failure) 317M->232M(605M) 90.114ms
[340.858s][info][gc,cpu         ] GC(958) User=0.17s Sys=0.00s Real=0.09s
[340.971s][info][gc,start       ] GC(959) Pause Young (Allocation Failure)
[341.097s][info][gc,heap        ] GC(959) PSYoungGen: 211561K(227328K)->104634K(217088K) Eden: 132096K(132096K)->0K(111616K) From: 79465K(95232K)->104634K(105472K)
[341.097s][info][gc,heap        ] GC(959) ParOldGen: 159065K(392704K)->159065K(392704K)
[341.097s][info][gc,metaspace   ] GC(959) Metaspace: 18708K(18880K)->18708K(18880K) NonClass: 16879K(17024K)->16879K(17024K) Class: 1828K(1856K)->1828K(1856K)
[341.097s][info][gc             ] GC(959) Pause Young (Allocation Failure) 361M->257M(595M) 126.564ms
[341.097s][info][gc,cpu         ] GC(959) User=0.23s Sys=0.02s Real=0.13s
[341.167s][info][gc,start       ] GC(960) Pause Young (Allocation Failure)
[341.279s][info][gc,heap        ] GC(960) PSYoungGen: 216250K(217088K)->109034K(222720K) Eden: 111616K(111616K)->0K(111616K) From: 104634K(105472K)->109034K(111104K)
[341.279s][info][gc,heap        ] GC(960) ParOldGen: 159065K(392704K)->159065K(392704K)
[341.279s][info][gc,metaspace   ] GC(960) Metaspace: 18708K(18880K)->18708K(18880K) NonClass: 16879K(17024K)->16879K(17024K) Class: 1828K(1856K)->1828K(1856K)
[341.279s][info][gc             ] GC(960) Pause Young (Allocation Failure) 366M->261M(601M) 112.297ms
[341.279s][info][gc,cpu         ] GC(960) User=0.23s Sys=0.00s Real=0.11s
[341.353s][info][gc,start       ] GC(961) Pause Young (Allocation Failure)
[341.479s][info][gc,heap        ] GC(961) PSYoungGen: 220650K(222720K)->111098K(222720K) Eden: 111616K(111616K)->0K(111616K) From: 109034K(111104K)->111098K(111104K)
[341.479s][info][gc,heap        ] GC(961) ParOldGen: 159065K(392704K)->162209K(392704K)
[341.479s][info][gc,metaspace   ] GC(961) Metaspace: 18708K(18880K)->18708K(18880K) NonClass: 16879K(17024K)->16879K(17024K) Class: 1828K(1856K)->1828K(1856K)
[341.479s][info][gc             ] GC(961) Pause Young (Allocation Failure) 370M->266M(601M) 125.746ms
[341.479s][info][gc,cpu         ] GC(961) User=0.25s Sys=0.00s Real=0.12s
[341.594s][info][gc,start       ] GC(962) Pause Young (Allocation Failure)
[341.725s][info][gc,heap        ] GC(962) PSYoungGen: 222714K(222720K)->111075K(222720K) Eden: 111616K(111616K)->0K(111616K) From: 111098K(111104K)->111075K(111104K)
[341.725s][info][gc,heap        ] GC(962) ParOldGen: 162209K(392704K)->170799K(392704K)
[341.725s][info][gc,metaspace   ] GC(962) Metaspace: 18708K(18880K)->18708K(18880K) NonClass: 16879K(17024K)->16879K(17024K) Class: 1828K(1856K)->1828K(1856K)
[341.725s][info][gc             ] GC(962) Pause Young (Allocation Failure) 375M->275M(601M) 131.385ms
[341.725s][info][gc,cpu         ] GC(962) User=0.26s Sys=0.00s Real=0.13s
[341.835s][info][gc,start       ] GC(963) Pause Young (Allocation Failure)
[341.950s][info][gc,heap        ] GC(963) PSYoungGen: 222691K(222720K)->111091K(222720K) Eden: 111616K(111616K)->0K(111616K) From: 111075K(111104K)->111091K(111104K)
[341.950s][info][gc,heap        ] GC(963) ParOldGen: 170799K(392704K)->170943K(392704K)
[341.950s][info][gc,metaspace   ] GC(963) Metaspace: 18708K(18880K)->18708K(18880K) NonClass: 16879K(17024K)->16879K(17024K) Class: 1828K(1856K)->1828K(1856K)
[341.950s][info][gc             ] GC(963) Pause Young (Allocation Failure) 384M->275M(601M) 114.889ms
[341.950s][info][gc,cpu         ] GC(963) User=0.23s Sys=0.00s Real=0.11s
[342.045s][info][gc,start       ] GC(964) Pause Young (Allocation Failure)
[342.161s][info][gc,heap        ] GC(964) PSYoungGen: 222707K(222720K)->111098K(222720K) Eden: 111616K(111616K)->0K(111616K) From: 111091K(111104K)->111098K(111104K)
[342.161s][info][gc,heap        ] GC(964) ParOldGen: 170943K(392704K)->171039K(392704K)
[342.161s][info][gc,metaspace   ] GC(964) Metaspace: 18708K(18880K)->18708K(18880K) NonClass: 16879K(17024K)->16879K(17024K) Class: 1828K(1856K)->1828K(1856K)
[342.161s][info][gc             ] GC(964) Pause Young (Allocation Failure) 384M->275M(601M) 115.926ms
[342.161s][info][gc,cpu         ] GC(964) User=0.23s Sys=0.00s Real=0.11s
[342.270s][info][gc,start       ] GC(965) Pause Young (Allocation Failure)
[342.390s][info][gc,heap        ] GC(965) PSYoungGen: 222714K(222720K)->111098K(222720K) Eden: 111616K(111616K)->0K(111616K) From: 111098K(111104K)->111098K(111104K)
[342.390s][info][gc,heap        ] GC(965) ParOldGen: 171039K(392704K)->173263K(392704K)
[342.390s][info][gc,metaspace   ] GC(965) Metaspace: 18708K(18880K)->18708K(18880K) NonClass: 16879K(17024K)->16879K(17024K) Class: 1828K(1856K)->1828K(1856K)
[342.390s][info][gc             ] GC(965) Pause Young (Allocation Failure) 384M->277M(601M) 120.364ms
[342.390s][info][gc,cpu         ] GC(965) User=0.24s Sys=0.00s Real=0.12s
[342.482s][info][gc,start       ] GC(966) Pause Young (Allocation Failure)
[342.633s][info][gc,heap        ] GC(966) PSYoungGen: 222714K(222720K)->56640K(222720K) Eden: 111616K(111616K)->0K(111616K) From: 111098K(111104K)->56640K(111104K)
[342.633s][info][gc,heap        ] GC(966) ParOldGen: 173263K(392704K)->249457K(392704K)
[342.633s][info][gc,metaspace   ] GC(966) Metaspace: 18708K(18880K)->18708K(18880K) NonClass: 16879K(17024K)->16879K(17024K) Class: 1828K(1856K)->1828K(1856K)
[342.633s][info][gc             ] GC(966) Pause Young (Allocation Failure) 386M->298M(601M) 151.518ms
[342.633s][info][gc,cpu         ] GC(966) User=0.30s Sys=0.00s Real=0.16s
[342.718s][info][gc,start       ] GC(967) Pause Young (Allocation Failure)
[342.797s][info][gc,heap        ] GC(967) PSYoungGen: 168256K(222720K)->59088K(222720K) Eden: 111616K(111616K)->0K(111616K) From: 56640K(111104K)->59088K(111104K)
[342.797s][info][gc,heap        ] GC(967) ParOldGen: 249457K(392704K)->271513K(392704K)
[342.797s][info][gc,metaspace   ] GC(967) Metaspace: 18708K(18880K)->18708K(18880K) NonClass: 16879K(17024K)->16879K(17024K) Class: 1828K(1856K)->1828K(1856K)
[342.797s][info][gc             ] GC(967) Pause Young (Allocation Failure) 407M->322M(601M) 78.544ms
[342.797s][info][gc,cpu         ] GC(967) User=0.16s Sys=0.00s Real=0.08s
[342.918s][info][gc,start       ] GC(968) Pause Young (Allocation Failure)
[342.991s][info][gc,heap        ] GC(968) PSYoungGen: 170704K(222720K)->68899K(222720K) Eden: 111616K(111616K)->0K(111616K) From: 59088K(111104K)->68899K(111104K)
[342.991s][info][gc,heap        ] GC(968) ParOldGen: 271513K(392704K)->283265K(392704K)
[342.991s][info][gc,metaspace   ] GC(968) Metaspace: 18708K(18880K)->18708K(18880K) NonClass: 16879K(17024K)->16879K(17024K) Class: 1828K(1856K)->1828K(1856K)
[342.991s][info][gc             ] GC(968) Pause Young (Allocation Failure) 431M->343M(601M) 73.597ms
[342.991s][info][gc,cpu         ] GC(968) User=0.14s Sys=0.00s Real=0.07s
[343.067s][info][gc,start       ] GC(969) Pause Young (Allocation Failure)
[343.142s][info][gc,heap        ] GC(969) PSYoungGen: 180515K(222720K)->81059K(222720K) Eden: 111616K(111616K)->0K(111616K) From: 68899K(111104K)->81059K(111104K)
[343.142s][info][gc,heap        ] GC(969) ParOldGen: 283265K(392704K)->283515K(392704K)
[343.142s][info][gc,metaspace   ] GC(969) Metaspace: 18708K(18880K)->18708K(18880K) NonClass: 16879K(17024K)->16879K(17024K) Class: 1828K(1856K)->1828K(1856K)
[343.142s][info][gc             ] GC(969) Pause Young (Allocation Failure) 452M->356M(601M) 75.180ms
[343.142s][info][gc,cpu         ] GC(969) User=0.15s Sys=0.00s Real=0.07s
[343.255s][info][gc,start       ] GC(970) Pause Young (Allocation Failure)
[343.337s][info][gc,heap        ] GC(970) PSYoungGen: 192675K(222720K)->62051K(222720K) Eden: 111616K(111616K)->0K(111616K) From: 81059K(111104K)->62051K(111104K)
[343.337s][info][gc,heap        ] GC(970) ParOldGen: 283515K(392704K)->306243K(392704K)
[343.337s][info][gc,metaspace   ] GC(970) Metaspace: 18708K(18880K)->18708K(18880K) NonClass: 16879K(17024K)->16879K(17024K) Class: 1828K(1856K)->1828K(1856K)
[343.337s][info][gc             ] GC(970) Pause Young (Allocation Failure) 465M->359M(601M) 81.702ms
[343.337s][info][gc,cpu         ] GC(970) User=0.17s Sys=0.00s Real=0.08s
[343.455s][info][gc,start       ] GC(971) Pause Young (Allocation Failure)
[343.513s][info][gc,heap        ] GC(971) PSYoungGen: 173667K(222720K)->17152K(222720K) Eden: 111616K(111616K)->0K(111616K) From: 62051K(111104K)->17152K(111104K)
[343.513s][info][gc,heap        ] GC(971) ParOldGen: 306243K(392704K)->352629K(392704K)
[343.513s][info][gc,metaspace   ] GC(971) Metaspace: 18708K(18880K)->18708K(18880K) NonClass: 16879K(17024K)->16879K(17024K) Class: 1828K(1856K)->1828K(1856K)
[343.513s][info][gc             ] GC(971) Pause Young (Allocation Failure) 468M->361M(601M) 58.362ms
[343.513s][info][gc,cpu         ] GC(971) User=0.11s Sys=0.00s Real=0.06s
[343.846s][info][gc,start       ] GC(972) Pause Young (Allocation Failure)
[343.870s][info][gc,heap        ] GC(972) PSYoungGen: 128768K(222720K)->2912K(222720K) Eden: 111616K(111616K)->0K(111616K) From: 17152K(111104K)->2912K(111104K)
[343.870s][info][gc,heap        ] GC(972) ParOldGen: 352629K(392704K)->368869K(392704K)
[343.870s][info][gc,metaspace   ] GC(972) Metaspace: 18708K(18880K)->18708K(18880K) NonClass: 16879K(17024K)->16879K(17024K) Class: 1828K(1856K)->1828K(1856K)
[343.870s][info][gc             ] GC(972) Pause Young (Allocation Failure) 470M->363M(601M) 24.461ms
[343.870s][info][gc,cpu         ] GC(972) User=0.05s Sys=0.00s Real=0.02s
[344.139s][info][gc,start       ] GC(973) Pause Young (Allocation Failure)
[344.145s][info][gc,heap        ] GC(973) PSYoungGen: 114528K(222720K)->608K(222720K) Eden: 111616K(111616K)->0K(111616K) From: 2912K(111104K)->608K(111104K)
[344.145s][info][gc,heap        ] GC(973) ParOldGen: 368869K(392704K)->371517K(392704K)
[344.145s][info][gc,metaspace   ] GC(973) Metaspace: 18708K(18880K)->18708K(18880K) NonClass: 16879K(17024K)->16879K(17024K) Class: 1828K(1856K)->1828K(1856K)
[344.145s][info][gc             ] GC(973) Pause Young (Allocation Failure) 472M->363M(601M) 6.503ms
[344.145s][info][gc,cpu         ] GC(973) User=0.01s Sys=0.00s Real=0.01s
[344.343s][info][gc,start       ] GC(974) Pause Young (Allocation Failure)
[344.371s][info][gc,heap        ] GC(974) PSYoungGen: 112224K(222720K)->26816K(222720K) Eden: 111616K(111616K)->0K(111616K) From: 608K(111104K)->26816K(111104K)
[344.371s][info][gc,heap        ] GC(974) ParOldGen: 371517K(392704K)->372091K(392704K)
[344.371s][info][gc,metaspace   ] GC(974) Metaspace: 18708K(18880K)->18708K(18880K) NonClass: 16879K(17024K)->16879K(17024K) Class: 1828K(1856K)->1828K(1856K)
[344.371s][info][gc             ] GC(974) Pause Young (Allocation Failure) 472M->389M(601M) 27.669ms
[344.371s][info][gc,cpu         ] GC(974) User=0.06s Sys=0.00s Real=0.02s
[344.474s][info][gc,start       ] GC(975) Pause Young (Allocation Failure)
[344.531s][info][gc,heap        ] GC(975) PSYoungGen: 138432K(222720K)->31440K(222720K) Eden: 111616K(111616K)->0K(111616K) From: 26816K(111104K)->31440K(111104K)
[344.531s][info][gc,heap        ] GC(975) ParOldGen: 372091K(392704K)->398762K(398848K)
[344.531s][info][gc,metaspace   ] GC(975) Metaspace: 18709K(18880K)->18709K(18880K) NonClass: 16881K(17024K)->16881K(17024K) Class: 1828K(1856K)->1828K(1856K)
[344.531s][info][gc             ] GC(975) Pause Young (Allocation Failure) 498M->420M(607M) 57.745ms
[344.531s][info][gc,cpu         ] GC(975) User=0.11s Sys=0.01s Real=0.05s
[344.705s][info][gc,start       ] GC(976) Pause Young (Allocation Failure)
[344.774s][info][gc,heap        ] GC(976) PSYoungGen: 143056K(222720K)->25152K(222720K) Eden: 111616K(111616K)->0K(111616K) From: 31440K(111104K)->25152K(111104K)
[344.774s][info][gc,heap        ] GC(976) ParOldGen: 398762K(398848K)->430432K(430592K)
[344.774s][info][gc,metaspace   ] GC(976) Metaspace: 18709K(18880K)->18709K(18880K) NonClass: 16881K(17024K)->16881K(17024K) Class: 1828K(1856K)->1828K(1856K)
[344.774s][info][gc             ] GC(976) Pause Young (Allocation Failure) 529M->444M(638M) 69.130ms
[344.774s][info][gc,cpu         ] GC(976) User=0.11s Sys=0.02s Real=0.07s
[344.873s][info][gc,start       ] GC(977) Pause Young (Allocation Failure)
[344.918s][info][gc,heap        ] GC(977) PSYoungGen: 136768K(222720K)->3904K(222720K) Eden: 111616K(111616K)->0K(111616K) From: 25152K(111104K)->3904K(111104K)
[344.918s][info][gc,heap        ] GC(977) ParOldGen: 430432K(430592K)->455772K(456192K)
[344.918s][info][gc,metaspace   ] GC(977) Metaspace: 18709K(18880K)->18709K(18880K) NonClass: 16881K(17024K)->16881K(17024K) Class: 1828K(1856K)->1828K(1856K)
[344.918s][info][gc             ] GC(977) Pause Young (Allocation Failure) 553M->448M(663M) 45.082ms
[344.918s][info][gc,cpu         ] GC(977) User=0.06s Sys=0.02s Real=0.04s
[345.025s][info][gc,start       ] GC(978) Pause Young (Allocation Failure)
[345.035s][info][gc,heap        ] GC(978) PSYoungGen: 115520K(222720K)->864K(222720K) Eden: 111616K(111616K)->0K(111616K) From: 3904K(111104K)->864K(111104K)
[345.035s][info][gc,heap        ] GC(978) ParOldGen: 455772K(456192K)->459668K(459776K)
[345.035s][info][gc,metaspace   ] GC(978) Metaspace: 18709K(18880K)->18709K(18880K) NonClass: 16881K(17024K)->16881K(17024K) Class: 1828K(1856K)->1828K(1856K)
[345.035s][info][gc             ] GC(978) Pause Young (Allocation Failure) 557M->449M(666M) 9.977ms
[345.035s][info][gc,cpu         ] GC(978) User=0.01s Sys=0.00s Real=0.01s
[345.257s][info][gc,start       ] GC(979) Pause Young (Allocation Failure)
[345.262s][info][gc,heap        ] GC(979) PSYoungGen: 112480K(222720K)->1408K(222720K) Eden: 111616K(111616K)->0K(111616K) From: 864K(111104K)->1408K(111104K)
[345.262s][info][gc,heap        ] GC(979) ParOldGen: 459668K(459776K)->460524K(460800K)
[345.262s][info][gc,metaspace   ] GC(979) Metaspace: 18709K(18880K)->18709K(18880K) NonClass: 16881K(17024K)->16881K(17024K) Class: 1828K(1856K)->1828K(1856K)
[345.262s][info][gc             ] GC(979) Pause Young (Allocation Failure) 558M->451M(667M) 5.148ms
[345.262s][info][gc,cpu         ] GC(979) User=0.01s Sys=0.00s Real=0.01s
[345.442s][info][gc,start       ] GC(980) Pause Young (Allocation Failure)
[345.475s][info][gc,heap        ] GC(980) PSYoungGen: 113024K(222720K)->31744K(222720K) Eden: 111616K(111616K)->0K(111616K) From: 1408K(111104K)->31744K(111104K)
[345.475s][info][gc,heap        ] GC(980) ParOldGen: 460524K(460800K)->461916K(462336K)
[345.475s][info][gc,metaspace   ] GC(980) Metaspace: 18709K(18880K)->18709K(18880K) NonClass: 16881K(17024K)->16881K(17024K) Class: 1828K(1856K)->1828K(1856K)
[345.475s][info][gc             ] GC(980) Pause Young (Allocation Failure) 560M->482M(669M) 32.307ms
[345.475s][info][gc,cpu         ] GC(980) User=0.06s Sys=0.00s Real=0.03s
[345.567s][info][gc,start       ] GC(981) Pause Young (Allocation Failure)
[345.674s][info][gc,heap        ] GC(981) PSYoungGen: 143360K(222720K)->64992K(222720K) Eden: 111616K(111616K)->0K(111616K) From: 31744K(111104K)->64992K(111104K)
[345.674s][info][gc,heap        ] GC(981) ParOldGen: 461916K(462336K)->493716K(494080K)
[345.674s][info][gc,metaspace   ] GC(981) Metaspace: 18709K(18880K)->18709K(18880K) NonClass: 16881K(17024K)->16881K(17024K) Class: 1828K(1856K)->1828K(1856K)
[345.674s][info][gc             ] GC(981) Pause Young (Allocation Failure) 591M->545M(700M) 106.519ms
[345.674s][info][gc,cpu         ] GC(981) User=0.19s Sys=0.02s Real=0.11s
[345.825s][info][gc,start       ] GC(982) Pause Young (Allocation Failure)
[345.955s][info][gc,heap        ] GC(982) PSYoungGen: 176608K(222720K)->38552K(222720K) Eden: 111616K(111616K)->0K(111616K) From: 64992K(111104K)->38552K(111104K)
[345.955s][info][gc,heap        ] GC(982) ParOldGen: 493716K(494080K)->558884K(559104K)
[345.955s][info][gc,metaspace   ] GC(982) Metaspace: 18710K(18880K)->18710K(18880K) NonClass: 16881K(17024K)->16881K(17024K) Class: 1828K(1856K)->1828K(1856K)
[345.955s][info][gc             ] GC(982) Pause Young (Allocation Failure) 654M->583M(763M) 130.075ms
[345.955s][info][gc,cpu         ] GC(982) User=0.22s Sys=0.04s Real=0.13s
[346.053s][info][gc,start       ] GC(983) Pause Young (Allocation Failure)
[346.142s][info][gc,heap        ] GC(983) PSYoungGen: 150168K(222720K)->39432K(218624K) Eden: 111616K(111616K)->0K(111616K) From: 38552K(111104K)->39432K(107008K)
[346.142s][info][gc,heap        ] GC(983) ParOldGen: 558884K(559104K)->597531K(598016K)
[346.142s][info][gc,metaspace   ] GC(983) Metaspace: 18715K(18880K)->18715K(18880K) NonClass: 16886K(17024K)->16886K(17024K) Class: 1828K(1856K)->1828K(1856K)
[346.142s][info][gc             ] GC(983) Pause Young (Allocation Failure) 692M->622M(797M) 89.007ms
[346.142s][info][gc,cpu         ] GC(983) User=0.15s Sys=0.03s Real=0.09s
[346.243s][info][gc,start       ] GC(984) Pause Young (Allocation Failure)
[346.308s][info][gc,heap        ] GC(984) PSYoungGen: 151048K(218624K)->15487K(220672K) Eden: 111616K(111616K)->0K(111616K) From: 39432K(107008K)->15487K(109056K)
[346.308s][info][gc,heap        ] GC(984) ParOldGen: 597531K(598016K)->632925K(633344K)
[346.308s][info][gc,metaspace   ] GC(984) Metaspace: 18716K(18880K)->18716K(18880K) NonClass: 16888K(17024K)->16888K(17024K) Class: 1828K(1856K)->1828K(1856K)
[346.308s][info][gc             ] GC(984) Pause Young (Allocation Failure) 731M->633M(834M) 65.183ms
[346.308s][info][gc,cpu         ] GC(984) User=0.10s Sys=0.02s Real=0.06s
[346.374s][info][gc,start       ] GC(985) Pause Full (Allocation Failure)
[346.374s][info][gc,phases,start] GC(985) Marking Phase
[346.446s][info][gc,phases      ] GC(985) Marking Phase 71.868ms
[346.446s][info][gc,phases,start] GC(985) Summary Phase
[346.446s][info][gc,phases      ] GC(985) Summary Phase 0.035ms
[346.446s][info][gc,phases,start] GC(985) Forward
[346.464s][info][gc,phases      ] GC(985) Forward 17.934ms
[346.464s][info][gc,phases,start] GC(985) Adjust Pointers
[346.513s][info][gc,phases      ] GC(985) Adjust Pointers 49.488ms
[346.513s][info][gc,phases,start] GC(985) Compaction Phase
[346.539s][info][gc,phases      ] GC(985) Compaction Phase 25.329ms
[346.541s][info][gc,phases,start] GC(985) Post Compact
[346.544s][info][gc,phases      ] GC(985) Post Compact 2.259ms
[346.564s][info][gc,heap        ] GC(985) PSYoungGen: 127103K(220672K)->0K(223232K) Eden: 111616K(111616K)->0K(117760K) From: 15487K(109056K)->0K(105472K)
[346.564s][info][gc,heap        ] GC(985) ParOldGen: 632925K(633344K)->112601K(384000K)
[346.564s][info][gc,metaspace   ] GC(985) Metaspace: 18716K(18880K)->18716K(18880K) NonClass: 16888K(17024K)->16888K(17024K) Class: 1828K(1856K)->1828K(1856K)
[346.564s][info][gc             ] GC(985) Pause Full (Allocation Failure) 742M->109M(593M) 189.820ms
[346.564s][info][gc,cpu         ] GC(985) User=0.31s Sys=0.02s Real=0.19s
[346.639s][info][gc,start       ] GC(986) Pause Young (Allocation Failure)
[346.643s][info][gc,heap        ] GC(986) PSYoungGen: 117760K(223232K)->2720K(223232K) Eden: 117760K(117760K)->0K(117760K) From: 0K(105472K)->2720K(105472K)
[346.643s][info][gc,heap        ] GC(986) ParOldGen: 112601K(384000K)->112601K(384000K)
[346.643s][info][gc,metaspace   ] GC(986) Metaspace: 18716K(18880K)->18716K(18880K) NonClass: 16888K(17024K)->16888K(17024K) Class: 1828K(1856K)->1828K(1856K)
[346.643s][info][gc             ] GC(986) Pause Young (Allocation Failure) 224M->112M(593M) 3.855ms
[346.643s][info][gc,cpu         ] GC(986) User=0.00s Sys=0.00s Real=0.01s
[346.704s][info][gc,start       ] GC(987) Pause Young (Allocation Failure)
[346.734s][info][gc,heap        ] GC(987) PSYoungGen: 120480K(223232K)->38352K(219136K) Eden: 117760K(117760K)->0K(123904K) From: 2720K(105472K)->38352K(95232K)
[346.734s][info][gc,heap        ] GC(987) ParOldGen: 112601K(384000K)->115289K(384000K)
[346.734s][info][gc,metaspace   ] GC(987) Metaspace: 18717K(18880K)->18717K(18880K) NonClass: 16888K(17024K)->16888K(17024K) Class: 1828K(1856K)->1828K(1856K)
[346.734s][info][gc             ] GC(987) Pause Young (Allocation Failure) 227M->150M(589M) 30.479ms
[346.734s][info][gc,cpu         ] GC(987) User=0.06s Sys=0.00s Real=0.03s
[346.802s][info][gc,start       ] GC(988) Pause Young (Allocation Failure)
[346.847s][info][gc,heap        ] GC(988) PSYoungGen: 162256K(219136K)->31520K(223232K) Eden: 123904K(123904K)->0K(123904K) From: 38352K(95232K)->31520K(99328K)
[346.847s][info][gc,heap        ] GC(988) ParOldGen: 115289K(384000K)->154153K(384000K)
[346.847s][info][gc,metaspace   ] GC(988) Metaspace: 18717K(18880K)->18717K(18880K) NonClass: 16888K(17024K)->16888K(17024K) Class: 1828K(1856K)->1828K(1856K)
[346.847s][info][gc             ] GC(988) Pause Young (Allocation Failure) 271M->181M(593M) 45.012ms
[346.847s][info][gc,cpu         ] GC(988) User=0.09s Sys=0.00s Real=0.04s
[347.027s][info][gc,start       ] GC(989) Pause Young (Allocation Failure)
[347.054s][info][gc,heap        ] GC(989) PSYoungGen: 155424K(223232K)->3232K(228352K) Eden: 123904K(123904K)->0K(138240K) From: 31520K(99328K)->3232K(90112K)
[347.054s][info][gc,heap        ] GC(989) ParOldGen: 154153K(384000K)->186025K(384000K)
[347.054s][info][gc,metaspace   ] GC(989) Metaspace: 18717K(18880K)->18717K(18880K) NonClass: 16888K(17024K)->16888K(17024K) Class: 1828K(1856K)->1828K(1856K)
[347.054s][info][gc             ] GC(989) Pause Young (Allocation Failure) 302M->184M(598M) 27.318ms
[347.054s][info][gc,cpu         ] GC(989) User=0.05s Sys=0.00s Real=0.03s
[347.282s][info][gc,start       ] GC(990) Pause Young (Allocation Failure)
[347.320s][info][gc,heap        ] GC(990) PSYoungGen: 141472K(228352K)->19204K(230400K) Eden: 138240K(138240K)->0K(138240K) From: 3232K(90112K)->19204K(92160K)
[347.320s][info][gc,heap        ] GC(990) ParOldGen: 186025K(384000K)->189241K(384000K)
[347.320s][info][gc,metaspace   ] GC(990) Metaspace: 18719K(18880K)->18719K(18880K) NonClass: 16890K(17024K)->16890K(17024K) Class: 1828K(1856K)->1828K(1856K)
[347.320s][info][gc             ] GC(990) Pause Young (Allocation Failure) 319M->203M(600M) 37.506ms
[347.320s][info][gc,cpu         ] GC(990) User=0.07s Sys=0.00s Real=0.03s
[347.468s][info][gc,start       ] GC(991) Pause Young (Allocation Failure)
[347.527s][info][gc,heap        ] GC(991) PSYoungGen: 157444K(230400K)->31904K(232960K) Eden: 138240K(138240K)->0K(153088K) From: 19204K(92160K)->31904K(79872K)
[347.527s][info][gc,heap        ] GC(991) ParOldGen: 189241K(384000K)->208449K(384000K)
[347.527s][info][gc,metaspace   ] GC(991) Metaspace: 18719K(18880K)->18719K(18880K) NonClass: 16890K(17024K)->16890K(17024K) Class: 1828K(1856K)->1828K(1856K)
[347.527s][info][gc             ] GC(991) Pause Young (Allocation Failure) 338M->234M(602M) 59.576ms
[347.527s][info][gc,cpu         ] GC(991) User=0.12s Sys=0.00s Real=0.06s
[347.638s][info][gc,start       ] GC(992) Pause Young (Allocation Failure)
[347.728s][info][gc,heap        ] GC(992) PSYoungGen: 184992K(232960K)->67584K(236032K) Eden: 153088K(153088K)->0K(153088K) From: 31904K(79872K)->67584K(82944K)
[347.728s][info][gc,heap        ] GC(992) ParOldGen: 208449K(384000K)->240417K(384000K)
[347.728s][info][gc,metaspace   ] GC(992) Metaspace: 18719K(18880K)->18719K(18880K) NonClass: 16890K(17024K)->16890K(17024K) Class: 1828K(1856K)->1828K(1856K)
[347.728s][info][gc             ] GC(992) Pause Young (Allocation Failure) 384M->300M(605M) 90.011ms
[347.728s][info][gc,cpu         ] GC(992) User=0.18s Sys=0.01s Real=0.09s
[347.777s][info][gc,start       ] GC(993) Pause Young (Allocation Failure)
[347.863s][info][gc,heap        ] GC(993) PSYoungGen: 220672K(236032K)->35040K(245760K) Eden: 153088K(153088K)->0K(155648K) From: 67584K(82944K)->35040K(90112K)
[347.863s][info][gc,heap        ] GC(993) ParOldGen: 240417K(384000K)->308313K(384000K)
[347.863s][info][gc,metaspace   ] GC(993) Metaspace: 18719K(18880K)->18719K(18880K) NonClass: 16890K(17024K)->16890K(17024K) Class: 1828K(1856K)->1828K(1856K)
[347.863s][info][gc             ] GC(993) Pause Young (Allocation Failure) 450M->335M(615M) 86.208ms
[347.863s][info][gc,cpu         ] GC(993) User=0.17s Sys=0.00s Real=0.09s
[347.984s][info][gc,start       ] GC(994) Pause Young (Allocation Failure)
[348.028s][info][gc,heap        ] GC(994) PSYoungGen: 190688K(245760K)->25888K(181760K) Eden: 155648K(155648K)->0K(155648K) From: 35040K(90112K)->25888K(26112K)
[348.028s][info][gc,heap        ] GC(994) ParOldGen: 308313K(384000K)->343769K(384000K)
[348.028s][info][gc,metaspace   ] GC(994) Metaspace: 18719K(18880K)->18719K(18880K) NonClass: 16890K(17024K)->16890K(17024K) Class: 1828K(1856K)->1828K(1856K)
[348.029s][info][gc             ] GC(994) Pause Young (Allocation Failure) 487M->360M(552M) 44.866ms
[348.029s][info][gc,cpu         ] GC(994) User=0.09s Sys=0.00s Real=0.04s
[348.133s][info][gc,start       ] GC(995) Pause Young (Allocation Failure)
[348.163s][info][gc,heap        ] GC(995) PSYoungGen: 181536K(181760K)->5536K(239616K) Eden: 155648K(155648K)->0K(157184K) From: 25888K(26112K)->5536K(82432K)
[348.163s][info][gc,heap        ] GC(995) ParOldGen: 343769K(384000K)->369921K(384000K)
[348.163s][info][gc,metaspace   ] GC(995) Metaspace: 18719K(18880K)->18719K(18880K) NonClass: 16890K(17024K)->16890K(17024K) Class: 1828K(1856K)->1828K(1856K)
[348.163s][info][gc             ] GC(995) Pause Young (Allocation Failure) 512M->366M(609M) 29.867ms
[348.163s][info][gc,cpu         ] GC(995) User=0.06s Sys=0.00s Real=0.03s
[348.318s][info][gc,start       ] GC(996) Pause Young (Allocation Failure)
[348.365s][info][gc,heap        ] GC(996) PSYoungGen: 162720K(239616K)->23969K(239616K) Eden: 157184K(157184K)->0K(157184K) From: 5536K(82432K)->23969K(82432K)
[348.365s][info][gc,heap        ] GC(996) ParOldGen: 369921K(384000K)->375441K(384000K)
[348.365s][info][gc,metaspace   ] GC(996) Metaspace: 18720K(18880K)->18720K(18880K) NonClass: 16891K(17024K)->16891K(17024K) Class: 1828K(1856K)->1828K(1856K)
[348.365s][info][gc             ] GC(996) Pause Young (Allocation Failure) 520M->390M(609M) 47.014ms
[348.365s][info][gc,cpu         ] GC(996) User=0.10s Sys=0.00s Real=0.05s
[348.493s][info][gc,start       ] GC(997) Pause Young (Allocation Failure)
[348.567s][info][gc,heap        ] GC(997) PSYoungGen: 181153K(239616K)->30336K(247296K) Eden: 157184K(157184K)->0K(173056K) From: 23969K(82432K)->30336K(74240K)
[348.567s][info][gc,heap        ] GC(997) ParOldGen: 375441K(384000K)->399471K(399872K)
[348.567s][info][gc,metaspace   ] GC(997) Metaspace: 18720K(18880K)->18720K(18880K) NonClass: 16891K(17024K)->16891K(17024K) Class: 1828K(1856K)->1828K(1856K)
[348.568s][info][gc             ] GC(997) Pause Young (Allocation Failure) 543M->419M(632M) 74.741ms
[348.568s][info][gc,cpu         ] GC(997) User=0.13s Sys=0.01s Real=0.07s
[348.780s][info][gc,start       ] GC(998) Pause Young (Allocation Failure)
[348.853s][info][gc,heap        ] GC(998) PSYoungGen: 203392K(247296K)->22176K(246784K) Eden: 173056K(173056K)->0K(173056K) From: 30336K(74240K)->22176K(73728K)
[348.853s][info][gc,heap        ] GC(998) ParOldGen: 399471K(399872K)->429852K(430080K)
[348.853s][info][gc,metaspace   ] GC(998) Metaspace: 18720K(18880K)->18720K(18880K) NonClass: 16891K(17024K)->16891K(17024K) Class: 1828K(1856K)->1828K(1856K)
[348.853s][info][gc             ] GC(998) Pause Young (Allocation Failure) 588M->441M(661M) 72.395ms
[348.853s][info][gc,cpu         ] GC(998) User=0.11s Sys=0.03s Real=0.08s
[349.034s][info][gc,start       ] GC(999) Pause Young (Allocation Failure)
[349.073s][info][gc,heap        ] GC(999) PSYoungGen: 195232K(246784K)->1344K(255488K) Eden: 173056K(173056K)->0K(185344K) From: 22176K(73728K)->1344K(70144K)
[349.073s][info][gc,heap        ] GC(999) ParOldGen: 429852K(430080K)->452068K(452096K)
[349.073s][info][gc,metaspace   ] GC(999) Metaspace: 18720K(18880K)->18720K(18880K) NonClass: 16891K(17024K)->16891K(17024K) Class: 1828K(1856K)->1828K(1856K)
[349.073s][info][gc             ] GC(999) Pause Young (Allocation Failure) 610M->442M(691M) 38.523ms
[349.073s][info][gc,cpu         ] GC(999) User=0.07s Sys=0.01s Real=0.04s
[349.294s][info][gc,start       ] GC(1000) Pause Young (Allocation Failure)
[349.308s][info][gc,heap        ] GC(1000) PSYoungGen: 186688K(255488K)->7424K(256000K) Eden: 185344K(185344K)->0K(185344K) From: 1344K(70144K)->7424K(70656K)
[349.308s][info][gc,heap        ] GC(1000) ParOldGen: 452068K(452096K)->453388K(453632K)
[349.308s][info][gc,metaspace   ] GC(1000) Metaspace: 18720K(18880K)->18720K(18880K) NonClass: 16891K(17024K)->16891K(17024K) Class: 1828K(1856K)->1828K(1856K)
[349.308s][info][gc             ] GC(1000) Pause Young (Allocation Failure) 623M->450M(693M) 13.860ms
[349.308s][info][gc,cpu         ] GC(1000) User=0.02s Sys=0.00s Real=0.01s
[349.612s][info][gc,start       ] GC(1001) Pause Young (Allocation Failure)
[349.646s][info][gc,heap        ] GC(1001) PSYoungGen: 192768K(256000K)->18912K(256512K) Eden: 185344K(185344K)->0K(193536K) From: 7424K(70656K)->18912K(62976K)
[349.646s][info][gc,heap        ] GC(1001) ParOldGen: 453388K(453632K)->460836K(461312K)
[349.646s][info][gc,metaspace   ] GC(1001) Metaspace: 18720K(18880K)->18720K(18880K) NonClass: 16891K(17024K)->16891K(17024K) Class: 1828K(1856K)->1828K(1856K)
[349.646s][info][gc             ] GC(1001) Pause Young (Allocation Failure) 631M->468M(701M) 33.617ms
[349.646s][info][gc,cpu         ] GC(1001) User=0.05s Sys=0.01s Real=0.03s
[350.205s][info][gc,start       ] GC(1002) Pause Young (Allocation Failure)
[350.225s][info][gc,heap        ] GC(1002) PSYoungGen: 212448K(256512K)->19008K(259584K) Eden: 193536K(193536K)->0K(193536K) From: 18912K(62976K)->19008K(66048K)
[350.225s][info][gc,heap        ] GC(1002) ParOldGen: 460836K(461312K)->460836K(461312K)
[350.225s][info][gc,metaspace   ] GC(1002) Metaspace: 18720K(18880K)->18720K(18880K) NonClass: 16891K(17024K)->16891K(17024K) Class: 1828K(1856K)->1828K(1856K)
[350.225s][info][gc             ] GC(1002) Pause Young (Allocation Failure) 657M->468M(704M) 19.711ms
[350.225s][info][gc,cpu         ] GC(1002) User=0.03s Sys=0.00s Real=0.02s
[350.719s][info][gc,start       ] GC(1003) Pause Young (Allocation Failure)
[350.749s][info][gc,heap        ] GC(1003) PSYoungGen: 212544K(259584K)->19200K(262144K) Eden: 193536K(193536K)->0K(205312K) From: 19008K(66048K)->19200K(56832K)
[350.750s][info][gc,heap        ] GC(1003) ParOldGen: 460836K(461312K)->460836K(461312K)
[350.750s][info][gc,metaspace   ] GC(1003) Metaspace: 18720K(18880K)->18720K(18880K) NonClass: 16891K(17024K)->16891K(17024K) Class: 1828K(1856K)->1828K(1856K)
[350.750s][info][gc             ] GC(1003) Pause Young (Allocation Failure) 657M->468M(706M) 30.739ms
[350.750s][info][gc,cpu         ] GC(1003) User=0.06s Sys=0.00s Real=0.03s
[350.955s][info][gc,start       ] GC(1004) Pause Young (Allocation Failure)
[351.024s][info][gc,heap        ] GC(1004) PSYoungGen: 224512K(262144K)->59382K(264704K) Eden: 205312K(205312K)->0K(205312K) From: 19200K(56832K)->59382K(59392K)
[351.024s][info][gc,heap        ] GC(1004) ParOldGen: 460836K(461312K)->477092K(477184K)
[351.024s][info][gc,metaspace   ] GC(1004) Metaspace: 18721K(18880K)->18721K(18880K) NonClass: 16892K(17024K)->16892K(17024K) Class: 1828K(1856K)->1828K(1856K)
[351.024s][info][gc             ] GC(1004) Pause Young (Allocation Failure) 669M->523M(724M) 69.368ms
[351.024s][info][gc,cpu         ] GC(1004) User=0.12s Sys=0.01s Real=0.07s
[351.264s][info][gc,start       ] GC(1005) Pause Young (Allocation Failure)
[351.351s][info][gc,heap        ] GC(1005) PSYoungGen: 264694K(264704K)->65094K(235008K) Eden: 205312K(205312K)->0K(165888K) From: 59382K(59392K)->65094K(69120K)
[351.351s][info][gc,heap        ] GC(1005) ParOldGen: 477092K(477184K)->496146K(496640K)
[351.351s][info][gc,metaspace   ] GC(1005) Metaspace: 18721K(18880K)->18721K(18880K) NonClass: 16892K(17024K)->16892K(17024K) Class: 1828K(1856K)->1828K(1856K)
[351.351s][info][gc             ] GC(1005) Pause Young (Allocation Failure) 724M->548M(714M) 87.270ms
[351.351s][info][gc,cpu         ] GC(1005) User=0.15s Sys=0.03s Real=0.08s
[351.605s][info][gc,start       ] GC(1006) Pause Young (Allocation Failure)
[351.701s][info][gc,heap        ] GC(1006) PSYoungGen: 230982K(235008K)->83939K(249856K) Eden: 165888K(165888K)->0K(165888K) From: 65094K(69120K)->83939K(83968K)
[351.701s][info][gc,heap        ] GC(1006) ParOldGen: 496146K(496640K)->499418K(499712K)
[351.701s][info][gc,metaspace   ] GC(1006) Metaspace: 18721K(18880K)->18721K(18880K) NonClass: 16892K(17024K)->16892K(17024K) Class: 1828K(1856K)->1828K(1856K)
[351.701s][info][gc             ] GC(1006) Pause Young (Allocation Failure) 710M->569M(732M) 96.205ms
[351.701s][info][gc,cpu         ] GC(1006) User=0.19s Sys=0.00s Real=0.09s
[351.861s][info][gc,start       ] GC(1007) Pause Young (Allocation Failure)
[351.999s][info][gc,heap        ] GC(1007) PSYoungGen: 249827K(249856K)->74380K(203776K) Eden: 165888K(165888K)->0K(119808K) From: 83939K(83968K)->74380K(83968K)
[351.999s][info][gc,heap        ] GC(1007) ParOldGen: 499418K(499712K)->540012K(540160K)
[351.999s][info][gc,metaspace   ] GC(1007) Metaspace: 18721K(18880K)->18721K(18880K) NonClass: 16892K(17024K)->16892K(17024K) Class: 1828K(1856K)->1828K(1856K)
[351.999s][info][gc             ] GC(1007) Pause Young (Allocation Failure) 731M->599M(726M) 138.072ms
[351.999s][info][gc,cpu         ] GC(1007) User=0.24s Sys=0.03s Real=0.14s
[352.105s][info][gc,start       ] GC(1008) Pause Young (Allocation Failure)
[352.224s][info][gc,heap        ] GC(1008) PSYoungGen: 194188K(203776K)->48368K(226816K) Eden: 119808K(119808K)->0K(119808K) From: 74380K(83968K)->48368K(107008K)
[352.224s][info][gc,heap        ] GC(1008) ParOldGen: 540012K(540160K)->584115K(584192K)
[352.224s][info][gc,metaspace   ] GC(1008) Metaspace: 18721K(18880K)->18721K(18880K) NonClass: 16892K(17024K)->16892K(17024K) Class: 1828K(1856K)->1828K(1856K)
[352.224s][info][gc             ] GC(1008) Pause Young (Allocation Failure) 716M->617M(792M) 119.338ms
[352.224s][info][gc,cpu         ] GC(1008) User=0.22s Sys=0.02s Real=0.12s
[352.292s][info][gc,start       ] GC(1009) Pause Young (Allocation Failure)
[352.367s][info][gc,heap        ] GC(1009) PSYoungGen: 168176K(226816K)->3264K(223232K) Eden: 119808K(119808K)->0K(123392K) From: 48368K(107008K)->3264K(99840K)
[352.367s][info][gc,heap        ] GC(1009) ParOldGen: 584115K(584192K)->632614K(632832K)
[352.367s][info][gc,metaspace   ] GC(1009) Metaspace: 18721K(18880K)->18721K(18880K) NonClass: 16892K(17024K)->16892K(17024K) Class: 1828K(1856K)->1828K(1856K)
[352.367s][info][gc             ] GC(1009) Pause Young (Allocation Failure) 734M->620M(836M) 75.394ms
[352.367s][info][gc,cpu         ] GC(1009) User=0.12s Sys=0.03s Real=0.08s
[352.437s][info][gc,start       ] GC(1010) Pause Full (Allocation Failure)
[352.437s][info][gc,phases,start] GC(1010) Marking Phase
[352.695s][info][gc,phases      ] GC(1010) Marking Phase 258.096ms
[352.695s][info][gc,phases,start] GC(1010) Summary Phase
[352.695s][info][gc,phases      ] GC(1010) Summary Phase 0.029ms
[352.695s][info][gc,phases,start] GC(1010) Forward
[352.769s][info][gc,phases      ] GC(1010) Forward 73.519ms
[352.769s][info][gc,phases,start] GC(1010) Adjust Pointers
[352.979s][info][gc,phases      ] GC(1010) Adjust Pointers 210.281ms
[352.979s][info][gc,phases,start] GC(1010) Compaction Phase
[353.095s][info][gc,phases      ] GC(1010) Compaction Phase 116.091ms
[353.102s][info][gc,phases,start] GC(1010) Post Compact
[353.104s][info][gc,phases      ] GC(1010) Post Compact 2.252ms
[353.104s][info][gc,heap        ] GC(1010) PSYoungGen: 126656K(223232K)->0K(226816K) Eden: 123392K(123392K)->0K(123392K) From: 3264K(99840K)->0K(103424K)
[353.104s][info][gc,heap        ] GC(1010) ParOldGen: 632614K(632832K)->380788K(656896K)
[353.104s][info][gc,metaspace   ] GC(1010) Metaspace: 18721K(18880K)->18721K(18880K) NonClass: 16892K(17024K)->16892K(17024K) Class: 1828K(1856K)->1828K(1856K)
[353.104s][info][gc             ] GC(1010) Pause Full (Allocation Failure) 741M->371M(863M) 667.031ms
[353.104s][info][gc,cpu         ] GC(1010) User=1.27s Sys=0.01s Real=0.67s
[353.193s][info][gc,start       ] GC(1011) Pause Young (Allocation Failure)
[353.208s][info][gc,heap        ] GC(1011) PSYoungGen: 123392K(226816K)->7648K(228352K) Eden: 123392K(123392K)->0K(126976K) From: 0K(103424K)->7648K(101376K)
[353.208s][info][gc,heap        ] GC(1011) ParOldGen: 380788K(656896K)->380788K(656896K)
[353.208s][info][gc,metaspace   ] GC(1011) Metaspace: 18721K(18880K)->18721K(18880K) NonClass: 16892K(17024K)->16892K(17024K) Class: 1828K(1856K)->1828K(1856K)
[353.208s][info][gc             ] GC(1011) Pause Young (Allocation Failure) 492M->379M(864M) 14.487ms
[353.208s][info][gc,cpu         ] GC(1011) User=0.03s Sys=0.00s Real=0.01s
[353.283s][info][gc,start       ] GC(1012) Pause Young (Allocation Failure)
[353.296s][info][gc,heap        ] GC(1012) PSYoungGen: 134624K(228352K)->1568K(229376K) Eden: 126976K(126976K)->0K(126976K) From: 7648K(101376K)->1568K(102400K)
[353.296s][info][gc,heap        ] GC(1012) ParOldGen: 380788K(656896K)->388484K(656896K)
[353.296s][info][gc,metaspace   ] GC(1012) Metaspace: 18721K(18880K)->18721K(18880K) NonClass: 16892K(17024K)->16892K(17024K) Class: 1828K(1856K)->1828K(1856K)
[353.296s][info][gc             ] GC(1012) Pause Young (Allocation Failure) 503M->380M(865M) 12.235ms
[353.296s][info][gc,cpu         ] GC(1012) User=0.02s Sys=0.00s Real=0.01s
[353.383s][info][gc,start       ] GC(1013) Pause Young (Allocation Failure)
[353.391s][info][gc,heap        ] GC(1013) PSYoungGen: 128544K(229376K)->992K(227328K) Eden: 126976K(126976K)->0K(130048K) From: 1568K(102400K)->992K(97280K)
[353.391s][info][gc,heap        ] GC(1013) ParOldGen: 388484K(656896K)->390044K(656896K)
[353.391s][info][gc,metaspace   ] GC(1013) Metaspace: 18721K(18880K)->18721K(18880K) NonClass: 16892K(17024K)->16892K(17024K) Class: 1828K(1856K)->1828K(1856K)
[353.391s][info][gc             ] GC(1013) Pause Young (Allocation Failure) 504M->381M(863M) 8.296ms
[353.391s][info][gc,cpu         ] GC(1013) User=0.02s Sys=0.00s Real=0.00s
[353.534s][info][gc,start       ] GC(1014) Pause Young (Allocation Failure)
[353.573s][info][gc,heap        ] GC(1014) PSYoungGen: 131040K(227328K)->30016K(229376K) Eden: 130048K(130048K)->0K(130048K) From: 992K(97280K)->30016K(99328K)
[353.573s][info][gc,heap        ] GC(1014) ParOldGen: 390044K(656896K)->391020K(656896K)
[353.573s][info][gc,metaspace   ] GC(1014) Metaspace: 18721K(18880K)->18721K(18880K) NonClass: 16892K(17024K)->16892K(17024K) Class: 1828K(1856K)->1828K(1856K)
[353.574s][info][gc             ] GC(1014) Pause Young (Allocation Failure) 508M->411M(865M) 39.803ms
[353.574s][info][gc,cpu         ] GC(1014) User=0.08s Sys=0.00s Real=0.04s
[353.660s][info][gc,start       ] GC(1015) Pause Young (Allocation Failure)
[353.718s][info][gc,heap        ] GC(1015) PSYoungGen: 160064K(229376K)->19488K(229888K) Eden: 130048K(130048K)->0K(141824K) From: 30016K(99328K)->19488K(88064K)
[353.718s][info][gc,heap        ] GC(1015) ParOldGen: 391020K(656896K)->421098K(656896K)
[353.718s][info][gc,metaspace   ] GC(1015) Metaspace: 18721K(18880K)->18721K(18880K) NonClass: 16892K(17024K)->16892K(17024K) Class: 1828K(1856K)->1828K(1856K)
[353.718s][info][gc             ] GC(1015) Pause Young (Allocation Failure) 538M->430M(866M) 58.344ms
[353.718s][info][gc,cpu         ] GC(1015) User=0.11s Sys=0.00s Real=0.06s
[353.885s][info][gc,start       ] GC(1016) Pause Young (Allocation Failure)
[353.911s][info][gc,heap        ] GC(1016) PSYoungGen: 161312K(229888K)->2144K(229888K) Eden: 141824K(141824K)->0K(141824K) From: 19488K(88064K)->2144K(88064K)
[353.911s][info][gc,heap        ] GC(1016) ParOldGen: 421098K(656896K)->440618K(656896K)
[353.911s][info][gc,metaspace   ] GC(1016) Metaspace: 18721K(18880K)->18721K(18880K) NonClass: 16892K(17024K)->16892K(17024K) Class: 1828K(1856K)->1828K(1856K)
[353.911s][info][gc             ] GC(1016) Pause Young (Allocation Failure) 568M->432M(866M) 25.919ms
[353.911s][info][gc,cpu         ] GC(1016) User=0.05s Sys=0.00s Real=0.02s
[354.271s][info][gc,start       ] GC(1017) Pause Young (Allocation Failure)
[354.284s][info][gc,heap        ] GC(1017) PSYoungGen: 143968K(229888K)->8192K(233984K) Eden: 141824K(141824K)->0K(156160K) From: 2144K(88064K)->8192K(77824K)
[354.285s][info][gc,heap        ] GC(1017) ParOldGen: 440618K(656896K)->442722K(656896K)
[354.285s][info][gc,metaspace   ] GC(1017) Metaspace: 18721K(18880K)->18721K(18880K) NonClass: 16892K(17024K)->16892K(17024K) Class: 1828K(1856K)->1828K(1856K)
[354.285s][info][gc             ] GC(1017) Pause Young (Allocation Failure) 570M->440M(870M) 13.491ms
[354.285s][info][gc,cpu         ] GC(1017) User=0.03s Sys=0.00s Real=0.02s
[354.660s][info][gc,start       ] GC(1018) Pause Young (Allocation Failure)
[354.678s][info][gc,heap        ] GC(1018) PSYoungGen: 164352K(233984K)->3584K(239104K) Eden: 156160K(156160K)->0K(156160K) From: 8192K(77824K)->3584K(82944K)
[354.678s][info][gc,heap        ] GC(1018) ParOldGen: 442722K(656896K)->450910K(656896K)
[354.678s][info][gc,metaspace   ] GC(1018) Metaspace: 18721K(18880K)->18721K(18880K) NonClass: 16892K(17024K)->16892K(17024K) Class: 1828K(1856K)->1828K(1856K)
[354.678s][info][gc             ] GC(1018) Pause Young (Allocation Failure) 592M->443M(875M) 18.018ms
[354.678s][info][gc,cpu         ] GC(1018) User=0.04s Sys=0.00s Real=0.02s
[354.859s][info][gc,start       ] GC(1019) Pause Young (Allocation Failure)
[354.881s][info][gc,heap        ] GC(1019) PSYoungGen: 159744K(239104K)->21344K(238080K) Eden: 156160K(156160K)->0K(169472K) From: 3584K(82944K)->21344K(68608K)
[354.881s][info][gc,heap        ] GC(1019) ParOldGen: 450910K(656896K)->450910K(656896K)
[354.881s][info][gc,metaspace   ] GC(1019) Metaspace: 18734K(18880K)->18734K(18880K) NonClass: 16905K(17024K)->16905K(17024K) Class: 1828K(1856K)->1828K(1856K)
[354.881s][info][gc             ] GC(1019) Pause Young (Allocation Failure) 596M->461M(874M) 22.027ms
[354.881s][info][gc,cpu         ] GC(1019) User=0.04s Sys=0.00s Real=0.02s
[355.066s][info][gc,start       ] GC(1020) Pause Young (Allocation Failure)
[355.112s][info][gc,heap        ] GC(1020) PSYoungGen: 190816K(238080K)->54320K(244224K) Eden: 169472K(169472K)->0K(169472K) From: 21344K(68608K)->54320K(74752K)
[355.112s][info][gc,heap        ] GC(1020) ParOldGen: 450910K(656896K)->450910K(656896K)
[355.112s][info][gc,metaspace   ] GC(1020) Metaspace: 18737K(18880K)->18737K(18880K) NonClass: 16908K(17024K)->16908K(17024K) Class: 1828K(1856K)->1828K(1856K)
[355.112s][info][gc             ] GC(1020) Pause Young (Allocation Failure) 626M->493M(880M) 46.063ms
[355.112s][info][gc,cpu         ] GC(1020) User=0.09s Sys=0.00s Real=0.04s
[355.320s][info][gc,start       ] GC(1021) Pause Young (Allocation Failure)
[355.407s][info][gc,heap        ] GC(1021) PSYoungGen: 223792K(244224K)->81392K(206336K) Eden: 169472K(169472K)->0K(124928K) From: 54320K(74752K)->81392K(81408K)
[355.407s][info][gc,heap        ] GC(1021) ParOldGen: 450910K(656896K)->471654K(656896K)
[355.407s][info][gc,metaspace   ] GC(1021) Metaspace: 18737K(18880K)->18737K(18880K) NonClass: 16908K(17024K)->16908K(17024K) Class: 1828K(1856K)->1828K(1856K)
[355.407s][info][gc             ] GC(1021) Pause Young (Allocation Failure) 658M->540M(843M) 86.313ms
[355.407s][info][gc,cpu         ] GC(1021) User=0.16s Sys=0.02s Real=0.09s
[355.547s][info][gc,start       ] GC(1022) Pause Young (Allocation Failure)
[355.616s][info][gc,heap        ] GC(1022) PSYoungGen: 206320K(206336K)->63808K(188928K) Eden: 124928K(124928K)->0K(124928K) From: 81392K(81408K)->63808K(64000K)
[355.616s][info][gc,heap        ] GC(1022) ParOldGen: 471654K(656896K)->493103K(656896K)
[355.616s][info][gc,metaspace   ] GC(1022) Metaspace: 18737K(18880K)->18737K(18880K) NonClass: 16908K(17024K)->16908K(17024K) Class: 1828K(1856K)->1828K(1856K)
[355.617s][info][gc             ] GC(1022) Pause Young (Allocation Failure) 662M->543M(826M) 69.889ms
[355.617s][info][gc,cpu         ] GC(1022) User=0.14s Sys=0.00s Real=0.07s
[355.794s][info][gc,start       ] GC(1023) Pause Young (Allocation Failure)
[355.893s][info][gc,heap        ] GC(1023) PSYoungGen: 188736K(188928K)->36872K(231936K) Eden: 124928K(124928K)->0K(122880K) From: 63808K(64000K)->36872K(109056K)
[355.893s][info][gc,heap        ] GC(1023) ParOldGen: 493103K(656896K)->553835K(656896K)
[355.893s][info][gc,metaspace   ] GC(1023) Metaspace: 18741K(18880K)->18741K(18880K) NonClass: 16912K(17024K)->16912K(17024K) Class: 1828K(1856K)->1828K(1856K)
[355.893s][info][gc             ] GC(1023) Pause Young (Allocation Failure) 665M->576M(868M) 98.542ms
[355.893s][info][gc,cpu         ] GC(1023) User=0.20s Sys=0.00s Real=0.10s
[356.049s][info][gc,start       ] GC(1024) Pause Young (Allocation Failure)
[356.137s][info][gc,heap        ] GC(1024) PSYoungGen: 159752K(231936K)->23616K(146944K) Eden: 122880K(122880K)->0K(122880K) From: 36872K(109056K)->23616K(24064K)
[356.137s][info][gc,heap        ] GC(1024) ParOldGen: 553835K(656896K)->590794K(656896K)
[356.137s][info][gc,metaspace   ] GC(1024) Metaspace: 18741K(18880K)->18741K(18880K) NonClass: 16912K(17024K)->16912K(17024K) Class: 1828K(1856K)->1828K(1856K)
[356.137s][info][gc             ] GC(1024) Pause Young (Allocation Failure) 696M->600M(785M) 87.844ms
[356.137s][info][gc,cpu         ] GC(1024) User=0.17s Sys=0.00s Real=0.09s
[356.290s][info][gc,start       ] GC(1025) Pause Young (Allocation Failure)
[356.329s][info][gc,heap        ] GC(1025) PSYoungGen: 146496K(146944K)->4800K(222208K) Eden: 122880K(122880K)->0K(124416K) From: 23616K(24064K)->4800K(97792K)
[356.329s][info][gc,heap        ] GC(1025) ParOldGen: 590794K(656896K)->614466K(656896K)
[356.329s][info][gc,metaspace   ] GC(1025) Metaspace: 18741K(18880K)->18741K(18880K) NonClass: 16912K(17024K)->16912K(17024K) Class: 1828K(1856K)->1828K(1856K)
[356.329s][info][gc             ] GC(1025) Pause Young (Allocation Failure) 720M->604M(858M) 39.299ms
[356.329s][info][gc,cpu         ] GC(1025) User=0.08s Sys=0.00s Real=0.04s
[356.436s][info][gc,start       ] GC(1026) Pause Full (Allocation Failure)
[356.436s][info][gc,phases,start] GC(1026) Marking Phase
[356.709s][info][gc,phases      ] GC(1026) Marking Phase 273.366ms
[356.709s][info][gc,phases,start] GC(1026) Summary Phase
[356.709s][info][gc,phases      ] GC(1026) Summary Phase 0.042ms
[356.710s][info][gc,phases,start] GC(1026) Forward
[356.789s][info][gc,phases      ] GC(1026) Forward 79.791ms
[356.789s][info][gc,phases,start] GC(1026) Adjust Pointers
[356.999s][info][gc,phases      ] GC(1026) Adjust Pointers 209.684ms
[356.999s][info][gc,phases,start] GC(1026) Compaction Phase
[357.118s][info][gc,phases      ] GC(1026) Compaction Phase 119.125ms
[357.125s][info][gc,phases,start] GC(1026) Post Compact
[357.127s][info][gc,phases      ] GC(1026) Post Compact 2.218ms
[357.127s][info][gc,heap        ] GC(1026) PSYoungGen: 129216K(222208K)->0K(220672K) Eden: 124416K(124416K)->0K(124416K) From: 4800K(97792K)->0K(96256K)
[357.127s][info][gc,heap        ] GC(1026) ParOldGen: 614466K(656896K)->380511K(659968K)
[357.127s][info][gc,metaspace   ] GC(1026) Metaspace: 18741K(18880K)->18741K(18880K) NonClass: 16912K(17024K)->16912K(17024K) Class: 1828K(1856K)->1828K(1856K)
[357.127s][info][gc             ] GC(1026) Pause Full (Allocation Failure) 726M->371M(860M) 691.429ms
[357.127s][info][gc,cpu         ] GC(1026) User=1.31s Sys=0.00s Real=0.69s
[357.206s][info][gc,start       ] GC(1027) Pause Young (Allocation Failure)
[357.232s][info][gc,heap        ] GC(1027) PSYoungGen: 124416K(220672K)->29856K(220160K) Eden: 124416K(124416K)->0K(137728K) From: 0K(96256K)->29856K(82432K)
[357.232s][info][gc,heap        ] GC(1027) ParOldGen: 380511K(659968K)->380511K(659968K)
[357.232s][info][gc,metaspace   ] GC(1027) Metaspace: 18747K(18880K)->18747K(18880K) NonClass: 16918K(17024K)->16918K(17024K) Class: 1828K(1856K)->1828K(1856K)
[357.232s][info][gc             ] GC(1027) Pause Young (Allocation Failure) 493M->400M(859M) 25.832ms
[357.232s][info][gc,cpu         ] GC(1027) User=0.05s Sys=0.01s Real=0.03s
[357.292s][info][gc,start       ] GC(1028) Pause Young (Allocation Failure)
[357.347s][info][gc,heap        ] GC(1028) PSYoungGen: 167584K(220160K)->43136K(227840K) Eden: 137728K(137728K)->0K(137728K) From: 29856K(82432K)->43136K(90112K)
[357.347s][info][gc,heap        ] GC(1028) ParOldGen: 380511K(659968K)->410682K(659968K)
[357.347s][info][gc,metaspace   ] GC(1028) Metaspace: 18747K(18880K)->18747K(18880K) NonClass: 16918K(17024K)->16918K(17024K) Class: 1828K(1856K)->1828K(1856K)
[357.347s][info][gc             ] GC(1028) Pause Young (Allocation Failure) 535M->443M(867M) 54.711ms
[357.347s][info][gc,cpu         ] GC(1028) User=0.11s Sys=0.00s Real=0.05s
[357.528s][info][gc,start       ] GC(1029) Pause Young (Allocation Failure)
[357.569s][info][gc,heap        ] GC(1029) PSYoungGen: 180864K(227840K)->11136K(238080K) Eden: 137728K(137728K)->0K(154112K) From: 43136K(90112K)->11136K(83968K)
[357.569s][info][gc,heap        ] GC(1029) ParOldGen: 410682K(659968K)->454322K(659968K)
[357.569s][info][gc,metaspace   ] GC(1029) Metaspace: 18747K(18880K)->18747K(18880K) NonClass: 16918K(17024K)->16918K(17024K) Class: 1828K(1856K)->1828K(1856K)
[357.569s][info][gc             ] GC(1029) Pause Young (Allocation Failure) 577M->454M(877M) 41.055ms
[357.569s][info][gc,cpu         ] GC(1029) User=0.08s Sys=0.00s Real=0.04s
[357.743s][info][gc,start       ] GC(1030) Pause Young (Allocation Failure)
[357.784s][info][gc,heap        ] GC(1030) PSYoungGen: 165248K(238080K)->17008K(240640K) Eden: 154112K(154112K)->0K(154112K) From: 11136K(83968K)->17008K(86528K)
[357.784s][info][gc,heap        ] GC(1030) ParOldGen: 454322K(659968K)->465550K(659968K)
[357.784s][info][gc,metaspace   ] GC(1030) Metaspace: 18747K(18880K)->18747K(18880K) NonClass: 16918K(17024K)->16918K(17024K) Class: 1828K(1856K)->1828K(1856K)
[357.784s][info][gc             ] GC(1030) Pause Young (Allocation Failure) 605M->471M(879M) 41.153ms
[357.784s][info][gc,cpu         ] GC(1030) User=0.08s Sys=0.00s Real=0.04s
[357.932s][info][gc,start       ] GC(1031) Pause Young (Allocation Failure)
[358.014s][info][gc,heap        ] GC(1031) PSYoungGen: 171120K(240640K)->47584K(245248K) Eden: 154112K(154112K)->0K(161792K) From: 17008K(86528K)->47584K(83456K)
[358.014s][info][gc,heap        ] GC(1031) ParOldGen: 465550K(659968K)->482327K(659968K)
[358.014s][info][gc,metaspace   ] GC(1031) Metaspace: 18747K(18880K)->18747K(18880K) NonClass: 16918K(17024K)->16918K(17024K) Class: 1828K(1856K)->1828K(1856K)
[358.014s][info][gc             ] GC(1031) Pause Young (Allocation Failure) 621M->517M(884M) 81.749ms
[358.014s][info][gc,cpu         ] GC(1031) User=0.16s Sys=0.00s Real=0.08s
[358.230s][info][gc,start       ] GC(1032) Pause Young (Allocation Failure)
[358.312s][info][gc,heap        ] GC(1032) PSYoungGen: 209376K(245248K)->26208K(188416K) Eden: 161792K(161792K)->0K(161792K) From: 47584K(83456K)->26208K(26624K)
[358.312s][info][gc,heap        ] GC(1032) ParOldGen: 482327K(659968K)->530047K(659968K)
[358.313s][info][gc,metaspace   ] GC(1032) Metaspace: 18747K(18880K)->18747K(18880K) NonClass: 16918K(17024K)->16918K(17024K) Class: 1828K(1856K)->1828K(1856K)
[358.313s][info][gc             ] GC(1032) Pause Young (Allocation Failure) 675M->543M(828M) 82.816ms
[358.313s][info][gc,cpu         ] GC(1032) User=0.17s Sys=0.00s Real=0.09s
[358.470s][info][gc,start       ] GC(1033) Pause Young (Allocation Failure)
[358.501s][info][gc,heap        ] GC(1033) PSYoungGen: 188000K(188416K)->768K(245760K) Eden: 161792K(161792K)->0K(165376K) From: 26208K(26624K)->768K(80384K)
[358.501s][info][gc,heap        ] GC(1033) ParOldGen: 530047K(659968K)->556319K(659968K)
[358.501s][info][gc,metaspace   ] GC(1033) Metaspace: 18747K(18880K)->18747K(18880K) NonClass: 16918K(17024K)->16918K(17024K) Class: 1828K(1856K)->1828K(1856K)
[358.501s][info][gc             ] GC(1033) Pause Young (Allocation Failure) 701M->544M(884M) 31.591ms
[358.501s][info][gc,cpu         ] GC(1033) User=0.06s Sys=0.00s Real=0.03s
[358.671s][info][gc,start       ] GC(1034) Pause Young (Allocation Failure)
[358.684s][info][gc,heap        ] GC(1034) PSYoungGen: 166144K(245760K)->4352K(245760K) Eden: 165376K(165376K)->0K(165376K) From: 768K(80384K)->4352K(80384K)
[358.684s][info][gc,heap        ] GC(1034) ParOldGen: 556319K(659968K)->557055K(659968K)
[358.684s][info][gc,metaspace   ] GC(1034) Metaspace: 18747K(18880K)->18747K(18880K) NonClass: 16918K(17024K)->16918K(17024K) Class: 1828K(1856K)->1828K(1856K)
[358.684s][info][gc             ] GC(1034) Pause Young (Allocation Failure) 705M->548M(884M) 12.649ms
[358.684s][info][gc,cpu         ] GC(1034) User=0.03s Sys=0.00s Real=0.02s
[358.969s][info][gc,start       ] GC(1035) Pause Young (Allocation Failure)
[358.990s][info][gc,heap        ] GC(1035) PSYoungGen: 169728K(245760K)->14800K(247808K) Eden: 165376K(165376K)->0K(174592K) From: 4352K(80384K)->14800K(73216K)
[358.990s][info][gc,heap        ] GC(1035) ParOldGen: 557055K(659968K)->561407K(659968K)
[358.990s][info][gc,metaspace   ] GC(1035) Metaspace: 18747K(18880K)->18747K(18880K) NonClass: 16918K(17024K)->16918K(17024K) Class: 1828K(1856K)->1828K(1856K)
[358.990s][info][gc             ] GC(1035) Pause Young (Allocation Failure) 709M->562M(886M) 21.188ms
[358.990s][info][gc,cpu         ] GC(1035) User=0.05s Sys=0.00s Real=0.02s
[359.385s][info][gc,start       ] GC(1036) Pause Young (Allocation Failure)
[359.417s][info][gc,heap        ] GC(1036) PSYoungGen: 189392K(247808K)->28656K(249856K) Eden: 174592K(174592K)->0K(174592K) From: 14800K(73216K)->28656K(75264K)
[359.417s][info][gc,heap        ] GC(1036) ParOldGen: 561407K(659968K)->561407K(659968K)
[359.417s][info][gc,metaspace   ] GC(1036) Metaspace: 18747K(18880K)->18747K(18880K) NonClass: 16918K(17024K)->16918K(17024K) Class: 1828K(1856K)->1828K(1856K)
[359.417s][info][gc             ] GC(1036) Pause Young (Allocation Failure) 733M->576M(888M) 31.547ms
[359.417s][info][gc,cpu         ] GC(1036) User=0.06s Sys=0.00s Real=0.03s
[359.857s][info][gc,start       ] GC(1037) Pause Young (Allocation Failure)
[359.888s][info][gc,heap        ] GC(1037) PSYoungGen: 203248K(249856K)->28720K(252416K) Eden: 174592K(174592K)->0K(186368K) From: 28656K(75264K)->28720K(66048K)
[359.888s][info][gc,heap        ] GC(1037) ParOldGen: 561407K(659968K)->561407K(659968K)
[359.888s][info][gc,metaspace   ] GC(1037) Metaspace: 18747K(18880K)->18747K(18880K) NonClass: 16918K(17024K)->16918K(17024K) Class: 1828K(1856K)->1828K(1856K)
[359.888s][info][gc             ] GC(1037) Pause Young (Allocation Failure) 746M->576M(891M) 30.723ms
[359.888s][info][gc,cpu         ] GC(1037) User=0.06s Sys=0.00s Real=0.03s
[360.353s][info][gc,start       ] GC(1038) Pause Young (Allocation Failure)
[360.383s][info][gc,heap        ] GC(1038) PSYoungGen: 215088K(252416K)->28672K(254976K) Eden: 186368K(186368K)->0K(186368K) From: 28720K(66048K)->28672K(68608K)
[360.383s][info][gc,heap        ] GC(1038) ParOldGen: 561407K(659968K)->561407K(659968K)
[360.383s][info][gc,metaspace   ] GC(1038) Metaspace: 18747K(18880K)->18747K(18880K) NonClass: 16918K(17024K)->16918K(17024K) Class: 1828K(1856K)->1828K(1856K)
[360.383s][info][gc             ] GC(1038) Pause Young (Allocation Failure) 758M->576M(893M) 29.750ms
[360.383s][info][gc,cpu         ] GC(1038) User=0.06s Sys=0.00s Real=0.03s
[360.831s][info][gc,start       ] GC(1039) Pause Young (Allocation Failure)
[360.861s][info][gc,heap        ] GC(1039) PSYoungGen: 215040K(254976K)->28672K(259072K) Eden: 186368K(186368K)->0K(199168K) From: 28672K(68608K)->28672K(59904K)
[360.861s][info][gc,heap        ] GC(1039) ParOldGen: 561407K(659968K)->561407K(659968K)
[360.861s][info][gc,metaspace   ] GC(1039) Metaspace: 18747K(18880K)->18747K(18880K) NonClass: 16918K(17024K)->16918K(17024K) Class: 1828K(1856K)->1828K(1856K)
[360.861s][info][gc             ] GC(1039) Pause Young (Allocation Failure) 758M->576M(897M) 30.292ms
[360.861s][info][gc,cpu         ] GC(1039) User=0.05s Sys=0.00s Real=0.03s
[361.363s][info][gc,start       ] GC(1040) Pause Young (Allocation Failure)
[361.403s][info][gc,heap        ] GC(1040) PSYoungGen: 227840K(259072K)->29232K(262144K) Eden: 199168K(199168K)->0K(199168K) From: 28672K(59904K)->29232K(62976K)
[361.403s][info][gc,heap        ] GC(1040) ParOldGen: 561407K(659968K)->561407K(659968K)
[361.403s][info][gc,metaspace   ] GC(1040) Metaspace: 18747K(18880K)->18747K(18880K) NonClass: 16918K(17024K)->16918K(17024K) Class: 1828K(1856K)->1828K(1856K)
[361.403s][info][gc             ] GC(1040) Pause Young (Allocation Failure) 770M->576M(900M) 40.396ms
[361.403s][info][gc,cpu         ] GC(1040) User=0.08s Sys=0.00s Real=0.04s
[361.519s][info][gc,start       ] GC(1041) Pause Young (Allocation Failure)
[361.614s][info][gc,heap        ] GC(1041) PSYoungGen: 228400K(262144K)->60384K(221184K) Eden: 199168K(199168K)->0K(160768K) From: 29232K(62976K)->60384K(60416K)
[361.614s][info][gc,heap        ] GC(1041) ParOldGen: 561407K(659968K)->605759K(659968K)
[361.614s][info][gc,metaspace   ] GC(1041) Metaspace: 18747K(18880K)->18747K(18880K) NonClass: 16918K(17024K)->16918K(17024K) Class: 1828K(1856K)->1828K(1856K)
[361.614s][info][gc             ] GC(1041) Pause Young (Allocation Failure) 771M->650M(860M) 94.778ms
[361.614s][info][gc,cpu         ] GC(1041) User=0.18s Sys=0.00s Real=0.10s
[361.873s][info][gc,start       ] GC(1042) Pause Young (Allocation Failure)
[361.950s][info][gc,heap        ] GC(1042) PSYoungGen: 221152K(221184K)->37184K(247296K) Eden: 160768K(160768K)->0K(160768K) From: 60384K(60416K)->37184K(86528K)
[361.950s][info][gc,heap        ] GC(1042) ParOldGen: 605759K(659968K)->634479K(659968K)
[361.950s][info][gc,metaspace   ] GC(1042) Metaspace: 18747K(18880K)->18747K(18880K) NonClass: 16918K(17024K)->16918K(17024K) Class: 1828K(1856K)->1828K(1856K)
[361.950s][info][gc             ] GC(1042) Pause Young (Allocation Failure) 807M->655M(886M) 77.467ms
[361.950s][info][gc,cpu         ] GC(1042) User=0.15s Sys=0.01s Real=0.07s
[362.185s][info][gc,start       ] GC(1043) Pause Full (Allocation Failure)
[362.185s][info][gc,phases,start] GC(1043) Marking Phase
[362.556s][info][gc,phases      ] GC(1043) Marking Phase 371.600ms
[362.556s][info][gc,phases,start] GC(1043) Summary Phase
[362.556s][info][gc,phases      ] GC(1043) Summary Phase 0.032ms
[362.556s][info][gc,phases,start] GC(1043) Forward
[362.677s][info][gc,phases      ] GC(1043) Forward 120.650ms
[362.677s][info][gc,phases,start] GC(1043) Adjust Pointers
[362.970s][info][gc,phases      ] GC(1043) Adjust Pointers 292.983ms
[362.970s][info][gc,phases,start] GC(1043) Compaction Phase
[363.142s][info][gc,phases      ] GC(1043) Compaction Phase 171.361ms
[363.153s][info][gc,phases,start] GC(1043) Post Compact
[363.155s][info][gc,phases      ] GC(1043) Post Compact 2.510ms
[363.156s][info][gc,heap        ] GC(1043) PSYoungGen: 197952K(247296K)->0K(243200K) Eden: 160768K(160768K)->0K(164864K) From: 37184K(86528K)->0K(78336K)
[363.156s][info][gc,heap        ] GC(1043) ParOldGen: 634479K(659968K)->519539K(667648K)
[363.156s][info][gc,metaspace   ] GC(1043) Metaspace: 18747K(18880K)->18747K(18880K) NonClass: 16918K(17024K)->16918K(17024K) Class: 1828K(1856K)->1828K(1856K)
[363.156s][info][gc             ] GC(1043) Pause Full (Allocation Failure) 812M->507M(889M) 971.149ms
[363.156s][info][gc,cpu         ] GC(1043) User=1.83s Sys=0.00s Real=0.97s
[363.344s][info][gc,start       ] GC(1044) Pause Young (Allocation Failure)
[363.372s][info][gc,heap        ] GC(1044) PSYoungGen: 164864K(243200K)->24704K(247296K) Eden: 164864K(164864K)->0K(164864K) From: 0K(78336K)->24704K(82432K)
[363.372s][info][gc,heap        ] GC(1044) ParOldGen: 519539K(667648K)->519539K(667648K)
[363.372s][info][gc,metaspace   ] GC(1044) Metaspace: 18747K(18880K)->18747K(18880K) NonClass: 16918K(17024K)->16918K(17024K) Class: 1828K(1856K)->1828K(1856K)
[363.372s][info][gc             ] GC(1044) Pause Young (Allocation Failure) 668M->531M(893M) 28.319ms
[363.373s][info][gc,cpu         ] GC(1044) User=0.05s Sys=0.00s Real=0.03s
[363.506s][info][gc,start       ] GC(1045) Pause Young (Allocation Failure)
[363.537s][info][gc,heap        ] GC(1045) PSYoungGen: 189568K(247296K)->25739K(243200K) Eden: 164864K(164864K)->0K(172032K) From: 24704K(82432K)->25739K(71168K)
[363.537s][info][gc,heap        ] GC(1045) ParOldGen: 519539K(667648K)->519539K(667648K)
[363.537s][info][gc,metaspace   ] GC(1045) Metaspace: 18747K(18880K)->18747K(18880K) NonClass: 16918K(17024K)->16918K(17024K) Class: 1828K(1856K)->1828K(1856K)
[363.537s][info][gc             ] GC(1045) Pause Young (Allocation Failure) 692M->532M(889M) 30.349ms
[363.537s][info][gc,cpu         ] GC(1045) User=0.06s Sys=0.00s Real=0.03s
[363.675s][info][gc,start       ] GC(1046) Pause Young (Allocation Failure)
[363.720s][info][gc,heap        ] GC(1046) PSYoungGen: 197771K(243200K)->40459K(247808K) Eden: 172032K(172032K)->0K(172032K) From: 25739K(71168K)->40459K(75776K)
[363.720s][info][gc,heap        ] GC(1046) ParOldGen: 519539K(667648K)->519539K(667648K)
[363.720s][info][gc,metaspace   ] GC(1046) Metaspace: 18747K(18880K)->18747K(18880K) NonClass: 16918K(17024K)->16918K(17024K) Class: 1828K(1856K)->1828K(1856K)
[363.720s][info][gc             ] GC(1046) Pause Young (Allocation Failure) 700M->546M(894M) 44.764ms
[363.720s][info][gc,cpu         ] GC(1046) User=0.09s Sys=0.00s Real=0.04s
[363.854s][info][gc,start       ] GC(1047) Pause Young (Allocation Failure)
[363.905s][info][gc,heap        ] GC(1047) PSYoungGen: 212491K(247808K)->51387K(253440K) Eden: 172032K(172032K)->0K(179200K) From: 40459K(75776K)->51387K(74240K)
[363.905s][info][gc,heap        ] GC(1047) ParOldGen: 519539K(667648K)->519539K(667648K)
[363.905s][info][gc,metaspace   ] GC(1047) Metaspace: 18747K(18880K)->18747K(18880K) NonClass: 16918K(17024K)->16918K(17024K) Class: 1828K(1856K)->1828K(1856K)
[363.905s][info][gc             ] GC(1047) Pause Young (Allocation Failure) 714M->557M(899M) 51.069ms
[363.905s][info][gc,cpu         ] GC(1047) User=0.10s Sys=0.00s Real=0.05s
[364.069s][info][gc,start       ] GC(1048) Pause Young (Allocation Failure)
[364.137s][info][gc,heap        ] GC(1048) PSYoungGen: 230587K(253440K)->70427K(249856K) Eden: 179200K(179200K)->0K(179200K) From: 51387K(74240K)->70427K(70656K)
[364.137s][info][gc,heap        ] GC(1048) ParOldGen: 519539K(667648K)->519539K(667648K)
[364.137s][info][gc,metaspace   ] GC(1048) Metaspace: 18747K(18880K)->18747K(18880K) NonClass: 16919K(17024K)->16919K(17024K) Class: 1828K(1856K)->1828K(1856K)
[364.137s][info][gc             ] GC(1048) Pause Young (Allocation Failure) 732M->576M(896M) 68.219ms
[364.137s][info][gc,cpu         ] GC(1048) User=0.14s Sys=0.00s Real=0.07s
[364.299s][info][gc,start       ] GC(1049) Pause Young (Allocation Failure)
[364.404s][info][gc,heap        ] GC(1049) PSYoungGen: 249627K(249856K)->83952K(211968K) Eden: 179200K(179200K)->0K(128000K) From: 70427K(70656K)->83952K(83968K)
[364.404s][info][gc,heap        ] GC(1049) ParOldGen: 519539K(667648K)->533191K(667648K)
[364.404s][info][gc,metaspace   ] GC(1049) Metaspace: 18747K(18880K)->18747K(18880K) NonClass: 16919K(17024K)->16919K(17024K) Class: 1828K(1856K)->1828K(1856K)
[364.404s][info][gc             ] GC(1049) Pause Young (Allocation Failure) 751M->602M(859M) 105.123ms
[364.404s][info][gc,cpu         ] GC(1049) User=0.20s Sys=0.01s Real=0.11s
[364.555s][info][gc,start       ] GC(1050) Pause Young (Allocation Failure)
[364.641s][info][gc,heap        ] GC(1050) PSYoungGen: 211952K(211968K)->68528K(196608K) Eden: 128000K(128000K)->0K(128000K) From: 83952K(83968K)->68528K(68608K)
[364.641s][info][gc,heap        ] GC(1050) ParOldGen: 533191K(667648K)->552679K(667648K)
[364.641s][info][gc,metaspace   ] GC(1050) Metaspace: 18751K(18880K)->18751K(18880K) NonClass: 16922K(17024K)->16922K(17024K) Class: 1828K(1856K)->1828K(1856K)
[364.641s][info][gc             ] GC(1050) Pause Young (Allocation Failure) 727M->606M(844M) 85.681ms
[364.641s][info][gc,cpu         ] GC(1050) User=0.17s Sys=0.00s Real=0.08s
[365.033s][info][gc,start       ] GC(1051) Pause Young (Allocation Failure)
[365.099s][info][gc,heap        ] GC(1051) PSYoungGen: 196528K(196608K)->62096K(227840K) Eden: 128000K(128000K)->0K(121856K) From: 68528K(68608K)->62096K(105984K)
[365.099s][info][gc,heap        ] GC(1051) ParOldGen: 552679K(667648K)->560567K(667648K)
[365.099s][info][gc,metaspace   ] GC(1051) Metaspace: 18752K(18880K)->18752K(18880K) NonClass: 16923K(17024K)->16923K(17024K) Class: 1828K(1856K)->1828K(1856K)
[365.099s][info][gc             ] GC(1051) Pause Young (Allocation Failure) 731M->608M(874M) 65.866ms
[365.099s][info][gc,cpu         ] GC(1051) User=0.13s Sys=0.00s Real=0.06s
[365.268s][info][gc,start       ] GC(1052) Pause Young (Allocation Failure)
[365.340s][info][gc,heap        ] GC(1052) PSYoungGen: 183952K(227840K)->19280K(141312K) Eden: 121856K(121856K)->0K(121856K) From: 62096K(105984K)->19280K(19456K)
[365.340s][info][gc,heap        ] GC(1052) ParOldGen: 560567K(667648K)->617567K(667648K)
[365.340s][info][gc,metaspace   ] GC(1052) Metaspace: 18752K(18880K)->18752K(18880K) NonClass: 16923K(17024K)->16923K(17024K) Class: 1828K(1856K)->1828K(1856K)
[365.340s][info][gc             ] GC(1052) Pause Young (Allocation Failure) 727M->621M(790M) 72.445ms
[365.340s][info][gc,cpu         ] GC(1052) User=0.14s Sys=0.00s Real=0.07s
[365.517s][info][gc,start       ] GC(1053) Pause Full (Allocation Failure)
[365.517s][info][gc,phases,start] GC(1053) Marking Phase
[365.825s][info][gc,phases      ] GC(1053) Marking Phase 308.461ms
[365.825s][info][gc,phases,start] GC(1053) Summary Phase
[365.825s][info][gc,phases      ] GC(1053) Summary Phase 0.031ms
[365.825s][info][gc,phases,start] GC(1053) Forward
[365.885s][info][gc,phases      ] GC(1053) Forward 59.613ms
[365.885s][info][gc,phases,start] GC(1053) Adjust Pointers
[366.103s][info][gc,phases      ] GC(1053) Adjust Pointers 217.491ms
[366.103s][info][gc,phases,start] GC(1053) Compaction Phase
[366.211s][info][gc,phases      ] GC(1053) Compaction Phase 108.626ms
[366.215s][info][gc,phases,start] GC(1053) Post Compact
[366.217s][info][gc,phases      ] GC(1053) Post Compact 2.245ms
[366.217s][info][gc,heap        ] GC(1053) PSYoungGen: 141136K(141312K)->0K(226816K) Eden: 121856K(121856K)->0K(121856K) From: 19280K(19456K)->0K(104960K)
[366.217s][info][gc,heap        ] GC(1053) ParOldGen: 617567K(667648K)->422240K(667648K)
[366.217s][info][gc,metaspace   ] GC(1053) Metaspace: 18752K(18880K)->18752K(18880K) NonClass: 16923K(17024K)->16923K(17024K) Class: 1828K(1856K)->1828K(1856K)
[366.217s][info][gc             ] GC(1053) Pause Full (Allocation Failure) 740M->412M(873M) 700.547ms
[366.217s][info][gc,cpu         ] GC(1053) User=1.34s Sys=0.00s Real=0.70s
[366.287s][info][gc,start       ] GC(1054) Pause Young (Allocation Failure)
[366.321s][info][gc,heap        ] GC(1054) PSYoungGen: 121856K(226816K)->45504K(167424K) Eden: 121856K(121856K)->0K(121856K) From: 0K(104960K)->45504K(45568K)
[366.321s][info][gc,heap        ] GC(1054) ParOldGen: 422240K(667648K)->422240K(667648K)
[366.321s][info][gc,metaspace   ] GC(1054) Metaspace: 18752K(18880K)->18752K(18880K) NonClass: 16923K(17024K)->16923K(17024K) Class: 1828K(1856K)->1828K(1856K)
[366.321s][info][gc             ] GC(1054) Pause Young (Allocation Failure) 531M->456M(815M) 33.592ms
[366.321s][info][gc,cpu         ] GC(1054) User=0.07s Sys=0.00s Real=0.03s
[366.495s][info][gc,start       ] GC(1055) Pause Young (Allocation Failure)
[366.542s][info][gc,heap        ] GC(1055) PSYoungGen: 167360K(167424K)->74960K(217600K) Eden: 121856K(121856K)->0K(118272K) From: 45504K(45568K)->74960K(99328K)
[366.542s][info][gc,heap        ] GC(1055) ParOldGen: 422240K(667648K)->422240K(667648K)
[366.542s][info][gc,metaspace   ] GC(1055) Metaspace: 18752K(18880K)->18752K(18880K) NonClass: 16923K(17024K)->16923K(17024K) Class: 1828K(1856K)->1828K(1856K)
[366.542s][info][gc             ] GC(1055) Pause Young (Allocation Failure) 575M->485M(864M) 47.153ms
[366.542s][info][gc,cpu         ] GC(1055) User=0.10s Sys=0.00s Real=0.05s
[366.675s][info][gc,start       ] GC(1056) Pause Young (Allocation Failure)
[366.726s][info][gc,heap        ] GC(1056) PSYoungGen: 193232K(217600K)->32656K(223232K) Eden: 118272K(118272K)->0K(118272K) From: 74960K(99328K)->32656K(104960K)
[366.726s][info][gc,heap        ] GC(1056) ParOldGen: 422240K(667648K)->468216K(667648K)
[366.726s][info][gc,metaspace   ] GC(1056) Metaspace: 18752K(18880K)->18752K(18880K) NonClass: 16923K(17024K)->16923K(17024K) Class: 1828K(1856K)->1828K(1856K)
[366.726s][info][gc             ] GC(1056) Pause Young (Allocation Failure) 601M->489M(870M) 50.924ms
[366.726s][info][gc,cpu         ] GC(1056) User=0.10s Sys=0.00s Real=0.05s
[366.897s][info][gc,start       ] GC(1057) Pause Young (Allocation Failure)
[366.969s][info][gc,heap        ] GC(1057) PSYoungGen: 150928K(223232K)->33216K(220160K) Eden: 118272K(118272K)->0K(126976K) From: 32656K(104960K)->33216K(93184K)
[366.969s][info][gc,heap        ] GC(1057) ParOldGen: 468216K(667648K)->501120K(667648K)
[366.969s][info][gc,metaspace   ] GC(1057) Metaspace: 18752K(18880K)->18752K(18880K) NonClass: 16923K(17024K)->16923K(17024K) Class: 1828K(1856K)->1828K(1856K)
[366.969s][info][gc             ] GC(1057) Pause Young (Allocation Failure) 604M->521M(867M) 72.091ms
[366.969s][info][gc,cpu         ] GC(1057) User=0.14s Sys=0.00s Real=0.07s
[367.115s][info][gc,start       ] GC(1058) Pause Young (Allocation Failure)
[367.183s][info][gc,heap        ] GC(1058) PSYoungGen: 160192K(220160K)->23424K(225792K) Eden: 126975K(126976K)->0K(126976K) From: 33216K(93184K)->23424K(98816K)
[367.183s][info][gc,heap        ] GC(1058) ParOldGen: 501120K(667648K)->534384K(667648K)
[367.183s][info][gc,metaspace   ] GC(1058) Metaspace: 18752K(18880K)->18752K(18880K) NonClass: 16923K(17024K)->16923K(17024K) Class: 1828K(1856K)->1828K(1856K)
[367.183s][info][gc             ] GC(1058) Pause Young (Allocation Failure) 645M->544M(872M) 67.885ms
[367.183s][info][gc,cpu         ] GC(1058) User=0.14s Sys=0.00s Real=0.07s
[367.300s][info][gc,start       ] GC(1059) Pause Young (Allocation Failure)
[367.330s][info][gc,heap        ] GC(1059) PSYoungGen: 150400K(225792K)->4288K(234496K) Eden: 126976K(126976K)->0K(137216K) From: 23424K(98816K)->4288K(97280K)
[367.330s][info][gc,heap        ] GC(1059) ParOldGen: 534384K(667648K)->557856K(667648K)
[367.330s][info][gc,metaspace   ] GC(1059) Metaspace: 18752K(18880K)->18752K(18880K) NonClass: 16923K(17024K)->16923K(17024K) Class: 1828K(1856K)->1828K(1856K)
[367.330s][info][gc             ] GC(1059) Pause Young (Allocation Failure) 668M->548M(881M) 30.088ms
[367.330s][info][gc,cpu         ] GC(1059) User=0.06s Sys=0.00s Real=0.03s
[367.466s][info][gc,start       ] GC(1060) Pause Young (Allocation Failure)
[367.478s][info][gc,heap        ] GC(1060) PSYoungGen: 141504K(234496K)->864K(138240K) Eden: 137216K(137216K)->0K(137216K) From: 4288K(97280K)->864K(1024K)
[367.478s][info][gc,heap        ] GC(1060) ParOldGen: 557856K(667648K)->562128K(667648K)
[367.478s][info][gc,metaspace   ] GC(1060) Metaspace: 18752K(18880K)->18752K(18880K) NonClass: 16923K(17024K)->16923K(17024K) Class: 1828K(1856K)->1828K(1856K)
[367.478s][info][gc             ] GC(1060) Pause Young (Allocation Failure) 682M->549M(787M) 12.026ms
[367.478s][info][gc,cpu         ] GC(1060) User=0.02s Sys=0.00s Real=0.01s
[367.617s][info][gc,start       ] GC(1061) Pause Young (Allocation Failure)
[367.629s][info][gc,heap        ] GC(1061) PSYoungGen: 138080K(138240K)->4288K(235520K) Eden: 137216K(137216K)->0K(136192K) From: 864K(1024K)->4288K(99328K)
[367.630s][info][gc,heap        ] GC(1061) ParOldGen: 562128K(667648K)->562952K(667648K)
[367.630s][info][gc,metaspace   ] GC(1061) Metaspace: 18752K(18880K)->18752K(18880K) NonClass: 16923K(17024K)->16923K(17024K) Class: 1828K(1856K)->1828K(1856K)
[367.630s][info][gc             ] GC(1061) Pause Young (Allocation Failure) 683M->553M(882M) 12.092ms
[367.630s][info][gc,cpu         ] GC(1061) User=0.02s Sys=0.00s Real=0.01s
[367.814s][info][gc,start       ] GC(1062) Pause Young (Allocation Failure)
[367.831s][info][gc,heap        ] GC(1062) PSYoungGen: 140480K(235520K)->10240K(146432K) Eden: 136192K(136192K)->0K(136192K) From: 4288K(99328K)->10240K(10240K)
[367.831s][info][gc,heap        ] GC(1062) ParOldGen: 562952K(667648K)->567224K(667648K)
[367.831s][info][gc,metaspace   ] GC(1062) Metaspace: 18752K(18880K)->18752K(18880K) NonClass: 16923K(17024K)->16923K(17024K) Class: 1828K(1856K)->1828K(1856K)
[367.831s][info][gc             ] GC(1062) Pause Young (Allocation Failure) 686M->563M(795M) 16.855ms
[367.831s][info][gc,cpu         ] GC(1062) User=0.03s Sys=0.00s Real=0.01s
[368.052s][info][gc,start       ] GC(1063) Pause Young (Allocation Failure)
[368.084s][info][gc,heap        ] GC(1063) PSYoungGen: 146432K(146432K)->28800K(237568K) Eden: 136192K(136192K)->0K(142336K) From: 10240K(10240K)->28800K(95232K)
[368.084s][info][gc,heap        ] GC(1063) ParOldGen: 567224K(667648K)->567224K(667648K)
[368.084s][info][gc,metaspace   ] GC(1063) Metaspace: 18752K(18880K)->18752K(18880K) NonClass: 16923K(17024K)->16923K(17024K) Class: 1828K(1856K)->1828K(1856K)
[368.084s][info][gc             ] GC(1063) Pause Young (Allocation Failure) 696M->582M(884M) 31.548ms
[368.084s][info][gc,cpu         ] GC(1063) User=0.06s Sys=0.00s Real=0.03s
[368.493s][info][gc,start       ] GC(1064) Pause Young (Allocation Failure)
[368.532s][info][gc,heap        ] GC(1064) PSYoungGen: 171136K(237568K)->29088K(231424K) Eden: 142336K(142336K)->0K(142336K) From: 28800K(95232K)->29088K(89088K)
[368.532s][info][gc,heap        ] GC(1064) ParOldGen: 567224K(667648K)->567224K(667648K)
[368.532s][info][gc,metaspace   ] GC(1064) Metaspace: 18752K(18880K)->18752K(18880K) NonClass: 16923K(17024K)->16923K(17024K) Class: 1828K(1856K)->1828K(1856K)
[368.532s][info][gc             ] GC(1064) Pause Young (Allocation Failure) 721M->582M(878M) 39.554ms
[368.532s][info][gc,cpu         ] GC(1064) User=0.07s Sys=0.00s Real=0.04s
[368.876s][info][gc,start       ] GC(1065) Pause Young (Allocation Failure)
[368.908s][info][gc,heap        ] GC(1065) PSYoungGen: 171424K(231424K)->30736K(230912K) Eden: 142336K(142336K)->0K(153600K) From: 29088K(89088K)->30736K(77312K)
[368.908s][info][gc,heap        ] GC(1065) ParOldGen: 567224K(667648K)->567224K(667648K)
[368.908s][info][gc,metaspace   ] GC(1065) Metaspace: 18752K(18880K)->18752K(18880K) NonClass: 16923K(17024K)->16923K(17024K) Class: 1828K(1856K)->1828K(1856K)
[368.908s][info][gc             ] GC(1065) Pause Young (Allocation Failure) 721M->583M(877M) 31.884ms
[368.908s][info][gc,cpu         ] GC(1065) User=0.06s Sys=0.00s Real=0.03s
[369.056s][info][gc,start       ] GC(1066) Pause Young (Allocation Failure)
[369.120s][info][gc,heap        ] GC(1066) PSYoungGen: 184336K(230912K)->71888K(231936K) Eden: 153600K(153600K)->0K(153600K) From: 30736K(77312K)->71888K(78336K)
[369.120s][info][gc,heap        ] GC(1066) ParOldGen: 567224K(667648K)->567224K(667648K)
[369.120s][info][gc,metaspace   ] GC(1066) Metaspace: 18752K(18880K)->18752K(18880K) NonClass: 16923K(17024K)->16923K(17024K) Class: 1828K(1856K)->1828K(1856K)
[369.120s][info][gc             ] GC(1066) Pause Young (Allocation Failure) 733M->624M(878M) 64.547ms
[369.120s][info][gc,cpu         ] GC(1066) User=0.12s Sys=0.00s Real=0.06s
[369.327s][info][gc,start       ] GC(1067) Pause Young (Allocation Failure)
[369.414s][info][gc,heap        ] GC(1067) PSYoungGen: 225488K(231936K)->83712K(219136K) Eden: 153600K(153600K)->0K(130048K) From: 71888K(78336K)->83712K(89088K)
[369.414s][info][gc,heap        ] GC(1067) ParOldGen: 567224K(667648K)->567224K(667648K)
[369.414s][info][gc,metaspace   ] GC(1067) Metaspace: 18752K(18880K)->18752K(18880K) NonClass: 16923K(17024K)->16923K(17024K) Class: 1828K(1856K)->1828K(1856K)
[369.414s][info][gc             ] GC(1067) Pause Young (Allocation Failure) 774M->635M(866M) 86.716ms
[369.414s][info][gc,cpu         ] GC(1067) User=0.16s Sys=0.01s Real=0.09s
[369.619s][info][gc,start       ] GC(1068) Pause Young (Allocation Failure)
[369.699s][info][gc,heap        ] GC(1068) PSYoungGen: 213760K(219136K)->77232K(207360K) Eden: 130048K(130048K)->0K(130048K) From: 83712K(89088K)->77232K(77312K)
[369.699s][info][gc,heap        ] GC(1068) ParOldGen: 567224K(667648K)->577472K(667648K)
[369.699s][info][gc,metaspace   ] GC(1068) Metaspace: 18752K(18880K)->18752K(18880K) NonClass: 16923K(17024K)->16923K(17024K) Class: 1828K(1856K)->1828K(1856K)
[369.699s][info][gc             ] GC(1068) Pause Young (Allocation Failure) 762M->639M(854M) 80.350ms
[369.699s][info][gc,cpu         ] GC(1068) User=0.16s Sys=0.00s Real=0.08s
[369.849s][info][gc,start       ] GC(1069) Pause Young (Allocation Failure)
[369.940s][info][gc,heap        ] GC(1069) PSYoungGen: 207280K(207360K)->77136K(221184K) Eden: 130048K(130048K)->0K(111616K) From: 77232K(77312K)->77136K(109568K)
[369.940s][info][gc,heap        ] GC(1069) ParOldGen: 577472K(667648K)->596153K(667648K)
[369.940s][info][gc,metaspace   ] GC(1069) Metaspace: 18752K(18880K)->18752K(18880K) NonClass: 16923K(17024K)->16923K(17024K) Class: 1828K(1856K)->1828K(1856K)
[369.940s][info][gc             ] GC(1069) Pause Young (Allocation Failure) 766M->657M(868M) 91.413ms
[369.940s][info][gc,cpu         ] GC(1069) User=0.18s Sys=0.00s Real=0.09s
[370.044s][info][gc,start       ] GC(1070) Pause Young (Allocation Failure)
[370.120s][info][gc,heap        ] GC(1070) PSYoungGen: 188752K(221184K)->35168K(222720K) Eden: 111616K(111616K)->0K(111616K) From: 77136K(109568K)->35168K(111104K)
[370.120s][info][gc,heap        ] GC(1070) ParOldGen: 596153K(667648K)->639694K(667648K)
[370.120s][info][gc,metaspace   ] GC(1070) Metaspace: 18752K(18880K)->18752K(18880K) NonClass: 16923K(17024K)->16923K(17024K) Class: 1828K(1856K)->1828K(1856K)
[370.120s][info][gc             ] GC(1070) Pause Young (Allocation Failure) 766M->659M(869M) 76.833ms
[370.120s][info][gc,cpu         ] GC(1070) User=0.15s Sys=0.01s Real=0.07s
[370.256s][info][gc,start       ] GC(1071) Pause Full (Allocation Failure)
[370.256s][info][gc,phases,start] GC(1071) Marking Phase
[370.618s][info][gc,phases      ] GC(1071) Marking Phase 362.287ms
[370.618s][info][gc,phases,start] GC(1071) Summary Phase
[370.618s][info][gc,phases      ] GC(1071) Summary Phase 0.028ms
[370.618s][info][gc,phases,start] GC(1071) Forward
[370.740s][info][gc,phases      ] GC(1071) Forward 121.878ms
[370.740s][info][gc,phases,start] GC(1071) Adjust Pointers
[371.013s][info][gc,phases      ] GC(1071) Adjust Pointers 272.742ms
[371.013s][info][gc,phases,start] GC(1071) Compaction Phase
[371.171s][info][gc,phases      ] GC(1071) Compaction Phase 158.195ms
[371.182s][info][gc,phases,start] GC(1071) Post Compact
[371.185s][info][gc,phases      ] GC(1071) Post Compact 2.353ms
[371.185s][info][gc,heap        ] GC(1071) PSYoungGen: 146784K(222720K)->0K(222208K) Eden: 111616K(111616K)->0K(112128K) From: 35168K(111104K)->0K(110080K)
[371.185s][info][gc,heap        ] GC(1071) ParOldGen: 639694K(667648K)->451361K(667648K)
[371.185s][info][gc,metaspace   ] GC(1071) Metaspace: 18752K(18880K)->18752K(18880K) NonClass: 16923K(17024K)->16923K(17024K) Class: 1828K(1856K)->1828K(1856K)
[371.185s][info][gc             ] GC(1071) Pause Full (Allocation Failure) 768M->440M(869M) 928.891ms
[371.185s][info][gc,cpu         ] GC(1071) User=1.74s Sys=0.00s Real=0.93s
[371.349s][info][gc,start       ] GC(1072) Pause Young (Allocation Failure)
[371.368s][info][gc,heap        ] GC(1072) PSYoungGen: 112128K(222208K)->15584K(128000K) Eden: 112128K(112128K)->0K(112128K) From: 0K(110080K)->15584K(15872K)
[371.368s][info][gc,heap        ] GC(1072) ParOldGen: 451361K(667648K)->451361K(667648K)
[371.368s][info][gc,metaspace   ] GC(1072) Metaspace: 18752K(18880K)->18752K(18880K) NonClass: 16923K(17024K)->16923K(17024K) Class: 1828K(1856K)->1828K(1856K)
[371.368s][info][gc             ] GC(1072) Pause Young (Allocation Failure) 550M->456M(777M) 19.197ms
[371.368s][info][gc,cpu         ] GC(1072) User=0.04s Sys=0.00s Real=0.02s
[371.693s][info][gc,start       ] GC(1073) Pause Young (Allocation Failure)
[371.711s][info][gc,heap        ] GC(1073) PSYoungGen: 127712K(128000K)->15616K(224256K) Eden: 112128K(112128K)->0K(115200K) From: 15584K(15872K)->15616K(109056K)
[371.711s][info][gc,heap        ] GC(1073) ParOldGen: 451361K(667648K)->451361K(667648K)
[371.711s][info][gc,metaspace   ] GC(1073) Metaspace: 18752K(18880K)->18752K(18880K) NonClass: 16923K(17024K)->16923K(17024K) Class: 1828K(1856K)->1828K(1856K)
[371.711s][info][gc             ] GC(1073) Pause Young (Allocation Failure) 565M->456M(871M) 17.783ms
[371.711s][info][gc,cpu         ] GC(1073) User=0.03s Sys=0.00s Real=0.01s
[371.998s][info][gc,start       ] GC(1074) Pause Young (Allocation Failure)
[372.017s][info][gc,heap        ] GC(1074) PSYoungGen: 130816K(224256K)->96K(222208K) Eden: 115200K(115200K)->0K(115200K) From: 15616K(109056K)->96K(107008K)
[372.017s][info][gc,heap        ] GC(1074) ParOldGen: 451361K(667648K)->466945K(667648K)
[372.017s][info][gc,metaspace   ] GC(1074) Metaspace: 18752K(18880K)->18752K(18880K) NonClass: 16923K(17024K)->16923K(17024K) Class: 1828K(1856K)->1828K(1856K)
[372.017s][info][gc             ] GC(1074) Pause Young (Allocation Failure) 568M->456M(869M) 19.039ms
[372.017s][info][gc,cpu         ] GC(1074) User=0.04s Sys=0.00s Real=0.02s
[372.311s][info][gc,start       ] GC(1075) Pause Young (Allocation Failure)
[372.323s][info][gc,heap        ] GC(1075) PSYoungGen: 115296K(222208K)->128K(225792K) Eden: 115200K(115200K)->0K(118784K) From: 96K(107008K)->128K(107008K)
[372.324s][info][gc,heap        ] GC(1075) ParOldGen: 466945K(667648K)->466945K(667648K)
[372.324s][info][gc,metaspace   ] GC(1075) Metaspace: 18752K(18880K)->18752K(18880K) NonClass: 16923K(17024K)->16923K(17024K) Class: 1828K(1856K)->1828K(1856K)
[372.324s][info][gc             ] GC(1075) Pause Young (Allocation Failure) 568M->456M(872M) 12.097ms
[372.324s][info][gc,cpu         ] GC(1075) User=0.02s Sys=0.00s Real=0.02s
[372.560s][info][gc,start       ] GC(1076) Pause Young (Allocation Failure)
[372.568s][info][gc,heap        ] GC(1076) PSYoungGen: 118912K(225792K)->544K(224768K) Eden: 118784K(118784K)->0K(118784K) From: 128K(107008K)->544K(105984K)
[372.568s][info][gc,heap        ] GC(1076) ParOldGen: 466945K(667648K)->466945K(667648K)
[372.568s][info][gc,metaspace   ] GC(1076) Metaspace: 18752K(18880K)->18752K(18880K) NonClass: 16923K(17024K)->16923K(17024K) Class: 1828K(1856K)->1828K(1856K)
[372.568s][info][gc             ] GC(1076) Pause Young (Allocation Failure) 572M->456M(871M) 8.373ms
[372.568s][info][gc,cpu         ] GC(1076) User=0.01s Sys=0.00s Real=0.01s
[372.692s][info][gc,start       ] GC(1077) Pause Young (Allocation Failure)
[372.720s][info][gc,heap        ] GC(1077) PSYoungGen: 119328K(224768K)->36169K(221696K) Eden: 118784K(118784K)->0K(123904K) From: 544K(105984K)->36169K(97792K)
[372.721s][info][gc,heap        ] GC(1077) ParOldGen: 466945K(667648K)->466945K(667648K)
[372.721s][info][gc,metaspace   ] GC(1077) Metaspace: 18752K(18880K)->18752K(18880K) NonClass: 16923K(17024K)->16923K(17024K) Class: 1828K(1856K)->1828K(1856K)
[372.721s][info][gc             ] GC(1077) Pause Young (Allocation Failure) 572M->491M(868M) 28.451ms
[372.721s][info][gc,cpu         ] GC(1077) User=0.05s Sys=0.00s Real=0.02s
[372.791s][info][gc,start       ] GC(1078) Pause Young (Allocation Failure)
[372.849s][info][gc,heap        ] GC(1078) PSYoungGen: 160073K(221696K)->83193K(207360K) Eden: 123904K(123904K)->0K(123904K) From: 36169K(97792K)->83193K(83456K)
[372.849s][info][gc,heap        ] GC(1078) ParOldGen: 466945K(667648K)->466945K(667648K)
[372.849s][info][gc,metaspace   ] GC(1078) Metaspace: 18752K(18880K)->18752K(18880K) NonClass: 16923K(17024K)->16923K(17024K) Class: 1828K(1856K)->1828K(1856K)
[372.849s][info][gc             ] GC(1078) Pause Young (Allocation Failure) 612M->537M(854M) 57.458ms
[372.849s][info][gc,cpu         ] GC(1078) User=0.11s Sys=0.00s Real=0.06s
[372.923s][info][gc,start       ] GC(1079) Pause Young (Allocation Failure)
[373.016s][info][gc,heap        ] GC(1079) PSYoungGen: 207097K(207360K)->111088K(222720K) Eden: 123904K(123904K)->0K(111616K) From: 83193K(83456K)->111088K(111104K)
[373.016s][info][gc,heap        ] GC(1079) ParOldGen: 466945K(667648K)->487818K(667648K)
[373.016s][info][gc,metaspace   ] GC(1079) Metaspace: 18752K(18880K)->18752K(18880K) NonClass: 16923K(17024K)->16923K(17024K) Class: 1828K(1856K)->1828K(1856K)
[373.016s][info][gc             ] GC(1079) Pause Young (Allocation Failure) 658M->584M(869M) 93.310ms
[373.016s][info][gc,cpu         ] GC(1079) User=0.18s Sys=0.01s Real=0.09s
[373.127s][info][gc,start       ] GC(1080) Pause Young (Allocation Failure)
[373.215s][info][gc,heap        ] GC(1080) PSYoungGen: 222704K(222720K)->111104K(222720K) Eden: 111616K(111616K)->0K(111616K) From: 111088K(111104K)->111104K(111104K)
[373.215s][info][gc,heap        ] GC(1080) ParOldGen: 487818K(667648K)->504633K(667648K)
[373.215s][info][gc,metaspace   ] GC(1080) Metaspace: 18752K(18880K)->18752K(18880K) NonClass: 16923K(17024K)->16923K(17024K) Class: 1828K(1856K)->1828K(1856K)
[373.215s][info][gc             ] GC(1080) Pause Young (Allocation Failure) 693M->601M(869M) 88.551ms
[373.215s][info][gc,cpu         ] GC(1080) User=0.17s Sys=0.00s Real=0.09s
[373.318s][info][gc,start       ] GC(1081) Pause Young (Allocation Failure)
[373.411s][info][gc,heap        ] GC(1081) PSYoungGen: 222720K(222720K)->60000K(222720K) Eden: 111616K(111616K)->0K(111616K) From: 111104K(111104K)->60000K(111104K)
[373.411s][info][gc,heap        ] GC(1081) ParOldGen: 504633K(667648K)->559553K(667648K)
[373.411s][info][gc,metaspace   ] GC(1081) Metaspace: 18752K(18880K)->18752K(18880K) NonClass: 16924K(17024K)->16924K(17024K) Class: 1828K(1856K)->1828K(1856K)
[373.411s][info][gc             ] GC(1081) Pause Young (Allocation Failure) 710M->605M(869M) 92.979ms
[373.411s][info][gc,cpu         ] GC(1081) User=0.19s Sys=0.00s Real=0.09s
[373.532s][info][gc,start       ] GC(1082) Pause Young (Allocation Failure)
[373.613s][info][gc,heap        ] GC(1082) PSYoungGen: 171616K(222720K)->23296K(222720K) Eden: 111616K(111616K)->0K(111616K) From: 60000K(111104K)->23296K(111104K)
[373.613s][info][gc,heap        ] GC(1082) ParOldGen: 559553K(667648K)->617097K(667648K)
[373.613s][info][gc,metaspace   ] GC(1082) Metaspace: 18752K(18880K)->18752K(18880K) NonClass: 16924K(17024K)->16924K(17024K) Class: 1828K(1856K)->1828K(1856K)
[373.613s][info][gc             ] GC(1082) Pause Young (Allocation Failure) 714M->625M(869M) 80.926ms
[373.613s][info][gc,cpu         ] GC(1082) User=0.16s Sys=0.00s Real=0.08s
[373.748s][info][gc,start       ] GC(1083) Pause Full (Allocation Failure)
[373.748s][info][gc,phases,start] GC(1083) Marking Phase
[374.110s][info][gc,phases      ] GC(1083) Marking Phase 361.996ms
[374.110s][info][gc,phases,start] GC(1083) Summary Phase
[374.110s][info][gc,phases      ] GC(1083) Summary Phase 0.030ms
[374.110s][info][gc,phases,start] GC(1083) Forward
[374.216s][info][gc,phases      ] GC(1083) Forward 105.769ms
[374.216s][info][gc,phases,start] GC(1083) Adjust Pointers
[374.502s][info][gc,phases      ] GC(1083) Adjust Pointers 285.401ms
[374.502s][info][gc,phases,start] GC(1083) Compaction Phase
[374.650s][info][gc,phases      ] GC(1083) Compaction Phase 148.719ms
[374.665s][info][gc,phases,start] GC(1083) Post Compact
[374.668s][info][gc,phases      ] GC(1083) Post Compact 2.282ms
[374.668s][info][gc,heap        ] GC(1083) PSYoungGen: 134912K(222720K)->0K(222720K) Eden: 111616K(111616K)->0K(111616K) From: 23296K(111104K)->0K(111104K)
[374.668s][info][gc,heap        ] GC(1083) ParOldGen: 617097K(667648K)->514394K(667648K)
[374.668s][info][gc,metaspace   ] GC(1083) Metaspace: 18752K(18880K)->18752K(18880K) NonClass: 16924K(17024K)->16924K(17024K) Class: 1828K(1856K)->1828K(1856K)
[374.668s][info][gc             ] GC(1083) Pause Full (Allocation Failure) 734M->502M(869M) 919.498ms
[374.668s][info][gc,cpu         ] GC(1083) User=1.75s Sys=0.00s Real=0.92s
[374.805s][info][gc,start       ] GC(1084) Pause Young (Allocation Failure)
[374.807s][info][gc,heap        ] GC(1084) PSYoungGen: 111616K(222720K)->64K(222720K) Eden: 111616K(111616K)->0K(111616K) From: 0K(111104K)->64K(111104K)
[374.807s][info][gc,heap        ] GC(1084) ParOldGen: 514394K(667648K)->514394K(667648K)
[374.807s][info][gc,metaspace   ] GC(1084) Metaspace: 18752K(18880K)->18752K(18880K) NonClass: 16924K(17024K)->16924K(17024K) Class: 1828K(1856K)->1828K(1856K)
[374.807s][info][gc             ] GC(1084) Pause Young (Allocation Failure) 611M->502M(869M) 1.788ms
[374.807s][info][gc,cpu         ] GC(1084) User=0.00s Sys=0.00s Real=0.00s
[374.933s][info][gc,start       ] GC(1085) Pause Young (Allocation Failure)
[374.935s][info][gc,heap        ] GC(1085) PSYoungGen: 111680K(222720K)->64K(222720K) Eden: 111616K(111616K)->0K(111616K) From: 64K(111104K)->64K(111104K)
[374.935s][info][gc,heap        ] GC(1085) ParOldGen: 514394K(667648K)->514410K(667648K)
[374.935s][info][gc,metaspace   ] GC(1085) Metaspace: 18752K(18880K)->18752K(18880K) NonClass: 16924K(17024K)->16924K(17024K) Class: 1828K(1856K)->1828K(1856K)
[374.935s][info][gc             ] GC(1085) Pause Young (Allocation Failure) 611M->502M(869M) 1.798ms
[374.935s][info][gc,cpu         ] GC(1085) User=0.00s Sys=0.00s Real=0.00s
[375.063s][info][gc,start       ] GC(1086) Pause Young (Allocation Failure)
[375.065s][info][gc,heap        ] GC(1086) PSYoungGen: 111680K(222720K)->64K(222720K) Eden: 111616K(111616K)->0K(111616K) From: 64K(111104K)->64K(111104K)
[375.065s][info][gc,heap        ] GC(1086) ParOldGen: 514410K(667648K)->514410K(667648K)
[375.065s][info][gc,metaspace   ] GC(1086) Metaspace: 18752K(18880K)->18752K(18880K) NonClass: 16924K(17024K)->16924K(17024K) Class: 1828K(1856K)->1828K(1856K)
[375.065s][info][gc             ] GC(1086) Pause Young (Allocation Failure) 611M->502M(869M) 1.803ms
[375.065s][info][gc,cpu         ] GC(1086) User=0.00s Sys=0.00s Real=0.00s
[375.194s][info][gc,start       ] GC(1087) Pause Young (Allocation Failure)
[375.196s][info][gc,heap        ] GC(1087) PSYoungGen: 111680K(222720K)->64K(222720K) Eden: 111616K(111616K)->0K(111616K) From: 64K(111104K)->64K(111104K)
[375.196s][info][gc,heap        ] GC(1087) ParOldGen: 514410K(667648K)->514410K(667648K)
[375.196s][info][gc,metaspace   ] GC(1087) Metaspace: 18752K(18880K)->18752K(18880K) NonClass: 16924K(17024K)->16924K(17024K) Class: 1828K(1856K)->1828K(1856K)
[375.196s][info][gc             ] GC(1087) Pause Young (Allocation Failure) 611M->502M(869M) 1.804ms
[375.196s][info][gc,cpu         ] GC(1087) User=0.00s Sys=0.00s Real=0.00s
[375.325s][info][gc,start       ] GC(1088) Pause Young (Allocation Failure)
[375.327s][info][gc,heap        ] GC(1088) PSYoungGen: 111680K(222720K)->64K(222720K) Eden: 111616K(111616K)->0K(111616K) From: 64K(111104K)->64K(111104K)
[375.327s][info][gc,heap        ] GC(1088) ParOldGen: 514410K(667648K)->514410K(667648K)
[375.327s][info][gc,metaspace   ] GC(1088) Metaspace: 18752K(18880K)->18752K(18880K) NonClass: 16924K(17024K)->16924K(17024K) Class: 1828K(1856K)->1828K(1856K)
[375.327s][info][gc             ] GC(1088) Pause Young (Allocation Failure) 611M->502M(869M) 1.850ms
[375.327s][info][gc,cpu         ] GC(1088) User=0.00s Sys=0.00s Real=0.00s
[375.457s][info][gc,start       ] GC(1089) Pause Young (Allocation Failure)
[375.458s][info][gc,heap        ] GC(1089) PSYoungGen: 111680K(222720K)->64K(222720K) Eden: 111616K(111616K)->0K(111616K) From: 64K(111104K)->64K(111104K)
[375.458s][info][gc,heap        ] GC(1089) ParOldGen: 514410K(667648K)->514410K(667648K)
[375.458s][info][gc,metaspace   ] GC(1089) Metaspace: 18752K(18880K)->18752K(18880K) NonClass: 16924K(17024K)->16924K(17024K) Class: 1828K(1856K)->1828K(1856K)
[375.458s][info][gc             ] GC(1089) Pause Young (Allocation Failure) 611M->502M(869M) 1.839ms
[375.458s][info][gc,cpu         ] GC(1089) User=0.00s Sys=0.00s Real=0.00s
[375.587s][info][gc,start       ] GC(1090) Pause Young (Allocation Failure)
[375.589s][info][gc,heap        ] GC(1090) PSYoungGen: 111680K(222720K)->64K(222720K) Eden: 111616K(111616K)->0K(111616K) From: 64K(111104K)->64K(111104K)
[375.589s][info][gc,heap        ] GC(1090) ParOldGen: 514410K(667648K)->514410K(667648K)
[375.589s][info][gc,metaspace   ] GC(1090) Metaspace: 18752K(18880K)->18752K(18880K) NonClass: 16924K(17024K)->16924K(17024K) Class: 1828K(1856K)->1828K(1856K)
[375.589s][info][gc             ] GC(1090) Pause Young (Allocation Failure) 611M->502M(869M) 1.806ms
[375.589s][info][gc,cpu         ] GC(1090) User=0.01s Sys=0.00s Real=0.00s
[375.717s][info][gc,start       ] GC(1091) Pause Young (Allocation Failure)
[375.719s][info][gc,heap        ] GC(1091) PSYoungGen: 111680K(222720K)->64K(222720K) Eden: 111616K(111616K)->0K(111616K) From: 64K(111104K)->64K(111104K)
[375.719s][info][gc,heap        ] GC(1091) ParOldGen: 514410K(667648K)->514410K(667648K)
[375.719s][info][gc,metaspace   ] GC(1091) Metaspace: 18752K(18880K)->18752K(18880K) NonClass: 16924K(17024K)->16924K(17024K) Class: 1828K(1856K)->1828K(1856K)
[375.719s][info][gc             ] GC(1091) Pause Young (Allocation Failure) 611M->502M(869M) 1.810ms
[375.719s][info][gc,cpu         ] GC(1091) User=0.00s Sys=0.00s Real=0.00s
[375.846s][info][gc,start       ] GC(1092) Pause Young (Allocation Failure)
[375.848s][info][gc,heap        ] GC(1092) PSYoungGen: 111680K(222720K)->64K(112128K) Eden: 111616K(111616K)->0K(111616K) From: 64K(111104K)->64K(512K)
[375.848s][info][gc,heap        ] GC(1092) ParOldGen: 514410K(667648K)->514410K(667648K)
[375.848s][info][gc,metaspace   ] GC(1092) Metaspace: 18752K(18880K)->18752K(18880K) NonClass: 16924K(17024K)->16924K(17024K) Class: 1828K(1856K)->1828K(1856K)
[375.848s][info][gc             ] GC(1092) Pause Young (Allocation Failure) 611M->502M(761M) 1.925ms
[375.848s][info][gc,cpu         ] GC(1092) User=0.00s Sys=0.01s Real=0.00s
[375.976s][info][gc,start       ] GC(1093) Pause Young (Allocation Failure)
[375.978s][info][gc,heap        ] GC(1093) PSYoungGen: 111680K(112128K)->64K(217088K) Eden: 111616K(111616K)->0K(114688K) From: 64K(512K)->64K(102400K)
[375.978s][info][gc,heap        ] GC(1093) ParOldGen: 514410K(667648K)->514410K(667648K)
[375.978s][info][gc,metaspace   ] GC(1093) Metaspace: 18752K(18880K)->18752K(18880K) NonClass: 16924K(17024K)->16924K(17024K) Class: 1828K(1856K)->1828K(1856K)
[375.978s][info][gc             ] GC(1093) Pause Young (Allocation Failure) 611M->502M(864M) 2.452ms
[375.978s][info][gc,cpu         ] GC(1093) User=0.01s Sys=0.00s Real=0.00s
[376.108s][info][gc,start       ] GC(1094) Pause Young (Allocation Failure)
[376.112s][info][gc,heap        ] GC(1094) PSYoungGen: 114752K(217088K)->32K(115200K) Eden: 114688K(114688K)->0K(114688K) From: 64K(102400K)->32K(512K)
[376.112s][info][gc,heap        ] GC(1094) ParOldGen: 514410K(667648K)->514410K(667648K)
[376.112s][info][gc,metaspace   ] GC(1094) Metaspace: 18752K(18880K)->18752K(18880K) NonClass: 16924K(17024K)->16924K(17024K) Class: 1828K(1856K)->1828K(1856K)
[376.112s][info][gc             ] GC(1094) Pause Young (Allocation Failure) 614M->502M(764M) 4.073ms
[376.112s][info][gc,cpu         ] GC(1094) User=0.01s Sys=0.00s Real=0.01s
[376.246s][info][gc,start       ] GC(1095) Pause Young (Allocation Failure)
[376.250s][info][gc,heap        ] GC(1095) PSYoungGen: 114720K(115200K)->32K(205824K) Eden: 114688K(114688K)->0K(117760K) From: 32K(512K)->32K(88064K)
[376.250s][info][gc,heap        ] GC(1095) ParOldGen: 514410K(667648K)->514410K(667648K)
[376.250s][info][gc,metaspace   ] GC(1095) Metaspace: 18752K(18880K)->18752K(18880K) NonClass: 16924K(17024K)->16924K(17024K) Class: 1828K(1856K)->1828K(1856K)
[376.250s][info][gc             ] GC(1095) Pause Young (Allocation Failure) 614M->502M(853M) 4.297ms
[376.250s][info][gc,cpu         ] GC(1095) User=0.01s Sys=0.00s Real=0.00s
[376.366s][info][gc,start       ] GC(1096) Pause Young (Allocation Failure)
[376.388s][info][gc,heap        ] GC(1096) PSYoungGen: 117792K(205824K)->14912K(133120K) Eden: 117760K(117760K)->0K(117760K) From: 32K(88064K)->14912K(15360K)
[376.388s][info][gc,heap        ] GC(1096) ParOldGen: 514410K(667648K)->514410K(667648K)
[376.388s][info][gc,metaspace   ] GC(1096) Metaspace: 18752K(18880K)->18752K(18880K) NonClass: 16924K(17024K)->16924K(17024K) Class: 1828K(1856K)->1828K(1856K)
[376.388s][info][gc             ] GC(1096) Pause Young (Allocation Failure) 617M->516M(782M) 21.788ms
[376.388s][info][gc,cpu         ] GC(1096) User=0.03s Sys=0.00s Real=0.02s
[376.490s][info][gc,start       ] GC(1097) Pause Young (Allocation Failure)
[376.530s][info][gc,heap        ] GC(1097) PSYoungGen: 132672K(133120K)->37376K(207872K) Eden: 117760K(117760K)->0K(121856K) From: 14912K(15360K)->37376K(86016K)
[376.530s][info][gc,heap        ] GC(1097) ParOldGen: 514410K(667648K)->514410K(667648K)
[376.530s][info][gc,metaspace   ] GC(1097) Metaspace: 18752K(18880K)->18752K(18880K) NonClass: 16924K(17024K)->16924K(17024K) Class: 1828K(1856K)->1828K(1856K)
[376.530s][info][gc             ] GC(1097) Pause Young (Allocation Failure) 631M->538M(855M) 39.732ms
[376.530s][info][gc,cpu         ] GC(1097) User=0.07s Sys=0.00s Real=0.04s
[376.618s][info][gc,start       ] GC(1098) Pause Young (Allocation Failure)
[376.679s][info][gc,heap        ] GC(1098) PSYoungGen: 159232K(207872K)->56096K(209408K) Eden: 121856K(121856K)->0K(121856K) From: 37376K(86016K)->56096K(87552K)
[376.679s][info][gc,heap        ] GC(1098) ParOldGen: 514410K(667648K)->514410K(667648K)
[376.679s][info][gc,metaspace   ] GC(1098) Metaspace: 18752K(18880K)->18752K(18880K) NonClass: 16924K(17024K)->16924K(17024K) Class: 1828K(1856K)->1828K(1856K)
[376.679s][info][gc             ] GC(1098) Pause Young (Allocation Failure) 657M->557M(856M) 60.885ms
[376.679s][info][gc,cpu         ] GC(1098) User=0.12s Sys=0.00s Real=0.06s
[376.747s][info][gc,start       ] GC(1099) Pause Young (Allocation Failure)
[376.816s][info][gc,heap        ] GC(1099) PSYoungGen: 177952K(209408K)->64448K(219136K) Eden: 121856K(121856K)->0K(124416K) From: 56096K(87552K)->64448K(94720K)
[376.816s][info][gc,heap        ] GC(1099) ParOldGen: 514410K(667648K)->514410K(667648K)
[376.816s][info][gc,metaspace   ] GC(1099) Metaspace: 18752K(18880K)->18752K(18880K) NonClass: 16924K(17024K)->16924K(17024K) Class: 1828K(1856K)->1828K(1856K)
[376.816s][info][gc             ] GC(1099) Pause Young (Allocation Failure) 676M->565M(866M) 68.336ms
[376.816s][info][gc,cpu         ] GC(1099) User=0.13s Sys=0.00s Real=0.07s
[376.912s][info][gc,start       ] GC(1100) Pause Young (Allocation Failure)
[376.992s][info][gc,heap        ] GC(1100) PSYoungGen: 188864K(219136K)->76832K(201728K) Eden: 124416K(124416K)->0K(124416K) From: 64448K(94720K)->76832K(77312K)
[376.992s][info][gc,heap        ] GC(1100) ParOldGen: 514410K(667648K)->514410K(667648K)
[376.992s][info][gc,metaspace   ] GC(1100) Metaspace: 18752K(18880K)->18752K(18880K) NonClass: 16924K(17024K)->16924K(17024K) Class: 1828K(1856K)->1828K(1856K)
[376.992s][info][gc             ] GC(1100) Pause Young (Allocation Failure) 686M->577M(849M) 80.159ms
[376.992s][info][gc,cpu         ] GC(1100) User=0.16s Sys=0.00s Real=0.08s
[377.051s][info][gc,start       ] GC(1101) Pause Young (Allocation Failure)
[377.134s][info][gc,heap        ] GC(1101) PSYoungGen: 201248K(201728K)->77248K(222720K) Eden: 124416K(124416K)->0K(111616K) From: 76832K(77312K)->77248K(111104K)
[377.135s][info][gc,heap        ] GC(1101) ParOldGen: 514410K(667648K)->514410K(667648K)
[377.135s][info][gc,metaspace   ] GC(1101) Metaspace: 18752K(18880K)->18752K(18880K) NonClass: 16924K(17024K)->16924K(17024K) Class: 1828K(1856K)->1828K(1856K)
[377.135s][info][gc             ] GC(1101) Pause Young (Allocation Failure) 698M->577M(869M) 83.120ms
[377.135s][info][gc,cpu         ] GC(1101) User=0.16s Sys=0.00s Real=0.09s
[377.213s][info][gc,start       ] GC(1102) Pause Young (Allocation Failure)
[377.300s][info][gc,heap        ] GC(1102) PSYoungGen: 188864K(222720K)->44736K(222720K) Eden: 111616K(111616K)->0K(111616K) From: 77248K(111104K)->44736K(111104K)
[377.300s][info][gc,heap        ] GC(1102) ParOldGen: 514410K(667648K)->551858K(667648K)
[377.300s][info][gc,metaspace   ] GC(1102) Metaspace: 18752K(18880K)->18752K(18880K) NonClass: 16924K(17024K)->16924K(17024K) Class: 1828K(1856K)->1828K(1856K)
[377.300s][info][gc             ] GC(1102) Pause Young (Allocation Failure) 686M->582M(869M) 86.624ms
[377.300s][info][gc,cpu         ] GC(1102) User=0.17s Sys=0.00s Real=0.08s
[377.373s][info][gc,start       ] GC(1103) Pause Young (Allocation Failure)
[377.423s][info][gc,heap        ] GC(1103) PSYoungGen: 156352K(222720K)->17760K(222720K) Eden: 111616K(111616K)->0K(111616K) From: 44736K(111104K)->17760K(111104K)
[377.423s][info][gc,heap        ] GC(1103) ParOldGen: 551858K(667648K)->579082K(667648K)
[377.423s][info][gc,metaspace   ] GC(1103) Metaspace: 18752K(18880K)->18752K(18880K) NonClass: 16924K(17024K)->16924K(17024K) Class: 1828K(1856K)->1828K(1856K)
[377.423s][info][gc             ] GC(1103) Pause Young (Allocation Failure) 691M->582M(869M) 50.365ms
[377.423s][info][gc,cpu         ] GC(1103) User=0.10s Sys=0.00s Real=0.05s
[377.510s][info][gc,start       ] GC(1104) Pause Young (Allocation Failure)
[377.545s][info][gc,heap        ] GC(1104) PSYoungGen: 129376K(222720K)->15776K(127488K) Eden: 111616K(111616K)->0K(111616K) From: 17760K(111104K)->15776K(15872K)
[377.545s][info][gc,heap        ] GC(1104) ParOldGen: 579082K(667648K)->591890K(667648K)
[377.545s][info][gc,metaspace   ] GC(1104) Metaspace: 18752K(18880K)->18752K(18880K) NonClass: 16924K(17024K)->16924K(17024K) Class: 1828K(1856K)->1828K(1856K)
[377.545s][info][gc             ] GC(1104) Pause Young (Allocation Failure) 691M->593M(776M) 35.377ms
[377.545s][info][gc,cpu         ] GC(1104) User=0.06s Sys=0.00s Real=0.04s
[377.639s][info][gc,start       ] GC(1105) Pause Young (Allocation Failure)
[377.660s][info][gc,heap        ] GC(1105) PSYoungGen: 127392K(127488K)->13184K(224256K) Eden: 111616K(111616K)->0K(115712K) From: 15776K(15872K)->13184K(108544K)
[377.661s][info][gc,heap        ] GC(1105) ParOldGen: 591890K(667648K)->596882K(667648K)
[377.661s][info][gc,metaspace   ] GC(1105) Metaspace: 18752K(18880K)->18752K(18880K) NonClass: 16924K(17024K)->16924K(17024K) Class: 1828K(1856K)->1828K(1856K)
[377.661s][info][gc             ] GC(1105) Pause Young (Allocation Failure) 702M->595M(871M) 21.937ms
[377.661s][info][gc,cpu         ] GC(1105) User=0.04s Sys=0.00s Real=0.02s
[377.732s][info][gc,start       ] GC(1106) Pause Young (Allocation Failure)
[377.764s][info][gc,heap        ] GC(1106) PSYoungGen: 128896K(224256K)->15680K(220160K) Eden: 115712K(115712K)->0K(115712K) From: 13184K(108544K)->15680K(104448K)
[377.764s][info][gc,heap        ] GC(1106) ParOldGen: 596882K(667648K)->610090K(667648K)
[377.764s][info][gc,metaspace   ] GC(1106) Metaspace: 18752K(18880K)->18752K(18880K) NonClass: 16924K(17024K)->16924K(17024K) Class: 1828K(1856K)->1828K(1856K)
[377.764s][info][gc             ] GC(1106) Pause Young (Allocation Failure) 708M->611M(867M) 32.163ms
[377.764s][info][gc,cpu         ] GC(1106) User=0.07s Sys=0.00s Real=0.04s
[377.921s][info][gc,start       ] GC(1107) Pause Young (Allocation Failure)
[377.957s][info][gc,heap        ] GC(1107) PSYoungGen: 131392K(220160K)->15616K(224256K) Eden: 115712K(115712K)->0K(125440K) From: 15680K(104448K)->15616K(98816K)
[377.957s][info][gc,heap        ] GC(1107) ParOldGen: 610090K(667648K)->625778K(667648K)
[377.957s][info][gc,metaspace   ] GC(1107) Metaspace: 18752K(18880K)->18752K(18880K) NonClass: 16924K(17024K)->16924K(17024K) Class: 1828K(1856K)->1828K(1856K)
[377.958s][info][gc             ] GC(1107) Pause Young (Allocation Failure) 724M->626M(871M) 36.534ms
[377.958s][info][gc,cpu         ] GC(1107) User=0.07s Sys=0.00s Real=0.04s
[378.312s][info][gc,start       ] GC(1108) Pause Full (Allocation Failure)
[378.312s][info][gc,phases,start] GC(1108) Marking Phase
[378.798s][info][gc,phases      ] GC(1108) Marking Phase 486.031ms
[378.798s][info][gc,phases,start] GC(1108) Summary Phase
[378.798s][info][gc,phases      ] GC(1108) Summary Phase 0.029ms
[378.798s][info][gc,phases,start] GC(1108) Forward
[378.814s][info][gc,phases      ] GC(1108) Forward 16.692ms
[378.814s][info][gc,phases,start] GC(1108) Adjust Pointers
[379.145s][info][gc,phases      ] GC(1108) Adjust Pointers 330.059ms
[379.145s][info][gc,phases,start] GC(1108) Compaction Phase
[379.286s][info][gc,phases      ] GC(1108) Compaction Phase 141.553ms
[379.286s][info][gc,phases,start] GC(1108) Post Compact
[379.289s][info][gc,phases      ] GC(1108) Post Compact 2.244ms
[379.289s][info][gc,heap        ] GC(1108) PSYoungGen: 141056K(224256K)->0K(220160K) Eden: 125440K(125440K)->0K(125440K) From: 15616K(98816K)->0K(94720K)
[379.289s][info][gc,heap        ] GC(1108) ParOldGen: 625778K(667648K)->650792K(667648K)
[379.289s][info][gc,metaspace   ] GC(1108) Metaspace: 18752K(18880K)->18752K(18880K) NonClass: 16924K(17024K)->16924K(17024K) Class: 1828K(1856K)->1828K(1856K)
[379.289s][info][gc             ] GC(1108) Pause Full (Allocation Failure) 748M->635M(867M) 977.149ms
[379.289s][info][gc,cpu         ] GC(1108) User=1.91s Sys=0.01s Real=0.98s
[379.667s][info][gc,start       ] GC(1109) Pause Full (Allocation Failure)
[379.667s][info][gc,phases,start] GC(1109) Marking Phase
[380.157s][info][gc,phases      ] GC(1109) Marking Phase 489.811ms
[380.157s][info][gc,phases,start] GC(1109) Summary Phase
[380.157s][info][gc,phases      ] GC(1109) Summary Phase 0.029ms
[380.157s][info][gc,phases,start] GC(1109) Forward
[380.171s][info][gc,phases      ] GC(1109) Forward 13.584ms
[380.171s][info][gc,phases,start] GC(1109) Adjust Pointers
[380.505s][info][gc,phases      ] GC(1109) Adjust Pointers 333.608ms
[380.505s][info][gc,phases,start] GC(1109) Compaction Phase
[380.640s][info][gc,phases      ] GC(1109) Compaction Phase 135.003ms
[380.640s][info][gc,phases,start] GC(1109) Post Compact
[380.642s][info][gc,phases      ] GC(1109) Post Compact 2.205ms
[380.642s][info][gc,heap        ] GC(1109) PSYoungGen: 125440K(220160K)->0K(228864K) Eden: 125440K(125440K)->0K(137216K) From: 0K(94720K)->0K(91648K)
[380.642s][info][gc,heap        ] GC(1109) ParOldGen: 650792K(667648K)->650834K(667648K)
[380.642s][info][gc,metaspace   ] GC(1109) Metaspace: 18752K(18880K)->18752K(18880K) NonClass: 16924K(17024K)->16924K(17024K) Class: 1828K(1856K)->1828K(1856K)
[380.642s][info][gc             ] GC(1109) Pause Full (Allocation Failure) 758M->635M(875M) 974.972ms
[380.642s][info][gc,cpu         ] GC(1109) User=1.91s Sys=0.00s Real=0.98s
[381.002s][info][gc,start       ] GC(1110) Pause Full (Allocation Failure)
[381.003s][info][gc,phases,start] GC(1110) Marking Phase
[381.486s][info][gc,phases      ] GC(1110) Marking Phase 482.927ms
[381.486s][info][gc,phases,start] GC(1110) Summary Phase
[381.486s][info][gc,phases      ] GC(1110) Summary Phase 0.028ms
[381.486s][info][gc,phases,start] GC(1110) Forward
[381.486s][info][gc,phases      ] GC(1110) Forward 0.356ms
[381.486s][info][gc,phases,start] GC(1110) Adjust Pointers
[381.814s][info][gc,phases      ] GC(1110) Adjust Pointers 327.888ms
[381.814s][info][gc,phases,start] GC(1110) Compaction Phase
[381.944s][info][gc,phases      ] GC(1110) Compaction Phase 130.073ms
[381.944s][info][gc,phases,start] GC(1110) Post Compact
[381.946s][info][gc,phases      ] GC(1110) Post Compact 2.250ms
[381.946s][info][gc,heap        ] GC(1110) PSYoungGen: 137216K(228864K)->0K(231936K) Eden: 137216K(137216K)->0K(137216K) From: 0K(91648K)->0K(94720K)
[381.946s][info][gc,heap        ] GC(1110) ParOldGen: 650834K(667648K)->650845K(667648K)
[381.946s][info][gc,metaspace   ] GC(1110) Metaspace: 18752K(18880K)->18752K(18880K) NonClass: 16924K(17024K)->16924K(17024K) Class: 1828K(1856K)->1828K(1856K)
[381.947s][info][gc             ] GC(1110) Pause Full (Allocation Failure) 769M->635M(878M) 944.026ms
[381.947s][info][gc,cpu         ] GC(1110) User=1.86s Sys=0.00s Real=0.94s
[382.293s][info][gc,start       ] GC(1111) Pause Full (Allocation Failure)
[382.293s][info][gc,phases,start] GC(1111) Marking Phase
[382.781s][info][gc,phases      ] GC(1111) Marking Phase 487.549ms
[382.781s][info][gc,phases,start] GC(1111) Summary Phase
[382.781s][info][gc,phases      ] GC(1111) Summary Phase 0.042ms
[382.781s][info][gc,phases,start] GC(1111) Forward
[382.781s][info][gc,phases      ] GC(1111) Forward 0.366ms
[382.781s][info][gc,phases,start] GC(1111) Adjust Pointers
[383.108s][info][gc,phases      ] GC(1111) Adjust Pointers 326.299ms
[383.108s][info][gc,phases,start] GC(1111) Compaction Phase
[383.244s][info][gc,phases      ] GC(1111) Compaction Phase 136.298ms
[383.244s][info][gc,phases,start] GC(1111) Post Compact
[383.246s][info][gc,phases      ] GC(1111) Post Compact 2.322ms
[383.246s][info][gc,heap        ] GC(1111) PSYoungGen: 137216K(231936K)->0K(239104K) Eden: 137216K(137216K)->0K(144384K) From: 0K(94720K)->0K(94720K)
[383.246s][info][gc,heap        ] GC(1111) ParOldGen: 650845K(667648K)->650848K(667648K)
[383.246s][info][gc,metaspace   ] GC(1111) Metaspace: 18752K(18880K)->18752K(18880K) NonClass: 16924K(17024K)->16924K(17024K) Class: 1828K(1856K)->1828K(1856K)
[383.246s][info][gc             ] GC(1111) Pause Full (Allocation Failure) 769M->635M(885M) 953.334ms
[383.246s][info][gc,cpu         ] GC(1111) User=1.87s Sys=0.00s Real=0.95s
[383.604s][info][gc,start       ] GC(1112) Pause Full (Allocation Failure)
[383.604s][info][gc,phases,start] GC(1112) Marking Phase
[384.092s][info][gc,phases      ] GC(1112) Marking Phase 488.059ms
[384.092s][info][gc,phases,start] GC(1112) Summary Phase
[384.092s][info][gc,phases      ] GC(1112) Summary Phase 0.029ms
[384.092s][info][gc,phases,start] GC(1112) Forward
[384.092s][info][gc,phases      ] GC(1112) Forward 0.542ms
[384.092s][info][gc,phases,start] GC(1112) Adjust Pointers
[384.420s][info][gc,phases      ] GC(1112) Adjust Pointers 327.172ms
[384.420s][info][gc,phases,start] GC(1112) Compaction Phase
[384.556s][info][gc,phases      ] GC(1112) Compaction Phase 136.131ms
[384.556s][info][gc,phases,start] GC(1112) Post Compact
[384.558s][info][gc,phases      ] GC(1112) Post Compact 2.318ms
[384.558s][info][gc,heap        ] GC(1112) PSYoungGen: 144384K(239104K)->0K(239104K) Eden: 144384K(144384K)->0K(144384K) From: 0K(94720K)->0K(94720K)
[384.558s][info][gc,heap        ] GC(1112) ParOldGen: 650848K(667648K)->650852K(667648K)
[384.558s][info][gc,metaspace   ] GC(1112) Metaspace: 18752K(18880K)->18752K(18880K) NonClass: 16924K(17024K)->16924K(17024K) Class: 1828K(1856K)->1828K(1856K)
[384.558s][info][gc             ] GC(1112) Pause Full (Allocation Failure) 776M->635M(885M) 954.705ms
[384.558s][info][gc,cpu         ] GC(1112) User=1.87s Sys=0.01s Real=0.95s
[384.920s][info][gc,start       ] GC(1113) Pause Full (Allocation Failure)
[384.920s][info][gc,phases,start] GC(1113) Marking Phase
[385.410s][info][gc,phases      ] GC(1113) Marking Phase 490.075ms
[385.410s][info][gc,phases,start] GC(1113) Summary Phase
[385.410s][info][gc,phases      ] GC(1113) Summary Phase 0.027ms
[385.410s][info][gc,phases,start] GC(1113) Forward
[385.410s][info][gc,phases      ] GC(1113) Forward 0.347ms
[385.410s][info][gc,phases,start] GC(1113) Adjust Pointers
[385.735s][info][gc,phases      ] GC(1113) Adjust Pointers 325.010ms
[385.735s][info][gc,phases,start] GC(1113) Compaction Phase
[385.868s][info][gc,phases      ] GC(1113) Compaction Phase 132.455ms
[385.868s][info][gc,phases,start] GC(1113) Post Compact
[385.870s][info][gc,phases      ] GC(1113) Post Compact 2.329ms
[385.870s][info][gc,heap        ] GC(1113) PSYoungGen: 144384K(239104K)->0K(239104K) Eden: 144384K(144384K)->0K(144384K) From: 0K(94720K)->0K(94720K)
[385.870s][info][gc,heap        ] GC(1113) ParOldGen: 650852K(667648K)->650855K(667648K)
[385.870s][info][gc,metaspace   ] GC(1113) Metaspace: 18752K(18880K)->18752K(18880K) NonClass: 16924K(17024K)->16924K(17024K) Class: 1828K(1856K)->1828K(1856K)
[385.870s][info][gc             ] GC(1113) Pause Full (Allocation Failure) 776M->635M(885M) 950.699ms
[385.870s][info][gc,cpu         ] GC(1113) User=1.86s Sys=0.00s Real=0.95s
[386.209s][info][gc,start       ] GC(1114) Pause Full (Allocation Failure)
[386.209s][info][gc,phases,start] GC(1114) Marking Phase
[386.696s][info][gc,phases      ] GC(1114) Marking Phase 486.094ms
[386.696s][info][gc,phases,start] GC(1114) Summary Phase
[386.696s][info][gc,phases      ] GC(1114) Summary Phase 0.027ms
[386.696s][info][gc,phases,start] GC(1114) Forward
[386.696s][info][gc,phases      ] GC(1114) Forward 0.407ms
[386.696s][info][gc,phases,start] GC(1114) Adjust Pointers
[387.020s][info][gc,phases      ] GC(1114) Adjust Pointers 323.821ms
[387.020s][info][gc,phases,start] GC(1114) Compaction Phase
[387.155s][info][gc,phases      ] GC(1114) Compaction Phase 135.524ms
[387.156s][info][gc,phases,start] GC(1114) Post Compact
[387.158s][info][gc,phases      ] GC(1114) Post Compact 2.273ms
[387.158s][info][gc,heap        ] GC(1114) PSYoungGen: 144384K(239104K)->0K(239104K) Eden: 144384K(144384K)->0K(144384K) From: 0K(94720K)->0K(94720K)
[387.158s][info][gc,heap        ] GC(1114) ParOldGen: 650855K(667648K)->650866K(667648K)
[387.158s][info][gc,metaspace   ] GC(1114) Metaspace: 18752K(18880K)->18752K(18880K) NonClass: 16924K(17024K)->16924K(17024K) Class: 1828K(1856K)->1828K(1856K)
[387.158s][info][gc             ] GC(1114) Pause Full (Allocation Failure) 776M->635M(885M) 948.592ms
[387.158s][info][gc,cpu         ] GC(1114) User=1.86s Sys=0.00s Real=0.95s
[387.485s][info][gc,start       ] GC(1115) Pause Full (Allocation Failure)
[387.485s][info][gc,phases,start] GC(1115) Marking Phase
[387.770s][info][gc,phases      ] GC(1115) Marking Phase 285.424ms
[387.770s][info][gc,phases,start] GC(1115) Summary Phase
[387.770s][info][gc,phases      ] GC(1115) Summary Phase 0.029ms
[387.770s][info][gc,phases,start] GC(1115) Forward
[387.882s][info][gc,phases      ] GC(1115) Forward 112.220ms
[387.882s][info][gc,phases,start] GC(1115) Adjust Pointers
[388.094s][info][gc,phases      ] GC(1115) Adjust Pointers 211.392ms
[388.094s][info][gc,phases,start] GC(1115) Compaction Phase
[388.217s][info][gc,phases      ] GC(1115) Compaction Phase 123.239ms
[388.226s][info][gc,phases,start] GC(1115) Post Compact
[388.228s][info][gc,phases      ] GC(1115) Post Compact 2.391ms
[388.228s][info][gc,heap        ] GC(1115) PSYoungGen: 144384K(239104K)->0K(239104K) Eden: 144384K(144384K)->0K(144384K) From: 0K(94720K)->0K(94720K)
[388.228s][info][gc,heap        ] GC(1115) ParOldGen: 650866K(667648K)->384792K(654336K)
[388.228s][info][gc,metaspace   ] GC(1115) Metaspace: 18752K(18880K)->18752K(18880K) NonClass: 16924K(17024K)->16924K(17024K) Class: 1828K(1856K)->1828K(1856K)
[388.229s][info][gc             ] GC(1115) Pause Full (Allocation Failure) 776M->375M(872M) 743.992ms
[388.229s][info][gc,cpu         ] GC(1115) User=1.35s Sys=0.00s Real=0.74s
[388.374s][info][gc,start       ] GC(1116) Pause Young (Allocation Failure)
[388.406s][info][gc,heap        ] GC(1116) PSYoungGen: 144384K(239104K)->43168K(187904K) Eden: 144384K(144384K)->0K(144384K) From: 0K(94720K)->43168K(43520K)
[388.406s][info][gc,heap        ] GC(1116) ParOldGen: 384792K(654336K)->384792K(654336K)
[388.406s][info][gc,metaspace   ] GC(1116) Metaspace: 18752K(18880K)->18752K(18880K) NonClass: 16924K(17024K)->16924K(17024K) Class: 1828K(1856K)->1828K(1856K)
[388.406s][info][gc             ] GC(1116) Pause Young (Allocation Failure) 516M->417M(822M) 31.861ms
[388.406s][info][gc,cpu         ] GC(1116) User=0.06s Sys=0.00s Real=0.03s
[388.585s][info][gc,start       ] GC(1117) Pause Young (Allocation Failure)
[388.647s][info][gc,heap        ] GC(1117) PSYoungGen: 187552K(187904K)->80496K(214528K) Eden: 144384K(144384K)->0K(120832K) From: 43168K(43520K)->80496K(93696K)
[388.647s][info][gc,heap        ] GC(1117) ParOldGen: 384792K(654336K)->384792K(654336K)
[388.647s][info][gc,metaspace   ] GC(1117) Metaspace: 18752K(18880K)->18752K(18880K) NonClass: 16924K(17024K)->16924K(17024K) Class: 1828K(1856K)->1828K(1856K)
[388.647s][info][gc             ] GC(1117) Pause Young (Allocation Failure) 558M->454M(848M) 62.902ms
[388.647s][info][gc,cpu         ] GC(1117) User=0.11s Sys=0.02s Real=0.06s
[388.695s][info][gc,start       ] GC(1118) Pause Young (Allocation Failure)
[388.769s][info][gc,heap        ] GC(1118) PSYoungGen: 201328K(214528K)->106480K(227328K) Eden: 120832K(120832K)->0K(120832K) From: 80496K(93696K)->106480K(106496K)
[388.769s][info][gc,heap        ] GC(1118) ParOldGen: 384792K(654336K)->389432K(654336K)
[388.769s][info][gc,metaspace   ] GC(1118) Metaspace: 18752K(18880K)->18752K(18880K) NonClass: 16924K(17024K)->16924K(17024K) Class: 1828K(1856K)->1828K(1856K)
[388.769s][info][gc             ] GC(1118) Pause Young (Allocation Failure) 572M->484M(861M) 73.221ms
[388.769s][info][gc,cpu         ] GC(1118) User=0.15s Sys=0.00s Real=0.07s
[388.816s][info][gc,start       ] GC(1119) Pause Young (Allocation Failure)
[388.907s][info][gc,heap        ] GC(1119) PSYoungGen: 227312K(227328K)->62240K(218112K) Eden: 120832K(120832K)->0K(111616K) From: 106480K(106496K)->62240K(106496K)
[388.907s][info][gc,heap        ] GC(1119) ParOldGen: 389432K(654336K)->466408K(654336K)
[388.907s][info][gc,metaspace   ] GC(1119) Metaspace: 18752K(18880K)->18752K(18880K) NonClass: 16924K(17024K)->16924K(17024K) Class: 1828K(1856K)->1828K(1856K)
[388.907s][info][gc             ] GC(1119) Pause Young (Allocation Failure) 602M->516M(852M) 91.605ms
[388.907s][info][gc,cpu         ] GC(1119) User=0.18s Sys=0.00s Real=0.09s
[389.046s][info][gc,start       ] GC(1120) Pause Young (Allocation Failure)
[389.131s][info][gc,heap        ] GC(1120) PSYoungGen: 173856K(218112K)->33814K(222720K) Eden: 111616K(111616K)->0K(111616K) From: 62240K(106496K)->33814K(111104K)
[389.131s][info][gc,heap        ] GC(1120) ParOldGen: 466408K(654336K)->529551K(654336K)
[389.131s][info][gc,metaspace   ] GC(1120) Metaspace: 18752K(18880K)->18752K(18880K) NonClass: 16924K(17024K)->16924K(17024K) Class: 1828K(1856K)->1828K(1856K)
[389.131s][info][gc             ] GC(1120) Pause Young (Allocation Failure) 625M->550M(856M) 84.884ms
[389.131s][info][gc,cpu         ] GC(1120) User=0.16s Sys=0.00s Real=0.08s
[389.248s][info][gc,start       ] GC(1121) Pause Young (Allocation Failure)
[389.293s][info][gc,heap        ] GC(1121) PSYoungGen: 145430K(222720K)->3104K(222720K) Eden: 111616K(111616K)->0K(111616K) From: 33814K(111104K)->3104K(111104K)
[389.293s][info][gc,heap        ] GC(1121) ParOldGen: 529551K(654336K)->563578K(654336K)
[389.293s][info][gc,metaspace   ] GC(1121) Metaspace: 18752K(18880K)->18752K(18880K) NonClass: 16924K(17024K)->16924K(17024K) Class: 1828K(1856K)->1828K(1856K)
[389.293s][info][gc             ] GC(1121) Pause Young (Allocation Failure) 659M->553M(856M) 44.867ms
[389.293s][info][gc,cpu         ] GC(1121) User=0.09s Sys=0.00s Real=0.05s
[389.411s][info][gc,start       ] GC(1122) Pause Young (Allocation Failure)
[389.417s][info][gc,heap        ] GC(1122) PSYoungGen: 114720K(222720K)->128K(222720K) Eden: 111616K(111616K)->0K(111616K) From: 3104K(111104K)->128K(111104K)
[389.417s][info][gc,heap        ] GC(1122) ParOldGen: 563578K(654336K)->566666K(654336K)
[389.417s][info][gc,metaspace   ] GC(1122) Metaspace: 18752K(18880K)->18752K(18880K) NonClass: 16924K(17024K)->16924K(17024K) Class: 1828K(1856K)->1828K(1856K)
[389.417s][info][gc             ] GC(1122) Pause Young (Allocation Failure) 662M->553M(856M) 5.877ms
[389.417s][info][gc,cpu         ] GC(1122) User=0.01s Sys=0.00s Real=0.01s
[389.536s][info][gc,start       ] GC(1123) Pause Young (Allocation Failure)
[389.538s][info][gc,heap        ] GC(1123) PSYoungGen: 111744K(222720K)->160K(222720K) Eden: 111616K(111616K)->0K(111616K) From: 128K(111104K)->160K(111104K)
[389.538s][info][gc,heap        ] GC(1123) ParOldGen: 566666K(654336K)->566754K(654336K)
[389.538s][info][gc,metaspace   ] GC(1123) Metaspace: 18752K(18880K)->18752K(18880K) NonClass: 16924K(17024K)->16924K(17024K) Class: 1828K(1856K)->1828K(1856K)
[389.538s][info][gc             ] GC(1123) Pause Young (Allocation Failure) 662M->553M(856M) 2.526ms
[389.538s][info][gc,cpu         ] GC(1123) User=0.00s Sys=0.00s Real=0.00s
[389.656s][info][gc,start       ] GC(1124) Pause Young (Allocation Failure)
[389.659s][info][gc,heap        ] GC(1124) PSYoungGen: 111776K(222720K)->128K(222720K) Eden: 111616K(111616K)->0K(111616K) From: 160K(111104K)->128K(111104K)
[389.659s][info][gc,heap        ] GC(1124) ParOldGen: 566754K(654336K)->566882K(654336K)
[389.659s][info][gc,metaspace   ] GC(1124) Metaspace: 18752K(18880K)->18752K(18880K) NonClass: 16924K(17024K)->16924K(17024K) Class: 1828K(1856K)->1828K(1856K)
[389.659s][info][gc             ] GC(1124) Pause Young (Allocation Failure) 662M->553M(856M) 2.409ms
[389.659s][info][gc,cpu         ] GC(1124) User=0.01s Sys=0.00s Real=0.00s
[389.777s][info][gc,start       ] GC(1125) Pause Young (Allocation Failure)
[389.779s][info][gc,heap        ] GC(1125) PSYoungGen: 111744K(222720K)->128K(218624K) Eden: 111616K(111616K)->0K(111616K) From: 128K(111104K)->128K(107008K)
[389.779s][info][gc,heap        ] GC(1125) ParOldGen: 566882K(654336K)->566986K(654336K)
[389.779s][info][gc,metaspace   ] GC(1125) Metaspace: 18752K(18880K)->18752K(18880K) NonClass: 16924K(17024K)->16924K(17024K) Class: 1828K(1856K)->1828K(1856K)
[389.779s][info][gc             ] GC(1125) Pause Young (Allocation Failure) 662M->553M(852M) 2.394ms
[389.779s][info][gc,cpu         ] GC(1125) User=0.01s Sys=0.00s Real=0.00s
[389.899s][info][gc,start       ] GC(1126) Pause Young (Allocation Failure)
[389.901s][info][gc,heap        ] GC(1126) PSYoungGen: 111744K(218624K)->160K(112128K) Eden: 111616K(111616K)->0K(111616K) From: 128K(107008K)->160K(512K)
[389.901s][info][gc,heap        ] GC(1126) ParOldGen: 566986K(654336K)->566986K(654336K)
[389.901s][info][gc,metaspace   ] GC(1126) Metaspace: 18752K(18880K)->18752K(18880K) NonClass: 16924K(17024K)->16924K(17024K) Class: 1828K(1856K)->1828K(1856K)
[389.901s][info][gc             ] GC(1126) Pause Young (Allocation Failure) 662M->553M(748M) 2.456ms
[389.901s][info][gc,cpu         ] GC(1126) User=0.00s Sys=0.00s Real=0.00s
[390.015s][info][gc,start       ] GC(1127) Pause Young (Allocation Failure)
[390.018s][info][gc,heap        ] GC(1127) PSYoungGen: 111776K(112128K)->288K(209920K) Eden: 111616K(111616K)->0K(114176K) From: 160K(512K)->288K(95744K)
[390.018s][info][gc,heap        ] GC(1127) ParOldGen: 566986K(654336K)->566986K(654336K)
[390.018s][info][gc,metaspace   ] GC(1127) Metaspace: 18752K(18880K)->18752K(18880K) NonClass: 16924K(17024K)->16924K(17024K) Class: 1828K(1856K)->1828K(1856K)
[390.018s][info][gc             ] GC(1127) Pause Young (Allocation Failure) 662M->553M(844M) 2.866ms
[390.018s][info][gc,cpu         ] GC(1127) User=0.00s Sys=0.00s Real=0.00s
[390.141s][info][gc,start       ] GC(1128) Pause Young (Allocation Failure)
[390.144s][info][gc,heap        ] GC(1128) PSYoungGen: 114464K(209920K)->352K(114688K) Eden: 114176K(114176K)->0K(114176K) From: 288K(95744K)->352K(512K)
[390.144s][info][gc,heap        ] GC(1128) ParOldGen: 566986K(654336K)->566986K(654336K)
[390.144s][info][gc,metaspace   ] GC(1128) Metaspace: 18752K(18880K)->18752K(18880K) NonClass: 16924K(17024K)->16924K(17024K) Class: 1828K(1856K)->1828K(1856K)
[390.144s][info][gc             ] GC(1128) Pause Young (Allocation Failure) 665M->554M(751M) 3.254ms
[390.144s][info][gc,cpu         ] GC(1128) User=0.01s Sys=0.00s Real=0.01s
[390.264s][info][gc,start       ] GC(1129) Pause Young (Allocation Failure)
[390.268s][info][gc,heap        ] GC(1129) PSYoungGen: 114528K(114688K)->416K(202752K) Eden: 114176K(114176K)->0K(116224K) From: 352K(512K)->416K(86528K)
[390.268s][info][gc,heap        ] GC(1129) ParOldGen: 566986K(654336K)->566986K(654336K)
[390.268s][info][gc,metaspace   ] GC(1129) Metaspace: 18752K(18880K)->18752K(18880K) NonClass: 16924K(17024K)->16924K(17024K) Class: 1828K(1856K)->1828K(1856K)
[390.268s][info][gc             ] GC(1129) Pause Young (Allocation Failure) 665M->554M(837M) 3.526ms
[390.268s][info][gc,cpu         ] GC(1129) User=0.00s Sys=0.00s Real=0.00s
[390.405s][info][gc,start       ] GC(1130) Pause Young (Allocation Failure)
[390.417s][info][gc,heap        ] GC(1130) PSYoungGen: 116640K(202752K)->3968K(120320K) Eden: 116224K(116224K)->0K(116224K) From: 416K(86528K)->3968K(4096K)
[390.417s][info][gc,heap        ] GC(1130) ParOldGen: 566986K(654336K)->566986K(654336K)
[390.417s][info][gc,metaspace   ] GC(1130) Metaspace: 18752K(18880K)->18752K(18880K) NonClass: 16924K(17024K)->16924K(17024K) Class: 1828K(1856K)->1828K(1856K)
[390.417s][info][gc             ] GC(1130) Pause Young (Allocation Failure) 667M->557M(756M) 12.473ms
[390.417s][info][gc,cpu         ] GC(1130) User=0.03s Sys=0.00s Real=0.01s
[390.557s][info][gc,start       ] GC(1131) Pause Young (Allocation Failure)
[390.599s][info][gc,heap        ] GC(1131) PSYoungGen: 120192K(120320K)->21195K(197632K) Eden: 116224K(116224K)->0K(119808K) From: 3968K(4096K)->21195K(77824K)
[390.599s][info][gc,heap        ] GC(1131) ParOldGen: 566986K(654336K)->566986K(654336K)
[390.599s][info][gc,metaspace   ] GC(1131) Metaspace: 18752K(18880K)->18752K(18880K) NonClass: 16924K(17024K)->16924K(17024K) Class: 1828K(1856K)->1828K(1856K)
[390.599s][info][gc             ] GC(1131) Pause Young (Allocation Failure) 671M->574M(832M) 41.504ms
[390.599s][info][gc,cpu         ] GC(1131) User=0.08s Sys=0.00s Real=0.04s
[390.748s][info][gc,start       ] GC(1132) Pause Young (Allocation Failure)
[390.786s][info][gc,heap        ] GC(1132) PSYoungGen: 141003K(197632K)->21547K(141824K) Eden: 119808K(119808K)->0K(119808K) From: 21195K(77824K)->21547K(22016K)
[390.786s][info][gc,heap        ] GC(1132) ParOldGen: 566986K(654336K)->566986K(654336K)
[390.786s][info][gc,metaspace   ] GC(1132) Metaspace: 18752K(18880K)->18752K(18880K) NonClass: 16924K(17024K)->16924K(17024K) Class: 1828K(1856K)->1828K(1856K)
[390.786s][info][gc             ] GC(1132) Pause Young (Allocation Failure) 691M->574M(777M) 37.626ms
[390.786s][info][gc,cpu         ] GC(1132) User=0.07s Sys=0.00s Real=0.04s
[390.931s][info][gc,start       ] GC(1133) Pause Young (Allocation Failure)
[390.969s][info][gc,heap        ] GC(1133) PSYoungGen: 141355K(141824K)->21547K(193536K) Eden: 119808K(119808K)->0K(124416K) From: 21547K(22016K)->21547K(69120K)
[390.969s][info][gc,heap        ] GC(1133) ParOldGen: 566986K(654336K)->566986K(654336K)
[390.969s][info][gc,metaspace   ] GC(1133) Metaspace: 18752K(18880K)->18752K(18880K) NonClass: 16924K(17024K)->16924K(17024K) Class: 1828K(1856K)->1828K(1856K)
[390.969s][info][gc             ] GC(1133) Pause Young (Allocation Failure) 691M->574M(828M) 37.755ms
[390.969s][info][gc,cpu         ] GC(1133) User=0.07s Sys=0.00s Real=0.04s
[391.121s][info][gc,start       ] GC(1134) Pause Young (Allocation Failure)
[391.159s][info][gc,heap        ] GC(1134) PSYoungGen: 145963K(193536K)->21579K(197120K) Eden: 124416K(124416K)->0K(124416K) From: 21547K(69120K)->21579K(72704K)
[391.159s][info][gc,heap        ] GC(1134) ParOldGen: 566986K(654336K)->566986K(654336K)
[391.159s][info][gc,metaspace   ] GC(1134) Metaspace: 18752K(18880K)->18752K(18880K) NonClass: 16924K(17024K)->16924K(17024K) Class: 1828K(1856K)->1828K(1856K)
[391.159s][info][gc             ] GC(1134) Pause Young (Allocation Failure) 696M->574M(831M) 38.109ms
[391.159s][info][gc,cpu         ] GC(1134) User=0.07s Sys=0.00s Real=0.04s
[391.310s][info][gc,start       ] GC(1135) Pause Young (Allocation Failure)
[391.350s][info][gc,heap        ] GC(1135) PSYoungGen: 145995K(197120K)->21579K(192000K) Eden: 124416K(124416K)->0K(130048K) From: 21579K(72704K)->21579K(61952K)
[391.350s][info][gc,heap        ] GC(1135) ParOldGen: 566986K(654336K)->566986K(654336K)
[391.350s][info][gc,metaspace   ] GC(1135) Metaspace: 18752K(18880K)->18752K(18880K) NonClass: 16924K(17024K)->16924K(17024K) Class: 1828K(1856K)->1828K(1856K)
[391.350s][info][gc             ] GC(1135) Pause Young (Allocation Failure) 696M->574M(826M) 40.035ms
[391.351s][info][gc,cpu         ] GC(1135) User=0.08s Sys=0.00s Real=0.04s
[391.501s][info][gc,start       ] GC(1136) Pause Young (Allocation Failure)
[391.543s][info][gc,heap        ] GC(1136) PSYoungGen: 151627K(192000K)->26347K(195072K) Eden: 130048K(130048K)->0K(130048K) From: 21579K(61952K)->26347K(65024K)
[391.543s][info][gc,heap        ] GC(1136) ParOldGen: 566986K(654336K)->566986K(654336K)
[391.543s][info][gc,metaspace   ] GC(1136) Metaspace: 18752K(18880K)->18752K(18880K) NonClass: 16924K(17024K)->16924K(17024K) Class: 1828K(1856K)->1828K(1856K)
[391.543s][info][gc             ] GC(1136) Pause Young (Allocation Failure) 701M->579M(829M) 42.530ms
[391.543s][info][gc,cpu         ] GC(1136) User=0.08s Sys=0.00s Real=0.05s
[391.657s][info][gc,start       ] GC(1137) Pause Young (Allocation Failure)
[391.720s][info][gc,heap        ] GC(1137) PSYoungGen: 156395K(195072K)->45195K(194560K) Eden: 130048K(130048K)->0K(131072K) From: 26347K(65024K)->45195K(63488K)
[391.720s][info][gc,heap        ] GC(1137) ParOldGen: 566986K(654336K)->566986K(654336K)
[391.720s][info][gc,metaspace   ] GC(1137) Metaspace: 18752K(18880K)->18752K(18880K) NonClass: 16924K(17024K)->16924K(17024K) Class: 1828K(1856K)->1828K(1856K)
[391.720s][info][gc             ] GC(1137) Pause Young (Allocation Failure) 706M->597M(829M) 63.045ms
[391.720s][info][gc,cpu         ] GC(1137) User=0.13s Sys=0.00s Real=0.06s
[391.851s][info][gc,start       ] GC(1138) Pause Young (Allocation Failure)
[391.938s][info][gc,heap        ] GC(1138) PSYoungGen: 176267K(194560K)->59371K(199680K) Eden: 131072K(131072K)->0K(131072K) From: 45195K(63488K)->59371K(68608K)
[391.938s][info][gc,heap        ] GC(1138) ParOldGen: 566986K(654336K)->566986K(654336K)
[391.938s][info][gc,metaspace   ] GC(1138) Metaspace: 18752K(18880K)->18752K(18880K) NonClass: 16924K(17024K)->16924K(17024K) Class: 1828K(1856K)->1828K(1856K)
[391.938s][info][gc             ] GC(1138) Pause Young (Allocation Failure) 725M->611M(834M) 87.765ms
[391.938s][info][gc,cpu         ] GC(1138) User=0.17s Sys=0.00s Real=0.09s
[392.023s][info][gc,start       ] GC(1139) Pause Young (Allocation Failure)
[392.109s][info][gc,heap        ] GC(1139) PSYoungGen: 190443K(199680K)->59883K(210432K) Eden: 131072K(131072K)->0K(132096K) From: 59371K(68608K)->59883K(78336K)
[392.109s][info][gc,heap        ] GC(1139) ParOldGen: 566986K(654336K)->566986K(654336K)
[392.109s][info][gc,metaspace   ] GC(1139) Metaspace: 18752K(18880K)->18752K(18880K) NonClass: 16924K(17024K)->16924K(17024K) Class: 1828K(1856K)->1828K(1856K)
[392.109s][info][gc             ] GC(1139) Pause Young (Allocation Failure) 739M->612M(844M) 86.012ms
[392.109s][info][gc,cpu         ] GC(1139) User=0.15s Sys=0.02s Real=0.08s
[392.233s][info][gc,start       ] GC(1140) Pause Young (Allocation Failure)
[392.313s][info][gc,heap        ] GC(1140) PSYoungGen: 191979K(210432K)->61035K(217600K) Eden: 132096K(132096K)->0K(132096K) From: 59883K(78336K)->61035K(85504K)
[392.313s][info][gc,heap        ] GC(1140) ParOldGen: 566986K(654336K)->567066K(654336K)
[392.313s][info][gc,metaspace   ] GC(1140) Metaspace: 18752K(18880K)->18752K(18880K) NonClass: 16924K(17024K)->16924K(17024K) Class: 1828K(1856K)->1828K(1856K)
[392.313s][info][gc             ] GC(1140) Pause Young (Allocation Failure) 741M->613M(851M) 80.110ms
[392.313s][info][gc,cpu         ] GC(1140) User=0.16s Sys=0.00s Real=0.08s
[392.435s][info][gc,start       ] GC(1141) Pause Young (Allocation Failure)
[392.528s][info][gc,heap        ] GC(1141) PSYoungGen: 193131K(217600K)->64619K(227328K) Eden: 132096K(132096K)->0K(135168K) From: 61035K(85504K)->64619K(92160K)
[392.528s][info][gc,heap        ] GC(1141) ParOldGen: 567066K(654336K)->567146K(654336K)
[392.528s][info][gc,metaspace   ] GC(1141) Metaspace: 18752K(18880K)->18752K(18880K) NonClass: 16924K(17024K)->16924K(17024K) Class: 1828K(1856K)->1828K(1856K)
[392.528s][info][gc             ] GC(1141) Pause Young (Allocation Failure) 742M->616M(861M) 92.534ms
[392.528s][info][gc,cpu         ] GC(1141) User=0.16s Sys=0.02s Real=0.09s
[392.632s][info][gc,start       ] GC(1142) Pause Young (Allocation Failure)
[392.714s][info][gc,heap        ] GC(1142) PSYoungGen: 199787K(227328K)->64555K(200192K) Eden: 135168K(135168K)->0K(135168K) From: 64619K(92160K)->64555K(65024K)
[392.714s][info][gc,heap        ] GC(1142) ParOldGen: 567146K(654336K)->567250K(654336K)
[392.714s][info][gc,metaspace   ] GC(1142) Metaspace: 18752K(18880K)->18752K(18880K) NonClass: 16924K(17024K)->16924K(17024K) Class: 1828K(1856K)->1828K(1856K)
[392.714s][info][gc             ] GC(1142) Pause Young (Allocation Failure) 748M->616M(834M) 81.472ms
[392.714s][info][gc,cpu         ] GC(1142) User=0.16s Sys=0.00s Real=0.08s
[392.831s][info][gc,start       ] GC(1143) Pause Young (Allocation Failure)
[392.946s][info][gc,heap        ] GC(1143) PSYoungGen: 199723K(200192K)->86891K(214016K) Eden: 135168K(135168K)->0K(111616K) From: 64555K(65024K)->86891K(102400K)
[392.946s][info][gc,heap        ] GC(1143) ParOldGen: 567250K(654336K)->567346K(654336K)
[392.946s][info][gc,metaspace   ] GC(1143) Metaspace: 18752K(18880K)->18752K(18880K) NonClass: 16924K(17024K)->16924K(17024K) Class: 1828K(1856K)->1828K(1856K)
[392.946s][info][gc             ] GC(1143) Pause Young (Allocation Failure) 748M->638M(848M) 115.095ms
[392.946s][info][gc,cpu         ] GC(1143) User=0.22s Sys=0.01s Real=0.12s
[393.047s][info][gc,start       ] GC(1144) Pause Young (Allocation Failure)
[393.174s][info][gc,heap        ] GC(1144) PSYoungGen: 198507K(214016K)->107324K(222720K) Eden: 111616K(111616K)->0K(111616K) From: 86891K(102400K)->107324K(111104K)
[393.174s][info][gc,heap        ] GC(1144) ParOldGen: 567346K(654336K)->570962K(654336K)
[393.174s][info][gc,metaspace   ] GC(1144) Metaspace: 18752K(18880K)->18752K(18880K) NonClass: 16924K(17024K)->16924K(17024K) Class: 1828K(1856K)->1828K(1856K)
[393.174s][info][gc             ] GC(1144) Pause Young (Allocation Failure) 747M->662M(856M) 126.982ms
[393.174s][info][gc,cpu         ] GC(1144) User=0.25s Sys=0.00s Real=0.13s
[393.279s][info][gc,start       ] GC(1145) Pause Young (Allocation Failure)
[393.426s][info][gc,heap        ] GC(1145) PSYoungGen: 218940K(222720K)->106592K(222720K) Eden: 111616K(111616K)->0K(111616K) From: 107324K(111104K)->106592K(111104K)
[393.426s][info][gc,heap        ] GC(1145) ParOldGen: 570962K(654336K)->588617K(654336K)
[393.426s][info][gc,metaspace   ] GC(1145) Metaspace: 18752K(18880K)->18752K(18880K) NonClass: 16924K(17024K)->16924K(17024K) Class: 1828K(1856K)->1828K(1856K)
[393.426s][info][gc             ] GC(1145) Pause Young (Allocation Failure) 771M->678M(856M) 147.049ms
[393.426s][info][gc,cpu         ] GC(1145) User=0.28s Sys=0.01s Real=0.15s
[393.514s][info][gc,start       ] GC(1146) Pause Young (Allocation Failure)
[393.628s][info][gc,heap        ] GC(1146) PSYoungGen: 218208K(222720K)->111072K(222720K) Eden: 111616K(111616K)->0K(111616K) From: 106592K(111104K)->111072K(111104K)
[393.628s][info][gc,heap        ] GC(1146) ParOldGen: 588617K(654336K)->590185K(654336K)
[393.628s][info][gc,metaspace   ] GC(1146) Metaspace: 18752K(18880K)->18752K(18880K) NonClass: 16924K(17024K)->16924K(17024K) Class: 1828K(1856K)->1828K(1856K)
[393.628s][info][gc             ] GC(1146) Pause Young (Allocation Failure) 787M->684M(856M) 114.365ms
[393.628s][info][gc,cpu         ] GC(1146) User=0.23s Sys=0.00s Real=0.11s
[393.775s][info][gc,start       ] GC(1147) Pause Young (Allocation Failure)
[393.891s][info][gc,heap        ] GC(1147) PSYoungGen: 222688K(222720K)->108176K(222720K) Eden: 111616K(111616K)->0K(111616K) From: 111072K(111104K)->108176K(111104K)
[393.891s][info][gc,heap        ] GC(1147) ParOldGen: 590185K(654336K)->595001K(654336K)
[393.891s][info][gc,metaspace   ] GC(1147) Metaspace: 18752K(18880K)->18752K(18880K) NonClass: 16924K(17024K)->16924K(17024K) Class: 1828K(1856K)->1828K(1856K)
[393.891s][info][gc             ] GC(1147) Pause Young (Allocation Failure) 793M->686M(856M) 115.586ms
[393.891s][info][gc,cpu         ] GC(1147) User=0.23s Sys=0.00s Real=0.11s
[394.036s][info][gc,start       ] GC(1148) Pause Young (Allocation Failure)
[394.167s][info][gc,heap        ] GC(1148) PSYoungGen: 219792K(222720K)->80496K(222720K) Eden: 111616K(111616K)->0K(111616K) From: 108176K(111104K)->80496K(111104K)
[394.167s][info][gc,heap        ] GC(1148) ParOldGen: 595001K(654336K)->628097K(654336K)
[394.167s][info][gc,metaspace   ] GC(1148) Metaspace: 18752K(18880K)->18752K(18880K) NonClass: 16924K(17024K)->16924K(17024K) Class: 1828K(1856K)->1828K(1856K)
[394.167s][info][gc             ] GC(1148) Pause Young (Allocation Failure) 795M->691M(856M) 130.960ms
[394.167s][info][gc,cpu         ] GC(1148) User=0.26s Sys=0.00s Real=0.13s
[394.292s][info][gc,start       ] GC(1149) Pause Full (Allocation Failure)
[394.292s][info][gc,phases,start] GC(1149) Marking Phase
[394.581s][info][gc,phases      ] GC(1149) Marking Phase 289.334ms
[394.581s][info][gc,phases,start] GC(1149) Summary Phase
[394.581s][info][gc,phases      ] GC(1149) Summary Phase 0.035ms
[394.581s][info][gc,phases,start] GC(1149) Forward
[394.687s][info][gc,phases      ] GC(1149) Forward 105.836ms
[394.687s][info][gc,phases,start] GC(1149) Adjust Pointers
[394.901s][info][gc,phases      ] GC(1149) Adjust Pointers 213.500ms
[394.901s][info][gc,phases,start] GC(1149) Compaction Phase
[395.029s][info][gc,phases      ] GC(1149) Compaction Phase 128.276ms
[395.041s][info][gc,phases,start] GC(1149) Post Compact
[395.043s][info][gc,phases      ] GC(1149) Post Compact 2.444ms
[395.045s][info][gc,heap        ] GC(1149) PSYoungGen: 192112K(222720K)->0K(222720K) Eden: 111616K(111616K)->0K(111616K) From: 80496K(111104K)->0K(111104K)
[395.045s][info][gc,heap        ] GC(1149) ParOldGen: 628097K(654336K)->376921K(635904K)
[395.045s][info][gc,metaspace   ] GC(1149) Metaspace: 18752K(18880K)->18752K(18880K) NonClass: 16924K(17024K)->16924K(17024K) Class: 1828K(1856K)->1828K(1856K)
[395.045s][info][gc             ] GC(1149) Pause Full (Allocation Failure) 800M->368M(838M) 752.897ms
[395.045s][info][gc,cpu         ] GC(1149) User=1.37s Sys=0.01s Real=0.76s
[395.114s][info][gc,start       ] GC(1150) Pause Young (Allocation Failure)
[395.115s][info][gc,heap        ] GC(1150) PSYoungGen: 111616K(222720K)->64K(222720K) Eden: 111616K(111616K)->0K(111616K) From: 0K(111104K)->64K(111104K)
[395.115s][info][gc,heap        ] GC(1150) ParOldGen: 376921K(635904K)->376921K(635904K)
[395.115s][info][gc,metaspace   ] GC(1150) Metaspace: 18752K(18880K)->18752K(18880K) NonClass: 16924K(17024K)->16924K(17024K) Class: 1828K(1856K)->1828K(1856K)
[395.115s][info][gc             ] GC(1150) Pause Young (Allocation Failure) 477M->368M(838M) 1.594ms
[395.115s][info][gc,cpu         ] GC(1150) User=0.00s Sys=0.00s Real=0.00s
[395.312s][info][gc,start       ] GC(1151) Pause Young (Allocation Failure)
[395.325s][info][gc,heap        ] GC(1151) PSYoungGen: 111680K(222720K)->7776K(222720K) Eden: 111616K(111616K)->0K(111616K) From: 64K(111104K)->7776K(111104K)
[395.325s][info][gc,heap        ] GC(1151) ParOldGen: 376921K(635904K)->376921K(635904K)
[395.325s][info][gc,metaspace   ] GC(1151) Metaspace: 18752K(18880K)->18752K(18880K) NonClass: 16924K(17024K)->16924K(17024K) Class: 1828K(1856K)->1828K(1856K)
[395.325s][info][gc             ] GC(1151) Pause Young (Allocation Failure) 477M->375M(838M) 13.051ms
[395.325s][info][gc,cpu         ] GC(1151) User=0.02s Sys=0.00s Real=0.02s
[395.468s][info][gc,start       ] GC(1152) Pause Young (Allocation Failure)
[395.487s][info][gc,heap        ] GC(1152) PSYoungGen: 119392K(222720K)->16576K(222720K) Eden: 111616K(111616K)->0K(111616K) From: 7776K(111104K)->16576K(111104K)
[395.487s][info][gc,heap        ] GC(1152) ParOldGen: 376921K(635904K)->376921K(635904K)
[395.487s][info][gc,metaspace   ] GC(1152) Metaspace: 18752K(18880K)->18752K(18880K) NonClass: 16924K(17024K)->16924K(17024K) Class: 1828K(1856K)->1828K(1856K)
[395.487s][info][gc             ] GC(1152) Pause Young (Allocation Failure) 484M->384M(838M) 19.078ms
[395.487s][info][gc,cpu         ] GC(1152) User=0.04s Sys=0.00s Real=0.02s
[395.832s][info][gc,start       ] GC(1153) Pause Young (Allocation Failure)
[395.850s][info][gc,heap        ] GC(1153) PSYoungGen: 128192K(222720K)->16640K(222720K) Eden: 111616K(111616K)->0K(111616K) From: 16576K(111104K)->16640K(111104K)
[395.850s][info][gc,heap        ] GC(1153) ParOldGen: 376921K(635904K)->376921K(635904K)
[395.851s][info][gc,metaspace   ] GC(1153) Metaspace: 18752K(18880K)->18752K(18880K) NonClass: 16924K(17024K)->16924K(17024K) Class: 1828K(1856K)->1828K(1856K)
[395.851s][info][gc             ] GC(1153) Pause Young (Allocation Failure) 493M->384M(838M) 18.715ms
[395.851s][info][gc,cpu         ] GC(1153) User=0.03s Sys=0.00s Real=0.02s
[396.120s][info][gc,start       ] GC(1154) Pause Young (Allocation Failure)
[396.140s][info][gc,heap        ] GC(1154) PSYoungGen: 128256K(222720K)->16832K(222720K) Eden: 111616K(111616K)->0K(111616K) From: 16640K(111104K)->16832K(111104K)
[396.140s][info][gc,heap        ] GC(1154) ParOldGen: 376921K(635904K)->376921K(635904K)
[396.140s][info][gc,metaspace   ] GC(1154) Metaspace: 18752K(18880K)->18752K(18880K) NonClass: 16924K(17024K)->16924K(17024K) Class: 1828K(1856K)->1828K(1856K)
[396.140s][info][gc             ] GC(1154) Pause Young (Allocation Failure) 493M->384M(838M) 19.533ms
[396.140s][info][gc,cpu         ] GC(1154) User=0.04s Sys=0.00s Real=0.02s
[396.408s][info][gc,start       ] GC(1155) Pause Young (Allocation Failure)
[396.427s][info][gc,heap        ] GC(1155) PSYoungGen: 128448K(222720K)->9136K(222720K) Eden: 111616K(111616K)->0K(111616K) From: 16832K(111104K)->9136K(111104K)
[396.427s][info][gc,heap        ] GC(1155) ParOldGen: 376921K(635904K)->384673K(635904K)
[396.427s][info][gc,metaspace   ] GC(1155) Metaspace: 18753K(18880K)->18753K(18880K) NonClass: 16924K(17024K)->16924K(17024K) Class: 1828K(1856K)->1828K(1856K)
[396.427s][info][gc             ] GC(1155) Pause Young (Allocation Failure) 493M->384M(838M) 18.978ms
[396.427s][info][gc,cpu         ] GC(1155) User=0.04s Sys=0.00s Real=0.02s
[396.662s][info][gc,start       ] GC(1156) Pause Young (Allocation Failure)
[396.674s][info][gc,heap        ] GC(1156) PSYoungGen: 120752K(222720K)->272K(222720K) Eden: 111616K(111616K)->0K(111616K) From: 9136K(111104K)->272K(111104K)
[396.674s][info][gc,heap        ] GC(1156) ParOldGen: 384673K(635904K)->393577K(635904K)
[396.674s][info][gc,metaspace   ] GC(1156) Metaspace: 18753K(18880K)->18753K(18880K) NonClass: 16924K(17024K)->16924K(17024K) Class: 1828K(1856K)->1828K(1856K)
[396.674s][info][gc             ] GC(1156) Pause Young (Allocation Failure) 493M->384M(838M) 12.209ms
[396.674s][info][gc,cpu         ] GC(1156) User=0.03s Sys=0.00s Real=0.02s
[396.974s][info][gc,start       ] GC(1157) Pause Young (Allocation Failure)
[396.976s][info][gc,heap        ] GC(1157) PSYoungGen: 111888K(222720K)->96K(222720K) Eden: 111616K(111616K)->0K(111616K) From: 272K(111104K)->96K(111104K)
[396.976s][info][gc,heap        ] GC(1157) ParOldGen: 393577K(635904K)->393809K(635904K)
[396.976s][info][gc,metaspace   ] GC(1157) Metaspace: 18753K(18880K)->18753K(18880K) NonClass: 16924K(17024K)->16924K(17024K) Class: 1828K(1856K)->1828K(1856K)
[396.976s][info][gc             ] GC(1157) Pause Young (Allocation Failure) 493M->384M(838M) 2.572ms
[396.976s][info][gc,cpu         ] GC(1157) User=0.01s Sys=0.00s Real=0.00s
[397.169s][info][gc,start       ] GC(1158) Pause Young (Allocation Failure)
[397.177s][info][gc,heap        ] GC(1158) PSYoungGen: 111712K(222720K)->5632K(222720K) Eden: 111616K(111616K)->0K(111616K) From: 96K(111104K)->5632K(111104K)
[397.177s][info][gc,heap        ] GC(1158) ParOldGen: 393809K(635904K)->393897K(635904K)
[397.177s][info][gc,metaspace   ] GC(1158) Metaspace: 18753K(18880K)->18753K(18880K) NonClass: 16924K(17024K)->16924K(17024K) Class: 1828K(1856K)->1828K(1856K)
[397.177s][info][gc             ] GC(1158) Pause Young (Allocation Failure) 493M->390M(838M) 7.850ms
[397.177s][info][gc,cpu         ] GC(1158) User=0.01s Sys=0.00s Real=0.01s
[397.342s][info][gc,start       ] GC(1159) Pause Young (Allocation Failure)
[397.372s][info][gc,heap        ] GC(1159) PSYoungGen: 117248K(222720K)->30544K(222720K) Eden: 111616K(111616K)->0K(111616K) From: 5632K(111104K)->30544K(111104K)
[397.372s][info][gc,heap        ] GC(1159) ParOldGen: 393897K(635904K)->399521K(635904K)
[397.372s][info][gc,metaspace   ] GC(1159) Metaspace: 18753K(18880K)->18753K(18880K) NonClass: 16924K(17024K)->16924K(17024K) Class: 1828K(1856K)->1828K(1856K)
[397.372s][info][gc             ] GC(1159) Pause Young (Allocation Failure) 499M->419M(838M) 30.549ms
[397.372s][info][gc,cpu         ] GC(1159) User=0.06s Sys=0.00s Real=0.04s
[397.440s][info][gc,start       ] GC(1160) Pause Young (Allocation Failure)
[397.492s][info][gc,heap        ] GC(1160) PSYoungGen: 142160K(222720K)->43872K(222720K) Eden: 111616K(111616K)->0K(111616K) From: 30544K(111104K)->43872K(111104K)
[397.492s][info][gc,heap        ] GC(1160) ParOldGen: 399521K(635904K)->430386K(635904K)
[397.492s][info][gc,metaspace   ] GC(1160) Metaspace: 18753K(18880K)->18753K(18880K) NonClass: 16924K(17024K)->16924K(17024K) Class: 1828K(1856K)->1828K(1856K)
[397.492s][info][gc             ] GC(1160) Pause Young (Allocation Failure) 528M->463M(838M) 52.444ms
[397.492s][info][gc,cpu         ] GC(1160) User=0.11s Sys=0.00s Real=0.06s
[397.561s][info][gc,start       ] GC(1161) Pause Young (Allocation Failure)
[397.621s][info][gc,heap        ] GC(1161) PSYoungGen: 155488K(222720K)->43008K(222720K) Eden: 111616K(111616K)->0K(111616K) From: 43872K(111104K)->43008K(111104K)
[397.621s][info][gc,heap        ] GC(1161) ParOldGen: 430386K(635904K)->474762K(635904K)
[397.621s][info][gc,metaspace   ] GC(1161) Metaspace: 18753K(18880K)->18753K(18880K) NonClass: 16924K(17024K)->16924K(17024K) Class: 1828K(1856K)->1828K(1856K)
[397.621s][info][gc             ] GC(1161) Pause Young (Allocation Failure) 572M->505M(838M) 59.604ms
[397.621s][info][gc,cpu         ] GC(1161) User=0.12s Sys=0.00s Real=0.06s
[397.777s][info][gc,start       ] GC(1162) Pause Young (Allocation Failure)
[397.828s][info][gc,heap        ] GC(1162) PSYoungGen: 154624K(222720K)->24992K(136704K) Eden: 111616K(111616K)->0K(111616K) From: 43008K(111104K)->24992K(25088K)
[397.828s][info][gc,heap        ] GC(1162) ParOldGen: 474762K(635904K)->518278K(635904K)
[397.828s][info][gc,metaspace   ] GC(1162) Metaspace: 18753K(18880K)->18753K(18880K) NonClass: 16924K(17024K)->16924K(17024K) Class: 1828K(1856K)->1828K(1856K)
[397.828s][info][gc             ] GC(1162) Pause Young (Allocation Failure) 614M->530M(754M) 50.780ms
[397.828s][info][gc,cpu         ] GC(1162) User=0.10s Sys=0.00s Real=0.05s
[397.979s][info][gc,start       ] GC(1163) Pause Young (Allocation Failure)
[398.032s][info][gc,heap        ] GC(1163) PSYoungGen: 136608K(136704K)->66405K(211456K) Eden: 111616K(111616K)->0K(105984K) From: 24992K(25088K)->66405K(105472K)
[398.032s][info][gc,heap        ] GC(1163) ParOldGen: 518278K(635904K)->518278K(635904K)
[398.032s][info][gc,metaspace   ] GC(1163) Metaspace: 18753K(18880K)->18753K(18880K) NonClass: 16924K(17024K)->16924K(17024K) Class: 1828K(1856K)->1828K(1856K)
[398.032s][info][gc             ] GC(1163) Pause Young (Allocation Failure) 639M->570M(827M) 52.563ms
[398.032s][info][gc,cpu         ] GC(1163) User=0.11s Sys=0.00s Real=0.05s
[398.205s][info][gc,start       ] GC(1164) Pause Young (Allocation Failure)
[398.273s][info][gc,heap        ] GC(1164) PSYoungGen: 172389K(211456K)->91621K(217088K) Eden: 105984K(105984K)->0K(105984K) From: 66405K(105472K)->91621K(111104K)
[398.273s][info][gc,heap        ] GC(1164) ParOldGen: 518278K(635904K)->518278K(635904K)
[398.273s][info][gc,metaspace   ] GC(1164) Metaspace: 18753K(18880K)->18753K(18880K) NonClass: 16924K(17024K)->16924K(17024K) Class: 1828K(1856K)->1828K(1856K)
[398.273s][info][gc             ] GC(1164) Pause Young (Allocation Failure) 674M->595M(833M) 68.223ms
[398.273s][info][gc,cpu         ] GC(1164) User=0.13s Sys=0.00s Real=0.07s
[398.371s][info][gc,start       ] GC(1165) Pause Young (Allocation Failure)
[398.468s][info][gc,heap        ] GC(1165) PSYoungGen: 197605K(217088K)->41280K(222720K) Eden: 105984K(105984K)->0K(111616K) From: 91621K(111104K)->41280K(111104K)
[398.468s][info][gc,heap        ] GC(1165) ParOldGen: 518278K(635904K)->585309K(635904K)
[398.468s][info][gc,metaspace   ] GC(1165) Metaspace: 18753K(18880K)->18753K(18880K) NonClass: 16924K(17024K)->16924K(17024K) Class: 1828K(1856K)->1828K(1856K)
[398.468s][info][gc             ] GC(1165) Pause Young (Allocation Failure) 699M->611M(838M) 97.359ms
[398.468s][info][gc,cpu         ] GC(1165) User=0.19s Sys=0.00s Real=0.10s
[398.580s][info][gc,start       ] GC(1166) Pause Young (Allocation Failure)
[398.650s][info][gc,heap        ] GC(1166) PSYoungGen: 152896K(222720K)->2400K(222720K) Eden: 111616K(111616K)->0K(111616K) From: 41280K(111104K)->2400K(111104K)
[398.650s][info][gc,heap        ] GC(1166) ParOldGen: 585309K(635904K)->626885K(635904K)
[398.650s][info][gc,metaspace   ] GC(1166) Metaspace: 18753K(18880K)->18753K(18880K) NonClass: 16924K(17024K)->16924K(17024K) Class: 1828K(1856K)->1828K(1856K)
[398.650s][info][gc             ] GC(1166) Pause Young (Allocation Failure) 720M->614M(838M) 70.257ms
[398.650s][info][gc,cpu         ] GC(1166) User=0.14s Sys=0.00s Real=0.07s
[398.813s][info][gc,start       ] GC(1167) Pause Full (Allocation Failure)
[398.813s][info][gc,phases,start] GC(1167) Marking Phase
[399.152s][info][gc,phases      ] GC(1167) Marking Phase 338.867ms
[399.152s][info][gc,phases,start] GC(1167) Summary Phase
[399.152s][info][gc,phases      ] GC(1167) Summary Phase 0.034ms
[399.152s][info][gc,phases,start] GC(1167) Forward
[399.261s][info][gc,phases      ] GC(1167) Forward 109.057ms
[399.262s][info][gc,phases,start] GC(1167) Adjust Pointers
[399.530s][info][gc,phases      ] GC(1167) Adjust Pointers 267.982ms
[399.530s][info][gc,phases,start] GC(1167) Compaction Phase
[399.681s][info][gc,phases      ] GC(1167) Compaction Phase 151.765ms
[399.697s][info][gc,phases,start] GC(1167) Post Compact
[399.699s][info][gc,phases      ] GC(1167) Post Compact 2.314ms
[399.699s][info][gc,heap        ] GC(1167) PSYoungGen: 114016K(222720K)->0K(222720K) Eden: 111616K(111616K)->0K(111616K) From: 2400K(111104K)->0K(111104K)
[399.699s][info][gc,heap        ] GC(1167) ParOldGen: 626885K(635904K)->489053K(667648K)
[399.700s][info][gc,metaspace   ] GC(1167) Metaspace: 18753K(18880K)->18753K(18880K) NonClass: 16924K(17024K)->16924K(17024K) Class: 1828K(1856K)->1828K(1856K)
[399.700s][info][gc             ] GC(1167) Pause Full (Allocation Failure) 723M->477M(869M) 886.167ms
[399.700s][info][gc,cpu         ] GC(1167) User=1.67s Sys=0.01s Real=0.88s
[399.837s][info][gc,start       ] GC(1168) Pause Young (Allocation Failure)
[399.843s][info][gc,heap        ] GC(1168) PSYoungGen: 111616K(222720K)->352K(222720K) Eden: 111616K(111616K)->0K(111616K) From: 0K(111104K)->352K(111104K)
[399.843s][info][gc,heap        ] GC(1168) ParOldGen: 489053K(667648K)->489053K(667648K)
[399.843s][info][gc,metaspace   ] GC(1168) Metaspace: 18753K(18880K)->18753K(18880K) NonClass: 16924K(17024K)->16924K(17024K) Class: 1828K(1856K)->1828K(1856K)
[399.843s][info][gc             ] GC(1168) Pause Young (Allocation Failure) 586M->477M(869M) 6.008ms
[399.843s][info][gc,cpu         ] GC(1168) User=0.01s Sys=0.00s Real=0.01s
[399.981s][info][gc,start       ] GC(1169) Pause Young (Allocation Failure)
[399.984s][info][gc,heap        ] GC(1169) PSYoungGen: 111968K(222720K)->64K(222720K) Eden: 111616K(111616K)->0K(111616K) From: 352K(111104K)->64K(111104K)
[399.984s][info][gc,heap        ] GC(1169) ParOldGen: 489053K(667648K)->489381K(667648K)
[399.984s][info][gc,metaspace   ] GC(1169) Metaspace: 18753K(18880K)->18753K(18880K) NonClass: 16924K(17024K)->16924K(17024K) Class: 1828K(1856K)->1828K(1856K)
[399.984s][info][gc             ] GC(1169) Pause Young (Allocation Failure) 586M->477M(869M) 2.843ms
[399.984s][info][gc,cpu         ] GC(1169) User=0.01s Sys=0.00s Real=0.01s
[400.120s][info][gc,start       ] GC(1170) Pause Young (Allocation Failure)
[400.122s][info][gc,heap        ] GC(1170) PSYoungGen: 111680K(222720K)->64K(112128K) Eden: 111616K(111616K)->0K(111616K) From: 64K(111104K)->64K(512K)
[400.122s][info][gc,heap        ] GC(1170) ParOldGen: 489381K(667648K)->489381K(667648K)
[400.122s][info][gc,metaspace   ] GC(1170) Metaspace: 18753K(18880K)->18753K(18880K) NonClass: 16924K(17024K)->16924K(17024K) Class: 1828K(1856K)->1828K(1856K)
[400.122s][info][gc             ] GC(1170) Pause Young (Allocation Failure) 586M->477M(761M) 1.835ms
[400.122s][info][gc,cpu         ] GC(1170) User=0.00s Sys=0.00s Real=0.01s
[400.258s][info][gc,start       ] GC(1171) Pause Young (Allocation Failure)
[400.259s][info][gc,heap        ] GC(1171) PSYoungGen: 111680K(112128K)->64K(221696K) Eden: 111616K(111616K)->0K(115200K) From: 64K(512K)->64K(106496K)
[400.260s][info][gc,heap        ] GC(1171) ParOldGen: 489381K(667648K)->489381K(667648K)
[400.260s][info][gc,metaspace   ] GC(1171) Metaspace: 18753K(18880K)->18753K(18880K) NonClass: 16924K(17024K)->16924K(17024K) Class: 1828K(1856K)->1828K(1856K)
[400.260s][info][gc             ] GC(1171) Pause Young (Allocation Failure) 586M->477M(868M) 1.833ms
[400.260s][info][gc,cpu         ] GC(1171) User=0.01s Sys=0.00s Real=0.00s
[400.401s][info][gc,start       ] GC(1172) Pause Young (Allocation Failure)
[400.402s][info][gc,heap        ] GC(1172) PSYoungGen: 115264K(221696K)->64K(220160K) Eden: 115200K(115200K)->0K(115200K) From: 64K(106496K)->64K(104960K)
[400.403s][info][gc,heap        ] GC(1172) ParOldGen: 489381K(667648K)->489381K(667648K)
[400.403s][info][gc,metaspace   ] GC(1172) Metaspace: 18753K(18880K)->18753K(18880K) NonClass: 16924K(17024K)->16924K(17024K) Class: 1828K(1856K)->1828K(1856K)
[400.403s][info][gc             ] GC(1172) Pause Young (Allocation Failure) 590M->477M(867M) 1.901ms
[400.403s][info][gc,cpu         ] GC(1172) User=0.00s Sys=0.00s Real=0.01s
[400.543s][info][gc,start       ] GC(1173) Pause Young (Allocation Failure)
[400.545s][info][gc,heap        ] GC(1173) PSYoungGen: 115264K(220160K)->64K(210944K) Eden: 115200K(115200K)->0K(118784K) From: 64K(104960K)->64K(92160K)
[400.546s][info][gc,heap        ] GC(1173) ParOldGen: 489381K(667648K)->489381K(667648K)
[400.546s][info][gc,metaspace   ] GC(1173) Metaspace: 18753K(18880K)->18753K(18880K) NonClass: 16924K(17024K)->16924K(17024K) Class: 1828K(1856K)->1828K(1856K)
[400.546s][info][gc             ] GC(1173) Pause Young (Allocation Failure) 590M->477M(858M) 2.476ms
[400.546s][info][gc,cpu         ] GC(1173) User=0.00s Sys=0.00s Real=0.00s
[400.692s][info][gc,start       ] GC(1174) Pause Young (Allocation Failure)
[400.694s][info][gc,heap        ] GC(1174) PSYoungGen: 118848K(210944K)->64K(119296K) Eden: 118784K(118784K)->0K(118784K) From: 64K(92160K)->64K(512K)
[400.694s][info][gc,heap        ] GC(1174) ParOldGen: 489381K(667648K)->489381K(667648K)
[400.695s][info][gc,metaspace   ] GC(1174) Metaspace: 18753K(18880K)->18753K(18880K) NonClass: 16924K(17024K)->16924K(17024K) Class: 1828K(1856K)->1828K(1856K)
[400.695s][info][gc             ] GC(1174) Pause Young (Allocation Failure) 593M->477M(768M) 2.225ms
[400.695s][info][gc,cpu         ] GC(1174) User=0.00s Sys=0.00s Real=0.00s
[400.843s][info][gc,start       ] GC(1175) Pause Young (Allocation Failure)
[400.846s][info][gc,heap        ] GC(1175) PSYoungGen: 118848K(119296K)->64K(204288K) Eden: 118784K(118784K)->0K(121344K) From: 64K(512K)->64K(82944K)
[400.846s][info][gc,heap        ] GC(1175) ParOldGen: 489381K(667648K)->489381K(667648K)
[400.846s][info][gc,metaspace   ] GC(1175) Metaspace: 18753K(18880K)->18753K(18880K) NonClass: 16924K(17024K)->16924K(17024K) Class: 1828K(1856K)->1828K(1856K)
[400.846s][info][gc             ] GC(1175) Pause Young (Allocation Failure) 593M->477M(851M) 2.844ms
[400.846s][info][gc,cpu         ] GC(1175) User=0.00s Sys=0.00s Real=0.00s
[400.996s][info][gc,start       ] GC(1176) Pause Young (Allocation Failure)
[400.998s][info][gc,heap        ] GC(1176) PSYoungGen: 121408K(204288K)->64K(121856K) Eden: 121344K(121344K)->0K(121344K) From: 64K(82944K)->64K(512K)
[400.998s][info][gc,heap        ] GC(1176) ParOldGen: 489381K(667648K)->489381K(667648K)
[400.998s][info][gc,metaspace   ] GC(1176) Metaspace: 18753K(18880K)->18753K(18880K) NonClass: 16924K(17024K)->16924K(17024K) Class: 1828K(1856K)->1828K(1856K)
[400.998s][info][gc             ] GC(1176) Pause Young (Allocation Failure) 596M->477M(771M) 2.743ms
[400.998s][info][gc,cpu         ] GC(1176) User=0.00s Sys=0.00s Real=0.00s
[401.148s][info][gc,start       ] GC(1177) Pause Young (Allocation Failure)
[401.151s][info][gc,heap        ] GC(1177) PSYoungGen: 121408K(121856K)->64K(198144K) Eden: 121344K(121344K)->0K(123392K) From: 64K(512K)->64K(74752K)
[401.151s][info][gc,heap        ] GC(1177) ParOldGen: 489381K(667648K)->489381K(667648K)
[401.151s][info][gc,metaspace   ] GC(1177) Metaspace: 18753K(18880K)->18753K(18880K) NonClass: 16924K(17024K)->16924K(17024K) Class: 1828K(1856K)->1828K(1856K)
[401.151s][info][gc             ] GC(1177) Pause Young (Allocation Failure) 596M->477M(845M) 2.982ms
[401.151s][info][gc,cpu         ] GC(1177) User=0.00s Sys=0.01s Real=0.00s
[401.286s][info][gc,start       ] GC(1178) Pause Young (Allocation Failure)
[401.301s][info][gc,heap        ] GC(1178) PSYoungGen: 123456K(198144K)->9184K(132608K) Eden: 123392K(123392K)->0K(123392K) From: 64K(74752K)->9184K(9216K)
[401.301s][info][gc,heap        ] GC(1178) ParOldGen: 489381K(667648K)->489381K(667648K)
[401.301s][info][gc,metaspace   ] GC(1178) Metaspace: 18753K(18880K)->18753K(18880K) NonClass: 16924K(17024K)->16924K(17024K) Class: 1828K(1856K)->1828K(1856K)
[401.301s][info][gc             ] GC(1178) Pause Young (Allocation Failure) 598M->486M(781M) 14.712ms
[401.301s][info][gc,cpu         ] GC(1178) User=0.02s Sys=0.00s Real=0.01s
[401.410s][info][gc,start       ] GC(1179) Pause Young (Allocation Failure)
[401.437s][info][gc,heap        ] GC(1179) PSYoungGen: 132576K(132608K)->24032K(199168K) Eden: 123392K(123392K)->0K(127488K) From: 9184K(9216K)->24032K(71680K)
[401.437s][info][gc,heap        ] GC(1179) ParOldGen: 489381K(667648K)->489381K(667648K)
[401.437s][info][gc,metaspace   ] GC(1179) Metaspace: 18753K(18880K)->18753K(18880K) NonClass: 16924K(17024K)->16924K(17024K) Class: 1828K(1856K)->1828K(1856K)
[401.437s][info][gc             ] GC(1179) Pause Young (Allocation Failure) 607M->501M(846M) 26.833ms
[401.437s][info][gc,cpu         ] GC(1179) User=0.05s Sys=0.00s Real=0.03s
[401.540s][info][gc,start       ] GC(1180) Pause Young (Allocation Failure)
[401.575s][info][gc,heap        ] GC(1180) PSYoungGen: 151520K(199168K)->32416K(199168K) Eden: 127488K(127488K)->0K(127488K) From: 24032K(71680K)->32416K(71680K)
[401.575s][info][gc,heap        ] GC(1180) ParOldGen: 489381K(667648K)->489381K(667648K)
[401.575s][info][gc,metaspace   ] GC(1180) Metaspace: 18753K(18880K)->18753K(18880K) NonClass: 16924K(17024K)->16924K(17024K) Class: 1828K(1856K)->1828K(1856K)
[401.575s][info][gc             ] GC(1180) Pause Young (Allocation Failure) 625M->509M(846M) 35.061ms
[401.575s][info][gc,cpu         ] GC(1180) User=0.06s Sys=0.00s Real=0.04s
[401.682s][info][gc,start       ] GC(1181) Pause Young (Allocation Failure)
[401.718s][info][gc,heap        ] GC(1181) PSYoungGen: 159904K(199168K)->33760K(205312K) Eden: 127488K(127488K)->0K(132608K) From: 32416K(71680K)->33760K(72704K)
[401.718s][info][gc,heap        ] GC(1181) ParOldGen: 489381K(667648K)->489381K(667648K)
[401.718s][info][gc,metaspace   ] GC(1181) Metaspace: 18753K(18880K)->18753K(18880K) NonClass: 16924K(17024K)->16924K(17024K) Class: 1828K(1856K)->1828K(1856K)
[401.718s][info][gc             ] GC(1181) Pause Young (Allocation Failure) 634M->510M(852M) 35.761ms
[401.718s][info][gc,cpu         ] GC(1181) User=0.07s Sys=0.00s Real=0.03s
[401.828s][info][gc,start       ] GC(1182) Pause Young (Allocation Failure)
[401.866s][info][gc,heap        ] GC(1182) PSYoungGen: 166368K(205312K)->35264K(206336K) Eden: 132608K(132608K)->0K(132608K) From: 33760K(72704K)->35264K(73728K)
[401.866s][info][gc,heap        ] GC(1182) ParOldGen: 489381K(667648K)->489381K(667648K)
[401.866s][info][gc,metaspace   ] GC(1182) Metaspace: 18753K(18880K)->18753K(18880K) NonClass: 16924K(17024K)->16924K(17024K) Class: 1828K(1856K)->1828K(1856K)
[401.866s][info][gc             ] GC(1182) Pause Young (Allocation Failure) 640M->512M(853M) 37.302ms
[401.866s][info][gc,cpu         ] GC(1182) User=0.07s Sys=0.00s Real=0.04s
[401.996s][info][gc,start       ] GC(1183) Pause Young (Allocation Failure)
[402.036s][info][gc,heap        ] GC(1183) PSYoungGen: 167872K(206336K)->38336K(214016K) Eden: 132608K(132608K)->0K(139264K) From: 35264K(73728K)->38336K(74752K)
[402.036s][info][gc,heap        ] GC(1183) ParOldGen: 489381K(667648K)->489381K(667648K)
[402.036s][info][gc,metaspace   ] GC(1183) Metaspace: 18753K(18880K)->18753K(18880K) NonClass: 16924K(17024K)->16924K(17024K) Class: 1828K(1856K)->1828K(1856K)
[402.036s][info][gc             ] GC(1183) Pause Young (Allocation Failure) 641M->515M(861M) 40.297ms
[402.036s][info][gc,cpu         ] GC(1183) User=0.08s Sys=0.00s Real=0.04s
[402.168s][info][gc,start       ] GC(1184) Pause Young (Allocation Failure)
[402.214s][info][gc,heap        ] GC(1184) PSYoungGen: 177600K(214016K)->43968K(215552K) Eden: 139264K(139264K)->0K(139264K) From: 38336K(74752K)->43968K(76288K)
[402.214s][info][gc,heap        ] GC(1184) ParOldGen: 489381K(667648K)->489381K(667648K)
[402.214s][info][gc,metaspace   ] GC(1184) Metaspace: 18753K(18880K)->18753K(18880K) NonClass: 16924K(17024K)->16924K(17024K) Class: 1828K(1856K)->1828K(1856K)
[402.214s][info][gc             ] GC(1184) Pause Young (Allocation Failure) 651M->520M(862M) 46.046ms
[402.214s][info][gc,cpu         ] GC(1184) User=0.09s Sys=0.00s Real=0.05s
[402.477s][info][gc,start       ] GC(1185) Pause Young (Allocation Failure)
[402.523s][info][gc,heap        ] GC(1185) PSYoungGen: 183232K(215552K)->44000K(225792K) Eden: 139264K(139264K)->0K(146432K) From: 43968K(76288K)->44000K(79360K)
[402.523s][info][gc,heap        ] GC(1185) ParOldGen: 489381K(667648K)->489381K(667648K)
[402.523s][info][gc,metaspace   ] GC(1185) Metaspace: 18753K(18880K)->18753K(18880K) NonClass: 16924K(17024K)->16924K(17024K) Class: 1828K(1856K)->1828K(1856K)
[402.523s][info][gc             ] GC(1185) Pause Young (Allocation Failure) 656M->520M(872M) 45.791ms
[402.523s][info][gc,cpu         ] GC(1185) User=0.09s Sys=0.00s Real=0.05s
[402.755s][info][gc,start       ] GC(1186) Pause Young (Allocation Failure)
[402.802s][info][gc,heap        ] GC(1186) PSYoungGen: 190432K(225792K)->44128K(227840K) Eden: 146432K(146432K)->0K(146432K) From: 44000K(79360K)->44128K(81408K)
[402.802s][info][gc,heap        ] GC(1186) ParOldGen: 489381K(667648K)->489381K(667648K)
[402.802s][info][gc,metaspace   ] GC(1186) Metaspace: 18753K(18880K)->18753K(18880K) NonClass: 16924K(17024K)->16924K(17024K) Class: 1828K(1856K)->1828K(1856K)
[402.802s][info][gc             ] GC(1186) Pause Young (Allocation Failure) 663M->521M(874M) 47.340ms
[402.802s][info][gc,cpu         ] GC(1186) User=0.10s Sys=0.00s Real=0.04s
[403.043s][info][gc,start       ] GC(1187) Pause Young (Allocation Failure)
[403.093s][info][gc,heap        ] GC(1187) PSYoungGen: 190560K(227840K)->44160K(237056K) Eden: 146432K(146432K)->0K(154624K) From: 44128K(81408K)->44160K(82432K)
[403.093s][info][gc,heap        ] GC(1187) ParOldGen: 489381K(667648K)->489389K(667648K)
[403.093s][info][gc,metaspace   ] GC(1187) Metaspace: 18753K(18880K)->18753K(18880K) NonClass: 16924K(17024K)->16924K(17024K) Class: 1828K(1856K)->1828K(1856K)
[403.093s][info][gc             ] GC(1187) Pause Young (Allocation Failure) 664M->521M(883M) 50.178ms
[403.093s][info][gc,cpu         ] GC(1187) User=0.09s Sys=0.01s Real=0.05s
[403.323s][info][gc,start       ] GC(1188) Pause Young (Allocation Failure)
[403.370s][info][gc,heap        ] GC(1188) PSYoungGen: 198784K(237056K)->44160K(238080K) Eden: 154624K(154624K)->0K(154624K) From: 44160K(82432K)->44160K(83456K)
[403.370s][info][gc,heap        ] GC(1188) ParOldGen: 489389K(667648K)->489389K(667648K)
[403.370s][info][gc,metaspace   ] GC(1188) Metaspace: 18753K(18880K)->18753K(18880K) NonClass: 16924K(17024K)->16924K(17024K) Class: 1828K(1856K)->1828K(1856K)
[403.370s][info][gc             ] GC(1188) Pause Young (Allocation Failure) 672M->521M(884M) 46.193ms
[403.370s][info][gc,cpu         ] GC(1188) User=0.09s Sys=0.00s Real=0.04s
[403.599s][info][gc,start       ] GC(1189) Pause Young (Allocation Failure)
[403.663s][info][gc,heap        ] GC(1189) PSYoungGen: 198784K(238080K)->54368K(243200K) Eden: 154624K(154624K)->0K(159744K) From: 44160K(83456K)->54368K(83456K)
[403.663s][info][gc,heap        ] GC(1189) ParOldGen: 489389K(667648K)->489389K(667648K)
[403.663s][info][gc,metaspace   ] GC(1189) Metaspace: 18753K(18880K)->18753K(18880K) NonClass: 16924K(17024K)->16924K(17024K) Class: 1828K(1856K)->1828K(1856K)
[403.663s][info][gc             ] GC(1189) Pause Young (Allocation Failure) 672M->531M(889M) 64.248ms
[403.663s][info][gc,cpu         ] GC(1189) User=0.11s Sys=0.01s Real=0.07s
[403.822s][info][gc,start       ] GC(1190) Pause Young (Allocation Failure)
[403.882s][info][gc,heap        ] GC(1190) PSYoungGen: 214112K(243200K)->58144K(218112K) Eden: 159744K(159744K)->0K(159744K) From: 54368K(83456K)->58144K(58368K)
[403.882s][info][gc,heap        ] GC(1190) ParOldGen: 489389K(667648K)->489389K(667648K)
[403.882s][info][gc,metaspace   ] GC(1190) Metaspace: 18753K(18880K)->18753K(18880K) NonClass: 16924K(17024K)->16924K(17024K) Class: 1828K(1856K)->1828K(1856K)
[403.882s][info][gc             ] GC(1190) Pause Young (Allocation Failure) 687M->534M(865M) 59.931ms
[403.882s][info][gc,cpu         ] GC(1190) User=0.12s Sys=0.00s Real=0.05s
[404.030s][info][gc,start       ] GC(1191) Pause Young (Allocation Failure)
[404.121s][info][gc,heap        ] GC(1191) PSYoungGen: 217888K(218112K)->84784K(217088K) Eden: 159744K(159744K)->0K(125952K) From: 58144K(58368K)->84784K(91136K)
[404.121s][info][gc,heap        ] GC(1191) ParOldGen: 489389K(667648K)->489389K(667648K)
[404.121s][info][gc,metaspace   ] GC(1191) Metaspace: 18753K(18880K)->18753K(18880K) NonClass: 16924K(17024K)->16924K(17024K) Class: 1828K(1856K)->1828K(1856K)
[404.121s][info][gc             ] GC(1191) Pause Young (Allocation Failure) 690M->560M(864M) 91.875ms
[404.121s][info][gc,cpu         ] GC(1191) User=0.16s Sys=0.02s Real=0.09s
[404.237s][info][gc,start       ] GC(1192) Pause Young (Allocation Failure)
[404.341s][info][gc,heap        ] GC(1192) PSYoungGen: 210736K(217088K)->103920K(229888K) Eden: 125952K(125952K)->0K(125952K) From: 84784K(91136K)->103920K(103936K)
[404.341s][info][gc,heap        ] GC(1192) ParOldGen: 489389K(667648K)->500701K(667648K)
[404.341s][info][gc,metaspace   ] GC(1192) Metaspace: 18753K(18880K)->18753K(18880K) NonClass: 16924K(17024K)->16924K(17024K) Class: 1828K(1856K)->1828K(1856K)
[404.341s][info][gc             ] GC(1192) Pause Young (Allocation Failure) 683M->590M(876M) 103.642ms
[404.341s][info][gc,cpu         ] GC(1192) User=0.21s Sys=0.00s Real=0.10s
[404.533s][info][gc,start       ] GC(1193) Pause Young (Allocation Failure)
[404.629s][info][gc,heap        ] GC(1193) PSYoungGen: 229872K(229888K)->82784K(215552K) Eden: 125952K(125952K)->0K(111616K) From: 103920K(103936K)->82784K(103936K)
[404.629s][info][gc,heap        ] GC(1193) ParOldGen: 500701K(667648K)->524765K(667648K)
[404.629s][info][gc,metaspace   ] GC(1193) Metaspace: 18753K(18880K)->18753K(18880K) NonClass: 16924K(17024K)->16924K(17024K) Class: 1828K(1856K)->1828K(1856K)
[404.630s][info][gc             ] GC(1193) Pause Young (Allocation Failure) 713M->593M(862M) 96.238ms
[404.630s][info][gc,cpu         ] GC(1193) User=0.19s Sys=0.00s Real=0.09s
[404.760s][info][gc,start       ] GC(1194) Pause Young (Allocation Failure)
[404.855s][info][gc,heap        ] GC(1194) PSYoungGen: 194400K(215552K)->84896K(222720K) Eden: 111616K(111616K)->0K(111616K) From: 82784K(103936K)->84896K(111104K)
[404.855s][info][gc,heap        ] GC(1194) ParOldGen: 524765K(667648K)->534541K(667648K)
[404.855s][info][gc,metaspace   ] GC(1194) Metaspace: 18753K(18880K)->18753K(18880K) NonClass: 16924K(17024K)->16924K(17024K) Class: 1828K(1856K)->1828K(1856K)
[404.855s][info][gc             ] GC(1194) Pause Young (Allocation Failure) 702M->604M(869M) 95.122ms
[404.855s][info][gc,cpu         ] GC(1194) User=0.19s Sys=0.00s Real=0.10s
[404.993s][info][gc,start       ] GC(1195) Pause Young (Allocation Failure)
[405.080s][info][gc,heap        ] GC(1195) PSYoungGen: 196512K(222720K)->80320K(222720K) Eden: 111616K(111616K)->0K(111616K) From: 84896K(111104K)->80320K(111104K)
[405.080s][info][gc,heap        ] GC(1195) ParOldGen: 534541K(667648K)->539133K(667648K)
[405.080s][info][gc,metaspace   ] GC(1195) Metaspace: 18753K(18880K)->18753K(18880K) NonClass: 16924K(17024K)->16924K(17024K) Class: 1828K(1856K)->1828K(1856K)
[405.080s][info][gc             ] GC(1195) Pause Young (Allocation Failure) 713M->604M(869M) 87.088ms
[405.080s][info][gc,cpu         ] GC(1195) User=0.17s Sys=0.00s Real=0.08s
[405.216s][info][gc,start       ] GC(1196) Pause Young (Allocation Failure)
[405.300s][info][gc,heap        ] GC(1196) PSYoungGen: 191936K(222720K)->74672K(222720K) Eden: 111616K(111616K)->0K(111616K) From: 80320K(111104K)->74672K(111104K)
[405.300s][info][gc,heap        ] GC(1196) ParOldGen: 539133K(667648K)->544829K(667648K)
[405.300s][info][gc,metaspace   ] GC(1196) Metaspace: 18753K(18880K)->18753K(18880K) NonClass: 16924K(17024K)->16924K(17024K) Class: 1828K(1856K)->1828K(1856K)
[405.300s][info][gc             ] GC(1196) Pause Young (Allocation Failure) 713M->604M(869M) 83.921ms
[405.300s][info][gc,cpu         ] GC(1196) User=0.17s Sys=0.00s Real=0.08s
[405.406s][info][gc,start       ] GC(1197) Pause Young (Allocation Failure)
[405.511s][info][gc,heap        ] GC(1197) PSYoungGen: 186288K(222720K)->98112K(222720K) Eden: 111616K(111616K)->0K(111616K) From: 74672K(111104K)->98112K(111104K)
[405.511s][info][gc,heap        ] GC(1197) ParOldGen: 544829K(667648K)->544987K(667648K)
[405.511s][info][gc,metaspace   ] GC(1197) Metaspace: 18753K(18880K)->18753K(18880K) NonClass: 16924K(17024K)->16924K(17024K) Class: 1828K(1856K)->1828K(1856K)
[405.511s][info][gc             ] GC(1197) Pause Young (Allocation Failure) 713M->628M(869M) 105.584ms
[405.511s][info][gc,cpu         ] GC(1197) User=0.21s Sys=0.00s Real=0.10s
[405.607s][info][gc,start       ] GC(1198) Pause Young (Allocation Failure)
[405.727s][info][gc,heap        ] GC(1198) PSYoungGen: 209728K(222720K)->105008K(222720K) Eden: 111616K(111616K)->0K(111616K) From: 98112K(111104K)->105008K(111104K)
[405.727s][info][gc,heap        ] GC(1198) ParOldGen: 544987K(667648K)->555243K(667648K)
[405.727s][info][gc,metaspace   ] GC(1198) Metaspace: 18753K(18880K)->18753K(18880K) NonClass: 16924K(17024K)->16924K(17024K) Class: 1828K(1856K)->1828K(1856K)
[405.727s][info][gc             ] GC(1198) Pause Young (Allocation Failure) 737M->644M(869M) 120.921ms
[405.727s][info][gc,cpu         ] GC(1198) User=0.24s Sys=0.00s Real=0.12s
[405.835s][info][gc,start       ] GC(1199) Pause Young (Allocation Failure)
[405.957s][info][gc,heap        ] GC(1199) PSYoungGen: 216624K(222720K)->87392K(222720K) Eden: 111616K(111616K)->0K(111616K) From: 105008K(111104K)->87392K(111104K)
[405.957s][info][gc,heap        ] GC(1199) ParOldGen: 555243K(667648K)->584373K(667648K)
[405.957s][info][gc,metaspace   ] GC(1199) Metaspace: 18753K(18880K)->18753K(18880K) NonClass: 16924K(17024K)->16924K(17024K) Class: 1828K(1856K)->1828K(1856K)
[405.957s][info][gc             ] GC(1199) Pause Young (Allocation Failure) 753M->656M(869M) 121.990ms
[405.957s][info][gc,cpu         ] GC(1199) User=0.23s Sys=0.00s Real=0.12s
[406.081s][info][gc,start       ] GC(1200) Pause Young (Allocation Failure)
[406.194s][info][gc,heap        ] GC(1200) PSYoungGen: 199008K(222720K)->78080K(222720K) Eden: 111616K(111616K)->0K(111616K) From: 87392K(111104K)->78080K(111104K)
[406.194s][info][gc,heap        ] GC(1200) ParOldGen: 584373K(667648K)->608137K(667648K)
[406.194s][info][gc,metaspace   ] GC(1200) Metaspace: 18753K(18880K)->18753K(18880K) NonClass: 16924K(17024K)->16924K(17024K) Class: 1828K(1856K)->1828K(1856K)
[406.194s][info][gc             ] GC(1200) Pause Young (Allocation Failure) 765M->670M(869M) 112.955ms
[406.194s][info][gc,cpu         ] GC(1200) User=0.22s Sys=0.00s Real=0.12s
[406.275s][info][gc,start       ] GC(1201) Pause Young (Allocation Failure)
[406.375s][info][gc,heap        ] GC(1201) PSYoungGen: 189696K(222720K)->78816K(222720K) Eden: 111616K(111616K)->0K(111616K) From: 78080K(111104K)->78816K(111104K)
[406.376s][info][gc,heap        ] GC(1201) ParOldGen: 608137K(667648K)->620049K(667648K)
[406.376s][info][gc,metaspace   ] GC(1201) Metaspace: 18753K(18880K)->18753K(18880K) NonClass: 16924K(17024K)->16924K(17024K) Class: 1828K(1856K)->1828K(1856K)
[406.376s][info][gc             ] GC(1201) Pause Young (Allocation Failure) 779M->682M(869M) 101.096ms
[406.376s][info][gc,cpu         ] GC(1201) User=0.20s Sys=0.00s Real=0.10s
[406.442s][info][gc,start       ] GC(1202) Pause Young (Allocation Failure)
[406.535s][info][gc,heap        ] GC(1202) PSYoungGen: 190432K(222720K)->58624K(222720K) Eden: 111616K(111616K)->0K(111616K) From: 78816K(111104K)->58624K(111104K)
[406.535s][info][gc,heap        ] GC(1202) ParOldGen: 620049K(667648K)->643721K(667648K)
[406.535s][info][gc,metaspace   ] GC(1202) Metaspace: 18753K(18880K)->18753K(18880K) NonClass: 16924K(17024K)->16924K(17024K) Class: 1828K(1856K)->1828K(1856K)
[406.535s][info][gc             ] GC(1202) Pause Young (Allocation Failure) 791M->685M(869M) 92.706ms
[406.535s][info][gc,cpu         ] GC(1202) User=0.18s Sys=0.01s Real=0.09s
[406.636s][info][gc,start       ] GC(1203) Pause Full (Allocation Failure)
[406.636s][info][gc,phases,start] GC(1203) Marking Phase
[407.053s][info][gc,phases      ] GC(1203) Marking Phase 417.461ms
[407.053s][info][gc,phases,start] GC(1203) Summary Phase
[407.053s][info][gc,phases      ] GC(1203) Summary Phase 0.034ms
[407.053s][info][gc,phases,start] GC(1203) Forward
[407.100s][info][gc,phases      ] GC(1203) Forward 47.002ms
[407.100s][info][gc,phases,start] GC(1203) Adjust Pointers
[407.398s][info][gc,phases      ] GC(1203) Adjust Pointers 298.151ms
[407.399s][info][gc,phases,start] GC(1203) Compaction Phase
[407.555s][info][gc,phases      ] GC(1203) Compaction Phase 156.128ms
[407.558s][info][gc,phases,start] GC(1203) Post Compact
[407.561s][info][gc,phases      ] GC(1203) Post Compact 2.374ms
[407.561s][info][gc,heap        ] GC(1203) PSYoungGen: 170240K(222720K)->0K(222720K) Eden: 111616K(111616K)->0K(111616K) From: 58624K(111104K)->0K(111104K)
[407.561s][info][gc,heap        ] GC(1203) ParOldGen: 643721K(667648K)->567512K(667648K)
[407.561s][info][gc,metaspace   ] GC(1203) Metaspace: 18753K(18880K)->18753K(18880K) NonClass: 16924K(17024K)->16924K(17024K) Class: 1828K(1856K)->1828K(1856K)
[407.561s][info][gc             ] GC(1203) Pause Full (Allocation Failure) 794M->554M(869M) 925.108ms
[407.561s][info][gc,cpu         ] GC(1203) User=1.80s Sys=0.00s Real=0.92s
[407.666s][info][gc,start       ] GC(1204) Pause Young (Allocation Failure)
[407.673s][info][gc,heap        ] GC(1204) PSYoungGen: 111616K(222720K)->64K(222720K) Eden: 111616K(111616K)->0K(111616K) From: 0K(111104K)->64K(111104K)
[407.673s][info][gc,heap        ] GC(1204) ParOldGen: 567512K(667648K)->567512K(667648K)
[407.673s][info][gc,metaspace   ] GC(1204) Metaspace: 18753K(18880K)->18753K(18880K) NonClass: 16924K(17024K)->16924K(17024K) Class: 1828K(1856K)->1828K(1856K)
[407.673s][info][gc             ] GC(1204) Pause Young (Allocation Failure) 663M->554M(869M) 6.721ms
[407.673s][info][gc,cpu         ] GC(1204) User=0.01s Sys=0.00s Real=0.01s
[407.768s][info][gc,start       ] GC(1205) Pause Young (Allocation Failure)
[407.777s][info][gc,heap        ] GC(1205) PSYoungGen: 111680K(222720K)->1344K(222720K) Eden: 111616K(111616K)->0K(111616K) From: 64K(111104K)->1344K(111104K)
[407.777s][info][gc,heap        ] GC(1205) ParOldGen: 567512K(667648K)->567512K(667648K)
[407.777s][info][gc,metaspace   ] GC(1205) Metaspace: 18753K(18880K)->18753K(18880K) NonClass: 16924K(17024K)->16924K(17024K) Class: 1828K(1856K)->1828K(1856K)
[407.777s][info][gc             ] GC(1205) Pause Young (Allocation Failure) 663M->555M(869M) 9.207ms
[407.777s][info][gc,cpu         ] GC(1205) User=0.02s Sys=0.00s Real=0.01s
[407.894s][info][gc,start       ] GC(1206) Pause Young (Allocation Failure)
[407.906s][info][gc,heap        ] GC(1206) PSYoungGen: 112960K(222720K)->4832K(222720K) Eden: 111616K(111616K)->0K(111616K) From: 1344K(111104K)->4832K(111104K)
[407.906s][info][gc,heap        ] GC(1206) ParOldGen: 567512K(667648K)->567520K(667648K)
[407.906s][info][gc,metaspace   ] GC(1206) Metaspace: 18753K(18880K)->18753K(18880K) NonClass: 16924K(17024K)->16924K(17024K) Class: 1828K(1856K)->1828K(1856K)
[407.906s][info][gc             ] GC(1206) Pause Young (Allocation Failure) 664M->558M(869M) 11.823ms
[407.906s][info][gc,cpu         ] GC(1206) User=0.03s Sys=0.00s Real=0.01s
[407.985s][info][gc,start       ] GC(1207) Pause Young (Allocation Failure)
[407.993s][info][gc,heap        ] GC(1207) PSYoungGen: 116448K(222720K)->32K(222720K) Eden: 111616K(111616K)->0K(111616K) From: 4832K(111104K)->32K(111104K)
[407.993s][info][gc,heap        ] GC(1207) ParOldGen: 567520K(667648K)->572328K(667648K)
[407.993s][info][gc,metaspace   ] GC(1207) Metaspace: 18753K(18880K)->18753K(18880K) NonClass: 16924K(17024K)->16924K(17024K) Class: 1828K(1856K)->1828K(1856K)
[407.993s][info][gc             ] GC(1207) Pause Young (Allocation Failure) 667M->558M(869M) 8.264ms
[407.993s][info][gc,cpu         ] GC(1207) User=0.02s Sys=0.00s Real=0.01s
[408.083s][info][gc,start       ] GC(1208) Pause Young (Allocation Failure)
[408.100s][info][gc,heap        ] GC(1208) PSYoungGen: 111648K(222720K)->12320K(222720K) Eden: 111616K(111616K)->0K(111616K) From: 32K(111104K)->12320K(111104K)
[408.100s][info][gc,heap        ] GC(1208) ParOldGen: 572328K(667648K)->572328K(667648K)
[408.100s][info][gc,metaspace   ] GC(1208) Metaspace: 18753K(18880K)->18753K(18880K) NonClass: 16924K(17024K)->16924K(17024K) Class: 1828K(1856K)->1828K(1856K)
[408.100s][info][gc             ] GC(1208) Pause Young (Allocation Failure) 667M->570M(869M) 17.167ms
[408.100s][info][gc,cpu         ] GC(1208) User=0.03s Sys=0.00s Real=0.01s
[408.207s][info][gc,start       ] GC(1209) Pause Young (Allocation Failure)
[408.236s][info][gc,heap        ] GC(1209) PSYoungGen: 123936K(222720K)->10976K(222720K) Eden: 111616K(111616K)->0K(111616K) From: 12320K(111104K)->10976K(111104K)
[408.236s][info][gc,heap        ] GC(1209) ParOldGen: 572328K(667648K)->584648K(667648K)
[408.236s][info][gc,metaspace   ] GC(1209) Metaspace: 18753K(18880K)->18753K(18880K) NonClass: 16924K(17024K)->16924K(17024K) Class: 1828K(1856K)->1828K(1856K)
[408.236s][info][gc             ] GC(1209) Pause Young (Allocation Failure) 679M->581M(869M) 28.449ms
[408.236s][info][gc,cpu         ] GC(1209) User=0.06s Sys=0.00s Real=0.03s
[408.319s][info][gc,start       ] GC(1210) Pause Young (Allocation Failure)
[408.356s][info][gc,heap        ] GC(1210) PSYoungGen: 122592K(222720K)->20544K(222720K) Eden: 111616K(111616K)->0K(111616K) From: 10976K(111104K)->20544K(111104K)
[408.356s][info][gc,heap        ] GC(1210) ParOldGen: 584648K(667648K)->595632K(667648K)
[408.356s][info][gc,metaspace   ] GC(1210) Metaspace: 18753K(18880K)->18753K(18880K) NonClass: 16924K(17024K)->16924K(17024K) Class: 1828K(1856K)->1828K(1856K)
[408.356s][info][gc             ] GC(1210) Pause Young (Allocation Failure) 690M->601M(869M) 37.090ms
[408.356s][info][gc,cpu         ] GC(1210) User=0.08s Sys=0.00s Real=0.04s
[408.454s][info][gc,start       ] GC(1211) Pause Young (Allocation Failure)
[408.484s][info][gc,heap        ] GC(1211) PSYoungGen: 132160K(222720K)->1216K(222720K) Eden: 111616K(111616K)->0K(111616K) From: 20544K(111104K)->1216K(111104K)
[408.484s][info][gc,heap        ] GC(1211) ParOldGen: 595632K(667648K)->616224K(667648K)
[408.484s][info][gc,metaspace   ] GC(1211) Metaspace: 18753K(18880K)->18753K(18880K) NonClass: 16924K(17024K)->16924K(17024K) Class: 1828K(1856K)->1828K(1856K)
[408.484s][info][gc             ] GC(1211) Pause Young (Allocation Failure) 710M->602M(869M) 29.777ms
[408.484s][info][gc,cpu         ] GC(1211) User=0.06s Sys=0.00s Real=0.03s
[408.634s][info][gc,start       ] GC(1212) Pause Young (Allocation Failure)
[408.646s][info][gc,heap        ] GC(1212) PSYoungGen: 112832K(222720K)->4336K(222720K) Eden: 111616K(111616K)->0K(111616K) From: 1216K(111104K)->4336K(111104K)
[408.646s][info][gc,heap        ] GC(1212) ParOldGen: 616224K(667648K)->617392K(667648K)
[408.646s][info][gc,metaspace   ] GC(1212) Metaspace: 18753K(18880K)->18753K(18880K) NonClass: 16924K(17024K)->16924K(17024K) Class: 1828K(1856K)->1828K(1856K)
[408.646s][info][gc             ] GC(1212) Pause Young (Allocation Failure) 711M->607M(869M) 12.317ms
[408.646s][info][gc,cpu         ] GC(1212) User=0.03s Sys=0.00s Real=0.01s
[408.753s][info][gc,start       ] GC(1213) Pause Young (Allocation Failure)
[408.763s][info][gc,heap        ] GC(1213) PSYoungGen: 115952K(222720K)->1920K(222720K) Eden: 111616K(111616K)->0K(111616K) From: 4336K(111104K)->1920K(111104K)
[408.763s][info][gc,heap        ] GC(1213) ParOldGen: 617392K(667648K)->621697K(667648K)
[408.763s][info][gc,metaspace   ] GC(1213) Metaspace: 18755K(18880K)->18755K(18880K) NonClass: 16926K(17024K)->16926K(17024K) Class: 1828K(1856K)->1828K(1856K)
[408.763s][info][gc             ] GC(1213) Pause Young (Allocation Failure) 716M->609M(869M) 9.965ms
[408.763s][info][gc,cpu         ] GC(1213) User=0.02s Sys=0.00s Real=0.01s
[408.844s][info][gc,start       ] GC(1214) Pause Young (Allocation Failure)
[408.860s][info][gc,heap        ] GC(1214) PSYoungGen: 113536K(222720K)->11776K(222720K) Eden: 111616K(111616K)->0K(111616K) From: 1920K(111104K)->11776K(111104K)
[408.861s][info][gc,heap        ] GC(1214) ParOldGen: 621697K(667648K)->623585K(667648K)
[408.861s][info][gc,metaspace   ] GC(1214) Metaspace: 18755K(18880K)->18755K(18880K) NonClass: 16926K(17024K)->16926K(17024K) Class: 1828K(1856K)->1828K(1856K)
[408.861s][info][gc             ] GC(1214) Pause Young (Allocation Failure) 718M->620M(869M) 17.004ms
[408.861s][info][gc,cpu         ] GC(1214) User=0.03s Sys=0.00s Real=0.01s
[409.018s][info][gc,start       ] GC(1215) Pause Young (Allocation Failure)
[409.042s][info][gc,heap        ] GC(1215) PSYoungGen: 123392K(222720K)->6464K(213504K) Eden: 111616K(111616K)->0K(111616K) From: 11776K(111104K)->6464K(101888K)
[409.042s][info][gc,heap        ] GC(1215) ParOldGen: 623585K(667648K)->635369K(667648K)
[409.042s][info][gc,metaspace   ] GC(1215) Metaspace: 18755K(18880K)->18755K(18880K) NonClass: 16926K(17024K)->16926K(17024K) Class: 1828K(1856K)->1828K(1856K)
[409.042s][info][gc             ] GC(1215) Pause Young (Allocation Failure) 729M->626M(860M) 24.162ms
[409.042s][info][gc,cpu         ] GC(1215) User=0.05s Sys=0.00s Real=0.03s
[409.537s][info][gc,start       ] GC(1216) Pause Young (Allocation Failure)
[409.548s][info][gc,heap        ] GC(1216) PSYoungGen: 118080K(213504K)->6816K(218112K) Eden: 111616K(111616K)->0K(111616K) From: 6464K(101888K)->6816K(106496K)
[409.548s][info][gc,heap        ] GC(1216) ParOldGen: 635369K(667648K)->635369K(667648K)
[409.548s][info][gc,metaspace   ] GC(1216) Metaspace: 18755K(18880K)->18755K(18880K) NonClass: 16926K(17024K)->16926K(17024K) Class: 1828K(1856K)->1828K(1856K)
[409.548s][info][gc             ] GC(1216) Pause Young (Allocation Failure) 735M->627M(865M) 10.930ms
[409.548s][info][gc,cpu         ] GC(1216) User=0.02s Sys=0.00s Real=0.01s
[409.819s][info][gc,start       ] GC(1217) Pause Young (Allocation Failure)
[409.830s][info][gc,heap        ] GC(1217) PSYoungGen: 118432K(218112K)->6944K(206848K) Eden: 111616K(111616K)->0K(116736K) From: 6816K(106496K)->6944K(90112K)
[409.830s][info][gc,heap        ] GC(1217) ParOldGen: 635369K(667648K)->635369K(667648K)
[409.830s][info][gc,metaspace   ] GC(1217) Metaspace: 18755K(18880K)->18755K(18880K) NonClass: 16926K(17024K)->16926K(17024K) Class: 1828K(1856K)->1828K(1856K)
[409.830s][info][gc             ] GC(1217) Pause Young (Allocation Failure) 736M->627M(854M) 11.245ms
[409.830s][info][gc,cpu         ] GC(1217) User=0.02s Sys=0.00s Real=0.01s
[410.190s][info][gc,start       ] GC(1218) Pause Young (Allocation Failure)
[410.208s][info][gc,heap        ] GC(1218) PSYoungGen: 123680K(206848K)->13321K(130560K) Eden: 116736K(116736K)->0K(116736K) From: 6944K(90112K)->13321K(13824K)
[410.208s][info][gc,heap        ] GC(1218) ParOldGen: 635369K(667648K)->635369K(667648K)
[410.208s][info][gc,metaspace   ] GC(1218) Metaspace: 18755K(18880K)->18755K(18880K) NonClass: 16926K(17024K)->16926K(17024K) Class: 1828K(1856K)->1828K(1856K)
[410.208s][info][gc             ] GC(1218) Pause Young (Allocation Failure) 741M->633M(779M) 18.499ms
[410.208s][info][gc,cpu         ] GC(1218) User=0.04s Sys=0.01s Real=0.02s
[410.392s][info][gc,start       ] GC(1219) Pause Young (Allocation Failure)
[410.435s][info][gc,heap        ] GC(1219) PSYoungGen: 130057K(130560K)->41689K(210944K) Eden: 116736K(116736K)->0K(120832K) From: 13321K(13824K)->41689K(90112K)
[410.435s][info][gc,heap        ] GC(1219) ParOldGen: 635369K(667648K)->635369K(667648K)
[410.435s][info][gc,metaspace   ] GC(1219) Metaspace: 18755K(18880K)->18755K(18880K) NonClass: 16926K(17024K)->16926K(17024K) Class: 1828K(1856K)->1828K(1856K)
[410.435s][info][gc             ] GC(1219) Pause Young (Allocation Failure) 747M->661M(858M) 43.269ms
[410.435s][info][gc,cpu         ] GC(1219) User=0.08s Sys=0.00s Real=0.04s
[410.513s][info][gc,start       ] GC(1220) Pause Young (Allocation Failure)
[410.584s][info][gc,heap        ] GC(1220) PSYoungGen: 162521K(210944K)->83001K(211968K) Eden: 120832K(120832K)->0K(120832K) From: 41689K(90112K)->83001K(91136K)
[410.584s][info][gc,heap        ] GC(1220) ParOldGen: 635369K(667648K)->635369K(667648K)
[410.584s][info][gc,metaspace   ] GC(1220) Metaspace: 18755K(18880K)->18755K(18880K) NonClass: 16926K(17024K)->16926K(17024K) Class: 1828K(1856K)->1828K(1856K)
[410.584s][info][gc             ] GC(1220) Pause Young (Allocation Failure) 779M->701M(859M) 70.914ms
[410.584s][info][gc,cpu         ] GC(1220) User=0.14s Sys=0.00s Real=0.07s
[410.800s][info][gc,start       ] GC(1221) Pause Young (Allocation Failure)
[410.876s][info][gc,heap        ] GC(1221) PSYoungGen: 203833K(211968K)->89961K(218112K) Eden: 120832K(120832K)->0K(111616K) From: 83001K(91136K)->89961K(106496K)
[410.876s][info][gc,heap        ] GC(1221) ParOldGen: 635369K(667648K)->635369K(667648K)
[410.876s][info][gc,metaspace   ] GC(1221) Metaspace: 18755K(18880K)->18755K(18880K) NonClass: 16926K(17024K)->16926K(17024K) Class: 1828K(1856K)->1828K(1856K)
[410.876s][info][gc             ] GC(1221) Pause Young (Allocation Failure) 819M->708M(865M) 75.897ms
[410.876s][info][gc,cpu         ] GC(1221) User=0.13s Sys=0.02s Real=0.08s
[411.030s][info][gc,start       ] GC(1222) Pause Young (Allocation Failure)
[411.099s][info][gc,heap        ] GC(1222) PSYoungGen: 201577K(218112K)->83241K(222720K) Eden: 111616K(111616K)->0K(111616K) From: 89961K(106496K)->83241K(111104K)
[411.099s][info][gc,heap        ] GC(1222) ParOldGen: 635369K(667648K)->642175K(667648K)
[411.099s][info][gc,metaspace   ] GC(1222) Metaspace: 18755K(18880K)->18755K(18880K) NonClass: 16926K(17024K)->16926K(17024K) Class: 1828K(1856K)->1828K(1856K)
[411.099s][info][gc             ] GC(1222) Pause Young (Allocation Failure) 817M->708M(869M) 69.288ms
[411.099s][info][gc,cpu         ] GC(1222) User=0.13s Sys=0.00s Real=0.07s
[411.238s][info][gc,start       ] GC(1223) Pause Full (Allocation Failure)
[411.238s][info][gc,phases,start] GC(1223) Marking Phase
[411.776s][info][gc,phases      ] GC(1223) Marking Phase 538.510ms
[411.776s][info][gc,phases,start] GC(1223) Summary Phase
[411.776s][info][gc,phases      ] GC(1223) Summary Phase 0.032ms
[411.776s][info][gc,phases,start] GC(1223) Forward
[411.921s][info][gc,phases      ] GC(1223) Forward 144.235ms
[411.921s][info][gc,phases,start] GC(1223) Adjust Pointers
[412.338s][info][gc,phases      ] GC(1223) Adjust Pointers 417.524ms
[412.338s][info][gc,phases,start] GC(1223) Compaction Phase
[412.583s][info][gc,phases      ] GC(1223) Compaction Phase 244.436ms
[412.595s][info][gc,phases,start] GC(1223) Post Compact
[412.598s][info][gc,phases      ] GC(1223) Post Compact 2.458ms
[412.598s][info][gc,heap        ] GC(1223) PSYoungGen: 194857K(222720K)->24268K(222720K) Eden: 111616K(111616K)->0K(111616K) From: 83241K(111104K)->24268K(111104K)
[412.598s][info][gc,heap        ] GC(1223) ParOldGen: 642175K(667648K)->667177K(667648K)
[412.598s][info][gc,metaspace   ] GC(1223) Metaspace: 18755K(18880K)->18755K(18880K) NonClass: 16926K(17024K)->16926K(17024K) Class: 1828K(1856K)->1828K(1856K)
[412.598s][info][gc             ] GC(1223) Pause Full (Allocation Failure) 817M->675M(869M) 1360.368ms
[412.598s][info][gc,cpu         ] GC(1223) User=2.63s Sys=0.01s Real=1.36s
[412.777s][info][gc,start       ] GC(1224) Pause Full (Allocation Failure)
[412.777s][info][gc,phases,start] GC(1224) Marking Phase
[413.187s][info][gc,phases      ] GC(1224) Marking Phase 410.394ms
[413.187s][info][gc,phases,start] GC(1224) Summary Phase
[413.187s][info][gc,phases      ] GC(1224) Summary Phase 0.032ms
[413.187s][info][gc,phases,start] GC(1224) Forward
[413.315s][info][gc,phases      ] GC(1224) Forward 128.231ms
[413.316s][info][gc,phases,start] GC(1224) Adjust Pointers
[413.619s][info][gc,phases      ] GC(1224) Adjust Pointers 303.464ms
[413.619s][info][gc,phases,start] GC(1224) Compaction Phase
[413.855s][info][gc,phases      ] GC(1224) Compaction Phase 236.191ms
[413.866s][info][gc,phases,start] GC(1224) Post Compact
[413.868s][info][gc,phases      ] GC(1224) Post Compact 2.440ms
[413.868s][info][gc,heap        ] GC(1224) PSYoungGen: 135884K(222720K)->0K(222720K) Eden: 111616K(111616K)->0K(111616K) From: 24268K(111104K)->0K(111104K)
[413.868s][info][gc,heap        ] GC(1224) ParOldGen: 667177K(667648K)->548846K(667648K)
[413.868s][info][gc,metaspace   ] GC(1224) Metaspace: 18755K(18880K)->18755K(18880K) NonClass: 16926K(17024K)->16926K(17024K) Class: 1828K(1856K)->1828K(1856K)
[413.868s][info][gc             ] GC(1224) Pause Full (Allocation Failure) 784M->535M(869M) 1091.681ms
[413.868s][info][gc,cpu         ] GC(1224) User=2.06s Sys=0.01s Real=1.09s
[414.058s][info][gc,start       ] GC(1225) Pause Young (Allocation Failure)
[414.061s][info][gc,heap        ] GC(1225) PSYoungGen: 111616K(222720K)->320K(222720K) Eden: 111616K(111616K)->0K(111616K) From: 0K(111104K)->320K(111104K)
[414.061s][info][gc,heap        ] GC(1225) ParOldGen: 548846K(667648K)->548846K(667648K)
[414.061s][info][gc,metaspace   ] GC(1225) Metaspace: 18755K(18880K)->18755K(18880K) NonClass: 16926K(17024K)->16926K(17024K) Class: 1828K(1856K)->1828K(1856K)
[414.061s][info][gc             ] GC(1225) Pause Young (Allocation Failure) 644M->536M(869M) 3.397ms
[414.062s][info][gc,cpu         ] GC(1225) User=0.00s Sys=0.00s Real=0.00s
[414.197s][info][gc,start       ] GC(1226) Pause Young (Allocation Failure)
[414.203s][info][gc,heap        ] GC(1226) PSYoungGen: 111936K(222720K)->1600K(222720K) Eden: 111616K(111616K)->0K(111616K) From: 320K(111104K)->1600K(111104K)
[414.203s][info][gc,heap        ] GC(1226) ParOldGen: 548846K(667648K)->548846K(667648K)
[414.203s][info][gc,metaspace   ] GC(1226) Metaspace: 18756K(18880K)->18756K(18880K) NonClass: 16927K(17024K)->16927K(17024K) Class: 1828K(1856K)->1828K(1856K)
[414.203s][info][gc             ] GC(1226) Pause Young (Allocation Failure) 645M->537M(869M) 5.880ms
[414.203s][info][gc,cpu         ] GC(1226) User=0.01s Sys=0.00s Real=0.01s
[414.301s][info][gc,start       ] GC(1227) Pause Young (Allocation Failure)
[414.308s][info][gc,heap        ] GC(1227) PSYoungGen: 113216K(222720K)->2304K(222720K) Eden: 111616K(111616K)->0K(111616K) From: 1600K(111104K)->2304K(111104K)
[414.308s][info][gc,heap        ] GC(1227) ParOldGen: 548846K(667648K)->548846K(667648K)
[414.308s][info][gc,metaspace   ] GC(1227) Metaspace: 18756K(18880K)->18756K(18880K) NonClass: 16927K(17024K)->16927K(17024K) Class: 1828K(1856K)->1828K(1856K)
[414.308s][info][gc             ] GC(1227) Pause Young (Allocation Failure) 646M->538M(869M) 6.772ms
[414.308s][info][gc,cpu         ] GC(1227) User=0.01s Sys=0.00s Real=0.01s
[414.426s][info][gc,start       ] GC(1228) Pause Young (Allocation Failure)
[414.444s][info][gc,heap        ] GC(1228) PSYoungGen: 113920K(222720K)->6848K(222720K) Eden: 111616K(111616K)->0K(111616K) From: 2304K(111104K)->6848K(111104K)
[414.444s][info][gc,heap        ] GC(1228) ParOldGen: 548846K(667648K)->550414K(667648K)
[414.444s][info][gc,metaspace   ] GC(1228) Metaspace: 18756K(18880K)->18756K(18880K) NonClass: 16927K(17024K)->16927K(17024K) Class: 1828K(1856K)->1828K(1856K)
[414.444s][info][gc             ] GC(1228) Pause Young (Allocation Failure) 647M->544M(869M) 18.036ms
[414.444s][info][gc,cpu         ] GC(1228) User=0.04s Sys=0.00s Real=0.02s
[414.574s][info][gc,start       ] GC(1229) Pause Young (Allocation Failure)
[414.629s][info][gc,heap        ] GC(1229) PSYoungGen: 118464K(222720K)->31149K(142848K) Eden: 111616K(111616K)->0K(111616K) From: 6848K(111104K)->31149K(31232K)
[414.630s][info][gc,heap        ] GC(1229) ParOldGen: 550414K(667648K)->557254K(667648K)
[414.630s][info][gc,metaspace   ] GC(1229) Metaspace: 18756K(18880K)->18756K(18880K) NonClass: 16927K(17024K)->16927K(17024K) Class: 1828K(1856K)->1828K(1856K)
[414.630s][info][gc             ] GC(1229) Pause Young (Allocation Failure) 653M->574M(791M) 55.262ms
[414.630s][info][gc,cpu         ] GC(1229) User=0.11s Sys=0.00s Real=0.05s
[414.768s][info][gc,start       ] GC(1230) Pause Young (Allocation Failure)
[414.815s][info][gc,heap        ] GC(1230) PSYoungGen: 142765K(142848K)->34029K(220672K) Eden: 111616K(111616K)->0K(117248K) From: 31149K(31232K)->34029K(103424K)
[414.815s][info][gc,heap        ] GC(1230) ParOldGen: 557254K(667648K)->557254K(667648K)
[414.815s][info][gc,metaspace   ] GC(1230) Metaspace: 18756K(18880K)->18756K(18880K) NonClass: 16927K(17024K)->16927K(17024K) Class: 1828K(1856K)->1828K(1856K)
[414.815s][info][gc             ] GC(1230) Pause Young (Allocation Failure) 683M->577M(867M) 47.124ms
[414.815s][info][gc,cpu         ] GC(1230) User=0.09s Sys=0.00s Real=0.05s
[414.933s][info][gc,start       ] GC(1231) Pause Young (Allocation Failure)
[414.992s][info][gc,heap        ] GC(1231) PSYoungGen: 151277K(220672K)->44173K(219648K) Eden: 117248K(117248K)->0K(117248K) From: 34029K(103424K)->44173K(102400K)
[414.992s][info][gc,heap        ] GC(1231) ParOldGen: 557254K(667648K)->557254K(667648K)
[414.992s][info][gc,metaspace   ] GC(1231) Metaspace: 18756K(18880K)->18756K(18880K) NonClass: 16927K(17024K)->16927K(17024K) Class: 1828K(1856K)->1828K(1856K)
[414.992s][info][gc             ] GC(1231) Pause Young (Allocation Failure) 691M->587M(866M) 59.345ms
[414.992s][info][gc,cpu         ] GC(1231) User=0.11s Sys=0.00s Real=0.05s
[415.091s][info][gc,start       ] GC(1232) Pause Young (Allocation Failure)
[415.162s][info][gc,heap        ] GC(1232) PSYoungGen: 161421K(219648K)->55693K(223744K) Eden: 117248K(117248K)->0K(122880K) From: 44173K(102400K)->55693K(100864K)
[415.162s][info][gc,heap        ] GC(1232) ParOldGen: 557254K(667648K)->557254K(667648K)
[415.162s][info][gc,metaspace   ] GC(1232) Metaspace: 18756K(18880K)->18756K(18880K) NonClass: 16927K(17024K)->16927K(17024K) Class: 1828K(1856K)->1828K(1856K)
[415.162s][info][gc             ] GC(1232) Pause Young (Allocation Failure) 701M->598M(870M) 70.901ms
[415.162s][info][gc,cpu         ] GC(1232) User=0.14s Sys=0.00s Real=0.08s
[415.271s][info][gc,start       ] GC(1233) Pause Young (Allocation Failure)
[415.352s][info][gc,heap        ] GC(1233) PSYoungGen: 178573K(223744K)->67789K(190976K) Eden: 122880K(122880K)->0K(122880K) From: 55693K(100864K)->67789K(68096K)
[415.352s][info][gc,heap        ] GC(1233) ParOldGen: 557254K(667648K)->557254K(667648K)
[415.352s][info][gc,metaspace   ] GC(1233) Metaspace: 18756K(18880K)->18756K(18880K) NonClass: 16927K(17024K)->16927K(17024K) Class: 1828K(1856K)->1828K(1856K)
[415.352s][info][gc             ] GC(1233) Pause Young (Allocation Failure) 718M->610M(838M) 81.311ms
[415.352s][info][gc,cpu         ] GC(1233) User=0.16s Sys=0.00s Real=0.09s
[415.488s][info][gc,start       ] GC(1234) Pause Young (Allocation Failure)
[415.577s][info][gc,heap        ] GC(1234) PSYoungGen: 190669K(190976K)->72061K(221184K) Eden: 122880K(122880K)->0K(111616K) From: 67789K(68096K)->72061K(109568K)
[415.577s][info][gc,heap        ] GC(1234) ParOldGen: 557254K(667648K)->557254K(667648K)
[415.577s][info][gc,metaspace   ] GC(1234) Metaspace: 18756K(18880K)->18756K(18880K) NonClass: 16927K(17024K)->16927K(17024K) Class: 1828K(1856K)->1828K(1856K)
[415.577s][info][gc             ] GC(1234) Pause Young (Allocation Failure) 730M->614M(868M) 88.415ms
[415.577s][info][gc,cpu         ] GC(1234) User=0.17s Sys=0.00s Real=0.09s
[415.761s][info][gc,start       ] GC(1235) Pause Young (Allocation Failure)
[415.852s][info][gc,heap        ] GC(1235) PSYoungGen: 183677K(221184K)->41024K(153088K) Eden: 111616K(111616K)->0K(111616K) From: 72061K(109568K)->41024K(41472K)
[415.852s][info][gc,heap        ] GC(1235) ParOldGen: 557254K(667648K)->591332K(667648K)
[415.852s][info][gc,metaspace   ] GC(1235) Metaspace: 18756K(18880K)->18756K(18880K) NonClass: 16927K(17024K)->16927K(17024K) Class: 1828K(1856K)->1828K(1856K)
[415.852s][info][gc             ] GC(1235) Pause Young (Allocation Failure) 723M->617M(801M) 90.552ms
[415.852s][info][gc,cpu         ] GC(1235) User=0.18s Sys=0.00s Real=0.09s
[416.052s][info][gc,start       ] GC(1236) Pause Young (Allocation Failure)
[416.101s][info][gc,heap        ] GC(1236) PSYoungGen: 152640K(153088K)->43940K(224256K) Eden: 111616K(111616K)->0K(118272K) From: 41024K(41472K)->43940K(105984K)
[416.101s][info][gc,heap        ] GC(1236) ParOldGen: 591332K(667648K)->591332K(667648K)
[416.101s][info][gc,metaspace   ] GC(1236) Metaspace: 18757K(18880K)->18757K(18880K) NonClass: 16928K(17024K)->16928K(17024K) Class: 1828K(1856K)->1828K(1856K)
[416.101s][info][gc             ] GC(1236) Pause Young (Allocation Failure) 726M->620M(871M) 49.063ms
[416.101s][info][gc,cpu         ] GC(1236) User=0.09s Sys=0.00s Real=0.05s
[416.190s][info][gc,start       ] GC(1237) Pause Young (Allocation Failure)
[416.239s][info][gc,heap        ] GC(1237) PSYoungGen: 162212K(224256K)->43940K(221696K) Eden: 118272K(118272K)->0K(118272K) From: 43940K(105984K)->43940K(103424K)
[416.239s][info][gc,heap        ] GC(1237) ParOldGen: 591332K(667648K)->591332K(667648K)
[416.239s][info][gc,metaspace   ] GC(1237) Metaspace: 18757K(18880K)->18757K(18880K) NonClass: 16928K(17024K)->16928K(17024K) Class: 1828K(1856K)->1828K(1856K)
[416.239s][info][gc             ] GC(1237) Pause Young (Allocation Failure) 735M->620M(868M) 48.920ms
[416.239s][info][gc,cpu         ] GC(1237) User=0.10s Sys=0.00s Real=0.05s
[416.419s][info][gc,start       ] GC(1238) Pause Young (Allocation Failure)
[416.473s][info][gc,heap        ] GC(1238) PSYoungGen: 162212K(221696K)->49124K(223744K) Eden: 118272K(118272K)->0K(126976K) From: 43940K(103424K)->49124K(96768K)
[416.473s][info][gc,heap        ] GC(1238) ParOldGen: 591332K(667648K)->591332K(667648K)
[416.473s][info][gc,metaspace   ] GC(1238) Metaspace: 18757K(18880K)->18757K(18880K) NonClass: 16928K(17024K)->16928K(17024K) Class: 1828K(1856K)->1828K(1856K)
[416.473s][info][gc             ] GC(1238) Pause Young (Allocation Failure) 735M->625M(870M) 54.216ms
[416.473s][info][gc,cpu         ] GC(1238) User=0.10s Sys=0.00s Real=0.06s
[416.704s][info][gc,start       ] GC(1239) Pause Young (Allocation Failure)
[416.759s][info][gc,heap        ] GC(1239) PSYoungGen: 176100K(223744K)->52020K(222720K) Eden: 126976K(126976K)->0K(126976K) From: 49124K(96768K)->52020K(95744K)
[416.760s][info][gc,heap        ] GC(1239) ParOldGen: 591332K(667648K)->591332K(667648K)
[416.760s][info][gc,metaspace   ] GC(1239) Metaspace: 18757K(18880K)->18757K(18880K) NonClass: 16928K(17024K)->16928K(17024K) Class: 1828K(1856K)->1828K(1856K)
[416.760s][info][gc             ] GC(1239) Pause Young (Allocation Failure) 749M->628M(869M) 55.497ms
[416.760s][info][gc,cpu         ] GC(1239) User=0.11s Sys=0.00s Real=0.05s
[417.505s][info][gc,start       ] GC(1240) Pause Young (Allocation Failure)
[417.561s][info][gc,heap        ] GC(1240) PSYoungGen: 178996K(222720K)->52253K(225792K) Eden: 126976K(126976K)->0K(135168K) From: 52020K(95744K)->52253K(90624K)
[417.562s][info][gc,heap        ] GC(1240) ParOldGen: 591332K(667648K)->591332K(667648K)
[417.562s][info][gc,metaspace   ] GC(1240) Metaspace: 18757K(18880K)->18757K(18880K) NonClass: 16929K(17024K)->16929K(17024K) Class: 1828K(1856K)->1828K(1856K)
[417.562s][info][gc             ] GC(1240) Pause Young (Allocation Failure) 752M->628M(872M) 56.817ms
[417.562s][info][gc,cpu         ] GC(1240) User=0.12s Sys=0.00s Real=0.05s
[419.534s][info][gc,start       ] GC(1241) Pause Young (Allocation Failure)
[419.593s][info][gc,heap        ] GC(1241) PSYoungGen: 187421K(225792K)->52301K(228352K) Eden: 135168K(135168K)->0K(135168K) From: 52253K(90624K)->52301K(93184K)
[419.593s][info][gc,heap        ] GC(1241) ParOldGen: 591332K(667648K)->591332K(667648K)
[419.593s][info][gc,metaspace   ] GC(1241) Metaspace: 18757K(18880K)->18757K(18880K) NonClass: 16929K(17024K)->16929K(17024K) Class: 1828K(1856K)->1828K(1856K)
[419.593s][info][gc             ] GC(1241) Pause Young (Allocation Failure) 760M->628M(875M) 58.930ms
[419.593s][info][gc,cpu         ] GC(1241) User=0.12s Sys=0.01s Real=0.06s
[420.250s][info][gc,start       ] GC(1242) Pause Young (Allocation Failure)
[420.312s][info][gc,heap        ] GC(1242) PSYoungGen: 187469K(228352K)->63910K(231424K) Eden: 135168K(135168K)->0K(140288K) From: 52301K(93184K)->63910K(91136K)
[420.312s][info][gc,heap        ] GC(1242) ParOldGen: 591332K(667648K)->591332K(667648K)
[420.312s][info][gc,metaspace   ] GC(1242) Metaspace: 18759K(18880K)->18759K(18880K) NonClass: 16930K(17024K)->16930K(17024K) Class: 1828K(1856K)->1828K(1856K)
[420.312s][info][gc             ] GC(1242) Pause Young (Allocation Failure) 760M->639M(878M) 61.887ms
[420.312s][info][gc,cpu         ] GC(1242) User=0.12s Sys=0.00s Real=0.07s
[420.995s][info][gc,start       ] GC(1243) Pause Young (Allocation Failure)
[421.055s][info][gc,heap        ] GC(1243) PSYoungGen: 204160K(231424K)->54365K(233984K) Eden: 140250K(140288K)->0K(140288K) From: 63910K(91136K)->54365K(93696K)
[421.055s][info][gc,heap        ] GC(1243) ParOldGen: 591332K(667648K)->591340K(667648K)
[421.055s][info][gc,metaspace   ] GC(1243) Metaspace: 18774K(18944K)->18774K(18944K) NonClass: 16945K(17088K)->16945K(17088K) Class: 1828K(1856K)->1828K(1856K)
[421.055s][info][gc             ] GC(1243) Pause Young (Allocation Failure) 776M->630M(880M) 60.174ms
[421.055s][info][gc,cpu         ] GC(1243) User=0.12s Sys=0.00s Real=0.06s
[421.438s][info][gc,start       ] GC(1244) Pause Young (Allocation Failure)
[421.517s][info][gc,heap        ] GC(1244) PSYoungGen: 194653K(233984K)->54436K(236032K) Eden: 140288K(140288K)->0K(146944K) From: 54365K(93696K)->54436K(89088K)
[421.517s][info][gc,heap        ] GC(1244) ParOldGen: 591340K(667648K)->591340K(667648K)
[421.517s][info][gc,metaspace   ] GC(1244) Metaspace: 18775K(18944K)->18775K(18944K) NonClass: 16946K(17088K)->16946K(17088K) Class: 1828K(1856K)->1828K(1856K)
[421.517s][info][gc             ] GC(1244) Pause Young (Allocation Failure) 767M->630M(882M) 79.277ms
[421.517s][info][gc,cpu         ] GC(1244) User=0.15s Sys=0.00s Real=0.08s
[421.866s][info][gc,start       ] GC(1245) Pause Young (Allocation Failure)
[421.958s][info][gc,heap        ] GC(1245) PSYoungGen: 201380K(236032K)->67853K(237568K) Eden: 146944K(146944K)->0K(146944K) From: 54436K(89088K)->67853K(90624K)
[421.958s][info][gc,heap        ] GC(1245) ParOldGen: 591340K(667648K)->591348K(667648K)
[421.958s][info][gc,metaspace   ] GC(1245) Metaspace: 18779K(18944K)->18779K(18944K) NonClass: 16951K(17088K)->16951K(17088K) Class: 1828K(1856K)->1828K(1856K)
[421.958s][info][gc             ] GC(1245) Pause Young (Allocation Failure) 774M->643M(884M) 92.149ms
[421.958s][info][gc,cpu         ] GC(1245) User=0.18s Sys=0.00s Real=0.09s
[422.088s][info][gc,start       ] GC(1246) Pause Young (Allocation Failure)
[422.237s][info][gc,heap        ] GC(1246) PSYoungGen: 214797K(237568K)->93677K(205312K) Eden: 146944K(146944K)->0K(111616K) From: 67853K(90624K)->93677K(93696K)
[422.237s][info][gc,heap        ] GC(1246) ParOldGen: 591348K(667648K)->631948K(667648K)
[422.237s][info][gc,metaspace   ] GC(1246) Metaspace: 18793K(18944K)->18793K(18944K) NonClass: 16964K(17088K)->16964K(17088K) Class: 1829K(1856K)->1829K(1856K)
[422.237s][info][gc             ] GC(1246) Pause Young (Allocation Failure) 787M->708M(852M) 148.527ms
[422.237s][info][gc,cpu         ] GC(1246) User=0.29s Sys=0.01s Real=0.15s
[422.335s][info][gc,start       ] GC(1247) Pause Full (Allocation Failure)
[422.335s][info][gc,phases,start] GC(1247) Marking Phase
[422.433s][info][gc,phases      ] GC(1247) Marking Phase 97.911ms
[422.433s][info][gc,phases,start] GC(1247) Summary Phase
[422.433s][info][gc,phases      ] GC(1247) Summary Phase 0.033ms
[422.433s][info][gc,phases,start] GC(1247) Forward
[422.465s][info][gc,phases      ] GC(1247) Forward 32.470ms
[422.466s][info][gc,phases,start] GC(1247) Adjust Pointers
[422.529s][info][gc,phases      ] GC(1247) Adjust Pointers 63.299ms
[422.529s][info][gc,phases,start] GC(1247) Compaction Phase
[422.574s][info][gc,phases      ] GC(1247) Compaction Phase 45.073ms
[422.575s][info][gc,phases,start] GC(1247) Post Compact
[422.577s][info][gc,phases      ] GC(1247) Post Compact 2.509ms
[422.602s][info][gc,heap        ] GC(1247) PSYoungGen: 205293K(205312K)->0K(222720K) Eden: 111616K(111616K)->0K(111616K) From: 93677K(93696K)->0K(111104K)
[422.602s][info][gc,heap        ] GC(1247) ParOldGen: 631948K(667648K)->155871K(409600K)
[422.602s][info][gc,metaspace   ] GC(1247) Metaspace: 18793K(18944K)->18793K(18944K) NonClass: 16964K(17088K)->16964K(17088K) Class: 1829K(1856K)->1829K(1856K)
[422.602s][info][gc             ] GC(1247) Pause Full (Allocation Failure) 817M->152M(617M) 267.058ms
[422.602s][info][gc,cpu         ] GC(1247) User=0.43s Sys=0.02s Real=0.26s
[422.968s][info][gc,start       ] GC(1248) Pause Young (Allocation Failure)
[422.997s][info][gc,heap        ] GC(1248) PSYoungGen: 111616K(222720K)->28640K(222720K) Eden: 111616K(111616K)->0K(111616K) From: 0K(111104K)->28640K(111104K)
[422.997s][info][gc,heap        ] GC(1248) ParOldGen: 155871K(409600K)->155871K(409600K)
[422.997s][info][gc,metaspace   ] GC(1248) Metaspace: 18793K(18944K)->18793K(18944K) NonClass: 16964K(17088K)->16964K(17088K) Class: 1829K(1856K)->1829K(1856K)
[422.997s][info][gc             ] GC(1248) Pause Young (Allocation Failure) 261M->180M(617M) 28.713ms
[422.997s][info][gc,cpu         ] GC(1248) User=0.06s Sys=0.00s Real=0.03s
[423.176s][info][gc,start       ] GC(1249) Pause Young (Allocation Failure)
[423.254s][info][gc,heap        ] GC(1249) PSYoungGen: 140256K(222720K)->71554K(222720K) Eden: 111616K(111616K)->0K(111616K) From: 28640K(111104K)->71554K(111104K)
[423.254s][info][gc,heap        ] GC(1249) ParOldGen: 155871K(409600K)->155871K(409600K)
[423.254s][info][gc,metaspace   ] GC(1249) Metaspace: 18796K(18944K)->18796K(18944K) NonClass: 16966K(17088K)->16966K(17088K) Class: 1829K(1856K)->1829K(1856K)
[423.254s][info][gc             ] GC(1249) Pause Young (Allocation Failure) 289M->222M(617M) 77.739ms
[423.254s][info][gc,cpu         ] GC(1249) User=0.16s Sys=0.00s Real=0.08s
[423.443s][info][gc,start       ] GC(1250) Pause Young (Allocation Failure)
[423.579s][info][gc,heap        ] GC(1250) PSYoungGen: 183170K(222720K)->107283K(222720K) Eden: 111616K(111616K)->0K(111616K) From: 71554K(111104K)->107283K(111104K)
[423.579s][info][gc,heap        ] GC(1250) ParOldGen: 155871K(409600K)->155871K(409600K)
[423.579s][info][gc,metaspace   ] GC(1250) Metaspace: 18796K(18944K)->18796K(18944K) NonClass: 16966K(17088K)->16966K(17088K) Class: 1829K(1856K)->1829K(1856K)
[423.579s][info][gc             ] GC(1250) Pause Young (Allocation Failure) 331M->256M(617M) 136.219ms
[423.579s][info][gc,cpu         ] GC(1250) User=0.27s Sys=0.00s Real=0.13s
[423.688s][info][gc,start       ] GC(1251) Pause Young (Allocation Failure)
[423.812s][info][gc,heap        ] GC(1251) PSYoungGen: 218899K(222720K)->111097K(222720K) Eden: 111616K(111616K)->0K(111616K) From: 107283K(111104K)->111097K(111104K)
[423.812s][info][gc,heap        ] GC(1251) ParOldGen: 155871K(409600K)->157039K(409600K)
[423.812s][info][gc,metaspace   ] GC(1251) Metaspace: 18796K(18944K)->18796K(18944K) NonClass: 16966K(17088K)->16966K(17088K) Class: 1829K(1856K)->1829K(1856K)
[423.812s][info][gc             ] GC(1251) Pause Young (Allocation Failure) 365M->261M(617M) 123.301ms
[423.812s][info][gc,cpu         ] GC(1251) User=0.25s Sys=0.00s Real=0.12s
[423.923s][info][gc,start       ] GC(1252) Pause Young (Allocation Failure)
[424.051s][info][gc,heap        ] GC(1252) PSYoungGen: 222713K(222720K)->111097K(222720K) Eden: 111616K(111616K)->0K(111616K) From: 111097K(111104K)->111097K(111104K)
[424.052s][info][gc,heap        ] GC(1252) ParOldGen: 157039K(409600K)->159463K(409600K)
[424.052s][info][gc,metaspace   ] GC(1252) Metaspace: 18796K(18944K)->18796K(18944K) NonClass: 16966K(17088K)->16966K(17088K) Class: 1829K(1856K)->1829K(1856K)
[424.052s][info][gc             ] GC(1252) Pause Young (Allocation Failure) 370M->264M(617M) 128.296ms
[424.052s][info][gc,cpu         ] GC(1252) User=0.25s Sys=0.00s Real=0.12s
[424.153s][info][gc,start       ] GC(1253) Pause Young (Allocation Failure)
[424.283s][info][gc,heap        ] GC(1253) PSYoungGen: 222713K(222720K)->111081K(222720K) Eden: 111616K(111616K)->0K(111616K) From: 111097K(111104K)->111081K(111104K)
[424.283s][info][gc,heap        ] GC(1253) ParOldGen: 159463K(409600K)->167071K(409600K)
[424.283s][info][gc,metaspace   ] GC(1253) Metaspace: 18796K(18944K)->18796K(18944K) NonClass: 16966K(17088K)->16966K(17088K) Class: 1829K(1856K)->1829K(1856K)
[424.283s][info][gc             ] GC(1253) Pause Young (Allocation Failure) 373M->271M(617M) 130.103ms
[424.283s][info][gc,cpu         ] GC(1253) User=0.26s Sys=0.00s Real=0.13s
[424.394s][info][gc,start       ] GC(1254) Pause Young (Allocation Failure)
[424.520s][info][gc,heap        ] GC(1254) PSYoungGen: 222697K(222720K)->111081K(222720K) Eden: 111616K(111616K)->0K(111616K) From: 111081K(111104K)->111081K(111104K)
[424.520s][info][gc,heap        ] GC(1254) ParOldGen: 167071K(409600K)->171943K(409600K)
[424.520s][info][gc,metaspace   ] GC(1254) Metaspace: 18796K(18944K)->18796K(18944K) NonClass: 16966K(17088K)->16966K(17088K) Class: 1829K(1856K)->1829K(1856K)
[424.520s][info][gc             ] GC(1254) Pause Young (Allocation Failure) 380M->276M(617M) 126.048ms
[424.520s][info][gc,cpu         ] GC(1254) User=0.25s Sys=0.00s Real=0.12s
[424.629s][info][gc,start       ] GC(1255) Pause Young (Allocation Failure)
[424.748s][info][gc,heap        ] GC(1255) PSYoungGen: 222697K(222720K)->82771K(222720K) Eden: 111616K(111616K)->0K(111616K) From: 111081K(111104K)->82771K(111104K)
[424.748s][info][gc,heap        ] GC(1255) ParOldGen: 171943K(409600K)->200721K(409600K)
[424.748s][info][gc,metaspace   ] GC(1255) Metaspace: 18796K(18944K)->18796K(18944K) NonClass: 16966K(17088K)->16966K(17088K) Class: 1829K(1856K)->1829K(1856K)
[424.748s][info][gc             ] GC(1255) Pause Young (Allocation Failure) 385M->276M(617M) 119.927ms
[424.748s][info][gc,cpu         ] GC(1255) User=0.24s Sys=0.00s Real=0.12s
[424.864s][info][gc,start       ] GC(1256) Pause Young (Allocation Failure)
[424.969s][info][gc,heap        ] GC(1256) PSYoungGen: 194387K(222720K)->18848K(222720K) Eden: 111616K(111616K)->0K(111616K) From: 82771K(111104K)->18848K(111104K)
[424.969s][info][gc,heap        ] GC(1256) ParOldGen: 200721K(409600K)->267343K(409600K)
[424.969s][info][gc,metaspace   ] GC(1256) Metaspace: 18796K(18944K)->18796K(18944K) NonClass: 16966K(17088K)->16966K(17088K) Class: 1829K(1856K)->1829K(1856K)
[424.969s][info][gc             ] GC(1256) Pause Young (Allocation Failure) 385M->279M(617M) 105.088ms
[424.969s][info][gc,cpu         ] GC(1256) User=0.21s Sys=0.00s Real=0.10s
[425.063s][info][gc,start       ] GC(1257) Pause Young (Allocation Failure)
[425.085s][info][gc,heap        ] GC(1257) PSYoungGen: 130464K(222720K)->12288K(222720K) Eden: 111616K(111616K)->0K(111616K) From: 18848K(111104K)->12288K(111104K)
[425.085s][info][gc,heap        ] GC(1257) ParOldGen: 267343K(409600K)->273983K(409600K)
[425.085s][info][gc,metaspace   ] GC(1257) Metaspace: 18796K(18944K)->18796K(18944K) NonClass: 16966K(17088K)->16966K(17088K) Class: 1829K(1856K)->1829K(1856K)
[425.085s][info][gc             ] GC(1257) Pause Young (Allocation Failure) 388M->279M(617M) 22.555ms
[425.085s][info][gc,cpu         ] GC(1257) User=0.04s Sys=0.00s Real=0.02s
[425.190s][info][gc,start       ] GC(1258) Pause Young (Allocation Failure)
[425.234s][info][gc,heap        ] GC(1258) PSYoungGen: 123904K(222720K)->32016K(222720K) Eden: 111616K(111616K)->0K(111616K) From: 12288K(111104K)->32016K(111104K)
[425.234s][info][gc,heap        ] GC(1258) ParOldGen: 273983K(409600K)->283783K(409600K)
[425.234s][info][gc,metaspace   ] GC(1258) Metaspace: 18796K(18944K)->18796K(18944K) NonClass: 16966K(17088K)->16966K(17088K) Class: 1829K(1856K)->1829K(1856K)
[425.234s][info][gc             ] GC(1258) Pause Young (Allocation Failure) 388M->308M(617M) 43.463ms
[425.234s][info][gc,cpu         ] GC(1258) User=0.08s Sys=0.00s Real=0.05s
[425.337s][info][gc,start       ] GC(1259) Pause Young (Allocation Failure)
[425.395s][info][gc,heap        ] GC(1259) PSYoungGen: 143632K(222720K)->61248K(222720K) Eden: 111616K(111616K)->0K(111616K) From: 32016K(111104K)->61248K(111104K)
[425.395s][info][gc,heap        ] GC(1259) ParOldGen: 283783K(409600K)->286268K(409600K)
[425.395s][info][gc,metaspace   ] GC(1259) Metaspace: 18796K(18944K)->18796K(18944K) NonClass: 16966K(17088K)->16966K(17088K) Class: 1829K(1856K)->1829K(1856K)
[425.395s][info][gc             ] GC(1259) Pause Young (Allocation Failure) 417M->339M(617M) 58.764ms
[425.395s][info][gc,cpu         ] GC(1259) User=0.11s Sys=0.00s Real=0.06s
[425.490s][info][gc,start       ] GC(1260) Pause Young (Allocation Failure)
[425.561s][info][gc,heap        ] GC(1260) PSYoungGen: 172864K(222720K)->46115K(222720K) Eden: 111616K(111616K)->0K(111616K) From: 61248K(111104K)->46115K(111104K)
[425.561s][info][gc,heap        ] GC(1260) ParOldGen: 286268K(409600K)->315896K(409600K)
[425.561s][info][gc,metaspace   ] GC(1260) Metaspace: 18802K(18944K)->18802K(18944K) NonClass: 16972K(17088K)->16972K(17088K) Class: 1829K(1856K)->1829K(1856K)
[425.561s][info][gc             ] GC(1260) Pause Young (Allocation Failure) 448M->353M(617M) 70.924ms
[425.561s][info][gc,cpu         ] GC(1260) User=0.14s Sys=0.00s Real=0.07s
[425.651s][info][gc,start       ] GC(1261) Pause Young (Allocation Failure)
[425.704s][info][gc,heap        ] GC(1261) PSYoungGen: 157731K(222720K)->7424K(222720K) Eden: 111616K(111616K)->0K(111616K) From: 46115K(111104K)->7424K(111104K)
[425.704s][info][gc,heap        ] GC(1261) ParOldGen: 315896K(409600K)->362443K(409600K)
[425.704s][info][gc,metaspace   ] GC(1261) Metaspace: 18802K(18944K)->18802K(18944K) NonClass: 16972K(17088K)->16972K(17088K) Class: 1829K(1856K)->1829K(1856K)
[425.704s][info][gc             ] GC(1261) Pause Young (Allocation Failure) 462M->361M(617M) 53.231ms
[425.704s][info][gc,cpu         ] GC(1261) User=0.10s Sys=0.00s Real=0.06s
[425.819s][info][gc,start       ] GC(1262) Pause Young (Allocation Failure)
[425.830s][info][gc,heap        ] GC(1262) PSYoungGen: 119040K(222720K)->960K(222720K) Eden: 111616K(111616K)->0K(111616K) From: 7424K(111104K)->960K(111104K)
[425.830s][info][gc,heap        ] GC(1262) ParOldGen: 362443K(409600K)->369891K(409600K)
[425.830s][info][gc,metaspace   ] GC(1262) Metaspace: 18804K(18944K)->18804K(18944K) NonClass: 16974K(17088K)->16974K(17088K) Class: 1829K(1856K)->1829K(1856K)
[425.830s][info][gc             ] GC(1262) Pause Young (Allocation Failure) 470M->362M(617M) 10.815ms
[425.830s][info][gc,cpu         ] GC(1262) User=0.02s Sys=0.00s Real=0.01s
[426.012s][info][gc,start       ] GC(1263) Pause Young (Allocation Failure)
[426.017s][info][gc,heap        ] GC(1263) PSYoungGen: 112576K(222720K)->1632K(222720K) Eden: 111616K(111616K)->0K(111616K) From: 960K(111104K)->1632K(111104K)
[426.017s][info][gc,heap        ] GC(1263) ParOldGen: 369891K(409600K)->370827K(409600K)
[426.017s][info][gc,metaspace   ] GC(1263) Metaspace: 18804K(18944K)->18804K(18944K) NonClass: 16974K(17088K)->16974K(17088K) Class: 1829K(1856K)->1829K(1856K)
[426.017s][info][gc             ] GC(1263) Pause Young (Allocation Failure) 471M->363M(617M) 5.442ms
[426.017s][info][gc,cpu         ] GC(1263) User=0.01s Sys=0.00s Real=0.01s
[426.348s][info][gc,start       ] GC(1264) Pause Young (Allocation Failure)
[426.353s][info][gc,heap        ] GC(1264) PSYoungGen: 113248K(222720K)->576K(222720K) Eden: 111616K(111616K)->0K(111616K) From: 1632K(111104K)->576K(111104K)
[426.353s][info][gc,heap        ] GC(1264) ParOldGen: 370827K(409600K)->372443K(409600K)
[426.353s][info][gc,metaspace   ] GC(1264) Metaspace: 18804K(18944K)->18804K(18944K) NonClass: 16974K(17088K)->16974K(17088K) Class: 1829K(1856K)->1829K(1856K)
[426.353s][info][gc             ] GC(1264) Pause Young (Allocation Failure) 472M->364M(617M) 5.038ms
[426.353s][info][gc,cpu         ] GC(1264) User=0.01s Sys=0.00s Real=0.01s
[426.608s][info][gc,start       ] GC(1265) Pause Young (Allocation Failure)
[426.624s][info][gc,heap        ] GC(1265) PSYoungGen: 112192K(222720K)->13344K(222720K) Eden: 111616K(111616K)->0K(111616K) From: 576K(111104K)->13344K(111104K)
[426.625s][info][gc,heap        ] GC(1265) ParOldGen: 372443K(409600K)->372744K(409600K)
[426.625s][info][gc,metaspace   ] GC(1265) Metaspace: 18804K(18944K)->18804K(18944K) NonClass: 16974K(17088K)->16974K(17088K) Class: 1829K(1856K)->1829K(1856K)
[426.625s][info][gc             ] GC(1265) Pause Young (Allocation Failure) 473M->377M(617M) 16.517ms
[426.625s][info][gc,cpu         ] GC(1265) User=0.03s Sys=0.00s Real=0.02s
[426.742s][info][gc,start       ] GC(1266) Pause Young (Allocation Failure)
[426.795s][info][gc,heap        ] GC(1266) PSYoungGen: 124960K(222720K)->44032K(222720K) Eden: 111616K(111616K)->0K(111616K) From: 13344K(111104K)->44032K(111104K)
[426.795s][info][gc,heap        ] GC(1266) ParOldGen: 372744K(409600K)->386117K(409600K)
[426.795s][info][gc,metaspace   ] GC(1266) Metaspace: 18804K(18944K)->18804K(18944K) NonClass: 16974K(17088K)->16974K(17088K) Class: 1829K(1856K)->1829K(1856K)
[426.795s][info][gc             ] GC(1266) Pause Young (Allocation Failure) 486M->420M(617M) 53.273ms
[426.795s][info][gc,cpu         ] GC(1266) User=0.11s Sys=0.00s Real=0.06s
[426.941s][info][gc,start       ] GC(1267) Pause Young (Allocation Failure)
[427.017s][info][gc,heap        ] GC(1267) PSYoungGen: 155648K(222720K)->22720K(222720K) Eden: 111616K(111616K)->0K(111616K) From: 44032K(111104K)->22720K(111104K)
[427.017s][info][gc,heap        ] GC(1267) ParOldGen: 386117K(409600K)->430194K(430592K)
[427.017s][info][gc,metaspace   ] GC(1267) Metaspace: 18804K(18944K)->18804K(18944K) NonClass: 16974K(17088K)->16974K(17088K) Class: 1829K(1856K)->1829K(1856K)
[427.017s][info][gc             ] GC(1267) Pause Young (Allocation Failure) 529M->442M(638M) 76.029ms
[427.017s][info][gc,cpu         ] GC(1267) User=0.14s Sys=0.02s Real=0.08s
[427.137s][info][gc,start       ] GC(1268) Pause Young (Allocation Failure)
[427.187s][info][gc,heap        ] GC(1268) PSYoungGen: 134336K(222720K)->7552K(222720K) Eden: 111616K(111616K)->0K(111616K) From: 22720K(111104K)->7552K(111104K)
[427.187s][info][gc,heap        ] GC(1268) ParOldGen: 430194K(430592K)->453134K(453632K)
[427.187s][info][gc,metaspace   ] GC(1268) Metaspace: 18804K(18944K)->18804K(18944K) NonClass: 16974K(17088K)->16974K(17088K) Class: 1829K(1856K)->1829K(1856K)
[427.187s][info][gc             ] GC(1268) Pause Young (Allocation Failure) 551M->449M(660M) 49.784ms
[427.187s][info][gc,cpu         ] GC(1268) User=0.09s Sys=0.01s Real=0.05s
[427.287s][info][gc,start       ] GC(1269) Pause Young (Allocation Failure)
[427.302s][info][gc,heap        ] GC(1269) PSYoungGen: 119168K(222720K)->896K(222720K) Eden: 111616K(111616K)->0K(111616K) From: 7552K(111104K)->896K(111104K)
[427.302s][info][gc,heap        ] GC(1269) ParOldGen: 453134K(453632K)->460694K(460800K)
[427.302s][info][gc,metaspace   ] GC(1269) Metaspace: 18804K(18944K)->18804K(18944K) NonClass: 16974K(17088K)->16974K(17088K) Class: 1829K(1856K)->1829K(1856K)
[427.302s][info][gc             ] GC(1269) Pause Young (Allocation Failure) 558M->450M(667M) 15.158ms
[427.302s][info][gc,cpu         ] GC(1269) User=0.02s Sys=0.01s Real=0.02s
[427.427s][info][gc,start       ] GC(1270) Pause Young (Allocation Failure)
[427.433s][info][gc,heap        ] GC(1270) PSYoungGen: 112512K(222720K)->1376K(222720K) Eden: 111616K(111616K)->0K(111616K) From: 896K(111104K)->1376K(111104K)
[427.433s][info][gc,heap        ] GC(1270) ParOldGen: 460694K(460800K)->461550K(461824K)
[427.433s][info][gc,metaspace   ] GC(1270) Metaspace: 18804K(18944K)->18804K(18944K) NonClass: 16974K(17088K)->16974K(17088K) Class: 1829K(1856K)->1829K(1856K)
[427.433s][info][gc             ] GC(1270) Pause Young (Allocation Failure) 559M->452M(668M) 5.822ms
[427.433s][info][gc,cpu         ] GC(1270) User=0.01s Sys=0.00s Real=0.01s
[427.776s][info][gc,start       ] GC(1271) Pause Young (Allocation Failure)
[427.781s][info][gc,heap        ] GC(1271) PSYoungGen: 112992K(222720K)->224K(222720K) Eden: 111616K(111616K)->0K(111616K) From: 1376K(111104K)->224K(111104K)
[427.781s][info][gc,heap        ] GC(1271) ParOldGen: 461550K(461824K)->462918K(463360K)
[427.781s][info][gc,metaspace   ] GC(1271) Metaspace: 18804K(18944K)->18804K(18944K) NonClass: 16974K(17088K)->16974K(17088K) Class: 1829K(1856K)->1829K(1856K)
[427.781s][info][gc             ] GC(1271) Pause Young (Allocation Failure) 561M->452M(670M) 5.190ms
[427.781s][info][gc,cpu         ] GC(1271) User=0.01s Sys=0.00s Real=0.00s
[427.902s][info][gc,start       ] GC(1272) Pause Young (Allocation Failure)
[427.963s][info][gc,heap        ] GC(1272) PSYoungGen: 111840K(222720K)->60736K(222720K) Eden: 111616K(111616K)->0K(111616K) From: 224K(111104K)->60736K(111104K)
[427.963s][info][gc,heap        ] GC(1272) ParOldGen: 462918K(463360K)->462918K(463360K)
[427.963s][info][gc,metaspace   ] GC(1272) Metaspace: 18804K(18944K)->18804K(18944K) NonClass: 16974K(17088K)->16974K(17088K) Class: 1829K(1856K)->1829K(1856K)
[427.963s][info][gc             ] GC(1272) Pause Young (Allocation Failure) 561M->511M(670M) 61.103ms
[427.963s][info][gc,cpu         ] GC(1272) User=0.12s Sys=0.00s Real=0.06s
[428.119s][info][gc,start       ] GC(1273) Pause Young (Allocation Failure)
[428.249s][info][gc,heap        ] GC(1273) PSYoungGen: 172352K(222720K)->36096K(147968K) Eden: 111616K(111616K)->0K(111616K) From: 60736K(111104K)->36096K(36352K)
[428.249s][info][gc,heap        ] GC(1273) ParOldGen: 462918K(463360K)->523814K(524288K)
[428.249s][info][gc,metaspace   ] GC(1273) Metaspace: 18804K(18944K)->18804K(18944K) NonClass: 16974K(17088K)->16974K(17088K) Class: 1829K(1856K)->1829K(1856K)
[428.249s][info][gc             ] GC(1273) Pause Young (Allocation Failure) 620M->546M(656M) 129.621ms
[428.249s][info][gc,cpu         ] GC(1273) User=0.20s Sys=0.05s Real=0.13s
[428.345s][info][gc,start       ] GC(1274) Pause Young (Allocation Failure)
[428.438s][info][gc,heap        ] GC(1274) PSYoungGen: 147712K(147968K)->95452K(219648K) Eden: 111616K(111616K)->0K(110080K) From: 36096K(36352K)->95452K(109568K)
[428.438s][info][gc,heap        ] GC(1274) ParOldGen: 523814K(524288K)->523814K(524288K)
[428.438s][info][gc,metaspace   ] GC(1274) Metaspace: 18805K(18944K)->18805K(18944K) NonClass: 16975K(17088K)->16975K(17088K) Class: 1829K(1856K)->1829K(1856K)
[428.438s][info][gc             ] GC(1274) Pause Young (Allocation Failure) 655M->604M(726M) 93.020ms
[428.438s][info][gc,cpu         ] GC(1274) User=0.18s Sys=0.00s Real=0.09s
[428.534s][info][gc,start       ] GC(1275) Pause Young (Allocation Failure)
[428.693s][info][gc,heap        ] GC(1275) PSYoungGen: 205532K(219648K)->24580K(221184K) Eden: 110080K(110080K)->0K(110080K) From: 95452K(109568K)->24580K(111104K)
[428.693s][info][gc,heap        ] GC(1275) ParOldGen: 523814K(524288K)->617590K(617984K)
[428.693s][info][gc,metaspace   ] GC(1275) Metaspace: 18805K(18944K)->18805K(18944K) NonClass: 16975K(17088K)->16975K(17088K) Class: 1829K(1856K)->1829K(1856K)
[428.693s][info][gc             ] GC(1275) Pause Young (Allocation Failure) 712M->627M(819M) 159.416ms
[428.693s][info][gc,cpu         ] GC(1275) User=0.25s Sys=0.06s Real=0.16s
[428.789s][info][gc,start       ] GC(1276) Pause Full (Allocation Failure)
[428.789s][info][gc,phases,start] GC(1276) Marking Phase
[428.862s][info][gc,phases      ] GC(1276) Marking Phase 72.961ms
[428.862s][info][gc,phases,start] GC(1276) Summary Phase
[428.862s][info][gc,phases      ] GC(1276) Summary Phase 0.033ms
[428.862s][info][gc,phases,start] GC(1276) Forward
[428.877s][info][gc,phases      ] GC(1276) Forward 15.146ms
[428.878s][info][gc,phases,start] GC(1276) Adjust Pointers
[428.927s][info][gc,phases      ] GC(1276) Adjust Pointers 49.488ms
[428.927s][info][gc,phases,start] GC(1276) Compaction Phase
[428.955s][info][gc,phases      ] GC(1276) Compaction Phase 27.801ms
[428.957s][info][gc,phases,start] GC(1276) Post Compact
[428.960s][info][gc,phases      ] GC(1276) Post Compact 2.250ms
[428.978s][info][gc,heap        ] GC(1276) PSYoungGen: 134660K(221184K)->0K(222720K) Eden: 110080K(110080K)->0K(111616K) From: 24580K(111104K)->0K(111104K)
[428.978s][info][gc,heap        ] GC(1276) ParOldGen: 617590K(617984K)->111111K(414208K)
[428.978s][info][gc,metaspace   ] GC(1276) Metaspace: 18805K(18944K)->18805K(18944K) NonClass: 16975K(17088K)->16975K(17088K) Class: 1829K(1856K)->1829K(1856K)
[428.978s][info][gc             ] GC(1276) Pause Full (Allocation Failure) 734M->108M(622M) 188.713ms
[428.978s][info][gc,cpu         ] GC(1276) User=0.31s Sys=0.02s Real=0.19s
[429.047s][info][gc,start       ] GC(1277) Pause Young (Allocation Failure)
[429.051s][info][gc,heap        ] GC(1277) PSYoungGen: 111616K(222720K)->2048K(222720K) Eden: 111616K(111616K)->0K(111616K) From: 0K(111104K)->2048K(111104K)
[429.051s][info][gc,heap        ] GC(1277) ParOldGen: 111111K(414208K)->111111K(414208K)
[429.051s][info][gc,metaspace   ] GC(1277) Metaspace: 18805K(18944K)->18805K(18944K) NonClass: 16975K(17088K)->16975K(17088K) Class: 1829K(1856K)->1829K(1856K)
[429.051s][info][gc             ] GC(1277) Pause Young (Allocation Failure) 217M->110M(622M) 3.459ms
[429.051s][info][gc,cpu         ] GC(1277) User=0.01s Sys=0.00s Real=0.00s
[429.110s][info][gc,start       ] GC(1278) Pause Young (Allocation Failure)
[429.126s][info][gc,heap        ] GC(1278) PSYoungGen: 113664K(222720K)->17184K(220672K) Eden: 111616K(111616K)->0K(111616K) From: 2048K(111104K)->17184K(109056K)
[429.126s][info][gc,heap        ] GC(1278) ParOldGen: 111111K(414208K)->113159K(414208K)
[429.126s][info][gc,metaspace   ] GC(1278) Metaspace: 18805K(18944K)->18805K(18944K) NonClass: 16975K(17088K)->16975K(17088K) Class: 1829K(1856K)->1829K(1856K)
[429.126s][info][gc             ] GC(1278) Pause Young (Allocation Failure) 219M->127M(620M) 16.064ms
[429.126s][info][gc,cpu         ] GC(1278) User=0.03s Sys=0.00s Real=0.02s
[429.190s][info][gc,start       ] GC(1279) Pause Young (Allocation Failure)
[429.230s][info][gc,heap        ] GC(1279) PSYoungGen: 128800K(220672K)->37792K(149504K) Eden: 111616K(111616K)->0K(111616K) From: 17184K(109056K)->37792K(37888K)
[429.230s][info][gc,heap        ] GC(1279) ParOldGen: 113159K(414208K)->130535K(414208K)
[429.230s][info][gc,metaspace   ] GC(1279) Metaspace: 18805K(18944K)->18805K(18944K) NonClass: 16975K(17088K)->16975K(17088K) Class: 1829K(1856K)->1829K(1856K)
[429.230s][info][gc             ] GC(1279) Pause Young (Allocation Failure) 236M->164M(550M) 39.938ms
[429.230s][info][gc,cpu         ] GC(1279) User=0.08s Sys=0.00s Real=0.04s
[429.412s][info][gc,start       ] GC(1280) Pause Young (Allocation Failure)
[429.451s][info][gc,heap        ] GC(1280) PSYoungGen: 149408K(149504K)->17248K(222720K) Eden: 111616K(111616K)->0K(119808K) From: 37792K(37888K)->17248K(102912K)
[429.451s][info][gc,heap        ] GC(1280) ParOldGen: 130535K(414208K)->168751K(414208K)
[429.451s][info][gc,metaspace   ] GC(1280) Metaspace: 18805K(18944K)->18805K(18944K) NonClass: 16975K(17088K)->16975K(17088K) Class: 1829K(1856K)->1829K(1856K)
[429.451s][info][gc             ] GC(1280) Pause Young (Allocation Failure) 273M->181M(622M) 38.632ms
[429.451s][info][gc,cpu         ] GC(1280) User=0.08s Sys=0.00s Real=0.03s
[429.553s][info][gc,start       ] GC(1281) Pause Young (Allocation Failure)
[429.573s][info][gc,heap        ] GC(1281) PSYoungGen: 137056K(222720K)->2464K(219648K) Eden: 119808K(119808K)->0K(119808K) From: 17248K(102912K)->2464K(99840K)
[429.573s][info][gc,heap        ] GC(1281) ParOldGen: 168751K(414208K)->186183K(414208K)
[429.573s][info][gc,metaspace   ] GC(1281) Metaspace: 18805K(18944K)->18805K(18944K) NonClass: 16975K(17088K)->16975K(17088K) Class: 1829K(1856K)->1829K(1856K)
[429.573s][info][gc             ] GC(1281) Pause Young (Allocation Failure) 298M->184M(619M) 19.630ms
[429.573s][info][gc,cpu         ] GC(1281) User=0.04s Sys=0.00s Real=0.02s
[429.770s][info][gc,start       ] GC(1282) Pause Young (Allocation Failure)
[429.811s][info][gc,heap        ] GC(1282) PSYoungGen: 122272K(219648K)->21188K(216576K) Eden: 119808K(119808K)->0K(131072K) From: 2464K(99840K)->21188K(85504K)
[429.811s][info][gc,heap        ] GC(1282) ParOldGen: 186183K(414208K)->186183K(414208K)
[429.811s][info][gc,metaspace   ] GC(1282) Metaspace: 18805K(18944K)->18805K(18944K) NonClass: 16975K(17088K)->16975K(17088K) Class: 1829K(1856K)->1829K(1856K)
[429.811s][info][gc             ] GC(1282) Pause Young (Allocation Failure) 301M->202M(616M) 40.304ms
[429.811s][info][gc,cpu         ] GC(1282) User=0.08s Sys=0.01s Real=0.04s
[429.958s][info][gc,start       ] GC(1283) Pause Young (Allocation Failure)
[430.024s][info][gc,heap        ] GC(1283) PSYoungGen: 152260K(216576K)->51652K(222720K) Eden: 131072K(131072K)->0K(131072K) From: 21188K(85504K)->51652K(91648K)
[430.024s][info][gc,heap        ] GC(1283) ParOldGen: 186183K(414208K)->186183K(414208K)
[430.024s][info][gc,metaspace   ] GC(1283) Metaspace: 18805K(18944K)->18805K(18944K) NonClass: 16975K(17088K)->16975K(17088K) Class: 1829K(1856K)->1829K(1856K)
[430.024s][info][gc             ] GC(1283) Pause Young (Allocation Failure) 330M->232M(622M) 65.415ms
[430.024s][info][gc,cpu         ] GC(1283) User=0.13s Sys=0.00s Real=0.07s
[430.132s][info][gc,start       ] GC(1284) Pause Young (Allocation Failure)
[430.269s][info][gc,heap        ] GC(1284) PSYoungGen: 182724K(222720K)->94180K(205824K) Eden: 131072K(131072K)->0K(111616K) From: 51652K(91648K)->94180K(94208K)
[430.269s][info][gc,heap        ] GC(1284) ParOldGen: 186183K(414208K)->205639K(414208K)
[430.269s][info][gc,metaspace   ] GC(1284) Metaspace: 18805K(18944K)->18805K(18944K) NonClass: 16975K(17088K)->16975K(17088K) Class: 1829K(1856K)->1829K(1856K)
[430.269s][info][gc             ] GC(1284) Pause Young (Allocation Failure) 360M->292M(605M) 137.265ms
[430.269s][info][gc,cpu         ] GC(1284) User=0.26s Sys=0.01s Real=0.14s
[430.310s][info][gc,start       ] GC(1285) Pause Young (Allocation Failure)
[430.440s][info][gc,heap        ] GC(1285) PSYoungGen: 205796K(205824K)->108752K(222720K) Eden: 111616K(111616K)->0K(111616K) From: 94180K(94208K)->108752K(111104K)
[430.440s][info][gc,heap        ] GC(1285) ParOldGen: 205639K(414208K)->218465K(414208K)
[430.440s][info][gc,metaspace   ] GC(1285) Metaspace: 18805K(18944K)->18805K(18944K) NonClass: 16975K(17088K)->16975K(17088K) Class: 1829K(1856K)->1829K(1856K)
[430.440s][info][gc             ] GC(1285) Pause Young (Allocation Failure) 401M->319M(622M) 129.442ms
[430.440s][info][gc,cpu         ] GC(1285) User=0.26s Sys=0.00s Real=0.13s
[430.482s][info][gc,start       ] GC(1286) Pause Young (Allocation Failure)
[430.604s][info][gc,heap        ] GC(1286) PSYoungGen: 220368K(222720K)->55040K(222720K) Eden: 111616K(111616K)->0K(111616K) From: 108752K(111104K)->55040K(111104K)
[430.604s][info][gc,heap        ] GC(1286) ParOldGen: 218465K(414208K)->300153K(414208K)
[430.604s][info][gc,metaspace   ] GC(1286) Metaspace: 18805K(18944K)->18805K(18944K) NonClass: 16975K(17088K)->16975K(17088K) Class: 1829K(1856K)->1829K(1856K)
[430.604s][info][gc             ] GC(1286) Pause Young (Allocation Failure) 428M->346M(622M) 121.597ms
[430.604s][info][gc,cpu         ] GC(1286) User=0.23s Sys=0.00s Real=0.12s
[430.713s][info][gc,start       ] GC(1287) Pause Young (Allocation Failure)
[430.763s][info][gc,heap        ] GC(1287) PSYoungGen: 166656K(222720K)->12896K(222720K) Eden: 111616K(111616K)->0K(111616K) From: 55040K(111104K)->12896K(111104K)
[430.763s][info][gc,heap        ] GC(1287) ParOldGen: 300153K(414208K)->355857K(414208K)
[430.764s][info][gc,metaspace   ] GC(1287) Metaspace: 18805K(18944K)->18805K(18944K) NonClass: 16975K(17088K)->16975K(17088K) Class: 1829K(1856K)->1829K(1856K)
[430.764s][info][gc             ] GC(1287) Pause Young (Allocation Failure) 455M->360M(622M) 50.631ms
[430.764s][info][gc,cpu         ] GC(1287) User=0.10s Sys=0.00s Real=0.05s
[430.848s][info][gc,start       ] GC(1288) Pause Young (Allocation Failure)
[430.870s][info][gc,heap        ] GC(1288) PSYoungGen: 124512K(222720K)->4928K(222720K) Eden: 111616K(111616K)->0K(111616K) From: 12896K(111104K)->4928K(111104K)
[430.871s][info][gc,heap        ] GC(1288) ParOldGen: 355857K(414208K)->368889K(414208K)
[430.871s][info][gc,metaspace   ] GC(1288) Metaspace: 18805K(18944K)->18805K(18944K) NonClass: 16975K(17088K)->16975K(17088K) Class: 1829K(1856K)->1829K(1856K)
[430.871s][info][gc             ] GC(1288) Pause Young (Allocation Failure) 469M->365M(622M) 22.798ms
[430.871s][info][gc,cpu         ] GC(1288) User=0.04s Sys=0.00s Real=0.02s
[430.935s][info][gc,start       ] GC(1289) Pause Young (Allocation Failure)
[430.948s][info][gc,heap        ] GC(1289) PSYoungGen: 116544K(222720K)->1376K(222720K) Eden: 111616K(111616K)->0K(111616K) From: 4928K(111104K)->1376K(111104K)
[430.948s][info][gc,heap        ] GC(1289) ParOldGen: 368889K(414208K)->373801K(414208K)
[430.948s][info][gc,metaspace   ] GC(1289) Metaspace: 18805K(18944K)->18805K(18944K) NonClass: 16975K(17088K)->16975K(17088K) Class: 1829K(1856K)->1829K(1856K)
[430.948s][info][gc             ] GC(1289) Pause Young (Allocation Failure) 474M->366M(622M) 12.971ms
[430.948s][info][gc,cpu         ] GC(1289) User=0.03s Sys=0.00s Real=0.01s
[431.084s][info][gc,start       ] GC(1290) Pause Young (Allocation Failure)
[431.129s][info][gc,heap        ] GC(1290) PSYoungGen: 112992K(222720K)->25857K(222720K) Eden: 111616K(111616K)->0K(111616K) From: 1376K(111104K)->25857K(111104K)
[431.129s][info][gc,heap        ] GC(1290) ParOldGen: 373801K(414208K)->375145K(414208K)
[431.129s][info][gc,metaspace   ] GC(1290) Metaspace: 18805K(18944K)->18805K(18944K) NonClass: 16975K(17088K)->16975K(17088K) Class: 1829K(1856K)->1829K(1856K)
[431.129s][info][gc             ] GC(1290) Pause Young (Allocation Failure) 475M->391M(622M) 45.242ms
[431.129s][info][gc,cpu         ] GC(1290) User=0.09s Sys=0.00s Real=0.04s
[431.229s][info][gc,start       ] GC(1291) Pause Young (Allocation Failure)
[431.293s][info][gc,heap        ] GC(1291) PSYoungGen: 137473K(222720K)->24544K(136192K) Eden: 111616K(111616K)->0K(111616K) From: 25857K(111104K)->24544K(24576K)
[431.293s][info][gc,heap        ] GC(1291) ParOldGen: 375145K(414208K)->401046K(414208K)
[431.293s][info][gc,metaspace   ] GC(1291) Metaspace: 18805K(18944K)->18805K(18944K) NonClass: 16975K(17088K)->16975K(17088K) Class: 1829K(1856K)->1829K(1856K)
[431.293s][info][gc             ] GC(1291) Pause Young (Allocation Failure) 500M->415M(537M) 63.890ms
[431.293s][info][gc,cpu         ] GC(1291) User=0.13s Sys=0.00s Real=0.07s
[431.419s][info][gc,start       ] GC(1292) Pause Young (Allocation Failure)
[431.470s][info][gc,heap        ] GC(1292) PSYoungGen: 136160K(136192K)->13472K(225792K) Eden: 111616K(111616K)->0K(115712K) From: 24544K(24576K)->13472K(110080K)
[431.470s][info][gc,heap        ] GC(1292) ParOldGen: 401046K(414208K)->425692K(425984K)
[431.470s][info][gc,metaspace   ] GC(1292) Metaspace: 18805K(18944K)->18805K(18944K) NonClass: 16975K(17088K)->16975K(17088K) Class: 1829K(1856K)->1829K(1856K)
[431.470s][info][gc             ] GC(1292) Pause Young (Allocation Failure) 524M->428M(636M) 51.590ms
[431.470s][info][gc,cpu         ] GC(1292) User=0.08s Sys=0.01s Real=0.05s
[431.604s][info][gc,start       ] GC(1293) Pause Young (Allocation Failure)
[431.642s][info][gc,heap        ] GC(1293) PSYoungGen: 129184K(225792K)->12256K(128000K) Eden: 115712K(115712K)->0K(115712K) From: 13472K(110080K)->12256K(12288K)
[431.642s][info][gc,heap        ] GC(1293) ParOldGen: 425692K(425984K)->439196K(439296K)
[431.642s][info][gc,metaspace   ] GC(1293) Metaspace: 18805K(18944K)->18805K(18944K) NonClass: 16975K(17088K)->16975K(17088K) Class: 1829K(1856K)->1829K(1856K)
[431.642s][info][gc             ] GC(1293) Pause Young (Allocation Failure) 541M->440M(554M) 37.938ms
[431.642s][info][gc,cpu         ] GC(1293) User=0.06s Sys=0.00s Real=0.03s
[431.820s][info][gc,start       ] GC(1294) Pause Young (Allocation Failure)
[431.846s][info][gc,heap        ] GC(1294) PSYoungGen: 127968K(128000K)->928K(221184K) Eden: 115712K(115712K)->0K(119808K) From: 12256K(12288K)->928K(101376K)
[431.846s][info][gc,heap        ] GC(1294) ParOldGen: 439196K(439296K)->451468K(451584K)
[431.846s][info][gc,metaspace   ] GC(1294) Metaspace: 18805K(18944K)->18805K(18944K) NonClass: 16975K(17088K)->16975K(17088K) Class: 1829K(1856K)->1829K(1856K)
[431.846s][info][gc             ] GC(1294) Pause Young (Allocation Failure) 553M->441M(657M) 25.974ms
[431.846s][info][gc,cpu         ] GC(1294) User=0.03s Sys=0.02s Real=0.03s
[431.984s][info][gc,start       ] GC(1295) Pause Young (Allocation Failure)
[432.000s][info][gc,heap        ] GC(1295) PSYoungGen: 120736K(221184K)->3552K(219136K) Eden: 119808K(119808K)->0K(119808K) From: 928K(101376K)->3552K(99328K)
[432.000s][info][gc,heap        ] GC(1295) ParOldGen: 451468K(451584K)->452316K(452608K)
[432.000s][info][gc,metaspace   ] GC(1295) Metaspace: 18805K(18944K)->18805K(18944K) NonClass: 16975K(17088K)->16975K(17088K) Class: 1829K(1856K)->1829K(1856K)
[432.000s][info][gc             ] GC(1295) Pause Young (Allocation Failure) 558M->445M(656M) 15.510ms
[432.000s][info][gc,cpu         ] GC(1295) User=0.03s Sys=0.00s Real=0.01s
[432.195s][info][gc,start       ] GC(1296) Pause Young (Allocation Failure)
[432.209s][info][gc,heap        ] GC(1296) PSYoungGen: 123360K(219136K)->10816K(215040K) Eden: 119808K(119808K)->0K(129536K) From: 3552K(99328K)->10816K(85504K)
[432.209s][info][gc,heap        ] GC(1296) ParOldGen: 452316K(452608K)->452316K(452608K)
[432.209s][info][gc,metaspace   ] GC(1296) Metaspace: 18805K(18944K)->18805K(18944K) NonClass: 16975K(17088K)->16975K(17088K) Class: 1829K(1856K)->1829K(1856K)
[432.209s][info][gc             ] GC(1296) Pause Young (Allocation Failure) 562M->452M(652M) 14.610ms
[432.209s][info][gc,cpu         ] GC(1296) User=0.02s Sys=0.00s Real=0.01s
[432.370s][info][gc,start       ] GC(1297) Pause Young (Allocation Failure)
[432.406s][info][gc,heap        ] GC(1297) PSYoungGen: 140352K(215040K)->26400K(220672K) Eden: 129536K(129536K)->0K(129536K) From: 10816K(85504K)->26400K(91136K)
[432.406s][info][gc,heap        ] GC(1297) ParOldGen: 452316K(452608K)->452316K(452608K)
[432.406s][info][gc,metaspace   ] GC(1297) Metaspace: 18805K(18944K)->18805K(18944K) NonClass: 16975K(17088K)->16975K(17088K) Class: 1829K(1856K)->1829K(1856K)
[432.406s][info][gc             ] GC(1297) Pause Young (Allocation Failure) 578M->467M(657M) 35.778ms
[432.406s][info][gc,cpu         ] GC(1297) User=0.07s Sys=0.00s Real=0.04s
[432.841s][info][gc,start       ] GC(1298) Pause Young (Allocation Failure)
[432.871s][info][gc,heap        ] GC(1298) PSYoungGen: 155936K(220672K)->26432K(213504K) Eden: 129536K(129536K)->0K(139264K) From: 26400K(91136K)->26432K(74240K)
[432.871s][info][gc,heap        ] GC(1298) ParOldGen: 452316K(452608K)->452316K(452608K)
[432.871s][info][gc,metaspace   ] GC(1298) Metaspace: 18805K(18944K)->18805K(18944K) NonClass: 16975K(17088K)->16975K(17088K) Class: 1829K(1856K)->1829K(1856K)
[432.871s][info][gc             ] GC(1298) Pause Young (Allocation Failure) 593M->467M(650M) 30.108ms
[432.871s][info][gc,cpu         ] GC(1298) User=0.06s Sys=0.00s Real=0.03s
[433.208s][info][gc,start       ] GC(1299) Pause Young (Allocation Failure)
[433.237s][info][gc,heap        ] GC(1299) PSYoungGen: 165696K(213504K)->26560K(219648K) Eden: 139264K(139264K)->0K(139264K) From: 26432K(74240K)->26560K(80384K)
[433.237s][info][gc,heap        ] GC(1299) ParOldGen: 452316K(452608K)->452316K(452608K)
[433.237s][info][gc,metaspace   ] GC(1299) Metaspace: 18805K(18944K)->18805K(18944K) NonClass: 16975K(17088K)->16975K(17088K) Class: 1829K(1856K)->1829K(1856K)
[433.237s][info][gc             ] GC(1299) Pause Young (Allocation Failure) 603M->467M(656M) 29.496ms
[433.237s][info][gc,cpu         ] GC(1299) User=0.06s Sys=0.00s Real=0.03s
[433.556s][info][gc,start       ] GC(1300) Pause Young (Allocation Failure)
[433.600s][info][gc,heap        ] GC(1300) PSYoungGen: 165824K(219648K)->31360K(220160K) Eden: 139264K(139264K)->0K(148480K) From: 26560K(80384K)->31360K(71680K)
[433.600s][info][gc,heap        ] GC(1300) ParOldGen: 452316K(452608K)->452316K(452608K)
[433.600s][info][gc,metaspace   ] GC(1300) Metaspace: 18805K(18944K)->18805K(18944K) NonClass: 16975K(17088K)->16975K(17088K) Class: 1829K(1856K)->1829K(1856K)
[433.600s][info][gc             ] GC(1300) Pause Young (Allocation Failure) 603M->472M(657M) 44.155ms
[433.600s][info][gc,cpu         ] GC(1300) User=0.09s Sys=0.00s Real=0.04s
[433.746s][info][gc,start       ] GC(1301) Pause Young (Allocation Failure)
[433.813s][info][gc,heap        ] GC(1301) PSYoungGen: 179840K(220160K)->73702K(222208K) Eden: 148480K(148480K)->0K(148480K) From: 31360K(71680K)->73702K(73728K)
[433.813s][info][gc,heap        ] GC(1301) ParOldGen: 452316K(452608K)->453476K(453632K)
[433.813s][info][gc,metaspace   ] GC(1301) Metaspace: 18805K(18944K)->18805K(18944K) NonClass: 16975K(17088K)->16975K(17088K) Class: 1829K(1856K)->1829K(1856K)
[433.813s][info][gc             ] GC(1301) Pause Young (Allocation Failure) 617M->514M(660M) 67.036ms
[433.813s][info][gc,cpu         ] GC(1301) User=0.13s Sys=0.01s Real=0.07s
[434.020s][info][gc,start       ] GC(1302) Pause Young (Allocation Failure)
[434.131s][info][gc,heap        ] GC(1302) PSYoungGen: 222182K(222208K)->87542K(202240K) Eden: 148480K(148480K)->0K(114688K) From: 73702K(73728K)->87542K(87552K)
[434.131s][info][gc,heap        ] GC(1302) ParOldGen: 453476K(453632K)->470812K(471040K)
[434.131s][info][gc,metaspace   ] GC(1302) Metaspace: 18805K(18944K)->18805K(18944K) NonClass: 16976K(17088K)->16976K(17088K) Class: 1829K(1856K)->1829K(1856K)
[434.131s][info][gc             ] GC(1302) Pause Young (Allocation Failure) 659M->545M(657M) 111.899ms
[434.131s][info][gc,cpu         ] GC(1302) User=0.18s Sys=0.04s Real=0.11s
[434.243s][info][gc,start       ] GC(1303) Pause Young (Allocation Failure)
[434.321s][info][gc,heap        ] GC(1303) PSYoungGen: 202230K(202240K)->74326K(189440K) Eden: 114688K(114688K)->0K(114688K) From: 87542K(87552K)->74326K(74752K)
[434.321s][info][gc,heap        ] GC(1303) ParOldGen: 470812K(471040K)->486474K(486912K)
[434.321s][info][gc,metaspace   ] GC(1303) Metaspace: 18805K(18944K)->18805K(18944K) NonClass: 16976K(17088K)->16976K(17088K) Class: 1829K(1856K)->1829K(1856K)
[434.321s][info][gc             ] GC(1303) Pause Young (Allocation Failure) 657M->547M(660M) 78.340ms
[434.321s][info][gc,cpu         ] GC(1303) User=0.14s Sys=0.01s Real=0.07s
[434.503s][info][gc,start       ] GC(1304) Pause Young (Allocation Failure)
[434.592s][info][gc,heap        ] GC(1304) PSYoungGen: 189014K(189440K)->88492K(222720K) Eden: 114688K(114688K)->0K(111616K) From: 74326K(74752K)->88492K(111104K)
[434.592s][info][gc,heap        ] GC(1304) ParOldGen: 486474K(486912K)->491442K(491520K)
[434.592s][info][gc,metaspace   ] GC(1304) Metaspace: 18805K(18944K)->18805K(18944K) NonClass: 16976K(17088K)->16976K(17088K) Class: 1829K(1856K)->1829K(1856K)
[434.592s][info][gc             ] GC(1304) Pause Young (Allocation Failure) 659M->566M(697M) 88.894ms
[434.592s][info][gc,cpu         ] GC(1304) User=0.17s Sys=0.00s Real=0.08s
[434.732s][info][gc,start       ] GC(1305) Pause Young (Allocation Failure)
[434.880s][info][gc,heap        ] GC(1305) PSYoungGen: 200108K(222720K)->41196K(222720K) Eden: 111616K(111616K)->0K(111616K) From: 88492K(111104K)->41196K(111104K)
[434.880s][info][gc,heap        ] GC(1305) ParOldGen: 491442K(491520K)->559203K(559616K)
[434.880s][info][gc,metaspace   ] GC(1305) Metaspace: 18805K(18944K)->18805K(18944K) NonClass: 16976K(17088K)->16976K(17088K) Class: 1829K(1856K)->1829K(1856K)
[434.880s][info][gc             ] GC(1305) Pause Young (Allocation Failure) 675M->586M(764M) 148.521ms
[434.880s][info][gc,cpu         ] GC(1305) User=0.23s Sys=0.06s Real=0.15s
[435.021s][info][gc,start       ] GC(1306) Pause Young (Allocation Failure)
[435.104s][info][gc,heap        ] GC(1306) PSYoungGen: 152812K(222720K)->33760K(222720K) Eden: 111616K(111616K)->0K(111616K) From: 41196K(111104K)->33760K(111104K)
[435.104s][info][gc,heap        ] GC(1306) ParOldGen: 559203K(559616K)->580791K(581120K)
[435.104s][info][gc,metaspace   ] GC(1306) Metaspace: 18806K(18944K)->18806K(18944K) NonClass: 16977K(17088K)->16977K(17088K) Class: 1829K(1856K)->1829K(1856K)
[435.104s][info][gc             ] GC(1306) Pause Young (Allocation Failure) 695M->600M(785M) 83.159ms
[435.104s][info][gc,cpu         ] GC(1306) User=0.15s Sys=0.02s Real=0.09s
[435.171s][info][gc,start       ] GC(1307) Pause Young (Allocation Failure)
[435.235s][info][gc,heap        ] GC(1307) PSYoungGen: 145376K(222720K)->8096K(222720K) Eden: 111616K(111616K)->0K(111616K) From: 33760K(111104K)->8096K(111104K)
[435.235s][info][gc,heap        ] GC(1307) ParOldGen: 580791K(581120K)->614607K(614912K)
[435.235s][info][gc,metaspace   ] GC(1307) Metaspace: 18806K(18944K)->18806K(18944K) NonClass: 16977K(17088K)->16977K(17088K) Class: 1829K(1856K)->1829K(1856K)
[435.235s][info][gc             ] GC(1307) Pause Young (Allocation Failure) 709M->608M(818M) 63.631ms
[435.235s][info][gc,cpu         ] GC(1307) User=0.10s Sys=0.03s Real=0.07s
[435.339s][info][gc,start       ] GC(1308) Pause Full (Allocation Failure)
[435.339s][info][gc,phases,start] GC(1308) Marking Phase
[435.616s][info][gc,phases      ] GC(1308) Marking Phase 277.112ms
[435.616s][info][gc,phases,start] GC(1308) Summary Phase
[435.616s][info][gc,phases      ] GC(1308) Summary Phase 0.030ms
[435.616s][info][gc,phases,start] GC(1308) Forward
[435.687s][info][gc,phases      ] GC(1308) Forward 70.987ms
[435.687s][info][gc,phases,start] GC(1308) Adjust Pointers
[435.892s][info][gc,phases      ] GC(1308) Adjust Pointers 204.135ms
[435.892s][info][gc,phases,start] GC(1308) Compaction Phase
[436.010s][info][gc,phases      ] GC(1308) Compaction Phase 118.656ms
[436.016s][info][gc,phases,start] GC(1308) Post Compact
[436.018s][info][gc,phases      ] GC(1308) Post Compact 2.200ms
[436.018s][info][gc,heap        ] GC(1308) PSYoungGen: 119712K(222720K)->0K(222720K) Eden: 111616K(111616K)->0K(111616K) From: 8096K(111104K)->0K(111104K)
[436.018s][info][gc,heap        ] GC(1308) ParOldGen: 614607K(614912K)->346119K(626688K)
[436.018s][info][gc,metaspace   ] GC(1308) Metaspace: 18806K(18944K)->18806K(18944K) NonClass: 16977K(17088K)->16977K(17088K) Class: 1829K(1856K)->1829K(1856K)
[436.018s][info][gc             ] GC(1308) Pause Full (Allocation Failure) 717M->338M(829M) 679.401ms
[436.018s][info][gc,cpu         ] GC(1308) User=1.30s Sys=0.00s Real=0.68s
[436.108s][info][gc,start       ] GC(1309) Pause Young (Allocation Failure)
[436.118s][info][gc,heap        ] GC(1309) PSYoungGen: 111616K(222720K)->4608K(222720K) Eden: 111616K(111616K)->0K(111616K) From: 0K(111104K)->4608K(111104K)
[436.118s][info][gc,heap        ] GC(1309) ParOldGen: 346119K(626688K)->346119K(626688K)
[436.118s][info][gc,metaspace   ] GC(1309) Metaspace: 18806K(18944K)->18806K(18944K) NonClass: 16977K(17088K)->16977K(17088K) Class: 1829K(1856K)->1829K(1856K)
[436.118s][info][gc             ] GC(1309) Pause Young (Allocation Failure) 447M->342M(829M) 10.672ms
[436.118s][info][gc,cpu         ] GC(1309) User=0.02s Sys=0.00s Real=0.01s
[436.187s][info][gc,start       ] GC(1310) Pause Young (Allocation Failure)
[436.221s][info][gc,heap        ] GC(1310) PSYoungGen: 116224K(222720K)->31904K(210432K) Eden: 111616K(111616K)->0K(111616K) From: 4608K(111104K)->31904K(98816K)
[436.221s][info][gc,heap        ] GC(1310) ParOldGen: 346119K(626688K)->350727K(626688K)
[436.221s][info][gc,metaspace   ] GC(1310) Metaspace: 18807K(18944K)->18807K(18944K) NonClass: 16978K(17088K)->16978K(17088K) Class: 1829K(1856K)->1829K(1856K)
[436.221s][info][gc             ] GC(1310) Pause Young (Allocation Failure) 451M->373M(817M) 33.303ms
[436.221s][info][gc,cpu         ] GC(1310) User=0.07s Sys=0.00s Real=0.03s
[436.307s][info][gc,start       ] GC(1311) Pause Young (Allocation Failure)
[436.336s][info][gc,heap        ] GC(1311) PSYoungGen: 143520K(210432K)->6656K(216576K) Eden: 111616K(111616K)->0K(111616K) From: 31904K(98816K)->6656K(104960K)
[436.336s][info][gc,heap        ] GC(1311) ParOldGen: 350727K(626688K)->382919K(626688K)
[436.336s][info][gc,metaspace   ] GC(1311) Metaspace: 18807K(18944K)->18807K(18944K) NonClass: 16978K(17088K)->16978K(17088K) Class: 1829K(1856K)->1829K(1856K)
[436.336s][info][gc             ] GC(1311) Pause Young (Allocation Failure) 482M->380M(823M) 29.385ms
[436.336s][info][gc,cpu         ] GC(1311) User=0.06s Sys=0.00s Real=0.03s
[436.418s][info][gc,start       ] GC(1312) Pause Young (Allocation Failure)
[436.434s][info][gc,heap        ] GC(1312) PSYoungGen: 118272K(216576K)->8000K(221184K) Eden: 111616K(111616K)->0K(123904K) From: 6656K(104960K)->8000K(97280K)
[436.434s][info][gc,heap        ] GC(1312) ParOldGen: 382919K(626688K)->389583K(626688K)
[436.434s][info][gc,metaspace   ] GC(1312) Metaspace: 18808K(18944K)->18808K(18944K) NonClass: 16979K(17088K)->16979K(17088K) Class: 1829K(1856K)->1829K(1856K)
[436.434s][info][gc             ] GC(1312) Pause Young (Allocation Failure) 489M->388M(828M) 16.202ms
[436.434s][info][gc,cpu         ] GC(1312) User=0.03s Sys=0.01s Real=0.02s
[436.525s][info][gc,start       ] GC(1313) Pause Young (Allocation Failure)
[436.543s][info][gc,heap        ] GC(1313) PSYoungGen: 131904K(221184K)->4448K(224256K) Eden: 123904K(123904K)->0K(123904K) From: 8000K(97280K)->4448K(100352K)
[436.543s][info][gc,heap        ] GC(1313) ParOldGen: 389583K(626688K)->397599K(626688K)
[436.543s][info][gc,metaspace   ] GC(1313) Metaspace: 18808K(18944K)->18808K(18944K) NonClass: 16979K(17088K)->16979K(17088K) Class: 1829K(1856K)->1829K(1856K)
[436.543s][info][gc             ] GC(1313) Pause Young (Allocation Failure) 509M->392M(831M) 17.687ms
[436.543s][info][gc,cpu         ] GC(1313) User=0.03s Sys=0.00s Real=0.02s
[436.661s][info][gc,start       ] GC(1314) Pause Young (Allocation Failure)
[436.705s][info][gc,heap        ] GC(1314) PSYoungGen: 128352K(224256K)->28480K(219648K) Eden: 123904K(123904K)->0K(135680K) From: 4448K(100352K)->28480K(83968K)
[436.705s][info][gc,heap        ] GC(1314) ParOldGen: 397599K(626688K)->402045K(626688K)
[436.705s][info][gc,metaspace   ] GC(1314) Metaspace: 18808K(18944K)->18808K(18944K) NonClass: 16979K(17088K)->16979K(17088K) Class: 1829K(1856K)->1829K(1856K)
[436.705s][info][gc             ] GC(1314) Pause Young (Allocation Failure) 513M->420M(826M) 44.252ms
[436.705s][info][gc,cpu         ] GC(1314) User=0.08s Sys=0.00s Real=0.05s
[436.863s][info][gc,start       ] GC(1315) Pause Young (Allocation Failure)
[436.910s][info][gc,heap        ] GC(1315) PSYoungGen: 164160K(219648K)->10144K(226816K) Eden: 135680K(135680K)->0K(135680K) From: 28480K(83968K)->10144K(91136K)
[436.910s][info][gc,heap        ] GC(1315) ParOldGen: 402045K(626688K)->430589K(626688K)
[436.910s][info][gc,metaspace   ] GC(1315) Metaspace: 18808K(18944K)->18808K(18944K) NonClass: 16979K(17088K)->16979K(17088K) Class: 1829K(1856K)->1829K(1856K)
[436.910s][info][gc             ] GC(1315) Pause Young (Allocation Failure) 552M->430M(833M) 47.020ms
[436.910s][info][gc,cpu         ] GC(1315) User=0.09s Sys=0.00s Real=0.04s
[437.094s][info][gc,start       ] GC(1316) Pause Young (Allocation Failure)
[437.125s][info][gc,heap        ] GC(1316) PSYoungGen: 145824K(226816K)->9664K(229376K) Eden: 135680K(135680K)->0K(148992K) From: 10144K(91136K)->9664K(80384K)
[437.125s][info][gc,heap        ] GC(1316) ParOldGen: 430589K(626688K)->440741K(626688K)
[437.125s][info][gc,metaspace   ] GC(1316) Metaspace: 18808K(18944K)->18808K(18944K) NonClass: 16979K(17088K)->16979K(17088K) Class: 1829K(1856K)->1829K(1856K)
[437.125s][info][gc             ] GC(1316) Pause Young (Allocation Failure) 562M->439M(836M) 31.225ms
[437.125s][info][gc,cpu         ] GC(1316) User=0.06s Sys=0.00s Real=0.03s
[437.572s][info][gc,start       ] GC(1317) Pause Young (Allocation Failure)
[437.586s][info][gc,heap        ] GC(1317) PSYoungGen: 158656K(229376K)->224K(233472K) Eden: 148992K(148992K)->0K(148992K) From: 9664K(80384K)->224K(84480K)
[437.586s][info][gc,heap        ] GC(1317) ParOldGen: 440741K(626688K)->450413K(626688K)
[437.586s][info][gc,metaspace   ] GC(1317) Metaspace: 18815K(19008K)->18815K(19008K) NonClass: 16985K(17152K)->16985K(17152K) Class: 1829K(1856K)->1829K(1856K)
[437.586s][info][gc             ] GC(1317) Pause Young (Allocation Failure) 585M->440M(840M) 13.531ms
[437.586s][info][gc,cpu         ] GC(1317) User=0.03s Sys=0.00s Real=0.01s
[437.902s][info][gc,start       ] GC(1318) Pause Young (Allocation Failure)
[437.917s][info][gc,heap        ] GC(1318) PSYoungGen: 149216K(233472K)->11872K(234496K) Eden: 148992K(148992K)->0K(160768K) From: 224K(84480K)->11872K(73728K)
[437.917s][info][gc,heap        ] GC(1318) ParOldGen: 450413K(626688K)->450413K(626688K)
[437.917s][info][gc,metaspace   ] GC(1318) Metaspace: 18822K(19008K)->18822K(19008K) NonClass: 16993K(17152K)->16993K(17152K) Class: 1829K(1856K)->1829K(1856K)
[437.918s][info][gc             ] GC(1318) Pause Young (Allocation Failure) 585M->451M(841M) 16.012ms
[437.918s][info][gc,cpu         ] GC(1318) User=0.03s Sys=0.00s Real=0.02s
[438.108s][info][gc,start       ] GC(1319) Pause Young (Allocation Failure)
[438.134s][info][gc,heap        ] GC(1319) PSYoungGen: 172640K(234496K)->24368K(239616K) Eden: 160768K(160768K)->0K(160768K) From: 11872K(73728K)->24368K(78848K)
[438.134s][info][gc,heap        ] GC(1319) ParOldGen: 450413K(626688K)->450413K(626688K)
[438.134s][info][gc,metaspace   ] GC(1319) Metaspace: 18824K(19008K)->18824K(19008K) NonClass: 16995K(17152K)->16995K(17152K) Class: 1829K(1856K)->1829K(1856K)
[438.134s][info][gc             ] GC(1319) Pause Young (Allocation Failure) 608M->463M(846M) 25.415ms
[438.134s][info][gc,cpu         ] GC(1319) User=0.05s Sys=0.00s Real=0.03s
[438.317s][info][gc,start       ] GC(1320) Pause Young (Allocation Failure)
[438.369s][info][gc,heap        ] GC(1320) PSYoungGen: 185136K(239616K)->61664K(238080K) Eden: 160768K(160768K)->0K(163840K) From: 24368K(78848K)->61664K(74240K)
[438.369s][info][gc,heap        ] GC(1320) ParOldGen: 450413K(626688K)->450413K(626688K)
[438.369s][info][gc,metaspace   ] GC(1320) Metaspace: 18824K(19008K)->18824K(19008K) NonClass: 16995K(17152K)->16995K(17152K) Class: 1829K(1856K)->1829K(1856K)
[438.369s][info][gc             ] GC(1320) Pause Young (Allocation Failure) 620M->500M(844M) 51.852ms
[438.369s][info][gc,cpu         ] GC(1320) User=0.10s Sys=0.00s Real=0.05s
[438.597s][info][gc,start       ] GC(1321) Pause Young (Allocation Failure)
[438.675s][info][gc,heap        ] GC(1321) PSYoungGen: 225504K(238080K)->83440K(247296K) Eden: 163840K(163840K)->0K(163840K) From: 61664K(74240K)->83440K(83456K)
[438.675s][info][gc,heap        ] GC(1321) ParOldGen: 450413K(626688K)->469493K(626688K)
[438.676s][info][gc,metaspace   ] GC(1321) Metaspace: 18825K(19008K)->18825K(19008K) NonClass: 16995K(17152K)->16995K(17152K) Class: 1829K(1856K)->1829K(1856K)
[438.676s][info][gc             ] GC(1321) Pause Young (Allocation Failure) 660M->539M(853M) 78.972ms
[438.676s][info][gc,cpu         ] GC(1321) User=0.16s Sys=0.00s Real=0.08s
[438.900s][info][gc,start       ] GC(1322) Pause Young (Allocation Failure)
[439.018s][info][gc,heap        ] GC(1322) PSYoungGen: 247280K(247296K)->86518K(198144K) Eden: 163840K(163840K)->0K(111616K) From: 83440K(83456K)->86518K(86528K)
[439.019s][info][gc,heap        ] GC(1322) ParOldGen: 469493K(626688K)->486023K(626688K)
[439.019s][info][gc,metaspace   ] GC(1322) Metaspace: 18825K(19008K)->18825K(19008K) NonClass: 16995K(17152K)->16995K(17152K) Class: 1829K(1856K)->1829K(1856K)
[439.019s][info][gc             ] GC(1322) Pause Young (Allocation Failure) 699M->559M(805M) 118.164ms
[439.019s][info][gc,cpu         ] GC(1322) User=0.22s Sys=0.01s Real=0.12s
[439.155s][info][gc,start       ] GC(1323) Pause Young (Allocation Failure)
[439.267s][info][gc,heap        ] GC(1323) PSYoungGen: 198134K(198144K)->71654K(222720K) Eden: 111616K(111616K)->0K(111616K) From: 86518K(86528K)->71654K(111104K)
[439.267s][info][gc,heap        ] GC(1323) ParOldGen: 486023K(626688K)->525935K(626688K)
[439.267s][info][gc,metaspace   ] GC(1323) Metaspace: 18825K(19008K)->18825K(19008K) NonClass: 16995K(17152K)->16995K(17152K) Class: 1829K(1856K)->1829K(1856K)
[439.267s][info][gc             ] GC(1323) Pause Young (Allocation Failure) 668M->583M(829M) 112.456ms
[439.267s][info][gc,cpu         ] GC(1323) User=0.23s Sys=0.00s Real=0.11s
[439.387s][info][gc,start       ] GC(1324) Pause Young (Allocation Failure)
[439.493s][info][gc,heap        ] GC(1324) PSYoungGen: 183270K(222720K)->45824K(222720K) Eden: 111616K(111616K)->0K(111616K) From: 71654K(111104K)->45824K(111104K)
[439.493s][info][gc,heap        ] GC(1324) ParOldGen: 525935K(626688K)->573322K(626688K)
[439.493s][info][gc,metaspace   ] GC(1324) Metaspace: 18825K(19008K)->18825K(19008K) NonClass: 16995K(17152K)->16995K(17152K) Class: 1829K(1856K)->1829K(1856K)
[439.493s][info][gc             ] GC(1324) Pause Young (Allocation Failure) 692M->604M(829M) 105.341ms
[439.493s][info][gc,cpu         ] GC(1324) User=0.20s Sys=0.00s Real=0.11s
[439.589s][info][gc,start       ] GC(1325) Pause Young (Allocation Failure)
[439.649s][info][gc,heap        ] GC(1325) PSYoungGen: 157440K(222720K)->7586K(222720K) Eden: 111616K(111616K)->0K(111616K) From: 45824K(111104K)->7586K(111104K)
[439.649s][info][gc,heap        ] GC(1325) ParOldGen: 573322K(626688K)->619258K(626688K)
[439.649s][info][gc,metaspace   ] GC(1325) Metaspace: 18825K(19008K)->18825K(19008K) NonClass: 16995K(17152K)->16995K(17152K) Class: 1829K(1856K)->1829K(1856K)
[439.649s][info][gc             ] GC(1325) Pause Young (Allocation Failure) 713M->612M(829M) 59.900ms
[439.649s][info][gc,cpu         ] GC(1325) User=0.12s Sys=0.01s Real=0.06s
[439.695s][info][gc,start       ] GC(1326) Pause Full (Allocation Failure)
[439.695s][info][gc,phases,start] GC(1326) Marking Phase
[439.997s][info][gc,phases      ] GC(1326) Marking Phase 301.573ms
[439.997s][info][gc,phases,start] GC(1326) Summary Phase
[439.997s][info][gc,phases      ] GC(1326) Summary Phase 0.033ms
[439.997s][info][gc,phases,start] GC(1326) Forward
[440.081s][info][gc,phases      ] GC(1326) Forward 83.975ms
[440.081s][info][gc,phases,start] GC(1326) Adjust Pointers
[440.314s][info][gc,phases      ] GC(1326) Adjust Pointers 233.172ms
[440.314s][info][gc,phases,start] GC(1326) Compaction Phase
[440.450s][info][gc,phases      ] GC(1326) Compaction Phase 136.425ms
[440.457s][info][gc,phases,start] GC(1326) Post Compact
[440.459s][info][gc,phases      ] GC(1326) Post Compact 2.231ms
[440.460s][info][gc,heap        ] GC(1326) PSYoungGen: 119202K(222720K)->0K(222720K) Eden: 111616K(111616K)->0K(111616K) From: 7586K(111104K)->0K(111104K)
[440.460s][info][gc,heap        ] GC(1326) ParOldGen: 619258K(626688K)->407240K(667648K)
[440.460s][info][gc,metaspace   ] GC(1326) Metaspace: 18825K(19008K)->18825K(19008K) NonClass: 16995K(17152K)->16995K(17152K) Class: 1829K(1856K)->1829K(1856K)
[440.460s][info][gc             ] GC(1326) Pause Full (Allocation Failure) 721M->397M(869M) 764.666ms
[440.460s][info][gc,cpu         ] GC(1326) User=1.46s Sys=0.00s Real=0.76s
[440.514s][info][gc,start       ] GC(1327) Pause Young (Allocation Failure)
[440.541s][info][gc,heap        ] GC(1327) PSYoungGen: 111616K(222720K)->32464K(222720K) Eden: 111616K(111616K)->0K(111616K) From: 0K(111104K)->32464K(111104K)
[440.541s][info][gc,heap        ] GC(1327) ParOldGen: 407240K(667648K)->407240K(667648K)
[440.541s][info][gc,metaspace   ] GC(1327) Metaspace: 18825K(19008K)->18825K(19008K) NonClass: 16995K(17152K)->16995K(17152K) Class: 1829K(1856K)->1829K(1856K)
[440.541s][info][gc             ] GC(1327) Pause Young (Allocation Failure) 506M->429M(869M) 27.898ms
[440.541s][info][gc,cpu         ] GC(1327) User=0.06s Sys=0.00s Real=0.02s
[440.642s][info][gc,start       ] GC(1328) Pause Young (Allocation Failure)
[440.681s][info][gc,heap        ] GC(1328) PSYoungGen: 144080K(222720K)->15904K(218624K) Eden: 111616K(111616K)->0K(111616K) From: 32464K(111104K)->15904K(107008K)
[440.681s][info][gc,heap        ] GC(1328) ParOldGen: 407240K(667648K)->440144K(667648K)
[440.682s][info][gc,metaspace   ] GC(1328) Metaspace: 18825K(19008K)->18825K(19008K) NonClass: 16995K(17152K)->16995K(17152K) Class: 1829K(1856K)->1829K(1856K)
[440.682s][info][gc             ] GC(1328) Pause Young (Allocation Failure) 538M->445M(865M) 39.754ms
[440.682s][info][gc,cpu         ] GC(1328) User=0.08s Sys=0.00s Real=0.04s
[440.786s][info][gc,start       ] GC(1329) Pause Young (Allocation Failure)
[440.811s][info][gc,heap        ] GC(1329) PSYoungGen: 127520K(218624K)->5888K(220672K) Eden: 111616K(111616K)->0K(111616K) From: 15904K(107008K)->5888K(109056K)
[440.811s][info][gc,heap        ] GC(1329) ParOldGen: 440144K(667648K)->456204K(667648K)
[440.811s][info][gc,metaspace   ] GC(1329) Metaspace: 18825K(19008K)->18825K(19008K) NonClass: 16995K(17152K)->16995K(17152K) Class: 1829K(1856K)->1829K(1856K)
[440.811s][info][gc             ] GC(1329) Pause Young (Allocation Failure) 554M->451M(867M) 25.271ms
[440.811s][info][gc,cpu         ] GC(1329) User=0.05s Sys=0.00s Real=0.02s
[440.913s][info][gc,start       ] GC(1330) Pause Young (Allocation Failure)
[440.934s][info][gc,heap        ] GC(1330) PSYoungGen: 117504K(220672K)->1920K(221696K) Eden: 111616K(111616K)->0K(117760K) From: 5888K(109056K)->1920K(103936K)
[440.934s][info][gc,heap        ] GC(1330) ParOldGen: 456204K(667648K)->462092K(667648K)
[440.934s][info][gc,metaspace   ] GC(1330) Metaspace: 18825K(19008K)->18825K(19008K) NonClass: 16995K(17152K)->16995K(17152K) Class: 1829K(1856K)->1829K(1856K)
[440.934s][info][gc             ] GC(1330) Pause Young (Allocation Failure) 560M->453M(868M) 20.938ms
[440.934s][info][gc,cpu         ] GC(1330) User=0.04s Sys=0.01s Real=0.02s
[441.081s][info][gc,start       ] GC(1331) Pause Young (Allocation Failure)
[441.139s][info][gc,heap        ] GC(1331) PSYoungGen: 119680K(221696K)->39248K(223232K) Eden: 117760K(117760K)->0K(117760K) From: 1920K(103936K)->39248K(105472K)
[441.139s][info][gc,heap        ] GC(1331) ParOldGen: 462092K(667648K)->464004K(667648K)
[441.139s][info][gc,metaspace   ] GC(1331) Metaspace: 18825K(19008K)->18825K(19008K) NonClass: 16995K(17152K)->16995K(17152K) Class: 1829K(1856K)->1829K(1856K)
[441.139s][info][gc             ] GC(1331) Pause Young (Allocation Failure) 568M->491M(870M) 58.175ms
[441.139s][info][gc,cpu         ] GC(1331) User=0.12s Sys=0.00s Real=0.06s
[441.255s][info][gc,start       ] GC(1332) Pause Young (Allocation Failure)
[441.339s][info][gc,heap        ] GC(1332) PSYoungGen: 157008K(223232K)->27424K(219136K) Eden: 117760K(117760K)->0K(127488K) From: 39248K(105472K)->27424K(91648K)
[441.339s][info][gc,heap        ] GC(1332) ParOldGen: 464004K(667648K)->503341K(667648K)
[441.339s][info][gc,metaspace   ] GC(1332) Metaspace: 18825K(19008K)->18825K(19008K) NonClass: 16995K(17152K)->16995K(17152K) Class: 1829K(1856K)->1829K(1856K)
[441.339s][info][gc             ] GC(1332) Pause Young (Allocation Failure) 606M->518M(866M) 83.809ms
[441.339s][info][gc,cpu         ] GC(1332) User=0.17s Sys=0.00s Real=0.08s
[441.512s][info][gc,start       ] GC(1333) Pause Young (Allocation Failure)
[441.564s][info][gc,heap        ] GC(1333) PSYoungGen: 154912K(219136K)->19168K(222208K) Eden: 127488K(127488K)->0K(127488K) From: 27424K(91648K)->19168K(94720K)
[441.564s][info][gc,heap        ] GC(1333) ParOldGen: 503341K(667648K)->530821K(667648K)
[441.564s][info][gc,metaspace   ] GC(1333) Metaspace: 18825K(19008K)->18825K(19008K) NonClass: 16995K(17152K)->16995K(17152K) Class: 1829K(1856K)->1829K(1856K)
[441.564s][info][gc             ] GC(1333) Pause Young (Allocation Failure) 642M->537M(869M) 52.749ms
[441.564s][info][gc,cpu         ] GC(1333) User=0.10s Sys=0.00s Real=0.06s
[441.687s][info][gc,start       ] GC(1334) Pause Young (Allocation Failure)
[441.715s][info][gc,heap        ] GC(1334) PSYoungGen: 146656K(222208K)->4384K(227328K) Eden: 127488K(127488K)->0K(141312K) From: 19168K(94720K)->4384K(86016K)
[441.715s][info][gc,heap        ] GC(1334) ParOldGen: 530821K(667648K)->550053K(667648K)
[441.715s][info][gc,metaspace   ] GC(1334) Metaspace: 18825K(19008K)->18825K(19008K) NonClass: 16995K(17152K)->16995K(17152K) Class: 1829K(1856K)->1829K(1856K)
[441.715s][info][gc             ] GC(1334) Pause Young (Allocation Failure) 661M->541M(874M) 28.016ms
[441.715s][info][gc,cpu         ] GC(1334) User=0.05s Sys=0.00s Real=0.03s
[441.892s][info][gc,start       ] GC(1335) Pause Young (Allocation Failure)
[441.907s][info][gc,heap        ] GC(1335) PSYoungGen: 145696K(227328K)->1632K(229888K) Eden: 141312K(141312K)->0K(141312K) From: 4384K(86016K)->1632K(88576K)
[441.907s][info][gc,heap        ] GC(1335) ParOldGen: 550053K(667648K)->554421K(667648K)
[441.907s][info][gc,metaspace   ] GC(1335) Metaspace: 18825K(19008K)->18825K(19008K) NonClass: 16995K(17152K)->16995K(17152K) Class: 1829K(1856K)->1829K(1856K)
[441.907s][info][gc             ] GC(1335) Pause Young (Allocation Failure) 679M->543M(876M) 14.377ms
[441.907s][info][gc,cpu         ] GC(1335) User=0.03s Sys=0.00s Real=0.01s
[442.098s][info][gc,start       ] GC(1336) Pause Young (Allocation Failure)
[442.107s][info][gc,heap        ] GC(1336) PSYoungGen: 142944K(229888K)->3520K(234496K) Eden: 141312K(141312K)->0K(154112K) From: 1632K(88576K)->3520K(80384K)
[442.107s][info][gc,heap        ] GC(1336) ParOldGen: 554421K(667648K)->555813K(667648K)
[442.107s][info][gc,metaspace   ] GC(1336) Metaspace: 18825K(19008K)->18825K(19008K) NonClass: 16995K(17152K)->16995K(17152K) Class: 1829K(1856K)->1829K(1856K)
[442.107s][info][gc             ] GC(1336) Pause Young (Allocation Failure) 681M->546M(881M) 8.920ms
[442.107s][info][gc,cpu         ] GC(1336) User=0.02s Sys=0.00s Real=0.01s
[442.364s][info][gc,start       ] GC(1337) Pause Young (Allocation Failure)
[442.398s][info][gc,heap        ] GC(1337) PSYoungGen: 157632K(234496K)->30176K(238592K) Eden: 154112K(154112K)->0K(154112K) From: 3520K(80384K)->30176K(84480K)
[442.398s][info][gc,heap        ] GC(1337) ParOldGen: 555813K(667648K)->555813K(667648K)
[442.398s][info][gc,metaspace   ] GC(1337) Metaspace: 18825K(19008K)->18825K(19008K) NonClass: 16995K(17152K)->16995K(17152K) Class: 1829K(1856K)->1829K(1856K)
[442.398s][info][gc             ] GC(1337) Pause Young (Allocation Failure) 696M->572M(885M) 34.276ms
[442.398s][info][gc,cpu         ] GC(1337) User=0.06s Sys=0.00s Real=0.03s
[442.866s][info][gc,start       ] GC(1338) Pause Young (Allocation Failure)
[442.903s][info][gc,heap        ] GC(1338) PSYoungGen: 184288K(238592K)->32128K(241152K) Eden: 154112K(154112K)->0K(166400K) From: 30176K(84480K)->32128K(74752K)
[442.903s][info][gc,heap        ] GC(1338) ParOldGen: 555813K(667648K)->555813K(667648K)
[442.903s][info][gc,metaspace   ] GC(1338) Metaspace: 18825K(19008K)->18825K(19008K) NonClass: 16995K(17152K)->16995K(17152K) Class: 1829K(1856K)->1829K(1856K)
[442.903s][info][gc             ] GC(1338) Pause Young (Allocation Failure) 722M->574M(887M) 37.565ms
[442.903s][info][gc,cpu         ] GC(1338) User=0.08s Sys=0.00s Real=0.04s
[443.329s][info][gc,start       ] GC(1339) Pause Young (Allocation Failure)
[443.364s][info][gc,heap        ] GC(1339) PSYoungGen: 198528K(241152K)->32160K(244736K) Eden: 166400K(166400K)->0K(166400K) From: 32128K(74752K)->32160K(78336K)
[443.364s][info][gc,heap        ] GC(1339) ParOldGen: 555813K(667648K)->555813K(667648K)
[443.364s][info][gc,metaspace   ] GC(1339) Metaspace: 18825K(19008K)->18825K(19008K) NonClass: 16995K(17152K)->16995K(17152K) Class: 1829K(1856K)->1829K(1856K)
[443.364s][info][gc             ] GC(1339) Pause Young (Allocation Failure) 736M->574M(891M) 34.991ms
[443.364s][info][gc,cpu         ] GC(1339) User=0.07s Sys=0.00s Real=0.04s
[443.785s][info][gc,start       ] GC(1340) Pause Young (Allocation Failure)
[443.822s][info][gc,heap        ] GC(1340) PSYoungGen: 198560K(244736K)->32128K(247808K) Eden: 166400K(166400K)->0K(177664K) From: 32160K(78336K)->32128K(70144K)
[443.822s][info][gc,heap        ] GC(1340) ParOldGen: 555813K(667648K)->555813K(667648K)
[443.822s][info][gc,metaspace   ] GC(1340) Metaspace: 18825K(19008K)->18825K(19008K) NonClass: 16995K(17152K)->16995K(17152K) Class: 1829K(1856K)->1829K(1856K)
[443.822s][info][gc             ] GC(1340) Pause Young (Allocation Failure) 736M->574M(894M) 36.467ms
[443.822s][info][gc,cpu         ] GC(1340) User=0.07s Sys=0.00s Real=0.03s
[444.252s][info][gc,start       ] GC(1341) Pause Young (Allocation Failure)
[444.287s][info][gc,heap        ] GC(1341) PSYoungGen: 209792K(247808K)->32144K(251392K) Eden: 177664K(177664K)->0K(177664K) From: 32128K(70144K)->32144K(73728K)
[444.287s][info][gc,heap        ] GC(1341) ParOldGen: 555813K(667648K)->555813K(667648K)
[444.287s][info][gc,metaspace   ] GC(1341) Metaspace: 18825K(19008K)->18825K(19008K) NonClass: 16995K(17152K)->16995K(17152K) Class: 1829K(1856K)->1829K(1856K)
[444.287s][info][gc             ] GC(1341) Pause Young (Allocation Failure) 747M->574M(897M) 35.556ms
[444.287s][info][gc,cpu         ] GC(1341) User=0.07s Sys=0.00s Real=0.04s
[444.681s][info][gc,start       ] GC(1342) Pause Young (Allocation Failure)
[444.726s][info][gc,heap        ] GC(1342) PSYoungGen: 209808K(251392K)->32464K(255488K) Eden: 177664K(177664K)->0K(188928K) From: 32144K(73728K)->32464K(66560K)
[444.726s][info][gc,heap        ] GC(1342) ParOldGen: 555813K(667648K)->555813K(667648K)
[444.726s][info][gc,metaspace   ] GC(1342) Metaspace: 18825K(19008K)->18825K(19008K) NonClass: 16995K(17152K)->16995K(17152K) Class: 1829K(1856K)->1829K(1856K)
[444.726s][info][gc             ] GC(1342) Pause Young (Allocation Failure) 747M->574M(901M) 45.663ms
[444.726s][info][gc,cpu         ] GC(1342) User=0.09s Sys=0.00s Real=0.05s
[444.931s][info][gc,start       ] GC(1343) Pause Young (Allocation Failure)
[445.013s][info][gc,heap        ] GC(1343) PSYoungGen: 221392K(255488K)->69088K(258048K) Eden: 188928K(188928K)->0K(188928K) From: 32464K(66560K)->69088K(69120K)
[445.013s][info][gc,heap        ] GC(1343) ParOldGen: 555813K(667648K)->580981K(667648K)
[445.013s][info][gc,metaspace   ] GC(1343) Metaspace: 18825K(19008K)->18825K(19008K) NonClass: 16995K(17152K)->16995K(17152K) Class: 1829K(1856K)->1829K(1856K)
[445.013s][info][gc             ] GC(1343) Pause Young (Allocation Failure) 758M->634M(904M) 81.692ms
[445.013s][info][gc,cpu         ] GC(1343) User=0.16s Sys=0.00s Real=0.09s
[445.298s][info][gc,start       ] GC(1344) Pause Young (Allocation Failure)
[445.381s][info][gc,heap        ] GC(1344) PSYoungGen: 258016K(258048K)->58000K(223232K) Eden: 188928K(188928K)->0K(147456K) From: 69088K(69120K)->58000K(75776K)
[445.381s][info][gc,heap        ] GC(1344) ParOldGen: 580981K(667648K)->611189K(667648K)
[445.381s][info][gc,metaspace   ] GC(1344) Metaspace: 18825K(19008K)->18825K(19008K) NonClass: 16995K(17152K)->16995K(17152K) Class: 1829K(1856K)->1829K(1856K)
[445.381s][info][gc             ] GC(1344) Pause Young (Allocation Failure) 819M->653M(870M) 83.357ms
[445.381s][info][gc,cpu         ] GC(1344) User=0.17s Sys=0.00s Real=0.08s
[445.598s][info][gc,start       ] GC(1345) Pause Young (Allocation Failure)
[445.695s][info][gc,heap        ] GC(1345) PSYoungGen: 205456K(223232K)->93152K(240640K) Eden: 147456K(147456K)->0K(147456K) From: 58000K(75776K)->93152K(93184K)
[445.695s][info][gc,heap        ] GC(1345) ParOldGen: 611189K(667648K)->611557K(667648K)
[445.695s][info][gc,metaspace   ] GC(1345) Metaspace: 18825K(19008K)->18825K(19008K) NonClass: 16995K(17152K)->16995K(17152K) Class: 1829K(1856K)->1829K(1856K)
[445.695s][info][gc             ] GC(1345) Pause Young (Allocation Failure) 797M->688M(887M) 96.854ms
[445.695s][info][gc,cpu         ] GC(1345) User=0.20s Sys=0.00s Real=0.10s
[445.884s][info][gc,start       ] GC(1346) Pause Young (Allocation Failure)
[446.030s][info][gc,heap        ] GC(1346) PSYoungGen: 240608K(240640K)->93168K(204800K) Eden: 147456K(147456K)->0K(111616K) From: 93152K(93184K)->93168K(93184K)
[446.030s][info][gc,heap        ] GC(1346) ParOldGen: 611557K(667648K)->633670K(667648K)
[446.030s][info][gc,metaspace   ] GC(1346) Metaspace: 18825K(19008K)->18825K(19008K) NonClass: 16995K(17152K)->16995K(17152K) Class: 1829K(1856K)->1829K(1856K)
[446.030s][info][gc             ] GC(1346) Pause Young (Allocation Failure) 832M->709M(852M) 146.127ms
[446.030s][info][gc,cpu         ] GC(1346) User=0.26s Sys=0.03s Real=0.14s
[446.114s][info][gc,start       ] GC(1347) Pause Full (Allocation Failure)
[446.114s][info][gc,phases,start] GC(1347) Marking Phase
[446.520s][info][gc,phases      ] GC(1347) Marking Phase 405.851ms
[446.520s][info][gc,phases,start] GC(1347) Summary Phase
[446.520s][info][gc,phases      ] GC(1347) Summary Phase 0.031ms
[446.520s][info][gc,phases,start] GC(1347) Forward
[446.653s][info][gc,phases      ] GC(1347) Forward 133.016ms
[446.653s][info][gc,phases,start] GC(1347) Adjust Pointers
[446.968s][info][gc,phases      ] GC(1347) Adjust Pointers 314.296ms
[446.968s][info][gc,phases,start] GC(1347) Compaction Phase
[447.154s][info][gc,phases      ] GC(1347) Compaction Phase 186.533ms
[447.164s][info][gc,phases,start] GC(1347) Post Compact
[447.166s][info][gc,phases      ] GC(1347) Post Compact 2.500ms
[447.166s][info][gc,heap        ] GC(1347) PSYoungGen: 204784K(204800K)->0K(222720K) Eden: 111616K(111616K)->0K(111616K) From: 93168K(93184K)->0K(111104K)
[447.166s][info][gc,heap        ] GC(1347) ParOldGen: 633670K(667648K)->544247K(667648K)
[447.166s][info][gc,metaspace   ] GC(1347) Metaspace: 18825K(19008K)->18825K(19008K) NonClass: 16995K(17152K)->16995K(17152K) Class: 1829K(1856K)->1829K(1856K)
[447.166s][info][gc             ] GC(1347) Pause Full (Allocation Failure) 818M->531M(869M) 1052.179ms
[447.166s][info][gc,cpu         ] GC(1347) User=1.99s Sys=0.01s Real=1.05s
[447.261s][info][gc,start       ] GC(1348) Pause Young (Allocation Failure)
[447.268s][info][gc,heap        ] GC(1348) PSYoungGen: 111616K(222720K)->960K(222720K) Eden: 111616K(111616K)->0K(111616K) From: 0K(111104K)->960K(111104K)
[447.268s][info][gc,heap        ] GC(1348) ParOldGen: 544247K(667648K)->544247K(667648K)
[447.268s][info][gc,metaspace   ] GC(1348) Metaspace: 18825K(19008K)->18825K(19008K) NonClass: 16995K(17152K)->16995K(17152K) Class: 1829K(1856K)->1829K(1856K)
[447.268s][info][gc             ] GC(1348) Pause Young (Allocation Failure) 640M->532M(869M) 7.224ms
[447.268s][info][gc,cpu         ] GC(1348) User=0.01s Sys=0.00s Real=0.01s
[447.392s][info][gc,start       ] GC(1349) Pause Young (Allocation Failure)
[447.407s][info][gc,heap        ] GC(1349) PSYoungGen: 112576K(222720K)->7051K(222720K) Eden: 111616K(111616K)->0K(111616K) From: 960K(111104K)->7051K(111104K)
[447.407s][info][gc,heap        ] GC(1349) ParOldGen: 544247K(667648K)->544247K(667648K)
[447.407s][info][gc,metaspace   ] GC(1349) Metaspace: 18826K(19008K)->18826K(19008K) NonClass: 16996K(17152K)->16996K(17152K) Class: 1829K(1856K)->1829K(1856K)
[447.407s][info][gc             ] GC(1349) Pause Young (Allocation Failure) 641M->538M(869M) 15.129ms
[447.407s][info][gc,cpu         ] GC(1349) User=0.03s Sys=0.00s Real=0.02s
[447.509s][info][gc,start       ] GC(1350) Pause Young (Allocation Failure)
[447.525s][info][gc,heap        ] GC(1350) PSYoungGen: 118667K(222720K)->15099K(222720K) Eden: 111616K(111616K)->0K(111616K) From: 7051K(111104K)->15099K(111104K)
[447.525s][info][gc,heap        ] GC(1350) ParOldGen: 544247K(667648K)->544247K(667648K)
[447.525s][info][gc,metaspace   ] GC(1350) Metaspace: 18826K(19008K)->18826K(19008K) NonClass: 16996K(17152K)->16996K(17152K) Class: 1829K(1856K)->1829K(1856K)
[447.525s][info][gc             ] GC(1350) Pause Young (Allocation Failure) 647M->546M(869M) 16.640ms
[447.525s][info][gc,cpu         ] GC(1350) User=0.04s Sys=0.00s Real=0.02s
[447.643s][info][gc,start       ] GC(1351) Pause Young (Allocation Failure)
[447.676s][info][gc,heap        ] GC(1351) PSYoungGen: 126715K(222720K)->29035K(222720K) Eden: 111616K(111616K)->0K(111616K) From: 15099K(111104K)->29035K(111104K)
[447.676s][info][gc,heap        ] GC(1351) ParOldGen: 544247K(667648K)->545183K(667648K)
[447.676s][info][gc,metaspace   ] GC(1351) Metaspace: 18827K(19008K)->18827K(19008K) NonClass: 16997K(17152K)->16997K(17152K) Class: 1829K(1856K)->1829K(1856K)
[447.676s][info][gc             ] GC(1351) Pause Young (Allocation Failure) 655M->560M(869M) 32.980ms
[447.676s][info][gc,cpu         ] GC(1351) User=0.06s Sys=0.00s Real=0.03s
[447.810s][info][gc,start       ] GC(1352) Pause Young (Allocation Failure)
[447.838s][info][gc,heap        ] GC(1352) PSYoungGen: 140651K(222720K)->15648K(222720K) Eden: 111616K(111616K)->0K(111616K) From: 29035K(111104K)->15648K(111104K)
[447.838s][info][gc,heap        ] GC(1352) ParOldGen: 545183K(667648K)->554211K(667648K)
[447.838s][info][gc,metaspace   ] GC(1352) Metaspace: 18831K(19008K)->18831K(19008K) NonClass: 17002K(17152K)->17002K(17152K) Class: 1829K(1856K)->1829K(1856K)
[447.838s][info][gc             ] GC(1352) Pause Young (Allocation Failure) 669M->556M(869M) 27.653ms
[447.838s][info][gc,cpu         ] GC(1352) User=0.05s Sys=0.00s Real=0.03s
[447.906s][info][gc,start       ] GC(1353) Pause Young (Allocation Failure)
[447.960s][info][gc,heap        ] GC(1353) PSYoungGen: 127264K(222720K)->37664K(149504K) Eden: 111616K(111616K)->0K(111616K) From: 15648K(111104K)->37664K(37888K)
[447.960s][info][gc,heap        ] GC(1353) ParOldGen: 554211K(667648K)->569924K(667648K)
[447.960s][info][gc,metaspace   ] GC(1353) Metaspace: 18831K(19008K)->18831K(19008K) NonClass: 17002K(17152K)->17002K(17152K) Class: 1829K(1856K)->1829K(1856K)
[447.960s][info][gc             ] GC(1353) Pause Young (Allocation Failure) 665M->593M(798M) 54.269ms
[447.960s][info][gc,cpu         ] GC(1353) User=0.10s Sys=0.00s Real=0.05s
[448.095s][info][gc,start       ] GC(1354) Pause Young (Allocation Failure)
[448.147s][info][gc,heap        ] GC(1354) PSYoungGen: 149280K(149504K)->9984K(219136K) Eden: 111616K(111616K)->0K(114176K) From: 37664K(37888K)->9984K(104960K)
[448.147s][info][gc,heap        ] GC(1354) ParOldGen: 569924K(667648K)->607828K(667648K)
[448.147s][info][gc,metaspace   ] GC(1354) Metaspace: 18831K(19008K)->18831K(19008K) NonClass: 17002K(17152K)->17002K(17152K) Class: 1829K(1856K)->1829K(1856K)
[448.147s][info][gc             ] GC(1354) Pause Young (Allocation Failure) 702M->603M(866M) 51.626ms
[448.147s][info][gc,cpu         ] GC(1354) User=0.10s Sys=0.01s Real=0.05s
[448.297s][info][gc,start       ] GC(1355) Pause Young (Allocation Failure)
[448.322s][info][gc,heap        ] GC(1355) PSYoungGen: 124160K(219136K)->8064K(216576K) Eden: 114176K(114176K)->0K(114176K) From: 9984K(104960K)->8064K(102400K)
[448.322s][info][gc,heap        ] GC(1355) ParOldGen: 607828K(667648K)->617836K(667648K)
[448.322s][info][gc,metaspace   ] GC(1355) Metaspace: 18831K(19008K)->18831K(19008K) NonClass: 17002K(17152K)->17002K(17152K) Class: 1829K(1856K)->1829K(1856K)
[448.322s][info][gc             ] GC(1355) Pause Young (Allocation Failure) 714M->611M(863M) 24.612ms
[448.322s][info][gc,cpu         ] GC(1355) User=0.05s Sys=0.00s Real=0.03s
[448.553s][info][gc,start       ] GC(1356) Pause Young (Allocation Failure)
[448.568s][info][gc,heap        ] GC(1356) PSYoungGen: 122240K(216576K)->3584K(219136K) Eden: 114176K(114176K)->0K(125440K) From: 8064K(102400K)->3584K(93696K)
[448.568s][info][gc,heap        ] GC(1356) ParOldGen: 617836K(667648K)->625876K(667648K)
[448.568s][info][gc,metaspace   ] GC(1356) Metaspace: 18831K(19008K)->18831K(19008K) NonClass: 17002K(17152K)->17002K(17152K) Class: 1829K(1856K)->1829K(1856K)
[448.568s][info][gc             ] GC(1356) Pause Young (Allocation Failure) 722M->614M(866M) 15.019ms
[448.568s][info][gc,cpu         ] GC(1356) User=0.02s Sys=0.00s Real=0.01s
[448.873s][info][gc,start       ] GC(1357) Pause Full (Allocation Failure)
[448.873s][info][gc,phases,start] GC(1357) Marking Phase
[449.206s][info][gc,phases      ] GC(1357) Marking Phase 333.053ms
[449.206s][info][gc,phases,start] GC(1357) Summary Phase
[449.206s][info][gc,phases      ] GC(1357) Summary Phase 0.030ms
[449.206s][info][gc,phases,start] GC(1357) Forward
[449.282s][info][gc,phases      ] GC(1357) Forward 75.557ms
[449.282s][info][gc,phases,start] GC(1357) Adjust Pointers
[449.525s][info][gc,phases      ] GC(1357) Adjust Pointers 242.933ms
[449.525s][info][gc,phases,start] GC(1357) Compaction Phase
[449.660s][info][gc,phases      ] GC(1357) Compaction Phase 135.195ms
[449.665s][info][gc,phases,start] GC(1357) Post Compact
[449.668s][info][gc,phases      ] GC(1357) Post Compact 2.266ms
[449.668s][info][gc,heap        ] GC(1357) PSYoungGen: 129024K(219136K)->0K(222720K) Eden: 125440K(125440K)->0K(125440K) From: 3584K(93696K)->0K(97280K)
[449.668s][info][gc,heap        ] GC(1357) ParOldGen: 625876K(667648K)->445007K(667648K)
[449.668s][info][gc,metaspace   ] GC(1357) Metaspace: 18832K(19008K)->18832K(19008K) NonClass: 17002K(17152K)->17002K(17152K) Class: 1829K(1856K)->1829K(1856K)
[449.668s][info][gc             ] GC(1357) Pause Full (Allocation Failure) 737M->434M(869M) 794.785ms
[449.668s][info][gc,cpu         ] GC(1357) User=1.50s Sys=0.00s Real=0.79s
[449.818s][info][gc,start       ] GC(1358) Pause Young (Allocation Failure)
[449.835s][info][gc,heap        ] GC(1358) PSYoungGen: 125440K(222720K)->15568K(221696K) Eden: 125440K(125440K)->0K(135168K) From: 0K(97280K)->15568K(86528K)
[449.835s][info][gc,heap        ] GC(1358) ParOldGen: 445007K(667648K)->445007K(667648K)
[449.835s][info][gc,metaspace   ] GC(1358) Metaspace: 18832K(19008K)->18832K(19008K) NonClass: 17002K(17152K)->17002K(17152K) Class: 1829K(1856K)->1829K(1856K)
[449.835s][info][gc             ] GC(1358) Pause Young (Allocation Failure) 557M->449M(868M) 16.828ms
[449.835s][info][gc,cpu         ] GC(1358) User=0.03s Sys=0.00s Real=0.02s
[449.988s][info][gc,start       ] GC(1359) Pause Young (Allocation Failure)
[450.021s][info][gc,heap        ] GC(1359) PSYoungGen: 150736K(221696K)->39712K(227840K) Eden: 135168K(135168K)->0K(135168K) From: 15568K(86528K)->39712K(92672K)
[450.021s][info][gc,heap        ] GC(1359) ParOldGen: 445007K(667648K)->445007K(667648K)
[450.021s][info][gc,metaspace   ] GC(1359) Metaspace: 18832K(19008K)->18832K(19008K) NonClass: 17002K(17152K)->17002K(17152K) Class: 1829K(1856K)->1829K(1856K)
[450.021s][info][gc             ] GC(1359) Pause Young (Allocation Failure) 581M->473M(874M) 33.569ms
[450.021s][info][gc,cpu         ] GC(1359) User=0.07s Sys=0.00s Real=0.03s
[450.099s][info][gc,start       ] GC(1360) Pause Young (Allocation Failure)
[450.167s][info][gc,heap        ] GC(1360) PSYoungGen: 174880K(227840K)->89408K(209408K) Eden: 135168K(135168K)->0K(118784K) From: 39712K(92672K)->89408K(90624K)
[450.167s][info][gc,heap        ] GC(1360) ParOldGen: 445007K(667648K)->445007K(667648K)
[450.167s][info][gc,metaspace   ] GC(1360) Metaspace: 18832K(19008K)->18832K(19008K) NonClass: 17002K(17152K)->17002K(17152K) Class: 1829K(1856K)->1829K(1856K)
[450.167s][info][gc             ] GC(1360) Pause Young (Allocation Failure) 605M->521M(856M) 68.349ms
[450.167s][info][gc,cpu         ] GC(1360) User=0.13s Sys=0.01s Real=0.07s
[450.391s][info][gc,start       ] GC(1361) Pause Young (Allocation Failure)
[450.456s][info][gc,heap        ] GC(1361) PSYoungGen: 208192K(209408K)->95024K(214016K) Eden: 118784K(118784K)->0K(118784K) From: 89408K(90624K)->95024K(95232K)
[450.456s][info][gc,heap        ] GC(1361) ParOldGen: 445007K(667648K)->445007K(667648K)
[450.456s][info][gc,metaspace   ] GC(1361) Metaspace: 18832K(19008K)->18832K(19008K) NonClass: 17002K(17152K)->17002K(17152K) Class: 1829K(1856K)->1829K(1856K)
[450.456s][info][gc             ] GC(1361) Pause Young (Allocation Failure) 637M->527M(861M) 65.044ms
[450.456s][info][gc,cpu         ] GC(1361) User=0.12s Sys=0.00s Real=0.07s
[450.644s][info][gc,start       ] GC(1362) Pause Young (Allocation Failure)
[450.732s][info][gc,heap        ] GC(1362) PSYoungGen: 213808K(214016K)->75648K(222720K) Eden: 118784K(118784K)->0K(111616K) From: 95024K(95232K)->75648K(111104K)
[450.732s][info][gc,heap        ] GC(1362) ParOldGen: 445007K(667648K)->469015K(667648K)
[450.732s][info][gc,metaspace   ] GC(1362) Metaspace: 18832K(19008K)->18832K(19008K) NonClass: 17002K(17152K)->17002K(17152K) Class: 1829K(1856K)->1829K(1856K)
[450.732s][info][gc             ] GC(1362) Pause Young (Allocation Failure) 643M->531M(869M) 88.062ms
[450.732s][info][gc,cpu         ] GC(1362) User=0.18s Sys=0.00s Real=0.09s
[450.854s][info][gc,start       ] GC(1363) Pause Young (Allocation Failure)
[450.951s][info][gc,heap        ] GC(1363) PSYoungGen: 187264K(222720K)->43776K(222720K) Eden: 111616K(111616K)->0K(111616K) From: 75648K(111104K)->43776K(111104K)
[450.951s][info][gc,heap        ] GC(1363) ParOldGen: 469015K(667648K)->524968K(667648K)
[450.951s][info][gc,metaspace   ] GC(1363) Metaspace: 18832K(19008K)->18832K(19008K) NonClass: 17002K(17152K)->17002K(17152K) Class: 1829K(1856K)->1829K(1856K)
[450.952s][info][gc             ] GC(1363) Pause Young (Allocation Failure) 640M->555M(869M) 97.234ms
[450.952s][info][gc,cpu         ] GC(1363) User=0.19s Sys=0.00s Real=0.09s
[451.094s][info][gc,start       ] GC(1364) Pause Young (Allocation Failure)
[451.171s][info][gc,heap        ] GC(1364) PSYoungGen: 155392K(222720K)->15808K(222720K) Eden: 111616K(111616K)->0K(111616K) From: 43776K(111104K)->15808K(111104K)
[451.172s][info][gc,heap        ] GC(1364) ParOldGen: 524968K(667648K)->568840K(667648K)
[451.172s][info][gc,metaspace   ] GC(1364) Metaspace: 18832K(19008K)->18832K(19008K) NonClass: 17002K(17152K)->17002K(17152K) Class: 1829K(1856K)->1829K(1856K)
[451.172s][info][gc             ] GC(1364) Pause Young (Allocation Failure) 664M->570M(869M) 77.469ms
[451.172s][info][gc,cpu         ] GC(1364) User=0.16s Sys=0.00s Real=0.07s
[451.251s][info][gc,start       ] GC(1365) Pause Young (Allocation Failure)
[451.275s][info][gc,heap        ] GC(1365) PSYoungGen: 127424K(222720K)->2592K(222720K) Eden: 111616K(111616K)->0K(111616K) From: 15808K(111104K)->2592K(111104K)
[451.275s][info][gc,heap        ] GC(1365) ParOldGen: 568840K(667648K)->584672K(667648K)
[451.275s][info][gc,metaspace   ] GC(1365) Metaspace: 18832K(19008K)->18832K(19008K) NonClass: 17002K(17152K)->17002K(17152K) Class: 1829K(1856K)->1829K(1856K)
[451.275s][info][gc             ] GC(1365) Pause Young (Allocation Failure) 679M->573M(869M) 23.834ms
[451.275s][info][gc,cpu         ] GC(1365) User=0.04s Sys=0.00s Real=0.03s
[451.404s][info][gc,start       ] GC(1366) Pause Young (Allocation Failure)
[451.415s][info][gc,heap        ] GC(1366) PSYoungGen: 114208K(222720K)->800K(222720K) Eden: 111616K(111616K)->0K(111616K) From: 2592K(111104K)->800K(111104K)
[451.415s][info][gc,heap        ] GC(1366) ParOldGen: 584672K(667648K)->587232K(667648K)
[451.415s][info][gc,metaspace   ] GC(1366) Metaspace: 18832K(19008K)->18832K(19008K) NonClass: 17002K(17152K)->17002K(17152K) Class: 1829K(1856K)->1829K(1856K)
[451.415s][info][gc             ] GC(1366) Pause Young (Allocation Failure) 682M->574M(869M) 11.075ms
[451.415s][info][gc,cpu         ] GC(1366) User=0.02s Sys=0.00s Real=0.01s
[451.542s][info][gc,start       ] GC(1367) Pause Young (Allocation Failure)
[451.555s][info][gc,heap        ] GC(1367) PSYoungGen: 112416K(222720K)->4288K(116224K) Eden: 111616K(111616K)->0K(111616K) From: 800K(111104K)->4288K(4608K)
[451.555s][info][gc,heap        ] GC(1367) ParOldGen: 587232K(667648K)->588000K(667648K)
[451.555s][info][gc,metaspace   ] GC(1367) Metaspace: 18832K(19008K)->18832K(19008K) NonClass: 17002K(17152K)->17002K(17152K) Class: 1829K(1856K)->1829K(1856K)
[451.555s][info][gc             ] GC(1367) Pause Young (Allocation Failure) 683M->578M(765M) 12.744ms
[451.555s][info][gc,cpu         ] GC(1367) User=0.03s Sys=0.00s Real=0.02s
[451.711s][info][gc,start       ] GC(1368) Pause Young (Allocation Failure)
[451.724s][info][gc,heap        ] GC(1368) PSYoungGen: 115904K(116224K)->10304K(226816K) Eden: 111616K(111616K)->0K(116224K) From: 4288K(4608K)->10304K(110592K)
[451.725s][info][gc,heap        ] GC(1368) ParOldGen: 588000K(667648K)->588000K(667648K)
[451.725s][info][gc,metaspace   ] GC(1368) Metaspace: 18832K(19008K)->18832K(19008K) NonClass: 17002K(17152K)->17002K(17152K) Class: 1829K(1856K)->1829K(1856K)
[451.725s][info][gc             ] GC(1368) Pause Young (Allocation Failure) 687M->584M(873M) 14.020ms
[451.725s][info][gc,cpu         ] GC(1368) User=0.03s Sys=0.00s Real=0.02s
[451.929s][info][gc,start       ] GC(1369) Pause Young (Allocation Failure)
[451.958s][info][gc,heap        ] GC(1369) PSYoungGen: 126528K(226816K)->24400K(140800K) Eden: 116224K(116224K)->0K(116224K) From: 10304K(110592K)->24400K(24576K)
[451.958s][info][gc,heap        ] GC(1369) ParOldGen: 588000K(667648K)->588000K(667648K)
[451.958s][info][gc,metaspace   ] GC(1369) Metaspace: 18832K(19008K)->18832K(19008K) NonClass: 17002K(17152K)->17002K(17152K) Class: 1829K(1856K)->1829K(1856K)
[451.958s][info][gc             ] GC(1369) Pause Young (Allocation Failure) 697M->598M(789M) 29.715ms
[451.958s][info][gc,cpu         ] GC(1369) User=0.05s Sys=0.00s Real=0.03s
[452.178s][info][gc,start       ] GC(1370) Pause Young (Allocation Failure)
[452.218s][info][gc,heap        ] GC(1370) PSYoungGen: 140624K(140800K)->33088K(219648K) Eden: 116224K(116224K)->0K(122880K) From: 24400K(24576K)->33088K(96768K)
[452.218s][info][gc,heap        ] GC(1370) ParOldGen: 588000K(667648K)->588000K(667648K)
[452.218s][info][gc,metaspace   ] GC(1370) Metaspace: 18832K(19008K)->18832K(19008K) NonClass: 17002K(17152K)->17002K(17152K) Class: 1829K(1856K)->1829K(1856K)
[452.218s][info][gc             ] GC(1370) Pause Young (Allocation Failure) 711M->606M(866M) 40.109ms
[452.218s][info][gc,cpu         ] GC(1370) User=0.08s Sys=0.00s Real=0.04s
[452.572s][info][gc,start       ] GC(1371) Pause Young (Allocation Failure)
[452.622s][info][gc,heap        ] GC(1371) PSYoungGen: 155968K(219648K)->33632K(216576K) Eden: 122880K(122880K)->0K(122880K) From: 33088K(96768K)->33632K(93696K)
[452.622s][info][gc,heap        ] GC(1371) ParOldGen: 588000K(667648K)->588000K(667648K)
[452.622s][info][gc,metaspace   ] GC(1371) Metaspace: 18832K(19008K)->18832K(19008K) NonClass: 17002K(17152K)->17002K(17152K) Class: 1829K(1856K)->1829K(1856K)
[452.622s][info][gc             ] GC(1371) Pause Young (Allocation Failure) 726M->607M(863M) 49.207ms
[452.622s][info][gc,cpu         ] GC(1371) User=0.10s Sys=0.00s Real=0.04s
[452.784s][info][gc,start       ] GC(1372) Pause Young (Allocation Failure)
[452.847s][info][gc,heap        ] GC(1372) PSYoungGen: 156512K(216576K)->65312K(214016K) Eden: 122880K(122880K)->0K(124928K) From: 33632K(93696K)->65312K(89088K)
[452.847s][info][gc,heap        ] GC(1372) ParOldGen: 588000K(667648K)->588000K(667648K)
[452.847s][info][gc,metaspace   ] GC(1372) Metaspace: 18832K(19008K)->18832K(19008K) NonClass: 17002K(17152K)->17002K(17152K) Class: 1829K(1856K)->1829K(1856K)
[452.847s][info][gc             ] GC(1372) Pause Young (Allocation Failure) 727M->638M(861M) 62.275ms
[452.847s][info][gc,cpu         ] GC(1372) User=0.12s Sys=0.00s Real=0.06s
[453.018s][info][gc,start       ] GC(1373) Pause Young (Allocation Failure)
[453.091s][info][gc,heap        ] GC(1373) PSYoungGen: 190240K(214016K)->77184K(221696K) Eden: 124928K(124928K)->0K(124928K) From: 65312K(89088K)->77184K(96768K)
[453.091s][info][gc,heap        ] GC(1373) ParOldGen: 588000K(667648K)->588000K(667648K)
[453.091s][info][gc,metaspace   ] GC(1373) Metaspace: 18832K(19008K)->18832K(19008K) NonClass: 17002K(17152K)->17002K(17152K) Class: 1829K(1856K)->1829K(1856K)
[453.091s][info][gc             ] GC(1373) Pause Young (Allocation Failure) 760M->649M(868M) 73.273ms
[453.091s][info][gc,cpu         ] GC(1373) User=0.14s Sys=0.00s Real=0.07s
[453.286s][info][gc,start       ] GC(1374) Pause Young (Allocation Failure)
[453.373s][info][gc,heap        ] GC(1374) PSYoungGen: 202112K(221696K)->83680K(218624K) Eden: 124928K(124928K)->0K(111616K) From: 77184K(96768K)->83680K(107008K)
[453.373s][info][gc,heap        ] GC(1374) ParOldGen: 588000K(667648K)->592272K(667648K)
[453.373s][info][gc,metaspace   ] GC(1374) Metaspace: 18832K(19008K)->18832K(19008K) NonClass: 17002K(17152K)->17002K(17152K) Class: 1829K(1856K)->1829K(1856K)
[453.373s][info][gc             ] GC(1374) Pause Young (Allocation Failure) 771M->660M(865M) 87.470ms
[453.373s][info][gc,cpu         ] GC(1374) User=0.17s Sys=0.00s Real=0.09s
[453.539s][info][gc,start       ] GC(1375) Pause Young (Allocation Failure)
[453.626s][info][gc,heap        ] GC(1375) PSYoungGen: 195296K(218624K)->70976K(222720K) Eden: 111616K(111616K)->0K(111616K) From: 83680K(107008K)->70976K(111104K)
[453.626s][info][gc,heap        ] GC(1375) ParOldGen: 592272K(667648K)->612456K(667648K)
[453.626s][info][gc,metaspace   ] GC(1375) Metaspace: 18832K(19008K)->18832K(19008K) NonClass: 17002K(17152K)->17002K(17152K) Class: 1829K(1856K)->1829K(1856K)
[453.626s][info][gc             ] GC(1375) Pause Young (Allocation Failure) 769M->667M(869M) 86.985ms
[453.626s][info][gc,cpu         ] GC(1375) User=0.17s Sys=0.00s Real=0.09s
[453.750s][info][gc,start       ] GC(1376) Pause Young (Allocation Failure)
[453.831s][info][gc,heap        ] GC(1376) PSYoungGen: 182592K(222720K)->76816K(222720K) Eden: 111616K(111616K)->0K(111616K) From: 70976K(111104K)->76816K(111104K)
[453.831s][info][gc,heap        ] GC(1376) ParOldGen: 612456K(667648K)->621504K(667648K)
[453.831s][info][gc,metaspace   ] GC(1376) Metaspace: 18832K(19008K)->18832K(19008K) NonClass: 17002K(17152K)->17002K(17152K) Class: 1829K(1856K)->1829K(1856K)
[453.832s][info][gc             ] GC(1376) Pause Young (Allocation Failure) 776M->681M(869M) 81.755ms
[453.832s][info][gc,cpu         ] GC(1376) User=0.16s Sys=0.00s Real=0.08s
[453.937s][info][gc,start       ] GC(1377) Pause Young (Allocation Failure)
[454.026s][info][gc,heap        ] GC(1377) PSYoungGen: 188432K(222720K)->34144K(222720K) Eden: 111616K(111616K)->0K(111616K) From: 76816K(111104K)->34144K(111104K)
[454.026s][info][gc,heap        ] GC(1377) ParOldGen: 621504K(667648K)->665750K(667648K)
[454.026s][info][gc,metaspace   ] GC(1377) Metaspace: 18832K(19008K)->18832K(19008K) NonClass: 17002K(17152K)->17002K(17152K) Class: 1829K(1856K)->1829K(1856K)
[454.026s][info][gc             ] GC(1377) Pause Young (Allocation Failure) 790M->683M(869M) 89.444ms
[454.026s][info][gc,cpu         ] GC(1377) User=0.16s Sys=0.02s Real=0.09s
[454.162s][info][gc,start       ] GC(1378) Pause Full (Allocation Failure)
[454.162s][info][gc,phases,start] GC(1378) Marking Phase
[454.531s][info][gc,phases      ] GC(1378) Marking Phase 369.230ms
[454.531s][info][gc,phases,start] GC(1378) Summary Phase
[454.531s][info][gc,phases      ] GC(1378) Summary Phase 0.031ms
[454.531s][info][gc,phases,start] GC(1378) Forward
[454.642s][info][gc,phases      ] GC(1378) Forward 110.589ms
[454.642s][info][gc,phases,start] GC(1378) Adjust Pointers
[454.918s][info][gc,phases      ] GC(1378) Adjust Pointers 276.532ms
[454.918s][info][gc,phases,start] GC(1378) Compaction Phase
[455.075s][info][gc,phases      ] GC(1378) Compaction Phase 156.391ms
[455.084s][info][gc,phases,start] GC(1378) Post Compact
[455.087s][info][gc,phases      ] GC(1378) Post Compact 2.425ms
[455.087s][info][gc,heap        ] GC(1378) PSYoungGen: 145760K(222720K)->0K(222720K) Eden: 111616K(111616K)->0K(111616K) From: 34144K(111104K)->0K(111104K)
[455.087s][info][gc,heap        ] GC(1378) ParOldGen: 665750K(667648K)->485970K(667648K)
[455.087s][info][gc,metaspace   ] GC(1378) Metaspace: 18832K(19008K)->18832K(19008K) NonClass: 17002K(17152K)->17002K(17152K) Class: 1829K(1856K)->1829K(1856K)
[455.087s][info][gc             ] GC(1378) Pause Full (Allocation Failure) 792M->474M(869M) 924.939ms
[455.087s][info][gc,cpu         ] GC(1378) User=1.75s Sys=0.00s Real=0.93s
[455.257s][info][gc,start       ] GC(1379) Pause Young (Allocation Failure)
[455.275s][info][gc,heap        ] GC(1379) PSYoungGen: 111616K(222720K)->14304K(222720K) Eden: 111616K(111616K)->0K(111616K) From: 0K(111104K)->14304K(111104K)
[455.275s][info][gc,heap        ] GC(1379) ParOldGen: 485970K(667648K)->485970K(667648K)
[455.275s][info][gc,metaspace   ] GC(1379) Metaspace: 18832K(19008K)->18832K(19008K) NonClass: 17002K(17152K)->17002K(17152K) Class: 1829K(1856K)->1829K(1856K)
[455.275s][info][gc             ] GC(1379) Pause Young (Allocation Failure) 583M->488M(869M) 18.311ms
[455.275s][info][gc,cpu         ] GC(1379) User=0.04s Sys=0.00s Real=0.02s
[455.611s][info][gc,start       ] GC(1380) Pause Young (Allocation Failure)
[455.628s][info][gc,heap        ] GC(1380) PSYoungGen: 125920K(222720K)->14368K(222720K) Eden: 111616K(111616K)->0K(111616K) From: 14304K(111104K)->14368K(111104K)
[455.628s][info][gc,heap        ] GC(1380) ParOldGen: 485970K(667648K)->485970K(667648K)
[455.628s][info][gc,metaspace   ] GC(1380) Metaspace: 18832K(19008K)->18832K(19008K) NonClass: 17002K(17152K)->17002K(17152K) Class: 1829K(1856K)->1829K(1856K)
[455.628s][info][gc             ] GC(1380) Pause Young (Allocation Failure) 597M->488M(869M) 16.654ms
[455.628s][info][gc,cpu         ] GC(1380) User=0.03s Sys=0.00s Real=0.02s
[455.920s][info][gc,start       ] GC(1381) Pause Young (Allocation Failure)
[455.938s][info][gc,heap        ] GC(1381) PSYoungGen: 125984K(222720K)->64K(222720K) Eden: 111616K(111616K)->0K(111616K) From: 14368K(111104K)->64K(111104K)
[455.938s][info][gc,heap        ] GC(1381) ParOldGen: 485970K(667648K)->500359K(667648K)
[455.938s][info][gc,metaspace   ] GC(1381) Metaspace: 18832K(19008K)->18832K(19008K) NonClass: 17002K(17152K)->17002K(17152K) Class: 1829K(1856K)->1829K(1856K)
[455.938s][info][gc             ] GC(1381) Pause Young (Allocation Failure) 597M->488M(869M) 17.800ms
[455.938s][info][gc,cpu         ] GC(1381) User=0.04s Sys=0.00s Real=0.02s
[456.198s][info][gc,start       ] GC(1382) Pause Young (Allocation Failure)
[456.200s][info][gc,heap        ] GC(1382) PSYoungGen: 111680K(222720K)->64K(222720K) Eden: 111616K(111616K)->0K(111616K) From: 64K(111104K)->64K(111104K)
[456.200s][info][gc,heap        ] GC(1382) ParOldGen: 500359K(667648K)->500375K(667648K)
[456.200s][info][gc,metaspace   ] GC(1382) Metaspace: 18832K(19008K)->18832K(19008K) NonClass: 17002K(17152K)->17002K(17152K) Class: 1829K(1856K)->1829K(1856K)
[456.200s][info][gc             ] GC(1382) Pause Young (Allocation Failure) 597M->488M(869M) 2.103ms
[456.200s][info][gc,cpu         ] GC(1382) User=0.01s Sys=0.00s Real=0.00s
[456.484s][info][gc,start       ] GC(1383) Pause Young (Allocation Failure)
[456.502s][info][gc,heap        ] GC(1383) PSYoungGen: 111680K(222720K)->96K(112128K) Eden: 111616K(111616K)->0K(111616K) From: 64K(111104K)->96K(512K)
[456.502s][info][gc,heap        ] GC(1383) ParOldGen: 500375K(667648K)->500399K(667648K)
[456.502s][info][gc,metaspace   ] GC(1383) Metaspace: 18832K(19008K)->18832K(19008K) NonClass: 17002K(17152K)->17002K(17152K) Class: 1829K(1856K)->1829K(1856K)
[456.502s][info][gc             ] GC(1383) Pause Young (Allocation Failure) 597M->488M(761M) 18.329ms
[456.502s][info][gc,cpu         ] GC(1383) User=0.04s Sys=0.00s Real=0.02s
[456.670s][info][gc,start       ] GC(1384) Pause Young (Allocation Failure)
[456.682s][info][gc,heap        ] GC(1384) PSYoungGen: 111712K(112128K)->13952K(223744K) Eden: 111616K(111616K)->0K(117248K) From: 96K(512K)->13952K(106496K)
[456.682s][info][gc,heap        ] GC(1384) ParOldGen: 500399K(667648K)->500399K(667648K)
[456.682s][info][gc,metaspace   ] GC(1384) Metaspace: 18832K(19008K)->18832K(19008K) NonClass: 17002K(17152K)->17002K(17152K) Class: 1829K(1856K)->1829K(1856K)
[456.682s][info][gc             ] GC(1384) Pause Young (Allocation Failure) 597M->502M(870M) 11.963ms
[456.682s][info][gc,cpu         ] GC(1384) User=0.02s Sys=0.00s Real=0.01s
[456.750s][info][gc,start       ] GC(1385) Pause Young (Allocation Failure)
[456.788s][info][gc,heap        ] GC(1385) PSYoungGen: 131200K(223744K)->51856K(222208K) Eden: 117248K(117248K)->0K(117248K) From: 13952K(106496K)->51856K(104960K)
[456.788s][info][gc,heap        ] GC(1385) ParOldGen: 500399K(667648K)->500399K(667648K)
[456.788s][info][gc,metaspace   ] GC(1385) Metaspace: 18832K(19008K)->18832K(19008K) NonClass: 17002K(17152K)->17002K(17152K) Class: 1829K(1856K)->1829K(1856K)
[456.788s][info][gc             ] GC(1385) Pause Young (Allocation Failure) 616M->539M(869M) 37.830ms
[456.788s][info][gc,cpu         ] GC(1385) User=0.08s Sys=0.00s Real=0.04s
[456.919s][info][gc,start       ] GC(1386) Pause Young (Allocation Failure)
[456.989s][info][gc,heap        ] GC(1386) PSYoungGen: 169104K(222208K)->95305K(217600K) Eden: 117248K(117248K)->0K(111616K) From: 51856K(104960K)->95305K(105984K)
[456.990s][info][gc,heap        ] GC(1386) ParOldGen: 500399K(667648K)->500399K(667648K)
[456.990s][info][gc,metaspace   ] GC(1386) Metaspace: 18832K(19008K)->18832K(19008K) NonClass: 17002K(17152K)->17002K(17152K) Class: 1829K(1856K)->1829K(1856K)
[456.990s][info][gc             ] GC(1386) Pause Young (Allocation Failure) 653M->581M(864M) 70.292ms
[456.990s][info][gc,cpu         ] GC(1386) User=0.13s Sys=0.01s Real=0.07s
[457.044s][info][gc,start       ] GC(1387) Pause Young (Allocation Failure)
[457.129s][info][gc,heap        ] GC(1387) PSYoungGen: 206921K(217600K)->111104K(222720K) Eden: 111616K(111616K)->0K(111616K) From: 95305K(105984K)->111104K(111104K)
[457.129s][info][gc,heap        ] GC(1387) ParOldGen: 500399K(667648K)->519092K(667648K)
[457.129s][info][gc,metaspace   ] GC(1387) Metaspace: 18832K(19008K)->18832K(19008K) NonClass: 17002K(17152K)->17002K(17152K) Class: 1829K(1856K)->1829K(1856K)
[457.129s][info][gc             ] GC(1387) Pause Young (Allocation Failure) 690M->615M(869M) 85.682ms
[457.129s][info][gc,cpu         ] GC(1387) User=0.17s Sys=0.00s Real=0.08s
[457.201s][info][gc,start       ] GC(1388) Pause Young (Allocation Failure)
[457.288s][info][gc,heap        ] GC(1388) PSYoungGen: 222720K(222720K)->52576K(222720K) Eden: 111616K(111616K)->0K(111616K) From: 111104K(111104K)->52576K(111104K)
[457.288s][info][gc,heap        ] GC(1388) ParOldGen: 519092K(667648K)->597907K(667648K)
[457.289s][info][gc,metaspace   ] GC(1388) Metaspace: 18832K(19008K)->18832K(19008K) NonClass: 17002K(17152K)->17002K(17152K) Class: 1829K(1856K)->1829K(1856K)
[457.289s][info][gc             ] GC(1388) Pause Young (Allocation Failure) 724M->635M(869M) 87.955ms
[457.289s][info][gc,cpu         ] GC(1388) User=0.17s Sys=0.00s Real=0.09s
[457.433s][info][gc,start       ] GC(1389) Pause Young (Allocation Failure)
[457.508s][info][gc,heap        ] GC(1389) PSYoungGen: 164192K(222720K)->18656K(222720K) Eden: 111616K(111616K)->0K(111616K) From: 52576K(111104K)->18656K(111104K)
[457.508s][info][gc,heap        ] GC(1389) ParOldGen: 597907K(667648K)->651059K(667648K)
[457.508s][info][gc,metaspace   ] GC(1389) Metaspace: 18832K(19008K)->18832K(19008K) NonClass: 17003K(17152K)->17003K(17152K) Class: 1829K(1856K)->1829K(1856K)
[457.508s][info][gc             ] GC(1389) Pause Young (Allocation Failure) 744M->654M(869M) 75.170ms
[457.508s][info][gc,cpu         ] GC(1389) User=0.15s Sys=0.00s Real=0.07s
[457.636s][info][gc,start       ] GC(1390) Pause Full (Allocation Failure)
[457.636s][info][gc,phases,start] GC(1390) Marking Phase
[457.983s][info][gc,phases      ] GC(1390) Marking Phase 347.478ms
[457.983s][info][gc,phases,start] GC(1390) Summary Phase
[457.983s][info][gc,phases      ] GC(1390) Summary Phase 0.030ms
[457.983s][info][gc,phases,start] GC(1390) Forward
[458.099s][info][gc,phases      ] GC(1390) Forward 115.287ms
[458.099s][info][gc,phases,start] GC(1390) Adjust Pointers
[458.369s][info][gc,phases      ] GC(1390) Adjust Pointers 270.380ms
[458.369s][info][gc,phases,start] GC(1390) Compaction Phase
[458.533s][info][gc,phases      ] GC(1390) Compaction Phase 163.927ms
[458.542s][info][gc,phases,start] GC(1390) Post Compact
[458.544s][info][gc,phases      ] GC(1390) Post Compact 2.368ms
[458.544s][info][gc,heap        ] GC(1390) PSYoungGen: 130272K(222720K)->0K(222720K) Eden: 111616K(111616K)->0K(111616K) From: 18656K(111104K)->0K(111104K)
[458.544s][info][gc,heap        ] GC(1390) ParOldGen: 651059K(667648K)->496196K(667648K)
[458.544s][info][gc,metaspace   ] GC(1390) Metaspace: 18832K(19008K)->18832K(19008K) NonClass: 17003K(17152K)->17003K(17152K) Class: 1829K(1856K)->1829K(1856K)
[458.544s][info][gc             ] GC(1390) Pause Full (Allocation Failure) 763M->484M(869M) 908.676ms
[458.544s][info][gc,cpu         ] GC(1390) User=1.71s Sys=0.00s Real=0.91s
[458.682s][info][gc,start       ] GC(1391) Pause Young (Allocation Failure)
[458.710s][info][gc,heap        ] GC(1391) PSYoungGen: 111616K(222720K)->18592K(222720K) Eden: 111616K(111616K)->0K(111616K) From: 0K(111104K)->18592K(111104K)
[458.710s][info][gc,heap        ] GC(1391) ParOldGen: 496196K(667648K)->496196K(667648K)
[458.710s][info][gc,metaspace   ] GC(1391) Metaspace: 18832K(19008K)->18832K(19008K) NonClass: 17003K(17152K)->17003K(17152K) Class: 1829K(1856K)->1829K(1856K)
[458.710s][info][gc             ] GC(1391) Pause Young (Allocation Failure) 593M->502M(869M) 27.680ms
[458.710s][info][gc,cpu         ] GC(1391) User=0.05s Sys=0.00s Real=0.02s
[458.857s][info][gc,start       ] GC(1392) Pause Young (Allocation Failure)
[458.884s][info][gc,heap        ] GC(1392) PSYoungGen: 130208K(222720K)->64K(222720K) Eden: 111616K(111616K)->0K(111616K) From: 18592K(111104K)->64K(111104K)
[458.884s][info][gc,heap        ] GC(1392) ParOldGen: 496196K(667648K)->514828K(667648K)
[458.884s][info][gc,metaspace   ] GC(1392) Metaspace: 18832K(19008K)->18832K(19008K) NonClass: 17003K(17152K)->17003K(17152K) Class: 1829K(1856K)->1829K(1856K)
[458.884s][info][gc             ] GC(1392) Pause Young (Allocation Failure) 611M->502M(869M) 27.414ms
[458.884s][info][gc,cpu         ] GC(1392) User=0.06s Sys=0.00s Real=0.03s
[459.030s][info][gc,start       ] GC(1393) Pause Young (Allocation Failure)
[459.032s][info][gc,heap        ] GC(1393) PSYoungGen: 111680K(222720K)->64K(222720K) Eden: 111616K(111616K)->0K(111616K) From: 64K(111104K)->64K(111104K)
[459.032s][info][gc,heap        ] GC(1393) ParOldGen: 514828K(667648K)->514828K(667648K)
[459.032s][info][gc,metaspace   ] GC(1393) Metaspace: 18832K(19008K)->18832K(19008K) NonClass: 17003K(17152K)->17003K(17152K) Class: 1829K(1856K)->1829K(1856K)
[459.032s][info][gc             ] GC(1393) Pause Young (Allocation Failure) 611M->502M(869M) 1.844ms
[459.032s][info][gc,cpu         ] GC(1393) User=0.00s Sys=0.00s Real=0.00s
[459.176s][info][gc,start       ] GC(1394) Pause Young (Allocation Failure)
[459.178s][info][gc,heap        ] GC(1394) PSYoungGen: 111680K(222720K)->64K(222720K) Eden: 111616K(111616K)->0K(111616K) From: 64K(111104K)->64K(111104K)
[459.178s][info][gc,heap        ] GC(1394) ParOldGen: 514828K(667648K)->514828K(667648K)
[459.178s][info][gc,metaspace   ] GC(1394) Metaspace: 18832K(19008K)->18832K(19008K) NonClass: 17003K(17152K)->17003K(17152K) Class: 1829K(1856K)->1829K(1856K)
[459.178s][info][gc             ] GC(1394) Pause Young (Allocation Failure) 611M->502M(869M) 1.897ms
[459.178s][info][gc,cpu         ] GC(1394) User=0.00s Sys=0.00s Real=0.00s
[459.324s][info][gc,start       ] GC(1395) Pause Young (Allocation Failure)
[459.326s][info][gc,heap        ] GC(1395) PSYoungGen: 111680K(222720K)->64K(222720K) Eden: 111616K(111616K)->0K(111616K) From: 64K(111104K)->64K(111104K)
[459.326s][info][gc,heap        ] GC(1395) ParOldGen: 514828K(667648K)->514828K(667648K)
[459.326s][info][gc,metaspace   ] GC(1395) Metaspace: 18832K(19008K)->18832K(19008K) NonClass: 17003K(17152K)->17003K(17152K) Class: 1829K(1856K)->1829K(1856K)
[459.326s][info][gc             ] GC(1395) Pause Young (Allocation Failure) 611M->502M(869M) 1.809ms
[459.326s][info][gc,cpu         ] GC(1395) User=0.00s Sys=0.01s Real=0.00s
[459.472s][info][gc,start       ] GC(1396) Pause Young (Allocation Failure)
[459.474s][info][gc,heap        ] GC(1396) PSYoungGen: 111680K(222720K)->64K(222720K) Eden: 111616K(111616K)->0K(111616K) From: 64K(111104K)->64K(111104K)
[459.474s][info][gc,heap        ] GC(1396) ParOldGen: 514828K(667648K)->514828K(667648K)
[459.474s][info][gc,metaspace   ] GC(1396) Metaspace: 18832K(19008K)->18832K(19008K) NonClass: 17003K(17152K)->17003K(17152K) Class: 1829K(1856K)->1829K(1856K)
[459.474s][info][gc             ] GC(1396) Pause Young (Allocation Failure) 611M->502M(869M) 1.833ms
[459.474s][info][gc,cpu         ] GC(1396) User=0.01s Sys=0.00s Real=0.00s
[459.618s][info][gc,start       ] GC(1397) Pause Young (Allocation Failure)
[459.620s][info][gc,heap        ] GC(1397) PSYoungGen: 111680K(222720K)->64K(112128K) Eden: 111616K(111616K)->0K(111616K) From: 64K(111104K)->64K(512K)
[459.620s][info][gc,heap        ] GC(1397) ParOldGen: 514828K(667648K)->514828K(667648K)
[459.620s][info][gc,metaspace   ] GC(1397) Metaspace: 18832K(19008K)->18832K(19008K) NonClass: 17003K(17152K)->17003K(17152K) Class: 1829K(1856K)->1829K(1856K)
[459.620s][info][gc             ] GC(1397) Pause Young (Allocation Failure) 611M->502M(761M) 1.875ms
[459.620s][info][gc,cpu         ] GC(1397) User=0.01s Sys=0.00s Real=0.00s
[459.768s][info][gc,start       ] GC(1398) Pause Young (Allocation Failure)
[459.770s][info][gc,heap        ] GC(1398) PSYoungGen: 111680K(112128K)->64K(220160K) Eden: 111616K(111616K)->0K(116224K) From: 64K(512K)->64K(103936K)
[459.770s][info][gc,heap        ] GC(1398) ParOldGen: 514828K(667648K)->514828K(667648K)
[459.770s][info][gc,metaspace   ] GC(1398) Metaspace: 18832K(19008K)->18832K(19008K) NonClass: 17003K(17152K)->17003K(17152K) Class: 1829K(1856K)->1829K(1856K)
[459.770s][info][gc             ] GC(1398) Pause Young (Allocation Failure) 611M->502M(867M) 1.873ms
[459.770s][info][gc,cpu         ] GC(1398) User=0.00s Sys=0.00s Real=0.00s
[459.921s][info][gc,start       ] GC(1399) Pause Young (Allocation Failure)
[459.923s][info][gc,heap        ] GC(1399) PSYoungGen: 116288K(220160K)->64K(116736K) Eden: 116224K(116224K)->0K(116224K) From: 64K(103936K)->64K(512K)
[459.923s][info][gc,heap        ] GC(1399) ParOldGen: 514828K(667648K)->514828K(667648K)
[459.923s][info][gc,metaspace   ] GC(1399) Metaspace: 18832K(19008K)->18832K(19008K) NonClass: 17003K(17152K)->17003K(17152K) Class: 1829K(1856K)->1829K(1856K)
[459.923s][info][gc             ] GC(1399) Pause Young (Allocation Failure) 616M->502M(766M) 2.187ms
[459.923s][info][gc,cpu         ] GC(1399) User=0.01s Sys=0.00s Real=0.01s
[460.071s][info][gc,start       ] GC(1400) Pause Young (Allocation Failure)
[460.074s][info][gc,heap        ] GC(1400) PSYoungGen: 116288K(116736K)->64K(208384K) Eden: 116224K(116224K)->0K(119808K) From: 64K(512K)->64K(88576K)
[460.074s][info][gc,heap        ] GC(1400) ParOldGen: 514828K(667648K)->514828K(667648K)
[460.074s][info][gc,metaspace   ] GC(1400) Metaspace: 18832K(19008K)->18832K(19008K) NonClass: 17003K(17152K)->17003K(17152K) Class: 1829K(1856K)->1829K(1856K)
[460.074s][info][gc             ] GC(1400) Pause Young (Allocation Failure) 616M->502M(855M) 2.628ms
[460.074s][info][gc,cpu         ] GC(1400) User=0.00s Sys=0.00s Real=0.01s
[460.229s][info][gc,start       ] GC(1401) Pause Young (Allocation Failure)
[460.231s][info][gc,heap        ] GC(1401) PSYoungGen: 119872K(208384K)->64K(120320K) Eden: 119808K(119808K)->0K(119808K) From: 64K(88576K)->64K(512K)
[460.231s][info][gc,heap        ] GC(1401) ParOldGen: 514828K(667648K)->514828K(667648K)
[460.231s][info][gc,metaspace   ] GC(1401) Metaspace: 18832K(19008K)->18832K(19008K) NonClass: 17003K(17152K)->17003K(17152K) Class: 1829K(1856K)->1829K(1856K)
[460.231s][info][gc             ] GC(1401) Pause Young (Allocation Failure) 619M->502M(769M) 2.633ms
[460.231s][info][gc,cpu         ] GC(1401) User=0.00s Sys=0.00s Real=0.00s
[460.398s][info][gc,start       ] GC(1402) Pause Young (Allocation Failure)
[460.401s][info][gc,heap        ] GC(1402) PSYoungGen: 119872K(120320K)->64K(201728K) Eden: 119808K(119808K)->0K(122368K) From: 64K(512K)->64K(79360K)
[460.401s][info][gc,heap        ] GC(1402) ParOldGen: 514828K(667648K)->514828K(667648K)
[460.401s][info][gc,metaspace   ] GC(1402) Metaspace: 18832K(19008K)->18832K(19008K) NonClass: 17003K(17152K)->17003K(17152K) Class: 1829K(1856K)->1829K(1856K)
[460.401s][info][gc             ] GC(1402) Pause Young (Allocation Failure) 619M->502M(849M) 2.680ms
[460.401s][info][gc,cpu         ] GC(1402) User=0.01s Sys=0.00s Real=0.00s
[460.525s][info][gc,start       ] GC(1403) Pause Young (Allocation Failure)
[460.546s][info][gc,heap        ] GC(1403) PSYoungGen: 122432K(201728K)->16448K(139264K) Eden: 122368K(122368K)->0K(122368K) From: 64K(79360K)->16448K(16896K)
[460.546s][info][gc,heap        ] GC(1403) ParOldGen: 514828K(667648K)->514828K(667648K)
[460.546s][info][gc,metaspace   ] GC(1403) Metaspace: 18832K(19008K)->18832K(19008K) NonClass: 17003K(17152K)->17003K(17152K) Class: 1829K(1856K)->1829K(1856K)
[460.546s][info][gc             ] GC(1403) Pause Young (Allocation Failure) 622M->518M(788M) 21.203ms
[460.547s][info][gc,cpu         ] GC(1403) User=0.04s Sys=0.00s Real=0.02s
[460.667s][info][gc,start       ] GC(1404) Pause Young (Allocation Failure)
[460.704s][info][gc,heap        ] GC(1404) PSYoungGen: 138816K(139264K)->33664K(204800K) Eden: 122368K(122368K)->0K(126464K) From: 16448K(16896K)->33664K(78336K)
[460.704s][info][gc,heap        ] GC(1404) ParOldGen: 514828K(667648K)->514828K(667648K)
[460.704s][info][gc,metaspace   ] GC(1404) Metaspace: 18832K(19008K)->18832K(19008K) NonClass: 17003K(17152K)->17003K(17152K) Class: 1829K(1856K)->1829K(1856K)
[460.704s][info][gc             ] GC(1404) Pause Young (Allocation Failure) 638M->535M(852M) 36.661ms
[460.704s][info][gc,cpu         ] GC(1404) User=0.07s Sys=0.00s Real=0.04s
[460.803s][info][gc,start       ] GC(1405) Pause Young (Allocation Failure)
[460.843s][info][gc,heap        ] GC(1405) PSYoungGen: 160128K(204800K)->37728K(205824K) Eden: 126464K(126464K)->0K(126464K) From: 33664K(78336K)->37728K(79360K)
[460.843s][info][gc,heap        ] GC(1405) ParOldGen: 514828K(667648K)->514828K(667648K)
[460.843s][info][gc,metaspace   ] GC(1405) Metaspace: 18832K(19008K)->18832K(19008K) NonClass: 17003K(17152K)->17003K(17152K) Class: 1829K(1856K)->1829K(1856K)
[460.843s][info][gc             ] GC(1405) Pause Young (Allocation Failure) 659M->539M(853M) 40.211ms
[460.843s][info][gc,cpu         ] GC(1405) User=0.08s Sys=0.00s Real=0.04s
[460.938s][info][gc,start       ] GC(1406) Pause Young (Allocation Failure)
[460.992s][info][gc,heap        ] GC(1406) PSYoungGen: 164192K(205824K)->50272K(212480K) Eden: 126464K(126464K)->0K(131072K) From: 37728K(79360K)->50272K(81408K)
[460.992s][info][gc,heap        ] GC(1406) ParOldGen: 514828K(667648K)->514828K(667648K)
[460.992s][info][gc,metaspace   ] GC(1406) Metaspace: 18832K(19008K)->18832K(19008K) NonClass: 17003K(17152K)->17003K(17152K) Class: 1829K(1856K)->1829K(1856K)
[460.992s][info][gc             ] GC(1406) Pause Young (Allocation Failure) 663M->551M(859M) 54.544ms
[460.992s][info][gc,cpu         ] GC(1406) User=0.10s Sys=0.00s Real=0.06s
[461.086s][info][gc,start       ] GC(1407) Pause Young (Allocation Failure)
[461.153s][info][gc,heap        ] GC(1407) PSYoungGen: 181344K(212480K)->62816K(218112K) Eden: 131072K(131072K)->0K(131072K) From: 50272K(81408K)->62816K(87040K)
[461.153s][info][gc,heap        ] GC(1407) ParOldGen: 514828K(667648K)->514828K(667648K)
[461.153s][info][gc,metaspace   ] GC(1407) Metaspace: 18832K(19008K)->18832K(19008K) NonClass: 17003K(17152K)->17003K(17152K) Class: 1829K(1856K)->1829K(1856K)
[461.153s][info][gc             ] GC(1407) Pause Young (Allocation Failure) 679M->564M(865M) 67.432ms
[461.153s][info][gc,cpu         ] GC(1407) User=0.13s Sys=0.00s Real=0.07s
[461.257s][info][gc,start       ] GC(1408) Pause Young (Allocation Failure)
[461.351s][info][gc,heap        ] GC(1408) PSYoungGen: 193888K(218112K)->76672K(213504K) Eden: 131072K(131072K)->0K(117760K) From: 62816K(87040K)->76672K(95744K)
[461.351s][info][gc,heap        ] GC(1408) ParOldGen: 514828K(667648K)->514828K(667648K)
[461.351s][info][gc,metaspace   ] GC(1408) Metaspace: 18832K(19008K)->18832K(19008K) NonClass: 17003K(17152K)->17003K(17152K) Class: 1829K(1856K)->1829K(1856K)
[461.351s][info][gc             ] GC(1408) Pause Young (Allocation Failure) 692M->577M(860M) 93.967ms
[461.351s][info][gc,cpu         ] GC(1408) User=0.17s Sys=0.02s Real=0.09s
[461.414s][info][gc,start       ] GC(1409) Pause Young (Allocation Failure)
[461.498s][info][gc,heap        ] GC(1409) PSYoungGen: 194432K(213504K)->80672K(198656K) Eden: 117760K(117760K)->0K(117760K) From: 76672K(95744K)->80672K(80896K)
[461.498s][info][gc,heap        ] GC(1409) ParOldGen: 514828K(667648K)->514828K(667648K)
[461.498s][info][gc,metaspace   ] GC(1409) Metaspace: 18832K(19008K)->18832K(19008K) NonClass: 17003K(17152K)->17003K(17152K) Class: 1829K(1856K)->1829K(1856K)
[461.498s][info][gc             ] GC(1409) Pause Young (Allocation Failure) 692M->581M(846M) 83.338ms
[461.498s][info][gc,cpu         ] GC(1409) User=0.17s Sys=0.00s Real=0.08s
[461.577s][info][gc,start       ] GC(1410) Pause Young (Allocation Failure)
[461.664s][info][gc,heap        ] GC(1410) PSYoungGen: 198432K(198656K)->82080K(222720K) Eden: 117760K(117760K)->0K(111616K) From: 80672K(80896K)->82080K(111104K)
[461.664s][info][gc,heap        ] GC(1410) ParOldGen: 514828K(667648K)->514828K(667648K)
[461.664s][info][gc,metaspace   ] GC(1410) Metaspace: 18832K(19008K)->18832K(19008K) NonClass: 17003K(17152K)->17003K(17152K) Class: 1829K(1856K)->1829K(1856K)
[461.665s][info][gc             ] GC(1410) Pause Young (Allocation Failure) 696M->582M(869M) 87.967ms
[461.665s][info][gc,cpu         ] GC(1410) User=0.18s Sys=0.00s Real=0.09s
[461.757s][info][gc,start       ] GC(1411) Pause Young (Allocation Failure)
[461.852s][info][gc,heap        ] GC(1411) PSYoungGen: 193696K(222720K)->57888K(222720K) Eden: 111616K(111616K)->0K(111616K) From: 82080K(111104K)->57888K(111104K)
[461.852s][info][gc,heap        ] GC(1411) ParOldGen: 514828K(667648K)->548596K(667648K)
[461.852s][info][gc,metaspace   ] GC(1411) Metaspace: 18832K(19008K)->18832K(19008K) NonClass: 17003K(17152K)->17003K(17152K) Class: 1829K(1856K)->1829K(1856K)
[461.852s][info][gc             ] GC(1411) Pause Young (Allocation Failure) 691M->592M(869M) 95.134ms
[461.852s][info][gc,cpu         ] GC(1411) User=0.19s Sys=0.00s Real=0.10s
[461.936s][info][gc,start       ] GC(1412) Pause Young (Allocation Failure)
[462.016s][info][gc,heap        ] GC(1412) PSYoungGen: 169504K(222720K)->59808K(222720K) Eden: 111616K(111616K)->0K(111616K) From: 57888K(111104K)->59808K(111104K)
[462.016s][info][gc,heap        ] GC(1412) ParOldGen: 548596K(667648K)->565236K(667648K)
[462.016s][info][gc,metaspace   ] GC(1412) Metaspace: 18832K(19008K)->18832K(19008K) NonClass: 17003K(17152K)->17003K(17152K) Class: 1829K(1856K)->1829K(1856K)
[462.016s][info][gc             ] GC(1412) Pause Young (Allocation Failure) 701M->610M(869M) 80.022ms
[462.016s][info][gc,cpu         ] GC(1412) User=0.15s Sys=0.00s Real=0.08s
[462.107s][info][gc,start       ] GC(1413) Pause Young (Allocation Failure)
[462.173s][info][gc,heap        ] GC(1413) PSYoungGen: 171424K(222720K)->34304K(222720K) Eden: 111616K(111616K)->0K(111616K) From: 59808K(111104K)->34304K(111104K)
[462.174s][info][gc,heap        ] GC(1413) ParOldGen: 565236K(667648K)->591756K(667648K)
[462.174s][info][gc,metaspace   ] GC(1413) Metaspace: 18832K(19008K)->18832K(19008K) NonClass: 17003K(17152K)->17003K(17152K) Class: 1829K(1856K)->1829K(1856K)
[462.174s][info][gc             ] GC(1413) Pause Young (Allocation Failure) 719M->611M(869M) 66.203ms
[462.174s][info][gc,cpu         ] GC(1413) User=0.13s Sys=0.00s Real=0.07s
[462.307s][info][gc,start       ] GC(1414) Pause Young (Allocation Failure)
[462.355s][info][gc,heap        ] GC(1414) PSYoungGen: 145920K(222720K)->37760K(222720K) Eden: 111616K(111616K)->0K(111616K) From: 34304K(111104K)->37760K(111104K)
[462.355s][info][gc,heap        ] GC(1414) ParOldGen: 591756K(667648K)->597196K(667648K)
[462.355s][info][gc,metaspace   ] GC(1414) Metaspace: 18832K(19008K)->18832K(19008K) NonClass: 17003K(17152K)->17003K(17152K) Class: 1829K(1856K)->1829K(1856K)
[462.355s][info][gc             ] GC(1414) Pause Young (Allocation Failure) 720M->620M(869M) 48.260ms
[462.355s][info][gc,cpu         ] GC(1414) User=0.10s Sys=0.00s Real=0.05s
[462.574s][info][gc,start       ] GC(1415) Pause Young (Allocation Failure)
[462.636s][info][gc,heap        ] GC(1415) PSYoungGen: 149376K(222720K)->26112K(137728K) Eden: 111616K(111616K)->0K(111616K) From: 37760K(111104K)->26112K(26112K)
[462.636s][info][gc,heap        ] GC(1415) ParOldGen: 597196K(667648K)->625229K(667648K)
[462.636s][info][gc,metaspace   ] GC(1415) Metaspace: 18832K(19008K)->18832K(19008K) NonClass: 17003K(17152K)->17003K(17152K) Class: 1829K(1856K)->1829K(1856K)
[462.636s][info][gc             ] GC(1415) Pause Young (Allocation Failure) 729M->636M(786M) 61.807ms
[462.636s][info][gc,cpu         ] GC(1415) User=0.12s Sys=0.01s Real=0.06s
[463.024s][info][gc,start       ] GC(1416) Pause Full (Allocation Failure)
[463.024s][info][gc,phases,start] GC(1416) Marking Phase
[463.524s][info][gc,phases      ] GC(1416) Marking Phase 500.033ms
[463.524s][info][gc,phases,start] GC(1416) Summary Phase
[463.524s][info][gc,phases      ] GC(1416) Summary Phase 0.048ms
[463.524s][info][gc,phases,start] GC(1416) Forward
[463.560s][info][gc,phases      ] GC(1416) Forward 36.510ms
[463.560s][info][gc,phases,start] GC(1416) Adjust Pointers
[463.912s][info][gc,phases      ] GC(1416) Adjust Pointers 351.215ms
[463.912s][info][gc,phases,start] GC(1416) Compaction Phase
[464.076s][info][gc,phases      ] GC(1416) Compaction Phase 164.579ms
[464.076s][info][gc,phases,start] GC(1416) Post Compact
[464.079s][info][gc,phases      ] GC(1416) Post Compact 2.229ms
[464.079s][info][gc,heap        ] GC(1416) PSYoungGen: 137728K(137728K)->0K(218624K) Eden: 111616K(111616K)->0K(111616K) From: 26112K(26112K)->0K(107008K)
[464.079s][info][gc,heap        ] GC(1416) ParOldGen: 625229K(667648K)->650852K(667648K)
[464.079s][info][gc,metaspace   ] GC(1416) Metaspace: 18832K(19008K)->18832K(19008K) NonClass: 17003K(17152K)->17003K(17152K) Class: 1829K(1856K)->1829K(1856K)
[464.079s][info][gc             ] GC(1416) Pause Full (Allocation Failure) 745M->635M(865M) 1055.179ms
[464.079s][info][gc,cpu         ] GC(1416) User=2.07s Sys=0.00s Real=1.05s
[464.391s][info][gc,start       ] GC(1417) Pause Full (Allocation Failure)
[464.392s][info][gc,phases,start] GC(1417) Marking Phase
[464.890s][info][gc,phases      ] GC(1417) Marking Phase 498.616ms
[464.890s][info][gc,phases,start] GC(1417) Summary Phase
[464.890s][info][gc,phases      ] GC(1417) Summary Phase 0.032ms
[464.890s][info][gc,phases,start] GC(1417) Forward
[464.896s][info][gc,phases      ] GC(1417) Forward 6.227ms
[464.897s][info][gc,phases,start] GC(1417) Adjust Pointers
[465.237s][info][gc,phases      ] GC(1417) Adjust Pointers 340.745ms
[465.237s][info][gc,phases,start] GC(1417) Compaction Phase
[465.371s][info][gc,phases      ] GC(1417) Compaction Phase 133.327ms
[465.371s][info][gc,phases,start] GC(1417) Post Compact
[465.373s][info][gc,phases      ] GC(1417) Post Compact 2.195ms
[465.373s][info][gc,heap        ] GC(1417) PSYoungGen: 111616K(218624K)->0K(218624K) Eden: 111616K(111616K)->0K(111616K) From: 0K(107008K)->0K(107008K)
[465.373s][info][gc,heap        ] GC(1417) ParOldGen: 650852K(667648K)->650846K(667648K)
[465.373s][info][gc,metaspace   ] GC(1417) Metaspace: 18832K(19008K)->18832K(19008K) NonClass: 17003K(17152K)->17003K(17152K) Class: 1829K(1856K)->1829K(1856K)
[465.373s][info][gc             ] GC(1417) Pause Full (Allocation Failure) 744M->635M(865M) 981.639ms
[465.373s][info][gc,cpu         ] GC(1417) User=1.92s Sys=0.00s Real=0.99s
[465.662s][info][gc,start       ] GC(1418) Pause Full (Allocation Failure)
[465.662s][info][gc,phases,start] GC(1418) Marking Phase
[466.156s][info][gc,phases      ] GC(1418) Marking Phase 494.465ms
[466.156s][info][gc,phases,start] GC(1418) Summary Phase
[466.156s][info][gc,phases      ] GC(1418) Summary Phase 0.026ms
[466.156s][info][gc,phases,start] GC(1418) Forward
[466.157s][info][gc,phases      ] GC(1418) Forward 0.283ms
[466.157s][info][gc,phases,start] GC(1418) Adjust Pointers
[466.491s][info][gc,phases      ] GC(1418) Adjust Pointers 334.489ms
[466.491s][info][gc,phases,start] GC(1418) Compaction Phase
[466.629s][info][gc,phases      ] GC(1418) Compaction Phase 137.806ms
[466.629s][info][gc,phases,start] GC(1418) Post Compact
[466.631s][info][gc,phases      ] GC(1418) Post Compact 2.246ms
[466.631s][info][gc,heap        ] GC(1418) PSYoungGen: 111616K(218624K)->0K(226816K) Eden: 111616K(111616K)->0K(119808K) From: 0K(107008K)->0K(107008K)
[466.631s][info][gc,heap        ] GC(1418) ParOldGen: 650846K(667648K)->650848K(667648K)
[466.631s][info][gc,metaspace   ] GC(1418) Metaspace: 18832K(19008K)->18832K(19008K) NonClass: 17003K(17152K)->17003K(17152K) Class: 1829K(1856K)->1829K(1856K)
[466.632s][info][gc             ] GC(1418) Pause Full (Allocation Failure) 744M->635M(873M) 969.744ms
[466.632s][info][gc,cpu         ] GC(1418) User=1.90s Sys=0.00s Real=0.97s
[466.936s][info][gc,start       ] GC(1419) Pause Full (Allocation Failure)
[466.936s][info][gc,phases,start] GC(1419) Marking Phase
[467.432s][info][gc,phases      ] GC(1419) Marking Phase 496.054ms
[467.432s][info][gc,phases,start] GC(1419) Summary Phase
[467.432s][info][gc,phases      ] GC(1419) Summary Phase 0.027ms
[467.432s][info][gc,phases,start] GC(1419) Forward
[467.432s][info][gc,phases      ] GC(1419) Forward 0.308ms
[467.432s][info][gc,phases,start] GC(1419) Adjust Pointers
[467.765s][info][gc,phases      ] GC(1419) Adjust Pointers 332.515ms
[467.765s][info][gc,phases,start] GC(1419) Compaction Phase
[467.903s][info][gc,phases      ] GC(1419) Compaction Phase 137.526ms
[467.903s][info][gc,phases,start] GC(1419) Post Compact
[467.905s][info][gc,phases      ] GC(1419) Post Compact 2.247ms
[467.905s][info][gc,heap        ] GC(1419) PSYoungGen: 119808K(226816K)->0K(226816K) Eden: 119808K(119808K)->0K(119808K) From: 0K(107008K)->0K(107008K)
[467.905s][info][gc,heap        ] GC(1419) ParOldGen: 650848K(667648K)->650850K(667648K)
[467.905s][info][gc,metaspace   ] GC(1419) Metaspace: 18832K(19008K)->18832K(19008K) NonClass: 17003K(17152K)->17003K(17152K) Class: 1829K(1856K)->1829K(1856K)
[467.905s][info][gc             ] GC(1419) Pause Full (Allocation Failure) 752M->635M(873M) 969.203ms
[467.905s][info][gc,cpu         ] GC(1419) User=1.89s Sys=0.00s Real=0.97s
[468.204s][info][gc,start       ] GC(1420) Pause Full (Allocation Failure)
[468.204s][info][gc,phases,start] GC(1420) Marking Phase
[468.697s][info][gc,phases      ] GC(1420) Marking Phase 492.608ms
[468.697s][info][gc,phases,start] GC(1420) Summary Phase
[468.697s][info][gc,phases      ] GC(1420) Summary Phase 0.027ms
[468.697s][info][gc,phases,start] GC(1420) Forward
[468.698s][info][gc,phases      ] GC(1420) Forward 0.335ms
[468.698s][info][gc,phases,start] GC(1420) Adjust Pointers
[469.031s][info][gc,phases      ] GC(1420) Adjust Pointers 333.352ms
[469.031s][info][gc,phases,start] GC(1420) Compaction Phase
[469.169s][info][gc,phases      ] GC(1420) Compaction Phase 137.551ms
[469.169s][info][gc,phases,start] GC(1420) Post Compact
[469.171s][info][gc,phases      ] GC(1420) Post Compact 2.263ms
[469.171s][info][gc,heap        ] GC(1420) PSYoungGen: 119808K(226816K)->0K(226816K) Eden: 119808K(119808K)->0K(119808K) From: 0K(107008K)->0K(107008K)
[469.171s][info][gc,heap        ] GC(1420) ParOldGen: 650850K(667648K)->650853K(667648K)
[469.171s][info][gc,metaspace   ] GC(1420) Metaspace: 18832K(19008K)->18832K(19008K) NonClass: 17003K(17152K)->17003K(17152K) Class: 1829K(1856K)->1829K(1856K)
[469.171s][info][gc             ] GC(1420) Pause Full (Allocation Failure) 752M->635M(873M) 966.567ms
[469.171s][info][gc,cpu         ] GC(1420) User=1.89s Sys=0.00s Real=0.96s
[469.471s][info][gc,start       ] GC(1421) Pause Full (Allocation Failure)
[469.471s][info][gc,phases,start] GC(1421) Marking Phase
[469.964s][info][gc,phases      ] GC(1421) Marking Phase 492.624ms
[469.964s][info][gc,phases,start] GC(1421) Summary Phase
[469.964s][info][gc,phases      ] GC(1421) Summary Phase 0.028ms
[469.964s][info][gc,phases,start] GC(1421) Forward
[469.964s][info][gc,phases      ] GC(1421) Forward 0.346ms
[469.964s][info][gc,phases,start] GC(1421) Adjust Pointers
[470.297s][info][gc,phases      ] GC(1421) Adjust Pointers 332.692ms
[470.297s][info][gc,phases,start] GC(1421) Compaction Phase
[470.434s][info][gc,phases      ] GC(1421) Compaction Phase 137.601ms
[470.434s][info][gc,phases,start] GC(1421) Post Compact
[470.437s][info][gc,phases      ] GC(1421) Post Compact 2.264ms
[470.437s][info][gc,heap        ] GC(1421) PSYoungGen: 119808K(226816K)->0K(226816K) Eden: 119808K(119808K)->0K(119808K) From: 0K(107008K)->0K(107008K)
[470.437s][info][gc,heap        ] GC(1421) ParOldGen: 650853K(667648K)->650856K(667648K)
[470.437s][info][gc,metaspace   ] GC(1421) Metaspace: 18832K(19008K)->18832K(19008K) NonClass: 17003K(17152K)->17003K(17152K) Class: 1829K(1856K)->1829K(1856K)
[470.437s][info][gc             ] GC(1421) Pause Full (Allocation Failure) 752M->635M(873M) 966.010ms
[470.437s][info][gc,cpu         ] GC(1421) User=1.89s Sys=0.01s Real=0.97s
[470.732s][info][gc,start       ] GC(1422) Pause Full (Allocation Failure)
[470.732s][info][gc,phases,start] GC(1422) Marking Phase
[471.224s][info][gc,phases      ] GC(1422) Marking Phase 492.129ms
[471.224s][info][gc,phases,start] GC(1422) Summary Phase
[471.224s][info][gc,phases      ] GC(1422) Summary Phase 0.028ms
[471.224s][info][gc,phases,start] GC(1422) Forward
[471.225s][info][gc,phases      ] GC(1422) Forward 0.850ms
[471.225s][info][gc,phases,start] GC(1422) Adjust Pointers
[471.557s][info][gc,phases      ] GC(1422) Adjust Pointers 332.530ms
[471.558s][info][gc,phases,start] GC(1422) Compaction Phase
[471.695s][info][gc,phases      ] GC(1422) Compaction Phase 137.526ms
[471.695s][info][gc,phases,start] GC(1422) Post Compact
[471.697s][info][gc,phases      ] GC(1422) Post Compact 2.245ms
[471.697s][info][gc,heap        ] GC(1422) PSYoungGen: 119808K(226816K)->0K(226816K) Eden: 119808K(119808K)->0K(119808K) From: 0K(107008K)->0K(107008K)
[471.697s][info][gc,heap        ] GC(1422) ParOldGen: 650856K(667648K)->651310K(667648K)
[471.697s][info][gc,metaspace   ] GC(1422) Metaspace: 18832K(19008K)->18832K(19008K) NonClass: 17003K(17152K)->17003K(17152K) Class: 1829K(1856K)->1829K(1856K)
[471.698s][info][gc             ] GC(1422) Pause Full (Allocation Failure) 752M->636M(873M) 965.781ms
[471.698s][info][gc,cpu         ] GC(1422) User=1.89s Sys=0.00s Real=0.97s
[471.992s][info][gc,start       ] GC(1423) Pause Full (Allocation Failure)
[471.992s][info][gc,phases,start] GC(1423) Marking Phase
[472.411s][info][gc,phases      ] GC(1423) Marking Phase 419.149ms
[472.411s][info][gc,phases,start] GC(1423) Summary Phase
[472.411s][info][gc,phases      ] GC(1423) Summary Phase 0.028ms
[472.411s][info][gc,phases,start] GC(1423) Forward
[472.500s][info][gc,phases      ] GC(1423) Forward 88.139ms
[472.500s][info][gc,phases,start] GC(1423) Adjust Pointers
[472.811s][info][gc,phases      ] GC(1423) Adjust Pointers 310.934ms
[472.811s][info][gc,phases,start] GC(1423) Compaction Phase
[472.959s][info][gc,phases      ] GC(1423) Compaction Phase 147.921ms
[472.967s][info][gc,phases,start] GC(1423) Post Compact
[472.969s][info][gc,phases      ] GC(1423) Post Compact 2.317ms
[472.969s][info][gc,heap        ] GC(1423) PSYoungGen: 119808K(226816K)->0K(226816K) Eden: 119808K(119808K)->0K(119808K) From: 0K(107008K)->0K(107008K)
[472.969s][info][gc,heap        ] GC(1423) ParOldGen: 651310K(667648K)->555986K(667648K)
[472.969s][info][gc,metaspace   ] GC(1423) Metaspace: 18832K(19008K)->18832K(19008K) NonClass: 17003K(17152K)->17003K(17152K) Class: 1829K(1856K)->1829K(1856K)
[472.969s][info][gc             ] GC(1423) Pause Full (Allocation Failure) 753M->542M(873M) 977.205ms
[472.969s][info][gc,cpu         ] GC(1423) User=1.86s Sys=0.00s Real=0.97s
[473.244s][info][gc,start       ] GC(1424) Pause Young (Allocation Failure)
[473.249s][info][gc,heap        ] GC(1424) PSYoungGen: 119808K(226816K)->2496K(225792K) Eden: 119808K(119808K)->0K(119808K) From: 0K(107008K)->2496K(105984K)
[473.249s][info][gc,heap        ] GC(1424) ParOldGen: 555986K(667648K)->555986K(667648K)
[473.249s][info][gc,metaspace   ] GC(1424) Metaspace: 18832K(19008K)->18832K(19008K) NonClass: 17003K(17152K)->17003K(17152K) Class: 1829K(1856K)->1829K(1856K)
[473.249s][info][gc             ] GC(1424) Pause Young (Allocation Failure) 659M->545M(872M) 4.554ms
[473.249s][info][gc,cpu         ] GC(1424) User=0.01s Sys=0.00s Real=0.00s
[473.375s][info][gc,start       ] GC(1425) Pause Young (Allocation Failure)
[473.400s][info][gc,heap        ] GC(1425) PSYoungGen: 122304K(225792K)->29792K(150016K) Eden: 119808K(119808K)->0K(119808K) From: 2496K(105984K)->29792K(30208K)
[473.400s][info][gc,heap        ] GC(1425) ParOldGen: 555986K(667648K)->555986K(667648K)
[473.400s][info][gc,metaspace   ] GC(1425) Metaspace: 18832K(19008K)->18832K(19008K) NonClass: 17003K(17152K)->17003K(17152K) Class: 1829K(1856K)->1829K(1856K)
[473.400s][info][gc             ] GC(1425) Pause Young (Allocation Failure) 662M->572M(798M) 24.842ms
[473.400s][info][gc,cpu         ] GC(1425) User=0.05s Sys=0.00s Real=0.02s
[473.465s][info][gc,start       ] GC(1426) Pause Young (Allocation Failure)
[473.523s][info][gc,heap        ] GC(1426) PSYoungGen: 149600K(150016K)->79040K(212480K) Eden: 119808K(119808K)->0K(111616K) From: 29792K(30208K)->79040K(100864K)
[473.523s][info][gc,heap        ] GC(1426) ParOldGen: 555986K(667648K)->555986K(667648K)
[473.523s][info][gc,metaspace   ] GC(1426) Metaspace: 18832K(19008K)->18832K(19008K) NonClass: 17003K(17152K)->17003K(17152K) Class: 1829K(1856K)->1829K(1856K)
[473.523s][info][gc             ] GC(1426) Pause Young (Allocation Failure) 689M->620M(859M) 57.291ms
[473.523s][info][gc,cpu         ] GC(1426) User=0.11s Sys=0.00s Real=0.06s
[473.586s][info][gc,start       ] GC(1427) Pause Young (Allocation Failure)
[473.670s][info][gc,heap        ] GC(1427) PSYoungGen: 190656K(212480K)->110560K(222208K) Eden: 111616K(111616K)->0K(111616K) From: 79040K(100864K)->110560K(110592K)
[473.670s][info][gc,heap        ] GC(1427) ParOldGen: 555986K(667648K)->569578K(667648K)
[473.670s][info][gc,metaspace   ] GC(1427) Metaspace: 18832K(19008K)->18832K(19008K) NonClass: 17003K(17152K)->17003K(17152K) Class: 1829K(1856K)->1829K(1856K)
[473.670s][info][gc             ] GC(1427) Pause Young (Allocation Failure) 729M->664M(869M) 84.028ms
[473.670s][info][gc,cpu         ] GC(1427) User=0.16s Sys=0.00s Real=0.08s
[473.761s][info][gc,start       ] GC(1428) Pause Young (Allocation Failure)
[473.874s][info][gc,heap        ] GC(1428) PSYoungGen: 222176K(222208K)->111072K(222720K) Eden: 111616K(111616K)->0K(111616K) From: 110560K(110592K)->111072K(111104K)
[473.874s][info][gc,heap        ] GC(1428) ParOldGen: 569578K(667648K)->606210K(667648K)
[473.874s][info][gc,metaspace   ] GC(1428) Metaspace: 18832K(19008K)->18832K(19008K) NonClass: 17003K(17152K)->17003K(17152K) Class: 1829K(1856K)->1829K(1856K)
[473.874s][info][gc             ] GC(1428) Pause Young (Allocation Failure) 773M->700M(869M) 112.200ms
[473.874s][info][gc,cpu         ] GC(1428) User=0.21s Sys=0.01s Real=0.12s
[473.956s][info][gc,start       ] GC(1429) Pause Young (Allocation Failure)
[474.052s][info][gc,promotion   ] GC(1429) Promotion failed
[474.052s][info][gc,heap        ] GC(1429) PSYoungGen: 222688K(222720K)->222688K(222720K) Eden: 111616K(111616K)->111616K(111616K) From: 111072K(111104K)->111072K(111104K)
[474.052s][info][gc,heap        ] GC(1429) ParOldGen: 606210K(667648K)->667641K(667648K)
[474.052s][info][gc,metaspace   ] GC(1429) Metaspace: 18832K(19008K)->18832K(19008K) NonClass: 17003K(17152K)->17003K(17152K) Class: 1829K(1856K)->1829K(1856K)
[474.052s][info][gc             ] GC(1429) Pause Young (Allocation Failure) 809M->869M(869M) 95.768ms
[474.052s][info][gc,cpu         ] GC(1429) User=0.18s Sys=0.00s Real=0.09s
[474.052s][info][gc,start       ] GC(1430) Pause Full (Allocation Failure)
[474.052s][info][gc,phases,start] GC(1430) Marking Phase
[474.424s][info][gc,phases      ] GC(1430) Marking Phase 372.427ms
[474.424s][info][gc,phases,start] GC(1430) Summary Phase
[474.424s][info][gc,phases      ] GC(1430) Summary Phase 0.033ms
[474.424s][info][gc,phases,start] GC(1430) Forward
[474.551s][info][gc,phases      ] GC(1430) Forward 126.405ms
[474.551s][info][gc,phases,start] GC(1430) Adjust Pointers
[474.832s][info][gc,phases      ] GC(1430) Adjust Pointers 280.842ms
[474.832s][info][gc,phases,start] GC(1430) Compaction Phase
[475.028s][info][gc,phases      ] GC(1430) Compaction Phase 196.082ms
[475.038s][info][gc,phases,start] GC(1430) Post Compact
[475.040s][info][gc,phases      ] GC(1430) Post Compact 2.745ms
[475.041s][info][gc,heap        ] GC(1430) PSYoungGen: 222688K(222720K)->0K(222720K) Eden: 111616K(111616K)->0K(111616K) From: 111072K(111104K)->0K(111104K)
[475.041s][info][gc,heap        ] GC(1430) ParOldGen: 667641K(667648K)->544561K(667648K)
[475.041s][info][gc,metaspace   ] GC(1430) Metaspace: 18832K(19008K)->18832K(19008K) NonClass: 17003K(17152K)->17003K(17152K) Class: 1829K(1856K)->1829K(1856K)
[475.041s][info][gc             ] GC(1430) Pause Full (Allocation Failure) 869M->531M(869M) 988.759ms
[475.041s][info][gc,cpu         ] GC(1430) User=1.86s Sys=0.00s Real=0.99s
[475.183s][info][gc,start       ] GC(1431) Pause Young (Allocation Failure)
[475.220s][info][gc,heap        ] GC(1431) PSYoungGen: 111616K(222720K)->14432K(222720K) Eden: 111616K(111616K)->0K(111616K) From: 0K(111104K)->14432K(111104K)
[475.220s][info][gc,heap        ] GC(1431) ParOldGen: 544561K(667648K)->544561K(667648K)
[475.220s][info][gc,metaspace   ] GC(1431) Metaspace: 18832K(19008K)->18832K(19008K) NonClass: 17003K(17152K)->17003K(17152K) Class: 1829K(1856K)->1829K(1856K)
[475.220s][info][gc             ] GC(1431) Pause Young (Allocation Failure) 640M->545M(869M) 37.589ms
[475.220s][info][gc,cpu         ] GC(1431) User=0.07s Sys=0.01s Real=0.03s
[475.340s][info][gc,start       ] GC(1432) Pause Young (Allocation Failure)
[475.372s][info][gc,heap        ] GC(1432) PSYoungGen: 126048K(222720K)->19254K(222720K) Eden: 111616K(111616K)->0K(111616K) From: 14432K(111104K)->19254K(111104K)
[475.372s][info][gc,heap        ] GC(1432) ParOldGen: 544561K(667648K)->544561K(667648K)
[475.372s][info][gc,metaspace   ] GC(1432) Metaspace: 18832K(19008K)->18832K(19008K) NonClass: 17003K(17152K)->17003K(17152K) Class: 1829K(1856K)->1829K(1856K)
[475.372s][info][gc             ] GC(1432) Pause Young (Allocation Failure) 654M->550M(869M) 32.367ms
[475.372s][info][gc,cpu         ] GC(1432) User=0.06s Sys=0.00s Real=0.03s
[475.497s][info][gc,start       ] GC(1433) Pause Young (Allocation Failure)
[475.531s][info][gc,heap        ] GC(1433) PSYoungGen: 130870K(222720K)->160K(222720K) Eden: 111616K(111616K)->0K(111616K) From: 19254K(111104K)->160K(111104K)
[475.531s][info][gc,heap        ] GC(1433) ParOldGen: 544561K(667648K)->563815K(667648K)
[475.531s][info][gc,metaspace   ] GC(1433) Metaspace: 18832K(19008K)->18832K(19008K) NonClass: 17003K(17152K)->17003K(17152K) Class: 1829K(1856K)->1829K(1856K)
[475.531s][info][gc             ] GC(1433) Pause Young (Allocation Failure) 659M->550M(869M) 33.725ms
[475.531s][info][gc,cpu         ] GC(1433) User=0.07s Sys=0.00s Real=0.03s
[475.662s][info][gc,start       ] GC(1434) Pause Young (Allocation Failure)
[475.664s][info][gc,heap        ] GC(1434) PSYoungGen: 111776K(222720K)->128K(222720K) Eden: 111616K(111616K)->0K(111616K) From: 160K(111104K)->128K(111104K)
[475.664s][info][gc,heap        ] GC(1434) ParOldGen: 563815K(667648K)->563951K(667648K)
[475.664s][info][gc,metaspace   ] GC(1434) Metaspace: 18832K(19008K)->18832K(19008K) NonClass: 17003K(17152K)->17003K(17152K) Class: 1829K(1856K)->1829K(1856K)
[475.664s][info][gc             ] GC(1434) Pause Young (Allocation Failure) 659M->550M(869M) 2.777ms
[475.664s][info][gc,cpu         ] GC(1434) User=0.00s Sys=0.00s Real=0.01s
[475.802s][info][gc,start       ] GC(1435) Pause Young (Allocation Failure)
[475.805s][info][gc,heap        ] GC(1435) PSYoungGen: 111744K(222720K)->128K(222720K) Eden: 111616K(111616K)->0K(111616K) From: 128K(111104K)->128K(111104K)
[475.805s][info][gc,heap        ] GC(1435) ParOldGen: 563951K(667648K)->564047K(667648K)
[475.805s][info][gc,metaspace   ] GC(1435) Metaspace: 18832K(19008K)->18832K(19008K) NonClass: 17003K(17152K)->17003K(17152K) Class: 1829K(1856K)->1829K(1856K)
[475.805s][info][gc             ] GC(1435) Pause Young (Allocation Failure) 659M->550M(869M) 2.689ms
[475.805s][info][gc,cpu         ] GC(1435) User=0.01s Sys=0.00s Real=0.00s
[475.940s][info][gc,start       ] GC(1436) Pause Young (Allocation Failure)
[475.942s][info][gc,heap        ] GC(1436) PSYoungGen: 111744K(222720K)->160K(222720K) Eden: 111616K(111616K)->0K(111616K) From: 128K(111104K)->160K(111104K)
[475.943s][info][gc,heap        ] GC(1436) ParOldGen: 564047K(667648K)->564135K(667648K)
[475.943s][info][gc,metaspace   ] GC(1436) Metaspace: 18832K(19008K)->18832K(19008K) NonClass: 17003K(17152K)->17003K(17152K) Class: 1829K(1856K)->1829K(1856K)
[475.943s][info][gc             ] GC(1436) Pause Young (Allocation Failure) 659M->551M(869M) 2.942ms
[475.943s][info][gc,cpu         ] GC(1436) User=0.01s Sys=0.00s Real=0.01s
[476.078s][info][gc,start       ] GC(1437) Pause Young (Allocation Failure)
[476.081s][info][gc,heap        ] GC(1437) PSYoungGen: 111776K(222720K)->128K(222720K) Eden: 111616K(111616K)->0K(111616K) From: 160K(111104K)->128K(111104K)
[476.081s][info][gc,heap        ] GC(1437) ParOldGen: 564135K(667648K)->564247K(667648K)
[476.081s][info][gc,metaspace   ] GC(1437) Metaspace: 18832K(19008K)->18832K(19008K) NonClass: 17003K(17152K)->17003K(17152K) Class: 1829K(1856K)->1829K(1856K)
[476.081s][info][gc             ] GC(1437) Pause Young (Allocation Failure) 660M->551M(869M) 2.845ms
[476.081s][info][gc,cpu         ] GC(1437) User=0.00s Sys=0.00s Real=0.00s
[476.213s][info][gc,start       ] GC(1438) Pause Young (Allocation Failure)
[476.215s][info][gc,heap        ] GC(1438) PSYoungGen: 111744K(222720K)->96K(222720K) Eden: 111616K(111616K)->0K(111616K) From: 128K(111104K)->96K(111104K)
[476.215s][info][gc,heap        ] GC(1438) ParOldGen: 564247K(667648K)->564351K(667648K)
[476.215s][info][gc,metaspace   ] GC(1438) Metaspace: 18832K(19008K)->18832K(19008K) NonClass: 17003K(17152K)->17003K(17152K) Class: 1829K(1856K)->1829K(1856K)
[476.215s][info][gc             ] GC(1438) Pause Young (Allocation Failure) 660M->551M(869M) 2.656ms
[476.215s][info][gc,cpu         ] GC(1438) User=0.01s Sys=0.00s Real=0.00s
[476.367s][info][gc,start       ] GC(1439) Pause Young (Allocation Failure)
[476.376s][info][gc,heap        ] GC(1439) PSYoungGen: 111712K(222720K)->2880K(222720K) Eden: 111616K(111616K)->0K(111616K) From: 96K(111104K)->2880K(111104K)
[476.376s][info][gc,heap        ] GC(1439) ParOldGen: 564351K(667648K)->564415K(667648K)
[476.376s][info][gc,metaspace   ] GC(1439) Metaspace: 18832K(19008K)->18832K(19008K) NonClass: 17003K(17152K)->17003K(17152K) Class: 1829K(1856K)->1829K(1856K)
[476.376s][info][gc             ] GC(1439) Pause Young (Allocation Failure) 660M->553M(869M) 9.156ms
[476.376s][info][gc,cpu         ] GC(1439) User=0.02s Sys=0.00s Real=0.01s
[476.539s][info][gc,start       ] GC(1440) Pause Young (Allocation Failure)
[476.576s][info][gc,heap        ] GC(1440) PSYoungGen: 113707K(222720K)->11915K(222720K) Eden: 110827K(111616K)->0K(111616K) From: 2880K(111104K)->11915K(111104K)
[476.576s][info][gc,heap        ] GC(1440) ParOldGen: 564415K(667648K)->567279K(667648K)
[476.576s][info][gc,metaspace   ] GC(1440) Metaspace: 18833K(19008K)->18833K(19008K) NonClass: 17004K(17152K)->17004K(17152K) Class: 1829K(1856K)->1829K(1856K)
[476.576s][info][gc             ] GC(1440) Pause Young (Allocation Failure) 662M->565M(869M) 37.043ms
[476.576s][info][gc,cpu         ] GC(1440) User=0.07s Sys=0.00s Real=0.04s
[476.733s][info][gc,start       ] GC(1441) Pause Young (Allocation Failure)
[476.771s][info][gc,heap        ] GC(1441) PSYoungGen: 123531K(222720K)->6976K(220672K) Eden: 111616K(111616K)->0K(111616K) From: 11915K(111104K)->6976K(109056K)
[476.771s][info][gc,heap        ] GC(1441) ParOldGen: 567279K(667648K)->578683K(667648K)
[476.771s][info][gc,metaspace   ] GC(1441) Metaspace: 18833K(19008K)->18833K(19008K) NonClass: 17004K(17152K)->17004K(17152K) Class: 1829K(1856K)->1829K(1856K)
[476.771s][info][gc             ] GC(1441) Pause Young (Allocation Failure) 674M->571M(867M) 38.197ms
[476.771s][info][gc,cpu         ] GC(1441) User=0.08s Sys=0.00s Real=0.03s
[476.936s][info][gc,start       ] GC(1442) Pause Young (Allocation Failure)
[476.950s][info][gc,heap        ] GC(1442) PSYoungGen: 118592K(220672K)->6976K(118784K) Eden: 111616K(111616K)->0K(111616K) From: 6976K(109056K)->6976K(7168K)
[476.950s][info][gc,heap        ] GC(1442) ParOldGen: 578683K(667648K)->578683K(667648K)
[476.950s][info][gc,metaspace   ] GC(1442) Metaspace: 18833K(19008K)->18833K(19008K) NonClass: 17004K(17152K)->17004K(17152K) Class: 1829K(1856K)->1829K(1856K)
[476.950s][info][gc             ] GC(1442) Pause Young (Allocation Failure) 680M->571M(768M) 14.253ms
[476.950s][info][gc,cpu         ] GC(1442) User=0.02s Sys=0.00s Real=0.01s
[477.144s][info][gc,start       ] GC(1443) Pause Young (Allocation Failure)
[477.158s][info][gc,heap        ] GC(1443) PSYoungGen: 118592K(118784K)->7008K(206336K) Eden: 111616K(111616K)->0K(114688K) From: 6976K(7168K)->7008K(91648K)
[477.158s][info][gc,heap        ] GC(1443) ParOldGen: 578683K(667648K)->578683K(667648K)
[477.158s][info][gc,metaspace   ] GC(1443) Metaspace: 18833K(19008K)->18833K(19008K) NonClass: 17004K(17152K)->17004K(17152K) Class: 1829K(1856K)->1829K(1856K)
[477.158s][info][gc             ] GC(1443) Pause Young (Allocation Failure) 680M->571M(853M) 13.963ms
[477.158s][info][gc,cpu         ] GC(1443) User=0.03s Sys=0.00s Real=0.01s
[477.357s][info][gc,start       ] GC(1444) Pause Young (Allocation Failure)
[477.371s][info][gc,heap        ] GC(1444) PSYoungGen: 121696K(206336K)->7008K(121856K) Eden: 114688K(114688K)->0K(114688K) From: 7008K(91648K)->7008K(7168K)
[477.371s][info][gc,heap        ] GC(1444) ParOldGen: 578683K(667648K)->578683K(667648K)
[477.371s][info][gc,metaspace   ] GC(1444) Metaspace: 18833K(19008K)->18833K(19008K) NonClass: 17004K(17152K)->17004K(17152K) Class: 1829K(1856K)->1829K(1856K)
[477.371s][info][gc             ] GC(1444) Pause Young (Allocation Failure) 683M->571M(771M) 13.943ms
[477.371s][info][gc,cpu         ] GC(1444) User=0.03s Sys=0.00s Real=0.01s
[477.555s][info][gc,start       ] GC(1445) Pause Young (Allocation Failure)
[477.569s][info][gc,heap        ] GC(1445) PSYoungGen: 121696K(121856K)->6976K(198656K) Eden: 114688K(114688K)->0K(117760K) From: 7008K(7168K)->6976K(80896K)
[477.570s][info][gc,heap        ] GC(1445) ParOldGen: 578683K(667648K)->578683K(667648K)
[477.570s][info][gc,metaspace   ] GC(1445) Metaspace: 18833K(19008K)->18833K(19008K) NonClass: 17004K(17152K)->17004K(17152K) Class: 1829K(1856K)->1829K(1856K)
[477.570s][info][gc             ] GC(1445) Pause Young (Allocation Failure) 683M->571M(846M) 14.129ms
[477.570s][info][gc,cpu         ] GC(1445) User=0.02s Sys=0.00s Real=0.01s
[477.756s][info][gc,start       ] GC(1446) Pause Young (Allocation Failure)
[477.770s][info][gc,heap        ] GC(1446) PSYoungGen: 124736K(198656K)->6976K(124928K) Eden: 117760K(117760K)->0K(117760K) From: 6976K(80896K)->6976K(7168K)
[477.770s][info][gc,heap        ] GC(1446) ParOldGen: 578683K(667648K)->578683K(667648K)
[477.770s][info][gc,metaspace   ] GC(1446) Metaspace: 18833K(19008K)->18833K(19008K) NonClass: 17004K(17152K)->17004K(17152K) Class: 1829K(1856K)->1829K(1856K)
[477.770s][info][gc             ] GC(1446) Pause Young (Allocation Failure) 686M->571M(774M) 13.786ms
[477.770s][info][gc,cpu         ] GC(1446) User=0.03s Sys=0.01s Real=0.01s
[477.943s][info][gc,start       ] GC(1447) Pause Young (Allocation Failure)
[477.956s][info][gc,heap        ] GC(1447) PSYoungGen: 124736K(124928K)->6976K(191488K) Eden: 117760K(117760K)->0K(120320K) From: 6976K(7168K)->6976K(71168K)
[477.956s][info][gc,heap        ] GC(1447) ParOldGen: 578683K(667648K)->578683K(667648K)
[477.956s][info][gc,metaspace   ] GC(1447) Metaspace: 18833K(19008K)->18833K(19008K) NonClass: 17004K(17152K)->17004K(17152K) Class: 1829K(1856K)->1829K(1856K)
[477.956s][info][gc             ] GC(1447) Pause Young (Allocation Failure) 686M->571M(839M) 12.618ms
[477.956s][info][gc,cpu         ] GC(1447) User=0.02s Sys=0.00s Real=0.01s
[478.104s][info][gc,start       ] GC(1448) Pause Young (Allocation Failure)
[478.137s][info][gc,heap        ] GC(1448) PSYoungGen: 127296K(191488K)->18048K(138752K) Eden: 120320K(120320K)->0K(120320K) From: 6976K(71168K)->18048K(18432K)
[478.137s][info][gc,heap        ] GC(1448) ParOldGen: 578683K(667648K)->578683K(667648K)
[478.137s][info][gc,metaspace   ] GC(1448) Metaspace: 18833K(19008K)->18833K(19008K) NonClass: 17004K(17152K)->17004K(17152K) Class: 1829K(1856K)->1829K(1856K)
[478.137s][info][gc             ] GC(1448) Pause Young (Allocation Failure) 689M->582M(787M) 32.732ms
[478.137s][info][gc,cpu         ] GC(1448) User=0.06s Sys=0.00s Real=0.03s
[478.258s][info][gc,start       ] GC(1449) Pause Young (Allocation Failure)
[478.296s][info][gc,heap        ] GC(1449) PSYoungGen: 138368K(138752K)->30816K(195072K) Eden: 120320K(120320K)->0K(123904K) From: 18048K(18432K)->30816K(71168K)
[478.296s][info][gc,heap        ] GC(1449) ParOldGen: 578683K(667648K)->578683K(667648K)
[478.296s][info][gc,metaspace   ] GC(1449) Metaspace: 18833K(19008K)->18833K(19008K) NonClass: 17004K(17152K)->17004K(17152K) Class: 1829K(1856K)->1829K(1856K)
[478.296s][info][gc             ] GC(1449) Pause Young (Allocation Failure) 700M->595M(842M) 38.075ms
[478.296s][info][gc,cpu         ] GC(1449) User=0.07s Sys=0.00s Real=0.04s
[478.417s][info][gc,start       ] GC(1450) Pause Young (Allocation Failure)
[478.469s][info][gc,heap        ] GC(1450) PSYoungGen: 154720K(195072K)->44896K(195072K) Eden: 123904K(123904K)->0K(123904K) From: 30816K(71168K)->44896K(71168K)
[478.469s][info][gc,heap        ] GC(1450) ParOldGen: 578683K(667648K)->578683K(667648K)
[478.469s][info][gc,metaspace   ] GC(1450) Metaspace: 18833K(19008K)->18833K(19008K) NonClass: 17004K(17152K)->17004K(17152K) Class: 1829K(1856K)->1829K(1856K)
[478.469s][info][gc             ] GC(1450) Pause Young (Allocation Failure) 716M->608M(842M) 52.000ms
[478.469s][info][gc,cpu         ] GC(1450) User=0.10s Sys=0.00s Real=0.05s
[478.550s][info][gc,start       ] GC(1451) Pause Young (Allocation Failure)
[478.602s][info][gc,heap        ] GC(1451) PSYoungGen: 168800K(195072K)->45312K(201728K) Eden: 123904K(123904K)->0K(125440K) From: 44896K(71168K)->45312K(76288K)
[478.602s][info][gc,heap        ] GC(1451) ParOldGen: 578683K(667648K)->578683K(667648K)
[478.602s][info][gc,metaspace   ] GC(1451) Metaspace: 18833K(19008K)->18833K(19008K) NonClass: 17004K(17152K)->17004K(17152K) Class: 1829K(1856K)->1829K(1856K)
[478.602s][info][gc             ] GC(1451) Pause Young (Allocation Failure) 729M->609M(849M) 51.326ms
[478.602s][info][gc,cpu         ] GC(1451) User=0.10s Sys=0.00s Real=0.05s
[478.718s][info][gc,start       ] GC(1452) Pause Young (Allocation Failure)
[478.771s][info][gc,heap        ] GC(1452) PSYoungGen: 170752K(201728K)->46560K(205824K) Eden: 125440K(125440K)->0K(125440K) From: 45312K(76288K)->46560K(80384K)
[478.771s][info][gc,heap        ] GC(1452) ParOldGen: 578683K(667648K)->578683K(667648K)
[478.771s][info][gc,metaspace   ] GC(1452) Metaspace: 18833K(19008K)->18833K(19008K) NonClass: 17004K(17152K)->17004K(17152K) Class: 1829K(1856K)->1829K(1856K)
[478.771s][info][gc             ] GC(1452) Pause Young (Allocation Failure) 731M->610M(853M) 52.882ms
[478.771s][info][gc,cpu         ] GC(1452) User=0.10s Sys=0.00s Real=0.05s
[478.873s][info][gc,start       ] GC(1453) Pause Young (Allocation Failure)
[478.951s][info][gc,heap        ] GC(1453) PSYoungGen: 172000K(205824K)->61312K(208384K) Eden: 125440K(125440K)->0K(124928K) From: 46560K(80384K)->61312K(83456K)
[478.951s][info][gc,heap        ] GC(1453) ParOldGen: 578683K(667648K)->578683K(667648K)
[478.951s][info][gc,metaspace   ] GC(1453) Metaspace: 18833K(19008K)->18833K(19008K) NonClass: 17004K(17152K)->17004K(17152K) Class: 1829K(1856K)->1829K(1856K)
[478.951s][info][gc             ] GC(1453) Pause Young (Allocation Failure) 733M->624M(855M) 78.053ms
[478.951s][info][gc,cpu         ] GC(1453) User=0.14s Sys=0.00s Real=0.07s
[479.075s][info][gc,start       ] GC(1454) Pause Young (Allocation Failure)
[479.190s][info][gc,heap        ] GC(1454) PSYoungGen: 186240K(208384K)->78272K(216064K) Eden: 124928K(124928K)->0K(124928K) From: 61312K(83456K)->78272K(91136K)
[479.190s][info][gc,heap        ] GC(1454) ParOldGen: 578683K(667648K)->578683K(667648K)
[479.190s][info][gc,metaspace   ] GC(1454) Metaspace: 18833K(19008K)->18833K(19008K) NonClass: 17004K(17152K)->17004K(17152K) Class: 1829K(1856K)->1829K(1856K)
[479.190s][info][gc             ] GC(1454) Pause Young (Allocation Failure) 746M->641M(863M) 115.136ms
[479.190s][info][gc,cpu         ] GC(1454) User=0.22s Sys=0.01s Real=0.11s
[479.306s][info][gc,start       ] GC(1455) Pause Young (Allocation Failure)
[479.459s][info][gc,heap        ] GC(1455) PSYoungGen: 203200K(216064K)->89920K(215040K) Eden: 124928K(124928K)->0K(111616K) From: 78272K(91136K)->89920K(103424K)
[479.459s][info][gc,heap        ] GC(1455) ParOldGen: 578683K(667648K)->578683K(667648K)
[479.459s][info][gc,metaspace   ] GC(1455) Metaspace: 18833K(19008K)->18833K(19008K) NonClass: 17004K(17152K)->17004K(17152K) Class: 1829K(1856K)->1829K(1856K)
[479.459s][info][gc             ] GC(1455) Pause Young (Allocation Failure) 763M->652M(862M) 152.885ms
[479.459s][info][gc,cpu         ] GC(1455) User=0.28s Sys=0.03s Real=0.15s
[479.547s][info][gc,start       ] GC(1456) Pause Young (Allocation Failure)
[479.683s][info][gc,heap        ] GC(1456) PSYoungGen: 201536K(215040K)->87744K(222720K) Eden: 111616K(111616K)->0K(111616K) From: 89920K(103424K)->87744K(111104K)
[479.683s][info][gc,heap        ] GC(1456) ParOldGen: 578683K(667648K)->585659K(667648K)
[479.683s][info][gc,metaspace   ] GC(1456) Metaspace: 18833K(19008K)->18833K(19008K) NonClass: 17004K(17152K)->17004K(17152K) Class: 1829K(1856K)->1829K(1856K)
[479.683s][info][gc             ] GC(1456) Pause Young (Allocation Failure) 761M->657M(869M) 135.813ms
[479.683s][info][gc,cpu         ] GC(1456) User=0.27s Sys=0.00s Real=0.14s
[479.790s][info][gc,start       ] GC(1457) Pause Young (Allocation Failure)
[479.921s][info][gc,heap        ] GC(1457) PSYoungGen: 199360K(222720K)->96928K(222720K) Eden: 111616K(111616K)->0K(111616K) From: 87744K(111104K)->96928K(111104K)
[479.921s][info][gc,heap        ] GC(1457) ParOldGen: 585659K(667648K)->585659K(667648K)
[479.921s][info][gc,metaspace   ] GC(1457) Metaspace: 18834K(19008K)->18834K(19008K) NonClass: 17004K(17152K)->17004K(17152K) Class: 1829K(1856K)->1829K(1856K)
[479.921s][info][gc             ] GC(1457) Pause Young (Allocation Failure) 766M->666M(869M) 131.198ms
[479.921s][info][gc,cpu         ] GC(1457) User=0.26s Sys=0.00s Real=0.13s
[480.035s][info][gc,start       ] GC(1458) Pause Young (Allocation Failure)
[480.145s][info][gc,heap        ] GC(1458) PSYoungGen: 208544K(222720K)->104384K(222720K) Eden: 111616K(111616K)->0K(111616K) From: 96928K(111104K)->104384K(111104K)
[480.145s][info][gc,heap        ] GC(1458) ParOldGen: 585659K(667648K)->585659K(667648K)
[480.145s][info][gc,metaspace   ] GC(1458) Metaspace: 18834K(19008K)->18834K(19008K) NonClass: 17004K(17152K)->17004K(17152K) Class: 1829K(1856K)->1829K(1856K)
[480.145s][info][gc             ] GC(1458) Pause Young (Allocation Failure) 775M->673M(869M) 109.967ms
[480.145s][info][gc,cpu         ] GC(1458) User=0.21s Sys=0.00s Real=0.11s
[480.238s][info][gc,start       ] GC(1459) Pause Young (Allocation Failure)
[480.388s][info][gc,heap        ] GC(1459) PSYoungGen: 216000K(222720K)->108688K(222720K) Eden: 111616K(111616K)->0K(111616K) From: 104384K(111104K)->108688K(111104K)
[480.388s][info][gc,heap        ] GC(1459) ParOldGen: 585659K(667648K)->596827K(667648K)
[480.388s][info][gc,metaspace   ] GC(1459) Metaspace: 18834K(19008K)->18834K(19008K) NonClass: 17004K(17152K)->17004K(17152K) Class: 1829K(1856K)->1829K(1856K)
[480.388s][info][gc             ] GC(1459) Pause Young (Allocation Failure) 782M->688M(869M) 149.700ms
[480.388s][info][gc,cpu         ] GC(1459) User=0.29s Sys=0.01s Real=0.15s
[480.532s][info][gc,start       ] GC(1460) Pause Young (Allocation Failure)
[480.645s][info][gc,heap        ] GC(1460) PSYoungGen: 220304K(222720K)->81888K(222720K) Eden: 111616K(111616K)->0K(111616K) From: 108688K(111104K)->81888K(111104K)
[480.645s][info][gc,heap        ] GC(1460) ParOldGen: 596827K(667648K)->623755K(667648K)
[480.645s][info][gc,metaspace   ] GC(1460) Metaspace: 18834K(19008K)->18834K(19008K) NonClass: 17004K(17152K)->17004K(17152K) Class: 1829K(1856K)->1829K(1856K)
[480.645s][info][gc             ] GC(1460) Pause Young (Allocation Failure) 797M->689M(869M) 113.568ms
[480.645s][info][gc,cpu         ] GC(1460) User=0.22s Sys=0.00s Real=0.12s
[480.791s][info][gc,start       ] GC(1461) Pause Young (Allocation Failure)
[480.890s][info][gc,heap        ] GC(1461) PSYoungGen: 193504K(222720K)->80256K(222720K) Eden: 111616K(111616K)->0K(111616K) From: 81888K(111104K)->80256K(111104K)
[480.890s][info][gc,heap        ] GC(1461) ParOldGen: 623755K(667648K)->625427K(667648K)
[480.890s][info][gc,metaspace   ] GC(1461) Metaspace: 18834K(19008K)->18834K(19008K) NonClass: 17004K(17152K)->17004K(17152K) Class: 1829K(1856K)->1829K(1856K)
[480.890s][info][gc             ] GC(1461) Pause Young (Allocation Failure) 798M->689M(869M) 99.129ms
[480.890s][info][gc,cpu         ] GC(1461) User=0.20s Sys=0.00s Real=0.10s
[481.109s][info][gc,start       ] GC(1462) Pause Young (Allocation Failure)
[481.205s][info][gc,heap        ] GC(1462) PSYoungGen: 191872K(222720K)->57920K(222720K) Eden: 111616K(111616K)->0K(111616K) From: 80256K(111104K)->57920K(111104K)
[481.205s][info][gc,heap        ] GC(1462) ParOldGen: 625427K(667648K)->657267K(667648K)
[481.205s][info][gc,metaspace   ] GC(1462) Metaspace: 18834K(19008K)->18834K(19008K) NonClass: 17004K(17152K)->17004K(17152K) Class: 1829K(1856K)->1829K(1856K)
[481.205s][info][gc             ] GC(1462) Pause Young (Allocation Failure) 798M->698M(869M) 96.296ms
[481.205s][info][gc,cpu         ] GC(1462) User=0.19s Sys=0.00s Real=0.10s
[481.373s][info][gc,start       ] GC(1463) Pause Full (Allocation Failure)
[481.373s][info][gc,phases,start] GC(1463) Marking Phase
[481.691s][info][gc,phases      ] GC(1463) Marking Phase 318.067ms
[481.691s][info][gc,phases,start] GC(1463) Summary Phase
[481.691s][info][gc,phases      ] GC(1463) Summary Phase 0.030ms
[481.691s][info][gc,phases,start] GC(1463) Forward
[481.805s][info][gc,phases      ] GC(1463) Forward 114.490ms
[481.805s][info][gc,phases,start] GC(1463) Adjust Pointers
[482.052s][info][gc,phases      ] GC(1463) Adjust Pointers 246.335ms
[482.052s][info][gc,phases,start] GC(1463) Compaction Phase
[482.183s][info][gc,phases      ] GC(1463) Compaction Phase 130.831ms
[482.194s][info][gc,phases,start] GC(1463) Post Compact
[482.197s][info][gc,phases      ] GC(1463) Post Compact 2.448ms
[482.198s][info][gc,heap        ] GC(1463) PSYoungGen: 169536K(222720K)->0K(222720K) Eden: 111616K(111616K)->0K(111616K) From: 57920K(111104K)->0K(111104K)
[482.198s][info][gc,heap        ] GC(1463) ParOldGen: 657267K(667648K)->394036K(655872K)
[482.198s][info][gc,metaspace   ] GC(1463) Metaspace: 18834K(19008K)->18834K(19008K) NonClass: 17004K(17152K)->17004K(17152K) Class: 1829K(1856K)->1829K(1856K)
[482.198s][info][gc             ] GC(1463) Pause Full (Allocation Failure) 807M->384M(858M) 825.343ms
[482.198s][info][gc,cpu         ] GC(1463) User=1.51s Sys=0.00s Real=0.82s
[482.575s][info][gc,start       ] GC(1464) Pause Young (Allocation Failure)
[482.577s][info][gc,heap        ] GC(1464) PSYoungGen: 111616K(222720K)->128K(222720K) Eden: 111616K(111616K)->0K(111616K) From: 0K(111104K)->128K(111104K)
[482.577s][info][gc,heap        ] GC(1464) ParOldGen: 394036K(655872K)->394036K(655872K)
[482.577s][info][gc,metaspace   ] GC(1464) Metaspace: 18834K(19008K)->18834K(19008K) NonClass: 17004K(17152K)->17004K(17152K) Class: 1829K(1856K)->1829K(1856K)
[482.577s][info][gc             ] GC(1464) Pause Young (Allocation Failure) 493M->384M(858M) 2.560ms
[482.577s][info][gc,cpu         ] GC(1464) User=0.01s Sys=0.00s Real=0.00s
[482.849s][info][gc,start       ] GC(1465) Pause Young (Allocation Failure)
[482.851s][info][gc,heap        ] GC(1465) PSYoungGen: 111744K(222720K)->304K(222720K) Eden: 111616K(111616K)->0K(111616K) From: 128K(111104K)->304K(111104K)
[482.851s][info][gc,heap        ] GC(1465) ParOldGen: 394036K(655872K)->394036K(655872K)
[482.851s][info][gc,metaspace   ] GC(1465) Metaspace: 18834K(19008K)->18834K(19008K) NonClass: 17004K(17152K)->17004K(17152K) Class: 1829K(1856K)->1829K(1856K)
[482.851s][info][gc             ] GC(1465) Pause Young (Allocation Failure) 493M->385M(858M) 2.491ms
[482.851s][info][gc,cpu         ] GC(1465) User=0.00s Sys=0.00s Real=0.00s
[483.123s][info][gc,start       ] GC(1466) Pause Young (Allocation Failure)
[483.126s][info][gc,heap        ] GC(1466) PSYoungGen: 111920K(222720K)->320K(222720K) Eden: 111616K(111616K)->0K(111616K) From: 304K(111104K)->320K(111104K)
[483.126s][info][gc,heap        ] GC(1466) ParOldGen: 394036K(655872K)->394036K(655872K)
[483.126s][info][gc,metaspace   ] GC(1466) Metaspace: 18834K(19008K)->18834K(19008K) NonClass: 17004K(17152K)->17004K(17152K) Class: 1829K(1856K)->1829K(1856K)
[483.126s][info][gc             ] GC(1466) Pause Young (Allocation Failure) 494M->385M(858M) 2.358ms
[483.126s][info][gc,cpu         ] GC(1466) User=0.01s Sys=0.00s Real=0.00s
[483.350s][info][gc,start       ] GC(1467) Pause Young (Allocation Failure)
[483.353s][info][gc,heap        ] GC(1467) PSYoungGen: 111936K(222720K)->384K(222720K) Eden: 111616K(111616K)->0K(111616K) From: 320K(111104K)->384K(111104K)
[483.353s][info][gc,heap        ] GC(1467) ParOldGen: 394036K(655872K)->394036K(655872K)
[483.353s][info][gc,metaspace   ] GC(1467) Metaspace: 18834K(19008K)->18834K(19008K) NonClass: 17004K(17152K)->17004K(17152K) Class: 1829K(1856K)->1829K(1856K)
[483.353s][info][gc             ] GC(1467) Pause Young (Allocation Failure) 494M->385M(858M) 3.002ms
[483.353s][info][gc,cpu         ] GC(1467) User=0.01s Sys=0.00s Real=0.01s
[483.664s][info][gc,start       ] GC(1468) Pause Young (Allocation Failure)
[483.667s][info][gc,heap        ] GC(1468) PSYoungGen: 112000K(222720K)->128K(222720K) Eden: 111616K(111616K)->0K(111616K) From: 384K(111104K)->128K(111104K)
[483.667s][info][gc,heap        ] GC(1468) ParOldGen: 394036K(655872K)->394333K(655872K)
[483.667s][info][gc,metaspace   ] GC(1468) Metaspace: 18834K(19008K)->18834K(19008K) NonClass: 17004K(17152K)->17004K(17152K) Class: 1829K(1856K)->1829K(1856K)
[483.667s][info][gc             ] GC(1468) Pause Young (Allocation Failure) 494M->385M(858M) 3.019ms
[483.667s][info][gc,cpu         ] GC(1468) User=0.01s Sys=0.00s Real=0.00s
[483.879s][info][gc,start       ] GC(1469) Pause Young (Allocation Failure)
[483.887s][info][gc,heap        ] GC(1469) PSYoungGen: 111744K(222720K)->5824K(222720K) Eden: 111616K(111616K)->0K(111616K) From: 128K(111104K)->5824K(111104K)
[483.887s][info][gc,heap        ] GC(1469) ParOldGen: 394333K(655872K)->394389K(655872K)
[483.887s][info][gc,metaspace   ] GC(1469) Metaspace: 18834K(19008K)->18834K(19008K) NonClass: 17004K(17152K)->17004K(17152K) Class: 1829K(1856K)->1829K(1856K)
[483.887s][info][gc             ] GC(1469) Pause Young (Allocation Failure) 494M->390M(858M) 8.657ms
[483.888s][info][gc,cpu         ] GC(1469) User=0.02s Sys=0.00s Real=0.01s
[483.984s][info][gc,start       ] GC(1470) Pause Young (Allocation Failure)
[484.022s][info][gc,heap        ] GC(1470) PSYoungGen: 117440K(222720K)->39712K(222720K) Eden: 111616K(111616K)->0K(111616K) From: 5824K(111104K)->39712K(111104K)
[484.022s][info][gc,heap        ] GC(1470) ParOldGen: 394389K(655872K)->400197K(655872K)
[484.022s][info][gc,metaspace   ] GC(1470) Metaspace: 18834K(19008K)->18834K(19008K) NonClass: 17004K(17152K)->17004K(17152K) Class: 1829K(1856K)->1829K(1856K)
[484.022s][info][gc             ] GC(1470) Pause Young (Allocation Failure) 499M->429M(858M) 37.968ms
[484.022s][info][gc,cpu         ] GC(1470) User=0.08s Sys=0.00s Real=0.04s
[484.087s][info][gc,start       ] GC(1471) Pause Young (Allocation Failure)
[484.144s][info][gc,heap        ] GC(1471) PSYoungGen: 151328K(222720K)->40768K(222720K) Eden: 111616K(111616K)->0K(111616K) From: 39712K(111104K)->40768K(111104K)
[484.144s][info][gc,heap        ] GC(1471) ParOldGen: 400197K(655872K)->440365K(655872K)
[484.144s][info][gc,metaspace   ] GC(1471) Metaspace: 18834K(19008K)->18834K(19008K) NonClass: 17004K(17152K)->17004K(17152K) Class: 1829K(1856K)->1829K(1856K)
[484.144s][info][gc             ] GC(1471) Pause Young (Allocation Failure) 538M->469M(858M) 57.613ms
[484.144s][info][gc,cpu         ] GC(1471) User=0.11s Sys=0.00s Real=0.06s
[484.208s][info][gc,start       ] GC(1472) Pause Young (Allocation Failure)
[484.263s][info][gc,heap        ] GC(1472) PSYoungGen: 152384K(222720K)->39296K(222720K) Eden: 111616K(111616K)->0K(111616K) From: 40768K(111104K)->39296K(111104K)
[484.263s][info][gc,heap        ] GC(1472) ParOldGen: 440365K(655872K)->481605K(655872K)
[484.263s][info][gc,metaspace   ] GC(1472) Metaspace: 18834K(19008K)->18834K(19008K) NonClass: 17004K(17152K)->17004K(17152K) Class: 1829K(1856K)->1829K(1856K)
[484.263s][info][gc             ] GC(1472) Pause Young (Allocation Failure) 578M->508M(858M) 55.501ms
[484.263s][info][gc,cpu         ] GC(1472) User=0.11s Sys=0.00s Real=0.06s
[484.599s][info][gc,start       ] GC(1473) Pause Young (Allocation Failure)
[484.645s][info][gc,heap        ] GC(1473) PSYoungGen: 150912K(222720K)->20832K(220672K) Eden: 111616K(111616K)->0K(111616K) From: 39296K(111104K)->20832K(109056K)
[484.646s][info][gc,heap        ] GC(1473) ParOldGen: 481605K(655872K)->521365K(655872K)
[484.646s][info][gc,metaspace   ] GC(1473) Metaspace: 18834K(19008K)->18834K(19008K) NonClass: 17004K(17152K)->17004K(17152K) Class: 1829K(1856K)->1829K(1856K)
[484.646s][info][gc             ] GC(1473) Pause Young (Allocation Failure) 617M->529M(856M) 46.470ms
[484.646s][info][gc,cpu         ] GC(1473) User=0.10s Sys=0.00s Real=0.05s
[484.865s][info][gc,start       ] GC(1474) Pause Young (Allocation Failure)
[484.895s][info][gc,heap        ] GC(1474) PSYoungGen: 132448K(220672K)->30022K(141824K) Eden: 111616K(111616K)->0K(111616K) From: 20832K(109056K)->30022K(30208K)
[484.896s][info][gc,heap        ] GC(1474) ParOldGen: 521365K(655872K)->521365K(655872K)
[484.896s][info][gc,metaspace   ] GC(1474) Metaspace: 18834K(19008K)->18834K(19008K) NonClass: 17004K(17152K)->17004K(17152K) Class: 1829K(1856K)->1829K(1856K)
[484.896s][info][gc             ] GC(1474) Pause Young (Allocation Failure) 638M->538M(779M) 30.095ms
[484.896s][info][gc,cpu         ] GC(1474) User=0.06s Sys=0.00s Real=0.03s
[484.949s][info][gc,start       ] GC(1475) Pause Young (Allocation Failure)
[485.006s][info][gc,heap        ] GC(1475) PSYoungGen: 141638K(141824K)->64774K(212992K) Eden: 111616K(111616K)->0K(110080K) From: 30022K(30208K)->64774K(102912K)
[485.006s][info][gc,heap        ] GC(1475) ParOldGen: 521365K(655872K)->521365K(655872K)
[485.006s][info][gc,metaspace   ] GC(1475) Metaspace: 18834K(19008K)->18834K(19008K) NonClass: 17004K(17152K)->17004K(17152K) Class: 1829K(1856K)->1829K(1856K)
[485.006s][info][gc             ] GC(1475) Pause Young (Allocation Failure) 647M->572M(848M) 57.016ms
[485.006s][info][gc,cpu         ] GC(1475) User=0.12s Sys=0.00s Real=0.06s
[485.078s][info][gc,start       ] GC(1476) Pause Young (Allocation Failure)
[485.158s][info][gc,heap        ] GC(1476) PSYoungGen: 174854K(212992K)->91573K(217600K) Eden: 110080K(110080K)->0K(110080K) From: 64774K(102912K)->91573K(107520K)
[485.158s][info][gc,heap        ] GC(1476) ParOldGen: 521365K(655872K)->521365K(655872K)
[485.158s][info][gc,metaspace   ] GC(1476) Metaspace: 18834K(19008K)->18834K(19008K) NonClass: 17004K(17152K)->17004K(17152K) Class: 1829K(1856K)->1829K(1856K)
[485.158s][info][gc             ] GC(1476) Pause Young (Allocation Failure) 679M->598M(853M) 80.463ms
[485.158s][info][gc,cpu         ] GC(1476) User=0.16s Sys=0.00s Real=0.08s
[485.298s][info][gc,start       ] GC(1477) Pause Young (Allocation Failure)
[485.401s][info][gc,heap        ] GC(1477) PSYoungGen: 201653K(217600K)->77837K(222720K) Eden: 110080K(110080K)->0K(111616K) From: 91573K(107520K)->77837K(111104K)
[485.401s][info][gc,heap        ] GC(1477) ParOldGen: 521365K(655872K)->551603K(655872K)
[485.401s][info][gc,metaspace   ] GC(1477) Metaspace: 18834K(19008K)->18834K(19008K) NonClass: 17004K(17152K)->17004K(17152K) Class: 1829K(1856K)->1829K(1856K)
[485.401s][info][gc             ] GC(1477) Pause Young (Allocation Failure) 706M->614M(858M) 102.857ms
[485.401s][info][gc,cpu         ] GC(1477) User=0.21s Sys=0.00s Real=0.10s
[485.563s][info][gc,start       ] GC(1478) Pause Young (Allocation Failure)
[485.696s][info][gc,heap        ] GC(1478) PSYoungGen: 189453K(222720K)->46541K(222720K) Eden: 111616K(111616K)->0K(111616K) From: 77837K(111104K)->46541K(111104K)
[485.696s][info][gc,heap        ] GC(1478) ParOldGen: 551603K(655872K)->613799K(655872K)
[485.696s][info][gc,metaspace   ] GC(1478) Metaspace: 18834K(19008K)->18834K(19008K) NonClass: 17004K(17152K)->17004K(17152K) Class: 1829K(1856K)->1829K(1856K)
[485.696s][info][gc             ] GC(1478) Pause Young (Allocation Failure) 723M->644M(858M) 133.631ms
[485.696s][info][gc,cpu         ] GC(1478) User=0.26s Sys=0.00s Real=0.13s
[485.849s][info][gc,start       ] GC(1479) Pause Full (Allocation Failure)
[485.849s][info][gc,phases,start] GC(1479) Marking Phase
[486.181s][info][gc,phases      ] GC(1479) Marking Phase 331.597ms
[486.181s][info][gc,phases,start] GC(1479) Summary Phase
[486.181s][info][gc,phases      ] GC(1479) Summary Phase 0.031ms
[486.181s][info][gc,phases,start] GC(1479) Forward
[486.277s][info][gc,phases      ] GC(1479) Forward 96.309ms
[486.277s][info][gc,phases,start] GC(1479) Adjust Pointers
[486.558s][info][gc,phases      ] GC(1479) Adjust Pointers 280.720ms
[486.558s][info][gc,phases,start] GC(1479) Compaction Phase
[486.710s][info][gc,phases      ] GC(1479) Compaction Phase 152.174ms
[486.725s][info][gc,phases,start] GC(1479) Post Compact
[486.728s][info][gc,phases      ] GC(1479) Post Compact 2.295ms
[486.728s][info][gc,heap        ] GC(1479) PSYoungGen: 158157K(222720K)->0K(222720K) Eden: 111616K(111616K)->0K(111616K) From: 46541K(111104K)->0K(111104K)
[486.728s][info][gc,heap        ] GC(1479) ParOldGen: 613799K(655872K)->490522K(667648K)
[486.728s][info][gc,metaspace   ] GC(1479) Metaspace: 18834K(19008K)->18834K(19008K) NonClass: 17004K(17152K)->17004K(17152K) Class: 1829K(1856K)->1829K(1856K)
[486.728s][info][gc             ] GC(1479) Pause Full (Allocation Failure) 753M->479M(869M) 879.041ms
[486.728s][info][gc,cpu         ] GC(1479) User=1.68s Sys=0.00s Real=0.88s
[486.883s][info][gc,start       ] GC(1480) Pause Young (Allocation Failure)
[486.885s][info][gc,heap        ] GC(1480) PSYoungGen: 111616K(222720K)->64K(222720K) Eden: 111616K(111616K)->0K(111616K) From: 0K(111104K)->64K(111104K)
[486.885s][info][gc,heap        ] GC(1480) ParOldGen: 490522K(667648K)->490522K(667648K)
[486.885s][info][gc,metaspace   ] GC(1480) Metaspace: 18834K(19008K)->18834K(19008K) NonClass: 17004K(17152K)->17004K(17152K) Class: 1829K(1856K)->1829K(1856K)
[486.885s][info][gc             ] GC(1480) Pause Young (Allocation Failure) 588M->479M(869M) 1.800ms
[486.885s][info][gc,cpu         ] GC(1480) User=0.01s Sys=0.00s Real=0.00s
[487.037s][info][gc,start       ] GC(1481) Pause Young (Allocation Failure)
[487.039s][info][gc,heap        ] GC(1481) PSYoungGen: 111680K(222720K)->64K(222720K) Eden: 111616K(111616K)->0K(111616K) From: 64K(111104K)->64K(111104K)
[487.039s][info][gc,heap        ] GC(1481) ParOldGen: 490522K(667648K)->490530K(667648K)
[487.039s][info][gc,metaspace   ] GC(1481) Metaspace: 18834K(19008K)->18834K(19008K) NonClass: 17004K(17152K)->17004K(17152K) Class: 1829K(1856K)->1829K(1856K)
[487.039s][info][gc             ] GC(1481) Pause Young (Allocation Failure) 588M->479M(869M) 1.810ms
[487.039s][info][gc,cpu         ] GC(1481) User=0.00s Sys=0.00s Real=0.00s
[487.192s][info][gc,start       ] GC(1482) Pause Young (Allocation Failure)
[487.194s][info][gc,heap        ] GC(1482) PSYoungGen: 111680K(222720K)->64K(222720K) Eden: 111616K(111616K)->0K(111616K) From: 64K(111104K)->64K(111104K)
[487.194s][info][gc,heap        ] GC(1482) ParOldGen: 490530K(667648K)->490530K(667648K)
[487.194s][info][gc,metaspace   ] GC(1482) Metaspace: 18834K(19008K)->18834K(19008K) NonClass: 17004K(17152K)->17004K(17152K) Class: 1829K(1856K)->1829K(1856K)
[487.194s][info][gc             ] GC(1482) Pause Young (Allocation Failure) 588M->479M(869M) 1.780ms
[487.194s][info][gc,cpu         ] GC(1482) User=0.00s Sys=0.00s Real=0.00s
[487.346s][info][gc,start       ] GC(1483) Pause Young (Allocation Failure)
[487.348s][info][gc,heap        ] GC(1483) PSYoungGen: 111680K(222720K)->64K(222720K) Eden: 111616K(111616K)->0K(111616K) From: 64K(111104K)->64K(111104K)
[487.348s][info][gc,heap        ] GC(1483) ParOldGen: 490530K(667648K)->490530K(667648K)
[487.348s][info][gc,metaspace   ] GC(1483) Metaspace: 18834K(19008K)->18834K(19008K) NonClass: 17004K(17152K)->17004K(17152K) Class: 1829K(1856K)->1829K(1856K)
[487.348s][info][gc             ] GC(1483) Pause Young (Allocation Failure) 588M->479M(869M) 1.752ms
[487.348s][info][gc,cpu         ] GC(1483) User=0.01s Sys=0.00s Real=0.00s
[487.504s][info][gc,start       ] GC(1484) Pause Young (Allocation Failure)
[487.505s][info][gc,heap        ] GC(1484) PSYoungGen: 111680K(222720K)->64K(112128K) Eden: 111616K(111616K)->0K(111616K) From: 64K(111104K)->64K(512K)
[487.505s][info][gc,heap        ] GC(1484) ParOldGen: 490530K(667648K)->490530K(667648K)
[487.505s][info][gc,metaspace   ] GC(1484) Metaspace: 18834K(19008K)->18834K(19008K) NonClass: 17004K(17152K)->17004K(17152K) Class: 1829K(1856K)->1829K(1856K)
[487.506s][info][gc             ] GC(1484) Pause Young (Allocation Failure) 588M->479M(761M) 1.876ms
[487.506s][info][gc,cpu         ] GC(1484) User=0.00s Sys=0.00s Real=0.00s
[487.657s][info][gc,start       ] GC(1485) Pause Young (Allocation Failure)
[487.659s][info][gc,heap        ] GC(1485) PSYoungGen: 111680K(112128K)->64K(222208K) Eden: 111616K(111616K)->0K(115200K) From: 64K(512K)->64K(107008K)
[487.659s][info][gc,heap        ] GC(1485) ParOldGen: 490530K(667648K)->490530K(667648K)
[487.659s][info][gc,metaspace   ] GC(1485) Metaspace: 18834K(19008K)->18834K(19008K) NonClass: 17004K(17152K)->17004K(17152K) Class: 1829K(1856K)->1829K(1856K)
[487.659s][info][gc             ] GC(1485) Pause Young (Allocation Failure) 588M->479M(869M) 1.806ms
[487.659s][info][gc,cpu         ] GC(1485) User=0.01s Sys=0.00s Real=0.00s
[487.838s][info][gc,start       ] GC(1486) Pause Young (Allocation Failure)
[487.839s][info][gc,heap        ] GC(1486) PSYoungGen: 115264K(222208K)->64K(115712K) Eden: 115200K(115200K)->0K(115200K) From: 64K(107008K)->64K(512K)
[487.839s][info][gc,heap        ] GC(1486) ParOldGen: 490530K(667648K)->490530K(667648K)
[487.839s][info][gc,metaspace   ] GC(1486) Metaspace: 18834K(19008K)->18834K(19008K) NonClass: 17004K(17152K)->17004K(17152K) Class: 1829K(1856K)->1829K(1856K)
[487.840s][info][gc             ] GC(1486) Pause Young (Allocation Failure) 591M->479M(765M) 1.843ms
[487.840s][info][gc,cpu         ] GC(1486) User=0.00s Sys=0.00s Real=0.00s
[488.039s][info][gc,start       ] GC(1487) Pause Young (Allocation Failure)
[488.042s][info][gc,heap        ] GC(1487) PSYoungGen: 115264K(115712K)->32K(211968K) Eden: 115200K(115200K)->0K(117760K) From: 64K(512K)->32K(94208K)
[488.042s][info][gc,heap        ] GC(1487) ParOldGen: 490530K(667648K)->490530K(667648K)
[488.042s][info][gc,metaspace   ] GC(1487) Metaspace: 18834K(19008K)->18834K(19008K) NonClass: 17004K(17152K)->17004K(17152K) Class: 1829K(1856K)->1829K(1856K)
[488.042s][info][gc             ] GC(1487) Pause Young (Allocation Failure) 591M->479M(859M) 2.804ms
[488.042s][info][gc,cpu         ] GC(1487) User=0.01s Sys=0.00s Real=0.01s
[488.211s][info][gc,start       ] GC(1488) Pause Young (Allocation Failure)
[488.214s][info][gc,heap        ] GC(1488) PSYoungGen: 117792K(211968K)->64K(118272K) Eden: 117760K(117760K)->0K(117760K) From: 32K(94208K)->64K(512K)
[488.214s][info][gc,heap        ] GC(1488) ParOldGen: 490530K(667648K)->490530K(667648K)
[488.214s][info][gc,metaspace   ] GC(1488) Metaspace: 18834K(19008K)->18834K(19008K) NonClass: 17004K(17152K)->17004K(17152K) Class: 1829K(1856K)->1829K(1856K)
[488.214s][info][gc             ] GC(1488) Pause Young (Allocation Failure) 594M->479M(767M) 2.375ms
[488.214s][info][gc,cpu         ] GC(1488) User=0.01s Sys=0.00s Real=0.01s
[488.373s][info][gc,start       ] GC(1489) Pause Young (Allocation Failure)
[488.375s][info][gc,heap        ] GC(1489) PSYoungGen: 117824K(118272K)->64K(204800K) Eden: 117760K(117760K)->0K(119808K) From: 64K(512K)->64K(84992K)
[488.375s][info][gc,heap        ] GC(1489) ParOldGen: 490530K(667648K)->490530K(667648K)
[488.375s][info][gc,metaspace   ] GC(1489) Metaspace: 18834K(19008K)->18834K(19008K) NonClass: 17004K(17152K)->17004K(17152K) Class: 1829K(1856K)->1829K(1856K)
[488.375s][info][gc             ] GC(1489) Pause Young (Allocation Failure) 594M->479M(852M) 2.652ms
[488.375s][info][gc,cpu         ] GC(1489) User=0.00s Sys=0.01s Real=0.00s
[488.499s][info][gc,start       ] GC(1490) Pause Young (Allocation Failure)
[488.522s][info][gc,heap        ] GC(1490) PSYoungGen: 119872K(204800K)->17888K(137728K) Eden: 119808K(119808K)->0K(119808K) From: 64K(84992K)->17888K(17920K)
[488.522s][info][gc,heap        ] GC(1490) ParOldGen: 490530K(667648K)->490530K(667648K)
[488.522s][info][gc,metaspace   ] GC(1490) Metaspace: 18834K(19008K)->18834K(19008K) NonClass: 17004K(17152K)->17004K(17152K) Class: 1829K(1856K)->1829K(1856K)
[488.522s][info][gc             ] GC(1490) Pause Young (Allocation Failure) 596M->496M(786M) 22.939ms
[488.522s][info][gc,cpu         ] GC(1490) User=0.04s Sys=0.00s Real=0.02s
[488.640s][info][gc,start       ] GC(1491) Pause Young (Allocation Failure)
[488.672s][info][gc,heap        ] GC(1491) PSYoungGen: 137696K(137728K)->29824K(205824K) Eden: 119808K(119808K)->0K(124416K) From: 17888K(17920K)->29824K(81408K)
[488.672s][info][gc,heap        ] GC(1491) ParOldGen: 490530K(667648K)->490530K(667648K)
[488.672s][info][gc,metaspace   ] GC(1491) Metaspace: 18834K(19008K)->18834K(19008K) NonClass: 17004K(17152K)->17004K(17152K) Class: 1829K(1856K)->1829K(1856K)
[488.672s][info][gc             ] GC(1491) Pause Young (Allocation Failure) 613M->508M(853M) 32.429ms
[488.672s][info][gc,cpu         ] GC(1491) User=0.06s Sys=0.00s Real=0.04s
[488.768s][info][gc,start       ] GC(1492) Pause Young (Allocation Failure)
[488.804s][info][gc,heap        ] GC(1492) PSYoungGen: 154240K(205824K)->33344K(205824K) Eden: 124416K(124416K)->0K(124416K) From: 29824K(81408K)->33344K(81408K)
[488.804s][info][gc,heap        ] GC(1492) ParOldGen: 490530K(667648K)->490530K(667648K)
[488.804s][info][gc,metaspace   ] GC(1492) Metaspace: 18834K(19008K)->18834K(19008K) NonClass: 17004K(17152K)->17004K(17152K) Class: 1829K(1856K)->1829K(1856K)
[488.804s][info][gc             ] GC(1492) Pause Young (Allocation Failure) 629M->511M(853M) 35.518ms
[488.804s][info][gc,cpu         ] GC(1492) User=0.07s Sys=0.00s Real=0.04s
[488.913s][info][gc,start       ] GC(1493) Pause Young (Allocation Failure)
[488.950s][info][gc,heap        ] GC(1493) PSYoungGen: 157760K(205824K)->34432K(211968K) Eden: 124416K(124416K)->0K(131584K) From: 33344K(81408K)->34432K(80384K)
[488.950s][info][gc,heap        ] GC(1493) ParOldGen: 490530K(667648K)->490530K(667648K)
[488.950s][info][gc,metaspace   ] GC(1493) Metaspace: 18834K(19008K)->18834K(19008K) NonClass: 17004K(17152K)->17004K(17152K) Class: 1829K(1856K)->1829K(1856K)
[488.950s][info][gc             ] GC(1493) Pause Young (Allocation Failure) 633M->512M(859M) 36.301ms
[488.950s][info][gc,cpu         ] GC(1493) User=0.07s Sys=0.00s Real=0.03s
[489.094s][info][gc,start       ] GC(1494) Pause Young (Allocation Failure)
[489.132s][info][gc,heap        ] GC(1494) PSYoungGen: 166016K(211968K)->35264K(211968K) Eden: 131584K(131584K)->0K(131584K) From: 34432K(80384K)->35264K(80384K)
[489.132s][info][gc,heap        ] GC(1494) ParOldGen: 490530K(667648K)->490530K(667648K)
[489.132s][info][gc,metaspace   ] GC(1494) Metaspace: 18834K(19008K)->18834K(19008K) NonClass: 17004K(17152K)->17004K(17152K) Class: 1829K(1856K)->1829K(1856K)
[489.132s][info][gc             ] GC(1494) Pause Young (Allocation Failure) 641M->513M(859M) 37.669ms
[489.132s][info][gc,cpu         ] GC(1494) User=0.08s Sys=0.00s Real=0.03s
[489.274s][info][gc,start       ] GC(1495) Pause Young (Allocation Failure)
[489.319s][info][gc,heap        ] GC(1495) PSYoungGen: 166848K(211968K)->43200K(217600K) Eden: 131584K(131584K)->0K(137728K) From: 35264K(80384K)->43200K(79872K)
[489.319s][info][gc,heap        ] GC(1495) ParOldGen: 490530K(667648K)->490530K(667648K)
[489.319s][info][gc,metaspace   ] GC(1495) Metaspace: 18834K(19008K)->18834K(19008K) NonClass: 17004K(17152K)->17004K(17152K) Class: 1829K(1856K)->1829K(1856K)
[489.319s][info][gc             ] GC(1495) Pause Young (Allocation Failure) 641M->521M(864M) 44.699ms
[489.319s][info][gc,cpu         ] GC(1495) User=0.09s Sys=0.00s Real=0.04s
[489.574s][info][gc,start       ] GC(1496) Pause Young (Allocation Failure)
[489.620s][info][gc,heap        ] GC(1496) PSYoungGen: 180928K(217600K)->44000K(219648K) Eden: 137728K(137728K)->0K(137728K) From: 43200K(79872K)->44000K(81920K)
[489.620s][info][gc,heap        ] GC(1496) ParOldGen: 490530K(667648K)->490530K(667648K)
[489.621s][info][gc,metaspace   ] GC(1496) Metaspace: 18834K(19008K)->18834K(19008K) NonClass: 17004K(17152K)->17004K(17152K) Class: 1829K(1856K)->1829K(1856K)
[489.621s][info][gc             ] GC(1496) Pause Young (Allocation Failure) 655M->522M(866M) 46.330ms
[489.621s][info][gc,cpu         ] GC(1496) User=0.10s Sys=0.00s Real=0.04s
[489.884s][info][gc,start       ] GC(1497) Pause Young (Allocation Failure)
[489.931s][info][gc,heap        ] GC(1497) PSYoungGen: 181728K(219648K)->44128K(228864K) Eden: 137728K(137728K)->0K(145408K) From: 44000K(81920K)->44128K(83456K)
[489.931s][info][gc,heap        ] GC(1497) ParOldGen: 490530K(667648K)->490530K(667648K)
[489.931s][info][gc,metaspace   ] GC(1497) Metaspace: 18834K(19008K)->18834K(19008K) NonClass: 17004K(17152K)->17004K(17152K) Class: 1829K(1856K)->1829K(1856K)
[489.931s][info][gc             ] GC(1497) Pause Young (Allocation Failure) 656M->522M(875M) 46.991ms
[489.931s][info][gc,cpu         ] GC(1497) User=0.09s Sys=0.00s Real=0.04s
[490.209s][info][gc,start       ] GC(1498) Pause Young (Allocation Failure)
[490.255s][info][gc,heap        ] GC(1498) PSYoungGen: 189536K(228864K)->44160K(229888K) Eden: 145408K(145408K)->0K(145408K) From: 44128K(83456K)->44160K(84480K)
[490.255s][info][gc,heap        ] GC(1498) ParOldGen: 490530K(667648K)->490530K(667648K)
[490.255s][info][gc,metaspace   ] GC(1498) Metaspace: 18834K(19008K)->18834K(19008K) NonClass: 17004K(17152K)->17004K(17152K) Class: 1829K(1856K)->1829K(1856K)
[490.255s][info][gc             ] GC(1498) Pause Young (Allocation Failure) 664M->522M(876M) 45.810ms
[490.255s][info][gc,cpu         ] GC(1498) User=0.09s Sys=0.00s Real=0.05s
[490.503s][info][gc,start       ] GC(1499) Pause Young (Allocation Failure)
[490.550s][info][gc,heap        ] GC(1499) PSYoungGen: 189568K(229888K)->44192K(238080K) Eden: 145408K(145408K)->0K(153600K) From: 44160K(84480K)->44192K(84480K)
[490.550s][info][gc,heap        ] GC(1499) ParOldGen: 490530K(667648K)->490530K(667648K)
[490.550s][info][gc,metaspace   ] GC(1499) Metaspace: 18834K(19008K)->18834K(19008K) NonClass: 17004K(17152K)->17004K(17152K) Class: 1829K(1856K)->1829K(1856K)
[490.550s][info][gc             ] GC(1499) Pause Young (Allocation Failure) 664M->522M(884M) 46.408ms
[490.550s][info][gc,cpu         ] GC(1499) User=0.09s Sys=0.00s Real=0.04s
[490.803s][info][gc,start       ] GC(1500) Pause Young (Allocation Failure)
[490.862s][info][gc,heap        ] GC(1500) PSYoungGen: 197792K(238080K)->58176K(238080K) Eden: 153600K(153600K)->0K(153600K) From: 44192K(84480K)->58176K(84480K)
[490.862s][info][gc,heap        ] GC(1500) ParOldGen: 490530K(667648K)->490530K(667648K)
[490.862s][info][gc,metaspace   ] GC(1500) Metaspace: 18834K(19008K)->18834K(19008K) NonClass: 17004K(17152K)->17004K(17152K) Class: 1829K(1856K)->1829K(1856K)
[490.863s][info][gc             ] GC(1500) Pause Young (Allocation Failure) 672M->535M(884M) 59.879ms
[490.863s][info][gc,cpu         ] GC(1500) User=0.11s Sys=0.00s Real=0.06s
[491.043s][info][gc,start       ] GC(1501) Pause Young (Allocation Failure)
[491.110s][info][gc,heap        ] GC(1501) PSYoungGen: 211776K(238080K)->58176K(237568K) Eden: 153600K(153600K)->0K(148480K) From: 58176K(84480K)->58176K(89088K)
[491.111s][info][gc,heap        ] GC(1501) ParOldGen: 490530K(667648K)->490530K(667648K)
[491.111s][info][gc,metaspace   ] GC(1501) Metaspace: 18834K(19008K)->18834K(19008K) NonClass: 17004K(17152K)->17004K(17152K) Class: 1829K(1856K)->1829K(1856K)
[491.111s][info][gc             ] GC(1501) Pause Young (Allocation Failure) 685M->535M(884M) 67.047ms
[491.111s][info][gc,cpu         ] GC(1501) User=0.13s Sys=0.01s Real=0.06s
[491.239s][info][gc,start       ] GC(1502) Pause Young (Allocation Failure)
[491.329s][info][gc,heap        ] GC(1502) PSYoungGen: 206656K(237568K)->92656K(241152K) Eden: 148480K(148480K)->0K(148480K) From: 58176K(89088K)->92656K(92672K)
[491.329s][info][gc,heap        ] GC(1502) ParOldGen: 490530K(667648K)->495314K(667648K)
[491.329s][info][gc,metaspace   ] GC(1502) Metaspace: 18834K(19008K)->18834K(19008K) NonClass: 17004K(17152K)->17004K(17152K) Class: 1829K(1856K)->1829K(1856K)
[491.329s][info][gc             ] GC(1502) Pause Young (Allocation Failure) 680M->574M(887M) 90.346ms
[491.329s][info][gc,cpu         ] GC(1502) User=0.18s Sys=0.00s Real=0.09s
[491.545s][info][gc,start       ] GC(1503) Pause Young (Allocation Failure)
[491.659s][info][gc,heap        ] GC(1503) PSYoungGen: 241136K(241152K)->92640K(204288K) Eden: 148480K(148480K)->0K(111616K) From: 92656K(92672K)->92640K(92672K)
[491.659s][info][gc,heap        ] GC(1503) ParOldGen: 495314K(667648K)->514898K(667648K)
[491.659s][info][gc,metaspace   ] GC(1503) Metaspace: 18834K(19008K)->18834K(19008K) NonClass: 17004K(17152K)->17004K(17152K) Class: 1829K(1856K)->1829K(1856K)
[491.659s][info][gc             ] GC(1503) Pause Young (Allocation Failure) 719M->593M(851M) 114.206ms
[491.659s][info][gc,cpu         ] GC(1503) User=0.20s Sys=0.03s Real=0.11s
[491.819s][info][gc,start       ] GC(1504) Pause Young (Allocation Failure)
[491.934s][info][gc,heap        ] GC(1504) PSYoungGen: 204256K(204288K)->75936K(222720K) Eden: 111616K(111616K)->0K(111616K) From: 92640K(92672K)->75936K(111104K)
[491.935s][info][gc,heap        ] GC(1504) ParOldGen: 514898K(667648K)->544762K(667648K)
[491.935s][info][gc,metaspace   ] GC(1504) Metaspace: 18834K(19008K)->18834K(19008K) NonClass: 17004K(17152K)->17004K(17152K) Class: 1829K(1856K)->1829K(1856K)
[491.935s][info][gc             ] GC(1504) Pause Young (Allocation Failure) 702M->606M(869M) 115.666ms
[491.935s][info][gc,cpu         ] GC(1504) User=0.23s Sys=0.00s Real=0.12s
[492.084s][info][gc,start       ] GC(1505) Pause Young (Allocation Failure)
[492.171s][info][gc,heap        ] GC(1505) PSYoungGen: 187552K(222720K)->71328K(222720K) Eden: 111616K(111616K)->0K(111616K) From: 75936K(111104K)->71328K(111104K)
[492.171s][info][gc,heap        ] GC(1505) ParOldGen: 544762K(667648K)->549410K(667648K)
[492.171s][info][gc,metaspace   ] GC(1505) Metaspace: 18834K(19008K)->18834K(19008K) NonClass: 17004K(17152K)->17004K(17152K) Class: 1829K(1856K)->1829K(1856K)
[492.171s][info][gc             ] GC(1505) Pause Young (Allocation Failure) 715M->606M(869M) 86.964ms
[492.171s][info][gc,cpu         ] GC(1505) User=0.17s Sys=0.00s Real=0.08s
[492.322s][info][gc,start       ] GC(1506) Pause Young (Allocation Failure)
[492.405s][info][gc,heap        ] GC(1506) PSYoungGen: 182944K(222720K)->62560K(222720K) Eden: 111616K(111616K)->0K(111616K) From: 71328K(111104K)->62560K(111104K)
[492.406s][info][gc,heap        ] GC(1506) ParOldGen: 549410K(667648K)->558210K(667648K)
[492.406s][info][gc,metaspace   ] GC(1506) Metaspace: 18834K(19008K)->18834K(19008K) NonClass: 17004K(17152K)->17004K(17152K) Class: 1829K(1856K)->1829K(1856K)
[492.406s][info][gc             ] GC(1506) Pause Young (Allocation Failure) 715M->606M(869M) 83.168ms
[492.406s][info][gc,cpu         ] GC(1506) User=0.16s Sys=0.00s Real=0.08s
[492.555s][info][gc,start       ] GC(1507) Pause Young (Allocation Failure)
[492.628s][info][gc,heap        ] GC(1507) PSYoungGen: 174176K(222720K)->61648K(222720K) Eden: 111616K(111616K)->0K(111616K) From: 62560K(111104K)->61648K(111104K)
[492.628s][info][gc,heap        ] GC(1507) ParOldGen: 558210K(667648K)->559135K(667648K)
[492.628s][info][gc,metaspace   ] GC(1507) Metaspace: 18834K(19008K)->18834K(19008K) NonClass: 17004K(17152K)->17004K(17152K) Class: 1829K(1856K)->1829K(1856K)
[492.628s][info][gc             ] GC(1507) Pause Young (Allocation Failure) 715M->606M(869M) 73.541ms
[492.628s][info][gc,cpu         ] GC(1507) User=0.15s Sys=0.00s Real=0.07s
[492.778s][info][gc,start       ] GC(1508) Pause Young (Allocation Failure)
[492.849s][info][gc,heap        ] GC(1508) PSYoungGen: 173264K(222720K)->61600K(222720K) Eden: 111616K(111616K)->0K(111616K) From: 61648K(111104K)->61600K(111104K)
[492.849s][info][gc,heap        ] GC(1508) ParOldGen: 559135K(667648K)->559191K(667648K)
[492.849s][info][gc,metaspace   ] GC(1508) Metaspace: 18834K(19008K)->18834K(19008K) NonClass: 17004K(17152K)->17004K(17152K) Class: 1829K(1856K)->1829K(1856K)
[492.849s][info][gc             ] GC(1508) Pause Young (Allocation Failure) 715M->606M(869M) 71.329ms
[492.849s][info][gc,cpu         ] GC(1508) User=0.14s Sys=0.00s Real=0.07s
[492.999s][info][gc,start       ] GC(1509) Pause Young (Allocation Failure)
[493.070s][info][gc,heap        ] GC(1509) PSYoungGen: 173216K(222720K)->47584K(222720K) Eden: 111616K(111616K)->0K(111616K) From: 61600K(111104K)->47584K(111104K)
[493.070s][info][gc,heap        ] GC(1509) ParOldGen: 559191K(667648K)->573263K(667648K)
[493.070s][info][gc,metaspace   ] GC(1509) Metaspace: 18834K(19008K)->18834K(19008K) NonClass: 17004K(17152K)->17004K(17152K) Class: 1829K(1856K)->1829K(1856K)
[493.070s][info][gc             ] GC(1509) Pause Young (Allocation Failure) 715M->606M(869M) 71.426ms
[493.070s][info][gc,cpu         ] GC(1509) User=0.14s Sys=0.00s Real=0.07s
[493.218s][info][gc,start       ] GC(1510) Pause Young (Allocation Failure)
[493.270s][info][gc,heap        ] GC(1510) PSYoungGen: 159200K(222720K)->13088K(222720K) Eden: 111616K(111616K)->0K(111616K) From: 47584K(111104K)->13088K(111104K)
[493.270s][info][gc,heap        ] GC(1510) ParOldGen: 573263K(667648K)->608094K(667648K)
[493.270s][info][gc,metaspace   ] GC(1510) Metaspace: 18834K(19008K)->18834K(19008K) NonClass: 17004K(17152K)->17004K(17152K) Class: 1829K(1856K)->1829K(1856K)
[493.270s][info][gc             ] GC(1510) Pause Young (Allocation Failure) 715M->606M(869M) 52.285ms
[493.270s][info][gc,cpu         ] GC(1510) User=0.10s Sys=0.00s Real=0.05s
[493.373s][info][gc,start       ] GC(1511) Pause Young (Allocation Failure)
[493.425s][info][gc,heap        ] GC(1511) PSYoungGen: 124704K(222720K)->23616K(222720K) Eden: 111616K(111616K)->0K(111616K) From: 13088K(111104K)->23616K(111104K)
[493.425s][info][gc,heap        ] GC(1511) ParOldGen: 608094K(667648K)->621182K(667648K)
[493.425s][info][gc,metaspace   ] GC(1511) Metaspace: 18834K(19008K)->18834K(19008K) NonClass: 17004K(17152K)->17004K(17152K) Class: 1829K(1856K)->1829K(1856K)
[493.425s][info][gc             ] GC(1511) Pause Young (Allocation Failure) 715M->629M(869M) 52.458ms
[493.425s][info][gc,cpu         ] GC(1511) User=0.10s Sys=0.01s Real=0.05s
[493.532s][info][gc,start       ] GC(1512) Pause Young (Allocation Failure)
[493.573s][info][gc,heap        ] GC(1512) PSYoungGen: 135232K(222720K)->37440K(149504K) Eden: 111616K(111616K)->0K(111616K) From: 23616K(111104K)->37440K(37888K)
[493.574s][info][gc,heap        ] GC(1512) ParOldGen: 621182K(667648K)->621182K(667648K)
[493.574s][info][gc,metaspace   ] GC(1512) Metaspace: 18834K(19008K)->18834K(19008K) NonClass: 17004K(17152K)->17004K(17152K) Class: 1829K(1856K)->1829K(1856K)
[493.574s][info][gc             ] GC(1512) Pause Young (Allocation Failure) 738M->643M(798M) 41.830ms
[493.574s][info][gc,cpu         ] GC(1512) User=0.08s Sys=0.00s Real=0.05s
[493.677s][info][gc,start       ] GC(1513) Pause Young (Allocation Failure)
[493.729s][info][gc,heap        ] GC(1513) PSYoungGen: 149056K(149504K)->47008K(223232K) Eden: 111616K(111616K)->0K(117248K) From: 37440K(37888K)->47008K(105984K)
[493.729s][info][gc,heap        ] GC(1513) ParOldGen: 621182K(667648K)->621182K(667648K)
[493.729s][info][gc,metaspace   ] GC(1513) Metaspace: 18834K(19008K)->18834K(19008K) NonClass: 17004K(17152K)->17004K(17152K) Class: 1829K(1856K)->1829K(1856K)
[493.729s][info][gc             ] GC(1513) Pause Young (Allocation Failure) 752M->652M(870M) 51.268ms
[493.729s][info][gc,cpu         ] GC(1513) User=0.10s Sys=0.00s Real=0.05s
[493.848s][info][gc,start       ] GC(1514) Pause Young (Allocation Failure)
[493.916s][info][gc,heap        ] GC(1514) PSYoungGen: 164256K(223232K)->65088K(219136K) Eden: 117248K(117248K)->0K(117248K) From: 47008K(105984K)->65088K(101888K)
[493.916s][info][gc,heap        ] GC(1514) ParOldGen: 621182K(667648K)->621182K(667648K)
[493.916s][info][gc,metaspace   ] GC(1514) Metaspace: 18834K(19008K)->18834K(19008K) NonClass: 17004K(17152K)->17004K(17152K) Class: 1829K(1856K)->1829K(1856K)
[493.916s][info][gc             ] GC(1514) Pause Young (Allocation Failure) 767M->670M(866M) 67.868ms
[493.916s][info][gc,cpu         ] GC(1514) User=0.14s Sys=0.00s Real=0.07s
[494.008s][info][gc,start       ] GC(1515) Pause Young (Allocation Failure)
[494.099s][info][gc,heap        ] GC(1515) PSYoungGen: 182336K(219136K)->87072K(214528K) Eden: 117248K(117248K)->0K(111616K) From: 65088K(101888K)->87072K(102912K)
[494.099s][info][gc,heap        ] GC(1515) ParOldGen: 621182K(667648K)->621182K(667648K)
[494.099s][info][gc,metaspace   ] GC(1515) Metaspace: 18834K(19008K)->18834K(19008K) NonClass: 17004K(17152K)->17004K(17152K) Class: 1829K(1856K)->1829K(1856K)
[494.099s][info][gc             ] GC(1515) Pause Young (Allocation Failure) 784M->691M(861M) 91.566ms
[494.099s][info][gc,cpu         ] GC(1515) User=0.18s Sys=0.00s Real=0.09s
[494.156s][info][gc,start       ] GC(1516) Pause Young (Allocation Failure)
[494.257s][info][gc,heap        ] GC(1516) PSYoungGen: 198688K(214528K)->97216K(222720K) Eden: 111616K(111616K)->0K(111616K) From: 87072K(102912K)->97216K(111104K)
[494.257s][info][gc,heap        ] GC(1516) ParOldGen: 621182K(667648K)->621182K(667648K)
[494.257s][info][gc,metaspace   ] GC(1516) Metaspace: 18834K(19008K)->18834K(19008K) NonClass: 17004K(17152K)->17004K(17152K) Class: 1829K(1856K)->1829K(1856K)
[494.257s][info][gc             ] GC(1516) Pause Young (Allocation Failure) 800M->701M(869M) 100.275ms
[494.257s][info][gc,cpu         ] GC(1516) User=0.20s Sys=0.00s Real=0.10s
[494.338s][info][gc,start       ] GC(1517) Pause Young (Allocation Failure)
[494.449s][info][gc,heap        ] GC(1517) PSYoungGen: 208832K(222720K)->82240K(222720K) Eden: 111616K(111616K)->0K(111616K) From: 97216K(111104K)->82240K(111104K)
[494.449s][info][gc,heap        ] GC(1517) ParOldGen: 621182K(667648K)->644846K(667648K)
[494.449s][info][gc,metaspace   ] GC(1517) Metaspace: 18834K(19008K)->18834K(19008K) NonClass: 17004K(17152K)->17004K(17152K) Class: 1829K(1856K)->1829K(1856K)
[494.449s][info][gc             ] GC(1517) Pause Young (Allocation Failure) 810M->710M(869M) 110.564ms
[494.449s][info][gc,cpu         ] GC(1517) User=0.22s Sys=0.00s Real=0.11s
[494.520s][info][gc,start       ] GC(1518) Pause Full (Allocation Failure)
[494.520s][info][gc,phases,start] GC(1518) Marking Phase
[494.963s][info][gc,phases      ] GC(1518) Marking Phase 443.642ms
[494.963s][info][gc,phases,start] GC(1518) Summary Phase
[494.963s][info][gc,phases      ] GC(1518) Summary Phase 0.048ms
[494.963s][info][gc,phases,start] GC(1518) Forward
[495.106s][info][gc,phases      ] GC(1518) Forward 143.062ms
[495.107s][info][gc,phases,start] GC(1518) Adjust Pointers
[495.481s][info][gc,phases      ] GC(1518) Adjust Pointers 374.710ms
[495.481s][info][gc,phases,start] GC(1518) Compaction Phase
[495.688s][info][gc,phases      ] GC(1518) Compaction Phase 206.632ms
[495.701s][info][gc,phases,start] GC(1518) Post Compact
[495.704s][info][gc,phases      ] GC(1518) Post Compact 2.539ms
[495.704s][info][gc,heap        ] GC(1518) PSYoungGen: 193856K(222720K)->0K(222720K) Eden: 111616K(111616K)->0K(111616K) From: 82240K(111104K)->0K(111104K)
[495.704s][info][gc,heap        ] GC(1518) ParOldGen: 644846K(667648K)->561870K(667648K)
[495.704s][info][gc,metaspace   ] GC(1518) Metaspace: 18834K(19008K)->18834K(19008K) NonClass: 17004K(17152K)->17004K(17152K) Class: 1829K(1856K)->1829K(1856K)
[495.704s][info][gc             ] GC(1518) Pause Full (Allocation Failure) 819M->548M(869M) 1184.074ms
[495.704s][info][gc,cpu         ] GC(1518) User=2.25s Sys=0.01s Real=1.19s
[495.781s][info][gc,start       ] GC(1519) Pause Young (Allocation Failure)
[495.789s][info][gc,heap        ] GC(1519) PSYoungGen: 111616K(222720K)->608K(222720K) Eden: 111616K(111616K)->0K(111616K) From: 0K(111104K)->608K(111104K)
[495.790s][info][gc,heap        ] GC(1519) ParOldGen: 561870K(667648K)->561870K(667648K)
[495.790s][info][gc,metaspace   ] GC(1519) Metaspace: 18834K(19008K)->18834K(19008K) NonClass: 17004K(17152K)->17004K(17152K) Class: 1829K(1856K)->1829K(1856K)
[495.790s][info][gc             ] GC(1519) Pause Young (Allocation Failure) 657M->549M(869M) 8.665ms
[495.790s][info][gc,cpu         ] GC(1519) User=0.01s Sys=0.00s Real=0.01s
[495.864s][info][gc,start       ] GC(1520) Pause Young (Allocation Failure)
[495.875s][info][gc,heap        ] GC(1520) PSYoungGen: 112224K(222720K)->2560K(222720K) Eden: 111616K(111616K)->0K(111616K) From: 608K(111104K)->2560K(111104K)
[495.875s][info][gc,heap        ] GC(1520) ParOldGen: 561870K(667648K)->561870K(667648K)
[495.875s][info][gc,metaspace   ] GC(1520) Metaspace: 18834K(19008K)->18834K(19008K) NonClass: 17004K(17152K)->17004K(17152K) Class: 1829K(1856K)->1829K(1856K)
[495.875s][info][gc             ] GC(1520) Pause Young (Allocation Failure) 658M->551M(869M) 10.866ms
[495.875s][info][gc,cpu         ] GC(1520) User=0.02s Sys=0.00s Real=0.01s
[495.948s][info][gc,start       ] GC(1521) Pause Young (Allocation Failure)
[495.962s][info][gc,heap        ] GC(1521) PSYoungGen: 114176K(222720K)->5376K(222720K) Eden: 111616K(111616K)->0K(111616K) From: 2560K(111104K)->5376K(111104K)
[495.962s][info][gc,heap        ] GC(1521) ParOldGen: 561870K(667648K)->561870K(667648K)
[495.962s][info][gc,metaspace   ] GC(1521) Metaspace: 18834K(19008K)->18834K(19008K) NonClass: 17004K(17152K)->17004K(17152K) Class: 1829K(1856K)->1829K(1856K)
[495.962s][info][gc             ] GC(1521) Pause Young (Allocation Failure) 660M->553M(869M) 13.934ms
[495.962s][info][gc,cpu         ] GC(1521) User=0.03s Sys=0.00s Real=0.02s
[496.059s][info][gc,start       ] GC(1522) Pause Young (Allocation Failure)
[496.074s][info][gc,heap        ] GC(1522) PSYoungGen: 116992K(222720K)->6432K(222720K) Eden: 111616K(111616K)->0K(111616K) From: 5376K(111104K)->6432K(111104K)
[496.074s][info][gc,heap        ] GC(1522) ParOldGen: 561870K(667648K)->564382K(667648K)
[496.074s][info][gc,metaspace   ] GC(1522) Metaspace: 18834K(19008K)->18834K(19008K) NonClass: 17004K(17152K)->17004K(17152K) Class: 1829K(1856K)->1829K(1856K)
[496.074s][info][gc             ] GC(1522) Pause Young (Allocation Failure) 662M->557M(869M) 15.133ms
[496.074s][info][gc,cpu         ] GC(1522) User=0.03s Sys=0.00s Real=0.02s
[496.139s][info][gc,start       ] GC(1523) Pause Young (Allocation Failure)
[496.150s][info][gc,heap        ] GC(1523) PSYoungGen: 118048K(222720K)->64K(222720K) Eden: 111616K(111616K)->0K(111616K) From: 6432K(111104K)->64K(111104K)
[496.150s][info][gc,heap        ] GC(1523) ParOldGen: 564382K(667648K)->570782K(667648K)
[496.150s][info][gc,metaspace   ] GC(1523) Metaspace: 18834K(19008K)->18834K(19008K) NonClass: 17004K(17152K)->17004K(17152K) Class: 1829K(1856K)->1829K(1856K)
[496.150s][info][gc             ] GC(1523) Pause Young (Allocation Failure) 666M->557M(869M) 10.766ms
[496.150s][info][gc,cpu         ] GC(1523) User=0.02s Sys=0.00s Real=0.01s
[496.231s][info][gc,start       ] GC(1524) Pause Young (Allocation Failure)
[496.242s][info][gc,heap        ] GC(1524) PSYoungGen: 111680K(222720K)->8576K(222720K) Eden: 111616K(111616K)->0K(111616K) From: 64K(111104K)->8576K(111104K)
[496.242s][info][gc,heap        ] GC(1524) ParOldGen: 570782K(667648K)->570822K(667648K)
[496.242s][info][gc,metaspace   ] GC(1524) Metaspace: 18834K(19008K)->18834K(19008K) NonClass: 17004K(17152K)->17004K(17152K) Class: 1829K(1856K)->1829K(1856K)
[496.242s][info][gc             ] GC(1524) Pause Young (Allocation Failure) 666M->565M(869M) 11.293ms
[496.242s][info][gc,cpu         ] GC(1524) User=0.02s Sys=0.00s Real=0.02s
[496.390s][info][gc,start       ] GC(1525) Pause Young (Allocation Failure)
[496.404s][info][gc,heap        ] GC(1525) PSYoungGen: 120192K(222720K)->2080K(222720K) Eden: 111616K(111616K)->0K(111616K) From: 8576K(111104K)->2080K(111104K)
[496.404s][info][gc,heap        ] GC(1525) ParOldGen: 570822K(667648K)->579386K(667648K)
[496.404s][info][gc,metaspace   ] GC(1525) Metaspace: 18834K(19008K)->18834K(19008K) NonClass: 17004K(17152K)->17004K(17152K) Class: 1829K(1856K)->1829K(1856K)
[496.404s][info][gc             ] GC(1525) Pause Young (Allocation Failure) 674M->567M(869M) 14.808ms
[496.404s][info][gc,cpu         ] GC(1525) User=0.03s Sys=0.00s Real=0.02s
[496.698s][info][gc,start       ] GC(1526) Pause Young (Allocation Failure)
[496.721s][info][gc,heap        ] GC(1526) PSYoungGen: 113696K(222720K)->17272K(222720K) Eden: 111616K(111616K)->0K(111616K) From: 2080K(111104K)->17272K(111104K)
[496.721s][info][gc,heap        ] GC(1526) ParOldGen: 579386K(667648K)->581458K(667648K)
[496.721s][info][gc,metaspace   ] GC(1526) Metaspace: 18834K(19008K)->18834K(19008K) NonClass: 17004K(17152K)->17004K(17152K) Class: 1829K(1856K)->1829K(1856K)
[496.721s][info][gc             ] GC(1526) Pause Young (Allocation Failure) 676M->584M(869M) 22.833ms
[496.721s][info][gc,cpu         ] GC(1526) User=0.05s Sys=0.00s Real=0.02s
[496.928s][info][gc,start       ] GC(1527) Pause Young (Allocation Failure)
[496.956s][info][gc,heap        ] GC(1527) PSYoungGen: 128888K(222720K)->8000K(214528K) Eden: 111616K(111616K)->0K(111616K) From: 17272K(111104K)->8000K(102912K)
[496.956s][info][gc,heap        ] GC(1527) ParOldGen: 581458K(667648K)->598755K(667648K)
[496.956s][info][gc,metaspace   ] GC(1527) Metaspace: 18834K(19008K)->18834K(19008K) NonClass: 17004K(17152K)->17004K(17152K) Class: 1829K(1856K)->1829K(1856K)
[496.956s][info][gc             ] GC(1527) Pause Young (Allocation Failure) 693M->592M(861M) 28.888ms
[496.956s][info][gc,cpu         ] GC(1527) User=0.05s Sys=0.00s Real=0.03s
[497.158s][info][gc,start       ] GC(1528) Pause Young (Allocation Failure)
[497.172s][info][gc,heap        ] GC(1528) PSYoungGen: 119616K(214528K)->9888K(218624K) Eden: 111616K(111616K)->0K(111616K) From: 8000K(102912K)->9888K(107008K)
[497.172s][info][gc,heap        ] GC(1528) ParOldGen: 598755K(667648K)->598755K(667648K)
[497.172s][info][gc,metaspace   ] GC(1528) Metaspace: 18834K(19008K)->18834K(19008K) NonClass: 17004K(17152K)->17004K(17152K) Class: 1829K(1856K)->1829K(1856K)
[497.172s][info][gc             ] GC(1528) Pause Young (Allocation Failure) 701M->594M(865M) 13.987ms
[497.172s][info][gc,cpu         ] GC(1528) User=0.03s Sys=0.00s Real=0.01s
[497.547s][info][gc,start       ] GC(1529) Pause Young (Allocation Failure)
[497.562s][info][gc,heap        ] GC(1529) PSYoungGen: 121504K(218624K)->10112K(207872K) Eden: 111616K(111616K)->0K(116736K) From: 9888K(107008K)->10112K(91136K)
[497.562s][info][gc,heap        ] GC(1529) ParOldGen: 598755K(667648K)->598755K(667648K)
[497.562s][info][gc,metaspace   ] GC(1529) Metaspace: 18834K(19008K)->18834K(19008K) NonClass: 17004K(17152K)->17004K(17152K) Class: 1829K(1856K)->1829K(1856K)
[497.562s][info][gc             ] GC(1529) Pause Young (Allocation Failure) 703M->594M(855M) 14.370ms
[497.562s][info][gc,cpu         ] GC(1529) User=0.03s Sys=0.00s Real=0.01s
[497.768s][info][gc,start       ] GC(1530) Pause Young (Allocation Failure)
[497.810s][info][gc,heap        ] GC(1530) PSYoungGen: 126848K(207872K)->42944K(213504K) Eden: 116736K(116736K)->0K(116736K) From: 10112K(91136K)->42944K(96768K)
[497.810s][info][gc,heap        ] GC(1530) ParOldGen: 598755K(667648K)->598755K(667648K)
[497.810s][info][gc,metaspace   ] GC(1530) Metaspace: 18834K(19008K)->18834K(19008K) NonClass: 17004K(17152K)->17004K(17152K) Class: 1829K(1856K)->1829K(1856K)
[497.810s][info][gc             ] GC(1530) Pause Young (Allocation Failure) 708M->626M(860M) 41.372ms
[497.810s][info][gc,cpu         ] GC(1530) User=0.08s Sys=0.00s Real=0.04s
[497.891s][info][gc,start       ] GC(1531) Pause Young (Allocation Failure)
[497.978s][info][gc,heap        ] GC(1531) PSYoungGen: 159680K(213504K)->84912K(205312K) Eden: 116736K(116736K)->0K(108544K) From: 42944K(96768K)->84912K(96768K)
[497.979s][info][gc,heap        ] GC(1531) ParOldGen: 598755K(667648K)->598755K(667648K)
[497.979s][info][gc,metaspace   ] GC(1531) Metaspace: 18834K(19008K)->18834K(19008K) NonClass: 17004K(17152K)->17004K(17152K) Class: 1829K(1856K)->1829K(1856K)
[497.979s][info][gc             ] GC(1531) Pause Young (Allocation Failure) 740M->667M(852M) 87.669ms
[497.979s][info][gc,cpu         ] GC(1531) User=0.17s Sys=0.00s Real=0.09s
[498.175s][info][gc,start       ] GC(1532) Pause Young (Allocation Failure)
[498.245s][info][gc,heap        ] GC(1532) PSYoungGen: 193456K(205312K)->82969K(219648K) Eden: 108544K(108544K)->0K(108544K) From: 84912K(96768K)->82969K(111104K)
[498.245s][info][gc,heap        ] GC(1532) ParOldGen: 598755K(667648K)->608648K(667648K)
[498.245s][info][gc,metaspace   ] GC(1532) Metaspace: 18834K(19008K)->18834K(19008K) NonClass: 17004K(17152K)->17004K(17152K) Class: 1829K(1856K)->1829K(1856K)
[498.245s][info][gc             ] GC(1532) Pause Young (Allocation Failure) 773M->675M(866M) 69.698ms
[498.245s][info][gc,cpu         ] GC(1532) User=0.14s Sys=0.00s Real=0.07s
[498.422s][info][gc,start       ] GC(1533) Pause Young (Allocation Failure)
[498.482s][info][gc,heap        ] GC(1533) PSYoungGen: 191513K(219648K)->50217K(222720K) Eden: 108544K(108544K)->0K(111616K) From: 82969K(111104K)->50217K(111104K)
[498.482s][info][gc,heap        ] GC(1533) ParOldGen: 608648K(667648K)->641947K(667648K)
[498.482s][info][gc,metaspace   ] GC(1533) Metaspace: 18834K(19008K)->18834K(19008K) NonClass: 17004K(17152K)->17004K(17152K) Class: 1829K(1856K)->1829K(1856K)
[498.482s][info][gc             ] GC(1533) Pause Young (Allocation Failure) 781M->675M(869M) 60.316ms
[498.482s][info][gc,cpu         ] GC(1533) User=0.12s Sys=0.00s Real=0.07s
[498.649s][info][gc,start       ] GC(1534) Pause Full (Allocation Failure)
[498.649s][info][gc,phases,start] GC(1534) Marking Phase
[499.168s][info][gc,phases      ] GC(1534) Marking Phase 519.690ms
[499.168s][info][gc,phases,start] GC(1534) Summary Phase
[499.168s][info][gc,phases      ] GC(1534) Summary Phase 0.029ms
[499.168s][info][gc,phases,start] GC(1534) Forward
[499.307s][info][gc,phases      ] GC(1534) Forward 138.344ms
[499.307s][info][gc,phases,start] GC(1534) Adjust Pointers
[499.718s][info][gc,phases      ] GC(1534) Adjust Pointers 411.387ms
[499.718s][info][gc,phases,start] GC(1534) Compaction Phase
[499.923s][info][gc,phases      ] GC(1534) Compaction Phase 204.979ms
[499.938s][info][gc,phases,start] GC(1534) Post Compact
[499.941s][info][gc,phases      ] GC(1534) Post Compact 2.394ms
[499.941s][info][gc,heap        ] GC(1534) PSYoungGen: 161833K(222720K)->24020K(222720K) Eden: 111616K(111616K)->0K(111616K) From: 50217K(111104K)->24020K(111104K)
[499.941s][info][gc,heap        ] GC(1534) ParOldGen: 641947K(667648K)->667483K(667648K)
[499.941s][info][gc,metaspace   ] GC(1534) Metaspace: 18834K(19008K)->18834K(19008K) NonClass: 17004K(17152K)->17004K(17152K) Class: 1829K(1856K)->1829K(1856K)
[499.941s][info][gc             ] GC(1534) Pause Full (Allocation Failure) 784M->675M(869M) 1292.293ms
[499.941s][info][gc,cpu         ] GC(1534) User=2.50s Sys=0.02s Real=1.29s
[500.095s][info][gc,start       ] GC(1535) Pause Full (Allocation Failure)
[500.095s][info][gc,phases,start] GC(1535) Marking Phase
[500.646s][info][gc,phases      ] GC(1535) Marking Phase 550.789ms
[500.646s][info][gc,phases,start] GC(1535) Summary Phase
[500.646s][info][gc,phases      ] GC(1535) Summary Phase 0.030ms
[500.646s][info][gc,phases,start] GC(1535) Forward
[500.657s][info][gc,phases      ] GC(1535) Forward 10.702ms
[500.657s][info][gc,phases,start] GC(1535) Adjust Pointers
[501.024s][info][gc,phases      ] GC(1535) Adjust Pointers 366.757ms
[501.024s][info][gc,phases,start] GC(1535) Compaction Phase
[501.177s][info][gc,phases      ] GC(1535) Compaction Phase 153.105ms
[501.177s][info][gc,phases,start] GC(1535) Post Compact
[501.179s][info][gc,phases      ] GC(1535) Post Compact 2.444ms
[501.179s][info][gc,heap        ] GC(1535) PSYoungGen: 135636K(222720K)->24256K(222720K) Eden: 111616K(111616K)->24256K(111616K) From: 24020K(111104K)->0K(111104K)
[501.179s][info][gc,heap        ] GC(1535) ParOldGen: 667483K(667648K)->667636K(667648K)
[501.179s][info][gc,metaspace   ] GC(1535) Metaspace: 18834K(19008K)->18834K(19008K) NonClass: 17004K(17152K)->17004K(17152K) Class: 1829K(1856K)->1829K(1856K)
[501.179s][info][gc             ] GC(1535) Pause Full (Allocation Failure) 784M->675M(869M) 1084.330ms
[501.179s][info][gc,cpu         ] GC(1535) User=2.11s Sys=0.00s Real=1.08s
[501.321s][info][gc,start       ] GC(1536) Pause Full (Allocation Failure)
[501.321s][info][gc,phases,start] GC(1536) Marking Phase
[501.913s][info][gc,phases      ] GC(1536) Marking Phase 591.709ms
[501.913s][info][gc,phases,start] GC(1536) Summary Phase
[501.913s][info][gc,phases      ] GC(1536) Summary Phase 0.043ms
[501.913s][info][gc,phases,start] GC(1536) Forward
[501.927s][info][gc,phases      ] GC(1536) Forward 13.870ms
[501.927s][info][gc,phases,start] GC(1536) Adjust Pointers
[502.336s][info][gc,phases      ] GC(1536) Adjust Pointers 408.456ms
[502.336s][info][gc,phases,start] GC(1536) Compaction Phase
[502.484s][info][gc,phases      ] GC(1536) Compaction Phase 148.370ms
[502.484s][info][gc,phases,start] GC(1536) Post Compact
[502.486s][info][gc,phases      ] GC(1536) Post Compact 2.321ms
[502.487s][info][gc,heap        ] GC(1536) PSYoungGen: 111616K(222720K)->24347K(222720K) Eden: 111616K(111616K)->24347K(111616K) From: 0K(111104K)->0K(111104K)
[502.487s][info][gc,heap        ] GC(1536) ParOldGen: 667636K(667648K)->667614K(667648K)
[502.487s][info][gc,metaspace   ] GC(1536) Metaspace: 18834K(19008K)->18834K(19008K) NonClass: 17005K(17152K)->17005K(17152K) Class: 1829K(1856K)->1829K(1856K)
[502.487s][info][gc             ] GC(1536) Pause Full (Allocation Failure) 760M->675M(869M) 1165.326ms
[502.487s][info][gc,cpu         ] GC(1536) User=2.28s Sys=0.00s Real=1.17s
[502.594s][info][gc,start       ] GC(1537) Pause Full (Allocation Failure)
[502.594s][info][gc,phases,start] GC(1537) Marking Phase
[503.191s][info][gc,phases      ] GC(1537) Marking Phase 596.687ms
[503.191s][info][gc,phases,start] GC(1537) Summary Phase
[503.191s][info][gc,phases      ] GC(1537) Summary Phase 0.043ms
[503.191s][info][gc,phases,start] GC(1537) Forward
[503.205s][info][gc,phases      ] GC(1537) Forward 13.897ms
[503.205s][info][gc,phases,start] GC(1537) Adjust Pointers
[503.597s][info][gc,phases      ] GC(1537) Adjust Pointers 391.547ms
[503.597s][info][gc,phases,start] GC(1537) Compaction Phase
[503.746s][info][gc,phases      ] GC(1537) Compaction Phase 149.498ms
[503.746s][info][gc,phases,start] GC(1537) Post Compact
[503.749s][info][gc,phases      ] GC(1537) Post Compact 2.305ms
[503.749s][info][gc,heap        ] GC(1537) PSYoungGen: 111616K(222720K)->25203K(222720K) Eden: 111616K(111616K)->25203K(111616K) From: 0K(111104K)->0K(111104K)
[503.749s][info][gc,heap        ] GC(1537) ParOldGen: 667614K(667648K)->667612K(667648K)
[503.749s][info][gc,metaspace   ] GC(1537) Metaspace: 18835K(19008K)->18835K(19008K) NonClass: 17005K(17152K)->17005K(17152K) Class: 1829K(1856K)->1829K(1856K)
[503.749s][info][gc             ] GC(1537) Pause Full (Allocation Failure) 760M->676M(869M) 1154.505ms
[503.749s][info][gc,cpu         ] GC(1537) User=2.25s Sys=0.00s Real=1.15s
[503.831s][info][gc,start       ] GC(1538) Pause Full (Allocation Failure)
[503.831s][info][gc,phases,start] GC(1538) Marking Phase
[504.363s][info][gc,phases      ] GC(1538) Marking Phase 532.291ms
[504.363s][info][gc,phases,start] GC(1538) Summary Phase
[504.363s][info][gc,phases      ] GC(1538) Summary Phase 0.025ms
[504.363s][info][gc,phases,start] GC(1538) Forward
[504.375s][info][gc,phases      ] GC(1538) Forward 11.174ms
[504.375s][info][gc,phases,start] GC(1538) Adjust Pointers
[504.763s][info][gc,phases      ] GC(1538) Adjust Pointers 388.123ms
[504.763s][info][gc,phases,start] GC(1538) Compaction Phase
[504.909s][info][gc,phases      ] GC(1538) Compaction Phase 145.808ms
[504.909s][info][gc,phases,start] GC(1538) Post Compact
[504.911s][info][gc,phases      ] GC(1538) Post Compact 2.333ms
[504.911s][info][gc,heap        ] GC(1538) PSYoungGen: 111616K(222720K)->25954K(222720K) Eden: 111616K(111616K)->25954K(111616K) From: 0K(111104K)->0K(111104K)
[504.911s][info][gc,heap        ] GC(1538) ParOldGen: 667612K(667648K)->667612K(667648K)
[504.911s][info][gc,metaspace   ] GC(1538) Metaspace: 18835K(19008K)->18835K(19008K) NonClass: 17005K(17152K)->17005K(17152K) Class: 1829K(1856K)->1829K(1856K)
[504.911s][info][gc             ] GC(1538) Pause Full (Allocation Failure) 760M->677M(869M) 1080.250ms
[504.911s][info][gc,cpu         ] GC(1538) User=2.10s Sys=0.00s Real=1.08s
[504.984s][info][gc,start       ] GC(1539) Pause Full (Allocation Failure)
[504.984s][info][gc,phases,start] GC(1539) Marking Phase
[505.543s][info][gc,phases      ] GC(1539) Marking Phase 558.946ms
[505.543s][info][gc,phases,start] GC(1539) Summary Phase
[505.543s][info][gc,phases      ] GC(1539) Summary Phase 0.025ms
[505.543s][info][gc,phases,start] GC(1539) Forward
[505.555s][info][gc,phases      ] GC(1539) Forward 11.323ms
[505.555s][info][gc,phases,start] GC(1539) Adjust Pointers
[505.943s][info][gc,phases      ] GC(1539) Adjust Pointers 387.864ms
[505.943s][info][gc,phases,start] GC(1539) Compaction Phase
[506.090s][info][gc,phases      ] GC(1539) Compaction Phase 146.889ms
[506.090s][info][gc,phases,start] GC(1539) Post Compact
[506.092s][info][gc,phases      ] GC(1539) Post Compact 2.303ms
[506.092s][info][gc,heap        ] GC(1539) PSYoungGen: 111616K(222720K)->26786K(222720K) Eden: 111616K(111616K)->26786K(111616K) From: 0K(111104K)->0K(111104K)
[506.092s][info][gc,heap        ] GC(1539) ParOldGen: 667612K(667648K)->667612K(667648K)
[506.092s][info][gc,metaspace   ] GC(1539) Metaspace: 18835K(19008K)->18835K(19008K) NonClass: 17005K(17152K)->17005K(17152K) Class: 1829K(1856K)->1829K(1856K)
[506.092s][info][gc             ] GC(1539) Pause Full (Allocation Failure) 760M->678M(869M) 1107.832ms
[506.092s][info][gc,cpu         ] GC(1539) User=2.16s Sys=0.00s Real=1.11s
[506.238s][info][gc,start       ] GC(1540) Pause Full (Allocation Failure)
[506.238s][info][gc,phases,start] GC(1540) Marking Phase
[506.795s][info][gc,phases      ] GC(1540) Marking Phase 557.086ms
[506.795s][info][gc,phases,start] GC(1540) Summary Phase
[506.795s][info][gc,phases      ] GC(1540) Summary Phase 0.030ms
[506.795s][info][gc,phases,start] GC(1540) Forward
[506.930s][info][gc,phases      ] GC(1540) Forward 134.570ms
[506.930s][info][gc,phases,start] GC(1540) Adjust Pointers
[507.350s][info][gc,phases      ] GC(1540) Adjust Pointers 420.450ms
[507.350s][info][gc,phases,start] GC(1540) Compaction Phase
[507.565s][info][gc,phases      ] GC(1540) Compaction Phase 214.524ms
[507.582s][info][gc,phases,start] GC(1540) Post Compact
[507.584s][info][gc,phases      ] GC(1540) Post Compact 2.306ms
[507.584s][info][gc,heap        ] GC(1540) PSYoungGen: 111616K(222720K)->27883K(222720K) Eden: 111616K(111616K)->27883K(111616K) From: 0K(111104K)->0K(111104K)
[507.584s][info][gc,heap        ] GC(1540) ParOldGen: 667612K(667648K)->667608K(667648K)
[507.584s][info][gc,metaspace   ] GC(1540) Metaspace: 18839K(19008K)->18839K(19008K) NonClass: 17009K(17152K)->17009K(17152K) Class: 1829K(1856K)->1829K(1856K)
[507.584s][info][gc             ] GC(1540) Pause Full (Allocation Failure) 760M->679M(869M) 1346.283ms
[507.584s][info][gc,cpu         ] GC(1540) User=2.63s Sys=0.01s Real=1.35s
[507.723s][info][gc,start       ] GC(1541) Pause Full (Allocation Failure)
[507.723s][info][gc,phases,start] GC(1541) Marking Phase
[508.270s][info][gc,phases      ] GC(1541) Marking Phase 546.745ms
[508.270s][info][gc,phases,start] GC(1541) Summary Phase
[508.270s][info][gc,phases      ] GC(1541) Summary Phase 0.032ms
[508.270s][info][gc,phases,start] GC(1541) Forward
[508.407s][info][gc,phases      ] GC(1541) Forward 136.699ms
[508.407s][info][gc,phases,start] GC(1541) Adjust Pointers
[508.848s][info][gc,phases      ] GC(1541) Adjust Pointers 441.289ms
[508.849s][info][gc,phases,start] GC(1541) Compaction Phase
[509.057s][info][gc,phases      ] GC(1541) Compaction Phase 208.841ms
[509.074s][info][gc,phases,start] GC(1541) Post Compact
[509.076s][info][gc,phases      ] GC(1541) Post Compact 2.303ms
[509.077s][info][gc,heap        ] GC(1541) PSYoungGen: 111616K(222720K)->43568K(222720K) Eden: 111616K(111616K)->43568K(111616K) From: 0K(111104K)->0K(111104K)
[509.077s][info][gc,heap        ] GC(1541) ParOldGen: 667608K(667648K)->667532K(667648K)
[509.077s][info][gc,metaspace   ] GC(1541) Metaspace: 18839K(19008K)->18839K(19008K) NonClass: 17009K(17152K)->17009K(17152K) Class: 1829K(1856K)->1829K(1856K)
[509.077s][info][gc             ] GC(1541) Pause Full (Allocation Failure) 760M->694M(869M) 1353.154ms
[509.077s][info][gc,cpu         ] GC(1541) User=2.65s Sys=0.01s Real=1.35s
[509.216s][info][gc,start       ] GC(1542) Pause Full (Allocation Failure)
[509.217s][info][gc,phases,start] GC(1542) Marking Phase
[509.641s][info][gc,phases      ] GC(1542) Marking Phase 424.659ms
[509.641s][info][gc,phases,start] GC(1542) Summary Phase
[509.641s][info][gc,phases      ] GC(1542) Summary Phase 0.030ms
[509.641s][info][gc,phases,start] GC(1542) Forward
[509.768s][info][gc,phases      ] GC(1542) Forward 126.997ms
[509.768s][info][gc,phases,start] GC(1542) Adjust Pointers
[510.140s][info][gc,phases      ] GC(1542) Adjust Pointers 371.626ms
[510.140s][info][gc,phases,start] GC(1542) Compaction Phase
[510.372s][info][gc,phases      ] GC(1542) Compaction Phase 232.168ms
[510.385s][info][gc,phases,start] GC(1542) Post Compact
[510.388s][info][gc,phases      ] GC(1542) Post Compact 2.335ms
[510.388s][info][gc,heap        ] GC(1542) PSYoungGen: 111616K(222720K)->0K(222720K) Eden: 111616K(111616K)->0K(111616K) From: 0K(111104K)->0K(111104K)
[510.388s][info][gc,heap        ] GC(1542) ParOldGen: 667532K(667648K)->575036K(667648K)
[510.388s][info][gc,metaspace   ] GC(1542) Metaspace: 18839K(19008K)->18839K(19008K) NonClass: 17009K(17152K)->17009K(17152K) Class: 1829K(1856K)->1829K(1856K)
[510.388s][info][gc             ] GC(1542) Pause Full (Allocation Failure) 760M->561M(869M) 1171.125ms
[510.388s][info][gc,cpu         ] GC(1542) User=2.23s Sys=0.00s Real=1.17s
[510.518s][info][gc,start       ] GC(1543) Pause Young (Allocation Failure)
[510.542s][info][gc,heap        ] GC(1543) PSYoungGen: 111616K(222720K)->18816K(222720K) Eden: 111616K(111616K)->0K(111616K) From: 0K(111104K)->18816K(111104K)
[510.542s][info][gc,heap        ] GC(1543) ParOldGen: 575036K(667648K)->575036K(667648K)
[510.542s][info][gc,metaspace   ] GC(1543) Metaspace: 18839K(19008K)->18839K(19008K) NonClass: 17009K(17152K)->17009K(17152K) Class: 1829K(1856K)->1829K(1856K)
[510.542s][info][gc             ] GC(1543) Pause Young (Allocation Failure) 670M->579M(869M) 24.255ms
[510.542s][info][gc,cpu         ] GC(1543) User=0.05s Sys=0.00s Real=0.03s
[510.687s][info][gc,start       ] GC(1544) Pause Young (Allocation Failure)
[510.723s][info][gc,heap        ] GC(1544) PSYoungGen: 130432K(222720K)->12160K(221696K) Eden: 111616K(111616K)->0K(111616K) From: 18816K(111104K)->12160K(110080K)
[510.723s][info][gc,heap        ] GC(1544) ParOldGen: 575036K(667648K)->593892K(667648K)
[510.723s][info][gc,metaspace   ] GC(1544) Metaspace: 18839K(19008K)->18839K(19008K) NonClass: 17009K(17152K)->17009K(17152K) Class: 1829K(1856K)->1829K(1856K)
[510.723s][info][gc             ] GC(1544) Pause Young (Allocation Failure) 688M->591M(868M) 36.114ms
[510.723s][info][gc,cpu         ] GC(1544) User=0.07s Sys=0.00s Real=0.04s
[510.827s][info][gc,start       ] GC(1545) Pause Young (Allocation Failure)
[510.846s][info][gc,heap        ] GC(1545) PSYoungGen: 123776K(221696K)->14720K(126464K) Eden: 111616K(111616K)->0K(111616K) From: 12160K(110080K)->14720K(14848K)
[510.846s][info][gc,heap        ] GC(1545) ParOldGen: 593892K(667648K)->593892K(667648K)
[510.846s][info][gc,metaspace   ] GC(1545) Metaspace: 18839K(19008K)->18839K(19008K) NonClass: 17009K(17152K)->17009K(17152K) Class: 1829K(1856K)->1829K(1856K)
[510.846s][info][gc             ] GC(1545) Pause Young (Allocation Failure) 700M->594M(775M) 19.536ms
[510.846s][info][gc,cpu         ] GC(1545) User=0.03s Sys=0.00s Real=0.02s
[510.971s][info][gc,start       ] GC(1546) Pause Young (Allocation Failure)
[510.993s][info][gc,heap        ] GC(1546) PSYoungGen: 126336K(126464K)->15136K(215040K) Eden: 111616K(111616K)->0K(115712K) From: 14720K(14848K)->15136K(99328K)
[510.993s][info][gc,heap        ] GC(1546) ParOldGen: 593892K(667648K)->593892K(667648K)
[510.993s][info][gc,metaspace   ] GC(1546) Metaspace: 18839K(19008K)->18839K(19008K) NonClass: 17009K(17152K)->17009K(17152K) Class: 1829K(1856K)->1829K(1856K)
[510.993s][info][gc             ] GC(1546) Pause Young (Allocation Failure) 703M->594M(862M) 21.727ms
[510.993s][info][gc,cpu         ] GC(1546) User=0.04s Sys=0.00s Real=0.03s
[511.093s][info][gc,start       ] GC(1547) Pause Young (Allocation Failure)
[511.134s][info][gc,heap        ] GC(1547) PSYoungGen: 130848K(215040K)->37824K(217088K) Eden: 115712K(115712K)->0K(115712K) From: 15136K(99328K)->37824K(101376K)
[511.134s][info][gc,heap        ] GC(1547) ParOldGen: 593892K(667648K)->593892K(667648K)
[511.134s][info][gc,metaspace   ] GC(1547) Metaspace: 18841K(19008K)->18841K(19008K) NonClass: 17012K(17152K)->17012K(17152K) Class: 1829K(1856K)->1829K(1856K)
[511.134s][info][gc             ] GC(1547) Pause Young (Allocation Failure) 707M->616M(864M) 41.014ms
[511.134s][info][gc,cpu         ] GC(1547) User=0.08s Sys=0.00s Real=0.04s
[511.213s][info][gc,start       ] GC(1548) Pause Young (Allocation Failure)
[511.258s][info][gc,heap        ] GC(1548) PSYoungGen: 153536K(217088K)->40704K(212992K) Eden: 115712K(115712K)->0K(121344K) From: 37824K(101376K)->40704K(91648K)
[511.258s][info][gc,heap        ] GC(1548) ParOldGen: 593892K(667648K)->593892K(667648K)
[511.258s][info][gc,metaspace   ] GC(1548) Metaspace: 18841K(19008K)->18841K(19008K) NonClass: 17012K(17152K)->17012K(17152K) Class: 1829K(1856K)->1829K(1856K)
[511.258s][info][gc             ] GC(1548) Pause Young (Allocation Failure) 729M->619M(860M) 44.503ms
[511.258s][info][gc,cpu         ] GC(1548) User=0.09s Sys=0.00s Real=0.04s
[511.316s][info][gc,start       ] GC(1549) Pause Young (Allocation Failure)
[511.363s][info][gc,heap        ] GC(1549) PSYoungGen: 162048K(212992K)->40704K(215552K) Eden: 121344K(121344K)->0K(121344K) From: 40704K(91648K)->40704K(94208K)
[511.363s][info][gc,heap        ] GC(1549) ParOldGen: 593892K(667648K)->593892K(667648K)
[511.363s][info][gc,metaspace   ] GC(1549) Metaspace: 18841K(19008K)->18841K(19008K) NonClass: 17012K(17152K)->17012K(17152K) Class: 1829K(1856K)->1829K(1856K)
[511.363s][info][gc             ] GC(1549) Pause Young (Allocation Failure) 738M->619M(862M) 47.060ms
[511.363s][info][gc,cpu         ] GC(1549) User=0.09s Sys=0.01s Real=0.05s
[511.457s][info][gc,start       ] GC(1550) Pause Young (Allocation Failure)
[511.505s][info][gc,heap        ] GC(1550) PSYoungGen: 162048K(215552K)->43232K(216576K) Eden: 121344K(121344K)->0K(129024K) From: 40704K(94208K)->43232K(87552K)
[511.506s][info][gc,heap        ] GC(1550) ParOldGen: 593892K(667648K)->593892K(667648K)
[511.506s][info][gc,metaspace   ] GC(1550) Metaspace: 18841K(19008K)->18841K(19008K) NonClass: 17012K(17152K)->17012K(17152K) Class: 1829K(1856K)->1829K(1856K)
[511.506s][info][gc             ] GC(1550) Pause Young (Allocation Failure) 738M->622M(863M) 49.059ms
[511.506s][info][gc,cpu         ] GC(1550) User=0.10s Sys=0.00s Real=0.05s
[511.640s][info][gc,start       ] GC(1551) Pause Young (Allocation Failure)
[511.692s][info][gc,heap        ] GC(1551) PSYoungGen: 172256K(216576K)->47504K(218112K) Eden: 129024K(129024K)->0K(129024K) From: 43232K(87552K)->47504K(89088K)
[511.692s][info][gc,heap        ] GC(1551) ParOldGen: 593892K(667648K)->593892K(667648K)
[511.692s][info][gc,metaspace   ] GC(1551) Metaspace: 18841K(19008K)->18841K(19008K) NonClass: 17012K(17152K)->17012K(17152K) Class: 1829K(1856K)->1829K(1856K)
[511.692s][info][gc             ] GC(1551) Pause Young (Allocation Failure) 748M->626M(865M) 52.844ms
[511.692s][info][gc,cpu         ] GC(1551) User=0.10s Sys=0.00s Real=0.06s
[511.789s][info][gc,start       ] GC(1552) Pause Young (Allocation Failure)
[511.843s][info][gc,heap        ] GC(1552) PSYoungGen: 176528K(218112K)->48784K(225792K) Eden: 129024K(129024K)->0K(137216K) From: 47504K(89088K)->48784K(88576K)
[511.843s][info][gc,heap        ] GC(1552) ParOldGen: 593892K(667648K)->593892K(667648K)
[511.843s][info][gc,metaspace   ] GC(1552) Metaspace: 18842K(19008K)->18842K(19008K) NonClass: 17013K(17152K)->17013K(17152K) Class: 1829K(1856K)->1829K(1856K)
[511.843s][info][gc             ] GC(1552) Pause Young (Allocation Failure) 752M->627M(872M) 54.059ms
[511.843s][info][gc,cpu         ] GC(1552) User=0.11s Sys=0.00s Real=0.06s
[512.013s][info][gc,start       ] GC(1553) Pause Young (Allocation Failure)
[512.066s][info][gc,heap        ] GC(1553) PSYoungGen: 186000K(225792K)->48832K(225792K) Eden: 137216K(137216K)->0K(137216K) From: 48784K(88576K)->48832K(88576K)
[512.066s][info][gc,heap        ] GC(1553) ParOldGen: 593892K(667648K)->593892K(667648K)
[512.066s][info][gc,metaspace   ] GC(1553) Metaspace: 18842K(19008K)->18842K(19008K) NonClass: 17013K(17152K)->17013K(17152K) Class: 1829K(1856K)->1829K(1856K)
[512.066s][info][gc             ] GC(1553) Pause Young (Allocation Failure) 761M->627M(872M) 52.856ms
[512.066s][info][gc,cpu         ] GC(1553) User=0.10s Sys=0.00s Real=0.05s
[513.901s][info][gc,start       ] GC(1554) Pause Young (Allocation Failure)
[513.954s][info][gc,heap        ] GC(1554) PSYoungGen: 186048K(225792K)->49485K(228352K) Eden: 137216K(137216K)->0K(143872K) From: 48832K(88576K)->49485K(84480K)
[513.954s][info][gc,heap        ] GC(1554) ParOldGen: 593892K(667648K)->593892K(667648K)
[513.954s][info][gc,metaspace   ] GC(1554) Metaspace: 18842K(19008K)->18842K(19008K) NonClass: 17013K(17152K)->17013K(17152K) Class: 1829K(1856K)->1829K(1856K)
[513.954s][info][gc             ] GC(1554) Pause Young (Allocation Failure) 761M->628M(875M) 52.682ms
[513.954s][info][gc,cpu         ] GC(1554) User=0.11s Sys=0.00s Real=0.06s
[514.769s][info][gc,start       ] GC(1555) Pause Young (Allocation Failure)
[514.824s][info][gc,heap        ] GC(1555) PSYoungGen: 193357K(228352K)->49885K(230912K) Eden: 143872K(143872K)->0K(143872K) From: 49485K(84480K)->49885K(87040K)
[514.824s][info][gc,heap        ] GC(1555) ParOldGen: 593892K(667648K)->593892K(667648K)
[514.824s][info][gc,metaspace   ] GC(1555) Metaspace: 18842K(19008K)->18842K(19008K) NonClass: 17013K(17152K)->17013K(17152K) Class: 1829K(1856K)->1829K(1856K)
[514.824s][info][gc             ] GC(1555) Pause Young (Allocation Failure) 768M->628M(877M) 54.525ms
[514.824s][info][gc,cpu         ] GC(1555) User=0.11s Sys=0.00s Real=0.06s
[515.550s][info][gc,start       ] GC(1556) Pause Young (Allocation Failure)
[515.621s][info][gc,heap        ] GC(1556) PSYoungGen: 193524K(230912K)->51639K(233984K) Eden: 143639K(143872K)->0K(148992K) From: 49885K(87040K)->51639K(84992K)
[515.621s][info][gc,heap        ] GC(1556) ParOldGen: 593892K(667648K)->593892K(667648K)
[515.621s][info][gc,metaspace   ] GC(1556) Metaspace: 18848K(19008K)->18848K(19008K) NonClass: 17018K(17152K)->17018K(17152K) Class: 1829K(1856K)->1829K(1856K)
[515.621s][info][gc             ] GC(1556) Pause Young (Allocation Failure) 768M->630M(880M) 71.033ms
[515.621s][info][gc,cpu         ] GC(1556) User=0.14s Sys=0.00s Real=0.07s
[516.006s][info][gc,start       ] GC(1557) Pause Young (Allocation Failure)
[516.061s][info][gc,heap        ] GC(1557) PSYoungGen: 200613K(233984K)->51702K(235008K) Eden: 148973K(148992K)->0K(148992K) From: 51639K(84992K)->51702K(86016K)
[516.061s][info][gc,heap        ] GC(1557) ParOldGen: 593892K(667648K)->593892K(667648K)
[516.061s][info][gc,metaspace   ] GC(1557) Metaspace: 18848K(19008K)->18848K(19008K) NonClass: 17018K(17152K)->17018K(17152K) Class: 1829K(1856K)->1829K(1856K)
[516.061s][info][gc             ] GC(1557) Pause Young (Allocation Failure) 775M->630M(881M) 54.884ms
[516.061s][info][gc,cpu         ] GC(1557) User=0.11s Sys=0.00s Real=0.05s
[516.430s][info][gc,start       ] GC(1558) Pause Young (Allocation Failure)
[516.486s][info][gc,heap        ] GC(1558) PSYoungGen: 200694K(235008K)->51753K(237056K) Eden: 148992K(148992K)->0K(153600K) From: 51702K(86016K)->51753K(83456K)
[516.486s][info][gc,heap        ] GC(1558) ParOldGen: 593892K(667648K)->593892K(667648K)
[516.486s][info][gc,metaspace   ] GC(1558) Metaspace: 18848K(19008K)->18848K(19008K) NonClass: 17019K(17152K)->17019K(17152K) Class: 1829K(1856K)->1829K(1856K)
[516.486s][info][gc             ] GC(1558) Pause Young (Allocation Failure) 775M->630M(883M) 55.570ms
[516.486s][info][gc,cpu         ] GC(1558) User=0.11s Sys=0.00s Real=0.06s
[516.695s][info][gc,start       ] GC(1559) Pause Young (Allocation Failure)
[516.791s][info][gc,heap        ] GC(1559) PSYoungGen: 205353K(237056K)->84029K(238080K) Eden: 153600K(153600K)->0K(153600K) From: 51753K(83456K)->84029K(84480K)
[516.791s][info][gc,heap        ] GC(1559) ParOldGen: 593892K(667648K)->606028K(667648K)
[516.791s][info][gc,metaspace   ] GC(1559) Metaspace: 18852K(19008K)->18852K(19008K) NonClass: 17023K(17152K)->17023K(17152K) Class: 1829K(1856K)->1829K(1856K)
[516.791s][info][gc             ] GC(1559) Pause Young (Allocation Failure) 780M->673M(884M) 96.503ms
[516.791s][info][gc,cpu         ] GC(1559) User=0.19s Sys=0.00s Real=0.09s
[516.935s][info][gc,start       ] GC(1560) Pause Young (Allocation Failure)
[517.077s][info][gc,heap        ] GC(1560) PSYoungGen: 237629K(238080K)->95732K(207360K) Eden: 153600K(153600K)->0K(111616K) From: 84029K(84480K)->95732K(95744K)
[517.077s][info][gc,heap        ] GC(1560) ParOldGen: 606028K(667648K)->659252K(667648K)
[517.077s][info][gc,metaspace   ] GC(1560) Metaspace: 18856K(19008K)->18856K(19008K) NonClass: 17026K(17152K)->17026K(17152K) Class: 1829K(1856K)->1829K(1856K)
[517.077s][info][gc             ] GC(1560) Pause Young (Allocation Failure) 823M->737M(854M) 141.906ms
[517.077s][info][gc,cpu         ] GC(1560) User=0.27s Sys=0.02s Real=0.14s
[517.386s][info][gc,start       ] GC(1561) Pause Full (Allocation Failure)
[517.386s][info][gc,phases,start] GC(1561) Marking Phase
[517.493s][info][gc,phases      ] GC(1561) Marking Phase 107.088ms
[517.493s][info][gc,phases,start] GC(1561) Summary Phase
[517.493s][info][gc,phases      ] GC(1561) Summary Phase 0.032ms
[517.493s][info][gc,phases,start] GC(1561) Forward
[517.531s][info][gc,phases      ] GC(1561) Forward 37.492ms
[517.531s][info][gc,phases,start] GC(1561) Adjust Pointers
[517.599s][info][gc,phases      ] GC(1561) Adjust Pointers 68.203ms
[517.599s][info][gc,phases,start] GC(1561) Compaction Phase
[517.647s][info][gc,phases      ] GC(1561) Compaction Phase 47.619ms
[517.647s][info][gc,phases,start] GC(1561) Post Compact
[517.650s][info][gc,phases      ] GC(1561) Post Compact 2.528ms
[517.671s][info][gc,heap        ] GC(1561) PSYoungGen: 207348K(207360K)->0K(222720K) Eden: 111616K(111616K)->0K(111616K) From: 95732K(95744K)->0K(111104K)
[517.671s][info][gc,heap        ] GC(1561) ParOldGen: 659252K(667648K)->176599K(446464K)
[517.671s][info][gc,metaspace   ] GC(1561) Metaspace: 18856K(19008K)->18856K(19008K) NonClass: 17026K(17152K)->17026K(17152K) Class: 1829K(1856K)->1829K(1856K)
[517.671s][info][gc             ] GC(1561) Pause Full (Allocation Failure) 846M->172M(653M) 284.686ms
[517.671s][info][gc,cpu         ] GC(1561) User=0.47s Sys=0.02s Real=0.28s
[517.812s][info][gc,start       ] GC(1562) Pause Young (Allocation Failure)
[517.861s][info][gc,heap        ] GC(1562) PSYoungGen: 111616K(222720K)->41504K(222720K) Eden: 111616K(111616K)->0K(111616K) From: 0K(111104K)->41504K(111104K)
[517.861s][info][gc,heap        ] GC(1562) ParOldGen: 176599K(446464K)->176599K(446464K)
[517.861s][info][gc,metaspace   ] GC(1562) Metaspace: 18856K(19008K)->18856K(19008K) NonClass: 17026K(17152K)->17026K(17152K) Class: 1829K(1856K)->1829K(1856K)
[517.861s][info][gc             ] GC(1562) Pause Young (Allocation Failure) 281M->212M(653M) 49.132ms
[517.861s][info][gc,cpu         ] GC(1562) User=0.09s Sys=0.00s Real=0.05s
[518.053s][info][gc,start       ] GC(1563) Pause Young (Allocation Failure)
[518.149s][info][gc,heap        ] GC(1563) PSYoungGen: 153120K(222720K)->77379K(222720K) Eden: 111616K(111616K)->0K(111616K) From: 41504K(111104K)->77379K(111104K)
[518.149s][info][gc,heap        ] GC(1563) ParOldGen: 176599K(446464K)->176599K(446464K)
[518.149s][info][gc,metaspace   ] GC(1563) Metaspace: 18865K(19008K)->18865K(19008K) NonClass: 17036K(17152K)->17036K(17152K) Class: 1829K(1856K)->1829K(1856K)
[518.149s][info][gc             ] GC(1563) Pause Young (Allocation Failure) 321M->248M(653M) 96.103ms
[518.149s][info][gc,cpu         ] GC(1563) User=0.19s Sys=0.00s Real=0.09s
[518.248s][info][gc,start       ] GC(1564) Pause Young (Allocation Failure)
[518.356s][info][gc,heap        ] GC(1564) PSYoungGen: 188995K(222720K)->86025K(222720K) Eden: 111616K(111616K)->0K(111616K) From: 77379K(111104K)->86025K(111104K)
[518.356s][info][gc,heap        ] GC(1564) ParOldGen: 176599K(446464K)->176599K(446464K)
[518.356s][info][gc,metaspace   ] GC(1564) Metaspace: 18865K(19008K)->18865K(19008K) NonClass: 17036K(17152K)->17036K(17152K) Class: 1829K(1856K)->1829K(1856K)
[518.356s][info][gc             ] GC(1564) Pause Young (Allocation Failure) 357M->256M(653M) 108.117ms
[518.356s][info][gc,cpu         ] GC(1564) User=0.22s Sys=0.00s Real=0.11s
[518.449s][info][gc,start       ] GC(1565) Pause Young (Allocation Failure)
[518.561s][info][gc,heap        ] GC(1565) PSYoungGen: 197641K(222720K)->92835K(222720K) Eden: 111616K(111616K)->0K(111616K) From: 86025K(111104K)->92835K(111104K)
[518.561s][info][gc,heap        ] GC(1565) ParOldGen: 176599K(446464K)->176599K(446464K)
[518.561s][info][gc,metaspace   ] GC(1565) Metaspace: 18865K(19008K)->18865K(19008K) NonClass: 17036K(17152K)->17036K(17152K) Class: 1829K(1856K)->1829K(1856K)
[518.561s][info][gc             ] GC(1565) Pause Young (Allocation Failure) 365M->263M(653M) 112.116ms
[518.561s][info][gc,cpu         ] GC(1565) User=0.22s Sys=0.00s Real=0.11s
[518.653s][info][gc,start       ] GC(1566) Pause Young (Allocation Failure)
[518.770s][info][gc,heap        ] GC(1566) PSYoungGen: 204451K(222720K)->98467K(222720K) Eden: 111616K(111616K)->0K(111616K) From: 92835K(111104K)->98467K(111104K)
[518.770s][info][gc,heap        ] GC(1566) ParOldGen: 176599K(446464K)->176599K(446464K)
[518.770s][info][gc,metaspace   ] GC(1566) Metaspace: 18865K(19008K)->18865K(19008K) NonClass: 17036K(17152K)->17036K(17152K) Class: 1829K(1856K)->1829K(1856K)
[518.770s][info][gc             ] GC(1566) Pause Young (Allocation Failure) 372M->268M(653M) 117.509ms
[518.770s][info][gc,cpu         ] GC(1566) User=0.24s Sys=0.00s Real=0.11s
[518.870s][info][gc,start       ] GC(1567) Pause Young (Allocation Failure)
[518.994s][info][gc,heap        ] GC(1567) PSYoungGen: 210083K(222720K)->106169K(222720K) Eden: 111616K(111616K)->0K(111616K) From: 98467K(111104K)->106169K(111104K)
[518.994s][info][gc,heap        ] GC(1567) ParOldGen: 176599K(446464K)->176599K(446464K)
[518.994s][info][gc,metaspace   ] GC(1567) Metaspace: 18865K(19008K)->18865K(19008K) NonClass: 17036K(17152K)->17036K(17152K) Class: 1829K(1856K)->1829K(1856K)
[518.994s][info][gc             ] GC(1567) Pause Young (Allocation Failure) 377M->276M(653M) 123.829ms
[518.994s][info][gc,cpu         ] GC(1567) User=0.25s Sys=0.00s Real=0.13s
[519.101s][info][gc,start       ] GC(1568) Pause Young (Allocation Failure)
[519.226s][info][gc,heap        ] GC(1568) PSYoungGen: 217785K(222720K)->106419K(222720K) Eden: 111616K(111616K)->0K(111616K) From: 106169K(111104K)->106419K(111104K)
[519.226s][info][gc,heap        ] GC(1568) ParOldGen: 176599K(446464K)->176599K(446464K)
[519.226s][info][gc,metaspace   ] GC(1568) Metaspace: 18865K(19008K)->18865K(19008K) NonClass: 17036K(17152K)->17036K(17152K) Class: 1829K(1856K)->1829K(1856K)
[519.226s][info][gc             ] GC(1568) Pause Young (Allocation Failure) 385M->276M(653M) 125.063ms
[519.226s][info][gc,cpu         ] GC(1568) User=0.25s Sys=0.00s Real=0.13s
[519.319s][info][gc,start       ] GC(1569) Pause Young (Allocation Failure)
[519.444s][info][gc,heap        ] GC(1569) PSYoungGen: 218035K(222720K)->65001K(222720K) Eden: 111616K(111616K)->0K(111616K) From: 106419K(111104K)->65001K(111104K)
[519.444s][info][gc,heap        ] GC(1569) ParOldGen: 176599K(446464K)->218404K(446464K)
[519.444s][info][gc,metaspace   ] GC(1569) Metaspace: 18865K(19008K)->18865K(19008K) NonClass: 17036K(17152K)->17036K(17152K) Class: 1829K(1856K)->1829K(1856K)
[519.444s][info][gc             ] GC(1569) Pause Young (Allocation Failure) 385M->276M(653M) 124.898ms
[519.444s][info][gc,cpu         ] GC(1569) User=0.25s Sys=0.00s Real=0.13s
[519.550s][info][gc,start       ] GC(1570) Pause Young (Allocation Failure)
[519.638s][info][gc,heap        ] GC(1570) PSYoungGen: 176617K(222720K)->22688K(222720K) Eden: 111616K(111616K)->0K(111616K) From: 65001K(111104K)->22688K(111104K)
[519.638s][info][gc,heap        ] GC(1570) ParOldGen: 218404K(446464K)->263060K(446464K)
[519.638s][info][gc,metaspace   ] GC(1570) Metaspace: 18865K(19008K)->18865K(19008K) NonClass: 17036K(17152K)->17036K(17152K) Class: 1829K(1856K)->1829K(1856K)
[519.638s][info][gc             ] GC(1570) Pause Young (Allocation Failure) 385M->279M(653M) 88.079ms
[519.638s][info][gc,cpu         ] GC(1570) User=0.18s Sys=0.00s Real=0.09s
[519.732s][info][gc,start       ] GC(1571) Pause Young (Allocation Failure)
[519.778s][info][gc,heap        ] GC(1571) PSYoungGen: 134304K(222720K)->31968K(222720K) Eden: 111616K(111616K)->0K(111616K) From: 22688K(111104K)->31968K(111104K)
[519.778s][info][gc,heap        ] GC(1571) ParOldGen: 263060K(446464K)->275476K(446464K)
[519.778s][info][gc,metaspace   ] GC(1571) Metaspace: 18865K(19008K)->18865K(19008K) NonClass: 17036K(17152K)->17036K(17152K) Class: 1829K(1856K)->1829K(1856K)
[519.778s][info][gc             ] GC(1571) Pause Young (Allocation Failure) 388M->300M(653M) 46.436ms
[519.778s][info][gc,cpu         ] GC(1571) User=0.09s Sys=0.00s Real=0.05s
[519.848s][info][gc,start       ] GC(1572) Pause Young (Allocation Failure)
[519.909s][info][gc,heap        ] GC(1572) PSYoungGen: 143584K(222720K)->57264K(222720K) Eden: 111616K(111616K)->0K(111616K) From: 31968K(111104K)->57264K(111104K)
[519.910s][info][gc,heap        ] GC(1572) ParOldGen: 275476K(446464K)->283540K(446464K)
[519.910s][info][gc,metaspace   ] GC(1572) Metaspace: 18865K(19008K)->18865K(19008K) NonClass: 17036K(17152K)->17036K(17152K) Class: 1829K(1856K)->1829K(1856K)
[519.910s][info][gc             ] GC(1572) Pause Young (Allocation Failure) 409M->332M(653M) 61.856ms
[519.910s][info][gc,cpu         ] GC(1572) User=0.12s Sys=0.00s Real=0.06s
[520.036s][info][gc,start       ] GC(1573) Pause Young (Allocation Failure)
[520.107s][info][gc,heap        ] GC(1573) PSYoungGen: 168880K(222720K)->72803K(222720K) Eden: 111616K(111616K)->0K(111616K) From: 57264K(111104K)->72803K(111104K)
[520.107s][info][gc,heap        ] GC(1573) ParOldGen: 283540K(446464K)->285804K(446464K)
[520.107s][info][gc,metaspace   ] GC(1573) Metaspace: 18865K(19008K)->18865K(19008K) NonClass: 17036K(17152K)->17036K(17152K) Class: 1829K(1856K)->1829K(1856K)
[520.107s][info][gc             ] GC(1573) Pause Young (Allocation Failure) 441M->350M(653M) 71.107ms
[520.107s][info][gc,cpu         ] GC(1573) User=0.14s Sys=0.00s Real=0.07s
[520.188s][info][gc,start       ] GC(1574) Pause Young (Allocation Failure)
[520.262s][info][gc,heap        ] GC(1574) PSYoungGen: 184419K(222720K)->25347K(222720K) Eden: 111616K(111616K)->0K(111616K) From: 72803K(111104K)->25347K(111104K)
[520.262s][info][gc,heap        ] GC(1574) ParOldGen: 285804K(446464K)->341128K(446464K)
[520.262s][info][gc,metaspace   ] GC(1574) Metaspace: 18865K(19008K)->18865K(19008K) NonClass: 17036K(17152K)->17036K(17152K) Class: 1829K(1856K)->1829K(1856K)
[520.262s][info][gc             ] GC(1574) Pause Young (Allocation Failure) 459M->357M(653M) 74.697ms
[520.262s][info][gc,cpu         ] GC(1574) User=0.15s Sys=0.00s Real=0.08s
[520.372s][info][gc,start       ] GC(1575) Pause Young (Allocation Failure)
[520.408s][info][gc,heap        ] GC(1575) PSYoungGen: 136963K(222720K)->2720K(222720K) Eden: 111616K(111616K)->0K(111616K) From: 25347K(111104K)->2720K(111104K)
[520.408s][info][gc,heap        ] GC(1575) ParOldGen: 341128K(446464K)->366607K(446464K)
[520.408s][info][gc,metaspace   ] GC(1575) Metaspace: 18865K(19008K)->18865K(19008K) NonClass: 17036K(17152K)->17036K(17152K) Class: 1829K(1856K)->1829K(1856K)
[520.408s][info][gc             ] GC(1575) Pause Young (Allocation Failure) 466M->360M(653M) 35.869ms
[520.408s][info][gc,cpu         ] GC(1575) User=0.07s Sys=0.00s Real=0.04s
[520.541s][info][gc,start       ] GC(1576) Pause Young (Allocation Failure)
[520.549s][info][gc,heap        ] GC(1576) PSYoungGen: 114336K(222720K)->1856K(222720K) Eden: 111616K(111616K)->0K(111616K) From: 2720K(111104K)->1856K(111104K)
[520.549s][info][gc,heap        ] GC(1576) ParOldGen: 366607K(446464K)->369327K(446464K)
[520.549s][info][gc,metaspace   ] GC(1576) Metaspace: 18865K(19008K)->18865K(19008K) NonClass: 17036K(17152K)->17036K(17152K) Class: 1829K(1856K)->1829K(1856K)
[520.549s][info][gc             ] GC(1576) Pause Young (Allocation Failure) 469M->362M(653M) 7.773ms
[520.549s][info][gc,cpu         ] GC(1576) User=0.02s Sys=0.00s Real=0.01s
[520.857s][info][gc,start       ] GC(1577) Pause Young (Allocation Failure)
[520.863s][info][gc,heap        ] GC(1577) PSYoungGen: 113472K(222720K)->1248K(222720K) Eden: 111616K(111616K)->0K(111616K) From: 1856K(111104K)->1248K(111104K)
[520.863s][info][gc,heap        ] GC(1577) ParOldGen: 369327K(446464K)->371127K(446464K)
[520.863s][info][gc,metaspace   ] GC(1577) Metaspace: 18865K(19008K)->18865K(19008K) NonClass: 17036K(17152K)->17036K(17152K) Class: 1829K(1856K)->1829K(1856K)
[520.863s][info][gc             ] GC(1577) Pause Young (Allocation Failure) 471M->363M(653M) 6.127ms
[520.863s][info][gc,cpu         ] GC(1577) User=0.02s Sys=0.00s Real=0.01s
[521.115s][info][gc,start       ] GC(1578) Pause Young (Allocation Failure)
[521.120s][info][gc,heap        ] GC(1578) PSYoungGen: 112864K(222720K)->544K(222720K) Eden: 111616K(111616K)->0K(111616K) From: 1248K(111104K)->544K(111104K)
[521.120s][info][gc,heap        ] GC(1578) ParOldGen: 371127K(446464K)->372143K(446464K)
[521.120s][info][gc,metaspace   ] GC(1578) Metaspace: 18866K(19008K)->18866K(19008K) NonClass: 17036K(17152K)->17036K(17152K) Class: 1829K(1856K)->1829K(1856K)
[521.120s][info][gc             ] GC(1578) Pause Young (Allocation Failure) 472M->363M(653M) 4.447ms
[521.120s][info][gc,cpu         ] GC(1578) User=0.01s Sys=0.00s Real=0.00s
[521.247s][info][gc,start       ] GC(1579) Pause Young (Allocation Failure)
[521.292s][info][gc,heap        ] GC(1579) PSYoungGen: 112160K(222720K)->46672K(222720K) Eden: 111616K(111616K)->0K(111616K) From: 544K(111104K)->46672K(111104K)
[521.292s][info][gc,heap        ] GC(1579) ParOldGen: 372143K(446464K)->372660K(446464K)
[521.292s][info][gc,metaspace   ] GC(1579) Metaspace: 18867K(19008K)->18867K(19008K) NonClass: 17037K(17152K)->17037K(17152K) Class: 1829K(1856K)->1829K(1856K)
[521.292s][info][gc             ] GC(1579) Pause Young (Allocation Failure) 472M->409M(653M) 45.022ms
[521.292s][info][gc,cpu         ] GC(1579) User=0.09s Sys=0.00s Real=0.04s
[521.393s][info][gc,start       ] GC(1580) Pause Young (Allocation Failure)
[521.457s][info][gc,heap        ] GC(1580) PSYoungGen: 158288K(222720K)->24896K(222720K) Eden: 111616K(111616K)->0K(111616K) From: 46672K(111104K)->24896K(111104K)
[521.457s][info][gc,heap        ] GC(1580) ParOldGen: 372660K(446464K)->419532K(446464K)
[521.457s][info][gc,metaspace   ] GC(1580) Metaspace: 18868K(19008K)->18868K(19008K) NonClass: 17039K(17152K)->17039K(17152K) Class: 1829K(1856K)->1829K(1856K)
[521.458s][info][gc             ] GC(1580) Pause Young (Allocation Failure) 518M->434M(653M) 64.663ms
[521.458s][info][gc,cpu         ] GC(1580) User=0.13s Sys=0.00s Real=0.06s
[521.607s][info][gc,start       ] GC(1581) Pause Young (Allocation Failure)
[521.649s][info][gc,heap        ] GC(1581) PSYoungGen: 136512K(222720K)->15040K(222720K) Eden: 111616K(111616K)->0K(111616K) From: 24896K(111104K)->15040K(111104K)
[521.649s][info][gc,heap        ] GC(1581) ParOldGen: 419532K(446464K)->444572K(446464K)
[521.649s][info][gc,metaspace   ] GC(1581) Metaspace: 18868K(19008K)->18868K(19008K) NonClass: 17039K(17152K)->17039K(17152K) Class: 1829K(1856K)->1829K(1856K)
[521.649s][info][gc             ] GC(1581) Pause Young (Allocation Failure) 543M->448M(653M) 41.420ms
[521.649s][info][gc,cpu         ] GC(1581) User=0.08s Sys=0.00s Real=0.04s
[521.753s][info][gc,start       ] GC(1582) Pause Young (Allocation Failure)
[521.785s][info][gc,heap        ] GC(1582) PSYoungGen: 126656K(222720K)->1472K(222720K) Eden: 111616K(111616K)->0K(111616K) From: 15040K(111104K)->1472K(111104K)
[521.785s][info][gc,heap        ] GC(1582) ParOldGen: 444572K(446464K)->459620K(459776K)
[521.785s][info][gc,metaspace   ] GC(1582) Metaspace: 18868K(19008K)->18868K(19008K) NonClass: 17039K(17152K)->17039K(17152K) Class: 1829K(1856K)->1829K(1856K)
[521.786s][info][gc             ] GC(1582) Pause Young (Allocation Failure) 557M->450M(666M) 32.935ms
[521.786s][info][gc,cpu         ] GC(1582) User=0.05s Sys=0.01s Real=0.03s
[521.901s][info][gc,start       ] GC(1583) Pause Young (Allocation Failure)
[521.907s][info][gc,heap        ] GC(1583) PSYoungGen: 113088K(222720K)->672K(222720K) Eden: 111616K(111616K)->0K(111616K) From: 1472K(111104K)->672K(111104K)
[521.907s][info][gc,heap        ] GC(1583) ParOldGen: 459620K(459776K)->460876K(461312K)
[521.907s][info][gc,metaspace   ] GC(1583) Metaspace: 18868K(19008K)->18868K(19008K) NonClass: 17039K(17152K)->17039K(17152K) Class: 1829K(1856K)->1829K(1856K)
[521.907s][info][gc             ] GC(1583) Pause Young (Allocation Failure) 559M->450M(668M) 5.539ms
[521.907s][info][gc,cpu         ] GC(1583) User=0.01s Sys=0.00s Real=0.01s
[522.180s][info][gc,start       ] GC(1584) Pause Young (Allocation Failure)
[522.184s][info][gc,heap        ] GC(1584) PSYoungGen: 112288K(222720K)->928K(221696K) Eden: 111616K(111616K)->0K(111616K) From: 672K(111104K)->928K(110080K)
[522.184s][info][gc,heap        ] GC(1584) ParOldGen: 460876K(461312K)->461508K(461824K)
[522.184s][info][gc,metaspace   ] GC(1584) Metaspace: 18870K(19008K)->18870K(19008K) NonClass: 17040K(17152K)->17040K(17152K) Class: 1829K(1856K)->1829K(1856K)
[522.184s][info][gc             ] GC(1584) Pause Young (Allocation Failure) 559M->451M(667M) 4.653ms
[522.184s][info][gc,cpu         ] GC(1584) User=0.01s Sys=0.00s Real=0.01s
[522.381s][info][gc,start       ] GC(1585) Pause Young (Allocation Failure)
[522.408s][info][gc,heap        ] GC(1585) PSYoungGen: 112544K(221696K)->24448K(136192K) Eden: 111616K(111616K)->0K(111616K) From: 928K(110080K)->24448K(24576K)
[522.408s][info][gc,heap        ] GC(1585) ParOldGen: 461508K(461824K)->461508K(461824K)
[522.408s][info][gc,metaspace   ] GC(1585) Metaspace: 18874K(19008K)->18874K(19008K) NonClass: 17045K(17152K)->17045K(17152K) Class: 1829K(1856K)->1829K(1856K)
[522.408s][info][gc             ] GC(1585) Pause Young (Allocation Failure) 560M->474M(584M) 27.389ms
[522.408s][info][gc,cpu         ] GC(1585) User=0.05s Sys=0.01s Real=0.03s
[522.494s][info][gc,start       ] GC(1586) Pause Young (Allocation Failure)
[522.594s][info][gc,heap        ] GC(1586) PSYoungGen: 136064K(136192K)->101088K(207872K) Eden: 111616K(111616K)->0K(104960K) From: 24448K(24576K)->101088K(102912K)
[522.594s][info][gc,heap        ] GC(1586) ParOldGen: 461508K(461824K)->461508K(461824K)
[522.594s][info][gc,metaspace   ] GC(1586) Metaspace: 18874K(19008K)->18874K(19008K) NonClass: 17045K(17152K)->17045K(17152K) Class: 1829K(1856K)->1829K(1856K)
[522.594s][info][gc             ] GC(1586) Pause Young (Allocation Failure) 583M->549M(654M) 100.274ms
[522.594s][info][gc,cpu         ] GC(1586) User=0.20s Sys=0.00s Real=0.10s
[522.703s][info][gc,start       ] GC(1587) Pause Young (Allocation Failure)
[522.855s][info][gc,heap        ] GC(1587) PSYoungGen: 206048K(207872K)->111088K(216064K) Eden: 104960K(104960K)->0K(104960K) From: 101088K(102912K)->111088K(111104K)
[522.855s][info][gc,heap        ] GC(1587) ParOldGen: 461508K(461824K)->488804K(488960K)
[522.855s][info][gc,metaspace   ] GC(1587) Metaspace: 18874K(19008K)->18874K(19008K) NonClass: 17045K(17152K)->17045K(17152K) Class: 1829K(1856K)->1829K(1856K)
[522.855s][info][gc             ] GC(1587) Pause Young (Allocation Failure) 651M->585M(688M) 151.377ms
[522.855s][info][gc,cpu         ] GC(1587) User=0.28s Sys=0.01s Real=0.15s
[522.952s][info][gc,start       ] GC(1588) Pause Young (Allocation Failure)
[523.153s][info][gc,heap        ] GC(1588) PSYoungGen: 216048K(216064K)->34280K(222720K) Eden: 104960K(104960K)->0K(111616K) From: 111088K(111104K)->34280K(111104K)
[523.153s][info][gc,heap        ] GC(1588) ParOldGen: 488804K(488960K)->600244K(600576K)
[523.153s][info][gc,metaspace   ] GC(1588) Metaspace: 18879K(19008K)->18879K(19008K) NonClass: 17049K(17152K)->17049K(17152K) Class: 1829K(1856K)->1829K(1856K)
[523.153s][info][gc             ] GC(1588) Pause Young (Allocation Failure) 688M->619M(804M) 200.267ms
[523.153s][info][gc,cpu         ] GC(1588) User=0.32s Sys=0.08s Real=0.20s
[523.254s][info][gc,start       ] GC(1589) Pause Full (Allocation Failure)
[523.254s][info][gc,phases,start] GC(1589) Marking Phase
[523.322s][info][gc,phases      ] GC(1589) Marking Phase 67.089ms
[523.322s][info][gc,phases,start] GC(1589) Summary Phase
[523.322s][info][gc,phases      ] GC(1589) Summary Phase 0.032ms
[523.322s][info][gc,phases,start] GC(1589) Forward
[523.336s][info][gc,phases      ] GC(1589) Forward 14.239ms
[523.336s][info][gc,phases,start] GC(1589) Adjust Pointers
[523.381s][info][gc,phases      ] GC(1589) Adjust Pointers 44.669ms
[523.381s][info][gc,phases,start] GC(1589) Compaction Phase
[523.404s][info][gc,phases      ] GC(1589) Compaction Phase 23.743ms
[523.406s][info][gc,phases,start] GC(1589) Post Compact
[523.409s][info][gc,phases      ] GC(1589) Post Compact 2.178ms
[523.426s][info][gc,heap        ] GC(1589) PSYoungGen: 145896K(222720K)->0K(222720K) Eden: 111616K(111616K)->0K(111616K) From: 34280K(111104K)->0K(111104K)
[523.426s][info][gc,heap        ] GC(1589) ParOldGen: 600244K(600576K)->103528K(410112K)
[523.426s][info][gc,metaspace   ] GC(1589) Metaspace: 18879K(19008K)->18879K(19008K) NonClass: 17049K(17152K)->17049K(17152K) Class: 1829K(1856K)->1829K(1856K)
[523.426s][info][gc             ] GC(1589) Pause Full (Allocation Failure) 728M->101M(618M) 171.399ms
[523.426s][info][gc,cpu         ] GC(1589) User=0.28s Sys=0.01s Real=0.17s
[523.492s][info][gc,start       ] GC(1590) Pause Young (Allocation Failure)
[523.500s][info][gc,heap        ] GC(1590) PSYoungGen: 111616K(222720K)->7456K(222720K) Eden: 111616K(111616K)->0K(111616K) From: 0K(111104K)->7456K(111104K)
[523.500s][info][gc,heap        ] GC(1590) ParOldGen: 103528K(410112K)->103528K(410112K)
[523.500s][info][gc,metaspace   ] GC(1590) Metaspace: 18879K(19008K)->18879K(19008K) NonClass: 17049K(17152K)->17049K(17152K) Class: 1829K(1856K)->1829K(1856K)
[523.500s][info][gc             ] GC(1590) Pause Young (Allocation Failure) 210M->108M(618M) 8.368ms
[523.500s][info][gc,cpu         ] GC(1590) User=0.02s Sys=0.00s Real=0.00s
[523.573s][info][gc,start       ] GC(1591) Pause Young (Allocation Failure)
[523.585s][info][gc,heap        ] GC(1591) PSYoungGen: 119072K(222720K)->3232K(222720K) Eden: 111616K(111616K)->0K(111616K) From: 7456K(111104K)->3232K(111104K)
[523.585s][info][gc,heap        ] GC(1591) ParOldGen: 103528K(410112K)->110984K(410112K)
[523.585s][info][gc,metaspace   ] GC(1591) Metaspace: 18879K(19008K)->18879K(19008K) NonClass: 17049K(17152K)->17049K(17152K) Class: 1829K(1856K)->1829K(1856K)
[523.585s][info][gc             ] GC(1591) Pause Young (Allocation Failure) 217M->111M(618M) 11.206ms
[523.585s][info][gc,cpu         ] GC(1591) User=0.03s Sys=0.00s Real=0.01s
[523.641s][info][gc,start       ] GC(1592) Pause Young (Allocation Failure)
[523.670s][info][gc,heap        ] GC(1592) PSYoungGen: 114848K(222720K)->36000K(222720K) Eden: 111616K(111616K)->0K(111616K) From: 3232K(111104K)->36000K(111104K)
[523.670s][info][gc,heap        ] GC(1592) ParOldGen: 110984K(410112K)->114184K(410112K)
[523.670s][info][gc,metaspace   ] GC(1592) Metaspace: 18879K(19008K)->18879K(19008K) NonClass: 17049K(17152K)->17049K(17152K) Class: 1829K(1856K)->1829K(1856K)
[523.670s][info][gc             ] GC(1592) Pause Young (Allocation Failure) 220M->146M(618M) 29.518ms
[523.670s][info][gc,cpu         ] GC(1592) User=0.06s Sys=0.00s Real=0.03s
[523.717s][info][gc,start       ] GC(1593) Pause Young (Allocation Failure)
[523.763s][info][gc,heap        ] GC(1593) PSYoungGen: 147616K(222720K)->30528K(222720K) Eden: 111616K(111616K)->0K(111616K) From: 36000K(111104K)->30528K(111104K)
[523.763s][info][gc,heap        ] GC(1593) ParOldGen: 114184K(410112K)->150680K(410112K)
[523.763s][info][gc,metaspace   ] GC(1593) Metaspace: 18879K(19008K)->18879K(19008K) NonClass: 17049K(17152K)->17049K(17152K) Class: 1829K(1856K)->1829K(1856K)
[523.763s][info][gc             ] GC(1593) Pause Young (Allocation Failure) 255M->176M(618M) 46.682ms
[523.763s][info][gc,cpu         ] GC(1593) User=0.09s Sys=0.00s Real=0.05s
[523.947s][info][gc,start       ] GC(1594) Pause Young (Allocation Failure)
[523.975s][info][gc,heap        ] GC(1594) PSYoungGen: 142144K(222720K)->4928K(222720K) Eden: 111616K(111616K)->0K(111616K) From: 30528K(111104K)->4928K(111104K)
[523.975s][info][gc,heap        ] GC(1594) ParOldGen: 150680K(410112K)->181536K(410112K)
[523.975s][info][gc,metaspace   ] GC(1594) Metaspace: 18880K(19008K)->18880K(19008K) NonClass: 17050K(17152K)->17050K(17152K) Class: 1829K(1856K)->1829K(1856K)
[523.975s][info][gc             ] GC(1594) Pause Young (Allocation Failure) 285M->182M(618M) 27.371ms
[523.975s][info][gc,cpu         ] GC(1594) User=0.06s Sys=0.00s Real=0.03s
[524.103s][info][gc,start       ] GC(1595) Pause Young (Allocation Failure)
[524.122s][info][gc,heap        ] GC(1595) PSYoungGen: 116544K(222720K)->2209K(222720K) Eden: 111616K(111616K)->0K(111616K) From: 4928K(111104K)->2209K(111104K)
[524.122s][info][gc,heap        ] GC(1595) ParOldGen: 181536K(410112K)->186456K(410112K)
[524.122s][info][gc,metaspace   ] GC(1595) Metaspace: 18880K(19008K)->18880K(19008K) NonClass: 17050K(17152K)->17050K(17152K) Class: 1829K(1856K)->1829K(1856K)
[524.122s][info][gc             ] GC(1595) Pause Young (Allocation Failure) 291M->184M(618M) 18.714ms
[524.122s][info][gc,cpu         ] GC(1595) User=0.04s Sys=0.01s Real=0.02s
[524.268s][info][gc,start       ] GC(1596) Pause Young (Allocation Failure)
[524.318s][info][gc,heap        ] GC(1596) PSYoungGen: 113825K(222720K)->35360K(212480K) Eden: 111616K(111616K)->0K(111616K) From: 2209K(111104K)->35360K(100864K)
[524.318s][info][gc,heap        ] GC(1596) ParOldGen: 186456K(410112K)->188581K(410112K)
[524.318s][info][gc,metaspace   ] GC(1596) Metaspace: 18880K(19008K)->18880K(19008K) NonClass: 17050K(17152K)->17050K(17152K) Class: 1829K(1856K)->1829K(1856K)
[524.318s][info][gc             ] GC(1596) Pause Young (Allocation Failure) 293M->218M(608M) 50.217ms
[524.318s][info][gc,cpu         ] GC(1596) User=0.10s Sys=0.00s Real=0.05s
[524.389s][info][gc,start       ] GC(1597) Pause Young (Allocation Failure)
[524.485s][info][gc,heap        ] GC(1597) PSYoungGen: 146976K(212480K)->90368K(217600K) Eden: 111616K(111616K)->0K(111616K) From: 35360K(100864K)->90368K(105984K)
[524.485s][info][gc,heap        ] GC(1597) ParOldGen: 188581K(410112K)->188581K(410112K)
[524.485s][info][gc,metaspace   ] GC(1597) Metaspace: 18880K(19008K)->18880K(19008K) NonClass: 17050K(17152K)->17050K(17152K) Class: 1829K(1856K)->1829K(1856K)
[524.485s][info][gc             ] GC(1597) Pause Young (Allocation Failure) 327M->272M(613M) 95.942ms
[524.485s][info][gc,cpu         ] GC(1597) User=0.19s Sys=0.00s Real=0.10s
[524.546s][info][gc,start       ] GC(1598) Pause Young (Allocation Failure)
[524.672s][info][gc,heap        ] GC(1598) PSYoungGen: 201984K(217600K)->34544K(222720K) Eden: 111616K(111616K)->0K(111616K) From: 90368K(105984K)->34544K(111104K)
[524.673s][info][gc,heap        ] GC(1598) ParOldGen: 188581K(410112K)->279189K(410112K)
[524.673s][info][gc,metaspace   ] GC(1598) Metaspace: 18880K(19008K)->18880K(19008K) NonClass: 17051K(17152K)->17051K(17152K) Class: 1829K(1856K)->1829K(1856K)
[524.673s][info][gc             ] GC(1598) Pause Young (Allocation Failure) 381M->306M(618M) 126.825ms
[524.673s][info][gc,cpu         ] GC(1598) User=0.25s Sys=0.00s Real=0.13s
[524.726s][info][gc,start       ] GC(1599) Pause Young (Allocation Failure)
[524.786s][info][gc,heap        ] GC(1599) PSYoungGen: 146160K(222720K)->41888K(153600K) Eden: 111616K(111616K)->0K(111616K) From: 34544K(111104K)->41888K(41984K)
[524.786s][info][gc,heap        ] GC(1599) ParOldGen: 279189K(410112K)->314150K(410112K)
[524.786s][info][gc,metaspace   ] GC(1599) Metaspace: 18880K(19008K)->18880K(19008K) NonClass: 17051K(17152K)->17051K(17152K) Class: 1829K(1856K)->1829K(1856K)
[524.786s][info][gc             ] GC(1599) Pause Young (Allocation Failure) 415M->347M(550M) 59.898ms
[524.786s][info][gc,cpu         ] GC(1599) User=0.12s Sys=0.00s Real=0.06s
[524.875s][info][gc,start       ] GC(1600) Pause Young (Allocation Failure)
[524.914s][info][gc,heap        ] GC(1600) PSYoungGen: 153504K(153600K)->52320K(219648K) Eden: 111616K(111616K)->0K(112640K) From: 41888K(41984K)->52320K(107008K)
[524.914s][info][gc,heap        ] GC(1600) ParOldGen: 314150K(410112K)->314150K(410112K)
[524.914s][info][gc,metaspace   ] GC(1600) Metaspace: 18880K(19008K)->18880K(19008K) NonClass: 17051K(17152K)->17051K(17152K) Class: 1829K(1856K)->1829K(1856K)
[524.914s][info][gc             ] GC(1600) Pause Young (Allocation Failure) 456M->357M(615M) 39.176ms
[524.914s][info][gc,cpu         ] GC(1600) User=0.08s Sys=0.00s Real=0.04s
[525.038s][info][gc,start       ] GC(1601) Pause Young (Allocation Failure)
[525.086s][info][gc,heap        ] GC(1601) PSYoungGen: 164960K(219648K)->54208K(218624K) Eden: 112640K(112640K)->0K(112640K) From: 52320K(107008K)->54208K(105984K)
[525.086s][info][gc,heap        ] GC(1601) ParOldGen: 314150K(410112K)->314150K(410112K)
[525.086s][info][gc,metaspace   ] GC(1601) Metaspace: 18880K(19008K)->18880K(19008K) NonClass: 17051K(17152K)->17051K(17152K) Class: 1829K(1856K)->1829K(1856K)
[525.086s][info][gc             ] GC(1601) Pause Young (Allocation Failure) 467M->359M(614M) 48.301ms
[525.086s][info][gc,cpu         ] GC(1601) User=0.09s Sys=0.00s Real=0.05s
[525.154s][info][gc,start       ] GC(1602) Pause Young (Allocation Failure)
[525.202s][info][gc,heap        ] GC(1602) PSYoungGen: 166848K(218624K)->55840K(226304K) Eden: 112640K(112640K)->0K(121344K) From: 54208K(105984K)->55840K(104960K)
[525.202s][info][gc,heap        ] GC(1602) ParOldGen: 314150K(410112K)->314150K(410112K)
[525.202s][info][gc,metaspace   ] GC(1602) Metaspace: 18880K(19008K)->18880K(19008K) NonClass: 17051K(17152K)->17051K(17152K) Class: 1829K(1856K)->1829K(1856K)
[525.202s][info][gc             ] GC(1602) Pause Young (Allocation Failure) 469M->361M(621M) 47.502ms
[525.202s][info][gc,cpu         ] GC(1602) User=0.09s Sys=0.00s Real=0.04s
[525.321s][info][gc,start       ] GC(1603) Pause Young (Allocation Failure)
[525.394s][info][gc,heap        ] GC(1603) PSYoungGen: 177184K(226304K)->72481K(194048K) Eden: 121344K(121344K)->0K(121344K) From: 55840K(104960K)->72481K(72704K)
[525.394s][info][gc,heap        ] GC(1603) ParOldGen: 314150K(410112K)->314150K(410112K)
[525.394s][info][gc,metaspace   ] GC(1603) Metaspace: 18880K(19008K)->18880K(19008K) NonClass: 17051K(17152K)->17051K(17152K) Class: 1829K(1856K)->1829K(1856K)
[525.394s][info][gc             ] GC(1603) Pause Young (Allocation Failure) 479M->377M(590M) 73.705ms
[525.394s][info][gc,cpu         ] GC(1603) User=0.14s Sys=0.00s Real=0.08s
[525.517s][info][gc,start       ] GC(1604) Pause Young (Allocation Failure)
[525.615s][info][gc,heap        ] GC(1604) PSYoungGen: 193825K(194048K)->95969K(221184K) Eden: 121344K(121344K)->0K(111616K) From: 72481K(72704K)->95969K(109568K)
[525.615s][info][gc,heap        ] GC(1604) ParOldGen: 314150K(410112K)->314150K(410112K)
[525.615s][info][gc,metaspace   ] GC(1604) Metaspace: 18880K(19008K)->18880K(19008K) NonClass: 17051K(17152K)->17051K(17152K) Class: 1829K(1856K)->1829K(1856K)
[525.616s][info][gc             ] GC(1604) Pause Young (Allocation Failure) 496M->400M(616M) 98.093ms
[525.616s][info][gc,cpu         ] GC(1604) User=0.19s Sys=0.00s Real=0.10s
[525.710s][info][gc,start       ] GC(1605) Pause Young (Allocation Failure)
[525.830s][info][gc,heap        ] GC(1605) PSYoungGen: 207585K(221184K)->62721K(222720K) Eden: 111616K(111616K)->0K(111616K) From: 95969K(109568K)->62721K(111104K)
[525.830s][info][gc,heap        ] GC(1605) ParOldGen: 314150K(410112K)->366990K(410112K)
[525.830s][info][gc,metaspace   ] GC(1605) Metaspace: 18880K(19008K)->18880K(19008K) NonClass: 17051K(17152K)->17051K(17152K) Class: 1829K(1856K)->1829K(1856K)
[525.830s][info][gc             ] GC(1605) Pause Young (Allocation Failure) 509M->419M(618M) 120.222ms
[525.830s][info][gc,cpu         ] GC(1605) User=0.24s Sys=0.00s Real=0.12s
[525.951s][info][gc,start       ] GC(1606) Pause Young (Allocation Failure)
[526.051s][info][gc,heap        ] GC(1606) PSYoungGen: 174337K(222720K)->78305K(222720K) Eden: 111616K(111616K)->0K(111616K) From: 62721K(111104K)->78305K(111104K)
[526.051s][info][gc,heap        ] GC(1606) ParOldGen: 366990K(410112K)->370542K(410112K)
[526.051s][info][gc,metaspace   ] GC(1606) Metaspace: 18880K(19008K)->18880K(19008K) NonClass: 17051K(17152K)->17051K(17152K) Class: 1829K(1856K)->1829K(1856K)
[526.051s][info][gc             ] GC(1606) Pause Young (Allocation Failure) 528M->438M(618M) 99.512ms
[526.051s][info][gc,cpu         ] GC(1606) User=0.20s Sys=0.00s Real=0.10s
[526.161s][info][gc,start       ] GC(1607) Pause Young (Allocation Failure)
[526.258s][info][gc,heap        ] GC(1607) PSYoungGen: 189921K(222720K)->39872K(222720K) Eden: 111616K(111616K)->0K(111616K) From: 78305K(111104K)->39872K(111104K)
[526.258s][info][gc,heap        ] GC(1607) ParOldGen: 370542K(410112K)->410796K(411136K)
[526.258s][info][gc,metaspace   ] GC(1607) Metaspace: 18880K(19008K)->18880K(19008K) NonClass: 17051K(17152K)->17051K(17152K) Class: 1829K(1856K)->1829K(1856K)
[526.258s][info][gc             ] GC(1607) Pause Young (Allocation Failure) 547M->440M(619M) 96.711ms
[526.258s][info][gc,cpu         ] GC(1607) User=0.20s Sys=0.00s Real=0.10s
[526.410s][info][gc,start       ] GC(1608) Pause Young (Allocation Failure)
[526.477s][info][gc,heap        ] GC(1608) PSYoungGen: 151488K(222720K)->2304K(222720K) Eden: 111616K(111616K)->0K(111616K) From: 39872K(111104K)->2304K(111104K)
[526.478s][info][gc,heap        ] GC(1608) ParOldGen: 410796K(411136K)->449042K(449536K)
[526.478s][info][gc,metaspace   ] GC(1608) Metaspace: 18880K(19008K)->18880K(19008K) NonClass: 17051K(17152K)->17051K(17152K) Class: 1829K(1856K)->1829K(1856K)
[526.478s][info][gc             ] GC(1608) Pause Young (Allocation Failure) 549M->440M(656M) 67.302ms
[526.478s][info][gc,cpu         ] GC(1608) User=0.10s Sys=0.03s Real=0.07s
[526.612s][info][gc,start       ] GC(1609) Pause Young (Allocation Failure)
[526.624s][info][gc,heap        ] GC(1609) PSYoungGen: 113920K(222720K)->3456K(222720K) Eden: 111616K(111616K)->0K(111616K) From: 2304K(111104K)->3456K(111104K)
[526.624s][info][gc,heap        ] GC(1609) ParOldGen: 449042K(449536K)->451298K(451584K)
[526.624s][info][gc,metaspace   ] GC(1609) Metaspace: 18880K(19008K)->18880K(19008K) NonClass: 17051K(17152K)->17051K(17152K) Class: 1829K(1856K)->1829K(1856K)
[526.624s][info][gc             ] GC(1609) Pause Young (Allocation Failure) 549M->444M(658M) 11.515ms
[526.624s][info][gc,cpu         ] GC(1609) User=0.02s Sys=0.01s Real=0.01s
[526.791s][info][gc,start       ] GC(1610) Pause Young (Allocation Failure)
[526.811s][info][gc,heap        ] GC(1610) PSYoungGen: 115072K(222720K)->11616K(222720K) Eden: 111616K(111616K)->0K(111616K) From: 3456K(111104K)->11616K(111104K)
[526.811s][info][gc,heap        ] GC(1610) ParOldGen: 451298K(451584K)->454698K(455168K)
[526.811s][info][gc,metaspace   ] GC(1610) Metaspace: 18880K(19008K)->18880K(19008K) NonClass: 17051K(17152K)->17051K(17152K) Class: 1829K(1856K)->1829K(1856K)
[526.811s][info][gc             ] GC(1610) Pause Young (Allocation Failure) 553M->455M(662M) 20.586ms
[526.811s][info][gc,cpu         ] GC(1610) User=0.03s Sys=0.00s Real=0.02s
[527.002s][info][gc,start       ] GC(1611) Pause Young (Allocation Failure)
[527.036s][info][gc,heap        ] GC(1611) PSYoungGen: 123232K(222720K)->11328K(222720K) Eden: 111616K(111616K)->0K(111616K) From: 11616K(111104K)->11328K(111104K)
[527.036s][info][gc,heap        ] GC(1611) ParOldGen: 454698K(455168K)->466359K(466432K)
[527.036s][info][gc,metaspace   ] GC(1611) Metaspace: 18880K(19008K)->18880K(19008K) NonClass: 17051K(17152K)->17051K(17152K) Class: 1829K(1856K)->1829K(1856K)
[527.036s][info][gc             ] GC(1611) Pause Young (Allocation Failure) 564M->466M(673M) 34.008ms
[527.036s][info][gc,cpu         ] GC(1611) User=0.06s Sys=0.01s Real=0.03s
[527.389s][info][gc,start       ] GC(1612) Pause Young (Allocation Failure)
[527.410s][info][gc,heap        ] GC(1612) PSYoungGen: 122944K(222720K)->128K(222720K) Eden: 111616K(111616K)->0K(111616K) From: 11328K(111104K)->128K(111104K)
[527.410s][info][gc,heap        ] GC(1612) ParOldGen: 466359K(466432K)->477703K(478208K)
[527.410s][info][gc,metaspace   ] GC(1612) Metaspace: 18880K(19008K)->18880K(19008K) NonClass: 17051K(17152K)->17051K(17152K) Class: 1829K(1856K)->1829K(1856K)
[527.410s][info][gc             ] GC(1612) Pause Young (Allocation Failure) 575M->466M(684M) 20.965ms
[527.410s][info][gc,cpu         ] GC(1612) User=0.03s Sys=0.01s Real=0.02s
[527.705s][info][gc,start       ] GC(1613) Pause Young (Allocation Failure)
[527.707s][info][gc,heap        ] GC(1613) PSYoungGen: 111744K(222720K)->128K(222720K) Eden: 111616K(111616K)->0K(111616K) From: 128K(111104K)->128K(111104K)
[527.707s][info][gc,heap        ] GC(1613) ParOldGen: 477703K(478208K)->477751K(478208K)
[527.707s][info][gc,metaspace   ] GC(1613) Metaspace: 18880K(19008K)->18880K(19008K) NonClass: 17051K(17152K)->17051K(17152K) Class: 1829K(1856K)->1829K(1856K)
[527.707s][info][gc             ] GC(1613) Pause Young (Allocation Failure) 575M->466M(684M) 2.178ms
[527.707s][info][gc,cpu         ] GC(1613) User=0.00s Sys=0.00s Real=0.00s
[527.975s][info][gc,start       ] GC(1614) Pause Young (Allocation Failure)
[527.978s][info][gc,heap        ] GC(1614) PSYoungGen: 111744K(222720K)->128K(216576K) Eden: 111616K(111616K)->0K(111616K) From: 128K(111104K)->128K(104960K)
[527.978s][info][gc,heap        ] GC(1614) ParOldGen: 477751K(478208K)->477751K(478208K)
[527.978s][info][gc,metaspace   ] GC(1614) Metaspace: 18880K(19008K)->18880K(19008K) NonClass: 17051K(17152K)->17051K(17152K) Class: 1829K(1856K)->1829K(1856K)
[527.978s][info][gc             ] GC(1614) Pause Young (Allocation Failure) 575M->466M(678M) 2.457ms
[527.978s][info][gc,cpu         ] GC(1614) User=0.01s Sys=0.00s Real=0.00s
[528.266s][info][gc,start       ] GC(1615) Pause Young (Allocation Failure)
[528.277s][info][gc,heap        ] GC(1615) PSYoungGen: 111744K(216576K)->192K(219648K) Eden: 111616K(111616K)->0K(111616K) From: 128K(104960K)->192K(108032K)
[528.277s][info][gc,heap        ] GC(1615) ParOldGen: 477751K(478208K)->477751K(478208K)
[528.277s][info][gc,metaspace   ] GC(1615) Metaspace: 18880K(19008K)->18880K(19008K) NonClass: 17051K(17152K)->17051K(17152K) Class: 1829K(1856K)->1829K(1856K)
[528.277s][info][gc             ] GC(1615) Pause Young (Allocation Failure) 575M->466M(681M) 11.009ms
[528.277s][info][gc,cpu         ] GC(1615) User=0.02s Sys=0.00s Real=0.01s
[528.456s][info][gc,start       ] GC(1616) Pause Young (Allocation Failure)
[528.473s][info][gc,heap        ] GC(1616) PSYoungGen: 111808K(219648K)->17878K(205312K) Eden: 111616K(111616K)->0K(115200K) From: 192K(108032K)->17878K(90112K)
[528.473s][info][gc,heap        ] GC(1616) ParOldGen: 477751K(478208K)->477751K(478208K)
[528.473s][info][gc,metaspace   ] GC(1616) Metaspace: 18880K(19008K)->18880K(19008K) NonClass: 17051K(17152K)->17051K(17152K) Class: 1829K(1856K)->1829K(1856K)
[528.473s][info][gc             ] GC(1616) Pause Young (Allocation Failure) 575M->484M(667M) 16.954ms
[528.473s][info][gc,cpu         ] GC(1616) User=0.03s Sys=0.00s Real=0.02s
[528.537s][info][gc,start       ] GC(1617) Pause Young (Allocation Failure)
[528.582s][info][gc,heap        ] GC(1617) PSYoungGen: 133078K(205312K)->58726K(212992K) Eden: 115200K(115200K)->0K(115200K) From: 17878K(90112K)->58726K(97792K)
[528.582s][info][gc,heap        ] GC(1617) ParOldGen: 477751K(478208K)->477751K(478208K)
[528.582s][info][gc,metaspace   ] GC(1617) Metaspace: 18880K(19008K)->18880K(19008K) NonClass: 17051K(17152K)->17051K(17152K) Class: 1829K(1856K)->1829K(1856K)
[528.582s][info][gc             ] GC(1617) Pause Young (Allocation Failure) 596M->523M(675M) 44.580ms
[528.582s][info][gc,cpu         ] GC(1617) User=0.09s Sys=0.00s Real=0.04s
[528.773s][info][gc,start       ] GC(1618) Pause Young (Allocation Failure)
[528.839s][info][gc,heap        ] GC(1618) PSYoungGen: 173926K(212992K)->79510K(215040K) Eden: 115200K(115200K)->0K(111616K) From: 58726K(97792K)->79510K(103424K)
[528.839s][info][gc,heap        ] GC(1618) ParOldGen: 477751K(478208K)->477751K(478208K)
[528.839s][info][gc,metaspace   ] GC(1618) Metaspace: 18880K(19008K)->18880K(19008K) NonClass: 17051K(17152K)->17051K(17152K) Class: 1829K(1856K)->1829K(1856K)
[528.839s][info][gc             ] GC(1618) Pause Young (Allocation Failure) 636M->544M(677M) 66.530ms
[528.839s][info][gc,cpu         ] GC(1618) User=0.12s Sys=0.00s Real=0.06s
[528.942s][info][gc,start       ] GC(1619) Pause Young (Allocation Failure)
[528.998s][info][gc,heap        ] GC(1619) PSYoungGen: 191126K(215040K)->81750K(222720K) Eden: 111616K(111616K)->0K(111616K) From: 79510K(103424K)->81750K(111104K)
[528.998s][info][gc,heap        ] GC(1619) ParOldGen: 477751K(478208K)->477863K(478208K)
[528.998s][info][gc,metaspace   ] GC(1619) Metaspace: 18880K(19008K)->18880K(19008K) NonClass: 17051K(17152K)->17051K(17152K) Class: 1829K(1856K)->1829K(1856K)
[528.998s][info][gc             ] GC(1619) Pause Young (Allocation Failure) 653M->546M(684M) 55.569ms
[528.998s][info][gc,cpu         ] GC(1619) User=0.11s Sys=0.00s Real=0.05s
[529.170s][info][gc,start       ] GC(1620) Pause Young (Allocation Failure)
[529.274s][info][gc,heap        ] GC(1620) PSYoungGen: 193366K(222720K)->88044K(222720K) Eden: 111616K(111616K)->0K(111616K) From: 81750K(111104K)->88044K(111104K)
[529.274s][info][gc,heap        ] GC(1620) ParOldGen: 477863K(478208K)->495785K(496128K)
[529.274s][info][gc,metaspace   ] GC(1620) Metaspace: 18882K(19008K)->18882K(19008K) NonClass: 17053K(17152K)->17053K(17152K) Class: 1829K(1856K)->1829K(1856K)
[529.274s][info][gc             ] GC(1620) Pause Young (Allocation Failure) 655M->570M(702M) 104.243ms
[529.274s][info][gc,cpu         ] GC(1620) User=0.19s Sys=0.01s Real=0.11s
[529.391s][info][gc,start       ] GC(1621) Pause Young (Allocation Failure)
[529.530s][info][gc,heap        ] GC(1621) PSYoungGen: 199660K(222720K)->47836K(222720K) Eden: 111616K(111616K)->0K(111616K) From: 88044K(111104K)->47836K(111104K)
[529.530s][info][gc,heap        ] GC(1621) ParOldGen: 495785K(496128K)->558153K(558592K)
[529.530s][info][gc,metaspace   ] GC(1621) Metaspace: 18882K(19008K)->18882K(19008K) NonClass: 17053K(17152K)->17053K(17152K) Class: 1829K(1856K)->1829K(1856K)
[529.531s][info][gc             ] GC(1621) Pause Young (Allocation Failure) 679M->591M(763M) 139.619ms
[529.531s][info][gc,cpu         ] GC(1621) User=0.23s Sys=0.05s Real=0.14s
[529.622s][info][gc,start       ] GC(1622) Pause Young (Allocation Failure)
[529.715s][info][gc,heap        ] GC(1622) PSYoungGen: 159452K(222720K)->38848K(222720K) Eden: 111616K(111616K)->0K(111616K) From: 47836K(111104K)->38848K(111104K)
[529.715s][info][gc,heap        ] GC(1622) ParOldGen: 558153K(558592K)->584621K(584704K)
[529.715s][info][gc,metaspace   ] GC(1622) Metaspace: 18883K(19008K)->18883K(19008K) NonClass: 17053K(17152K)->17053K(17152K) Class: 1829K(1856K)->1829K(1856K)
[529.715s][info][gc             ] GC(1622) Pause Young (Allocation Failure) 700M->608M(788M) 93.067ms
[529.715s][info][gc,cpu         ] GC(1622) User=0.16s Sys=0.02s Real=0.10s
[529.784s][info][gc,start       ] GC(1623) Pause Young (Allocation Failure)
[529.878s][info][gc,heap        ] GC(1623) PSYoungGen: 150464K(222720K)->40032K(222720K) Eden: 111616K(111616K)->0K(111616K) From: 38848K(111104K)->40032K(111104K)
[529.878s][info][gc,heap        ] GC(1623) ParOldGen: 584621K(584704K)->623592K(623616K)
[529.878s][info][gc,metaspace   ] GC(1623) Metaspace: 18883K(19008K)->18883K(19008K) NonClass: 17053K(17152K)->17053K(17152K) Class: 1829K(1856K)->1829K(1856K)
[529.878s][info][gc             ] GC(1623) Pause Young (Allocation Failure) 717M->648M(826M) 93.164ms
[529.878s][info][gc,cpu         ] GC(1623) User=0.15s Sys=0.04s Real=0.09s
[529.955s][info][gc,start       ] GC(1624) Pause Full (Allocation Failure)
[529.955s][info][gc,phases,start] GC(1624) Marking Phase
[530.229s][info][gc,phases      ] GC(1624) Marking Phase 273.320ms
[530.229s][info][gc,phases,start] GC(1624) Summary Phase
[530.229s][info][gc,phases      ] GC(1624) Summary Phase 0.032ms
[530.229s][info][gc,phases,start] GC(1624) Forward
[530.309s][info][gc,phases      ] GC(1624) Forward 79.869ms
[530.309s][info][gc,phases,start] GC(1624) Adjust Pointers
[530.534s][info][gc,phases      ] GC(1624) Adjust Pointers 225.476ms
[530.534s][info][gc,phases,start] GC(1624) Compaction Phase
[530.668s][info][gc,phases      ] GC(1624) Compaction Phase 133.592ms
[530.674s][info][gc,phases,start] GC(1624) Post Compact
[530.676s][info][gc,phases      ] GC(1624) Post Compact 2.305ms
[530.676s][info][gc,heap        ] GC(1624) PSYoungGen: 151648K(222720K)->0K(222720K) Eden: 111616K(111616K)->0K(111616K) From: 40032K(111104K)->0K(111104K)
[530.676s][info][gc,heap        ] GC(1624) ParOldGen: 623592K(623616K)->384147K(667648K)
[530.676s][info][gc,metaspace   ] GC(1624) Metaspace: 18883K(19008K)->18883K(19008K) NonClass: 17053K(17152K)->17053K(17152K) Class: 1829K(1856K)->1829K(1856K)
[530.676s][info][gc             ] GC(1624) Pause Full (Allocation Failure) 757M->375M(869M) 721.289ms
[530.677s][info][gc,cpu         ] GC(1624) User=1.37s Sys=0.00s Real=0.72s
[530.727s][info][gc,start       ] GC(1625) Pause Young (Allocation Failure)
[530.729s][info][gc,heap        ] GC(1625) PSYoungGen: 111616K(222720K)->896K(222720K) Eden: 111616K(111616K)->0K(111616K) From: 0K(111104K)->896K(111104K)
[530.729s][info][gc,heap        ] GC(1625) ParOldGen: 384147K(667648K)->384147K(667648K)
[530.729s][info][gc,metaspace   ] GC(1625) Metaspace: 18883K(19008K)->18883K(19008K) NonClass: 17053K(17152K)->17053K(17152K) Class: 1829K(1856K)->1829K(1856K)
[530.729s][info][gc             ] GC(1625) Pause Young (Allocation Failure) 484M->376M(869M) 2.592ms
[530.729s][info][gc,cpu         ] GC(1625) User=0.00s Sys=0.01s Real=0.00s
[530.793s][info][gc,start       ] GC(1626) Pause Young (Allocation Failure)
[530.799s][info][gc,heap        ] GC(1626) PSYoungGen: 112512K(222720K)->992K(222720K) Eden: 111616K(111616K)->0K(111616K) From: 896K(111104K)->992K(111104K)
[530.799s][info][gc,heap        ] GC(1626) ParOldGen: 384147K(667648K)->385019K(667648K)
[530.799s][info][gc,metaspace   ] GC(1626) Metaspace: 18883K(19008K)->18883K(19008K) NonClass: 17053K(17152K)->17053K(17152K) Class: 1829K(1856K)->1829K(1856K)
[530.799s][info][gc             ] GC(1626) Pause Young (Allocation Failure) 485M->376M(869M) 6.524ms
[530.799s][info][gc,cpu         ] GC(1626) User=0.01s Sys=0.00s Real=0.00s
[530.892s][info][gc,start       ] GC(1627) Pause Young (Allocation Failure)
[530.917s][info][gc,heap        ] GC(1627) PSYoungGen: 112608K(222720K)->10080K(121856K) Eden: 111616K(111616K)->0K(111616K) From: 992K(111104K)->10080K(10240K)
[530.917s][info][gc,heap        ] GC(1627) ParOldGen: 385019K(667648K)->385971K(667648K)
[530.917s][info][gc,metaspace   ] GC(1627) Metaspace: 18883K(19008K)->18883K(19008K) NonClass: 17053K(17152K)->17053K(17152K) Class: 1829K(1856K)->1829K(1856K)
[530.917s][info][gc             ] GC(1627) Pause Young (Allocation Failure) 485M->386M(771M) 25.217ms
[530.917s][info][gc,cpu         ] GC(1627) User=0.05s Sys=0.00s Real=0.03s
[531.006s][info][gc,start       ] GC(1628) Pause Young (Allocation Failure)
[531.039s][info][gc,heap        ] GC(1628) PSYoungGen: 121696K(121856K)->24032K(222720K) Eden: 111616K(111616K)->0K(117760K) From: 10080K(10240K)->24032K(104960K)
[531.039s][info][gc,heap        ] GC(1628) ParOldGen: 385971K(667648K)->385971K(667648K)
[531.040s][info][gc,metaspace   ] GC(1628) Metaspace: 18883K(19008K)->18883K(19008K) NonClass: 17053K(17152K)->17053K(17152K) Class: 1829K(1856K)->1829K(1856K)
[531.040s][info][gc             ] GC(1628) Pause Young (Allocation Failure) 495M->400M(869M) 33.824ms
[531.040s][info][gc,cpu         ] GC(1628) User=0.07s Sys=0.00s Real=0.03s
[531.121s][info][gc,start       ] GC(1629) Pause Young (Allocation Failure)
[531.158s][info][gc,heap        ] GC(1629) PSYoungGen: 141792K(222720K)->29536K(219648K) Eden: 117760K(117760K)->0K(117760K) From: 24032K(104960K)->29536K(101888K)
[531.158s][info][gc,heap        ] GC(1629) ParOldGen: 385971K(667648K)->385971K(667648K)
[531.158s][info][gc,metaspace   ] GC(1629) Metaspace: 18883K(19008K)->18883K(19008K) NonClass: 17053K(17152K)->17053K(17152K) Class: 1829K(1856K)->1829K(1856K)
[531.159s][info][gc             ] GC(1629) Pause Young (Allocation Failure) 515M->405M(866M) 37.750ms
[531.159s][info][gc,cpu         ] GC(1629) User=0.07s Sys=0.00s Real=0.04s
[531.256s][info][gc,start       ] GC(1630) Pause Young (Allocation Failure)
[531.303s][info][gc,heap        ] GC(1630) PSYoungGen: 147296K(219648K)->38112K(217088K) Eden: 117760K(117760K)->0K(128000K) From: 29536K(101888K)->38112K(89088K)
[531.303s][info][gc,heap        ] GC(1630) ParOldGen: 385971K(667648K)->385971K(667648K)
[531.303s][info][gc,metaspace   ] GC(1630) Metaspace: 18883K(19008K)->18883K(19008K) NonClass: 17053K(17152K)->17053K(17152K) Class: 1829K(1856K)->1829K(1856K)
[531.303s][info][gc             ] GC(1630) Pause Young (Allocation Failure) 520M->414M(864M) 46.844ms
[531.303s][info][gc,cpu         ] GC(1630) User=0.09s Sys=0.00s Real=0.05s
[531.412s][info][gc,start       ] GC(1631) Pause Young (Allocation Failure)
[531.477s][info][gc,heap        ] GC(1631) PSYoungGen: 166112K(217088K)->56096K(219648K) Eden: 128000K(128000K)->0K(128000K) From: 38112K(89088K)->56096K(91648K)
[531.477s][info][gc,heap        ] GC(1631) ParOldGen: 385971K(667648K)->385971K(667648K)
[531.477s][info][gc,metaspace   ] GC(1631) Metaspace: 18883K(19008K)->18883K(19008K) NonClass: 17053K(17152K)->17053K(17152K) Class: 1829K(1856K)->1829K(1856K)
[531.477s][info][gc             ] GC(1631) Pause Young (Allocation Failure) 539M->431M(866M) 64.867ms
[531.477s][info][gc,cpu         ] GC(1631) User=0.13s Sys=0.00s Real=0.07s
[531.832s][info][gc,start       ] GC(1632) Pause Young (Allocation Failure)
[531.906s][info][gc,heap        ] GC(1632) PSYoungGen: 184096K(219648K)->63744K(228352K) Eden: 128000K(128000K)->0K(134144K) From: 56096K(91648K)->63744K(94208K)
[531.906s][info][gc,heap        ] GC(1632) ParOldGen: 385971K(667648K)->385971K(667648K)
[531.906s][info][gc,metaspace   ] GC(1632) Metaspace: 18883K(19008K)->18883K(19008K) NonClass: 17053K(17152K)->17053K(17152K) Class: 1829K(1856K)->1829K(1856K)
[531.906s][info][gc             ] GC(1632) Pause Young (Allocation Failure) 556M->439M(875M) 73.719ms
[531.906s][info][gc,cpu         ] GC(1632) User=0.14s Sys=0.00s Real=0.07s
[532.242s][info][gc,start       ] GC(1633) Pause Young (Allocation Failure)
[532.317s][info][gc,heap        ] GC(1633) PSYoungGen: 197888K(228352K)->63872K(198144K) Eden: 134144K(134144K)->0K(134144K) From: 63744K(94208K)->63872K(64000K)
[532.317s][info][gc,heap        ] GC(1633) ParOldGen: 385971K(667648K)->385971K(667648K)
[532.317s][info][gc,metaspace   ] GC(1633) Metaspace: 18883K(19008K)->18883K(19008K) NonClass: 17054K(17152K)->17054K(17152K) Class: 1829K(1856K)->1829K(1856K)
[532.317s][info][gc             ] GC(1633) Pause Young (Allocation Failure) 570M->439M(845M) 74.661ms
[532.317s][info][gc,cpu         ] GC(1633) User=0.15s Sys=0.00s Real=0.07s
[532.552s][info][gc,start       ] GC(1634) Pause Young (Allocation Failure)
[532.647s][info][gc,heap        ] GC(1634) PSYoungGen: 198016K(198144K)->82240K(214528K) Eden: 134144K(134144K)->0K(111616K) From: 63872K(64000K)->82240K(102912K)
[532.647s][info][gc,heap        ] GC(1634) ParOldGen: 385971K(667648K)->385971K(667648K)
[532.647s][info][gc,metaspace   ] GC(1634) Metaspace: 18883K(19008K)->18883K(19008K) NonClass: 17054K(17152K)->17054K(17152K) Class: 1829K(1856K)->1829K(1856K)
[532.647s][info][gc             ] GC(1634) Pause Young (Allocation Failure) 570M->457M(861M) 95.316ms
[532.647s][info][gc,cpu         ] GC(1634) User=0.19s Sys=0.00s Real=0.10s
[532.777s][info][gc,start       ] GC(1635) Pause Young (Allocation Failure)
[532.872s][info][gc,heap        ] GC(1635) PSYoungGen: 193856K(214528K)->64048K(222720K) Eden: 111616K(111616K)->0K(111616K) From: 82240K(102912K)->64048K(111104K)
[532.872s][info][gc,heap        ] GC(1635) ParOldGen: 385971K(667648K)->410043K(667648K)
[532.872s][info][gc,metaspace   ] GC(1635) Metaspace: 18883K(19008K)->18883K(19008K) NonClass: 17054K(17152K)->17054K(17152K) Class: 1829K(1856K)->1829K(1856K)
[532.872s][info][gc             ] GC(1635) Pause Young (Allocation Failure) 566M->462M(869M) 94.786ms
[532.872s][info][gc,cpu         ] GC(1635) User=0.18s Sys=0.00s Real=0.09s
[532.981s][info][gc,start       ] GC(1636) Pause Young (Allocation Failure)
[533.067s][info][gc,heap        ] GC(1636) PSYoungGen: 175664K(222720K)->78848K(222720K) Eden: 111616K(111616K)->0K(111616K) From: 64048K(111104K)->78848K(111104K)
[533.067s][info][gc,heap        ] GC(1636) ParOldGen: 410043K(667648K)->424171K(667648K)
[533.067s][info][gc,metaspace   ] GC(1636) Metaspace: 18883K(19008K)->18883K(19008K) NonClass: 17054K(17152K)->17054K(17152K) Class: 1829K(1856K)->1829K(1856K)
[533.067s][info][gc             ] GC(1636) Pause Young (Allocation Failure) 571M->491M(869M) 85.788ms
[533.067s][info][gc,cpu         ] GC(1636) User=0.17s Sys=0.00s Real=0.09s
[533.131s][info][gc,start       ] GC(1637) Pause Young (Allocation Failure)
[533.229s][info][gc,heap        ] GC(1637) PSYoungGen: 190464K(222720K)->94064K(222720K) Eden: 111616K(111616K)->0K(111616K) From: 78848K(111104K)->94064K(111104K)
[533.230s][info][gc,heap        ] GC(1637) ParOldGen: 424171K(667648K)->449902K(667648K)
[533.230s][info][gc,metaspace   ] GC(1637) Metaspace: 18883K(19008K)->18883K(19008K) NonClass: 17054K(17152K)->17054K(17152K) Class: 1829K(1856K)->1829K(1856K)
[533.230s][info][gc             ] GC(1637) Pause Young (Allocation Failure) 600M->531M(869M) 98.268ms
[533.230s][info][gc,cpu         ] GC(1637) User=0.19s Sys=0.00s Real=0.10s
[533.452s][info][gc,start       ] GC(1638) Pause Young (Allocation Failure)
[533.527s][info][gc,heap        ] GC(1638) PSYoungGen: 205680K(222720K)->84736K(222720K) Eden: 111616K(111616K)->0K(111616K) From: 94064K(111104K)->84736K(111104K)
[533.528s][info][gc,heap        ] GC(1638) ParOldGen: 449902K(667648K)->468515K(667648K)
[533.528s][info][gc,metaspace   ] GC(1638) Metaspace: 18883K(19008K)->18883K(19008K) NonClass: 17054K(17152K)->17054K(17152K) Class: 1829K(1856K)->1829K(1856K)
[533.528s][info][gc             ] GC(1638) Pause Young (Allocation Failure) 640M->540M(869M) 75.485ms
[533.528s][info][gc,cpu         ] GC(1638) User=0.15s Sys=0.00s Real=0.07s
[533.686s][info][gc,start       ] GC(1639) Pause Young (Allocation Failure)
[533.767s][info][gc,heap        ] GC(1639) PSYoungGen: 196352K(222720K)->62280K(222720K) Eden: 111616K(111616K)->0K(111616K) From: 84736K(111104K)->62280K(111104K)
[533.767s][info][gc,heap        ] GC(1639) ParOldGen: 468515K(667648K)->503508K(667648K)
[533.767s][info][gc,metaspace   ] GC(1639) Metaspace: 18883K(19008K)->18883K(19008K) NonClass: 17054K(17152K)->17054K(17152K) Class: 1829K(1856K)->1829K(1856K)
[533.767s][info][gc             ] GC(1639) Pause Young (Allocation Failure) 649M->552M(869M) 80.311ms
[533.767s][info][gc,cpu         ] GC(1639) User=0.16s Sys=0.00s Real=0.08s
[533.893s][info][gc,start       ] GC(1640) Pause Young (Allocation Failure)
[533.981s][info][gc,heap        ] GC(1640) PSYoungGen: 173896K(222720K)->37183K(222720K) Eden: 111616K(111616K)->0K(111616K) From: 62280K(111104K)->37183K(111104K)
[533.981s][info][gc,heap        ] GC(1640) ParOldGen: 503508K(667648K)->554208K(667648K)
[533.981s][info][gc,metaspace   ] GC(1640) Metaspace: 18883K(19008K)->18883K(19008K) NonClass: 17054K(17152K)->17054K(17152K) Class: 1829K(1856K)->1829K(1856K)
[533.981s][info][gc             ] GC(1640) Pause Young (Allocation Failure) 661M->577M(869M) 88.165ms
[533.981s][info][gc,cpu         ] GC(1640) User=0.17s Sys=0.00s Real=0.08s
[534.118s][info][gc,start       ] GC(1641) Pause Young (Allocation Failure)
[534.209s][info][gc,heap        ] GC(1641) PSYoungGen: 148799K(222720K)->21984K(222720K) Eden: 111616K(111616K)->0K(111616K) From: 37183K(111104K)->21984K(111104K)
[534.209s][info][gc,heap        ] GC(1641) ParOldGen: 554208K(667648K)->591462K(667648K)
[534.209s][info][gc,metaspace   ] GC(1641) Metaspace: 18883K(19008K)->18883K(19008K) NonClass: 17054K(17152K)->17054K(17152K) Class: 1829K(1856K)->1829K(1856K)
[534.209s][info][gc             ] GC(1641) Pause Young (Allocation Failure) 686M->599M(869M) 90.842ms
[534.209s][info][gc,cpu         ] GC(1641) User=0.18s Sys=0.00s Real=0.09s
[534.320s][info][gc,start       ] GC(1642) Pause Young (Allocation Failure)
[534.363s][info][gc,heap        ] GC(1642) PSYoungGen: 133600K(222720K)->4256K(222720K) Eden: 111616K(111616K)->0K(111616K) From: 21984K(111104K)->4256K(111104K)
[534.363s][info][gc,heap        ] GC(1642) ParOldGen: 591462K(667648K)->613494K(667648K)
[534.363s][info][gc,metaspace   ] GC(1642) Metaspace: 18883K(19008K)->18883K(19008K) NonClass: 17054K(17152K)->17054K(17152K) Class: 1829K(1856K)->1829K(1856K)
[534.363s][info][gc             ] GC(1642) Pause Young (Allocation Failure) 708M->603M(869M) 43.579ms
[534.363s][info][gc,cpu         ] GC(1642) User=0.09s Sys=0.00s Real=0.05s
[534.490s][info][gc,start       ] GC(1643) Pause Full (Allocation Failure)
[534.490s][info][gc,phases,start] GC(1643) Marking Phase
[534.795s][info][gc,phases      ] GC(1643) Marking Phase 304.822ms
[534.795s][info][gc,phases,start] GC(1643) Summary Phase
[534.795s][info][gc,phases      ] GC(1643) Summary Phase 0.043ms
[534.795s][info][gc,phases,start] GC(1643) Forward
[534.877s][info][gc,phases      ] GC(1643) Forward 81.966ms
[534.877s][info][gc,phases,start] GC(1643) Adjust Pointers
[535.104s][info][gc,phases      ] GC(1643) Adjust Pointers 227.104ms
[535.104s][info][gc,phases,start] GC(1643) Compaction Phase
[535.219s][info][gc,phases      ] GC(1643) Compaction Phase 115.007ms
[535.226s][info][gc,phases,start] GC(1643) Post Compact
[535.228s][info][gc,phases      ] GC(1643) Post Compact 2.185ms
[535.228s][info][gc,heap        ] GC(1643) PSYoungGen: 115872K(222720K)->0K(222720K) Eden: 111616K(111616K)->0K(111616K) From: 4256K(111104K)->0K(111104K)
[535.228s][info][gc,heap        ] GC(1643) ParOldGen: 613494K(667648K)->375543K(663552K)
[535.228s][info][gc,metaspace   ] GC(1643) Metaspace: 18883K(19008K)->18883K(19008K) NonClass: 17054K(17152K)->17054K(17152K) Class: 1829K(1856K)->1829K(1856K)
[535.228s][info][gc             ] GC(1643) Pause Full (Allocation Failure) 712M->366M(865M) 738.358ms
[535.228s][info][gc,cpu         ] GC(1643) User=1.40s Sys=0.00s Real=0.74s
[535.337s][info][gc,start       ] GC(1644) Pause Young (Allocation Failure)
[535.354s][info][gc,heap        ] GC(1644) PSYoungGen: 111616K(222720K)->9472K(222720K) Eden: 111616K(111616K)->0K(111616K) From: 0K(111104K)->9472K(111104K)
[535.354s][info][gc,heap        ] GC(1644) ParOldGen: 375543K(663552K)->375543K(663552K)
[535.354s][info][gc,metaspace   ] GC(1644) Metaspace: 18883K(19008K)->18883K(19008K) NonClass: 17054K(17152K)->17054K(17152K) Class: 1829K(1856K)->1829K(1856K)
[535.354s][info][gc             ] GC(1644) Pause Young (Allocation Failure) 475M->375M(865M) 16.678ms
[535.354s][info][gc,cpu         ] GC(1644) User=0.03s Sys=0.00s Real=0.02s
[535.472s][info][gc,start       ] GC(1645) Pause Young (Allocation Failure)
[535.487s][info][gc,heap        ] GC(1645) PSYoungGen: 121088K(222720K)->3010K(222720K) Eden: 111616K(111616K)->0K(111616K) From: 9472K(111104K)->3010K(111104K)
[535.487s][info][gc,heap        ] GC(1645) ParOldGen: 375543K(663552K)->385015K(663552K)
[535.487s][info][gc,metaspace   ] GC(1645) Metaspace: 18883K(19008K)->18883K(19008K) NonClass: 17054K(17152K)->17054K(17152K) Class: 1829K(1856K)->1829K(1856K)
[535.487s][info][gc             ] GC(1645) Pause Young (Allocation Failure) 484M->378M(865M) 14.292ms
[535.487s][info][gc,cpu         ] GC(1645) User=0.03s Sys=0.00s Real=0.01s
[535.560s][info][gc,start       ] GC(1646) Pause Young (Allocation Failure)
[535.597s][info][gc,heap        ] GC(1646) PSYoungGen: 114626K(222720K)->39936K(222720K) Eden: 111616K(111616K)->0K(111616K) From: 3010K(111104K)->39936K(111104K)
[535.597s][info][gc,heap        ] GC(1646) ParOldGen: 385015K(663552K)->388028K(663552K)
[535.597s][info][gc,metaspace   ] GC(1646) Metaspace: 18883K(19008K)->18883K(19008K) NonClass: 17054K(17152K)->17054K(17152K) Class: 1829K(1856K)->1829K(1856K)
[535.597s][info][gc             ] GC(1646) Pause Young (Allocation Failure) 487M->417M(865M) 37.581ms
[535.597s][info][gc,cpu         ] GC(1646) User=0.08s Sys=0.00s Real=0.04s
[535.660s][info][gc,start       ] GC(1647) Pause Young (Allocation Failure)
[535.723s][info][gc,heap        ] GC(1647) PSYoungGen: 151552K(222720K)->37840K(149504K) Eden: 111616K(111616K)->0K(111616K) From: 39936K(111104K)->37840K(37888K)
[535.723s][info][gc,heap        ] GC(1647) ParOldGen: 388028K(663552K)->428372K(663552K)
[535.723s][info][gc,metaspace   ] GC(1647) Metaspace: 18883K(19008K)->18883K(19008K) NonClass: 17054K(17152K)->17054K(17152K) Class: 1829K(1856K)->1829K(1856K)
[535.723s][info][gc             ] GC(1647) Pause Young (Allocation Failure) 526M->455M(794M) 63.746ms
[535.723s][info][gc,cpu         ] GC(1647) User=0.12s Sys=0.00s Real=0.07s
[535.908s][info][gc,start       ] GC(1648) Pause Young (Allocation Failure)
[535.965s][info][gc,heap        ] GC(1648) PSYoungGen: 149456K(149504K)->25680K(221696K) Eden: 111616K(111616K)->0K(115712K) From: 37840K(37888K)->25680K(105984K)
[535.965s][info][gc,heap        ] GC(1648) ParOldGen: 428372K(663552K)->466644K(663552K)
[535.965s][info][gc,metaspace   ] GC(1648) Metaspace: 18883K(19008K)->18883K(19008K) NonClass: 17054K(17152K)->17054K(17152K) Class: 1829K(1856K)->1829K(1856K)
[535.965s][info][gc             ] GC(1648) Pause Young (Allocation Failure) 564M->480M(864M) 57.439ms
[535.965s][info][gc,cpu         ] GC(1648) User=0.11s Sys=0.00s Real=0.06s
[536.139s][info][gc,start       ] GC(1649) Pause Young (Allocation Failure)
[536.192s][info][gc,heap        ] GC(1649) PSYoungGen: 141392K(221696K)->29440K(217600K) Eden: 115712K(115712K)->0K(115712K) From: 25680K(105984K)->29440K(101888K)
[536.193s][info][gc,heap        ] GC(1649) ParOldGen: 466644K(663552K)->466644K(663552K)
[536.193s][info][gc,metaspace   ] GC(1649) Metaspace: 18883K(19008K)->18883K(19008K) NonClass: 17054K(17152K)->17054K(17152K) Class: 1829K(1856K)->1829K(1856K)
[536.193s][info][gc             ] GC(1649) Pause Young (Allocation Failure) 593M->484M(860M) 53.801ms
[536.193s][info][gc,cpu         ] GC(1649) User=0.11s Sys=0.00s Real=0.06s
[536.380s][info][gc,start       ] GC(1650) Pause Young (Allocation Failure)
[536.474s][info][gc,heap        ] GC(1650) PSYoungGen: 145152K(217600K)->68144K(217088K) Eden: 115712K(115712K)->0K(120320K) From: 29440K(101888K)->68144K(96768K)
[536.474s][info][gc,heap        ] GC(1650) ParOldGen: 466644K(663552K)->466644K(663552K)
[536.474s][info][gc,metaspace   ] GC(1650) Metaspace: 18883K(19008K)->18883K(19008K) NonClass: 17054K(17152K)->17054K(17152K) Class: 1829K(1856K)->1829K(1856K)
[536.474s][info][gc             ] GC(1650) Pause Young (Allocation Failure) 597M->522M(860M) 94.423ms
[536.474s][info][gc,cpu         ] GC(1650) User=0.19s Sys=0.00s Real=0.10s
[536.658s][info][gc,start       ] GC(1651) Pause Young (Allocation Failure)
[536.777s][info][gc,heap        ] GC(1651) PSYoungGen: 188464K(217088K)->89776K(222720K) Eden: 120320K(120320K)->0K(120320K) From: 68144K(96768K)->89776K(102400K)
[536.777s][info][gc,heap        ] GC(1651) ParOldGen: 466644K(663552K)->466644K(663552K)
[536.777s][info][gc,metaspace   ] GC(1651) Metaspace: 18883K(19008K)->18883K(19008K) NonClass: 17054K(17152K)->17054K(17152K) Class: 1829K(1856K)->1829K(1856K)
[536.777s][info][gc             ] GC(1651) Pause Young (Allocation Failure) 639M->543M(865M) 119.574ms
[536.777s][info][gc,cpu         ] GC(1651) User=0.24s Sys=0.00s Real=0.12s
[536.883s][info][gc,start       ] GC(1652) Pause Young (Allocation Failure)
[537.005s][info][gc,heap        ] GC(1652) PSYoungGen: 210096K(222720K)->61120K(222720K) Eden: 120320K(120320K)->0K(111616K) From: 89776K(102400K)->61120K(111104K)
[537.005s][info][gc,heap        ] GC(1652) ParOldGen: 466644K(663552K)->496149K(663552K)
[537.005s][info][gc,metaspace   ] GC(1652) Metaspace: 18883K(19008K)->18883K(19008K) NonClass: 17054K(17152K)->17054K(17152K) Class: 1829K(1856K)->1829K(1856K)
[537.005s][info][gc             ] GC(1652) Pause Young (Allocation Failure) 660M->544M(865M) 122.216ms
[537.006s][info][gc,cpu         ] GC(1652) User=0.24s Sys=0.00s Real=0.12s
[537.131s][info][gc,start       ] GC(1653) Pause Young (Allocation Failure)
[537.213s][info][gc,heap        ] GC(1653) PSYoungGen: 172736K(222720K)->1152K(222720K) Eden: 111616K(111616K)->0K(111616K) From: 61120K(111104K)->1152K(111104K)
[537.213s][info][gc,heap        ] GC(1653) ParOldGen: 496149K(663552K)->556709K(663552K)
[537.214s][info][gc,metaspace   ] GC(1653) Metaspace: 18883K(19008K)->18883K(19008K) NonClass: 17054K(17152K)->17054K(17152K) Class: 1829K(1856K)->1829K(1856K)
[537.214s][info][gc             ] GC(1653) Pause Young (Allocation Failure) 653M->544M(865M) 82.655ms
[537.214s][info][gc,cpu         ] GC(1653) User=0.16s Sys=0.00s Real=0.09s
[537.340s][info][gc,start       ] GC(1654) Pause Young (Allocation Failure)
[537.352s][info][gc,heap        ] GC(1654) PSYoungGen: 112768K(222720K)->4192K(222720K) Eden: 111616K(111616K)->0K(111616K) From: 1152K(111104K)->4192K(111104K)
[537.352s][info][gc,heap        ] GC(1654) ParOldGen: 556709K(663552K)->557597K(663552K)
[537.352s][info][gc,metaspace   ] GC(1654) Metaspace: 18883K(19008K)->18883K(19008K) NonClass: 17054K(17152K)->17054K(17152K) Class: 1829K(1856K)->1829K(1856K)
[537.352s][info][gc             ] GC(1654) Pause Young (Allocation Failure) 653M->548M(865M) 11.782ms
[537.352s][info][gc,cpu         ] GC(1654) User=0.02s Sys=0.00s Real=0.02s
[537.556s][info][gc,start       ] GC(1655) Pause Young (Allocation Failure)
[537.574s][info][gc,heap        ] GC(1655) PSYoungGen: 115808K(222720K)->10432K(222720K) Eden: 111616K(111616K)->0K(111616K) From: 4192K(111104K)->10432K(111104K)
[537.574s][info][gc,heap        ] GC(1655) ParOldGen: 557597K(663552K)->561773K(663552K)
[537.574s][info][gc,metaspace   ] GC(1655) Metaspace: 18883K(19008K)->18883K(19008K) NonClass: 17054K(17152K)->17054K(17152K) Class: 1829K(1856K)->1829K(1856K)
[537.574s][info][gc             ] GC(1655) Pause Young (Allocation Failure) 657M->558M(865M) 18.261ms
[537.574s][info][gc,cpu         ] GC(1655) User=0.04s Sys=0.00s Real=0.02s
[537.738s][info][gc,start       ] GC(1656) Pause Young (Allocation Failure)
[537.772s][info][gc,heap        ] GC(1656) PSYoungGen: 122048K(222720K)->28608K(210432K) Eden: 111616K(111616K)->0K(111616K) From: 10432K(111104K)->28608K(98816K)
[537.772s][info][gc,heap        ] GC(1656) ParOldGen: 561773K(663552K)->561773K(663552K)
[537.772s][info][gc,metaspace   ] GC(1656) Metaspace: 18883K(19008K)->18883K(19008K) NonClass: 17054K(17152K)->17054K(17152K) Class: 1829K(1856K)->1829K(1856K)
[537.772s][info][gc             ] GC(1656) Pause Young (Allocation Failure) 667M->576M(853M) 34.106ms
[537.773s][info][gc,cpu         ] GC(1656) User=0.07s Sys=0.00s Real=0.04s
[538.144s][info][gc,start       ] GC(1657) Pause Young (Allocation Failure)
[538.176s][info][gc,heap        ] GC(1657) PSYoungGen: 140224K(210432K)->28656K(216576K) Eden: 111616K(111616K)->0K(111616K) From: 28608K(98816K)->28656K(104960K)
[538.176s][info][gc,heap        ] GC(1657) ParOldGen: 561773K(663552K)->561773K(663552K)
[538.176s][info][gc,metaspace   ] GC(1657) Metaspace: 18883K(19008K)->18883K(19008K) NonClass: 17054K(17152K)->17054K(17152K) Class: 1829K(1856K)->1829K(1856K)
[538.176s][info][gc             ] GC(1657) Pause Young (Allocation Failure) 685M->576M(859M) 31.657ms
[538.176s][info][gc,cpu         ] GC(1657) User=0.06s Sys=0.00s Real=0.03s
[538.456s][info][gc,start       ] GC(1658) Pause Young (Allocation Failure)
[538.494s][info][gc,heap        ] GC(1658) PSYoungGen: 140272K(216576K)->28656K(206336K) Eden: 111616K(111616K)->0K(119296K) From: 28656K(104960K)->28656K(87040K)
[538.494s][info][gc,heap        ] GC(1658) ParOldGen: 561773K(663552K)->561773K(663552K)
[538.494s][info][gc,metaspace   ] GC(1658) Metaspace: 18883K(19008K)->18883K(19008K) NonClass: 17054K(17152K)->17054K(17152K) Class: 1829K(1856K)->1829K(1856K)
[538.494s][info][gc             ] GC(1658) Pause Young (Allocation Failure) 685M->576M(849M) 38.057ms
[538.494s][info][gc,cpu         ] GC(1658) User=0.07s Sys=0.00s Real=0.04s
[538.837s][info][gc,start       ] GC(1659) Pause Young (Allocation Failure)
[538.875s][info][gc,heap        ] GC(1659) PSYoungGen: 147952K(206336K)->28672K(212480K) Eden: 119296K(119296K)->0K(119296K) From: 28656K(87040K)->28672K(93184K)
[538.875s][info][gc,heap        ] GC(1659) ParOldGen: 561773K(663552K)->561773K(663552K)
[538.875s][info][gc,metaspace   ] GC(1659) Metaspace: 18883K(19008K)->18883K(19008K) NonClass: 17054K(17152K)->17054K(17152K) Class: 1829K(1856K)->1829K(1856K)
[538.875s][info][gc             ] GC(1659) Pause Young (Allocation Failure) 693M->576M(855M) 37.543ms
[538.875s][info][gc,cpu         ] GC(1659) User=0.08s Sys=0.00s Real=0.04s
[539.193s][info][gc,start       ] GC(1660) Pause Young (Allocation Failure)
[539.233s][info][gc,heap        ] GC(1660) PSYoungGen: 147968K(212480K)->28672K(205312K) Eden: 119296K(119296K)->0K(126976K) From: 28672K(93184K)->28672K(78336K)
[539.233s][info][gc,heap        ] GC(1660) ParOldGen: 561773K(663552K)->561773K(663552K)
[539.233s][info][gc,metaspace   ] GC(1660) Metaspace: 18883K(19008K)->18883K(19008K) NonClass: 17054K(17152K)->17054K(17152K) Class: 1829K(1856K)->1829K(1856K)
[539.233s][info][gc             ] GC(1660) Pause Young (Allocation Failure) 693M->576M(848M) 39.668ms
[539.233s][info][gc,cpu         ] GC(1660) User=0.07s Sys=0.00s Real=0.04s
[539.579s][info][gc,start       ] GC(1661) Pause Young (Allocation Failure)
[539.617s][info][gc,heap        ] GC(1661) PSYoungGen: 155648K(205312K)->28704K(210432K) Eden: 126976K(126976K)->0K(126976K) From: 28672K(78336K)->28704K(83456K)
[539.617s][info][gc,heap        ] GC(1661) ParOldGen: 561773K(663552K)->561773K(663552K)
[539.617s][info][gc,metaspace   ] GC(1661) Metaspace: 18883K(19008K)->18883K(19008K) NonClass: 17054K(17152K)->17054K(17152K) Class: 1829K(1856K)->1829K(1856K)
[539.617s][info][gc             ] GC(1661) Pause Young (Allocation Failure) 700M->576M(853M) 38.415ms
[539.617s][info][gc,cpu         ] GC(1661) User=0.08s Sys=0.00s Real=0.04s
[539.911s][info][gc,start       ] GC(1662) Pause Young (Allocation Failure)
[539.950s][info][gc,heap        ] GC(1662) PSYoungGen: 155680K(210432K)->28704K(204800K) Eden: 126976K(126976K)->0K(134144K) From: 28704K(83456K)->28704K(70656K)
[539.950s][info][gc,heap        ] GC(1662) ParOldGen: 561773K(663552K)->561773K(663552K)
[539.950s][info][gc,metaspace   ] GC(1662) Metaspace: 18883K(19008K)->18883K(19008K) NonClass: 17054K(17152K)->17054K(17152K) Class: 1829K(1856K)->1829K(1856K)
[539.950s][info][gc             ] GC(1662) Pause Young (Allocation Failure) 700M->576M(848M) 38.762ms
[539.950s][info][gc,cpu         ] GC(1662) User=0.07s Sys=0.01s Real=0.04s
[540.238s][info][gc,start       ] GC(1663) Pause Young (Allocation Failure)
[540.274s][info][gc,heap        ] GC(1663) PSYoungGen: 162848K(204800K)->29008K(209408K) Eden: 134144K(134144K)->0K(134144K) From: 28704K(70656K)->29008K(75264K)
[540.274s][info][gc,heap        ] GC(1663) ParOldGen: 561773K(663552K)->561773K(663552K)
[540.274s][info][gc,metaspace   ] GC(1663) Metaspace: 18883K(19008K)->18883K(19008K) NonClass: 17054K(17152K)->17054K(17152K) Class: 1829K(1856K)->1829K(1856K)
[540.274s][info][gc             ] GC(1663) Pause Young (Allocation Failure) 707M->576M(852M) 36.127ms
[540.274s][info][gc,cpu         ] GC(1663) User=0.07s Sys=0.00s Real=0.04s
[540.478s][info][gc,start       ] GC(1664) Pause Young (Allocation Failure)
[540.540s][info][gc,heap        ] GC(1664) PSYoungGen: 163152K(209408K)->63088K(205312K) Eden: 134144K(134144K)->0K(134144K) From: 29008K(75264K)->63088K(71168K)
[540.540s][info][gc,heap        ] GC(1664) ParOldGen: 561773K(663552K)->561773K(663552K)
[540.540s][info][gc,metaspace   ] GC(1664) Metaspace: 18883K(19008K)->18883K(19008K) NonClass: 17054K(17152K)->17054K(17152K) Class: 1829K(1856K)->1829K(1856K)
[540.540s][info][gc             ] GC(1664) Pause Young (Allocation Failure) 707M->610M(848M) 62.668ms
[540.540s][info][gc,cpu         ] GC(1664) User=0.12s Sys=0.00s Real=0.06s
[540.665s][info][gc,start       ] GC(1665) Pause Young (Allocation Failure)
[540.763s][info][gc,heap        ] GC(1665) PSYoungGen: 197232K(205312K)->78816K(212992K) Eden: 134144K(134144K)->0K(134144K) From: 63088K(71168K)->78816K(78848K)
[540.763s][info][gc,heap        ] GC(1665) ParOldGen: 561773K(663552K)->588789K(663552K)
[540.763s][info][gc,metaspace   ] GC(1665) Metaspace: 18883K(19008K)->18883K(19008K) NonClass: 17054K(17152K)->17054K(17152K) Class: 1829K(1856K)->1829K(1856K)
[540.763s][info][gc             ] GC(1665) Pause Young (Allocation Failure) 741M->651M(856M) 98.464ms
[540.763s][info][gc,cpu         ] GC(1665) User=0.19s Sys=0.00s Real=0.10s
[541.067s][info][gc,start       ] GC(1666) Pause Young (Allocation Failure)
[541.163s][info][gc,heap        ] GC(1666) PSYoungGen: 212960K(212992K)->53600K(234496K) Eden: 134144K(134144K)->0K(133632K) From: 78816K(78848K)->53600K(100864K)
[541.163s][info][gc,heap        ] GC(1666) ParOldGen: 588789K(663552K)->617477K(663552K)
[541.163s][info][gc,metaspace   ] GC(1666) Metaspace: 18884K(19008K)->18884K(19008K) NonClass: 17055K(17152K)->17055K(17152K) Class: 1829K(1856K)->1829K(1856K)
[541.163s][info][gc             ] GC(1666) Pause Young (Allocation Failure) 782M->655M(877M) 95.447ms
[541.163s][info][gc,cpu         ] GC(1666) User=0.19s Sys=0.00s Real=0.10s
[541.389s][info][gc,start       ] GC(1667) Pause Full (Allocation Failure)
[541.389s][info][gc,phases,start] GC(1667) Marking Phase
[541.791s][info][gc,phases      ] GC(1667) Marking Phase 401.974ms
[541.791s][info][gc,phases,start] GC(1667) Summary Phase
[541.791s][info][gc,phases      ] GC(1667) Summary Phase 0.046ms
[541.791s][info][gc,phases,start] GC(1667) Forward
[541.918s][info][gc,phases      ] GC(1667) Forward 127.058ms
[541.918s][info][gc,phases,start] GC(1667) Adjust Pointers
[542.238s][info][gc,phases      ] GC(1667) Adjust Pointers 320.305ms
[542.238s][info][gc,phases,start] GC(1667) Compaction Phase
[542.411s][info][gc,phases      ] GC(1667) Compaction Phase 172.299ms
[542.421s][info][gc,phases,start] GC(1667) Post Compact
[542.424s][info][gc,phases      ] GC(1667) Post Compact 2.388ms
[542.424s][info][gc,heap        ] GC(1667) PSYoungGen: 187232K(234496K)->0K(232960K) Eden: 133632K(133632K)->0K(133632K) From: 53600K(100864K)->0K(99328K)
[542.424s][info][gc,heap        ] GC(1667) ParOldGen: 617477K(663552K)->503946K(667648K)
[542.424s][info][gc,metaspace   ] GC(1667) Metaspace: 18884K(19008K)->18884K(19008K) NonClass: 17055K(17152K)->17055K(17152K) Class: 1829K(1856K)->1829K(1856K)
[542.424s][info][gc             ] GC(1667) Pause Full (Allocation Failure) 785M->492M(879M) 1035.142ms
[542.424s][info][gc,cpu         ] GC(1667) User=1.94s Sys=0.00s Real=1.04s
[542.568s][info][gc,start       ] GC(1668) Pause Young (Allocation Failure)
[542.602s][info][gc,heap        ] GC(1668) PSYoungGen: 133632K(232960K)->29819K(229888K) Eden: 133632K(133632K)->0K(135168K) From: 0K(99328K)->29819K(94720K)
[542.602s][info][gc,heap        ] GC(1668) ParOldGen: 503946K(667648K)->503946K(667648K)
[542.602s][info][gc,metaspace   ] GC(1668) Metaspace: 18896K(19008K)->18896K(19008K) NonClass: 17066K(17152K)->17066K(17152K) Class: 1829K(1856K)->1829K(1856K)
[542.602s][info][gc             ] GC(1668) Pause Young (Allocation Failure) 622M->521M(876M) 34.373ms
[542.602s][info][gc,cpu         ] GC(1668) User=0.06s Sys=0.00s Real=0.04s
[542.725s][info][gc,start       ] GC(1669) Pause Young (Allocation Failure)
[542.797s][info][gc,heap        ] GC(1669) PSYoungGen: 164987K(229888K)->53803K(231424K) Eden: 135168K(135168K)->0K(135168K) From: 29819K(94720K)->53803K(96256K)
[542.798s][info][gc,heap        ] GC(1669) ParOldGen: 503946K(667648K)->503946K(667648K)
[542.798s][info][gc,metaspace   ] GC(1669) Metaspace: 18897K(19008K)->18897K(19008K) NonClass: 17068K(17152K)->17068K(17152K) Class: 1829K(1856K)->1829K(1856K)
[542.798s][info][gc             ] GC(1669) Pause Young (Allocation Failure) 653M->544M(878M) 72.404ms
[542.798s][info][gc,cpu         ] GC(1669) User=0.14s Sys=0.00s Real=0.07s
[542.895s][info][gc,start       ] GC(1670) Pause Young (Allocation Failure)
[542.959s][info][gc,heap        ] GC(1670) PSYoungGen: 188971K(231424K)->58123K(237568K) Eden: 135168K(135168K)->0K(142336K) From: 53803K(96256K)->58123K(95232K)
[542.959s][info][gc,heap        ] GC(1670) ParOldGen: 503946K(667648K)->503946K(667648K)
[542.959s][info][gc,metaspace   ] GC(1670) Metaspace: 18899K(19008K)->18899K(19008K) NonClass: 17070K(17152K)->17070K(17152K) Class: 1829K(1856K)->1829K(1856K)
[542.959s][info][gc             ] GC(1670) Pause Young (Allocation Failure) 676M->548M(884M) 63.679ms
[542.959s][info][gc,cpu         ] GC(1670) User=0.12s Sys=0.01s Real=0.06s
[543.070s][info][gc,start       ] GC(1671) Pause Young (Allocation Failure)
[543.124s][info][gc,heap        ] GC(1671) PSYoungGen: 200459K(237568K)->50875K(193536K) Eden: 142336K(142336K)->0K(142336K) From: 58123K(95232K)->50875K(51200K)
[543.124s][info][gc,heap        ] GC(1671) ParOldGen: 503946K(667648K)->503946K(667648K)
[543.124s][info][gc,metaspace   ] GC(1671) Metaspace: 18899K(19008K)->18899K(19008K) NonClass: 17070K(17152K)->17070K(17152K) Class: 1829K(1856K)->1829K(1856K)
[543.124s][info][gc             ] GC(1671) Pause Young (Allocation Failure) 687M->541M(841M) 54.149ms
[543.124s][info][gc,cpu         ] GC(1671) User=0.11s Sys=0.00s Real=0.06s
[543.219s][info][gc,start       ] GC(1672) Pause Young (Allocation Failure)
[543.298s][info][gc,heap        ] GC(1672) PSYoungGen: 193211K(193536K)->73771K(228864K) Eden: 142336K(142336K)->0K(136192K) From: 50875K(51200K)->73771K(92672K)
[543.298s][info][gc,heap        ] GC(1672) ParOldGen: 503946K(667648K)->503946K(667648K)
[543.298s][info][gc,metaspace   ] GC(1672) Metaspace: 18899K(19008K)->18899K(19008K) NonClass: 17070K(17152K)->17070K(17152K) Class: 1829K(1856K)->1829K(1856K)
[543.298s][info][gc             ] GC(1672) Pause Young (Allocation Failure) 680M->564M(875M) 78.804ms
[543.298s][info][gc,cpu         ] GC(1672) User=0.15s Sys=0.01s Real=0.08s
[543.400s][info][gc,start       ] GC(1673) Pause Young (Allocation Failure)
[543.480s][info][gc,heap        ] GC(1673) PSYoungGen: 209963K(228864K)->79323K(215552K) Eden: 136192K(136192K)->0K(136192K) From: 73771K(92672K)->79323K(79360K)
[543.481s][info][gc,heap        ] GC(1673) ParOldGen: 503946K(667648K)->503946K(667648K)
[543.481s][info][gc,metaspace   ] GC(1673) Metaspace: 18899K(19008K)->18899K(19008K) NonClass: 17070K(17152K)->17070K(17152K) Class: 1829K(1856K)->1829K(1856K)
[543.481s][info][gc             ] GC(1673) Pause Young (Allocation Failure) 697M->569M(862M) 81.058ms
[543.481s][info][gc,cpu         ] GC(1673) User=0.16s Sys=0.00s Real=0.08s
[543.592s][info][gc,start       ] GC(1674) Pause Young (Allocation Failure)
[543.705s][info][gc,heap        ] GC(1674) PSYoungGen: 215515K(215552K)->95787K(216576K) Eden: 136192K(136192K)->0K(111616K) From: 79323K(79360K)->95787K(104960K)
[543.705s][info][gc,heap        ] GC(1674) ParOldGen: 503946K(667648K)->503946K(667648K)
[543.705s][info][gc,metaspace   ] GC(1674) Metaspace: 18899K(19008K)->18899K(19008K) NonClass: 17070K(17152K)->17070K(17152K) Class: 1829K(1856K)->1829K(1856K)
[543.706s][info][gc             ] GC(1674) Pause Young (Allocation Failure) 702M->585M(863M) 113.150ms
[543.706s][info][gc,cpu         ] GC(1674) User=0.21s Sys=0.01s Real=0.11s
[543.851s][info][gc,start       ] GC(1675) Pause Young (Allocation Failure)
[543.953s][info][gc,heap        ] GC(1675) PSYoungGen: 207403K(216576K)->101564K(222720K) Eden: 111616K(111616K)->0K(111616K) From: 95787K(104960K)->101564K(111104K)
[543.953s][info][gc,heap        ] GC(1675) ParOldGen: 503946K(667648K)->503946K(667648K)
[543.953s][info][gc,metaspace   ] GC(1675) Metaspace: 18899K(19008K)->18899K(19008K) NonClass: 17070K(17152K)->17070K(17152K) Class: 1829K(1856K)->1829K(1856K)
[543.953s][info][gc             ] GC(1675) Pause Young (Allocation Failure) 694M->591M(869M) 102.687ms
[543.953s][info][gc,cpu         ] GC(1675) User=0.21s Sys=0.00s Real=0.11s
[544.129s][info][gc,start       ] GC(1676) Pause Young (Allocation Failure)
[544.255s][info][gc,heap        ] GC(1676) PSYoungGen: 213180K(222720K)->111099K(222720K) Eden: 111616K(111616K)->0K(111616K) From: 101564K(111104K)->111099K(111104K)
[544.255s][info][gc,heap        ] GC(1676) ParOldGen: 503946K(667648K)->511402K(667648K)
[544.255s][info][gc,metaspace   ] GC(1676) Metaspace: 18899K(19008K)->18899K(19008K) NonClass: 17070K(17152K)->17070K(17152K) Class: 1829K(1856K)->1829K(1856K)
[544.255s][info][gc             ] GC(1676) Pause Young (Allocation Failure) 700M->607M(869M) 126.043ms
[544.255s][info][gc,cpu         ] GC(1676) User=0.25s Sys=0.01s Real=0.13s
[544.547s][info][gc,start       ] GC(1677) Pause Young (Allocation Failure)
[544.666s][info][gc,heap        ] GC(1677) PSYoungGen: 222715K(222720K)->78496K(222720K) Eden: 111616K(111616K)->0K(111616K) From: 111099K(111104K)->78496K(111104K)
[544.666s][info][gc,heap        ] GC(1677) ParOldGen: 511402K(667648K)->552710K(667648K)
[544.666s][info][gc,metaspace   ] GC(1677) Metaspace: 18900K(19008K)->18900K(19008K) NonClass: 17070K(17152K)->17070K(17152K) Class: 1829K(1856K)->1829K(1856K)
[544.666s][info][gc             ] GC(1677) Pause Young (Allocation Failure) 716M->616M(869M) 118.752ms
[544.666s][info][gc,cpu         ] GC(1677) User=0.23s Sys=0.00s Real=0.12s
[544.792s][info][gc,start       ] GC(1678) Pause Young (Allocation Failure)
[544.878s][info][gc,heap        ] GC(1678) PSYoungGen: 190112K(222720K)->86320K(222720K) Eden: 111616K(111616K)->0K(111616K) From: 78496K(111104K)->86320K(111104K)
[544.878s][info][gc,heap        ] GC(1678) ParOldGen: 552710K(667648K)->553430K(667648K)
[544.878s][info][gc,metaspace   ] GC(1678) Metaspace: 18900K(19008K)->18900K(19008K) NonClass: 17070K(17152K)->17070K(17152K) Class: 1829K(1856K)->1829K(1856K)
[544.878s][info][gc             ] GC(1678) Pause Young (Allocation Failure) 725M->624M(869M) 85.239ms
[544.878s][info][gc,cpu         ] GC(1678) User=0.17s Sys=0.00s Real=0.08s
[545.008s][info][gc,start       ] GC(1679) Pause Young (Allocation Failure)
[545.071s][info][gc,heap        ] GC(1679) PSYoungGen: 197936K(222720K)->62128K(222720K) Eden: 111616K(111616K)->0K(111616K) From: 86320K(111104K)->62128K(111104K)
[545.071s][info][gc,heap        ] GC(1679) ParOldGen: 553430K(667648K)->557390K(667648K)
[545.071s][info][gc,metaspace   ] GC(1679) Metaspace: 18900K(19008K)->18900K(19008K) NonClass: 17070K(17152K)->17070K(17152K) Class: 1829K(1856K)->1829K(1856K)
[545.071s][info][gc             ] GC(1679) Pause Young (Allocation Failure) 733M->604M(869M) 62.681ms
[545.071s][info][gc,cpu         ] GC(1679) User=0.13s Sys=0.00s Real=0.06s
[545.137s][info][gc,start       ] GC(1680) Pause Young (Allocation Failure)
[545.223s][info][gc,heap        ] GC(1680) PSYoungGen: 173744K(222720K)->93408K(222720K) Eden: 111616K(111616K)->0K(111616K) From: 62128K(111104K)->93408K(111104K)
[545.223s][info][gc,heap        ] GC(1680) ParOldGen: 557390K(667648K)->568342K(667648K)
[545.223s][info][gc,metaspace   ] GC(1680) Metaspace: 18900K(19008K)->18900K(19008K) NonClass: 17070K(17152K)->17070K(17152K) Class: 1829K(1856K)->1829K(1856K)
[545.223s][info][gc             ] GC(1680) Pause Young (Allocation Failure) 713M->646M(869M) 85.864ms
[545.223s][info][gc,cpu         ] GC(1680) User=0.17s Sys=0.00s Real=0.09s
[545.464s][info][gc,start       ] GC(1681) Pause Young (Allocation Failure)
[545.560s][info][gc,heap        ] GC(1681) PSYoungGen: 205024K(222720K)->87088K(222720K) Eden: 111616K(111616K)->0K(111616K) From: 93408K(111104K)->87088K(111104K)
[545.560s][info][gc,heap        ] GC(1681) ParOldGen: 568342K(667648K)->590651K(667648K)
[545.560s][info][gc,metaspace   ] GC(1681) Metaspace: 18900K(19008K)->18900K(19008K) NonClass: 17070K(17152K)->17070K(17152K) Class: 1829K(1856K)->1829K(1856K)
[545.560s][info][gc             ] GC(1681) Pause Young (Allocation Failure) 755M->661M(869M) 96.261ms
[545.560s][info][gc,cpu         ] GC(1681) User=0.19s Sys=0.00s Real=0.09s
[545.748s][info][gc,start       ] GC(1682) Pause Young (Allocation Failure)
[545.816s][info][gc,heap        ] GC(1682) PSYoungGen: 198704K(222720K)->60016K(222720K) Eden: 111616K(111616K)->0K(111616K) From: 87088K(111104K)->60016K(111104K)
[545.816s][info][gc,heap        ] GC(1682) ParOldGen: 590651K(667648K)->619923K(667648K)
[545.816s][info][gc,metaspace   ] GC(1682) Metaspace: 18900K(19008K)->18900K(19008K) NonClass: 17070K(17152K)->17070K(17152K) Class: 1829K(1856K)->1829K(1856K)
[545.816s][info][gc             ] GC(1682) Pause Young (Allocation Failure) 770M->664M(869M) 68.220ms
[545.816s][info][gc,cpu         ] GC(1682) User=0.14s Sys=0.00s Real=0.07s
[545.969s][info][gc,start       ] GC(1683) Pause Full (Allocation Failure)
[545.969s][info][gc,phases,start] GC(1683) Marking Phase
[546.394s][info][gc,phases      ] GC(1683) Marking Phase 424.490ms
[546.394s][info][gc,phases,start] GC(1683) Summary Phase
[546.394s][info][gc,phases      ] GC(1683) Summary Phase 0.031ms
[546.394s][info][gc,phases,start] GC(1683) Forward
[546.479s][info][gc,phases      ] GC(1683) Forward 85.106ms
[546.479s][info][gc,phases,start] GC(1683) Adjust Pointers
[546.761s][info][gc,phases      ] GC(1683) Adjust Pointers 281.530ms
[546.761s][info][gc,phases,start] GC(1683) Compaction Phase
[546.912s][info][gc,phases      ] GC(1683) Compaction Phase 150.786ms
[546.919s][info][gc,phases,start] GC(1683) Post Compact
[546.922s][info][gc,phases      ] GC(1683) Post Compact 2.523ms
[546.922s][info][gc,heap        ] GC(1683) PSYoungGen: 171632K(222720K)->0K(222720K) Eden: 111616K(111616K)->0K(111616K) From: 60016K(111104K)->0K(111104K)
[546.922s][info][gc,heap        ] GC(1683) ParOldGen: 619923K(667648K)->518888K(667648K)
[546.922s][info][gc,metaspace   ] GC(1683) Metaspace: 18900K(19008K)->18900K(19008K) NonClass: 17070K(17152K)->17070K(17152K) Class: 1829K(1856K)->1829K(1856K)
[546.922s][info][gc             ] GC(1683) Pause Full (Allocation Failure) 773M->506M(869M) 952.489ms
[546.922s][info][gc,cpu         ] GC(1683) User=1.82s Sys=0.00s Real=0.95s
[547.117s][info][gc,start       ] GC(1684) Pause Young (Allocation Failure)
[547.142s][info][gc,heap        ] GC(1684) PSYoungGen: 111616K(222720K)->13856K(222720K) Eden: 111616K(111616K)->0K(111616K) From: 0K(111104K)->13856K(111104K)
[547.142s][info][gc,heap        ] GC(1684) ParOldGen: 518888K(667648K)->518888K(667648K)
[547.142s][info][gc,metaspace   ] GC(1684) Metaspace: 18900K(19008K)->18900K(19008K) NonClass: 17070K(17152K)->17070K(17152K) Class: 1829K(1856K)->1829K(1856K)
[547.142s][info][gc             ] GC(1684) Pause Young (Allocation Failure) 615M->520M(869M) 25.771ms
[547.142s][info][gc,cpu         ] GC(1684) User=0.06s Sys=0.00s Real=0.03s
[547.268s][info][gc,start       ] GC(1685) Pause Young (Allocation Failure)
[547.300s][info][gc,heap        ] GC(1685) PSYoungGen: 125472K(222720K)->12320K(222720K) Eden: 111616K(111616K)->0K(111616K) From: 13856K(111104K)->12320K(111104K)
[547.301s][info][gc,heap        ] GC(1685) ParOldGen: 518888K(667648K)->532776K(667648K)
[547.301s][info][gc,metaspace   ] GC(1685) Metaspace: 18900K(19008K)->18900K(19008K) NonClass: 17070K(17152K)->17070K(17152K) Class: 1829K(1856K)->1829K(1856K)
[547.301s][info][gc             ] GC(1685) Pause Young (Allocation Failure) 629M->532M(869M) 32.893ms
[547.301s][info][gc,cpu         ] GC(1685) User=0.07s Sys=0.00s Real=0.03s
[547.416s][info][gc,start       ] GC(1686) Pause Young (Allocation Failure)
[547.433s][info][gc,heap        ] GC(1686) PSYoungGen: 123936K(222720K)->672K(222720K) Eden: 111616K(111616K)->0K(111616K) From: 12320K(111104K)->672K(111104K)
[547.433s][info][gc,heap        ] GC(1686) ParOldGen: 532776K(667648K)->545104K(667648K)
[547.433s][info][gc,metaspace   ] GC(1686) Metaspace: 18900K(19008K)->18900K(19008K) NonClass: 17070K(17152K)->17070K(17152K) Class: 1829K(1856K)->1829K(1856K)
[547.434s][info][gc             ] GC(1686) Pause Young (Allocation Failure) 641M->532M(869M) 17.340ms
[547.434s][info][gc,cpu         ] GC(1686) User=0.03s Sys=0.00s Real=0.02s
[547.573s][info][gc,start       ] GC(1687) Pause Young (Allocation Failure)
[547.582s][info][gc,heap        ] GC(1687) PSYoungGen: 112288K(222720K)->224K(222720K) Eden: 111616K(111616K)->0K(111616K) From: 672K(111104K)->224K(111104K)
[547.582s][info][gc,heap        ] GC(1687) ParOldGen: 545104K(667648K)->545784K(667648K)
[547.582s][info][gc,metaspace   ] GC(1687) Metaspace: 18900K(19008K)->18900K(19008K) NonClass: 17070K(17152K)->17070K(17152K) Class: 1829K(1856K)->1829K(1856K)
[547.582s][info][gc             ] GC(1687) Pause Young (Allocation Failure) 641M->533M(869M) 9.751ms
[547.582s][info][gc,cpu         ] GC(1687) User=0.02s Sys=0.00s Real=0.01s
[547.730s][info][gc,start       ] GC(1688) Pause Young (Allocation Failure)
[547.739s][info][gc,heap        ] GC(1688) PSYoungGen: 111840K(222720K)->4288K(222720K) Eden: 111616K(111616K)->0K(111616K) From: 224K(111104K)->4288K(111104K)
[547.739s][info][gc,heap        ] GC(1688) ParOldGen: 545784K(667648K)->545976K(667648K)
[547.739s][info][gc,metaspace   ] GC(1688) Metaspace: 18900K(19008K)->18900K(19008K) NonClass: 17070K(17152K)->17070K(17152K) Class: 1829K(1856K)->1829K(1856K)
[547.739s][info][gc             ] GC(1688) Pause Young (Allocation Failure) 642M->537M(869M) 8.796ms
[547.739s][info][gc,cpu         ] GC(1688) User=0.02s Sys=0.00s Real=0.01s
[547.927s][info][gc,start       ] GC(1689) Pause Young (Allocation Failure)
[547.945s][info][gc,heap        ] GC(1689) PSYoungGen: 115904K(222720K)->9888K(222720K) Eden: 111616K(111616K)->0K(111616K) From: 4288K(111104K)->9888K(111104K)
[547.945s][info][gc,heap        ] GC(1689) ParOldGen: 545976K(667648K)->550256K(667648K)
[547.945s][info][gc,metaspace   ] GC(1689) Metaspace: 18900K(19008K)->18900K(19008K) NonClass: 17070K(17152K)->17070K(17152K) Class: 1829K(1856K)->1829K(1856K)
[547.945s][info][gc             ] GC(1689) Pause Young (Allocation Failure) 646M->547M(869M) 17.831ms
[547.945s][info][gc,cpu         ] GC(1689) User=0.03s Sys=0.00s Real=0.02s
[548.140s][info][gc,start       ] GC(1690) Pause Young (Allocation Failure)
[548.171s][info][gc,heap        ] GC(1690) PSYoungGen: 121504K(222720K)->18336K(222720K) Eden: 111616K(111616K)->0K(111616K) From: 9888K(111104K)->18336K(111104K)
[548.171s][info][gc,heap        ] GC(1690) ParOldGen: 550256K(667648K)->560160K(667648K)
[548.172s][info][gc,metaspace   ] GC(1690) Metaspace: 18900K(19008K)->18900K(19008K) NonClass: 17070K(17152K)->17070K(17152K) Class: 1829K(1856K)->1829K(1856K)
[548.172s][info][gc             ] GC(1690) Pause Young (Allocation Failure) 656M->564M(869M) 31.642ms
[548.172s][info][gc,cpu         ] GC(1690) User=0.06s Sys=0.00s Real=0.03s
[548.485s][info][gc,start       ] GC(1691) Pause Young (Allocation Failure)
[548.510s][info][gc,heap        ] GC(1691) PSYoungGen: 129952K(222720K)->672K(222720K) Eden: 111616K(111616K)->0K(111616K) From: 18336K(111104K)->672K(111104K)
[548.510s][info][gc,heap        ] GC(1691) ParOldGen: 560160K(667648K)->578528K(667648K)
[548.510s][info][gc,metaspace   ] GC(1691) Metaspace: 18900K(19008K)->18900K(19008K) NonClass: 17070K(17152K)->17070K(17152K) Class: 1829K(1856K)->1829K(1856K)
[548.510s][info][gc             ] GC(1691) Pause Young (Allocation Failure) 673M->565M(869M) 25.368ms
[548.510s][info][gc,cpu         ] GC(1691) User=0.05s Sys=0.00s Real=0.02s
[548.806s][info][gc,start       ] GC(1692) Pause Young (Allocation Failure)
[548.819s][info][gc,heap        ] GC(1692) PSYoungGen: 112288K(222720K)->64K(222720K) Eden: 111616K(111616K)->0K(111616K) From: 672K(111104K)->64K(111104K)
[548.819s][info][gc,heap        ] GC(1692) ParOldGen: 578528K(667648K)->579168K(667648K)
[548.819s][info][gc,metaspace   ] GC(1692) Metaspace: 18900K(19008K)->18900K(19008K) NonClass: 17070K(17152K)->17070K(17152K) Class: 1829K(1856K)->1829K(1856K)
[548.819s][info][gc             ] GC(1692) Pause Young (Allocation Failure) 674M->565M(869M) 13.510ms
[548.819s][info][gc,cpu         ] GC(1692) User=0.03s Sys=0.00s Real=0.01s
[549.097s][info][gc,start       ] GC(1693) Pause Young (Allocation Failure)
[549.101s][info][gc,heap        ] GC(1693) PSYoungGen: 111680K(222720K)->1504K(222720K) Eden: 111616K(111616K)->0K(111616K) From: 64K(111104K)->1504K(111104K)
[549.101s][info][gc,heap        ] GC(1693) ParOldGen: 579168K(667648K)->579216K(667648K)
[549.101s][info][gc,metaspace   ] GC(1693) Metaspace: 18900K(19008K)->18900K(19008K) NonClass: 17070K(17152K)->17070K(17152K) Class: 1829K(1856K)->1829K(1856K)
[549.101s][info][gc             ] GC(1693) Pause Young (Allocation Failure) 674M->567M(869M) 3.764ms
[549.101s][info][gc,cpu         ] GC(1693) User=0.01s Sys=0.00s Real=0.00s
[549.190s][info][gc,start       ] GC(1694) Pause Young (Allocation Failure)
[549.223s][info][gc,heap        ] GC(1694) PSYoungGen: 113120K(222720K)->40352K(222720K) Eden: 111616K(111616K)->0K(111616K) From: 1504K(111104K)->40352K(111104K)
[549.223s][info][gc,heap        ] GC(1694) ParOldGen: 579216K(667648K)->580712K(667648K)
[549.223s][info][gc,metaspace   ] GC(1694) Metaspace: 18900K(19008K)->18900K(19008K) NonClass: 17070K(17152K)->17070K(17152K) Class: 1829K(1856K)->1829K(1856K)
[549.223s][info][gc             ] GC(1694) Pause Young (Allocation Failure) 676M->606M(869M) 33.038ms
[549.223s][info][gc,cpu         ] GC(1694) User=0.06s Sys=0.00s Real=0.04s
[549.366s][info][gc,start       ] GC(1695) Pause Young (Allocation Failure)
[549.399s][info][gc,heap        ] GC(1695) PSYoungGen: 151968K(222720K)->2304K(222720K) Eden: 111616K(111616K)->0K(111616K) From: 40352K(111104K)->2304K(111104K)
[549.399s][info][gc,heap        ] GC(1695) ParOldGen: 580712K(667648K)->621565K(667648K)
[549.399s][info][gc,metaspace   ] GC(1695) Metaspace: 18900K(19008K)->18900K(19008K) NonClass: 17070K(17152K)->17070K(17152K) Class: 1829K(1856K)->1829K(1856K)
[549.399s][info][gc             ] GC(1695) Pause Young (Allocation Failure) 715M->609M(869M) 33.138ms
[549.399s][info][gc,cpu         ] GC(1695) User=0.06s Sys=0.00s Real=0.03s
[549.564s][info][gc,start       ] GC(1696) Pause Young (Allocation Failure)
[549.589s][info][gc,heap        ] GC(1696) PSYoungGen: 113920K(222720K)->13088K(210432K) Eden: 111616K(111616K)->0K(111616K) From: 2304K(111104K)->13088K(98816K)
[549.589s][info][gc,heap        ] GC(1696) ParOldGen: 621565K(667648K)->621565K(667648K)
[549.589s][info][gc,metaspace   ] GC(1696) Metaspace: 18900K(19008K)->18900K(19008K) NonClass: 17070K(17152K)->17070K(17152K) Class: 1829K(1856K)->1829K(1856K)
[549.589s][info][gc             ] GC(1696) Pause Young (Allocation Failure) 718M->619M(857M) 24.891ms
[549.589s][info][gc,cpu         ] GC(1696) User=0.04s Sys=0.00s Real=0.02s
[549.766s][info][gc,start       ] GC(1697) Pause Young (Allocation Failure)
[549.796s][info][gc,heap        ] GC(1697) PSYoungGen: 124704K(210432K)->19584K(216576K) Eden: 111616K(111616K)->0K(111616K) From: 13088K(98816K)->19584K(104960K)
[549.796s][info][gc,heap        ] GC(1697) ParOldGen: 621565K(667648K)->621565K(667648K)
[549.796s][info][gc,metaspace   ] GC(1697) Metaspace: 18900K(19008K)->18900K(19008K) NonClass: 17070K(17152K)->17070K(17152K) Class: 1829K(1856K)->1829K(1856K)
[549.796s][info][gc             ] GC(1697) Pause Young (Allocation Failure) 728M->626M(863M) 30.120ms
[549.796s][info][gc,cpu         ] GC(1697) User=0.06s Sys=0.00s Real=0.03s
[549.929s][info][gc,start       ] GC(1698) Pause Young (Allocation Failure)
[549.976s][info][gc,heap        ] GC(1698) PSYoungGen: 131200K(216576K)->35328K(212480K) Eden: 111616K(111616K)->0K(120320K) From: 19584K(104960K)->35328K(92160K)
[549.976s][info][gc,heap        ] GC(1698) ParOldGen: 621565K(667648K)->621565K(667648K)
[549.976s][info][gc,metaspace   ] GC(1698) Metaspace: 18900K(19008K)->18900K(19008K) NonClass: 17070K(17152K)->17070K(17152K) Class: 1829K(1856K)->1829K(1856K)
[549.976s][info][gc             ] GC(1698) Pause Young (Allocation Failure) 735M->641M(859M) 46.764ms
[549.976s][info][gc,cpu         ] GC(1698) User=0.09s Sys=0.00s Real=0.05s
[550.087s][info][gc,start       ] GC(1699) Pause Young (Allocation Failure)
[550.134s][info][gc,heap        ] GC(1699) PSYoungGen: 155648K(212480K)->36416K(215040K) Eden: 120320K(120320K)->0K(120320K) From: 35328K(92160K)->36416K(94720K)
[550.134s][info][gc,heap        ] GC(1699) ParOldGen: 621565K(667648K)->621565K(667648K)
[550.134s][info][gc,metaspace   ] GC(1699) Metaspace: 18900K(19008K)->18900K(19008K) NonClass: 17070K(17152K)->17070K(17152K) Class: 1829K(1856K)->1829K(1856K)
[550.134s][info][gc             ] GC(1699) Pause Young (Allocation Failure) 758M->642M(862M) 47.381ms
[550.134s][info][gc,cpu         ] GC(1699) User=0.09s Sys=0.00s Real=0.05s
[550.279s][info][gc,start       ] GC(1700) Pause Young (Allocation Failure)
[550.337s][info][gc,heap        ] GC(1700) PSYoungGen: 156736K(215040K)->43936K(222720K) Eden: 120320K(120320K)->0K(131072K) From: 36416K(94720K)->43936K(91648K)
[550.337s][info][gc,heap        ] GC(1700) ParOldGen: 621565K(667648K)->621565K(667648K)
[550.337s][info][gc,metaspace   ] GC(1700) Metaspace: 18900K(19008K)->18900K(19008K) NonClass: 17070K(17152K)->17070K(17152K) Class: 1829K(1856K)->1829K(1856K)
[550.337s][info][gc             ] GC(1700) Pause Young (Allocation Failure) 760M->649M(869M) 57.800ms
[550.337s][info][gc,cpu         ] GC(1700) User=0.11s Sys=0.00s Real=0.06s
[550.651s][info][gc,start       ] GC(1701) Pause Young (Allocation Failure)
[550.719s][info][gc,heap        ] GC(1701) PSYoungGen: 175008K(222720K)->54048K(222720K) Eden: 131072K(131072K)->0K(131072K) From: 43936K(91648K)->54048K(91648K)
[550.719s][info][gc,heap        ] GC(1701) ParOldGen: 621565K(667648K)->621565K(667648K)
[550.719s][info][gc,metaspace   ] GC(1701) Metaspace: 18904K(19072K)->18904K(19072K) NonClass: 17074K(17216K)->17074K(17216K) Class: 1829K(1856K)->1829K(1856K)
[550.719s][info][gc             ] GC(1701) Pause Young (Allocation Failure) 777M->659M(869M) 67.934ms
[550.719s][info][gc,cpu         ] GC(1701) User=0.13s Sys=0.00s Real=0.07s
[551.065s][info][gc,start       ] GC(1702) Pause Young (Allocation Failure)
[551.133s][info][gc,heap        ] GC(1702) PSYoungGen: 185120K(222720K)->54080K(235008K) Eden: 131072K(131072K)->0K(140288K) From: 54048K(91648K)->54080K(94720K)
[551.133s][info][gc,heap        ] GC(1702) ParOldGen: 621565K(667648K)->621565K(667648K)
[551.133s][info][gc,metaspace   ] GC(1702) Metaspace: 18904K(19072K)->18904K(19072K) NonClass: 17074K(17216K)->17074K(17216K) Class: 1829K(1856K)->1829K(1856K)
[551.133s][info][gc             ] GC(1702) Pause Young (Allocation Failure) 787M->659M(881M) 67.284ms
[551.133s][info][gc,cpu         ] GC(1702) User=0.13s Sys=0.00s Real=0.07s
[551.494s][info][gc,start       ] GC(1703) Pause Young (Allocation Failure)
[551.566s][info][gc,heap        ] GC(1703) PSYoungGen: 194368K(235008K)->54112K(194560K) Eden: 140288K(140288K)->0K(140288K) From: 54080K(94720K)->54112K(54272K)
[551.566s][info][gc,heap        ] GC(1703) ParOldGen: 621565K(667648K)->621565K(667648K)
[551.566s][info][gc,metaspace   ] GC(1703) Metaspace: 18904K(19072K)->18904K(19072K) NonClass: 17074K(17216K)->17074K(17216K) Class: 1829K(1856K)->1829K(1856K)
[551.566s][info][gc             ] GC(1703) Pause Young (Allocation Failure) 796M->659M(842M) 71.194ms
[551.566s][info][gc,cpu         ] GC(1703) User=0.14s Sys=0.00s Real=0.07s
[551.952s][info][gc,start       ] GC(1704) Pause Young (Allocation Failure)
[552.038s][info][gc,heap        ] GC(1704) PSYoungGen: 194400K(194560K)->54432K(234496K) Eden: 140288K(140288K)->0K(136192K) From: 54112K(54272K)->54432K(98304K)
[552.039s][info][gc,heap        ] GC(1704) ParOldGen: 621565K(667648K)->621565K(667648K)
[552.039s][info][gc,metaspace   ] GC(1704) Metaspace: 18904K(19072K)->18904K(19072K) NonClass: 17074K(17216K)->17074K(17216K) Class: 1829K(1856K)->1829K(1856K)
[552.039s][info][gc             ] GC(1704) Pause Young (Allocation Failure) 796M->660M(881M) 86.382ms
[552.039s][info][gc,cpu         ] GC(1704) User=0.17s Sys=0.00s Real=0.08s
[552.160s][info][gc,start       ] GC(1705) Pause Young (Allocation Failure)
[552.247s][info][gc,heap        ] GC(1705) PSYoungGen: 190624K(234496K)->85408K(221696K) Eden: 136192K(136192K)->0K(136192K) From: 54432K(98304K)->85408K(85504K)
[552.247s][info][gc,heap        ] GC(1705) ParOldGen: 621565K(667648K)->621565K(667648K)
[552.247s][info][gc,metaspace   ] GC(1705) Metaspace: 18904K(19072K)->18904K(19072K) NonClass: 17074K(17216K)->17074K(17216K) Class: 1829K(1856K)->1829K(1856K)
[552.247s][info][gc             ] GC(1705) Pause Young (Allocation Failure) 793M->690M(868M) 86.584ms
[552.247s][info][gc,cpu         ] GC(1705) User=0.17s Sys=0.00s Real=0.09s
[552.364s][info][gc,start       ] GC(1706) Pause Young (Allocation Failure)
[552.513s][info][gc,heap        ] GC(1706) PSYoungGen: 221600K(221696K)->110576K(222208K) Eden: 136192K(136192K)->0K(111616K) From: 85408K(85504K)->110576K(110592K)
[552.513s][info][gc,heap        ] GC(1706) ParOldGen: 621565K(667648K)->650367K(667648K)
[552.513s][info][gc,metaspace   ] GC(1706) Metaspace: 18904K(19072K)->18904K(19072K) NonClass: 17074K(17216K)->17074K(17216K) Class: 1829K(1856K)->1829K(1856K)
[552.513s][info][gc             ] GC(1706) Pause Young (Allocation Failure) 823M->743M(869M) 149.623ms
[552.513s][info][gc,cpu         ] GC(1706) User=0.26s Sys=0.04s Real=0.15s
[552.584s][info][gc,start       ] GC(1707) Pause Full (Allocation Failure)
[552.584s][info][gc,phases,start] GC(1707) Marking Phase
[552.903s][info][gc,phases      ] GC(1707) Marking Phase 319.290ms
[552.903s][info][gc,phases,start] GC(1707) Summary Phase
[552.903s][info][gc,phases      ] GC(1707) Summary Phase 0.034ms
[552.903s][info][gc,phases,start] GC(1707) Forward
[553.026s][info][gc,phases      ] GC(1707) Forward 122.948ms
[553.026s][info][gc,phases,start] GC(1707) Adjust Pointers
[553.285s][info][gc,phases      ] GC(1707) Adjust Pointers 259.016ms
[553.285s][info][gc,phases,start] GC(1707) Compaction Phase
[553.445s][info][gc,phases      ] GC(1707) Compaction Phase 159.811ms
[553.451s][info][gc,phases,start] GC(1707) Post Compact
[553.454s][info][gc,phases      ] GC(1707) Post Compact 2.530ms
[553.454s][info][gc,heap        ] GC(1707) PSYoungGen: 222192K(222208K)->0K(222720K) Eden: 111616K(111616K)->0K(111616K) From: 110576K(110592K)->0K(111104K)
[553.454s][info][gc,heap        ] GC(1707) ParOldGen: 650367K(667648K)->451140K(667648K)
[553.454s][info][gc,metaspace   ] GC(1707) Metaspace: 18904K(19072K)->18904K(19072K) NonClass: 17074K(17216K)->17074K(17216K) Class: 1829K(1856K)->1829K(1856K)
[553.454s][info][gc             ] GC(1707) Pause Full (Allocation Failure) 852M->440M(869M) 870.357ms
[553.454s][info][gc,cpu         ] GC(1707) User=1.60s Sys=0.00s Real=0.87s
[553.526s][info][gc,start       ] GC(1708) Pause Young (Allocation Failure)
[553.547s][info][gc,heap        ] GC(1708) PSYoungGen: 111616K(222720K)->20960K(222720K) Eden: 111616K(111616K)->0K(111616K) From: 0K(111104K)->20960K(111104K)
[553.547s][info][gc,heap        ] GC(1708) ParOldGen: 451140K(667648K)->451140K(667648K)
[553.547s][info][gc,metaspace   ] GC(1708) Metaspace: 18904K(19072K)->18904K(19072K) NonClass: 17074K(17216K)->17074K(17216K) Class: 1829K(1856K)->1829K(1856K)
[553.547s][info][gc             ] GC(1708) Pause Young (Allocation Failure) 549M->461M(869M) 21.606ms
[553.547s][info][gc,cpu         ] GC(1708) User=0.04s Sys=0.00s Real=0.02s
[553.740s][info][gc,start       ] GC(1709) Pause Young (Allocation Failure)
[553.797s][info][gc,heap        ] GC(1709) PSYoungGen: 132576K(222720K)->39904K(222720K) Eden: 111616K(111616K)->0K(111616K) From: 20960K(111104K)->39904K(111104K)
[553.797s][info][gc,heap        ] GC(1709) ParOldGen: 451140K(667648K)->451140K(667648K)
[553.797s][info][gc,metaspace   ] GC(1709) Metaspace: 18904K(19072K)->18904K(19072K) NonClass: 17074K(17216K)->17074K(17216K) Class: 1829K(1856K)->1829K(1856K)
[553.797s][info][gc             ] GC(1709) Pause Young (Allocation Failure) 570M->479M(869M) 57.345ms
[553.797s][info][gc,cpu         ] GC(1709) User=0.11s Sys=0.00s Real=0.06s
[553.912s][info][gc,start       ] GC(1710) Pause Young (Allocation Failure)
[553.978s][info][gc,heap        ] GC(1710) PSYoungGen: 151520K(222720K)->44544K(222720K) Eden: 111616K(111616K)->0K(111616K) From: 39904K(111104K)->44544K(111104K)
[553.978s][info][gc,heap        ] GC(1710) ParOldGen: 451140K(667648K)->451140K(667648K)
[553.978s][info][gc,metaspace   ] GC(1710) Metaspace: 18904K(19072K)->18904K(19072K) NonClass: 17074K(17216K)->17074K(17216K) Class: 1829K(1856K)->1829K(1856K)
[553.978s][info][gc             ] GC(1710) Pause Young (Allocation Failure) 588M->484M(869M) 66.389ms
[553.978s][info][gc,cpu         ] GC(1710) User=0.13s Sys=0.00s Real=0.07s
[554.165s][info][gc,start       ] GC(1711) Pause Young (Allocation Failure)
[554.243s][info][gc,heap        ] GC(1711) PSYoungGen: 156160K(222720K)->57536K(222720K) Eden: 111616K(111616K)->0K(111616K) From: 44544K(111104K)->57536K(111104K)
[554.243s][info][gc,heap        ] GC(1711) ParOldGen: 451140K(667648K)->451140K(667648K)
[554.243s][info][gc,metaspace   ] GC(1711) Metaspace: 18904K(19072K)->18904K(19072K) NonClass: 17074K(17216K)->17074K(17216K) Class: 1829K(1856K)->1829K(1856K)
[554.243s][info][gc             ] GC(1711) Pause Young (Allocation Failure) 593M->496M(869M) 78.705ms
[554.244s][info][gc,cpu         ] GC(1711) User=0.15s Sys=0.00s Real=0.08s
[554.382s][info][gc,start       ] GC(1712) Pause Young (Allocation Failure)
[554.469s][info][gc,heap        ] GC(1712) PSYoungGen: 169152K(222720K)->63616K(222720K) Eden: 111616K(111616K)->0K(111616K) From: 57536K(111104K)->63616K(111104K)
[554.469s][info][gc,heap        ] GC(1712) ParOldGen: 451140K(667648K)->451140K(667648K)
[554.469s][info][gc,metaspace   ] GC(1712) Metaspace: 18904K(19072K)->18904K(19072K) NonClass: 17074K(17216K)->17074K(17216K) Class: 1829K(1856K)->1829K(1856K)
[554.469s][info][gc             ] GC(1712) Pause Young (Allocation Failure) 605M->502M(869M) 87.222ms
[554.469s][info][gc,cpu         ] GC(1712) User=0.17s Sys=0.00s Real=0.09s
[554.613s][info][gc,start       ] GC(1713) Pause Young (Allocation Failure)
[554.698s][info][gc,heap        ] GC(1713) PSYoungGen: 175232K(222720K)->42688K(222720K) Eden: 111616K(111616K)->0K(111616K) From: 63616K(111104K)->42688K(111104K)
[554.698s][info][gc,heap        ] GC(1713) ParOldGen: 451140K(667648K)->472308K(667648K)
[554.698s][info][gc,metaspace   ] GC(1713) Metaspace: 18904K(19072K)->18904K(19072K) NonClass: 17074K(17216K)->17074K(17216K) Class: 1829K(1856K)->1829K(1856K)
[554.698s][info][gc             ] GC(1713) Pause Young (Allocation Failure) 611M->502M(869M) 85.359ms
[554.698s][info][gc,cpu         ] GC(1713) User=0.16s Sys=0.00s Real=0.08s
[554.842s][info][gc,start       ] GC(1714) Pause Young (Allocation Failure)
[554.913s][info][gc,heap        ] GC(1714) PSYoungGen: 154304K(222720K)->19104K(220672K) Eden: 111616K(111616K)->0K(111616K) From: 42688K(111104K)->19104K(109056K)
[554.913s][info][gc,heap        ] GC(1714) ParOldGen: 472308K(667648K)->495948K(667648K)
[554.913s][info][gc,metaspace   ] GC(1714) Metaspace: 18904K(19072K)->18904K(19072K) NonClass: 17074K(17216K)->17074K(17216K) Class: 1829K(1856K)->1829K(1856K)
[554.913s][info][gc             ] GC(1714) Pause Young (Allocation Failure) 611M->502M(867M) 71.080ms
[554.913s][info][gc,cpu         ] GC(1714) User=0.14s Sys=0.00s Real=0.07s
[555.060s][info][gc,start       ] GC(1715) Pause Young (Allocation Failure)
[555.093s][info][gc,heap        ] GC(1715) PSYoungGen: 130720K(220672K)->64K(221696K) Eden: 111616K(111616K)->0K(111616K) From: 19104K(109056K)->64K(110080K)
[555.093s][info][gc,heap        ] GC(1715) ParOldGen: 495948K(667648K)->515084K(667648K)
[555.093s][info][gc,metaspace   ] GC(1715) Metaspace: 18904K(19072K)->18904K(19072K) NonClass: 17074K(17216K)->17074K(17216K) Class: 1829K(1856K)->1829K(1856K)
[555.093s][info][gc             ] GC(1715) Pause Young (Allocation Failure) 611M->503M(868M) 33.192ms
[555.093s][info][gc,cpu         ] GC(1715) User=0.07s Sys=0.00s Real=0.04s
[555.238s][info][gc,start       ] GC(1716) Pause Young (Allocation Failure)
[555.239s][info][gc,heap        ] GC(1716) PSYoungGen: 111680K(221696K)->64K(222720K) Eden: 111616K(111616K)->0K(111616K) From: 64K(110080K)->64K(111104K)
[555.239s][info][gc,heap        ] GC(1716) ParOldGen: 515084K(667648K)->515084K(667648K)
[555.239s][info][gc,metaspace   ] GC(1716) Metaspace: 18904K(19072K)->18904K(19072K) NonClass: 17074K(17216K)->17074K(17216K) Class: 1829K(1856K)->1829K(1856K)
[555.239s][info][gc             ] GC(1716) Pause Young (Allocation Failure) 612M->503M(869M) 1.839ms
[555.239s][info][gc,cpu         ] GC(1716) User=0.00s Sys=0.00s Real=0.00s
[555.385s][info][gc,start       ] GC(1717) Pause Young (Allocation Failure)
[555.387s][info][gc,heap        ] GC(1717) PSYoungGen: 111680K(222720K)->64K(112128K) Eden: 111616K(111616K)->0K(111616K) From: 64K(111104K)->64K(512K)
[555.387s][info][gc,heap        ] GC(1717) ParOldGen: 515084K(667648K)->515084K(667648K)
[555.387s][info][gc,metaspace   ] GC(1717) Metaspace: 18904K(19072K)->18904K(19072K) NonClass: 17074K(17216K)->17074K(17216K) Class: 1829K(1856K)->1829K(1856K)
[555.387s][info][gc             ] GC(1717) Pause Young (Allocation Failure) 612M->503M(761M) 1.887ms
[555.387s][info][gc,cpu         ] GC(1717) User=0.00s Sys=0.00s Real=0.00s
[555.541s][info][gc,start       ] GC(1718) Pause Young (Allocation Failure)
[555.542s][info][gc,heap        ] GC(1718) PSYoungGen: 111680K(112128K)->64K(224256K) Eden: 111616K(111616K)->0K(113664K) From: 64K(512K)->64K(110592K)
[555.542s][info][gc,heap        ] GC(1718) ParOldGen: 515084K(667648K)->515084K(667648K)
[555.542s][info][gc,metaspace   ] GC(1718) Metaspace: 18904K(19072K)->18904K(19072K) NonClass: 17074K(17216K)->17074K(17216K) Class: 1829K(1856K)->1829K(1856K)
[555.543s][info][gc             ] GC(1718) Pause Young (Allocation Failure) 612M->503M(871M) 1.866ms
[555.543s][info][gc,cpu         ] GC(1718) User=0.00s Sys=0.00s Real=0.01s
[555.696s][info][gc,start       ] GC(1719) Pause Young (Allocation Failure)
[555.698s][info][gc,heap        ] GC(1719) PSYoungGen: 113728K(224256K)->64K(114176K) Eden: 113664K(113664K)->0K(113664K) From: 64K(110592K)->64K(512K)
[555.698s][info][gc,heap        ] GC(1719) ParOldGen: 515084K(667648K)->515084K(667648K)
[555.698s][info][gc,metaspace   ] GC(1719) Metaspace: 18904K(19072K)->18904K(19072K) NonClass: 17074K(17216K)->17074K(17216K) Class: 1829K(1856K)->1829K(1856K)
[555.698s][info][gc             ] GC(1719) Pause Young (Allocation Failure) 614M->503M(763M) 2.303ms
[555.698s][info][gc,cpu         ] GC(1719) User=0.00s Sys=0.00s Real=0.00s
[555.845s][info][gc,start       ] GC(1720) Pause Young (Allocation Failure)
[555.846s][info][gc,heap        ] GC(1720) PSYoungGen: 113728K(114176K)->64K(222720K) Eden: 113664K(113664K)->0K(117760K) From: 64K(512K)->64K(104960K)
[555.847s][info][gc,heap        ] GC(1720) ParOldGen: 515084K(667648K)->515084K(667648K)
[555.847s][info][gc,metaspace   ] GC(1720) Metaspace: 18904K(19072K)->18904K(19072K) NonClass: 17074K(17216K)->17074K(17216K) Class: 1829K(1856K)->1829K(1856K)
[555.847s][info][gc             ] GC(1720) Pause Young (Allocation Failure) 614M->503M(869M) 1.998ms
[555.847s][info][gc,cpu         ] GC(1720) User=0.01s Sys=0.00s Real=0.00s
[555.998s][info][gc,start       ] GC(1721) Pause Young (Allocation Failure)
[556.000s][info][gc,heap        ] GC(1721) PSYoungGen: 117824K(222720K)->64K(220672K) Eden: 117760K(117760K)->0K(117760K) From: 64K(104960K)->64K(102912K)
[556.000s][info][gc,heap        ] GC(1721) ParOldGen: 515084K(667648K)->515084K(667648K)
[556.000s][info][gc,metaspace   ] GC(1721) Metaspace: 18904K(19072K)->18904K(19072K) NonClass: 17074K(17216K)->17074K(17216K) Class: 1829K(1856K)->1829K(1856K)
[556.000s][info][gc             ] GC(1721) Pause Young (Allocation Failure) 618M->503M(867M) 2.205ms
[556.000s][info][gc,cpu         ] GC(1721) User=0.00s Sys=0.00s Real=0.00s
[556.170s][info][gc,start       ] GC(1722) Pause Young (Allocation Failure)
[556.173s][info][gc,heap        ] GC(1722) PSYoungGen: 117824K(220672K)->64K(211968K) Eden: 117760K(117760K)->0K(121856K) From: 64K(102912K)->64K(90112K)
[556.173s][info][gc,heap        ] GC(1722) ParOldGen: 515084K(667648K)->515084K(667648K)
[556.173s][info][gc,metaspace   ] GC(1722) Metaspace: 18904K(19072K)->18904K(19072K) NonClass: 17074K(17216K)->17074K(17216K) Class: 1829K(1856K)->1829K(1856K)
[556.173s][info][gc             ] GC(1722) Pause Young (Allocation Failure) 618M->503M(859M) 2.631ms
[556.173s][info][gc,cpu         ] GC(1722) User=0.00s Sys=0.00s Real=0.01s
[556.306s][info][gc,start       ] GC(1723) Pause Young (Allocation Failure)
[556.323s][info][gc,heap        ] GC(1723) PSYoungGen: 121920K(211968K)->12608K(134656K) Eden: 121856K(121856K)->0K(121856K) From: 64K(90112K)->12608K(12800K)
[556.323s][info][gc,heap        ] GC(1723) ParOldGen: 515084K(667648K)->515084K(667648K)
[556.323s][info][gc,metaspace   ] GC(1723) Metaspace: 18904K(19072K)->18904K(19072K) NonClass: 17074K(17216K)->17074K(17216K) Class: 1829K(1856K)->1829K(1856K)
[556.323s][info][gc             ] GC(1723) Pause Young (Allocation Failure) 622M->515M(783M) 16.717ms
[556.323s][info][gc,cpu         ] GC(1723) User=0.03s Sys=0.00s Real=0.02s
[556.442s][info][gc,start       ] GC(1724) Pause Young (Allocation Failure)
[556.475s][info][gc,heap        ] GC(1724) PSYoungGen: 134464K(134656K)->29312K(214528K) Eden: 121856K(121856K)->0K(129536K) From: 12608K(12800K)->29312K(84992K)
[556.475s][info][gc,heap        ] GC(1724) ParOldGen: 515084K(667648K)->515084K(667648K)
[556.475s][info][gc,metaspace   ] GC(1724) Metaspace: 18904K(19072K)->18904K(19072K) NonClass: 17074K(17216K)->17074K(17216K) Class: 1829K(1856K)->1829K(1856K)
[556.475s][info][gc             ] GC(1724) Pause Young (Allocation Failure) 634M->531M(861M) 33.311ms
[556.475s][info][gc,cpu         ] GC(1724) User=0.07s Sys=0.01s Real=0.04s
[556.593s][info][gc,start       ] GC(1725) Pause Young (Allocation Failure)
[556.634s][info][gc,heap        ] GC(1725) PSYoungGen: 158848K(214528K)->37664K(215552K) Eden: 129536K(129536K)->0K(129536K) From: 29312K(84992K)->37664K(86016K)
[556.634s][info][gc,heap        ] GC(1725) ParOldGen: 515084K(667648K)->515084K(667648K)
[556.634s][info][gc,metaspace   ] GC(1725) Metaspace: 18904K(19072K)->18904K(19072K) NonClass: 17074K(17216K)->17074K(17216K) Class: 1829K(1856K)->1829K(1856K)
[556.634s][info][gc             ] GC(1725) Pause Young (Allocation Failure) 658M->539M(862M) 40.798ms
[556.634s][info][gc,cpu         ] GC(1725) User=0.08s Sys=0.00s Real=0.04s
[556.735s][info][gc,start       ] GC(1726) Pause Young (Allocation Failure)
[556.776s][info][gc,heap        ] GC(1726) PSYoungGen: 167200K(215552K)->39136K(225280K) Eden: 129536K(129536K)->0K(139264K) From: 37664K(86016K)->39136K(86016K)
[556.776s][info][gc,heap        ] GC(1726) ParOldGen: 515084K(667648K)->515084K(667648K)
[556.776s][info][gc,metaspace   ] GC(1726) Metaspace: 18904K(19072K)->18904K(19072K) NonClass: 17074K(17216K)->17074K(17216K) Class: 1829K(1856K)->1829K(1856K)
[556.776s][info][gc             ] GC(1726) Pause Young (Allocation Failure) 666M->541M(872M) 41.882ms
[556.776s][info][gc,cpu         ] GC(1726) User=0.08s Sys=0.00s Real=0.04s
[556.876s][info][gc,start       ] GC(1727) Pause Young (Allocation Failure)
[556.939s][info][gc,heap        ] GC(1727) PSYoungGen: 178400K(225280K)->57600K(225280K) Eden: 139264K(139264K)->0K(139264K) From: 39136K(86016K)->57600K(86016K)
[556.939s][info][gc,heap        ] GC(1727) ParOldGen: 515084K(667648K)->515084K(667648K)
[556.939s][info][gc,metaspace   ] GC(1727) Metaspace: 18904K(19072K)->18904K(19072K) NonClass: 17074K(17216K)->17074K(17216K) Class: 1829K(1856K)->1829K(1856K)
[556.939s][info][gc             ] GC(1727) Pause Young (Allocation Failure) 677M->559M(872M) 63.847ms
[556.939s][info][gc,cpu         ] GC(1727) User=0.13s Sys=0.00s Real=0.06s
[557.041s][info][gc,start       ] GC(1728) Pause Young (Allocation Failure)
[557.130s][info][gc,heap        ] GC(1728) PSYoungGen: 196864K(225280K)->76576K(218112K) Eden: 139264K(139264K)->0K(125952K) From: 57600K(86016K)->76576K(92160K)
[557.130s][info][gc,heap        ] GC(1728) ParOldGen: 515084K(667648K)->515084K(667648K)
[557.130s][info][gc,metaspace   ] GC(1728) Metaspace: 18904K(19072K)->18904K(19072K) NonClass: 17074K(17216K)->17074K(17216K) Class: 1829K(1856K)->1829K(1856K)
[557.130s][info][gc             ] GC(1728) Pause Young (Allocation Failure) 695M->577M(865M) 88.357ms
[557.130s][info][gc,cpu         ] GC(1728) User=0.16s Sys=0.01s Real=0.09s
[557.210s][info][gc,start       ] GC(1729) Pause Young (Allocation Failure)
[557.295s][info][gc,heap        ] GC(1729) PSYoungGen: 202528K(218112K)->80576K(206848K) Eden: 125952K(125952K)->0K(125952K) From: 76576K(92160K)->80576K(80896K)
[557.295s][info][gc,heap        ] GC(1729) ParOldGen: 515084K(667648K)->515084K(667648K)
[557.295s][info][gc,metaspace   ] GC(1729) Metaspace: 18904K(19072K)->18904K(19072K) NonClass: 17074K(17216K)->17074K(17216K) Class: 1829K(1856K)->1829K(1856K)
[557.295s][info][gc             ] GC(1729) Pause Young (Allocation Failure) 700M->581M(854M) 84.532ms
[557.295s][info][gc,cpu         ] GC(1729) User=0.17s Sys=0.00s Real=0.09s
[557.373s][info][gc,start       ] GC(1730) Pause Young (Allocation Failure)
[557.462s][info][gc,heap        ] GC(1730) PSYoungGen: 206528K(206848K)->87072K(222720K) Eden: 125952K(125952K)->0K(111616K) From: 80576K(80896K)->87072K(111104K)
[557.462s][info][gc,heap        ] GC(1730) ParOldGen: 515084K(667648K)->515084K(667648K)
[557.462s][info][gc,metaspace   ] GC(1730) Metaspace: 18904K(19072K)->18904K(19072K) NonClass: 17074K(17216K)->17074K(17216K) Class: 1829K(1856K)->1829K(1856K)
[557.462s][info][gc             ] GC(1730) Pause Young (Allocation Failure) 704M->588M(869M) 89.512ms
[557.462s][info][gc,cpu         ] GC(1730) User=0.18s Sys=0.00s Real=0.09s
[557.574s][info][gc,start       ] GC(1731) Pause Young (Allocation Failure)
[557.672s][info][gc,heap        ] GC(1731) PSYoungGen: 198688K(222720K)->79216K(222720K) Eden: 111616K(111616K)->0K(111616K) From: 87072K(111104K)->79216K(111104K)
[557.672s][info][gc,heap        ] GC(1731) ParOldGen: 515084K(667648K)->527692K(667648K)
[557.672s][info][gc,metaspace   ] GC(1731) Metaspace: 18904K(19072K)->18904K(19072K) NonClass: 17074K(17216K)->17074K(17216K) Class: 1829K(1856K)->1829K(1856K)
[557.672s][info][gc             ] GC(1731) Pause Young (Allocation Failure) 697M->592M(869M) 98.290ms
[557.672s][info][gc,cpu         ] GC(1731) User=0.19s Sys=0.00s Real=0.10s
[557.742s][info][gc,start       ] GC(1732) Pause Young (Allocation Failure)
[557.843s][info][gc,heap        ] GC(1732) PSYoungGen: 190832K(222720K)->73280K(222720K) Eden: 111616K(111616K)->0K(111616K) From: 79216K(111104K)->73280K(111104K)
[557.843s][info][gc,heap        ] GC(1732) ParOldGen: 527692K(667648K)->552828K(667648K)
[557.843s][info][gc,metaspace   ] GC(1732) Metaspace: 18904K(19072K)->18904K(19072K) NonClass: 17074K(17216K)->17074K(17216K) Class: 1829K(1856K)->1829K(1856K)
[557.843s][info][gc             ] GC(1732) Pause Young (Allocation Failure) 701M->611M(869M) 101.676ms
[557.843s][info][gc,cpu         ] GC(1732) User=0.20s Sys=0.00s Real=0.11s
[557.956s][info][gc,start       ] GC(1733) Pause Young (Allocation Failure)
[558.035s][info][gc,heap        ] GC(1733) PSYoungGen: 184896K(222720K)->53392K(222720K) Eden: 111616K(111616K)->0K(111616K) From: 73280K(111104K)->53392K(111104K)
[558.035s][info][gc,heap        ] GC(1733) ParOldGen: 552828K(667648K)->572852K(667648K)
[558.035s][info][gc,metaspace   ] GC(1733) Metaspace: 18904K(19072K)->18904K(19072K) NonClass: 17074K(17216K)->17074K(17216K) Class: 1829K(1856K)->1829K(1856K)
[558.035s][info][gc             ] GC(1733) Pause Young (Allocation Failure) 720M->611M(869M) 79.057ms
[558.035s][info][gc,cpu         ] GC(1733) User=0.15s Sys=0.01s Real=0.08s
[558.171s][info][gc,start       ] GC(1734) Pause Young (Allocation Failure)
[558.238s][info][gc,heap        ] GC(1734) PSYoungGen: 165008K(222720K)->39280K(222720K) Eden: 111616K(111616K)->0K(111616K) From: 53392K(111104K)->39280K(111104K)
[558.238s][info][gc,heap        ] GC(1734) ParOldGen: 572852K(667648K)->595908K(667648K)
[558.238s][info][gc,metaspace   ] GC(1734) Metaspace: 18904K(19072K)->18904K(19072K) NonClass: 17074K(17216K)->17074K(17216K) Class: 1829K(1856K)->1829K(1856K)
[558.238s][info][gc             ] GC(1734) Pause Young (Allocation Failure) 720M->620M(869M) 66.619ms
[558.238s][info][gc,cpu         ] GC(1734) User=0.13s Sys=0.00s Real=0.07s
[558.408s][info][gc,start       ] GC(1735) Pause Young (Allocation Failure)
[558.469s][info][gc,heap        ] GC(1735) PSYoungGen: 150896K(222720K)->44352K(222720K) Eden: 111616K(111616K)->0K(111616K) From: 39280K(111104K)->44352K(111104K)
[558.469s][info][gc,heap        ] GC(1735) ParOldGen: 595908K(667648K)->607148K(667648K)
[558.469s][info][gc,metaspace   ] GC(1735) Metaspace: 18904K(19072K)->18904K(19072K) NonClass: 17074K(17216K)->17074K(17216K) Class: 1829K(1856K)->1829K(1856K)
[558.469s][info][gc             ] GC(1735) Pause Young (Allocation Failure) 729M->636M(869M) 61.058ms
[558.469s][info][gc,cpu         ] GC(1735) User=0.12s Sys=0.00s Real=0.06s
[558.887s][info][gc,start       ] GC(1736) Pause Young (Allocation Failure)
[558.945s][info][gc,heap        ] GC(1736) PSYoungGen: 155968K(222720K)->25264K(221696K) Eden: 111616K(111616K)->0K(111616K) From: 44352K(111104K)->25264K(110080K)
[558.945s][info][gc,heap        ] GC(1736) ParOldGen: 607148K(667648K)->626404K(667648K)
[558.945s][info][gc,metaspace   ] GC(1736) Metaspace: 18904K(19072K)->18904K(19072K) NonClass: 17074K(17216K)->17074K(17216K) Class: 1829K(1856K)->1829K(1856K)
[558.946s][info][gc             ] GC(1736) Pause Young (Allocation Failure) 745M->636M(868M) 58.842ms
[558.946s][info][gc,cpu         ] GC(1736) User=0.12s Sys=0.00s Real=0.06s
[559.253s][info][gc,start       ] GC(1737) Pause Full (Allocation Failure)
[559.253s][info][gc,phases,start] GC(1737) Marking Phase
[559.764s][info][gc,phases      ] GC(1737) Marking Phase 511.593ms
[559.764s][info][gc,phases,start] GC(1737) Summary Phase
[559.764s][info][gc,phases      ] GC(1737) Summary Phase 0.028ms
[559.764s][info][gc,phases,start] GC(1737) Forward
[559.807s][info][gc,phases      ] GC(1737) Forward 42.725ms
[559.807s][info][gc,phases,start] GC(1737) Adjust Pointers
[560.194s][info][gc,phases      ] GC(1737) Adjust Pointers 386.336ms
[560.194s][info][gc,phases,start] GC(1737) Compaction Phase
[560.364s][info][gc,phases      ] GC(1737) Compaction Phase 169.926ms
[560.364s][info][gc,phases,start] GC(1737) Post Compact
[560.366s][info][gc,phases      ] GC(1737) Post Compact 2.257ms
[560.366s][info][gc,heap        ] GC(1737) PSYoungGen: 136880K(221696K)->0K(222208K) Eden: 111616K(111616K)->0K(111616K) From: 25264K(110080K)->0K(110592K)
[560.366s][info][gc,heap        ] GC(1737) ParOldGen: 626404K(667648K)->650843K(667648K)
[560.367s][info][gc,metaspace   ] GC(1737) Metaspace: 18904K(19072K)->18904K(19072K) NonClass: 17074K(17216K)->17074K(17216K) Class: 1829K(1856K)->1829K(1856K)
[560.367s][info][gc             ] GC(1737) Pause Full (Allocation Failure) 745M->635M(869M) 1113.899ms
[560.367s][info][gc,cpu         ] GC(1737) User=2.17s Sys=0.00s Real=1.11s
[560.685s][info][gc,start       ] GC(1738) Pause Full (Allocation Failure)
[560.685s][info][gc,phases,start] GC(1738) Marking Phase
[561.183s][info][gc,phases      ] GC(1738) Marking Phase 497.920ms
[561.183s][info][gc,phases,start] GC(1738) Summary Phase
[561.183s][info][gc,phases      ] GC(1738) Summary Phase 0.027ms
[561.183s][info][gc,phases,start] GC(1738) Forward
[561.183s][info][gc,phases      ] GC(1738) Forward 0.306ms
[561.183s][info][gc,phases,start] GC(1738) Adjust Pointers
[561.522s][info][gc,phases      ] GC(1738) Adjust Pointers 338.625ms
[561.522s][info][gc,phases,start] GC(1738) Compaction Phase
[561.664s][info][gc,phases      ] GC(1738) Compaction Phase 142.079ms
[561.664s][info][gc,phases,start] GC(1738) Post Compact
[561.667s][info][gc,phases      ] GC(1738) Post Compact 2.236ms
[561.667s][info][gc,heap        ] GC(1738) PSYoungGen: 111616K(222208K)->0K(223232K) Eden: 111616K(111616K)->0K(112640K) From: 0K(110592K)->0K(110592K)
[561.667s][info][gc,heap        ] GC(1738) ParOldGen: 650843K(667648K)->650882K(667648K)
[561.667s][info][gc,metaspace   ] GC(1738) Metaspace: 18904K(19072K)->18904K(19072K) NonClass: 17074K(17216K)->17074K(17216K) Class: 1829K(1856K)->1829K(1856K)
[561.667s][info][gc             ] GC(1738) Pause Full (Allocation Failure) 744M->635M(870M) 981.595ms
[561.667s][info][gc,cpu         ] GC(1738) User=1.92s Sys=0.00s Real=0.98s
[561.943s][info][gc,start       ] GC(1739) Pause Full (Allocation Failure)
[561.943s][info][gc,phases,start] GC(1739) Marking Phase
[562.444s][info][gc,phases      ] GC(1739) Marking Phase 500.314ms
[562.444s][info][gc,phases,start] GC(1739) Summary Phase
[562.444s][info][gc,phases      ] GC(1739) Summary Phase 0.029ms
[562.444s][info][gc,phases,start] GC(1739) Forward
[562.444s][info][gc,phases      ] GC(1739) Forward 0.278ms
[562.444s][info][gc,phases,start] GC(1739) Adjust Pointers
[562.772s][info][gc,phases      ] GC(1739) Adjust Pointers 328.248ms
[562.772s][info][gc,phases,start] GC(1739) Compaction Phase
[562.913s][info][gc,phases      ] GC(1739) Compaction Phase 140.772ms
[562.913s][info][gc,phases,start] GC(1739) Post Compact
[562.915s][info][gc,phases      ] GC(1739) Post Compact 2.210ms
[562.915s][info][gc,heap        ] GC(1739) PSYoungGen: 112640K(223232K)->0K(223232K) Eden: 112640K(112640K)->0K(112640K) From: 0K(110592K)->0K(110592K)
[562.915s][info][gc,heap        ] GC(1739) ParOldGen: 650882K(667648K)->650885K(667648K)
[562.915s][info][gc,metaspace   ] GC(1739) Metaspace: 18904K(19072K)->18904K(19072K) NonClass: 17074K(17216K)->17074K(17216K) Class: 1829K(1856K)->1829K(1856K)
[562.916s][info][gc             ] GC(1739) Pause Full (Allocation Failure) 745M->635M(870M) 972.278ms
[562.916s][info][gc,cpu         ] GC(1739) User=1.91s Sys=0.00s Real=0.97s
[563.204s][info][gc,start       ] GC(1740) Pause Full (Allocation Failure)
[563.204s][info][gc,phases,start] GC(1740) Marking Phase
[563.717s][info][gc,phases      ] GC(1740) Marking Phase 512.378ms
[563.717s][info][gc,phases,start] GC(1740) Summary Phase
[563.717s][info][gc,phases      ] GC(1740) Summary Phase 0.028ms
[563.717s][info][gc,phases,start] GC(1740) Forward
[563.717s][info][gc,phases      ] GC(1740) Forward 0.312ms
[563.717s][info][gc,phases,start] GC(1740) Adjust Pointers
[564.054s][info][gc,phases      ] GC(1740) Adjust Pointers 336.453ms
[564.054s][info][gc,phases,start] GC(1740) Compaction Phase
[564.195s][info][gc,phases      ] GC(1740) Compaction Phase 141.060ms
[564.195s][info][gc,phases,start] GC(1740) Post Compact
[564.197s][info][gc,phases      ] GC(1740) Post Compact 2.292ms
[564.197s][info][gc,heap        ] GC(1740) PSYoungGen: 112640K(223232K)->0K(223232K) Eden: 112640K(112640K)->0K(112640K) From: 0K(110592K)->0K(110592K)
[564.197s][info][gc,heap        ] GC(1740) ParOldGen: 650885K(667648K)->650888K(667648K)
[564.197s][info][gc,metaspace   ] GC(1740) Metaspace: 18904K(19072K)->18904K(19072K) NonClass: 17074K(17216K)->17074K(17216K) Class: 1829K(1856K)->1829K(1856K)
[564.197s][info][gc             ] GC(1740) Pause Full (Allocation Failure) 745M->635M(870M) 993.047ms
[564.197s][info][gc,cpu         ] GC(1740) User=1.94s Sys=0.00s Real=0.99s
[564.484s][info][gc,start       ] GC(1741) Pause Full (Allocation Failure)
[564.484s][info][gc,phases,start] GC(1741) Marking Phase
[565.027s][info][gc,phases      ] GC(1741) Marking Phase 543.730ms
[565.027s][info][gc,phases,start] GC(1741) Summary Phase
[565.027s][info][gc,phases      ] GC(1741) Summary Phase 0.027ms
[565.027s][info][gc,phases,start] GC(1741) Forward
[565.028s][info][gc,phases      ] GC(1741) Forward 0.273ms
[565.028s][info][gc,phases,start] GC(1741) Adjust Pointers
[565.395s][info][gc,phases      ] GC(1741) Adjust Pointers 367.451ms
[565.395s][info][gc,phases,start] GC(1741) Compaction Phase
[565.537s][info][gc,phases      ] GC(1741) Compaction Phase 141.916ms
[565.537s][info][gc,phases,start] GC(1741) Post Compact
[565.540s][info][gc,phases      ] GC(1741) Post Compact 2.249ms
[565.540s][info][gc,heap        ] GC(1741) PSYoungGen: 112640K(223232K)->0K(223232K) Eden: 112640K(112640K)->0K(112640K) From: 0K(110592K)->0K(110592K)
[565.540s][info][gc,heap        ] GC(1741) ParOldGen: 650888K(667648K)->650890K(667648K)
[565.540s][info][gc,metaspace   ] GC(1741) Metaspace: 18904K(19072K)->18904K(19072K) NonClass: 17074K(17216K)->17074K(17216K) Class: 1829K(1856K)->1829K(1856K)
[565.540s][info][gc             ] GC(1741) Pause Full (Allocation Failure) 745M->635M(870M) 1056.089ms
[565.540s][info][gc,cpu         ] GC(1741) User=2.07s Sys=0.00s Real=1.05s
[565.808s][info][gc,start       ] GC(1742) Pause Full (Allocation Failure)
[565.808s][info][gc,phases,start] GC(1742) Marking Phase
[566.308s][info][gc,phases      ] GC(1742) Marking Phase 500.391ms
[566.308s][info][gc,phases,start] GC(1742) Summary Phase
[566.308s][info][gc,phases      ] GC(1742) Summary Phase 0.043ms
[566.309s][info][gc,phases,start] GC(1742) Forward
[566.309s][info][gc,phases      ] GC(1742) Forward 0.324ms
[566.309s][info][gc,phases,start] GC(1742) Adjust Pointers
[566.676s][info][gc,phases      ] GC(1742) Adjust Pointers 367.202ms
[566.676s][info][gc,phases,start] GC(1742) Compaction Phase
[566.826s][info][gc,phases      ] GC(1742) Compaction Phase 149.569ms
[566.826s][info][gc,phases,start] GC(1742) Post Compact
[566.828s][info][gc,phases      ] GC(1742) Post Compact 2.451ms
[566.828s][info][gc,heap        ] GC(1742) PSYoungGen: 112640K(223232K)->0K(223232K) Eden: 112640K(112640K)->0K(112640K) From: 0K(110592K)->0K(110592K)
[566.828s][info][gc,heap        ] GC(1742) ParOldGen: 650890K(667648K)->650900K(667648K)
[566.828s][info][gc,metaspace   ] GC(1742) Metaspace: 18904K(19072K)->18904K(19072K) NonClass: 17074K(17216K)->17074K(17216K) Class: 1829K(1856K)->1829K(1856K)
[566.828s][info][gc             ] GC(1742) Pause Full (Allocation Failure) 745M->635M(870M) 1020.442ms
[566.828s][info][gc,cpu         ] GC(1742) User=2.00s Sys=0.00s Real=1.02s
[567.137s][info][gc,start       ] GC(1743) Pause Full (Allocation Failure)
[567.137s][info][gc,phases,start] GC(1743) Marking Phase
[567.560s][info][gc,phases      ] GC(1743) Marking Phase 422.959ms
[567.560s][info][gc,phases,start] GC(1743) Summary Phase
[567.560s][info][gc,phases      ] GC(1743) Summary Phase 0.030ms
[567.560s][info][gc,phases,start] GC(1743) Forward
[567.647s][info][gc,phases      ] GC(1743) Forward 87.111ms
[567.648s][info][gc,phases,start] GC(1743) Adjust Pointers
[567.955s][info][gc,phases      ] GC(1743) Adjust Pointers 307.121ms
[567.955s][info][gc,phases,start] GC(1743) Compaction Phase
[568.126s][info][gc,phases      ] GC(1743) Compaction Phase 170.842ms
[568.135s][info][gc,phases,start] GC(1743) Post Compact
[568.137s][info][gc,phases      ] GC(1743) Post Compact 2.257ms
[568.137s][info][gc,heap        ] GC(1743) PSYoungGen: 112640K(223232K)->0K(223232K) Eden: 112640K(112640K)->0K(112640K) From: 0K(110592K)->0K(110592K)
[568.137s][info][gc,heap        ] GC(1743) ParOldGen: 650900K(667648K)->555976K(667648K)
[568.137s][info][gc,metaspace   ] GC(1743) Metaspace: 18904K(19072K)->18904K(19072K) NonClass: 17074K(17216K)->17074K(17216K) Class: 1829K(1856K)->1829K(1856K)
[568.137s][info][gc             ] GC(1743) Pause Full (Allocation Failure) 745M->542M(870M) 999.711ms
[568.137s][info][gc,cpu         ] GC(1743) User=1.91s Sys=0.00s Real=1.00s
[568.322s][info][gc,start       ] GC(1744) Pause Young (Allocation Failure)
[568.336s][info][gc,heap        ] GC(1744) PSYoungGen: 112640K(223232K)->15840K(220160K) Eden: 112640K(112640K)->0K(112640K) From: 0K(110592K)->15840K(107520K)
[568.336s][info][gc,heap        ] GC(1744) ParOldGen: 555976K(667648K)->555976K(667648K)
[568.336s][info][gc,metaspace   ] GC(1744) Metaspace: 18904K(19072K)->18904K(19072K) NonClass: 17074K(17216K)->17074K(17216K) Class: 1829K(1856K)->1829K(1856K)
[568.336s][info][gc             ] GC(1744) Pause Young (Allocation Failure) 652M->558M(867M) 13.917ms
[568.336s][info][gc,cpu         ] GC(1744) User=0.03s Sys=0.00s Real=0.01s
[568.398s][info][gc,start       ] GC(1745) Pause Young (Allocation Failure)
[568.438s][info][gc,heap        ] GC(1745) PSYoungGen: 128480K(220160K)->54944K(221696K) Eden: 112640K(112640K)->0K(112640K) From: 15840K(107520K)->54944K(109056K)
[568.438s][info][gc,heap        ] GC(1745) ParOldGen: 555976K(667648K)->555976K(667648K)
[568.438s][info][gc,metaspace   ] GC(1745) Metaspace: 18904K(19072K)->18904K(19072K) NonClass: 17074K(17216K)->17074K(17216K) Class: 1829K(1856K)->1829K(1856K)
[568.438s][info][gc             ] GC(1745) Pause Young (Allocation Failure) 668M->596M(868M) 40.181ms
[568.438s][info][gc,cpu         ] GC(1745) User=0.08s Sys=0.00s Real=0.04s
[568.621s][info][gc,start       ] GC(1746) Pause Young (Allocation Failure)
[568.672s][info][gc,heap        ] GC(1746) PSYoungGen: 167584K(221696K)->76544K(218624K) Eden: 112640K(112640K)->0K(111616K) From: 54944K(109056K)->76544K(107008K)
[568.672s][info][gc,heap        ] GC(1746) ParOldGen: 555976K(667648K)->555976K(667648K)
[568.672s][info][gc,metaspace   ] GC(1746) Metaspace: 18904K(19072K)->18904K(19072K) NonClass: 17075K(17216K)->17075K(17216K) Class: 1829K(1856K)->1829K(1856K)
[568.673s][info][gc             ] GC(1746) Pause Young (Allocation Failure) 706M->617M(865M) 51.873ms
[568.673s][info][gc,cpu         ] GC(1746) User=0.10s Sys=0.00s Real=0.06s
[568.827s][info][gc,start       ] GC(1747) Pause Young (Allocation Failure)
[568.881s][info][gc,heap        ] GC(1747) PSYoungGen: 188160K(218624K)->63136K(222720K) Eden: 111616K(111616K)->0K(111616K) From: 76544K(107008K)->63136K(111104K)
[568.881s][info][gc,heap        ] GC(1747) ParOldGen: 555976K(667648K)->571944K(667648K)
[568.881s][info][gc,metaspace   ] GC(1747) Metaspace: 18904K(19072K)->18904K(19072K) NonClass: 17075K(17216K)->17075K(17216K) Class: 1829K(1856K)->1829K(1856K)
[568.881s][info][gc             ] GC(1747) Pause Young (Allocation Failure) 726M->620M(869M) 53.416ms
[568.881s][info][gc,cpu         ] GC(1747) User=0.11s Sys=0.00s Real=0.05s
[569.081s][info][gc,start       ] GC(1748) Pause Young (Allocation Failure)
[569.192s][info][gc,heap        ] GC(1748) PSYoungGen: 174752K(222720K)->23446K(221696K) Eden: 111616K(111616K)->0K(111616K) From: 63136K(111104K)->23446K(110080K)
[569.192s][info][gc,heap        ] GC(1748) ParOldGen: 571944K(667648K)->633415K(667648K)
[569.192s][info][gc,metaspace   ] GC(1748) Metaspace: 18904K(19072K)->18904K(19072K) NonClass: 17075K(17216K)->17075K(17216K) Class: 1829K(1856K)->1829K(1856K)
[569.192s][info][gc             ] GC(1748) Pause Young (Allocation Failure) 729M->641M(868M) 111.734ms
[569.192s][info][gc,cpu         ] GC(1748) User=0.22s Sys=0.00s Real=0.12s
[569.332s][info][gc,start       ] GC(1749) Pause Full (Allocation Failure)
[569.332s][info][gc,phases,start] GC(1749) Marking Phase
[569.602s][info][gc,phases      ] GC(1749) Marking Phase 269.746ms
[569.602s][info][gc,phases,start] GC(1749) Summary Phase
[569.602s][info][gc,phases      ] GC(1749) Summary Phase 0.032ms
[569.602s][info][gc,phases,start] GC(1749) Forward
[569.690s][info][gc,phases      ] GC(1749) Forward 88.114ms
[569.690s][info][gc,phases,start] GC(1749) Adjust Pointers
[569.919s][info][gc,phases      ] GC(1749) Adjust Pointers 228.965ms
[569.919s][info][gc,phases,start] GC(1749) Compaction Phase
[570.047s][info][gc,phases      ] GC(1749) Compaction Phase 128.248ms
[570.053s][info][gc,phases,start] GC(1749) Post Compact
[570.055s][info][gc,phases      ] GC(1749) Post Compact 2.276ms
[570.057s][info][gc,heap        ] GC(1749) PSYoungGen: 135062K(221696K)->0K(222208K) Eden: 111616K(111616K)->0K(111616K) From: 23446K(110080K)->0K(110592K)
[570.057s][info][gc,heap        ] GC(1749) ParOldGen: 633415K(667648K)->345123K(624640K)
[570.057s][info][gc,metaspace   ] GC(1749) Metaspace: 18904K(19072K)->18904K(19072K) NonClass: 17075K(17216K)->17075K(17216K) Class: 1829K(1856K)->1829K(1856K)
[570.057s][info][gc             ] GC(1749) Pause Full (Allocation Failure) 750M->337M(827M) 725.648ms
[570.057s][info][gc,cpu         ] GC(1749) User=1.34s Sys=0.01s Real=0.73s
[570.147s][info][gc,start       ] GC(1750) Pause Young (Allocation Failure)
[570.174s][info][gc,heap        ] GC(1750) PSYoungGen: 111616K(222208K)->31680K(215040K) Eden: 111616K(111616K)->0K(112640K) From: 0K(110592K)->31680K(102400K)
[570.174s][info][gc,heap        ] GC(1750) ParOldGen: 345123K(624640K)->345123K(624640K)
[570.174s][info][gc,metaspace   ] GC(1750) Metaspace: 18904K(19072K)->18904K(19072K) NonClass: 17075K(17216K)->17075K(17216K) Class: 1829K(1856K)->1829K(1856K)
[570.174s][info][gc             ] GC(1750) Pause Young (Allocation Failure) 446M->367M(820M) 26.920ms
[570.174s][info][gc,cpu         ] GC(1750) User=0.05s Sys=0.00s Real=0.03s
[570.365s][info][gc,start       ] GC(1751) Pause Young (Allocation Failure)
[570.414s][info][gc,heap        ] GC(1751) PSYoungGen: 144320K(215040K)->55072K(219136K) Eden: 112640K(112640K)->0K(112640K) From: 31680K(102400K)->55072K(106496K)
[570.414s][info][gc,heap        ] GC(1751) ParOldGen: 345123K(624640K)->345123K(624640K)
[570.414s][info][gc,metaspace   ] GC(1751) Metaspace: 18904K(19072K)->18904K(19072K) NonClass: 17075K(17216K)->17075K(17216K) Class: 1829K(1856K)->1829K(1856K)
[570.414s][info][gc             ] GC(1751) Pause Young (Allocation Failure) 477M->390M(824M) 48.317ms
[570.414s][info][gc,cpu         ] GC(1751) User=0.10s Sys=0.00s Real=0.05s
[570.554s][info][gc,start       ] GC(1752) Pause Young (Allocation Failure)
[570.595s][info][gc,heap        ] GC(1752) PSYoungGen: 167712K(219136K)->55136K(218624K) Eden: 112640K(112640K)->0K(118784K) From: 55072K(106496K)->55136K(99840K)
[570.595s][info][gc,heap        ] GC(1752) ParOldGen: 345123K(624640K)->345123K(624640K)
[570.596s][info][gc,metaspace   ] GC(1752) Metaspace: 18904K(19072K)->18904K(19072K) NonClass: 17075K(17216K)->17075K(17216K) Class: 1829K(1856K)->1829K(1856K)
[570.596s][info][gc             ] GC(1752) Pause Young (Allocation Failure) 500M->390M(823M) 41.087ms
[570.596s][info][gc,cpu         ] GC(1752) User=0.09s Sys=0.00s Real=0.04s
[570.772s][info][gc,start       ] GC(1753) Pause Young (Allocation Failure)
[570.806s][info][gc,heap        ] GC(1753) PSYoungGen: 173920K(218624K)->55200K(220672K) Eden: 118784K(118784K)->0K(118784K) From: 55136K(99840K)->55200K(101888K)
[570.806s][info][gc,heap        ] GC(1753) ParOldGen: 345123K(624640K)->345123K(624640K)
[570.806s][info][gc,metaspace   ] GC(1753) Metaspace: 18904K(19072K)->18904K(19072K) NonClass: 17075K(17216K)->17075K(17216K) Class: 1829K(1856K)->1829K(1856K)
[570.806s][info][gc             ] GC(1753) Pause Young (Allocation Failure) 506M->390M(825M) 34.818ms
[570.806s][info][gc,cpu         ] GC(1753) User=0.07s Sys=0.00s Real=0.04s
[570.935s][info][gc,start       ] GC(1754) Pause Young (Allocation Failure)
[570.969s][info][gc,heap        ] GC(1754) PSYoungGen: 173984K(220672K)->55328K(220160K) Eden: 118784K(118784K)->0K(124928K) From: 55200K(101888K)->55328K(95232K)
[570.969s][info][gc,heap        ] GC(1754) ParOldGen: 345123K(624640K)->345123K(624640K)
[570.969s][info][gc,metaspace   ] GC(1754) Metaspace: 18904K(19072K)->18904K(19072K) NonClass: 17075K(17216K)->17075K(17216K) Class: 1829K(1856K)->1829K(1856K)
[570.969s][info][gc             ] GC(1754) Pause Young (Allocation Failure) 506M->391M(825M) 34.554ms
[570.969s][info][gc,cpu         ] GC(1754) User=0.07s Sys=0.00s Real=0.03s
[571.103s][info][gc,start       ] GC(1755) Pause Young (Allocation Failure)
[571.138s][info][gc,heap        ] GC(1755) PSYoungGen: 180256K(220160K)->55424K(222208K) Eden: 124928K(124928K)->0K(124928K) From: 55328K(95232K)->55424K(97280K)
[571.138s][info][gc,heap        ] GC(1755) ParOldGen: 345123K(624640K)->345123K(624640K)
[571.138s][info][gc,metaspace   ] GC(1755) Metaspace: 18904K(19072K)->18904K(19072K) NonClass: 17075K(17216K)->17075K(17216K) Class: 1829K(1856K)->1829K(1856K)
[571.138s][info][gc             ] GC(1755) Pause Young (Allocation Failure) 513M->391M(827M) 34.795ms
[571.138s][info][gc,cpu         ] GC(1755) User=0.07s Sys=0.00s Real=0.03s
[571.297s][info][gc,start       ] GC(1756) Pause Young (Allocation Failure)
[571.335s][info][gc,heap        ] GC(1756) PSYoungGen: 180352K(222208K)->55488K(221696K) Eden: 124928K(124928K)->0K(131584K) From: 55424K(97280K)->55488K(90112K)
[571.335s][info][gc,heap        ] GC(1756) ParOldGen: 345123K(624640K)->345123K(624640K)
[571.335s][info][gc,metaspace   ] GC(1756) Metaspace: 18904K(19072K)->18904K(19072K) NonClass: 17075K(17216K)->17075K(17216K) Class: 1829K(1856K)->1829K(1856K)
[571.335s][info][gc             ] GC(1756) Pause Young (Allocation Failure) 513M->391M(826M) 37.825ms
[571.335s][info][gc,cpu         ] GC(1756) User=0.07s Sys=0.00s Real=0.04s
[571.520s][info][gc,start       ] GC(1757) Pause Young (Allocation Failure)
[571.561s][info][gc,heap        ] GC(1757) PSYoungGen: 187072K(221696K)->55584K(224256K) Eden: 131584K(131584K)->0K(131584K) From: 55488K(90112K)->55584K(92672K)
[571.561s][info][gc,heap        ] GC(1757) ParOldGen: 345123K(624640K)->345123K(624640K)
[571.561s][info][gc,metaspace   ] GC(1757) Metaspace: 18904K(19072K)->18904K(19072K) NonClass: 17075K(17216K)->17075K(17216K) Class: 1829K(1856K)->1829K(1856K)
[571.561s][info][gc             ] GC(1757) Pause Young (Allocation Failure) 519M->391M(829M) 41.348ms
[571.561s][info][gc,cpu         ] GC(1757) User=0.08s Sys=0.00s Real=0.04s
[571.719s][info][gc,start       ] GC(1758) Pause Young (Allocation Failure)
[571.754s][info][gc,heap        ] GC(1758) PSYoungGen: 187168K(224256K)->55648K(224768K) Eden: 131584K(131584K)->0K(138240K) From: 55584K(92672K)->55648K(86528K)
[571.754s][info][gc,heap        ] GC(1758) ParOldGen: 345123K(624640K)->345123K(624640K)
[571.754s][info][gc,metaspace   ] GC(1758) Metaspace: 18904K(19072K)->18904K(19072K) NonClass: 17075K(17216K)->17075K(17216K) Class: 1829K(1856K)->1829K(1856K)
[571.754s][info][gc             ] GC(1758) Pause Young (Allocation Failure) 519M->391M(829M) 35.722ms
[571.754s][info][gc,cpu         ] GC(1758) User=0.07s Sys=0.00s Real=0.04s
[571.908s][info][gc,start       ] GC(1759) Pause Young (Allocation Failure)
[571.944s][info][gc,heap        ] GC(1759) PSYoungGen: 193888K(224768K)->55744K(226816K) Eden: 138240K(138240K)->0K(138240K) From: 55648K(86528K)->55744K(88576K)
[571.944s][info][gc,heap        ] GC(1759) ParOldGen: 345123K(624640K)->345123K(624640K)
[571.944s][info][gc,metaspace   ] GC(1759) Metaspace: 18904K(19072K)->18904K(19072K) NonClass: 17075K(17216K)->17075K(17216K) Class: 1829K(1856K)->1829K(1856K)
[571.944s][info][gc             ] GC(1759) Pause Young (Allocation Failure) 526M->391M(831M) 35.992ms
[571.944s][info][gc,cpu         ] GC(1759) User=0.07s Sys=0.00s Real=0.04s
[572.101s][info][gc,start       ] GC(1760) Pause Young (Allocation Failure)
[572.138s][info][gc,heap        ] GC(1760) PSYoungGen: 193984K(226816K)->55872K(228352K) Eden: 138240K(138240K)->0K(145408K) From: 55744K(88576K)->55872K(82944K)
[572.138s][info][gc,heap        ] GC(1760) ParOldGen: 345123K(624640K)->345123K(624640K)
[572.138s][info][gc,metaspace   ] GC(1760) Metaspace: 18904K(19072K)->18904K(19072K) NonClass: 17075K(17216K)->17075K(17216K) Class: 1829K(1856K)->1829K(1856K)
[572.138s][info][gc             ] GC(1760) Pause Young (Allocation Failure) 526M->391M(833M) 36.899ms
[572.138s][info][gc,cpu         ] GC(1760) User=0.07s Sys=0.00s Real=0.04s
[572.300s][info][gc,start       ] GC(1761) Pause Young (Allocation Failure)
[572.346s][info][gc,heap        ] GC(1761) PSYoungGen: 201280K(228352K)->59424K(230400K) Eden: 145408K(145408K)->0K(145408K) From: 55872K(82944K)->59424K(84992K)
[572.346s][info][gc,heap        ] GC(1761) ParOldGen: 345123K(624640K)->345123K(624640K)
[572.346s][info][gc,metaspace   ] GC(1761) Metaspace: 18904K(19072K)->18904K(19072K) NonClass: 17075K(17216K)->17075K(17216K) Class: 1829K(1856K)->1829K(1856K)
[572.346s][info][gc             ] GC(1761) Pause Young (Allocation Failure) 533M->395M(835M) 45.971ms
[572.346s][info][gc,cpu         ] GC(1761) User=0.09s Sys=0.00s Real=0.05s
[572.538s][info][gc,start       ] GC(1762) Pause Young (Allocation Failure)
[572.612s][info][gc,heap        ] GC(1762) PSYoungGen: 204832K(230400K)->76907K(231424K) Eden: 145408K(145408K)->0K(146944K) From: 59424K(84992K)->76907K(84480K)
[572.612s][info][gc,heap        ] GC(1762) ParOldGen: 345123K(624640K)->345123K(624640K)
[572.612s][info][gc,metaspace   ] GC(1762) Metaspace: 18904K(19072K)->18904K(19072K) NonClass: 17075K(17216K)->17075K(17216K) Class: 1829K(1856K)->1829K(1856K)
[572.612s][info][gc             ] GC(1762) Pause Young (Allocation Failure) 537M->412M(836M) 73.850ms
[572.612s][info][gc,cpu         ] GC(1762) User=0.15s Sys=0.00s Real=0.07s
[572.784s][info][gc,start       ] GC(1763) Pause Young (Allocation Failure)
[572.899s][info][gc,heap        ] GC(1763) PSYoungGen: 223851K(231424K)->90603K(237568K) Eden: 146944K(146944K)->0K(146944K) From: 76907K(84480K)->90603K(90624K)
[572.899s][info][gc,heap        ] GC(1763) ParOldGen: 345123K(624640K)->349475K(624640K)
[572.899s][info][gc,metaspace   ] GC(1763) Metaspace: 18904K(19072K)->18904K(19072K) NonClass: 17075K(17216K)->17075K(17216K) Class: 1829K(1856K)->1829K(1856K)
[572.899s][info][gc             ] GC(1763) Pause Young (Allocation Failure) 555M->429M(842M) 114.438ms
[572.899s][info][gc,cpu         ] GC(1763) User=0.23s Sys=0.00s Real=0.11s
[573.050s][info][gc,start       ] GC(1764) Pause Young (Allocation Failure)
[573.163s][info][gc,heap        ] GC(1764) PSYoungGen: 237547K(237568K)->75019K(223232K) Eden: 146944K(146944K)->0K(126976K) From: 90603K(90624K)->75019K(96256K)
[573.163s][info][gc,heap        ] GC(1764) ParOldGen: 349475K(624640K)->381499K(624640K)
[573.163s][info][gc,metaspace   ] GC(1764) Metaspace: 18904K(19072K)->18904K(19072K) NonClass: 17075K(17216K)->17075K(17216K) Class: 1829K(1856K)->1829K(1856K)
[573.163s][info][gc             ] GC(1764) Pause Young (Allocation Failure) 573M->445M(828M) 112.586ms
[573.163s][info][gc,cpu         ] GC(1764) User=0.22s Sys=0.01s Real=0.12s
[573.250s][info][gc,start       ] GC(1765) Pause Young (Allocation Failure)
[573.342s][info][gc,heap        ] GC(1765) PSYoungGen: 201995K(223232K)->79211K(206336K) Eden: 126976K(126976K)->0K(126976K) From: 75019K(96256K)->79211K(79360K)
[573.343s][info][gc,heap        ] GC(1765) ParOldGen: 381499K(624640K)->381499K(624640K)
[573.343s][info][gc,metaspace   ] GC(1765) Metaspace: 18904K(19072K)->18904K(19072K) NonClass: 17075K(17216K)->17075K(17216K) Class: 1829K(1856K)->1829K(1856K)
[573.343s][info][gc             ] GC(1765) Pause Young (Allocation Failure) 569M->449M(811M) 92.265ms
[573.343s][info][gc,cpu         ] GC(1765) User=0.19s Sys=0.00s Real=0.10s
[573.460s][info][gc,start       ] GC(1766) Pause Young (Allocation Failure)
[573.558s][info][gc,heap        ] GC(1766) PSYoungGen: 206187K(206336K)->57035K(231424K) Eden: 126976K(126976K)->0K(125440K) From: 79211K(79360K)->57035K(105984K)
[573.558s][info][gc,heap        ] GC(1766) ParOldGen: 381499K(624640K)->405154K(624640K)
[573.558s][info][gc,metaspace   ] GC(1766) Metaspace: 18904K(19072K)->18904K(19072K) NonClass: 17075K(17216K)->17075K(17216K) Class: 1829K(1856K)->1829K(1856K)
[573.558s][info][gc             ] GC(1766) Pause Young (Allocation Failure) 573M->451M(836M) 97.506ms
[573.558s][info][gc,cpu         ] GC(1766) User=0.19s Sys=0.00s Real=0.10s
[573.675s][info][gc,start       ] GC(1767) Pause Young (Allocation Failure)
[573.754s][info][gc,heap        ] GC(1767) PSYoungGen: 182475K(231424K)->60683K(186368K) Eden: 125440K(125440K)->0K(125440K) From: 57035K(105984K)->60683K(60928K)
[573.754s][info][gc,heap        ] GC(1767) ParOldGen: 405154K(624640K)->405226K(624640K)
[573.754s][info][gc,metaspace   ] GC(1767) Metaspace: 18904K(19072K)->18904K(19072K) NonClass: 17075K(17216K)->17075K(17216K) Class: 1829K(1856K)->1829K(1856K)
[573.754s][info][gc             ] GC(1767) Pause Young (Allocation Failure) 573M->454M(792M) 78.399ms
[573.754s][info][gc,cpu         ] GC(1767) User=0.16s Sys=0.00s Real=0.08s
[573.866s][info][gc,start       ] GC(1768) Pause Young (Allocation Failure)
[573.946s][info][gc,heap        ] GC(1768) PSYoungGen: 186123K(186368K)->60683K(227840K) Eden: 125440K(125440K)->0K(129024K) From: 60683K(60928K)->60683K(98816K)
[573.946s][info][gc,heap        ] GC(1768) ParOldGen: 405226K(624640K)->405290K(624640K)
[573.946s][info][gc,metaspace   ] GC(1768) Metaspace: 18906K(19072K)->18906K(19072K) NonClass: 17077K(17216K)->17077K(17216K) Class: 1829K(1856K)->1829K(1856K)
[573.946s][info][gc             ] GC(1768) Pause Young (Allocation Failure) 577M->455M(832M) 79.788ms
[573.946s][info][gc,cpu         ] GC(1768) User=0.16s Sys=0.00s Real=0.08s
[574.063s][info][gc,start       ] GC(1769) Pause Young (Allocation Failure)
[574.149s][info][gc,heap        ] GC(1769) PSYoungGen: 189707K(227840K)->69483K(224256K) Eden: 129024K(129024K)->0K(129024K) From: 60683K(98816K)->69483K(95232K)
[574.149s][info][gc,heap        ] GC(1769) ParOldGen: 405290K(624640K)->405410K(624640K)
[574.149s][info][gc,metaspace   ] GC(1769) Metaspace: 18906K(19072K)->18906K(19072K) NonClass: 17077K(17216K)->17077K(17216K) Class: 1829K(1856K)->1829K(1856K)
[574.149s][info][gc             ] GC(1769) Pause Young (Allocation Failure) 581M->463M(829M) 86.892ms
[574.149s][info][gc,cpu         ] GC(1769) User=0.17s Sys=0.00s Real=0.08s
[574.294s][info][gc,start       ] GC(1770) Pause Young (Allocation Failure)
[574.392s][info][gc,heap        ] GC(1770) PSYoungGen: 198507K(224256K)->80572K(230912K) Eden: 129024K(129024K)->0K(136192K) From: 69483K(95232K)->80572K(94720K)
[574.392s][info][gc,heap        ] GC(1770) ParOldGen: 405410K(624640K)->405546K(624640K)
[574.392s][info][gc,metaspace   ] GC(1770) Metaspace: 18906K(19072K)->18906K(19072K) NonClass: 17077K(17216K)->17077K(17216K) Class: 1829K(1856K)->1829K(1856K)
[574.392s][info][gc             ] GC(1770) Pause Young (Allocation Failure) 589M->474M(835M) 97.464ms
[574.392s][info][gc,cpu         ] GC(1770) User=0.19s Sys=0.00s Real=0.09s
[574.573s][info][gc,start       ] GC(1771) Pause Young (Allocation Failure)
[574.683s][info][gc,heap        ] GC(1771) PSYoungGen: 216764K(230912K)->85643K(222208K) Eden: 136192K(136192K)->0K(136192K) From: 80572K(94720K)->85643K(86016K)
[574.683s][info][gc,heap        ] GC(1771) ParOldGen: 405546K(624640K)->405626K(624640K)
[574.683s][info][gc,metaspace   ] GC(1771) Metaspace: 18906K(19072K)->18906K(19072K) NonClass: 17077K(17216K)->17077K(17216K) Class: 1829K(1856K)->1829K(1856K)
[574.683s][info][gc             ] GC(1771) Pause Young (Allocation Failure) 607M->479M(827M) 109.936ms
[574.683s][info][gc,cpu         ] GC(1771) User=0.22s Sys=0.00s Real=0.11s
[574.991s][info][gc,start       ] GC(1772) Pause Young (Allocation Failure)
[575.134s][info][gc,heap        ] GC(1772) PSYoungGen: 221835K(222208K)->91452K(219648K) Eden: 136192K(136192K)->0K(116736K) From: 85643K(86016K)->91452K(102912K)
[575.134s][info][gc,heap        ] GC(1772) ParOldGen: 405626K(624640K)->405690K(624640K)
[575.134s][info][gc,metaspace   ] GC(1772) Metaspace: 18906K(19072K)->18906K(19072K) NonClass: 17077K(17216K)->17077K(17216K) Class: 1829K(1856K)->1829K(1856K)
[575.134s][info][gc             ] GC(1772) Pause Young (Allocation Failure) 612M->485M(824M) 142.256ms
[575.134s][info][gc,cpu         ] GC(1772) User=0.28s Sys=0.00s Real=0.15s
[575.264s][info][gc,start       ] GC(1773) Pause Young (Allocation Failure)
[575.411s][info][gc,heap        ] GC(1773) PSYoungGen: 208188K(219648K)->108540K(225280K) Eden: 116736K(116736K)->0K(116736K) From: 91452K(102912K)->108540K(108544K)
[575.411s][info][gc,heap        ] GC(1773) ParOldGen: 405690K(624640K)->409722K(624640K)
[575.411s][info][gc,metaspace   ] GC(1773) Metaspace: 18906K(19072K)->18906K(19072K) NonClass: 17077K(17216K)->17077K(17216K) Class: 1829K(1856K)->1829K(1856K)
[575.411s][info][gc             ] GC(1773) Pause Young (Allocation Failure) 599M->506M(830M) 147.133ms
[575.411s][info][gc,cpu         ] GC(1773) User=0.29s Sys=0.00s Real=0.14s
[575.573s][info][gc,start       ] GC(1774) Pause Young (Allocation Failure)
[575.736s][info][gc,heap        ] GC(1774) PSYoungGen: 225276K(225280K)->108523K(220160K) Eden: 116736K(116736K)->0K(111616K) From: 108540K(108544K)->108523K(108544K)
[575.737s][info][gc,heap        ] GC(1774) ParOldGen: 409722K(624640K)->426882K(624640K)
[575.737s][info][gc,metaspace   ] GC(1774) Metaspace: 18906K(19072K)->18906K(19072K) NonClass: 17077K(17216K)->17077K(17216K) Class: 1829K(1856K)->1829K(1856K)
[575.737s][info][gc             ] GC(1774) Pause Young (Allocation Failure) 620M->522M(825M) 163.681ms
[575.737s][info][gc,cpu         ] GC(1774) User=0.32s Sys=0.01s Real=0.16s
[575.822s][info][gc,start       ] GC(1775) Pause Young (Allocation Failure)
[575.947s][info][gc,heap        ] GC(1775) PSYoungGen: 220139K(220160K)->88768K(222720K) Eden: 111616K(111616K)->0K(111616K) From: 108523K(108544K)->88768K(111104K)
[575.947s][info][gc,heap        ] GC(1775) ParOldGen: 426882K(624640K)->447446K(624640K)
[575.947s][info][gc,metaspace   ] GC(1775) Metaspace: 18906K(19072K)->18906K(19072K) NonClass: 17077K(17216K)->17077K(17216K) Class: 1829K(1856K)->1829K(1856K)
[575.947s][info][gc             ] GC(1775) Pause Young (Allocation Failure) 631M->523M(827M) 125.049ms
[575.947s][info][gc,cpu         ] GC(1775) User=0.25s Sys=0.00s Real=0.13s
[576.080s][info][gc,start       ] GC(1776) Pause Young (Allocation Failure)
[576.188s][info][gc,heap        ] GC(1776) PSYoungGen: 200384K(222720K)->69120K(222720K) Eden: 111616K(111616K)->0K(111616K) From: 88768K(111104K)->69120K(111104K)
[576.188s][info][gc,heap        ] GC(1776) ParOldGen: 447446K(624640K)->469150K(624640K)
[576.188s][info][gc,metaspace   ] GC(1776) Metaspace: 18906K(19072K)->18906K(19072K) NonClass: 17077K(17216K)->17077K(17216K) Class: 1829K(1856K)->1829K(1856K)
[576.188s][info][gc             ] GC(1776) Pause Young (Allocation Failure) 632M->525M(827M) 108.098ms
[576.188s][info][gc,cpu         ] GC(1776) User=0.21s Sys=0.00s Real=0.11s
[576.314s][info][gc,start       ] GC(1777) Pause Young (Allocation Failure)
[576.392s][info][gc,heap        ] GC(1777) PSYoungGen: 180736K(222720K)->70272K(222720K) Eden: 111616K(111616K)->0K(111616K) From: 69120K(111104K)->70272K(111104K)
[576.392s][info][gc,heap        ] GC(1777) ParOldGen: 469150K(624640K)->472598K(624640K)
[576.392s][info][gc,metaspace   ] GC(1777) Metaspace: 18906K(19072K)->18906K(19072K) NonClass: 17077K(17216K)->17077K(17216K) Class: 1829K(1856K)->1829K(1856K)
[576.392s][info][gc             ] GC(1777) Pause Young (Allocation Failure) 634M->530M(827M) 77.865ms
[576.392s][info][gc,cpu         ] GC(1777) User=0.15s Sys=0.00s Real=0.08s
[576.506s][info][gc,start       ] GC(1778) Pause Young (Allocation Failure)
[576.579s][info][gc,heap        ] GC(1778) PSYoungGen: 181888K(222720K)->67824K(222720K) Eden: 111616K(111616K)->0K(111616K) From: 70272K(111104K)->67824K(111104K)
[576.579s][info][gc,heap        ] GC(1778) ParOldGen: 472598K(624640K)->475062K(624640K)
[576.579s][info][gc,metaspace   ] GC(1778) Metaspace: 18906K(19072K)->18906K(19072K) NonClass: 17077K(17216K)->17077K(17216K) Class: 1829K(1856K)->1829K(1856K)
[576.579s][info][gc             ] GC(1778) Pause Young (Allocation Failure) 639M->530M(827M) 72.546ms
[576.579s][info][gc,cpu         ] GC(1778) User=0.14s Sys=0.00s Real=0.07s
[576.649s][info][gc,start       ] GC(1779) Pause Young (Allocation Failure)
[576.721s][info][gc,heap        ] GC(1779) PSYoungGen: 179440K(222720K)->54240K(222720K) Eden: 111616K(111616K)->0K(111616K) From: 67824K(111104K)->54240K(111104K)
[576.721s][info][gc,heap        ] GC(1779) ParOldGen: 475062K(624640K)->488702K(624640K)
[576.721s][info][gc,metaspace   ] GC(1779) Metaspace: 18906K(19072K)->18906K(19072K) NonClass: 17077K(17216K)->17077K(17216K) Class: 1829K(1856K)->1829K(1856K)
[576.721s][info][gc             ] GC(1779) Pause Young (Allocation Failure) 639M->530M(827M) 72.074ms
[576.721s][info][gc,cpu         ] GC(1779) User=0.15s Sys=0.00s Real=0.07s
[576.904s][info][gc,start       ] GC(1780) Pause Young (Allocation Failure)
[576.967s][info][gc,heap        ] GC(1780) PSYoungGen: 165856K(222720K)->53184K(222720K) Eden: 111616K(111616K)->0K(111616K) From: 54240K(111104K)->53184K(111104K)
[576.967s][info][gc,heap        ] GC(1780) ParOldGen: 488702K(624640K)->497470K(624640K)
[576.967s][info][gc,metaspace   ] GC(1780) Metaspace: 18906K(19072K)->18906K(19072K) NonClass: 17077K(17216K)->17077K(17216K) Class: 1829K(1856K)->1829K(1856K)
[576.967s][info][gc             ] GC(1780) Pause Young (Allocation Failure) 639M->537M(827M) 63.098ms
[576.967s][info][gc,cpu         ] GC(1780) User=0.12s Sys=0.00s Real=0.06s
[577.100s][info][gc,start       ] GC(1781) Pause Young (Allocation Failure)
[577.164s][info][gc,heap        ] GC(1781) PSYoungGen: 164800K(222720K)->23808K(222720K) Eden: 111616K(111616K)->0K(111616K) From: 53184K(111104K)->23808K(111104K)
[577.164s][info][gc,heap        ] GC(1781) ParOldGen: 497470K(624640K)->535798K(624640K)
[577.164s][info][gc,metaspace   ] GC(1781) Metaspace: 18906K(19072K)->18906K(19072K) NonClass: 17077K(17216K)->17077K(17216K) Class: 1829K(1856K)->1829K(1856K)
[577.164s][info][gc             ] GC(1781) Pause Young (Allocation Failure) 646M->546M(827M) 64.347ms
[577.164s][info][gc,cpu         ] GC(1781) User=0.12s Sys=0.00s Real=0.07s
[577.506s][info][gc,start       ] GC(1782) Pause Young (Allocation Failure)
[577.534s][info][gc,heap        ] GC(1782) PSYoungGen: 135424K(222720K)->21184K(222720K) Eden: 111616K(111616K)->0K(111616K) From: 23808K(111104K)->21184K(111104K)
[577.534s][info][gc,heap        ] GC(1782) ParOldGen: 535798K(624640K)->538510K(624640K)
[577.534s][info][gc,metaspace   ] GC(1782) Metaspace: 18906K(19072K)->18906K(19072K) NonClass: 17077K(17216K)->17077K(17216K) Class: 1829K(1856K)->1829K(1856K)
[577.534s][info][gc             ] GC(1782) Pause Young (Allocation Failure) 655M->546M(827M) 28.038ms
[577.534s][info][gc,cpu         ] GC(1782) User=0.06s Sys=0.00s Real=0.03s
[577.800s][info][gc,start       ] GC(1783) Pause Young (Allocation Failure)
[577.825s][info][gc,heap        ] GC(1783) PSYoungGen: 132800K(222720K)->16736K(222720K) Eden: 111616K(111616K)->0K(111616K) From: 21184K(111104K)->16736K(111104K)
[577.825s][info][gc,heap        ] GC(1783) ParOldGen: 538510K(624640K)->543134K(624640K)
[577.825s][info][gc,metaspace   ] GC(1783) Metaspace: 18906K(19072K)->18906K(19072K) NonClass: 17077K(17216K)->17077K(17216K) Class: 1829K(1856K)->1829K(1856K)
[577.825s][info][gc             ] GC(1783) Pause Young (Allocation Failure) 655M->546M(827M) 24.969ms
[577.825s][info][gc,cpu         ] GC(1783) User=0.05s Sys=0.00s Real=0.03s
[578.096s][info][gc,start       ] GC(1784) Pause Young (Allocation Failure)
[578.116s][info][gc,heap        ] GC(1784) PSYoungGen: 128352K(222720K)->9136K(222720K) Eden: 111616K(111616K)->0K(111616K) From: 16736K(111104K)->9136K(111104K)
[578.116s][info][gc,heap        ] GC(1784) ParOldGen: 543134K(624640K)->550830K(624640K)
[578.116s][info][gc,metaspace   ] GC(1784) Metaspace: 18906K(19072K)->18906K(19072K) NonClass: 17077K(17216K)->17077K(17216K) Class: 1829K(1856K)->1829K(1856K)
[578.116s][info][gc             ] GC(1784) Pause Young (Allocation Failure) 655M->546M(827M) 19.455ms
[578.116s][info][gc,cpu         ] GC(1784) User=0.03s Sys=0.00s Real=0.02s
[578.342s][info][gc,start       ] GC(1785) Pause Young (Allocation Failure)
[578.354s][info][gc,heap        ] GC(1785) PSYoungGen: 120752K(222720K)->672K(222720K) Eden: 111616K(111616K)->0K(111616K) From: 9136K(111104K)->672K(111104K)
[578.354s][info][gc,heap        ] GC(1785) ParOldGen: 550830K(624640K)->559734K(624640K)
[578.355s][info][gc,metaspace   ] GC(1785) Metaspace: 18906K(19072K)->18906K(19072K) NonClass: 17077K(17216K)->17077K(17216K) Class: 1829K(1856K)->1829K(1856K)
[578.355s][info][gc             ] GC(1785) Pause Young (Allocation Failure) 655M->547M(827M) 12.638ms
[578.355s][info][gc,cpu         ] GC(1785) User=0.03s Sys=0.00s Real=0.02s
[578.690s][info][gc,start       ] GC(1786) Pause Young (Allocation Failure)
[578.693s][info][gc,heap        ] GC(1786) PSYoungGen: 112288K(222720K)->256K(222720K) Eden: 111616K(111616K)->0K(111616K) From: 672K(111104K)->256K(111104K)
[578.693s][info][gc,heap        ] GC(1786) ParOldGen: 559734K(624640K)->559967K(624640K)
[578.693s][info][gc,metaspace   ] GC(1786) Metaspace: 18906K(19072K)->18906K(19072K) NonClass: 17077K(17216K)->17077K(17216K) Class: 1829K(1856K)->1829K(1856K)
[578.693s][info][gc             ] GC(1786) Pause Young (Allocation Failure) 656M->547M(827M) 3.445ms
[578.693s][info][gc,cpu         ] GC(1786) User=0.01s Sys=0.00s Real=0.01s
[578.885s][info][gc,start       ] GC(1787) Pause Young (Allocation Failure)
[578.895s][info][gc,heap        ] GC(1787) PSYoungGen: 111872K(222720K)->8016K(222720K) Eden: 111616K(111616K)->0K(111616K) From: 256K(111104K)->8016K(111104K)
[578.895s][info][gc,heap        ] GC(1787) ParOldGen: 559967K(624640K)->560215K(624640K)
[578.895s][info][gc,metaspace   ] GC(1787) Metaspace: 18906K(19072K)->18906K(19072K) NonClass: 17077K(17216K)->17077K(17216K) Class: 1829K(1856K)->1829K(1856K)
[578.895s][info][gc             ] GC(1787) Pause Young (Allocation Failure) 656M->554M(827M) 10.913ms
[578.896s][info][gc,cpu         ] GC(1787) User=0.02s Sys=0.00s Real=0.01s
[578.968s][info][gc,start       ] GC(1788) Pause Young (Allocation Failure)
[579.009s][info][gc,heap        ] GC(1788) PSYoungGen: 119632K(222720K)->39600K(222720K) Eden: 111616K(111616K)->0K(111616K) From: 8016K(111104K)->39600K(111104K)
[579.009s][info][gc,heap        ] GC(1788) ParOldGen: 560215K(624640K)->568263K(624640K)
[579.009s][info][gc,metaspace   ] GC(1788) Metaspace: 18906K(19072K)->18906K(19072K) NonClass: 17077K(17216K)->17077K(17216K) Class: 1829K(1856K)->1829K(1856K)
[579.009s][info][gc             ] GC(1788) Pause Young (Allocation Failure) 663M->593M(827M) 41.055ms
[579.009s][info][gc,cpu         ] GC(1788) User=0.08s Sys=0.00s Real=0.04s
[579.075s][info][gc,start       ] GC(1789) Pause Young (Allocation Failure)
[579.139s][info][gc,heap        ] GC(1789) PSYoungGen: 151216K(222720K)->47910K(222720K) Eden: 111616K(111616K)->0K(111616K) From: 39600K(111104K)->47910K(111104K)
[579.139s][info][gc,heap        ] GC(1789) ParOldGen: 568263K(624640K)->608271K(624640K)
[579.139s][info][gc,metaspace   ] GC(1789) Metaspace: 18906K(19072K)->18906K(19072K) NonClass: 17077K(17216K)->17077K(17216K) Class: 1829K(1856K)->1829K(1856K)
[579.139s][info][gc             ] GC(1789) Pause Young (Allocation Failure) 702M->640M(827M) 64.475ms
[579.139s][info][gc,cpu         ] GC(1789) User=0.13s Sys=0.00s Real=0.06s
[579.185s][info][gc,start       ] GC(1790) Pause Young (Allocation Failure)
[579.274s][info][gc,heap        ] GC(1790) PSYoungGen: 159526K(222720K)->49408K(220672K) Eden: 111616K(111616K)->0K(111616K) From: 47910K(111104K)->49408K(109056K)
[579.274s][info][gc,heap        ] GC(1790) ParOldGen: 608271K(624640K)->656701K(656896K)
[579.274s][info][gc,metaspace   ] GC(1790) Metaspace: 18906K(19072K)->18906K(19072K) NonClass: 17077K(17216K)->17077K(17216K) Class: 1829K(1856K)->1829K(1856K)
[579.274s][info][gc             ] GC(1790) Pause Young (Allocation Failure) 749M->689M(857M) 89.305ms
[579.274s][info][gc,cpu         ] GC(1790) User=0.15s Sys=0.03s Real=0.09s
[579.319s][info][gc,start       ] GC(1791) Pause Full (Allocation Failure)
[579.319s][info][gc,phases,start] GC(1791) Marking Phase
[579.734s][info][gc,phases      ] GC(1791) Marking Phase 415.224ms
[579.734s][info][gc,phases,start] GC(1791) Summary Phase
[579.734s][info][gc,phases      ] GC(1791) Summary Phase 0.031ms
[579.734s][info][gc,phases,start] GC(1791) Forward
[579.869s][info][gc,phases      ] GC(1791) Forward 134.988ms
[579.869s][info][gc,phases,start] GC(1791) Adjust Pointers
[580.200s][info][gc,phases      ] GC(1791) Adjust Pointers 331.392ms
[580.201s][info][gc,phases,start] GC(1791) Compaction Phase
[580.400s][info][gc,phases      ] GC(1791) Compaction Phase 199.881ms
[580.408s][info][gc,phases,start] GC(1791) Post Compact
[580.411s][info][gc,phases      ] GC(1791) Post Compact 2.391ms
[580.411s][info][gc,heap        ] GC(1791) PSYoungGen: 161024K(220672K)->0K(221696K) Eden: 111616K(111616K)->0K(111616K) From: 49408K(109056K)->0K(110080K)
[580.411s][info][gc,heap        ] GC(1791) ParOldGen: 656701K(656896K)->584363K(667648K)
[580.411s][info][gc,metaspace   ] GC(1791) Metaspace: 18906K(19072K)->18906K(19072K) NonClass: 17077K(17216K)->17077K(17216K) Class: 1829K(1856K)->1829K(1856K)
[580.411s][info][gc             ] GC(1791) Pause Full (Allocation Failure) 798M->570M(868M) 1092.114ms
[580.411s][info][gc,cpu         ] GC(1791) User=2.06s Sys=0.00s Real=1.09s
[580.640s][info][gc,start       ] GC(1792) Pause Young (Allocation Failure)
[580.681s][info][gc,heap        ] GC(1792) PSYoungGen: 111616K(221696K)->22144K(216576K) Eden: 111616K(111616K)->0K(113664K) From: 0K(110080K)->22144K(102912K)
[580.681s][info][gc,heap        ] GC(1792) ParOldGen: 584363K(667648K)->584363K(667648K)
[580.681s][info][gc,metaspace   ] GC(1792) Metaspace: 18906K(19072K)->18906K(19072K) NonClass: 17077K(17216K)->17077K(17216K) Class: 1829K(1856K)->1829K(1856K)
[580.681s][info][gc             ] GC(1792) Pause Young (Allocation Failure) 679M->592M(863M) 41.133ms
[580.681s][info][gc,cpu         ] GC(1792) User=0.08s Sys=0.00s Real=0.04s
[580.917s][info][gc,start       ] GC(1793) Pause Young (Allocation Failure)
[580.973s][info][gc,heap        ] GC(1793) PSYoungGen: 135808K(216576K)->36032K(220160K) Eden: 113664K(113664K)->0K(113664K) From: 22144K(102912K)->36032K(106496K)
[580.973s][info][gc,heap        ] GC(1793) ParOldGen: 584363K(667648K)->584363K(667648K)
[580.973s][info][gc,metaspace   ] GC(1793) Metaspace: 18906K(19072K)->18906K(19072K) NonClass: 17077K(17216K)->17077K(17216K) Class: 1829K(1856K)->1829K(1856K)
[580.973s][info][gc             ] GC(1793) Pause Young (Allocation Failure) 703M->605M(867M) 55.629ms
[580.973s][info][gc,cpu         ] GC(1793) User=0.11s Sys=0.00s Real=0.06s
[581.140s][info][gc,start       ] GC(1794) Pause Young (Allocation Failure)
[581.202s][info][gc,heap        ] GC(1794) PSYoungGen: 149696K(220160K)->39680K(210944K) Eden: 113664K(113664K)->0K(121856K) From: 36032K(106496K)->39680K(89088K)
[581.202s][info][gc,heap        ] GC(1794) ParOldGen: 584363K(667648K)->584363K(667648K)
[581.202s][info][gc,metaspace   ] GC(1794) Metaspace: 18906K(19072K)->18906K(19072K) NonClass: 17077K(17216K)->17077K(17216K) Class: 1829K(1856K)->1829K(1856K)
[581.202s][info][gc             ] GC(1794) Pause Young (Allocation Failure) 716M->609M(858M) 62.343ms
[581.202s][info][gc,cpu         ] GC(1794) User=0.12s Sys=0.00s Real=0.06s
[581.325s][info][gc,start       ] GC(1795) Pause Young (Allocation Failure)
[581.396s][info][gc,heap        ] GC(1795) PSYoungGen: 161536K(210944K)->41216K(216576K) Eden: 121856K(121856K)->0K(121856K) From: 39680K(89088K)->41216K(94720K)
[581.396s][info][gc,heap        ] GC(1795) ParOldGen: 584363K(667648K)->584363K(667648K)
[581.396s][info][gc,metaspace   ] GC(1795) Metaspace: 18906K(19072K)->18906K(19072K) NonClass: 17077K(17216K)->17077K(17216K) Class: 1829K(1856K)->1829K(1856K)
[581.396s][info][gc             ] GC(1795) Pause Young (Allocation Failure) 728M->610M(863M) 70.985ms
[581.396s][info][gc,cpu         ] GC(1795) User=0.14s Sys=0.00s Real=0.07s
[581.586s][info][gc,start       ] GC(1796) Pause Young (Allocation Failure)
[581.704s][info][gc,heap        ] GC(1796) PSYoungGen: 163072K(216576K)->71811K(214528K) Eden: 121856K(121856K)->0K(124416K) From: 41216K(94720K)->71811K(90112K)
[581.705s][info][gc,heap        ] GC(1796) ParOldGen: 584363K(667648K)->584363K(667648K)
[581.705s][info][gc,metaspace   ] GC(1796) Metaspace: 18906K(19072K)->18906K(19072K) NonClass: 17077K(17216K)->17077K(17216K) Class: 1829K(1856K)->1829K(1856K)
[581.705s][info][gc             ] GC(1796) Pause Young (Allocation Failure) 729M->640M(861M) 119.054ms
[581.705s][info][gc,cpu         ] GC(1796) User=0.24s Sys=0.00s Real=0.12s
[581.881s][info][gc,start       ] GC(1797) Pause Young (Allocation Failure)
[582.011s][info][gc,heap        ] GC(1797) PSYoungGen: 196227K(214528K)->71811K(221184K) Eden: 124416K(124416K)->0K(124416K) From: 71811K(90112K)->71811K(96768K)
[582.011s][info][gc,heap        ] GC(1797) ParOldGen: 584363K(667648K)->584363K(667648K)
[582.011s][info][gc,metaspace   ] GC(1797) Metaspace: 18906K(19072K)->18906K(19072K) NonClass: 17077K(17216K)->17077K(17216K) Class: 1829K(1856K)->1829K(1856K)
[582.011s][info][gc             ] GC(1797) Pause Young (Allocation Failure) 762M->640M(868M) 130.814ms
[582.011s][info][gc,cpu         ] GC(1797) User=0.25s Sys=0.00s Real=0.13s
[582.198s][info][gc,start       ] GC(1798) Pause Young (Allocation Failure)
[582.320s][info][gc,heap        ] GC(1798) PSYoungGen: 196227K(221184K)->71821K(223232K) Eden: 124416K(124416K)->0K(120832K) From: 71811K(96768K)->71821K(102400K)
[582.320s][info][gc,heap        ] GC(1798) ParOldGen: 584363K(667648K)->584363K(667648K)
[582.320s][info][gc,metaspace   ] GC(1798) Metaspace: 18906K(19072K)->18906K(19072K) NonClass: 17077K(17216K)->17077K(17216K) Class: 1829K(1856K)->1829K(1856K)
[582.320s][info][gc             ] GC(1798) Pause Young (Allocation Failure) 762M->640M(870M) 121.866ms
[582.320s][info][gc,cpu         ] GC(1798) User=0.25s Sys=0.00s Real=0.12s
[582.511s][info][gc,start       ] GC(1799) Pause Young (Allocation Failure)
[582.641s][info][gc,heap        ] GC(1799) PSYoungGen: 192653K(223232K)->71843K(193024K) Eden: 120832K(120832K)->0K(120832K) From: 71821K(102400K)->71843K(72192K)
[582.641s][info][gc,heap        ] GC(1799) ParOldGen: 584363K(667648K)->584363K(667648K)
[582.641s][info][gc,metaspace   ] GC(1799) Metaspace: 18906K(19072K)->18906K(19072K) NonClass: 17077K(17216K)->17077K(17216K) Class: 1829K(1856K)->1829K(1856K)
[582.641s][info][gc             ] GC(1799) Pause Young (Allocation Failure) 758M->640M(840M) 130.350ms
[582.641s][info][gc,cpu         ] GC(1799) User=0.26s Sys=0.00s Real=0.13s
[582.837s][info][gc,start       ] GC(1800) Pause Young (Allocation Failure)
[582.952s][info][gc,heap        ] GC(1800) PSYoungGen: 192675K(193024K)->71843K(220672K) Eden: 120832K(120832K)->0K(111616K) From: 71843K(72192K)->71843K(109056K)
[582.952s][info][gc,heap        ] GC(1800) ParOldGen: 584363K(667648K)->584363K(667648K)
[582.952s][info][gc,metaspace   ] GC(1800) Metaspace: 18906K(19072K)->18906K(19072K) NonClass: 17077K(17216K)->17077K(17216K) Class: 1829K(1856K)->1829K(1856K)
[582.952s][info][gc             ] GC(1800) Pause Young (Allocation Failure) 758M->640M(867M) 114.453ms
[582.952s][info][gc,cpu         ] GC(1800) User=0.23s Sys=0.00s Real=0.11s
[583.104s][info][gc,start       ] GC(1801) Pause Young (Allocation Failure)
[583.217s][info][gc,heap        ] GC(1801) PSYoungGen: 183459K(220672K)->71853K(222720K) Eden: 111616K(111616K)->0K(111616K) From: 71843K(109056K)->71853K(111104K)
[583.217s][info][gc,heap        ] GC(1801) ParOldGen: 584363K(667648K)->584363K(667648K)
[583.217s][info][gc,metaspace   ] GC(1801) Metaspace: 18906K(19072K)->18906K(19072K) NonClass: 17077K(17216K)->17077K(17216K) Class: 1829K(1856K)->1829K(1856K)
[583.217s][info][gc             ] GC(1801) Pause Young (Allocation Failure) 749M->640M(869M) 112.814ms
[583.217s][info][gc,cpu         ] GC(1801) User=0.23s Sys=0.00s Real=0.11s
[583.377s][info][gc,start       ] GC(1802) Pause Young (Allocation Failure)
[583.491s][info][gc,heap        ] GC(1802) PSYoungGen: 183469K(222720K)->49677K(215552K) Eden: 111616K(111616K)->0K(111616K) From: 71853K(111104K)->49677K(103936K)
[583.491s][info][gc,heap        ] GC(1802) ParOldGen: 584363K(667648K)->606723K(667648K)
[583.491s][info][gc,metaspace   ] GC(1802) Metaspace: 18906K(19072K)->18906K(19072K) NonClass: 17077K(17216K)->17077K(17216K) Class: 1829K(1856K)->1829K(1856K)
[583.491s][info][gc             ] GC(1802) Pause Young (Allocation Failure) 749M->641M(862M) 114.549ms
[583.491s][info][gc,cpu         ] GC(1802) User=0.23s Sys=0.01s Real=0.11s
[583.658s][info][gc,start       ] GC(1803) Pause Young (Allocation Failure)
[583.755s][info][gc,heap        ] GC(1803) PSYoungGen: 161293K(215552K)->54157K(219136K) Eden: 111616K(111616K)->0K(111616K) From: 49677K(103936K)->54157K(107520K)
[583.755s][info][gc,heap        ] GC(1803) ParOldGen: 606723K(667648K)->606723K(667648K)
[583.755s][info][gc,metaspace   ] GC(1803) Metaspace: 18906K(19072K)->18906K(19072K) NonClass: 17077K(17216K)->17077K(17216K) Class: 1829K(1856K)->1829K(1856K)
[583.755s][info][gc             ] GC(1803) Pause Young (Allocation Failure) 750M->645M(866M) 96.921ms
[583.755s][info][gc,cpu         ] GC(1803) User=0.19s Sys=0.00s Real=0.10s
[583.866s][info][gc,start       ] GC(1804) Pause Young (Allocation Failure)
[583.976s][info][gc,heap        ] GC(1804) PSYoungGen: 165773K(219136K)->69421K(223232K) Eden: 111616K(111616K)->0K(120832K) From: 54157K(107520K)->69421K(102400K)
[583.976s][info][gc,heap        ] GC(1804) ParOldGen: 606723K(667648K)->606723K(667648K)
[583.976s][info][gc,metaspace   ] GC(1804) Metaspace: 18906K(19072K)->18906K(19072K) NonClass: 17077K(17216K)->17077K(17216K) Class: 1829K(1856K)->1829K(1856K)
[583.976s][info][gc             ] GC(1804) Pause Young (Allocation Failure) 754M->660M(870M) 110.459ms
[583.976s][info][gc,cpu         ] GC(1804) User=0.22s Sys=0.00s Real=0.11s
[584.093s][info][gc,start       ] GC(1805) Pause Young (Allocation Failure)
[584.216s][info][gc,heap        ] GC(1805) PSYoungGen: 190253K(223232K)->81603K(224256K) Eden: 120832K(120832K)->0K(120832K) From: 69421K(102400K)->81603K(103424K)
[584.217s][info][gc,heap        ] GC(1805) ParOldGen: 606723K(667648K)->606723K(667648K)
[584.217s][info][gc,metaspace   ] GC(1805) Metaspace: 18906K(19072K)->18906K(19072K) NonClass: 17077K(17216K)->17077K(17216K) Class: 1829K(1856K)->1829K(1856K)
[584.217s][info][gc             ] GC(1805) Pause Young (Allocation Failure) 778M->672M(871M) 123.099ms
[584.217s][info][gc,cpu         ] GC(1805) User=0.25s Sys=0.00s Real=0.12s
[584.322s][info][gc,start       ] GC(1806) Pause Young (Allocation Failure)
[584.446s][info][gc,heap        ] GC(1806) PSYoungGen: 202435K(224256K)->69133K(226816K) Eden: 120832K(120832K)->0K(118784K) From: 81603K(103424K)->69133K(108032K)
[584.446s][info][gc,heap        ] GC(1806) ParOldGen: 606723K(667648K)->620635K(667648K)
[584.446s][info][gc,metaspace   ] GC(1806) Metaspace: 18906K(19072K)->18906K(19072K) NonClass: 17077K(17216K)->17077K(17216K) Class: 1829K(1856K)->1829K(1856K)
[584.446s][info][gc             ] GC(1806) Pause Young (Allocation Failure) 790M->673M(873M) 124.559ms
[584.446s][info][gc,cpu         ] GC(1806) User=0.25s Sys=0.00s Real=0.13s
[584.558s][info][gc,start       ] GC(1807) Pause Young (Allocation Failure)
[584.662s][info][gc,heap        ] GC(1807) PSYoungGen: 187917K(226816K)->67437K(186368K) Eden: 118784K(118784K)->0K(118784K) From: 69133K(108032K)->67437K(67584K)
[584.662s][info][gc,heap        ] GC(1807) ParOldGen: 620635K(667648K)->624291K(667648K)
[584.662s][info][gc,metaspace   ] GC(1807) Metaspace: 18906K(19072K)->18906K(19072K) NonClass: 17077K(17216K)->17077K(17216K) Class: 1829K(1856K)->1829K(1856K)
[584.662s][info][gc             ] GC(1807) Pause Young (Allocation Failure) 789M->675M(834M) 104.683ms
[584.662s][info][gc,cpu         ] GC(1807) User=0.21s Sys=0.00s Real=0.11s
[584.777s][info][gc,start       ] GC(1808) Pause Young (Allocation Failure)
[584.873s][info][gc,heap        ] GC(1808) PSYoungGen: 186221K(186368K)->65901K(226816K) Eden: 118784K(118784K)->0K(121344K) From: 67437K(67584K)->65901K(105472K)
[584.873s][info][gc,heap        ] GC(1808) ParOldGen: 624291K(667648K)->625819K(667648K)
[584.873s][info][gc,metaspace   ] GC(1808) Metaspace: 18906K(19072K)->18906K(19072K) NonClass: 17077K(17216K)->17077K(17216K) Class: 1829K(1856K)->1829K(1856K)
[584.873s][info][gc             ] GC(1808) Pause Young (Allocation Failure) 791M->675M(873M) 96.065ms
[584.873s][info][gc,cpu         ] GC(1808) User=0.19s Sys=0.00s Real=0.10s
[584.994s][info][gc,start       ] GC(1809) Pause Young (Allocation Failure)
[585.087s][info][gc,heap        ] GC(1809) PSYoungGen: 187245K(226816K)->43744K(224256K) Eden: 121344K(121344K)->0K(121344K) From: 65901K(105472K)->43744K(102912K)
[585.087s][info][gc,heap        ] GC(1809) ParOldGen: 625819K(667648K)->656539K(667648K)
[585.087s][info][gc,metaspace   ] GC(1809) Metaspace: 18906K(19072K)->18906K(19072K) NonClass: 17077K(17216K)->17077K(17216K) Class: 1829K(1856K)->1829K(1856K)
[585.087s][info][gc             ] GC(1809) Pause Young (Allocation Failure) 794M->683M(871M) 93.849ms
[585.087s][info][gc,cpu         ] GC(1809) User=0.18s Sys=0.00s Real=0.09s
[585.323s][info][gc,start       ] GC(1810) Pause Full (Allocation Failure)
[585.323s][info][gc,phases,start] GC(1810) Marking Phase
[585.702s][info][gc,phases      ] GC(1810) Marking Phase 379.124ms
[585.702s][info][gc,phases,start] GC(1810) Summary Phase
[585.702s][info][gc,phases      ] GC(1810) Summary Phase 0.032ms
[585.702s][info][gc,phases,start] GC(1810) Forward
[585.818s][info][gc,phases      ] GC(1810) Forward 115.371ms
[585.818s][info][gc,phases,start] GC(1810) Adjust Pointers
[586.133s][info][gc,phases      ] GC(1810) Adjust Pointers 315.647ms
[586.134s][info][gc,phases,start] GC(1810) Compaction Phase
[586.322s][info][gc,phases      ] GC(1810) Compaction Phase 188.812ms
[586.338s][info][gc,phases,start] GC(1810) Post Compact
[586.340s][info][gc,phases      ] GC(1810) Post Compact 2.461ms
[586.340s][info][gc,heap        ] GC(1810) PSYoungGen: 165088K(224256K)->0K(227328K) Eden: 121344K(121344K)->0K(125440K) From: 43744K(102912K)->0K(101888K)
[586.340s][info][gc,heap        ] GC(1810) ParOldGen: 656539K(667648K)->535272K(667648K)
[586.340s][info][gc,metaspace   ] GC(1810) Metaspace: 18906K(19072K)->18906K(19072K) NonClass: 17077K(17216K)->17077K(17216K) Class: 1829K(1856K)->1829K(1856K)
[586.340s][info][gc             ] GC(1810) Pause Full (Allocation Failure) 802M->522M(874M) 1017.420ms
[586.340s][info][gc,cpu         ] GC(1810) User=1.93s Sys=0.00s Real=1.01s
[586.583s][info][gc,start       ] GC(1811) Pause Young (Allocation Failure)
[586.586s][info][gc,heap        ] GC(1811) PSYoungGen: 125440K(227328K)->160K(125952K) Eden: 125440K(125440K)->0K(125440K) From: 0K(101888K)->160K(512K)
[586.586s][info][gc,heap        ] GC(1811) ParOldGen: 535272K(667648K)->535272K(667648K)
[586.586s][info][gc,metaspace   ] GC(1811) Metaspace: 18906K(19072K)->18906K(19072K) NonClass: 17077K(17216K)->17077K(17216K) Class: 1829K(1856K)->1829K(1856K)
[586.586s][info][gc             ] GC(1811) Pause Young (Allocation Failure) 645M->522M(775M) 2.374ms
[586.586s][info][gc,cpu         ] GC(1811) User=0.00s Sys=0.00s Real=0.00s
[586.826s][info][gc,start       ] GC(1812) Pause Young (Allocation Failure)
[586.829s][info][gc,heap        ] GC(1812) PSYoungGen: 125600K(125952K)->224K(219136K) Eden: 125440K(125440K)->0K(111616K) From: 160K(512K)->224K(107520K)
[586.829s][info][gc,heap        ] GC(1812) ParOldGen: 535272K(667648K)->535272K(667648K)
[586.829s][info][gc,metaspace   ] GC(1812) Metaspace: 18906K(19072K)->18906K(19072K) NonClass: 17077K(17216K)->17077K(17216K) Class: 1829K(1856K)->1829K(1856K)
[586.829s][info][gc             ] GC(1812) Pause Young (Allocation Failure) 645M->522M(866M) 2.352ms
[586.829s][info][gc,cpu         ] GC(1812) User=0.01s Sys=0.00s Real=0.00s
[587.013s][info][gc,start       ] GC(1813) Pause Young (Allocation Failure)
[587.016s][info][gc,heap        ] GC(1813) PSYoungGen: 111840K(219136K)->224K(222720K) Eden: 111616K(111616K)->0K(111616K) From: 224K(107520K)->224K(111104K)
[587.016s][info][gc,heap        ] GC(1813) ParOldGen: 535272K(667648K)->535272K(667648K)
[587.016s][info][gc,metaspace   ] GC(1813) Metaspace: 18906K(19072K)->18906K(19072K) NonClass: 17077K(17216K)->17077K(17216K) Class: 1829K(1856K)->1829K(1856K)
[587.016s][info][gc             ] GC(1813) Pause Young (Allocation Failure) 631M->522M(869M) 3.052ms
[587.016s][info][gc,cpu         ] GC(1813) User=0.01s Sys=0.00s Real=0.00s
[587.234s][info][gc,start       ] GC(1814) Pause Young (Allocation Failure)
[587.236s][info][gc,heap        ] GC(1814) PSYoungGen: 111840K(222720K)->224K(222720K) Eden: 111616K(111616K)->0K(111616K) From: 224K(111104K)->224K(111104K)
[587.236s][info][gc,heap        ] GC(1814) ParOldGen: 535272K(667648K)->535272K(667648K)
[587.236s][info][gc,metaspace   ] GC(1814) Metaspace: 18906K(19072K)->18906K(19072K) NonClass: 17077K(17216K)->17077K(17216K) Class: 1829K(1856K)->1829K(1856K)
[587.236s][info][gc             ] GC(1814) Pause Young (Allocation Failure) 631M->522M(869M) 2.543ms
[587.236s][info][gc,cpu         ] GC(1814) User=0.00s Sys=0.00s Real=0.00s
[587.397s][info][gc,start       ] GC(1815) Pause Young (Allocation Failure)
[587.415s][info][gc,heap        ] GC(1815) PSYoungGen: 111840K(222720K)->14240K(125952K) Eden: 111616K(111616K)->0K(111616K) From: 224K(111104K)->14240K(14336K)
[587.416s][info][gc,heap        ] GC(1815) ParOldGen: 535272K(667648K)->535272K(667648K)
[587.416s][info][gc,metaspace   ] GC(1815) Metaspace: 18906K(19072K)->18906K(19072K) NonClass: 17077K(17216K)->17077K(17216K) Class: 1829K(1856K)->1829K(1856K)
[587.416s][info][gc             ] GC(1815) Pause Young (Allocation Failure) 631M->536M(775M) 18.889ms
[587.416s][info][gc,cpu         ] GC(1815) User=0.04s Sys=0.00s Real=0.02s
[587.539s][info][gc,start       ] GC(1816) Pause Young (Allocation Failure)
[587.560s][info][gc,heap        ] GC(1816) PSYoungGen: 125856K(125952K)->14240K(224256K) Eden: 111616K(111616K)->0K(115200K) From: 14240K(14336K)->14240K(109056K)
[587.560s][info][gc,heap        ] GC(1816) ParOldGen: 535272K(667648K)->535272K(667648K)
[587.560s][info][gc,metaspace   ] GC(1816) Metaspace: 18906K(19072K)->18906K(19072K) NonClass: 17077K(17216K)->17077K(17216K) Class: 1829K(1856K)->1829K(1856K)
[587.560s][info][gc             ] GC(1816) Pause Young (Allocation Failure) 645M->536M(871M) 20.654ms
[587.560s][info][gc,cpu         ] GC(1816) User=0.03s Sys=0.00s Real=0.02s
[587.733s][info][gc,start       ] GC(1817) Pause Young (Allocation Failure)
[587.765s][info][gc,heap        ] GC(1817) PSYoungGen: 129440K(224256K)->28016K(143360K) Eden: 115200K(115200K)->0K(115200K) From: 14240K(109056K)->28016K(28160K)
[587.765s][info][gc,heap        ] GC(1817) ParOldGen: 535272K(667648K)->535272K(667648K)
[587.765s][info][gc,metaspace   ] GC(1817) Metaspace: 18907K(19072K)->18907K(19072K) NonClass: 17077K(17216K)->17077K(17216K) Class: 1829K(1856K)->1829K(1856K)
[587.765s][info][gc             ] GC(1817) Pause Young (Allocation Failure) 649M->550M(792M) 32.557ms
[587.766s][info][gc,cpu         ] GC(1817) User=0.06s Sys=0.00s Real=0.03s
[587.840s][info][gc,start       ] GC(1818) Pause Young (Allocation Failure)
[587.901s][info][gc,heap        ] GC(1818) PSYoungGen: 143216K(143360K)->67968K(212480K) Eden: 115200K(115200K)->0K(112128K) From: 28016K(28160K)->67968K(100352K)
[587.901s][info][gc,heap        ] GC(1818) ParOldGen: 535272K(667648K)->535272K(667648K)
[587.901s][info][gc,metaspace   ] GC(1818) Metaspace: 18907K(19072K)->18907K(19072K) NonClass: 17077K(17216K)->17077K(17216K) Class: 1829K(1856K)->1829K(1856K)
[587.901s][info][gc             ] GC(1818) Pause Young (Allocation Failure) 662M->589M(859M) 61.240ms
[587.901s][info][gc,cpu         ] GC(1818) User=0.12s Sys=0.00s Real=0.06s
[588.150s][info][gc,start       ] GC(1819) Pause Young (Allocation Failure)
[588.211s][info][gc,heap        ] GC(1819) PSYoungGen: 180096K(212480K)->73408K(218624K) Eden: 112128K(112128K)->0K(112128K) From: 67968K(100352K)->73408K(106496K)
[588.211s][info][gc,heap        ] GC(1819) ParOldGen: 535272K(667648K)->535272K(667648K)
[588.211s][info][gc,metaspace   ] GC(1819) Metaspace: 18909K(19072K)->18909K(19072K) NonClass: 17079K(17216K)->17079K(17216K) Class: 1829K(1856K)->1829K(1856K)
[588.211s][info][gc             ] GC(1819) Pause Young (Allocation Failure) 698M->594M(865M) 61.490ms
[588.211s][info][gc,cpu         ] GC(1819) User=0.12s Sys=0.00s Real=0.06s
[588.385s][info][gc,start       ] GC(1820) Pause Young (Allocation Failure)
[588.483s][info][gc,heap        ] GC(1820) PSYoungGen: 185536K(218624K)->85888K(222720K) Eden: 112128K(112128K)->0K(111616K) From: 73408K(106496K)->85888K(111104K)
[588.483s][info][gc,heap        ] GC(1820) ParOldGen: 535272K(667648K)->535272K(667648K)
[588.483s][info][gc,metaspace   ] GC(1820) Metaspace: 18909K(19072K)->18909K(19072K) NonClass: 17079K(17216K)->17079K(17216K) Class: 1829K(1856K)->1829K(1856K)
[588.483s][info][gc             ] GC(1820) Pause Young (Allocation Failure) 703M->606M(869M) 98.534ms
[588.483s][info][gc,cpu         ] GC(1820) User=0.19s Sys=0.01s Real=0.10s
[588.647s][info][gc,start       ] GC(1821) Pause Young (Allocation Failure)
[588.737s][info][gc,heap        ] GC(1821) PSYoungGen: 197504K(222720K)->85856K(222720K) Eden: 111616K(111616K)->0K(111616K) From: 85888K(111104K)->85856K(111104K)
[588.737s][info][gc,heap        ] GC(1821) ParOldGen: 535272K(667648K)->535272K(667648K)
[588.737s][info][gc,metaspace   ] GC(1821) Metaspace: 18909K(19072K)->18909K(19072K) NonClass: 17079K(17216K)->17079K(17216K) Class: 1829K(1856K)->1829K(1856K)
[588.737s][info][gc             ] GC(1821) Pause Young (Allocation Failure) 715M->606M(869M) 90.016ms
[588.737s][info][gc,cpu         ] GC(1821) User=0.18s Sys=0.00s Real=0.09s
[588.940s][info][gc,start       ] GC(1822) Pause Young (Allocation Failure)
[589.031s][info][gc,heap        ] GC(1822) PSYoungGen: 197472K(222720K)->85856K(222720K) Eden: 111616K(111616K)->0K(111616K) From: 85856K(111104K)->85856K(111104K)
[589.031s][info][gc,heap        ] GC(1822) ParOldGen: 535272K(667648K)->535272K(667648K)
[589.031s][info][gc,metaspace   ] GC(1822) Metaspace: 18909K(19072K)->18909K(19072K) NonClass: 17079K(17216K)->17079K(17216K) Class: 1829K(1856K)->1829K(1856K)
[589.031s][info][gc             ] GC(1822) Pause Young (Allocation Failure) 715M->606M(869M) 91.426ms
[589.031s][info][gc,cpu         ] GC(1822) User=0.18s Sys=0.00s Real=0.09s
[589.213s][info][gc,start       ] GC(1823) Pause Young (Allocation Failure)
[589.306s][info][gc,heap        ] GC(1823) PSYoungGen: 197472K(222720K)->85696K(222720K) Eden: 111616K(111616K)->0K(111616K) From: 85856K(111104K)->85696K(111104K)
[589.306s][info][gc,heap        ] GC(1823) ParOldGen: 535272K(667648K)->535454K(667648K)
[589.306s][info][gc,metaspace   ] GC(1823) Metaspace: 18909K(19072K)->18909K(19072K) NonClass: 17079K(17216K)->17079K(17216K) Class: 1829K(1856K)->1829K(1856K)
[589.306s][info][gc             ] GC(1823) Pause Young (Allocation Failure) 715M->606M(869M) 93.133ms
[589.306s][info][gc,cpu         ] GC(1823) User=0.19s Sys=0.00s Real=0.09s
[589.494s][info][gc,start       ] GC(1824) Pause Young (Allocation Failure)
[589.580s][info][gc,heap        ] GC(1824) PSYoungGen: 197312K(222720K)->85664K(222720K) Eden: 111616K(111616K)->0K(111616K) From: 85696K(111104K)->85664K(111104K)
[589.580s][info][gc,heap        ] GC(1824) ParOldGen: 535454K(667648K)->535486K(667648K)
[589.580s][info][gc,metaspace   ] GC(1824) Metaspace: 18909K(19072K)->18909K(19072K) NonClass: 17079K(17216K)->17079K(17216K) Class: 1829K(1856K)->1829K(1856K)
[589.580s][info][gc             ] GC(1824) Pause Young (Allocation Failure) 715M->606M(869M) 85.914ms
[589.580s][info][gc,cpu         ] GC(1824) User=0.17s Sys=0.00s Real=0.08s
[589.744s][info][gc,start       ] GC(1825) Pause Young (Allocation Failure)
[589.824s][info][gc,heap        ] GC(1825) PSYoungGen: 197280K(222720K)->71680K(222720K) Eden: 111616K(111616K)->0K(111616K) From: 85664K(111104K)->71680K(111104K)
[589.824s][info][gc,heap        ] GC(1825) ParOldGen: 535486K(667648K)->549526K(667648K)
[589.824s][info][gc,metaspace   ] GC(1825) Metaspace: 18909K(19072K)->18909K(19072K) NonClass: 17079K(17216K)->17079K(17216K) Class: 1829K(1856K)->1829K(1856K)
[589.824s][info][gc             ] GC(1825) Pause Young (Allocation Failure) 715M->606M(869M) 79.227ms
[589.824s][info][gc,cpu         ] GC(1825) User=0.15s Sys=0.00s Real=0.08s
[589.982s][info][gc,start       ] GC(1826) Pause Young (Allocation Failure)
[590.048s][info][gc,heap        ] GC(1826) PSYoungGen: 183296K(222720K)->17920K(222720K) Eden: 111616K(111616K)->0K(111616K) From: 71680K(111104K)->17920K(111104K)
[590.048s][info][gc,heap        ] GC(1826) ParOldGen: 549526K(667648K)->603833K(667648K)
[590.048s][info][gc,metaspace   ] GC(1826) Metaspace: 18909K(19072K)->18909K(19072K) NonClass: 17079K(17216K)->17079K(17216K) Class: 1829K(1856K)->1829K(1856K)
[590.048s][info][gc             ] GC(1826) Pause Young (Allocation Failure) 715M->607M(869M) 66.323ms
[590.048s][info][gc,cpu         ] GC(1826) User=0.13s Sys=0.00s Real=0.07s
[590.208s][info][gc,start       ] GC(1827) Pause Young (Allocation Failure)
[590.238s][info][gc,heap        ] GC(1827) PSYoungGen: 129536K(222720K)->32K(222720K) Eden: 111616K(111616K)->0K(111616K) From: 17920K(111104K)->32K(111104K)
[590.238s][info][gc,heap        ] GC(1827) ParOldGen: 603833K(667648K)->621829K(667648K)
[590.238s][info][gc,metaspace   ] GC(1827) Metaspace: 18909K(19072K)->18909K(19072K) NonClass: 17079K(17216K)->17079K(17216K) Class: 1829K(1856K)->1829K(1856K)
[590.238s][info][gc             ] GC(1827) Pause Young (Allocation Failure) 716M->607M(869M) 30.343ms
[590.238s][info][gc,cpu         ] GC(1827) User=0.06s Sys=0.00s Real=0.03s
[590.388s][info][gc,start       ] GC(1828) Pause Full (Allocation Failure)
[590.388s][info][gc,phases,start] GC(1828) Marking Phase
[590.586s][info][gc,phases      ] GC(1828) Marking Phase 197.745ms
[590.586s][info][gc,phases,start] GC(1828) Summary Phase
[590.586s][info][gc,phases      ] GC(1828) Summary Phase 0.030ms
[590.586s][info][gc,phases,start] GC(1828) Forward
[590.649s][info][gc,phases      ] GC(1828) Forward 63.121ms
[590.649s][info][gc,phases,start] GC(1828) Adjust Pointers
[590.860s][info][gc,phases      ] GC(1828) Adjust Pointers 211.466ms
[590.860s][info][gc,phases,start] GC(1828) Compaction Phase
[590.950s][info][gc,phases      ] GC(1828) Compaction Phase 89.364ms
[590.957s][info][gc,phases,start] GC(1828) Post Compact
[590.959s][info][gc,phases      ] GC(1828) Post Compact 2.237ms
[590.966s][info][gc,heap        ] GC(1828) PSYoungGen: 111648K(222720K)->0K(222720K) Eden: 111616K(111616K)->0K(111616K) From: 32K(111104K)->0K(111104K)
[590.966s][info][gc,heap        ] GC(1828) ParOldGen: 621829K(667648K)->309097K(577024K)
[590.967s][info][gc,metaspace   ] GC(1828) Metaspace: 18909K(19072K)->18909K(19072K) NonClass: 17079K(17216K)->17079K(17216K) Class: 1829K(1856K)->1829K(1856K)
[590.967s][info][gc             ] GC(1828) Pause Full (Allocation Failure) 716M->301M(781M) 578.827ms
[590.967s][info][gc,cpu         ] GC(1828) User=1.07s Sys=0.01s Real=0.58s
[591.161s][info][gc,start       ] GC(1829) Pause Young (Allocation Failure)
[591.181s][info][gc,heap        ] GC(1829) PSYoungGen: 111616K(222720K)->9408K(222720K) Eden: 111616K(111616K)->0K(111616K) From: 0K(111104K)->9408K(111104K)
[591.181s][info][gc,heap        ] GC(1829) ParOldGen: 309097K(577024K)->309097K(577024K)
[591.181s][info][gc,metaspace   ] GC(1829) Metaspace: 18909K(19072K)->18909K(19072K) NonClass: 17079K(17216K)->17079K(17216K) Class: 1829K(1856K)->1829K(1856K)
[591.181s][info][gc             ] GC(1829) Pause Young (Allocation Failure) 410M->311M(781M) 20.658ms
[591.181s][info][gc,cpu         ] GC(1829) User=0.04s Sys=0.00s Real=0.02s
[591.320s][info][gc,start       ] GC(1830) Pause Young (Allocation Failure)
[591.345s][info][gc,heap        ] GC(1830) PSYoungGen: 121024K(222720K)->19296K(222720K) Eden: 111616K(111616K)->0K(111616K) From: 9408K(111104K)->19296K(111104K)
[591.345s][info][gc,heap        ] GC(1830) ParOldGen: 309097K(577024K)->309097K(577024K)
[591.345s][info][gc,metaspace   ] GC(1830) Metaspace: 18909K(19072K)->18909K(19072K) NonClass: 17079K(17216K)->17079K(17216K) Class: 1829K(1856K)->1829K(1856K)
[591.345s][info][gc             ] GC(1830) Pause Young (Allocation Failure) 420M->320M(781M) 25.561ms
[591.345s][info][gc,cpu         ] GC(1830) User=0.05s Sys=0.00s Real=0.03s
[591.447s][info][gc,start       ] GC(1831) Pause Young (Allocation Failure)
[591.477s][info][gc,heap        ] GC(1831) PSYoungGen: 130912K(222720K)->27584K(222720K) Eden: 111616K(111616K)->0K(111616K) From: 19296K(111104K)->27584K(111104K)
[591.477s][info][gc,heap        ] GC(1831) ParOldGen: 309097K(577024K)->309097K(577024K)
[591.477s][info][gc,metaspace   ] GC(1831) Metaspace: 18909K(19072K)->18909K(19072K) NonClass: 17079K(17216K)->17079K(17216K) Class: 1829K(1856K)->1829K(1856K)
[591.477s][info][gc             ] GC(1831) Pause Young (Allocation Failure) 429M->328M(781M) 29.879ms
[591.477s][info][gc,cpu         ] GC(1831) User=0.06s Sys=0.00s Real=0.03s
[591.574s][info][gc,start       ] GC(1832) Pause Young (Allocation Failure)
[591.604s][info][gc,heap        ] GC(1832) PSYoungGen: 139200K(222720K)->18944K(222720K) Eden: 111616K(111616K)->0K(111616K) From: 27584K(111104K)->18944K(111104K)
[591.604s][info][gc,heap        ] GC(1832) ParOldGen: 309097K(577024K)->318505K(577024K)
[591.604s][info][gc,metaspace   ] GC(1832) Metaspace: 18909K(19072K)->18909K(19072K) NonClass: 17079K(17216K)->17079K(17216K) Class: 1829K(1856K)->1829K(1856K)
[591.604s][info][gc             ] GC(1832) Pause Young (Allocation Failure) 437M->329M(781M) 30.491ms
[591.604s][info][gc,cpu         ] GC(1832) User=0.06s Sys=0.00s Real=0.03s
[591.709s][info][gc,start       ] GC(1833) Pause Young (Allocation Failure)
[591.735s][info][gc,heap        ] GC(1833) PSYoungGen: 130560K(222720K)->4224K(222720K) Eden: 111616K(111616K)->0K(111616K) From: 18944K(111104K)->4224K(111104K)
[591.735s][info][gc,heap        ] GC(1833) ParOldGen: 318505K(577024K)->336729K(577024K)
[591.735s][info][gc,metaspace   ] GC(1833) Metaspace: 18909K(19072K)->18909K(19072K) NonClass: 17079K(17216K)->17079K(17216K) Class: 1829K(1856K)->1829K(1856K)
[591.735s][info][gc             ] GC(1833) Pause Young (Allocation Failure) 438M->332M(781M) 26.119ms
[591.735s][info][gc,cpu         ] GC(1833) User=0.05s Sys=0.00s Real=0.03s
[591.825s][info][gc,start       ] GC(1834) Pause Young (Allocation Failure)
[591.840s][info][gc,heap        ] GC(1834) PSYoungGen: 115840K(222720K)->5248K(222720K) Eden: 111616K(111616K)->0K(111616K) From: 4224K(111104K)->5248K(111104K)
[591.840s][info][gc,heap        ] GC(1834) ParOldGen: 336729K(577024K)->340945K(577024K)
[591.840s][info][gc,metaspace   ] GC(1834) Metaspace: 18909K(19072K)->18909K(19072K) NonClass: 17079K(17216K)->17079K(17216K) Class: 1829K(1856K)->1829K(1856K)
[591.840s][info][gc             ] GC(1834) Pause Young (Allocation Failure) 441M->338M(781M) 14.915ms
[591.840s][info][gc,cpu         ] GC(1834) User=0.03s Sys=0.00s Real=0.01s
[591.918s][info][gc,start       ] GC(1835) Pause Young (Allocation Failure)
[591.950s][info][gc,heap        ] GC(1835) PSYoungGen: 116864K(222720K)->21920K(133632K) Eden: 111616K(111616K)->0K(111616K) From: 5248K(111104K)->21920K(22016K)
[591.950s][info][gc,heap        ] GC(1835) ParOldGen: 340945K(577024K)->346177K(577024K)
[591.950s][info][gc,metaspace   ] GC(1835) Metaspace: 18909K(19072K)->18909K(19072K) NonClass: 17079K(17216K)->17079K(17216K) Class: 1829K(1856K)->1829K(1856K)
[591.950s][info][gc             ] GC(1835) Pause Young (Allocation Failure) 447M->359M(694M) 31.715ms
[591.950s][info][gc,cpu         ] GC(1835) User=0.06s Sys=0.00s Real=0.03s
[592.034s][info][gc,start       ] GC(1836) Pause Young (Allocation Failure)
[592.077s][info][gc,heap        ] GC(1836) PSYoungGen: 133536K(133632K)->38848K(226304K) Eden: 111616K(111616K)->0K(117248K) From: 21920K(22016K)->38848K(109056K)
[592.077s][info][gc,heap        ] GC(1836) ParOldGen: 346177K(577024K)->346177K(577024K)
[592.077s][info][gc,metaspace   ] GC(1836) Metaspace: 18909K(19072K)->18909K(19072K) NonClass: 17079K(17216K)->17079K(17216K) Class: 1829K(1856K)->1829K(1856K)
[592.077s][info][gc             ] GC(1836) Pause Young (Allocation Failure) 468M->376M(784M) 42.667ms
[592.077s][info][gc,cpu         ] GC(1836) User=0.09s Sys=0.00s Real=0.04s
[592.192s][info][gc,start       ] GC(1837) Pause Young (Allocation Failure)
[592.249s][info][gc,heap        ] GC(1837) PSYoungGen: 156096K(226304K)->52352K(222208K) Eden: 117248K(117248K)->0K(117248K) From: 38848K(109056K)->52352K(104960K)
[592.249s][info][gc,heap        ] GC(1837) ParOldGen: 346177K(577024K)->346177K(577024K)
[592.249s][info][gc,metaspace   ] GC(1837) Metaspace: 18909K(19072K)->18909K(19072K) NonClass: 17079K(17216K)->17079K(17216K) Class: 1829K(1856K)->1829K(1856K)
[592.249s][info][gc             ] GC(1837) Pause Young (Allocation Failure) 490M->389M(780M) 56.728ms
[592.249s][info][gc,cpu         ] GC(1837) User=0.12s Sys=0.01s Real=0.05s
[592.433s][info][gc,start       ] GC(1838) Pause Young (Allocation Failure)
[592.512s][info][gc,heap        ] GC(1838) PSYoungGen: 169600K(222208K)->76448K(217088K) Eden: 117248K(117248K)->0K(111616K) From: 52352K(104960K)->76448K(105472K)
[592.512s][info][gc,heap        ] GC(1838) ParOldGen: 346177K(577024K)->346177K(577024K)
[592.512s][info][gc,metaspace   ] GC(1838) Metaspace: 18909K(19072K)->18909K(19072K) NonClass: 17079K(17216K)->17079K(17216K) Class: 1829K(1856K)->1829K(1856K)
[592.512s][info][gc             ] GC(1838) Pause Young (Allocation Failure) 503M->412M(775M) 79.610ms
[592.512s][info][gc,cpu         ] GC(1838) User=0.16s Sys=0.00s Real=0.08s
[592.598s][info][gc,start       ] GC(1839) Pause Young (Allocation Failure)
[592.687s][info][gc,heap        ] GC(1839) PSYoungGen: 188064K(217088K)->46272K(222720K) Eden: 111616K(111616K)->0K(111616K) From: 76448K(105472K)->46272K(111104K)
[592.687s][info][gc,heap        ] GC(1839) ParOldGen: 346177K(577024K)->385085K(577024K)
[592.687s][info][gc,metaspace   ] GC(1839) Metaspace: 18909K(19072K)->18909K(19072K) NonClass: 17079K(17216K)->17079K(17216K) Class: 1829K(1856K)->1829K(1856K)
[592.687s][info][gc             ] GC(1839) Pause Young (Allocation Failure) 521M->421M(781M) 88.624ms
[592.687s][info][gc,cpu         ] GC(1839) User=0.17s Sys=0.00s Real=0.09s
[592.781s][info][gc,start       ] GC(1840) Pause Young (Allocation Failure)
[592.834s][info][gc,heap        ] GC(1840) PSYoungGen: 157888K(222720K)->36000K(207360K) Eden: 111616K(111616K)->0K(113664K) From: 46272K(111104K)->36000K(93696K)
[592.834s][info][gc,heap        ] GC(1840) ParOldGen: 385085K(577024K)->398725K(577024K)
[592.834s][info][gc,metaspace   ] GC(1840) Metaspace: 18909K(19072K)->18909K(19072K) NonClass: 17079K(17216K)->17079K(17216K) Class: 1829K(1856K)->1829K(1856K)
[592.834s][info][gc             ] GC(1840) Pause Young (Allocation Failure) 530M->424M(766M) 52.978ms
[592.834s][info][gc,cpu         ] GC(1840) User=0.10s Sys=0.00s Real=0.06s
[592.981s][info][gc,start       ] GC(1841) Pause Young (Allocation Failure)
[593.033s][info][gc,heap        ] GC(1841) PSYoungGen: 149664K(207360K)->12032K(216064K) Eden: 113664K(113664K)->0K(113664K) From: 36000K(93696K)->12032K(102400K)
[593.033s][info][gc,heap        ] GC(1841) ParOldGen: 398725K(577024K)->422925K(577024K)
[593.033s][info][gc,metaspace   ] GC(1841) Metaspace: 18909K(19072K)->18909K(19072K) NonClass: 17080K(17216K)->17080K(17216K) Class: 1829K(1856K)->1829K(1856K)
[593.033s][info][gc             ] GC(1841) Pause Young (Allocation Failure) 535M->424M(774M) 52.938ms
[593.033s][info][gc,cpu         ] GC(1841) User=0.11s Sys=0.00s Real=0.06s
[593.163s][info][gc,start       ] GC(1842) Pause Young (Allocation Failure)
[593.185s][info][gc,heap        ] GC(1842) PSYoungGen: 125696K(216064K)->4800K(222208K) Eden: 113664K(113664K)->0K(124416K) From: 12032K(102400K)->4800K(97792K)
[593.185s][info][gc,heap        ] GC(1842) ParOldGen: 422925K(577024K)->431517K(577024K)
[593.185s][info][gc,metaspace   ] GC(1842) Metaspace: 18909K(19072K)->18909K(19072K) NonClass: 17080K(17216K)->17080K(17216K) Class: 1829K(1856K)->1829K(1856K)
[593.185s][info][gc             ] GC(1842) Pause Young (Allocation Failure) 535M->426M(780M) 21.710ms
[593.185s][info][gc,cpu         ] GC(1842) User=0.05s Sys=0.00s Real=0.02s
[593.329s][info][gc,start       ] GC(1843) Pause Young (Allocation Failure)
[593.346s][info][gc,heap        ] GC(1843) PSYoungGen: 129216K(222208K)->8288K(224256K) Eden: 124416K(124416K)->0K(124416K) From: 4800K(97792K)->8288K(99840K)
[593.346s][info][gc,heap        ] GC(1843) ParOldGen: 431517K(577024K)->431517K(577024K)
[593.346s][info][gc,metaspace   ] GC(1843) Metaspace: 18910K(19072K)->18910K(19072K) NonClass: 17081K(17216K)->17081K(17216K) Class: 1829K(1856K)->1829K(1856K)
[593.346s][info][gc             ] GC(1843) Pause Young (Allocation Failure) 547M->429M(782M) 16.617ms
[593.346s][info][gc,cpu         ] GC(1843) User=0.04s Sys=0.00s Real=0.02s
[593.456s][info][gc,start       ] GC(1844) Pause Young (Allocation Failure)
[593.468s][info][gc,heap        ] GC(1844) PSYoungGen: 132704K(224256K)->8320K(224768K) Eden: 124416K(124416K)->0K(134144K) From: 8288K(99840K)->8320K(90624K)
[593.468s][info][gc,heap        ] GC(1844) ParOldGen: 431517K(577024K)->431517K(577024K)
[593.468s][info][gc,metaspace   ] GC(1844) Metaspace: 18910K(19072K)->18910K(19072K) NonClass: 17081K(17216K)->17081K(17216K) Class: 1829K(1856K)->1829K(1856K)
[593.468s][info][gc             ] GC(1844) Pause Young (Allocation Failure) 550M->429M(783M) 11.628ms
[593.468s][info][gc,cpu         ] GC(1844) User=0.02s Sys=0.00s Real=0.01s
[593.630s][info][gc,start       ] GC(1845) Pause Young (Allocation Failure)
[593.655s][info][gc,heap        ] GC(1845) PSYoungGen: 142464K(224768K)->20256K(228864K) Eden: 134144K(134144K)->0K(134144K) From: 8320K(90624K)->20256K(94720K)
[593.655s][info][gc,heap        ] GC(1845) ParOldGen: 431517K(577024K)->431517K(577024K)
[593.655s][info][gc,metaspace   ] GC(1845) Metaspace: 18910K(19072K)->18910K(19072K) NonClass: 17081K(17216K)->17081K(17216K) Class: 1829K(1856K)->1829K(1856K)
[593.655s][info][gc             ] GC(1845) Pause Young (Allocation Failure) 560M->441M(787M) 24.498ms
[593.655s][info][gc,cpu         ] GC(1845) User=0.05s Sys=0.00s Real=0.03s
[593.796s][info][gc,start       ] GC(1846) Pause Young (Allocation Failure)
[593.847s][info][gc,heap        ] GC(1846) PSYoungGen: 154400K(228864K)->50960K(230912K) Eden: 134144K(134144K)->0K(141312K) From: 20256K(94720K)->50960K(89600K)
[593.847s][info][gc,heap        ] GC(1846) ParOldGen: 431517K(577024K)->431517K(577024K)
[593.847s][info][gc,metaspace   ] GC(1846) Metaspace: 18911K(19072K)->18911K(19072K) NonClass: 17081K(17216K)->17081K(17216K) Class: 1829K(1856K)->1829K(1856K)
[593.847s][info][gc             ] GC(1846) Pause Young (Allocation Failure) 572M->471M(789M) 50.721ms
[593.847s][info][gc,cpu         ] GC(1846) User=0.10s Sys=0.00s Real=0.05s
[593.953s][info][gc,start       ] GC(1847) Pause Young (Allocation Failure)
[594.046s][info][gc,heap        ] GC(1847) PSYoungGen: 192272K(230912K)->92144K(233472K) Eden: 141312K(141312K)->0K(141312K) From: 50960K(89600K)->92144K(92160K)
[594.046s][info][gc,heap        ] GC(1847) ParOldGen: 431517K(577024K)->446565K(577024K)
[594.046s][info][gc,metaspace   ] GC(1847) Metaspace: 18913K(19072K)->18913K(19072K) NonClass: 17083K(17216K)->17083K(17216K) Class: 1829K(1856K)->1829K(1856K)
[594.046s][info][gc             ] GC(1847) Pause Young (Allocation Failure) 609M->526M(791M) 92.519ms
[594.046s][info][gc,cpu         ] GC(1847) User=0.19s Sys=0.00s Real=0.09s
[594.276s][info][gc,start       ] GC(1848) Pause Young (Allocation Failure)
[594.369s][info][gc,heap        ] GC(1848) PSYoungGen: 233456K(233472K)->92184K(211968K) Eden: 141312K(141312K)->0K(111616K) From: 92144K(92160K)->92184K(100352K)
[594.369s][info][gc,heap        ] GC(1848) ParOldGen: 446565K(577024K)->450011K(577024K)
[594.369s][info][gc,metaspace   ] GC(1848) Metaspace: 18913K(19072K)->18913K(19072K) NonClass: 17084K(17216K)->17084K(17216K) Class: 1829K(1856K)->1829K(1856K)
[594.369s][info][gc             ] GC(1848) Pause Young (Allocation Failure) 664M->529M(770M) 92.870ms
[594.369s][info][gc,cpu         ] GC(1848) User=0.18s Sys=0.01s Real=0.09s
[594.465s][info][gc,start       ] GC(1849) Pause Young (Allocation Failure)
[594.554s][info][gc,heap        ] GC(1849) PSYoungGen: 203800K(211968K)->93992K(222720K) Eden: 111616K(111616K)->0K(111616K) From: 92184K(100352K)->93992K(111104K)
[594.554s][info][gc,heap        ] GC(1849) ParOldGen: 450011K(577024K)->454843K(577024K)
[594.554s][info][gc,metaspace   ] GC(1849) Metaspace: 18913K(19072K)->18913K(19072K) NonClass: 17084K(17216K)->17084K(17216K) Class: 1829K(1856K)->1829K(1856K)
[594.554s][info][gc             ] GC(1849) Pause Young (Allocation Failure) 638M->535M(781M) 88.880ms
[594.554s][info][gc,cpu         ] GC(1849) User=0.17s Sys=0.00s Real=0.09s
[594.693s][info][gc,start       ] GC(1850) Pause Young (Allocation Failure)
[594.780s][info][gc,heap        ] GC(1850) PSYoungGen: 205608K(222720K)->83144K(222720K) Eden: 111616K(111616K)->0K(111616K) From: 93992K(111104K)->83144K(111104K)
[594.780s][info][gc,heap        ] GC(1850) ParOldGen: 454843K(577024K)->466851K(577024K)
[594.780s][info][gc,metaspace   ] GC(1850) Metaspace: 18913K(19072K)->18913K(19072K) NonClass: 17084K(17216K)->17084K(17216K) Class: 1829K(1856K)->1829K(1856K)
[594.780s][info][gc             ] GC(1850) Pause Young (Allocation Failure) 644M->537M(781M) 86.864ms
[594.780s][info][gc,cpu         ] GC(1850) User=0.17s Sys=0.00s Real=0.08s
[594.930s][info][gc,start       ] GC(1851) Pause Young (Allocation Failure)
[595.005s][info][gc,heap        ] GC(1851) PSYoungGen: 194760K(222720K)->11504K(222720K) Eden: 111616K(111616K)->0K(111616K) From: 83144K(111104K)->11504K(111104K)
[595.005s][info][gc,heap        ] GC(1851) ParOldGen: 466851K(577024K)->539406K(577024K)
[595.005s][info][gc,metaspace   ] GC(1851) Metaspace: 18913K(19072K)->18913K(19072K) NonClass: 17084K(17216K)->17084K(17216K) Class: 1829K(1856K)->1829K(1856K)
[595.005s][info][gc             ] GC(1851) Pause Young (Allocation Failure) 646M->537M(781M) 75.133ms
[595.005s][info][gc,cpu         ] GC(1851) User=0.15s Sys=0.00s Real=0.08s
[595.227s][info][gc,start       ] GC(1852) Pause Young (Allocation Failure)
[595.246s][info][gc,heap        ] GC(1852) PSYoungGen: 123120K(222720K)->1824K(222720K) Eden: 111616K(111616K)->0K(111616K) From: 11504K(111104K)->1824K(111104K)
[595.246s][info][gc,heap        ] GC(1852) ParOldGen: 539406K(577024K)->549527K(577024K)
[595.246s][info][gc,metaspace   ] GC(1852) Metaspace: 18913K(19072K)->18913K(19072K) NonClass: 17084K(17216K)->17084K(17216K) Class: 1829K(1856K)->1829K(1856K)
[595.246s][info][gc             ] GC(1852) Pause Young (Allocation Failure) 646M->538M(781M) 19.020ms
[595.246s][info][gc,cpu         ] GC(1852) User=0.04s Sys=0.00s Real=0.02s
[595.356s][info][gc,start       ] GC(1853) Pause Young (Allocation Failure)
[595.364s][info][gc,heap        ] GC(1853) PSYoungGen: 113440K(222720K)->1824K(222720K) Eden: 111616K(111616K)->0K(111616K) From: 1824K(111104K)->1824K(111104K)
[595.364s][info][gc,heap        ] GC(1853) ParOldGen: 549527K(577024K)->550927K(577024K)
[595.364s][info][gc,metaspace   ] GC(1853) Metaspace: 18914K(19072K)->18914K(19072K) NonClass: 17084K(17216K)->17084K(17216K) Class: 1829K(1856K)->1829K(1856K)
[595.364s][info][gc             ] GC(1853) Pause Young (Allocation Failure) 647M->539M(781M) 7.474ms
[595.364s][info][gc,cpu         ] GC(1853) User=0.02s Sys=0.00s Real=0.01s
[595.488s][info][gc,start       ] GC(1854) Pause Young (Allocation Failure)
[595.496s][info][gc,heap        ] GC(1854) PSYoungGen: 113440K(222720K)->1312K(222720K) Eden: 111616K(111616K)->0K(111616K) From: 1824K(111104K)->1312K(111104K)
[595.496s][info][gc,heap        ] GC(1854) ParOldGen: 550927K(577024K)->552671K(577024K)
[595.496s][info][gc,metaspace   ] GC(1854) Metaspace: 18915K(19072K)->18915K(19072K) NonClass: 17086K(17216K)->17086K(17216K) Class: 1829K(1856K)->1829K(1856K)
[595.496s][info][gc             ] GC(1854) Pause Young (Allocation Failure) 648M->540M(781M) 8.580ms
[595.496s][info][gc,cpu         ] GC(1854) User=0.02s Sys=0.00s Real=0.01s
[595.735s][info][gc,start       ] GC(1855) Pause Young (Allocation Failure)
[595.772s][info][gc,heap        ] GC(1855) PSYoungGen: 112928K(222720K)->16609K(222720K) Eden: 111616K(111616K)->0K(111616K) From: 1312K(111104K)->16609K(111104K)
[595.772s][info][gc,heap        ] GC(1855) ParOldGen: 552671K(577024K)->553951K(577024K)
[595.772s][info][gc,metaspace   ] GC(1855) Metaspace: 18915K(19072K)->18915K(19072K) NonClass: 17086K(17216K)->17086K(17216K) Class: 1829K(1856K)->1829K(1856K)
[595.772s][info][gc             ] GC(1855) Pause Young (Allocation Failure) 649M->557M(781M) 36.782ms
[595.772s][info][gc,cpu         ] GC(1855) User=0.07s Sys=0.00s Real=0.04s
[595.990s][info][gc,start       ] GC(1856) Pause Young (Allocation Failure)
[596.033s][info][gc,heap        ] GC(1856) PSYoungGen: 128225K(222720K)->12297K(222720K) Eden: 111616K(111616K)->0K(111616K) From: 16609K(111104K)->12297K(111104K)
[596.033s][info][gc,heap        ] GC(1856) ParOldGen: 553951K(577024K)->570468K(577024K)
[596.033s][info][gc,metaspace   ] GC(1856) Metaspace: 18915K(19072K)->18915K(19072K) NonClass: 17086K(17216K)->17086K(17216K) Class: 1829K(1856K)->1829K(1856K)
[596.033s][info][gc             ] GC(1856) Pause Young (Allocation Failure) 666M->569M(781M) 43.013ms
[596.033s][info][gc,cpu         ] GC(1856) User=0.09s Sys=0.00s Real=0.05s
[596.182s][info][gc,start       ] GC(1857) Pause Young (Allocation Failure)
[596.218s][info][gc,heap        ] GC(1857) PSYoungGen: 123913K(222720K)->17120K(222720K) Eden: 111616K(111616K)->0K(111616K) From: 12297K(111104K)->17120K(111104K)
[596.218s][info][gc,heap        ] GC(1857) ParOldGen: 570468K(577024K)->582797K(583168K)
[596.218s][info][gc,metaspace   ] GC(1857) Metaspace: 18915K(19072K)->18915K(19072K) NonClass: 17086K(17216K)->17086K(17216K) Class: 1829K(1856K)->1829K(1856K)
[596.218s][info][gc             ] GC(1857) Pause Young (Allocation Failure) 678M->585M(787M) 36.846ms
[596.218s][info][gc,cpu         ] GC(1857) User=0.07s Sys=0.01s Real=0.04s
[596.341s][info][gc,start       ] GC(1858) Pause Young (Allocation Failure)
[596.380s][info][gc,heap        ] GC(1858) PSYoungGen: 128736K(222720K)->8704K(218624K) Eden: 111616K(111616K)->0K(111616K) From: 17120K(111104K)->8704K(107008K)
[596.380s][info][gc,heap        ] GC(1858) ParOldGen: 582797K(583168K)->599965K(600064K)
[596.380s][info][gc,metaspace   ] GC(1858) Metaspace: 18915K(19072K)->18915K(19072K) NonClass: 17086K(17216K)->17086K(17216K) Class: 1829K(1856K)->1829K(1856K)
[596.380s][info][gc             ] GC(1858) Pause Young (Allocation Failure) 694M->594M(799M) 39.086ms
[596.381s][info][gc,cpu         ] GC(1858) User=0.07s Sys=0.01s Real=0.04s
[596.503s][info][gc,start       ] GC(1859) Pause Young (Allocation Failure)
[596.521s][info][gc,heap        ] GC(1859) PSYoungGen: 120320K(218624K)->11328K(220672K) Eden: 111616K(111616K)->0K(111616K) From: 8704K(107008K)->11328K(109056K)
[596.521s][info][gc,heap        ] GC(1859) ParOldGen: 599965K(600064K)->599965K(600064K)
[596.521s][info][gc,metaspace   ] GC(1859) Metaspace: 18916K(19072K)->18916K(19072K) NonClass: 17086K(17216K)->17086K(17216K) Class: 1829K(1856K)->1829K(1856K)
[596.522s][info][gc             ] GC(1859) Pause Young (Allocation Failure) 703M->596M(801M) 18.942ms
[596.522s][info][gc,cpu         ] GC(1859) User=0.04s Sys=0.00s Real=0.01s
[596.655s][info][gc,start       ] GC(1860) Pause Young (Allocation Failure)
[596.677s][info][gc,heap        ] GC(1860) PSYoungGen: 122944K(220672K)->14112K(212992K) Eden: 111616K(111616K)->0K(119296K) From: 11328K(109056K)->14112K(93696K)
[596.677s][info][gc,heap        ] GC(1860) ParOldGen: 599965K(600064K)->599965K(600064K)
[596.677s][info][gc,metaspace   ] GC(1860) Metaspace: 18918K(19072K)->18918K(19072K) NonClass: 17089K(17216K)->17089K(17216K) Class: 1829K(1856K)->1829K(1856K)
[596.677s][info][gc             ] GC(1860) Pause Young (Allocation Failure) 705M->599M(794M) 22.761ms
[596.677s][info][gc,cpu         ] GC(1860) User=0.04s Sys=0.00s Real=0.02s
[596.820s][info][gc,start       ] GC(1861) Pause Young (Allocation Failure)
[596.838s][info][gc,heap        ] GC(1861) PSYoungGen: 133408K(212992K)->14464K(217088K) Eden: 119296K(119296K)->0K(119296K) From: 14112K(93696K)->14464K(97792K)
[596.838s][info][gc,heap        ] GC(1861) ParOldGen: 599965K(600064K)->599965K(600064K)
[596.838s][info][gc,metaspace   ] GC(1861) Metaspace: 18918K(19072K)->18918K(19072K) NonClass: 17089K(17216K)->17089K(17216K) Class: 1829K(1856K)->1829K(1856K)
[596.838s][info][gc             ] GC(1861) Pause Young (Allocation Failure) 716M->600M(798M) 17.837ms
[596.838s][info][gc,cpu         ] GC(1861) User=0.03s Sys=0.00s Real=0.02s
[596.908s][info][gc,start       ] GC(1862) Pause Young (Allocation Failure)
[596.928s][info][gc,heap        ] GC(1862) PSYoungGen: 133760K(217088K)->14464K(209408K) Eden: 119296K(119296K)->0K(127488K) From: 14464K(97792K)->14464K(81920K)
[596.928s][info][gc,heap        ] GC(1862) ParOldGen: 599965K(600064K)->599965K(600064K)
[596.928s][info][gc,metaspace   ] GC(1862) Metaspace: 18918K(19072K)->18918K(19072K) NonClass: 17089K(17216K)->17089K(17216K) Class: 1829K(1856K)->1829K(1856K)
[596.928s][info][gc             ] GC(1862) Pause Young (Allocation Failure) 716M->600M(790M) 20.035ms
[596.928s][info][gc,cpu         ] GC(1862) User=0.04s Sys=0.00s Real=0.02s
[597.044s][info][gc,start       ] GC(1863) Pause Young (Allocation Failure)
[597.068s][info][gc,heap        ] GC(1863) PSYoungGen: 141952K(209408K)->19392K(214528K) Eden: 127488K(127488K)->0K(127488K) From: 14464K(81920K)->19392K(87040K)
[597.068s][info][gc,heap        ] GC(1863) ParOldGen: 599965K(600064K)->599965K(600064K)
[597.068s][info][gc,metaspace   ] GC(1863) Metaspace: 18918K(19072K)->18918K(19072K) NonClass: 17089K(17216K)->17089K(17216K) Class: 1829K(1856K)->1829K(1856K)
[597.068s][info][gc             ] GC(1863) Pause Young (Allocation Failure) 724M->604M(795M) 24.055ms
[597.068s][info][gc,cpu         ] GC(1863) User=0.04s Sys=0.00s Real=0.02s
[597.245s][info][gc,start       ] GC(1864) Pause Young (Allocation Failure)
[597.276s][info][gc,heap        ] GC(1864) PSYoungGen: 146880K(214528K)->22432K(206336K) Eden: 127488K(127488K)->0K(136192K) From: 19392K(87040K)->22432K(70144K)
[597.276s][info][gc,heap        ] GC(1864) ParOldGen: 599965K(600064K)->599965K(600064K)
[597.276s][info][gc,metaspace   ] GC(1864) Metaspace: 18918K(19072K)->18918K(19072K) NonClass: 17089K(17216K)->17089K(17216K) Class: 1829K(1856K)->1829K(1856K)
[597.276s][info][gc             ] GC(1864) Pause Young (Allocation Failure) 729M->607M(787M) 30.332ms
[597.276s][info][gc,cpu         ] GC(1864) User=0.05s Sys=0.00s Real=0.03s
[597.557s][info][gc,start       ] GC(1865) Pause Young (Allocation Failure)
[597.584s][info][gc,heap        ] GC(1865) PSYoungGen: 158624K(206336K)->22544K(211968K) Eden: 136192K(136192K)->0K(136192K) From: 22432K(70144K)->22544K(75776K)
[597.584s][info][gc,heap        ] GC(1865) ParOldGen: 599965K(600064K)->599965K(600064K)
[597.584s][info][gc,metaspace   ] GC(1865) Metaspace: 18918K(19072K)->18918K(19072K) NonClass: 17089K(17216K)->17089K(17216K) Class: 1829K(1856K)->1829K(1856K)
[597.584s][info][gc             ] GC(1865) Pause Young (Allocation Failure) 740M->607M(793M) 27.041ms
[597.584s][info][gc,cpu         ] GC(1865) User=0.06s Sys=0.00s Real=0.03s
[597.978s][info][gc,start       ] GC(1866) Pause Young (Allocation Failure)
[598.015s][info][gc,heap        ] GC(1866) PSYoungGen: 158736K(211968K)->32352K(211968K) Eden: 136192K(136192K)->0K(144384K) From: 22544K(75776K)->32352K(67584K)
[598.015s][info][gc,heap        ] GC(1866) ParOldGen: 599965K(600064K)->599965K(600064K)
[598.015s][info][gc,metaspace   ] GC(1866) Metaspace: 18919K(19072K)->18919K(19072K) NonClass: 17090K(17216K)->17090K(17216K) Class: 1829K(1856K)->1829K(1856K)
[598.015s][info][gc             ] GC(1866) Pause Young (Allocation Failure) 740M->617M(793M) 37.533ms
[598.015s][info][gc,cpu         ] GC(1866) User=0.07s Sys=0.00s Real=0.04s
[598.185s][info][gc,start       ] GC(1867) Pause Young (Allocation Failure)
[598.236s][info][gc,heap        ] GC(1867) PSYoungGen: 176736K(211968K)->45560K(213504K) Eden: 144384K(144384K)->0K(144384K) From: 32352K(67584K)->45560K(69120K)
[598.236s][info][gc,heap        ] GC(1867) ParOldGen: 599965K(600064K)->599965K(600064K)
[598.236s][info][gc,metaspace   ] GC(1867) Metaspace: 18919K(19072K)->18919K(19072K) NonClass: 17090K(17216K)->17090K(17216K) Class: 1829K(1856K)->1829K(1856K)
[598.236s][info][gc             ] GC(1867) Pause Young (Allocation Failure) 758M->630M(794M) 50.670ms
[598.236s][info][gc,cpu         ] GC(1867) User=0.10s Sys=0.00s Real=0.05s
[598.485s][info][gc,start       ] GC(1868) Pause Young (Allocation Failure)
[598.536s][info][gc,heap        ] GC(1868) PSYoungGen: 189944K(213504K)->45576K(223744K) Eden: 144384K(144384K)->0K(151040K) From: 45560K(69120K)->45576K(72704K)
[598.536s][info][gc,heap        ] GC(1868) ParOldGen: 599965K(600064K)->599965K(600064K)
[598.537s][info][gc,metaspace   ] GC(1868) Metaspace: 18919K(19072K)->18919K(19072K) NonClass: 17090K(17216K)->17090K(17216K) Class: 1829K(1856K)->1829K(1856K)
[598.537s][info][gc             ] GC(1868) Pause Young (Allocation Failure) 771M->630M(804M) 51.605ms
[598.537s][info][gc,cpu         ] GC(1868) User=0.10s Sys=0.00s Real=0.05s
[599.591s][info][gc,start       ] GC(1869) Pause Young (Allocation Failure)
[599.641s][info][gc,heap        ] GC(1869) PSYoungGen: 196616K(223744K)->46045K(226304K) Eden: 151040K(151040K)->0K(151040K) From: 45576K(72704K)->46045K(75264K)
[599.641s][info][gc,heap        ] GC(1869) ParOldGen: 599965K(600064K)->599965K(600064K)
[599.641s][info][gc,metaspace   ] GC(1869) Metaspace: 18919K(19072K)->18919K(19072K) NonClass: 17090K(17216K)->17090K(17216K) Class: 1829K(1856K)->1829K(1856K)
[599.641s][info][gc             ] GC(1869) Pause Young (Allocation Failure) 777M->630M(807M) 49.923ms
[599.641s][info][gc,cpu         ] GC(1869) User=0.10s Sys=0.00s Real=0.05s
[600.677s][info][gc,start       ] GC(1870) Pause Young (Allocation Failure)
[600.732s][info][gc,heap        ] GC(1870) PSYoungGen: 197085K(226304K)->46461K(235520K) Eden: 151040K(151040K)->0K(158208K) From: 46045K(75264K)->46461K(77312K)
[600.732s][info][gc,heap        ] GC(1870) ParOldGen: 599965K(600064K)->599965K(600064K)
[600.733s][info][gc,metaspace   ] GC(1870) Metaspace: 18922K(19072K)->18922K(19072K) NonClass: 17093K(17216K)->17093K(17216K) Class: 1829K(1856K)->1829K(1856K)
[600.733s][info][gc             ] GC(1870) Pause Young (Allocation Failure) 778M->631M(816M) 55.239ms
[600.733s][info][gc,cpu         ] GC(1870) User=0.11s Sys=0.00s Real=0.06s
[601.626s][info][gc,start       ] GC(1871) Pause Young (Allocation Failure)
[601.679s][info][gc,heap        ] GC(1871) PSYoungGen: 204667K(235520K)->48295K(237056K) Eden: 158206K(158208K)->0K(158208K) From: 46461K(77312K)->48295K(78848K)
[601.679s][info][gc,heap        ] GC(1871) ParOldGen: 599965K(600064K)->599965K(600064K)
[601.679s][info][gc,metaspace   ] GC(1871) Metaspace: 18926K(19072K)->18926K(19072K) NonClass: 17096K(17216K)->17096K(17216K) Class: 1829K(1856K)->1829K(1856K)
[601.679s][info][gc             ] GC(1871) Pause Young (Allocation Failure) 785M->633M(817M) 53.685ms
[601.679s][info][gc,cpu         ] GC(1871) User=0.10s Sys=0.00s Real=0.05s
[602.090s][info][gc,start       ] GC(1872) Pause Young (Allocation Failure)
[602.150s][info][gc,heap        ] GC(1872) PSYoungGen: 206417K(237056K)->48277K(244736K) Eden: 158122K(158208K)->0K(164352K) From: 48295K(78848K)->48277K(80384K)
[602.150s][info][gc,heap        ] GC(1872) ParOldGen: 599965K(600064K)->599965K(600064K)
[602.150s][info][gc,metaspace   ] GC(1872) Metaspace: 18927K(19072K)->18927K(19072K) NonClass: 17097K(17216K)->17097K(17216K) Class: 1829K(1856K)->1829K(1856K)
[602.150s][info][gc             ] GC(1872) Pause Young (Allocation Failure) 787M->633M(825M) 60.233ms
[602.150s][info][gc,cpu         ] GC(1872) User=0.12s Sys=0.01s Real=0.06s
[602.578s][info][gc,start       ] GC(1873) Pause Young (Allocation Failure)
[602.637s][info][gc,heap        ] GC(1873) PSYoungGen: 212629K(244736K)->39629K(245760K) Eden: 164352K(164352K)->0K(164352K) From: 48277K(80384K)->39629K(81408K)
[602.637s][info][gc,heap        ] GC(1873) ParOldGen: 599965K(600064K)->608653K(608768K)
[602.637s][info][gc,metaspace   ] GC(1873) Metaspace: 18927K(19072K)->18927K(19072K) NonClass: 17097K(17216K)->17097K(17216K) Class: 1829K(1856K)->1829K(1856K)
[602.637s][info][gc             ] GC(1873) Pause Young (Allocation Failure) 793M->633M(834M) 59.453ms
[602.637s][info][gc,cpu         ] GC(1873) User=0.11s Sys=0.01s Real=0.06s
[602.798s][info][gc,start       ] GC(1874) Pause Young (Allocation Failure)
[602.916s][info][gc,heap        ] GC(1874) PSYoungGen: 203981K(245760K)->78845K(222208K) Eden: 164352K(164352K)->0K(143360K) From: 39629K(81408K)->78845K(78848K)
[602.916s][info][gc,heap        ] GC(1874) ParOldGen: 608653K(608768K)->621085K(621568K)
[602.916s][info][gc,metaspace   ] GC(1874) Metaspace: 18931K(19072K)->18931K(19072K) NonClass: 17102K(17216K)->17102K(17216K) Class: 1829K(1856K)->1829K(1856K)
[602.916s][info][gc             ] GC(1874) Pause Young (Allocation Failure) 793M->683M(824M) 117.420ms
[602.916s][info][gc,cpu         ] GC(1874) User=0.20s Sys=0.04s Real=0.12s
[603.049s][info][gc,start       ] GC(1875) Pause Young (Allocation Failure)
[603.198s][info][gc,heap        ] GC(1875) PSYoungGen: 222205K(222208K)->95220K(238592K) Eden: 143360K(143360K)->0K(143360K) From: 78845K(78848K)->95220K(95232K)
[603.198s][info][gc,heap        ] GC(1875) ParOldGen: 621085K(621568K)->659794K(659968K)
[603.198s][info][gc,metaspace   ] GC(1875) Metaspace: 18931K(19072K)->18931K(19072K) NonClass: 17102K(17216K)->17102K(17216K) Class: 1829K(1856K)->1829K(1856K)
[603.198s][info][gc             ] GC(1875) Pause Young (Allocation Failure) 823M->737M(877M) 149.703ms
[603.198s][info][gc,cpu         ] GC(1875) User=0.27s Sys=0.03s Real=0.15s
[603.335s][info][gc,start       ] GC(1876) Pause Full (Allocation Failure)
[603.335s][info][gc,phases,start] GC(1876) Marking Phase
[603.466s][info][gc,phases      ] GC(1876) Marking Phase 130.755ms
[603.466s][info][gc,phases,start] GC(1876) Summary Phase
[603.466s][info][gc,phases      ] GC(1876) Summary Phase 0.031ms
[603.466s][info][gc,phases,start] GC(1876) Forward
[603.512s][info][gc,phases      ] GC(1876) Forward 46.329ms
[603.512s][info][gc,phases,start] GC(1876) Adjust Pointers
[603.595s][info][gc,phases      ] GC(1876) Adjust Pointers 82.218ms
[603.595s][info][gc,phases,start] GC(1876) Compaction Phase
[603.649s][info][gc,phases      ] GC(1876) Compaction Phase 54.424ms
[603.650s][info][gc,phases,start] GC(1876) Post Compact
[603.653s][info][gc,phases      ] GC(1876) Post Compact 2.653ms
[603.670s][info][gc,heap        ] GC(1876) PSYoungGen: 238580K(238592K)->0K(206848K) Eden: 143360K(143360K)->0K(111616K) From: 95220K(95232K)->0K(95232K)
[603.670s][info][gc,heap        ] GC(1876) ParOldGen: 659794K(659968K)->207080K(468992K)
[603.670s][info][gc,metaspace   ] GC(1876) Metaspace: 18932K(19072K)->18932K(19072K) NonClass: 17103K(17216K)->17103K(17216K) Class: 1829K(1856K)->1829K(1856K)
[603.670s][info][gc             ] GC(1876) Pause Full (Allocation Failure) 877M->202M(660M) 334.827ms
[603.670s][info][gc,cpu         ] GC(1876) User=0.58s Sys=0.02s Real=0.33s
[603.875s][info][gc,start       ] GC(1877) Pause Young (Allocation Failure)
[603.921s][info][gc,heap        ] GC(1877) PSYoungGen: 111616K(206848K)->24055K(222720K) Eden: 111616K(111616K)->0K(111616K) From: 0K(95232K)->24055K(111104K)
[603.921s][info][gc,heap        ] GC(1877) ParOldGen: 207080K(468992K)->207080K(468992K)
[603.921s][info][gc,metaspace   ] GC(1877) Metaspace: 18932K(19072K)->18932K(19072K) NonClass: 17103K(17216K)->17103K(17216K) Class: 1829K(1856K)->1829K(1856K)
[603.921s][info][gc             ] GC(1877) Pause Young (Allocation Failure) 311M->225M(675M) 46.009ms
[603.921s][info][gc,cpu         ] GC(1877) User=0.09s Sys=0.00s Real=0.04s
[604.062s][info][gc,start       ] GC(1878) Pause Young (Allocation Failure)
[604.132s][info][gc,heap        ] GC(1878) PSYoungGen: 135671K(222720K)->38579K(222720K) Eden: 111616K(111616K)->0K(111616K) From: 24055K(111104K)->38579K(111104K)
[604.132s][info][gc,heap        ] GC(1878) ParOldGen: 207080K(468992K)->207080K(468992K)
[604.133s][info][gc,metaspace   ] GC(1878) Metaspace: 18933K(19072K)->18933K(19072K) NonClass: 17104K(17216K)->17104K(17216K) Class: 1829K(1856K)->1829K(1856K)
[604.133s][info][gc             ] GC(1878) Pause Young (Allocation Failure) 334M->239M(675M) 70.872ms
[604.133s][info][gc,cpu         ] GC(1878) User=0.14s Sys=0.00s Real=0.08s
[604.317s][info][gc,start       ] GC(1879) Pause Young (Allocation Failure)
[604.414s][info][gc,heap        ] GC(1879) PSYoungGen: 150195K(222720K)->56307K(222720K) Eden: 111616K(111616K)->0K(111616K) From: 38579K(111104K)->56307K(111104K)
[604.414s][info][gc,heap        ] GC(1879) ParOldGen: 207080K(468992K)->207080K(468992K)
[604.414s][info][gc,metaspace   ] GC(1879) Metaspace: 18933K(19072K)->18933K(19072K) NonClass: 17104K(17216K)->17104K(17216K) Class: 1829K(1856K)->1829K(1856K)
[604.414s][info][gc             ] GC(1879) Pause Young (Allocation Failure) 348M->257M(675M) 97.280ms
[604.414s][info][gc,cpu         ] GC(1879) User=0.19s Sys=0.00s Real=0.10s
[604.568s][info][gc,start       ] GC(1880) Pause Young (Allocation Failure)
[604.697s][info][gc,heap        ] GC(1880) PSYoungGen: 167923K(222720K)->64435K(222720K) Eden: 111616K(111616K)->0K(111616K) From: 56307K(111104K)->64435K(111104K)
[604.697s][info][gc,heap        ] GC(1880) ParOldGen: 207080K(468992K)->207080K(468992K)
[604.697s][info][gc,metaspace   ] GC(1880) Metaspace: 18933K(19072K)->18933K(19072K) NonClass: 17104K(17216K)->17104K(17216K) Class: 1829K(1856K)->1829K(1856K)
[604.697s][info][gc             ] GC(1880) Pause Young (Allocation Failure) 366M->265M(675M) 128.758ms
[604.697s][info][gc,cpu         ] GC(1880) User=0.25s Sys=0.00s Real=0.13s
[604.832s][info][gc,start       ] GC(1881) Pause Young (Allocation Failure)
[604.936s][info][gc,heap        ] GC(1881) PSYoungGen: 176051K(222720K)->74323K(222720K) Eden: 111616K(111616K)->0K(111616K) From: 64435K(111104K)->74323K(111104K)
[604.936s][info][gc,heap        ] GC(1881) ParOldGen: 207080K(468992K)->207080K(468992K)
[604.936s][info][gc,metaspace   ] GC(1881) Metaspace: 18933K(19072K)->18933K(19072K) NonClass: 17104K(17216K)->17104K(17216K) Class: 1829K(1856K)->1829K(1856K)
[604.936s][info][gc             ] GC(1881) Pause Young (Allocation Failure) 374M->274M(675M) 104.050ms
[604.936s][info][gc,cpu         ] GC(1881) User=0.21s Sys=0.00s Real=0.10s
[605.061s][info][gc,start       ] GC(1882) Pause Young (Allocation Failure)
[605.169s][info][gc,heap        ] GC(1882) PSYoungGen: 185939K(222720K)->75241K(222720K) Eden: 111616K(111616K)->0K(111616K) From: 74323K(111104K)->75241K(111104K)
[605.169s][info][gc,heap        ] GC(1882) ParOldGen: 207080K(468992K)->207080K(468992K)
[605.169s][info][gc,metaspace   ] GC(1882) Metaspace: 18933K(19072K)->18933K(19072K) NonClass: 17104K(17216K)->17104K(17216K) Class: 1829K(1856K)->1829K(1856K)
[605.169s][info][gc             ] GC(1882) Pause Young (Allocation Failure) 383M->275M(675M) 107.615ms
[605.169s][info][gc,cpu         ] GC(1882) User=0.21s Sys=0.00s Real=0.11s
[605.274s][info][gc,start       ] GC(1883) Pause Young (Allocation Failure)
[605.380s][info][gc,heap        ] GC(1883) PSYoungGen: 186857K(222720K)->75433K(222720K) Eden: 111616K(111616K)->0K(111616K) From: 75241K(111104K)->75433K(111104K)
[605.380s][info][gc,heap        ] GC(1883) ParOldGen: 207080K(468992K)->207080K(468992K)
[605.380s][info][gc,metaspace   ] GC(1883) Metaspace: 18933K(19072K)->18933K(19072K) NonClass: 17104K(17216K)->17104K(17216K) Class: 1829K(1856K)->1829K(1856K)
[605.380s][info][gc             ] GC(1883) Pause Young (Allocation Failure) 384M->275M(675M) 106.161ms
[605.380s][info][gc,cpu         ] GC(1883) User=0.21s Sys=0.00s Real=0.10s
[605.497s][info][gc,start       ] GC(1884) Pause Young (Allocation Failure)
[605.607s][info][gc,heap        ] GC(1884) PSYoungGen: 187049K(222720K)->39520K(222720K) Eden: 111616K(111616K)->0K(111616K) From: 75433K(111104K)->39520K(111104K)
[605.607s][info][gc,heap        ] GC(1884) ParOldGen: 207080K(468992K)->245303K(468992K)
[605.607s][info][gc,metaspace   ] GC(1884) Metaspace: 18933K(19072K)->18933K(19072K) NonClass: 17104K(17216K)->17104K(17216K) Class: 1829K(1856K)->1829K(1856K)
[605.607s][info][gc             ] GC(1884) Pause Young (Allocation Failure) 384M->278M(675M) 109.638ms
[605.607s][info][gc,cpu         ] GC(1884) User=0.22s Sys=0.00s Real=0.11s
[605.694s][info][gc,start       ] GC(1885) Pause Young (Allocation Failure)
[605.773s][info][gc,heap        ] GC(1885) PSYoungGen: 151136K(222720K)->31072K(222720K) Eden: 111616K(111616K)->0K(111616K) From: 39520K(111104K)->31072K(111104K)
[605.773s][info][gc,heap        ] GC(1885) ParOldGen: 245303K(468992K)->271703K(468992K)
[605.773s][info][gc,metaspace   ] GC(1885) Metaspace: 18933K(19072K)->18933K(19072K) NonClass: 17104K(17216K)->17104K(17216K) Class: 1829K(1856K)->1829K(1856K)
[605.773s][info][gc             ] GC(1885) Pause Young (Allocation Failure) 387M->295M(675M) 78.814ms
[605.773s][info][gc,cpu         ] GC(1885) User=0.15s Sys=0.00s Real=0.08s
[605.888s][info][gc,start       ] GC(1886) Pause Young (Allocation Failure)
[605.954s][info][gc,heap        ] GC(1886) PSYoungGen: 142688K(222720K)->47680K(216576K) Eden: 111616K(111616K)->0K(111616K) From: 31072K(111104K)->47680K(104960K)
[605.954s][info][gc,heap        ] GC(1886) ParOldGen: 271703K(468992K)->282575K(468992K)
[605.954s][info][gc,metaspace   ] GC(1886) Metaspace: 18938K(19072K)->18938K(19072K) NonClass: 17108K(17216K)->17108K(17216K) Class: 1829K(1856K)->1829K(1856K)
[605.954s][info][gc             ] GC(1886) Pause Young (Allocation Failure) 404M->322M(669M) 65.562ms
[605.954s][info][gc,cpu         ] GC(1886) User=0.13s Sys=0.00s Real=0.07s
[606.116s][info][gc,start       ] GC(1887) Pause Young (Allocation Failure)
[606.199s][info][gc,heap        ] GC(1887) PSYoungGen: 159296K(216576K)->71699K(219648K) Eden: 111616K(111616K)->0K(111616K) From: 47680K(104960K)->71699K(108032K)
[606.199s][info][gc,heap        ] GC(1887) ParOldGen: 282575K(468992K)->284927K(468992K)
[606.199s][info][gc,metaspace   ] GC(1887) Metaspace: 18938K(19072K)->18938K(19072K) NonClass: 17108K(17216K)->17108K(17216K) Class: 1829K(1856K)->1829K(1856K)
[606.199s][info][gc             ] GC(1887) Pause Young (Allocation Failure) 431M->348M(672M) 83.727ms
[606.199s][info][gc,cpu         ] GC(1887) User=0.17s Sys=0.00s Real=0.08s
[606.286s][info][gc,start       ] GC(1888) Pause Young (Allocation Failure)
[606.373s][info][gc,heap        ] GC(1888) PSYoungGen: 183315K(219648K)->34179K(222720K) Eden: 111616K(111616K)->0K(115712K) From: 71699K(108032K)->34179K(107008K)
[606.373s][info][gc,heap        ] GC(1888) ParOldGen: 284927K(468992K)->330503K(468992K)
[606.373s][info][gc,metaspace   ] GC(1888) Metaspace: 18938K(19072K)->18938K(19072K) NonClass: 17108K(17216K)->17108K(17216K) Class: 1829K(1856K)->1829K(1856K)
[606.373s][info][gc             ] GC(1888) Pause Young (Allocation Failure) 457M->356M(675M) 86.811ms
[606.373s][info][gc,cpu         ] GC(1888) User=0.17s Sys=0.00s Real=0.09s
[606.454s][info][gc,start       ] GC(1889) Pause Young (Allocation Failure)
[606.502s][info][gc,heap        ] GC(1889) PSYoungGen: 149891K(222720K)->3584K(223232K) Eden: 115712K(115712K)->0K(115712K) From: 34179K(107008K)->3584K(107520K)
[606.502s][info][gc,heap        ] GC(1889) ParOldGen: 330503K(468992K)->364929K(468992K)
[606.502s][info][gc,metaspace   ] GC(1889) Metaspace: 18938K(19072K)->18938K(19072K) NonClass: 17108K(17216K)->17108K(17216K) Class: 1829K(1856K)->1829K(1856K)
[606.502s][info][gc             ] GC(1889) Pause Young (Allocation Failure) 469M->359M(676M) 47.746ms
[606.502s][info][gc,cpu         ] GC(1889) User=0.10s Sys=0.00s Real=0.04s
[606.683s][info][gc,start       ] GC(1890) Pause Young (Allocation Failure)
[606.693s][info][gc,heap        ] GC(1890) PSYoungGen: 119296K(223232K)->1312K(221696K) Eden: 115712K(115712K)->0K(111616K) From: 3584K(107520K)->1312K(110080K)
[606.693s][info][gc,heap        ] GC(1890) ParOldGen: 364929K(468992K)->368489K(468992K)
[606.693s][info][gc,metaspace   ] GC(1890) Metaspace: 18938K(19072K)->18938K(19072K) NonClass: 17108K(17216K)->17108K(17216K) Class: 1829K(1856K)->1829K(1856K)
[606.693s][info][gc             ] GC(1890) Pause Young (Allocation Failure) 472M->361M(674M) 10.571ms
[606.693s][info][gc,cpu         ] GC(1890) User=0.02s Sys=0.00s Real=0.01s
[607.101s][info][gc,start       ] GC(1891) Pause Young (Allocation Failure)
[607.108s][info][gc,heap        ] GC(1891) PSYoungGen: 112928K(221696K)->1600K(222720K) Eden: 111616K(111616K)->0K(111616K) From: 1312K(110080K)->1600K(111104K)
[607.108s][info][gc,heap        ] GC(1891) ParOldGen: 368489K(468992K)->369761K(468992K)
[607.108s][info][gc,metaspace   ] GC(1891) Metaspace: 18938K(19072K)->18938K(19072K) NonClass: 17109K(17216K)->17109K(17216K) Class: 1829K(1856K)->1829K(1856K)
[607.108s][info][gc             ] GC(1891) Pause Young (Allocation Failure) 470M->362M(675M) 7.066ms
[607.108s][info][gc,cpu         ] GC(1891) User=0.02s Sys=0.00s Real=0.01s
[607.396s][info][gc,start       ] GC(1892) Pause Young (Allocation Failure)
[607.401s][info][gc,heap        ] GC(1892) PSYoungGen: 113216K(222720K)->96K(222720K) Eden: 111616K(111616K)->0K(111616K) From: 1600K(111104K)->96K(111104K)
[607.401s][info][gc,heap        ] GC(1892) ParOldGen: 369761K(468992K)->371310K(468992K)
[607.401s][info][gc,metaspace   ] GC(1892) Metaspace: 18938K(19072K)->18938K(19072K) NonClass: 17109K(17216K)->17109K(17216K) Class: 1829K(1856K)->1829K(1856K)
[607.401s][info][gc             ] GC(1892) Pause Young (Allocation Failure) 471M->362M(675M) 5.024ms
[607.401s][info][gc,cpu         ] GC(1892) User=0.01s Sys=0.00s Real=0.00s
[607.558s][info][gc,start       ] GC(1893) Pause Young (Allocation Failure)
[607.618s][info][gc,heap        ] GC(1893) PSYoungGen: 111712K(222720K)->47168K(159232K) Eden: 111616K(111616K)->0K(111616K) From: 96K(111104K)->47168K(47616K)
[607.618s][info][gc,heap        ] GC(1893) ParOldGen: 371310K(468992K)->371310K(468992K)
[607.618s][info][gc,metaspace   ] GC(1893) Metaspace: 18941K(19072K)->18941K(19072K) NonClass: 17111K(17216K)->17111K(17216K) Class: 1829K(1856K)->1829K(1856K)
[607.618s][info][gc             ] GC(1893) Pause Young (Allocation Failure) 471M->408M(613M) 59.535ms
[607.618s][info][gc,cpu         ] GC(1893) User=0.12s Sys=0.00s Real=0.06s
[607.813s][info][gc,start       ] GC(1894) Pause Young (Allocation Failure)
[607.909s][info][gc,heap        ] GC(1894) PSYoungGen: 158784K(159232K)->82816K(216576K) Eden: 111616K(111616K)->0K(108544K) From: 47168K(47616K)->82816K(108032K)
[607.909s][info][gc,heap        ] GC(1894) ParOldGen: 371310K(468992K)->371310K(468992K)
[607.909s][info][gc,metaspace   ] GC(1894) Metaspace: 18941K(19072K)->18941K(19072K) NonClass: 17111K(17216K)->17111K(17216K) Class: 1829K(1856K)->1829K(1856K)
[607.909s][info][gc             ] GC(1894) Pause Young (Allocation Failure) 517M->443M(669M) 96.053ms
[607.909s][info][gc,cpu         ] GC(1894) User=0.19s Sys=0.00s Real=0.09s
[608.030s][info][gc,start       ] GC(1895) Pause Young (Allocation Failure)
[608.126s][info][gc,heap        ] GC(1895) PSYoungGen: 191360K(216576K)->40416K(219648K) Eden: 108544K(108544K)->0K(108544K) From: 82816K(108032K)->40416K(111104K)
[608.126s][info][gc,heap        ] GC(1895) ParOldGen: 371310K(468992K)->418648K(468992K)
[608.126s][info][gc,metaspace   ] GC(1895) Metaspace: 18941K(19072K)->18941K(19072K) NonClass: 17112K(17216K)->17112K(17216K) Class: 1829K(1856K)->1829K(1856K)
[608.126s][info][gc             ] GC(1895) Pause Young (Allocation Failure) 549M->448M(672M) 96.072ms
[608.126s][info][gc,cpu         ] GC(1895) User=0.19s Sys=0.00s Real=0.10s
[608.214s][info][gc,start       ] GC(1896) Pause Young (Allocation Failure)
[608.265s][info][gc,heap        ] GC(1896) PSYoungGen: 148960K(219648K)->896K(221184K) Eden: 108544K(108544K)->0K(112128K) From: 40416K(111104K)->896K(109056K)
[608.265s][info][gc,heap        ] GC(1896) ParOldGen: 418648K(468992K)->459272K(468992K)
[608.265s][info][gc,metaspace   ] GC(1896) Metaspace: 18941K(19072K)->18941K(19072K) NonClass: 17112K(17216K)->17112K(17216K) Class: 1829K(1856K)->1829K(1856K)
[608.265s][info][gc             ] GC(1896) Pause Young (Allocation Failure) 554M->449M(674M) 50.243ms
[608.265s][info][gc,cpu         ] GC(1896) User=0.10s Sys=0.00s Real=0.05s
[608.428s][info][gc,start       ] GC(1897) Pause Young (Allocation Failure)
[608.433s][info][gc,heap        ] GC(1897) PSYoungGen: 113024K(221184K)->1344K(222208K) Eden: 112128K(112128K)->0K(112128K) From: 896K(109056K)->1344K(110080K)
[608.433s][info][gc,heap        ] GC(1897) ParOldGen: 459272K(468992K)->460168K(468992K)
[608.433s][info][gc,metaspace   ] GC(1897) Metaspace: 18941K(19072K)->18941K(19072K) NonClass: 17112K(17216K)->17112K(17216K) Class: 1829K(1856K)->1829K(1856K)
[608.433s][info][gc             ] GC(1897) Pause Young (Allocation Failure) 558M->450M(675M) 5.324ms
[608.433s][info][gc,cpu         ] GC(1897) User=0.01s Sys=0.00s Real=0.01s
[608.756s][info][gc,start       ] GC(1898) Pause Young (Allocation Failure)
[608.762s][info][gc,heap        ] GC(1898) PSYoungGen: 113472K(222208K)->256K(219648K) Eden: 112128K(112128K)->0K(114688K) From: 1344K(110080K)->256K(104960K)
[608.762s][info][gc,heap        ] GC(1898) ParOldGen: 460168K(468992K)->461496K(468992K)
[608.762s][info][gc,metaspace   ] GC(1898) Metaspace: 18941K(19072K)->18941K(19072K) NonClass: 17112K(17216K)->17112K(17216K) Class: 1829K(1856K)->1829K(1856K)
[608.762s][info][gc             ] GC(1898) Pause Young (Allocation Failure) 560M->450M(672M) 6.151ms
[608.762s][info][gc,cpu         ] GC(1898) User=0.01s Sys=0.00s Real=0.01s
[609.067s][info][gc,start       ] GC(1899) Pause Young (Allocation Failure)
[609.078s][info][gc,heap        ] GC(1899) PSYoungGen: 114944K(219648K)->8352K(221696K) Eden: 114688K(114688K)->0K(114688K) From: 256K(104960K)->8352K(107008K)
[609.078s][info][gc,heap        ] GC(1899) ParOldGen: 461496K(468992K)->461496K(468992K)
[609.078s][info][gc,metaspace   ] GC(1899) Metaspace: 18941K(19072K)->18941K(19072K) NonClass: 17112K(17216K)->17112K(17216K) Class: 1829K(1856K)->1829K(1856K)
[609.078s][info][gc             ] GC(1899) Pause Young (Allocation Failure) 562M->458M(674M) 11.134ms
[609.078s][info][gc,cpu         ] GC(1899) User=0.02s Sys=0.00s Real=0.01s
[609.212s][info][gc,start       ] GC(1900) Pause Young (Allocation Failure)
[609.267s][info][gc,heap        ] GC(1900) PSYoungGen: 123040K(221696K)->57091K(221696K) Eden: 114688K(114688K)->0K(118784K) From: 8352K(107008K)->57091K(102912K)
[609.267s][info][gc,heap        ] GC(1900) ParOldGen: 461496K(468992K)->461496K(468992K)
[609.267s][info][gc,metaspace   ] GC(1900) Metaspace: 18942K(19072K)->18942K(19072K) NonClass: 17113K(17216K)->17113K(17216K) Class: 1829K(1856K)->1829K(1856K)
[609.267s][info][gc             ] GC(1900) Pause Young (Allocation Failure) 570M->506M(674M) 54.932ms
[609.267s][info][gc,cpu         ] GC(1900) User=0.11s Sys=0.00s Real=0.06s
[609.351s][info][gc,start       ] GC(1901) Pause Young (Allocation Failure)
[609.490s][info][gc,heap        ] GC(1901) PSYoungGen: 175875K(221696K)->105956K(224768K) Eden: 118784K(118784K)->0K(118784K) From: 57091K(102912K)->105956K(105984K)
[609.490s][info][gc,heap        ] GC(1901) ParOldGen: 461496K(468992K)->491517K(491520K)
[609.490s][info][gc,metaspace   ] GC(1901) Metaspace: 18942K(19072K)->18942K(19072K) NonClass: 17113K(17216K)->17113K(17216K) Class: 1829K(1856K)->1829K(1856K)
[609.490s][info][gc             ] GC(1901) Pause Young (Allocation Failure) 622M->583M(699M) 139.345ms
[609.490s][info][gc,cpu         ] GC(1901) User=0.25s Sys=0.02s Real=0.14s
[609.598s][info][gc,start       ] GC(1902) Pause Young (Allocation Failure)
[609.788s][info][gc,heap        ] GC(1902) PSYoungGen: 224740K(224768K)->109028K(220672K) Eden: 118784K(118784K)->0K(111616K) From: 105956K(105984K)->109028K(109056K)
[609.788s][info][gc,heap        ] GC(1902) ParOldGen: 491517K(491520K)->531975K(532480K)
[609.788s][info][gc,metaspace   ] GC(1902) Metaspace: 18942K(19072K)->18942K(19072K) NonClass: 17113K(17216K)->17113K(17216K) Class: 1829K(1856K)->1829K(1856K)
[609.788s][info][gc             ] GC(1902) Pause Young (Allocation Failure) 699M->625M(735M) 189.306ms
[609.788s][info][gc,cpu         ] GC(1902) User=0.34s Sys=0.04s Real=0.19s
[609.888s][info][gc,start       ] GC(1903) Pause Young (Allocation Failure)
[610.048s][info][gc,heap        ] GC(1903) PSYoungGen: 220644K(220672K)->41719K(222720K) Eden: 111616K(111616K)->0K(111616K) From: 109028K(109056K)->41719K(111104K)
[610.049s][info][gc,heap        ] GC(1903) ParOldGen: 531975K(532480K)->600132K(600576K)
[610.049s][info][gc,metaspace   ] GC(1903) Metaspace: 18946K(19072K)->18946K(19072K) NonClass: 17117K(17216K)->17117K(17216K) Class: 1829K(1856K)->1829K(1856K)
[610.049s][info][gc             ] GC(1903) Pause Young (Allocation Failure) 734M->626M(804M) 160.611ms
[610.049s][info][gc,cpu         ] GC(1903) User=0.27s Sys=0.05s Real=0.16s
[610.137s][info][gc,start       ] GC(1904) Pause Full (Allocation Failure)
[610.137s][info][gc,phases,start] GC(1904) Marking Phase
[610.206s][info][gc,phases      ] GC(1904) Marking Phase 69.313ms
[610.206s][info][gc,phases,start] GC(1904) Summary Phase
[610.206s][info][gc,phases      ] GC(1904) Summary Phase 0.030ms
[610.206s][info][gc,phases,start] GC(1904) Forward
[610.225s][info][gc,phases      ] GC(1904) Forward 19.114ms
[610.225s][info][gc,phases,start] GC(1904) Adjust Pointers
[610.277s][info][gc,phases      ] GC(1904) Adjust Pointers 51.600ms
[610.277s][info][gc,phases,start] GC(1904) Compaction Phase
[610.302s][info][gc,phases      ] GC(1904) Compaction Phase 24.953ms
[610.305s][info][gc,phases,start] GC(1904) Post Compact
[610.308s][info][gc,phases      ] GC(1904) Post Compact 3.237ms
[610.331s][info][gc,heap        ] GC(1904) PSYoungGen: 153335K(222720K)->0K(222720K) Eden: 111616K(111616K)->0K(111616K) From: 41719K(111104K)->0K(111104K)
[610.331s][info][gc,heap        ] GC(1904) ParOldGen: 600132K(600576K)->71733K(372224K)
[610.331s][info][gc,metaspace   ] GC(1904) Metaspace: 18946K(19072K)->18946K(19072K) NonClass: 17117K(17216K)->17117K(17216K) Class: 1829K(1856K)->1829K(1856K)
[610.331s][info][gc             ] GC(1904) Pause Full (Allocation Failure) 735M->70M(581M) 194.383ms
[610.331s][info][gc,cpu         ] GC(1904) User=0.29s Sys=0.02s Real=0.19s
[610.430s][info][gc,start       ] GC(1905) Pause Young (Allocation Failure)
[610.437s][info][gc,heap        ] GC(1905) PSYoungGen: 111616K(222720K)->7920K(222720K) Eden: 111616K(111616K)->0K(111616K) From: 0K(111104K)->7920K(111104K)
[610.438s][info][gc,heap        ] GC(1905) ParOldGen: 71733K(372224K)->71733K(372224K)
[610.438s][info][gc,metaspace   ] GC(1905) Metaspace: 18950K(19072K)->18950K(19072K) NonClass: 17121K(17216K)->17121K(17216K) Class: 1829K(1856K)->1829K(1856K)
[610.438s][info][gc             ] GC(1905) Pause Young (Allocation Failure) 179M->77M(581M) 7.872ms
[610.438s][info][gc,cpu         ] GC(1905) User=0.02s Sys=0.00s Real=0.01s
[610.590s][info][gc,start       ] GC(1906) Pause Young (Allocation Failure)
[610.615s][info][gc,heap        ] GC(1906) PSYoungGen: 119536K(222720K)->17792K(222720K) Eden: 111616K(111616K)->0K(111616K) From: 7920K(111104K)->17792K(111104K)
[610.615s][info][gc,heap        ] GC(1906) ParOldGen: 71733K(372224K)->79677K(372224K)
[610.615s][info][gc,metaspace   ] GC(1906) Metaspace: 18950K(19072K)->18950K(19072K) NonClass: 17121K(17216K)->17121K(17216K) Class: 1829K(1856K)->1829K(1856K)
[610.615s][info][gc             ] GC(1906) Pause Young (Allocation Failure) 186M->95M(581M) 24.723ms
[610.615s][info][gc,cpu         ] GC(1906) User=0.05s Sys=0.00s Real=0.03s
[610.683s][info][gc,start       ] GC(1907) Pause Young (Allocation Failure)
[610.730s][info][gc,heap        ] GC(1907) PSYoungGen: 129408K(222720K)->41312K(222720K) Eden: 111616K(111616K)->0K(111616K) From: 17792K(111104K)->41312K(111104K)
[610.730s][info][gc,heap        ] GC(1907) ParOldGen: 79677K(372224K)->97621K(372224K)
[610.730s][info][gc,metaspace   ] GC(1907) Metaspace: 18950K(19072K)->18950K(19072K) NonClass: 17121K(17216K)->17121K(17216K) Class: 1829K(1856K)->1829K(1856K)
[610.730s][info][gc             ] GC(1907) Pause Young (Allocation Failure) 204M->135M(581M) 46.699ms
[610.730s][info][gc,cpu         ] GC(1907) User=0.09s Sys=0.00s Real=0.04s
[610.913s][info][gc,start       ] GC(1908) Pause Young (Allocation Failure)
[610.956s][info][gc,heap        ] GC(1908) PSYoungGen: 152928K(222720K)->18080K(222720K) Eden: 111616K(111616K)->0K(111616K) From: 41312K(111104K)->18080K(111104K)
[610.956s][info][gc,heap        ] GC(1908) ParOldGen: 97621K(372224K)->139405K(372224K)
[610.956s][info][gc,metaspace   ] GC(1908) Metaspace: 18952K(19072K)->18952K(19072K) NonClass: 17123K(17216K)->17123K(17216K) Class: 1829K(1856K)->1829K(1856K)
[610.956s][info][gc             ] GC(1908) Pause Young (Allocation Failure) 244M->153M(581M) 43.413ms
[610.956s][info][gc,cpu         ] GC(1908) User=0.09s Sys=0.00s Real=0.04s
[611.069s][info][gc,start       ] GC(1909) Pause Young (Allocation Failure)
[611.094s][info][gc,heap        ] GC(1909) PSYoungGen: 129696K(222720K)->2272K(222720K) Eden: 111616K(111616K)->0K(111616K) From: 18080K(111104K)->2272K(111104K)
[611.094s][info][gc,heap        ] GC(1909) ParOldGen: 139405K(372224K)->157661K(372224K)
[611.094s][info][gc,metaspace   ] GC(1909) Metaspace: 18953K(19072K)->18953K(19072K) NonClass: 17123K(17216K)->17123K(17216K) Class: 1829K(1856K)->1829K(1856K)
[611.094s][info][gc             ] GC(1909) Pause Young (Allocation Failure) 262M->156M(581M) 25.011ms
[611.094s][info][gc,cpu         ] GC(1909) User=0.05s Sys=0.00s Real=0.03s
[611.236s][info][gc,start       ] GC(1910) Pause Young (Allocation Failure)
[611.309s][info][gc,heap        ] GC(1910) PSYoungGen: 113888K(222720K)->57793K(222720K) Eden: 111616K(111616K)->0K(111616K) From: 2272K(111104K)->57793K(111104K)
[611.309s][info][gc,heap        ] GC(1910) ParOldGen: 157661K(372224K)->159925K(372224K)
[611.309s][info][gc,metaspace   ] GC(1910) Metaspace: 18953K(19072K)->18953K(19072K) NonClass: 17123K(17216K)->17123K(17216K) Class: 1829K(1856K)->1829K(1856K)
[611.310s][info][gc             ] GC(1910) Pause Young (Allocation Failure) 265M->212M(581M) 73.448ms
[611.310s][info][gc,cpu         ] GC(1910) User=0.14s Sys=0.00s Real=0.07s
[611.389s][info][gc,start       ] GC(1911) Pause Young (Allocation Failure)
[611.493s][info][gc,heap        ] GC(1911) PSYoungGen: 169409K(222720K)->40592K(222720K) Eden: 111616K(111616K)->0K(111616K) From: 57793K(111104K)->40592K(111104K)
[611.493s][info][gc,heap        ] GC(1911) ParOldGen: 159925K(372224K)->217867K(372224K)
[611.493s][info][gc,metaspace   ] GC(1911) Metaspace: 18953K(19072K)->18953K(19072K) NonClass: 17123K(17216K)->17123K(17216K) Class: 1829K(1856K)->1829K(1856K)
[611.493s][info][gc             ] GC(1911) Pause Young (Allocation Failure) 321M->252M(581M) 104.471ms
[611.493s][info][gc,cpu         ] GC(1911) User=0.21s Sys=0.00s Real=0.11s
[611.545s][info][gc,start       ] GC(1912) Pause Young (Allocation Failure)
[611.613s][info][gc,heap        ] GC(1912) PSYoungGen: 152208K(222720K)->39168K(222720K) Eden: 111616K(111616K)->0K(111616K) From: 40592K(111104K)->39168K(111104K)
[611.613s][info][gc,heap        ] GC(1912) ParOldGen: 217867K(372224K)->258755K(372224K)
[611.613s][info][gc,metaspace   ] GC(1912) Metaspace: 18953K(19072K)->18953K(19072K) NonClass: 17123K(17216K)->17123K(17216K) Class: 1829K(1856K)->1829K(1856K)
[611.613s][info][gc             ] GC(1912) Pause Young (Allocation Failure) 361M->290M(581M) 68.171ms
[611.613s][info][gc,cpu         ] GC(1912) User=0.14s Sys=0.00s Real=0.07s
[611.696s][info][gc,start       ] GC(1913) Pause Young (Allocation Failure)
[611.758s][info][gc,heap        ] GC(1913) PSYoungGen: 150784K(222720K)->36128K(147968K) Eden: 111616K(111616K)->0K(111616K) From: 39168K(111104K)->36128K(36352K)
[611.758s][info][gc,heap        ] GC(1913) ParOldGen: 258755K(372224K)->298371K(372224K)
[611.758s][info][gc,metaspace   ] GC(1913) Metaspace: 18953K(19072K)->18953K(19072K) NonClass: 17123K(17216K)->17123K(17216K) Class: 1829K(1856K)->1829K(1856K)
[611.758s][info][gc             ] GC(1913) Pause Young (Allocation Failure) 399M->326M(508M) 61.536ms
[611.758s][info][gc,cpu         ] GC(1913) User=0.12s Sys=0.00s Real=0.06s
[611.856s][info][gc,start       ] GC(1914) Pause Young (Allocation Failure)
[611.895s][info][gc,heap        ] GC(1914) PSYoungGen: 147744K(147968K)->4832K(218624K) Eden: 111616K(111616K)->0K(112640K) From: 36128K(36352K)->4832K(105984K)
[611.895s][info][gc,heap        ] GC(1914) ParOldGen: 298371K(372224K)->334795K(372224K)
[611.895s][info][gc,metaspace   ] GC(1914) Metaspace: 18953K(19072K)->18953K(19072K) NonClass: 17123K(17216K)->17123K(17216K) Class: 1829K(1856K)->1829K(1856K)
[611.895s][info][gc             ] GC(1914) Pause Young (Allocation Failure) 435M->331M(577M) 39.814ms
[611.896s][info][gc,cpu         ] GC(1914) User=0.08s Sys=0.00s Real=0.04s
[611.952s][info][gc,start       ] GC(1915) Pause Young (Allocation Failure)
[611.964s][info][gc,heap        ] GC(1915) PSYoungGen: 117472K(218624K)->2176K(217600K) Eden: 112640K(112640K)->0K(112640K) From: 4832K(105984K)->2176K(104960K)
[611.964s][info][gc,heap        ] GC(1915) ParOldGen: 334795K(372224K)->339619K(372224K)
[611.964s][info][gc,metaspace   ] GC(1915) Metaspace: 18953K(19072K)->18953K(19072K) NonClass: 17123K(17216K)->17123K(17216K) Class: 1829K(1856K)->1829K(1856K)
[611.964s][info][gc             ] GC(1915) Pause Young (Allocation Failure) 441M->333M(576M) 11.944ms
[611.964s][info][gc,cpu         ] GC(1915) User=0.03s Sys=0.00s Real=0.02s
[612.071s][info][gc,start       ] GC(1916) Pause Young (Allocation Failure)
[612.098s][info][gc,heap        ] GC(1916) PSYoungGen: 114816K(217600K)->6593K(224768K) Eden: 112640K(112640K)->0K(124928K) From: 2176K(104960K)->6593K(99840K)
[612.098s][info][gc,heap        ] GC(1916) ParOldGen: 339619K(372224K)->341763K(372224K)
[612.098s][info][gc,metaspace   ] GC(1916) Metaspace: 18953K(19072K)->18953K(19072K) NonClass: 17123K(17216K)->17123K(17216K) Class: 1829K(1856K)->1829K(1856K)
[612.098s][info][gc             ] GC(1916) Pause Young (Allocation Failure) 443M->340M(583M) 27.281ms
[612.098s][info][gc,cpu         ] GC(1916) User=0.05s Sys=0.00s Real=0.03s
[612.219s][info][gc,start       ] GC(1917) Pause Young (Allocation Failure)
[612.259s][info][gc,heap        ] GC(1917) PSYoungGen: 131521K(224768K)->16448K(225792K) Eden: 124928K(124928K)->0K(124928K) From: 6593K(99840K)->16448K(100864K)
[612.259s][info][gc,heap        ] GC(1917) ParOldGen: 341763K(372224K)->348080K(372224K)
[612.259s][info][gc,metaspace   ] GC(1917) Metaspace: 18953K(19072K)->18953K(19072K) NonClass: 17123K(17216K)->17123K(17216K) Class: 1829K(1856K)->1829K(1856K)
[612.259s][info][gc             ] GC(1917) Pause Young (Allocation Failure) 462M->355M(584M) 40.105ms
[612.259s][info][gc,cpu         ] GC(1917) User=0.08s Sys=0.00s Real=0.04s
[612.358s][info][gc,start       ] GC(1918) Pause Young (Allocation Failure)
[612.399s][info][gc,heap        ] GC(1918) PSYoungGen: 141376K(225792K)->15360K(227328K) Eden: 124928K(124928K)->0K(136704K) From: 16448K(100864K)->15360K(90624K)
[612.399s][info][gc,heap        ] GC(1918) ParOldGen: 348080K(372224K)->364560K(372224K)
[612.399s][info][gc,metaspace   ] GC(1918) Metaspace: 18953K(19072K)->18953K(19072K) NonClass: 17123K(17216K)->17123K(17216K) Class: 1829K(1856K)->1829K(1856K)
[612.399s][info][gc             ] GC(1918) Pause Young (Allocation Failure) 477M->371M(585M) 40.917ms
[612.399s][info][gc,cpu         ] GC(1918) User=0.08s Sys=0.00s Real=0.04s
[612.532s][info][gc,start       ] GC(1919) Pause Young (Allocation Failure)
[612.582s][info][gc,heap        ] GC(1919) PSYoungGen: 152064K(227328K)->25920K(228352K) Eden: 136704K(136704K)->0K(136704K) From: 15360K(90624K)->25920K(91648K)
[612.582s][info][gc,heap        ] GC(1919) ParOldGen: 364560K(372224K)->379920K(380416K)
[612.582s][info][gc,metaspace   ] GC(1919) Metaspace: 18953K(19072K)->18953K(19072K) NonClass: 17123K(17216K)->17123K(17216K) Class: 1829K(1856K)->1829K(1856K)
[612.582s][info][gc             ] GC(1919) Pause Young (Allocation Failure) 504M->396M(594M) 50.221ms
[612.582s][info][gc,cpu         ] GC(1919) User=0.09s Sys=0.01s Real=0.06s
[612.653s][info][gc,start       ] GC(1920) Pause Young (Allocation Failure)
[612.717s][info][gc,heap        ] GC(1920) PSYoungGen: 162624K(228352K)->16512K(233984K) Eden: 136704K(136704K)->0K(154112K) From: 25920K(91648K)->16512K(79872K)
[612.717s][info][gc,heap        ] GC(1920) ParOldGen: 379920K(380416K)->405910K(406016K)
[612.717s][info][gc,metaspace   ] GC(1920) Metaspace: 18953K(19072K)->18953K(19072K) NonClass: 17123K(17216K)->17123K(17216K) Class: 1829K(1856K)->1829K(1856K)
[612.717s][info][gc             ] GC(1920) Pause Young (Allocation Failure) 529M->412M(625M) 63.614ms
[612.717s][info][gc,cpu         ] GC(1920) User=0.10s Sys=0.03s Real=0.06s
[612.885s][info][gc,start       ] GC(1921) Pause Young (Allocation Failure)
[612.919s][info][gc,heap        ] GC(1921) PSYoungGen: 170624K(233984K)->960K(235520K) Eden: 154112K(154112K)->0K(154112K) From: 16512K(79872K)->960K(81408K)
[612.919s][info][gc,heap        ] GC(1921) ParOldGen: 405910K(406016K)->422454K(422912K)
[612.919s][info][gc,metaspace   ] GC(1921) Metaspace: 18953K(19072K)->18953K(19072K) NonClass: 17123K(17216K)->17123K(17216K) Class: 1829K(1856K)->1829K(1856K)
[612.919s][info][gc             ] GC(1921) Pause Young (Allocation Failure) 563M->413M(643M) 34.403ms
[612.919s][info][gc,cpu         ] GC(1921) User=0.05s Sys=0.02s Real=0.03s
[613.142s][info][gc,start       ] GC(1922) Pause Young (Allocation Failure)
[613.157s][info][gc,heap        ] GC(1922) PSYoungGen: 155072K(235520K)->8320K(243200K) Eden: 154112K(154112K)->0K(171008K) From: 960K(81408K)->8320K(72192K)
[613.157s][info][gc,heap        ] GC(1922) ParOldGen: 422454K(422912K)->423366K(423424K)
[613.157s][info][gc,metaspace   ] GC(1922) Metaspace: 18953K(19072K)->18953K(19072K) NonClass: 17123K(17216K)->17123K(17216K) Class: 1829K(1856K)->1829K(1856K)
[613.158s][info][gc             ] GC(1922) Pause Young (Allocation Failure) 563M->421M(651M) 15.165ms
[613.158s][info][gc,cpu         ] GC(1922) User=0.03s Sys=0.00s Real=0.01s
[613.454s][info][gc,start       ] GC(1923) Pause Young (Allocation Failure)
[613.490s][info][gc,heap        ] GC(1923) PSYoungGen: 179328K(243200K)->18016K(247808K) Eden: 171008K(171008K)->0K(171008K) From: 8320K(72192K)->18016K(76800K)
[613.490s][info][gc,heap        ] GC(1923) ParOldGen: 423366K(423424K)->431702K(432128K)
[613.490s][info][gc,metaspace   ] GC(1923) Metaspace: 18953K(19072K)->18953K(19072K) NonClass: 17123K(17216K)->17123K(17216K) Class: 1829K(1856K)->1829K(1856K)
[613.491s][info][gc             ] GC(1923) Pause Young (Allocation Failure) 588M->439M(664M) 36.902ms
[613.491s][info][gc,cpu         ] GC(1923) User=0.06s Sys=0.00s Real=0.03s
[614.005s][info][gc,start       ] GC(1924) Pause Young (Allocation Failure)
[614.036s][info][gc,heap        ] GC(1924) PSYoungGen: 189024K(247808K)->160K(253952K) Eden: 171008K(171008K)->0K(184832K) From: 18016K(76800K)->160K(69120K)
[614.036s][info][gc,heap        ] GC(1924) ParOldGen: 431702K(432128K)->449748K(450048K)
[614.036s][info][gc,metaspace   ] GC(1924) Metaspace: 18953K(19072K)->18953K(19072K) NonClass: 17123K(17216K)->17123K(17216K) Class: 1829K(1856K)->1829K(1856K)
[614.036s][info][gc             ] GC(1924) Pause Young (Allocation Failure) 606M->439M(687M) 31.775ms
[614.036s][info][gc,cpu         ] GC(1924) User=0.05s Sys=0.02s Real=0.03s
[614.476s][info][gc,start       ] GC(1925) Pause Young (Allocation Failure)
[614.479s][info][gc,heap        ] GC(1925) PSYoungGen: 184992K(253952K)->160K(255488K) Eden: 184832K(184832K)->0K(184832K) From: 160K(69120K)->160K(70656K)
[614.479s][info][gc,heap        ] GC(1925) ParOldGen: 449748K(450048K)->449748K(450048K)
[614.479s][info][gc,metaspace   ] GC(1925) Metaspace: 18953K(19072K)->18953K(19072K) NonClass: 17123K(17216K)->17123K(17216K) Class: 1829K(1856K)->1829K(1856K)
[614.479s][info][gc             ] GC(1925) Pause Young (Allocation Failure) 619M->439M(689M) 2.852ms
[614.479s][info][gc,cpu         ] GC(1925) User=0.01s Sys=0.00s Real=0.00s
[614.951s][info][gc,start       ] GC(1926) Pause Young (Allocation Failure)
[614.967s][info][gc,heap        ] GC(1926) PSYoungGen: 184992K(255488K)->5376K(257024K) Eden: 184832K(184832K)->0K(194048K) From: 160K(70656K)->5376K(62976K)
[614.968s][info][gc,heap        ] GC(1926) ParOldGen: 449748K(450048K)->449748K(450048K)
[614.968s][info][gc,metaspace   ] GC(1926) Metaspace: 18953K(19072K)->18953K(19072K) NonClass: 17123K(17216K)->17123K(17216K) Class: 1829K(1856K)->1829K(1856K)
[614.968s][info][gc             ] GC(1926) Pause Young (Allocation Failure) 619M->444M(690M) 16.835ms
[614.968s][info][gc,cpu         ] GC(1926) User=0.03s Sys=0.00s Real=0.02s
[615.150s][info][gc,start       ] GC(1927) Pause Young (Allocation Failure)
[615.199s][info][gc,heap        ] GC(1927) PSYoungGen: 199424K(257024K)->60390K(254464K) Eden: 194048K(194048K)->0K(194048K) From: 5376K(62976K)->60390K(60416K)
[615.199s][info][gc,heap        ] GC(1927) ParOldGen: 449748K(450048K)->449748K(450048K)
[615.199s][info][gc,metaspace   ] GC(1927) Metaspace: 18953K(19072K)->18953K(19072K) NonClass: 17123K(17216K)->17123K(17216K) Class: 1829K(1856K)->1829K(1856K)
[615.199s][info][gc             ] GC(1927) Pause Young (Allocation Failure) 633M->498M(688M) 48.657ms
[615.199s][info][gc,cpu         ] GC(1927) User=0.10s Sys=0.00s Real=0.05s
[615.445s][info][gc,start       ] GC(1928) Pause Young (Allocation Failure)
[615.531s][info][gc,heap        ] GC(1928) PSYoungGen: 254438K(254464K)->77302K(219648K) Eden: 194048K(194048K)->0K(142336K) From: 60390K(60416K)->77302K(77312K)
[615.531s][info][gc,heap        ] GC(1928) ParOldGen: 449748K(450048K)->458548K(458752K)
[615.531s][info][gc,metaspace   ] GC(1928) Metaspace: 18953K(19072K)->18953K(19072K) NonClass: 17123K(17216K)->17123K(17216K) Class: 1829K(1856K)->1829K(1856K)
[615.531s][info][gc             ] GC(1928) Pause Young (Allocation Failure) 687M->523M(662M) 86.040ms
[615.531s][info][gc,cpu         ] GC(1928) User=0.15s Sys=0.01s Real=0.08s
[615.703s][info][gc,start       ] GC(1929) Pause Young (Allocation Failure)
[615.820s][info][gc,heap        ] GC(1929) PSYoungGen: 219638K(219648K)->95728K(238080K) Eden: 142336K(142336K)->0K(142336K) From: 77302K(77312K)->95728K(95744K)
[615.820s][info][gc,heap        ] GC(1929) ParOldGen: 458548K(458752K)->468281K(468480K)
[615.820s][info][gc,metaspace   ] GC(1929) Metaspace: 18953K(19072K)->18953K(19072K) NonClass: 17123K(17216K)->17123K(17216K) Class: 1829K(1856K)->1829K(1856K)
[615.820s][info][gc             ] GC(1929) Pause Young (Allocation Failure) 662M->550M(690M) 117.584ms
[615.820s][info][gc,cpu         ] GC(1929) User=0.22s Sys=0.01s Real=0.11s
[615.981s][info][gc,start       ] GC(1930) Pause Young (Allocation Failure)
[616.118s][info][gc,heap        ] GC(1930) PSYoungGen: 238064K(238080K)->67747K(207360K) Eden: 142336K(142336K)->0K(111616K) From: 95728K(95744K)->67747K(95744K)
[616.118s][info][gc,heap        ] GC(1930) ParOldGen: 468281K(468480K)->518275K(518656K)
[616.118s][info][gc,metaspace   ] GC(1930) Metaspace: 18953K(19072K)->18953K(19072K) NonClass: 17123K(17216K)->17123K(17216K) Class: 1829K(1856K)->1829K(1856K)
[616.118s][info][gc             ] GC(1930) Pause Young (Allocation Failure) 689M->572M(709M) 136.348ms
[616.118s][info][gc,cpu         ] GC(1930) User=0.23s Sys=0.04s Real=0.14s
[616.193s][info][gc,start       ] GC(1931) Pause Young (Allocation Failure)
[616.326s][info][gc,heap        ] GC(1931) PSYoungGen: 179363K(207360K)->59136K(222720K) Eden: 111616K(111616K)->0K(111616K) From: 67747K(95744K)->59136K(111104K)
[616.326s][info][gc,heap        ] GC(1931) ParOldGen: 518275K(518656K)->564952K(565248K)
[616.326s][info][gc,metaspace   ] GC(1931) Metaspace: 18953K(19072K)->18953K(19072K) NonClass: 17123K(17216K)->17123K(17216K) Class: 1829K(1856K)->1829K(1856K)
[616.326s][info][gc             ] GC(1931) Pause Young (Allocation Failure) 681M->609M(769M) 133.241ms
[616.326s][info][gc,cpu         ] GC(1931) User=0.22s Sys=0.04s Real=0.13s
[616.424s][info][gc,start       ] GC(1932) Pause Young (Allocation Failure)
[616.528s][info][gc,heap        ] GC(1932) PSYoungGen: 170752K(222720K)->12192K(222720K) Eden: 111616K(111616K)->0K(111616K) From: 59136K(111104K)->12192K(111104K)
[616.528s][info][gc,heap        ] GC(1932) ParOldGen: 564952K(565248K)->624504K(624640K)
[616.528s][info][gc,metaspace   ] GC(1932) Metaspace: 18953K(19072K)->18953K(19072K) NonClass: 17123K(17216K)->17123K(17216K) Class: 1829K(1856K)->1829K(1856K)
[616.528s][info][gc             ] GC(1932) Pause Young (Allocation Failure) 718M->621M(827M) 104.451ms
[616.528s][info][gc,cpu         ] GC(1932) User=0.14s Sys=0.06s Real=0.10s
[616.595s][info][gc,start       ] GC(1933) Pause Full (Allocation Failure)
[616.596s][info][gc,phases,start] GC(1933) Marking Phase
[616.904s][info][gc,phases      ] GC(1933) Marking Phase 308.446ms
[616.904s][info][gc,phases,start] GC(1933) Summary Phase
[616.904s][info][gc,phases      ] GC(1933) Summary Phase 0.062ms
[616.904s][info][gc,phases,start] GC(1933) Forward
[616.984s][info][gc,phases      ] GC(1933) Forward 80.197ms
[616.984s][info][gc,phases,start] GC(1933) Adjust Pointers
[617.208s][info][gc,phases      ] GC(1933) Adjust Pointers 223.142ms
[617.208s][info][gc,phases,start] GC(1933) Compaction Phase
[617.340s][info][gc,phases      ] GC(1933) Compaction Phase 132.782ms
[617.346s][info][gc,phases,start] GC(1933) Post Compact
[617.349s][info][gc,phases      ] GC(1933) Post Compact 2.257ms
[617.349s][info][gc,heap        ] GC(1933) PSYoungGen: 123808K(222720K)->0K(222720K) Eden: 111616K(111616K)->0K(111616K) From: 12192K(111104K)->0K(111104K)
[617.349s][info][gc,heap        ] GC(1933) ParOldGen: 624504K(624640K)->384369K(667648K)
[617.349s][info][gc,metaspace   ] GC(1933) Metaspace: 18953K(19072K)->18953K(19072K) NonClass: 17123K(17216K)->17123K(17216K) Class: 1829K(1856K)->1829K(1856K)
[617.349s][info][gc             ] GC(1933) Pause Full (Allocation Failure) 730M->375M(869M) 753.537ms
[617.349s][info][gc,cpu         ] GC(1933) User=1.44s Sys=0.00s Real=0.75s
[617.401s][info][gc,start       ] GC(1934) Pause Young (Allocation Failure)
[617.404s][info][gc,heap        ] GC(1934) PSYoungGen: 111616K(222720K)->1120K(222720K) Eden: 111616K(111616K)->0K(111616K) From: 0K(111104K)->1120K(111104K)
[617.404s][info][gc,heap        ] GC(1934) ParOldGen: 384369K(667648K)->384369K(667648K)
[617.404s][info][gc,metaspace   ] GC(1934) Metaspace: 18953K(19072K)->18953K(19072K) NonClass: 17123K(17216K)->17123K(17216K) Class: 1829K(1856K)->1829K(1856K)
[617.404s][info][gc             ] GC(1934) Pause Young (Allocation Failure) 484M->376M(869M) 3.239ms
[617.404s][info][gc,cpu         ] GC(1934) User=0.01s Sys=0.00s Real=0.01s
[617.500s][info][gc,start       ] GC(1935) Pause Young (Allocation Failure)
[617.526s][info][gc,heap        ] GC(1935) PSYoungGen: 112736K(222720K)->10560K(222720K) Eden: 111616K(111616K)->0K(111616K) From: 1120K(111104K)->10560K(111104K)
[617.526s][info][gc,heap        ] GC(1935) ParOldGen: 384369K(667648K)->385465K(667648K)
[617.526s][info][gc,metaspace   ] GC(1935) Metaspace: 18953K(19072K)->18953K(19072K) NonClass: 17123K(17216K)->17123K(17216K) Class: 1829K(1856K)->1829K(1856K)
[617.526s][info][gc             ] GC(1935) Pause Young (Allocation Failure) 485M->386M(869M) 25.500ms
[617.526s][info][gc,cpu         ] GC(1935) User=0.05s Sys=0.00s Real=0.03s
[617.612s][info][gc,start       ] GC(1936) Pause Young (Allocation Failure)
[617.645s][info][gc,heap        ] GC(1936) PSYoungGen: 122176K(222720K)->9888K(215552K) Eden: 111616K(111616K)->0K(111616K) From: 10560K(111104K)->9888K(103936K)
[617.645s][info][gc,heap        ] GC(1936) ParOldGen: 385465K(667648K)->396025K(667648K)
[617.645s][info][gc,metaspace   ] GC(1936) Metaspace: 18953K(19072K)->18953K(19072K) NonClass: 17123K(17216K)->17123K(17216K) Class: 1829K(1856K)->1829K(1856K)
[617.645s][info][gc             ] GC(1936) Pause Young (Allocation Failure) 495M->396M(862M) 32.719ms
[617.645s][info][gc,cpu         ] GC(1936) User=0.06s Sys=0.00s Real=0.03s
[617.731s][info][gc,start       ] GC(1937) Pause Young (Allocation Failure)
[617.755s][info][gc,heap        ] GC(1937) PSYoungGen: 121504K(215552K)->9632K(219136K) Eden: 111616K(111616K)->0K(111616K) From: 9888K(103936K)->9632K(107520K)
[617.755s][info][gc,heap        ] GC(1937) ParOldGen: 396025K(667648K)->405913K(667648K)
[617.755s][info][gc,metaspace   ] GC(1937) Metaspace: 18953K(19072K)->18953K(19072K) NonClass: 17123K(17216K)->17123K(17216K) Class: 1829K(1856K)->1829K(1856K)
[617.756s][info][gc             ] GC(1937) Pause Young (Allocation Failure) 505M->405M(866M) 24.770ms
[617.756s][info][gc,cpu         ] GC(1937) User=0.05s Sys=0.00s Real=0.03s
[617.837s][info][gc,start       ] GC(1938) Pause Young (Allocation Failure)
[617.852s][info][gc,heap        ] GC(1938) PSYoungGen: 121248K(219136K)->608K(222208K) Eden: 111616K(111616K)->0K(123392K) From: 9632K(107520K)->608K(98816K)
[617.853s][info][gc,heap        ] GC(1938) ParOldGen: 405913K(667648K)->415577K(667648K)
[617.853s][info][gc,metaspace   ] GC(1938) Metaspace: 18953K(19072K)->18953K(19072K) NonClass: 17123K(17216K)->17123K(17216K) Class: 1829K(1856K)->1829K(1856K)
[617.853s][info][gc             ] GC(1938) Pause Young (Allocation Failure) 514M->406M(869M) 15.693ms
[617.853s][info][gc,cpu         ] GC(1938) User=0.03s Sys=0.00s Real=0.02s
[617.964s][info][gc,start       ] GC(1939) Pause Young (Allocation Failure)
[617.982s][info][gc,heap        ] GC(1939) PSYoungGen: 124000K(222208K)->12192K(223744K) Eden: 123392K(123392K)->0K(123392K) From: 608K(98816K)->12192K(100352K)
[617.982s][info][gc,heap        ] GC(1939) ParOldGen: 415577K(667648K)->416153K(667648K)
[617.982s][info][gc,metaspace   ] GC(1939) Metaspace: 18953K(19072K)->18953K(19072K) NonClass: 17123K(17216K)->17123K(17216K) Class: 1829K(1856K)->1829K(1856K)
[617.982s][info][gc             ] GC(1939) Pause Young (Allocation Failure) 526M->418M(870M) 18.143ms
[617.982s][info][gc,cpu         ] GC(1939) User=0.04s Sys=0.00s Real=0.01s
[618.101s][info][gc,start       ] GC(1940) Pause Young (Allocation Failure)
[618.140s][info][gc,heap        ] GC(1940) PSYoungGen: 135584K(223744K)->21568K(222208K) Eden: 123392K(123392K)->0K(137728K) From: 12192K(100352K)->21568K(84480K)
[618.140s][info][gc,heap        ] GC(1940) ParOldGen: 416153K(667648K)->428345K(667648K)
[618.140s][info][gc,metaspace   ] GC(1940) Metaspace: 18953K(19072K)->18953K(19072K) NonClass: 17123K(17216K)->17123K(17216K) Class: 1829K(1856K)->1829K(1856K)
[618.140s][info][gc             ] GC(1940) Pause Young (Allocation Failure) 538M->439M(869M) 39.063ms
[618.140s][info][gc,cpu         ] GC(1940) User=0.08s Sys=0.00s Real=0.04s
[618.653s][info][gc,start       ] GC(1941) Pause Young (Allocation Failure)
[618.683s][info][gc,heap        ] GC(1941) PSYoungGen: 159296K(222208K)->352K(225792K) Eden: 137728K(137728K)->0K(137728K) From: 21568K(84480K)->352K(88064K)
[618.683s][info][gc,heap        ] GC(1941) ParOldGen: 428345K(667648K)->449927K(667648K)
[618.683s][info][gc,metaspace   ] GC(1941) Metaspace: 18953K(19072K)->18953K(19072K) NonClass: 17123K(17216K)->17123K(17216K) Class: 1829K(1856K)->1829K(1856K)
[618.683s][info][gc             ] GC(1941) Pause Young (Allocation Failure) 573M->439M(872M) 29.415ms
[618.683s][info][gc,cpu         ] GC(1941) User=0.06s Sys=0.00s Real=0.03s
[618.992s][info][gc,start       ] GC(1942) Pause Young (Allocation Failure)
[619.010s][info][gc,heap        ] GC(1942) PSYoungGen: 138080K(225792K)->13408K(224256K) Eden: 137728K(137728K)->0K(150528K) From: 352K(88064K)->13408K(73728K)
[619.010s][info][gc,heap        ] GC(1942) ParOldGen: 449927K(667648K)->450023K(667648K)
[619.010s][info][gc,metaspace   ] GC(1942) Metaspace: 18953K(19072K)->18953K(19072K) NonClass: 17123K(17216K)->17123K(17216K) Class: 1829K(1856K)->1829K(1856K)
[619.010s][info][gc             ] GC(1942) Pause Young (Allocation Failure) 574M->452M(871M) 17.557ms
[619.010s][info][gc,cpu         ] GC(1942) User=0.04s Sys=0.00s Real=0.01s
[619.242s][info][gc,start       ] GC(1943) Pause Young (Allocation Failure)
[619.268s][info][gc,heap        ] GC(1943) PSYoungGen: 163936K(224256K)->22928K(230912K) Eden: 150528K(150528K)->0K(150528K) From: 13408K(73728K)->22928K(80384K)
[619.268s][info][gc,heap        ] GC(1943) ParOldGen: 450023K(667648K)->450023K(667648K)
[619.268s][info][gc,metaspace   ] GC(1943) Metaspace: 18953K(19072K)->18953K(19072K) NonClass: 17123K(17216K)->17123K(17216K) Class: 1829K(1856K)->1829K(1856K)
[619.268s][info][gc             ] GC(1943) Pause Young (Allocation Failure) 599M->461M(877M) 25.848ms
[619.268s][info][gc,cpu         ] GC(1943) User=0.05s Sys=0.00s Real=0.02s
[619.500s][info][gc,start       ] GC(1944) Pause Young (Allocation Failure)
[619.547s][info][gc,heap        ] GC(1944) PSYoungGen: 173456K(230912K)->50288K(233472K) Eden: 150528K(150528K)->0K(158208K) From: 22928K(80384K)->50288K(75264K)
[619.547s][info][gc,heap        ] GC(1944) ParOldGen: 450023K(667648K)->450023K(667648K)
[619.547s][info][gc,metaspace   ] GC(1944) Metaspace: 18953K(19072K)->18953K(19072K) NonClass: 17123K(17216K)->17123K(17216K) Class: 1829K(1856K)->1829K(1856K)
[619.547s][info][gc             ] GC(1944) Pause Young (Allocation Failure) 608M->488M(880M) 46.488ms
[619.547s][info][gc,cpu         ] GC(1944) User=0.09s Sys=0.00s Real=0.05s
[619.716s][info][gc,start       ] GC(1945) Pause Young (Allocation Failure)
[619.810s][info][gc,heap        ] GC(1945) PSYoungGen: 208496K(233472K)->80864K(239104K) Eden: 158208K(158208K)->0K(158208K) From: 50288K(75264K)->80864K(80896K)
[619.810s][info][gc,heap        ] GC(1945) ParOldGen: 450023K(667648K)->470759K(667648K)
[619.810s][info][gc,metaspace   ] GC(1945) Metaspace: 18953K(19072K)->18953K(19072K) NonClass: 17123K(17216K)->17123K(17216K) Class: 1829K(1856K)->1829K(1856K)
[619.810s][info][gc             ] GC(1945) Pause Young (Allocation Failure) 643M->538M(885M) 94.301ms
[619.810s][info][gc,cpu         ] GC(1945) User=0.18s Sys=0.00s Real=0.09s
[620.093s][info][gc,start       ] GC(1946) Pause Young (Allocation Failure)
[620.166s][info][gc,heap        ] GC(1946) PSYoungGen: 239072K(239104K)->61616K(212480K) Eden: 158208K(158208K)->0K(117760K) From: 80864K(80896K)->61616K(94720K)
[620.166s][info][gc,heap        ] GC(1946) ParOldGen: 470759K(667648K)->493799K(667648K)
[620.166s][info][gc,metaspace   ] GC(1946) Metaspace: 18953K(19072K)->18953K(19072K) NonClass: 17123K(17216K)->17123K(17216K) Class: 1829K(1856K)->1829K(1856K)
[620.166s][info][gc             ] GC(1946) Pause Young (Allocation Failure) 693M->542M(859M) 72.954ms
[620.166s][info][gc,cpu         ] GC(1946) User=0.14s Sys=0.00s Real=0.07s
[620.378s][info][gc,start       ] GC(1947) Pause Young (Allocation Failure)
[620.482s][info][gc,heap        ] GC(1947) PSYoungGen: 179376K(212480K)->36511K(225792K) Eden: 117760K(117760K)->0K(117760K) From: 61616K(94720K)->36511K(108032K)
[620.482s][info][gc,heap        ] GC(1947) ParOldGen: 493799K(667648K)->552447K(667648K)
[620.482s][info][gc,metaspace   ] GC(1947) Metaspace: 18953K(19072K)->18953K(19072K) NonClass: 17123K(17216K)->17123K(17216K) Class: 1829K(1856K)->1829K(1856K)
[620.482s][info][gc             ] GC(1947) Pause Young (Allocation Failure) 657M->575M(872M) 103.424ms
[620.482s][info][gc,cpu         ] GC(1947) User=0.21s Sys=0.00s Real=0.10s
[620.653s][info][gc,start       ] GC(1948) Pause Young (Allocation Failure)
[620.741s][info][gc,heap        ] GC(1948) PSYoungGen: 154271K(225792K)->16576K(211968K) Eden: 117760K(117760K)->0K(124416K) From: 36511K(108032K)->16576K(87552K)
[620.741s][info][gc,heap        ] GC(1948) ParOldGen: 552447K(667648K)->589030K(667648K)
[620.741s][info][gc,metaspace   ] GC(1948) Metaspace: 18953K(19072K)->18953K(19072K) NonClass: 17123K(17216K)->17123K(17216K) Class: 1829K(1856K)->1829K(1856K)
[620.741s][info][gc             ] GC(1948) Pause Young (Allocation Failure) 690M->591M(859M) 88.109ms
[620.741s][info][gc,cpu         ] GC(1948) User=0.17s Sys=0.00s Real=0.08s
[620.875s][info][gc,start       ] GC(1949) Pause Young (Allocation Failure)
[620.918s][info][gc,heap        ] GC(1949) PSYoungGen: 140992K(211968K)->17344K(222208K) Eden: 124416K(124416K)->0K(124416K) From: 16576K(87552K)->17344K(97792K)
[620.918s][info][gc,heap        ] GC(1949) ParOldGen: 589030K(667648K)->605606K(667648K)
[620.918s][info][gc,metaspace   ] GC(1949) Metaspace: 18953K(19072K)->18953K(19072K) NonClass: 17123K(17216K)->17123K(17216K) Class: 1829K(1856K)->1829K(1856K)
[620.918s][info][gc             ] GC(1949) Pause Young (Allocation Failure) 712M->608M(869M) 42.400ms
[620.918s][info][gc,cpu         ] GC(1949) User=0.08s Sys=0.00s Real=0.04s
[621.055s][info][gc,start       ] GC(1950) Pause Young (Allocation Failure)
[621.084s][info][gc,heap        ] GC(1950) PSYoungGen: 141760K(222208K)->2050K(229376K) Eden: 124416K(124416K)->0K(138752K) From: 17344K(97792K)->2050K(90624K)
[621.084s][info][gc,heap        ] GC(1950) ParOldGen: 605606K(667648K)->622998K(667648K)
[621.084s][info][gc,metaspace   ] GC(1950) Metaspace: 18953K(19072K)->18953K(19072K) NonClass: 17123K(17216K)->17123K(17216K) Class: 1829K(1856K)->1829K(1856K)
[621.084s][info][gc             ] GC(1950) Pause Young (Allocation Failure) 729M->610M(876M) 29.136ms
[621.084s][info][gc,cpu         ] GC(1950) User=0.06s Sys=0.00s Real=0.03s
[621.151s][info][gc,start       ] GC(1951) Pause Full (Allocation Failure)
[621.151s][info][gc,phases,start] GC(1951) Marking Phase
[621.461s][info][gc,phases      ] GC(1951) Marking Phase 309.675ms
[621.461s][info][gc,phases,start] GC(1951) Summary Phase
[621.461s][info][gc,phases      ] GC(1951) Summary Phase 0.036ms
[621.461s][info][gc,phases,start] GC(1951) Forward
[621.555s][info][gc,phases      ] GC(1951) Forward 94.072ms
[621.555s][info][gc,phases,start] GC(1951) Adjust Pointers
[621.796s][info][gc,phases      ] GC(1951) Adjust Pointers 241.107ms
[621.796s][info][gc,phases,start] GC(1951) Compaction Phase
[621.938s][info][gc,phases      ] GC(1951) Compaction Phase 141.043ms
[621.944s][info][gc,phases,start] GC(1951) Post Compact
[621.946s][info][gc,phases      ] GC(1951) Post Compact 2.271ms
[621.946s][info][gc,heap        ] GC(1951) PSYoungGen: 140802K(229376K)->0K(231424K) Eden: 138752K(138752K)->0K(138752K) From: 2050K(90624K)->0K(92672K)
[621.946s][info][gc,heap        ] GC(1951) ParOldGen: 622998K(667648K)->420438K(667648K)
[621.946s][info][gc,metaspace   ] GC(1951) Metaspace: 18953K(19072K)->18953K(19072K) NonClass: 17123K(17216K)->17123K(17216K) Class: 1829K(1856K)->1829K(1856K)
[621.947s][info][gc             ] GC(1951) Pause Full (Allocation Failure) 745M->410M(878M) 795.270ms
[621.947s][info][gc,cpu         ] GC(1951) User=1.51s Sys=0.00s Real=0.80s
[622.019s][info][gc,start       ] GC(1952) Pause Young (Allocation Failure)
[622.053s][info][gc,heap        ] GC(1952) PSYoungGen: 138752K(231424K)->36224K(233984K) Eden: 138752K(138752K)->0K(148480K) From: 0K(92672K)->36224K(85504K)
[622.053s][info][gc,heap        ] GC(1952) ParOldGen: 420438K(667648K)->420438K(667648K)
[622.053s][info][gc,metaspace   ] GC(1952) Metaspace: 18953K(19072K)->18953K(19072K) NonClass: 17123K(17216K)->17123K(17216K) Class: 1829K(1856K)->1829K(1856K)
[622.053s][info][gc             ] GC(1952) Pause Young (Allocation Failure) 546M->445M(880M) 33.942ms
[622.053s][info][gc,cpu         ] GC(1952) User=0.07s Sys=0.00s Real=0.04s
[622.246s][info][gc,start       ] GC(1953) Pause Young (Allocation Failure)
[622.283s][info][gc,heap        ] GC(1953) PSYoungGen: 184704K(233984K)->6944K(237568K) Eden: 148480K(148480K)->0K(148480K) From: 36224K(85504K)->6944K(89088K)
[622.283s][info][gc,heap        ] GC(1953) ParOldGen: 420438K(667648K)->457102K(667648K)
[622.283s][info][gc,metaspace   ] GC(1953) Metaspace: 18953K(19072K)->18953K(19072K) NonClass: 17123K(17216K)->17123K(17216K) Class: 1829K(1856K)->1829K(1856K)
[622.283s][info][gc             ] GC(1953) Pause Young (Allocation Failure) 590M->453M(884M) 36.877ms
[622.283s][info][gc,cpu         ] GC(1953) User=0.07s Sys=0.00s Real=0.04s
[622.470s][info][gc,start       ] GC(1954) Pause Young (Allocation Failure)
[622.529s][info][gc,heap        ] GC(1954) PSYoungGen: 155424K(237568K)->28416K(231936K) Eden: 148480K(148480K)->0K(157696K) From: 6944K(89088K)->28416K(74240K)
[622.529s][info][gc,heap        ] GC(1954) ParOldGen: 457102K(667648K)->464038K(667648K)
[622.529s][info][gc,metaspace   ] GC(1954) Metaspace: 18953K(19072K)->18953K(19072K) NonClass: 17123K(17216K)->17123K(17216K) Class: 1829K(1856K)->1829K(1856K)
[622.529s][info][gc             ] GC(1954) Pause Young (Allocation Failure) 598M->480M(878M) 58.234ms
[622.529s][info][gc,cpu         ] GC(1954) User=0.12s Sys=0.00s Real=0.06s
[622.661s][info][gc,start       ] GC(1955) Pause Young (Allocation Failure)
[622.749s][info][gc,heap        ] GC(1955) PSYoungGen: 186112K(231936K)->40816K(239104K) Eden: 157696K(157696K)->0K(157696K) From: 28416K(74240K)->40816K(81408K)
[622.749s][info][gc,heap        ] GC(1955) ParOldGen: 464038K(667648K)->492502K(667648K)
[622.749s][info][gc,metaspace   ] GC(1955) Metaspace: 18953K(19072K)->18953K(19072K) NonClass: 17123K(17216K)->17123K(17216K) Class: 1829K(1856K)->1829K(1856K)
[622.749s][info][gc             ] GC(1955) Pause Young (Allocation Failure) 634M->520M(885M) 88.280ms
[622.749s][info][gc,cpu         ] GC(1955) User=0.18s Sys=0.00s Real=0.09s
[622.946s][info][gc,start       ] GC(1956) Pause Young (Allocation Failure)
[623.015s][info][gc,heap        ] GC(1956) PSYoungGen: 198512K(239104K)->22336K(243200K) Eden: 157696K(157696K)->0K(171008K) From: 40816K(81408K)->22336K(72192K)
[623.015s][info][gc,heap        ] GC(1956) ParOldGen: 492502K(667648K)->533423K(667648K)
[623.015s][info][gc,metaspace   ] GC(1956) Metaspace: 18953K(19072K)->18953K(19072K) NonClass: 17123K(17216K)->17123K(17216K) Class: 1829K(1856K)->1829K(1856K)
[623.015s][info][gc             ] GC(1956) Pause Young (Allocation Failure) 674M->542M(889M) 68.628ms
[623.015s][info][gc,cpu         ] GC(1956) User=0.13s Sys=0.00s Real=0.07s
[623.212s][info][gc,start       ] GC(1957) Pause Young (Allocation Failure)
[623.242s][info][gc,heap        ] GC(1957) PSYoungGen: 193344K(243200K)->928K(247808K) Eden: 171008K(171008K)->0K(171008K) From: 22336K(72192K)->928K(76800K)
[623.242s][info][gc,heap        ] GC(1957) ParOldGen: 533423K(667648K)->555799K(667648K)
[623.242s][info][gc,metaspace   ] GC(1957) Metaspace: 18953K(19072K)->18953K(19072K) NonClass: 17123K(17216K)->17123K(17216K) Class: 1829K(1856K)->1829K(1856K)
[623.242s][info][gc             ] GC(1957) Pause Young (Allocation Failure) 709M->543M(894M) 30.365ms
[623.242s][info][gc,cpu         ] GC(1957) User=0.06s Sys=0.00s Real=0.03s
[623.436s][info][gc,start       ] GC(1958) Pause Young (Allocation Failure)
[623.450s][info][gc,heap        ] GC(1958) PSYoungGen: 171936K(247808K)->4192K(253952K) Eden: 171008K(171008K)->0K(180224K) From: 928K(76800K)->4192K(73728K)
[623.450s][info][gc,heap        ] GC(1958) ParOldGen: 555799K(667648K)->556703K(667648K)
[623.450s][info][gc,metaspace   ] GC(1958) Metaspace: 18953K(19072K)->18953K(19072K) NonClass: 17123K(17216K)->17123K(17216K) Class: 1829K(1856K)->1829K(1856K)
[623.450s][info][gc             ] GC(1958) Pause Young (Allocation Failure) 710M->547M(900M) 14.057ms
[623.450s][info][gc,cpu         ] GC(1958) User=0.03s Sys=0.00s Real=0.01s
[623.750s][info][gc,start       ] GC(1959) Pause Young (Allocation Failure)
[623.787s][info][gc,heap        ] GC(1959) PSYoungGen: 184416K(253952K)->28192K(255488K) Eden: 180224K(180224K)->0K(180224K) From: 4192K(73728K)->28192K(75264K)
[623.787s][info][gc,heap        ] GC(1959) ParOldGen: 556703K(667648K)->560879K(667648K)
[623.787s][info][gc,metaspace   ] GC(1959) Metaspace: 18953K(19072K)->18953K(19072K) NonClass: 17123K(17216K)->17123K(17216K) Class: 1829K(1856K)->1829K(1856K)
[623.787s][info][gc             ] GC(1959) Pause Young (Allocation Failure) 723M->575M(901M) 36.831ms
[623.787s][info][gc,cpu         ] GC(1959) User=0.08s Sys=0.00s Real=0.04s
[624.343s][info][gc,start       ] GC(1960) Pause Young (Allocation Failure)
[624.378s][info][gc,heap        ] GC(1960) PSYoungGen: 208416K(255488K)->736K(257024K) Eden: 180224K(180224K)->0K(185344K) From: 28192K(75264K)->736K(71680K)
[624.379s][info][gc,heap        ] GC(1960) ParOldGen: 560879K(667648K)->589143K(667648K)
[624.379s][info][gc,metaspace   ] GC(1960) Metaspace: 18953K(19072K)->18953K(19072K) NonClass: 17123K(17216K)->17123K(17216K) Class: 1829K(1856K)->1829K(1856K)
[624.379s][info][gc             ] GC(1960) Pause Young (Allocation Failure) 751M->576M(903M) 35.195ms
[624.379s][info][gc,cpu         ] GC(1960) User=0.07s Sys=0.00s Real=0.03s
[624.877s][info][gc,start       ] GC(1961) Pause Young (Allocation Failure)
[624.880s][info][gc,heap        ] GC(1961) PSYoungGen: 186080K(257024K)->512K(256512K) Eden: 185344K(185344K)->0K(185344K) From: 736K(71680K)->512K(71168K)
[624.880s][info][gc,heap        ] GC(1961) ParOldGen: 589143K(667648K)->589143K(667648K)
[624.880s][info][gc,metaspace   ] GC(1961) Metaspace: 18953K(19072K)->18953K(19072K) NonClass: 17123K(17216K)->17123K(17216K) Class: 1829K(1856K)->1829K(1856K)
[624.880s][info][gc             ] GC(1961) Pause Young (Allocation Failure) 757M->575M(902M) 2.935ms
[624.880s][info][gc,cpu         ] GC(1961) User=0.00s Sys=0.00s Real=0.00s
[625.351s][info][gc,start       ] GC(1962) Pause Young (Allocation Failure)
[625.353s][info][gc,heap        ] GC(1962) PSYoungGen: 185856K(256512K)->512K(260608K) Eden: 185344K(185344K)->0K(193024K) From: 512K(71168K)->512K(67584K)
[625.353s][info][gc,heap        ] GC(1962) ParOldGen: 589143K(667648K)->589143K(667648K)
[625.353s][info][gc,metaspace   ] GC(1962) Metaspace: 18953K(19072K)->18953K(19072K) NonClass: 17123K(17216K)->17123K(17216K) Class: 1829K(1856K)->1829K(1856K)
[625.353s][info][gc             ] GC(1962) Pause Young (Allocation Failure) 756M->575M(906M) 2.957ms
[625.353s][info][gc,cpu         ] GC(1962) User=0.00s Sys=0.00s Real=0.01s
[625.832s][info][gc,start       ] GC(1963) Pause Young (Allocation Failure)
[625.845s][info][gc,heap        ] GC(1963) PSYoungGen: 193536K(260608K)->544K(260608K) Eden: 193024K(193024K)->0K(193024K) From: 512K(67584K)->544K(67584K)
[625.845s][info][gc,heap        ] GC(1963) ParOldGen: 589143K(667648K)->589143K(667648K)
[625.845s][info][gc,metaspace   ] GC(1963) Metaspace: 18953K(19072K)->18953K(19072K) NonClass: 17123K(17216K)->17123K(17216K) Class: 1829K(1856K)->1829K(1856K)
[625.845s][info][gc             ] GC(1963) Pause Young (Allocation Failure) 764M->575M(906M) 12.941ms
[625.845s][info][gc,cpu         ] GC(1963) User=0.03s Sys=0.00s Real=0.02s
[626.189s][info][gc,start       ] GC(1964) Pause Young (Allocation Failure)
[626.210s][info][gc,heap        ] GC(1964) PSYoungGen: 193568K(260608K)->24976K(264704K) Eden: 193024K(193024K)->0K(200192K) From: 544K(67584K)->24976K(64512K)
[626.210s][info][gc,heap        ] GC(1964) ParOldGen: 589143K(667648K)->589143K(667648K)
[626.210s][info][gc,metaspace   ] GC(1964) Metaspace: 18953K(19072K)->18953K(19072K) NonClass: 17124K(17216K)->17124K(17216K) Class: 1829K(1856K)->1829K(1856K)
[626.210s][info][gc             ] GC(1964) Pause Young (Allocation Failure) 764M->599M(910M) 20.861ms
[626.210s][info][gc,cpu         ] GC(1964) User=0.04s Sys=0.00s Real=0.02s
[626.466s][info][gc,start       ] GC(1965) Pause Young (Allocation Failure)
[626.526s][info][gc,heap        ] GC(1965) PSYoungGen: 225168K(264704K)->63984K(264192K) Eden: 200192K(200192K)->0K(200192K) From: 24976K(64512K)->63984K(64000K)
[626.526s][info][gc,heap        ] GC(1965) ParOldGen: 589143K(667648K)->604367K(667648K)
[626.526s][info][gc,metaspace   ] GC(1965) Metaspace: 18953K(19072K)->18953K(19072K) NonClass: 17124K(17216K)->17124K(17216K) Class: 1829K(1856K)->1829K(1856K)
[626.526s][info][gc             ] GC(1965) Pause Young (Allocation Failure) 795M->652M(910M) 60.299ms
[626.526s][info][gc,cpu         ] GC(1965) User=0.11s Sys=0.00s Real=0.06s
[626.804s][info][gc,start       ] GC(1966) Pause Young (Allocation Failure)
[626.926s][info][gc,heap        ] GC(1966) PSYoungGen: 264176K(264192K)->69600K(197632K) Eden: 200192K(200192K)->0K(128000K) From: 63984K(64000K)->69600K(69632K)
[626.927s][info][gc,heap        ] GC(1966) ParOldGen: 604367K(667648K)->628632K(667648K)
[626.927s][info][gc,metaspace   ] GC(1966) Metaspace: 18953K(19072K)->18953K(19072K) NonClass: 17124K(17216K)->17124K(17216K) Class: 1829K(1856K)->1829K(1856K)
[626.927s][info][gc             ] GC(1966) Pause Young (Allocation Failure) 848M->681M(845M) 122.636ms
[626.927s][info][gc,cpu         ] GC(1966) User=0.22s Sys=0.02s Real=0.12s
[627.103s][info][gc,start       ] GC(1967) Pause Full (Allocation Failure)
[627.103s][info][gc,phases,start] GC(1967) Marking Phase
[627.519s][info][gc,phases      ] GC(1967) Marking Phase 415.511ms
[627.519s][info][gc,phases,start] GC(1967) Summary Phase
[627.519s][info][gc,phases      ] GC(1967) Summary Phase 0.034ms
[627.519s][info][gc,phases,start] GC(1967) Forward
[627.651s][info][gc,phases      ] GC(1967) Forward 131.670ms
[627.651s][info][gc,phases,start] GC(1967) Adjust Pointers
[627.979s][info][gc,phases      ] GC(1967) Adjust Pointers 328.412ms
[627.979s][info][gc,phases,start] GC(1967) Compaction Phase
[628.186s][info][gc,phases      ] GC(1967) Compaction Phase 206.301ms
[628.195s][info][gc,phases,start] GC(1967) Post Compact
[628.197s][info][gc,phases      ] GC(1967) Post Compact 2.456ms
[628.198s][info][gc,heap        ] GC(1967) PSYoungGen: 197600K(197632K)->0K(230912K) Eden: 128000K(128000K)->0K(128000K) From: 69600K(69632K)->0K(102912K)
[628.198s][info][gc,heap        ] GC(1967) ParOldGen: 628632K(667648K)->532501K(667648K)
[628.198s][info][gc,metaspace   ] GC(1967) Metaspace: 18953K(19072K)->18953K(19072K) NonClass: 17124K(17216K)->17124K(17216K) Class: 1829K(1856K)->1829K(1856K)
[628.198s][info][gc             ] GC(1967) Pause Full (Allocation Failure) 806M->520M(877M) 1094.296ms
[628.198s][info][gc,cpu         ] GC(1967) User=2.07s Sys=0.00s Real=1.09s
[628.342s][info][gc,start       ] GC(1968) Pause Young (Allocation Failure)
[628.361s][info][gc,heap        ] GC(1968) PSYoungGen: 128000K(230912K)->11808K(222720K) Eden: 128000K(128000K)->0K(128000K) From: 0K(102912K)->11808K(94720K)
[628.361s][info][gc,heap        ] GC(1968) ParOldGen: 532501K(667648K)->532501K(667648K)
[628.361s][info][gc,metaspace   ] GC(1968) Metaspace: 18953K(19072K)->18953K(19072K) NonClass: 17124K(17216K)->17124K(17216K) Class: 1829K(1856K)->1829K(1856K)
[628.361s][info][gc             ] GC(1968) Pause Young (Allocation Failure) 645M->531M(869M) 19.005ms
[628.361s][info][gc,cpu         ] GC(1968) User=0.03s Sys=0.01s Real=0.02s
[628.472s][info][gc,start       ] GC(1969) Pause Young (Allocation Failure)
[628.490s][info][gc,heap        ] GC(1969) PSYoungGen: 139808K(222720K)->12800K(226816K) Eden: 128000K(128000K)->0K(128000K) From: 11808K(94720K)->12800K(98816K)
[628.490s][info][gc,heap        ] GC(1969) ParOldGen: 532501K(667648K)->532501K(667648K)
[628.490s][info][gc,metaspace   ] GC(1969) Metaspace: 18953K(19072K)->18953K(19072K) NonClass: 17124K(17216K)->17124K(17216K) Class: 1829K(1856K)->1829K(1856K)
[628.490s][info][gc             ] GC(1969) Pause Young (Allocation Failure) 656M->532M(873M) 18.008ms
[628.490s][info][gc,cpu         ] GC(1969) User=0.04s Sys=0.00s Real=0.01s
[628.639s][info][gc,start       ] GC(1970) Pause Young (Allocation Failure)
[628.666s][info][gc,heap        ] GC(1970) PSYoungGen: 140800K(226816K)->18827K(222720K) Eden: 128000K(128000K)->0K(139264K) From: 12800K(98816K)->18827K(83456K)
[628.666s][info][gc,heap        ] GC(1970) ParOldGen: 532501K(667648K)->532501K(667648K)
[628.666s][info][gc,metaspace   ] GC(1970) Metaspace: 18954K(19072K)->18954K(19072K) NonClass: 17125K(17216K)->17125K(17216K) Class: 1829K(1856K)->1829K(1856K)
[628.666s][info][gc             ] GC(1970) Pause Young (Allocation Failure) 657M->538M(869M) 26.973ms
[628.666s][info][gc,cpu         ] GC(1970) User=0.05s Sys=0.00s Real=0.03s
[628.804s][info][gc,start       ] GC(1971) Pause Young (Allocation Failure)
[628.838s][info][gc,heap        ] GC(1971) PSYoungGen: 158091K(222720K)->26907K(227840K) Eden: 139264K(139264K)->0K(139264K) From: 18827K(83456K)->26907K(88576K)
[628.838s][info][gc,heap        ] GC(1971) ParOldGen: 532501K(667648K)->532501K(667648K)
[628.838s][info][gc,metaspace   ] GC(1971) Metaspace: 18955K(19072K)->18955K(19072K) NonClass: 17126K(17216K)->17126K(17216K) Class: 1829K(1856K)->1829K(1856K)
[628.838s][info][gc             ] GC(1971) Pause Young (Allocation Failure) 674M->546M(874M) 33.648ms
[628.838s][info][gc,cpu         ] GC(1971) User=0.06s Sys=0.00s Real=0.03s
[628.969s][info][gc,start       ] GC(1972) Pause Young (Allocation Failure)
[629.019s][info][gc,heap        ] GC(1972) PSYoungGen: 166171K(227840K)->48059K(232448K) Eden: 139264K(139264K)->0K(149504K) From: 26907K(88576K)->48059K(82944K)
[629.019s][info][gc,heap        ] GC(1972) ParOldGen: 532501K(667648K)->532501K(667648K)
[629.019s][info][gc,metaspace   ] GC(1972) Metaspace: 18959K(19072K)->18959K(19072K) NonClass: 17130K(17216K)->17130K(17216K) Class: 1829K(1856K)->1829K(1856K)
[629.020s][info][gc             ] GC(1972) Pause Young (Allocation Failure) 682M->566M(879M) 50.955ms
[629.020s][info][gc,cpu         ] GC(1972) User=0.10s Sys=0.00s Real=0.05s
[629.166s][info][gc,start       ] GC(1973) Pause Young (Allocation Failure)
[629.240s][info][gc,heap        ] GC(1973) PSYoungGen: 197563K(232448K)->65227K(235008K) Eden: 149504K(149504K)->0K(149504K) From: 48059K(82944K)->65227K(85504K)
[629.240s][info][gc,heap        ] GC(1973) ParOldGen: 532501K(667648K)->532501K(667648K)
[629.240s][info][gc,metaspace   ] GC(1973) Metaspace: 18962K(19072K)->18962K(19072K) NonClass: 17132K(17216K)->17132K(17216K) Class: 1829K(1856K)->1829K(1856K)
[629.240s][info][gc             ] GC(1973) Pause Young (Allocation Failure) 712M->583M(881M) 74.325ms
[629.240s][info][gc,cpu         ] GC(1973) User=0.15s Sys=0.00s Real=0.07s
[629.426s][info][gc,start       ] GC(1974) Pause Young (Allocation Failure)
[629.507s][info][gc,heap        ] GC(1974) PSYoungGen: 214731K(235008K)->78748K(218624K) Eden: 149504K(149504K)->0K(124928K) From: 65227K(85504K)->78748K(93696K)
[629.508s][info][gc,heap        ] GC(1974) ParOldGen: 532501K(667648K)->532501K(667648K)
[629.508s][info][gc,metaspace   ] GC(1974) Metaspace: 18962K(19072K)->18962K(19072K) NonClass: 17133K(17216K)->17133K(17216K) Class: 1829K(1856K)->1829K(1856K)
[629.508s][info][gc             ] GC(1974) Pause Young (Allocation Failure) 729M->596M(865M) 81.971ms
[629.508s][info][gc,cpu         ] GC(1974) User=0.16s Sys=0.00s Real=0.08s
[629.688s][info][gc,start       ] GC(1975) Pause Young (Allocation Failure)
[629.792s][info][gc,heap        ] GC(1975) PSYoungGen: 203676K(218624K)->74011K(199168K) Eden: 124928K(124928K)->0K(124928K) From: 78748K(93696K)->74011K(74240K)
[629.792s][info][gc,heap        ] GC(1975) ParOldGen: 532501K(667648K)->545301K(667648K)
[629.792s][info][gc,metaspace   ] GC(1975) Metaspace: 18962K(19072K)->18962K(19072K) NonClass: 17133K(17216K)->17133K(17216K) Class: 1829K(1856K)->1829K(1856K)
[629.792s][info][gc             ] GC(1975) Pause Young (Allocation Failure) 718M->604M(846M) 104.380ms
[629.792s][info][gc,cpu         ] GC(1975) User=0.21s Sys=0.00s Real=0.10s
[630.172s][info][gc,start       ] GC(1976) Pause Young (Allocation Failure)
[630.252s][info][gc,heap        ] GC(1976) PSYoungGen: 198939K(199168K)->68528K(222720K) Eden: 124928K(124928K)->0K(111616K) From: 74011K(74240K)->68528K(111104K)
[630.253s][info][gc,heap        ] GC(1976) ParOldGen: 545301K(667648K)->554337K(667648K)
[630.253s][info][gc,metaspace   ] GC(1976) Metaspace: 18962K(19072K)->18962K(19072K) NonClass: 17133K(17216K)->17133K(17216K) Class: 1829K(1856K)->1829K(1856K)
[630.253s][info][gc             ] GC(1976) Pause Young (Allocation Failure) 726M->608M(869M) 80.758ms
[630.253s][info][gc,cpu         ] GC(1976) User=0.16s Sys=0.00s Real=0.09s
[630.509s][info][gc,start       ] GC(1977) Pause Young (Allocation Failure)
[630.586s][info][gc,heap        ] GC(1977) PSYoungGen: 180144K(222720K)->33856K(145920K) Eden: 111616K(111616K)->0K(111616K) From: 68528K(111104K)->33856K(34304K)
[630.586s][info][gc,heap        ] GC(1977) ParOldGen: 554337K(667648K)->591737K(667648K)
[630.586s][info][gc,metaspace   ] GC(1977) Metaspace: 18962K(19072K)->18962K(19072K) NonClass: 17133K(17216K)->17133K(17216K) Class: 1829K(1856K)->1829K(1856K)
[630.586s][info][gc             ] GC(1977) Pause Young (Allocation Failure) 717M->610M(794M) 77.419ms
[630.586s][info][gc,cpu         ] GC(1977) User=0.15s Sys=0.00s Real=0.08s
[630.729s][info][gc,start       ] GC(1978) Pause Young (Allocation Failure)
[630.784s][info][gc,heap        ] GC(1978) PSYoungGen: 145472K(145920K)->20144K(224256K) Eden: 111616K(111616K)->0K(114688K) From: 33856K(34304K)->20144K(109568K)
[630.784s][info][gc,heap        ] GC(1978) ParOldGen: 591737K(667648K)->619657K(667648K)
[630.784s][info][gc,metaspace   ] GC(1978) Metaspace: 18962K(19072K)->18962K(19072K) NonClass: 17133K(17216K)->17133K(17216K) Class: 1829K(1856K)->1829K(1856K)
[630.785s][info][gc             ] GC(1978) Pause Young (Allocation Failure) 719M->624M(871M) 55.217ms
[630.785s][info][gc,cpu         ] GC(1978) User=0.10s Sys=0.00s Real=0.06s
[630.955s][info][gc,start       ] GC(1979) Pause Full (Allocation Failure)
[630.956s][info][gc,phases,start] GC(1979) Marking Phase
[631.287s][info][gc,phases      ] GC(1979) Marking Phase 331.102ms
[631.287s][info][gc,phases,start] GC(1979) Summary Phase
[631.287s][info][gc,phases      ] GC(1979) Summary Phase 0.028ms
[631.287s][info][gc,phases,start] GC(1979) Forward
[631.362s][info][gc,phases      ] GC(1979) Forward 74.863ms
[631.362s][info][gc,phases,start] GC(1979) Adjust Pointers
[631.625s][info][gc,phases      ] GC(1979) Adjust Pointers 262.995ms
[631.625s][info][gc,phases,start] GC(1979) Compaction Phase
[631.743s][info][gc,phases      ] GC(1979) Compaction Phase 118.361ms
[631.749s][info][gc,phases,start] GC(1979) Post Compact
[631.751s][info][gc,phases      ] GC(1979) Post Compact 2.316ms
[631.751s][info][gc,heap        ] GC(1979) PSYoungGen: 134832K(224256K)->0K(221184K) Eden: 114688K(114688K)->0K(114688K) From: 20144K(109568K)->0K(106496K)
[631.751s][info][gc,heap        ] GC(1979) ParOldGen: 619657K(667648K)->432700K(667648K)
[631.751s][info][gc,metaspace   ] GC(1979) Metaspace: 18962K(19072K)->18962K(19072K) NonClass: 17133K(17216K)->17133K(17216K) Class: 1829K(1856K)->1829K(1856K)
[631.751s][info][gc             ] GC(1979) Pause Full (Allocation Failure) 736M->422M(868M) 795.701ms
[631.751s][info][gc,cpu         ] GC(1979) User=1.49s Sys=0.00s Real=0.79s
[631.831s][info][gc,start       ] GC(1980) Pause Young (Allocation Failure)
[631.865s][info][gc,heap        ] GC(1980) PSYoungGen: 114688K(221184K)->41136K(218112K) Eden: 114688K(114688K)->0K(120832K) From: 0K(106496K)->41136K(97280K)
[631.865s][info][gc,heap        ] GC(1980) ParOldGen: 432700K(667648K)->432700K(667648K)
[631.865s][info][gc,metaspace   ] GC(1980) Metaspace: 18962K(19072K)->18962K(19072K) NonClass: 17133K(17216K)->17133K(17216K) Class: 1829K(1856K)->1829K(1856K)
[631.865s][info][gc             ] GC(1980) Pause Young (Allocation Failure) 534M->462M(865M) 33.384ms
[631.865s][info][gc,cpu         ] GC(1980) User=0.07s Sys=0.00s Real=0.04s
[632.075s][info][gc,start       ] GC(1981) Pause Young (Allocation Failure)
[632.119s][info][gc,heap        ] GC(1981) PSYoungGen: 161968K(218112K)->65120K(221184K) Eden: 120832K(120832K)->0K(120832K) From: 41136K(97280K)->65120K(100352K)
[632.119s][info][gc,heap        ] GC(1981) ParOldGen: 432700K(667648K)->432700K(667648K)
[632.119s][info][gc,metaspace   ] GC(1981) Metaspace: 18962K(19072K)->18962K(19072K) NonClass: 17133K(17216K)->17133K(17216K) Class: 1829K(1856K)->1829K(1856K)
[632.119s][info][gc             ] GC(1981) Pause Young (Allocation Failure) 580M->486M(868M) 44.252ms
[632.119s][info][gc,cpu         ] GC(1981) User=0.09s Sys=0.00s Real=0.04s
[632.269s][info][gc,start       ] GC(1982) Pause Young (Allocation Failure)
[632.317s][info][gc,heap        ] GC(1982) PSYoungGen: 185952K(221184K)->26624K(230400K) Eden: 120832K(120832K)->0K(130048K) From: 65120K(100352K)->26624K(100352K)
[632.317s][info][gc,heap        ] GC(1982) ParOldGen: 432700K(667648K)->474340K(667648K)
[632.317s][info][gc,metaspace   ] GC(1982) Metaspace: 18962K(19072K)->18962K(19072K) NonClass: 17133K(17216K)->17133K(17216K) Class: 1829K(1856K)->1829K(1856K)
[632.317s][info][gc             ] GC(1982) Pause Young (Allocation Failure) 604M->489M(877M) 48.061ms
[632.317s][info][gc,cpu         ] GC(1982) User=0.09s Sys=0.00s Real=0.05s
[632.492s][info][gc,start       ] GC(1983) Pause Young (Allocation Failure)
[632.570s][info][gc,heap        ] GC(1983) PSYoungGen: 156672K(230400K)->39296K(169472K) Eden: 130048K(130048K)->0K(130048K) From: 26624K(100352K)->39296K(39424K)
[632.570s][info][gc,heap        ] GC(1983) ParOldGen: 474340K(667648K)->498624K(667648K)
[632.570s][info][gc,metaspace   ] GC(1983) Metaspace: 18962K(19072K)->18962K(19072K) NonClass: 17133K(17216K)->17133K(17216K) Class: 1829K(1856K)->1829K(1856K)
[632.570s][info][gc             ] GC(1983) Pause Young (Allocation Failure) 616M->525M(817M) 77.569ms
[632.570s][info][gc,cpu         ] GC(1983) User=0.16s Sys=0.00s Real=0.07s
[632.774s][info][gc,start       ] GC(1984) Pause Young (Allocation Failure)
[632.859s][info][gc,heap        ] GC(1984) PSYoungGen: 169344K(169472K)->19808K(229888K) Eden: 130048K(130048K)->0K(135168K) From: 39296K(39424K)->19808K(94720K)
[632.859s][info][gc,heap        ] GC(1984) ParOldGen: 498624K(667648K)->538008K(667648K)
[632.859s][info][gc,metaspace   ] GC(1984) Metaspace: 18962K(19072K)->18962K(19072K) NonClass: 17133K(17216K)->17133K(17216K) Class: 1829K(1856K)->1829K(1856K)
[632.859s][info][gc             ] GC(1984) Pause Young (Allocation Failure) 652M->544M(876M) 84.969ms
[632.859s][info][gc,cpu         ] GC(1984) User=0.17s Sys=0.00s Real=0.08s
[633.020s][info][gc,start       ] GC(1985) Pause Young (Allocation Failure)
[633.053s][info][gc,heap        ] GC(1985) PSYoungGen: 154976K(229888K)->4320K(227840K) Eden: 135168K(135168K)->0K(135168K) From: 19808K(94720K)->4320K(92672K)
[633.053s][info][gc,heap        ] GC(1985) ParOldGen: 538008K(667648K)->557856K(667648K)
[633.053s][info][gc,metaspace   ] GC(1985) Metaspace: 18962K(19072K)->18962K(19072K) NonClass: 17133K(17216K)->17133K(17216K) Class: 1829K(1856K)->1829K(1856K)
[633.053s][info][gc             ] GC(1985) Pause Young (Allocation Failure) 676M->549M(874M) 32.947ms
[633.053s][info][gc,cpu         ] GC(1985) User=0.06s Sys=0.00s Real=0.04s
[633.256s][info][gc,start       ] GC(1986) Pause Young (Allocation Failure)
[633.273s][info][gc,heap        ] GC(1986) PSYoungGen: 139488K(227840K)->640K(239616K) Eden: 135168K(135168K)->0K(146432K) From: 4320K(92672K)->640K(93184K)
[633.273s][info][gc,heap        ] GC(1986) ParOldGen: 557856K(667648K)->562144K(667648K)
[633.273s][info][gc,metaspace   ] GC(1986) Metaspace: 18962K(19072K)->18962K(19072K) NonClass: 17133K(17216K)->17133K(17216K) Class: 1829K(1856K)->1829K(1856K)
[633.273s][info][gc             ] GC(1986) Pause Young (Allocation Failure) 681M->549M(886M) 16.382ms
[633.273s][info][gc,cpu         ] GC(1986) User=0.04s Sys=0.00s Real=0.02s
[633.477s][info][gc,start       ] GC(1987) Pause Young (Allocation Failure)
[633.490s][info][gc,heap        ] GC(1987) PSYoungGen: 147072K(239616K)->4448K(239616K) Eden: 146432K(146432K)->0K(146432K) From: 640K(93184K)->4448K(93184K)
[633.490s][info][gc,heap        ] GC(1987) ParOldGen: 562144K(667648K)->562760K(667648K)
[633.490s][info][gc,metaspace   ] GC(1987) Metaspace: 18962K(19072K)->18962K(19072K) NonClass: 17133K(17216K)->17133K(17216K) Class: 1829K(1856K)->1829K(1856K)
[633.490s][info][gc             ] GC(1987) Pause Young (Allocation Failure) 692M->553M(886M) 13.004ms
[633.490s][info][gc,cpu         ] GC(1987) User=0.03s Sys=0.00s Real=0.01s
[633.676s][info][gc,start       ] GC(1988) Pause Young (Allocation Failure)
[633.695s][info][gc,heap        ] GC(1988) PSYoungGen: 150880K(239616K)->14336K(233472K) Eden: 146432K(146432K)->0K(148480K) From: 4448K(93184K)->14336K(84992K)
[633.695s][info][gc,heap        ] GC(1988) ParOldGen: 562760K(667648K)->562760K(667648K)
[633.695s][info][gc,metaspace   ] GC(1988) Metaspace: 18962K(19072K)->18962K(19072K) NonClass: 17133K(17216K)->17133K(17216K) Class: 1829K(1856K)->1829K(1856K)
[633.695s][info][gc             ] GC(1988) Pause Young (Allocation Failure) 696M->563M(880M) 18.556ms
[633.695s][info][gc,cpu         ] GC(1988) User=0.03s Sys=0.00s Real=0.02s
[633.985s][info][gc,start       ] GC(1989) Pause Young (Allocation Failure)
[634.034s][info][gc,heap        ] GC(1989) PSYoungGen: 162816K(233472K)->33248K(236544K) Eden: 148480K(148480K)->0K(148480K) From: 14336K(84992K)->33248K(88064K)
[634.034s][info][gc,heap        ] GC(1989) ParOldGen: 562760K(667648K)->562760K(667648K)
[634.034s][info][gc,metaspace   ] GC(1989) Metaspace: 18962K(19072K)->18962K(19072K) NonClass: 17133K(17216K)->17133K(17216K) Class: 1829K(1856K)->1829K(1856K)
[634.034s][info][gc             ] GC(1989) Pause Young (Allocation Failure) 708M->582M(883M) 49.780ms
[634.034s][info][gc,cpu         ] GC(1989) User=0.10s Sys=0.00s Real=0.05s
[634.386s][info][gc,start       ] GC(1990) Pause Young (Allocation Failure)
[634.448s][info][gc,heap        ] GC(1990) PSYoungGen: 181728K(236544K)->56304K(240128K) Eden: 148480K(148480K)->0K(155648K) From: 33248K(88064K)->56304K(84480K)
[634.448s][info][gc,heap        ] GC(1990) ParOldGen: 562760K(667648K)->562760K(667648K)
[634.448s][info][gc,metaspace   ] GC(1990) Metaspace: 18969K(19072K)->18969K(19072K) NonClass: 17139K(17216K)->17139K(17216K) Class: 1829K(1856K)->1829K(1856K)
[634.448s][info][gc             ] GC(1990) Pause Young (Allocation Failure) 727M->604M(886M) 62.212ms
[634.448s][info][gc,cpu         ] GC(1990) User=0.12s Sys=0.00s Real=0.06s
[634.652s][info][gc,start       ] GC(1991) Pause Young (Allocation Failure)
[634.720s][info][gc,heap        ] GC(1991) PSYoungGen: 211952K(240128K)->77072K(232960K) Eden: 155648K(155648K)->0K(155648K) From: 56304K(84480K)->77072K(77312K)
[634.720s][info][gc,heap        ] GC(1991) ParOldGen: 562760K(667648K)->562760K(667648K)
[634.720s][info][gc,metaspace   ] GC(1991) Metaspace: 18969K(19072K)->18969K(19072K) NonClass: 17139K(17216K)->17139K(17216K) Class: 1829K(1856K)->1829K(1856K)
[634.720s][info][gc             ] GC(1991) Pause Young (Allocation Failure) 756M->624M(879M) 67.649ms
[634.720s][info][gc,cpu         ] GC(1991) User=0.13s Sys=0.00s Real=0.06s
[635.009s][info][gc,start       ] GC(1992) Pause Young (Allocation Failure)
[635.123s][info][gc,heap        ] GC(1992) PSYoungGen: 232720K(232960K)->88144K(211968K) Eden: 155648K(155648K)->0K(111616K) From: 77072K(77312K)->88144K(100352K)
[635.123s][info][gc,heap        ] GC(1992) ParOldGen: 562760K(667648K)->562760K(667648K)
[635.123s][info][gc,metaspace   ] GC(1992) Metaspace: 18969K(19072K)->18969K(19072K) NonClass: 17139K(17216K)->17139K(17216K) Class: 1829K(1856K)->1829K(1856K)
[635.123s][info][gc             ] GC(1992) Pause Young (Allocation Failure) 776M->635M(859M) 114.483ms
[635.123s][info][gc,cpu         ] GC(1992) User=0.23s Sys=0.01s Real=0.12s
[635.285s][info][gc,start       ] GC(1993) Pause Young (Allocation Failure)
[635.387s][info][gc,heap        ] GC(1993) PSYoungGen: 199760K(211968K)->87456K(222720K) Eden: 111616K(111616K)->0K(111616K) From: 88144K(100352K)->87456K(111104K)
[635.387s][info][gc,heap        ] GC(1993) ParOldGen: 562760K(667648K)->577096K(667648K)
[635.387s][info][gc,metaspace   ] GC(1993) Metaspace: 18969K(19072K)->18969K(19072K) NonClass: 17139K(17216K)->17139K(17216K) Class: 1829K(1856K)->1829K(1856K)
[635.387s][info][gc             ] GC(1993) Pause Young (Allocation Failure) 744M->648M(869M) 102.216ms
[635.387s][info][gc,cpu         ] GC(1993) User=0.21s Sys=0.00s Real=0.10s
[635.511s][info][gc,start       ] GC(1994) Pause Young (Allocation Failure)
[635.628s][info][gc,heap        ] GC(1994) PSYoungGen: 199072K(222720K)->54208K(222720K) Eden: 111616K(111616K)->0K(111616K) From: 87456K(111104K)->54208K(111104K)
[635.628s][info][gc,heap        ] GC(1994) ParOldGen: 577096K(667648K)->619385K(667648K)
[635.628s][info][gc,metaspace   ] GC(1994) Metaspace: 18969K(19072K)->18969K(19072K) NonClass: 17139K(17216K)->17139K(17216K) Class: 1829K(1856K)->1829K(1856K)
[635.628s][info][gc             ] GC(1994) Pause Young (Allocation Failure) 757M->657M(869M) 117.008ms
[635.628s][info][gc,cpu         ] GC(1994) User=0.23s Sys=0.00s Real=0.12s
[635.809s][info][gc,start       ] GC(1995) Pause Full (Allocation Failure)
[635.809s][info][gc,phases,start] GC(1995) Marking Phase
[636.241s][info][gc,phases      ] GC(1995) Marking Phase 431.628ms
[636.241s][info][gc,phases,start] GC(1995) Summary Phase
[636.241s][info][gc,phases      ] GC(1995) Summary Phase 0.031ms
[636.241s][info][gc,phases,start] GC(1995) Forward
[636.363s][info][gc,phases      ] GC(1995) Forward 122.006ms
[636.363s][info][gc,phases,start] GC(1995) Adjust Pointers
[636.669s][info][gc,phases      ] GC(1995) Adjust Pointers 306.135ms
[636.669s][info][gc,phases,start] GC(1995) Compaction Phase
[636.856s][info][gc,phases      ] GC(1995) Compaction Phase 187.445ms
[636.866s][info][gc,phases,start] GC(1995) Post Compact
[636.868s][info][gc,phases      ] GC(1995) Post Compact 2.376ms
[636.868s][info][gc,heap        ] GC(1995) PSYoungGen: 165824K(222720K)->0K(222720K) Eden: 111616K(111616K)->0K(111616K) From: 54208K(111104K)->0K(111104K)
[636.868s][info][gc,heap        ] GC(1995) ParOldGen: 619385K(667648K)->482596K(667648K)
[636.868s][info][gc,metaspace   ] GC(1995) Metaspace: 18969K(19072K)->18969K(19072K) NonClass: 17139K(17216K)->17139K(17216K) Class: 1829K(1856K)->1829K(1856K)
[636.868s][info][gc             ] GC(1995) Pause Full (Allocation Failure) 766M->471M(869M) 1059.413ms
[636.868s][info][gc,cpu         ] GC(1995) User=1.99s Sys=0.00s Real=1.06s
[637.018s][info][gc,start       ] GC(1996) Pause Young (Allocation Failure)
[637.030s][info][gc,heap        ] GC(1996) PSYoungGen: 111616K(222720K)->7616K(222720K) Eden: 111616K(111616K)->0K(111616K) From: 0K(111104K)->7616K(111104K)
[637.030s][info][gc,heap        ] GC(1996) ParOldGen: 482596K(667648K)->482596K(667648K)
[637.030s][info][gc,metaspace   ] GC(1996) Metaspace: 18969K(19072K)->18969K(19072K) NonClass: 17139K(17216K)->17139K(17216K) Class: 1829K(1856K)->1829K(1856K)
[637.030s][info][gc             ] GC(1996) Pause Young (Allocation Failure) 580M->478M(869M) 11.868ms
[637.030s][info][gc,cpu         ] GC(1996) User=0.02s Sys=0.00s Real=0.01s
[637.292s][info][gc,start       ] GC(1997) Pause Young (Allocation Failure)
[637.321s][info][gc,heap        ] GC(1997) PSYoungGen: 119232K(222720K)->17664K(222720K) Eden: 111616K(111616K)->0K(111616K) From: 7616K(111104K)->17664K(111104K)
[637.321s][info][gc,heap        ] GC(1997) ParOldGen: 482596K(667648K)->482596K(667648K)
[637.321s][info][gc,metaspace   ] GC(1997) Metaspace: 18969K(19072K)->18969K(19072K) NonClass: 17139K(17216K)->17139K(17216K) Class: 1829K(1856K)->1829K(1856K)
[637.321s][info][gc             ] GC(1997) Pause Young (Allocation Failure) 587M->488M(869M) 28.554ms
[637.321s][info][gc,cpu         ] GC(1997) User=0.05s Sys=0.00s Real=0.02s
[637.665s][info][gc,start       ] GC(1998) Pause Young (Allocation Failure)
[637.687s][info][gc,heap        ] GC(1998) PSYoungGen: 129280K(222720K)->96K(222720K) Eden: 111616K(111616K)->0K(111616K) From: 17664K(111104K)->96K(111104K)
[637.687s][info][gc,heap        ] GC(1998) ParOldGen: 482596K(667648K)->500276K(667648K)
[637.687s][info][gc,metaspace   ] GC(1998) Metaspace: 18969K(19072K)->18969K(19072K) NonClass: 17139K(17216K)->17139K(17216K) Class: 1829K(1856K)->1829K(1856K)
[637.687s][info][gc             ] GC(1998) Pause Young (Allocation Failure) 597M->488M(869M) 21.830ms
[637.687s][info][gc,cpu         ] GC(1998) User=0.05s Sys=0.00s Real=0.02s
[637.969s][info][gc,start       ] GC(1999) Pause Young (Allocation Failure)
[637.971s][info][gc,heap        ] GC(1999) PSYoungGen: 111712K(222720K)->64K(222720K) Eden: 111616K(111616K)->0K(111616K) From: 96K(111104K)->64K(111104K)
[637.971s][info][gc,heap        ] GC(1999) ParOldGen: 500276K(667648K)->500345K(667648K)
[637.971s][info][gc,metaspace   ] GC(1999) Metaspace: 18969K(19072K)->18969K(19072K) NonClass: 17139K(17216K)->17139K(17216K) Class: 1829K(1856K)->1829K(1856K)
[637.971s][info][gc             ] GC(1999) Pause Young (Allocation Failure) 597M->488M(869M) 2.228ms
[637.971s][info][gc,cpu         ] GC(1999) User=0.00s Sys=0.00s Real=0.00s
[638.256s][info][gc,start       ] GC(2000) Pause Young (Allocation Failure)
[638.258s][info][gc,heap        ] GC(2000) PSYoungGen: 111680K(222720K)->64K(220672K) Eden: 111616K(111616K)->0K(111616K) From: 64K(111104K)->64K(109056K)
[638.258s][info][gc,heap        ] GC(2000) ParOldGen: 500345K(667648K)->500361K(667648K)
[638.258s][info][gc,metaspace   ] GC(2000) Metaspace: 18969K(19072K)->18969K(19072K) NonClass: 17139K(17216K)->17139K(17216K) Class: 1829K(1856K)->1829K(1856K)
[638.258s][info][gc             ] GC(2000) Pause Young (Allocation Failure) 597M->488M(867M) 1.963ms
[638.258s][info][gc,cpu         ] GC(2000) User=0.00s Sys=0.00s Real=0.00s
[638.513s][info][gc,start       ] GC(2001) Pause Young (Allocation Failure)
[638.524s][info][gc,heap        ] GC(2001) PSYoungGen: 111680K(220672K)->352K(221696K) Eden: 111616K(111616K)->0K(111616K) From: 64K(109056K)->352K(110080K)
[638.524s][info][gc,heap        ] GC(2001) ParOldGen: 500361K(667648K)->500361K(667648K)
[638.524s][info][gc,metaspace   ] GC(2001) Metaspace: 18969K(19072K)->18969K(19072K) NonClass: 17139K(17216K)->17139K(17216K) Class: 1829K(1856K)->1829K(1856K)
[638.524s][info][gc             ] GC(2001) Pause Young (Allocation Failure) 597M->488M(868M) 10.878ms
[638.524s][info][gc,cpu         ] GC(2001) User=0.02s Sys=0.00s Real=0.01s
[638.658s][info][gc,start       ] GC(2002) Pause Young (Allocation Failure)
[638.693s][info][gc,heap        ] GC(2002) PSYoungGen: 111968K(221696K)->31536K(213504K) Eden: 111616K(111616K)->0K(116736K) From: 352K(110080K)->31536K(96768K)
[638.693s][info][gc,heap        ] GC(2002) ParOldGen: 500361K(667648K)->500361K(667648K)
[638.693s][info][gc,metaspace   ] GC(2002) Metaspace: 18971K(19072K)->18971K(19072K) NonClass: 17142K(17216K)->17142K(17216K) Class: 1829K(1856K)->1829K(1856K)
[638.693s][info][gc             ] GC(2002) Pause Young (Allocation Failure) 597M->519M(860M) 34.220ms
[638.693s][info][gc,cpu         ] GC(2002) User=0.07s Sys=0.01s Real=0.04s
[638.805s][info][gc,start       ] GC(2003) Pause Young (Allocation Failure)
[638.857s][info][gc,heap        ] GC(2003) PSYoungGen: 148272K(213504K)->72112K(217600K) Eden: 116736K(116736K)->0K(116736K) From: 31536K(96768K)->72112K(100864K)
[638.857s][info][gc,heap        ] GC(2003) ParOldGen: 500361K(667648K)->500361K(667648K)
[638.857s][info][gc,metaspace   ] GC(2003) Metaspace: 18971K(19072K)->18971K(19072K) NonClass: 17142K(17216K)->17142K(17216K) Class: 1829K(1856K)->1829K(1856K)
[638.857s][info][gc             ] GC(2003) Pause Young (Allocation Failure) 633M->559M(864M) 51.565ms
[638.857s][info][gc,cpu         ] GC(2003) User=0.11s Sys=0.00s Real=0.05s
[639.021s][info][gc,start       ] GC(2004) Pause Young (Allocation Failure)
[639.071s][info][gc,heap        ] GC(2004) PSYoungGen: 188848K(217600K)->75241K(221696K) Eden: 116736K(116736K)->0K(111616K) From: 72112K(100864K)->75241K(110080K)
[639.071s][info][gc,heap        ] GC(2004) ParOldGen: 500361K(667648K)->500361K(667648K)
[639.071s][info][gc,metaspace   ] GC(2004) Metaspace: 18971K(19072K)->18971K(19072K) NonClass: 17142K(17216K)->17142K(17216K) Class: 1829K(1856K)->1829K(1856K)
[639.071s][info][gc             ] GC(2004) Pause Young (Allocation Failure) 673M->562M(868M) 49.712ms
[639.071s][info][gc,cpu         ] GC(2004) User=0.10s Sys=0.00s Real=0.05s
[639.159s][info][gc,start       ] GC(2005) Pause Young (Allocation Failure)
[639.231s][info][gc,heap        ] GC(2005) PSYoungGen: 186857K(221696K)->98761K(222720K) Eden: 111616K(111616K)->0K(111616K) From: 75241K(110080K)->98761K(111104K)
[639.232s][info][gc,heap        ] GC(2005) ParOldGen: 500361K(667648K)->500697K(667648K)
[639.232s][info][gc,metaspace   ] GC(2005) Metaspace: 18972K(19072K)->18972K(19072K) NonClass: 17143K(17216K)->17143K(17216K) Class: 1829K(1856K)->1829K(1856K)
[639.232s][info][gc             ] GC(2005) Pause Young (Allocation Failure) 671M->585M(869M) 72.467ms
[639.232s][info][gc,cpu         ] GC(2005) User=0.14s Sys=0.00s Real=0.07s
[639.300s][info][gc,start       ] GC(2006) Pause Young (Allocation Failure)
[639.397s][info][gc,heap        ] GC(2006) PSYoungGen: 210377K(222720K)->69321K(222720K) Eden: 111616K(111616K)->0K(111616K) From: 98761K(111104K)->69321K(111104K)
[639.397s][info][gc,heap        ] GC(2006) ParOldGen: 500697K(667648K)->573348K(667648K)
[639.397s][info][gc,metaspace   ] GC(2006) Metaspace: 18972K(19072K)->18972K(19072K) NonClass: 17143K(17216K)->17143K(17216K) Class: 1829K(1856K)->1829K(1856K)
[639.397s][info][gc             ] GC(2006) Pause Young (Allocation Failure) 694M->627M(869M) 97.053ms
[639.397s][info][gc,cpu         ] GC(2006) User=0.19s Sys=0.00s Real=0.10s
[639.599s][info][gc,start       ] GC(2007) Pause Young (Allocation Failure)
[639.697s][info][gc,heap        ] GC(2007) PSYoungGen: 180937K(222720K)->69952K(222720K) Eden: 111616K(111616K)->0K(111616K) From: 69321K(111104K)->69952K(111104K)
[639.697s][info][gc,heap        ] GC(2007) ParOldGen: 573348K(667648K)->600653K(667648K)
[639.697s][info][gc,metaspace   ] GC(2007) Metaspace: 18972K(19072K)->18972K(19072K) NonClass: 17143K(17216K)->17143K(17216K) Class: 1829K(1856K)->1829K(1856K)
[639.697s][info][gc             ] GC(2007) Pause Young (Allocation Failure) 736M->654M(869M) 97.727ms
[639.697s][info][gc,cpu         ] GC(2007) User=0.19s Sys=0.00s Real=0.10s
[639.791s][info][gc,start       ] GC(2008) Pause Young (Allocation Failure)
[639.880s][info][gc,promotion   ] GC(2008) Promotion failed
[639.880s][info][gc,heap        ] GC(2008) PSYoungGen: 181568K(222720K)->181568K(222720K) Eden: 111616K(111616K)->111616K(111616K) From: 69952K(111104K)->69952K(111104K)
[639.880s][info][gc,heap        ] GC(2008) ParOldGen: 600653K(667648K)->667644K(667648K)
[639.880s][info][gc,metaspace   ] GC(2008) Metaspace: 18972K(19072K)->18972K(19072K) NonClass: 17143K(17216K)->17143K(17216K) Class: 1829K(1856K)->1829K(1856K)
[639.880s][info][gc             ] GC(2008) Pause Young (Allocation Failure) 763M->829M(869M) 89.264ms
[639.880s][info][gc,cpu         ] GC(2008) User=0.14s Sys=0.03s Real=0.09s
[639.880s][info][gc,start       ] GC(2009) Pause Full (Allocation Failure)
[639.880s][info][gc,phases,start] GC(2009) Marking Phase
[640.230s][info][gc,phases      ] GC(2009) Marking Phase 349.951ms
[640.230s][info][gc,phases,start] GC(2009) Summary Phase
[640.230s][info][gc,phases      ] GC(2009) Summary Phase 0.032ms
[640.230s][info][gc,phases,start] GC(2009) Forward
[640.354s][info][gc,phases      ] GC(2009) Forward 123.704ms
[640.354s][info][gc,phases,start] GC(2009) Adjust Pointers
[640.657s][info][gc,phases      ] GC(2009) Adjust Pointers 303.110ms
[640.657s][info][gc,phases,start] GC(2009) Compaction Phase
[640.840s][info][gc,phases      ] GC(2009) Compaction Phase 182.612ms
[640.848s][info][gc,phases,start] GC(2009) Post Compact
[640.850s][info][gc,phases      ] GC(2009) Post Compact 2.559ms
[640.850s][info][gc,heap        ] GC(2009) PSYoungGen: 181568K(222720K)->0K(222720K) Eden: 111616K(111616K)->0K(111616K) From: 69952K(111104K)->0K(111104K)
[640.850s][info][gc,heap        ] GC(2009) ParOldGen: 667644K(667648K)->495577K(667648K)
[640.850s][info][gc,metaspace   ] GC(2009) Metaspace: 18972K(19072K)->18972K(19072K) NonClass: 17143K(17216K)->17143K(17216K) Class: 1829K(1856K)->1829K(1856K)
[640.850s][info][gc             ] GC(2009) Pause Full (Allocation Failure) 829M->483M(869M) 970.287ms
[640.850s][info][gc,cpu         ] GC(2009) User=1.82s Sys=0.01s Real=0.97s
[641.052s][info][gc,start       ] GC(2010) Pause Young (Allocation Failure)
[641.093s][info][gc,heap        ] GC(2010) PSYoungGen: 111616K(222720K)->16224K(222720K) Eden: 111616K(111616K)->0K(111616K) From: 0K(111104K)->16224K(111104K)
[641.093s][info][gc,heap        ] GC(2010) ParOldGen: 495577K(667648K)->495577K(667648K)
[641.093s][info][gc,metaspace   ] GC(2010) Metaspace: 18972K(19072K)->18972K(19072K) NonClass: 17143K(17216K)->17143K(17216K) Class: 1829K(1856K)->1829K(1856K)
[641.093s][info][gc             ] GC(2010) Pause Young (Allocation Failure) 592M->499M(869M) 41.315ms
[641.093s][info][gc,cpu         ] GC(2010) User=0.08s Sys=0.00s Real=0.05s
[641.238s][info][gc,start       ] GC(2011) Pause Young (Allocation Failure)
[641.271s][info][gc,heap        ] GC(2011) PSYoungGen: 127840K(222720K)->3040K(222720K) Eden: 111616K(111616K)->0K(111616K) From: 16224K(111104K)->3040K(111104K)
[641.271s][info][gc,heap        ] GC(2011) ParOldGen: 495577K(667648K)->511801K(667648K)
[641.271s][info][gc,metaspace   ] GC(2011) Metaspace: 18972K(19072K)->18972K(19072K) NonClass: 17143K(17216K)->17143K(17216K) Class: 1829K(1856K)->1829K(1856K)
[641.271s][info][gc             ] GC(2011) Pause Young (Allocation Failure) 608M->502M(869M) 33.149ms
[641.271s][info][gc,cpu         ] GC(2011) User=0.06s Sys=0.00s Real=0.03s
[641.421s][info][gc,start       ] GC(2012) Pause Young (Allocation Failure)
[641.426s][info][gc,heap        ] GC(2012) PSYoungGen: 114656K(222720K)->32K(222720K) Eden: 111616K(111616K)->0K(111616K) From: 3040K(111104K)->32K(111104K)
[641.426s][info][gc,heap        ] GC(2012) ParOldGen: 511801K(667648K)->514809K(667648K)
[641.426s][info][gc,metaspace   ] GC(2012) Metaspace: 18972K(19072K)->18972K(19072K) NonClass: 17143K(17216K)->17143K(17216K) Class: 1829K(1856K)->1829K(1856K)
[641.426s][info][gc             ] GC(2012) Pause Young (Allocation Failure) 611M->502M(869M) 5.242ms
[641.426s][info][gc,cpu         ] GC(2012) User=0.01s Sys=0.00s Real=0.01s
[641.581s][info][gc,start       ] GC(2013) Pause Young (Allocation Failure)
[641.583s][info][gc,heap        ] GC(2013) PSYoungGen: 111648K(222720K)->64K(222720K) Eden: 111616K(111616K)->0K(111616K) From: 32K(111104K)->64K(111104K)
[641.583s][info][gc,heap        ] GC(2013) ParOldGen: 514809K(667648K)->514809K(667648K)
[641.583s][info][gc,metaspace   ] GC(2013) Metaspace: 18972K(19072K)->18972K(19072K) NonClass: 17143K(17216K)->17143K(17216K) Class: 1829K(1856K)->1829K(1856K)
[641.583s][info][gc             ] GC(2013) Pause Young (Allocation Failure) 611M->502M(869M) 1.808ms
[641.583s][info][gc,cpu         ] GC(2013) User=0.00s Sys=0.00s Real=0.01s
[641.752s][info][gc,start       ] GC(2014) Pause Young (Allocation Failure)
[641.754s][info][gc,heap        ] GC(2014) PSYoungGen: 111680K(222720K)->64K(222720K) Eden: 111616K(111616K)->0K(111616K) From: 64K(111104K)->64K(111104K)
[641.754s][info][gc,heap        ] GC(2014) ParOldGen: 514809K(667648K)->514809K(667648K)
[641.754s][info][gc,metaspace   ] GC(2014) Metaspace: 18972K(19072K)->18972K(19072K) NonClass: 17143K(17216K)->17143K(17216K) Class: 1829K(1856K)->1829K(1856K)
[641.754s][info][gc             ] GC(2014) Pause Young (Allocation Failure) 611M->502M(869M) 1.881ms
[641.754s][info][gc,cpu         ] GC(2014) User=0.01s Sys=0.00s Real=0.01s
[641.904s][info][gc,start       ] GC(2015) Pause Young (Allocation Failure)
[641.906s][info][gc,heap        ] GC(2015) PSYoungGen: 111680K(222720K)->64K(222720K) Eden: 111616K(111616K)->0K(111616K) From: 64K(111104K)->64K(111104K)
[641.906s][info][gc,heap        ] GC(2015) ParOldGen: 514809K(667648K)->514809K(667648K)
[641.906s][info][gc,metaspace   ] GC(2015) Metaspace: 18972K(19072K)->18972K(19072K) NonClass: 17143K(17216K)->17143K(17216K) Class: 1829K(1856K)->1829K(1856K)
[641.906s][info][gc             ] GC(2015) Pause Young (Allocation Failure) 611M->502M(869M) 1.863ms
[641.906s][info][gc,cpu         ] GC(2015) User=0.00s Sys=0.00s Real=0.00s
[642.061s][info][gc,start       ] GC(2016) Pause Young (Allocation Failure)
[642.063s][info][gc,heap        ] GC(2016) PSYoungGen: 111680K(222720K)->64K(222720K) Eden: 111616K(111616K)->0K(111616K) From: 64K(111104K)->64K(111104K)
[642.063s][info][gc,heap        ] GC(2016) ParOldGen: 514809K(667648K)->514809K(667648K)
[642.063s][info][gc,metaspace   ] GC(2016) Metaspace: 18972K(19072K)->18972K(19072K) NonClass: 17143K(17216K)->17143K(17216K) Class: 1829K(1856K)->1829K(1856K)
[642.063s][info][gc             ] GC(2016) Pause Young (Allocation Failure) 611M->502M(869M) 1.812ms
[642.063s][info][gc,cpu         ] GC(2016) User=0.00s Sys=0.00s Real=0.01s
[642.217s][info][gc,start       ] GC(2017) Pause Young (Allocation Failure)
[642.218s][info][gc,heap        ] GC(2017) PSYoungGen: 111680K(222720K)->64K(215552K) Eden: 111616K(111616K)->0K(111616K) From: 64K(111104K)->64K(103936K)
[642.219s][info][gc,heap        ] GC(2017) ParOldGen: 514809K(667648K)->514809K(667648K)
[642.219s][info][gc,metaspace   ] GC(2017) Metaspace: 18972K(19072K)->18972K(19072K) NonClass: 17143K(17216K)->17143K(17216K) Class: 1829K(1856K)->1829K(1856K)
[642.219s][info][gc             ] GC(2017) Pause Young (Allocation Failure) 611M->502M(862M) 1.937ms
[642.219s][info][gc,cpu         ] GC(2017) User=0.01s Sys=0.00s Real=0.00s
[642.374s][info][gc,start       ] GC(2018) Pause Young (Allocation Failure)
[642.376s][info][gc,heap        ] GC(2018) PSYoungGen: 111680K(215552K)->64K(112128K) Eden: 111616K(111616K)->0K(111616K) From: 64K(103936K)->64K(512K)
[642.376s][info][gc,heap        ] GC(2018) ParOldGen: 514809K(667648K)->514809K(667648K)
[642.376s][info][gc,metaspace   ] GC(2018) Metaspace: 18972K(19072K)->18972K(19072K) NonClass: 17143K(17216K)->17143K(17216K) Class: 1829K(1856K)->1829K(1856K)
[642.376s][info][gc             ] GC(2018) Pause Young (Allocation Failure) 611M->502M(761M) 1.899ms
[642.376s][info][gc,cpu         ] GC(2018) User=0.00s Sys=0.00s Real=0.00s
[642.532s][info][gc,start       ] GC(2019) Pause Young (Allocation Failure)
[642.535s][info][gc,heap        ] GC(2019) PSYoungGen: 111680K(112128K)->32K(206848K) Eden: 111616K(111616K)->0K(115200K) From: 64K(512K)->32K(91648K)
[642.535s][info][gc,heap        ] GC(2019) ParOldGen: 514809K(667648K)->514809K(667648K)
[642.535s][info][gc,metaspace   ] GC(2019) Metaspace: 18972K(19072K)->18972K(19072K) NonClass: 17143K(17216K)->17143K(17216K) Class: 1829K(1856K)->1829K(1856K)
[642.535s][info][gc             ] GC(2019) Pause Young (Allocation Failure) 611M->502M(854M) 2.761ms
[642.535s][info][gc,cpu         ] GC(2019) User=0.00s Sys=0.00s Real=0.00s
[642.726s][info][gc,start       ] GC(2020) Pause Young (Allocation Failure)
[642.728s][info][gc,heap        ] GC(2020) PSYoungGen: 115232K(206848K)->64K(115712K) Eden: 115200K(115200K)->0K(115200K) From: 32K(91648K)->64K(512K)
[642.728s][info][gc,heap        ] GC(2020) ParOldGen: 514809K(667648K)->514809K(667648K)
[642.728s][info][gc,metaspace   ] GC(2020) Metaspace: 18972K(19072K)->18972K(19072K) NonClass: 17143K(17216K)->17143K(17216K) Class: 1829K(1856K)->1829K(1856K)
[642.728s][info][gc             ] GC(2020) Pause Young (Allocation Failure) 615M->502M(765M) 2.674ms
[642.728s][info][gc,cpu         ] GC(2020) User=0.00s Sys=0.01s Real=0.00s
[642.897s][info][gc,start       ] GC(2021) Pause Young (Allocation Failure)
[642.904s][info][gc,heap        ] GC(2021) PSYoungGen: 115264K(115712K)->2016K(200192K) Eden: 115200K(115200K)->0K(118272K) From: 64K(512K)->2016K(81920K)
[642.904s][info][gc,heap        ] GC(2021) ParOldGen: 514809K(667648K)->514809K(667648K)
[642.904s][info][gc,metaspace   ] GC(2021) Metaspace: 18972K(19072K)->18972K(19072K) NonClass: 17143K(17216K)->17143K(17216K) Class: 1829K(1856K)->1829K(1856K)
[642.904s][info][gc             ] GC(2021) Pause Young (Allocation Failure) 615M->504M(847M) 6.576ms
[642.904s][info][gc,cpu         ] GC(2021) User=0.01s Sys=0.00s Real=0.01s
[643.027s][info][gc,start       ] GC(2022) Pause Young (Allocation Failure)
[643.058s][info][gc,heap        ] GC(2022) PSYoungGen: 120288K(200192K)->20672K(205312K) Eden: 118272K(118272K)->0K(118272K) From: 2016K(81920K)->20672K(87040K)
[643.058s][info][gc,heap        ] GC(2022) ParOldGen: 514809K(667648K)->514809K(667648K)
[643.058s][info][gc,metaspace   ] GC(2022) Metaspace: 18972K(19072K)->18972K(19072K) NonClass: 17143K(17216K)->17143K(17216K) Class: 1829K(1856K)->1829K(1856K)
[643.058s][info][gc             ] GC(2022) Pause Young (Allocation Failure) 620M->522M(852M) 31.110ms
[643.058s][info][gc,cpu         ] GC(2022) User=0.06s Sys=0.00s Real=0.03s
[643.190s][info][gc,start       ] GC(2023) Pause Young (Allocation Failure)
[643.228s][info][gc,heap        ] GC(2023) PSYoungGen: 138944K(205312K)->33728K(206336K) Eden: 118272K(118272K)->0K(124416K) From: 20672K(87040K)->33728K(81920K)
[643.229s][info][gc,heap        ] GC(2023) ParOldGen: 514809K(667648K)->514809K(667648K)
[643.229s][info][gc,metaspace   ] GC(2023) Metaspace: 18972K(19072K)->18972K(19072K) NonClass: 17143K(17216K)->17143K(17216K) Class: 1829K(1856K)->1829K(1856K)
[643.229s][info][gc             ] GC(2023) Pause Young (Allocation Failure) 638M->535M(853M) 38.643ms
[643.229s][info][gc,cpu         ] GC(2023) User=0.08s Sys=0.00s Real=0.04s
[643.312s][info][gc,start       ] GC(2024) Pause Young (Allocation Failure)
[643.353s][info][gc,heap        ] GC(2024) PSYoungGen: 158144K(206336K)->37888K(206848K) Eden: 124416K(124416K)->0K(124416K) From: 33728K(81920K)->37888K(82432K)
[643.353s][info][gc,heap        ] GC(2024) ParOldGen: 514809K(667648K)->514809K(667648K)
[643.353s][info][gc,metaspace   ] GC(2024) Metaspace: 18972K(19072K)->18972K(19072K) NonClass: 17143K(17216K)->17143K(17216K) Class: 1829K(1856K)->1829K(1856K)
[643.353s][info][gc             ] GC(2024) Pause Young (Allocation Failure) 657M->539M(854M) 40.886ms
[643.353s][info][gc,cpu         ] GC(2024) User=0.08s Sys=0.00s Real=0.05s
[643.473s][info][gc,start       ] GC(2025) Pause Young (Allocation Failure)
[643.515s][info][gc,heap        ] GC(2025) PSYoungGen: 162304K(206848K)->39104K(218112K) Eden: 124416K(124416K)->0K(134656K) From: 37888K(82432K)->39104K(83456K)
[643.515s][info][gc,heap        ] GC(2025) ParOldGen: 514809K(667648K)->514809K(667648K)
[643.515s][info][gc,metaspace   ] GC(2025) Metaspace: 18972K(19072K)->18972K(19072K) NonClass: 17143K(17216K)->17143K(17216K) Class: 1829K(1856K)->1829K(1856K)
[643.515s][info][gc             ] GC(2025) Pause Young (Allocation Failure) 661M->540M(865M) 42.622ms
[643.515s][info][gc,cpu         ] GC(2025) User=0.09s Sys=0.00s Real=0.04s
[643.629s][info][gc,start       ] GC(2026) Pause Young (Allocation Failure)
[643.690s][info][gc,heap        ] GC(2026) PSYoungGen: 173760K(218112K)->55392K(219136K) Eden: 134656K(134656K)->0K(134656K) From: 39104K(83456K)->55392K(84480K)
[643.690s][info][gc,heap        ] GC(2026) ParOldGen: 514809K(667648K)->514809K(667648K)
[643.690s][info][gc,metaspace   ] GC(2026) Metaspace: 18972K(19072K)->18972K(19072K) NonClass: 17143K(17216K)->17143K(17216K) Class: 1829K(1856K)->1829K(1856K)
[643.690s][info][gc             ] GC(2026) Pause Young (Allocation Failure) 672M->556M(866M) 61.192ms
[643.690s][info][gc,cpu         ] GC(2026) User=0.12s Sys=0.00s Real=0.06s
[643.794s][info][gc,start       ] GC(2027) Pause Young (Allocation Failure)
[643.876s][info][gc,heap        ] GC(2027) PSYoungGen: 190048K(219136K)->67232K(224256K) Eden: 134656K(134656K)->0K(133120K) From: 55392K(84480K)->67232K(91136K)
[643.876s][info][gc,heap        ] GC(2027) ParOldGen: 514809K(667648K)->514809K(667648K)
[643.876s][info][gc,metaspace   ] GC(2027) Metaspace: 18972K(19072K)->18972K(19072K) NonClass: 17143K(17216K)->17143K(17216K) Class: 1829K(1856K)->1829K(1856K)
[643.876s][info][gc             ] GC(2027) Pause Young (Allocation Failure) 688M->568M(871M) 82.089ms
[643.876s][info][gc,cpu         ] GC(2027) User=0.15s Sys=0.01s Real=0.08s
[643.970s][info][gc,start       ] GC(2028) Pause Young (Allocation Failure)
[644.058s][info][gc,heap        ] GC(2028) PSYoungGen: 200352K(224256K)->78464K(211968K) Eden: 133120K(133120K)->0K(133120K) From: 67232K(91136K)->78464K(78848K)
[644.058s][info][gc,heap        ] GC(2028) ParOldGen: 514809K(667648K)->516809K(667648K)
[644.058s][info][gc,metaspace   ] GC(2028) Metaspace: 18972K(19072K)->18972K(19072K) NonClass: 17143K(17216K)->17143K(17216K) Class: 1829K(1856K)->1829K(1856K)
[644.058s][info][gc             ] GC(2028) Pause Young (Allocation Failure) 698M->581M(859M) 87.845ms
[644.058s][info][gc,cpu         ] GC(2028) User=0.18s Sys=0.00s Real=0.09s
[644.133s][info][gc,start       ] GC(2029) Pause Young (Allocation Failure)
[644.249s][info][gc,heap        ] GC(2029) PSYoungGen: 211584K(211968K)->56128K(222720K) Eden: 133120K(133120K)->0K(111616K) From: 78464K(78848K)->56128K(111104K)
[644.249s][info][gc,heap        ] GC(2029) ParOldGen: 516809K(667648K)->548609K(667648K)
[644.249s][info][gc,metaspace   ] GC(2029) Metaspace: 18972K(19072K)->18972K(19072K) NonClass: 17143K(17216K)->17143K(17216K) Class: 1829K(1856K)->1829K(1856K)
[644.249s][info][gc             ] GC(2029) Pause Young (Allocation Failure) 711M->590M(869M) 115.521ms
[644.249s][info][gc,cpu         ] GC(2029) User=0.22s Sys=0.00s Real=0.11s
[644.362s][info][gc,start       ] GC(2030) Pause Young (Allocation Failure)
[644.446s][info][gc,heap        ] GC(2030) PSYoungGen: 167744K(222720K)->62960K(222720K) Eden: 111616K(111616K)->0K(111616K) From: 56128K(111104K)->62960K(111104K)
[644.446s][info][gc,heap        ] GC(2030) ParOldGen: 548609K(667648K)->554049K(667648K)
[644.446s][info][gc,metaspace   ] GC(2030) Metaspace: 18972K(19072K)->18972K(19072K) NonClass: 17143K(17216K)->17143K(17216K) Class: 1829K(1856K)->1829K(1856K)
[644.446s][info][gc             ] GC(2030) Pause Young (Allocation Failure) 699M->602M(869M) 84.160ms
[644.446s][info][gc,cpu         ] GC(2030) User=0.16s Sys=0.00s Real=0.09s
[644.543s][info][gc,start       ] GC(2031) Pause Young (Allocation Failure)
[644.624s][info][gc,heap        ] GC(2031) PSYoungGen: 174576K(222720K)->40112K(215552K) Eden: 111616K(111616K)->0K(111616K) From: 62960K(111104K)->40112K(103936K)
[644.624s][info][gc,heap        ] GC(2031) ParOldGen: 554049K(667648K)->582233K(667648K)
[644.624s][info][gc,metaspace   ] GC(2031) Metaspace: 18972K(19072K)->18972K(19072K) NonClass: 17143K(17216K)->17143K(17216K) Class: 1829K(1856K)->1829K(1856K)
[644.624s][info][gc             ] GC(2031) Pause Young (Allocation Failure) 711M->607M(862M) 81.080ms
[644.624s][info][gc,cpu         ] GC(2031) User=0.16s Sys=0.00s Real=0.08s
[644.761s][info][gc,start       ] GC(2032) Pause Young (Allocation Failure)
[644.808s][info][gc,heap        ] GC(2032) PSYoungGen: 151728K(215552K)->21200K(219136K) Eden: 111616K(111616K)->0K(111616K) From: 40112K(103936K)->21200K(107520K)
[644.809s][info][gc,heap        ] GC(2032) ParOldGen: 582233K(667648K)->604913K(667648K)
[644.809s][info][gc,metaspace   ] GC(2032) Metaspace: 18972K(19072K)->18972K(19072K) NonClass: 17143K(17216K)->17143K(17216K) Class: 1829K(1856K)->1829K(1856K)
[644.809s][info][gc             ] GC(2032) Pause Young (Allocation Failure) 716M->611M(866M) 48.017ms
[644.809s][info][gc,cpu         ] GC(2032) User=0.09s Sys=0.00s Real=0.05s
[644.964s][info][gc,start       ] GC(2033) Pause Young (Allocation Failure)
[644.999s][info][gc,heap        ] GC(2033) PSYoungGen: 132816K(219136K)->12576K(221184K) Eden: 111616K(111616K)->0K(122368K) From: 21200K(107520K)->12576K(98816K)
[644.999s][info][gc,heap        ] GC(2033) ParOldGen: 604913K(667648K)->622465K(667648K)
[644.999s][info][gc,metaspace   ] GC(2033) Metaspace: 18972K(19072K)->18972K(19072K) NonClass: 17143K(17216K)->17143K(17216K) Class: 1829K(1856K)->1829K(1856K)
[644.999s][info][gc             ] GC(2033) Pause Young (Allocation Failure) 720M->620M(868M) 34.749ms
[644.999s][info][gc,cpu         ] GC(2033) User=0.07s Sys=0.00s Real=0.03s
[645.191s][info][gc,start       ] GC(2034) Pause Full (Allocation Failure)
[645.191s][info][gc,phases,start] GC(2034) Marking Phase
[645.691s][info][gc,phases      ] GC(2034) Marking Phase 500.216ms
[645.691s][info][gc,phases,start] GC(2034) Summary Phase
[645.691s][info][gc,phases      ] GC(2034) Summary Phase 0.030ms
[645.691s][info][gc,phases,start] GC(2034) Forward
[645.730s][info][gc,phases      ] GC(2034) Forward 38.643ms
[645.730s][info][gc,phases,start] GC(2034) Adjust Pointers
[646.112s][info][gc,phases      ] GC(2034) Adjust Pointers 382.142ms
[646.112s][info][gc,phases,start] GC(2034) Compaction Phase
[646.292s][info][gc,phases      ] GC(2034) Compaction Phase 179.891ms
[646.292s][info][gc,phases,start] GC(2034) Post Compact
[646.294s][info][gc,phases      ] GC(2034) Post Compact 2.243ms
[646.294s][info][gc,heap        ] GC(2034) PSYoungGen: 134944K(221184K)->0K(223744K) Eden: 122368K(122368K)->0K(122368K) From: 12576K(98816K)->0K(101376K)
[646.294s][info][gc,heap        ] GC(2034) ParOldGen: 622465K(667648K)->650808K(667648K)
[646.294s][info][gc,metaspace   ] GC(2034) Metaspace: 18972K(19072K)->18972K(19072K) NonClass: 17143K(17216K)->17143K(17216K) Class: 1829K(1856K)->1829K(1856K)
[646.294s][info][gc             ] GC(2034) Pause Full (Allocation Failure) 739M->635M(870M) 1103.766ms
[646.294s][info][gc,cpu         ] GC(2034) User=2.15s Sys=0.00s Real=1.11s
[646.813s][info][gc,start       ] GC(2035) Pause Full (Allocation Failure)
[646.813s][info][gc,phases,start] GC(2035) Marking Phase
[647.316s][info][gc,phases      ] GC(2035) Marking Phase 503.167ms
[647.316s][info][gc,phases,start] GC(2035) Summary Phase
[647.316s][info][gc,phases      ] GC(2035) Summary Phase 0.031ms
[647.316s][info][gc,phases,start] GC(2035) Forward
[647.319s][info][gc,phases      ] GC(2035) Forward 3.385ms
[647.319s][info][gc,phases,start] GC(2035) Adjust Pointers
[647.660s][info][gc,phases      ] GC(2035) Adjust Pointers 340.796ms
[647.660s][info][gc,phases,start] GC(2035) Compaction Phase
[647.795s][info][gc,phases      ] GC(2035) Compaction Phase 135.130ms
[647.795s][info][gc,phases,start] GC(2035) Post Compact
[647.798s][info][gc,phases      ] GC(2035) Post Compact 2.270ms
[647.798s][info][gc,heap        ] GC(2035) PSYoungGen: 122368K(223744K)->0K(232448K) Eden: 122368K(122368K)->0K(131072K) From: 0K(101376K)->0K(101376K)
[647.798s][info][gc,heap        ] GC(2035) ParOldGen: 650808K(667648K)->650922K(667648K)
[647.798s][info][gc,metaspace   ] GC(2035) Metaspace: 18972K(19072K)->18972K(19072K) NonClass: 17143K(17216K)->17143K(17216K) Class: 1829K(1856K)->1829K(1856K)
[647.798s][info][gc             ] GC(2035) Pause Full (Allocation Failure) 755M->635M(879M) 985.305ms
[647.798s][info][gc,cpu         ] GC(2035) User=1.93s Sys=0.01s Real=0.98s
[648.161s][info][gc,start       ] GC(2036) Pause Full (Allocation Failure)
[648.161s][info][gc,phases,start] GC(2036) Marking Phase
[648.680s][info][gc,phases      ] GC(2036) Marking Phase 518.812ms
[648.680s][info][gc,phases,start] GC(2036) Summary Phase
[648.680s][info][gc,phases      ] GC(2036) Summary Phase 0.028ms
[648.680s][info][gc,phases,start] GC(2036) Forward
[648.680s][info][gc,phases      ] GC(2036) Forward 0.400ms
[648.680s][info][gc,phases,start] GC(2036) Adjust Pointers
[649.054s][info][gc,phases      ] GC(2036) Adjust Pointers 373.754ms
[649.054s][info][gc,phases,start] GC(2036) Compaction Phase
[649.192s][info][gc,phases      ] GC(2036) Compaction Phase 138.274ms
[649.193s][info][gc,phases,start] GC(2036) Post Compact
[649.195s][info][gc,phases      ] GC(2036) Post Compact 2.248ms
[649.195s][info][gc,heap        ] GC(2036) PSYoungGen: 131072K(232448K)->0K(232448K) Eden: 131072K(131072K)->0K(131072K) From: 0K(101376K)->0K(101376K)
[649.195s][info][gc,heap        ] GC(2036) ParOldGen: 650922K(667648K)->650885K(667648K)
[649.195s][info][gc,metaspace   ] GC(2036) Metaspace: 18972K(19072K)->18972K(19072K) NonClass: 17143K(17216K)->17143K(17216K) Class: 1829K(1856K)->1829K(1856K)
[649.195s][info][gc             ] GC(2036) Pause Full (Allocation Failure) 763M->635M(879M) 1033.979ms
[649.195s][info][gc,cpu         ] GC(2036) User=2.02s Sys=0.00s Real=1.04s
[649.552s][info][gc,start       ] GC(2037) Pause Full (Allocation Failure)
[649.552s][info][gc,phases,start] GC(2037) Marking Phase
[650.150s][info][gc,phases      ] GC(2037) Marking Phase 597.710ms
[650.150s][info][gc,phases,start] GC(2037) Summary Phase
[650.150s][info][gc,phases      ] GC(2037) Summary Phase 0.028ms
[650.150s][info][gc,phases,start] GC(2037) Forward
[650.150s][info][gc,phases      ] GC(2037) Forward 0.272ms
[650.150s][info][gc,phases,start] GC(2037) Adjust Pointers
[650.509s][info][gc,phases      ] GC(2037) Adjust Pointers 358.477ms
[650.509s][info][gc,phases,start] GC(2037) Compaction Phase
[650.660s][info][gc,phases      ] GC(2037) Compaction Phase 150.656ms
[650.660s][info][gc,phases,start] GC(2037) Post Compact
[650.662s][info][gc,phases      ] GC(2037) Post Compact 2.267ms
[650.662s][info][gc,heap        ] GC(2037) PSYoungGen: 131072K(232448K)->0K(232448K) Eden: 131072K(131072K)->0K(131072K) From: 0K(101376K)->0K(101376K)
[650.662s][info][gc,heap        ] GC(2037) ParOldGen: 650885K(667648K)->650888K(667648K)
[650.662s][info][gc,metaspace   ] GC(2037) Metaspace: 18972K(19072K)->18972K(19072K) NonClass: 17143K(17216K)->17143K(17216K) Class: 1829K(1856K)->1829K(1856K)
[650.662s][info][gc             ] GC(2037) Pause Full (Allocation Failure) 763M->635M(879M) 1109.816ms
[650.662s][info][gc,cpu         ] GC(2037) User=2.16s Sys=0.00s Real=1.11s
[651.017s][info][gc,start       ] GC(2038) Pause Full (Allocation Failure)
[651.018s][info][gc,phases,start] GC(2038) Marking Phase
[651.552s][info][gc,phases      ] GC(2038) Marking Phase 534.776ms
[651.552s][info][gc,phases,start] GC(2038) Summary Phase
[651.552s][info][gc,phases      ] GC(2038) Summary Phase 0.028ms
[651.552s][info][gc,phases,start] GC(2038) Forward
[651.553s][info][gc,phases      ] GC(2038) Forward 0.311ms
[651.553s][info][gc,phases,start] GC(2038) Adjust Pointers
[651.891s][info][gc,phases      ] GC(2038) Adjust Pointers 337.770ms
[651.891s][info][gc,phases,start] GC(2038) Compaction Phase
[652.027s][info][gc,phases      ] GC(2038) Compaction Phase 136.033ms
[652.027s][info][gc,phases,start] GC(2038) Post Compact
[652.029s][info][gc,phases      ] GC(2038) Post Compact 2.347ms
[652.029s][info][gc,heap        ] GC(2038) PSYoungGen: 131072K(232448K)->0K(232448K) Eden: 131072K(131072K)->0K(131072K) From: 0K(101376K)->0K(101376K)
[652.029s][info][gc,heap        ] GC(2038) ParOldGen: 650888K(667648K)->650891K(667648K)
[652.029s][info][gc,metaspace   ] GC(2038) Metaspace: 18972K(19072K)->18972K(19072K) NonClass: 17143K(17216K)->17143K(17216K) Class: 1829K(1856K)->1829K(1856K)
[652.029s][info][gc             ] GC(2038) Pause Full (Allocation Failure) 763M->635M(879M) 1011.724ms
[652.029s][info][gc,cpu         ] GC(2038) User=1.99s Sys=0.00s Real=1.01s
[652.354s][info][gc,start       ] GC(2039) Pause Full (Allocation Failure)
[652.354s][info][gc,phases,start] GC(2039) Marking Phase
[652.852s][info][gc,phases      ] GC(2039) Marking Phase 498.106ms
[652.852s][info][gc,phases,start] GC(2039) Summary Phase
[652.852s][info][gc,phases      ] GC(2039) Summary Phase 0.028ms
[652.852s][info][gc,phases,start] GC(2039) Forward
[652.853s][info][gc,phases      ] GC(2039) Forward 0.363ms
[652.853s][info][gc,phases,start] GC(2039) Adjust Pointers
[653.226s][info][gc,phases      ] GC(2039) Adjust Pointers 373.543ms
[653.226s][info][gc,phases,start] GC(2039) Compaction Phase
[653.365s][info][gc,phases      ] GC(2039) Compaction Phase 138.689ms
[653.365s][info][gc,phases,start] GC(2039) Post Compact
[653.367s][info][gc,phases      ] GC(2039) Post Compact 2.283ms
[653.367s][info][gc,heap        ] GC(2039) PSYoungGen: 131072K(232448K)->0K(232448K) Eden: 131072K(131072K)->0K(131072K) From: 0K(101376K)->0K(101376K)
[653.368s][info][gc,heap        ] GC(2039) ParOldGen: 650891K(667648K)->650895K(667648K)
[653.368s][info][gc,metaspace   ] GC(2039) Metaspace: 18972K(19072K)->18972K(19072K) NonClass: 17143K(17216K)->17143K(17216K) Class: 1829K(1856K)->1829K(1856K)
[653.368s][info][gc             ] GC(2039) Pause Full (Allocation Failure) 763M->635M(879M) 1013.448ms
[653.368s][info][gc,cpu         ] GC(2039) User=1.98s Sys=0.01s Real=1.01s
[653.700s][info][gc,start       ] GC(2040) Pause Full (Allocation Failure)
[653.700s][info][gc,phases,start] GC(2040) Marking Phase
[654.228s][info][gc,phases      ] GC(2040) Marking Phase 528.441ms
[654.228s][info][gc,phases,start] GC(2040) Summary Phase
[654.229s][info][gc,phases      ] GC(2040) Summary Phase 0.027ms
[654.229s][info][gc,phases,start] GC(2040) Forward
[654.229s][info][gc,phases      ] GC(2040) Forward 0.807ms
[654.229s][info][gc,phases,start] GC(2040) Adjust Pointers
[654.577s][info][gc,phases      ] GC(2040) Adjust Pointers 347.240ms
[654.577s][info][gc,phases,start] GC(2040) Compaction Phase
[654.714s][info][gc,phases      ] GC(2040) Compaction Phase 137.591ms
[654.714s][info][gc,phases,start] GC(2040) Post Compact
[654.717s][info][gc,phases      ] GC(2040) Post Compact 2.286ms
[654.717s][info][gc,heap        ] GC(2040) PSYoungGen: 131072K(232448K)->0K(232448K) Eden: 131072K(131072K)->0K(131072K) From: 0K(101376K)->0K(101376K)
[654.717s][info][gc,heap        ] GC(2040) ParOldGen: 650895K(667648K)->651251K(667648K)
[654.717s][info][gc,metaspace   ] GC(2040) Metaspace: 18972K(19072K)->18972K(19072K) NonClass: 17143K(17216K)->17143K(17216K) Class: 1829K(1856K)->1829K(1856K)
[654.717s][info][gc             ] GC(2040) Pause Full (Allocation Failure) 763M->635M(879M) 1016.816ms
[654.717s][info][gc,cpu         ] GC(2040) User=1.99s Sys=0.00s Real=1.02s
[655.037s][info][gc,start       ] GC(2041) Pause Full (Allocation Failure)
[655.037s][info][gc,phases,start] GC(2041) Marking Phase
[655.459s][info][gc,phases      ] GC(2041) Marking Phase 421.965ms
[655.459s][info][gc,phases,start] GC(2041) Summary Phase
[655.459s][info][gc,phases      ] GC(2041) Summary Phase 0.027ms
[655.459s][info][gc,phases,start] GC(2041) Forward
[655.549s][info][gc,phases      ] GC(2041) Forward 89.723ms
[655.549s][info][gc,phases,start] GC(2041) Adjust Pointers
[655.867s][info][gc,phases      ] GC(2041) Adjust Pointers 317.966ms
[655.867s][info][gc,phases,start] GC(2041) Compaction Phase
[656.030s][info][gc,phases      ] GC(2041) Compaction Phase 162.923ms
[656.037s][info][gc,phases,start] GC(2041) Post Compact
[656.039s][info][gc,phases      ] GC(2041) Post Compact 2.262ms
[656.039s][info][gc,heap        ] GC(2041) PSYoungGen: 131072K(232448K)->0K(232448K) Eden: 131072K(131072K)->0K(131072K) From: 0K(101376K)->0K(101376K)
[656.039s][info][gc,heap        ] GC(2041) ParOldGen: 651251K(667648K)->556116K(667648K)
[656.039s][info][gc,metaspace   ] GC(2041) Metaspace: 18972K(19072K)->18972K(19072K) NonClass: 17143K(17216K)->17143K(17216K) Class: 1829K(1856K)->1829K(1856K)
[656.039s][info][gc             ] GC(2041) Pause Full (Allocation Failure) 763M->543M(879M) 1002.707ms
[656.039s][info][gc,cpu         ] GC(2041) User=1.91s Sys=0.00s Real=1.00s
[656.345s][info][gc,start       ] GC(2042) Pause Young (Allocation Failure)
[656.351s][info][gc,heap        ] GC(2042) PSYoungGen: 131072K(232448K)->5280K(136704K) Eden: 131072K(131072K)->0K(131072K) From: 0K(101376K)->5280K(5632K)
[656.351s][info][gc,heap        ] GC(2042) ParOldGen: 556116K(667648K)->556116K(667648K)
[656.351s][info][gc,metaspace   ] GC(2042) Metaspace: 18972K(19072K)->18972K(19072K) NonClass: 17143K(17216K)->17143K(17216K) Class: 1829K(1856K)->1829K(1856K)
[656.351s][info][gc             ] GC(2042) Pause Young (Allocation Failure) 671M->548M(785M) 6.585ms
[656.351s][info][gc,cpu         ] GC(2042) User=0.01s Sys=0.00s Real=0.00s
[656.421s][info][gc,start       ] GC(2043) Pause Young (Allocation Failure)
[656.459s][info][gc,heap        ] GC(2043) PSYoungGen: 136352K(136704K)->50080K(229888K) Eden: 131072K(131072K)->0K(130560K) From: 5280K(5632K)->50080K(99328K)
[656.459s][info][gc,heap        ] GC(2043) ParOldGen: 556116K(667648K)->556116K(667648K)
[656.459s][info][gc,metaspace   ] GC(2043) Metaspace: 18972K(19072K)->18972K(19072K) NonClass: 17143K(17216K)->17143K(17216K) Class: 1829K(1856K)->1829K(1856K)
[656.459s][info][gc             ] GC(2043) Pause Young (Allocation Failure) 676M->591M(876M) 38.312ms
[656.459s][info][gc,cpu         ] GC(2043) User=0.08s Sys=0.00s Real=0.04s
[656.626s][info][gc,start       ] GC(2044) Pause Young (Allocation Failure)
[656.686s][info][gc,heap        ] GC(2044) PSYoungGen: 180640K(229888K)->85536K(216576K) Eden: 130560K(130560K)->0K(130560K) From: 50080K(99328K)->85536K(86016K)
[656.686s][info][gc,heap        ] GC(2044) ParOldGen: 556116K(667648K)->556116K(667648K)
[656.686s][info][gc,metaspace   ] GC(2044) Metaspace: 18972K(19072K)->18972K(19072K) NonClass: 17143K(17216K)->17143K(17216K) Class: 1829K(1856K)->1829K(1856K)
[656.686s][info][gc             ] GC(2044) Pause Young (Allocation Failure) 719M->626M(863M) 59.377ms
[656.686s][info][gc,cpu         ] GC(2044) User=0.12s Sys=0.00s Real=0.06s
[656.743s][info][gc,start       ] GC(2045) Pause Young (Allocation Failure)
[656.827s][info][gc,heap        ] GC(2045) PSYoungGen: 216096K(216576K)->71376K(222720K) Eden: 130560K(130560K)->0K(111616K) From: 85536K(86016K)->71376K(111104K)
[656.827s][info][gc,heap        ] GC(2045) ParOldGen: 556116K(667648K)->606749K(667648K)
[656.827s][info][gc,metaspace   ] GC(2045) Metaspace: 18972K(19072K)->18972K(19072K) NonClass: 17143K(17216K)->17143K(17216K) Class: 1829K(1856K)->1829K(1856K)
[656.827s][info][gc             ] GC(2045) Pause Young (Allocation Failure) 754M->662M(869M) 83.700ms
[656.827s][info][gc,cpu         ] GC(2045) User=0.17s Sys=0.00s Real=0.08s
[656.872s][info][gc,start       ] GC(2046) Pause Young (Allocation Failure)
[656.945s][info][gc,promotion   ] GC(2046) Promotion failed
[656.945s][info][gc,heap        ] GC(2046) PSYoungGen: 182992K(222720K)->182992K(222720K) Eden: 111616K(111616K)->111616K(111616K) From: 71376K(111104K)->71376K(111104K)
[656.945s][info][gc,heap        ] GC(2046) ParOldGen: 606749K(667648K)->667644K(667648K)
[656.945s][info][gc,metaspace   ] GC(2046) Metaspace: 18972K(19072K)->18972K(19072K) NonClass: 17143K(17216K)->17143K(17216K) Class: 1829K(1856K)->1829K(1856K)
[656.946s][info][gc             ] GC(2046) Pause Young (Allocation Failure) 771M->830M(869M) 73.698ms
[656.946s][info][gc,cpu         ] GC(2046) User=0.14s Sys=0.00s Real=0.08s
[656.946s][info][gc,start       ] GC(2047) Pause Full (Allocation Failure)
[656.946s][info][gc,phases,start] GC(2047) Marking Phase
[657.311s][info][gc,phases      ] GC(2047) Marking Phase 365.766ms
[657.311s][info][gc,phases,start] GC(2047) Summary Phase
[657.311s][info][gc,phases      ] GC(2047) Summary Phase 0.031ms
[657.311s][info][gc,phases,start] GC(2047) Forward
[657.435s][info][gc,phases      ] GC(2047) Forward 123.796ms
[657.435s][info][gc,phases,start] GC(2047) Adjust Pointers
[657.722s][info][gc,phases      ] GC(2047) Adjust Pointers 286.651ms
[657.722s][info][gc,phases,start] GC(2047) Compaction Phase
[657.897s][info][gc,phases      ] GC(2047) Compaction Phase 175.302ms
[657.906s][info][gc,phases,start] GC(2047) Post Compact
[657.909s][info][gc,phases      ] GC(2047) Post Compact 2.562ms
[657.909s][info][gc,heap        ] GC(2047) PSYoungGen: 182992K(222720K)->0K(222720K) Eden: 111616K(111616K)->0K(111616K) From: 71376K(111104K)->0K(111104K)
[657.909s][info][gc,heap        ] GC(2047) ParOldGen: 667644K(667648K)->532110K(667648K)
[657.909s][info][gc,metaspace   ] GC(2047) Metaspace: 18972K(19072K)->18972K(19072K) NonClass: 17143K(17216K)->17143K(17216K) Class: 1829K(1856K)->1829K(1856K)
[657.909s][info][gc             ] GC(2047) Pause Full (Allocation Failure) 830M->519M(869M) 963.512ms
[657.909s][info][gc,cpu         ] GC(2047) User=1.81s Sys=0.00s Real=0.96s
[658.057s][info][gc,start       ] GC(2048) Pause Young (Allocation Failure)
[658.104s][info][gc,heap        ] GC(2048) PSYoungGen: 111616K(222720K)->28566K(222720K) Eden: 111616K(111616K)->0K(111616K) From: 0K(111104K)->28566K(111104K)
[658.104s][info][gc,heap        ] GC(2048) ParOldGen: 532110K(667648K)->532110K(667648K)
[658.104s][info][gc,metaspace   ] GC(2048) Metaspace: 18972K(19072K)->18972K(19072K) NonClass: 17143K(17216K)->17143K(17216K) Class: 1829K(1856K)->1829K(1856K)
[658.104s][info][gc             ] GC(2048) Pause Young (Allocation Failure) 628M->547M(869M) 46.878ms
[658.104s][info][gc,cpu         ] GC(2048) User=0.09s Sys=0.00s Real=0.05s
[658.224s][info][gc,start       ] GC(2049) Pause Young (Allocation Failure)
[658.267s][info][gc,heap        ] GC(2049) PSYoungGen: 140182K(222720K)->3104K(222720K) Eden: 111616K(111616K)->0K(111616K) From: 28566K(111104K)->3104K(111104K)
[658.267s][info][gc,heap        ] GC(2049) ParOldGen: 532110K(667648K)->560816K(667648K)
[658.267s][info][gc,metaspace   ] GC(2049) Metaspace: 18972K(19072K)->18972K(19072K) NonClass: 17143K(17216K)->17143K(17216K) Class: 1829K(1856K)->1829K(1856K)
[658.267s][info][gc             ] GC(2049) Pause Young (Allocation Failure) 656M->550M(869M) 43.202ms
[658.267s][info][gc,cpu         ] GC(2049) User=0.09s Sys=0.00s Real=0.04s
[658.388s][info][gc,start       ] GC(2050) Pause Young (Allocation Failure)
[658.394s][info][gc,heap        ] GC(2050) PSYoungGen: 114720K(222720K)->3200K(219648K) Eden: 111616K(111616K)->0K(111616K) From: 3104K(111104K)->3200K(108032K)
[658.394s][info][gc,heap        ] GC(2050) ParOldGen: 560816K(667648K)->560816K(667648K)
[658.394s][info][gc,metaspace   ] GC(2050) Metaspace: 18972K(19072K)->18972K(19072K) NonClass: 17143K(17216K)->17143K(17216K) Class: 1829K(1856K)->1829K(1856K)
[658.394s][info][gc             ] GC(2050) Pause Young (Allocation Failure) 659M->550M(866M) 5.758ms
[658.394s][info][gc,cpu         ] GC(2050) User=0.01s Sys=0.00s Real=0.01s
[658.515s][info][gc,start       ] GC(2051) Pause Young (Allocation Failure)
[658.521s][info][gc,heap        ] GC(2051) PSYoungGen: 114816K(219648K)->3296K(221184K) Eden: 111616K(111616K)->0K(111616K) From: 3200K(108032K)->3296K(109568K)
[658.521s][info][gc,heap        ] GC(2051) ParOldGen: 560816K(667648K)->560816K(667648K)
[658.521s][info][gc,metaspace   ] GC(2051) Metaspace: 18972K(19072K)->18972K(19072K) NonClass: 17143K(17216K)->17143K(17216K) Class: 1829K(1856K)->1829K(1856K)
[658.521s][info][gc             ] GC(2051) Pause Young (Allocation Failure) 659M->550M(868M) 5.794ms
[658.521s][info][gc,cpu         ] GC(2051) User=0.01s Sys=0.00s Real=0.00s
[658.642s][info][gc,start       ] GC(2052) Pause Young (Allocation Failure)
[658.648s][info][gc,heap        ] GC(2052) PSYoungGen: 114912K(221184K)->3392K(217088K) Eden: 111616K(111616K)->0K(116224K) From: 3296K(109568K)->3392K(100864K)
[658.648s][info][gc,heap        ] GC(2052) ParOldGen: 560816K(667648K)->560816K(667648K)
[658.648s][info][gc,metaspace   ] GC(2052) Metaspace: 18972K(19072K)->18972K(19072K) NonClass: 17143K(17216K)->17143K(17216K) Class: 1829K(1856K)->1829K(1856K)
[658.648s][info][gc             ] GC(2052) Pause Young (Allocation Failure) 659M->550M(864M) 5.831ms
[658.648s][info][gc,cpu         ] GC(2052) User=0.01s Sys=0.00s Real=0.01s
[658.777s][info][gc,start       ] GC(2053) Pause Young (Allocation Failure)
[658.783s][info][gc,heap        ] GC(2053) PSYoungGen: 119616K(217088K)->3456K(220160K) Eden: 116224K(116224K)->0K(116224K) From: 3392K(100864K)->3456K(103936K)
[658.783s][info][gc,heap        ] GC(2053) ParOldGen: 560816K(667648K)->560816K(667648K)
[658.783s][info][gc,metaspace   ] GC(2053) Metaspace: 18972K(19072K)->18972K(19072K) NonClass: 17143K(17216K)->17143K(17216K) Class: 1829K(1856K)->1829K(1856K)
[658.783s][info][gc             ] GC(2053) Pause Young (Allocation Failure) 664M->551M(867M) 6.051ms
[658.783s][info][gc,cpu         ] GC(2053) User=0.02s Sys=0.01s Real=0.01s
[658.926s][info][gc,start       ] GC(2054) Pause Young (Allocation Failure)
[658.933s][info][gc,heap        ] GC(2054) PSYoungGen: 119680K(220160K)->3552K(212480K) Eden: 116224K(116224K)->0K(119808K) From: 3456K(103936K)->3552K(92672K)
[658.933s][info][gc,heap        ] GC(2054) ParOldGen: 560816K(667648K)->560816K(667648K)
[658.933s][info][gc,metaspace   ] GC(2054) Metaspace: 18972K(19072K)->18972K(19072K) NonClass: 17143K(17216K)->17143K(17216K) Class: 1829K(1856K)->1829K(1856K)
[658.933s][info][gc             ] GC(2054) Pause Young (Allocation Failure) 664M->551M(859M) 6.561ms
[658.933s][info][gc,cpu         ] GC(2054) User=0.01s Sys=0.00s Real=0.01s
[659.066s][info][gc,start       ] GC(2055) Pause Young (Allocation Failure)
[659.072s][info][gc,heap        ] GC(2055) PSYoungGen: 123360K(212480K)->3680K(123904K) Eden: 119808K(119808K)->0K(119808K) From: 3552K(92672K)->3680K(4096K)
[659.073s][info][gc,heap        ] GC(2055) ParOldGen: 560816K(667648K)->560816K(667648K)
[659.073s][info][gc,metaspace   ] GC(2055) Metaspace: 18972K(19072K)->18972K(19072K) NonClass: 17143K(17216K)->17143K(17216K) Class: 1829K(1856K)->1829K(1856K)
[659.073s][info][gc             ] GC(2055) Pause Young (Allocation Failure) 668M->551M(773M) 6.443ms
[659.073s][info][gc,cpu         ] GC(2055) User=0.01s Sys=0.00s Real=0.01s
[659.225s][info][gc,start       ] GC(2056) Pause Young (Allocation Failure)
[659.232s][info][gc,heap        ] GC(2056) PSYoungGen: 123488K(123904K)->3744K(207360K) Eden: 119808K(119808K)->0K(122880K) From: 3680K(4096K)->3744K(84480K)
[659.232s][info][gc,heap        ] GC(2056) ParOldGen: 560816K(667648K)->560816K(667648K)
[659.232s][info][gc,metaspace   ] GC(2056) Metaspace: 18972K(19072K)->18972K(19072K) NonClass: 17143K(17216K)->17143K(17216K) Class: 1829K(1856K)->1829K(1856K)
[659.232s][info][gc             ] GC(2056) Pause Young (Allocation Failure) 668M->551M(854M) 7.092ms
[659.232s][info][gc,cpu         ] GC(2056) User=0.01s Sys=0.00s Real=0.01s
[659.393s][info][gc,start       ] GC(2057) Pause Young (Allocation Failure)
[659.401s][info][gc,heap        ] GC(2057) PSYoungGen: 126624K(207360K)->4544K(127488K) Eden: 122880K(122880K)->0K(122880K) From: 3744K(84480K)->4544K(4608K)
[659.401s][info][gc,heap        ] GC(2057) ParOldGen: 560816K(667648K)->560816K(667648K)
[659.401s][info][gc,metaspace   ] GC(2057) Metaspace: 18972K(19072K)->18972K(19072K) NonClass: 17143K(17216K)->17143K(17216K) Class: 1829K(1856K)->1829K(1856K)
[659.401s][info][gc             ] GC(2057) Pause Young (Allocation Failure) 671M->552M(776M) 8.682ms
[659.401s][info][gc,cpu         ] GC(2057) User=0.01s Sys=0.00s Real=0.00s
[659.525s][info][gc,start       ] GC(2058) Pause Young (Allocation Failure)
[659.548s][info][gc,heap        ] GC(2058) PSYoungGen: 127424K(127488K)->7520K(202240K) Eden: 122880K(122880K)->0K(126464K) From: 4544K(4608K)->7520K(75776K)
[659.548s][info][gc,heap        ] GC(2058) ParOldGen: 560816K(667648K)->560816K(667648K)
[659.548s][info][gc,metaspace   ] GC(2058) Metaspace: 18972K(19072K)->18972K(19072K) NonClass: 17143K(17216K)->17143K(17216K) Class: 1829K(1856K)->1829K(1856K)
[659.548s][info][gc             ] GC(2058) Pause Young (Allocation Failure) 672M->555M(849M) 23.300ms
[659.548s][info][gc,cpu         ] GC(2058) User=0.04s Sys=0.00s Real=0.02s
[659.726s][info][gc,start       ] GC(2059) Pause Young (Allocation Failure)
[659.772s][info][gc,heap        ] GC(2059) PSYoungGen: 133984K(202240K)->24907K(205824K) Eden: 126464K(126464K)->0K(126464K) From: 7520K(75776K)->24907K(79360K)
[659.772s][info][gc,heap        ] GC(2059) ParOldGen: 560816K(667648K)->560816K(667648K)
[659.772s][info][gc,metaspace   ] GC(2059) Metaspace: 18972K(19072K)->18972K(19072K) NonClass: 17143K(17216K)->17143K(17216K) Class: 1829K(1856K)->1829K(1856K)
[659.772s][info][gc             ] GC(2059) Pause Young (Allocation Failure) 678M->571M(853M) 46.088ms
[659.772s][info][gc,cpu         ] GC(2059) User=0.09s Sys=0.00s Real=0.04s
[659.950s][info][gc,start       ] GC(2060) Pause Young (Allocation Failure)
[659.994s][info][gc,heap        ] GC(2060) PSYoungGen: 151371K(205824K)->24907K(200704K) Eden: 126464K(126464K)->0K(131072K) From: 24907K(79360K)->24907K(69632K)
[659.994s][info][gc,heap        ] GC(2060) ParOldGen: 560816K(667648K)->560816K(667648K)
[659.994s][info][gc,metaspace   ] GC(2060) Metaspace: 18972K(19072K)->18972K(19072K) NonClass: 17143K(17216K)->17143K(17216K) Class: 1829K(1856K)->1829K(1856K)
[659.994s][info][gc             ] GC(2060) Pause Young (Allocation Failure) 695M->571M(848M) 44.144ms
[659.994s][info][gc,cpu         ] GC(2060) User=0.08s Sys=0.00s Real=0.05s
[660.170s][info][gc,start       ] GC(2061) Pause Young (Allocation Failure)
[660.211s][info][gc,heap        ] GC(2061) PSYoungGen: 155979K(200704K)->24875K(203776K) Eden: 131072K(131072K)->0K(131072K) From: 24907K(69632K)->24875K(72704K)
[660.211s][info][gc,heap        ] GC(2061) ParOldGen: 560816K(667648K)->560816K(667648K)
[660.211s][info][gc,metaspace   ] GC(2061) Metaspace: 18972K(19072K)->18972K(19072K) NonClass: 17143K(17216K)->17143K(17216K) Class: 1829K(1856K)->1829K(1856K)
[660.211s][info][gc             ] GC(2061) Pause Young (Allocation Failure) 699M->571M(851M) 41.569ms
[660.211s][info][gc,cpu         ] GC(2061) User=0.08s Sys=0.00s Real=0.04s
[660.395s][info][gc,start       ] GC(2062) Pause Young (Allocation Failure)
[660.445s][info][gc,heap        ] GC(2062) PSYoungGen: 155947K(203776K)->24875K(201216K) Eden: 131072K(131072K)->0K(136704K) From: 24875K(72704K)->24875K(64512K)
[660.445s][info][gc,heap        ] GC(2062) ParOldGen: 560816K(667648K)->560816K(667648K)
[660.445s][info][gc,metaspace   ] GC(2062) Metaspace: 18972K(19072K)->18972K(19072K) NonClass: 17143K(17216K)->17143K(17216K) Class: 1829K(1856K)->1829K(1856K)
[660.445s][info][gc             ] GC(2062) Pause Young (Allocation Failure) 699M->571M(848M) 50.574ms
[660.445s][info][gc,cpu         ] GC(2062) User=0.10s Sys=0.00s Real=0.05s
[660.625s][info][gc,start       ] GC(2063) Pause Young (Allocation Failure)
[660.669s][info][gc,heap        ] GC(2063) PSYoungGen: 161579K(201216K)->24875K(203776K) Eden: 136704K(136704K)->0K(136704K) From: 24875K(64512K)->24875K(67072K)
[660.669s][info][gc,heap        ] GC(2063) ParOldGen: 560816K(667648K)->560816K(667648K)
[660.669s][info][gc,metaspace   ] GC(2063) Metaspace: 18972K(19072K)->18972K(19072K) NonClass: 17143K(17216K)->17143K(17216K) Class: 1829K(1856K)->1829K(1856K)
[660.669s][info][gc             ] GC(2063) Pause Young (Allocation Failure) 705M->571M(851M) 44.636ms
[660.669s][info][gc,cpu         ] GC(2063) User=0.09s Sys=0.00s Real=0.04s
[660.816s][info][gc,start       ] GC(2064) Pause Young (Allocation Failure)
[660.874s][info][gc,heap        ] GC(2064) PSYoungGen: 161579K(203776K)->36427K(204800K) Eden: 136704K(136704K)->0K(140800K) From: 24875K(67072K)->36427K(64000K)
[660.874s][info][gc,heap        ] GC(2064) ParOldGen: 560816K(667648K)->563896K(667648K)
[660.874s][info][gc,metaspace   ] GC(2064) Metaspace: 18972K(19072K)->18972K(19072K) NonClass: 17143K(17216K)->17143K(17216K) Class: 1829K(1856K)->1829K(1856K)
[660.874s][info][gc             ] GC(2064) Pause Young (Allocation Failure) 705M->586M(852M) 57.864ms
[660.874s][info][gc,cpu         ] GC(2064) User=0.11s Sys=0.00s Real=0.06s
[661.005s][info][gc,start       ] GC(2065) Pause Young (Allocation Failure)
[661.081s][info][gc,heap        ] GC(2065) PSYoungGen: 177227K(204800K)->55691K(206848K) Eden: 140800K(140800K)->0K(140800K) From: 36427K(64000K)->55691K(66048K)
[661.081s][info][gc,heap        ] GC(2065) ParOldGen: 563896K(667648K)->563992K(667648K)
[661.081s][info][gc,metaspace   ] GC(2065) Metaspace: 18972K(19072K)->18972K(19072K) NonClass: 17143K(17216K)->17143K(17216K) Class: 1829K(1856K)->1829K(1856K)
[661.081s][info][gc             ] GC(2065) Pause Young (Allocation Failure) 723M->605M(854M) 75.337ms
[661.081s][info][gc,cpu         ] GC(2065) User=0.15s Sys=0.00s Real=0.07s
[661.186s][info][gc,start       ] GC(2066) Pause Young (Allocation Failure)
[661.269s][info][gc,heap        ] GC(2066) PSYoungGen: 196491K(206848K)->59691K(215552K) Eden: 140800K(140800K)->0K(141312K) From: 55691K(66048K)->59691K(74240K)
[661.269s][info][gc,heap        ] GC(2066) ParOldGen: 563992K(667648K)->564112K(667648K)
[661.269s][info][gc,metaspace   ] GC(2066) Metaspace: 18973K(19072K)->18973K(19072K) NonClass: 17144K(17216K)->17144K(17216K) Class: 1829K(1856K)->1829K(1856K)
[661.269s][info][gc             ] GC(2066) Pause Young (Allocation Failure) 742M->609M(862M) 83.260ms
[661.269s][info][gc,cpu         ] GC(2066) User=0.16s Sys=0.00s Real=0.08s
[661.392s][info][gc,start       ] GC(2067) Pause Young (Allocation Failure)
[661.470s][info][gc,heap        ] GC(2067) PSYoungGen: 201003K(215552K)->60971K(223232K) Eden: 141312K(141312K)->0K(141312K) From: 59691K(74240K)->60971K(81920K)
[661.470s][info][gc,heap        ] GC(2067) ParOldGen: 564112K(667648K)->564208K(667648K)
[661.470s][info][gc,metaspace   ] GC(2067) Metaspace: 18973K(19072K)->18973K(19072K) NonClass: 17144K(17216K)->17144K(17216K) Class: 1829K(1856K)->1829K(1856K)
[661.470s][info][gc             ] GC(2067) Pause Young (Allocation Failure) 747M->610M(870M) 78.646ms
[661.470s][info][gc,cpu         ] GC(2067) User=0.16s Sys=0.00s Real=0.08s
[661.602s][info][gc,start       ] GC(2068) Pause Young (Allocation Failure)
[661.695s][info][gc,heap        ] GC(2068) PSYoungGen: 202283K(223232K)->64651K(231936K) Eden: 141312K(141312K)->0K(143360K) From: 60971K(81920K)->64651K(88576K)
[661.695s][info][gc,heap        ] GC(2068) ParOldGen: 564208K(667648K)->564288K(667648K)
[661.695s][info][gc,metaspace   ] GC(2068) Metaspace: 18973K(19072K)->18973K(19072K) NonClass: 17144K(17216K)->17144K(17216K) Class: 1829K(1856K)->1829K(1856K)
[661.695s][info][gc             ] GC(2068) Pause Young (Allocation Failure) 748M->614M(878M) 93.337ms
[661.695s][info][gc,cpu         ] GC(2068) User=0.16s Sys=0.02s Real=0.10s
[661.804s][info][gc,start       ] GC(2069) Pause Young (Allocation Failure)
[661.892s][info][gc,heap        ] GC(2069) PSYoungGen: 208011K(231936K)->70027K(213504K) Eden: 143360K(143360K)->0K(143360K) From: 64651K(88576K)->70027K(70144K)
[661.892s][info][gc,heap        ] GC(2069) ParOldGen: 564288K(667648K)->564376K(667648K)
[661.892s][info][gc,metaspace   ] GC(2069) Metaspace: 18973K(19072K)->18973K(19072K) NonClass: 17144K(17216K)->17144K(17216K) Class: 1829K(1856K)->1829K(1856K)
[661.892s][info][gc             ] GC(2069) Pause Young (Allocation Failure) 754M->619M(860M) 88.357ms
[661.892s][info][gc,cpu         ] GC(2069) User=0.17s Sys=0.00s Real=0.09s
[662.020s][info][gc,start       ] GC(2070) Pause Young (Allocation Failure)
[662.155s][info][gc,heap        ] GC(2070) PSYoungGen: 213387K(213504K)->95435K(213504K) Eden: 143360K(143360K)->0K(111616K) From: 70027K(70144K)->95435K(101888K)
[662.156s][info][gc,heap        ] GC(2070) ParOldGen: 564376K(667648K)->564488K(667648K)
[662.156s][info][gc,metaspace   ] GC(2070) Metaspace: 18973K(19072K)->18973K(19072K) NonClass: 17144K(17216K)->17144K(17216K) Class: 1829K(1856K)->1829K(1856K)
[662.156s][info][gc             ] GC(2070) Pause Young (Allocation Failure) 759M->644M(860M) 136.042ms
[662.156s][info][gc,cpu         ] GC(2070) User=0.25s Sys=0.02s Real=0.14s
[662.265s][info][gc,start       ] GC(2071) Pause Young (Allocation Failure)
[662.399s][info][gc,heap        ] GC(2071) PSYoungGen: 207051K(213504K)->111084K(222720K) Eden: 111616K(111616K)->0K(111616K) From: 95435K(101888K)->111084K(111104K)
[662.399s][info][gc,heap        ] GC(2071) ParOldGen: 564488K(667648K)->569192K(667648K)
[662.399s][info][gc,metaspace   ] GC(2071) Metaspace: 18973K(19072K)->18973K(19072K) NonClass: 17144K(17216K)->17144K(17216K) Class: 1829K(1856K)->1829K(1856K)
[662.399s][info][gc             ] GC(2071) Pause Young (Allocation Failure) 753M->664M(869M) 134.218ms
[662.399s][info][gc,cpu         ] GC(2071) User=0.27s Sys=0.00s Real=0.13s
[662.479s][info][gc,start       ] GC(2072) Pause Young (Allocation Failure)
[662.650s][info][gc,heap        ] GC(2072) PSYoungGen: 222700K(222720K)->111104K(222720K) Eden: 111616K(111616K)->0K(111616K) From: 111084K(111104K)->111104K(111104K)
[662.650s][info][gc,heap        ] GC(2072) ParOldGen: 569192K(667648K)->587217K(667648K)
[662.650s][info][gc,metaspace   ] GC(2072) Metaspace: 18973K(19072K)->18973K(19072K) NonClass: 17144K(17216K)->17144K(17216K) Class: 1829K(1856K)->1829K(1856K)
[662.650s][info][gc             ] GC(2072) Pause Young (Allocation Failure) 773M->681M(869M) 171.411ms
[662.650s][info][gc,cpu         ] GC(2072) User=0.33s Sys=0.00s Real=0.17s
[662.767s][info][gc,start       ] GC(2073) Pause Young (Allocation Failure)
[662.898s][info][gc,heap        ] GC(2073) PSYoungGen: 222720K(222720K)->111104K(222720K) Eden: 111616K(111616K)->0K(111616K) From: 111104K(111104K)->111104K(111104K)
[662.898s][info][gc,heap        ] GC(2073) ParOldGen: 587217K(667648K)->587913K(667648K)
[662.898s][info][gc,metaspace   ] GC(2073) Metaspace: 18973K(19072K)->18973K(19072K) NonClass: 17144K(17216K)->17144K(17216K) Class: 1829K(1856K)->1829K(1856K)
[662.898s][info][gc             ] GC(2073) Pause Young (Allocation Failure) 790M->682M(869M) 131.419ms
[662.898s][info][gc,cpu         ] GC(2073) User=0.26s Sys=0.00s Real=0.13s
[663.071s][info][gc,start       ] GC(2074) Pause Young (Allocation Failure)
[663.198s][info][gc,heap        ] GC(2074) PSYoungGen: 222720K(222720K)->111104K(222720K) Eden: 111616K(111616K)->0K(111616K) From: 111104K(111104K)->111104K(111104K)
[663.198s][info][gc,heap        ] GC(2074) ParOldGen: 587913K(667648K)->589913K(667648K)
[663.198s][info][gc,metaspace   ] GC(2074) Metaspace: 18973K(19072K)->18973K(19072K) NonClass: 17144K(17216K)->17144K(17216K) Class: 1829K(1856K)->1829K(1856K)
[663.198s][info][gc             ] GC(2074) Pause Young (Allocation Failure) 791M->684M(869M) 127.025ms
[663.198s][info][gc,cpu         ] GC(2074) User=0.25s Sys=0.00s Real=0.13s
[663.389s][info][gc,start       ] GC(2075) Pause Young (Allocation Failure)
[663.511s][info][gc,heap        ] GC(2075) PSYoungGen: 222720K(222720K)->81760K(222720K) Eden: 111616K(111616K)->0K(111616K) From: 111104K(111104K)->81760K(111104K)
[663.511s][info][gc,heap        ] GC(2075) ParOldGen: 589913K(667648K)->623969K(667648K)
[663.511s][info][gc,metaspace   ] GC(2075) Metaspace: 18973K(19072K)->18973K(19072K) NonClass: 17144K(17216K)->17144K(17216K) Class: 1829K(1856K)->1829K(1856K)
[663.511s][info][gc             ] GC(2075) Pause Young (Allocation Failure) 793M->689M(869M) 122.611ms
[663.511s][info][gc,cpu         ] GC(2075) User=0.24s Sys=0.00s Real=0.12s
[663.624s][info][gc,start       ] GC(2076) Pause Young (Allocation Failure)
[663.709s][info][gc,heap        ] GC(2076) PSYoungGen: 193376K(222720K)->76352K(222720K) Eden: 111616K(111616K)->0K(111616K) From: 81760K(111104K)->76352K(111104K)
[663.709s][info][gc,heap        ] GC(2076) ParOldGen: 623969K(667648K)->629481K(667648K)
[663.709s][info][gc,metaspace   ] GC(2076) Metaspace: 18973K(19072K)->18973K(19072K) NonClass: 17144K(17216K)->17144K(17216K) Class: 1829K(1856K)->1829K(1856K)
[663.709s][info][gc             ] GC(2076) Pause Young (Allocation Failure) 798M->689M(869M) 85.841ms
[663.709s][info][gc,cpu         ] GC(2076) User=0.17s Sys=0.00s Real=0.08s
[663.781s][info][gc,start       ] GC(2077) Pause Young (Allocation Failure)
[663.862s][info][gc,heap        ] GC(2077) PSYoungGen: 187968K(222720K)->67456K(222720K) Eden: 111616K(111616K)->0K(111616K) From: 76352K(111104K)->67456K(111104K)
[663.862s][info][gc,heap        ] GC(2077) ParOldGen: 629481K(667648K)->638465K(667648K)
[663.862s][info][gc,metaspace   ] GC(2077) Metaspace: 18973K(19072K)->18973K(19072K) NonClass: 17144K(17216K)->17144K(17216K) Class: 1829K(1856K)->1829K(1856K)
[663.862s][info][gc             ] GC(2077) Pause Young (Allocation Failure) 798M->689M(869M) 81.255ms
[663.862s][info][gc,cpu         ] GC(2077) User=0.16s Sys=0.00s Real=0.09s
[664.058s][info][gc,start       ] GC(2078) Pause Full (Allocation Failure)
[664.058s][info][gc,phases,start] GC(2078) Marking Phase
[664.347s][info][gc,phases      ] GC(2078) Marking Phase 289.194ms
[664.348s][info][gc,phases,start] GC(2078) Summary Phase
[664.348s][info][gc,phases      ] GC(2078) Summary Phase 0.033ms
[664.348s][info][gc,phases,start] GC(2078) Forward
[664.459s][info][gc,phases      ] GC(2078) Forward 111.750ms
[664.459s][info][gc,phases,start] GC(2078) Adjust Pointers
[664.688s][info][gc,phases      ] GC(2078) Adjust Pointers 228.856ms
[664.688s][info][gc,phases,start] GC(2078) Compaction Phase
[664.825s][info][gc,phases      ] GC(2078) Compaction Phase 136.291ms
[664.836s][info][gc,phases,start] GC(2078) Post Compact
[664.838s][info][gc,phases      ] GC(2078) Post Compact 2.634ms
[664.840s][info][gc,heap        ] GC(2078) PSYoungGen: 179072K(222720K)->0K(222720K) Eden: 111616K(111616K)->0K(111616K) From: 67456K(111104K)->0K(111104K)
[664.841s][info][gc,heap        ] GC(2078) ParOldGen: 638465K(667648K)->387463K(644608K)
[664.841s][info][gc,metaspace   ] GC(2078) Metaspace: 18973K(19072K)->18973K(19072K) NonClass: 17144K(17216K)->17144K(17216K) Class: 1829K(1856K)->1829K(1856K)
[664.841s][info][gc             ] GC(2078) Pause Full (Allocation Failure) 798M->378M(847M) 782.341ms
[664.841s][info][gc,cpu         ] GC(2078) User=1.43s Sys=0.00s Real=0.78s
[665.011s][info][gc,start       ] GC(2079) Pause Young (Allocation Failure)
[665.021s][info][gc,heap        ] GC(2079) PSYoungGen: 111616K(222720K)->6816K(222720K) Eden: 111616K(111616K)->0K(111616K) From: 0K(111104K)->6816K(111104K)
[665.021s][info][gc,heap        ] GC(2079) ParOldGen: 387463K(644608K)->387463K(644608K)
[665.021s][info][gc,metaspace   ] GC(2079) Metaspace: 18973K(19072K)->18973K(19072K) NonClass: 17144K(17216K)->17144K(17216K) Class: 1829K(1856K)->1829K(1856K)
[665.021s][info][gc             ] GC(2079) Pause Young (Allocation Failure) 487M->385M(847M) 9.465ms
[665.021s][info][gc,cpu         ] GC(2079) User=0.02s Sys=0.00s Real=0.01s
[665.381s][info][gc,start       ] GC(2080) Pause Young (Allocation Failure)
[665.390s][info][gc,heap        ] GC(2080) PSYoungGen: 118432K(222720K)->6912K(222720K) Eden: 111616K(111616K)->0K(111616K) From: 6816K(111104K)->6912K(111104K)
[665.390s][info][gc,heap        ] GC(2080) ParOldGen: 387463K(644608K)->387463K(644608K)
[665.390s][info][gc,metaspace   ] GC(2080) Metaspace: 18973K(19072K)->18973K(19072K) NonClass: 17144K(17216K)->17144K(17216K) Class: 1829K(1856K)->1829K(1856K)
[665.390s][info][gc             ] GC(2080) Pause Young (Allocation Failure) 494M->385M(847M) 9.164ms
[665.390s][info][gc,cpu         ] GC(2080) User=0.01s Sys=0.00s Real=0.01s
[665.679s][info][gc,start       ] GC(2081) Pause Young (Allocation Failure)
[665.692s][info][gc,heap        ] GC(2081) PSYoungGen: 118528K(222720K)->7088K(222720K) Eden: 111616K(111616K)->0K(111616K) From: 6912K(111104K)->7088K(111104K)
[665.692s][info][gc,heap        ] GC(2081) ParOldGen: 387463K(644608K)->387463K(644608K)
[665.692s][info][gc,metaspace   ] GC(2081) Metaspace: 18973K(19072K)->18973K(19072K) NonClass: 17144K(17216K)->17144K(17216K) Class: 1829K(1856K)->1829K(1856K)
[665.692s][info][gc             ] GC(2081) Pause Young (Allocation Failure) 494M->385M(847M) 12.484ms
[665.692s][info][gc,cpu         ] GC(2081) User=0.02s Sys=0.00s Real=0.01s
[665.992s][info][gc,start       ] GC(2082) Pause Young (Allocation Failure)
[666.001s][info][gc,heap        ] GC(2082) PSYoungGen: 118704K(222720K)->7136K(222720K) Eden: 111616K(111616K)->0K(111616K) From: 7088K(111104K)->7136K(111104K)
[666.001s][info][gc,heap        ] GC(2082) ParOldGen: 387463K(644608K)->387463K(644608K)
[666.001s][info][gc,metaspace   ] GC(2082) Metaspace: 18973K(19072K)->18973K(19072K) NonClass: 17144K(17216K)->17144K(17216K) Class: 1829K(1856K)->1829K(1856K)
[666.001s][info][gc             ] GC(2082) Pause Young (Allocation Failure) 494M->385M(847M) 9.212ms
[666.001s][info][gc,cpu         ] GC(2082) User=0.02s Sys=0.00s Real=0.00s
[666.238s][info][gc,start       ] GC(2083) Pause Young (Allocation Failure)
[666.251s][info][gc,heap        ] GC(2083) PSYoungGen: 118752K(222720K)->288K(222720K) Eden: 111616K(111616K)->0K(111616K) From: 7136K(111104K)->288K(111104K)
[666.251s][info][gc,heap        ] GC(2083) ParOldGen: 387463K(644608K)->394367K(644608K)
[666.251s][info][gc,metaspace   ] GC(2083) Metaspace: 18973K(19072K)->18973K(19072K) NonClass: 17144K(17216K)->17144K(17216K) Class: 1829K(1856K)->1829K(1856K)
[666.251s][info][gc             ] GC(2083) Pause Young (Allocation Failure) 494M->385M(847M) 12.951ms
[666.251s][info][gc,cpu         ] GC(2083) User=0.02s Sys=0.00s Real=0.01s
[666.567s][info][gc,start       ] GC(2084) Pause Young (Allocation Failure)
[666.570s][info][gc,heap        ] GC(2084) PSYoungGen: 111904K(222720K)->128K(222720K) Eden: 111616K(111616K)->0K(111616K) From: 288K(111104K)->128K(111104K)
[666.570s][info][gc,heap        ] GC(2084) ParOldGen: 394367K(644608K)->394591K(644608K)
[666.570s][info][gc,metaspace   ] GC(2084) Metaspace: 18973K(19072K)->18973K(19072K) NonClass: 17144K(17216K)->17144K(17216K) Class: 1829K(1856K)->1829K(1856K)
[666.570s][info][gc             ] GC(2084) Pause Young (Allocation Failure) 494M->385M(847M) 2.682ms
[666.570s][info][gc,cpu         ] GC(2084) User=0.01s Sys=0.00s Real=0.00s
[666.761s][info][gc,start       ] GC(2085) Pause Young (Allocation Failure)
[666.769s][info][gc,heap        ] GC(2085) PSYoungGen: 111744K(222720K)->5760K(222720K) Eden: 111616K(111616K)->0K(111616K) From: 128K(111104K)->5760K(111104K)
[666.769s][info][gc,heap        ] GC(2085) ParOldGen: 394591K(644608K)->394679K(644608K)
[666.769s][info][gc,metaspace   ] GC(2085) Metaspace: 18973K(19072K)->18973K(19072K) NonClass: 17144K(17216K)->17144K(17216K) Class: 1829K(1856K)->1829K(1856K)
[666.769s][info][gc             ] GC(2085) Pause Young (Allocation Failure) 494M->391M(847M) 8.118ms
[666.769s][info][gc,cpu         ] GC(2085) User=0.02s Sys=0.00s Real=0.01s
[666.895s][info][gc,start       ] GC(2086) Pause Young (Allocation Failure)
[666.934s][info][gc,heap        ] GC(2086) PSYoungGen: 117376K(222720K)->41152K(222720K) Eden: 111616K(111616K)->0K(111616K) From: 5760K(111104K)->41152K(111104K)
[666.934s][info][gc,heap        ] GC(2086) ParOldGen: 394679K(644608K)->400399K(644608K)
[666.934s][info][gc,metaspace   ] GC(2086) Metaspace: 18982K(19072K)->18982K(19072K) NonClass: 17153K(17216K)->17153K(17216K) Class: 1829K(1856K)->1829K(1856K)
[666.934s][info][gc             ] GC(2086) Pause Young (Allocation Failure) 500M->431M(847M) 39.329ms
[666.934s][info][gc,cpu         ] GC(2086) User=0.07s Sys=0.00s Real=0.04s
[667.007s][info][gc,start       ] GC(2087) Pause Young (Allocation Failure)
[667.067s][info][gc,heap        ] GC(2087) PSYoungGen: 152768K(222720K)->44864K(222720K) Eden: 111616K(111616K)->0K(111616K) From: 41152K(111104K)->44864K(111104K)
[667.067s][info][gc,heap        ] GC(2087) ParOldGen: 400399K(644608K)->442016K(644608K)
[667.067s][info][gc,metaspace   ] GC(2087) Metaspace: 18982K(19072K)->18982K(19072K) NonClass: 17153K(17216K)->17153K(17216K) Class: 1829K(1856K)->1829K(1856K)
[667.067s][info][gc             ] GC(2087) Pause Young (Allocation Failure) 540M->475M(847M) 60.659ms
[667.067s][info][gc,cpu         ] GC(2087) User=0.12s Sys=0.00s Real=0.06s
[667.136s][info][gc,start       ] GC(2088) Pause Young (Allocation Failure)
[667.199s][info][gc,heap        ] GC(2088) PSYoungGen: 156480K(222720K)->42560K(222720K) Eden: 111616K(111616K)->0K(111616K) From: 44864K(111104K)->42560K(111104K)
[667.199s][info][gc,heap        ] GC(2088) ParOldGen: 442016K(644608K)->487376K(644608K)
[667.199s][info][gc,metaspace   ] GC(2088) Metaspace: 18982K(19072K)->18982K(19072K) NonClass: 17153K(17216K)->17153K(17216K) Class: 1829K(1856K)->1829K(1856K)
[667.199s][info][gc             ] GC(2088) Pause Young (Allocation Failure) 584M->517M(847M) 62.792ms
[667.199s][info][gc,cpu         ] GC(2088) User=0.12s Sys=0.00s Real=0.06s
[667.491s][info][gc,start       ] GC(2089) Pause Young (Allocation Failure)
[667.538s][info][gc,heap        ] GC(2089) PSYoungGen: 154176K(222720K)->15894K(222720K) Eden: 111616K(111616K)->0K(111616K) From: 42560K(111104K)->15894K(111104K)
[667.538s][info][gc,heap        ] GC(2089) ParOldGen: 487376K(644608K)->530445K(644608K)
[667.538s][info][gc,metaspace   ] GC(2089) Metaspace: 18996K(19136K)->18996K(19136K) NonClass: 17166K(17280K)->17166K(17280K) Class: 1829K(1856K)->1829K(1856K)
[667.538s][info][gc             ] GC(2089) Pause Young (Allocation Failure) 626M->533M(847M) 46.873ms
[667.538s][info][gc,cpu         ] GC(2089) User=0.09s Sys=0.00s Real=0.05s
[667.637s][info][gc,start       ] GC(2090) Pause Young (Allocation Failure)
[667.692s][info][gc,heap        ] GC(2090) PSYoungGen: 127510K(222720K)->46816K(222720K) Eden: 111616K(111616K)->0K(111616K) From: 15894K(111104K)->46816K(111104K)
[667.692s][info][gc,heap        ] GC(2090) ParOldGen: 530445K(644608K)->546431K(644608K)
[667.692s][info][gc,metaspace   ] GC(2090) Metaspace: 18998K(19136K)->18998K(19136K) NonClass: 17169K(17280K)->17169K(17280K) Class: 1829K(1856K)->1829K(1856K)
[667.692s][info][gc             ] GC(2090) Pause Young (Allocation Failure) 642M->579M(847M) 54.229ms
[667.692s][info][gc,cpu         ] GC(2090) User=0.10s Sys=0.00s Real=0.05s
[667.915s][info][gc,start       ] GC(2091) Pause Young (Allocation Failure)
[667.973s][info][gc,heap        ] GC(2091) PSYoungGen: 158432K(222720K)->19008K(131072K) Eden: 111616K(111616K)->0K(111616K) From: 46816K(111104K)->19008K(19456K)
[667.973s][info][gc,heap        ] GC(2091) ParOldGen: 546431K(644608K)->593735K(644608K)
[667.973s][info][gc,metaspace   ] GC(2091) Metaspace: 19009K(19136K)->19009K(19136K) NonClass: 17179K(17280K)->17179K(17280K) Class: 1829K(1856K)->1829K(1856K)
[667.973s][info][gc             ] GC(2091) Pause Young (Allocation Failure) 688M->598M(757M) 57.776ms
[667.973s][info][gc,cpu         ] GC(2091) User=0.11s Sys=0.00s Real=0.06s
[668.109s][info][gc,start       ] GC(2092) Pause Young (Allocation Failure)
[668.180s][info][gc,heap        ] GC(2092) PSYoungGen: 130624K(131072K)->35648K(220160K) Eden: 111616K(111616K)->0K(118272K) From: 19008K(19456K)->35648K(101888K)
[668.180s][info][gc,heap        ] GC(2092) ParOldGen: 593735K(644608K)->593735K(644608K)
[668.180s][info][gc,metaspace   ] GC(2092) Metaspace: 19010K(19136K)->19010K(19136K) NonClass: 17181K(17280K)->17181K(17280K) Class: 1829K(1856K)->1829K(1856K)
[668.180s][info][gc             ] GC(2092) Pause Young (Allocation Failure) 707M->614M(844M) 71.262ms
[668.180s][info][gc,cpu         ] GC(2092) User=0.14s Sys=0.00s Real=0.07s
[668.347s][info][gc,start       ] GC(2093) Pause Young (Allocation Failure)
[668.437s][info][gc,heap        ] GC(2093) PSYoungGen: 153920K(220160K)->48622K(218624K) Eden: 118272K(118272K)->0K(118272K) From: 35648K(101888K)->48622K(100352K)
[668.437s][info][gc,heap        ] GC(2093) ParOldGen: 593735K(644608K)->593735K(644608K)
[668.437s][info][gc,metaspace   ] GC(2093) Metaspace: 19010K(19136K)->19010K(19136K) NonClass: 17181K(17280K)->17181K(17280K) Class: 1829K(1856K)->1829K(1856K)
[668.437s][info][gc             ] GC(2093) Pause Young (Allocation Failure) 730M->627M(843M) 90.041ms
[668.437s][info][gc,cpu         ] GC(2093) User=0.17s Sys=0.00s Real=0.09s
[668.646s][info][gc,start       ] GC(2094) Pause Young (Allocation Failure)
[668.765s][info][gc,heap        ] GC(2094) PSYoungGen: 166894K(218624K)->66167K(221696K) Eden: 118272K(118272K)->0K(122880K) From: 48622K(100352K)->66167K(98816K)
[668.765s][info][gc,heap        ] GC(2094) ParOldGen: 593735K(644608K)->593735K(644608K)
[668.765s][info][gc,metaspace   ] GC(2094) Metaspace: 19010K(19136K)->19010K(19136K) NonClass: 17181K(17280K)->17181K(17280K) Class: 1829K(1856K)->1829K(1856K)
[668.765s][info][gc             ] GC(2094) Pause Young (Allocation Failure) 742M->644M(846M) 118.892ms
[668.765s][info][gc,cpu         ] GC(2094) User=0.23s Sys=0.00s Real=0.12s
[668.967s][info][gc,start       ] GC(2095) Pause Young (Allocation Failure)
[669.085s][info][gc,heap        ] GC(2095) PSYoungGen: 189047K(221696K)->66190K(226304K) Eden: 122880K(122880K)->0K(122880K) From: 66167K(98816K)->66190K(103424K)
[669.085s][info][gc,heap        ] GC(2095) ParOldGen: 593735K(644608K)->593735K(644608K)
[669.085s][info][gc,metaspace   ] GC(2095) Metaspace: 19010K(19136K)->19010K(19136K) NonClass: 17181K(17280K)->17181K(17280K) Class: 1829K(1856K)->1829K(1856K)
[669.085s][info][gc             ] GC(2095) Pause Young (Allocation Failure) 764M->644M(850M) 118.537ms
[669.085s][info][gc,cpu         ] GC(2095) User=0.24s Sys=0.00s Real=0.12s
[669.285s][info][gc,start       ] GC(2096) Pause Young (Allocation Failure)
[669.413s][info][gc,heap        ] GC(2096) PSYoungGen: 189070K(226304K)->66190K(221696K) Eden: 122880K(122880K)->0K(114688K) From: 66190K(103424K)->66190K(107008K)
[669.413s][info][gc,heap        ] GC(2096) ParOldGen: 593735K(644608K)->593735K(644608K)
[669.413s][info][gc,metaspace   ] GC(2096) Metaspace: 19010K(19136K)->19010K(19136K) NonClass: 17181K(17280K)->17181K(17280K) Class: 1829K(1856K)->1829K(1856K)
[669.413s][info][gc             ] GC(2096) Pause Young (Allocation Failure) 764M->644M(846M) 128.785ms
[669.413s][info][gc,cpu         ] GC(2096) User=0.26s Sys=0.00s Real=0.13s
[669.578s][info][gc,start       ] GC(2097) Pause Young (Allocation Failure)
[669.690s][info][gc,heap        ] GC(2097) PSYoungGen: 180878K(221696K)->66190K(181248K) Eden: 114688K(114688K)->0K(114688K) From: 66190K(107008K)->66190K(66560K)
[669.690s][info][gc,heap        ] GC(2097) ParOldGen: 593735K(644608K)->593735K(644608K)
[669.691s][info][gc,metaspace   ] GC(2097) Metaspace: 19010K(19136K)->19010K(19136K) NonClass: 17181K(17280K)->17181K(17280K) Class: 1829K(1856K)->1829K(1856K)
[669.691s][info][gc             ] GC(2097) Pause Young (Allocation Failure) 756M->644M(806M) 112.512ms
[669.691s][info][gc,cpu         ] GC(2097) User=0.23s Sys=0.00s Real=0.11s
[669.857s][info][gc,start       ] GC(2098) Pause Young (Allocation Failure)
[669.967s][info][gc,heap        ] GC(2098) PSYoungGen: 180878K(181248K)->66190K(222720K) Eden: 114688K(114688K)->0K(111616K) From: 66190K(66560K)->66190K(111104K)
[669.967s][info][gc,heap        ] GC(2098) ParOldGen: 593735K(644608K)->593735K(644608K)
[669.967s][info][gc,metaspace   ] GC(2098) Metaspace: 19010K(19136K)->19010K(19136K) NonClass: 17181K(17280K)->17181K(17280K) Class: 1829K(1856K)->1829K(1856K)
[669.967s][info][gc             ] GC(2098) Pause Young (Allocation Failure) 756M->644M(847M) 110.313ms
[669.967s][info][gc,cpu         ] GC(2098) User=0.21s Sys=0.00s Real=0.11s
[670.124s][info][gc,start       ] GC(2099) Pause Young (Allocation Failure)
[670.234s][info][gc,heap        ] GC(2099) PSYoungGen: 177806K(222720K)->30542K(142336K) Eden: 111616K(111616K)->0K(111616K) From: 66190K(111104K)->30542K(30720K)
[670.234s][info][gc,heap        ] GC(2099) ParOldGen: 593735K(644608K)->629607K(644608K)
[670.234s][info][gc,metaspace   ] GC(2099) Metaspace: 19010K(19136K)->19010K(19136K) NonClass: 17181K(17280K)->17181K(17280K) Class: 1829K(1856K)->1829K(1856K)
[670.234s][info][gc             ] GC(2099) Pause Young (Allocation Failure) 753M->644M(768M) 110.547ms
[670.234s][info][gc,cpu         ] GC(2099) User=0.22s Sys=0.00s Real=0.11s
[670.393s][info][gc,start       ] GC(2100) Pause Full (Allocation Failure)
[670.393s][info][gc,phases,start] GC(2100) Marking Phase
[670.738s][info][gc,phases      ] GC(2100) Marking Phase 344.874ms
[670.738s][info][gc,phases,start] GC(2100) Summary Phase
[670.738s][info][gc,phases      ] GC(2100) Summary Phase 0.042ms
[670.738s][info][gc,phases,start] GC(2100) Forward
[670.848s][info][gc,phases      ] GC(2100) Forward 110.614ms
[670.848s][info][gc,phases,start] GC(2100) Adjust Pointers
[671.155s][info][gc,phases      ] GC(2100) Adjust Pointers 306.638ms
[671.155s][info][gc,phases,start] GC(2100) Compaction Phase
[671.314s][info][gc,phases      ] GC(2100) Compaction Phase 158.515ms
[671.329s][info][gc,phases,start] GC(2100) Post Compact
[671.332s][info][gc,phases      ] GC(2100) Post Compact 2.362ms
[671.332s][info][gc,heap        ] GC(2100) PSYoungGen: 142158K(142336K)->0K(220160K) Eden: 111616K(111616K)->0K(111616K) From: 30542K(30720K)->0K(108544K)
[671.332s][info][gc,heap        ] GC(2100) ParOldGen: 629607K(644608K)->489731K(667648K)
[671.332s][info][gc,metaspace   ] GC(2100) Metaspace: 19010K(19136K)->19010K(19136K) NonClass: 17181K(17280K)->17181K(17280K) Class: 1829K(1856K)->1829K(1856K)
[671.332s][info][gc             ] GC(2100) Pause Full (Allocation Failure) 753M->478M(867M) 939.182ms
[671.332s][info][gc,cpu         ] GC(2100) User=1.76s Sys=0.00s Real=0.93s
[671.484s][info][gc,start       ] GC(2101) Pause Young (Allocation Failure)
[671.486s][info][gc,heap        ] GC(2101) PSYoungGen: 111616K(220160K)->64K(220160K) Eden: 111616K(111616K)->0K(111616K) From: 0K(108544K)->64K(108544K)
[671.486s][info][gc,heap        ] GC(2101) ParOldGen: 489731K(667648K)->489731K(667648K)
[671.486s][info][gc,metaspace   ] GC(2101) Metaspace: 19010K(19136K)->19010K(19136K) NonClass: 17181K(17280K)->17181K(17280K) Class: 1829K(1856K)->1829K(1856K)
[671.486s][info][gc             ] GC(2101) Pause Young (Allocation Failure) 587M->478M(867M) 1.790ms
[671.486s][info][gc,cpu         ] GC(2101) User=0.01s Sys=0.01s Real=0.00s
[671.638s][info][gc,start       ] GC(2102) Pause Young (Allocation Failure)
[671.640s][info][gc,heap        ] GC(2102) PSYoungGen: 111680K(220160K)->64K(223232K) Eden: 111616K(111616K)->0K(112640K) From: 64K(108544K)->64K(110592K)
[671.640s][info][gc,heap        ] GC(2102) ParOldGen: 489731K(667648K)->489731K(667648K)
[671.640s][info][gc,metaspace   ] GC(2102) Metaspace: 19010K(19136K)->19010K(19136K) NonClass: 17181K(17280K)->17181K(17280K) Class: 1829K(1856K)->1829K(1856K)
[671.640s][info][gc             ] GC(2102) Pause Young (Allocation Failure) 587M->478M(870M) 1.853ms
[671.640s][info][gc,cpu         ] GC(2102) User=0.00s Sys=0.00s Real=0.00s
[671.798s][info][gc,start       ] GC(2103) Pause Young (Allocation Failure)
[671.800s][info][gc,heap        ] GC(2103) PSYoungGen: 112704K(223232K)->64K(113152K) Eden: 112640K(112640K)->0K(112640K) From: 64K(110592K)->64K(512K)
[671.800s][info][gc,heap        ] GC(2103) ParOldGen: 489731K(667648K)->489731K(667648K)
[671.800s][info][gc,metaspace   ] GC(2103) Metaspace: 19010K(19136K)->19010K(19136K) NonClass: 17181K(17280K)->17181K(17280K) Class: 1829K(1856K)->1829K(1856K)
[671.800s][info][gc             ] GC(2103) Pause Young (Allocation Failure) 588M->478M(762M) 1.786ms
[671.800s][info][gc,cpu         ] GC(2103) User=0.00s Sys=0.00s Real=0.00s
[671.952s][info][gc,start       ] GC(2104) Pause Young (Allocation Failure)
[671.954s][info][gc,heap        ] GC(2104) PSYoungGen: 112704K(113152K)->64K(224768K) Eden: 112640K(112640K)->0K(114688K) From: 64K(512K)->64K(110080K)
[671.954s][info][gc,heap        ] GC(2104) ParOldGen: 489731K(667648K)->489731K(667648K)
[671.954s][info][gc,metaspace   ] GC(2104) Metaspace: 19010K(19136K)->19010K(19136K) NonClass: 17181K(17280K)->17181K(17280K) Class: 1829K(1856K)->1829K(1856K)
[671.954s][info][gc             ] GC(2104) Pause Young (Allocation Failure) 588M->478M(871M) 1.795ms
[671.954s][info][gc,cpu         ] GC(2104) User=0.01s Sys=0.00s Real=0.00s
[672.087s][info][gc,start       ] GC(2105) Pause Young (Allocation Failure)
[672.103s][info][gc,heap        ] GC(2105) PSYoungGen: 114752K(224768K)->11616K(126464K) Eden: 114688K(114688K)->0K(114688K) From: 64K(110080K)->11616K(11776K)
[672.103s][info][gc,heap        ] GC(2105) ParOldGen: 489731K(667648K)->489731K(667648K)
[672.103s][info][gc,metaspace   ] GC(2105) Metaspace: 19011K(19136K)->19011K(19136K) NonClass: 17182K(17280K)->17182K(17280K) Class: 1829K(1856K)->1829K(1856K)
[672.103s][info][gc             ] GC(2105) Pause Young (Allocation Failure) 590M->489M(775M) 15.540ms
[672.103s][info][gc,cpu         ] GC(2105) User=0.03s Sys=0.00s Real=0.02s
[672.211s][info][gc,start       ] GC(2106) Pause Young (Allocation Failure)
[672.239s][info][gc,heap        ] GC(2106) PSYoungGen: 126304K(126464K)->25600K(215552K) Eden: 114688K(114688K)->0K(120832K) From: 11616K(11776K)->25600K(94720K)
[672.240s][info][gc,heap        ] GC(2106) ParOldGen: 489731K(667648K)->489731K(667648K)
[672.240s][info][gc,metaspace   ] GC(2106) Metaspace: 19011K(19136K)->19011K(19136K) NonClass: 17182K(17280K)->17182K(17280K) Class: 1829K(1856K)->1829K(1856K)
[672.240s][info][gc             ] GC(2106) Pause Young (Allocation Failure) 601M->503M(862M) 28.855ms
[672.240s][info][gc,cpu         ] GC(2106) User=0.06s Sys=0.00s Real=0.03s
[672.349s][info][gc,start       ] GC(2107) Pause Young (Allocation Failure)
[672.392s][info][gc,heap        ] GC(2107) PSYoungGen: 146432K(215552K)->32992K(217600K) Eden: 120832K(120832K)->0K(120832K) From: 25600K(94720K)->32992K(96768K)
[672.392s][info][gc,heap        ] GC(2107) ParOldGen: 489731K(667648K)->489731K(667648K)
[672.392s][info][gc,metaspace   ] GC(2107) Metaspace: 19011K(19136K)->19011K(19136K) NonClass: 17182K(17280K)->17182K(17280K) Class: 1829K(1856K)->1829K(1856K)
[672.392s][info][gc             ] GC(2107) Pause Young (Allocation Failure) 621M->510M(864M) 43.127ms
[672.392s][info][gc,cpu         ] GC(2107) User=0.08s Sys=0.00s Real=0.04s
[672.555s][info][gc,start       ] GC(2108) Pause Young (Allocation Failure)
[672.596s][info][gc,heap        ] GC(2108) PSYoungGen: 153824K(217600K)->33760K(210944K) Eden: 120832K(120832K)->0K(128512K) From: 32992K(96768K)->33760K(82432K)
[672.596s][info][gc,heap        ] GC(2108) ParOldGen: 489731K(667648K)->489731K(667648K)
[672.596s][info][gc,metaspace   ] GC(2108) Metaspace: 19011K(19136K)->19011K(19136K) NonClass: 17182K(17280K)->17182K(17280K) Class: 1829K(1856K)->1829K(1856K)
[672.596s][info][gc             ] GC(2108) Pause Young (Allocation Failure) 628M->511M(858M) 40.656ms
[672.596s][info][gc,cpu         ] GC(2108) User=0.08s Sys=0.00s Real=0.04s
[672.729s][info][gc,start       ] GC(2109) Pause Young (Allocation Failure)
[672.771s][info][gc,heap        ] GC(2109) PSYoungGen: 162272K(210944K)->35296K(215552K) Eden: 128512K(128512K)->0K(128512K) From: 33760K(82432K)->35296K(87040K)
[672.771s][info][gc,heap        ] GC(2109) ParOldGen: 489731K(667648K)->489731K(667648K)
[672.771s][info][gc,metaspace   ] GC(2109) Metaspace: 19011K(19136K)->19011K(19136K) NonClass: 17182K(17280K)->17182K(17280K) Class: 1829K(1856K)->1829K(1856K)
[672.771s][info][gc             ] GC(2109) Pause Young (Allocation Failure) 636M->512M(862M) 42.579ms
[672.771s][info][gc,cpu         ] GC(2109) User=0.09s Sys=0.00s Real=0.04s
[672.928s][info][gc,start       ] GC(2110) Pause Young (Allocation Failure)
[672.971s][info][gc,heap        ] GC(2110) PSYoungGen: 163808K(215552K)->35264K(214528K) Eden: 128512K(128512K)->0K(137216K) From: 35296K(87040K)->35264K(77312K)
[672.971s][info][gc,heap        ] GC(2110) ParOldGen: 489731K(667648K)->489731K(667648K)
[672.971s][info][gc,metaspace   ] GC(2110) Metaspace: 19011K(19136K)->19011K(19136K) NonClass: 17182K(17280K)->17182K(17280K) Class: 1829K(1856K)->1829K(1856K)
[672.971s][info][gc             ] GC(2110) Pause Young (Allocation Failure) 638M->512M(861M) 42.965ms
[672.971s][info][gc,cpu         ] GC(2110) User=0.08s Sys=0.00s Real=0.04s
[673.117s][info][gc,start       ] GC(2111) Pause Young (Allocation Failure)
[673.169s][info][gc,heap        ] GC(2111) PSYoungGen: 172480K(214528K)->43968K(217600K) Eden: 137216K(137216K)->0K(137216K) From: 35264K(77312K)->43968K(80384K)
[673.169s][info][gc,heap        ] GC(2111) ParOldGen: 489731K(667648K)->489731K(667648K)
[673.169s][info][gc,metaspace   ] GC(2111) Metaspace: 19011K(19136K)->19011K(19136K) NonClass: 17182K(17280K)->17182K(17280K) Class: 1829K(1856K)->1829K(1856K)
[673.169s][info][gc             ] GC(2111) Pause Young (Allocation Failure) 646M->521M(864M) 52.235ms
[673.169s][info][gc,cpu         ] GC(2111) User=0.10s Sys=0.01s Real=0.05s
[673.475s][info][gc,start       ] GC(2112) Pause Young (Allocation Failure)
[673.524s][info][gc,heap        ] GC(2112) PSYoungGen: 181184K(217600K)->44000K(225280K) Eden: 137216K(137216K)->0K(146432K) From: 43968K(80384K)->44000K(78848K)
[673.524s][info][gc,heap        ] GC(2112) ParOldGen: 489731K(667648K)->489731K(667648K)
[673.524s][info][gc,metaspace   ] GC(2112) Metaspace: 19015K(19136K)->19015K(19136K) NonClass: 17186K(17280K)->17186K(17280K) Class: 1829K(1856K)->1829K(1856K)
[673.524s][info][gc             ] GC(2112) Pause Young (Allocation Failure) 655M->521M(872M) 49.680ms
[673.524s][info][gc,cpu         ] GC(2112) User=0.10s Sys=0.00s Real=0.05s
[673.806s][info][gc,start       ] GC(2113) Pause Young (Allocation Failure)
[673.856s][info][gc,heap        ] GC(2113) PSYoungGen: 190432K(225280K)->44128K(226304K) Eden: 146432K(146432K)->0K(146432K) From: 44000K(78848K)->44128K(79872K)
[673.856s][info][gc,heap        ] GC(2113) ParOldGen: 489731K(667648K)->489731K(667648K)
[673.856s][info][gc,metaspace   ] GC(2113) Metaspace: 19017K(19136K)->19017K(19136K) NonClass: 17187K(17280K)->17187K(17280K) Class: 1829K(1856K)->1829K(1856K)
[673.856s][info][gc             ] GC(2113) Pause Young (Allocation Failure) 664M->521M(873M) 50.299ms
[673.856s][info][gc,cpu         ] GC(2113) User=0.09s Sys=0.00s Real=0.05s
[674.148s][info][gc,start       ] GC(2114) Pause Young (Allocation Failure)
[674.197s][info][gc,heap        ] GC(2114) PSYoungGen: 190560K(226304K)->44128K(232960K) Eden: 146432K(146432K)->0K(155648K) From: 44128K(79872K)->44128K(77312K)
[674.197s][info][gc,heap        ] GC(2114) ParOldGen: 489731K(667648K)->489731K(667648K)
[674.197s][info][gc,metaspace   ] GC(2114) Metaspace: 19017K(19136K)->19017K(19136K) NonClass: 17188K(17280K)->17188K(17280K) Class: 1829K(1856K)->1829K(1856K)
[674.197s][info][gc             ] GC(2114) Pause Young (Allocation Failure) 664M->521M(879M) 48.972ms
[674.197s][info][gc,cpu         ] GC(2114) User=0.10s Sys=0.00s Real=0.05s
[674.501s][info][gc,start       ] GC(2115) Pause Young (Allocation Failure)
[674.547s][info][gc,heap        ] GC(2115) PSYoungGen: 199776K(232960K)->44192K(233984K) Eden: 155648K(155648K)->0K(155648K) From: 44128K(77312K)->44192K(78336K)
[674.547s][info][gc,heap        ] GC(2115) ParOldGen: 489731K(667648K)->489731K(667648K)
[674.547s][info][gc,metaspace   ] GC(2115) Metaspace: 19024K(19136K)->19024K(19136K) NonClass: 17195K(17280K)->17195K(17280K) Class: 1829K(1856K)->1829K(1856K)
[674.547s][info][gc             ] GC(2115) Pause Young (Allocation Failure) 673M->521M(880M) 45.949ms
[674.547s][info][gc,cpu         ] GC(2115) User=0.09s Sys=0.00s Real=0.05s
[674.768s][info][gc,start       ] GC(2116) Pause Young (Allocation Failure)
[674.829s][info][gc,heap        ] GC(2116) PSYoungGen: 199840K(233984K)->58176K(238080K) Eden: 155648K(155648K)->0K(160768K) From: 44192K(78336K)->58176K(77312K)
[674.829s][info][gc,heap        ] GC(2116) ParOldGen: 489731K(667648K)->489739K(667648K)
[674.829s][info][gc,metaspace   ] GC(2116) Metaspace: 19026K(19136K)->19026K(19136K) NonClass: 17197K(17280K)->17197K(17280K) Class: 1829K(1856K)->1829K(1856K)
[674.829s][info][gc             ] GC(2116) Pause Young (Allocation Failure) 673M->535M(884M) 61.172ms
[674.829s][info][gc,cpu         ] GC(2116) User=0.12s Sys=0.00s Real=0.06s
[675.025s][info][gc,start       ] GC(2117) Pause Young (Allocation Failure)
[675.086s][info][gc,heap        ] GC(2117) PSYoungGen: 218944K(238080K)->59968K(242176K) Eden: 160768K(160768K)->0K(160768K) From: 58176K(77312K)->59968K(81408K)
[675.086s][info][gc,heap        ] GC(2117) ParOldGen: 489739K(667648K)->489747K(667648K)
[675.086s][info][gc,metaspace   ] GC(2117) Metaspace: 19037K(19200K)->19037K(19200K) NonClass: 17208K(17344K)->17208K(17344K) Class: 1829K(1856K)->1829K(1856K)
[675.086s][info][gc             ] GC(2117) Pause Young (Allocation Failure) 692M->536M(888M) 60.424ms
[675.086s][info][gc,cpu         ] GC(2117) User=0.12s Sys=0.00s Real=0.06s
[675.193s][info][gc,start       ] GC(2118) Pause Young (Allocation Failure)
[675.320s][info][gc,heap        ] GC(2118) PSYoungGen: 220736K(242176K)->85472K(205312K) Eden: 160768K(160768K)->0K(119808K) From: 59968K(81408K)->85472K(85504K)
[675.320s][info][gc,heap        ] GC(2118) ParOldGen: 489747K(667648K)->515507K(667648K)
[675.320s][info][gc,metaspace   ] GC(2118) Metaspace: 19037K(19200K)->19037K(19200K) NonClass: 17208K(17344K)->17208K(17344K) Class: 1829K(1856K)->1829K(1856K)
[675.320s][info][gc             ] GC(2118) Pause Young (Allocation Failure) 693M->586M(852M) 127.458ms
[675.320s][info][gc,cpu         ] GC(2118) User=0.23s Sys=0.02s Real=0.12s
[675.560s][info][gc,start       ] GC(2119) Pause Young (Allocation Failure)
[675.655s][info][gc,heap        ] GC(2119) PSYoungGen: 205280K(205312K)->79376K(199680K) Eden: 119808K(119808K)->0K(119808K) From: 85472K(85504K)->79376K(79872K)
[675.655s][info][gc,heap        ] GC(2119) ParOldGen: 515507K(667648K)->527131K(667648K)
[675.655s][info][gc,metaspace   ] GC(2119) Metaspace: 19037K(19200K)->19037K(19200K) NonClass: 17208K(17344K)->17208K(17344K) Class: 1829K(1856K)->1829K(1856K)
[675.655s][info][gc             ] GC(2119) Pause Young (Allocation Failure) 703M->592M(847M) 95.398ms
[675.655s][info][gc,cpu         ] GC(2119) User=0.19s Sys=0.00s Real=0.10s
[675.826s][info][gc,start       ] GC(2120) Pause Young (Allocation Failure)
[675.935s][info][gc,heap        ] GC(2120) PSYoungGen: 199184K(199680K)->71424K(222720K) Eden: 119808K(119808K)->0K(111616K) From: 79376K(79872K)->71424K(111104K)
[675.935s][info][gc,heap        ] GC(2120) ParOldGen: 527131K(667648K)->548579K(667648K)
[675.935s][info][gc,metaspace   ] GC(2120) Metaspace: 19037K(19200K)->19037K(19200K) NonClass: 17208K(17344K)->17208K(17344K) Class: 1829K(1856K)->1829K(1856K)
[675.935s][info][gc             ] GC(2120) Pause Young (Allocation Failure) 709M->605M(869M) 109.043ms
[675.935s][info][gc,cpu         ] GC(2120) User=0.22s Sys=0.00s Real=0.11s
[676.105s][info][gc,start       ] GC(2121) Pause Young (Allocation Failure)
[676.198s][info][gc,heap        ] GC(2121) PSYoungGen: 183040K(222720K)->69120K(222720K) Eden: 111616K(111616K)->0K(111616K) From: 71424K(111104K)->69120K(111104K)
[676.198s][info][gc,heap        ] GC(2121) ParOldGen: 548579K(667648K)->550883K(667648K)
[676.198s][info][gc,metaspace   ] GC(2121) Metaspace: 19037K(19200K)->19037K(19200K) NonClass: 17208K(17344K)->17208K(17344K) Class: 1829K(1856K)->1829K(1856K)
[676.198s][info][gc             ] GC(2121) Pause Young (Allocation Failure) 714M->605M(869M) 93.067ms
[676.198s][info][gc,cpu         ] GC(2121) User=0.19s Sys=0.00s Real=0.09s
[676.365s][info][gc,start       ] GC(2122) Pause Young (Allocation Failure)
[676.449s][info][gc,heap        ] GC(2122) PSYoungGen: 180736K(222720K)->60448K(221696K) Eden: 111616K(111616K)->0K(111616K) From: 69120K(111104K)->60448K(110080K)
[676.449s][info][gc,heap        ] GC(2122) ParOldGen: 550883K(667648K)->559611K(667648K)
[676.449s][info][gc,metaspace   ] GC(2122) Metaspace: 19037K(19200K)->19037K(19200K) NonClass: 17208K(17344K)->17208K(17344K) Class: 1829K(1856K)->1829K(1856K)
[676.449s][info][gc             ] GC(2122) Pause Young (Allocation Failure) 714M->605M(868M) 84.506ms
[676.449s][info][gc,cpu         ] GC(2122) User=0.16s Sys=0.00s Real=0.08s
[676.603s][info][gc,start       ] GC(2123) Pause Young (Allocation Failure)
[676.678s][info][gc,heap        ] GC(2123) PSYoungGen: 172064K(221696K)->60448K(172544K) Eden: 111616K(111616K)->0K(111616K) From: 60448K(110080K)->60448K(60928K)
[676.678s][info][gc,heap        ] GC(2123) ParOldGen: 559611K(667648K)->559611K(667648K)
[676.678s][info][gc,metaspace   ] GC(2123) Metaspace: 19037K(19200K)->19037K(19200K) NonClass: 17208K(17344K)->17208K(17344K) Class: 1829K(1856K)->1829K(1856K)
[676.678s][info][gc             ] GC(2123) Pause Young (Allocation Failure) 714M->605M(820M) 75.065ms
[676.678s][info][gc,cpu         ] GC(2123) User=0.15s Sys=0.00s Real=0.07s
[676.828s][info][gc,start       ] GC(2124) Pause Young (Allocation Failure)
[676.901s][info][gc,heap        ] GC(2124) PSYoungGen: 172064K(172544K)->60448K(223232K) Eden: 111616K(111616K)->0K(116224K) From: 60448K(60928K)->60448K(107008K)
[676.901s][info][gc,heap        ] GC(2124) ParOldGen: 559611K(667648K)->559611K(667648K)
[676.901s][info][gc,metaspace   ] GC(2124) Metaspace: 19037K(19200K)->19037K(19200K) NonClass: 17208K(17344K)->17208K(17344K) Class: 1829K(1856K)->1829K(1856K)
[676.901s][info][gc             ] GC(2124) Pause Young (Allocation Failure) 714M->605M(870M) 73.802ms
[676.901s][info][gc,cpu         ] GC(2124) User=0.15s Sys=0.00s Real=0.07s
[677.017s][info][gc,start       ] GC(2125) Pause Young (Allocation Failure)
[677.119s][info][gc,heap        ] GC(2125) PSYoungGen: 176672K(223232K)->80256K(220160K) Eden: 116224K(116224K)->0K(116224K) From: 60448K(107008K)->80256K(103936K)
[677.119s][info][gc,heap        ] GC(2125) ParOldGen: 559611K(667648K)->559611K(667648K)
[677.119s][info][gc,metaspace   ] GC(2125) Metaspace: 19037K(19200K)->19037K(19200K) NonClass: 17208K(17344K)->17208K(17344K) Class: 1829K(1856K)->1829K(1856K)
[677.119s][info][gc             ] GC(2125) Pause Young (Allocation Failure) 719M->624M(867M) 102.048ms
[677.119s][info][gc,cpu         ] GC(2125) User=0.20s Sys=0.00s Real=0.10s
[677.233s][info][gc,start       ] GC(2126) Pause Young (Allocation Failure)
[677.358s][info][gc,heap        ] GC(2126) PSYoungGen: 196480K(220160K)->98016K(219648K) Eden: 116224K(116224K)->0K(111616K) From: 80256K(103936K)->98016K(108032K)
[677.358s][info][gc,heap        ] GC(2126) ParOldGen: 559611K(667648K)->559611K(667648K)
[677.358s][info][gc,metaspace   ] GC(2126) Metaspace: 19037K(19200K)->19037K(19200K) NonClass: 17208K(17344K)->17208K(17344K) Class: 1829K(1856K)->1829K(1856K)
[677.358s][info][gc             ] GC(2126) Pause Young (Allocation Failure) 738M->642M(866M) 125.002ms
[677.358s][info][gc,cpu         ] GC(2126) User=0.24s Sys=0.00s Real=0.12s
[677.474s][info][gc,start       ] GC(2127) Pause Young (Allocation Failure)
[677.604s][info][gc,heap        ] GC(2127) PSYoungGen: 209632K(219648K)->107424K(222720K) Eden: 111616K(111616K)->0K(111616K) From: 98016K(108032K)->107424K(111104K)
[677.604s][info][gc,heap        ] GC(2127) ParOldGen: 559611K(667648K)->559793K(667648K)
[677.604s][info][gc,metaspace   ] GC(2127) Metaspace: 19037K(19200K)->19037K(19200K) NonClass: 17208K(17344K)->17208K(17344K) Class: 1829K(1856K)->1829K(1856K)
[677.604s][info][gc             ] GC(2127) Pause Young (Allocation Failure) 751M->651M(869M) 130.489ms
[677.604s][info][gc,cpu         ] GC(2127) User=0.26s Sys=0.00s Real=0.13s
[677.730s][info][gc,start       ] GC(2128) Pause Young (Allocation Failure)
[677.878s][info][gc,heap        ] GC(2128) PSYoungGen: 219040K(222720K)->111072K(222720K) Eden: 111616K(111616K)->0K(111616K) From: 107424K(111104K)->111072K(111104K)
[677.878s][info][gc,heap        ] GC(2128) ParOldGen: 559793K(667648K)->574057K(667648K)
[677.878s][info][gc,metaspace   ] GC(2128) Metaspace: 19037K(19200K)->19037K(19200K) NonClass: 17208K(17344K)->17208K(17344K) Class: 1829K(1856K)->1829K(1856K)
[677.878s][info][gc             ] GC(2128) Pause Young (Allocation Failure) 760M->669M(869M) 147.855ms
[677.878s][info][gc,cpu         ] GC(2128) User=0.28s Sys=0.01s Real=0.15s
[677.968s][info][gc,start       ] GC(2129) Pause Young (Allocation Failure)
[678.106s][info][gc,heap        ] GC(2129) PSYoungGen: 222688K(222720K)->108736K(222720K) Eden: 111616K(111616K)->0K(111616K) From: 111072K(111104K)->108736K(111104K)
[678.106s][info][gc,heap        ] GC(2129) ParOldGen: 574057K(667648K)->589844K(667648K)
[678.106s][info][gc,metaspace   ] GC(2129) Metaspace: 19037K(19200K)->19037K(19200K) NonClass: 17208K(17344K)->17208K(17344K) Class: 1829K(1856K)->1829K(1856K)
[678.106s][info][gc             ] GC(2129) Pause Young (Allocation Failure) 778M->682M(869M) 138.043ms
[678.106s][info][gc,cpu         ] GC(2129) User=0.27s Sys=0.00s Real=0.14s
[678.173s][info][gc,start       ] GC(2130) Pause Young (Allocation Failure)
[678.295s][info][gc,heap        ] GC(2130) PSYoungGen: 220352K(222720K)->81216K(222720K) Eden: 111616K(111616K)->0K(111616K) From: 108736K(111104K)->81216K(111104K)
[678.295s][info][gc,heap        ] GC(2130) ParOldGen: 589844K(667648K)->621004K(667648K)
[678.295s][info][gc,metaspace   ] GC(2130) Metaspace: 19037K(19200K)->19037K(19200K) NonClass: 17208K(17344K)->17208K(17344K) Class: 1829K(1856K)->1829K(1856K)
[678.295s][info][gc             ] GC(2130) Pause Young (Allocation Failure) 791M->685M(869M) 121.403ms
[678.295s][info][gc,cpu         ] GC(2130) User=0.24s Sys=0.00s Real=0.12s
[678.393s][info][gc,start       ] GC(2131) Pause Young (Allocation Failure)
[678.486s][info][gc,heap        ] GC(2131) PSYoungGen: 192832K(222720K)->68864K(222720K) Eden: 111616K(111616K)->0K(111616K) From: 81216K(111104K)->68864K(111104K)
[678.487s][info][gc,heap        ] GC(2131) ParOldGen: 621004K(667648K)->634345K(667648K)
[678.487s][info][gc,metaspace   ] GC(2131) Metaspace: 19037K(19200K)->19037K(19200K) NonClass: 17208K(17344K)->17208K(17344K) Class: 1829K(1856K)->1829K(1856K)
[678.487s][info][gc             ] GC(2131) Pause Young (Allocation Failure) 794M->686M(869M) 93.960ms
[678.487s][info][gc,cpu         ] GC(2131) User=0.19s Sys=0.00s Real=0.09s
[678.617s][info][gc,start       ] GC(2132) Pause Full (Allocation Failure)
[678.617s][info][gc,phases,start] GC(2132) Marking Phase
[679.049s][info][gc,phases      ] GC(2132) Marking Phase 432.451ms
[679.049s][info][gc,phases,start] GC(2132) Summary Phase
[679.049s][info][gc,phases      ] GC(2132) Summary Phase 0.029ms
[679.049s][info][gc,phases,start] GC(2132) Forward
[679.091s][info][gc,phases      ] GC(2132) Forward 41.459ms
[679.091s][info][gc,phases,start] GC(2132) Adjust Pointers
[679.405s][info][gc,phases      ] GC(2132) Adjust Pointers 314.746ms
[679.405s][info][gc,phases,start] GC(2132) Compaction Phase
[679.546s][info][gc,phases      ] GC(2132) Compaction Phase 140.825ms
[679.549s][info][gc,phases,start] GC(2132) Post Compact
[679.552s][info][gc,phases      ] GC(2132) Post Compact 2.402ms
[679.552s][info][gc,heap        ] GC(2132) PSYoungGen: 180480K(222720K)->0K(222720K) Eden: 111616K(111616K)->0K(111616K) From: 68864K(111104K)->0K(111104K)
[679.552s][info][gc,heap        ] GC(2132) ParOldGen: 634345K(667648K)->567252K(667648K)
[679.552s][info][gc,metaspace   ] GC(2132) Metaspace: 19037K(19200K)->19037K(19200K) NonClass: 17208K(17344K)->17208K(17344K) Class: 1829K(1856K)->1829K(1856K)
[679.552s][info][gc             ] GC(2132) Pause Full (Allocation Failure) 795M->553M(869M) 935.145ms
[679.552s][info][gc,cpu         ] GC(2132) User=1.82s Sys=0.00s Real=0.93s
[679.632s][info][gc,start       ] GC(2133) Pause Young (Allocation Failure)
[679.654s][info][gc,heap        ] GC(2133) PSYoungGen: 111616K(222720K)->13600K(222720K) Eden: 111616K(111616K)->0K(111616K) From: 0K(111104K)->13600K(111104K)
[679.654s][info][gc,heap        ] GC(2133) ParOldGen: 567252K(667648K)->567252K(667648K)
[679.654s][info][gc,metaspace   ] GC(2133) Metaspace: 19037K(19200K)->19037K(19200K) NonClass: 17208K(17344K)->17208K(17344K) Class: 1829K(1856K)->1829K(1856K)
[679.654s][info][gc             ] GC(2133) Pause Young (Allocation Failure) 662M->567M(869M) 22.000ms
[679.654s][info][gc,cpu         ] GC(2133) User=0.05s Sys=0.00s Real=0.02s
[679.731s][info][gc,start       ] GC(2134) Pause Young (Allocation Failure)
[679.759s][info][gc,heap        ] GC(2134) PSYoungGen: 125216K(222720K)->20704K(222720K) Eden: 111616K(111616K)->0K(111616K) From: 13600K(111104K)->20704K(111104K)
[679.759s][info][gc,heap        ] GC(2134) ParOldGen: 567252K(667648K)->567252K(667648K)
[679.759s][info][gc,metaspace   ] GC(2134) Metaspace: 19037K(19200K)->19037K(19200K) NonClass: 17208K(17344K)->17208K(17344K) Class: 1829K(1856K)->1829K(1856K)
[679.759s][info][gc             ] GC(2134) Pause Young (Allocation Failure) 676M->574M(869M) 28.209ms
[679.759s][info][gc,cpu         ] GC(2134) User=0.05s Sys=0.00s Real=0.03s
[679.845s][info][gc,start       ] GC(2135) Pause Young (Allocation Failure)
[679.882s][info][gc,heap        ] GC(2135) PSYoungGen: 132320K(222720K)->32128K(222720K) Eden: 111616K(111616K)->0K(111616K) From: 20704K(111104K)->32128K(111104K)
[679.882s][info][gc,heap        ] GC(2135) ParOldGen: 567252K(667648K)->567252K(667648K)
[679.882s][info][gc,metaspace   ] GC(2135) Metaspace: 19037K(19200K)->19037K(19200K) NonClass: 17208K(17344K)->17208K(17344K) Class: 1829K(1856K)->1829K(1856K)
[679.882s][info][gc             ] GC(2135) Pause Young (Allocation Failure) 683M->585M(869M) 36.900ms
[679.882s][info][gc,cpu         ] GC(2135) User=0.08s Sys=0.00s Real=0.03s
[679.941s][info][gc,start       ] GC(2136) Pause Young (Allocation Failure)
[679.981s][info][gc,heap        ] GC(2136) PSYoungGen: 143744K(222720K)->33120K(222720K) Eden: 111616K(111616K)->0K(111616K) From: 32128K(111104K)->33120K(111104K)
[679.982s][info][gc,heap        ] GC(2136) ParOldGen: 567252K(667648K)->567252K(667648K)
[679.982s][info][gc,metaspace   ] GC(2136) Metaspace: 19037K(19200K)->19037K(19200K) NonClass: 17208K(17344K)->17208K(17344K) Class: 1829K(1856K)->1829K(1856K)
[679.982s][info][gc             ] GC(2136) Pause Young (Allocation Failure) 694M->586M(869M) 40.510ms
[679.982s][info][gc,cpu         ] GC(2136) User=0.08s Sys=0.00s Real=0.04s
[680.063s][info][gc,start       ] GC(2137) Pause Young (Allocation Failure)
[680.104s][info][gc,heap        ] GC(2137) PSYoungGen: 144736K(222720K)->33760K(222720K) Eden: 111616K(111616K)->0K(111616K) From: 33120K(111104K)->33760K(111104K)
[680.104s][info][gc,heap        ] GC(2137) ParOldGen: 567252K(667648K)->567252K(667648K)
[680.104s][info][gc,metaspace   ] GC(2137) Metaspace: 19037K(19200K)->19037K(19200K) NonClass: 17208K(17344K)->17208K(17344K) Class: 1829K(1856K)->1829K(1856K)
[680.104s][info][gc             ] GC(2137) Pause Young (Allocation Failure) 695M->586M(869M) 41.148ms
[680.104s][info][gc,cpu         ] GC(2137) User=0.09s Sys=0.00s Real=0.04s
[680.193s][info][gc,start       ] GC(2138) Pause Young (Allocation Failure)
[680.234s][info][gc,heap        ] GC(2138) PSYoungGen: 145376K(222720K)->15936K(222720K) Eden: 111616K(111616K)->0K(111616K) From: 33760K(111104K)->15936K(111104K)
[680.234s][info][gc,heap        ] GC(2138) ParOldGen: 567252K(667648K)->587980K(667648K)
[680.234s][info][gc,metaspace   ] GC(2138) Metaspace: 19037K(19200K)->19037K(19200K) NonClass: 17208K(17344K)->17208K(17344K) Class: 1829K(1856K)->1829K(1856K)
[680.234s][info][gc             ] GC(2138) Pause Young (Allocation Failure) 695M->589M(869M) 41.329ms
[680.234s][info][gc,cpu         ] GC(2138) User=0.08s Sys=0.00s Real=0.04s
[680.326s][info][gc,start       ] GC(2139) Pause Young (Allocation Failure)
[680.352s][info][gc,heap        ] GC(2139) PSYoungGen: 127552K(222720K)->9344K(222720K) Eden: 111616K(111616K)->0K(111616K) From: 15936K(111104K)->9344K(111104K)
[680.352s][info][gc,heap        ] GC(2139) ParOldGen: 587980K(667648K)->600452K(667648K)
[680.352s][info][gc,metaspace   ] GC(2139) Metaspace: 19037K(19200K)->19037K(19200K) NonClass: 17208K(17344K)->17208K(17344K) Class: 1829K(1856K)->1829K(1856K)
[680.352s][info][gc             ] GC(2139) Pause Young (Allocation Failure) 698M->595M(869M) 26.709ms
[680.352s][info][gc,cpu         ] GC(2139) User=0.06s Sys=0.00s Real=0.03s
[680.447s][info][gc,start       ] GC(2140) Pause Young (Allocation Failure)
[680.477s][info][gc,heap        ] GC(2140) PSYoungGen: 120960K(222720K)->20000K(222720K) Eden: 111616K(111616K)->0K(111616K) From: 9344K(111104K)->20000K(111104K)
[680.477s][info][gc,heap        ] GC(2140) ParOldGen: 600452K(667648K)->603924K(667648K)
[680.477s][info][gc,metaspace   ] GC(2140) Metaspace: 19037K(19200K)->19037K(19200K) NonClass: 17208K(17344K)->17208K(17344K) Class: 1829K(1856K)->1829K(1856K)
[680.477s][info][gc             ] GC(2140) Pause Young (Allocation Failure) 704M->609M(869M) 30.615ms
[680.477s][info][gc,cpu         ] GC(2140) User=0.06s Sys=0.00s Real=0.03s
[680.839s][info][gc,start       ] GC(2141) Pause Young (Allocation Failure)
[680.872s][info][gc,heap        ] GC(2141) PSYoungGen: 131616K(222720K)->8664K(222720K) Eden: 111616K(111616K)->0K(111616K) From: 20000K(111104K)->8664K(111104K)
[680.872s][info][gc,heap        ] GC(2141) ParOldGen: 603924K(667648K)->623995K(667648K)
[680.872s][info][gc,metaspace   ] GC(2141) Metaspace: 19037K(19200K)->19037K(19200K) NonClass: 17208K(17344K)->17208K(17344K) Class: 1829K(1856K)->1829K(1856K)
[680.872s][info][gc             ] GC(2141) Pause Young (Allocation Failure) 718M->617M(869M) 33.425ms
[680.872s][info][gc,cpu         ] GC(2141) User=0.06s Sys=0.01s Real=0.04s
[680.967s][info][gc,start       ] GC(2142) Pause Young (Allocation Failure)
[680.987s][info][gc,heap        ] GC(2142) PSYoungGen: 120280K(222720K)->8480K(222720K) Eden: 111616K(111616K)->0K(111616K) From: 8664K(111104K)->8480K(111104K)
[680.987s][info][gc,heap        ] GC(2142) ParOldGen: 623995K(667648K)->632676K(667648K)
[680.987s][info][gc,metaspace   ] GC(2142) Metaspace: 19037K(19200K)->19037K(19200K) NonClass: 17208K(17344K)->17208K(17344K) Class: 1829K(1856K)->1829K(1856K)
[680.987s][info][gc             ] GC(2142) Pause Young (Allocation Failure) 726M->626M(869M) 20.066ms
[680.987s][info][gc,cpu         ] GC(2142) User=0.04s Sys=0.00s Real=0.02s
[681.235s][info][gc,start       ] GC(2143) Pause Full (Allocation Failure)
[681.235s][info][gc,phases,start] GC(2143) Marking Phase
[681.719s][info][gc,phases      ] GC(2143) Marking Phase 483.818ms
[681.719s][info][gc,phases,start] GC(2143) Summary Phase
[681.719s][info][gc,phases      ] GC(2143) Summary Phase 0.027ms
[681.719s][info][gc,phases,start] GC(2143) Forward
[681.734s][info][gc,phases      ] GC(2143) Forward 15.569ms
[681.734s][info][gc,phases,start] GC(2143) Adjust Pointers
[682.076s][info][gc,phases      ] GC(2143) Adjust Pointers 341.247ms
[682.076s][info][gc,phases,start] GC(2143) Compaction Phase
[682.217s][info][gc,phases      ] GC(2143) Compaction Phase 141.291ms
[682.217s][info][gc,phases,start] GC(2143) Post Compact
[682.219s][info][gc,phases      ] GC(2143) Post Compact 2.209ms
[682.219s][info][gc,heap        ] GC(2143) PSYoungGen: 120096K(222720K)->0K(222720K) Eden: 111616K(111616K)->0K(111616K) From: 8480K(111104K)->0K(111104K)
[682.219s][info][gc,heap        ] GC(2143) ParOldGen: 632676K(667648K)->641490K(667648K)
[682.219s][info][gc,metaspace   ] GC(2143) Metaspace: 19037K(19200K)->19037K(19200K) NonClass: 17208K(17344K)->17208K(17344K) Class: 1829K(1856K)->1829K(1856K)
[682.220s][info][gc             ] GC(2143) Pause Full (Allocation Failure) 735M->626M(869M) 984.714ms
[682.220s][info][gc,cpu         ] GC(2143) User=1.93s Sys=0.00s Real=0.98s
[682.680s][info][gc,start       ] GC(2144) Pause Full (Allocation Failure)
[682.680s][info][gc,phases,start] GC(2144) Marking Phase
[683.159s][info][gc,phases      ] GC(2144) Marking Phase 479.117ms
[683.159s][info][gc,phases,start] GC(2144) Summary Phase
[683.159s][info][gc,phases      ] GC(2144) Summary Phase 0.028ms
[683.159s][info][gc,phases,start] GC(2144) Forward
[683.162s][info][gc,phases      ] GC(2144) Forward 2.344ms
[683.162s][info][gc,phases,start] GC(2144) Adjust Pointers
[683.494s][info][gc,phases      ] GC(2144) Adjust Pointers 332.358ms
[683.494s][info][gc,phases,start] GC(2144) Compaction Phase
[683.630s][info][gc,phases      ] GC(2144) Compaction Phase 135.558ms
[683.630s][info][gc,phases,start] GC(2144) Post Compact
[683.632s][info][gc,phases      ] GC(2144) Post Compact 2.300ms
[683.632s][info][gc,heap        ] GC(2144) PSYoungGen: 111616K(222720K)->0K(222720K) Eden: 111616K(111616K)->0K(111616K) From: 0K(111104K)->0K(111104K)
[683.632s][info][gc,heap        ] GC(2144) ParOldGen: 641490K(667648K)->641749K(667648K)
[683.632s][info][gc,metaspace   ] GC(2144) Metaspace: 19037K(19200K)->19037K(19200K) NonClass: 17208K(17344K)->17208K(17344K) Class: 1829K(1856K)->1829K(1856K)
[683.632s][info][gc             ] GC(2144) Pause Full (Allocation Failure) 735M->626M(869M) 952.246ms
[683.632s][info][gc,cpu         ] GC(2144) User=1.86s Sys=0.00s Real=0.96s
[683.845s][info][gc,start       ] GC(2145) Pause Full (Allocation Failure)
[683.845s][info][gc,phases,start] GC(2145) Marking Phase
[684.385s][info][gc,phases      ] GC(2145) Marking Phase 540.253ms
[684.385s][info][gc,phases,start] GC(2145) Summary Phase
[684.385s][info][gc,phases      ] GC(2145) Summary Phase 0.030ms
[684.385s][info][gc,phases,start] GC(2145) Forward
[684.519s][info][gc,phases      ] GC(2145) Forward 134.118ms
[684.520s][info][gc,phases,start] GC(2145) Adjust Pointers
[684.937s][info][gc,phases      ] GC(2145) Adjust Pointers 417.550ms
[684.937s][info][gc,phases,start] GC(2145) Compaction Phase
[685.160s][info][gc,phases      ] GC(2145) Compaction Phase 222.961ms
[685.173s][info][gc,phases,start] GC(2145) Post Compact
[685.175s][info][gc,phases      ] GC(2145) Post Compact 2.291ms
[685.175s][info][gc,heap        ] GC(2145) PSYoungGen: 111616K(222720K)->0K(222720K) Eden: 111616K(111616K)->0K(111616K) From: 0K(111104K)->0K(111104K)
[685.175s][info][gc,heap        ] GC(2145) ParOldGen: 641749K(667648K)->629862K(667648K)
[685.175s][info][gc,metaspace   ] GC(2145) Metaspace: 19037K(19200K)->19037K(19200K) NonClass: 17208K(17344K)->17208K(17344K) Class: 1829K(1856K)->1829K(1856K)
[685.175s][info][gc             ] GC(2145) Pause Full (Allocation Failure) 735M->615M(869M) 1330.557ms
[685.176s][info][gc,cpu         ] GC(2145) User=2.58s Sys=0.00s Real=1.33s
[685.247s][info][gc,start       ] GC(2146) Pause Young (Allocation Failure)
[685.280s][info][gc,heap        ] GC(2146) PSYoungGen: 111616K(222720K)->41312K(222720K) Eden: 111616K(111616K)->0K(111616K) From: 0K(111104K)->41312K(111104K)
[685.280s][info][gc,heap        ] GC(2146) ParOldGen: 629862K(667648K)->629862K(667648K)
[685.280s][info][gc,metaspace   ] GC(2146) Metaspace: 19037K(19200K)->19037K(19200K) NonClass: 17208K(17344K)->17208K(17344K) Class: 1829K(1856K)->1829K(1856K)
[685.280s][info][gc             ] GC(2146) Pause Young (Allocation Failure) 724M->655M(869M) 32.342ms
[685.280s][info][gc,cpu         ] GC(2146) User=0.06s Sys=0.00s Real=0.03s
[685.434s][info][gc,start       ] GC(2147) Pause Young (Allocation Failure)
[685.489s][info][gc,promotion   ] GC(2147) Promotion failed
[685.489s][info][gc,heap        ] GC(2147) PSYoungGen: 152928K(222720K)->152928K(222720K) Eden: 111616K(111616K)->111616K(111616K) From: 41312K(111104K)->41312K(111104K)
[685.489s][info][gc,heap        ] GC(2147) ParOldGen: 629862K(667648K)->667646K(667648K)
[685.489s][info][gc,metaspace   ] GC(2147) Metaspace: 19037K(19200K)->19037K(19200K) NonClass: 17208K(17344K)->17208K(17344K) Class: 1829K(1856K)->1829K(1856K)
[685.489s][info][gc             ] GC(2147) Pause Young (Allocation Failure) 764M->801M(869M) 55.757ms
[685.489s][info][gc,cpu         ] GC(2147) User=0.09s Sys=0.02s Real=0.05s
[685.489s][info][gc,start       ] GC(2148) Pause Full (Allocation Failure)
[685.490s][info][gc,phases,start] GC(2148) Marking Phase
[686.027s][info][gc,phases      ] GC(2148) Marking Phase 537.056ms
[686.027s][info][gc,phases,start] GC(2148) Summary Phase
[686.027s][info][gc,phases      ] GC(2148) Summary Phase 0.029ms
[686.027s][info][gc,phases,start] GC(2148) Forward
[686.163s][info][gc,phases      ] GC(2148) Forward 136.435ms
[686.163s][info][gc,phases,start] GC(2148) Adjust Pointers
[686.627s][info][gc,phases      ] GC(2148) Adjust Pointers 463.826ms
[686.627s][info][gc,phases,start] GC(2148) Compaction Phase
[686.821s][info][gc,phases      ] GC(2148) Compaction Phase 193.537ms
[686.837s][info][gc,phases,start] GC(2148) Post Compact
[686.840s][info][gc,phases      ] GC(2148) Post Compact 2.503ms
[686.840s][info][gc,heap        ] GC(2148) PSYoungGen: 152928K(222720K)->23151K(222720K) Eden: 111616K(111616K)->0K(111616K) From: 41312K(111104K)->23151K(111104K)
[686.840s][info][gc,heap        ] GC(2148) ParOldGen: 667646K(667648K)->667508K(667648K)
[686.840s][info][gc,metaspace   ] GC(2148) Metaspace: 19037K(19200K)->19037K(19200K) NonClass: 17208K(17344K)->17208K(17344K) Class: 1829K(1856K)->1829K(1856K)
[686.840s][info][gc             ] GC(2148) Pause Full (Allocation Failure) 801M->674M(869M) 1350.555ms
[686.840s][info][gc,cpu         ] GC(2148) User=2.62s Sys=0.01s Real=1.35s
[687.019s][info][gc,start       ] GC(2149) Pause Full (Allocation Failure)
[687.019s][info][gc,phases,start] GC(2149) Marking Phase
[687.555s][info][gc,phases      ] GC(2149) Marking Phase 535.388ms
[687.555s][info][gc,phases,start] GC(2149) Summary Phase
[687.555s][info][gc,phases      ] GC(2149) Summary Phase 0.030ms
[687.555s][info][gc,phases,start] GC(2149) Forward
[687.590s][info][gc,phases      ] GC(2149) Forward 35.282ms
[687.590s][info][gc,phases,start] GC(2149) Adjust Pointers
[687.967s][info][gc,phases      ] GC(2149) Adjust Pointers 377.212ms
[687.968s][info][gc,phases,start] GC(2149) Compaction Phase
[688.123s][info][gc,phases      ] GC(2149) Compaction Phase 155.734ms
[688.123s][info][gc,phases,start] GC(2149) Post Compact
[688.126s][info][gc,phases      ] GC(2149) Post Compact 2.349ms
[688.126s][info][gc,heap        ] GC(2149) PSYoungGen: 134767K(222720K)->23305K(222720K) Eden: 111616K(111616K)->23305K(111616K) From: 23151K(111104K)->0K(111104K)
[688.126s][info][gc,heap        ] GC(2149) ParOldGen: 667508K(667648K)->667646K(667648K)
[688.126s][info][gc,metaspace   ] GC(2149) Metaspace: 19037K(19200K)->19037K(19200K) NonClass: 17208K(17344K)->17208K(17344K) Class: 1829K(1856K)->1829K(1856K)
[688.126s][info][gc             ] GC(2149) Pause Full (Allocation Failure) 783M->674M(869M) 1106.494ms
[688.126s][info][gc,cpu         ] GC(2149) User=2.15s Sys=0.00s Real=1.11s
[688.254s][info][gc,start       ] GC(2150) Pause Full (Allocation Failure)
[688.254s][info][gc,phases,start] GC(2150) Marking Phase
[688.780s][info][gc,phases      ] GC(2150) Marking Phase 525.792ms
[688.780s][info][gc,phases,start] GC(2150) Summary Phase
[688.780s][info][gc,phases      ] GC(2150) Summary Phase 0.029ms
[688.780s][info][gc,phases,start] GC(2150) Forward
[688.877s][info][gc,phases      ] GC(2150) Forward 96.912ms
[688.877s][info][gc,phases,start] GC(2150) Adjust Pointers
[689.280s][info][gc,phases      ] GC(2150) Adjust Pointers 403.021ms
[689.280s][info][gc,phases,start] GC(2150) Compaction Phase
[689.448s][info][gc,phases      ] GC(2150) Compaction Phase 167.307ms
[689.461s][info][gc,phases,start] GC(2150) Post Compact
[689.464s][info][gc,phases      ] GC(2150) Post Compact 2.322ms
[689.464s][info][gc,heap        ] GC(2150) PSYoungGen: 111616K(222720K)->23490K(222720K) Eden: 111616K(111616K)->23490K(111616K) From: 0K(111104K)->0K(111104K)
[689.464s][info][gc,heap        ] GC(2150) ParOldGen: 667646K(667648K)->667646K(667648K)
[689.464s][info][gc,metaspace   ] GC(2150) Metaspace: 19037K(19200K)->19037K(19200K) NonClass: 17208K(17344K)->17208K(17344K) Class: 1829K(1856K)->1829K(1856K)
[689.464s][info][gc             ] GC(2150) Pause Full (Allocation Failure) 760M->674M(869M) 1209.663ms
[689.464s][info][gc,cpu         ] GC(2150) User=2.35s Sys=0.00s Real=1.21s
[689.593s][info][gc,start       ] GC(2151) Pause Full (Allocation Failure)
[689.593s][info][gc,phases,start] GC(2151) Marking Phase
[690.125s][info][gc,phases      ] GC(2151) Marking Phase 531.666ms
[690.125s][info][gc,phases,start] GC(2151) Summary Phase
[690.125s][info][gc,phases      ] GC(2151) Summary Phase 0.027ms
[690.125s][info][gc,phases,start] GC(2151) Forward
[690.133s][info][gc,phases      ] GC(2151) Forward 8.150ms
[690.133s][info][gc,phases,start] GC(2151) Adjust Pointers
[690.517s][info][gc,phases      ] GC(2151) Adjust Pointers 383.930ms
[690.517s][info][gc,phases,start] GC(2151) Compaction Phase
[690.667s][info][gc,phases      ] GC(2151) Compaction Phase 149.105ms
[690.667s][info][gc,phases,start] GC(2151) Post Compact
[690.669s][info][gc,phases      ] GC(2151) Post Compact 2.351ms
[690.669s][info][gc,heap        ] GC(2151) PSYoungGen: 111616K(222720K)->23683K(222720K) Eden: 111616K(111616K)->23683K(111616K) From: 0K(111104K)->0K(111104K)
[690.669s][info][gc,heap        ] GC(2151) ParOldGen: 667646K(667648K)->667646K(667648K)
[690.669s][info][gc,metaspace   ] GC(2151) Metaspace: 19037K(19200K)->19037K(19200K) NonClass: 17208K(17344K)->17208K(17344K) Class: 1829K(1856K)->1829K(1856K)
[690.669s][info][gc             ] GC(2151) Pause Full (Allocation Failure) 760M->675M(869M) 1075.778ms
[690.669s][info][gc,cpu         ] GC(2151) User=2.10s Sys=0.00s Real=1.07s
[690.800s][info][gc,start       ] GC(2152) Pause Full (Allocation Failure)
[690.800s][info][gc,phases,start] GC(2152) Marking Phase
[691.353s][info][gc,phases      ] GC(2152) Marking Phase 553.132ms
[691.353s][info][gc,phases,start] GC(2152) Summary Phase
[691.353s][info][gc,phases      ] GC(2152) Summary Phase 0.031ms
[691.353s][info][gc,phases,start] GC(2152) Forward
[691.362s][info][gc,phases      ] GC(2152) Forward 9.049ms
[691.362s][info][gc,phases,start] GC(2152) Adjust Pointers
[691.779s][info][gc,phases      ] GC(2152) Adjust Pointers 416.447ms
[691.779s][info][gc,phases,start] GC(2152) Compaction Phase
[691.935s][info][gc,phases      ] GC(2152) Compaction Phase 156.302ms
[691.935s][info][gc,phases,start] GC(2152) Post Compact
[691.938s][info][gc,phases      ] GC(2152) Post Compact 2.301ms
[691.938s][info][gc,heap        ] GC(2152) PSYoungGen: 111616K(222720K)->23908K(222720K) Eden: 111616K(111616K)->23908K(111616K) From: 0K(111104K)->0K(111104K)
[691.938s][info][gc,heap        ] GC(2152) ParOldGen: 667646K(667648K)->667646K(667648K)
[691.938s][info][gc,metaspace   ] GC(2152) Metaspace: 19037K(19200K)->19037K(19200K) NonClass: 17208K(17344K)->17208K(17344K) Class: 1829K(1856K)->1829K(1856K)
[691.938s][info][gc             ] GC(2152) Pause Full (Allocation Failure) 760M->675M(869M) 1137.779ms
[691.938s][info][gc,cpu         ] GC(2152) User=2.22s Sys=0.00s Real=1.14s
[692.088s][info][gc,start       ] GC(2153) Pause Full (Allocation Failure)
[692.088s][info][gc,phases,start] GC(2153) Marking Phase
[692.680s][info][gc,phases      ] GC(2153) Marking Phase 591.340ms
[692.680s][info][gc,phases,start] GC(2153) Summary Phase
[692.680s][info][gc,phases      ] GC(2153) Summary Phase 0.027ms
[692.680s][info][gc,phases,start] GC(2153) Forward
[692.688s][info][gc,phases      ] GC(2153) Forward 8.323ms
[692.688s][info][gc,phases,start] GC(2153) Adjust Pointers
[693.056s][info][gc,phases      ] GC(2153) Adjust Pointers 368.198ms
[693.056s][info][gc,phases,start] GC(2153) Compaction Phase
[693.213s][info][gc,phases      ] GC(2153) Compaction Phase 156.617ms
[693.213s][info][gc,phases,start] GC(2153) Post Compact
[693.215s][info][gc,phases      ] GC(2153) Post Compact 2.282ms
[693.215s][info][gc,heap        ] GC(2153) PSYoungGen: 111616K(222720K)->24151K(222720K) Eden: 111616K(111616K)->24151K(111616K) From: 0K(111104K)->0K(111104K)
[693.215s][info][gc,heap        ] GC(2153) ParOldGen: 667646K(667648K)->667646K(667648K)
[693.215s][info][gc,metaspace   ] GC(2153) Metaspace: 19037K(19200K)->19037K(19200K) NonClass: 17208K(17344K)->17208K(17344K) Class: 1829K(1856K)->1829K(1856K)
[693.215s][info][gc             ] GC(2153) Pause Full (Allocation Failure) 760M->675M(869M) 1127.299ms
[693.215s][info][gc,cpu         ] GC(2153) User=2.19s Sys=0.01s Real=1.13s
[693.314s][info][gc,start       ] GC(2154) Pause Full (Allocation Failure)
[693.314s][info][gc,phases,start] GC(2154) Marking Phase
[693.865s][info][gc,phases      ] GC(2154) Marking Phase 550.691ms
[693.865s][info][gc,phases,start] GC(2154) Summary Phase
[693.865s][info][gc,phases      ] GC(2154) Summary Phase 0.025ms
[693.865s][info][gc,phases,start] GC(2154) Forward
[693.876s][info][gc,phases      ] GC(2154) Forward 10.919ms
[693.876s][info][gc,phases,start] GC(2154) Adjust Pointers
[694.295s][info][gc,phases      ] GC(2154) Adjust Pointers 419.177ms
[694.295s][info][gc,phases,start] GC(2154) Compaction Phase
[694.445s][info][gc,phases      ] GC(2154) Compaction Phase 149.839ms
[694.445s][info][gc,phases,start] GC(2154) Post Compact
[694.447s][info][gc,phases      ] GC(2154) Post Compact 2.282ms
[694.447s][info][gc,heap        ] GC(2154) PSYoungGen: 111616K(222720K)->25287K(222720K) Eden: 111616K(111616K)->25287K(111616K) From: 0K(111104K)->0K(111104K)
[694.447s][info][gc,heap        ] GC(2154) ParOldGen: 667646K(667648K)->667646K(667648K)
[694.447s][info][gc,metaspace   ] GC(2154) Metaspace: 19038K(19200K)->19038K(19200K) NonClass: 17208K(17344K)->17208K(17344K) Class: 1829K(1856K)->1829K(1856K)
[694.447s][info][gc             ] GC(2154) Pause Full (Allocation Failure) 760M->676M(869M) 1133.437ms
[694.447s][info][gc,cpu         ] GC(2154) User=2.21s Sys=0.00s Real=1.13s
[694.523s][info][gc,start       ] GC(2155) Pause Full (Allocation Failure)
[694.523s][info][gc,phases,start] GC(2155) Marking Phase
[695.108s][info][gc,phases      ] GC(2155) Marking Phase 585.468ms
[695.108s][info][gc,phases,start] GC(2155) Summary Phase
[695.108s][info][gc,phases      ] GC(2155) Summary Phase 0.029ms
[695.108s][info][gc,phases,start] GC(2155) Forward
[695.121s][info][gc,phases      ] GC(2155) Forward 12.307ms
[695.121s][info][gc,phases,start] GC(2155) Adjust Pointers
[695.489s][info][gc,phases      ] GC(2155) Adjust Pointers 368.382ms
[695.489s][info][gc,phases,start] GC(2155) Compaction Phase
[695.635s][info][gc,phases      ] GC(2155) Compaction Phase 145.556ms
[695.635s][info][gc,phases,start] GC(2155) Post Compact
[695.637s][info][gc,phases      ] GC(2155) Post Compact 2.325ms
[695.637s][info][gc,heap        ] GC(2155) PSYoungGen: 111616K(222720K)->25934K(222720K) Eden: 111616K(111616K)->25934K(111616K) From: 0K(111104K)->0K(111104K)
[695.637s][info][gc,heap        ] GC(2155) ParOldGen: 667646K(667648K)->667646K(667648K)
[695.637s][info][gc,metaspace   ] GC(2155) Metaspace: 19038K(19200K)->19038K(19200K) NonClass: 17208K(17344K)->17208K(17344K) Class: 1829K(1856K)->1829K(1856K)
[695.637s][info][gc             ] GC(2155) Pause Full (Allocation Failure) 760M->677M(869M) 1114.631ms
[695.637s][info][gc,cpu         ] GC(2155) User=2.17s Sys=0.00s Real=1.11s
[695.704s][info][gc,start       ] GC(2156) Pause Full (Allocation Failure)
[695.704s][info][gc,phases,start] GC(2156) Marking Phase
[696.238s][info][gc,phases      ] GC(2156) Marking Phase 533.967ms
[696.238s][info][gc,phases,start] GC(2156) Summary Phase
[696.238s][info][gc,phases      ] GC(2156) Summary Phase 0.027ms
[696.238s][info][gc,phases,start] GC(2156) Forward
[696.250s][info][gc,phases      ] GC(2156) Forward 11.497ms
[696.250s][info][gc,phases,start] GC(2156) Adjust Pointers
[696.623s][info][gc,phases      ] GC(2156) Adjust Pointers 373.040ms
[696.623s][info][gc,phases,start] GC(2156) Compaction Phase
[696.769s][info][gc,phases      ] GC(2156) Compaction Phase 146.003ms
[696.769s][info][gc,phases,start] GC(2156) Post Compact
[696.771s][info][gc,phases      ] GC(2156) Post Compact 2.322ms
[696.771s][info][gc,heap        ] GC(2156) PSYoungGen: 111616K(222720K)->26740K(222720K) Eden: 111616K(111616K)->26740K(111616K) From: 0K(111104K)->0K(111104K)
[696.771s][info][gc,heap        ] GC(2156) ParOldGen: 667646K(667648K)->667646K(667648K)
[696.771s][info][gc,metaspace   ] GC(2156) Metaspace: 19038K(19200K)->19038K(19200K) NonClass: 17208K(17344K)->17208K(17344K) Class: 1829K(1856K)->1829K(1856K)
[696.771s][info][gc             ] GC(2156) Pause Full (Allocation Failure) 760M->678M(869M) 1067.357ms
[696.771s][info][gc,cpu         ] GC(2156) User=2.07s Sys=0.00s Real=1.06s
[696.931s][info][gc,start       ] GC(2157) Pause Full (Allocation Failure)
[696.931s][info][gc,phases,start] GC(2157) Marking Phase
[697.481s][info][gc,phases      ] GC(2157) Marking Phase 549.840ms
[697.481s][info][gc,phases,start] GC(2157) Summary Phase
[697.481s][info][gc,phases      ] GC(2157) Summary Phase 0.028ms
[697.481s][info][gc,phases,start] GC(2157) Forward
[697.615s][info][gc,phases      ] GC(2157) Forward 133.806ms
[697.615s][info][gc,phases,start] GC(2157) Adjust Pointers
[698.043s][info][gc,phases      ] GC(2157) Adjust Pointers 428.200ms
[698.043s][info][gc,phases,start] GC(2157) Compaction Phase
[698.267s][info][gc,phases      ] GC(2157) Compaction Phase 223.982ms
[698.284s][info][gc,phases,start] GC(2157) Post Compact
[698.286s][info][gc,phases      ] GC(2157) Post Compact 2.365ms
[698.286s][info][gc,heap        ] GC(2157) PSYoungGen: 111616K(222720K)->31868K(222720K) Eden: 111616K(111616K)->31868K(111616K) From: 0K(111104K)->0K(111104K)
[698.286s][info][gc,heap        ] GC(2157) ParOldGen: 667646K(667648K)->667565K(667648K)
[698.286s][info][gc,metaspace   ] GC(2157) Metaspace: 19038K(19200K)->19038K(19200K) NonClass: 17208K(17344K)->17208K(17344K) Class: 1829K(1856K)->1829K(1856K)
[698.286s][info][gc             ] GC(2157) Pause Full (Allocation Failure) 760M->683M(869M) 1355.480ms
[698.286s][info][gc,cpu         ] GC(2157) User=2.64s Sys=0.01s Real=1.36s
[698.438s][info][gc,start       ] GC(2158) Pause Full (Allocation Failure)
[698.438s][info][gc,phases,start] GC(2158) Marking Phase
[698.987s][info][gc,phases      ] GC(2158) Marking Phase 548.312ms
[698.987s][info][gc,phases,start] GC(2158) Summary Phase
[698.987s][info][gc,phases      ] GC(2158) Summary Phase 0.035ms
[698.987s][info][gc,phases,start] GC(2158) Forward
[699.004s][info][gc,phases      ] GC(2158) Forward 17.168ms
[699.004s][info][gc,phases,start] GC(2158) Adjust Pointers
[699.395s][info][gc,phases      ] GC(2158) Adjust Pointers 391.179ms
[699.395s][info][gc,phases,start] GC(2158) Compaction Phase
[699.550s][info][gc,phases      ] GC(2158) Compaction Phase 154.474ms
[699.550s][info][gc,phases,start] GC(2158) Post Compact
[699.552s][info][gc,phases      ] GC(2158) Post Compact 2.431ms
[699.552s][info][gc,heap        ] GC(2158) PSYoungGen: 111616K(222720K)->43285K(222720K) Eden: 111616K(111616K)->43285K(111616K) From: 0K(111104K)->0K(111104K)
[699.552s][info][gc,heap        ] GC(2158) ParOldGen: 667565K(667648K)->667565K(667648K)
[699.552s][info][gc,metaspace   ] GC(2158) Metaspace: 19038K(19200K)->19038K(19200K) NonClass: 17208K(17344K)->17208K(17344K) Class: 1829K(1856K)->1829K(1856K)
[699.553s][info][gc             ] GC(2158) Pause Full (Allocation Failure) 760M->694M(869M) 1114.163ms
[699.553s][info][gc,cpu         ] GC(2158) User=2.17s Sys=0.00s Real=1.12s
[699.697s][info][gc,start       ] GC(2159) Pause Full (Allocation Failure)
[699.697s][info][gc,phases,start] GC(2159) Marking Phase
[700.158s][info][gc,phases      ] GC(2159) Marking Phase 461.654ms
[700.159s][info][gc,phases,start] GC(2159) Summary Phase
[700.159s][info][gc,phases      ] GC(2159) Summary Phase 0.029ms
[700.159s][info][gc,phases,start] GC(2159) Forward
[700.292s][info][gc,phases      ] GC(2159) Forward 133.777ms
[700.292s][info][gc,phases,start] GC(2159) Adjust Pointers
[700.663s][info][gc,phases      ] GC(2159) Adjust Pointers 370.699ms
[700.663s][info][gc,phases,start] GC(2159) Compaction Phase
[700.847s][info][gc,phases      ] GC(2159) Compaction Phase 184.234ms
[700.860s][info][gc,phases,start] GC(2159) Post Compact
[700.862s][info][gc,phases      ] GC(2159) Post Compact 2.329ms
[700.862s][info][gc,heap        ] GC(2159) PSYoungGen: 111616K(222720K)->0K(222720K) Eden: 111616K(111616K)->0K(111616K) From: 0K(111104K)->0K(111104K)
[700.862s][info][gc,heap        ] GC(2159) ParOldGen: 667565K(667648K)->578590K(667648K)
[700.862s][info][gc,metaspace   ] GC(2159) Metaspace: 19038K(19200K)->19038K(19200K) NonClass: 17208K(17344K)->17208K(17344K) Class: 1829K(1856K)->1829K(1856K)
[700.862s][info][gc             ] GC(2159) Pause Full (Allocation Failure) 760M->565M(869M) 1165.724ms
[700.862s][info][gc,cpu         ] GC(2159) User=2.21s Sys=0.01s Real=1.17s
[701.018s][info][gc,start       ] GC(2160) Pause Young (Allocation Failure)
[701.039s][info][gc,heap        ] GC(2160) PSYoungGen: 111616K(222720K)->15168K(222720K) Eden: 111616K(111616K)->0K(111616K) From: 0K(111104K)->15168K(111104K)
[701.039s][info][gc,heap        ] GC(2160) ParOldGen: 578590K(667648K)->578590K(667648K)
[701.039s][info][gc,metaspace   ] GC(2160) Metaspace: 19038K(19200K)->19038K(19200K) NonClass: 17208K(17344K)->17208K(17344K) Class: 1829K(1856K)->1829K(1856K)
[701.039s][info][gc             ] GC(2160) Pause Young (Allocation Failure) 674M->579M(869M) 21.631ms
[701.039s][info][gc,cpu         ] GC(2160) User=0.04s Sys=0.00s Real=0.02s
[701.195s][info][gc,start       ] GC(2161) Pause Young (Allocation Failure)
[701.227s][info][gc,heap        ] GC(2161) PSYoungGen: 126784K(222720K)->11808K(123904K) Eden: 111616K(111616K)->0K(111616K) From: 15168K(111104K)->11808K(12288K)
[701.228s][info][gc,heap        ] GC(2161) ParOldGen: 578590K(667648K)->593798K(667648K)
[701.228s][info][gc,metaspace   ] GC(2161) Metaspace: 19038K(19200K)->19038K(19200K) NonClass: 17208K(17344K)->17208K(17344K) Class: 1829K(1856K)->1829K(1856K)
[701.228s][info][gc             ] GC(2161) Pause Young (Allocation Failure) 688M->591M(773M) 32.978ms
[701.228s][info][gc,cpu         ] GC(2161) User=0.06s Sys=0.00s Real=0.03s
[701.329s][info][gc,start       ] GC(2162) Pause Young (Allocation Failure)
[701.348s][info][gc,heap        ] GC(2162) PSYoungGen: 123424K(123904K)->14368K(220160K) Eden: 111616K(111616K)->0K(115200K) From: 11808K(12288K)->14368K(104960K)
[701.348s][info][gc,heap        ] GC(2162) ParOldGen: 593798K(667648K)->593798K(667648K)
[701.348s][info][gc,metaspace   ] GC(2162) Metaspace: 19038K(19200K)->19038K(19200K) NonClass: 17208K(17344K)->17208K(17344K) Class: 1829K(1856K)->1829K(1856K)
[701.348s][info][gc             ] GC(2162) Pause Young (Allocation Failure) 700M->593M(867M) 19.772ms
[701.348s][info][gc,cpu         ] GC(2162) User=0.04s Sys=0.00s Real=0.02s
[701.443s][info][gc,start       ] GC(2163) Pause Young (Allocation Failure)
[701.488s][info][gc,heap        ] GC(2163) PSYoungGen: 129568K(220160K)->37472K(153088K) Eden: 115200K(115200K)->0K(115200K) From: 14368K(104960K)->37472K(37888K)
[701.488s][info][gc,heap        ] GC(2163) ParOldGen: 593798K(667648K)->593798K(667648K)
[701.488s][info][gc,metaspace   ] GC(2163) Metaspace: 19038K(19200K)->19038K(19200K) NonClass: 17208K(17344K)->17208K(17344K) Class: 1829K(1856K)->1829K(1856K)
[701.488s][info][gc             ] GC(2163) Pause Young (Allocation Failure) 706M->616M(801M) 45.364ms
[701.488s][info][gc,cpu         ] GC(2163) User=0.09s Sys=0.00s Real=0.04s
[701.601s][info][gc,start       ] GC(2164) Pause Young (Allocation Failure)
[701.650s][info][gc,heap        ] GC(2164) PSYoungGen: 152672K(153088K)->40288K(212992K) Eden: 115200K(115200K)->0K(120320K) From: 37472K(37888K)->40288K(92672K)
[701.650s][info][gc,heap        ] GC(2164) ParOldGen: 593798K(667648K)->593798K(667648K)
[701.650s][info][gc,metaspace   ] GC(2164) Metaspace: 19038K(19200K)->19038K(19200K) NonClass: 17208K(17344K)->17208K(17344K) Class: 1829K(1856K)->1829K(1856K)
[701.650s][info][gc             ] GC(2164) Pause Young (Allocation Failure) 728M->619M(860M) 49.140ms
[701.650s][info][gc,cpu         ] GC(2164) User=0.10s Sys=0.01s Real=0.05s
[701.744s][info][gc,start       ] GC(2165) Pause Young (Allocation Failure)
[701.792s][info][gc,heap        ] GC(2165) PSYoungGen: 160608K(212992K)->40352K(216576K) Eden: 120320K(120320K)->0K(120320K) From: 40288K(92672K)->40352K(96256K)
[701.792s][info][gc,heap        ] GC(2165) ParOldGen: 593798K(667648K)->593798K(667648K)
[701.792s][info][gc,metaspace   ] GC(2165) Metaspace: 19038K(19200K)->19038K(19200K) NonClass: 17208K(17344K)->17208K(17344K) Class: 1829K(1856K)->1829K(1856K)
[701.792s][info][gc             ] GC(2165) Pause Young (Allocation Failure) 736M->619M(863M) 48.006ms
[701.792s][info][gc,cpu         ] GC(2165) User=0.09s Sys=0.00s Real=0.05s
[701.871s][info][gc,start       ] GC(2166) Pause Young (Allocation Failure)
[701.921s][info][gc,heap        ] GC(2166) PSYoungGen: 160672K(216576K)->40352K(214016K) Eden: 120320K(120320K)->0K(127488K) From: 40352K(96256K)->40352K(86528K)
[701.921s][info][gc,heap        ] GC(2166) ParOldGen: 593798K(667648K)->593798K(667648K)
[701.921s][info][gc,metaspace   ] GC(2166) Metaspace: 19038K(19200K)->19038K(19200K) NonClass: 17208K(17344K)->17208K(17344K) Class: 1829K(1856K)->1829K(1856K)
[701.921s][info][gc             ] GC(2166) Pause Young (Allocation Failure) 736M->619M(861M) 50.462ms
[701.921s][info][gc,cpu         ] GC(2166) User=0.10s Sys=0.00s Real=0.05s
[701.998s][info][gc,start       ] GC(2167) Pause Young (Allocation Failure)
[702.048s][info][gc,heap        ] GC(2167) PSYoungGen: 167840K(214016K)->40352K(216576K) Eden: 127488K(127488K)->0K(127488K) From: 40352K(86528K)->40352K(89088K)
[702.048s][info][gc,heap        ] GC(2167) ParOldGen: 593798K(667648K)->593798K(667648K)
[702.048s][info][gc,metaspace   ] GC(2167) Metaspace: 19038K(19200K)->19038K(19200K) NonClass: 17208K(17344K)->17208K(17344K) Class: 1829K(1856K)->1829K(1856K)
[702.048s][info][gc             ] GC(2167) Pause Young (Allocation Failure) 743M->619M(863M) 50.620ms
[702.048s][info][gc,cpu         ] GC(2167) User=0.10s Sys=0.00s Real=0.05s
[702.166s][info][gc,start       ] GC(2168) Pause Young (Allocation Failure)
[702.218s][info][gc,heap        ] GC(2168) PSYoungGen: 167840K(216576K)->45312K(218624K) Eden: 127488K(127488K)->0K(135680K) From: 40352K(89088K)->45312K(82944K)
[702.218s][info][gc,heap        ] GC(2168) ParOldGen: 593798K(667648K)->593798K(667648K)
[702.218s][info][gc,metaspace   ] GC(2168) Metaspace: 19038K(19200K)->19038K(19200K) NonClass: 17208K(17344K)->17208K(17344K) Class: 1829K(1856K)->1829K(1856K)
[702.218s][info][gc             ] GC(2168) Pause Young (Allocation Failure) 743M->624M(865M) 52.514ms
[702.218s][info][gc,cpu         ] GC(2168) User=0.10s Sys=0.00s Real=0.05s
[702.395s][info][gc,start       ] GC(2169) Pause Young (Allocation Failure)
[702.448s][info][gc,heap        ] GC(2169) PSYoungGen: 180992K(218624K)->48512K(220160K) Eden: 135680K(135680K)->0K(135680K) From: 45312K(82944K)->48512K(84480K)
[702.448s][info][gc,heap        ] GC(2169) ParOldGen: 593798K(667648K)->593798K(667648K)
[702.449s][info][gc,metaspace   ] GC(2169) Metaspace: 19038K(19200K)->19038K(19200K) NonClass: 17208K(17344K)->17208K(17344K) Class: 1829K(1856K)->1829K(1856K)
[702.449s][info][gc             ] GC(2169) Pause Young (Allocation Failure) 756M->627M(867M) 53.250ms
[702.449s][info][gc,cpu         ] GC(2169) User=0.11s Sys=0.00s Real=0.05s
[703.073s][info][gc,start       ] GC(2170) Pause Young (Allocation Failure)
[703.128s][info][gc,heap        ] GC(2170) PSYoungGen: 184192K(220160K)->49076K(224256K) Eden: 135680K(135680K)->0K(142336K) From: 48512K(84480K)->49076K(81920K)
[703.128s][info][gc,heap        ] GC(2170) ParOldGen: 593798K(667648K)->593798K(667648K)
[703.128s][info][gc,metaspace   ] GC(2170) Metaspace: 19041K(19200K)->19041K(19200K) NonClass: 17212K(17344K)->17212K(17344K) Class: 1829K(1856K)->1829K(1856K)
[703.128s][info][gc             ] GC(2170) Pause Young (Allocation Failure) 759M->627M(871M) 54.486ms
[703.128s][info][gc,cpu         ] GC(2170) User=0.11s Sys=0.00s Real=0.05s
[704.985s][info][gc,start       ] GC(2171) Pause Young (Allocation Failure)
[705.048s][info][gc,heap        ] GC(2171) PSYoungGen: 191412K(224256K)->49149K(226304K) Eden: 142336K(142336K)->0K(142336K) From: 49076K(81920K)->49149K(83968K)
[705.048s][info][gc,heap        ] GC(2171) ParOldGen: 593798K(667648K)->593798K(667648K)
[705.048s][info][gc,metaspace   ] GC(2171) Metaspace: 19041K(19200K)->19041K(19200K) NonClass: 17212K(17344K)->17212K(17344K) Class: 1829K(1856K)->1829K(1856K)
[705.048s][info][gc             ] GC(2171) Pause Young (Allocation Failure) 766M->627M(873M) 62.689ms
[705.048s][info][gc,cpu         ] GC(2171) User=0.12s Sys=0.01s Real=0.06s
[705.703s][info][gc,start       ] GC(2172) Pause Young (Allocation Failure)
[705.776s][info][gc,heap        ] GC(2172) PSYoungGen: 191485K(226304K)->49645K(229376K) Eden: 142336K(142336K)->0K(147456K) From: 49149K(83968K)->49645K(81920K)
[705.776s][info][gc,heap        ] GC(2172) ParOldGen: 593798K(667648K)->593798K(667648K)
[705.776s][info][gc,metaspace   ] GC(2172) Metaspace: 19041K(19200K)->19041K(19200K) NonClass: 17212K(17344K)->17212K(17344K) Class: 1829K(1856K)->1829K(1856K)
[705.776s][info][gc             ] GC(2172) Pause Young (Allocation Failure) 766M->628M(876M) 73.240ms
[705.777s][info][gc,cpu         ] GC(2172) User=0.15s Sys=0.00s Real=0.07s
[706.616s][info][gc,start       ] GC(2173) Pause Young (Allocation Failure)
[706.673s][info][gc,heap        ] GC(2173) PSYoungGen: 197101K(229376K)->51711K(230400K) Eden: 147456K(147456K)->0K(147456K) From: 49645K(81920K)->51711K(82944K)
[706.673s][info][gc,heap        ] GC(2173) ParOldGen: 593798K(667648K)->593806K(667648K)
[706.673s][info][gc,metaspace   ] GC(2173) Metaspace: 19045K(19200K)->19045K(19200K) NonClass: 17215K(17344K)->17215K(17344K) Class: 1829K(1856K)->1829K(1856K)
[706.674s][info][gc             ] GC(2173) Pause Young (Allocation Failure) 772M->630M(877M) 57.730ms
[706.674s][info][gc,cpu         ] GC(2173) User=0.11s Sys=0.00s Real=0.06s
[707.056s][info][gc,start       ] GC(2174) Pause Young (Allocation Failure)
[707.121s][info][gc,heap        ] GC(2174) PSYoungGen: 199087K(230400K)->51527K(233984K) Eden: 147375K(147456K)->0K(152064K) From: 51711K(82944K)->51527K(81920K)
[707.121s][info][gc,heap        ] GC(2174) ParOldGen: 593806K(667648K)->593806K(667648K)
[707.121s][info][gc,metaspace   ] GC(2174) Metaspace: 19045K(19200K)->19045K(19200K) NonClass: 17216K(17344K)->17216K(17344K) Class: 1829K(1856K)->1829K(1856K)
[707.121s][info][gc             ] GC(2174) Pause Young (Allocation Failure) 774M->630M(880M) 64.563ms
[707.121s][info][gc,cpu         ] GC(2174) User=0.13s Sys=0.00s Real=0.06s
[707.552s][info][gc,start       ] GC(2175) Pause Young (Allocation Failure)
[707.623s][info][gc,heap        ] GC(2175) PSYoungGen: 203591K(233984K)->52781K(234496K) Eden: 152064K(152064K)->0K(152064K) From: 51527K(81920K)->52781K(82432K)
[707.623s][info][gc,heap        ] GC(2175) ParOldGen: 593806K(667648K)->593806K(667648K)
[707.623s][info][gc,metaspace   ] GC(2175) Metaspace: 19050K(19200K)->19050K(19200K) NonClass: 17220K(17344K)->17220K(17344K) Class: 1829K(1856K)->1829K(1856K)
[707.623s][info][gc             ] GC(2175) Pause Young (Allocation Failure) 778M->631M(881M) 70.905ms
[707.623s][info][gc,cpu         ] GC(2175) User=0.14s Sys=0.00s Real=0.07s
[707.763s][info][gc,start       ] GC(2176) Pause Young (Allocation Failure)
[707.894s][info][gc,heap        ] GC(2176) PSYoungGen: 204845K(234496K)->81908K(201728K) Eden: 152064K(152064K)->0K(119808K) From: 52781K(82432K)->81908K(81920K)
[707.894s][info][gc,heap        ] GC(2176) ParOldGen: 593806K(667648K)->633622K(667648K)
[707.894s][info][gc,metaspace   ] GC(2176) Metaspace: 19053K(19200K)->19053K(19200K) NonClass: 17224K(17344K)->17224K(17344K) Class: 1829K(1856K)->1829K(1856K)
[707.894s][info][gc             ] GC(2176) Pause Young (Allocation Failure) 779M->698M(849M) 130.631ms
[707.894s][info][gc,cpu         ] GC(2176) User=0.25s Sys=0.01s Real=0.13s
[707.977s][info][gc,start       ] GC(2177) Pause Full (Allocation Failure)
[707.977s][info][gc,phases,start] GC(2177) Marking Phase
[708.076s][info][gc,phases      ] GC(2177) Marking Phase 98.394ms
[708.076s][info][gc,phases,start] GC(2177) Summary Phase
[708.076s][info][gc,phases      ] GC(2177) Summary Phase 0.032ms
[708.076s][info][gc,phases,start] GC(2177) Forward
[708.111s][info][gc,phases      ] GC(2177) Forward 35.531ms
[708.111s][info][gc,phases,start] GC(2177) Adjust Pointers
[708.190s][info][gc,phases      ] GC(2177) Adjust Pointers 78.601ms
[708.190s][info][gc,phases,start] GC(2177) Compaction Phase
[708.240s][info][gc,phases      ] GC(2177) Compaction Phase 49.807ms
[708.241s][info][gc,phases,start] GC(2177) Post Compact
[708.243s][info][gc,phases      ] GC(2177) Post Compact 2.483ms
[708.267s][info][gc,heap        ] GC(2177) PSYoungGen: 201716K(201728K)->0K(226816K) Eden: 119808K(119808K)->0K(119808K) From: 81908K(81920K)->0K(107008K)
[708.267s][info][gc,heap        ] GC(2177) ParOldGen: 633622K(667648K)->149015K(413696K)
[708.267s][info][gc,metaspace   ] GC(2177) Metaspace: 19053K(19200K)->19053K(19200K) NonClass: 17224K(17344K)->17224K(17344K) Class: 1829K(1856K)->1829K(1856K)
[708.267s][info][gc             ] GC(2177) Pause Full (Allocation Failure) 815M->145M(625M) 290.152ms
[708.267s][info][gc,cpu         ] GC(2177) User=0.46s Sys=0.02s Real=0.29s
[708.434s][info][gc,start       ] GC(2178) Pause Young (Allocation Failure)
[708.467s][info][gc,heap        ] GC(2178) PSYoungGen: 119808K(226816K)->37088K(220672K) Eden: 119808K(119808K)->0K(119808K) From: 0K(107008K)->37088K(100864K)
[708.468s][info][gc,heap        ] GC(2178) ParOldGen: 149015K(413696K)->149015K(413696K)
[708.468s][info][gc,metaspace   ] GC(2178) Metaspace: 19053K(19200K)->19053K(19200K) NonClass: 17224K(17344K)->17224K(17344K) Class: 1829K(1856K)->1829K(1856K)
[708.468s][info][gc             ] GC(2178) Pause Young (Allocation Failure) 262M->181M(619M) 33.100ms
[708.468s][info][gc,cpu         ] GC(2178) User=0.06s Sys=0.00s Real=0.03s
[708.691s][info][gc,start       ] GC(2179) Pause Young (Allocation Failure)
[708.779s][info][gc,heap        ] GC(2179) PSYoungGen: 156896K(220672K)->80087K(223744K) Eden: 119808K(119808K)->0K(119808K) From: 37088K(100864K)->80087K(103936K)
[708.779s][info][gc,heap        ] GC(2179) ParOldGen: 149015K(413696K)->149015K(413696K)
[708.779s][info][gc,metaspace   ] GC(2179) Metaspace: 19053K(19200K)->19053K(19200K) NonClass: 17224K(17344K)->17224K(17344K) Class: 1829K(1856K)->1829K(1856K)
[708.779s][info][gc             ] GC(2179) Pause Young (Allocation Failure) 298M->223M(622M) 87.664ms
[708.779s][info][gc,cpu         ] GC(2179) User=0.18s Sys=0.00s Real=0.09s
[708.975s][info][gc,start       ] GC(2180) Pause Young (Allocation Failure)
[709.088s][info][gc,heap        ] GC(2180) PSYoungGen: 199895K(223744K)->102106K(221184K) Eden: 119808K(119808K)->0K(111616K) From: 80087K(103936K)->102106K(109568K)
[709.088s][info][gc,heap        ] GC(2180) ParOldGen: 149015K(413696K)->149023K(413696K)
[709.088s][info][gc,metaspace   ] GC(2180) Metaspace: 19059K(19200K)->19059K(19200K) NonClass: 17230K(17344K)->17230K(17344K) Class: 1829K(1856K)->1829K(1856K)
[709.088s][info][gc             ] GC(2180) Pause Young (Allocation Failure) 340M->245M(620M) 113.107ms
[709.088s][info][gc,cpu         ] GC(2180) User=0.22s Sys=0.00s Real=0.11s
[709.202s][info][gc,start       ] GC(2181) Pause Young (Allocation Failure)
[709.334s][info][gc,heap        ] GC(2181) PSYoungGen: 213722K(221184K)->111076K(222720K) Eden: 111616K(111616K)->0K(111616K) From: 102106K(109568K)->111076K(111104K)
[709.334s][info][gc,heap        ] GC(2181) ParOldGen: 149023K(413696K)->157739K(413696K)
[709.334s][info][gc,metaspace   ] GC(2181) Metaspace: 19059K(19200K)->19059K(19200K) NonClass: 17230K(17344K)->17230K(17344K) Class: 1829K(1856K)->1829K(1856K)
[709.334s][info][gc             ] GC(2181) Pause Young (Allocation Failure) 354M->262M(621M) 131.819ms
[709.334s][info][gc,cpu         ] GC(2181) User=0.26s Sys=0.00s Real=0.13s
[709.422s][info][gc,start       ] GC(2182) Pause Young (Allocation Failure)
[709.545s][info][gc,heap        ] GC(2182) PSYoungGen: 222692K(222720K)->111086K(222720K) Eden: 111616K(111616K)->0K(111616K) From: 111076K(111104K)->111086K(111104K)
[709.545s][info][gc,heap        ] GC(2182) ParOldGen: 157739K(413696K)->160643K(413696K)
[709.545s][info][gc,metaspace   ] GC(2182) Metaspace: 19059K(19200K)->19059K(19200K) NonClass: 17230K(17344K)->17230K(17344K) Class: 1829K(1856K)->1829K(1856K)
[709.545s][info][gc             ] GC(2182) Pause Young (Allocation Failure) 371M->265M(621M) 122.684ms
[709.545s][info][gc,cpu         ] GC(2182) User=0.24s Sys=0.01s Real=0.12s
[709.670s][info][gc,start       ] GC(2183) Pause Young (Allocation Failure)
[709.794s][info][gc,heap        ] GC(2183) PSYoungGen: 222702K(222720K)->111102K(222720K) Eden: 111616K(111616K)->0K(111616K) From: 111086K(111104K)->111102K(111104K)
[709.794s][info][gc,heap        ] GC(2183) ParOldGen: 160643K(413696K)->168587K(413696K)
[709.794s][info][gc,metaspace   ] GC(2183) Metaspace: 19059K(19200K)->19059K(19200K) NonClass: 17230K(17344K)->17230K(17344K) Class: 1829K(1856K)->1829K(1856K)
[709.794s][info][gc             ] GC(2183) Pause Young (Allocation Failure) 374M->273M(621M) 123.707ms
[709.794s][info][gc,cpu         ] GC(2183) User=0.24s Sys=0.00s Real=0.13s
[709.924s][info][gc,start       ] GC(2184) Pause Young (Allocation Failure)
[710.059s][info][gc,heap        ] GC(2184) PSYoungGen: 222718K(222720K)->111076K(222720K) Eden: 111616K(111616K)->0K(111616K) From: 111102K(111104K)->111076K(111104K)
[710.059s][info][gc,heap        ] GC(2184) ParOldGen: 168587K(413696K)->172043K(413696K)
[710.059s][info][gc,metaspace   ] GC(2184) Metaspace: 19059K(19200K)->19059K(19200K) NonClass: 17230K(17344K)->17230K(17344K) Class: 1829K(1856K)->1829K(1856K)
[710.059s][info][gc             ] GC(2184) Pause Young (Allocation Failure) 382M->276M(621M) 134.365ms
[710.059s][info][gc,cpu         ] GC(2184) User=0.26s Sys=0.00s Real=0.13s
[710.167s][info][gc,start       ] GC(2185) Pause Young (Allocation Failure)
[710.284s][info][gc,heap        ] GC(2185) PSYoungGen: 222692K(222720K)->111086K(222720K) Eden: 111616K(111616K)->0K(111616K) From: 111076K(111104K)->111086K(111104K)
[710.284s][info][gc,heap        ] GC(2185) ParOldGen: 172043K(413696K)->172163K(413696K)
[710.284s][info][gc,metaspace   ] GC(2185) Metaspace: 19059K(19200K)->19059K(19200K) NonClass: 17230K(17344K)->17230K(17344K) Class: 1829K(1856K)->1829K(1856K)
[710.284s][info][gc             ] GC(2185) Pause Young (Allocation Failure) 385M->276M(621M) 116.732ms
[710.284s][info][gc,cpu         ] GC(2185) User=0.23s Sys=0.00s Real=0.12s
[710.406s][info][gc,start       ] GC(2186) Pause Young (Allocation Failure)
[710.543s][info][gc,heap        ] GC(2186) PSYoungGen: 222702K(222720K)->111086K(222720K) Eden: 111616K(111616K)->0K(111616K) From: 111086K(111104K)->111086K(111104K)
[710.544s][info][gc,heap        ] GC(2186) ParOldGen: 172163K(413696K)->174403K(413696K)
[710.544s][info][gc,metaspace   ] GC(2186) Metaspace: 19059K(19200K)->19059K(19200K) NonClass: 17230K(17344K)->17230K(17344K) Class: 1829K(1856K)->1829K(1856K)
[710.544s][info][gc             ] GC(2186) Pause Young (Allocation Failure) 385M->278M(621M) 137.694ms
[710.544s][info][gc,cpu         ] GC(2186) User=0.27s Sys=0.00s Real=0.14s
[710.635s][info][gc,start       ] GC(2187) Pause Young (Allocation Failure)
[710.811s][info][gc,heap        ] GC(2187) PSYoungGen: 222702K(222720K)->60562K(222720K) Eden: 111616K(111616K)->0K(111616K) From: 111086K(111104K)->60562K(111104K)
[710.811s][info][gc,heap        ] GC(2187) ParOldGen: 174403K(413696K)->247238K(413696K)
[710.811s][info][gc,metaspace   ] GC(2187) Metaspace: 19059K(19200K)->19059K(19200K) NonClass: 17230K(17344K)->17230K(17344K) Class: 1829K(1856K)->1829K(1856K)
[710.811s][info][gc             ] GC(2187) Pause Young (Allocation Failure) 387M->300M(621M) 175.495ms
[710.811s][info][gc,cpu         ] GC(2187) User=0.35s Sys=0.01s Real=0.17s
[710.894s][info][gc,start       ] GC(2188) Pause Young (Allocation Failure)
[710.999s][info][gc,heap        ] GC(2188) PSYoungGen: 172178K(222720K)->60832K(222720K) Eden: 111616K(111616K)->0K(111616K) From: 60562K(111104K)->60832K(111104K)
[710.999s][info][gc,heap        ] GC(2188) ParOldGen: 247238K(413696K)->273835K(413696K)
[710.999s][info][gc,metaspace   ] GC(2188) Metaspace: 19059K(19200K)->19059K(19200K) NonClass: 17230K(17344K)->17230K(17344K) Class: 1829K(1856K)->1829K(1856K)
[710.999s][info][gc             ] GC(2188) Pause Young (Allocation Failure) 409M->326M(621M) 104.889ms
[710.999s][info][gc,cpu         ] GC(2188) User=0.21s Sys=0.00s Real=0.10s
[711.173s][info][gc,start       ] GC(2189) Pause Young (Allocation Failure)
[711.260s][info][gc,heap        ] GC(2189) PSYoungGen: 172448K(222720K)->73059K(222720K) Eden: 111616K(111616K)->0K(111616K) From: 60832K(111104K)->73059K(111104K)
[711.260s][info][gc,heap        ] GC(2189) ParOldGen: 273835K(413696K)->282923K(413696K)
[711.260s][info][gc,metaspace   ] GC(2189) Metaspace: 19059K(19200K)->19059K(19200K) NonClass: 17230K(17344K)->17230K(17344K) Class: 1829K(1856K)->1829K(1856K)
[711.260s][info][gc             ] GC(2189) Pause Young (Allocation Failure) 435M->347M(621M) 87.100ms
[711.260s][info][gc,cpu         ] GC(2189) User=0.17s Sys=0.00s Real=0.08s
[711.354s][info][gc,start       ] GC(2190) Pause Young (Allocation Failure)
[711.443s][info][gc,heap        ] GC(2190) PSYoungGen: 184675K(222720K)->80515K(222720K) Eden: 111616K(111616K)->0K(111616K) From: 73059K(111104K)->80515K(111104K)
[711.443s][info][gc,heap        ] GC(2190) ParOldGen: 282923K(413696K)->284549K(413696K)
[711.443s][info][gc,metaspace   ] GC(2190) Metaspace: 19059K(19200K)->19059K(19200K) NonClass: 17230K(17344K)->17230K(17344K) Class: 1829K(1856K)->1829K(1856K)
[711.443s][info][gc             ] GC(2190) Pause Young (Allocation Failure) 456M->356M(621M) 89.512ms
[711.443s][info][gc,cpu         ] GC(2190) User=0.18s Sys=0.00s Real=0.09s
[711.508s][info][gc,start       ] GC(2191) Pause Young (Allocation Failure)
[711.595s][info][gc,heap        ] GC(2191) PSYoungGen: 192131K(222720K)->61091K(222720K) Eden: 111616K(111616K)->0K(111616K) From: 80515K(111104K)->61091K(111104K)
[711.595s][info][gc,heap        ] GC(2191) ParOldGen: 284549K(413696K)->307981K(413696K)
[711.595s][info][gc,metaspace   ] GC(2191) Metaspace: 19059K(19200K)->19059K(19200K) NonClass: 17230K(17344K)->17230K(17344K) Class: 1829K(1856K)->1829K(1856K)
[711.595s][info][gc             ] GC(2191) Pause Young (Allocation Failure) 465M->360M(621M) 86.891ms
[711.595s][info][gc,cpu         ] GC(2191) User=0.17s Sys=0.00s Real=0.09s
[711.702s][info][gc,start       ] GC(2192) Pause Young (Allocation Failure)
[711.761s][info][gc,heap        ] GC(2192) PSYoungGen: 172707K(222720K)->14240K(222720K) Eden: 111616K(111616K)->0K(111616K) From: 61091K(111104K)->14240K(111104K)
[711.761s][info][gc,heap        ] GC(2192) ParOldGen: 307981K(413696K)->356608K(413696K)
[711.761s][info][gc,metaspace   ] GC(2192) Metaspace: 19059K(19200K)->19059K(19200K) NonClass: 17230K(17344K)->17230K(17344K) Class: 1829K(1856K)->1829K(1856K)
[711.761s][info][gc             ] GC(2192) Pause Young (Allocation Failure) 469M->362M(621M) 58.906ms
[711.761s][info][gc,cpu         ] GC(2192) User=0.12s Sys=0.00s Real=0.06s
[712.041s][info][gc,start       ] GC(2193) Pause Young (Allocation Failure)
[712.061s][info][gc,heap        ] GC(2193) PSYoungGen: 125856K(222720K)->2880K(222720K) Eden: 111616K(111616K)->0K(111616K) From: 14240K(111104K)->2880K(111104K)
[712.061s][info][gc,heap        ] GC(2193) ParOldGen: 356608K(413696K)->369648K(413696K)
[712.061s][info][gc,metaspace   ] GC(2193) Metaspace: 19059K(19200K)->19059K(19200K) NonClass: 17230K(17344K)->17230K(17344K) Class: 1829K(1856K)->1829K(1856K)
[712.061s][info][gc             ] GC(2193) Pause Young (Allocation Failure) 471M->363M(621M) 20.006ms
[712.061s][info][gc,cpu         ] GC(2193) User=0.04s Sys=0.00s Real=0.02s
[712.352s][info][gc,start       ] GC(2194) Pause Young (Allocation Failure)
[712.358s][info][gc,heap        ] GC(2194) PSYoungGen: 114496K(222720K)->512K(222720K) Eden: 111616K(111616K)->0K(111616K) From: 2880K(111104K)->512K(111104K)
[712.358s][info][gc,heap        ] GC(2194) ParOldGen: 369648K(413696K)->372520K(413696K)
[712.358s][info][gc,metaspace   ] GC(2194) Metaspace: 19059K(19200K)->19059K(19200K) NonClass: 17230K(17344K)->17230K(17344K) Class: 1829K(1856K)->1829K(1856K)
[712.359s][info][gc             ] GC(2194) Pause Young (Allocation Failure) 472M->364M(621M) 6.907ms
[712.359s][info][gc,cpu         ] GC(2194) User=0.02s Sys=0.00s Real=0.01s
[712.609s][info][gc,start       ] GC(2195) Pause Young (Allocation Failure)
[712.643s][info][gc,heap        ] GC(2195) PSYoungGen: 112128K(222720K)->29952K(222720K) Eden: 111616K(111616K)->0K(111616K) From: 512K(111104K)->29952K(111104K)
[712.643s][info][gc,heap        ] GC(2195) ParOldGen: 372520K(413696K)->372776K(413696K)
[712.643s][info][gc,metaspace   ] GC(2195) Metaspace: 19059K(19200K)->19059K(19200K) NonClass: 17230K(17344K)->17230K(17344K) Class: 1829K(1856K)->1829K(1856K)
[712.643s][info][gc             ] GC(2195) Pause Young (Allocation Failure) 473M->393M(621M) 33.688ms
[712.643s][info][gc,cpu         ] GC(2195) User=0.07s Sys=0.00s Real=0.04s
[712.772s][info][gc,start       ] GC(2196) Pause Young (Allocation Failure)
[712.835s][info][gc,heap        ] GC(2196) PSYoungGen: 141568K(222720K)->37664K(222720K) Eden: 111616K(111616K)->0K(111616K) From: 29952K(111104K)->37664K(111104K)
[712.835s][info][gc,heap        ] GC(2196) ParOldGen: 372776K(413696K)->402781K(413696K)
[712.835s][info][gc,metaspace   ] GC(2196) Metaspace: 19059K(19200K)->19059K(19200K) NonClass: 17230K(17344K)->17230K(17344K) Class: 1829K(1856K)->1829K(1856K)
[712.835s][info][gc             ] GC(2196) Pause Young (Allocation Failure) 502M->430M(621M) 63.508ms
[712.835s][info][gc,cpu         ] GC(2196) User=0.13s Sys=0.00s Real=0.07s
[712.989s][info][gc,start       ] GC(2197) Pause Young (Allocation Failure)
[713.057s][info][gc,heap        ] GC(2197) PSYoungGen: 149280K(222720K)->15776K(222720K) Eden: 111616K(111616K)->0K(111616K) From: 37664K(111104K)->15776K(111104K)
[713.057s][info][gc,heap        ] GC(2197) ParOldGen: 402781K(413696K)->440638K(440832K)
[713.057s][info][gc,metaspace   ] GC(2197) Metaspace: 19059K(19200K)->19059K(19200K) NonClass: 17230K(17344K)->17230K(17344K) Class: 1829K(1856K)->1829K(1856K)
[713.057s][info][gc             ] GC(2197) Pause Young (Allocation Failure) 539M->445M(648M) 67.480ms
[713.057s][info][gc,cpu         ] GC(2197) User=0.12s Sys=0.01s Real=0.07s
[713.179s][info][gc,start       ] GC(2198) Pause Young (Allocation Failure)
[713.218s][info][gc,heap        ] GC(2198) PSYoungGen: 127392K(222720K)->4256K(222720K) Eden: 111616K(111616K)->0K(111616K) From: 15776K(111104K)->4256K(111104K)
[713.218s][info][gc,heap        ] GC(2198) ParOldGen: 440638K(440832K)->456478K(456704K)
[713.218s][info][gc,metaspace   ] GC(2198) Metaspace: 19059K(19200K)->19059K(19200K) NonClass: 17230K(17344K)->17230K(17344K) Class: 1829K(1856K)->1829K(1856K)
[713.218s][info][gc             ] GC(2198) Pause Young (Allocation Failure) 554M->449M(663M) 39.348ms
[713.218s][info][gc,cpu         ] GC(2198) User=0.06s Sys=0.02s Real=0.04s
[713.352s][info][gc,start       ] GC(2199) Pause Young (Allocation Failure)
[713.365s][info][gc,heap        ] GC(2199) PSYoungGen: 115872K(222720K)->832K(222720K) Eden: 111616K(111616K)->0K(111616K) From: 4256K(111104K)->832K(111104K)
[713.365s][info][gc,heap        ] GC(2199) ParOldGen: 456478K(456704K)->460734K(460800K)
[713.365s][info][gc,metaspace   ] GC(2199) Metaspace: 19059K(19200K)->19059K(19200K) NonClass: 17230K(17344K)->17230K(17344K) Class: 1829K(1856K)->1829K(1856K)
[713.365s][info][gc             ] GC(2199) Pause Young (Allocation Failure) 558M->450M(667M) 12.801ms
[713.365s][info][gc,cpu         ] GC(2199) User=0.01s Sys=0.01s Real=0.01s
[713.552s][info][gc,start       ] GC(2200) Pause Young (Allocation Failure)
[713.558s][info][gc,heap        ] GC(2200) PSYoungGen: 112448K(222720K)->1376K(222720K) Eden: 111616K(111616K)->0K(111616K) From: 832K(111104K)->1376K(111104K)
[713.558s][info][gc,heap        ] GC(2200) ParOldGen: 460734K(460800K)->461542K(461824K)
[713.558s][info][gc,metaspace   ] GC(2200) Metaspace: 19059K(19200K)->19059K(19200K) NonClass: 17230K(17344K)->17230K(17344K) Class: 1829K(1856K)->1829K(1856K)
[713.558s][info][gc             ] GC(2200) Pause Young (Allocation Failure) 559M->452M(668M) 5.951ms
[713.558s][info][gc,cpu         ] GC(2200) User=0.01s Sys=0.00s Real=0.01s
[713.890s][info][gc,start       ] GC(2201) Pause Young (Allocation Failure)
[713.895s][info][gc,heap        ] GC(2201) PSYoungGen: 112992K(222720K)->224K(222720K) Eden: 111616K(111616K)->0K(111616K) From: 1376K(111104K)->224K(111104K)
[713.895s][info][gc,heap        ] GC(2201) ParOldGen: 461542K(461824K)->462918K(463360K)
[713.895s][info][gc,metaspace   ] GC(2201) Metaspace: 19059K(19200K)->19059K(19200K) NonClass: 17230K(17344K)->17230K(17344K) Class: 1829K(1856K)->1829K(1856K)
[713.895s][info][gc             ] GC(2201) Pause Young (Allocation Failure) 561M->452M(670M) 5.348ms
[713.895s][info][gc,cpu         ] GC(2201) User=0.01s Sys=0.00s Real=0.01s
[714.021s][info][gc,start       ] GC(2202) Pause Young (Allocation Failure)
[714.096s][info][gc,heap        ] GC(2202) PSYoungGen: 111840K(222720K)->62912K(222720K) Eden: 111616K(111616K)->0K(111616K) From: 224K(111104K)->62912K(111104K)
[714.096s][info][gc,heap        ] GC(2202) ParOldGen: 462918K(463360K)->463102K(463360K)
[714.096s][info][gc,metaspace   ] GC(2202) Metaspace: 19059K(19200K)->19059K(19200K) NonClass: 17230K(17344K)->17230K(17344K) Class: 1829K(1856K)->1829K(1856K)
[714.096s][info][gc             ] GC(2202) Pause Young (Allocation Failure) 561M->513M(670M) 75.113ms
[714.096s][info][gc,cpu         ] GC(2202) User=0.14s Sys=0.00s Real=0.08s
[714.252s][info][gc,start       ] GC(2203) Pause Young (Allocation Failure)
[714.407s][info][gc,heap        ] GC(2203) PSYoungGen: 174528K(222720K)->44800K(222720K) Eden: 111616K(111616K)->0K(111616K) From: 62912K(111104K)->44800K(111104K)
[714.407s][info][gc,heap        ] GC(2203) ParOldGen: 463102K(463360K)->526182K(526336K)
[714.407s][info][gc,metaspace   ] GC(2203) Metaspace: 19059K(19200K)->19059K(19200K) NonClass: 17230K(17344K)->17230K(17344K) Class: 1829K(1856K)->1829K(1856K)
[714.407s][info][gc             ] GC(2203) Pause Young (Allocation Failure) 622M->557M(731M) 154.459ms
[714.407s][info][gc,cpu         ] GC(2203) User=0.24s Sys=0.06s Real=0.15s
[714.509s][info][gc,start       ] GC(2204) Pause Young (Allocation Failure)
[714.631s][info][gc,heap        ] GC(2204) PSYoungGen: 156416K(222720K)->52844K(222720K) Eden: 111616K(111616K)->0K(111616K) From: 44800K(111104K)->52844K(111104K)
[714.632s][info][gc,heap        ] GC(2204) ParOldGen: 526182K(526336K)->571094K(571392K)
[714.632s][info][gc,metaspace   ] GC(2204) Metaspace: 19066K(19200K)->19066K(19200K) NonClass: 17237K(17344K)->17237K(17344K) Class: 1829K(1856K)->1829K(1856K)
[714.632s][info][gc             ] GC(2204) Pause Young (Allocation Failure) 666M->609M(775M) 122.454ms
[714.632s][info][gc,cpu         ] GC(2204) User=0.20s Sys=0.04s Real=0.12s
[714.779s][info][gc,start       ] GC(2205) Pause Young (Allocation Failure)
[714.889s][info][gc,heap        ] GC(2205) PSYoungGen: 164460K(222720K)->29076K(222720K) Eden: 111616K(111616K)->0K(111616K) From: 52844K(111104K)->29076K(111104K)
[714.889s][info][gc,heap        ] GC(2205) ParOldGen: 571094K(571392K)->621130K(621568K)
[714.889s][info][gc,metaspace   ] GC(2205) Metaspace: 19066K(19200K)->19066K(19200K) NonClass: 17237K(17344K)->17237K(17344K) Class: 1829K(1856K)->1829K(1856K)
[714.889s][info][gc             ] GC(2205) Pause Young (Allocation Failure) 718M->634M(824M) 110.485ms
[714.889s][info][gc,cpu         ] GC(2205) User=0.17s Sys=0.05s Real=0.11s
[714.976s][info][gc,start       ] GC(2206) Pause Full (Allocation Failure)
[714.976s][info][gc,phases,start] GC(2206) Marking Phase
[715.051s][info][gc,phases      ] GC(2206) Marking Phase 75.711ms
[715.051s][info][gc,phases,start] GC(2206) Summary Phase
[715.051s][info][gc,phases      ] GC(2206) Summary Phase 0.035ms
[715.051s][info][gc,phases,start] GC(2206) Forward
[715.070s][info][gc,phases      ] GC(2206) Forward 18.591ms
[715.070s][info][gc,phases,start] GC(2206) Adjust Pointers
[715.122s][info][gc,phases      ] GC(2206) Adjust Pointers 52.078ms
[715.122s][info][gc,phases,start] GC(2206) Compaction Phase
[715.147s][info][gc,phases      ] GC(2206) Compaction Phase 25.065ms
[715.150s][info][gc,phases,start] GC(2206) Post Compact
[715.152s][info][gc,phases      ] GC(2206) Post Compact 2.267ms
[715.169s][info][gc,heap        ] GC(2206) PSYoungGen: 140692K(222720K)->0K(222720K) Eden: 111616K(111616K)->0K(111616K) From: 29076K(111104K)->0K(111104K)
[715.169s][info][gc,heap        ] GC(2206) ParOldGen: 621130K(621568K)->110735K(413184K)
[715.169s][info][gc,metaspace   ] GC(2206) Metaspace: 19066K(19200K)->19066K(19200K) NonClass: 17237K(17344K)->17237K(17344K) Class: 1829K(1856K)->1829K(1856K)
[715.170s][info][gc             ] GC(2206) Pause Full (Allocation Failure) 743M->108M(621M) 193.933ms
[715.170s][info][gc,cpu         ] GC(2206) User=0.32s Sys=0.01s Real=0.19s
[715.242s][info][gc,start       ] GC(2207) Pause Young (Allocation Failure)
[715.246s][info][gc,heap        ] GC(2207) PSYoungGen: 111616K(222720K)->2624K(222720K) Eden: 111616K(111616K)->0K(111616K) From: 0K(111104K)->2624K(111104K)
[715.246s][info][gc,heap        ] GC(2207) ParOldGen: 110735K(413184K)->110735K(413184K)
[715.246s][info][gc,metaspace   ] GC(2207) Metaspace: 19066K(19200K)->19066K(19200K) NonClass: 17237K(17344K)->17237K(17344K) Class: 1829K(1856K)->1829K(1856K)
[715.246s][info][gc             ] GC(2207) Pause Young (Allocation Failure) 217M->110M(621M) 4.000ms
[715.246s][info][gc,cpu         ] GC(2207) User=0.01s Sys=0.00s Real=0.00s
[715.312s][info][gc,start       ] GC(2208) Pause Young (Allocation Failure)
[715.336s][info][gc,heap        ] GC(2208) PSYoungGen: 114240K(222720K)->22123K(217600K) Eden: 111616K(111616K)->0K(111616K) From: 2624K(111104K)->22123K(105984K)
[715.337s][info][gc,heap        ] GC(2208) ParOldGen: 110735K(413184K)->113327K(413184K)
[715.337s][info][gc,metaspace   ] GC(2208) Metaspace: 19066K(19200K)->19066K(19200K) NonClass: 17237K(17344K)->17237K(17344K) Class: 1829K(1856K)->1829K(1856K)
[715.337s][info][gc             ] GC(2208) Pause Young (Allocation Failure) 219M->132M(616M) 24.343ms
[715.337s][info][gc,cpu         ] GC(2208) User=0.04s Sys=0.00s Real=0.02s
[715.390s][info][gc,start       ] GC(2209) Pause Young (Allocation Failure)
[715.430s][info][gc,heap        ] GC(2209) PSYoungGen: 133739K(217600K)->56608K(220160K) Eden: 111616K(111616K)->0K(111616K) From: 22123K(105984K)->56608K(108544K)
[715.430s][info][gc,heap        ] GC(2209) ParOldGen: 113327K(413184K)->113327K(413184K)
[715.430s][info][gc,metaspace   ] GC(2209) Metaspace: 19066K(19200K)->19066K(19200K) NonClass: 17237K(17344K)->17237K(17344K) Class: 1829K(1856K)->1829K(1856K)
[715.430s][info][gc             ] GC(2209) Pause Young (Allocation Failure) 241M->165M(618M) 40.576ms
[715.430s][info][gc,cpu         ] GC(2209) User=0.08s Sys=0.00s Real=0.04s
[715.603s][info][gc,start       ] GC(2210) Pause Young (Allocation Failure)
[715.650s][info][gc,heap        ] GC(2210) PSYoungGen: 168224K(220160K)->72272K(221184K) Eden: 111616K(111616K)->0K(111616K) From: 56608K(108544K)->72272K(109568K)
[715.650s][info][gc,heap        ] GC(2210) ParOldGen: 113327K(413184K)->113327K(413184K)
[715.650s][info][gc,metaspace   ] GC(2210) Metaspace: 19066K(19200K)->19066K(19200K) NonClass: 17237K(17344K)->17237K(17344K) Class: 1829K(1856K)->1829K(1856K)
[715.650s][info][gc             ] GC(2210) Pause Young (Allocation Failure) 274M->181M(619M) 47.475ms
[715.650s][info][gc,cpu         ] GC(2210) User=0.09s Sys=0.00s Real=0.04s
[715.749s][info][gc,start       ] GC(2211) Pause Young (Allocation Failure)
[715.802s][info][gc,heap        ] GC(2211) PSYoungGen: 183888K(221184K)->17888K(222720K) Eden: 111616K(111616K)->0K(111616K) From: 72272K(109568K)->17888K(111104K)
[715.802s][info][gc,heap        ] GC(2211) ParOldGen: 113327K(413184K)->170599K(413184K)
[715.802s][info][gc,metaspace   ] GC(2211) Metaspace: 19066K(19200K)->19066K(19200K) NonClass: 17237K(17344K)->17237K(17344K) Class: 1829K(1856K)->1829K(1856K)
[715.802s][info][gc             ] GC(2211) Pause Young (Allocation Failure) 290M->184M(621M) 53.362ms
[715.802s][info][gc,cpu         ] GC(2211) User=0.10s Sys=0.00s Real=0.06s
[716.023s][info][gc,start       ] GC(2212) Pause Young (Allocation Failure)
[716.077s][info][gc,heap        ] GC(2212) PSYoungGen: 129504K(222720K)->18692K(215552K) Eden: 111616K(111616K)->0K(111616K) From: 17888K(111104K)->18692K(103936K)
[716.077s][info][gc,heap        ] GC(2212) ParOldGen: 170599K(413184K)->188655K(413184K)
[716.077s][info][gc,metaspace   ] GC(2212) Metaspace: 19066K(19200K)->19066K(19200K) NonClass: 17237K(17344K)->17237K(17344K) Class: 1829K(1856K)->1829K(1856K)
[716.078s][info][gc             ] GC(2212) Pause Young (Allocation Failure) 293M->202M(614M) 54.767ms
[716.078s][info][gc,cpu         ] GC(2212) User=0.11s Sys=0.00s Real=0.05s
[716.207s][info][gc,start       ] GC(2213) Pause Young (Allocation Failure)
[716.268s][info][gc,heap        ] GC(2213) PSYoungGen: 130308K(215552K)->48740K(219136K) Eden: 111616K(111616K)->0K(111616K) From: 18692K(103936K)->48740K(107520K)
[716.268s][info][gc,heap        ] GC(2213) ParOldGen: 188655K(413184K)->188655K(413184K)
[716.268s][info][gc,metaspace   ] GC(2213) Metaspace: 19066K(19200K)->19066K(19200K) NonClass: 17237K(17344K)->17237K(17344K) Class: 1829K(1856K)->1829K(1856K)
[716.268s][info][gc             ] GC(2213) Pause Young (Allocation Failure) 311M->231M(617M) 61.372ms
[716.268s][info][gc,cpu         ] GC(2213) User=0.12s Sys=0.00s Real=0.06s
[716.351s][info][gc,start       ] GC(2214) Pause Young (Allocation Failure)
[716.469s][info][gc,heap        ] GC(2214) PSYoungGen: 160356K(219136K)->104420K(217088K) Eden: 111616K(111616K)->0K(111616K) From: 48740K(107520K)->104420K(105472K)
[716.469s][info][gc,heap        ] GC(2214) ParOldGen: 188655K(413184K)->188655K(413184K)
[716.469s][info][gc,metaspace   ] GC(2214) Metaspace: 19066K(19200K)->19066K(19200K) NonClass: 17237K(17344K)->17237K(17344K) Class: 1829K(1856K)->1829K(1856K)
[716.469s][info][gc             ] GC(2214) Pause Young (Allocation Failure) 340M->286M(615M) 117.847ms
[716.469s][info][gc,cpu         ] GC(2214) User=0.23s Sys=0.01s Real=0.12s
[716.532s][info][gc,start       ] GC(2215) Pause Young (Allocation Failure)
[716.678s][info][gc,heap        ] GC(2215) PSYoungGen: 216036K(217088K)->91360K(222720K) Eden: 111616K(111616K)->0K(111616K) From: 104420K(105472K)->91360K(111104K)
[716.678s][info][gc,heap        ] GC(2215) ParOldGen: 188655K(413184K)->237511K(413184K)
[716.678s][info][gc,metaspace   ] GC(2215) Metaspace: 19066K(19200K)->19066K(19200K) NonClass: 17237K(17344K)->17237K(17344K) Class: 1829K(1856K)->1829K(1856K)
[716.678s][info][gc             ] GC(2215) Pause Young (Allocation Failure) 395M->321M(621M) 146.503ms
[716.678s][info][gc,cpu         ] GC(2215) User=0.30s Sys=0.00s Real=0.15s
[716.719s][info][gc,start       ] GC(2216) Pause Young (Allocation Failure)
[716.821s][info][gc,heap        ] GC(2216) PSYoungGen: 202976K(222720K)->25376K(222720K) Eden: 111616K(111616K)->0K(111616K) From: 91360K(111104K)->25376K(111104K)
[716.821s][info][gc,heap        ] GC(2216) ParOldGen: 237511K(413184K)->329471K(413184K)
[716.821s][info][gc,metaspace   ] GC(2216) Metaspace: 19066K(19200K)->19066K(19200K) NonClass: 17237K(17344K)->17237K(17344K) Class: 1829K(1856K)->1829K(1856K)
[716.821s][info][gc             ] GC(2216) Pause Young (Allocation Failure) 430M->346M(621M) 101.870ms
[716.821s][info][gc,cpu         ] GC(2216) User=0.20s Sys=0.00s Real=0.10s
[716.920s][info][gc,start       ] GC(2217) Pause Young (Allocation Failure)
[716.953s][info][gc,heap        ] GC(2217) PSYoungGen: 136992K(222720K)->13408K(222720K) Eden: 111616K(111616K)->0K(111616K) From: 25376K(111104K)->13408K(111104K)
[716.953s][info][gc,heap        ] GC(2217) ParOldGen: 329471K(413184K)->355183K(413184K)
[716.953s][info][gc,metaspace   ] GC(2217) Metaspace: 19066K(19200K)->19066K(19200K) NonClass: 17237K(17344K)->17237K(17344K) Class: 1829K(1856K)->1829K(1856K)
[716.953s][info][gc             ] GC(2217) Pause Young (Allocation Failure) 455M->359M(621M) 33.361ms
[716.953s][info][gc,cpu         ] GC(2217) User=0.07s Sys=0.00s Real=0.04s
[717.032s][info][gc,start       ] GC(2218) Pause Young (Allocation Failure)
[717.051s][info][gc,heap        ] GC(2218) PSYoungGen: 125024K(222720K)->1568K(222720K) Eden: 111616K(111616K)->0K(111616K) From: 13408K(111104K)->1568K(111104K)
[717.051s][info][gc,heap        ] GC(2218) ParOldGen: 355183K(413184K)->368711K(413184K)
[717.051s][info][gc,metaspace   ] GC(2218) Metaspace: 19066K(19200K)->19066K(19200K) NonClass: 17237K(17344K)->17237K(17344K) Class: 1829K(1856K)->1829K(1856K)
[717.051s][info][gc             ] GC(2218) Pause Young (Allocation Failure) 468M->361M(621M) 19.809ms
[717.051s][info][gc,cpu         ] GC(2218) User=0.04s Sys=0.00s Real=0.02s
[717.130s][info][gc,start       ] GC(2219) Pause Young (Allocation Failure)
[717.146s][info][gc,heap        ] GC(2219) PSYoungGen: 113184K(222720K)->4928K(222720K) Eden: 111616K(111616K)->0K(111616K) From: 1568K(111104K)->4928K(111104K)
[717.146s][info][gc,heap        ] GC(2219) ParOldGen: 368711K(413184K)->370247K(413184K)
[717.146s][info][gc,metaspace   ] GC(2219) Metaspace: 19066K(19200K)->19066K(19200K) NonClass: 17237K(17344K)->17237K(17344K) Class: 1829K(1856K)->1829K(1856K)
[717.146s][info][gc             ] GC(2219) Pause Young (Allocation Failure) 470M->366M(621M) 16.086ms
[717.146s][info][gc,cpu         ] GC(2219) User=0.03s Sys=0.00s Real=0.02s
[717.274s][info][gc,start       ] GC(2220) Pause Young (Allocation Failure)
[717.315s][info][gc,heap        ] GC(2220) PSYoungGen: 116544K(222720K)->18369K(222720K) Eden: 111616K(111616K)->0K(111616K) From: 4928K(111104K)->18369K(111104K)
[717.315s][info][gc,heap        ] GC(2220) ParOldGen: 370247K(413184K)->375175K(413184K)
[717.315s][info][gc,metaspace   ] GC(2220) Metaspace: 19066K(19200K)->19066K(19200K) NonClass: 17237K(17344K)->17237K(17344K) Class: 1829K(1856K)->1829K(1856K)
[717.315s][info][gc             ] GC(2220) Pause Young (Allocation Failure) 475M->384M(621M) 41.101ms
[717.315s][info][gc,cpu         ] GC(2220) User=0.08s Sys=0.00s Real=0.04s
[717.441s][info][gc,start       ] GC(2221) Pause Young (Allocation Failure)
[717.495s][info][gc,heap        ] GC(2221) PSYoungGen: 129985K(222720K)->20832K(132608K) Eden: 111616K(111616K)->0K(111616K) From: 18369K(111104K)->20832K(20992K)
[717.495s][info][gc,heap        ] GC(2221) ParOldGen: 375175K(413184K)->393548K(413184K)
[717.495s][info][gc,metaspace   ] GC(2221) Metaspace: 19066K(19200K)->19066K(19200K) NonClass: 17237K(17344K)->17237K(17344K) Class: 1829K(1856K)->1829K(1856K)
[717.495s][info][gc             ] GC(2221) Pause Young (Allocation Failure) 493M->404M(533M) 53.739ms
[717.495s][info][gc,cpu         ] GC(2221) User=0.11s Sys=0.00s Real=0.06s
[717.567s][info][gc,start       ] GC(2222) Pause Young (Allocation Failure)
[717.618s][info][gc,heap        ] GC(2222) PSYoungGen: 132448K(132608K)->45216K(224768K) Eden: 111616K(111616K)->0K(114688K) From: 20832K(20992K)->45216K(110080K)
[717.618s][info][gc,heap        ] GC(2222) ParOldGen: 393548K(413184K)->393548K(413184K)
[717.618s][info][gc,metaspace   ] GC(2222) Metaspace: 19066K(19200K)->19066K(19200K) NonClass: 17237K(17344K)->17237K(17344K) Class: 1829K(1856K)->1829K(1856K)
[717.618s][info][gc             ] GC(2222) Pause Young (Allocation Failure) 513M->428M(623M) 51.545ms
[717.618s][info][gc,cpu         ] GC(2222) User=0.10s Sys=0.00s Real=0.05s
[717.756s][info][gc,start       ] GC(2223) Pause Young (Allocation Failure)
[717.820s][info][gc,heap        ] GC(2223) PSYoungGen: 159904K(224768K)->57312K(221696K) Eden: 114688K(114688K)->0K(114688K) From: 45216K(110080K)->57312K(107008K)
[717.820s][info][gc,heap        ] GC(2223) ParOldGen: 393548K(413184K)->393548K(413184K)
[717.820s][info][gc,metaspace   ] GC(2223) Metaspace: 19066K(19200K)->19066K(19200K) NonClass: 17237K(17344K)->17237K(17344K) Class: 1829K(1856K)->1829K(1856K)
[717.820s][info][gc             ] GC(2223) Pause Young (Allocation Failure) 540M->440M(620M) 64.129ms
[717.820s][info][gc,cpu         ] GC(2223) User=0.13s Sys=0.00s Real=0.06s
[717.945s][info][gc,start       ] GC(2224) Pause Young (Allocation Failure)
[718.015s][info][gc,heap        ] GC(2224) PSYoungGen: 172000K(221696K)->58528K(223232K) Eden: 114688K(114688K)->0K(114688K) From: 57312K(107008K)->58528K(108544K)
[718.015s][info][gc,heap        ] GC(2224) ParOldGen: 393548K(413184K)->393548K(413184K)
[718.015s][info][gc,metaspace   ] GC(2224) Metaspace: 19066K(19200K)->19066K(19200K) NonClass: 17237K(17344K)->17237K(17344K) Class: 1829K(1856K)->1829K(1856K)
[718.015s][info][gc             ] GC(2224) Pause Young (Allocation Failure) 552M->441M(621M) 69.771ms
[718.015s][info][gc,cpu         ] GC(2224) User=0.14s Sys=0.00s Real=0.07s
[718.209s][info][gc,start       ] GC(2225) Pause Young (Allocation Failure)
[718.275s][info][gc,heap        ] GC(2225) PSYoungGen: 173216K(223232K)->62016K(177152K) Eden: 114688K(114688K)->0K(114688K) From: 58528K(108544K)->62016K(62464K)
[718.275s][info][gc,heap        ] GC(2225) ParOldGen: 393548K(413184K)->393548K(413184K)
[718.275s][info][gc,metaspace   ] GC(2225) Metaspace: 19066K(19200K)->19066K(19200K) NonClass: 17237K(17344K)->17237K(17344K) Class: 1829K(1856K)->1829K(1856K)
[718.275s][info][gc             ] GC(2225) Pause Young (Allocation Failure) 553M->444M(576M) 65.402ms
[718.275s][info][gc,cpu         ] GC(2225) User=0.13s Sys=0.00s Real=0.07s
[718.413s][info][gc,start       ] GC(2226) Pause Young (Allocation Failure)
[718.479s][info][gc,heap        ] GC(2226) PSYoungGen: 176704K(177152K)->62080K(222720K) Eden: 114688K(114688K)->0K(111616K) From: 62016K(62464K)->62080K(111104K)
[718.479s][info][gc,heap        ] GC(2226) ParOldGen: 393548K(413184K)->393548K(413184K)
[718.479s][info][gc,metaspace   ] GC(2226) Metaspace: 19066K(19200K)->19066K(19200K) NonClass: 17237K(17344K)->17237K(17344K) Class: 1829K(1856K)->1829K(1856K)
[718.479s][info][gc             ] GC(2226) Pause Young (Allocation Failure) 556M->444M(621M) 65.928ms
[718.479s][info][gc,cpu         ] GC(2226) User=0.13s Sys=0.00s Real=0.06s
[718.628s][info][gc,start       ] GC(2227) Pause Young (Allocation Failure)
[718.738s][info][gc,heap        ] GC(2227) PSYoungGen: 173696K(222720K)->36832K(148480K) Eden: 111616K(111616K)->0K(111616K) From: 62080K(111104K)->36832K(36864K)
[718.738s][info][gc,heap        ] GC(2227) ParOldGen: 393548K(413184K)->438874K(439296K)
[718.738s][info][gc,metaspace   ] GC(2227) Metaspace: 19066K(19200K)->19066K(19200K) NonClass: 17237K(17344K)->17237K(17344K) Class: 1829K(1856K)->1829K(1856K)
[718.738s][info][gc             ] GC(2227) Pause Young (Allocation Failure) 553M->464M(574M) 109.182ms
[718.738s][info][gc,cpu         ] GC(2227) User=0.20s Sys=0.02s Real=0.11s
[719.068s][info][gc,start       ] GC(2228) Pause Young (Allocation Failure)
[719.114s][info][gc,heap        ] GC(2228) PSYoungGen: 148448K(148480K)->39776K(220160K) Eden: 111616K(111616K)->0K(117760K) From: 36832K(36864K)->39776K(102400K)
[719.114s][info][gc,heap        ] GC(2228) ParOldGen: 438874K(439296K)->438874K(439296K)
[719.114s][info][gc,metaspace   ] GC(2228) Metaspace: 19066K(19200K)->19066K(19200K) NonClass: 17237K(17344K)->17237K(17344K) Class: 1829K(1856K)->1829K(1856K)
[719.114s][info][gc             ] GC(2228) Pause Young (Allocation Failure) 573M->467M(644M) 46.047ms
[719.115s][info][gc,cpu         ] GC(2228) User=0.09s Sys=0.00s Real=0.05s
[719.445s][info][gc,start       ] GC(2229) Pause Young (Allocation Failure)
[719.490s][info][gc,heap        ] GC(2229) PSYoungGen: 157536K(220160K)->39840K(218112K) Eden: 117760K(117760K)->0K(117760K) From: 39776K(102400K)->39840K(100352K)
[719.490s][info][gc,heap        ] GC(2229) ParOldGen: 438874K(439296K)->438874K(439296K)
[719.490s][info][gc,metaspace   ] GC(2229) Metaspace: 19066K(19200K)->19066K(19200K) NonClass: 17237K(17344K)->17237K(17344K) Class: 1829K(1856K)->1829K(1856K)
[719.490s][info][gc             ] GC(2229) Pause Young (Allocation Failure) 582M->467M(642M) 45.289ms
[719.490s][info][gc,cpu         ] GC(2229) User=0.08s Sys=0.00s Real=0.04s
[719.793s][info][gc,start       ] GC(2230) Pause Young (Allocation Failure)
[719.840s][info][gc,heap        ] GC(2230) PSYoungGen: 157600K(218112K)->39840K(208896K) Eden: 117760K(117760K)->0K(124928K) From: 39840K(100352K)->39840K(83968K)
[719.840s][info][gc,heap        ] GC(2230) ParOldGen: 438874K(439296K)->438874K(439296K)
[719.840s][info][gc,metaspace   ] GC(2230) Metaspace: 19066K(19200K)->19066K(19200K) NonClass: 17237K(17344K)->17237K(17344K) Class: 1829K(1856K)->1829K(1856K)
[719.840s][info][gc             ] GC(2230) Pause Young (Allocation Failure) 582M->467M(633M) 46.902ms
[719.840s][info][gc,cpu         ] GC(2230) User=0.09s Sys=0.01s Real=0.04s
[720.203s][info][gc,start       ] GC(2231) Pause Young (Allocation Failure)
[720.258s][info][gc,heap        ] GC(2231) PSYoungGen: 164768K(208896K)->39904K(214528K) Eden: 124928K(124928K)->0K(124928K) From: 39840K(83968K)->39904K(89600K)
[720.258s][info][gc,heap        ] GC(2231) ParOldGen: 438874K(439296K)->438874K(439296K)
[720.258s][info][gc,metaspace   ] GC(2231) Metaspace: 19066K(19200K)->19066K(19200K) NonClass: 17237K(17344K)->17237K(17344K) Class: 1829K(1856K)->1829K(1856K)
[720.258s][info][gc             ] GC(2231) Pause Young (Allocation Failure) 589M->467M(638M) 54.515ms
[720.258s][info][gc,cpu         ] GC(2231) User=0.11s Sys=0.00s Real=0.05s
[720.444s][info][gc,start       ] GC(2232) Pause Young (Allocation Failure)
[720.507s][info][gc,heap        ] GC(2232) PSYoungGen: 164832K(214528K)->60374K(215040K) Eden: 124928K(124928K)->0K(129536K) From: 39904K(89600K)->60374K(85504K)
[720.507s][info][gc,heap        ] GC(2232) ParOldGen: 438874K(439296K)->438874K(439296K)
[720.507s][info][gc,metaspace   ] GC(2232) Metaspace: 19066K(19200K)->19066K(19200K) NonClass: 17237K(17344K)->17237K(17344K) Class: 1829K(1856K)->1829K(1856K)
[720.507s][info][gc             ] GC(2232) Pause Young (Allocation Failure) 589M->487M(639M) 63.244ms
[720.507s][info][gc,cpu         ] GC(2232) User=0.12s Sys=0.00s Real=0.06s
[720.585s][info][gc,start       ] GC(2233) Pause Young (Allocation Failure)
[720.697s][info][gc,heap        ] GC(2233) PSYoungGen: 189910K(215040K)->88054K(217600K) Eden: 129536K(129536K)->0K(129536K) From: 60374K(85504K)->88054K(88064K)
[720.697s][info][gc,heap        ] GC(2233) ParOldGen: 438874K(439296K)->458818K(459264K)
[720.697s][info][gc,metaspace   ] GC(2233) Metaspace: 19066K(19200K)->19066K(19200K) NonClass: 17237K(17344K)->17237K(17344K) Class: 1829K(1856K)->1829K(1856K)
[720.697s][info][gc             ] GC(2233) Pause Young (Allocation Failure) 614M->534M(661M) 112.159ms
[720.697s][info][gc,cpu         ] GC(2233) User=0.21s Sys=0.02s Real=0.11s
[720.900s][info][gc,start       ] GC(2234) Pause Young (Allocation Failure)
[721.012s][info][gc,heap        ] GC(2234) PSYoungGen: 217590K(217600K)->86918K(219136K) Eden: 129536K(129536K)->0K(111616K) From: 88054K(88064K)->86918K(107520K)
[721.012s][info][gc,heap        ] GC(2234) ParOldGen: 458818K(459264K)->472178K(472576K)
[721.012s][info][gc,metaspace   ] GC(2234) Metaspace: 19066K(19200K)->19066K(19200K) NonClass: 17237K(17344K)->17237K(17344K) Class: 1829K(1856K)->1829K(1856K)
[721.012s][info][gc             ] GC(2234) Pause Young (Allocation Failure) 660M->545M(675M) 111.568ms
[721.012s][info][gc,cpu         ] GC(2234) User=0.20s Sys=0.02s Real=0.11s
[721.170s][info][gc,start       ] GC(2235) Pause Young (Allocation Failure)
[721.266s][info][gc,heap        ] GC(2235) PSYoungGen: 198534K(219136K)->87411K(222720K) Eden: 111616K(111616K)->0K(111616K) From: 86918K(107520K)->87411K(111104K)
[721.266s][info][gc,heap        ] GC(2235) ParOldGen: 472178K(472576K)->475754K(476160K)
[721.266s][info][gc,metaspace   ] GC(2235) Metaspace: 19066K(19200K)->19066K(19200K) NonClass: 17237K(17344K)->17237K(17344K) Class: 1829K(1856K)->1829K(1856K)
[721.266s][info][gc             ] GC(2235) Pause Young (Allocation Failure) 654M->549M(682M) 96.047ms
[721.266s][info][gc,cpu         ] GC(2235) User=0.19s Sys=0.01s Real=0.10s
[721.431s][info][gc,start       ] GC(2236) Pause Young (Allocation Failure)
[721.568s][info][gc,heap        ] GC(2236) PSYoungGen: 199027K(222720K)->86246K(222720K) Eden: 111616K(111616K)->0K(111616K) From: 87411K(111104K)->86246K(111104K)
[721.568s][info][gc,heap        ] GC(2236) ParOldGen: 475754K(476160K)->498680K(498688K)
[721.568s][info][gc,metaspace   ] GC(2236) Metaspace: 19066K(19200K)->19066K(19200K) NonClass: 17237K(17344K)->17237K(17344K) Class: 1829K(1856K)->1829K(1856K)
[721.568s][info][gc             ] GC(2236) Pause Young (Allocation Failure) 658M->571M(704M) 137.561ms
[721.568s][info][gc,cpu         ] GC(2236) User=0.26s Sys=0.01s Real=0.14s
[721.684s][info][gc,start       ] GC(2237) Pause Young (Allocation Failure)
[721.793s][info][gc,heap        ] GC(2237) PSYoungGen: 197862K(222720K)->107699K(222720K) Eden: 111616K(111616K)->0K(111616K) From: 86246K(111104K)->107699K(111104K)
[721.794s][info][gc,heap        ] GC(2237) ParOldGen: 498680K(498688K)->498808K(499200K)
[721.794s][info][gc,metaspace   ] GC(2237) Metaspace: 19066K(19200K)->19066K(19200K) NonClass: 17237K(17344K)->17237K(17344K) Class: 1829K(1856K)->1829K(1856K)
[721.794s][info][gc             ] GC(2237) Pause Young (Allocation Failure) 680M->592M(705M) 109.998ms
[721.794s][info][gc,cpu         ] GC(2237) User=0.22s Sys=0.00s Real=0.11s
[721.881s][info][gc,start       ] GC(2238) Pause Young (Allocation Failure)
[722.036s][info][gc,heap        ] GC(2238) PSYoungGen: 219315K(222720K)->108668K(222720K) Eden: 111616K(111616K)->0K(111616K) From: 107699K(111104K)->108668K(111104K)
[722.036s][info][gc,heap        ] GC(2238) ParOldGen: 498808K(499200K)->519522K(519680K)
[722.036s][info][gc,metaspace   ] GC(2238) Metaspace: 19066K(19200K)->19066K(19200K) NonClass: 17237K(17344K)->17237K(17344K) Class: 1829K(1856K)->1829K(1856K)
[722.036s][info][gc             ] GC(2238) Pause Young (Allocation Failure) 701M->613M(725M) 154.449ms
[722.036s][info][gc,cpu         ] GC(2238) User=0.28s Sys=0.02s Real=0.16s
[722.136s][info][gc,start       ] GC(2239) Pause Young (Allocation Failure)
[722.287s][info][gc,heap        ] GC(2239) PSYoungGen: 220284K(222720K)->77564K(222720K) Eden: 111616K(111616K)->0K(111616K) From: 108668K(111104K)->77564K(111104K)
[722.287s][info][gc,heap        ] GC(2239) ParOldGen: 519522K(519680K)->559802K(560128K)
[722.287s][info][gc,metaspace   ] GC(2239) Metaspace: 19066K(19200K)->19066K(19200K) NonClass: 17237K(17344K)->17237K(17344K) Class: 1829K(1856K)->1829K(1856K)
[722.287s][info][gc             ] GC(2239) Pause Young (Allocation Failure) 722M->622M(764M) 150.820ms
[722.287s][info][gc,cpu         ] GC(2239) User=0.27s Sys=0.03s Real=0.15s
[722.337s][info][gc,start       ] GC(2240) Pause Young (Allocation Failure)
[722.469s][info][gc,heap        ] GC(2240) PSYoungGen: 189180K(222720K)->78592K(222720K) Eden: 111616K(111616K)->0K(111616K) From: 77564K(111104K)->78592K(111104K)
[722.469s][info][gc,heap        ] GC(2240) ParOldGen: 559802K(560128K)->585661K(585728K)
[722.469s][info][gc,metaspace   ] GC(2240) Metaspace: 19066K(19200K)->19066K(19200K) NonClass: 17237K(17344K)->17237K(17344K) Class: 1829K(1856K)->1829K(1856K)
[722.469s][info][gc             ] GC(2240) Pause Young (Allocation Failure) 731M->648M(789M) 131.729ms
[722.469s][info][gc,cpu         ] GC(2240) User=0.24s Sys=0.03s Real=0.13s
[722.558s][info][gc,start       ] GC(2241) Pause Young (Allocation Failure)
[722.675s][info][gc,heap        ] GC(2241) PSYoungGen: 190208K(222720K)->41392K(222720K) Eden: 111616K(111616K)->0K(111616K) From: 78592K(111104K)->41392K(111104K)
[722.676s][info][gc,heap        ] GC(2241) ParOldGen: 585661K(585728K)->628840K(629248K)
[722.676s][info][gc,metaspace   ] GC(2241) Metaspace: 19066K(19200K)->19066K(19200K) NonClass: 17237K(17344K)->17237K(17344K) Class: 1829K(1856K)->1829K(1856K)
[722.676s][info][gc             ] GC(2241) Pause Young (Allocation Failure) 757M->654M(832M) 118.057ms
[722.676s][info][gc,cpu         ] GC(2241) User=0.19s Sys=0.03s Real=0.12s
[722.765s][info][gc,start       ] GC(2242) Pause Full (Allocation Failure)
[722.765s][info][gc,phases,start] GC(2242) Marking Phase
[723.055s][info][gc,phases      ] GC(2242) Marking Phase 289.914ms
[723.055s][info][gc,phases,start] GC(2242) Summary Phase
[723.055s][info][gc,phases      ] GC(2242) Summary Phase 0.031ms
[723.055s][info][gc,phases,start] GC(2242) Forward
[723.128s][info][gc,phases      ] GC(2242) Forward 72.917ms
[723.128s][info][gc,phases,start] GC(2242) Adjust Pointers
[723.375s][info][gc,phases      ] GC(2242) Adjust Pointers 246.656ms
[723.375s][info][gc,phases,start] GC(2242) Compaction Phase
[723.504s][info][gc,phases      ] GC(2242) Compaction Phase 129.105ms
[723.510s][info][gc,phases,start] GC(2242) Post Compact
[723.513s][info][gc,phases      ] GC(2242) Post Compact 2.340ms
[723.513s][info][gc,heap        ] GC(2242) PSYoungGen: 153008K(222720K)->0K(222720K) Eden: 111616K(111616K)->0K(111616K) From: 41392K(111104K)->0K(111104K)
[723.513s][info][gc,heap        ] GC(2242) ParOldGen: 628840K(629248K)->385901K(667648K)
[723.513s][info][gc,metaspace   ] GC(2242) Metaspace: 19066K(19200K)->19066K(19200K) NonClass: 17237K(17344K)->17237K(17344K) Class: 1829K(1856K)->1829K(1856K)
[723.513s][info][gc             ] GC(2242) Pause Full (Allocation Failure) 763M->376M(869M) 747.728ms
[723.513s][info][gc,cpu         ] GC(2242) User=1.44s Sys=0.00s Real=0.75s
[723.582s][info][gc,start       ] GC(2243) Pause Young (Allocation Failure)
[723.591s][info][gc,heap        ] GC(2243) PSYoungGen: 111616K(222720K)->4128K(222720K) Eden: 111616K(111616K)->0K(111616K) From: 0K(111104K)->4128K(111104K)
[723.591s][info][gc,heap        ] GC(2243) ParOldGen: 385901K(667648K)->385901K(667648K)
[723.591s][info][gc,metaspace   ] GC(2243) Metaspace: 19066K(19200K)->19066K(19200K) NonClass: 17237K(17344K)->17237K(17344K) Class: 1829K(1856K)->1829K(1856K)
[723.591s][info][gc             ] GC(2243) Pause Young (Allocation Failure) 485M->380M(869M) 8.781ms
[723.591s][info][gc,cpu         ] GC(2243) User=0.01s Sys=0.00s Real=0.01s
[723.683s][info][gc,start       ] GC(2244) Pause Young (Allocation Failure)
[723.710s][info][gc,heap        ] GC(2244) PSYoungGen: 115744K(222720K)->9920K(222720K) Eden: 111616K(111616K)->0K(111616K) From: 4128K(111104K)->9920K(111104K)
[723.710s][info][gc,heap        ] GC(2244) ParOldGen: 385901K(667648K)->390021K(667648K)
[723.710s][info][gc,metaspace   ] GC(2244) Metaspace: 19066K(19200K)->19066K(19200K) NonClass: 17237K(17344K)->17237K(17344K) Class: 1829K(1856K)->1829K(1856K)
[723.710s][info][gc             ] GC(2244) Pause Young (Allocation Failure) 489M->390M(869M) 26.706ms
[723.710s][info][gc,cpu         ] GC(2244) User=0.05s Sys=0.00s Real=0.02s
[723.817s][info][gc,start       ] GC(2245) Pause Young (Allocation Failure)
[723.855s][info][gc,heap        ] GC(2245) PSYoungGen: 121536K(222720K)->19584K(222720K) Eden: 111616K(111616K)->0K(111616K) From: 9920K(111104K)->19584K(111104K)
[723.855s][info][gc,heap        ] GC(2245) ParOldGen: 390021K(667648K)->399949K(667648K)
[723.855s][info][gc,metaspace   ] GC(2245) Metaspace: 19066K(19200K)->19066K(19200K) NonClass: 17237K(17344K)->17237K(17344K) Class: 1829K(1856K)->1829K(1856K)
[723.855s][info][gc             ] GC(2245) Pause Young (Allocation Failure) 499M->409M(869M) 37.789ms
[723.855s][info][gc,cpu         ] GC(2245) User=0.08s Sys=0.00s Real=0.04s
[723.945s][info][gc,start       ] GC(2246) Pause Young (Allocation Failure)
[723.984s][info][gc,heap        ] GC(2246) PSYoungGen: 131200K(222720K)->13856K(222720K) Eden: 111616K(111616K)->0K(111616K) From: 19584K(111104K)->13856K(111104K)
[723.984s][info][gc,heap        ] GC(2246) ParOldGen: 399949K(667648K)->419565K(667648K)
[723.984s][info][gc,metaspace   ] GC(2246) Metaspace: 19066K(19200K)->19066K(19200K) NonClass: 17237K(17344K)->17237K(17344K) Class: 1829K(1856K)->1829K(1856K)
[723.984s][info][gc             ] GC(2246) Pause Young (Allocation Failure) 518M->423M(869M) 39.377ms
[723.984s][info][gc,cpu         ] GC(2246) User=0.08s Sys=0.00s Real=0.04s
[724.111s][info][gc,start       ] GC(2247) Pause Young (Allocation Failure)
[724.145s][info][gc,heap        ] GC(2247) PSYoungGen: 125472K(222720K)->8672K(222720K) Eden: 111616K(111616K)->0K(111616K) From: 13856K(111104K)->8672K(111104K)
[724.145s][info][gc,heap        ] GC(2247) ParOldGen: 419565K(667648K)->433443K(667648K)
[724.145s][info][gc,metaspace   ] GC(2247) Metaspace: 19066K(19200K)->19066K(19200K) NonClass: 17237K(17344K)->17237K(17344K) Class: 1829K(1856K)->1829K(1856K)
[724.145s][info][gc             ] GC(2247) Pause Young (Allocation Failure) 532M->431M(869M) 34.293ms
[724.145s][info][gc,cpu         ] GC(2247) User=0.07s Sys=0.00s Real=0.04s
[724.379s][info][gc,start       ] GC(2248) Pause Young (Allocation Failure)
[724.399s][info][gc,heap        ] GC(2248) PSYoungGen: 120288K(222720K)->8160K(222720K) Eden: 111616K(111616K)->0K(111616K) From: 8672K(111104K)->8160K(111104K)
[724.400s][info][gc,heap        ] GC(2248) ParOldGen: 433443K(667648K)->442115K(667648K)
[724.400s][info][gc,metaspace   ] GC(2248) Metaspace: 19066K(19200K)->19066K(19200K) NonClass: 17237K(17344K)->17237K(17344K) Class: 1829K(1856K)->1829K(1856K)
[724.400s][info][gc             ] GC(2248) Pause Young (Allocation Failure) 540M->439M(869M) 20.941ms
[724.400s][info][gc,cpu         ] GC(2248) User=0.04s Sys=0.00s Real=0.02s
[724.762s][info][gc,start       ] GC(2249) Pause Young (Allocation Failure)
[724.773s][info][gc,heap        ] GC(2249) PSYoungGen: 119776K(222720K)->192K(222720K) Eden: 111616K(111616K)->0K(111616K) From: 8160K(111104K)->192K(111104K)
[724.773s][info][gc,heap        ] GC(2249) ParOldGen: 442115K(667648K)->450259K(667648K)
[724.773s][info][gc,metaspace   ] GC(2249) Metaspace: 19066K(19200K)->19066K(19200K) NonClass: 17237K(17344K)->17237K(17344K) Class: 1829K(1856K)->1829K(1856K)
[724.773s][info][gc             ] GC(2249) Pause Young (Allocation Failure) 548M->439M(869M) 10.970ms
[724.773s][info][gc,cpu         ] GC(2249) User=0.02s Sys=0.00s Real=0.02s
[725.065s][info][gc,start       ] GC(2250) Pause Young (Allocation Failure)
[725.072s][info][gc,heap        ] GC(2250) PSYoungGen: 111808K(222720K)->64K(222720K) Eden: 111616K(111616K)->0K(111616K) From: 192K(111104K)->64K(111104K)
[725.072s][info][gc,heap        ] GC(2250) ParOldGen: 450259K(667648K)->450432K(667648K)
[725.072s][info][gc,metaspace   ] GC(2250) Metaspace: 19066K(19200K)->19066K(19200K) NonClass: 17237K(17344K)->17237K(17344K) Class: 1829K(1856K)->1829K(1856K)
[725.072s][info][gc             ] GC(2250) Pause Young (Allocation Failure) 548M->439M(869M) 6.737ms
[725.072s][info][gc,cpu         ] GC(2250) User=0.01s Sys=0.00s Real=0.00s
[725.229s][info][gc,start       ] GC(2251) Pause Young (Allocation Failure)
[725.246s][info][gc,heap        ] GC(2251) PSYoungGen: 111680K(222720K)->15792K(222720K) Eden: 111616K(111616K)->0K(111616K) From: 64K(111104K)->15792K(111104K)
[725.246s][info][gc,heap        ] GC(2251) ParOldGen: 450432K(667648K)->450480K(667648K)
[725.246s][info][gc,metaspace   ] GC(2251) Metaspace: 19066K(19200K)->19066K(19200K) NonClass: 17237K(17344K)->17237K(17344K) Class: 1829K(1856K)->1829K(1856K)
[725.246s][info][gc             ] GC(2251) Pause Young (Allocation Failure) 548M->455M(869M) 17.202ms
[725.246s][info][gc,cpu         ] GC(2251) User=0.04s Sys=0.00s Real=0.02s
[725.373s][info][gc,start       ] GC(2252) Pause Young (Allocation Failure)
[725.398s][info][gc,heap        ] GC(2252) PSYoungGen: 127408K(222720K)->8384K(222720K) Eden: 111616K(111616K)->0K(111616K) From: 15792K(111104K)->8384K(111104K)
[725.398s][info][gc,heap        ] GC(2252) ParOldGen: 450480K(667648K)->466357K(667648K)
[725.398s][info][gc,metaspace   ] GC(2252) Metaspace: 19066K(19200K)->19066K(19200K) NonClass: 17237K(17344K)->17237K(17344K) Class: 1829K(1856K)->1829K(1856K)
[725.398s][info][gc             ] GC(2252) Pause Young (Allocation Failure) 564M->463M(869M) 24.794ms
[725.398s][info][gc,cpu         ] GC(2252) User=0.04s Sys=0.00s Real=0.02s
[725.545s][info][gc,start       ] GC(2253) Pause Young (Allocation Failure)
[725.572s][info][gc,heap        ] GC(2253) PSYoungGen: 120000K(222720K)->21680K(133632K) Eden: 111616K(111616K)->0K(111616K) From: 8384K(111104K)->21680K(22016K)
[725.572s][info][gc,heap        ] GC(2253) ParOldGen: 466357K(667648K)->474749K(667648K)
[725.572s][info][gc,metaspace   ] GC(2253) Metaspace: 19066K(19200K)->19066K(19200K) NonClass: 17237K(17344K)->17237K(17344K) Class: 1829K(1856K)->1829K(1856K)
[725.572s][info][gc             ] GC(2253) Pause Young (Allocation Failure) 572M->484M(782M) 26.511ms
[725.572s][info][gc,cpu         ] GC(2253) User=0.05s Sys=0.00s Real=0.02s
[725.639s][info][gc,start       ] GC(2254) Pause Young (Allocation Failure)
[725.683s][info][gc,heap        ] GC(2254) PSYoungGen: 133296K(133632K)->62112K(217600K) Eden: 111616K(111616K)->0K(109056K) From: 21680K(22016K)->62112K(108544K)
[725.683s][info][gc,heap        ] GC(2254) ParOldGen: 474749K(667648K)->474749K(667648K)
[725.684s][info][gc,metaspace   ] GC(2254) Metaspace: 19066K(19200K)->19066K(19200K) NonClass: 17237K(17344K)->17237K(17344K) Class: 1829K(1856K)->1829K(1856K)
[725.684s][info][gc             ] GC(2254) Pause Young (Allocation Failure) 593M->524M(864M) 44.169ms
[725.684s][info][gc,cpu         ] GC(2254) User=0.09s Sys=0.00s Real=0.05s
[725.898s][info][gc,start       ] GC(2255) Pause Young (Allocation Failure)
[725.952s][info][gc,heap        ] GC(2255) PSYoungGen: 171168K(217600K)->16608K(220160K) Eden: 109056K(109056K)->0K(109056K) From: 62112K(108544K)->16608K(111104K)
[725.952s][info][gc,heap        ] GC(2255) ParOldGen: 474749K(667648K)->537581K(667648K)
[725.952s][info][gc,metaspace   ] GC(2255) Metaspace: 19066K(19200K)->19066K(19200K) NonClass: 17237K(17344K)->17237K(17344K) Class: 1829K(1856K)->1829K(1856K)
[725.952s][info][gc             ] GC(2255) Pause Young (Allocation Failure) 630M->541M(867M) 54.154ms
[725.952s][info][gc,cpu         ] GC(2255) User=0.10s Sys=0.00s Real=0.05s
[726.079s][info][gc,start       ] GC(2256) Pause Young (Allocation Failure)
[726.106s][info][gc,heap        ] GC(2256) PSYoungGen: 125664K(220160K)->18720K(212480K) Eden: 109056K(109056K)->0K(115200K) From: 16608K(111104K)->18720K(97280K)
[726.107s][info][gc,heap        ] GC(2256) ParOldGen: 537581K(667648K)->537581K(667648K)
[726.107s][info][gc,metaspace   ] GC(2256) Metaspace: 19066K(19200K)->19066K(19200K) NonClass: 17237K(17344K)->17237K(17344K) Class: 1829K(1856K)->1829K(1856K)
[726.107s][info][gc             ] GC(2256) Pause Young (Allocation Failure) 647M->543M(859M) 28.006ms
[726.107s][info][gc,cpu         ] GC(2256) User=0.05s Sys=0.00s Real=0.03s
[726.295s][info][gc,start       ] GC(2257) Pause Young (Allocation Failure)
[726.370s][info][gc,heap        ] GC(2257) PSYoungGen: 133920K(212480K)->53375K(217088K) Eden: 115200K(115200K)->0K(115200K) From: 18720K(97280K)->53375K(101888K)
[726.370s][info][gc,heap        ] GC(2257) ParOldGen: 537581K(667648K)->537581K(667648K)
[726.370s][info][gc,metaspace   ] GC(2257) Metaspace: 19066K(19200K)->19066K(19200K) NonClass: 17237K(17344K)->17237K(17344K) Class: 1829K(1856K)->1829K(1856K)
[726.370s][info][gc             ] GC(2257) Pause Young (Allocation Failure) 655M->577M(864M) 75.385ms
[726.371s][info][gc,cpu         ] GC(2257) User=0.15s Sys=0.00s Real=0.07s
[726.511s][info][gc,start       ] GC(2258) Pause Young (Allocation Failure)
[726.598s][info][gc,heap        ] GC(2258) PSYoungGen: 168575K(217088K)->76031K(215040K) Eden: 115200K(115200K)->0K(111616K) From: 53375K(101888K)->76031K(103424K)
[726.598s][info][gc,heap        ] GC(2258) ParOldGen: 537581K(667648K)->537581K(667648K)
[726.598s][info][gc,metaspace   ] GC(2258) Metaspace: 19066K(19200K)->19066K(19200K) NonClass: 17237K(17344K)->17237K(17344K) Class: 1829K(1856K)->1829K(1856K)
[726.598s][info][gc             ] GC(2258) Pause Young (Allocation Failure) 689M->599M(862M) 87.273ms
[726.598s][info][gc,cpu         ] GC(2258) User=0.17s Sys=0.00s Real=0.09s
[726.699s][info][gc,start       ] GC(2259) Pause Young (Allocation Failure)
[726.798s][info][gc,heap        ] GC(2259) PSYoungGen: 187647K(215040K)->66623K(222720K) Eden: 111616K(111616K)->0K(111616K) From: 76031K(103424K)->66623K(111104K)
[726.798s][info][gc,heap        ] GC(2259) ParOldGen: 537581K(667648K)->556449K(667648K)
[726.798s][info][gc,metaspace   ] GC(2259) Metaspace: 19066K(19200K)->19066K(19200K) NonClass: 17237K(17344K)->17237K(17344K) Class: 1829K(1856K)->1829K(1856K)
[726.798s][info][gc             ] GC(2259) Pause Young (Allocation Failure) 708M->608M(869M) 99.053ms
[726.798s][info][gc,cpu         ] GC(2259) User=0.20s Sys=0.00s Real=0.10s
[726.873s][info][gc,start       ] GC(2260) Pause Young (Allocation Failure)
[726.960s][info][gc,heap        ] GC(2260) PSYoungGen: 178239K(222720K)->20818K(222720K) Eden: 111616K(111616K)->0K(111616K) From: 66623K(111104K)->20818K(111104K)
[726.960s][info][gc,heap        ] GC(2260) ParOldGen: 556449K(667648K)->613919K(667648K)
[726.960s][info][gc,metaspace   ] GC(2260) Metaspace: 19066K(19200K)->19066K(19200K) NonClass: 17237K(17344K)->17237K(17344K) Class: 1829K(1856K)->1829K(1856K)
[726.960s][info][gc             ] GC(2260) Pause Young (Allocation Failure) 717M->619M(869M) 87.760ms
[726.960s][info][gc,cpu         ] GC(2260) User=0.18s Sys=0.00s Real=0.08s
[727.009s][info][gc,start       ] GC(2261) Pause Full (Allocation Failure)
[727.009s][info][gc,phases,start] GC(2261) Marking Phase
[727.307s][info][gc,phases      ] GC(2261) Marking Phase 297.958ms
[727.307s][info][gc,phases,start] GC(2261) Summary Phase
[727.307s][info][gc,phases      ] GC(2261) Summary Phase 0.033ms
[727.307s][info][gc,phases,start] GC(2261) Forward
[727.403s][info][gc,phases      ] GC(2261) Forward 95.252ms
[727.403s][info][gc,phases,start] GC(2261) Adjust Pointers
[727.645s][info][gc,phases      ] GC(2261) Adjust Pointers 241.983ms
[727.645s][info][gc,phases,start] GC(2261) Compaction Phase
[727.781s][info][gc,phases      ] GC(2261) Compaction Phase 135.767ms
[727.787s][info][gc,phases,start] GC(2261) Post Compact
[727.790s][info][gc,phases      ] GC(2261) Post Compact 2.279ms
[727.790s][info][gc,heap        ] GC(2261) PSYoungGen: 132434K(222720K)->0K(222720K) Eden: 111616K(111616K)->0K(111616K) From: 20818K(111104K)->0K(111104K)
[727.790s][info][gc,heap        ] GC(2261) ParOldGen: 613919K(667648K)->424271K(667648K)
[727.790s][info][gc,metaspace   ] GC(2261) Metaspace: 19066K(19200K)->19066K(19200K) NonClass: 17237K(17344K)->17237K(17344K) Class: 1829K(1856K)->1829K(1856K)
[727.790s][info][gc             ] GC(2261) Pause Full (Allocation Failure) 728M->414M(869M) 780.424ms
[727.790s][info][gc,cpu         ] GC(2261) User=1.47s Sys=0.01s Real=0.78s
[727.840s][info][gc,start       ] GC(2262) Pause Young (Allocation Failure)
[727.867s][info][gc,heap        ] GC(2262) PSYoungGen: 111616K(222720K)->32416K(210432K) Eden: 111616K(111616K)->0K(111616K) From: 0K(111104K)->32416K(98816K)
[727.867s][info][gc,heap        ] GC(2262) ParOldGen: 424271K(667648K)->424271K(667648K)
[727.867s][info][gc,metaspace   ] GC(2262) Metaspace: 19066K(19200K)->19066K(19200K) NonClass: 17237K(17344K)->17237K(17344K) Class: 1829K(1856K)->1829K(1856K)
[727.867s][info][gc             ] GC(2262) Pause Young (Allocation Failure) 523M->445M(857M) 26.764ms
[727.867s][info][gc,cpu         ] GC(2262) User=0.06s Sys=0.00s Real=0.03s
[728.008s][info][gc,start       ] GC(2263) Pause Young (Allocation Failure)
[728.042s][info][gc,heap        ] GC(2263) PSYoungGen: 144032K(210432K)->37936K(216576K) Eden: 111616K(111616K)->0K(111616K) From: 32416K(98816K)->37936K(104960K)
[728.042s][info][gc,heap        ] GC(2263) ParOldGen: 424271K(667648K)->424271K(667648K)
[728.042s][info][gc,metaspace   ] GC(2263) Metaspace: 19066K(19200K)->19066K(19200K) NonClass: 17237K(17344K)->17237K(17344K) Class: 1829K(1856K)->1829K(1856K)
[728.042s][info][gc             ] GC(2263) Pause Young (Allocation Failure) 554M->451M(863M) 34.724ms
[728.042s][info][gc,cpu         ] GC(2263) User=0.07s Sys=0.00s Real=0.04s
[728.117s][info][gc,start       ] GC(2264) Pause Young (Allocation Failure)
[728.151s][info][gc,heap        ] GC(2264) PSYoungGen: 149552K(216576K)->40000K(210944K) Eden: 111616K(111616K)->0K(121856K) From: 37936K(104960K)->40000K(89088K)
[728.151s][info][gc,heap        ] GC(2264) ParOldGen: 424271K(667648K)->424271K(667648K)
[728.151s][info][gc,metaspace   ] GC(2264) Metaspace: 19066K(19200K)->19066K(19200K) NonClass: 17237K(17344K)->17237K(17344K) Class: 1829K(1856K)->1829K(1856K)
[728.151s][info][gc             ] GC(2264) Pause Young (Allocation Failure) 560M->453M(858M) 33.202ms
[728.151s][info][gc,cpu         ] GC(2264) User=0.07s Sys=0.00s Real=0.03s
[728.295s][info][gc,start       ] GC(2265) Pause Young (Allocation Failure)
[728.361s][info][gc,heap        ] GC(2265) PSYoungGen: 161856K(210944K)->63008K(215552K) Eden: 121856K(121856K)->0K(121856K) From: 40000K(89088K)->63008K(93696K)
[728.361s][info][gc,heap        ] GC(2265) ParOldGen: 424271K(667648K)->424271K(667648K)
[728.361s][info][gc,metaspace   ] GC(2265) Metaspace: 19066K(19200K)->19066K(19200K) NonClass: 17237K(17344K)->17237K(17344K) Class: 1829K(1856K)->1829K(1856K)
[728.361s][info][gc             ] GC(2265) Pause Young (Allocation Failure) 572M->475M(862M) 65.575ms
[728.361s][info][gc,cpu         ] GC(2265) User=0.13s Sys=0.00s Real=0.06s
[728.480s][info][gc,start       ] GC(2266) Pause Young (Allocation Failure)
[728.598s][info][gc,heap        ] GC(2266) PSYoungGen: 184864K(215552K)->97776K(209408K) Eden: 121856K(121856K)->0K(111616K) From: 63008K(93696K)->97776K(97792K)
[728.598s][info][gc,heap        ] GC(2266) ParOldGen: 424271K(667648K)->426591K(667648K)
[728.598s][info][gc,metaspace   ] GC(2266) Metaspace: 19066K(19200K)->19066K(19200K) NonClass: 17237K(17344K)->17237K(17344K) Class: 1829K(1856K)->1829K(1856K)
[728.598s][info][gc             ] GC(2266) Pause Young (Allocation Failure) 594M->512M(856M) 117.795ms
[728.598s][info][gc,cpu         ] GC(2266) User=0.21s Sys=0.02s Real=0.12s
[728.709s][info][gc,start       ] GC(2267) Pause Young (Allocation Failure)
[728.837s][info][gc,heap        ] GC(2267) PSYoungGen: 209392K(209408K)->82496K(222720K) Eden: 111616K(111616K)->0K(111616K) From: 97776K(97792K)->82496K(111104K)
[728.837s][info][gc,heap        ] GC(2267) ParOldGen: 426591K(667648K)->464952K(667648K)
[728.837s][info][gc,metaspace   ] GC(2267) Metaspace: 19066K(19200K)->19066K(19200K) NonClass: 17237K(17344K)->17237K(17344K) Class: 1829K(1856K)->1829K(1856K)
[728.837s][info][gc             ] GC(2267) Pause Young (Allocation Failure) 621M->534M(869M) 128.029ms
[728.837s][info][gc,cpu         ] GC(2267) User=0.26s Sys=0.00s Real=0.13s
[728.974s][info][gc,start       ] GC(2268) Pause Young (Allocation Failure)
[729.081s][info][gc,heap        ] GC(2268) PSYoungGen: 194112K(222720K)->67328K(222720K) Eden: 111616K(111616K)->0K(111616K) From: 82496K(111104K)->67328K(111104K)
[729.081s][info][gc,heap        ] GC(2268) ParOldGen: 464952K(667648K)->488480K(667648K)
[729.081s][info][gc,metaspace   ] GC(2268) Metaspace: 19066K(19200K)->19066K(19200K) NonClass: 17237K(17344K)->17237K(17344K) Class: 1829K(1856K)->1829K(1856K)
[729.081s][info][gc             ] GC(2268) Pause Young (Allocation Failure) 643M->542M(869M) 106.723ms
[729.081s][info][gc,cpu         ] GC(2268) User=0.21s Sys=0.00s Real=0.10s
[729.214s][info][gc,start       ] GC(2269) Pause Young (Allocation Failure)
[729.291s][info][gc,heap        ] GC(2269) PSYoungGen: 178944K(222720K)->8960K(222720K) Eden: 111616K(111616K)->0K(111616K) From: 67328K(111104K)->8960K(111104K)
[729.291s][info][gc,heap        ] GC(2269) ParOldGen: 488480K(667648K)->547680K(667648K)
[729.291s][info][gc,metaspace   ] GC(2269) Metaspace: 19066K(19200K)->19066K(19200K) NonClass: 17237K(17344K)->17237K(17344K) Class: 1829K(1856K)->1829K(1856K)
[729.291s][info][gc             ] GC(2269) Pause Young (Allocation Failure) 651M->543M(869M) 76.669ms
[729.291s][info][gc,cpu         ] GC(2269) User=0.16s Sys=0.00s Real=0.07s
[729.426s][info][gc,start       ] GC(2270) Pause Young (Allocation Failure)
[729.449s][info][gc,heap        ] GC(2270) PSYoungGen: 120576K(222720K)->4576K(222720K) Eden: 111616K(111616K)->0K(111616K) From: 8960K(111104K)->4576K(111104K)
[729.449s][info][gc,heap        ] GC(2270) ParOldGen: 547680K(667648K)->556664K(667648K)
[729.449s][info][gc,metaspace   ] GC(2270) Metaspace: 19066K(19200K)->19066K(19200K) NonClass: 17237K(17344K)->17237K(17344K) Class: 1829K(1856K)->1829K(1856K)
[729.449s][info][gc             ] GC(2270) Pause Young (Allocation Failure) 652M->548M(869M) 22.597ms
[729.449s][info][gc,cpu         ] GC(2270) User=0.05s Sys=0.00s Real=0.02s
[729.579s][info][gc,start       ] GC(2271) Pause Young (Allocation Failure)
[729.587s][info][gc,heap        ] GC(2271) PSYoungGen: 116192K(222720K)->64K(222720K) Eden: 111616K(111616K)->0K(111616K) From: 4576K(111104K)->64K(111104K)
[729.587s][info][gc,heap        ] GC(2271) ParOldGen: 556664K(667648K)->561000K(667648K)
[729.587s][info][gc,metaspace   ] GC(2271) Metaspace: 19066K(19200K)->19066K(19200K) NonClass: 17237K(17344K)->17237K(17344K) Class: 1829K(1856K)->1829K(1856K)
[729.587s][info][gc             ] GC(2271) Pause Young (Allocation Failure) 657M->547M(869M) 8.171ms
[729.587s][info][gc,cpu         ] GC(2271) User=0.01s Sys=0.00s Real=0.01s
[729.826s][info][gc,start       ] GC(2272) Pause Young (Allocation Failure)
[729.844s][info][gc,heap        ] GC(2272) PSYoungGen: 111680K(222720K)->14064K(222720K) Eden: 111616K(111616K)->0K(111616K) From: 64K(111104K)->14064K(111104K)
[729.844s][info][gc,heap        ] GC(2272) ParOldGen: 561000K(667648K)->561032K(667648K)
[729.844s][info][gc,metaspace   ] GC(2272) Metaspace: 19066K(19200K)->19066K(19200K) NonClass: 17237K(17344K)->17237K(17344K) Class: 1829K(1856K)->1829K(1856K)
[729.844s][info][gc             ] GC(2272) Pause Young (Allocation Failure) 656M->561M(869M) 17.529ms
[729.844s][info][gc,cpu         ] GC(2272) User=0.04s Sys=0.00s Real=0.02s
[730.048s][info][gc,start       ] GC(2273) Pause Young (Allocation Failure)
[730.083s][info][gc,heap        ] GC(2273) PSYoungGen: 125680K(222720K)->14624K(222720K) Eden: 111616K(111616K)->0K(111616K) From: 14064K(111104K)->14624K(111104K)
[730.083s][info][gc,heap        ] GC(2273) ParOldGen: 561032K(667648K)->575113K(667648K)
[730.083s][info][gc,metaspace   ] GC(2273) Metaspace: 19066K(19200K)->19066K(19200K) NonClass: 17237K(17344K)->17237K(17344K) Class: 1829K(1856K)->1829K(1856K)
[730.083s][info][gc             ] GC(2273) Pause Young (Allocation Failure) 670M->575M(869M) 35.123ms
[730.083s][info][gc,cpu         ] GC(2273) User=0.07s Sys=0.00s Real=0.04s
[730.470s][info][gc,start       ] GC(2274) Pause Young (Allocation Failure)
[730.488s][info][gc,heap        ] GC(2274) PSYoungGen: 126240K(222720K)->288K(219648K) Eden: 111616K(111616K)->0K(111616K) From: 14624K(111104K)->288K(108032K)
[730.488s][info][gc,heap        ] GC(2274) ParOldGen: 575113K(667648K)->589737K(667648K)
[730.488s][info][gc,metaspace   ] GC(2274) Metaspace: 19066K(19200K)->19066K(19200K) NonClass: 17237K(17344K)->17237K(17344K) Class: 1829K(1856K)->1829K(1856K)
[730.488s][info][gc             ] GC(2274) Pause Young (Allocation Failure) 684M->576M(866M) 18.283ms
[730.488s][info][gc,cpu         ] GC(2274) User=0.03s Sys=0.00s Real=0.02s
[730.787s][info][gc,start       ] GC(2275) Pause Young (Allocation Failure)
[730.789s][info][gc,heap        ] GC(2275) PSYoungGen: 111904K(219648K)->64K(221184K) Eden: 111616K(111616K)->0K(111616K) From: 288K(108032K)->64K(109568K)
[730.789s][info][gc,heap        ] GC(2275) ParOldGen: 589737K(667648K)->589737K(667648K)
[730.789s][info][gc,metaspace   ] GC(2275) Metaspace: 19066K(19200K)->19066K(19200K) NonClass: 17237K(17344K)->17237K(17344K) Class: 1829K(1856K)->1829K(1856K)
[730.789s][info][gc             ] GC(2275) Pause Young (Allocation Failure) 685M->575M(868M) 2.402ms
[730.790s][info][gc,cpu         ] GC(2275) User=0.01s Sys=0.00s Real=0.00s
[731.121s][info][gc,start       ] GC(2276) Pause Young (Allocation Failure)
[731.124s][info][gc,heap        ] GC(2276) PSYoungGen: 111680K(221184K)->64K(218112K) Eden: 111616K(111616K)->0K(116736K) From: 64K(109568K)->64K(101376K)
[731.124s][info][gc,heap        ] GC(2276) ParOldGen: 589737K(667648K)->589737K(667648K)
[731.124s][info][gc,metaspace   ] GC(2276) Metaspace: 19066K(19200K)->19066K(19200K) NonClass: 17237K(17344K)->17237K(17344K) Class: 1829K(1856K)->1829K(1856K)
[731.124s][info][gc             ] GC(2276) Pause Young (Allocation Failure) 684M->575M(865M) 2.959ms
[731.124s][info][gc,cpu         ] GC(2276) User=0.01s Sys=0.00s Real=0.01s
[731.449s][info][gc,start       ] GC(2277) Pause Young (Allocation Failure)
[731.451s][info][gc,heap        ] GC(2277) PSYoungGen: 116800K(218112K)->96K(220672K) Eden: 116736K(116736K)->0K(116736K) From: 64K(101376K)->96K(103936K)
[731.451s][info][gc,heap        ] GC(2277) ParOldGen: 589737K(667648K)->589737K(667648K)
[731.451s][info][gc,metaspace   ] GC(2277) Metaspace: 19066K(19200K)->19066K(19200K) NonClass: 17237K(17344K)->17237K(17344K) Class: 1829K(1856K)->1829K(1856K)
[731.451s][info][gc             ] GC(2277) Pause Young (Allocation Failure) 689M->576M(867M) 2.847ms
[731.451s][info][gc,cpu         ] GC(2277) User=0.00s Sys=0.00s Real=0.00s
[731.786s][info][gc,start       ] GC(2278) Pause Young (Allocation Failure)
[731.789s][info][gc,heap        ] GC(2278) PSYoungGen: 116832K(220672K)->96K(211968K) Eden: 116736K(116736K)->0K(120320K) From: 96K(103936K)->96K(91648K)
[731.789s][info][gc,heap        ] GC(2278) ParOldGen: 589737K(667648K)->589737K(667648K)
[731.789s][info][gc,metaspace   ] GC(2278) Metaspace: 19066K(19200K)->19066K(19200K) NonClass: 17237K(17344K)->17237K(17344K) Class: 1829K(1856K)->1829K(1856K)
[731.790s][info][gc             ] GC(2278) Pause Young (Allocation Failure) 690M->576M(859M) 3.566ms
[731.790s][info][gc,cpu         ] GC(2278) User=0.01s Sys=0.00s Real=0.00s
[732.141s][info][gc,start       ] GC(2279) Pause Young (Allocation Failure)
[732.157s][info][gc,heap        ] GC(2279) PSYoungGen: 120416K(211968K)->96K(120832K) Eden: 120320K(120320K)->0K(120320K) From: 96K(91648K)->96K(512K)
[732.157s][info][gc,heap        ] GC(2279) ParOldGen: 589737K(667648K)->589737K(667648K)
[732.157s][info][gc,metaspace   ] GC(2279) Metaspace: 19066K(19200K)->19066K(19200K) NonClass: 17237K(17344K)->17237K(17344K) Class: 1829K(1856K)->1829K(1856K)
[732.157s][info][gc             ] GC(2279) Pause Young (Allocation Failure) 693M->576M(770M) 16.138ms
[732.157s][info][gc,cpu         ] GC(2279) User=0.03s Sys=0.00s Real=0.02s
[732.436s][info][gc,start       ] GC(2280) Pause Young (Allocation Failure)
[732.439s][info][gc,heap        ] GC(2280) PSYoungGen: 120416K(120832K)->448K(204800K) Eden: 120320K(120320K)->0K(122880K) From: 96K(512K)->448K(81920K)
[732.439s][info][gc,heap        ] GC(2280) ParOldGen: 589737K(667648K)->589737K(667648K)
[732.439s][info][gc,metaspace   ] GC(2280) Metaspace: 19066K(19200K)->19066K(19200K) NonClass: 17237K(17344K)->17237K(17344K) Class: 1829K(1856K)->1829K(1856K)
[732.440s][info][gc             ] GC(2280) Pause Young (Allocation Failure) 693M->576M(852M) 3.830ms
[732.440s][info][gc,cpu         ] GC(2280) User=0.00s Sys=0.01s Real=0.00s
[732.628s][info][gc,start       ] GC(2281) Pause Young (Allocation Failure)
[732.658s][info][gc,heap        ] GC(2281) PSYoungGen: 123328K(204800K)->34560K(210432K) Eden: 122880K(122880K)->0K(122880K) From: 448K(81920K)->34560K(87552K)
[732.658s][info][gc,heap        ] GC(2281) ParOldGen: 589737K(667648K)->589737K(667648K)
[732.658s][info][gc,metaspace   ] GC(2281) Metaspace: 19066K(19200K)->19066K(19200K) NonClass: 17237K(17344K)->17237K(17344K) Class: 1829K(1856K)->1829K(1856K)
[732.658s][info][gc             ] GC(2281) Pause Young (Allocation Failure) 696M->609M(857M) 29.951ms
[732.658s][info][gc,cpu         ] GC(2281) User=0.06s Sys=0.00s Real=0.03s
[732.780s][info][gc,start       ] GC(2282) Pause Young (Allocation Failure)
[732.839s][info][gc,heap        ] GC(2282) PSYoungGen: 157440K(210432K)->76976K(199168K) Eden: 122880K(122880K)->0K(112128K) From: 34560K(87552K)->76976K(87040K)
[732.839s][info][gc,heap        ] GC(2282) ParOldGen: 589737K(667648K)->589737K(667648K)
[732.839s][info][gc,metaspace   ] GC(2282) Metaspace: 19066K(19200K)->19066K(19200K) NonClass: 17237K(17344K)->17237K(17344K) Class: 1829K(1856K)->1829K(1856K)
[732.839s][info][gc             ] GC(2282) Pause Young (Allocation Failure) 729M->651M(846M) 58.611ms
[732.839s][info][gc,cpu         ] GC(2282) User=0.12s Sys=0.00s Real=0.06s
[733.036s][info][gc,start       ] GC(2283) Pause Young (Allocation Failure)
[733.092s][info][gc,heap        ] GC(2283) PSYoungGen: 189104K(199168K)->80112K(214016K) Eden: 112128K(112128K)->0K(112128K) From: 76976K(87040K)->80112K(101888K)
[733.092s][info][gc,heap        ] GC(2283) ParOldGen: 589737K(667648K)->589737K(667648K)
[733.092s][info][gc,metaspace   ] GC(2283) Metaspace: 19066K(19200K)->19066K(19200K) NonClass: 17237K(17344K)->17237K(17344K) Class: 1829K(1856K)->1829K(1856K)
[733.092s][info][gc             ] GC(2283) Pause Young (Allocation Failure) 760M->654M(861M) 56.144ms
[733.092s][info][gc,cpu         ] GC(2283) User=0.11s Sys=0.00s Real=0.05s
[733.308s][info][gc,start       ] GC(2284) Pause Young (Allocation Failure)
[733.431s][info][gc,heap        ] GC(2284) PSYoungGen: 192240K(214016K)->103120K(222720K) Eden: 112128K(112128K)->0K(111616K) From: 80112K(101888K)->103120K(111104K)
[733.431s][info][gc,heap        ] GC(2284) ParOldGen: 589737K(667648K)->589785K(667648K)
[733.431s][info][gc,metaspace   ] GC(2284) Metaspace: 19066K(19200K)->19066K(19200K) NonClass: 17237K(17344K)->17237K(17344K) Class: 1829K(1856K)->1829K(1856K)
[733.431s][info][gc             ] GC(2284) Pause Young (Allocation Failure) 763M->676M(869M) 122.878ms
[733.431s][info][gc,cpu         ] GC(2284) User=0.22s Sys=0.03s Real=0.12s
[733.593s][info][gc,start       ] GC(2285) Pause Young (Allocation Failure)
[733.742s][info][gc,heap        ] GC(2285) PSYoungGen: 214736K(222720K)->111088K(222720K) Eden: 111616K(111616K)->0K(111616K) From: 103120K(111104K)->111088K(111104K)
[733.742s][info][gc,heap        ] GC(2285) ParOldGen: 589785K(667648K)->604625K(667648K)
[733.742s][info][gc,metaspace   ] GC(2285) Metaspace: 19066K(19200K)->19066K(19200K) NonClass: 17237K(17344K)->17237K(17344K) Class: 1829K(1856K)->1829K(1856K)
[733.742s][info][gc             ] GC(2285) Pause Young (Allocation Failure) 785M->698M(869M) 149.286ms
[733.742s][info][gc,cpu         ] GC(2285) User=0.30s Sys=0.00s Real=0.15s
[733.915s][info][gc,start       ] GC(2286) Pause Young (Allocation Failure)
[734.057s][info][gc,heap        ] GC(2286) PSYoungGen: 222704K(222720K)->111088K(222720K) Eden: 111616K(111616K)->0K(111616K) From: 111088K(111104K)->111088K(111104K)
[734.057s][info][gc,heap        ] GC(2286) ParOldGen: 604625K(667648K)->621281K(667648K)
[734.057s][info][gc,metaspace   ] GC(2286) Metaspace: 19066K(19200K)->19066K(19200K) NonClass: 17237K(17344K)->17237K(17344K) Class: 1829K(1856K)->1829K(1856K)
[734.057s][info][gc             ] GC(2286) Pause Young (Allocation Failure) 807M->715M(869M) 141.982ms
[734.057s][info][gc,cpu         ] GC(2286) User=0.27s Sys=0.01s Real=0.14s
[734.124s][info][gc,start       ] GC(2287) Pause Young (Allocation Failure)
[734.252s][info][gc,heap        ] GC(2287) PSYoungGen: 222704K(222720K)->77632K(222720K) Eden: 111616K(111616K)->0K(111616K) From: 111088K(111104K)->77632K(111104K)
[734.253s][info][gc,heap        ] GC(2287) ParOldGen: 621281K(667648K)->655657K(667648K)
[734.253s][info][gc,metaspace   ] GC(2287) Metaspace: 19066K(19200K)->19066K(19200K) NonClass: 17237K(17344K)->17237K(17344K) Class: 1829K(1856K)->1829K(1856K)
[734.253s][info][gc             ] GC(2287) Pause Young (Allocation Failure) 824M->716M(869M) 128.626ms
[734.253s][info][gc,cpu         ] GC(2287) User=0.24s Sys=0.02s Real=0.13s
[734.380s][info][gc,start       ] GC(2288) Pause Full (Allocation Failure)
[734.380s][info][gc,phases,start] GC(2288) Marking Phase
[734.795s][info][gc,phases      ] GC(2288) Marking Phase 414.994ms
[734.795s][info][gc,phases,start] GC(2288) Summary Phase
[734.795s][info][gc,phases      ] GC(2288) Summary Phase 0.032ms
[734.795s][info][gc,phases,start] GC(2288) Forward
[734.930s][info][gc,phases      ] GC(2288) Forward 134.927ms
[734.930s][info][gc,phases,start] GC(2288) Adjust Pointers
[735.249s][info][gc,phases      ] GC(2288) Adjust Pointers 318.986ms
[735.249s][info][gc,phases,start] GC(2288) Compaction Phase
[735.439s][info][gc,phases      ] GC(2288) Compaction Phase 190.523ms
[735.449s][info][gc,phases,start] GC(2288) Post Compact
[735.451s][info][gc,phases      ] GC(2288) Post Compact 2.525ms
[735.451s][info][gc,heap        ] GC(2288) PSYoungGen: 189248K(222720K)->0K(222720K) Eden: 111616K(111616K)->0K(111616K) From: 77632K(111104K)->0K(111104K)
[735.451s][info][gc,heap        ] GC(2288) ParOldGen: 655657K(667648K)->545816K(667648K)
[735.451s][info][gc,metaspace   ] GC(2288) Metaspace: 19066K(19200K)->19066K(19200K) NonClass: 17237K(17344K)->17237K(17344K) Class: 1829K(1856K)->1829K(1856K)
[735.451s][info][gc             ] GC(2288) Pause Full (Allocation Failure) 825M->533M(869M) 1071.688ms
[735.451s][info][gc,cpu         ] GC(2288) User=2.02s Sys=0.00s Real=1.07s
[735.548s][info][gc,start       ] GC(2289) Pause Young (Allocation Failure)
[735.568s][info][gc,heap        ] GC(2289) PSYoungGen: 111616K(222720K)->12336K(222720K) Eden: 111616K(111616K)->0K(111616K) From: 0K(111104K)->12336K(111104K)
[735.568s][info][gc,heap        ] GC(2289) ParOldGen: 545816K(667648K)->545816K(667648K)
[735.568s][info][gc,metaspace   ] GC(2289) Metaspace: 19066K(19200K)->19066K(19200K) NonClass: 17237K(17344K)->17237K(17344K) Class: 1829K(1856K)->1829K(1856K)
[735.568s][info][gc             ] GC(2289) Pause Young (Allocation Failure) 642M->545M(869M) 19.324ms
[735.568s][info][gc,cpu         ] GC(2289) User=0.04s Sys=0.00s Real=0.02s
[735.646s][info][gc,start       ] GC(2290) Pause Young (Allocation Failure)
[735.665s][info][gc,heap        ] GC(2290) PSYoungGen: 123952K(222720K)->17824K(222720K) Eden: 111616K(111616K)->0K(111616K) From: 12336K(111104K)->17824K(111104K)
[735.665s][info][gc,heap        ] GC(2290) ParOldGen: 545816K(667648K)->545816K(667648K)
[735.665s][info][gc,metaspace   ] GC(2290) Metaspace: 19066K(19200K)->19066K(19200K) NonClass: 17237K(17344K)->17237K(17344K) Class: 1829K(1856K)->1829K(1856K)
[735.665s][info][gc             ] GC(2290) Pause Young (Allocation Failure) 654M->550M(869M) 19.717ms
[735.665s][info][gc,cpu         ] GC(2290) User=0.04s Sys=0.00s Real=0.02s
[735.782s][info][gc,start       ] GC(2291) Pause Young (Allocation Failure)
[735.818s][info][gc,heap        ] GC(2291) PSYoungGen: 129440K(222720K)->34512K(222720K) Eden: 111616K(111616K)->0K(111616K) From: 17824K(111104K)->34512K(111104K)
[735.818s][info][gc,heap        ] GC(2291) ParOldGen: 545816K(667648K)->545816K(667648K)
[735.819s][info][gc,metaspace   ] GC(2291) Metaspace: 19066K(19200K)->19066K(19200K) NonClass: 17237K(17344K)->17237K(17344K) Class: 1829K(1856K)->1829K(1856K)
[735.819s][info][gc             ] GC(2291) Pause Young (Allocation Failure) 659M->566M(869M) 36.147ms
[735.819s][info][gc,cpu         ] GC(2291) User=0.08s Sys=0.00s Real=0.03s
[735.927s][info][gc,start       ] GC(2292) Pause Young (Allocation Failure)
[735.973s][info][gc,heap        ] GC(2292) PSYoungGen: 146128K(222720K)->30192K(222720K) Eden: 111616K(111616K)->0K(111616K) From: 34512K(111104K)->30192K(111104K)
[735.973s][info][gc,heap        ] GC(2292) ParOldGen: 545816K(667648K)->554408K(667648K)
[735.973s][info][gc,metaspace   ] GC(2292) Metaspace: 19066K(19200K)->19066K(19200K) NonClass: 17237K(17344K)->17237K(17344K) Class: 1829K(1856K)->1829K(1856K)
[735.973s][info][gc             ] GC(2292) Pause Young (Allocation Failure) 675M->570M(869M) 45.675ms
[735.973s][info][gc,cpu         ] GC(2292) User=0.09s Sys=0.00s Real=0.05s
[736.060s][info][gc,start       ] GC(2293) Pause Young (Allocation Failure)
[736.109s][info][gc,heap        ] GC(2293) PSYoungGen: 141808K(222720K)->21216K(222720K) Eden: 111616K(111616K)->0K(111616K) From: 30192K(111104K)->21216K(111104K)
[736.109s][info][gc,heap        ] GC(2293) ParOldGen: 554408K(667648K)->584809K(667648K)
[736.109s][info][gc,metaspace   ] GC(2293) Metaspace: 19066K(19200K)->19066K(19200K) NonClass: 17237K(17344K)->17237K(17344K) Class: 1829K(1856K)->1829K(1856K)
[736.109s][info][gc             ] GC(2293) Pause Young (Allocation Failure) 679M->591M(869M) 49.069ms
[736.109s][info][gc,cpu         ] GC(2293) User=0.10s Sys=0.00s Real=0.05s
[736.235s][info][gc,start       ] GC(2294) Pause Young (Allocation Failure)
[736.285s][info][gc,heap        ] GC(2294) PSYoungGen: 132832K(222720K)->18048K(222720K) Eden: 111616K(111616K)->0K(111616K) From: 21216K(111104K)->18048K(111104K)
[736.285s][info][gc,heap        ] GC(2294) ParOldGen: 584809K(667648K)->606097K(667648K)
[736.285s][info][gc,metaspace   ] GC(2294) Metaspace: 19066K(19200K)->19066K(19200K) NonClass: 17237K(17344K)->17237K(17344K) Class: 1829K(1856K)->1829K(1856K)
[736.285s][info][gc             ] GC(2294) Pause Young (Allocation Failure) 700M->609M(869M) 49.229ms
[736.285s][info][gc,cpu         ] GC(2294) User=0.09s Sys=0.00s Real=0.05s
[736.447s][info][gc,start       ] GC(2295) Pause Young (Allocation Failure)
[736.478s][info][gc,heap        ] GC(2295) PSYoungGen: 129664K(222720K)->3424K(222720K) Eden: 111616K(111616K)->0K(111616K) From: 18048K(111104K)->3424K(111104K)
[736.478s][info][gc,heap        ] GC(2295) ParOldGen: 606097K(667648K)->624177K(667648K)
[736.478s][info][gc,metaspace   ] GC(2295) Metaspace: 19066K(19200K)->19066K(19200K) NonClass: 17237K(17344K)->17237K(17344K) Class: 1829K(1856K)->1829K(1856K)
[736.478s][info][gc             ] GC(2295) Pause Young (Allocation Failure) 718M->612M(869M) 31.050ms
[736.478s][info][gc,cpu         ] GC(2295) User=0.06s Sys=0.00s Real=0.03s
[736.816s][info][gc,start       ] GC(2296) Pause Full (Allocation Failure)
[736.816s][info][gc,phases,start] GC(2296) Marking Phase
[737.159s][info][gc,phases      ] GC(2296) Marking Phase 342.914ms
[737.159s][info][gc,phases,start] GC(2296) Summary Phase
[737.159s][info][gc,phases      ] GC(2296) Summary Phase 0.032ms
[737.159s][info][gc,phases,start] GC(2296) Forward
[737.240s][info][gc,phases      ] GC(2296) Forward 80.069ms
[737.240s][info][gc,phases,start] GC(2296) Adjust Pointers
[737.488s][info][gc,phases      ] GC(2296) Adjust Pointers 248.366ms
[737.488s][info][gc,phases,start] GC(2296) Compaction Phase
[737.625s][info][gc,phases      ] GC(2296) Compaction Phase 137.167ms
[737.633s][info][gc,phases,start] GC(2296) Post Compact
[737.635s][info][gc,phases      ] GC(2296) Post Compact 2.251ms
[737.635s][info][gc,heap        ] GC(2296) PSYoungGen: 115040K(222720K)->0K(222720K) Eden: 111616K(111616K)->0K(111616K) From: 3424K(111104K)->0K(111104K)
[737.635s][info][gc,heap        ] GC(2296) ParOldGen: 624177K(667648K)->443845K(667648K)
[737.635s][info][gc,metaspace   ] GC(2296) Metaspace: 19066K(19200K)->19066K(19200K) NonClass: 17237K(17344K)->17237K(17344K) Class: 1829K(1856K)->1829K(1856K)
[737.635s][info][gc             ] GC(2296) Pause Full (Allocation Failure) 721M->433M(869M) 818.650ms
[737.635s][info][gc,cpu         ] GC(2296) User=1.54s Sys=0.00s Real=0.82s
[737.932s][info][gc,start       ] GC(2297) Pause Young (Allocation Failure)
[737.935s][info][gc,heap        ] GC(2297) PSYoungGen: 111616K(222720K)->1344K(222720K) Eden: 111616K(111616K)->0K(111616K) From: 0K(111104K)->1344K(111104K)
[737.935s][info][gc,heap        ] GC(2297) ParOldGen: 443845K(667648K)->443845K(667648K)
[737.935s][info][gc,metaspace   ] GC(2297) Metaspace: 19066K(19200K)->19066K(19200K) NonClass: 17237K(17344K)->17237K(17344K) Class: 1829K(1856K)->1829K(1856K)
[737.935s][info][gc             ] GC(2297) Pause Young (Allocation Failure) 542M->434M(869M) 3.821ms
[737.935s][info][gc,cpu         ] GC(2297) User=0.01s Sys=0.00s Real=0.01s
[738.079s][info][gc,start       ] GC(2298) Pause Young (Allocation Failure)
[738.098s][info][gc,heap        ] GC(2298) PSYoungGen: 112960K(222720K)->13584K(222720K) Eden: 111616K(111616K)->0K(111616K) From: 1344K(111104K)->13584K(111104K)
[738.098s][info][gc,heap        ] GC(2298) ParOldGen: 443845K(667648K)->445194K(667648K)
[738.098s][info][gc,metaspace   ] GC(2298) Metaspace: 19066K(19200K)->19066K(19200K) NonClass: 17237K(17344K)->17237K(17344K) Class: 1829K(1856K)->1829K(1856K)
[738.098s][info][gc             ] GC(2298) Pause Young (Allocation Failure) 543M->448M(869M) 18.409ms
[738.098s][info][gc,cpu         ] GC(2298) User=0.04s Sys=0.00s Real=0.02s
[738.269s][info][gc,start       ] GC(2299) Pause Young (Allocation Failure)
[738.291s][info][gc,heap        ] GC(2299) PSYoungGen: 125200K(222720K)->9200K(222720K) Eden: 111616K(111616K)->0K(111616K) From: 13584K(111104K)->9200K(111104K)
[738.291s][info][gc,heap        ] GC(2299) ParOldGen: 445194K(667648K)->458842K(667648K)
[738.291s][info][gc,metaspace   ] GC(2299) Metaspace: 19066K(19200K)->19066K(19200K) NonClass: 17237K(17344K)->17237K(17344K) Class: 1829K(1856K)->1829K(1856K)
[738.291s][info][gc             ] GC(2299) Pause Young (Allocation Failure) 557M->457M(869M) 21.821ms
[738.291s][info][gc,cpu         ] GC(2299) User=0.04s Sys=0.00s Real=0.02s
[738.357s][info][gc,start       ] GC(2300) Pause Young (Allocation Failure)
[738.397s][info][gc,heap        ] GC(2300) PSYoungGen: 120816K(222720K)->41184K(222720K) Eden: 111616K(111616K)->0K(111616K) From: 9200K(111104K)->41184K(111104K)
[738.397s][info][gc,heap        ] GC(2300) ParOldGen: 458842K(667648K)->468074K(667648K)
[738.397s][info][gc,metaspace   ] GC(2300) Metaspace: 19066K(19200K)->19066K(19200K) NonClass: 17237K(17344K)->17237K(17344K) Class: 1829K(1856K)->1829K(1856K)
[738.397s][info][gc             ] GC(2300) Pause Young (Allocation Failure) 566M->497M(869M) 40.080ms
[738.397s][info][gc,cpu         ] GC(2300) User=0.08s Sys=0.00s Real=0.04s
[738.564s][info][gc,start       ] GC(2301) Pause Young (Allocation Failure)
[738.613s][info][gc,heap        ] GC(2301) PSYoungGen: 152800K(222720K)->29088K(140800K) Eden: 111616K(111616K)->0K(111616K) From: 41184K(111104K)->29088K(29184K)
[738.613s][info][gc,heap        ] GC(2301) ParOldGen: 468074K(667648K)->509730K(667648K)
[738.613s][info][gc,metaspace   ] GC(2301) Metaspace: 19066K(19200K)->19066K(19200K) NonClass: 17237K(17344K)->17237K(17344K) Class: 1829K(1856K)->1829K(1856K)
[738.613s][info][gc             ] GC(2301) Pause Young (Allocation Failure) 606M->526M(789M) 48.709ms
[738.613s][info][gc,cpu         ] GC(2301) User=0.09s Sys=0.00s Real=0.05s
[738.736s][info][gc,start       ] GC(2302) Pause Young (Allocation Failure)
[738.764s][info][gc,heap        ] GC(2302) PSYoungGen: 140704K(140800K)->32192K(218624K) Eden: 111616K(111616K)->0K(118272K) From: 29088K(29184K)->32192K(100352K)
[738.764s][info][gc,heap        ] GC(2302) ParOldGen: 509730K(667648K)->509730K(667648K)
[738.764s][info][gc,metaspace   ] GC(2302) Metaspace: 19066K(19200K)->19066K(19200K) NonClass: 17237K(17344K)->17237K(17344K) Class: 1829K(1856K)->1829K(1856K)
[738.764s][info][gc             ] GC(2302) Pause Young (Allocation Failure) 635M->529M(865M) 27.942ms
[738.764s][info][gc,cpu         ] GC(2302) User=0.05s Sys=0.00s Real=0.03s
[738.957s][info][gc,start       ] GC(2303) Pause Young (Allocation Failure)
[739.047s][info][gc,heap        ] GC(2303) PSYoungGen: 150464K(218624K)->64544K(216064K) Eden: 118272K(118272K)->0K(118272K) From: 32192K(100352K)->64544K(97792K)
[739.047s][info][gc,heap        ] GC(2303) ParOldGen: 509730K(667648K)->509730K(667648K)
[739.047s][info][gc,metaspace   ] GC(2303) Metaspace: 19066K(19200K)->19066K(19200K) NonClass: 17237K(17344K)->17237K(17344K) Class: 1829K(1856K)->1829K(1856K)
[739.047s][info][gc             ] GC(2303) Pause Young (Allocation Failure) 644M->560M(863M) 90.295ms
[739.047s][info][gc,cpu         ] GC(2303) User=0.18s Sys=0.00s Real=0.09s
[739.202s][info][gc,start       ] GC(2304) Pause Young (Allocation Failure)
[739.294s][info][gc,heap        ] GC(2304) PSYoungGen: 182816K(216064K)->79024K(215552K) Eden: 118272K(118272K)->0K(111616K) From: 64544K(97792K)->79024K(103936K)
[739.294s][info][gc,heap        ] GC(2304) ParOldGen: 509730K(667648K)->509730K(667648K)
[739.294s][info][gc,metaspace   ] GC(2304) Metaspace: 19066K(19200K)->19066K(19200K) NonClass: 17237K(17344K)->17237K(17344K) Class: 1829K(1856K)->1829K(1856K)
[739.294s][info][gc             ] GC(2304) Pause Young (Allocation Failure) 676M->574M(862M) 92.207ms
[739.294s][info][gc,cpu         ] GC(2304) User=0.18s Sys=0.00s Real=0.10s
[739.425s][info][gc,start       ] GC(2305) Pause Young (Allocation Failure)
[739.545s][info][gc,heap        ] GC(2305) PSYoungGen: 190640K(215552K)->60960K(222720K) Eden: 111616K(111616K)->0K(111616K) From: 79024K(103936K)->60960K(111104K)
[739.545s][info][gc,heap        ] GC(2305) ParOldGen: 509730K(667648K)->542178K(667648K)
[739.545s][info][gc,metaspace   ] GC(2305) Metaspace: 19066K(19200K)->19066K(19200K) NonClass: 17237K(17344K)->17237K(17344K) Class: 1829K(1856K)->1829K(1856K)
[739.545s][info][gc             ] GC(2305) Pause Young (Allocation Failure) 683M->589M(869M) 120.002ms
[739.545s][info][gc,cpu         ] GC(2305) User=0.24s Sys=0.00s Real=0.12s
[739.657s][info][gc,start       ] GC(2306) Pause Young (Allocation Failure)
[739.742s][info][gc,heap        ] GC(2306) PSYoungGen: 172576K(222720K)->14752K(222720K) Eden: 111616K(111616K)->0K(111616K) From: 60960K(111104K)->14752K(111104K)
[739.742s][info][gc,heap        ] GC(2306) ParOldGen: 542178K(667648K)->589170K(667648K)
[739.742s][info][gc,metaspace   ] GC(2306) Metaspace: 19066K(19200K)->19066K(19200K) NonClass: 17237K(17344K)->17237K(17344K) Class: 1829K(1856K)->1829K(1856K)
[739.742s][info][gc             ] GC(2306) Pause Young (Allocation Failure) 698M->589M(869M) 84.733ms
[739.742s][info][gc,cpu         ] GC(2306) User=0.17s Sys=0.00s Real=0.09s
[739.876s][info][gc,start       ] GC(2307) Pause Young (Allocation Failure)
[739.902s][info][gc,heap        ] GC(2307) PSYoungGen: 126368K(222720K)->224K(112128K) Eden: 111616K(111616K)->0K(111616K) From: 14752K(111104K)->224K(512K)
[739.902s][info][gc,heap        ] GC(2307) ParOldGen: 589170K(667648K)->603962K(667648K)
[739.902s][info][gc,metaspace   ] GC(2307) Metaspace: 19066K(19200K)->19066K(19200K) NonClass: 17237K(17344K)->17237K(17344K) Class: 1829K(1856K)->1829K(1856K)
[739.902s][info][gc             ] GC(2307) Pause Young (Allocation Failure) 698M->590M(761M) 26.532ms
[739.902s][info][gc,cpu         ] GC(2307) User=0.05s Sys=0.00s Real=0.03s
[740.070s][info][gc,start       ] GC(2308) Pause Young (Allocation Failure)
[740.080s][info][gc,heap        ] GC(2308) PSYoungGen: 111840K(112128K)->4288K(224768K) Eden: 111616K(111616K)->0K(114176K) From: 224K(512K)->4288K(110592K)
[740.080s][info][gc,heap        ] GC(2308) ParOldGen: 603962K(667648K)->604154K(667648K)
[740.080s][info][gc,metaspace   ] GC(2308) Metaspace: 19066K(19200K)->19066K(19200K) NonClass: 17237K(17344K)->17237K(17344K) Class: 1829K(1856K)->1829K(1856K)
[740.080s][info][gc             ] GC(2308) Pause Young (Allocation Failure) 699M->594M(871M) 10.482ms
[740.080s][info][gc,cpu         ] GC(2308) User=0.02s Sys=0.00s Real=0.01s
[740.296s][info][gc,start       ] GC(2309) Pause Young (Allocation Failure)
[740.316s][info][gc,heap        ] GC(2309) PSYoungGen: 118464K(224768K)->14176K(128512K) Eden: 114176K(114176K)->0K(114176K) From: 4288K(110592K)->14176K(14336K)
[740.316s][info][gc,heap        ] GC(2309) ParOldGen: 604154K(667648K)->604154K(667648K)
[740.317s][info][gc,metaspace   ] GC(2309) Metaspace: 19066K(19200K)->19066K(19200K) NonClass: 17237K(17344K)->17237K(17344K) Class: 1829K(1856K)->1829K(1856K)
[740.317s][info][gc             ] GC(2309) Pause Young (Allocation Failure) 705M->603M(777M) 20.949ms
[740.317s][info][gc,cpu         ] GC(2309) User=0.04s Sys=0.00s Real=0.02s
[740.507s][info][gc,start       ] GC(2310) Pause Young (Allocation Failure)
[740.546s][info][gc,heap        ] GC(2310) PSYoungGen: 128352K(128512K)->29552K(219136K) Eden: 114176K(114176K)->0K(122880K) From: 14176K(14336K)->29552K(96256K)
[740.547s][info][gc,heap        ] GC(2310) ParOldGen: 604154K(667648K)->604154K(667648K)
[740.547s][info][gc,metaspace   ] GC(2310) Metaspace: 19066K(19200K)->19066K(19200K) NonClass: 17237K(17344K)->17237K(17344K) Class: 1829K(1856K)->1829K(1856K)
[740.547s][info][gc             ] GC(2310) Pause Young (Allocation Failure) 715M->618M(866M) 39.073ms
[740.547s][info][gc,cpu         ] GC(2310) User=0.07s Sys=0.00s Real=0.04s
[740.888s][info][gc,start       ] GC(2311) Pause Young (Allocation Failure)
[740.947s][info][gc,heap        ] GC(2311) PSYoungGen: 152432K(219136K)->33424K(218624K) Eden: 122880K(122880K)->0K(122880K) From: 29552K(96256K)->33424K(95744K)
[740.947s][info][gc,heap        ] GC(2311) ParOldGen: 604154K(667648K)->604154K(667648K)
[740.947s][info][gc,metaspace   ] GC(2311) Metaspace: 19066K(19200K)->19066K(19200K) NonClass: 17237K(17344K)->17237K(17344K) Class: 1829K(1856K)->1829K(1856K)
[740.947s][info][gc             ] GC(2311) Pause Young (Allocation Failure) 738M->622M(865M) 59.075ms
[740.947s][info][gc,cpu         ] GC(2311) User=0.12s Sys=0.00s Real=0.06s
[741.181s][info][gc,start       ] GC(2312) Pause Young (Allocation Failure)
[741.261s][info][gc,heap        ] GC(2312) PSYoungGen: 156304K(218624K)->70256K(213504K) Eden: 122880K(122880K)->0K(122880K) From: 33424K(95744K)->70256K(90624K)
[741.261s][info][gc,heap        ] GC(2312) ParOldGen: 604154K(667648K)->604154K(667648K)
[741.261s][info][gc,metaspace   ] GC(2312) Metaspace: 19066K(19200K)->19066K(19200K) NonClass: 17237K(17344K)->17237K(17344K) Class: 1829K(1856K)->1829K(1856K)
[741.261s][info][gc             ] GC(2312) Pause Young (Allocation Failure) 742M->658M(860M) 80.117ms
[741.261s][info][gc,cpu         ] GC(2312) User=0.16s Sys=0.00s Real=0.08s
[741.445s][info][gc,start       ] GC(2313) Pause Young (Allocation Failure)
[741.516s][info][gc,heap        ] GC(2313) PSYoungGen: 193136K(213504K)->78544K(222720K) Eden: 122880K(122880K)->0K(122880K) From: 70256K(90624K)->78544K(99840K)
[741.516s][info][gc,heap        ] GC(2313) ParOldGen: 604154K(667648K)->604154K(667648K)
[741.516s][info][gc,metaspace   ] GC(2313) Metaspace: 19066K(19200K)->19066K(19200K) NonClass: 17237K(17344K)->17237K(17344K) Class: 1829K(1856K)->1829K(1856K)
[741.516s][info][gc             ] GC(2313) Pause Young (Allocation Failure) 778M->666M(869M) 71.269ms
[741.516s][info][gc,cpu         ] GC(2313) User=0.14s Sys=0.00s Real=0.07s
[741.705s][info][gc,start       ] GC(2314) Pause Young (Allocation Failure)
[741.794s][info][gc,heap        ] GC(2314) PSYoungGen: 201424K(222720K)->87920K(221184K) Eden: 122880K(122880K)->0K(111616K) From: 78544K(99840K)->87920K(109568K)
[741.795s][info][gc,heap        ] GC(2314) ParOldGen: 604154K(667648K)->604154K(667648K)
[741.795s][info][gc,metaspace   ] GC(2314) Metaspace: 19066K(19200K)->19066K(19200K) NonClass: 17237K(17344K)->17237K(17344K) Class: 1829K(1856K)->1829K(1856K)
[741.795s][info][gc             ] GC(2314) Pause Young (Allocation Failure) 786M->675M(868M) 89.980ms
[741.795s][info][gc,cpu         ] GC(2314) User=0.17s Sys=0.00s Real=0.09s
[741.977s][info][gc,start       ] GC(2315) Pause Young (Allocation Failure)
[742.073s][info][gc,heap        ] GC(2315) PSYoungGen: 199536K(221184K)->82768K(222720K) Eden: 111616K(111616K)->0K(111616K) From: 87920K(109568K)->82768K(111104K)
[742.073s][info][gc,heap        ] GC(2315) ParOldGen: 604154K(667648K)->618298K(667648K)
[742.073s][info][gc,metaspace   ] GC(2315) Metaspace: 19066K(19200K)->19066K(19200K) NonClass: 17237K(17344K)->17237K(17344K) Class: 1829K(1856K)->1829K(1856K)
[742.073s][info][gc             ] GC(2315) Pause Young (Allocation Failure) 784M->684M(869M) 96.583ms
[742.073s][info][gc,cpu         ] GC(2315) User=0.19s Sys=0.00s Real=0.10s
[742.198s][info][gc,start       ] GC(2316) Pause Young (Allocation Failure)
[742.293s][info][gc,heap        ] GC(2316) PSYoungGen: 194384K(222720K)->76912K(222720K) Eden: 111616K(111616K)->0K(111616K) From: 82768K(111104K)->76912K(111104K)
[742.293s][info][gc,heap        ] GC(2316) ParOldGen: 618298K(667648K)->637635K(667648K)
[742.293s][info][gc,metaspace   ] GC(2316) Metaspace: 19066K(19200K)->19066K(19200K) NonClass: 17237K(17344K)->17237K(17344K) Class: 1829K(1856K)->1829K(1856K)
[742.293s][info][gc             ] GC(2316) Pause Young (Allocation Failure) 793M->697M(869M) 94.922ms
[742.293s][info][gc,cpu         ] GC(2316) User=0.19s Sys=0.00s Real=0.10s
[742.405s][info][gc,start       ] GC(2317) Pause Full (Allocation Failure)
[742.405s][info][gc,phases,start] GC(2317) Marking Phase
[742.790s][info][gc,phases      ] GC(2317) Marking Phase 384.583ms
[742.790s][info][gc,phases,start] GC(2317) Summary Phase
[742.790s][info][gc,phases      ] GC(2317) Summary Phase 0.049ms
[742.790s][info][gc,phases,start] GC(2317) Forward
[742.903s][info][gc,phases      ] GC(2317) Forward 113.449ms
[742.904s][info][gc,phases,start] GC(2317) Adjust Pointers
[743.206s][info][gc,phases      ] GC(2317) Adjust Pointers 302.441ms
[743.206s][info][gc,phases,start] GC(2317) Compaction Phase
[743.365s][info][gc,phases      ] GC(2317) Compaction Phase 159.255ms
[743.374s][info][gc,phases,start] GC(2317) Post Compact
[743.376s][info][gc,phases      ] GC(2317) Post Compact 2.503ms
[743.376s][info][gc,heap        ] GC(2317) PSYoungGen: 188528K(222720K)->0K(222720K) Eden: 111616K(111616K)->0K(111616K) From: 76912K(111104K)->0K(111104K)
[743.376s][info][gc,heap        ] GC(2317) ParOldGen: 637635K(667648K)->482614K(667648K)
[743.376s][info][gc,metaspace   ] GC(2317) Metaspace: 19066K(19200K)->19066K(19200K) NonClass: 17237K(17344K)->17237K(17344K) Class: 1829K(1856K)->1829K(1856K)
[743.376s][info][gc             ] GC(2317) Pause Full (Allocation Failure) 806M->471M(869M) 971.130ms
[743.376s][info][gc,cpu         ] GC(2317) User=1.85s Sys=0.00s Real=0.97s
[743.523s][info][gc,start       ] GC(2318) Pause Young (Allocation Failure)
[743.533s][info][gc,heap        ] GC(2318) PSYoungGen: 111616K(222720K)->6912K(222720K) Eden: 111616K(111616K)->0K(111616K) From: 0K(111104K)->6912K(111104K)
[743.533s][info][gc,heap        ] GC(2318) ParOldGen: 482614K(667648K)->482614K(667648K)
[743.533s][info][gc,metaspace   ] GC(2318) Metaspace: 19066K(19200K)->19066K(19200K) NonClass: 17237K(17344K)->17237K(17344K) Class: 1829K(1856K)->1829K(1856K)
[743.534s][info][gc             ] GC(2318) Pause Young (Allocation Failure) 580M->478M(869M) 11.004ms
[743.534s][info][gc,cpu         ] GC(2318) User=0.03s Sys=0.00s Real=0.01s
[743.715s][info][gc,start       ] GC(2319) Pause Young (Allocation Failure)
[743.736s][info][gc,heap        ] GC(2319) PSYoungGen: 118528K(222720K)->17664K(222720K) Eden: 111616K(111616K)->0K(111616K) From: 6912K(111104K)->17664K(111104K)
[743.736s][info][gc,heap        ] GC(2319) ParOldGen: 482614K(667648K)->482614K(667648K)
[743.737s][info][gc,metaspace   ] GC(2319) Metaspace: 19066K(19200K)->19066K(19200K) NonClass: 17237K(17344K)->17237K(17344K) Class: 1829K(1856K)->1829K(1856K)
[743.737s][info][gc             ] GC(2319) Pause Young (Allocation Failure) 587M->488M(869M) 22.031ms
[743.737s][info][gc,cpu         ] GC(2319) User=0.05s Sys=0.00s Real=0.02s
[744.078s][info][gc,start       ] GC(2320) Pause Young (Allocation Failure)
[744.098s][info][gc,heap        ] GC(2320) PSYoungGen: 129280K(222720K)->10848K(222720K) Eden: 111616K(111616K)->0K(111616K) From: 17664K(111104K)->10848K(111104K)
[744.098s][info][gc,heap        ] GC(2320) ParOldGen: 482614K(667648K)->489526K(667648K)
[744.098s][info][gc,metaspace   ] GC(2320) Metaspace: 19066K(19200K)->19066K(19200K) NonClass: 17237K(17344K)->17237K(17344K) Class: 1829K(1856K)->1829K(1856K)
[744.098s][info][gc             ] GC(2320) Pause Young (Allocation Failure) 597M->488M(869M) 20.874ms
[744.098s][info][gc,cpu         ] GC(2320) User=0.05s Sys=0.00s Real=0.02s
[744.393s][info][gc,start       ] GC(2321) Pause Young (Allocation Failure)
[744.408s][info][gc,heap        ] GC(2321) PSYoungGen: 122464K(222720K)->64K(222720K) Eden: 111616K(111616K)->0K(111616K) From: 10848K(111104K)->64K(111104K)
[744.408s][info][gc,heap        ] GC(2321) ParOldGen: 489526K(667648K)->500364K(667648K)
[744.408s][info][gc,metaspace   ] GC(2321) Metaspace: 19066K(19200K)->19066K(19200K) NonClass: 17237K(17344K)->17237K(17344K) Class: 1829K(1856K)->1829K(1856K)
[744.408s][info][gc             ] GC(2321) Pause Young (Allocation Failure) 597M->488M(869M) 14.816ms
[744.408s][info][gc,cpu         ] GC(2321) User=0.03s Sys=0.00s Real=0.01s
[744.689s][info][gc,start       ] GC(2322) Pause Young (Allocation Failure)
[744.690s][info][gc,heap        ] GC(2322) PSYoungGen: 111680K(222720K)->64K(222720K) Eden: 111616K(111616K)->0K(111616K) From: 64K(111104K)->64K(111104K)
[744.690s][info][gc,heap        ] GC(2322) ParOldGen: 500364K(667648K)->500380K(667648K)
[744.690s][info][gc,metaspace   ] GC(2322) Metaspace: 19066K(19200K)->19066K(19200K) NonClass: 17237K(17344K)->17237K(17344K) Class: 1829K(1856K)->1829K(1856K)
[744.690s][info][gc             ] GC(2322) Pause Young (Allocation Failure) 597M->488M(869M) 1.901ms
[744.691s][info][gc,cpu         ] GC(2322) User=0.00s Sys=0.00s Real=0.00s
[744.952s][info][gc,start       ] GC(2323) Pause Young (Allocation Failure)
[744.962s][info][gc,heap        ] GC(2323) PSYoungGen: 111680K(222720K)->64K(222720K) Eden: 111616K(111616K)->0K(111616K) From: 64K(111104K)->64K(111104K)
[744.962s][info][gc,heap        ] GC(2323) ParOldGen: 500380K(667648K)->500388K(667648K)
[744.962s][info][gc,metaspace   ] GC(2323) Metaspace: 19066K(19200K)->19066K(19200K) NonClass: 17237K(17344K)->17237K(17344K) Class: 1829K(1856K)->1829K(1856K)
[744.962s][info][gc             ] GC(2323) Pause Young (Allocation Failure) 597M->488M(869M) 9.717ms
[744.962s][info][gc,cpu         ] GC(2323) User=0.01s Sys=0.00s Real=0.01s
[745.218s][info][gc,start       ] GC(2324) Pause Young (Allocation Failure)
[745.239s][info][gc,heap        ] GC(2324) PSYoungGen: 111680K(222720K)->10336K(221696K) Eden: 111616K(111616K)->0K(111616K) From: 64K(111104K)->10336K(110080K)
[745.239s][info][gc,heap        ] GC(2324) ParOldGen: 500388K(667648K)->500412K(667648K)
[745.239s][info][gc,metaspace   ] GC(2324) Metaspace: 19066K(19200K)->19066K(19200K) NonClass: 17237K(17344K)->17237K(17344K) Class: 1829K(1856K)->1829K(1856K)
[745.239s][info][gc             ] GC(2324) Pause Young (Allocation Failure) 597M->498M(868M) 20.355ms
[745.239s][info][gc,cpu         ] GC(2324) User=0.04s Sys=0.00s Real=0.02s
[745.323s][info][gc,start       ] GC(2325) Pause Young (Allocation Failure)
[745.364s][info][gc,heap        ] GC(2325) PSYoungGen: 121952K(221696K)->50448K(222208K) Eden: 111616K(111616K)->0K(111616K) From: 10336K(110080K)->50448K(110592K)
[745.364s][info][gc,heap        ] GC(2325) ParOldGen: 500412K(667648K)->500412K(667648K)
[745.364s][info][gc,metaspace   ] GC(2325) Metaspace: 19066K(19200K)->19066K(19200K) NonClass: 17237K(17344K)->17237K(17344K) Class: 1829K(1856K)->1829K(1856K)
[745.364s][info][gc             ] GC(2325) Pause Young (Allocation Failure) 607M->537M(869M) 40.468ms
[745.364s][info][gc,cpu         ] GC(2325) User=0.08s Sys=0.00s Real=0.04s
[745.517s][info][gc,start       ] GC(2326) Pause Young (Allocation Failure)
[745.572s][info][gc,heap        ] GC(2326) PSYoungGen: 162064K(222208K)->73120K(222720K) Eden: 111616K(111616K)->0K(111616K) From: 50448K(110592K)->73120K(111104K)
[745.572s][info][gc,heap        ] GC(2326) ParOldGen: 500412K(667648K)->500412K(667648K)
[745.572s][info][gc,metaspace   ] GC(2326) Metaspace: 19066K(19200K)->19066K(19200K) NonClass: 17237K(17344K)->17237K(17344K) Class: 1829K(1856K)->1829K(1856K)
[745.572s][info][gc             ] GC(2326) Pause Young (Allocation Failure) 646M->560M(869M) 54.882ms
[745.572s][info][gc,cpu         ] GC(2326) User=0.11s Sys=0.00s Real=0.06s
[745.712s][info][gc,start       ] GC(2327) Pause Young (Allocation Failure)
[745.787s][info][gc,heap        ] GC(2327) PSYoungGen: 184736K(222720K)->42857K(222720K) Eden: 111616K(111616K)->0K(111616K) From: 73120K(111104K)->42857K(111104K)
[745.787s][info][gc,heap        ] GC(2327) ParOldGen: 500412K(667648K)->551407K(667648K)
[745.787s][info][gc,metaspace   ] GC(2327) Metaspace: 19066K(19200K)->19066K(19200K) NonClass: 17237K(17344K)->17237K(17344K) Class: 1829K(1856K)->1829K(1856K)
[745.787s][info][gc             ] GC(2327) Pause Young (Allocation Failure) 669M->580M(869M) 75.665ms
[745.787s][info][gc,cpu         ] GC(2327) User=0.15s Sys=0.00s Real=0.08s
[745.844s][info][gc,start       ] GC(2328) Pause Young (Allocation Failure)
[745.905s][info][gc,heap        ] GC(2328) PSYoungGen: 154473K(222720K)->34176K(212480K) Eden: 111616K(111616K)->0K(111616K) From: 42857K(111104K)->34176K(100864K)
[745.905s][info][gc,heap        ] GC(2328) ParOldGen: 551407K(667648K)->594720K(667648K)
[745.905s][info][gc,metaspace   ] GC(2328) Metaspace: 19066K(19200K)->19066K(19200K) NonClass: 17237K(17344K)->17237K(17344K) Class: 1829K(1856K)->1829K(1856K)
[745.905s][info][gc             ] GC(2328) Pause Young (Allocation Failure) 689M->614M(859M) 61.174ms
[745.905s][info][gc,cpu         ] GC(2328) User=0.12s Sys=0.00s Real=0.06s
[746.085s][info][gc,start       ] GC(2329) Pause Young (Allocation Failure)
[746.169s][info][gc,heap        ] GC(2329) PSYoungGen: 145792K(212480K)->38144K(217600K) Eden: 111616K(111616K)->0K(111616K) From: 34176K(100864K)->38144K(105984K)
[746.169s][info][gc,heap        ] GC(2329) ParOldGen: 594720K(667648K)->629280K(667648K)
[746.169s][info][gc,metaspace   ] GC(2329) Metaspace: 19066K(19200K)->19066K(19200K) NonClass: 17237K(17344K)->17237K(17344K) Class: 1829K(1856K)->1829K(1856K)
[746.169s][info][gc             ] GC(2329) Pause Young (Allocation Failure) 723M->651M(864M) 83.609ms
[746.169s][info][gc,cpu         ] GC(2329) User=0.16s Sys=0.00s Real=0.08s
[746.265s][info][gc,start       ] GC(2330) Pause Full (Allocation Failure)
[746.265s][info][gc,phases,start] GC(2330) Marking Phase
[746.620s][info][gc,phases      ] GC(2330) Marking Phase 355.060ms
[746.620s][info][gc,phases,start] GC(2330) Summary Phase
[746.620s][info][gc,phases      ] GC(2330) Summary Phase 0.030ms
[746.620s][info][gc,phases,start] GC(2330) Forward
[746.753s][info][gc,phases      ] GC(2330) Forward 132.583ms
[746.753s][info][gc,phases,start] GC(2330) Adjust Pointers
[747.025s][info][gc,phases      ] GC(2330) Adjust Pointers 271.938ms
[747.025s][info][gc,phases,start] GC(2330) Compaction Phase
[747.194s][info][gc,phases      ] GC(2330) Compaction Phase 169.264ms
[747.202s][info][gc,phases,start] GC(2330) Post Compact
[747.204s][info][gc,phases      ] GC(2330) Post Compact 2.366ms
[747.204s][info][gc,heap        ] GC(2330) PSYoungGen: 149760K(217600K)->0K(223744K) Eden: 111616K(111616K)->0K(123392K) From: 38144K(105984K)->0K(100352K)
[747.204s][info][gc,heap        ] GC(2330) ParOldGen: 629280K(667648K)->495082K(667648K)
[747.204s][info][gc,metaspace   ] GC(2330) Metaspace: 19066K(19200K)->19066K(19200K) NonClass: 17237K(17344K)->17237K(17344K) Class: 1829K(1856K)->1829K(1856K)
[747.204s][info][gc             ] GC(2330) Pause Full (Allocation Failure) 760M->483M(870M) 939.067ms
[747.204s][info][gc,cpu         ] GC(2330) User=1.75s Sys=0.00s Real=0.94s
[747.391s][info][gc,start       ] GC(2331) Pause Young (Allocation Failure)
[747.427s][info][gc,heap        ] GC(2331) PSYoungGen: 123392K(223744K)->17248K(223744K) Eden: 123392K(123392K)->0K(123392K) From: 0K(100352K)->17248K(100352K)
[747.427s][info][gc,heap        ] GC(2331) ParOldGen: 495082K(667648K)->495082K(667648K)
[747.427s][info][gc,metaspace   ] GC(2331) Metaspace: 19066K(19200K)->19066K(19200K) NonClass: 17237K(17344K)->17237K(17344K) Class: 1829K(1856K)->1829K(1856K)
[747.427s][info][gc             ] GC(2331) Pause Young (Allocation Failure) 603M->500M(870M) 36.288ms
[747.427s][info][gc,cpu         ] GC(2331) User=0.07s Sys=0.00s Real=0.04s
[747.607s][info][gc,start       ] GC(2332) Pause Young (Allocation Failure)
[747.642s][info][gc,heap        ] GC(2332) PSYoungGen: 140640K(223744K)->19712K(224768K) Eden: 123392K(123392K)->0K(134656K) From: 17248K(100352K)->19712K(90112K)
[747.642s][info][gc,heap        ] GC(2332) ParOldGen: 495082K(667648K)->495082K(667648K)
[747.642s][info][gc,metaspace   ] GC(2332) Metaspace: 19066K(19200K)->19066K(19200K) NonClass: 17237K(17344K)->17237K(17344K) Class: 1829K(1856K)->1829K(1856K)
[747.642s][info][gc             ] GC(2332) Pause Young (Allocation Failure) 620M->502M(871M) 35.397ms
[747.642s][info][gc,cpu         ] GC(2332) User=0.07s Sys=0.00s Real=0.04s
[747.833s][info][gc,start       ] GC(2333) Pause Young (Allocation Failure)
[747.868s][info][gc,heap        ] GC(2333) PSYoungGen: 154368K(224768K)->19712K(227328K) Eden: 134656K(134656K)->0K(134656K) From: 19712K(90112K)->19712K(92672K)
[747.868s][info][gc,heap        ] GC(2333) ParOldGen: 495082K(667648K)->495082K(667648K)
[747.868s][info][gc,metaspace   ] GC(2333) Metaspace: 19066K(19200K)->19066K(19200K) NonClass: 17237K(17344K)->17237K(17344K) Class: 1829K(1856K)->1829K(1856K)
[747.868s][info][gc             ] GC(2333) Pause Young (Allocation Failure) 634M->502M(874M) 35.138ms
[747.868s][info][gc,cpu         ] GC(2333) User=0.07s Sys=0.00s Real=0.03s
[748.052s][info][gc,start       ] GC(2334) Pause Young (Allocation Failure)
[748.087s][info][gc,heap        ] GC(2334) PSYoungGen: 154368K(227328K)->19712K(226816K) Eden: 134656K(134656K)->0K(145920K) From: 19712K(92672K)->19712K(80896K)
[748.087s][info][gc,heap        ] GC(2334) ParOldGen: 495082K(667648K)->495082K(667648K)
[748.087s][info][gc,metaspace   ] GC(2334) Metaspace: 19066K(19200K)->19066K(19200K) NonClass: 17237K(17344K)->17237K(17344K) Class: 1829K(1856K)->1829K(1856K)
[748.087s][info][gc             ] GC(2334) Pause Young (Allocation Failure) 634M->502M(873M) 34.543ms
[748.087s][info][gc,cpu         ] GC(2334) User=0.06s Sys=0.00s Real=0.03s
[748.312s][info][gc,start       ] GC(2335) Pause Young (Allocation Failure)
[748.345s][info][gc,heap        ] GC(2335) PSYoungGen: 165632K(226816K)->19712K(230912K) Eden: 145920K(145920K)->0K(145920K) From: 19712K(80896K)->19712K(84992K)
[748.345s][info][gc,heap        ] GC(2335) ParOldGen: 495082K(667648K)->495082K(667648K)
[748.345s][info][gc,metaspace   ] GC(2335) Metaspace: 19066K(19200K)->19066K(19200K) NonClass: 17237K(17344K)->17237K(17344K) Class: 1829K(1856K)->1829K(1856K)
[748.345s][info][gc             ] GC(2335) Pause Young (Allocation Failure) 645M->502M(877M) 32.576ms
[748.345s][info][gc,cpu         ] GC(2335) User=0.06s Sys=0.00s Real=0.04s
[748.544s][info][gc,start       ] GC(2336) Pause Young (Allocation Failure)
[748.578s][info][gc,heap        ] GC(2336) PSYoungGen: 165632K(230912K)->19712K(230400K) Eden: 145920K(145920K)->0K(157184K) From: 19712K(84992K)->19712K(73216K)
[748.578s][info][gc,heap        ] GC(2336) ParOldGen: 495082K(667648K)->495082K(667648K)
[748.578s][info][gc,metaspace   ] GC(2336) Metaspace: 19066K(19200K)->19066K(19200K) NonClass: 17237K(17344K)->17237K(17344K) Class: 1829K(1856K)->1829K(1856K)
[748.578s][info][gc             ] GC(2336) Pause Young (Allocation Failure) 645M->502M(877M) 33.947ms
[748.578s][info][gc,cpu         ] GC(2336) User=0.06s Sys=0.00s Real=0.03s
[748.798s][info][gc,start       ] GC(2337) Pause Young (Allocation Failure)
[748.830s][info][gc,heap        ] GC(2337) PSYoungGen: 176896K(230400K)->19712K(234496K) Eden: 157184K(157184K)->0K(157184K) From: 19712K(73216K)->19712K(77312K)
[748.830s][info][gc,heap        ] GC(2337) ParOldGen: 495082K(667648K)->495082K(667648K)
[748.830s][info][gc,metaspace   ] GC(2337) Metaspace: 19066K(19200K)->19066K(19200K) NonClass: 17237K(17344K)->17237K(17344K) Class: 1829K(1856K)->1829K(1856K)
[748.830s][info][gc             ] GC(2337) Pause Young (Allocation Failure) 656M->502M(881M) 32.905ms
[748.830s][info][gc,cpu         ] GC(2337) User=0.06s Sys=0.00s Real=0.03s
[749.061s][info][gc,start       ] GC(2338) Pause Young (Allocation Failure)
[749.096s][info][gc,heap        ] GC(2338) PSYoungGen: 176896K(234496K)->19712K(235520K) Eden: 157184K(157184K)->0K(168960K) From: 19712K(77312K)->19712K(66560K)
[749.096s][info][gc,heap        ] GC(2338) ParOldGen: 495082K(667648K)->495082K(667648K)
[749.096s][info][gc,metaspace   ] GC(2338) Metaspace: 19066K(19200K)->19066K(19200K) NonClass: 17237K(17344K)->17237K(17344K) Class: 1829K(1856K)->1829K(1856K)
[749.096s][info][gc             ] GC(2338) Pause Young (Allocation Failure) 656M->502M(882M) 35.153ms
[749.096s][info][gc,cpu         ] GC(2338) User=0.07s Sys=0.00s Real=0.04s
[749.332s][info][gc,start       ] GC(2339) Pause Young (Allocation Failure)
[749.368s][info][gc,heap        ] GC(2339) PSYoungGen: 188672K(235520K)->19712K(239104K) Eden: 168960K(168960K)->0K(168960K) From: 19712K(66560K)->19712K(70144K)
[749.368s][info][gc,heap        ] GC(2339) ParOldGen: 495082K(667648K)->495082K(667648K)
[749.368s][info][gc,metaspace   ] GC(2339) Metaspace: 19066K(19200K)->19066K(19200K) NonClass: 17237K(17344K)->17237K(17344K) Class: 1829K(1856K)->1829K(1856K)
[749.368s][info][gc             ] GC(2339) Pause Young (Allocation Failure) 667M->502M(885M) 36.222ms
[749.368s][info][gc,cpu         ] GC(2339) User=0.07s Sys=0.00s Real=0.04s
[749.594s][info][gc,start       ] GC(2340) Pause Young (Allocation Failure)
[749.642s][info][gc,heap        ] GC(2340) PSYoungGen: 188672K(239104K)->30816K(244224K) Eden: 168960K(168960K)->0K(181248K) From: 19712K(70144K)->30816K(62976K)
[749.642s][info][gc,heap        ] GC(2340) ParOldGen: 495082K(667648K)->495082K(667648K)
[749.642s][info][gc,metaspace   ] GC(2340) Metaspace: 19066K(19200K)->19066K(19200K) NonClass: 17237K(17344K)->17237K(17344K) Class: 1829K(1856K)->1829K(1856K)
[749.642s][info][gc             ] GC(2340) Pause Young (Allocation Failure) 667M->513M(890M) 47.608ms
[749.642s][info][gc,cpu         ] GC(2340) User=0.10s Sys=0.00s Real=0.04s
[749.834s][info][gc,start       ] GC(2341) Pause Young (Allocation Failure)
[749.901s][info][gc,heap        ] GC(2341) PSYoungGen: 212064K(244224K)->53376K(246272K) Eden: 181248K(181248K)->0K(181248K) From: 30816K(62976K)->53376K(65024K)
[749.901s][info][gc,heap        ] GC(2341) ParOldGen: 495082K(667648K)->495082K(667648K)
[749.901s][info][gc,metaspace   ] GC(2341) Metaspace: 19066K(19200K)->19066K(19200K) NonClass: 17237K(17344K)->17237K(17344K) Class: 1829K(1856K)->1829K(1856K)
[749.902s][info][gc             ] GC(2341) Pause Young (Allocation Failure) 690M->535M(892M) 67.858ms
[749.902s][info][gc,cpu         ] GC(2341) User=0.13s Sys=0.00s Real=0.06s
[750.034s][info][gc,start       ] GC(2342) Pause Young (Allocation Failure)
[750.113s][info][gc,heap        ] GC(2342) PSYoungGen: 234624K(246272K)->58816K(249344K) Eden: 181248K(181248K)->0K(178176K) From: 53376K(65024K)->58816K(71168K)
[750.113s][info][gc,heap        ] GC(2342) ParOldGen: 495082K(667648K)->495082K(667648K)
[750.113s][info][gc,metaspace   ] GC(2342) Metaspace: 19066K(19200K)->19066K(19200K) NonClass: 17237K(17344K)->17237K(17344K) Class: 1829K(1856K)->1829K(1856K)
[750.113s][info][gc             ] GC(2342) Pause Young (Allocation Failure) 712M->540M(895M) 78.742ms
[750.113s][info][gc,cpu         ] GC(2342) User=0.14s Sys=0.01s Real=0.08s
[750.269s][info][gc,start       ] GC(2343) Pause Young (Allocation Failure)
[750.361s][info][gc,heap        ] GC(2343) PSYoungGen: 236992K(249344K)->71040K(249344K) Eden: 178176K(178176K)->0K(178176K) From: 58816K(71168K)->71040K(71168K)
[750.361s][info][gc,heap        ] GC(2343) ParOldGen: 495082K(667648K)->495082K(667648K)
[750.361s][info][gc,metaspace   ] GC(2343) Metaspace: 19066K(19200K)->19066K(19200K) NonClass: 17237K(17344K)->17237K(17344K) Class: 1829K(1856K)->1829K(1856K)
[750.361s][info][gc             ] GC(2343) Pause Young (Allocation Failure) 714M->552M(895M) 92.036ms
[750.361s][info][gc,cpu         ] GC(2343) User=0.18s Sys=0.01s Real=0.09s
[750.500s][info][gc,start       ] GC(2344) Pause Young (Allocation Failure)
[750.607s][info][gc,heap        ] GC(2344) PSYoungGen: 249216K(249344K)->70208K(226816K) Eden: 178176K(178176K)->0K(142336K) From: 71040K(71168K)->70208K(84480K)
[750.607s][info][gc,heap        ] GC(2344) ParOldGen: 495082K(667648K)->511314K(667648K)
[750.607s][info][gc,metaspace   ] GC(2344) Metaspace: 19066K(19200K)->19066K(19200K) NonClass: 17237K(17344K)->17237K(17344K) Class: 1829K(1856K)->1829K(1856K)
[750.607s][info][gc             ] GC(2344) Pause Young (Allocation Failure) 726M->567M(873M) 107.122ms
[750.607s][info][gc,cpu         ] GC(2344) User=0.21s Sys=0.00s Real=0.11s
[750.717s][info][gc,start       ] GC(2345) Pause Young (Allocation Failure)
[750.817s][info][gc,heap        ] GC(2345) PSYoungGen: 212544K(226816K)->84960K(227328K) Eden: 142336K(142336K)->0K(142336K) From: 70208K(84480K)->84960K(84992K)
[750.817s][info][gc,heap        ] GC(2345) ParOldGen: 511314K(667648K)->514826K(667648K)
[750.817s][info][gc,metaspace   ] GC(2345) Metaspace: 19066K(19200K)->19066K(19200K) NonClass: 17237K(17344K)->17237K(17344K) Class: 1829K(1856K)->1829K(1856K)
[750.818s][info][gc             ] GC(2345) Pause Young (Allocation Failure) 706M->585M(874M) 100.202ms
[750.818s][info][gc,cpu         ] GC(2345) User=0.20s Sys=0.00s Real=0.10s
[750.924s][info][gc,start       ] GC(2346) Pause Young (Allocation Failure)
[751.022s][info][gc,heap        ] GC(2346) PSYoungGen: 227296K(227328K)->91552K(218112K) Eden: 142336K(142336K)->0K(111616K) From: 84960K(84992K)->91552K(106496K)
[751.022s][info][gc,heap        ] GC(2346) ParOldGen: 514826K(667648K)->514826K(667648K)
[751.022s][info][gc,metaspace   ] GC(2346) Metaspace: 19066K(19200K)->19066K(19200K) NonClass: 17237K(17344K)->17237K(17344K) Class: 1829K(1856K)->1829K(1856K)
[751.022s][info][gc             ] GC(2346) Pause Young (Allocation Failure) 724M->592M(865M) 97.802ms
[751.022s][info][gc,cpu         ] GC(2346) User=0.19s Sys=0.00s Real=0.10s
[751.102s][info][gc,start       ] GC(2347) Pause Young (Allocation Failure)
[751.222s][info][gc,heap        ] GC(2347) PSYoungGen: 203168K(218112K)->107104K(222720K) Eden: 111616K(111616K)->0K(111616K) From: 91552K(106496K)->107104K(111104K)
[751.222s][info][gc,heap        ] GC(2347) ParOldGen: 514826K(667648K)->514826K(667648K)
[751.222s][info][gc,metaspace   ] GC(2347) Metaspace: 19066K(19200K)->19066K(19200K) NonClass: 17237K(17344K)->17237K(17344K) Class: 1829K(1856K)->1829K(1856K)
[751.222s][info][gc             ] GC(2347) Pause Young (Allocation Failure) 701M->607M(869M) 119.900ms
[751.222s][info][gc,cpu         ] GC(2347) User=0.24s Sys=0.00s Real=0.11s
[751.364s][info][gc,start       ] GC(2348) Pause Young (Allocation Failure)
[751.493s][info][gc,heap        ] GC(2348) PSYoungGen: 218720K(222720K)->110880K(222720K) Eden: 111616K(111616K)->0K(111616K) From: 107104K(111104K)->110880K(111104K)
[751.493s][info][gc,heap        ] GC(2348) ParOldGen: 514826K(667648K)->514826K(667648K)
[751.493s][info][gc,metaspace   ] GC(2348) Metaspace: 19066K(19200K)->19066K(19200K) NonClass: 17237K(17344K)->17237K(17344K) Class: 1829K(1856K)->1829K(1856K)
[751.493s][info][gc             ] GC(2348) Pause Young (Allocation Failure) 716M->611M(869M) 128.643ms
[751.493s][info][gc,cpu         ] GC(2348) User=0.24s Sys=0.01s Real=0.13s
[751.610s][info][gc,start       ] GC(2349) Pause Young (Allocation Failure)
[751.726s][info][gc,heap        ] GC(2349) PSYoungGen: 222496K(222720K)->77296K(222720K) Eden: 111616K(111616K)->0K(111616K) From: 110880K(111104K)->77296K(111104K)
[751.726s][info][gc,heap        ] GC(2349) ParOldGen: 514826K(667648K)->548602K(667648K)
[751.726s][info][gc,metaspace   ] GC(2349) Metaspace: 19066K(19200K)->19066K(19200K) NonClass: 17237K(17344K)->17237K(17344K) Class: 1829K(1856K)->1829K(1856K)
[751.726s][info][gc             ] GC(2349) Pause Young (Allocation Failure) 720M->611M(869M) 116.350ms
[751.726s][info][gc,cpu         ] GC(2349) User=0.23s Sys=0.00s Real=0.12s
[751.950s][info][gc,start       ] GC(2350) Pause Young (Allocation Failure)
[752.049s][info][gc,heap        ] GC(2350) PSYoungGen: 188912K(222720K)->74768K(222720K) Eden: 111616K(111616K)->0K(111616K) From: 77296K(111104K)->74768K(111104K)
[752.049s][info][gc,heap        ] GC(2350) ParOldGen: 548602K(667648K)->566386K(667648K)
[752.049s][info][gc,metaspace   ] GC(2350) Metaspace: 19066K(19200K)->19066K(19200K) NonClass: 17237K(17344K)->17237K(17344K) Class: 1829K(1856K)->1829K(1856K)
[752.049s][info][gc             ] GC(2350) Pause Young (Allocation Failure) 720M->626M(869M) 98.562ms
[752.049s][info][gc,cpu         ] GC(2350) User=0.19s Sys=0.00s Real=0.10s
[752.211s][info][gc,start       ] GC(2351) Pause Young (Allocation Failure)
[752.304s][info][gc,heap        ] GC(2351) PSYoungGen: 186384K(222720K)->51168K(222720K) Eden: 111616K(111616K)->0K(111616K) From: 74768K(111104K)->51168K(111104K)
[752.304s][info][gc,heap        ] GC(2351) ParOldGen: 566386K(667648K)->600090K(667648K)
[752.304s][info][gc,metaspace   ] GC(2351) Metaspace: 19066K(19200K)->19066K(19200K) NonClass: 17237K(17344K)->17237K(17344K) Class: 1829K(1856K)->1829K(1856K)
[752.304s][info][gc             ] GC(2351) Pause Young (Allocation Failure) 735M->635M(869M) 92.866ms
[752.304s][info][gc,cpu         ] GC(2351) User=0.19s Sys=0.00s Real=0.10s
[752.705s][info][gc,start       ] GC(2352) Pause Young (Allocation Failure)
[752.761s][info][gc,heap        ] GC(2352) PSYoungGen: 162784K(222720K)->29168K(222720K) Eden: 111616K(111616K)->0K(111616K) From: 51168K(111104K)->29168K(111104K)
[752.761s][info][gc,heap        ] GC(2352) ParOldGen: 600090K(667648K)->622314K(667648K)
[752.761s][info][gc,metaspace   ] GC(2352) Metaspace: 19066K(19200K)->19066K(19200K) NonClass: 17237K(17344K)->17237K(17344K) Class: 1829K(1856K)->1829K(1856K)
[752.761s][info][gc             ] GC(2352) Pause Young (Allocation Failure) 744M->636M(869M) 55.579ms
[752.761s][info][gc,cpu         ] GC(2352) User=0.11s Sys=0.00s Real=0.05s
[753.051s][info][gc,start       ] GC(2353) Pause Full (Allocation Failure)
[753.051s][info][gc,phases,start] GC(2353) Marking Phase
[753.547s][info][gc,phases      ] GC(2353) Marking Phase 495.422ms
[753.547s][info][gc,phases,start] GC(2353) Summary Phase
[753.547s][info][gc,phases      ] GC(2353) Summary Phase 0.031ms
[753.547s][info][gc,phases,start] GC(2353) Forward
[753.583s][info][gc,phases      ] GC(2353) Forward 36.259ms
[753.583s][info][gc,phases,start] GC(2353) Adjust Pointers
[753.928s][info][gc,phases      ] GC(2353) Adjust Pointers 345.092ms
[753.929s][info][gc,phases,start] GC(2353) Compaction Phase
[754.087s][info][gc,phases      ] GC(2353) Compaction Phase 158.376ms
[754.087s][info][gc,phases,start] GC(2353) Post Compact
[754.089s][info][gc,phases      ] GC(2353) Post Compact 2.254ms
[754.089s][info][gc,heap        ] GC(2353) PSYoungGen: 140784K(222720K)->0K(222720K) Eden: 111616K(111616K)->0K(111616K) From: 29168K(111104K)->0K(111104K)
[754.089s][info][gc,heap        ] GC(2353) ParOldGen: 622314K(667648K)->650848K(667648K)
[754.089s][info][gc,metaspace   ] GC(2353) Metaspace: 19066K(19200K)->19066K(19200K) NonClass: 17237K(17344K)->17237K(17344K) Class: 1829K(1856K)->1829K(1856K)
[754.089s][info][gc             ] GC(2353) Pause Full (Allocation Failure) 745M->635M(869M) 1037.999ms
[754.089s][info][gc,cpu         ] GC(2353) User=2.03s Sys=0.00s Real=1.04s
[754.380s][info][gc,start       ] GC(2354) Pause Full (Allocation Failure)
[754.380s][info][gc,phases,start] GC(2354) Marking Phase
[754.875s][info][gc,phases      ] GC(2354) Marking Phase 494.277ms
[754.875s][info][gc,phases,start] GC(2354) Summary Phase
[754.875s][info][gc,phases      ] GC(2354) Summary Phase 0.030ms
[754.875s][info][gc,phases,start] GC(2354) Forward
[754.881s][info][gc,phases      ] GC(2354) Forward 6.780ms
[754.882s][info][gc,phases,start] GC(2354) Adjust Pointers
[755.221s][info][gc,phases      ] GC(2354) Adjust Pointers 339.183ms
[755.221s][info][gc,phases,start] GC(2354) Compaction Phase
[755.354s][info][gc,phases      ] GC(2354) Compaction Phase 133.381ms
[755.354s][info][gc,phases,start] GC(2354) Post Compact
[755.357s][info][gc,phases      ] GC(2354) Post Compact 2.232ms
[755.357s][info][gc,heap        ] GC(2354) PSYoungGen: 111616K(222720K)->0K(222720K) Eden: 111616K(111616K)->0K(111616K) From: 0K(111104K)->0K(111104K)
[755.357s][info][gc,heap        ] GC(2354) ParOldGen: 650848K(667648K)->650851K(667648K)
[755.357s][info][gc,metaspace   ] GC(2354) Metaspace: 19066K(19200K)->19066K(19200K) NonClass: 17237K(17344K)->17237K(17344K) Class: 1829K(1856K)->1829K(1856K)
[755.357s][info][gc             ] GC(2354) Pause Full (Allocation Failure) 744M->635M(869M) 976.380ms
[755.357s][info][gc,cpu         ] GC(2354) User=1.92s Sys=0.00s Real=0.98s
[755.652s][info][gc,start       ] GC(2355) Pause Full (Allocation Failure)
[755.652s][info][gc,phases,start] GC(2355) Marking Phase
[756.217s][info][gc,phases      ] GC(2355) Marking Phase 564.894ms
[756.217s][info][gc,phases,start] GC(2355) Summary Phase
[756.217s][info][gc,phases      ] GC(2355) Summary Phase 0.055ms
[756.217s][info][gc,phases,start] GC(2355) Forward
[756.218s][info][gc,phases      ] GC(2355) Forward 0.299ms
[756.218s][info][gc,phases,start] GC(2355) Adjust Pointers
[756.596s][info][gc,phases      ] GC(2355) Adjust Pointers 378.715ms
[756.597s][info][gc,phases,start] GC(2355) Compaction Phase
[756.735s][info][gc,phases      ] GC(2355) Compaction Phase 138.336ms
[756.735s][info][gc,phases,start] GC(2355) Post Compact
[756.737s][info][gc,phases      ] GC(2355) Post Compact 2.281ms
[756.737s][info][gc,heap        ] GC(2355) PSYoungGen: 111616K(222720K)->0K(222720K) Eden: 111616K(111616K)->0K(111616K) From: 0K(111104K)->0K(111104K)
[756.737s][info][gc,heap        ] GC(2355) ParOldGen: 650851K(667648K)->650853K(667648K)
[756.737s][info][gc,metaspace   ] GC(2355) Metaspace: 19066K(19200K)->19066K(19200K) NonClass: 17237K(17344K)->17237K(17344K) Class: 1829K(1856K)->1829K(1856K)
[756.737s][info][gc             ] GC(2355) Pause Full (Allocation Failure) 744M->635M(869M) 1085.148ms
[756.737s][info][gc,cpu         ] GC(2355) User=2.11s Sys=0.01s Real=1.08s
[757.018s][info][gc,start       ] GC(2356) Pause Full (Allocation Failure)
[757.018s][info][gc,phases,start] GC(2356) Marking Phase
[757.517s][info][gc,phases      ] GC(2356) Marking Phase 499.382ms
[757.517s][info][gc,phases,start] GC(2356) Summary Phase
[757.517s][info][gc,phases      ] GC(2356) Summary Phase 0.051ms
[757.517s][info][gc,phases,start] GC(2356) Forward
[757.518s][info][gc,phases      ] GC(2356) Forward 0.412ms
[757.518s][info][gc,phases,start] GC(2356) Adjust Pointers
[757.874s][info][gc,phases      ] GC(2356) Adjust Pointers 356.495ms
[757.875s][info][gc,phases,start] GC(2356) Compaction Phase
[758.012s][info][gc,phases      ] GC(2356) Compaction Phase 137.746ms
[758.012s][info][gc,phases,start] GC(2356) Post Compact
[758.015s][info][gc,phases      ] GC(2356) Post Compact 2.255ms
[758.015s][info][gc,heap        ] GC(2356) PSYoungGen: 111616K(222720K)->0K(222720K) Eden: 111616K(111616K)->0K(111616K) From: 0K(111104K)->0K(111104K)
[758.015s][info][gc,heap        ] GC(2356) ParOldGen: 650853K(667648K)->650856K(667648K)
[758.015s][info][gc,metaspace   ] GC(2356) Metaspace: 19066K(19200K)->19066K(19200K) NonClass: 17237K(17344K)->17237K(17344K) Class: 1829K(1856K)->1829K(1856K)
[758.015s][info][gc             ] GC(2356) Pause Full (Allocation Failure) 744M->635M(869M) 996.885ms
[758.015s][info][gc,cpu         ] GC(2356) User=1.95s Sys=0.00s Real=1.00s
[758.291s][info][gc,start       ] GC(2357) Pause Full (Allocation Failure)
[758.291s][info][gc,phases,start] GC(2357) Marking Phase
[758.789s][info][gc,phases      ] GC(2357) Marking Phase 498.282ms
[758.789s][info][gc,phases,start] GC(2357) Summary Phase
[758.789s][info][gc,phases      ] GC(2357) Summary Phase 0.028ms
[758.789s][info][gc,phases,start] GC(2357) Forward
[758.789s][info][gc,phases      ] GC(2357) Forward 0.253ms
[758.789s][info][gc,phases,start] GC(2357) Adjust Pointers
[759.136s][info][gc,phases      ] GC(2357) Adjust Pointers 346.930ms
[759.137s][info][gc,phases,start] GC(2357) Compaction Phase
[759.275s][info][gc,phases      ] GC(2357) Compaction Phase 138.671ms
[759.275s][info][gc,phases,start] GC(2357) Post Compact
[759.278s][info][gc,phases      ] GC(2357) Post Compact 2.779ms
[759.278s][info][gc,heap        ] GC(2357) PSYoungGen: 111616K(222720K)->0K(222720K) Eden: 111616K(111616K)->0K(111616K) From: 0K(111104K)->0K(111104K)
[759.278s][info][gc,heap        ] GC(2357) ParOldGen: 650856K(667648K)->650858K(667648K)
[759.278s][info][gc,metaspace   ] GC(2357) Metaspace: 19066K(19200K)->19066K(19200K) NonClass: 17237K(17344K)->17237K(17344K) Class: 1829K(1856K)->1829K(1856K)
[759.278s][info][gc             ] GC(2357) Pause Full (Allocation Failure) 744M->635M(869M) 987.504ms
[759.278s][info][gc,cpu         ] GC(2357) User=1.92s Sys=0.00s Real=0.99s
[759.549s][info][gc,start       ] GC(2358) Pause Full (Allocation Failure)
[759.549s][info][gc,phases,start] GC(2358) Marking Phase
[760.067s][info][gc,phases      ] GC(2358) Marking Phase 517.985ms
[760.067s][info][gc,phases,start] GC(2358) Summary Phase
[760.067s][info][gc,phases      ] GC(2358) Summary Phase 0.027ms
[760.067s][info][gc,phases,start] GC(2358) Forward
[760.067s][info][gc,phases      ] GC(2358) Forward 0.246ms
[760.067s][info][gc,phases,start] GC(2358) Adjust Pointers
[760.459s][info][gc,phases      ] GC(2358) Adjust Pointers 391.905ms
[760.459s][info][gc,phases,start] GC(2358) Compaction Phase
[760.600s][info][gc,phases      ] GC(2358) Compaction Phase 140.942ms
[760.601s][info][gc,phases,start] GC(2358) Post Compact
[760.603s][info][gc,phases      ] GC(2358) Post Compact 2.326ms
[760.603s][info][gc,heap        ] GC(2358) PSYoungGen: 111616K(222720K)->0K(222720K) Eden: 111616K(111616K)->0K(111616K) From: 0K(111104K)->0K(111104K)
[760.603s][info][gc,heap        ] GC(2358) ParOldGen: 650858K(667648K)->650868K(667648K)
[760.603s][info][gc,metaspace   ] GC(2358) Metaspace: 19066K(19200K)->19066K(19200K) NonClass: 17237K(17344K)->17237K(17344K) Class: 1829K(1856K)->1829K(1856K)
[760.603s][info][gc             ] GC(2358) Pause Full (Allocation Failure) 744M->635M(869M) 1053.987ms
[760.603s][info][gc,cpu         ] GC(2358) User=2.06s Sys=0.00s Real=1.06s
[760.934s][info][gc,start       ] GC(2359) Pause Full (Allocation Failure)
[760.934s][info][gc,phases,start] GC(2359) Marking Phase
[761.390s][info][gc,phases      ] GC(2359) Marking Phase 456.237ms
[761.390s][info][gc,phases,start] GC(2359) Summary Phase
[761.390s][info][gc,phases      ] GC(2359) Summary Phase 0.031ms
[761.390s][info][gc,phases,start] GC(2359) Forward
[761.479s][info][gc,phases      ] GC(2359) Forward 88.624ms
[761.479s][info][gc,phases,start] GC(2359) Adjust Pointers
[761.810s][info][gc,phases      ] GC(2359) Adjust Pointers 331.507ms
[761.811s][info][gc,phases,start] GC(2359) Compaction Phase
[761.959s][info][gc,phases      ] GC(2359) Compaction Phase 148.801ms
[761.968s][info][gc,phases,start] GC(2359) Post Compact
[761.970s][info][gc,phases      ] GC(2359) Post Compact 2.311ms
[761.970s][info][gc,heap        ] GC(2359) PSYoungGen: 111616K(222720K)->0K(222720K) Eden: 111616K(111616K)->0K(111616K) From: 0K(111104K)->0K(111104K)
[761.970s][info][gc,heap        ] GC(2359) ParOldGen: 650868K(667648K)->556126K(667648K)
[761.970s][info][gc,metaspace   ] GC(2359) Metaspace: 19066K(19200K)->19066K(19200K) NonClass: 17237K(17344K)->17237K(17344K) Class: 1829K(1856K)->1829K(1856K)
[761.970s][info][gc             ] GC(2359) Pause Full (Allocation Failure) 744M->543M(869M) 1036.484ms
[761.970s][info][gc,cpu         ] GC(2359) User=1.97s Sys=0.00s Real=1.03s
[762.185s][info][gc,start       ] GC(2360) Pause Young (Allocation Failure)
[762.194s][info][gc,heap        ] GC(2360) PSYoungGen: 111616K(222720K)->9664K(222720K) Eden: 111616K(111616K)->0K(111616K) From: 0K(111104K)->9664K(111104K)
[762.195s][info][gc,heap        ] GC(2360) ParOldGen: 556126K(667648K)->556126K(667648K)
[762.195s][info][gc,metaspace   ] GC(2360) Metaspace: 19066K(19200K)->19066K(19200K) NonClass: 17237K(17344K)->17237K(17344K) Class: 1829K(1856K)->1829K(1856K)
[762.195s][info][gc             ] GC(2360) Pause Young (Allocation Failure) 652M->552M(869M) 9.848ms
[762.195s][info][gc,cpu         ] GC(2360) User=0.02s Sys=0.00s Real=0.01s
[762.274s][info][gc,start       ] GC(2361) Pause Young (Allocation Failure)
[762.319s][info][gc,heap        ] GC(2361) PSYoungGen: 121280K(222720K)->51488K(222720K) Eden: 111616K(111616K)->0K(111616K) From: 9664K(111104K)->51488K(111104K)
[762.319s][info][gc,heap        ] GC(2361) ParOldGen: 556126K(667648K)->556126K(667648K)
[762.319s][info][gc,metaspace   ] GC(2361) Metaspace: 19066K(19200K)->19066K(19200K) NonClass: 17237K(17344K)->17237K(17344K) Class: 1829K(1856K)->1829K(1856K)
[762.319s][info][gc             ] GC(2361) Pause Young (Allocation Failure) 661M->593M(869M) 45.301ms
[762.319s][info][gc,cpu         ] GC(2361) User=0.09s Sys=0.00s Real=0.04s
[762.497s][info][gc,start       ] GC(2362) Pause Young (Allocation Failure)
[762.553s][info][gc,heap        ] GC(2362) PSYoungGen: 163104K(222720K)->68384K(222720K) Eden: 111616K(111616K)->0K(111616K) From: 51488K(111104K)->68384K(111104K)
[762.553s][info][gc,heap        ] GC(2362) ParOldGen: 556126K(667648K)->565862K(667648K)
[762.553s][info][gc,metaspace   ] GC(2362) Metaspace: 19066K(19200K)->19066K(19200K) NonClass: 17237K(17344K)->17237K(17344K) Class: 1829K(1856K)->1829K(1856K)
[762.553s][info][gc             ] GC(2362) Pause Young (Allocation Failure) 702M->619M(869M) 56.465ms
[762.553s][info][gc,cpu         ] GC(2362) User=0.11s Sys=0.00s Real=0.06s
[762.693s][info][gc,start       ] GC(2363) Pause Young (Allocation Failure)
[762.750s][info][gc,heap        ] GC(2363) PSYoungGen: 180000K(222720K)->6048K(222720K) Eden: 111616K(111616K)->0K(111616K) From: 68384K(111104K)->6048K(111104K)
[762.750s][info][gc,heap        ] GC(2363) ParOldGen: 565862K(667648K)->635030K(667648K)
[762.750s][info][gc,metaspace   ] GC(2363) Metaspace: 19066K(19200K)->19066K(19200K) NonClass: 17237K(17344K)->17237K(17344K) Class: 1829K(1856K)->1829K(1856K)
[762.750s][info][gc             ] GC(2363) Pause Young (Allocation Failure) 728M->626M(869M) 56.174ms
[762.750s][info][gc,cpu         ] GC(2363) User=0.12s Sys=0.00s Real=0.05s
[762.803s][info][gc,start       ] GC(2364) Pause Full (Allocation Failure)
[762.803s][info][gc,phases,start] GC(2364) Marking Phase
[763.181s][info][gc,phases      ] GC(2364) Marking Phase 377.637ms
[763.181s][info][gc,phases,start] GC(2364) Summary Phase
[763.181s][info][gc,phases      ] GC(2364) Summary Phase 0.029ms
[763.181s][info][gc,phases,start] GC(2364) Forward
[763.334s][info][gc,phases      ] GC(2364) Forward 153.423ms
[763.334s][info][gc,phases,start] GC(2364) Adjust Pointers
[763.646s][info][gc,phases      ] GC(2364) Adjust Pointers 311.747ms
[763.646s][info][gc,phases,start] GC(2364) Compaction Phase
[763.875s][info][gc,phases      ] GC(2364) Compaction Phase 229.080ms
[763.882s][info][gc,phases,start] GC(2364) Post Compact
[763.885s][info][gc,phases      ] GC(2364) Post Compact 2.416ms
[763.885s][info][gc,heap        ] GC(2364) PSYoungGen: 117664K(222720K)->0K(222720K) Eden: 111616K(111616K)->0K(111616K) From: 6048K(111104K)->0K(111104K)
[763.885s][info][gc,heap        ] GC(2364) ParOldGen: 635030K(667648K)->498274K(667648K)
[763.885s][info][gc,metaspace   ] GC(2364) Metaspace: 19066K(19200K)->19066K(19200K) NonClass: 17237K(17344K)->17237K(17344K) Class: 1829K(1856K)->1829K(1856K)
[763.885s][info][gc             ] GC(2364) Pause Full (Allocation Failure) 735M->486M(869M) 1081.925ms
[763.885s][info][gc,cpu         ] GC(2364) User=2.01s Sys=0.00s Real=1.08s
[764.023s][info][gc,start       ] GC(2365) Pause Young (Allocation Failure)
[764.076s][info][gc,heap        ] GC(2365) PSYoungGen: 111616K(222720K)->40192K(222720K) Eden: 111616K(111616K)->0K(111616K) From: 0K(111104K)->40192K(111104K)
[764.076s][info][gc,heap        ] GC(2365) ParOldGen: 498274K(667648K)->498282K(667648K)
[764.076s][info][gc,metaspace   ] GC(2365) Metaspace: 19076K(19200K)->19076K(19200K) NonClass: 17246K(17344K)->17246K(17344K) Class: 1829K(1856K)->1829K(1856K)
[764.076s][info][gc             ] GC(2365) Pause Young (Allocation Failure) 595M->525M(869M) 52.484ms
[764.076s][info][gc,cpu         ] GC(2365) User=0.10s Sys=0.00s Real=0.05s
[764.257s][info][gc,start       ] GC(2366) Pause Young (Allocation Failure)
[764.324s][info][gc,heap        ] GC(2366) PSYoungGen: 151808K(222720K)->25408K(222720K) Eden: 111616K(111616K)->0K(111616K) From: 40192K(111104K)->25408K(111104K)
[764.324s][info][gc,heap        ] GC(2366) ParOldGen: 498282K(667648K)->538911K(667648K)
[764.324s][info][gc,metaspace   ] GC(2366) Metaspace: 19076K(19200K)->19076K(19200K) NonClass: 17246K(17344K)->17246K(17344K) Class: 1829K(1856K)->1829K(1856K)
[764.324s][info][gc             ] GC(2366) Pause Young (Allocation Failure) 634M->551M(869M) 67.195ms
[764.324s][info][gc,cpu         ] GC(2366) User=0.13s Sys=0.00s Real=0.07s
[764.483s][info][gc,start       ] GC(2367) Pause Young (Allocation Failure)
[764.516s][info][gc,heap        ] GC(2367) PSYoungGen: 137024K(222720K)->96K(222720K) Eden: 111616K(111616K)->0K(111616K) From: 25408K(111104K)->96K(111104K)
[764.516s][info][gc,heap        ] GC(2367) ParOldGen: 538911K(667648K)->564399K(667648K)
[764.516s][info][gc,metaspace   ] GC(2367) Metaspace: 19076K(19200K)->19076K(19200K) NonClass: 17246K(17344K)->17246K(17344K) Class: 1829K(1856K)->1829K(1856K)
[764.516s][info][gc             ] GC(2367) Pause Young (Allocation Failure) 660M->551M(869M) 33.206ms
[764.516s][info][gc,cpu         ] GC(2367) User=0.06s Sys=0.00s Real=0.03s
[764.642s][info][gc,start       ] GC(2368) Pause Young (Allocation Failure)
[764.644s][info][gc,heap        ] GC(2368) PSYoungGen: 111712K(222720K)->96K(222720K) Eden: 111616K(111616K)->0K(111616K) From: 96K(111104K)->96K(111104K)
[764.644s][info][gc,heap        ] GC(2368) ParOldGen: 564399K(667648K)->564471K(667648K)
[764.644s][info][gc,metaspace   ] GC(2368) Metaspace: 19076K(19200K)->19076K(19200K) NonClass: 17246K(17344K)->17246K(17344K) Class: 1829K(1856K)->1829K(1856K)
[764.644s][info][gc             ] GC(2368) Pause Young (Allocation Failure) 660M->551M(869M) 2.395ms
[764.644s][info][gc,cpu         ] GC(2368) User=0.00s Sys=0.00s Real=0.01s
[764.766s][info][gc,start       ] GC(2369) Pause Young (Allocation Failure)
[764.768s][info][gc,heap        ] GC(2369) PSYoungGen: 111712K(222720K)->128K(222720K) Eden: 111616K(111616K)->0K(111616K) From: 96K(111104K)->128K(111104K)
[764.768s][info][gc,heap        ] GC(2369) ParOldGen: 564471K(667648K)->564551K(667648K)
[764.768s][info][gc,metaspace   ] GC(2369) Metaspace: 19076K(19200K)->19076K(19200K) NonClass: 17246K(17344K)->17246K(17344K) Class: 1829K(1856K)->1829K(1856K)
[764.768s][info][gc             ] GC(2369) Pause Young (Allocation Failure) 660M->551M(869M) 2.526ms
[764.768s][info][gc,cpu         ] GC(2369) User=0.01s Sys=0.00s Real=0.00s
[764.891s][info][gc,start       ] GC(2370) Pause Young (Allocation Failure)
[764.893s][info][gc,heap        ] GC(2370) PSYoungGen: 111744K(222720K)->160K(222720K) Eden: 111616K(111616K)->0K(111616K) From: 128K(111104K)->160K(111104K)
[764.893s][info][gc,heap        ] GC(2370) ParOldGen: 564551K(667648K)->564671K(667648K)
[764.893s][info][gc,metaspace   ] GC(2370) Metaspace: 19076K(19200K)->19076K(19200K) NonClass: 17246K(17344K)->17246K(17344K) Class: 1829K(1856K)->1829K(1856K)
[764.893s][info][gc             ] GC(2370) Pause Young (Allocation Failure) 660M->551M(869M) 2.554ms
[764.893s][info][gc,cpu         ] GC(2370) User=0.01s Sys=0.00s Real=0.01s
[765.034s][info][gc,start       ] GC(2371) Pause Young (Allocation Failure)
[765.037s][info][gc,heap        ] GC(2371) PSYoungGen: 111776K(222720K)->96K(112128K) Eden: 111616K(111616K)->0K(111616K) From: 160K(111104K)->96K(512K)
[765.037s][info][gc,heap        ] GC(2371) ParOldGen: 564671K(667648K)->564791K(667648K)
[765.037s][info][gc,metaspace   ] GC(2371) Metaspace: 19076K(19200K)->19076K(19200K) NonClass: 17246K(17344K)->17246K(17344K) Class: 1829K(1856K)->1829K(1856K)
[765.037s][info][gc             ] GC(2371) Pause Young (Allocation Failure) 660M->551M(761M) 3.169ms
[765.037s][info][gc,cpu         ] GC(2371) User=0.01s Sys=0.00s Real=0.00s
[765.199s][info][gc,start       ] GC(2372) Pause Young (Allocation Failure)
[765.202s][info][gc,heap        ] GC(2372) PSYoungGen: 111712K(112128K)->160K(219136K) Eden: 111616K(111616K)->0K(113664K) From: 96K(512K)->160K(105472K)
[765.202s][info][gc,heap        ] GC(2372) ParOldGen: 564791K(667648K)->564791K(667648K)
[765.202s][info][gc,metaspace   ] GC(2372) Metaspace: 19076K(19200K)->19076K(19200K) NonClass: 17246K(17344K)->17246K(17344K) Class: 1829K(1856K)->1829K(1856K)
[765.202s][info][gc             ] GC(2372) Pause Young (Allocation Failure) 660M->551M(866M) 2.817ms
[765.202s][info][gc,cpu         ] GC(2372) User=0.00s Sys=0.00s Real=0.01s
[765.327s][info][gc,start       ] GC(2373) Pause Young (Allocation Failure)
[765.330s][info][gc,heap        ] GC(2373) PSYoungGen: 113824K(219136K)->256K(114176K) Eden: 113664K(113664K)->0K(113664K) From: 160K(105472K)->256K(512K)
[765.330s][info][gc,heap        ] GC(2373) ParOldGen: 564791K(667648K)->564791K(667648K)
[765.330s][info][gc,metaspace   ] GC(2373) Metaspace: 19076K(19200K)->19076K(19200K) NonClass: 17246K(17344K)->17246K(17344K) Class: 1829K(1856K)->1829K(1856K)
[765.330s][info][gc             ] GC(2373) Pause Young (Allocation Failure) 662M->551M(763M) 3.158ms
[765.330s][info][gc,cpu         ] GC(2373) User=0.00s Sys=0.01s Real=0.00s
[765.464s][info][gc,start       ] GC(2374) Pause Young (Allocation Failure)
[765.467s][info][gc,heap        ] GC(2374) PSYoungGen: 113920K(114176K)->352K(209408K) Eden: 113664K(113664K)->0K(115200K) From: 256K(512K)->352K(94208K)
[765.467s][info][gc,heap        ] GC(2374) ParOldGen: 564791K(667648K)->564791K(667648K)
[765.467s][info][gc,metaspace   ] GC(2374) Metaspace: 19076K(19200K)->19076K(19200K) NonClass: 17246K(17344K)->17246K(17344K) Class: 1829K(1856K)->1829K(1856K)
[765.467s][info][gc             ] GC(2374) Pause Young (Allocation Failure) 662M->551M(856M) 3.407ms
[765.467s][info][gc,cpu         ] GC(2374) User=0.00s Sys=0.00s Real=0.00s
[765.594s][info][gc,start       ] GC(2375) Pause Young (Allocation Failure)
[765.597s][info][gc,heap        ] GC(2375) PSYoungGen: 115552K(209408K)->384K(115712K) Eden: 115200K(115200K)->0K(115200K) From: 352K(94208K)->384K(512K)
[765.598s][info][gc,heap        ] GC(2375) ParOldGen: 564791K(667648K)->564791K(667648K)
[765.598s][info][gc,metaspace   ] GC(2375) Metaspace: 19076K(19200K)->19076K(19200K) NonClass: 17246K(17344K)->17246K(17344K) Class: 1829K(1856K)->1829K(1856K)
[765.598s][info][gc             ] GC(2375) Pause Young (Allocation Failure) 664M->551M(765M) 3.355ms
[765.598s][info][gc,cpu         ] GC(2375) User=0.01s Sys=0.00s Real=0.00s
[765.740s][info][gc,start       ] GC(2376) Pause Young (Allocation Failure)
[765.747s][info][gc,heap        ] GC(2376) PSYoungGen: 115584K(115712K)->1920K(201728K) Eden: 115200K(115200K)->0K(116736K) From: 384K(512K)->1920K(84992K)
[765.747s][info][gc,heap        ] GC(2376) ParOldGen: 564791K(667648K)->564791K(667648K)
[765.747s][info][gc,metaspace   ] GC(2376) Metaspace: 19076K(19200K)->19076K(19200K) NonClass: 17246K(17344K)->17246K(17344K) Class: 1829K(1856K)->1829K(1856K)
[765.747s][info][gc             ] GC(2376) Pause Young (Allocation Failure) 664M->553M(849M) 6.732ms
[765.747s][info][gc,cpu         ] GC(2376) User=0.01s Sys=0.00s Real=0.01s
[765.874s][info][gc,start       ] GC(2377) Pause Young (Allocation Failure)
[765.896s][info][gc,heap        ] GC(2377) PSYoungGen: 118656K(201728K)->4160K(121344K) Eden: 116736K(116736K)->0K(116736K) From: 1920K(84992K)->4160K(4608K)
[765.896s][info][gc,heap        ] GC(2377) ParOldGen: 564791K(667648K)->564791K(667648K)
[765.896s][info][gc,metaspace   ] GC(2377) Metaspace: 19079K(19200K)->19079K(19200K) NonClass: 17250K(17344K)->17250K(17344K) Class: 1829K(1856K)->1829K(1856K)
[765.896s][info][gc             ] GC(2377) Pause Young (Allocation Failure) 667M->555M(770M) 21.214ms
[765.896s][info][gc,cpu         ] GC(2377) User=0.04s Sys=0.00s Real=0.02s
[766.050s][info][gc,start       ] GC(2378) Pause Young (Allocation Failure)
[766.090s][info][gc,heap        ] GC(2378) PSYoungGen: 120896K(121344K)->21579K(195584K) Eden: 116736K(116736K)->0K(119808K) From: 4160K(4608K)->21579K(75776K)
[766.090s][info][gc,heap        ] GC(2378) ParOldGen: 564791K(667648K)->564791K(667648K)
[766.090s][info][gc,metaspace   ] GC(2378) Metaspace: 19079K(19200K)->19079K(19200K) NonClass: 17250K(17344K)->17250K(17344K) Class: 1829K(1856K)->1829K(1856K)
[766.090s][info][gc             ] GC(2378) Pause Young (Allocation Failure) 669M->572M(843M) 39.774ms
[766.090s][info][gc,cpu         ] GC(2378) User=0.08s Sys=0.00s Real=0.04s
[766.238s][info][gc,start       ] GC(2379) Pause Young (Allocation Failure)
[766.276s][info][gc,heap        ] GC(2379) PSYoungGen: 141387K(195584K)->21547K(141824K) Eden: 119808K(119808K)->0K(119808K) From: 21579K(75776K)->21547K(22016K)
[766.277s][info][gc,heap        ] GC(2379) ParOldGen: 564791K(667648K)->564791K(667648K)
[766.277s][info][gc,metaspace   ] GC(2379) Metaspace: 19079K(19200K)->19079K(19200K) NonClass: 17250K(17344K)->17250K(17344K) Class: 1829K(1856K)->1829K(1856K)
[766.277s][info][gc             ] GC(2379) Pause Young (Allocation Failure) 689M->572M(790M) 38.956ms
[766.277s][info][gc,cpu         ] GC(2379) User=0.08s Sys=0.00s Real=0.04s
[766.423s][info][gc,start       ] GC(2380) Pause Young (Allocation Failure)
[766.462s][info][gc,heap        ] GC(2380) PSYoungGen: 141355K(141824K)->21547K(193024K) Eden: 119808K(119808K)->0K(124416K) From: 21547K(22016K)->21547K(68608K)
[766.462s][info][gc,heap        ] GC(2380) ParOldGen: 564791K(667648K)->564791K(667648K)
[766.462s][info][gc,metaspace   ] GC(2380) Metaspace: 19079K(19200K)->19079K(19200K) NonClass: 17250K(17344K)->17250K(17344K) Class: 1829K(1856K)->1829K(1856K)
[766.462s][info][gc             ] GC(2380) Pause Young (Allocation Failure) 689M->572M(840M) 38.739ms
[766.462s][info][gc,cpu         ] GC(2380) User=0.07s Sys=0.01s Real=0.04s
[766.600s][info][gc,start       ] GC(2381) Pause Young (Allocation Failure)
[766.650s][info][gc,heap        ] GC(2381) PSYoungGen: 145963K(193024K)->32619K(196096K) Eden: 124416K(124416K)->0K(124416K) From: 21547K(68608K)->32619K(71680K)
[766.650s][info][gc,heap        ] GC(2381) ParOldGen: 564791K(667648K)->564791K(667648K)
[766.650s][info][gc,metaspace   ] GC(2381) Metaspace: 19079K(19200K)->19079K(19200K) NonClass: 17250K(17344K)->17250K(17344K) Class: 1829K(1856K)->1829K(1856K)
[766.650s][info][gc             ] GC(2381) Pause Young (Allocation Failure) 694M->583M(843M) 50.572ms
[766.650s][info][gc,cpu         ] GC(2381) User=0.10s Sys=0.00s Real=0.05s
[766.768s][info][gc,start       ] GC(2382) Pause Young (Allocation Failure)
[766.834s][info][gc,heap        ] GC(2382) PSYoungGen: 157035K(196096K)->45387K(197120K) Eden: 124416K(124416K)->0K(125440K) From: 32619K(71680K)->45387K(71680K)
[766.834s][info][gc,heap        ] GC(2382) ParOldGen: 564791K(667648K)->564791K(667648K)
[766.834s][info][gc,metaspace   ] GC(2382) Metaspace: 19079K(19200K)->19079K(19200K) NonClass: 17250K(17344K)->17250K(17344K) Class: 1829K(1856K)->1829K(1856K)
[766.834s][info][gc             ] GC(2382) Pause Young (Allocation Failure) 704M->595M(844M) 65.976ms
[766.834s][info][gc,cpu         ] GC(2382) User=0.13s Sys=0.00s Real=0.07s
[766.961s][info][gc,start       ] GC(2383) Pause Young (Allocation Failure)
[767.041s][info][gc,heap        ] GC(2383) PSYoungGen: 170827K(197120K)->59467K(201728K) Eden: 125440K(125440K)->0K(125440K) From: 45387K(71680K)->59467K(76288K)
[767.041s][info][gc,heap        ] GC(2383) ParOldGen: 564791K(667648K)->564791K(667648K)
[767.041s][info][gc,metaspace   ] GC(2383) Metaspace: 19079K(19200K)->19079K(19200K) NonClass: 17250K(17344K)->17250K(17344K) Class: 1829K(1856K)->1829K(1856K)
[767.041s][info][gc             ] GC(2383) Pause Young (Allocation Failure) 718M->609M(849M) 80.625ms
[767.041s][info][gc,cpu         ] GC(2383) User=0.16s Sys=0.00s Real=0.08s
[767.121s][info][gc,start       ] GC(2384) Pause Young (Allocation Failure)
[767.220s][info][gc,heap        ] GC(2384) PSYoungGen: 184907K(201728K)->59915K(210944K) Eden: 125440K(125440K)->0K(125952K) From: 59467K(76288K)->59915K(84992K)
[767.220s][info][gc,heap        ] GC(2384) ParOldGen: 564791K(667648K)->564791K(667648K)
[767.220s][info][gc,metaspace   ] GC(2384) Metaspace: 19079K(19200K)->19079K(19200K) NonClass: 17250K(17344K)->17250K(17344K) Class: 1829K(1856K)->1829K(1856K)
[767.220s][info][gc             ] GC(2384) Pause Young (Allocation Failure) 732M->610M(858M) 98.957ms
[767.220s][info][gc,cpu         ] GC(2384) User=0.19s Sys=0.00s Real=0.10s
[767.379s][info][gc,start       ] GC(2385) Pause Young (Allocation Failure)
[767.462s][info][gc,heap        ] GC(2385) PSYoungGen: 185867K(210944K)->61131K(218112K) Eden: 125952K(125952K)->0K(125952K) From: 59915K(84992K)->61131K(92160K)
[767.462s][info][gc,heap        ] GC(2385) ParOldGen: 564791K(667648K)->564791K(667648K)
[767.462s][info][gc,metaspace   ] GC(2385) Metaspace: 19079K(19200K)->19079K(19200K) NonClass: 17250K(17344K)->17250K(17344K) Class: 1829K(1856K)->1829K(1856K)
[767.462s][info][gc             ] GC(2385) Pause Young (Allocation Failure) 733M->611M(865M) 82.967ms
[767.462s][info][gc,cpu         ] GC(2385) User=0.17s Sys=0.01s Real=0.09s
[767.601s][info][gc,start       ] GC(2386) Pause Young (Allocation Failure)
[767.705s][info][gc,heap        ] GC(2386) PSYoungGen: 187083K(218112K)->64683K(224768K) Eden: 125952K(125952K)->0K(126976K) From: 61131K(92160K)->64683K(97792K)
[767.705s][info][gc,heap        ] GC(2386) ParOldGen: 564791K(667648K)->564871K(667648K)
[767.705s][info][gc,metaspace   ] GC(2386) Metaspace: 19079K(19200K)->19079K(19200K) NonClass: 17250K(17344K)->17250K(17344K) Class: 1829K(1856K)->1829K(1856K)
[767.705s][info][gc             ] GC(2386) Pause Young (Allocation Failure) 734M->614M(871M) 103.976ms
[767.705s][info][gc,cpu         ] GC(2386) User=0.19s Sys=0.02s Real=0.11s
[767.840s][info][gc,start       ] GC(2387) Pause Young (Allocation Failure)
[767.933s][info][gc,heap        ] GC(2387) PSYoungGen: 191659K(224768K)->64683K(192000K) Eden: 126976K(126976K)->0K(126976K) From: 64683K(97792K)->64683K(65024K)
[767.933s][info][gc,heap        ] GC(2387) ParOldGen: 564871K(667648K)->564935K(667648K)
[767.933s][info][gc,metaspace   ] GC(2387) Metaspace: 19079K(19200K)->19079K(19200K) NonClass: 17250K(17344K)->17250K(17344K) Class: 1829K(1856K)->1829K(1856K)
[767.933s][info][gc             ] GC(2387) Pause Young (Allocation Failure) 738M->614M(839M) 93.715ms
[767.934s][info][gc,cpu         ] GC(2387) User=0.19s Sys=0.00s Real=0.10s
[768.081s][info][gc,start       ] GC(2388) Pause Young (Allocation Failure)
[768.182s][info][gc,heap        ] GC(2388) PSYoungGen: 191659K(192000K)->66091K(219136K) Eden: 126976K(126976K)->0K(111616K) From: 64683K(65024K)->66091K(107520K)
[768.182s][info][gc,heap        ] GC(2388) ParOldGen: 564935K(667648K)->565039K(667648K)
[768.182s][info][gc,metaspace   ] GC(2388) Metaspace: 19079K(19200K)->19079K(19200K) NonClass: 17250K(17344K)->17250K(17344K) Class: 1829K(1856K)->1829K(1856K)
[768.182s][info][gc             ] GC(2388) Pause Young (Allocation Failure) 738M->616M(866M) 100.598ms
[768.182s][info][gc,cpu         ] GC(2388) User=0.20s Sys=0.00s Real=0.10s
[768.332s][info][gc,start       ] GC(2389) Pause Young (Allocation Failure)
[768.455s][info][gc,heap        ] GC(2389) PSYoungGen: 177707K(219136K)->79068K(222720K) Eden: 111616K(111616K)->0K(111616K) From: 66091K(107520K)->79068K(111104K)
[768.455s][info][gc,heap        ] GC(2389) ParOldGen: 565039K(667648K)->565143K(667648K)
[768.455s][info][gc,metaspace   ] GC(2389) Metaspace: 19079K(19200K)->19079K(19200K) NonClass: 17250K(17344K)->17250K(17344K) Class: 1829K(1856K)->1829K(1856K)
[768.455s][info][gc             ] GC(2389) Pause Young (Allocation Failure) 725M->629M(869M) 122.819ms
[768.455s][info][gc,cpu         ] GC(2389) User=0.24s Sys=0.00s Real=0.12s
[768.553s][info][gc,start       ] GC(2390) Pause Young (Allocation Failure)
[768.707s][info][gc,heap        ] GC(2390) PSYoungGen: 190684K(222720K)->101676K(222720K) Eden: 111616K(111616K)->0K(111616K) From: 79068K(111104K)->101676K(111104K)
[768.707s][info][gc,heap        ] GC(2390) ParOldGen: 565143K(667648K)->566759K(667648K)
[768.707s][info][gc,metaspace   ] GC(2390) Metaspace: 19079K(19200K)->19079K(19200K) NonClass: 17250K(17344K)->17250K(17344K) Class: 1829K(1856K)->1829K(1856K)
[768.707s][info][gc             ] GC(2390) Pause Young (Allocation Failure) 738M->652M(869M) 153.757ms
[768.707s][info][gc,cpu         ] GC(2390) User=0.28s Sys=0.02s Real=0.15s
[768.859s][info][gc,start       ] GC(2391) Pause Young (Allocation Failure)
[769.008s][info][gc,heap        ] GC(2391) PSYoungGen: 213292K(222720K)->97392K(222720K) Eden: 111616K(111616K)->0K(111616K) From: 101676K(111104K)->97392K(111104K)
[769.008s][info][gc,heap        ] GC(2391) ParOldGen: 566759K(667648K)->586443K(667648K)
[769.008s][info][gc,metaspace   ] GC(2391) Metaspace: 19079K(19200K)->19079K(19200K) NonClass: 17250K(17344K)->17250K(17344K) Class: 1829K(1856K)->1829K(1856K)
[769.008s][info][gc             ] GC(2391) Pause Young (Allocation Failure) 761M->667M(869M) 149.349ms
[769.008s][info][gc,cpu         ] GC(2391) User=0.30s Sys=0.00s Real=0.15s
[769.174s][info][gc,start       ] GC(2392) Pause Young (Allocation Failure)
[769.300s][info][gc,heap        ] GC(2392) PSYoungGen: 209008K(222720K)->111088K(222720K) Eden: 111616K(111616K)->0K(111616K) From: 97392K(111104K)->111088K(111104K)
[769.300s][info][gc,heap        ] GC(2392) ParOldGen: 586443K(667648K)->587939K(667648K)
[769.300s][info][gc,metaspace   ] GC(2392) Metaspace: 19079K(19200K)->19079K(19200K) NonClass: 17250K(17344K)->17250K(17344K) Class: 1829K(1856K)->1829K(1856K)
[769.300s][info][gc             ] GC(2392) Pause Young (Allocation Failure) 776M->682M(869M) 126.344ms
[769.300s][info][gc,cpu         ] GC(2392) User=0.24s Sys=0.01s Real=0.12s
[769.424s][info][gc,start       ] GC(2393) Pause Young (Allocation Failure)
[769.548s][info][gc,heap        ] GC(2393) PSYoungGen: 222704K(222720K)->87968K(222720K) Eden: 111616K(111616K)->0K(111616K) From: 111088K(111104K)->87968K(111104K)
[769.548s][info][gc,heap        ] GC(2393) ParOldGen: 587939K(667648K)->611851K(667648K)
[769.548s][info][gc,metaspace   ] GC(2393) Metaspace: 19079K(19200K)->19079K(19200K) NonClass: 17250K(17344K)->17250K(17344K) Class: 1829K(1856K)->1829K(1856K)
[769.548s][info][gc             ] GC(2393) Pause Young (Allocation Failure) 791M->683M(869M) 124.381ms
[769.548s][info][gc,cpu         ] GC(2393) User=0.24s Sys=0.00s Real=0.12s
[769.707s][info][gc,start       ] GC(2394) Pause Young (Allocation Failure)
[769.804s][info][gc,heap        ] GC(2394) PSYoungGen: 199584K(222720K)->75504K(222720K) Eden: 111616K(111616K)->0K(111616K) From: 87968K(111104K)->75504K(111104K)
[769.804s][info][gc,heap        ] GC(2394) ParOldGen: 611851K(667648K)->626403K(667648K)
[769.804s][info][gc,metaspace   ] GC(2394) Metaspace: 19079K(19200K)->19079K(19200K) NonClass: 17250K(17344K)->17250K(17344K) Class: 1829K(1856K)->1829K(1856K)
[769.804s][info][gc             ] GC(2394) Pause Young (Allocation Failure) 792M->685M(869M) 97.033ms
[769.804s][info][gc,cpu         ] GC(2394) User=0.19s Sys=0.00s Real=0.10s
[769.925s][info][gc,start       ] GC(2395) Pause Young (Allocation Failure)
[770.017s][info][gc,heap        ] GC(2395) PSYoungGen: 187120K(222720K)->75184K(222720K) Eden: 111616K(111616K)->0K(111616K) From: 75504K(111104K)->75184K(111104K)
[770.017s][info][gc,heap        ] GC(2395) ParOldGen: 626403K(667648K)->631283K(667648K)
[770.017s][info][gc,metaspace   ] GC(2395) Metaspace: 19079K(19200K)->19079K(19200K) NonClass: 17250K(17344K)->17250K(17344K) Class: 1829K(1856K)->1829K(1856K)
[770.017s][info][gc             ] GC(2395) Pause Young (Allocation Failure) 794M->689M(869M) 92.114ms
[770.017s][info][gc,cpu         ] GC(2395) User=0.18s Sys=0.00s Real=0.09s
[770.131s][info][gc,start       ] GC(2396) Pause Young (Allocation Failure)
[770.215s][info][gc,heap        ] GC(2396) PSYoungGen: 186800K(222720K)->73664K(222720K) Eden: 111616K(111616K)->0K(111616K) From: 75184K(111104K)->73664K(111104K)
[770.215s][info][gc,heap        ] GC(2396) ParOldGen: 631283K(667648K)->632851K(667648K)
[770.215s][info][gc,metaspace   ] GC(2396) Metaspace: 19079K(19200K)->19079K(19200K) NonClass: 17250K(17344K)->17250K(17344K) Class: 1829K(1856K)->1829K(1856K)
[770.215s][info][gc             ] GC(2396) Pause Young (Allocation Failure) 798M->689M(869M) 83.316ms
[770.215s][info][gc,cpu         ] GC(2396) User=0.16s Sys=0.00s Real=0.09s
[770.344s][info][gc,start       ] GC(2397) Pause Young (Allocation Failure)
[770.440s][info][gc,promotion   ] GC(2397) Promotion failed
[770.440s][info][gc,heap        ] GC(2397) PSYoungGen: 185280K(222720K)->185280K(222720K) Eden: 111616K(111616K)->111616K(111616K) From: 73664K(111104K)->73664K(111104K)
[770.440s][info][gc,heap        ] GC(2397) ParOldGen: 632851K(667648K)->667643K(667648K)
[770.440s][info][gc,metaspace   ] GC(2397) Metaspace: 19079K(19200K)->19079K(19200K) NonClass: 17250K(17344K)->17250K(17344K) Class: 1829K(1856K)->1829K(1856K)
[770.440s][info][gc             ] GC(2397) Pause Young (Allocation Failure) 798M->832M(869M) 96.106ms
[770.440s][info][gc,cpu         ] GC(2397) User=0.18s Sys=0.01s Real=0.09s
[770.440s][info][gc,start       ] GC(2398) Pause Full (Allocation Failure)
[770.440s][info][gc,phases,start] GC(2398) Marking Phase
[770.733s][info][gc,phases      ] GC(2398) Marking Phase 292.825ms
[770.733s][info][gc,phases,start] GC(2398) Summary Phase
[770.733s][info][gc,phases      ] GC(2398) Summary Phase 0.044ms
[770.733s][info][gc,phases,start] GC(2398) Forward
[770.850s][info][gc,phases      ] GC(2398) Forward 116.696ms
[770.850s][info][gc,phases,start] GC(2398) Adjust Pointers
[771.083s][info][gc,phases      ] GC(2398) Adjust Pointers 232.889ms
[771.083s][info][gc,phases,start] GC(2398) Compaction Phase
[771.216s][info][gc,phases      ] GC(2398) Compaction Phase 132.883ms
[771.226s][info][gc,phases,start] GC(2398) Post Compact
[771.229s][info][gc,phases      ] GC(2398) Post Compact 2.710ms
[771.231s][info][gc,heap        ] GC(2398) PSYoungGen: 185280K(222720K)->0K(222720K) Eden: 111616K(111616K)->0K(111616K) From: 73664K(111104K)->0K(111104K)
[771.231s][info][gc,heap        ] GC(2398) ParOldGen: 667643K(667648K)->382644K(642048K)
[771.231s][info][gc,metaspace   ] GC(2398) Metaspace: 19079K(19200K)->19079K(19200K) NonClass: 17250K(17344K)->17250K(17344K) Class: 1829K(1856K)->1829K(1856K)
[771.231s][info][gc             ] GC(2398) Pause Full (Allocation Failure) 832M->373M(844M) 791.220ms
[771.231s][info][gc,cpu         ] GC(2398) User=1.42s Sys=0.00s Real=0.79s
[771.391s][info][gc,start       ] GC(2399) Pause Young (Allocation Failure)
[771.406s][info][gc,heap        ] GC(2399) PSYoungGen: 111616K(222720K)->11104K(222720K) Eden: 111616K(111616K)->0K(111616K) From: 0K(111104K)->11104K(111104K)
[771.406s][info][gc,heap        ] GC(2399) ParOldGen: 382644K(642048K)->382644K(642048K)
[771.406s][info][gc,metaspace   ] GC(2399) Metaspace: 19079K(19200K)->19079K(19200K) NonClass: 17250K(17344K)->17250K(17344K) Class: 1829K(1856K)->1829K(1856K)
[771.406s][info][gc             ] GC(2399) Pause Young (Allocation Failure) 482M->384M(844M) 14.898ms
[771.406s][info][gc,cpu         ] GC(2399) User=0.03s Sys=0.00s Real=0.02s
[771.703s][info][gc,start       ] GC(2400) Pause Young (Allocation Failure)
[771.717s][info][gc,heap        ] GC(2400) PSYoungGen: 122720K(222720K)->11712K(222720K) Eden: 111616K(111616K)->0K(111616K) From: 11104K(111104K)->11712K(111104K)
[771.717s][info][gc,heap        ] GC(2400) ParOldGen: 382644K(642048K)->382644K(642048K)
[771.717s][info][gc,metaspace   ] GC(2400) Metaspace: 19079K(19200K)->19079K(19200K) NonClass: 17250K(17344K)->17250K(17344K) Class: 1829K(1856K)->1829K(1856K)
[771.717s][info][gc             ] GC(2400) Pause Young (Allocation Failure) 493M->385M(844M) 14.318ms
[771.717s][info][gc,cpu         ] GC(2400) User=0.03s Sys=0.00s Real=0.01s
[772.055s][info][gc,start       ] GC(2401) Pause Young (Allocation Failure)
[772.069s][info][gc,heap        ] GC(2401) PSYoungGen: 123328K(222720K)->11872K(222720K) Eden: 111616K(111616K)->0K(111616K) From: 11712K(111104K)->11872K(111104K)
[772.069s][info][gc,heap        ] GC(2401) ParOldGen: 382644K(642048K)->382644K(642048K)
[772.069s][info][gc,metaspace   ] GC(2401) Metaspace: 19079K(19200K)->19079K(19200K) NonClass: 17250K(17344K)->17250K(17344K) Class: 1829K(1856K)->1829K(1856K)
[772.069s][info][gc             ] GC(2401) Pause Young (Allocation Failure) 494M->385M(844M) 13.831ms
[772.069s][info][gc,cpu         ] GC(2401) User=0.03s Sys=0.00s Real=0.01s
[772.392s][info][gc,start       ] GC(2402) Pause Young (Allocation Failure)
[772.409s][info][gc,heap        ] GC(2402) PSYoungGen: 123488K(222720K)->11952K(222720K) Eden: 111616K(111616K)->0K(111616K) From: 11872K(111104K)->11952K(111104K)
[772.409s][info][gc,heap        ] GC(2402) ParOldGen: 382644K(642048K)->382644K(642048K)
[772.409s][info][gc,metaspace   ] GC(2402) Metaspace: 19079K(19200K)->19079K(19200K) NonClass: 17250K(17344K)->17250K(17344K) Class: 1829K(1856K)->1829K(1856K)
[772.410s][info][gc             ] GC(2402) Pause Young (Allocation Failure) 494M->385M(844M) 17.697ms
[772.410s][info][gc,cpu         ] GC(2402) User=0.04s Sys=0.00s Real=0.02s
[772.704s][info][gc,start       ] GC(2403) Pause Young (Allocation Failure)
[772.723s][info][gc,heap        ] GC(2403) PSYoungGen: 123568K(222720K)->304K(222720K) Eden: 111616K(111616K)->0K(111616K) From: 11952K(111104K)->304K(111104K)
[772.723s][info][gc,heap        ] GC(2403) ParOldGen: 382644K(642048K)->394284K(642048K)
[772.723s][info][gc,metaspace   ] GC(2403) Metaspace: 19079K(19200K)->19079K(19200K) NonClass: 17250K(17344K)->17250K(17344K) Class: 1829K(1856K)->1829K(1856K)
[772.723s][info][gc             ] GC(2403) Pause Young (Allocation Failure) 494M->385M(844M) 19.701ms
[772.723s][info][gc,cpu         ] GC(2403) User=0.04s Sys=0.00s Real=0.02s
[773.024s][info][gc,start       ] GC(2404) Pause Young (Allocation Failure)
[773.028s][info][gc,heap        ] GC(2404) PSYoungGen: 111920K(222720K)->96K(222720K) Eden: 111616K(111616K)->0K(111616K) From: 304K(111104K)->96K(111104K)
[773.028s][info][gc,heap        ] GC(2404) ParOldGen: 394284K(642048K)->394540K(642048K)
[773.028s][info][gc,metaspace   ] GC(2404) Metaspace: 19079K(19200K)->19079K(19200K) NonClass: 17250K(17344K)->17250K(17344K) Class: 1829K(1856K)->1829K(1856K)
[773.028s][info][gc             ] GC(2404) Pause Young (Allocation Failure) 494M->385M(844M) 4.294ms
[773.028s][info][gc,cpu         ] GC(2404) User=0.00s Sys=0.00s Real=0.00s
[773.364s][info][gc,start       ] GC(2405) Pause Young (Allocation Failure)
[773.367s][info][gc,heap        ] GC(2405) PSYoungGen: 111712K(222720K)->96K(222720K) Eden: 111616K(111616K)->0K(111616K) From: 96K(111104K)->96K(111104K)
[773.367s][info][gc,heap        ] GC(2405) ParOldGen: 394540K(642048K)->394604K(642048K)
[773.367s][info][gc,metaspace   ] GC(2405) Metaspace: 19079K(19200K)->19079K(19200K) NonClass: 17250K(17344K)->17250K(17344K) Class: 1829K(1856K)->1829K(1856K)
[773.367s][info][gc             ] GC(2405) Pause Young (Allocation Failure) 494M->385M(844M) 2.807ms
[773.367s][info][gc,cpu         ] GC(2405) User=0.00s Sys=0.00s Real=0.00s
[773.614s][info][gc,start       ] GC(2406) Pause Young (Allocation Failure)
[773.626s][info][gc,heap        ] GC(2406) PSYoungGen: 111712K(222720K)->12432K(222720K) Eden: 111616K(111616K)->0K(111616K) From: 96K(111104K)->12432K(111104K)
[773.626s][info][gc,heap        ] GC(2406) ParOldGen: 394604K(642048K)->394676K(642048K)
[773.626s][info][gc,metaspace   ] GC(2406) Metaspace: 19079K(19200K)->19079K(19200K) NonClass: 17250K(17344K)->17250K(17344K) Class: 1829K(1856K)->1829K(1856K)
[773.626s][info][gc             ] GC(2406) Pause Young (Allocation Failure) 494M->397M(844M) 12.714ms
[773.626s][info][gc,cpu         ] GC(2406) User=0.02s Sys=0.00s Real=0.01s
[773.693s][info][gc,start       ] GC(2407) Pause Young (Allocation Failure)
[773.735s][info][gc,heap        ] GC(2407) PSYoungGen: 124048K(222720K)->39360K(222720K) Eden: 111616K(111616K)->0K(111616K) From: 12432K(111104K)->39360K(111104K)
[773.735s][info][gc,heap        ] GC(2407) ParOldGen: 394676K(642048K)->407149K(642048K)
[773.735s][info][gc,metaspace   ] GC(2407) Metaspace: 19079K(19200K)->19079K(19200K) NonClass: 17250K(17344K)->17250K(17344K) Class: 1829K(1856K)->1829K(1856K)
[773.735s][info][gc             ] GC(2407) Pause Young (Allocation Failure) 506M->436M(844M) 42.057ms
[773.735s][info][gc,cpu         ] GC(2407) User=0.08s Sys=0.00s Real=0.04s
[773.797s][info][gc,start       ] GC(2408) Pause Young (Allocation Failure)
[773.857s][info][gc,heap        ] GC(2408) PSYoungGen: 150976K(222720K)->39680K(222720K) Eden: 111616K(111616K)->0K(111616K) From: 39360K(111104K)->39680K(111104K)
[773.857s][info][gc,heap        ] GC(2408) ParOldGen: 407149K(642048K)->446949K(642048K)
[773.857s][info][gc,metaspace   ] GC(2408) Metaspace: 19079K(19200K)->19079K(19200K) NonClass: 17250K(17344K)->17250K(17344K) Class: 1829K(1856K)->1829K(1856K)
[773.857s][info][gc             ] GC(2408) Pause Young (Allocation Failure) 545M->475M(844M) 59.645ms
[773.857s][info][gc,cpu         ] GC(2408) User=0.11s Sys=0.00s Real=0.06s
[773.930s][info][gc,start       ] GC(2409) Pause Young (Allocation Failure)
[773.989s][info][gc,heap        ] GC(2409) PSYoungGen: 151296K(222720K)->42240K(218624K) Eden: 111616K(111616K)->0K(111616K) From: 39680K(111104K)->42240K(107008K)
[773.989s][info][gc,heap        ] GC(2409) ParOldGen: 446949K(642048K)->487069K(642048K)
[773.989s][info][gc,metaspace   ] GC(2409) Metaspace: 19079K(19200K)->19079K(19200K) NonClass: 17250K(17344K)->17250K(17344K) Class: 1829K(1856K)->1829K(1856K)
[773.989s][info][gc             ] GC(2409) Pause Young (Allocation Failure) 584M->516M(840M) 59.336ms
[773.989s][info][gc,cpu         ] GC(2409) User=0.11s Sys=0.00s Real=0.06s
[774.070s][info][gc,start       ] GC(2410) Pause Young (Allocation Failure)
[774.136s][info][gc,heap        ] GC(2410) PSYoungGen: 153856K(218624K)->91318K(220672K) Eden: 111616K(111616K)->0K(111616K) From: 42240K(107008K)->91318K(109056K)
[774.136s][info][gc,heap        ] GC(2410) ParOldGen: 487069K(642048K)->487069K(642048K)
[774.136s][info][gc,metaspace   ] GC(2410) Metaspace: 19079K(19200K)->19079K(19200K) NonClass: 17250K(17344K)->17250K(17344K) Class: 1829K(1856K)->1829K(1856K)
[774.136s][info][gc             ] GC(2410) Pause Young (Allocation Failure) 625M->564M(842M) 66.320ms
[774.136s][info][gc,cpu         ] GC(2410) User=0.13s Sys=0.00s Real=0.07s
[774.313s][info][gc,start       ] GC(2411) Pause Young (Allocation Failure)
[774.411s][info][gc,heap        ] GC(2411) PSYoungGen: 202934K(220672K)->30944K(222720K) Eden: 111616K(111616K)->0K(111616K) From: 91318K(109056K)->30944K(111104K)
[774.412s][info][gc,heap        ] GC(2411) ParOldGen: 487069K(642048K)->579387K(642048K)
[774.412s][info][gc,metaspace   ] GC(2411) Metaspace: 19079K(19200K)->19079K(19200K) NonClass: 17250K(17344K)->17250K(17344K) Class: 1829K(1856K)->1829K(1856K)
[774.412s][info][gc             ] GC(2411) Pause Young (Allocation Failure) 673M->596M(844M) 98.722ms
[774.412s][info][gc,cpu         ] GC(2411) User=0.20s Sys=0.00s Real=0.09s
[774.645s][info][gc,start       ] GC(2412) Pause Young (Allocation Failure)
[774.702s][info][gc,heap        ] GC(2412) PSYoungGen: 142560K(222720K)->14432K(222720K) Eden: 111616K(111616K)->0K(111616K) From: 30944K(111104K)->14432K(111104K)
[774.702s][info][gc,heap        ] GC(2412) ParOldGen: 579387K(642048K)->610603K(642048K)
[774.703s][info][gc,metaspace   ] GC(2412) Metaspace: 19079K(19200K)->19079K(19200K) NonClass: 17250K(17344K)->17250K(17344K) Class: 1829K(1856K)->1829K(1856K)
[774.703s][info][gc             ] GC(2412) Pause Young (Allocation Failure) 705M->610M(844M) 57.311ms
[774.703s][info][gc,cpu         ] GC(2412) User=0.11s Sys=0.00s Real=0.06s
[774.813s][info][gc,start       ] GC(2413) Pause Full (Allocation Failure)
[774.813s][info][gc,phases,start] GC(2413) Marking Phase
[775.123s][info][gc,phases      ] GC(2413) Marking Phase 310.044ms
[775.123s][info][gc,phases,start] GC(2413) Summary Phase
[775.124s][info][gc,phases      ] GC(2413) Summary Phase 0.035ms
[775.124s][info][gc,phases,start] GC(2413) Forward
[775.229s][info][gc,phases      ] GC(2413) Forward 105.189ms
[775.229s][info][gc,phases,start] GC(2413) Adjust Pointers
[775.468s][info][gc,phases      ] GC(2413) Adjust Pointers 238.864ms
[775.468s][info][gc,phases,start] GC(2413) Compaction Phase
[775.619s][info][gc,phases      ] GC(2413) Compaction Phase 151.507ms
[775.626s][info][gc,phases,start] GC(2413) Post Compact
[775.628s][info][gc,phases      ] GC(2413) Post Compact 2.251ms
[775.628s][info][gc,heap        ] GC(2413) PSYoungGen: 126048K(222720K)->0K(222720K) Eden: 111616K(111616K)->0K(111616K) From: 14432K(111104K)->0K(111104K)
[775.628s][info][gc,heap        ] GC(2413) ParOldGen: 610603K(642048K)->458810K(667648K)
[775.628s][info][gc,metaspace   ] GC(2413) Metaspace: 19079K(19200K)->19079K(19200K) NonClass: 17250K(17344K)->17250K(17344K) Class: 1829K(1856K)->1829K(1856K)
[775.628s][info][gc             ] GC(2413) Pause Full (Allocation Failure) 719M->448M(869M) 814.906ms
[775.628s][info][gc,cpu         ] GC(2413) User=1.53s Sys=0.00s Real=0.81s
[775.743s][info][gc,start       ] GC(2414) Pause Young (Allocation Failure)
[775.764s][info][gc,heap        ] GC(2414) PSYoungGen: 111616K(222720K)->960K(222720K) Eden: 111616K(111616K)->0K(111616K) From: 0K(111104K)->960K(111104K)
[775.764s][info][gc,heap        ] GC(2414) ParOldGen: 458810K(667648K)->458810K(667648K)
[775.764s][info][gc,metaspace   ] GC(2414) Metaspace: 19079K(19200K)->19079K(19200K) NonClass: 17250K(17344K)->17250K(17344K) Class: 1829K(1856K)->1829K(1856K)
[775.764s][info][gc             ] GC(2414) Pause Young (Allocation Failure) 557M->448M(869M) 21.517ms
[775.764s][info][gc,cpu         ] GC(2414) User=0.04s Sys=0.00s Real=0.02s
[775.935s][info][gc,start       ] GC(2415) Pause Young (Allocation Failure)
[775.996s][info][gc,heap        ] GC(2415) PSYoungGen: 112576K(222720K)->30797K(208384K) Eden: 111616K(111616K)->0K(111616K) From: 960K(111104K)->30797K(96768K)
[775.996s][info][gc,heap        ] GC(2415) ParOldGen: 458810K(667648K)->458810K(667648K)
[775.996s][info][gc,metaspace   ] GC(2415) Metaspace: 19079K(19200K)->19079K(19200K) NonClass: 17250K(17344K)->17250K(17344K) Class: 1829K(1856K)->1829K(1856K)
[775.996s][info][gc             ] GC(2415) Pause Young (Allocation Failure) 557M->478M(855M) 61.420ms
[775.996s][info][gc,cpu         ] GC(2415) User=0.11s Sys=0.00s Real=0.06s
[776.149s][info][gc,start       ] GC(2416) Pause Young (Allocation Failure)
[776.211s][info][gc,heap        ] GC(2416) PSYoungGen: 142413K(208384K)->31501K(215552K) Eden: 111616K(111616K)->0K(111616K) From: 30797K(96768K)->31501K(103936K)
[776.211s][info][gc,heap        ] GC(2416) ParOldGen: 458810K(667648K)->458810K(667648K)
[776.211s][info][gc,metaspace   ] GC(2416) Metaspace: 19079K(19200K)->19079K(19200K) NonClass: 17250K(17344K)->17250K(17344K) Class: 1829K(1856K)->1829K(1856K)
[776.211s][info][gc             ] GC(2416) Pause Young (Allocation Failure) 587M->478M(862M) 62.313ms
[776.211s][info][gc,cpu         ] GC(2416) User=0.12s Sys=0.00s Real=0.06s
[776.365s][info][gc,start       ] GC(2417) Pause Young (Allocation Failure)
[776.426s][info][gc,heap        ] GC(2417) PSYoungGen: 143117K(215552K)->31533K(204800K) Eden: 111616K(111616K)->0K(120320K) From: 31501K(103936K)->31533K(84480K)
[776.427s][info][gc,heap        ] GC(2417) ParOldGen: 458810K(667648K)->458810K(667648K)
[776.427s][info][gc,metaspace   ] GC(2417) Metaspace: 19079K(19200K)->19079K(19200K) NonClass: 17250K(17344K)->17250K(17344K) Class: 1829K(1856K)->1829K(1856K)
[776.427s][info][gc             ] GC(2417) Pause Young (Allocation Failure) 587M->478M(852M) 61.923ms
[776.427s][info][gc,cpu         ] GC(2417) User=0.13s Sys=0.00s Real=0.06s
[776.595s][info][gc,start       ] GC(2418) Pause Young (Allocation Failure)
[776.655s][info][gc,heap        ] GC(2418) PSYoungGen: 151853K(204800K)->31533K(210944K) Eden: 120320K(120320K)->0K(120320K) From: 31533K(84480K)->31533K(90624K)
[776.655s][info][gc,heap        ] GC(2418) ParOldGen: 458810K(667648K)->458810K(667648K)
[776.655s][info][gc,metaspace   ] GC(2418) Metaspace: 19079K(19200K)->19079K(19200K) NonClass: 17250K(17344K)->17250K(17344K) Class: 1829K(1856K)->1829K(1856K)
[776.655s][info][gc             ] GC(2418) Pause Young (Allocation Failure) 596M->478M(858M) 60.936ms
[776.656s][info][gc,cpu         ] GC(2418) User=0.12s Sys=0.00s Real=0.06s
[776.821s][info][gc,start       ] GC(2419) Pause Young (Allocation Failure)
[776.883s][info][gc,heap        ] GC(2419) PSYoungGen: 151853K(210944K)->31501K(204800K) Eden: 120320K(120320K)->0K(129536K) From: 31533K(90624K)->31501K(75264K)
[776.883s][info][gc,heap        ] GC(2419) ParOldGen: 458810K(667648K)->458810K(667648K)
[776.883s][info][gc,metaspace   ] GC(2419) Metaspace: 19079K(19200K)->19079K(19200K) NonClass: 17250K(17344K)->17250K(17344K) Class: 1829K(1856K)->1829K(1856K)
[776.883s][info][gc             ] GC(2419) Pause Young (Allocation Failure) 596M->478M(852M) 62.026ms
[776.883s][info][gc,cpu         ] GC(2419) User=0.12s Sys=0.00s Real=0.07s
[777.080s][info][gc,start       ] GC(2420) Pause Young (Allocation Failure)
[777.141s][info][gc,heap        ] GC(2420) PSYoungGen: 161037K(204800K)->31501K(209920K) Eden: 129536K(129536K)->0K(129536K) From: 31501K(75264K)->31501K(80384K)
[777.141s][info][gc,heap        ] GC(2420) ParOldGen: 458810K(667648K)->458810K(667648K)
[777.141s][info][gc,metaspace   ] GC(2420) Metaspace: 19079K(19200K)->19079K(19200K) NonClass: 17250K(17344K)->17250K(17344K) Class: 1829K(1856K)->1829K(1856K)
[777.141s][info][gc             ] GC(2420) Pause Young (Allocation Failure) 605M->478M(857M) 60.775ms
[777.141s][info][gc,cpu         ] GC(2420) User=0.12s Sys=0.00s Real=0.06s
[777.323s][info][gc,start       ] GC(2421) Pause Young (Allocation Failure)
[777.385s][info][gc,heap        ] GC(2421) PSYoungGen: 161037K(209920K)->31533K(206848K) Eden: 129536K(129536K)->0K(139264K) From: 31501K(80384K)->31533K(67584K)
[777.385s][info][gc,heap        ] GC(2421) ParOldGen: 458810K(667648K)->458810K(667648K)
[777.385s][info][gc,metaspace   ] GC(2421) Metaspace: 19079K(19200K)->19079K(19200K) NonClass: 17250K(17344K)->17250K(17344K) Class: 1829K(1856K)->1829K(1856K)
[777.385s][info][gc             ] GC(2421) Pause Young (Allocation Failure) 605M->478M(854M) 62.415ms
[777.385s][info][gc,cpu         ] GC(2421) User=0.12s Sys=0.00s Real=0.06s
[777.582s][info][gc,start       ] GC(2422) Pause Young (Allocation Failure)
[777.644s][info][gc,heap        ] GC(2422) PSYoungGen: 170797K(206848K)->31510K(210944K) Eden: 139264K(139264K)->0K(139264K) From: 31533K(67584K)->31510K(71680K)
[777.644s][info][gc,heap        ] GC(2422) ParOldGen: 458810K(667648K)->458810K(667648K)
[777.644s][info][gc,metaspace   ] GC(2422) Metaspace: 19079K(19200K)->19079K(19200K) NonClass: 17250K(17344K)->17250K(17344K) Class: 1829K(1856K)->1829K(1856K)
[777.644s][info][gc             ] GC(2422) Pause Young (Allocation Failure) 614M->478M(858M) 61.993ms
[777.644s][info][gc,cpu         ] GC(2422) User=0.12s Sys=0.00s Real=0.07s
[777.811s][info][gc,start       ] GC(2423) Pause Young (Allocation Failure)
[777.902s][info][gc,heap        ] GC(2423) PSYoungGen: 170774K(210944K)->43117K(217088K) Eden: 139264K(139264K)->0K(149504K) From: 31510K(71680K)->43117K(67584K)
[777.902s][info][gc,heap        ] GC(2423) ParOldGen: 458810K(667648K)->458810K(667648K)
[777.902s][info][gc,metaspace   ] GC(2423) Metaspace: 19079K(19200K)->19079K(19200K) NonClass: 17250K(17344K)->17250K(17344K) Class: 1829K(1856K)->1829K(1856K)
[777.902s][info][gc             ] GC(2423) Pause Young (Allocation Failure) 614M->490M(864M) 91.200ms
[777.902s][info][gc,cpu         ] GC(2423) User=0.18s Sys=0.00s Real=0.09s
[778.052s][info][gc,start       ] GC(2424) Pause Young (Allocation Failure)
[778.146s][info][gc,heap        ] GC(2424) PSYoungGen: 192621K(217088K)->60749K(217600K) Eden: 149504K(149504K)->0K(149504K) From: 43117K(67584K)->60749K(68096K)
[778.146s][info][gc,heap        ] GC(2424) ParOldGen: 458810K(667648K)->458810K(667648K)
[778.146s][info][gc,metaspace   ] GC(2424) Metaspace: 19079K(19200K)->19079K(19200K) NonClass: 17250K(17344K)->17250K(17344K) Class: 1829K(1856K)->1829K(1856K)
[778.146s][info][gc             ] GC(2424) Pause Young (Allocation Failure) 636M->507M(864M) 94.312ms
[778.146s][info][gc,cpu         ] GC(2424) User=0.19s Sys=0.00s Real=0.10s
[778.265s][info][gc,start       ] GC(2425) Pause Young (Allocation Failure)
[778.369s][info][gc,heap        ] GC(2425) PSYoungGen: 210253K(217600K)->64813K(229888K) Eden: 149504K(149504K)->0K(155136K) From: 60749K(68096K)->64813K(74752K)
[778.369s][info][gc,heap        ] GC(2425) ParOldGen: 458810K(667648K)->458810K(667648K)
[778.370s][info][gc,metaspace   ] GC(2425) Metaspace: 19079K(19200K)->19079K(19200K) NonClass: 17250K(17344K)->17250K(17344K) Class: 1829K(1856K)->1829K(1856K)
[778.370s][info][gc             ] GC(2425) Pause Young (Allocation Failure) 653M->511M(876M) 104.891ms
[778.370s][info][gc,cpu         ] GC(2425) User=0.20s Sys=0.01s Real=0.10s
[778.517s][info][gc,start       ] GC(2426) Pause Young (Allocation Failure)
[778.627s][info][gc,heap        ] GC(2426) PSYoungGen: 219949K(229888K)->66733K(237056K) Eden: 155136K(155136K)->0K(155136K) From: 64813K(74752K)->66733K(81920K)
[778.627s][info][gc,heap        ] GC(2426) ParOldGen: 458810K(667648K)->458810K(667648K)
[778.627s][info][gc,metaspace   ] GC(2426) Metaspace: 19079K(19200K)->19079K(19200K) NonClass: 17250K(17344K)->17250K(17344K) Class: 1829K(1856K)->1829K(1856K)
[778.627s][info][gc             ] GC(2426) Pause Young (Allocation Failure) 662M->513M(883M) 109.988ms
[778.627s][info][gc,cpu         ] GC(2426) User=0.22s Sys=0.00s Real=0.11s
[778.813s][info][gc,start       ] GC(2427) Pause Young (Allocation Failure)
[778.925s][info][gc,heap        ] GC(2427) PSYoungGen: 221869K(237056K)->72342K(231936K) Eden: 155136K(155136K)->0K(144384K) From: 66733K(81920K)->72342K(87552K)
[778.925s][info][gc,heap        ] GC(2427) ParOldGen: 458810K(667648K)->458810K(667648K)
[778.925s][info][gc,metaspace   ] GC(2427) Metaspace: 19079K(19200K)->19079K(19200K) NonClass: 17250K(17344K)->17250K(17344K) Class: 1829K(1856K)->1829K(1856K)
[778.925s][info][gc             ] GC(2427) Pause Young (Allocation Failure) 664M->518M(878M) 112.024ms
[778.925s][info][gc,cpu         ] GC(2427) User=0.21s Sys=0.01s Real=0.11s
[779.122s][info][gc,start       ] GC(2428) Pause Young (Allocation Failure)
[779.230s][info][gc,heap        ] GC(2428) PSYoungGen: 216726K(231936K)->75478K(220160K) Eden: 144384K(144384K)->0K(144384K) From: 72342K(87552K)->75478K(75776K)
[779.230s][info][gc,heap        ] GC(2428) ParOldGen: 458810K(667648K)->458810K(667648K)
[779.230s][info][gc,metaspace   ] GC(2428) Metaspace: 19079K(19200K)->19079K(19200K) NonClass: 17250K(17344K)->17250K(17344K) Class: 1829K(1856K)->1829K(1856K)
[779.230s][info][gc             ] GC(2428) Pause Young (Allocation Failure) 659M->521M(867M) 107.856ms
[779.230s][info][gc,cpu         ] GC(2428) User=0.21s Sys=0.00s Real=0.10s
[779.603s][info][gc,start       ] GC(2429) Pause Young (Allocation Failure)
[779.720s][info][gc,heap        ] GC(2429) PSYoungGen: 219862K(220160K)->74573K(223744K) Eden: 144384K(144384K)->0K(122880K) From: 75478K(75776K)->74573K(100864K)
[779.720s][info][gc,heap        ] GC(2429) ParOldGen: 458810K(667648K)->459722K(667648K)
[779.720s][info][gc,metaspace   ] GC(2429) Metaspace: 19079K(19200K)->19079K(19200K) NonClass: 17250K(17344K)->17250K(17344K) Class: 1829K(1856K)->1829K(1856K)
[779.720s][info][gc             ] GC(2429) Pause Young (Allocation Failure) 662M->521M(870M) 117.615ms
[779.720s][info][gc,cpu         ] GC(2429) User=0.24s Sys=0.00s Real=0.11s
[779.975s][info][gc,start       ] GC(2430) Pause Young (Allocation Failure)
[780.083s][info][gc,heap        ] GC(2430) PSYoungGen: 197453K(223744K)->44864K(228352K) Eden: 122880K(122880K)->0K(122880K) From: 74573K(100864K)->44864K(105472K)
[780.083s][info][gc,heap        ] GC(2430) ParOldGen: 459722K(667648K)->489663K(667648K)
[780.083s][info][gc,metaspace   ] GC(2430) Metaspace: 19079K(19200K)->19079K(19200K) NonClass: 17250K(17344K)->17250K(17344K) Class: 1829K(1856K)->1829K(1856K)
[780.083s][info][gc             ] GC(2430) Pause Young (Allocation Failure) 641M->521M(875M) 107.233ms
[780.083s][info][gc,cpu         ] GC(2430) User=0.22s Sys=0.00s Real=0.11s
[780.333s][info][gc,start       ] GC(2431) Pause Young (Allocation Failure)
[780.382s][info][gc,heap        ] GC(2431) PSYoungGen: 167744K(228352K)->44160K(220160K) Eden: 122880K(122880K)->0K(127488K) From: 44864K(105472K)->44160K(92672K)
[780.382s][info][gc,heap        ] GC(2431) ParOldGen: 489663K(667648K)->490383K(667648K)
[780.382s][info][gc,metaspace   ] GC(2431) Metaspace: 19079K(19200K)->19079K(19200K) NonClass: 17250K(17344K)->17250K(17344K) Class: 1829K(1856K)->1829K(1856K)
[780.382s][info][gc             ] GC(2431) Pause Young (Allocation Failure) 641M->522M(867M) 49.002ms
[780.382s][info][gc,cpu         ] GC(2431) User=0.10s Sys=0.00s Real=0.04s
[780.620s][info][gc,start       ] GC(2432) Pause Young (Allocation Failure)
[780.683s][info][gc,heap        ] GC(2432) PSYoungGen: 171648K(220160K)->44160K(224256K) Eden: 127488K(127488K)->0K(127488K) From: 44160K(92672K)->44160K(96768K)
[780.683s][info][gc,heap        ] GC(2432) ParOldGen: 490383K(667648K)->490383K(667648K)
[780.683s][info][gc,metaspace   ] GC(2432) Metaspace: 19079K(19200K)->19079K(19200K) NonClass: 17250K(17344K)->17250K(17344K) Class: 1829K(1856K)->1829K(1856K)
[780.683s][info][gc             ] GC(2432) Pause Young (Allocation Failure) 646M->522M(871M) 63.168ms
[780.683s][info][gc,cpu         ] GC(2432) User=0.13s Sys=0.00s Real=0.07s
[780.953s][info][gc,start       ] GC(2433) Pause Young (Allocation Failure)
[781.003s][info][gc,heap        ] GC(2433) PSYoungGen: 171648K(224256K)->47552K(221184K) Eden: 127488K(127488K)->0K(136704K) From: 44160K(96768K)->47552K(84480K)
[781.003s][info][gc,heap        ] GC(2433) ParOldGen: 490383K(667648K)->490383K(667648K)
[781.003s][info][gc,metaspace   ] GC(2433) Metaspace: 19079K(19200K)->19079K(19200K) NonClass: 17250K(17344K)->17250K(17344K) Class: 1829K(1856K)->1829K(1856K)
[781.003s][info][gc             ] GC(2433) Pause Young (Allocation Failure) 646M->525M(868M) 49.290ms
[781.003s][info][gc,cpu         ] GC(2433) User=0.09s Sys=0.00s Real=0.05s
[781.194s][info][gc,start       ] GC(2434) Pause Young (Allocation Failure)
[781.263s][info][gc,heap        ] GC(2434) PSYoungGen: 184256K(221184K)->58176K(225792K) Eden: 136704K(136704K)->0K(136704K) From: 47552K(84480K)->58176K(89088K)
[781.263s][info][gc,heap        ] GC(2434) ParOldGen: 490383K(667648K)->490383K(667648K)
[781.263s][info][gc,metaspace   ] GC(2434) Metaspace: 19079K(19200K)->19079K(19200K) NonClass: 17250K(17344K)->17250K(17344K) Class: 1829K(1856K)->1829K(1856K)
[781.263s][info][gc             ] GC(2434) Pause Young (Allocation Failure) 658M->535M(872M) 69.396ms
[781.263s][info][gc,cpu         ] GC(2434) User=0.14s Sys=0.00s Real=0.07s
[781.426s][info][gc,start       ] GC(2435) Pause Young (Allocation Failure)
[781.518s][info][gc,heap        ] GC(2435) PSYoungGen: 194880K(225792K)->86528K(225792K) Eden: 136704K(136704K)->0K(137216K) From: 58176K(89088K)->86528K(88576K)
[781.518s][info][gc,heap        ] GC(2435) ParOldGen: 490383K(667648K)->490383K(667648K)
[781.518s][info][gc,metaspace   ] GC(2435) Metaspace: 19079K(19200K)->19079K(19200K) NonClass: 17250K(17344K)->17250K(17344K) Class: 1829K(1856K)->1829K(1856K)
[781.518s][info][gc             ] GC(2435) Pause Young (Allocation Failure) 669M->563M(872M) 92.482ms
[781.518s][info][gc,cpu         ] GC(2435) User=0.18s Sys=0.01s Real=0.09s
[781.709s][info][gc,start       ] GC(2436) Pause Young (Allocation Failure)
[781.812s][info][gc,heap        ] GC(2436) PSYoungGen: 223744K(225792K)->98288K(235520K) Eden: 137216K(137216K)->0K(137216K) From: 86528K(88576K)->98288K(98304K)
[781.812s][info][gc,heap        ] GC(2436) ParOldGen: 490383K(667648K)->507527K(667648K)
[781.812s][info][gc,metaspace   ] GC(2436) Metaspace: 19079K(19200K)->19079K(19200K) NonClass: 17250K(17344K)->17250K(17344K) Class: 1829K(1856K)->1829K(1856K)
[781.812s][info][gc             ] GC(2436) Pause Young (Allocation Failure) 697M->591M(882M) 103.001ms
[781.812s][info][gc,cpu         ] GC(2436) User=0.21s Sys=0.00s Real=0.10s
[782.027s][info][gc,start       ] GC(2437) Pause Young (Allocation Failure)
[782.155s][info][gc,heap        ] GC(2437) PSYoungGen: 235504K(235520K)->98288K(209920K) Eden: 137216K(137216K)->0K(111616K) From: 98288K(98304K)->98288K(98304K)
[782.155s][info][gc,heap        ] GC(2437) ParOldGen: 507527K(667648K)->522143K(667648K)
[782.155s][info][gc,metaspace   ] GC(2437) Metaspace: 19079K(19200K)->19079K(19200K) NonClass: 17250K(17344K)->17250K(17344K) Class: 1829K(1856K)->1829K(1856K)
[782.156s][info][gc             ] GC(2437) Pause Young (Allocation Failure) 725M->605M(857M) 128.410ms
[782.156s][info][gc,cpu         ] GC(2437) User=0.25s Sys=0.01s Real=0.13s
[782.307s][info][gc,start       ] GC(2438) Pause Young (Allocation Failure)
[782.411s][info][gc,heap        ] GC(2438) PSYoungGen: 209904K(209920K)->78032K(222720K) Eden: 111616K(111616K)->0K(111616K) From: 98288K(98304K)->78032K(111104K)
[782.411s][info][gc,heap        ] GC(2438) ParOldGen: 522143K(667648K)->542487K(667648K)
[782.411s][info][gc,metaspace   ] GC(2438) Metaspace: 19079K(19200K)->19079K(19200K) NonClass: 17250K(17344K)->17250K(17344K) Class: 1829K(1856K)->1829K(1856K)
[782.411s][info][gc             ] GC(2438) Pause Young (Allocation Failure) 714M->605M(869M) 103.621ms
[782.411s][info][gc,cpu         ] GC(2438) User=0.20s Sys=0.00s Real=0.10s
[782.571s][info][gc,start       ] GC(2439) Pause Young (Allocation Failure)
[782.658s][info][gc,heap        ] GC(2439) PSYoungGen: 189648K(222720K)->70992K(222720K) Eden: 111616K(111616K)->0K(111616K) From: 78032K(111104K)->70992K(111104K)
[782.658s][info][gc,heap        ] GC(2439) ParOldGen: 542487K(667648K)->549583K(667648K)
[782.658s][info][gc,metaspace   ] GC(2439) Metaspace: 19079K(19200K)->19079K(19200K) NonClass: 17250K(17344K)->17250K(17344K) Class: 1829K(1856K)->1829K(1856K)
[782.658s][info][gc             ] GC(2439) Pause Young (Allocation Failure) 714M->606M(869M) 87.260ms
[782.658s][info][gc,cpu         ] GC(2439) User=0.17s Sys=0.00s Real=0.09s
[782.811s][info][gc,start       ] GC(2440) Pause Young (Allocation Failure)
[782.888s][info][gc,heap        ] GC(2440) PSYoungGen: 182608K(222720K)->68016K(222720K) Eden: 111616K(111616K)->0K(111616K) From: 70992K(111104K)->68016K(111104K)
[782.888s][info][gc,heap        ] GC(2440) ParOldGen: 549583K(667648K)->552567K(667648K)
[782.888s][info][gc,metaspace   ] GC(2440) Metaspace: 19079K(19200K)->19079K(19200K) NonClass: 17250K(17344K)->17250K(17344K) Class: 1829K(1856K)->1829K(1856K)
[782.888s][info][gc             ] GC(2440) Pause Young (Allocation Failure) 715M->606M(869M) 77.515ms
[782.888s][info][gc,cpu         ] GC(2440) User=0.16s Sys=0.00s Real=0.08s
[783.042s][info][gc,start       ] GC(2441) Pause Young (Allocation Failure)
[783.113s][info][gc,heap        ] GC(2441) PSYoungGen: 179632K(222720K)->67856K(222720K) Eden: 111616K(111616K)->0K(111616K) From: 68016K(111104K)->67856K(111104K)
[783.113s][info][gc,heap        ] GC(2441) ParOldGen: 552567K(667648K)->552725K(667648K)
[783.113s][info][gc,metaspace   ] GC(2441) Metaspace: 19079K(19200K)->19079K(19200K) NonClass: 17250K(17344K)->17250K(17344K) Class: 1829K(1856K)->1829K(1856K)
[783.113s][info][gc             ] GC(2441) Pause Young (Allocation Failure) 715M->606M(869M) 70.903ms
[783.113s][info][gc,cpu         ] GC(2441) User=0.14s Sys=0.00s Real=0.08s
[783.267s][info][gc,start       ] GC(2442) Pause Young (Allocation Failure)
[783.339s][info][gc,heap        ] GC(2442) PSYoungGen: 179472K(222720K)->64496K(176128K) Eden: 111616K(111616K)->0K(111616K) From: 67856K(111104K)->64496K(64512K)
[783.339s][info][gc,heap        ] GC(2442) ParOldGen: 552725K(667648K)->556109K(667648K)
[783.339s][info][gc,metaspace   ] GC(2442) Metaspace: 19079K(19200K)->19079K(19200K) NonClass: 17250K(17344K)->17250K(17344K) Class: 1829K(1856K)->1829K(1856K)
[783.339s][info][gc             ] GC(2442) Pause Young (Allocation Failure) 715M->606M(824M) 72.373ms
[783.339s][info][gc,cpu         ] GC(2442) User=0.14s Sys=0.00s Real=0.07s
[783.509s][info][gc,start       ] GC(2443) Pause Young (Allocation Failure)
[783.594s][info][gc,heap        ] GC(2443) PSYoungGen: 176112K(176128K)->64496K(225792K) Eden: 111616K(111616K)->0K(115712K) From: 64496K(64512K)->64496K(110080K)
[783.594s][info][gc,heap        ] GC(2443) ParOldGen: 556109K(667648K)->556109K(667648K)
[783.594s][info][gc,metaspace   ] GC(2443) Metaspace: 19079K(19200K)->19079K(19200K) NonClass: 17250K(17344K)->17250K(17344K) Class: 1829K(1856K)->1829K(1856K)
[783.594s][info][gc             ] GC(2443) Pause Young (Allocation Failure) 715M->606M(872M) 85.848ms
[783.594s][info][gc,cpu         ] GC(2443) User=0.17s Sys=0.00s Real=0.09s
[783.781s][info][gc,start       ] GC(2444) Pause Young (Allocation Failure)
[783.855s][info][gc,heap        ] GC(2444) PSYoungGen: 180208K(225792K)->64480K(180224K) Eden: 115712K(115712K)->0K(115712K) From: 64496K(110080K)->64480K(64512K)
[783.856s][info][gc,heap        ] GC(2444) ParOldGen: 556109K(667648K)->556109K(667648K)
[783.856s][info][gc,metaspace   ] GC(2444) Metaspace: 19079K(19200K)->19079K(19200K) NonClass: 17250K(17344K)->17250K(17344K) Class: 1829K(1856K)->1829K(1856K)
[783.856s][info][gc             ] GC(2444) Pause Young (Allocation Failure) 719M->606M(828M) 74.119ms
[783.856s][info][gc,cpu         ] GC(2444) User=0.15s Sys=0.00s Real=0.08s
[784.035s][info][gc,start       ] GC(2445) Pause Young (Allocation Failure)
[784.108s][info][gc,heap        ] GC(2445) PSYoungGen: 180192K(180224K)->64496K(223232K) Eden: 115712K(115712K)->0K(120832K) From: 64480K(64512K)->64496K(102400K)
[784.108s][info][gc,heap        ] GC(2445) ParOldGen: 556109K(667648K)->556109K(667648K)
[784.108s][info][gc,metaspace   ] GC(2445) Metaspace: 19079K(19200K)->19079K(19200K) NonClass: 17250K(17344K)->17250K(17344K) Class: 1829K(1856K)->1829K(1856K)
[784.108s][info][gc             ] GC(2445) Pause Young (Allocation Failure) 719M->606M(870M) 72.966ms
[784.108s][info][gc,cpu         ] GC(2445) User=0.15s Sys=0.00s Real=0.07s
[784.300s][info][gc,start       ] GC(2446) Pause Young (Allocation Failure)
[784.375s][info][gc,heap        ] GC(2446) PSYoungGen: 185328K(223232K)->72848K(220160K) Eden: 120832K(120832K)->0K(120832K) From: 64496K(102400K)->72848K(99328K)
[784.375s][info][gc,heap        ] GC(2446) ParOldGen: 556109K(667648K)->556109K(667648K)
[784.375s][info][gc,metaspace   ] GC(2446) Metaspace: 19079K(19200K)->19079K(19200K) NonClass: 17250K(17344K)->17250K(17344K) Class: 1829K(1856K)->1829K(1856K)
[784.375s][info][gc             ] GC(2446) Pause Young (Allocation Failure) 724M->614M(867M) 74.566ms
[784.375s][info][gc,cpu         ] GC(2446) User=0.15s Sys=0.00s Real=0.08s
[784.493s][info][gc,start       ] GC(2447) Pause Young (Allocation Failure)
[784.590s][info][gc,heap        ] GC(2447) PSYoungGen: 193680K(220160K)->87600K(224768K) Eden: 120832K(120832K)->0K(126464K) From: 72848K(99328K)->87600K(98304K)
[784.590s][info][gc,heap        ] GC(2447) ParOldGen: 556109K(667648K)->556109K(667648K)
[784.590s][info][gc,metaspace   ] GC(2447) Metaspace: 19079K(19200K)->19079K(19200K) NonClass: 17250K(17344K)->17250K(17344K) Class: 1829K(1856K)->1829K(1856K)
[784.590s][info][gc             ] GC(2447) Pause Young (Allocation Failure) 732M->628M(871M) 96.759ms
[784.590s][info][gc,cpu         ] GC(2447) User=0.19s Sys=0.00s Real=0.09s
[784.691s][info][gc,start       ] GC(2448) Pause Young (Allocation Failure)
[784.797s][info][gc,heap        ] GC(2448) PSYoungGen: 214064K(224768K)->98000K(224768K) Eden: 126464K(126464K)->0K(126464K) From: 87600K(98304K)->98000K(98304K)
[784.797s][info][gc,heap        ] GC(2448) ParOldGen: 556109K(667648K)->556109K(667648K)
[784.797s][info][gc,metaspace   ] GC(2448) Metaspace: 19079K(19200K)->19079K(19200K) NonClass: 17250K(17344K)->17250K(17344K) Class: 1829K(1856K)->1829K(1856K)
[784.797s][info][gc             ] GC(2448) Pause Young (Allocation Failure) 752M->638M(871M) 106.287ms
[784.797s][info][gc,cpu         ] GC(2448) User=0.21s Sys=0.00s Real=0.11s
[784.901s][info][gc,start       ] GC(2449) Pause Young (Allocation Failure)
[785.041s][info][gc,heap        ] GC(2449) PSYoungGen: 224464K(224768K)->107136K(220672K) Eden: 126464K(126464K)->0K(111616K) From: 98000K(98304K)->107136K(109056K)
[785.041s][info][gc,heap        ] GC(2449) ParOldGen: 556109K(667648K)->566029K(667648K)
[785.041s][info][gc,metaspace   ] GC(2449) Metaspace: 19079K(19200K)->19079K(19200K) NonClass: 17250K(17344K)->17250K(17344K) Class: 1829K(1856K)->1829K(1856K)
[785.041s][info][gc             ] GC(2449) Pause Young (Allocation Failure) 762M->657M(867M) 139.753ms
[785.041s][info][gc,cpu         ] GC(2449) User=0.27s Sys=0.01s Real=0.14s
[785.139s][info][gc,start       ] GC(2450) Pause Young (Allocation Failure)
[785.283s][info][gc,heap        ] GC(2450) PSYoungGen: 218752K(220672K)->76288K(222720K) Eden: 111616K(111616K)->0K(111616K) From: 107136K(109056K)->76288K(111104K)
[785.283s][info][gc,heap        ] GC(2450) ParOldGen: 566029K(667648K)->606560K(667648K)
[785.284s][info][gc,metaspace   ] GC(2450) Metaspace: 19079K(19200K)->19079K(19200K) NonClass: 17250K(17344K)->17250K(17344K) Class: 1829K(1856K)->1829K(1856K)
[785.284s][info][gc             ] GC(2450) Pause Young (Allocation Failure) 766M->666M(869M) 144.829ms
[785.284s][info][gc,cpu         ] GC(2450) User=0.29s Sys=0.00s Real=0.15s
[785.363s][info][gc,start       ] GC(2451) Pause Young (Allocation Failure)
[785.470s][info][gc,heap        ] GC(2451) PSYoungGen: 187904K(222720K)->73952K(222720K) Eden: 111616K(111616K)->0K(111616K) From: 76288K(111104K)->73952K(111104K)
[785.470s][info][gc,heap        ] GC(2451) ParOldGen: 606560K(667648K)->621048K(667648K)
[785.470s][info][gc,metaspace   ] GC(2451) Metaspace: 19079K(19200K)->19079K(19200K) NonClass: 17250K(17344K)->17250K(17344K) Class: 1829K(1856K)->1829K(1856K)
[785.470s][info][gc             ] GC(2451) Pause Young (Allocation Failure) 775M->678M(869M) 106.968ms
[785.470s][info][gc,cpu         ] GC(2451) User=0.21s Sys=0.00s Real=0.10s
[785.579s][info][gc,start       ] GC(2452) Pause Young (Allocation Failure)
[785.681s][info][gc,heap        ] GC(2452) PSYoungGen: 185568K(222720K)->82944K(222720K) Eden: 111616K(111616K)->0K(111616K) From: 73952K(111104K)->82944K(111104K)
[785.681s][info][gc,heap        ] GC(2452) ParOldGen: 621048K(667648K)->621048K(667648K)
[785.681s][info][gc,metaspace   ] GC(2452) Metaspace: 19079K(19200K)->19079K(19200K) NonClass: 17250K(17344K)->17250K(17344K) Class: 1829K(1856K)->1829K(1856K)
[785.681s][info][gc             ] GC(2452) Pause Young (Allocation Failure) 787M->687M(869M) 102.587ms
[785.681s][info][gc,cpu         ] GC(2452) User=0.20s Sys=0.01s Real=0.10s
[785.771s][info][gc,start       ] GC(2453) Pause Young (Allocation Failure)
[785.888s][info][gc,heap        ] GC(2453) PSYoungGen: 194560K(222720K)->107456K(222720K) Eden: 111616K(111616K)->0K(111616K) From: 82944K(111104K)->107456K(111104K)
[785.888s][info][gc,heap        ] GC(2453) ParOldGen: 621048K(667648K)->621048K(667648K)
[785.888s][info][gc,metaspace   ] GC(2453) Metaspace: 19079K(19200K)->19079K(19200K) NonClass: 17250K(17344K)->17250K(17344K) Class: 1829K(1856K)->1829K(1856K)
[785.888s][info][gc             ] GC(2453) Pause Young (Allocation Failure) 796M->711M(869M) 117.193ms
[785.888s][info][gc,cpu         ] GC(2453) User=0.23s Sys=0.00s Real=0.12s
[786.034s][info][gc,start       ] GC(2454) Pause Young (Allocation Failure)
[786.158s][info][gc,heap        ] GC(2454) PSYoungGen: 219072K(222720K)->111104K(222720K) Eden: 111616K(111616K)->0K(111616K) From: 107456K(111104K)->111104K(111104K)
[786.158s][info][gc,heap        ] GC(2454) ParOldGen: 621048K(667648K)->629768K(667648K)
[786.158s][info][gc,metaspace   ] GC(2454) Metaspace: 19079K(19200K)->19079K(19200K) NonClass: 17250K(17344K)->17250K(17344K) Class: 1829K(1856K)->1829K(1856K)
[786.158s][info][gc             ] GC(2454) Pause Young (Allocation Failure) 820M->723M(869M) 123.783ms
[786.158s][info][gc,cpu         ] GC(2454) User=0.25s Sys=0.00s Real=0.12s
[786.244s][info][gc,start       ] GC(2455) Pause Full (Allocation Failure)
[786.244s][info][gc,phases,start] GC(2455) Marking Phase
[786.693s][info][gc,phases      ] GC(2455) Marking Phase 449.012ms
[786.693s][info][gc,phases,start] GC(2455) Summary Phase
[786.693s][info][gc,phases      ] GC(2455) Summary Phase 0.031ms
[786.693s][info][gc,phases,start] GC(2455) Forward
[786.745s][info][gc,phases      ] GC(2455) Forward 51.854ms
[786.745s][info][gc,phases,start] GC(2455) Adjust Pointers
[787.087s][info][gc,phases      ] GC(2455) Adjust Pointers 341.827ms
[787.087s][info][gc,phases,start] GC(2455) Compaction Phase
[787.247s][info][gc,phases      ] GC(2455) Compaction Phase 159.837ms
[787.250s][info][gc,phases,start] GC(2455) Post Compact
[787.253s][info][gc,phases      ] GC(2455) Post Compact 2.518ms
[787.253s][info][gc,heap        ] GC(2455) PSYoungGen: 222720K(222720K)->0K(222720K) Eden: 111616K(111616K)->0K(111616K) From: 111104K(111104K)->0K(111104K)
[787.253s][info][gc,heap        ] GC(2455) ParOldGen: 629768K(667648K)->609037K(667648K)
[787.253s][info][gc,metaspace   ] GC(2455) Metaspace: 19079K(19200K)->19079K(19200K) NonClass: 17250K(17344K)->17250K(17344K) Class: 1829K(1856K)->1829K(1856K)
[787.253s][info][gc             ] GC(2455) Pause Full (Allocation Failure) 832M->594M(869M) 1008.930ms
[787.253s][info][gc,cpu         ] GC(2455) User=1.97s Sys=0.00s Real=1.01s
[787.391s][info][gc,start       ] GC(2456) Pause Young (Allocation Failure)
[787.399s][info][gc,heap        ] GC(2456) PSYoungGen: 111616K(222720K)->1024K(222720K) Eden: 111616K(111616K)->0K(111616K) From: 0K(111104K)->1024K(111104K)
[787.399s][info][gc,heap        ] GC(2456) ParOldGen: 609037K(667648K)->609037K(667648K)
[787.399s][info][gc,metaspace   ] GC(2456) Metaspace: 19079K(19200K)->19079K(19200K) NonClass: 17250K(17344K)->17250K(17344K) Class: 1829K(1856K)->1829K(1856K)
[787.399s][info][gc             ] GC(2456) Pause Young (Allocation Failure) 703M->595M(869M) 8.241ms
[787.399s][info][gc,cpu         ] GC(2456) User=0.02s Sys=0.00s Real=0.01s
[787.529s][info][gc,start       ] GC(2457) Pause Young (Allocation Failure)
[787.540s][info][gc,heap        ] GC(2457) PSYoungGen: 112640K(222720K)->2432K(222720K) Eden: 111616K(111616K)->0K(111616K) From: 1024K(111104K)->2432K(111104K)
[787.540s][info][gc,heap        ] GC(2457) ParOldGen: 609037K(667648K)->609037K(667648K)
[787.540s][info][gc,metaspace   ] GC(2457) Metaspace: 19079K(19200K)->19079K(19200K) NonClass: 17250K(17344K)->17250K(17344K) Class: 1829K(1856K)->1829K(1856K)
[787.540s][info][gc             ] GC(2457) Pause Young (Allocation Failure) 704M->597M(869M) 11.118ms
[787.540s][info][gc,cpu         ] GC(2457) User=0.02s Sys=0.00s Real=0.01s
[787.660s][info][gc,start       ] GC(2458) Pause Young (Allocation Failure)
[787.672s][info][gc,heap        ] GC(2458) PSYoungGen: 114048K(222720K)->2496K(222720K) Eden: 111616K(111616K)->0K(111616K) From: 2432K(111104K)->2496K(111104K)
[787.672s][info][gc,heap        ] GC(2458) ParOldGen: 609037K(667648K)->609037K(667648K)
[787.672s][info][gc,metaspace   ] GC(2458) Metaspace: 19079K(19200K)->19079K(19200K) NonClass: 17250K(17344K)->17250K(17344K) Class: 1829K(1856K)->1829K(1856K)
[787.672s][info][gc             ] GC(2458) Pause Young (Allocation Failure) 706M->597M(869M) 12.247ms
[787.672s][info][gc,cpu         ] GC(2458) User=0.02s Sys=0.00s Real=0.01s
[787.803s][info][gc,start       ] GC(2459) Pause Young (Allocation Failure)
[787.817s][info][gc,heap        ] GC(2459) PSYoungGen: 114112K(222720K)->6016K(222720K) Eden: 111616K(111616K)->0K(111616K) From: 2496K(111104K)->6016K(111104K)
[787.817s][info][gc,heap        ] GC(2459) ParOldGen: 609037K(667648K)->609037K(667648K)
[787.817s][info][gc,metaspace   ] GC(2459) Metaspace: 19079K(19200K)->19079K(19200K) NonClass: 17250K(17344K)->17250K(17344K) Class: 1829K(1856K)->1829K(1856K)
[787.817s][info][gc             ] GC(2459) Pause Young (Allocation Failure) 706M->600M(869M) 14.144ms
[787.817s][info][gc,cpu         ] GC(2459) User=0.03s Sys=0.00s Real=0.01s
[787.937s][info][gc,start       ] GC(2460) Pause Young (Allocation Failure)
[787.950s][info][gc,heap        ] GC(2460) PSYoungGen: 117632K(222720K)->6048K(222720K) Eden: 111616K(111616K)->0K(111616K) From: 6016K(111104K)->6048K(111104K)
[787.950s][info][gc,heap        ] GC(2460) ParOldGen: 609037K(667648K)->609037K(667648K)
[787.950s][info][gc,metaspace   ] GC(2460) Metaspace: 19079K(19200K)->19079K(19200K) NonClass: 17250K(17344K)->17250K(17344K) Class: 1829K(1856K)->1829K(1856K)
[787.950s][info][gc             ] GC(2460) Pause Young (Allocation Failure) 709M->600M(869M) 13.218ms
[787.950s][info][gc,cpu         ] GC(2460) User=0.03s Sys=0.00s Real=0.01s
[788.132s][info][gc,start       ] GC(2461) Pause Young (Allocation Failure)
[788.156s][info][gc,heap        ] GC(2461) PSYoungGen: 117664K(222720K)->16768K(222720K) Eden: 111616K(111616K)->0K(111616K) From: 6048K(111104K)->16768K(111104K)
[788.156s][info][gc,heap        ] GC(2461) ParOldGen: 609037K(667648K)->611474K(667648K)
[788.156s][info][gc,metaspace   ] GC(2461) Metaspace: 19079K(19200K)->19079K(19200K) NonClass: 17250K(17344K)->17250K(17344K) Class: 1829K(1856K)->1829K(1856K)
[788.156s][info][gc             ] GC(2461) Pause Young (Allocation Failure) 709M->613M(869M) 24.203ms
[788.156s][info][gc,cpu         ] GC(2461) User=0.05s Sys=0.00s Real=0.02s
[788.377s][info][gc,start       ] GC(2462) Pause Young (Allocation Failure)
[788.414s][info][gc,heap        ] GC(2462) PSYoungGen: 128384K(222720K)->28304K(222720K) Eden: 111616K(111616K)->0K(111616K) From: 16768K(111104K)->28304K(111104K)
[788.414s][info][gc,heap        ] GC(2462) ParOldGen: 611474K(667648K)->615034K(667648K)
[788.414s][info][gc,metaspace   ] GC(2462) Metaspace: 19079K(19200K)->19079K(19200K) NonClass: 17250K(17344K)->17250K(17344K) Class: 1829K(1856K)->1829K(1856K)
[788.414s][info][gc             ] GC(2462) Pause Young (Allocation Failure) 722M->628M(869M) 36.994ms
[788.414s][info][gc,cpu         ] GC(2462) User=0.08s Sys=0.00s Real=0.04s
[788.617s][info][gc,start       ] GC(2463) Pause Young (Allocation Failure)
[788.685s][info][gc,heap        ] GC(2463) PSYoungGen: 139920K(222720K)->47952K(222720K) Eden: 111616K(111616K)->0K(111616K) From: 28304K(111104K)->47952K(111104K)
[788.685s][info][gc,heap        ] GC(2463) ParOldGen: 615034K(667648K)->628290K(667648K)
[788.685s][info][gc,metaspace   ] GC(2463) Metaspace: 19079K(19200K)->19079K(19200K) NonClass: 17250K(17344K)->17250K(17344K) Class: 1829K(1856K)->1829K(1856K)
[788.685s][info][gc             ] GC(2463) Pause Young (Allocation Failure) 737M->660M(869M) 68.012ms
[788.685s][info][gc,cpu         ] GC(2463) User=0.13s Sys=0.00s Real=0.07s
[788.753s][info][gc,start       ] GC(2464) Pause Young (Allocation Failure)
[788.849s][info][gc,promotion   ] GC(2464) Promotion failed
[788.849s][info][gc,heap        ] GC(2464) PSYoungGen: 159568K(222720K)->159568K(222720K) Eden: 111616K(111616K)->111616K(111616K) From: 47952K(111104K)->47952K(111104K)
[788.849s][info][gc,heap        ] GC(2464) ParOldGen: 628290K(667648K)->667646K(667648K)
[788.849s][info][gc,metaspace   ] GC(2464) Metaspace: 19079K(19200K)->19079K(19200K) NonClass: 17250K(17344K)->17250K(17344K) Class: 1829K(1856K)->1829K(1856K)
[788.849s][info][gc             ] GC(2464) Pause Young (Allocation Failure) 769M->807M(869M) 95.494ms
[788.849s][info][gc,cpu         ] GC(2464) User=0.16s Sys=0.02s Real=0.09s
[788.849s][info][gc,start       ] GC(2465) Pause Full (Allocation Failure)
[788.849s][info][gc,phases,start] GC(2465) Marking Phase
[789.409s][info][gc,phases      ] GC(2465) Marking Phase 559.970ms
[789.409s][info][gc,phases,start] GC(2465) Summary Phase
[789.409s][info][gc,phases      ] GC(2465) Summary Phase 0.031ms
[789.409s][info][gc,phases,start] GC(2465) Forward
[789.546s][info][gc,phases      ] GC(2465) Forward 137.129ms
[789.546s][info][gc,phases,start] GC(2465) Adjust Pointers
[789.957s][info][gc,phases      ] GC(2465) Adjust Pointers 410.623ms
[789.957s][info][gc,phases,start] GC(2465) Compaction Phase
[790.180s][info][gc,phases      ] GC(2465) Compaction Phase 223.330ms
[790.194s][info][gc,phases,start] GC(2465) Post Compact
[790.197s][info][gc,phases      ] GC(2465) Post Compact 2.819ms
[790.197s][info][gc,heap        ] GC(2465) PSYoungGen: 159568K(222720K)->6948K(222720K) Eden: 111616K(111616K)->0K(111616K) From: 47952K(111104K)->6948K(111104K)
[790.197s][info][gc,heap        ] GC(2465) ParOldGen: 667646K(667648K)->667445K(667648K)
[790.197s][info][gc,metaspace   ] GC(2465) Metaspace: 19079K(19200K)->19079K(19200K) NonClass: 17250K(17344K)->17250K(17344K) Class: 1829K(1856K)->1829K(1856K)
[790.197s][info][gc             ] GC(2465) Pause Full (Allocation Failure) 807M->658M(869M) 1348.029ms
[790.197s][info][gc,cpu         ] GC(2465) User=2.62s Sys=0.00s Real=1.35s
[790.296s][info][gc,start       ] GC(2466) Pause Full (Allocation Failure)
[790.296s][info][gc,phases,start] GC(2466) Marking Phase
[790.837s][info][gc,phases      ] GC(2466) Marking Phase 540.210ms
[790.837s][info][gc,phases,start] GC(2466) Summary Phase
[790.837s][info][gc,phases      ] GC(2466) Summary Phase 0.034ms
[790.837s][info][gc,phases,start] GC(2466) Forward
[790.971s][info][gc,phases      ] GC(2466) Forward 134.228ms
[790.971s][info][gc,phases,start] GC(2466) Adjust Pointers
[791.392s][info][gc,phases      ] GC(2466) Adjust Pointers 421.156ms
[791.392s][info][gc,phases,start] GC(2466) Compaction Phase
[791.576s][info][gc,phases      ] GC(2466) Compaction Phase 184.055ms
[791.593s][info][gc,phases,start] GC(2466) Post Compact
[791.596s][info][gc,phases      ] GC(2466) Post Compact 2.356ms
[791.596s][info][gc,heap        ] GC(2466) PSYoungGen: 118564K(222720K)->23097K(222720K) Eden: 111616K(111616K)->23097K(111616K) From: 6948K(111104K)->0K(111104K)
[791.596s][info][gc,heap        ] GC(2466) ParOldGen: 667445K(667648K)->667570K(667648K)
[791.596s][info][gc,metaspace   ] GC(2466) Metaspace: 19079K(19200K)->19079K(19200K) NonClass: 17250K(17344K)->17250K(17344K) Class: 1829K(1856K)->1829K(1856K)
[791.596s][info][gc             ] GC(2466) Pause Full (Allocation Failure) 767M->674M(869M) 1299.385ms
[791.596s][info][gc,cpu         ] GC(2466) User=2.53s Sys=0.00s Real=1.30s
[791.732s][info][gc,start       ] GC(2467) Pause Full (Allocation Failure)
[791.732s][info][gc,phases,start] GC(2467) Marking Phase
[792.263s][info][gc,phases      ] GC(2467) Marking Phase 530.300ms
[792.263s][info][gc,phases,start] GC(2467) Summary Phase
[792.263s][info][gc,phases      ] GC(2467) Summary Phase 0.027ms
[792.263s][info][gc,phases,start] GC(2467) Forward
[792.271s][info][gc,phases      ] GC(2467) Forward 8.490ms
[792.271s][info][gc,phases,start] GC(2467) Adjust Pointers
[792.632s][info][gc,phases      ] GC(2467) Adjust Pointers 360.263ms
[792.632s][info][gc,phases,start] GC(2467) Compaction Phase
[792.774s][info][gc,phases      ] GC(2467) Compaction Phase 142.366ms
[792.774s][info][gc,phases,start] GC(2467) Post Compact
[792.776s][info][gc,phases      ] GC(2467) Post Compact 2.279ms
[792.776s][info][gc,heap        ] GC(2467) PSYoungGen: 111616K(222720K)->23212K(222720K) Eden: 111616K(111616K)->23212K(111616K) From: 0K(111104K)->0K(111104K)
[792.776s][info][gc,heap        ] GC(2467) ParOldGen: 667570K(667648K)->667570K(667648K)
[792.776s][info][gc,metaspace   ] GC(2467) Metaspace: 19079K(19200K)->19079K(19200K) NonClass: 17250K(17344K)->17250K(17344K) Class: 1829K(1856K)->1829K(1856K)
[792.776s][info][gc             ] GC(2467) Pause Full (Allocation Failure) 760M->674M(869M) 1044.210ms
[792.776s][info][gc,cpu         ] GC(2467) User=2.04s Sys=0.01s Real=1.04s
[792.892s][info][gc,start       ] GC(2468) Pause Full (Allocation Failure)
[792.892s][info][gc,phases,start] GC(2468) Marking Phase
[793.420s][info][gc,phases      ] GC(2468) Marking Phase 527.918ms
[793.420s][info][gc,phases,start] GC(2468) Summary Phase
[793.420s][info][gc,phases      ] GC(2468) Summary Phase 0.027ms
[793.420s][info][gc,phases,start] GC(2468) Forward
[793.429s][info][gc,phases      ] GC(2468) Forward 8.537ms
[793.429s][info][gc,phases,start] GC(2468) Adjust Pointers
[793.787s][info][gc,phases      ] GC(2468) Adjust Pointers 357.754ms
[793.787s][info][gc,phases,start] GC(2468) Compaction Phase
[793.929s][info][gc,phases      ] GC(2468) Compaction Phase 142.000ms
[793.929s][info][gc,phases,start] GC(2468) Post Compact
[793.931s][info][gc,phases      ] GC(2468) Post Compact 2.283ms
[793.931s][info][gc,heap        ] GC(2468) PSYoungGen: 111616K(222720K)->23307K(222720K) Eden: 111616K(111616K)->23307K(111616K) From: 0K(111104K)->0K(111104K)
[793.931s][info][gc,heap        ] GC(2468) ParOldGen: 667570K(667648K)->667570K(667648K)
[793.931s][info][gc,metaspace   ] GC(2468) Metaspace: 19079K(19200K)->19079K(19200K) NonClass: 17250K(17344K)->17250K(17344K) Class: 1829K(1856K)->1829K(1856K)
[793.931s][info][gc             ] GC(2468) Pause Full (Allocation Failure) 760M->674M(869M) 1039.022ms
[793.931s][info][gc,cpu         ] GC(2468) User=2.03s Sys=0.00s Real=1.03s
[794.097s][info][gc,start       ] GC(2469) Pause Full (Allocation Failure)
[794.097s][info][gc,phases,start] GC(2469) Marking Phase
[794.623s][info][gc,phases      ] GC(2469) Marking Phase 526.169ms
[794.623s][info][gc,phases,start] GC(2469) Summary Phase
[794.623s][info][gc,phases      ] GC(2469) Summary Phase 0.026ms
[794.623s][info][gc,phases,start] GC(2469) Forward
[794.633s][info][gc,phases      ] GC(2469) Forward 9.478ms
[794.633s][info][gc,phases,start] GC(2469) Adjust Pointers
[795.009s][info][gc,phases      ] GC(2469) Adjust Pointers 375.788ms
[795.009s][info][gc,phases,start] GC(2469) Compaction Phase
[795.154s][info][gc,phases      ] GC(2469) Compaction Phase 145.205ms
[795.154s][info][gc,phases,start] GC(2469) Post Compact
[795.156s][info][gc,phases      ] GC(2469) Post Compact 2.260ms
[795.156s][info][gc,heap        ] GC(2469) PSYoungGen: 111616K(222720K)->23660K(222720K) Eden: 111616K(111616K)->23660K(111616K) From: 0K(111104K)->0K(111104K)
[795.156s][info][gc,heap        ] GC(2469) ParOldGen: 667570K(667648K)->667570K(667648K)
[795.156s][info][gc,metaspace   ] GC(2469) Metaspace: 19079K(19200K)->19079K(19200K) NonClass: 17250K(17344K)->17250K(17344K) Class: 1829K(1856K)->1829K(1856K)
[795.156s][info][gc             ] GC(2469) Pause Full (Allocation Failure) 760M->675M(869M) 1059.465ms
[795.157s][info][gc,cpu         ] GC(2469) User=2.06s Sys=0.00s Real=1.06s
[795.329s][info][gc,start       ] GC(2470) Pause Full (Allocation Failure)
[795.329s][info][gc,phases,start] GC(2470) Marking Phase
[795.883s][info][gc,phases      ] GC(2470) Marking Phase 554.119ms
[795.883s][info][gc,phases,start] GC(2470) Summary Phase
[795.883s][info][gc,phases      ] GC(2470) Summary Phase 0.028ms
[795.883s][info][gc,phases,start] GC(2470) Forward
[795.892s][info][gc,phases      ] GC(2470) Forward 9.068ms
[795.893s][info][gc,phases,start] GC(2470) Adjust Pointers
[796.277s][info][gc,phases      ] GC(2470) Adjust Pointers 384.402ms
[796.277s][info][gc,phases,start] GC(2470) Compaction Phase
[796.436s][info][gc,phases      ] GC(2470) Compaction Phase 158.574ms
[796.436s][info][gc,phases,start] GC(2470) Post Compact
[796.438s][info][gc,phases      ] GC(2470) Post Compact 2.318ms
[796.438s][info][gc,heap        ] GC(2470) PSYoungGen: 111616K(222720K)->23906K(222720K) Eden: 111616K(111616K)->23906K(111616K) From: 0K(111104K)->0K(111104K)
[796.438s][info][gc,heap        ] GC(2470) ParOldGen: 667570K(667648K)->667570K(667648K)
[796.438s][info][gc,metaspace   ] GC(2470) Metaspace: 19079K(19200K)->19079K(19200K) NonClass: 17250K(17344K)->17250K(17344K) Class: 1829K(1856K)->1829K(1856K)
[796.438s][info][gc             ] GC(2470) Pause Full (Allocation Failure) 760M->675M(869M) 1109.013ms
[796.438s][info][gc,cpu         ] GC(2470) User=2.16s Sys=0.01s Real=1.11s
[796.591s][info][gc,start       ] GC(2471) Pause Full (Allocation Failure)
[796.591s][info][gc,phases,start] GC(2471) Marking Phase
[797.129s][info][gc,phases      ] GC(2471) Marking Phase 538.018ms
[797.129s][info][gc,phases,start] GC(2471) Summary Phase
[797.129s][info][gc,phases      ] GC(2471) Summary Phase 0.027ms
[797.129s][info][gc,phases,start] GC(2471) Forward
[797.138s][info][gc,phases      ] GC(2471) Forward 9.255ms
[797.138s][info][gc,phases,start] GC(2471) Adjust Pointers
[797.513s][info][gc,phases      ] GC(2471) Adjust Pointers 374.443ms
[797.513s][info][gc,phases,start] GC(2471) Compaction Phase
[797.660s][info][gc,phases      ] GC(2471) Compaction Phase 147.731ms
[797.661s][info][gc,phases,start] GC(2471) Post Compact
[797.663s][info][gc,phases      ] GC(2471) Post Compact 2.253ms
[797.663s][info][gc,heap        ] GC(2471) PSYoungGen: 111616K(222720K)->24119K(222720K) Eden: 111616K(111616K)->24119K(111616K) From: 0K(111104K)->0K(111104K)
[797.663s][info][gc,heap        ] GC(2471) ParOldGen: 667570K(667648K)->667570K(667648K)
[797.663s][info][gc,metaspace   ] GC(2471) Metaspace: 19079K(19200K)->19079K(19200K) NonClass: 17250K(17344K)->17250K(17344K) Class: 1829K(1856K)->1829K(1856K)
[797.663s][info][gc             ] GC(2471) Pause Full (Allocation Failure) 760M->675M(869M) 1072.215ms
[797.663s][info][gc,cpu         ] GC(2471) User=2.09s Sys=0.00s Real=1.08s
[797.760s][info][gc,start       ] GC(2472) Pause Full (Allocation Failure)
[797.760s][info][gc,phases,start] GC(2472) Marking Phase
[798.302s][info][gc,phases      ] GC(2472) Marking Phase 541.955ms
[798.302s][info][gc,phases,start] GC(2472) Summary Phase
[798.302s][info][gc,phases      ] GC(2472) Summary Phase 0.028ms
[798.302s][info][gc,phases,start] GC(2472) Forward
[798.311s][info][gc,phases      ] GC(2472) Forward 9.283ms
[798.311s][info][gc,phases,start] GC(2472) Adjust Pointers
[798.681s][info][gc,phases      ] GC(2472) Adjust Pointers 370.337ms
[798.681s][info][gc,phases,start] GC(2472) Compaction Phase
[798.825s][info][gc,phases      ] GC(2472) Compaction Phase 143.651ms
[798.825s][info][gc,phases,start] GC(2472) Post Compact
[798.827s][info][gc,phases      ] GC(2472) Post Compact 2.272ms
[798.827s][info][gc,heap        ] GC(2472) PSYoungGen: 111616K(222720K)->24993K(222720K) Eden: 111616K(111616K)->24993K(111616K) From: 0K(111104K)->0K(111104K)
[798.827s][info][gc,heap        ] GC(2472) ParOldGen: 667570K(667648K)->667570K(667648K)
[798.828s][info][gc,metaspace   ] GC(2472) Metaspace: 19079K(19200K)->19079K(19200K) NonClass: 17250K(17344K)->17250K(17344K) Class: 1829K(1856K)->1829K(1856K)
[798.828s][info][gc             ] GC(2472) Pause Full (Allocation Failure) 760M->676M(869M) 1068.031ms
[798.828s][info][gc,cpu         ] GC(2472) User=2.08s Sys=0.00s Real=1.07s
[798.898s][info][gc,start       ] GC(2473) Pause Full (Allocation Failure)
[798.898s][info][gc,phases,start] GC(2473) Marking Phase
[799.445s][info][gc,phases      ] GC(2473) Marking Phase 546.602ms
[799.445s][info][gc,phases,start] GC(2473) Summary Phase
[799.445s][info][gc,phases      ] GC(2473) Summary Phase 0.027ms
[799.445s][info][gc,phases,start] GC(2473) Forward
[799.455s][info][gc,phases      ] GC(2473) Forward 10.759ms
[799.455s][info][gc,phases,start] GC(2473) Adjust Pointers
[799.821s][info][gc,phases      ] GC(2473) Adjust Pointers 365.066ms
[799.821s][info][gc,phases,start] GC(2473) Compaction Phase
[799.964s][info][gc,phases      ] GC(2473) Compaction Phase 143.657ms
[799.964s][info][gc,phases,start] GC(2473) Post Compact
[799.967s][info][gc,phases      ] GC(2473) Post Compact 2.275ms
[799.967s][info][gc,heap        ] GC(2473) PSYoungGen: 111616K(222720K)->25696K(222720K) Eden: 111616K(111616K)->25696K(111616K) From: 0K(111104K)->0K(111104K)
[799.967s][info][gc,heap        ] GC(2473) ParOldGen: 667570K(667648K)->667570K(667648K)
[799.967s][info][gc,metaspace   ] GC(2473) Metaspace: 19079K(19200K)->19079K(19200K) NonClass: 17250K(17344K)->17250K(17344K) Class: 1829K(1856K)->1829K(1856K)
[799.967s][info][gc             ] GC(2473) Pause Full (Allocation Failure) 760M->677M(869M) 1068.845ms
[799.967s][info][gc,cpu         ] GC(2473) User=2.08s Sys=0.00s Real=1.07s
[800.038s][info][gc,start       ] GC(2474) Pause Full (Allocation Failure)
[800.039s][info][gc,phases,start] GC(2474) Marking Phase
[800.575s][info][gc,phases      ] GC(2474) Marking Phase 536.543ms
[800.575s][info][gc,phases,start] GC(2474) Summary Phase
[800.575s][info][gc,phases      ] GC(2474) Summary Phase 0.027ms
[800.575s][info][gc,phases,start] GC(2474) Forward
[800.586s][info][gc,phases      ] GC(2474) Forward 11.067ms
[800.586s][info][gc,phases,start] GC(2474) Adjust Pointers
[800.957s][info][gc,phases      ] GC(2474) Adjust Pointers 370.862ms
[800.957s][info][gc,phases,start] GC(2474) Compaction Phase
[801.101s][info][gc,phases      ] GC(2474) Compaction Phase 143.619ms
[801.101s][info][gc,phases,start] GC(2474) Post Compact
[801.103s][info][gc,phases      ] GC(2474) Post Compact 2.328ms
[801.103s][info][gc,heap        ] GC(2474) PSYoungGen: 111616K(222720K)->26361K(222720K) Eden: 111616K(111616K)->26361K(111616K) From: 0K(111104K)->0K(111104K)
[801.103s][info][gc,heap        ] GC(2474) ParOldGen: 667570K(667648K)->667570K(667648K)
[801.103s][info][gc,metaspace   ] GC(2474) Metaspace: 19079K(19200K)->19079K(19200K) NonClass: 17250K(17344K)->17250K(17344K) Class: 1829K(1856K)->1829K(1856K)
[801.103s][info][gc             ] GC(2474) Pause Full (Allocation Failure) 760M->677M(869M) 1064.903ms
[801.103s][info][gc,cpu         ] GC(2474) User=2.07s Sys=0.00s Real=1.07s
[801.319s][info][gc,start       ] GC(2475) Pause Full (Allocation Failure)
[801.319s][info][gc,phases,start] GC(2475) Marking Phase
[801.864s][info][gc,phases      ] GC(2475) Marking Phase 545.037ms
[801.864s][info][gc,phases,start] GC(2475) Summary Phase
[801.864s][info][gc,phases      ] GC(2475) Summary Phase 0.032ms
[801.864s][info][gc,phases,start] GC(2475) Forward
[802.000s][info][gc,phases      ] GC(2475) Forward 135.844ms
[802.000s][info][gc,phases,start] GC(2475) Adjust Pointers
[802.432s][info][gc,phases      ] GC(2475) Adjust Pointers 431.997ms
[802.432s][info][gc,phases,start] GC(2475) Compaction Phase
[802.642s][info][gc,phases      ] GC(2475) Compaction Phase 210.537ms
[802.659s][info][gc,phases,start] GC(2475) Post Compact
[802.662s][info][gc,phases      ] GC(2475) Post Compact 2.337ms
[802.662s][info][gc,heap        ] GC(2475) PSYoungGen: 111616K(222720K)->39003K(222720K) Eden: 111616K(111616K)->39003K(111616K) From: 0K(111104K)->0K(111104K)
[802.662s][info][gc,heap        ] GC(2475) ParOldGen: 667570K(667648K)->667440K(667648K)
[802.662s][info][gc,metaspace   ] GC(2475) Metaspace: 19082K(19200K)->19082K(19200K) NonClass: 17252K(17344K)->17252K(17344K) Class: 1829K(1856K)->1829K(1856K)
[802.662s][info][gc             ] GC(2475) Pause Full (Allocation Failure) 760M->689M(869M) 1343.220ms
[802.662s][info][gc,cpu         ] GC(2475) User=2.62s Sys=0.00s Real=1.34s
[802.824s][info][gc,start       ] GC(2476) Pause Full (Allocation Failure)
[802.824s][info][gc,phases,start] GC(2476) Marking Phase
[803.411s][info][gc,phases      ] GC(2476) Marking Phase 586.981ms
[803.411s][info][gc,phases,start] GC(2476) Summary Phase
[803.411s][info][gc,phases      ] GC(2476) Summary Phase 0.032ms
[803.411s][info][gc,phases,start] GC(2476) Forward
[803.513s][info][gc,phases      ] GC(2476) Forward 101.261ms
[803.513s][info][gc,phases,start] GC(2476) Adjust Pointers
[803.950s][info][gc,phases      ] GC(2476) Adjust Pointers 437.263ms
[803.950s][info][gc,phases,start] GC(2476) Compaction Phase
[804.122s][info][gc,phases      ] GC(2476) Compaction Phase 172.121ms
[804.137s][info][gc,phases,start] GC(2476) Post Compact
[804.139s][info][gc,phases      ] GC(2476) Post Compact 2.394ms
[804.139s][info][gc,heap        ] GC(2476) PSYoungGen: 111616K(222720K)->43612K(222720K) Eden: 111616K(111616K)->43612K(111616K) From: 0K(111104K)->0K(111104K)
[804.139s][info][gc,heap        ] GC(2476) ParOldGen: 667440K(667648K)->667440K(667648K)
[804.139s][info][gc,metaspace   ] GC(2476) Metaspace: 19082K(19200K)->19082K(19200K) NonClass: 17252K(17344K)->17252K(17344K) Class: 1829K(1856K)->1829K(1856K)
[804.139s][info][gc             ] GC(2476) Pause Full (Allocation Failure) 760M->694M(869M) 1315.034ms
[804.139s][info][gc,cpu         ] GC(2476) User=2.56s Sys=0.01s Real=1.31s
[804.232s][info][gc,start       ] GC(2477) Pause Full (Allocation Failure)
[804.232s][info][gc,phases,start] GC(2477) Marking Phase
[804.806s][info][gc,phases      ] GC(2477) Marking Phase 573.930ms
[804.806s][info][gc,phases,start] GC(2477) Summary Phase
[804.806s][info][gc,phases      ] GC(2477) Summary Phase 0.026ms
[804.806s][info][gc,phases,start] GC(2477) Forward
[804.827s][info][gc,phases      ] GC(2477) Forward 20.683ms
[804.827s][info][gc,phases,start] GC(2477) Adjust Pointers
[805.247s][info][gc,phases      ] GC(2477) Adjust Pointers 420.703ms
[805.247s][info][gc,phases,start] GC(2477) Compaction Phase
[805.408s][info][gc,phases      ] GC(2477) Compaction Phase 160.119ms
[805.408s][info][gc,phases,start] GC(2477) Post Compact
[805.410s][info][gc,phases      ] GC(2477) Post Compact 2.381ms
[805.410s][info][gc,heap        ] GC(2477) PSYoungGen: 111616K(222720K)->55608K(222720K) Eden: 111616K(111616K)->55608K(111616K) From: 0K(111104K)->0K(111104K)
[805.410s][info][gc,heap        ] GC(2477) ParOldGen: 667440K(667648K)->667440K(667648K)
[805.410s][info][gc,metaspace   ] GC(2477) Metaspace: 19082K(19200K)->19082K(19200K) NonClass: 17252K(17344K)->17252K(17344K) Class: 1829K(1856K)->1829K(1856K)
[805.410s][info][gc             ] GC(2477) Pause Full (Allocation Failure) 760M->706M(869M) 1178.389ms
[805.410s][info][gc,cpu         ] GC(2477) User=2.29s Sys=0.00s Real=1.18s
[805.512s][info][gc,start       ] GC(2478) Pause Full (Allocation Failure)
[805.512s][info][gc,phases,start] GC(2478) Marking Phase
[806.150s][info][gc,phases      ] GC(2478) Marking Phase 637.952ms
[806.150s][info][gc,phases,start] GC(2478) Summary Phase
[806.150s][info][gc,phases      ] GC(2478) Summary Phase 0.051ms
[806.150s][info][gc,phases,start] GC(2478) Forward
[806.174s][info][gc,phases      ] GC(2478) Forward 23.600ms
[806.174s][info][gc,phases,start] GC(2478) Adjust Pointers
[806.627s][info][gc,phases      ] GC(2478) Adjust Pointers 452.705ms
[806.627s][info][gc,phases,start] GC(2478) Compaction Phase
[806.790s][info][gc,phases      ] GC(2478) Compaction Phase 163.294ms
[806.790s][info][gc,phases,start] GC(2478) Post Compact
[806.793s][info][gc,phases      ] GC(2478) Post Compact 2.334ms
[806.793s][info][gc,heap        ] GC(2478) PSYoungGen: 111616K(222720K)->63583K(222720K) Eden: 111616K(111616K)->63583K(111616K) From: 0K(111104K)->0K(111104K)
[806.793s][info][gc,heap        ] GC(2478) ParOldGen: 667440K(667648K)->667440K(667648K)
[806.793s][info][gc,metaspace   ] GC(2478) Metaspace: 19082K(19200K)->19082K(19200K) NonClass: 17252K(17344K)->17252K(17344K) Class: 1829K(1856K)->1829K(1856K)
[806.793s][info][gc             ] GC(2478) Pause Full (Allocation Failure) 760M->713M(869M) 1280.472ms
[806.793s][info][gc,cpu         ] GC(2478) User=2.50s Sys=0.00s Real=1.28s
[806.835s][info][gc,start       ] GC(2479) Pause Full (Allocation Failure)
[806.835s][info][gc,phases,start] GC(2479) Marking Phase
[807.436s][info][gc,phases      ] GC(2479) Marking Phase 600.694ms
[807.436s][info][gc,phases,start] GC(2479) Summary Phase
[807.436s][info][gc,phases      ] GC(2479) Summary Phase 0.027ms
[807.436s][info][gc,phases,start] GC(2479) Forward
[807.460s][info][gc,phases      ] GC(2479) Forward 23.828ms
[807.460s][info][gc,phases,start] GC(2479) Adjust Pointers
[807.874s][info][gc,phases      ] GC(2479) Adjust Pointers 414.439ms
[807.875s][info][gc,phases,start] GC(2479) Compaction Phase
[808.033s][info][gc,phases      ] GC(2479) Compaction Phase 158.625ms
[808.033s][info][gc,phases,start] GC(2479) Post Compact
[808.036s][info][gc,phases      ] GC(2479) Post Compact 2.347ms
[808.036s][info][gc,heap        ] GC(2479) PSYoungGen: 111616K(222720K)->69244K(222720K) Eden: 111616K(111616K)->69244K(111616K) From: 0K(111104K)->0K(111104K)
[808.036s][info][gc,heap        ] GC(2479) ParOldGen: 667440K(667648K)->667440K(667648K)
[808.036s][info][gc,metaspace   ] GC(2479) Metaspace: 19082K(19200K)->19082K(19200K) NonClass: 17252K(17344K)->17252K(17344K) Class: 1829K(1856K)->1829K(1856K)
[808.036s][info][gc             ] GC(2479) Pause Full (Allocation Failure) 760M->719M(869M) 1200.451ms
[808.036s][info][gc,cpu         ] GC(2479) User=2.34s Sys=0.00s Real=1.20s
[808.109s][info][gc,start       ] GC(2480) Pause Full (Allocation Failure)
[808.109s][info][gc,phases,start] GC(2480) Marking Phase
[808.811s][info][gc,phases      ] GC(2480) Marking Phase 701.592ms
[808.811s][info][gc,phases,start] GC(2480) Summary Phase
[808.811s][info][gc,phases      ] GC(2480) Summary Phase 0.050ms
[808.811s][info][gc,phases,start] GC(2480) Forward
[808.836s][info][gc,phases      ] GC(2480) Forward 25.738ms
[808.836s][info][gc,phases,start] GC(2480) Adjust Pointers
[809.267s][info][gc,phases      ] GC(2480) Adjust Pointers 430.238ms
[809.267s][info][gc,phases,start] GC(2480) Compaction Phase
[809.423s][info][gc,phases      ] GC(2480) Compaction Phase 156.633ms
[809.424s][info][gc,phases,start] GC(2480) Post Compact
[809.426s][info][gc,phases      ] GC(2480) Post Compact 2.276ms
[809.426s][info][gc,heap        ] GC(2480) PSYoungGen: 111616K(222720K)->76022K(222720K) Eden: 111616K(111616K)->76022K(111616K) From: 0K(111104K)->0K(111104K)
[809.426s][info][gc,heap        ] GC(2480) ParOldGen: 667440K(667648K)->667440K(667648K)
[809.426s][info][gc,metaspace   ] GC(2480) Metaspace: 19082K(19200K)->19082K(19200K) NonClass: 17252K(17344K)->17252K(17344K) Class: 1829K(1856K)->1829K(1856K)
[809.426s][info][gc             ] GC(2480) Pause Full (Allocation Failure) 760M->726M(869M) 1317.083ms
[809.426s][info][gc,cpu         ] GC(2480) User=2.56s Sys=0.00s Real=1.32s
[809.482s][info][gc,start       ] GC(2481) Pause Full (Allocation Failure)
[809.482s][info][gc,phases,start] GC(2481) Marking Phase
[810.113s][info][gc,phases      ] GC(2481) Marking Phase 631.143ms
[810.113s][info][gc,phases,start] GC(2481) Summary Phase
[810.113s][info][gc,phases      ] GC(2481) Summary Phase 0.027ms
[810.113s][info][gc,phases,start] GC(2481) Forward
[810.137s][info][gc,phases      ] GC(2481) Forward 24.057ms
[810.137s][info][gc,phases,start] GC(2481) Adjust Pointers
[810.597s][info][gc,phases      ] GC(2481) Adjust Pointers 459.862ms
[810.597s][info][gc,phases,start] GC(2481) Compaction Phase
[810.763s][info][gc,phases      ] GC(2481) Compaction Phase 166.028ms
[810.764s][info][gc,phases,start] GC(2481) Post Compact
[810.766s][info][gc,phases      ] GC(2481) Post Compact 2.275ms
[810.766s][info][gc,heap        ] GC(2481) PSYoungGen: 111616K(222720K)->77928K(222720K) Eden: 111616K(111616K)->77928K(111616K) From: 0K(111104K)->0K(111104K)
[810.766s][info][gc,heap        ] GC(2481) ParOldGen: 667440K(667648K)->667440K(667648K)
[810.766s][info][gc,metaspace   ] GC(2481) Metaspace: 19082K(19200K)->19082K(19200K) NonClass: 17252K(17344K)->17252K(17344K) Class: 1829K(1856K)->1829K(1856K)
[810.766s][info][gc             ] GC(2481) Pause Full (Allocation Failure) 760M->727M(869M) 1283.931ms
[810.766s][info][gc,cpu         ] GC(2481) User=2.51s Sys=0.00s Real=1.29s
[810.801s][info][gc,start       ] GC(2482) Pause Full (Allocation Failure)
[810.801s][info][gc,phases,start] GC(2482) Marking Phase
[811.459s][info][gc,phases      ] GC(2482) Marking Phase 657.997ms
[811.459s][info][gc,phases,start] GC(2482) Summary Phase
[811.459s][info][gc,phases      ] GC(2482) Summary Phase 0.028ms
[811.459s][info][gc,phases,start] GC(2482) Forward
[811.483s][info][gc,phases      ] GC(2482) Forward 24.174ms
[811.483s][info][gc,phases,start] GC(2482) Adjust Pointers
[811.957s][info][gc,phases      ] GC(2482) Adjust Pointers 473.946ms
[811.957s][info][gc,phases,start] GC(2482) Compaction Phase
[812.132s][info][gc,phases      ] GC(2482) Compaction Phase 174.167ms
[812.132s][info][gc,phases,start] GC(2482) Post Compact
[812.134s][info][gc,phases      ] GC(2482) Post Compact 2.450ms
[812.134s][info][gc,heap        ] GC(2482) PSYoungGen: 111616K(222720K)->81248K(222720K) Eden: 111616K(111616K)->81248K(111616K) From: 0K(111104K)->0K(111104K)
[812.134s][info][gc,heap        ] GC(2482) ParOldGen: 667440K(667648K)->667440K(667648K)
[812.134s][info][gc,metaspace   ] GC(2482) Metaspace: 19082K(19200K)->19082K(19200K) NonClass: 17252K(17344K)->17252K(17344K) Class: 1829K(1856K)->1829K(1856K)
[812.134s][info][gc             ] GC(2482) Pause Full (Allocation Failure) 760M->731M(869M) 1333.348ms
[812.134s][info][gc,cpu         ] GC(2482) User=2.61s Sys=0.00s Real=1.34s
[812.191s][info][gc,start       ] GC(2483) Pause Full (Allocation Failure)
[812.191s][info][gc,phases,start] GC(2483) Marking Phase
[812.800s][info][gc,phases      ] GC(2483) Marking Phase 608.853ms
[812.800s][info][gc,phases,start] GC(2483) Summary Phase
[812.800s][info][gc,phases      ] GC(2483) Summary Phase 0.026ms
[812.800s][info][gc,phases,start] GC(2483) Forward
[812.824s][info][gc,phases      ] GC(2483) Forward 23.786ms
[812.824s][info][gc,phases,start] GC(2483) Adjust Pointers
[813.229s][info][gc,phases      ] GC(2483) Adjust Pointers 405.626ms
[813.229s][info][gc,phases,start] GC(2483) Compaction Phase
[813.395s][info][gc,phases      ] GC(2483) Compaction Phase 166.032ms
[813.396s][info][gc,phases,start] GC(2483) Post Compact
[813.398s][info][gc,phases      ] GC(2483) Post Compact 2.366ms
[813.398s][info][gc,heap        ] GC(2483) PSYoungGen: 111616K(222720K)->81309K(222720K) Eden: 111616K(111616K)->81309K(111616K) From: 0K(111104K)->0K(111104K)
[813.398s][info][gc,heap        ] GC(2483) ParOldGen: 667440K(667648K)->667440K(667648K)
[813.398s][info][gc,metaspace   ] GC(2483) Metaspace: 19082K(19200K)->19082K(19200K) NonClass: 17252K(17344K)->17252K(17344K) Class: 1829K(1856K)->1829K(1856K)
[813.398s][info][gc             ] GC(2483) Pause Full (Allocation Failure) 760M->731M(869M) 1207.224ms
[813.398s][info][gc,cpu         ] GC(2483) User=2.35s Sys=0.00s Real=1.21s
[813.438s][info][gc,start       ] GC(2484) Pause Full (Allocation Failure)
[813.438s][info][gc,phases,start] GC(2484) Marking Phase
[814.075s][info][gc,phases      ] GC(2484) Marking Phase 637.288ms
[814.075s][info][gc,phases,start] GC(2484) Summary Phase
[814.075s][info][gc,phases      ] GC(2484) Summary Phase 0.026ms
[814.075s][info][gc,phases,start] GC(2484) Forward
[814.099s][info][gc,phases      ] GC(2484) Forward 23.812ms
[814.099s][info][gc,phases,start] GC(2484) Adjust Pointers
[814.506s][info][gc,phases      ] GC(2484) Adjust Pointers 407.073ms
[814.506s][info][gc,phases,start] GC(2484) Compaction Phase
[814.667s][info][gc,phases      ] GC(2484) Compaction Phase 160.384ms
[814.667s][info][gc,phases,start] GC(2484) Post Compact
[814.669s][info][gc,phases      ] GC(2484) Post Compact 2.420ms
[814.669s][info][gc,heap        ] GC(2484) PSYoungGen: 111616K(222720K)->81379K(222720K) Eden: 111616K(111616K)->81379K(111616K) From: 0K(111104K)->0K(111104K)
[814.669s][info][gc,heap        ] GC(2484) ParOldGen: 667440K(667648K)->667440K(667648K)
[814.669s][info][gc,metaspace   ] GC(2484) Metaspace: 19082K(19200K)->19082K(19200K) NonClass: 17252K(17344K)->17252K(17344K) Class: 1829K(1856K)->1829K(1856K)
[814.669s][info][gc             ] GC(2484) Pause Full (Allocation Failure) 760M->731M(869M) 1231.509ms
[814.669s][info][gc,cpu         ] GC(2484) User=2.41s Sys=0.01s Real=1.23s
[814.718s][info][gc,start       ] GC(2485) Pause Full (Allocation Failure)
[814.718s][info][gc,phases,start] GC(2485) Marking Phase
[815.382s][info][gc,phases      ] GC(2485) Marking Phase 663.816ms
[815.382s][info][gc,phases,start] GC(2485) Summary Phase
[815.382s][info][gc,phases      ] GC(2485) Summary Phase 0.029ms
[815.382s][info][gc,phases,start] GC(2485) Forward
[815.406s][info][gc,phases      ] GC(2485) Forward 23.636ms
[815.406s][info][gc,phases,start] GC(2485) Adjust Pointers
[815.846s][info][gc,phases      ] GC(2485) Adjust Pointers 439.878ms
[815.846s][info][gc,phases,start] GC(2485) Compaction Phase
[816.014s][info][gc,phases      ] GC(2485) Compaction Phase 167.744ms
[816.014s][info][gc,phases,start] GC(2485) Post Compact
[816.016s][info][gc,phases      ] GC(2485) Post Compact 2.305ms
[816.016s][info][gc,heap        ] GC(2485) PSYoungGen: 111616K(222720K)->81909K(222720K) Eden: 111616K(111616K)->81909K(111616K) From: 0K(111104K)->0K(111104K)
[816.016s][info][gc,heap        ] GC(2485) ParOldGen: 667440K(667648K)->667440K(667648K)
[816.016s][info][gc,metaspace   ] GC(2485) Metaspace: 19082K(19200K)->19082K(19200K) NonClass: 17252K(17344K)->17252K(17344K) Class: 1829K(1856K)->1829K(1856K)
[816.016s][info][gc             ] GC(2485) Pause Full (Allocation Failure) 760M->731M(869M) 1297.896ms
[816.016s][info][gc,cpu         ] GC(2485) User=2.53s Sys=0.00s Real=1.30s
[816.045s][info][gc,start       ] GC(2486) Pause Full (Allocation Failure)
[816.046s][info][gc,phases,start] GC(2486) Marking Phase
[816.706s][info][gc,phases      ] GC(2486) Marking Phase 660.829ms
[816.706s][info][gc,phases,start] GC(2486) Summary Phase
[816.706s][info][gc,phases      ] GC(2486) Summary Phase 0.027ms
[816.706s][info][gc,phases,start] GC(2486) Forward
[816.731s][info][gc,phases      ] GC(2486) Forward 24.043ms
[816.731s][info][gc,phases,start] GC(2486) Adjust Pointers
[817.173s][info][gc,phases      ] GC(2486) Adjust Pointers 442.496ms
[817.173s][info][gc,phases,start] GC(2486) Compaction Phase
[817.331s][info][gc,phases      ] GC(2486) Compaction Phase 157.886ms
[817.331s][info][gc,phases,start] GC(2486) Post Compact
[817.333s][info][gc,phases      ] GC(2486) Post Compact 2.293ms
[817.334s][info][gc,heap        ] GC(2486) PSYoungGen: 111616K(222720K)->83826K(222720K) Eden: 111616K(111616K)->83826K(111616K) From: 0K(111104K)->0K(111104K)
[817.334s][info][gc,heap        ] GC(2486) ParOldGen: 667440K(667648K)->667440K(667648K)
[817.334s][info][gc,metaspace   ] GC(2486) Metaspace: 19082K(19200K)->19082K(19200K) NonClass: 17252K(17344K)->17252K(17344K) Class: 1829K(1856K)->1829K(1856K)
[817.334s][info][gc             ] GC(2486) Pause Full (Allocation Failure) 760M->733M(869M) 1288.067ms
[817.334s][info][gc,cpu         ] GC(2486) User=2.51s Sys=0.00s Real=1.29s
[817.363s][info][gc,start       ] GC(2487) Pause Full (Allocation Failure)
[817.363s][info][gc,phases,start] GC(2487) Marking Phase
[817.986s][info][gc,phases      ] GC(2487) Marking Phase 622.901ms
[817.986s][info][gc,phases,start] GC(2487) Summary Phase
[817.986s][info][gc,phases      ] GC(2487) Summary Phase 0.027ms
[817.986s][info][gc,phases,start] GC(2487) Forward
[818.010s][info][gc,phases      ] GC(2487) Forward 23.569ms
[818.010s][info][gc,phases,start] GC(2487) Adjust Pointers
[818.428s][info][gc,phases      ] GC(2487) Adjust Pointers 418.396ms
[818.428s][info][gc,phases,start] GC(2487) Compaction Phase
[818.586s][info][gc,phases      ] GC(2487) Compaction Phase 158.275ms
[818.586s][info][gc,phases,start] GC(2487) Post Compact
[818.589s][info][gc,phases      ] GC(2487) Post Compact 2.300ms
[818.589s][info][gc,heap        ] GC(2487) PSYoungGen: 111616K(222720K)->83824K(222720K) Eden: 111616K(111616K)->83824K(111616K) From: 0K(111104K)->0K(111104K)
[818.589s][info][gc,heap        ] GC(2487) ParOldGen: 667440K(667648K)->667440K(667648K)
[818.589s][info][gc,metaspace   ] GC(2487) Metaspace: 19082K(19200K)->19082K(19200K) NonClass: 17252K(17344K)->17252K(17344K) Class: 1829K(1856K)->1829K(1856K)
[818.589s][info][gc             ] GC(2487) Pause Full (Allocation Failure) 760M->733M(869M) 1225.998ms
[818.589s][info][gc,cpu         ] GC(2487) User=2.39s Sys=0.00s Real=1.22s
[818.619s][info][gc,start       ] GC(2488) Pause Full (Allocation Failure)
[818.619s][info][gc,phases,start] GC(2488) Marking Phase
[819.244s][info][gc,phases      ] GC(2488) Marking Phase 625.634ms
[819.245s][info][gc,phases,start] GC(2488) Summary Phase
[819.245s][info][gc,phases      ] GC(2488) Summary Phase 0.026ms
[819.245s][info][gc,phases,start] GC(2488) Forward
[819.268s][info][gc,phases      ] GC(2488) Forward 23.846ms
[819.268s][info][gc,phases,start] GC(2488) Adjust Pointers
[819.672s][info][gc,phases      ] GC(2488) Adjust Pointers 403.291ms
[819.672s][info][gc,phases,start] GC(2488) Compaction Phase
[819.829s][info][gc,phases      ] GC(2488) Compaction Phase 157.266ms
[819.829s][info][gc,phases,start] GC(2488) Post Compact
[819.832s][info][gc,phases      ] GC(2488) Post Compact 2.323ms
[819.832s][info][gc,heap        ] GC(2488) PSYoungGen: 111616K(222720K)->83827K(222720K) Eden: 111616K(111616K)->83827K(111616K) From: 0K(111104K)->0K(111104K)
[819.832s][info][gc,heap        ] GC(2488) ParOldGen: 667440K(667648K)->667440K(667648K)
[819.832s][info][gc,metaspace   ] GC(2488) Metaspace: 19082K(19200K)->19082K(19200K) NonClass: 17252K(17344K)->17252K(17344K) Class: 1829K(1856K)->1829K(1856K)
[819.832s][info][gc             ] GC(2488) Pause Full (Allocation Failure) 760M->733M(869M) 1212.907ms
[819.832s][info][gc,cpu         ] GC(2488) User=2.37s Sys=0.00s Real=1.21s
[819.859s][info][gc,start       ] GC(2489) Pause Full (Allocation Failure)
[819.859s][info][gc,phases,start] GC(2489) Marking Phase
[820.476s][info][gc,phases      ] GC(2489) Marking Phase 617.050ms
[820.477s][info][gc,phases,start] GC(2489) Summary Phase
[820.477s][info][gc,phases      ] GC(2489) Summary Phase 0.029ms
[820.477s][info][gc,phases,start] GC(2489) Forward
[820.501s][info][gc,phases      ] GC(2489) Forward 24.095ms
[820.501s][info][gc,phases,start] GC(2489) Adjust Pointers
[820.901s][info][gc,phases      ] GC(2489) Adjust Pointers 400.172ms
[820.901s][info][gc,phases,start] GC(2489) Compaction Phase
[821.060s][info][gc,phases      ] GC(2489) Compaction Phase 158.701ms
[821.060s][info][gc,phases,start] GC(2489) Post Compact
[821.062s][info][gc,phases      ] GC(2489) Post Compact 2.353ms
[821.062s][info][gc,heap        ] GC(2489) PSYoungGen: 111616K(222720K)->84175K(222720K) Eden: 111616K(111616K)->84175K(111616K) From: 0K(111104K)->0K(111104K)
[821.062s][info][gc,heap        ] GC(2489) ParOldGen: 667440K(667648K)->667440K(667648K)
[821.062s][info][gc,metaspace   ] GC(2489) Metaspace: 19082K(19200K)->19082K(19200K) NonClass: 17252K(17344K)->17252K(17344K) Class: 1829K(1856K)->1829K(1856K)
[821.062s][info][gc             ] GC(2489) Pause Full (Allocation Failure) 760M->734M(869M) 1202.887ms
[821.062s][info][gc,cpu         ] GC(2489) User=2.35s Sys=0.00s Real=1.21s
[821.103s][info][gc,start       ] GC(2490) Pause Full (Allocation Failure)
[821.103s][info][gc,phases,start] GC(2490) Marking Phase
[821.922s][info][gc,phases      ] GC(2490) Marking Phase 819.385ms
[821.922s][info][gc,phases,start] GC(2490) Summary Phase
[821.922s][info][gc,phases      ] GC(2490) Summary Phase 0.029ms
[821.922s][info][gc,phases,start] GC(2490) Forward
[821.946s][info][gc,phases      ] GC(2490) Forward 24.018ms
[821.946s][info][gc,phases,start] GC(2490) Adjust Pointers
[822.373s][info][gc,phases      ] GC(2490) Adjust Pointers 426.484ms
[822.373s][info][gc,phases,start] GC(2490) Compaction Phase
[822.538s][info][gc,phases      ] GC(2490) Compaction Phase 165.151ms
[822.538s][info][gc,phases,start] GC(2490) Post Compact
[822.541s][info][gc,phases      ] GC(2490) Post Compact 2.357ms
[822.541s][info][gc,heap        ] GC(2490) PSYoungGen: 111616K(222720K)->84665K(222720K) Eden: 111616K(111616K)->84665K(111616K) From: 0K(111104K)->0K(111104K)
[822.541s][info][gc,heap        ] GC(2490) ParOldGen: 667440K(667648K)->667440K(667648K)
[822.541s][info][gc,metaspace   ] GC(2490) Metaspace: 19082K(19200K)->19082K(19200K) NonClass: 17252K(17344K)->17252K(17344K) Class: 1829K(1856K)->1829K(1856K)
[822.541s][info][gc             ] GC(2490) Pause Full (Allocation Failure) 760M->734M(869M) 1438.118ms
[822.541s][info][gc,cpu         ] GC(2490) User=2.81s Sys=0.00s Real=1.43s
[822.577s][info][gc,start       ] GC(2491) Pause Full (Allocation Failure)
[822.577s][info][gc,phases,start] GC(2491) Marking Phase
[823.236s][info][gc,phases      ] GC(2491) Marking Phase 658.646ms
[823.236s][info][gc,phases,start] GC(2491) Summary Phase
[823.236s][info][gc,phases      ] GC(2491) Summary Phase 0.027ms
[823.236s][info][gc,phases,start] GC(2491) Forward
[823.259s][info][gc,phases      ] GC(2491) Forward 23.622ms
[823.259s][info][gc,phases,start] GC(2491) Adjust Pointers
[823.708s][info][gc,phases      ] GC(2491) Adjust Pointers 449.068ms
[823.709s][info][gc,phases,start] GC(2491) Compaction Phase
[823.871s][info][gc,phases      ] GC(2491) Compaction Phase 162.931ms
[823.872s][info][gc,phases,start] GC(2491) Post Compact
[823.874s][info][gc,phases      ] GC(2491) Post Compact 2.331ms
[823.874s][info][gc,heap        ] GC(2491) PSYoungGen: 111616K(222720K)->84331K(222720K) Eden: 111616K(111616K)->84331K(111616K) From: 0K(111104K)->0K(111104K)
[823.874s][info][gc,heap        ] GC(2491) ParOldGen: 667440K(667648K)->667440K(667648K)
[823.874s][info][gc,metaspace   ] GC(2491) Metaspace: 19082K(19200K)->19082K(19200K) NonClass: 17252K(17344K)->17252K(17344K) Class: 1829K(1856K)->1829K(1856K)
[823.874s][info][gc             ] GC(2491) Pause Full (Allocation Failure) 760M->734M(869M) 1297.142ms
[823.874s][info][gc,cpu         ] GC(2491) User=2.54s Sys=0.01s Real=1.30s
[823.937s][info][gc,start       ] GC(2492) Pause Full (Allocation Failure)
[823.937s][info][gc,phases,start] GC(2492) Marking Phase
[824.557s][info][gc,phases      ] GC(2492) Marking Phase 619.989ms
[824.557s][info][gc,phases,start] GC(2492) Summary Phase
[824.557s][info][gc,phases      ] GC(2492) Summary Phase 0.027ms
[824.557s][info][gc,phases,start] GC(2492) Forward
[824.581s][info][gc,phases      ] GC(2492) Forward 23.577ms
[824.581s][info][gc,phases,start] GC(2492) Adjust Pointers
[824.982s][info][gc,phases      ] GC(2492) Adjust Pointers 401.419ms
[824.982s][info][gc,phases,start] GC(2492) Compaction Phase
[825.141s][info][gc,phases      ] GC(2492) Compaction Phase 158.651ms
[825.141s][info][gc,phases,start] GC(2492) Post Compact
[825.143s][info][gc,phases      ] GC(2492) Post Compact 2.304ms
[825.144s][info][gc,heap        ] GC(2492) PSYoungGen: 111616K(222720K)->86728K(222720K) Eden: 111616K(111616K)->86728K(111616K) From: 0K(111104K)->0K(111104K)
[825.144s][info][gc,heap        ] GC(2492) ParOldGen: 667440K(667648K)->667440K(667648K)
[825.144s][info][gc,metaspace   ] GC(2492) Metaspace: 19082K(19200K)->19082K(19200K) NonClass: 17252K(17344K)->17252K(17344K) Class: 1829K(1856K)->1829K(1856K)
[825.144s][info][gc             ] GC(2492) Pause Full (Allocation Failure) 760M->736M(869M) 1206.452ms
[825.144s][info][gc,cpu         ] GC(2492) User=2.36s Sys=0.00s Real=1.21s
[825.180s][info][gc,start       ] GC(2493) Pause Full (Allocation Failure)
[825.180s][info][gc,phases,start] GC(2493) Marking Phase
[825.809s][info][gc,phases      ] GC(2493) Marking Phase 629.182ms
[825.809s][info][gc,phases,start] GC(2493) Summary Phase
[825.809s][info][gc,phases      ] GC(2493) Summary Phase 0.049ms
[825.809s][info][gc,phases,start] GC(2493) Forward
[825.834s][info][gc,phases      ] GC(2493) Forward 24.486ms
[825.834s][info][gc,phases,start] GC(2493) Adjust Pointers
[826.278s][info][gc,phases      ] GC(2493) Adjust Pointers 444.279ms
[826.278s][info][gc,phases,start] GC(2493) Compaction Phase
[826.436s][info][gc,phases      ] GC(2493) Compaction Phase 157.661ms
[826.436s][info][gc,phases,start] GC(2493) Post Compact
[826.438s][info][gc,phases      ] GC(2493) Post Compact 2.280ms
[826.438s][info][gc,heap        ] GC(2493) PSYoungGen: 111616K(222720K)->86992K(222720K) Eden: 111616K(111616K)->86992K(111616K) From: 0K(111104K)->0K(111104K)
[826.438s][info][gc,heap        ] GC(2493) ParOldGen: 667440K(667648K)->667440K(667648K)
[826.438s][info][gc,metaspace   ] GC(2493) Metaspace: 19083K(19200K)->19083K(19200K) NonClass: 17253K(17344K)->17253K(17344K) Class: 1829K(1856K)->1829K(1856K)
[826.438s][info][gc             ] GC(2493) Pause Full (Allocation Failure) 760M->736M(869M) 1258.478ms
[826.438s][info][gc,cpu         ] GC(2493) User=2.45s Sys=0.01s Real=1.26s
[826.459s][info][gc,start       ] GC(2494) Pause Full (Allocation Failure)
[826.459s][info][gc,phases,start] GC(2494) Marking Phase
[827.057s][info][gc,phases      ] GC(2494) Marking Phase 597.356ms
[827.057s][info][gc,phases,start] GC(2494) Summary Phase
[827.057s][info][gc,phases      ] GC(2494) Summary Phase 0.026ms
[827.057s][info][gc,phases,start] GC(2494) Forward
[827.081s][info][gc,phases      ] GC(2494) Forward 23.611ms
[827.081s][info][gc,phases,start] GC(2494) Adjust Pointers
[827.510s][info][gc,phases      ] GC(2494) Adjust Pointers 429.400ms
[827.510s][info][gc,phases,start] GC(2494) Compaction Phase
[827.671s][info][gc,phases      ] GC(2494) Compaction Phase 160.602ms
[827.671s][info][gc,phases,start] GC(2494) Post Compact
[827.673s][info][gc,phases      ] GC(2494) Post Compact 2.369ms
[827.673s][info][gc,heap        ] GC(2494) PSYoungGen: 111616K(222720K)->86991K(222720K) Eden: 111616K(111616K)->86991K(111616K) From: 0K(111104K)->0K(111104K)
[827.673s][info][gc,heap        ] GC(2494) ParOldGen: 667440K(667648K)->667440K(667648K)
[827.673s][info][gc,metaspace   ] GC(2494) Metaspace: 19083K(19200K)->19083K(19200K) NonClass: 17253K(17344K)->17253K(17344K) Class: 1829K(1856K)->1829K(1856K)
[827.673s][info][gc             ] GC(2494) Pause Full (Allocation Failure) 760M->736M(869M) 1213.826ms
[827.673s][info][gc,cpu         ] GC(2494) User=2.37s Sys=0.00s Real=1.22s
[827.699s][info][gc,start       ] GC(2495) Pause Full (Allocation Failure)
[827.699s][info][gc,phases,start] GC(2495) Marking Phase
[828.298s][info][gc,phases      ] GC(2495) Marking Phase 599.066ms
[828.298s][info][gc,phases,start] GC(2495) Summary Phase
[828.298s][info][gc,phases      ] GC(2495) Summary Phase 0.039ms
[828.298s][info][gc,phases,start] GC(2495) Forward
[828.322s][info][gc,phases      ] GC(2495) Forward 23.590ms
[828.322s][info][gc,phases,start] GC(2495) Adjust Pointers
[828.722s][info][gc,phases      ] GC(2495) Adjust Pointers 399.922ms
[828.722s][info][gc,phases,start] GC(2495) Compaction Phase
[828.882s][info][gc,phases      ] GC(2495) Compaction Phase 160.329ms
[828.882s][info][gc,phases,start] GC(2495) Post Compact
[828.884s][info][gc,phases      ] GC(2495) Post Compact 2.328ms
[828.885s][info][gc,heap        ] GC(2495) PSYoungGen: 111616K(222720K)->87073K(222720K) Eden: 111616K(111616K)->87073K(111616K) From: 0K(111104K)->0K(111104K)
[828.885s][info][gc,heap        ] GC(2495) ParOldGen: 667440K(667648K)->667440K(667648K)
[828.885s][info][gc,metaspace   ] GC(2495) Metaspace: 19083K(19200K)->19083K(19200K) NonClass: 17253K(17344K)->17253K(17344K) Class: 1829K(1856K)->1829K(1856K)
[828.885s][info][gc             ] GC(2495) Pause Full (Allocation Failure) 760M->736M(869M) 1185.731ms
[828.885s][info][gc,cpu         ] GC(2495) User=2.32s Sys=0.00s Real=1.19s
[828.931s][info][gc,start       ] GC(2496) Pause Full (Allocation Failure)
[828.931s][info][gc,phases,start] GC(2496) Marking Phase
[829.548s][info][gc,phases      ] GC(2496) Marking Phase 616.861ms
[829.548s][info][gc,phases,start] GC(2496) Summary Phase
[829.548s][info][gc,phases      ] GC(2496) Summary Phase 0.029ms
[829.548s][info][gc,phases,start] GC(2496) Forward
[829.670s][info][gc,phases      ] GC(2496) Forward 121.760ms
[829.670s][info][gc,phases,start] GC(2496) Adjust Pointers
[830.120s][info][gc,phases      ] GC(2496) Adjust Pointers 449.460ms
[830.120s][info][gc,phases,start] GC(2496) Compaction Phase
[830.306s][info][gc,phases      ] GC(2496) Compaction Phase 186.064ms
[830.319s][info][gc,phases,start] GC(2496) Post Compact
[830.321s][info][gc,phases      ] GC(2496) Post Compact 2.361ms
[830.321s][info][gc,heap        ] GC(2496) PSYoungGen: 111616K(222720K)->87067K(222720K) Eden: 111616K(111616K)->87067K(111616K) From: 0K(111104K)->0K(111104K)
[830.321s][info][gc,heap        ] GC(2496) ParOldGen: 667440K(667648K)->667440K(667648K)
[830.321s][info][gc,metaspace   ] GC(2496) Metaspace: 19083K(19200K)->19083K(19200K) NonClass: 17253K(17344K)->17253K(17344K) Class: 1829K(1856K)->1829K(1856K)
[830.321s][info][gc             ] GC(2496) Pause Full (Allocation Failure) 760M->736M(869M) 1389.754ms
[830.321s][info][gc,cpu         ] GC(2496) User=2.71s Sys=0.00s Real=1.39s
[830.340s][info][gc,start       ] GC(2497) Pause Full (Allocation Failure)
[830.340s][info][gc,phases,start] GC(2497) Marking Phase
[830.957s][info][gc,phases      ] GC(2497) Marking Phase 616.834ms
[830.957s][info][gc,phases,start] GC(2497) Summary Phase
[830.957s][info][gc,phases      ] GC(2497) Summary Phase 0.054ms
[830.957s][info][gc,phases,start] GC(2497) Forward
[831.128s][info][gc,phases      ] GC(2497) Forward 170.904ms
[831.128s][info][gc,phases,start] GC(2497) Adjust Pointers
[831.628s][info][gc,phases      ] GC(2497) Adjust Pointers 500.222ms
[831.628s][info][gc,phases,start] GC(2497) Compaction Phase
[831.837s][info][gc,phases      ] GC(2497) Compaction Phase 208.636ms
[831.853s][info][gc,phases,start] GC(2497) Post Compact
[831.856s][info][gc,phases      ] GC(2497) Post Compact 2.378ms
[831.856s][info][gc,heap        ] GC(2497) PSYoungGen: 111616K(222720K)->87068K(222720K) Eden: 111616K(111616K)->87068K(111616K) From: 0K(111104K)->0K(111104K)
[831.856s][info][gc,heap        ] GC(2497) ParOldGen: 667440K(667648K)->667440K(667648K)
[831.856s][info][gc,metaspace   ] GC(2497) Metaspace: 19083K(19200K)->19083K(19200K) NonClass: 17253K(17344K)->17253K(17344K) Class: 1829K(1856K)->1829K(1856K)
[831.856s][info][gc             ] GC(2497) Pause Full (Allocation Failure) 760M->736M(869M) 1515.820ms
[831.856s][info][gc,cpu         ] GC(2497) User=2.94s Sys=0.02s Real=1.52s
[831.872s][info][gc,start       ] GC(2498) Pause Full (Allocation Failure)
[831.873s][info][gc,phases,start] GC(2498) Marking Phase
[832.554s][info][gc,phases      ] GC(2498) Marking Phase 681.697ms
[832.554s][info][gc,phases,start] GC(2498) Summary Phase
[832.554s][info][gc,phases      ] GC(2498) Summary Phase 0.044ms
[832.554s][info][gc,phases,start] GC(2498) Forward
[832.581s][info][gc,phases      ] GC(2498) Forward 26.585ms
[832.581s][info][gc,phases,start] GC(2498) Adjust Pointers
[833.025s][info][gc,phases      ] GC(2498) Adjust Pointers 444.069ms
[833.025s][info][gc,phases,start] GC(2498) Compaction Phase
[833.184s][info][gc,phases      ] GC(2498) Compaction Phase 158.865ms
[833.184s][info][gc,phases,start] GC(2498) Post Compact
[833.186s][info][gc,phases      ] GC(2498) Post Compact 2.294ms
[833.186s][info][gc,heap        ] GC(2498) PSYoungGen: 111616K(222720K)->87068K(222720K) Eden: 111616K(111616K)->87068K(111616K) From: 0K(111104K)->0K(111104K)
[833.186s][info][gc,heap        ] GC(2498) ParOldGen: 667440K(667648K)->667440K(667648K)
[833.187s][info][gc,metaspace   ] GC(2498) Metaspace: 19083K(19200K)->19083K(19200K) NonClass: 17253K(17344K)->17253K(17344K) Class: 1829K(1856K)->1829K(1856K)
[833.187s][info][gc             ] GC(2498) Pause Full (Allocation Failure) 760M->736M(869M) 1314.079ms
[833.187s][info][gc,cpu         ] GC(2498) User=2.56s Sys=0.00s Real=1.31s
[833.202s][info][gc,start       ] GC(2499) Pause Full (Allocation Failure)
[833.202s][info][gc,phases,start] GC(2499) Marking Phase
[833.834s][info][gc,phases      ] GC(2499) Marking Phase 631.530ms
[833.834s][info][gc,phases,start] GC(2499) Summary Phase
[833.834s][info][gc,phases      ] GC(2499) Summary Phase 0.054ms
[833.834s][info][gc,phases,start] GC(2499) Forward
[833.858s][info][gc,phases      ] GC(2499) Forward 23.701ms
[833.858s][info][gc,phases,start] GC(2499) Adjust Pointers
[834.267s][info][gc,phases      ] GC(2499) Adjust Pointers 409.472ms
[834.267s][info][gc,phases,start] GC(2499) Compaction Phase
[834.433s][info][gc,phases      ] GC(2499) Compaction Phase 165.692ms
[834.433s][info][gc,phases,start] GC(2499) Post Compact
[834.436s][info][gc,phases      ] GC(2499) Post Compact 2.273ms
[834.436s][info][gc,heap        ] GC(2499) PSYoungGen: 111616K(222720K)->87068K(222720K) Eden: 111616K(111616K)->87068K(111616K) From: 0K(111104K)->0K(111104K)
[834.436s][info][gc,heap        ] GC(2499) ParOldGen: 667440K(667648K)->667440K(667648K)
[834.436s][info][gc,metaspace   ] GC(2499) Metaspace: 19083K(19200K)->19083K(19200K) NonClass: 17253K(17344K)->17253K(17344K) Class: 1829K(1856K)->1829K(1856K)
[834.436s][info][gc             ] GC(2499) Pause Full (Allocation Failure) 760M->736M(869M) 1233.181ms
[834.436s][info][gc,cpu         ] GC(2499) User=2.41s Sys=0.00s Real=1.23s
[834.452s][info][gc,start       ] GC(2500) Pause Full (Allocation Failure)
[834.452s][info][gc,phases,start] GC(2500) Marking Phase
[835.085s][info][gc,phases      ] GC(2500) Marking Phase 633.159ms
[835.085s][info][gc,phases,start] GC(2500) Summary Phase
[835.085s][info][gc,phases      ] GC(2500) Summary Phase 0.027ms
[835.085s][info][gc,phases,start] GC(2500) Forward
[835.110s][info][gc,phases      ] GC(2500) Forward 24.561ms
[835.110s][info][gc,phases,start] GC(2500) Adjust Pointers
[835.538s][info][gc,phases      ] GC(2500) Adjust Pointers 427.893ms
[835.538s][info][gc,phases,start] GC(2500) Compaction Phase
[835.700s][info][gc,phases      ] GC(2500) Compaction Phase 162.480ms
[835.701s][info][gc,phases,start] GC(2500) Post Compact
[835.703s][info][gc,phases      ] GC(2500) Post Compact 2.321ms
[835.703s][info][gc,heap        ] GC(2500) PSYoungGen: 111616K(222720K)->87068K(222720K) Eden: 111616K(111616K)->87068K(111616K) From: 0K(111104K)->0K(111104K)
[835.703s][info][gc,heap        ] GC(2500) ParOldGen: 667440K(667648K)->667440K(667648K)
[835.703s][info][gc,metaspace   ] GC(2500) Metaspace: 19083K(19200K)->19083K(19200K) NonClass: 17253K(17344K)->17253K(17344K) Class: 1829K(1856K)->1829K(1856K)
[835.703s][info][gc             ] GC(2500) Pause Full (Allocation Failure) 760M->736M(869M) 1250.918ms
[835.703s][info][gc,cpu         ] GC(2500) User=2.44s Sys=0.00s Real=1.25s
[835.721s][info][gc,start       ] GC(2501) Pause Full (Allocation Failure)
[835.721s][info][gc,phases,start] GC(2501) Marking Phase
[836.242s][info][gc,phases      ] GC(2501) Marking Phase 520.594ms
[836.242s][info][gc,phases,start] GC(2501) Summary Phase
[836.242s][info][gc,phases      ] GC(2501) Summary Phase 0.040ms
[836.242s][info][gc,phases,start] GC(2501) Forward
[836.381s][info][gc,phases      ] GC(2501) Forward 139.462ms
[836.381s][info][gc,phases,start] GC(2501) Adjust Pointers
[836.765s][info][gc,phases      ] GC(2501) Adjust Pointers 384.006ms
[836.765s][info][gc,phases,start] GC(2501) Compaction Phase
[837.007s][info][gc,phases      ] GC(2501) Compaction Phase 241.397ms
[837.017s][info][gc,phases,start] GC(2501) Post Compact
[837.020s][info][gc,phases      ] GC(2501) Post Compact 2.372ms
[837.020s][info][gc,heap        ] GC(2501) PSYoungGen: 111616K(222720K)->0K(222720K) Eden: 111616K(111616K)->0K(111616K) From: 0K(111104K)->0K(111104K)
[837.020s][info][gc,heap        ] GC(2501) ParOldGen: 667440K(667648K)->611930K(667648K)
[837.020s][info][gc,metaspace   ] GC(2501) Metaspace: 19083K(19200K)->19083K(19200K) NonClass: 17253K(17344K)->17253K(17344K) Class: 1829K(1856K)->1829K(1856K)
[837.020s][info][gc             ] GC(2501) Pause Full (Allocation Failure) 760M->597M(869M) 1298.658ms
[837.020s][info][gc,cpu         ] GC(2501) User=2.47s Sys=0.01s Real=1.30s
[837.139s][info][gc,start       ] GC(2502) Pause Young (Allocation Failure)
[837.145s][info][gc,heap        ] GC(2502) PSYoungGen: 111616K(222720K)->2784K(222720K) Eden: 111616K(111616K)->0K(111616K) From: 0K(111104K)->2784K(111104K)
[837.145s][info][gc,heap        ] GC(2502) ParOldGen: 611930K(667648K)->611930K(667648K)
[837.145s][info][gc,metaspace   ] GC(2502) Metaspace: 19083K(19200K)->19083K(19200K) NonClass: 17253K(17344K)->17253K(17344K) Class: 1829K(1856K)->1829K(1856K)
[837.145s][info][gc             ] GC(2502) Pause Young (Allocation Failure) 706M->600M(869M) 6.144ms
[837.145s][info][gc,cpu         ] GC(2502) User=0.02s Sys=0.00s Real=0.01s
[837.367s][info][gc,start       ] GC(2503) Pause Young (Allocation Failure)
[837.384s][info][gc,heap        ] GC(2503) PSYoungGen: 114400K(222720K)->5312K(222720K) Eden: 111616K(111616K)->0K(111616K) From: 2784K(111104K)->5312K(111104K)
[837.384s][info][gc,heap        ] GC(2503) ParOldGen: 611930K(667648K)->614698K(667648K)
[837.384s][info][gc,metaspace   ] GC(2503) Metaspace: 19083K(19200K)->19083K(19200K) NonClass: 17253K(17344K)->17253K(17344K) Class: 1829K(1856K)->1829K(1856K)
[837.384s][info][gc             ] GC(2503) Pause Young (Allocation Failure) 709M->605M(869M) 16.428ms
[837.384s][info][gc,cpu         ] GC(2503) User=0.03s Sys=0.00s Real=0.02s
[837.606s][info][gc,start       ] GC(2504) Pause Young (Allocation Failure)
[837.616s][info][gc,heap        ] GC(2504) PSYoungGen: 116928K(222720K)->160K(222720K) Eden: 111616K(111616K)->0K(111616K) From: 5312K(111104K)->160K(111104K)
[837.616s][info][gc,heap        ] GC(2504) ParOldGen: 614698K(667648K)->619986K(667648K)
[837.616s][info][gc,metaspace   ] GC(2504) Metaspace: 19083K(19200K)->19083K(19200K) NonClass: 17253K(17344K)->17253K(17344K) Class: 1829K(1856K)->1829K(1856K)
[837.616s][info][gc             ] GC(2504) Pause Young (Allocation Failure) 714M->605M(869M) 9.289ms
[837.616s][info][gc,cpu         ] GC(2504) User=0.02s Sys=0.00s Real=0.01s
[837.855s][info][gc,start       ] GC(2505) Pause Young (Allocation Failure)
[837.885s][info][gc,heap        ] GC(2505) PSYoungGen: 111776K(222720K)->22848K(222720K) Eden: 111616K(111616K)->0K(111616K) From: 160K(111104K)->22848K(111104K)
[837.885s][info][gc,heap        ] GC(2505) ParOldGen: 619986K(667648K)->620114K(667648K)
[837.885s][info][gc,metaspace   ] GC(2505) Metaspace: 19083K(19200K)->19083K(19200K) NonClass: 17253K(17344K)->17253K(17344K) Class: 1829K(1856K)->1829K(1856K)
[837.885s][info][gc             ] GC(2505) Pause Young (Allocation Failure) 714M->627M(869M) 29.899ms
[837.885s][info][gc,cpu         ] GC(2505) User=0.06s Sys=0.00s Real=0.03s
[838.063s][info][gc,start       ] GC(2506) Pause Young (Allocation Failure)
[838.091s][info][gc,heap        ] GC(2506) PSYoungGen: 134464K(222720K)->128K(222720K) Eden: 111616K(111616K)->0K(111616K) From: 22848K(111104K)->128K(111104K)
[838.091s][info][gc,heap        ] GC(2506) ParOldGen: 620114K(667648K)->643010K(667648K)
[838.091s][info][gc,metaspace   ] GC(2506) Metaspace: 19083K(19200K)->19083K(19200K) NonClass: 17253K(17344K)->17253K(17344K) Class: 1829K(1856K)->1829K(1856K)
[838.091s][info][gc             ] GC(2506) Pause Young (Allocation Failure) 736M->628M(869M) 28.225ms
[838.091s][info][gc,cpu         ] GC(2506) User=0.06s Sys=0.00s Real=0.02s
[838.240s][info][gc,start       ] GC(2507) Pause Full (Allocation Failure)
[838.240s][info][gc,phases,start] GC(2507) Marking Phase
[838.736s][info][gc,phases      ] GC(2507) Marking Phase 496.430ms
[838.736s][info][gc,phases,start] GC(2507) Summary Phase
[838.736s][info][gc,phases      ] GC(2507) Summary Phase 0.027ms
[838.736s][info][gc,phases,start] GC(2507) Forward
[838.742s][info][gc,phases      ] GC(2507) Forward 5.783ms
[838.742s][info][gc,phases,start] GC(2507) Adjust Pointers
[839.075s][info][gc,phases      ] GC(2507) Adjust Pointers 332.945ms
[839.075s][info][gc,phases,start] GC(2507) Compaction Phase
[839.216s][info][gc,phases      ] GC(2507) Compaction Phase 140.626ms
[839.216s][info][gc,phases,start] GC(2507) Post Compact
[839.218s][info][gc,phases      ] GC(2507) Post Compact 2.242ms
[839.218s][info][gc,heap        ] GC(2507) PSYoungGen: 111744K(222720K)->0K(222720K) Eden: 111616K(111616K)->0K(111616K) From: 128K(111104K)->0K(111104K)
[839.218s][info][gc,heap        ] GC(2507) ParOldGen: 643010K(667648K)->642989K(667648K)
[839.218s][info][gc,metaspace   ] GC(2507) Metaspace: 19083K(19200K)->19083K(19200K) NonClass: 17253K(17344K)->17253K(17344K) Class: 1829K(1856K)->1829K(1856K)
[839.218s][info][gc             ] GC(2507) Pause Full (Allocation Failure) 737M->627M(869M) 978.538ms
[839.218s][info][gc,cpu         ] GC(2507) User=1.92s Sys=0.00s Real=0.98s
[839.349s][info][gc,start       ] GC(2508) Pause Full (Allocation Failure)
[839.349s][info][gc,phases,start] GC(2508) Marking Phase
[839.848s][info][gc,phases      ] GC(2508) Marking Phase 499.062ms
[839.849s][info][gc,phases,start] GC(2508) Summary Phase
[839.849s][info][gc,phases      ] GC(2508) Summary Phase 0.029ms
[839.849s][info][gc,phases,start] GC(2508) Forward
[839.855s][info][gc,phases      ] GC(2508) Forward 6.039ms
[839.855s][info][gc,phases,start] GC(2508) Adjust Pointers
[840.196s][info][gc,phases      ] GC(2508) Adjust Pointers 341.120ms
[840.196s][info][gc,phases,start] GC(2508) Compaction Phase
[840.334s][info][gc,phases      ] GC(2508) Compaction Phase 138.582ms
[840.335s][info][gc,phases,start] GC(2508) Post Compact
[840.337s][info][gc,phases      ] GC(2508) Post Compact 2.206ms
[840.337s][info][gc,heap        ] GC(2508) PSYoungGen: 111616K(222720K)->0K(222720K) Eden: 111616K(111616K)->0K(111616K) From: 0K(111104K)->0K(111104K)
[840.337s][info][gc,heap        ] GC(2508) ParOldGen: 642989K(667648K)->643031K(667648K)
[840.337s][info][gc,metaspace   ] GC(2508) Metaspace: 19083K(19200K)->19083K(19200K) NonClass: 17253K(17344K)->17253K(17344K) Class: 1829K(1856K)->1829K(1856K)
[840.337s][info][gc             ] GC(2508) Pause Full (Allocation Failure) 736M->627M(869M) 987.532ms
[840.337s][info][gc,cpu         ] GC(2508) User=1.93s Sys=0.00s Real=0.99s
[841.689s][info][gc,start       ] GC(2509) Pause Full (Allocation Failure)
[841.689s][info][gc,phases,start] GC(2509) Marking Phase
[842.254s][info][gc,phases      ] GC(2509) Marking Phase 564.162ms
[842.254s][info][gc,phases,start] GC(2509) Summary Phase
[842.254s][info][gc,phases      ] GC(2509) Summary Phase 0.027ms
[842.254s][info][gc,phases,start] GC(2509) Forward
[842.260s][info][gc,phases      ] GC(2509) Forward 6.762ms
[842.260s][info][gc,phases,start] GC(2509) Adjust Pointers
[842.641s][info][gc,phases      ] GC(2509) Adjust Pointers 380.761ms
[842.641s][info][gc,phases,start] GC(2509) Compaction Phase
[842.779s][info][gc,phases      ] GC(2509) Compaction Phase 137.338ms
[842.779s][info][gc,phases,start] GC(2509) Post Compact
[842.781s][info][gc,phases      ] GC(2509) Post Compact 2.414ms
[842.781s][info][gc,heap        ] GC(2509) PSYoungGen: 111616K(222720K)->0K(222720K) Eden: 111616K(111616K)->0K(111616K) From: 0K(111104K)->0K(111104K)
[842.781s][info][gc,heap        ] GC(2509) ParOldGen: 643031K(667648K)->643521K(667648K)
[842.781s][info][gc,metaspace   ] GC(2509) Metaspace: 19083K(19200K)->19083K(19200K) NonClass: 17253K(17344K)->17253K(17344K) Class: 1829K(1856K)->1829K(1856K)
[842.781s][info][gc             ] GC(2509) Pause Full (Allocation Failure) 736M->628M(869M) 1091.979ms
[842.781s][info][gc,cpu         ] GC(2509) User=2.13s Sys=0.00s Real=1.09s
[843.518s][info][gc,start       ] GC(2510) Pause Full (Allocation Failure)
[843.518s][info][gc,phases,start] GC(2510) Marking Phase
[843.915s][info][gc,phases      ] GC(2510) Marking Phase 397.400ms
[843.915s][info][gc,phases,start] GC(2510) Summary Phase
[843.915s][info][gc,phases      ] GC(2510) Summary Phase 0.027ms
[843.915s][info][gc,phases,start] GC(2510) Forward
[843.993s][info][gc,phases      ] GC(2510) Forward 78.316ms
[843.994s][info][gc,phases,start] GC(2510) Adjust Pointers
[844.282s][info][gc,phases      ] GC(2510) Adjust Pointers 288.021ms
[844.282s][info][gc,phases,start] GC(2510) Compaction Phase
[844.435s][info][gc,phases      ] GC(2510) Compaction Phase 153.776ms
[844.441s][info][gc,phases,start] GC(2510) Post Compact
[844.443s][info][gc,phases      ] GC(2510) Post Compact 2.256ms
[844.443s][info][gc,heap        ] GC(2510) PSYoungGen: 111616K(222720K)->0K(222720K) Eden: 111616K(111616K)->0K(111616K) From: 0K(111104K)->0K(111104K)
[844.443s][info][gc,heap        ] GC(2510) ParOldGen: 643521K(667648K)->518337K(667648K)
[844.443s][info][gc,metaspace   ] GC(2510) Metaspace: 19083K(19200K)->19083K(19200K) NonClass: 17253K(17344K)->17253K(17344K) Class: 1829K(1856K)->1829K(1856K)
[844.443s][info][gc             ] GC(2510) Pause Full (Allocation Failure) 737M->506M(869M) 925.333ms
[844.443s][info][gc,cpu         ] GC(2510) User=1.76s Sys=0.00s Real=0.93s
[844.927s][info][gc,start       ] GC(2511) Pause Young (Allocation Failure)
[844.931s][info][gc,heap        ] GC(2511) PSYoungGen: 111616K(222720K)->1600K(113664K) Eden: 111616K(111616K)->0K(111616K) From: 0K(111104K)->1600K(2048K)
[844.931s][info][gc,heap        ] GC(2511) ParOldGen: 518337K(667648K)->518337K(667648K)
[844.931s][info][gc,metaspace   ] GC(2511) Metaspace: 19083K(19200K)->19083K(19200K) NonClass: 17253K(17344K)->17253K(17344K) Class: 1829K(1856K)->1829K(1856K)
[844.931s][info][gc             ] GC(2511) Pause Young (Allocation Failure) 615M->507M(763M) 4.095ms
[844.931s][info][gc,cpu         ] GC(2511) User=0.01s Sys=0.00s Real=0.00s
[845.469s][info][gc,start       ] GC(2512) Pause Young (Allocation Failure)
[845.473s][info][gc,heap        ] GC(2512) PSYoungGen: 113206K(113664K)->2019K(218624K) Eden: 111606K(111616K)->0K(114176K) From: 1600K(2048K)->2019K(104448K)
[845.473s][info][gc,heap        ] GC(2512) ParOldGen: 518337K(667648K)->518345K(667648K)
[845.474s][info][gc,metaspace   ] GC(2512) Metaspace: 19091K(19200K)->19091K(19200K) NonClass: 17262K(17344K)->17262K(17344K) Class: 1829K(1856K)->1829K(1856K)
[845.474s][info][gc             ] GC(2512) Pause Young (Allocation Failure) 616M->508M(865M) 4.575ms
[845.474s][info][gc,cpu         ] GC(2512) User=0.00s Sys=0.00s Real=0.01s
[845.788s][info][gc,start       ] GC(2513) Pause Young (Allocation Failure)
[845.793s][info][gc,heap        ] GC(2513) PSYoungGen: 116195K(218624K)->2147K(116736K) Eden: 114176K(114176K)->0K(114176K) From: 2019K(104448K)->2147K(2560K)
[845.793s][info][gc,heap        ] GC(2513) ParOldGen: 518345K(667648K)->518345K(667648K)
[845.793s][info][gc,metaspace   ] GC(2513) Metaspace: 19091K(19200K)->19091K(19200K) NonClass: 17262K(17344K)->17262K(17344K) Class: 1829K(1856K)->1829K(1856K)
[845.793s][info][gc             ] GC(2513) Pause Young (Allocation Failure) 619M->508M(766M) 5.082ms
[845.794s][info][gc,cpu         ] GC(2513) User=0.01s Sys=0.00s Real=0.01s
[846.088s][info][gc,start       ] GC(2514) Pause Young (Allocation Failure)
[846.093s][info][gc,heap        ] GC(2514) PSYoungGen: 116290K(116736K)->2256K(207872K) Eden: 114142K(114176K)->0K(115712K) From: 2147K(2560K)->2256K(92160K)
[846.093s][info][gc,heap        ] GC(2514) ParOldGen: 518345K(667648K)->518345K(667648K)
[846.093s][info][gc,metaspace   ] GC(2514) Metaspace: 19091K(19200K)->19091K(19200K) NonClass: 17262K(17344K)->17262K(17344K) Class: 1829K(1856K)->1829K(1856K)
[846.093s][info][gc             ] GC(2514) Pause Young (Allocation Failure) 619M->508M(855M) 5.207ms
[846.093s][info][gc,cpu         ] GC(2514) User=0.01s Sys=0.00s Real=0.01s
[846.328s][info][gc,start       ] GC(2515) Pause Young (Allocation Failure)
[846.352s][info][gc,heap        ] GC(2515) PSYoungGen: 117968K(207872K)->22480K(138240K) Eden: 115712K(115712K)->0K(115712K) From: 2256K(92160K)->22480K(22528K)
[846.352s][info][gc,heap        ] GC(2515) ParOldGen: 518345K(667648K)->518353K(667648K)
[846.352s][info][gc,metaspace   ] GC(2515) Metaspace: 19094K(19264K)->19094K(19264K) NonClass: 17265K(17408K)->17265K(17408K) Class: 1829K(1856K)->1829K(1856K)
[846.352s][info][gc             ] GC(2515) Pause Young (Allocation Failure) 621M->528M(787M) 24.272ms
[846.352s][info][gc,cpu         ] GC(2515) User=0.05s Sys=0.00s Real=0.03s
[846.462s][info][gc,start       ] GC(2516) Pause Young (Allocation Failure)
[846.521s][info][gc,heap        ] GC(2516) PSYoungGen: 138192K(138240K)->64624K(199168K) Eden: 115712K(115712K)->0K(108544K) From: 22480K(22528K)->64624K(90624K)
[846.521s][info][gc,heap        ] GC(2516) ParOldGen: 518353K(667648K)->518353K(667648K)
[846.521s][info][gc,metaspace   ] GC(2516) Metaspace: 19095K(19264K)->19095K(19264K) NonClass: 17266K(17408K)->17266K(17408K) Class: 1829K(1856K)->1829K(1856K)
[846.521s][info][gc             ] GC(2516) Pause Young (Allocation Failure) 641M->569M(846M) 59.918ms
[846.522s][info][gc,cpu         ] GC(2516) User=0.12s Sys=0.00s Real=0.06s
[846.601s][info][gc,start       ] GC(2517) Pause Young (Allocation Failure)
[846.682s][info][gc,heap        ] GC(2517) PSYoungGen: 173168K(199168K)->97648K(208384K) Eden: 108544K(108544K)->0K(108544K) From: 64624K(90624K)->97648K(99840K)
[846.682s][info][gc,heap        ] GC(2517) ParOldGen: 518353K(667648K)->518353K(667648K)
[846.682s][info][gc,metaspace   ] GC(2517) Metaspace: 19095K(19264K)->19095K(19264K) NonClass: 17266K(17408K)->17266K(17408K) Class: 1829K(1856K)->1829K(1856K)
[846.682s][info][gc             ] GC(2517) Pause Young (Allocation Failure) 675M->601M(855M) 80.667ms
[846.682s][info][gc,cpu         ] GC(2517) User=0.16s Sys=0.00s Real=0.08s
[846.779s][info][gc,start       ] GC(2518) Pause Young (Allocation Failure)
[846.911s][info][gc,heap        ] GC(2518) PSYoungGen: 206192K(208384K)->111088K(222720K) Eden: 108544K(108544K)->0K(111616K) From: 97648K(99840K)->111088K(111104K)
[846.911s][info][gc,heap        ] GC(2518) ParOldGen: 518353K(667648K)->545753K(667648K)
[846.911s][info][gc,metaspace   ] GC(2518) Metaspace: 19097K(19264K)->19097K(19264K) NonClass: 17268K(17408K)->17268K(17408K) Class: 1829K(1856K)->1829K(1856K)
[846.911s][info][gc             ] GC(2518) Pause Young (Allocation Failure) 707M->641M(869M) 131.586ms
[846.911s][info][gc,cpu         ] GC(2518) User=0.24s Sys=0.02s Real=0.13s
[847.135s][info][gc,start       ] GC(2519) Pause Young (Allocation Failure)
[847.262s][info][gc,heap        ] GC(2519) PSYoungGen: 222704K(222720K)->111088K(222720K) Eden: 111616K(111616K)->0K(111616K) From: 111088K(111104K)->111088K(111104K)
[847.262s][info][gc,heap        ] GC(2519) ParOldGen: 545753K(667648K)->588978K(667648K)
[847.262s][info][gc,metaspace   ] GC(2519) Metaspace: 19097K(19264K)->19097K(19264K) NonClass: 17268K(17408K)->17268K(17408K) Class: 1829K(1856K)->1829K(1856K)
[847.262s][info][gc             ] GC(2519) Pause Young (Allocation Failure) 750M->683M(869M) 126.797ms
[847.262s][info][gc,cpu         ] GC(2519) User=0.25s Sys=0.00s Real=0.12s
[847.383s][info][gc,start       ] GC(2520) Pause Young (Allocation Failure)
[847.482s][info][gc,heap        ] GC(2520) PSYoungGen: 222704K(222720K)->63888K(222720K) Eden: 111616K(111616K)->0K(111616K) From: 111088K(111104K)->63888K(111104K)
[847.482s][info][gc,heap        ] GC(2520) ParOldGen: 588978K(667648K)->647586K(667648K)
[847.482s][info][gc,metaspace   ] GC(2520) Metaspace: 19097K(19264K)->19097K(19264K) NonClass: 17268K(17408K)->17268K(17408K) Class: 1829K(1856K)->1829K(1856K)
[847.482s][info][gc             ] GC(2520) Pause Young (Allocation Failure) 792M->694M(869M) 99.072ms
[847.482s][info][gc,cpu         ] GC(2520) User=0.20s Sys=0.00s Real=0.09s
[847.660s][info][gc,start       ] GC(2521) Pause Full (Allocation Failure)
[847.660s][info][gc,phases,start] GC(2521) Marking Phase
[847.832s][info][gc,phases      ] GC(2521) Marking Phase 172.240ms
[847.833s][info][gc,phases,start] GC(2521) Summary Phase
[847.833s][info][gc,phases      ] GC(2521) Summary Phase 0.033ms
[847.833s][info][gc,phases,start] GC(2521) Forward
[847.895s][info][gc,phases      ] GC(2521) Forward 62.527ms
[847.895s][info][gc,phases,start] GC(2521) Adjust Pointers
[848.061s][info][gc,phases      ] GC(2521) Adjust Pointers 165.904ms
[848.061s][info][gc,phases,start] GC(2521) Compaction Phase
[848.150s][info][gc,phases      ] GC(2521) Compaction Phase 88.374ms
[848.157s][info][gc,phases,start] GC(2521) Post Compact
[848.160s][info][gc,phases      ] GC(2521) Post Compact 2.497ms
[848.171s][info][gc,heap        ] GC(2521) PSYoungGen: 175504K(222720K)->0K(222720K) Eden: 111616K(111616K)->0K(111616K) From: 63888K(111104K)->0K(111104K)
[848.171s][info][gc,heap        ] GC(2521) ParOldGen: 647586K(667648K)->255376K(540160K)
[848.171s][info][gc,metaspace   ] GC(2521) Metaspace: 19098K(19264K)->19098K(19264K) NonClass: 17269K(17408K)->17269K(17408K) Class: 1829K(1856K)->1829K(1856K)
[848.171s][info][gc             ] GC(2521) Pause Full (Allocation Failure) 803M->249M(745M) 511.245ms
[848.171s][info][gc,cpu         ] GC(2521) User=0.91s Sys=0.01s Real=0.51s
[848.299s][info][gc,start       ] GC(2522) Pause Young (Allocation Failure)
[848.323s][info][gc,heap        ] GC(2522) PSYoungGen: 111616K(222720K)->15392K(222720K) Eden: 111616K(111616K)->0K(111616K) From: 0K(111104K)->15392K(111104K)
[848.323s][info][gc,heap        ] GC(2522) ParOldGen: 255376K(540160K)->255376K(540160K)
[848.323s][info][gc,metaspace   ] GC(2522) Metaspace: 19098K(19264K)->19098K(19264K) NonClass: 17269K(17408K)->17269K(17408K) Class: 1829K(1856K)->1829K(1856K)
[848.323s][info][gc             ] GC(2522) Pause Young (Allocation Failure) 358M->264M(745M) 23.783ms
[848.323s][info][gc,cpu         ] GC(2522) User=0.05s Sys=0.00s Real=0.03s
[848.451s][info][gc,start       ] GC(2523) Pause Young (Allocation Failure)
[848.474s][info][gc,heap        ] GC(2523) PSYoungGen: 127008K(222720K)->18752K(222720K) Eden: 111616K(111616K)->0K(111616K) From: 15392K(111104K)->18752K(111104K)
[848.474s][info][gc,heap        ] GC(2523) ParOldGen: 255376K(540160K)->255376K(540160K)
[848.474s][info][gc,metaspace   ] GC(2523) Metaspace: 19098K(19264K)->19098K(19264K) NonClass: 17269K(17408K)->17269K(17408K) Class: 1829K(1856K)->1829K(1856K)
[848.474s][info][gc             ] GC(2523) Pause Young (Allocation Failure) 373M->267M(745M) 22.969ms
[848.474s][info][gc,cpu         ] GC(2523) User=0.05s Sys=0.00s Real=0.03s
[848.586s][info][gc,start       ] GC(2524) Pause Young (Allocation Failure)
[848.621s][info][gc,heap        ] GC(2524) PSYoungGen: 130368K(222720K)->8640K(222720K) Eden: 111616K(111616K)->0K(111616K) From: 18752K(111104K)->8640K(111104K)
[848.621s][info][gc,heap        ] GC(2524) ParOldGen: 255376K(540160K)->274128K(540160K)
[848.621s][info][gc,metaspace   ] GC(2524) Metaspace: 19098K(19264K)->19098K(19264K) NonClass: 17269K(17408K)->17269K(17408K) Class: 1829K(1856K)->1829K(1856K)
[848.621s][info][gc             ] GC(2524) Pause Young (Allocation Failure) 376M->276M(745M) 35.683ms
[848.621s][info][gc,cpu         ] GC(2524) User=0.07s Sys=0.00s Real=0.03s
[848.733s][info][gc,start       ] GC(2525) Pause Young (Allocation Failure)
[848.746s][info][gc,heap        ] GC(2525) PSYoungGen: 120256K(222720K)->128K(222720K) Eden: 111616K(111616K)->0K(111616K) From: 8640K(111104K)->128K(111104K)
[848.746s][info][gc,heap        ] GC(2525) ParOldGen: 274128K(540160K)->282752K(540160K)
[848.746s][info][gc,metaspace   ] GC(2525) Metaspace: 19098K(19264K)->19098K(19264K) NonClass: 17269K(17408K)->17269K(17408K) Class: 1829K(1856K)->1829K(1856K)
[848.746s][info][gc             ] GC(2525) Pause Young (Allocation Failure) 385M->276M(745M) 12.924ms
[848.746s][info][gc,cpu         ] GC(2525) User=0.02s Sys=0.01s Real=0.01s
[848.842s][info][gc,start       ] GC(2526) Pause Young (Allocation Failure)
[848.845s][info][gc,heap        ] GC(2526) PSYoungGen: 111744K(222720K)->64K(222720K) Eden: 111616K(111616K)->0K(111616K) From: 128K(111104K)->64K(111104K)
[848.845s][info][gc,heap        ] GC(2526) ParOldGen: 282752K(540160K)->282864K(540160K)
[848.845s][info][gc,metaspace   ] GC(2526) Metaspace: 19098K(19264K)->19098K(19264K) NonClass: 17269K(17408K)->17269K(17408K) Class: 1829K(1856K)->1829K(1856K)
[848.845s][info][gc             ] GC(2526) Pause Young (Allocation Failure) 385M->276M(745M) 3.054ms
[848.845s][info][gc,cpu         ] GC(2526) User=0.01s Sys=0.00s Real=0.00s
[848.950s][info][gc,start       ] GC(2527) Pause Young (Allocation Failure)
[848.958s][info][gc,heap        ] GC(2527) PSYoungGen: 111680K(222720K)->5280K(222720K) Eden: 111616K(111616K)->0K(111616K) From: 64K(111104K)->5280K(111104K)
[848.958s][info][gc,heap        ] GC(2527) ParOldGen: 282864K(540160K)->282880K(540160K)
[848.958s][info][gc,metaspace   ] GC(2527) Metaspace: 19098K(19264K)->19098K(19264K) NonClass: 17269K(17408K)->17269K(17408K) Class: 1829K(1856K)->1829K(1856K)
[848.958s][info][gc             ] GC(2527) Pause Young (Allocation Failure) 385M->281M(745M) 8.295ms
[848.958s][info][gc,cpu         ] GC(2527) User=0.01s Sys=0.00s Real=0.01s
[849.048s][info][gc,start       ] GC(2528) Pause Young (Allocation Failure)
[849.081s][info][gc,heap        ] GC(2528) PSYoungGen: 116896K(222720K)->24208K(222720K) Eden: 111616K(111616K)->0K(111616K) From: 5280K(111104K)->24208K(111104K)
[849.081s][info][gc,heap        ] GC(2528) ParOldGen: 282880K(540160K)->288136K(540160K)
[849.081s][info][gc,metaspace   ] GC(2528) Metaspace: 19098K(19264K)->19098K(19264K) NonClass: 17269K(17408K)->17269K(17408K) Class: 1829K(1856K)->1829K(1856K)
[849.081s][info][gc             ] GC(2528) Pause Young (Allocation Failure) 390M->305M(745M) 32.504ms
[849.081s][info][gc,cpu         ] GC(2528) User=0.06s Sys=0.00s Real=0.03s
[849.162s][info][gc,start       ] GC(2529) Pause Young (Allocation Failure)
[849.217s][info][gc,heap        ] GC(2529) PSYoungGen: 135824K(222720K)->33696K(222720K) Eden: 111616K(111616K)->0K(111616K) From: 24208K(111104K)->33696K(111104K)
[849.217s][info][gc,heap        ] GC(2529) ParOldGen: 288136K(540160K)->312399K(540160K)
[849.217s][info][gc,metaspace   ] GC(2529) Metaspace: 19098K(19264K)->19098K(19264K) NonClass: 17269K(17408K)->17269K(17408K) Class: 1829K(1856K)->1829K(1856K)
[849.217s][info][gc             ] GC(2529) Pause Young (Allocation Failure) 414M->337M(745M) 54.465ms
[849.217s][info][gc,cpu         ] GC(2529) User=0.10s Sys=0.00s Real=0.05s
[849.363s][info][gc,start       ] GC(2530) Pause Young (Allocation Failure)
[849.403s][info][gc,heap        ] GC(2530) PSYoungGen: 145312K(222720K)->11299K(222720K) Eden: 111616K(111616K)->0K(111616K) From: 33696K(111104K)->11299K(111104K)
[849.403s][info][gc,heap        ] GC(2530) ParOldGen: 312399K(540160K)->346359K(540160K)
[849.403s][info][gc,metaspace   ] GC(2530) Metaspace: 19098K(19264K)->19098K(19264K) NonClass: 17269K(17408K)->17269K(17408K) Class: 1829K(1856K)->1829K(1856K)
[849.403s][info][gc             ] GC(2530) Pause Young (Allocation Failure) 446M->349M(745M) 40.606ms
[849.403s][info][gc,cpu         ] GC(2530) User=0.08s Sys=0.00s Real=0.04s
[849.507s][info][gc,start       ] GC(2531) Pause Young (Allocation Failure)
[849.537s][info][gc,heap        ] GC(2531) PSYoungGen: 122915K(222720K)->8384K(222720K) Eden: 111616K(111616K)->0K(111616K) From: 11299K(111104K)->8384K(111104K)
[849.537s][info][gc,heap        ] GC(2531) ParOldGen: 346359K(540160K)->357686K(540160K)
[849.537s][info][gc,metaspace   ] GC(2531) Metaspace: 19098K(19264K)->19098K(19264K) NonClass: 17269K(17408K)->17269K(17408K) Class: 1829K(1856K)->1829K(1856K)
[849.537s][info][gc             ] GC(2531) Pause Young (Allocation Failure) 458M->357M(745M) 30.537ms
[849.537s][info][gc,cpu         ] GC(2531) User=0.06s Sys=0.00s Real=0.03s
[849.647s][info][gc,start       ] GC(2532) Pause Young (Allocation Failure)
[849.662s][info][gc,heap        ] GC(2532) PSYoungGen: 120000K(222720K)->2624K(216576K) Eden: 111616K(111616K)->0K(111616K) From: 8384K(111104K)->2624K(104960K)
[849.662s][info][gc,heap        ] GC(2532) ParOldGen: 357686K(540160K)->366046K(540160K)
[849.662s][info][gc,metaspace   ] GC(2532) Metaspace: 19098K(19264K)->19098K(19264K) NonClass: 17269K(17408K)->17269K(17408K) Class: 1829K(1856K)->1829K(1856K)
[849.662s][info][gc             ] GC(2532) Pause Young (Allocation Failure) 466M->360M(739M) 14.955ms
[849.662s][info][gc,cpu         ] GC(2532) User=0.02s Sys=0.00s Real=0.01s
[849.802s][info][gc,start       ] GC(2533) Pause Young (Allocation Failure)
[849.811s][info][gc,heap        ] GC(2533) PSYoungGen: 114240K(216576K)->4768K(219648K) Eden: 111616K(111616K)->0K(111616K) From: 2624K(104960K)->4768K(108032K)
[849.811s][info][gc,heap        ] GC(2533) ParOldGen: 366046K(540160K)->366046K(540160K)
[849.811s][info][gc,metaspace   ] GC(2533) Metaspace: 19098K(19264K)->19098K(19264K) NonClass: 17269K(17408K)->17269K(17408K) Class: 1829K(1856K)->1829K(1856K)
[849.811s][info][gc             ] GC(2533) Pause Young (Allocation Failure) 469M->362M(742M) 8.442ms
[849.811s][info][gc,cpu         ] GC(2533) User=0.02s Sys=0.00s Real=0.00s
[850.117s][info][gc,start       ] GC(2534) Pause Young (Allocation Failure)
[850.127s][info][gc,heap        ] GC(2534) PSYoungGen: 116384K(219648K)->5632K(208896K) Eden: 111616K(111616K)->0K(116224K) From: 4768K(108032K)->5632K(92672K)
[850.127s][info][gc,heap        ] GC(2534) ParOldGen: 366046K(540160K)->366046K(540160K)
[850.127s][info][gc,metaspace   ] GC(2534) Metaspace: 19098K(19264K)->19098K(19264K) NonClass: 17269K(17408K)->17269K(17408K) Class: 1829K(1856K)->1829K(1856K)
[850.127s][info][gc             ] GC(2534) Pause Young (Allocation Failure) 471M->362M(731M) 10.117ms
[850.127s][info][gc,cpu         ] GC(2534) User=0.02s Sys=0.00s Real=0.01s
[850.411s][info][gc,start       ] GC(2535) Pause Young (Allocation Failure)
[850.421s][info][gc,heap        ] GC(2535) PSYoungGen: 121856K(208896K)->5824K(122368K) Eden: 116224K(116224K)->0K(116224K) From: 5632K(92672K)->5824K(6144K)
[850.421s][info][gc,heap        ] GC(2535) ParOldGen: 366046K(540160K)->366046K(540160K)
[850.421s][info][gc,metaspace   ] GC(2535) Metaspace: 19098K(19264K)->19098K(19264K) NonClass: 17269K(17408K)->17269K(17408K) Class: 1829K(1856K)->1829K(1856K)
[850.421s][info][gc             ] GC(2535) Pause Young (Allocation Failure) 476M->363M(647M) 10.329ms
[850.421s][info][gc,cpu         ] GC(2535) User=0.02s Sys=0.00s Real=0.01s
[850.552s][info][gc,start       ] GC(2536) Pause Young (Allocation Failure)
[850.601s][info][gc,heap        ] GC(2536) PSYoungGen: 122048K(122368K)->49584K(209920K) Eden: 116224K(116224K)->0K(116736K) From: 5824K(6144K)->49584K(93184K)
[850.601s][info][gc,heap        ] GC(2536) ParOldGen: 366046K(540160K)->366046K(540160K)
[850.601s][info][gc,metaspace   ] GC(2536) Metaspace: 19098K(19264K)->19098K(19264K) NonClass: 17269K(17408K)->17269K(17408K) Class: 1829K(1856K)->1829K(1856K)
[850.601s][info][gc             ] GC(2536) Pause Young (Allocation Failure) 476M->405M(732M) 48.702ms
[850.601s][info][gc,cpu         ] GC(2536) User=0.10s Sys=0.00s Real=0.05s
[850.756s][info][gc,start       ] GC(2537) Pause Young (Allocation Failure)
[850.828s][info][gc,heap        ] GC(2537) PSYoungGen: 166320K(209920K)->77824K(213504K) Eden: 116736K(116736K)->0K(116736K) From: 49584K(93184K)->77824K(96768K)
[850.828s][info][gc,heap        ] GC(2537) ParOldGen: 366046K(540160K)->366046K(540160K)
[850.828s][info][gc,metaspace   ] GC(2537) Metaspace: 19098K(19264K)->19098K(19264K) NonClass: 17269K(17408K)->17269K(17408K) Class: 1829K(1856K)->1829K(1856K)
[850.828s][info][gc             ] GC(2537) Pause Young (Allocation Failure) 519M->433M(736M) 72.225ms
[850.829s][info][gc,cpu         ] GC(2537) User=0.14s Sys=0.00s Real=0.07s
[850.954s][info][gc,start       ] GC(2538) Pause Young (Allocation Failure)
[851.046s][info][gc,heap        ] GC(2538) PSYoungGen: 194560K(213504K)->92720K(221696K) Eden: 116736K(116736K)->0K(111616K) From: 77824K(96768K)->92720K(110080K)
[851.046s][info][gc,heap        ] GC(2538) ParOldGen: 366046K(540160K)->366046K(540160K)
[851.046s][info][gc,metaspace   ] GC(2538) Metaspace: 19098K(19264K)->19098K(19264K) NonClass: 17269K(17408K)->17269K(17408K) Class: 1829K(1856K)->1829K(1856K)
[851.047s][info][gc             ] GC(2538) Pause Young (Allocation Failure) 547M->448M(744M) 92.790ms
[851.047s][info][gc,cpu         ] GC(2538) User=0.18s Sys=0.00s Real=0.09s
[851.145s][info][gc,start       ] GC(2539) Pause Young (Allocation Failure)
[851.237s][info][gc,heap        ] GC(2539) PSYoungGen: 204336K(221696K)->88976K(222720K) Eden: 111616K(111616K)->0K(111616K) From: 92720K(110080K)->88976K(111104K)
[851.237s][info][gc,heap        ] GC(2539) ParOldGen: 366046K(540160K)->370734K(540160K)
[851.237s][info][gc,metaspace   ] GC(2539) Metaspace: 19098K(19264K)->19098K(19264K) NonClass: 17269K(17408K)->17269K(17408K) Class: 1829K(1856K)->1829K(1856K)
[851.237s][info][gc             ] GC(2539) Pause Young (Allocation Failure) 557M->448M(745M) 92.068ms
[851.237s][info][gc,cpu         ] GC(2539) User=0.18s Sys=0.00s Real=0.09s
[851.364s][info][gc,start       ] GC(2540) Pause Young (Allocation Failure)
[851.463s][info][gc,heap        ] GC(2540) PSYoungGen: 200592K(222720K)->88976K(222720K) Eden: 111616K(111616K)->0K(111616K) From: 88976K(111104K)->88976K(111104K)
[851.463s][info][gc,heap        ] GC(2540) ParOldGen: 370734K(540160K)->371880K(540160K)
[851.463s][info][gc,metaspace   ] GC(2540) Metaspace: 19098K(19264K)->19098K(19264K) NonClass: 17269K(17408K)->17269K(17408K) Class: 1829K(1856K)->1829K(1856K)
[851.463s][info][gc             ] GC(2540) Pause Young (Allocation Failure) 557M->450M(745M) 98.714ms
[851.463s][info][gc,cpu         ] GC(2540) User=0.20s Sys=0.00s Real=0.10s
[851.776s][info][gc,start       ] GC(2541) Pause Young (Allocation Failure)
[851.866s][info][gc,heap        ] GC(2541) PSYoungGen: 200592K(222720K)->17376K(222720K) Eden: 111616K(111616K)->0K(111616K) From: 88976K(111104K)->17376K(111104K)
[851.866s][info][gc,heap        ] GC(2541) ParOldGen: 371880K(540160K)->444532K(540160K)
[851.866s][info][gc,metaspace   ] GC(2541) Metaspace: 19098K(19264K)->19098K(19264K) NonClass: 17269K(17408K)->17269K(17408K) Class: 1829K(1856K)->1829K(1856K)
[851.866s][info][gc             ] GC(2541) Pause Young (Allocation Failure) 559M->451M(745M) 89.510ms
[851.866s][info][gc,cpu         ] GC(2541) User=0.17s Sys=0.00s Real=0.09s
[852.014s][info][gc,start       ] GC(2542) Pause Young (Allocation Failure)
[852.110s][info][gc,heap        ] GC(2542) PSYoungGen: 128992K(222720K)->59872K(222720K) Eden: 111616K(111616K)->0K(111616K) From: 17376K(111104K)->59872K(111104K)
[852.110s][info][gc,heap        ] GC(2542) ParOldGen: 444532K(540160K)->460404K(540160K)
[852.110s][info][gc,metaspace   ] GC(2542) Metaspace: 19098K(19264K)->19098K(19264K) NonClass: 17269K(17408K)->17269K(17408K) Class: 1829K(1856K)->1829K(1856K)
[852.110s][info][gc             ] GC(2542) Pause Young (Allocation Failure) 560M->508M(745M) 96.875ms
[852.110s][info][gc,cpu         ] GC(2542) User=0.19s Sys=0.00s Real=0.09s
[852.260s][info][gc,start       ] GC(2543) Pause Young (Allocation Failure)
[852.359s][info][gc,heap        ] GC(2543) PSYoungGen: 171488K(222720K)->96576K(222720K) Eden: 111616K(111616K)->0K(111616K) From: 59872K(111104K)->96576K(111104K)
[852.359s][info][gc,heap        ] GC(2543) ParOldGen: 460404K(540160K)->461924K(540160K)
[852.359s][info][gc,metaspace   ] GC(2543) Metaspace: 19098K(19264K)->19098K(19264K) NonClass: 17269K(17408K)->17269K(17408K) Class: 1829K(1856K)->1829K(1856K)
[852.359s][info][gc             ] GC(2543) Pause Young (Allocation Failure) 617M->545M(745M) 99.036ms
[852.359s][info][gc,cpu         ] GC(2543) User=0.19s Sys=0.00s Real=0.10s
[852.470s][info][gc,start       ] GC(2544) Pause Young (Allocation Failure)
[852.661s][info][gc,heap        ] GC(2544) PSYoungGen: 208192K(222720K)->60204K(222720K) Eden: 111616K(111616K)->0K(111616K) From: 96576K(111104K)->60204K(111104K)
[852.661s][info][gc,heap        ] GC(2544) ParOldGen: 461924K(540160K)->558796K(559104K)
[852.661s][info][gc,metaspace   ] GC(2544) Metaspace: 19098K(19264K)->19098K(19264K) NonClass: 17269K(17408K)->17269K(17408K) Class: 1829K(1856K)->1829K(1856K)
[852.661s][info][gc             ] GC(2544) Pause Young (Allocation Failure) 654M->604M(763M) 191.824ms
[852.661s][info][gc,cpu         ] GC(2544) User=0.36s Sys=0.01s Real=0.19s
[852.786s][info][gc,start       ] GC(2545) Pause Young (Allocation Failure)
[852.888s][info][gc,heap        ] GC(2545) PSYoungGen: 171820K(222720K)->21572K(222720K) Eden: 111616K(111616K)->0K(111616K) From: 60204K(111104K)->21572K(111104K)
[852.888s][info][gc,heap        ] GC(2545) ParOldGen: 558796K(559104K)->619208K(619520K)
[852.888s][info][gc,metaspace   ] GC(2545) Metaspace: 19099K(19264K)->19099K(19264K) NonClass: 17270K(17408K)->17270K(17408K) Class: 1829K(1856K)->1829K(1856K)
[852.888s][info][gc             ] GC(2545) Pause Young (Allocation Failure) 713M->625M(822M) 102.663ms
[852.888s][info][gc,cpu         ] GC(2545) User=0.15s Sys=0.05s Real=0.10s
[853.000s][info][gc,start       ] GC(2546) Pause Full (Allocation Failure)
[853.000s][info][gc,phases,start] GC(2546) Marking Phase
[853.076s][info][gc,phases      ] GC(2546) Marking Phase 76.261ms
[853.076s][info][gc,phases,start] GC(2546) Summary Phase
[853.076s][info][gc,phases      ] GC(2546) Summary Phase 0.033ms
[853.076s][info][gc,phases,start] GC(2546) Forward
[853.091s][info][gc,phases      ] GC(2546) Forward 14.806ms
[853.091s][info][gc,phases,start] GC(2546) Adjust Pointers
[853.142s][info][gc,phases      ] GC(2546) Adjust Pointers 50.547ms
[853.142s][info][gc,phases,start] GC(2546) Compaction Phase
[853.169s][info][gc,phases      ] GC(2546) Compaction Phase 27.640ms
[853.172s][info][gc,phases,start] GC(2546) Post Compact
[853.174s][info][gc,phases      ] GC(2546) Post Compact 2.277ms
[853.197s][info][gc,heap        ] GC(2546) PSYoungGen: 133188K(222720K)->0K(222720K) Eden: 111616K(111616K)->0K(111616K) From: 21572K(111104K)->0K(111104K)
[853.197s][info][gc,heap        ] GC(2546) ParOldGen: 619208K(619520K)->111290K(425472K)
[853.197s][info][gc,metaspace   ] GC(2546) Metaspace: 19100K(19264K)->19100K(19264K) NonClass: 17271K(17408K)->17271K(17408K) Class: 1829K(1856K)->1829K(1856K)
[853.197s][info][gc             ] GC(2546) Pause Full (Allocation Failure) 734M->108M(633M) 197.313ms
[853.197s][info][gc,cpu         ] GC(2546) User=0.31s Sys=0.03s Real=0.20s
[853.302s][info][gc,start       ] GC(2547) Pause Young (Allocation Failure)
[853.307s][info][gc,heap        ] GC(2547) PSYoungGen: 111616K(222720K)->3008K(222720K) Eden: 111616K(111616K)->0K(111616K) From: 0K(111104K)->3008K(111104K)
[853.307s][info][gc,heap        ] GC(2547) ParOldGen: 111290K(425472K)->111290K(425472K)
[853.307s][info][gc,metaspace   ] GC(2547) Metaspace: 19100K(19264K)->19100K(19264K) NonClass: 17271K(17408K)->17271K(17408K) Class: 1829K(1856K)->1829K(1856K)
[853.307s][info][gc             ] GC(2547) Pause Young (Allocation Failure) 217M->111M(633M) 4.922ms
[853.307s][info][gc,cpu         ] GC(2547) User=0.01s Sys=0.00s Real=0.01s
[853.360s][info][gc,start       ] GC(2548) Pause Young (Allocation Failure)
[853.388s][info][gc,heap        ] GC(2548) PSYoungGen: 114624K(222720K)->27872K(222720K) Eden: 111616K(111616K)->0K(111616K) From: 3008K(111104K)->27872K(111104K)
[853.388s][info][gc,heap        ] GC(2548) ParOldGen: 111290K(425472K)->114290K(425472K)
[853.388s][info][gc,metaspace   ] GC(2548) Metaspace: 19100K(19264K)->19100K(19264K) NonClass: 17271K(17408K)->17271K(17408K) Class: 1829K(1856K)->1829K(1856K)
[853.388s][info][gc             ] GC(2548) Pause Young (Allocation Failure) 220M->138M(633M) 27.881ms
[853.388s][info][gc,cpu         ] GC(2548) User=0.05s Sys=0.00s Real=0.03s
[853.459s][info][gc,start       ] GC(2549) Pause Young (Allocation Failure)
[853.497s][info][gc,heap        ] GC(2549) PSYoungGen: 139488K(222720K)->28032K(222720K) Eden: 111616K(111616K)->0K(111616K) From: 27872K(111104K)->28032K(111104K)
[853.497s][info][gc,heap        ] GC(2549) ParOldGen: 114290K(425472K)->142530K(425472K)
[853.497s][info][gc,metaspace   ] GC(2549) Metaspace: 19100K(19264K)->19100K(19264K) NonClass: 17271K(17408K)->17271K(17408K) Class: 1829K(1856K)->1829K(1856K)
[853.497s][info][gc             ] GC(2549) Pause Young (Allocation Failure) 247M->166M(633M) 37.601ms
[853.497s][info][gc,cpu         ] GC(2549) User=0.08s Sys=0.00s Real=0.04s
[853.647s][info][gc,start       ] GC(2550) Pause Young (Allocation Failure)
[853.682s][info][gc,heap        ] GC(2550) PSYoungGen: 139648K(222720K)->15232K(222720K) Eden: 111616K(111616K)->0K(111616K) From: 28032K(111104K)->15232K(111104K)
[853.682s][info][gc,heap        ] GC(2550) ParOldGen: 142530K(425472K)->170882K(425472K)
[853.682s][info][gc,metaspace   ] GC(2550) Metaspace: 19100K(19264K)->19100K(19264K) NonClass: 17271K(17408K)->17271K(17408K) Class: 1829K(1856K)->1829K(1856K)
[853.682s][info][gc             ] GC(2550) Pause Young (Allocation Failure) 275M->181M(633M) 34.354ms
[853.682s][info][gc,cpu         ] GC(2550) User=0.07s Sys=0.00s Real=0.03s
[853.786s][info][gc,start       ] GC(2551) Pause Young (Allocation Failure)
[853.806s][info][gc,heap        ] GC(2551) PSYoungGen: 126848K(222720K)->2464K(222720K) Eden: 111616K(111616K)->0K(111616K) From: 15232K(111104K)->2464K(111104K)
[853.807s][info][gc,heap        ] GC(2551) ParOldGen: 170882K(425472K)->186234K(425472K)
[853.807s][info][gc,metaspace   ] GC(2551) Metaspace: 19100K(19264K)->19100K(19264K) NonClass: 17271K(17408K)->17271K(17408K) Class: 1829K(1856K)->1829K(1856K)
[853.807s][info][gc             ] GC(2551) Pause Young (Allocation Failure) 290M->184M(633M) 20.311ms
[853.807s][info][gc,cpu         ] GC(2551) User=0.04s Sys=0.00s Real=0.02s
[854.006s][info][gc,start       ] GC(2552) Pause Young (Allocation Failure)
[854.045s][info][gc,heap        ] GC(2552) PSYoungGen: 114080K(222720K)->18724K(222720K) Eden: 111616K(111616K)->0K(111616K) From: 2464K(111104K)->18724K(111104K)
[854.045s][info][gc,heap        ] GC(2552) ParOldGen: 186234K(425472K)->188666K(425472K)
[854.045s][info][gc,metaspace   ] GC(2552) Metaspace: 19103K(19264K)->19103K(19264K) NonClass: 17273K(17408K)->17273K(17408K) Class: 1829K(1856K)->1829K(1856K)
[854.045s][info][gc             ] GC(2552) Pause Young (Allocation Failure) 293M->202M(633M) 39.210ms
[854.045s][info][gc,cpu         ] GC(2552) User=0.08s Sys=0.00s Real=0.04s
[854.166s][info][gc,start       ] GC(2553) Pause Young (Allocation Failure)
[854.220s][info][gc,heap        ] GC(2553) PSYoungGen: 130340K(222720K)->40580K(152576K) Eden: 111616K(111616K)->0K(111616K) From: 18724K(111104K)->40580K(40960K)
[854.220s][info][gc,heap        ] GC(2553) ParOldGen: 188666K(425472K)->188666K(425472K)
[854.220s][info][gc,metaspace   ] GC(2553) Metaspace: 19103K(19264K)->19103K(19264K) NonClass: 17273K(17408K)->17273K(17408K) Class: 1829K(1856K)->1829K(1856K)
[854.220s][info][gc             ] GC(2553) Pause Young (Allocation Failure) 311M->223M(564M) 53.148ms
[854.220s][info][gc,cpu         ] GC(2553) User=0.10s Sys=0.00s Real=0.05s
[854.332s][info][gc,start       ] GC(2554) Pause Young (Allocation Failure)
[854.426s][info][gc,heap        ] GC(2554) PSYoungGen: 152196K(152576K)->82084K(212480K) Eden: 111616K(111616K)->0K(106496K) From: 40580K(40960K)->82084K(105984K)
[854.426s][info][gc,heap        ] GC(2554) ParOldGen: 188666K(425472K)->188666K(425472K)
[854.426s][info][gc,metaspace   ] GC(2554) Metaspace: 19103K(19264K)->19103K(19264K) NonClass: 17273K(17408K)->17273K(17408K) Class: 1829K(1856K)->1829K(1856K)
[854.426s][info][gc             ] GC(2554) Pause Young (Allocation Failure) 332M->264M(623M) 94.720ms
[854.426s][info][gc,cpu         ] GC(2554) User=0.18s Sys=0.00s Real=0.10s
[854.491s][info][gc,start       ] GC(2555) Pause Young (Allocation Failure)
[854.617s][info][gc,heap        ] GC(2555) PSYoungGen: 188580K(212480K)->67712K(217600K) Eden: 106496K(106496K)->0K(106496K) From: 82084K(105984K)->67712K(111104K)
[854.617s][info][gc,heap        ] GC(2555) ParOldGen: 188666K(425472K)->229340K(425472K)
[854.617s][info][gc,metaspace   ] GC(2555) Metaspace: 19103K(19264K)->19103K(19264K) NonClass: 17273K(17408K)->17273K(17408K) Class: 1829K(1856K)->1829K(1856K)
[854.617s][info][gc             ] GC(2555) Pause Young (Allocation Failure) 368M->290M(628M) 125.315ms
[854.617s][info][gc,cpu         ] GC(2555) User=0.25s Sys=0.00s Real=0.13s
[854.661s][info][gc,start       ] GC(2556) Pause Young (Allocation Failure)
[854.753s][info][gc,heap        ] GC(2556) PSYoungGen: 174208K(217600K)->27728K(222720K) Eden: 106496K(106496K)->0K(111616K) From: 67712K(111104K)->27728K(111104K)
[854.753s][info][gc,heap        ] GC(2556) ParOldGen: 229340K(425472K)->297252K(425472K)
[854.753s][info][gc,metaspace   ] GC(2556) Metaspace: 19103K(19264K)->19103K(19264K) NonClass: 17273K(17408K)->17273K(17408K) Class: 1829K(1856K)->1829K(1856K)
[854.753s][info][gc             ] GC(2556) Pause Young (Allocation Failure) 394M->317M(633M) 92.685ms
[854.753s][info][gc,cpu         ] GC(2556) User=0.18s Sys=0.00s Real=0.10s
[854.804s][info][gc,start       ] GC(2557) Pause Young (Allocation Failure)
[854.849s][info][gc,heap        ] GC(2557) PSYoungGen: 139344K(222720K)->32448K(144384K) Eden: 111616K(111616K)->0K(111616K) From: 27728K(111104K)->32448K(32768K)
[854.849s][info][gc,heap        ] GC(2557) ParOldGen: 297252K(425472K)->325356K(425472K)
[854.849s][info][gc,metaspace   ] GC(2557) Metaspace: 19103K(19264K)->19103K(19264K) NonClass: 17273K(17408K)->17273K(17408K) Class: 1829K(1856K)->1829K(1856K)
[854.849s][info][gc             ] GC(2557) Pause Young (Allocation Failure) 426M->349M(556M) 45.715ms
[854.849s][info][gc,cpu         ] GC(2557) User=0.09s Sys=0.00s Real=0.04s
[854.956s][info][gc,start       ] GC(2558) Pause Young (Allocation Failure)
[854.993s][info][gc,heap        ] GC(2558) PSYoungGen: 144064K(144384K)->12480K(221696K) Eden: 111616K(111616K)->0K(113664K) From: 32448K(32768K)->12480K(108032K)
[854.993s][info][gc,heap        ] GC(2558) ParOldGen: 325356K(425472K)->358204K(425472K)
[854.993s][info][gc,metaspace   ] GC(2558) Metaspace: 19103K(19264K)->19103K(19264K) NonClass: 17273K(17408K)->17273K(17408K) Class: 1829K(1856K)->1829K(1856K)
[854.993s][info][gc             ] GC(2558) Pause Young (Allocation Failure) 458M->361M(632M) 37.897ms
[854.993s][info][gc,cpu         ] GC(2558) User=0.07s Sys=0.00s Real=0.04s
[855.075s][info][gc,start       ] GC(2559) Pause Young (Allocation Failure)
[855.094s][info][gc,heap        ] GC(2559) PSYoungGen: 126144K(221696K)->3072K(219648K) Eden: 113664K(113664K)->0K(113664K) From: 12480K(108032K)->3072K(105984K)
[855.094s][info][gc,heap        ] GC(2559) ParOldGen: 358204K(425472K)->370788K(425472K)
[855.094s][info][gc,metaspace   ] GC(2559) Metaspace: 19103K(19264K)->19103K(19264K) NonClass: 17273K(17408K)->17273K(17408K) Class: 1829K(1856K)->1829K(1856K)
[855.094s][info][gc             ] GC(2559) Pause Young (Allocation Failure) 472M->365M(630M) 18.778ms
[855.094s][info][gc,cpu         ] GC(2559) User=0.03s Sys=0.00s Real=0.02s
[855.215s][info][gc,start       ] GC(2560) Pause Young (Allocation Failure)
[855.235s][info][gc,heap        ] GC(2560) PSYoungGen: 116736K(219648K)->9536K(224768K) Eden: 113664K(113664K)->0K(122880K) From: 3072K(105984K)->9536K(101888K)
[855.235s][info][gc,heap        ] GC(2560) ParOldGen: 370788K(425472K)->370788K(425472K)
[855.235s][info][gc,metaspace   ] GC(2560) Metaspace: 19103K(19264K)->19103K(19264K) NonClass: 17273K(17408K)->17273K(17408K) Class: 1829K(1856K)->1829K(1856K)
[855.235s][info][gc             ] GC(2560) Pause Young (Allocation Failure) 476M->371M(635M) 20.844ms
[855.235s][info][gc,cpu         ] GC(2560) User=0.04s Sys=0.00s Real=0.02s
[855.383s][info][gc,start       ] GC(2561) Pause Young (Allocation Failure)
[855.452s][info][gc,heap        ] GC(2561) PSYoungGen: 132416K(224768K)->44417K(224256K) Eden: 122880K(122880K)->0K(122880K) From: 9536K(101888K)->44417K(101376K)
[855.452s][info][gc,heap        ] GC(2561) ParOldGen: 370788K(425472K)->370788K(425472K)
[855.452s][info][gc,metaspace   ] GC(2561) Metaspace: 19103K(19264K)->19103K(19264K) NonClass: 17273K(17408K)->17273K(17408K) Class: 1829K(1856K)->1829K(1856K)
[855.452s][info][gc             ] GC(2561) Pause Young (Allocation Failure) 491M->405M(634M) 69.209ms
[855.452s][info][gc,cpu         ] GC(2561) User=0.14s Sys=0.00s Real=0.06s
[855.638s][info][gc,start       ] GC(2562) Pause Young (Allocation Failure)
[855.721s][info][gc,heap        ] GC(2562) PSYoungGen: 167297K(224256K)->60641K(225792K) Eden: 122880K(122880K)->0K(126464K) From: 44417K(101376K)->60641K(99328K)
[855.721s][info][gc,heap        ] GC(2562) ParOldGen: 370788K(425472K)->370788K(425472K)
[855.721s][info][gc,metaspace   ] GC(2562) Metaspace: 19103K(19264K)->19103K(19264K) NonClass: 17273K(17408K)->17273K(17408K) Class: 1829K(1856K)->1829K(1856K)
[855.721s][info][gc             ] GC(2562) Pause Young (Allocation Failure) 525M->421M(636M) 83.316ms
[855.721s][info][gc,cpu         ] GC(2562) User=0.16s Sys=0.00s Real=0.08s
[855.926s][info][gc,start       ] GC(2563) Pause Young (Allocation Failure)
[856.025s][info][gc,heap        ] GC(2563) PSYoungGen: 187105K(225792K)->80097K(206848K) Eden: 126464K(126464K)->0K(126464K) From: 60641K(99328K)->80097K(80384K)
[856.025s][info][gc,heap        ] GC(2563) ParOldGen: 370788K(425472K)->370788K(425472K)
[856.025s][info][gc,metaspace   ] GC(2563) Metaspace: 19103K(19264K)->19103K(19264K) NonClass: 17273K(17408K)->17273K(17408K) Class: 1829K(1856K)->1829K(1856K)
[856.025s][info][gc             ] GC(2563) Pause Young (Allocation Failure) 544M->440M(617M) 99.153ms
[856.025s][info][gc,cpu         ] GC(2563) User=0.19s Sys=0.00s Real=0.10s
[856.167s][info][gc,start       ] GC(2564) Pause Young (Allocation Failure)
[856.278s][info][gc,heap        ] GC(2564) PSYoungGen: 206561K(206848K)->71873K(222720K) Eden: 126464K(126464K)->0K(111616K) From: 80097K(80384K)->71873K(111104K)
[856.278s][info][gc,heap        ] GC(2564) ParOldGen: 370788K(425472K)->380308K(425472K)
[856.278s][info][gc,metaspace   ] GC(2564) Metaspace: 19103K(19264K)->19103K(19264K) NonClass: 17273K(17408K)->17273K(17408K) Class: 1829K(1856K)->1829K(1856K)
[856.278s][info][gc             ] GC(2564) Pause Young (Allocation Failure) 563M->441M(633M) 110.893ms
[856.278s][info][gc,cpu         ] GC(2564) User=0.22s Sys=0.00s Real=0.11s
[856.407s][info][gc,start       ] GC(2565) Pause Young (Allocation Failure)
[856.503s][info][gc,heap        ] GC(2565) PSYoungGen: 183489K(222720K)->20832K(222720K) Eden: 111616K(111616K)->0K(111616K) From: 71873K(111104K)->20832K(111104K)
[856.503s][info][gc,heap        ] GC(2565) ParOldGen: 380308K(425472K)->431583K(431616K)
[856.503s][info][gc,metaspace   ] GC(2565) Metaspace: 19103K(19264K)->19103K(19264K) NonClass: 17273K(17408K)->17273K(17408K) Class: 1829K(1856K)->1829K(1856K)
[856.503s][info][gc             ] GC(2565) Pause Young (Allocation Failure) 550M->441M(639M) 96.418ms
[856.503s][info][gc,cpu         ] GC(2565) User=0.18s Sys=0.00s Real=0.10s
[856.681s][info][gc,start       ] GC(2566) Pause Young (Allocation Failure)
[856.724s][info][gc,heap        ] GC(2566) PSYoungGen: 132448K(222720K)->3584K(222720K) Eden: 111616K(111616K)->0K(111616K) From: 20832K(111104K)->3584K(111104K)
[856.724s][info][gc,heap        ] GC(2566) ParOldGen: 431583K(431616K)->452295K(452608K)
[856.724s][info][gc,metaspace   ] GC(2566) Metaspace: 19103K(19264K)->19103K(19264K) NonClass: 17273K(17408K)->17273K(17408K) Class: 1829K(1856K)->1829K(1856K)
[856.724s][info][gc             ] GC(2566) Pause Young (Allocation Failure) 550M->445M(659M) 43.235ms
[856.724s][info][gc,cpu         ] GC(2566) User=0.07s Sys=0.02s Real=0.05s
[856.912s][info][gc,start       ] GC(2567) Pause Young (Allocation Failure)
[856.934s][info][gc,heap        ] GC(2567) PSYoungGen: 115200K(222720K)->10400K(122368K) Eden: 111616K(111616K)->0K(111616K) From: 3584K(111104K)->10400K(10752K)
[856.934s][info][gc,heap        ] GC(2567) ParOldGen: 452295K(452608K)->455863K(456192K)
[856.934s][info][gc,metaspace   ] GC(2567) Metaspace: 19103K(19264K)->19103K(19264K) NonClass: 17273K(17408K)->17273K(17408K) Class: 1829K(1856K)->1829K(1856K)
[856.934s][info][gc             ] GC(2567) Pause Young (Allocation Failure) 554M->455M(565M) 22.447ms
[856.934s][info][gc,cpu         ] GC(2567) User=0.05s Sys=0.00s Real=0.03s
[857.114s][info][gc,start       ] GC(2568) Pause Young (Allocation Failure)
[857.142s][info][gc,heap        ] GC(2568) PSYoungGen: 122016K(122368K)->22848K(224256K) Eden: 111616K(111616K)->0K(117248K) From: 10400K(10752K)->22848K(107008K)
[857.142s][info][gc,heap        ] GC(2568) ParOldGen: 455863K(456192K)->455863K(456192K)
[857.142s][info][gc,metaspace   ] GC(2568) Metaspace: 19103K(19264K)->19103K(19264K) NonClass: 17273K(17408K)->17273K(17408K) Class: 1829K(1856K)->1829K(1856K)
[857.142s][info][gc             ] GC(2568) Pause Young (Allocation Failure) 564M->467M(664M) 28.320ms
[857.142s][info][gc,cpu         ] GC(2568) User=0.06s Sys=0.00s Real=0.02s
[857.507s][info][gc,start       ] GC(2569) Pause Young (Allocation Failure)
[857.535s][info][gc,heap        ] GC(2569) PSYoungGen: 140096K(224256K)->22944K(140288K) Eden: 117248K(117248K)->0K(117248K) From: 22848K(107008K)->22944K(23040K)
[857.535s][info][gc,heap        ] GC(2569) ParOldGen: 455863K(456192K)->455863K(456192K)
[857.535s][info][gc,metaspace   ] GC(2569) Metaspace: 19103K(19264K)->19103K(19264K) NonClass: 17273K(17408K)->17273K(17408K) Class: 1829K(1856K)->1829K(1856K)
[857.535s][info][gc             ] GC(2569) Pause Young (Allocation Failure) 581M->467M(582M) 28.860ms
[857.536s][info][gc,cpu         ] GC(2569) User=0.06s Sys=0.00s Real=0.03s
[857.852s][info][gc,start       ] GC(2570) Pause Young (Allocation Failure)
[857.889s][info][gc,heap        ] GC(2570) PSYoungGen: 140192K(140288K)->22976K(215040K) Eden: 117248K(117248K)->0K(124416K) From: 22944K(23040K)->22976K(90624K)
[857.889s][info][gc,heap        ] GC(2570) ParOldGen: 455863K(456192K)->455863K(456192K)
[857.889s][info][gc,metaspace   ] GC(2570) Metaspace: 19103K(19264K)->19103K(19264K) NonClass: 17273K(17408K)->17273K(17408K) Class: 1829K(1856K)->1829K(1856K)
[857.889s][info][gc             ] GC(2570) Pause Young (Allocation Failure) 582M->467M(655M) 36.354ms
[857.889s][info][gc,cpu         ] GC(2570) User=0.07s Sys=0.00s Real=0.03s
[858.153s][info][gc,start       ] GC(2571) Pause Young (Allocation Failure)
[858.185s][info][gc,heap        ] GC(2571) PSYoungGen: 147392K(215040K)->27840K(218112K) Eden: 124416K(124416K)->0K(124416K) From: 22976K(90624K)->27840K(93696K)
[858.185s][info][gc,heap        ] GC(2571) ParOldGen: 455863K(456192K)->455863K(456192K)
[858.185s][info][gc,metaspace   ] GC(2571) Metaspace: 19103K(19264K)->19103K(19264K) NonClass: 17273K(17408K)->17273K(17408K) Class: 1829K(1856K)->1829K(1856K)
[858.185s][info][gc             ] GC(2571) Pause Young (Allocation Failure) 589M->472M(658M) 31.996ms
[858.185s][info][gc,cpu         ] GC(2571) User=0.06s Sys=0.00s Real=0.03s
[858.305s][info][gc,start       ] GC(2572) Pause Young (Allocation Failure)
[858.368s][info][gc,heap        ] GC(2572) PSYoungGen: 152256K(218112K)->68534K(210944K) Eden: 124416K(124416K)->0K(122880K) From: 27840K(93696K)->68534K(88064K)
[858.368s][info][gc,heap        ] GC(2572) ParOldGen: 455863K(456192K)->455863K(456192K)
[858.368s][info][gc,metaspace   ] GC(2572) Metaspace: 19104K(19264K)->19104K(19264K) NonClass: 17275K(17408K)->17275K(17408K) Class: 1829K(1856K)->1829K(1856K)
[858.368s][info][gc             ] GC(2572) Pause Young (Allocation Failure) 593M->512M(651M) 63.145ms
[858.368s][info][gc,cpu         ] GC(2572) User=0.12s Sys=0.00s Real=0.06s
[858.538s][info][gc,start       ] GC(2573) Pause Young (Allocation Failure)
[858.626s][info][gc,heap        ] GC(2573) PSYoungGen: 191414K(210944K)->96246K(219136K) Eden: 122880K(122880K)->0K(122880K) From: 68534K(88064K)->96246K(96256K)
[858.626s][info][gc,heap        ] GC(2573) ParOldGen: 455863K(456192K)->461559K(461824K)
[858.626s][info][gc,metaspace   ] GC(2573) Metaspace: 19104K(19264K)->19104K(19264K) NonClass: 17275K(17408K)->17275K(17408K) Class: 1829K(1856K)->1829K(1856K)
[858.626s][info][gc             ] GC(2573) Pause Young (Allocation Failure) 632M->544M(665M) 87.539ms
[858.626s][info][gc,cpu         ] GC(2573) User=0.17s Sys=0.00s Real=0.09s
[858.748s][info][gc,start       ] GC(2574) Pause Young (Allocation Failure)
[858.840s][info][gc,heap        ] GC(2574) PSYoungGen: 219126K(219136K)->75750K(222720K) Eden: 122880K(122880K)->0K(111616K) From: 96246K(96256K)->75750K(111104K)
[858.840s][info][gc,heap        ] GC(2574) ParOldGen: 461559K(461824K)->484453K(484864K)
[858.840s][info][gc,metaspace   ] GC(2574) Metaspace: 19104K(19264K)->19104K(19264K) NonClass: 17275K(17408K)->17275K(17408K) Class: 1829K(1856K)->1829K(1856K)
[858.840s][info][gc             ] GC(2574) Pause Young (Allocation Failure) 664M->547M(691M) 92.534ms
[858.840s][info][gc,cpu         ] GC(2574) User=0.16s Sys=0.02s Real=0.09s
[859.033s][info][gc,start       ] GC(2575) Pause Young (Allocation Failure)
[859.125s][info][gc,heap        ] GC(2575) PSYoungGen: 187366K(222720K)->95331K(222720K) Eden: 111616K(111616K)->0K(111616K) From: 75750K(111104K)->95331K(111104K)
[859.125s][info][gc,heap        ] GC(2575) ParOldGen: 484453K(484864K)->484597K(484864K)
[859.125s][info][gc,metaspace   ] GC(2575) Metaspace: 19104K(19264K)->19104K(19264K) NonClass: 17275K(17408K)->17275K(17408K) Class: 1829K(1856K)->1829K(1856K)
[859.125s][info][gc             ] GC(2575) Pause Young (Allocation Failure) 656M->566M(691M) 92.095ms
[859.125s][info][gc,cpu         ] GC(2575) User=0.19s Sys=0.00s Real=0.09s
[859.285s][info][gc,start       ] GC(2576) Pause Young (Allocation Failure)
[859.412s][info][gc,heap        ] GC(2576) PSYoungGen: 206947K(222720K)->69932K(222720K) Eden: 111616K(111616K)->0K(111616K) From: 95331K(111104K)->69932K(111104K)
[859.412s][info][gc,heap        ] GC(2576) ParOldGen: 484597K(484864K)->525119K(525312K)
[859.412s][info][gc,metaspace   ] GC(2576) Metaspace: 19104K(19264K)->19104K(19264K) NonClass: 17275K(17408K)->17275K(17408K) Class: 1829K(1856K)->1829K(1856K)
[859.412s][info][gc             ] GC(2576) Pause Young (Allocation Failure) 675M->581M(730M) 127.107ms
[859.412s][info][gc,cpu         ] GC(2576) User=0.23s Sys=0.02s Real=0.12s
[859.552s][info][gc,start       ] GC(2577) Pause Young (Allocation Failure)
[859.678s][info][gc,heap        ] GC(2577) PSYoungGen: 181548K(222720K)->52533K(222720K) Eden: 111616K(111616K)->0K(111616K) From: 69932K(111104K)->52533K(111104K)
[859.678s][info][gc,heap        ] GC(2577) ParOldGen: 525119K(525312K)->560987K(561152K)
[859.678s][info][gc,metaspace   ] GC(2577) Metaspace: 19104K(19264K)->19104K(19264K) NonClass: 17275K(17408K)->17275K(17408K) Class: 1829K(1856K)->1829K(1856K)
[859.678s][info][gc             ] GC(2577) Pause Young (Allocation Failure) 690M->599M(765M) 125.327ms
[859.678s][info][gc,cpu         ] GC(2577) User=0.22s Sys=0.03s Real=0.12s
[859.776s][info][gc,start       ] GC(2578) Pause Young (Allocation Failure)
[859.871s][info][gc,heap        ] GC(2578) PSYoungGen: 164149K(222720K)->24448K(222720K) Eden: 111616K(111616K)->0K(111616K) From: 52533K(111104K)->24448K(111104K)
[859.871s][info][gc,heap        ] GC(2578) ParOldGen: 560987K(561152K)->595462K(595968K)
[859.871s][info][gc,metaspace   ] GC(2578) Metaspace: 19104K(19264K)->19104K(19264K) NonClass: 17275K(17408K)->17275K(17408K) Class: 1829K(1856K)->1829K(1856K)
[859.871s][info][gc             ] GC(2578) Pause Young (Allocation Failure) 708M->605M(799M) 94.881ms
[859.871s][info][gc,cpu         ] GC(2578) User=0.17s Sys=0.02s Real=0.09s
[859.972s][info][gc,start       ] GC(2579) Pause Young (Allocation Failure)
[860.020s][info][gc,heap        ] GC(2579) PSYoungGen: 136064K(222720K)->3584K(222720K) Eden: 111616K(111616K)->0K(111616K) From: 24448K(111104K)->3584K(111104K)
[860.020s][info][gc,heap        ] GC(2579) ParOldGen: 595462K(595968K)->619950K(620032K)
[860.020s][info][gc,metaspace   ] GC(2579) Metaspace: 19104K(19264K)->19104K(19264K) NonClass: 17275K(17408K)->17275K(17408K) Class: 1829K(1856K)->1829K(1856K)
[860.020s][info][gc             ] GC(2579) Pause Young (Allocation Failure) 714M->608M(823M) 47.867ms
[860.020s][info][gc,cpu         ] GC(2579) User=0.07s Sys=0.03s Real=0.05s
[860.105s][info][gc,start       ] GC(2580) Pause Full (Allocation Failure)
[860.105s][info][gc,phases,start] GC(2580) Marking Phase
[860.362s][info][gc,phases      ] GC(2580) Marking Phase 257.132ms
[860.362s][info][gc,phases,start] GC(2580) Summary Phase
[860.362s][info][gc,phases      ] GC(2580) Summary Phase 0.030ms
[860.362s][info][gc,phases,start] GC(2580) Forward
[860.431s][info][gc,phases      ] GC(2580) Forward 68.338ms
[860.431s][info][gc,phases,start] GC(2580) Adjust Pointers
[860.642s][info][gc,phases      ] GC(2580) Adjust Pointers 211.202ms
[860.642s][info][gc,phases,start] GC(2580) Compaction Phase
[860.776s][info][gc,phases      ] GC(2580) Compaction Phase 133.462ms
[860.781s][info][gc,phases,start] GC(2580) Post Compact
[860.784s][info][gc,phases      ] GC(2580) Post Compact 2.401ms
[860.784s][info][gc,heap        ] GC(2580) PSYoungGen: 115200K(222720K)->0K(222720K) Eden: 111616K(111616K)->0K(111616K) From: 3584K(111104K)->0K(111104K)
[860.784s][info][gc,heap        ] GC(2580) ParOldGen: 619950K(620032K)->349219K(638976K)
[860.784s][info][gc,metaspace   ] GC(2580) Metaspace: 19104K(19264K)->19104K(19264K) NonClass: 17275K(17408K)->17275K(17408K) Class: 1829K(1856K)->1829K(1856K)
[860.784s][info][gc             ] GC(2580) Pause Full (Allocation Failure) 717M->341M(841M) 678.888ms
[860.784s][info][gc,cpu         ] GC(2580) User=1.30s Sys=0.00s Real=0.68s
[860.905s][info][gc,start       ] GC(2581) Pause Young (Allocation Failure)
[860.920s][info][gc,heap        ] GC(2581) PSYoungGen: 111616K(222720K)->11312K(222720K) Eden: 111616K(111616K)->0K(111616K) From: 0K(111104K)->11312K(111104K)
[860.920s][info][gc,heap        ] GC(2581) ParOldGen: 349219K(638976K)->349219K(638976K)
[860.920s][info][gc,metaspace   ] GC(2581) Metaspace: 19104K(19264K)->19104K(19264K) NonClass: 17275K(17408K)->17275K(17408K) Class: 1829K(1856K)->1829K(1856K)
[860.920s][info][gc             ] GC(2581) Pause Young (Allocation Failure) 450M->352M(841M) 15.157ms
[860.920s][info][gc,cpu         ] GC(2581) User=0.03s Sys=0.00s Real=0.01s
[860.993s][info][gc,start       ] GC(2582) Pause Young (Allocation Failure)
[861.028s][info][gc,heap        ] GC(2582) PSYoungGen: 122928K(222720K)->28128K(222720K) Eden: 111616K(111616K)->0K(111616K) From: 11312K(111104K)->28128K(111104K)
[861.028s][info][gc,heap        ] GC(2582) ParOldGen: 349219K(638976K)->360571K(638976K)
[861.028s][info][gc,metaspace   ] GC(2582) Metaspace: 19104K(19264K)->19104K(19264K) NonClass: 17275K(17408K)->17275K(17408K) Class: 1829K(1856K)->1829K(1856K)
[861.028s][info][gc             ] GC(2582) Pause Young (Allocation Failure) 461M->379M(841M) 35.167ms
[861.028s][info][gc,cpu         ] GC(2582) User=0.07s Sys=0.00s Real=0.03s
[861.143s][info][gc,start       ] GC(2583) Pause Young (Allocation Failure)
[861.178s][info][gc,heap        ] GC(2583) PSYoungGen: 139744K(222720K)->8800K(222720K) Eden: 111616K(111616K)->0K(111616K) From: 28128K(111104K)->8800K(111104K)
[861.178s][info][gc,heap        ] GC(2583) ParOldGen: 360571K(638976K)->389011K(638976K)
[861.178s][info][gc,metaspace   ] GC(2583) Metaspace: 19104K(19264K)->19104K(19264K) NonClass: 17275K(17408K)->17275K(17408K) Class: 1829K(1856K)->1829K(1856K)
[861.178s][info][gc             ] GC(2583) Pause Young (Allocation Failure) 488M->388M(841M) 34.409ms
[861.178s][info][gc,cpu         ] GC(2583) User=0.07s Sys=0.00s Real=0.03s
[861.272s][info][gc,start       ] GC(2584) Pause Young (Allocation Failure)
[861.294s][info][gc,heap        ] GC(2584) PSYoungGen: 120416K(222720K)->5792K(219648K) Eden: 111616K(111616K)->0K(111616K) From: 8800K(111104K)->5792K(108032K)
[861.294s][info][gc,heap        ] GC(2584) ParOldGen: 389011K(638976K)->397803K(638976K)
[861.294s][info][gc,metaspace   ] GC(2584) Metaspace: 19104K(19264K)->19104K(19264K) NonClass: 17275K(17408K)->17275K(17408K) Class: 1829K(1856K)->1829K(1856K)
[861.294s][info][gc             ] GC(2584) Pause Young (Allocation Failure) 497M->394M(838M) 21.244ms
[861.294s][info][gc,cpu         ] GC(2584) User=0.04s Sys=0.00s Real=0.02s
[861.370s][info][gc,start       ] GC(2585) Pause Young (Allocation Failure)
[861.402s][info][gc,heap        ] GC(2585) PSYoungGen: 117408K(219648K)->17216K(221184K) Eden: 111616K(111616K)->0K(111616K) From: 5792K(108032K)->17216K(109568K)
[861.402s][info][gc,heap        ] GC(2585) ParOldGen: 397803K(638976K)->397803K(638976K)
[861.402s][info][gc,metaspace   ] GC(2585) Metaspace: 19104K(19264K)->19104K(19264K) NonClass: 17275K(17408K)->17275K(17408K) Class: 1829K(1856K)->1829K(1856K)
[861.402s][info][gc             ] GC(2585) Pause Young (Allocation Failure) 503M->405M(840M) 31.965ms
[861.402s][info][gc,cpu         ] GC(2585) User=0.06s Sys=0.00s Real=0.04s
[861.561s][info][gc,start       ] GC(2586) Pause Young (Allocation Failure)
[861.613s][info][gc,heap        ] GC(2586) PSYoungGen: 128832K(221184K)->41184K(219136K) Eden: 111616K(111616K)->0K(119296K) From: 17216K(109568K)->41184K(99840K)
[861.613s][info][gc,heap        ] GC(2586) ParOldGen: 397803K(638976K)->397803K(638976K)
[861.613s][info][gc,metaspace   ] GC(2586) Metaspace: 19104K(19264K)->19104K(19264K) NonClass: 17275K(17408K)->17275K(17408K) Class: 1829K(1856K)->1829K(1856K)
[861.613s][info][gc             ] GC(2586) Pause Young (Allocation Failure) 514M->428M(838M) 52.039ms
[861.613s][info][gc,cpu         ] GC(2586) User=0.10s Sys=0.00s Real=0.06s
[861.750s][info][gc,start       ] GC(2587) Pause Young (Allocation Failure)
[861.813s][info][gc,heap        ] GC(2587) PSYoungGen: 160480K(219136K)->43072K(220160K) Eden: 119296K(119296K)->0K(119296K) From: 41184K(99840K)->43072K(100864K)
[861.813s][info][gc,heap        ] GC(2587) ParOldGen: 397803K(638976K)->397803K(638976K)
[861.813s][info][gc,metaspace   ] GC(2587) Metaspace: 19104K(19264K)->19104K(19264K) NonClass: 17275K(17408K)->17275K(17408K) Class: 1829K(1856K)->1829K(1856K)
[861.813s][info][gc             ] GC(2587) Pause Young (Allocation Failure) 545M->430M(839M) 63.063ms
[861.813s][info][gc,cpu         ] GC(2587) User=0.12s Sys=0.00s Real=0.07s
[862.021s][info][gc,start       ] GC(2588) Pause Young (Allocation Failure)
[862.083s][info][gc,heap        ] GC(2588) PSYoungGen: 162368K(220160K)->52704K(227328K) Eden: 119296K(119296K)->0K(129536K) From: 43072K(100864K)->52704K(97792K)
[862.083s][info][gc,heap        ] GC(2588) ParOldGen: 397803K(638976K)->397803K(638976K)
[862.083s][info][gc,metaspace   ] GC(2588) Metaspace: 19104K(19264K)->19104K(19264K) NonClass: 17275K(17408K)->17275K(17408K) Class: 1829K(1856K)->1829K(1856K)
[862.083s][info][gc             ] GC(2588) Pause Young (Allocation Failure) 547M->439M(846M) 61.203ms
[862.083s][info][gc,cpu         ] GC(2588) User=0.12s Sys=0.00s Real=0.07s
[862.486s][info][gc,start       ] GC(2589) Pause Young (Allocation Failure)
[862.549s][info][gc,heap        ] GC(2589) PSYoungGen: 182240K(227328K)->52864K(227840K) Eden: 129536K(129536K)->0K(129536K) From: 52704K(97792K)->52864K(98304K)
[862.549s][info][gc,heap        ] GC(2589) ParOldGen: 397803K(638976K)->397803K(638976K)
[862.549s][info][gc,metaspace   ] GC(2589) Metaspace: 19104K(19264K)->19104K(19264K) NonClass: 17275K(17408K)->17275K(17408K) Class: 1829K(1856K)->1829K(1856K)
[862.549s][info][gc             ] GC(2589) Pause Young (Allocation Failure) 566M->440M(846M) 62.645ms
[862.549s][info][gc,cpu         ] GC(2589) User=0.12s Sys=0.00s Real=0.06s
[862.859s][info][gc,start       ] GC(2590) Pause Young (Allocation Failure)
[862.927s][info][gc,heap        ] GC(2590) PSYoungGen: 182400K(227840K)->56320K(233472K) Eden: 129536K(129536K)->0K(135168K) From: 52864K(98304K)->56320K(98304K)
[862.927s][info][gc,heap        ] GC(2590) ParOldGen: 397803K(638976K)->397803K(638976K)
[862.927s][info][gc,metaspace   ] GC(2590) Metaspace: 19104K(19264K)->19104K(19264K) NonClass: 17275K(17408K)->17275K(17408K) Class: 1829K(1856K)->1829K(1856K)
[862.927s][info][gc             ] GC(2590) Pause Young (Allocation Failure) 566M->443M(852M) 67.851ms
[862.927s][info][gc,cpu         ] GC(2590) User=0.13s Sys=0.00s Real=0.07s
[863.094s][info][gc,start       ] GC(2591) Pause Young (Allocation Failure)
[863.177s][info][gc,heap        ] GC(2591) PSYoungGen: 191488K(233472K)->73456K(208896K) Eden: 135168K(135168K)->0K(135168K) From: 56320K(98304K)->73456K(73728K)
[863.177s][info][gc,heap        ] GC(2591) ParOldGen: 397803K(638976K)->397803K(638976K)
[863.177s][info][gc,metaspace   ] GC(2591) Metaspace: 19104K(19264K)->19104K(19264K) NonClass: 17275K(17408K)->17275K(17408K) Class: 1829K(1856K)->1829K(1856K)
[863.177s][info][gc             ] GC(2591) Pause Young (Allocation Failure) 575M->460M(828M) 83.377ms
[863.177s][info][gc,cpu         ] GC(2591) User=0.17s Sys=0.00s Real=0.08s
[863.365s][info][gc,start       ] GC(2592) Pause Young (Allocation Failure)
[863.465s][info][gc,heap        ] GC(2592) PSYoungGen: 208624K(208896K)->86928K(217600K) Eden: 135168K(135168K)->0K(111616K) From: 73456K(73728K)->86928K(105984K)
[863.465s][info][gc,heap        ] GC(2592) ParOldGen: 397803K(638976K)->397803K(638976K)
[863.465s][info][gc,metaspace   ] GC(2592) Metaspace: 19104K(19264K)->19104K(19264K) NonClass: 17275K(17408K)->17275K(17408K) Class: 1829K(1856K)->1829K(1856K)
[863.465s][info][gc             ] GC(2592) Pause Young (Allocation Failure) 592M->473M(836M) 99.885ms
[863.465s][info][gc,cpu         ] GC(2592) User=0.19s Sys=0.00s Real=0.10s
[863.528s][info][gc,start       ] GC(2593) Pause Young (Allocation Failure)
[863.651s][info][gc,heap        ] GC(2593) PSYoungGen: 198544K(217600K)->110864K(222720K) Eden: 111616K(111616K)->0K(111616K) From: 86928K(105984K)->110864K(111104K)
[863.651s][info][gc,heap        ] GC(2593) ParOldGen: 397803K(638976K)->415046K(638976K)
[863.651s][info][gc,metaspace   ] GC(2593) Metaspace: 19104K(19264K)->19104K(19264K) NonClass: 17275K(17408K)->17275K(17408K) Class: 1829K(1856K)->1829K(1856K)
[863.651s][info][gc             ] GC(2593) Pause Young (Allocation Failure) 582M->513M(841M) 122.658ms
[863.651s][info][gc,cpu         ] GC(2593) User=0.24s Sys=0.00s Real=0.12s
[863.826s][info][gc,start       ] GC(2594) Pause Young (Allocation Failure)
[863.958s][info][gc,heap        ] GC(2594) PSYoungGen: 222480K(222720K)->111088K(222720K) Eden: 111616K(111616K)->0K(111616K) From: 110864K(111104K)->111088K(111104K)
[863.958s][info][gc,heap        ] GC(2594) ParOldGen: 415046K(638976K)->441790K(638976K)
[863.958s][info][gc,metaspace   ] GC(2594) Metaspace: 19104K(19264K)->19104K(19264K) NonClass: 17275K(17408K)->17275K(17408K) Class: 1829K(1856K)->1829K(1856K)
[863.958s][info][gc             ] GC(2594) Pause Young (Allocation Failure) 622M->539M(841M) 132.065ms
[863.958s][info][gc,cpu         ] GC(2594) User=0.25s Sys=0.01s Real=0.13s
[864.090s][info][gc,start       ] GC(2595) Pause Young (Allocation Failure)
[864.183s][info][gc,heap        ] GC(2595) PSYoungGen: 222704K(222720K)->103680K(222720K) Eden: 111616K(111616K)->0K(111616K) From: 111088K(111104K)->103680K(111104K)
[864.183s][info][gc,heap        ] GC(2595) ParOldGen: 441790K(638976K)->451627K(638976K)
[864.183s][info][gc,metaspace   ] GC(2595) Metaspace: 19104K(19264K)->19104K(19264K) NonClass: 17275K(17408K)->17275K(17408K) Class: 1829K(1856K)->1829K(1856K)
[864.183s][info][gc             ] GC(2595) Pause Young (Allocation Failure) 648M->542M(841M) 93.065ms
[864.183s][info][gc,cpu         ] GC(2595) User=0.19s Sys=0.00s Real=0.10s
[864.395s][info][gc,start       ] GC(2596) Pause Young (Allocation Failure)
[864.538s][info][gc,heap        ] GC(2596) PSYoungGen: 215296K(222720K)->111087K(222720K) Eden: 111616K(111616K)->0K(111616K) From: 103680K(111104K)->111087K(111104K)
[864.538s][info][gc,heap        ] GC(2596) ParOldGen: 451627K(638976K)->477036K(638976K)
[864.538s][info][gc,metaspace   ] GC(2596) Metaspace: 19104K(19264K)->19104K(19264K) NonClass: 17275K(17408K)->17275K(17408K) Class: 1829K(1856K)->1829K(1856K)
[864.538s][info][gc             ] GC(2596) Pause Young (Allocation Failure) 651M->574M(841M) 142.770ms
[864.538s][info][gc,cpu         ] GC(2596) User=0.29s Sys=0.00s Real=0.14s
[864.679s][info][gc,start       ] GC(2597) Pause Young (Allocation Failure)
[864.802s][info][gc,heap        ] GC(2597) PSYoungGen: 222703K(222720K)->74882K(222720K) Eden: 111616K(111616K)->0K(111616K) From: 111087K(111104K)->74882K(111104K)
[864.802s][info][gc,heap        ] GC(2597) ParOldGen: 477036K(638976K)->528100K(638976K)
[864.802s][info][gc,metaspace   ] GC(2597) Metaspace: 19104K(19264K)->19104K(19264K) NonClass: 17275K(17408K)->17275K(17408K) Class: 1829K(1856K)->1829K(1856K)
[864.802s][info][gc             ] GC(2597) Pause Young (Allocation Failure) 683M->588M(841M) 122.737ms
[864.802s][info][gc,cpu         ] GC(2597) User=0.24s Sys=0.00s Real=0.12s
[864.943s][info][gc,start       ] GC(2598) Pause Young (Allocation Failure)
[865.061s][info][gc,heap        ] GC(2598) PSYoungGen: 186498K(222720K)->66367K(222720K) Eden: 111616K(111616K)->0K(111616K) From: 74882K(111104K)->66367K(111104K)
[865.061s][info][gc,heap        ] GC(2598) ParOldGen: 528100K(638976K)->557005K(638976K)
[865.061s][info][gc,metaspace   ] GC(2598) Metaspace: 19104K(19264K)->19104K(19264K) NonClass: 17275K(17408K)->17275K(17408K) Class: 1829K(1856K)->1829K(1856K)
[865.061s][info][gc             ] GC(2598) Pause Young (Allocation Failure) 697M->608M(841M) 118.618ms
[865.061s][info][gc,cpu         ] GC(2598) User=0.23s Sys=0.00s Real=0.11s
[865.132s][info][gc,start       ] GC(2599) Pause Young (Allocation Failure)
[865.228s][info][gc,heap        ] GC(2599) PSYoungGen: 177983K(222720K)->31970K(222720K) Eden: 111616K(111616K)->0K(111616K) From: 66367K(111104K)->31970K(111104K)
[865.228s][info][gc,heap        ] GC(2599) ParOldGen: 557005K(638976K)->603363K(638976K)
[865.228s][info][gc,metaspace   ] GC(2599) Metaspace: 19104K(19264K)->19104K(19264K) NonClass: 17275K(17408K)->17275K(17408K) Class: 1829K(1856K)->1829K(1856K)
[865.228s][info][gc             ] GC(2599) Pause Young (Allocation Failure) 717M->620M(841M) 96.597ms
[865.228s][info][gc,cpu         ] GC(2599) User=0.19s Sys=0.00s Real=0.10s
[865.283s][info][gc,start       ] GC(2600) Pause Full (Allocation Failure)
[865.283s][info][gc,phases,start] GC(2600) Marking Phase
[865.604s][info][gc,phases      ] GC(2600) Marking Phase 321.531ms
[865.604s][info][gc,phases,start] GC(2600) Summary Phase
[865.604s][info][gc,phases      ] GC(2600) Summary Phase 0.033ms
[865.604s][info][gc,phases,start] GC(2600) Forward
[865.693s][info][gc,phases      ] GC(2600) Forward 88.421ms
[865.693s][info][gc,phases,start] GC(2600) Adjust Pointers
[865.934s][info][gc,phases      ] GC(2600) Adjust Pointers 240.786ms
[865.934s][info][gc,phases,start] GC(2600) Compaction Phase
[866.071s][info][gc,phases      ] GC(2600) Compaction Phase 136.942ms
[866.077s][info][gc,phases,start] GC(2600) Post Compact
[866.080s][info][gc,phases      ] GC(2600) Post Compact 2.250ms
[866.080s][info][gc,heap        ] GC(2600) PSYoungGen: 143586K(222720K)->0K(222720K) Eden: 111616K(111616K)->0K(111616K) From: 31970K(111104K)->0K(111104K)
[866.080s][info][gc,heap        ] GC(2600) ParOldGen: 603363K(638976K)->420168K(667648K)
[866.080s][info][gc,metaspace   ] GC(2600) Metaspace: 19104K(19264K)->19104K(19264K) NonClass: 17275K(17408K)->17275K(17408K) Class: 1829K(1856K)->1829K(1856K)
[866.080s][info][gc             ] GC(2600) Pause Full (Allocation Failure) 729M->410M(869M) 797.122ms
[866.080s][info][gc,cpu         ] GC(2600) User=1.52s Sys=0.01s Real=0.79s
[866.132s][info][gc,start       ] GC(2601) Pause Young (Allocation Failure)
[866.162s][info][gc,heap        ] GC(2601) PSYoungGen: 111616K(222720K)->32640K(222720K) Eden: 111616K(111616K)->0K(111616K) From: 0K(111104K)->32640K(111104K)
[866.162s][info][gc,heap        ] GC(2601) ParOldGen: 420168K(667648K)->420168K(667648K)
[866.162s][info][gc,metaspace   ] GC(2601) Metaspace: 19104K(19264K)->19104K(19264K) NonClass: 17275K(17408K)->17275K(17408K) Class: 1829K(1856K)->1829K(1856K)
[866.162s][info][gc             ] GC(2601) Pause Young (Allocation Failure) 519M->442M(869M) 29.417ms
[866.162s][info][gc,cpu         ] GC(2601) User=0.06s Sys=0.00s Real=0.02s
[866.330s][info][gc,start       ] GC(2602) Pause Young (Allocation Failure)
[866.368s][info][gc,heap        ] GC(2602) PSYoungGen: 144256K(222720K)->8064K(222720K) Eden: 111616K(111616K)->0K(111616K) From: 32640K(111104K)->8064K(111104K)
[866.368s][info][gc,heap        ] GC(2602) ParOldGen: 420168K(667648K)->453184K(667648K)
[866.368s][info][gc,metaspace   ] GC(2602) Metaspace: 19104K(19264K)->19104K(19264K) NonClass: 17275K(17408K)->17275K(17408K) Class: 1829K(1856K)->1829K(1856K)
[866.368s][info][gc             ] GC(2602) Pause Young (Allocation Failure) 551M->450M(869M) 38.325ms
[866.368s][info][gc,cpu         ] GC(2602) User=0.07s Sys=0.00s Real=0.04s
[866.433s][info][gc,start       ] GC(2603) Pause Young (Allocation Failure)
[866.450s][info][gc,heap        ] GC(2603) PSYoungGen: 119680K(222720K)->2016K(222720K) Eden: 111616K(111616K)->0K(111616K) From: 8064K(111104K)->2016K(111104K)
[866.450s][info][gc,heap        ] GC(2603) ParOldGen: 453184K(667648K)->461284K(667648K)
[866.450s][info][gc,metaspace   ] GC(2603) Metaspace: 19104K(19264K)->19104K(19264K) NonClass: 17275K(17408K)->17275K(17408K) Class: 1829K(1856K)->1829K(1856K)
[866.450s][info][gc             ] GC(2603) Pause Young (Allocation Failure) 559M->452M(869M) 17.230ms
[866.450s][info][gc,cpu         ] GC(2603) User=0.03s Sys=0.00s Real=0.01s
[866.592s][info][gc,start       ] GC(2604) Pause Young (Allocation Failure)
[866.632s][info][gc,heap        ] GC(2604) PSYoungGen: 113632K(222720K)->19648K(222720K) Eden: 111616K(111616K)->0K(111616K) From: 2016K(111104K)->19648K(111104K)
[866.632s][info][gc,heap        ] GC(2604) ParOldGen: 461284K(667648K)->463268K(667648K)
[866.632s][info][gc,metaspace   ] GC(2604) Metaspace: 19104K(19264K)->19104K(19264K) NonClass: 17275K(17408K)->17275K(17408K) Class: 1829K(1856K)->1829K(1856K)
[866.632s][info][gc             ] GC(2604) Pause Young (Allocation Failure) 561M->471M(869M) 40.152ms
[866.632s][info][gc,cpu         ] GC(2604) User=0.08s Sys=0.00s Real=0.04s
[866.772s][info][gc,start       ] GC(2605) Pause Young (Allocation Failure)
[866.839s][info][gc,heap        ] GC(2605) PSYoungGen: 131264K(222720K)->29824K(222720K) Eden: 111616K(111616K)->0K(111616K) From: 19648K(111104K)->29824K(111104K)
[866.840s][info][gc,heap        ] GC(2605) ParOldGen: 463268K(667648K)->482436K(667648K)
[866.840s][info][gc,metaspace   ] GC(2605) Metaspace: 19104K(19264K)->19104K(19264K) NonClass: 17275K(17408K)->17275K(17408K) Class: 1829K(1856K)->1829K(1856K)
[866.840s][info][gc             ] GC(2605) Pause Young (Allocation Failure) 580M->500M(869M) 67.183ms
[866.840s][info][gc,cpu         ] GC(2605) User=0.13s Sys=0.00s Real=0.06s
[866.913s][info][gc,start       ] GC(2606) Pause Young (Allocation Failure)
[866.979s][info][gc,heap        ] GC(2606) PSYoungGen: 141440K(222720K)->26816K(222720K) Eden: 111616K(111616K)->0K(111616K) From: 29824K(111104K)->26816K(111104K)
[866.979s][info][gc,heap        ] GC(2606) ParOldGen: 482436K(667648K)->512333K(667648K)
[866.979s][info][gc,metaspace   ] GC(2606) Metaspace: 19104K(19264K)->19104K(19264K) NonClass: 17275K(17408K)->17275K(17408K) Class: 1829K(1856K)->1829K(1856K)
[866.980s][info][gc             ] GC(2606) Pause Young (Allocation Failure) 609M->526M(869M) 66.861ms
[866.980s][info][gc,cpu         ] GC(2606) User=0.13s Sys=0.00s Real=0.06s
[867.119s][info][gc,start       ] GC(2607) Pause Young (Allocation Failure)
[867.168s][info][gc,heap        ] GC(2607) PSYoungGen: 138432K(222720K)->15264K(222720K) Eden: 111616K(111616K)->0K(111616K) From: 26816K(111104K)->15264K(111104K)
[867.168s][info][gc,heap        ] GC(2607) ParOldGen: 512333K(667648K)->539221K(667648K)
[867.168s][info][gc,metaspace   ] GC(2607) Metaspace: 19104K(19264K)->19104K(19264K) NonClass: 17275K(17408K)->17275K(17408K) Class: 1829K(1856K)->1829K(1856K)
[867.168s][info][gc             ] GC(2607) Pause Young (Allocation Failure) 635M->541M(869M) 49.662ms
[867.168s][info][gc,cpu         ] GC(2607) User=0.10s Sys=0.00s Real=0.05s
[867.276s][info][gc,start       ] GC(2608) Pause Young (Allocation Failure)
[867.296s][info][gc,heap        ] GC(2608) PSYoungGen: 126880K(222720K)->736K(222720K) Eden: 111616K(111616K)->0K(111616K) From: 15264K(111104K)->736K(111104K)
[867.296s][info][gc,heap        ] GC(2608) ParOldGen: 539221K(667648K)->554501K(667648K)
[867.296s][info][gc,metaspace   ] GC(2608) Metaspace: 19104K(19264K)->19104K(19264K) NonClass: 17275K(17408K)->17275K(17408K) Class: 1829K(1856K)->1829K(1856K)
[867.296s][info][gc             ] GC(2608) Pause Young (Allocation Failure) 650M->542M(869M) 20.085ms
[867.296s][info][gc,cpu         ] GC(2608) User=0.04s Sys=0.00s Real=0.02s
[867.451s][info][gc,start       ] GC(2609) Pause Young (Allocation Failure)
[867.458s][info][gc,heap        ] GC(2609) PSYoungGen: 112352K(222720K)->224K(222720K) Eden: 111616K(111616K)->0K(111616K) From: 736K(111104K)->224K(111104K)
[867.458s][info][gc,heap        ] GC(2609) ParOldGen: 554501K(667648K)->555229K(667648K)
[867.458s][info][gc,metaspace   ] GC(2609) Metaspace: 19104K(19264K)->19104K(19264K) NonClass: 17275K(17408K)->17275K(17408K) Class: 1829K(1856K)->1829K(1856K)
[867.458s][info][gc             ] GC(2609) Pause Young (Allocation Failure) 651M->542M(869M) 7.415ms
[867.458s][info][gc,cpu         ] GC(2609) User=0.02s Sys=0.00s Real=0.01s
[867.586s][info][gc,start       ] GC(2610) Pause Young (Allocation Failure)
[867.594s][info][gc,heap        ] GC(2610) PSYoungGen: 111840K(222720K)->4416K(222720K) Eden: 111616K(111616K)->0K(111616K) From: 224K(111104K)->4416K(111104K)
[867.595s][info][gc,heap        ] GC(2610) ParOldGen: 555229K(667648K)->555429K(667648K)
[867.595s][info][gc,metaspace   ] GC(2610) Metaspace: 19104K(19264K)->19104K(19264K) NonClass: 17275K(17408K)->17275K(17408K) Class: 1829K(1856K)->1829K(1856K)
[867.595s][info][gc             ] GC(2610) Pause Young (Allocation Failure) 651M->546M(869M) 8.586ms
[867.595s][info][gc,cpu         ] GC(2610) User=0.02s Sys=0.00s Real=0.01s
[867.782s][info][gc,start       ] GC(2611) Pause Young (Allocation Failure)
[867.800s][info][gc,heap        ] GC(2611) PSYoungGen: 116032K(222720K)->10368K(222720K) Eden: 111616K(111616K)->0K(111616K) From: 4416K(111104K)->10368K(111104K)
[867.800s][info][gc,heap        ] GC(2611) ParOldGen: 555429K(667648K)->559605K(667648K)
[867.800s][info][gc,metaspace   ] GC(2611) Metaspace: 19104K(19264K)->19104K(19264K) NonClass: 17275K(17408K)->17275K(17408K) Class: 1829K(1856K)->1829K(1856K)
[867.800s][info][gc             ] GC(2611) Pause Young (Allocation Failure) 655M->556M(869M) 18.389ms
[867.800s][info][gc,cpu         ] GC(2611) User=0.03s Sys=0.00s Real=0.02s
[868.016s][info][gc,start       ] GC(2612) Pause Young (Allocation Failure)
[868.050s][info][gc,heap        ] GC(2612) PSYoungGen: 121984K(222720K)->18336K(222720K) Eden: 111616K(111616K)->0K(111616K) From: 10368K(111104K)->18336K(111104K)
[868.051s][info][gc,heap        ] GC(2612) ParOldGen: 559605K(667648K)->569957K(667648K)
[868.051s][info][gc,metaspace   ] GC(2612) Metaspace: 19104K(19264K)->19104K(19264K) NonClass: 17275K(17408K)->17275K(17408K) Class: 1829K(1856K)->1829K(1856K)
[868.051s][info][gc             ] GC(2612) Pause Young (Allocation Failure) 665M->574M(869M) 34.493ms
[868.051s][info][gc,cpu         ] GC(2612) User=0.07s Sys=0.00s Real=0.03s
[868.464s][info][gc,start       ] GC(2613) Pause Young (Allocation Failure)
[868.489s][info][gc,heap        ] GC(2613) PSYoungGen: 129952K(222720K)->64K(112128K) Eden: 111616K(111616K)->0K(111616K) From: 18336K(111104K)->64K(512K)
[868.489s][info][gc,heap        ] GC(2613) ParOldGen: 569957K(667648K)->588318K(667648K)
[868.489s][info][gc,metaspace   ] GC(2613) Metaspace: 19104K(19264K)->19104K(19264K) NonClass: 17275K(17408K)->17275K(17408K) Class: 1829K(1856K)->1829K(1856K)
[868.489s][info][gc             ] GC(2613) Pause Young (Allocation Failure) 683M->574M(761M) 24.518ms
[868.489s][info][gc,cpu         ] GC(2613) User=0.04s Sys=0.00s Real=0.02s
[868.791s][info][gc,start       ] GC(2614) Pause Young (Allocation Failure)
[868.793s][info][gc,heap        ] GC(2614) PSYoungGen: 111680K(112128K)->64K(222720K) Eden: 111616K(111616K)->0K(115712K) From: 64K(512K)->64K(107008K)
[868.793s][info][gc,heap        ] GC(2614) ParOldGen: 588318K(667648K)->588318K(667648K)
[868.793s][info][gc,metaspace   ] GC(2614) Metaspace: 19104K(19264K)->19104K(19264K) NonClass: 17275K(17408K)->17275K(17408K) Class: 1829K(1856K)->1829K(1856K)
[868.793s][info][gc             ] GC(2614) Pause Young (Allocation Failure) 683M->574M(869M) 2.719ms
[868.793s][info][gc,cpu         ] GC(2614) User=0.01s Sys=0.00s Real=0.01s
[869.122s][info][gc,start       ] GC(2615) Pause Young (Allocation Failure)
[869.125s][info][gc,heap        ] GC(2615) PSYoungGen: 115776K(222720K)->64K(221184K) Eden: 115712K(115712K)->0K(115712K) From: 64K(107008K)->64K(105472K)
[869.125s][info][gc,heap        ] GC(2615) ParOldGen: 588318K(667648K)->588318K(667648K)
[869.125s][info][gc,metaspace   ] GC(2615) Metaspace: 19104K(19264K)->19104K(19264K) NonClass: 17275K(17408K)->17275K(17408K) Class: 1829K(1856K)->1829K(1856K)
[869.125s][info][gc             ] GC(2615) Pause Young (Allocation Failure) 687M->574M(868M) 3.082ms
[869.125s][info][gc,cpu         ] GC(2615) User=0.00s Sys=0.00s Real=0.00s
[869.440s][info][gc,start       ] GC(2616) Pause Young (Allocation Failure)
[869.445s][info][gc,heap        ] GC(2616) PSYoungGen: 115776K(221184K)->64K(210944K) Eden: 115712K(115712K)->0K(119808K) From: 64K(105472K)->64K(91136K)
[869.445s][info][gc,heap        ] GC(2616) ParOldGen: 588318K(667648K)->588318K(667648K)
[869.445s][info][gc,metaspace   ] GC(2616) Metaspace: 19104K(19264K)->19104K(19264K) NonClass: 17275K(17408K)->17275K(17408K) Class: 1829K(1856K)->1829K(1856K)
[869.445s][info][gc             ] GC(2616) Pause Young (Allocation Failure) 687M->574M(858M) 4.083ms
[869.445s][info][gc,cpu         ] GC(2616) User=0.00s Sys=0.01s Real=0.01s
[869.776s][info][gc,start       ] GC(2617) Pause Young (Allocation Failure)
[869.779s][info][gc,heap        ] GC(2617) PSYoungGen: 119872K(210944K)->96K(120320K) Eden: 119808K(119808K)->0K(119808K) From: 64K(91136K)->96K(512K)
[869.779s][info][gc,heap        ] GC(2617) ParOldGen: 588318K(667648K)->588318K(667648K)
[869.779s][info][gc,metaspace   ] GC(2617) Metaspace: 19104K(19264K)->19104K(19264K) NonClass: 17275K(17408K)->17275K(17408K) Class: 1829K(1856K)->1829K(1856K)
[869.779s][info][gc             ] GC(2617) Pause Young (Allocation Failure) 691M->574M(769M) 2.795ms
[869.779s][info][gc,cpu         ] GC(2617) User=0.00s Sys=0.00s Real=0.00s
[870.097s][info][gc,start       ] GC(2618) Pause Young (Allocation Failure)
[870.101s][info][gc,heap        ] GC(2618) PSYoungGen: 119904K(120320K)->128K(205312K) Eden: 119808K(119808K)->0K(122880K) From: 96K(512K)->128K(82432K)
[870.101s][info][gc,heap        ] GC(2618) ParOldGen: 588318K(667648K)->588318K(667648K)
[870.101s][info][gc,metaspace   ] GC(2618) Metaspace: 19104K(19264K)->19104K(19264K) NonClass: 17275K(17408K)->17275K(17408K) Class: 1829K(1856K)->1829K(1856K)
[870.101s][info][gc             ] GC(2618) Pause Young (Allocation Failure) 691M->574M(852M) 3.391ms
[870.101s][info][gc,cpu         ] GC(2618) User=0.01s Sys=0.00s Real=0.00s
[870.457s][info][gc,start       ] GC(2619) Pause Young (Allocation Failure)
[870.470s][info][gc,heap        ] GC(2619) PSYoungGen: 123008K(205312K)->128K(123392K) Eden: 122880K(122880K)->0K(122880K) From: 128K(82432K)->128K(512K)
[870.470s][info][gc,heap        ] GC(2619) ParOldGen: 588318K(667648K)->588318K(667648K)
[870.470s][info][gc,metaspace   ] GC(2619) Metaspace: 19104K(19264K)->19104K(19264K) NonClass: 17275K(17408K)->17275K(17408K) Class: 1829K(1856K)->1829K(1856K)
[870.470s][info][gc             ] GC(2619) Pause Young (Allocation Failure) 694M->574M(772M) 13.140ms
[870.470s][info][gc,cpu         ] GC(2619) User=0.03s Sys=0.00s Real=0.01s
[870.701s][info][gc,start       ] GC(2620) Pause Young (Allocation Failure)
[870.715s][info][gc,heap        ] GC(2620) PSYoungGen: 123008K(123392K)->15184K(195584K) Eden: 122880K(122880K)->0K(125952K) From: 128K(512K)->15184K(69632K)
[870.715s][info][gc,heap        ] GC(2620) ParOldGen: 588318K(667648K)->588318K(667648K)
[870.715s][info][gc,metaspace   ] GC(2620) Metaspace: 19104K(19264K)->19104K(19264K) NonClass: 17275K(17408K)->17275K(17408K) Class: 1829K(1856K)->1829K(1856K)
[870.715s][info][gc             ] GC(2620) Pause Young (Allocation Failure) 694M->589M(843M) 14.344ms
[870.715s][info][gc,cpu         ] GC(2620) User=0.03s Sys=0.00s Real=0.02s
[870.787s][info][gc,start       ] GC(2621) Pause Young (Allocation Failure)
[870.833s][info][gc,heap        ] GC(2621) PSYoungGen: 141136K(195584K)->61696K(202240K) Eden: 125952K(125952K)->0K(125952K) From: 15184K(69632K)->61696K(76288K)
[870.833s][info][gc,heap        ] GC(2621) ParOldGen: 588318K(667648K)->588318K(667648K)
[870.833s][info][gc,metaspace   ] GC(2621) Metaspace: 19104K(19264K)->19104K(19264K) NonClass: 17275K(17408K)->17275K(17408K) Class: 1829K(1856K)->1829K(1856K)
[870.833s][info][gc             ] GC(2621) Pause Young (Allocation Failure) 712M->634M(849M) 45.393ms
[870.833s][info][gc,cpu         ] GC(2621) User=0.09s Sys=0.00s Real=0.05s
[871.051s][info][gc,start       ] GC(2622) Pause Young (Allocation Failure)
[871.115s][info][gc,heap        ] GC(2622) PSYoungGen: 187648K(202240K)->79024K(206336K) Eden: 125952K(125952K)->0K(118272K) From: 61696K(76288K)->79024K(88064K)
[871.115s][info][gc,heap        ] GC(2622) ParOldGen: 588318K(667648K)->588318K(667648K)
[871.115s][info][gc,metaspace   ] GC(2622) Metaspace: 19104K(19264K)->19104K(19264K) NonClass: 17275K(17408K)->17275K(17408K) Class: 1829K(1856K)->1829K(1856K)
[871.115s][info][gc             ] GC(2622) Pause Young (Allocation Failure) 757M->651M(853M) 64.182ms
[871.115s][info][gc,cpu         ] GC(2622) User=0.11s Sys=0.02s Real=0.07s
[871.298s][info][gc,start       ] GC(2623) Pause Young (Allocation Failure)
[871.398s][info][gc,heap        ] GC(2623) PSYoungGen: 197296K(206336K)->90192K(221696K) Eden: 118272K(118272K)->0K(118272K) From: 79024K(88064K)->90192K(103424K)
[871.399s][info][gc,heap        ] GC(2623) ParOldGen: 588318K(667648K)->588318K(667648K)
[871.399s][info][gc,metaspace   ] GC(2623) Metaspace: 19104K(19264K)->19104K(19264K) NonClass: 17275K(17408K)->17275K(17408K) Class: 1829K(1856K)->1829K(1856K)
[871.399s][info][gc             ] GC(2623) Pause Young (Allocation Failure) 767M->662M(868M) 100.803ms
[871.399s][info][gc,cpu         ] GC(2623) User=0.20s Sys=0.00s Real=0.10s
[871.558s][info][gc,start       ] GC(2624) Pause Young (Allocation Failure)
[871.693s][info][gc,heap        ] GC(2624) PSYoungGen: 208464K(221696K)->111072K(222720K) Eden: 118272K(118272K)->0K(111616K) From: 90192K(103424K)->111072K(111104K)
[871.693s][info][gc,heap        ] GC(2624) ParOldGen: 588318K(667648K)->594590K(667648K)
[871.693s][info][gc,metaspace   ] GC(2624) Metaspace: 19104K(19264K)->19104K(19264K) NonClass: 17275K(17408K)->17275K(17408K) Class: 1829K(1856K)->1829K(1856K)
[871.693s][info][gc             ] GC(2624) Pause Young (Allocation Failure) 778M->689M(869M) 134.871ms
[871.693s][info][gc,cpu         ] GC(2624) User=0.24s Sys=0.03s Real=0.14s
[871.845s][info][gc,start       ] GC(2625) Pause Young (Allocation Failure)
[871.988s][info][gc,heap        ] GC(2625) PSYoungGen: 222688K(222720K)->111072K(222720K) Eden: 111616K(111616K)->0K(111616K) From: 111072K(111104K)->111072K(111104K)
[871.988s][info][gc,heap        ] GC(2625) ParOldGen: 594590K(667648K)->616322K(667648K)
[871.988s][info][gc,metaspace   ] GC(2625) Metaspace: 19104K(19264K)->19104K(19264K) NonClass: 17275K(17408K)->17275K(17408K) Class: 1829K(1856K)->1829K(1856K)
[871.988s][info][gc             ] GC(2625) Pause Young (Allocation Failure) 798M->710M(869M) 143.385ms
[871.988s][info][gc,cpu         ] GC(2625) User=0.27s Sys=0.00s Real=0.14s
[872.097s][info][gc,start       ] GC(2626) Pause Young (Allocation Failure)
[872.227s][info][gc,heap        ] GC(2626) PSYoungGen: 222688K(222720K)->111072K(222720K) Eden: 111616K(111616K)->0K(111616K) From: 111072K(111104K)->111072K(111104K)
[872.228s][info][gc,heap        ] GC(2626) ParOldGen: 616322K(667648K)->630042K(667648K)
[872.228s][info][gc,metaspace   ] GC(2626) Metaspace: 19104K(19264K)->19104K(19264K) NonClass: 17275K(17408K)->17275K(17408K) Class: 1829K(1856K)->1829K(1856K)
[872.228s][info][gc             ] GC(2626) Pause Young (Allocation Failure) 819M->723M(869M) 130.329ms
[872.228s][info][gc,cpu         ] GC(2626) User=0.24s Sys=0.01s Real=0.13s
[872.283s][info][gc,start       ] GC(2627) Pause Young (Allocation Failure)
[872.402s][info][gc,heap        ] GC(2627) PSYoungGen: 222688K(222720K)->101088K(222720K) Eden: 111616K(111616K)->0K(111616K) From: 111072K(111104K)->101088K(111104K)
[872.402s][info][gc,heap        ] GC(2627) ParOldGen: 630042K(667648K)->644858K(667648K)
[872.402s][info][gc,metaspace   ] GC(2627) Metaspace: 19104K(19264K)->19104K(19264K) NonClass: 17275K(17408K)->17275K(17408K) Class: 1829K(1856K)->1829K(1856K)
[872.402s][info][gc             ] GC(2627) Pause Young (Allocation Failure) 832M->728M(869M) 119.598ms
[872.402s][info][gc,cpu         ] GC(2627) User=0.23s Sys=0.01s Real=0.12s
[872.492s][info][gc,start       ] GC(2628) Pause Full (Allocation Failure)
[872.492s][info][gc,phases,start] GC(2628) Marking Phase
[872.784s][info][gc,phases      ] GC(2628) Marking Phase 291.315ms
[872.784s][info][gc,phases,start] GC(2628) Summary Phase
[872.784s][info][gc,phases      ] GC(2628) Summary Phase 0.035ms
[872.784s][info][gc,phases,start] GC(2628) Forward
[872.869s][info][gc,phases      ] GC(2628) Forward 85.280ms
[872.869s][info][gc,phases,start] GC(2628) Adjust Pointers
[873.101s][info][gc,phases      ] GC(2628) Adjust Pointers 232.093ms
[873.101s][info][gc,phases,start] GC(2628) Compaction Phase
[873.225s][info][gc,phases      ] GC(2628) Compaction Phase 123.501ms
[873.233s][info][gc,phases,start] GC(2628) Post Compact
[873.236s][info][gc,phases      ] GC(2628) Post Compact 2.554ms
[873.236s][info][gc,heap        ] GC(2628) PSYoungGen: 212704K(222720K)->0K(222720K) Eden: 111616K(111616K)->0K(111616K) From: 101088K(111104K)->0K(111104K)
[873.236s][info][gc,heap        ] GC(2628) ParOldGen: 644858K(667648K)->387526K(651264K)
[873.236s][info][gc,metaspace   ] GC(2628) Metaspace: 19105K(19264K)->19105K(19264K) NonClass: 17275K(17408K)->17275K(17408K) Class: 1829K(1856K)->1829K(1856K)
[873.236s][info][gc             ] GC(2628) Pause Full (Allocation Failure) 837M->378M(853M) 744.067ms
[873.236s][info][gc,cpu         ] GC(2628) User=1.42s Sys=0.00s Real=0.74s
[873.328s][info][gc,start       ] GC(2629) Pause Young (Allocation Failure)
[873.342s][info][gc,heap        ] GC(2629) PSYoungGen: 111616K(222720K)->7088K(222720K) Eden: 111616K(111616K)->0K(111616K) From: 0K(111104K)->7088K(111104K)
[873.342s][info][gc,heap        ] GC(2629) ParOldGen: 387526K(651264K)->387526K(651264K)
[873.342s][info][gc,metaspace   ] GC(2629) Metaspace: 19105K(19264K)->19105K(19264K) NonClass: 17275K(17408K)->17275K(17408K) Class: 1829K(1856K)->1829K(1856K)
[873.342s][info][gc             ] GC(2629) Pause Young (Allocation Failure) 487M->385M(853M) 14.178ms
[873.342s][info][gc,cpu         ] GC(2629) User=0.03s Sys=0.00s Real=0.01s
[873.436s][info][gc,start       ] GC(2630) Pause Young (Allocation Failure)
[873.471s][info][gc,heap        ] GC(2630) PSYoungGen: 118704K(222720K)->31904K(222720K) Eden: 111616K(111616K)->0K(111616K) From: 7088K(111104K)->31904K(111104K)
[873.471s][info][gc,heap        ] GC(2630) ParOldGen: 387526K(651264K)->387526K(651264K)
[873.471s][info][gc,metaspace   ] GC(2630) Metaspace: 19105K(19264K)->19105K(19264K) NonClass: 17275K(17408K)->17275K(17408K) Class: 1829K(1856K)->1829K(1856K)
[873.471s][info][gc             ] GC(2630) Pause Young (Allocation Failure) 494M->409M(853M) 35.157ms
[873.471s][info][gc,cpu         ] GC(2630) User=0.07s Sys=0.00s Real=0.03s
[873.562s][info][gc,start       ] GC(2631) Pause Young (Allocation Failure)
[873.600s][info][gc,heap        ] GC(2631) PSYoungGen: 143520K(222720K)->34352K(222720K) Eden: 111616K(111616K)->0K(111616K) From: 31904K(111104K)->34352K(111104K)
[873.600s][info][gc,heap        ] GC(2631) ParOldGen: 387526K(651264K)->387526K(651264K)
[873.600s][info][gc,metaspace   ] GC(2631) Metaspace: 19105K(19264K)->19105K(19264K) NonClass: 17275K(17408K)->17275K(17408K) Class: 1829K(1856K)->1829K(1856K)
[873.600s][info][gc             ] GC(2631) Pause Young (Allocation Failure) 518M->411M(853M) 37.949ms
[873.600s][info][gc,cpu         ] GC(2631) User=0.08s Sys=0.00s Real=0.03s
[873.713s][info][gc,start       ] GC(2632) Pause Young (Allocation Failure)
[873.755s][info][gc,heap        ] GC(2632) PSYoungGen: 145968K(222720K)->39648K(222720K) Eden: 111616K(111616K)->0K(111616K) From: 34352K(111104K)->39648K(111104K)
[873.755s][info][gc,heap        ] GC(2632) ParOldGen: 387526K(651264K)->389822K(651264K)
[873.755s][info][gc,metaspace   ] GC(2632) Metaspace: 19105K(19264K)->19105K(19264K) NonClass: 17275K(17408K)->17275K(17408K) Class: 1829K(1856K)->1829K(1856K)
[873.755s][info][gc             ] GC(2632) Pause Young (Allocation Failure) 520M->419M(853M) 42.726ms
[873.755s][info][gc,cpu         ] GC(2632) User=0.08s Sys=0.00s Real=0.04s
[873.870s][info][gc,start       ] GC(2633) Pause Young (Allocation Failure)
[873.933s][info][gc,heap        ] GC(2633) PSYoungGen: 151264K(222720K)->20000K(222720K) Eden: 111616K(111616K)->0K(111616K) From: 39648K(111104K)->20000K(111104K)
[873.933s][info][gc,heap        ] GC(2633) ParOldGen: 389822K(651264K)->422110K(651264K)
[873.933s][info][gc,metaspace   ] GC(2633) Metaspace: 19105K(19264K)->19105K(19264K) NonClass: 17275K(17408K)->17275K(17408K) Class: 1829K(1856K)->1829K(1856K)
[873.933s][info][gc             ] GC(2633) Pause Young (Allocation Failure) 528M->431M(853M) 63.727ms
[873.933s][info][gc,cpu         ] GC(2633) User=0.13s Sys=0.00s Real=0.07s
[874.124s][info][gc,start       ] GC(2634) Pause Young (Allocation Failure)
[874.175s][info][gc,heap        ] GC(2634) PSYoungGen: 131616K(222720K)->20064K(222720K) Eden: 111616K(111616K)->0K(111616K) From: 20000K(111104K)->20064K(111104K)
[874.175s][info][gc,heap        ] GC(2634) ParOldGen: 422110K(651264K)->442174K(651264K)
[874.175s][info][gc,metaspace   ] GC(2634) Metaspace: 19105K(19264K)->19105K(19264K) NonClass: 17275K(17408K)->17275K(17408K) Class: 1829K(1856K)->1829K(1856K)
[874.175s][info][gc             ] GC(2634) Pause Young (Allocation Failure) 540M->451M(853M) 50.573ms
[874.175s][info][gc,cpu         ] GC(2634) User=0.10s Sys=0.00s Real=0.05s
[874.575s][info][gc,start       ] GC(2635) Pause Young (Allocation Failure)
[874.605s][info][gc,heap        ] GC(2635) PSYoungGen: 131680K(222720K)->1632K(222720K) Eden: 111616K(111616K)->0K(111616K) From: 20064K(111104K)->1632K(111104K)
[874.605s][info][gc,heap        ] GC(2635) ParOldGen: 442174K(651264K)->462238K(651264K)
[874.605s][info][gc,metaspace   ] GC(2635) Metaspace: 19105K(19264K)->19105K(19264K) NonClass: 17275K(17408K)->17275K(17408K) Class: 1829K(1856K)->1829K(1856K)
[874.605s][info][gc             ] GC(2635) Pause Young (Allocation Failure) 560M->452M(853M) 30.719ms
[874.605s][info][gc,cpu         ] GC(2635) User=0.06s Sys=0.00s Real=0.03s
[874.754s][info][gc,start       ] GC(2636) Pause Young (Allocation Failure)
[874.772s][info][gc,heap        ] GC(2636) PSYoungGen: 113248K(222720K)->13584K(222720K) Eden: 111616K(111616K)->0K(111616K) From: 1632K(111104K)->13584K(111104K)
[874.772s][info][gc,heap        ] GC(2636) ParOldGen: 462238K(651264K)->463851K(651264K)
[874.772s][info][gc,metaspace   ] GC(2636) Metaspace: 19105K(19264K)->19105K(19264K) NonClass: 17275K(17408K)->17275K(17408K) Class: 1829K(1856K)->1829K(1856K)
[874.772s][info][gc             ] GC(2636) Pause Young (Allocation Failure) 561M->466M(853M) 18.267ms
[874.772s][info][gc,cpu         ] GC(2636) User=0.04s Sys=0.00s Real=0.02s
[874.936s][info][gc,start       ] GC(2637) Pause Young (Allocation Failure)
[874.960s][info][gc,heap        ] GC(2637) PSYoungGen: 125200K(222720K)->9648K(222720K) Eden: 111616K(111616K)->0K(111616K) From: 13584K(111104K)->9648K(111104K)
[874.960s][info][gc,heap        ] GC(2637) ParOldGen: 463851K(651264K)->477507K(651264K)
[874.960s][info][gc,metaspace   ] GC(2637) Metaspace: 19105K(19264K)->19105K(19264K) NonClass: 17275K(17408K)->17275K(17408K) Class: 1829K(1856K)->1829K(1856K)
[874.960s][info][gc             ] GC(2637) Pause Young (Allocation Failure) 575M->475M(853M) 24.804ms
[874.960s][info][gc,cpu         ] GC(2637) User=0.05s Sys=0.00s Real=0.02s
[875.026s][info][gc,start       ] GC(2638) Pause Young (Allocation Failure)
[875.071s][info][gc,heap        ] GC(2638) PSYoungGen: 121264K(222720K)->42912K(222720K) Eden: 111616K(111616K)->0K(111616K) From: 9648K(111104K)->42912K(111104K)
[875.071s][info][gc,heap        ] GC(2638) ParOldGen: 477507K(651264K)->487211K(651264K)
[875.071s][info][gc,metaspace   ] GC(2638) Metaspace: 19105K(19264K)->19105K(19264K) NonClass: 17275K(17408K)->17275K(17408K) Class: 1829K(1856K)->1829K(1856K)
[875.071s][info][gc             ] GC(2638) Pause Young (Allocation Failure) 584M->517M(853M) 44.137ms
[875.071s][info][gc,cpu         ] GC(2638) User=0.09s Sys=0.00s Real=0.04s
[875.283s][info][gc,start       ] GC(2639) Pause Young (Allocation Failure)
[875.331s][info][gc,heap        ] GC(2639) PSYoungGen: 154528K(222720K)->27344K(222720K) Eden: 111616K(111616K)->0K(111616K) From: 42912K(111104K)->27344K(111104K)
[875.331s][info][gc,heap        ] GC(2639) ParOldGen: 487211K(651264K)->530619K(651264K)
[875.331s][info][gc,metaspace   ] GC(2639) Metaspace: 19105K(19264K)->19105K(19264K) NonClass: 17275K(17408K)->17275K(17408K) Class: 1829K(1856K)->1829K(1856K)
[875.331s][info][gc             ] GC(2639) Pause Young (Allocation Failure) 626M->544M(853M) 48.892ms
[875.331s][info][gc,cpu         ] GC(2639) User=0.10s Sys=0.00s Real=0.04s
[875.460s][info][gc,start       ] GC(2640) Pause Young (Allocation Failure)
[875.491s][info][gc,heap        ] GC(2640) PSYoungGen: 138960K(222720K)->2912K(222720K) Eden: 111616K(111616K)->0K(111616K) From: 27344K(111104K)->2912K(111104K)
[875.491s][info][gc,heap        ] GC(2640) ParOldGen: 530619K(651264K)->558264K(651264K)
[875.491s][info][gc,metaspace   ] GC(2640) Metaspace: 19105K(19264K)->19105K(19264K) NonClass: 17275K(17408K)->17275K(17408K) Class: 1829K(1856K)->1829K(1856K)
[875.491s][info][gc             ] GC(2640) Pause Young (Allocation Failure) 653M->548M(853M) 31.885ms
[875.491s][info][gc,cpu         ] GC(2640) User=0.06s Sys=0.00s Real=0.03s
[875.649s][info][gc,start       ] GC(2641) Pause Young (Allocation Failure)
[875.709s][info][gc,heap        ] GC(2641) PSYoungGen: 114528K(222720K)->33152K(144896K) Eden: 111616K(111616K)->0K(111616K) From: 2912K(111104K)->33152K(33280K)
[875.709s][info][gc,heap        ] GC(2641) ParOldGen: 558264K(651264K)->561152K(651264K)
[875.709s][info][gc,metaspace   ] GC(2641) Metaspace: 19105K(19264K)->19105K(19264K) NonClass: 17275K(17408K)->17275K(17408K) Class: 1829K(1856K)->1829K(1856K)
[875.709s][info][gc             ] GC(2641) Pause Young (Allocation Failure) 657M->580M(777M) 60.356ms
[875.709s][info][gc,cpu         ] GC(2641) User=0.11s Sys=0.00s Real=0.06s
[875.849s][info][gc,start       ] GC(2642) Pause Young (Allocation Failure)
[875.913s][info][gc,heap        ] GC(2642) PSYoungGen: 144768K(144896K)->16256K(223232K) Eden: 111616K(111616K)->0K(116224K) From: 33152K(33280K)->16256K(107008K)
[875.913s][info][gc,heap        ] GC(2642) ParOldGen: 561152K(651264K)->594352K(651264K)
[875.913s][info][gc,metaspace   ] GC(2642) Metaspace: 19105K(19264K)->19105K(19264K) NonClass: 17275K(17408K)->17275K(17408K) Class: 1829K(1856K)->1829K(1856K)
[875.913s][info][gc             ] GC(2642) Pause Young (Allocation Failure) 689M->596M(854M) 64.103ms
[875.913s][info][gc,cpu         ] GC(2642) User=0.13s Sys=0.01s Real=0.07s
[876.038s][info][gc,start       ] GC(2643) Pause Young (Allocation Failure)
[876.071s][info][gc,heap        ] GC(2643) PSYoungGen: 132480K(223232K)->11456K(218624K) Eden: 116224K(116224K)->0K(116224K) From: 16256K(107008K)->11456K(102400K)
[876.071s][info][gc,heap        ] GC(2643) ParOldGen: 594352K(651264K)->610616K(651264K)
[876.071s][info][gc,metaspace   ] GC(2643) Metaspace: 19105K(19264K)->19105K(19264K) NonClass: 17275K(17408K)->17275K(17408K) Class: 1829K(1856K)->1829K(1856K)
[876.071s][info][gc             ] GC(2643) Pause Young (Allocation Failure) 709M->607M(849M) 33.483ms
[876.071s][info][gc,cpu         ] GC(2643) User=0.06s Sys=0.00s Real=0.03s
[876.195s][info][gc,start       ] GC(2644) Pause Young (Allocation Failure)
[876.215s][info][gc,heap        ] GC(2644) PSYoungGen: 127680K(218624K)->704K(223232K) Eden: 116224K(116224K)->0K(126976K) From: 11456K(102400K)->704K(96256K)
[876.216s][info][gc,heap        ] GC(2644) ParOldGen: 610616K(651264K)->622096K(651264K)
[876.216s][info][gc,metaspace   ] GC(2644) Metaspace: 19105K(19264K)->19105K(19264K) NonClass: 17275K(17408K)->17275K(17408K) Class: 1829K(1856K)->1829K(1856K)
[876.216s][info][gc             ] GC(2644) Pause Young (Allocation Failure) 720M->608M(854M) 20.468ms
[876.216s][info][gc,cpu         ] GC(2644) User=0.04s Sys=0.00s Real=0.02s
[876.361s][info][gc,start       ] GC(2645) Pause Young (Allocation Failure)
[876.370s][info][gc,heap        ] GC(2645) PSYoungGen: 127680K(223232K)->1312K(222720K) Eden: 126976K(126976K)->0K(126976K) From: 704K(96256K)->1312K(95744K)
[876.370s][info][gc,heap        ] GC(2645) ParOldGen: 622096K(651264K)->622096K(651264K)
[876.370s][info][gc,metaspace   ] GC(2645) Metaspace: 19105K(19264K)->19105K(19264K) NonClass: 17275K(17408K)->17275K(17408K) Class: 1829K(1856K)->1829K(1856K)
[876.370s][info][gc             ] GC(2645) Pause Young (Allocation Failure) 732M->608M(853M) 8.359ms
[876.370s][info][gc,cpu         ] GC(2645) User=0.02s Sys=0.00s Real=0.01s
[876.543s][info][gc,start       ] GC(2646) Pause Young (Allocation Failure)
[876.556s][info][gc,heap        ] GC(2646) PSYoungGen: 128288K(222720K)->5152K(220672K) Eden: 126976K(126976K)->0K(136704K) From: 1312K(95744K)->5152K(83968K)
[876.556s][info][gc,heap        ] GC(2646) ParOldGen: 622096K(651264K)->622096K(651264K)
[876.556s][info][gc,metaspace   ] GC(2646) Metaspace: 19105K(19264K)->19105K(19264K) NonClass: 17275K(17408K)->17275K(17408K) Class: 1829K(1856K)->1829K(1856K)
[876.556s][info][gc             ] GC(2646) Pause Young (Allocation Failure) 732M->612M(851M) 12.488ms
[876.556s][info][gc,cpu         ] GC(2646) User=0.02s Sys=0.00s Real=0.01s
[876.853s][info][gc,start       ] GC(2647) Pause Young (Allocation Failure)
[876.887s][info][gc,heap        ] GC(2647) PSYoungGen: 141856K(220672K)->21488K(225792K) Eden: 136704K(136704K)->0K(136704K) From: 5152K(83968K)->21488K(89088K)
[876.887s][info][gc,heap        ] GC(2647) ParOldGen: 622096K(651264K)->622096K(651264K)
[876.887s][info][gc,metaspace   ] GC(2647) Metaspace: 19105K(19264K)->19105K(19264K) NonClass: 17275K(17408K)->17275K(17408K) Class: 1829K(1856K)->1829K(1856K)
[876.887s][info][gc             ] GC(2647) Pause Young (Allocation Failure) 746M->628M(856M) 34.347ms
[876.887s][info][gc,cpu         ] GC(2647) User=0.07s Sys=0.00s Real=0.03s
[877.180s][info][gc,start       ] GC(2648) Pause Young (Allocation Failure)
[877.225s][info][gc,heap        ] GC(2648) PSYoungGen: 158192K(225792K)->33936K(226304K) Eden: 136704K(136704K)->0K(146944K) From: 21488K(89088K)->33936K(79360K)
[877.225s][info][gc,heap        ] GC(2648) ParOldGen: 622096K(651264K)->622096K(651264K)
[877.225s][info][gc,metaspace   ] GC(2648) Metaspace: 19105K(19264K)->19105K(19264K) NonClass: 17275K(17408K)->17275K(17408K) Class: 1829K(1856K)->1829K(1856K)
[877.225s][info][gc             ] GC(2648) Pause Young (Allocation Failure) 762M->640M(857M) 45.627ms
[877.225s][info][gc,cpu         ] GC(2648) User=0.08s Sys=0.00s Real=0.05s
[877.664s][info][gc,start       ] GC(2649) Pause Young (Allocation Failure)
[877.705s][info][gc,heap        ] GC(2649) PSYoungGen: 180880K(226304K)->33920K(227840K) Eden: 146944K(146944K)->0K(146944K) From: 33936K(79360K)->33920K(80896K)
[877.705s][info][gc,heap        ] GC(2649) ParOldGen: 622096K(651264K)->622096K(651264K)
[877.705s][info][gc,metaspace   ] GC(2649) Metaspace: 19105K(19264K)->19105K(19264K) NonClass: 17275K(17408K)->17275K(17408K) Class: 1829K(1856K)->1829K(1856K)
[877.705s][info][gc             ] GC(2649) Pause Young (Allocation Failure) 784M->640M(858M) 41.345ms
[877.705s][info][gc,cpu         ] GC(2649) User=0.08s Sys=0.00s Real=0.04s
[878.160s][info][gc,start       ] GC(2650) Pause Young (Allocation Failure)
[878.213s][info][gc,heap        ] GC(2650) PSYoungGen: 180864K(227840K)->34288K(232448K) Eden: 146944K(146944K)->0K(156672K) From: 33920K(80896K)->34288K(75776K)
[878.213s][info][gc,heap        ] GC(2650) ParOldGen: 622096K(651264K)->622096K(651264K)
[878.213s][info][gc,metaspace   ] GC(2650) Metaspace: 19105K(19264K)->19105K(19264K) NonClass: 17276K(17408K)->17276K(17408K) Class: 1829K(1856K)->1829K(1856K)
[878.213s][info][gc             ] GC(2650) Pause Young (Allocation Failure) 784M->641M(863M) 53.588ms
[878.213s][info][gc,cpu         ] GC(2650) User=0.11s Sys=0.00s Real=0.06s
[878.431s][info][gc,start       ] GC(2651) Pause Young (Allocation Failure)
[878.512s][info][gc,heap        ] GC(2651) PSYoungGen: 190960K(232448K)->72544K(234496K) Eden: 156672K(156672K)->0K(156672K) From: 34288K(75776K)->72544K(77824K)
[878.512s][info][gc,heap        ] GC(2651) ParOldGen: 622096K(651264K)->622096K(651264K)
[878.512s][info][gc,metaspace   ] GC(2651) Metaspace: 19105K(19264K)->19105K(19264K) NonClass: 17276K(17408K)->17276K(17408K) Class: 1829K(1856K)->1829K(1856K)
[878.512s][info][gc             ] GC(2651) Pause Young (Allocation Failure) 794M->678M(865M) 81.320ms
[878.513s][info][gc,cpu         ] GC(2651) User=0.16s Sys=0.00s Real=0.09s
[878.786s][info][gc,start       ] GC(2652) Pause Young (Allocation Failure)
[878.893s][info][gc,heap        ] GC(2652) PSYoungGen: 229216K(234496K)->88784K(211968K) Eden: 156672K(156672K)->0K(121856K) From: 72544K(77824K)->88784K(90112K)
[878.893s][info][gc,heap        ] GC(2652) ParOldGen: 622096K(651264K)->622096K(651264K)
[878.893s][info][gc,metaspace   ] GC(2652) Metaspace: 19105K(19264K)->19105K(19264K) NonClass: 17276K(17408K)->17276K(17408K) Class: 1829K(1856K)->1829K(1856K)
[878.893s][info][gc             ] GC(2652) Pause Young (Allocation Failure) 831M->694M(843M) 107.551ms
[878.893s][info][gc,cpu         ] GC(2652) User=0.19s Sys=0.03s Real=0.11s
[879.128s][info][gc,start       ] GC(2653) Pause Young (Allocation Failure)
[879.232s][info][gc,heap        ] GC(2653) PSYoungGen: 210640K(211968K)->88816K(210944K) Eden: 121856K(121856K)->0K(121856K) From: 88784K(90112K)->88816K(89088K)
[879.232s][info][gc,heap        ] GC(2653) ParOldGen: 622096K(651264K)->622096K(651264K)
[879.232s][info][gc,metaspace   ] GC(2653) Metaspace: 19105K(19264K)->19105K(19264K) NonClass: 17276K(17408K)->17276K(17408K) Class: 1829K(1856K)->1829K(1856K)
[879.232s][info][gc             ] GC(2653) Pause Young (Allocation Failure) 813M->694M(842M) 104.084ms
[879.232s][info][gc,cpu         ] GC(2653) User=0.20s Sys=0.00s Real=0.10s
[879.454s][info][gc,start       ] GC(2654) Pause Young (Allocation Failure)
[879.550s][info][gc,heap        ] GC(2654) PSYoungGen: 210672K(210944K)->95120K(222720K) Eden: 121856K(121856K)->0K(111616K) From: 88816K(89088K)->95120K(111104K)
[879.550s][info][gc,heap        ] GC(2654) ParOldGen: 622096K(651264K)->623376K(651264K)
[879.550s][info][gc,metaspace   ] GC(2654) Metaspace: 19105K(19264K)->19105K(19264K) NonClass: 17276K(17408K)->17276K(17408K) Class: 1829K(1856K)->1829K(1856K)
[879.550s][info][gc             ] GC(2654) Pause Young (Allocation Failure) 813M->701M(853M) 96.173ms
[879.550s][info][gc,cpu         ] GC(2654) User=0.19s Sys=0.00s Real=0.09s
[879.680s][info][gc,start       ] GC(2655) Pause Young (Allocation Failure)
[879.788s][info][gc,heap        ] GC(2655) PSYoungGen: 206736K(222720K)->89616K(222720K) Eden: 111616K(111616K)->0K(111616K) From: 95120K(111104K)->89616K(111104K)
[879.788s][info][gc,heap        ] GC(2655) ParOldGen: 623376K(651264K)->643640K(651264K)
[879.788s][info][gc,metaspace   ] GC(2655) Metaspace: 19105K(19264K)->19105K(19264K) NonClass: 17276K(17408K)->17276K(17408K) Class: 1829K(1856K)->1829K(1856K)
[879.788s][info][gc             ] GC(2655) Pause Young (Allocation Failure) 810M->716M(853M) 108.206ms
[879.788s][info][gc,cpu         ] GC(2655) User=0.21s Sys=0.00s Real=0.11s
[879.897s][info][gc,start       ] GC(2656) Pause Full (Allocation Failure)
[879.897s][info][gc,phases,start] GC(2656) Marking Phase
[880.277s][info][gc,phases      ] GC(2656) Marking Phase 380.109ms
[880.277s][info][gc,phases,start] GC(2656) Summary Phase
[880.277s][info][gc,phases      ] GC(2656) Summary Phase 0.036ms
[880.277s][info][gc,phases,start] GC(2656) Forward
[880.388s][info][gc,phases      ] GC(2656) Forward 110.429ms
[880.388s][info][gc,phases,start] GC(2656) Adjust Pointers
[880.703s][info][gc,phases      ] GC(2656) Adjust Pointers 315.468ms
[880.703s][info][gc,phases,start] GC(2656) Compaction Phase
[880.891s][info][gc,phases      ] GC(2656) Compaction Phase 187.096ms
[880.899s][info][gc,phases,start] GC(2656) Post Compact
[880.901s][info][gc,phases      ] GC(2656) Post Compact 2.541ms
[880.901s][info][gc,heap        ] GC(2656) PSYoungGen: 201232K(222720K)->0K(222720K) Eden: 111616K(111616K)->0K(111616K) From: 89616K(111104K)->0K(111104K)
[880.901s][info][gc,heap        ] GC(2656) ParOldGen: 643640K(651264K)->481369K(667648K)
[880.901s][info][gc,metaspace   ] GC(2656) Metaspace: 19105K(19264K)->19105K(19264K) NonClass: 17276K(17408K)->17276K(17408K) Class: 1829K(1856K)->1829K(1856K)
[880.901s][info][gc             ] GC(2656) Pause Full (Allocation Failure) 825M->470M(869M) 1004.370ms
[880.901s][info][gc,cpu         ] GC(2656) User=1.91s Sys=0.00s Real=1.00s
[881.057s][info][gc,start       ] GC(2657) Pause Young (Allocation Failure)
[881.066s][info][gc,heap        ] GC(2657) PSYoungGen: 111616K(222720K)->3072K(222720K) Eden: 111616K(111616K)->0K(111616K) From: 0K(111104K)->3072K(111104K)
[881.066s][info][gc,heap        ] GC(2657) ParOldGen: 481369K(667648K)->481369K(667648K)
[881.066s][info][gc,metaspace   ] GC(2657) Metaspace: 19105K(19264K)->19105K(19264K) NonClass: 17276K(17408K)->17276K(17408K) Class: 1829K(1856K)->1829K(1856K)
[881.066s][info][gc             ] GC(2657) Pause Young (Allocation Failure) 579M->473M(869M) 9.218ms
[881.066s][info][gc,cpu         ] GC(2657) User=0.02s Sys=0.00s Real=0.01s
[881.262s][info][gc,start       ] GC(2658) Pause Young (Allocation Failure)
[881.287s][info][gc,heap        ] GC(2658) PSYoungGen: 114688K(222720K)->17664K(222720K) Eden: 111616K(111616K)->0K(111616K) From: 3072K(111104K)->17664K(111104K)
[881.287s][info][gc,heap        ] GC(2658) ParOldGen: 481369K(667648K)->481369K(667648K)
[881.287s][info][gc,metaspace   ] GC(2658) Metaspace: 19105K(19264K)->19105K(19264K) NonClass: 17276K(17408K)->17276K(17408K) Class: 1829K(1856K)->1829K(1856K)
[881.287s][info][gc             ] GC(2658) Pause Young (Allocation Failure) 582M->487M(869M) 24.554ms
[881.287s][info][gc,cpu         ] GC(2658) User=0.04s Sys=0.00s Real=0.02s
[881.630s][info][gc,start       ] GC(2659) Pause Young (Allocation Failure)
[881.664s][info][gc,heap        ] GC(2659) PSYoungGen: 129280K(222720K)->17728K(222720K) Eden: 111616K(111616K)->0K(111616K) From: 17664K(111104K)->17728K(111104K)
[881.664s][info][gc,heap        ] GC(2659) ParOldGen: 481369K(667648K)->481369K(667648K)
[881.664s][info][gc,metaspace   ] GC(2659) Metaspace: 19105K(19264K)->19105K(19264K) NonClass: 17276K(17408K)->17276K(17408K) Class: 1829K(1856K)->1829K(1856K)
[881.664s][info][gc             ] GC(2659) Pause Young (Allocation Failure) 596M->487M(869M) 34.312ms
[881.664s][info][gc,cpu         ] GC(2659) User=0.06s Sys=0.00s Real=0.04s
[881.952s][info][gc,start       ] GC(2660) Pause Young (Allocation Failure)
[881.973s][info][gc,heap        ] GC(2660) PSYoungGen: 129344K(222720K)->18048K(222720K) Eden: 111616K(111616K)->0K(111616K) From: 17728K(111104K)->18048K(111104K)
[881.973s][info][gc,heap        ] GC(2660) ParOldGen: 481369K(667648K)->481369K(667648K)
[881.973s][info][gc,metaspace   ] GC(2660) Metaspace: 19105K(19264K)->19105K(19264K) NonClass: 17276K(17408K)->17276K(17408K) Class: 1829K(1856K)->1829K(1856K)
[881.973s][info][gc             ] GC(2660) Pause Young (Allocation Failure) 596M->487M(869M) 21.196ms
[881.973s][info][gc,cpu         ] GC(2660) User=0.04s Sys=0.00s Real=0.03s
[882.151s][info][gc,start       ] GC(2661) Pause Young (Allocation Failure)
[882.192s][info][gc,heap        ] GC(2661) PSYoungGen: 129664K(222720K)->21881K(222720K) Eden: 111616K(111616K)->0K(111616K) From: 18048K(111104K)->21881K(111104K)
[882.192s][info][gc,heap        ] GC(2661) ParOldGen: 481369K(667648K)->499041K(667648K)
[882.192s][info][gc,metaspace   ] GC(2661) Metaspace: 19105K(19264K)->19105K(19264K) NonClass: 17276K(17408K)->17276K(17408K) Class: 1829K(1856K)->1829K(1856K)
[882.192s][info][gc             ] GC(2661) Pause Young (Allocation Failure) 596M->508M(869M) 40.419ms
[882.192s][info][gc,cpu         ] GC(2661) User=0.08s Sys=0.00s Real=0.04s
[882.258s][info][gc,start       ] GC(2662) Pause Young (Allocation Failure)
[882.305s][info][gc,heap        ] GC(2662) PSYoungGen: 133497K(222720K)->62729K(222720K) Eden: 111616K(111616K)->0K(111616K) From: 21881K(111104K)->62729K(111104K)
[882.305s][info][gc,heap        ] GC(2662) ParOldGen: 499041K(667648K)->499455K(667648K)
[882.305s][info][gc,metaspace   ] GC(2662) Metaspace: 19105K(19264K)->19105K(19264K) NonClass: 17276K(17408K)->17276K(17408K) Class: 1829K(1856K)->1829K(1856K)
[882.305s][info][gc             ] GC(2662) Pause Young (Allocation Failure) 617M->549M(869M) 46.375ms
[882.305s][info][gc,cpu         ] GC(2662) User=0.09s Sys=0.00s Real=0.05s
[882.488s][info][gc,start       ] GC(2663) Pause Young (Allocation Failure)
[882.540s][info][gc,heap        ] GC(2663) PSYoungGen: 174345K(222720K)->11616K(222720K) Eden: 111616K(111616K)->0K(111616K) From: 62729K(111104K)->11616K(111104K)
[882.540s][info][gc,heap        ] GC(2663) ParOldGen: 499455K(667648K)->562896K(667648K)
[882.540s][info][gc,metaspace   ] GC(2663) Metaspace: 19105K(19264K)->19105K(19264K) NonClass: 17276K(17408K)->17276K(17408K) Class: 1829K(1856K)->1829K(1856K)
[882.540s][info][gc             ] GC(2663) Pause Young (Allocation Failure) 658M->561M(869M) 51.858ms
[882.540s][info][gc,cpu         ] GC(2663) User=0.11s Sys=0.00s Real=0.05s
[882.694s][info][gc,start       ] GC(2664) Pause Young (Allocation Failure)
[882.726s][info][gc,heap        ] GC(2664) PSYoungGen: 123232K(222720K)->3008K(222720K) Eden: 111616K(111616K)->0K(111616K) From: 11616K(111104K)->3008K(111104K)
[882.726s][info][gc,heap        ] GC(2664) ParOldGen: 562896K(667648K)->574640K(667648K)
[882.726s][info][gc,metaspace   ] GC(2664) Metaspace: 19105K(19264K)->19105K(19264K) NonClass: 17276K(17408K)->17276K(17408K) Class: 1829K(1856K)->1829K(1856K)
[882.726s][info][gc             ] GC(2664) Pause Young (Allocation Failure) 670M->564M(869M) 31.449ms
[882.726s][info][gc,cpu         ] GC(2664) User=0.06s Sys=0.00s Real=0.03s
[882.860s][info][gc,start       ] GC(2665) Pause Young (Allocation Failure)
[882.909s][info][gc,heap        ] GC(2665) PSYoungGen: 114624K(222720K)->28144K(139776K) Eden: 111616K(111616K)->0K(111616K) From: 3008K(111104K)->28144K(28160K)
[882.909s][info][gc,heap        ] GC(2665) ParOldGen: 574640K(667648K)->577568K(667648K)
[882.909s][info][gc,metaspace   ] GC(2665) Metaspace: 19105K(19264K)->19105K(19264K) NonClass: 17276K(17408K)->17276K(17408K) Class: 1829K(1856K)->1829K(1856K)
[882.909s][info][gc             ] GC(2665) Pause Young (Allocation Failure) 673M->591M(788M) 48.814ms
[882.909s][info][gc,cpu         ] GC(2665) User=0.09s Sys=0.00s Real=0.05s
[882.991s][info][gc,start       ] GC(2666) Pause Young (Allocation Failure)
[883.051s][info][gc,heap        ] GC(2666) PSYoungGen: 139760K(139776K)->33632K(224256K) Eden: 111616K(111616K)->0K(118784K) From: 28144K(28160K)->33632K(105472K)
[883.051s][info][gc,heap        ] GC(2666) ParOldGen: 577568K(667648K)->605875K(667648K)
[883.051s][info][gc,metaspace   ] GC(2666) Metaspace: 19105K(19264K)->19105K(19264K) NonClass: 17276K(17408K)->17276K(17408K) Class: 1829K(1856K)->1829K(1856K)
[883.051s][info][gc             ] GC(2666) Pause Young (Allocation Failure) 700M->624M(871M) 59.722ms
[883.051s][info][gc,cpu         ] GC(2666) User=0.11s Sys=0.00s Real=0.06s
[883.177s][info][gc,start       ] GC(2667) Pause Young (Allocation Failure)
[883.222s][info][gc,heap        ] GC(2667) PSYoungGen: 152416K(224256K)->28800K(218624K) Eden: 118784K(118784K)->0K(118784K) From: 33632K(105472K)->28800K(99840K)
[883.222s][info][gc,heap        ] GC(2667) ParOldGen: 605875K(667648K)->639915K(667648K)
[883.222s][info][gc,metaspace   ] GC(2667) Metaspace: 19105K(19264K)->19105K(19264K) NonClass: 17276K(17408K)->17276K(17408K) Class: 1829K(1856K)->1829K(1856K)
[883.222s][info][gc             ] GC(2667) Pause Young (Allocation Failure) 740M->653M(865M) 45.045ms
[883.222s][info][gc,cpu         ] GC(2667) User=0.09s Sys=0.00s Real=0.05s
[883.344s][info][gc,start       ] GC(2668) Pause Full (Allocation Failure)
[883.344s][info][gc,phases,start] GC(2668) Marking Phase
[883.690s][info][gc,phases      ] GC(2668) Marking Phase 345.862ms
[883.690s][info][gc,phases,start] GC(2668) Summary Phase
[883.690s][info][gc,phases      ] GC(2668) Summary Phase 0.031ms
[883.690s][info][gc,phases,start] GC(2668) Forward
[883.806s][info][gc,phases      ] GC(2668) Forward 115.535ms
[883.806s][info][gc,phases,start] GC(2668) Adjust Pointers
[884.099s][info][gc,phases      ] GC(2668) Adjust Pointers 293.406ms
[884.099s][info][gc,phases,start] GC(2668) Compaction Phase
[884.251s][info][gc,phases      ] GC(2668) Compaction Phase 152.021ms
[884.260s][info][gc,phases,start] GC(2668) Post Compact
[884.263s][info][gc,phases      ] GC(2668) Post Compact 2.360ms
[884.263s][info][gc,heap        ] GC(2668) PSYoungGen: 147584K(218624K)->0K(222208K) Eden: 118784K(118784K)->0K(128512K) From: 28800K(99840K)->0K(93696K)
[884.263s][info][gc,heap        ] GC(2668) ParOldGen: 639915K(667648K)->494904K(667648K)
[884.263s][info][gc,metaspace   ] GC(2668) Metaspace: 19105K(19264K)->19105K(19264K) NonClass: 17276K(17408K)->17276K(17408K) Class: 1829K(1856K)->1829K(1856K)
[884.263s][info][gc             ] GC(2668) Pause Full (Allocation Failure) 769M->483M(869M) 918.484ms
[884.263s][info][gc,cpu         ] GC(2668) User=1.73s Sys=0.01s Real=0.92s
[884.432s][info][gc,start       ] GC(2669) Pause Young (Allocation Failure)
[884.467s][info][gc,heap        ] GC(2669) PSYoungGen: 128512K(222208K)->15552K(222208K) Eden: 128512K(128512K)->0K(128512K) From: 0K(93696K)->15552K(93696K)
[884.467s][info][gc,heap        ] GC(2669) ParOldGen: 494904K(667648K)->494904K(667648K)
[884.467s][info][gc,metaspace   ] GC(2669) Metaspace: 19105K(19264K)->19105K(19264K) NonClass: 17276K(17408K)->17276K(17408K) Class: 1829K(1856K)->1829K(1856K)
[884.467s][info][gc             ] GC(2669) Pause Young (Allocation Failure) 608M->498M(869M) 35.369ms
[884.467s][info][gc,cpu         ] GC(2669) User=0.07s Sys=0.00s Real=0.04s
[884.642s][info][gc,start       ] GC(2670) Pause Young (Allocation Failure)
[884.679s][info][gc,heap        ] GC(2670) PSYoungGen: 144064K(222208K)->19808K(223232K) Eden: 128512K(128512K)->0K(140800K) From: 15552K(93696K)->19808K(82432K)
[884.679s][info][gc,heap        ] GC(2670) ParOldGen: 494904K(667648K)->494904K(667648K)
[884.679s][info][gc,metaspace   ] GC(2670) Metaspace: 19105K(19264K)->19105K(19264K) NonClass: 17276K(17408K)->17276K(17408K) Class: 1829K(1856K)->1829K(1856K)
[884.679s][info][gc             ] GC(2670) Pause Young (Allocation Failure) 623M->502M(870M) 37.693ms
[884.679s][info][gc,cpu         ] GC(2670) User=0.07s Sys=0.00s Real=0.04s
[884.864s][info][gc,start       ] GC(2671) Pause Young (Allocation Failure)
[884.900s][info][gc,heap        ] GC(2671) PSYoungGen: 160608K(223232K)->19808K(227328K) Eden: 140800K(140800K)->0K(140800K) From: 19808K(82432K)->19808K(86528K)
[884.901s][info][gc,heap        ] GC(2671) ParOldGen: 494904K(667648K)->494904K(667648K)
[884.901s][info][gc,metaspace   ] GC(2671) Metaspace: 19105K(19264K)->19105K(19264K) NonClass: 17276K(17408K)->17276K(17408K) Class: 1829K(1856K)->1829K(1856K)
[884.901s][info][gc             ] GC(2671) Pause Young (Allocation Failure) 640M->502M(874M) 36.820ms
[884.901s][info][gc,cpu         ] GC(2671) User=0.07s Sys=0.00s Real=0.03s
[885.107s][info][gc,start       ] GC(2672) Pause Young (Allocation Failure)
[885.147s][info][gc,heap        ] GC(2672) PSYoungGen: 160608K(227328K)->19808K(227840K) Eden: 140800K(140800K)->0K(153600K) From: 19808K(86528K)->19808K(74240K)
[885.147s][info][gc,heap        ] GC(2672) ParOldGen: 494904K(667648K)->494904K(667648K)
[885.147s][info][gc,metaspace   ] GC(2672) Metaspace: 19105K(19264K)->19105K(19264K) NonClass: 17276K(17408K)->17276K(17408K) Class: 1829K(1856K)->1829K(1856K)
[885.147s][info][gc             ] GC(2672) Pause Young (Allocation Failure) 640M->502M(874M) 39.822ms
[885.147s][info][gc,cpu         ] GC(2672) User=0.08s Sys=0.00s Real=0.04s
[885.367s][info][gc,start       ] GC(2673) Pause Young (Allocation Failure)
[885.400s][info][gc,heap        ] GC(2673) PSYoungGen: 173408K(227840K)->19808K(231936K) Eden: 153600K(153600K)->0K(153600K) From: 19808K(74240K)->19808K(78336K)
[885.400s][info][gc,heap        ] GC(2673) ParOldGen: 494904K(667648K)->494904K(667648K)
[885.400s][info][gc,metaspace   ] GC(2673) Metaspace: 19105K(19264K)->19105K(19264K) NonClass: 17276K(17408K)->17276K(17408K) Class: 1829K(1856K)->1829K(1856K)
[885.400s][info][gc             ] GC(2673) Pause Young (Allocation Failure) 652M->502M(878M) 32.882ms
[885.400s][info][gc,cpu         ] GC(2673) User=0.07s Sys=0.00s Real=0.03s
[885.596s][info][gc,start       ] GC(2674) Pause Young (Allocation Failure)
[885.629s][info][gc,heap        ] GC(2674) PSYoungGen: 173408K(231936K)->19808K(233472K) Eden: 153600K(153600K)->0K(166400K) From: 19808K(78336K)->19808K(67072K)
[885.629s][info][gc,heap        ] GC(2674) ParOldGen: 494904K(667648K)->494904K(667648K)
[885.629s][info][gc,metaspace   ] GC(2674) Metaspace: 19105K(19264K)->19105K(19264K) NonClass: 17276K(17408K)->17276K(17408K) Class: 1829K(1856K)->1829K(1856K)
[885.629s][info][gc             ] GC(2674) Pause Young (Allocation Failure) 652M->502M(880M) 33.062ms
[885.629s][info][gc,cpu         ] GC(2674) User=0.06s Sys=0.00s Real=0.03s
[885.841s][info][gc,start       ] GC(2675) Pause Young (Allocation Failure)
[885.873s][info][gc,heap        ] GC(2675) PSYoungGen: 186208K(233472K)->19808K(237568K) Eden: 166400K(166400K)->0K(166400K) From: 19808K(67072K)->19808K(71168K)
[885.874s][info][gc,heap        ] GC(2675) ParOldGen: 494904K(667648K)->494904K(667648K)
[885.874s][info][gc,metaspace   ] GC(2675) Metaspace: 19105K(19264K)->19105K(19264K) NonClass: 17276K(17408K)->17276K(17408K) Class: 1829K(1856K)->1829K(1856K)
[885.874s][info][gc             ] GC(2675) Pause Young (Allocation Failure) 665M->502M(884M) 32.468ms
[885.874s][info][gc,cpu         ] GC(2675) User=0.06s Sys=0.00s Real=0.04s
[886.091s][info][gc,start       ] GC(2676) Pause Young (Allocation Failure)
[886.124s][info][gc,heap        ] GC(2676) PSYoungGen: 186208K(237568K)->19808K(240640K) Eden: 166400K(166400K)->0K(179712K) From: 19808K(71168K)->19808K(60928K)
[886.124s][info][gc,heap        ] GC(2676) ParOldGen: 494904K(667648K)->494904K(667648K)
[886.124s][info][gc,metaspace   ] GC(2676) Metaspace: 19105K(19264K)->19105K(19264K) NonClass: 17276K(17408K)->17276K(17408K) Class: 1829K(1856K)->1829K(1856K)
[886.124s][info][gc             ] GC(2676) Pause Young (Allocation Failure) 665M->502M(887M) 33.123ms
[886.124s][info][gc,cpu         ] GC(2676) User=0.06s Sys=0.00s Real=0.04s
[886.308s][info][gc,start       ] GC(2677) Pause Young (Allocation Failure)
[886.370s][info][gc,heap        ] GC(2677) PSYoungGen: 199520K(240640K)->43040K(244224K) Eden: 179712K(179712K)->0K(179712K) From: 19808K(60928K)->43040K(64512K)
[886.370s][info][gc,heap        ] GC(2677) ParOldGen: 494904K(667648K)->494904K(667648K)
[886.370s][info][gc,metaspace   ] GC(2677) Metaspace: 19105K(19264K)->19105K(19264K) NonClass: 17276K(17408K)->17276K(17408K) Class: 1829K(1856K)->1829K(1856K)
[886.370s][info][gc             ] GC(2677) Pause Young (Allocation Failure) 678M->525M(890M) 62.475ms
[886.370s][info][gc,cpu         ] GC(2677) User=0.12s Sys=0.00s Real=0.06s
[886.637s][info][gc,start       ] GC(2678) Pause Young (Allocation Failure)
[886.717s][info][gc,heap        ] GC(2678) PSYoungGen: 222752K(244224K)->57376K(251904K) Eden: 179712K(179712K)->0K(184320K) From: 43040K(64512K)->57376K(67584K)
[886.717s][info][gc,heap        ] GC(2678) ParOldGen: 494904K(667648K)->494904K(667648K)
[886.717s][info][gc,metaspace   ] GC(2678) Metaspace: 19105K(19264K)->19105K(19264K) NonClass: 17276K(17408K)->17276K(17408K) Class: 1829K(1856K)->1829K(1856K)
[886.717s][info][gc             ] GC(2678) Pause Young (Allocation Failure) 700M->539M(898M) 80.233ms
[886.717s][info][gc,cpu         ] GC(2678) User=0.15s Sys=0.01s Real=0.08s
[886.866s][info][gc,start       ] GC(2679) Pause Young (Allocation Failure)
[886.944s][info][gc,heap        ] GC(2679) PSYoungGen: 241696K(251904K)->58912K(243712K) Eden: 184320K(184320K)->0K(184320K) From: 57376K(67584K)->58912K(59392K)
[886.944s][info][gc,heap        ] GC(2679) ParOldGen: 494904K(667648K)->494904K(667648K)
[886.944s][info][gc,metaspace   ] GC(2679) Metaspace: 19105K(19264K)->19105K(19264K) NonClass: 17276K(17408K)->17276K(17408K) Class: 1829K(1856K)->1829K(1856K)
[886.944s][info][gc             ] GC(2679) Pause Young (Allocation Failure) 719M->540M(890M) 78.259ms
[886.944s][info][gc,cpu         ] GC(2679) User=0.16s Sys=0.00s Real=0.08s
[887.144s][info][gc,start       ] GC(2680) Pause Young (Allocation Failure)
[887.235s][info][gc,heap        ] GC(2680) PSYoungGen: 243232K(243712K)->58080K(243712K) Eden: 184320K(184320K)->0K(162816K) From: 58912K(59392K)->58080K(80896K)
[887.235s][info][gc,heap        ] GC(2680) ParOldGen: 494904K(667648K)->510480K(667648K)
[887.235s][info][gc,metaspace   ] GC(2680) Metaspace: 19105K(19264K)->19105K(19264K) NonClass: 17276K(17408K)->17276K(17408K) Class: 1829K(1856K)->1829K(1856K)
[887.235s][info][gc             ] GC(2680) Pause Young (Allocation Failure) 720M->555M(890M) 91.047ms
[887.235s][info][gc,cpu         ] GC(2680) User=0.18s Sys=0.00s Real=0.09s
[887.349s][info][gc,start       ] GC(2681) Pause Young (Allocation Failure)
[887.426s][info][gc,heap        ] GC(2681) PSYoungGen: 220896K(243712K)->66560K(229376K) Eden: 162816K(162816K)->0K(162816K) From: 58080K(80896K)->66560K(66560K)
[887.426s][info][gc,heap        ] GC(2681) ParOldGen: 510480K(667648K)->514760K(667648K)
[887.426s][info][gc,metaspace   ] GC(2681) Metaspace: 19105K(19264K)->19105K(19264K) NonClass: 17276K(17408K)->17276K(17408K) Class: 1829K(1856K)->1829K(1856K)
[887.426s][info][gc             ] GC(2681) Pause Young (Allocation Failure) 714M->567M(876M) 77.565ms
[887.426s][info][gc,cpu         ] GC(2681) User=0.15s Sys=0.00s Real=0.08s
[887.554s][info][gc,start       ] GC(2682) Pause Young (Allocation Failure)
[887.650s][info][gc,heap        ] GC(2682) PSYoungGen: 229376K(229376K)->89376K(215040K) Eden: 162816K(162816K)->0K(122880K) From: 66560K(66560K)->89376K(92160K)
[887.650s][info][gc,heap        ] GC(2682) ParOldGen: 514760K(667648K)->514760K(667648K)
[887.650s][info][gc,metaspace   ] GC(2682) Metaspace: 19105K(19264K)->19105K(19264K) NonClass: 17276K(17408K)->17276K(17408K) Class: 1829K(1856K)->1829K(1856K)
[887.650s][info][gc             ] GC(2682) Pause Young (Allocation Failure) 726M->589M(862M) 96.635ms
[887.650s][info][gc,cpu         ] GC(2682) User=0.19s Sys=0.01s Real=0.09s
[887.741s][info][gc,start       ] GC(2683) Pause Young (Allocation Failure)
[887.837s][info][gc,heap        ] GC(2683) PSYoungGen: 212256K(215040K)->94336K(217600K) Eden: 122880K(122880K)->0K(122880K) From: 89376K(92160K)->94336K(94720K)
[887.837s][info][gc,heap        ] GC(2683) ParOldGen: 514760K(667648K)->514760K(667648K)
[887.837s][info][gc,metaspace   ] GC(2683) Metaspace: 19105K(19264K)->19105K(19264K) NonClass: 17276K(17408K)->17276K(17408K) Class: 1829K(1856K)->1829K(1856K)
[887.837s][info][gc             ] GC(2683) Pause Young (Allocation Failure) 709M->594M(864M) 96.362ms
[887.837s][info][gc,cpu         ] GC(2683) User=0.19s Sys=0.00s Real=0.10s
[887.925s][info][gc,start       ] GC(2684) Pause Young (Allocation Failure)
[888.035s][info][gc,heap        ] GC(2684) PSYoungGen: 217216K(217600K)->107264K(222720K) Eden: 122880K(122880K)->0K(111616K) From: 94336K(94720K)->107264K(111104K)
[888.035s][info][gc,heap        ] GC(2684) ParOldGen: 514760K(667648K)->514760K(667648K)
[888.035s][info][gc,metaspace   ] GC(2684) Metaspace: 19105K(19264K)->19105K(19264K) NonClass: 17276K(17408K)->17276K(17408K) Class: 1829K(1856K)->1829K(1856K)
[888.035s][info][gc             ] GC(2684) Pause Young (Allocation Failure) 714M->607M(869M) 109.397ms
[888.035s][info][gc,cpu         ] GC(2684) User=0.21s Sys=0.00s Real=0.11s
[888.157s][info][gc,start       ] GC(2685) Pause Young (Allocation Failure)
[888.271s][info][gc,heap        ] GC(2685) PSYoungGen: 218880K(222720K)->73312K(222720K) Eden: 111616K(111616K)->0K(111616K) From: 107264K(111104K)->73312K(111104K)
[888.271s][info][gc,heap        ] GC(2685) ParOldGen: 514760K(667648K)->552456K(667648K)
[888.271s][info][gc,metaspace   ] GC(2685) Metaspace: 19105K(19264K)->19105K(19264K) NonClass: 17276K(17408K)->17276K(17408K) Class: 1829K(1856K)->1829K(1856K)
[888.271s][info][gc             ] GC(2685) Pause Young (Allocation Failure) 716M->611M(869M) 114.088ms
[888.271s][info][gc,cpu         ] GC(2685) User=0.22s Sys=0.00s Real=0.11s
[888.377s][info][gc,start       ] GC(2686) Pause Young (Allocation Failure)
[888.454s][info][gc,heap        ] GC(2686) PSYoungGen: 184928K(222720K)->57184K(222720K) Eden: 111616K(111616K)->0K(111616K) From: 73312K(111104K)->57184K(111104K)
[888.454s][info][gc,heap        ] GC(2686) ParOldGen: 552456K(667648K)->568776K(667648K)
[888.454s][info][gc,metaspace   ] GC(2686) Metaspace: 19105K(19264K)->19105K(19264K) NonClass: 17276K(17408K)->17276K(17408K) Class: 1829K(1856K)->1829K(1856K)
[888.454s][info][gc             ] GC(2686) Pause Young (Allocation Failure) 720M->611M(869M) 77.069ms
[888.454s][info][gc,cpu         ] GC(2686) User=0.15s Sys=0.00s Real=0.08s
[888.671s][info][gc,start       ] GC(2687) Pause Young (Allocation Failure)
[888.751s][info][gc,heap        ] GC(2687) PSYoungGen: 168800K(222720K)->41088K(222720K) Eden: 111616K(111616K)->0K(111616K) From: 57184K(111104K)->41088K(111104K)
[888.751s][info][gc,heap        ] GC(2687) ParOldGen: 568776K(667648K)->604480K(667648K)
[888.751s][info][gc,metaspace   ] GC(2687) Metaspace: 19105K(19264K)->19105K(19264K) NonClass: 17276K(17408K)->17276K(17408K) Class: 1829K(1856K)->1829K(1856K)
[888.751s][info][gc             ] GC(2687) Pause Young (Allocation Failure) 720M->630M(869M) 79.461ms
[888.751s][info][gc,cpu         ] GC(2687) User=0.16s Sys=0.00s Real=0.08s
[888.935s][info][gc,start       ] GC(2688) Pause Young (Allocation Failure)
[888.988s][info][gc,heap        ] GC(2688) PSYoungGen: 152704K(222720K)->28848K(222720K) Eden: 111616K(111616K)->0K(111616K) From: 41088K(111104K)->28848K(111104K)
[888.988s][info][gc,heap        ] GC(2688) ParOldGen: 604480K(667648K)->622432K(667648K)
[888.988s][info][gc,metaspace   ] GC(2688) Metaspace: 19105K(19264K)->19105K(19264K) NonClass: 17276K(17408K)->17276K(17408K) Class: 1829K(1856K)->1829K(1856K)
[888.988s][info][gc             ] GC(2688) Pause Young (Allocation Failure) 739M->636M(869M) 52.492ms
[888.988s][info][gc,cpu         ] GC(2688) User=0.10s Sys=0.00s Real=0.05s
[889.400s][info][gc,start       ] GC(2689) Pause Full (Allocation Failure)
[889.400s][info][gc,phases,start] GC(2689) Marking Phase
[889.889s][info][gc,phases      ] GC(2689) Marking Phase 488.448ms
[889.889s][info][gc,phases,start] GC(2689) Summary Phase
[889.889s][info][gc,phases      ] GC(2689) Summary Phase 0.028ms
[889.889s][info][gc,phases,start] GC(2689) Forward
[889.922s][info][gc,phases      ] GC(2689) Forward 32.851ms
[889.922s][info][gc,phases,start] GC(2689) Adjust Pointers
[890.257s][info][gc,phases      ] GC(2689) Adjust Pointers 335.587ms
[890.257s][info][gc,phases,start] GC(2689) Compaction Phase
[890.414s][info][gc,phases      ] GC(2689) Compaction Phase 156.877ms
[890.414s][info][gc,phases,start] GC(2689) Post Compact
[890.416s][info][gc,phases      ] GC(2689) Post Compact 2.206ms
[890.417s][info][gc,heap        ] GC(2689) PSYoungGen: 140464K(222720K)->0K(222720K) Eden: 111616K(111616K)->0K(111616K) From: 28848K(111104K)->0K(111104K)
[890.417s][info][gc,heap        ] GC(2689) ParOldGen: 622432K(667648K)->650788K(667648K)
[890.417s][info][gc,metaspace   ] GC(2689) Metaspace: 19105K(19264K)->19105K(19264K) NonClass: 17276K(17408K)->17276K(17408K) Class: 1829K(1856K)->1829K(1856K)
[890.417s][info][gc             ] GC(2689) Pause Full (Allocation Failure) 745M->635M(869M) 1016.463ms
[890.417s][info][gc,cpu         ] GC(2689) User=1.99s Sys=0.00s Real=1.02s
[890.719s][info][gc,start       ] GC(2690) Pause Full (Allocation Failure)
[890.719s][info][gc,phases,start] GC(2690) Marking Phase
[891.208s][info][gc,phases      ] GC(2690) Marking Phase 488.425ms
[891.208s][info][gc,phases,start] GC(2690) Summary Phase
[891.208s][info][gc,phases      ] GC(2690) Summary Phase 0.028ms
[891.208s][info][gc,phases,start] GC(2690) Forward
[891.208s][info][gc,phases      ] GC(2690) Forward 0.338ms
[891.208s][info][gc,phases,start] GC(2690) Adjust Pointers
[891.536s][info][gc,phases      ] GC(2690) Adjust Pointers 327.973ms
[891.536s][info][gc,phases,start] GC(2690) Compaction Phase
[891.674s][info][gc,phases      ] GC(2690) Compaction Phase 137.747ms
[891.674s][info][gc,phases,start] GC(2690) Post Compact
[891.676s][info][gc,phases      ] GC(2690) Post Compact 2.246ms
[891.676s][info][gc,heap        ] GC(2690) PSYoungGen: 111616K(222720K)->0K(222720K) Eden: 111616K(111616K)->0K(111616K) From: 0K(111104K)->0K(111104K)
[891.676s][info][gc,heap        ] GC(2690) ParOldGen: 650788K(667648K)->650851K(667648K)
[891.676s][info][gc,metaspace   ] GC(2690) Metaspace: 19105K(19264K)->19105K(19264K) NonClass: 17276K(17408K)->17276K(17408K) Class: 1829K(1856K)->1829K(1856K)
[891.676s][info][gc             ] GC(2690) Pause Full (Allocation Failure) 744M->635M(869M) 957.201ms
[891.676s][info][gc,cpu         ] GC(2690) User=1.87s Sys=0.01s Real=0.96s
[891.962s][info][gc,start       ] GC(2691) Pause Full (Allocation Failure)
[891.962s][info][gc,phases,start] GC(2691) Marking Phase
[892.456s][info][gc,phases      ] GC(2691) Marking Phase 494.196ms
[892.456s][info][gc,phases,start] GC(2691) Summary Phase
[892.456s][info][gc,phases      ] GC(2691) Summary Phase 0.027ms
[892.456s][info][gc,phases,start] GC(2691) Forward
[892.457s][info][gc,phases      ] GC(2691) Forward 0.310ms
[892.457s][info][gc,phases,start] GC(2691) Adjust Pointers
[892.787s][info][gc,phases      ] GC(2691) Adjust Pointers 329.904ms
[892.787s][info][gc,phases,start] GC(2691) Compaction Phase
[892.925s][info][gc,phases      ] GC(2691) Compaction Phase 137.887ms
[892.925s][info][gc,phases,start] GC(2691) Post Compact
[892.927s][info][gc,phases      ] GC(2691) Post Compact 2.240ms
[892.927s][info][gc,heap        ] GC(2691) PSYoungGen: 111616K(222720K)->0K(222720K) Eden: 111616K(111616K)->0K(111616K) From: 0K(111104K)->0K(111104K)
[892.927s][info][gc,heap        ] GC(2691) ParOldGen: 650851K(667648K)->650854K(667648K)
[892.927s][info][gc,metaspace   ] GC(2691) Metaspace: 19105K(19264K)->19105K(19264K) NonClass: 17276K(17408K)->17276K(17408K) Class: 1829K(1856K)->1829K(1856K)
[892.927s][info][gc             ] GC(2691) Pause Full (Allocation Failure) 744M->635M(869M) 965.050ms
[892.927s][info][gc,cpu         ] GC(2691) User=1.88s Sys=0.00s Real=0.97s
[893.204s][info][gc,start       ] GC(2692) Pause Full (Allocation Failure)
[893.204s][info][gc,phases,start] GC(2692) Marking Phase
[893.694s][info][gc,phases      ] GC(2692) Marking Phase 490.647ms
[893.695s][info][gc,phases,start] GC(2692) Summary Phase
[893.695s][info][gc,phases      ] GC(2692) Summary Phase 0.030ms
[893.695s][info][gc,phases,start] GC(2692) Forward
[893.695s][info][gc,phases      ] GC(2692) Forward 0.324ms
[893.695s][info][gc,phases,start] GC(2692) Adjust Pointers
[894.031s][info][gc,phases      ] GC(2692) Adjust Pointers 335.701ms
[894.031s][info][gc,phases,start] GC(2692) Compaction Phase
[894.170s][info][gc,phases      ] GC(2692) Compaction Phase 139.036ms
[894.170s][info][gc,phases,start] GC(2692) Post Compact
[894.172s][info][gc,phases      ] GC(2692) Post Compact 2.221ms
[894.172s][info][gc,heap        ] GC(2692) PSYoungGen: 111616K(222720K)->0K(222720K) Eden: 111616K(111616K)->0K(111616K) From: 0K(111104K)->0K(111104K)
[894.172s][info][gc,heap        ] GC(2692) ParOldGen: 650854K(667648K)->650857K(667648K)
[894.172s][info][gc,metaspace   ] GC(2692) Metaspace: 19105K(19264K)->19105K(19264K) NonClass: 17276K(17408K)->17276K(17408K) Class: 1829K(1856K)->1829K(1856K)
[894.172s][info][gc             ] GC(2692) Pause Full (Allocation Failure) 744M->635M(869M) 968.410ms
[894.172s][info][gc,cpu         ] GC(2692) User=1.90s Sys=0.00s Real=0.97s
[894.453s][info][gc,start       ] GC(2693) Pause Full (Allocation Failure)
[894.453s][info][gc,phases,start] GC(2693) Marking Phase
[894.951s][info][gc,phases      ] GC(2693) Marking Phase 497.551ms
[894.951s][info][gc,phases,start] GC(2693) Summary Phase
[894.951s][info][gc,phases      ] GC(2693) Summary Phase 0.027ms
[894.951s][info][gc,phases,start] GC(2693) Forward
[894.951s][info][gc,phases      ] GC(2693) Forward 0.309ms
[894.951s][info][gc,phases,start] GC(2693) Adjust Pointers
[895.288s][info][gc,phases      ] GC(2693) Adjust Pointers 336.973ms
[895.288s][info][gc,phases,start] GC(2693) Compaction Phase
[895.425s][info][gc,phases      ] GC(2693) Compaction Phase 136.719ms
[895.425s][info][gc,phases,start] GC(2693) Post Compact
[895.427s][info][gc,phases      ] GC(2693) Post Compact 2.218ms
[895.427s][info][gc,heap        ] GC(2693) PSYoungGen: 111616K(222720K)->0K(222720K) Eden: 111616K(111616K)->0K(111616K) From: 0K(111104K)->0K(111104K)
[895.427s][info][gc,heap        ] GC(2693) ParOldGen: 650857K(667648K)->650859K(667648K)
[895.427s][info][gc,metaspace   ] GC(2693) Metaspace: 19105K(19264K)->19105K(19264K) NonClass: 17276K(17408K)->17276K(17408K) Class: 1829K(1856K)->1829K(1856K)
[895.427s][info][gc             ] GC(2693) Pause Full (Allocation Failure) 744M->635M(869M) 974.231ms
[895.427s][info][gc,cpu         ] GC(2693) User=1.91s Sys=0.00s Real=0.97s
[895.700s][info][gc,start       ] GC(2694) Pause Full (Allocation Failure)
[895.701s][info][gc,phases,start] GC(2694) Marking Phase
[896.188s][info][gc,phases      ] GC(2694) Marking Phase 487.820ms
[896.188s][info][gc,phases,start] GC(2694) Summary Phase
[896.188s][info][gc,phases      ] GC(2694) Summary Phase 0.030ms
[896.189s][info][gc,phases,start] GC(2694) Forward
[896.189s][info][gc,phases      ] GC(2694) Forward 0.259ms
[896.189s][info][gc,phases,start] GC(2694) Adjust Pointers
[896.519s][info][gc,phases      ] GC(2694) Adjust Pointers 330.387ms
[896.519s][info][gc,phases,start] GC(2694) Compaction Phase
[896.657s][info][gc,phases      ] GC(2694) Compaction Phase 137.886ms
[896.657s][info][gc,phases,start] GC(2694) Post Compact
[896.659s][info][gc,phases      ] GC(2694) Post Compact 2.212ms
[896.659s][info][gc,heap        ] GC(2694) PSYoungGen: 111616K(222720K)->0K(222720K) Eden: 111616K(111616K)->0K(111616K) From: 0K(111104K)->0K(111104K)
[896.660s][info][gc,heap        ] GC(2694) ParOldGen: 650859K(667648K)->650862K(667648K)
[896.660s][info][gc,metaspace   ] GC(2694) Metaspace: 19105K(19264K)->19105K(19264K) NonClass: 17276K(17408K)->17276K(17408K) Class: 1829K(1856K)->1829K(1856K)
[896.660s][info][gc             ] GC(2694) Pause Full (Allocation Failure) 744M->635M(869M) 959.068ms
[896.660s][info][gc,cpu         ] GC(2694) User=1.88s Sys=0.00s Real=0.96s
[896.926s][info][gc,start       ] GC(2695) Pause Full (Allocation Failure)
[896.926s][info][gc,phases,start] GC(2695) Marking Phase
[897.433s][info][gc,phases      ] GC(2695) Marking Phase 506.211ms
[897.433s][info][gc,phases,start] GC(2695) Summary Phase
[897.433s][info][gc,phases      ] GC(2695) Summary Phase 0.030ms
[897.433s][info][gc,phases,start] GC(2695) Forward
[897.433s][info][gc,phases      ] GC(2695) Forward 0.324ms
[897.433s][info][gc,phases,start] GC(2695) Adjust Pointers
[897.759s][info][gc,phases      ] GC(2695) Adjust Pointers 326.374ms
[897.759s][info][gc,phases,start] GC(2695) Compaction Phase
[897.896s][info][gc,phases      ] GC(2695) Compaction Phase 136.263ms
[897.896s][info][gc,phases,start] GC(2695) Post Compact
[897.898s][info][gc,phases      ] GC(2695) Post Compact 2.247ms
[897.898s][info][gc,heap        ] GC(2695) PSYoungGen: 111616K(222720K)->0K(222720K) Eden: 111616K(111616K)->0K(111616K) From: 0K(111104K)->0K(111104K)
[897.898s][info][gc,heap        ] GC(2695) ParOldGen: 650862K(667648K)->650871K(667648K)
[897.898s][info][gc,metaspace   ] GC(2695) Metaspace: 19105K(19264K)->19105K(19264K) NonClass: 17276K(17408K)->17276K(17408K) Class: 1829K(1856K)->1829K(1856K)
[897.898s][info][gc             ] GC(2695) Pause Full (Allocation Failure) 744M->635M(869M) 971.902ms
[897.898s][info][gc,cpu         ] GC(2695) User=1.90s Sys=0.01s Real=0.97s
[898.172s][info][gc,start       ] GC(2696) Pause Full (Allocation Failure)
[898.173s][info][gc,phases,start] GC(2696) Marking Phase
[898.529s][info][gc,phases      ] GC(2696) Marking Phase 356.769ms
[898.529s][info][gc,phases,start] GC(2696) Summary Phase
[898.529s][info][gc,phases      ] GC(2696) Summary Phase 0.030ms
[898.529s][info][gc,phases,start] GC(2696) Forward
[898.644s][info][gc,phases      ] GC(2696) Forward 114.499ms
[898.644s][info][gc,phases,start] GC(2696) Adjust Pointers
[898.916s][info][gc,phases      ] GC(2696) Adjust Pointers 272.065ms
[898.916s][info][gc,phases,start] GC(2696) Compaction Phase
[899.080s][info][gc,phases      ] GC(2696) Compaction Phase 164.195ms
[899.090s][info][gc,phases,start] GC(2696) Post Compact
[899.092s][info][gc,phases      ] GC(2696) Post Compact 2.333ms
[899.092s][info][gc,heap        ] GC(2696) PSYoungGen: 111616K(222720K)->0K(222720K) Eden: 111616K(111616K)->0K(111616K) From: 0K(111104K)->0K(111104K)
[899.092s][info][gc,heap        ] GC(2696) ParOldGen: 650871K(667648K)->477418K(667648K)
[899.092s][info][gc,metaspace   ] GC(2696) Metaspace: 19105K(19264K)->19105K(19264K) NonClass: 17276K(17408K)->17276K(17408K) Class: 1829K(1856K)->1829K(1856K)
[899.092s][info][gc             ] GC(2696) Pause Full (Allocation Failure) 744M->466M(869M) 919.714ms
[899.092s][info][gc,cpu         ] GC(2696) User=1.73s Sys=0.00s Real=0.92s
[899.279s][info][gc,start       ] GC(2697) Pause Young (Allocation Failure)
[899.293s][info][gc,heap        ] GC(2697) PSYoungGen: 111616K(222720K)->16864K(222720K) Eden: 111616K(111616K)->0K(111616K) From: 0K(111104K)->16864K(111104K)
[899.293s][info][gc,heap        ] GC(2697) ParOldGen: 477418K(667648K)->477418K(667648K)
[899.293s][info][gc,metaspace   ] GC(2697) Metaspace: 19105K(19264K)->19105K(19264K) NonClass: 17276K(17408K)->17276K(17408K) Class: 1829K(1856K)->1829K(1856K)
[899.293s][info][gc             ] GC(2697) Pause Young (Allocation Failure) 575M->482M(869M) 13.857ms
[899.293s][info][gc,cpu         ] GC(2697) User=0.02s Sys=0.00s Real=0.02s
[899.358s][info][gc,start       ] GC(2698) Pause Young (Allocation Failure)
[899.400s][info][gc,heap        ] GC(2698) PSYoungGen: 128480K(222720K)->58832K(222720K) Eden: 111616K(111616K)->0K(111616K) From: 16864K(111104K)->58832K(111104K)
[899.400s][info][gc,heap        ] GC(2698) ParOldGen: 477418K(667648K)->477418K(667648K)
[899.400s][info][gc,metaspace   ] GC(2698) Metaspace: 19105K(19264K)->19105K(19264K) NonClass: 17276K(17408K)->17276K(17408K) Class: 1829K(1856K)->1829K(1856K)
[899.400s][info][gc             ] GC(2698) Pause Young (Allocation Failure) 591M->523M(869M) 41.923ms
[899.400s][info][gc,cpu         ] GC(2698) User=0.08s Sys=0.00s Real=0.04s
[899.569s][info][gc,start       ] GC(2699) Pause Young (Allocation Failure)
[899.623s][info][gc,heap        ] GC(2699) PSYoungGen: 170448K(222720K)->19808K(222720K) Eden: 111616K(111616K)->0K(111616K) From: 58832K(111104K)->19808K(111104K)
[899.623s][info][gc,heap        ] GC(2699) ParOldGen: 477418K(667648K)->536922K(667648K)
[899.623s][info][gc,metaspace   ] GC(2699) Metaspace: 19105K(19264K)->19105K(19264K) NonClass: 17276K(17408K)->17276K(17408K) Class: 1829K(1856K)->1829K(1856K)
[899.623s][info][gc             ] GC(2699) Pause Young (Allocation Failure) 632M->543M(869M) 54.550ms
[899.623s][info][gc,cpu         ] GC(2699) User=0.11s Sys=0.00s Real=0.06s
[899.720s][info][gc,start       ] GC(2700) Pause Young (Allocation Failure)
[899.745s][info][gc,heap        ] GC(2700) PSYoungGen: 131424K(222720K)->2592K(222720K) Eden: 111616K(111616K)->0K(111616K) From: 19808K(111104K)->2592K(111104K)
[899.745s][info][gc,heap        ] GC(2700) ParOldGen: 536922K(667648K)->556913K(667648K)
[899.745s][info][gc,metaspace   ] GC(2700) Metaspace: 19105K(19264K)->19105K(19264K) NonClass: 17276K(17408K)->17276K(17408K) Class: 1829K(1856K)->1829K(1856K)
[899.745s][info][gc             ] GC(2700) Pause Young (Allocation Failure) 652M->546M(869M) 24.573ms
[899.745s][info][gc,cpu         ] GC(2700) User=0.05s Sys=0.00s Real=0.03s
[899.820s][info][gc,start       ] GC(2701) Pause Young (Allocation Failure)
[899.862s][info][gc,heap        ] GC(2701) PSYoungGen: 114208K(222720K)->37968K(150016K) Eden: 111616K(111616K)->0K(111616K) From: 2592K(111104K)->37968K(38400K)
[899.862s][info][gc,heap        ] GC(2701) ParOldGen: 556913K(667648K)->559473K(667648K)
[899.862s][info][gc,metaspace   ] GC(2701) Metaspace: 19105K(19264K)->19105K(19264K) NonClass: 17276K(17408K)->17276K(17408K) Class: 1829K(1856K)->1829K(1856K)
[899.862s][info][gc             ] GC(2701) Pause Young (Allocation Failure) 655M->583M(798M) 42.313ms
[899.862s][info][gc,cpu         ] GC(2701) User=0.08s Sys=0.00s Real=0.05s
[899.926s][info][gc,start       ] GC(2702) Pause Young (Allocation Failure)
[900.003s][info][gc,heap        ] GC(2702) PSYoungGen: 149584K(150016K)->92336K(216576K) Eden: 111616K(111616K)->0K(108544K) From: 37968K(38400K)->92336K(108032K)
[900.003s][info][gc,heap        ] GC(2702) ParOldGen: 559473K(667648K)->559473K(667648K)
[900.003s][info][gc,metaspace   ] GC(2702) Metaspace: 19105K(19264K)->19105K(19264K) NonClass: 17276K(17408K)->17276K(17408K) Class: 1829K(1856K)->1829K(1856K)
[900.003s][info][gc             ] GC(2702) Pause Young (Allocation Failure) 692M->636M(863M) 77.249ms
[900.003s][info][gc,cpu         ] GC(2702) User=0.16s Sys=0.00s Real=0.08s
[900.140s][info][gc,start       ] GC(2703) Pause Young (Allocation Failure)
[900.225s][info][gc,heap        ] GC(2703) PSYoungGen: 200880K(216576K)->8448K(219648K) Eden: 108544K(108544K)->0K(108544K) From: 92336K(108032K)->8448K(111104K)
[900.225s][info][gc,heap        ] GC(2703) ParOldGen: 559473K(667648K)->652945K(667648K)
[900.225s][info][gc,metaspace   ] GC(2703) Metaspace: 19105K(19264K)->19105K(19264K) NonClass: 17276K(17408K)->17276K(17408K) Class: 1829K(1856K)->1829K(1856K)
[900.225s][info][gc             ] GC(2703) Pause Young (Allocation Failure) 742M->645M(866M) 85.094ms
[900.225s][info][gc,cpu         ] GC(2703) User=0.16s Sys=0.00s Real=0.09s
[900.345s][info][gc,start       ] GC(2704) Pause Full (Allocation Failure)
[900.345s][info][gc,phases,start] GC(2704) Marking Phase
[900.607s][info][gc,phases      ] GC(2704) Marking Phase 262.423ms
[900.607s][info][gc,phases,start] GC(2704) Summary Phase
[900.607s][info][gc,phases      ] GC(2704) Summary Phase 0.028ms
[900.607s][info][gc,phases,start] GC(2704) Forward
[900.701s][info][gc,phases      ] GC(2704) Forward 93.631ms
[900.701s][info][gc,phases,start] GC(2704) Adjust Pointers
[900.948s][info][gc,phases      ] GC(2704) Adjust Pointers 246.961ms
[900.948s][info][gc,phases,start] GC(2704) Compaction Phase
[901.079s][info][gc,phases      ] GC(2704) Compaction Phase 130.741ms
[901.084s][info][gc,phases,start] GC(2704) Post Compact
[901.087s][info][gc,phases      ] GC(2704) Post Compact 2.386ms
